Java HotSpot(TM) 64-Bit Server VM (25.101-b13) for linux-amd64 JRE (1.8.0_101-b13), built on Jun 22 2016 02:59:44 by "java_re" with gcc 4.3.0 20080428 (Red Hat 4.3.0-8)
Memory: 4k page, physical 264122320k(254435600k free), swap 268399612k(268399612k free)
CommandLine flags: -XX:GCLogFileSize=1048576 -XX:+HeapDumpOnOutOfMemoryError -XX:HeapDumpPath=artifacts/heapdump -XX:InitialHeapSize=805306368 -XX:MaxHeapSize=805306368 -XX:NumberOfGCLogFiles=10 -XX:+PrintGC -XX:+PrintGCDateStamps -XX:+PrintGCDetails -XX:+PrintGCTimeStamps -XX:+UseCompressedClassPointers -XX:+UseCompressedOops -XX:+UseGCLogFileRotation -XX:+UseParallelGC 
2016-09-24T01:10:44.893-0400: 2.211: [GC (Metadata GC Threshold) [PSYoungGen: 121898K->15638K(229376K)] 121898K->15726K(753664K), 0.0227860 secs] [Times: user=0.12 sys=0.03, real=0.03 secs] 
2016-09-24T01:10:44.916-0400: 2.234: [Full GC (Metadata GC Threshold) [PSYoungGen: 15638K->0K(229376K)] [ParOldGen: 88K->14601K(341504K)] 15726K->14601K(570880K), [Metaspace: 21066K->21066K(1067008K)], 0.0431891 secs] [Times: user=0.32 sys=0.01, real=0.04 secs] 
2016-09-24T01:10:46.764-0400: 4.082: [GC (Metadata GC Threshold) [PSYoungGen: 121717K->14640K(229376K)] 136319K->29377K(570880K), 0.0172482 secs] [Times: user=0.12 sys=0.00, real=0.01 secs] 
2016-09-24T01:10:46.781-0400: 4.099: [Full GC (Metadata GC Threshold) [PSYoungGen: 14640K->0K(229376K)] [ParOldGen: 14737K->20239K(524288K)] 29377K->20239K(753664K), [Metaspace: 35079K->35079K(1079296K)], 0.0744246 secs] [Times: user=0.61 sys=0.02, real=0.08 secs] 
2016-09-24T01:10:48.501-0400: 5.819: [GC (GCLocker Initiated GC) [PSYoungGen: 196608K->30050K(229376K)] 216853K->62453K(753664K), 0.0282633 secs] [Times: user=0.39 sys=0.00, real=0.03 secs] 
2016-09-24T01:10:49.317-0400: 6.635: [GC (Allocation Failure) [PSYoungGen: 226658K->21045K(229376K)] 265458K->59853K(753664K), 0.0163256 secs] [Times: user=0.21 sys=0.01, real=0.01 secs] 
2016-09-24T01:10:50.404-0400: 7.722: [GC (GCLocker Initiated GC) [PSYoungGen: 216652K->21687K(218624K)] 261535K->66578K(742912K), 0.0110891 secs] [Times: user=0.11 sys=0.00, real=0.01 secs] 
2016-09-24T01:10:51.449-0400: 8.767: [GC (Allocation Failure) [PSYoungGen: 218295K->21461K(225280K)] 269454K->72628K(749568K), 0.0067169 secs] [Times: user=0.05 sys=0.01, real=0.01 secs] 
2016-09-24T01:10:52.543-0400: 9.861: [GC (Allocation Failure) [PSYoungGen: 218078K->21397K(224768K)] 269245K->72572K(749056K), 0.0142765 secs] [Times: user=0.13 sys=0.01, real=0.01 secs] 
2016-09-24T01:10:53.550-0400: 10.868: [GC (Allocation Failure) [PSYoungGen: 218517K->27120K(220672K)] 269692K->90746K(744960K), 0.0701147 secs] [Times: user=0.73 sys=0.08, real=0.07 secs] 
2016-09-24T01:10:54.601-0400: 11.919: [GC (Allocation Failure) [PSYoungGen: 215374K->21141K(227840K)] 279000K->84775K(752128K), 0.0214162 secs] [Times: user=0.19 sys=0.02, real=0.03 secs] 
2016-09-24T01:10:55.621-0400: 12.939: [GC (Allocation Failure) [PSYoungGen: 214677K->33579K(223232K)] 278311K->103296K(747520K), 0.0153352 secs] [Times: user=0.17 sys=0.00, real=0.02 secs] 
2016-09-24T01:10:56.639-0400: 13.957: [GC (Allocation Failure) [PSYoungGen: 223019K->33515K(223232K)] 292736K->109315K(747520K), 0.0099428 secs] [Times: user=0.07 sys=0.01, real=0.01 secs] 
2016-09-24T01:10:57.658-0400: 14.976: [GC (Allocation Failure) [PSYoungGen: 221821K->21522K(224256K)] 297621K->97329K(748544K), 0.0149580 secs] [Times: user=0.16 sys=0.00, real=0.01 secs] 
2016-09-24T01:10:58.639-0400: 15.957: [GC (Allocation Failure) [PSYoungGen: 206866K->33515K(219136K)] 282673K->115398K(743424K), 0.0211778 secs] [Times: user=0.22 sys=0.02, real=0.02 secs] 
2016-09-24T01:10:59.626-0400: 16.944: [GC (Allocation Failure) [PSYoungGen: 218859K->39622K(214016K)] 300742K->121505K(738304K), 0.0158961 secs] [Times: user=0.15 sys=0.01, real=0.01 secs] 
2016-09-24T01:11:00.475-0400: 17.793: [GC (Allocation Failure) [PSYoungGen: 211808K->39826K(214016K)] 293690K->121717K(738304K), 0.0567283 secs] [Times: user=0.58 sys=0.07, real=0.05 secs] 
2016-09-24T01:11:01.901-0400: 19.219: [GC (GCLocker Initiated GC) [PSYoungGen: 213904K->46441K(205824K)] 295800K->170871K(730112K), 0.0126953 secs] [Times: user=0.09 sys=0.03, real=0.01 secs] 
2016-09-24T01:11:02.105-0400: 19.423: [GC (GCLocker Initiated GC) [PSYoungGen: 205161K->46437K(205312K)] 335926K->237960K(729600K), 0.0153176 secs] [Times: user=0.12 sys=0.03, real=0.01 secs] 
2016-09-24T01:11:02.336-0400: 19.654: [GC (GCLocker Initiated GC) [PSYoungGen: 205154K->55799K(182784K)] 397037K->262409K(707072K), 0.0297488 secs] [Times: user=0.26 sys=0.01, real=0.03 secs] 
2016-09-24T01:11:02.539-0400: 19.857: [GC (GCLocker Initiated GC) [PSYoungGen: 182775K->61906K(188928K)] 389418K->317566K(713216K), 0.0170743 secs] [Times: user=0.21 sys=0.03, real=0.02 secs] 
2016-09-24T01:11:02.716-0400: 20.034: [GC (GCLocker Initiated GC) [PSYoungGen: 188882K->67985K(171520K)] 450972K->384862K(695808K), 0.0276468 secs] [Times: user=0.36 sys=0.02, real=0.03 secs] 
2016-09-24T01:11:02.894-0400: 20.212: [GC (GCLocker Initiated GC) [PSYoungGen: 166289K->79779K(178176K)] 483275K->421145K(702464K), 0.0160603 secs] [Times: user=0.16 sys=0.01, real=0.02 secs] 
2016-09-24T01:11:03.058-0400: 20.376: [GC (GCLocker Initiated GC) [PSYoungGen: 178083K->80007K(172032K)] 531843K->458155K(696320K), 0.0288183 secs] [Times: user=0.34 sys=0.01, real=0.03 secs] 
2016-09-24T01:11:03.206-0400: 20.524: [GC (GCLocker Initiated GC) [PSYoungGen: 168071K->86146K(175104K)] 546283K->513055K(699392K), 0.0140751 secs] [Times: user=0.19 sys=0.01, real=0.01 secs] 
2016-09-24T01:11:03.356-0400: 20.674: [GC (Allocation Failure) [PSYoungGen: 174210K->86150K(175104K)] 601233K->537717K(699392K), 0.0227755 secs] [Times: user=0.28 sys=0.01, real=0.02 secs] 
2016-09-24T01:11:03.518-0400: 20.836: [GC (GCLocker Initiated GC) [PSYoungGen: 174214K->85922K(175104K)] 625787K->580116K(699392K), 0.0152410 secs] [Times: user=0.13 sys=0.03, real=0.01 secs] 
2016-09-24T01:11:03.534-0400: 20.852: [Full GC (Ergonomics) [PSYoungGen: 85922K->0K(175104K)] [ParOldGen: 494194K->51034K(524288K)] 580116K->51034K(699392K), [Metaspace: 43713K->43713K(1085440K)], 0.2078043 secs] [Times: user=2.45 sys=0.06, real=0.21 secs] 
2016-09-24T01:11:03.892-0400: 21.210: [GC (GCLocker Initiated GC) [PSYoungGen: 88064K->73704K(175104K)] 145528K->131168K(699392K), 0.0078519 secs] [Times: user=0.11 sys=0.00, real=0.01 secs] 
2016-09-24T01:11:04.046-0400: 21.364: [GC (GCLocker Initiated GC) [PSYoungGen: 161768K->85986K(175104K)] 225629K->155922K(699392K), 0.0094430 secs] [Times: user=0.13 sys=0.00, real=0.01 secs] 
2016-09-24T01:11:04.165-0400: 21.483: [GC (Allocation Failure) [PSYoungGen: 174050K->85986K(175104K)] 250377K->162321K(699392K), 0.0125820 secs] [Times: user=0.13 sys=0.00, real=0.01 secs] 
2016-09-24T01:11:04.290-0400: 21.608: [GC (GCLocker Initiated GC) [PSYoungGen: 168344K->61722K(175104K)] 250755K->162632K(699392K), 0.0149355 secs] [Times: user=0.15 sys=0.01, real=0.02 secs] 
2016-09-24T01:11:04.412-0400: 21.730: [GC (GCLocker Initiated GC) [PSYoungGen: 149786K->86282K(175104K)] 256858K->205615K(699392K), 0.0102149 secs] [Times: user=0.10 sys=0.00, real=0.02 secs] 
2016-09-24T01:11:04.520-0400: 21.838: [GC (GCLocker Initiated GC) [PSYoungGen: 174344K->80011K(175104K)] 294039K->248808K(699392K), 0.0149003 secs] [Times: user=0.17 sys=0.00, real=0.02 secs] 
2016-09-24T01:11:04.647-0400: 21.965: [GC (GCLocker Initiated GC) [PSYoungGen: 168075K->85954K(175104K)] 337094K->310300K(699392K), 0.0119698 secs] [Times: user=0.16 sys=0.01, real=0.01 secs] 
2016-09-24T01:11:04.777-0400: 22.095: [GC (GCLocker Initiated GC) [PSYoungGen: 174018K->37030K(175104K)] 404626K->334903K(699392K), 0.0142810 secs] [Times: user=0.13 sys=0.01, real=0.01 secs] 
2016-09-24T01:11:04.883-0400: 22.201: [GC (GCLocker Initiated GC) [PSYoungGen: 125094K->37190K(175104K)] 423014K->420468K(699392K), 0.0193778 secs] [Times: user=0.20 sys=0.02, real=0.01 secs] 
2016-09-24T01:11:05.005-0400: 22.323: [GC (GCLocker Initiated GC) [PSYoungGen: 125254K->67505K(175104K)] 508557K->469129K(699392K), 0.0235086 secs] [Times: user=0.22 sys=0.01, real=0.02 secs] 
2016-09-24T01:11:05.122-0400: 22.440: [GC (GCLocker Initiated GC) [PSYoungGen: 155569K->49244K(175104K)] 557197K->499771K(699392K), 0.0120354 secs] [Times: user=0.11 sys=0.01, real=0.01 secs] 
2016-09-24T01:11:05.134-0400: 22.452: [Full GC (Ergonomics) [PSYoungGen: 49244K->0K(175104K)] [ParOldGen: 450527K->45244K(524288K)] 499771K->45244K(699392K), [Metaspace: 43751K->43751K(1087488K)], 0.0607952 secs] [Times: user=0.41 sys=0.02, real=0.06 secs] 
2016-09-24T01:11:05.294-0400: 22.612: [GC (GCLocker Initiated GC) [PSYoungGen: 88064K->86142K(175104K)] 133423K->174026K(699392K), 0.0151397 secs] [Times: user=0.21 sys=0.00, real=0.02 secs] 
2016-09-24T01:11:05.428-0400: 22.746: [GC (GCLocker Initiated GC) [PSYoungGen: 174206K->67793K(175104K)] 268264K->211046K(699392K), 0.0109059 secs] [Times: user=0.16 sys=0.00, real=0.01 secs] 
2016-09-24T01:11:05.542-0400: 22.860: [GC (GCLocker Initiated GC) [PSYoungGen: 155857K->55547K(175104K)] 299258K->248027K(699392K), 0.0127349 secs] [Times: user=0.15 sys=0.01, real=0.02 secs] 
2016-09-24T01:11:05.666-0400: 22.984: [GC (GCLocker Initiated GC) [PSYoungGen: 143611K->73644K(175104K)] 336222K->284732K(699392K), 0.0104682 secs] [Times: user=0.08 sys=0.00, real=0.01 secs] 
2016-09-24T01:11:05.808-0400: 23.126: [GC (Allocation Failure) [PSYoungGen: 161708K->55219K(175104K)] 385150K->333635K(699392K), 0.0240866 secs] [Times: user=0.31 sys=0.00, real=0.02 secs] 
2016-09-24T01:11:05.938-0400: 23.256: [GC (GCLocker Initiated GC) [PSYoungGen: 143283K->85954K(175104K)] 421701K->370606K(699392K), 0.0085432 secs] [Times: user=0.08 sys=0.00, real=0.01 secs] 
2016-09-24T01:11:06.079-0400: 23.397: [GC (GCLocker Initiated GC) [PSYoungGen: 174018K->73316K(175104K)] 464872K->388729K(699392K), 0.0138842 secs] [Times: user=0.14 sys=0.00, real=0.01 secs] 
2016-09-24T01:11:06.226-0400: 23.544: [GC (GCLocker Initiated GC) [PSYoungGen: 161378K->55615K(175104K)] 489291K->383631K(699392K), 0.0127183 secs] [Times: user=0.10 sys=0.01, real=0.01 secs] 
2016-09-24T01:11:06.337-0400: 23.655: [GC (GCLocker Initiated GC) [PSYoungGen: 143679K->73412K(175104K)] 471860K->402049K(699392K), 0.0105770 secs] [Times: user=0.10 sys=0.00, real=0.01 secs] 
2016-09-24T01:11:06.471-0400: 23.789: [GC (GCLocker Initiated GC) [PSYoungGen: 161476K->79883K(175104K)] 490177K->445161K(699392K), 0.0100505 secs] [Times: user=0.09 sys=0.00, real=0.01 secs] 
2016-09-24T01:11:06.620-0400: 23.938: [GC (GCLocker Initiated GC) [PSYoungGen: 167947K->55515K(175104K)] 545725K->470167K(699392K), 0.0171485 secs] [Times: user=0.13 sys=0.00, real=0.02 secs] 
2016-09-24T01:11:06.784-0400: 24.102: [GC (Allocation Failure) [PSYoungGen: 143579K->36738K(175104K)] 564386K->457796K(699392K), 0.0152663 secs] [Times: user=0.13 sys=0.01, real=0.01 secs] 
2016-09-24T01:11:06.904-0400: 24.222: [GC (GCLocker Initiated GC) [PSYoungGen: 124802K->61494K(175104K)] 545866K->519120K(699392K), 0.0145287 secs] [Times: user=0.11 sys=0.00, real=0.01 secs] 
2016-09-24T01:11:06.918-0400: 24.236: [Full GC (Ergonomics) [PSYoungGen: 61494K->0K(175104K)] [ParOldGen: 457626K->51632K(524288K)] 519120K->51632K(699392K), [Metaspace: 43823K->43823K(1087488K)], 0.0466574 secs] [Times: user=0.34 sys=0.00, real=0.05 secs] 
2016-09-24T01:11:07.066-0400: 24.384: [GC (GCLocker Initiated GC) [PSYoungGen: 88064K->85690K(175104K)] 139743K->155595K(699392K), 0.0105014 secs] [Times: user=0.14 sys=0.00, real=0.01 secs] 
2016-09-24T01:11:07.180-0400: 24.498: [GC (GCLocker Initiated GC) [PSYoungGen: 173754K->67925K(175104K)] 243695K->223100K(699392K), 0.0110941 secs] [Times: user=0.16 sys=0.00, real=0.01 secs] 
2016-09-24T01:11:07.299-0400: 24.617: [GC (GCLocker Initiated GC) [PSYoungGen: 155989K->74295K(175104K)] 317472K->254491K(699392K), 0.0092076 secs] [Times: user=0.12 sys=0.00, real=0.01 secs] 
2016-09-24T01:11:07.453-0400: 24.771: [GC (GCLocker Initiated GC) [PSYoungGen: 162359K->85790K(175104K)] 342614K->290612K(699392K), 0.0213067 secs] [Times: user=0.21 sys=0.01, real=0.03 secs] 
2016-09-24T01:11:07.593-0400: 24.911: [GC (GCLocker Initiated GC) [PSYoungGen: 173854K->79847K(175104K)] 378852K->315487K(699392K), 0.0094363 secs] [Times: user=0.12 sys=0.00, real=0.02 secs] 
2016-09-24T01:11:07.712-0400: 25.030: [GC (Allocation Failure) [PSYoungGen: 167911K->73868K(175104K)] 403907K->377012K(699392K), 0.0113524 secs] [Times: user=0.17 sys=0.01, real=0.02 secs] 
2016-09-24T01:11:15.503-0400: 32.821: [GC (GCLocker Initiated GC) [PSYoungGen: 160333K->55355K(175104K)] 469553K->364646K(699392K), 0.0119420 secs] [Times: user=0.09 sys=0.01, real=0.01 secs] 
2016-09-24T01:11:15.635-0400: 32.953: [GC (GCLocker Initiated GC) [PSYoungGen: 143419K->85790K(175104K)] 452758K->431894K(699392K), 0.0255406 secs] [Times: user=0.30 sys=0.00, real=0.02 secs] 
2016-09-24T01:11:15.794-0400: 33.112: [GC (Allocation Failure) [PSYoungGen: 173854K->55319K(175104K)] 520129K->438155K(699392K), 0.0118064 secs] [Times: user=0.13 sys=0.00, real=0.02 secs] 
2016-09-24T01:11:15.911-0400: 33.229: [GC (GCLocker Initiated GC) [PSYoungGen: 143383K->85662K(175104K)] 526225K->493064K(699392K), 0.0263800 secs] [Times: user=0.26 sys=0.00, real=0.03 secs] 
2016-09-24T01:11:16.063-0400: 33.381: [GC (GCLocker Initiated GC) [PSYoungGen: 173726K->85986K(175104K)] 581444K->518296K(699392K), 0.0225990 secs] [Times: user=0.21 sys=0.00, real=0.02 secs] 
2016-09-24T01:11:16.202-0400: 33.520: [GC (GCLocker Initiated GC) [PSYoungGen: 174050K->49084K(175104K)] 612538K->512108K(699392K), 0.0145574 secs] [Times: user=0.12 sys=0.00, real=0.01 secs] 
2016-09-24T01:11:16.217-0400: 33.535: [Full GC (Ergonomics) [PSYoungGen: 49084K->0K(175104K)] [ParOldGen: 463024K->51809K(524288K)] 512108K->51809K(699392K), [Metaspace: 43844K->43844K(1087488K)], 0.0729561 secs] [Times: user=0.30 sys=0.02, real=0.07 secs] 
2016-09-24T01:11:16.424-0400: 33.742: [GC (Allocation Failure) [PSYoungGen: 88064K->86278K(175104K)] 146281K->156645K(699392K), 0.0189822 secs] [Times: user=0.22 sys=0.01, real=0.02 secs] 
2016-09-24T01:11:16.570-0400: 33.888: [GC (GCLocker Initiated GC) [PSYoungGen: 174342K->55415K(175104K)] 244715K->181214K(699392K), 0.0174567 secs] [Times: user=0.16 sys=0.02, real=0.02 secs] 
2016-09-24T01:11:16.707-0400: 34.025: [GC (GCLocker Initiated GC) [PSYoungGen: 143474K->73544K(175104K)] 269646K->242344K(699392K), 0.0216199 secs] [Times: user=0.23 sys=0.00, real=0.02 secs] 
2016-09-24T01:11:16.849-0400: 34.167: [GC (Allocation Failure) [PSYoungGen: 161608K->55287K(175104K)] 331177K->279642K(699392K), 0.0142664 secs] [Times: user=0.13 sys=0.00, real=0.02 secs] 
2016-09-24T01:11:16.988-0400: 34.306: [GC (GCLocker Initiated GC) [PSYoungGen: 140105K->30823K(175104K)] 370535K->304070K(699392K), 0.0120316 secs] [Times: user=0.14 sys=0.00, real=0.01 secs] 
2016-09-24T01:11:17.123-0400: 34.441: [GC (GCLocker Initiated GC) [PSYoungGen: 118887K->55287K(175104K)] 398341K->334860K(699392K), 0.0148129 secs] [Times: user=0.15 sys=0.00, real=0.01 secs] 
2016-09-24T01:11:17.263-0400: 34.581: [GC (GCLocker Initiated GC) [PSYoungGen: 143351K->85954K(175104K)] 422983K->378043K(699392K), 0.0129385 secs] [Times: user=0.14 sys=0.00, real=0.01 secs] 
2016-09-24T01:11:17.428-0400: 34.746: [GC (GCLocker Initiated GC) [PSYoungGen: 174017K->43173K(175104K)] 478618K->360315K(699392K), 0.0327284 secs] [Times: user=0.36 sys=0.01, real=0.03 secs] 
2016-09-24T01:11:17.607-0400: 34.925: [GC (GCLocker Initiated GC) [PSYoungGen: 131237K->37325K(175104K)] 454461K->360818K(699392K), 0.0062933 secs] [Times: user=0.07 sys=0.01, real=0.00 secs] 
2016-09-24T01:11:17.743-0400: 35.061: [GC (GCLocker Initiated GC) [PSYoungGen: 125389K->79587K(175104K)] 448997K->403297K(699392K), 0.0137281 secs] [Times: user=0.13 sys=0.00, real=0.01 secs] 
2016-09-24T01:11:17.879-0400: 35.197: [GC (GCLocker Initiated GC) [PSYoungGen: 167651K->79587K(175104K)] 497590K->434126K(699392K), 0.0123648 secs] [Times: user=0.14 sys=0.00, real=0.01 secs] 
2016-09-24T01:11:18.017-0400: 35.335: [GC (GCLocker Initiated GC) [PSYoungGen: 167651K->55027K(175104K)] 528488K->458648K(699392K), 0.0151662 secs] [Times: user=0.14 sys=0.00, real=0.01 secs] 
2016-09-24T01:11:18.145-0400: 35.463: [GC (GCLocker Initiated GC) [PSYoungGen: 143091K->85758K(175104K)] 546945K->495823K(699392K), 0.0155045 secs] [Times: user=0.18 sys=0.00, real=0.01 secs] 
2016-09-24T01:11:18.287-0400: 35.605: [GC (GCLocker Initiated GC) [PSYoungGen: 173822K->61554K(175104K)] 590077K->532776K(699392K), 0.0115562 secs] [Times: user=0.15 sys=0.01, real=0.01 secs] 
2016-09-24T01:11:18.299-0400: 35.617: [Full GC (Ergonomics) [PSYoungGen: 61554K->0K(175104K)] [ParOldGen: 471221K->51891K(524288K)] 532776K->51891K(699392K), [Metaspace: 43877K->43877K(1087488K)], 0.0607380 secs] [Times: user=0.43 sys=0.01, real=0.06 secs] 
2016-09-24T01:11:18.469-0400: 35.787: [GC (GCLocker Initiated GC) [PSYoungGen: 88064K->86242K(175104K)] 140204K->144465K(699392K), 0.0108852 secs] [Times: user=0.14 sys=0.00, real=0.01 secs] 
2016-09-24T01:11:18.615-0400: 35.933: [GC (GCLocker Initiated GC) [PSYoungGen: 174306K->55351K(175104K)] 232537K->150923K(699392K), 0.0220886 secs] [Times: user=0.29 sys=0.00, real=0.02 secs] 
2016-09-24T01:11:18.779-0400: 36.097: [GC (GCLocker Initiated GC) [PSYoungGen: 143415K->55223K(175104K)] 238994K->151070K(699392K), 0.0074884 secs] [Times: user=0.05 sys=0.01, real=0.01 secs] 
2016-09-24T01:11:18.912-0400: 36.230: [GC (GCLocker Initiated GC) [PSYoungGen: 143287K->67337K(175104K)] 239724K->170132K(699392K), 0.0137762 secs] [Times: user=0.12 sys=0.00, real=0.02 secs] 
2016-09-24T01:11:19.055-0400: 36.373: [GC (GCLocker Initiated GC) [PSYoungGen: 155401K->73480K(175104K)] 258361K->176559K(699392K), 0.0177561 secs] [Times: user=0.20 sys=0.00, real=0.01 secs] 
2016-09-24T01:11:19.191-0400: 36.509: [GC (Allocation Failure) [PSYoungGen: 161544K->73448K(175104K)] 264793K->195002K(699392K), 0.0205980 secs] [Times: user=0.20 sys=0.01, real=0.02 secs] 
2016-09-24T01:11:19.328-0400: 36.646: [GC (GCLocker Initiated GC) [PSYoungGen: 158660K->55419K(175104K)] 286290K->213526K(699392K), 0.0106838 secs] [Times: user=0.10 sys=0.00, real=0.01 secs] 
2016-09-24T01:11:19.491-0400: 36.809: [GC (GCLocker Initiated GC) [PSYoungGen: 143483K->37322K(175104K)] 313911K->208361K(699392K), 0.0214389 secs] [Times: user=0.23 sys=0.01, real=0.02 secs] 
2016-09-24T01:11:19.668-0400: 36.986: [GC (GCLocker Initiated GC) [PSYoungGen: 125386K->67209K(175104K)] 302536K->244455K(699392K), 0.0135892 secs] [Times: user=0.14 sys=0.00, real=0.01 secs] 
2016-09-24T01:11:19.816-0400: 37.134: [GC (GCLocker Initiated GC) [PSYoungGen: 155272K->55059K(175104K)] 332868K->275275K(699392K), 0.0260606 secs] [Times: user=0.30 sys=0.01, real=0.02 secs] 
2016-09-24T01:11:19.945-0400: 37.263: [GC (GCLocker Initiated GC) [PSYoungGen: 143123K->42877K(175104K)] 369501K->275433K(699392K), 0.0102334 secs] [Times: user=0.06 sys=0.01, real=0.01 secs] 
2016-09-24T01:11:20.050-0400: 37.368: [GC (GCLocker Initiated GC) [PSYoungGen: 130941K->73840K(175104K)] 369609K->330844K(699392K), 0.0240946 secs] [Times: user=0.32 sys=0.00, real=0.02 secs] 
2016-09-24T01:11:20.181-0400: 37.499: [GC (GCLocker Initiated GC) [PSYoungGen: 161904K->85630K(175104K)] 418956K->361502K(699392K), 0.0149708 secs] [Times: user=0.14 sys=0.00, real=0.02 secs] 
2016-09-24T01:11:20.324-0400: 37.642: [GC (Allocation Failure) [PSYoungGen: 173694K->43205K(175104K)] 455683K->361904K(699392K), 0.0134643 secs] [Times: user=0.13 sys=0.00, real=0.01 secs] 
2016-09-24T01:11:20.449-0400: 37.767: [GC (GCLocker Initiated GC) [PSYoungGen: 131269K->85954K(175104K)] 449973K->453558K(699392K), 0.0130591 secs] [Times: user=0.13 sys=0.01, real=0.01 secs] 
2016-09-24T01:11:20.567-0400: 37.885: [GC (GCLocker Initiated GC) [PSYoungGen: 174018K->43173K(175104K)] 553937K->441569K(699392K), 0.0366779 secs] [Times: user=0.39 sys=0.01, real=0.04 secs] 
2016-09-24T01:11:20.696-0400: 38.014: [GC (GCLocker Initiated GC) [PSYoungGen: 131237K->79975K(175104K)] 536063K->521910K(699392K), 0.0104955 secs] [Times: user=0.14 sys=0.00, real=0.01 secs] 
2016-09-24T01:11:20.804-0400: 38.122: [GC (GCLocker Initiated GC) [PSYoungGen: 168039K->79779K(175104K)] 610290K->558944K(699392K), 0.0115316 secs] [Times: user=0.14 sys=0.00, real=0.01 secs] 
2016-09-24T01:11:20.816-0400: 38.134: [Full GC (Ergonomics) [PSYoungGen: 79779K->0K(175104K)] [ParOldGen: 479165K->58603K(524288K)] 558944K->58603K(699392K), [Metaspace: 43918K->43918K(1087488K)], 0.0809168 secs] [Times: user=0.32 sys=0.02, real=0.08 secs] 
2016-09-24T01:11:20.995-0400: 38.313: [GC (GCLocker Initiated GC) [PSYoungGen: 88064K->80007K(175104K)] 158865K->150808K(699392K), 0.0081508 secs] [Times: user=0.07 sys=0.01, real=0.01 secs] 
2016-09-24T01:11:21.107-0400: 38.425: [GC (GCLocker Initiated GC) [PSYoungGen: 168071K->49408K(175104K)] 239139K->175706K(699392K), 0.0287891 secs] [Times: user=0.31 sys=0.00, real=0.03 secs] 
2016-09-24T01:11:21.224-0400: 38.542: [GC (GCLocker Initiated GC) [PSYoungGen: 137472K->73740K(175104K)] 263821K->224852K(699392K), 0.0095027 secs] [Times: user=0.10 sys=0.00, real=0.00 secs] 
2016-09-24T01:11:21.352-0400: 38.670: [GC (GCLocker Initiated GC) [PSYoungGen: 161804K->73512K(175104K)] 319111K->249804K(699392K), 0.0119626 secs] [Times: user=0.13 sys=0.00, real=0.02 secs] 
2016-09-24T01:11:21.468-0400: 38.786: [GC (Allocation Failure) [PSYoungGen: 161576K->30891K(175104K)] 338486K->262555K(699392K), 0.0145579 secs] [Times: user=0.10 sys=0.01, real=0.02 secs] 
2016-09-24T01:11:21.604-0400: 38.922: [GC (GCLocker Initiated GC) [PSYoungGen: 115130K->79523K(175104K)] 352870K->323605K(699392K), 0.0138363 secs] [Times: user=0.12 sys=0.00, real=0.01 secs] 
2016-09-24T01:11:21.761-0400: 39.079: [GC (Allocation Failure) [PSYoungGen: 167587K->675K(175104K)] 418516K->306555K(699392K), 0.0178408 secs] [Times: user=0.22 sys=0.00, real=0.02 secs] 
2016-09-24T01:11:21.865-0400: 39.183: [GC (GCLocker Initiated GC) [PSYoungGen: 88739K->85626K(175104K)] 394625K->397729K(699392K), 0.0132103 secs] [Times: user=0.17 sys=0.00, real=0.01 secs] 
2016-09-24T01:11:22.008-0400: 39.326: [GC (GCLocker Initiated GC) [PSYoungGen: 173690K->61462K(175104K)] 491972K->398064K(699392K), 0.0113211 secs] [Times: user=0.10 sys=0.00, real=0.01 secs] 
2016-09-24T01:11:22.102-0400: 39.420: [GC (GCLocker Initiated GC) [PSYoungGen: 149526K->67761K(175104K)] 492401K->459544K(699392K), 0.0119076 secs] [Times: user=0.10 sys=0.01, real=0.01 secs] 
2016-09-24T01:11:22.229-0400: 39.547: [GC (GCLocker Initiated GC) [PSYoungGen: 155825K->67729K(175104K)] 547879K->496360K(699392K), 0.0111783 secs] [Times: user=0.13 sys=0.00, real=0.01 secs] 
2016-09-24T01:11:22.336-0400: 39.654: [GC (GCLocker Initiated GC) [PSYoungGen: 155793K->85822K(175104K)] 584769K->521172K(699392K), 0.0143517 secs] [Times: user=0.18 sys=0.01, real=0.01 secs] 
2016-09-24T01:11:22.475-0400: 39.793: [GC (GCLocker Initiated GC) [PSYoungGen: 173886K->85890K(175104K)] 609295K->557876K(699392K), 0.0156705 secs] [Times: user=0.21 sys=0.01, real=0.01 secs] 
2016-09-24T01:11:22.490-0400: 39.808: [Full GC (Ergonomics) [PSYoungGen: 85890K->0K(175104K)] [ParOldGen: 471986K->52500K(524288K)] 557876K->52500K(699392K), [Metaspace: 43965K->43965K(1087488K)], 0.0558718 secs] [Times: user=0.38 sys=0.02, real=0.06 secs] 
2016-09-24T01:11:22.669-0400: 39.987: [GC (GCLocker Initiated GC) [PSYoungGen: 88064K->79619K(175104K)] 152925K->144480K(699392K), 0.0098041 secs] [Times: user=0.08 sys=0.00, real=0.01 secs] 
2016-09-24T01:11:22.805-0400: 40.123: [GC (GCLocker Initiated GC) [PSYoungGen: 167683K->31182K(175104K)] 244876K->163318K(699392K), 0.0128003 secs] [Times: user=0.14 sys=0.00, real=0.01 secs] 
2016-09-24T01:11:22.927-0400: 40.245: [GC (GCLocker Initiated GC) [PSYoungGen: 119246K->85726K(175104K)] 251469K->224339K(699392K), 0.0197796 secs] [Times: user=0.24 sys=0.01, real=0.02 secs] 
2016-09-24T01:11:23.080-0400: 40.398: [GC (GCLocker Initiated GC) [PSYoungGen: 173790K->85954K(175104K)] 312647K->249230K(699392K), 0.0154725 secs] [Times: user=0.16 sys=0.00, real=0.02 secs] 
2016-09-24T01:11:23.211-0400: 40.529: [GC (GCLocker Initiated GC) [PSYoungGen: 174018K->37325K(175104K)] 343375K->225339K(699392K), 0.0208324 secs] [Times: user=0.23 sys=0.01, real=0.02 secs] 
2016-09-24T01:11:23.310-0400: 40.628: [GC (GCLocker Initiated GC) [PSYoungGen: 125389K->85594K(175104K)] 313658K->292878K(699392K), 0.0099438 secs] [Times: user=0.10 sys=0.00, real=0.01 secs] 
2016-09-24T01:11:23.432-0400: 40.750: [GC (GCLocker Initiated GC) [PSYoungGen: 173658K->79847K(175104K)] 381191K->378633K(699392K), 0.0150847 secs] [Times: user=0.15 sys=0.01, real=0.02 secs] 
2016-09-24T01:11:23.552-0400: 40.870: [GC (GCLocker Initiated GC) [PSYoungGen: 167911K->49308K(175104K)] 466757K->409368K(699392K), 0.0114421 secs] [Times: user=0.12 sys=0.00, real=0.02 secs] 
2016-09-24T01:11:23.679-0400: 40.997: [GC (GCLocker Initiated GC) [PSYoungGen: 137372K->61334K(175104K)] 497732K->427848K(699392K), 0.0129287 secs] [Times: user=0.12 sys=0.01, real=0.01 secs] 
2016-09-24T01:11:23.811-0400: 41.129: [GC (GCLocker Initiated GC) [PSYoungGen: 149398K->85662K(175104K)] 516099K->483178K(699392K), 0.0216064 secs] [Times: user=0.26 sys=0.00, real=0.02 secs] 
2016-09-24T01:11:23.946-0400: 41.264: [GC (GCLocker Initiated GC) [PSYoungGen: 173726K->73836K(175104K)] 571492K->496045K(699392K), 0.0141078 secs] [Times: user=0.18 sys=0.00, real=0.01 secs] 
2016-09-24T01:11:24.056-0400: 41.374: [GC (GCLocker Initiated GC) [PSYoungGen: 161900K->85822K(175104K)] 590338K->569579K(699392K), 0.0121279 secs] [Times: user=0.17 sys=0.00, real=0.01 secs] 
2016-09-24T01:11:24.068-0400: 41.386: [Full GC (Ergonomics) [PSYoungGen: 85822K->0K(175104K)] [ParOldGen: 483757K->58468K(524288K)] 569579K->58468K(699392K), [Metaspace: 43969K->43969K(1087488K)], 0.0530615 secs] [Times: user=0.37 sys=0.02, real=0.05 secs] 
2016-09-24T01:11:24.217-0400: 41.535: [GC (GCLocker Initiated GC) [PSYoungGen: 88064K->86858K(175104K)] 146719K->163738K(699392K), 0.0120513 secs] [Times: user=0.15 sys=0.00, real=0.01 secs] 
2016-09-24T01:11:24.332-0400: 41.650: [GC (GCLocker Initiated GC) [PSYoungGen: 174922K->49208K(175104K)] 251888K->200190K(699392K), 0.0263738 secs] [Times: user=0.30 sys=0.01, real=0.03 secs] 
2016-09-24T01:11:24.478-0400: 41.796: [GC (GCLocker Initiated GC) [PSYoungGen: 137272K->85986K(175104K)] 294450K->285816K(699392K), 0.0124530 secs] [Times: user=0.15 sys=0.00, real=0.01 secs] 
2016-09-24T01:11:24.620-0400: 41.938: [GC (GCLocker Initiated GC) [PSYoungGen: 174050K->61326K(175104K)] 374101K->322442K(699392K), 0.0122455 secs] [Times: user=0.16 sys=0.00, real=0.01 secs] 
2016-09-24T01:11:24.736-0400: 42.054: [GC (GCLocker Initiated GC) [PSYoungGen: 149386K->80075K(175104K)] 410864K->341680K(699392K), 0.0186658 secs] [Times: user=0.15 sys=0.00, real=0.02 secs] 
2016-09-24T01:11:24.888-0400: 42.206: [GC (Allocation Failure) [PSYoungGen: 168139K->73672K(175104K)] 429897K->378247K(699392K), 0.0123000 secs] [Times: user=0.11 sys=0.00, real=0.01 secs] 
2016-09-24T01:11:25.002-0400: 42.320: [GC (GCLocker Initiated GC) [PSYoungGen: 156209K->55511K(175104K)] 466859K->427071K(699392K), 0.0169146 secs] [Times: user=0.20 sys=0.00, real=0.01 secs] 
2016-09-24T01:11:25.128-0400: 42.446: [GC (GCLocker Initiated GC) [PSYoungGen: 143575K->85986K(175104K)] 515176K->482211K(699392K), 0.0101511 secs] [Times: user=0.12 sys=0.01, real=0.01 secs] 
2016-09-24T01:11:25.262-0400: 42.580: [GC (GCLocker Initiated GC) [PSYoungGen: 174050K->61490K(175104K)] 576705K->531426K(699392K), 0.0125385 secs] [Times: user=0.13 sys=0.01, real=0.01 secs] 
2016-09-24T01:11:25.275-0400: 42.593: [Full GC (Ergonomics) [PSYoungGen: 61490K->0K(175104K)] [ParOldGen: 469936K->52243K(524288K)] 531426K->52243K(699392K), [Metaspace: 43974K->43974K(1087488K)], 0.0578726 secs] [Times: user=0.36 sys=0.01, real=0.05 secs] 
2016-09-24T01:11:25.437-0400: 42.755: [GC (GCLocker Initiated GC) [PSYoungGen: 88064K->86274K(175104K)] 140606K->163117K(699392K), 0.0085555 secs] [Times: user=0.11 sys=0.01, real=0.01 secs] 
2016-09-24T01:11:25.567-0400: 42.885: [GC (GCLocker Initiated GC) [PSYoungGen: 174338K->55123K(175104K)] 251184K->151070K(699392K), 0.0127481 secs] [Times: user=0.17 sys=0.00, real=0.01 secs] 
2016-09-24T01:11:25.678-0400: 42.996: [GC (Allocation Failure) [PSYoungGen: 143187K->85954K(175104K)] 239439K->188384K(699392K), 0.0124708 secs] [Times: user=0.13 sys=0.00, real=0.01 secs] 
2016-09-24T01:11:25.809-0400: 43.127: [GC (GCLocker Initiated GC) [PSYoungGen: 174018K->67305K(175104K)] 276449K->188285K(699392K), 0.0115622 secs] [Times: user=0.15 sys=0.01, real=0.01 secs] 
2016-09-24T01:11:25.921-0400: 43.239: [GC (GCLocker Initiated GC) [PSYoungGen: 155369K->73936K(175104K)] 282600K->201303K(699392K), 0.0076320 secs] [Times: user=0.09 sys=0.00, real=0.01 secs] 
2016-09-24T01:11:26.071-0400: 43.389: [GC (GCLocker Initiated GC) [PSYoungGen: 162000K->85790K(175104K)] 289415K->262120K(699392K), 0.0117540 secs] [Times: user=0.14 sys=0.01, real=0.02 secs] 
2016-09-24T01:11:26.208-0400: 43.526: [GC (GCLocker Initiated GC) [PSYoungGen: 173854K->79551K(175104K)] 350209K->298755K(699392K), 0.0153958 secs] [Times: user=0.18 sys=0.01, real=0.02 secs] 
2016-09-24T01:11:26.302-0400: 43.620: [GC (GCLocker Initiated GC) [PSYoungGen: 167615K->85822K(175104K)] 387091K->341860K(699392K), 0.0133014 secs] [Times: user=0.13 sys=0.00, real=0.02 secs] 
2016-09-24T01:11:26.426-0400: 43.744: [GC (GCLocker Initiated GC) [PSYoungGen: 173886K->85826K(175104K)] 429971K->402953K(699392K), 0.0328447 secs] [Times: user=0.38 sys=0.01, real=0.03 secs] 
2016-09-24T01:11:26.574-0400: 43.892: [GC (GCLocker Initiated GC) [PSYoungGen: 173890K->43201K(175104K)] 491043K->433390K(699392K), 0.0186947 secs] [Times: user=0.22 sys=0.01, real=0.01 secs] 
2016-09-24T01:11:26.710-0400: 44.028: [GC (GCLocker Initiated GC) [PSYoungGen: 131265K->55351K(175104K)] 527598K->488254K(699392K), 0.0105659 secs] [Times: user=0.11 sys=0.01, real=0.01 secs] 
2016-09-24T01:11:26.720-0400: 44.038: [Full GC (Ergonomics) [PSYoungGen: 55351K->0K(175104K)] [ParOldGen: 432903K->57809K(524288K)] 488254K->57809K(699392K), [Metaspace: 43994K->43994K(1087488K)], 0.0531666 secs] [Times: user=0.44 sys=0.00, real=0.05 secs] 
2016-09-24T01:11:26.893-0400: 44.211: [GC (Allocation Failure) [PSYoungGen: 88064K->80427K(175104K)] 146133K->138496K(699392K), 0.0108182 secs] [Times: user=0.11 sys=0.00, real=0.02 secs] 
2016-09-24T01:11:27.032-0400: 44.350: [GC (GCLocker Initiated GC) [PSYoungGen: 168491K->73284K(175104K)] 226566K->150699K(699392K), 0.0200569 secs] [Times: user=0.22 sys=0.00, real=0.02 secs] 
2016-09-24T01:11:27.156-0400: 44.474: [GC (GCLocker Initiated GC) [PSYoungGen: 161348K->67209K(175104K)] 238800K->156906K(699392K), 0.0224647 secs] [Times: user=0.21 sys=0.00, real=0.02 secs] 
2016-09-24T01:11:27.291-0400: 44.609: [GC (GCLocker Initiated GC) [PSYoungGen: 155273K->55419K(175104K)] 251305K->181930K(699392K), 0.0283610 secs] [Times: user=0.28 sys=0.00, real=0.03 secs] 
2016-09-24T01:11:27.450-0400: 44.768: [GC (Allocation Failure) [PSYoungGen: 143483K->55547K(175104K)] 276144K->206708K(699392K), 0.0101924 secs] [Times: user=0.12 sys=0.00, real=0.01 secs] 
2016-09-24T01:11:27.566-0400: 44.884: [GC (GCLocker Initiated GC) [PSYoungGen: 143611K->42977K(175104K)] 294779K->194396K(699392K), 0.0186523 secs] [Times: user=0.13 sys=0.00, real=0.02 secs] 
2016-09-24T01:11:27.688-0400: 45.006: [GC (GCLocker Initiated GC) [PSYoungGen: 131041K->61266K(175104K)] 282732K->231269K(699392K), 0.0286091 secs] [Times: user=0.30 sys=0.00, real=0.03 secs] 
2016-09-24T01:11:27.819-0400: 45.137: [GC (GCLocker Initiated GC) [PSYoungGen: 149330K->49052K(175104K)] 319464K->237647K(699392K), 0.0183125 secs] [Times: user=0.15 sys=0.01, real=0.02 secs] 
2016-09-24T01:11:27.987-0400: 45.305: [GC (GCLocker Initiated GC) [PSYoungGen: 137116K->49212K(175104K)] 338183K->274855K(699392K), 0.0345088 secs] [Times: user=0.31 sys=0.01, real=0.03 secs] 
2016-09-24T01:11:28.177-0400: 45.495: [GC (GCLocker Initiated GC) [PSYoungGen: 137276K->19328K(175104K)] 381304K->281841K(699392K), 0.0350196 secs] [Times: user=0.31 sys=0.01, real=0.03 secs] 
2016-09-24T01:11:28.305-0400: 45.623: [GC (GCLocker Initiated GC) [PSYoungGen: 107392K->55123K(175104K)] 369953K->317795K(699392K), 0.0200253 secs] [Times: user=0.22 sys=0.00, real=0.02 secs] 
2016-09-24T01:11:28.428-0400: 45.746: [GC (GCLocker Initiated GC) [PSYoungGen: 143187K->85922K(175104K)] 405968K->397454K(699392K), 0.0133195 secs] [Times: user=0.15 sys=0.00, real=0.01 secs] 
2016-09-24T01:11:28.588-0400: 45.906: [GC (Allocation Failure) [PSYoungGen: 173986K->73316K(175104K)] 485549K->416037K(699392K), 0.0098426 secs] [Times: user=0.10 sys=0.00, real=0.01 secs] 
2016-09-24T01:11:28.686-0400: 46.004: [GC (GCLocker Initiated GC) [PSYoungGen: 157557K->67305K(175104K)] 506353K->458762K(699392K), 0.0169126 secs] [Times: user=0.16 sys=0.00, real=0.02 secs] 
2016-09-24T01:11:28.828-0400: 46.146: [GC (GCLocker Initiated GC) [PSYoungGen: 155369K->61462K(175104K)] 546968K->471374K(699392K), 0.0090520 secs] [Times: user=0.08 sys=0.00, real=0.01 secs] 
2016-09-24T01:11:28.933-0400: 46.251: [GC (GCLocker Initiated GC) [PSYoungGen: 149526K->79687K(175104K)] 559787K->520623K(699392K), 0.0144041 secs] [Times: user=0.14 sys=0.00, real=0.02 secs] 
2016-09-24T01:11:29.045-0400: 46.363: [GC (GCLocker Initiated GC) [PSYoungGen: 167751K->85822K(175104K)] 608846K->587951K(699392K), 0.0229368 secs] [Times: user=0.25 sys=0.01, real=0.02 secs] 
2016-09-24T01:11:29.068-0400: 46.386: [Full GC (Ergonomics) [PSYoungGen: 85822K->0K(175104K)] [ParOldGen: 502129K->58193K(524288K)] 587951K->58193K(699392K), [Metaspace: 44026K->44026K(1087488K)], 0.0554871 secs] [Times: user=0.39 sys=0.01, real=0.06 secs] 
2016-09-24T01:11:29.223-0400: 46.541: [GC (GCLocker Initiated GC) [PSYoungGen: 88064K->86470K(175104K)] 146456K->163087K(699392K), 0.0108269 secs] [Times: user=0.11 sys=0.00, real=0.00 secs] 
2016-09-24T01:11:29.332-0400: 46.650: [GC (GCLocker Initiated GC) [PSYoungGen: 174534K->61526K(175104K)] 257514K->212291K(699392K), 0.0151205 secs] [Times: user=0.16 sys=0.00, real=0.02 secs] 
2016-09-24T01:11:29.448-0400: 46.766: [GC (GCLocker Initiated GC) [PSYoungGen: 149590K->85726K(175104K)] 300469K->273315K(699392K), 0.0129191 secs] [Times: user=0.11 sys=0.00, real=0.01 secs] 
2016-09-24T01:11:29.559-0400: 46.877: [GC (GCLocker Initiated GC) [PSYoungGen: 173790K->73672K(175104K)] 361740K->298239K(699392K), 0.0095565 secs] [Times: user=0.13 sys=0.00, real=0.01 secs] 
2016-09-24T01:11:29.679-0400: 46.997: [GC (GCLocker Initiated GC) [PSYoungGen: 161736K->55515K(175104K)] 392420K->322925K(699392K), 0.0096475 secs] [Times: user=0.10 sys=0.01, real=0.01 secs] 
2016-09-24T01:11:29.802-0400: 47.120: [GC (GCLocker Initiated GC) [PSYoungGen: 143579K->67309K(175104K)] 411281K->353676K(699392K), 0.0122345 secs] [Times: user=0.11 sys=0.00, real=0.02 secs] 
2016-09-24T01:11:29.926-0400: 47.244: [GC (GCLocker Initiated GC) [PSYoungGen: 155373K->61562K(175104K)] 448159K->409290K(699392K), 0.0252057 secs] [Times: user=0.24 sys=0.00, real=0.02 secs] 
2016-09-24T01:11:30.063-0400: 47.381: [GC (GCLocker Initiated GC) [PSYoungGen: 149626K->67697K(175104K)] 503628K->440363K(699392K), 0.0228775 secs] [Times: user=0.24 sys=0.01, real=0.02 secs] 
2016-09-24T01:11:30.245-0400: 47.563: [GC (GCLocker Initiated GC) [PSYoungGen: 155761K->85658K(175104K)] 534578K->464758K(699392K), 0.0203411 secs] [Times: user=0.20 sys=0.01, real=0.02 secs] 
2016-09-24T01:11:30.401-0400: 47.719: [GC (Allocation Failure) [PSYoungGen: 173722K->55159K(175104K)] 559062K->458812K(699392K), 0.0166382 secs] [Times: user=0.18 sys=0.00, real=0.02 secs] 
2016-09-24T01:11:30.512-0400: 47.830: [GC (GCLocker Initiated GC) [PSYoungGen: 141723K->73644K(175104K)] 551451K->489698K(699392K), 0.0216314 secs] [Times: user=0.21 sys=0.00, real=0.02 secs] 
2016-09-24T01:11:30.644-0400: 47.962: [GC (GCLocker Initiated GC) [PSYoungGen: 161708K->79815K(175104K)] 578091K->514706K(699392K), 0.0231427 secs] [Times: user=0.28 sys=0.00, real=0.02 secs] 
2016-09-24T01:11:30.782-0400: 48.100: [GC (GCLocker Initiated GC) [PSYoungGen: 167879K->37226K(175104K)] 615085K->502753K(699392K), 0.0208933 secs] [Times: user=0.24 sys=0.01, real=0.03 secs] 
2016-09-24T01:11:30.803-0400: 48.121: [Full GC (Ergonomics) [PSYoungGen: 37226K->0K(175104K)] [ParOldGen: 465527K->45949K(524288K)] 502753K->45949K(699392K), [Metaspace: 44087K->44087K(1087488K)], 0.0780688 secs] [Times: user=0.29 sys=0.03, real=0.07 secs] 
2016-09-24T01:11:30.994-0400: 48.312: [GC (Allocation Failure) [PSYoungGen: 88064K->55255K(175104K)] 146389K->113580K(699392K), 0.0143815 secs] [Times: user=0.17 sys=0.00, real=0.01 secs] 
2016-09-24T01:11:31.112-0400: 48.430: [GC (GCLocker Initiated GC) [PSYoungGen: 143319K->42877K(175104K)] 201650K->143985K(699392K), 0.0241700 secs] [Times: user=0.25 sys=0.00, real=0.03 secs] 
2016-09-24T01:11:31.232-0400: 48.550: [GC (GCLocker Initiated GC) [PSYoungGen: 130941K->73876K(175104K)] 232093K->193356K(699392K), 0.0308721 secs] [Times: user=0.35 sys=0.00, real=0.04 secs] 
2016-09-24T01:11:31.367-0400: 48.685: [GC (GCLocker Initiated GC) [PSYoungGen: 161940K->43073K(175104K)] 287564K->224116K(699392K), 0.0162422 secs] [Times: user=0.16 sys=0.01, real=0.02 secs] 
2016-09-24T01:11:31.493-0400: 48.811: [GC (GCLocker Initiated GC) [PSYoungGen: 131137K->73544K(175104K)] 318314K->260856K(699392K), 0.0163216 secs] [Times: user=0.20 sys=0.00, real=0.02 secs] 
2016-09-24T01:11:31.653-0400: 48.971: [GC (GCLocker Initiated GC) [PSYoungGen: 161608K->18872K(175104K)] 361492K->267624K(699392K), 0.0218431 secs] [Times: user=0.20 sys=0.01, real=0.03 secs] 
2016-09-24T01:11:31.827-0400: 49.145: [GC (GCLocker Initiated GC) [PSYoungGen: 106936K->55255K(175104K)] 374152K->322745K(699392K), 0.0292815 secs] [Times: user=0.34 sys=0.00, real=0.03 secs] 
2016-09-24T01:11:31.977-0400: 49.295: [GC (GCLocker Initiated GC) [PSYoungGen: 143319K->79687K(175104K)] 416943K->353586K(699392K), 0.0084995 secs] [Times: user=0.09 sys=0.00, real=0.01 secs] 
2016-09-24T01:11:32.100-0400: 49.418: [GC (GCLocker Initiated GC) [PSYoungGen: 167751K->67501K(175104K)] 447869K->402585K(699392K), 0.0122985 secs] [Times: user=0.10 sys=0.00, real=0.01 secs] 
2016-09-24T01:11:32.223-0400: 49.541: [GC (GCLocker Initiated GC) [PSYoungGen: 155565K->49280K(175104K)] 490657K->415014K(699392K), 0.0111818 secs] [Times: user=0.12 sys=0.00, real=0.01 secs] 
2016-09-24T01:11:32.340-0400: 49.658: [GC (GCLocker Initiated GC) [PSYoungGen: 137344K->67437K(175104K)] 503216K->451989K(699392K), 0.0213680 secs] [Times: user=0.23 sys=0.00, real=0.02 secs] 
2016-09-24T01:11:32.466-0400: 49.784: [GC (GCLocker Initiated GC) [PSYoungGen: 155501K->79651K(175104K)] 540386K->507345K(699392K), 0.0258898 secs] [Times: user=0.30 sys=0.00, real=0.02 secs] 
2016-09-24T01:11:32.615-0400: 49.933: [GC (GCLocker Initiated GC) [PSYoungGen: 167715K->67309K(175104K)] 595428K->513506K(699392K), 0.0257409 secs] [Times: user=0.21 sys=0.00, real=0.02 secs] 
2016-09-24T01:11:32.759-0400: 50.077: [Full GC (Ergonomics) [PSYoungGen: 155373K->0K(175104K)] [ParOldGen: 452551K->58018K(524288K)] 607924K->58018K(699392K), [Metaspace: 44091K->44091K(1087488K)], 0.0583232 secs] [Times: user=0.27 sys=0.01, real=0.06 secs] 
2016-09-24T01:11:32.937-0400: 50.255: [GC (GCLocker Initiated GC) [PSYoungGen: 88064K->74348K(175104K)] 152441K->138725K(699392K), 0.0142681 secs] [Times: user=0.15 sys=0.01, real=0.01 secs] 
2016-09-24T01:11:33.077-0400: 50.395: [GC (GCLocker Initiated GC) [PSYoungGen: 162412K->67433K(175104K)] 226926K->151303K(699392K), 0.0155516 secs] [Times: user=0.17 sys=0.00, real=0.01 secs] 
2016-09-24T01:11:33.213-0400: 50.531: [GC (GCLocker Initiated GC) [PSYoungGen: 155497K->85758K(175104K)] 239734K->176190K(699392K), 0.0099153 secs] [Times: user=0.12 sys=0.00, real=0.02 secs] 
2016-09-24T01:11:33.353-0400: 50.671: [GC (GCLocker Initiated GC) [PSYoungGen: 173822K->55287K(175104K)] 264609K->176740K(699392K), 0.0098945 secs] [Times: user=0.11 sys=0.00, real=0.02 secs] 
2016-09-24T01:11:33.477-0400: 50.795: [GC (GCLocker Initiated GC) [PSYoungGen: 143351K->49244K(175104K)] 264811K->207242K(699392K), 0.0134255 secs] [Times: user=0.11 sys=0.01, real=0.01 secs] 
2016-09-24T01:11:33.609-0400: 50.927: [GC (GCLocker Initiated GC) [PSYoungGen: 137308K->73644K(175104K)] 295466K->238044K(699392K), 0.0097536 secs] [Times: user=0.09 sys=0.00, real=0.01 secs] 
2016-09-24T01:11:33.763-0400: 51.081: [GC (GCLocker Initiated GC) [PSYoungGen: 161708K->85658K(175104K)] 326150K->256655K(699392K), 0.0147741 secs] [Times: user=0.15 sys=0.00, real=0.01 secs] 
2016-09-24T01:11:33.889-0400: 51.207: [GC (GCLocker Initiated GC) [PSYoungGen: 173722K->55155K(175104K)] 350836K->293146K(699392K), 0.0211671 secs] [Times: user=0.25 sys=0.00, real=0.02 secs] 
2016-09-24T01:11:34.018-0400: 51.336: [GC (GCLocker Initiated GC) [PSYoungGen: 143219K->79719K(175104K)] 381387K->336215K(699392K), 0.0171404 secs] [Times: user=0.13 sys=0.01, real=0.02 secs] 
2016-09-24T01:11:34.140-0400: 51.458: [GC (GCLocker Initiated GC) [PSYoungGen: 167783K->61522K(175104K)] 424344K->445973K(699392K), 0.0173181 secs] [Times: user=0.19 sys=0.00, real=0.02 secs] 
2016-09-24T01:11:34.290-0400: 51.608: [GC (Allocation Failure) [PSYoungGen: 149586K->37098K(175104K)] 540196K->452104K(699392K), 0.0295653 secs] [Times: user=0.33 sys=0.01, real=0.03 secs] 
2016-09-24T01:11:34.451-0400: 51.769: [GC (Allocation Failure) [PSYoungGen: 120254K->42877K(175104K)] 535261K->458306K(699392K), 0.0130887 secs] [Times: user=0.15 sys=0.00, real=0.02 secs] 
2016-09-24T01:11:34.574-0400: 51.892: [GC (GCLocker Initiated GC) [PSYoungGen: 130941K->55027K(175104K)] 546371K->488785K(699392K), 0.0101143 secs] [Times: user=0.08 sys=0.00, real=0.02 secs] 
2016-09-24T01:11:34.584-0400: 51.902: [Full GC (Ergonomics) [PSYoungGen: 55027K->0K(175104K)] [ParOldGen: 433758K->46131K(524288K)] 488785K->46131K(699392K), [Metaspace: 44154K->44154K(1087488K)], 0.0523616 secs] [Times: user=0.22 sys=0.02, real=0.05 secs] 
2016-09-24T01:11:34.726-0400: 52.044: [GC (GCLocker Initiated GC) [PSYoungGen: 88064K->86598K(175104K)] 134410K->132944K(699392K), 0.0166080 secs] [Times: user=0.18 sys=0.01, real=0.02 secs] 
2016-09-24T01:11:34.846-0400: 52.164: [GC (GCLocker Initiated GC) [PSYoungGen: 174662K->61458K(175104K)] 227238K->133398K(699392K), 0.0099468 secs] [Times: user=0.10 sys=0.00, real=0.01 secs] 
2016-09-24T01:11:34.996-0400: 52.314: [GC (Allocation Failure) [PSYoungGen: 149522K->73284K(175104K)] 221644K->163883K(699392K), 0.0315203 secs] [Times: user=0.40 sys=0.01, real=0.03 secs] 
2016-09-24T01:11:35.126-0400: 52.444: [GC (GCLocker Initiated GC) [PSYoungGen: 161348K->85954K(175104K)] 251954K->188829K(699392K), 0.0180621 secs] [Times: user=0.17 sys=0.00, real=0.02 secs] 
2016-09-24T01:11:35.267-0400: 52.585: [GC (GCLocker Initiated GC) [PSYoungGen: 174018K->49116K(175104K)] 276896K->170658K(699392K), 0.0163587 secs] [Times: user=0.16 sys=0.00, real=0.02 secs] 
2016-09-24T01:11:35.413-0400: 52.731: [GC (Allocation Failure) [PSYoungGen: 137180K->55515K(175104K)] 265024K->201868K(699392K), 0.0186649 secs] [Times: user=0.24 sys=0.00, real=0.02 secs] 
2016-09-24T01:11:35.542-0400: 52.860: [GC (GCLocker Initiated GC) [PSYoungGen: 143579K->85726K(175104K)] 289937K->232548K(699392K), 0.0141903 secs] [Times: user=0.15 sys=0.00, real=0.01 secs] 
2016-09-24T01:11:35.679-0400: 52.997: [GC (Allocation Failure) [PSYoungGen: 173790K->24848K(175104K)] 320709K->220619K(699392K), 0.0205579 secs] [Times: user=0.18 sys=0.01, real=0.02 secs] 
2016-09-24T01:11:35.815-0400: 53.133: [GC (GCLocker Initiated GC) [PSYoungGen: 112912K->85890K(175104K)] 308688K->306234K(699392K), 0.0333555 secs] [Times: user=0.36 sys=0.00, real=0.03 secs] 
2016-09-24T01:11:36.008-0400: 53.326: [GC (Allocation Failure) [PSYoungGen: 173954K->36770K(175104K)] 400482K->281946K(699392K), 0.0118514 secs] [Times: user=0.11 sys=0.00, real=0.01 secs] 
2016-09-24T01:11:36.190-0400: 53.508: [GC (GCLocker Initiated GC) [PSYoungGen: 121395K->36898K(175104K)] 372647K->312592K(699392K), 0.0253292 secs] [Times: user=0.26 sys=0.00, real=0.03 secs] 
2016-09-24T01:11:36.308-0400: 53.626: [GC (GCLocker Initiated GC) [PSYoungGen: 124962K->85626K(175104K)] 400872K->379912K(699392K), 0.0155047 secs] [Times: user=0.18 sys=0.01, real=0.02 secs] 
2016-09-24T01:11:36.444-0400: 53.762: [GC (GCLocker Initiated GC) [PSYoungGen: 173690K->85922K(175104K)] 468024K->441142K(699392K), 0.0161141 secs] [Times: user=0.20 sys=0.00, real=0.01 secs] 
2016-09-24T01:11:36.571-0400: 53.889: [GC (GCLocker Initiated GC) [PSYoungGen: 173986K->73868K(175104K)] 541554K->502502K(699392K), 0.0128210 secs] [Times: user=0.18 sys=0.00, real=0.02 secs] 
2016-09-24T01:11:36.701-0400: 54.019: [Full GC (Ergonomics) [PSYoungGen: 161932K->0K(175104K)] [ParOldGen: 446956K->52201K(524288K)] 608889K->52201K(699392K), [Metaspace: 44156K->44156K(1087488K)], 0.0514048 secs] [Times: user=0.27 sys=0.02, real=0.05 secs] 
2016-09-24T01:11:36.875-0400: 54.193: [GC (GCLocker Initiated GC) [PSYoungGen: 88064K->74192K(175104K)] 152641K->138769K(699392K), 0.0062663 secs] [Times: user=0.06 sys=0.00, real=0.00 secs] 
2016-09-24T01:11:37.011-0400: 54.329: [GC (GCLocker Initiated GC) [PSYoungGen: 162256K->74000K(175104K)] 233270K->164318K(699392K), 0.0088974 secs] [Times: user=0.12 sys=0.00, real=0.01 secs] 
2016-09-24T01:11:37.129-0400: 54.447: [GC (GCLocker Initiated GC) [PSYoungGen: 162064K->73640K(175104K)] 252681K->182594K(699392K), 0.0167535 secs] [Times: user=0.14 sys=0.01, real=0.02 secs] 
2016-09-24T01:11:37.260-0400: 54.578: [GC (GCLocker Initiated GC) [PSYoungGen: 161704K->85890K(175104K)] 270834K->237681K(699392K), 0.0106405 secs] [Times: user=0.12 sys=0.00, real=0.01 secs] 
2016-09-24T01:11:37.397-0400: 54.715: [GC (GCLocker Initiated GC) [PSYoungGen: 173954K->37158K(175104K)] 332470K->214519K(699392K), 0.0084911 secs] [Times: user=0.11 sys=0.00, real=0.01 secs] 
2016-09-24T01:11:37.514-0400: 54.832: [GC (GCLocker Initiated GC) [PSYoungGen: 125222K->61430K(175104K)] 308689K->245172K(699392K), 0.0141699 secs] [Times: user=0.13 sys=0.00, real=0.01 secs] 
2016-09-24T01:11:37.656-0400: 54.974: [GC (GCLocker Initiated GC) [PSYoungGen: 149494K->24947K(175104K)] 345412K->275785K(699392K), 0.0113195 secs] [Times: user=0.08 sys=0.00, real=0.01 secs] 
2016-09-24T01:11:37.803-0400: 55.121: [GC (GCLocker Initiated GC) [PSYoungGen: 113011K->55223K(175104K)] 369943K->312429K(699392K), 0.0100947 secs] [Times: user=0.10 sys=0.00, real=0.00 secs] 
2016-09-24T01:11:37.928-0400: 55.246: [GC (GCLocker Initiated GC) [PSYoungGen: 143287K->85794K(175104K)] 406734K->349517K(699392K), 0.0273527 secs] [Times: user=0.26 sys=0.00, real=0.03 secs] 
2016-09-24T01:11:38.093-0400: 55.411: [GC (GCLocker Initiated GC) [PSYoungGen: 173858K->30855K(175104K)] 449829K->374098K(699392K), 0.0106737 secs] [Times: user=0.10 sys=0.01, real=0.02 secs] 
2016-09-24T01:11:38.228-0400: 55.546: [GC (GCLocker Initiated GC) [PSYoungGen: 118919K->79587K(175104K)] 462361K->429200K(699392K), 0.0226786 secs] [Times: user=0.22 sys=0.00, real=0.02 secs] 
2016-09-24T01:11:38.390-0400: 55.708: [GC (GCLocker Initiated GC) [PSYoungGen: 167651K->36998K(175104K)] 523521K->441751K(699392K), 0.0145600 secs] [Times: user=0.15 sys=0.00, real=0.02 secs] 
2016-09-24T01:11:38.498-0400: 55.816: [GC (GCLocker Initiated GC) [PSYoungGen: 125062K->79719K(175104K)] 530075K->521457K(699392K), 0.0292657 secs] [Times: user=0.36 sys=0.00, real=0.03 secs] 
2016-09-24T01:11:38.528-0400: 55.846: [Full GC (Ergonomics) [PSYoungGen: 79719K->0K(175104K)] [ParOldGen: 441738K->52305K(524288K)] 521457K->52305K(699392K), [Metaspace: 44156K->44156K(1087488K)], 0.0552054 secs] [Times: user=0.28 sys=0.01, real=0.06 secs] 
2016-09-24T01:11:38.707-0400: 56.025: [GC (GCLocker Initiated GC) [PSYoungGen: 88064K->73676K(175104K)] 140708K->126320K(699392K), 0.0225425 secs] [Times: user=0.24 sys=0.00, real=0.02 secs] 
2016-09-24T01:11:38.848-0400: 56.166: [GC (Allocation Failure) [PSYoungGen: 161740K->43041K(175104K)] 226761K->126538K(699392K), 0.0188526 secs] [Times: user=0.20 sys=0.00, real=0.02 secs] 
2016-09-24T01:11:38.993-0400: 56.311: [GC (Allocation Failure) [PSYoungGen: 131105K->49244K(175104K)] 214602K->163407K(699392K), 0.0097625 secs] [Times: user=0.09 sys=0.00, real=0.02 secs] 
2016-09-24T01:11:39.106-0400: 56.424: [GC (GCLocker Initiated GC) [PSYoungGen: 137308K->55027K(175104K)] 251477K->181582K(699392K), 0.0095421 secs] [Times: user=0.06 sys=0.00, real=0.01 secs] 
2016-09-24T01:11:39.250-0400: 56.568: [GC (GCLocker Initiated GC) [PSYoungGen: 143091K->86150K(175104K)] 275931K->219093K(699392K), 0.0103416 secs] [Times: user=0.09 sys=0.01, real=0.01 secs] 
2016-09-24T01:11:39.409-0400: 56.727: [GC (GCLocker Initiated GC) [PSYoungGen: 174214K->43073K(175104K)] 319618K->231253K(699392K), 0.0300057 secs] [Times: user=0.27 sys=0.01, real=0.03 secs] 
2016-09-24T01:11:39.554-0400: 56.872: [GC (GCLocker Initiated GC) [PSYoungGen: 131137K->86018K(175104K)] 319392K->311031K(699392K), 0.0248531 secs] [Times: user=0.28 sys=0.00, real=0.02 secs] 
2016-09-24T01:11:39.715-0400: 57.033: [GC (GCLocker Initiated GC) [PSYoungGen: 174082K->49180K(175104K)] 405463K->293127K(699392K), 0.0110080 secs] [Times: user=0.09 sys=0.00, real=0.01 secs] 
2016-09-24T01:11:39.851-0400: 57.169: [GC (GCLocker Initiated GC) [PSYoungGen: 137244K->73448K(175104K)] 387275K->323738K(699392K), 0.0138595 secs] [Times: user=0.12 sys=0.00, real=0.02 secs] 
2016-09-24T01:11:40.020-0400: 57.338: [GC (Allocation Failure) [PSYoungGen: 161512K->61102K(175104K)] 411860K->329943K(699392K), 0.0355824 secs] [Times: user=0.38 sys=0.00, real=0.04 secs] 
2016-09-24T01:11:40.177-0400: 57.495: [GC (GCLocker Initiated GC) [PSYoungGen: 149166K->85562K(175104K)] 418013K->384928K(699392K), 0.0145310 secs] [Times: user=0.14 sys=0.00, real=0.01 secs] 
2016-09-24T01:11:40.296-0400: 57.614: [GC (GCLocker Initiated GC) [PSYoungGen: 173626K->85758K(175104K)] 473309K->422019K(699392K), 0.0182276 secs] [Times: user=0.21 sys=0.00, real=0.02 secs] 
2016-09-24T01:11:40.449-0400: 57.767: [GC (Allocation Failure) [PSYoungGen: 173822K->55447K(175104K)] 522369K->422519K(699392K), 0.0093297 secs] [Times: user=0.13 sys=0.00, real=0.01 secs] 
2016-09-24T01:11:40.586-0400: 57.904: [GC (GCLocker Initiated GC) [PSYoungGen: 138562K->36966K(175104K)] 511709K->410420K(699392K), 0.0169358 secs] [Times: user=0.18 sys=0.01, real=0.02 secs] 
2016-09-24T01:11:40.713-0400: 58.031: [GC (GCLocker Initiated GC) [PSYoungGen: 125030K->55287K(175104K)] 504859K->453641K(699392K), 0.0143895 secs] [Times: user=0.18 sys=0.00, real=0.02 secs] 
2016-09-24T01:11:40.871-0400: 58.189: [GC (GCLocker Initiated GC) [PSYoungGen: 143351K->37389K(175104K)] 553969K->448119K(699392K), 0.0089751 secs] [Times: user=0.08 sys=0.00, real=0.01 secs] 
2016-09-24T01:11:41.003-0400: 58.321: [GC (Allocation Failure) [PSYoungGen: 125453K->74000K(175104K)] 542596K->491606K(699392K), 0.0081746 secs] [Times: user=0.10 sys=0.00, real=0.00 secs] 
2016-09-24T01:11:41.140-0400: 58.458: [GC (GCLocker Initiated GC) [PSYoungGen: 162064K->49212K(175104K)] 579676K->503393K(699392K), 0.0151788 secs] [Times: user=0.16 sys=0.00, real=0.02 secs] 
2016-09-24T01:11:41.280-0400: 58.598: [GC (GCLocker Initiated GC) [PSYoungGen: 137276K->73772K(175104K)] 597736K->552577K(699392K), 0.0225407 secs] [Times: user=0.25 sys=0.00, real=0.03 secs] 
2016-09-24T01:11:41.303-0400: 58.621: [Full GC (Ergonomics) [PSYoungGen: 73772K->0K(175104K)] [ParOldGen: 478805K->52449K(524288K)] 552577K->52449K(699392K), [Metaspace: 44159K->44159K(1087488K)], 0.0520411 secs] [Times: user=0.27 sys=0.00, real=0.05 secs] 
2016-09-24T01:11:41.480-0400: 58.798: [GC (GCLocker Initiated GC) [PSYoungGen: 88064K->79487K(175104K)] 147363K->138786K(699392K), 0.0217006 secs] [Times: user=0.23 sys=0.00, real=0.02 secs] 
2016-09-24T01:11:41.638-0400: 58.956: [GC (GCLocker Initiated GC) [PSYoungGen: 167551K->43301K(175104K)] 239316K->151628K(699392K), 0.0096818 secs] [Times: user=0.07 sys=0.01, real=0.01 secs] 
2016-09-24T01:11:41.781-0400: 59.099: [GC (GCLocker Initiated GC) [PSYoungGen: 131365K->18936K(175104K)] 245977K->146106K(699392K), 0.0084946 secs] [Times: user=0.06 sys=0.00, real=0.01 secs] 
2016-09-24T01:11:41.895-0400: 59.213: [GC (GCLocker Initiated GC) [PSYoungGen: 107000K->55059K(175104K)] 240246K->188392K(699392K), 0.0068202 secs] [Times: user=0.04 sys=0.00, real=0.01 secs] 
2016-09-24T01:11:42.041-0400: 59.359: [GC (GCLocker Initiated GC) [PSYoungGen: 143123K->61494K(175104K)] 276492K->213207K(699392K), 0.0172091 secs] [Times: user=0.16 sys=0.01, real=0.02 secs] 
2016-09-24T01:11:42.179-0400: 59.497: [GC (GCLocker Initiated GC) [PSYoungGen: 149558K->37066K(175104K)] 307630K->195717K(699392K), 0.0170229 secs] [Times: user=0.17 sys=0.00, real=0.02 secs] 
2016-09-24T01:11:42.311-0400: 59.629: [GC (GCLocker Initiated GC) [PSYoungGen: 125130K->73512K(175104K)] 290133K->238806K(699392K), 0.0229892 secs] [Times: user=0.22 sys=0.00, real=0.03 secs] 
2016-09-24T01:11:42.460-0400: 59.778: [GC (Allocation Failure) [PSYoungGen: 161576K->37322K(175104K)] 339325K->233439K(699392K), 0.0101700 secs] [Times: user=0.15 sys=0.00, real=0.01 secs] 
2016-09-24T01:11:42.606-0400: 59.924: [GC (GCLocker Initiated GC) [PSYoungGen: 125386K->55187K(175104K)] 327579K->257836K(699392K), 0.0092156 secs] [Times: user=0.08 sys=0.00, real=0.01 secs] 
2016-09-24T01:11:42.721-0400: 60.039: [GC (GCLocker Initiated GC) [PSYoungGen: 143251K->85626K(175104K)] 352050K->300668K(699392K), 0.0106072 secs] [Times: user=0.13 sys=0.00, real=0.01 secs] 
2016-09-24T01:11:42.853-0400: 60.171: [GC (Allocation Failure) [PSYoungGen: 173690K->67733K(175104K)] 394938K->313408K(699392K), 0.0223481 secs] [Times: user=0.21 sys=0.00, real=0.03 secs] 
2016-09-24T01:11:42.876-0400: 60.194: [GC (GCLocker Initiated GC) [PSYoungGen: 67738K->32K(175104K)] 313414K->337703K(699392K), 0.0166599 secs] [Times: user=0.18 sys=0.00, real=0.01 secs] 
2016-09-24T01:11:43.011-0400: 60.329: [GC (GCLocker Initiated GC) [PSYoungGen: 88096K->85982K(175104K)] 425778K->435822K(699392K), 0.0123011 secs] [Times: user=0.10 sys=0.00, real=0.02 secs] 
2016-09-24T01:11:43.136-0400: 60.454: [GC (GCLocker Initiated GC) [PSYoungGen: 174046K->73640K(175104K)] 524063K->460818K(699392K), 0.0100361 secs] [Times: user=0.09 sys=0.00, real=0.01 secs] 
2016-09-24T01:11:43.248-0400: 60.566: [GC (GCLocker Initiated GC) [PSYoungGen: 161704K->79719K(175104K)] 549232K->497742K(699392K), 0.0104603 secs] [Times: user=0.09 sys=0.00, real=0.01 secs] 
2016-09-24T01:11:43.392-0400: 60.710: [GC (GCLocker Initiated GC) [PSYoungGen: 167783K->79587K(175104K)] 585959K->516412K(699392K), 0.0160850 secs] [Times: user=0.16 sys=0.00, real=0.02 secs] 
2016-09-24T01:11:43.519-0400: 60.837: [GC (GCLocker Initiated GC) [PSYoungGen: 167651K->73544K(175104K)] 610839K->553473K(699392K), 0.0175208 secs] [Times: user=0.22 sys=0.00, real=0.02 secs] 
2016-09-24T01:11:43.537-0400: 60.855: [Full GC (Ergonomics) [PSYoungGen: 73544K->0K(175104K)] [ParOldGen: 479929K->52469K(524288K)] 553473K->52469K(699392K), [Metaspace: 44172K->44172K(1087488K)], 0.0499765 secs] [Times: user=0.28 sys=0.01, real=0.05 secs] 
2016-09-24T01:11:43.711-0400: 61.029: [GC (Allocation Failure) [PSYoungGen: 88064K->73644K(175104K)] 140654K->126234K(699392K), 0.0065816 secs] [Times: user=0.07 sys=0.00, real=0.01 secs] 
2016-09-24T01:11:43.718-0400: 61.036: [GC (GCLocker Initiated GC) [PSYoungGen: 73963K->160K(175104K)] 126553K->126165K(699392K), 0.0066266 secs] [Times: user=0.08 sys=0.00, real=0.01 secs] 
2016-09-24T01:11:43.845-0400: 61.163: [GC (GCLocker Initiated GC) [PSYoungGen: 88224K->86110K(175104K)] 214235K->218212K(699392K), 0.0162775 secs] [Times: user=0.19 sys=0.00, real=0.01 secs] 
2016-09-24T01:11:43.970-0400: 61.288: [GC (GCLocker Initiated GC) [PSYoungGen: 174174K->55906K(175104K)] 306496K->231342K(699392K), 0.0094732 secs] [Times: user=0.12 sys=0.01, real=0.01 secs] 
2016-09-24T01:11:44.085-0400: 61.403: [GC (GCLocker Initiated GC) [PSYoungGen: 143970K->55355K(175104K)] 325795K->237439K(699392K), 0.0071254 secs] [Times: user=0.05 sys=0.00, real=0.00 secs] 
2016-09-24T01:11:44.231-0400: 61.549: [GC (GCLocker Initiated GC) [PSYoungGen: 143419K->67533K(175104K)] 331894K->256455K(699392K), 0.0192642 secs] [Times: user=0.21 sys=0.00, real=0.02 secs] 
2016-09-24T01:11:44.358-0400: 61.676: [GC (GCLocker Initiated GC) [PSYoungGen: 155597K->49344K(175104K)] 344803K->257034K(699392K), 0.0074485 secs] [Times: user=0.06 sys=0.00, real=0.01 secs] 
2016-09-24T01:11:44.488-0400: 61.806: [GC (GCLocker Initiated GC) [PSYoungGen: 137408K->79747K(175104K)] 345157K->306020K(699392K), 0.0200599 secs] [Times: user=0.20 sys=0.00, real=0.02 secs] 
2016-09-24T01:11:44.635-0400: 61.953: [GC (GCLocker Initiated GC) [PSYoungGen: 167811K->49116K(175104K)] 406573K->306347K(699392K), 0.0208328 secs] [Times: user=0.17 sys=0.00, real=0.02 secs] 
2016-09-24T01:11:44.784-0400: 62.102: [GC (Allocation Failure) [PSYoungGen: 137180K->61298K(175104K)] 400555K->324949K(699392K), 0.0136774 secs] [Times: user=0.14 sys=0.00, real=0.01 secs] 
2016-09-24T01:11:44.909-0400: 62.227: [GC (GCLocker Initiated GC) [PSYoungGen: 144990K->55547K(175104K)] 414716K->355947K(699392K), 0.0119741 secs] [Times: user=0.12 sys=0.00, real=0.01 secs] 
2016-09-24T01:11:45.045-0400: 62.363: [GC (Allocation Failure) [PSYoungGen: 143611K->61266K(175104K)] 444181K->380477K(699392K), 0.0153382 secs] [Times: user=0.15 sys=0.01, real=0.01 secs] 
2016-09-24T01:11:45.179-0400: 62.497: [GC (GCLocker Initiated GC) [PSYoungGen: 149330K->25043K(175104K)] 474616K->368626K(699392K), 0.0058760 secs] [Times: user=0.04 sys=0.00, real=0.01 secs] 
2016-09-24T01:11:45.296-0400: 62.614: [GC (Allocation Failure) [PSYoungGen: 113107K->36998K(175104K)] 469067K->393208K(699392K), 0.0233122 secs] [Times: user=0.25 sys=0.00, real=0.02 secs] 
2016-09-24T01:11:45.441-0400: 62.759: [GC (GCLocker Initiated GC) [PSYoungGen: 123918K->61526K(175104K)] 486203K->442147K(699392K), 0.0180541 secs] [Times: user=0.18 sys=0.00, real=0.02 secs] 
2016-09-24T01:11:45.580-0400: 62.898: [GC (GCLocker Initiated GC) [PSYoungGen: 149590K->18872K(175104K)] 536859K->406385K(699392K), 0.0247431 secs] [Times: user=0.29 sys=0.00, real=0.03 secs] 
2016-09-24T01:11:45.685-0400: 63.003: [GC (GCLocker Initiated GC) [PSYoungGen: 106936K->73380K(175104K)] 494497K->479285K(699392K), 0.0123934 secs] [Times: user=0.14 sys=0.00, real=0.01 secs] 
2016-09-24T01:11:45.810-0400: 63.128: [GC (GCLocker Initiated GC) [PSYoungGen: 161444K->67701K(175104K)] 573779K->498356K(699392K), 0.0095766 secs] [Times: user=0.08 sys=0.00, real=0.01 secs] 
2016-09-24T01:11:45.934-0400: 63.252: [GC (GCLocker Initiated GC) [PSYoungGen: 155765K->61362K(175104K)] 592795K->535609K(699392K), 0.0334966 secs] [Times: user=0.36 sys=0.01, real=0.04 secs] 
2016-09-24T01:11:45.967-0400: 63.285: [Full GC (Ergonomics) [PSYoungGen: 61362K->0K(175104K)] [ParOldGen: 474247K->52846K(524288K)] 535609K->52846K(699392K), [Metaspace: 44212K->44212K(1087488K)], 0.0498995 secs] [Times: user=0.28 sys=0.01, real=0.05 secs] 
2016-09-24T01:11:46.123-0400: 63.441: [GC (GCLocker Initiated GC) [PSYoungGen: 88064K->74327K(175104K)] 147195K->133459K(699392K), 0.0075730 secs] [Times: user=0.07 sys=0.01, real=0.00 secs] 
2016-09-24T01:11:46.246-0400: 63.564: [GC (GCLocker Initiated GC) [PSYoungGen: 162391K->55743K(175104K)] 227953K->140345K(699392K), 0.0149221 secs] [Times: user=0.19 sys=0.00, real=0.01 secs] 
2016-09-24T01:11:46.392-0400: 63.710: [GC (GCLocker Initiated GC) [PSYoungGen: 143807K->55387K(175104K)] 234783K->146638K(699392K), 0.0250823 secs] [Times: user=0.29 sys=0.00, real=0.03 secs] 
2016-09-24T01:11:46.544-0400: 63.862: [GC (GCLocker Initiated GC) [PSYoungGen: 143451K->73448K(175104K)] 234985K->171488K(699392K), 0.0126398 secs] [Times: user=0.11 sys=0.00, real=0.01 secs] 
2016-09-24T01:11:46.691-0400: 64.009: [GC (GCLocker Initiated GC) [PSYoungGen: 161512K->37453K(175104K)] 278015K->172277K(699392K), 0.0074819 secs] [Times: user=0.06 sys=0.00, real=0.01 secs] 
2016-09-24T01:11:46.846-0400: 64.164: [GC (GCLocker Initiated GC) [PSYoungGen: 125517K->67793K(175104K)] 260546K->203096K(699392K), 0.0113530 secs] [Times: user=0.11 sys=0.00, real=0.01 secs] 
2016-09-24T01:11:46.952-0400: 64.270: [GC (GCLocker Initiated GC) [PSYoungGen: 155857K->61394K(175104K)] 291263K->221212K(699392K), 0.0100538 secs] [Times: user=0.10 sys=0.00, real=0.01 secs] 
2016-09-24T01:11:47.072-0400: 64.390: [GC (GCLocker Initiated GC) [PSYoungGen: 149458K->67633K(175104K)] 309502K->258343K(699392K), 0.0335872 secs] [Times: user=0.38 sys=0.00, real=0.04 secs] 
2016-09-24T01:11:47.256-0400: 64.574: [GC (GCLocker Initiated GC) [PSYoungGen: 155697K->37094K(175104K)] 353128K->234981K(699392K), 0.0050774 secs] [Times: user=0.06 sys=0.00, real=0.00 secs] 
2016-09-24T01:11:47.378-0400: 64.696: [GC (GCLocker Initiated GC) [PSYoungGen: 125158K->73836K(175104K)] 329127K->290230K(699392K), 0.0222594 secs] [Times: user=0.23 sys=0.00, real=0.02 secs] 
2016-09-24T01:11:47.515-0400: 64.833: [GC (GCLocker Initiated GC) [PSYoungGen: 161900K->73448K(175104K)] 385037K->302928K(699392K), 0.0169310 secs] [Times: user=0.16 sys=0.00, real=0.01 secs] 
2016-09-24T01:11:47.666-0400: 64.984: [GC (GCLocker Initiated GC) [PSYoungGen: 161512K->85790K(175104K)] 391100K->346029K(699392K), 0.0243044 secs] [Times: user=0.26 sys=0.00, real=0.02 secs] 
2016-09-24T01:11:47.817-0400: 65.135: [GC (GCLocker Initiated GC) [PSYoungGen: 173854K->79523K(175104K)] 440215K->364369K(699392K), 0.0209206 secs] [Times: user=0.19 sys=0.00, real=0.02 secs] 
2016-09-24T01:11:47.944-0400: 65.262: [GC (Allocation Failure) [PSYoungGen: 167587K->67373K(175104K)] 452636K->389156K(699392K), 0.0195395 secs] [Times: user=0.17 sys=0.00, real=0.02 secs] 
2016-09-24T01:11:48.084-0400: 65.402: [GC (GCLocker Initiated GC) [PSYoungGen: 155437K->61134K(175104K)] 477226K->413566K(699392K), 0.0236081 secs] [Times: user=0.26 sys=0.00, real=0.02 secs] 
2016-09-24T01:11:48.224-0400: 65.542: [GC (GCLocker Initiated GC) [PSYoungGen: 149198K->86118K(175104K)] 501991K->445130K(699392K), 0.0099733 secs] [Times: user=0.11 sys=0.00, real=0.00 secs] 
2016-09-24T01:11:48.345-0400: 65.663: [GC (GCLocker Initiated GC) [PSYoungGen: 174182K->85822K(175104K)] 533364K->481933K(699392K), 0.0131039 secs] [Times: user=0.17 sys=0.00, real=0.01 secs] 
2016-09-24T01:11:48.473-0400: 65.791: [GC (GCLocker Initiated GC) [PSYoungGen: 173886K->61786K(175104K)] 576327K->512947K(699392K), 0.0151354 secs] [Times: user=0.15 sys=0.01, real=0.02 secs] 
2016-09-24T01:11:48.612-0400: 65.930: [GC (GCLocker Initiated GC) [PSYoungGen: 149850K->67337K(175104K)] 601012K->567415K(699392K), 0.0108088 secs] [Times: user=0.12 sys=0.00, real=0.02 secs] 
2016-09-24T01:11:48.623-0400: 65.941: [Full GC (Ergonomics) [PSYoungGen: 67337K->0K(175104K)] [ParOldGen: 500078K->46694K(524288K)] 567415K->46694K(699392K), [Metaspace: 44259K->44259K(1087488K)], 0.0536264 secs] [Times: user=0.34 sys=0.01, real=0.05 secs] 
2016-09-24T01:11:48.796-0400: 66.114: [GC (GCLocker Initiated GC) [PSYoungGen: 88061K->86306K(175104K)] 141192K->163736K(699392K), 0.0086167 secs] [Times: user=0.11 sys=0.00, real=0.01 secs] 
2016-09-24T01:11:48.939-0400: 66.257: [GC (GCLocker Initiated GC) [PSYoungGen: 174370K->61394K(175104K)] 264099K->194343K(699392K), 0.0102293 secs] [Times: user=0.09 sys=0.01, real=0.01 secs] 
2016-09-24T01:11:49.059-0400: 66.377: [GC (GCLocker Initiated GC) [PSYoungGen: 149458K->85986K(175104K)] 282740K->262093K(699392K), 0.0115072 secs] [Times: user=0.16 sys=0.00, real=0.01 secs] 
2016-09-24T01:11:49.213-0400: 66.531: [GC (GCLocker Initiated GC) [PSYoungGen: 174050K->73448K(175104K)] 350215K->280264K(699392K), 0.0218257 secs] [Times: user=0.24 sys=0.00, real=0.03 secs] 
2016-09-24T01:11:49.365-0400: 66.683: [GC (GCLocker Initiated GC) [PSYoungGen: 161512K->73416K(175104K)] 368347K->298580K(699392K), 0.0092395 secs] [Times: user=0.09 sys=0.00, real=0.01 secs] 
2016-09-24T01:11:49.491-0400: 66.809: [GC (GCLocker Initiated GC) [PSYoungGen: 161480K->61166K(175104K)] 386685K->359547K(699392K), 0.0150844 secs] [Times: user=0.14 sys=0.00, real=0.02 secs] 
2016-09-24T01:11:49.600-0400: 66.918: [GC (GCLocker Initiated GC) [PSYoungGen: 149230K->79847K(175104K)] 447911K->390781K(699392K), 0.0255120 secs] [Times: user=0.23 sys=0.00, real=0.03 secs] 
2016-09-24T01:11:49.738-0400: 67.056: [GC (GCLocker Initiated GC) [PSYoungGen: 167911K->55255K(175104K)] 485141K->409210K(699392K), 0.0127267 secs] [Times: user=0.11 sys=0.00, real=0.01 secs] 
2016-09-24T01:11:49.884-0400: 67.202: [GC (GCLocker Initiated GC) [PSYoungGen: 143319K->54963K(175104K)] 497310K->427423K(699392K), 0.0208755 secs] [Times: user=0.17 sys=0.00, real=0.02 secs] 
2016-09-24T01:11:50.017-0400: 67.335: [GC (GCLocker Initiated GC) [PSYoungGen: 143027K->67405K(175104K)] 515820K->464594K(699392K), 0.0373494 secs] [Times: user=0.32 sys=0.00, real=0.03 secs] 
2016-09-24T01:11:50.176-0400: 67.494: [GC (Allocation Failure) [PSYoungGen: 155469K->55255K(175104K)] 553013K->489540K(699392K), 0.0265600 secs] [Times: user=0.30 sys=0.00, real=0.03 secs] 
2016-09-24T01:11:50.325-0400: 67.643: [GC (GCLocker Initiated GC) [PSYoungGen: 138406K->55387K(175104K)] 578767K->514084K(699392K), 0.0235237 secs] [Times: user=0.22 sys=0.00, real=0.02 secs] 
2016-09-24T01:11:50.477-0400: 67.795: [Full GC (Ergonomics) [PSYoungGen: 143451K->0K(175104K)] [ParOldGen: 464920K->53326K(524288K)] 608371K->53326K(699392K), [Metaspace: 44278K->44278K(1087488K)], 0.0780817 secs] [Times: user=0.54 sys=0.01, real=0.08 secs] 
2016-09-24T01:11:50.679-0400: 67.997: [GC (GCLocker Initiated GC) [PSYoungGen: 88064K->79843K(175104K)] 141391K->133170K(699392K), 0.0202836 secs] [Times: user=0.18 sys=0.00, real=0.02 secs] 
2016-09-24T01:11:50.814-0400: 68.132: [GC (Allocation Failure) [PSYoungGen: 167907K->67569K(175104K)] 221589K->146083K(699392K), 0.0170901 secs] [Times: user=0.16 sys=0.00, real=0.01 secs] 
2016-09-24T01:11:50.944-0400: 68.262: [GC (GCLocker Initiated GC) [PSYoungGen: 150628K->31019K(175104K)] 235218K->170746K(699392K), 0.0194102 secs] [Times: user=0.21 sys=0.00, real=0.02 secs] 
2016-09-24T01:11:51.100-0400: 68.418: [GC (GCLocker Initiated GC) [PSYoungGen: 119083K->18904K(175104K)] 283416K->219776K(699392K), 0.0108502 secs] [Times: user=0.09 sys=0.00, real=0.01 secs] 
2016-09-24T01:11:51.250-0400: 68.568: [GC (GCLocker Initiated GC) [PSYoungGen: 106968K->49244K(175104K)] 314075K->256609K(699392K), 0.0187208 secs] [Times: user=0.19 sys=0.00, real=0.02 secs] 
2016-09-24T01:11:51.392-0400: 68.710: [GC (Allocation Failure) [PSYoungGen: 137308K->73936K(175104K)] 344838K->281569K(699392K), 0.0170036 secs] [Times: user=0.20 sys=0.00, real=0.02 secs] 
2016-09-24T01:11:51.526-0400: 68.844: [GC (GCLocker Initiated GC) [PSYoungGen: 162000K->36998K(175104K)] 369640K->269189K(699392K), 0.0170545 secs] [Times: user=0.19 sys=0.00, real=0.02 secs] 
2016-09-24T01:11:51.665-0400: 68.983: [GC (GCLocker Initiated GC) [PSYoungGen: 125062K->85790K(175104K)] 357491K->342631K(699392K), 0.0129823 secs] [Times: user=0.14 sys=0.00, real=0.01 secs] 
2016-09-24T01:11:51.821-0400: 69.139: [GC (GCLocker Initiated GC) [PSYoungGen: 173854K->31054K(175104K)] 436879K->342955K(699392K), 0.0213907 secs] [Times: user=0.22 sys=0.01, real=0.02 secs] 
2016-09-24T01:11:51.959-0400: 69.277: [GC (GCLocker Initiated GC) [PSYoungGen: 119118K->55159K(175104K)] 431072K->385581K(699392K), 0.0163784 secs] [Times: user=0.09 sys=0.01, real=0.02 secs] 
2016-09-24T01:11:52.126-0400: 69.444: [GC (GCLocker Initiated GC) [PSYoungGen: 143223K->37094K(175104K)] 492124K->453096K(699392K), 0.0183719 secs] [Times: user=0.20 sys=0.00, real=0.02 secs] 
2016-09-24T01:11:52.257-0400: 69.575: [GC (GCLocker Initiated GC) [PSYoungGen: 125158K->61426K(175104K)] 541324K->477688K(699392K), 0.0067204 secs] [Times: user=0.06 sys=0.00, real=0.01 secs] 
2016-09-24T01:11:52.405-0400: 69.723: [GC (GCLocker Initiated GC) [PSYoungGen: 149490K->86018K(175104K)] 571970K->520743K(699392K), 0.0108392 secs] [Times: user=0.13 sys=0.00, real=0.01 secs] 
2016-09-24T01:11:52.503-0400: 69.821: [GC (GCLocker Initiated GC) [PSYoungGen: 174082K->67533K(175104K)] 615064K->575623K(699392K), 0.0158710 secs] [Times: user=0.14 sys=0.00, real=0.01 secs] 
2016-09-24T01:11:52.519-0400: 69.837: [Full GC (Ergonomics) [PSYoungGen: 67533K->0K(175104K)] [ParOldGen: 508090K->57754K(524288K)] 575623K->57754K(699392K), [Metaspace: 44300K->44300K(1087488K)], 0.1265735 secs] [Times: user=1.44 sys=0.01, real=0.13 secs] 
2016-09-24T01:11:52.765-0400: 70.083: [GC (GCLocker Initiated GC) [PSYoungGen: 88064K->86730K(175104K)] 151964K->156705K(699392K), 0.0091720 secs] [Times: user=0.12 sys=0.00, real=0.00 secs] 
2016-09-24T01:11:52.882-0400: 70.200: [GC (Allocation Failure) [PSYoungGen: 174794K->67985K(175104K)] 245113K->175730K(699392K), 0.0098822 secs] [Times: user=0.11 sys=0.00, real=0.00 secs] 
2016-09-24T01:11:53.016-0400: 70.334: [GC (GCLocker Initiated GC) [PSYoungGen: 151271K->49084K(175104K)] 265091K->181480K(699392K), 0.0167190 secs] [Times: user=0.18 sys=0.00, real=0.01 secs] 
2016-09-24T01:11:53.153-0400: 70.471: [GC (Allocation Failure) [PSYoungGen: 137148K->79619K(175104K)] 275913K->218487K(699392K), 0.0257345 secs] [Times: user=0.31 sys=0.00, real=0.03 secs] 
2016-09-24T01:11:53.290-0400: 70.608: [GC (GCLocker Initiated GC) [PSYoungGen: 167683K->61654K(175104K)] 306552K->261416K(699392K), 0.0266143 secs] [Times: user=0.29 sys=0.00, real=0.03 secs] 
2016-09-24T01:11:53.425-0400: 70.743: [GC (GCLocker Initiated GC) [PSYoungGen: 149718K->85854K(175104K)] 349572K->310308K(699392K), 0.0177412 secs] [Times: user=0.19 sys=0.01, real=0.02 secs] 
2016-09-24T01:11:53.557-0400: 70.875: [GC (GCLocker Initiated GC) [PSYoungGen: 173918K->43269K(175104K)] 410603K->310612K(699392K), 0.0090511 secs] [Times: user=0.08 sys=0.00, real=0.01 secs] 
2016-09-24T01:11:53.696-0400: 71.014: [GC (GCLocker Initiated GC) [PSYoungGen: 131333K->73544K(175104K)] 398853K->359573K(699392K), 0.0162060 secs] [Times: user=0.17 sys=0.00, real=0.01 secs] 
2016-09-24T01:11:53.858-0400: 71.176: [GC (GCLocker Initiated GC) [PSYoungGen: 161608K->55287K(175104K)] 460136K->353911K(699392K), 0.0138621 secs] [Times: user=0.14 sys=0.00, real=0.01 secs] 
2016-09-24T01:11:54.007-0400: 71.325: [GC (GCLocker Initiated GC) [PSYoungGen: 143351K->55255K(175104K)] 448092K->378512K(699392K), 0.0186047 secs] [Times: user=0.19 sys=0.00, real=0.02 secs] 
2016-09-24T01:11:54.129-0400: 71.447: [GC (Allocation Failure) [PSYoungGen: 143319K->67729K(175104K)] 466837K->439967K(699392K), 0.0108361 secs] [Times: user=0.11 sys=0.00, real=0.01 secs] 
2016-09-24T01:11:54.141-0400: 71.459: [GC (GCLocker Initiated GC) [PSYoungGen: 67738K->32K(175104K)] 439976K->457862K(699392K), 0.0097614 secs] [Times: user=0.10 sys=0.00, real=0.01 secs] 
2016-09-24T01:11:54.150-0400: 71.468: [Full GC (Ergonomics) [PSYoungGen: 32K->0K(175104K)] [ParOldGen: 457830K->51764K(524288K)] 457862K->51764K(699392K), [Metaspace: 44302K->44302K(1087488K)], 0.0574708 secs] [Times: user=0.45 sys=0.00, real=0.06 secs] 
2016-09-24T01:11:54.325-0400: 71.643: [GC (Allocation Failure) [PSYoungGen: 88064K->85854K(175104K)] 139828K->143693K(699392K), 0.0093771 secs] [Times: user=0.08 sys=0.01, real=0.01 secs] 
2016-09-24T01:11:54.468-0400: 71.786: [GC (GCLocker Initiated GC) [PSYoungGen: 172875K->37126K(175104K)] 236789K->138030K(699392K), 0.0240839 secs] [Times: user=0.26 sys=0.00, real=0.02 secs] 
2016-09-24T01:11:54.646-0400: 71.964: [GC (GCLocker Initiated GC) [PSYoungGen: 125190K->85626K(175104K)] 226214K->193040K(699392K), 0.0083617 secs] [Times: user=0.09 sys=0.00, real=0.01 secs] 
2016-09-24T01:11:54.764-0400: 72.082: [GC (GCLocker Initiated GC) [PSYoungGen: 173690K->61326K(175104K)] 281146K->223593K(699392K), 0.0184217 secs] [Times: user=0.20 sys=0.00, real=0.02 secs] 
2016-09-24T01:11:54.878-0400: 72.196: [GC (GCLocker Initiated GC) [PSYoungGen: 149390K->85986K(175104K)] 311659K->290931K(699392K), 0.0150693 secs] [Times: user=0.18 sys=0.00, real=0.01 secs] 
2016-09-24T01:11:55.010-0400: 72.328: [GC (GCLocker Initiated GC) [PSYoungGen: 174050K->61558K(175104K)] 385145K->285078K(699392K), 0.0093927 secs] [Times: user=0.07 sys=0.02, real=0.01 secs] 
2016-09-24T01:11:55.116-0400: 72.434: [GC (GCLocker Initiated GC) [PSYoungGen: 149622K->79687K(175104K)] 373392K->303701K(699392K), 0.0300413 secs] [Times: user=0.29 sys=0.00, real=0.03 secs] 
2016-09-24T01:11:55.257-0400: 72.575: [GC (GCLocker Initiated GC) [PSYoungGen: 167751K->49144K(175104K)] 391813K->352496K(699392K), 0.0112759 secs] [Times: user=0.12 sys=0.00, real=0.01 secs] 
2016-09-24T01:11:55.404-0400: 72.722: [GC (Allocation Failure) [PSYoungGen: 137208K->37517K(175104K)] 447287K->365934K(699392K), 0.0070035 secs] [Times: user=0.06 sys=0.00, real=0.00 secs] 
2016-09-24T01:11:55.527-0400: 72.845: [GC (Allocation Failure) [PSYoungGen: 121175K->85954K(175104K)] 449592K->421096K(699392K), 0.0095407 secs] [Times: user=0.13 sys=0.01, real=0.01 secs] 
2016-09-24T01:11:55.655-0400: 72.973: [GC (GCLocker Initiated GC) [PSYoungGen: 174018K->61358K(175104K)] 509160K->469708K(699392K), 0.0141388 secs] [Times: user=0.21 sys=0.00, real=0.01 secs] 
2016-09-24T01:11:55.764-0400: 73.082: [GC (GCLocker Initiated GC) [PSYoungGen: 149422K->73904K(175104K)] 557783K->494551K(699392K), 0.0099423 secs] [Times: user=0.15 sys=0.00, real=0.00 secs] 
2016-09-24T01:11:55.879-0400: 73.197: [GC (GCLocker Initiated GC) [PSYoungGen: 161968K->73640K(175104K)] 583222K->513754K(699392K), 0.0091289 secs] [Times: user=0.12 sys=0.01, real=0.01 secs] 
2016-09-24T01:11:55.888-0400: 73.206: [Full GC (Ergonomics) [PSYoungGen: 73640K->0K(175104K)] [ParOldGen: 440114K->46280K(524288K)] 513754K->46280K(699392K), [Metaspace: 44302K->44302K(1087488K)], 0.0443770 secs] [Times: user=0.32 sys=0.00, real=0.04 secs] 
2016-09-24T01:11:56.035-0400: 73.353: [GC (GCLocker Initiated GC) [PSYoungGen: 88064K->86078K(175104K)] 134509K->175048K(699392K), 0.0108246 secs] [Times: user=0.16 sys=0.00, real=0.01 secs] 
2016-09-24T01:11:56.150-0400: 73.468: [GC (GCLocker Initiated GC) [PSYoungGen: 174142K->79683K(175104K)] 269263K->230035K(699392K), 0.0168405 secs] [Times: user=0.23 sys=0.01, real=0.02 secs] 
2016-09-24T01:11:56.297-0400: 73.615: [GC (GCLocker Initiated GC) [PSYoungGen: 167747K->73804K(175104K)] 318393K->297485K(699392K), 0.0121201 secs] [Times: user=0.19 sys=0.00, real=0.01 secs] 
2016-09-24T01:11:56.421-0400: 73.739: [GC (GCLocker Initiated GC) [PSYoungGen: 161868K->85790K(175104K)] 385833K->316145K(699392K), 0.0097701 secs] [Times: user=0.14 sys=0.00, real=0.01 secs] 
2016-09-24T01:11:56.540-0400: 73.858: [GC (GCLocker Initiated GC) [PSYoungGen: 173854K->73836K(175104K)] 410348K->328690K(699392K), 0.0115342 secs] [Times: user=0.15 sys=0.00, real=0.01 secs] 
2016-09-24T01:11:56.670-0400: 73.988: [GC (GCLocker Initiated GC) [PSYoungGen: 161900K->73836K(175104K)] 416913K->384011K(699392K), 0.0108018 secs] [Times: user=0.16 sys=0.00, real=0.01 secs] 
2016-09-24T01:11:56.799-0400: 74.117: [GC (Allocation Failure) [PSYoungGen: 161900K->49212K(175104K)] 478360K->384001K(699392K), 0.0070340 secs] [Times: user=0.10 sys=0.00, real=0.01 secs] 
2016-09-24T01:11:56.902-0400: 74.220: [GC (GCLocker Initiated GC) [PSYoungGen: 137276K->73608K(175104K)] 472071K->445004K(699392K), 0.0109673 secs] [Times: user=0.15 sys=0.01, real=0.00 secs] 
2016-09-24T01:11:57.055-0400: 74.373: [GC (GCLocker Initiated GC) [PSYoungGen: 161672K->79423K(175104K)] 539196K->475472K(699392K), 0.0199487 secs] [Times: user=0.26 sys=0.00, real=0.02 secs] 
2016-09-24T01:11:57.197-0400: 74.515: [GC (Allocation Failure) [PSYoungGen: 167487K->73608K(175104K)] 569653K->506284K(699392K), 0.0090087 secs] [Times: user=0.12 sys=0.00, real=0.01 secs] 
2016-09-24T01:11:57.306-0400: 74.624: [GC (GCLocker Initiated GC) [PSYoungGen: 158869K->55187K(175104K)] 597621K->542854K(699392K), 0.0123444 secs] [Times: user=0.13 sys=0.00, real=0.01 secs] 
2016-09-24T01:11:57.318-0400: 74.636: [Full GC (Ergonomics) [PSYoungGen: 55187K->0K(175104K)] [ParOldGen: 487667K->51706K(524288K)] 542854K->51706K(699392K), [Metaspace: 44303K->44303K(1087488K)], 0.0461867 secs] [Times: user=0.31 sys=0.00, real=0.05 secs] 
2016-09-24T01:11:57.466-0400: 74.784: [GC (GCLocker Initiated GC) [PSYoungGen: 88064K->86498K(175104K)] 145887K->162546K(699392K), 0.0133382 secs] [Times: user=0.16 sys=0.01, real=0.01 secs] 
2016-09-24T01:11:57.595-0400: 74.913: [GC (Allocation Failure) [PSYoungGen: 174562K->43560K(175104K)] 250663K->181411K(699392K), 0.0124790 secs] [Times: user=0.15 sys=0.01, real=0.01 secs] 
2016-09-24T01:11:57.704-0400: 75.021: [GC (GCLocker Initiated GC) [PSYoungGen: 128466K->55547K(175104K)] 272392K->248356K(699392K), 0.0134882 secs] [Times: user=0.16 sys=0.00, real=0.01 secs] 
2016-09-24T01:11:57.844-0400: 75.162: [GC (GCLocker Initiated GC) [PSYoungGen: 143611K->85986K(175104K)] 336782K->303944K(699392K), 0.0175898 secs] [Times: user=0.24 sys=0.00, real=0.01 secs] 
2016-09-24T01:11:57.979-0400: 75.297: [GC (GCLocker Initiated GC) [PSYoungGen: 174050K->37354K(175104K)] 398315K->279964K(699392K), 0.0085344 secs] [Times: user=0.08 sys=0.00, real=0.01 secs] 
2016-09-24T01:11:58.108-0400: 75.426: [GC (GCLocker Initiated GC) [PSYoungGen: 125418K->55251K(175104K)] 374201K->322542K(699392K), 0.0225303 secs] [Times: user=0.24 sys=0.00, real=0.02 secs] 
2016-09-24T01:11:58.255-0400: 75.573: [GC (GCLocker Initiated GC) [PSYoungGen: 143315K->85890K(175104K)] 410648K->353350K(699392K), 0.0137941 secs] [Times: user=0.17 sys=0.01, real=0.01 secs] 
2016-09-24T01:11:58.362-0400: 75.680: [GC (GCLocker Initiated GC) [PSYoungGen: 173954K->61554K(175104K)] 441473K->421006K(699392K), 0.0125768 secs] [Times: user=0.18 sys=0.00, real=0.01 secs] 
2016-09-24T01:11:58.488-0400: 75.806: [GC (GCLocker Initiated GC) [PSYoungGen: 149618K->86282K(175104K)] 509100K->494539K(699392K), 0.0119838 secs] [Times: user=0.17 sys=0.01, real=0.01 secs] 
2016-09-24T01:11:58.606-0400: 75.924: [GC (GCLocker Initiated GC) [PSYoungGen: 174346K->73704K(175104K)] 589034K->531209K(699392K), 0.0115728 secs] [Times: user=0.18 sys=0.00, real=0.01 secs] 
2016-09-24T01:11:58.618-0400: 75.936: [Full GC (Ergonomics) [PSYoungGen: 73704K->0K(175104K)] [ParOldGen: 457504K->51896K(524288K)] 531209K->51896K(699392K), [Metaspace: 44323K->44323K(1087488K)], 0.0463647 secs] [Times: user=0.37 sys=0.01, real=0.05 secs] 
2016-09-24T01:11:58.758-0400: 76.076: [GC (GCLocker Initiated GC) [PSYoungGen: 88064K->85918K(175104K)] 140041K->174346K(699392K), 0.0104411 secs] [Times: user=0.15 sys=0.00, real=0.01 secs] 
2016-09-24T01:11:58.875-0400: 76.193: [GC (GCLocker Initiated GC) [PSYoungGen: 173982K->55611K(175104K)] 268660K->223521K(699392K), 0.0114774 secs] [Times: user=0.17 sys=0.00, real=0.01 secs] 
2016-09-24T01:11:59.009-0400: 76.327: [GC (GCLocker Initiated GC) [PSYoungGen: 143675K->55906K(175104K)] 323899K->236775K(699392K), 0.0112778 secs] [Times: user=0.16 sys=0.00, real=0.01 secs] 
2016-09-24T01:11:59.144-0400: 76.462: [GC (GCLocker Initiated GC) [PSYoungGen: 143970K->73704K(175104K)] 331235K->279509K(699392K), 0.0097178 secs] [Times: user=0.15 sys=0.00, real=0.00 secs] 
2016-09-24T01:11:59.269-0400: 76.587: [GC (Allocation Failure) [PSYoungGen: 161768K->55643K(175104K)] 373986K->304455K(699392K), 0.0118578 secs] [Times: user=0.16 sys=0.00, real=0.01 secs] 
2016-09-24T01:11:59.380-0400: 76.698: [GC (GCLocker Initiated GC) [PSYoungGen: 143707K->73640K(175104K)] 392524K->322741K(699392K), 0.0095034 secs] [Times: user=0.10 sys=0.00, real=0.01 secs] 
2016-09-24T01:11:59.488-0400: 76.806: [GC (GCLocker Initiated GC) [PSYoungGen: 161704K->85954K(175104K)] 410932K->359797K(699392K), 0.0150042 secs] [Times: user=0.19 sys=0.00, real=0.02 secs] 
2016-09-24T01:11:59.670-0400: 76.988: [GC (GCLocker Initiated GC) [PSYoungGen: 174018K->73640K(175104K)] 447886K->390504K(699392K), 0.0103374 secs] [Times: user=0.13 sys=0.01, real=0.01 secs] 
2016-09-24T01:11:59.809-0400: 77.127: [GC (GCLocker Initiated GC) [PSYoungGen: 161704K->85658K(175104K)] 484775K->445478K(699392K), 0.0135325 secs] [Times: user=0.16 sys=0.01, real=0.02 secs] 
2016-09-24T01:11:59.910-0400: 77.228: [GC (GCLocker Initiated GC) [PSYoungGen: 173722K->85822K(175104K)] 533825K->525076K(699392K), 0.0148921 secs] [Times: user=0.20 sys=0.01, real=0.02 secs] 
2016-09-24T01:11:59.925-0400: 77.243: [Full GC (Ergonomics) [PSYoungGen: 85822K->0K(175104K)] [ParOldGen: 439253K->52298K(524288K)] 525076K->52298K(699392K), [Metaspace: 44323K->44323K(1087488K)], 0.0521019 secs] [Times: user=0.40 sys=0.00, real=0.05 secs] 
2016-09-24T01:12:00.088-0400: 77.406: [GC (GCLocker Initiated GC) [PSYoungGen: 88062K->73832K(175104K)] 146780K->132549K(699392K), 0.0070561 secs] [Times: user=0.08 sys=0.01, real=0.01 secs] 
2016-09-24T01:12:00.205-0400: 77.523: [GC (GCLocker Initiated GC) [PSYoungGen: 161896K->86445K(175104K)] 220896K->182459K(699392K), 0.0114466 secs] [Times: user=0.16 sys=0.00, real=0.01 secs] 
2016-09-24T01:12:00.343-0400: 77.661: [GC (Allocation Failure) [PSYoungGen: 174509K->37126K(175104K)] 276645K->170116K(699392K), 0.0067761 secs] [Times: user=0.09 sys=0.00, real=0.00 secs] 
2016-09-24T01:12:00.465-0400: 77.783: [GC (GCLocker Initiated GC) [PSYoungGen: 124172K->67305K(175104K)] 263238K->224886K(699392K), 0.0125163 secs] [Times: user=0.11 sys=0.01, real=0.01 secs] 
2016-09-24T01:12:00.594-0400: 77.912: [GC (Allocation Failure) [PSYoungGen: 155369K->62145K(175104K)] 325125K->232045K(699392K), 0.0105278 secs] [Times: user=0.13 sys=0.00, real=0.02 secs] 
2016-09-24T01:12:00.703-0400: 78.021: [GC (GCLocker Initiated GC) [PSYoungGen: 150209K->43201K(175104K)] 326184K->244087K(699392K), 0.0123280 secs] [Times: user=0.11 sys=0.00, real=0.01 secs] 
2016-09-24T01:12:00.839-0400: 78.157: [GC (GCLocker Initiated GC) [PSYoungGen: 131265K->85954K(175104K)] 338268K->317409K(699392K), 0.0128344 secs] [Times: user=0.16 sys=0.00, real=0.01 secs] 
2016-09-24T01:12:00.948-0400: 78.266: [GC (GCLocker Initiated GC) [PSYoungGen: 174018K->73640K(175104K)] 405582K->372508K(699392K), 0.0119085 secs] [Times: user=0.17 sys=0.00, real=0.01 secs] 
2016-09-24T01:12:01.097-0400: 78.415: [GC (GCLocker Initiated GC) [PSYoungGen: 161704K->55743K(175104K)] 466869K->397649K(699392K), 0.0188382 secs] [Times: user=0.19 sys=0.00, real=0.02 secs] 
2016-09-24T01:12:01.220-0400: 78.538: [GC (GCLocker Initiated GC) [PSYoungGen: 143807K->61202K(175104K)] 485754K->427880K(699392K), 0.0357407 secs] [Times: user=0.35 sys=0.01, real=0.04 secs] 
2016-09-24T01:12:01.397-0400: 78.715: [GC (GCLocker Initiated GC) [PSYoungGen: 149266K->67697K(175104K)] 522235K->489542K(699392K), 0.0254093 secs] [Times: user=0.27 sys=0.00, real=0.03 secs] 
2016-09-24T01:12:01.523-0400: 78.841: [GC (GCLocker Initiated GC) [PSYoungGen: 155761K->55383K(175104K)] 584436K->545100K(699392K), 0.0245893 secs] [Times: user=0.27 sys=0.00, real=0.02 secs] 
2016-09-24T01:12:01.548-0400: 78.866: [Full GC (Ergonomics) [PSYoungGen: 55383K->0K(175104K)] [ParOldGen: 489717K->58237K(524288K)] 545100K->58237K(699392K), [Metaspace: 44323K->44323K(1087488K)], 0.0603193 secs] [Times: user=0.48 sys=0.00, real=0.06 secs] 
2016-09-24T01:12:01.739-0400: 79.057: [GC (GCLocker Initiated GC) [PSYoungGen: 88064K->85822K(175104K)] 146578K->150411K(699392K), 0.0081267 secs] [Times: user=0.09 sys=0.01, real=0.01 secs] 
2016-09-24T01:12:01.870-0400: 79.188: [GC (GCLocker Initiated GC) [PSYoungGen: 173886K->49276K(175104K)] 244872K->156980K(699392K), 0.0377460 secs] [Times: user=0.39 sys=0.01, real=0.04 secs] 
2016-09-24T01:12:02.020-0400: 79.338: [GC (GCLocker Initiated GC) [PSYoungGen: 137339K->73676K(175104K)] 251473K->187906K(699392K), 0.0151860 secs] [Times: user=0.15 sys=0.01, real=0.02 secs] 
2016-09-24T01:12:02.200-0400: 79.518: [GC (GCLocker Initiated GC) [PSYoungGen: 161740K->36930K(175104K)] 282047K->175753K(699392K), 0.0142960 secs] [Times: user=0.15 sys=0.00, real=0.02 secs] 
2016-09-24T01:12:02.314-0400: 79.632: [GC (GCLocker Initiated GC) [PSYoungGen: 124994K->86050K(175104K)] 264011K->261636K(699392K), 0.0167544 secs] [Times: user=0.17 sys=0.01, real=0.01 secs] 
2016-09-24T01:12:02.486-0400: 79.804: [GC (GCLocker Initiated GC) [PSYoungGen: 174114K->37389K(175104K)] 361920K->273899K(699392K), 0.0192456 secs] [Times: user=0.18 sys=0.01, real=0.02 secs] 
2016-09-24T01:12:02.616-0400: 79.934: [GC (Allocation Failure) [PSYoungGen: 125453K->73380K(175104K)] 362280K->310645K(699392K), 0.0234135 secs] [Times: user=0.25 sys=0.00, real=0.02 secs] 
2016-09-24T01:12:02.750-0400: 80.068: [GC (GCLocker Initiated GC) [PSYoungGen: 158147K->55643K(175104K)] 401487K->317376K(699392K), 0.0170269 secs] [Times: user=0.19 sys=0.01, real=0.02 secs] 
2016-09-24T01:12:02.912-0400: 80.230: [GC (GCLocker Initiated GC) [PSYoungGen: 143707K->37030K(175104K)] 412147K->342523K(699392K), 0.0227120 secs] [Times: user=0.22 sys=0.01, real=0.03 secs] 
2016-09-24T01:12:03.077-0400: 80.395: [GC (GCLocker Initiated GC) [PSYoungGen: 125094K->55383K(175104K)] 449145K->397794K(699392K), 0.0164164 secs] [Times: user=0.14 sys=0.00, real=0.01 secs] 
2016-09-24T01:12:03.218-0400: 80.536: [GC (GCLocker Initiated GC) [PSYoungGen: 143447K->79943K(175104K)] 492037K->428653K(699392K), 0.0175485 secs] [Times: user=0.23 sys=0.00, real=0.02 secs] 
2016-09-24T01:12:03.343-0400: 80.661: [GC (GCLocker Initiated GC) [PSYoungGen: 168007K->73672K(175104K)] 516876K->483794K(699392K), 0.0114490 secs] [Times: user=0.16 sys=0.00, real=0.01 secs] 
2016-09-24T01:12:03.478-0400: 80.796: [GC (GCLocker Initiated GC) [PSYoungGen: 161736K->61558K(175104K)] 578210K->532998K(699392K), 0.0143606 secs] [Times: user=0.14 sys=0.00, real=0.01 secs] 
2016-09-24T01:12:03.492-0400: 80.810: [Full GC (Ergonomics) [PSYoungGen: 61558K->0K(175104K)] [ParOldGen: 471440K->52312K(524288K)] 532998K->52312K(699392K), [Metaspace: 44330K->44330K(1087488K)], 0.0596053 secs] [Times: user=0.38 sys=0.01, real=0.06 secs] 
2016-09-24T01:12:03.691-0400: 81.009: [GC (GCLocker Initiated GC) [PSYoungGen: 88064K->85854K(175104K)] 152669K->168684K(699392K), 0.0159027 secs] [Times: user=0.20 sys=0.02, real=0.02 secs] 
2016-09-24T01:12:03.816-0400: 81.134: [GC (GCLocker Initiated GC) [PSYoungGen: 173918K->73608K(175104K)] 256852K->223682K(699392K), 0.0167907 secs] [Times: user=0.17 sys=0.00, real=0.01 secs] 
2016-09-24T01:12:03.942-0400: 81.260: [GC (Allocation Failure) [PSYoungGen: 161672K->79683K(175104K)] 311805K->278723K(699392K), 0.0109742 secs] [Times: user=0.15 sys=0.00, real=0.00 secs] 
2016-09-24T01:12:04.065-0400: 81.383: [GC (GCLocker Initiated GC) [PSYoungGen: 162070K->73508K(175104K)] 367186K->297156K(699392K), 0.0089193 secs] [Times: user=0.11 sys=0.00, real=0.00 secs] 
2016-09-24T01:12:04.213-0400: 81.531: [GC (Allocation Failure) [PSYoungGen: 161572K->55483K(175104K)] 391420K->303684K(699392K), 0.0105751 secs] [Times: user=0.11 sys=0.00, real=0.02 secs] 
2016-09-24T01:12:04.343-0400: 81.661: [GC (GCLocker Initiated GC) [PSYoungGen: 138706K->61330K(175104K)] 392982K->316045K(699392K), 0.0091951 secs] [Times: user=0.07 sys=0.00, real=0.00 secs] 
2016-09-24T01:12:04.472-0400: 81.790: [GC (GCLocker Initiated GC) [PSYoungGen: 149394K->85662K(175104K)] 404251K->346878K(699392K), 0.0455386 secs] [Times: user=0.44 sys=0.01, real=0.05 secs] 
2016-09-24T01:12:04.644-0400: 81.962: [GC (GCLocker Initiated GC) [PSYoungGen: 173726K->61230K(175104K)] 435303K->341316K(699392K), 0.0248837 secs] [Times: user=0.28 sys=0.00, real=0.02 secs] 
2016-09-24T01:12:04.793-0400: 82.111: [GC (GCLocker Initiated GC) [PSYoungGen: 149294K->55287K(175104K)] 429641K->335730K(699392K), 0.0149161 secs] [Times: user=0.17 sys=0.00, real=0.02 secs] 
2016-09-24T01:12:04.925-0400: 82.243: [GC (GCLocker Initiated GC) [PSYoungGen: 143351K->85758K(175104K)] 423975K->390981K(699392K), 0.0120252 secs] [Times: user=0.13 sys=0.00, real=0.01 secs] 
2016-09-24T01:12:05.083-0400: 82.401: [GC (GCLocker Initiated GC) [PSYoungGen: 173822K->73284K(175104K)] 485381K->403328K(699392K), 0.0106644 secs] [Times: user=0.08 sys=0.01, real=0.00 secs] 
2016-09-24T01:12:05.225-0400: 82.543: [GC (GCLocker Initiated GC) [PSYoungGen: 161348K->79943K(175104K)] 497599K->416345K(699392K), 0.0264504 secs] [Times: user=0.38 sys=0.02, real=0.02 secs] 
2016-09-24T01:12:05.359-0400: 82.677: [GC (GCLocker Initiated GC) [PSYoungGen: 168007K->61458K(175104K)] 504546K->422597K(699392K), 0.0110793 secs] [Times: user=0.10 sys=0.01, real=0.01 secs] 
2016-09-24T01:12:05.490-0400: 82.808: [GC (GCLocker Initiated GC) [PSYoungGen: 149522K->85954K(175104K)] 510876K->496052K(699392K), 0.0164363 secs] [Times: user=0.18 sys=0.01, real=0.02 secs] 
2016-09-24T01:12:05.662-0400: 82.980: [GC (GCLocker Initiated GC) [PSYoungGen: 174018K->49116K(175104K)] 590278K->489936K(699392K), 0.0196084 secs] [Times: user=0.17 sys=0.01, real=0.01 secs] 
2016-09-24T01:12:05.817-0400: 83.135: [GC (GCLocker Initiated GC) [PSYoungGen: 137180K->42877K(175104K)] 578271K->520686K(699392K), 0.0382648 secs] [Times: user=0.43 sys=0.00, real=0.04 secs] 
2016-09-24T01:12:05.856-0400: 83.174: [Full GC (Ergonomics) [PSYoungGen: 42877K->0K(175104K)] [ParOldGen: 477809K->52278K(524288K)] 520686K->52278K(699392K), [Metaspace: 44338K->44338K(1087488K)], 0.0603210 secs] [Times: user=0.34 sys=0.01, real=0.06 secs] 
2016-09-24T01:12:06.024-0400: 83.342: [GC (GCLocker Initiated GC) [PSYoungGen: 88064K->86630K(175104K)] 146616K->169482K(699392K), 0.0104112 secs] [Times: user=0.12 sys=0.00, real=0.01 secs] 
2016-09-24T01:12:06.150-0400: 83.468: [GC (GCLocker Initiated GC) [PSYoungGen: 174694K->61490K(175104K)] 257896K->218568K(699392K), 0.0137446 secs] [Times: user=0.12 sys=0.00, real=0.02 secs] 
2016-09-24T01:12:06.280-0400: 83.598: [GC (Allocation Failure) [PSYoungGen: 149554K->85986K(175104K)] 306841K->304362K(699392K), 0.0129019 secs] [Times: user=0.16 sys=0.00, real=0.01 secs] 
2016-09-24T01:12:06.423-0400: 83.741: [GC (GCLocker Initiated GC) [PSYoungGen: 174050K->67501K(175104K)] 392432K->341138K(699392K), 0.0148673 secs] [Times: user=0.12 sys=0.00, real=0.01 secs] 
2016-09-24T01:12:06.568-0400: 83.886: [GC (GCLocker Initiated GC) [PSYoungGen: 155565K->37421K(175104K)] 435627K->335844K(699392K), 0.0338919 secs] [Times: user=0.34 sys=0.00, real=0.03 secs] 
2016-09-24T01:12:06.697-0400: 84.015: [GC (GCLocker Initiated GC) [PSYoungGen: 125485K->85854K(175104K)] 424084K->409052K(699392K), 0.0124942 secs] [Times: user=0.17 sys=0.00, real=0.01 secs] 
2016-09-24T01:12:06.827-0400: 84.145: [GC (GCLocker Initiated GC) [PSYoungGen: 173918K->55319K(175104K)] 497186K->403163K(699392K), 0.0161916 secs] [Times: user=0.15 sys=0.01, real=0.02 secs] 
2016-09-24T01:12:06.970-0400: 84.288: [GC (Allocation Failure) [PSYoungGen: 143383K->49312K(175104K)] 491436K->415873K(699392K), 0.0094584 secs] [Times: user=0.08 sys=0.00, real=0.01 secs] 
2016-09-24T01:12:07.109-0400: 84.427: [GC (GCLocker Initiated GC) [PSYoungGen: 134807K->73608K(175104K)] 507443K->482962K(699392K), 0.0270724 secs] [Times: user=0.28 sys=0.00, real=0.03 secs] 
2016-09-24T01:12:07.282-0400: 84.600: [GC (GCLocker Initiated GC) [PSYoungGen: 161672K->49312K(175104K)] 577310K->483271K(699392K), 0.0105906 secs] [Times: user=0.10 sys=0.00, real=0.00 secs] 
2016-09-24T01:12:07.411-0400: 84.729: [GC (GCLocker Initiated GC) [PSYoungGen: 137376K->73544K(175104K)] 577737K->514189K(699392K), 0.0247328 secs] [Times: user=0.28 sys=0.00, real=0.03 secs] 
2016-09-24T01:12:07.560-0400: 84.878: [GC (GCLocker Initiated GC) [PSYoungGen: 161608K->73772K(175104K)] 602445K->532986K(699392K), 0.0095744 secs] [Times: user=0.10 sys=0.01, real=0.01 secs] 
2016-09-24T01:12:07.570-0400: 84.888: [Full GC (Ergonomics) [PSYoungGen: 73772K->0K(175104K)] [ParOldGen: 459214K->46700K(524288K)] 532986K->46700K(699392K), [Metaspace: 44346K->44346K(1087488K)], 0.0624309 secs] [Times: user=0.33 sys=0.01, real=0.06 secs] 
2016-09-24T01:12:07.766-0400: 85.084: [GC (GCLocker Initiated GC) [PSYoungGen: 88064K->73736K(175104K)] 147235K->132907K(699392K), 0.0094572 secs] [Times: user=0.08 sys=0.01, real=0.01 secs] 
2016-09-24T01:12:07.902-0400: 85.220: [GC (GCLocker Initiated GC) [PSYoungGen: 161800K->43365K(175104K)] 227105K->145395K(699392K), 0.0221968 secs] [Times: user=0.23 sys=0.00, real=0.03 secs] 
2016-09-24T01:12:08.040-0400: 85.358: [GC (GCLocker Initiated GC) [PSYoungGen: 131429K->61558K(175104K)] 233523K->212536K(699392K), 0.0224200 secs] [Times: user=0.25 sys=0.00, real=0.03 secs] 
2016-09-24T01:12:08.204-0400: 85.522: [GC (GCLocker Initiated GC) [PSYoungGen: 149622K->19228K(175104K)] 325025K->225462K(699392K), 0.0291287 secs] [Times: user=0.30 sys=0.00, real=0.02 secs] 
2016-09-24T01:12:08.367-0400: 85.685: [GC (GCLocker Initiated GC) [PSYoungGen: 107292K->85758K(175104K)] 313720K->316785K(699392K), 0.0231609 secs] [Times: user=0.26 sys=0.00, real=0.02 secs] 
2016-09-24T01:12:08.519-0400: 85.837: [GC (GCLocker Initiated GC) [PSYoungGen: 173822K->18840K(175104K)] 404884K->316808K(699392K), 0.0322165 secs] [Times: user=0.32 sys=0.00, real=0.03 secs] 
2016-09-24T01:12:08.659-0400: 85.977: [GC (Allocation Failure) [PSYoungGen: 106904K->73416K(175104K)] 411269K->378039K(699392K), 0.0205461 secs] [Times: user=0.18 sys=0.00, real=0.02 secs] 
2016-09-24T01:12:08.800-0400: 86.118: [GC (GCLocker Initiated GC) [PSYoungGen: 161480K->73936K(175104K)] 466109K->396894K(699392K), 0.0137314 secs] [Times: user=0.14 sys=0.00, real=0.01 secs] 
2016-09-24T01:12:08.917-0400: 86.235: [GC (GCLocker Initiated GC) [PSYoungGen: 162000K->85822K(175104K)] 491270K->457933K(699392K), 0.0153190 secs] [Times: user=0.19 sys=0.00, real=0.01 secs] 
2016-09-24T01:12:09.060-0400: 86.378: [GC (GCLocker Initiated GC) [PSYoungGen: 173886K->43073K(175104K)] 552365K->458246K(699392K), 0.0195208 secs] [Times: user=0.17 sys=0.00, real=0.02 secs] 
2016-09-24T01:12:09.197-0400: 86.515: [GC (GCLocker Initiated GC) [PSYoungGen: 131137K->67665K(175104K)] 546654K->489384K(699392K), 0.0240420 secs] [Times: user=0.32 sys=0.01, real=0.02 secs] 
2016-09-24T01:12:09.333-0400: 86.651: [GC (GCLocker Initiated GC) [PSYoungGen: 155729K->55251K(175104K)] 583560K->501598K(699392K), 0.0079062 secs] [Times: user=0.10 sys=0.00, real=0.01 secs] 
2016-09-24T01:12:09.461-0400: 86.779: [GC (GCLocker Initiated GC) [PSYoungGen: 143315K->79687K(175104K)] 589822K->526305K(699392K), 0.0324287 secs] [Times: user=0.27 sys=0.01, real=0.03 secs] 
2016-09-24T01:12:09.648-0400: 86.966: [GC (GCLocker Initiated GC) [PSYoungGen: 167751K->67145K(175104K)] 614444K->532487K(699392K), 0.0194691 secs] [Times: user=0.17 sys=0.00, real=0.02 secs] 
2016-09-24T01:12:09.668-0400: 86.986: [Full GC (Ergonomics) [PSYoungGen: 67145K->0K(175104K)] [ParOldGen: 465341K->46623K(524288K)] 532487K->46623K(699392K), [Metaspace: 44346K->44346K(1087488K)], 0.0654958 secs] [Times: user=0.38 sys=0.00, real=0.06 secs] 
2016-09-24T01:12:09.841-0400: 87.159: [GC (GCLocker Initiated GC) [PSYoungGen: 88064K->86014K(175104K)] 134774K->157024K(699392K), 0.0218724 secs] [Times: user=0.24 sys=0.00, real=0.03 secs] 
2016-09-24T01:12:09.992-0400: 87.310: [GC (Allocation Failure) [PSYoungGen: 174078K->73512K(175104K)] 245219K->212025K(699392K), 0.0344538 secs] [Times: user=0.38 sys=0.01, real=0.04 secs] 
2016-09-24T01:12:10.148-0400: 87.466: [GC (GCLocker Initiated GC) [PSYoungGen: 161576K->49308K(175104K)] 300091K->236691K(699392K), 0.0286314 secs] [Times: user=0.32 sys=0.00, real=0.03 secs] 
2016-09-24T01:12:10.277-0400: 87.595: [GC (Allocation Failure) [PSYoungGen: 137372K->85790K(175104K)] 325026K->285714K(699392K), 0.0119173 secs] [Times: user=0.15 sys=0.00, real=0.01 secs] 
2016-09-24T01:12:10.412-0400: 87.730: [GC (GCLocker Initiated GC) [PSYoungGen: 171527K->67341K(175104K)] 377526K->291824K(699392K), 0.0106819 secs] [Times: user=0.11 sys=0.00, real=0.02 secs] 
2016-09-24T01:12:10.531-0400: 87.849: [GC (GCLocker Initiated GC) [PSYoungGen: 155405K->73576K(175104K)] 379936K->316624K(699392K), 0.0257488 secs] [Times: user=0.27 sys=0.00, real=0.03 secs] 
2016-09-24T01:12:10.686-0400: 88.004: [GC (GCLocker Initiated GC) [PSYoungGen: 161640K->79623K(175104K)] 404841K->347392K(699392K), 0.0241497 secs] [Times: user=0.19 sys=0.00, real=0.02 secs] 
2016-09-24T01:12:10.858-0400: 88.176: [GC (Allocation Failure) [PSYoungGen: 167687K->55351K(175104K)] 441763K->366153K(699392K), 0.0188693 secs] [Times: user=0.22 sys=0.00, real=0.02 secs] 
2016-09-24T01:12:11.002-0400: 88.320: [GC (GCLocker Initiated GC) [PSYoungGen: 139017K->55387K(175104K)] 455895K->396660K(699392K), 0.0170845 secs] [Times: user=0.16 sys=0.00, real=0.02 secs] 
2016-09-24T01:12:11.127-0400: 88.445: [GC (GCLocker Initiated GC) [PSYoungGen: 143451K->55191K(175104K)] 490846K->421063K(699392K), 0.0151967 secs] [Times: user=0.17 sys=0.00, real=0.02 secs] 
2016-09-24T01:12:11.269-0400: 88.587: [GC (GCLocker Initiated GC) [PSYoungGen: 143255K->49312K(175104K)] 515462K->476281K(699392K), 0.0190614 secs] [Times: user=0.18 sys=0.00, real=0.02 secs] 
2016-09-24T01:12:11.418-0400: 88.736: [GC (GCLocker Initiated GC) [PSYoungGen: 137376K->73576K(175104K)] 564388K->506946K(699392K), 0.0156893 secs] [Times: user=0.14 sys=0.00, real=0.01 secs] 
2016-09-24T01:12:11.566-0400: 88.884: [GC (Allocation Failure) [PSYoungGen: 161640K->37162K(175104K)] 607504K->525655K(699392K), 0.0228434 secs] [Times: user=0.25 sys=0.00, real=0.02 secs] 
2016-09-24T01:12:11.589-0400: 88.907: [Full GC (Ergonomics) [PSYoungGen: 37162K->0K(175104K)] [ParOldGen: 488493K->46401K(524288K)] 525655K->46401K(699392K), [Metaspace: 44346K->44346K(1087488K)], 0.0701270 secs] [Times: user=0.39 sys=0.00, real=0.07 secs] 
2016-09-24T01:12:11.797-0400: 89.115: [GC (GCLocker Initiated GC) [PSYoungGen: 82679K->37226K(175104K)] 135155K->89702K(699392K), 0.0308262 secs] [Times: user=0.35 sys=0.00, real=0.03 secs] 
2016-09-24T01:12:11.958-0400: 89.276: [GC (GCLocker Initiated GC) [PSYoungGen: 125290K->36866K(175104K)] 183933K->114346K(699392K), 0.0142595 secs] [Times: user=0.16 sys=0.00, real=0.01 secs] 
2016-09-24T01:12:12.109-0400: 89.427: [GC (GCLocker Initiated GC) [PSYoungGen: 124930K->55647K(175104K)] 208491K->157544K(699392K), 0.0226211 secs] [Times: user=0.24 sys=0.00, real=0.02 secs] 
2016-09-24T01:12:12.244-0400: 89.562: [GC (Allocation Failure) [PSYoungGen: 143711K->73572K(175104K)] 245818K->212437K(699392K), 0.0109139 secs] [Times: user=0.15 sys=0.00, real=0.01 secs] 
2016-09-24T01:12:12.365-0400: 89.683: [GC (GCLocker Initiated GC) [PSYoungGen: 161636K->55647K(175104K)] 300501K->212856K(699392K), 0.0176751 secs] [Times: user=0.17 sys=0.01, real=0.02 secs] 
2016-09-24T01:12:12.494-0400: 89.812: [GC (GCLocker Initiated GC) [PSYoungGen: 143711K->61522K(175104K)] 307121K->243777K(699392K), 0.0134830 secs] [Times: user=0.14 sys=0.00, real=0.01 secs] 
2016-09-24T01:12:12.635-0400: 89.953: [GC (GCLocker Initiated GC) [PSYoungGen: 149586K->85986K(175104K)] 332030K->280699K(699392K), 0.0216798 secs] [Times: user=0.23 sys=0.00, real=0.02 secs] 
2016-09-24T01:12:12.795-0400: 90.113: [GC (GCLocker Initiated GC) [PSYoungGen: 174050K->36998K(175104K)] 374993K->274814K(699392K), 0.0321404 secs] [Times: user=0.36 sys=0.00, real=0.03 secs] 
2016-09-24T01:12:12.925-0400: 90.243: [GC (GCLocker Initiated GC) [PSYoungGen: 125062K->73640K(175104K)] 363122K->330052K(699392K), 0.0133627 secs] [Times: user=0.14 sys=0.00, real=0.01 secs] 
2016-09-24T01:12:13.054-0400: 90.372: [GC (GCLocker Initiated GC) [PSYoungGen: 161704K->73740K(175104K)] 418350K->348894K(699392K), 0.0183355 secs] [Times: user=0.19 sys=0.00, real=0.02 secs] 
2016-09-24T01:12:13.199-0400: 90.517: [GC (GCLocker Initiated GC) [PSYoungGen: 161804K->80043K(175104K)] 437257K->392566K(699392K), 0.0118523 secs] [Times: user=0.15 sys=0.01, real=0.01 secs] 
2016-09-24T01:12:13.326-0400: 90.644: [GC (GCLocker Initiated GC) [PSYoungGen: 168107K->79911K(175104K)] 480688K->392604K(699392K), 0.0090730 secs] [Times: user=0.08 sys=0.00, real=0.01 secs] 
2016-09-24T01:12:13.467-0400: 90.785: [GC (GCLocker Initiated GC) [PSYoungGen: 167975K->67369K(175104K)] 486796K->453495K(699392K), 0.0189066 secs] [Times: user=0.20 sys=0.00, real=0.02 secs] 
2016-09-24T01:12:13.614-0400: 90.932: [GC (GCLocker Initiated GC) [PSYoungGen: 155433K->73448K(175104K)] 547855K->502408K(699392K), 0.0317793 secs] [Times: user=0.35 sys=0.00, real=0.04 secs] 
2016-09-24T01:12:13.806-0400: 91.124: [GC (GCLocker Initiated GC) [PSYoungGen: 161512K->37030K(175104K)] 602876K->496902K(699392K), 0.0114811 secs] [Times: user=0.11 sys=0.01, real=0.01 secs] 
2016-09-24T01:12:13.818-0400: 91.136: [Full GC (Ergonomics) [PSYoungGen: 37030K->0K(175104K)] [ParOldGen: 459872K->46590K(524288K)] 496902K->46590K(699392K), [Metaspace: 44358K->44358K(1087488K)], 0.0696902 secs] [Times: user=0.44 sys=0.01, real=0.07 secs] 
2016-09-24T01:12:14.006-0400: 91.324: [GC (GCLocker Initiated GC) [PSYoungGen: 88064K->86242K(175104K)] 140949K->157353K(699392K), 0.0195552 secs] [Times: user=0.19 sys=0.00, real=0.02 secs] 
2016-09-24T01:12:14.159-0400: 91.477: [GC (GCLocker Initiated GC) [PSYoungGen: 174306K->61490K(175104K)] 245606K->200343K(699392K), 0.0193454 secs] [Times: user=0.20 sys=0.00, real=0.02 secs] 
2016-09-24T01:12:14.330-0400: 91.648: [GC (GCLocker Initiated GC) [PSYoungGen: 149554K->36834K(175104K)] 294512K->206312K(699392K), 0.0097946 secs] [Times: user=0.05 sys=0.00, real=0.01 secs] 
2016-09-24T01:12:14.464-0400: 91.782: [GC (GCLocker Initiated GC) [PSYoungGen: 124898K->48984K(175104K)] 294557K->255205K(699392K), 0.0324712 secs] [Times: user=0.29 sys=0.00, real=0.03 secs] 
2016-09-24T01:12:14.623-0400: 91.941: [GC (GCLocker Initiated GC) [PSYoungGen: 137048K->67505K(175104K)] 343540K->292334K(699392K), 0.0196411 secs] [Times: user=0.19 sys=0.00, real=0.02 secs] 
2016-09-24T01:12:14.753-0400: 92.071: [GC (Allocation Failure) [PSYoungGen: 155569K->85890K(175104K)] 380736K->335672K(699392K), 0.0119193 secs] [Times: user=0.12 sys=0.00, real=0.02 secs] 
2016-09-24T01:12:14.889-0400: 92.207: [GC (GCLocker Initiated GC) [PSYoungGen: 170399K->43105K(175104K)] 426257K->335508K(699392K), 0.0162446 secs] [Times: user=0.16 sys=0.00, real=0.02 secs] 
2016-09-24T01:12:15.020-0400: 92.338: [GC (GCLocker Initiated GC) [PSYoungGen: 131169K->55287K(175104K)] 429751K->353980K(699392K), 0.0137300 secs] [Times: user=0.14 sys=0.00, real=0.01 secs] 
2016-09-24T01:12:15.146-0400: 92.464: [GC (Allocation Failure) [PSYoungGen: 143351K->85794K(175104K)] 442400K->391209K(699392K), 0.0226279 secs] [Times: user=0.23 sys=0.00, real=0.02 secs] 
2016-09-24T01:12:15.299-0400: 92.617: [GC (GCLocker Initiated GC) [PSYoungGen: 172362K->42813K(175104K)] 483852K->385242K(699392K), 0.0115468 secs] [Times: user=0.09 sys=0.00, real=0.01 secs] 
2016-09-24T01:12:15.462-0400: 92.780: [GC (GCLocker Initiated GC) [PSYoungGen: 130877K->55451K(175104K)] 485485K->410187K(699392K), 0.0175629 secs] [Times: user=0.18 sys=0.01, real=0.02 secs] 
2016-09-24T01:12:15.630-0400: 92.948: [GC (GCLocker Initiated GC) [PSYoungGen: 143515K->37357K(175104K)] 504586K->398672K(699392K), 0.0269947 secs] [Times: user=0.30 sys=0.01, real=0.03 secs] 
2016-09-24T01:12:15.783-0400: 93.101: [GC (GCLocker Initiated GC) [PSYoungGen: 125421K->55059K(175104K)] 487477K->417397K(699392K), 0.0121474 secs] [Times: user=0.11 sys=0.00, real=0.01 secs] 
2016-09-24T01:12:15.911-0400: 93.229: [GC (GCLocker Initiated GC) [PSYoungGen: 143123K->67437K(175104K)] 511545K->454187K(699392K), 0.0109566 secs] [Times: user=0.10 sys=0.00, real=0.01 secs] 
2016-09-24T01:12:16.057-0400: 93.375: [GC (Allocation Failure) [PSYoungGen: 155501K->55551K(175104K)] 548620K->479353K(699392K), 0.0184065 secs] [Times: user=0.19 sys=0.01, real=0.02 secs] 
2016-09-24T01:12:16.201-0400: 93.519: [GC (GCLocker Initiated GC) [PSYoungGen: 142199K->49116K(175104K)] 572076K->497633K(699392K), 0.0245343 secs] [Times: user=0.24 sys=0.01, real=0.03 secs] 
2016-09-24T01:12:16.372-0400: 93.690: [GC (Allocation Failure) [PSYoungGen: 137180K->18904K(175104K)] 591797K->510075K(699392K), 0.0395375 secs] [Times: user=0.40 sys=0.00, real=0.04 secs] 
2016-09-24T01:12:16.412-0400: 93.730: [Full GC (Ergonomics) [PSYoungGen: 18904K->0K(175104K)] [ParOldGen: 491170K->40895K(524288K)] 510075K->40895K(699392K), [Metaspace: 44359K->44359K(1087488K)], 0.0597202 secs] [Times: user=0.33 sys=0.01, real=0.06 secs] 
2016-09-24T01:12:16.572-0400: 93.890: [GC (GCLocker Initiated GC) [PSYoungGen: 88064K->86438K(175104K)] 135034K->139483K(699392K), 0.0112755 secs] [Times: user=0.17 sys=0.00, real=0.02 secs] 
2016-09-24T01:12:16.690-0400: 94.008: [GC (GCLocker Initiated GC) [PSYoungGen: 174502K->86182K(175104K)] 227824K->194750K(699392K), 0.0152147 secs] [Times: user=0.19 sys=0.01, real=0.02 secs] 
2016-09-24T01:12:16.820-0400: 94.138: [GC (GCLocker Initiated GC) [PSYoungGen: 174246K->73704K(175104K)] 289028K->225251K(699392K), 0.0259307 secs] [Times: user=0.34 sys=0.00, real=0.03 secs] 
2016-09-24T01:12:16.980-0400: 94.298: [GC (GCLocker Initiated GC) [PSYoungGen: 161768K->73772K(175104K)] 319645K->262339K(699392K), 0.0114429 secs] [Times: user=0.14 sys=0.00, real=0.01 secs] 
2016-09-24T01:12:17.120-0400: 94.438: [GC (GCLocker Initiated GC) [PSYoungGen: 161836K->24784K(175104K)] 362628K->262269K(699392K), 0.0285667 secs] [Times: user=0.33 sys=0.00, real=0.03 secs] 
2016-09-24T01:12:17.268-0400: 94.586: [GC (GCLocker Initiated GC) [PSYoungGen: 112848K->73672K(175104K)] 350499K->329692K(699392K), 0.0134063 secs] [Times: user=0.13 sys=0.00, real=0.01 secs] 
2016-09-24T01:12:17.415-0400: 94.733: [GC (GCLocker Initiated GC) [PSYoungGen: 161736K->61494K(175104K)] 417871K->336121K(699392K), 0.0104034 secs] [Times: user=0.09 sys=0.00, real=0.01 secs] 
2016-09-24T01:12:17.544-0400: 94.862: [GC (GCLocker Initiated GC) [PSYoungGen: 149558K->61330K(175104K)] 424530K->354795K(699392K), 0.0156174 secs] [Times: user=0.14 sys=0.00, real=0.01 secs] 
2016-09-24T01:12:17.689-0400: 95.007: [GC (GCLocker Initiated GC) [PSYoungGen: 149394K->55611K(175104K)] 443012K->391898K(699392K), 0.0108301 secs] [Times: user=0.12 sys=0.00, real=0.01 secs] 
2016-09-24T01:12:17.820-0400: 95.138: [GC (GCLocker Initiated GC) [PSYoungGen: 143675K->67501K(175104K)] 480139K->422497K(699392K), 0.0115640 secs] [Times: user=0.12 sys=0.00, real=0.01 secs] 
2016-09-24T01:12:17.932-0400: 95.250: [GC (GCLocker Initiated GC) [PSYoungGen: 155565K->79587K(175104K)] 510578K->446878K(699392K), 0.0180152 secs] [Times: user=0.17 sys=0.00, real=0.02 secs] 
2016-09-24T01:12:18.095-0400: 95.413: [GC (GCLocker Initiated GC) [PSYoungGen: 167651K->61330K(175104K)] 541059K->471620K(699392K), 0.0334791 secs] [Times: user=0.36 sys=0.00, real=0.03 secs] 
2016-09-24T01:12:18.256-0400: 95.574: [GC (GCLocker Initiated GC) [PSYoungGen: 149394K->42909K(175104K)] 566013K->478045K(699392K), 0.0155645 secs] [Times: user=0.17 sys=0.00, real=0.01 secs] 
2016-09-24T01:12:18.408-0400: 95.726: [GC (GCLocker Initiated GC) [PSYoungGen: 130973K->55515K(175104K)] 578547K->503193K(699392K), 0.0173527 secs] [Times: user=0.16 sys=0.00, real=0.02 secs] 
2016-09-24T01:12:18.545-0400: 95.863: [GC (GCLocker Initiated GC) [PSYoungGen: 143579K->61330K(175104K)] 592092K->528360K(699392K), 0.0092679 secs] [Times: user=0.09 sys=0.00, real=0.00 secs] 
2016-09-24T01:12:18.666-0400: 95.984: [GC (GCLocker Initiated GC) [PSYoungGen: 149394K->73868K(175104K)] 616663K->571632K(699392K), 0.0321412 secs] [Times: user=0.34 sys=0.00, real=0.03 secs] 
2016-09-24T01:12:18.698-0400: 96.016: [Full GC (Ergonomics) [PSYoungGen: 73868K->0K(175104K)] [ParOldGen: 497763K->47294K(524288K)] 571632K->47294K(699392K), [Metaspace: 44361K->44361K(1087488K)], 0.0689408 secs] [Times: user=0.41 sys=0.00, real=0.07 secs] 
2016-09-24T01:12:18.881-0400: 96.199: [GC (GCLocker Initiated GC) [PSYoungGen: 88064K->86110K(175104K)] 141553K->176050K(699392K), 0.0168362 secs] [Times: user=0.22 sys=0.00, real=0.02 secs] 
2016-09-24T01:12:19.017-0400: 96.335: [GC (GCLocker Initiated GC) [PSYoungGen: 174174K->79715K(175104K)] 264240K->237341K(699392K), 0.0124472 secs] [Times: user=0.18 sys=0.00, real=0.01 secs] 
2016-09-24T01:12:19.134-0400: 96.452: [GC (GCLocker Initiated GC) [PSYoungGen: 167779K->67597K(175104K)] 325772K->292707K(699392K), 0.0115705 secs] [Times: user=0.15 sys=0.00, real=0.01 secs] 
2016-09-24T01:12:19.261-0400: 96.579: [GC (GCLocker Initiated GC) [PSYoungGen: 155661K->49312K(175104K)] 380869K->329299K(699392K), 0.0137155 secs] [Times: user=0.08 sys=0.01, real=0.02 secs] 
2016-09-24T01:12:19.412-0400: 96.730: [GC (Allocation Failure) [PSYoungGen: 137376K->55255K(175104K)] 423473K->359837K(699392K), 0.0167706 secs] [Times: user=0.17 sys=0.00, real=0.02 secs] 
2016-09-24T01:12:19.545-0400: 96.863: [GC (GCLocker Initiated GC) [PSYoungGen: 143319K->61330K(175104K)] 447906K->414809K(699392K), 0.0333997 secs] [Times: user=0.38 sys=0.00, real=0.03 secs] 
2016-09-24T01:12:19.700-0400: 97.018: [GC (Allocation Failure) [PSYoungGen: 149394K->55579K(175104K)] 503139K->464142K(699392K), 0.0109707 secs] [Times: user=0.15 sys=0.00, real=0.01 secs] 
2016-09-24T01:12:19.821-0400: 97.139: [GC (GCLocker Initiated GC) [PSYoungGen: 138996K->73740K(175104K)] 553635K->512954K(699392K), 0.0113933 secs] [Times: user=0.11 sys=0.00, real=0.01 secs] 
2016-09-24T01:12:19.958-0400: 97.276: [GC (GCLocker Initiated GC) [PSYoungGen: 161804K->55155K(175104K)] 601024K->513055K(699392K), 0.0225124 secs] [Times: user=0.22 sys=0.00, real=0.02 secs] 
2016-09-24T01:12:19.981-0400: 97.299: [Full GC (Ergonomics) [PSYoungGen: 55155K->0K(175104K)] [ParOldGen: 457900K->46722K(524288K)] 513055K->46722K(699392K), [Metaspace: 44363K->44363K(1087488K)], 0.0654105 secs] [Times: user=0.36 sys=0.01, real=0.07 secs] 
2016-09-24T01:12:20.149-0400: 97.467: [GC (GCLocker Initiated GC) [PSYoungGen: 88064K->86726K(175104K)] 135114K->158077K(699392K), 0.0095872 secs] [Times: user=0.14 sys=0.00, real=0.01 secs] 
2016-09-24T01:12:20.267-0400: 97.585: [GC (GCLocker Initiated GC) [PSYoungGen: 174790K->73836K(175104K)] 252515K->189314K(699392K), 0.0108960 secs] [Times: user=0.16 sys=0.00, real=0.01 secs] 
2016-09-24T01:12:20.405-0400: 97.723: [GC (GCLocker Initiated GC) [PSYoungGen: 161900K->67533K(175104K)] 277566K->219940K(699392K), 0.0268304 secs] [Times: user=0.30 sys=0.00, real=0.02 secs] 
2016-09-24T01:12:20.545-0400: 97.863: [GC (GCLocker Initiated GC) [PSYoungGen: 155597K->49148K(175104K)] 308097K->244268K(699392K), 0.0112044 secs] [Times: user=0.09 sys=0.00, real=0.01 secs] 
2016-09-24T01:12:20.672-0400: 97.990: [GC (GCLocker Initiated GC) [PSYoungGen: 137212K->67341K(175104K)] 332554K->317625K(699392K), 0.0351992 secs] [Times: user=0.28 sys=0.00, real=0.04 secs] 
2016-09-24T01:12:20.855-0400: 98.173: [GC (GCLocker Initiated GC) [PSYoungGen: 155405K->18933K(175104K)] 429993K->348495K(699392K), 0.0199752 secs] [Times: user=0.19 sys=0.00, real=0.02 secs] 
2016-09-24T01:12:21.013-0400: 98.331: [GC (GCLocker Initiated GC) [PSYoungGen: 106997K->55223K(175104K)] 442928K->391405K(699392K), 0.0137572 secs] [Times: user=0.12 sys=0.00, real=0.02 secs] 
2016-09-24T01:12:21.125-0400: 98.443: [GC (GCLocker Initiated GC) [PSYoungGen: 143287K->73544K(175104K)] 479606K->434283K(699392K), 0.0334531 secs] [Times: user=0.38 sys=0.00, real=0.03 secs] 
2016-09-24T01:12:21.274-0400: 98.592: [GC (GCLocker Initiated GC) [PSYoungGen: 161608K->86022K(175104K)] 522708K->471729K(699392K), 0.0225582 secs] [Times: user=0.18 sys=0.00, real=0.02 secs] 
2016-09-24T01:12:21.440-0400: 98.758: [GC (Allocation Failure) [PSYoungGen: 174086K->55551K(175104K)] 572142K->472255K(699392K), 0.0109438 secs] [Times: user=0.08 sys=0.00, real=0.01 secs] 
2016-09-24T01:12:21.585-0400: 98.903: [GC (GCLocker Initiated GC) [PSYoungGen: 137753K->37030K(175104K)] 560533K->460060K(699392K), 0.0120442 secs] [Times: user=0.10 sys=0.00, real=0.01 secs] 
2016-09-24T01:12:21.713-0400: 99.031: [GC (GCLocker Initiated GC) [PSYoungGen: 125094K->55287K(175104K)] 554403K->502933K(699392K), 0.0147390 secs] [Times: user=0.14 sys=0.00, real=0.02 secs] 
2016-09-24T01:12:21.856-0400: 99.174: [GC (GCLocker Initiated GC) [PSYoungGen: 143351K->86018K(175104K)] 591192K->540257K(699392K), 0.0112990 secs] [Times: user=0.16 sys=0.00, real=0.01 secs] 
2016-09-24T01:12:21.867-0400: 99.185: [Full GC (Ergonomics) [PSYoungGen: 86018K->0K(175104K)] [ParOldGen: 454239K->53359K(524288K)] 540257K->53359K(699392K), [Metaspace: 44363K->44363K(1087488K)], 0.0579531 secs] [Times: user=0.40 sys=0.01, real=0.06 secs] 
2016-09-24T01:12:22.049-0400: 99.367: [GC (GCLocker Initiated GC) [PSYoungGen: 88064K->85630K(175104K)] 141548K->151265K(699392K), 0.0219421 secs] [Times: user=0.24 sys=0.00, real=0.02 secs] 
2016-09-24T01:12:22.191-0400: 99.509: [GC (Allocation Failure) [PSYoungGen: 173694K->49344K(175104K)] 245658K->188417K(699392K), 0.0225543 secs] [Times: user=0.27 sys=0.00, real=0.02 secs] 
2016-09-24T01:12:22.348-0400: 99.666: [GC (GCLocker Initiated GC) [PSYoungGen: 131953K->36898K(175104K)] 277101K->218787K(699392K), 0.0226669 secs] [Times: user=0.27 sys=0.00, real=0.02 secs] 
2016-09-24T01:12:22.461-0400: 99.779: [GC (GCLocker Initiated GC) [PSYoungGen: 124962K->86018K(175104K)] 307067K->292574K(699392K), 0.0104214 secs] [Times: user=0.12 sys=0.00, real=0.01 secs] 
2016-09-24T01:12:22.614-0400: 99.932: [GC (GCLocker Initiated GC) [PSYoungGen: 174082K->49440K(175104K)] 386861K->311251K(699392K), 0.0286980 secs] [Times: user=0.34 sys=0.00, real=0.04 secs] 
2016-09-24T01:12:22.791-0400: 100.109: [GC (GCLocker Initiated GC) [PSYoungGen: 137504K->42877K(175104K)] 405638K->335415K(699392K), 0.0371036 secs] [Times: user=0.41 sys=0.00, real=0.04 secs] 
2016-09-24T01:12:22.937-0400: 100.255: [GC (GCLocker Initiated GC) [PSYoungGen: 130941K->55447K(175104K)] 435654K->396777K(699392K), 0.0086082 secs] [Times: user=0.11 sys=0.00, real=0.01 secs] 
2016-09-24T01:12:23.079-0400: 100.397: [GC (GCLocker Initiated GC) [PSYoungGen: 143511K->55775K(175104K)] 484848K->433705K(699392K), 0.0203215 secs] [Times: user=0.27 sys=0.00, real=0.02 secs] 
2016-09-24T01:12:23.198-0400: 100.516: [GC (GCLocker Initiated GC) [PSYoungGen: 143839K->79783K(175104K)] 521923K->458323K(699392K), 0.0082461 secs] [Times: user=0.08 sys=0.01, real=0.01 secs] 
2016-09-24T01:12:23.299-0400: 100.617: [GC (GCLocker Initiated GC) [PSYoungGen: 167847K->73708K(175104K)] 558841K->495377K(699392K), 0.0216497 secs] [Times: user=0.22 sys=0.00, real=0.02 secs] 
2016-09-24T01:12:23.462-0400: 100.780: [GC (GCLocker Initiated GC) [PSYoungGen: 161772K->61198K(175104K)] 595718K->513488K(699392K), 0.0155043 secs] [Times: user=0.17 sys=0.00, real=0.01 secs] 
2016-09-24T01:12:23.605-0400: 100.923: [GC (GCLocker Initiated GC) [PSYoungGen: 149262K->61362K(175104K)] 607898K->538319K(699392K), 0.0192843 secs] [Times: user=0.18 sys=0.01, real=0.02 secs] 
2016-09-24T01:12:23.624-0400: 100.942: [Full GC (Ergonomics) [PSYoungGen: 61362K->0K(175104K)] [ParOldGen: 476957K->53399K(524288K)] 538319K->53399K(699392K), [Metaspace: 44364K->44364K(1087488K)], 0.0595293 secs] [Times: user=0.28 sys=0.00, real=0.06 secs] 
2016-09-24T01:12:23.820-0400: 101.138: [GC (GCLocker Initiated GC) [PSYoungGen: 88064K->85922K(175104K)] 147652K->181961K(699392K), 0.0115261 secs] [Times: user=0.13 sys=0.01, real=0.01 secs] 
2016-09-24T01:12:23.942-0400: 101.260: [GC (GCLocker Initiated GC) [PSYoungGen: 173986K->37194K(175104K)] 282384K->206789K(699392K), 0.0174462 secs] [Times: user=0.18 sys=0.00, real=0.01 secs] 
2016-09-24T01:12:24.099-0400: 101.417: [GC (GCLocker Initiated GC) [PSYoungGen: 125258K->73544K(175104K)] 301021K->267815K(699392K), 0.0142240 secs] [Times: user=0.15 sys=0.00, real=0.01 secs] 
2016-09-24T01:12:24.257-0400: 101.575: [GC (GCLocker Initiated GC) [PSYoungGen: 161608K->85886K(175104K)] 362024K->341253K(699392K), 0.0125171 secs] [Times: user=0.17 sys=0.01, real=0.01 secs] 
2016-09-24T01:12:24.407-0400: 101.725: [GC (Allocation Failure) [PSYoungGen: 173950K->49340K(175104K)] 441660K->353815K(699392K), 0.0072663 secs] [Times: user=0.07 sys=0.00, real=0.01 secs] 
2016-09-24T01:12:24.539-0400: 101.857: [GC (GCLocker Initiated GC) [PSYoungGen: 136430K->55255K(175104K)] 446981K->396456K(699392K), 0.0152630 secs] [Times: user=0.14 sys=0.00, real=0.01 secs] 
2016-09-24T01:12:24.696-0400: 102.014: [GC (Allocation Failure) [PSYoungGen: 143319K->49116K(175104K)] 496914K->421179K(699392K), 0.0260013 secs] [Times: user=0.28 sys=0.00, real=0.02 secs] 
2016-09-24T01:12:24.844-0400: 102.162: [GC (GCLocker Initiated GC) [PSYoungGen: 137180K->85858K(175104K)] 509248K->464129K(699392K), 0.0139311 secs] [Times: user=0.13 sys=0.00, real=0.01 secs] 
2016-09-24T01:12:25.005-0400: 102.323: [GC (GCLocker Initiated GC) [PSYoungGen: 173922K->73576K(175104K)] 552554K->470880K(699392K), 0.0244010 secs] [Times: user=0.27 sys=0.00, real=0.02 secs] 
2016-09-24T01:12:25.143-0400: 102.461: [GC (GCLocker Initiated GC) [PSYoungGen: 161640K->67601K(175104K)] 559305K->483579K(699392K), 0.0254760 secs] [Times: user=0.25 sys=0.01, real=0.02 secs] 
2016-09-24T01:12:25.288-0400: 102.606: [GC (Allocation Failure) [PSYoungGen: 155665K->49180K(175104K)] 583964K->514204K(699392K), 0.0169174 secs] [Times: user=0.17 sys=0.01, real=0.02 secs] 
2016-09-24T01:12:25.305-0400: 102.623: [Full GC (Ergonomics) [PSYoungGen: 49180K->0K(175104K)] [ParOldGen: 465024K->53389K(524288K)] 514204K->53389K(699392K), [Metaspace: 44365K->44365K(1087488K)], 0.0720406 secs] [Times: user=0.51 sys=0.01, real=0.07 secs] 
2016-09-24T01:12:25.491-0400: 102.809: [GC (GCLocker Initiated GC) [PSYoungGen: 88064K->86242K(175104K)] 141458K->170012K(699392K), 0.0138484 secs] [Times: user=0.14 sys=0.00, real=0.02 secs] 
2016-09-24T01:12:25.638-0400: 102.956: [GC (GCLocker Initiated GC) [PSYoungGen: 174306K->31083K(175104K)] 264152K->176348K(699392K), 0.0098636 secs] [Times: user=0.10 sys=0.01, real=0.01 secs] 
2016-09-24T01:12:25.756-0400: 103.074: [GC (GCLocker Initiated GC) [PSYoungGen: 119147K->67341K(175104K)] 264475K->224915K(699392K), 0.0152692 secs] [Times: user=0.14 sys=0.00, real=0.01 secs] 
2016-09-24T01:12:25.894-0400: 103.212: [GC (GCLocker Initiated GC) [PSYoungGen: 155405K->55483K(175104K)] 319310K->262024K(699392K), 0.0131226 secs] [Times: user=0.12 sys=0.01, real=0.01 secs] 
2016-09-24T01:12:26.037-0400: 103.355: [GC (Allocation Failure) [PSYoungGen: 143547K->42909K(175104K)] 350444K->274358K(699392K), 0.0156102 secs] [Times: user=0.14 sys=0.00, real=0.01 secs] 
2016-09-24T01:12:26.173-0400: 103.491: [GC (GCLocker Initiated GC) [PSYoungGen: 130973K->55419K(175104K)] 362427K->305217K(699392K), 0.0075313 secs] [Times: user=0.07 sys=0.00, real=0.01 secs] 
2016-09-24T01:12:26.305-0400: 103.623: [GC (GCLocker Initiated GC) [PSYoungGen: 143483K->73608K(175104K)] 399650K->336118K(699392K), 0.0088509 secs] [Times: user=0.09 sys=0.00, real=0.00 secs] 
2016-09-24T01:12:26.453-0400: 103.771: [GC (GCLocker Initiated GC) [PSYoungGen: 161672K->49312K(175104K)] 430539K->336500K(699392K), 0.0181692 secs] [Times: user=0.17 sys=0.00, real=0.02 secs] 
2016-09-24T01:12:26.594-0400: 103.912: [GC (GCLocker Initiated GC) [PSYoungGen: 137376K->73480K(175104K)] 424622K->367069K(699392K), 0.0362218 secs] [Times: user=0.38 sys=0.00, real=0.04 secs] 
2016-09-24T01:12:26.747-0400: 104.065: [GC (GCLocker Initiated GC) [PSYoungGen: 161544K->43333K(175104K)] 461576K->385969K(699392K), 0.0230281 secs] [Times: user=0.24 sys=0.00, real=0.02 secs] 
2016-09-24T01:12:26.878-0400: 104.196: [GC (GCLocker Initiated GC) [PSYoungGen: 131397K->86118K(175104K)] 474081K->453230K(699392K), 0.0244530 secs] [Times: user=0.29 sys=0.00, real=0.03 secs] 
2016-09-24T01:12:27.053-0400: 104.371: [GC (GCLocker Initiated GC) [PSYoungGen: 174182K->37162K(175104K)] 559847K->478090K(699392K), 0.0186408 secs] [Times: user=0.20 sys=0.00, real=0.02 secs] 
2016-09-24T01:12:27.222-0400: 104.540: [GC (GCLocker Initiated GC) [PSYoungGen: 125226K->55287K(175104K)] 566303K->496640K(699392K), 0.0317787 secs] [Times: user=0.37 sys=0.01, real=0.03 secs] 
2016-09-24T01:12:27.356-0400: 104.674: [GC (GCLocker Initiated GC) [PSYoungGen: 143351K->85758K(175104K)] 584734K->533360K(699392K), 0.0107841 secs] [Times: user=0.16 sys=0.00, real=0.01 secs] 
2016-09-24T01:12:27.471-0400: 104.789: [GC (Allocation Failure) [PSYoungGen: 173821K->85890K(175104K)] 621761K->588797K(699392K), 0.0120413 secs] [Times: user=0.15 sys=0.00, real=0.02 secs] 
2016-09-24T01:12:27.483-0400: 104.801: [Full GC (Ergonomics) [PSYoungGen: 85890K->0K(175104K)] [ParOldGen: 502907K->53836K(524288K)] 588797K->53836K(699392K), [Metaspace: 44365K->44365K(1087488K)], 0.0536658 secs] [Times: user=0.31 sys=0.02, real=0.05 secs] 
2016-09-24T01:12:27.658-0400: 104.976: [GC (GCLocker Initiated GC) [PSYoungGen: 88064K->85954K(175104K)] 141905K->145871K(699392K), 0.0125526 secs] [Times: user=0.13 sys=0.00, real=0.01 secs] 
2016-09-24T01:12:27.806-0400: 105.124: [GC (GCLocker Initiated GC) [PSYoungGen: 174018K->37322K(175104K)] 246434K->146628K(699392K), 0.0261014 secs] [Times: user=0.29 sys=0.01, real=0.02 secs] 
2016-09-24T01:12:27.994-0400: 105.312: [GC (Allocation Failure) [PSYoungGen: 125386K->36770K(175104K)] 240976K->152784K(699392K), 0.0073600 secs] [Times: user=0.07 sys=0.00, real=0.01 secs] 
2016-09-24T01:12:28.105-0400: 105.423: [GC (GCLocker Initiated GC) [PSYoungGen: 122244K->55319K(175104K)] 244333K->195736K(699392K), 0.0157867 secs] [Times: user=0.18 sys=0.00, real=0.01 secs] 
2016-09-24T01:12:28.246-0400: 105.564: [GC (GCLocker Initiated GC) [PSYoungGen: 143383K->85890K(175104K)] 284111K->232836K(699392K), 0.0222880 secs] [Times: user=0.25 sys=0.00, real=0.02 secs] 
2016-09-24T01:12:28.408-0400: 105.726: [GC (GCLocker Initiated GC) [PSYoungGen: 173954K->49276K(175104K)] 339161K->214899K(699392K), 0.0110492 secs] [Times: user=0.10 sys=0.00, real=0.01 secs] 
2016-09-24T01:12:28.539-0400: 105.857: [GC (Allocation Failure) [PSYoungGen: 137340K->48952K(175104K)] 303044K->245306K(699392K), 0.0175715 secs] [Times: user=0.19 sys=0.00, real=0.02 secs] 
2016-09-24T01:12:28.681-0400: 105.999: [GC (GCLocker Initiated GC) [PSYoungGen: 133610K->31118K(175104K)] 336039K->288311K(699392K), 0.0155063 secs] [Times: user=0.13 sys=0.00, real=0.02 secs] 
2016-09-24T01:12:28.820-0400: 106.138: [GC (GCLocker Initiated GC) [PSYoungGen: 119182K->73640K(175104K)] 376736K->331453K(699392K), 0.0116719 secs] [Times: user=0.11 sys=0.00, real=0.01 secs] 
2016-09-24T01:12:28.955-0400: 106.273: [GC (Allocation Failure) [PSYoungGen: 161704K->37062K(175104K)] 420337K->314039K(699392K), 0.0062619 secs] [Times: user=0.06 sys=0.00, real=0.00 secs] 
2016-09-24T01:12:29.076-0400: 106.394: [GC (GCLocker Initiated GC) [PSYoungGen: 125126K->79719K(175104K)] 402103K->356947K(699392K), 0.0097029 secs] [Times: user=0.09 sys=0.00, real=0.01 secs] 
2016-09-24T01:12:29.233-0400: 106.551: [GC (Allocation Failure) [PSYoungGen: 167783K->36966K(175104K)] 463575K->351242K(699392K), 0.0174705 secs] [Times: user=0.17 sys=0.00, real=0.02 secs] 
2016-09-24T01:12:29.357-0400: 106.675: [GC (GCLocker Initiated GC) [PSYoungGen: 119263K->37357K(175104K)] 439615K->357984K(699392K), 0.0099551 secs] [Times: user=0.09 sys=0.00, real=0.01 secs] 
2016-09-24T01:12:29.468-0400: 106.786: [GC (GCLocker Initiated GC) [PSYoungGen: 125421K->73672K(175104K)] 446409K->394795K(699392K), 0.0110479 secs] [Times: user=0.12 sys=0.00, real=0.01 secs] 
2016-09-24T01:12:29.613-0400: 106.931: [GC (Allocation Failure) [PSYoungGen: 161736K->43173K(175104K)] 483113K->383051K(699392K), 0.0186675 secs] [Times: user=0.16 sys=0.00, real=0.02 secs] 
2016-09-24T01:12:29.734-0400: 107.052: [GC (GCLocker Initiated GC) [PSYoungGen: 131237K->79555K(175104K)] 471120K->438095K(699392K), 0.0244214 secs] [Times: user=0.23 sys=0.00, real=0.03 secs] 
2016-09-24T01:12:29.881-0400: 107.199: [GC (GCLocker Initiated GC) [PSYoungGen: 167619K->74132K(175104K)] 526408K->487755K(699392K), 0.0139848 secs] [Times: user=0.17 sys=0.01, real=0.02 secs] 
2016-09-24T01:12:30.003-0400: 107.321: [GC (GCLocker Initiated GC) [PSYoungGen: 162196K->79619K(175104K)] 581958K->499665K(699392K), 0.0163434 secs] [Times: user=0.18 sys=0.00, real=0.01 secs] 
2016-09-24T01:12:30.116-0400: 107.434: [GC (GCLocker Initiated GC) [PSYoungGen: 167683K->43368K(175104K)] 588096K->506403K(699392K), 0.0101281 secs] [Times: user=0.08 sys=0.00, real=0.01 secs] 
2016-09-24T01:12:30.126-0400: 107.444: [Full GC (Ergonomics) [PSYoungGen: 43368K->0K(175104K)] [ParOldGen: 463034K->59806K(524288K)] 506403K->59806K(699392K), [Metaspace: 44373K->44373K(1087488K)], 0.0517270 secs] [Times: user=0.27 sys=0.02, real=0.05 secs] 
2016-09-24T01:12:30.292-0400: 107.610: [GC (Allocation Failure) [PSYoungGen: 88064K->73772K(175104K)] 148165K->133873K(699392K), 0.0178963 secs] [Times: user=0.22 sys=0.00, real=0.02 secs] 
2016-09-24T01:12:30.413-0400: 107.731: [GC (GCLocker Initiated GC) [PSYoungGen: 161836K->37066K(175104K)] 221942K->127791K(699392K), 0.0103558 secs] [Times: user=0.05 sys=0.00, real=0.02 secs] 
2016-09-24T01:12:30.538-0400: 107.856: [GC (GCLocker Initiated GC) [PSYoungGen: 125130K->55383K(175104K)] 228053K->195196K(699392K), 0.0215212 secs] [Times: user=0.24 sys=0.00, real=0.02 secs] 
2016-09-24T01:12:30.684-0400: 108.003: [GC (Allocation Failure) [PSYoungGen: 143447K->55547K(175104K)] 289377K->244129K(699392K), 0.0149229 secs] [Times: user=0.15 sys=0.00, real=0.01 secs] 
2016-09-24T01:12:30.813-0400: 108.131: [GC (GCLocker Initiated GC) [PSYoungGen: 143189K->55319K(175104K)] 337847K->280815K(699392K), 0.0096118 secs] [Times: user=0.10 sys=0.00, real=0.02 secs] 
2016-09-24T01:12:30.936-0400: 108.254: [GC (GCLocker Initiated GC) [PSYoungGen: 143383K->55383K(175104K)] 374955K->305480K(699392K), 0.0079336 secs] [Times: user=0.09 sys=0.00, real=0.01 secs] 
2016-09-24T01:12:31.046-0400: 108.364: [GC (GCLocker Initiated GC) [PSYoungGen: 143447K->85790K(175104K)] 399689K->360393K(699392K), 0.0108252 secs] [Times: user=0.15 sys=0.00, real=0.01 secs] 
2016-09-24T01:12:31.167-0400: 108.485: [GC (GCLocker Initiated GC) [PSYoungGen: 173854K->55579K(175104K)] 448571K->403535K(699392K), 0.0132670 secs] [Times: user=0.21 sys=0.00, real=0.01 secs] 
2016-09-24T01:12:31.294-0400: 108.612: [GC (Allocation Failure) [PSYoungGen: 143643K->37681K(175104K)] 498024K->410768K(699392K), 0.0071878 secs] [Times: user=0.08 sys=0.00, real=0.00 secs] 
2016-09-24T01:12:31.404-0400: 108.722: [GC (GCLocker Initiated GC) [PSYoungGen: 120850K->85822K(175104K)] 500011K->471209K(699392K), 0.0366494 secs] [Times: user=0.41 sys=0.00, real=0.03 secs] 
2016-09-24T01:12:31.546-0400: 108.864: [GC (GCLocker Initiated GC) [PSYoungGen: 173886K->86182K(175104K)] 559634K->478140K(699392K), 0.0120834 secs] [Times: user=0.18 sys=0.00, real=0.01 secs] 
2016-09-24T01:12:31.683-0400: 109.001: [GC (GCLocker Initiated GC) [PSYoungGen: 174246K->73608K(175104K)] 566263K->502530K(699392K), 0.0094484 secs] [Times: user=0.13 sys=0.00, real=0.00 secs] 
2016-09-24T01:12:31.820-0400: 109.138: [GC (GCLocker Initiated GC) [PSYoungGen: 161672K->73512K(175104K)] 590882K->539300K(699392K), 0.0215883 secs] [Times: user=0.26 sys=0.02, real=0.03 secs] 
2016-09-24T01:12:31.842-0400: 109.160: [Full GC (Ergonomics) [PSYoungGen: 73512K->0K(175104K)] [ParOldGen: 465788K->45773K(524288K)] 539300K->45773K(699392K), [Metaspace: 44380K->44380K(1087488K)], 0.0859554 secs] [Times: user=0.66 sys=0.02, real=0.08 secs] 
2016-09-24T01:12:32.012-0400: 109.330: [GC (GCLocker Initiated GC) [PSYoungGen: 88064K->86046K(175104K)] 134108K->186765K(699392K), 0.0111590 secs] [Times: user=0.14 sys=0.00, real=0.02 secs] 
2016-09-24T01:12:32.123-0400: 109.441: [GC (GCLocker Initiated GC) [PSYoungGen: 174110K->67793K(175104K)] 281025K->260354K(699392K), 0.0132736 secs] [Times: user=0.16 sys=0.00, real=0.01 secs] 
2016-09-24T01:12:32.226-0400: 109.544: [GC (GCLocker Initiated GC) [PSYoungGen: 155857K->79911K(175104K)] 354781K->321636K(699392K), 0.0252507 secs] [Times: user=0.28 sys=0.00, real=0.02 secs] 
2016-09-24T01:12:32.366-0400: 109.684: [GC (Allocation Failure) [PSYoungGen: 167975K->73804K(175104K)] 415984K->370729K(699392K), 0.0108000 secs] [Times: user=0.13 sys=0.00, real=0.01 secs] 
2016-09-24T01:12:32.377-0400: 109.695: [GC (GCLocker Initiated GC) [PSYoungGen: 73813K->32K(175104K)] 370739K->358217K(699392K), 0.0079529 secs] [Times: user=0.06 sys=0.00, real=0.01 secs] 
2016-09-24T01:12:32.492-0400: 109.810: [GC (GCLocker Initiated GC) [PSYoungGen: 84207K->55255K(175104K)] 448467K->419515K(699392K), 0.0097118 secs] [Times: user=0.07 sys=0.01, real=0.01 secs] 
2016-09-24T01:12:32.617-0400: 109.935: [GC (GCLocker Initiated GC) [PSYoungGen: 143319K->67373K(175104K)] 507621K->450168K(699392K), 0.0185226 secs] [Times: user=0.16 sys=0.01, real=0.02 secs] 
2016-09-24T01:12:32.737-0400: 110.055: [GC (GCLocker Initiated GC) [PSYoungGen: 155437K->61266K(175104K)] 538593K->487230K(699392K), 0.0263488 secs] [Times: user=0.23 sys=0.00, real=0.03 secs] 
2016-09-24T01:12:32.872-0400: 110.190: [GC (Allocation Failure) [PSYoungGen: 149330K->85690K(175104K)] 575554K->542589K(699392K), 0.0118206 secs] [Times: user=0.16 sys=0.00, real=0.02 secs] 
2016-09-24T01:12:32.884-0400: 110.202: [Full GC (Ergonomics) [PSYoungGen: 85690K->0K(175104K)] [ParOldGen: 456899K->52146K(524288K)] 542589K->52146K(699392K), [Metaspace: 44380K->44380K(1087488K)], 0.0575405 secs] [Times: user=0.39 sys=0.01, real=0.05 secs] 
2016-09-24T01:12:33.054-0400: 110.372: [GC (GCLocker Initiated GC) [PSYoungGen: 88064K->86210K(175104K)] 140215K->150512K(699392K), 0.0366652 secs] [Times: user=0.47 sys=0.00, real=0.03 secs] 
2016-09-24T01:12:33.205-0400: 110.523: [GC (GCLocker Initiated GC) [PSYoungGen: 174274K->55415K(175104K)] 238842K->175525K(699392K), 0.0179658 secs] [Times: user=0.26 sys=0.01, real=0.02 secs] 
2016-09-24T01:12:33.328-0400: 110.646: [GC (GCLocker Initiated GC) [PSYoungGen: 143479K->85822K(175104K)] 263895K->242840K(699392K), 0.0101846 secs] [Times: user=0.14 sys=0.00, real=0.01 secs] 
2016-09-24T01:12:33.450-0400: 110.768: [GC (GCLocker Initiated GC) [PSYoungGen: 173886K->85822K(175104K)] 330947K->279632K(699392K), 0.0178619 secs] [Times: user=0.20 sys=0.00, real=0.02 secs] 
2016-09-24T01:12:33.612-0400: 110.930: [GC (GCLocker Initiated GC) [PSYoungGen: 173886K->49080K(175104K)] 367750K->291820K(699392K), 0.0158149 secs] [Times: user=0.18 sys=0.00, real=0.02 secs] 
2016-09-24T01:12:33.741-0400: 111.059: [GC (Allocation Failure) [PSYoungGen: 137144K->79815K(175104K)] 380155K->335079K(699392K), 0.0364088 secs] [Times: user=0.41 sys=0.00, real=0.04 secs] 
2016-09-24T01:12:33.897-0400: 111.215: [GC (GCLocker Initiated GC) [PSYoungGen: 167879K->61362K(175104K)] 423149K->365500K(699392K), 0.0209621 secs] [Times: user=0.20 sys=0.00, real=0.02 secs] 
2016-09-24T01:12:34.059-0400: 111.377: [GC (GCLocker Initiated GC) [PSYoungGen: 149426K->37617K(175104K)] 471848K->378384K(699392K), 0.0073440 secs] [Times: user=0.10 sys=0.00, real=0.01 secs] 
2016-09-24T01:12:34.217-0400: 111.535: [GC (Allocation Failure) [PSYoungGen: 125681K->73608K(175104K)] 472621K->432989K(699392K), 0.0100086 secs] [Times: user=0.11 sys=0.01, real=0.01 secs] 
2016-09-24T01:12:34.320-0400: 111.638: [GC (GCLocker Initiated GC) [PSYoungGen: 156086K->73512K(175104K)] 521542K->469610K(699392K), 0.0348456 secs] [Times: user=0.38 sys=0.00, real=0.04 secs] 
2016-09-24T01:12:34.512-0400: 111.830: [GC (Allocation Failure) [PSYoungGen: 161576K->30923K(175104K)] 570118K->476174K(699392K), 0.0171623 secs] [Times: user=0.16 sys=0.00, real=0.02 secs] 
2016-09-24T01:12:34.664-0400: 111.982: [GC (GCLocker Initiated GC) [PSYoungGen: 117693K->49048K(175104K)] 569020K->524950K(699392K), 0.0229794 secs] [Times: user=0.22 sys=0.00, real=0.02 secs] 
2016-09-24T01:12:34.688-0400: 112.006: [Full GC (Ergonomics) [PSYoungGen: 49048K->0K(175104K)] [ParOldGen: 475902K->46070K(524288K)] 524950K->46070K(699392K), [Metaspace: 44383K->44383K(1087488K)], 0.0550595 secs] [Times: user=0.34 sys=0.01, real=0.06 secs] 
2016-09-24T01:12:34.837-0400: 112.155: [GC (GCLocker Initiated GC) [PSYoungGen: 88064K->86530K(175104K)] 134289K->187430K(699392K), 0.0120885 secs] [Times: user=0.17 sys=0.00, real=0.01 secs] 
2016-09-24T01:12:34.954-0400: 112.272: [GC (GCLocker Initiated GC) [PSYoungGen: 174593K->79747K(175104K)] 281901K->254879K(699392K), 0.0182049 secs] [Times: user=0.24 sys=0.00, real=0.01 secs] 
2016-09-24T01:12:35.104-0400: 112.422: [GC (GCLocker Initiated GC) [PSYoungGen: 167811K->37062K(175104K)] 349055K->273256K(699392K), 0.0103688 secs] [Times: user=0.11 sys=0.00, real=0.01 secs] 
2016-09-24T01:12:35.231-0400: 112.549: [GC (GCLocker Initiated GC) [PSYoungGen: 125126K->73772K(175104K)] 367436K->316193K(699392K), 0.0079849 secs] [Times: user=0.06 sys=0.00, real=0.01 secs] 
2016-09-24T01:12:35.377-0400: 112.695: [GC (Allocation Failure) [PSYoungGen: 161836K->55223K(175104K)] 410430K->322317K(699392K), 0.0378963 secs] [Times: user=0.38 sys=0.00, real=0.04 secs] 
2016-09-24T01:12:35.531-0400: 112.849: [GC (GCLocker Initiated GC) [PSYoungGen: 143287K->73740K(175104K)] 410387K->389724K(699392K), 0.0170127 secs] [Times: user=0.17 sys=0.01, real=0.02 secs] 
2016-09-24T01:12:35.656-0400: 112.974: [GC (GCLocker Initiated GC) [PSYoungGen: 161804K->79683K(175104K)] 477801K->414196K(699392K), 0.0124166 secs] [Times: user=0.14 sys=0.00, real=0.01 secs] 
2016-09-24T01:12:35.804-0400: 113.122: [GC (GCLocker Initiated GC) [PSYoungGen: 167747K->55287K(175104K)] 508433K->414302K(699392K), 0.0145231 secs] [Times: user=0.14 sys=0.01, real=0.01 secs] 
2016-09-24T01:12:35.925-0400: 113.243: [GC (GCLocker Initiated GC) [PSYoungGen: 143351K->85758K(175104K)] 502693K->500091K(699392K), 0.0210140 secs] [Times: user=0.20 sys=0.00, real=0.02 secs] 
2016-09-24T01:12:36.099-0400: 113.417: [GC (GCLocker Initiated GC) [PSYoungGen: 173822K->36834K(175104K)] 600475K->500197K(699392K), 0.0099869 secs] [Times: user=0.09 sys=0.00, real=0.01 secs] 
2016-09-24T01:12:36.109-0400: 113.427: [Full GC (Ergonomics) [PSYoungGen: 36834K->0K(175104K)] [ParOldGen: 463362K->46100K(524288K)] 500197K->46100K(699392K), [Metaspace: 44387K->44387K(1087488K)], 0.0671432 secs] [Times: user=0.43 sys=0.01, real=0.07 secs] 
2016-09-24T01:12:36.315-0400: 113.633: [GC (GCLocker Initiated GC) [PSYoungGen: 88064K->79811K(175104K)] 134263K->126011K(699392K), 0.0142461 secs] [Times: user=0.15 sys=0.00, real=0.01 secs] 
2016-09-24T01:12:36.456-0400: 113.774: [GC (GCLocker Initiated GC) [PSYoungGen: 167875K->30891K(175104K)] 220298K->120264K(699392K), 0.0146891 secs] [Times: user=0.13 sys=0.00, real=0.01 secs] 
2016-09-24T01:12:36.573-0400: 113.891: [GC (GCLocker Initiated GC) [PSYoungGen: 118955K->85562K(175104K)] 208388K->175270K(699392K), 0.0422426 secs] [Times: user=0.48 sys=0.01, real=0.05 secs] 
2016-09-24T01:12:36.714-0400: 114.032: [GC (GCLocker Initiated GC) [PSYoungGen: 173626K->79715K(175104K)] 263487K->248671K(699392K), 0.0143669 secs] [Times: user=0.16 sys=0.00, real=0.02 secs] 
2016-09-24T01:12:36.868-0400: 114.186: [GC (GCLocker Initiated GC) [PSYoungGen: 167779K->73476K(175104K)] 336961K->261159K(699392K), 0.0142209 secs] [Times: user=0.16 sys=0.00, real=0.02 secs] 
2016-09-24T01:12:37.002-0400: 114.320: [GC (GCLocker Initiated GC) [PSYoungGen: 161540K->79523K(175104K)] 349461K->267539K(699392K), 0.0140305 secs] [Times: user=0.16 sys=0.00, real=0.01 secs] 
2016-09-24T01:12:37.140-0400: 114.458: [GC (GCLocker Initiated GC) [PSYoungGen: 167587K->61458K(175104K)] 355717K->286330K(699392K), 0.0104930 secs] [Times: user=0.14 sys=0.01, real=0.01 secs] 
2016-09-24T01:12:37.288-0400: 114.606: [GC (Allocation Failure) [PSYoungGen: 149522K->19032K(175104K)] 386559K->298707K(699392K), 0.0106011 secs] [Times: user=0.09 sys=0.00, real=0.01 secs] 
2016-09-24T01:12:37.415-0400: 114.733: [GC (GCLocker Initiated GC) [PSYoungGen: 106696K->86086K(175104K)] 392445K->378209K(699392K), 0.0169701 secs] [Times: user=0.17 sys=0.00, real=0.01 secs] 
2016-09-24T01:12:37.558-0400: 114.876: [GC (GCLocker Initiated GC) [PSYoungGen: 174150K->67505K(175104K)] 472413K->378341K(699392K), 0.0126358 secs] [Times: user=0.09 sys=0.00, real=0.01 secs] 
2016-09-24T01:12:37.674-0400: 114.992: [GC (GCLocker Initiated GC) [PSYoungGen: 155569K->73448K(175104K)] 466447K->433178K(699392K), 0.0316793 secs] [Times: user=0.31 sys=0.00, real=0.04 secs] 
2016-09-24T01:12:37.820-0400: 115.138: [GC (GCLocker Initiated GC) [PSYoungGen: 161512K->43205K(175104K)] 521546K->439949K(699392K), 0.0217355 secs] [Times: user=0.20 sys=0.00, real=0.02 secs] 
2016-09-24T01:12:38.008-0400: 115.326: [GC (GCLocker Initiated GC) [PSYoungGen: 131269K->49016K(175104K)] 540289K->476520K(699392K), 0.0198156 secs] [Times: user=0.18 sys=0.00, real=0.02 secs] 
2016-09-24T01:12:38.137-0400: 115.455: [GC (GCLocker Initiated GC) [PSYoungGen: 137080K->61298K(175104K)] 564794K->507348K(699392K), 0.0146497 secs] [Times: user=0.15 sys=0.00, real=0.01 secs] 
2016-09-24T01:12:38.284-0400: 115.602: [GC (GCLocker Initiated GC) [PSYoungGen: 149362K->61362K(175104K)] 595773K->538416K(699392K), 0.0233652 secs] [Times: user=0.24 sys=0.00, real=0.02 secs] 
2016-09-24T01:12:38.308-0400: 115.626: [Full GC (Ergonomics) [PSYoungGen: 61362K->0K(175104K)] [ParOldGen: 477054K->46747K(524288K)] 538416K->46747K(699392K), [Metaspace: 44392K->44392K(1087488K)], 0.0588801 secs] [Times: user=0.33 sys=0.01, real=0.06 secs] 
2016-09-24T01:12:38.503-0400: 115.821: [GC (Allocation Failure) [PSYoungGen: 88064K->79943K(175104K)] 147131K->139011K(699392K), 0.0108573 secs] [Times: user=0.14 sys=0.00, real=0.00 secs] 
2016-09-24T01:12:38.650-0400: 115.968: [GC (GCLocker Initiated GC) [PSYoungGen: 165914K->42941K(175104K)] 231057K->163026K(699392K), 0.0135733 secs] [Times: user=0.16 sys=0.00, real=0.02 secs] 
2016-09-24T01:12:38.781-0400: 116.099: [GC (GCLocker Initiated GC) [PSYoungGen: 131005K->85758K(175104K)] 251205K->206085K(699392K), 0.0081492 secs] [Times: user=0.12 sys=0.00, real=0.01 secs] 
2016-09-24T01:12:38.891-0400: 116.209: [GC (GCLocker Initiated GC) [PSYoungGen: 173822K->79615K(175104K)] 294203K->255026K(699392K), 0.0197110 secs] [Times: user=0.25 sys=0.00, real=0.02 secs] 
2016-09-24T01:12:39.046-0400: 116.364: [GC (GCLocker Initiated GC) [PSYoungGen: 167679K->55515K(175104K)] 343115K->322211K(699392K), 0.0356712 secs] [Times: user=0.44 sys=0.00, real=0.03 secs] 
2016-09-24T01:12:39.188-0400: 116.506: [GC (GCLocker Initiated GC) [PSYoungGen: 143579K->85722K(175104K)] 410312K->358838K(699392K), 0.0104851 secs] [Times: user=0.16 sys=0.00, real=0.01 secs] 
2016-09-24T01:12:39.300-0400: 116.618: [GC (GCLocker Initiated GC) [PSYoungGen: 173786K->79747K(175104K)] 447180K->407975K(699392K), 0.0122330 secs] [Times: user=0.16 sys=0.00, real=0.01 secs] 
2016-09-24T01:12:39.482-0400: 116.800: [GC (GCLocker Initiated GC) [PSYoungGen: 167811K->49080K(175104K)] 502156K->401918K(699392K), 0.0125521 secs] [Times: user=0.16 sys=0.00, real=0.01 secs] 
2016-09-24T01:12:39.610-0400: 116.928: [GC (GCLocker Initiated GC) [PSYoungGen: 137144K->85690K(175104K)] 490136K->493524K(699392K), 0.0148814 secs] [Times: user=0.21 sys=0.00, real=0.02 secs] 
2016-09-24T01:12:39.723-0400: 117.041: [GC (GCLocker Initiated GC) [PSYoungGen: 173754K->79783K(175104K)] 581951K->530665K(699392K), 0.0125395 secs] [Times: user=0.15 sys=0.00, real=0.01 secs] 
2016-09-24T01:12:39.735-0400: 117.053: [Full GC (Ergonomics) [PSYoungGen: 79783K->0K(175104K)] [ParOldGen: 450881K->52506K(524288K)] 530665K->52506K(699392K), [Metaspace: 44392K->44392K(1087488K)], 0.0447351 secs] [Times: user=0.36 sys=0.00, real=0.04 secs] 
2016-09-24T01:12:39.886-0400: 117.204: [GC (GCLocker Initiated GC) [PSYoungGen: 88064K->86438K(175104K)] 140914K->145363K(699392K), 0.0117905 secs] [Times: user=0.18 sys=0.00, real=0.01 secs] 
2016-09-24T01:12:40.005-0400: 117.323: [GC (GCLocker Initiated GC) [PSYoungGen: 174502K->86018K(175104K)] 233469K->188394K(699392K), 0.0135842 secs] [Times: user=0.19 sys=0.00, real=0.01 secs] 
2016-09-24T01:12:40.133-0400: 117.451: [GC (GCLocker Initiated GC) [PSYoungGen: 174082K->55643K(175104K)] 282761K->219165K(699392K), 0.0106020 secs] [Times: user=0.16 sys=0.01, real=0.02 secs] 
2016-09-24T01:12:40.274-0400: 117.592: [GC (GCLocker Initiated GC) [PSYoungGen: 143707K->79487K(175104K)] 307259K->261556K(699392K), 0.0095006 secs] [Times: user=0.11 sys=0.00, real=0.01 secs] 
2016-09-24T01:12:40.444-0400: 117.762: [GC (Allocation Failure) [PSYoungGen: 167551K->37026K(175104K)] 361946K->274073K(699392K), 0.0088991 secs] [Times: user=0.09 sys=0.00, real=0.00 secs] 
2016-09-24T01:12:40.558-0400: 117.876: [GC (GCLocker Initiated GC) [PSYoungGen: 120364K->61326K(175104K)] 363487K->334991K(699392K), 0.0300620 secs] [Times: user=0.43 sys=0.00, real=0.03 secs] 
2016-09-24T01:12:40.707-0400: 118.025: [GC (GCLocker Initiated GC) [PSYoungGen: 149390K->85954K(175104K)] 423265K->396422K(699392K), 0.0118154 secs] [Times: user=0.15 sys=0.01, real=0.01 secs] 
2016-09-24T01:12:40.826-0400: 118.144: [GC (Allocation Failure) [PSYoungGen: 174018K->79815K(175104K)] 484718K->445490K(699392K), 0.0186404 secs] [Times: user=0.28 sys=0.00, real=0.02 secs] 
2016-09-24T01:12:40.950-0400: 118.268: [GC (GCLocker Initiated GC) [PSYoungGen: 164610K->55219K(175104K)] 536360K->457824K(699392K), 0.0102059 secs] [Times: user=0.13 sys=0.00, real=0.01 secs] 
2016-09-24T01:12:41.082-0400: 118.400: [GC (GCLocker Initiated GC) [PSYoungGen: 143283K->85822K(175104K)] 546249K->495022K(699392K), 0.0099238 secs] [Times: user=0.12 sys=0.00, real=0.01 secs] 
2016-09-24T01:12:41.242-0400: 118.560: [GC (GCLocker Initiated GC) [PSYoungGen: 173886K->55027K(175104K)] 589516K->489150K(699392K), 0.0183347 secs] [Times: user=0.17 sys=0.00, real=0.01 secs] 
2016-09-24T01:12:41.392-0400: 118.710: [GC (GCLocker Initiated GC) [PSYoungGen: 143091K->55223K(175104K)] 589433K->501685K(699392K), 0.0142452 secs] [Times: user=0.15 sys=0.00, real=0.02 secs] 
2016-09-24T01:12:41.406-0400: 118.724: [Full GC (Ergonomics) [PSYoungGen: 55223K->0K(175104K)] [ParOldGen: 446462K->46739K(524288K)] 501685K->46739K(699392K), [Metaspace: 44393K->44393K(1087488K)], 0.0629702 secs] [Times: user=0.43 sys=0.01, real=0.06 secs] 
2016-09-24T01:12:41.583-0400: 118.901: [GC (GCLocker Initiated GC) [PSYoungGen: 88064K->74779K(175104K)] 147303K->134019K(699392K), 0.0104630 secs] [Times: user=0.15 sys=0.00, real=0.00 secs] 
2016-09-24T01:12:41.735-0400: 119.053: [GC (GCLocker Initiated GC) [PSYoungGen: 162843K->55351K(175104K)] 222444K->134075K(699392K), 0.0121415 secs] [Times: user=0.17 sys=0.00, real=0.01 secs] 
2016-09-24T01:12:41.882-0400: 119.200: [GC (GCLocker Initiated GC) [PSYoungGen: 143415K->73512K(175104K)] 222433K->164760K(699392K), 0.0084224 secs] [Times: user=0.07 sys=0.01, real=0.01 secs] 
2016-09-24T01:12:42.003-0400: 119.321: [GC (GCLocker Initiated GC) [PSYoungGen: 161576K->85694K(175104K)] 252955K->213667K(699392K), 0.0105472 secs] [Times: user=0.12 sys=0.00, real=0.00 secs] 
2016-09-24T01:12:42.137-0400: 119.455: [GC (GCLocker Initiated GC) [PSYoungGen: 173758K->55647K(175104K)] 307993K->232518K(699392K), 0.0198297 secs] [Times: user=0.21 sys=0.00, real=0.02 secs] 
2016-09-24T01:12:42.274-0400: 119.592: [GC (GCLocker Initiated GC) [PSYoungGen: 143711K->43041K(175104K)] 327013K->257305K(699392K), 0.0223527 secs] [Times: user=0.24 sys=0.00, real=0.03 secs] 
2016-09-24T01:12:42.408-0400: 119.726: [GC (GCLocker Initiated GC) [PSYoungGen: 131105K->73804K(175104K)] 351609K->330901K(699392K), 0.0108113 secs] [Times: user=0.14 sys=0.00, real=0.01 secs] 
2016-09-24T01:12:42.534-0400: 119.852: [GC (GCLocker Initiated GC) [PSYoungGen: 161868K->79715K(175104K)] 419332K->355687K(699392K), 0.0256253 secs] [Times: user=0.26 sys=0.00, real=0.03 secs] 
2016-09-24T01:12:42.678-0400: 119.996: [GC (GCLocker Initiated GC) [PSYoungGen: 167779K->79747K(175104K)] 443849K->410620K(699392K), 0.0333790 secs] [Times: user=0.43 sys=0.00, real=0.03 secs] 
2016-09-24T01:12:42.829-0400: 120.147: [GC (GCLocker Initiated GC) [PSYoungGen: 167811K->67957K(175104K)] 505071K->453976K(699392K), 0.0104217 secs] [Times: user=0.13 sys=0.01, real=0.01 secs] 
2016-09-24T01:12:42.976-0400: 120.294: [GC (GCLocker Initiated GC) [PSYoungGen: 156021K->36866K(175104K)] 548341K->447859K(699392K), 0.0140615 secs] [Times: user=0.18 sys=0.01, real=0.01 secs] 
2016-09-24T01:12:43.085-0400: 120.403: [GC (GCLocker Initiated GC) [PSYoungGen: 124930K->73608K(175104K)] 536019K->484824K(699392K), 0.0095652 secs] [Times: user=0.12 sys=0.00, real=0.01 secs] 
2016-09-24T01:12:43.241-0400: 120.559: [GC (GCLocker Initiated GC) [PSYoungGen: 161672K->55803K(175104K)] 572890K->503794K(699392K), 0.0348516 secs] [Times: user=0.44 sys=0.01, real=0.04 secs] 
2016-09-24T01:12:43.366-0400: 120.684: [GC (GCLocker Initiated GC) [PSYoungGen: 143867K->85562K(175104K)] 591906K->558793K(699392K), 0.0117676 secs] [Times: user=0.18 sys=0.00, real=0.01 secs] 
2016-09-24T01:12:43.378-0400: 120.696: [Full GC (Ergonomics) [PSYoungGen: 85562K->0K(175104K)] [ParOldGen: 473231K->46610K(524288K)] 558793K->46610K(699392K), [Metaspace: 44393K->44393K(1087488K)], 0.0575191 secs] [Times: user=0.47 sys=0.01, real=0.06 secs] 
2016-09-24T01:12:43.547-0400: 120.865: [GC (GCLocker Initiated GC) [PSYoungGen: 88064K->86566K(175104K)] 134855K->139433K(699392K), 0.0110985 secs] [Times: user=0.12 sys=0.00, real=0.01 secs] 
2016-09-24T01:12:43.662-0400: 120.980: [GC (GCLocker Initiated GC) [PSYoungGen: 174630K->73444K(175104K)] 227595K->175976K(699392K), 0.0103357 secs] [Times: user=0.12 sys=0.00, real=0.00 secs] 
2016-09-24T01:12:43.793-0400: 121.111: [GC (GCLocker Initiated GC) [PSYoungGen: 161508K->61362K(175104K)] 264283K->194608K(699392K), 0.0131169 secs] [Times: user=0.12 sys=0.00, real=0.02 secs] 
2016-09-24T01:12:43.919-0400: 121.237: [GC (Allocation Failure) [PSYoungGen: 149426K->30859K(175104K)] 282815K->200965K(699392K), 0.0230381 secs] [Times: user=0.22 sys=0.00, real=0.03 secs] 
2016-09-24T01:12:44.081-0400: 121.399: [GC (GCLocker Initiated GC) [PSYoungGen: 116517K->55383K(175104K)] 292699K->262199K(699392K), 0.0122357 secs] [Times: user=0.11 sys=0.01, real=0.01 secs] 
2016-09-24T01:12:44.201-0400: 121.519: [GC (GCLocker Initiated GC) [PSYoungGen: 143447K->85594K(175104K)] 350333K->298846K(699392K), 0.0139218 secs] [Times: user=0.17 sys=0.00, real=0.02 secs] 
2016-09-24T01:12:44.314-0400: 121.632: [GC (GCLocker Initiated GC) [PSYoungGen: 173658K->49667K(175104K)] 393123K->342208K(699392K), 0.0132951 secs] [Times: user=0.14 sys=0.00, real=0.01 secs] 
2016-09-24T01:12:44.448-0400: 121.766: [GC (GCLocker Initiated GC) [PSYoungGen: 137731K->86150K(175104K)] 436434K->446082K(699392K), 0.0122549 secs] [Times: user=0.14 sys=0.00, real=0.01 secs] 
2016-09-24T01:12:44.595-0400: 121.913: [GC (GCLocker Initiated GC) [PSYoungGen: 174214K->55611K(175104K)] 540374K->470523K(699392K), 0.0131013 secs] [Times: user=0.16 sys=0.00, real=0.01 secs] 
2016-09-24T01:12:44.713-0400: 122.031: [GC (Allocation Failure) [PSYoungGen: 143675K->73348K(175104K)] 558624K->506986K(699392K), 0.0081377 secs] [Times: user=0.09 sys=0.01, real=0.01 secs] 
2016-09-24T01:12:44.844-0400: 122.162: [GC (Allocation Failure) [PSYoungGen: 161412K->43041K(175104K)] 595050K->513217K(699392K), 0.0480620 secs] [Times: user=0.40 sys=0.00, real=0.04 secs] 
2016-09-24T01:12:44.892-0400: 122.210: [Full GC (Ergonomics) [PSYoungGen: 43041K->0K(175104K)] [ParOldGen: 470175K->52782K(524288K)] 513217K->52782K(699392K), [Metaspace: 44393K->44393K(1087488K)], 0.0553187 secs] [Times: user=0.32 sys=0.01, real=0.06 secs] 
2016-09-24T01:12:45.075-0400: 122.393: [GC (GCLocker Initiated GC) [PSYoungGen: 86903K->74612K(175104K)] 145760K->133469K(699392K), 0.0097651 secs] [Times: user=0.11 sys=0.00, real=0.01 secs] 
2016-09-24T01:12:45.198-0400: 122.516: [GC (GCLocker Initiated GC) [PSYoungGen: 162676K->79519K(175104K)] 221720K->176145K(699392K), 0.0240979 secs] [Times: user=0.31 sys=0.00, real=0.02 secs] 
2016-09-24T01:12:45.318-0400: 122.636: [GC (GCLocker Initiated GC) [PSYoungGen: 167583K->79779K(175104K)] 264362K->213152K(699392K), 0.0110263 secs] [Times: user=0.15 sys=0.00, real=0.01 secs] 
2016-09-24T01:12:45.433-0400: 122.751: [GC (GCLocker Initiated GC) [PSYoungGen: 167843K->73508K(175104K)] 301375K->225580K(699392K), 0.0099206 secs] [Times: user=0.13 sys=0.00, real=0.02 secs] 
2016-09-24T01:12:45.551-0400: 122.869: [GC (Allocation Failure) [PSYoungGen: 161572K->73804K(175104K)] 313938K->226298K(699392K), 0.0102406 secs] [Times: user=0.12 sys=0.01, real=0.01 secs] 
2016-09-24T01:12:45.691-0400: 123.009: [GC (GCLocker Initiated GC) [PSYoungGen: 161864K->73672K(175104K)] 314364K->262945K(699392K), 0.0113807 secs] [Times: user=0.16 sys=0.01, real=0.02 secs] 
2016-09-24T01:12:45.829-0400: 123.147: [GC (GCLocker Initiated GC) [PSYoungGen: 161736K->79779K(175104K)] 351140K->312015K(699392K), 0.0119443 secs] [Times: user=0.14 sys=0.00, real=0.01 secs] 
2016-09-24T01:12:45.951-0400: 123.269: [GC (Allocation Failure) [PSYoungGen: 167843K->73612K(175104K)] 400278K->348715K(699392K), 0.0103683 secs] [Times: user=0.11 sys=0.00, real=0.01 secs] 
2016-09-24T01:12:46.084-0400: 123.402: [GC (GCLocker Initiated GC) [PSYoungGen: 157032K->55451K(175104K)] 438210K->373503K(699392K), 0.0368797 secs] [Times: user=0.44 sys=0.00, real=0.03 secs] 
2016-09-24T01:12:46.258-0400: 123.576: [GC (GCLocker Initiated GC) [PSYoungGen: 143515K->55319K(175104K)] 467890K->379806K(699392K), 0.0092269 secs] [Times: user=0.14 sys=0.01, real=0.01 secs] 
2016-09-24T01:12:46.405-0400: 123.723: [GC (GCLocker Initiated GC) [PSYoungGen: 143383K->73576K(175104K)] 474300K->404605K(699392K), 0.0077107 secs] [Times: user=0.11 sys=0.00, real=0.00 secs] 
2016-09-24T01:12:46.531-0400: 123.849: [GC (GCLocker Initiated GC) [PSYoungGen: 161640K->55807K(175104K)] 492856K->417565K(699392K), 0.0122316 secs] [Times: user=0.14 sys=0.00, real=0.02 secs] 
2016-09-24T01:12:46.636-0400: 123.954: [GC (GCLocker Initiated GC) [PSYoungGen: 143871K->85566K(175104K)] 505986K->466149K(699392K), 0.0328337 secs] [Times: user=0.32 sys=0.00, real=0.03 secs] 
2016-09-24T01:12:46.789-0400: 124.107: [GC (Allocation Failure) [PSYoungGen: 173630K->24848K(175104K)] 566646K->460508K(699392K), 0.0099681 secs] [Times: user=0.09 sys=0.02, real=0.01 secs] 
2016-09-24T01:12:46.893-0400: 124.211: [GC (GCLocker Initiated GC) [PSYoungGen: 109733K->55319K(175104K)] 551469K->497322K(699392K), 0.0167171 secs] [Times: user=0.19 sys=0.00, real=0.02 secs] 
2016-09-24T01:12:47.036-0400: 124.354: [GC (GCLocker Initiated GC) [PSYoungGen: 143383K->86086K(175104K)] 585573K->534494K(699392K), 0.0127380 secs] [Times: user=0.15 sys=0.00, real=0.01 secs] 
2016-09-24T01:12:47.183-0400: 124.501: [Full GC (Ergonomics) [PSYoungGen: 174150K->0K(175104K)] [ParOldGen: 460885K->46889K(524288K)] 635035K->46889K(699392K), [Metaspace: 44402K->44402K(1087488K)], 0.0622499 secs] [Times: user=0.38 sys=0.02, real=0.06 secs] 
2016-09-24T01:12:47.395-0400: 124.713: [GC (GCLocker Initiated GC) [PSYoungGen: 88064K->79651K(175104K)] 134958K->126546K(699392K), 0.0159026 secs] [Times: user=0.14 sys=0.00, real=0.01 secs] 
2016-09-24T01:12:47.536-0400: 124.854: [GC (GCLocker Initiated GC) [PSYoungGen: 167715K->37226K(175104K)] 220728K->126981K(699392K), 0.0296052 secs] [Times: user=0.30 sys=0.00, real=0.03 secs] 
2016-09-24T01:12:47.661-0400: 124.979: [GC (GCLocker Initiated GC) [PSYoungGen: 125290K->73512K(175104K)] 221341K->188048K(699392K), 0.0231232 secs] [Times: user=0.26 sys=0.00, real=0.03 secs] 
2016-09-24T01:12:47.816-0400: 125.134: [GC (GCLocker Initiated GC) [PSYoungGen: 161576K->61686K(175104K)] 282234K->237367K(699392K), 0.0123013 secs] [Times: user=0.16 sys=0.00, real=0.01 secs] 
2016-09-24T01:12:47.924-0400: 125.242: [GC (Allocation Failure) [PSYoungGen: 149750K->79911K(175104K)] 325455K->274329K(699392K), 0.0184759 secs] [Times: user=0.21 sys=0.00, real=0.02 secs] 
2016-09-24T01:12:47.943-0400: 125.261: [GC (GCLocker Initiated GC) [PSYoungGen: 79915K->32K(175104K)] 274333K->280073K(699392K), 0.0155267 secs] [Times: user=0.15 sys=0.00, real=0.01 secs] 
2016-09-24T01:12:48.069-0400: 125.387: [GC (GCLocker Initiated GC) [PSYoungGen: 88096K->85694K(175104K)] 368143K->371816K(699392K), 0.0100228 secs] [Times: user=0.11 sys=0.00, real=0.01 secs] 
2016-09-24T01:12:48.209-0400: 125.527: [GC (GCLocker Initiated GC) [PSYoungGen: 173758K->49148K(175104K)] 466221K->378313K(699392K), 0.0251323 secs] [Times: user=0.24 sys=0.00, real=0.03 secs] 
2016-09-24T01:12:48.346-0400: 125.664: [GC (Allocation Failure) [PSYoungGen: 137212K->73740K(175104K)] 472493K->427382K(699392K), 0.0083701 secs] [Times: user=0.09 sys=0.01, real=0.01 secs] 
2016-09-24T01:12:48.449-0400: 125.767: [GC (GCLocker Initiated GC) [PSYoungGen: 161804K->49148K(175104K)] 515451K->463813K(699392K), 0.0269758 secs] [Times: user=0.26 sys=0.01, real=0.03 secs] 
2016-09-24T01:12:48.585-0400: 125.903: [GC (GCLocker Initiated GC) [PSYoungGen: 137212K->85986K(175104K)] 552075K->507060K(699392K), 0.0113743 secs] [Times: user=0.17 sys=0.00, real=0.01 secs] 
2016-09-24T01:12:48.687-0400: 126.005: [GC (GCLocker Initiated GC) [PSYoungGen: 174050K->85790K(175104K)] 601465K->537812K(699392K), 0.0121975 secs] [Times: user=0.16 sys=0.00, real=0.01 secs] 
2016-09-24T01:12:48.700-0400: 126.018: [Full GC (Ergonomics) [PSYoungGen: 85790K->0K(175104K)] [ParOldGen: 452022K->53347K(524288K)] 537812K->53347K(699392K), [Metaspace: 44403K->44403K(1087488K)], 0.0488171 secs] [Times: user=0.38 sys=0.00, real=0.05 secs] 
2016-09-24T01:12:48.872-0400: 126.190: [GC (GCLocker Initiated GC) [PSYoungGen: 88064K->73708K(175104K)] 147707K->133351K(699392K), 0.0094726 secs] [Times: user=0.11 sys=0.00, real=0.01 secs] 
2016-09-24T01:12:49.002-0400: 126.320: [GC (GCLocker Initiated GC) [PSYoungGen: 161772K->86182K(175104K)] 221776K->170941K(699392K), 0.0236836 secs] [Times: user=0.29 sys=0.01, real=0.02 secs] 
2016-09-24T01:12:49.155-0400: 126.473: [GC (GCLocker Initiated GC) [PSYoungGen: 174246K->79455K(175104K)] 259221K->182922K(699392K), 0.0152626 secs] [Times: user=0.17 sys=0.00, real=0.01 secs] 
2016-09-24T01:12:49.299-0400: 126.617: [GC (GCLocker Initiated GC) [PSYoungGen: 167519K->55415K(175104K)] 283357K->207807K(699392K), 0.0183128 secs] [Times: user=0.20 sys=0.00, real=0.02 secs] 
2016-09-24T01:12:49.444-0400: 126.762: [GC (GCLocker Initiated GC) [PSYoungGen: 143479K->85854K(175104K)] 295907K->262889K(699392K), 0.0106759 secs] [Times: user=0.10 sys=0.00, real=0.01 secs] 
2016-09-24T01:12:49.586-0400: 126.904: [GC (GCLocker Initiated GC) [PSYoungGen: 173918K->49308K(175104K)] 351146K->269313K(699392K), 0.0212150 secs] [Times: user=0.17 sys=0.00, real=0.02 secs] 
2016-09-24T01:12:49.723-0400: 127.041: [GC (Allocation Failure) [PSYoungGen: 137372K->61398K(175104K)] 357726K->300245K(699392K), 0.0229901 secs] [Times: user=0.23 sys=0.00, real=0.02 secs] 
2016-09-24T01:12:49.879-0400: 127.197: [GC (Allocation Failure) [PSYoungGen: 149462K->49116K(175104K)] 388309K->318737K(699392K), 0.0099779 secs] [Times: user=0.08 sys=0.00, real=0.01 secs] 
2016-09-24T01:12:50.007-0400: 127.325: [GC (GCLocker Initiated GC) [PSYoungGen: 137180K->61494K(175104K)] 406802K->349413K(699392K), 0.0244927 secs] [Times: user=0.25 sys=0.00, real=0.02 secs] 
2016-09-24T01:12:50.146-0400: 127.464: [GC (GCLocker Initiated GC) [PSYoungGen: 149558K->73544K(175104K)] 437518K->380005K(699392K), 0.0176120 secs] [Times: user=0.18 sys=0.00, real=0.02 secs] 
2016-09-24T01:12:50.288-0400: 127.606: [GC (GCLocker Initiated GC) [PSYoungGen: 161608K->61458K(175104K)] 474421K->411028K(699392K), 0.0182553 secs] [Times: user=0.23 sys=0.00, real=0.02 secs] 
2016-09-24T01:12:50.435-0400: 127.753: [GC (GCLocker Initiated GC) [PSYoungGen: 149522K->85922K(175104K)] 499135K->441878K(699392K), 0.0122848 secs] [Times: user=0.12 sys=0.00, real=0.01 secs] 
2016-09-24T01:12:50.571-0400: 127.889: [GC (GCLocker Initiated GC) [PSYoungGen: 173986K->37290K(175104K)] 536227K->460752K(699392K), 0.0204716 secs] [Times: user=0.22 sys=0.00, real=0.02 secs] 
2016-09-24T01:12:50.703-0400: 128.021: [GC (GCLocker Initiated GC) [PSYoungGen: 125354K->73772K(175104K)] 549042K->497744K(699392K), 0.0107891 secs] [Times: user=0.12 sys=0.00, real=0.00 secs] 
2016-09-24T01:12:50.851-0400: 128.169: [GC (GCLocker Initiated GC) [PSYoungGen: 161836K->55287K(175104K)] 585867K->497678K(699392K), 0.0283522 secs] [Times: user=0.32 sys=0.00, real=0.03 secs] 
2016-09-24T01:12:51.002-0400: 128.320: [GC (GCLocker Initiated GC) [PSYoungGen: 143351K->42877K(175104K)] 585823K->534200K(699392K), 0.0221720 secs] [Times: user=0.22 sys=0.00, real=0.02 secs] 
2016-09-24T01:12:51.025-0400: 128.343: [Full GC (Ergonomics) [PSYoungGen: 42877K->0K(175104K)] [ParOldGen: 491323K->53257K(524288K)] 534200K->53257K(699392K), [Metaspace: 44407K->44407K(1087488K)], 0.0529244 secs] [Times: user=0.31 sys=0.01, real=0.05 secs] 
2016-09-24T01:12:51.191-0400: 128.509: [GC (GCLocker Initiated GC) [PSYoungGen: 88064K->86630K(175104K)] 141430K->146071K(699392K), 0.0099247 secs] [Times: user=0.14 sys=0.00, real=0.01 secs] 
2016-09-24T01:12:51.328-0400: 128.646: [GC (GCLocker Initiated GC) [PSYoungGen: 174694K->85626K(175104K)] 240263K->213101K(699392K), 0.0119718 secs] [Times: user=0.14 sys=0.00, real=0.01 secs] 
2016-09-24T01:12:51.446-0400: 128.764: [GC (GCLocker Initiated GC) [PSYoungGen: 173690K->79715K(175104K)] 301291K->237810K(699392K), 0.0118696 secs] [Times: user=0.11 sys=0.00, real=0.01 secs] 
2016-09-24T01:12:51.593-0400: 128.911: [GC (GCLocker Initiated GC) [PSYoungGen: 167779K->79619K(175104K)] 325916K->256272K(699392K), 0.0192343 secs] [Times: user=0.22 sys=0.01, real=0.02 secs] 
2016-09-24T01:12:51.704-0400: 129.022: [GC (GCLocker Initiated GC) [PSYoungGen: 167683K->49244K(175104K)] 344396K->299132K(699392K), 0.0256213 secs] [Times: user=0.26 sys=0.01, real=0.02 secs] 
2016-09-24T01:12:51.857-0400: 129.175: [GC (Allocation Failure) [PSYoungGen: 137308K->67633K(175104K)] 387361K->336218K(699392K), 0.0305860 secs] [Times: user=0.37 sys=0.00, real=0.03 secs] 
2016-09-24T01:12:52.043-0400: 129.361: [GC (GCLocker Initiated GC) [PSYoungGen: 155663K->30695K(175104K)] 430324K->342385K(699392K), 0.0151461 secs] [Times: user=0.13 sys=0.00, real=0.01 secs] 
2016-09-24T01:12:52.197-0400: 129.515: [GC (Allocation Failure) [PSYoungGen: 118759K->61298K(175104K)] 437144K->379787K(699392K), 0.0218967 secs] [Times: user=0.24 sys=0.00, real=0.02 secs] 
2016-09-24T01:12:52.303-0400: 129.621: [GC (GCLocker Initiated GC) [PSYoungGen: 143833K->61426K(175104K)] 468397K->422560K(699392K), 0.0106076 secs] [Times: user=0.12 sys=0.00, real=0.00 secs] 
2016-09-24T01:12:52.428-0400: 129.746: [GC (GCLocker Initiated GC) [PSYoungGen: 149490K->85662K(175104K)] 510682K->465371K(699392K), 0.0328502 secs] [Times: user=0.33 sys=0.00, real=0.03 secs] 
2016-09-24T01:12:52.610-0400: 129.928: [GC (GCLocker Initiated GC) [PSYoungGen: 173726K->30727K(175104K)] 559871K->459656K(699392K), 0.0205201 secs] [Times: user=0.21 sys=0.00, real=0.02 secs] 
2016-09-24T01:12:52.753-0400: 130.071: [GC (GCLocker Initiated GC) [PSYoungGen: 118791K->48952K(175104K)] 547812K->478068K(699392K), 0.0084747 secs] [Times: user=0.07 sys=0.00, real=0.01 secs] 
2016-09-24T01:12:52.874-0400: 130.192: [GC (GCLocker Initiated GC) [PSYoungGen: 137016K->61298K(175104K)] 572523K->496901K(699392K), 0.0188725 secs] [Times: user=0.20 sys=0.00, real=0.01 secs] 
2016-09-24T01:12:53.020-0400: 130.338: [GC (GCLocker Initiated GC) [PSYoungGen: 149360K->55319K(175104K)] 597469K->521928K(699392K), 0.0086290 secs] [Times: user=0.06 sys=0.00, real=0.01 secs] 
2016-09-24T01:12:53.029-0400: 130.347: [Full GC (Ergonomics) [PSYoungGen: 55319K->0K(175104K)] [ParOldGen: 466609K->53478K(524288K)] 521928K->53478K(699392K), [Metaspace: 44407K->44407K(1087488K)], 0.0552587 secs] [Times: user=0.29 sys=0.01, real=0.06 secs] 
2016-09-24T01:12:53.209-0400: 130.527: [GC (GCLocker Initiated GC) [PSYoungGen: 88064K->67505K(175104K)] 147799K->127240K(699392K), 0.0305666 secs] [Times: user=0.27 sys=0.01, real=0.03 secs] 
2016-09-24T01:12:53.358-0400: 130.676: [GC (GCLocker Initiated GC) [PSYoungGen: 155569K->85822K(175104K)] 215610K->201041K(699392K), 0.0136353 secs] [Times: user=0.21 sys=0.01, real=0.01 secs] 
2016-09-24T01:12:53.499-0400: 130.817: [GC (GCLocker Initiated GC) [PSYoungGen: 173886K->67373K(175104K)] 289388K->219585K(699392K), 0.0234058 secs] [Times: user=0.24 sys=0.00, real=0.03 secs] 
2016-09-24T01:12:53.655-0400: 130.973: [GC (GCLocker Initiated GC) [PSYoungGen: 155437K->43233K(175104K)] 319815K->274719K(699392K), 0.0170074 secs] [Times: user=0.20 sys=0.00, real=0.01 secs] 
2016-09-24T01:12:53.792-0400: 131.110: [GC (GCLocker Initiated GC) [PSYoungGen: 131297K->61394K(175104K)] 363100K->311713K(699392K), 0.0103813 secs] [Times: user=0.10 sys=0.00, real=0.02 secs] 
2016-09-24T01:12:53.910-0400: 131.228: [GC (GCLocker Initiated GC) [PSYoungGen: 149458K->55447K(175104K)] 399993K->354905K(699392K), 0.0127670 secs] [Times: user=0.16 sys=0.00, real=0.02 secs] 
2016-09-24T01:12:54.041-0400: 131.359: [GC (Allocation Failure) [PSYoungGen: 143511K->85762K(175104K)] 443118K->397770K(699392K), 0.0107670 secs] [Times: user=0.10 sys=0.00, real=0.01 secs] 
2016-09-24T01:12:54.191-0400: 131.509: [GC (Allocation Failure) [PSYoungGen: 170916K->37126K(175104K)] 482924K->416283K(699392K), 0.0224655 secs] [Times: user=0.25 sys=0.01, real=0.02 secs] 
2016-09-24T01:12:54.305-0400: 131.623: [GC (GCLocker Initiated GC) [PSYoungGen: 125190K->85466K(175104K)] 504352K->470971K(699392K), 0.0097572 secs] [Times: user=0.09 sys=0.00, real=0.01 secs] 
2016-09-24T01:12:54.444-0400: 131.762: [GC (Allocation Failure) [PSYoungGen: 173530K->49536K(175104K)] 571355K->483939K(699392K), 0.0089168 secs] [Times: user=0.10 sys=0.00, real=0.00 secs] 
2016-09-24T01:12:54.584-0400: 131.902: [GC (GCLocker Initiated GC) [PSYoungGen: 137600K->67469K(175104K)] 572004K->538763K(699392K), 0.0317362 secs] [Times: user=0.36 sys=0.00, real=0.03 secs] 
2016-09-24T01:12:54.616-0400: 131.934: [Full GC (Ergonomics) [PSYoungGen: 67469K->0K(175104K)] [ParOldGen: 471294K->47755K(524288K)] 538763K->47755K(699392K), [Metaspace: 44407K->44407K(1087488K)], 0.0536617 secs] [Times: user=0.30 sys=0.02, real=0.05 secs] 
2016-09-24T01:12:54.767-0400: 132.085: [GC (Allocation Failure) [PSYoungGen: 88064K->85794K(175104K)] 135950K->145831K(699392K), 0.0139866 secs] [Times: user=0.14 sys=0.00, real=0.01 secs] 
2016-09-24T01:12:54.892-0400: 132.210: [GC (GCLocker Initiated GC) [PSYoungGen: 172216K->37226K(175104K)] 238328K->164543K(699392K), 0.0309073 secs] [Times: user=0.33 sys=0.00, real=0.04 secs] 
2016-09-24T01:12:55.048-0400: 132.366: [GC (GCLocker Initiated GC) [PSYoungGen: 125290K->55483K(175104K)] 258911K->189379K(699392K), 0.0068755 secs] [Times: user=0.06 sys=0.00, real=0.01 secs] 
2016-09-24T01:12:55.224-0400: 132.542: [GC (GCLocker Initiated GC) [PSYoungGen: 143547K->67533K(175104K)] 277569K->238313K(699392K), 0.0304930 secs] [Times: user=0.30 sys=0.01, real=0.03 secs] 
2016-09-24T01:12:55.408-0400: 132.726: [GC (GCLocker Initiated GC) [PSYoungGen: 155597K->37126K(175104K)] 344946K->226758K(699392K), 0.0059840 secs] [Times: user=0.07 sys=0.01, real=0.00 secs] 
2016-09-24T01:12:55.558-0400: 132.876: [GC (GCLocker Initiated GC) [PSYoungGen: 125190K->43233K(175104K)] 327064K->245226K(699392K), 0.0123502 secs] [Times: user=0.12 sys=0.01, real=0.01 secs] 
2016-09-24T01:12:55.687-0400: 133.005: [GC (GCLocker Initiated GC) [PSYoungGen: 131297K->61686K(175104K)] 333477K->306503K(699392K), 0.0186849 secs] [Times: user=0.20 sys=0.00, real=0.02 secs] 
2016-09-24T01:12:55.852-0400: 133.170: [GC (Allocation Failure) [PSYoungGen: 149750K->42877K(175104K)] 406904K->318523K(699392K), 0.0069242 secs] [Times: user=0.06 sys=0.00, real=0.01 secs] 
2016-09-24T01:12:56.010-0400: 133.328: [GC (GCLocker Initiated GC) [PSYoungGen: 130939K->48920K(175104K)] 406591K->330750K(699392K), 0.0286278 secs] [Times: user=0.28 sys=0.01, real=0.03 secs] 
2016-09-24T01:12:56.140-0400: 133.458: [GC (GCLocker Initiated GC) [PSYoungGen: 136984K->73512K(175104K)] 418956K->355556K(699392K), 0.0152522 secs] [Times: user=0.19 sys=0.00, real=0.02 secs] 
2016-09-24T01:12:56.276-0400: 133.594: [GC (GCLocker Initiated GC) [PSYoungGen: 161576K->73412K(175104K)] 443652K->392401K(699392K), 0.0244998 secs] [Times: user=0.29 sys=0.00, real=0.02 secs] 
2016-09-24T01:12:56.417-0400: 133.734: [GC (GCLocker Initiated GC) [PSYoungGen: 161476K->79979K(175104K)] 480528K->417367K(699392K), 0.0152549 secs] [Times: user=0.17 sys=0.01, real=0.01 secs] 
2016-09-24T01:12:56.528-0400: 133.846: [GC (GCLocker Initiated GC) [PSYoungGen: 168043K->61494K(175104K)] 511733K->423677K(699392K), 0.0112469 secs] [Times: user=0.11 sys=0.00, real=0.01 secs] 
2016-09-24T01:12:56.641-0400: 133.959: [GC (GCLocker Initiated GC) [PSYoungGen: 149558K->67405K(175104K)] 511788K->454195K(699392K), 0.0150311 secs] [Times: user=0.14 sys=0.00, real=0.02 secs] 
2016-09-24T01:12:56.755-0400: 134.073: [GC (Allocation Failure) [PSYoungGen: 155469K->55451K(175104K)] 542301K->509219K(699392K), 0.0277391 secs] [Times: user=0.25 sys=0.00, real=0.03 secs] 
2016-09-24T01:12:56.783-0400: 134.101: [Full GC (Ergonomics) [PSYoungGen: 55451K->0K(175104K)] [ParOldGen: 453768K->47982K(524288K)] 509219K->47982K(699392K), [Metaspace: 44417K->44417K(1087488K)], 0.0594706 secs] [Times: user=0.41 sys=0.01, real=0.06 secs] 
2016-09-24T01:12:56.932-0400: 134.250: [GC (GCLocker Initiated GC) [PSYoungGen: 88064K->86242K(175104K)] 136052K->140305K(699392K), 0.0203311 secs] [Times: user=0.26 sys=0.00, real=0.02 secs] 
2016-09-24T01:12:57.075-0400: 134.393: [GC (GCLocker Initiated GC) [PSYoungGen: 174306K->85790K(175104K)] 228574K->158831K(699392K), 0.0145540 secs] [Times: user=0.18 sys=0.00, real=0.01 secs] 
2016-09-24T01:12:57.209-0400: 134.527: [GC (GCLocker Initiated GC) [PSYoungGen: 173854K->85694K(175104K)] 253101K->201667K(699392K), 0.0107185 secs] [Times: user=0.12 sys=0.00, real=0.01 secs] 
2016-09-24T01:12:57.358-0400: 134.676: [GC (GCLocker Initiated GC) [PSYoungGen: 173758K->18933K(175104K)] 308126K->214350K(699392K), 0.0220655 secs] [Times: user=0.27 sys=0.00, real=0.02 secs] 
2016-09-24T01:12:57.544-0400: 134.862: [GC (Allocation Failure) [PSYoungGen: 106997K->67177K(175104K)] 308536K->268796K(699392K), 0.0097330 secs] [Times: user=0.06 sys=0.00, real=0.00 secs] 
2016-09-24T01:12:57.659-0400: 134.977: [GC (GCLocker Initiated GC) [PSYoungGen: 154780K->49212K(175104K)] 362474K->305594K(699392K), 0.0210228 secs] [Times: user=0.20 sys=0.00, real=0.02 secs] 
2016-09-24T01:12:57.814-0400: 135.132: [GC (GCLocker Initiated GC) [PSYoungGen: 137276K->73348K(175104K)] 394024K->330364K(699392K), 0.0148016 secs] [Times: user=0.17 sys=0.00, real=0.02 secs] 
2016-09-24T01:12:57.956-0400: 135.274: [GC (GCLocker Initiated GC) [PSYoungGen: 161412K->49440K(175104K)] 418598K->343195K(699392K), 0.0085110 secs] [Times: user=0.09 sys=0.00, real=0.01 secs] 
2016-09-24T01:12:58.083-0400: 135.401: [GC (GCLocker Initiated GC) [PSYoungGen: 137504K->61462K(175104K)] 437684K->361730K(699392K), 0.0066137 secs] [Times: user=0.05 sys=0.00, real=0.00 secs] 
2016-09-24T01:12:58.231-0400: 135.549: [GC (Allocation Failure) [PSYoungGen: 149526K->43269K(175104K)] 462288K->374703K(699392K), 0.0254470 secs] [Times: user=0.28 sys=0.00, real=0.03 secs] 
2016-09-24T01:12:58.400-0400: 135.718: [GC (GCLocker Initiated GC) [PSYoungGen: 131333K->55191K(175104K)] 462767K->386885K(699392K), 0.0106508 secs] [Times: user=0.10 sys=0.00, real=0.01 secs] 
2016-09-24T01:12:58.509-0400: 135.827: [GC (GCLocker Initiated GC) [PSYoungGen: 143255K->85758K(175104K)] 475041K->466288K(699392K), 0.0129785 secs] [Times: user=0.15 sys=0.01, real=0.01 secs] 
2016-09-24T01:12:58.680-0400: 135.998: [GC (GCLocker Initiated GC) [PSYoungGen: 173822K->43205K(175104K)] 560771K->448647K(699392K), 0.0149227 secs] [Times: user=0.13 sys=0.00, real=0.02 secs] 
2016-09-24T01:12:58.816-0400: 136.134: [GC (GCLocker Initiated GC) [PSYoungGen: 131269K->85726K(175104K)] 537083K->498086K(699392K), 0.0211244 secs] [Times: user=0.24 sys=0.00, real=0.02 secs] 
2016-09-24T01:12:58.962-0400: 136.280: [GC (GCLocker Initiated GC) [PSYoungGen: 173790K->61690K(175104K)] 586382K->504760K(699392K), 0.0214338 secs] [Times: user=0.22 sys=0.00, real=0.02 secs] 
2016-09-24T01:12:59.086-0400: 136.404: [GC (GCLocker Initiated GC) [PSYoungGen: 149754K->73480K(175104K)] 599154K->559590K(699392K), 0.0100855 secs] [Times: user=0.10 sys=0.00, real=0.01 secs] 
2016-09-24T01:12:59.096-0400: 136.414: [Full GC (Ergonomics) [PSYoungGen: 73480K->0K(175104K)] [ParOldGen: 486109K->53950K(524288K)] 559590K->53950K(699392K), [Metaspace: 44417K->44417K(1087488K)], 0.0545297 secs] [Times: user=0.31 sys=0.00, real=0.05 secs] 
2016-09-24T01:12:59.273-0400: 136.591: [GC (GCLocker Initiated GC) [PSYoungGen: 88064K->73968K(175104K)] 148378K->134282K(699392K), 0.0066121 secs] [Times: user=0.07 sys=0.00, real=0.01 secs] 
2016-09-24T01:12:59.412-0400: 136.730: [GC (GCLocker Initiated GC) [PSYoungGen: 162032K->37026K(175104K)] 234660K->128514K(699392K), 0.0115660 secs] [Times: user=0.17 sys=0.00, real=0.02 secs] 
2016-09-24T01:12:59.534-0400: 136.852: [GC (GCLocker Initiated GC) [PSYoungGen: 125090K->73512K(175104K)] 217376K->165942K(699392K), 0.0079747 secs] [Times: user=0.06 sys=0.00, real=0.01 secs] 
2016-09-24T01:12:59.673-0400: 136.991: [GC (GCLocker Initiated GC) [PSYoungGen: 161576K->67501K(175104K)] 260235K->202917K(699392K), 0.0137883 secs] [Times: user=0.15 sys=0.00, real=0.02 secs] 
2016-09-24T01:12:59.807-0400: 137.125: [GC (GCLocker Initiated GC) [PSYoungGen: 155564K->79911K(175104K)] 291341K->252290K(699392K), 0.0155370 secs] [Times: user=0.18 sys=0.00, real=0.02 secs] 
2016-09-24T01:12:59.941-0400: 137.259: [GC (GCLocker Initiated GC) [PSYoungGen: 167975K->61458K(175104K)] 346678K->276910K(699392K), 0.0214846 secs] [Times: user=0.24 sys=0.00, real=0.03 secs] 
2016-09-24T01:13:00.093-0400: 137.411: [GC (GCLocker Initiated GC) [PSYoungGen: 149522K->73576K(175104K)] 365139K->331869K(699392K), 0.0129504 secs] [Times: user=0.18 sys=0.00, real=0.02 secs] 
2016-09-24T01:13:00.214-0400: 137.532: [GC (Allocation Failure) [PSYoungGen: 161640K->61622K(175104K)] 426308K->344806K(699392K), 0.0124370 secs] [Times: user=0.13 sys=0.00, real=0.02 secs] 
2016-09-24T01:13:00.333-0400: 137.651: [GC (GCLocker Initiated GC) [PSYoungGen: 149684K->73608K(175104K)] 432879K->357259K(699392K), 0.0103149 secs] [Times: user=0.11 sys=0.01, real=0.02 secs] 
2016-09-24T01:13:00.463-0400: 137.781: [GC (GCLocker Initiated GC) [PSYoungGen: 161672K->67569K(175104K)] 445409K->375881K(699392K), 0.0154450 secs] [Times: user=0.16 sys=0.00, real=0.01 secs] 
2016-09-24T01:13:00.607-0400: 137.925: [GC (GCLocker Initiated GC) [PSYoungGen: 155633K->85662K(175104K)] 464115K->419048K(699392K), 0.0142254 secs] [Times: user=0.15 sys=0.00, real=0.01 secs] 
2016-09-24T01:13:00.729-0400: 138.047: [GC (GCLocker Initiated GC) [PSYoungGen: 173726K->73548K(175104K)] 507473K->407562K(699392K), 0.0146231 secs] [Times: user=0.13 sys=0.00, real=0.02 secs] 
2016-09-24T01:13:00.883-0400: 138.201: [GC (GCLocker Initiated GC) [PSYoungGen: 161608K->73576K(175104K)] 502059K->469001K(699392K), 0.0126948 secs] [Times: user=0.17 sys=0.00, real=0.01 secs] 
2016-09-24T01:13:01.036-0400: 138.354: [GC (GCLocker Initiated GC) [PSYoungGen: 161640K->55255K(175104K)] 563501K->457219K(699392K), 0.0197971 secs] [Times: user=0.20 sys=0.01, real=0.02 secs] 
2016-09-24T01:13:01.145-0400: 138.463: [GC (GCLocker Initiated GC) [PSYoungGen: 143319K->85790K(175104K)] 545594K->494440K(699392K), 0.0146114 secs] [Times: user=0.16 sys=0.01, real=0.01 secs] 
2016-09-24T01:13:01.295-0400: 138.613: [GC (Allocation Failure) [PSYoungGen: 173854K->37322K(175104K)] 601056K->501085K(699392K), 0.0091739 secs] [Times: user=0.10 sys=0.01, real=0.01 secs] 
2016-09-24T01:13:01.304-0400: 138.622: [Full GC (Ergonomics) [PSYoungGen: 37322K->0K(175104K)] [ParOldGen: 463763K->53423K(524288K)] 501085K->53423K(699392K), [Metaspace: 44419K->44419K(1087488K)], 0.0580866 secs] [Times: user=0.38 sys=0.00, real=0.06 secs] 
2016-09-24T01:13:01.470-0400: 138.788: [GC (GCLocker Initiated GC) [PSYoungGen: 82376K->74124K(175104K)] 141875K->133622K(699392K), 0.0235309 secs] [Times: user=0.30 sys=0.01, real=0.02 secs] 
2016-09-24T01:13:01.615-0400: 138.933: [GC (GCLocker Initiated GC) [PSYoungGen: 162188K->86282K(175104K)] 222048K->171005K(699392K), 0.0096976 secs] [Times: user=0.10 sys=0.00, real=0.01 secs] 
2016-09-24T01:13:01.737-0400: 139.055: [GC (GCLocker Initiated GC) [PSYoungGen: 174346K->61458K(175104K)] 259178K->183016K(699392K), 0.0253917 secs] [Times: user=0.28 sys=0.00, real=0.03 secs] 
2016-09-24T01:13:01.881-0400: 139.199: [GC (GCLocker Initiated GC) [PSYoungGen: 149520K->67729K(175104K)] 277503K->244471K(699392K), 0.0104772 secs] [Times: user=0.12 sys=0.00, real=0.01 secs] 
2016-09-24T01:13:02.026-0400: 139.344: [GC (GCLocker Initiated GC) [PSYoungGen: 155793K->79779K(175104K)] 332633K->256902K(699392K), 0.0218996 secs] [Times: user=0.30 sys=0.00, real=0.02 secs] 
2016-09-24T01:13:02.163-0400: 139.481: [GC (GCLocker Initiated GC) [PSYoungGen: 167843K->55383K(175104K)] 345763K->257911K(699392K), 0.0096368 secs] [Times: user=0.12 sys=0.00, real=0.00 secs] 
2016-09-24T01:13:02.293-0400: 139.611: [GC (GCLocker Initiated GC) [PSYoungGen: 143447K->24652K(175104K)] 358184K->257873K(699392K), 0.0062070 secs] [Times: user=0.04 sys=0.00, real=0.01 secs] 
2016-09-24T01:13:02.439-0400: 139.757: [GC (GCLocker Initiated GC) [PSYoungGen: 112716K->85790K(175104K)] 346303K->325572K(699392K), 0.0124908 secs] [Times: user=0.13 sys=0.00, real=0.01 secs] 
2016-09-24T01:13:02.558-0400: 139.876: [GC (GCLocker Initiated GC) [PSYoungGen: 173854K->61490K(175104K)] 413751K->332054K(699392K), 0.0135609 secs] [Times: user=0.18 sys=0.00, real=0.01 secs] 
2016-09-24T01:13:02.691-0400: 140.009: [GC (Allocation Failure) [PSYoungGen: 149554K->55547K(175104K)] 432612K->393439K(699392K), 0.0105092 secs] [Times: user=0.14 sys=0.00, real=0.01 secs] 
2016-09-24T01:13:02.840-0400: 140.158: [GC (GCLocker Initiated GC) [PSYoungGen: 143611K->85726K(175104K)] 481509K->442124K(699392K), 0.0100173 secs] [Times: user=0.09 sys=0.00, real=0.01 secs] 
2016-09-24T01:13:02.978-0400: 140.296: [GC (Allocation Failure) [PSYoungGen: 173790K->43141K(175104K)] 530242K->417929K(699392K), 0.0176666 secs] [Times: user=0.19 sys=0.00, real=0.02 secs] 
2016-09-24T01:13:03.085-0400: 140.403: [GC (GCLocker Initiated GC) [PSYoungGen: 131205K->67373K(175104K)] 505998K->472817K(699392K), 0.0155048 secs] [Times: user=0.16 sys=0.01, real=0.01 secs] 
2016-09-24T01:13:03.229-0400: 140.547: [GC (GCLocker Initiated GC) [PSYoungGen: 155437K->85762K(175104K)] 561029K->509667K(699392K), 0.0173584 secs] [Times: user=0.17 sys=0.00, real=0.02 secs] 
2016-09-24T01:13:03.352-0400: 140.670: [GC (GCLocker Initiated GC) [PSYoungGen: 173826K->49276K(175104K)] 597980K->546645K(699392K), 0.0102943 secs] [Times: user=0.11 sys=0.00, real=0.02 secs] 
2016-09-24T01:13:03.363-0400: 140.681: [Full GC (Ergonomics) [PSYoungGen: 49276K->0K(175104K)] [ParOldGen: 497369K->47261K(524288K)] 546645K->47261K(699392K), [Metaspace: 44420K->44420K(1087488K)], 0.0615245 secs] [Times: user=0.36 sys=0.01, real=0.06 secs] 
2016-09-24T01:13:03.538-0400: 140.856: [GC (GCLocker Initiated GC) [PSYoungGen: 88064K->86210K(175104K)] 147584K->151805K(699392K), 0.0163563 secs] [Times: user=0.19 sys=0.00, real=0.01 secs] 
2016-09-24T01:13:03.672-0400: 140.990: [GC (GCLocker Initiated GC) [PSYoungGen: 174274K->85758K(175104K)] 239945K->212751K(699392K), 0.0189428 secs] [Times: user=0.21 sys=0.00, real=0.02 secs] 
2016-09-24T01:13:03.821-0400: 141.139: [GC (GCLocker Initiated GC) [PSYoungGen: 173822K->49539K(175104K)] 301103K->225681K(699392K), 0.0178247 secs] [Times: user=0.16 sys=0.00, real=0.02 secs] 
2016-09-24T01:13:03.949-0400: 141.267: [GC (GCLocker Initiated GC) [PSYoungGen: 137603K->55091K(175104K)] 313972K->256034K(699392K), 0.0113242 secs] [Times: user=0.09 sys=0.00, real=0.01 secs] 
2016-09-24T01:13:04.058-0400: 141.376: [GC (GCLocker Initiated GC) [PSYoungGen: 143155K->67569K(175104K)] 350305K->293048K(699392K), 0.0105631 secs] [Times: user=0.07 sys=0.00, real=0.01 secs] 
2016-09-24T01:13:04.189-0400: 141.507: [GC (Allocation Failure) [PSYoungGen: 155633K->42977K(175104K)] 387407K->281233K(699392K), 0.0535062 secs] [Times: user=0.52 sys=0.00, real=0.05 secs] 
2016-09-24T01:13:04.367-0400: 141.685: [GC (GCLocker Initiated GC) [PSYoungGen: 131041K->55319K(175104K)] 369298K->318160K(699392K), 0.0208709 secs] [Times: user=0.22 sys=0.00, real=0.02 secs] 
2016-09-24T01:13:04.514-0400: 141.832: [GC (GCLocker Initiated GC) [PSYoungGen: 143383K->55447K(175104K)] 418713K->349325K(699392K), 0.0087386 secs] [Times: user=0.11 sys=0.01, real=0.01 secs] 
2016-09-24T01:13:04.644-0400: 141.962: [GC (GCLocker Initiated GC) [PSYoungGen: 143511K->55515K(175104K)] 443763K->355871K(699392K), 0.0102441 secs] [Times: user=0.11 sys=0.00, real=0.01 secs] 
2016-09-24T01:13:04.782-0400: 142.100: [GC (GCLocker Initiated GC) [PSYoungGen: 143579K->73316K(175104K)] 444027K->386173K(699392K), 0.0113622 secs] [Times: user=0.07 sys=0.00, real=0.00 secs] 
2016-09-24T01:13:04.891-0400: 142.209: [GC (GCLocker Initiated GC) [PSYoungGen: 161380K->61494K(175104K)] 480377K->410985K(699392K), 0.0237995 secs] [Times: user=0.22 sys=0.00, real=0.03 secs] 
2016-09-24T01:13:05.027-0400: 142.345: [GC (GCLocker Initiated GC) [PSYoungGen: 149558K->49248K(175104K)] 499377K->442023K(699392K), 0.0103430 secs] [Times: user=0.10 sys=0.00, real=0.01 secs] 
2016-09-24T01:13:05.132-0400: 142.450: [GC (GCLocker Initiated GC) [PSYoungGen: 137312K->55191K(175104K)] 530225K->472671K(699392K), 0.0470635 secs] [Times: user=0.48 sys=0.00, real=0.05 secs] 
2016-09-24T01:13:05.292-0400: 142.610: [GC (GCLocker Initiated GC) [PSYoungGen: 143255K->79687K(175104K)] 567121K->515947K(699392K), 0.0264245 secs] [Times: user=0.26 sys=0.00, real=0.03 secs] 
2016-09-24T01:13:05.476-0400: 142.794: [GC (GCLocker Initiated GC) [PSYoungGen: 167751K->30663K(175104K)] 610211K->491599K(699392K), 0.0405867 secs] [Times: user=0.45 sys=0.00, real=0.04 secs] 
2016-09-24T01:13:05.629-0400: 142.947: [GC (GCLocker Initiated GC) [PSYoungGen: 118727K->61198K(175104K)] 579733K->522316K(699392K), 0.0073249 secs] [Times: user=0.06 sys=0.00, real=0.01 secs] 
2016-09-24T01:13:05.738-0400: 143.056: [GC (GCLocker Initiated GC) [PSYoungGen: 149262K->73676K(175104K)] 610478K->553236K(699392K), 0.0118507 secs] [Times: user=0.12 sys=0.01, real=0.01 secs] 
2016-09-24T01:13:05.750-0400: 143.068: [Full GC (Ergonomics) [PSYoungGen: 73676K->0K(175104K)] [ParOldGen: 479560K->47362K(524288K)] 553236K->47362K(699392K), [Metaspace: 44430K->44430K(1087488K)], 0.0542895 secs] [Times: user=0.32 sys=0.01, real=0.06 secs] 
2016-09-24T01:13:05.915-0400: 143.233: [GC (GCLocker Initiated GC) [PSYoungGen: 88064K->86274K(175104K)] 135670K->164263K(699392K), 0.0110164 secs] [Times: user=0.16 sys=0.00, real=0.01 secs] 
2016-09-24T01:13:06.046-0400: 143.364: [GC (GCLocker Initiated GC) [PSYoungGen: 174338K->43397K(175104K)] 252504K->182852K(699392K), 0.0108650 secs] [Times: user=0.10 sys=0.00, real=0.01 secs] 
2016-09-24T01:13:06.151-0400: 143.469: [GC (GCLocker Initiated GC) [PSYoungGen: 131461K->55547K(175104K)] 277094K->219673K(699392K), 0.0080421 secs] [Times: user=0.07 sys=0.00, real=0.01 secs] 
2016-09-24T01:13:06.275-0400: 143.593: [GC (GCLocker Initiated GC) [PSYoungGen: 143611K->85954K(175104K)] 307857K->250335K(699392K), 0.0188111 secs] [Times: user=0.21 sys=0.00, real=0.02 secs] 
2016-09-24T01:13:06.421-0400: 143.739: [GC (GCLocker Initiated GC) [PSYoungGen: 174018K->73672K(175104K)] 338755K->269060K(699392K), 0.0184446 secs] [Times: user=0.19 sys=0.00, real=0.02 secs] 
2016-09-24T01:13:06.543-0400: 143.861: [GC (GCLocker Initiated GC) [PSYoungGen: 161736K->79815K(175104K)] 357159K->275522K(699392K), 0.0154705 secs] [Times: user=0.15 sys=0.00, real=0.01 secs] 
2016-09-24T01:13:06.707-0400: 144.025: [GC (GCLocker Initiated GC) [PSYoungGen: 167879K->55383K(175104K)] 370016K->294269K(699392K), 0.0256237 secs] [Times: user=0.29 sys=0.00, real=0.02 secs] 
2016-09-24T01:13:06.898-0400: 144.216: [GC (GCLocker Initiated GC) [PSYoungGen: 143447K->67209K(175104K)] 394565K->318414K(699392K), 0.0223825 secs] [Times: user=0.25 sys=0.00, real=0.02 secs] 
2016-09-24T01:13:07.058-0400: 144.376: [GC (GCLocker Initiated GC) [PSYoungGen: 155273K->61134K(175104K)] 412747K->330869K(699392K), 0.0231059 secs] [Times: user=0.24 sys=0.00, real=0.02 secs] 
2016-09-24T01:13:07.200-0400: 144.518: [GC (GCLocker Initiated GC) [PSYoungGen: 149198K->61426K(175104K)] 418960K->367765K(699392K), 0.0091514 secs] [Times: user=0.10 sys=0.00, real=0.01 secs] 
2016-09-24T01:13:07.284-0400: 144.602: [GC (GCLocker Initiated GC) [PSYoungGen: 149490K->85954K(175104K)] 456185K->435481K(699392K), 0.0164652 secs] [Times: user=0.18 sys=0.00, real=0.01 secs] 
2016-09-24T01:13:07.403-0400: 144.721: [GC (GCLocker Initiated GC) [PSYoungGen: 174018K->79783K(175104K)] 523548K->466022K(699392K), 0.0253549 secs] [Times: user=0.26 sys=0.00, real=0.02 secs] 
2016-09-24T01:13:07.552-0400: 144.870: [GC (GCLocker Initiated GC) [PSYoungGen: 167847K->42909K(175104K)] 554229K->490349K(699392K), 0.0272406 secs] [Times: user=0.29 sys=0.00, real=0.03 secs] 
2016-09-24T01:13:07.580-0400: 144.898: [Full GC (Ergonomics) [PSYoungGen: 42909K->0K(175104K)] [ParOldGen: 447440K->65689K(524288K)] 490349K->65689K(699392K), [Metaspace: 44445K->44445K(1087488K)], 0.0601572 secs] [Times: user=0.37 sys=0.00, real=0.06 secs] 
2016-09-24T01:13:07.773-0400: 145.091: [GC (GCLocker Initiated GC) [PSYoungGen: 88064K->68113K(175104K)] 160016K->140065K(699392K), 0.0095957 secs] [Times: user=0.07 sys=0.00, real=0.02 secs] 
2016-09-24T01:13:07.907-0400: 145.225: [GC (GCLocker Initiated GC) [PSYoungGen: 156177K->67861K(175104K)] 240315K->189416K(699392K), 0.0175067 secs] [Times: user=0.18 sys=0.00, real=0.02 secs] 
2016-09-24T01:13:08.036-0400: 145.354: [GC (GCLocker Initiated GC) [PSYoungGen: 155925K->61494K(175104K)] 283856K->220240K(699392K), 0.0266264 secs] [Times: user=0.26 sys=0.00, real=0.03 secs] 
2016-09-24T01:13:08.160-0400: 145.478: [GC (GCLocker Initiated GC) [PSYoungGen: 149558K->55027K(175104K)] 308469K->256714K(699392K), 0.0112235 secs] [Times: user=0.08 sys=0.00, real=0.01 secs] 
2016-09-24T01:13:08.267-0400: 145.585: [GC (GCLocker Initiated GC) [PSYoungGen: 143091K->85954K(175104K)] 351041K->379074K(699392K), 0.0254299 secs] [Times: user=0.26 sys=0.00, real=0.02 secs] 
2016-09-24T01:13:08.433-0400: 145.751: [GC (GCLocker Initiated GC) [PSYoungGen: 174018K->36998K(175104K)] 473238K->379346K(699392K), 0.0292719 secs] [Times: user=0.29 sys=0.01, real=0.04 secs] 
2016-09-24T01:13:08.600-0400: 145.918: [GC (Allocation Failure) [PSYoungGen: 125062K->55223K(175104K)] 468106K->398558K(699392K), 0.0175760 secs] [Times: user=0.17 sys=0.00, real=0.02 secs] 
2016-09-24T01:13:08.735-0400: 146.053: [GC (Allocation Failure) [PSYoungGen: 142001K->55415K(175104K)] 485337K->435476K(699392K), 0.0201980 secs] [Times: user=0.19 sys=0.00, real=0.02 secs] 
2016-09-24T01:13:08.850-0400: 146.168: [GC (Allocation Failure) [PSYoungGen: 143479K->85662K(175104K)] 523540K->471925K(699392K), 0.0237651 secs] [Times: user=0.26 sys=0.00, real=0.02 secs] 
2016-09-24T01:13:08.997-0400: 146.315: [GC (GCLocker Initiated GC) [PSYoungGen: 168642K->61234K(175104K)] 560981K->472057K(699392K), 0.0127898 secs] [Times: user=0.12 sys=0.00, real=0.01 secs] 
2016-09-24T01:13:09.167-0400: 146.485: [GC (Allocation Failure) [PSYoungGen: 149298K->43169K(175104K)] 566495K->497059K(699392K), 0.0253077 secs] [Times: user=0.25 sys=0.00, real=0.02 secs] 
2016-09-24T01:13:09.192-0400: 146.510: [Full GC (Ergonomics) [PSYoungGen: 43169K->0K(175104K)] [ParOldGen: 453890K->53876K(524288K)] 497059K->53876K(699392K), [Metaspace: 44445K->44445K(1087488K)], 0.0523737 secs] [Times: user=0.25 sys=0.00, real=0.06 secs] 
2016-09-24T01:13:09.346-0400: 146.664: [GC (GCLocker Initiated GC) [PSYoungGen: 82116K->61394K(175104K)] 142068K->121345K(699392K), 0.0071102 secs] [Times: user=0.06 sys=0.00, real=0.00 secs] 
2016-09-24T01:13:09.490-0400: 146.808: [GC (GCLocker Initiated GC) [PSYoungGen: 149458K->18936K(175104K)] 221583K->109523K(699392K), 0.0076441 secs] [Times: user=0.07 sys=0.00, real=0.01 secs] 
2016-09-24T01:13:09.607-0400: 146.925: [GC (GCLocker Initiated GC) [PSYoungGen: 107000K->85822K(175104K)] 203821K->219400K(699392K), 0.0166270 secs] [Times: user=0.20 sys=0.00, real=0.02 secs] 
2016-09-24T01:13:09.741-0400: 147.059: [GC (GCLocker Initiated GC) [PSYoungGen: 173886K->73936K(175104K)] 307612K->268555K(699392K), 0.0149209 secs] [Times: user=0.21 sys=0.01, real=0.02 secs] 
2016-09-24T01:13:09.860-0400: 147.178: [GC (GCLocker Initiated GC) [PSYoungGen: 162000K->67501K(175104K)] 363044K->305319K(699392K), 0.0098386 secs] [Times: user=0.11 sys=0.00, real=0.01 secs] 
2016-09-24T01:13:10.006-0400: 147.324: [GC (Allocation Failure) [PSYoungGen: 155565K->73676K(175104K)] 399678K->317917K(699392K), 0.0213724 secs] [Times: user=0.23 sys=0.00, real=0.02 secs] 
2016-09-24T01:13:10.140-0400: 147.458: [GC (GCLocker Initiated GC) [PSYoungGen: 161740K->67633K(175104K)] 405981K->330375K(699392K), 0.0085279 secs] [Times: user=0.08 sys=0.00, real=0.01 secs] 
2016-09-24T01:13:10.271-0400: 147.589: [GC (GCLocker Initiated GC) [PSYoungGen: 155697K->67565K(175104K)] 424562K->373023K(699392K), 0.0241852 secs] [Times: user=0.32 sys=0.00, real=0.03 secs] 
2016-09-24T01:13:10.409-0400: 147.727: [GC (GCLocker Initiated GC) [PSYoungGen: 155629K->67501K(175104K)] 467210K->385245K(699392K), 0.0143712 secs] [Times: user=0.12 sys=0.00, real=0.02 secs] 
2016-09-24T01:13:10.529-0400: 147.847: [GC (Allocation Failure) [PSYoungGen: 155565K->79879K(175104K)] 473591K->465061K(699392K), 0.0157059 secs] [Times: user=0.21 sys=0.00, real=0.02 secs] 
2016-09-24T01:13:10.659-0400: 147.977: [GC (GCLocker Initiated GC) [PSYoungGen: 166877K->73608K(175104K)] 558135K->501803K(699392K), 0.0118963 secs] [Times: user=0.16 sys=0.01, real=0.01 secs] 
2016-09-24T01:13:10.818-0400: 148.136: [GC (Allocation Failure) [PSYoungGen: 161672K->55387K(175104K)] 595990K->489988K(699392K), 0.0102309 secs] [Times: user=0.08 sys=0.00, real=0.01 secs] 
2016-09-24T01:13:10.940-0400: 148.258: [GC (GCLocker Initiated GC) [PSYoungGen: 143451K->73608K(175104K)] 578057K->557278K(699392K), 0.0116762 secs] [Times: user=0.10 sys=0.00, real=0.01 secs] 
2016-09-24T01:13:10.952-0400: 148.270: [Full GC (Ergonomics) [PSYoungGen: 73608K->0K(175104K)] [ParOldGen: 483670K->58582K(524288K)] 557278K->58582K(699392K), [Metaspace: 44445K->44445K(1087488K)], 0.0812755 secs] [Times: user=0.81 sys=0.01, real=0.08 secs] 
2016-09-24T01:13:11.169-0400: 148.487: [GC (GCLocker Initiated GC) [PSYoungGen: 88064K->74192K(175104K)] 146866K->132994K(699392K), 0.0086506 secs] [Times: user=0.10 sys=0.00, real=0.01 secs] 
2016-09-24T01:13:11.284-0400: 148.602: [GC (GCLocker Initiated GC) [PSYoungGen: 162256K->73576K(175104K)] 221419K->151652K(699392K), 0.0244552 secs] [Times: user=0.25 sys=0.00, real=0.02 secs] 
2016-09-24T01:13:11.425-0400: 148.743: [GC (GCLocker Initiated GC) [PSYoungGen: 161640K->85822K(175104K)] 239943K->200686K(699392K), 0.0103631 secs] [Times: user=0.11 sys=0.01, real=0.01 secs] 
2016-09-24T01:13:11.547-0400: 148.864: [GC (GCLocker Initiated GC) [PSYoungGen: 173886K->37194K(175104K)] 288786K->212948K(699392K), 0.0256030 secs] [Times: user=0.30 sys=0.00, real=0.02 secs] 
2016-09-24T01:13:11.688-0400: 149.006: [GC (GCLocker Initiated GC) [PSYoungGen: 125258K->30891K(175104K)] 307191K->273841K(699392K), 0.0096294 secs] [Times: user=0.09 sys=0.00, real=0.01 secs] 
2016-09-24T01:13:11.822-0400: 149.140: [GC (GCLocker Initiated GC) [PSYoungGen: 118955K->85922K(175104K)] 362120K->353523K(699392K), 0.0122476 secs] [Times: user=0.18 sys=0.00, real=0.02 secs] 
2016-09-24T01:13:11.955-0400: 149.273: [GC (GCLocker Initiated GC) [PSYoungGen: 173986K->37322K(175104K)] 442386K->324247K(699392K), 0.0099210 secs] [Times: user=0.12 sys=0.00, real=0.01 secs] 
2016-09-24T01:13:12.071-0400: 149.389: [GC (GCLocker Initiated GC) [PSYoungGen: 125386K->73412K(175104K)] 412420K->415428K(699392K), 0.0201610 secs] [Times: user=0.25 sys=0.00, real=0.02 secs] 
2016-09-24T01:13:12.209-0400: 149.527: [GC (GCLocker Initiated GC) [PSYoungGen: 161476K->79847K(175104K)] 509620K->446328K(699392K), 0.0181241 secs] [Times: user=0.20 sys=0.02, real=0.02 secs] 
2016-09-24T01:13:12.331-0400: 149.649: [GC (GCLocker Initiated GC) [PSYoungGen: 167911K->85954K(175104K)] 540582K->507852K(699392K), 0.0104405 secs] [Times: user=0.10 sys=0.00, real=0.01 secs] 
2016-09-24T01:13:12.465-0400: 149.783: [GC (GCLocker Initiated GC) [PSYoungGen: 174018K->73804K(175104K)] 595936K->562855K(699392K), 0.0201576 secs] [Times: user=0.26 sys=0.00, real=0.02 secs] 
2016-09-24T01:13:12.486-0400: 149.804: [Full GC (Ergonomics) [PSYoungGen: 73804K->0K(175104K)] [ParOldGen: 489051K->46709K(524288K)] 562855K->46709K(699392K), [Metaspace: 44445K->44445K(1087488K)], 0.0526358 secs] [Times: user=0.29 sys=0.02, real=0.05 secs] 
2016-09-24T01:13:12.648-0400: 149.966: [GC (Allocation Failure) [PSYoungGen: 88064K->86082K(175104K)] 141120K->139138K(699392K), 0.0084660 secs] [Times: user=0.09 sys=0.00, real=0.01 secs] 
2016-09-24T01:13:12.802-0400: 150.120: [GC (GCLocker Initiated GC) [PSYoungGen: 169516K->43201K(175104K)] 228648K->175935K(699392K), 0.0119846 secs] [Times: user=0.14 sys=0.00, real=0.01 secs] 
2016-09-24T01:13:12.906-0400: 150.224: [GC (GCLocker Initiated GC) [PSYoungGen: 131265K->73704K(175104K)] 264135K->243168K(699392K), 0.0108103 secs] [Times: user=0.16 sys=0.00, real=0.01 secs] 
2016-09-24T01:13:13.034-0400: 150.352: [GC (GCLocker Initiated GC) [PSYoungGen: 161768K->62138K(175104K)] 337567K->292763K(699392K), 0.0127179 secs] [Times: user=0.18 sys=0.01, real=0.02 secs] 
2016-09-24T01:13:13.157-0400: 150.475: [GC (Allocation Failure) [PSYoungGen: 150202K->55383K(175104K)] 381071K->287143K(699392K), 0.0066544 secs] [Times: user=0.08 sys=0.00, real=0.01 secs] 
2016-09-24T01:13:13.280-0400: 150.598: [GC (GCLocker Initiated GC) [PSYoungGen: 140095K->73644K(175104K)] 377930K->329996K(699392K), 0.0086117 secs] [Times: user=0.09 sys=0.00, real=0.01 secs] 
2016-09-24T01:13:13.441-0400: 150.759: [GC (GCLocker Initiated GC) [PSYoungGen: 161708K->55155K(175104K)] 418191K->312077K(699392K), 0.0145526 secs] [Times: user=0.14 sys=0.00, real=0.02 secs] 
2016-09-24T01:13:13.550-0400: 150.868: [GC (GCLocker Initiated GC) [PSYoungGen: 143219K->55419K(175104K)] 406465K->355203K(699392K), 0.0125054 secs] [Times: user=0.09 sys=0.00, real=0.02 secs] 
2016-09-24T01:13:13.685-0400: 151.003: [GC (GCLocker Initiated GC) [PSYoungGen: 143483K->49408K(175104K)] 449607K->404416K(699392K), 0.0155004 secs] [Times: user=0.14 sys=0.00, real=0.01 secs] 
2016-09-24T01:13:13.825-0400: 151.143: [GC (GCLocker Initiated GC) [PSYoungGen: 137472K->61330K(175104K)] 498916K->422877K(699392K), 0.0202103 secs] [Times: user=0.22 sys=0.00, real=0.02 secs] 
2016-09-24T01:13:13.949-0400: 151.267: [GC (GCLocker Initiated GC) [PSYoungGen: 149394K->55383K(175104K)] 511263K->435589K(699392K), 0.0185584 secs] [Times: user=0.19 sys=0.01, real=0.02 secs] 
2016-09-24T01:13:14.093-0400: 151.411: [GC (GCLocker Initiated GC) [PSYoungGen: 143447K->55547K(175104K)] 530083K->478776K(699392K), 0.0104034 secs] [Times: user=0.12 sys=0.00, real=0.02 secs] 
2016-09-24T01:13:14.207-0400: 151.525: [GC (GCLocker Initiated GC) [PSYoungGen: 143611K->85954K(175104K)] 579038K->527732K(699392K), 0.0188850 secs] [Times: user=0.22 sys=0.00, real=0.02 secs] 
2016-09-24T01:13:14.373-0400: 151.691: [Full GC (Ergonomics) [PSYoungGen: 174018K->0K(175104K)] [ParOldGen: 448085K->47109K(524288K)] 622103K->47109K(699392K), [Metaspace: 44445K->44445K(1087488K)], 0.0695197 secs] [Times: user=0.36 sys=0.00, real=0.08 secs] 
2016-09-24T01:13:14.550-0400: 151.868: [GC (GCLocker Initiated GC) [PSYoungGen: 88064K->61134K(175104K)] 135196K->108266K(699392K), 0.0250290 secs] [Times: user=0.23 sys=0.00, real=0.03 secs] 
2016-09-24T01:13:14.656-0400: 151.974: [GC (GCLocker Initiated GC) [PSYoungGen: 149198K->85858K(175104K)] 196479K->157550K(699392K), 0.0161397 secs] [Times: user=0.19 sys=0.00, real=0.01 secs] 
2016-09-24T01:13:14.805-0400: 152.123: [GC (GCLocker Initiated GC) [PSYoungGen: 173922K->61590K(175104K)] 251754K->188485K(699392K), 0.0187765 secs] [Times: user=0.20 sys=0.01, real=0.02 secs] 
2016-09-24T01:13:14.937-0400: 152.255: [GC (GCLocker Initiated GC) [PSYoungGen: 149654K->79619K(175104K)] 276614K->243484K(699392K), 0.0107251 secs] [Times: user=0.10 sys=0.00, real=0.01 secs] 
2016-09-24T01:13:15.051-0400: 152.369: [GC (GCLocker Initiated GC) [PSYoungGen: 167683K->42877K(175104K)] 337732K->273951K(699392K), 0.0135180 secs] [Times: user=0.09 sys=0.00, real=0.02 secs] 
2016-09-24T01:13:15.183-0400: 152.501: [GC (Allocation Failure) [PSYoungGen: 130941K->43365K(175104K)] 362018K->298854K(699392K), 0.0117932 secs] [Times: user=0.14 sys=0.01, real=0.01 secs] 
2016-09-24T01:13:15.306-0400: 152.624: [GC (GCLocker Initiated GC) [PSYoungGen: 131059K->55283K(175104K)] 392623K->335527K(699392K), 0.0076923 secs] [Times: user=0.10 sys=0.00, real=0.01 secs] 
2016-09-24T01:13:15.454-0400: 152.772: [GC (GCLocker Initiated GC) [PSYoungGen: 143347K->55647K(175104K)] 429714K->360358K(699392K), 0.0146378 secs] [Times: user=0.15 sys=0.01, real=0.02 secs] 
2016-09-24T01:13:15.618-0400: 152.936: [GC (GCLocker Initiated GC) [PSYoungGen: 143711K->43137K(175104K)] 454657K->397235K(699392K), 0.0151434 secs] [Times: user=0.15 sys=0.01, real=0.01 secs] 
2016-09-24T01:13:15.761-0400: 153.079: [GC (GCLocker Initiated GC) [PSYoungGen: 131201K->67501K(175104K)] 497530K->433918K(699392K), 0.0130583 secs] [Times: user=0.15 sys=0.00, real=0.02 secs] 
2016-09-24T01:13:15.895-0400: 153.213: [GC (GCLocker Initiated GC) [PSYoungGen: 155565K->37126K(175104K)] 528412K->452634K(699392K), 0.0087980 secs] [Times: user=0.08 sys=0.01, real=0.01 secs] 
2016-09-24T01:13:16.009-0400: 153.327: [GC (GCLocker Initiated GC) [PSYoungGen: 125190K->80011K(175104K)] 541059K->496172K(699392K), 0.0116188 secs] [Times: user=0.10 sys=0.02, real=0.01 secs] 
2016-09-24T01:13:16.131-0400: 153.449: [GC (GCLocker Initiated GC) [PSYoungGen: 168075K->61362K(175104K)] 590365K->502332K(699392K), 0.0102588 secs] [Times: user=0.10 sys=0.00, real=0.01 secs] 
2016-09-24T01:13:16.256-0400: 153.574: [GC (Allocation Failure) [PSYoungGen: 149426K->55287K(175104K)] 596552K->538967K(699392K), 0.0171382 secs] [Times: user=0.18 sys=0.00, real=0.01 secs] 
2016-09-24T01:13:16.273-0400: 153.591: [Full GC (Ergonomics) [PSYoungGen: 55287K->0K(175104K)] [ParOldGen: 483680K->52790K(524288K)] 538967K->52790K(699392K), [Metaspace: 44463K->44463K(1087488K)], 0.0509763 secs] [Times: user=0.25 sys=0.01, real=0.06 secs] 
2016-09-24T01:13:16.433-0400: 153.751: [GC (GCLocker Initiated GC) [PSYoungGen: 88064K->86374K(175104K)] 140859K->163470K(699392K), 0.0255806 secs] [Times: user=0.31 sys=0.00, real=0.03 secs] 
2016-09-24T01:13:16.581-0400: 153.899: [GC (GCLocker Initiated GC) [PSYoungGen: 174438K->30987K(175104K)] 257616K->163460K(699392K), 0.0139061 secs] [Times: user=0.14 sys=0.00, real=0.02 secs] 
2016-09-24T01:13:16.704-0400: 154.022: [GC (Allocation Failure) [PSYoungGen: 119051K->49280K(175104K)] 251824K->200389K(699392K), 0.0295513 secs] [Times: user=0.28 sys=0.00, real=0.02 secs] 
2016-09-24T01:13:16.849-0400: 154.167: [GC (GCLocker Initiated GC) [PSYoungGen: 137344K->61394K(175104K)] 288458K->230993K(699392K), 0.0136861 secs] [Times: user=0.13 sys=0.00, real=0.02 secs] 
2016-09-24T01:13:17.004-0400: 154.322: [GC (GCLocker Initiated GC) [PSYoungGen: 149458K->73540K(175104K)] 319160K->243401K(699392K), 0.0109569 secs] [Times: user=0.11 sys=0.01, real=0.01 secs] 
2016-09-24T01:13:17.111-0400: 154.429: [GC (GCLocker Initiated GC) [PSYoungGen: 161604K->67569K(175104K)] 337813K->243865K(699392K), 0.0143330 secs] [Times: user=0.13 sys=0.00, real=0.02 secs] 
2016-09-24T01:13:17.250-0400: 154.568: [GC (GCLocker Initiated GC) [PSYoungGen: 155633K->55419K(175104K)] 338360K->293096K(699392K), 0.0141861 secs] [Times: user=0.13 sys=0.01, real=0.02 secs] 
2016-09-24T01:13:17.374-0400: 154.692: [GC (GCLocker Initiated GC) [PSYoungGen: 143483K->55451K(175104K)] 381377K->323839K(699392K), 0.0125705 secs] [Times: user=0.13 sys=0.00, real=0.01 secs] 
2016-09-24T01:13:17.497-0400: 154.815: [GC (Allocation Failure) [PSYoungGen: 143513K->37226K(175104K)] 424396K->330378K(699392K), 0.0133495 secs] [Times: user=0.14 sys=0.00, real=0.01 secs] 
2016-09-24T01:13:17.645-0400: 154.963: [GC (GCLocker Initiated GC) [PSYoungGen: 125290K->73576K(175104K)] 424517K->373407K(699392K), 0.0133343 secs] [Times: user=0.13 sys=0.00, real=0.01 secs] 
2016-09-24T01:13:17.797-0400: 155.115: [GC (GCLocker Initiated GC) [PSYoungGen: 161640K->43432K(175104K)] 467604K->385974K(699392K), 0.0094447 secs] [Times: user=0.08 sys=0.00, real=0.01 secs] 
2016-09-24T01:13:17.897-0400: 155.215: [GC (GCLocker Initiated GC) [PSYoungGen: 131496K->61490K(175104K)] 480475K->447233K(699392K), 0.0311310 secs] [Times: user=0.36 sys=0.00, real=0.03 secs] 
2016-09-24T01:13:18.035-0400: 155.353: [GC (GCLocker Initiated GC) [PSYoungGen: 149554K->85954K(175104K)] 535474K->520610K(699392K), 0.0136560 secs] [Times: user=0.22 sys=0.00, real=0.01 secs] 
2016-09-24T01:13:18.182-0400: 155.500: [GC (GCLocker Initiated GC) [PSYoungGen: 174018K->18968K(175104K)] 620895K->508631K(699392K), 0.0139626 secs] [Times: user=0.16 sys=0.00, real=0.01 secs] 
2016-09-24T01:13:18.196-0400: 155.514: [Full GC (Ergonomics) [PSYoungGen: 18968K->0K(175104K)] [ParOldGen: 489662K->40744K(524288K)] 508631K->40744K(699392K), [Metaspace: 44465K->44465K(1087488K)], 0.0489762 secs] [Times: user=0.34 sys=0.01, real=0.05 secs] 
2016-09-24T01:13:18.355-0400: 155.673: [GC (GCLocker Initiated GC) [PSYoungGen: 88064K->61266K(175104K)] 134914K->108116K(699392K), 0.0142235 secs] [Times: user=0.12 sys=0.00, real=0.01 secs] 
2016-09-24T01:13:18.487-0400: 155.805: [GC (GCLocker Initiated GC) [PSYoungGen: 149330K->55743K(175104K)] 214653K->157956K(699392K), 0.0154999 secs] [Times: user=0.16 sys=0.00, real=0.02 secs] 
2016-09-24T01:13:18.633-0400: 155.951: [GC (Allocation Failure) [PSYoungGen: 143807K->55319K(175104K)] 246767K->194996K(699392K), 0.0209630 secs] [Times: user=0.24 sys=0.00, real=0.03 secs] 
2016-09-24T01:13:18.746-0400: 156.064: [GC (GCLocker Initiated GC) [PSYoungGen: 143383K->85726K(175104K)] 283066K->225529K(699392K), 0.0220381 secs] [Times: user=0.27 sys=0.00, real=0.02 secs] 
2016-09-24T01:13:18.899-0400: 156.217: [GC (GCLocker Initiated GC) [PSYoungGen: 173790K->36998K(175104K)] 325824K->225758K(699392K), 0.0099124 secs] [Times: user=0.07 sys=0.00, real=0.01 secs] 
2016-09-24T01:13:19.039-0400: 156.357: [GC (GCLocker Initiated GC) [PSYoungGen: 125062K->61462K(175104K)] 314143K->281186K(699392K), 0.0460200 secs] [Times: user=0.52 sys=0.00, real=0.05 secs] 
2016-09-24T01:13:19.215-0400: 156.533: [GC (GCLocker Initiated GC) [PSYoungGen: 149526K->85726K(175104K)] 375406K->330286K(699392K), 0.0204606 secs] [Times: user=0.22 sys=0.00, real=0.02 secs] 
2016-09-24T01:13:19.365-0400: 156.683: [GC (GCLocker Initiated GC) [PSYoungGen: 173790K->55387K(175104K)] 424753K->330925K(699392K), 0.0089197 secs] [Times: user=0.09 sys=0.00, real=0.01 secs] 
2016-09-24T01:13:19.500-0400: 156.818: [GC (GCLocker Initiated GC) [PSYoungGen: 143451K->55255K(175104K)] 425330K->355626K(699392K), 0.0149610 secs] [Times: user=0.14 sys=0.00, real=0.02 secs] 
2016-09-24T01:13:19.646-0400: 156.964: [GC (GCLocker Initiated GC) [PSYoungGen: 143319K->37126K(175104K)] 456013K->349923K(699392K), 0.0100200 secs] [Times: user=0.12 sys=0.00, real=0.01 secs] 
2016-09-24T01:13:19.806-0400: 157.124: [GC (GCLocker Initiated GC) [PSYoungGen: 125190K->36770K(175104K)] 450369K->362209K(699392K), 0.0133739 secs] [Times: user=0.13 sys=0.01, real=0.01 secs] 
2016-09-24T01:13:19.940-0400: 157.258: [GC (GCLocker Initiated GC) [PSYoungGen: 124834K->67337K(175104K)] 450331K->423337K(699392K), 0.0114078 secs] [Times: user=0.11 sys=0.00, real=0.01 secs] 
2016-09-24T01:13:20.049-0400: 157.367: [GC (GCLocker Initiated GC) [PSYoungGen: 155401K->67505K(175104K)] 511449K->454039K(699392K), 0.0287287 secs] [Times: user=0.24 sys=0.00, real=0.03 secs] 
2016-09-24T01:13:20.198-0400: 157.516: [GC (Allocation Failure) [PSYoungGen: 155569K->61298K(175104K)] 542212K->490742K(699392K), 0.0280337 secs] [Times: user=0.30 sys=0.00, real=0.03 secs] 
2016-09-24T01:13:20.342-0400: 157.660: [GC (GCLocker Initiated GC) [PSYoungGen: 149362K->43073K(175104K)] 578806K->515138K(699392K), 0.0176077 secs] [Times: user=0.19 sys=0.00, real=0.02 secs] 
2016-09-24T01:13:20.360-0400: 157.678: [Full GC (Ergonomics) [PSYoungGen: 43073K->0K(175104K)] [ParOldGen: 472065K->40993K(524288K)] 515138K->40993K(699392K), [Metaspace: 44473K->44473K(1087488K)], 0.0608110 secs] [Times: user=0.33 sys=0.01, real=0.06 secs] 
2016-09-24T01:13:20.527-0400: 157.845: [GC (GCLocker Initiated GC) [PSYoungGen: 88064K->79747K(175104K)] 129132K->120815K(699392K), 0.0243434 secs] [Times: user=0.25 sys=0.00, real=0.02 secs] 
2016-09-24T01:13:20.659-0400: 157.977: [GC (GCLocker Initiated GC) [PSYoungGen: 167811K->61494K(175104K)] 209094K->139735K(699392K), 0.0219605 secs] [Times: user=0.20 sys=0.00, real=0.02 secs] 
2016-09-24T01:13:20.813-0400: 158.131: [GC (GCLocker Initiated GC) [PSYoungGen: 149558K->49244K(175104K)] 227857K->176419K(699392K), 0.0126371 secs] [Times: user=0.13 sys=0.00, real=0.02 secs] 
2016-09-24T01:13:20.938-0400: 158.256: [GC (GCLocker Initiated GC) [PSYoungGen: 137308K->43301K(175104K)] 270836K->213390K(699392K), 0.0187531 secs] [Times: user=0.16 sys=0.00, real=0.02 secs] 
2016-09-24T01:13:21.094-0400: 158.412: [GC (GCLocker Initiated GC) [PSYoungGen: 131365K->55255K(175104K)] 301636K->262415K(699392K), 0.0212177 secs] [Times: user=0.23 sys=0.00, real=0.02 secs] 
2016-09-24T01:13:21.248-0400: 158.566: [GC (GCLocker Initiated GC) [PSYoungGen: 143319K->85854K(175104K)] 350538K->335709K(699392K), 0.0170521 secs] [Times: user=0.25 sys=0.00, real=0.02 secs] 
2016-09-24T01:13:21.376-0400: 158.694: [GC (GCLocker Initiated GC) [PSYoungGen: 173918K->49536K(175104K)] 423815K->372477K(699392K), 0.0189311 secs] [Times: user=0.22 sys=0.00, real=0.02 secs] 
2016-09-24T01:13:21.491-0400: 158.809: [GC (GCLocker Initiated GC) [PSYoungGen: 137599K->55351K(175104K)] 466971K->415381K(699392K), 0.0173006 secs] [Times: user=0.20 sys=0.01, real=0.02 secs] 
2016-09-24T01:13:21.628-0400: 158.946: [GC (GCLocker Initiated GC) [PSYoungGen: 143415K->86054K(175104K)] 503615K->470674K(699392K), 0.0224245 secs] [Times: user=0.24 sys=0.01, real=0.02 secs] 
2016-09-24T01:13:21.775-0400: 159.093: [GC (GCLocker Initiated GC) [PSYoungGen: 174118K->42877K(175104K)] 558954K->458527K(699392K), 0.0219186 secs] [Times: user=0.23 sys=0.00, real=0.02 secs] 
2016-09-24T01:13:21.893-0400: 159.211: [GC (GCLocker Initiated GC) [PSYoungGen: 130941K->67405K(175104K)] 546723K->501515K(699392K), 0.0136212 secs] [Times: user=0.11 sys=0.00, real=0.02 secs] 
2016-09-24T01:13:22.048-0400: 159.366: [GC (GCLocker Initiated GC) [PSYoungGen: 155469K->36998K(175104K)] 595690K->495727K(699392K), 0.0159967 secs] [Times: user=0.18 sys=0.00, real=0.02 secs] 
2016-09-24T01:13:22.065-0400: 159.383: [Full GC (Ergonomics) [PSYoungGen: 36998K->0K(175104K)] [ParOldGen: 458729K->41035K(524288K)] 495727K->41035K(699392K), [Metaspace: 44473K->44473K(1087488K)], 0.0523476 secs] [Times: user=0.28 sys=0.00, real=0.05 secs] 
2016-09-24T01:13:22.219-0400: 159.537: [GC (GCLocker Initiated GC) [PSYoungGen: 88064K->86274K(175104K)] 129280K->151790K(699392K), 0.0306404 secs] [Times: user=0.37 sys=0.00, real=0.03 secs] 
2016-09-24T01:13:22.369-0400: 159.687: [GC (Allocation Failure) [PSYoungGen: 174338K->67501K(175104K)] 239946K->182256K(699392K), 0.0187023 secs] [Times: user=0.20 sys=0.01, real=0.02 secs] 
2016-09-24T01:13:22.535-0400: 159.853: [GC (Allocation Failure) [PSYoungGen: 155565K->48952K(175104K)] 270320K->182168K(699392K), 0.0085704 secs] [Times: user=0.07 sys=0.01, real=0.01 secs] 
2016-09-24T01:13:22.653-0400: 159.971: [GC (Allocation Failure) [PSYoungGen: 137016K->85662K(175104K)] 270232K->218974K(699392K), 0.0210961 secs] [Times: user=0.21 sys=0.00, real=0.03 secs] 
2016-09-24T01:13:22.801-0400: 160.119: [GC (GCLocker Initiated GC) [PSYoungGen: 169257K->61330K(175104K)] 308644K->219217K(699392K), 0.0170955 secs] [Times: user=0.15 sys=0.00, real=0.02 secs] 
2016-09-24T01:13:22.936-0400: 160.254: [GC (GCLocker Initiated GC) [PSYoungGen: 149394K->73512K(175104K)] 307372K->250015K(699392K), 0.0275195 secs] [Times: user=0.32 sys=0.01, real=0.03 secs] 
2016-09-24T01:13:23.089-0400: 160.407: [GC (GCLocker Initiated GC) [PSYoungGen: 161576K->55415K(175104K)] 344836K->275408K(699392K), 0.0100868 secs] [Times: user=0.08 sys=0.01, real=0.01 secs] 
2016-09-24T01:13:23.245-0400: 160.563: [GC (GCLocker Initiated GC) [PSYoungGen: 143479K->43041K(175104K)] 369768K->287822K(699392K), 0.0268474 secs] [Times: user=0.28 sys=0.00, real=0.02 secs] 
2016-09-24T01:13:23.413-0400: 160.731: [GC (GCLocker Initiated GC) [PSYoungGen: 131105K->85562K(175104K)] 382009K->348932K(699392K), 0.0140883 secs] [Times: user=0.16 sys=0.01, real=0.02 secs] 
2016-09-24T01:13:23.519-0400: 160.837: [GC (GCLocker Initiated GC) [PSYoungGen: 173626K->61330K(175104K)] 443420K->367686K(699392K), 0.0091905 secs] [Times: user=0.08 sys=0.01, real=0.01 secs] 
2016-09-24T01:13:23.646-0400: 160.964: [GC (GCLocker Initiated GC) [PSYoungGen: 149394K->61394K(175104K)] 461980K->392496K(699392K), 0.0147545 secs] [Times: user=0.13 sys=0.01, real=0.01 secs] 
2016-09-24T01:13:23.802-0400: 161.120: [GC (GCLocker Initiated GC) [PSYoungGen: 149458K->31246K(175104K)] 499051K->435791K(699392K), 0.0174759 secs] [Times: user=0.17 sys=0.00, real=0.01 secs] 
2016-09-24T01:13:23.942-0400: 161.260: [GC (Allocation Failure) [PSYoungGen: 119310K->55351K(175104K)] 530067K->496798K(699392K), 0.0099140 secs] [Times: user=0.11 sys=0.00, real=0.00 secs] 
2016-09-24T01:13:23.953-0400: 161.271: [GC (GCLocker Initiated GC) [PSYoungGen: 55724K->96K(175104K)] 497171K->502613K(699392K), 0.0073338 secs] [Times: user=0.04 sys=0.00, real=0.01 secs] 
2016-09-24T01:13:23.960-0400: 161.278: [Full GC (Ergonomics) [PSYoungGen: 96K->0K(175104K)] [ParOldGen: 502517K->46830K(524288K)] 502613K->46830K(699392K), [Metaspace: 44476K->44476K(1087488K)], 0.0569825 secs] [Times: user=0.28 sys=0.01, real=0.06 secs] 
2016-09-24T01:13:24.128-0400: 161.446: [GC (Allocation Failure) [PSYoungGen: 85457K->73996K(175104K)] 132287K->120826K(699392K), 0.0201890 secs] [Times: user=0.21 sys=0.01, real=0.02 secs] 
2016-09-24T01:13:24.263-0400: 161.581: [GC (Allocation Failure) [PSYoungGen: 162060K->85630K(175104K)] 208890K->169574K(699392K), 0.0317204 secs] [Times: user=0.34 sys=0.00, real=0.03 secs] 
2016-09-24T01:13:24.437-0400: 161.755: [GC (GCLocker Initiated GC) [PSYoungGen: 173425K->37158K(175104K)] 263444K->157663K(699392K), 0.0215022 secs] [Times: user=0.27 sys=0.00, real=0.02 secs] 
2016-09-24T01:13:24.579-0400: 161.897: [GC (GCLocker Initiated GC) [PSYoungGen: 125222K->73544K(175104K)] 246077K->194691K(699392K), 0.0075975 secs] [Times: user=0.08 sys=0.00, real=0.01 secs] 
2016-09-24T01:13:24.701-0400: 162.019: [GC (GCLocker Initiated GC) [PSYoungGen: 161608K->49340K(175104K)] 282874K->201101K(699392K), 0.0092739 secs] [Times: user=0.08 sys=0.00, real=0.01 secs] 
2016-09-24T01:13:24.821-0400: 162.139: [GC (GCLocker Initiated GC) [PSYoungGen: 137404K->86282K(175104K)] 289526K->244590K(699392K), 0.0115574 secs] [Times: user=0.11 sys=0.00, real=0.01 secs] 
2016-09-24T01:13:24.966-0400: 162.284: [GC (GCLocker Initiated GC) [PSYoungGen: 174346K->67501K(175104K)] 332852K->244508K(699392K), 0.0164473 secs] [Times: user=0.17 sys=0.01, real=0.02 secs] 
2016-09-24T01:13:25.088-0400: 162.406: [GC (GCLocker Initiated GC) [PSYoungGen: 155565K->49408K(175104K)] 332731K->263135K(699392K), 0.0088777 secs] [Times: user=0.07 sys=0.00, real=0.01 secs] 
2016-09-24T01:13:25.217-0400: 162.535: [GC (GCLocker Initiated GC) [PSYoungGen: 137472K->85662K(175104K)] 351561K->312145K(699392K), 0.0248159 secs] [Times: user=0.20 sys=0.00, real=0.03 secs] 
2016-09-24T01:13:25.398-0400: 162.716: [GC (GCLocker Initiated GC) [PSYoungGen: 173726K->31086K(175104K)] 406288K->300375K(699392K), 0.0179447 secs] [Times: user=0.18 sys=0.00, real=0.02 secs] 
2016-09-24T01:13:25.540-0400: 162.858: [GC (GCLocker Initiated GC) [PSYoungGen: 119150K->73544K(175104K)] 394669K->349485K(699392K), 0.0106624 secs] [Times: user=0.09 sys=0.00, real=0.01 secs] 
2016-09-24T01:13:25.683-0400: 163.001: [GC (GCLocker Initiated GC) [PSYoungGen: 161608K->37325K(175104K)] 449959K->343989K(699392K), 0.0220169 secs] [Times: user=0.20 sys=0.00, real=0.02 secs] 
2016-09-24T01:13:25.840-0400: 163.158: [GC (GCLocker Initiated GC) [PSYoungGen: 125389K->73444K(175104K)] 432370K->380715K(699392K), 0.0108208 secs] [Times: user=0.11 sys=0.00, real=0.01 secs] 
2016-09-24T01:13:25.958-0400: 163.276: [GC (GCLocker Initiated GC) [PSYoungGen: 161508K->55615K(175104K)] 468950K->381433K(699392K), 0.0140420 secs] [Times: user=0.15 sys=0.00, real=0.01 secs] 
2016-09-24T01:13:26.085-0400: 163.403: [GC (GCLocker Initiated GC) [PSYoungGen: 143679K->73544K(175104K)] 475599K->418053K(699392K), 0.0192915 secs] [Times: user=0.18 sys=0.00, real=0.02 secs] 
2016-09-24T01:13:26.235-0400: 163.553: [GC (Allocation Failure) [PSYoungGen: 161608K->49244K(175104K)] 506843K->437436K(699392K), 0.0238155 secs] [Times: user=0.24 sys=0.00, real=0.02 secs] 
2016-09-24T01:13:26.377-0400: 163.695: [GC (GCLocker Initiated GC) [PSYoungGen: 133557K->55451K(175104K)] 527824K->449977K(699392K), 0.0101878 secs] [Times: user=0.10 sys=0.00, real=0.01 secs] 
2016-09-24T01:13:26.492-0400: 163.810: [GC (GCLocker Initiated GC) [PSYoungGen: 143515K->55223K(175104K)] 538044K->468057K(699392K), 0.0093186 secs] [Times: user=0.08 sys=0.00, real=0.01 secs] 
2016-09-24T01:13:26.625-0400: 163.943: [GC (GCLocker Initiated GC) [PSYoungGen: 143287K->85662K(175104K)] 556192K->498851K(699392K), 0.0274702 secs] [Times: user=0.30 sys=0.01, real=0.02 secs] 
2016-09-24T01:13:26.754-0400: 164.072: [GC (GCLocker Initiated GC) [PSYoungGen: 173726K->79719K(175104K)] 586957K->541825K(699392K), 0.0187797 secs] [Times: user=0.17 sys=0.01, real=0.02 secs] 
2016-09-24T01:13:26.773-0400: 164.091: [Full GC (Ergonomics) [PSYoungGen: 79719K->0K(175104K)] [ParOldGen: 462106K->53376K(524288K)] 541825K->53376K(699392K), [Metaspace: 44491K->44491K(1087488K)], 0.0545142 secs] [Times: user=0.30 sys=0.00, real=0.06 secs] 
2016-09-24T01:13:26.964-0400: 164.282: [GC (Allocation Failure) [PSYoungGen: 88064K->67725K(175104K)] 141453K->121114K(699392K), 0.0080535 secs] [Times: user=0.08 sys=0.00, real=0.00 secs] 
2016-09-24T01:13:27.090-0400: 164.408: [GC (GCLocker Initiated GC) [PSYoungGen: 152216K->55355K(175104K)] 211681K->139815K(699392K), 0.0256064 secs] [Times: user=0.26 sys=0.00, real=0.03 secs] 
2016-09-24T01:13:27.250-0400: 164.568: [GC (GCLocker Initiated GC) [PSYoungGen: 143419K->61458K(175104K)] 234153K->170684K(699392K), 0.0097047 secs] [Times: user=0.10 sys=0.00, real=0.01 secs] 
2016-09-24T01:13:27.391-0400: 164.709: [GC (GCLocker Initiated GC) [PSYoungGen: 149522K->55483K(175104K)] 258896K->183185K(699392K), 0.0090717 secs] [Times: user=0.08 sys=0.00, real=0.01 secs] 
2016-09-24T01:13:27.493-0400: 164.811: [GC (GCLocker Initiated GC) [PSYoungGen: 143547K->79651K(175104K)] 271554K->226167K(699392K), 0.0092606 secs] [Times: user=0.08 sys=0.00, real=0.02 secs] 
2016-09-24T01:13:27.650-0400: 164.968: [GC (GCLocker Initiated GC) [PSYoungGen: 167715K->43237K(175104K)] 320463K->214298K(699392K), 0.0250014 secs] [Times: user=0.28 sys=0.00, real=0.03 secs] 
2016-09-24T01:13:27.810-0400: 165.128: [GC (GCLocker Initiated GC) [PSYoungGen: 131301K->43041K(175104K)] 302532K->214531K(699392K), 0.0183598 secs] [Times: user=0.22 sys=0.00, real=0.02 secs] 
2016-09-24T01:13:27.941-0400: 165.259: [GC (GCLocker Initiated GC) [PSYoungGen: 131105K->61458K(175104K)] 302827K->251541K(699392K), 0.0087372 secs] [Times: user=0.08 sys=0.00, real=0.01 secs] 
2016-09-24T01:13:28.066-0400: 165.384: [GC (GCLocker Initiated GC) [PSYoungGen: 149522K->74000K(175104K)] 345728K->325008K(699392K), 0.0132399 secs] [Times: user=0.20 sys=0.00, real=0.01 secs] 
2016-09-24T01:13:28.196-0400: 165.514: [GC (GCLocker Initiated GC) [PSYoungGen: 162064K->73772K(175104K)] 413321K->367862K(699392K), 0.0106963 secs] [Times: user=0.12 sys=0.00, real=0.01 secs] 
2016-09-24T01:13:28.314-0400: 165.632: [GC (Allocation Failure) [PSYoungGen: 161836K->85594K(175104K)] 455996K->404345K(699392K), 0.0209040 secs] [Times: user=0.22 sys=0.00, real=0.02 secs] 
2016-09-24T01:13:28.335-0400: 165.653: [GC (GCLocker Initiated GC) [PSYoungGen: 85598K->96K(175104K)] 404349K->410162K(699392K), 0.0122926 secs] [Times: user=0.14 sys=0.00, real=0.01 secs] 
2016-09-24T01:13:28.465-0400: 165.783: [GC (GCLocker Initiated GC) [PSYoungGen: 86077K->74320K(175104K)] 502219K->490470K(699392K), 0.0075635 secs] [Times: user=0.10 sys=0.00, real=0.00 secs] 
2016-09-24T01:13:28.609-0400: 165.927: [GC (GCLocker Initiated GC) [PSYoungGen: 162382K->61522K(175104K)] 584968K->503300K(699392K), 0.0102655 secs] [Times: user=0.11 sys=0.00, real=0.01 secs] 
2016-09-24T01:13:28.759-0400: 166.077: [GC (GCLocker Initiated GC) [PSYoungGen: 149586K->37094K(175104K)] 597738K->503779K(699392K), 0.0120738 secs] [Times: user=0.15 sys=0.00, real=0.01 secs] 
2016-09-24T01:13:28.771-0400: 166.089: [Full GC (Ergonomics) [PSYoungGen: 37094K->0K(175104K)] [ParOldGen: 466685K->41032K(524288K)] 503779K->41032K(699392K), [Metaspace: 44500K->44500K(1087488K)], 0.0491773 secs] [Times: user=0.29 sys=0.01, real=0.05 secs] 
2016-09-24T01:13:28.926-0400: 166.244: [GC (GCLocker Initiated GC) [PSYoungGen: 88064K->86178K(175104K)] 135526K->139715K(699392K), 0.0082237 secs] [Times: user=0.09 sys=0.00, real=0.01 secs] 
2016-09-24T01:13:29.074-0400: 166.392: [GC (GCLocker Initiated GC) [PSYoungGen: 174242K->49308K(175104K)] 234126K->146353K(699392K), 0.0182776 secs] [Times: user=0.20 sys=0.00, real=0.02 secs] 
2016-09-24T01:13:29.211-0400: 166.529: [GC (GCLocker Initiated GC) [PSYoungGen: 137372K->61330K(175104K)] 234543K->170755K(699392K), 0.0171614 secs] [Times: user=0.17 sys=0.00, real=0.02 secs] 
2016-09-24T01:13:29.336-0400: 166.654: [GC (GCLocker Initiated GC) [PSYoungGen: 149394K->79783K(175104K)] 259129K->232342K(699392K), 0.0181265 secs] [Times: user=0.18 sys=0.00, real=0.02 secs] 
2016-09-24T01:13:29.472-0400: 166.790: [GC (GCLocker Initiated GC) [PSYoungGen: 167847K->61330K(175104K)] 320779K->263262K(699392K), 0.0269973 secs] [Times: user=0.26 sys=0.00, real=0.03 secs] 
2016-09-24T01:13:29.623-0400: 166.941: [GC (GCLocker Initiated GC) [PSYoungGen: 149394K->85794K(175104K)] 351485K->287997K(699392K), 0.0173848 secs] [Times: user=0.16 sys=0.00, real=0.01 secs] 
2016-09-24T01:13:29.783-0400: 167.101: [GC (GCLocker Initiated GC) [PSYoungGen: 173858K->55255K(175104K)] 376209K->312720K(699392K), 0.0243727 secs] [Times: user=0.28 sys=0.00, real=0.02 secs] 
2016-09-24T01:13:29.914-0400: 167.232: [GC (GCLocker Initiated GC) [PSYoungGen: 143319K->43137K(175104K)] 400977K->355582K(699392K), 0.0226785 secs] [Times: user=0.27 sys=0.00, real=0.02 secs] 
2016-09-24T01:13:30.051-0400: 167.369: [GC (GCLocker Initiated GC) [PSYoungGen: 131201K->86086K(175104K)] 443688K->429280K(699392K), 0.0106342 secs] [Times: user=0.14 sys=0.01, real=0.02 secs] 
2016-09-24T01:13:30.203-0400: 167.521: [GC (GCLocker Initiated GC) [PSYoungGen: 174149K->43265K(175104K)] 535912K->460159K(699392K), 0.0187433 secs] [Times: user=0.20 sys=0.01, real=0.02 secs] 
2016-09-24T01:13:30.347-0400: 167.665: [GC (GCLocker Initiated GC) [PSYoungGen: 131329K->61234K(175104K)] 548259K->478415K(699392K), 0.0111671 secs] [Times: user=0.09 sys=0.00, real=0.01 secs] 
2016-09-24T01:13:30.494-0400: 167.812: [GC (Allocation Failure) [PSYoungGen: 149298K->37453K(175104K)] 584930K->527881K(699392K), 0.0213550 secs] [Times: user=0.22 sys=0.00, real=0.02 secs] 
2016-09-24T01:13:30.516-0400: 167.834: [Full GC (Ergonomics) [PSYoungGen: 37453K->0K(175104K)] [ParOldGen: 490427K->53450K(524288K)] 527881K->53450K(699392K), [Metaspace: 44500K->44500K(1087488K)], 0.0586775 secs] [Times: user=0.49 sys=0.00, real=0.06 secs] 
2016-09-24T01:13:30.694-0400: 168.012: [GC (GCLocker Initiated GC) [PSYoungGen: 83847K->55579K(175104K)] 143372K->115104K(699392K), 0.0099043 secs] [Times: user=0.12 sys=0.00, real=0.02 secs] 
2016-09-24T01:13:30.846-0400: 168.164: [GC (Allocation Failure) [PSYoungGen: 143643K->55387K(175104K)] 215651K->133730K(699392K), 0.0148251 secs] [Times: user=0.14 sys=0.00, real=0.01 secs] 
2016-09-24T01:13:30.999-0400: 168.317: [GC (GCLocker Initiated GC) [PSYoungGen: 143451K->55287K(175104K)] 221794K->152286K(699392K), 0.0112069 secs] [Times: user=0.10 sys=0.00, real=0.01 secs] 
2016-09-24T01:13:31.132-0400: 168.450: [GC (GCLocker Initiated GC) [PSYoungGen: 143351K->55223K(175104K)] 246529K->182797K(699392K), 0.0283962 secs] [Times: user=0.35 sys=0.00, real=0.03 secs] 
2016-09-24T01:13:31.308-0400: 168.626: [GC (GCLocker Initiated GC) [PSYoungGen: 143287K->85986K(175104K)] 271065K->268778K(699392K), 0.0115300 secs] [Times: user=0.16 sys=0.00, real=0.01 secs] 
2016-09-24T01:13:31.449-0400: 168.767: [GC (GCLocker Initiated GC) [PSYoungGen: 174050K->85790K(175104K)] 363032K->293469K(699392K), 0.0101086 secs] [Times: user=0.15 sys=0.00, real=0.01 secs] 
2016-09-24T01:13:31.579-0400: 168.897: [GC (GCLocker Initiated GC) [PSYoungGen: 173854K->85890K(175104K)] 381575K->348601K(699392K), 0.0115278 secs] [Times: user=0.16 sys=0.00, real=0.01 secs] 
2016-09-24T01:13:31.713-0400: 169.031: [GC (GCLocker Initiated GC) [PSYoungGen: 173954K->67273K(175104K)] 436690K->384992K(699392K), 0.0177045 secs] [Times: user=0.20 sys=0.01, real=0.02 secs] 
2016-09-24T01:13:31.879-0400: 169.197: [GC (Allocation Failure) [PSYoungGen: 155337K->55187K(175104K)] 479306K->415702K(699392K), 0.0223389 secs] [Times: user=0.25 sys=0.00, real=0.02 secs] 
2016-09-24T01:13:32.009-0400: 169.327: [GC (GCLocker Initiated GC) [PSYoungGen: 143251K->85626K(175104K)] 503772K->452365K(699392K), 0.0161986 secs] [Times: user=0.18 sys=0.00, real=0.02 secs] 
2016-09-24T01:13:32.122-0400: 169.440: [GC (GCLocker Initiated GC) [PSYoungGen: 173690K->55451K(175104K)] 540471K->458809K(699392K), 0.0103245 secs] [Times: user=0.07 sys=0.00, real=0.00 secs] 
2016-09-24T01:13:32.255-0400: 169.573: [GC (Allocation Failure) [PSYoungGen: 143515K->61654K(175104K)] 559249K->514130K(699392K), 0.0101556 secs] [Times: user=0.14 sys=0.00, real=0.01 secs] 
2016-09-24T01:13:32.266-0400: 169.584: [Full GC (Ergonomics) [PSYoungGen: 61654K->0K(175104K)] [ParOldGen: 452476K->53497K(524288K)] 514130K->53497K(699392K), [Metaspace: 44501K->44501K(1087488K)], 0.0524668 secs] [Times: user=0.33 sys=0.00, real=0.05 secs] 
2016-09-24T01:13:32.441-0400: 169.759: [GC (GCLocker Initiated GC) [PSYoungGen: 87350K->86374K(175104K)] 146923K->170247K(699392K), 0.0135403 secs] [Times: user=0.11 sys=0.00, real=0.02 secs] 
2016-09-24T01:13:32.589-0400: 169.907: [GC (GCLocker Initiated GC) [PSYoungGen: 174438K->49212K(175104K)] 258672K->188840K(699392K), 0.0094407 secs] [Times: user=0.11 sys=0.00, real=0.01 secs] 
2016-09-24T01:13:32.715-0400: 170.033: [GC (GCLocker Initiated GC) [PSYoungGen: 137276K->43301K(175104K)] 283334K->207664K(699392K), 0.0316605 secs] [Times: user=0.31 sys=0.01, real=0.03 secs] 
2016-09-24T01:13:32.869-0400: 170.187: [GC (GCLocker Initiated GC) [PSYoungGen: 131365K->61458K(175104K)] 302102K->250704K(699392K), 0.0205961 secs] [Times: user=0.23 sys=0.00, real=0.02 secs] 
2016-09-24T01:13:33.010-0400: 170.328: [GC (GCLocker Initiated GC) [PSYoungGen: 149522K->73840K(175104K)] 339123K->263537K(699392K), 0.0137144 secs] [Times: user=0.14 sys=0.00, real=0.02 secs] 
2016-09-24T01:13:33.130-0400: 170.448: [GC (Allocation Failure) [PSYoungGen: 161904K->55287K(175104K)] 364022K->275897K(699392K), 0.0249185 secs] [Times: user=0.26 sys=0.01, real=0.03 secs] 
2016-09-24T01:13:33.271-0400: 170.589: [GC (GCLocker Initiated GC) [PSYoungGen: 142421K->67992K(175104K)] 369107K->337339K(699392K), 0.0286404 secs] [Times: user=0.35 sys=0.00, real=0.03 secs] 
2016-09-24T01:13:33.436-0400: 170.754: [GC (GCLocker Initiated GC) [PSYoungGen: 156056K->73412K(175104K)] 425663K->361723K(699392K), 0.0161986 secs] [Times: user=0.17 sys=0.00, real=0.01 secs] 
2016-09-24T01:13:33.581-0400: 170.899: [GC (GCLocker Initiated GC) [PSYoungGen: 161476K->37421K(175104K)] 462247K->356522K(699392K), 0.0085700 secs] [Times: user=0.07 sys=0.00, real=0.01 secs] 
2016-09-24T01:13:33.700-0400: 171.018: [GC (GCLocker Initiated GC) [PSYoungGen: 125485K->85726K(175104K)] 444768K->417621K(699392K), 0.0145767 secs] [Times: user=0.15 sys=0.00, real=0.02 secs] 
2016-09-24T01:13:33.857-0400: 171.175: [GC (GCLocker Initiated GC) [PSYoungGen: 173790K->55323K(175104K)] 518191K->424275K(699392K), 0.0150720 secs] [Times: user=0.12 sys=0.00, real=0.01 secs] 
2016-09-24T01:13:34.014-0400: 171.332: [GC (GCLocker Initiated GC) [PSYoungGen: 143387K->79491K(175104K)] 512527K->449054K(699392K), 0.0194800 secs] [Times: user=0.22 sys=0.00, real=0.01 secs] 
2016-09-24T01:13:34.126-0400: 171.444: [GC (Allocation Failure) [PSYoungGen: 167555K->49244K(175104K)] 537255K->461581K(699392K), 0.0109896 secs] [Times: user=0.09 sys=0.00, real=0.01 secs] 
2016-09-24T01:13:34.247-0400: 171.565: [GC (GCLocker Initiated GC) [PSYoungGen: 137308K->67373K(175104K)] 549650K->522508K(699392K), 0.0360887 secs] [Times: user=0.38 sys=0.00, real=0.04 secs] 
2016-09-24T01:13:34.419-0400: 171.737: [GC (Allocation Failure) [PSYoungGen: 155437K->49248K(175104K)] 610798K->523102K(699392K), 0.0101978 secs] [Times: user=0.10 sys=0.00, real=0.01 secs] 
2016-09-24T01:13:34.429-0400: 171.747: [Full GC (Ergonomics) [PSYoungGen: 49248K->0K(175104K)] [ParOldGen: 473854K->41634K(524288K)] 523102K->41634K(699392K), [Metaspace: 44501K->44501K(1087488K)], 0.0559146 secs] [Times: user=0.32 sys=0.00, real=0.06 secs] 
2016-09-24T01:13:34.602-0400: 171.920: [GC (GCLocker Initiated GC) [PSYoungGen: 88064K->85790K(175104K)] 129704K->163880K(699392K), 0.0110843 secs] [Times: user=0.13 sys=0.00, real=0.01 secs] 
2016-09-24T01:13:34.745-0400: 172.063: [GC (GCLocker Initiated GC) [PSYoungGen: 173854K->31019K(175104K)] 264264K->194769K(699392K), 0.0305608 secs] [Times: user=0.33 sys=0.00, real=0.03 secs] 
2016-09-24T01:13:34.894-0400: 172.212: [GC (GCLocker Initiated GC) [PSYoungGen: 119083K->73804K(175104K)] 289212K->262294K(699392K), 0.0105200 secs] [Times: user=0.11 sys=0.01, real=0.02 secs] 
2016-09-24T01:13:35.059-0400: 172.377: [GC (GCLocker Initiated GC) [PSYoungGen: 161868K->43073K(175104K)] 356470K->237943K(699392K), 0.0142401 secs] [Times: user=0.14 sys=0.00, real=0.01 secs] 
2016-09-24T01:13:35.234-0400: 172.552: [GC (Allocation Failure) [PSYoungGen: 131137K->49080K(175104K)] 326227K->286963K(699392K), 0.0094399 secs] [Times: user=0.09 sys=0.01, real=0.02 secs] 
2016-09-24T01:13:35.335-0400: 172.653: [GC (GCLocker Initiated GC) [PSYoungGen: 137144K->85690K(175104K)] 375028K->329785K(699392K), 0.0122589 secs] [Times: user=0.14 sys=0.00, real=0.01 secs] 
2016-09-24T01:13:35.461-0400: 172.779: [GC (GCLocker Initiated GC) [PSYoungGen: 173754K->73544K(175104K)] 417976K->354351K(699392K), 0.0206448 secs] [Times: user=0.17 sys=0.00, real=0.02 secs] 
2016-09-24T01:13:35.611-0400: 172.929: [GC (Allocation Failure) [PSYoungGen: 161608K->61426K(175104K)] 442770K->361065K(699392K), 0.0159552 secs] [Times: user=0.15 sys=0.00, real=0.02 secs] 
2016-09-24T01:13:35.765-0400: 173.083: [GC (GCLocker Initiated GC) [PSYoungGen: 149490K->55319K(175104K)] 449130K->373312K(699392K), 0.0101245 secs] [Times: user=0.10 sys=0.00, real=0.01 secs] 
2016-09-24T01:13:35.889-0400: 173.207: [GC (GCLocker Initiated GC) [PSYoungGen: 143383K->49212K(175104K)] 467634K->410032K(699392K), 0.0116767 secs] [Times: user=0.13 sys=0.00, real=0.01 secs] 
2016-09-24T01:13:36.010-0400: 173.328: [GC (GCLocker Initiated GC) [PSYoungGen: 137276K->73676K(175104K)] 498267K->453003K(699392K), 0.0168400 secs] [Times: user=0.15 sys=0.00, real=0.02 secs] 
2016-09-24T01:13:36.122-0400: 173.440: [GC (Allocation Failure) [PSYoungGen: 161740K->67537K(175104K)] 541417K->465730K(699392K), 0.0150344 secs] [Times: user=0.15 sys=0.00, real=0.01 secs] 
2016-09-24T01:13:36.243-0400: 173.561: [GC (GCLocker Initiated GC) [PSYoungGen: 155601K->79523K(175104K)] 553800K->514432K(699392K), 0.0234903 secs] [Times: user=0.26 sys=0.00, real=0.02 secs] 
2016-09-24T01:13:36.410-0400: 173.728: [GC (Allocation Failure) [PSYoungGen: 167587K->55515K(175104K)] 614967K->502991K(699392K), 0.0104604 secs] [Times: user=0.11 sys=0.00, real=0.01 secs] 
2016-09-24T01:13:36.526-0400: 173.844: [GC (GCLocker Initiated GC) [PSYoungGen: 138120K->55223K(175104K)] 591671K->527446K(699392K), 0.0147312 secs] [Times: user=0.13 sys=0.01, real=0.01 secs] 
2016-09-24T01:13:36.541-0400: 173.859: [Full GC (Ergonomics) [PSYoungGen: 55223K->0K(175104K)] [ParOldGen: 472223K->53900K(524288K)] 527446K->53900K(699392K), [Metaspace: 44501K->44501K(1087488K)], 0.0572258 secs] [Times: user=0.31 sys=0.01, real=0.06 secs] 
2016-09-24T01:13:36.715-0400: 174.033: [GC (Allocation Failure) [PSYoungGen: 88064K->86210K(175104K)] 148271K->146417K(699392K), 0.0285694 secs] [Times: user=0.34 sys=0.00, real=0.03 secs] 
2016-09-24T01:13:36.883-0400: 174.201: [GC (GCLocker Initiated GC) [PSYoungGen: 174274K->36930K(175104K)] 234487K->152865K(699392K), 0.0130540 secs] [Times: user=0.15 sys=0.00, real=0.01 secs] 
2016-09-24T01:13:37.008-0400: 174.326: [GC (GCLocker Initiated GC) [PSYoungGen: 124994K->86150K(175104K)] 241105K->208480K(699392K), 0.0088411 secs] [Times: user=0.12 sys=0.00, real=0.01 secs] 
2016-09-24T01:13:37.160-0400: 174.478: [GC (GCLocker Initiated GC) [PSYoungGen: 174214K->67273K(175104K)] 296969K->208716K(699392K), 0.0121040 secs] [Times: user=0.16 sys=0.01, real=0.01 secs] 
2016-09-24T01:13:37.299-0400: 174.617: [GC (GCLocker Initiated GC) [PSYoungGen: 155337K->42973K(175104K)] 308978K->233151K(699392K), 0.0112058 secs] [Times: user=0.08 sys=0.00, real=0.01 secs] 
2016-09-24T01:13:37.442-0400: 174.760: [GC (GCLocker Initiated GC) [PSYoungGen: 131037K->61398K(175104K)] 321411K->270100K(699392K), 0.0148470 secs] [Times: user=0.13 sys=0.01, real=0.02 secs] 
2016-09-24T01:13:37.537-0400: 174.855: [GC (GCLocker Initiated GC) [PSYoungGen: 149460K->85790K(175104K)] 358524K->301384K(699392K), 0.0144493 secs] [Times: user=0.16 sys=0.00, real=0.01 secs] 
2016-09-24T01:13:37.673-0400: 174.991: [GC (GCLocker Initiated GC) [PSYoungGen: 173854K->55223K(175104K)] 389787K->344315K(699392K), 0.0275635 secs] [Times: user=0.28 sys=0.00, real=0.03 secs] 
2016-09-24T01:13:37.803-0400: 175.121: [GC (GCLocker Initiated GC) [PSYoungGen: 143287K->67537K(175104K)] 432623K->411824K(699392K), 0.0301201 secs] [Times: user=0.27 sys=0.00, real=0.02 secs] 
2016-09-24T01:13:37.952-0400: 175.270: [GC (GCLocker Initiated GC) [PSYoungGen: 155601K->86150K(175104K)] 506021K->479583K(699392K), 0.0194334 secs] [Times: user=0.25 sys=0.00, real=0.02 secs] 
2016-09-24T01:13:38.071-0400: 175.389: [GC (GCLocker Initiated GC) [PSYoungGen: 174214K->85790K(175104K)] 568002K->504170K(699392K), 0.0109070 secs] [Times: user=0.13 sys=0.00, real=0.01 secs] 
2016-09-24T01:13:38.206-0400: 175.524: [GC (GCLocker Initiated GC) [PSYoungGen: 173854K->67473K(175104K)] 592371K->504287K(699392K), 0.0267298 secs] [Times: user=0.24 sys=0.00, real=0.02 secs] 
2016-09-24T01:13:38.355-0400: 175.673: [GC (Allocation Failure) [PSYoungGen: 155537K->55255K(175104K)] 598579K->528963K(699392K), 0.0092574 secs] [Times: user=0.09 sys=0.00, real=0.01 secs] 
2016-09-24T01:13:38.364-0400: 175.682: [Full GC (Ergonomics) [PSYoungGen: 55255K->0K(175104K)] [ParOldGen: 473708K->47868K(524288K)] 528963K->47868K(699392K), [Metaspace: 44501K->44501K(1087488K)], 0.0514000 secs] [Times: user=0.28 sys=0.00, real=0.05 secs] 
2016-09-24T01:13:38.530-0400: 175.848: [GC (GCLocker Initiated GC) [PSYoungGen: 88064K->73576K(175104K)] 135937K->121450K(699392K), 0.0110062 secs] [Times: user=0.12 sys=0.01, real=0.01 secs] 
2016-09-24T01:13:38.652-0400: 175.970: [GC (Allocation Failure) [PSYoungGen: 161640K->86314K(175104K)] 209723K->177230K(699392K), 0.0144614 secs] [Times: user=0.19 sys=0.00, real=0.02 secs] 
2016-09-24T01:13:38.802-0400: 176.120: [GC (GCLocker Initiated GC) [PSYoungGen: 172580K->31051K(175104K)] 269571K->183180K(699392K), 0.0102467 secs] [Times: user=0.11 sys=0.00, real=0.00 secs] 
2016-09-24T01:13:38.909-0400: 176.227: [GC (Allocation Failure) [PSYoungGen: 119115K->67701K(175104K)] 277669K->226342K(699392K), 0.0172049 secs] [Times: user=0.16 sys=0.00, real=0.02 secs] 
2016-09-24T01:13:39.072-0400: 176.390: [GC (GCLocker Initiated GC) [PSYoungGen: 155765K->55223K(175104K)] 314406K->250598K(699392K), 0.0213433 secs] [Times: user=0.22 sys=0.00, real=0.02 secs] 
2016-09-24T01:13:39.204-0400: 176.522: [GC (GCLocker Initiated GC) [PSYoungGen: 143287K->73608K(175104K)] 338709K->269314K(699392K), 0.0073277 secs] [Times: user=0.05 sys=0.00, real=0.00 secs] 
2016-09-24T01:13:39.309-0400: 176.627: [GC (GCLocker Initiated GC) [PSYoungGen: 161672K->43009K(175104K)] 357611K->281740K(699392K), 0.0259757 secs] [Times: user=0.24 sys=0.00, real=0.03 secs] 
2016-09-24T01:13:39.473-0400: 176.791: [GC (GCLocker Initiated GC) [PSYoungGen: 131073K->43041K(175104K)] 376234K->306679K(699392K), 0.0099217 secs] [Times: user=0.07 sys=0.00, real=0.02 secs] 
2016-09-24T01:13:39.619-0400: 176.937: [GC (GCLocker Initiated GC) [PSYoungGen: 131105K->61330K(175104K)] 400921K->331390K(699392K), 0.0145664 secs] [Times: user=0.14 sys=0.00, real=0.01 secs] 
2016-09-24T01:13:39.740-0400: 177.058: [GC (GCLocker Initiated GC) [PSYoungGen: 149394K->61394K(175104K)] 419513K->386487K(699392K), 0.0294987 secs] [Times: user=0.32 sys=0.01, real=0.03 secs] 
2016-09-24T01:13:39.895-0400: 177.213: [GC (GCLocker Initiated GC) [PSYoungGen: 149458K->67537K(175104K)] 480668K->429233K(699392K), 0.0130494 secs] [Times: user=0.10 sys=0.00, real=0.01 secs] 
2016-09-24T01:13:40.056-0400: 177.374: [GC (GCLocker Initiated GC) [PSYoungGen: 155601K->43041K(175104K)] 529500K->453806K(699392K), 0.0276015 secs] [Times: user=0.27 sys=0.00, real=0.03 secs] 
2016-09-24T01:13:40.213-0400: 177.531: [GC (Allocation Failure) [PSYoungGen: 131105K->67469K(175104K)] 542074K->478745K(699392K), 0.0139042 secs] [Times: user=0.13 sys=0.00, real=0.02 secs] 
2016-09-24T01:13:40.331-0400: 177.649: [GC (GCLocker Initiated GC) [PSYoungGen: 153298K->61426K(175104K)] 570650K->509280K(699392K), 0.0129760 secs] [Times: user=0.13 sys=0.00, real=0.02 secs] 
2016-09-24T01:13:40.483-0400: 177.801: [Full GC (Ergonomics) [PSYoungGen: 149490K->0K(175104K)] [ParOldGen: 453965K->42042K(524288K)] 603455K->42042K(699392K), [Metaspace: 44501K->44501K(1087488K)], 0.0700374 secs] [Times: user=0.39 sys=0.01, real=0.06 secs] 
2016-09-24T01:13:40.688-0400: 178.006: [GC (GCLocker Initiated GC) [PSYoungGen: 88064K->85950K(175104K)] 136301K->146337K(699392K), 0.0438034 secs] [Times: user=0.50 sys=0.00, real=0.04 secs] 
2016-09-24T01:13:40.858-0400: 178.176: [GC (GCLocker Initiated GC) [PSYoungGen: 174014K->37158K(175104K)] 252830K->195465K(699392K), 0.0174840 secs] [Times: user=0.19 sys=0.01, real=0.02 secs] 
2016-09-24T01:13:41.003-0400: 178.321: [GC (GCLocker Initiated GC) [PSYoungGen: 125222K->55323K(175104K)] 289965K->220153K(699392K), 0.0086201 secs] [Times: user=0.05 sys=0.00, real=0.00 secs] 
2016-09-24T01:13:41.110-0400: 178.428: [GC (GCLocker Initiated GC) [PSYoungGen: 143387K->85694K(175104K)] 308304K->275194K(699392K), 0.0289513 secs] [Times: user=0.31 sys=0.00, real=0.03 secs] 
2016-09-24T01:13:41.266-0400: 178.584: [GC (GCLocker Initiated GC) [PSYoungGen: 173758K->61426K(175104K)] 363294K->287524K(699392K), 0.0310930 secs] [Times: user=0.37 sys=0.00, real=0.03 secs] 
2016-09-24T01:13:41.415-0400: 178.733: [GC (GCLocker Initiated GC) [PSYoungGen: 149490K->61362K(175104K)] 381828K->318268K(699392K), 0.0086056 secs] [Times: user=0.07 sys=0.00, real=0.01 secs] 
2016-09-24T01:13:41.563-0400: 178.881: [GC (Allocation Failure) [PSYoungGen: 149426K->18904K(175104K)] 424839K->312818K(699392K), 0.0100865 secs] [Times: user=0.08 sys=0.00, real=0.00 secs] 
2016-09-24T01:13:41.696-0400: 179.014: [GC (GCLocker Initiated GC) [PSYoungGen: 103132K->55287K(175104K)] 403120K->355543K(699392K), 0.0248140 secs] [Times: user=0.25 sys=0.00, real=0.02 secs] 
2016-09-24T01:13:41.850-0400: 179.168: [GC (Allocation Failure) [PSYoungGen: 143347K->37226K(175104K)] 462167K->374366K(699392K), 0.0091800 secs] [Times: user=0.08 sys=0.00, real=0.01 secs] 
2016-09-24T01:13:42.018-0400: 179.336: [GC (GCLocker Initiated GC) [PSYoungGen: 122673K->49116K(175104K)] 465888K->392582K(699392K), 0.0217709 secs] [Times: user=0.23 sys=0.00, real=0.02 secs] 
2016-09-24T01:13:42.168-0400: 179.486: [GC (GCLocker Initiated GC) [PSYoungGen: 137180K->85626K(175104K)] 480694K->453763K(699392K), 0.0114655 secs] [Times: user=0.16 sys=0.00, real=0.01 secs] 
2016-09-24T01:13:42.284-0400: 179.602: [GC (GCLocker Initiated GC) [PSYoungGen: 173690K->85822K(175104K)] 541903K->539229K(699392K), 0.0148712 secs] [Times: user=0.24 sys=0.00, real=0.01 secs] 
2016-09-24T01:13:42.299-0400: 179.617: [Full GC (Ergonomics) [PSYoungGen: 85822K->0K(175104K)] [ParOldGen: 453407K->54397K(524288K)] 539229K->54397K(699392K), [Metaspace: 44501K->44501K(1087488K)], 0.0546053 secs] [Times: user=0.36 sys=0.02, real=0.05 secs] 
2016-09-24T01:13:42.484-0400: 179.802: [GC (Allocation Failure) [PSYoungGen: 88064K->85918K(175104K)] 142519K->164673K(699392K), 0.0101689 secs] [Times: user=0.07 sys=0.00, real=0.00 secs] 
2016-09-24T01:13:42.607-0400: 179.925: [GC (GCLocker Initiated GC) [PSYoungGen: 173982K->79747K(175104K)] 252743K->238063K(699392K), 0.0136438 secs] [Times: user=0.20 sys=0.00, real=0.01 secs] 
2016-09-24T01:13:42.747-0400: 180.065: [GC (GCLocker Initiated GC) [PSYoungGen: 167811K->85790K(175104K)] 326169K->262688K(699392K), 0.0107793 secs] [Times: user=0.13 sys=0.01, real=0.01 secs] 
2016-09-24T01:13:42.869-0400: 180.187: [GC (GCLocker Initiated GC) [PSYoungGen: 173854K->67469K(175104K)] 351051K->317850K(699392K), 0.0223431 secs] [Times: user=0.26 sys=0.00, real=0.02 secs] 
2016-09-24T01:13:43.026-0400: 180.344: [GC (GCLocker Initiated GC) [PSYoungGen: 155533K->55419K(175104K)] 405966K->324221K(699392K), 0.0131644 secs] [Times: user=0.15 sys=0.00, real=0.01 secs] 
2016-09-24T01:13:43.134-0400: 180.452: [GC (GCLocker Initiated GC) [PSYoungGen: 143483K->85854K(175104K)] 412467K->391611K(699392K), 0.0124992 secs] [Times: user=0.16 sys=0.01, real=0.02 secs] 
2016-09-24T01:13:43.280-0400: 180.598: [GC (GCLocker Initiated GC) [PSYoungGen: 173918K->67665K(175104K)] 485781K->470780K(699392K), 0.0132254 secs] [Times: user=0.12 sys=0.00, real=0.01 secs] 
2016-09-24T01:13:43.414-0400: 180.732: [GC (GCLocker Initiated GC) [PSYoungGen: 155729K->43073K(175104K)] 571091K->495161K(699392K), 0.0209931 secs] [Times: user=0.19 sys=0.00, real=0.02 secs] 
2016-09-24T01:13:43.435-0400: 180.753: [Full GC (Ergonomics) [PSYoungGen: 43073K->0K(175104K)] [ParOldGen: 452088K->54032K(524288K)] 495161K->54032K(699392K), [Metaspace: 44505K->44505K(1087488K)], 0.0574940 secs] [Times: user=0.25 sys=0.01, real=0.05 secs] 
2016-09-24T01:13:43.626-0400: 180.944: [GC (GCLocker Initiated GC) [PSYoungGen: 88064K->73644K(175104K)] 142132K->127712K(699392K), 0.0203293 secs] [Times: user=0.18 sys=0.00, real=0.02 secs] 
2016-09-24T01:13:43.768-0400: 181.086: [GC (GCLocker Initiated GC) [PSYoungGen: 161708K->67501K(175104K)] 221966K->182890K(699392K), 0.0230592 secs] [Times: user=0.25 sys=0.00, real=0.02 secs] 
2016-09-24T01:13:43.901-0400: 181.219: [GC (GCLocker Initiated GC) [PSYoungGen: 155565K->61494K(175104K)] 271315K->207887K(699392K), 0.0178762 secs] [Times: user=0.16 sys=0.01, real=0.02 secs] 
2016-09-24T01:13:44.055-0400: 181.373: [GC (GCLocker Initiated GC) [PSYoungGen: 149558K->55255K(175104K)] 302071K->226245K(699392K), 0.0200257 secs] [Times: user=0.23 sys=0.00, real=0.02 secs] 
2016-09-24T01:13:44.197-0400: 181.515: [GC (Allocation Failure) [PSYoungGen: 143319K->67473K(175104K)] 320459K->262949K(699392K), 0.0105140 secs] [Times: user=0.07 sys=0.01, real=0.01 secs] 
2016-09-24T01:13:44.312-0400: 181.630: [GC (GCLocker Initiated GC) [PSYoungGen: 155537K->55351K(175104K)] 351014K->293817K(699392K), 0.0220237 secs] [Times: user=0.26 sys=0.00, real=0.02 secs] 
2016-09-24T01:13:44.485-0400: 181.803: [GC (GCLocker Initiated GC) [PSYoungGen: 143415K->79523K(175104K)] 381950K->336387K(699392K), 0.0099535 secs] [Times: user=0.09 sys=0.00, real=0.01 secs] 
2016-09-24T01:13:44.618-0400: 181.936: [GC (GCLocker Initiated GC) [PSYoungGen: 167587K->85722K(175104K)] 430568K->397643K(699392K), 0.0115486 secs] [Times: user=0.17 sys=0.00, real=0.01 secs] 
2016-09-24T01:13:44.737-0400: 182.055: [GC (GCLocker Initiated GC) [PSYoungGen: 173786K->55579K(175104K)] 498133K->434713K(699392K), 0.0135234 secs] [Times: user=0.13 sys=0.01, real=0.01 secs] 
2016-09-24T01:13:44.910-0400: 182.228: [GC (GCLocker Initiated GC) [PSYoungGen: 143643K->36866K(175104K)] 528910K->440813K(699392K), 0.0101272 secs] [Times: user=0.12 sys=0.00, real=0.01 secs] 
2016-09-24T01:13:45.065-0400: 182.383: [GC (GCLocker Initiated GC) [PSYoungGen: 124930K->79423K(175104K)] 535112K->489732K(699392K), 0.0122094 secs] [Times: user=0.15 sys=0.00, real=0.01 secs] 
2016-09-24T01:13:45.200-0400: 182.518: [GC (GCLocker Initiated GC) [PSYoungGen: 167487K->73640K(175104K)] 577806K->526643K(699392K), 0.0103485 secs] [Times: user=0.13 sys=0.00, real=0.01 secs] 
2016-09-24T01:13:45.210-0400: 182.528: [Full GC (Ergonomics) [PSYoungGen: 73640K->0K(175104K)] [ParOldGen: 453003K->48295K(524288K)] 526643K->48295K(699392K), [Metaspace: 44506K->44506K(1087488K)], 0.0554618 secs] [Times: user=0.37 sys=0.02, real=0.06 secs] 
2016-09-24T01:13:45.372-0400: 182.690: [GC (GCLocker Initiated GC) [PSYoungGen: 88064K->86210K(175104K)] 142436K->146657K(699392K), 0.0178734 secs] [Times: user=0.25 sys=0.01, real=0.02 secs] 
2016-09-24T01:13:45.490-0400: 182.808: [GC (GCLocker Initiated GC) [PSYoungGen: 174274K->85790K(175104K)] 234847K->189763K(699392K), 0.0104330 secs] [Times: user=0.14 sys=0.00, real=0.01 secs] 
2016-09-24T01:13:45.640-0400: 182.958: [GC (GCLocker Initiated GC) [PSYoungGen: 173854K->73608K(175104K)] 284158K->202248K(699392K), 0.0095655 secs] [Times: user=0.13 sys=0.01, real=0.01 secs] 
2016-09-24T01:13:45.762-0400: 183.080: [GC (GCLocker Initiated GC) [PSYoungGen: 161672K->73640K(175104K)] 290499K->202759K(699392K), 0.0165111 secs] [Times: user=0.19 sys=0.01, real=0.02 secs] 
2016-09-24T01:13:45.900-0400: 183.218: [GC (GCLocker Initiated GC) [PSYoungGen: 161704K->55123K(175104K)] 290987K->202907K(699392K), 0.0268365 secs] [Times: user=0.30 sys=0.00, real=0.03 secs] 
2016-09-24T01:13:46.060-0400: 183.378: [GC (GCLocker Initiated GC) [PSYoungGen: 143187K->79619K(175104K)] 291024K->227584K(699392K), 0.0245260 secs] [Times: user=0.26 sys=0.00, real=0.03 secs] 
2016-09-24T01:13:46.215-0400: 183.533: [GC (GCLocker Initiated GC) [PSYoungGen: 167683K->43105K(175104K)] 321747K->258195K(699392K), 0.0182606 secs] [Times: user=0.20 sys=0.00, real=0.01 secs] 
2016-09-24T01:13:46.374-0400: 183.692: [GC (GCLocker Initiated GC) [PSYoungGen: 131169K->37066K(175104K)] 346527K->264833K(699392K), 0.0207258 secs] [Times: user=0.19 sys=0.00, real=0.02 secs] 
2016-09-24T01:13:46.494-0400: 183.812: [GC (Allocation Failure) [PSYoungGen: 125130K->85626K(175104K)] 352984K->338095K(699392K), 0.0156936 secs] [Times: user=0.17 sys=0.00, real=0.01 secs] 
2016-09-24T01:13:46.635-0400: 183.953: [GC (Allocation Failure) [PSYoungGen: 173690K->55451K(175104K)] 426159K->374841K(699392K), 0.0099246 secs] [Times: user=0.10 sys=0.01, real=0.01 secs] 
2016-09-24T01:13:46.751-0400: 184.069: [GC (GCLocker Initiated GC) [PSYoungGen: 143515K->67373K(175104K)] 462910K->387200K(699392K), 0.0120327 secs] [Times: user=0.11 sys=0.00, real=0.02 secs] 
2016-09-24T01:13:46.892-0400: 184.210: [GC (GCLocker Initiated GC) [PSYoungGen: 155437K->49244K(175104K)] 487686K->418218K(699392K), 0.0301649 secs] [Times: user=0.35 sys=0.01, real=0.03 secs] 
2016-09-24T01:13:47.037-0400: 184.355: [GC (GCLocker Initiated GC) [PSYoungGen: 137308K->86018K(175104K)] 506480K->497851K(699392K), 0.0119833 secs] [Times: user=0.17 sys=0.00, real=0.01 secs] 
2016-09-24T01:13:47.204-0400: 184.522: [GC (GCLocker Initiated GC) [PSYoungGen: 174082K->37026K(175104K)] 604261K->510045K(699392K), 0.0131205 secs] [Times: user=0.16 sys=0.00, real=0.01 secs] 
2016-09-24T01:13:47.218-0400: 184.536: [Full GC (Ergonomics) [PSYoungGen: 37026K->0K(175104K)] [ParOldGen: 473019K->54292K(524288K)] 510045K->54292K(699392K), [Metaspace: 44512K->44512K(1087488K)], 0.0587003 secs] [Times: user=0.38 sys=0.01, real=0.06 secs] 
2016-09-24T01:13:47.392-0400: 184.710: [GC (GCLocker Initiated GC) [PSYoungGen: 88064K->86734K(175104K)] 142723K->165693K(699392K), 0.0103610 secs] [Times: user=0.14 sys=0.00, real=0.02 secs] 
2016-09-24T01:13:47.523-0400: 184.841: [GC (GCLocker Initiated GC) [PSYoungGen: 174798K->55383K(175104K)] 253929K->159525K(699392K), 0.0101433 secs] [Times: user=0.12 sys=0.00, real=0.00 secs] 
2016-09-24T01:13:47.666-0400: 184.984: [GC (Allocation Failure) [PSYoungGen: 143447K->85822K(175104K)] 247956K->233156K(699392K), 0.0126147 secs] [Times: user=0.13 sys=0.00, real=0.01 secs] 
2016-09-24T01:13:47.679-0400: 184.997: [GC (GCLocker Initiated GC) [PSYoungGen: 85832K->96K(175104K)] 233166K->238974K(699392K), 0.0089583 secs] [Times: user=0.11 sys=0.00, real=0.01 secs] 
2016-09-24T01:13:47.801-0400: 185.119: [GC (GCLocker Initiated GC) [PSYoungGen: 84602K->86050K(175104K)] 329556K->337079K(699392K), 0.0247578 secs] [Times: user=0.25 sys=0.00, real=0.03 secs] 
2016-09-24T01:13:47.953-0400: 185.271: [GC (GCLocker Initiated GC) [PSYoungGen: 174114K->73608K(175104K)] 425308K->361987K(699392K), 0.0097869 secs] [Times: user=0.10 sys=0.00, real=0.02 secs] 
2016-09-24T01:13:48.068-0400: 185.386: [GC (GCLocker Initiated GC) [PSYoungGen: 161672K->67537K(175104K)] 450256K->392831K(699392K), 0.0345686 secs] [Times: user=0.37 sys=0.00, real=0.04 secs] 
2016-09-24T01:13:48.245-0400: 185.563: [GC (GCLocker Initiated GC) [PSYoungGen: 155601K->61458K(175104K)] 481261K->423860K(699392K), 0.0319072 secs] [Times: user=0.38 sys=0.00, real=0.03 secs] 
2016-09-24T01:13:48.377-0400: 185.695: [GC (Allocation Failure) [PSYoungGen: 149522K->73868K(175104K)] 512279K->454962K(699392K), 0.0095893 secs] [Times: user=0.10 sys=0.00, real=0.01 secs] 
2016-09-24T01:13:48.485-0400: 185.803: [GC (GCLocker Initiated GC) [PSYoungGen: 159475K->61394K(175104K)] 546644K->485320K(699392K), 0.0107125 secs] [Times: user=0.12 sys=0.00, real=0.01 secs] 
2016-09-24T01:13:48.632-0400: 185.950: [GC (GCLocker Initiated GC) [PSYoungGen: 149458K->85854K(175104K)] 573650K->534474K(699392K), 0.0231374 secs] [Times: user=0.28 sys=0.01, real=0.03 secs] 
2016-09-24T01:13:48.757-0400: 186.075: [GC (GCLocker Initiated GC) [PSYoungGen: 173918K->73512K(175104K)] 622663K->522540K(699392K), 0.0086727 secs] [Times: user=0.08 sys=0.00, real=0.01 secs] 
2016-09-24T01:13:48.877-0400: 186.195: [GC (GCLocker Initiated GC) [PSYoungGen: 161576K->85594K(175104K)] 610652K->559278K(699392K), 0.0115821 secs] [Times: user=0.18 sys=0.00, real=0.01 secs] 
2016-09-24T01:13:48.888-0400: 186.206: [Full GC (Ergonomics) [PSYoungGen: 85594K->0K(175104K)] [ParOldGen: 473683K->48185K(524288K)] 559278K->48185K(699392K), [Metaspace: 44513K->44513K(1087488K)], 0.0539468 secs] [Times: user=0.40 sys=0.02, real=0.06 secs] 
2016-09-24T01:13:49.047-0400: 186.365: [GC (GCLocker Initiated GC) [PSYoungGen: 88064K->86734K(175104K)] 148676K->153421K(699392K), 0.0101148 secs] [Times: user=0.13 sys=0.00, real=0.01 secs] 
2016-09-24T01:13:49.215-0400: 186.533: [GC (GCLocker Initiated GC) [PSYoungGen: 174798K->79519K(175104K)] 247607K->208075K(699392K), 0.0114172 secs] [Times: user=0.18 sys=0.00, real=0.01 secs] 
2016-09-24T01:13:49.376-0400: 186.694: [GC (GCLocker Initiated GC) [PSYoungGen: 167583K->36998K(175104K)] 308515K->202325K(699392K), 0.0166244 secs] [Times: user=0.13 sys=0.00, real=0.01 secs] 
2016-09-24T01:13:49.563-0400: 186.881: [GC (Allocation Failure) [PSYoungGen: 125062K->42945K(175104K)] 290739K->208693K(699392K), 0.0450865 secs] [Times: user=0.45 sys=0.00, real=0.04 secs] 
2016-09-24T01:13:49.731-0400: 187.049: [GC (GCLocker Initiated GC) [PSYoungGen: 130408K->49244K(175104K)] 302232K->239372K(699392K), 0.0154559 secs] [Times: user=0.15 sys=0.00, real=0.02 secs] 
2016-09-24T01:13:49.865-0400: 187.183: [GC (GCLocker Initiated GC) [PSYoungGen: 137308K->73512K(175104K)] 327702K->282422K(699392K), 0.0126514 secs] [Times: user=0.15 sys=0.00, real=0.01 secs] 
2016-09-24T01:13:50.015-0400: 187.333: [GC (Allocation Failure) [PSYoungGen: 161576K->55323K(175104K)] 377490K->283671K(699392K), 0.0084410 secs] [Times: user=0.05 sys=0.01, real=0.01 secs] 
2016-09-24T01:13:50.114-0400: 187.432: [GC (GCLocker Initiated GC) [PSYoungGen: 143387K->85890K(175104K)] 371740K->351165K(699392K), 0.0110375 secs] [Times: user=0.13 sys=0.00, real=0.02 secs] 
2016-09-24T01:13:50.228-0400: 187.546: [GC (GCLocker Initiated GC) [PSYoungGen: 173954K->55383K(175104K)] 439355K->394147K(699392K), 0.0115000 secs] [Times: user=0.16 sys=0.01, real=0.01 secs] 
2016-09-24T01:13:50.340-0400: 187.658: [GC (GCLocker Initiated GC) [PSYoungGen: 143447K->73836K(175104K)] 482258K->479632K(699392K), 0.0112370 secs] [Times: user=0.16 sys=0.00, real=0.01 secs] 
2016-09-24T01:13:50.446-0400: 187.764: [GC (GCLocker Initiated GC) [PSYoungGen: 161900K->85922K(175104K)] 567867K->516480K(699392K), 0.0099459 secs] [Times: user=0.14 sys=0.00, real=0.01 secs] 
2016-09-24T01:13:50.589-0400: 187.907: [GC (GCLocker Initiated GC) [PSYoungGen: 173984K->55159K(175104K)] 604909K->522637K(699392K), 0.0136402 secs] [Times: user=0.16 sys=0.00, real=0.02 secs] 
2016-09-24T01:13:50.603-0400: 187.921: [Full GC (Ergonomics) [PSYoungGen: 55159K->0K(175104K)] [ParOldGen: 467478K->46777K(524288K)] 522637K->46777K(699392K), [Metaspace: 44513K->44513K(1087488K)], 0.1071482 secs] [Times: user=1.26 sys=0.01, real=0.10 secs] 
2016-09-24T01:13:50.827-0400: 188.145: [GC (GCLocker Initiated GC) [PSYoungGen: 88064K->61394K(175104K)] 134944K->108274K(699392K), 0.0067303 secs] [Times: user=0.06 sys=0.00, real=0.00 secs] 
2016-09-24T01:13:50.950-0400: 188.268: [GC (Allocation Failure) [PSYoungGen: 149458K->85890K(175104K)] 196402K->169772K(699392K), 0.0135358 secs] [Times: user=0.16 sys=0.00, real=0.02 secs] 
2016-09-24T01:13:51.072-0400: 188.390: [GC (GCLocker Initiated GC) [PSYoungGen: 173954K->85790K(175104K)] 257841K->224660K(699392K), 0.0287988 secs] [Times: user=0.33 sys=0.00, real=0.03 secs] 
2016-09-24T01:13:51.209-0400: 188.527: [GC (GCLocker Initiated GC) [PSYoungGen: 173854K->61654K(175104K)] 319434K->243984K(699392K), 0.0095087 secs] [Times: user=0.12 sys=0.00, real=0.01 secs] 
2016-09-24T01:13:51.328-0400: 188.646: [GC (GCLocker Initiated GC) [PSYoungGen: 149718K->85726K(175104K)] 332213K->304822K(699392K), 0.0218944 secs] [Times: user=0.17 sys=0.00, real=0.02 secs] 
2016-09-24T01:13:51.504-0400: 188.822: [GC (GCLocker Initiated GC) [PSYoungGen: 173790K->55059K(175104K)] 399076K->316875K(699392K), 0.0081825 secs] [Times: user=0.08 sys=0.00, real=0.00 secs] 
2016-09-24T01:13:51.647-0400: 188.965: [GC (GCLocker Initiated GC) [PSYoungGen: 143123K->61198K(175104K)] 411063K->371798K(699392K), 0.0323921 secs] [Times: user=0.36 sys=0.02, real=0.03 secs] 
2016-09-24T01:13:51.777-0400: 189.095: [GC (GCLocker Initiated GC) [PSYoungGen: 149262K->73804K(175104K)] 466265K->415194K(699392K), 0.0260088 secs] [Times: user=0.30 sys=0.00, real=0.03 secs] 
2016-09-24T01:13:51.901-0400: 189.219: [GC (Allocation Failure) [PSYoungGen: 161868K->79747K(175104K)] 509515K->439867K(699392K), 0.0146370 secs] [Times: user=0.17 sys=0.00, real=0.02 secs] 
2016-09-24T01:13:52.049-0400: 189.367: [GC (GCLocker Initiated GC) [PSYoungGen: 167811K->55579K(175104K)] 527932K->470535K(699392K), 0.0115635 secs] [Times: user=0.16 sys=0.01, real=0.01 secs] 
2016-09-24T01:13:52.179-0400: 189.497: [GC (GCLocker Initiated GC) [PSYoungGen: 143643K->73544K(175104K)] 558636K->488960K(699392K), 0.0195673 secs] [Times: user=0.23 sys=0.00, real=0.02 secs] 
2016-09-24T01:13:52.312-0400: 189.630: [GC (GCLocker Initiated GC) [PSYoungGen: 161608K->43169K(175104K)] 577153K->519747K(699392K), 0.0160830 secs] [Times: user=0.18 sys=0.00, real=0.02 secs] 
2016-09-24T01:13:52.328-0400: 189.646: [Full GC (Ergonomics) [PSYoungGen: 43169K->0K(175104K)] [ParOldGen: 476578K->46798K(524288K)] 519747K->46798K(699392K), [Metaspace: 44513K->44513K(1087488K)], 0.0608858 secs] [Times: user=0.37 sys=0.01, real=0.06 secs] 
2016-09-24T01:13:52.499-0400: 189.817: [GC (GCLocker Initiated GC) [PSYoungGen: 88064K->74028K(175104K)] 147115K->133080K(699392K), 0.0095717 secs] [Times: user=0.11 sys=0.00, real=0.01 secs] 
2016-09-24T01:13:52.655-0400: 189.973: [GC (GCLocker Initiated GC) [PSYoungGen: 162092K->49248K(175104K)] 227243K->139222K(699392K), 0.0184010 secs] [Times: user=0.19 sys=0.01, real=0.01 secs] 
2016-09-24T01:13:52.800-0400: 190.118: [GC (GCLocker Initiated GC) [PSYoungGen: 137312K->55383K(175104K)] 227293K->176186K(699392K), 0.0140618 secs] [Times: user=0.14 sys=0.01, real=0.02 secs] 
2016-09-24T01:13:52.908-0400: 190.226: [GC (GCLocker Initiated GC) [PSYoungGen: 143447K->85822K(175104K)] 270580K->237586K(699392K), 0.0114057 secs] [Times: user=0.17 sys=0.00, real=0.01 secs] 
2016-09-24T01:13:53.056-0400: 190.374: [GC (GCLocker Initiated GC) [PSYoungGen: 173886K->55187K(175104K)] 332524K->256650K(699392K), 0.0343053 secs] [Times: user=0.35 sys=0.00, real=0.03 secs] 
2016-09-24T01:13:53.226-0400: 190.544: [GC (Allocation Failure) [PSYoungGen: 143251K->73576K(175104K)] 350998K->293585K(699392K), 0.0376168 secs] [Times: user=0.40 sys=0.00, real=0.04 secs] 
2016-09-24T01:13:53.265-0400: 190.582: [GC (GCLocker Initiated GC) [PSYoungGen: 73939K->192K(175104K)] 293948K->293807K(699392K), 0.0165281 secs] [Times: user=0.19 sys=0.00, real=0.01 secs] 
2016-09-24T01:13:53.405-0400: 190.723: [GC (GCLocker Initiated GC) [PSYoungGen: 87240K->86374K(175104K)] 386930K->410380K(699392K), 0.0103988 secs] [Times: user=0.12 sys=0.00, real=0.01 secs] 
2016-09-24T01:13:53.541-0400: 190.859: [GC (Allocation Failure) [PSYoungGen: 174438K->30891K(175104K)] 498693K->428913K(699392K), 0.0240295 secs] [Times: user=0.25 sys=0.00, real=0.03 secs] 
2016-09-24T01:13:53.691-0400: 191.009: [GC (GCLocker Initiated GC) [PSYoungGen: 118955K->73480K(175104K)] 516983K->489837K(699392K), 0.0265464 secs] [Times: user=0.26 sys=0.01, real=0.03 secs] 
2016-09-24T01:13:53.848-0400: 191.166: [GC (GCLocker Initiated GC) [PSYoungGen: 161544K->49212K(175104K)] 590099K->514329K(699392K), 0.0094055 secs] [Times: user=0.10 sys=0.01, real=0.01 secs] 
2016-09-24T01:13:53.857-0400: 191.175: [Full GC (Ergonomics) [PSYoungGen: 49212K->0K(175104K)] [ParOldGen: 465116K->59019K(524288K)] 514329K->59019K(699392K), [Metaspace: 44513K->44513K(1087488K)], 0.0586666 secs] [Times: user=0.32 sys=0.00, real=0.06 secs] 
2016-09-24T01:13:54.042-0400: 191.360: [GC (GCLocker Initiated GC) [PSYoungGen: 88064K->74551K(175104K)] 153424K->139912K(699392K), 0.0135992 secs] [Times: user=0.14 sys=0.01, real=0.02 secs] 
2016-09-24T01:13:54.159-0400: 191.477: [GC (GCLocker Initiated GC) [PSYoungGen: 162615K->43009K(175104K)] 228091K->151697K(699392K), 0.0293642 secs] [Times: user=0.32 sys=0.00, real=0.03 secs] 
2016-09-24T01:13:54.289-0400: 191.607: [GC (GCLocker Initiated GC) [PSYoungGen: 131073K->86150K(175104K)] 240004K->219812K(699392K), 0.0101844 secs] [Times: user=0.12 sys=0.00, real=0.01 secs] 
2016-09-24T01:13:54.448-0400: 191.766: [GC (GCLocker Initiated GC) [PSYoungGen: 174214K->36998K(175104K)] 326243K->207504K(699392K), 0.0215220 secs] [Times: user=0.24 sys=0.00, real=0.02 secs] 
2016-09-24T01:13:54.617-0400: 191.935: [GC (Allocation Failure) [PSYoungGen: 125062K->61166K(175104K)] 295811K->232027K(699392K), 0.0200111 secs] [Times: user=0.20 sys=0.00, real=0.02 secs] 
2016-09-24T01:13:54.731-0400: 192.049: [GC (GCLocker Initiated GC) [PSYoungGen: 149230K->79683K(175104K)] 320096K->274961K(699392K), 0.0233663 secs] [Times: user=0.25 sys=0.00, real=0.03 secs] 
2016-09-24T01:13:54.872-0400: 192.190: [GC (GCLocker Initiated GC) [PSYoungGen: 167747K->85790K(175104K)] 363067K->342183K(699392K), 0.0133990 secs] [Times: user=0.16 sys=0.00, real=0.02 secs] 
2016-09-24T01:13:55.023-0400: 192.341: [GC (GCLocker Initiated GC) [PSYoungGen: 173854K->79583K(175104K)] 430458K->409379K(699392K), 0.0273530 secs] [Times: user=0.32 sys=0.00, real=0.02 secs] 
2016-09-24T01:13:55.167-0400: 192.485: [GC (GCLocker Initiated GC) [PSYoungGen: 167647K->73740K(175104K)] 497607K->440302K(699392K), 0.0095537 secs] [Times: user=0.12 sys=0.00, real=0.01 secs] 
2016-09-24T01:13:55.316-0400: 192.634: [GC (GCLocker Initiated GC) [PSYoungGen: 161804K->49212K(175104K)] 534477K->458806K(699392K), 0.0170465 secs] [Times: user=0.19 sys=0.00, real=0.01 secs] 
2016-09-24T01:13:55.455-0400: 192.773: [GC (GCLocker Initiated GC) [PSYoungGen: 137276K->85790K(175104K)] 553027K->532035K(699392K), 0.0098985 secs] [Times: user=0.11 sys=0.00, real=0.01 secs] 
2016-09-24T01:13:55.465-0400: 192.783: [Full GC (Ergonomics) [PSYoungGen: 85790K->0K(175104K)] [ParOldGen: 446245K->53184K(524288K)] 532035K->53184K(699392K), [Metaspace: 44515K->44515K(1087488K)], 0.0553654 secs] [Times: user=0.33 sys=0.01, real=0.05 secs] 
2016-09-24T01:13:55.614-0400: 192.932: [GC (GCLocker Initiated GC) [PSYoungGen: 88064K->86498K(175104K)] 141431K->164165K(699392K), 0.0113597 secs] [Times: user=0.14 sys=0.00, real=0.01 secs] 
2016-09-24T01:13:55.735-0400: 193.053: [GC (GCLocker Initiated GC) [PSYoungGen: 174562K->55447K(175104K)] 258604K->195492K(699392K), 0.0115959 secs] [Times: user=0.16 sys=0.00, real=0.01 secs] 
2016-09-24T01:13:55.876-0400: 193.194: [GC (Allocation Failure) [PSYoungGen: 143511K->73544K(175104K)] 283581K->231974K(699392K), 0.0104864 secs] [Times: user=0.10 sys=0.00, real=0.01 secs] 
2016-09-24T01:13:56.021-0400: 193.339: [GC (GCLocker Initiated GC) [PSYoungGen: 156836K->49244K(175104K)] 321341K->262641K(699392K), 0.0153673 secs] [Times: user=0.17 sys=0.01, real=0.02 secs] 
2016-09-24T01:13:56.156-0400: 193.474: [GC (Allocation Failure) [PSYoungGen: 137308K->55775K(175104K)] 350987K->269770K(699392K), 0.0081351 secs] [Times: user=0.08 sys=0.00, real=0.01 secs] 
2016-09-24T01:13:56.286-0400: 193.604: [GC (GCLocker Initiated GC) [PSYoungGen: 143757K->55383K(175104K)] 363827K->293821K(699392K), 0.0103146 secs] [Times: user=0.13 sys=0.01, real=0.01 secs] 
2016-09-24T01:13:56.433-0400: 193.751: [GC (GCLocker Initiated GC) [PSYoungGen: 143447K->67569K(175104K)] 382033K->306390K(699392K), 0.0182365 secs] [Times: user=0.16 sys=0.00, real=0.02 secs] 
2016-09-24T01:13:56.603-0400: 193.921: [GC (GCLocker Initiated GC) [PSYoungGen: 155633K->73540K(175104K)] 400739K->337171K(699392K), 0.0103288 secs] [Times: user=0.14 sys=0.00, real=0.00 secs] 
2016-09-24T01:13:56.716-0400: 194.034: [GC (GCLocker Initiated GC) [PSYoungGen: 161604K->67337K(175104K)] 425299K->367601K(699392K), 0.0231209 secs] [Times: user=0.21 sys=0.00, real=0.02 secs] 
2016-09-24T01:13:56.851-0400: 194.169: [GC (GCLocker Initiated GC) [PSYoungGen: 155401K->86150K(175104K)] 455886K->459695K(699392K), 0.0130993 secs] [Times: user=0.21 sys=0.00, real=0.02 secs] 
2016-09-24T01:13:56.993-0400: 194.311: [GC (Allocation Failure) [PSYoungGen: 174214K->55319K(175104K)] 554161K->435566K(699392K), 0.0097949 secs] [Times: user=0.10 sys=0.00, real=0.02 secs] 
2016-09-24T01:13:57.123-0400: 194.441: [GC (GCLocker Initiated GC) [PSYoungGen: 143383K->73640K(175104K)] 523635K->472253K(699392K), 0.0105013 secs] [Times: user=0.12 sys=0.01, real=0.00 secs] 
2016-09-24T01:13:57.286-0400: 194.604: [GC (GCLocker Initiated GC) [PSYoungGen: 161704K->55547K(175104K)] 566551K->478911K(699392K), 0.0095670 secs] [Times: user=0.11 sys=0.00, real=0.01 secs] 
2016-09-24T01:13:57.420-0400: 194.738: [GC (GCLocker Initiated GC) [PSYoungGen: 143611K->61230K(175104K)] 567005K->485071K(699392K), 0.0277929 secs] [Times: user=0.29 sys=0.01, real=0.03 secs] 
2016-09-24T01:13:57.575-0400: 194.893: [GC (GCLocker Initiated GC) [PSYoungGen: 149294K->37418K(175104K)] 585417K->528367K(699392K), 0.0105562 secs] [Times: user=0.11 sys=0.00, real=0.01 secs] 
2016-09-24T01:13:57.585-0400: 194.903: [Full GC (Ergonomics) [PSYoungGen: 37418K->0K(175104K)] [ParOldGen: 490949K->47307K(524288K)] 528367K->47307K(699392K), [Metaspace: 44515K->44515K(1087488K)], 0.0577807 secs] [Times: user=0.41 sys=0.00, real=0.06 secs] 
2016-09-24T01:13:57.781-0400: 195.099: [GC (GCLocker Initiated GC) [PSYoungGen: 88064K->73772K(175104K)] 135379K->121087K(699392K), 0.0081244 secs] [Times: user=0.08 sys=0.00, real=0.01 secs] 
2016-09-24T01:13:57.902-0400: 195.220: [GC (GCLocker Initiated GC) [PSYoungGen: 161836K->85822K(175104K)] 209199K->175986K(699392K), 0.0137569 secs] [Times: user=0.14 sys=0.00, real=0.02 secs] 
2016-09-24T01:13:58.030-0400: 195.348: [GC (GCLocker Initiated GC) [PSYoungGen: 173886K->67665K(175104K)] 264119K->212684K(699392K), 0.0257780 secs] [Times: user=0.24 sys=0.01, real=0.03 secs] 
2016-09-24T01:13:58.196-0400: 195.514: [GC (GCLocker Initiated GC) [PSYoungGen: 155729K->43169K(175104K)] 301109K->225291K(699392K), 0.0143032 secs] [Times: user=0.15 sys=0.01, real=0.01 secs] 
2016-09-24T01:13:58.337-0400: 195.655: [GC (Allocation Failure) [PSYoungGen: 131233K->49148K(175104K)] 313509K->267969K(699392K), 0.0132431 secs] [Times: user=0.13 sys=0.00, real=0.01 secs] 
2016-09-24T01:13:58.472-0400: 195.790: [GC (GCLocker Initiated GC) [PSYoungGen: 137212K->85626K(175104K)] 356039K->341203K(699392K), 0.0117118 secs] [Times: user=0.12 sys=0.00, real=0.02 secs] 
2016-09-24T01:13:58.621-0400: 195.939: [GC (GCLocker Initiated GC) [PSYoungGen: 173690K->73544K(175104K)] 435389K->353564K(699392K), 0.0311541 secs] [Times: user=0.37 sys=0.00, real=0.03 secs] 
2016-09-24T01:13:58.809-0400: 196.127: [GC (Allocation Failure) [PSYoungGen: 161608K->36866K(175104K)] 441822K->365963K(699392K), 0.0088612 secs] [Times: user=0.09 sys=0.00, real=0.01 secs] 
2016-09-24T01:13:58.914-0400: 196.232: [GC (GCLocker Initiated GC) [PSYoungGen: 124930K->79391K(175104K)] 454039K->408604K(699392K), 0.0253271 secs] [Times: user=0.23 sys=0.00, real=0.02 secs] 
2016-09-24T01:13:59.054-0400: 196.372: [GC (GCLocker Initiated GC) [PSYoungGen: 167455K->67733K(175104K)] 502859K->457939K(699392K), 0.0191188 secs] [Times: user=0.20 sys=0.00, real=0.01 secs] 
2016-09-24T01:13:59.197-0400: 196.515: [GC (GCLocker Initiated GC) [PSYoungGen: 155797K->55223K(175104K)] 546169K->494806K(699392K), 0.0233373 secs] [Times: user=0.28 sys=0.00, real=0.02 secs] 
2016-09-24T01:13:59.221-0400: 196.539: [Full GC (Ergonomics) [PSYoungGen: 55223K->0K(175104K)] [ParOldGen: 439583K->41220K(524288K)] 494806K->41220K(699392K), [Metaspace: 44515K->44515K(1087488K)], 0.0589155 secs] [Times: user=0.34 sys=0.01, real=0.06 secs] 
2016-09-24T01:13:59.368-0400: 196.686: [GC (GCLocker Initiated GC) [PSYoungGen: 88064K->86210K(175104K)] 129589K->139885K(699392K), 0.0087478 secs] [Times: user=0.10 sys=0.00, real=0.01 secs] 
2016-09-24T01:13:59.492-0400: 196.810: [GC (GCLocker Initiated GC) [PSYoungGen: 174274K->74032K(175104K)] 234110K->164978K(699392K), 0.0099276 secs] [Times: user=0.11 sys=0.00, real=0.02 secs] 
2016-09-24T01:13:59.627-0400: 196.945: [GC (GCLocker Initiated GC) [PSYoungGen: 162096K->85854K(175104K)] 253213K->213720K(699392K), 0.0124122 secs] [Times: user=0.18 sys=0.00, real=0.01 secs] 
2016-09-24T01:13:59.769-0400: 197.087: [GC (GCLocker Initiated GC) [PSYoungGen: 173918K->37649K(175104K)] 308125K->190177K(699392K), 0.0072527 secs] [Times: user=0.07 sys=0.00, real=0.01 secs] 
2016-09-24T01:13:59.876-0400: 197.194: [GC (GCLocker Initiated GC) [PSYoungGen: 125713K->73512K(175104K)] 284505K->232571K(699392K), 0.0182418 secs] [Times: user=0.19 sys=0.00, real=0.02 secs] 
2016-09-24T01:14:00.010-0400: 197.328: [GC (GCLocker Initiated GC) [PSYoungGen: 161576K->61462K(175104K)] 326824K->245063K(699392K), 0.0156980 secs] [Times: user=0.13 sys=0.01, real=0.02 secs] 
2016-09-24T01:14:00.144-0400: 197.462: [GC (GCLocker Initiated GC) [PSYoungGen: 149526K->36966K(175104K)] 333152K->257458K(699392K), 0.0346842 secs] [Times: user=0.37 sys=0.00, real=0.03 secs] 
2016-09-24T01:14:00.296-0400: 197.614: [GC (GCLocker Initiated GC) [PSYoungGen: 125030K->55483K(175104K)] 357881K->325052K(699392K), 0.0174214 secs] [Times: user=0.18 sys=0.01, real=0.01 secs] 
2016-09-24T01:14:00.457-0400: 197.775: [GC (GCLocker Initiated GC) [PSYoungGen: 143547K->67209K(175104K)] 419418K->343347K(699392K), 0.0344360 secs] [Times: user=0.36 sys=0.01, real=0.03 secs] 
2016-09-24T01:14:00.613-0400: 197.931: [GC (Allocation Failure) [PSYoungGen: 155273K->85986K(175104K)] 431615K->398913K(699392K), 0.0108821 secs] [Times: user=0.13 sys=0.00, real=0.02 secs] 
2016-09-24T01:14:00.778-0400: 198.096: [GC (Allocation Failure) [PSYoungGen: 172137K->36738K(175104K)] 485065K->362247K(699392K), 0.0084799 secs] [Times: user=0.07 sys=0.00, real=0.01 secs] 
2016-09-24T01:14:00.890-0400: 198.208: [GC (GCLocker Initiated GC) [PSYoungGen: 123815K->73508K(175104K)] 455399K->405235K(699392K), 0.0091399 secs] [Times: user=0.13 sys=0.00, real=0.01 secs] 
2016-09-24T01:14:01.037-0400: 198.355: [GC (GCLocker Initiated GC) [PSYoungGen: 161572K->85694K(175104K)] 493450K->417683K(699392K), 0.0109429 secs] [Times: user=0.11 sys=0.01, real=0.01 secs] 
2016-09-24T01:14:01.158-0400: 198.476: [GC (GCLocker Initiated GC) [PSYoungGen: 173758K->37258K(175104K)] 512155K->394140K(699392K), 0.0074073 secs] [Times: user=0.06 sys=0.00, real=0.01 secs] 
2016-09-24T01:14:01.281-0400: 198.599: [GC (Allocation Failure) [PSYoungGen: 125322K->85630K(175104K)] 482413K->442989K(699392K), 0.0256155 secs] [Times: user=0.25 sys=0.00, real=0.03 secs] 
2016-09-24T01:14:01.451-0400: 198.769: [GC (GCLocker Initiated GC) [PSYoungGen: 173694K->61362K(175104K)] 531058K->437195K(699392K), 0.0158729 secs] [Times: user=0.13 sys=0.01, real=0.02 secs] 
2016-09-24T01:14:01.605-0400: 198.923: [GC (Allocation Failure) [PSYoungGen: 149426K->55159K(175104K)] 537652K->443636K(699392K), 0.0135830 secs] [Times: user=0.12 sys=0.00, real=0.01 secs] 
2016-09-24T01:14:01.727-0400: 199.045: [GC (GCLocker Initiated GC) [PSYoungGen: 143223K->73708K(175104K)] 531706K->462294K(699392K), 0.0281696 secs] [Times: user=0.29 sys=0.00, real=0.03 secs] 
2016-09-24T01:14:01.868-0400: 199.186: [GC (GCLocker Initiated GC) [PSYoungGen: 161772K->55355K(175104K)] 556649K->486965K(699392K), 0.0110625 secs] [Times: user=0.11 sys=0.00, real=0.01 secs] 
2016-09-24T01:14:02.016-0400: 199.334: [GC (GCLocker Initiated GC) [PSYoungGen: 143419K->43041K(175104K)] 581342K->529644K(699392K), 0.0117946 secs] [Times: user=0.07 sys=0.00, real=0.01 secs] 
2016-09-24T01:14:02.028-0400: 199.346: [Full GC (Ergonomics) [PSYoungGen: 43041K->0K(175104K)] [ParOldGen: 486603K->53742K(524288K)] 529644K->53742K(699392K), [Metaspace: 44515K->44515K(1087488K)], 0.0722048 secs] [Times: user=0.49 sys=0.01, real=0.07 secs] 
2016-09-24T01:14:02.229-0400: 199.547: [GC (GCLocker Initiated GC) [PSYoungGen: 88064K->86538K(175104K)] 160207K->164756K(699392K), 0.0128295 secs] [Times: user=0.19 sys=0.00, real=0.01 secs] 
2016-09-24T01:14:02.370-0400: 199.688: [GC (GCLocker Initiated GC) [PSYoungGen: 174602K->55415K(175104K)] 265308K->195465K(699392K), 0.0107902 secs] [Times: user=0.14 sys=0.00, real=0.01 secs] 
2016-09-24T01:14:02.544-0400: 199.862: [GC (Allocation Failure) [PSYoungGen: 143479K->43169K(175104K)] 289752K->220084K(699392K), 0.0288524 secs] [Times: user=0.28 sys=0.01, real=0.02 secs] 
2016-09-24T01:14:02.573-0400: 199.891: [GC (GCLocker Initiated GC) [PSYoungGen: 43454K->32K(175104K)] 220370K->213720K(699392K), 0.0205460 secs] [Times: user=0.24 sys=0.00, real=0.02 secs] 
2016-09-24T01:14:02.718-0400: 200.036: [GC (GCLocker Initiated GC) [PSYoungGen: 88096K->73640K(175104K)] 301948K->287500K(699392K), 0.0340621 secs] [Times: user=0.36 sys=0.01, real=0.03 secs] 
2016-09-24T01:14:02.868-0400: 200.186: [GC (Allocation Failure) [PSYoungGen: 161704K->79487K(175104K)] 376065K->336904K(699392K), 0.0245192 secs] [Times: user=0.27 sys=0.00, real=0.02 secs] 
2016-09-24T01:14:02.983-0400: 200.301: [GC (GCLocker Initiated GC) [PSYoungGen: 167551K->43073K(175104K)] 424974K->330991K(699392K), 0.0120777 secs] [Times: user=0.11 sys=0.00, real=0.01 secs] 
2016-09-24T01:14:03.098-0400: 200.416: [GC (GCLocker Initiated GC) [PSYoungGen: 131137K->85922K(175104K)] 419153K->434972K(699392K), 0.0131673 secs] [Times: user=0.18 sys=0.00, real=0.01 secs] 
2016-09-24T01:14:03.230-0400: 200.548: [GC (Allocation Failure) [PSYoungGen: 173986K->37094K(175104K)] 523072K->459199K(699392K), 0.0155775 secs] [Times: user=0.16 sys=0.01, real=0.02 secs] 
2016-09-24T01:14:03.352-0400: 200.670: [GC (GCLocker Initiated GC) [PSYoungGen: 125158K->67341K(175104K)] 547265K->507924K(699392K), 0.0138636 secs] [Times: user=0.10 sys=0.01, real=0.02 secs] 
2016-09-24T01:14:03.366-0400: 200.684: [Full GC (Ergonomics) [PSYoungGen: 67341K->0K(175104K)] [ParOldGen: 440583K->53726K(524288K)] 507924K->53726K(699392K), [Metaspace: 44515K->44515K(1087488K)], 0.0746287 secs] [Times: user=0.48 sys=0.01, real=0.07 secs] 
2016-09-24T01:14:03.556-0400: 200.874: [GC (GCLocker Initiated GC) [PSYoungGen: 88064K->79975K(175104K)] 141815K->133726K(699392K), 0.0392520 secs] [Times: user=0.40 sys=0.00, real=0.04 secs] 
2016-09-24T01:14:03.738-0400: 201.056: [GC (GCLocker Initiated GC) [PSYoungGen: 168039K->42877K(175104K)] 221809K->115535K(699392K), 0.0175959 secs] [Times: user=0.17 sys=0.00, real=0.02 secs] 
2016-09-24T01:14:03.853-0400: 201.171: [GC (GCLocker Initiated GC) [PSYoungGen: 130941K->67209K(175104K)] 203894K->170625K(699392K), 0.0300705 secs] [Times: user=0.33 sys=0.01, real=0.04 secs] 
2016-09-24T01:14:04.004-0400: 201.322: [GC (GCLocker Initiated GC) [PSYoungGen: 155273K->42977K(175104K)] 264777K->195109K(699392K), 0.0203894 secs] [Times: user=0.15 sys=0.01, real=0.02 secs] 
2016-09-24T01:14:04.167-0400: 201.485: [GC (Allocation Failure) [PSYoungGen: 131041K->37030K(175104K)] 283215K->225929K(699392K), 0.0078502 secs] [Times: user=0.07 sys=0.01, real=0.01 secs] 
2016-09-24T01:14:04.283-0400: 201.601: [GC (GCLocker Initiated GC) [PSYoungGen: 125094K->55255K(175104K)] 313999K->274803K(699392K), 0.0394999 secs] [Times: user=0.41 sys=0.00, real=0.04 secs] 
2016-09-24T01:14:04.434-0400: 201.752: [GC (GCLocker Initiated GC) [PSYoungGen: 143319K->85954K(175104K)] 363004K->330254K(699392K), 0.0130073 secs] [Times: user=0.13 sys=0.00, real=0.01 secs] 
2016-09-24T01:14:04.578-0400: 201.896: [GC (Allocation Failure) [PSYoungGen: 174018K->37226K(175104K)] 430706K->312430K(699392K), 0.0120009 secs] [Times: user=0.14 sys=0.01, real=0.01 secs] 
2016-09-24T01:14:04.712-0400: 202.030: [GC (GCLocker Initiated GC) [PSYoungGen: 123764K->55743K(175104K)] 405043K->337305K(699392K), 0.0146601 secs] [Times: user=0.17 sys=0.00, real=0.02 secs] 
2016-09-24T01:14:04.865-0400: 202.183: [GC (GCLocker Initiated GC) [PSYoungGen: 143807K->55223K(175104K)] 425669K->355390K(699392K), 0.0127216 secs] [Times: user=0.10 sys=0.00, real=0.01 secs] 
2016-09-24T01:14:05.010-0400: 202.328: [GC (GCLocker Initiated GC) [PSYoungGen: 143287K->37453K(175104K)] 450079K->362622K(699392K), 0.0181442 secs] [Times: user=0.18 sys=0.01, real=0.02 secs] 
2016-09-24T01:14:05.147-0400: 202.465: [GC (Allocation Failure) [PSYoungGen: 125517K->36866K(175104K)] 450728K->380733K(699392K), 0.0314152 secs] [Times: user=0.27 sys=0.00, real=0.03 secs] 
2016-09-24T01:14:05.297-0400: 202.615: [GC (GCLocker Initiated GC) [PSYoungGen: 123542K->55679K(175104K)] 473484K->423957K(699392K), 0.0098989 secs] [Times: user=0.10 sys=0.01, real=0.01 secs] 
2016-09-24T01:14:05.465-0400: 202.783: [GC (Allocation Failure) [PSYoungGen: 143743K->73480K(175104K)] 512063K->460285K(699392K), 0.0189273 secs] [Times: user=0.24 sys=0.00, real=0.02 secs] 
2016-09-24T01:14:05.614-0400: 202.932: [GC (GCLocker Initiated GC) [PSYoungGen: 158723K->55355K(175104K)] 551603K->503202K(699392K), 0.0095687 secs] [Times: user=0.12 sys=0.00, real=0.01 secs] 
2016-09-24T01:14:05.747-0400: 203.065: [GC (GCLocker Initiated GC) [PSYoungGen: 143419K->73544K(175104K)] 591627K->540260K(699392K), 0.0121711 secs] [Times: user=0.12 sys=0.00, real=0.01 secs] 
2016-09-24T01:14:05.759-0400: 203.077: [Full GC (Ergonomics) [PSYoungGen: 73544K->0K(175104K)] [ParOldGen: 466716K->48318K(524288K)] 540260K->48318K(699392K), [Metaspace: 44516K->44516K(1087488K)], 0.0595523 secs] [Times: user=0.40 sys=0.02, real=0.06 secs] 
2016-09-24T01:14:05.935-0400: 203.253: [GC (Allocation Failure) [PSYoungGen: 88064K->79683K(175104K)] 142762K->134382K(699392K), 0.0136883 secs] [Times: user=0.18 sys=0.00, real=0.01 secs] 
2016-09-24T01:14:05.949-0400: 203.267: [GC (GCLocker Initiated GC) [PSYoungGen: 79700K->64K(175104K)] 134399K->134641K(699392K), 0.0069910 secs] [Times: user=0.08 sys=0.01, real=0.01 secs] 
2016-09-24T01:14:06.095-0400: 203.413: [GC (GCLocker Initiated GC) [PSYoungGen: 88128K->73968K(175104K)] 222711K->208551K(699392K), 0.0095884 secs] [Times: user=0.08 sys=0.00, real=0.01 secs] 
2016-09-24T01:14:06.221-0400: 203.539: [GC (Allocation Failure) [PSYoungGen: 162032K->85726K(175104K)] 296971K->233510K(699392K), 0.0140387 secs] [Times: user=0.14 sys=0.00, real=0.02 secs] 
2016-09-24T01:14:06.342-0400: 203.660: [GC (GCLocker Initiated GC) [PSYoungGen: 173790K->67469K(175104K)] 321580K->251820K(699392K), 0.0344357 secs] [Times: user=0.39 sys=0.00, real=0.04 secs] 
2016-09-24T01:14:06.488-0400: 203.806: [GC (GCLocker Initiated GC) [PSYoungGen: 155533K->61590K(175104K)] 346141K->288759K(699392K), 0.0278673 secs] [Times: user=0.31 sys=0.01, real=0.03 secs] 
2016-09-24T01:14:06.612-0400: 203.930: [GC (GCLocker Initiated GC) [PSYoungGen: 149654K->85986K(175104K)] 377038K->344053K(699392K), 0.0117458 secs] [Times: user=0.18 sys=0.00, real=0.02 secs] 
2016-09-24T01:14:06.724-0400: 204.042: [GC (GCLocker Initiated GC) [PSYoungGen: 174050K->79619K(175104K)] 432159K->356081K(699392K), 0.0176830 secs] [Times: user=0.20 sys=0.00, real=0.02 secs] 
2016-09-24T01:14:06.875-0400: 204.193: [GC (GCLocker Initiated GC) [PSYoungGen: 167683K->73640K(175104K)] 450267K->386883K(699392K), 0.0102233 secs] [Times: user=0.10 sys=0.01, real=0.01 secs] 
2016-09-24T01:14:07.015-0400: 204.333: [GC (GCLocker Initiated GC) [PSYoungGen: 161704K->85822K(175104K)] 475168K->448218K(699392K), 0.0112801 secs] [Times: user=0.16 sys=0.00, real=0.01 secs] 
2016-09-24T01:14:07.161-0400: 204.479: [GC (GCLocker Initiated GC) [PSYoungGen: 173886K->42941K(175104K)] 536435K->442208K(699392K), 0.0085406 secs] [Times: user=0.07 sys=0.00, real=0.01 secs] 
2016-09-24T01:14:07.313-0400: 204.631: [GC (GCLocker Initiated GC) [PSYoungGen: 131005K->37098K(175104K)] 548841K->455021K(699392K), 0.0505461 secs] [Times: user=0.44 sys=0.00, real=0.06 secs] 
2016-09-24T01:14:07.509-0400: 204.827: [GC (Allocation Failure) [PSYoungGen: 125162K->36902K(175104K)] 549510K->461509K(699392K), 0.0094911 secs] [Times: user=0.10 sys=0.00, real=0.01 secs] 
2016-09-24T01:14:07.644-0400: 204.962: [GC (GCLocker Initiated GC) [PSYoungGen: 123075K->67337K(175104K)] 553758K->498107K(699392K), 0.0214236 secs] [Times: user=0.24 sys=0.00, real=0.02 secs] 
2016-09-24T01:14:07.786-0400: 205.104: [GC (GCLocker Initiated GC) [PSYoungGen: 155401K->49344K(175104K)] 592445K->522941K(699392K), 0.0114055 secs] [Times: user=0.06 sys=0.00, real=0.01 secs] 
2016-09-24T01:14:07.798-0400: 205.116: [Full GC (Ergonomics) [PSYoungGen: 49344K->0K(175104K)] [ParOldGen: 473597K->53387K(524288K)] 522941K->53387K(699392K), [Metaspace: 44516K->44516K(1087488K)], 0.0566429 secs] [Times: user=0.30 sys=0.03, real=0.06 secs] 
2016-09-24T01:14:07.947-0400: 205.265: [GC (GCLocker Initiated GC) [PSYoungGen: 88064K->74612K(175104K)] 141818K->128366K(699392K), 0.0131508 secs] [Times: user=0.16 sys=0.00, real=0.01 secs] 
2016-09-24T01:14:08.050-0400: 205.368: [GC (GCLocker Initiated GC) [PSYoungGen: 162676K->61398K(175104K)] 222709K->146659K(699392K), 0.0164533 secs] [Times: user=0.13 sys=0.00, real=0.02 secs] 
2016-09-24T01:14:08.167-0400: 205.485: [GC (GCLocker Initiated GC) [PSYoungGen: 149462K->61394K(175104K)] 234999K->214228K(699392K), 0.0102069 secs] [Times: user=0.13 sys=0.00, real=0.01 secs] 
2016-09-24T01:14:08.296-0400: 205.614: [GC (GCLocker Initiated GC) [PSYoungGen: 149458K->79747K(175104K)] 308397K->257023K(699392K), 0.0093137 secs] [Times: user=0.12 sys=0.00, real=0.01 secs] 
2016-09-24T01:14:08.433-0400: 205.751: [GC (GCLocker Initiated GC) [PSYoungGen: 167811K->73836K(175104K)] 345420K->288187K(699392K), 0.0164122 secs] [Times: user=0.19 sys=0.00, real=0.02 secs] 
2016-09-24T01:14:08.557-0400: 205.875: [GC (GCLocker Initiated GC) [PSYoungGen: 161900K->61266K(175104K)] 376306K->294336K(699392K), 0.0155482 secs] [Times: user=0.15 sys=0.00, real=0.01 secs] 
2016-09-24T01:14:08.678-0400: 205.996: [GC (GCLocker Initiated GC) [PSYoungGen: 149330K->61462K(175104K)] 382452K->313061K(699392K), 0.0097749 secs] [Times: user=0.09 sys=0.00, real=0.01 secs] 
2016-09-24T01:14:08.830-0400: 206.148: [GC (GCLocker Initiated GC) [PSYoungGen: 149526K->85498K(175104K)] 401173K->349562K(699392K), 0.0217128 secs] [Times: user=0.24 sys=0.00, real=0.02 secs] 
2016-09-24T01:14:08.969-0400: 206.287: [GC (GCLocker Initiated GC) [PSYoungGen: 173562K->55255K(175104K)] 437668K->374155K(699392K), 0.0126690 secs] [Times: user=0.14 sys=0.00, real=0.01 secs] 
2016-09-24T01:14:09.095-0400: 206.413: [GC (GCLocker Initiated GC) [PSYoungGen: 143319K->55615K(175104K)] 474417K->411140K(699392K), 0.0082046 secs] [Times: user=0.07 sys=0.01, real=0.01 secs] 
2016-09-24T01:14:09.247-0400: 206.565: [GC (GCLocker Initiated GC) [PSYoungGen: 143679K->55059K(175104K)] 499483K->459738K(699392K), 0.0124012 secs] [Times: user=0.11 sys=0.01, real=0.01 secs] 
2016-09-24T01:14:09.396-0400: 206.714: [GC (GCLocker Initiated GC) [PSYoungGen: 143123K->85594K(175104K)] 547866K->514781K(699392K), 0.0232707 secs] [Times: user=0.33 sys=0.00, real=0.02 secs] 
2016-09-24T01:14:09.504-0400: 206.822: [GC (GCLocker Initiated GC) [PSYoungGen: 173658K->85922K(175104K)] 602966K->557906K(699392K), 0.0118882 secs] [Times: user=0.15 sys=0.00, real=0.01 secs] 
2016-09-24T01:14:09.516-0400: 206.834: [Full GC (Ergonomics) [PSYoungGen: 85922K->0K(175104K)] [ParOldGen: 471984K->53419K(524288K)] 557906K->53419K(699392K), [Metaspace: 44521K->44521K(1087488K)], 0.0594398 secs] [Times: user=0.51 sys=0.00, real=0.06 secs] 
2016-09-24T01:14:09.663-0400: 206.981: [GC (GCLocker Initiated GC) [PSYoungGen: 88064K->86498K(175104K)] 141592K->152176K(699392K), 0.0088423 secs] [Times: user=0.10 sys=0.00, real=0.00 secs] 
2016-09-24T01:14:09.804-0400: 207.122: [GC (GCLocker Initiated GC) [PSYoungGen: 174562K->61526K(175104K)] 240540K->165053K(699392K), 0.0113231 secs] [Times: user=0.08 sys=0.00, real=0.01 secs] 
2016-09-24T01:14:09.913-0400: 207.231: [GC (GCLocker Initiated GC) [PSYoungGen: 149590K->73448K(175104K)] 259418K->189603K(699392K), 0.0180363 secs] [Times: user=0.19 sys=0.00, real=0.02 secs] 
2016-09-24T01:14:10.049-0400: 207.367: [GC (GCLocker Initiated GC) [PSYoungGen: 161512K->85854K(175104K)] 277776K->250869K(699392K), 0.0109349 secs] [Times: user=0.14 sys=0.00, real=0.01 secs] 
2016-09-24T01:14:10.173-0400: 207.491: [GC (GCLocker Initiated GC) [PSYoungGen: 173918K->49408K(175104K)] 351198K->269340K(699392K), 0.0151649 secs] [Times: user=0.14 sys=0.01, real=0.02 secs] 
2016-09-24T01:14:10.276-0400: 207.594: [GC (GCLocker Initiated GC) [PSYoungGen: 137472K->79683K(175104K)] 357486K->348596K(699392K), 0.0104958 secs] [Times: user=0.12 sys=0.00, real=0.01 secs] 
2016-09-24T01:14:10.389-0400: 207.707: [GC (Allocation Failure) [PSYoungGen: 167747K->49408K(175104K)] 443063K->361293K(699392K), 0.0410793 secs] [Times: user=0.48 sys=0.00, real=0.04 secs] 
2016-09-24T01:14:10.540-0400: 207.858: [GC (GCLocker Initiated GC) [PSYoungGen: 137472K->73868K(175104K)] 449363K->404307K(699392K), 0.0122613 secs] [Times: user=0.16 sys=0.00, real=0.01 secs] 
2016-09-24T01:14:10.662-0400: 207.980: [GC (GCLocker Initiated GC) [PSYoungGen: 161932K->85726K(175104K)] 492420K->446873K(699392K), 0.0101442 secs] [Times: user=0.13 sys=0.00, real=0.01 secs] 
2016-09-24T01:14:10.805-0400: 208.123: [GC (GCLocker Initiated GC) [PSYoungGen: 173790K->55419K(175104K)] 547277K->477601K(699392K), 0.0116000 secs] [Times: user=0.10 sys=0.00, real=0.01 secs] 
2016-09-24T01:14:10.948-0400: 208.266: [GC (Allocation Failure) [PSYoungGen: 143483K->43333K(175104K)] 565920K->484278K(699392K), 0.0258935 secs] [Times: user=0.27 sys=0.00, real=0.03 secs] 
2016-09-24T01:14:11.081-0400: 208.399: [GC (GCLocker Initiated GC) [PSYoungGen: 131397K->67437K(175104K)] 572348K->526889K(699392K), 0.0089748 secs] [Times: user=0.08 sys=0.00, real=0.01 secs] 
2016-09-24T01:14:11.091-0400: 208.409: [Full GC (Ergonomics) [PSYoungGen: 67437K->0K(175104K)] [ParOldGen: 459452K->53222K(524288K)] 526889K->53222K(699392K), [Metaspace: 44522K->44522K(1087488K)], 0.0592042 secs] [Times: user=0.38 sys=0.00, real=0.06 secs] 
2016-09-24T01:14:11.259-0400: 208.577: [GC (GCLocker Initiated GC) [PSYoungGen: 88064K->86538K(175104K)] 141524K->164298K(699392K), 0.0180800 secs] [Times: user=0.23 sys=0.00, real=0.02 secs] 
2016-09-24T01:14:11.405-0400: 208.723: [GC (GCLocker Initiated GC) [PSYoungGen: 174602K->43041K(175104K)] 252488K->158205K(699392K), 0.0106066 secs] [Times: user=0.06 sys=0.00, real=0.01 secs] 
2016-09-24T01:14:11.519-0400: 208.837: [GC (GCLocker Initiated GC) [PSYoungGen: 131105K->61622K(175104K)] 252699K->201561K(699392K), 0.0155042 secs] [Times: user=0.17 sys=0.01, real=0.02 secs] 
2016-09-24T01:14:11.673-0400: 208.991: [GC (GCLocker Initiated GC) [PSYoungGen: 149686K->67629K(175104K)] 289660K->226308K(699392K), 0.0122204 secs] [Times: user=0.14 sys=0.00, real=0.02 secs] 
2016-09-24T01:14:11.808-0400: 209.126: [GC (Allocation Failure) [PSYoungGen: 155693K->37130K(175104K)] 314615K->214356K(699392K), 0.0145220 secs] [Times: user=0.15 sys=0.00, real=0.02 secs] 
2016-09-24T01:14:11.921-0400: 209.239: [GC (GCLocker Initiated GC) [PSYoungGen: 125194K->67469K(175104K)] 302426K->263225K(699392K), 0.0220572 secs] [Times: user=0.25 sys=0.00, real=0.03 secs] 
2016-09-24T01:14:12.077-0400: 209.395: [GC (Allocation Failure) [PSYoungGen: 155533K->55451K(175104K)] 351292K->287928K(699392K), 0.0145506 secs] [Times: user=0.16 sys=0.01, real=0.01 secs] 
2016-09-24T01:14:12.207-0400: 209.525: [GC (GCLocker Initiated GC) [PSYoungGen: 143515K->67373K(175104K)] 375998K->300263K(699392K), 0.0097383 secs] [Times: user=0.07 sys=0.00, real=0.01 secs] 
2016-09-24T01:14:12.335-0400: 209.653: [GC (GCLocker Initiated GC) [PSYoungGen: 155437K->73512K(175104K)] 388598K->318943K(699392K), 0.0091077 secs] [Times: user=0.07 sys=0.00, real=0.01 secs] 
2016-09-24T01:14:12.466-0400: 209.784: [GC (GCLocker Initiated GC) [PSYoungGen: 161576K->73640K(175104K)] 413376K->337858K(699392K), 0.0087905 secs] [Times: user=0.11 sys=0.00, real=0.01 secs] 
2016-09-24T01:14:12.602-0400: 209.920: [GC (GCLocker Initiated GC) [PSYoungGen: 161704K->85790K(175104K)] 425952K->380689K(699392K), 0.0103827 secs] [Times: user=0.12 sys=0.01, real=0.01 secs] 
2016-09-24T01:14:12.724-0400: 210.042: [GC (Allocation Failure) [PSYoungGen: 173854K->73868K(175104K)] 475020K->417866K(699392K), 0.0115400 secs] [Times: user=0.15 sys=0.00, real=0.01 secs] 
2016-09-24T01:14:12.890-0400: 210.208: [GC (Allocation Failure) [PSYoungGen: 161932K->30891K(175104K)] 505930K->411763K(699392K), 0.0396889 secs] [Times: user=0.48 sys=0.01, real=0.04 secs] 
2016-09-24T01:14:13.049-0400: 210.367: [GC (GCLocker Initiated GC) [PSYoungGen: 117593K->73672K(175104K)] 504540K->460926K(699392K), 0.0069628 secs] [Times: user=0.10 sys=0.00, real=0.01 secs] 
2016-09-24T01:14:13.207-0400: 210.525: [GC (GCLocker Initiated GC) [PSYoungGen: 161736K->73608K(175104K)] 555107K->485504K(699392K), 0.0073671 secs] [Times: user=0.09 sys=0.01, real=0.01 secs] 
2016-09-24T01:14:13.307-0400: 210.625: [GC (Allocation Failure) [PSYoungGen: 161672K->73608K(175104K)] 573602K->528354K(699392K), 0.0320592 secs] [Times: user=0.34 sys=0.00, real=0.03 secs] 
2016-09-24T01:14:13.340-0400: 210.658: [GC (GCLocker Initiated GC) [PSYoungGen: 73955K->160K(175104K)] 528702K->522077K(699392K), 0.0097560 secs] [Times: user=0.06 sys=0.01, real=0.01 secs] 
2016-09-24T01:14:13.350-0400: 210.668: [Full GC (Ergonomics) [PSYoungGen: 160K->0K(175104K)] [ParOldGen: 521917K->53453K(524288K)] 522077K->53453K(699392K), [Metaspace: 44530K->44530K(1087488K)], 0.0577263 secs] [Times: user=0.38 sys=0.00, real=0.06 secs] 
2016-09-24T01:14:13.522-0400: 210.840: [GC (GCLocker Initiated GC) [PSYoungGen: 84339K->55867K(175104K)] 143867K->115395K(699392K), 0.0121786 secs] [Times: user=0.13 sys=0.00, real=0.01 secs] 
2016-09-24T01:14:13.666-0400: 210.984: [GC (GCLocker Initiated GC) [PSYoungGen: 143931K->85626K(175104K)] 209576K->170216K(699392K), 0.0100695 secs] [Times: user=0.13 sys=0.00, real=0.01 secs] 
2016-09-24T01:14:13.831-0400: 211.149: [GC (GCLocker Initiated GC) [PSYoungGen: 173690K->61358K(175104K)] 264704K->195033K(699392K), 0.0299714 secs] [Times: user=0.35 sys=0.00, real=0.03 secs] 
2016-09-24T01:14:13.996-0400: 211.314: [GC (GCLocker Initiated GC) [PSYoungGen: 149422K->61326K(175104K)] 289202K->219467K(699392K), 0.0064496 secs] [Times: user=0.08 sys=0.00, real=0.01 secs] 
2016-09-24T01:14:14.094-0400: 211.412: [GC (GCLocker Initiated GC) [PSYoungGen: 149390K->55579K(175104K)] 307903K->262852K(699392K), 0.0095175 secs] [Times: user=0.11 sys=0.00, real=0.02 secs] 
2016-09-24T01:14:14.224-0400: 211.542: [GC (GCLocker Initiated GC) [PSYoungGen: 143643K->86150K(175104K)] 350985K->318076K(699392K), 0.0103283 secs] [Times: user=0.14 sys=0.00, real=0.01 secs] 
2016-09-24T01:14:14.343-0400: 211.661: [GC (GCLocker Initiated GC) [PSYoungGen: 174214K->73804K(175104K)] 418584K->373336K(699392K), 0.0189039 secs] [Times: user=0.21 sys=0.00, real=0.02 secs] 
2016-09-24T01:14:14.468-0400: 211.786: [GC (GCLocker Initiated GC) [PSYoungGen: 161868K->49344K(175104K)] 467629K->410048K(699392K), 0.0135692 secs] [Times: user=0.08 sys=0.00, real=0.01 secs] 
2016-09-24T01:14:14.617-0400: 211.935: [GC (GCLocker Initiated GC) [PSYoungGen: 137408K->67565K(175104K)] 510460K->453059K(699392K), 0.0116027 secs] [Times: user=0.14 sys=0.00, real=0.01 secs] 
2016-09-24T01:14:14.741-0400: 212.059: [GC (GCLocker Initiated GC) [PSYoungGen: 155629K->37162K(175104K)] 547228K->459404K(699392K), 0.0093394 secs] [Times: user=0.10 sys=0.00, real=0.01 secs] 
2016-09-24T01:14:14.873-0400: 212.191: [GC (GCLocker Initiated GC) [PSYoungGen: 125226K->73284K(175104K)] 547683K->496165K(699392K), 0.0469302 secs] [Times: user=0.48 sys=0.00, real=0.05 secs] 
2016-09-24T01:14:15.047-0400: 212.365: [GC (GCLocker Initiated GC) [PSYoungGen: 161348K->31022K(175104K)] 602630K->490609K(699392K), 0.0146903 secs] [Times: user=0.12 sys=0.01, real=0.01 secs] 
2016-09-24T01:14:15.062-0400: 212.380: [Full GC (Ergonomics) [PSYoungGen: 31022K->0K(175104K)] [ParOldGen: 459586K->53463K(524288K)] 490609K->53463K(699392K), [Metaspace: 44530K->44530K(1087488K)], 0.0524841 secs] [Times: user=0.28 sys=0.00, real=0.06 secs] 
2016-09-24T01:14:15.242-0400: 212.560: [GC (GCLocker Initiated GC) [PSYoungGen: 88064K->85826K(175104K)] 141827K->139589K(699392K), 0.0135149 secs] [Times: user=0.13 sys=0.00, real=0.01 secs] 
2016-09-24T01:14:15.388-0400: 212.706: [GC (GCLocker Initiated GC) [PSYoungGen: 173890K->55223K(175104K)] 233831K->139716K(699392K), 0.0087356 secs] [Times: user=0.07 sys=0.00, real=0.01 secs] 
2016-09-24T01:14:15.524-0400: 212.842: [GC (GCLocker Initiated GC) [PSYoungGen: 143287K->85826K(175104K)] 233969K->182867K(699392K), 0.0218350 secs] [Times: user=0.23 sys=0.01, real=0.02 secs] 
2016-09-24T01:14:15.689-0400: 213.007: [GC (Allocation Failure) [PSYoungGen: 173890K->30727K(175104K)] 277350K->189278K(699392K), 0.0311829 secs] [Times: user=0.32 sys=0.00, real=0.03 secs] 
2016-09-24T01:14:15.846-0400: 213.164: [GC (GCLocker Initiated GC) [PSYoungGen: 115056K->55155K(175104K)] 279682K->219892K(699392K), 0.0132444 secs] [Times: user=0.12 sys=0.01, real=0.01 secs] 
2016-09-24T01:14:15.989-0400: 213.307: [GC (GCLocker Initiated GC) [PSYoungGen: 143219K->55223K(175104K)] 307963K->220071K(699392K), 0.0215939 secs] [Times: user=0.23 sys=0.00, real=0.02 secs] 
2016-09-24T01:14:16.107-0400: 213.425: [GC (GCLocker Initiated GC) [PSYoungGen: 143287K->79455K(175104K)] 308166K->262867K(699392K), 0.0232458 secs] [Times: user=0.23 sys=0.00, real=0.02 secs] 
2016-09-24T01:14:16.255-0400: 213.573: [GC (GCLocker Initiated GC) [PSYoungGen: 167519K->79523K(175104K)] 351053K->299602K(699392K), 0.0114755 secs] [Times: user=0.10 sys=0.00, real=0.01 secs] 
2016-09-24T01:14:16.396-0400: 213.714: [GC (GCLocker Initiated GC) [PSYoungGen: 167587K->24752K(175104K)] 388122K->288064K(699392K), 0.0362933 secs] [Times: user=0.37 sys=0.00, real=0.03 secs] 
2016-09-24T01:14:16.544-0400: 213.862: [GC (GCLocker Initiated GC) [PSYoungGen: 112816K->85822K(175104K)] 376483K->355863K(699392K), 0.0076113 secs] [Times: user=0.10 sys=0.00, real=0.00 secs] 
2016-09-24T01:14:16.672-0400: 213.990: [GC (GCLocker Initiated GC) [PSYoungGen: 173886K->61458K(175104K)] 444182K->368472K(699392K), 0.0219428 secs] [Times: user=0.23 sys=0.00, real=0.02 secs] 
2016-09-24T01:14:16.818-0400: 214.136: [GC (Allocation Failure) [PSYoungGen: 149522K->79783K(175104K)] 462905K->393293K(699392K), 0.0148142 secs] [Times: user=0.15 sys=0.01, real=0.01 secs] 
2016-09-24T01:14:16.946-0400: 214.264: [GC (GCLocker Initiated GC) [PSYoungGen: 165070K->37062K(175104K)] 484656K->375312K(699392K), 0.0106187 secs] [Times: user=0.10 sys=0.01, real=0.01 secs] 
2016-09-24T01:14:17.082-0400: 214.400: [GC (GCLocker Initiated GC) [PSYoungGen: 125126K->73608K(175104K)] 463457K->412230K(699392K), 0.0165355 secs] [Times: user=0.14 sys=0.00, real=0.02 secs] 
2016-09-24T01:14:17.207-0400: 214.525: [GC (GCLocker Initiated GC) [PSYoungGen: 161672K->67537K(175104K)] 500482K->424855K(699392K), 0.0286830 secs] [Times: user=0.30 sys=0.00, real=0.03 secs] 
2016-09-24T01:14:17.351-0400: 214.669: [GC (GCLocker Initiated GC) [PSYoungGen: 155601K->61558K(175104K)] 519261K->455868K(699392K), 0.0166128 secs] [Times: user=0.16 sys=0.00, real=0.02 secs] 
2016-09-24T01:14:17.498-0400: 214.816: [GC (Allocation Failure) [PSYoungGen: 149622K->43137K(175104K)] 550307K->480539K(699392K), 0.0090026 secs] [Times: user=0.10 sys=0.00, real=0.01 secs] 
2016-09-24T01:14:17.639-0400: 214.957: [GC (GCLocker Initiated GC) [PSYoungGen: 131201K->85758K(175104K)] 568609K->553668K(699392K), 0.0184870 secs] [Times: user=0.25 sys=0.00, real=0.02 secs] 
2016-09-24T01:14:17.658-0400: 214.976: [Full GC (Ergonomics) [PSYoungGen: 85758K->0K(175104K)] [ParOldGen: 467910K->53786K(524288K)] 553668K->53786K(699392K), [Metaspace: 44530K->44530K(1087488K)], 0.0584191 secs] [Times: user=0.41 sys=0.01, real=0.06 secs] 
2016-09-24T01:14:17.814-0400: 215.132: [GC (GCLocker Initiated GC) [PSYoungGen: 88064K->86466K(175104K)] 142167K->164870K(699392K), 0.0177379 secs] [Times: user=0.23 sys=0.00, real=0.02 secs] 
2016-09-24T01:14:17.986-0400: 215.304: [GC (GCLocker Initiated GC) [PSYoungGen: 174530K->55383K(175104K)] 259056K->201635K(699392K), 0.0155489 secs] [Times: user=0.17 sys=0.01, real=0.01 secs] 
2016-09-24T01:14:18.088-0400: 215.406: [GC (GCLocker Initiated GC) [PSYoungGen: 143447K->85626K(175104K)] 289763K->293016K(699392K), 0.0128811 secs] [Times: user=0.17 sys=0.01, real=0.01 secs] 
2016-09-24T01:14:18.224-0400: 215.542: [GC (Allocation Failure) [PSYoungGen: 173690K->61494K(175104K)] 381357K->311805K(699392K), 0.0220090 secs] [Times: user=0.23 sys=0.00, real=0.02 secs] 
2016-09-24T01:14:18.338-0400: 215.656: [GC (GCLocker Initiated GC) [PSYoungGen: 143556K->73608K(175104K)] 399942K->330262K(699392K), 0.0154635 secs] [Times: user=0.15 sys=0.01, real=0.01 secs] 
2016-09-24T01:14:18.498-0400: 215.816: [GC (GCLocker Initiated GC) [PSYoungGen: 161672K->43009K(175104K)] 424600K->336415K(699392K), 0.0166285 secs] [Times: user=0.19 sys=0.00, real=0.02 secs] 
2016-09-24T01:14:18.644-0400: 215.962: [GC (GCLocker Initiated GC) [PSYoungGen: 131073K->61654K(175104K)] 430742K->397908K(699392K), 0.0118688 secs] [Times: user=0.14 sys=0.00, real=0.01 secs] 
2016-09-24T01:14:18.785-0400: 216.103: [GC (GCLocker Initiated GC) [PSYoungGen: 149718K->19392K(175104K)] 498360K->386551K(699392K), 0.0165675 secs] [Times: user=0.21 sys=0.00, real=0.01 secs] 
2016-09-24T01:14:18.915-0400: 216.233: [GC (GCLocker Initiated GC) [PSYoungGen: 107456K->55415K(175104K)] 486907K->435000K(699392K), 0.0070821 secs] [Times: user=0.08 sys=0.01, real=0.01 secs] 
2016-09-24T01:14:19.057-0400: 216.375: [GC (GCLocker Initiated GC) [PSYoungGen: 143479K->43269K(175104K)] 529495K->429380K(699392K), 0.0073349 secs] [Times: user=0.04 sys=0.00, real=0.01 secs] 
2016-09-24T01:14:19.182-0400: 216.500: [GC (GCLocker Initiated GC) [PSYoungGen: 131333K->55351K(175104K)] 523522K->466064K(699392K), 0.0109818 secs] [Times: user=0.11 sys=0.01, real=0.00 secs] 
2016-09-24T01:14:19.304-0400: 216.622: [GC (Allocation Failure) [PSYoungGen: 143415K->55547K(175104K)] 566465K->478708K(699392K), 0.0098301 secs] [Times: user=0.10 sys=0.00, real=0.00 secs] 
2016-09-24T01:14:19.474-0400: 216.792: [GC (GCLocker Initiated GC) [PSYoungGen: 139288K->55059K(175104K)] 568525K->484711K(699392K), 0.0222130 secs] [Times: user=0.20 sys=0.00, real=0.02 secs] 
2016-09-24T01:14:19.603-0400: 216.921: [GC (GCLocker Initiated GC) [PSYoungGen: 143123K->85630K(175104K)] 572817K->515443K(699392K), 0.0190769 secs] [Times: user=0.19 sys=0.00, real=0.01 secs] 
2016-09-24T01:14:19.747-0400: 217.065: [GC (GCLocker Initiated GC) [PSYoungGen: 173694K->85726K(175104K)] 603729K->546411K(699392K), 0.0327709 secs] [Times: user=0.35 sys=0.01, real=0.03 secs] 
2016-09-24T01:14:19.886-0400: 217.204: [Full GC (Ergonomics) [PSYoungGen: 173789K->0K(175104K)] [ParOldGen: 467641K->47853K(524288K)] 641431K->47853K(699392K), [Metaspace: 44533K->44533K(1087488K)], 0.0727027 secs] [Times: user=0.42 sys=0.01, real=0.07 secs] 
2016-09-24T01:14:20.067-0400: 217.385: [GC (GCLocker Initiated GC) [PSYoungGen: 88064K->85790K(175104K)] 135923K->145799K(699392K), 0.0084536 secs] [Times: user=0.10 sys=0.00, real=0.01 secs] 
2016-09-24T01:14:20.199-0400: 217.517: [GC (GCLocker Initiated GC) [PSYoungGen: 173854K->43265K(175104K)] 234196K->140341K(699392K), 0.0239131 secs] [Times: user=0.26 sys=0.01, real=0.03 secs] 
2016-09-24T01:14:20.319-0400: 217.637: [GC (GCLocker Initiated GC) [PSYoungGen: 131329K->61526K(175104K)] 234656K->189421K(699392K), 0.0151705 secs] [Times: user=0.15 sys=0.01, real=0.01 secs] 
2016-09-24T01:14:20.467-0400: 217.785: [GC (Allocation Failure) [PSYoungGen: 149590K->37030K(175104K)] 283904K->208233K(699392K), 0.0144203 secs] [Times: user=0.14 sys=0.00, real=0.01 secs] 
2016-09-24T01:14:20.482-0400: 217.800: [GC (GCLocker Initiated GC) [PSYoungGen: 37382K->96K(175104K)] 208586K->226295K(699392K), 0.0099414 secs] [Times: user=0.10 sys=0.00, real=0.01 secs] 
2016-09-24T01:14:20.604-0400: 217.922: [GC (GCLocker Initiated GC) [PSYoungGen: 88160K->86374K(175104K)] 314359K->342964K(699392K), 0.0105358 secs] [Times: user=0.12 sys=0.00, real=0.01 secs] 
2016-09-24T01:14:20.736-0400: 218.054: [GC (GCLocker Initiated GC) [PSYoungGen: 174438K->85726K(175104K)] 431188K->379670K(699392K), 0.0249333 secs] [Times: user=0.28 sys=0.00, real=0.02 secs] 
2016-09-24T01:14:20.890-0400: 218.208: [GC (GCLocker Initiated GC) [PSYoungGen: 173790K->49180K(175104K)] 467776K->404176K(699392K), 0.0209161 secs] [Times: user=0.19 sys=0.00, real=0.02 secs] 
2016-09-24T01:14:21.026-0400: 218.344: [GC (GCLocker Initiated GC) [PSYoungGen: 137244K->49016K(175104K)] 492550K->471439K(699392K), 0.0320266 secs] [Times: user=0.32 sys=0.00, real=0.03 secs] 
2016-09-24T01:14:21.166-0400: 218.484: [GC (Allocation Failure) [PSYoungGen: 137080K->37485K(175104K)] 565922K->466464K(699392K), 0.0060082 secs] [Times: user=0.09 sys=0.00, real=0.00 secs] 
2016-09-24T01:14:21.296-0400: 218.614: [GC (GCLocker Initiated GC) [PSYoungGen: 125549K->85758K(175104K)] 554534K->521469K(699392K), 0.0103913 secs] [Times: user=0.12 sys=0.00, real=0.01 secs] 
2016-09-24T01:14:21.473-0400: 218.791: [Full GC (Ergonomics) [PSYoungGen: 173822K->0K(175104K)] [ParOldGen: 441888K->47766K(524288K)] 615710K->47766K(699392K), [Metaspace: 44537K->44537K(1087488K)], 0.0576234 secs] [Times: user=0.33 sys=0.00, real=0.06 secs] 
2016-09-24T01:14:21.669-0400: 218.987: [GC (GCLocker Initiated GC) [PSYoungGen: 88064K->85950K(175104K)] 135833K->139794K(699392K), 0.0105990 secs] [Times: user=0.13 sys=0.00, real=0.01 secs] 
2016-09-24T01:14:21.797-0400: 219.115: [GC (GCLocker Initiated GC) [PSYoungGen: 174014K->67469K(175104K)] 234014K->164442K(699392K), 0.0220964 secs] [Times: user=0.26 sys=0.00, real=0.02 secs] 
2016-09-24T01:14:21.929-0400: 219.247: [GC (GCLocker Initiated GC) [PSYoungGen: 155533K->55219K(175104K)] 253162K->219981K(699392K), 0.0178148 secs] [Times: user=0.26 sys=0.01, real=0.02 secs] 
2016-09-24T01:14:22.061-0400: 219.379: [GC (GCLocker Initiated GC) [PSYoungGen: 143283K->86018K(175104K)] 308506K->269594K(699392K), 0.0107584 secs] [Times: user=0.13 sys=0.00, real=0.01 secs] 
2016-09-24T01:14:22.206-0400: 219.524: [GC (GCLocker Initiated GC) [PSYoungGen: 174082K->55415K(175104K)] 370158K->300546K(699392K), 0.0112172 secs] [Times: user=0.11 sys=0.00, real=0.01 secs] 
2016-09-24T01:14:22.336-0400: 219.654: [GC (GCLocker Initiated GC) [PSYoungGen: 143479K->73480K(175104K)] 388971K->319272K(699392K), 0.0133772 secs] [Times: user=0.12 sys=0.00, real=0.01 secs] 
2016-09-24T01:14:22.483-0400: 219.801: [GC (Allocation Failure) [PSYoungGen: 161544K->31054K(175104K)] 413760K->338018K(699392K), 0.0298127 secs] [Times: user=0.30 sys=0.00, real=0.02 secs] 
2016-09-24T01:14:22.633-0400: 219.951: [GC (GCLocker Initiated GC) [PSYoungGen: 119118K->85854K(175104K)] 426088K->399205K(699392K), 0.0098451 secs] [Times: user=0.12 sys=0.00, real=0.02 secs] 
2016-09-24T01:14:22.747-0400: 220.065: [GC (Allocation Failure) [PSYoungGen: 173918K->85662K(175104K)] 487306K->405244K(699392K), 0.0148168 secs] [Times: user=0.17 sys=0.00, real=0.01 secs] 
2016-09-24T01:14:22.883-0400: 220.201: [GC (GCLocker Initiated GC) [PSYoungGen: 172624K->73836K(175104K)] 498281K->454492K(699392K), 0.0105762 secs] [Times: user=0.12 sys=0.00, real=0.00 secs] 
2016-09-24T01:14:23.041-0400: 220.359: [GC (GCLocker Initiated GC) [PSYoungGen: 161900K->37094K(175104K)] 554710K->448592K(699392K), 0.0096466 secs] [Times: user=0.08 sys=0.01, real=0.01 secs] 
2016-09-24T01:14:23.181-0400: 220.499: [GC (Allocation Failure) [PSYoungGen: 125158K->61298K(175104K)] 542778K->479186K(699392K), 0.0066346 secs] [Times: user=0.06 sys=0.00, real=0.01 secs] 
2016-09-24T01:14:23.284-0400: 220.602: [GC (Allocation Failure) [PSYoungGen: 149362K->61426K(175104K)] 567250K->534272K(699392K), 0.0171733 secs] [Times: user=0.22 sys=0.00, real=0.01 secs] 
2016-09-24T01:14:23.302-0400: 220.620: [Full GC (Ergonomics) [PSYoungGen: 61426K->0K(175104K)] [ParOldGen: 472846K->48099K(524288K)] 534272K->48099K(699392K), [Metaspace: 44537K->44537K(1087488K)], 0.0589045 secs] [Times: user=0.36 sys=0.03, real=0.06 secs] 
2016-09-24T01:14:23.466-0400: 220.784: [GC (GCLocker Initiated GC) [PSYoungGen: 88064K->86178K(175104K)] 136169K->146433K(699392K), 0.0179026 secs] [Times: user=0.17 sys=0.00, real=0.02 secs] 
2016-09-24T01:14:23.621-0400: 220.939: [GC (GCLocker Initiated GC) [PSYoungGen: 174242K->49504K(175104K)] 240916K->153353K(699392K), 0.0088724 secs] [Times: user=0.10 sys=0.00, real=0.01 secs] 
2016-09-24T01:14:23.744-0400: 221.062: [GC (GCLocker Initiated GC) [PSYoungGen: 137568K->67309K(175104K)] 241526K->171363K(699392K), 0.0317336 secs] [Times: user=0.31 sys=0.00, real=0.03 secs] 
2016-09-24T01:14:23.893-0400: 221.211: [GC (Allocation Failure) [PSYoungGen: 155373K->67633K(175104K)] 265560K->226744K(699392K), 0.0171544 secs] [Times: user=0.19 sys=0.02, real=0.02 secs] 
2016-09-24T01:14:24.055-0400: 221.373: [GC (Allocation Failure) [PSYoungGen: 155697K->73640K(175104K)] 314808K->288086K(699392K), 0.0124940 secs] [Times: user=0.19 sys=0.00, real=0.01 secs] 
2016-09-24T01:14:24.190-0400: 221.508: [GC (GCLocker Initiated GC) [PSYoungGen: 161704K->73772K(175104K)] 376155K->288507K(699392K), 0.0075690 secs] [Times: user=0.09 sys=0.00, real=0.01 secs] 
2016-09-24T01:14:24.310-0400: 221.628: [GC (GCLocker Initiated GC) [PSYoungGen: 161836K->73672K(175104K)] 376937K->325555K(699392K), 0.0163397 secs] [Times: user=0.23 sys=0.00, real=0.02 secs] 
2016-09-24T01:14:24.469-0400: 221.787: [GC (GCLocker Initiated GC) [PSYoungGen: 161736K->55711K(175104K)] 420044K->332364K(699392K), 0.0201423 secs] [Times: user=0.22 sys=0.00, real=0.02 secs] 
2016-09-24T01:14:24.596-0400: 221.914: [GC (GCLocker Initiated GC) [PSYoungGen: 143775K->37062K(175104K)] 426668K->320262K(699392K), 0.0104288 secs] [Times: user=0.12 sys=0.01, real=0.01 secs] 
2016-09-24T01:14:24.701-0400: 222.019: [GC (Allocation Failure) [PSYoungGen: 125126K->85762K(175104K)] 408446K->375432K(699392K), 0.0379152 secs] [Times: user=0.38 sys=0.00, real=0.04 secs] 
2016-09-24T01:14:24.868-0400: 222.186: [GC (GCLocker Initiated GC) [PSYoungGen: 169066K->55287K(175104K)] 464812K->418289K(699392K), 0.0136307 secs] [Times: user=0.12 sys=0.01, real=0.02 secs] 
2016-09-24T01:14:25.008-0400: 222.326: [GC (GCLocker Initiated GC) [PSYoungGen: 143351K->61558K(175104K)] 506997K->425496K(699392K), 0.0100333 secs] [Times: user=0.10 sys=0.00, real=0.01 secs] 
2016-09-24T01:14:25.137-0400: 222.454: [GC (GCLocker Initiated GC) [PSYoungGen: 149622K->43205K(175104K)] 519923K->444149K(699392K), 0.0099034 secs] [Times: user=0.06 sys=0.00, real=0.01 secs] 
2016-09-24T01:14:25.268-0400: 222.586: [GC (Allocation Failure) [PSYoungGen: 131269K->55647K(175104K)] 532265K->493533K(699392K), 0.0168251 secs] [Times: user=0.18 sys=0.00, real=0.02 secs] 
2016-09-24T01:14:25.410-0400: 222.728: [GC (GCLocker Initiated GC) [PSYoungGen: 143711K->36902K(175104K)] 581602K->505428K(699392K), 0.0101386 secs] [Times: user=0.07 sys=0.00, real=0.01 secs] 
2016-09-24T01:14:25.421-0400: 222.739: [Full GC (Ergonomics) [PSYoungGen: 36902K->0K(175104K)] [ParOldGen: 468526K->48339K(524288K)] 505428K->48339K(699392K), [Metaspace: 44537K->44537K(1087488K)], 0.0599566 secs] [Times: user=0.50 sys=0.01, real=0.06 secs] 
2016-09-24T01:14:25.585-0400: 222.903: [GC (GCLocker Initiated GC) [PSYoungGen: 88064K->86110K(175104K)] 136567K->177139K(699392K), 0.0134299 secs] [Times: user=0.20 sys=0.01, real=0.01 secs] 
2016-09-24T01:14:25.710-0400: 223.028: [GC (GCLocker Initiated GC) [PSYoungGen: 174174K->73608K(175104K)] 265423K->220260K(699392K), 0.0112111 secs] [Times: user=0.12 sys=0.00, real=0.01 secs] 
2016-09-24T01:14:25.833-0400: 223.151: [GC (Allocation Failure) [PSYoungGen: 161672K->67565K(175104K)] 308651K->233029K(699392K), 0.0100219 secs] [Times: user=0.11 sys=0.00, real=0.02 secs] 
2016-09-24T01:14:25.937-0400: 223.255: [GC (GCLocker Initiated GC) [PSYoungGen: 151837K->61494K(175104K)] 323376K->257436K(699392K), 0.0101031 secs] [Times: user=0.08 sys=0.00, real=0.01 secs] 
2016-09-24T01:14:26.080-0400: 223.398: [GC (GCLocker Initiated GC) [PSYoungGen: 149558K->36998K(175104K)] 351577K->294124K(699392K), 0.0222907 secs] [Times: user=0.22 sys=0.00, real=0.03 secs] 
2016-09-24T01:14:26.259-0400: 223.577: [GC (GCLocker Initiated GC) [PSYoungGen: 125062K->73580K(175104K)] 388556K->337178K(699392K), 0.0282408 secs] [Times: user=0.28 sys=0.01, real=0.03 secs] 
2016-09-24T01:14:26.413-0400: 223.731: [GC (GCLocker Initiated GC) [PSYoungGen: 161644K->73512K(175104K)] 425244K->355628K(699392K), 0.0273300 secs] [Times: user=0.26 sys=0.01, real=0.03 secs] 
2016-09-24T01:14:26.598-0400: 223.916: [GC (GCLocker Initiated GC) [PSYoungGen: 161576K->37066K(175104K)] 456153K->350104K(699392K), 0.0223185 secs] [Times: user=0.20 sys=0.00, real=0.02 secs] 
2016-09-24T01:14:26.745-0400: 224.063: [GC (GCLocker Initiated GC) [PSYoungGen: 125130K->61394K(175104K)] 444379K->380910K(699392K), 0.0304414 secs] [Times: user=0.34 sys=0.00, real=0.03 secs] 
2016-09-24T01:14:26.910-0400: 224.228: [GC (GCLocker Initiated GC) [PSYoungGen: 149458K->49212K(175104K)] 475214K->393313K(699392K), 0.0154108 secs] [Times: user=0.16 sys=0.00, real=0.02 secs] 
2016-09-24T01:14:27.061-0400: 224.379: [GC (GCLocker Initiated GC) [PSYoungGen: 137276K->73676K(175104K)] 481648K->418348K(699392K), 0.0175422 secs] [Times: user=0.22 sys=0.00, real=0.02 secs] 
2016-09-24T01:14:27.204-0400: 224.522: [GC (GCLocker Initiated GC) [PSYoungGen: 161740K->67533K(175104K)] 512618K->436896K(699392K), 0.0279171 secs] [Times: user=0.28 sys=0.00, real=0.02 secs] 
2016-09-24T01:14:27.358-0400: 224.676: [GC (GCLocker Initiated GC) [PSYoungGen: 155597K->61526K(175104K)] 525304K->498178K(699392K), 0.0225476 secs] [Times: user=0.22 sys=0.01, real=0.02 secs] 
2016-09-24T01:14:27.482-0400: 224.800: [Full GC (Ergonomics) [PSYoungGen: 149590K->0K(175104K)] [ParOldGen: 448916K->60568K(524288K)] 598506K->60568K(699392K), [Metaspace: 44548K->44548K(1087488K)], 0.0592267 secs] [Times: user=0.39 sys=0.01, real=0.05 secs] 
2016-09-24T01:14:27.661-0400: 224.979: [GC (GCLocker Initiated GC) [PSYoungGen: 88064K->86438K(175104K)] 148925K->171600K(699392K), 0.0118988 secs] [Times: user=0.19 sys=0.00, real=0.01 secs] 
2016-09-24T01:14:27.819-0400: 225.137: [GC (GCLocker Initiated GC) [PSYoungGen: 174502K->18677K(175104K)] 266021K->129085K(699392K), 0.0064602 secs] [Times: user=0.06 sys=0.00, real=0.01 secs] 
2016-09-24T01:14:27.924-0400: 225.242: [GC (GCLocker Initiated GC) [PSYoungGen: 106741K->85530K(175104K)] 217375K->202507K(699392K), 0.0284264 secs] [Times: user=0.32 sys=0.00, real=0.02 secs] 
2016-09-24T01:14:28.076-0400: 225.394: [GC (GCLocker Initiated GC) [PSYoungGen: 173594K->73804K(175104K)] 296851K->264053K(699392K), 0.0277014 secs] [Times: user=0.46 sys=0.00, real=0.03 secs] 
2016-09-24T01:14:28.243-0400: 225.561: [GC (Allocation Failure) [PSYoungGen: 161868K->73576K(175104K)] 358536K->270716K(699392K), 0.0086850 secs] [Times: user=0.08 sys=0.00, real=0.00 secs] 
2016-09-24T01:14:28.367-0400: 225.685: [GC (GCLocker Initiated GC) [PSYoungGen: 156198K->55191K(175104K)] 359413K->295115K(699392K), 0.0107896 secs] [Times: user=0.08 sys=0.01, real=0.01 secs] 
2016-09-24T01:14:28.472-0400: 225.790: [GC (GCLocker Initiated GC) [PSYoungGen: 143255K->73512K(175104K)] 383350K->338003K(699392K), 0.0354832 secs] [Times: user=0.38 sys=0.00, real=0.04 secs] 
2016-09-24T01:14:28.628-0400: 225.946: [GC (GCLocker Initiated GC) [PSYoungGen: 161576K->61430K(175104K)] 426193K->368831K(699392K), 0.0191165 secs] [Times: user=0.17 sys=0.00, real=0.02 secs] 
2016-09-24T01:14:28.754-0400: 226.072: [GC (GCLocker Initiated GC) [PSYoungGen: 149494K->55223K(175104K)] 456993K->405678K(699392K), 0.0352359 secs] [Times: user=0.34 sys=0.00, real=0.03 secs] 
2016-09-24T01:14:28.917-0400: 226.235: [GC (GCLocker Initiated GC) [PSYoungGen: 143287K->61330K(175104K)] 506231K->436699K(699392K), 0.0206780 secs] [Times: user=0.21 sys=0.01, real=0.02 secs] 
2016-09-24T01:14:29.058-0400: 226.376: [GC (GCLocker Initiated GC) [PSYoungGen: 149394K->73540K(175104K)] 525036K->491998K(699392K), 0.0194281 secs] [Times: user=0.20 sys=0.01, real=0.02 secs] 
2016-09-24T01:14:29.193-0400: 226.511: [GC (GCLocker Initiated GC) [PSYoungGen: 161604K->79555K(175104K)] 580289K->498344K(699392K), 0.0159688 secs] [Times: user=0.16 sys=0.00, real=0.02 secs] 
2016-09-24T01:14:29.319-0400: 226.637: [GC (Allocation Failure) [PSYoungGen: 167619K->61330K(175104K)] 586522K->510883K(699392K), 0.0282526 secs] [Times: user=0.30 sys=0.00, real=0.03 secs] 
2016-09-24T01:14:29.452-0400: 226.770: [GC (GCLocker Initiated GC) [PSYoungGen: 149394K->73480K(175104K)] 598953K->547607K(699392K), 0.0100340 secs] [Times: user=0.10 sys=0.00, real=0.01 secs] 
2016-09-24T01:14:29.462-0400: 226.780: [Full GC (Ergonomics) [PSYoungGen: 73480K->0K(175104K)] [ParOldGen: 474127K->54750K(524288K)] 547607K->54750K(699392K), [Metaspace: 44548K->44548K(1087488K)], 0.0584428 secs] [Times: user=0.39 sys=0.01, real=0.06 secs] 
2016-09-24T01:14:29.633-0400: 226.951: [GC (GCLocker Initiated GC) [PSYoungGen: 88064K->86402K(175104K)] 143042K->147455K(699392K), 0.0197161 secs] [Times: user=0.24 sys=0.00, real=0.02 secs] 
2016-09-24T01:14:29.771-0400: 227.089: [GC (Allocation Failure) [PSYoungGen: 174466K->54995K(175104K)] 235628K->147451K(699392K), 0.0210501 secs] [Times: user=0.20 sys=0.00, real=0.02 secs] 
2016-09-24T01:14:29.898-0400: 227.216: [GC (GCLocker Initiated GC) [PSYoungGen: 138809K->49504K(175104K)] 237341K->202862K(699392K), 0.0092314 secs] [Times: user=0.10 sys=0.01, real=0.01 secs] 
2016-09-24T01:14:30.026-0400: 227.344: [GC (GCLocker Initiated GC) [PSYoungGen: 137568K->67341K(175104K)] 291131K->239404K(699392K), 0.0251528 secs] [Times: user=0.28 sys=0.00, real=0.02 secs] 
2016-09-24T01:14:30.166-0400: 227.484: [GC (GCLocker Initiated GC) [PSYoungGen: 155405K->61558K(175104K)] 333742K->276621K(699392K), 0.0333133 secs] [Times: user=0.41 sys=0.00, real=0.03 secs] 
2016-09-24T01:14:30.310-0400: 227.628: [GC (GCLocker Initiated GC) [PSYoungGen: 149622K->30987K(175104K)] 364838K->301325K(699392K), 0.0091106 secs] [Times: user=0.07 sys=0.01, real=0.01 secs] 
2016-09-24T01:14:30.466-0400: 227.783: [GC (GCLocker Initiated GC) [PSYoungGen: 119051K->55355K(175104K)] 401828K->356445K(699392K), 0.0496679 secs] [Times: user=0.51 sys=0.00, real=0.05 secs] 
2016-09-24T01:14:30.641-0400: 227.959: [GC (GCLocker Initiated GC) [PSYoungGen: 143419K->55515K(175104K)] 450815K->363335K(699392K), 0.0186045 secs] [Times: user=0.23 sys=0.00, real=0.02 secs] 
2016-09-24T01:14:30.782-0400: 228.100: [GC (GCLocker Initiated GC) [PSYoungGen: 143579K->55355K(175104K)] 457650K->369529K(699392K), 0.0081128 secs] [Times: user=0.05 sys=0.00, real=0.01 secs] 
2016-09-24T01:14:30.903-0400: 228.221: [GC (GCLocker Initiated GC) [PSYoungGen: 143419K->42977K(175104K)] 457764K->375798K(699392K), 0.0243259 secs] [Times: user=0.28 sys=0.00, real=0.02 secs] 
2016-09-24T01:14:31.041-0400: 228.359: [GC (GCLocker Initiated GC) [PSYoungGen: 131041K->85822K(175104K)] 463977K->449269K(699392K), 0.0089839 secs] [Times: user=0.11 sys=0.00, real=0.01 secs] 
2016-09-24T01:14:31.157-0400: 228.475: [GC (GCLocker Initiated GC) [PSYoungGen: 173886K->67701K(175104K)] 537370K->492234K(699392K), 0.0204734 secs] [Times: user=0.20 sys=0.00, real=0.02 secs] 
2016-09-24T01:14:31.310-0400: 228.628: [GC (GCLocker Initiated GC) [PSYoungGen: 155765K->43333K(175104K)] 592804K->529567K(699392K), 0.0213042 secs] [Times: user=0.22 sys=0.00, real=0.02 secs] 
2016-09-24T01:14:31.332-0400: 228.650: [Full GC (Ergonomics) [PSYoungGen: 43333K->0K(175104K)] [ParOldGen: 486234K->53334K(524288K)] 529567K->53334K(699392K), [Metaspace: 44548K->44548K(1087488K)], 0.0675227 secs] [Times: user=0.39 sys=0.01, real=0.07 secs] 
2016-09-24T01:14:31.516-0400: 228.834: [GC (GCLocker Initiated GC) [PSYoungGen: 88064K->85890K(175104K)] 141530K->169731K(699392K), 0.0312798 secs] [Times: user=0.36 sys=0.00, real=0.03 secs] 
2016-09-24T01:14:31.664-0400: 228.982: [GC (GCLocker Initiated GC) [PSYoungGen: 173954K->36902K(175104K)] 257820K->163545K(699392K), 0.0314108 secs] [Times: user=0.31 sys=0.00, real=0.03 secs] 
2016-09-24T01:14:31.843-0400: 229.161: [GC (Allocation Failure) [PSYoungGen: 124966K->37258K(175104K)] 270004K->219030K(699392K), 0.0268475 secs] [Times: user=0.32 sys=0.01, real=0.02 secs] 
2016-09-24T01:14:32.002-0400: 229.320: [GC (GCLocker Initiated GC) [PSYoungGen: 125322K->55255K(175104K)] 313169K->261586K(699392K), 0.0217041 secs] [Times: user=0.23 sys=0.00, real=0.02 secs] 
2016-09-24T01:14:32.136-0400: 229.454: [GC (GCLocker Initiated GC) [PSYoungGen: 143319K->61426K(175104K)] 349850K->292400K(699392K), 0.0082133 secs] [Times: user=0.08 sys=0.00, real=0.01 secs] 
2016-09-24T01:14:32.257-0400: 229.575: [GC (GCLocker Initiated GC) [PSYoungGen: 149490K->73772K(175104K)] 386900K->366173K(699392K), 0.0127722 secs] [Times: user=0.19 sys=0.00, real=0.01 secs] 
2016-09-24T01:14:32.390-0400: 229.708: [GC (Allocation Failure) [PSYoungGen: 161836K->85790K(175104K)] 454278K->384591K(699392K), 0.0081114 secs] [Times: user=0.09 sys=0.00, real=0.01 secs] 
2016-09-24T01:14:32.508-0400: 229.826: [GC (GCLocker Initiated GC) [PSYoungGen: 173854K->61522K(175104K)] 472661K->445546K(699392K), 0.0287079 secs] [Times: user=0.36 sys=0.00, real=0.03 secs] 
2016-09-24T01:14:32.668-0400: 229.986: [GC (GCLocker Initiated GC) [PSYoungGen: 149586K->55611K(175104K)] 545947K->470277K(699392K), 0.0070828 secs] [Times: user=0.07 sys=0.00, real=0.01 secs] 
2016-09-24T01:14:32.837-0400: 230.155: [GC (GCLocker Initiated GC) [PSYoungGen: 143675K->79391K(175104K)] 564525K->500516K(699392K), 0.0211923 secs] [Times: user=0.24 sys=0.00, real=0.02 secs] 
2016-09-24T01:14:32.968-0400: 230.286: [GC (GCLocker Initiated GC) [PSYoungGen: 167455K->61394K(175104K)] 588593K->506976K(699392K), 0.0118764 secs] [Times: user=0.11 sys=0.00, real=0.01 secs] 
2016-09-24T01:14:32.980-0400: 230.298: [Full GC (Ergonomics) [PSYoungGen: 61394K->0K(175104K)] [ParOldGen: 445582K->47109K(524288K)] 506976K->47109K(699392K), [Metaspace: 44548K->44548K(1087488K)], 0.0570424 secs] [Times: user=0.31 sys=0.01, real=0.06 secs] 
2016-09-24T01:14:33.137-0400: 230.455: [GC (GCLocker Initiated GC) [PSYoungGen: 88064K->86434K(175104K)] 135355K->139800K(699392K), 0.0163896 secs] [Times: user=0.20 sys=0.00, real=0.01 secs] 
2016-09-24T01:14:33.272-0400: 230.590: [GC (GCLocker Initiated GC) [PSYoungGen: 174498K->61166K(175104K)] 227911K->133748K(699392K), 0.0216037 secs] [Times: user=0.24 sys=0.00, real=0.02 secs] 
2016-09-24T01:14:33.406-0400: 230.724: [GC (GCLocker Initiated GC) [PSYoungGen: 149230K->85794K(175104K)] 221924K->188975K(699392K), 0.0228579 secs] [Times: user=0.22 sys=0.01, real=0.02 secs] 
2016-09-24T01:14:33.564-0400: 230.882: [GC (Allocation Failure) [PSYoungGen: 173858K->73252K(175104K)] 277086K->195137K(699392K), 0.0080599 secs] [Times: user=0.06 sys=0.00, real=0.00 secs] 
2016-09-24T01:14:33.703-0400: 231.021: [GC (GCLocker Initiated GC) [PSYoungGen: 161316K->55059K(175104K)] 283206K->201345K(699392K), 0.0132323 secs] [Times: user=0.11 sys=0.00, real=0.01 secs] 
2016-09-24T01:14:33.858-0400: 231.176: [GC (GCLocker Initiated GC) [PSYoungGen: 143123K->37290K(175104K)] 301736K->214231K(699392K), 0.0231778 secs] [Times: user=0.29 sys=0.00, real=0.02 secs] 
2016-09-24T01:14:33.990-0400: 231.308: [GC (GCLocker Initiated GC) [PSYoungGen: 125354K->73284K(175104K)] 302561K->250774K(699392K), 0.0190536 secs] [Times: user=0.19 sys=0.00, real=0.02 secs] 
2016-09-24T01:14:34.107-0400: 231.425: [GC (GCLocker Initiated GC) [PSYoungGen: 161348K->73868K(175104K)] 345235K->294357K(699392K), 0.0117383 secs] [Times: user=0.13 sys=0.00, real=0.01 secs] 
2016-09-24T01:14:34.247-0400: 231.565: [GC (GCLocker Initiated GC) [PSYoungGen: 161932K->55451K(175104K)] 394680K->306675K(699392K), 0.0094083 secs] [Times: user=0.07 sys=0.00, real=0.01 secs] 
2016-09-24T01:14:34.398-0400: 231.716: [GC (GCLocker Initiated GC) [PSYoungGen: 143515K->55059K(175104K)] 394961K->306780K(699392K), 0.0097955 secs] [Times: user=0.10 sys=0.00, real=0.01 secs] 
2016-09-24T01:14:34.520-0400: 231.838: [GC (GCLocker Initiated GC) [PSYoungGen: 143123K->55679K(175104K)] 407204K->319880K(699392K), 0.0316840 secs] [Times: user=0.37 sys=0.00, real=0.03 secs] 
2016-09-24T01:14:34.703-0400: 232.021: [GC (GCLocker Initiated GC) [PSYoungGen: 143743K->42909K(175104K)] 420388K->319985K(699392K), 0.0063510 secs] [Times: user=0.04 sys=0.00, real=0.00 secs] 
2016-09-24T01:14:34.837-0400: 232.155: [GC (GCLocker Initiated GC) [PSYoungGen: 130973K->67569K(175104K)] 408214K->369205K(699392K), 0.0174972 secs] [Times: user=0.15 sys=0.00, real=0.02 secs] 
2016-09-24T01:14:34.993-0400: 232.311: [GC (Allocation Failure) [PSYoungGen: 155633K->55223K(175104K)] 457373K->399779K(699392K), 0.0095719 secs] [Times: user=0.10 sys=0.00, real=0.02 secs] 
2016-09-24T01:14:35.103-0400: 232.421: [GC (GCLocker Initiated GC) [PSYoungGen: 141626K->73480K(175104K)] 492257K->436529K(699392K), 0.0094280 secs] [Times: user=0.08 sys=0.00, real=0.00 secs] 
2016-09-24T01:14:35.244-0400: 232.562: [GC (GCLocker Initiated GC) [PSYoungGen: 161544K->79619K(175104K)] 524753K->461328K(699392K), 0.0313106 secs] [Times: user=0.30 sys=0.00, real=0.03 secs] 
2016-09-24T01:14:35.402-0400: 232.720: [GC (GCLocker Initiated GC) [PSYoungGen: 167683K->67437K(175104K)] 555784K->486033K(699392K), 0.0209546 secs] [Times: user=0.22 sys=0.00, real=0.02 secs] 
2016-09-24T01:14:35.529-0400: 232.847: [GC (GCLocker Initiated GC) [PSYoungGen: 155501K->61266K(175104K)] 574284K->516758K(699392K), 0.0264303 secs] [Times: user=0.24 sys=0.00, real=0.03 secs] 
2016-09-24T01:14:35.701-0400: 233.019: [GC (GCLocker Initiated GC) [PSYoungGen: 149330K->73480K(175104K)] 604965K->559758K(699392K), 0.0275997 secs] [Times: user=0.26 sys=0.00, real=0.03 secs] 
2016-09-24T01:14:35.728-0400: 233.046: [Full GC (Ergonomics) [PSYoungGen: 73480K->0K(175104K)] [ParOldGen: 486278K->47238K(524288K)] 559758K->47238K(699392K), [Metaspace: 44549K->44549K(1087488K)], 0.0598905 secs] [Times: user=0.40 sys=0.01, real=0.06 secs] 
2016-09-24T01:14:35.900-0400: 233.218: [GC (GCLocker Initiated GC) [PSYoungGen: 88064K->86110K(175104K)] 141419K->163765K(699392K), 0.0122132 secs] [Times: user=0.18 sys=0.00, real=0.01 secs] 
2016-09-24T01:14:36.021-0400: 233.339: [GC (Allocation Failure) [PSYoungGen: 174174K->49180K(175104K)] 258204K->194499K(699392K), 0.0198329 secs] [Times: user=0.23 sys=0.00, real=0.02 secs] 
2016-09-24T01:14:36.143-0400: 233.461: [GC (GCLocker Initiated GC) [PSYoungGen: 131331K->49116K(175104K)] 282726K->225054K(699392K), 0.0157697 secs] [Times: user=0.15 sys=0.00, real=0.01 secs] 
2016-09-24T01:14:36.291-0400: 233.609: [GC (GCLocker Initiated GC) [PSYoungGen: 137180K->30891K(175104K)] 319281K->243618K(699392K), 0.0142792 secs] [Times: user=0.16 sys=0.01, real=0.02 secs] 
2016-09-24T01:14:36.432-0400: 233.750: [GC (Allocation Failure) [PSYoungGen: 118955K->86018K(175104K)] 338068K->311333K(699392K), 0.0298728 secs] [Times: user=0.37 sys=0.00, real=0.03 secs] 
2016-09-24T01:14:36.601-0400: 233.919: [GC (GCLocker Initiated GC) [PSYoungGen: 169539K->18968K(175104K)] 400929K->293315K(699392K), 0.0221775 secs] [Times: user=0.21 sys=0.00, real=0.03 secs] 
2016-09-24T01:14:36.711-0400: 234.029: [GC (GCLocker Initiated GC) [PSYoungGen: 107032K->85854K(175104K)] 381500K->391019K(699392K), 0.0154345 secs] [Times: user=0.17 sys=0.00, real=0.02 secs] 
2016-09-24T01:14:36.860-0400: 234.178: [GC (GCLocker Initiated GC) [PSYoungGen: 173918K->49536K(175104K)] 485239K->440156K(699392K), 0.0229523 secs] [Times: user=0.33 sys=0.00, real=0.03 secs] 
2016-09-24T01:14:36.987-0400: 234.305: [GC (GCLocker Initiated GC) [PSYoungGen: 137600K->55479K(175104K)] 528264K->482917K(699392K), 0.0102443 secs] [Times: user=0.16 sys=0.00, real=0.01 secs] 
2016-09-24T01:14:37.104-0400: 234.422: [GC (GCLocker Initiated GC) [PSYoungGen: 143543K->79847K(175104K)] 571303K->526148K(699392K), 0.0098037 secs] [Times: user=0.13 sys=0.00, real=0.00 secs] 
2016-09-24T01:14:37.267-0400: 234.585: [Full GC (Ergonomics) [PSYoungGen: 167911K->0K(175104K)] [ParOldGen: 464825K->53465K(524288K)] 632736K->53465K(699392K), [Metaspace: 44551K->44551K(1087488K)], 0.0584086 secs] [Times: user=0.34 sys=0.00, real=0.06 secs] 
2016-09-24T01:14:37.454-0400: 234.772: [GC (GCLocker Initiated GC) [PSYoungGen: 88064K->73936K(175104K)] 147825K->133697K(699392K), 0.0104875 secs] [Times: user=0.12 sys=0.00, real=0.01 secs] 
2016-09-24T01:14:37.605-0400: 234.923: [GC (GCLocker Initiated GC) [PSYoungGen: 162000K->61298K(175104K)] 227884K->164048K(699392K), 0.0110029 secs] [Times: user=0.08 sys=0.00, real=0.01 secs] 
2016-09-24T01:14:37.726-0400: 235.044: [GC (GCLocker Initiated GC) [PSYoungGen: 149362K->79555K(175104K)] 252467K->207244K(699392K), 0.0147617 secs] [Times: user=0.13 sys=0.00, real=0.01 secs] 
2016-09-24T01:14:37.871-0400: 235.189: [GC (GCLocker Initiated GC) [PSYoungGen: 167619K->61458K(175104K)] 295473K->244255K(699392K), 0.0138822 secs] [Times: user=0.18 sys=0.00, real=0.02 secs] 
2016-09-24T01:14:38.008-0400: 235.326: [GC (GCLocker Initiated GC) [PSYoungGen: 149522K->79847K(175104K)] 332668K->287421K(699392K), 0.0098410 secs] [Times: user=0.08 sys=0.01, real=0.01 secs] 
2016-09-24T01:14:38.152-0400: 235.470: [GC (GCLocker Initiated GC) [PSYoungGen: 167911K->49180K(175104K)] 375641K->293799K(699392K), 0.0202885 secs] [Times: user=0.20 sys=0.00, real=0.02 secs] 
2016-09-24T01:14:38.279-0400: 235.597: [GC (Allocation Failure) [PSYoungGen: 137244K->37226K(175104K)] 382179K->343015K(699392K), 0.0261334 secs] [Times: user=0.29 sys=0.00, real=0.03 secs] 
2016-09-24T01:14:38.425-0400: 235.743: [GC (GCLocker Initiated GC) [PSYoungGen: 125290K->55223K(175104K)] 431084K->379502K(699392K), 0.0176941 secs] [Times: user=0.16 sys=0.00, real=0.02 secs] 
2016-09-24T01:14:38.554-0400: 235.872: [GC (Allocation Failure) [PSYoungGen: 143287K->55223K(175104K)] 473862K->385885K(699392K), 0.0208492 secs] [Times: user=0.20 sys=0.00, real=0.02 secs] 
2016-09-24T01:14:38.689-0400: 236.007: [GC (GCLocker Initiated GC) [PSYoungGen: 143287K->61362K(175104K)] 473955K->416605K(699392K), 0.0090976 secs] [Times: user=0.07 sys=0.00, real=0.01 secs] 
2016-09-24T01:14:38.829-0400: 236.147: [GC (GCLocker Initiated GC) [PSYoungGen: 149426K->55223K(175104K)] 516939K->441204K(699392K), 0.0357734 secs] [Times: user=0.37 sys=0.01, real=0.04 secs] 
2016-09-24T01:14:39.008-0400: 236.326: [GC (GCLocker Initiated GC) [PSYoungGen: 143287K->48920K(175104K)] 535408K->441292K(699392K), 0.0117267 secs] [Times: user=0.10 sys=0.00, real=0.01 secs] 
2016-09-24T01:14:39.147-0400: 236.465: [GC (GCLocker Initiated GC) [PSYoungGen: 136984K->37290K(175104K)] 541805K->502989K(699392K), 0.0092413 secs] [Times: user=0.08 sys=0.00, real=0.01 secs] 
2016-09-24T01:14:39.157-0400: 236.475: [Full GC (Ergonomics) [PSYoungGen: 37290K->0K(175104K)] [ParOldGen: 465699K->47740K(524288K)] 502989K->47740K(699392K), [Metaspace: 44552K->44552K(1087488K)], 0.0632209 secs] [Times: user=0.36 sys=0.01, real=0.06 secs] 
2016-09-24T01:14:39.342-0400: 236.660: [GC (GCLocker Initiated GC) [PSYoungGen: 88064K->73740K(175104K)] 136159K->121836K(699392K), 0.0142008 secs] [Times: user=0.14 sys=0.00, real=0.01 secs] 
2016-09-24T01:14:39.476-0400: 236.794: [GC (GCLocker Initiated GC) [PSYoungGen: 161804K->73512K(175104K)] 210019K->140212K(699392K), 0.0166650 secs] [Times: user=0.18 sys=0.00, real=0.01 secs] 
2016-09-24T01:14:39.635-0400: 236.953: [GC (GCLocker Initiated GC) [PSYoungGen: 161576K->79687K(175104K)] 228307K->146685K(699392K), 0.0211958 secs] [Times: user=0.20 sys=0.00, real=0.02 secs] 
2016-09-24T01:14:39.763-0400: 237.081: [GC (GCLocker Initiated GC) [PSYoungGen: 167751K->55447K(175104K)] 241112K->159631K(699392K), 0.0093394 secs] [Times: user=0.10 sys=0.00, real=0.00 secs] 
2016-09-24T01:14:39.887-0400: 237.205: [GC (GCLocker Initiated GC) [PSYoungGen: 143511K->73676K(175104K)] 248028K->178321K(699392K), 0.0081247 secs] [Times: user=0.08 sys=0.00, real=0.01 secs] 
2016-09-24T01:14:40.042-0400: 237.360: [GC (Allocation Failure) [PSYoungGen: 161740K->43528K(175104K)] 266740K->185418K(699392K), 0.0117328 secs] [Times: user=0.12 sys=0.00, real=0.01 secs] 
2016-09-24T01:14:40.142-0400: 237.460: [GC (GCLocker Initiated GC) [PSYoungGen: 125571K->55415K(175104K)] 273536K->203483K(699392K), 0.0212359 secs] [Times: user=0.24 sys=0.00, real=0.02 secs] 
2016-09-24T01:14:40.296-0400: 237.614: [GC (GCLocker Initiated GC) [PSYoungGen: 143479K->55351K(175104K)] 304058K->216205K(699392K), 0.0313901 secs] [Times: user=0.35 sys=0.00, real=0.03 secs] 
2016-09-24T01:14:40.468-0400: 237.786: [GC (GCLocker Initiated GC) [PSYoungGen: 143415K->43205K(175104K)] 310638K->222814K(699392K), 0.0132571 secs] [Times: user=0.11 sys=0.00, real=0.01 secs] 
2016-09-24T01:14:40.605-0400: 237.923: [GC (GCLocker Initiated GC) [PSYoungGen: 131269K->73704K(175104K)] 316983K->259710K(699392K), 0.0187412 secs] [Times: user=0.18 sys=0.00, real=0.02 secs] 
2016-09-24T01:14:40.729-0400: 238.047: [GC (GCLocker Initiated GC) [PSYoungGen: 161768K->67789K(175104K)] 347822K->290601K(699392K), 0.0142214 secs] [Times: user=0.13 sys=0.01, real=0.02 secs] 
2016-09-24T01:14:40.864-0400: 238.182: [GC (GCLocker Initiated GC) [PSYoungGen: 155853K->85922K(175104K)] 378796K->351781K(699392K), 0.0130977 secs] [Times: user=0.15 sys=0.00, real=0.01 secs] 
2016-09-24T01:14:41.022-0400: 238.340: [GC (GCLocker Initiated GC) [PSYoungGen: 173986K->43041K(175104K)] 452255K->340115K(699392K), 0.0179042 secs] [Times: user=0.18 sys=0.00, real=0.02 secs] 
2016-09-24T01:14:41.185-0400: 238.503: [GC (GCLocker Initiated GC) [PSYoungGen: 131105K->37293K(175104K)] 428394K->334670K(699392K), 0.0144595 secs] [Times: user=0.13 sys=0.01, real=0.01 secs] 
2016-09-24T01:14:41.295-0400: 238.613: [GC (GCLocker Initiated GC) [PSYoungGen: 125357K->67309K(175104K)] 422995K->377152K(699392K), 0.0204320 secs] [Times: user=0.16 sys=0.00, real=0.02 secs] 
2016-09-24T01:14:41.449-0400: 238.767: [GC (GCLocker Initiated GC) [PSYoungGen: 155373K->79619K(175104K)] 465325K->432207K(699392K), 0.0299628 secs] [Times: user=0.23 sys=0.00, real=0.03 secs] 
2016-09-24T01:14:41.606-0400: 238.924: [GC (GCLocker Initiated GC) [PSYoungGen: 167683K->85794K(175104K)] 520380K->462887K(699392K), 0.0237801 secs] [Times: user=0.20 sys=0.01, real=0.02 secs] 
2016-09-24T01:14:41.768-0400: 239.086: [GC (Allocation Failure) [PSYoungGen: 173858K->36934K(175104K)] 551093K->451035K(699392K), 0.0518076 secs] [Times: user=0.54 sys=0.00, real=0.05 secs] 
2016-09-24T01:14:41.923-0400: 239.241: [GC (GCLocker Initiated GC) [PSYoungGen: 124998K->61494K(175104K)] 539105K->506235K(699392K), 0.0205784 secs] [Times: user=0.21 sys=0.00, real=0.02 secs] 
2016-09-24T01:14:42.072-0400: 239.390: [GC (GCLocker Initiated GC) [PSYoungGen: 149558K->73576K(175104K)] 594465K->537155K(699392K), 0.0242859 secs] [Times: user=0.27 sys=0.00, real=0.03 secs] 
2016-09-24T01:14:42.247-0400: 239.565: [GC (GCLocker Initiated GC) [PSYoungGen: 161640K->49048K(175104K)] 625356K->567714K(699392K), 0.0185561 secs] [Times: user=0.20 sys=0.00, real=0.02 secs] 
2016-09-24T01:14:42.266-0400: 239.584: [Full GC (Ergonomics) [PSYoungGen: 49048K->0K(175104K)] [ParOldGen: 518666K->47702K(524288K)] 567714K->47702K(699392K), [Metaspace: 44552K->44552K(1087488K)], 0.0717600 secs] [Times: user=0.44 sys=0.01, real=0.07 secs] 
2016-09-24T01:14:42.477-0400: 239.795: [GC (GCLocker Initiated GC) [PSYoungGen: 88064K->86114K(175104K)] 135808K->152083K(699392K), 0.0098315 secs] [Times: user=0.10 sys=0.00, real=0.01 secs] 
2016-09-24T01:14:42.618-0400: 239.936: [GC (GCLocker Initiated GC) [PSYoungGen: 174178K->49112K(175104K)] 240267K->170392K(699392K), 0.0203406 secs] [Times: user=0.21 sys=0.00, real=0.02 secs] 
2016-09-24T01:14:42.741-0400: 240.059: [GC (GCLocker Initiated GC) [PSYoungGen: 137176K->79619K(175104K)] 258772K->201343K(699392K), 0.0077817 secs] [Times: user=0.06 sys=0.01, real=0.01 secs] 
2016-09-24T01:14:42.854-0400: 240.172: [GC (GCLocker Initiated GC) [PSYoungGen: 167683K->85890K(175104K)] 289443K->250451K(699392K), 0.0210127 secs] [Times: user=0.20 sys=0.00, real=0.02 secs] 
2016-09-24T01:14:43.026-0400: 240.344: [GC (GCLocker Initiated GC) [PSYoungGen: 173954K->61362K(175104K)] 350813K->305158K(699392K), 0.0211626 secs] [Times: user=0.23 sys=0.02, real=0.02 secs] 
2016-09-24T01:14:43.159-0400: 240.477: [GC (GCLocker Initiated GC) [PSYoungGen: 149426K->55059K(175104K)] 393247K->335605K(699392K), 0.0095063 secs] [Times: user=0.08 sys=0.00, real=0.01 secs] 
2016-09-24T01:14:43.278-0400: 240.596: [GC (GCLocker Initiated GC) [PSYoungGen: 143123K->37062K(175104K)] 430099K->390967K(699392K), 0.0165022 secs] [Times: user=0.13 sys=0.00, real=0.02 secs] 
2016-09-24T01:14:43.407-0400: 240.725: [GC (GCLocker Initiated GC) [PSYoungGen: 125126K->86018K(175104K)] 479342K->446625K(699392K), 0.0167213 secs] [Times: user=0.24 sys=0.00, real=0.02 secs] 
2016-09-24T01:14:43.542-0400: 240.860: [GC (GCLocker Initiated GC) [PSYoungGen: 174082K->79551K(175104K)] 534871K->458880K(699392K), 0.0110642 secs] [Times: user=0.15 sys=0.00, real=0.00 secs] 
2016-09-24T01:14:43.693-0400: 241.011: [GC (GCLocker Initiated GC) [PSYoungGen: 167615K->37062K(175104K)] 559124K->489425K(699392K), 0.0280285 secs] [Times: user=0.28 sys=0.00, real=0.03 secs] 
2016-09-24T01:14:43.722-0400: 241.040: [Full GC (Ergonomics) [PSYoungGen: 37062K->0K(175104K)] [ParOldGen: 452363K->53798K(524288K)] 489425K->53798K(699392K), [Metaspace: 44553K->44553K(1087488K)], 0.0588952 secs] [Times: user=0.35 sys=0.01, real=0.06 secs] 
2016-09-24T01:14:43.894-0400: 241.212: [GC (GCLocker Initiated GC) [PSYoungGen: 88064K->86466K(175104K)] 142049K->140452K(699392K), 0.0094884 secs] [Times: user=0.10 sys=0.00, real=0.02 secs] 
2016-09-24T01:14:44.040-0400: 241.358: [GC (GCLocker Initiated GC) [PSYoungGen: 174530K->79551K(175104K)] 228636K->183413K(699392K), 0.0220508 secs] [Times: user=0.28 sys=0.00, real=0.03 secs] 
2016-09-24T01:14:44.171-0400: 241.489: [GC (GCLocker Initiated GC) [PSYoungGen: 167615K->73772K(175104K)] 271737K->226630K(699392K), 0.0106310 secs] [Times: user=0.14 sys=0.00, real=0.01 secs] 
2016-09-24T01:14:44.305-0400: 241.623: [GC (Allocation Failure) [PSYoungGen: 161836K->37322K(175104K)] 320950K->233153K(699392K), 0.0176363 secs] [Times: user=0.18 sys=0.01, real=0.02 secs] 
2016-09-24T01:14:44.323-0400: 241.641: [GC (GCLocker Initiated GC) [PSYoungGen: 37674K->64K(175104K)] 233506K->250940K(699392K), 0.0056177 secs] [Times: user=0.06 sys=0.00, real=0.00 secs] 
2016-09-24T01:14:44.440-0400: 241.758: [GC (GCLocker Initiated GC) [PSYoungGen: 88128K->86182K(175104K)] 339010K->337064K(699392K), 0.0167953 secs] [Times: user=0.15 sys=0.00, real=0.02 secs] 
2016-09-24T01:14:44.574-0400: 241.892: [GC (Allocation Failure) [PSYoungGen: 174246K->43073K(175104K)] 425349K->349702K(699392K), 0.0100301 secs] [Times: user=0.09 sys=0.00, real=0.02 secs] 
2016-09-24T01:14:44.584-0400: 241.902: [GC (GCLocker Initiated GC) [PSYoungGen: 43430K->160K(175104K)] 350060K->362153K(699392K), 0.0073812 secs] [Times: user=0.06 sys=0.00, real=0.00 secs] 
2016-09-24T01:14:44.697-0400: 242.015: [GC (GCLocker Initiated GC) [PSYoungGen: 84872K->74064K(175104K)] 452940K->442148K(699392K), 0.0188615 secs] [Times: user=0.20 sys=0.00, real=0.02 secs] 
2016-09-24T01:14:44.851-0400: 242.169: [GC (GCLocker Initiated GC) [PSYoungGen: 162128K->61490K(175104K)] 536480K->473355K(699392K), 0.0133049 secs] [Times: user=0.18 sys=0.00, real=0.02 secs] 
2016-09-24T01:14:44.999-0400: 242.317: [GC (GCLocker Initiated GC) [PSYoungGen: 149554K->55127K(175104K)] 561545K->485439K(699392K), 0.0249739 secs] [Times: user=0.26 sys=0.00, real=0.03 secs] 
2016-09-24T01:14:45.131-0400: 242.449: [Full GC (Ergonomics) [PSYoungGen: 143191K->0K(175104K)] [ParOldGen: 442537K->54130K(524288K)] 585728K->54130K(699392K), [Metaspace: 44554K->44554K(1087488K)], 0.0581804 secs] [Times: user=0.29 sys=0.02, real=0.06 secs] 
2016-09-24T01:14:45.319-0400: 242.637: [GC (GCLocker Initiated GC) [PSYoungGen: 88064K->68053K(175104K)] 154430K->134419K(699392K), 0.0279368 secs] [Times: user=0.30 sys=0.00, real=0.03 secs] 
2016-09-24T01:14:45.501-0400: 242.819: [GC (GCLocker Initiated GC) [PSYoungGen: 156117K->24784K(175104K)] 228745K->140625K(699392K), 0.0155650 secs] [Times: user=0.14 sys=0.00, real=0.02 secs] 
2016-09-24T01:14:45.624-0400: 242.942: [GC (GCLocker Initiated GC) [PSYoungGen: 112848K->79455K(175104K)] 229055K->195930K(699392K), 0.0163599 secs] [Times: user=0.18 sys=0.00, real=0.01 secs] 
2016-09-24T01:14:45.743-0400: 243.061: [GC (Allocation Failure) [PSYoungGen: 167519K->73576K(175104K)] 284075K->202409K(699392K), 0.0211222 secs] [Times: user=0.22 sys=0.00, real=0.02 secs] 
2016-09-24T01:14:45.894-0400: 243.212: [GC (Allocation Failure) [PSYoungGen: 156406K->36834K(175104K)] 285239K->202376K(699392K), 0.0113631 secs] [Times: user=0.11 sys=0.00, real=0.02 secs] 
2016-09-24T01:14:46.015-0400: 243.333: [GC (GCLocker Initiated GC) [PSYoungGen: 124898K->79651K(175104K)] 290446K->245319K(699392K), 0.0284698 secs] [Times: user=0.31 sys=0.00, real=0.03 secs] 
2016-09-24T01:14:46.144-0400: 243.462: [GC (GCLocker Initiated GC) [PSYoungGen: 167715K->73576K(175104K)] 333391K->257776K(699392K), 0.0153207 secs] [Times: user=0.16 sys=0.01, real=0.01 secs] 
2016-09-24T01:14:46.295-0400: 243.613: [GC (GCLocker Initiated GC) [PSYoungGen: 161640K->37158K(175104K)] 364415K->276839K(699392K), 0.0063859 secs] [Times: user=0.06 sys=0.00, real=0.00 secs] 
2016-09-24T01:14:46.462-0400: 243.780: [GC (GCLocker Initiated GC) [PSYoungGen: 125222K->18968K(175104K)] 389497K->283479K(699392K), 0.0244709 secs] [Times: user=0.24 sys=0.00, real=0.03 secs] 
2016-09-24T01:14:46.640-0400: 243.958: [GC (GCLocker Initiated GC) [PSYoungGen: 107032K->73576K(175104K)] 371815K->338485K(699392K), 0.0130830 secs] [Times: user=0.13 sys=0.00, real=0.01 secs] 
2016-09-24T01:14:46.789-0400: 244.107: [GC (GCLocker Initiated GC) [PSYoungGen: 161640K->55123K(175104K)] 432794K->344606K(699392K), 0.0079382 secs] [Times: user=0.08 sys=0.00, real=0.01 secs] 
2016-09-24T01:14:46.903-0400: 244.221: [GC (GCLocker Initiated GC) [PSYoungGen: 143187K->73576K(175104K)] 438826K->369351K(699392K), 0.0142828 secs] [Times: user=0.16 sys=0.00, real=0.01 secs] 
2016-09-24T01:14:47.060-0400: 244.378: [GC (GCLocker Initiated GC) [PSYoungGen: 161640K->85658K(175104K)] 457487K->442562K(699392K), 0.0119695 secs] [Times: user=0.13 sys=0.00, real=0.01 secs] 
2016-09-24T01:14:47.171-0400: 244.489: [GC (GCLocker Initiated GC) [PSYoungGen: 173722K->73640K(175104K)] 530870K->461298K(699392K), 0.0097998 secs] [Times: user=0.11 sys=0.00, real=0.01 secs] 
2016-09-24T01:14:47.303-0400: 244.621: [GC (GCLocker Initiated GC) [PSYoungGen: 161704K->42877K(175104K)] 555787K->455444K(699392K), 0.0062540 secs] [Times: user=0.05 sys=0.00, real=0.00 secs] 
2016-09-24T01:14:47.449-0400: 244.767: [GC (GCLocker Initiated GC) [PSYoungGen: 130941K->55547K(175104K)] 549742K->474444K(699392K), 0.0096725 secs] [Times: user=0.11 sys=0.01, real=0.01 secs] 
2016-09-24T01:14:47.576-0400: 244.894: [GC (GCLocker Initiated GC) [PSYoungGen: 143611K->85822K(175104K)] 562538K->535448K(699392K), 0.0118096 secs] [Times: user=0.16 sys=0.00, real=0.01 secs] 
2016-09-24T01:14:47.699-0400: 245.017: [GC (GCLocker Initiated GC) [PSYoungGen: 173886K->73744K(175104K)] 623514K->584265K(699392K), 0.0175945 secs] [Times: user=0.15 sys=0.01, real=0.02 secs] 
2016-09-24T01:14:47.717-0400: 245.035: [Full GC (Ergonomics) [PSYoungGen: 73744K->0K(175104K)] [ParOldGen: 510521K->54609K(524288K)] 584265K->54609K(699392K), [Metaspace: 44559K->44559K(1087488K)], 0.0698802 secs] [Times: user=0.40 sys=0.01, real=0.07 secs] 
2016-09-24T01:14:47.896-0400: 245.214: [GC (GCLocker Initiated GC) [PSYoungGen: 88064K->85954K(175104K)] 143034K->146999K(699392K), 0.0214452 secs] [Times: user=0.20 sys=0.00, real=0.02 secs] 
2016-09-24T01:14:48.045-0400: 245.363: [GC (GCLocker Initiated GC) [PSYoungGen: 174018K->55387K(175104K)] 241241K->165410K(699392K), 0.0192166 secs] [Times: user=0.16 sys=0.00, real=0.02 secs] 
2016-09-24T01:14:48.192-0400: 245.510: [GC (GCLocker Initiated GC) [PSYoungGen: 143451K->37062K(175104K)] 259730K->171802K(699392K), 0.0257300 secs] [Times: user=0.25 sys=0.01, real=0.03 secs] 
2016-09-24T01:14:48.312-0400: 245.630: [GC (GCLocker Initiated GC) [PSYoungGen: 125126K->49116K(175104K)] 260155K->202457K(699392K), 0.0269508 secs] [Times: user=0.26 sys=0.00, real=0.03 secs] 
2016-09-24T01:14:48.453-0400: 245.771: [GC (GCLocker Initiated GC) [PSYoungGen: 137180K->73904K(175104K)] 296739K->245905K(699392K), 0.0138216 secs] [Times: user=0.16 sys=0.00, real=0.02 secs] 
2016-09-24T01:14:48.613-0400: 245.931: [GC (GCLocker Initiated GC) [PSYoungGen: 161968K->55187K(175104K)] 340242K->294823K(699392K), 0.0186204 secs] [Times: user=0.19 sys=0.00, real=0.02 secs] 
2016-09-24T01:14:48.740-0400: 246.058: [GC (Allocation Failure) [PSYoungGen: 143251K->85662K(175104K)] 382929K->343708K(699392K), 0.0097280 secs] [Times: user=0.10 sys=0.00, real=0.01 secs] 
2016-09-24T01:14:48.883-0400: 246.201: [GC (GCLocker Initiated GC) [PSYoungGen: 173726K->61198K(175104K)] 431778K->374160K(699392K), 0.0235290 secs] [Times: user=0.23 sys=0.00, real=0.02 secs] 
2016-09-24T01:14:49.026-0400: 246.344: [GC (GCLocker Initiated GC) [PSYoungGen: 149262K->85662K(175104K)] 462585K->405172K(699392K), 0.0168196 secs] [Times: user=0.17 sys=0.00, real=0.02 secs] 
2016-09-24T01:14:49.206-0400: 246.524: [GC (GCLocker Initiated GC) [PSYoungGen: 173726K->36966K(175104K)] 499531K->381271K(699392K), 0.0100447 secs] [Times: user=0.11 sys=0.01, real=0.01 secs] 
2016-09-24T01:14:49.340-0400: 246.658: [GC (GCLocker Initiated GC) [PSYoungGen: 125030K->37389K(175104K)] 481694K->412555K(699392K), 0.0130152 secs] [Times: user=0.14 sys=0.00, real=0.01 secs] 
2016-09-24T01:14:49.477-0400: 246.795: [GC (GCLocker Initiated GC) [PSYoungGen: 125453K->85662K(175104K)] 500700K->467251K(699392K), 0.0146129 secs] [Times: user=0.14 sys=0.00, real=0.01 secs] 
2016-09-24T01:14:49.601-0400: 246.919: [GC (Allocation Failure) [PSYoungGen: 173726K->61494K(175104K)] 561616K->479847K(699392K), 0.0095131 secs] [Times: user=0.07 sys=0.01, real=0.01 secs] 
2016-09-24T01:14:49.752-0400: 247.070: [GC (GCLocker Initiated GC) [PSYoungGen: 147522K->36898K(175104K)] 571951K->479834K(699392K), 0.0107860 secs] [Times: user=0.12 sys=0.00, real=0.02 secs] 
2016-09-24T01:14:49.878-0400: 247.196: [GC (GCLocker Initiated GC) [PSYoungGen: 124962K->85690K(175104K)] 568158K->535097K(699392K), 0.0105739 secs] [Times: user=0.12 sys=0.00, real=0.01 secs] 
2016-09-24T01:14:50.010-0400: 247.328: [GC (GCLocker Initiated GC) [PSYoungGen: 173754K->85854K(175104K)] 623236K->602297K(699392K), 0.0136995 secs] [Times: user=0.18 sys=0.01, real=0.02 secs] 
2016-09-24T01:14:50.024-0400: 247.342: [Full GC (Ergonomics) [PSYoungGen: 85854K->0K(175104K)] [ParOldGen: 516443K->54494K(524288K)] 602297K->54494K(699392K), [Metaspace: 44560K->44560K(1087488K)], 0.0583372 secs] [Times: user=0.47 sys=0.00, real=0.06 secs] 
2016-09-24T01:14:50.207-0400: 247.525: [GC (GCLocker Initiated GC) [PSYoungGen: 88064K->86242K(175104K)] 142919K->165405K(699392K), 0.0119246 secs] [Times: user=0.18 sys=0.00, real=0.01 secs] 
2016-09-24T01:14:50.317-0400: 247.635: [GC (GCLocker Initiated GC) [PSYoungGen: 174306K->85790K(175104K)] 253612K->226426K(699392K), 0.0122647 secs] [Times: user=0.18 sys=0.00, real=0.01 secs] 
2016-09-24T01:14:50.457-0400: 247.775: [GC (GCLocker Initiated GC) [PSYoungGen: 173854K->73576K(175104K)] 314593K->257140K(699392K), 0.0107371 secs] [Times: user=0.14 sys=0.00, real=0.01 secs] 
2016-09-24T01:14:50.597-0400: 247.915: [GC (Allocation Failure) [PSYoungGen: 161640K->43432K(175104K)] 345497K->264000K(699392K), 0.0102465 secs] [Times: user=0.10 sys=0.01, real=0.01 secs] 
2016-09-24T01:14:50.708-0400: 248.026: [GC (GCLocker Initiated GC) [PSYoungGen: 131496K->42973K(175104K)] 352070K->300287K(699392K), 0.0301643 secs] [Times: user=0.29 sys=0.00, real=0.03 secs] 
2016-09-24T01:14:50.848-0400: 248.166: [GC (Allocation Failure) [PSYoungGen: 131037K->74164K(175104K)] 394595K->337826K(699392K), 0.0179887 secs] [Times: user=0.21 sys=0.00, real=0.02 secs] 
2016-09-24T01:14:50.867-0400: 248.185: [GC (GCLocker Initiated GC) [PSYoungGen: 80592K->6235K(175104K)] 344254K->331351K(699392K), 0.0094321 secs] [Times: user=0.09 sys=0.00, real=0.01 secs] 
2016-09-24T01:14:51.002-0400: 248.320: [GC (GCLocker Initiated GC) [PSYoungGen: 92981K->74028K(175104K)] 424172K->423468K(699392K), 0.0087302 secs] [Times: user=0.08 sys=0.00, real=0.01 secs] 
2016-09-24T01:14:51.121-0400: 248.439: [GC (GCLocker Initiated GC) [PSYoungGen: 162092K->67569K(175104K)] 517957K->448257K(699392K), 0.0112518 secs] [Times: user=0.08 sys=0.00, real=0.01 secs] 
2016-09-24T01:14:51.260-0400: 248.578: [GC (GCLocker Initiated GC) [PSYoungGen: 155633K->85594K(175104K)] 536425K->503144K(699392K), 0.0109651 secs] [Times: user=0.13 sys=0.00, real=0.01 secs] 
2016-09-24T01:14:51.385-0400: 248.703: [GC (GCLocker Initiated GC) [PSYoungGen: 173658K->73672K(175104K)] 591289K->533972K(699392K), 0.0133606 secs] [Times: user=0.16 sys=0.00, real=0.01 secs] 
2016-09-24T01:14:51.399-0400: 248.717: [Full GC (Ergonomics) [PSYoungGen: 73672K->0K(175104K)] [ParOldGen: 460299K->48767K(524288K)] 533972K->48767K(699392K), [Metaspace: 44561K->44561K(1087488K)], 0.0569883 secs] [Times: user=0.31 sys=0.01, real=0.06 secs] 
2016-09-24T01:14:51.567-0400: 248.885: [GC (GCLocker Initiated GC) [PSYoungGen: 88064K->86242K(175104K)] 143039K->147292K(699392K), 0.0087097 secs] [Times: user=0.10 sys=0.01, real=0.01 secs] 
2016-09-24T01:14:51.687-0400: 249.005: [GC (GCLocker Initiated GC) [PSYoungGen: 174306K->55383K(175104K)] 241669K->171918K(699392K), 0.0119949 secs] [Times: user=0.13 sys=0.00, real=0.01 secs] 
2016-09-24T01:14:51.843-0400: 249.161: [GC (Allocation Failure) [PSYoungGen: 143447K->31086K(175104K)] 266104K->172236K(699392K), 0.0288402 secs] [Times: user=0.37 sys=0.00, real=0.02 secs] 
2016-09-24T01:14:51.997-0400: 249.315: [GC (GCLocker Initiated GC) [PSYoungGen: 119150K->61426K(175104K)] 260305K->233599K(699392K), 0.0095449 secs] [Times: user=0.10 sys=0.01, real=0.01 secs] 
2016-09-24T01:14:52.096-0400: 249.414: [GC (GCLocker Initiated GC) [PSYoungGen: 149490K->85726K(175104K)] 321851K->276604K(699392K), 0.0091911 secs] [Times: user=0.10 sys=0.00, real=0.01 secs] 
2016-09-24T01:14:52.243-0400: 249.561: [GC (GCLocker Initiated GC) [PSYoungGen: 173790K->79519K(175104K)] 370913K->325502K(699392K), 0.0121442 secs] [Times: user=0.10 sys=0.00, real=0.01 secs] 
2016-09-24T01:14:52.390-0400: 249.708: [GC (Allocation Failure) [PSYoungGen: 167583K->37126K(175104K)] 419923K->326067K(699392K), 0.0239613 secs] [Times: user=0.26 sys=0.00, real=0.02 secs] 
2016-09-24T01:14:52.531-0400: 249.849: [GC (GCLocker Initiated GC) [PSYoungGen: 125190K->55287K(175104K)] 414137K->362735K(699392K), 0.0261348 secs] [Times: user=0.28 sys=0.00, real=0.03 secs] 
2016-09-24T01:14:52.671-0400: 249.989: [GC (GCLocker Initiated GC) [PSYoungGen: 143351K->79815K(175104K)] 457033K->412014K(699392K), 0.0123362 secs] [Times: user=0.13 sys=0.00, real=0.02 secs] 
2016-09-24T01:14:52.808-0400: 250.126: [GC (Allocation Failure) [PSYoungGen: 167879K->36966K(175104K)] 512555K->418515K(699392K), 0.0135926 secs] [Times: user=0.15 sys=0.00, real=0.01 secs] 
2016-09-24T01:14:52.958-0400: 250.276: [GC (GCLocker Initiated GC) [PSYoungGen: 125030K->61658K(175104K)] 506585K->443316K(699392K), 0.0261514 secs] [Times: user=0.27 sys=0.01, real=0.03 secs] 
2016-09-24T01:14:53.093-0400: 250.411: [GC (GCLocker Initiated GC) [PSYoungGen: 149722K->36934K(175104K)] 537514K->473422K(699392K), 0.0144143 secs] [Times: user=0.14 sys=0.00, real=0.02 secs] 
2016-09-24T01:14:53.221-0400: 250.539: [GC (GCLocker Initiated GC) [PSYoungGen: 124998K->67697K(175104K)] 561594K->559096K(699392K), 0.0132691 secs] [Times: user=0.13 sys=0.00, real=0.01 secs] 
2016-09-24T01:14:53.234-0400: 250.552: [Full GC (Ergonomics) [PSYoungGen: 67697K->0K(175104K)] [ParOldGen: 491399K->61215K(524288K)] 559096K->61215K(699392K), [Metaspace: 44562K->44562K(1087488K)], 0.0592392 secs] [Times: user=0.32 sys=0.03, real=0.06 secs] 
2016-09-24T01:14:53.420-0400: 250.738: [GC (GCLocker Initiated GC) [PSYoungGen: 88064K->86210K(175104K)] 149338K->165709K(699392K), 0.0236967 secs] [Times: user=0.25 sys=0.00, real=0.03 secs] 
2016-09-24T01:14:53.528-0400: 250.846: [GC (GCLocker Initiated GC) [PSYoungGen: 174274K->67697K(175104K)] 260175K->263520K(699392K), 0.0175487 secs] [Times: user=0.19 sys=0.00, real=0.02 secs] 
2016-09-24T01:14:53.658-0400: 250.976: [GC (GCLocker Initiated GC) [PSYoungGen: 155761K->67793K(175104K)] 357708K->306686K(699392K), 0.0098375 secs] [Times: user=0.11 sys=0.00, real=0.01 secs] 
2016-09-24T01:14:53.758-0400: 251.076: [GC (GCLocker Initiated GC) [PSYoungGen: 155857K->85790K(175104K)] 394970K->361481K(699392K), 0.0261150 secs] [Times: user=0.34 sys=0.00, real=0.03 secs] 
2016-09-24T01:14:53.897-0400: 251.215: [GC (GCLocker Initiated GC) [PSYoungGen: 173854K->74164K(175104K)] 449760K->386796K(699392K), 0.0146033 secs] [Times: user=0.18 sys=0.00, real=0.01 secs] 
2016-09-24T01:14:54.039-0400: 251.357: [GC (GCLocker Initiated GC) [PSYoungGen: 162228K->49148K(175104K)] 481218K->404863K(699392K), 0.0083976 secs] [Times: user=0.08 sys=0.00, real=0.01 secs] 
2016-09-24T01:14:54.167-0400: 251.485: [GC (GCLocker Initiated GC) [PSYoungGen: 137212K->55351K(175104K)] 493306K->429790K(699392K), 0.0134127 secs] [Times: user=0.13 sys=0.00, real=0.01 secs] 
2016-09-24T01:14:54.288-0400: 251.606: [GC (Allocation Failure) [PSYoungGen: 143415K->85758K(175104K)] 518041K->484803K(699392K), 0.0096570 secs] [Times: user=0.12 sys=0.00, real=0.01 secs] 
2016-09-24T01:14:54.431-0400: 251.749: [GC (GCLocker Initiated GC) [PSYoungGen: 168959K->55515K(175104K)] 574079K->497181K(699392K), 0.0096118 secs] [Times: user=0.09 sys=0.00, real=0.01 secs] 
2016-09-24T01:14:54.551-0400: 251.869: [GC (Allocation Failure) [PSYoungGen: 143579K->67273K(175104K)] 585779K->509749K(699392K), 0.0163943 secs] [Times: user=0.14 sys=0.01, real=0.02 secs] 
2016-09-24T01:14:54.685-0400: 252.003: [GC (GCLocker Initiated GC) [PSYoungGen: 152323K->43073K(175104K)] 600874K->540327K(699392K), 0.0222908 secs] [Times: user=0.22 sys=0.00, real=0.02 secs] 
2016-09-24T01:14:54.708-0400: 252.026: [Full GC (Ergonomics) [PSYoungGen: 43073K->0K(175104K)] [ParOldGen: 497254K->48638K(524288K)] 540327K->48638K(699392K), [Metaspace: 44562K->44562K(1087488K)], 0.0625718 secs] [Times: user=0.36 sys=0.01, real=0.06 secs] 
2016-09-24T01:14:54.892-0400: 252.210: [GC (Allocation Failure) [PSYoungGen: 88064K->73832K(175104K)] 143203K->128971K(699392K), 0.0077048 secs] [Times: user=0.08 sys=0.00, real=0.01 secs] 
2016-09-24T01:14:55.013-0400: 252.331: [GC (GCLocker Initiated GC) [PSYoungGen: 156595K->73608K(175104K)] 217809K->171812K(699392K), 0.0160749 secs] [Times: user=0.17 sys=0.00, real=0.02 secs] 
2016-09-24T01:14:55.131-0400: 252.449: [GC (GCLocker Initiated GC) [PSYoungGen: 161672K->79847K(175104K)] 260041K->196593K(699392K), 0.0294019 secs] [Times: user=0.32 sys=0.00, real=0.03 secs] 
2016-09-24T01:14:55.286-0400: 252.604: [GC (GCLocker Initiated GC) [PSYoungGen: 167911K->80011K(175104K)] 296865K->263932K(699392K), 0.0190900 secs] [Times: user=0.22 sys=0.01, real=0.02 secs] 
2016-09-24T01:14:55.420-0400: 252.738: [GC (GCLocker Initiated GC) [PSYoungGen: 168075K->73316K(175104K)] 352346K->264109K(699392K), 0.0192552 secs] [Times: user=0.19 sys=0.00, real=0.02 secs] 
2016-09-24T01:14:55.543-0400: 252.861: [GC (GCLocker Initiated GC) [PSYoungGen: 161380K->67537K(175104K)] 352221K->276722K(699392K), 0.0302909 secs] [Times: user=0.30 sys=0.01, real=0.02 secs] 
2016-09-24T01:14:55.712-0400: 253.030: [GC (GCLocker Initiated GC) [PSYoungGen: 155601K->36902K(175104K)] 371217K->295451K(699392K), 0.0184571 secs] [Times: user=0.17 sys=0.01, real=0.02 secs] 
2016-09-24T01:14:55.846-0400: 253.164: [GC (GCLocker Initiated GC) [PSYoungGen: 124966K->67341K(175104K)] 383864K->326491K(699392K), 0.0150268 secs] [Times: user=0.15 sys=0.00, real=0.01 secs] 
2016-09-24T01:14:56.011-0400: 253.329: [GC (Allocation Failure) [PSYoungGen: 155405K->61490K(175104K)] 414583K->357433K(699392K), 0.0160191 secs] [Times: user=0.19 sys=0.00, real=0.02 secs] 
2016-09-24T01:14:56.134-0400: 253.452: [GC (GCLocker Initiated GC) [PSYoungGen: 149554K->67725K(175104K)] 445498K->394163K(699392K), 0.0193348 secs] [Times: user=0.20 sys=0.00, real=0.02 secs] 
2016-09-24T01:14:56.285-0400: 253.603: [GC (GCLocker Initiated GC) [PSYoungGen: 155789K->73936K(175104K)] 488400K->443373K(699392K), 0.0100902 secs] [Times: user=0.10 sys=0.00, real=0.01 secs] 
2016-09-24T01:14:56.408-0400: 253.726: [GC (GCLocker Initiated GC) [PSYoungGen: 162000K->85498K(175104K)] 531485K->461365K(699392K), 0.0127100 secs] [Times: user=0.14 sys=0.01, real=0.01 secs] 
2016-09-24T01:14:56.534-0400: 253.852: [GC (Allocation Failure) [PSYoungGen: 173562K->73968K(175104K)] 555714K->504863K(699392K), 0.0148648 secs] [Times: user=0.20 sys=0.00, real=0.01 secs] 
2016-09-24T01:14:56.670-0400: 253.988: [GC (GCLocker Initiated GC) [PSYoungGen: 156639K->49212K(175104K)] 593610K->504707K(699392K), 0.0213777 secs] [Times: user=0.25 sys=0.00, real=0.02 secs] 
2016-09-24T01:14:56.692-0400: 254.010: [Full GC (Ergonomics) [PSYoungGen: 49212K->0K(175104K)] [ParOldGen: 455495K->48503K(524288K)] 504707K->48503K(699392K), [Metaspace: 44562K->44562K(1087488K)], 0.0528769 secs] [Times: user=0.29 sys=0.00, real=0.06 secs] 
2016-09-24T01:14:56.901-0400: 254.219: [GC (GCLocker Initiated GC) [PSYoungGen: 88064K->55191K(175104K)] 155143K->122270K(699392K), 0.0140247 secs] [Times: user=0.14 sys=0.00, real=0.02 secs] 
2016-09-24T01:14:57.045-0400: 254.363: [GC (GCLocker Initiated GC) [PSYoungGen: 143255K->79651K(175104K)] 210532K->171512K(699392K), 0.0318720 secs] [Times: user=0.33 sys=0.00, real=0.03 secs] 
2016-09-24T01:14:57.207-0400: 254.525: [GC (GCLocker Initiated GC) [PSYoungGen: 167715K->55451K(175104K)] 265990K->220671K(699392K), 0.0424572 secs] [Times: user=0.50 sys=0.00, real=0.04 secs] 
2016-09-24T01:14:57.350-0400: 254.668: [GC (GCLocker Initiated GC) [PSYoungGen: 143515K->73640K(175104K)] 308832K->288029K(699392K), 0.0155554 secs] [Times: user=0.19 sys=0.00, real=0.02 secs] 
2016-09-24T01:14:57.455-0400: 254.773: [GC (GCLocker Initiated GC) [PSYoungGen: 161704K->85790K(175104K)] 376398K->373552K(699392K), 0.0199487 secs] [Times: user=0.24 sys=0.02, real=0.02 secs] 
2016-09-24T01:14:57.583-0400: 254.901: [GC (Allocation Failure) [PSYoungGen: 173854K->73640K(175104K)] 461747K->380213K(699392K), 0.0099398 secs] [Times: user=0.12 sys=0.00, real=0.00 secs] 
2016-09-24T01:14:57.702-0400: 255.020: [GC (GCLocker Initiated GC) [PSYoungGen: 161704K->73672K(175104K)] 468279K->441296K(699392K), 0.0139165 secs] [Times: user=0.18 sys=0.00, real=0.02 secs] 
2016-09-24T01:14:57.860-0400: 255.178: [GC (Allocation Failure) [PSYoungGen: 161736K->67565K(175104K)] 541603K->465964K(699392K), 0.0236713 secs] [Times: user=0.29 sys=0.00, real=0.03 secs] 
2016-09-24T01:14:58.010-0400: 255.328: [GC (GCLocker Initiated GC) [PSYoungGen: 155629K->61622K(175104K)] 554034K->484626K(699392K), 0.0103726 secs] [Times: user=0.10 sys=0.00, real=0.01 secs] 
2016-09-24T01:14:58.122-0400: 255.440: [GC (GCLocker Initiated GC) [PSYoungGen: 149686K->55255K(175104K)] 572692K->496942K(699392K), 0.0167513 secs] [Times: user=0.16 sys=0.00, real=0.01 secs] 
2016-09-24T01:14:58.139-0400: 255.457: [Full GC (Ergonomics) [PSYoungGen: 55255K->0K(175104K)] [ParOldGen: 441687K->48589K(524288K)] 496942K->48589K(699392K), [Metaspace: 44562K->44562K(1087488K)], 0.0559954 secs] [Times: user=0.33 sys=0.00, real=0.06 secs] 
2016-09-24T01:14:58.317-0400: 255.635: [GC (GCLocker Initiated GC) [PSYoungGen: 88064K->73964K(175104K)] 142887K->128787K(699392K), 0.0093220 secs] [Times: user=0.11 sys=0.00, real=0.01 secs] 
2016-09-24T01:14:58.449-0400: 255.767: [GC (GCLocker Initiated GC) [PSYoungGen: 162028K->79911K(175104K)] 222990K->153539K(699392K), 0.0141695 secs] [Times: user=0.15 sys=0.00, real=0.02 secs] 
2016-09-24T01:14:58.600-0400: 255.918: [GC (GCLocker Initiated GC) [PSYoungGen: 167975K->61070K(175104K)] 242394K->153982K(699392K), 0.0213865 secs] [Times: user=0.21 sys=0.00, real=0.02 secs] 
2016-09-24T01:14:58.718-0400: 256.036: [GC (GCLocker Initiated GC) [PSYoungGen: 149134K->85822K(175104K)] 242182K->215448K(699392K), 0.0164794 secs] [Times: user=0.19 sys=0.01, real=0.02 secs] 
2016-09-24T01:14:58.846-0400: 256.164: [GC (GCLocker Initiated GC) [PSYoungGen: 173886K->43137K(175104K)] 303638K->215681K(699392K), 0.0146966 secs] [Times: user=0.15 sys=0.00, real=0.01 secs] 
2016-09-24T01:14:58.989-0400: 256.307: [GC (GCLocker Initiated GC) [PSYoungGen: 131201K->61558K(175104K)] 304090K->252964K(699392K), 0.0071429 secs] [Times: user=0.07 sys=0.00, real=0.01 secs] 
2016-09-24T01:14:59.106-0400: 256.424: [GC (GCLocker Initiated GC) [PSYoungGen: 149622K->49244K(175104K)] 341040K->277576K(699392K), 0.0115996 secs] [Times: user=0.10 sys=0.00, real=0.01 secs] 
2016-09-24T01:14:59.244-0400: 256.562: [GC (GCLocker Initiated GC) [PSYoungGen: 137308K->79523K(175104K)] 365670K->320131K(699392K), 0.0104844 secs] [Times: user=0.06 sys=0.00, real=0.01 secs] 
2016-09-24T01:14:59.372-0400: 256.690: [GC (Allocation Failure) [PSYoungGen: 167587K->24720K(175104K)] 408202K->302053K(699392K), 0.0188041 secs] [Times: user=0.16 sys=0.00, real=0.02 secs] 
2016-09-24T01:14:59.509-0400: 256.827: [GC (GCLocker Initiated GC) [PSYoungGen: 112784K->73512K(175104K)] 390122K->351126K(699392K), 0.0100278 secs] [Times: user=0.09 sys=0.01, real=0.01 secs] 
2016-09-24T01:14:59.648-0400: 256.966: [GC (Allocation Failure) [PSYoungGen: 161576K->79423K(175104K)] 439282K->375662K(699392K), 0.0233174 secs] [Times: user=0.27 sys=0.00, real=0.02 secs] 
2016-09-24T01:14:59.776-0400: 257.094: [GC (GCLocker Initiated GC) [PSYoungGen: 165716K->37258K(175104K)] 468030K->400441K(699392K), 0.0240247 secs] [Times: user=0.22 sys=0.00, real=0.02 secs] 
2016-09-24T01:14:59.904-0400: 257.222: [GC (GCLocker Initiated GC) [PSYoungGen: 125322K->67601K(175104K)] 488698K->449494K(699392K), 0.0235198 secs] [Times: user=0.24 sys=0.00, real=0.02 secs] 
2016-09-24T01:15:00.058-0400: 257.376: [GC (Allocation Failure) [PSYoungGen: 155665K->36998K(175104K)] 537790K->473894K(699392K), 0.0124982 secs] [Times: user=0.10 sys=0.01, real=0.01 secs] 
2016-09-24T01:15:00.201-0400: 257.519: [GC (GCLocker Initiated GC) [PSYoungGen: 125061K->61330K(175104K)] 561963K->522823K(699392K), 0.0239685 secs] [Times: user=0.23 sys=0.01, real=0.03 secs] 
2016-09-24T01:15:00.225-0400: 257.543: [Full GC (Ergonomics) [PSYoungGen: 61330K->0K(175104K)] [ParOldGen: 461493K->48722K(524288K)] 522823K->48722K(699392K), [Metaspace: 44562K->44562K(1087488K)], 0.0604865 secs] [Times: user=0.40 sys=0.02, real=0.06 secs] 
2016-09-24T01:15:00.375-0400: 257.693: [GC (GCLocker Initiated GC) [PSYoungGen: 88064K->86530K(175104K)] 136817K->177808K(699392K), 0.0185837 secs] [Times: user=0.22 sys=0.00, real=0.01 secs] 
2016-09-24T01:15:00.524-0400: 257.842: [GC (Allocation Failure) [PSYoungGen: 174594K->55255K(175104K)] 266003K->226615K(699392K), 0.0104911 secs] [Times: user=0.11 sys=0.00, real=0.01 secs] 
2016-09-24T01:15:00.673-0400: 257.991: [GC (GCLocker Initiated GC) [PSYoungGen: 142525K->42973K(175104K)] 319960K->244951K(699392K), 0.0229028 secs] [Times: user=0.21 sys=0.01, real=0.03 secs] 
2016-09-24T01:15:00.815-0400: 258.133: [GC (GCLocker Initiated GC) [PSYoungGen: 131037K->55155K(175104K)] 333680K->257933K(699392K), 0.0204745 secs] [Times: user=0.27 sys=0.00, real=0.02 secs] 
2016-09-24T01:15:00.910-0400: 258.228: [GC (GCLocker Initiated GC) [PSYoungGen: 143219K->85598K(175104K)] 346028K->306752K(699392K), 0.0097858 secs] [Times: user=0.09 sys=0.00, real=0.01 secs] 
2016-09-24T01:15:01.042-0400: 258.360: [GC (GCLocker Initiated GC) [PSYoungGen: 173662K->49276K(175104K)] 401157K->362112K(699392K), 0.0233195 secs] [Times: user=0.28 sys=0.00, real=0.02 secs] 
2016-09-24T01:15:01.185-0400: 258.503: [GC (GCLocker Initiated GC) [PSYoungGen: 137340K->73512K(175104K)] 450537K->387009K(699392K), 0.0102690 secs] [Times: user=0.13 sys=0.01, real=0.01 secs] 
2016-09-24T01:15:01.314-0400: 258.632: [GC (Allocation Failure) [PSYoungGen: 161576K->49276K(175104K)] 481358K->405815K(699392K), 0.0089156 secs] [Times: user=0.09 sys=0.01, real=0.01 secs] 
2016-09-24T01:15:01.444-0400: 258.762: [GC (GCLocker Initiated GC) [PSYoungGen: 136792K->55515K(175104K)] 499407K->448624K(699392K), 0.0117137 secs] [Times: user=0.13 sys=0.00, real=0.01 secs] 
2016-09-24T01:15:01.617-0400: 258.935: [GC (GCLocker Initiated GC) [PSYoungGen: 143579K->42877K(175104K)] 548947K->466901K(699392K), 0.0101087 secs] [Times: user=0.08 sys=0.01, real=0.01 secs] 
2016-09-24T01:15:01.733-0400: 259.051: [GC (GCLocker Initiated GC) [PSYoungGen: 130941K->79391K(175104K)] 555008K->527877K(699392K), 0.0186988 secs] [Times: user=0.19 sys=0.01, real=0.02 secs] 
2016-09-24T01:15:01.751-0400: 259.069: [Full GC (Ergonomics) [PSYoungGen: 79391K->0K(175104K)] [ParOldGen: 448486K->54810K(524288K)] 527877K->54810K(699392K), [Metaspace: 44564K->44564K(1087488K)], 0.0727662 secs] [Times: user=0.48 sys=0.00, real=0.08 secs] 
2016-09-24T01:15:01.938-0400: 259.256: [GC (GCLocker Initiated GC) [PSYoungGen: 88064K->80427K(175104K)] 143235K->135598K(699392K), 0.0094062 secs] [Times: user=0.09 sys=0.00, real=0.01 secs] 
2016-09-24T01:15:02.091-0400: 259.409: [GC (GCLocker Initiated GC) [PSYoungGen: 168491K->49212K(175104K)] 229964K->141996K(699392K), 0.0440156 secs] [Times: user=0.45 sys=0.01, real=0.05 secs] 
2016-09-24T01:15:02.255-0400: 259.573: [GC (GCLocker Initiated GC) [PSYoungGen: 137276K->67665K(175104K)] 230157K->203182K(699392K), 0.0097840 secs] [Times: user=0.09 sys=0.00, real=0.01 secs] 
2016-09-24T01:15:02.402-0400: 259.720: [GC (GCLocker Initiated GC) [PSYoungGen: 155729K->55187K(175104K)] 291271K->209206K(699392K), 0.0092904 secs] [Times: user=0.11 sys=0.01, real=0.01 secs] 
2016-09-24T01:15:02.526-0400: 259.844: [GC (GCLocker Initiated GC) [PSYoungGen: 143251K->55351K(175104K)] 297625K->270619K(699392K), 0.0111648 secs] [Times: user=0.13 sys=0.00, real=0.01 secs] 
2016-09-24T01:15:02.660-0400: 259.978: [GC (GCLocker Initiated GC) [PSYoungGen: 143415K->79747K(175104K)] 364878K->337804K(699392K), 0.0146960 secs] [Times: user=0.18 sys=0.01, real=0.02 secs] 
2016-09-24T01:15:02.804-0400: 260.122: [GC (GCLocker Initiated GC) [PSYoungGen: 167811K->30923K(175104K)] 431991K->350021K(699392K), 0.0280168 secs] [Times: user=0.26 sys=0.00, real=0.02 secs] 
2016-09-24T01:15:02.954-0400: 260.272: [GC (GCLocker Initiated GC) [PSYoungGen: 118987K->49116K(175104K)] 438290K->392970K(699392K), 0.0136482 secs] [Times: user=0.08 sys=0.00, real=0.02 secs] 
2016-09-24T01:15:03.102-0400: 260.420: [GC (Allocation Failure) [PSYoungGen: 137180K->55255K(175104K)] 487313K->442106K(699392K), 0.0088488 secs] [Times: user=0.08 sys=0.00, real=0.01 secs] 
2016-09-24T01:15:03.230-0400: 260.548: [GC (GCLocker Initiated GC) [PSYoungGen: 143319K->79815K(175104K)] 530176K->479097K(699392K), 0.0274223 secs] [Times: user=0.28 sys=0.01, real=0.03 secs] 
2016-09-24T01:15:03.363-0400: 260.681: [GC (GCLocker Initiated GC) [PSYoungGen: 167879K->42945K(175104K)] 567270K->460984K(699392K), 0.0318623 secs] [Times: user=0.30 sys=0.00, real=0.03 secs] 
2016-09-24T01:15:03.515-0400: 260.833: [GC (GCLocker Initiated GC) [PSYoungGen: 131009K->55387K(175104K)] 555344K->480006K(699392K), 0.0306874 secs] [Times: user=0.35 sys=0.00, real=0.03 secs] 
2016-09-24T01:15:03.688-0400: 261.006: [GC (GCLocker Initiated GC) [PSYoungGen: 143451K->85694K(175104K)] 568269K->517003K(699392K), 0.0138288 secs] [Times: user=0.13 sys=0.00, real=0.01 secs] 
2016-09-24T01:15:03.845-0400: 261.163: [GC (GCLocker Initiated GC) [PSYoungGen: 173758K->61590K(175104K)] 605293K->547928K(699392K), 0.0219363 secs] [Times: user=0.20 sys=0.01, real=0.02 secs] 
2016-09-24T01:15:03.868-0400: 261.186: [Full GC (Ergonomics) [PSYoungGen: 61590K->0K(175104K)] [ParOldGen: 486338K->55578K(524288K)] 547928K->55578K(699392K), [Metaspace: 44564K->44564K(1087488K)], 0.0737527 secs] [Times: user=0.43 sys=0.02, real=0.07 secs] 
2016-09-24T01:15:04.069-0400: 261.387: [GC (GCLocker Initiated GC) [PSYoungGen: 88064K->85790K(175104K)] 149910K->171937K(699392K), 0.0144346 secs] [Times: user=0.16 sys=0.00, real=0.02 secs] 
2016-09-24T01:15:04.215-0400: 261.533: [GC (Allocation Failure) [PSYoungGen: 173854K->55319K(175104K)] 260283K->166316K(699392K), 0.0226767 secs] [Times: user=0.23 sys=0.01, real=0.02 secs] 
2016-09-24T01:15:04.342-0400: 261.660: [GC (GCLocker Initiated GC) [PSYoungGen: 143383K->73576K(175104K)] 254385K->202899K(699392K), 0.0090642 secs] [Times: user=0.08 sys=0.00, real=0.01 secs] 
2016-09-24T01:15:04.477-0400: 261.795: [GC (GCLocker Initiated GC) [PSYoungGen: 161640K->49472K(175104K)] 297276K->239935K(699392K), 0.0120321 secs] [Times: user=0.13 sys=0.00, real=0.01 secs] 
2016-09-24T01:15:04.614-0400: 261.932: [GC (Allocation Failure) [PSYoungGen: 137536K->55187K(175104K)] 328192K->264335K(699392K), 0.0074789 secs] [Times: user=0.08 sys=0.00, real=0.00 secs] 
2016-09-24T01:15:04.739-0400: 262.057: [GC (GCLocker Initiated GC) [PSYoungGen: 139975K->37290K(175104K)] 355199K->270866K(699392K), 0.0092677 secs] [Times: user=0.14 sys=0.00, real=0.01 secs] 
2016-09-24T01:15:04.867-0400: 262.185: [GC (Allocation Failure) [PSYoungGen: 125354K->73804K(175104K)] 365332K->314074K(699392K), 0.0128439 secs] [Times: user=0.16 sys=0.00, real=0.01 secs] 
2016-09-24T01:15:04.998-0400: 262.316: [GC (GCLocker Initiated GC) [PSYoungGen: 158653K->55223K(175104K)] 404998K->307910K(699392K), 0.0190310 secs] [Times: user=0.21 sys=0.00, real=0.02 secs] 
2016-09-24T01:15:05.130-0400: 262.448: [GC (GCLocker Initiated GC) [PSYoungGen: 143287K->55287K(175104K)] 396648K->326993K(699392K), 0.0134396 secs] [Times: user=0.11 sys=0.01, real=0.02 secs] 
2016-09-24T01:15:05.277-0400: 262.595: [GC (GCLocker Initiated GC) [PSYoungGen: 143351K->67309K(175104K)] 421415K->345616K(699392K), 0.0269497 secs] [Times: user=0.23 sys=0.01, real=0.03 secs] 
2016-09-24T01:15:05.448-0400: 262.766: [GC (GCLocker Initiated GC) [PSYoungGen: 155373K->55127K(175104K)] 433729K->351803K(699392K), 0.0069446 secs] [Times: user=0.05 sys=0.00, real=0.01 secs] 
2016-09-24T01:15:05.579-0400: 262.897: [GC (GCLocker Initiated GC) [PSYoungGen: 143191K->61394K(175104K)] 440021K->431407K(699392K), 0.0109191 secs] [Times: user=0.13 sys=0.00, real=0.01 secs] 
2016-09-24T01:15:05.715-0400: 263.033: [GC (GCLocker Initiated GC) [PSYoungGen: 149458K->67501K(175104K)] 519838K->456397K(699392K), 0.0096939 secs] [Times: user=0.08 sys=0.00, real=0.01 secs] 
2016-09-24T01:15:05.852-0400: 263.170: [GC (Allocation Failure) [PSYoungGen: 155565K->43400K(175104K)] 544721K->469095K(699392K), 0.0093347 secs] [Times: user=0.09 sys=0.01, real=0.01 secs] 
2016-09-24T01:15:05.979-0400: 263.297: [GC (GCLocker Initiated GC) [PSYoungGen: 131464K->73640K(175104K)] 557159K->499618K(699392K), 0.0221308 secs] [Times: user=0.26 sys=0.00, real=0.02 secs] 
2016-09-24T01:15:06.124-0400: 263.442: [GC (GCLocker Initiated GC) [PSYoungGen: 161704K->61426K(175104K)] 594000K->500089K(699392K), 0.0220708 secs] [Times: user=0.26 sys=0.00, real=0.02 secs] 
2016-09-24T01:15:06.279-0400: 263.597: [GC (GCLocker Initiated GC) [PSYoungGen: 149490K->55287K(143360K)] 594566K->524931K(667648K), 0.0102898 secs] [Times: user=0.08 sys=0.01, real=0.01 secs] 
2016-09-24T01:15:06.289-0400: 263.607: [Full GC (Ergonomics) [PSYoungGen: 55287K->0K(143360K)] [ParOldGen: 469644K->55001K(524288K)] 524931K->55001K(667648K), [Metaspace: 44564K->44564K(1087488K)], 0.0639400 secs] [Times: user=0.53 sys=0.00, real=0.06 secs] 
2016-09-24T01:15:06.485-0400: 263.803: [GC (Allocation Failure) [PSYoungGen: 88064K->80167K(174080K)] 149153K->141256K(698368K), 0.0159892 secs] [Times: user=0.17 sys=0.00, real=0.01 secs] 
2016-09-24T01:15:06.644-0400: 263.962: [GC (GCLocker Initiated GC) [PSYoungGen: 165493K->55351K(174592K)] 232657K->177902K(698880K), 0.0153737 secs] [Times: user=0.14 sys=0.00, real=0.01 secs] 
2016-09-24T01:15:06.796-0400: 264.114: [GC (GCLocker Initiated GC) [PSYoungGen: 142903K->55383K(175104K)] 277954K->208974K(699392K), 0.0140662 secs] [Times: user=0.13 sys=0.00, real=0.01 secs] 
2016-09-24T01:15:06.929-0400: 264.247: [GC (GCLocker Initiated GC) [PSYoungGen: 143447K->73740K(175104K)] 297399K->227803K(699392K), 0.0071771 secs] [Times: user=0.06 sys=0.00, real=0.01 secs] 
2016-09-24T01:15:07.051-0400: 264.369: [GC (GCLocker Initiated GC) [PSYoungGen: 161804K->61330K(175104K)] 321990K->240025K(699392K), 0.0277846 secs] [Times: user=0.34 sys=0.01, real=0.03 secs] 
2016-09-24T01:15:07.198-0400: 264.516: [GC (GCLocker Initiated GC) [PSYoungGen: 149394K->85758K(175104K)] 328130K->331619K(699392K), 0.0119069 secs] [Times: user=0.17 sys=0.00, real=0.01 secs] 
2016-09-24T01:15:07.300-0400: 264.618: [GC (GCLocker Initiated GC) [PSYoungGen: 173822K->85854K(175104K)] 419798K->392928K(699392K), 0.0127183 secs] [Times: user=0.17 sys=0.00, real=0.01 secs] 
2016-09-24T01:15:07.448-0400: 264.766: [GC (GCLocker Initiated GC) [PSYoungGen: 173918K->37290K(175104K)] 499561K->430033K(699392K), 0.0169598 secs] [Times: user=0.20 sys=0.01, real=0.02 secs] 
2016-09-24T01:15:07.633-0400: 264.951: [GC (GCLocker Initiated GC) [PSYoungGen: 125354K->55223K(175104K)] 524399K->454551K(699392K), 0.0128479 secs] [Times: user=0.12 sys=0.00, real=0.02 secs] 
2016-09-24T01:15:07.755-0400: 265.073: [GC (GCLocker Initiated GC) [PSYoungGen: 143287K->85530K(175104K)] 542741K->485275K(699392K), 0.0164692 secs] [Times: user=0.16 sys=0.00, real=0.01 secs] 
2016-09-24T01:15:07.892-0400: 265.210: [GC (GCLocker Initiated GC) [PSYoungGen: 173594K->55191K(175104K)] 579524K->503741K(699392K), 0.0137961 secs] [Times: user=0.10 sys=0.00, real=0.02 secs] 
2016-09-24T01:15:07.906-0400: 265.224: [Full GC (Ergonomics) [PSYoungGen: 55191K->0K(175104K)] [ParOldGen: 448550K->49298K(524288K)] 503741K->49298K(699392K), [Metaspace: 44566K->44566K(1087488K)], 0.0655491 secs] [Times: user=0.44 sys=0.00, real=0.06 secs] 
2016-09-24T01:15:08.065-0400: 265.383: [GC (Allocation Failure) [PSYoungGen: 88064K->86046K(175104K)] 137443K->153650K(699392K), 0.0081225 secs] [Times: user=0.09 sys=0.00, real=0.00 secs] 
2016-09-24T01:15:08.073-0400: 265.391: [GC (GCLocker Initiated GC) [PSYoungGen: 86048K->224K(175104K)] 153652K->165678K(699392K), 0.0152607 secs] [Times: user=0.19 sys=0.00, real=0.02 secs] 
2016-09-24T01:15:08.205-0400: 265.523: [GC (GCLocker Initiated GC) [PSYoungGen: 88288K->86146K(175104K)] 253749K->275907K(699392K), 0.0107075 secs] [Times: user=0.10 sys=0.00, real=0.01 secs] 
2016-09-24T01:15:08.319-0400: 265.637: [GC (GCLocker Initiated GC) [PSYoungGen: 174205K->24816K(175104K)] 364333K->264215K(699392K), 0.0328489 secs] [Times: user=0.38 sys=0.00, real=0.03 secs] 
2016-09-24T01:15:08.474-0400: 265.792: [GC (GCLocker Initiated GC) [PSYoungGen: 112880K->55479K(175104K)] 352389K->337641K(699392K), 0.0150710 secs] [Times: user=0.13 sys=0.00, real=0.02 secs] 
2016-09-24T01:15:08.621-0400: 265.939: [GC (GCLocker Initiated GC) [PSYoungGen: 143543K->49408K(175104K)] 431984K->344239K(699392K), 0.0120670 secs] [Times: user=0.10 sys=0.01, real=0.01 secs] 
2016-09-24T01:15:08.776-0400: 266.094: [GC (GCLocker Initiated GC) [PSYoungGen: 137472K->55319K(175104K)] 438655K->375174K(699392K), 0.0249033 secs] [Times: user=0.25 sys=0.00, real=0.02 secs] 
2016-09-24T01:15:08.922-0400: 266.240: [GC (GCLocker Initiated GC) [PSYoungGen: 143383K->43073K(175104K)] 469423K->387605K(699392K), 0.0093497 secs] [Times: user=0.09 sys=0.00, real=0.01 secs] 
2016-09-24T01:15:09.057-0400: 266.375: [GC (GCLocker Initiated GC) [PSYoungGen: 131137K->73448K(175104K)] 475907K->430456K(699392K), 0.0323339 secs] [Times: user=0.33 sys=0.00, real=0.03 secs] 
2016-09-24T01:15:09.205-0400: 266.523: [GC (GCLocker Initiated GC) [PSYoungGen: 161512K->36934K(175104K)] 518657K->424713K(699392K), 0.0187633 secs] [Times: user=0.16 sys=0.00, real=0.02 secs] 
2016-09-24T01:15:09.319-0400: 266.637: [GC (GCLocker Initiated GC) [PSYoungGen: 124998K->55223K(175104K)] 519012K->473780K(699392K), 0.0150236 secs] [Times: user=0.15 sys=0.00, real=0.02 secs] 
2016-09-24T01:15:09.458-0400: 266.776: [GC (GCLocker Initiated GC) [PSYoungGen: 143287K->86118K(175104K)] 562004K->559653K(699392K), 0.0111492 secs] [Times: user=0.11 sys=0.00, real=0.01 secs] 
2016-09-24T01:15:09.469-0400: 266.787: [Full GC (Ergonomics) [PSYoungGen: 86118K->0K(175104K)] [ParOldGen: 473535K->55432K(524288K)] 559653K->55432K(699392K), [Metaspace: 44568K->44568K(1087488K)], 0.0590300 secs] [Times: user=0.31 sys=0.01, real=0.06 secs] 
2016-09-24T01:15:09.655-0400: 266.973: [GC (GCLocker Initiated GC) [PSYoungGen: 88064K->61554K(175104K)] 149798K->123288K(699392K), 0.0166616 secs] [Times: user=0.14 sys=0.01, real=0.01 secs] 
2016-09-24T01:15:09.812-0400: 267.130: [GC (Allocation Failure) [PSYoungGen: 149618K->37194K(175104K)] 217542K->172482K(699392K), 0.0157392 secs] [Times: user=0.18 sys=0.00, real=0.02 secs] 
2016-09-24T01:15:09.929-0400: 267.247: [GC (GCLocker Initiated GC) [PSYoungGen: 124148K->85886K(175104K)] 265512K->227729K(699392K), 0.0083410 secs] [Times: user=0.08 sys=0.00, real=0.01 secs] 
2016-09-24T01:15:10.064-0400: 267.382: [GC (Allocation Failure) [PSYoungGen: 173950K->49440K(175104K)] 321999K->234066K(699392K), 0.0220057 secs] [Times: user=0.29 sys=0.01, real=0.02 secs] 
2016-09-24T01:15:10.087-0400: 267.405: [GC (GCLocker Initiated GC) [PSYoungGen: 49841K->128K(175104K)] 234467K->239939K(699392K), 0.0072050 secs] [Times: user=0.06 sys=0.00, real=0.01 secs] 
2016-09-24T01:15:10.198-0400: 267.516: [GC (GCLocker Initiated GC) [PSYoungGen: 82800K->79907K(175104K)] 328687K->325802K(699392K), 0.0095360 secs] [Times: user=0.08 sys=0.00, real=0.01 secs] 
2016-09-24T01:15:10.308-0400: 267.626: [GC (GCLocker Initiated GC) [PSYoungGen: 167971K->67697K(175104K)] 420241K->375189K(699392K), 0.0116408 secs] [Times: user=0.13 sys=0.00, real=0.01 secs] 
2016-09-24T01:15:10.457-0400: 267.775: [GC (GCLocker Initiated GC) [PSYoungGen: 155761K->73804K(175104K)] 463439K->430710K(699392K), 0.0105339 secs] [Times: user=0.11 sys=0.00, real=0.01 secs] 
2016-09-24T01:15:10.585-0400: 267.903: [GC (GCLocker Initiated GC) [PSYoungGen: 161868K->73608K(175104K)] 518944K->430984K(699392K), 0.0214186 secs] [Times: user=0.26 sys=0.01, real=0.02 secs] 
2016-09-24T01:15:10.726-0400: 268.044: [GC (GCLocker Initiated GC) [PSYoungGen: 161672K->37290K(175104K)] 531497K->425443K(699392K), 0.0070250 secs] [Times: user=0.06 sys=0.00, real=0.00 secs] 
2016-09-24T01:15:10.857-0400: 268.175: [GC (GCLocker Initiated GC) [PSYoungGen: 125354K->86118K(175104K)] 513616K->480771K(699392K), 0.0135850 secs] [Times: user=0.17 sys=0.01, real=0.01 secs] 
2016-09-24T01:15:11.008-0400: 268.326: [GC (Allocation Failure) [PSYoungGen: 174182K->73444K(175104K)] 575254K->492845K(699392K), 0.0167410 secs] [Times: user=0.22 sys=0.00, real=0.02 secs] 
2016-09-24T01:15:11.025-0400: 268.343: [GC (GCLocker Initiated GC) [PSYoungGen: 73874K->192K(175104K)] 493274K->492699K(699392K), 0.0096548 secs] [Times: user=0.10 sys=0.00, real=0.01 secs] 
2016-09-24T01:15:11.035-0400: 268.353: [Full GC (Ergonomics) [PSYoungGen: 192K->0K(175104K)] [ParOldGen: 492507K->53545K(524288K)] 492699K->53545K(699392K), [Metaspace: 44570K->44570K(1087488K)], 0.0668749 secs] [Times: user=0.75 sys=0.00, real=0.06 secs] 
2016-09-24T01:15:11.218-0400: 268.536: [GC (GCLocker Initiated GC) [PSYoungGen: 84439K->86702K(175104K)] 144059K->152397K(699392K), 0.0113007 secs] [Times: user=0.17 sys=0.00, real=0.01 secs] 
2016-09-24T01:15:11.333-0400: 268.651: [GC (GCLocker Initiated GC) [PSYoungGen: 174766K->43169K(175104K)] 240576K->146281K(699392K), 0.0107866 secs] [Times: user=0.09 sys=0.00, real=0.02 secs] 
2016-09-24T01:15:11.492-0400: 268.810: [GC (GCLocker Initiated GC) [PSYoungGen: 131233K->55415K(175104K)] 240618K->183145K(699392K), 0.0111330 secs] [Times: user=0.12 sys=0.00, real=0.02 secs] 
2016-09-24T01:15:11.628-0400: 268.946: [GC (GCLocker Initiated GC) [PSYoungGen: 143479K->85466K(175104K)] 271369K->225781K(699392K), 0.0180670 secs] [Times: user=0.18 sys=0.00, real=0.02 secs] 
2016-09-24T01:15:11.737-0400: 269.055: [GC (GCLocker Initiated GC) [PSYoungGen: 173530K->43201K(175104K)] 319956K->256587K(699392K), 0.0181132 secs] [Times: user=0.19 sys=0.01, real=0.02 secs] 
2016-09-24T01:15:11.872-0400: 269.190: [GC (GCLocker Initiated GC) [PSYoungGen: 131265K->86118K(175104K)] 345019K->324487K(699392K), 0.0276405 secs] [Times: user=0.33 sys=0.01, real=0.03 secs] 
2016-09-24T01:15:12.034-0400: 269.352: [GC (GCLocker Initiated GC) [PSYoungGen: 174182K->55415K(175104K)] 425017K->324759K(699392K), 0.0081244 secs] [Times: user=0.07 sys=0.00, real=0.01 secs] 
2016-09-24T01:15:12.196-0400: 269.514: [GC (GCLocker Initiated GC) [PSYoungGen: 143479K->55419K(175104K)] 412920K->325136K(699392K), 0.0153799 secs] [Times: user=0.20 sys=0.00, real=0.01 secs] 
2016-09-24T01:15:12.312-0400: 269.630: [GC (GCLocker Initiated GC) [PSYoungGen: 143483K->85822K(175104K)] 413236K->398252K(699392K), 0.0112815 secs] [Times: user=0.17 sys=0.00, real=0.02 secs] 
2016-09-24T01:15:12.443-0400: 269.761: [GC (GCLocker Initiated GC) [PSYoungGen: 173886K->55155K(175104K)] 486460K->434830K(699392K), 0.0227483 secs] [Times: user=0.24 sys=0.00, real=0.02 secs] 
2016-09-24T01:15:12.562-0400: 269.880: [GC (Allocation Failure) [PSYoungGen: 143219K->43073K(175104K)] 523014K->489837K(699392K), 0.0115073 secs] [Times: user=0.12 sys=0.00, real=0.01 secs] 
2016-09-24T01:15:12.573-0400: 269.891: [Full GC (Ergonomics) [PSYoungGen: 43073K->0K(175104K)] [ParOldGen: 446764K->47770K(524288K)] 489837K->47770K(699392K), [Metaspace: 44590K->44590K(1087488K)], 0.0574338 secs] [Times: user=0.41 sys=0.01, real=0.06 secs] 
2016-09-24T01:15:12.731-0400: 270.049: [GC (GCLocker Initiated GC) [PSYoungGen: 88064K->86570K(175104K)] 135839K->140421K(699392K), 0.0100810 secs] [Times: user=0.13 sys=0.00, real=0.01 secs] 
2016-09-24T01:15:12.861-0400: 270.179: [GC (Allocation Failure) [PSYoungGen: 174634K->85854K(175104K)] 228711K->183176K(699392K), 0.0187396 secs] [Times: user=0.27 sys=0.00, real=0.02 secs] 
2016-09-24T01:15:13.012-0400: 270.330: [GC (GCLocker Initiated GC) [PSYoungGen: 173131K->55547K(175104K)] 276528K->195701K(699392K), 0.0113584 secs] [Times: user=0.13 sys=0.00, real=0.02 secs] 
2016-09-24T01:15:13.140-0400: 270.458: [GC (GCLocker Initiated GC) [PSYoungGen: 143611K->61298K(175104K)] 283868K->201806K(699392K), 0.0180571 secs] [Times: user=0.18 sys=0.00, real=0.02 secs] 
2016-09-24T01:15:13.302-0400: 270.620: [GC (GCLocker Initiated GC) [PSYoungGen: 149362K->37162K(175104K)] 296256K->232751K(699392K), 0.0161854 secs] [Times: user=0.14 sys=0.00, real=0.02 secs] 
2016-09-24T01:15:13.428-0400: 270.746: [GC (GCLocker Initiated GC) [PSYoungGen: 125226K->85726K(175104K)] 320863K->281638K(699392K), 0.0096652 secs] [Times: user=0.08 sys=0.00, real=0.01 secs] 
2016-09-24T01:15:13.542-0400: 270.860: [GC (GCLocker Initiated GC) [PSYoungGen: 173790K->43105K(175104K)] 369873K->275749K(699392K), 0.0312214 secs] [Times: user=0.28 sys=0.01, real=0.03 secs] 
2016-09-24T01:15:13.717-0400: 271.035: [GC (Allocation Failure) [PSYoungGen: 131169K->55711K(175104K)] 376307K->301125K(699392K), 0.0215613 secs] [Times: user=0.22 sys=0.00, real=0.02 secs] 
2016-09-24T01:15:13.863-0400: 271.181: [GC (GCLocker Initiated GC) [PSYoungGen: 143775K->55451K(175104K)] 389189K->319373K(699392K), 0.0358469 secs] [Times: user=0.38 sys=0.00, real=0.03 secs] 
2016-09-24T01:15:14.016-0400: 271.334: [GC (GCLocker Initiated GC) [PSYoungGen: 143515K->79391K(175104K)] 407540K->367984K(699392K), 0.0309547 secs] [Times: user=0.33 sys=0.00, real=0.03 secs] 
2016-09-24T01:15:14.155-0400: 271.473: [GC (GCLocker Initiated GC) [PSYoungGen: 167455K->73676K(175104K)] 456101K->411050K(699392K), 0.0331825 secs] [Times: user=0.38 sys=0.00, real=0.03 secs] 
2016-09-24T01:15:14.342-0400: 271.660: [GC (Allocation Failure) [PSYoungGen: 161737K->43333K(175104K)] 505519K->454395K(699392K), 0.0326422 secs] [Times: user=0.36 sys=0.00, real=0.03 secs] 
2016-09-24T01:15:14.498-0400: 271.816: [GC (GCLocker Initiated GC) [PSYoungGen: 128545K->55287K(175104K)] 545683K->472668K(699392K), 0.0125098 secs] [Times: user=0.12 sys=0.00, real=0.01 secs] 
2016-09-24T01:15:14.635-0400: 271.953: [GC (GCLocker Initiated GC) [PSYoungGen: 143351K->73672K(175104K)] 561093K->509806K(699392K), 0.0105852 secs] [Times: user=0.12 sys=0.01, real=0.01 secs] 
2016-09-24T01:15:14.767-0400: 272.085: [GC (Allocation Failure) [PSYoungGen: 161736K->55451K(175104K)] 598226K->510417K(699392K), 0.0083735 secs] [Times: user=0.08 sys=0.00, real=0.01 secs] 
2016-09-24T01:15:14.775-0400: 272.093: [Full GC (Ergonomics) [PSYoungGen: 55451K->0K(175104K)] [ParOldGen: 454966K->47959K(524288K)] 510417K->47959K(699392K), [Metaspace: 44595K->44595K(1087488K)], 0.0688391 secs] [Times: user=0.38 sys=0.01, real=0.07 secs] 
2016-09-24T01:15:14.956-0400: 272.274: [GC (GCLocker Initiated GC) [PSYoungGen: 88064K->85790K(175104K)] 136029K->133755K(699392K), 0.0096306 secs] [Times: user=0.10 sys=0.00, real=0.01 secs] 
2016-09-24T01:15:15.088-0400: 272.406: [GC (GCLocker Initiated GC) [PSYoungGen: 173854K->61426K(175104K)] 222058K->146511K(699392K), 0.0093838 secs] [Times: user=0.08 sys=0.00, real=0.01 secs] 
2016-09-24T01:15:15.233-0400: 272.551: [GC (GCLocker Initiated GC) [PSYoungGen: 149490K->73676K(175104K)] 234592K->177098K(699392K), 0.0124240 secs] [Times: user=0.12 sys=0.00, real=0.02 secs] 
2016-09-24T01:15:15.343-0400: 272.661: [GC (GCLocker Initiated GC) [PSYoungGen: 161740K->79683K(175104K)] 265400K->201867K(699392K), 0.0091991 secs] [Times: user=0.09 sys=0.00, real=0.00 secs] 
2016-09-24T01:15:15.481-0400: 272.799: [GC (GCLocker Initiated GC) [PSYoungGen: 167747K->67469K(175104K)] 296083K->256831K(699392K), 0.0227141 secs] [Times: user=0.25 sys=0.00, real=0.03 secs] 
2016-09-24T01:15:15.639-0400: 272.957: [GC (GCLocker Initiated GC) [PSYoungGen: 155533K->61330K(175104K)] 345043K->281491K(699392K), 0.0184647 secs] [Times: user=0.17 sys=0.00, real=0.02 secs] 
2016-09-24T01:15:15.796-0400: 273.114: [GC (GCLocker Initiated GC) [PSYoungGen: 149394K->49016K(175104K)] 375671K->293770K(699392K), 0.0251223 secs] [Times: user=0.24 sys=0.00, real=0.02 secs] 
2016-09-24T01:15:15.919-0400: 273.237: [GC (GCLocker Initiated GC) [PSYoungGen: 137080K->73480K(175104K)] 387957K->342685K(699392K), 0.0228630 secs] [Times: user=0.23 sys=0.00, real=0.03 secs] 
2016-09-24T01:15:16.069-0400: 273.387: [GC (GCLocker Initiated GC) [PSYoungGen: 161544K->55123K(175104K)] 436884K->391496K(699392K), 0.0120971 secs] [Times: user=0.12 sys=0.00, real=0.01 secs] 
2016-09-24T01:15:16.215-0400: 273.533: [GC (GCLocker Initiated GC) [PSYoungGen: 143187K->61558K(175104K)] 491831K->422471K(699392K), 0.0107432 secs] [Times: user=0.08 sys=0.01, real=0.01 secs] 
2016-09-24T01:15:16.367-0400: 273.685: [GC (GCLocker Initiated GC) [PSYoungGen: 149622K->18901K(175104K)] 529099K->435252K(699392K), 0.0089993 secs] [Times: user=0.09 sys=0.00, real=0.01 secs] 
2016-09-24T01:15:16.491-0400: 273.809: [GC (GCLocker Initiated GC) [PSYoungGen: 106965K->55287K(175104K)] 529696K->478130K(699392K), 0.0146237 secs] [Times: user=0.18 sys=0.00, real=0.02 secs] 
2016-09-24T01:15:16.635-0400: 273.953: [GC (GCLocker Initiated GC) [PSYoungGen: 143351K->49084K(175104K)] 566471K->496599K(699392K), 0.0360666 secs] [Times: user=0.35 sys=0.00, real=0.03 secs] 
2016-09-24T01:15:16.776-0400: 274.093: [GC (GCLocker Initiated GC) [PSYoungGen: 137148K->43400K(175104K)] 584951K->521855K(699392K), 0.0148448 secs] [Times: user=0.15 sys=0.01, real=0.01 secs] 
2016-09-24T01:15:16.790-0400: 274.108: [Full GC (Ergonomics) [PSYoungGen: 43400K->0K(175104K)] [ParOldGen: 478454K->41907K(524288K)] 521855K->41907K(699392K), [Metaspace: 44595K->44595K(1087488K)], 0.0577527 secs] [Times: user=0.29 sys=0.01, real=0.06 secs] 
2016-09-24T01:15:16.963-0400: 274.281: [GC (GCLocker Initiated GC) [PSYoungGen: 88064K->79487K(175104K)] 130114K->121537K(699392K), 0.0122518 secs] [Times: user=0.12 sys=0.00, real=0.01 secs] 
2016-09-24T01:15:17.084-0400: 274.402: [GC (GCLocker Initiated GC) [PSYoungGen: 167551K->86118K(175104K)] 209688K->164848K(699392K), 0.0252852 secs] [Times: user=0.35 sys=0.00, real=0.02 secs] 
2016-09-24T01:15:17.249-0400: 274.567: [GC (Allocation Failure) [PSYoungGen: 174182K->67337K(175104K)] 259186K->213522K(699392K), 0.0146475 secs] [Times: user=0.19 sys=0.00, real=0.02 secs] 
2016-09-24T01:15:17.399-0400: 274.717: [GC (GCLocker Initiated GC) [PSYoungGen: 155401K->55743K(175104K)] 301586K->238522K(699392K), 0.0088312 secs] [Times: user=0.11 sys=0.00, real=0.01 secs] 
2016-09-24T01:15:17.515-0400: 274.833: [GC (GCLocker Initiated GC) [PSYoungGen: 143807K->86150K(175104K)] 326868K->293999K(699392K), 0.0119897 secs] [Times: user=0.16 sys=0.00, real=0.01 secs] 
2016-09-24T01:15:17.660-0400: 274.978: [GC (GCLocker Initiated GC) [PSYoungGen: 174214K->43301K(175104K)] 388219K->287784K(699392K), 0.0080738 secs] [Times: user=0.07 sys=0.00, real=0.01 secs] 
2016-09-24T01:15:17.779-0400: 275.097: [GC (GCLocker Initiated GC) [PSYoungGen: 131365K->61362K(175104K)] 382205K->336794K(699392K), 0.0092562 secs] [Times: user=0.10 sys=0.00, real=0.01 secs] 
2016-09-24T01:15:17.898-0400: 275.216: [GC (GCLocker Initiated GC) [PSYoungGen: 149426K->73608K(175104K)] 431116K->355581K(699392K), 0.0195582 secs] [Times: user=0.21 sys=0.00, real=0.02 secs] 
2016-09-24T01:15:18.047-0400: 275.365: [GC (GCLocker Initiated GC) [PSYoungGen: 161672K->67241K(175104K)] 449896K->373966K(699392K), 0.0179163 secs] [Times: user=0.18 sys=0.00, real=0.02 secs] 
2016-09-24T01:15:18.197-0400: 275.515: [GC (GCLocker Initiated GC) [PSYoungGen: 155305K->55255K(175104K)] 468298K->398758K(699392K), 0.0120726 secs] [Times: user=0.11 sys=0.01, real=0.01 secs] 
2016-09-24T01:15:18.325-0400: 275.643: [GC (GCLocker Initiated GC) [PSYoungGen: 143319K->55647K(175104K)] 493057K->423878K(699392K), 0.0361135 secs] [Times: user=0.40 sys=0.00, real=0.03 secs] 
2016-09-24T01:15:18.474-0400: 275.792: [GC (GCLocker Initiated GC) [PSYoungGen: 143711K->61462K(175104K)] 512050K->454213K(699392K), 0.0161751 secs] [Times: user=0.13 sys=0.01, real=0.02 secs] 
2016-09-24T01:15:18.629-0400: 275.947: [GC (GCLocker Initiated GC) [PSYoungGen: 149526K->55223K(175104K)] 542599K->466937K(699392K), 0.0151134 secs] [Times: user=0.15 sys=0.00, real=0.02 secs] 
2016-09-24T01:15:18.754-0400: 276.072: [GC (GCLocker Initiated GC) [PSYoungGen: 143287K->55515K(175104K)] 561308K->473795K(699392K), 0.0071424 secs] [Times: user=0.07 sys=0.00, real=0.01 secs] 
2016-09-24T01:15:18.898-0400: 276.216: [GC (GCLocker Initiated GC) [PSYoungGen: 143579K->55123K(172032K)] 562007K->492075K(696320K), 0.0218656 secs] [Times: user=0.22 sys=0.01, real=0.02 secs] 
2016-09-24T01:15:19.043-0400: 276.361: [GC (GCLocker Initiated GC) [PSYoungGen: 143187K->73252K(173568K)] 580187K->510340K(697856K), 0.0187012 secs] [Times: user=0.17 sys=0.00, real=0.01 secs] 
2016-09-24T01:15:19.166-0400: 276.484: [GC (GCLocker Initiated GC) [PSYoungGen: 161316K->43105K(175104K)] 604790K->535306K(699392K), 0.0323301 secs] [Times: user=0.35 sys=0.00, real=0.03 secs] 
2016-09-24T01:15:19.198-0400: 276.516: [Full GC (Ergonomics) [PSYoungGen: 43105K->0K(175104K)] [ParOldGen: 492201K->48326K(524288K)] 535306K->48326K(699392K), [Metaspace: 44595K->44595K(1087488K)], 0.0541355 secs] [Times: user=0.25 sys=0.01, real=0.05 secs] 
2016-09-24T01:15:19.368-0400: 276.686: [GC (GCLocker Initiated GC) [PSYoungGen: 88064K->86178K(175104K)] 136572K->140761K(699392K), 0.0136970 secs] [Times: user=0.18 sys=0.02, real=0.02 secs] 
2016-09-24T01:15:19.503-0400: 276.821: [GC (GCLocker Initiated GC) [PSYoungGen: 174242K->73704K(175104K)] 235249K->171873K(699392K), 0.0171521 secs] [Times: user=0.20 sys=0.00, real=0.01 secs] 
2016-09-24T01:15:19.657-0400: 276.975: [GC (GCLocker Initiated GC) [PSYoungGen: 161768K->73640K(175104K)] 260097K->226779K(699392K), 0.0204185 secs] [Times: user=0.22 sys=0.00, real=0.02 secs] 
2016-09-24T01:15:19.804-0400: 277.122: [GC (GCLocker Initiated GC) [PSYoungGen: 161704K->25275K(175104K)] 327018K->202835K(699392K), 0.0165660 secs] [Times: user=0.14 sys=0.00, real=0.01 secs] 
2016-09-24T01:15:19.924-0400: 277.242: [GC (GCLocker Initiated GC) [PSYoungGen: 113339K->73576K(175104K)] 297144K->294130K(699392K), 0.0262994 secs] [Times: user=0.29 sys=0.00, real=0.02 secs] 
2016-09-24T01:15:20.078-0400: 277.396: [GC (Allocation Failure) [PSYoungGen: 161640K->85694K(175104K)] 382353K->330991K(699392K), 0.0171446 secs] [Times: user=0.16 sys=0.00, real=0.02 secs] 
2016-09-24T01:15:20.246-0400: 277.564: [GC (GCLocker Initiated GC) [PSYoungGen: 173758K->49276K(175104K)] 425130K->337373K(699392K), 0.0114056 secs] [Times: user=0.10 sys=0.00, real=0.01 secs] 
2016-09-24T01:15:20.391-0400: 277.709: [GC (GCLocker Initiated GC) [PSYoungGen: 137340K->85662K(175104K)] 425479K->374100K(699392K), 0.0125134 secs] [Times: user=0.14 sys=0.00, real=0.02 secs] 
2016-09-24T01:15:20.498-0400: 277.816: [GC (GCLocker Initiated GC) [PSYoungGen: 173726K->73836K(175104K)] 468426K->411393K(699392K), 0.0114596 secs] [Times: user=0.16 sys=0.00, real=0.01 secs] 
2016-09-24T01:15:20.640-0400: 277.958: [GC (GCLocker Initiated GC) [PSYoungGen: 161900K->85986K(175104K)] 505720K->448299K(699392K), 0.0114684 secs] [Times: user=0.10 sys=0.00, real=0.01 secs] 
2016-09-24T01:15:20.756-0400: 278.074: [GC (GCLocker Initiated GC) [PSYoungGen: 174050K->43073K(175104K)] 536634K->442226K(699392K), 0.0356317 secs] [Times: user=0.36 sys=0.00, real=0.03 secs] 
2016-09-24T01:15:20.926-0400: 278.244: [GC (GCLocker Initiated GC) [PSYoungGen: 131137K->85762K(175104K)] 530472K->497334K(699392K), 0.0294810 secs] [Times: user=0.27 sys=0.00, real=0.03 secs] 
2016-09-24T01:15:21.069-0400: 278.387: [GC (GCLocker Initiated GC) [PSYoungGen: 173826K->79651K(175104K)] 585614K->546405K(699392K), 0.0222953 secs] [Times: user=0.25 sys=0.01, real=0.02 secs] 
2016-09-24T01:15:21.091-0400: 278.409: [Full GC (Ergonomics) [PSYoungGen: 79651K->0K(175104K)] [ParOldGen: 466754K->54421K(524288K)] 546405K->54421K(699392K), [Metaspace: 44595K->44595K(1087488K)], 0.0698731 secs] [Times: user=0.47 sys=0.01, real=0.07 secs] 
2016-09-24T01:15:21.282-0400: 278.600: [GC (GCLocker Initiated GC) [PSYoungGen: 88064K->74028K(175104K)] 160911K->146875K(699392K), 0.0159357 secs] [Times: user=0.17 sys=0.00, real=0.02 secs] 
2016-09-24T01:15:21.419-0400: 278.737: [GC (GCLocker Initiated GC) [PSYoungGen: 162092K->55255K(175104K)] 235015K->165167K(699392K), 0.0135012 secs] [Times: user=0.14 sys=0.00, real=0.01 secs] 
2016-09-24T01:15:21.543-0400: 278.861: [GC (GCLocker Initiated GC) [PSYoungGen: 143319K->85758K(175104K)] 253379K->195938K(699392K), 0.0221939 secs] [Times: user=0.23 sys=0.01, real=0.02 secs] 
2016-09-24T01:15:21.683-0400: 279.001: [GC (Allocation Failure) [PSYoungGen: 173822K->86413K(175104K)] 284363K->239748K(699392K), 0.0306656 secs] [Times: user=0.36 sys=0.00, real=0.02 secs] 
2016-09-24T01:15:21.714-0400: 279.032: [GC (GCLocker Initiated GC) [PSYoungGen: 86427K->128K(175104K)] 239762K->245121K(699392K), 0.0097550 secs] [Times: user=0.07 sys=0.00, real=0.01 secs] 
2016-09-24T01:15:21.850-0400: 279.168: [GC (GCLocker Initiated GC) [PSYoungGen: 86074K->85790K(175104K)] 337143K->336858K(699392K), 0.0084631 secs] [Times: user=0.08 sys=0.01, real=0.01 secs] 
2016-09-24T01:15:21.972-0400: 279.290: [GC (Allocation Failure) [PSYoungGen: 173854K->61558K(175104K)] 425059K->367894K(699392K), 0.0106510 secs] [Times: user=0.10 sys=0.00, real=0.02 secs] 
2016-09-24T01:15:22.087-0400: 279.405: [GC (GCLocker Initiated GC) [PSYoungGen: 149306K->55287K(175104K)] 461717K->410514K(699392K), 0.0177515 secs] [Times: user=0.20 sys=0.00, real=0.02 secs] 
2016-09-24T01:15:22.236-0400: 279.554: [GC (GCLocker Initiated GC) [PSYoungGen: 143351K->73580K(175104K)] 498866K->429363K(699392K), 0.0238282 secs] [Times: user=0.23 sys=0.00, real=0.02 secs] 
2016-09-24T01:15:22.399-0400: 279.717: [GC (GCLocker Initiated GC) [PSYoungGen: 161644K->19260K(175104K)] 524091K->418466K(699392K), 0.0097100 secs] [Times: user=0.14 sys=0.00, real=0.01 secs] 
2016-09-24T01:15:22.514-0400: 279.832: [GC (GCLocker Initiated GC) [PSYoungGen: 107324K->55155K(175104K)] 512646K->460580K(699392K), 0.0064377 secs] [Times: user=0.07 sys=0.00, real=0.01 secs] 
2016-09-24T01:15:22.651-0400: 279.969: [GC (GCLocker Initiated GC) [PSYoungGen: 143219K->61494K(175104K)] 548815K->485450K(699392K), 0.0093782 secs] [Times: user=0.10 sys=0.00, real=0.01 secs] 
2016-09-24T01:15:22.765-0400: 280.083: [GC (GCLocker Initiated GC) [PSYoungGen: 149558K->73480K(175104K)] 579648K->522235K(699392K), 0.0090849 secs] [Times: user=0.08 sys=0.00, real=0.01 secs] 
2016-09-24T01:15:22.775-0400: 280.093: [Full GC (Ergonomics) [PSYoungGen: 73480K->0K(175104K)] [ParOldGen: 448755K->54436K(524288K)] 522235K->54436K(699392K), [Metaspace: 44595K->44595K(1087488K)], 0.0737566 secs] [Times: user=0.45 sys=0.02, real=0.07 secs] 
2016-09-24T01:15:22.980-0400: 280.298: [GC (GCLocker Initiated GC) [PSYoungGen: 88064K->85950K(175104K)] 142666K->146627K(699392K), 0.0095398 secs] [Times: user=0.10 sys=0.01, real=0.01 secs] 
2016-09-24T01:15:23.119-0400: 280.437: [GC (GCLocker Initiated GC) [PSYoungGen: 174014K->48888K(175104K)] 241121K->152945K(699392K), 0.0144107 secs] [Times: user=0.12 sys=0.00, real=0.01 secs] 
2016-09-24T01:15:23.248-0400: 280.566: [GC (GCLocker Initiated GC) [PSYoungGen: 136952K->61234K(175104K)] 241308K->165678K(699392K), 0.0074061 secs] [Times: user=0.05 sys=0.00, real=0.01 secs] 
2016-09-24T01:15:23.380-0400: 280.698: [GC (GCLocker Initiated GC) [PSYoungGen: 149298K->61198K(175104K)] 253895K->184296K(699392K), 0.0093752 secs] [Times: user=0.14 sys=0.00, real=0.01 secs] 
2016-09-24T01:15:23.508-0400: 280.826: [GC (GCLocker Initiated GC) [PSYoungGen: 149262K->73868K(175104K)] 278756K->227798K(699392K), 0.0099394 secs] [Times: user=0.13 sys=0.00, real=0.01 secs] 
2016-09-24T01:15:23.657-0400: 280.975: [GC (GCLocker Initiated GC) [PSYoungGen: 161932K->37258K(175104K)] 328233K->234209K(699392K), 0.0155861 secs] [Times: user=0.12 sys=0.01, real=0.01 secs] 
2016-09-24T01:15:23.805-0400: 281.123: [GC (GCLocker Initiated GC) [PSYoungGen: 125322K->73512K(175104K)] 328574K->276860K(699392K), 0.0219307 secs] [Times: user=0.20 sys=0.02, real=0.02 secs] 
2016-09-24T01:15:23.940-0400: 281.258: [GC (GCLocker Initiated GC) [PSYoungGen: 161576K->43009K(175104K)] 371429K->271175K(699392K), 0.0080380 secs] [Times: user=0.06 sys=0.00, real=0.01 secs] 
2016-09-24T01:15:24.063-0400: 281.381: [GC (GCLocker Initiated GC) [PSYoungGen: 131073K->49084K(175104K)] 359364K->295704K(699392K), 0.0082634 secs] [Times: user=0.06 sys=0.00, real=0.00 secs] 
2016-09-24T01:15:24.216-0400: 281.534: [GC (Allocation Failure) [PSYoungGen: 137148K->36966K(175104K)] 384016K->332694K(699392K), 0.0142976 secs] [Times: user=0.12 sys=0.01, real=0.01 secs] 
2016-09-24T01:15:24.328-0400: 281.646: [GC (GCLocker Initiated GC) [PSYoungGen: 125030K->79619K(175104K)] 420764K->375621K(699392K), 0.0268158 secs] [Times: user=0.32 sys=0.00, real=0.03 secs] 
2016-09-24T01:15:24.506-0400: 281.824: [GC (GCLocker Initiated GC) [PSYoungGen: 167683K->36834K(175104K)] 469846K->375722K(699392K), 0.0068828 secs] [Times: user=0.08 sys=0.00, real=0.00 secs] 
2016-09-24T01:15:24.640-0400: 281.958: [GC (GCLocker Initiated GC) [PSYoungGen: 124898K->85562K(175104K)] 463828K->461054K(699392K), 0.0122111 secs] [Times: user=0.16 sys=0.00, real=0.01 secs] 
2016-09-24T01:15:24.750-0400: 282.068: [GC (GCLocker Initiated GC) [PSYoungGen: 173626K->79715K(175104K)] 549294K->504142K(699392K), 0.0184938 secs] [Times: user=0.24 sys=0.00, real=0.02 secs] 
2016-09-24T01:15:24.885-0400: 282.203: [GC (GCLocker Initiated GC) [PSYoungGen: 167779K->61522K(175104K)] 598637K->529145K(699392K), 0.0127191 secs] [Times: user=0.14 sys=0.00, real=0.01 secs] 
2016-09-24T01:15:24.898-0400: 282.216: [Full GC (Ergonomics) [PSYoungGen: 61522K->0K(175104K)] [ParOldGen: 467623K->54887K(524288K)] 529145K->54887K(699392K), [Metaspace: 44595K->44595K(1087488K)], 0.0930281 secs] [Times: user=0.67 sys=0.01, real=0.09 secs] 
2016-09-24T01:15:25.118-0400: 282.436: [GC (GCLocker Initiated GC) [PSYoungGen: 88064K->85662K(175104K)] 143211K->140810K(699392K), 0.0308602 secs] [Times: user=0.33 sys=0.01, real=0.03 secs] 
2016-09-24T01:15:25.272-0400: 282.590: [GC (GCLocker Initiated GC) [PSYoungGen: 173726K->61362K(175104K)] 229162K->153508K(699392K), 0.0168967 secs] [Times: user=0.15 sys=0.00, real=0.02 secs] 
2016-09-24T01:15:25.413-0400: 282.731: [GC (GCLocker Initiated GC) [PSYoungGen: 149426K->85758K(175104K)] 241614K->202497K(699392K), 0.0155509 secs] [Times: user=0.15 sys=0.00, real=0.02 secs] 
2016-09-24T01:15:25.536-0400: 282.854: [GC (GCLocker Initiated GC) [PSYoungGen: 173822K->79847K(175104K)] 290923K->227614K(699392K), 0.0118757 secs] [Times: user=0.11 sys=0.00, real=0.01 secs] 
2016-09-24T01:15:25.674-0400: 282.992: [GC (GCLocker Initiated GC) [PSYoungGen: 167911K->30891K(175104K)] 315776K->215465K(699392K), 0.0186229 secs] [Times: user=0.16 sys=0.01, real=0.01 secs] 
2016-09-24T01:15:25.809-0400: 283.127: [GC (GCLocker Initiated GC) [PSYoungGen: 118955K->73772K(175104K)] 309802K->283128K(699392K), 0.0097672 secs] [Times: user=0.11 sys=0.00, real=0.01 secs] 
2016-09-24T01:15:25.929-0400: 283.247: [GC (Allocation Failure) [PSYoungGen: 161836K->73476K(175104K)] 371334K->301663K(699392K), 0.0259705 secs] [Times: user=0.27 sys=0.00, real=0.03 secs] 
2016-09-24T01:15:26.072-0400: 283.390: [GC (GCLocker Initiated GC) [PSYoungGen: 161540K->85986K(175104K)] 389732K->369013K(699392K), 0.0119907 secs] [Times: user=0.17 sys=0.00, real=0.02 secs] 
2016-09-24T01:15:26.211-0400: 283.529: [GC (GCLocker Initiated GC) [PSYoungGen: 174050K->61234K(175104K)] 457242K->375217K(699392K), 0.0124322 secs] [Times: user=0.09 sys=0.00, real=0.02 secs] 
2016-09-24T01:15:26.330-0400: 283.648: [GC (GCLocker Initiated GC) [PSYoungGen: 149298K->61394K(175104K)] 463339K->430269K(699392K), 0.0252750 secs] [Times: user=0.28 sys=0.00, real=0.03 secs] 
2016-09-24T01:15:26.469-0400: 283.787: [GC (GCLocker Initiated GC) [PSYoungGen: 149458K->85954K(175104K)] 518566K->491827K(699392K), 0.0209310 secs] [Times: user=0.24 sys=0.00, real=0.02 secs] 
2016-09-24T01:15:26.629-0400: 283.947: [GC (GCLocker Initiated GC) [PSYoungGen: 174018K->73380K(175104K)] 586131K->528466K(699392K), 0.0271348 secs] [Times: user=0.28 sys=0.01, real=0.03 secs] 
2016-09-24T01:15:26.769-0400: 284.087: [GC (GCLocker Initiated GC) [PSYoungGen: 161444K->67373K(175104K)] 616589K->546937K(699392K), 0.0136480 secs] [Times: user=0.12 sys=0.00, real=0.02 secs] 
2016-09-24T01:15:26.783-0400: 284.101: [Full GC (Ergonomics) [PSYoungGen: 67373K->0K(175104K)] [ParOldGen: 479564K->48842K(524288K)] 546937K->48842K(699392K), [Metaspace: 44595K->44595K(1087488K)], 0.0712710 secs] [Times: user=0.44 sys=0.00, real=0.07 secs] 
2016-09-24T01:15:26.986-0400: 284.304: [GC (Allocation Failure) [PSYoungGen: 88064K->80071K(175104K)] 136981K->128988K(699392K), 0.0079452 secs] [Times: user=0.06 sys=0.01, real=0.00 secs] 
2016-09-24T01:15:27.102-0400: 284.420: [GC (Allocation Failure) [PSYoungGen: 168135K->36998K(175104K)] 217052K->128947K(699392K), 0.0175870 secs] [Times: user=0.17 sys=0.00, real=0.01 secs] 
2016-09-24T01:15:27.244-0400: 284.562: [GC (GCLocker Initiated GC) [PSYoungGen: 121506K->67569K(175104K)] 219531K->165877K(699392K), 0.0160104 secs] [Times: user=0.15 sys=0.00, real=0.01 secs] 
2016-09-24T01:15:27.423-0400: 284.741: [GC (GCLocker Initiated GC) [PSYoungGen: 155633K->37290K(175104K)] 266558K->166903K(699392K), 0.0082864 secs] [Times: user=0.10 sys=0.00, real=0.00 secs] 
2016-09-24T01:15:27.559-0400: 284.877: [GC (Allocation Failure) [PSYoungGen: 125354K->55319K(175104K)] 255323K->185703K(699392K), 0.0103703 secs] [Times: user=0.07 sys=0.00, real=0.01 secs] 
2016-09-24T01:15:27.693-0400: 285.011: [GC (Allocation Failure) [PSYoungGen: 143383K->55319K(175104K)] 273773K->222450K(699392K), 0.0090228 secs] [Times: user=0.10 sys=0.00, real=0.02 secs] 
2016-09-24T01:15:27.703-0400: 285.021: [GC (GCLocker Initiated GC) [PSYoungGen: 55329K->96K(175104K)] 222461K->222215K(699392K), 0.0099222 secs] [Times: user=0.10 sys=0.00, real=0.00 secs] 
2016-09-24T01:15:27.826-0400: 285.144: [GC (GCLocker Initiated GC) [PSYoungGen: 88160K->61586K(175104K)] 310285K->283711K(699392K), 0.0454956 secs] [Times: user=0.42 sys=0.00, real=0.04 secs] 
2016-09-24T01:15:27.979-0400: 285.297: [GC (GCLocker Initiated GC) [PSYoungGen: 149650K->49084K(175104K)] 371805K->308221K(699392K), 0.0122275 secs] [Times: user=0.10 sys=0.00, real=0.01 secs] 
2016-09-24T01:15:28.105-0400: 285.423: [GC (GCLocker Initiated GC) [PSYoungGen: 137148K->85530K(175104K)] 396500K->393750K(699392K), 0.0384253 secs] [Times: user=0.41 sys=0.00, real=0.04 secs] 
2016-09-24T01:15:28.268-0400: 285.586: [GC (GCLocker Initiated GC) [PSYoungGen: 173594K->67469K(175104K)] 487942K->400169K(699392K), 0.0161694 secs] [Times: user=0.18 sys=0.00, real=0.02 secs] 
2016-09-24T01:15:28.408-0400: 285.726: [GC (GCLocker Initiated GC) [PSYoungGen: 155533K->73348K(175104K)] 488403K->424695K(699392K), 0.0274147 secs] [Times: user=0.31 sys=0.01, real=0.03 secs] 
2016-09-24T01:15:28.541-0400: 285.859: [GC (GCLocker Initiated GC) [PSYoungGen: 161412K->85986K(175104K)] 518877K->455720K(699392K), 0.0098271 secs] [Times: user=0.10 sys=0.00, real=0.01 secs] 
2016-09-24T01:15:28.676-0400: 285.994: [GC (GCLocker Initiated GC) [PSYoungGen: 174050K->43137K(175104K)] 543864K->480248K(699392K), 0.0228857 secs] [Times: user=0.24 sys=0.00, real=0.02 secs] 
2016-09-24T01:15:28.814-0400: 286.132: [GC (GCLocker Initiated GC) [PSYoungGen: 131201K->85890K(175104K)] 568684K->529560K(699392K), 0.0097408 secs] [Times: user=0.10 sys=0.00, real=0.01 secs] 
2016-09-24T01:15:28.931-0400: 286.249: [GC (Allocation Failure) [PSYoungGen: 173954K->73640K(175104K)] 617951K->554566K(699392K), 0.0171371 secs] [Times: user=0.20 sys=0.00, real=0.02 secs] 
2016-09-24T01:15:28.948-0400: 286.266: [Full GC (Ergonomics) [PSYoungGen: 73640K->0K(175104K)] [ParOldGen: 480926K->54999K(524288K)] 554566K->54999K(699392K), [Metaspace: 44595K->44595K(1087488K)], 0.0616808 secs] [Times: user=0.32 sys=0.02, real=0.06 secs] 
2016-09-24T01:15:29.110-0400: 286.428: [GC (GCLocker Initiated GC) [PSYoungGen: 88064K->73704K(175104K)] 143069K->128709K(699392K), 0.0146892 secs] [Times: user=0.17 sys=0.01, real=0.02 secs] 
2016-09-24T01:15:29.241-0400: 286.559: [GC (GCLocker Initiated GC) [PSYoungGen: 161768K->85826K(175104K)] 216821K->147485K(699392K), 0.0182495 secs] [Times: user=0.23 sys=0.00, real=0.02 secs] 
2016-09-24T01:15:29.379-0400: 286.697: [GC (Allocation Failure) [PSYoungGen: 173890K->61490K(175104K)] 235765K->196736K(699392K), 0.0256414 secs] [Times: user=0.34 sys=0.00, real=0.03 secs] 
2016-09-24T01:15:29.499-0400: 286.817: [GC (GCLocker Initiated GC) [PSYoungGen: 149554K->73672K(175104K)] 284806K->251725K(699392K), 0.0305648 secs] [Times: user=0.41 sys=0.00, real=0.03 secs] 
2016-09-24T01:15:29.651-0400: 286.969: [GC (GCLocker Initiated GC) [PSYoungGen: 161736K->85726K(175104K)] 339842K->300573K(699392K), 0.0189801 secs] [Times: user=0.20 sys=0.00, real=0.02 secs] 
2016-09-24T01:15:29.810-0400: 287.128: [GC (GCLocker Initiated GC) [PSYoungGen: 173790K->85626K(175104K)] 394828K->349652K(699392K), 0.0197455 secs] [Times: user=0.22 sys=0.00, real=0.02 secs] 
2016-09-24T01:15:29.932-0400: 287.250: [GC (GCLocker Initiated GC) [PSYoungGen: 173690K->55191K(175104K)] 437870K->355948K(699392K), 0.0108455 secs] [Times: user=0.10 sys=0.00, real=0.02 secs] 
2016-09-24T01:15:30.075-0400: 287.393: [GC (GCLocker Initiated GC) [PSYoungGen: 143253K->43073K(175104K)] 456510K->393040K(699392K), 0.0166959 secs] [Times: user=0.14 sys=0.00, real=0.01 secs] 
2016-09-24T01:15:30.229-0400: 287.547: [GC (GCLocker Initiated GC) [PSYoungGen: 131137K->73772K(175104K)] 481409K->424311K(699392K), 0.0106112 secs] [Times: user=0.10 sys=0.00, real=0.01 secs] 
2016-09-24T01:15:30.349-0400: 287.667: [GC (GCLocker Initiated GC) [PSYoungGen: 161836K->55319K(175104K)] 512671K->424491K(699392K), 0.0259811 secs] [Times: user=0.31 sys=0.00, real=0.03 secs] 
2016-09-24T01:15:30.488-0400: 287.806: [GC (GCLocker Initiated GC) [PSYoungGen: 143383K->85662K(175104K)] 518683K->491425K(699392K), 0.0181375 secs] [Times: user=0.22 sys=0.00, real=0.02 secs] 
2016-09-24T01:15:30.655-0400: 287.973: [GC (GCLocker Initiated GC) [PSYoungGen: 173726K->37649K(175104K)] 597901K->516627K(699392K), 0.0212628 secs] [Times: user=0.26 sys=0.00, real=0.02 secs] 
2016-09-24T01:15:30.677-0400: 287.995: [Full GC (Ergonomics) [PSYoungGen: 37649K->0K(175104K)] [ParOldGen: 478977K->54222K(524288K)] 516627K->54222K(699392K), [Metaspace: 44595K->44595K(1087488K)], 0.0553318 secs] [Times: user=0.27 sys=0.01, real=0.05 secs] 
2016-09-24T01:15:30.867-0400: 288.185: [GC (GCLocker Initiated GC) [PSYoungGen: 88064K->73708K(175104K)] 148560K->134204K(699392K), 0.0082803 secs] [Times: user=0.07 sys=0.00, real=0.01 secs] 
2016-09-24T01:15:31.006-0400: 288.324: [GC (GCLocker Initiated GC) [PSYoungGen: 161772K->61626K(175104K)] 222544K->159108K(699392K), 0.0338623 secs] [Times: user=0.38 sys=0.00, real=0.03 secs] 
2016-09-24T01:15:31.172-0400: 288.490: [GC (Allocation Failure) [PSYoungGen: 149690K->37453K(175104K)] 259565K->165861K(699392K), 0.0059777 secs] [Times: user=0.07 sys=0.00, real=0.01 secs] 
2016-09-24T01:15:31.178-0400: 288.496: [GC (GCLocker Initiated GC) [PSYoungGen: 38035K->128K(175104K)] 166443K->165634K(699392K), 0.0058428 secs] [Times: user=0.05 sys=0.00, real=0.01 secs] 
2016-09-24T01:15:31.293-0400: 288.611: [GC (GCLocker Initiated GC) [PSYoungGen: 84252K->73936K(175104K)] 255834K->245517K(699392K), 0.0181709 secs] [Times: user=0.21 sys=0.01, real=0.02 secs] 
2016-09-24T01:15:31.431-0400: 288.749: [GC (GCLocker Initiated GC) [PSYoungGen: 162000K->79683K(175104K)] 333674K->288262K(699392K), 0.0123952 secs] [Times: user=0.13 sys=0.00, real=0.02 secs] 
2016-09-24T01:15:31.550-0400: 288.868: [GC (GCLocker Initiated GC) [PSYoungGen: 167747K->61362K(175104K)] 376530K->312766K(699392K), 0.0101461 secs] [Times: user=0.10 sys=0.00, real=0.01 secs] 
2016-09-24T01:15:31.663-0400: 288.981: [GC (GCLocker Initiated GC) [PSYoungGen: 149426K->85890K(175104K)] 400900K->386240K(699392K), 0.0126925 secs] [Times: user=0.14 sys=0.00, real=0.01 secs] 
2016-09-24T01:15:31.840-0400: 289.158: [GC (Allocation Failure) [PSYoungGen: 173954K->43037K(175104K)] 480476K->404533K(699392K), 0.0246023 secs] [Times: user=0.30 sys=0.00, real=0.03 secs] 
2016-09-24T01:15:31.969-0400: 289.287: [GC (GCLocker Initiated GC) [PSYoungGen: 131101K->73512K(175104K)] 492603K->435117K(699392K), 0.0231742 secs] [Times: user=0.28 sys=0.00, real=0.02 secs] 
2016-09-24T01:15:32.109-0400: 289.427: [GC (GCLocker Initiated GC) [PSYoungGen: 161576K->55351K(175104K)] 535333K->447609K(699392K), 0.0221836 secs] [Times: user=0.25 sys=0.00, real=0.02 secs] 
2016-09-24T01:15:32.254-0400: 289.572: [GC (GCLocker Initiated GC) [PSYoungGen: 143415K->37030K(175104K)] 541750K->435624K(699392K), 0.0132581 secs] [Times: user=0.13 sys=0.00, real=0.02 secs] 
2016-09-24T01:15:32.403-0400: 289.721: [GC (GCLocker Initiated GC) [PSYoungGen: 125094K->61298K(175104K)] 529934K->466234K(699392K), 0.0204779 secs] [Times: user=0.21 sys=0.00, real=0.02 secs] 
2016-09-24T01:15:32.550-0400: 289.868: [GC (GCLocker Initiated GC) [PSYoungGen: 149362K->37126K(175104K)] 572633K->497114K(699392K), 0.0113408 secs] [Times: user=0.12 sys=0.00, real=0.01 secs] 
2016-09-24T01:15:32.562-0400: 289.880: [Full GC (Ergonomics) [PSYoungGen: 37126K->0K(175104K)] [ParOldGen: 459988K->54382K(524288K)] 497114K->54382K(699392K), [Metaspace: 44595K->44595K(1087488K)], 0.0559989 secs] [Times: user=0.34 sys=0.01, real=0.06 secs] 
2016-09-24T01:15:32.740-0400: 290.058: [GC (GCLocker Initiated GC) [PSYoungGen: 88064K->55743K(175104K)] 142605K->110284K(699392K), 0.0257638 secs] [Times: user=0.34 sys=0.00, real=0.03 secs] 
2016-09-24T01:15:32.862-0400: 290.180: [GC (GCLocker Initiated GC) [PSYoungGen: 143807K->85922K(175104K)] 198373K->171146K(699392K), 0.0243446 secs] [Times: user=0.28 sys=0.00, real=0.02 secs] 
2016-09-24T01:15:33.016-0400: 290.334: [GC (GCLocker Initiated GC) [PSYoungGen: 173986K->42909K(175104K)] 265462K->207881K(699392K), 0.0267043 secs] [Times: user=0.28 sys=0.00, real=0.03 secs] 
2016-09-24T01:15:33.163-0400: 290.481: [GC (GCLocker Initiated GC) [PSYoungGen: 130973K->79587K(175104K)] 296009K->244742K(699392K), 0.0250766 secs] [Times: user=0.24 sys=0.01, real=0.02 secs] 
2016-09-24T01:15:33.296-0400: 290.614: [GC (GCLocker Initiated GC) [PSYoungGen: 167651K->37030K(175104K)] 338894K->257141K(699392K), 0.0296421 secs] [Times: user=0.28 sys=0.00, real=0.03 secs] 
2016-09-24T01:15:33.452-0400: 290.770: [GC (GCLocker Initiated GC) [PSYoungGen: 125094K->85498K(175104K)] 351484K->318231K(699392K), 0.0318080 secs] [Times: user=0.33 sys=0.00, real=0.04 secs] 
2016-09-24T01:15:33.599-0400: 290.917: [GC (GCLocker Initiated GC) [PSYoungGen: 173562K->61198K(175104K)] 406296K->354818K(699392K), 0.0142359 secs] [Times: user=0.17 sys=0.00, real=0.01 secs] 
2016-09-24T01:15:33.753-0400: 291.071: [GC (GCLocker Initiated GC) [PSYoungGen: 149262K->56202K(175104K)] 449279K->356379K(699392K), 0.0061479 secs] [Times: user=0.09 sys=0.00, real=0.01 secs] 
2016-09-24T01:15:33.891-0400: 291.209: [GC (GCLocker Initiated GC) [PSYoungGen: 144266K->73968K(175104K)] 444793K->375122K(699392K), 0.0093493 secs] [Times: user=0.14 sys=0.00, real=0.01 secs] 
2016-09-24T01:15:34.019-0400: 291.337: [GC (GCLocker Initiated GC) [PSYoungGen: 162032K->73672K(175104K)] 463215K->411457K(699392K), 0.0156448 secs] [Times: user=0.20 sys=0.00, real=0.02 secs] 
2016-09-24T01:15:34.128-0400: 291.446: [GC (GCLocker Initiated GC) [PSYoungGen: 161736K->79879K(175104K)] 499826K->454555K(699392K), 0.0144348 secs] [Times: user=0.19 sys=0.00, real=0.02 secs] 
2016-09-24T01:15:34.257-0400: 291.575: [GC (GCLocker Initiated GC) [PSYoungGen: 167943K->31410K(175104K)] 548858K->491625K(699392K), 0.0101136 secs] [Times: user=0.14 sys=0.01, real=0.01 secs] 
2016-09-24T01:15:34.267-0400: 291.585: [Full GC (Ergonomics) [PSYoungGen: 31410K->0K(175104K)] [ParOldGen: 460214K->54436K(524288K)] 491625K->54436K(699392K), [Metaspace: 44600K->44600K(1087488K)], 0.0709124 secs] [Times: user=0.43 sys=0.01, real=0.07 secs] 
2016-09-24T01:15:34.453-0400: 291.771: [GC (GCLocker Initiated GC) [PSYoungGen: 88064K->86342K(175104K)] 148617K->165120K(699392K), 0.0147909 secs] [Times: user=0.17 sys=0.00, real=0.02 secs] 
2016-09-24T01:15:34.554-0400: 291.872: [GC (GCLocker Initiated GC) [PSYoungGen: 174406K->73512K(175104K)] 253261K->195596K(699392K), 0.0291569 secs] [Times: user=0.29 sys=0.00, real=0.04 secs] 
2016-09-24T01:15:34.685-0400: 292.003: [GC (Allocation Failure) [PSYoungGen: 161576K->85790K(175104K)] 283852K->275035K(699392K), 0.0149051 secs] [Times: user=0.20 sys=0.00, real=0.01 secs] 
2016-09-24T01:15:34.820-0400: 292.138: [GC (GCLocker Initiated GC) [PSYoungGen: 173854K->73576K(175104K)] 363100K->299555K(699392K), 0.0092246 secs] [Times: user=0.12 sys=0.00, real=0.01 secs] 
2016-09-24T01:15:34.947-0400: 292.265: [GC (Allocation Failure) [PSYoungGen: 161640K->55415K(175104K)] 387801K->281719K(699392K), 0.0104928 secs] [Times: user=0.15 sys=0.00, real=0.01 secs] 
2016-09-24T01:15:35.053-0400: 292.371: [GC (GCLocker Initiated GC) [PSYoungGen: 139344K->73572K(175104K)] 371724K->324484K(699392K), 0.0120307 secs] [Times: user=0.16 sys=0.00, real=0.02 secs] 
2016-09-24T01:15:35.192-0400: 292.510: [GC (GCLocker Initiated GC) [PSYoungGen: 161634K->73968K(175104K)] 412913K->325397K(699392K), 0.0095534 secs] [Times: user=0.12 sys=0.00, real=0.01 secs] 
2016-09-24T01:15:35.317-0400: 292.635: [GC (GCLocker Initiated GC) [PSYoungGen: 162032K->55251K(175104K)] 413497K->355944K(699392K), 0.0110953 secs] [Times: user=0.17 sys=0.00, real=0.01 secs] 
2016-09-24T01:15:35.456-0400: 292.774: [GC (GCLocker Initiated GC) [PSYoungGen: 143315K->55679K(175104K)] 450242K->380974K(699392K), 0.0146443 secs] [Times: user=0.18 sys=0.00, real=0.01 secs] 
2016-09-24T01:15:35.590-0400: 292.908: [GC (GCLocker Initiated GC) [PSYoungGen: 143743K->61462K(175104K)] 469164K->405532K(699392K), 0.0103429 secs] [Times: user=0.08 sys=0.00, real=0.01 secs] 
2016-09-24T01:15:35.693-0400: 293.011: [GC (GCLocker Initiated GC) [PSYoungGen: 149526K->49080K(175104K)] 493739K->472559K(699392K), 0.0245758 secs] [Times: user=0.27 sys=0.00, real=0.03 secs] 
2016-09-24T01:15:35.843-0400: 293.161: [Full GC (Ergonomics) [PSYoungGen: 137144K->0K(175104K)] [ParOldGen: 429820K->54469K(524288K)] 566964K->54469K(699392K), [Metaspace: 44609K->44609K(1087488K)], 0.0557039 secs] [Times: user=0.34 sys=0.01, real=0.05 secs] 
2016-09-24T01:15:36.013-0400: 293.331: [GC (GCLocker Initiated GC) [PSYoungGen: 88064K->86406K(175104K)] 160995K->165412K(699392K), 0.0099980 secs] [Times: user=0.11 sys=0.00, real=0.02 secs] 
2016-09-24T01:15:36.136-0400: 293.454: [GC (GCLocker Initiated GC) [PSYoungGen: 174470K->74000K(175104K)] 253843K->208955K(699392K), 0.0140370 secs] [Times: user=0.19 sys=0.00, real=0.01 secs] 
2016-09-24T01:15:36.279-0400: 293.597: [GC (Allocation Failure) [PSYoungGen: 162064K->73868K(175104K)] 297290K->245860K(699392K), 0.0108430 secs] [Times: user=0.13 sys=0.00, real=0.01 secs] 
2016-09-24T01:15:36.415-0400: 293.733: [GC (GCLocker Initiated GC) [PSYoungGen: 161932K->73576K(175104K)] 333930K->264074K(699392K), 0.0096504 secs] [Times: user=0.10 sys=0.00, real=0.01 secs] 
2016-09-24T01:15:36.516-0400: 293.834: [GC (GCLocker Initiated GC) [PSYoungGen: 161640K->85822K(175104K)] 352381K->282774K(699392K), 0.0098024 secs] [Times: user=0.12 sys=0.00, real=0.01 secs] 
2016-09-24T01:15:36.648-0400: 293.966: [GC (GCLocker Initiated GC) [PSYoungGen: 173886K->61458K(175104K)] 370863K->295193K(699392K), 0.0097333 secs] [Times: user=0.11 sys=0.00, real=0.01 secs] 
2016-09-24T01:15:36.774-0400: 294.092: [GC (GCLocker Initiated GC) [PSYoungGen: 149522K->73540K(175104K)] 383299K->344083K(699392K), 0.0205741 secs] [Times: user=0.26 sys=0.00, real=0.02 secs] 
2016-09-24T01:15:36.903-0400: 294.221: [GC (GCLocker Initiated GC) [PSYoungGen: 161604K->55679K(175104K)] 438409K->423768K(699392K), 0.0196171 secs] [Times: user=0.24 sys=0.00, real=0.02 secs] 
2016-09-24T01:15:37.041-0400: 294.359: [GC (GCLocker Initiated GC) [PSYoungGen: 143743K->85662K(175104K)] 512025K->454212K(699392K), 0.0100502 secs] [Times: user=0.10 sys=0.00, real=0.01 secs] 
2016-09-24T01:15:37.154-0400: 294.472: [GC (GCLocker Initiated GC) [PSYoungGen: 173726K->79879K(175104K)] 542289K->466818K(699392K), 0.0124520 secs] [Times: user=0.13 sys=0.00, real=0.02 secs] 
2016-09-24T01:15:37.302-0400: 294.620: [GC (GCLocker Initiated GC) [PSYoungGen: 167943K->43105K(175104K)] 561190K->491303K(699392K), 0.0211357 secs] [Times: user=0.21 sys=0.00, real=0.02 secs] 
2016-09-24T01:15:37.324-0400: 294.642: [Full GC (Ergonomics) [PSYoungGen: 43105K->0K(175104K)] [ParOldGen: 448197K->48211K(524288K)] 491303K->48211K(699392K), [Metaspace: 44609K->44609K(1087488K)], 0.0533955 secs] [Times: user=0.34 sys=0.00, real=0.05 secs] 
2016-09-24T01:15:37.483-0400: 294.801: [GC (GCLocker Initiated GC) [PSYoungGen: 88064K->86274K(175104K)] 136333K->158843K(699392K), 0.0096950 secs] [Times: user=0.13 sys=0.01, real=0.00 secs] 
2016-09-24T01:15:37.637-0400: 294.955: [GC (GCLocker Initiated GC) [PSYoungGen: 174338K->43269K(175104K)] 259317K->207763K(699392K), 0.0144930 secs] [Times: user=0.15 sys=0.00, real=0.01 secs] 
2016-09-24T01:15:37.754-0400: 295.072: [GC (GCLocker Initiated GC) [PSYoungGen: 131333K->80075K(175104K)] 296149K->245214K(699392K), 0.0120618 secs] [Times: user=0.17 sys=0.00, real=0.02 secs] 
2016-09-24T01:15:37.903-0400: 295.221: [GC (GCLocker Initiated GC) [PSYoungGen: 168139K->74000K(175104K)] 333410K->294097K(699392K), 0.0119828 secs] [Times: user=0.15 sys=0.01, real=0.01 secs] 
2016-09-24T01:15:38.024-0400: 295.342: [GC (GCLocker Initiated GC) [PSYoungGen: 162064K->73444K(175104K)] 382221K->336426K(699392K), 0.0224864 secs] [Times: user=0.31 sys=0.00, real=0.02 secs] 
2016-09-24T01:15:38.159-0400: 295.477: [GC (GCLocker Initiated GC) [PSYoungGen: 161508K->85954K(175104K)] 424845K->379794K(699392K), 0.0137139 secs] [Times: user=0.17 sys=0.00, real=0.01 secs] 
2016-09-24T01:15:38.278-0400: 295.596: [GC (GCLocker Initiated GC) [PSYoungGen: 174018K->79747K(175104K)] 468179K->428875K(699392K), 0.0217029 secs] [Times: user=0.24 sys=0.00, real=0.02 secs] 
2016-09-24T01:15:38.416-0400: 295.734: [GC (GCLocker Initiated GC) [PSYoungGen: 167811K->43237K(175104K)] 523045K->434993K(699392K), 0.0135824 secs] [Times: user=0.10 sys=0.00, real=0.01 secs] 
2016-09-24T01:15:38.553-0400: 295.871: [GC (GCLocker Initiated GC) [PSYoungGen: 131301K->61622K(175104K)] 529134K->502271K(699392K), 0.0154265 secs] [Times: user=0.18 sys=0.00, real=0.02 secs] 
2016-09-24T01:15:38.568-0400: 295.886: [Full GC (Ergonomics) [PSYoungGen: 61622K->0K(175104K)] [ParOldGen: 440649K->54885K(524288K)] 502271K->54885K(699392K), [Metaspace: 44616K->44616K(1087488K)], 0.0479838 secs] [Times: user=0.34 sys=0.00, real=0.05 secs] 
2016-09-24T01:15:38.752-0400: 296.070: [GC (GCLocker Initiated GC) [PSYoungGen: 88064K->73904K(175104K)] 149301K->135141K(699392K), 0.0095376 secs] [Times: user=0.08 sys=0.00, real=0.01 secs] 
2016-09-24T01:15:38.885-0400: 296.203: [GC (GCLocker Initiated GC) [PSYoungGen: 161968K->43269K(175104K)] 229580K->147574K(699392K), 0.0130191 secs] [Times: user=0.12 sys=0.00, real=0.01 secs] 
2016-09-24T01:15:39.036-0400: 296.354: [GC (GCLocker Initiated GC) [PSYoungGen: 131333K->61526K(175104K)] 235752K->172288K(699392K), 0.0239154 secs] [Times: user=0.28 sys=0.00, real=0.02 secs] 
2016-09-24T01:15:39.278-0400: 296.596: [GC (Allocation Failure) [PSYoungGen: 149590K->49080K(175104K)] 260371K->160176K(699392K), 0.0057559 secs] [Times: user=0.07 sys=0.01, real=0.01 secs] 
2016-09-24T01:15:39.445-0400: 296.763: [GC (GCLocker Initiated GC) [PSYoungGen: 135622K->55287K(175104K)] 252793K->202952K(699392K), 0.0132967 secs] [Times: user=0.14 sys=0.00, real=0.01 secs] 
2016-09-24T01:15:39.605-0400: 296.923: [GC (GCLocker Initiated GC) [PSYoungGen: 143351K->86182K(175104K)] 291316K->240373K(699392K), 0.0110347 secs] [Times: user=0.15 sys=0.00, real=0.01 secs] 
2016-09-24T01:15:39.744-0400: 297.062: [GC (GCLocker Initiated GC) [PSYoungGen: 174246K->86150K(175104K)] 328591K->252936K(699392K), 0.0093627 secs] [Times: user=0.12 sys=0.00, real=0.00 secs] 
2016-09-24T01:15:39.868-0400: 297.186: [GC (GCLocker Initiated GC) [PSYoungGen: 174214K->80011K(175104K)] 341048K->277332K(699392K), 0.0135158 secs] [Times: user=0.14 sys=0.00, real=0.01 secs] 
2016-09-24T01:15:40.028-0400: 297.346: [GC (GCLocker Initiated GC) [PSYoungGen: 168075K->55191K(175104K)] 365444K->277168K(699392K), 0.0114533 secs] [Times: user=0.13 sys=0.00, real=0.01 secs] 
2016-09-24T01:15:40.217-0400: 297.535: [GC (Allocation Failure) [PSYoungGen: 143255K->61330K(175104K)] 371656K->289999K(699392K), 0.0220635 secs] [Times: user=0.23 sys=0.00, real=0.02 secs] 
2016-09-24T01:15:40.404-0400: 297.722: [GC (GCLocker Initiated GC) [PSYoungGen: 146656K->49635K(175104K)] 381400K->302739K(699392K), 0.0129235 secs] [Times: user=0.14 sys=0.00, real=0.01 secs] 
2016-09-24T01:15:40.587-0400: 297.905: [GC (GCLocker Initiated GC) [PSYoungGen: 137699K->55423K(175104K)] 396886K->314860K(699392K), 0.0106815 secs] [Times: user=0.09 sys=0.00, real=0.01 secs] 
2016-09-24T01:15:40.729-0400: 298.047: [GC (GCLocker Initiated GC) [PSYoungGen: 143487K->85790K(175104K)] 402977K->394204K(699392K), 0.0135661 secs] [Times: user=0.12 sys=0.00, real=0.02 secs] 
2016-09-24T01:15:40.917-0400: 298.235: [GC (GCLocker Initiated GC) [PSYoungGen: 173854K->30987K(175104K)] 482440K->418652K(699392K), 0.0217594 secs] [Times: user=0.22 sys=0.00, real=0.02 secs] 
2016-09-24T01:15:41.100-0400: 298.418: [GC (Allocation Failure) [PSYoungGen: 119051K->73548K(175104K)] 506863K->461612K(699392K), 0.0162934 secs] [Times: user=0.13 sys=0.00, real=0.02 secs] 
2016-09-24T01:15:41.259-0400: 298.577: [GC (GCLocker Initiated GC) [PSYoungGen: 161612K->67341K(175104K)] 549682K->473723K(699392K), 0.0164079 secs] [Times: user=0.13 sys=0.00, real=0.02 secs] 
2016-09-24T01:15:41.501-0400: 298.819: [GC (GCLocker Initiated GC) [PSYoungGen: 155405K->19036K(175104K)] 580272K->443967K(699392K), 0.0307017 secs] [Times: user=0.35 sys=0.01, real=0.03 secs] 
2016-09-24T01:15:41.697-0400: 299.015: [GC (GCLocker Initiated GC) [PSYoungGen: 107100K->61430K(175104K)] 532090K->486834K(699392K), 0.0143929 secs] [Times: user=0.14 sys=0.00, real=0.01 secs] 
2016-09-24T01:15:41.846-0400: 299.164: [GC (GCLocker Initiated GC) [PSYoungGen: 149494K->73448K(175104K)] 574969K->517439K(699392K), 0.0286937 secs] [Times: user=0.27 sys=0.00, real=0.03 secs] 
2016-09-24T01:15:42.068-0400: 299.386: [GC (GCLocker Initiated GC) [PSYoungGen: 161512K->73708K(175104K)] 605853K->536557K(699392K), 0.0306445 secs] [Times: user=0.33 sys=0.01, real=0.03 secs] 
2016-09-24T01:15:42.099-0400: 299.417: [Full GC (Ergonomics) [PSYoungGen: 73708K->0K(175104K)] [ParOldGen: 462849K->48840K(524288K)] 536557K->48840K(699392K), [Metaspace: 44646K->44646K(1087488K)], 0.0613897 secs] [Times: user=0.32 sys=0.00, real=0.06 secs] 
2016-09-24T01:15:42.378-0400: 299.696: [GC (GCLocker Initiated GC) [PSYoungGen: 88064K->37034K(175104K)] 143021K->91991K(699392K), 0.0122665 secs] [Times: user=0.12 sys=0.01, real=0.01 secs] 
2016-09-24T01:15:42.558-0400: 299.876: [GC (GCLocker Initiated GC) [PSYoungGen: 125098K->61394K(175104K)] 180062K->189714K(699392K), 0.0211610 secs] [Times: user=0.18 sys=0.00, real=0.02 secs] 
2016-09-24T01:15:42.757-0400: 300.075: [GC (GCLocker Initiated GC) [PSYoungGen: 149458K->37258K(175104K)] 296308K->184406K(699392K), 0.0332292 secs] [Times: user=0.31 sys=0.00, real=0.03 secs] 
2016-09-24T01:15:42.951-0400: 300.269: [GC (GCLocker Initiated GC) [PSYoungGen: 125322K->85890K(175104K)] 272719K->239645K(699392K), 0.0110470 secs] [Times: user=0.09 sys=0.01, real=0.02 secs] 
2016-09-24T01:15:43.139-0400: 300.457: [GC (Allocation Failure) [PSYoungGen: 173954K->73772K(175104K)] 334089K->234207K(699392K), 0.0133604 secs] [Times: user=0.11 sys=0.00, real=0.01 secs] 
2016-09-24T01:15:43.152-0400: 300.470: [GC (GCLocker Initiated GC) [PSYoungGen: 73777K->64K(175104K)] 234212K->221611K(699392K), 0.0144964 secs] [Times: user=0.14 sys=0.00, real=0.02 secs] 
2016-09-24T01:15:43.370-0400: 300.688: [GC (GCLocker Initiated GC) [PSYoungGen: 85437K->73964K(175104K)] 313059K->301586K(699392K), 0.0185344 secs] [Times: user=0.18 sys=0.00, real=0.02 secs] 
2016-09-24T01:15:43.588-0400: 300.906: [GC (GCLocker Initiated GC) [PSYoungGen: 162028K->55547K(175104K)] 395941K->308404K(699392K), 0.0162855 secs] [Times: user=0.14 sys=0.00, real=0.02 secs] 
2016-09-24T01:15:43.806-0400: 301.124: [GC (Allocation Failure) [PSYoungGen: 143611K->55547K(175104K)] 402871K->315082K(699392K), 0.0078686 secs] [Times: user=0.08 sys=0.00, real=0.00 secs] 
2016-09-24T01:15:44.018-0400: 301.336: [GC (GCLocker Initiated GC) [PSYoungGen: 143611K->55155K(175104K)] 403146K->314793K(699392K), 0.0145212 secs] [Times: user=0.13 sys=0.01, real=0.01 secs] 
2016-09-24T01:15:44.180-0400: 301.498: [GC (GCLocker Initiated GC) [PSYoungGen: 143219K->61202K(175104K)] 402859K->320954K(699392K), 0.0074538 secs] [Times: user=0.05 sys=0.00, real=0.01 secs] 
2016-09-24T01:15:44.343-0400: 301.661: [GC (Allocation Failure) [PSYoungGen: 149266K->49116K(175104K)] 409115K->327457K(699392K), 0.0316447 secs] [Times: user=0.29 sys=0.01, real=0.03 secs] 
2016-09-24T01:15:44.375-0400: 301.693: [GC (GCLocker Initiated GC) [PSYoungGen: 49121K->0K(175104K)] 327463K->351618K(699392K), 0.0082243 secs] [Times: user=0.10 sys=0.00, real=0.01 secs] 
2016-09-24T01:15:44.536-0400: 301.854: [GC (GCLocker Initiated GC) [PSYoungGen: 86299K->74644K(175104K)] 443992K->432337K(699392K), 0.0087865 secs] [Times: user=0.10 sys=0.00, real=0.01 secs] 
2016-09-24T01:15:44.782-0400: 302.100: [GC (GCLocker Initiated GC) [PSYoungGen: 162708K->37094K(175104K)] 526556K->420447K(699392K), 0.0075137 secs] [Times: user=0.08 sys=0.01, real=0.00 secs] 
2016-09-24T01:15:44.957-0400: 302.275: [GC (GCLocker Initiated GC) [PSYoungGen: 125158K->73412K(175104K)] 508574K->456956K(699392K), 0.0077233 secs] [Times: user=0.10 sys=0.00, real=0.01 secs] 
2016-09-24T01:15:45.141-0400: 302.459: [GC (GCLocker Initiated GC) [PSYoungGen: 161476K->55874K(175104K)] 551181K->445715K(699392K), 0.0114996 secs] [Times: user=0.16 sys=0.00, real=0.01 secs] 
2016-09-24T01:15:45.301-0400: 302.619: [GC (GCLocker Initiated GC) [PSYoungGen: 143938K->73640K(175104K)] 533898K->464095K(699392K), 0.0086138 secs] [Times: user=0.11 sys=0.00, real=0.01 secs] 
2016-09-24T01:15:45.494-0400: 302.812: [GC (GCLocker Initiated GC) [PSYoungGen: 161704K->61494K(175104K)] 552480K->470599K(699392K), 0.0154926 secs] [Times: user=0.16 sys=0.00, real=0.02 secs] 
2016-09-24T01:15:45.677-0400: 302.995: [GC (Allocation Failure) [PSYoungGen: 149558K->43041K(175104K)] 558956K->452690K(699392K), 0.0236094 secs] [Times: user=0.21 sys=0.01, real=0.02 secs] 
2016-09-24T01:15:45.890-0400: 303.208: [GC (GCLocker Initiated GC) [PSYoungGen: 131105K->73348K(175104K)] 540755K->483289K(699392K), 0.0150631 secs] [Times: user=0.16 sys=0.01, real=0.02 secs] 
2016-09-24T01:15:46.056-0400: 303.374: [GC (GCLocker Initiated GC) [PSYoungGen: 161412K->61526K(175104K)] 577459K->477708K(699392K), 0.0116372 secs] [Times: user=0.09 sys=0.00, real=0.01 secs] 
2016-09-24T01:15:46.227-0400: 303.545: [GC (GCLocker Initiated GC) [PSYoungGen: 149590K->61298K(175104K)] 565992K->520657K(699392K), 0.0365531 secs] [Times: user=0.35 sys=0.01, real=0.04 secs] 
2016-09-24T01:15:46.441-0400: 303.759: [GC (Allocation Failure) [PSYoungGen: 149362K->55191K(175104K)] 608958K->514867K(699392K), 0.0216513 secs] [Times: user=0.23 sys=0.01, real=0.03 secs] 
2016-09-24T01:15:46.651-0400: 303.969: [Full GC (Ergonomics) [PSYoungGen: 138538K->0K(175104K)] [ParOldGen: 465751K->48759K(524288K)] 604289K->48759K(699392K), [Metaspace: 44652K->44652K(1087488K)], 0.0884867 secs] [Times: user=0.60 sys=0.01, real=0.09 secs] 
2016-09-24T01:15:46.919-0400: 304.237: [GC (Allocation Failure) [PSYoungGen: 88064K->56194K(175104K)] 144113K->112244K(699392K), 0.0088347 secs] [Times: user=0.07 sys=0.00, real=0.01 secs] 
2016-09-24T01:15:47.101-0400: 304.419: [GC (GCLocker Initiated GC) [PSYoungGen: 144258K->55251K(143360K)] 200314K->148920K(667648K), 0.0174023 secs] [Times: user=0.22 sys=0.00, real=0.02 secs] 
2016-09-24T01:15:47.314-0400: 304.632: [GC (GCLocker Initiated GC) [PSYoungGen: 143315K->49276K(176128K)] 243225K->167554K(700416K), 0.0144389 secs] [Times: user=0.15 sys=0.00, real=0.01 secs] 
2016-09-24T01:15:47.489-0400: 304.807: [GC (GCLocker Initiated GC) [PSYoungGen: 138876K->73740K(174592K)] 257330K->222688K(698880K), 0.0128219 secs] [Times: user=0.13 sys=0.00, real=0.02 secs] 
2016-09-24T01:15:47.717-0400: 305.035: [GC (GCLocker Initiated GC) [PSYoungGen: 163340K->61266K(175616K)] 318411K->216776K(699904K), 0.0107051 secs] [Times: user=0.10 sys=0.00, real=0.01 secs] 
2016-09-24T01:15:47.922-0400: 305.240: [GC (Allocation Failure) [PSYoungGen: 149842K->73544K(175104K)] 305500K->253817K(699392K), 0.0115677 secs] [Times: user=0.12 sys=0.00, real=0.00 secs] 
2016-09-24T01:15:48.084-0400: 305.402: [GC (GCLocker Initiated GC) [PSYoungGen: 162120K->61394K(175104K)] 342393K->272334K(699392K), 0.0242880 secs] [Times: user=0.28 sys=0.00, real=0.02 secs] 
2016-09-24T01:15:48.286-0400: 305.604: [GC (GCLocker Initiated GC) [PSYoungGen: 149458K->74036K(175104K)] 360748K->285641K(699392K), 0.0096205 secs] [Times: user=0.12 sys=0.00, real=0.01 secs] 
2016-09-24T01:15:48.499-0400: 305.817: [GC (GCLocker Initiated GC) [PSYoungGen: 162100K->19392K(175104K)] 392118K->249694K(699392K), 0.0112315 secs] [Times: user=0.14 sys=0.00, real=0.01 secs] 
2016-09-24T01:15:48.741-0400: 306.059: [GC (Allocation Failure) [PSYoungGen: 107456K->61166K(175104K)] 338063K->292055K(699392K), 0.0194188 secs] [Times: user=0.17 sys=0.01, real=0.02 secs] 
2016-09-24T01:15:48.928-0400: 306.246: [GC (GCLocker Initiated GC) [PSYoungGen: 146029K->43009K(175104K)] 382993K->292218K(699392K), 0.0135719 secs] [Times: user=0.12 sys=0.01, real=0.01 secs] 
2016-09-24T01:15:49.077-0400: 306.395: [GC (GCLocker Initiated GC) [PSYoungGen: 131073K->67505K(175104K)] 380453K->317184K(699392K), 0.0104152 secs] [Times: user=0.09 sys=0.00, real=0.01 secs] 
2016-09-24T01:15:49.224-0400: 306.542: [GC (Allocation Failure) [PSYoungGen: 155569K->86314K(175104K)] 405407K->336452K(699392K), 0.0106523 secs] [Times: user=0.11 sys=0.01, real=0.01 secs] 
2016-09-24T01:15:49.430-0400: 306.748: [GC (Allocation Failure) [PSYoungGen: 169684K->18808K(175104K)] 419822K->281504K(699392K), 0.0144221 secs] [Times: user=0.13 sys=0.00, real=0.02 secs] 
2016-09-24T01:15:49.634-0400: 306.952: [GC (GCLocker Initiated GC) [PSYoungGen: 102070K->36802K(175104K)] 370840K->305823K(699392K), 0.0181700 secs] [Times: user=0.23 sys=0.00, real=0.01 secs] 
2016-09-24T01:15:49.882-0400: 307.200: [GC (GCLocker Initiated GC) [PSYoungGen: 124866K->37126K(175104K)] 412327K->324714K(699392K), 0.0127116 secs] [Times: user=0.10 sys=0.00, real=0.01 secs] 
2016-09-24T01:15:50.061-0400: 307.379: [GC (GCLocker Initiated GC) [PSYoungGen: 125190K->74231K(175104K)] 413050K->362259K(699392K), 0.0092772 secs] [Times: user=0.12 sys=0.00, real=0.01 secs] 
2016-09-24T01:15:50.239-0400: 307.557: [GC (Allocation Failure) [PSYoungGen: 162295K->55451K(175104K)] 456518K->368329K(699392K), 0.0395058 secs] [Times: user=0.41 sys=0.00, real=0.04 secs] 
2016-09-24T01:15:50.436-0400: 307.754: [GC (GCLocker Initiated GC) [PSYoungGen: 143515K->85958K(175104K)] 456394K->423428K(699392K), 0.0147796 secs] [Times: user=0.16 sys=0.00, real=0.01 secs] 
2016-09-24T01:15:50.607-0400: 307.925: [GC (GCLocker Initiated GC) [PSYoungGen: 174022K->37354K(175104K)] 523807K->423912K(699392K), 0.0086760 secs] [Times: user=0.11 sys=0.00, real=0.01 secs] 
2016-09-24T01:15:50.777-0400: 308.095: [GC (GCLocker Initiated GC) [PSYoungGen: 125418K->55419K(175104K)] 518199K->448491K(699392K), 0.0258621 secs] [Times: user=0.30 sys=0.00, real=0.03 secs] 
2016-09-24T01:15:50.948-0400: 308.266: [GC (Allocation Failure) [PSYoungGen: 143483K->73608K(175104K)] 536714K->466975K(699392K), 0.0085654 secs] [Times: user=0.10 sys=0.00, real=0.01 secs] 
2016-09-24T01:15:51.146-0400: 308.464: [GC (GCLocker Initiated GC) [PSYoungGen: 158187K->37058K(175104K)] 557629K->479324K(699392K), 0.0286437 secs] [Times: user=0.34 sys=0.00, real=0.03 secs] 
2016-09-24T01:15:51.357-0400: 308.675: [GC (GCLocker Initiated GC) [PSYoungGen: 125122K->55583K(175104K)] 574193K->504772K(699392K), 0.0145040 secs] [Times: user=0.16 sys=0.00, real=0.01 secs] 
2016-09-24T01:15:51.537-0400: 308.855: [GC (GCLocker Initiated GC) [PSYoungGen: 143647K->79683K(175104K)] 599211K->535366K(699392K), 0.0113265 secs] [Times: user=0.13 sys=0.00, real=0.01 secs] 
2016-09-24T01:15:51.724-0400: 309.042: [GC (GCLocker Initiated GC) [PSYoungGen: 167747K->55287K(175104K)] 629562K->541537K(699392K), 0.0101600 secs] [Times: user=0.12 sys=0.00, real=0.00 secs] 
2016-09-24T01:15:51.734-0400: 309.052: [Full GC (Ergonomics) [PSYoungGen: 55287K->0K(175104K)] [ParOldGen: 486250K->48772K(524288K)] 541537K->48772K(699392K), [Metaspace: 44652K->44652K(1087488K)], 0.0701848 secs] [Times: user=0.59 sys=0.01, real=0.08 secs] 
2016-09-24T01:15:51.996-0400: 309.314: [GC (GCLocker Initiated GC) [PSYoungGen: 88064K->74711K(175104K)] 143249K->129897K(699392K), 0.0207642 secs] [Times: user=0.19 sys=0.00, real=0.02 secs] 
2016-09-24T01:15:52.211-0400: 309.529: [GC (GCLocker Initiated GC) [PSYoungGen: 162775K->73544K(175104K)] 218323K->148596K(699392K), 0.0191775 secs] [Times: user=0.21 sys=0.00, real=0.02 secs] 
2016-09-24T01:15:52.414-0400: 309.732: [GC (GCLocker Initiated GC) [PSYoungGen: 161608K->61234K(175104K)] 242765K->142478K(699392K), 0.0176634 secs] [Times: user=0.14 sys=0.02, real=0.02 secs] 
2016-09-24T01:15:52.638-0400: 309.956: [GC (Allocation Failure) [PSYoungGen: 149298K->42877K(175104K)] 236698K->173077K(699392K), 0.0273592 secs] [Times: user=0.30 sys=0.00, real=0.03 secs] 
2016-09-24T01:15:52.810-0400: 310.128: [GC (GCLocker Initiated GC) [PSYoungGen: 130941K->61558K(175104K)] 261147K->228342K(699392K), 0.0150011 secs] [Times: user=0.15 sys=0.00, real=0.02 secs] 
2016-09-24T01:15:53.011-0400: 310.329: [GC (GCLocker Initiated GC) [PSYoungGen: 149622K->79555K(175104K)] 316465K->265062K(699392K), 0.0313567 secs] [Times: user=0.35 sys=0.00, real=0.04 secs] 
2016-09-24T01:15:53.268-0400: 310.586: [GC (GCLocker Initiated GC) [PSYoungGen: 167619K->43205K(175104K)] 359321K->259286K(699392K), 0.0102251 secs] [Times: user=0.08 sys=0.00, real=0.01 secs] 
2016-09-24T01:15:53.482-0400: 310.800: [GC (GCLocker Initiated GC) [PSYoungGen: 131269K->55547K(175104K)] 353780K->278334K(699392K), 0.0087896 secs] [Times: user=0.08 sys=0.00, real=0.01 secs] 
2016-09-24T01:15:53.685-0400: 311.003: [GC (GCLocker Initiated GC) [PSYoungGen: 143611K->67533K(175104K)] 378696K->302941K(699392K), 0.0077818 secs] [Times: user=0.06 sys=0.00, real=0.00 secs] 
2016-09-24T01:15:53.876-0400: 311.194: [GC (Allocation Failure) [PSYoungGen: 155597K->31022K(175104K)] 403465K->309370K(699392K), 0.0234384 secs] [Times: user=0.23 sys=0.01, real=0.02 secs] 
2016-09-24T01:15:54.120-0400: 311.438: [GC (GCLocker Initiated GC) [PSYoungGen: 119086K->61198K(175104K)] 397439K->339990K(699392K), 0.0148167 secs] [Times: user=0.14 sys=0.01, real=0.02 secs] 
2016-09-24T01:15:54.311-0400: 311.629: [GC (GCLocker Initiated GC) [PSYoungGen: 149262K->85726K(175104K)] 428096K->389011K(699392K), 0.0106472 secs] [Times: user=0.13 sys=0.01, real=0.02 secs] 
2016-09-24T01:15:54.495-0400: 311.813: [GC (GCLocker Initiated GC) [PSYoungGen: 173790K->73476K(175104K)] 477123K->437850K(699392K), 0.0267418 secs] [Times: user=0.32 sys=0.01, real=0.02 secs] 
2016-09-24T01:15:54.690-0400: 312.008: [GC (GCLocker Initiated GC) [PSYoungGen: 161540K->85562K(175104K)] 525973K->480489K(699392K), 0.0260002 secs] [Times: user=0.24 sys=0.00, real=0.03 secs] 
2016-09-24T01:15:54.891-0400: 312.209: [GC (GCLocker Initiated GC) [PSYoungGen: 173626K->61230K(175104K)] 568841K->486932K(699392K), 0.0487439 secs] [Times: user=0.51 sys=0.00, real=0.05 secs] 
2016-09-24T01:15:55.140-0400: 312.458: [GC (Allocation Failure) [PSYoungGen: 149294K->61298K(175104K)] 575194K->511625K(699392K), 0.0106464 secs] [Times: user=0.10 sys=0.00, real=0.01 secs] 
2016-09-24T01:15:55.324-0400: 312.642: [GC (GCLocker Initiated GC) [PSYoungGen: 148944K->55387K(175104K)] 605347K->512041K(699392K), 0.0367845 secs] [Times: user=0.38 sys=0.01, real=0.03 secs] 
2016-09-24T01:15:55.574-0400: 312.892: [GC (GCLocker Initiated GC) [PSYoungGen: 143451K->85434K(175104K)] 600148K->542382K(699392K), 0.0175068 secs] [Times: user=0.16 sys=0.00, real=0.02 secs] 
2016-09-24T01:15:55.753-0400: 313.071: [GC (GCLocker Initiated GC) [PSYoungGen: 173498K->61298K(175104K)] 630499K->560944K(699392K), 0.0117044 secs] [Times: user=0.10 sys=0.00, real=0.02 secs] 
2016-09-24T01:15:55.765-0400: 313.083: [Full GC (Ergonomics) [PSYoungGen: 61298K->0K(175104K)] [ParOldGen: 499646K->49198K(524288K)] 560944K->49198K(699392K), [Metaspace: 44653K->44653K(1087488K)], 0.0694345 secs] [Times: user=0.36 sys=0.01, real=0.07 secs] 
2016-09-24T01:15:56.015-0400: 313.333: [GC (GCLocker Initiated GC) [PSYoungGen: 88064K->86566K(175104K)] 137298K->135800K(699392K), 0.0197520 secs] [Times: user=0.18 sys=0.00, real=0.02 secs] 
2016-09-24T01:15:56.240-0400: 313.558: [GC (GCLocker Initiated GC) [PSYoungGen: 174630K->55387K(175104K)] 230043K->160359K(699392K), 0.0188497 secs] [Times: user=0.17 sys=0.00, real=0.02 secs] 
2016-09-24T01:15:56.450-0400: 313.768: [GC (GCLocker Initiated GC) [PSYoungGen: 143451K->61330K(175104K)] 248784K->166939K(699392K), 0.0372531 secs] [Times: user=0.38 sys=0.00, real=0.04 secs] 
2016-09-24T01:15:56.681-0400: 313.999: [GC (GCLocker Initiated GC) [PSYoungGen: 149394K->49084K(175104K)] 261433K->161194K(699392K), 0.0143211 secs] [Times: user=0.13 sys=0.00, real=0.02 secs] 
2016-09-24T01:15:56.888-0400: 314.206: [GC (Allocation Failure) [PSYoungGen: 137148K->61462K(175104K)] 255683K->180256K(699392K), 0.0245175 secs] [Times: user=0.25 sys=0.01, real=0.02 secs] 
2016-09-24T01:15:57.119-0400: 314.437: [GC (Allocation Failure) [PSYoungGen: 149526K->55451K(175104K)] 268320K->174505K(699392K), 0.0087999 secs] [Times: user=0.10 sys=0.00, real=0.01 secs] 
2016-09-24T01:15:57.306-0400: 314.624: [GC (GCLocker Initiated GC) [PSYoungGen: 139749K->55091K(175104K)] 264878K->180487K(699392K), 0.0112537 secs] [Times: user=0.11 sys=0.00, real=0.01 secs] 
2016-09-24T01:15:57.478-0400: 314.796: [GC (Allocation Failure) [PSYoungGen: 143155K->55419K(175104K)] 268906K->181289K(699392K), 0.0086945 secs] [Times: user=0.06 sys=0.01, real=0.01 secs] 
2016-09-24T01:15:57.634-0400: 314.952: [GC (GCLocker Initiated GC) [PSYoungGen: 143483K->73868K(175104K)] 269359K->199996K(699392K), 0.0318027 secs] [Times: user=0.31 sys=0.00, real=0.04 secs] 
2016-09-24T01:15:57.830-0400: 315.148: [GC (GCLocker Initiated GC) [PSYoungGen: 161932K->55583K(175104K)] 294299K->188077K(699392K), 0.0154163 secs] [Times: user=0.14 sys=0.00, real=0.02 secs] 
2016-09-24T01:15:58.010-0400: 315.328: [GC (Allocation Failure) [PSYoungGen: 143647K->55291K(175104K)] 276143K->206099K(699392K), 0.0136676 secs] [Times: user=0.11 sys=0.00, real=0.02 secs] 
2016-09-24T01:15:58.213-0400: 315.531: [GC (GCLocker Initiated GC) [PSYoungGen: 139317K->36998K(175104K)] 296201K->194133K(699392K), 0.0246728 secs] [Times: user=0.24 sys=0.00, real=0.03 secs] 
2016-09-24T01:15:58.404-0400: 315.722: [GC (Allocation Failure) [PSYoungGen: 125062K->55483K(175104K)] 282502K->213043K(699392K), 0.0121030 secs] [Times: user=0.14 sys=0.00, real=0.01 secs] 
2016-09-24T01:15:58.595-0400: 315.913: [GC (GCLocker Initiated GC) [PSYoungGen: 143547K->73316K(175104K)] 301112K->231149K(699392K), 0.0129871 secs] [Times: user=0.12 sys=0.00, real=0.01 secs] 
2016-09-24T01:15:58.777-0400: 316.095: [GC (Allocation Failure) [PSYoungGen: 161380K->61202K(175104K)] 325436K->225377K(699392K), 0.0307114 secs] [Times: user=0.32 sys=0.00, real=0.03 secs] 
2016-09-24T01:15:58.937-0400: 316.255: [GC (GCLocker Initiated GC) [PSYoungGen: 149266K->73380K(175104K)] 313446K->274302K(699392K), 0.0304972 secs] [Times: user=0.33 sys=0.01, real=0.03 secs] 
2016-09-24T01:15:59.116-0400: 316.434: [GC (GCLocker Initiated GC) [PSYoungGen: 161444K->55615K(175104K)] 362384K->256659K(699392K), 0.0094705 secs] [Times: user=0.08 sys=0.00, real=0.01 secs] 
2016-09-24T01:15:59.268-0400: 316.586: [GC (Allocation Failure) [PSYoungGen: 143677K->67537K(175104K)] 345071K->269206K(699392K), 0.0126682 secs] [Times: user=0.12 sys=0.00, real=0.01 secs] 
2016-09-24T01:15:59.409-0400: 316.727: [GC (GCLocker Initiated GC) [PSYoungGen: 150114K->49280K(175104K)] 357858K->257095K(699392K), 0.0149000 secs] [Times: user=0.14 sys=0.00, real=0.02 secs] 
2016-09-24T01:15:59.588-0400: 316.906: [GC (GCLocker Initiated GC) [PSYoungGen: 137344K->73644K(175104K)] 345414K->282005K(699392K), 0.0096558 secs] [Times: user=0.07 sys=0.00, real=0.01 secs] 
2016-09-24T01:15:59.763-0400: 317.081: [GC (GCLocker Initiated GC) [PSYoungGen: 161708K->43265K(175104K)] 382283K->270190K(699392K), 0.0070874 secs] [Times: user=0.05 sys=0.01, real=0.00 secs] 
2016-09-24T01:15:59.918-0400: 317.236: [GC (Allocation Failure) [PSYoungGen: 131329K->55287K(175104K)] 358593K->325328K(699392K), 0.0145620 secs] [Times: user=0.14 sys=0.00, real=0.01 secs] 
2016-09-24T01:16:00.100-0400: 317.418: [GC (GCLocker Initiated GC) [PSYoungGen: 143351K->73608K(175104K)] 413397K->343766K(699392K), 0.0173189 secs] [Times: user=0.19 sys=0.00, real=0.02 secs] 
2016-09-24T01:16:00.321-0400: 317.639: [GC (Allocation Failure) [PSYoungGen: 161672K->37094K(175104K)] 444732K->320297K(699392K), 0.0162450 secs] [Times: user=0.18 sys=0.00, real=0.02 secs] 
2016-09-24T01:16:00.476-0400: 317.794: [GC (GCLocker Initiated GC) [PSYoungGen: 120899K->73576K(175104K)] 410177K->363130K(699392K), 0.0097547 secs] [Times: user=0.10 sys=0.00, real=0.01 secs] 
2016-09-24T01:16:00.673-0400: 317.991: [GC (GCLocker Initiated GC) [PSYoungGen: 161640K->79719K(175104K)] 457300K->375498K(699392K), 0.0253099 secs] [Times: user=0.30 sys=0.00, real=0.03 secs] 
2016-09-24T01:16:00.861-0400: 318.179: [GC (GCLocker Initiated GC) [PSYoungGen: 167783K->85854K(175104K)] 463615K->430774K(699392K), 0.0128683 secs] [Times: user=0.19 sys=0.00, real=0.01 secs] 
2016-09-24T01:16:01.084-0400: 318.402: [GC (Allocation Failure) [PSYoungGen: 173918K->79327K(175104K)] 518880K->424564K(699392K), 0.0151911 secs] [Times: user=0.15 sys=0.00, real=0.01 secs] 
2016-09-24T01:16:01.263-0400: 318.581: [GC (GCLocker Initiated GC) [PSYoungGen: 167391K->79683K(175104K)] 512639K->449375K(699392K), 0.0106399 secs] [Times: user=0.13 sys=0.00, real=0.00 secs] 
2016-09-24T01:16:01.474-0400: 318.792: [GC (Allocation Failure) [PSYoungGen: 167747K->55323K(175104K)] 537576K->425255K(699392K), 0.0143680 secs] [Times: user=0.12 sys=0.01, real=0.02 secs] 
2016-09-24T01:16:01.659-0400: 318.977: [GC (Allocation Failure) [PSYoungGen: 140395K->55415K(175104K)] 510327K->468203K(699392K), 0.0259882 secs] [Times: user=0.29 sys=0.01, real=0.03 secs] 
2016-09-24T01:16:01.844-0400: 319.162: [GC (Allocation Failure) [PSYoungGen: 139504K->37521K(175104K)] 552292K->450413K(699392K), 0.0070991 secs] [Times: user=0.06 sys=0.00, real=0.00 secs] 
2016-09-24T01:16:01.990-0400: 319.308: [GC (GCLocker Initiated GC) [PSYoungGen: 122986K->55447K(175104K)] 541953K->486847K(699392K), 0.0126614 secs] [Times: user=0.17 sys=0.00, real=0.02 secs] 
2016-09-24T01:16:02.149-0400: 319.467: [GC (GCLocker Initiated GC) [PSYoungGen: 143511K->86018K(175104K)] 575015K->554131K(699392K), 0.0125832 secs] [Times: user=0.17 sys=0.01, real=0.01 secs] 
2016-09-24T01:16:02.346-0400: 319.664: [Full GC (Ergonomics) [PSYoungGen: 174082K->0K(175104K)] [ParOldGen: 474308K->49326K(524288K)] 648390K->49326K(699392K), [Metaspace: 44653K->44653K(1087488K)], 0.0816869 secs] [Times: user=0.50 sys=0.01, real=0.08 secs] 
2016-09-24T01:16:02.562-0400: 319.880: [GC (GCLocker Initiated GC) [PSYoungGen: 88062K->86534K(175104K)] 137394K->135866K(699392K), 0.0107740 secs] [Times: user=0.10 sys=0.01, real=0.01 secs] 
2016-09-24T01:16:02.722-0400: 320.040: [GC (GCLocker Initiated GC) [PSYoungGen: 174598K->85890K(175104K)] 224179K->185079K(699392K), 0.0116518 secs] [Times: user=0.14 sys=0.01, real=0.01 secs] 
2016-09-24T01:16:02.882-0400: 320.200: [GC (GCLocker Initiated GC) [PSYoungGen: 173954K->73740K(175104K)] 273319K->185546K(699392K), 0.0183460 secs] [Times: user=0.18 sys=0.00, real=0.02 secs] 
2016-09-24T01:16:03.057-0400: 320.375: [GC (GCLocker Initiated GC) [PSYoungGen: 161804K->73804K(175104K)] 273791K->186059K(699392K), 0.0148618 secs] [Times: user=0.17 sys=0.00, real=0.01 secs] 
2016-09-24T01:16:03.226-0400: 320.544: [GC (GCLocker Initiated GC) [PSYoungGen: 161868K->73512K(175104K)] 274231K->186314K(699392K), 0.0157543 secs] [Times: user=0.15 sys=0.01, real=0.01 secs] 
2016-09-24T01:16:03.405-0400: 320.723: [GC (Allocation Failure) [PSYoungGen: 161576K->48920K(175104K)] 274403K->161850K(699392K), 0.0099437 secs] [Times: user=0.09 sys=0.00, real=0.01 secs] 
2016-09-24T01:16:03.587-0400: 320.905: [GC (GCLocker Initiated GC) [PSYoungGen: 135690K->31054K(175104K)] 254695K->186606K(699392K), 0.0168018 secs] [Times: user=0.15 sys=0.00, real=0.02 secs] 
2016-09-24T01:16:03.755-0400: 321.073: [GC (GCLocker Initiated GC) [PSYoungGen: 119118K->73548K(175104K)] 274706K->229402K(699392K), 0.0147705 secs] [Times: user=0.15 sys=0.00, real=0.01 secs] 
2016-09-24T01:16:03.966-0400: 321.284: [GC (GCLocker Initiated GC) [PSYoungGen: 161612K->37194K(175104K)] 323673K->248123K(699392K), 0.0082656 secs] [Times: user=0.08 sys=0.00, real=0.01 secs] 
2016-09-24T01:16:04.135-0400: 321.453: [GC (GCLocker Initiated GC) [PSYoungGen: 125258K->85890K(175104K)] 336374K->297461K(699392K), 0.0157958 secs] [Times: user=0.15 sys=0.00, real=0.01 secs] 
2016-09-24T01:16:04.272-0400: 321.590: [GC (GCLocker Initiated GC) [PSYoungGen: 173954K->73348K(175104K)] 385657K->333942K(699392K), 0.0391842 secs] [Times: user=0.40 sys=0.00, real=0.04 secs] 
2016-09-24T01:16:04.512-0400: 321.830: [GC (GCLocker Initiated GC) [PSYoungGen: 161412K->55483K(175104K)] 428123K->334439K(699392K), 0.0097219 secs] [Times: user=0.08 sys=0.00, real=0.01 secs] 
2016-09-24T01:16:04.661-0400: 321.979: [GC (GCLocker Initiated GC) [PSYoungGen: 143547K->85594K(175104K)] 422557K->401501K(699392K), 0.0147989 secs] [Times: user=0.16 sys=0.00, real=0.02 secs] 
2016-09-24T01:16:04.819-0400: 322.137: [GC (GCLocker Initiated GC) [PSYoungGen: 173658K->67569K(175104K)] 489613K->444433K(699392K), 0.0258920 secs] [Times: user=0.29 sys=0.00, real=0.03 secs] 
2016-09-24T01:16:05.028-0400: 322.346: [GC (GCLocker Initiated GC) [PSYoungGen: 155633K->73576K(175104K)] 539382K->488155K(699392K), 0.0192358 secs] [Times: user=0.20 sys=0.00, real=0.02 secs] 
2016-09-24T01:16:05.276-0400: 322.594: [GC (GCLocker Initiated GC) [PSYoungGen: 161640K->79359K(175104K)] 576257K->494088K(699392K), 0.0092529 secs] [Times: user=0.09 sys=0.00, real=0.01 secs] 
2016-09-24T01:16:05.429-0400: 322.747: [GC (GCLocker Initiated GC) [PSYoungGen: 167423K->55515K(175104K)] 582153K->500724K(699392K), 0.0132036 secs] [Times: user=0.12 sys=0.00, real=0.02 secs] 
2016-09-24T01:16:05.600-0400: 322.918: [Full GC (Ergonomics) [PSYoungGen: 143579K->0K(175104K)] [ParOldGen: 451443K->47844K(524288K)] 595022K->47844K(699392K), [Metaspace: 44656K->44656K(1087488K)], 0.1160393 secs] [Times: user=0.97 sys=0.03, real=0.12 secs] 
2016-09-24T01:16:05.885-0400: 323.203: [GC (Allocation Failure) [PSYoungGen: 88064K->56031K(175104K)] 142540K->110507K(699392K), 0.0105560 secs] [Times: user=0.14 sys=0.00, real=0.01 secs] 
2016-09-24T01:16:06.074-0400: 323.392: [GC (GCLocker Initiated GC) [PSYoungGen: 144095K->73608K(175104K)] 198571K->147177K(699392K), 0.0110497 secs] [Times: user=0.09 sys=0.00, real=0.01 secs] 
2016-09-24T01:16:06.239-0400: 323.557: [GC (GCLocker Initiated GC) [PSYoungGen: 161672K->85726K(175104K)] 235305K->171816K(699392K), 0.0246844 secs] [Times: user=0.28 sys=0.00, real=0.03 secs] 
2016-09-24T01:16:06.459-0400: 323.777: [GC (GCLocker Initiated GC) [PSYoungGen: 173790K->25011K(175104K)] 272038K->172143K(699392K), 0.0093440 secs] [Times: user=0.08 sys=0.00, real=0.01 secs] 
2016-09-24T01:16:06.680-0400: 323.998: [GC (GCLocker Initiated GC) [PSYoungGen: 113075K->55447K(175104K)] 266452K->209131K(699392K), 0.0070333 secs] [Times: user=0.08 sys=0.00, real=0.01 secs] 
2016-09-24T01:16:06.854-0400: 324.172: [GC (GCLocker Initiated GC) [PSYoungGen: 143511K->55255K(175104K)] 297231K->209070K(699392K), 0.0183500 secs] [Times: user=0.23 sys=0.00, real=0.02 secs] 
2016-09-24T01:16:07.043-0400: 324.361: [GC (GCLocker Initiated GC) [PSYoungGen: 143319K->49276K(175104K)] 297310K->233886K(699392K), 0.0253438 secs] [Times: user=0.27 sys=0.00, real=0.02 secs] 
2016-09-24T01:16:07.249-0400: 324.567: [GC (GCLocker Initiated GC) [PSYoungGen: 137340K->73740K(175104K)] 322311K->258806K(699392K), 0.0079194 secs] [Times: user=0.06 sys=0.00, real=0.01 secs] 
2016-09-24T01:16:07.416-0400: 324.734: [GC (Allocation Failure) [PSYoungGen: 161804K->73448K(175104K)] 346923K->258818K(699392K), 0.0402030 secs] [Times: user=0.41 sys=0.00, real=0.04 secs] 
2016-09-24T01:16:07.648-0400: 324.966: [GC (Allocation Failure) [PSYoungGen: 161512K->73480K(175104K)] 346882K->258961K(699392K), 0.0100451 secs] [Times: user=0.10 sys=0.00, real=0.01 secs] 
2016-09-24T01:16:07.819-0400: 325.137: [GC (GCLocker Initiated GC) [PSYoungGen: 161544K->61330K(175104K)] 347031K->247092K(699392K), 0.0109676 secs] [Times: user=0.09 sys=0.00, real=0.01 secs] 
2016-09-24T01:16:08.054-0400: 325.372: [GC (GCLocker Initiated GC) [PSYoungGen: 149394K->55319K(175104K)] 335444K->241629K(699392K), 0.0130435 secs] [Times: user=0.15 sys=0.00, real=0.02 secs] 
2016-09-24T01:16:08.248-0400: 325.566: [GC (GCLocker Initiated GC) [PSYoungGen: 143383K->85594K(175104K)] 335815K->284221K(699392K), 0.0116644 secs] [Times: user=0.14 sys=0.01, real=0.01 secs] 
2016-09-24T01:16:08.406-0400: 325.724: [GC (GCLocker Initiated GC) [PSYoungGen: 173658K->55355K(175104K)] 372640K->278748K(699392K), 0.0198041 secs] [Times: user=0.17 sys=0.01, real=0.02 secs] 
2016-09-24T01:16:08.947-0400: 326.265: [GC (Allocation Failure) [PSYoungGen: 143419K->18737K(175104K)] 366876K->260662K(699392K), 0.0168922 secs] [Times: user=0.15 sys=0.00, real=0.02 secs] 
