Java HotSpot(TM) 64-Bit Server VM (25.101-b13) for linux-amd64 JRE (1.8.0_101-b13), built on Jun 22 2016 02:59:44 by "java_re" with gcc 4.3.0 20080428 (Red Hat 4.3.0-8)
Memory: 4k page, physical 264122320k(90246088k free), swap 268399612k(268399612k free)
CommandLine flags: -XX:GCLogFileSize=1048576 -XX:+HeapDumpOnOutOfMemoryError -XX:HeapDumpPath=artifacts/heapdump -XX:InitialHeapSize=805306368 -XX:MaxHeapSize=805306368 -XX:NumberOfGCLogFiles=10 -XX:+PrintGC -XX:+PrintGCDateStamps -XX:+PrintGCDetails -XX:+PrintGCTimeStamps -XX:+UseCompressedClassPointers -XX:+UseCompressedOops -XX:+UseGCLogFileRotation -XX:+UseParallelGC 
2016-09-25T22:59:04.497-0400: 2.180: [GC (Metadata GC Threshold) [PSYoungGen: 121899K->15732K(229376K)] 121899K->15820K(753664K), 0.0334014 secs] [Times: user=0.22 sys=0.03, real=0.03 secs] 
2016-09-25T22:59:04.531-0400: 2.214: [Full GC (Metadata GC Threshold) [PSYoungGen: 15732K->0K(229376K)] [ParOldGen: 88K->14602K(329728K)] 15820K->14602K(559104K), [Metaspace: 21081K->21081K(1067008K)], 0.0492911 secs] [Times: user=0.45 sys=0.02, real=0.05 secs] 
2016-09-25T22:59:06.473-0400: 4.156: [GC (Metadata GC Threshold) [PSYoungGen: 121276K->15405K(229376K)] 135879K->30143K(559104K), 0.0261695 secs] [Times: user=0.29 sys=0.04, real=0.03 secs] 
2016-09-25T22:59:06.499-0400: 4.182: [Full GC (Metadata GC Threshold) [PSYoungGen: 15405K->0K(229376K)] [ParOldGen: 14738K->20830K(524288K)] 30143K->20830K(753664K), [Metaspace: 35075K->35075K(1079296K)], 0.0561740 secs] [Times: user=0.49 sys=0.01, real=0.06 secs] 
2016-09-25T22:59:08.177-0400: 5.860: [GC (GCLocker Initiated GC) [PSYoungGen: 194653K->32759K(229376K)] 218184K->70341K(753664K), 0.0180507 secs] [Times: user=0.19 sys=0.01, real=0.02 secs] 
2016-09-25T22:59:08.488-0400: 6.171: [GC (GCLocker Initiated GC) [PSYoungGen: 229367K->30988K(229376K)] 267201K->147131K(753664K), 0.0158206 secs] [Times: user=0.18 sys=0.03, real=0.02 secs] 
2016-09-25T22:59:08.619-0400: 6.302: [GC (GCLocker Initiated GC) [PSYoungGen: 227596K->32739K(229376K)] 343783K->172601K(753664K), 0.0109574 secs] [Times: user=0.10 sys=0.05, real=0.01 secs] 
2016-09-25T22:59:08.733-0400: 6.416: [GC (GCLocker Initiated GC) [PSYoungGen: 229347K->32764K(134144K)] 380072K->224525K(658432K), 0.0236636 secs] [Times: user=0.35 sys=0.02, real=0.03 secs] 
2016-09-25T22:59:08.797-0400: 6.480: [GC (GCLocker Initiated GC) [PSYoungGen: 134140K->80371K(181760K)] 326053K->304724K(706048K), 0.0149067 secs] [Times: user=0.21 sys=0.04, real=0.01 secs] 
2016-09-25T22:59:08.858-0400: 6.541: [GC (GCLocker Initiated GC) [PSYoungGen: 181747K->79812K(168448K)] 406189K->338808K(692736K), 0.0126417 secs] [Times: user=0.15 sys=0.04, real=0.01 secs] 
2016-09-25T22:59:08.904-0400: 6.587: [GC (GCLocker Initiated GC) [PSYoungGen: 167876K->83408K(175104K)] 429754K->395920K(699392K), 0.0118435 secs] [Times: user=0.17 sys=0.02, real=0.01 secs] 
2016-09-25T22:59:08.956-0400: 6.639: [GC (GCLocker Initiated GC) [PSYoungGen: 171472K->85953K(175104K)] 486814K->417825K(699392K), 0.0146975 secs] [Times: user=0.23 sys=0.02, real=0.01 secs] 
2016-09-25T22:59:09.015-0400: 6.698: [GC (GCLocker Initiated GC) [PSYoungGen: 174017K->45210K(175104K)] 513128K->404936K(699392K), 0.0131191 secs] [Times: user=0.18 sys=0.02, real=0.01 secs] 
2016-09-25T22:59:09.057-0400: 6.740: [GC (GCLocker Initiated GC) [PSYoungGen: 133274K->73525K(175104K)] 493138K->464808K(699392K), 0.0101460 secs] [Times: user=0.10 sys=0.05, real=0.01 secs] 
2016-09-25T22:59:09.105-0400: 6.788: [GC (GCLocker Initiated GC) [PSYoungGen: 161589K->53404K(175104K)] 558472K->482964K(699392K), 0.0080637 secs] [Times: user=0.08 sys=0.03, real=0.00 secs] 
2016-09-25T22:59:09.149-0400: 6.832: [GC (GCLocker Initiated GC) [PSYoungGen: 141468K->66904K(175104K)] 571176K->534788K(699392K), 0.0091432 secs] [Times: user=0.12 sys=0.01, real=0.01 secs] 
2016-09-25T22:59:09.158-0400: 6.841: [Full GC (Ergonomics) [PSYoungGen: 66904K->0K(175104K)] [ParOldGen: 467884K->67679K(524288K)] 534788K->67679K(699392K), [Metaspace: 42887K->42883K(1085440K)], 0.2019239 secs] [Times: user=2.85 sys=0.02, real=0.20 secs] 
2016-09-25T22:59:09.393-0400: 7.076: [GC (GCLocker Initiated GC) [PSYoungGen: 88064K->86109K(175104K)] 158532K->167385K(699392K), 0.0098477 secs] [Times: user=0.17 sys=0.01, real=0.02 secs] 
2016-09-25T22:59:09.443-0400: 7.126: [GC (GCLocker Initiated GC) [PSYoungGen: 174173K->47986K(175104K)] 265073K->174544K(699392K), 0.0073481 secs] [Times: user=0.10 sys=0.01, real=0.00 secs] 
2016-09-25T22:59:09.477-0400: 7.160: [GC (GCLocker Initiated GC) [PSYoungGen: 136050K->73767K(175104K)] 265428K->210182K(699392K), 0.0074895 secs] [Times: user=0.10 sys=0.00, real=0.01 secs] 
2016-09-25T22:59:09.524-0400: 7.207: [GC (GCLocker Initiated GC) [PSYoungGen: 161831K->57535K(175104K)] 302512K->243089K(699392K), 0.0098617 secs] [Times: user=0.14 sys=0.00, real=0.00 secs] 
2016-09-25T22:59:09.565-0400: 7.248: [GC (GCLocker Initiated GC) [PSYoungGen: 145599K->61600K(175104K)] 333926K->285332K(699392K), 0.0079351 secs] [Times: user=0.11 sys=0.00, real=0.00 secs] 
2016-09-25T22:59:09.608-0400: 7.291: [GC (GCLocker Initiated GC) [PSYoungGen: 149664K->47876K(175104K)] 384392K->315291K(699392K), 0.0077120 secs] [Times: user=0.08 sys=0.00, real=0.01 secs] 
2016-09-25T22:59:09.656-0400: 7.339: [GC (GCLocker Initiated GC) [PSYoungGen: 135940K->61536K(175104K)] 410173K->353633K(699392K), 0.0076815 secs] [Times: user=0.12 sys=0.00, real=0.01 secs] 
2016-09-25T22:59:09.696-0400: 7.379: [GC (GCLocker Initiated GC) [PSYoungGen: 149600K->57389K(175104K)] 441829K->370157K(699392K), 0.0078892 secs] [Times: user=0.09 sys=0.01, real=0.01 secs] 
2016-09-25T22:59:09.738-0400: 7.421: [GC (GCLocker Initiated GC) [PSYoungGen: 145453K->67032K(175104K)] 466361K->416592K(699392K), 0.0086071 secs] [Times: user=0.14 sys=0.00, real=0.01 secs] 
2016-09-25T22:59:09.797-0400: 7.480: [GC (GCLocker Initiated GC) [PSYoungGen: 155096K->42603K(175104K)] 522397K->425109K(699392K), 0.0051998 secs] [Times: user=0.07 sys=0.00, real=0.00 secs] 
2016-09-25T22:59:09.835-0400: 7.518: [GC (GCLocker Initiated GC) [PSYoungGen: 130667K->58707K(175104K)] 513346K->448385K(699392K), 0.0064161 secs] [Times: user=0.08 sys=0.00, real=0.00 secs] 
2016-09-25T22:59:09.875-0400: 7.558: [GC (GCLocker Initiated GC) [PSYoungGen: 146771K->72402K(175104K)] 544697K->498959K(699392K), 0.0081361 secs] [Times: user=0.10 sys=0.01, real=0.01 secs] 
2016-09-25T22:59:09.925-0400: 7.608: [GC (GCLocker Initiated GC) [PSYoungGen: 160466K->47971K(175104K)] 591217K->508725K(699392K), 0.0069143 secs] [Times: user=0.08 sys=0.00, real=0.00 secs] 
2016-09-25T22:59:09.959-0400: 7.642: [GC (GCLocker Initiated GC) [PSYoungGen: 136035K->73846K(175104K)] 599659K->551316K(699392K), 0.0088383 secs] [Times: user=0.11 sys=0.02, real=0.01 secs] 
2016-09-25T22:59:09.968-0400: 7.651: [Full GC (Ergonomics) [PSYoungGen: 73846K->0K(175104K)] [ParOldGen: 477470K->72892K(524288K)] 551316K->72892K(699392K), [Metaspace: 43009K->43009K(1085440K)], 0.0575822 secs] [Times: user=0.54 sys=0.00, real=0.06 secs] 
2016-09-25T22:59:10.069-0400: 7.752: [GC (GCLocker Initiated GC) [PSYoungGen: 88064K->76400K(175104K)] 169148K->157493K(699392K), 0.0071302 secs] [Times: user=0.10 sys=0.00, real=0.01 secs] 
2016-09-25T22:59:10.107-0400: 7.790: [GC (GCLocker Initiated GC) [PSYoungGen: 164464K->72414K(175104K)] 248401K->190471K(699392K), 0.0092052 secs] [Times: user=0.09 sys=0.01, real=0.01 secs] 
2016-09-25T22:59:10.157-0400: 7.840: [GC (GCLocker Initiated GC) [PSYoungGen: 160478K->54690K(175104K)] 286886K->205781K(699392K), 0.0077457 secs] [Times: user=0.09 sys=0.00, real=0.01 secs] 
2016-09-25T22:59:10.204-0400: 7.887: [GC (GCLocker Initiated GC) [PSYoungGen: 142754K->75004K(175104K)] 302039K->252151K(699392K), 0.0090571 secs] [Times: user=0.09 sys=0.00, real=0.00 secs] 
2016-09-25T22:59:10.258-0400: 7.941: [GC (GCLocker Initiated GC) [PSYoungGen: 163068K->54753K(175104K)] 343029K->255309K(699392K), 0.0067545 secs] [Times: user=0.10 sys=0.00, real=0.01 secs] 
2016-09-25T22:59:10.299-0400: 7.982: [GC (GCLocker Initiated GC) [PSYoungGen: 142817K->70939K(175104K)] 348951K->282759K(699392K), 0.0075642 secs] [Times: user=0.08 sys=0.00, real=0.01 secs] 
2016-09-25T22:59:10.348-0400: 8.031: [GC (GCLocker Initiated GC) [PSYoungGen: 159003K->50543K(175104K)] 384439K->291106K(699392K), 0.0079070 secs] [Times: user=0.09 sys=0.00, real=0.01 secs] 
2016-09-25T22:59:10.400-0400: 8.083: [GC (GCLocker Initiated GC) [PSYoungGen: 138607K->60168K(175104K)] 390050K->320016K(699392K), 0.0065302 secs] [Times: user=0.09 sys=0.00, real=0.01 secs] 
2016-09-25T22:59:10.436-0400: 8.119: [GC (GCLocker Initiated GC) [PSYoungGen: 148232K->62850K(175104K)] 408286K->331382K(699392K), 0.0069010 secs] [Times: user=0.05 sys=0.01, real=0.01 secs] 
2016-09-25T22:59:10.484-0400: 8.167: [GC (GCLocker Initiated GC) [PSYoungGen: 150914K->61749K(173056K)] 422198K->377937K(697344K), 0.0083802 secs] [Times: user=0.12 sys=0.00, real=0.00 secs] 
2016-09-25T22:59:10.532-0400: 8.215: [GC (GCLocker Initiated GC) [PSYoungGen: 149813K->72690K(174080K)] 467449K->405633K(698368K), 0.0089344 secs] [Times: user=0.12 sys=0.01, real=0.01 secs] 
2016-09-25T22:59:10.573-0400: 8.256: [GC (GCLocker Initiated GC) [PSYoungGen: 160754K->72627K(175104K)] 496500K->426579K(699392K), 0.0069787 secs] [Times: user=0.10 sys=0.01, real=0.01 secs] 
2016-09-25T22:59:10.620-0400: 8.303: [GC (GCLocker Initiated GC) [PSYoungGen: 160691K->77980K(175104K)] 514734K->448744K(699392K), 0.0079709 secs] [Times: user=0.13 sys=0.00, real=0.01 secs] 
2016-09-25T22:59:10.662-0400: 8.345: [GC (GCLocker Initiated GC) [PSYoungGen: 166044K->56536K(175104K)] 542436K->472628K(699392K), 0.0072403 secs] [Times: user=0.11 sys=0.00, real=0.01 secs] 
2016-09-25T22:59:10.704-0400: 8.387: [GC (GCLocker Initiated GC) [PSYoungGen: 144600K->71102K(175104K)] 563490K->509574K(699392K), 0.0080242 secs] [Times: user=0.11 sys=0.00, real=0.00 secs] 
2016-09-25T22:59:10.753-0400: 8.436: [GC (GCLocker Initiated GC) [PSYoungGen: 159166K->61844K(175104K)] 597910K->541535K(699392K), 0.0087447 secs] [Times: user=0.12 sys=0.00, real=0.01 secs] 
2016-09-25T22:59:10.762-0400: 8.445: [Full GC (Ergonomics) [PSYoungGen: 61844K->0K(175104K)] [ParOldGen: 479690K->73959K(524288K)] 541535K->73959K(699392K), [Metaspace: 43255K->43255K(1085440K)], 0.0603933 secs] [Times: user=0.40 sys=0.03, real=0.07 secs] 
2016-09-25T22:59:10.860-0400: 8.543: [GC (GCLocker Initiated GC) [PSYoungGen: 88064K->86350K(175104K)] 165760K->168105K(699392K), 0.0077062 secs] [Times: user=0.12 sys=0.00, real=0.01 secs] 
2016-09-25T22:59:10.896-0400: 8.580: [GC (GCLocker Initiated GC) [PSYoungGen: 174414K->65716K(175104K)] 259547K->182618K(699392K), 0.0085854 secs] [Times: user=0.08 sys=0.00, real=0.01 secs] 
2016-09-25T22:59:10.942-0400: 8.626: [GC (GCLocker Initiated GC) [PSYoungGen: 153780K->56238K(175104K)] 274909K->204984K(699392K), 0.0080412 secs] [Times: user=0.12 sys=0.00, real=0.00 secs] 
2016-09-25T22:59:10.979-0400: 8.663: [GC (GCLocker Initiated GC) [PSYoungGen: 144302K->84791K(175104K)] 295848K->238119K(699392K), 0.0069843 secs] [Times: user=0.09 sys=0.00, real=0.01 secs] 
2016-09-25T22:59:11.026-0400: 8.710: [GC (GCLocker Initiated GC) [PSYoungGen: 172855K->77821K(175104K)] 334405K->256206K(699392K), 0.0088081 secs] [Times: user=0.13 sys=0.00, real=0.01 secs] 
2016-09-25T22:59:11.062-0400: 8.745: [GC (GCLocker Initiated GC) [PSYoungGen: 165885K->83490K(175104K)] 344440K->288107K(699392K), 0.0082515 secs] [Times: user=0.12 sys=0.00, real=0.00 secs] 
2016-09-25T22:59:11.109-0400: 8.792: [GC (GCLocker Initiated GC) [PSYoungGen: 171554K->30570K(175104K)] 379060K->291338K(699392K), 0.0065077 secs] [Times: user=0.10 sys=0.00, real=0.01 secs] 
2016-09-25T22:59:11.145-0400: 8.828: [GC (GCLocker Initiated GC) [PSYoungGen: 118634K->65954K(175104K)] 384983K->346269K(699392K), 0.0068782 secs] [Times: user=0.10 sys=0.00, real=0.00 secs] 
2016-09-25T22:59:11.193-0400: 8.876: [GC (GCLocker Initiated GC) [PSYoungGen: 154018K->72626K(175104K)] 442585K->382137K(699392K), 0.0080970 secs] [Times: user=0.13 sys=0.00, real=0.01 secs] 
2016-09-25T22:59:11.241-0400: 8.924: [GC (GCLocker Initiated GC) [PSYoungGen: 160690K->40175K(175104K)] 477053K->377373K(699392K), 0.0057956 secs] [Times: user=0.07 sys=0.00, real=0.01 secs] 
2016-09-25T22:59:11.274-0400: 8.957: [GC (GCLocker Initiated GC) [PSYoungGen: 128239K->84730K(175104K)] 468391K->443093K(699392K), 0.0087260 secs] [Times: user=0.13 sys=0.00, real=0.02 secs] 
2016-09-25T22:59:11.318-0400: 9.001: [GC (GCLocker Initiated GC) [PSYoungGen: 172794K->71102K(175104K)] 531183K->467885K(699392K), 0.0081186 secs] [Times: user=0.12 sys=0.01, real=0.01 secs] 
2016-09-25T22:59:11.357-0400: 9.040: [GC (GCLocker Initiated GC) [PSYoungGen: 159166K->72704K(175104K)] 564280K->503886K(699392K), 0.0082271 secs] [Times: user=0.13 sys=0.00, real=0.01 secs] 
2016-09-25T22:59:11.403-0400: 9.086: [GC (GCLocker Initiated GC) [PSYoungGen: 160768K->67290K(175104K)] 596047K->516739K(699392K), 0.0071587 secs] [Times: user=0.09 sys=0.01, real=0.00 secs] 
2016-09-25T22:59:11.444-0400: 9.127: [GC (GCLocker Initiated GC) [PSYoungGen: 155354K->61794K(175104K)] 613117K->545823K(699392K), 0.0082768 secs] [Times: user=0.13 sys=0.00, real=0.00 secs] 
2016-09-25T22:59:11.453-0400: 9.136: [Full GC (Ergonomics) [PSYoungGen: 61794K->0K(175104K)] [ParOldGen: 484028K->87250K(524288K)] 545823K->87250K(699392K), [Metaspace: 43290K->43290K(1085440K)], 0.0542418 secs] [Times: user=0.51 sys=0.01, real=0.06 secs] 
2016-09-25T22:59:11.545-0400: 9.228: [GC (GCLocker Initiated GC) [PSYoungGen: 88064K->80840K(175104K)] 178104K->170889K(699392K), 0.0110151 secs] [Times: user=0.17 sys=0.00, real=0.01 secs] 
2016-09-25T22:59:11.584-0400: 9.268: [GC (GCLocker Initiated GC) [PSYoungGen: 168904K->68590K(175104K)] 269970K->198764K(699392K), 0.0084129 secs] [Times: user=0.13 sys=0.00, real=0.00 secs] 
2016-09-25T22:59:11.629-0400: 9.312: [GC (GCLocker Initiated GC) [PSYoungGen: 156654K->59048K(175104K)] 289730K->219718K(699392K), 0.0069664 secs] [Times: user=0.11 sys=0.00, real=0.01 secs] 
2016-09-25T22:59:11.663-0400: 9.346: [GC (GCLocker Initiated GC) [PSYoungGen: 147112K->78012K(175104K)] 307914K->258209K(699392K), 0.0091047 secs] [Times: user=0.13 sys=0.00, real=0.00 secs] 
2016-09-25T22:59:11.706-0400: 9.389: [GC (GCLocker Initiated GC) [PSYoungGen: 166076K->60494K(175104K)] 346464K->296874K(699392K), 0.0080225 secs] [Times: user=0.13 sys=0.01, real=0.00 secs] 
2016-09-25T22:59:11.788-0400: 9.471: [GC (GCLocker Initiated GC) [PSYoungGen: 148558K->67212K(175104K)] 386359K->340743K(699392K), 0.0084337 secs] [Times: user=0.15 sys=0.00, real=0.01 secs] 
2016-09-25T22:59:11.829-0400: 9.512: [GC (GCLocker Initiated GC) [PSYoungGen: 155276K->80854K(175104K)] 431587K->380713K(699392K), 0.0073616 secs] [Times: user=0.12 sys=0.00, real=0.01 secs] 
2016-09-25T22:59:11.874-0400: 9.557: [GC (GCLocker Initiated GC) [PSYoungGen: 168918K->64494K(175104K)] 474366K->408364K(699392K), 0.0086006 secs] [Times: user=0.14 sys=0.00, real=0.02 secs] 
2016-09-25T22:59:11.919-0400: 9.602: [GC (GCLocker Initiated GC) [PSYoungGen: 152558K->59172K(175104K)] 501889K->444215K(699392K), 0.0070815 secs] [Times: user=0.12 sys=0.00, real=0.01 secs] 
2016-09-25T22:59:11.967-0400: 9.650: [GC (GCLocker Initiated GC) [PSYoungGen: 147236K->54998K(175104K)] 537775K->462355K(699392K), 0.0071517 secs] [Times: user=0.07 sys=0.00, real=0.01 secs] 
2016-09-25T22:59:12.008-0400: 9.691: [GC (GCLocker Initiated GC) [PSYoungGen: 143062K->65794K(175104K)] 553402K->507686K(699392K), 0.0072427 secs] [Times: user=0.11 sys=0.00, real=0.01 secs] 
2016-09-25T22:59:12.052-0400: 9.735: [GC (GCLocker Initiated GC) [PSYoungGen: 153858K->67038K(175104K)] 595868K->539343K(699392K), 0.0091972 secs] [Times: user=0.15 sys=0.00, real=0.01 secs] 
2016-09-25T22:59:12.062-0400: 9.745: [Full GC (Ergonomics) [PSYoungGen: 67038K->0K(175104K)] [ParOldGen: 472304K->80501K(524288K)] 539343K->80501K(699392K), [Metaspace: 43369K->43369K(1085440K)], 0.0498504 secs] [Times: user=0.44 sys=0.01, real=0.05 secs] 
2016-09-25T22:59:12.142-0400: 9.825: [GC (GCLocker Initiated GC) [PSYoungGen: 88064K->82475K(175104K)] 174195K->168606K(699392K), 0.0071235 secs] [Times: user=0.10 sys=0.00, real=0.00 secs] 
2016-09-25T22:59:12.195-0400: 9.878: [GC (GCLocker Initiated GC) [PSYoungGen: 170539K->48294K(175104K)] 269036K->173380K(699392K), 0.0071292 secs] [Times: user=0.09 sys=0.00, real=0.01 secs] 
2016-09-25T22:59:12.225-0400: 9.908: [GC (GCLocker Initiated GC) [PSYoungGen: 136358K->84634K(175104K)] 261647K->226751K(699392K), 0.0078133 secs] [Times: user=0.12 sys=0.00, real=0.00 secs] 
2016-09-25T22:59:12.270-0400: 9.953: [GC (GCLocker Initiated GC) [PSYoungGen: 172698K->69784K(175104K)] 315049K->242289K(699392K), 0.0084726 secs] [Times: user=0.13 sys=0.00, real=0.01 secs] 
2016-09-25T22:59:12.308-0400: 9.991: [GC (GCLocker Initiated GC) [PSYoungGen: 157848K->74008K(175104K)] 330496K->275452K(699392K), 0.0095698 secs] [Times: user=0.07 sys=0.00, real=0.01 secs] 
2016-09-25T22:59:12.350-0400: 10.033: [GC (GCLocker Initiated GC) [PSYoungGen: 162072K->75358K(175104K)] 366434K->308774K(699392K), 0.0087903 secs] [Times: user=0.12 sys=0.00, real=0.01 secs] 
2016-09-25T22:59:12.393-0400: 10.076: [GC (GCLocker Initiated GC) [PSYoungGen: 163422K->79408K(175104K)] 400548K->325266K(699392K), 0.0067713 secs] [Times: user=0.10 sys=0.00, real=0.01 secs] 
2016-09-25T22:59:12.431-0400: 10.114: [GC (GCLocker Initiated GC) [PSYoungGen: 167472K->60334K(175104K)] 414883K->344827K(699392K), 0.0079342 secs] [Times: user=0.10 sys=0.00, real=0.01 secs] 
2016-09-25T22:59:12.479-0400: 10.162: [GC (GCLocker Initiated GC) [PSYoungGen: 148398K->46834K(175104K)] 441093K->379149K(699392K), 0.0075060 secs] [Times: user=0.06 sys=0.00, real=0.01 secs] 
2016-09-25T22:59:12.516-0400: 10.199: [GC (GCLocker Initiated GC) [PSYoungGen: 134898K->72672K(175104K)] 472160K->429424K(699392K), 0.0077158 secs] [Times: user=0.08 sys=0.00, real=0.01 secs] 
2016-09-25T22:59:12.558-0400: 10.242: [GC (GCLocker Initiated GC) [PSYoungGen: 160736K->73770K(175104K)] 520905K->453549K(699392K), 0.0071197 secs] [Times: user=0.09 sys=0.00, real=0.01 secs] 
2016-09-25T22:59:12.602-0400: 10.285: [GC (GCLocker Initiated GC) [PSYoungGen: 161834K->59048K(175104K)] 547146K->473144K(699392K), 0.0081033 secs] [Times: user=0.10 sys=0.01, real=0.01 secs] 
2016-09-25T22:59:12.635-0400: 10.318: [GC (GCLocker Initiated GC) [PSYoungGen: 147112K->67130K(175104K)] 561280K->500739K(699392K), 0.0098614 secs] [Times: user=0.11 sys=0.00, real=0.01 secs] 
2016-09-25T22:59:12.678-0400: 10.361: [GC (GCLocker Initiated GC) [PSYoungGen: 155194K->64526K(175104K)] 589008K->529986K(699392K), 0.0085218 secs] [Times: user=0.10 sys=0.00, real=0.01 secs] 
2016-09-25T22:59:12.719-0400: 10.402: [GC (GCLocker Initiated GC) [PSYoungGen: 152590K->75358K(175104K)] 620865K->561766K(699392K), 0.0082639 secs] [Times: user=0.12 sys=0.00, real=0.01 secs] 
2016-09-25T22:59:12.727-0400: 10.410: [Full GC (Ergonomics) [PSYoungGen: 75358K->0K(175104K)] [ParOldGen: 486408K->93669K(524288K)] 561766K->93669K(699392K), [Metaspace: 43374K->43374K(1085440K)], 0.0479187 secs] [Times: user=0.40 sys=0.01, real=0.05 secs] 
2016-09-25T22:59:12.819-0400: 10.502: [GC (GCLocker Initiated GC) [PSYoungGen: 88064K->78282K(175104K)] 190055K->180273K(699392K), 0.0072803 secs] [Times: user=0.10 sys=0.00, real=0.01 secs] 
2016-09-25T22:59:12.859-0400: 10.542: [GC (GCLocker Initiated GC) [PSYoungGen: 166346K->69830K(175104K)] 275185K->201129K(699392K), 0.0071951 secs] [Times: user=0.10 sys=0.00, real=0.01 secs] 
2016-09-25T22:59:12.902-0400: 10.585: [GC (GCLocker Initiated GC) [PSYoungGen: 157894K->71244K(175104K)] 298775K->227483K(699392K), 0.0076681 secs] [Times: user=0.10 sys=0.01, real=0.00 secs] 
2016-09-25T22:59:12.943-0400: 10.626: [GC (GCLocker Initiated GC) [PSYoungGen: 159308K->71212K(175104K)] 320979K->259123K(699392K), 0.0072552 secs] [Times: user=0.10 sys=0.00, real=0.00 secs] 
2016-09-25T22:59:12.983-0400: 10.666: [GC (GCLocker Initiated GC) [PSYoungGen: 159276K->72576K(160768K)] 351362K->284097K(685056K), 0.0078163 secs] [Times: user=0.11 sys=0.00, real=0.00 secs] 
2016-09-25T22:59:13.021-0400: 10.704: [GC (GCLocker Initiated GC) [PSYoungGen: 160640K->71148K(175616K)] 377680K->307632K(699904K), 0.0069015 secs] [Times: user=0.09 sys=0.00, real=0.01 secs] 
2016-09-25T22:59:13.062-0400: 10.745: [GC (GCLocker Initiated GC) [PSYoungGen: 160236K->76566K(174592K)] 396834K->333930K(698880K), 0.0083603 secs] [Times: user=0.11 sys=0.00, real=0.01 secs] 
2016-09-25T22:59:13.097-0400: 10.780: [GC (GCLocker Initiated GC) [PSYoungGen: 165654K->75341K(175616K)] 428457K->368382K(699904K), 0.0081641 secs] [Times: user=0.12 sys=0.00, real=0.01 secs] 
2016-09-25T22:59:13.147-0400: 10.830: [GC (GCLocker Initiated GC) [PSYoungGen: 164429K->63130K(175616K)] 460266K->378474K(699904K), 0.0073756 secs] [Times: user=0.10 sys=0.00, real=0.01 secs] 
2016-09-25T22:59:13.178-0400: 10.861: [GC (GCLocker Initiated GC) [PSYoungGen: 152218K->70008K(172544K)] 467671K->411674K(696832K), 0.0081154 secs] [Times: user=0.11 sys=0.00, real=0.01 secs] 
2016-09-25T22:59:13.220-0400: 10.903: [GC (GCLocker Initiated GC) [PSYoungGen: 159096K->68640K(174080K)] 506339K->439495K(698368K), 0.0080508 secs] [Times: user=0.10 sys=0.00, real=0.01 secs] 
2016-09-25T22:59:13.272-0400: 10.955: [GC (GCLocker Initiated GC) [PSYoungGen: 157728K->57808K(177152K)] 536209K->463925K(701440K), 0.0068345 secs] [Times: user=0.10 sys=0.00, real=0.01 secs] 
2016-09-25T22:59:13.310-0400: 10.993: [GC (GCLocker Initiated GC) [PSYoungGen: 150992K->76660K(169984K)] 569494K->521472K(694272K), 0.0086581 secs] [Times: user=0.13 sys=0.01, real=0.01 secs] 
2016-09-25T22:59:13.357-0400: 11.040: [GC (GCLocker Initiated GC) [PSYoungGen: 169844K->68416K(177664K)] 622854K->532698K(701952K), 0.0070546 secs] [Times: user=0.10 sys=0.00, real=0.01 secs] 
2016-09-25T22:59:13.398-0400: 11.081: [GC (GCLocker Initiated GC) [PSYoungGen: 160064K->68562K(160256K)] 627182K->565832K(684544K), 0.0090391 secs] [Times: user=0.12 sys=0.01, real=0.01 secs] 
2016-09-25T22:59:13.407-0400: 11.090: [Full GC (Ergonomics) [PSYoungGen: 68562K->0K(160256K)] [ParOldGen: 497269K->93201K(524288K)] 565832K->93201K(684544K), [Metaspace: 43388K->43388K(1085440K)], 0.0500411 secs] [Times: user=0.43 sys=0.01, real=0.05 secs] 
2016-09-25T22:59:13.490-0400: 11.173: [GC (GCLocker Initiated GC) [PSYoungGen: 91648K->81202K(171520K)] 193010K->190665K(695808K), 0.0068641 secs] [Times: user=0.09 sys=0.01, real=0.01 secs] 
2016-09-25T22:59:13.534-0400: 11.217: [GC (GCLocker Initiated GC) [PSYoungGen: 169778K->67084K(174592K)] 279455K->194029K(698880K), 0.0076188 secs] [Times: user=0.10 sys=0.00, real=0.00 secs] 
2016-09-25T22:59:13.580-0400: 11.263: [GC (GCLocker Initiated GC) [PSYoungGen: 155660K->71226K(173056K)] 297593K->221721K(697344K), 0.0073157 secs] [Times: user=0.10 sys=0.00, real=0.01 secs] 
2016-09-25T22:59:13.630-0400: 11.313: [GC (GCLocker Initiated GC) [PSYoungGen: 162362K->71148K(175104K)] 323883K->248081K(699392K), 0.0080237 secs] [Times: user=0.12 sys=0.01, real=0.01 secs] 
2016-09-25T22:59:13.671-0400: 11.354: [GC (GCLocker Initiated GC) [PSYoungGen: 162284K->68466K(175104K)] 339321K->287881K(699392K), 0.0078623 secs] [Times: user=0.11 sys=0.00, real=0.01 secs] 
2016-09-25T22:59:13.713-0400: 11.397: [GC (GCLocker Initiated GC) [PSYoungGen: 163698K->75340K(177152K)] 385880K->338528K(701440K), 0.0104186 secs] [Times: user=0.12 sys=0.02, real=0.02 secs] 
2016-09-25T22:59:13.757-0400: 11.440: [GC (GCLocker Initiated GC) [PSYoungGen: 170572K->75404K(178176K)] 439288K->367704K(702464K), 0.0110987 secs] [Times: user=0.14 sys=0.00, real=0.01 secs] 
2016-09-25T22:59:13.805-0400: 11.488: [GC (GCLocker Initiated GC) [PSYoungGen: 170636K->60503K(156160K)] 477907K->406201K(680448K), 0.0086157 secs] [Times: user=0.13 sys=0.00, real=0.00 secs] 
2016-09-25T22:59:13.853-0400: 11.537: [GC (GCLocker Initiated GC) [PSYoungGen: 155735K->44038K(172032K)] 510946K->440388K(696320K), 0.0083696 secs] [Times: user=0.09 sys=0.03, real=0.01 secs] 
2016-09-25T22:59:13.890-0400: 11.573: [GC (GCLocker Initiated GC) [PSYoungGen: 132102K->86222K(175104K)] 531197K->493835K(699392K), 0.0090933 secs] [Times: user=0.11 sys=0.01, real=0.01 secs] 
2016-09-25T22:59:13.932-0400: 11.615: [GC (GCLocker Initiated GC) [PSYoungGen: 174286K->61858K(175104K)] 586560K->492337K(699392K), 0.0065604 secs] [Times: user=0.08 sys=0.01, real=0.01 secs] 
2016-09-25T22:59:13.967-0400: 11.650: [GC (GCLocker Initiated GC) [PSYoungGen: 149922K->71152K(175104K)] 580477K->528010K(699392K), 0.0089699 secs] [Times: user=0.12 sys=0.00, real=0.01 secs] 
2016-09-25T22:59:14.008-0400: 11.691: [GC (GCLocker Initiated GC) [PSYoungGen: 159216K->61922K(175104K)] 621541K->561185K(699392K), 0.0076764 secs] [Times: user=0.11 sys=0.00, real=0.01 secs] 
2016-09-25T22:59:14.016-0400: 11.699: [Full GC (Ergonomics) [PSYoungGen: 61922K->0K(175104K)] [ParOldGen: 499262K->105699K(524288K)] 561185K->105699K(699392K), [Metaspace: 43406K->43406K(1085440K)], 0.0486880 secs] [Times: user=0.39 sys=0.00, real=0.05 secs] 
2016-09-25T22:59:14.099-0400: 11.782: [GC (GCLocker Initiated GC) [PSYoungGen: 88064K->86190K(175104K)] 194472K->192598K(699392K), 0.0079838 secs] [Times: user=0.10 sys=0.00, real=0.01 secs] 
2016-09-25T22:59:14.134-0400: 11.817: [GC (GCLocker Initiated GC) [PSYoungGen: 174254K->68562K(175104K)] 283438K->200085K(699392K), 0.0099063 secs] [Times: user=0.14 sys=0.00, real=0.02 secs] 
2016-09-25T22:59:14.181-0400: 11.864: [GC (GCLocker Initiated GC) [PSYoungGen: 156626K->57743K(175104K)] 296368K->241303K(699392K), 0.0078973 secs] [Times: user=0.10 sys=0.00, real=0.01 secs] 
2016-09-25T22:59:14.218-0400: 11.902: [GC (GCLocker Initiated GC) [PSYoungGen: 145807K->71307K(175104K)] 334828K->287908K(699392K), 0.0076292 secs] [Times: user=0.08 sys=0.00, real=0.01 secs] 
2016-09-25T22:59:14.259-0400: 11.942: [GC (GCLocker Initiated GC) [PSYoungGen: 159371K->65761K(175104K)] 376039K->297918K(699392K), 0.0075779 secs] [Times: user=0.07 sys=0.00, real=0.01 secs] 
2016-09-25T22:59:14.300-0400: 11.983: [GC (GCLocker Initiated GC) [PSYoungGen: 153825K->72593K(175104K)] 388788K->337808K(699392K), 0.0076695 secs] [Times: user=0.12 sys=0.00, real=0.01 secs] 
2016-09-25T22:59:14.344-0400: 12.027: [GC (GCLocker Initiated GC) [PSYoungGen: 160657K->63207K(175104K)] 435432K->365545K(699392K), 0.0079768 secs] [Times: user=0.09 sys=0.00, real=0.00 secs] 
2016-09-25T22:59:14.387-0400: 12.070: [GC (GCLocker Initiated GC) [PSYoungGen: 151271K->63143K(173056K)] 459156K->399994K(697344K), 0.0075642 secs] [Times: user=0.09 sys=0.00, real=0.01 secs] 
2016-09-25T22:59:14.424-0400: 12.107: [GC (GCLocker Initiated GC) [PSYoungGen: 151207K->65765K(174080K)] 488107K->428878K(698368K), 0.0073770 secs] [Times: user=0.11 sys=0.00, real=0.00 secs] 
2016-09-25T22:59:14.465-0400: 12.148: [GC (GCLocker Initiated GC) [PSYoungGen: 153829K->65843K(173056K)] 519774K->466024K(697344K), 0.0076089 secs] [Times: user=0.11 sys=0.00, real=0.00 secs] 
2016-09-25T22:59:14.509-0400: 12.192: [GC (GCLocker Initiated GC) [PSYoungGen: 156979K->55249K(174592K)] 568092K->508776K(698880K), 0.0075896 secs] [Times: user=0.11 sys=0.00, real=0.01 secs] 
2016-09-25T22:59:14.551-0400: 12.234: [GC (GCLocker Initiated GC) [PSYoungGen: 146385K->68557K(177152K)] 600101K->543236K(701440K), 0.0071606 secs] [Times: user=0.07 sys=0.00, real=0.01 secs] 
2016-09-25T22:59:14.558-0400: 12.241: [Full GC (Ergonomics) [PSYoungGen: 68557K->0K(177152K)] [ParOldGen: 474679K->97832K(524288K)] 543236K->97832K(701440K), [Metaspace: 43408K->43408K(1085440K)], 0.0455062 secs] [Times: user=0.36 sys=0.00, real=0.05 secs] 
2016-09-25T22:59:14.636-0400: 12.319: [GC (GCLocker Initiated GC) [PSYoungGen: 94720K->82331K(177152K)] 194170K->189882K(701440K), 0.0079012 secs] [Times: user=0.12 sys=0.00, real=0.01 secs] 
2016-09-25T22:59:14.678-0400: 12.361: [GC (GCLocker Initiated GC) [PSYoungGen: 177051K->65875K(176128K)] 288355K->203720K(700416K), 0.0073972 secs] [Times: user=0.10 sys=0.01, real=0.01 secs] 
2016-09-25T22:59:14.724-0400: 12.407: [GC (GCLocker Initiated GC) [PSYoungGen: 157011K->68543K(159744K)] 303070K->244901K(684032K), 0.0077050 secs] [Times: user=0.11 sys=0.00, real=0.00 secs] 
2016-09-25T22:59:14.769-0400: 12.452: [GC (GCLocker Initiated GC) [PSYoungGen: 159679K->53629K(175616K)] 345605K->272551K(699904K), 0.0068136 secs] [Times: user=0.08 sys=0.01, real=0.01 secs] 
2016-09-25T22:59:14.808-0400: 12.491: [GC (GCLocker Initiated GC) [PSYoungGen: 144765K->80520K(172032K)] 363789K->328461K(696320K), 0.0089551 secs] [Times: user=0.13 sys=0.00, real=0.01 secs] 
2016-09-25T22:59:14.855-0400: 12.538: [GC (GCLocker Initiated GC) [PSYoungGen: 171656K->45579K(175104K)] 419754K->349545K(699392K), 0.0074889 secs] [Times: user=0.10 sys=0.01, real=0.01 secs] 
2016-09-25T22:59:14.904-0400: 12.587: [GC (GCLocker Initiated GC) [PSYoungGen: 133643K->68667K(175104K)] 440448K->398991K(699392K), 0.0079552 secs] [Times: user=0.12 sys=0.00, real=0.00 secs] 
2016-09-25T22:59:14.938-0400: 12.621: [GC (GCLocker Initiated GC) [PSYoungGen: 156731K->80570K(175104K)] 487215K->428004K(699392K), 0.0075452 secs] [Times: user=0.10 sys=0.00, real=0.01 secs] 
2016-09-25T22:59:14.981-0400: 12.664: [GC (GCLocker Initiated GC) [PSYoungGen: 168634K->72593K(175104K)] 518831K->458339K(699392K), 0.0086032 secs] [Times: user=0.13 sys=0.00, real=0.01 secs] 
2016-09-25T22:59:15.030-0400: 12.713: [GC (GCLocker Initiated GC) [PSYoungGen: 160657K->57775K(175104K)] 556090K->486111K(699392K), 0.0075001 secs] [Times: user=0.10 sys=0.01, real=0.01 secs] 
2016-09-25T22:59:15.067-0400: 12.750: [GC (GCLocker Initiated GC) [PSYoungGen: 145839K->86140K(175104K)] 579710K->532732K(699392K), 0.0079199 secs] [Times: user=0.12 sys=0.01, real=0.01 secs] 
2016-09-25T22:59:15.120-0400: 12.803: [GC (GCLocker Initiated GC) [PSYoungGen: 174204K->61491K(175104K)] 627857K->530556K(699392K), 0.0093497 secs] [Times: user=0.07 sys=0.00, real=0.01 secs] 
2016-09-25T22:59:15.152-0400: 12.835: [GC (GCLocker Initiated GC) [PSYoungGen: 149555K->84634K(175104K)] 618660K->567741K(699392K), 0.0081639 secs] [Times: user=0.11 sys=0.00, real=0.01 secs] 
2016-09-25T22:59:15.160-0400: 12.843: [Full GC (Ergonomics) [PSYoungGen: 84634K->0K(175104K)] [ParOldGen: 483106K->114382K(524288K)] 567741K->114382K(699392K), [Metaspace: 43408K->43408K(1085440K)], 0.0492771 secs] [Times: user=0.37 sys=0.00, real=0.05 secs] 
2016-09-25T22:59:15.246-0400: 12.929: [GC (GCLocker Initiated GC) [PSYoungGen: 88064K->78298K(175104K)] 205364K->195598K(699392K), 0.0064632 secs] [Times: user=0.07 sys=0.00, real=0.00 secs] 
2016-09-25T22:59:15.290-0400: 12.973: [GC (GCLocker Initiated GC) [PSYoungGen: 166362K->49611K(175104K)] 286829K->187111K(699392K), 0.0080892 secs] [Times: user=0.06 sys=0.00, real=0.01 secs] 
2016-09-25T22:59:15.326-0400: 13.009: [GC (GCLocker Initiated GC) [PSYoungGen: 137675K->76708K(175104K)] 283399K->240616K(699392K), 0.0067002 secs] [Times: user=0.08 sys=0.00, real=0.00 secs] 
2016-09-25T22:59:15.373-0400: 13.056: [GC (GCLocker Initiated GC) [PSYoungGen: 164772K->65812K(175104K)] 334189K->277642K(699392K), 0.0075040 secs] [Times: user=0.11 sys=0.00, real=0.01 secs] 
2016-09-25T22:59:15.416-0400: 13.099: [GC (GCLocker Initiated GC) [PSYoungGen: 153876K->50819K(175104K)] 368486K->309173K(699392K), 0.0075649 secs] [Times: user=0.10 sys=0.00, real=0.01 secs] 
2016-09-25T22:59:15.456-0400: 13.139: [GC (GCLocker Initiated GC) [PSYoungGen: 138883K->73944K(175104K)] 397844K->354914K(699392K), 0.0075019 secs] [Times: user=0.12 sys=0.00, real=0.01 secs] 
2016-09-25T22:59:15.498-0400: 13.181: [GC (GCLocker Initiated GC) [PSYoungGen: 162008K->50948K(175104K)] 444431K->362317K(699392K), 0.0068743 secs] [Times: user=0.07 sys=0.01, real=0.01 secs] 
2016-09-25T22:59:15.530-0400: 13.213: [GC (GCLocker Initiated GC) [PSYoungGen: 139012K->78104K(175104K)] 455850K->425188K(699392K), 0.0081429 secs] [Times: user=0.12 sys=0.00, real=0.01 secs] 
2016-09-25T22:59:15.579-0400: 13.262: [GC (GCLocker Initiated GC) [PSYoungGen: 166168K->58983K(175104K)] 519172K->431601K(699392K), 0.0059220 secs] [Times: user=0.08 sys=0.00, real=0.01 secs] 
2016-09-25T22:59:15.612-0400: 13.295: [GC (GCLocker Initiated GC) [PSYoungGen: 147047K->63148K(175104K)] 519803K->471525K(699392K), 0.0097273 secs] [Times: user=0.14 sys=0.00, real=0.01 secs] 
2016-09-25T22:59:15.658-0400: 13.341: [GC (GCLocker Initiated GC) [PSYoungGen: 151212K->67271K(175104K)] 570652K->515653K(699392K), 0.0074914 secs] [Times: user=0.11 sys=0.00, real=0.01 secs] 
2016-09-25T22:59:15.705-0400: 13.388: [GC (GCLocker Initiated GC) [PSYoungGen: 155335K->65765K(175104K)] 606542K->544602K(699392K), 0.0068141 secs] [Times: user=0.09 sys=0.00, real=0.00 secs] 
2016-09-25T22:59:15.712-0400: 13.395: [Full GC (Ergonomics) [PSYoungGen: 65765K->0K(175104K)] [ParOldGen: 478836K->104865K(524288K)] 544602K->104865K(699392K), [Metaspace: 43417K->43417K(1085440K)], 0.0585794 secs] [Times: user=0.40 sys=0.02, real=0.06 secs] 
2016-09-25T22:59:15.797-0400: 13.480: [GC (GCLocker Initiated GC) [PSYoungGen: 88064K->86414K(175104K)] 193196K->196946K(699392K), 0.0062156 secs] [Times: user=0.09 sys=0.00, real=0.01 secs] 
2016-09-25T22:59:15.836-0400: 13.519: [GC (GCLocker Initiated GC) [PSYoungGen: 174478K->64571K(175104K)] 287816K->196299K(699392K), 0.0078049 secs] [Times: user=0.10 sys=0.00, real=0.01 secs] 
2016-09-25T22:59:15.883-0400: 13.566: [GC (GCLocker Initiated GC) [PSYoungGen: 152635K->56379K(175104K)] 292710K->221396K(699392K), 0.0057946 secs] [Times: user=0.08 sys=0.00, real=0.00 secs] 
2016-09-25T22:59:15.917-0400: 13.600: [GC (GCLocker Initiated GC) [PSYoungGen: 144443K->86221K(175104K)] 312286K->261328K(699392K), 0.0078704 secs] [Times: user=0.11 sys=0.00, real=0.01 secs] 
2016-09-25T22:59:15.959-0400: 13.642: [GC (GCLocker Initiated GC) [PSYoungGen: 174285K->75197K(175104K)] 354971K->286254K(699392K), 0.0075931 secs] [Times: user=0.11 sys=0.00, real=0.01 secs] 
2016-09-25T22:59:16.009-0400: 13.693: [GC (GCLocker Initiated GC) [PSYoungGen: 163261K->71151K(175104K)] 374420K->297587K(699392K), 0.0073247 secs] [Times: user=0.10 sys=0.01, real=0.01 secs] 
2016-09-25T22:59:16.059-0400: 13.742: [GC (GCLocker Initiated GC) [PSYoungGen: 159215K->50975K(175104K)] 395340K->307836K(699392K), 0.0088971 secs] [Times: user=0.08 sys=0.00, real=0.01 secs] 
2016-09-25T22:59:16.110-0400: 13.793: [GC (GCLocker Initiated GC) [PSYoungGen: 139039K->52357K(175104K)] 404037K->327366K(699392K), 0.0149609 secs] [Times: user=0.16 sys=0.01, real=0.02 secs] 
2016-09-25T22:59:16.163-0400: 13.846: [GC (GCLocker Initiated GC) [PSYoungGen: 140421K->53455K(175104K)] 421044K->344109K(699392K), 0.0098744 secs] [Times: user=0.06 sys=0.00, real=0.00 secs] 
2016-09-25T22:59:16.216-0400: 13.899: [GC (GCLocker Initiated GC) [PSYoungGen: 141519K->46833K(175104K)] 435032K->374589K(699392K), 0.0068858 secs] [Times: user=0.06 sys=0.00, real=0.01 secs] 
2016-09-25T22:59:16.263-0400: 13.946: [GC (GCLocker Initiated GC) [PSYoungGen: 134897K->71275K(175104K)] 465561K->409143K(699392K), 0.0120575 secs] [Times: user=0.11 sys=0.00, real=0.01 secs] 
2016-09-25T22:59:16.311-0400: 13.994: [GC (GCLocker Initiated GC) [PSYoungGen: 159339K->63015K(175104K)] 498967K->411354K(699392K), 0.0242008 secs] [Times: user=0.26 sys=0.01, real=0.03 secs] 
2016-09-25T22:59:16.378-0400: 14.061: [GC (GCLocker Initiated GC) [PSYoungGen: 151079K->65779K(175104K)] 504941K->452585K(699392K), 0.0083478 secs] [Times: user=0.08 sys=0.00, real=0.01 secs] 
2016-09-25T22:59:16.417-0400: 14.100: [GC (GCLocker Initiated GC) [PSYoungGen: 153843K->68594K(175104K)] 543488K->489832K(699392K), 0.0199382 secs] [Times: user=0.32 sys=0.00, real=0.02 secs] 
2016-09-25T22:59:16.472-0400: 14.155: [GC (GCLocker Initiated GC) [PSYoungGen: 156658K->52376K(175104K)] 583412K->525600K(699392K), 0.0101253 secs] [Times: user=0.09 sys=0.00, real=0.02 secs] 
2016-09-25T22:59:16.483-0400: 14.166: [Full GC (Ergonomics) [PSYoungGen: 52376K->0K(175104K)] [ParOldGen: 473224K->115453K(524288K)] 525600K->115453K(699392K), [Metaspace: 43417K->43417K(1085440K)], 0.0570803 secs] [Times: user=0.42 sys=0.00, real=0.05 secs] 
2016-09-25T22:59:16.586-0400: 14.269: [GC (GCLocker Initiated GC) [PSYoungGen: 88064K->69847K(175104K)] 211743K->193526K(699392K), 0.0154113 secs] [Times: user=0.11 sys=0.01, real=0.01 secs] 
2016-09-25T22:59:16.641-0400: 14.324: [GC (GCLocker Initiated GC) [PSYoungGen: 157911K->67129K(175104K)] 281738K->201032K(699392K), 0.0096842 secs] [Times: user=0.08 sys=0.00, real=0.01 secs] 
2016-09-25T22:59:16.684-0400: 14.367: [GC (GCLocker Initiated GC) [PSYoungGen: 155193K->80693K(175104K)] 291866K->239621K(699392K), 0.0131986 secs] [Times: user=0.15 sys=0.00, real=0.01 secs] 
2016-09-25T22:59:16.731-0400: 14.414: [GC (GCLocker Initiated GC) [PSYoungGen: 168757K->75215K(175104K)] 327731K->256420K(699392K), 0.0092983 secs] [Times: user=0.12 sys=0.00, real=0.01 secs] 
2016-09-25T22:59:16.776-0400: 14.459: [GC (GCLocker Initiated GC) [PSYoungGen: 163279K->68635K(175104K)] 363529K->297720K(699392K), 0.0093238 secs] [Times: user=0.13 sys=0.00, real=0.01 secs] 
2016-09-25T22:59:16.834-0400: 14.517: [GC (GCLocker Initiated GC) [PSYoungGen: 156699K->75151K(175104K)] 385856K->313067K(699392K), 0.0072698 secs] [Times: user=0.08 sys=0.00, real=0.00 secs] 
2016-09-25T22:59:16.875-0400: 14.558: [GC (GCLocker Initiated GC) [PSYoungGen: 163215K->60269K(175104K)] 403959K->316248K(699392K), 0.0080022 secs] [Times: user=0.06 sys=0.00, real=0.01 secs] 
2016-09-25T22:59:16.921-0400: 14.604: [GC (GCLocker Initiated GC) [PSYoungGen: 148333K->71257K(175104K)] 412522K->362979K(699392K), 0.0073383 secs] [Times: user=0.07 sys=0.00, real=0.01 secs] 
2016-09-25T22:59:16.971-0400: 14.654: [GC (GCLocker Initiated GC) [PSYoungGen: 159321K->72511K(175104K)] 459393K->378576K(699392K), 0.0148427 secs] [Times: user=0.18 sys=0.01, real=0.02 secs] 
2016-09-25T22:59:17.028-0400: 14.711: [GC (GCLocker Initiated GC) [PSYoungGen: 160575K->64287K(175104K)] 472189K->385916K(699392K), 0.0082400 secs] [Times: user=0.12 sys=0.00, real=0.01 secs] 
2016-09-25T22:59:17.072-0400: 14.755: [GC (GCLocker Initiated GC) [PSYoungGen: 152351K->75297K(175104K)] 476844K->417826K(699392K), 0.0081004 secs] [Times: user=0.11 sys=0.00, real=0.01 secs] 
2016-09-25T22:59:17.119-0400: 14.802: [GC (GCLocker Initiated GC) [PSYoungGen: 163361K->78149K(175104K)] 514826K->453050K(699392K), 0.0117633 secs] [Times: user=0.09 sys=0.00, real=0.01 secs] 
2016-09-25T22:59:17.177-0400: 14.860: [GC (GCLocker Initiated GC) [PSYoungGen: 166213K->64493K(175104K)] 550638K->480627K(699392K), 0.0096614 secs] [Times: user=0.13 sys=0.00, real=0.01 secs] 
2016-09-25T22:59:17.232-0400: 14.915: [GC (GCLocker Initiated GC) [PSYoungGen: 152557K->81855K(175104K)] 568946K->525772K(699392K), 0.0080401 secs] [Times: user=0.14 sys=0.00, real=0.01 secs] 
2016-09-25T22:59:17.275-0400: 14.958: [GC (GCLocker Initiated GC) [PSYoungGen: 169919K->61935K(175104K)] 625532K->558411K(699392K), 0.0099286 secs] [Times: user=0.16 sys=0.00, real=0.01 secs] 
2016-09-25T22:59:17.286-0400: 14.969: [Full GC (Ergonomics) [PSYoungGen: 61935K->0K(175104K)] [ParOldGen: 496475K->124547K(524288K)] 558411K->124547K(699392K), [Metaspace: 43426K->43426K(1085440K)], 0.0531503 secs] [Times: user=0.42 sys=0.00, real=0.05 secs] 
2016-09-25T22:59:17.377-0400: 15.060: [GC (GCLocker Initiated GC) [PSYoungGen: 88064K->61939K(175104K)] 212704K->186580K(699392K), 0.0115046 secs] [Times: user=0.13 sys=0.01, real=0.01 secs] 
2016-09-25T22:59:17.436-0400: 15.119: [GC (GCLocker Initiated GC) [PSYoungGen: 150003K->49707K(175104K)] 282855K->219661K(699392K), 0.0070916 secs] [Times: user=0.11 sys=0.00, real=0.01 secs] 
2016-09-25T22:59:17.480-0400: 15.163: [GC (GCLocker Initiated GC) [PSYoungGen: 137771K->71229K(175104K)] 307854K->264929K(699392K), 0.0086545 secs] [Times: user=0.14 sys=0.00, real=0.01 secs] 
2016-09-25T22:59:17.534-0400: 15.217: [GC (GCLocker Initiated GC) [PSYoungGen: 159293K->61871K(175104K)] 363925K->291360K(699392K), 0.0069168 secs] [Times: user=0.09 sys=0.00, real=0.01 secs] 
2016-09-25T22:59:17.584-0400: 15.267: [GC (GCLocker Initiated GC) [PSYoungGen: 149935K->48279K(175104K)] 382295K->294796K(699392K), 0.0088582 secs] [Times: user=0.12 sys=0.00, real=0.00 secs] 
2016-09-25T22:59:17.634-0400: 15.317: [GC (GCLocker Initiated GC) [PSYoungGen: 136343K->60540K(175104K)] 385904K->341688K(699392K), 0.0069633 secs] [Times: user=0.09 sys=0.01, real=0.01 secs] 
2016-09-25T22:59:17.677-0400: 15.360: [GC (GCLocker Initiated GC) [PSYoungGen: 148604K->68576K(175104K)] 433887K->373419K(699392K), 0.0114725 secs] [Times: user=0.08 sys=0.01, real=0.01 secs] 
2016-09-25T22:59:17.735-0400: 15.418: [GC (GCLocker Initiated GC) [PSYoungGen: 156640K->61826K(150016K)] 466986K->402464K(674304K), 0.0116500 secs] [Times: user=0.14 sys=0.00, real=0.01 secs] 
2016-09-25T22:59:17.787-0400: 15.470: [GC (GCLocker Initiated GC) [PSYoungGen: 149890K->49579K(173056K)] 496288K->424904K(697344K), 0.0117378 secs] [Times: user=0.08 sys=0.01, real=0.01 secs] 
2016-09-25T22:59:17.829-0400: 15.512: [GC (GCLocker Initiated GC) [PSYoungGen: 137131K->53520K(173568K)] 512483K->452351K(697856K), 0.0069372 secs] [Times: user=0.06 sys=0.00, real=0.01 secs] 
2016-09-25T22:59:17.881-0400: 15.564: [GC (GCLocker Initiated GC) [PSYoungGen: 141072K->68731K(176128K)] 550817K->492530K(700416K), 0.0095952 secs] [Times: user=0.08 sys=0.00, real=0.01 secs] 
2016-09-25T22:59:17.933-0400: 15.616: [GC (GCLocker Initiated GC) [PSYoungGen: 159355K->34523K(125440K)] 595339K->490050K(649728K), 0.0084484 secs] [Times: user=0.05 sys=0.01, real=0.01 secs] 
2016-09-25T22:59:17.975-0400: 15.658: [GC (GCLocker Initiated GC) [PSYoungGen: 125147K->72639K(175104K)] 586213K->551709K(699392K), 0.0132816 secs] [Times: user=0.16 sys=0.00, real=0.01 secs] 
2016-09-25T22:59:18.030-0400: 15.713: [GC (GCLocker Initiated GC) [PSYoungGen: 160703K->53551K(175104K)] 639928K->571216K(699392K), 0.0098523 secs] [Times: user=0.12 sys=0.02, real=0.01 secs] 
2016-09-25T22:59:18.040-0400: 15.724: [Full GC (Ergonomics) [PSYoungGen: 53551K->0K(175104K)] [ParOldGen: 517664K->122361K(524288K)] 571216K->122361K(699392K), [Metaspace: 43432K->43432K(1085440K)], 0.0549021 secs] [Times: user=0.35 sys=0.00, real=0.06 secs] 
2016-09-25T22:59:18.132-0400: 15.815: [GC (GCLocker Initiated GC) [PSYoungGen: 88064K->64607K(175104K)] 210561K->187105K(699392K), 0.0075248 secs] [Times: user=0.11 sys=0.00, real=0.01 secs] 
2016-09-25T22:59:18.174-0400: 15.857: [GC (GCLocker Initiated GC) [PSYoungGen: 152671K->57871K(146432K)] 275363K->204243K(670720K), 0.0064677 secs] [Times: user=0.08 sys=0.00, real=0.01 secs] 
2016-09-25T22:59:18.215-0400: 15.898: [GC (GCLocker Initiated GC) [PSYoungGen: 145935K->68621K(172544K)] 296521K->236094K(696832K), 0.0078550 secs] [Times: user=0.07 sys=0.00, real=0.01 secs] 
2016-09-25T22:59:18.266-0400: 15.949: [GC (GCLocker Initiated GC) [PSYoungGen: 156173K->50993K(173056K)] 330737K->243712K(697344K), 0.0070220 secs] [Times: user=0.06 sys=0.00, real=0.00 secs] 
2016-09-25T22:59:18.301-0400: 15.984: [GC (GCLocker Initiated GC) [PSYoungGen: 138545K->69788K(175104K)] 331373K->284831K(699392K), 0.0075809 secs] [Times: user=0.11 sys=0.00, real=0.01 secs] 
2016-09-25T22:59:18.350-0400: 16.033: [GC (GCLocker Initiated GC) [PSYoungGen: 159900K->65903K(176128K)] 383226K->311259K(700416K), 0.0075723 secs] [Times: user=0.10 sys=0.00, real=0.01 secs] 
2016-09-25T22:59:18.402-0400: 16.085: [GC (GCLocker Initiated GC) [PSYoungGen: 156015K->69815K(175616K)] 409553K->329416K(699904K), 0.0089131 secs] [Times: user=0.10 sys=0.01, real=0.00 secs] 
2016-09-25T22:59:18.450-0400: 16.133: [GC (GCLocker Initiated GC) [PSYoungGen: 159927K->54883K(145408K)] 426399K->366418K(669696K), 0.0092395 secs] [Times: user=0.12 sys=0.01, real=0.01 secs] 
2016-09-25T22:59:18.498-0400: 16.181: [GC (GCLocker Initiated GC) [PSYoungGen: 144995K->76657K(173056K)] 464796K->414471K(697344K), 0.0090956 secs] [Times: user=0.10 sys=0.00, real=0.01 secs] 
2016-09-25T22:59:18.555-0400: 16.238: [GC (GCLocker Initiated GC) [PSYoungGen: 164721K->61698K(175104K)] 512149K->424492K(699392K), 0.0074282 secs] [Times: user=0.05 sys=0.00, real=0.01 secs] 
2016-09-25T22:59:18.602-0400: 16.285: [GC (GCLocker Initiated GC) [PSYoungGen: 149762K->69862K(174080K)] 520914K->453668K(698368K), 0.0095950 secs] [Times: user=0.11 sys=0.00, real=0.01 secs] 
2016-09-25T22:59:18.645-0400: 16.328: [GC (GCLocker Initiated GC) [PSYoungGen: 158950K->79376K(175104K)] 542890K->471916K(699392K), 0.0125460 secs] [Times: user=0.12 sys=0.00, real=0.01 secs] 
2016-09-25T22:59:18.702-0400: 16.385: [GC (GCLocker Initiated GC) [PSYoungGen: 168464K->50866K(175104K)] 569240K->483211K(699392K), 0.0092994 secs] [Times: user=0.11 sys=0.00, real=0.01 secs] 
2016-09-25T22:59:18.743-0400: 16.426: [GC (GCLocker Initiated GC) [PSYoungGen: 138930K->65894K(175104K)] 571364K->523140K(699392K), 0.0071908 secs] [Times: user=0.10 sys=0.00, real=0.00 secs] 
2016-09-25T22:59:18.782-0400: 16.466: [GC (GCLocker Initiated GC) [PSYoungGen: 153958K->65876K(174080K)] 611334K->561711K(698368K), 0.0077149 secs] [Times: user=0.11 sys=0.00, real=0.00 secs] 
2016-09-25T22:59:18.790-0400: 16.473: [Full GC (Ergonomics) [PSYoungGen: 65876K->0K(174080K)] [ParOldGen: 495834K->132701K(524288K)] 561711K->132701K(698368K), [Metaspace: 43433K->43433K(1085440K)], 0.0557848 secs] [Times: user=0.47 sys=0.01, real=0.06 secs] 
2016-09-25T22:59:18.886-0400: 16.569: [GC (GCLocker Initiated GC) [PSYoungGen: 88064K->63432K(151552K)] 222264K->197632K(675840K), 0.0092653 secs] [Times: user=0.10 sys=0.00, real=0.01 secs] 
2016-09-25T22:59:18.927-0400: 16.610: [GC (GCLocker Initiated GC) [PSYoungGen: 151496K->61702K(175616K)] 288555K->233418K(699904K), 0.0089215 secs] [Times: user=0.07 sys=0.00, real=0.01 secs] 
2016-09-25T22:59:18.976-0400: 16.659: [GC (GCLocker Initiated GC) [PSYoungGen: 152838K->67207K(174080K)] 324680K->253006K(698368K), 0.0071747 secs] [Times: user=0.07 sys=0.01, real=0.01 secs] 
2016-09-25T22:59:19.026-0400: 16.709: [GC (GCLocker Initiated GC) [PSYoungGen: 158343K->46815K(175104K)] 352417K->265874K(699392K), 0.0067464 secs] [Times: user=0.06 sys=0.00, real=0.00 secs] 
2016-09-25T22:59:19.069-0400: 16.752: [GC (GCLocker Initiated GC) [PSYoungGen: 139999K->64603K(176640K)] 363168K->309911K(700928K), 0.0096011 secs] [Times: user=0.14 sys=0.00, real=0.01 secs] 
2016-09-25T22:59:19.121-0400: 16.804: [GC (GCLocker Initiated GC) [PSYoungGen: 157787K->42801K(177152K)] 408520K->333341K(701440K), 0.0065763 secs] [Times: user=0.08 sys=0.00, real=0.01 secs] 
2016-09-25T22:59:19.160-0400: 16.843: [GC (GCLocker Initiated GC) [PSYoungGen: 138033K->80867K(176128K)] 431445K->386884K(700416K), 0.0099413 secs] [Times: user=0.16 sys=0.00, real=0.01 secs] 
2016-09-25T22:59:19.221-0400: 16.904: [GC (GCLocker Initiated GC) [PSYoungGen: 176099K->72575K(174080K)] 488658K->399355K(698368K), 0.0074383 secs] [Times: user=0.12 sys=0.00, real=0.01 secs] 
2016-09-25T22:59:19.273-0400: 16.956: [GC (GCLocker Initiated GC) [PSYoungGen: 160639K->56237K(175104K)] 487784K->390629K(699392K), 0.0075379 secs] [Times: user=0.09 sys=0.00, real=0.01 secs] 
2016-09-25T22:59:19.315-0400: 16.998: [GC (GCLocker Initiated GC) [PSYoungGen: 144301K->62956K(173056K)] 484189K->419528K(697344K), 0.0144070 secs] [Times: user=0.16 sys=0.01, real=0.01 secs] 
2016-09-25T22:59:19.373-0400: 17.056: [GC (GCLocker Initiated GC) [PSYoungGen: 151020K->43991K(174080K)] 510437K->436201K(698368K), 0.0125119 secs] [Times: user=0.14 sys=0.01, real=0.02 secs] 
2016-09-25T22:59:19.422-0400: 17.105: [GC (GCLocker Initiated GC) [PSYoungGen: 132055K->72331K(175104K)] 532440K->479962K(699392K), 0.0097729 secs] [Times: user=0.11 sys=0.00, real=0.00 secs] 
2016-09-25T22:59:19.478-0400: 17.161: [GC (GCLocker Initiated GC) [PSYoungGen: 160395K->54860K(175104K)] 577642K->499470K(699392K), 0.0068995 secs] [Times: user=0.10 sys=0.01, real=0.01 secs] 
2016-09-25T22:59:19.516-0400: 17.199: [GC (GCLocker Initiated GC) [PSYoungGen: 142924K->72428K(175104K)] 593028K->535073K(699392K), 0.0076559 secs] [Times: user=0.11 sys=0.00, real=0.01 secs] 
2016-09-25T22:59:19.559-0400: 17.242: [GC (GCLocker Initiated GC) [PSYoungGen: 160492K->54753K(175104K)] 623221K->557026K(699392K), 0.0121605 secs] [Times: user=0.17 sys=0.01, real=0.01 secs] 
2016-09-25T22:59:19.571-0400: 17.254: [Full GC (Ergonomics) [PSYoungGen: 54753K->0K(175104K)] [ParOldGen: 502273K->127792K(524288K)] 557026K->127792K(699392K), [Metaspace: 43437K->43437K(1085440K)], 0.0543671 secs] [Times: user=0.53 sys=0.00, real=0.06 secs] 
2016-09-25T22:59:19.683-0400: 17.366: [GC (GCLocker Initiated GC) [PSYoungGen: 88064K->86075K(175104K)] 228146K->231557K(699392K), 0.0119574 secs] [Times: user=0.17 sys=0.00, real=0.01 secs] 
2016-09-25T22:59:19.748-0400: 17.431: [GC (GCLocker Initiated GC) [PSYoungGen: 174139K->65568K(175104K)] 319645K->241248K(699392K), 0.0140190 secs] [Times: user=0.20 sys=0.00, real=0.01 secs] 
2016-09-25T22:59:19.793-0400: 17.476: [GC (GCLocker Initiated GC) [PSYoungGen: 153632K->69714K(175104K)] 334828K->268749K(699392K), 0.0074357 secs] [Times: user=0.11 sys=0.00, real=0.01 secs] 
2016-09-25T22:59:19.833-0400: 17.516: [GC (GCLocker Initiated GC) [PSYoungGen: 157778K->73798K(175104K)] 363648K->296153K(699392K), 0.0077336 secs] [Times: user=0.12 sys=0.00, real=0.01 secs] 
2016-09-25T22:59:19.899-0400: 17.582: [GC (GCLocker Initiated GC) [PSYoungGen: 161862K->70936K(175104K)] 392370K->330164K(699392K), 0.0108600 secs] [Times: user=0.15 sys=0.00, real=0.01 secs] 
2016-09-25T22:59:19.963-0400: 17.646: [GC (GCLocker Initiated GC) [PSYoungGen: 159000K->71050K(175104K)] 418882K->352825K(699392K), 0.0089988 secs] [Times: user=0.14 sys=0.00, real=0.00 secs] 
2016-09-25T22:59:20.015-0400: 17.698: [GC (GCLocker Initiated GC) [PSYoungGen: 159114K->52068K(175104K)] 442753K->371220K(699392K), 0.0077909 secs] [Times: user=0.11 sys=0.00, real=0.01 secs] 
2016-09-25T22:59:20.047-0400: 17.730: [GC (GCLocker Initiated GC) [PSYoungGen: 140132K->68460K(175104K)] 468914K->436705K(699392K), 0.0087157 secs] [Times: user=0.13 sys=0.00, real=0.01 secs] 
2016-09-25T22:59:20.093-0400: 17.776: [GC (GCLocker Initiated GC) [PSYoungGen: 156524K->77785K(175104K)] 532949K->470843K(699392K), 0.0074593 secs] [Times: user=0.10 sys=0.00, real=0.01 secs] 
2016-09-25T22:59:20.153-0400: 17.836: [GC (GCLocker Initiated GC) [PSYoungGen: 165849K->65632K(175104K)] 568546K->487550K(699392K), 0.0111512 secs] [Times: user=0.16 sys=0.00, real=0.02 secs] 
2016-09-25T22:59:20.224-0400: 17.908: [GC (GCLocker Initiated GC) [PSYoungGen: 153696K->66889K(175104K)] 581118K->513508K(699392K), 0.0172631 secs] [Times: user=0.23 sys=0.00, real=0.01 secs] 
2016-09-25T22:59:20.270-0400: 17.953: [GC (GCLocker Initiated GC) [PSYoungGen: 154953K->65522K(153600K)] 601626K->535412K(677888K), 0.0097870 secs] [Times: user=0.13 sys=0.00, real=0.01 secs] 
2016-09-25T22:59:20.309-0400: 17.992: [GC (GCLocker Initiated GC) [PSYoungGen: 153586K->73700K(172032K)] 626295K->564293K(696320K), 0.0125444 secs] [Times: user=0.18 sys=0.00, real=0.01 secs] 
2016-09-25T22:59:20.322-0400: 18.005: [Full GC (Ergonomics) [PSYoungGen: 73700K->0K(172032K)] [ParOldGen: 490592K->136634K(524288K)] 564293K->136634K(696320K), [Metaspace: 43447K->43447K(1085440K)], 0.0706276 secs] [Times: user=0.47 sys=0.01, real=0.07 secs] 
2016-09-25T22:59:20.456-0400: 18.139: [GC (GCLocker Initiated GC) [PSYoungGen: 87040K->71163K(173056K)] 226593K->210717K(697344K), 0.0113383 secs] [Times: user=0.13 sys=0.00, real=0.01 secs] 
2016-09-25T22:59:20.507-0400: 18.190: [GC (GCLocker Initiated GC) [PSYoungGen: 158203K->70904K(174592K)] 303249K->223165K(698880K), 0.0087042 secs] [Times: user=0.09 sys=0.00, real=0.01 secs] 
2016-09-25T22:59:20.553-0400: 18.236: [GC (GCLocker Initiated GC) [PSYoungGen: 161528K->68172K(175616K)] 315271K->241127K(699904K), 0.0089335 secs] [Times: user=0.08 sys=0.01, real=0.01 secs] 
2016-09-25T22:59:20.609-0400: 18.292: [GC (GCLocker Initiated GC) [PSYoungGen: 158796K->58786K(176640K)] 331932K->265989K(700928K), 0.0131388 secs] [Times: user=0.14 sys=0.00, real=0.01 secs] 
2016-09-25T22:59:20.670-0400: 18.354: [GC (GCLocker Initiated GC) [PSYoungGen: 151970K->76499K(176640K)] 362004K->334095K(700928K), 0.0134885 secs] [Times: user=0.19 sys=0.00, real=0.02 secs] 
2016-09-25T22:59:20.727-0400: 18.410: [GC (GCLocker Initiated GC) [PSYoungGen: 169683K->65536K(177152K)] 434154K->351916K(701440K), 0.0079792 secs] [Times: user=0.07 sys=0.00, real=0.01 secs] 
2016-09-25T22:59:20.774-0400: 18.457: [GC (GCLocker Initiated GC) [PSYoungGen: 158208K->50622K(176640K)] 454542K->352678K(700928K), 0.0092405 secs] [Times: user=0.06 sys=0.00, real=0.02 secs] 
2016-09-25T22:59:20.837-0400: 18.520: [GC (GCLocker Initiated GC) [PSYoungGen: 143294K->41172K(173568K)] 446719K->369223K(697856K), 0.0116570 secs] [Times: user=0.14 sys=0.00, real=0.01 secs] 
2016-09-25T22:59:20.891-0400: 18.574: [GC (GCLocker Initiated GC) [PSYoungGen: 129236K->85996K(175104K)] 462850K->430696K(699392K), 0.0123270 secs] [Times: user=0.14 sys=0.01, real=0.02 secs] 
2016-09-25T22:59:20.952-0400: 18.635: [GC (GCLocker Initiated GC) [PSYoungGen: 174060K->53482K(175104K)] 521547K->439167K(699392K), 0.0073460 secs] [Times: user=0.11 sys=0.00, real=0.01 secs] 
2016-09-25T22:59:20.987-0400: 18.670: [GC (GCLocker Initiated GC) [PSYoungGen: 141546K->66968K(175104K)] 530353K->483085K(699392K), 0.0076346 secs] [Times: user=0.10 sys=0.01, real=0.01 secs] 
2016-09-25T22:59:21.034-0400: 18.717: [GC (GCLocker Initiated GC) [PSYoungGen: 155032K->76354K(175104K)] 571210K->507735K(699392K), 0.0110492 secs] [Times: user=0.12 sys=0.00, real=0.02 secs] 
2016-09-25T22:59:21.087-0400: 18.770: [GC (GCLocker Initiated GC) [PSYoungGen: 164418K->72415K(175104K)] 595914K->542017K(699392K), 0.0135389 secs] [Times: user=0.14 sys=0.01, real=0.01 secs] 
2016-09-25T22:59:21.152-0400: 18.835: [Full GC (Ergonomics) [PSYoungGen: 160479K->0K(175104K)] [ParOldGen: 472917K->134830K(524288K)] 633396K->134830K(699392K), [Metaspace: 43448K->43448K(1085440K)], 0.0612944 secs] [Times: user=0.30 sys=0.02, real=0.06 secs] 
2016-09-25T22:59:21.247-0400: 18.931: [GC (GCLocker Initiated GC) [PSYoungGen: 88064K->68429K(175104K)] 229728K->210093K(699392K), 0.0125209 secs] [Times: user=0.13 sys=0.00, real=0.01 secs] 
2016-09-25T22:59:21.300-0400: 18.983: [GC (GCLocker Initiated GC) [PSYoungGen: 156493K->68367K(175104K)] 299551K->222682K(699392K), 0.0082953 secs] [Times: user=0.11 sys=0.00, real=0.01 secs] 
2016-09-25T22:59:21.341-0400: 19.025: [GC (GCLocker Initiated GC) [PSYoungGen: 156431K->72382K(175104K)] 317540K->248718K(699392K), 0.0070700 secs] [Times: user=0.09 sys=0.00, real=0.01 secs] 
2016-09-25T22:59:21.387-0400: 19.070: [GC (GCLocker Initiated GC) [PSYoungGen: 160446K->65571K(175104K)] 340926K->254460K(699392K), 0.0187720 secs] [Times: user=0.25 sys=0.01, real=0.02 secs] 
2016-09-25T22:59:21.441-0400: 19.124: [GC (GCLocker Initiated GC) [PSYoungGen: 153635K->62868K(172032K)] 342643K->269771K(696320K), 0.0090476 secs] [Times: user=0.11 sys=0.01, real=0.01 secs] 
2016-09-25T22:59:21.484-0400: 19.167: [GC (GCLocker Initiated GC) [PSYoungGen: 150932K->79260K(173568K)] 360643K->313578K(697856K), 0.0097571 secs] [Times: user=0.12 sys=0.01, real=0.00 secs] 
2016-09-25T22:59:21.538-0400: 19.221: [GC (GCLocker Initiated GC) [PSYoungGen: 167324K->39953K(175104K)] 415186K->313829K(699392K), 0.0157028 secs] [Times: user=0.19 sys=0.00, real=0.01 secs] 
2016-09-25T22:59:21.592-0400: 19.275: [GC (GCLocker Initiated GC) [PSYoungGen: 128017K->70954K(175104K)] 402060K->369669K(699392K), 0.0099422 secs] [Times: user=0.09 sys=0.00, real=0.01 secs] 
2016-09-25T22:59:21.637-0400: 19.320: [GC (GCLocker Initiated GC) [PSYoungGen: 159018K->83153K(175104K)] 464735K->405357K(699392K), 0.0115682 secs] [Times: user=0.14 sys=0.00, real=0.01 secs] 
2016-09-25T22:59:21.692-0400: 19.375: [GC (GCLocker Initiated GC) [PSYoungGen: 171217K->43953K(175104K)] 506991K->396253K(699392K), 0.0062990 secs] [Times: user=0.07 sys=0.00, real=0.01 secs] 
2016-09-25T22:59:21.729-0400: 19.412: [GC (GCLocker Initiated GC) [PSYoungGen: 132017K->61422K(175104K)] 484437K->427671K(699392K), 0.0072553 secs] [Times: user=0.07 sys=0.00, real=0.01 secs] 
2016-09-25T22:59:21.779-0400: 19.462: [GC (GCLocker Initiated GC) [PSYoungGen: 149486K->61614K(175104K)] 515823K->445836K(699392K), 0.0077827 secs] [Times: user=0.10 sys=0.00, real=0.01 secs] 
2016-09-25T22:59:21.822-0400: 19.505: [GC (GCLocker Initiated GC) [PSYoungGen: 149678K->76465K(175104K)] 542108K->484069K(699392K), 0.0103472 secs] [Times: user=0.12 sys=0.00, real=0.01 secs] 
2016-09-25T22:59:21.868-0400: 19.551: [GC (GCLocker Initiated GC) [PSYoungGen: 164529K->62982K(175104K)] 574553K->496345K(699392K), 0.0093284 secs] [Times: user=0.14 sys=0.01, real=0.01 secs] 
2016-09-25T22:59:21.909-0400: 19.592: [GC (GCLocker Initiated GC) [PSYoungGen: 151046K->75102K(175104K)] 585994K->526643K(699392K), 0.0104559 secs] [Times: user=0.09 sys=0.00, real=0.01 secs] 
2016-09-25T22:59:21.959-0400: 19.643: [GC (GCLocker Initiated GC) [PSYoungGen: 163166K->54754K(175104K)] 617420K->544475K(699392K), 0.0090719 secs] [Times: user=0.14 sys=0.00, real=0.01 secs] 
2016-09-25T22:59:21.969-0400: 19.652: [Full GC (Ergonomics) [PSYoungGen: 54754K->0K(175104K)] [ParOldGen: 489721K->135951K(524288K)] 544475K->135951K(699392K), [Metaspace: 43448K->43448K(1085440K)], 0.0603727 secs] [Times: user=0.51 sys=0.00, real=0.06 secs] 
2016-09-25T22:59:22.063-0400: 19.746: [GC (GCLocker Initiated GC) [PSYoungGen: 88064K->68463K(175104K)] 226885K->207285K(699392K), 0.0077797 secs] [Times: user=0.09 sys=0.00, real=0.00 secs] 
2016-09-25T22:59:22.111-0400: 19.794: [GC (GCLocker Initiated GC) [PSYoungGen: 156527K->71064K(175104K)] 300980K->236260K(699392K), 0.0092852 secs] [Times: user=0.15 sys=0.00, real=0.01 secs] 
2016-09-25T22:59:22.163-0400: 19.846: [GC (GCLocker Initiated GC) [PSYoungGen: 159128K->47989K(175104K)] 332505K->240606K(699392K), 0.0058731 secs] [Times: user=0.08 sys=0.00, real=0.00 secs] 
2016-09-25T22:59:22.194-0400: 19.877: [GC (GCLocker Initiated GC) [PSYoungGen: 136053K->83150K(175104K)] 328798K->280278K(699392K), 0.0104224 secs] [Times: user=0.11 sys=0.01, real=0.02 secs] 
2016-09-25T22:59:22.241-0400: 19.925: [GC (GCLocker Initiated GC) [PSYoungGen: 171214K->52024K(175104K)] 371223K->278011K(699392K), 0.0104231 secs] [Times: user=0.07 sys=0.01, real=0.01 secs] 
2016-09-25T22:59:22.292-0400: 19.975: [GC (GCLocker Initiated GC) [PSYoungGen: 140088K->45240K(175104K)] 375677K->287841K(699392K), 0.0081147 secs] [Times: user=0.06 sys=0.00, real=0.01 secs] 
2016-09-25T22:59:22.336-0400: 20.019: [GC (GCLocker Initiated GC) [PSYoungGen: 133304K->69860K(175104K)] 384233K->342791K(699392K), 0.0094604 secs] [Times: user=0.15 sys=0.00, real=0.01 secs] 
2016-09-25T22:59:22.391-0400: 20.074: [GC (GCLocker Initiated GC) [PSYoungGen: 157924K->57500K(175104K)] 433629K->356529K(699392K), 0.0100859 secs] [Times: user=0.10 sys=0.00, real=0.01 secs] 
2016-09-25T22:59:22.446-0400: 20.129: [GC (GCLocker Initiated GC) [PSYoungGen: 145564K->50739K(175104K)] 453712K->373998K(699392K), 0.0088216 secs] [Times: user=0.09 sys=0.01, real=0.01 secs] 
2016-09-25T22:59:22.486-0400: 20.169: [GC (GCLocker Initiated GC) [PSYoungGen: 138803K->60104K(175104K)] 466161K->416125K(699392K), 0.0157735 secs] [Times: user=0.15 sys=0.00, real=0.01 secs] 
2016-09-25T22:59:22.550-0400: 20.233: [GC (GCLocker Initiated GC) [PSYoungGen: 148168K->47821K(175104K)] 520536K->425878K(699392K), 0.0077744 secs] [Times: user=0.05 sys=0.00, real=0.01 secs] 
2016-09-25T22:59:22.599-0400: 20.282: [GC (GCLocker Initiated GC) [PSYoungGen: 135885K->62818K(151040K)] 517349K->463512K(675328K), 0.0099323 secs] [Times: user=0.12 sys=0.00, real=0.01 secs] 
2016-09-25T22:59:22.642-0400: 20.325: [GC (GCLocker Initiated GC) [PSYoungGen: 150882K->46614K(175104K)] 557002K->478715K(699392K), 0.0119783 secs] [Times: user=0.07 sys=0.00, real=0.02 secs] 
2016-09-25T22:59:22.688-0400: 20.371: [GC (GCLocker Initiated GC) [PSYoungGen: 135190K->73798K(174592K)] 571529K->525332K(698880K), 0.0073302 secs] [Times: user=0.09 sys=0.00, real=0.01 secs] 
2016-09-25T22:59:22.738-0400: 20.421: [GC (GCLocker Initiated GC) [PSYoungGen: 162374K->57462K(175616K)] 618039K->527012K(699904K), 0.0066060 secs] [Times: user=0.06 sys=0.01, real=0.01 secs] 
2016-09-25T22:59:22.787-0400: 20.470: [GC (GCLocker Initiated GC) [PSYoungGen: 146038K->53542K(142336K)] 620093K->564443K(666624K), 0.0072633 secs] [Times: user=0.08 sys=0.01, real=0.01 secs] 
2016-09-25T22:59:22.794-0400: 20.477: [Full GC (Ergonomics) [PSYoungGen: 53542K->0K(142336K)] [ParOldGen: 510901K->137375K(524288K)] 564443K->137375K(666624K), [Metaspace: 43449K->43449K(1085440K)], 0.0643706 secs] [Times: user=0.53 sys=0.00, real=0.06 secs] 
2016-09-25T22:59:22.890-0400: 20.574: [GC (GCLocker Initiated GC) [PSYoungGen: 88576K->82085K(171520K)] 232852K->226361K(695808K), 0.0233683 secs] [Times: user=0.32 sys=0.00, real=0.02 secs] 
2016-09-25T22:59:22.958-0400: 20.641: [GC (GCLocker Initiated GC) [PSYoungGen: 168613K->58788K(173568K)] 329316K->229500K(697856K), 0.0182328 secs] [Times: user=0.25 sys=0.00, real=0.02 secs] 
2016-09-25T22:59:23.020-0400: 20.703: [GC (GCLocker Initiated GC) [PSYoungGen: 145316K->58834K(174080K)] 316045K->243416K(698368K), 0.0061334 secs] [Times: user=0.07 sys=0.00, real=0.01 secs] 
2016-09-25T22:59:23.063-0400: 20.746: [GC (GCLocker Initiated GC) [PSYoungGen: 146898K->67082K(174592K)] 331673K->271048K(698880K), 0.0073869 secs] [Times: user=0.08 sys=0.00, real=0.00 secs] 
2016-09-25T22:59:23.111-0400: 20.794: [GC (GCLocker Initiated GC) [PSYoungGen: 155146K->60194K(171520K)] 359373K->282456K(695808K), 0.0102635 secs] [Times: user=0.11 sys=0.01, real=0.01 secs] 
2016-09-25T22:59:23.152-0400: 20.835: [GC (GCLocker Initiated GC) [PSYoungGen: 149794K->60389K(173568K)] 372195K->307512K(697856K), 0.0098637 secs] [Times: user=0.08 sys=0.00, real=0.01 secs] 
2016-09-25T22:59:23.210-0400: 20.893: [GC (GCLocker Initiated GC) [PSYoungGen: 149989K->53511K(177152K)] 410836K->325740K(701440K), 0.0062944 secs] [Times: user=0.06 sys=0.00, real=0.01 secs] 
2016-09-25T22:59:23.264-0400: 20.947: [GC (GCLocker Initiated GC) [PSYoungGen: 149767K->43961K(177664K)] 422216K->338452K(701952K), 0.0084033 secs] [Times: user=0.07 sys=0.00, real=0.00 secs] 
2016-09-25T22:59:23.309-0400: 20.992: [GC (GCLocker Initiated GC) [PSYoungGen: 140217K->49797K(180224K)] 434829K->378725K(704512K), 0.0101450 secs] [Times: user=0.09 sys=0.00, real=0.01 secs] 
2016-09-25T22:59:23.363-0400: 21.046: [GC (GCLocker Initiated GC) [PSYoungGen: 148613K->80888K(179712K)] 480472K->436361K(704000K), 0.0085274 secs] [Times: user=0.10 sys=0.01, real=0.00 secs] 
2016-09-25T22:59:23.420-0400: 21.103: [GC (GCLocker Initiated GC) [PSYoungGen: 179704K->55149K(173568K)] 538006K->442508K(697856K), 0.0095934 secs] [Times: user=0.14 sys=0.00, real=0.01 secs] 
2016-09-25T22:59:23.474-0400: 21.157: [GC (GCLocker Initiated GC) [PSYoungGen: 146285K->42774K(134144K)] 536758K->454134K(658432K), 0.0088790 secs] [Times: user=0.05 sys=0.00, real=0.01 secs] 
2016-09-25T22:59:23.515-0400: 21.198: [GC (GCLocker Initiated GC) [PSYoungGen: 133910K->65503K(176128K)] 545292K->500459K(700416K), 0.0098110 secs] [Times: user=0.09 sys=0.00, real=0.01 secs] 
2016-09-25T22:59:23.569-0400: 21.252: [GC (GCLocker Initiated GC) [PSYoungGen: 155615K->65784K(176128K)] 593300K->524054K(700416K), 0.0181794 secs] [Times: user=0.19 sys=0.00, real=0.02 secs] 
2016-09-25T22:59:23.631-0400: 21.314: [GC (GCLocker Initiated GC) [PSYoungGen: 155896K->67091K(176128K)] 622481K->545088K(700416K), 0.0074911 secs] [Times: user=0.08 sys=0.00, real=0.01 secs] 
2016-09-25T22:59:23.680-0400: 21.363: [GC (GCLocker Initiated GC) [PSYoungGen: 157203K->75374K(165888K)] 635356K->575724K(690176K), 0.0104517 secs] [Times: user=0.09 sys=0.01, real=0.01 secs] 
2016-09-25T22:59:23.691-0400: 21.374: [Full GC (Ergonomics) [PSYoungGen: 75374K->0K(165888K)] [ParOldGen: 500349K->151820K(524288K)] 575724K->151820K(690176K), [Metaspace: 43454K->43454K(1085440K)], 0.0662492 secs] [Times: user=0.29 sys=0.00, real=0.07 secs] 
2016-09-25T22:59:23.808-0400: 21.491: [GC (GCLocker Initiated GC) [PSYoungGen: 90112K->55156K(175104K)] 246136K->211180K(699392K), 0.0077084 secs] [Times: user=0.05 sys=0.00, real=0.01 secs] 
2016-09-25T22:59:23.859-0400: 21.542: [GC (GCLocker Initiated GC) [PSYoungGen: 143220K->33311K(175104K)] 303027K->216952K(699392K), 0.0062073 secs] [Times: user=0.05 sys=0.00, real=0.01 secs] 
2016-09-25T22:59:23.906-0400: 21.589: [GC (GCLocker Initiated GC) [PSYoungGen: 121375K->42698K(175104K)] 305223K->267625K(699392K), 0.0123064 secs] [Times: user=0.08 sys=0.00, real=0.01 secs] 
2016-09-25T22:59:23.958-0400: 21.641: [GC (GCLocker Initiated GC) [PSYoungGen: 130762K->56490K(144896K)] 372039K->315938K(669184K), 0.0124645 secs] [Times: user=0.13 sys=0.00, real=0.01 secs] 
2016-09-25T22:59:24.016-0400: 21.699: [GC (GCLocker Initiated GC) [PSYoungGen: 144554K->45401K(175104K)] 412200K->335440K(699392K), 0.0064494 secs] [Times: user=0.06 sys=0.00, real=0.01 secs] 
2016-09-25T22:59:24.069-0400: 21.752: [GC (GCLocker Initiated GC) [PSYoungGen: 134489K->60399K(174080K)] 431366K->372618K(698368K), 0.0072877 secs] [Times: user=0.07 sys=0.00, real=0.01 secs] 
2016-09-25T22:59:24.116-0400: 21.799: [GC (GCLocker Initiated GC) [PSYoungGen: 149487K->61617K(175616K)] 461960K->378746K(699904K), 0.0191866 secs] [Times: user=0.25 sys=0.00, real=0.02 secs] 
2016-09-25T22:59:24.181-0400: 21.864: [GC (GCLocker Initiated GC) [PSYoungGen: 153265K->68481K(175104K)] 470517K->417446K(699392K), 0.0101215 secs] [Times: user=0.14 sys=0.00, real=0.01 secs] 
2016-09-25T22:59:24.236-0400: 21.919: [GC (GCLocker Initiated GC) [PSYoungGen: 160129K->59109K(176128K)] 517301K->441002K(700416K), 0.0114059 secs] [Times: user=0.14 sys=0.01, real=0.01 secs] 
2016-09-25T22:59:24.296-0400: 21.979: [GC (GCLocker Initiated GC) [PSYoungGen: 152805K->64552K(176640K)] 540982K->475033K(700928K), 0.0098251 secs] [Times: user=0.11 sys=0.00, real=0.01 secs] 
2016-09-25T22:59:24.355-0400: 22.038: [GC (GCLocker Initiated GC) [PSYoungGen: 158248K->59009K(174080K)] 568895K->485053K(698368K), 0.0092470 secs] [Times: user=0.08 sys=0.00, real=0.01 secs] 
2016-09-25T22:59:24.408-0400: 22.091: [GC (GCLocker Initiated GC) [PSYoungGen: 155265K->78045K(176640K)] 584194K->519651K(700928K), 0.0073163 secs] [Times: user=0.10 sys=0.00, real=0.01 secs] 
2016-09-25T22:59:24.460-0400: 22.143: [GC (GCLocker Initiated GC) [PSYoungGen: 174301K->76618K(173568K)] 615958K->544568K(697856K), 0.0164540 secs] [Times: user=0.22 sys=0.00, real=0.02 secs] 
2016-09-25T22:59:24.513-0400: 22.196: [GC (GCLocker Initiated GC) [PSYoungGen: 164682K->86243K(175104K)] 638083K->583156K(699392K), 0.0084586 secs] [Times: user=0.12 sys=0.00, real=0.01 secs] 
2016-09-25T22:59:24.521-0400: 22.204: [Full GC (Ergonomics) [PSYoungGen: 86243K->0K(175104K)] [ParOldGen: 496913K->145473K(524288K)] 583156K->145473K(699392K), [Metaspace: 43454K->43454K(1085440K)], 0.1546095 secs] [Times: user=2.17 sys=0.01, real=0.16 secs] 
2016-09-25T22:59:25.635-0400: 23.318: [GC (GCLocker Initiated GC) [PSYoungGen: 88064K->41420K(175104K)] 237877K->191234K(699392K), 0.0108225 secs] [Times: user=0.08 sys=0.01, real=0.01 secs] 
2016-09-25T22:59:25.708-0400: 23.391: [GC (GCLocker Initiated GC) [PSYoungGen: 129484K->50832K(175104K)] 290147K->217584K(699392K), 0.0081295 secs] [Times: user=0.08 sys=0.01, real=0.01 secs] 
2016-09-25T22:59:25.751-0400: 23.434: [GC (GCLocker Initiated GC) [PSYoungGen: 138896K->75261K(175104K)] 311166K->257627K(699392K), 0.0077942 secs] [Times: user=0.08 sys=0.00, real=0.01 secs] 
2016-09-25T22:59:25.796-0400: 23.479: [GC (GCLocker Initiated GC) [PSYoungGen: 163325K->69821K(175104K)] 355182K->268918K(699392K), 0.0107208 secs] [Times: user=0.12 sys=0.01, real=0.01 secs] 
2016-09-25T22:59:25.875-0400: 23.558: [GC (GCLocker Initiated GC) [PSYoungGen: 157885K->72416K(175104K)] 357126K->291212K(699392K), 0.0117402 secs] [Times: user=0.14 sys=0.01, real=0.01 secs] 
2016-09-25T22:59:25.937-0400: 23.620: [GC (GCLocker Initiated GC) [PSYoungGen: 160480K->69845K(175104K)] 379340K->318823K(699392K), 0.0073018 secs] [Times: user=0.09 sys=0.00, real=0.01 secs] 
2016-09-25T22:59:25.973-0400: 23.656: [GC (GCLocker Initiated GC) [PSYoungGen: 157909K->70119K(175104K)] 407024K->344097K(699392K), 0.0071385 secs] [Times: user=0.09 sys=0.01, real=0.01 secs] 
2016-09-25T22:59:26.035-0400: 23.718: [GC (Allocation Failure) [PSYoungGen: 158183K->64739K(175104K)] 443060K->378727K(699392K), 0.0123860 secs] [Times: user=0.15 sys=0.00, real=0.01 secs] 
2016-09-25T22:59:26.049-0400: 23.732: [GC (GCLocker Initiated GC) [PSYoungGen: 69289K->4178K(175104K)] 383276K->382565K(699392K), 0.0181147 secs] [Times: user=0.17 sys=0.00, real=0.02 secs] 
2016-09-25T22:59:26.137-0400: 23.820: [GC (GCLocker Initiated GC) [PSYoungGen: 91381K->70180K(175104K)] 475168K->456692K(699392K), 0.0102277 secs] [Times: user=0.14 sys=0.01, real=0.01 secs] 
2016-09-25T22:59:26.184-0400: 23.867: [GC (GCLocker Initiated GC) [PSYoungGen: 158244K->54904K(175104K)] 544791K->459850K(699392K), 0.0109513 secs] [Times: user=0.15 sys=0.00, real=0.01 secs] 
2016-09-25T22:59:26.231-0400: 23.914: [GC (GCLocker Initiated GC) [PSYoungGen: 142968K->72784K(175104K)] 550724K->499889K(699392K), 0.0084438 secs] [Times: user=0.09 sys=0.01, real=0.01 secs] 
2016-09-25T22:59:26.283-0400: 23.966: [GC (GCLocker Initiated GC) [PSYoungGen: 160848K->67146K(175104K)] 588805K->525601K(699392K), 0.0075866 secs] [Times: user=0.10 sys=0.00, real=0.00 secs] 
2016-09-25T22:59:26.339-0400: 24.022: [GC (GCLocker Initiated GC) [PSYoungGen: 155210K->61736K(175104K)] 621941K->546533K(699392K), 0.0079481 secs] [Times: user=0.08 sys=0.00, real=0.01 secs] 
2016-09-25T22:59:26.347-0400: 24.030: [Full GC (Ergonomics) [PSYoungGen: 61736K->0K(175104K)] [ParOldGen: 484796K->145336K(524288K)] 546533K->145336K(699392K), [Metaspace: 43459K->43459K(1085440K)], 0.0962252 secs] [Times: user=0.40 sys=0.05, real=0.10 secs] 
2016-09-25T22:59:26.490-0400: 24.173: [GC (GCLocker Initiated GC) [PSYoungGen: 88064K->63297K(175104K)] 238826K->214059K(699392K), 0.0088135 secs] [Times: user=0.09 sys=0.02, real=0.01 secs] 
2016-09-25T22:59:26.542-0400: 24.225: [GC (GCLocker Initiated GC) [PSYoungGen: 151361K->73986K(175104K)] 304880K->248488K(699392K), 0.0090881 secs] [Times: user=0.13 sys=0.01, real=0.00 secs] 
2016-09-25T22:59:26.598-0400: 24.281: [GC (GCLocker Initiated GC) [PSYoungGen: 162050K->48438K(175104K)] 342178K->262930K(699392K), 0.0093989 secs] [Times: user=0.09 sys=0.00, real=0.01 secs] 
2016-09-25T22:59:26.652-0400: 24.335: [GC (GCLocker Initiated GC) [PSYoungGen: 136502K->61845K(175104K)] 366078K->317787K(699392K), 0.0068158 secs] [Times: user=0.08 sys=0.00, real=0.01 secs] 
2016-09-25T22:59:26.694-0400: 24.377: [GC (GCLocker Initiated GC) [PSYoungGen: 149909K->64323K(175104K)] 405993K->339939K(699392K), 0.0073395 secs] [Times: user=0.06 sys=0.00, real=0.01 secs] 
2016-09-25T22:59:26.747-0400: 24.430: [GC (GCLocker Initiated GC) [PSYoungGen: 152387K->67311K(155648K)] 428075K->361133K(679936K), 0.0116824 secs] [Times: user=0.14 sys=0.00, real=0.01 secs] 
2016-09-25T22:59:26.804-0400: 24.488: [GC (GCLocker Initiated GC) [PSYoungGen: 155375K->40124K(174080K)] 462832K->379180K(698368K), 0.0095561 secs] [Times: user=0.09 sys=0.00, real=0.01 secs] 
2016-09-25T22:59:26.855-0400: 24.538: [GC (GCLocker Initiated GC) [PSYoungGen: 127676K->67146K(174592K)] 466812K->435438K(698880K), 0.0089293 secs] [Times: user=0.14 sys=0.00, real=0.01 secs] 
2016-09-25T22:59:26.904-0400: 24.587: [GC (GCLocker Initiated GC) [PSYoungGen: 154698K->53471K(174080K)] 525733K->437168K(698368K), 0.0144491 secs] [Times: user=0.12 sys=0.00, real=0.01 secs] 
2016-09-25T22:59:26.964-0400: 24.647: [GC (GCLocker Initiated GC) [PSYoungGen: 141535K->67423K(174592K)] 531992K->469298K(698880K), 0.0099336 secs] [Times: user=0.12 sys=0.00, real=0.00 secs] 
2016-09-25T22:59:27.011-0400: 24.694: [GC (GCLocker Initiated GC) [PSYoungGen: 155487K->82151K(174592K)] 557593K->509395K(698880K), 0.0098885 secs] [Times: user=0.12 sys=0.01, real=0.01 secs] 
2016-09-25T22:59:27.070-0400: 24.753: [GC (GCLocker Initiated GC) [PSYoungGen: 170215K->68526K(175104K)] 600219K->527571K(699392K), 0.0107546 secs] [Times: user=0.15 sys=0.00, real=0.01 secs] 
2016-09-25T22:59:27.130-0400: 24.813: [GC (GCLocker Initiated GC) [PSYoungGen: 156590K->35063K(175104K)] 627947K->528654K(699392K), 0.0086327 secs] [Times: user=0.09 sys=0.00, real=0.01 secs] 
2016-09-25T22:59:27.139-0400: 24.822: [Full GC (Ergonomics) [PSYoungGen: 35063K->0K(175104K)] [ParOldGen: 493591K->147998K(524288K)] 528654K->147998K(699392K), [Metaspace: 43463K->43463K(1085440K)], 0.0638101 secs] [Times: user=0.25 sys=0.02, real=0.07 secs] 
2016-09-25T22:59:27.255-0400: 24.938: [GC (GCLocker Initiated GC) [PSYoungGen: 88064K->62134K(175104K)] 238993K->213064K(699392K), 0.0058665 secs] [Times: user=0.06 sys=0.00, real=0.00 secs] 
2016-09-25T22:59:27.307-0400: 24.990: [GC (GCLocker Initiated GC) [PSYoungGen: 150198K->68376K(175104K)] 304019K->242117K(699392K), 0.0156675 secs] [Times: user=0.18 sys=0.00, real=0.02 secs] 
2016-09-25T22:59:27.372-0400: 25.055: [GC (GCLocker Initiated GC) [PSYoungGen: 156440K->49570K(175104K)] 335756K->244192K(699392K), 0.0193035 secs] [Times: user=0.22 sys=0.00, real=0.02 secs] 
2016-09-25T22:59:27.435-0400: 25.118: [GC (GCLocker Initiated GC) [PSYoungGen: 137634K->57840K(175104K)] 337769K->274833K(699392K), 0.0202362 secs] [Times: user=0.20 sys=0.00, real=0.02 secs] 
2016-09-25T22:59:27.506-0400: 25.189: [GC (GCLocker Initiated GC) [PSYoungGen: 145904K->32068K(175104K)] 362989K->295861K(699392K), 0.0091169 secs] [Times: user=0.08 sys=0.00, real=0.01 secs] 
2016-09-25T22:59:27.560-0400: 25.243: [GC (GCLocker Initiated GC) [PSYoungGen: 120132K->63699K(175104K)] 390738K->349777K(699392K), 0.0067921 secs] [Times: user=0.11 sys=0.00, real=0.01 secs] 
2016-09-25T22:59:27.605-0400: 25.288: [GC (GCLocker Initiated GC) [PSYoungGen: 151763K->67384K(175104K)] 438022K->373662K(699392K), 0.0149770 secs] [Times: user=0.20 sys=0.01, real=0.01 secs] 
2016-09-25T22:59:27.667-0400: 25.350: [GC (GCLocker Initiated GC) [PSYoungGen: 155448K->67533K(175104K)] 467304K->405846K(699392K), 0.0080088 secs] [Times: user=0.08 sys=0.00, real=0.01 secs] 
2016-09-25T22:59:27.718-0400: 25.402: [GC (GCLocker Initiated GC) [PSYoungGen: 155597K->62205K(175104K)] 496766K->420529K(699392K), 0.0092608 secs] [Times: user=0.12 sys=0.00, real=0.01 secs] 
2016-09-25T22:59:27.773-0400: 25.456: [GC (GCLocker Initiated GC) [PSYoungGen: 150269K->59386K(169984K)] 508867K->451403K(694272K), 0.0102303 secs] [Times: user=0.14 sys=0.00, real=0.02 secs] 
2016-09-25T22:59:27.827-0400: 25.510: [GC (GCLocker Initiated GC) [PSYoungGen: 147450K->54126K(172544K)] 542231K->482092K(696832K), 0.0099050 secs] [Times: user=0.08 sys=0.00, real=0.01 secs] 
2016-09-25T22:59:27.880-0400: 25.563: [GC (GCLocker Initiated GC) [PSYoungGen: 142190K->65815K(176640K)] 575774K->540811K(700928K), 0.0112727 secs] [Times: user=0.15 sys=0.00, real=0.01 secs] 
2016-09-25T22:59:27.891-0400: 25.574: [Full GC (Ergonomics) [PSYoungGen: 65815K->0K(176640K)] [ParOldGen: 474995K->161597K(524288K)] 540811K->161597K(700928K), [Metaspace: 43474K->43474K(1085440K)], 0.0526557 secs] [Times: user=0.42 sys=0.01, real=0.06 secs] 
2016-09-25T22:59:27.999-0400: 25.682: [GC (GCLocker Initiated GC) [PSYoungGen: 94720K->81415K(176640K)] 259659K->251755K(700928K), 0.0082396 secs] [Times: user=0.11 sys=0.01, real=0.01 secs] 
2016-09-25T22:59:28.047-0400: 25.730: [GC (GCLocker Initiated GC) [PSYoungGen: 176135K->49831K(173568K)] 351997K->247183K(697856K), 0.0095761 secs] [Times: user=0.08 sys=0.00, real=0.01 secs] 
2016-09-25T22:59:28.103-0400: 25.786: [GC (GCLocker Initiated GC) [PSYoungGen: 137895K->34647K(175104K)] 339860K->261751K(699392K), 0.0124270 secs] [Times: user=0.09 sys=0.00, real=0.01 secs] 
2016-09-25T22:59:28.154-0400: 25.838: [GC (GCLocker Initiated GC) [PSYoungGen: 122711K->57653K(175104K)] 349841K->300294K(699392K), 0.0091519 secs] [Times: user=0.10 sys=0.00, real=0.01 secs] 
2016-09-25T22:59:28.208-0400: 25.891: [GC (GCLocker Initiated GC) [PSYoungGen: 145717K->72913K(175104K)] 391304K->346150K(699392K), 0.0113463 secs] [Times: user=0.17 sys=0.01, real=0.01 secs] 
2016-09-25T22:59:28.262-0400: 25.945: [GC (GCLocker Initiated GC) [PSYoungGen: 160977K->71722K(175104K)] 442566K->362314K(699392K), 0.0071332 secs] [Times: user=0.09 sys=0.00, real=0.01 secs] 
2016-09-25T22:59:28.326-0400: 26.009: [GC (GCLocker Initiated GC) [PSYoungGen: 159786K->52431K(175104K)] 457243K->377853K(699392K), 0.0112093 secs] [Times: user=0.18 sys=0.00, real=0.01 secs] 
2016-09-25T22:59:28.381-0400: 26.064: [GC (GCLocker Initiated GC) [PSYoungGen: 140495K->60690K(174080K)] 466021K->405810K(698368K), 0.0077585 secs] [Times: user=0.06 sys=0.00, real=0.01 secs] 
2016-09-25T22:59:28.432-0400: 26.115: [GC (GCLocker Initiated GC) [PSYoungGen: 148754K->79728K(174592K)] 494688K->444026K(698880K), 0.0084617 secs] [Times: user=0.12 sys=0.00, real=0.01 secs] 
2016-09-25T22:59:28.483-0400: 26.166: [GC (GCLocker Initiated GC) [PSYoungGen: 167792K->55150K(175104K)] 532141K->447511K(699392K), 0.0072697 secs] [Times: user=0.09 sys=0.00, real=0.00 secs] 
2016-09-25T22:59:28.533-0400: 26.216: [GC (GCLocker Initiated GC) [PSYoungGen: 143214K->66341K(175104K)] 537038K->496055K(699392K), 0.0103828 secs] [Times: user=0.17 sys=0.00, real=0.02 secs] 
2016-09-25T22:59:28.591-0400: 26.274: [GC (GCLocker Initiated GC) [PSYoungGen: 154405K->56559K(175104K)] 585615K->507694K(699392K), 0.0172623 secs] [Times: user=0.21 sys=0.00, real=0.02 secs] 
2016-09-25T22:59:28.661-0400: 26.344: [GC (GCLocker Initiated GC) [PSYoungGen: 144623K->51426K(139776K)] 603944K->538588K(664064K), 0.0106923 secs] [Times: user=0.14 sys=0.00, real=0.01 secs] 
2016-09-25T22:59:28.672-0400: 26.355: [Full GC (Ergonomics) [PSYoungGen: 51426K->0K(139776K)] [ParOldGen: 487161K->153571K(524288K)] 538588K->153571K(664064K), [Metaspace: 43475K->43475K(1085440K)], 0.0771835 secs] [Times: user=0.54 sys=0.02, real=0.08 secs] 
2016-09-25T22:59:28.797-0400: 26.480: [GC (GCLocker Initiated GC) [PSYoungGen: 88064K->84137K(173056K)] 242161K->246335K(697344K), 0.0128019 secs] [Times: user=0.18 sys=0.00, real=0.01 secs] 
2016-09-25T22:59:28.854-0400: 26.537: [GC (GCLocker Initiated GC) [PSYoungGen: 171177K->69914K(174080K)] 338873K->275335K(698368K), 0.0115622 secs] [Times: user=0.09 sys=0.01, real=0.02 secs] 
2016-09-25T22:59:28.917-0400: 26.600: [GC (GCLocker Initiated GC) [PSYoungGen: 156954K->57993K(175104K)] 367861K->310004K(699392K), 0.0088515 secs] [Times: user=0.11 sys=0.00, real=0.01 secs] 
2016-09-25T22:59:28.969-0400: 26.652: [GC (GCLocker Initiated GC) [PSYoungGen: 146057K->70196K(175104K)] 410261K->347475K(699392K), 0.0106724 secs] [Times: user=0.13 sys=0.03, real=0.01 secs] 
2016-09-25T22:59:29.026-0400: 26.709: [GC (GCLocker Initiated GC) [PSYoungGen: 158260K->61942K(175104K)] 435571K->355057K(699392K), 0.0062194 secs] [Times: user=0.08 sys=0.00, real=0.00 secs] 
2016-09-25T22:59:29.076-0400: 26.759: [GC (GCLocker Initiated GC) [PSYoungGen: 150006K->54049K(175104K)] 452650K->379049K(699392K), 0.0076937 secs] [Times: user=0.08 sys=0.02, real=0.01 secs] 
2016-09-25T22:59:29.132-0400: 26.815: [GC (GCLocker Initiated GC) [PSYoungGen: 142113K->74259K(175104K)] 469891K->428697K(699392K), 0.0080565 secs] [Times: user=0.14 sys=0.00, real=0.01 secs] 
2016-09-25T22:59:29.186-0400: 26.869: [GC (GCLocker Initiated GC) [PSYoungGen: 162323K->45815K(175104K)] 522231K->443016K(699392K), 0.0087290 secs] [Times: user=0.10 sys=0.01, real=0.01 secs] 
2016-09-25T22:59:29.235-0400: 26.918: [GC (GCLocker Initiated GC) [PSYoungGen: 133879K->72838K(175104K)] 533846K->496657K(699392K), 0.0125676 secs] [Times: user=0.13 sys=0.01, real=0.01 secs] 
2016-09-25T22:59:29.294-0400: 26.977: [GC (GCLocker Initiated GC) [PSYoungGen: 160902K->77051K(175104K)] 588915K->512621K(699392K), 0.0229289 secs] [Times: user=0.35 sys=0.01, real=0.03 secs] 
2016-09-25T22:59:29.371-0400: 27.054: [GC (GCLocker Initiated GC) [PSYoungGen: 165115K->36425K(175104K)] 604841K->533826K(699392K), 0.0173534 secs] [Times: user=0.23 sys=0.03, real=0.02 secs] 
2016-09-25T22:59:29.389-0400: 27.072: [Full GC (Ergonomics) [PSYoungGen: 36425K->0K(175104K)] [ParOldGen: 497401K->158118K(524288K)] 533826K->158118K(699392K), [Metaspace: 43476K->43476K(1085440K)], 0.0580779 secs] [Times: user=0.48 sys=0.01, real=0.06 secs] 
2016-09-25T22:59:29.487-0400: 27.170: [GC (GCLocker Initiated GC) [PSYoungGen: 88064K->59823K(175104K)] 249000K->220760K(699392K), 0.0061371 secs] [Times: user=0.05 sys=0.00, real=0.00 secs] 
2016-09-25T22:59:29.547-0400: 27.230: [GC (GCLocker Initiated GC) [PSYoungGen: 147887K->68861K(175104K)] 322458K->265171K(699392K), 0.0110238 secs] [Times: user=0.13 sys=0.00, real=0.01 secs] 
2016-09-25T22:59:29.596-0400: 27.279: [GC (GCLocker Initiated GC) [PSYoungGen: 156925K->63340K(175104K)] 356083K->283601K(699392K), 0.0071409 secs] [Times: user=0.10 sys=0.00, real=0.01 secs] 
2016-09-25T22:59:29.643-0400: 27.326: [GC (GCLocker Initiated GC) [PSYoungGen: 151404K->69005K(175104K)] 389323K->321165K(699392K), 0.0083183 secs] [Times: user=0.11 sys=0.00, real=0.00 secs] 
2016-09-25T22:59:30.888-0400: 28.571: [GC (GCLocker Initiated GC) [PSYoungGen: 157069K->71289K(175104K)] 409314K->334002K(699392K), 0.0121304 secs] [Times: user=0.12 sys=0.00, real=0.01 secs] 
2016-09-25T22:59:30.966-0400: 28.649: [GC (GCLocker Initiated GC) [PSYoungGen: 159353K->73008K(175104K)] 422236K->366281K(699392K), 0.0183165 secs] [Times: user=0.21 sys=0.00, real=0.02 secs] 
2016-09-25T22:59:31.030-0400: 28.713: [GC (Allocation Failure) [PSYoungGen: 161072K->44778K(175104K)] 461106K->361974K(699392K), 0.0063373 secs] [Times: user=0.07 sys=0.00, real=0.01 secs] 
2016-09-25T22:59:31.076-0400: 28.759: [GC (GCLocker Initiated GC) [PSYoungGen: 130869K->63253K(175104K)] 450765K->405964K(699392K), 0.0077632 secs] [Times: user=0.11 sys=0.00, real=0.01 secs] 
2016-09-25T22:59:31.133-0400: 28.816: [GC (Allocation Failure) [PSYoungGen: 151317K->49930K(175104K)] 498211K->427182K(699392K), 0.0111315 secs] [Times: user=0.16 sys=0.00, real=0.02 secs] 
2016-09-25T22:59:31.145-0400: 28.828: [GC (GCLocker Initiated GC) [PSYoungGen: 50110K->96K(175104K)] 427361K->437850K(699392K), 0.0058956 secs] [Times: user=0.08 sys=0.00, real=0.00 secs] 
2016-09-25T22:59:31.192-0400: 28.875: [GC (GCLocker Initiated GC) [PSYoungGen: 85789K->70368K(175104K)] 526243K->510822K(699392K), 0.0069374 secs] [Times: user=0.07 sys=0.00, real=0.01 secs] 
2016-09-25T22:59:31.243-0400: 28.926: [GC (GCLocker Initiated GC) [PSYoungGen: 158432K->74537K(175104K)] 608441K->536383K(699392K), 0.0085948 secs] [Times: user=0.12 sys=0.01, real=0.00 secs] 
2016-09-25T22:59:31.310-0400: 28.993: [Full GC (Ergonomics) [PSYoungGen: 162601K->0K(175104K)] [ParOldGen: 466048K->164804K(524288K)] 628649K->164804K(699392K), [Metaspace: 43498K->43498K(1085440K)], 0.0616450 secs] [Times: user=0.50 sys=0.01, real=0.06 secs] 
2016-09-25T22:59:31.401-0400: 29.084: [GC (GCLocker Initiated GC) [PSYoungGen: 88064K->86717K(175104K)] 255825K->259878K(699392K), 0.0103036 secs] [Times: user=0.14 sys=0.01, real=0.01 secs] 
2016-09-25T22:59:31.468-0400: 29.151: [GC (GCLocker Initiated GC) [PSYoungGen: 174781K->52598K(175104K)] 364218K->248501K(699392K), 0.0091295 secs] [Times: user=0.06 sys=0.01, real=0.01 secs] 
2016-09-25T22:59:31.520-0400: 29.203: [GC (GCLocker Initiated GC) [PSYoungGen: 140662K->57677K(175104K)] 339446K->282937K(699392K), 0.0075769 secs] [Times: user=0.11 sys=0.00, real=0.01 secs] 
2016-09-25T22:59:31.567-0400: 29.250: [GC (GCLocker Initiated GC) [PSYoungGen: 145741K->67405K(175104K)] 373825K->329749K(699392K), 0.0105939 secs] [Times: user=0.16 sys=0.01, real=0.01 secs] 
2016-09-25T22:59:31.621-0400: 29.304: [GC (GCLocker Initiated GC) [PSYoungGen: 155469K->82211K(175104K)] 417883K->358901K(699392K), 0.0072170 secs] [Times: user=0.08 sys=0.00, real=0.01 secs] 
2016-09-25T22:59:31.669-0400: 29.352: [GC (GCLocker Initiated GC) [PSYoungGen: 170275K->48402K(175104K)] 449788K->358330K(699392K), 0.0170486 secs] [Times: user=0.21 sys=0.00, real=0.02 secs] 
2016-09-25T22:59:31.727-0400: 29.410: [GC (GCLocker Initiated GC) [PSYoungGen: 136466K->60630K(175104K)] 446478K->414807K(699392K), 0.0103156 secs] [Times: user=0.13 sys=0.01, real=0.01 secs] 
2016-09-25T22:59:31.791-0400: 29.474: [GC (GCLocker Initiated GC) [PSYoungGen: 148694K->56542K(175104K)] 511182K->434452K(699392K), 0.0072666 secs] [Times: user=0.08 sys=0.00, real=0.01 secs] 
2016-09-25T22:59:31.835-0400: 29.518: [GC (GCLocker Initiated GC) [PSYoungGen: 144606K->86256K(175104K)] 525402K->470551K(699392K), 0.0074082 secs] [Times: user=0.10 sys=0.00, real=0.01 secs] 
2016-09-25T22:59:31.894-0400: 29.577: [GC (GCLocker Initiated GC) [PSYoungGen: 174320K->59036K(175104K)] 571023K->473975K(699392K), 0.0118509 secs] [Times: user=0.12 sys=0.00, real=0.01 secs] 
2016-09-25T22:59:31.950-0400: 29.633: [GC (GCLocker Initiated GC) [PSYoungGen: 147100K->77975K(175104K)] 578339K->515152K(699392K), 0.0078638 secs] [Times: user=0.11 sys=0.00, real=0.01 secs] 
2016-09-25T22:59:32.002-0400: 29.685: [GC (Allocation Failure) [PSYoungGen: 166039K->56396K(175104K)] 607442K->532062K(699392K), 0.0073473 secs] [Times: user=0.11 sys=0.01, real=0.01 secs] 
2016-09-25T22:59:32.009-0400: 29.692: [Full GC (Ergonomics) [PSYoungGen: 56396K->0K(175104K)] [ParOldGen: 475666K->172507K(524288K)] 532062K->172507K(699392K), [Metaspace: 43499K->43499K(1085440K)], 0.0538684 secs] [Times: user=0.43 sys=0.00, real=0.06 secs] 
2016-09-25T22:59:32.111-0400: 29.794: [GC (GCLocker Initiated GC) [PSYoungGen: 87549K->61967K(175104K)] 261407K->235825K(699392K), 0.0062486 secs] [Times: user=0.09 sys=0.00, real=0.01 secs] 
2016-09-25T22:59:32.152-0400: 29.836: [GC (GCLocker Initiated GC) [PSYoungGen: 150031K->84974K(175104K)] 324622K->275179K(699392K), 0.0085473 secs] [Times: user=0.12 sys=0.01, real=0.01 secs] 
2016-09-25T22:59:32.215-0400: 29.898: [GC (GCLocker Initiated GC) [PSYoungGen: 173038K->48208K(175104K)] 370239K->290712K(699392K), 0.0073891 secs] [Times: user=0.11 sys=0.00, real=0.01 secs] 
2016-09-25T22:59:32.258-0400: 29.941: [GC (GCLocker Initiated GC) [PSYoungGen: 136272K->59045K(175104K)] 378877K->319731K(699392K), 0.0084898 secs] [Times: user=0.08 sys=0.01, real=0.01 secs] 
2016-09-25T22:59:32.312-0400: 29.995: [GC (GCLocker Initiated GC) [PSYoungGen: 147109K->78174K(175104K)] 415093K->368417K(699392K), 0.0102810 secs] [Times: user=0.13 sys=0.01, real=0.02 secs] 
2016-09-25T22:59:32.366-0400: 30.049: [GC (GCLocker Initiated GC) [PSYoungGen: 166238K->65857K(175104K)] 462142K->382667K(699392K), 0.0103599 secs] [Times: user=0.16 sys=0.00, real=0.01 secs] 
2016-09-25T22:59:32.411-0400: 30.094: [GC (Allocation Failure) [PSYoungGen: 153921K->72565K(175104K)] 473516K->412999K(699392K), 0.0075519 secs] [Times: user=0.10 sys=0.01, real=0.01 secs] 
2016-09-25T22:59:32.454-0400: 30.137: [GC (GCLocker Initiated GC) [PSYoungGen: 160629K->71225K(175104K)] 501084K->449928K(699392K), 0.0109851 secs] [Times: user=0.14 sys=0.00, real=0.01 secs] 
2016-09-25T22:59:32.512-0400: 30.196: [GC (GCLocker Initiated GC) [PSYoungGen: 159289K->49645K(175104K)] 546333K->457444K(699392K), 0.0067745 secs] [Times: user=0.07 sys=0.00, real=0.01 secs] 
2016-09-25T22:59:32.558-0400: 30.241: [GC (GCLocker Initiated GC) [PSYoungGen: 137709K->76825K(175104K)] 553678K->516349K(699392K), 0.0088959 secs] [Times: user=0.12 sys=0.01, real=0.01 secs] 
2016-09-25T22:59:32.617-0400: 30.300: [GC (GCLocker Initiated GC) [PSYoungGen: 164889K->73943K(175104K)] 612770K->545406K(699392K), 0.0117529 secs] [Times: user=0.12 sys=0.00, real=0.01 secs] 
2016-09-25T22:59:32.681-0400: 30.364: [Full GC (Ergonomics) [PSYoungGen: 162007K->0K(175104K)] [ParOldGen: 480367K->170011K(524288K)] 642374K->170011K(699392K), [Metaspace: 43500K->43500K(1085440K)], 0.0519629 secs] [Times: user=0.41 sys=0.00, real=0.05 secs] 
2016-09-25T22:59:32.766-0400: 30.449: [GC (GCLocker Initiated GC) [PSYoungGen: 88064K->86446K(175104K)] 263739K->267521K(699392K), 0.0147749 secs] [Times: user=0.21 sys=0.01, real=0.01 secs] 
2016-09-25T22:59:32.828-0400: 30.511: [GC (GCLocker Initiated GC) [PSYoungGen: 174510K->45579K(175104K)] 374635K->268192K(699392K), 0.0153945 secs] [Times: user=0.24 sys=0.00, real=0.02 secs] 
2016-09-25T22:59:32.889-0400: 30.572: [GC (GCLocker Initiated GC) [PSYoungGen: 133643K->67191K(175104K)] 371200K->308041K(699392K), 0.0070215 secs] [Times: user=0.10 sys=0.00, real=0.01 secs] 
2016-09-25T22:59:32.943-0400: 30.626: [GC (GCLocker Initiated GC) [PSYoungGen: 155255K->64538K(175104K)] 401730K->335874K(699392K), 0.0075974 secs] [Times: user=0.10 sys=0.01, real=0.00 secs] 
2016-09-25T22:59:32.992-0400: 30.675: [GC (GCLocker Initiated GC) [PSYoungGen: 152602K->76642K(175104K)] 424052K->360814K(699392K), 0.0105539 secs] [Times: user=0.13 sys=0.01, real=0.02 secs] 
2016-09-25T22:59:33.047-0400: 30.731: [GC (GCLocker Initiated GC) [PSYoungGen: 164706K->63155K(175104K)] 454422K->388537K(699392K), 0.0073411 secs] [Times: user=0.11 sys=0.01, real=0.01 secs] 
2016-09-25T22:59:33.105-0400: 30.788: [GC (GCLocker Initiated GC) [PSYoungGen: 151219K->36025K(175104K)] 480741K->397253K(699392K), 0.0070702 secs] [Times: user=0.08 sys=0.00, real=0.00 secs] 
2016-09-25T22:59:33.147-0400: 30.830: [GC (GCLocker Initiated GC) [PSYoungGen: 124089K->78087K(175104K)] 490923K->476556K(699392K), 0.0082570 secs] [Times: user=0.09 sys=0.00, real=0.01 secs] 
2016-09-25T22:59:33.205-0400: 30.888: [GC (GCLocker Initiated GC) [PSYoungGen: 166151K->56309K(175104K)] 568779K->486593K(699392K), 0.0183174 secs] [Times: user=0.23 sys=0.01, real=0.02 secs] 
2016-09-25T22:59:33.266-0400: 30.949: [GC (GCLocker Initiated GC) [PSYoungGen: 144373K->58943K(175104K)] 580101K->520921K(699392K), 0.0066741 secs] [Times: user=0.08 sys=0.02, real=0.00 secs] 
2016-09-25T22:59:33.308-0400: 30.991: [GC (GCLocker Initiated GC) [PSYoungGen: 147007K->56388K(175104K)] 621385K->548757K(699392K), 0.0072594 secs] [Times: user=0.07 sys=0.01, real=0.01 secs] 
2016-09-25T22:59:33.315-0400: 30.998: [Full GC (Ergonomics) [PSYoungGen: 56388K->0K(175104K)] [ParOldGen: 492368K->194238K(524288K)] 548757K->194238K(699392K), [Metaspace: 43500K->43500K(1085440K)], 0.0512662 secs] [Times: user=0.44 sys=0.00, real=0.05 secs] 
2016-09-25T22:59:33.420-0400: 31.103: [GC (GCLocker Initiated GC) [PSYoungGen: 88064K->66065K(175104K)] 290622K->268624K(699392K), 0.0118543 secs] [Times: user=0.14 sys=0.00, real=0.01 secs] 
2016-09-25T22:59:33.473-0400: 31.156: [GC (GCLocker Initiated GC) [PSYoungGen: 154129K->71186K(175104K)] 359607K->296349K(699392K), 0.0099632 secs] [Times: user=0.15 sys=0.00, real=0.02 secs] 
2016-09-25T22:59:33.519-0400: 31.202: [GC (GCLocker Initiated GC) [PSYoungGen: 159250K->67088K(175104K)] 387307K->307857K(699392K), 0.0097024 secs] [Times: user=0.10 sys=0.01, real=0.01 secs] 
2016-09-25T22:59:33.581-0400: 31.264: [GC (GCLocker Initiated GC) [PSYoungGen: 155152K->75309K(175104K)] 405457K->354422K(699392K), 0.0084893 secs] [Times: user=0.12 sys=0.00, real=0.01 secs] 
2016-09-25T22:59:33.638-0400: 31.321: [GC (GCLocker Initiated GC) [PSYoungGen: 163373K->71189K(175104K)] 449351K->375300K(699392K), 0.0102339 secs] [Times: user=0.13 sys=0.00, real=0.01 secs] 
2016-09-25T22:59:33.685-0400: 31.368: [GC (GCLocker Initiated GC) [PSYoungGen: 159253K->68614K(175104K)] 474417K->396469K(699392K), 0.0103512 secs] [Times: user=0.12 sys=0.01, real=0.01 secs] 
2016-09-25T22:59:33.746-0400: 31.430: [GC (GCLocker Initiated GC) [PSYoungGen: 156678K->44108K(175104K)] 498263K->425489K(699392K), 0.0086581 secs] [Times: user=0.09 sys=0.00, real=0.01 secs] 
2016-09-25T22:59:33.798-0400: 31.481: [GC (GCLocker Initiated GC) [PSYoungGen: 132172K->65849K(175104K)] 513667K->461348K(699392K), 0.0076621 secs] [Times: user=0.10 sys=0.00, real=0.01 secs] 
2016-09-25T22:59:33.837-0400: 31.520: [GC (GCLocker Initiated GC) [PSYoungGen: 153913K->67402K(175104K)] 560435K->505524K(699392K), 0.0181705 secs] [Times: user=0.19 sys=0.00, real=0.02 secs] 
2016-09-25T22:59:33.902-0400: 31.585: [GC (GCLocker Initiated GC) [PSYoungGen: 155466K->75205K(175104K)] 593705K->534413K(699392K), 0.0103666 secs] [Times: user=0.09 sys=0.00, real=0.00 secs] 
2016-09-25T22:59:33.955-0400: 31.638: [GC (GCLocker Initiated GC) [PSYoungGen: 163269K->64501K(175104K)] 622561K->564825K(699392K), 0.0104539 secs] [Times: user=0.15 sys=0.00, real=0.01 secs] 
2016-09-25T22:59:33.966-0400: 31.649: [Full GC (Ergonomics) [PSYoungGen: 64501K->0K(175104K)] [ParOldGen: 500323K->187274K(524288K)] 564825K->187274K(699392K), [Metaspace: 43504K->43504K(1085440K)], 0.0595735 secs] [Times: user=0.39 sys=0.01, real=0.06 secs] 
2016-09-25T22:59:34.066-0400: 31.749: [GC (GCLocker Initiated GC) [PSYoungGen: 88064K->85026K(175104K)] 275535K->283297K(699392K), 0.0076619 secs] [Times: user=0.11 sys=0.00, real=0.01 secs] 
2016-09-25T22:59:34.116-0400: 31.799: [GC (GCLocker Initiated GC) [PSYoungGen: 173090K->52421K(175104K)] 378271K->290888K(699392K), 0.0089879 secs] [Times: user=0.15 sys=0.01, real=0.01 secs] 
2016-09-25T22:59:34.170-0400: 31.853: [GC (GCLocker Initiated GC) [PSYoungGen: 140485K->56286K(175104K)] 381940K->328138K(699392K), 0.0070817 secs] [Times: user=0.11 sys=0.00, real=0.01 secs] 
2016-09-25T22:59:34.222-0400: 31.905: [GC (GCLocker Initiated GC) [PSYoungGen: 144350K->67350K(175104K)] 420322K->376247K(699392K), 0.0105782 secs] [Times: user=0.14 sys=0.00, real=0.01 secs] 
2016-09-25T22:59:34.263-0400: 31.947: [GC (GCLocker Initiated GC) [PSYoungGen: 155414K->63119K(175104K)] 467141K->425484K(699392K), 0.0082985 secs] [Times: user=0.13 sys=0.00, real=0.00 secs] 
2016-09-25T22:59:34.317-0400: 32.000: [GC (GCLocker Initiated GC) [PSYoungGen: 151183K->49748K(175104K)] 528487K->459984K(699392K), 0.0103832 secs] [Times: user=0.11 sys=0.00, real=0.01 secs] 
2016-09-25T22:59:34.375-0400: 32.058: [GC (GCLocker Initiated GC) [PSYoungGen: 137812K->58999K(173056K)] 550897K->484914K(697344K), 0.0078547 secs] [Times: user=0.10 sys=0.00, real=0.01 secs] 
2016-09-25T22:59:34.426-0400: 32.109: [GC (GCLocker Initiated GC) [PSYoungGen: 147063K->64558K(174080K)] 573788K->499916K(698368K), 0.0062092 secs] [Times: user=0.07 sys=0.00, real=0.00 secs] 
2016-09-25T22:59:34.480-0400: 32.163: [GC (GCLocker Initiated GC) [PSYoungGen: 152622K->73929K(173568K)] 593454K->523474K(697856K), 0.0068478 secs] [Times: user=0.10 sys=0.00, real=0.01 secs] 
2016-09-25T22:59:34.516-0400: 32.199: [GC (GCLocker Initiated GC) [PSYoungGen: 163017K->63211K(175616K)] 615362K->552621K(699904K), 0.0086049 secs] [Times: user=0.10 sys=0.02, real=0.01 secs] 
2016-09-25T22:59:34.525-0400: 32.208: [Full GC (Ergonomics) [PSYoungGen: 63211K->0K(175616K)] [ParOldGen: 489409K->201620K(524288K)] 552621K->201620K(699904K), [Metaspace: 43524K->43524K(1085440K)], 0.0526284 secs] [Times: user=0.53 sys=0.00, real=0.05 secs] 
2016-09-25T22:59:34.613-0400: 32.296: [GC (GCLocker Initiated GC) [PSYoungGen: 89088K->82396K(172544K)] 293469K->294877K(696832K), 0.0101213 secs] [Times: user=0.15 sys=0.01, real=0.02 secs] 
2016-09-25T22:59:34.686-0400: 32.369: [GC (GCLocker Initiated GC) [PSYoungGen: 170460K->41419K(175104K)] 392496K->292632K(699392K), 0.0264813 secs] [Times: user=0.33 sys=0.03, real=0.02 secs] 
2016-09-25T22:59:34.762-0400: 32.445: [GC (GCLocker Initiated GC) [PSYoungGen: 129483K->83377K(175104K)] 380922K->352941K(699392K), 0.0076023 secs] [Times: user=0.10 sys=0.00, real=0.00 secs] 
2016-09-25T22:59:34.802-0400: 32.485: [GC (GCLocker Initiated GC) [PSYoungGen: 171441K->64565K(175104K)] 441116K->378038K(699392K), 0.0080064 secs] [Times: user=0.11 sys=0.01, real=0.01 secs] 
2016-09-25T22:59:34.847-0400: 32.530: [GC (GCLocker Initiated GC) [PSYoungGen: 152629K->58926K(175104K)] 468942K->392045K(699392K), 0.0078421 secs] [Times: user=0.06 sys=0.00, real=0.01 secs] 
2016-09-25T22:59:34.898-0400: 32.581: [GC (GCLocker Initiated GC) [PSYoungGen: 146990K->64381K(175104K)] 480186K->412967K(699392K), 0.0114545 secs] [Times: user=0.11 sys=0.01, real=0.01 secs] 
2016-09-25T22:59:34.980-0400: 32.663: [GC (GCLocker Initiated GC) [PSYoungGen: 152445K->46694K(175104K)] 505147K->422929K(699392K), 0.0124706 secs] [Times: user=0.11 sys=0.01, real=0.01 secs] 
2016-09-25T22:59:35.024-0400: 32.708: [GC (GCLocker Initiated GC) [PSYoungGen: 134758K->72486K(175104K)] 511149K->472422K(699392K), 0.0077862 secs] [Times: user=0.08 sys=0.00, real=0.00 secs] 
2016-09-25T22:59:35.070-0400: 32.753: [GC (GCLocker Initiated GC) [PSYoungGen: 160550K->71276K(175104K)] 565988K->507022K(699392K), 0.0089325 secs] [Times: user=0.14 sys=0.00, real=0.01 secs] 
2016-09-25T22:59:35.135-0400: 32.818: [GC (GCLocker Initiated GC) [PSYoungGen: 159340K->56449K(175104K)] 597869K->526664K(699392K), 0.0110382 secs] [Times: user=0.15 sys=0.00, real=0.01 secs] 
2016-09-25T22:59:35.206-0400: 32.889: [GC (GCLocker Initiated GC) [PSYoungGen: 144513K->52347K(175104K)] 618942K->544953K(699392K), 0.0126076 secs] [Times: user=0.11 sys=0.00, real=0.01 secs] 
2016-09-25T22:59:35.219-0400: 32.902: [Full GC (Ergonomics) [PSYoungGen: 52347K->0K(175104K)] [ParOldGen: 492606K->200179K(524288K)] 544953K->200179K(699392K), [Metaspace: 43524K->43524K(1085440K)], 0.0468787 secs] [Times: user=0.37 sys=0.00, real=0.05 secs] 
2016-09-25T22:59:35.305-0400: 32.988: [GC (GCLocker Initiated GC) [PSYoungGen: 88064K->83592K(175104K)] 290961K->286490K(699392K), 0.0204184 secs] [Times: user=0.23 sys=0.00, real=0.02 secs] 
2016-09-25T22:59:35.381-0400: 33.064: [GC (GCLocker Initiated GC) [PSYoungGen: 171656K->67131K(175104K)] 377366K->285868K(699392K), 0.0165567 secs] [Times: user=0.20 sys=0.00, real=0.02 secs] 
2016-09-25T22:59:35.455-0400: 33.139: [GC (GCLocker Initiated GC) [PSYoungGen: 155195K->41448K(175104K)] 375959K->293891K(699392K), 0.0066693 secs] [Times: user=0.08 sys=0.00, real=0.01 secs] 
2016-09-25T22:59:35.491-0400: 33.174: [GC (GCLocker Initiated GC) [PSYoungGen: 129512K->74022K(175104K)] 384751K->356897K(699392K), 0.0076591 secs] [Times: user=0.09 sys=0.01, real=0.01 secs] 
2016-09-25T22:59:35.559-0400: 33.242: [GC (GCLocker Initiated GC) [PSYoungGen: 162086K->61984K(175104K)] 460109K->394392K(699392K), 0.0109458 secs] [Times: user=0.16 sys=0.01, real=0.01 secs] 
2016-09-25T22:59:35.645-0400: 33.329: [GC (GCLocker Initiated GC) [PSYoungGen: 150048K->61603K(175104K)] 487953K->416402K(699392K), 0.0091836 secs] [Times: user=0.13 sys=0.01, real=0.01 secs] 
2016-09-25T22:59:35.690-0400: 33.374: [GC (GCLocker Initiated GC) [PSYoungGen: 149667K->65681K(175104K)] 504528K->435717K(699392K), 0.0068827 secs] [Times: user=0.06 sys=0.00, real=0.01 secs] 
2016-09-25T22:59:35.740-0400: 33.423: [GC (GCLocker Initiated GC) [PSYoungGen: 153745K->72587K(175104K)] 529318K->471687K(699392K), 0.0078818 secs] [Times: user=0.13 sys=0.00, real=0.01 secs] 
2016-09-25T22:59:35.807-0400: 33.490: [GC (GCLocker Initiated GC) [PSYoungGen: 160651K->41403K(175104K)] 563376K->460902K(699392K), 0.0096077 secs] [Times: user=0.09 sys=0.00, real=0.01 secs] 
2016-09-25T22:59:35.865-0400: 33.548: [GC (GCLocker Initiated GC) [PSYoungGen: 129467K->68471K(175104K)] 551833K->514467K(699392K), 0.0151692 secs] [Times: user=0.21 sys=0.00, real=0.01 secs] 
2016-09-25T22:59:35.936-0400: 33.619: [GC (GCLocker Initiated GC) [PSYoungGen: 156535K->46737K(175104K)] 610205K->510396K(699392K), 0.0081799 secs] [Times: user=0.09 sys=0.00, real=0.01 secs] 
2016-09-25T22:59:35.987-0400: 33.670: [GC (GCLocker Initiated GC) [PSYoungGen: 134801K->75453K(175104K)] 612052K->568095K(699392K), 0.0091839 secs] [Times: user=0.13 sys=0.00, real=0.01 secs] 
2016-09-25T22:59:35.996-0400: 33.679: [Full GC (Ergonomics) [PSYoungGen: 75453K->0K(175104K)] [ParOldGen: 492642K->204353K(524288K)] 568095K->204353K(699392K), [Metaspace: 43525K->43525K(1085440K)], 0.1113192 secs] [Times: user=0.97 sys=0.01, real=0.11 secs] 
2016-09-25T22:59:36.145-0400: 33.828: [GC (GCLocker Initiated GC) [PSYoungGen: 88064K->67194K(175104K)] 292589K->271719K(699392K), 0.0098822 secs] [Times: user=0.11 sys=0.00, real=0.01 secs] 
2016-09-25T22:59:36.193-0400: 33.876: [GC (GCLocker Initiated GC) [PSYoungGen: 155258K->57568K(175104K)] 362742K->292800K(699392K), 0.0090159 secs] [Times: user=0.09 sys=0.00, real=0.01 secs] 
2016-09-25T22:59:36.245-0400: 33.928: [GC (GCLocker Initiated GC) [PSYoungGen: 145632K->52392K(175104K)] 383728K->327541K(699392K), 0.0105548 secs] [Times: user=0.14 sys=0.00, real=0.01 secs] 
2016-09-25T22:59:36.313-0400: 33.996: [GC (GCLocker Initiated GC) [PSYoungGen: 140456K->33546K(175104K)] 429311K->344661K(699392K), 0.0075614 secs] [Times: user=0.11 sys=0.00, real=0.01 secs] 
2016-09-25T22:59:36.363-0400: 34.046: [GC (GCLocker Initiated GC) [PSYoungGen: 121610K->72501K(175104K)] 438253K->395270K(699392K), 0.0094985 secs] [Times: user=0.17 sys=0.00, real=0.00 secs] 
2016-09-25T22:59:36.427-0400: 34.110: [GC (GCLocker Initiated GC) [PSYoungGen: 160565K->56363K(175104K)] 496904K->406668K(699392K), 0.0067850 secs] [Times: user=0.08 sys=0.00, real=0.00 secs] 
2016-09-25T22:59:36.498-0400: 34.181: [GC (GCLocker Initiated GC) [PSYoungGen: 144427K->29444K(175104K)] 503495K->430983K(699392K), 0.0085513 secs] [Times: user=0.13 sys=0.00, real=0.01 secs] 
2016-09-25T22:59:36.538-0400: 34.221: [GC (GCLocker Initiated GC) [PSYoungGen: 117508K->68450K(175104K)] 519125K->492350K(699392K), 0.0104616 secs] [Times: user=0.12 sys=0.00, real=0.01 secs] 
2016-09-25T22:59:36.599-0400: 34.282: [GC (GCLocker Initiated GC) [PSYoungGen: 156514K->73904K(175104K)] 584572K->532192K(699392K), 0.0118546 secs] [Times: user=0.13 sys=0.01, real=0.01 secs] 
2016-09-25T22:59:36.650-0400: 34.333: [GC (GCLocker Initiated GC) [PSYoungGen: 161968K->50838K(175104K)] 623073K->531368K(699392K), 0.0082488 secs] [Times: user=0.07 sys=0.01, real=0.01 secs] 
2016-09-25T22:59:36.658-0400: 34.341: [Full GC (Ergonomics) [PSYoungGen: 50838K->0K(175104K)] [ParOldGen: 480529K->205018K(524288K)] 531368K->205018K(699392K), [Metaspace: 43525K->43525K(1085440K)], 0.0456104 secs] [Times: user=0.40 sys=0.00, real=0.05 secs] 
2016-09-25T22:59:36.742-0400: 34.425: [GC (GCLocker Initiated GC) [PSYoungGen: 88064K->72791K(175104K)] 293239K->277966K(699392K), 0.0149152 secs] [Times: user=0.15 sys=0.01, real=0.02 secs] 
2016-09-25T22:59:36.806-0400: 34.490: [GC (GCLocker Initiated GC) [PSYoungGen: 160855K->55105K(175104K)] 371612K->305893K(699392K), 0.0116176 secs] [Times: user=0.13 sys=0.01, real=0.01 secs] 
2016-09-25T22:59:36.857-0400: 34.540: [GC (GCLocker Initiated GC) [PSYoungGen: 143169K->75322K(175104K)] 400927K->341753K(699392K), 0.0098198 secs] [Times: user=0.09 sys=0.00, real=0.01 secs] 
2016-09-25T22:59:36.912-0400: 34.596: [GC (GCLocker Initiated GC) [PSYoungGen: 163386K->67025K(175104K)] 439473K->354544K(699392K), 0.0100281 secs] [Times: user=0.10 sys=0.00, real=0.02 secs] 
2016-09-25T22:59:36.970-0400: 34.653: [GC (GCLocker Initiated GC) [PSYoungGen: 155089K->48304K(175104K)] 448018K->372879K(699392K), 0.0121499 secs] [Times: user=0.12 sys=0.00, real=0.02 secs] 
2016-09-25T22:59:37.017-0400: 34.700: [GC (GCLocker Initiated GC) [PSYoungGen: 136368K->70968K(175104K)] 466612K->409831K(699392K), 0.0197119 secs] [Times: user=0.20 sys=0.00, real=0.02 secs] 
2016-09-25T22:59:37.085-0400: 34.768: [GC (GCLocker Initiated GC) [PSYoungGen: 159032K->60422K(175104K)] 503398K->435016K(699392K), 0.0153191 secs] [Times: user=0.18 sys=0.00, real=0.01 secs] 
2016-09-25T22:59:37.131-0400: 34.814: [GC (GCLocker Initiated GC) [PSYoungGen: 148486K->76574K(175104K)] 523169K->462599K(699392K), 0.0084958 secs] [Times: user=0.08 sys=0.00, real=0.01 secs] 
2016-09-25T22:59:37.184-0400: 34.867: [GC (GCLocker Initiated GC) [PSYoungGen: 164638K->56248K(175104K)] 556851K->457178K(699392K), 0.0216441 secs] [Times: user=0.27 sys=0.00, real=0.02 secs] 
2016-09-25T22:59:37.251-0400: 34.934: [GC (GCLocker Initiated GC) [PSYoungGen: 144312K->45403K(175104K)] 550705K->468502K(699392K), 0.0079958 secs] [Times: user=0.08 sys=0.00, real=0.01 secs] 
2016-09-25T22:59:37.294-0400: 34.977: [GC (GCLocker Initiated GC) [PSYoungGen: 133467K->65701K(175104K)] 562200K->501705K(699392K), 0.0076787 secs] [Times: user=0.06 sys=0.00, real=0.01 secs] 
2016-09-25T22:59:37.347-0400: 35.030: [GC (GCLocker Initiated GC) [PSYoungGen: 153765K->56383K(175104K)] 599293K->537661K(699392K), 0.0112173 secs] [Times: user=0.10 sys=0.01, real=0.01 secs] 
2016-09-25T22:59:37.359-0400: 35.042: [Full GC (Ergonomics) [PSYoungGen: 56383K->0K(175104K)] [ParOldGen: 481277K->209402K(524288K)] 537661K->209402K(699392K), [Metaspace: 43539K->43539K(1085440K)], 0.0545742 secs] [Times: user=0.45 sys=0.01, real=0.05 secs] 
2016-09-25T22:59:37.463-0400: 35.146: [GC (GCLocker Initiated GC) [PSYoungGen: 88064K->63352K(151552K)] 302902K->278191K(675840K), 0.0078483 secs] [Times: user=0.11 sys=0.00, real=0.00 secs] 
2016-09-25T22:59:37.503-0400: 35.186: [GC (GCLocker Initiated GC) [PSYoungGen: 151416K->75546K(174080K)] 366510K->302134K(698368K), 0.0096416 secs] [Times: user=0.11 sys=0.00, real=0.00 secs] 
2016-09-25T22:59:37.552-0400: 35.235: [GC (GCLocker Initiated GC) [PSYoungGen: 163098K->59094K(174592K)] 392499K->318967K(698880K), 0.0089957 secs] [Times: user=0.14 sys=0.00, real=0.01 secs] 
2016-09-25T22:59:37.589-0400: 35.272: [GC (GCLocker Initiated GC) [PSYoungGen: 146646K->74193K(175104K)] 414749K->359060K(699392K), 0.0073399 secs] [Times: user=0.07 sys=0.00, real=0.01 secs] 
2016-09-25T22:59:37.649-0400: 35.333: [GC (GCLocker Initiated GC) [PSYoungGen: 162257K->60520K(175104K)] 457972K->393546K(699392K), 0.0076611 secs] [Times: user=0.12 sys=0.00, real=0.01 secs] 
2016-09-25T22:59:37.690-0400: 35.373: [GC (GCLocker Initiated GC) [PSYoungGen: 148584K->64580K(172032K)] 484403K->438783K(696320K), 0.0104941 secs] [Times: user=0.15 sys=0.00, real=0.01 secs] 
2016-09-25T22:59:37.742-0400: 35.425: [GC (GCLocker Initiated GC) [PSYoungGen: 152644K->71294K(173568K)] 532487K->478763K(697856K), 0.0093900 secs] [Times: user=0.11 sys=0.00, real=0.00 secs] 
2016-09-25T22:59:37.799-0400: 35.482: [GC (GCLocker Initiated GC) [PSYoungGen: 159358K->64542K(173056K)] 588733K->499907K(697344K), 0.0090497 secs] [Times: user=0.12 sys=0.00, real=0.01 secs] 
2016-09-25T22:59:37.856-0400: 35.539: [GC (GCLocker Initiated GC) [PSYoungGen: 155166K->53422K(174592K)] 597430K->500287K(698880K), 0.0086805 secs] [Times: user=0.08 sys=0.00, real=0.01 secs] 
2016-09-25T22:59:37.900-0400: 35.583: [GC (GCLocker Initiated GC) [PSYoungGen: 144046K->79447K(172032K)] 593714K->555244K(696320K), 0.0085571 secs] [Times: user=0.13 sys=0.00, real=0.01 secs] 
2016-09-25T22:59:37.909-0400: 35.592: [Full GC (Ergonomics) [PSYoungGen: 79447K->0K(172032K)] [ParOldGen: 475797K->218654K(524288K)] 555244K->218654K(696320K), [Metaspace: 43539K->43539K(1085440K)], 0.0555347 secs] [Times: user=0.49 sys=0.00, real=0.06 secs] 
2016-09-25T22:59:38.001-0400: 35.684: [GC (GCLocker Initiated GC) [PSYoungGen: 88064K->83567K(175104K)] 306808K->302312K(699392K), 0.0087383 secs] [Times: user=0.12 sys=0.00, real=0.01 secs] 
2016-09-25T22:59:38.051-0400: 35.734: [GC (GCLocker Initiated GC) [PSYoungGen: 171631K->56355K(175104K)] 397240K->297563K(699392K), 0.0062155 secs] [Times: user=0.07 sys=0.00, real=0.01 secs] 
2016-09-25T22:59:38.092-0400: 35.775: [GC (GCLocker Initiated GC) [PSYoungGen: 144419K->74116K(175104K)] 394206K->338052K(699392K), 0.0096254 secs] [Times: user=0.14 sys=0.00, real=0.02 secs] 
2016-09-25T22:59:38.143-0400: 35.826: [GC (GCLocker Initiated GC) [PSYoungGen: 162180K->64353K(175104K)] 426193K->362848K(699392K), 0.0098028 secs] [Times: user=0.14 sys=0.00, real=0.00 secs] 
2016-09-25T22:59:38.185-0400: 35.868: [GC (GCLocker Initiated GC) [PSYoungGen: 152417K->76722K(175104K)] 453687K->406826K(699392K), 0.0106475 secs] [Times: user=0.10 sys=0.00, real=0.01 secs] 
2016-09-25T22:59:38.238-0400: 35.921: [GC (GCLocker Initiated GC) [PSYoungGen: 164786K->44141K(175104K)] 497071K->402727K(699392K), 0.0090173 secs] [Times: user=0.08 sys=0.00, real=0.01 secs] 
2016-09-25T22:59:38.280-0400: 35.963: [GC (GCLocker Initiated GC) [PSYoungGen: 132205K->72569K(175104K)] 490842K->462942K(699392K), 0.0105931 secs] [Times: user=0.15 sys=0.00, real=0.01 secs] 
2016-09-25T22:59:38.325-0400: 36.008: [GC (GCLocker Initiated GC) [PSYoungGen: 160633K->80680K(175104K)] 553885K->496022K(699392K), 0.0110572 secs] [Times: user=0.09 sys=0.00, real=0.01 secs] 
2016-09-25T22:59:38.382-0400: 36.065: [GC (GCLocker Initiated GC) [PSYoungGen: 168744K->53826K(175104K)] 592776K->501414K(699392K), 0.0084209 secs] [Times: user=0.12 sys=0.00, real=0.01 secs] 
2016-09-25T22:59:38.434-0400: 36.117: [GC (GCLocker Initiated GC) [PSYoungGen: 141890K->72565K(175104K)] 599020K->543883K(699392K), 0.0090800 secs] [Times: user=0.10 sys=0.00, real=0.01 secs] 
2016-09-25T22:59:38.482-0400: 36.165: [GC (GCLocker Initiated GC) [PSYoungGen: 160629K->83408K(175104K)] 636114K->571618K(699392K), 0.0074068 secs] [Times: user=0.11 sys=0.00, real=0.01 secs] 
2016-09-25T22:59:38.489-0400: 36.172: [Full GC (Ergonomics) [PSYoungGen: 83408K->0K(175104K)] [ParOldGen: 488210K->219640K(524288K)] 571618K->219640K(699392K), [Metaspace: 43539K->43539K(1085440K)], 0.0493474 secs] [Times: user=0.47 sys=0.00, real=0.05 secs] 
2016-09-25T22:59:38.582-0400: 36.265: [GC (GCLocker Initiated GC) [PSYoungGen: 88064K->77033K(175104K)] 311896K->300874K(699392K), 0.0067189 secs] [Times: user=0.08 sys=0.01, real=0.00 secs] 
2016-09-25T22:59:38.631-0400: 36.314: [GC (GCLocker Initiated GC) [PSYoungGen: 165097K->75294K(175104K)] 391866K->331348K(699392K), 0.0073814 secs] [Times: user=0.11 sys=0.00, real=0.01 secs] 
2016-09-25T22:59:38.680-0400: 36.363: [GC (GCLocker Initiated GC) [PSYoungGen: 163358K->64668K(175104K)] 426238K->351058K(699392K), 0.0094724 secs] [Times: user=0.10 sys=0.00, real=0.01 secs] 
2016-09-25T22:59:38.726-0400: 36.409: [GC (GCLocker Initiated GC) [PSYoungGen: 152732K->84623K(175104K)] 441967K->398940K(699392K), 0.0106702 secs] [Times: user=0.16 sys=0.00, real=0.01 secs] 
2016-09-25T22:59:38.772-0400: 36.455: [GC (GCLocker Initiated GC) [PSYoungGen: 172687K->69972K(175104K)] 492509K->419978K(699392K), 0.0115305 secs] [Times: user=0.15 sys=0.00, real=0.02 secs] 
2016-09-25T22:59:38.830-0400: 36.513: [GC (GCLocker Initiated GC) [PSYoungGen: 158036K->48268K(175104K)] 520438K->428742K(699392K), 0.0091836 secs] [Times: user=0.06 sys=0.00, real=0.01 secs] 
2016-09-25T22:59:38.880-0400: 36.563: [GC (GCLocker Initiated GC) [PSYoungGen: 136332K->73794K(175104K)] 519624K->460379K(699392K), 0.0071800 secs] [Times: user=0.07 sys=0.00, real=0.01 secs] 
2016-09-25T22:59:38.927-0400: 36.610: [GC (GCLocker Initiated GC) [PSYoungGen: 161858K->72571K(175104K)] 555282K->492114K(699392K), 0.0104600 secs] [Times: user=0.16 sys=0.00, real=0.01 secs] 
2016-09-25T22:59:38.974-0400: 36.657: [GC (GCLocker Initiated GC) [PSYoungGen: 160635K->57674K(175104K)] 580721K->506660K(699392K), 0.0089847 secs] [Times: user=0.13 sys=0.01, real=0.01 secs] 
2016-09-25T22:59:39.014-0400: 36.697: [GC (GCLocker Initiated GC) [PSYoungGen: 145738K->64339K(175104K)] 594845K->547730K(699392K), 0.0076755 secs] [Times: user=0.11 sys=0.00, real=0.00 secs] 
2016-09-25T22:59:39.022-0400: 36.705: [Full GC (Ergonomics) [PSYoungGen: 64339K->0K(175104K)] [ParOldGen: 483391K->220267K(524288K)] 547730K->220267K(699392K), [Metaspace: 43660K->43660K(1087488K)], 0.0555591 secs] [Times: user=0.50 sys=0.00, real=0.06 secs] 
2016-09-25T22:59:39.118-0400: 36.801: [GC (GCLocker Initiated GC) [PSYoungGen: 88064K->85101K(175104K)] 312563K->317700K(699392K), 0.0076843 secs] [Times: user=0.10 sys=0.01, real=0.01 secs] 
2016-09-25T22:59:39.163-0400: 36.846: [GC (GCLocker Initiated GC) [PSYoungGen: 173165K->54941K(175104K)] 411255K->334436K(699392K), 0.0090481 secs] [Times: user=0.12 sys=0.00, real=0.00 secs] 
2016-09-25T22:59:39.206-0400: 36.889: [GC (GCLocker Initiated GC) [PSYoungGen: 143005K->54868K(175104K)] 422695K->351267K(699392K), 0.0091532 secs] [Times: user=0.09 sys=0.00, real=0.01 secs] 
2016-09-25T22:59:39.253-0400: 36.936: [GC (GCLocker Initiated GC) [PSYoungGen: 142932K->84857K(175104K)] 444927K->394071K(699392K), 0.0121544 secs] [Times: user=0.18 sys=0.00, real=0.02 secs] 
2016-09-25T22:59:39.312-0400: 36.995: [GC (GCLocker Initiated GC) [PSYoungGen: 172921K->57677K(175104K)] 495745K->400078K(699392K), 0.0087937 secs] [Times: user=0.13 sys=0.01, real=0.01 secs] 
2016-09-25T22:59:39.356-0400: 37.039: [GC (GCLocker Initiated GC) [PSYoungGen: 145741K->68462K(175104K)] 491069K->435951K(699392K), 0.0069749 secs] [Times: user=0.10 sys=0.00, real=0.01 secs] 
2016-09-25T22:59:39.404-0400: 37.087: [GC (GCLocker Initiated GC) [PSYoungGen: 156526K->65804K(175104K)] 524124K->450081K(699392K), 0.0071368 secs] [Times: user=0.09 sys=0.00, real=0.00 secs] 
2016-09-25T22:59:39.451-0400: 37.134: [GC (GCLocker Initiated GC) [PSYoungGen: 153868K->67191K(175104K)] 538305K->479156K(699392K), 0.0076251 secs] [Times: user=0.10 sys=0.00, real=0.01 secs] 
2016-09-25T22:59:39.499-0400: 37.182: [GC (GCLocker Initiated GC) [PSYoungGen: 155255K->67423K(175104K)] 580847K->528700K(699392K), 0.0085672 secs] [Times: user=0.11 sys=0.01, real=0.01 secs] 
2016-09-25T22:59:39.551-0400: 37.234: [GC (GCLocker Initiated GC) [PSYoungGen: 155487K->77923K(175104K)] 624967K->562954K(699392K), 0.0077052 secs] [Times: user=0.12 sys=0.00, real=0.01 secs] 
2016-09-25T22:59:39.559-0400: 37.242: [Full GC (Ergonomics) [PSYoungGen: 77923K->0K(175104K)] [ParOldGen: 485031K->226203K(524288K)] 562954K->226203K(699392K), [Metaspace: 43661K->43661K(1087488K)], 0.0571537 secs] [Times: user=0.54 sys=0.01, real=0.06 secs] 
2016-09-25T22:59:39.663-0400: 37.346: [GC (GCLocker Initiated GC) [PSYoungGen: 88064K->70110K(175104K)] 319846K->301893K(699392K), 0.0077014 secs] [Times: user=0.10 sys=0.00, real=0.00 secs] 
2016-09-25T22:59:39.708-0400: 37.391: [GC (GCLocker Initiated GC) [PSYoungGen: 158174K->64281K(175104K)] 390066K->311815K(699392K), 0.0068809 secs] [Times: user=0.07 sys=0.00, real=0.01 secs] 
2016-09-25T22:59:39.749-0400: 37.432: [GC (GCLocker Initiated GC) [PSYoungGen: 152345K->59303K(175104K)] 404773K->344606K(699392K), 0.0076053 secs] [Times: user=0.11 sys=0.00, real=0.01 secs] 
2016-09-25T22:59:39.788-0400: 37.471: [GC (GCLocker Initiated GC) [PSYoungGen: 147367K->83233K(175104K)] 432740K->386905K(699392K), 0.0080134 secs] [Times: user=0.12 sys=0.00, real=0.01 secs] 
2016-09-25T22:59:39.832-0400: 37.515: [GC (GCLocker Initiated GC) [PSYoungGen: 171297K->49623K(175104K)] 475077K->415962K(699392K), 0.0085727 secs] [Times: user=0.11 sys=0.00, real=0.01 secs] 
2016-09-25T22:59:39.867-0400: 37.550: [GC (GCLocker Initiated GC) [PSYoungGen: 137687K->71300K(175104K)] 504203K->465363K(699392K), 0.0098137 secs] [Times: user=0.12 sys=0.00, real=0.01 secs] 
2016-09-25T22:59:39.931-0400: 37.614: [GC (GCLocker Initiated GC) [PSYoungGen: 159364K->82081K(175104K)] 558928K->501165K(699392K), 0.0198481 secs] [Times: user=0.22 sys=0.00, real=0.02 secs] 
2016-09-25T22:59:40.014-0400: 37.698: [GC (GCLocker Initiated GC) [PSYoungGen: 170145K->42700K(175104K)] 589909K->502248K(699392K), 0.0071075 secs] [Times: user=0.09 sys=0.00, real=0.00 secs] 
2016-09-25T22:59:40.048-0400: 37.731: [GC (GCLocker Initiated GC) [PSYoungGen: 130764K->68568K(175104K)] 597314K->554484K(699392K), 0.0089594 secs] [Times: user=0.06 sys=0.00, real=0.01 secs] 
2016-09-25T22:59:40.057-0400: 37.740: [Full GC (Ergonomics) [PSYoungGen: 68568K->0K(175104K)] [ParOldGen: 485915K->231747K(524288K)] 554484K->231747K(699392K), [Metaspace: 43661K->43661K(1087488K)], 0.0477893 secs] [Times: user=0.36 sys=0.00, real=0.05 secs] 
2016-09-25T22:59:40.166-0400: 37.849: [GC (GCLocker Initiated GC) [PSYoungGen: 88064K->73015K(175104K)] 324670K->309621K(699392K), 0.0097273 secs] [Times: user=0.14 sys=0.00, real=0.01 secs] 
2016-09-25T22:59:40.239-0400: 37.922: [GC (GCLocker Initiated GC) [PSYoungGen: 161079K->68491K(175104K)] 409915K->335891K(699392K), 0.0128664 secs] [Times: user=0.15 sys=0.01, real=0.01 secs] 
2016-09-25T22:59:40.287-0400: 37.970: [GC (GCLocker Initiated GC) [PSYoungGen: 156555K->65879K(175104K)] 433572K->350097K(699392K), 0.0073639 secs] [Times: user=0.06 sys=0.01, real=0.01 secs] 
2016-09-25T22:59:40.339-0400: 38.022: [GC (GCLocker Initiated GC) [PSYoungGen: 153943K->58899K(175104K)] 440897K->369435K(699392K), 0.0075673 secs] [Times: user=0.11 sys=0.00, real=0.01 secs] 
2016-09-25T22:59:40.390-0400: 38.074: [GC (GCLocker Initiated GC) [PSYoungGen: 146963K->71300K(175104K)] 457727K->412149K(699392K), 0.0196372 secs] [Times: user=0.30 sys=0.00, real=0.02 secs] 
2016-09-25T22:59:40.472-0400: 38.155: [GC (GCLocker Initiated GC) [PSYoungGen: 159364K->68547K(175104K)] 510166K->433461K(699392K), 0.0161595 secs] [Times: user=0.16 sys=0.00, real=0.02 secs] 
2016-09-25T22:59:40.531-0400: 38.214: [GC (GCLocker Initiated GC) [PSYoungGen: 156611K->49430K(175104K)] 528438K->435331K(699392K), 0.0087161 secs] [Times: user=0.13 sys=0.00, real=0.01 secs] 
2016-09-25T22:59:40.566-0400: 38.250: [GC (GCLocker Initiated GC) [PSYoungGen: 137494K->79138K(175104K)] 523734K->475270K(699392K), 0.0086935 secs] [Times: user=0.11 sys=0.00, real=0.01 secs] 
2016-09-25T22:59:40.624-0400: 38.308: [GC (GCLocker Initiated GC) [PSYoungGen: 167202K->45476K(175104K)] 563528K->500210K(699392K), 0.0146800 secs] [Times: user=0.15 sys=0.00, real=0.01 secs] 
2016-09-25T22:59:40.695-0400: 38.378: [GC (GCLocker Initiated GC) [PSYoungGen: 133540K->57832K(175104K)] 591087K->559117K(699392K), 0.0120843 secs] [Times: user=0.11 sys=0.00, real=0.01 secs] 
2016-09-25T22:59:40.707-0400: 38.390: [Full GC (Ergonomics) [PSYoungGen: 57832K->0K(175104K)] [ParOldGen: 501285K->220091K(524288K)] 559117K->220091K(699392K), [Metaspace: 43661K->43661K(1087488K)], 0.1759267 secs] [Times: user=2.43 sys=0.00, real=0.18 secs] 
2016-09-25T22:59:40.942-0400: 38.626: [GC (GCLocker Initiated GC) [PSYoungGen: 88064K->75540K(175104K)] 308209K->295685K(699392K), 0.0103794 secs] [Times: user=0.12 sys=0.00, real=0.00 secs] 
2016-09-25T22:59:40.987-0400: 38.670: [GC (GCLocker Initiated GC) [PSYoungGen: 163604K->73968K(175104K)] 391964K->316678K(699392K), 0.0084022 secs] [Times: user=0.10 sys=0.01, real=0.01 secs] 
2016-09-25T22:59:41.030-0400: 38.713: [GC (GCLocker Initiated GC) [PSYoungGen: 162032K->69948K(175104K)] 408559K->338631K(699392K), 0.0076746 secs] [Times: user=0.11 sys=0.00, real=0.01 secs] 
2016-09-25T22:59:41.069-0400: 38.753: [GC (GCLocker Initiated GC) [PSYoungGen: 158012K->62918K(175104K)] 426833K->370162K(699392K), 0.0119150 secs] [Times: user=0.14 sys=0.00, real=0.01 secs] 
2016-09-25T22:59:41.142-0400: 38.825: [GC (GCLocker Initiated GC) [PSYoungGen: 150982K->70097K(175104K)] 469091K->403406K(699392K), 0.0107100 secs] [Times: user=0.15 sys=0.00, real=0.00 secs] 
2016-09-25T22:59:41.203-0400: 38.886: [GC (GCLocker Initiated GC) [PSYoungGen: 158161K->50863K(175104K)] 493314K->434002K(699392K), 0.0085704 secs] [Times: user=0.10 sys=0.00, real=0.00 secs] 
2016-09-25T22:59:41.246-0400: 38.929: [GC (GCLocker Initiated GC) [PSYoungGen: 138927K->65906K(175104K)] 527579K->476571K(699392K), 0.0189288 secs] [Times: user=0.24 sys=0.00, real=0.02 secs] 
2016-09-25T22:59:41.298-0400: 38.981: [GC (GCLocker Initiated GC) [PSYoungGen: 153970K->84751K(175104K)] 564716K->539316K(699392K), 0.0209843 secs] [Times: user=0.27 sys=0.00, real=0.02 secs] 
2016-09-25T22:59:41.374-0400: 39.057: [Full GC (Ergonomics) [PSYoungGen: 172815K->0K(175104K)] [ParOldGen: 464224K->220202K(524288K)] 637039K->220202K(699392K), [Metaspace: 43662K->43662K(1087488K)], 0.0777944 secs] [Times: user=0.44 sys=0.00, real=0.08 secs] 
2016-09-25T22:59:41.493-0400: 39.176: [GC (GCLocker Initiated GC) [PSYoungGen: 88064K->67265K(175104K)] 311177K->290378K(699392K), 0.0065973 secs] [Times: user=0.06 sys=0.00, real=0.01 secs] 
2016-09-25T22:59:41.532-0400: 39.215: [GC (GCLocker Initiated GC) [PSYoungGen: 155329K->65923K(175104K)] 383894K->309997K(699392K), 0.0067615 secs] [Times: user=0.08 sys=0.01, real=0.01 secs] 
2016-09-25T22:59:41.583-0400: 39.266: [GC (GCLocker Initiated GC) [PSYoungGen: 153987K->63053K(151552K)] 402331K->333628K(675840K), 0.0093616 secs] [Times: user=0.10 sys=0.00, real=0.00 secs] 
2016-09-25T22:59:41.630-0400: 39.313: [GC (GCLocker Initiated GC) [PSYoungGen: 151117K->64403K(176128K)] 421850K->365337K(700416K), 0.0113541 secs] [Times: user=0.11 sys=0.00, real=0.01 secs] 
2016-09-25T22:59:41.677-0400: 39.361: [GC (GCLocker Initiated GC) [PSYoungGen: 154003K->75418K(174592K)] 463189K->398625K(698880K), 0.0066029 secs] [Times: user=0.10 sys=0.00, real=0.01 secs] 
2016-09-25T22:59:41.734-0400: 39.418: [GC (GCLocker Initiated GC) [PSYoungGen: 165018K->72611K(175616K)] 491001K->418159K(699904K), 0.0103744 secs] [Times: user=0.15 sys=0.00, real=0.01 secs] 
2016-09-25T22:59:41.785-0400: 39.468: [GC (GCLocker Initiated GC) [PSYoungGen: 161699K->52222K(141312K)] 510052K->430899K(665600K), 0.0095184 secs] [Times: user=0.09 sys=0.01, real=0.01 secs] 
2016-09-25T22:59:41.835-0400: 39.518: [GC (GCLocker Initiated GC) [PSYoungGen: 141310K->80820K(175104K)] 530894K->492461K(699392K), 0.0101683 secs] [Times: user=0.15 sys=0.00, real=0.01 secs] 
2016-09-25T22:59:41.885-0400: 39.568: [GC (GCLocker Initiated GC) [PSYoungGen: 168884K->68542K(175104K)] 583288K->511922K(699392K), 0.0103168 secs] [Times: user=0.15 sys=0.00, real=0.01 secs] 
2016-09-25T22:59:41.935-0400: 39.618: [GC (Allocation Failure) [PSYoungGen: 156606K->58812K(175104K)] 604153K->540648K(699392K), 0.0104028 secs] [Times: user=0.08 sys=0.00, real=0.01 secs] 
2016-09-25T22:59:41.945-0400: 39.629: [Full GC (Ergonomics) [PSYoungGen: 58812K->0K(175104K)] [ParOldGen: 481835K->223280K(524288K)] 540648K->223280K(699392K), [Metaspace: 43662K->43662K(1087488K)], 0.0640682 secs] [Times: user=0.58 sys=0.00, real=0.06 secs] 
2016-09-25T22:59:42.046-0400: 39.729: [GC (GCLocker Initiated GC) [PSYoungGen: 88064K->84880K(175104K)] 311356K->308172K(699392K), 0.0068320 secs] [Times: user=0.09 sys=0.00, real=0.00 secs] 
2016-09-25T22:59:43.536-0400: 41.219: [GC (GCLocker Initiated GC) [PSYoungGen: 172944K->79439K(175104K)] 396585K->315950K(699392K), 0.0225850 secs] [Times: user=0.23 sys=0.00, real=0.02 secs] 
2016-09-25T22:59:43.614-0400: 41.297: [GC (GCLocker Initiated GC) [PSYoungGen: 167503K->50981K(175104K)] 412217K->324645K(699392K), 0.0102494 secs] [Times: user=0.11 sys=0.00, real=0.02 secs] 
2016-09-25T22:59:43.656-0400: 41.339: [GC (GCLocker Initiated GC) [PSYoungGen: 139045K->63088K(175104K)] 412975K->380757K(699392K), 0.0081754 secs] [Times: user=0.12 sys=0.00, real=0.01 secs] 
2016-09-25T22:59:43.706-0400: 41.390: [GC (GCLocker Initiated GC) [PSYoungGen: 151152K->56318K(175104K)] 474892K->402207K(699392K), 0.0068925 secs] [Times: user=0.08 sys=0.01, real=0.00 secs] 
2016-09-25T22:59:43.751-0400: 41.434: [GC (GCLocker Initiated GC) [PSYoungGen: 144382K->53734K(175104K)] 493089K->443561K(699392K), 0.0070933 secs] [Times: user=0.09 sys=0.00, real=0.01 secs] 
2016-09-25T22:59:43.798-0400: 41.481: [GC (GCLocker Initiated GC) [PSYoungGen: 141798K->84873K(175104K)] 537440K->495912K(699392K), 0.0075953 secs] [Times: user=0.10 sys=0.00, real=0.01 secs] 
2016-09-25T22:59:43.849-0400: 41.532: [GC (GCLocker Initiated GC) [PSYoungGen: 172937K->67122K(175104K)] 586777K->496489K(699392K), 0.0072481 secs] [Times: user=0.09 sys=0.00, real=0.01 secs] 
2016-09-25T22:59:43.895-0400: 41.578: [GC (GCLocker Initiated GC) [PSYoungGen: 155186K->60380K(175104K)] 590060K->533530K(699392K), 0.0101599 secs] [Times: user=0.15 sys=0.00, real=0.01 secs] 
2016-09-25T22:59:43.906-0400: 41.589: [Full GC (Ergonomics) [PSYoungGen: 60380K->0K(175104K)] [ParOldGen: 473149K->234031K(524288K)] 533530K->234031K(699392K), [Metaspace: 43668K->43668K(1087488K)], 0.0567972 secs] [Times: user=0.45 sys=0.01, real=0.06 secs] 
2016-09-25T22:59:44.014-0400: 41.697: [GC (GCLocker Initiated GC) [PSYoungGen: 88064K->56530K(175104K)] 327648K->296115K(699392K), 0.0088564 secs] [Times: user=0.10 sys=0.01, real=0.02 secs] 
2016-09-25T22:59:44.066-0400: 41.749: [GC (GCLocker Initiated GC) [PSYoungGen: 144594K->67118K(175104K)] 387027K->318359K(699392K), 0.0195750 secs] [Times: user=0.22 sys=0.00, real=0.02 secs] 
2016-09-25T22:59:44.131-0400: 41.814: [GC (GCLocker Initiated GC) [PSYoungGen: 155182K->64558K(175104K)] 417340K->344790K(699392K), 0.0072627 secs] [Times: user=0.09 sys=0.00, real=0.01 secs] 
2016-09-25T22:59:44.182-0400: 41.865: [GC (GCLocker Initiated GC) [PSYoungGen: 152622K->63037K(151552K)] 438400K->357507K(675840K), 0.0102960 secs] [Times: user=0.07 sys=0.00, real=0.00 secs] 
2016-09-25T22:59:44.228-0400: 41.911: [GC (GCLocker Initiated GC) [PSYoungGen: 151101K->76556K(172032K)] 445763K->396052K(696320K), 0.0080519 secs] [Times: user=0.10 sys=0.00, real=0.01 secs] 
2016-09-25T22:59:44.275-0400: 41.958: [GC (GCLocker Initiated GC) [PSYoungGen: 163084K->57734K(173568K)] 488218K->429252K(697856K), 0.0108259 secs] [Times: user=0.14 sys=0.00, real=0.01 secs] 
2016-09-25T22:59:44.330-0400: 42.013: [GC (GCLocker Initiated GC) [PSYoungGen: 144262K->65974K(171008K)] 521242K->470520K(695296K), 0.0115315 secs] [Times: user=0.13 sys=0.01, real=0.01 secs] 
2016-09-25T22:59:44.380-0400: 42.063: [GC (GCLocker Initiated GC) [PSYoungGen: 154038K->69839K(173056K)] 558720K->499502K(697344K), 0.0108371 secs] [Times: user=0.12 sys=0.00, real=0.01 secs] 
2016-09-25T22:59:44.430-0400: 42.113: [GC (GCLocker Initiated GC) [PSYoungGen: 157903K->78016K(173056K)] 593095K->527242K(697344K), 0.0102110 secs] [Times: user=0.12 sys=0.00, real=0.01 secs] 
2016-09-25T22:59:44.491-0400: 42.174: [GC (GCLocker Initiated GC) [PSYoungGen: 166080K->52365K(175104K)] 630209K->546741K(699392K), 0.0070074 secs] [Times: user=0.10 sys=0.00, real=0.01 secs] 
2016-09-25T22:59:44.498-0400: 42.181: [Full GC (Ergonomics) [PSYoungGen: 52365K->0K(175104K)] [ParOldGen: 494375K->234529K(524288K)] 546741K->234529K(699392K), [Metaspace: 43668K->43668K(1087488K)], 0.0570918 secs] [Times: user=0.50 sys=0.00, real=0.06 secs] 
2016-09-25T22:59:44.592-0400: 42.275: [GC (GCLocker Initiated GC) [PSYoungGen: 88064K->78273K(175104K)] 328167K->318376K(699392K), 0.0112566 secs] [Times: user=0.10 sys=0.00, real=0.02 secs] 
2016-09-25T22:59:44.647-0400: 42.330: [GC (GCLocker Initiated GC) [PSYoungGen: 166337K->71214K(175104K)] 409823K->327717K(699392K), 0.0068220 secs] [Times: user=0.09 sys=0.00, real=0.00 secs] 
2016-09-25T22:59:44.695-0400: 42.378: [GC (GCLocker Initiated GC) [PSYoungGen: 159278K->61664K(175104K)] 415897K->351141K(699392K), 0.0091981 secs] [Times: user=0.14 sys=0.00, real=0.01 secs] 
2016-09-25T22:59:44.738-0400: 42.421: [GC (GCLocker Initiated GC) [PSYoungGen: 149728K->69949K(175104K)] 439339K->392405K(699392K), 0.0079426 secs] [Times: user=0.10 sys=0.00, real=0.01 secs] 
2016-09-25T22:59:44.794-0400: 42.477: [GC (GCLocker Initiated GC) [PSYoungGen: 158013K->59041K(175104K)] 480506K->411886K(699392K), 0.0069558 secs] [Times: user=0.08 sys=0.00, real=0.01 secs] 
2016-09-25T22:59:44.833-0400: 42.516: [GC (GCLocker Initiated GC) [PSYoungGen: 147105K->86226K(175104K)] 501449K->447839K(699392K), 0.0073309 secs] [Times: user=0.11 sys=0.00, real=0.01 secs] 
2016-09-25T22:59:44.889-0400: 42.572: [GC (GCLocker Initiated GC) [PSYoungGen: 174290K->58971K(175104K)] 542731K->455112K(699392K), 0.0133287 secs] [Times: user=0.15 sys=0.01, real=0.02 secs] 
2016-09-25T22:59:44.954-0400: 42.637: [GC (GCLocker Initiated GC) [PSYoungGen: 147035K->54844K(175104K)] 558155K->471809K(699392K), 0.0070199 secs] [Times: user=0.05 sys=0.00, real=0.01 secs] 
2016-09-25T22:59:45.000-0400: 42.684: [GC (GCLocker Initiated GC) [PSYoungGen: 142908K->53367K(175104K)] 565336K->503343K(699392K), 0.0084614 secs] [Times: user=0.08 sys=0.00, real=0.01 secs] 
2016-09-25T22:59:45.045-0400: 42.728: [GC (GCLocker Initiated GC) [PSYoungGen: 141431K->46700K(175104K)] 594196K->533608K(699392K), 0.0093336 secs] [Times: user=0.06 sys=0.00, real=0.01 secs] 
2016-09-25T22:59:45.054-0400: 42.737: [Full GC (Ergonomics) [PSYoungGen: 46700K->0K(175104K)] [ParOldGen: 486908K->229554K(524288K)] 533608K->229554K(699392K), [Metaspace: 43668K->43668K(1087488K)], 0.0584433 secs] [Times: user=0.40 sys=0.00, real=0.05 secs] 
2016-09-25T22:59:45.178-0400: 42.861: [GC (GCLocker Initiated GC) [PSYoungGen: 88064K->55197K(175104K)] 325859K->292992K(699392K), 0.0138109 secs] [Times: user=0.08 sys=0.00, real=0.01 secs] 
2016-09-25T22:59:45.259-0400: 42.942: [GC (GCLocker Initiated GC) [PSYoungGen: 143261K->55069K(175104K)] 383870K->327558K(699392K), 0.0081003 secs] [Times: user=0.05 sys=0.02, real=0.01 secs] 
2016-09-25T22:59:45.299-0400: 42.982: [GC (GCLocker Initiated GC) [PSYoungGen: 143133K->61819K(173056K)] 418504K->375591K(697344K), 0.0076670 secs] [Times: user=0.08 sys=0.00, real=0.01 secs] 
2016-09-25T22:59:45.342-0400: 43.025: [GC (GCLocker Initiated GC) [PSYoungGen: 149883K->68396K(174080K)] 466611K->411380K(698368K), 0.0072644 secs] [Times: user=0.09 sys=0.00, real=0.00 secs] 
2016-09-25T22:59:45.409-0400: 43.092: [GC (GCLocker Initiated GC) [PSYoungGen: 156460K->68601K(176128K)] 507661K->447266K(700416K), 0.0114671 secs] [Times: user=0.16 sys=0.00, real=0.01 secs] 
2016-09-25T22:59:45.485-0400: 43.168: [GC (GCLocker Initiated GC) [PSYoungGen: 158713K->65837K(156160K)] 544344K->485848K(680448K), 0.0138537 secs] [Times: user=0.15 sys=0.01, real=0.01 secs] 
2016-09-25T22:59:45.541-0400: 43.224: [GC (GCLocker Initiated GC) [PSYoungGen: 155949K->77955K(173056K)] 576583K->524848K(697344K), 0.0080352 secs] [Times: user=0.12 sys=0.00, real=0.01 secs] 
2016-09-25T22:59:45.581-0400: 43.264: [GC (GCLocker Initiated GC) [PSYoungGen: 166019K->63073K(175104K)] 613015K->526758K(699392K), 0.0199082 secs] [Times: user=0.24 sys=0.00, real=0.02 secs] 
2016-09-25T22:59:45.653-0400: 43.336: [GC (GCLocker Initiated GC) [PSYoungGen: 151137K->53591K(174080K)] 615504K->550962K(698368K), 0.0147619 secs] [Times: user=0.17 sys=0.01, real=0.02 secs] 
2016-09-25T22:59:45.668-0400: 43.351: [Full GC (Ergonomics) [PSYoungGen: 53591K->0K(174080K)] [ParOldGen: 497371K->228375K(524288K)] 550962K->228375K(698368K), [Metaspace: 43670K->43670K(1087488K)], 0.0835702 secs] [Times: user=0.59 sys=0.01, real=0.08 secs] 
2016-09-25T22:59:45.789-0400: 43.472: [GC (GCLocker Initiated GC) [PSYoungGen: 89088K->67066K(175104K)] 323009K->300987K(699392K), 0.0071899 secs] [Times: user=0.07 sys=0.00, real=0.01 secs] 
2016-09-25T22:59:45.825-0400: 43.508: [GC (GCLocker Initiated GC) [PSYoungGen: 156154K->59119K(173056K)] 390176K->350493K(697344K), 0.0082201 secs] [Times: user=0.12 sys=0.00, real=0.00 secs] 
2016-09-25T22:59:45.899-0400: 43.582: [GC (GCLocker Initiated GC) [PSYoungGen: 150255K->52049K(174592K)] 445945K->360410K(698880K), 0.0110443 secs] [Times: user=0.09 sys=0.00, real=0.01 secs] 
2016-09-25T22:59:45.962-0400: 43.645: [GC (GCLocker Initiated GC) [PSYoungGen: 143185K->54723K(176640K)] 451793K->390952K(700928K), 0.0133915 secs] [Times: user=0.11 sys=0.00, real=0.01 secs] 
2016-09-25T22:59:46.019-0400: 43.702: [GC (GCLocker Initiated GC) [PSYoungGen: 149955K->52331K(177664K)] 490331K->409322K(701952K), 0.0082784 secs] [Times: user=0.08 sys=0.00, real=0.01 secs] 
2016-09-25T22:59:46.063-0400: 43.746: [GC (GCLocker Initiated GC) [PSYoungGen: 147563K->56406K(177152K)] 510056K->446610K(701440K), 0.0069046 secs] [Times: user=0.09 sys=0.00, real=0.00 secs] 
2016-09-25T22:59:46.135-0400: 43.818: [GC (GCLocker Initiated GC) [PSYoungGen: 154198K->72568K(178688K)] 552741K->479739K(702976K), 0.0102989 secs] [Times: user=0.15 sys=0.00, real=0.01 secs] 
2016-09-25T22:59:46.199-0400: 43.882: [GC (GCLocker Initiated GC) [PSYoungGen: 170360K->77879K(171520K)] 577708K->507372K(695808K), 0.0130620 secs] [Times: user=0.18 sys=0.00, real=0.01 secs] 
2016-09-25T22:59:46.247-0400: 43.930: [GC (GCLocker Initiated GC) [PSYoungGen: 165943K->71269K(175104K)] 600943K->535109K(699392K), 0.0079589 secs] [Times: user=0.09 sys=0.01, real=0.01 secs] 
2016-09-25T22:59:46.290-0400: 43.973: [GC (GCLocker Initiated GC) [PSYoungGen: 159333K->61787K(173056K)] 623922K->560719K(697344K), 0.0072573 secs] [Times: user=0.08 sys=0.00, real=0.01 secs] 
2016-09-25T22:59:46.298-0400: 43.981: [Full GC (Ergonomics) [PSYoungGen: 61787K->0K(173056K)] [ParOldGen: 498932K->234384K(524288K)] 560719K->234384K(697344K), [Metaspace: 43670K->43670K(1087488K)], 0.0741555 secs] [Times: user=0.56 sys=0.01, real=0.07 secs] 
2016-09-25T22:59:46.426-0400: 44.109: [GC (GCLocker Initiated GC) [PSYoungGen: 88064K->84962K(174080K)] 330660K->327558K(698368K), 0.0116999 secs] [Times: user=0.14 sys=0.00, real=0.01 secs] 
2016-09-25T22:59:46.476-0400: 44.159: [GC (GCLocker Initiated GC) [PSYoungGen: 173026K->63137K(175104K)] 419754K->334991K(699392K), 0.0077224 secs] [Times: user=0.11 sys=0.00, real=0.01 secs] 
2016-09-25T22:59:46.537-0400: 44.220: [GC (GCLocker Initiated GC) [PSYoungGen: 151201K->38651K(175104K)] 423119K->338147K(699392K), 0.0099565 secs] [Times: user=0.08 sys=0.00, real=0.01 secs] 
2016-09-25T22:59:46.580-0400: 44.263: [GC (GCLocker Initiated GC) [PSYoungGen: 126715K->62084K(175104K)] 426311K->408091K(699392K), 0.0117548 secs] [Times: user=0.17 sys=0.01, real=0.01 secs] 
2016-09-25T22:59:46.660-0400: 44.343: [GC (GCLocker Initiated GC) [PSYoungGen: 150148K->51019K(175104K)] 504439K->456178K(699392K), 0.0111133 secs] [Times: user=0.15 sys=0.01, real=0.01 secs] 
2016-09-25T22:59:46.707-0400: 44.390: [GC (GCLocker Initiated GC) [PSYoungGen: 139083K->71333K(175104K)] 551032K->494651K(699392K), 0.0067402 secs] [Times: user=0.10 sys=0.01, real=0.00 secs] 
2016-09-25T22:59:46.748-0400: 44.431: [GC (GCLocker Initiated GC) [PSYoungGen: 159397K->69887K(175104K)] 584180K->497967K(699392K), 0.0071688 secs] [Times: user=0.08 sys=0.01, real=0.01 secs] 
2016-09-25T22:59:46.808-0400: 44.491: [GC (GCLocker Initiated GC) [PSYoungGen: 157951K->49291K(175104K)] 588868K->490235K(699392K), 0.0101684 secs] [Times: user=0.09 sys=0.01, real=0.01 secs] 
2016-09-25T22:59:46.857-0400: 44.540: [GC (GCLocker Initiated GC) [PSYoungGen: 137355K->75350K(175104K)] 584037K->548030K(699392K), 0.0142408 secs] [Times: user=0.19 sys=0.01, real=0.01 secs] 
2016-09-25T22:59:46.872-0400: 44.555: [Full GC (Ergonomics) [PSYoungGen: 75350K->0K(175104K)] [ParOldGen: 472679K->241226K(524288K)] 548030K->241226K(699392K), [Metaspace: 43670K->43670K(1087488K)], 0.0707312 secs] [Times: user=0.58 sys=0.08, real=0.08 secs] 
2016-09-25T22:59:46.987-0400: 44.670: [GC (GCLocker Initiated GC) [PSYoungGen: 88064K->59029K(175104K)] 329400K->300366K(699392K), 0.0053065 secs] [Times: user=0.06 sys=0.00, real=0.00 secs] 
2016-09-25T22:59:47.023-0400: 44.706: [GC (GCLocker Initiated GC) [PSYoungGen: 147093K->53737K(175104K)] 396708K->351221K(699392K), 0.0071908 secs] [Times: user=0.11 sys=0.00, real=0.00 secs] 
2016-09-25T22:59:48.524-0400: 46.207: [GC (GCLocker Initiated GC) [PSYoungGen: 141801K->52278K(175104K)] 466568K->380288K(699392K), 0.0080541 secs] [Times: user=0.08 sys=0.01, real=0.00 secs] 
2016-09-25T22:59:48.635-0400: 46.318: [GC (GCLocker Initiated GC) [PSYoungGen: 140342K->41286K(175104K)] 484709K->391640K(699392K), 0.0064345 secs] [Times: user=0.06 sys=0.00, real=0.00 secs] 
2016-09-25T22:59:48.682-0400: 46.365: [GC (GCLocker Initiated GC) [PSYoungGen: 129350K->49463K(174080K)] 479905K->421981K(698368K), 0.0467119 secs] [Times: user=0.21 sys=0.04, real=0.05 secs] 
2016-09-25T22:59:48.800-0400: 46.483: [GC (GCLocker Initiated GC) [PSYoungGen: 137527K->68313K(174592K)] 512901K->461620K(698880K), 0.0440338 secs] [Times: user=0.24 sys=0.04, real=0.05 secs] 
2016-09-25T22:59:48.927-0400: 46.610: [GC (GCLocker Initiated GC) [PSYoungGen: 156377K->40059K(175104K)] 557824K->463587K(699392K), 0.0125823 secs] [Times: user=0.17 sys=0.01, real=0.01 secs] 
2016-09-25T22:59:49.079-0400: 46.762: [GC (GCLocker Initiated GC) [PSYoungGen: 128123K->46855K(135168K)] 564050K->517097K(659456K), 0.0192523 secs] [Times: user=0.13 sys=0.02, real=0.02 secs] 
2016-09-25T22:59:49.098-0400: 46.781: [Full GC (Ergonomics) [PSYoungGen: 46855K->0K(135168K)] [ParOldGen: 470242K->251846K(524288K)] 517097K->251846K(659456K), [Metaspace: 43671K->43671K(1087488K)], 0.0843936 secs] [Times: user=0.75 sys=0.08, real=0.09 secs] 
2016-09-25T22:59:49.236-0400: 46.919: [GC (GCLocker Initiated GC) [PSYoungGen: 88064K->75369K(174080K)] 342793K->330098K(698368K), 0.0290137 secs] [Times: user=0.28 sys=0.04, real=0.03 secs] 
2016-09-25T22:59:49.323-0400: 47.006: [GC (GCLocker Initiated GC) [PSYoungGen: 162921K->38549K(174592K)] 421187K->335295K(698880K), 0.0081790 secs] [Times: user=0.11 sys=0.01, real=0.00 secs] 
2016-09-25T22:59:49.374-0400: 47.057: [GC (GCLocker Initiated GC) [PSYoungGen: 126101K->58817K(175104K)] 425654K->380488K(699392K), 0.0095390 secs] [Times: user=0.11 sys=0.01, real=0.02 secs] 
2016-09-25T22:59:49.474-0400: 47.157: [GC (GCLocker Initiated GC) [PSYoungGen: 146881K->38787K(175104K)] 475620K->397697K(699392K), 0.0132526 secs] [Times: user=0.14 sys=0.01, real=0.01 secs] 
2016-09-25T22:59:49.601-0400: 47.284: [GC (GCLocker Initiated GC) [PSYoungGen: 126851K->64284K(175104K)] 495322K->446934K(699392K), 0.0097249 secs] [Times: user=0.11 sys=0.02, real=0.01 secs] 
2016-09-25T22:59:49.782-0400: 47.465: [GC (GCLocker Initiated GC) [PSYoungGen: 152348K->56274K(144384K)] 545368K->467282K(668672K), 0.0158240 secs] [Times: user=0.13 sys=0.02, real=0.02 secs] 
2016-09-25T22:59:49.901-0400: 47.584: [GC (GCLocker Initiated GC) [PSYoungGen: 144338K->29145K(172032K)] 583724K->481181K(696320K), 0.0790792 secs] [Times: user=0.44 sys=0.11, real=0.08 secs] 
2016-09-25T22:59:50.102-0400: 47.785: [GC (GCLocker Initiated GC) [PSYoungGen: 115673K->38472K(173568K)] 573959K->499957K(697856K), 0.0840402 secs] [Times: user=0.55 sys=0.13, real=0.08 secs] 
2016-09-25T22:59:50.281-0400: 47.964: [GC (GCLocker Initiated GC) [PSYoungGen: 125000K->45102K(170496K)] 587950K->513900K(694784K), 0.0180489 secs] [Times: user=0.20 sys=0.04, real=0.02 secs] 
2016-09-25T22:59:50.366-0400: 48.049: [GC (GCLocker Initiated GC) [PSYoungGen: 134190K->50721K(173056K)] 604495K->536137K(697344K), 0.0401212 secs] [Times: user=0.57 sys=0.09, real=0.04 secs] 
2016-09-25T22:59:50.406-0400: 48.089: [Full GC (Ergonomics) [PSYoungGen: 50721K->0K(173056K)] [ParOldGen: 485415K->241649K(524288K)] 536137K->241649K(697344K), [Metaspace: 43682K->43682K(1087488K)], 0.1007570 secs] [Times: user=1.21 sys=0.30, real=0.10 secs] 
2016-09-25T22:59:50.549-0400: 48.232: [GC (GCLocker Initiated GC) [PSYoungGen: 89088K->52125K(175104K)] 330865K->293903K(699392K), 0.0137682 secs] [Times: user=0.18 sys=0.04, real=0.02 secs] 
2016-09-25T22:59:50.639-0400: 48.322: [GC (GCLocker Initiated GC) [PSYoungGen: 149917K->65803K(176128K)] 398564K->331251K(700416K), 0.0185929 secs] [Times: user=0.31 sys=0.04, real=0.02 secs] 
2016-09-25T22:59:50.726-0400: 48.409: [GC (GCLocker Initiated GC) [PSYoungGen: 163595K->49585K(181248K)] 438632K->332006K(705536K), 0.0138623 secs] [Times: user=0.21 sys=0.06, real=0.01 secs] 
2016-09-25T22:59:50.796-0400: 48.479: [GC (GCLocker Initiated GC) [PSYoungGen: 152497K->78001K(181248K)] 440424K->371865K(705536K), 0.0152091 secs] [Times: user=0.23 sys=0.05, real=0.01 secs] 
2016-09-25T22:59:50.873-0400: 48.556: [GC (GCLocker Initiated GC) [PSYoungGen: 180913K->42641K(174080K)] 478974K->373700K(698368K), 0.0103020 secs] [Times: user=0.16 sys=0.00, real=0.02 secs] 
2016-09-25T22:59:50.942-0400: 48.625: [GC (GCLocker Initiated GC) [PSYoungGen: 135825K->46882K(177664K)] 475188K->394805K(701952K), 0.0227667 secs] [Times: user=0.27 sys=0.01, real=0.03 secs] 
2016-09-25T22:59:51.013-0400: 48.696: [GC (GCLocker Initiated GC) [PSYoungGen: 140066K->46760K(173056K)] 490733K->412803K(697344K), 0.0115439 secs] [Times: user=0.10 sys=0.01, real=0.02 secs] 
2016-09-25T22:59:51.068-0400: 48.751: [GC (GCLocker Initiated GC) [PSYoungGen: 141992K->53407K(176128K)] 512148K->451195K(700416K), 0.0234196 secs] [Times: user=0.25 sys=0.04, real=0.02 secs] 
2016-09-25T22:59:51.144-0400: 48.827: [GC (GCLocker Initiated GC) [PSYoungGen: 148639K->56242K(178688K)] 546639K->473636K(702976K), 0.0155159 secs] [Times: user=0.18 sys=0.02, real=0.01 secs] 
2016-09-25T22:59:51.209-0400: 48.892: [GC (GCLocker Initiated GC) [PSYoungGen: 159154K->74000K(177152K)] 576707K->512320K(701440K), 0.0083604 secs] [Times: user=0.10 sys=0.00, real=0.01 secs] 
2016-09-25T22:59:51.269-0400: 48.952: [GC (GCLocker Initiated GC) [PSYoungGen: 176912K->71268K(172544K)] 618142K->526516K(696832K), 0.0250790 secs] [Times: user=0.20 sys=0.03, real=0.02 secs] 
2016-09-25T22:59:51.340-0400: 49.023: [GC (GCLocker Initiated GC) [PSYoungGen: 161380K->46720K(176128K)] 624831K->537720K(700416K), 0.0107030 secs] [Times: user=0.11 sys=0.00, real=0.01 secs] 
2016-09-25T22:59:51.351-0400: 49.034: [Full GC (Ergonomics) [PSYoungGen: 46720K->0K(176128K)] [ParOldGen: 490999K->248584K(524288K)] 537720K->248584K(700416K), [Metaspace: 43683K->43683K(1087488K)], 0.0615273 secs] [Times: user=0.59 sys=0.00, real=0.06 secs] 
2016-09-25T22:59:51.457-0400: 49.140: [GC (GCLocker Initiated GC) [PSYoungGen: 90112K->83440K(172544K)] 338798K->332127K(696832K), 0.0094006 secs] [Times: user=0.11 sys=0.01, real=0.01 secs] 
2016-09-25T22:59:51.497-0400: 49.180: [GC (GCLocker Initiated GC) [PSYoungGen: 171504K->57664K(175104K)] 428594K->342408K(699392K), 0.0069150 secs] [Times: user=0.09 sys=0.00, real=0.01 secs] 
2016-09-25T22:59:51.550-0400: 49.233: [GC (GCLocker Initiated GC) [PSYoungGen: 145728K->60454K(174080K)] 447853K->380737K(698368K), 0.0064393 secs] [Times: user=0.09 sys=0.00, real=0.01 secs] 
2016-09-25T22:59:51.601-0400: 49.284: [GC (GCLocker Initiated GC) [PSYoungGen: 148518K->53529K(141824K)] 471542K->393323K(666112K), 0.0085433 secs] [Times: user=0.08 sys=0.00, real=0.01 secs] 
2016-09-25T22:59:51.646-0400: 49.329: [GC (GCLocker Initiated GC) [PSYoungGen: 141593K->59094K(176128K)] 481485K->433247K(700416K), 0.0117514 secs] [Times: user=0.15 sys=0.00, real=0.01 secs] 
2016-09-25T22:59:51.695-0400: 49.378: [GC (GCLocker Initiated GC) [PSYoungGen: 150741K->72675K(174080K)] 525139K->469329K(698368K), 0.0095041 secs] [Times: user=0.14 sys=0.00, real=0.01 secs] 
2016-09-25T22:59:51.754-0400: 49.437: [GC (GCLocker Initiated GC) [PSYoungGen: 164323K->67185K(176640K)] 576166K->480967K(700928K), 0.0085822 secs] [Times: user=0.08 sys=0.00, real=0.01 secs] 
2016-09-25T22:59:51.806-0400: 49.489: [GC (GCLocker Initiated GC) [PSYoungGen: 158321K->50724K(142336K)] 578904K->485426K(666624K), 0.0083673 secs] [Times: user=0.10 sys=0.00, real=0.01 secs] 
2016-09-25T22:59:51.849-0400: 49.532: [GC (GCLocker Initiated GC) [PSYoungGen: 141860K->71199K(174080K)] 576644K->526663K(698368K), 0.0086292 secs] [Times: user=0.12 sys=0.00, real=0.01 secs] 
2016-09-25T22:59:51.903-0400: 49.586: [GC (GCLocker Initiated GC) [PSYoungGen: 160287K->56390K(175616K)] 621258K->555673K(699904K), 0.0089913 secs] [Times: user=0.14 sys=0.00, real=0.00 secs] 
2016-09-25T22:59:51.912-0400: 49.595: [Full GC (Ergonomics) [PSYoungGen: 56390K->0K(175616K)] [ParOldGen: 499282K->254638K(524288K)] 555673K->254638K(699904K), [Metaspace: 43683K->43683K(1087488K)], 0.0506561 secs] [Times: user=0.48 sys=0.00, real=0.06 secs] 
2016-09-25T22:59:52.004-0400: 49.687: [GC (GCLocker Initiated GC) [PSYoungGen: 89088K->82400K(173056K)] 347963K->341276K(697344K), 0.0066509 secs] [Times: user=0.10 sys=0.00, real=0.00 secs] 
2016-09-25T22:59:52.047-0400: 49.730: [GC (GCLocker Initiated GC) [PSYoungGen: 170464K->69758K(175104K)] 429454K->347254K(699392K), 0.0094478 secs] [Times: user=0.13 sys=0.00, real=0.01 secs] 
2016-09-25T22:59:52.094-0400: 49.777: [GC (GCLocker Initiated GC) [PSYoungGen: 157822K->76752K(175104K)] 444923K->385869K(699392K), 0.0109692 secs] [Times: user=0.12 sys=0.00, real=0.01 secs] 
2016-09-25T22:59:52.151-0400: 49.834: [GC (GCLocker Initiated GC) [PSYoungGen: 164816K->45286K(175104K)] 483420K->383398K(699392K), 0.0092360 secs] [Times: user=0.09 sys=0.00, real=0.01 secs] 
2016-09-25T22:59:52.203-0400: 49.886: [GC (GCLocker Initiated GC) [PSYoungGen: 133350K->64413K(175104K)] 482418K->436887K(699392K), 0.0088764 secs] [Times: user=0.09 sys=0.00, real=0.00 secs] 
2016-09-25T22:59:52.688-0400: 50.371: [GC (GCLocker Initiated GC) [PSYoungGen: 152477K->42906K(175104K)] 530724K->437864K(699392K), 0.0147534 secs] [Times: user=0.13 sys=0.00, real=0.02 secs] 
2016-09-25T22:59:52.737-0400: 50.420: [GC (GCLocker Initiated GC) [PSYoungGen: 130970K->60377K(175104K)] 531425K->485616K(699392K), 0.0097259 secs] [Times: user=0.14 sys=0.00, real=0.01 secs] 
2016-09-25T22:59:52.780-0400: 50.463: [GC (GCLocker Initiated GC) [PSYoungGen: 148441K->48340K(175104K)] 575173K->506620K(699392K), 0.0088245 secs] [Times: user=0.12 sys=0.00, real=0.01 secs] 
2016-09-25T22:59:52.824-0400: 50.507: [GC (GCLocker Initiated GC) [PSYoungGen: 136404K->82060K(175104K)] 600151K->559893K(699392K), 0.0107113 secs] [Times: user=0.13 sys=0.01, real=0.01 secs] 
2016-09-25T22:59:52.878-0400: 50.561: [Full GC (Ergonomics) [PSYoungGen: 170124K->0K(175104K)] [ParOldGen: 484740K->252345K(524288K)] 654864K->252345K(699392K), [Metaspace: 43683K->43683K(1087488K)], 0.0626812 secs] [Times: user=0.52 sys=0.01, real=0.06 secs] 
2016-09-25T22:59:52.991-0400: 50.674: [GC (GCLocker Initiated GC) [PSYoungGen: 88064K->58004K(175104K)] 354962K->324902K(699392K), 0.0058723 secs] [Times: user=0.07 sys=0.00, real=0.01 secs] 
2016-09-25T22:59:53.036-0400: 50.719: [GC (GCLocker Initiated GC) [PSYoungGen: 146068K->72429K(175104K)] 425240K->364683K(699392K), 0.0068744 secs] [Times: user=0.09 sys=0.01, real=0.01 secs] 
2016-09-25T22:59:53.087-0400: 50.770: [GC (GCLocker Initiated GC) [PSYoungGen: 160493K->50869K(175104K)] 455562K->385491K(699392K), 0.0071706 secs] [Times: user=0.09 sys=0.00, real=0.01 secs] 
2016-09-25T22:59:53.136-0400: 50.819: [GC (GCLocker Initiated GC) [PSYoungGen: 138933K->75213K(175104K)] 481820K->433313K(699392K), 0.0102789 secs] [Times: user=0.10 sys=0.00, real=0.01 secs] 
2016-09-25T22:59:53.192-0400: 50.875: [GC (GCLocker Initiated GC) [PSYoungGen: 163277K->53709K(175104K)] 530957K->453026K(699392K), 0.0079448 secs] [Times: user=0.12 sys=0.00, real=0.01 secs] 
2016-09-25T22:59:53.238-0400: 50.921: [GC (GCLocker Initiated GC) [PSYoungGen: 141773K->75169K(175104K)] 546646K->491437K(699392K), 0.0069070 secs] [Times: user=0.10 sys=0.00, real=0.01 secs] 
2016-09-25T22:59:53.293-0400: 50.976: [GC (GCLocker Initiated GC) [PSYoungGen: 163233K->46910K(175104K)] 589219K->498977K(699392K), 0.0060664 secs] [Times: user=0.08 sys=0.01, real=0.01 secs] 
2016-09-25T22:59:53.325-0400: 51.008: [GC (GCLocker Initiated GC) [PSYoungGen: 134974K->84544K(175104K)] 587161K->552200K(699392K), 0.0116708 secs] [Times: user=0.13 sys=0.00, real=0.01 secs] 
2016-09-25T22:59:53.385-0400: 51.068: [GC (GCLocker Initiated GC) [PSYoungGen: 172608K->64560K(175104K)] 647134K->570564K(699392K), 0.0081314 secs] [Times: user=0.10 sys=0.00, real=0.01 secs] 
2016-09-25T22:59:53.395-0400: 51.078: [Full GC (Ergonomics) [PSYoungGen: 64560K->0K(175104K)] [ParOldGen: 506004K->263372K(524288K)] 570564K->263372K(699392K), [Metaspace: 43687K->43687K(1087488K)], 0.0551440 secs] [Times: user=0.42 sys=0.00, real=0.05 secs] 
2016-09-25T22:59:53.493-0400: 51.176: [GC (GCLocker Initiated GC) [PSYoungGen: 88064K->72832K(175104K)] 354341K->339110K(699392K), 0.0063731 secs] [Times: user=0.07 sys=0.00, real=0.01 secs] 
2016-09-25T22:59:53.533-0400: 51.216: [GC (GCLocker Initiated GC) [PSYoungGen: 160896K->79543K(175104K)] 434091K->365611K(699392K), 0.0071690 secs] [Times: user=0.10 sys=0.00, real=0.01 secs] 
2016-09-25T22:59:53.592-0400: 51.275: [GC (GCLocker Initiated GC) [PSYoungGen: 167607K->69758K(175104K)] 453785K->397223K(699392K), 0.0103218 secs] [Times: user=0.15 sys=0.00, real=0.02 secs] 
2016-09-25T22:59:53.641-0400: 51.325: [GC (GCLocker Initiated GC) [PSYoungGen: 157822K->55156K(175104K)] 488098K->420932K(699392K), 0.0068136 secs] [Times: user=0.09 sys=0.01, real=0.01 secs] 
2016-09-25T22:59:53.689-0400: 51.372: [GC (GCLocker Initiated GC) [PSYoungGen: 143220K->38607K(175104K)] 515868K->428100K(699392K), 0.0060071 secs] [Times: user=0.04 sys=0.01, real=0.01 secs] 
2016-09-25T22:59:53.734-0400: 51.417: [GC (GCLocker Initiated GC) [PSYoungGen: 126671K->76955K(175104K)] 525773K->504957K(699392K), 0.0100978 secs] [Times: user=0.14 sys=0.00, real=0.02 secs] 
2016-09-25T22:59:53.793-0400: 51.476: [GC (GCLocker Initiated GC) [PSYoungGen: 165019K->50748K(175104K)] 601603K->497545K(699392K), 0.0093801 secs] [Times: user=0.07 sys=0.00, real=0.01 secs] 
2016-09-25T22:59:53.850-0400: 51.533: [GC (GCLocker Initiated GC) [PSYoungGen: 138812K->62911K(175104K)] 585694K->533181K(699392K), 0.0069054 secs] [Times: user=0.09 sys=0.00, real=0.01 secs] 
2016-09-25T22:59:53.902-0400: 51.585: [Full GC (Ergonomics) [PSYoungGen: 150975K->0K(175104K)] [ParOldGen: 481116K->263703K(524288K)] 632091K->263703K(699392K), [Metaspace: 43688K->43688K(1087488K)], 0.0594214 secs] [Times: user=0.49 sys=0.01, real=0.06 secs] 
2016-09-25T22:59:54.004-0400: 51.687: [GC (GCLocker Initiated GC) [PSYoungGen: 88064K->86161K(175104K)] 354631K->358129K(699392K), 0.0094415 secs] [Times: user=0.11 sys=0.00, real=0.00 secs] 
2016-09-25T22:59:54.061-0400: 51.744: [GC (GCLocker Initiated GC) [PSYoungGen: 174225K->56491K(175104K)] 455778K->379155K(699392K), 0.0095528 secs] [Times: user=0.13 sys=0.00, real=0.01 secs] 
2016-09-25T22:59:54.120-0400: 51.803: [GC (GCLocker Initiated GC) [PSYoungGen: 144555K->42857K(175104K)] 474057K->402696K(699392K), 0.0072142 secs] [Times: user=0.05 sys=0.02, real=0.01 secs] 
2016-09-25T22:59:54.164-0400: 51.847: [GC (GCLocker Initiated GC) [PSYoungGen: 130921K->63238K(175104K)] 490839K->441357K(699392K), 0.0063112 secs] [Times: user=0.06 sys=0.00, real=0.00 secs] 
2016-09-25T22:59:54.218-0400: 51.901: [GC (GCLocker Initiated GC) [PSYoungGen: 151302K->66249K(175104K)] 541863K->460088K(699392K), 0.0087075 secs] [Times: user=0.08 sys=0.00, real=0.01 secs] 
2016-09-25T22:59:54.278-0400: 51.962: [GC (GCLocker Initiated GC) [PSYoungGen: 154313K->53549K(175104K)] 550917K->482236K(699392K), 0.0087700 secs] [Times: user=0.12 sys=0.01, real=0.01 secs] 
2016-09-25T22:59:54.323-0400: 52.006: [GC (GCLocker Initiated GC) [PSYoungGen: 141613K->77087K(175104K)] 575759K->530560K(699392K), 0.0076598 secs] [Times: user=0.09 sys=0.01, real=0.00 secs] 
2016-09-25T22:59:54.372-0400: 52.055: [GC (GCLocker Initiated GC) [PSYoungGen: 165151K->55390K(175104K)] 618786K->530374K(699392K), 0.0107721 secs] [Times: user=0.12 sys=0.00, real=0.02 secs] 
2016-09-25T22:59:54.428-0400: 52.111: [Full GC (Ergonomics) [PSYoungGen: 143454K->0K(175104K)] [ParOldGen: 480491K->262331K(524288K)] 623945K->262331K(699392K), [Metaspace: 43688K->43688K(1087488K)], 0.0620911 secs] [Times: user=0.47 sys=0.00, real=0.06 secs] 
2016-09-25T22:59:54.544-0400: 52.227: [GC (GCLocker Initiated GC) [PSYoungGen: 88064K->85569K(175104K)] 353174K->353379K(699392K), 0.0134202 secs] [Times: user=0.15 sys=0.02, real=0.01 secs] 
2016-09-25T22:59:54.619-0400: 52.302: [GC (GCLocker Initiated GC) [PSYoungGen: 173633K->51471K(175104K)] 446959K->359972K(699392K), 0.0078800 secs] [Times: user=0.11 sys=0.01, real=0.01 secs] 
2016-09-25T22:59:54.667-0400: 52.350: [GC (GCLocker Initiated GC) [PSYoungGen: 139535K->48671K(175104K)] 452199K->373108K(699392K), 0.0065293 secs] [Times: user=0.07 sys=0.00, real=0.00 secs] 
2016-09-25T22:59:54.708-0400: 52.391: [GC (GCLocker Initiated GC) [PSYoungGen: 136735K->59404K(175104K)] 461452K->401291K(699392K), 0.0069940 secs] [Times: user=0.06 sys=0.02, real=0.01 secs] 
2016-09-25T22:59:54.782-0400: 52.465: [GC (GCLocker Initiated GC) [PSYoungGen: 147468K->44594K(175104K)] 494914K->432056K(699392K), 0.0129294 secs] [Times: user=0.15 sys=0.02, real=0.02 secs] 
2016-09-25T22:59:54.848-0400: 52.533: [GC (GCLocker Initiated GC) [PSYoungGen: 132658K->82721K(175104K)] 527108K->484884K(699392K), 0.0103602 secs] [Times: user=0.11 sys=0.01, real=0.01 secs] 
2016-09-25T22:59:54.902-0400: 52.585: [GC (GCLocker Initiated GC) [PSYoungGen: 170785K->49831K(175104K)] 578467K->484352K(699392K), 0.0081016 secs] [Times: user=0.13 sys=0.00, real=0.00 secs] 
2016-09-25T22:59:54.947-0400: 52.630: [GC (GCLocker Initiated GC) [PSYoungGen: 137895K->51404K(175104K)] 575197K->509899K(699392K), 0.0079755 secs] [Times: user=0.09 sys=0.00, real=0.01 secs] 
2016-09-25T22:59:55.010-0400: 52.693: [GC (GCLocker Initiated GC) [PSYoungGen: 139468K->69126K(175104K)] 604846K->557050K(699392K), 0.0111795 secs] [Times: user=0.18 sys=0.01, real=0.01 secs] 
2016-09-25T22:59:55.021-0400: 52.704: [Full GC (Ergonomics) [PSYoungGen: 69126K->0K(175104K)] [ParOldGen: 487924K->273234K(524288K)] 557050K->273234K(699392K), [Metaspace: 43690K->43690K(1087488K)], 0.0730559 secs] [Times: user=0.61 sys=0.00, real=0.08 secs] 
2016-09-25T22:59:55.134-0400: 52.817: [GC (GCLocker Initiated GC) [PSYoungGen: 88064K->70687K(175104K)] 364066K->346690K(699392K), 0.0068146 secs] [Times: user=0.05 sys=0.00, real=0.01 secs] 
2016-09-25T22:59:55.188-0400: 52.871: [GC (GCLocker Initiated GC) [PSYoungGen: 158751K->66425K(175104K)] 434840K->365408K(699392K), 0.0124028 secs] [Times: user=0.13 sys=0.00, real=0.01 secs] 
2016-09-25T22:59:55.272-0400: 52.955: [GC (GCLocker Initiated GC) [PSYoungGen: 154489K->58260K(175104K)] 456208K->386762K(699392K), 0.0114204 secs] [Times: user=0.10 sys=0.01, real=0.02 secs] 
2016-09-25T22:59:55.325-0400: 53.008: [GC (GCLocker Initiated GC) [PSYoungGen: 146324K->52791K(175104K)] 477782K->424576K(699392K), 0.0119788 secs] [Times: user=0.13 sys=0.00, real=0.01 secs] 
2016-09-25T22:59:55.373-0400: 53.056: [GC (GCLocker Initiated GC) [PSYoungGen: 140855K->55467K(175104K)] 515494K->463537K(699392K), 0.0102296 secs] [Times: user=0.08 sys=0.01, real=0.02 secs] 
2016-09-25T22:59:55.449-0400: 53.132: [GC (GCLocker Initiated GC) [PSYoungGen: 143531K->45892K(175104K)] 553160K->483528K(699392K), 0.0194116 secs] [Times: user=0.19 sys=0.01, real=0.02 secs] 
2016-09-25T22:59:55.523-0400: 53.206: [GC (GCLocker Initiated GC) [PSYoungGen: 133956K->73113K(175104K)] 577112K->548361K(699392K), 0.0155580 secs] [Times: user=0.21 sys=0.00, real=0.01 secs] 
2016-09-25T22:59:55.539-0400: 53.222: [Full GC (Ergonomics) [PSYoungGen: 73113K->0K(175104K)] [ParOldGen: 475248K->282987K(524288K)] 548361K->282987K(699392K), [Metaspace: 43690K->43690K(1087488K)], 0.0473710 secs] [Times: user=0.37 sys=0.00, real=0.05 secs] 
2016-09-25T22:59:55.651-0400: 53.334: [GC (GCLocker Initiated GC) [PSYoungGen: 88064K->73468K(175104K)] 375158K->360562K(699392K), 0.0107297 secs] [Times: user=0.14 sys=0.00, real=0.01 secs] 
2016-09-25T22:59:55.726-0400: 53.409: [GC (GCLocker Initiated GC) [PSYoungGen: 161532K->63469K(175104K)] 456758K->370945K(699392K), 0.0106776 secs] [Times: user=0.12 sys=0.00, real=0.01 secs] 
2016-09-25T22:59:55.777-0400: 53.460: [GC (GCLocker Initiated GC) [PSYoungGen: 151533K->58067K(175104K)] 462101K->380371K(699392K), 0.0065660 secs] [Times: user=0.09 sys=0.00, real=0.01 secs] 
2016-09-25T22:59:55.821-0400: 53.504: [GC (GCLocker Initiated GC) [PSYoungGen: 146131K->76903K(175104K)] 474041K->420611K(699392K), 0.0072921 secs] [Times: user=0.10 sys=0.00, real=0.01 secs] 
2016-09-25T22:59:55.888-0400: 53.571: [GC (GCLocker Initiated GC) [PSYoungGen: 164967K->71600K(175104K)] 508863K->440647K(699392K), 0.0112217 secs] [Times: user=0.11 sys=0.00, real=0.01 secs] 
2016-09-25T22:59:55.964-0400: 53.647: [GC (GCLocker Initiated GC) [PSYoungGen: 159664K->77231K(175104K)] 538336K->466265K(699392K), 0.0196554 secs] [Times: user=0.28 sys=0.00, real=0.02 secs] 
2016-09-25T22:59:56.028-0400: 53.711: [GC (GCLocker Initiated GC) [PSYoungGen: 165295K->55047K(175104K)] 555751K->466832K(699392K), 0.0104916 secs] [Times: user=0.08 sys=0.00, real=0.01 secs] 
2016-09-25T22:59:56.077-0400: 53.760: [GC (GCLocker Initiated GC) [PSYoungGen: 143111K->70187K(175104K)] 560422K->496212K(699392K), 0.0067557 secs] [Times: user=0.07 sys=0.01, real=0.01 secs] 
2016-09-25T22:59:56.143-0400: 53.826: [GC (GCLocker Initiated GC) [PSYoungGen: 158251K->44602K(175104K)] 593853K->493243K(699392K), 0.0061589 secs] [Times: user=0.05 sys=0.00, real=0.00 secs] 
2016-09-25T22:59:56.188-0400: 53.871: [GC (GCLocker Initiated GC) [PSYoungGen: 132666K->47320K(175104K)] 584429K->521669K(699392K), 0.0089754 secs] [Times: user=0.11 sys=0.00, real=0.01 secs] 
2016-09-25T22:59:56.245-0400: 53.928: [GC (GCLocker Initiated GC) [PSYoungGen: 135384K->50985K(175104K)] 617952K->562927K(699392K), 0.0096239 secs] [Times: user=0.11 sys=0.02, real=0.01 secs] 
2016-09-25T22:59:56.255-0400: 53.938: [Full GC (Ergonomics) [PSYoungGen: 50985K->0K(175104K)] [ParOldGen: 511942K->287138K(524288K)] 562927K->287138K(699392K), [Metaspace: 43701K->43701K(1087488K)], 0.0759460 secs] [Times: user=0.56 sys=0.01, real=0.07 secs] 
2016-09-25T22:59:56.394-0400: 54.077: [GC (GCLocker Initiated GC) [PSYoungGen: 88064K->54458K(175104K)] 386087K->352482K(699392K), 0.0074223 secs] [Times: user=0.08 sys=0.00, real=0.01 secs] 
2016-09-25T22:59:56.430-0400: 54.113: [GC (GCLocker Initiated GC) [PSYoungGen: 142522K->86648K(175104K)] 446155K->410569K(699392K), 0.0125963 secs] [Times: user=0.19 sys=0.00, real=0.02 secs] 
2016-09-25T22:59:56.494-0400: 54.177: [GC (GCLocker Initiated GC) [PSYoungGen: 174712K->57906K(175104K)] 502848K->399298K(699392K), 0.0084998 secs] [Times: user=0.06 sys=0.01, real=0.02 secs] 
2016-09-25T22:59:56.555-0400: 54.239: [GC (GCLocker Initiated GC) [PSYoungGen: 145970K->60530K(175104K)] 490281K->429860K(699392K), 0.0133491 secs] [Times: user=0.14 sys=0.01, real=0.01 secs] 
2016-09-25T22:59:56.600-0400: 54.283: [GC (GCLocker Initiated GC) [PSYoungGen: 148594K->78611K(175104K)] 517989K->469082K(699392K), 0.0178470 secs] [Times: user=0.22 sys=0.00, real=0.02 secs] 
2016-09-25T22:59:56.671-0400: 54.354: [GC (GCLocker Initiated GC) [PSYoungGen: 166675K->63526K(175104K)] 562639K->482123K(699392K), 0.0188643 secs] [Times: user=0.22 sys=0.00, real=0.02 secs] 
2016-09-25T22:59:56.740-0400: 54.423: [GC (GCLocker Initiated GC) [PSYoungGen: 151590K->66325K(175104K)] 573026K->506337K(699392K), 0.0246052 secs] [Times: user=0.33 sys=0.00, real=0.03 secs] 
2016-09-25T22:59:56.805-0400: 54.488: [GC (GCLocker Initiated GC) [PSYoungGen: 154389K->55431K(175104K)] 603907K->526224K(699392K), 0.0127246 secs] [Times: user=0.09 sys=0.00, real=0.01 secs] 
2016-09-25T22:59:56.867-0400: 54.550: [GC (GCLocker Initiated GC) [PSYoungGen: 143495K->73010K(175104K)] 616647K->551339K(699392K), 0.0085086 secs] [Times: user=0.09 sys=0.00, real=0.01 secs] 
2016-09-25T22:59:56.914-0400: 54.597: [GC (GCLocker Initiated GC) [PSYoungGen: 161074K->56227K(175104K)] 639500K->568101K(699392K), 0.0118104 secs] [Times: user=0.13 sys=0.00, real=0.02 secs] 
2016-09-25T22:59:56.926-0400: 54.609: [Full GC (Ergonomics) [PSYoungGen: 56227K->0K(175104K)] [ParOldGen: 511874K->287637K(524288K)] 568101K->287637K(699392K), [Metaspace: 43701K->43701K(1087488K)], 0.0576803 secs] [Times: user=0.54 sys=0.01, real=0.06 secs] 
2016-09-25T22:59:57.031-0400: 54.714: [GC (GCLocker Initiated GC) [PSYoungGen: 88064K->84827K(175104K)] 398839K->395603K(699392K), 0.0066415 secs] [Times: user=0.08 sys=0.00, real=0.01 secs] 
2016-09-25T22:59:57.094-0400: 54.777: [GC (GCLocker Initiated GC) [PSYoungGen: 172891K->60435K(175104K)] 495897K->404242K(699392K), 0.0063496 secs] [Times: user=0.09 sys=0.00, real=0.01 secs] 
2016-09-25T22:59:57.154-0400: 54.837: [GC (GCLocker Initiated GC) [PSYoungGen: 148499K->64456K(175104K)] 495202K->418480K(699392K), 0.0084617 secs] [Times: user=0.12 sys=0.00, real=0.01 secs] 
2016-09-25T22:59:57.202-0400: 54.885: [GC (GCLocker Initiated GC) [PSYoungGen: 152520K->86001K(175104K)] 506606K->460899K(699392K), 0.0072193 secs] [Times: user=0.10 sys=0.00, real=0.00 secs] 
2016-09-25T22:59:57.251-0400: 54.934: [GC (GCLocker Initiated GC) [PSYoungGen: 174065K->75508K(175104K)] 554543K->488854K(699392K), 0.0112649 secs] [Times: user=0.14 sys=0.00, real=0.02 secs] 
2016-09-25T22:59:57.316-0400: 54.999: [GC (GCLocker Initiated GC) [PSYoungGen: 163572K->64655K(175104K)] 582418K->504497K(699392K), 0.0069072 secs] [Times: user=0.09 sys=0.01, real=0.01 secs] 
2016-09-25T22:59:57.364-0400: 55.047: [GC (GCLocker Initiated GC) [PSYoungGen: 152719K->63218K(175104K)] 595437K->526871K(699392K), 0.0071913 secs] [Times: user=0.08 sys=0.00, real=0.00 secs] 
2016-09-25T22:59:57.417-0400: 55.100: [GC (GCLocker Initiated GC) [PSYoungGen: 151282K->64462K(175104K)] 619280K->558788K(699392K), 0.0103907 secs] [Times: user=0.11 sys=0.01, real=0.01 secs] 
2016-09-25T22:59:57.427-0400: 55.110: [Full GC (Ergonomics) [PSYoungGen: 64462K->0K(175104K)] [ParOldGen: 494326K->284369K(524288K)] 558788K->284369K(699392K), [Metaspace: 43701K->43701K(1087488K)], 0.1628392 secs] [Times: user=2.32 sys=0.01, real=0.16 secs] 
2016-09-25T22:59:57.641-0400: 55.324: [GC (GCLocker Initiated GC) [PSYoungGen: 88064K->76908K(175104K)] 372553K->361397K(699392K), 0.0110978 secs] [Times: user=0.14 sys=0.00, real=0.01 secs] 
2016-09-25T22:59:57.695-0400: 55.378: [GC (GCLocker Initiated GC) [PSYoungGen: 164972K->71443K(175104K)] 456446K->389360K(699392K), 0.0129714 secs] [Times: user=0.17 sys=0.00, real=0.01 secs] 
2016-09-25T22:59:57.752-0400: 55.435: [GC (GCLocker Initiated GC) [PSYoungGen: 159507K->46854K(175104K)] 481704K->381952K(699392K), 0.0066460 secs] [Times: user=0.06 sys=0.00, real=0.01 secs] 
2016-09-25T22:59:57.801-0400: 55.484: [GC (GCLocker Initiated GC) [PSYoungGen: 134918K->79443K(175104K)] 472977K->431712K(699392K), 0.0105789 secs] [Times: user=0.11 sys=0.00, real=0.01 secs] 
2016-09-25T22:59:57.852-0400: 55.535: [GC (GCLocker Initiated GC) [PSYoungGen: 167507K->82147K(175104K)] 523341K->445385K(699392K), 0.0149763 secs] [Times: user=0.21 sys=0.00, real=0.02 secs] 
2016-09-25T22:59:57.934-0400: 55.617: [GC (GCLocker Initiated GC) [PSYoungGen: 170211K->40034K(175104K)] 560576K->440580K(699392K), 0.0087102 secs] [Times: user=0.07 sys=0.01, real=0.01 secs] 
2016-09-25T22:59:57.995-0400: 55.678: [GC (GCLocker Initiated GC) [PSYoungGen: 128098K->48301K(175104K)] 536882K->476501K(699392K), 0.0190026 secs] [Times: user=0.23 sys=0.00, real=0.01 secs] 
2016-09-25T22:59:58.046-0400: 55.729: [GC (GCLocker Initiated GC) [PSYoungGen: 136365K->55041K(175104K)] 574099K->500048K(699392K), 0.0071753 secs] [Times: user=0.06 sys=0.00, real=0.00 secs] 
2016-09-25T22:59:58.106-0400: 55.789: [GC (GCLocker Initiated GC) [PSYoungGen: 143105K->42712K(175104K)] 588309K->507449K(699392K), 0.0062596 secs] [Times: user=0.05 sys=0.00, real=0.00 secs] 
2016-09-25T22:59:58.146-0400: 55.829: [GC (GCLocker Initiated GC) [PSYoungGen: 130776K->68830K(175104K)] 603870K->549140K(699392K), 0.0102491 secs] [Times: user=0.12 sys=0.00, real=0.01 secs] 
2016-09-25T22:59:58.201-0400: 55.884: [GC (GCLocker Initiated GC) [PSYoungGen: 156894K->78056K(175104K)] 639975K->575523K(699392K), 0.0072718 secs] [Times: user=0.09 sys=0.00, real=0.01 secs] 
2016-09-25T22:59:58.208-0400: 55.891: [Full GC (Ergonomics) [PSYoungGen: 78056K->0K(175104K)] [ParOldGen: 497467K->289215K(524288K)] 575523K->289215K(699392K), [Metaspace: 43701K->43701K(1087488K)], 0.0618895 secs] [Times: user=0.44 sys=0.00, real=0.06 secs] 
2016-09-25T22:59:58.321-0400: 56.004: [GC (GCLocker Initiated GC) [PSYoungGen: 88064K->53923K(175104K)] 381376K->347236K(699392K), 0.0099729 secs] [Times: user=0.11 sys=0.00, real=0.01 secs] 
2016-09-25T22:59:58.368-0400: 56.051: [GC (GCLocker Initiated GC) [PSYoungGen: 141987K->65691K(175104K)] 438070K->377513K(699392K), 0.0162889 secs] [Times: user=0.20 sys=0.00, real=0.02 secs] 
2016-09-25T22:59:58.440-0400: 56.123: [GC (GCLocker Initiated GC) [PSYoungGen: 153755K->53667K(175104K)] 468419K->393279K(699392K), 0.0240241 secs] [Times: user=0.28 sys=0.00, real=0.03 secs] 
2016-09-25T22:59:58.506-0400: 56.189: [GC (GCLocker Initiated GC) [PSYoungGen: 141731K->42934K(175104K)] 482811K->411559K(699392K), 0.0101356 secs] [Times: user=0.07 sys=0.01, real=0.01 secs] 
2016-09-25T22:59:58.563-0400: 56.246: [GC (GCLocker Initiated GC) [PSYoungGen: 130998K->56462K(175104K)] 507788K->446094K(699392K), 0.0093143 secs] [Times: user=0.09 sys=0.00, real=0.00 secs] 
2016-09-25T22:59:58.615-0400: 56.298: [GC (GCLocker Initiated GC) [PSYoungGen: 144526K->68627K(175104K)] 534218K->503689K(699392K), 0.0114106 secs] [Times: user=0.15 sys=0.00, real=0.01 secs] 
2016-09-25T22:59:58.662-0400: 56.345: [GC (GCLocker Initiated GC) [PSYoungGen: 156691K->70126K(175104K)] 595906K->547724K(699392K), 0.0123087 secs] [Times: user=0.13 sys=0.00, real=0.02 secs] 
2016-09-25T22:59:58.674-0400: 56.357: [Full GC (Ergonomics) [PSYoungGen: 70126K->0K(175104K)] [ParOldGen: 477598K->294884K(524288K)] 547724K->294884K(699392K), [Metaspace: 43701K->43701K(1087488K)], 0.0498067 secs] [Times: user=0.33 sys=0.00, real=0.05 secs] 
2016-09-25T22:59:58.778-0400: 56.462: [GC (Allocation Failure) [PSYoungGen: 88064K->36669K(175104K)] 387011K->335617K(699392K), 0.0072316 secs] [Times: user=0.06 sys=0.00, real=0.01 secs] 
2016-09-25T22:59:58.814-0400: 56.497: [GC (GCLocker Initiated GC) [PSYoungGen: 123996K->75325K(175104K)] 425644K->402742K(699392K), 0.0098329 secs] [Times: user=0.13 sys=0.00, real=0.01 secs] 
2016-09-25T22:59:58.877-0400: 56.560: [GC (GCLocker Initiated GC) [PSYoungGen: 163389K->56501K(175104K)] 491022K->422469K(699392K), 0.0067983 secs] [Times: user=0.11 sys=0.00, real=0.01 secs] 
2016-09-25T22:59:58.929-0400: 56.612: [GC (GCLocker Initiated GC) [PSYoungGen: 144565K->61954K(175104K)] 518712K->451651K(699392K), 0.0081935 secs] [Times: user=0.13 sys=0.00, real=0.01 secs] 
2016-09-25T22:59:58.984-0400: 56.667: [GC (GCLocker Initiated GC) [PSYoungGen: 150018K->71532K(175104K)] 542170K->483348K(699392K), 0.0074198 secs] [Times: user=0.10 sys=0.00, real=0.00 secs] 
2016-09-25T22:59:59.043-0400: 56.726: [GC (GCLocker Initiated GC) [PSYoungGen: 159596K->72477K(175104K)] 571534K->500093K(699392K), 0.0091641 secs] [Times: user=0.09 sys=0.00, real=0.00 secs] 
2016-09-25T22:59:59.095-0400: 56.778: [GC (GCLocker Initiated GC) [PSYoungGen: 160541K->64948K(175104K)] 589635K->524314K(699392K), 0.0069848 secs] [Times: user=0.10 sys=0.00, real=0.00 secs] 
2016-09-25T22:59:59.139-0400: 56.822: [GC (GCLocker Initiated GC) [PSYoungGen: 153012K->59291K(175104K)] 615192K->552158K(699392K), 0.0098385 secs] [Times: user=0.09 sys=0.00, real=0.01 secs] 
2016-09-25T22:59:59.149-0400: 56.832: [Full GC (Ergonomics) [PSYoungGen: 59291K->0K(175104K)] [ParOldGen: 492866K->292837K(524288K)] 552158K->292837K(699392K), [Metaspace: 43701K->43701K(1087488K)], 0.0558784 secs] [Times: user=0.48 sys=0.00, real=0.06 secs] 
2016-09-25T22:59:59.247-0400: 56.930: [GC (GCLocker Initiated GC) [PSYoungGen: 88064K->81229K(175104K)] 380943K->374108K(699392K), 0.0063511 secs] [Times: user=0.08 sys=0.00, real=0.00 secs] 
2016-09-25T22:59:59.302-0400: 56.985: [GC (GCLocker Initiated GC) [PSYoungGen: 169293K->56755K(175104K)] 462174K->395321K(699392K), 0.0075736 secs] [Times: user=0.11 sys=0.00, real=0.01 secs] 
2016-09-25T22:59:59.344-0400: 57.027: [GC (GCLocker Initiated GC) [PSYoungGen: 144819K->82701K(175104K)] 495660K->443898K(699392K), 0.0066506 secs] [Times: user=0.10 sys=0.00, real=0.00 secs] 
2016-09-25T22:59:59.397-0400: 57.081: [GC (GCLocker Initiated GC) [PSYoungGen: 170765K->48253K(175104K)] 534790K->431005K(699392K), 0.0070340 secs] [Times: user=0.05 sys=0.00, real=0.01 secs] 
2016-09-25T22:59:59.434-0400: 57.117: [GC (GCLocker Initiated GC) [PSYoungGen: 136317K->68912K(175104K)] 524624K->482123K(699392K), 0.0067617 secs] [Times: user=0.10 sys=0.00, real=0.01 secs] 
2016-09-25T22:59:59.505-0400: 57.188: [GC (GCLocker Initiated GC) [PSYoungGen: 156976K->44547K(175104K)] 585260K->504805K(699392K), 0.0299953 secs] [Times: user=0.37 sys=0.00, real=0.03 secs] 
2016-09-25T22:59:59.600-0400: 57.283: [GC (GCLocker Initiated GC) [PSYoungGen: 132611K->62012K(175104K)] 599702K->547593K(699392K), 0.0138136 secs] [Times: user=0.09 sys=0.01, real=0.02 secs] 
2016-09-25T22:59:59.614-0400: 57.297: [Full GC (Ergonomics) [PSYoungGen: 62012K->0K(175104K)] [ParOldGen: 485580K->295731K(524288K)] 547593K->295731K(699392K), [Metaspace: 43701K->43701K(1087488K)], 0.0597037 secs] [Times: user=0.43 sys=0.01, real=0.06 secs] 
2016-09-25T22:59:59.720-0400: 57.403: [GC (GCLocker Initiated GC) [PSYoungGen: 88064K->86955K(175104K)] 383883K->393574K(699392K), 0.0121170 secs] [Times: user=0.14 sys=0.00, real=0.01 secs] 
2016-09-25T22:59:59.805-0400: 57.488: [GC (GCLocker Initiated GC) [PSYoungGen: 175019K->70181K(175104K)] 489927K->408134K(699392K), 0.0079509 secs] [Times: user=0.12 sys=0.00, real=0.00 secs] 
2016-09-25T22:59:59.859-0400: 57.542: [GC (GCLocker Initiated GC) [PSYoungGen: 158245K->64517K(175104K)] 497585K->419526K(699392K), 0.0069333 secs] [Times: user=0.10 sys=0.00, real=0.01 secs] 
2016-09-25T22:59:59.893-0400: 57.576: [GC (GCLocker Initiated GC) [PSYoungGen: 152581K->77010K(175104K)] 507657K->461051K(699392K), 0.0164802 secs] [Times: user=0.21 sys=0.01, real=0.02 secs] 
2016-09-25T22:59:59.976-0400: 57.659: [GC (GCLocker Initiated GC) [PSYoungGen: 165074K->71514K(175104K)] 551980K->480933K(699392K), 0.0317156 secs] [Times: user=0.41 sys=0.02, real=0.03 secs] 
2016-09-25T23:00:00.046-0400: 57.729: [GC (GCLocker Initiated GC) [PSYoungGen: 159578K->74469K(175104K)] 569095K->509176K(699392K), 0.0078050 secs] [Times: user=0.08 sys=0.00, real=0.00 secs] 
2016-09-25T23:00:00.089-0400: 57.772: [GC (GCLocker Initiated GC) [PSYoungGen: 162533K->56651K(175104K)] 603274K->525367K(699392K), 0.0073621 secs] [Times: user=0.10 sys=0.00, real=0.01 secs] 
2016-09-25T23:00:00.167-0400: 57.850: [GC (GCLocker Initiated GC) [PSYoungGen: 144715K->62031K(175104K)] 625705K->570906K(699392K), 0.0134563 secs] [Times: user=0.19 sys=0.00, real=0.01 secs] 
2016-09-25T23:00:00.180-0400: 57.864: [Full GC (Ergonomics) [PSYoungGen: 62031K->0K(175104K)] [ParOldGen: 508874K->302499K(524288K)] 570906K->302499K(699392K), [Metaspace: 43701K->43701K(1087488K)], 0.0679935 secs] [Times: user=0.64 sys=0.01, real=0.07 secs] 
2016-09-25T23:00:00.287-0400: 57.970: [GC (GCLocker Initiated GC) [PSYoungGen: 88064K->78924K(175104K)] 394707K->385568K(699392K), 0.0094565 secs] [Times: user=0.14 sys=0.00, real=0.01 secs] 
2016-09-25T23:00:00.351-0400: 58.034: [GC (GCLocker Initiated GC) [PSYoungGen: 166988K->78086K(175104K)] 473823K->398545K(699392K), 0.0105273 secs] [Times: user=0.16 sys=0.00, real=0.01 secs] 
2016-09-25T23:00:00.420-0400: 58.103: [GC (GCLocker Initiated GC) [PSYoungGen: 166150K->67703K(175104K)] 489775K->421728K(699392K), 0.0112291 secs] [Times: user=0.18 sys=0.00, real=0.01 secs] 
2016-09-25T23:00:00.478-0400: 58.161: [GC (GCLocker Initiated GC) [PSYoungGen: 155767K->58060K(175104K)] 517597K->441201K(699392K), 0.0073131 secs] [Times: user=0.08 sys=0.00, real=0.01 secs] 
2016-09-25T23:00:00.524-0400: 58.207: [GC (GCLocker Initiated GC) [PSYoungGen: 146124K->61882K(175104K)] 529370K->474438K(699392K), 0.0070757 secs] [Times: user=0.08 sys=0.00, real=0.00 secs] 
2016-09-25T23:00:00.583-0400: 58.266: [GC (GCLocker Initiated GC) [PSYoungGen: 149946K->77205K(175104K)] 564038K->525683K(699392K), 0.0138688 secs] [Times: user=0.18 sys=0.00, real=0.01 secs] 
2016-09-25T23:00:00.664-0400: 58.347: [GC (GCLocker Initiated GC) [PSYoungGen: 165269K->49815K(175104K)] 616573K->534628K(699392K), 0.0121393 secs] [Times: user=0.14 sys=0.00, real=0.01 secs] 
2016-09-25T23:00:00.677-0400: 58.360: [Full GC (Ergonomics) [PSYoungGen: 49815K->0K(175104K)] [ParOldGen: 484813K->303394K(524288K)] 534628K->303394K(699392K), [Metaspace: 43701K->43701K(1087488K)], 0.0478133 secs] [Times: user=0.34 sys=0.00, real=0.05 secs] 
2016-09-25T23:00:00.759-0400: 58.443: [GC (GCLocker Initiated GC) [PSYoungGen: 88064K->77507K(175104K)] 391596K->381039K(699392K), 0.0134203 secs] [Times: user=0.12 sys=0.00, real=0.01 secs] 
2016-09-25T23:00:00.841-0400: 58.524: [GC (GCLocker Initiated GC) [PSYoungGen: 165571K->67756K(175104K)] 473231K->402521K(699392K), 0.0113882 secs] [Times: user=0.18 sys=0.00, real=0.01 secs] 
2016-09-25T23:00:00.909-0400: 58.592: [GC (GCLocker Initiated GC) [PSYoungGen: 155820K->62010K(175104K)] 491435K->417647K(699392K), 0.0070370 secs] [Times: user=0.10 sys=0.01, real=0.01 secs] 
2016-09-25T23:00:00.946-0400: 58.629: [GC (GCLocker Initiated GC) [PSYoungGen: 150074K->86446K(175104K)] 508524K->468654K(699392K), 0.0078628 secs] [Times: user=0.11 sys=0.01, real=0.00 secs] 
2016-09-25T23:00:00.995-0400: 58.678: [GC (GCLocker Initiated GC) [PSYoungGen: 174510K->62209K(175104K)] 560841K->469722K(699392K), 0.0098474 secs] [Times: user=0.11 sys=0.00, real=0.01 secs] 
2016-09-25T23:00:01.045-0400: 58.728: [GC (GCLocker Initiated GC) [PSYoungGen: 150273K->75498K(175104K)] 562069K->499025K(699392K), 0.0071260 secs] [Times: user=0.08 sys=0.01, real=0.00 secs] 
2016-09-25T23:00:01.106-0400: 58.789: [GC (GCLocker Initiated GC) [PSYoungGen: 163562K->61934K(175104K)] 589848K->505180K(699392K), 0.0065726 secs] [Times: user=0.09 sys=0.00, real=0.00 secs] 
2016-09-25T23:00:01.157-0400: 58.840: [GC (GCLocker Initiated GC) [PSYoungGen: 149998K->78442K(175104K)] 596290K->540300K(699392K), 0.0112129 secs] [Times: user=0.10 sys=0.00, real=0.01 secs] 
2016-09-25T23:00:01.218-0400: 58.901: [GC (GCLocker Initiated GC) [PSYoungGen: 166506K->45510K(175104K)] 633753K->535361K(699392K), 0.0090005 secs] [Times: user=0.07 sys=0.01, real=0.01 secs] 
2016-09-25T23:00:01.227-0400: 58.911: [Full GC (Ergonomics) [PSYoungGen: 45510K->0K(175104K)] [ParOldGen: 489850K->305429K(524288K)] 535361K->305429K(699392K), [Metaspace: 43704K->43704K(1087488K)], 0.0668451 secs] [Times: user=0.45 sys=0.01, real=0.07 secs] 
2016-09-25T23:00:01.337-0400: 59.020: [GC (GCLocker Initiated GC) [PSYoungGen: 88064K->81379K(175104K)] 396256K->389572K(699392K), 0.0141849 secs] [Times: user=0.20 sys=0.00, real=0.01 secs] 
2016-09-25T23:00:01.400-0400: 59.083: [GC (GCLocker Initiated GC) [PSYoungGen: 169443K->51231K(175104K)] 477893K->390637K(699392K), 0.0083500 secs] [Times: user=0.09 sys=0.00, real=0.01 secs] 
2016-09-25T23:00:01.451-0400: 59.134: [GC (GCLocker Initiated GC) [PSYoungGen: 139295K->52856K(175104K)] 484278K->433828K(699392K), 0.0070063 secs] [Times: user=0.09 sys=0.01, real=0.01 secs] 
2016-09-25T23:00:01.501-0400: 59.184: [GC (GCLocker Initiated GC) [PSYoungGen: 140920K->68941K(175104K)] 521996K->474048K(699392K), 0.0101871 secs] [Times: user=0.10 sys=0.00, real=0.01 secs] 
2016-09-25T23:00:01.561-0400: 59.244: [GC (GCLocker Initiated GC) [PSYoungGen: 157005K->58404K(175104K)] 575678K->486142K(699392K), 0.0077075 secs] [Times: user=0.05 sys=0.01, real=0.01 secs] 
2016-09-25T23:00:01.620-0400: 59.303: [GC (GCLocker Initiated GC) [PSYoungGen: 146468K->58128K(175104K)] 576972K->525024K(699392K), 0.0102102 secs] [Times: user=0.12 sys=0.00, real=0.01 secs] 
2016-09-25T23:00:01.674-0400: 59.357: [GC (GCLocker Initiated GC) [PSYoungGen: 146192K->63644K(175104K)] 621117K->557028K(699392K), 0.0125725 secs] [Times: user=0.10 sys=0.00, real=0.02 secs] 
2016-09-25T23:00:01.686-0400: 59.369: [Full GC (Ergonomics) [PSYoungGen: 63644K->0K(175104K)] [ParOldGen: 493383K->313498K(524288K)] 557028K->313498K(699392K), [Metaspace: 43704K->43704K(1087488K)], 0.0582349 secs] [Times: user=0.38 sys=0.01, real=0.06 secs] 
2016-09-25T23:00:01.793-0400: 59.476: [GC (GCLocker Initiated GC) [PSYoungGen: 88064K->77150K(175104K)] 404372K->393458K(699392K), 0.0086966 secs] [Times: user=0.12 sys=0.00, real=0.01 secs] 
2016-09-25T23:00:01.848-0400: 59.531: [GC (GCLocker Initiated GC) [PSYoungGen: 165214K->56778K(175104K)] 486993K->410630K(699392K), 0.0073367 secs] [Times: user=0.11 sys=0.00, real=0.01 secs] 
2016-09-25T23:00:01.900-0400: 59.583: [GC (GCLocker Initiated GC) [PSYoungGen: 144842K->63480K(175104K)] 502784K->431796K(699392K), 0.0069287 secs] [Times: user=0.09 sys=0.00, real=0.01 secs] 
2016-09-25T23:00:01.950-0400: 59.633: [GC (GCLocker Initiated GC) [PSYoungGen: 151544K->68881K(175104K)] 524245K->445182K(699392K), 0.0091681 secs] [Times: user=0.11 sys=0.00, real=0.01 secs] 
2016-09-25T23:00:02.009-0400: 59.692: [GC (GCLocker Initiated GC) [PSYoungGen: 156945K->52370K(175104K)] 536401K->458389K(699392K), 0.0097589 secs] [Times: user=0.06 sys=0.00, real=0.01 secs] 
2016-09-25T23:00:02.059-0400: 59.742: [GC (GCLocker Initiated GC) [PSYoungGen: 140434K->78396K(175104K)] 549306K->501410K(699392K), 0.0069666 secs] [Times: user=0.10 sys=0.00, real=0.01 secs] 
2016-09-25T23:00:02.120-0400: 59.803: [GC (GCLocker Initiated GC) [PSYoungGen: 166460K->60666K(175104K)] 589693K->529391K(699392K), 0.0110351 secs] [Times: user=0.13 sys=0.00, real=0.01 secs] 
2016-09-25T23:00:02.168-0400: 59.851: [GC (GCLocker Initiated GC) [PSYoungGen: 148730K->66229K(175104K)] 617508K->546613K(699392K), 0.0080486 secs] [Times: user=0.08 sys=0.00, real=0.01 secs] 
2016-09-25T23:00:02.177-0400: 59.860: [Full GC (Ergonomics) [PSYoungGen: 66229K->0K(175104K)] [ParOldGen: 480383K->318633K(524288K)] 546613K->318633K(699392K), [Metaspace: 43704K->43704K(1087488K)], 0.0615928 secs] [Times: user=0.48 sys=0.00, real=0.06 secs] 
2016-09-25T23:00:02.285-0400: 59.968: [GC (GCLocker Initiated GC) [PSYoungGen: 88064K->85594K(175104K)] 409628K->409858K(699392K), 0.0070513 secs] [Times: user=0.10 sys=0.00, real=0.00 secs] 
2016-09-25T23:00:02.334-0400: 60.017: [GC (GCLocker Initiated GC) [PSYoungGen: 173658K->71614K(175104K)] 502002K->412163K(699392K), 0.0089819 secs] [Times: user=0.13 sys=0.01, real=0.02 secs] 
2016-09-25T23:00:02.393-0400: 60.076: [GC (GCLocker Initiated GC) [PSYoungGen: 159678K->64672K(175104K)] 508417K->422429K(699392K), 0.0091272 secs] [Times: user=0.09 sys=0.01, real=0.02 secs] 
2016-09-25T23:00:02.459-0400: 60.142: [GC (GCLocker Initiated GC) [PSYoungGen: 152736K->40488K(175104K)] 523056K->425077K(699392K), 0.0061688 secs] [Times: user=0.08 sys=0.00, real=0.01 secs] 
2016-09-25T23:00:02.504-0400: 60.187: [GC (GCLocker Initiated GC) [PSYoungGen: 128552K->72780K(175104K)] 515882K->475843K(699392K), 0.0104195 secs] [Times: user=0.09 sys=0.00, real=0.01 secs] 
2016-09-25T23:00:02.566-0400: 60.249: [GC (GCLocker Initiated GC) [PSYoungGen: 160844K->74123K(175104K)] 568020K->491518K(699392K), 0.0073048 secs] [Times: user=0.09 sys=0.01, real=0.00 secs] 
2016-09-25T23:00:02.620-0400: 60.303: [GC (GCLocker Initiated GC) [PSYoungGen: 162187K->62096K(175104K)] 579664K->495194K(699392K), 0.0097828 secs] [Times: user=0.10 sys=0.00, real=0.01 secs] 
2016-09-25T23:00:02.671-0400: 60.354: [GC (GCLocker Initiated GC) [PSYoungGen: 150160K->70203K(175104K)] 584757K->536729K(699392K), 0.0103428 secs] [Times: user=0.11 sys=0.00, real=0.01 secs] 
2016-09-25T23:00:02.721-0400: 60.404: [GC (GCLocker Initiated GC) [PSYoungGen: 158267K->51233K(175104K)] 627588K->566030K(699392K), 0.0105303 secs] [Times: user=0.12 sys=0.00, real=0.01 secs] 
2016-09-25T23:00:02.732-0400: 60.415: [Full GC (Ergonomics) [PSYoungGen: 51233K->0K(175104K)] [ParOldGen: 514797K->320567K(524288K)] 566030K->320567K(699392K), [Metaspace: 43704K->43704K(1087488K)], 0.0587758 secs] [Times: user=0.53 sys=0.00, real=0.06 secs] 
2016-09-25T23:00:02.838-0400: 60.521: [GC (GCLocker Initiated GC) [PSYoungGen: 88064K->84261K(175104K)] 408873K->405071K(699392K), 0.0097892 secs] [Times: user=0.12 sys=0.00, real=0.01 secs] 
2016-09-25T23:00:02.884-0400: 60.567: [GC (GCLocker Initiated GC) [PSYoungGen: 172325K->79762K(175104K)] 493371K->413034K(699392K), 0.0088520 secs] [Times: user=0.11 sys=0.00, real=0.00 secs] 
2016-09-25T23:00:02.938-0400: 60.621: [GC (GCLocker Initiated GC) [PSYoungGen: 167826K->64802K(175104K)] 503981K->434335K(699392K), 0.0097690 secs] [Times: user=0.12 sys=0.00, real=0.01 secs] 
2016-09-25T23:00:03.001-0400: 60.684: [GC (GCLocker Initiated GC) [PSYoungGen: 152866K->65011K(175104K)] 528017K->454498K(699392K), 0.0087785 secs] [Times: user=0.07 sys=0.01, real=0.01 secs] 
2016-09-25T23:00:03.054-0400: 60.737: [GC (GCLocker Initiated GC) [PSYoungGen: 153075K->60456K(175104K)] 542714K->478081K(699392K), 0.0100748 secs] [Times: user=0.10 sys=0.01, real=0.02 secs] 
2016-09-25T23:00:03.109-0400: 60.792: [GC (GCLocker Initiated GC) [PSYoungGen: 148520K->72923K(175104K)] 577157K->530526K(699392K), 0.0124022 secs] [Times: user=0.18 sys=0.00, real=0.01 secs] 
2016-09-25T23:00:03.173-0400: 60.856: [GC (GCLocker Initiated GC) [PSYoungGen: 160987K->56714K(175104K)] 621362K->535572K(699392K), 0.0070083 secs] [Times: user=0.10 sys=0.00, real=0.01 secs] 
2016-09-25T23:00:03.180-0400: 60.863: [Full GC (Ergonomics) [PSYoungGen: 56714K->0K(175104K)] [ParOldGen: 478858K->318473K(524288K)] 535572K->318473K(699392K), [Metaspace: 43704K->43704K(1087488K)], 0.0614434 secs] [Times: user=0.48 sys=0.00, real=0.06 secs] 
2016-09-25T23:00:03.284-0400: 60.967: [GC (GCLocker Initiated GC) [PSYoungGen: 88064K->85550K(175104K)] 409394K->406880K(699392K), 0.0071247 secs] [Times: user=0.10 sys=0.00, real=0.00 secs] 
2016-09-25T23:00:03.337-0400: 61.020: [GC (GCLocker Initiated GC) [PSYoungGen: 173614K->53901K(175104K)] 497729K->419923K(699392K), 0.0089796 secs] [Times: user=0.14 sys=0.00, real=0.01 secs] 
2016-09-25T23:00:03.390-0400: 61.073: [GC (GCLocker Initiated GC) [PSYoungGen: 141965K->70365K(175104K)] 511189K->456577K(699392K), 0.0098208 secs] [Times: user=0.13 sys=0.01, real=0.01 secs] 
2016-09-25T23:00:03.446-0400: 61.129: [GC (GCLocker Initiated GC) [PSYoungGen: 158429K->68610K(175104K)] 552977K->469504K(699392K), 0.0104793 secs] [Times: user=0.09 sys=0.01, real=0.01 secs] 
2016-09-25T23:00:03.501-0400: 61.185: [GC (GCLocker Initiated GC) [PSYoungGen: 156674K->67295K(175104K)] 564566K->503013K(699392K), 0.0105840 secs] [Times: user=0.14 sys=0.00, real=0.01 secs] 
2016-09-25T23:00:03.545-0400: 61.228: [GC (GCLocker Initiated GC) [PSYoungGen: 155359K->71504K(175104K)] 596664K->539128K(699392K), 0.0100681 secs] [Times: user=0.11 sys=0.01, real=0.01 secs] 
2016-09-25T23:00:03.598-0400: 61.281: [GC (GCLocker Initiated GC) [PSYoungGen: 159568K->71443K(175104K)] 632682K->583213K(699392K), 0.0140431 secs] [Times: user=0.21 sys=0.00, real=0.01 secs] 
2016-09-25T23:00:03.612-0400: 61.295: [Full GC (Ergonomics) [PSYoungGen: 71443K->0K(175104K)] [ParOldGen: 511770K->329882K(524288K)] 583213K->329882K(699392K), [Metaspace: 43704K->43704K(1087488K)], 0.0484360 secs] [Times: user=0.39 sys=0.00, real=0.05 secs] 
2016-09-25T23:00:03.709-0400: 61.392: [GC (GCLocker Initiated GC) [PSYoungGen: 88064K->85653K(175104K)] 421468K->421758K(699392K), 0.0089569 secs] [Times: user=0.10 sys=0.00, real=0.01 secs] 
2016-09-25T23:00:03.769-0400: 61.453: [GC (GCLocker Initiated GC) [PSYoungGen: 173717K->49808K(175104K)] 512984K->416086K(699392K), 0.0102944 secs] [Times: user=0.14 sys=0.00, real=0.01 secs] 
2016-09-25T23:00:03.820-0400: 61.503: [GC (GCLocker Initiated GC) [PSYoungGen: 137872K->68904K(175104K)] 511089K->486121K(699392K), 0.0109269 secs] [Times: user=0.12 sys=0.00, real=0.01 secs] 
2016-09-25T23:00:03.887-0400: 61.570: [GC (GCLocker Initiated GC) [PSYoungGen: 156968K->56606K(175104K)] 597218K->497692K(699392K), 0.0059397 secs] [Times: user=0.06 sys=0.00, real=0.00 secs] 
2016-09-25T23:00:03.940-0400: 61.623: [GC (GCLocker Initiated GC) [PSYoungGen: 144670K->64431K(175104K)] 585810K->523977K(699392K), 0.0068333 secs] [Times: user=0.07 sys=0.00, real=0.01 secs] 
2016-09-25T23:00:03.998-0400: 61.681: [GC (GCLocker Initiated GC) [PSYoungGen: 152495K->55119K(175104K)] 617587K->542264K(699392K), 0.0094345 secs] [Times: user=0.09 sys=0.00, real=0.01 secs] 
2016-09-25T23:00:04.008-0400: 61.691: [Full GC (Ergonomics) [PSYoungGen: 55119K->0K(175104K)] [ParOldGen: 487145K->332570K(524288K)] 542264K->332570K(699392K), [Metaspace: 43704K->43704K(1087488K)], 0.0772282 secs] [Times: user=0.74 sys=0.01, real=0.08 secs] 
2016-09-25T23:00:04.131-0400: 61.814: [GC (GCLocker Initiated GC) [PSYoungGen: 88064K->68203K(175104K)] 426060K->406199K(699392K), 0.0076057 secs] [Times: user=0.08 sys=0.01, real=0.01 secs] 
2016-09-25T23:00:04.188-0400: 61.871: [GC (GCLocker Initiated GC) [PSYoungGen: 156267K->76816K(175104K)] 502075K->435001K(699392K), 0.0097816 secs] [Times: user=0.11 sys=0.00, real=0.01 secs] 
2016-09-25T23:00:04.238-0400: 61.921: [GC (GCLocker Initiated GC) [PSYoungGen: 164880K->49486K(175104K)] 523115K->432721K(699392K), 0.0107514 secs] [Times: user=0.10 sys=0.00, real=0.01 secs] 
2016-09-25T23:00:04.288-0400: 61.971: [GC (GCLocker Initiated GC) [PSYoungGen: 137550K->83828K(175104K)] 524944K->489382K(699392K), 0.0104272 secs] [Times: user=0.15 sys=0.00, real=0.01 secs] 
2016-09-25T23:00:04.347-0400: 62.031: [GC (GCLocker Initiated GC) [PSYoungGen: 171892K->55116K(175104K)] 583120K->509116K(699392K), 0.0115330 secs] [Times: user=0.17 sys=0.00, real=0.01 secs] 
2016-09-25T23:00:04.392-0400: 62.075: [GC (GCLocker Initiated GC) [PSYoungGen: 143180K->76844K(175104K)] 597288K->550496K(699392K), 0.0075083 secs] [Times: user=0.11 sys=0.00, real=0.01 secs] 
2016-09-25T23:00:04.438-0400: 62.121: [Full GC (Ergonomics) [PSYoungGen: 164908K->0K(175104K)] [ParOldGen: 476580K->335671K(524288K)] 641489K->335671K(699392K), [Metaspace: 43704K->43704K(1087488K)], 0.0625934 secs] [Times: user=0.58 sys=0.00, real=0.06 secs] 
2016-09-25T23:00:04.564-0400: 62.247: [GC (GCLocker Initiated GC) [PSYoungGen: 88064K->78777K(175104K)] 429304K->420018K(699392K), 0.0129450 secs] [Times: user=0.18 sys=0.00, real=0.01 secs] 
2016-09-25T23:00:04.630-0400: 62.313: [GC (GCLocker Initiated GC) [PSYoungGen: 166841K->56761K(175104K)] 515229K->424054K(699392K), 0.0077950 secs] [Times: user=0.09 sys=0.00, real=0.01 secs] 
2016-09-25T23:00:04.681-0400: 62.364: [GC (GCLocker Initiated GC) [PSYoungGen: 144825K->48264K(175104K)] 512186K->455807K(699392K), 0.0073879 secs] [Times: user=0.10 sys=0.00, real=0.01 secs] 
2016-09-25T23:00:04.723-0400: 62.406: [GC (GCLocker Initiated GC) [PSYoungGen: 136328K->74471K(175104K)] 546625K->498846K(699392K), 0.0152050 secs] [Times: user=0.21 sys=0.00, real=0.01 secs] 
2016-09-25T23:00:04.809-0400: 62.492: [GC (GCLocker Initiated GC) [PSYoungGen: 162535K->70095K(175104K)] 589679K->524020K(699392K), 0.0108037 secs] [Times: user=0.17 sys=0.01, real=0.01 secs] 
2016-09-25T23:00:04.859-0400: 62.542: [GC (GCLocker Initiated GC) [PSYoungGen: 158159K->82577K(175104K)] 620269K->554951K(699392K), 0.0080216 secs] [Times: user=0.12 sys=0.01, real=0.01 secs] 
2016-09-25T23:00:04.915-0400: 62.598: [GC (GCLocker Initiated GC) [PSYoungGen: 170641K->55117K(175104K)] 645962K->565278K(699392K), 0.0073347 secs] [Times: user=0.10 sys=0.00, real=0.01 secs] 
2016-09-25T23:00:04.922-0400: 62.605: [Full GC (Ergonomics) [PSYoungGen: 55117K->0K(175104K)] [ParOldGen: 510160K->333163K(524288K)] 565278K->333163K(699392K), [Metaspace: 43704K->43704K(1087488K)], 0.0914784 secs] [Times: user=0.53 sys=0.02, real=0.08 secs] 
2016-09-25T23:00:05.073-0400: 62.756: [GC (GCLocker Initiated GC) [PSYoungGen: 88064K->62743K(175104K)] 437492K->412172K(699392K), 0.0065469 secs] [Times: user=0.07 sys=0.00, real=0.01 secs] 
2016-09-25T23:00:05.119-0400: 62.802: [GC (GCLocker Initiated GC) [PSYoungGen: 150807K->48213K(175104K)] 507499K->407760K(699392K), 0.0125350 secs] [Times: user=0.14 sys=0.00, real=0.01 secs] 
2016-09-25T23:00:05.201-0400: 62.884: [GC (GCLocker Initiated GC) [PSYoungGen: 136277K->46852K(175104K)] 498696K->438310K(699392K), 0.0121061 secs] [Times: user=0.14 sys=0.02, real=0.01 secs] 
2016-09-25T23:00:05.262-0400: 62.945: [GC (GCLocker Initiated GC) [PSYoungGen: 134916K->77107K(175104K)] 531843K->493419K(699392K), 0.0082502 secs] [Times: user=0.11 sys=0.01, real=0.01 secs] 
2016-09-25T23:00:05.308-0400: 62.991: [GC (GCLocker Initiated GC) [PSYoungGen: 165171K->74146K(175104K)] 581560K->526654K(699392K), 0.0085355 secs] [Times: user=0.14 sys=0.00, real=0.01 secs] 
2016-09-25T23:00:05.363-0400: 63.046: [GC (GCLocker Initiated GC) [PSYoungGen: 162210K->59666K(175104K)] 626966K->529249K(699392K), 0.0144095 secs] [Times: user=0.13 sys=0.00, real=0.01 secs] 
2016-09-25T23:00:05.432-0400: 63.115: [Full GC (Ergonomics) [PSYoungGen: 147730K->0K(175104K)] [ParOldGen: 472522K->349845K(524288K)] 620252K->349845K(699392K), [Metaspace: 43713K->43713K(1087488K)], 0.0739369 secs] [Times: user=0.78 sys=0.00, real=0.08 secs] 
2016-09-25T23:00:05.552-0400: 63.235: [GC (GCLocker Initiated GC) [PSYoungGen: 88064K->73448K(175104K)] 450220K->435605K(699392K), 0.0068128 secs] [Times: user=0.09 sys=0.00, real=0.01 secs] 
2016-09-25T23:00:05.614-0400: 63.297: [GC (GCLocker Initiated GC) [PSYoungGen: 161512K->64477K(175104K)] 525107K->436208K(699392K), 0.0295255 secs] [Times: user=0.32 sys=0.00, real=0.03 secs] 
2016-09-25T23:00:05.696-0400: 63.379: [GC (GCLocker Initiated GC) [PSYoungGen: 152541K->61548K(175104K)] 524361K->452976K(699392K), 0.0246436 secs] [Times: user=0.29 sys=0.02, real=0.02 secs] 
2016-09-25T23:00:05.763-0400: 63.446: [GC (GCLocker Initiated GC) [PSYoungGen: 149612K->53816K(175104K)] 545167K->470120K(699392K), 0.0086789 secs] [Times: user=0.08 sys=0.00, real=0.00 secs] 
2016-09-25T23:00:05.822-0400: 63.505: [GC (GCLocker Initiated GC) [PSYoungGen: 141880K->70339K(175104K)] 562301K->509133K(699392K), 0.0188997 secs] [Times: user=0.20 sys=0.01, real=0.01 secs] 
2016-09-25T23:00:05.895-0400: 63.578: [GC (GCLocker Initiated GC) [PSYoungGen: 158403K->63282K(175104K)] 602717K->539675K(699392K), 0.0140955 secs] [Times: user=0.18 sys=0.01, real=0.01 secs] 
2016-09-25T23:00:05.963-0400: 63.646: [Full GC (Ergonomics) [PSYoungGen: 151346K->0K(175104K)] [ParOldGen: 483532K->347655K(524288K)] 634879K->347655K(699392K), [Metaspace: 43723K->43723K(1087488K)], 0.0560526 secs] [Times: user=0.51 sys=0.00, real=0.05 secs] 
2016-09-25T23:00:06.065-0400: 63.748: [GC (GCLocker Initiated GC) [PSYoungGen: 88064K->74300K(175104K)] 436532K->422768K(699392K), 0.0095989 secs] [Times: user=0.11 sys=0.01, real=0.01 secs] 
2016-09-25T23:00:06.110-0400: 63.793: [GC (GCLocker Initiated GC) [PSYoungGen: 162364K->83782K(175104K)] 516444K->457758K(699392K), 0.0103889 secs] [Times: user=0.17 sys=0.00, real=0.01 secs] 
2016-09-25T23:00:06.174-0400: 63.857: [GC (GCLocker Initiated GC) [PSYoungGen: 171846K->65949K(175104K)] 551439K->464003K(699392K), 0.0094996 secs] [Times: user=0.14 sys=0.00, real=0.01 secs] 
2016-09-25T23:00:06.232-0400: 63.915: [GC (GCLocker Initiated GC) [PSYoungGen: 154013K->53831K(175104K)] 554862K->475651K(699392K), 0.0093206 secs] [Times: user=0.11 sys=0.00, real=0.01 secs] 
2016-09-25T23:00:06.293-0400: 63.977: [GC (GCLocker Initiated GC) [PSYoungGen: 141895K->64946K(175104K)] 567856K->511803K(699392K), 0.0079924 secs] [Times: user=0.13 sys=0.01, real=0.02 secs] 
2016-09-25T23:00:06.349-0400: 64.032: [GC (GCLocker Initiated GC) [PSYoungGen: 153010K->79117K(175104K)] 602837K->546200K(699392K), 0.0158512 secs] [Times: user=0.24 sys=0.00, real=0.02 secs] 
2016-09-25T23:00:06.408-0400: 64.091: [GC (GCLocker Initiated GC) [PSYoungGen: 167181K->60492K(175104K)] 634426K->566043K(699392K), 0.0083773 secs] [Times: user=0.13 sys=0.00, real=0.01 secs] 
2016-09-25T23:00:06.417-0400: 64.100: [Full GC (Ergonomics) [PSYoungGen: 60492K->0K(175104K)] [ParOldGen: 505550K->348000K(524288K)] 566043K->348000K(699392K), [Metaspace: 43723K->43723K(1087488K)], 0.0678532 secs] [Times: user=0.60 sys=0.01, real=0.07 secs] 
2016-09-25T23:00:06.529-0400: 64.212: [GC (GCLocker Initiated GC) [PSYoungGen: 88064K->63811K(175104K)] 438953K->414701K(699392K), 0.0145240 secs] [Times: user=0.15 sys=0.00, real=0.02 secs] 
2016-09-25T23:00:06.589-0400: 64.272: [GC (GCLocker Initiated GC) [PSYoungGen: 151875K->58129K(175104K)] 507255K->431052K(699392K), 0.0182536 secs] [Times: user=0.30 sys=0.00, real=0.02 secs] 
2016-09-25T23:00:06.655-0400: 64.338: [GC (GCLocker Initiated GC) [PSYoungGen: 146193K->86230K(175104K)] 523213K->469659K(699392K), 0.0083948 secs] [Times: user=0.11 sys=0.01, real=0.01 secs] 
2016-09-25T23:00:06.706-0400: 64.389: [GC (GCLocker Initiated GC) [PSYoungGen: 174294K->67458K(175104K)] 557878K->490876K(699392K), 0.0120545 secs] [Times: user=0.17 sys=0.01, real=0.01 secs] 
2016-09-25T23:00:06.764-0400: 64.447: [GC (GCLocker Initiated GC) [PSYoungGen: 155522K->67479K(175104K)] 583307K->501436K(699392K), 0.0099755 secs] [Times: user=0.11 sys=0.00, real=0.01 secs] 
2016-09-25T23:00:06.823-0400: 64.506: [GC (GCLocker Initiated GC) [PSYoungGen: 155543K->63158K(175104K)] 592331K->523929K(699392K), 0.0076595 secs] [Times: user=0.11 sys=0.01, real=0.00 secs] 
2016-09-25T23:00:06.874-0400: 64.557: [GC (GCLocker Initiated GC) [PSYoungGen: 151222K->67663K(171008K)] 612121K->556188K(695296K), 0.0141737 secs] [Times: user=0.19 sys=0.00, real=0.02 secs] 
2016-09-25T23:00:06.888-0400: 64.571: [Full GC (Ergonomics) [PSYoungGen: 67663K->0K(171008K)] [ParOldGen: 488524K->353988K(524288K)] 556188K->353988K(695296K), [Metaspace: 43724K->43724K(1087488K)], 0.0529339 secs] [Times: user=0.52 sys=0.00, real=0.05 secs] 
2016-09-25T23:00:06.988-0400: 64.671: [GC (GCLocker Initiated GC) [PSYoungGen: 88064K->66842K(173056K)] 448931K->427710K(697344K), 0.0087419 secs] [Times: user=0.09 sys=0.02, real=0.01 secs] 
2016-09-25T23:00:07.042-0400: 64.725: [GC (GCLocker Initiated GC) [PSYoungGen: 154906K->53873K(177152K)] 520194K->451821K(701440K), 0.0075347 secs] [Times: user=0.08 sys=0.01, real=0.00 secs] 
2016-09-25T23:00:07.104-0400: 64.787: [GC (GCLocker Initiated GC) [PSYoungGen: 147569K->57758K(177664K)] 548293K->492972K(701952K), 0.0095820 secs] [Times: user=0.11 sys=0.00, real=0.00 secs] 
2016-09-25T23:00:07.156-0400: 64.839: [GC (GCLocker Initiated GC) [PSYoungGen: 151454K->50005K(176640K)] 591148K->524059K(700928K), 0.0099216 secs] [Times: user=0.10 sys=0.00, real=0.01 secs] 
2016-09-25T23:00:07.166-0400: 64.849: [Full GC (Ergonomics) [PSYoungGen: 50005K->0K(176640K)] [ParOldGen: 474054K->345183K(524288K)] 524059K->345183K(700928K), [Metaspace: 43724K->43724K(1087488K)], 0.0557154 secs] [Times: user=0.52 sys=0.00, real=0.05 secs] 
2016-09-25T23:00:07.264-0400: 64.947: [GC (GCLocker Initiated GC) [PSYoungGen: 93184K->82709K(176128K)] 438488K->446914K(700416K), 0.0106392 secs] [Times: user=0.17 sys=0.00, real=0.01 secs] 
2016-09-25T23:00:07.323-0400: 65.006: [GC (GCLocker Initiated GC) [PSYoungGen: 175893K->60849K(174080K)] 543067K->468426K(698368K), 0.0092254 secs] [Times: user=0.14 sys=0.00, real=0.00 secs] 
2016-09-25T23:00:07.374-0400: 65.057: [GC (GCLocker Initiated GC) [PSYoungGen: 148913K->59115K(175104K)] 560590K->483904K(699392K), 0.0067406 secs] [Times: user=0.08 sys=0.00, real=0.01 secs] 
2016-09-25T23:00:07.459-0400: 65.142: [GC (GCLocker Initiated GC) [PSYoungGen: 147179K->73153K(174592K)] 576188K->524504K(698880K), 0.0099203 secs] [Times: user=0.11 sys=0.00, real=0.01 secs] 
2016-09-25T23:00:07.514-0400: 65.197: [GC (GCLocker Initiated GC) [PSYoungGen: 161217K->55347K(175104K)] 616703K->522736K(699392K), 0.0111528 secs] [Times: user=0.11 sys=0.00, real=0.01 secs] 
2016-09-25T23:00:07.585-0400: 65.268: [GC (GCLocker Initiated GC) [PSYoungGen: 143411K->47191K(175104K)] 616431K->545494K(699392K), 0.0061032 secs] [Times: user=0.06 sys=0.01, real=0.00 secs] 
2016-09-25T23:00:07.591-0400: 65.274: [Full GC (Ergonomics) [PSYoungGen: 47191K->0K(175104K)] [ParOldGen: 498303K->347998K(524288K)] 545494K->347998K(699392K), [Metaspace: 43770K->43770K(1087488K)], 0.2263808 secs] [Times: user=3.34 sys=0.03, real=0.23 secs] 
2016-09-25T23:00:07.866-0400: 65.549: [GC (GCLocker Initiated GC) [PSYoungGen: 88064K->85915K(175104K)] 442256K->442808K(699392K), 0.0073585 secs] [Times: user=0.11 sys=0.00, real=0.00 secs] 
2016-09-25T23:00:07.931-0400: 65.614: [GC (GCLocker Initiated GC) [PSYoungGen: 173979K->52460K(175104K)] 533657K->440860K(699392K), 0.0101674 secs] [Times: user=0.15 sys=0.00, real=0.01 secs] 
2016-09-25T23:00:07.985-0400: 65.668: [GC (Allocation Failure) [PSYoungGen: 140524K->70238K(175104K)] 531828K->491898K(699392K), 0.0089543 secs] [Times: user=0.09 sys=0.01, real=0.01 secs] 
2016-09-25T23:00:07.995-0400: 65.678: [GC (GCLocker Initiated GC) [PSYoungGen: 73296K->2700K(175104K)] 494956K->501181K(699392K), 0.0095091 secs] [Times: user=0.12 sys=0.00, real=0.01 secs] 
2016-09-25T23:00:08.005-0400: 65.688: [Full GC (Ergonomics) [PSYoungGen: 2700K->0K(175104K)] [ParOldGen: 498481K->354980K(524288K)] 501181K->354980K(699392K), [Metaspace: 43770K->43770K(1087488K)], 0.0653784 secs] [Times: user=0.55 sys=0.00, real=0.06 secs] 
2016-09-25T23:00:08.125-0400: 65.808: [GC (GCLocker Initiated GC) [PSYoungGen: 88064K->74703K(175104K)] 443161K->429800K(699392K), 0.0118372 secs] [Times: user=0.13 sys=0.00, real=0.01 secs] 
2016-09-25T23:00:08.191-0400: 65.874: [GC (GCLocker Initiated GC) [PSYoungGen: 162767K->75510K(175104K)] 517948K->445586K(699392K), 0.0084730 secs] [Times: user=0.12 sys=0.00, real=0.01 secs] 
2016-09-25T23:00:08.235-0400: 65.919: [GC (GCLocker Initiated GC) [PSYoungGen: 163574K->78572K(175104K)] 533920K->492938K(699392K), 0.0107622 secs] [Times: user=0.16 sys=0.01, real=0.01 secs] 
2016-09-25T23:00:08.305-0400: 65.988: [GC (GCLocker Initiated GC) [PSYoungGen: 166636K->66333K(175104K)] 590619K->513014K(699392K), 0.0081043 secs] [Times: user=0.13 sys=0.00, real=0.00 secs] 
2016-09-25T23:00:08.349-0400: 66.032: [GC (GCLocker Initiated GC) [PSYoungGen: 154397K->79693K(175104K)] 604007K->562845K(699392K), 0.0092857 secs] [Times: user=0.13 sys=0.01, real=0.01 secs] 
2016-09-25T23:00:08.358-0400: 66.042: [Full GC (Ergonomics) [PSYoungGen: 79693K->0K(175104K)] [ParOldGen: 483151K->363143K(524288K)] 562845K->363143K(699392K), [Metaspace: 43774K->43774K(1087488K)], 0.0656033 secs] [Times: user=0.54 sys=0.00, real=0.07 secs] 
2016-09-25T23:00:08.478-0400: 66.162: [GC (GCLocker Initiated GC) [PSYoungGen: 88064K->79031K(175104K)] 459534K->450501K(699392K), 0.0078790 secs] [Times: user=0.10 sys=0.01, real=0.01 secs] 
2016-09-25T23:00:08.533-0400: 66.216: [GC (GCLocker Initiated GC) [PSYoungGen: 167095K->64892K(175104K)] 544235K->470670K(699392K), 0.0097638 secs] [Times: user=0.12 sys=0.00, real=0.02 secs] 
2016-09-25T23:00:08.587-0400: 66.270: [GC (GCLocker Initiated GC) [PSYoungGen: 152956K->70275K(175104K)] 568299K->508132K(699392K), 0.0075510 secs] [Times: user=0.09 sys=0.00, real=0.01 secs] 
2016-09-25T23:00:08.652-0400: 66.335: [GC (GCLocker Initiated GC) [PSYoungGen: 158339K->40217K(175104K)] 601740K->503539K(699392K), 0.0065860 secs] [Times: user=0.08 sys=0.00, real=0.01 secs] 
2016-09-25T23:00:08.697-0400: 66.380: [GC (GCLocker Initiated GC) [PSYoungGen: 128281K->83934K(175104K)] 591640K->560090K(699392K), 0.0075206 secs] [Times: user=0.12 sys=0.00, real=0.01 secs] 
2016-09-25T23:00:08.704-0400: 66.387: [Full GC (Ergonomics) [PSYoungGen: 83934K->0K(175104K)] [ParOldGen: 476156K->360692K(524288K)] 560090K->360692K(699392K), [Metaspace: 43774K->43774K(1087488K)], 0.0605146 secs] [Times: user=0.60 sys=0.00, real=0.06 secs] 
2016-09-25T23:00:08.821-0400: 66.504: [GC (GCLocker Initiated GC) [PSYoungGen: 88064K->60038K(175104K)] 458294K->430269K(699392K), 0.0112582 secs] [Times: user=0.10 sys=0.00, real=0.01 secs] 
2016-09-25T23:00:08.888-0400: 66.571: [GC (GCLocker Initiated GC) [PSYoungGen: 148102K->51293K(175104K)] 521095K->443420K(699392K), 0.0067451 secs] [Times: user=0.07 sys=0.01, real=0.01 secs] 
2016-09-25T23:00:08.926-0400: 66.609: [GC (GCLocker Initiated GC) [PSYoungGen: 139357K->68863K(175104K)] 534293K->487589K(699392K), 0.0113726 secs] [Times: user=0.07 sys=0.01, real=0.01 secs] 
2016-09-25T23:00:08.992-0400: 66.675: [GC (GCLocker Initiated GC) [PSYoungGen: 156927K->60750K(175104K)] 577028K->502208K(699392K), 0.0090513 secs] [Times: user=0.13 sys=0.00, real=0.01 secs] 
2016-09-25T23:00:09.039-0400: 66.722: [GC (GCLocker Initiated GC) [PSYoungGen: 148814K->53758K(175104K)] 590377K->519210K(699392K), 0.0077260 secs] [Times: user=0.07 sys=0.01, real=0.01 secs] 
2016-09-25T23:00:09.094-0400: 66.777: [GC (GCLocker Initiated GC) [PSYoungGen: 141822K->50273K(175104K)] 612785K->550313K(699392K), 0.0081073 secs] [Times: user=0.09 sys=0.01, real=0.01 secs] 
2016-09-25T23:00:09.103-0400: 66.786: [Full GC (Ergonomics) [PSYoungGen: 50273K->0K(175104K)] [ParOldGen: 500040K->358884K(524288K)] 550313K->358884K(699392K), [Metaspace: 43775K->43775K(1087488K)], 0.0547755 secs] [Times: user=0.50 sys=0.00, real=0.05 secs] 
2016-09-25T23:00:09.210-0400: 66.893: [GC (GCLocker Initiated GC) [PSYoungGen: 88064K->74910K(175104K)] 449843K->436689K(699392K), 0.0093284 secs] [Times: user=0.10 sys=0.01, real=0.01 secs] 
2016-09-25T23:00:09.276-0400: 66.959: [GC (GCLocker Initiated GC) [PSYoungGen: 162974K->67497K(175104K)] 527523K->447041K(699392K), 0.0105785 secs] [Times: user=0.13 sys=0.00, real=0.01 secs] 
2016-09-25T23:00:09.332-0400: 67.015: [GC (GCLocker Initiated GC) [PSYoungGen: 155561K->62090K(175104K)] 535171K->461464K(699392K), 0.0072688 secs] [Times: user=0.10 sys=0.00, real=0.01 secs] 
2016-09-25T23:00:09.382-0400: 67.065: [GC (GCLocker Initiated GC) [PSYoungGen: 150154K->58403K(175104K)] 549995K->492882K(699392K), 0.0076126 secs] [Times: user=0.12 sys=0.00, real=0.01 secs] 
2016-09-25T23:00:09.434-0400: 67.117: [GC (GCLocker Initiated GC) [PSYoungGen: 146467K->55460K(175104K)] 589134K->506100K(699392K), 0.0111877 secs] [Times: user=0.13 sys=0.00, real=0.02 secs] 
2016-09-25T23:00:09.514-0400: 67.197: [GC (GCLocker Initiated GC) [PSYoungGen: 143524K->58052K(173056K)] 599685K->545094K(697344K), 0.0192313 secs] [Times: user=0.18 sys=0.00, real=0.02 secs] 
2016-09-25T23:00:09.533-0400: 67.216: [Full GC (Ergonomics) [PSYoungGen: 58052K->0K(173056K)] [ParOldGen: 487041K->365296K(524288K)] 545094K->365296K(697344K), [Metaspace: 43775K->43775K(1087488K)], 0.0697907 secs] [Times: user=0.58 sys=0.01, real=0.08 secs] 
2016-09-25T23:00:09.636-0400: 67.319: [GC (GCLocker Initiated GC) [PSYoungGen: 88064K->85758K(174080K)] 456297K->453992K(698368K), 0.0127066 secs] [Times: user=0.18 sys=0.00, real=0.01 secs] 
2016-09-25T23:00:09.703-0400: 67.386: [GC (GCLocker Initiated GC) [PSYoungGen: 173822K->50017K(175104K)] 556507K->453132K(699392K), 0.0102377 secs] [Times: user=0.13 sys=0.01, real=0.00 secs] 
2016-09-25T23:00:09.778-0400: 67.461: [GC (GCLocker Initiated GC) [PSYoungGen: 138081K->61797K(175104K)] 541345K->480920K(699392K), 0.0101580 secs] [Times: user=0.12 sys=0.00, real=0.01 secs] 
2016-09-25T23:00:09.837-0400: 67.520: [GC (GCLocker Initiated GC) [PSYoungGen: 149861K->67334K(175104K)] 571733K->519497K(699392K), 0.0079480 secs] [Times: user=0.13 sys=0.01, real=0.01 secs] 
2016-09-25T23:00:09.889-0400: 67.572: [GC (GCLocker Initiated GC) [PSYoungGen: 155398K->62328K(150528K)] 607651K->550453K(674816K), 0.0082801 secs] [Times: user=0.13 sys=0.00, real=0.01 secs] 
2016-09-25T23:00:09.897-0400: 67.580: [Full GC (Ergonomics) [PSYoungGen: 62328K->0K(150528K)] [ParOldGen: 488124K->365358K(524288K)] 550453K->365358K(674816K), [Metaspace: 43775K->43775K(1087488K)], 0.1012934 secs] [Times: user=0.85 sys=0.01, real=0.10 secs] 
2016-09-25T23:00:10.049-0400: 67.732: [GC (GCLocker Initiated GC) [PSYoungGen: 88064K->84684K(173056K)] 459011K->463732K(697344K), 0.0085667 secs] [Times: user=0.10 sys=0.00, real=0.01 secs] 
2016-09-25T23:00:10.129-0400: 67.812: [GC (GCLocker Initiated GC) [PSYoungGen: 171724K->36347K(174080K)] 554190K->466507K(698368K), 0.0113680 secs] [Times: user=0.18 sys=0.00, real=0.01 secs] 
2016-09-25T23:00:10.200-0400: 67.883: [GC (GCLocker Initiated GC) [PSYoungGen: 123387K->77077K(175104K)] 559102K->523038K(699392K), 0.0135130 secs] [Times: user=0.20 sys=0.00, real=0.01 secs] 
2016-09-25T23:00:10.254-0400: 67.937: [GC (GCLocker Initiated GC) [PSYoungGen: 165141K->68804K(175104K)] 611267K->561755K(699392K), 0.0099769 secs] [Times: user=0.15 sys=0.00, real=0.02 secs] 
2016-09-25T23:00:10.264-0400: 67.947: [Full GC (Ergonomics) [PSYoungGen: 68804K->0K(175104K)] [ParOldGen: 492951K->373151K(524288K)] 561755K->373151K(699392K), [Metaspace: 43775K->43775K(1087488K)], 0.0601905 secs] [Times: user=0.54 sys=0.01, real=0.06 secs] 
2016-09-25T23:00:10.382-0400: 68.065: [GC (GCLocker Initiated GC) [PSYoungGen: 88064K->77515K(175104K)] 463944K->453396K(699392K), 0.0111016 secs] [Times: user=0.09 sys=0.01, real=0.00 secs] 
2016-09-25T23:00:10.447-0400: 68.130: [GC (GCLocker Initiated GC) [PSYoungGen: 165579K->68812K(175104K)] 549634K->463672K(699392K), 0.0132583 secs] [Times: user=0.16 sys=0.00, real=0.01 secs] 
2016-09-25T23:00:10.506-0400: 68.189: [GC (GCLocker Initiated GC) [PSYoungGen: 156876K->64728K(175104K)] 554872K->481246K(699392K), 0.0070290 secs] [Times: user=0.08 sys=0.00, real=0.00 secs] 
2016-09-25T23:00:10.555-0400: 68.238: [GC (GCLocker Initiated GC) [PSYoungGen: 152792K->79562K(175104K)] 572133K->514518K(699392K), 0.0158901 secs] [Times: user=0.24 sys=0.01, real=0.01 secs] 
2016-09-25T23:00:10.637-0400: 68.320: [GC (GCLocker Initiated GC) [PSYoungGen: 167626K->47311K(175104K)] 605419K->522343K(699392K), 0.0117335 secs] [Times: user=0.14 sys=0.01, real=0.01 secs] 
2016-09-25T23:00:10.649-0400: 68.332: [Full GC (Ergonomics) [PSYoungGen: 47311K->0K(175104K)] [ParOldGen: 475032K->363710K(524288K)] 522343K->363710K(699392K), [Metaspace: 43775K->43775K(1087488K)], 0.0595964 secs] [Times: user=0.56 sys=0.00, real=0.06 secs] 
2016-09-25T23:00:10.756-0400: 68.439: [GC (GCLocker Initiated GC) [PSYoungGen: 88064K->52595K(175104K)] 458579K->423111K(699392K), 0.0138174 secs] [Times: user=0.13 sys=0.00, real=0.01 secs] 
2016-09-25T23:00:10.814-0400: 68.497: [GC (GCLocker Initiated GC) [PSYoungGen: 140659K->68993K(175104K)] 511284K->462181K(699392K), 0.0135755 secs] [Times: user=0.14 sys=0.00, real=0.01 secs] 
2016-09-25T23:00:10.887-0400: 68.570: [GC (GCLocker Initiated GC) [PSYoungGen: 157057K->83517K(175104K)] 550369K->494090K(699392K), 0.0084679 secs] [Times: user=0.10 sys=0.01, real=0.01 secs] 
2016-09-25T23:00:10.936-0400: 68.619: [GC (GCLocker Initiated GC) [PSYoungGen: 171581K->58198K(175104K)] 591718K->503326K(699392K), 0.0075078 secs] [Times: user=0.08 sys=0.01, real=0.01 secs] 
2016-09-25T23:00:10.977-0400: 68.660: [GC (GCLocker Initiated GC) [PSYoungGen: 146262K->71559K(175104K)] 596870K->555594K(699392K), 0.0093278 secs] [Times: user=0.14 sys=0.00, real=0.01 secs] 
2016-09-25T23:00:10.986-0400: 68.669: [Full GC (Ergonomics) [PSYoungGen: 71559K->0K(175104K)] [ParOldGen: 484034K->386204K(524288K)] 555594K->386204K(699392K), [Metaspace: 43775K->43775K(1087488K)], 0.0560440 secs] [Times: user=0.44 sys=0.02, real=0.06 secs] 
2016-09-25T23:00:11.099-0400: 68.782: [GC (GCLocker Initiated GC) [PSYoungGen: 88064K->69408K(175104K)] 480116K->461461K(699392K), 0.0064493 secs] [Times: user=0.09 sys=0.00, real=0.01 secs] 
2016-09-25T23:00:11.153-0400: 68.836: [GC (GCLocker Initiated GC) [PSYoungGen: 157472K->68543K(175104K)] 555018K->476960K(699392K), 0.0111495 secs] [Times: user=0.11 sys=0.00, real=0.02 secs] 
2016-09-25T23:00:11.217-0400: 68.900: [GC (GCLocker Initiated GC) [PSYoungGen: 156607K->63376K(175104K)] 571879K->484667K(699392K), 0.0104066 secs] [Times: user=0.13 sys=0.00, real=0.01 secs] 
2016-09-25T23:00:11.276-0400: 68.959: [GC (GCLocker Initiated GC) [PSYoungGen: 151440K->38709K(175104K)] 579791K->507006K(699392K), 0.0132006 secs] [Times: user=0.17 sys=0.00, real=0.01 secs] 
2016-09-25T23:00:11.332-0400: 69.015: [GC (GCLocker Initiated GC) [PSYoungGen: 126773K->60371K(175104K)] 595194K->556486K(699392K), 0.0103971 secs] [Times: user=0.08 sys=0.00, real=0.01 secs] 
2016-09-25T23:00:11.342-0400: 69.025: [Full GC (Ergonomics) [PSYoungGen: 60371K->0K(175104K)] [ParOldGen: 496114K->377616K(524288K)] 556486K->377616K(699392K), [Metaspace: 43792K->43792K(1087488K)], 0.0589151 secs] [Times: user=0.58 sys=0.00, real=0.05 secs] 
2016-09-25T23:00:11.449-0400: 69.133: [GC (GCLocker Initiated GC) [PSYoungGen: 88064K->73620K(175104K)] 491675K->477231K(699392K), 0.0095899 secs] [Times: user=0.14 sys=0.01, real=0.01 secs] 
2016-09-25T23:00:11.504-0400: 69.187: [GC (GCLocker Initiated GC) [PSYoungGen: 161684K->51050K(175104K)] 568083K->487381K(699392K), 0.0088192 secs] [Times: user=0.13 sys=0.00, real=0.00 secs] 
2016-09-25T23:00:11.558-0400: 69.241: [GC (GCLocker Initiated GC) [PSYoungGen: 139114K->62174K(175104K)] 581023K->524946K(699392K), 0.0084876 secs] [Times: user=0.07 sys=0.00, real=0.01 secs] 
2016-09-25T23:00:11.615-0400: 69.298: [GC (GCLocker Initiated GC) [PSYoungGen: 150238K->62173K(172032K)] 613097K->550416K(696320K), 0.0069530 secs] [Times: user=0.08 sys=0.01, real=0.00 secs] 
2016-09-25T23:00:11.622-0400: 69.305: [Full GC (Ergonomics) [PSYoungGen: 62173K->0K(172032K)] [ParOldGen: 488242K->379341K(524288K)] 550416K->379341K(696320K), [Metaspace: 43792K->43792K(1087488K)], 0.0646558 secs] [Times: user=0.57 sys=0.00, real=0.07 secs] 
2016-09-25T23:00:11.725-0400: 69.408: [GC (GCLocker Initiated GC) [PSYoungGen: 88064K->80360K(173568K)] 472901K->465197K(697856K), 0.0067227 secs] [Times: user=0.10 sys=0.00, real=0.00 secs] 
2016-09-25T23:00:11.783-0400: 69.466: [GC (GCLocker Initiated GC) [PSYoungGen: 168424K->80815K(175104K)] 553319K->476696K(699392K), 0.0074210 secs] [Times: user=0.11 sys=0.00, real=0.00 secs] 
2016-09-25T23:00:11.835-0400: 69.518: [GC (GCLocker Initiated GC) [PSYoungGen: 168879K->77057K(175104K)] 572914K->516917K(699392K), 0.0082853 secs] [Times: user=0.12 sys=0.01, real=0.01 secs] 
2016-09-25T23:00:11.886-0400: 69.569: [GC (GCLocker Initiated GC) [PSYoungGen: 165121K->56542K(175104K)] 605044K->525719K(699392K), 0.0102339 secs] [Times: user=0.15 sys=0.00, real=0.01 secs] 
2016-09-25T23:00:11.933-0400: 69.616: [GC (GCLocker Initiated GC) [PSYoungGen: 144606K->66215K(175104K)] 613973K->556620K(699392K), 0.0072148 secs] [Times: user=0.08 sys=0.00, real=0.01 secs] 
2016-09-25T23:00:11.941-0400: 69.624: [Full GC (Ergonomics) [PSYoungGen: 66215K->0K(175104K)] [ParOldGen: 490404K->381346K(524288K)] 556620K->381346K(699392K), [Metaspace: 43794K->43794K(1087488K)], 0.0569975 secs] [Times: user=0.46 sys=0.00, real=0.06 secs] 
2016-09-25T23:00:12.047-0400: 69.730: [GC (GCLocker Initiated GC) [PSYoungGen: 88064K->78520K(175104K)] 469465K->459921K(699392K), 0.0093047 secs] [Times: user=0.10 sys=0.01, real=0.01 secs] 
2016-09-25T23:00:12.105-0400: 69.788: [GC (GCLocker Initiated GC) [PSYoungGen: 166584K->68887K(175104K)] 557690K->469151K(699392K), 0.0101166 secs] [Times: user=0.10 sys=0.00, real=0.01 secs] 
2016-09-25T23:00:12.161-0400: 69.844: [GC (GCLocker Initiated GC) [PSYoungGen: 156951K->53682K(175104K)] 560052K->477995K(699392K), 0.0103193 secs] [Times: user=0.10 sys=0.00, real=0.01 secs] 
2016-09-25T23:00:12.218-0400: 69.901: [GC (GCLocker Initiated GC) [PSYoungGen: 141746K->80815K(175104K)] 569019K->519584K(699392K), 0.0108897 secs] [Times: user=0.16 sys=0.00, real=0.01 secs] 
2016-09-25T23:00:12.280-0400: 69.963: [GC (GCLocker Initiated GC) [PSYoungGen: 168879K->70017K(175104K)] 613272K->528571K(699392K), 0.0086098 secs] [Times: user=0.13 sys=0.00, real=0.01 secs] 
2016-09-25T23:00:12.329-0400: 70.012: [GC (GCLocker Initiated GC) [PSYoungGen: 158081K->65929K(175104K)] 619604K->552411K(699392K), 0.0078053 secs] [Times: user=0.12 sys=0.00, real=0.01 secs] 
2016-09-25T23:00:12.337-0400: 70.020: [Full GC (Ergonomics) [PSYoungGen: 65929K->0K(175104K)] [ParOldGen: 486481K->380931K(524288K)] 552411K->380931K(699392K), [Metaspace: 43794K->43794K(1087488K)], 0.0691564 secs] [Times: user=0.44 sys=0.00, real=0.07 secs] 
2016-09-25T23:00:12.451-0400: 70.134: [GC (GCLocker Initiated GC) [PSYoungGen: 88064K->53016K(175104K)] 473115K->438075K(699392K), 0.0094530 secs] [Times: user=0.09 sys=0.00, real=0.01 secs] 
2016-09-25T23:00:12.506-0400: 70.189: [GC (GCLocker Initiated GC) [PSYoungGen: 141080K->59056K(175104K)] 526181K->483390K(699392K), 0.0082719 secs] [Times: user=0.12 sys=0.00, real=0.01 secs] 
2016-09-25T23:00:12.553-0400: 70.236: [GC (GCLocker Initiated GC) [PSYoungGen: 147120K->60579K(175104K)] 574265K->507194K(699392K), 0.0088634 secs] [Times: user=0.10 sys=0.00, real=0.01 secs] 
2016-09-25T23:00:12.617-0400: 70.300: [GC (GCLocker Initiated GC) [PSYoungGen: 148643K->61909K(150016K)] 595357K->537692K(674304K), 0.0094223 secs] [Times: user=0.13 sys=0.00, real=0.01 secs] 
2016-09-25T23:00:12.660-0400: 70.343: [GC (GCLocker Initiated GC) [PSYoungGen: 149973K->85753K(173056K)] 625882K->577863K(697344K), 0.0140069 secs] [Times: user=0.18 sys=0.01, real=0.02 secs] 
2016-09-25T23:00:12.674-0400: 70.357: [Full GC (Ergonomics) [PSYoungGen: 85753K->0K(173056K)] [ParOldGen: 492109K->390856K(524288K)] 577863K->390856K(697344K), [Metaspace: 43802K->43802K(1087488K)], 0.0514837 secs] [Times: user=0.51 sys=0.00, real=0.05 secs] 
2016-09-25T23:00:12.778-0400: 70.461: [GC (GCLocker Initiated GC) [PSYoungGen: 87040K->81215K(174080K)] 486115K->480290K(698368K), 0.0092908 secs] [Times: user=0.13 sys=0.01, real=0.01 secs] 
2016-09-25T23:00:12.837-0400: 70.521: [GC (GCLocker Initiated GC) [PSYoungGen: 168255K->70097K(175104K)] 571455K->497344K(699392K), 0.0085878 secs] [Times: user=0.10 sys=0.01, real=0.01 secs] 
2016-09-25T23:00:12.896-0400: 70.579: [GC (GCLocker Initiated GC) [PSYoungGen: 158161K->71388K(175104K)] 585595K->513105K(699392K), 0.0070635 secs] [Times: user=0.10 sys=0.01, real=0.01 secs] 
2016-09-25T23:00:12.947-0400: 70.630: [GC (GCLocker Initiated GC) [PSYoungGen: 159452K->60612K(175104K)] 609478K->546469K(699392K), 0.0098050 secs] [Times: user=0.10 sys=0.00, real=0.01 secs] 
2016-09-25T23:00:12.957-0400: 70.640: [Full GC (Ergonomics) [PSYoungGen: 60612K->0K(175104K)] [ParOldGen: 485857K->386881K(524288K)] 546469K->386881K(699392K), [Metaspace: 43802K->43802K(1087488K)], 0.0638831 secs] [Times: user=0.55 sys=0.00, real=0.06 secs] 
2016-09-25T23:00:13.077-0400: 70.760: [GC (GCLocker Initiated GC) [PSYoungGen: 88064K->73088K(175104K)] 487156K->472180K(699392K), 0.0092002 secs] [Times: user=0.11 sys=0.00, real=0.01 secs] 
2016-09-25T23:00:13.136-0400: 70.820: [GC (GCLocker Initiated GC) [PSYoungGen: 161152K->57741K(175104K)] 569802K->487643K(699392K), 0.0080243 secs] [Times: user=0.08 sys=0.00, real=0.01 secs] 
2016-09-25T23:00:13.189-0400: 70.872: [GC (GCLocker Initiated GC) [PSYoungGen: 145805K->57738K(175104K)] 581194K->530242K(699392K), 0.0094474 secs] [Times: user=0.12 sys=0.00, real=0.01 secs] 
2016-09-25T23:00:13.238-0400: 70.921: [Full GC (Ergonomics) [PSYoungGen: 145802K->0K(175104K)] [ParOldGen: 480787K->396469K(524288K)] 626590K->396469K(699392K), [Metaspace: 43802K->43802K(1087488K)], 0.0607608 secs] [Times: user=0.50 sys=0.00, real=0.06 secs] 
2016-09-25T23:00:13.346-0400: 71.029: [GC (GCLocker Initiated GC) [PSYoungGen: 88064K->55444K(175104K)] 496000K->463380K(699392K), 0.0097168 secs] [Times: user=0.07 sys=0.00, real=0.01 secs] 
2016-09-25T23:00:13.411-0400: 71.094: [GC (GCLocker Initiated GC) [PSYoungGen: 143508K->46850K(175104K)] 563756K->469436K(699392K), 0.0064231 secs] [Times: user=0.08 sys=0.00, real=0.01 secs] 
2016-09-25T23:00:13.459-0400: 71.142: [GC (GCLocker Initiated GC) [PSYoungGen: 134914K->79097K(175104K)] 557772K->510673K(699392K), 0.0072159 secs] [Times: user=0.09 sys=0.00, real=0.01 secs] 
2016-09-25T23:00:13.509-0400: 71.192: [GC (GCLocker Initiated GC) [PSYoungGen: 167161K->56344K(175104K)] 598906K->527604K(699392K), 0.0096803 secs] [Times: user=0.14 sys=0.01, real=0.01 secs] 
2016-09-25T23:00:13.519-0400: 71.202: [Full GC (Ergonomics) [PSYoungGen: 56344K->0K(175104K)] [ParOldGen: 471260K->384203K(524288K)] 527604K->384203K(699392K), [Metaspace: 43802K->43802K(1087488K)], 0.0575307 secs] [Times: user=0.46 sys=0.00, real=0.06 secs] 
2016-09-25T23:00:13.614-0400: 71.297: [GC (GCLocker Initiated GC) [PSYoungGen: 88064K->75600K(175104K)] 475010K->462547K(699392K), 0.0062302 secs] [Times: user=0.09 sys=0.00, real=0.00 secs] 
2016-09-25T23:00:13.657-0400: 71.340: [GC (GCLocker Initiated GC) [PSYoungGen: 163664K->76873K(175104K)] 554854K->489191K(699392K), 0.0094871 secs] [Times: user=0.14 sys=0.00, real=0.01 secs] 
2016-09-25T23:00:13.723-0400: 71.406: [GC (GCLocker Initiated GC) [PSYoungGen: 164937K->53514K(175104K)] 585601K->504680K(699392K), 0.0099847 secs] [Times: user=0.11 sys=0.00, real=0.00 secs] 
2016-09-25T23:00:13.769-0400: 71.452: [GC (GCLocker Initiated GC) [PSYoungGen: 141578K->74126K(175104K)] 592833K->540671K(699392K), 0.0099932 secs] [Times: user=0.14 sys=0.01, real=0.01 secs] 
2016-09-25T23:00:13.817-0400: 71.500: [GC (GCLocker Initiated GC) [PSYoungGen: 162190K->72554K(175104K)] 628865K->560218K(699392K), 0.0097027 secs] [Times: user=0.14 sys=0.00, real=0.01 secs] 
2016-09-25T23:00:13.826-0400: 71.510: [Full GC (Ergonomics) [PSYoungGen: 72554K->0K(175104K)] [ParOldGen: 487663K->391209K(524288K)] 560218K->391209K(699392K), [Metaspace: 43803K->43803K(1087488K)], 0.0605571 secs] [Times: user=0.50 sys=0.02, real=0.06 secs] 
2016-09-25T23:00:13.933-0400: 71.616: [GC (GCLocker Initiated GC) [PSYoungGen: 88064K->74234K(175104K)] 484750K->470920K(699392K), 0.0061785 secs] [Times: user=0.09 sys=0.00, real=0.01 secs] 
2016-09-25T23:00:13.982-0400: 71.665: [GC (GCLocker Initiated GC) [PSYoungGen: 162298K->57695K(175104K)] 565891K->471560K(699392K), 0.0136353 secs] [Times: user=0.16 sys=0.00, real=0.02 secs] 
2016-09-25T23:00:14.038-0400: 71.721: [GC (GCLocker Initiated GC) [PSYoungGen: 145759K->46842K(175104K)] 561046K->499271K(699392K), 0.0076025 secs] [Times: user=0.09 sys=0.00, real=0.01 secs] 
2016-09-25T23:00:14.078-0400: 71.761: [GC (GCLocker Initiated GC) [PSYoungGen: 134906K->68470K(175104K)] 590223K->551217K(699392K), 0.0080974 secs] [Times: user=0.09 sys=0.01, real=0.01 secs] 
2016-09-25T23:00:14.086-0400: 71.769: [Full GC (Ergonomics) [PSYoungGen: 68470K->0K(175104K)] [ParOldGen: 482747K->394980K(524288K)] 551217K->394980K(699392K), [Metaspace: 43803K->43803K(1087488K)], 0.0640716 secs] [Times: user=0.44 sys=0.02, real=0.06 secs] 
2016-09-25T23:00:14.197-0400: 71.880: [GC (GCLocker Initiated GC) [PSYoungGen: 88064K->55074K(175104K)] 488560K->455570K(699392K), 0.0176621 secs] [Times: user=0.14 sys=0.01, real=0.02 secs] 
2016-09-25T23:00:14.265-0400: 71.948: [GC (GCLocker Initiated GC) [PSYoungGen: 143138K->45273K(175104K)] 550463K->462810K(699392K), 0.0089293 secs] [Times: user=0.06 sys=0.00, real=0.00 secs] 
2016-09-25T23:00:14.307-0400: 71.990: [GC (GCLocker Initiated GC) [PSYoungGen: 133337K->52268K(175104K)] 556456K->489308K(699392K), 0.0078304 secs] [Times: user=0.05 sys=0.00, real=0.01 secs] 
2016-09-25T23:00:14.358-0400: 72.041: [GC (GCLocker Initiated GC) [PSYoungGen: 140332K->56316K(175104K)] 595159K->537310K(699392K), 0.0078385 secs] [Times: user=0.10 sys=0.00, real=0.01 secs] 
2016-09-25T23:00:14.366-0400: 72.049: [Full GC (Ergonomics) [PSYoungGen: 56316K->0K(175104K)] [ParOldGen: 480993K->398799K(524288K)] 537310K->398799K(699392K), [Metaspace: 43804K->43804K(1087488K)], 0.0844751 secs] [Times: user=0.65 sys=0.01, real=0.08 secs] 
2016-09-25T23:00:14.511-0400: 72.194: [GC (GCLocker Initiated GC) [PSYoungGen: 88064K->65820K(175104K)] 491220K->468977K(699392K), 0.0074771 secs] [Times: user=0.09 sys=0.00, real=0.01 secs] 
2016-09-25T23:00:14.549-0400: 72.232: [GC (GCLocker Initiated GC) [PSYoungGen: 153884K->68264K(175104K)] 559868K->504553K(699392K), 0.0109353 secs] [Times: user=0.09 sys=0.00, real=0.01 secs] 
2016-09-25T23:00:14.598-0400: 72.281: [GC (GCLocker Initiated GC) [PSYoungGen: 156328K->73808K(175104K)] 598060K->541643K(699392K), 0.0130898 secs] [Times: user=0.15 sys=0.00, real=0.01 secs] 
2016-09-25T23:00:14.677-0400: 72.360: [GC (GCLocker Initiated GC) [PSYoungGen: 161872K->61766K(175104K)] 632588K->545057K(699392K), 0.0124633 secs] [Times: user=0.16 sys=0.00, real=0.01 secs] 
2016-09-25T23:00:14.690-0400: 72.373: [Full GC (Ergonomics) [PSYoungGen: 61766K->0K(175104K)] [ParOldGen: 483291K->390594K(524288K)] 545057K->390594K(699392K), [Metaspace: 43804K->43804K(1087488K)], 0.1918093 secs] [Times: user=2.77 sys=0.01, real=0.19 secs] 
2016-09-25T23:00:14.951-0400: 72.634: [GC (GCLocker Initiated GC) [PSYoungGen: 88064K->57870K(146432K)] 488229K->458035K(670720K), 0.0075943 secs] [Times: user=0.08 sys=0.01, real=0.01 secs] 
2016-09-25T23:00:14.992-0400: 72.675: [GC (GCLocker Initiated GC) [PSYoungGen: 145934K->83967K(172032K)] 546232K->495065K(696320K), 0.0078541 secs] [Times: user=0.11 sys=0.01, real=0.01 secs] 
2016-09-25T23:00:15.037-0400: 72.720: [GC (GCLocker Initiated GC) [PSYoungGen: 170495K->82332K(173568K)] 582628K->496482K(697856K), 0.0110124 secs] [Times: user=0.18 sys=0.00, real=0.01 secs] 
2016-09-25T23:00:15.113-0400: 72.797: [GC (GCLocker Initiated GC) [PSYoungGen: 168860K->53470K(175104K)] 587164K->506365K(699392K), 0.0113383 secs] [Times: user=0.17 sys=0.02, real=0.02 secs] 
2016-09-25T23:00:15.169-0400: 72.852: [GC (GCLocker Initiated GC) [PSYoungGen: 141534K->61780K(175104K)] 601365K->530062K(699392K), 0.0074105 secs] [Times: user=0.09 sys=0.00, real=0.01 secs] 
2016-09-25T23:00:15.216-0400: 72.899: [GC (GCLocker Initiated GC) [PSYoungGen: 149844K->54822K(175104K)] 623753K->560338K(699392K), 0.0070524 secs] [Times: user=0.10 sys=0.00, real=0.01 secs] 
2016-09-25T23:00:15.223-0400: 72.906: [Full GC (Ergonomics) [PSYoungGen: 54822K->0K(175104K)] [ParOldGen: 505516K->387991K(524288K)] 560338K->387991K(699392K), [Metaspace: 43804K->43804K(1087488K)], 0.0796120 secs] [Times: user=0.62 sys=0.00, real=0.08 secs] 
2016-09-25T23:00:15.369-0400: 73.052: [GC (GCLocker Initiated GC) [PSYoungGen: 88064K->68582K(175104K)] 480306K->460824K(699392K), 0.0105857 secs] [Times: user=0.11 sys=0.01, real=0.01 secs] 
2016-09-25T23:00:15.413-0400: 73.096: [GC (GCLocker Initiated GC) [PSYoungGen: 156646K->71051K(175104K)] 548998K->485642K(699392K), 0.0103047 secs] [Times: user=0.13 sys=0.01, real=0.02 secs] 
2016-09-25T23:00:15.461-0400: 73.144: [GC (GCLocker Initiated GC) [PSYoungGen: 159115K->61744K(175104K)] 573802K->503808K(699392K), 0.0075178 secs] [Times: user=0.11 sys=0.00, real=0.01 secs] 
2016-09-25T23:00:15.519-0400: 73.202: [GC (GCLocker Initiated GC) [PSYoungGen: 149808K->82012K(175104K)] 600182K->535643K(699392K), 0.0113271 secs] [Times: user=0.14 sys=0.01, real=0.01 secs] 
2016-09-25T23:00:15.591-0400: 73.274: [GC (GCLocker Initiated GC) [PSYoungGen: 170076K->79181K(175104K)] 634630K->556385K(699392K), 0.0120127 secs] [Times: user=0.19 sys=0.00, real=0.02 secs] 
2016-09-25T23:00:15.638-0400: 73.321: [GC (GCLocker Initiated GC) [PSYoungGen: 167245K->57563K(175104K)] 644799K->573341K(699392K), 0.0079032 secs] [Times: user=0.11 sys=0.00, real=0.01 secs] 
2016-09-25T23:00:15.646-0400: 73.329: [Full GC (Ergonomics) [PSYoungGen: 57563K->0K(175104K)] [ParOldGen: 515777K->393737K(524288K)] 573341K->393737K(699392K), [Metaspace: 43804K->43804K(1087488K)], 0.0534125 secs] [Times: user=0.49 sys=0.01, real=0.05 secs] 
2016-09-25T23:00:15.755-0400: 73.438: [GC (GCLocker Initiated GC) [PSYoungGen: 88064K->64626K(175104K)] 482572K->459135K(699392K), 0.0113320 secs] [Times: user=0.09 sys=0.00, real=0.01 secs] 
2016-09-25T23:00:15.814-0400: 73.497: [GC (GCLocker Initiated GC) [PSYoungGen: 152690K->61734K(175104K)] 550056K->492090K(699392K), 0.0142126 secs] [Times: user=0.18 sys=0.00, real=0.02 secs] 
2016-09-25T23:00:15.871-0400: 73.554: [GC (GCLocker Initiated GC) [PSYoungGen: 149798K->57676K(175104K)] 585688K->512923K(699392K), 0.0074609 secs] [Times: user=0.09 sys=0.00, real=0.01 secs] 
2016-09-25T23:00:15.908-0400: 73.591: [GC (GCLocker Initiated GC) [PSYoungGen: 145740K->68375K(175104K)] 601174K->556755K(699392K), 0.0104034 secs] [Times: user=0.09 sys=0.00, real=0.01 secs] 
2016-09-25T23:00:15.918-0400: 73.601: [Full GC (Ergonomics) [PSYoungGen: 68375K->0K(175104K)] [ParOldGen: 488380K->398237K(524288K)] 556755K->398237K(699392K), [Metaspace: 43804K->43804K(1087488K)], 0.0663904 secs] [Times: user=0.46 sys=0.01, real=0.07 secs] 
2016-09-25T23:00:16.026-0400: 73.709: [GC (GCLocker Initiated GC) [PSYoungGen: 88064K->69905K(175104K)] 491940K->473782K(699392K), 0.0072108 secs] [Times: user=0.07 sys=0.00, real=0.00 secs] 
2016-09-25T23:00:16.073-0400: 73.756: [GC (GCLocker Initiated GC) [PSYoungGen: 157969K->86550K(175104K)] 571513K->505493K(699392K), 0.0102008 secs] [Times: user=0.12 sys=0.01, real=0.02 secs] 
2016-09-25T23:00:16.126-0400: 73.809: [GC (GCLocker Initiated GC) [PSYoungGen: 174614K->46760K(175104K)] 599072K->511326K(699392K), 0.0094069 secs] [Times: user=0.14 sys=0.00, real=0.01 secs] 
2016-09-25T23:00:16.177-0400: 73.860: [Full GC (Ergonomics) [PSYoungGen: 134824K->0K(175104K)] [ParOldGen: 471457K->396228K(524288K)] 606282K->396228K(699392K), [Metaspace: 43804K->43804K(1087488K)], 0.0614703 secs] [Times: user=0.56 sys=0.01, real=0.06 secs] 
2016-09-25T23:00:16.286-0400: 73.969: [GC (GCLocker Initiated GC) [PSYoungGen: 88064K->84737K(175104K)] 490371K->500545K(699392K), 0.0102962 secs] [Times: user=0.16 sys=0.00, real=0.01 secs] 
2016-09-25T23:00:16.333-0400: 74.016: [GC (GCLocker Initiated GC) [PSYoungGen: 172801K->74997K(175104K)] 588829K->514562K(699392K), 0.0085309 secs] [Times: user=0.12 sys=0.01, real=0.01 secs] 
2016-09-25T23:00:16.379-0400: 74.062: [GC (GCLocker Initiated GC) [PSYoungGen: 163061K->84544K(175104K)] 609579K->546189K(699392K), 0.0085407 secs] [Times: user=0.12 sys=0.00, real=0.01 secs] 
2016-09-25T23:00:16.425-0400: 74.108: [GC (GCLocker Initiated GC) [PSYoungGen: 172608K->73897K(175104K)] 634340K->561681K(699392K), 0.0081487 secs] [Times: user=0.13 sys=0.00, real=0.00 secs] 
2016-09-25T23:00:16.433-0400: 74.116: [Full GC (Ergonomics) [PSYoungGen: 73897K->0K(175104K)] [ParOldGen: 487783K->397012K(524288K)] 561681K->397012K(699392K), [Metaspace: 43804K->43804K(1087488K)], 0.0642058 secs] [Times: user=0.57 sys=0.00, real=0.07 secs] 
2016-09-25T23:00:16.544-0400: 74.227: [GC (GCLocker Initiated GC) [PSYoungGen: 88064K->76829K(175104K)] 493428K->482193K(699392K), 0.0091869 secs] [Times: user=0.08 sys=0.00, real=0.00 secs] 
2016-09-25T23:00:16.603-0400: 74.286: [GC (GCLocker Initiated GC) [PSYoungGen: 164893K->52119K(175104K)] 575810K->473176K(699392K), 0.0085277 secs] [Times: user=0.08 sys=0.00, real=0.00 secs] 
2016-09-25T23:00:16.651-0400: 74.334: [GC (GCLocker Initiated GC) [PSYoungGen: 140183K->75127K(175104K)] 564047K->514321K(699392K), 0.0073484 secs] [Times: user=0.09 sys=0.00, real=0.01 secs] 
2016-09-25T23:00:16.698-0400: 74.381: [GC (GCLocker Initiated GC) [PSYoungGen: 163191K->63058K(175104K)] 607892K->528441K(699392K), 0.0092294 secs] [Times: user=0.15 sys=0.01, real=0.01 secs] 
2016-09-25T23:00:16.749-0400: 74.432: [GC (GCLocker Initiated GC) [PSYoungGen: 151122K->50722K(175104K)] 623404K->534230K(699392K), 0.0145901 secs] [Times: user=0.16 sys=0.01, real=0.02 secs] 
2016-09-25T23:00:16.764-0400: 74.447: [Full GC (Ergonomics) [PSYoungGen: 50722K->0K(175104K)] [ParOldGen: 483507K->400880K(524288K)] 534230K->400880K(699392K), [Metaspace: 43804K->43804K(1087488K)], 0.0570308 secs] [Times: user=0.55 sys=0.00, real=0.05 secs] 
2016-09-25T23:00:16.875-0400: 74.558: [GC (GCLocker Initiated GC) [PSYoungGen: 88064K->47043K(175104K)] 498604K->457584K(699392K), 0.0052227 secs] [Times: user=0.05 sys=0.00, real=0.00 secs] 
2016-09-25T23:00:16.927-0400: 74.610: [GC (GCLocker Initiated GC) [PSYoungGen: 135107K->53494K(175104K)] 545696K->483703K(699392K), 0.0067486 secs] [Times: user=0.07 sys=0.00, real=0.00 secs] 
2016-09-25T23:00:16.974-0400: 74.657: [GC (GCLocker Initiated GC) [PSYoungGen: 141558K->61862K(175104K)] 578674K->523752K(699392K), 0.0090629 secs] [Times: user=0.13 sys=0.01, real=0.02 secs] 
2016-09-25T23:00:17.027-0400: 74.710: [GC (GCLocker Initiated GC) [PSYoungGen: 149926K->68605K(175104K)] 614567K->556854K(699392K), 0.0076881 secs] [Times: user=0.11 sys=0.00, real=0.01 secs] 
2016-09-25T23:00:17.035-0400: 74.718: [Full GC (Ergonomics) [PSYoungGen: 68605K->0K(175104K)] [ParOldGen: 488249K->399226K(524288K)] 556854K->399226K(699392K), [Metaspace: 43804K->43804K(1087488K)], 0.0661718 secs] [Times: user=0.62 sys=0.01, real=0.06 secs] 
2016-09-25T23:00:17.138-0400: 74.821: [GC (GCLocker Initiated GC) [PSYoungGen: 88064K->82087K(175104K)] 487390K->481413K(699392K), 0.0097584 secs] [Times: user=0.13 sys=0.00, real=0.01 secs] 
2016-09-25T23:00:17.185-0400: 74.868: [GC (GCLocker Initiated GC) [PSYoungGen: 170151K->82163K(175104K)] 577683K->505160K(699392K), 0.0139648 secs] [Times: user=0.21 sys=0.00, real=0.01 secs] 
2016-09-25T23:00:17.239-0400: 74.922: [GC (GCLocker Initiated GC) [PSYoungGen: 170227K->49340K(175104K)] 593351K->510972K(699392K), 0.0074139 secs] [Times: user=0.10 sys=0.00, real=0.01 secs] 
2016-09-25T23:00:17.287-0400: 74.970: [GC (GCLocker Initiated GC) [PSYoungGen: 137404K->76924K(175104K)] 607215K->557853K(699392K), 0.0088486 secs] [Times: user=0.13 sys=0.00, real=0.01 secs] 
2016-09-25T23:00:17.296-0400: 74.979: [Full GC (Ergonomics) [PSYoungGen: 76924K->0K(175104K)] [ParOldGen: 480928K->403182K(524288K)] 557853K->403182K(699392K), [Metaspace: 43804K->43804K(1087488K)], 0.0719197 secs] [Times: user=0.68 sys=0.00, real=0.07 secs] 
2016-09-25T23:00:17.417-0400: 75.100: [GC (GCLocker Initiated GC) [PSYoungGen: 88064K->68690K(175104K)] 499611K->480238K(699392K), 0.0109475 secs] [Times: user=0.14 sys=0.03, real=0.01 secs] 
2016-09-25T23:00:17.476-0400: 75.159: [GC (GCLocker Initiated GC) [PSYoungGen: 156754K->42818K(175104K)] 579125K->507755K(699392K), 0.0094376 secs] [Times: user=0.15 sys=0.00, real=0.01 secs] 
2016-09-25T23:00:17.528-0400: 75.211: [GC (GCLocker Initiated GC) [PSYoungGen: 130882K->50942K(175104K)] 598624K->520523K(699392K), 0.0086505 secs] [Times: user=0.10 sys=0.00, real=0.01 secs] 
2016-09-25T23:00:17.586-0400: 75.269: [GC (GCLocker Initiated GC) [PSYoungGen: 139006K->56163K(175104K)] 608629K->552049K(699392K), 0.0074754 secs] [Times: user=0.08 sys=0.02, real=0.00 secs] 
2016-09-25T23:00:17.594-0400: 75.277: [Full GC (Ergonomics) [PSYoungGen: 56163K->0K(175104K)] [ParOldGen: 495885K->393483K(524288K)] 552049K->393483K(699392K), [Metaspace: 43804K->43804K(1087488K)], 0.0589580 secs] [Times: user=0.47 sys=0.01, real=0.06 secs] 
2016-09-25T23:00:17.691-0400: 75.374: [GC (GCLocker Initiated GC) [PSYoungGen: 88064K->85223K(175104K)] 487099K->486959K(699392K), 0.0134274 secs] [Times: user=0.17 sys=0.00, real=0.02 secs] 
2016-09-25T23:00:17.754-0400: 75.437: [GC (GCLocker Initiated GC) [PSYoungGen: 173287K->63304K(175104K)] 586286K->481364K(699392K), 0.0070470 secs] [Times: user=0.10 sys=0.00, real=0.00 secs] 
2016-09-25T23:00:17.811-0400: 75.494: [GC (GCLocker Initiated GC) [PSYoungGen: 151368K->72542K(175104K)] 570855K->503541K(699392K), 0.0106143 secs] [Times: user=0.14 sys=0.00, real=0.01 secs] 
2016-09-25T23:00:17.864-0400: 75.547: [GC (GCLocker Initiated GC) [PSYoungGen: 160606K->61826K(175104K)] 597151K->525819K(699392K), 0.0152010 secs] [Times: user=0.21 sys=0.00, real=0.01 secs] 
2016-09-25T23:00:17.926-0400: 75.609: [GC (GCLocker Initiated GC) [PSYoungGen: 149890K->56279K(175104K)] 617207K->539150K(699392K), 0.0093706 secs] [Times: user=0.13 sys=0.00, real=0.01 secs] 
2016-09-25T23:00:17.935-0400: 75.618: [Full GC (Ergonomics) [PSYoungGen: 56279K->0K(175104K)] [ParOldGen: 482870K->399740K(524288K)] 539150K->399740K(699392K), [Metaspace: 43804K->43804K(1087488K)], 0.0627242 secs] [Times: user=0.56 sys=0.00, real=0.06 secs] 
2016-09-25T23:00:18.037-0400: 75.720: [GC (GCLocker Initiated GC) [PSYoungGen: 88064K->68774K(175104K)] 493371K->474081K(699392K), 0.0072648 secs] [Times: user=0.09 sys=0.00, real=0.01 secs] 
2016-09-25T23:00:18.091-0400: 75.774: [GC (GCLocker Initiated GC) [PSYoungGen: 156838K->67201K(175104K)] 566330K->491059K(699392K), 0.0083871 secs] [Times: user=0.10 sys=0.00, real=0.01 secs] 
2016-09-25T23:00:18.137-0400: 75.820: [GC (GCLocker Initiated GC) [PSYoungGen: 155265K->65792K(175104K)] 579186K->509187K(699392K), 0.0091745 secs] [Times: user=0.15 sys=0.00, real=0.01 secs] 
2016-09-25T23:00:18.186-0400: 75.869: [GC (GCLocker Initiated GC) [PSYoungGen: 153856K->71499K(175104K)] 597834K->537597K(699392K), 0.0109900 secs] [Times: user=0.16 sys=0.00, real=0.01 secs] 
2016-09-25T23:00:18.242-0400: 75.925: [GC (GCLocker Initiated GC) [PSYoungGen: 159563K->43943K(175104K)] 628586K->539419K(699392K), 0.0096498 secs] [Times: user=0.08 sys=0.00, real=0.01 secs] 
2016-09-25T23:00:18.251-0400: 75.934: [Full GC (Ergonomics) [PSYoungGen: 43943K->0K(175104K)] [ParOldGen: 495476K->405348K(524288K)] 539419K->405348K(699392K), [Metaspace: 43805K->43805K(1087488K)], 0.0593814 secs] [Times: user=0.48 sys=0.01, real=0.06 secs] 
2016-09-25T23:00:18.352-0400: 76.035: [GC (GCLocker Initiated GC) [PSYoungGen: 88064K->87027K(175104K)] 496191K->495308K(699392K), 0.0103163 secs] [Times: user=0.14 sys=0.01, real=0.02 secs] 
2016-09-25T23:00:18.408-0400: 76.091: [GC (GCLocker Initiated GC) [PSYoungGen: 175091K->63003K(175104K)] 586254K->508023K(699392K), 0.0096914 secs] [Times: user=0.15 sys=0.00, real=0.01 secs] 
2016-09-25T23:00:18.466-0400: 76.149: [GC (GCLocker Initiated GC) [PSYoungGen: 151067K->76092K(175104K)] 605629K->551359K(699392K), 0.0088047 secs] [Times: user=0.14 sys=0.00, real=0.01 secs] 
2016-09-25T23:00:18.518-0400: 76.201: [Full GC (Ergonomics) [PSYoungGen: 164156K->0K(175104K)] [ParOldGen: 483463K->400637K(524288K)] 647619K->400637K(699392K), [Metaspace: 43805K->43805K(1087488K)], 0.0614751 secs] [Times: user=0.52 sys=0.00, real=0.06 secs] 
2016-09-25T23:00:18.621-0400: 76.304: [GC (GCLocker Initiated GC) [PSYoungGen: 88064K->64795K(175104K)] 492904K->469636K(699392K), 0.0095639 secs] [Times: user=0.13 sys=0.01, real=0.01 secs] 
2016-09-25T23:00:18.680-0400: 76.363: [GC (GCLocker Initiated GC) [PSYoungGen: 152859K->55024K(175104K)] 557731K->478240K(699392K), 0.0108620 secs] [Times: user=0.12 sys=0.00, real=0.01 secs] 
2016-09-25T23:00:18.745-0400: 76.428: [GC (GCLocker Initiated GC) [PSYoungGen: 143088K->60768K(175104K)] 570458K->503645K(699392K), 0.0072302 secs] [Times: user=0.09 sys=0.00, real=0.00 secs] 
2016-09-25T23:00:18.796-0400: 76.479: [GC (GCLocker Initiated GC) [PSYoungGen: 148832K->66358K(175104K)] 597337K->550963K(699392K), 0.0094799 secs] [Times: user=0.11 sys=0.00, real=0.01 secs] 
2016-09-25T23:00:18.806-0400: 76.489: [Full GC (Ergonomics) [PSYoungGen: 66358K->0K(175104K)] [ParOldGen: 484604K->409136K(524288K)] 550963K->409136K(699392K), [Metaspace: 43805K->43805K(1087488K)], 0.0651656 secs] [Times: user=0.61 sys=0.00, real=0.06 secs] 
2016-09-25T23:00:18.918-0400: 76.601: [GC (GCLocker Initiated GC) [PSYoungGen: 88064K->78353K(175104K)] 502741K->493031K(699392K), 0.0098963 secs] [Times: user=0.14 sys=0.00, real=0.01 secs] 
2016-09-25T23:00:18.973-0400: 76.656: [GC (GCLocker Initiated GC) [PSYoungGen: 166417K->52702K(175104K)] 581342K->480720K(699392K), 0.0069564 secs] [Times: user=0.06 sys=0.00, real=0.01 secs] 
2016-09-25T23:00:19.031-0400: 76.714: [GC (GCLocker Initiated GC) [PSYoungGen: 140766K->46951K(175104K)] 576925K->520538K(699392K), 0.0075287 secs] [Times: user=0.09 sys=0.01, real=0.01 secs] 
2016-09-25T23:00:19.079-0400: 76.762: [Full GC (Ergonomics) [PSYoungGen: 135015K->0K(175104K)] [ParOldGen: 478483K->409876K(524288K)] 613498K->409876K(699392K), [Metaspace: 43805K->43805K(1087488K)], 0.0775595 secs] [Times: user=0.55 sys=0.01, real=0.08 secs] 
2016-09-25T23:00:19.198-0400: 76.881: [GC (GCLocker Initiated GC) [PSYoungGen: 88064K->84885K(175104K)] 500983K->497804K(699392K), 0.0139788 secs] [Times: user=0.12 sys=0.00, real=0.01 secs] 
2016-09-25T23:00:19.253-0400: 76.936: [GC (GCLocker Initiated GC) [PSYoungGen: 172949K->65288K(175104K)] 596894K->516959K(699392K), 0.0085038 secs] [Times: user=0.14 sys=0.00, real=0.01 secs] 
2016-09-25T23:00:19.306-0400: 76.989: [GC (GCLocker Initiated GC) [PSYoungGen: 153352K->83746K(175104K)] 611879K->546331K(699392K), 0.0112943 secs] [Times: user=0.20 sys=0.00, real=0.01 secs] 
2016-09-25T23:00:19.391-0400: 77.074: [GC (GCLocker Initiated GC) [PSYoungGen: 171810K->61954K(175104K)] 634714K->554172K(699392K), 0.0126870 secs] [Times: user=0.20 sys=0.01, real=0.02 secs] 
2016-09-25T23:00:19.404-0400: 77.087: [Full GC (Ergonomics) [PSYoungGen: 61954K->0K(175104K)] [ParOldGen: 492217K->407985K(524288K)] 554172K->407985K(699392K), [Metaspace: 43805K->43805K(1087488K)], 0.0598563 secs] [Times: user=0.58 sys=0.01, real=0.06 secs] 
2016-09-25T23:00:19.502-0400: 77.185: [GC (GCLocker Initiated GC) [PSYoungGen: 88064K->75095K(175104K)] 496294K->483326K(699392K), 0.0093276 secs] [Times: user=0.14 sys=0.00, real=0.01 secs] 
2016-09-25T23:00:19.591-0400: 77.274: [GC (GCLocker Initiated GC) [PSYoungGen: 163159K->54417K(175104K)] 572993K->490110K(699392K), 0.0269912 secs] [Times: user=0.36 sys=0.02, real=0.03 secs] 
2016-09-25T23:00:19.673-0400: 77.356: [GC (GCLocker Initiated GC) [PSYoungGen: 142481K->46316K(175104K)] 581869K->495035K(699392K), 0.0072155 secs] [Times: user=0.07 sys=0.00, real=0.01 secs] 
2016-09-25T23:00:19.732-0400: 77.415: [GC (GCLocker Initiated GC) [PSYoungGen: 134380K->46891K(175104K)] 583329K->525668K(699392K), 0.0253766 secs] [Times: user=0.27 sys=0.00, real=0.03 secs] 
2016-09-25T23:00:19.758-0400: 77.441: [Full GC (Ergonomics) [PSYoungGen: 46891K->0K(175104K)] [ParOldGen: 478777K->403892K(524288K)] 525668K->403892K(699392K), [Metaspace: 43805K->43805K(1087488K)], 0.0902219 secs] [Times: user=0.86 sys=0.00, real=0.09 secs] 
2016-09-25T23:00:19.877-0400: 77.560: [GC (GCLocker Initiated GC) [PSYoungGen: 88064K->76478K(175104K)] 492124K->480539K(699392K), 0.0197149 secs] [Times: user=0.25 sys=0.01, real=0.02 secs] 
2016-09-25T23:00:19.962-0400: 77.645: [GC (GCLocker Initiated GC) [PSYoungGen: 164542K->61275K(175104K)] 576963K->513305K(699392K), 0.0147360 secs] [Times: user=0.24 sys=0.00, real=0.02 secs] 
2016-09-25T23:00:20.044-0400: 77.727: [GC (GCLocker Initiated GC) [PSYoungGen: 149339K->67894K(175104K)] 601628K->535097K(699392K), 0.0075597 secs] [Times: user=0.10 sys=0.00, real=0.00 secs] 
2016-09-25T23:00:20.093-0400: 77.776: [GC (GCLocker Initiated GC) [PSYoungGen: 155958K->55803K(175104K)] 625951K->545929K(699392K), 0.0078193 secs] [Times: user=0.07 sys=0.00, real=0.01 secs] 
2016-09-25T23:00:20.101-0400: 77.784: [Full GC (Ergonomics) [PSYoungGen: 55803K->0K(175104K)] [ParOldGen: 490125K->418818K(524288K)] 545929K->418818K(699392K), [Metaspace: 43805K->43805K(1087488K)], 0.0644238 secs] [Times: user=0.50 sys=0.00, real=0.07 secs] 
2016-09-25T23:00:20.236-0400: 77.919: [GC (GCLocker Initiated GC) [PSYoungGen: 88064K->78421K(175104K)] 509751K->500109K(699392K), 0.0110371 secs] [Times: user=0.16 sys=0.00, real=0.01 secs] 
2016-09-25T23:00:20.302-0400: 77.985: [GC (GCLocker Initiated GC) [PSYoungGen: 166485K->66470K(175104K)] 593215K->517125K(699392K), 0.0085170 secs] [Times: user=0.11 sys=0.01, real=0.01 secs] 
2016-09-25T23:00:20.351-0400: 78.034: [GC (GCLocker Initiated GC) [PSYoungGen: 154534K->71685K(175104K)] 608363K->547030K(699392K), 0.0158692 secs] [Times: user=0.24 sys=0.01, real=0.02 secs] 
2016-09-25T23:00:20.447-0400: 78.130: [GC (GCLocker Initiated GC) [PSYoungGen: 159749K->60937K(175104K)] 636345K->564243K(699392K), 0.0121391 secs] [Times: user=0.15 sys=0.00, real=0.01 secs] 
2016-09-25T23:00:20.460-0400: 78.143: [Full GC (Ergonomics) [PSYoungGen: 60937K->0K(175104K)] [ParOldGen: 503306K->409012K(524288K)] 564243K->409012K(699392K), [Metaspace: 43805K->43805K(1087488K)], 0.0613487 secs] [Times: user=0.60 sys=0.01, real=0.06 secs] 
2016-09-25T23:00:20.554-0400: 78.237: [GC (GCLocker Initiated GC) [PSYoungGen: 88064K->84641K(175104K)] 497333K->502010K(699392K), 0.0085616 secs] [Times: user=0.11 sys=0.01, real=0.01 secs] 
2016-09-25T23:00:20.638-0400: 78.321: [GC (GCLocker Initiated GC) [PSYoungGen: 172705K->46502K(175104K)] 598387K->491513K(699392K), 0.0177728 secs] [Times: user=0.10 sys=0.01, real=0.02 secs] 
2016-09-25T23:00:20.729-0400: 78.412: [GC (GCLocker Initiated GC) [PSYoungGen: 134566K->45431K(175104K)] 584990K->504157K(699392K), 0.0072956 secs] [Times: user=0.08 sys=0.00, real=0.01 secs] 
2016-09-25T23:00:20.778-0400: 78.461: [GC (GCLocker Initiated GC) [PSYoungGen: 133495K->59403K(175104K)] 600499K->538800K(699392K), 0.0080855 secs] [Times: user=0.08 sys=0.01, real=0.01 secs] 
2016-09-25T23:00:20.835-0400: 78.518: [GC (GCLocker Initiated GC) [PSYoungGen: 147467K->76379K(175104K)] 626874K->580983K(699392K), 0.0181373 secs] [Times: user=0.16 sys=0.02, real=0.01 secs] 
2016-09-25T23:00:20.854-0400: 78.537: [Full GC (Ergonomics) [PSYoungGen: 76379K->0K(175104K)] [ParOldGen: 504604K->432005K(524288K)] 580983K->432005K(699392K), [Metaspace: 43805K->43805K(1087488K)], 0.0925117 secs] [Times: user=0.58 sys=0.09, real=0.10 secs] 
2016-09-25T23:00:21.011-0400: 78.694: [GC (GCLocker Initiated GC) [PSYoungGen: 88064K->40855K(175104K)] 533670K->486462K(699392K), 0.0125542 secs] [Times: user=0.12 sys=0.01, real=0.02 secs] 
2016-09-25T23:00:21.074-0400: 78.757: [GC (GCLocker Initiated GC) [PSYoungGen: 128919K->35457K(175104K)] 584557K->493658K(699392K), 0.0084720 secs] [Times: user=0.09 sys=0.00, real=0.02 secs] 
2016-09-25T23:00:21.129-0400: 78.812: [GC (GCLocker Initiated GC) [PSYoungGen: 123521K->60845K(175104K)] 585862K->551505K(699392K), 0.0093529 secs] [Times: user=0.09 sys=0.00, real=0.01 secs] 
2016-09-25T23:00:21.139-0400: 78.822: [Full GC (Ergonomics) [PSYoungGen: 60845K->0K(175104K)] [ParOldGen: 490660K->432260K(524288K)] 551505K->432260K(699392K), [Metaspace: 43839K->43839K(1087488K)], 0.0559663 secs] [Times: user=0.38 sys=0.00, real=0.06 secs] 
2016-09-25T23:00:21.243-0400: 78.926: [GC (GCLocker Initiated GC) [PSYoungGen: 88064K->68938K(175104K)] 520390K->501265K(699392K), 0.0080349 secs] [Times: user=0.06 sys=0.00, real=0.00 secs] 
2016-09-25T23:00:21.299-0400: 78.982: [GC (GCLocker Initiated GC) [PSYoungGen: 157002K->60318K(175104K)] 593467K->524861K(699392K), 0.0073191 secs] [Times: user=0.10 sys=0.00, real=0.01 secs] 
2016-09-25T23:00:21.346-0400: 79.029: [GC (GCLocker Initiated GC) [PSYoungGen: 148382K->73668K(175104K)] 614600K->559272K(699392K), 0.0092287 secs] [Times: user=0.14 sys=0.01, real=0.01 secs] 
2016-09-25T23:00:21.355-0400: 79.038: [Full GC (Ergonomics) [PSYoungGen: 73668K->0K(175104K)] [ParOldGen: 485603K->428283K(524288K)] 559272K->428283K(699392K), [Metaspace: 43844K->43844K(1087488K)], 0.2120194 secs] [Times: user=3.24 sys=0.02, real=0.21 secs] 
2016-09-25T23:00:21.615-0400: 79.298: [GC (GCLocker Initiated GC) [PSYoungGen: 88064K->85573K(175104K)] 528664K->531574K(699392K), 0.0094117 secs] [Times: user=0.14 sys=0.01, real=0.01 secs] 
2016-09-25T23:00:21.664-0400: 79.347: [GC (GCLocker Initiated GC) [PSYoungGen: 173637K->69395K(175104K)] 619794K->554834K(699392K), 0.0093870 secs] [Times: user=0.14 sys=0.00, real=0.00 secs] 
2016-09-25T23:00:21.674-0400: 79.357: [Full GC (Ergonomics) [PSYoungGen: 69395K->0K(175104K)] [ParOldGen: 485438K->438467K(524288K)] 554834K->438467K(699392K), [Metaspace: 43846K->43846K(1087488K)], 0.0543491 secs] [Times: user=0.48 sys=0.00, real=0.06 secs] 
2016-09-25T23:00:21.778-0400: 79.461: [GC (GCLocker Initiated GC) [PSYoungGen: 88064K->51325K(175104K)] 529277K->492538K(699392K), 0.0071453 secs] [Times: user=0.07 sys=0.01, real=0.01 secs] 
2016-09-25T23:00:21.831-0400: 79.514: [GC (GCLocker Initiated GC) [PSYoungGen: 139389K->68998K(175104K)] 583383K->554571K(699392K), 0.0088828 secs] [Times: user=0.15 sys=0.01, real=0.01 secs] 
2016-09-25T23:00:21.840-0400: 79.523: [Full GC (Ergonomics) [PSYoungGen: 68998K->0K(175104K)] [ParOldGen: 485572K->435136K(524288K)] 554571K->435136K(699392K), [Metaspace: 43857K->43857K(1087488K)], 0.0558618 secs] [Times: user=0.56 sys=0.01, real=0.06 secs] 
2016-09-25T23:00:21.936-0400: 79.619: [GC (GCLocker Initiated GC) [PSYoungGen: 88064K->71764K(175104K)] 523620K->507321K(699392K), 0.0066967 secs] [Times: user=0.10 sys=0.00, real=0.01 secs] 
2016-09-25T23:00:21.988-0400: 79.671: [GC (GCLocker Initiated GC) [PSYoungGen: 159828K->58883K(175104K)] 595478K->534779K(699392K), 0.0080727 secs] [Times: user=0.14 sys=0.00, real=0.01 secs] 
2016-09-25T23:00:21.996-0400: 79.679: [Full GC (Ergonomics) [PSYoungGen: 58883K->0K(175104K)] [ParOldGen: 475896K->434420K(524288K)] 534779K->434420K(699392K), [Metaspace: 43867K->43867K(1087488K)], 0.0568326 secs] [Times: user=0.59 sys=0.00, real=0.05 secs] 
2016-09-25T23:00:22.091-0400: 79.774: [GC (GCLocker Initiated GC) [PSYoungGen: 88064K->78957K(175104K)] 522586K->513480K(699392K), 0.0070417 secs] [Times: user=0.10 sys=0.00, real=0.01 secs] 
2016-09-25T23:00:22.140-0400: 79.823: [GC (GCLocker Initiated GC) [PSYoungGen: 167021K->59041K(175104K)] 604357K->528891K(699392K), 0.0081737 secs] [Times: user=0.13 sys=0.00, real=0.01 secs] 
2016-09-25T23:00:22.148-0400: 79.831: [Full GC (Ergonomics) [PSYoungGen: 59041K->0K(175104K)] [ParOldGen: 469849K->433768K(524288K)] 528891K->433768K(699392K), [Metaspace: 43868K->43868K(1087488K)], 0.0526028 secs] [Times: user=0.46 sys=0.00, real=0.05 secs] 
2016-09-25T23:00:22.248-0400: 79.931: [GC (GCLocker Initiated GC) [PSYoungGen: 88064K->64289K(175104K)] 524687K->500913K(699392K), 0.0093628 secs] [Times: user=0.08 sys=0.00, real=0.01 secs] 
2016-09-25T23:00:22.299-0400: 79.982: [GC (GCLocker Initiated GC) [PSYoungGen: 152353K->68088K(175104K)] 589080K->531000K(699392K), 0.0081973 secs] [Times: user=0.12 sys=0.00, real=0.01 secs] 
2016-09-25T23:00:22.345-0400: 80.028: [Full GC (Ergonomics) [PSYoungGen: 156152K->0K(175104K)] [ParOldGen: 468408K->442586K(524288K)] 624560K->442586K(699392K), [Metaspace: 43870K->43870K(1087488K)], 0.0503375 secs] [Times: user=0.51 sys=0.00, real=0.05 secs] 
2016-09-25T23:00:22.444-0400: 80.127: [GC (GCLocker Initiated GC) [PSYoungGen: 88064K->55012K(175104K)] 533666K->500615K(699392K), 0.0059826 secs] [Times: user=0.06 sys=0.01, real=0.00 secs] 
2016-09-25T23:00:22.482-0400: 80.165: [GC (GCLocker Initiated GC) [PSYoungGen: 143076K->84819K(175104K)] 588804K->543369K(699392K), 0.0087746 secs] [Times: user=0.12 sys=0.00, real=0.00 secs] 
2016-09-25T23:00:22.539-0400: 80.222: [GC (GCLocker Initiated GC) [PSYoungGen: 172883K->56283K(175104K)] 634292K->579097K(699392K), 0.0095499 secs] [Times: user=0.17 sys=0.00, real=0.01 secs] 
2016-09-25T23:00:22.549-0400: 80.232: [Full GC (Ergonomics) [PSYoungGen: 56283K->0K(175104K)] [ParOldGen: 522813K->445600K(524288K)] 579097K->445600K(699392K), [Metaspace: 43870K->43870K(1087488K)], 0.0567122 secs] [Times: user=0.56 sys=0.00, real=0.06 secs] 
2016-09-25T23:00:22.652-0400: 80.335: [GC (GCLocker Initiated GC) [PSYoungGen: 88064K->64955K(175104K)] 533786K->510678K(699392K), 0.0071792 secs] [Times: user=0.07 sys=0.00, real=0.01 secs] 
2016-09-25T23:00:22.702-0400: 80.386: [GC (Allocation Failure) [PSYoungGen: 153019K->64638K(175104K)] 598767K->542204K(699392K), 0.0107186 secs] [Times: user=0.14 sys=0.01, real=0.00 secs] 
2016-09-25T23:00:22.713-0400: 80.396: [Full GC (Ergonomics) [PSYoungGen: 64638K->0K(175104K)] [ParOldGen: 477566K->443707K(524288K)] 542204K->443707K(699392K), [Metaspace: 43870K->43870K(1087488K)], 0.0531170 secs] [Times: user=0.46 sys=0.00, real=0.06 secs] 
2016-09-25T23:00:22.810-0400: 80.493: [GC (GCLocker Initiated GC) [PSYoungGen: 88064K->84839K(175104K)] 531789K->528565K(699392K), 0.0080182 secs] [Times: user=0.10 sys=0.00, real=0.01 secs] 
2016-09-25T23:00:22.862-0400: 80.546: [GC (GCLocker Initiated GC) [PSYoungGen: 172903K->71394K(175104K)] 624857K->542899K(699392K), 0.0131483 secs] [Times: user=0.16 sys=0.01, real=0.01 secs] 
2016-09-25T23:00:22.876-0400: 80.559: [Full GC (Ergonomics) [PSYoungGen: 71394K->0K(175104K)] [ParOldGen: 471505K->449844K(524288K)] 542899K->449844K(699392K), [Metaspace: 43870K->43870K(1087488K)], 0.0640647 secs] [Times: user=0.49 sys=0.00, real=0.06 secs] 
2016-09-25T23:00:22.983-0400: 80.666: [GC (GCLocker Initiated GC) [PSYoungGen: 88064K->55521K(175104K)] 540678K->508135K(699392K), 0.0073083 secs] [Times: user=0.10 sys=0.00, real=0.00 secs] 
2016-09-25T23:00:23.035-0400: 80.718: [GC (GCLocker Initiated GC) [PSYoungGen: 143585K->64645K(175104K)] 604451K->535974K(699392K), 0.0073006 secs] [Times: user=0.10 sys=0.00, real=0.01 secs] 
2016-09-25T23:00:23.042-0400: 80.726: [Full GC (Ergonomics) [PSYoungGen: 64645K->0K(175104K)] [ParOldGen: 471329K->454630K(524288K)] 535974K->454630K(699392K), [Metaspace: 43870K->43870K(1087488K)], 0.0537552 secs] [Times: user=0.53 sys=0.00, real=0.05 secs] 
2016-09-25T23:00:23.139-0400: 80.822: [GC (GCLocker Initiated GC) [PSYoungGen: 88064K->85232K(175104K)] 545480K->542649K(699392K), 0.0076972 secs] [Times: user=0.10 sys=0.00, real=0.01 secs] 
2016-09-25T23:00:23.191-0400: 80.874: [GC (GCLocker Initiated GC) [PSYoungGen: 173296K->72554K(175104K)] 630775K->559500K(699392K), 0.0092906 secs] [Times: user=0.12 sys=0.00, real=0.01 secs] 
2016-09-25T23:00:23.200-0400: 80.883: [Full GC (Ergonomics) [PSYoungGen: 72554K->0K(175104K)] [ParOldGen: 486945K->454168K(524288K)] 559500K->454168K(699392K), [Metaspace: 43870K->43870K(1087488K)], 0.0543221 secs] [Times: user=0.52 sys=0.01, real=0.06 secs] 
2016-09-25T23:00:23.300-0400: 80.983: [GC (GCLocker Initiated GC) [PSYoungGen: 88064K->52368K(175104K)] 545577K->509881K(699392K), 0.0139443 secs] [Times: user=0.16 sys=0.01, real=0.02 secs] 
2016-09-25T23:00:23.363-0400: 81.046: [GC (GCLocker Initiated GC) [PSYoungGen: 140432K->54761K(175104K)] 602480K->536390K(699392K), 0.0074169 secs] [Times: user=0.09 sys=0.00, real=0.00 secs] 
2016-09-25T23:00:23.371-0400: 81.054: [Full GC (Ergonomics) [PSYoungGen: 54761K->0K(175104K)] [ParOldGen: 481628K->449596K(524288K)] 536390K->449596K(699392K), [Metaspace: 43875K->43875K(1087488K)], 0.0533496 secs] [Times: user=0.51 sys=0.02, real=0.06 secs] 
2016-09-25T23:00:23.465-0400: 81.148: [GC (GCLocker Initiated GC) [PSYoungGen: 88064K->78438K(175104K)] 541755K->532130K(699392K), 0.0082323 secs] [Times: user=0.13 sys=0.00, real=0.00 secs] 
2016-09-25T23:00:23.517-0400: 81.200: [GC (GCLocker Initiated GC) [PSYoungGen: 166502K->54734K(175104K)] 631065K->543260K(699392K), 0.0110059 secs] [Times: user=0.16 sys=0.01, real=0.01 secs] 
2016-09-25T23:00:23.528-0400: 81.211: [Full GC (Ergonomics) [PSYoungGen: 54734K->0K(175104K)] [ParOldGen: 488525K->455865K(524288K)] 543260K->455865K(699392K), [Metaspace: 43875K->43875K(1087488K)], 0.0533623 secs] [Times: user=0.51 sys=0.01, real=0.05 secs] 
2016-09-25T23:00:23.626-0400: 81.309: [GC (GCLocker Initiated GC) [PSYoungGen: 88064K->76997K(175104K)] 544094K->533027K(699392K), 0.0138814 secs] [Times: user=0.18 sys=0.00, real=0.01 secs] 
2016-09-25T23:00:23.686-0400: 81.369: [GC (GCLocker Initiated GC) [PSYoungGen: 165061K->53578K(175104K)] 621118K->556301K(699392K), 0.0080835 secs] [Times: user=0.10 sys=0.00, real=0.00 secs] 
2016-09-25T23:00:23.694-0400: 81.377: [Full GC (Ergonomics) [PSYoungGen: 53578K->0K(175104K)] [ParOldGen: 502722K->457935K(524288K)] 556301K->457935K(699392K), [Metaspace: 43882K->43882K(1087488K)], 0.0549454 secs] [Times: user=0.52 sys=0.02, real=0.06 secs] 
2016-09-25T23:00:23.788-0400: 81.471: [GC (GCLocker Initiated GC) [PSYoungGen: 88064K->84482K(175104K)] 548094K->549913K(699392K), 0.0083627 secs] [Times: user=0.13 sys=0.00, real=0.01 secs] 
2016-09-25T23:00:23.847-0400: 81.530: [Full GC (Ergonomics) [PSYoungGen: 172546K->0K(175104K)] [ParOldGen: 472259K->454663K(524288K)] 644805K->454663K(699392K), [Metaspace: 43882K->43882K(1087488K)], 0.0529280 secs] [Times: user=0.48 sys=0.00, real=0.05 secs] 
2016-09-25T23:00:23.934-0400: 81.617: [GC (Allocation Failure) [PSYoungGen: 88064K->84269K(175104K)] 542845K->539051K(699392K), 0.0070782 secs] [Times: user=0.09 sys=0.01, real=0.00 secs] 
2016-09-25T23:00:23.991-0400: 81.674: [GC (GCLocker Initiated GC) [PSYoungGen: 171481K->68524K(175104K)] 633013K->561230K(699392K), 0.0093246 secs] [Times: user=0.12 sys=0.00, real=0.01 secs] 
2016-09-25T23:00:24.001-0400: 81.684: [Full GC (Ergonomics) [PSYoungGen: 68524K->0K(175104K)] [ParOldGen: 492706K->470480K(524288K)] 561230K->470480K(699392K), [Metaspace: 43882K->43882K(1087488K)], 0.0519998 secs] [Times: user=0.49 sys=0.00, real=0.05 secs] 
2016-09-25T23:00:24.103-0400: 81.786: [Full GC (Ergonomics) [PSYoungGen: 88064K->0K(175104K)] [ParOldGen: 474771K->457950K(524288K)] 562835K->457950K(699392K), [Metaspace: 43882K->43882K(1087488K)], 0.0504786 secs] [Times: user=0.44 sys=0.00, real=0.04 secs] 
2016-09-25T23:00:24.186-0400: 81.869: [GC (GCLocker Initiated GC) [PSYoungGen: 88064K->71179K(175104K)] 552905K->536021K(699392K), 0.0085695 secs] [Times: user=0.08 sys=0.01, real=0.01 secs] 
2016-09-25T23:00:24.245-0400: 81.928: [Full GC (Ergonomics) [PSYoungGen: 159243K->0K(175104K)] [ParOldGen: 473018K->465681K(524288K)] 632262K->465681K(699392K), [Metaspace: 43882K->43882K(1087488K)], 0.0575136 secs] [Times: user=0.51 sys=0.01, real=0.06 secs] 
2016-09-25T23:00:24.351-0400: 82.034: [Full GC (Ergonomics) [PSYoungGen: 86638K->0K(175104K)] [ParOldGen: 468381K->461050K(524288K)] 555019K->461050K(699392K), [Metaspace: 43882K->43882K(1087488K)], 0.0683810 secs] [Times: user=0.69 sys=0.00, real=0.07 secs] 
2016-09-25T23:00:24.460-0400: 82.143: [GC (GCLocker Initiated GC) [PSYoungGen: 88064K->86068K(175104K)] 554703K->560807K(699392K), 0.0150481 secs] [Times: user=0.21 sys=0.01, real=0.02 secs] 
2016-09-25T23:00:24.475-0400: 82.158: [Full GC (Ergonomics) [PSYoungGen: 86068K->0K(175104K)] [ParOldGen: 474739K->474520K(524288K)] 560807K->474520K(699392K), [Metaspace: 43882K->43882K(1087488K)], 0.0547329 secs] [Times: user=0.53 sys=0.00, real=0.05 secs] 
2016-09-25T23:00:24.588-0400: 82.271: [Full GC (Ergonomics) [PSYoungGen: 88064K->0K(175104K)] [ParOldGen: 487147K->477317K(524288K)] 575211K->477317K(699392K), [Metaspace: 43896K->43896K(1087488K)], 0.0540396 secs] [Times: user=0.52 sys=0.00, real=0.05 secs] 
2016-09-25T23:00:24.694-0400: 82.377: [Full GC (Ergonomics) [PSYoungGen: 88064K->0K(175104K)] [ParOldGen: 484103K->458951K(524288K)] 572167K->458951K(699392K), [Metaspace: 43896K->43896K(1087488K)], 0.1224930 secs] [Times: user=1.64 sys=0.00, real=0.13 secs] 
2016-09-25T23:00:24.854-0400: 82.537: [GC (GCLocker Initiated GC) [PSYoungGen: 88064K->77429K(175104K)] 548476K->537841K(699392K), 0.0075107 secs] [Times: user=0.08 sys=0.00, real=0.00 secs] 
2016-09-25T23:00:24.908-0400: 82.591: [GC (GCLocker Initiated GC) [PSYoungGen: 165493K->58894K(175104K)] 631460K->558694K(699392K), 0.0079461 secs] [Times: user=0.10 sys=0.00, real=0.01 secs] 
2016-09-25T23:00:24.916-0400: 82.599: [Full GC (Ergonomics) [PSYoungGen: 58894K->0K(175104K)] [ParOldGen: 499800K->469307K(524288K)] 558694K->469307K(699392K), [Metaspace: 43896K->43896K(1087488K)], 0.0614460 secs] [Times: user=0.53 sys=0.01, real=0.06 secs] 
2016-09-25T23:00:25.026-0400: 82.709: [Full GC (Ergonomics) [PSYoungGen: 88064K->0K(175104K)] [ParOldGen: 479404K->469425K(524288K)] 567468K->469425K(699392K), [Metaspace: 43896K->43896K(1087488K)], 0.0552370 secs] [Times: user=0.55 sys=0.00, real=0.05 secs] 
2016-09-25T23:00:25.127-0400: 82.810: [Full GC (Ergonomics) [PSYoungGen: 88064K->0K(175104K)] [ParOldGen: 472214K->471363K(524288K)] 560278K->471363K(699392K), [Metaspace: 43896K->43896K(1087488K)], 0.0547731 secs] [Times: user=0.51 sys=0.00, real=0.06 secs] 
2016-09-25T23:00:25.227-0400: 82.910: [Full GC (Ergonomics) [PSYoungGen: 88064K->0K(175104K)] [ParOldGen: 471454K->466999K(524288K)] 559518K->466999K(699392K), [Metaspace: 43896K->43896K(1087488K)], 0.0496781 secs] [Times: user=0.45 sys=0.00, real=0.05 secs] 
2016-09-25T23:00:25.314-0400: 82.997: [Full GC (Ergonomics) [PSYoungGen: 88064K->0K(175104K)] [ParOldGen: 477988K->482031K(524288K)] 566052K->482031K(699392K), [Metaspace: 43896K->43896K(1087488K)], 0.0544490 secs] [Times: user=0.51 sys=0.00, real=0.05 secs] 
2016-09-25T23:00:25.422-0400: 83.105: [Full GC (Ergonomics) [PSYoungGen: 88064K->0K(175104K)] [ParOldGen: 491545K->477587K(524288K)] 579609K->477587K(699392K), [Metaspace: 43896K->43896K(1087488K)], 0.0519656 secs] [Times: user=0.39 sys=0.00, real=0.05 secs] 
2016-09-25T23:00:25.510-0400: 83.193: [Full GC (Ergonomics) [PSYoungGen: 88064K->0K(175104K)] [ParOldGen: 477670K->478558K(524288K)] 565734K->478558K(699392K), [Metaspace: 43896K->43896K(1087488K)], 0.0514501 secs] [Times: user=0.45 sys=0.00, real=0.05 secs] 
2016-09-25T23:00:25.608-0400: 83.291: [Full GC (Ergonomics) [PSYoungGen: 88064K->0K(175104K)] [ParOldGen: 486090K->480188K(524288K)] 574154K->480188K(699392K), [Metaspace: 43896K->43896K(1087488K)], 0.0506901 secs] [Times: user=0.37 sys=0.00, real=0.05 secs] 
2016-09-25T23:00:25.702-0400: 83.385: [Full GC (Ergonomics) [PSYoungGen: 88064K->0K(175104K)] [ParOldGen: 480287K->474064K(524288K)] 568351K->474064K(699392K), [Metaspace: 43896K->43896K(1087488K)], 0.0537941 secs] [Times: user=0.52 sys=0.00, real=0.06 secs] 
2016-09-25T23:00:25.786-0400: 83.469: [Full GC (Ergonomics) [PSYoungGen: 88064K->0K(175104K)] [ParOldGen: 474325K->481685K(524288K)] 562389K->481685K(699392K), [Metaspace: 43896K->43896K(1087488K)], 0.0495089 secs] [Times: user=0.41 sys=0.01, real=0.05 secs] 
2016-09-25T23:00:25.881-0400: 83.564: [Full GC (Ergonomics) [PSYoungGen: 88064K->0K(175104K)] [ParOldGen: 487249K->482789K(524288K)] 575313K->482789K(699392K), [Metaspace: 43896K->43896K(1087488K)], 0.0547207 secs] [Times: user=0.52 sys=0.01, real=0.06 secs] 
2016-09-25T23:00:25.976-0400: 83.659: [Full GC (Ergonomics) [PSYoungGen: 88064K->0K(175104K)] [ParOldGen: 485695K->478288K(524288K)] 573759K->478288K(699392K), [Metaspace: 43896K->43896K(1087488K)], 0.0517553 secs] [Times: user=0.46 sys=0.00, real=0.05 secs] 
2016-09-25T23:00:26.065-0400: 83.748: [Full GC (Ergonomics) [PSYoungGen: 88064K->0K(175104K)] [ParOldGen: 478559K->483282K(524288K)] 566623K->483282K(699392K), [Metaspace: 43896K->43896K(1087488K)], 0.0538094 secs] [Times: user=0.52 sys=0.00, real=0.05 secs] 
2016-09-25T23:00:26.159-0400: 83.842: [Full GC (Ergonomics) [PSYoungGen: 88064K->0K(175104K)] [ParOldGen: 483350K->482725K(524288K)] 571414K->482725K(699392K), [Metaspace: 43896K->43896K(1087488K)], 0.0564443 secs] [Times: user=0.57 sys=0.00, real=0.06 secs] 
2016-09-25T23:00:26.255-0400: 83.938: [Full GC (Ergonomics) [PSYoungGen: 88064K->0K(175104K)] [ParOldGen: 482773K->483597K(524288K)] 570837K->483597K(699392K), [Metaspace: 43896K->43896K(1087488K)], 0.0527991 secs] [Times: user=0.48 sys=0.00, real=0.05 secs] 
2016-09-25T23:00:26.351-0400: 84.034: [Full GC (Ergonomics) [PSYoungGen: 88064K->0K(175104K)] [ParOldGen: 490501K->487194K(524288K)] 578565K->487194K(699392K), [Metaspace: 43896K->43896K(1087488K)], 0.0598843 secs] [Times: user=0.57 sys=0.01, real=0.06 secs] 
2016-09-25T23:00:26.452-0400: 84.135: [Full GC (Ergonomics) [PSYoungGen: 88064K->0K(175104K)] [ParOldGen: 487246K->477200K(524288K)] 575310K->477200K(699392K), [Metaspace: 43896K->43896K(1087488K)], 0.0557296 secs] [Times: user=0.53 sys=0.00, real=0.06 secs] 
2016-09-25T23:00:26.549-0400: 84.232: [Full GC (Ergonomics) [PSYoungGen: 88064K->0K(175104K)] [ParOldGen: 477640K->486251K(524288K)] 565704K->486251K(699392K), [Metaspace: 43896K->43896K(1087488K)], 0.0574023 secs] [Times: user=0.57 sys=0.00, real=0.06 secs] 
2016-09-25T23:00:26.642-0400: 84.325: [Full GC (Ergonomics) [PSYoungGen: 88064K->0K(175104K)] [ParOldGen: 486300K->489709K(524288K)] 574364K->489709K(699392K), [Metaspace: 43896K->43896K(1087488K)], 0.0534251 secs] [Times: user=0.49 sys=0.00, real=0.06 secs] 
2016-09-25T23:00:26.731-0400: 84.414: [Full GC (Ergonomics) [PSYoungGen: 88064K->0K(175104K)] [ParOldGen: 489966K->495844K(524288K)] 578030K->495844K(699392K), [Metaspace: 43898K->43898K(1087488K)], 0.0620228 secs] [Times: user=0.55 sys=0.00, real=0.06 secs] 
2016-09-25T23:00:26.837-0400: 84.520: [Full GC (Ergonomics) [PSYoungGen: 88064K->0K(175104K)] [ParOldGen: 504235K->484251K(524288K)] 592299K->484251K(699392K), [Metaspace: 43898K->43898K(1087488K)], 0.1285553 secs] [Times: user=1.65 sys=0.00, real=0.13 secs] 
2016-09-25T23:00:27.009-0400: 84.692: [Full GC (Ergonomics) [PSYoungGen: 88064K->0K(175104K)] [ParOldGen: 492447K->487704K(524288K)] 580511K->487704K(699392K), [Metaspace: 43898K->43898K(1087488K)], 0.0591897 secs] [Times: user=0.60 sys=0.00, real=0.06 secs] 
2016-09-25T23:00:27.106-0400: 84.789: [Full GC (Ergonomics) [PSYoungGen: 88064K->0K(175104K)] [ParOldGen: 493119K->488538K(524288K)] 581183K->488538K(699392K), [Metaspace: 43904K->43904K(1087488K)], 0.0482247 secs] [Times: user=0.41 sys=0.01, real=0.04 secs] 
2016-09-25T23:00:27.193-0400: 84.876: [Full GC (Ergonomics) [PSYoungGen: 88064K->0K(175104K)] [ParOldGen: 494175K->497502K(524288K)] 582239K->497502K(699392K), [Metaspace: 43904K->43904K(1087488K)], 0.0599557 secs] [Times: user=0.58 sys=0.00, real=0.06 secs] 
2016-09-25T23:00:27.297-0400: 84.980: [Full GC (Ergonomics) [PSYoungGen: 88064K->0K(175104K)] [ParOldGen: 501780K->493038K(524288K)] 589844K->493038K(699392K), [Metaspace: 43904K->43904K(1087488K)], 0.0537085 secs] [Times: user=0.49 sys=0.00, real=0.05 secs] 
2016-09-25T23:00:27.385-0400: 85.068: [Full GC (Ergonomics) [PSYoungGen: 88064K->0K(175104K)] [ParOldGen: 501239K->499053K(524288K)] 589303K->499053K(699392K), [Metaspace: 43904K->43904K(1087488K)], 0.0583135 secs] [Times: user=0.53 sys=0.00, real=0.06 secs] 
2016-09-25T23:00:27.489-0400: 85.172: [Full GC (Ergonomics) [PSYoungGen: 88064K->0K(175104K)] [ParOldGen: 509061K->499830K(524288K)] 597125K->499830K(699392K), [Metaspace: 43904K->43904K(1087488K)], 0.0638050 secs] [Times: user=0.60 sys=0.00, real=0.06 secs] 
2016-09-25T23:00:27.593-0400: 85.277: [Full GC (Ergonomics) [PSYoungGen: 88064K->0K(175104K)] [ParOldGen: 499950K->486758K(524288K)] 588014K->486758K(699392K), [Metaspace: 43904K->43904K(1087488K)], 0.0545844 secs] [Times: user=0.53 sys=0.00, real=0.06 secs] 
2016-09-25T23:00:27.679-0400: 85.362: [Full GC (Ergonomics) [PSYoungGen: 88064K->0K(175104K)] [ParOldGen: 492347K->501011K(524288K)] 580411K->501011K(699392K), [Metaspace: 43904K->43904K(1087488K)], 0.0559316 secs] [Times: user=0.55 sys=0.00, real=0.06 secs] 
2016-09-25T23:00:27.779-0400: 85.462: [Full GC (Ergonomics) [PSYoungGen: 88064K->0K(175104K)] [ParOldGen: 511959K->496171K(524288K)] 600023K->496171K(699392K), [Metaspace: 43904K->43904K(1087488K)], 0.0582449 secs] [Times: user=0.56 sys=0.01, real=0.06 secs] 
2016-09-25T23:00:27.875-0400: 85.559: [Full GC (Ergonomics) [PSYoungGen: 88064K->0K(175104K)] [ParOldGen: 501800K->499430K(524288K)] 589864K->499430K(699392K), [Metaspace: 43904K->43904K(1087488K)], 0.0564997 secs] [Times: user=0.50 sys=0.01, real=0.05 secs] 
2016-09-25T23:00:27.978-0400: 85.661: [Full GC (Ergonomics) [PSYoungGen: 88064K->0K(175104K)] [ParOldGen: 513559K->490617K(524288K)] 601623K->490617K(699392K), [Metaspace: 43904K->43904K(1087488K)], 0.0572107 secs] [Times: user=0.56 sys=0.01, real=0.06 secs] 
2016-09-25T23:00:28.070-0400: 85.753: [Full GC (Ergonomics) [PSYoungGen: 88064K->0K(175104K)] [ParOldGen: 490696K->497877K(524288K)] 578760K->497877K(699392K), [Metaspace: 43905K->43905K(1087488K)], 0.0535172 secs] [Times: user=0.49 sys=0.00, real=0.06 secs] 
2016-09-25T23:00:28.172-0400: 85.855: [Full GC (Ergonomics) [PSYoungGen: 88064K->0K(175104K)] [ParOldGen: 504660K->490419K(524288K)] 592724K->490419K(699392K), [Metaspace: 43905K->43905K(1087488K)], 0.0589686 secs] [Times: user=0.61 sys=0.00, real=0.06 secs] 
2016-09-25T23:00:28.261-0400: 85.944: [Full GC (Ergonomics) [PSYoungGen: 88064K->0K(175104K)] [ParOldGen: 494513K->501877K(524288K)] 582577K->501877K(699392K), [Metaspace: 43905K->43905K(1087488K)], 0.0665871 secs] [Times: user=0.64 sys=0.00, real=0.07 secs] 
2016-09-25T23:00:28.376-0400: 86.059: [Full GC (Ergonomics) [PSYoungGen: 88064K->0K(175104K)] [ParOldGen: 504843K->499640K(524288K)] 592907K->499640K(699392K), [Metaspace: 43905K->43905K(1087488K)], 0.0615531 secs] [Times: user=0.57 sys=0.00, real=0.06 secs] 
2016-09-25T23:00:28.472-0400: 86.156: [Full GC (Ergonomics) [PSYoungGen: 87636K->0K(175104K)] [ParOldGen: 502340K->497484K(524288K)] 589977K->497484K(699392K), [Metaspace: 43905K->43905K(1087488K)], 0.0558302 secs] [Times: user=0.55 sys=0.00, real=0.06 secs] 
2016-09-25T23:00:28.568-0400: 86.251: [Full GC (Ergonomics) [PSYoungGen: 88064K->0K(175104K)] [ParOldGen: 507869K->495629K(524288K)] 595933K->495629K(699392K), [Metaspace: 43905K->43905K(1087488K)], 0.0603350 secs] [Times: user=0.61 sys=0.00, real=0.06 secs] 
2016-09-25T23:00:28.668-0400: 86.351: [Full GC (Ergonomics) [PSYoungGen: 88064K->0K(175104K)] [ParOldGen: 497245K->493265K(524288K)] 585309K->493265K(699392K), [Metaspace: 43905K->43905K(1087488K)], 0.0623512 secs] [Times: user=0.48 sys=0.02, real=0.06 secs] 
2016-09-25T23:00:28.758-0400: 86.441: [Full GC (Ergonomics) [PSYoungGen: 88064K->0K(175104K)] [ParOldGen: 496129K->504591K(524288K)] 584193K->504591K(699392K), [Metaspace: 43905K->43905K(1087488K)], 0.0534398 secs] [Times: user=0.43 sys=0.00, real=0.05 secs] 
2016-09-25T23:00:28.853-0400: 86.536: [Full GC (Ergonomics) [PSYoungGen: 88064K->0K(175104K)] [ParOldGen: 512940K->500992K(524288K)] 601004K->500992K(699392K), [Metaspace: 43905K->43905K(1087488K)], 0.0531979 secs] [Times: user=0.49 sys=0.00, real=0.06 secs] 
2016-09-25T23:00:28.943-0400: 86.626: [Full GC (Ergonomics) [PSYoungGen: 88064K->0K(175104K)] [ParOldGen: 501052K->492529K(524288K)] 589116K->492529K(699392K), [Metaspace: 43909K->43909K(1087488K)], 0.0868275 secs] [Times: user=1.09 sys=0.01, real=0.08 secs] 
2016-09-25T23:00:29.063-0400: 86.746: [Full GC (Ergonomics) [PSYoungGen: 88064K->0K(175104K)] [ParOldGen: 495304K->501188K(524288K)] 583368K->501188K(699392K), [Metaspace: 43909K->43909K(1087488K)], 0.0487849 secs] [Times: user=0.44 sys=0.00, real=0.04 secs] 
2016-09-25T23:00:29.166-0400: 86.849: [Full GC (Ergonomics) [PSYoungGen: 88064K->0K(175104K)] [ParOldGen: 510812K->488119K(524288K)] 598876K->488119K(699392K), [Metaspace: 43920K->43920K(1087488K)], 0.0576076 secs] [Times: user=0.56 sys=0.00, real=0.06 secs] 
2016-09-25T23:00:29.252-0400: 86.936: [Full GC (Ergonomics) [PSYoungGen: 88064K->0K(175104K)] [ParOldGen: 499153K->515657K(524288K)] 587217K->515657K(699392K), [Metaspace: 43924K->43924K(1087488K)], 0.0532672 secs] [Times: user=0.49 sys=0.00, real=0.06 secs] 
2016-09-25T23:00:29.351-0400: 87.034: [Full GC (Ergonomics) [PSYoungGen: 88064K->0K(175104K)] [ParOldGen: 521422K->504104K(524288K)] 609486K->504104K(699392K), [Metaspace: 43941K->43941K(1087488K)], 0.0563759 secs] [Times: user=0.49 sys=0.00, real=0.06 secs] 
2016-09-25T23:00:29.448-0400: 87.131: [Full GC (Ergonomics) [PSYoungGen: 88063K->0K(175104K)] [ParOldGen: 509055K->490844K(524288K)] 597119K->490844K(699392K), [Metaspace: 43942K->43942K(1087488K)], 0.0551019 secs] [Times: user=0.50 sys=0.00, real=0.06 secs] 
2016-09-25T23:00:29.546-0400: 87.229: [Full GC (Ergonomics) [PSYoungGen: 88064K->0K(175104K)] [ParOldGen: 497649K->500813K(524288K)] 585713K->500813K(699392K), [Metaspace: 43942K->43942K(1087488K)], 0.0635610 secs] [Times: user=0.53 sys=0.01, real=0.06 secs] 
2016-09-25T23:00:29.651-0400: 87.334: [Full GC (Ergonomics) [PSYoungGen: 88064K->0K(175104K)] [ParOldGen: 506236K->501365K(524288K)] 594300K->501365K(699392K), [Metaspace: 43942K->43942K(1087488K)], 0.0557938 secs] [Times: user=0.53 sys=0.00, real=0.06 secs] 
2016-09-25T23:00:29.745-0400: 87.428: [Full GC (Ergonomics) [PSYoungGen: 88064K->0K(175104K)] [ParOldGen: 508225K->510047K(524288K)] 596289K->510047K(699392K), [Metaspace: 43942K->43942K(1087488K)], 0.0547867 secs] [Times: user=0.52 sys=0.01, real=0.05 secs] 
2016-09-25T23:00:29.835-0400: 87.518: [Full GC (Ergonomics) [PSYoungGen: 88064K->0K(175104K)] [ParOldGen: 512877K->507822K(524288K)] 600941K->507822K(699392K), [Metaspace: 43942K->43942K(1087488K)], 0.0522814 secs] [Times: user=0.46 sys=0.00, real=0.05 secs] 
2016-09-25T23:00:29.928-0400: 87.611: [Full GC (Ergonomics) [PSYoungGen: 88064K->0K(175104K)] [ParOldGen: 514684K->502972K(524288K)] 602748K->502972K(699392K), [Metaspace: 43942K->43942K(1087488K)], 0.0562131 secs] [Times: user=0.54 sys=0.01, real=0.06 secs] 
2016-09-25T23:00:30.025-0400: 87.708: [Full GC (Ergonomics) [PSYoungGen: 88064K->0K(175104K)] [ParOldGen: 515453K->508939K(524288K)] 603517K->508939K(699392K), [Metaspace: 43942K->43942K(1087488K)], 0.0576899 secs] [Times: user=0.59 sys=0.01, real=0.06 secs] 
2016-09-25T23:00:30.123-0400: 87.806: [Full GC (Ergonomics) [PSYoungGen: 88064K->0K(175104K)] [ParOldGen: 511868K->501430K(524288K)] 599932K->501430K(699392K), [Metaspace: 43942K->43942K(1087488K)], 0.0590152 secs] [Times: user=0.60 sys=0.00, real=0.06 secs] 
2016-09-25T23:00:30.226-0400: 87.909: [Full GC (Ergonomics) [PSYoungGen: 88064K->0K(175104K)] [ParOldGen: 512317K->502003K(524288K)] 600381K->502003K(699392K), [Metaspace: 43942K->43942K(1087488K)], 0.0514348 secs] [Times: user=0.44 sys=0.01, real=0.05 secs] 
2016-09-25T23:00:30.307-0400: 87.990: [Full GC (Ergonomics) [PSYoungGen: 88064K->0K(175104K)] [ParOldGen: 502192K->516089K(524288K)] 590256K->516089K(699392K), [Metaspace: 43942K->43942K(1087488K)], 0.0566425 secs] [Times: user=0.56 sys=0.01, real=0.06 secs] 
2016-09-25T23:00:30.406-0400: 88.089: [Full GC (Ergonomics) [PSYoungGen: 88064K->0K(175104K)] [ParOldGen: 518923K->505759K(524288K)] 606987K->505759K(699392K), [Metaspace: 43942K->43942K(1087488K)], 0.0570117 secs] [Times: user=0.52 sys=0.01, real=0.06 secs] 
2016-09-25T23:00:30.498-0400: 88.181: [Full GC (Ergonomics) [PSYoungGen: 88064K->0K(175104K)] [ParOldGen: 507508K->499694K(524288K)] 595572K->499694K(699392K), [Metaspace: 43942K->43942K(1087488K)], 0.0603240 secs] [Times: user=0.42 sys=0.01, real=0.06 secs] 
2016-09-25T23:00:30.601-0400: 88.284: [Full GC (Ergonomics) [PSYoungGen: 88064K->0K(175104K)] [ParOldGen: 501211K->492030K(524288K)] 589275K->492030K(699392K), [Metaspace: 43942K->43942K(1087488K)], 0.0540806 secs] [Times: user=0.43 sys=0.00, real=0.06 secs] 
2016-09-25T23:00:30.683-0400: 88.366: [Full GC (Ergonomics) [PSYoungGen: 88064K->0K(175104K)] [ParOldGen: 496207K->512886K(524288K)] 584271K->512886K(699392K), [Metaspace: 43942K->43942K(1087488K)], 0.0672063 secs] [Times: user=0.45 sys=0.00, real=0.06 secs] 
2016-09-25T23:00:30.790-0400: 88.473: [Full GC (Ergonomics) [PSYoungGen: 88064K->0K(175104K)] [ParOldGen: 515708K->507752K(524288K)] 603772K->507752K(699392K), [Metaspace: 43942K->43942K(1087488K)], 0.0521589 secs] [Times: user=0.40 sys=0.00, real=0.06 secs] 
2016-09-25T23:00:30.878-0400: 88.561: [Full GC (Ergonomics) [PSYoungGen: 88064K->0K(175104K)] [ParOldGen: 507929K->508288K(524288K)] 595993K->508288K(699392K), [Metaspace: 43942K->43942K(1087488K)], 0.0610293 secs] [Times: user=0.58 sys=0.00, real=0.06 secs] 
2016-09-25T23:00:30.973-0400: 88.656: [Full GC (Ergonomics) [PSYoungGen: 88064K->0K(175104K)] [ParOldGen: 515631K->510491K(524288K)] 603695K->510491K(699392K), [Metaspace: 43942K->43942K(1087488K)], 0.0850357 secs] [Times: user=1.02 sys=0.02, real=0.09 secs] 
2016-09-25T23:00:31.105-0400: 88.788: [Full GC (Ergonomics) [PSYoungGen: 88064K->0K(175104K)] [ParOldGen: 515968K->501236K(524288K)] 604032K->501236K(699392K), [Metaspace: 43942K->43942K(1087488K)], 0.0553986 secs] [Times: user=0.51 sys=0.01, real=0.05 secs] 
2016-09-25T23:00:31.192-0400: 88.875: [Full GC (Ergonomics) [PSYoungGen: 88064K->0K(175104K)] [ParOldGen: 506751K->518056K(524288K)] 594815K->518056K(699392K), [Metaspace: 43946K->43946K(1087488K)], 0.0550579 secs] [Times: user=0.53 sys=0.01, real=0.06 secs] 
2016-09-25T23:00:31.291-0400: 88.974: [Full GC (Ergonomics) [PSYoungGen: 88064K->0K(175104K)] [ParOldGen: 523526K->507876K(524288K)] 611590K->507876K(699392K), [Metaspace: 43946K->43946K(1087488K)], 0.0586987 secs] [Times: user=0.59 sys=0.00, real=0.06 secs] 
2016-09-25T23:00:31.392-0400: 89.075: [Full GC (Ergonomics) [PSYoungGen: 88064K->0K(175104K)] [ParOldGen: 513323K->501775K(524288K)] 601387K->501775K(699392K), [Metaspace: 43946K->43946K(1087488K)], 0.0552522 secs] [Times: user=0.52 sys=0.00, real=0.06 secs] 
2016-09-25T23:00:31.483-0400: 89.166: [Full GC (Ergonomics) [PSYoungGen: 88064K->0K(175104K)] [ParOldGen: 501806K->508981K(524288K)] 589870K->508981K(699392K), [Metaspace: 43946K->43946K(1087488K)], 0.0585608 secs] [Times: user=0.56 sys=0.00, real=0.05 secs] 
2016-09-25T23:00:31.587-0400: 89.270: [Full GC (Ergonomics) [PSYoungGen: 88064K->0K(175104K)] [ParOldGen: 513114K->509671K(524288K)] 601178K->509671K(699392K), [Metaspace: 43946K->43946K(1087488K)], 0.0566311 secs] [Times: user=0.54 sys=0.01, real=0.06 secs] 
2016-09-25T23:00:31.679-0400: 89.362: [Full GC (Ergonomics) [PSYoungGen: 88064K->0K(175104K)] [ParOldGen: 509934K->512974K(524288K)] 597998K->512974K(699392K), [Metaspace: 43946K->43946K(1087488K)], 0.0588589 secs] [Times: user=0.57 sys=0.00, real=0.06 secs] 
2016-09-25T23:00:31.778-0400: 89.461: [Full GC (Ergonomics) [PSYoungGen: 88064K->0K(175104K)] [ParOldGen: 518525K->516370K(524288K)] 606589K->516370K(699392K), [Metaspace: 43946K->43946K(1087488K)], 0.0594155 secs] [Times: user=0.59 sys=0.00, real=0.06 secs] 
2016-09-25T23:00:31.878-0400: 89.561: [Full GC (Ergonomics) [PSYoungGen: 88064K->0K(175104K)] [ParOldGen: 519290K->514285K(524288K)] 607354K->514285K(699392K), [Metaspace: 43946K->43946K(1087488K)], 0.0617285 secs] [Times: user=0.62 sys=0.00, real=0.06 secs] 
2016-09-25T23:00:31.986-0400: 89.669: [Full GC (Ergonomics) [PSYoungGen: 88064K->0K(175104K)] [ParOldGen: 523869K->504157K(524288K)] 611933K->504157K(699392K), [Metaspace: 43946K->43946K(1087488K)], 0.0642381 secs] [Times: user=0.58 sys=0.01, real=0.06 secs] 
2016-09-25T23:00:32.086-0400: 89.769: [Full GC (Ergonomics) [PSYoungGen: 88064K->0K(175104K)] [ParOldGen: 510953K->515801K(524288K)] 599017K->515801K(699392K), [Metaspace: 43946K->43946K(1087488K)], 0.0694199 secs] [Times: user=0.62 sys=0.01, real=0.07 secs] 
2016-09-25T23:00:32.206-0400: 89.889: [Full GC (Ergonomics) [PSYoungGen: 88064K->0K(175104K)] [ParOldGen: 523955K->511095K(524288K)] 612019K->511095K(699392K), [Metaspace: 43946K->43946K(1087488K)], 0.0897442 secs] [Times: user=1.00 sys=0.04, real=0.09 secs] 
2016-09-25T23:00:32.332-0400: 90.015: [Full GC (Ergonomics) [PSYoungGen: 88064K->0K(175104K)] [ParOldGen: 511349K->516984K(524288K)] 599413K->516984K(699392K), [Metaspace: 43947K->43947K(1087488K)], 0.0490632 secs] [Times: user=0.40 sys=0.00, real=0.05 secs] 
2016-09-25T23:00:32.423-0400: 90.106: [Full GC (Ergonomics) [PSYoungGen: 88064K->0K(175104K)] [ParOldGen: 523749K->520510K(524288K)] 611813K->520510K(699392K), [Metaspace: 43947K->43947K(1087488K)], 0.0568903 secs] [Times: user=0.57 sys=0.00, real=0.05 secs] 
2016-09-25T23:00:32.531-0400: 90.214: [Full GC (Ergonomics) [PSYoungGen: 87387K->0K(175104K)] [ParOldGen: 523210K->508908K(524288K)] 610597K->508908K(699392K), [Metaspace: 43950K->43950K(1087488K)], 0.0498232 secs] [Times: user=0.40 sys=0.01, real=0.05 secs] 
2016-09-25T23:00:32.628-0400: 90.311: [Full GC (Ergonomics) [PSYoungGen: 88064K->0K(175104K)] [ParOldGen: 511704K->516303K(524288K)] 599768K->516303K(699392K), [Metaspace: 43950K->43950K(1087488K)], 0.0572275 secs] [Times: user=0.57 sys=0.00, real=0.06 secs] 
2016-09-25T23:00:32.727-0400: 90.410: [Full GC (Ergonomics) [PSYoungGen: 88064K->0K(175104K)] [ParOldGen: 519214K->515755K(524288K)] 607278K->515755K(699392K), [Metaspace: 43950K->43950K(1087488K)], 0.0599149 secs] [Times: user=0.61 sys=0.00, real=0.06 secs] 
2016-09-25T23:00:32.830-0400: 90.513: [Full GC (Ergonomics) [PSYoungGen: 88064K->0K(175104K)] [ParOldGen: 517351K->510917K(524288K)] 605415K->510917K(699392K), [Metaspace: 43950K->43950K(1087488K)], 0.0575122 secs] [Times: user=0.58 sys=0.00, real=0.06 secs] 
2016-09-25T23:00:32.924-0400: 90.607: [Full GC (Ergonomics) [PSYoungGen: 88064K->0K(175104K)] [ParOldGen: 513658K->523867K(524288K)] 601722K->523867K(699392K), [Metaspace: 43950K->43950K(1087488K)], 0.0508573 secs] [Times: user=0.45 sys=0.00, real=0.05 secs] 
2016-09-25T23:00:33.018-0400: 90.701: [Full GC (Ergonomics) [PSYoungGen: 88064K->0K(175104K)] [ParOldGen: 524018K->519092K(524288K)] 612082K->519092K(699392K), [Metaspace: 43950K->43950K(1087488K)], 0.0556592 secs] [Times: user=0.50 sys=0.01, real=0.05 secs] 
2016-09-25T23:00:33.109-0400: 90.792: [Full GC (Ergonomics) [PSYoungGen: 88064K->0K(175104K)] [ParOldGen: 523036K->516149K(524288K)] 611100K->516149K(699392K), [Metaspace: 43950K->43950K(1087488K)], 0.0879411 secs] [Times: user=1.07 sys=0.00, real=0.09 secs] 
2016-09-25T23:00:33.243-0400: 90.926: [Full GC (Ergonomics) [PSYoungGen: 88064K->0K(175104K)] [ParOldGen: 523405K->523573K(524288K)] 611469K->523573K(699392K), [Metaspace: 43950K->43950K(1087488K)], 0.0538335 secs] [Times: user=0.47 sys=0.00, real=0.05 secs] 
2016-09-25T23:00:33.343-0400: 91.026: [Full GC (Ergonomics) [PSYoungGen: 86757K->0K(175104K)] [ParOldGen: 523573K->507902K(524288K)] 610331K->507902K(699392K), [Metaspace: 43950K->43950K(1087488K)], 0.0570131 secs] [Times: user=0.52 sys=0.00, real=0.05 secs] 
2016-09-25T23:00:33.436-0400: 91.119: [Full GC (Ergonomics) [PSYoungGen: 88064K->0K(175104K)] [ParOldGen: 508041K->514053K(524288K)] 596105K->514053K(699392K), [Metaspace: 43950K->43950K(1087488K)], 0.0663166 secs] [Times: user=0.70 sys=0.00, real=0.07 secs] 
2016-09-25T23:00:33.550-0400: 91.233: [Full GC (Ergonomics) [PSYoungGen: 88064K->0K(175104K)] [ParOldGen: 516843K->517353K(524288K)] 604907K->517353K(699392K), [Metaspace: 43950K->43950K(1087488K)], 0.0616809 secs] [Times: user=0.64 sys=0.00, real=0.06 secs] 
2016-09-25T23:00:33.652-0400: 91.335: [Full GC (Ergonomics) [PSYoungGen: 88064K->0K(175104K)] [ParOldGen: 520212K->523599K(524288K)] 608276K->523599K(699392K), [Metaspace: 43957K->43957K(1087488K)], 0.0552762 secs] [Times: user=0.54 sys=0.01, real=0.06 secs] 
2016-09-25T23:00:33.754-0400: 91.437: [Full GC (Ergonomics) [PSYoungGen: 87736K->2700K(175104K)] [ParOldGen: 523599K->523608K(524288K)] 611336K->526309K(699392K), [Metaspace: 43957K->43957K(1087488K)], 0.1397983 secs] [Times: user=1.98 sys=0.02, real=0.14 secs] 
2016-09-25T23:00:33.933-0400: 91.616: [Full GC (Ergonomics) [PSYoungGen: 88064K->0K(175104K)] [ParOldGen: 524103K->512111K(524288K)] 612167K->512111K(699392K), [Metaspace: 43957K->43957K(1087488K)], 0.0648621 secs] [Times: user=0.59 sys=0.00, real=0.07 secs] 
2016-09-25T23:00:34.035-0400: 91.718: [Full GC (Ergonomics) [PSYoungGen: 88064K->5498K(175104K)] [ParOldGen: 513541K->522043K(524288K)] 601605K->527541K(699392K), [Metaspace: 43957K->43957K(1087488K)], 0.1547146 secs] [Times: user=2.29 sys=0.00, real=0.15 secs] 
2016-09-25T23:00:34.227-0400: 91.910: [Full GC (Ergonomics) [PSYoungGen: 88064K->2702K(175104K)] [ParOldGen: 522268K->522558K(524288K)] 610332K->525261K(699392K), [Metaspace: 43957K->43957K(1087488K)], 0.1497640 secs] [Times: user=2.21 sys=0.01, real=0.15 secs] 
2016-09-25T23:00:34.413-0400: 92.096: [Full GC (Ergonomics) [PSYoungGen: 88064K->2723K(175104K)] [ParOldGen: 522753K->523084K(524288K)] 610817K->525808K(699392K), [Metaspace: 43964K->43964K(1087488K)], 0.1488650 secs] [Times: user=2.17 sys=0.00, real=0.15 secs] 
2016-09-25T23:00:34.603-0400: 92.286: [Full GC (Ergonomics) [PSYoungGen: 88064K->5406K(175104K)] [ParOldGen: 523167K->523782K(524288K)] 611231K->529188K(699392K), [Metaspace: 43964K->43964K(1087488K)], 0.1486387 secs] [Times: user=2.17 sys=0.01, real=0.14 secs] 
2016-09-25T23:00:34.786-0400: 92.469: [Full GC (Ergonomics) [PSYoungGen: 87643K->3K(175104K)] [ParOldGen: 523782K->524284K(524288K)] 611426K->524288K(699392K), [Metaspace: 43964K->43964K(1087488K)], 0.0573517 secs] [Times: user=0.53 sys=0.00, real=0.06 secs] 
2016-09-25T23:00:34.880-0400: 92.563: [Full GC (Ergonomics) [PSYoungGen: 88064K->5401K(175104K)] [ParOldGen: 524284K->522057K(524288K)] 612348K->527459K(699392K), [Metaspace: 43964K->43964K(1087488K)], 0.1555875 secs] [Times: user=2.27 sys=0.01, real=0.16 secs] 
2016-09-25T23:00:35.078-0400: 92.761: [Full GC (Ergonomics) [PSYoungGen: 88064K->2702K(175104K)] [ParOldGen: 523411K->522655K(524288K)] 611475K->525357K(699392K), [Metaspace: 43964K->43964K(1087488K)], 0.1473128 secs] [Times: user=2.10 sys=0.02, real=0.15 secs] 
2016-09-25T23:00:35.268-0400: 92.951: [Full GC (Ergonomics) [PSYoungGen: 85947K->0K(175104K)] [ParOldGen: 522655K->520591K(524288K)] 608603K->520591K(699392K), [Metaspace: 43964K->43964K(1087488K)], 0.0556629 secs] [Times: user=0.54 sys=0.00, real=0.06 secs] 
2016-09-25T23:00:35.357-0400: 93.040: [Full GC (Ergonomics) [PSYoungGen: 88064K->13567K(175104K)] [ParOldGen: 523349K->523615K(524288K)] 611413K->537183K(699392K), [Metaspace: 43964K->43964K(1087488K)], 0.1593853 secs] [Times: user=2.30 sys=0.01, real=0.16 secs] 
2016-09-25T23:00:35.563-0400: 93.246: [Full GC (Ergonomics) [PSYoungGen: 87366K->2700K(175104K)] [ParOldGen: 523615K->522815K(524288K)] 610982K->525515K(699392K), [Metaspace: 43972K->43972K(1087488K)], 0.1630030 secs] [Times: user=2.17 sys=0.01, real=0.16 secs] 
2016-09-25T23:00:35.762-0400: 93.445: [Full GC (Ergonomics) [PSYoungGen: 88064K->9554K(175104K)] [ParOldGen: 523042K->523294K(524288K)] 611106K->532849K(699392K), [Metaspace: 43972K->43972K(1087488K)], 0.1565385 secs] [Times: user=2.27 sys=0.01, real=0.15 secs] 
2016-09-25T23:00:35.959-0400: 93.642: [Full GC (Ergonomics) [PSYoungGen: 88064K->0K(175104K)] [ParOldGen: 523446K->522531K(524288K)] 611510K->522531K(699392K), [Metaspace: 43972K->43972K(1087488K)], 0.0583185 secs] [Times: user=0.55 sys=0.01, real=0.06 secs] 
2016-09-25T23:00:36.055-0400: 93.738: [Full GC (Ergonomics) [PSYoungGen: 88064K->2700K(175104K)] [ParOldGen: 523887K->522732K(524288K)] 611951K->525432K(699392K), [Metaspace: 43972K->43972K(1087488K)], 0.1587409 secs] [Times: user=2.33 sys=0.00, real=0.15 secs] 
2016-09-25T23:00:36.255-0400: 93.938: [Full GC (Ergonomics) [PSYoungGen: 88064K->0K(175104K)] [ParOldGen: 524127K->523395K(524288K)] 612191K->523395K(699392K), [Metaspace: 43972K->43972K(1087488K)], 0.0562869 secs] [Times: user=0.50 sys=0.01, real=0.05 secs] 
2016-09-25T23:00:36.348-0400: 94.031: [Full GC (Ergonomics) [PSYoungGen: 88064K->6753K(175104K)] [ParOldGen: 523407K->522263K(524288K)] 611471K->529016K(699392K), [Metaspace: 43972K->43972K(1087488K)], 0.1545500 secs] [Times: user=2.31 sys=0.01, real=0.16 secs] 
2016-09-25T23:00:36.532-0400: 94.215: [Full GC (Ergonomics) [PSYoungGen: 86794K->14959K(175104K)] [ParOldGen: 522263K->522763K(524288K)] 609057K->537722K(699392K), [Metaspace: 43972K->43972K(1087488K)], 0.1434168 secs] [Times: user=1.93 sys=0.00, real=0.15 secs] 
2016-09-25T23:00:36.717-0400: 94.400: [Full GC (Ergonomics) [PSYoungGen: 87887K->4050K(175104K)] [ParOldGen: 522763K->523196K(524288K)] 610650K->527246K(699392K), [Metaspace: 43972K->43972K(1087488K)], 0.1447231 secs] [Times: user=2.07 sys=0.02, real=0.14 secs] 
2016-09-25T23:00:36.894-0400: 94.577: [Full GC (Ergonomics) [PSYoungGen: 87069K->10865K(175104K)] [ParOldGen: 523196K->522402K(524288K)] 610265K->533268K(699392K), [Metaspace: 43972K->43972K(1087488K)], 0.1567888 secs] [Times: user=2.31 sys=0.01, real=0.15 secs] 
2016-09-25T23:00:37.085-0400: 94.768: [Full GC (Ergonomics) [PSYoungGen: 88064K->5535K(175104K)] [ParOldGen: 523142K->524245K(524288K)] 611206K->529781K(699392K), [Metaspace: 43972K->43972K(1087488K)], 0.1495971 secs] [Times: user=2.19 sys=0.01, real=0.15 secs] 
2016-09-25T23:00:37.273-0400: 94.957: [Full GC (Ergonomics) [PSYoungGen: 88064K->10804K(175104K)] [ParOldGen: 524287K->523322K(524288K)] 612351K->534126K(699392K), [Metaspace: 43972K->43972K(1087488K)], 0.1627981 secs] [Times: user=2.08 sys=0.05, real=0.17 secs] 
2016-09-25T23:00:37.473-0400: 95.156: [Full GC (Ergonomics) [PSYoungGen: 87765K->2721K(175104K)] [ParOldGen: 523322K->523597K(524288K)] 611088K->526319K(699392K), [Metaspace: 43972K->43972K(1087488K)], 0.1552907 secs] [Times: user=2.23 sys=0.02, real=0.16 secs] 
2016-09-25T23:00:37.669-0400: 95.352: [Full GC (Ergonomics) [PSYoungGen: 87940K->8176K(175104K)] [ParOldGen: 523597K->522835K(524288K)] 611538K->531011K(699392K), [Metaspace: 43972K->43972K(1087488K)], 0.1554018 secs] [Times: user=2.27 sys=0.02, real=0.16 secs] 
2016-09-25T23:00:37.860-0400: 95.543: [Full GC (Ergonomics) [PSYoungGen: 86662K->5414K(175104K)] [ParOldGen: 522835K->521881K(524288K)] 609498K->527295K(699392K), [Metaspace: 43972K->43972K(1087488K)], 0.1521444 secs] [Times: user=2.24 sys=0.00, real=0.15 secs] 
2016-09-25T23:00:38.049-0400: 95.732: [Full GC (Ergonomics) [PSYoungGen: 86584K->14919K(175104K)] [ParOldGen: 521881K->523771K(524288K)] 608465K->538690K(699392K), [Metaspace: 43972K->43972K(1087488K)], 0.1489883 secs] [Times: user=2.12 sys=0.01, real=0.15 secs] 
2016-09-25T23:00:38.232-0400: 95.915: [Full GC (Ergonomics) [PSYoungGen: 88064K->13569K(175104K)] [ParOldGen: 524247K->524239K(524288K)] 612311K->537809K(699392K), [Metaspace: 43972K->43972K(1087488K)], 0.1476786 secs] [Times: user=2.08 sys=0.03, real=0.15 secs] 
2016-09-25T23:00:38.416-0400: 96.099: [Full GC (Ergonomics) [PSYoungGen: 87749K->9525K(175104K)] [ParOldGen: 524239K->523215K(524288K)] 611989K->532740K(699392K), [Metaspace: 43972K->43972K(1087488K)], 0.1473736 secs] [Times: user=2.15 sys=0.00, real=0.15 secs] 
2016-09-25T23:00:38.597-0400: 96.280: [Full GC (Ergonomics) [PSYoungGen: 85979K->8102K(175104K)] [ParOldGen: 523215K->523650K(524288K)] 609194K->531753K(699392K), [Metaspace: 43972K->43972K(1087488K)], 0.1486988 secs] [Times: user=2.19 sys=0.00, real=0.15 secs] 
2016-09-25T23:00:38.782-0400: 96.466: [Full GC (Ergonomics) [PSYoungGen: 88064K->9617K(175104K)] [ParOldGen: 524115K->524157K(524288K)] 612179K->533775K(699392K), [Metaspace: 43972K->43972K(1087488K)], 0.1571475 secs] [Times: user=2.30 sys=0.01, real=0.15 secs] 
2016-09-25T23:00:38.972-0400: 96.655: [Full GC (Ergonomics) [PSYoungGen: 87445K->9451K(175104K)] [ParOldGen: 524157K->523099K(524288K)] 611602K->532551K(699392K), [Metaspace: 43972K->43972K(1087488K)], 0.1455367 secs] [Times: user=2.07 sys=0.01, real=0.15 secs] 
2016-09-25T23:00:39.154-0400: 96.837: [Full GC (Ergonomics) [PSYoungGen: 87221K->2826K(175104K)] [ParOldGen: 523099K->523524K(524288K)] 610320K->526350K(699392K), [Metaspace: 43972K->43972K(1087488K)], 0.1595196 secs] [Times: user=2.23 sys=0.03, real=0.16 secs] 
2016-09-25T23:00:39.351-0400: 97.034: [Full GC (Ergonomics) [PSYoungGen: 87679K->19080K(175104K)] [ParOldGen: 523524K->522481K(524288K)] 611204K->541562K(699392K), [Metaspace: 43972K->43972K(1087488K)], 0.1597297 secs] [Times: user=2.25 sys=0.01, real=0.16 secs] 
2016-09-25T23:00:39.549-0400: 97.232: [Full GC (Ergonomics) [PSYoungGen: 88064K->14939K(175104K)] [ParOldGen: 522718K->524133K(524288K)] 610782K->539072K(699392K), [Metaspace: 43972K->43972K(1087488K)], 0.1521617 secs] [Times: user=2.24 sys=0.02, real=0.15 secs] 
2016-09-25T23:00:39.726-0400: 97.409: [Full GC (Ergonomics) [PSYoungGen: 88064K->17750K(175104K)] [ParOldGen: 524278K->521755K(524288K)] 612342K->539506K(699392K), [Metaspace: 43972K->43972K(1087488K)], 0.1539165 secs] [Times: user=2.27 sys=0.01, real=0.15 secs] 
2016-09-25T23:00:39.915-0400: 97.598: [Full GC (Ergonomics) [PSYoungGen: 88064K->15024K(175104K)] [ParOldGen: 523339K->522163K(524288K)] 611403K->537188K(699392K), [Metaspace: 43972K->43972K(1087488K)], 0.1583959 secs] [Times: user=2.27 sys=0.00, real=0.15 secs] 
2016-09-25T23:00:40.107-0400: 97.790: [Full GC (Ergonomics) [PSYoungGen: 88064K->10938K(175104K)] [ParOldGen: 522178K->523854K(524288K)] 610242K->534793K(699392K), [Metaspace: 43972K->43972K(1087488K)], 0.1507525 secs] [Times: user=2.19 sys=0.03, real=0.15 secs] 
2016-09-25T23:00:40.289-0400: 97.972: [Full GC (Ergonomics) [PSYoungGen: 88031K->17716K(175104K)] [ParOldGen: 523854K->522929K(524288K)] 611886K->540645K(699392K), [Metaspace: 43972K->43972K(1087488K)], 0.1487840 secs] [Times: user=2.12 sys=0.00, real=0.15 secs] 
2016-09-25T23:00:40.480-0400: 98.163: [Full GC (Ergonomics) [PSYoungGen: 86842K->1351K(175104K)] [ParOldGen: 522929K->523308K(524288K)] 609771K->524660K(699392K), [Metaspace: 43972K->43972K(1087488K)], 0.1548322 secs] [Times: user=2.29 sys=0.01, real=0.16 secs] 
2016-09-25T23:00:40.671-0400: 98.354: [Full GC (Ergonomics) [PSYoungGen: 88064K->18942K(175104K)] [ParOldGen: 523563K->523966K(524288K)] 611627K->542909K(699392K), [Metaspace: 43972K->43972K(1087488K)], 0.1506161 secs] [Times: user=2.19 sys=0.01, real=0.15 secs] 
2016-09-25T23:00:40.861-0400: 98.544: [Full GC (Ergonomics) [PSYoungGen: 88064K->10957K(175104K)] [ParOldGen: 524016K->522604K(524288K)] 612080K->533561K(699392K), [Metaspace: 43972K->43972K(1087488K)], 0.1521344 secs] [Times: user=2.18 sys=0.00, real=0.15 secs] 
2016-09-25T23:00:41.042-0400: 98.725: [Full GC (Ergonomics) [PSYoungGen: 85689K->20481K(175104K)] [ParOldGen: 522604K->521620K(524288K)] 608293K->542101K(699392K), [Metaspace: 43972K->43972K(1087488K)], 0.1528229 secs] [Times: user=2.23 sys=0.01, real=0.16 secs] 
2016-09-25T23:00:41.231-0400: 98.914: [Full GC (Ergonomics) [PSYoungGen: 87785K->5551K(175104K)] [ParOldGen: 522970K->523322K(524288K)] 610755K->528874K(699392K), [Metaspace: 43972K->43972K(1087488K)], 0.1587966 secs] [Times: user=2.38 sys=0.00, real=0.16 secs] 
2016-09-25T23:00:41.427-0400: 99.110: [Full GC (Ergonomics) [PSYoungGen: 85522K->13734K(175104K)] [ParOldGen: 523322K->523822K(524288K)] 608845K->537557K(699392K), [Metaspace: 43972K->43972K(1087488K)], 0.1541959 secs] [Times: user=2.22 sys=0.01, real=0.15 secs] 
2016-09-25T23:00:41.617-0400: 99.300: [Full GC (Ergonomics) [PSYoungGen: 86798K->5525K(175104K)] [ParOldGen: 523822K->524252K(524288K)] 610620K->529778K(699392K), [Metaspace: 43972K->43972K(1087488K)], 0.1663535 secs] [Times: user=2.39 sys=0.01, real=0.17 secs] 
2016-09-25T23:00:41.821-0400: 99.504: [Full GC (Ergonomics) [PSYoungGen: 87586K->4185K(175104K)] [ParOldGen: 524252K->523276K(524288K)] 611839K->527461K(699392K), [Metaspace: 43972K->43972K(1087488K)], 0.1486409 secs] [Times: user=2.20 sys=0.02, real=0.15 secs] 
2016-09-25T23:00:42.009-0400: 99.692: [Full GC (Ergonomics) [PSYoungGen: 86549K->14918K(175104K)] [ParOldGen: 523276K->523610K(524288K)] 609825K->538528K(699392K), [Metaspace: 43972K->43972K(1087488K)], 0.1533455 secs] [Times: user=2.18 sys=0.01, real=0.16 secs] 
2016-09-25T23:00:42.196-0400: 99.879: [Full GC (Ergonomics) [PSYoungGen: 88064K->10950K(175104K)] [ParOldGen: 523813K->522593K(524288K)] 611877K->533544K(699392K), [Metaspace: 43972K->43972K(1087488K)], 0.1446758 secs] [Times: user=2.14 sys=0.00, real=0.14 secs] 
2016-09-25T23:00:42.375-0400: 100.058: [Full GC (Ergonomics) [PSYoungGen: 87909K->16391K(175104K)] [ParOldGen: 523943K->522863K(524288K)] 611853K->539255K(699392K), [Metaspace: 43972K->43972K(1087488K)], 0.1570412 secs] [Times: user=2.28 sys=0.04, real=0.15 secs] 
2016-09-25T23:00:42.558-0400: 100.241: [Full GC (Ergonomics) [PSYoungGen: 88064K->20470K(175104K)] [ParOldGen: 523075K->521806K(524288K)] 611139K->542277K(699392K), [Metaspace: 43972K->43972K(1087488K)], 0.1514933 secs] [Times: user=2.21 sys=0.01, real=0.15 secs] 
2016-09-25T23:00:42.739-0400: 100.422: [Full GC (Ergonomics) [PSYoungGen: 86876K->20482K(175104K)] [ParOldGen: 521806K->522151K(524288K)] 608683K->542633K(699392K), [Metaspace: 43972K->43972K(1087488K)], 0.1552071 secs] [Times: user=2.25 sys=0.02, real=0.15 secs] 
2016-09-25T23:00:42.926-0400: 100.609: [Full GC (Ergonomics) [PSYoungGen: 88064K->17746K(175104K)] [ParOldGen: 522291K->522421K(524288K)] 610355K->540167K(699392K), [Metaspace: 43972K->43972K(1087488K)], 0.1524545 secs] [Times: user=2.21 sys=0.02, real=0.15 secs] 
2016-09-25T23:00:43.107-0400: 100.790: [Full GC (Ergonomics) [PSYoungGen: 88064K->12374K(175104K)] [ParOldGen: 523082K->522801K(524288K)] 611146K->535176K(699392K), [Metaspace: 43972K->43972K(1087488K)], 0.1572422 secs] [Times: user=2.33 sys=0.01, real=0.16 secs] 
2016-09-25T23:00:43.303-0400: 100.986: [Full GC (Ergonomics) [PSYoungGen: 88064K->20584K(175104K)] [ParOldGen: 522840K->522963K(524288K)] 610904K->543548K(699392K), [Metaspace: 43975K->43975K(1087488K)], 0.1668930 secs] [Times: user=2.35 sys=0.01, real=0.16 secs] 
2016-09-25T23:00:43.500-0400: 101.183: [Full GC (Ergonomics) [PSYoungGen: 88064K->24545K(175104K)] [ParOldGen: 523045K->521994K(524288K)] 611109K->546540K(699392K), [Metaspace: 43975K->43975K(1087488K)], 0.1536121 secs] [Times: user=2.24 sys=0.02, real=0.15 secs] 
2016-09-25T23:00:43.678-0400: 101.361: [Full GC (Ergonomics) [PSYoungGen: 86693K->16462K(175104K)] [ParOldGen: 521994K->522332K(524288K)] 608688K->538795K(699392K), [Metaspace: 43975K->43975K(1087488K)], 0.1513417 secs] [Times: user=2.13 sys=0.01, real=0.15 secs] 
2016-09-25T23:00:43.866-0400: 101.549: [Full GC (Ergonomics) [PSYoungGen: 88064K->17884K(175104K)] [ParOldGen: 522449K->523817K(524288K)] 610513K->541701K(699392K), [Metaspace: 43975K->43975K(1087488K)], 0.1610662 secs] [Times: user=2.38 sys=0.02, real=0.16 secs] 
2016-09-25T23:00:44.052-0400: 101.735: [Full GC (Ergonomics) [PSYoungGen: 88061K->27175K(175104K)] [ParOldGen: 523843K->523114K(524288K)] 611904K->550289K(699392K), [Metaspace: 43975K->43975K(1087488K)], 0.1465913 secs] [Times: user=2.14 sys=0.00, real=0.15 secs] 
2016-09-25T23:00:44.231-0400: 101.914: [Full GC (Ergonomics) [PSYoungGen: 88064K->16386K(175104K)] [ParOldGen: 523317K->521988K(524288K)] 611381K->538374K(699392K), [Metaspace: 43975K->43975K(1087488K)], 0.1568106 secs] [Times: user=2.34 sys=0.01, real=0.16 secs] 
2016-09-25T23:00:44.415-0400: 102.098: [Full GC (Ergonomics) [PSYoungGen: 86756K->23196K(175104K)] [ParOldGen: 521988K->522236K(524288K)] 608744K->545432K(699392K), [Metaspace: 43976K->43976K(1087488K)], 0.1398781 secs] [Times: user=2.03 sys=0.02, real=0.14 secs] 
2016-09-25T23:00:44.589-0400: 102.272: [Full GC (Ergonomics) [PSYoungGen: 88064K->18989K(175104K)] [ParOldGen: 523656K->523999K(524288K)] 611720K->542989K(699392K), [Metaspace: 43976K->43976K(1087488K)], 0.1574746 secs] [Times: user=2.31 sys=0.01, real=0.16 secs] 
2016-09-25T23:00:44.768-0400: 102.451: [Full GC (Ergonomics) [PSYoungGen: 87432K->24528K(175104K)] [ParOldGen: 523999K->524246K(524288K)] 611432K->548774K(699392K), [Metaspace: 43976K->43976K(1087488K)], 0.1551975 secs] [Times: user=2.28 sys=0.02, real=0.16 secs] 
2016-09-25T23:00:44.964-0400: 102.647: [Full GC (Ergonomics) [PSYoungGen: 88064K->13680K(175104K)] [ParOldGen: 524276K->523180K(524288K)] 612340K->536860K(699392K), [Metaspace: 43980K->43980K(1087488K)], 0.1607994 secs] [Times: user=2.34 sys=0.03, real=0.16 secs] 
2016-09-25T23:00:45.149-0400: 102.832: [Full GC (Ergonomics) [PSYoungGen: 88064K->22012K(175104K)] [ParOldGen: 523215K->523453K(524288K)] 611279K->545466K(699392K), [Metaspace: 43980K->43980K(1087488K)], 0.1548400 secs] [Times: user=2.26 sys=0.01, real=0.16 secs] 
2016-09-25T23:00:45.348-0400: 103.031: [Full GC (Ergonomics) [PSYoungGen: 88064K->22082K(175104K)] [ParOldGen: 523461K->523592K(524288K)] 611525K->545674K(699392K), [Metaspace: 43982K->43982K(1087488K)], 0.1689371 secs] [Times: user=2.35 sys=0.03, real=0.17 secs] 
2016-09-25T23:00:45.541-0400: 103.224: [Full GC (Ergonomics) [PSYoungGen: 87229K->27620K(175104K)] [ParOldGen: 523592K->522185K(524288K)] 610822K->549805K(699392K), [Metaspace: 43982K->43982K(1087488K)], 0.1473842 secs] [Times: user=2.18 sys=0.00, real=0.15 secs] 
2016-09-25T23:00:45.715-0400: 103.399: [Full GC (Ergonomics) [PSYoungGen: 88004K->23205K(175104K)] [ParOldGen: 522185K->524004K(524288K)] 610190K->547210K(699392K), [Metaspace: 43982K->43982K(1087488K)], 0.1489334 secs] [Times: user=2.18 sys=0.01, real=0.15 secs] 
2016-09-25T23:00:45.886-0400: 103.569: [Full GC (Ergonomics) [PSYoungGen: 88063K->30034K(175104K)] [ParOldGen: 524034K->522952K(524288K)] 612097K->552987K(699392K), [Metaspace: 43982K->43982K(1087488K)], 0.1602656 secs] [Times: user=2.30 sys=0.02, real=0.16 secs] 
2016-09-25T23:00:46.074-0400: 103.757: [Full GC (Ergonomics) [PSYoungGen: 86669K->26135K(175104K)] [ParOldGen: 522952K->521646K(524288K)] 609622K->547781K(699392K), [Metaspace: 43982K->43982K(1087488K)], 0.1560151 secs] [Times: user=2.24 sys=0.01, real=0.16 secs] 
2016-09-25T23:00:46.262-0400: 103.945: [Full GC (Ergonomics) [PSYoungGen: 88064K->19304K(175104K)] [ParOldGen: 523049K->523416K(524288K)] 611113K->542721K(699392K), [Metaspace: 43982K->43982K(1087488K)], 0.1545255 secs] [Times: user=2.27 sys=0.01, real=0.15 secs] 
2016-09-25T23:00:46.439-0400: 104.123: [Full GC (Ergonomics) [PSYoungGen: 88064K->27337K(175104K)] [ParOldGen: 523539K->523808K(524288K)] 611603K->551146K(699392K), [Metaspace: 43982K->43982K(1087488K)], 0.1596976 secs] [Times: user=2.38 sys=0.01, real=0.16 secs] 
2016-09-25T23:00:46.631-0400: 104.314: [Full GC (Ergonomics) [PSYoungGen: 86884K->19107K(175104K)] [ParOldGen: 523808K->524231K(524288K)] 610693K->543339K(699392K), [Metaspace: 43982K->43982K(1087488K)], 0.1552127 secs] [Times: user=2.29 sys=0.00, real=0.16 secs] 
2016-09-25T23:00:46.821-0400: 104.504: [Full GC (Ergonomics) [PSYoungGen: 87250K->20588K(175104K)] [ParOldGen: 524231K->523056K(524288K)] 611482K->543644K(699392K), [Metaspace: 43982K->43982K(1087488K)], 0.1519026 secs] [Times: user=2.17 sys=0.01, real=0.15 secs] 
2016-09-25T23:00:46.996-0400: 104.679: [Full GC (Ergonomics) [PSYoungGen: 86830K->27378K(175104K)] [ParOldGen: 523056K->522016K(524288K)] 609887K->549394K(699392K), [Metaspace: 43982K->43982K(1087488K)], 0.1548499 secs] [Times: user=2.25 sys=0.00, real=0.15 secs] 
2016-09-25T23:00:47.183-0400: 104.866: [Full GC (Ergonomics) [PSYoungGen: 87923K->20609K(175104K)] [ParOldGen: 522016K->522281K(524288K)] 609939K->542890K(699392K), [Metaspace: 43982K->43982K(1087488K)], 0.1557620 secs] [Times: user=2.28 sys=0.02, real=0.15 secs] 
2016-09-25T23:00:47.373-0400: 105.057: [Full GC (Ergonomics) [PSYoungGen: 87306K->21782K(175104K)] [ParOldGen: 522281K->522766K(524288K)] 609587K->544548K(699392K), [Metaspace: 43982K->43982K(1087488K)], 0.1585503 secs] [Times: user=2.26 sys=0.01, real=0.16 secs] 
2016-09-25T23:00:47.565-0400: 105.248: [Full GC (Ergonomics) [PSYoungGen: 88064K->15134K(175104K)] [ParOldGen: 524226K->521680K(524288K)] 612290K->536815K(699392K), [Metaspace: 43982K->43982K(1087488K)], 0.1552674 secs] [Times: user=2.16 sys=0.02, real=0.15 secs] 
2016-09-25T23:00:47.745-0400: 105.428: [Full GC (Ergonomics) [PSYoungGen: 87167K->24624K(175104K)] [ParOldGen: 521680K->523235K(524288K)] 608848K->547859K(699392K), [Metaspace: 43985K->43985K(1087488K)], 0.1603357 secs] [Times: user=2.36 sys=0.01, real=0.16 secs] 
2016-09-25T23:00:47.933-0400: 105.616: [Full GC (Ergonomics) [PSYoungGen: 87036K->24613K(175104K)] [ParOldGen: 523235K->523497K(524288K)] 610271K->548110K(699392K), [Metaspace: 43985K->43985K(1087488K)], 0.1564550 secs] [Times: user=2.29 sys=0.01, real=0.16 secs] 
2016-09-25T23:00:48.122-0400: 105.805: [Full GC (Ergonomics) [PSYoungGen: 88064K->27454K(175104K)] [ParOldGen: 523500K->523785K(524288K)] 611564K->551240K(699392K), [Metaspace: 44002K->44002K(1087488K)], 0.1818725 secs] [Times: user=2.70 sys=0.02, real=0.19 secs] 
2016-09-25T23:00:48.335-0400: 106.018: [Full GC (Ergonomics) [PSYoungGen: 88064K->25927K(175104K)] [ParOldGen: 523946K->524129K(524288K)] 612010K->550057K(699392K), [Metaspace: 44002K->44002K(1087488K)], 0.1621038 secs] [Times: user=2.34 sys=0.02, real=0.16 secs] 
2016-09-25T23:00:48.524-0400: 106.207: [Full GC (Ergonomics) [PSYoungGen: 88064K->30184K(175104K)] [ParOldGen: 524212K->524182K(524288K)] 612276K->554366K(699392K), [Metaspace: 44028K->44028K(1087488K)], 0.1624280 secs] [Times: user=2.23 sys=0.02, real=0.16 secs] 
2016-09-25T23:00:48.716-0400: 106.399: [Full GC (Ergonomics) [PSYoungGen: 88064K->21944K(175104K)] [ParOldGen: 524203K->523305K(524288K)] 612267K->545249K(699392K), [Metaspace: 44031K->44031K(1087488K)], 0.1693298 secs] [Times: user=2.64 sys=0.02, real=0.17 secs] 
2016-09-25T23:00:48.917-0400: 106.600: [Full GC (Ergonomics) [PSYoungGen: 86791K->21939K(175104K)] [ParOldGen: 523305K->523536K(524288K)] 610096K->545475K(699392K), [Metaspace: 44031K->44031K(1087488K)], 0.1627043 secs] [Times: user=2.44 sys=0.05, real=0.16 secs] 
2016-09-25T23:00:49.109-0400: 106.792: [Full GC (Ergonomics) [PSYoungGen: 86603K->30111K(175104K)] [ParOldGen: 523536K->522401K(524288K)] 610139K->552513K(699392K), [Metaspace: 44031K->44031K(1087488K)], 0.1570558 secs] [Times: user=2.32 sys=0.02, real=0.16 secs] 
2016-09-25T23:00:49.302-0400: 106.985: [Full GC (Ergonomics) [PSYoungGen: 88064K->28992K(175104K)] [ParOldGen: 523796K->523853K(524288K)] 611860K->552845K(699392K), [Metaspace: 44035K->44035K(1087488K)], 0.2133083 secs] [Times: user=3.32 sys=0.06, real=0.21 secs] 
2016-09-25T23:00:49.540-0400: 107.223: [Full GC (Ergonomics) [PSYoungGen: 85715K->23349K(175104K)] [ParOldGen: 523853K->524280K(524288K)] 609569K->547630K(699392K), [Metaspace: 44035K->44035K(1087488K)], 0.1677369 secs] [Times: user=2.79 sys=0.06, real=0.17 secs] 
2016-09-25T23:00:49.738-0400: 107.421: [Full GC (Ergonomics) [PSYoungGen: 87748K->25988K(175104K)] [ParOldGen: 524280K->523315K(524288K)] 612029K->549303K(699392K), [Metaspace: 44038K->44038K(1087488K)], 0.1646121 secs] [Times: user=2.60 sys=0.03, real=0.17 secs] 
2016-09-25T23:00:49.929-0400: 107.612: [Full GC (Ergonomics) [PSYoungGen: 87029K->30270K(175104K)] [ParOldGen: 523315K->522030K(524288K)] 610344K->552301K(699392K), [Metaspace: 44038K->44038K(1087488K)], 0.1590800 secs] [Times: user=2.47 sys=0.04, real=0.16 secs] 
2016-09-25T23:00:50.116-0400: 107.799: [Full GC (Ergonomics) [PSYoungGen: 88064K->32945K(175104K)] [ParOldGen: 522089K->523620K(524288K)] 610153K->556566K(699392K), [Metaspace: 44038K->44038K(1087488K)], 0.1598010 secs] [Times: user=2.26 sys=0.01, real=0.16 secs] 
2016-09-25T23:00:50.307-0400: 107.990: [Full GC (Ergonomics) [PSYoungGen: 88064K->22072K(175104K)] [ParOldGen: 523620K->522692K(524288K)] 611684K->544764K(699392K), [Metaspace: 44038K->44038K(1087488K)], 0.1643056 secs] [Times: user=2.23 sys=0.01, real=0.16 secs] 
2016-09-25T23:00:50.493-0400: 108.176: [Full GC (Ergonomics) [PSYoungGen: 87630K->30286K(175104K)] [ParOldGen: 522692K->524166K(524288K)] 610322K->554452K(699392K), [Metaspace: 44038K->44038K(1087488K)], 0.1608135 secs] [Times: user=2.21 sys=0.00, real=0.16 secs] 
2016-09-25T23:00:50.685-0400: 108.368: [Full GC (Ergonomics) [PSYoungGen: 88064K->26269K(175104K)] [ParOldGen: 524177K->522977K(524288K)] 612241K->549247K(699392K), [Metaspace: 44038K->44038K(1087488K)], 0.1682384 secs] [Times: user=2.52 sys=0.03, real=0.16 secs] 
2016-09-25T23:00:50.882-0400: 108.565: [Full GC (Ergonomics) [PSYoungGen: 88064K->35728K(175104K)] [ParOldGen: 523051K->523359K(524288K)] 611115K->559088K(699392K), [Metaspace: 44038K->44038K(1087488K)], 0.1667292 secs] [Times: user=2.20 sys=0.00, real=0.17 secs] 
2016-09-25T23:00:51.077-0400: 108.760: [Full GC (Ergonomics) [PSYoungGen: 88064K->34370K(175104K)] [ParOldGen: 523435K->523503K(524288K)] 611499K->557874K(699392K), [Metaspace: 44039K->44039K(1087488K)], 0.1718587 secs] [Times: user=2.28 sys=0.01, real=0.17 secs] 
2016-09-25T23:00:51.274-0400: 108.957: [Full GC (Ergonomics) [PSYoungGen: 86707K->27578K(175104K)] [ParOldGen: 523503K->522456K(524288K)] 610211K->550034K(699392K), [Metaspace: 44039K->44039K(1087488K)], 0.1831671 secs] [Times: user=2.34 sys=0.07, real=0.18 secs] 
2016-09-25T23:00:51.485-0400: 109.168: [Full GC (Ergonomics) [PSYoungGen: 88064K->39871K(175104K)] [ParOldGen: 523998K->523980K(524288K)] 612062K->563851K(699392K), [Metaspace: 44039K->44039K(1087488K)], 0.1783233 secs] [Times: user=2.24 sys=0.02, real=0.18 secs] 
2016-09-25T23:00:51.692-0400: 109.375: [Full GC (Ergonomics) [PSYoungGen: 85566K->31696K(175104K)] [ParOldGen: 523980K->524101K(524288K)] 609547K->555798K(699392K), [Metaspace: 44039K->44039K(1087488K)], 0.1673419 secs] [Times: user=2.21 sys=0.01, real=0.17 secs] 
2016-09-25T23:00:51.885-0400: 109.568: [Full GC (Ergonomics) [PSYoungGen: 88064K->38638K(175104K)] [ParOldGen: 524215K->522892K(524288K)] 612279K->561531K(699392K), [Metaspace: 44039K->44039K(1087488K)], 0.1605308 secs] [Times: user=2.10 sys=0.01, real=0.16 secs] 
2016-09-25T23:00:52.071-0400: 109.754: [Full GC (Ergonomics) [PSYoungGen: 88047K->35804K(175104K)] [ParOldGen: 524242K->523242K(524288K)] 612290K->559046K(699392K), [Metaspace: 44039K->44039K(1087488K)], 0.1696868 secs] [Times: user=2.31 sys=0.02, real=0.17 secs] 
2016-09-25T23:00:52.269-0400: 109.952: [Full GC (Ergonomics) [PSYoungGen: 87758K->27613K(175104K)] [ParOldGen: 523242K->523525K(524288K)] 611000K->551138K(699392K), [Metaspace: 44039K->44039K(1087488K)], 0.1548613 secs] [Times: user=2.16 sys=0.00, real=0.16 secs] 
2016-09-25T23:00:52.456-0400: 110.139: [Full GC (Ergonomics) [PSYoungGen: 88064K->41193K(175104K)] [ParOldGen: 523636K->523664K(524288K)] 611700K->564857K(699392K), [Metaspace: 44039K->44039K(1087488K)], 0.1686265 secs] [Times: user=2.39 sys=0.02, real=0.17 secs] 
2016-09-25T23:00:52.656-0400: 110.339: [Full GC (Ergonomics) [PSYoungGen: 86157K->30331K(175104K)] [ParOldGen: 523664K->523883K(524288K)] 609822K->554214K(699392K), [Metaspace: 44039K->44039K(1087488K)], 0.1560958 secs] [Times: user=2.15 sys=0.02, real=0.15 secs] 
2016-09-25T23:00:52.834-0400: 110.517: [Full GC (Ergonomics) [PSYoungGen: 88064K->33004K(175104K)] [ParOldGen: 523906K->522924K(524288K)] 611970K->555928K(699392K), [Metaspace: 44039K->44039K(1087488K)], 0.1653008 secs] [Times: user=2.14 sys=0.01, real=0.17 secs] 
2016-09-25T23:00:53.000-0400: 110.683: [Full GC (Ergonomics) [PSYoungGen: 38569K->38400K(175104K)] [ParOldGen: 522924K->522923K(524288K)] 561493K->561323K(699392K), [Metaspace: 44039K->44039K(1087488K)], 0.0740072 secs] [Times: user=0.72 sys=0.01, real=0.08 secs] 
2016-09-25T23:00:53.099-0400: 110.783: [Full GC (Ergonomics) [PSYoungGen: 88064K->35773K(175104K)] [ParOldGen: 522949K->524256K(524288K)] 611013K->560030K(699392K), [Metaspace: 44041K->44041K(1087488K)], 0.1778274 secs] [Times: user=2.03 sys=0.00, real=0.18 secs] 
2016-09-25T23:00:53.308-0400: 110.992: [Full GC (Ergonomics) [PSYoungGen: 88064K->34495K(175104K)] [ParOldGen: 524287K->523057K(524288K)] 612351K->557552K(699392K), [Metaspace: 44041K->44041K(1087488K)], 0.1871262 secs] [Times: user=2.63 sys=0.01, real=0.19 secs] 
2016-09-25T23:00:53.517-0400: 111.200: [Full GC (Ergonomics) [PSYoungGen: 88064K->28851K(175104K)] [ParOldGen: 523078K->523687K(524288K)] 611142K->552539K(699392K), [Metaspace: 44041K->44041K(1087488K)], 0.1650203 secs] [Times: user=2.30 sys=0.02, real=0.16 secs] 
2016-09-25T23:00:53.721-0400: 111.404: [Full GC (Ergonomics) [PSYoungGen: 87738K->26313K(175104K)] [ParOldGen: 523687K->523731K(524288K)] 611426K->550045K(699392K), [Metaspace: 44042K->44042K(1087488K)], 0.1675106 secs] [Times: user=2.10 sys=0.01, real=0.17 secs] 
2016-09-25T23:00:53.911-0400: 111.594: [Full GC (Ergonomics) [PSYoungGen: 86041K->34341K(175104K)] [ParOldGen: 523731K->524049K(524288K)] 609772K->558390K(699392K), [Metaspace: 44042K->44042K(1087488K)], 0.1487092 secs] [Times: user=1.93 sys=0.02, real=0.15 secs] 
2016-09-25T23:00:54.087-0400: 111.770: [Full GC (Ergonomics) [PSYoungGen: 87471K->31681K(175104K)] [ParOldGen: 524049K->524278K(524288K)] 611520K->555959K(699392K), [Metaspace: 44042K->44042K(1087488K)], 0.1669587 secs] [Times: user=2.22 sys=0.01, real=0.17 secs] 
2016-09-25T23:00:54.281-0400: 111.964: [Full GC (Ergonomics) [PSYoungGen: 88064K->32998K(175104K)] [ParOldGen: 524287K->521661K(524288K)] 612351K->554659K(699392K), [Metaspace: 44042K->44042K(1087488K)], 0.1665486 secs] [Times: user=2.10 sys=0.01, real=0.17 secs] 
2016-09-25T23:00:54.477-0400: 112.160: [Full GC (Ergonomics) [PSYoungGen: 85422K->30516K(175104K)] [ParOldGen: 521661K->523051K(524288K)] 607084K->553568K(699392K), [Metaspace: 44042K->44042K(1087488K)], 0.1624347 secs] [Times: user=2.04 sys=0.00, real=0.16 secs] 
2016-09-25T23:00:54.669-0400: 112.352: [Full GC (Ergonomics) [PSYoungGen: 86872K->37262K(175104K)] [ParOldGen: 523051K->521898K(524288K)] 609924K->559160K(699392K), [Metaspace: 44042K->44042K(1087488K)], 0.1794040 secs] [Times: user=2.27 sys=0.01, real=0.18 secs] 
2016-09-25T23:00:54.883-0400: 112.566: [Full GC (Ergonomics) [PSYoungGen: 88064K->42559K(175104K)] [ParOldGen: 521992K->522203K(524288K)] 610056K->564763K(699392K), [Metaspace: 44042K->44042K(1087488K)], 0.1661263 secs] [Times: user=2.07 sys=0.02, real=0.16 secs] 
2016-09-25T23:00:55.080-0400: 112.764: [Full GC (Ergonomics) [PSYoungGen: 88064K->24862K(175104K)] [ParOldGen: 522248K->523889K(524288K)] 610312K->548752K(699392K), [Metaspace: 44042K->44042K(1087488K)], 0.1590173 secs] [Times: user=2.08 sys=0.01, real=0.16 secs] 
2016-09-25T23:00:55.264-0400: 112.947: [Full GC (Ergonomics) [PSYoungGen: 88064K->38464K(175104K)] [ParOldGen: 523965K->524125K(524288K)] 612029K->562589K(699392K), [Metaspace: 44042K->44042K(1087488K)], 0.1337361 secs] [Times: user=1.61 sys=0.01, real=0.13 secs] 
2016-09-25T23:00:55.438-0400: 113.121: [Full GC (Ergonomics) [PSYoungGen: 88064K->37137K(175104K)] [ParOldGen: 524174K->522911K(524288K)] 612238K->560048K(699392K), [Metaspace: 44042K->44042K(1087488K)], 0.2074694 secs] [Times: user=2.32 sys=0.02, real=0.21 secs] 
2016-09-25T23:00:55.667-0400: 113.350: [Full GC (Ergonomics) [PSYoungGen: 88064K->34472K(175104K)] [ParOldGen: 524280K->523223K(524288K)] 612344K->557696K(699392K), [Metaspace: 44042K->44042K(1087488K)], 0.1372253 secs] [Times: user=1.76 sys=0.02, real=0.14 secs] 
2016-09-25T23:00:55.825-0400: 113.508: [Full GC (Ergonomics) [PSYoungGen: 87266K->42589K(175104K)] [ParOldGen: 523223K->523427K(524288K)] 610490K->566017K(699392K), [Metaspace: 44042K->44042K(1087488K)], 0.1736905 secs] [Times: user=2.47 sys=0.01, real=0.17 secs] 
2016-09-25T23:00:56.023-0400: 113.706: [Full GC (Ergonomics) [PSYoungGen: 88064K->39928K(175104K)] [ParOldGen: 523519K->523477K(524288K)] 611583K->563406K(699392K), [Metaspace: 44042K->44042K(1087488K)], 0.1621825 secs] [Times: user=2.26 sys=0.01, real=0.16 secs] 
2016-09-25T23:00:56.212-0400: 113.895: [Full GC (Ergonomics) [PSYoungGen: 86083K->28910K(175104K)] [ParOldGen: 523477K->522660K(524288K)] 609560K->551571K(699392K), [Metaspace: 44042K->44042K(1087488K)], 0.1426816 secs] [Times: user=1.79 sys=0.01, real=0.15 secs] 
2016-09-25T23:00:56.386-0400: 114.069: [Full GC (Ergonomics) [PSYoungGen: 88064K->34431K(175104K)] [ParOldGen: 524164K->523933K(524288K)] 612228K->558365K(699392K), [Metaspace: 44044K->44044K(1087488K)], 0.1702683 secs] [Times: user=2.42 sys=0.01, real=0.17 secs] 
2016-09-25T23:00:56.597-0400: 114.280: [Full GC (Ergonomics) [PSYoungGen: 87009K->25124K(175104K)] [ParOldGen: 523933K->524118K(524288K)] 610943K->549242K(699392K), [Metaspace: 44044K->44044K(1087488K)], 0.1768822 secs] [Times: user=2.05 sys=0.01, real=0.17 secs] 
2016-09-25T23:00:56.795-0400: 114.478: [Full GC (Ergonomics) [PSYoungGen: 87969K->44034K(175104K)] [ParOldGen: 524118K->523055K(524288K)] 612087K->567090K(699392K), [Metaspace: 44044K->44044K(1087488K)], 0.1741816 secs] [Times: user=2.24 sys=0.00, real=0.17 secs] 
2016-09-25T23:00:57.003-0400: 114.686: [Full GC (Ergonomics) [PSYoungGen: 88064K->35862K(175104K)] [ParOldGen: 523147K->523258K(524288K)] 611211K->559120K(699392K), [Metaspace: 44044K->44044K(1087488K)], 0.1607956 secs] [Times: user=2.31 sys=0.02, real=0.16 secs] 
2016-09-25T23:00:57.187-0400: 114.871: [Full GC (Ergonomics) [PSYoungGen: 86007K->41495K(175104K)] [ParOldGen: 523258K->523365K(524288K)] 609266K->564860K(699392K), [Metaspace: 44051K->44051K(1087488K)], 0.1849986 secs] [Times: user=2.74 sys=0.00, real=0.18 secs] 
2016-09-25T23:00:57.392-0400: 115.075: [Full GC (Ergonomics) [PSYoungGen: 88064K->38665K(175104K)] [ParOldGen: 523486K->523301K(524288K)] 611550K->561967K(699392K), [Metaspace: 44051K->44051K(1087488K)], 0.1745469 secs] [Times: user=2.64 sys=0.00, real=0.18 secs] 
2016-09-25T23:00:57.592-0400: 115.275: [Full GC (Ergonomics) [PSYoungGen: 87114K->30481K(175104K)] [ParOldGen: 523301K->523654K(524288K)] 610416K->554136K(699392K), [Metaspace: 44051K->44051K(1087488K)], 0.1503272 secs] [Times: user=2.21 sys=0.02, real=0.16 secs] 
2016-09-25T23:00:57.764-0400: 115.447: [Full GC (Ergonomics) [PSYoungGen: 88064K->35670K(175104K)] [ParOldGen: 523733K->524105K(524288K)] 611797K->559775K(699392K), [Metaspace: 44051K->44051K(1087488K)], 0.1562401 secs] [Times: user=2.30 sys=0.01, real=0.15 secs] 
2016-09-25T23:00:57.949-0400: 115.632: [Full GC (Ergonomics) [PSYoungGen: 88064K->40051K(175104K)] [ParOldGen: 524132K->522870K(524288K)] 612196K->562922K(699392K), [Metaspace: 44051K->44051K(1087488K)], 0.1552289 secs] [Times: user=2.30 sys=0.01, real=0.16 secs] 
2016-09-25T23:00:58.129-0400: 115.812: [Full GC (Ergonomics) [PSYoungGen: 85415K->35844K(175104K)] [ParOldGen: 522870K->523080K(524288K)] 608285K->558924K(699392K), [Metaspace: 44077K->44077K(1087488K)], 0.1877519 secs] [Times: user=2.98 sys=0.02, real=0.19 secs] 
2016-09-25T23:01:00.232-0400: 117.915: [Full GC (Ergonomics) [PSYoungGen: 88064K->0K(175104K)] [ParOldGen: 523087K->517664K(524288K)] 611151K->517664K(699392K), [Metaspace: 44084K->44084K(1087488K)], 0.1188375 secs] [Times: user=0.94 sys=0.02, real=0.12 secs] 
2016-09-25T23:01:05.634-0400: 123.317: [Full GC (Ergonomics) [PSYoungGen: 88064K->1006K(175104K)] [ParOldGen: 517664K->524086K(524288K)] 605728K->525093K(699392K), [Metaspace: 44091K->44091K(1087488K)], 0.1339764 secs] [Times: user=1.12 sys=0.02, real=0.14 secs] 
2016-09-25T23:01:10.549-0400: 128.232: [Full GC (Ergonomics) [PSYoungGen: 88064K->0K(175104K)] [ParOldGen: 524086K->503747K(524288K)] 612150K->503747K(699392K), [Metaspace: 44101K->44101K(1087488K)], 0.1093844 secs] [Times: user=0.95 sys=0.04, real=0.11 secs] 
2016-09-25T23:01:15.432-0400: 133.115: [Full GC (Ergonomics) [PSYoungGen: 88064K->0K(175104K)] [ParOldGen: 503747K->498459K(524288K)] 591811K->498459K(699392K), [Metaspace: 44102K->44102K(1087488K)], 0.0928886 secs] [Times: user=0.85 sys=0.02, real=0.10 secs] 
2016-09-25T23:01:20.080-0400: 137.763: [Full GC (Ergonomics) [PSYoungGen: 88064K->0K(175104K)] [ParOldGen: 498459K->499367K(524288K)] 586523K->499367K(699392K), [Metaspace: 44120K->44120K(1087488K)], 0.1301013 secs] [Times: user=1.22 sys=0.01, real=0.13 secs] 
2016-09-25T23:01:25.132-0400: 142.815: [Full GC (Ergonomics) [PSYoungGen: 88064K->0K(175104K)] [ParOldGen: 499367K->493420K(524288K)] 587431K->493420K(699392K), [Metaspace: 44128K->44128K(1087488K)], 0.1001793 secs] [Times: user=0.79 sys=0.02, real=0.10 secs] 
