Java HotSpot(TM) 64-Bit Server VM (25.101-b13) for linux-amd64 JRE (1.8.0_101-b13), built on Jun 22 2016 02:59:44 by "java_re" with gcc 4.3.0 20080428 (Red Hat 4.3.0-8)
Memory: 4k page, physical 264122320k(80771360k free), swap 268399612k(268399612k free)
CommandLine flags: -XX:GCLogFileSize=1048576 -XX:+HeapDumpOnOutOfMemoryError -XX:HeapDumpPath=artifacts/heapdump -XX:InitialHeapSize=805306368 -XX:MaxHeapSize=805306368 -XX:NumberOfGCLogFiles=10 -XX:+PrintGC -XX:+PrintGCDateStamps -XX:+PrintGCDetails -XX:+PrintGCTimeStamps -XX:+UseCompressedClassPointers -XX:+UseCompressedOops -XX:+UseGCLogFileRotation -XX:+UseParallelGC 
2016-09-25T23:58:57.946-0400: 2.504: [GC (Metadata GC Threshold) [PSYoungGen: 121898K->15658K(229376K)] 121898K->15746K(753664K), 1.4771554 secs] [Times: user=0.26 sys=0.07, real=1.48 secs] 
2016-09-25T23:58:59.424-0400: 3.981: [Full GC (Metadata GC Threshold) [PSYoungGen: 15658K->0K(229376K)] [ParOldGen: 88K->14599K(304128K)] 15746K->14599K(533504K), [Metaspace: 21005K->21005K(1067008K)], 0.0369447 secs] [Times: user=0.26 sys=0.01, real=0.03 secs] 
2016-09-25T23:59:04.401-0400: 8.958: [GC (Metadata GC Threshold) [PSYoungGen: 120324K->15290K(229376K)] 134924K->30026K(533504K), 0.0158346 secs] [Times: user=0.12 sys=0.01, real=0.02 secs] 
2016-09-25T23:59:04.417-0400: 8.974: [Full GC (Metadata GC Threshold) [PSYoungGen: 15290K->0K(229376K)] [ParOldGen: 14735K->20778K(487424K)] 30026K->20778K(716800K), [Metaspace: 34989K->34989K(1079296K)], 0.0608061 secs] [Times: user=0.44 sys=0.00, real=0.06 secs] 
2016-09-25T23:59:08.559-0400: 13.116: [GC (GCLocker Initiated GC) [PSYoungGen: 196585K->32742K(229376K)] 234913K->80792K(716800K), 0.0334913 secs] [Times: user=0.19 sys=0.01, real=0.03 secs] 
2016-09-25T23:59:09.065-0400: 13.622: [GC (GCLocker Initiated GC) [PSYoungGen: 229350K->32763K(229376K)] 282833K->105971K(716800K), 0.0181095 secs] [Times: user=0.12 sys=0.01, real=0.02 secs] 
2016-09-25T23:59:09.277-0400: 13.834: [GC (GCLocker Initiated GC) [PSYoungGen: 229371K->32756K(229376K)] 321519K->138949K(716800K), 0.0309531 secs] [Times: user=0.19 sys=0.02, real=0.03 secs] 
2016-09-25T23:59:09.490-0400: 14.047: [GC (GCLocker Initiated GC) [PSYoungGen: 229364K->32036K(172032K)] 351828K->192308K(659456K), 0.0104169 secs] [Times: user=0.07 sys=0.03, real=0.01 secs] 
2016-09-25T23:59:09.673-0400: 14.230: [GC (GCLocker Initiated GC) [PSYoungGen: 171300K->49799K(189440K)] 347842K->226342K(676864K), 0.0797377 secs] [Times: user=0.58 sys=0.01, real=0.08 secs] 
2016-09-25T23:59:09.939-0400: 14.496: [GC (GCLocker Initiated GC) [PSYoungGen: 189063K->64948K(179200K)] 373955K->253916K(666624K), 0.0302465 secs] [Times: user=0.16 sys=0.00, real=0.03 secs] 
2016-09-25T23:59:10.096-0400: 14.653: [GC (GCLocker Initiated GC) [PSYoungGen: 178612K->64524K(178688K)] 377116K->271672K(666112K), 0.0205230 secs] [Times: user=0.08 sys=0.01, real=0.02 secs] 
2016-09-25T23:59:10.215-0400: 14.772: [GC (GCLocker Initiated GC) [PSYoungGen: 178188K->54848K(180224K)] 396831K->282000K(667648K), 0.0133819 secs] [Times: user=0.10 sys=0.00, real=0.01 secs] 
2016-09-25T23:59:10.351-0400: 14.908: [GC (GCLocker Initiated GC) [PSYoungGen: 154176K->38283K(137728K)] 392276K->290327K(625152K), 0.0282302 secs] [Times: user=0.10 sys=0.01, real=0.03 secs] 
2016-09-25T23:59:10.525-0400: 15.082: [GC (GCLocker Initiated GC) [PSYoungGen: 137611K->46609K(181248K)] 412813K->328800K(668672K), 0.0273035 secs] [Times: user=0.18 sys=0.01, real=0.02 secs] 
2016-09-25T23:59:10.637-0400: 15.195: [GC (GCLocker Initiated GC) [PSYoungGen: 149009K->35807K(178688K)] 446251K->350910K(666112K), 0.0190247 secs] [Times: user=0.11 sys=0.00, real=0.02 secs] 
2016-09-25T23:59:10.716-0400: 15.274: [GC (GCLocker Initiated GC) [PSYoungGen: 138207K->58742K(178176K)] 453378K->379664K(665600K), 0.0190318 secs] [Times: user=0.12 sys=0.02, real=0.02 secs] 
2016-09-25T23:59:10.792-0400: 15.349: [GC (GCLocker Initiated GC) [PSYoungGen: 162678K->61314K(181248K)] 486471K->394837K(668672K), 0.0129399 secs] [Times: user=0.08 sys=0.00, real=0.02 secs] 
2016-09-25T23:59:10.886-0400: 15.444: [GC (GCLocker Initiated GC) [PSYoungGen: 165250K->35745K(182784K)] 508274K->395245K(670208K), 0.0159893 secs] [Times: user=0.11 sys=0.00, real=0.02 secs] 
2016-09-25T23:59:10.976-0400: 15.533: [GC (GCLocker Initiated GC) [PSYoungGen: 139169K->71067K(174592K)] 515087K->455402K(662016K), 0.0243169 secs] [Times: user=0.09 sys=0.00, real=0.02 secs] 
2016-09-25T23:59:11.081-0400: 15.638: [GC (GCLocker Initiated GC) [PSYoungGen: 174491K->47878K(180736K)] 573899K->457078K(668160K), 0.0071839 secs] [Times: user=0.06 sys=0.01, real=0.01 secs] 
2016-09-25T23:59:11.149-0400: 15.706: [GC (GCLocker Initiated GC) [PSYoungGen: 143622K->56010K(152064K)] 558262K->483168K(639488K), 0.0247210 secs] [Times: user=0.14 sys=0.03, real=0.02 secs] 
2016-09-25T23:59:11.234-0400: 15.791: [GC (GCLocker Initiated GC) [PSYoungGen: 151754K->80468K(168960K)] 585705K->529615K(656384K), 0.0214328 secs] [Times: user=0.18 sys=0.00, real=0.03 secs] 
2016-09-25T23:59:11.322-0400: 15.879: [GC (GCLocker Initiated GC) [PSYoungGen: 168532K->38361K(175104K)] 621848K->514950K(662528K), 0.0213034 secs] [Times: user=0.09 sys=0.03, real=0.03 secs] 
2016-09-25T23:59:11.344-0400: 15.901: [Full GC (Ergonomics) [PSYoungGen: 38361K->0K(175104K)] [ParOldGen: 476589K->63906K(524288K)] 514950K->63906K(699392K), [Metaspace: 43042K->43019K(1085440K)], 0.2369711 secs] [Times: user=2.39 sys=0.00, real=0.23 secs] 
2016-09-25T23:59:11.632-0400: 16.189: [GC (GCLocker Initiated GC) [PSYoungGen: 88064K->50625K(169984K)] 157559K->120128K(694272K), 0.0211711 secs] [Times: user=0.09 sys=0.00, real=0.02 secs] 
2016-09-25T23:59:11.710-0400: 16.268: [GC (GCLocker Initiated GC) [PSYoungGen: 138689K->42446K(172544K)] 218847K->151394K(696832K), 0.0203028 secs] [Times: user=0.07 sys=0.00, real=0.02 secs] 
2016-09-25T23:59:11.807-0400: 16.364: [GC (GCLocker Initiated GC) [PSYoungGen: 130510K->51925K(172032K)] 253932K->189113K(696320K), 0.0410386 secs] [Times: user=0.17 sys=0.00, real=0.04 secs] 
2016-09-25T23:59:11.939-0400: 16.496: [GC (GCLocker Initiated GC) [PSYoungGen: 147157K->38524K(175104K)] 287074K->208513K(699392K), 0.0326300 secs] [Times: user=0.18 sys=0.00, real=0.03 secs] 
2016-09-25T23:59:12.050-0400: 16.608: [GC (GCLocker Initiated GC) [PSYoungGen: 133756K->27709K(182272K)] 329958K->229617K(706560K), 0.0291883 secs] [Times: user=0.15 sys=0.00, real=0.03 secs] 
2016-09-25T23:59:12.170-0400: 16.727: [GC (GCLocker Initiated GC) [PSYoungGen: 131133K->34299K(137728K)] 340002K->247578K(662016K), 0.0132913 secs] [Times: user=0.04 sys=0.02, real=0.02 secs] 
2016-09-25T23:59:12.249-0400: 16.807: [GC (GCLocker Initiated GC) [PSYoungGen: 137723K->49147K(184320K)] 353761K->270898K(708608K), 0.0168212 secs] [Times: user=0.07 sys=0.00, real=0.02 secs] 
2016-09-25T23:59:12.376-0400: 16.934: [GC (GCLocker Initiated GC) [PSYoungGen: 155131K->43958K(150016K)] 391837K->289053K(674304K), 0.0272237 secs] [Times: user=0.13 sys=0.00, real=0.03 secs] 
2016-09-25T23:59:12.491-0400: 17.049: [GC (GCLocker Initiated GC) [PSYoungGen: 149942K->49370K(182784K)] 408657K->312482K(707072K), 0.0210154 secs] [Times: user=0.07 sys=0.01, real=0.02 secs] 
2016-09-25T23:59:12.596-0400: 17.153: [GC (GCLocker Initiated GC) [PSYoungGen: 158426K->48000K(181248K)] 421603K->327755K(705536K), 0.0237651 secs] [Times: user=0.13 sys=0.02, real=0.02 secs] 
2016-09-25T23:59:12.686-0400: 17.244: [GC (GCLocker Initiated GC) [PSYoungGen: 157056K->69863K(179200K)] 442296K->370292K(703488K), 0.0180545 secs] [Times: user=0.12 sys=0.00, real=0.02 secs] 
2016-09-25T23:59:12.773-0400: 17.330: [GC (GCLocker Initiated GC) [PSYoungGen: 178407K->71180K(180224K)] 489824K->391293K(704512K), 0.0315691 secs] [Times: user=0.29 sys=0.00, real=0.04 secs] 
2016-09-25T23:59:12.886-0400: 17.444: [GC (GCLocker Initiated GC) [PSYoungGen: 179724K->72640K(169984K)] 509554K->411173K(694272K), 0.0098942 secs] [Times: user=0.06 sys=0.00, real=0.01 secs] 
2016-09-25T23:59:12.958-0400: 17.515: [GC (GCLocker Initiated GC) [PSYoungGen: 160704K->62014K(175104K)] 523687K->435000K(699392K), 0.0254223 secs] [Times: user=0.08 sys=0.00, real=0.03 secs] 
2016-09-25T23:59:13.042-0400: 17.599: [GC (GCLocker Initiated GC) [PSYoungGen: 150078K->48276K(171008K)] 532915K->464193K(695296K), 0.0079537 secs] [Times: user=0.10 sys=0.00, real=0.01 secs] 
2016-09-25T23:59:13.091-0400: 17.648: [GC (GCLocker Initiated GC) [PSYoungGen: 136340K->54920K(173056K)] 554573K->489891K(697344K), 0.0060367 secs] [Times: user=0.08 sys=0.00, real=0.01 secs] 
2016-09-25T23:59:13.119-0400: 17.676: [GC (GCLocker Initiated GC) [PSYoungGen: 142984K->71276K(172544K)] 586301K->547526K(696832K), 0.0131026 secs] [Times: user=0.18 sys=0.00, real=0.01 secs] 
2016-09-25T23:59:13.175-0400: 17.733: [GC (GCLocker Initiated GC) [PSYoungGen: 161388K->42784K(176128K)] 641857K->554883K(700416K), 0.0083408 secs] [Times: user=0.09 sys=0.02, real=0.01 secs] 
2016-09-25T23:59:13.184-0400: 17.741: [Full GC (Ergonomics) [PSYoungGen: 42784K->0K(176128K)] [ParOldGen: 512099K->70497K(524288K)] 554883K->70497K(700416K), [Metaspace: 43229K->43229K(1085440K)], 0.0489755 secs] [Times: user=0.42 sys=0.01, real=0.04 secs] 
2016-09-25T23:59:13.259-0400: 17.817: [GC (GCLocker Initiated GC) [PSYoungGen: 90112K->84923K(173056K)] 160791K->158302K(697344K), 0.0086147 secs] [Times: user=0.12 sys=0.00, real=0.01 secs] 
2016-09-25T23:59:13.307-0400: 17.864: [GC (GCLocker Initiated GC) [PSYoungGen: 172987K->53694K(175104K)] 246564K->164480K(699392K), 0.0077246 secs] [Times: user=0.11 sys=0.00, real=0.01 secs] 
2016-09-25T23:59:13.354-0400: 17.911: [GC (GCLocker Initiated GC) [PSYoungGen: 141758K->61904K(175104K)] 266678K->204947K(699392K), 0.0067355 secs] [Times: user=0.09 sys=0.00, real=0.01 secs] 
2016-09-25T23:59:13.387-0400: 17.944: [GC (GCLocker Initiated GC) [PSYoungGen: 149968K->67212K(175104K)] 295751K->244764K(699392K), 0.0081383 secs] [Times: user=0.12 sys=0.00, real=0.01 secs] 
2016-09-25T23:59:13.429-0400: 17.986: [GC (GCLocker Initiated GC) [PSYoungGen: 155276K->72548K(175104K)] 332984K->277758K(699392K), 0.0101735 secs] [Times: user=0.15 sys=0.00, real=0.01 secs] 
2016-09-25T23:59:13.467-0400: 18.024: [GC (GCLocker Initiated GC) [PSYoungGen: 160612K->61826K(175104K)] 366047K->301533K(699392K), 0.0082204 secs] [Times: user=0.11 sys=0.00, real=0.01 secs] 
2016-09-25T23:59:13.511-0400: 18.069: [GC (GCLocker Initiated GC) [PSYoungGen: 149890K->68590K(175104K)] 395259K->330779K(699392K), 0.0076806 secs] [Times: user=0.08 sys=0.00, real=0.01 secs] 
2016-09-25T23:59:13.557-0400: 18.115: [GC (GCLocker Initiated GC) [PSYoungGen: 156654K->53616K(175104K)] 429659K->351614K(699392K), 0.0075464 secs] [Times: user=0.11 sys=0.00, real=0.01 secs] 
2016-09-25T23:59:13.600-0400: 18.157: [GC (GCLocker Initiated GC) [PSYoungGen: 141680K->75294K(175104K)] 442744K->390288K(699392K), 0.0083810 secs] [Times: user=0.13 sys=0.00, real=0.01 secs] 
2016-09-25T23:59:13.644-0400: 18.201: [GC (GCLocker Initiated GC) [PSYoungGen: 163358K->75198K(175104K)] 485291K->415301K(699392K), 0.0078951 secs] [Times: user=0.11 sys=0.00, real=0.00 secs] 
2016-09-25T23:59:13.687-0400: 18.245: [GC (GCLocker Initiated GC) [PSYoungGen: 163262K->50948K(175104K)] 508821K->433405K(699392K), 0.0090484 secs] [Times: user=0.13 sys=0.00, real=0.01 secs] 
2016-09-25T23:59:13.731-0400: 18.289: [GC (GCLocker Initiated GC) [PSYoungGen: 139012K->63176K(175104K)] 524298K->481417K(699392K), 0.0081050 secs] [Times: user=0.12 sys=0.00, real=0.01 secs] 
2016-09-25T23:59:13.778-0400: 18.336: [GC (GCLocker Initiated GC) [PSYoungGen: 151240K->76690K(175104K)] 577715K->521303K(699392K), 0.0084970 secs] [Times: user=0.14 sys=0.01, real=0.01 secs] 
2016-09-25T23:59:13.827-0400: 18.384: [GC (GCLocker Initiated GC) [PSYoungGen: 164754K->58952K(175104K)] 612848K->536036K(699392K), 0.0079567 secs] [Times: user=0.11 sys=0.00, real=0.01 secs] 
2016-09-25T23:59:13.868-0400: 18.425: [Full GC (Ergonomics) [PSYoungGen: 147016K->0K(175104K)] [ParOldGen: 482626K->87503K(524288K)] 629642K->87503K(699392K), [Metaspace: 43235K->43235K(1085440K)], 0.0473564 secs] [Times: user=0.41 sys=0.01, real=0.05 secs] 
2016-09-25T23:59:13.954-0400: 18.512: [GC (GCLocker Initiated GC) [PSYoungGen: 88064K->56554K(175104K)] 189220K->157711K(699392K), 0.0141168 secs] [Times: user=0.15 sys=0.00, real=0.01 secs] 
2016-09-25T23:59:14.008-0400: 18.566: [GC (GCLocker Initiated GC) [PSYoungGen: 144618K->68418K(175104K)] 249067K->192551K(699392K), 0.0085238 secs] [Times: user=0.13 sys=0.00, real=0.01 secs] 
2016-09-25T23:59:14.048-0400: 18.605: [GC (GCLocker Initiated GC) [PSYoungGen: 156482K->75390K(175104K)] 284783K->209601K(699392K), 0.0075924 secs] [Times: user=0.10 sys=0.00, real=0.01 secs] 
2016-09-25T23:59:14.090-0400: 18.647: [GC (GCLocker Initiated GC) [PSYoungGen: 163454K->73912K(175104K)] 301108K->225665K(699392K), 0.0076744 secs] [Times: user=0.11 sys=0.00, real=0.01 secs] 
2016-09-25T23:59:14.128-0400: 18.686: [GC (GCLocker Initiated GC) [PSYoungGen: 161976K->63194K(175104K)] 320505K->245188K(699392K), 0.0081580 secs] [Times: user=0.11 sys=0.00, real=0.01 secs] 
2016-09-25T23:59:14.177-0400: 18.735: [GC (GCLocker Initiated GC) [PSYoungGen: 151258K->69908K(175104K)] 345631K->285081K(699392K), 0.0083551 secs] [Times: user=0.12 sys=0.00, real=0.01 secs] 
2016-09-25T23:59:14.225-0400: 18.783: [GC (GCLocker Initiated GC) [PSYoungGen: 157972K->78058K(175104K)] 382762K->315535K(699392K), 0.0113744 secs] [Times: user=0.17 sys=0.01, real=0.01 secs] 
2016-09-25T23:59:14.264-0400: 18.821: [GC (GCLocker Initiated GC) [PSYoungGen: 166122K->73912K(175104K)] 406567K->347309K(699392K), 0.0086547 secs] [Times: user=0.13 sys=0.00, real=0.00 secs] 
2016-09-25T23:59:14.318-0400: 18.875: [GC (GCLocker Initiated GC) [PSYoungGen: 161976K->45530K(175104K)] 442481K->365657K(699392K), 0.0076915 secs] [Times: user=0.12 sys=0.00, real=0.01 secs] 
2016-09-25T23:59:14.351-0400: 18.909: [GC (GCLocker Initiated GC) [PSYoungGen: 133594K->71106K(175104K)] 453921K->419002K(699392K), 0.0090794 secs] [Times: user=0.13 sys=0.00, real=0.01 secs] 
2016-09-25T23:59:14.393-0400: 18.950: [GC (GCLocker Initiated GC) [PSYoungGen: 159170K->57854K(175104K)] 512550K->450778K(699392K), 0.0082602 secs] [Times: user=0.12 sys=0.00, real=0.01 secs] 
2016-09-25T23:59:14.436-0400: 18.993: [GC (GCLocker Initiated GC) [PSYoungGen: 145918K->76599K(175104K)] 539045K->505488K(699392K), 0.0084633 secs] [Times: user=0.12 sys=0.00, real=0.01 secs] 
2016-09-25T23:59:14.477-0400: 19.034: [GC (GCLocker Initiated GC) [PSYoungGen: 164663K->61730K(175104K)] 594957K->511439K(699392K), 0.0078639 secs] [Times: user=0.06 sys=0.00, real=0.01 secs] 
2016-09-25T23:59:14.514-0400: 19.072: [GC (GCLocker Initiated GC) [PSYoungGen: 149794K->72548K(175104K)] 599625K->551345K(699392K), 0.0084170 secs] [Times: user=0.12 sys=0.01, real=0.01 secs] 
2016-09-25T23:59:14.523-0400: 19.080: [Full GC (Ergonomics) [PSYoungGen: 72548K->0K(175104K)] [ParOldGen: 478796K->83934K(524288K)] 551345K->83934K(699392K), [Metaspace: 43293K->43293K(1085440K)], 0.0487491 secs] [Times: user=0.42 sys=0.00, real=0.04 secs] 
2016-09-25T23:59:14.606-0400: 19.164: [GC (GCLocker Initiated GC) [PSYoungGen: 88064K->86492K(175104K)] 180203K->181332K(699392K), 0.0075863 secs] [Times: user=0.11 sys=0.00, real=0.00 secs] 
2016-09-25T23:59:14.658-0400: 19.215: [GC (GCLocker Initiated GC) [PSYoungGen: 174556K->36189K(175104K)] 285094K->186843K(699392K), 0.0062807 secs] [Times: user=0.09 sys=0.01, real=0.01 secs] 
2016-09-25T23:59:14.692-0400: 19.249: [GC (GCLocker Initiated GC) [PSYoungGen: 124253K->79330K(175104K)] 280461K->241588K(699392K), 0.0076018 secs] [Times: user=0.06 sys=0.02, real=0.01 secs] 
2016-09-25T23:59:14.739-0400: 19.297: [GC (GCLocker Initiated GC) [PSYoungGen: 167394K->80584K(175104K)] 332431K->269140K(699392K), 0.0090933 secs] [Times: user=0.12 sys=0.00, real=0.01 secs] 
2016-09-25T23:59:14.788-0400: 19.346: [GC (GCLocker Initiated GC) [PSYoungGen: 168648K->45516K(175104K)] 359982K->288672K(699392K), 0.0082394 secs] [Times: user=0.09 sys=0.00, real=0.01 secs] 
2016-09-25T23:59:14.825-0400: 19.382: [GC (GCLocker Initiated GC) [PSYoungGen: 133580K->80822K(175104K)] 379700K->358542K(699392K), 0.0094802 secs] [Times: user=0.14 sys=0.00, real=0.01 secs] 
2016-09-25T23:59:14.875-0400: 19.433: [GC (GCLocker Initiated GC) [PSYoungGen: 168886K->64604K(175104K)] 449878K->351688K(699392K), 0.0084852 secs] [Times: user=0.08 sys=0.00, real=0.01 secs] 
2016-09-25T23:59:14.918-0400: 19.475: [GC (GCLocker Initiated GC) [PSYoungGen: 152668K->65734K(175104K)] 440059K->379441K(699392K), 0.0079885 secs] [Times: user=0.10 sys=0.00, real=0.01 secs] 
2016-09-25T23:59:14.968-0400: 19.525: [GC (GCLocker Initiated GC) [PSYoungGen: 153798K->58966K(175104K)] 479736K->410984K(699392K), 0.0084954 secs] [Times: user=0.06 sys=0.00, real=0.01 secs] 
2016-09-25T23:59:15.016-0400: 19.573: [GC (GCLocker Initiated GC) [PSYoungGen: 147030K->64412K(175104K)] 511404K->442841K(699392K), 0.0084182 secs] [Times: user=0.08 sys=0.00, real=0.01 secs] 
2016-09-25T23:59:15.065-0400: 19.623: [GC (GCLocker Initiated GC) [PSYoungGen: 152476K->69752K(175104K)] 535096K->478592K(699392K), 0.0087272 secs] [Times: user=0.13 sys=0.01, real=0.01 secs] 
2016-09-25T23:59:15.106-0400: 19.664: [GC (GCLocker Initiated GC) [PSYoungGen: 157816K->62970K(175104K)] 566834K->491318K(699392K), 0.0077031 secs] [Times: user=0.10 sys=0.00, real=0.01 secs] 
2016-09-25T23:59:15.157-0400: 19.714: [GC (GCLocker Initiated GC) [PSYoungGen: 151034K->64430K(175104K)] 590257K->540533K(699392K), 0.0092748 secs] [Times: user=0.12 sys=0.01, real=0.01 secs] 
2016-09-25T23:59:15.167-0400: 19.724: [Full GC (Ergonomics) [PSYoungGen: 64430K->0K(175104K)] [ParOldGen: 476103K->98945K(524288K)] 540533K->98945K(699392K), [Metaspace: 43301K->43301K(1085440K)], 0.0526375 secs] [Times: user=0.44 sys=0.00, real=0.05 secs] 
2016-09-25T23:59:15.261-0400: 19.819: [GC (GCLocker Initiated GC) [PSYoungGen: 88064K->75486K(175104K)] 195197K->182627K(699392K), 0.0068562 secs] [Times: user=0.09 sys=0.00, real=0.01 secs] 
2016-09-25T23:59:15.299-0400: 19.857: [GC (GCLocker Initiated GC) [PSYoungGen: 163550K->73688K(175104K)] 273580K->211494K(699392K), 0.0091616 secs] [Times: user=0.09 sys=0.00, real=0.01 secs] 
2016-09-25T23:59:15.344-0400: 19.901: [GC (GCLocker Initiated GC) [PSYoungGen: 161752K->82058K(175104K)] 313315K->240816K(699392K), 0.0081444 secs] [Times: user=0.12 sys=0.00, real=0.00 secs] 
2016-09-25T23:59:15.390-0400: 19.947: [GC (GCLocker Initiated GC) [PSYoungGen: 170122K->71116K(175104K)] 329024K->246792K(699392K), 0.0255268 secs] [Times: user=0.36 sys=0.01, real=0.03 secs] 
2016-09-25T23:59:15.452-0400: 20.009: [GC (GCLocker Initiated GC) [PSYoungGen: 159180K->65766K(175104K)] 335049K->251523K(699392K), 0.0076500 secs] [Times: user=0.08 sys=0.00, real=0.01 secs] 
2016-09-25T23:59:15.491-0400: 20.048: [GC (GCLocker Initiated GC) [PSYoungGen: 153830K->71212K(175104K)] 348553K->292143K(699392K), 0.0088829 secs] [Times: user=0.13 sys=0.00, real=0.01 secs] 
2016-09-25T23:59:15.532-0400: 20.089: [GC (GCLocker Initiated GC) [PSYoungGen: 159276K->83316K(175104K)] 380253K->323714K(699392K), 0.0080808 secs] [Times: user=0.11 sys=0.00, real=0.01 secs] 
2016-09-25T23:59:15.575-0400: 20.133: [GC (GCLocker Initiated GC) [PSYoungGen: 171380K->80662K(175104K)] 420025K->344647K(699392K), 0.0124070 secs] [Times: user=0.19 sys=0.00, real=0.01 secs] 
2016-09-25T23:59:15.625-0400: 20.182: [GC (GCLocker Initiated GC) [PSYoungGen: 168726K->72580K(175104K)] 434273K->363035K(699392K), 0.0079231 secs] [Times: user=0.11 sys=0.00, real=0.00 secs] 
2016-09-25T23:59:15.662-0400: 20.219: [GC (GCLocker Initiated GC) [PSYoungGen: 160644K->61748K(175104K)] 451240K->386612K(699392K), 0.0125270 secs] [Times: user=0.11 sys=0.01, real=0.02 secs] 
2016-09-25T23:59:15.714-0400: 20.272: [GC (GCLocker Initiated GC) [PSYoungGen: 149812K->64636K(175104K)] 477605K->430787K(699392K), 0.0087512 secs] [Times: user=0.12 sys=0.00, real=0.01 secs] 
2016-09-25T23:59:15.761-0400: 20.318: [GC (GCLocker Initiated GC) [PSYoungGen: 152700K->60632K(175104K)] 522088K->456298K(699392K), 0.0081937 secs] [Times: user=0.12 sys=0.00, real=0.01 secs] 
2016-09-25T23:59:15.801-0400: 20.359: [GC (GCLocker Initiated GC) [PSYoungGen: 148696K->65624K(175104K)] 549338K->485918K(699392K), 0.0075112 secs] [Times: user=0.11 sys=0.00, real=0.01 secs] 
2016-09-25T23:59:15.844-0400: 20.402: [GC (GCLocker Initiated GC) [PSYoungGen: 153688K->73944K(175104K)] 579737K->531427K(699392K), 0.0090421 secs] [Times: user=0.13 sys=0.00, real=0.00 secs] 
2016-09-25T23:59:15.894-0400: 20.452: [GC (GCLocker Initiated GC) [PSYoungGen: 162008K->53552K(175104K)] 629040K->546778K(699392K), 0.0079477 secs] [Times: user=0.10 sys=0.01, real=0.01 secs] 
2016-09-25T23:59:15.902-0400: 20.460: [Full GC (Ergonomics) [PSYoungGen: 53552K->0K(175104K)] [ParOldGen: 493226K->95684K(524288K)] 546778K->95684K(699392K), [Metaspace: 43347K->43347K(1085440K)], 0.0461286 secs] [Times: user=0.38 sys=0.01, real=0.04 secs] 
2016-09-25T23:59:15.983-0400: 20.541: [GC (GCLocker Initiated GC) [PSYoungGen: 88064K->83604K(175104K)] 183837K->179377K(699392K), 0.0118885 secs] [Times: user=0.19 sys=0.00, real=0.01 secs] 
2016-09-25T23:59:16.030-0400: 20.587: [GC (GCLocker Initiated GC) [PSYoungGen: 171668K->56343K(175104K)] 271690K->178699K(699392K), 0.0086561 secs] [Times: user=0.08 sys=0.00, real=0.01 secs] 
2016-09-25T23:59:16.086-0400: 20.644: [GC (GCLocker Initiated GC) [PSYoungGen: 144407K->50994K(175104K)] 275221K->205319K(699392K), 0.0066397 secs] [Times: user=0.08 sys=0.00, real=0.00 secs] 
2016-09-25T23:59:16.123-0400: 20.681: [GC (GCLocker Initiated GC) [PSYoungGen: 139058K->83252K(175104K)] 296326K->251892K(699392K), 0.0107744 secs] [Times: user=0.14 sys=0.01, real=0.01 secs] 
2016-09-25T23:59:16.179-0400: 20.736: [GC (GCLocker Initiated GC) [PSYoungGen: 171316K->64288K(175104K)] 342872K->257942K(699392K), 0.0094225 secs] [Times: user=0.14 sys=0.00, real=0.01 secs] 
2016-09-25T23:59:16.231-0400: 20.788: [GC (GCLocker Initiated GC) [PSYoungGen: 152352K->64494K(175104K)] 353051K->281786K(699392K), 0.0090051 secs] [Times: user=0.13 sys=0.00, real=0.01 secs] 
2016-09-25T23:59:16.276-0400: 20.834: [GC (GCLocker Initiated GC) [PSYoungGen: 152558K->86094K(175104K)] 379483K->328425K(699392K), 0.0098136 secs] [Times: user=0.15 sys=0.00, real=0.01 secs] 
2016-09-25T23:59:16.333-0400: 20.890: [GC (GCLocker Initiated GC) [PSYoungGen: 174158K->60302K(175104K)] 424706K->345192K(699392K), 0.0097581 secs] [Times: user=0.13 sys=0.00, real=0.02 secs] 
2016-09-25T23:59:16.370-0400: 20.927: [GC (GCLocker Initiated GC) [PSYoungGen: 148366K->86158K(175104K)] 433340K->398638K(699392K), 0.0110380 secs] [Times: user=0.16 sys=0.00, real=0.01 secs] 
2016-09-25T23:59:16.425-0400: 20.982: [GC (GCLocker Initiated GC) [PSYoungGen: 174222K->67208K(175104K)] 492214K->403370K(699392K), 0.0104132 secs] [Times: user=0.15 sys=0.00, real=0.01 secs] 
2016-09-25T23:59:16.484-0400: 21.041: [GC (GCLocker Initiated GC) [PSYoungGen: 155272K->54952K(175104K)] 495617K->420081K(699392K), 0.0111608 secs] [Times: user=0.14 sys=0.00, real=0.01 secs] 
2016-09-25T23:59:16.527-0400: 21.084: [GC (GCLocker Initiated GC) [PSYoungGen: 143016K->68590K(175104K)] 513808K->476356K(699392K), 0.0111929 secs] [Times: user=0.15 sys=0.00, real=0.01 secs] 
2016-09-25T23:59:16.570-0400: 21.128: [GC (GCLocker Initiated GC) [PSYoungGen: 156654K->69816K(175104K)] 564560K->514758K(699392K), 0.0104645 secs] [Times: user=0.13 sys=0.00, real=0.01 secs] 
2016-09-25T23:59:16.620-0400: 21.178: [GC (GCLocker Initiated GC) [PSYoungGen: 157880K->79376K(175104K)] 605638K->557357K(699392K), 0.0122634 secs] [Times: user=0.16 sys=0.00, real=0.01 secs] 
2016-09-25T23:59:16.633-0400: 21.190: [Full GC (Ergonomics) [PSYoungGen: 79376K->0K(175104K)] [ParOldGen: 477980K->103035K(524288K)] 557357K->103035K(699392K), [Metaspace: 43347K->43347K(1085440K)], 0.0588644 secs] [Times: user=0.48 sys=0.00, real=0.06 secs] 
2016-09-25T23:59:16.728-0400: 21.285: [GC (GCLocker Initiated GC) [PSYoungGen: 88064K->79773K(175104K)] 200571K->192289K(699392K), 0.0077043 secs] [Times: user=0.09 sys=0.00, real=0.01 secs] 
2016-09-25T23:59:16.777-0400: 21.335: [GC (GCLocker Initiated GC) [PSYoungGen: 167837K->61574K(175104K)] 280509K->195481K(699392K), 0.0069821 secs] [Times: user=0.10 sys=0.00, real=0.01 secs] 
2016-09-25T23:59:16.821-0400: 21.379: [GC (GCLocker Initiated GC) [PSYoungGen: 149638K->74053K(175104K)] 283719K->230087K(699392K), 0.0085412 secs] [Times: user=0.13 sys=0.00, real=0.01 secs] 
2016-09-25T23:59:16.871-0400: 21.428: [GC (GCLocker Initiated GC) [PSYoungGen: 162117K->71088K(175104K)] 325099K->259078K(699392K), 0.0099231 secs] [Times: user=0.14 sys=0.00, real=0.01 secs] 
2016-09-25T23:59:16.913-0400: 21.470: [GC (GCLocker Initiated GC) [PSYoungGen: 159152K->63303K(175104K)] 347382K->281617K(699392K), 0.0111042 secs] [Times: user=0.13 sys=0.00, real=0.02 secs] 
2016-09-25T23:59:16.969-0400: 21.526: [GC (GCLocker Initiated GC) [PSYoungGen: 151367K->57743K(175104K)] 380732K->307989K(699392K), 0.0063244 secs] [Times: user=0.08 sys=0.00, real=0.01 secs] 
2016-09-25T23:59:17.019-0400: 21.576: [GC (GCLocker Initiated GC) [PSYoungGen: 145807K->51011K(175104K)] 396124K->328920K(699392K), 0.0088602 secs] [Times: user=0.12 sys=0.00, real=0.01 secs] 
2016-09-25T23:59:17.058-0400: 21.615: [GC (GCLocker Initiated GC) [PSYoungGen: 139075K->72671K(175104K)] 422509K->366136K(699392K), 0.0074302 secs] [Times: user=0.09 sys=0.00, real=0.01 secs] 
2016-09-25T23:59:17.115-0400: 21.673: [GC (GCLocker Initiated GC) [PSYoungGen: 160735K->75247K(175104K)] 457036K->396577K(699392K), 0.0089462 secs] [Times: user=0.13 sys=0.00, real=0.01 secs] 
2016-09-25T23:59:17.161-0400: 21.718: [GC (GCLocker Initiated GC) [PSYoungGen: 163311K->68685K(175104K)] 492913K->429863K(699392K), 0.0103160 secs] [Times: user=0.15 sys=0.00, real=0.01 secs] 
2016-09-25T23:59:17.218-0400: 21.775: [GC (GCLocker Initiated GC) [PSYoungGen: 156749K->63079K(175104K)] 528939K->461621K(699392K), 0.0083055 secs] [Times: user=0.10 sys=0.00, real=0.01 secs] 
2016-09-25T23:59:17.275-0400: 21.833: [GC (GCLocker Initiated GC) [PSYoungGen: 151143K->64525K(175104K)] 552812K->485613K(699392K), 0.0071564 secs] [Times: user=0.09 sys=0.00, real=0.01 secs] 
2016-09-25T23:59:17.312-0400: 21.869: [GC (GCLocker Initiated GC) [PSYoungGen: 152589K->76630K(175104K)] 573805K->526883K(699392K), 0.0109017 secs] [Times: user=0.16 sys=0.00, real=0.02 secs] 
2016-09-25T23:59:17.363-0400: 21.920: [GC (GCLocker Initiated GC) [PSYoungGen: 164694K->44147K(175104K)] 619003K->528698K(699392K), 0.0067117 secs] [Times: user=0.06 sys=0.01, real=0.00 secs] 
2016-09-25T23:59:17.370-0400: 21.927: [Full GC (Ergonomics) [PSYoungGen: 44147K->0K(175104K)] [ParOldGen: 484550K->100878K(524288K)] 528698K->100878K(699392K), [Metaspace: 43349K->43349K(1085440K)], 0.0535081 secs] [Times: user=0.34 sys=0.00, real=0.06 secs] 
2016-09-25T23:59:17.475-0400: 22.032: [GC (GCLocker Initiated GC) [PSYoungGen: 88064K->64717K(175104K)] 202543K->179197K(699392K), 0.0071193 secs] [Times: user=0.09 sys=0.01, real=0.00 secs] 
2016-09-25T23:59:17.519-0400: 22.076: [GC (GCLocker Initiated GC) [PSYoungGen: 152781K->80680K(175104K)] 267519K->208306K(699392K), 0.0098414 secs] [Times: user=0.06 sys=0.00, real=0.01 secs] 
2016-09-25T23:59:17.567-0400: 22.125: [GC (GCLocker Initiated GC) [PSYoungGen: 168744K->60379K(175104K)] 299155K->219710K(699392K), 0.0079586 secs] [Times: user=0.09 sys=0.01, real=0.01 secs] 
2016-09-25T23:59:17.608-0400: 22.165: [GC (GCLocker Initiated GC) [PSYoungGen: 148443K->67321K(175104K)] 311284K->242811K(699392K), 0.0115059 secs] [Times: user=0.11 sys=0.00, real=0.01 secs] 
2016-09-25T23:59:17.665-0400: 22.222: [GC (GCLocker Initiated GC) [PSYoungGen: 155385K->60256K(175104K)] 336464K->273020K(699392K), 0.0093359 secs] [Times: user=0.11 sys=0.00, real=0.00 secs] 
2016-09-25T23:59:17.712-0400: 22.269: [GC (GCLocker Initiated GC) [PSYoungGen: 148320K->67321K(155648K)] 361215K->321173K(679936K), 0.0111225 secs] [Times: user=0.16 sys=0.00, real=0.02 secs] 
2016-09-25T23:59:17.766-0400: 22.323: [GC (GCLocker Initiated GC) [PSYoungGen: 155385K->63175K(175104K)] 416051K->335296K(699392K), 0.0100249 secs] [Times: user=0.10 sys=0.00, real=0.01 secs] 
2016-09-25T23:59:17.819-0400: 22.377: [GC (GCLocker Initiated GC) [PSYoungGen: 152775K->65651K(173568K)] 427759K->349287K(697856K), 0.0112022 secs] [Times: user=0.06 sys=0.00, real=0.01 secs] 
2016-09-25T23:59:17.884-0400: 22.441: [GC (GCLocker Initiated GC) [PSYoungGen: 155251K->44257K(173056K)] 452575K->366412K(697344K), 0.0077229 secs] [Times: user=0.06 sys=0.02, real=0.00 secs] 
2016-09-25T23:59:17.927-0400: 22.484: [GC (GCLocker Initiated GC) [PSYoungGen: 134881K->69752K(175104K)] 459904K->415666K(699392K), 0.0083942 secs] [Times: user=0.09 sys=0.00, real=0.01 secs] 
2016-09-25T23:59:17.974-0400: 22.531: [GC (GCLocker Initiated GC) [PSYoungGen: 160376K->59249K(175616K)] 513091K->432629K(699904K), 0.0092521 secs] [Times: user=0.10 sys=0.00, real=0.02 secs] 
2016-09-25T23:59:18.032-0400: 22.590: [GC (GCLocker Initiated GC) [PSYoungGen: 152433K->38619K(132096K)] 536692K->439713K(656384K), 0.0104786 secs] [Times: user=0.07 sys=0.00, real=0.02 secs] 
2016-09-25T23:59:18.081-0400: 22.639: [GC (GCLocker Initiated GC) [PSYoungGen: 131803K->61683K(178688K)] 535628K->479528K(702976K), 0.0150988 secs] [Times: user=0.18 sys=0.01, real=0.02 secs] 
2016-09-25T23:59:18.138-0400: 22.695: [GC (GCLocker Initiated GC) [PSYoungGen: 154355K->72466K(176128K)] 575121K->508647K(700416K), 0.0074462 secs] [Times: user=0.09 sys=0.01, real=0.01 secs] 
2016-09-25T23:59:18.188-0400: 22.745: [GC (GCLocker Initiated GC) [PSYoungGen: 165138K->51089K(177152K)] 604217K->505527K(701440K), 0.0089016 secs] [Times: user=0.08 sys=0.00, real=0.01 secs] 
2016-09-25T23:59:18.235-0400: 22.792: [GC (GCLocker Initiated GC) [PSYoungGen: 142737K->59203K(151040K)] 609404K->546771K(675328K), 0.0101738 secs] [Times: user=0.13 sys=0.00, real=0.01 secs] 
2016-09-25T23:59:18.245-0400: 22.803: [Full GC (Ergonomics) [PSYoungGen: 59203K->0K(151040K)] [ParOldGen: 487567K->107545K(524288K)] 546771K->107545K(675328K), [Metaspace: 43362K->43362K(1085440K)], 0.0555742 secs] [Times: user=0.47 sys=0.01, real=0.05 secs] 
2016-09-25T23:59:18.350-0400: 22.907: [GC (GCLocker Initiated GC) [PSYoungGen: 91648K->67417K(174080K)] 204877K->180647K(698368K), 0.0086429 secs] [Times: user=0.05 sys=0.00, real=0.01 secs] 
2016-09-25T23:59:18.386-0400: 22.944: [GC (GCLocker Initiated GC) [PSYoungGen: 158553K->70992K(174592K)] 274544K->202711K(698880K), 0.0073322 secs] [Times: user=0.08 sys=0.00, real=0.00 secs] 
2016-09-25T23:59:18.430-0400: 22.987: [GC (GCLocker Initiated GC) [PSYoungGen: 162128K->71244K(175616K)] 296700K->227796K(699904K), 0.0090613 secs] [Times: user=0.13 sys=0.00, real=0.01 secs] 
2016-09-25T23:59:18.482-0400: 23.039: [GC (GCLocker Initiated GC) [PSYoungGen: 162380K->71417K(162816K)] 325749K->240727K(687104K), 0.0089513 secs] [Times: user=0.10 sys=0.00, real=0.01 secs] 
2016-09-25T23:59:18.534-0400: 23.091: [GC (GCLocker Initiated GC) [PSYoungGen: 162553K->61473K(177664K)] 337353K->250446K(701952K), 0.0155572 secs] [Times: user=0.16 sys=0.00, real=0.02 secs] 
2016-09-25T23:59:18.590-0400: 23.148: [GC (GCLocker Initiated GC) [PSYoungGen: 152609K->39955K(175616K)] 349767K->246959K(699904K), 0.0079779 secs] [Times: user=0.04 sys=0.00, real=0.01 secs] 
2016-09-25T23:59:18.646-0400: 23.203: [GC (GCLocker Initiated GC) [PSYoungGen: 131091K->56119K(176128K)] 343573K->271770K(700416K), 0.0243588 secs] [Times: user=0.24 sys=0.00, real=0.02 secs] 
2016-09-25T23:59:18.713-0400: 23.270: [GC (GCLocker Initiated GC) [PSYoungGen: 146743K->50833K(175616K)] 366689K->291518K(699904K), 0.0180152 secs] [Times: user=0.16 sys=0.00, real=0.02 secs] 
2016-09-25T23:59:18.774-0400: 23.332: [GC (GCLocker Initiated GC) [PSYoungGen: 141457K->53565K(175104K)] 383593K->303038K(699392K), 0.0111289 secs] [Times: user=0.12 sys=0.00, real=0.01 secs] 
2016-09-25T23:59:18.826-0400: 23.384: [GC (GCLocker Initiated GC) [PSYoungGen: 146237K->60425K(175616K)] 401263K->321334K(699904K), 0.0089099 secs] [Times: user=0.09 sys=0.00, real=0.01 secs] 
2016-09-25T23:59:18.874-0400: 23.432: [GC (GCLocker Initiated GC) [PSYoungGen: 153097K->51945K(178176K)] 416864K->344699K(702464K), 0.0074127 secs] [Times: user=0.06 sys=0.00, real=0.00 secs] 
2016-09-25T23:59:18.916-0400: 23.473: [GC (GCLocker Initiated GC) [PSYoungGen: 149737K->54929K(178176K)] 449410K->376563K(702464K), 0.0072626 secs] [Times: user=0.06 sys=0.01, real=0.01 secs] 
2016-09-25T23:59:18.968-0400: 23.526: [GC (GCLocker Initiated GC) [PSYoungGen: 152721K->68479K(178688K)] 479836K->415140K(702976K), 0.0123458 secs] [Times: user=0.17 sys=0.00, real=0.01 secs] 
2016-09-25T23:59:19.022-0400: 23.579: [GC (GCLocker Initiated GC) [PSYoungGen: 168319K->65843K(180224K)] 520544K->449653K(704512K), 0.0103025 secs] [Times: user=0.16 sys=0.00, real=0.01 secs] 
2016-09-25T23:59:19.070-0400: 23.627: [GC (GCLocker Initiated GC) [PSYoungGen: 165683K->76735K(173056K)] 553632K->499005K(697344K), 0.0108531 secs] [Times: user=0.17 sys=0.00, real=0.01 secs] 
2016-09-25T23:59:19.126-0400: 23.684: [GC (GCLocker Initiated GC) [PSYoungGen: 168895K->61588K(177152K)] 594589K->519047K(701440K), 0.0110990 secs] [Times: user=0.12 sys=0.01, real=0.01 secs] 
2016-09-25T23:59:19.170-0400: 23.727: [GC (GCLocker Initiated GC) [PSYoungGen: 153748K->63065K(171008K)] 611334K->549396K(695296K), 0.0102156 secs] [Times: user=0.08 sys=0.00, real=0.01 secs] 
2016-09-25T23:59:19.180-0400: 23.737: [Full GC (Ergonomics) [PSYoungGen: 63065K->0K(171008K)] [ParOldGen: 486330K->116382K(524288K)] 549396K->116382K(695296K), [Metaspace: 43364K->43364K(1085440K)], 0.0573618 secs] [Times: user=0.50 sys=0.00, real=0.06 secs] 
2016-09-25T23:59:19.284-0400: 23.841: [GC (GCLocker Initiated GC) [PSYoungGen: 94208K->62269K(175104K)] 222924K->190986K(699392K), 0.0060673 secs] [Times: user=0.07 sys=0.00, real=0.00 secs] 
2016-09-25T23:59:19.340-0400: 23.897: [GC (GCLocker Initiated GC) [PSYoungGen: 156477K->61605K(176640K)] 290838K->215925K(700928K), 0.0069502 secs] [Times: user=0.09 sys=0.01, real=0.01 secs] 
2016-09-25T23:59:19.379-0400: 23.936: [GC (GCLocker Initiated GC) [PSYoungGen: 163493K->75357K(179712K)] 317984K->254579K(704000K), 0.0150932 secs] [Times: user=0.19 sys=0.01, real=0.01 secs] 
2016-09-25T23:59:19.433-0400: 23.991: [GC (GCLocker Initiated GC) [PSYoungGen: 177245K->79467K(172544K)] 356692K->289197K(696832K), 0.0089418 secs] [Times: user=0.13 sys=0.00, real=0.02 secs] 
2016-09-25T23:59:19.490-0400: 24.047: [GC (GCLocker Initiated GC) [PSYoungGen: 170603K->43973K(135168K)] 383066K->284079K(659456K), 0.0132083 secs] [Times: user=0.18 sys=0.01, real=0.02 secs] 
2016-09-25T23:59:19.541-0400: 24.098: [GC (GCLocker Initiated GC) [PSYoungGen: 135109K->78025K(175104K)] 379425K->334945K(699392K), 0.0116784 secs] [Times: user=0.16 sys=0.00, real=0.01 secs] 
2016-09-25T23:59:19.588-0400: 24.145: [GC (GCLocker Initiated GC) [PSYoungGen: 166089K->71303K(175104K)] 433924K->359974K(699392K), 0.0120276 secs] [Times: user=0.16 sys=0.00, real=0.01 secs] 
2016-09-25T23:59:19.644-0400: 24.201: [GC (GCLocker Initiated GC) [PSYoungGen: 159367K->75119K(175104K)] 457619K->384770K(699392K), 0.0076350 secs] [Times: user=0.12 sys=0.00, real=0.00 secs] 
2016-09-25T23:59:19.680-0400: 24.238: [GC (GCLocker Initiated GC) [PSYoungGen: 163183K->49565K(175104K)] 473091K->403122K(699392K), 0.0089541 secs] [Times: user=0.10 sys=0.00, real=0.01 secs] 
2016-09-25T23:59:19.727-0400: 24.284: [GC (GCLocker Initiated GC) [PSYoungGen: 137629K->61661K(175104K)] 496663K->431960K(699392K), 0.0100887 secs] [Times: user=0.11 sys=0.00, real=0.01 secs] 
2016-09-25T23:59:19.798-0400: 24.355: [GC (GCLocker Initiated GC) [PSYoungGen: 149725K->54947K(175104K)] 529491K->448762K(699392K), 0.0139118 secs] [Times: user=0.10 sys=0.00, real=0.01 secs] 
2016-09-25T23:59:19.874-0400: 24.432: [GC (GCLocker Initiated GC) [PSYoungGen: 143011K->56269K(175104K)] 539566K->488536K(699392K), 0.0079045 secs] [Times: user=0.11 sys=0.00, real=0.01 secs] 
2016-09-25T23:59:19.904-0400: 24.462: [GC (GCLocker Initiated GC) [PSYoungGen: 144333K->84885K(175104K)] 576733K->529891K(699392K), 0.0103881 secs] [Times: user=0.11 sys=0.00, real=0.01 secs] 
2016-09-25T23:59:19.953-0400: 24.510: [GC (GCLocker Initiated GC) [PSYoungGen: 172949K->58983K(175104K)] 620936K->544129K(699392K), 0.0078653 secs] [Times: user=0.12 sys=0.00, real=0.01 secs] 
2016-09-25T23:59:19.961-0400: 24.518: [Full GC (Ergonomics) [PSYoungGen: 58983K->0K(175104K)] [ParOldGen: 485145K->118439K(524288K)] 544129K->118439K(699392K), [Metaspace: 43365K->43365K(1085440K)], 0.0842734 secs] [Times: user=0.52 sys=0.00, real=0.09 secs] 
2016-09-25T23:59:20.104-0400: 24.661: [GC (GCLocker Initiated GC) [PSYoungGen: 88064K->68611K(175104K)] 210571K->191119K(699392K), 0.0062787 secs] [Times: user=0.09 sys=0.00, real=0.00 secs] 
2016-09-25T23:59:20.144-0400: 24.701: [GC (GCLocker Initiated GC) [PSYoungGen: 156675K->74021K(175104K)] 281931K->209366K(699392K), 0.0075720 secs] [Times: user=0.06 sys=0.00, real=0.00 secs] 
2016-09-25T23:59:20.181-0400: 24.739: [GC (GCLocker Initiated GC) [PSYoungGen: 162085K->64416K(175104K)] 302980K->242385K(699392K), 0.0083444 secs] [Times: user=0.09 sys=0.00, real=0.01 secs] 
2016-09-25T23:59:20.237-0400: 24.795: [GC (GCLocker Initiated GC) [PSYoungGen: 152480K->50915K(175104K)] 330549K->246977K(699392K), 0.0141218 secs] [Times: user=0.13 sys=0.00, real=0.01 secs] 
2016-09-25T23:59:20.306-0400: 24.863: [GC (GCLocker Initiated GC) [PSYoungGen: 138979K->71116K(175104K)] 335177K->281367K(699392K), 0.0222209 secs] [Times: user=0.24 sys=0.01, real=0.02 secs] 
2016-09-25T23:59:20.359-0400: 24.916: [GC (GCLocker Initiated GC) [PSYoungGen: 159180K->56316K(175104K)] 369559K->291566K(699392K), 0.0076349 secs] [Times: user=0.07 sys=0.00, real=0.01 secs] 
2016-09-25T23:59:20.395-0400: 24.952: [GC (GCLocker Initiated GC) [PSYoungGen: 144380K->53644K(175104K)] 387833K->308402K(699392K), 0.0237624 secs] [Times: user=0.28 sys=0.00, real=0.02 secs] 
2016-09-25T23:59:23.431-0400: 27.988: [GC (GCLocker Initiated GC) [PSYoungGen: 141708K->15939K(175104K)] 425195K->325723K(699392K), 0.0091610 secs] [Times: user=0.07 sys=0.00, real=0.01 secs] 
2016-09-25T23:59:23.487-0400: 28.045: [GC (GCLocker Initiated GC) [PSYoungGen: 104003K->38688K(175104K)] 415270K->354686K(699392K), 0.0074011 secs] [Times: user=0.06 sys=0.00, real=0.01 secs] 
2016-09-25T23:59:23.532-0400: 28.089: [GC (GCLocker Initiated GC) [PSYoungGen: 126752K->71180K(175104K)] 445710K->420354K(699392K), 0.0361023 secs] [Times: user=0.33 sys=0.01, real=0.04 secs] 
2016-09-25T23:59:23.617-0400: 28.175: [GC (GCLocker Initiated GC) [PSYoungGen: 159244K->53593K(175104K)] 516661K->412931K(699392K), 0.0133582 secs] [Times: user=0.11 sys=0.01, real=0.01 secs] 
2016-09-25T23:59:23.677-0400: 28.235: [GC (GCLocker Initiated GC) [PSYoungGen: 141657K->57478K(175104K)] 501063K->448545K(699392K), 0.0107477 secs] [Times: user=0.12 sys=0.00, real=0.01 secs] 
2016-09-25T23:59:23.739-0400: 28.297: [GC (GCLocker Initiated GC) [PSYoungGen: 145542K->86203K(175104K)] 542135K->503388K(699392K), 0.0116651 secs] [Times: user=0.16 sys=0.00, real=0.01 secs] 
2016-09-25T23:59:23.809-0400: 28.366: [GC (GCLocker Initiated GC) [PSYoungGen: 174267K->64447K(175104K)] 595617K->505342K(699392K), 0.0105858 secs] [Times: user=0.10 sys=0.00, real=0.01 secs] 
2016-09-25T23:59:23.856-0400: 28.413: [GC (GCLocker Initiated GC) [PSYoungGen: 152511K->83425K(175104K)] 596236K->543907K(699392K), 0.0112940 secs] [Times: user=0.10 sys=0.00, real=0.01 secs] 
2016-09-25T23:59:23.919-0400: 28.477: [GC (GCLocker Initiated GC) [PSYoungGen: 171489K->69875K(175104K)] 636744K->558651K(699392K), 0.0121279 secs] [Times: user=0.17 sys=0.02, real=0.01 secs] 
2016-09-25T23:59:23.932-0400: 28.489: [Full GC (Ergonomics) [PSYoungGen: 69875K->0K(175104K)] [ParOldGen: 488775K->119902K(524288K)] 558651K->119902K(699392K), [Metaspace: 43381K->43381K(1085440K)], 0.0617670 secs] [Times: user=0.50 sys=0.00, real=0.06 secs] 
2016-09-25T23:59:24.040-0400: 28.597: [GC (GCLocker Initiated GC) [PSYoungGen: 88064K->75362K(175104K)] 213882K->201180K(699392K), 0.0105280 secs] [Times: user=0.16 sys=0.00, real=0.01 secs] 
2016-09-25T23:59:24.095-0400: 28.652: [GC (GCLocker Initiated GC) [PSYoungGen: 163426K->71074K(175104K)] 289305K->225951K(699392K), 0.0082064 secs] [Times: user=0.10 sys=0.01, real=0.01 secs] 
2016-09-25T23:59:24.146-0400: 28.704: [GC (GCLocker Initiated GC) [PSYoungGen: 159138K->52407K(175104K)] 314097K->244242K(699392K), 0.0087902 secs] [Times: user=0.10 sys=0.01, real=0.01 secs] 
2016-09-25T23:59:24.194-0400: 28.751: [GC (GCLocker Initiated GC) [PSYoungGen: 140471K->61821K(175104K)] 337109K->269854K(699392K), 0.0074388 secs] [Times: user=0.07 sys=0.00, real=0.01 secs] 
2016-09-25T23:59:24.245-0400: 28.803: [GC (GCLocker Initiated GC) [PSYoungGen: 149885K->38733K(175104K)] 370147K->293435K(699392K), 0.0098128 secs] [Times: user=0.11 sys=0.00, real=0.01 secs] 
2016-09-25T23:59:24.307-0400: 28.864: [GC (GCLocker Initiated GC) [PSYoungGen: 126797K->53647K(175104K)] 381684K->322499K(699392K), 0.0092905 secs] [Times: user=0.10 sys=0.01, real=0.01 secs] 
2016-09-25T23:59:27.298-0400: 31.855: [GC (GCLocker Initiated GC) [PSYoungGen: 141711K->41649K(175104K)] 435081K->346320K(699392K), 0.0073817 secs] [Times: user=0.06 sys=0.00, real=0.01 secs] 
2016-09-25T23:59:27.354-0400: 31.911: [GC (GCLocker Initiated GC) [PSYoungGen: 129713K->57556K(175104K)] 439988K->380722K(699392K), 0.0071771 secs] [Times: user=0.09 sys=0.01, real=0.01 secs] 
2016-09-25T23:59:27.397-0400: 31.954: [GC (GCLocker Initiated GC) [PSYoungGen: 145620K->84822K(175104K)] 477061K->430111K(699392K), 0.0087759 secs] [Times: user=0.14 sys=0.00, real=0.01 secs] 
2016-09-25T23:59:27.481-0400: 32.039: [GC (GCLocker Initiated GC) [PSYoungGen: 172886K->59061K(175104K)] 529131K->460507K(699392K), 0.0123672 secs] [Times: user=0.15 sys=0.00, real=0.02 secs] 
2016-09-25T23:59:27.568-0400: 32.125: [GC (GCLocker Initiated GC) [PSYoungGen: 147125K->76625K(175104K)] 556752K->500244K(699392K), 0.0103861 secs] [Times: user=0.12 sys=0.01, real=0.01 secs] 
2016-09-25T23:59:27.618-0400: 32.175: [GC (GCLocker Initiated GC) [PSYoungGen: 164689K->61794K(175104K)] 593868K->517150K(699392K), 0.0081878 secs] [Times: user=0.09 sys=0.01, real=0.01 secs] 
2016-09-25T23:59:27.681-0400: 32.238: [GC (GCLocker Initiated GC) [PSYoungGen: 149858K->76722K(175104K)] 609417K->550297K(699392K), 0.0157360 secs] [Times: user=0.18 sys=0.00, real=0.02 secs] 
2016-09-25T23:59:27.775-0400: 32.332: [GC (GCLocker Initiated GC) [PSYoungGen: 164786K->48170K(175104K)] 641112K->545364K(699392K), 0.0117664 secs] [Times: user=0.11 sys=0.00, real=0.01 secs] 
2016-09-25T23:59:27.787-0400: 32.344: [Full GC (Ergonomics) [PSYoungGen: 48170K->0K(175104K)] [ParOldGen: 497194K->125490K(524288K)] 545364K->125490K(699392K), [Metaspace: 43398K->43398K(1085440K)], 0.0669108 secs] [Times: user=0.44 sys=0.01, real=0.06 secs] 
2016-09-25T23:59:27.886-0400: 32.444: [GC (GCLocker Initiated GC) [PSYoungGen: 88064K->85032K(175104K)] 216391K->213359K(699392K), 0.0074175 secs] [Times: user=0.10 sys=0.00, real=0.00 secs] 
2016-09-25T23:59:27.967-0400: 32.525: [GC (GCLocker Initiated GC) [PSYoungGen: 173096K->56407K(175104K)] 312040K->223207K(699392K), 0.0124970 secs] [Times: user=0.15 sys=0.00, real=0.01 secs] 
2016-09-25T23:59:28.043-0400: 32.600: [GC (GCLocker Initiated GC) [PSYoungGen: 144471K->77852K(175104K)] 314167K->252150K(699392K), 0.0106716 secs] [Times: user=0.13 sys=0.00, real=0.00 secs] 
2016-09-25T23:59:28.089-0400: 32.646: [GC (GCLocker Initiated GC) [PSYoungGen: 165916K->56238K(175104K)] 340287K->270289K(699392K), 0.0096318 secs] [Times: user=0.14 sys=0.00, real=0.01 secs] 
2016-09-25T23:59:28.132-0400: 32.689: [GC (GCLocker Initiated GC) [PSYoungGen: 144302K->86235K(175104K)] 364016K->319873K(699392K), 0.0132878 secs] [Times: user=0.17 sys=0.00, real=0.02 secs] 
2016-09-25T23:59:28.210-0400: 32.767: [GC (GCLocker Initiated GC) [PSYoungGen: 174299K->53505K(175104K)] 410670K->306717K(699392K), 0.0110904 secs] [Times: user=0.10 sys=0.00, real=0.01 secs] 
2016-09-25T23:59:28.265-0400: 32.822: [GC (GCLocker Initiated GC) [PSYoungGen: 141569K->80789K(175104K)] 397678K->345429K(699392K), 0.0116571 secs] [Times: user=0.15 sys=0.00, real=0.01 secs] 
2016-09-25T23:59:28.332-0400: 32.889: [GC (GCLocker Initiated GC) [PSYoungGen: 168853K->54965K(175104K)] 437723K->360884K(699392K), 0.0120983 secs] [Times: user=0.16 sys=0.00, real=0.02 secs] 
2016-09-25T23:59:28.385-0400: 32.942: [GC (GCLocker Initiated GC) [PSYoungGen: 143029K->55029K(175104K)] 454493K->389985K(699392K), 0.0071505 secs] [Times: user=0.11 sys=0.00, real=0.00 secs] 
2016-09-25T23:59:28.451-0400: 33.008: [GC (GCLocker Initiated GC) [PSYoungGen: 143093K->65844K(175104K)] 490329K->417634K(699392K), 0.0181499 secs] [Times: user=0.19 sys=0.00, real=0.02 secs] 
2016-09-25T23:59:28.543-0400: 33.101: [GC (GCLocker Initiated GC) [PSYoungGen: 153908K->41436K(175104K)] 522134K->442707K(699392K), 0.0123881 secs] [Times: user=0.18 sys=0.00, real=0.01 secs] 
2016-09-25T23:59:28.587-0400: 33.144: [GC (GCLocker Initiated GC) [PSYoungGen: 129500K->72566K(175104K)] 530858K->501401K(699392K), 0.0095840 secs] [Times: user=0.14 sys=0.00, real=0.01 secs] 
2016-09-25T23:59:28.632-0400: 33.189: [GC (GCLocker Initiated GC) [PSYoungGen: 160630K->49304K(175104K)] 593609K->504288K(699392K), 0.0197124 secs] [Times: user=0.25 sys=0.00, real=0.02 secs] 
2016-09-25T23:59:28.692-0400: 33.250: [GC (GCLocker Initiated GC) [PSYoungGen: 137368K->48017K(175104K)] 597818K->545325K(699392K), 0.0073295 secs] [Times: user=0.12 sys=0.00, real=0.01 secs] 
2016-09-25T23:59:28.700-0400: 33.257: [Full GC (Ergonomics) [PSYoungGen: 48017K->0K(175104K)] [ParOldGen: 497307K->132207K(524288K)] 545325K->132207K(699392K), [Metaspace: 43400K->43400K(1085440K)], 0.0566614 secs] [Times: user=0.56 sys=0.00, real=0.06 secs] 
2016-09-25T23:59:28.794-0400: 33.352: [GC (GCLocker Initiated GC) [PSYoungGen: 88064K->65933K(175104K)] 225930K->203799K(699392K), 0.0087814 secs] [Times: user=0.12 sys=0.00, real=0.01 secs] 
2016-09-25T23:59:28.848-0400: 33.406: [GC (GCLocker Initiated GC) [PSYoungGen: 153997K->69635K(175104K)] 306800K->239286K(699392K), 0.0098524 secs] [Times: user=0.12 sys=0.00, real=0.01 secs] 
2016-09-25T23:59:28.905-0400: 33.463: [GC (GCLocker Initiated GC) [PSYoungGen: 157699K->64249K(175104K)] 330209K->272197K(699392K), 0.0103081 secs] [Times: user=0.16 sys=0.00, real=0.01 secs] 
2016-09-25T23:59:28.948-0400: 33.505: [GC (GCLocker Initiated GC) [PSYoungGen: 152313K->80560K(175104K)] 369878K->307888K(699392K), 0.0108266 secs] [Times: user=0.17 sys=0.01, real=0.01 secs] 
2016-09-25T23:59:29.008-0400: 33.565: [GC (GCLocker Initiated GC) [PSYoungGen: 168624K->28737K(175104K)] 398753K->283521K(699392K), 0.0115698 secs] [Times: user=0.08 sys=0.00, real=0.01 secs] 
2016-09-25T23:59:29.048-0400: 33.605: [GC (GCLocker Initiated GC) [PSYoungGen: 116801K->76337K(175104K)] 374408K->362547K(699392K), 0.0103832 secs] [Times: user=0.13 sys=0.00, real=0.01 secs] 
2016-09-25T23:59:29.107-0400: 33.664: [GC (GCLocker Initiated GC) [PSYoungGen: 164401K->65585K(175104K)] 452131K->387399K(699392K), 0.0110261 secs] [Times: user=0.13 sys=0.00, real=0.01 secs] 
2016-09-25T23:59:29.158-0400: 33.715: [GC (GCLocker Initiated GC) [PSYoungGen: 153649K->39952K(175104K)] 481563K->372226K(699392K), 0.0086592 secs] [Times: user=0.09 sys=0.00, real=0.01 secs] 
2016-09-25T23:59:29.206-0400: 33.763: [GC (GCLocker Initiated GC) [PSYoungGen: 128016K->40997K(175104K)] 464453K->403453K(699392K), 0.0097820 secs] [Times: user=0.09 sys=0.01, real=0.01 secs] 
2016-09-25T23:59:29.250-0400: 33.807: [GC (Allocation Failure) [PSYoungGen: 129061K->77892K(175104K)] 499835K->463729K(699392K), 0.0094267 secs] [Times: user=0.14 sys=0.00, real=0.01 secs] 
2016-09-25T23:59:29.260-0400: 33.817: [GC (GCLocker Initiated GC) [PSYoungGen: 78389K->128K(175104K)] 464226K->451350K(699392K), 0.0086981 secs] [Times: user=0.10 sys=0.00, real=0.01 secs] 
2016-09-25T23:59:29.307-0400: 33.864: [GC (GCLocker Initiated GC) [PSYoungGen: 86391K->76497K(175104K)] 540313K->530427K(699392K), 0.0077841 secs] [Times: user=0.12 sys=0.00, real=0.01 secs] 
2016-09-25T23:59:29.365-0400: 33.923: [Full GC (Ergonomics) [PSYoungGen: 164561K->0K(175104K)] [ParOldGen: 467586K->131594K(524288K)] 632147K->131594K(699392K), [Metaspace: 43406K->43406K(1085440K)], 0.0550924 secs] [Times: user=0.38 sys=0.00, real=0.05 secs] 
2016-09-25T23:59:29.461-0400: 34.019: [GC (GCLocker Initiated GC) [PSYoungGen: 88064K->71242K(175104K)] 222612K->205790K(699392K), 0.0065925 secs] [Times: user=0.08 sys=0.00, real=0.01 secs] 
2016-09-25T23:59:29.516-0400: 34.073: [GC (GCLocker Initiated GC) [PSYoungGen: 159306K->57422K(175104K)] 302088K->222297K(699392K), 0.0121481 secs] [Times: user=0.18 sys=0.00, real=0.01 secs] 
2016-09-25T23:59:29.574-0400: 34.131: [GC (GCLocker Initiated GC) [PSYoungGen: 145486K->52038K(175104K)] 318530K->242920K(699392K), 0.0060191 secs] [Times: user=0.08 sys=0.01, real=0.01 secs] 
2016-09-25T23:59:29.607-0400: 34.164: [GC (GCLocker Initiated GC) [PSYoungGen: 140102K->66950K(175104K)] 333828K->270466K(699392K), 0.0117868 secs] [Times: user=0.12 sys=0.00, real=0.01 secs] 
2016-09-25T23:59:29.652-0400: 34.209: [GC (GCLocker Initiated GC) [PSYoungGen: 155014K->73732K(175104K)] 364011K->316782K(699392K), 0.0081276 secs] [Times: user=0.12 sys=0.00, real=0.01 secs] 
2016-09-25T23:59:29.698-0400: 34.255: [GC (GCLocker Initiated GC) [PSYoungGen: 161796K->77782K(175104K)] 407708K->333444K(699392K), 0.0094884 secs] [Times: user=0.09 sys=0.00, real=0.01 secs] 
2016-09-25T23:59:29.747-0400: 34.304: [GC (GCLocker Initiated GC) [PSYoungGen: 165846K->48114K(175104K)] 431068K->339310K(699392K), 0.0062365 secs] [Times: user=0.08 sys=0.00, real=0.00 secs] 
2016-09-25T23:59:29.795-0400: 34.352: [GC (GCLocker Initiated GC) [PSYoungGen: 136178K->72446K(175104K)] 438284K->376238K(699392K), 0.0088418 secs] [Times: user=0.12 sys=0.00, real=0.01 secs] 
2016-09-25T23:59:29.846-0400: 34.403: [GC (GCLocker Initiated GC) [PSYoungGen: 160510K->66968K(175104K)] 472462K->391463K(699392K), 0.0068825 secs] [Times: user=0.08 sys=0.00, real=0.00 secs] 
2016-09-25T23:59:29.888-0400: 34.446: [GC (GCLocker Initiated GC) [PSYoungGen: 155032K->68286K(175104K)] 485033K->424270K(699392K), 0.0087097 secs] [Times: user=0.13 sys=0.00, real=0.01 secs] 
2016-09-25T23:59:29.926-0400: 34.484: [GC (GCLocker Initiated GC) [PSYoungGen: 156350K->52132K(175104K)] 515277K->466737K(699392K), 0.0114033 secs] [Times: user=0.12 sys=0.01, real=0.01 secs] 
2016-09-25T23:59:29.981-0400: 34.538: [GC (GCLocker Initiated GC) [PSYoungGen: 140196K->65650K(175104K)] 564464K->515915K(699392K), 0.0112057 secs] [Times: user=0.13 sys=0.00, real=0.01 secs] 
2016-09-25T23:59:30.027-0400: 34.584: [GC (GCLocker Initiated GC) [PSYoungGen: 153714K->66985K(175104K)] 604116K->551523K(699392K), 0.0135190 secs] [Times: user=0.12 sys=0.00, real=0.01 secs] 
2016-09-25T23:59:30.040-0400: 34.598: [Full GC (Ergonomics) [PSYoungGen: 66985K->0K(175104K)] [ParOldGen: 484538K->142040K(524288K)] 551523K->142040K(699392K), [Metaspace: 43407K->43407K(1085440K)], 0.0499236 secs] [Times: user=0.25 sys=0.00, real=0.05 secs] 
2016-09-25T23:59:30.131-0400: 34.688: [GC (GCLocker Initiated GC) [PSYoungGen: 88064K->84646K(175104K)] 235646K->232228K(699392K), 0.0121532 secs] [Times: user=0.13 sys=0.00, real=0.02 secs] 
2016-09-25T23:59:30.176-0400: 34.733: [GC (GCLocker Initiated GC) [PSYoungGen: 172710K->72400K(175104K)] 320388K->246184K(699392K), 0.0083173 secs] [Times: user=0.12 sys=0.00, real=0.01 secs] 
2016-09-25T23:59:30.222-0400: 34.779: [GC (GCLocker Initiated GC) [PSYoungGen: 160464K->69618K(175104K)] 339696K->259954K(699392K), 0.0091425 secs] [Times: user=0.12 sys=0.00, real=0.01 secs] 
2016-09-25T23:59:30.276-0400: 34.833: [GC (GCLocker Initiated GC) [PSYoungGen: 157682K->56025K(175104K)] 350909K->268454K(699392K), 0.0106666 secs] [Times: user=0.09 sys=0.00, real=0.01 secs] 
2016-09-25T23:59:30.333-0400: 34.890: [GC (GCLocker Initiated GC) [PSYoungGen: 144089K->85932K(175104K)] 368807K->329830K(699392K), 0.0108944 secs] [Times: user=0.15 sys=0.00, real=0.02 secs] 
2016-09-25T23:59:30.383-0400: 34.940: [GC (GCLocker Initiated GC) [PSYoungGen: 173996K->61518K(175104K)] 417960K->323346K(699392K), 0.0071982 secs] [Times: user=0.11 sys=0.00, real=0.00 secs] 
2016-09-25T23:59:30.424-0400: 34.982: [GC (GCLocker Initiated GC) [PSYoungGen: 149582K->83215K(175104K)] 419582K->372402K(699392K), 0.0088763 secs] [Times: user=0.14 sys=0.00, real=0.00 secs] 
2016-09-25T23:59:30.479-0400: 35.036: [GC (GCLocker Initiated GC) [PSYoungGen: 171279K->60232K(175104K)] 479457K->379501K(699392K), 0.0069382 secs] [Times: user=0.08 sys=0.00, real=0.01 secs] 
2016-09-25T23:59:30.526-0400: 35.083: [GC (GCLocker Initiated GC) [PSYoungGen: 148296K->71018K(175104K)] 473663K->437271K(699392K), 0.0178808 secs] [Times: user=0.23 sys=0.01, real=0.02 secs] 
2016-09-25T23:59:30.580-0400: 35.137: [GC (GCLocker Initiated GC) [PSYoungGen: 159082K->85930K(175104K)] 525475K->466124K(699392K), 0.0115934 secs] [Times: user=0.13 sys=0.00, real=0.01 secs] 
2016-09-25T23:59:30.622-0400: 35.180: [GC (GCLocker Initiated GC) [PSYoungGen: 173994K->85868K(175104K)] 562470K->504350K(699392K), 0.0105251 secs] [Times: user=0.11 sys=0.01, real=0.00 secs] 
2016-09-25T23:59:30.675-0400: 35.232: [GC (GCLocker Initiated GC) [PSYoungGen: 173932K->64268K(175104K)] 597934K->506195K(699392K), 0.0091002 secs] [Times: user=0.14 sys=0.00, real=0.01 secs] 
2016-09-25T23:59:30.720-0400: 35.278: [GC (GCLocker Initiated GC) [PSYoungGen: 152332K->62871K(175104K)] 596075K->543380K(699392K), 0.0108121 secs] [Times: user=0.16 sys=0.00, real=0.01 secs] 
2016-09-25T23:59:30.731-0400: 35.289: [Full GC (Ergonomics) [PSYoungGen: 62871K->0K(175104K)] [ParOldGen: 480508K->134879K(524288K)] 543380K->134879K(699392K), [Metaspace: 43411K->43411K(1085440K)], 0.0640907 secs] [Times: user=0.38 sys=0.00, real=0.07 secs] 
2016-09-25T23:59:30.832-0400: 35.389: [GC (GCLocker Initiated GC) [PSYoungGen: 88064K->77911K(175104K)] 228771K->218618K(699392K), 0.0095941 secs] [Times: user=0.11 sys=0.00, real=0.01 secs] 
2016-09-25T23:59:30.878-0400: 35.436: [GC (GCLocker Initiated GC) [PSYoungGen: 165975K->52103K(175104K)] 307336K->212826K(699392K), 0.0108810 secs] [Times: user=0.08 sys=0.00, real=0.01 secs] 
2016-09-25T23:59:30.915-0400: 35.472: [GC (GCLocker Initiated GC) [PSYoungGen: 140167K->84565K(175104K)] 306545K->268809K(699392K), 0.0149799 secs] [Times: user=0.15 sys=0.01, real=0.01 secs] 
2016-09-25T23:59:30.973-0400: 35.530: [GC (GCLocker Initiated GC) [PSYoungGen: 172629K->60200K(175104K)] 365164K->278714K(699392K), 0.0075339 secs] [Times: user=0.09 sys=0.00, real=0.01 secs] 
2016-09-25T23:59:31.010-0400: 35.567: [GC (GCLocker Initiated GC) [PSYoungGen: 148264K->61550K(175104K)] 369675K->322436K(699392K), 0.0076082 secs] [Times: user=0.09 sys=0.00, real=0.01 secs] 
2016-09-25T23:59:31.051-0400: 35.609: [GC (GCLocker Initiated GC) [PSYoungGen: 149614K->76435K(175104K)] 411074K->357118K(699392K), 0.0082938 secs] [Times: user=0.11 sys=0.00, real=0.01 secs] 
2016-09-25T23:59:31.115-0400: 35.672: [GC (GCLocker Initiated GC) [PSYoungGen: 164499K->31754K(175104K)] 450664K->354703K(699392K), 0.0071120 secs] [Times: user=0.06 sys=0.01, real=0.00 secs] 
2016-09-25T23:59:31.145-0400: 35.702: [GC (GCLocker Initiated GC) [PSYoungGen: 119818K->86060K(175104K)] 442972K->436479K(699392K), 0.0182372 secs] [Times: user=0.25 sys=0.00, real=0.02 secs] 
2016-09-25T23:59:31.208-0400: 35.765: [GC (GCLocker Initiated GC) [PSYoungGen: 174124K->53514K(175104K)] 532787K->454441K(699392K), 0.0109986 secs] [Times: user=0.17 sys=0.00, real=0.01 secs] 
2016-09-25T23:59:31.268-0400: 35.826: [GC (GCLocker Initiated GC) [PSYoungGen: 141578K->37282K(175104K)] 550750K->485905K(699392K), 0.0084493 secs] [Times: user=0.12 sys=0.00, real=0.01 secs] 
2016-09-25T23:59:31.316-0400: 35.873: [GC (GCLocker Initiated GC) [PSYoungGen: 125346K->49368K(175104K)] 580765K->534824K(699392K), 0.0078046 secs] [Times: user=0.12 sys=0.00, real=0.01 secs] 
2016-09-25T23:59:31.324-0400: 35.881: [Full GC (Ergonomics) [PSYoungGen: 49368K->0K(175104K)] [ParOldGen: 485455K->135072K(524288K)] 534824K->135072K(699392K), [Metaspace: 43411K->43411K(1085440K)], 0.0533605 secs] [Times: user=0.44 sys=0.00, real=0.05 secs] 
2016-09-25T23:59:31.411-0400: 35.969: [GC (GCLocker Initiated GC) [PSYoungGen: 88064K->75275K(175104K)] 225933K->213144K(699392K), 0.0076144 secs] [Times: user=0.10 sys=0.01, real=0.01 secs] 
2016-09-25T23:59:31.461-0400: 36.019: [GC (GCLocker Initiated GC) [PSYoungGen: 163339K->35900K(175104K)] 312073K->222911K(699392K), 0.0110899 secs] [Times: user=0.17 sys=0.00, real=0.01 secs] 
2016-09-25T23:59:31.505-0400: 36.063: [GC (GCLocker Initiated GC) [PSYoungGen: 123964K->77782K(175104K)] 311100K->280179K(699392K), 0.0097549 secs] [Times: user=0.11 sys=0.00, real=0.01 secs] 
2016-09-25T23:59:31.549-0400: 36.106: [GC (GCLocker Initiated GC) [PSYoungGen: 165846K->71082K(175104K)] 376430K->315701K(699392K), 0.0108945 secs] [Times: user=0.15 sys=0.01, real=0.01 secs] 
2016-09-25T23:59:31.605-0400: 36.162: [GC (GCLocker Initiated GC) [PSYoungGen: 159146K->56199K(175104K)] 412038K->328319K(699392K), 0.0067715 secs] [Times: user=0.08 sys=0.01, real=0.00 secs] 
2016-09-25T23:59:31.645-0400: 36.202: [GC (GCLocker Initiated GC) [PSYoungGen: 144263K->81864K(175104K)] 416508K->368010K(699392K), 0.0076847 secs] [Times: user=0.11 sys=0.00, real=0.00 secs] 
2016-09-25T23:59:31.692-0400: 36.249: [GC (GCLocker Initiated GC) [PSYoungGen: 169928K->72300K(175104K)] 456209K->392667K(699392K), 0.0090831 secs] [Times: user=0.11 sys=0.00, real=0.01 secs] 
2016-09-25T23:59:31.735-0400: 36.293: [GC (GCLocker Initiated GC) [PSYoungGen: 160364K->65699K(175104K)] 480830K->418940K(699392K), 0.0080084 secs] [Times: user=0.10 sys=0.00, real=0.01 secs] 
2016-09-25T23:59:31.794-0400: 36.351: [GC (GCLocker Initiated GC) [PSYoungGen: 153763K->53483K(175104K)] 511185K->426127K(699392K), 0.0115354 secs] [Times: user=0.11 sys=0.01, real=0.02 secs] 
2016-09-25T23:59:31.839-0400: 36.396: [GC (GCLocker Initiated GC) [PSYoungGen: 141547K->83159K(175104K)] 517152K->480863K(699392K), 0.0091265 secs] [Times: user=0.12 sys=0.00, real=0.01 secs] 
2016-09-25T23:59:31.891-0400: 36.448: [GC (GCLocker Initiated GC) [PSYoungGen: 171223K->64298K(175104K)] 574579K->490942K(699392K), 0.0095289 secs] [Times: user=0.14 sys=0.00, real=0.01 secs] 
2016-09-25T23:59:31.937-0400: 36.494: [GC (GCLocker Initiated GC) [PSYoungGen: 152362K->84687K(175104K)] 581845K->522647K(699392K), 0.0077304 secs] [Times: user=0.11 sys=0.00, real=0.01 secs] 
2016-09-25T23:59:31.979-0400: 36.537: [GC (GCLocker Initiated GC) [PSYoungGen: 172751K->64316K(175104K)] 611339K->541165K(699392K), 0.0087795 secs] [Times: user=0.14 sys=0.00, real=0.01 secs] 
2016-09-25T23:59:31.988-0400: 36.546: [Full GC (Ergonomics) [PSYoungGen: 64316K->0K(175104K)] [ParOldGen: 476848K->134839K(524288K)] 541165K->134839K(699392K), [Metaspace: 43411K->43411K(1085440K)], 0.0545961 secs] [Times: user=0.49 sys=0.00, real=0.06 secs] 
2016-09-25T23:59:32.080-0400: 36.638: [GC (GCLocker Initiated GC) [PSYoungGen: 88064K->74047K(175104K)] 225734K->211717K(699392K), 0.0226181 secs] [Times: user=0.29 sys=0.01, real=0.03 secs] 
2016-09-25T23:59:32.147-0400: 36.704: [GC (GCLocker Initiated GC) [PSYoungGen: 162111K->64249K(175104K)] 299953K->235174K(699392K), 0.0100029 secs] [Times: user=0.14 sys=0.00, real=0.01 secs] 
2016-09-25T23:59:32.192-0400: 36.750: [GC (GCLocker Initiated GC) [PSYoungGen: 152313K->69921K(175104K)] 328858K->280538K(699392K), 0.0084968 secs] [Times: user=0.09 sys=0.00, real=0.01 secs] 
2016-09-25T23:59:32.238-0400: 36.796: [GC (GCLocker Initiated GC) [PSYoungGen: 157985K->60336K(175104K)] 370120K->285125K(699392K), 0.0080455 secs] [Times: user=0.08 sys=0.00, real=0.01 secs] 
2016-09-25T23:59:32.274-0400: 36.831: [GC (GCLocker Initiated GC) [PSYoungGen: 148400K->67011K(175104K)] 373370K->320945K(699392K), 0.0077998 secs] [Times: user=0.11 sys=0.00, real=0.01 secs] 
2016-09-25T23:59:32.319-0400: 36.876: [GC (GCLocker Initiated GC) [PSYoungGen: 155075K->63119K(175104K)] 421420K->343304K(699392K), 0.0085438 secs] [Times: user=0.08 sys=0.00, real=0.01 secs] 
2016-09-25T23:59:32.398-0400: 36.956: [GC (GCLocker Initiated GC) [PSYoungGen: 151183K->53215K(175104K)] 438257K->353091K(699392K), 0.0132273 secs] [Times: user=0.09 sys=0.01, real=0.01 secs] 
2016-09-25T23:59:32.462-0400: 37.019: [GC (GCLocker Initiated GC) [PSYoungGen: 141279K->68520K(175104K)] 441428K->402777K(699392K), 0.0102057 secs] [Times: user=0.15 sys=0.00, real=0.01 secs] 
2016-09-25T23:59:32.513-0400: 37.070: [GC (GCLocker Initiated GC) [PSYoungGen: 156584K->67121K(155648K)] 497745K->429036K(679936K), 0.0081380 secs] [Times: user=0.10 sys=0.00, real=0.01 secs] 
2016-09-25T23:59:32.563-0400: 37.121: [GC (GCLocker Initiated GC) [PSYoungGen: 155185K->48178K(174080K)] 518506K->437681K(698368K), 0.0141551 secs] [Times: user=0.15 sys=0.00, real=0.01 secs] 
2016-09-25T23:59:32.631-0400: 37.189: [GC (GCLocker Initiated GC) [PSYoungGen: 135730K->56309K(174592K)] 530742K->480161K(698880K), 0.0134530 secs] [Times: user=0.17 sys=0.01, real=0.02 secs] 
2016-09-25T23:59:32.699-0400: 37.257: [GC (Allocation Failure) [PSYoungGen: 143861K->49637K(175104K)] 571351K->507302K(699392K), 0.0073768 secs] [Times: user=0.08 sys=0.01, real=0.01 secs] 
2016-09-25T23:59:32.740-0400: 37.298: [GC (GCLocker Initiated GC) [PSYoungGen: 138213K->80782K(175104K)] 598578K->552547K(699392K), 0.0074111 secs] [Times: user=0.11 sys=0.00, real=0.01 secs] 
2016-09-25T23:59:32.799-0400: 37.357: [Full GC (Ergonomics) [PSYoungGen: 169358K->0K(175104K)] [ParOldGen: 484078K->149839K(524288K)] 653437K->149839K(699392K), [Metaspace: 43417K->43417K(1085440K)], 0.0994543 secs] [Times: user=0.69 sys=0.01, real=0.10 secs] 
2016-09-25T23:59:32.942-0400: 37.499: [GC (GCLocker Initiated GC) [PSYoungGen: 88576K->50902K(175104K)] 238501K->200827K(699392K), 0.0058385 secs] [Times: user=0.05 sys=0.00, real=0.01 secs] 
2016-09-25T23:59:33.005-0400: 37.562: [GC (GCLocker Initiated GC) [PSYoungGen: 138966K->45439K(175104K)] 299784K->227123K(699392K), 0.0417854 secs] [Times: user=0.42 sys=0.00, real=0.04 secs] 
2016-09-25T23:59:33.106-0400: 37.663: [GC (GCLocker Initiated GC) [PSYoungGen: 133503K->47863K(175104K)] 316987K->235982K(699392K), 0.0063581 secs] [Times: user=0.07 sys=0.00, real=0.00 secs] 
2016-09-25T23:59:33.143-0400: 37.700: [GC (GCLocker Initiated GC) [PSYoungGen: 135927K->65625K(175104K)] 326869K->277190K(699392K), 0.0075259 secs] [Times: user=0.08 sys=0.00, real=0.00 secs] 
2016-09-25T23:59:33.199-0400: 37.756: [GC (GCLocker Initiated GC) [PSYoungGen: 153689K->68651K(175104K)] 372179K->302491K(699392K), 0.0140298 secs] [Times: user=0.15 sys=0.01, real=0.01 secs] 
2016-09-25T23:59:33.275-0400: 37.832: [GC (GCLocker Initiated GC) [PSYoungGen: 156715K->53628K(175104K)] 390690K->313864K(699392K), 0.0194341 secs] [Times: user=0.28 sys=0.00, real=0.02 secs] 
2016-09-25T23:59:33.335-0400: 37.892: [GC (GCLocker Initiated GC) [PSYoungGen: 141692K->69903K(175104K)] 401979K->344176K(699392K), 0.0165136 secs] [Times: user=0.18 sys=0.00, real=0.01 secs] 
2016-09-25T23:59:33.404-0400: 37.961: [GC (GCLocker Initiated GC) [PSYoungGen: 157967K->48263K(175104K)] 440555K->354498K(699392K), 0.0064989 secs] [Times: user=0.09 sys=0.00, real=0.00 secs] 
2016-09-25T23:59:33.451-0400: 38.009: [GC (GCLocker Initiated GC) [PSYoungGen: 136327K->67256K(175104K)] 445305K->387592K(699392K), 0.0105714 secs] [Times: user=0.14 sys=0.00, real=0.01 secs] 
2016-09-25T23:59:33.525-0400: 38.082: [GC (GCLocker Initiated GC) [PSYoungGen: 155320K->74056K(175104K)] 481212K->414002K(699392K), 0.0149047 secs] [Times: user=0.11 sys=0.01, real=0.01 secs] 
2016-09-25T23:59:33.595-0400: 38.153: [GC (GCLocker Initiated GC) [PSYoungGen: 162120K->57736K(175104K)] 507523K->411911K(699392K), 0.0082550 secs] [Times: user=0.12 sys=0.00, real=0.01 secs] 
2016-09-25T23:59:33.641-0400: 38.198: [GC (GCLocker Initiated GC) [PSYoungGen: 145800K->72595K(175104K)] 500819K->449778K(699392K), 0.0083737 secs] [Times: user=0.13 sys=0.00, real=0.01 secs] 
2016-09-25T23:59:33.691-0400: 38.248: [GC (GCLocker Initiated GC) [PSYoungGen: 160659K->67199K(175104K)] 538074K->480259K(699392K), 0.0136005 secs] [Times: user=0.20 sys=0.01, real=0.02 secs] 
2016-09-25T23:59:33.763-0400: 38.320: [GC (GCLocker Initiated GC) [PSYoungGen: 155263K->71430K(175104K)] 572211K->517269K(699392K), 0.0124906 secs] [Times: user=0.20 sys=0.00, real=0.01 secs] 
2016-09-25T23:59:33.830-0400: 38.387: [GC (GCLocker Initiated GC) [PSYoungGen: 159494K->63182K(175104K)] 610814K->531408K(699392K), 0.0080130 secs] [Times: user=0.10 sys=0.00, real=0.01 secs] 
2016-09-25T23:59:33.874-0400: 38.431: [GC (GCLocker Initiated GC) [PSYoungGen: 151246K->49519K(175104K)] 619515K->537338K(699392K), 0.0162284 secs] [Times: user=0.17 sys=0.00, real=0.02 secs] 
2016-09-25T23:59:33.890-0400: 38.448: [Full GC (Ergonomics) [PSYoungGen: 49519K->0K(175104K)] [ParOldGen: 487819K->153104K(524288K)] 537338K->153104K(699392K), [Metaspace: 43419K->43419K(1085440K)], 0.0510810 secs] [Times: user=0.39 sys=0.00, real=0.05 secs] 
2016-09-25T23:59:33.981-0400: 38.538: [GC (GCLocker Initiated GC) [PSYoungGen: 88064K->85214K(175104K)] 250153K->250004K(699392K), 0.0110529 secs] [Times: user=0.14 sys=0.00, real=0.01 secs] 
2016-09-25T23:59:34.036-0400: 38.593: [GC (GCLocker Initiated GC) [PSYoungGen: 173278K->67169K(175104K)] 338289K->250788K(699392K), 0.0095276 secs] [Times: user=0.14 sys=0.00, real=0.01 secs] 
2016-09-25T23:59:34.086-0400: 38.644: [GC (GCLocker Initiated GC) [PSYoungGen: 155233K->55017K(175104K)] 338911K->266294K(699392K), 0.0100036 secs] [Times: user=0.13 sys=0.00, real=0.01 secs] 
2016-09-25T23:59:34.133-0400: 38.691: [GC (GCLocker Initiated GC) [PSYoungGen: 143081K->76772K(175104K)] 354625K->305133K(699392K), 0.0098325 secs] [Times: user=0.14 sys=0.01, real=0.02 secs] 
2016-09-25T23:59:34.184-0400: 38.741: [GC (GCLocker Initiated GC) [PSYoungGen: 164836K->80822K(175104K)] 393303K->339629K(699392K), 0.0094976 secs] [Times: user=0.13 sys=0.00, real=0.00 secs] 
2016-09-25T23:59:34.240-0400: 38.798: [GC (GCLocker Initiated GC) [PSYoungGen: 168886K->64683K(175104K)] 429291K->367639K(699392K), 0.0121697 secs] [Times: user=0.14 sys=0.00, real=0.01 secs] 
2016-09-25T23:59:34.295-0400: 38.853: [GC (GCLocker Initiated GC) [PSYoungGen: 152747K->61769K(175104K)] 455807K->377704K(699392K), 0.0096155 secs] [Times: user=0.12 sys=0.00, real=0.01 secs] 
2016-09-25T23:59:34.353-0400: 38.910: [GC (GCLocker Initiated GC) [PSYoungGen: 149833K->63209K(175104K)] 472657K->405468K(699392K), 0.0074437 secs] [Times: user=0.11 sys=0.00, real=0.01 secs] 
2016-09-25T23:59:34.394-0400: 38.951: [GC (GCLocker Initiated GC) [PSYoungGen: 151273K->76676K(175104K)] 496406K->452178K(699392K), 0.0109862 secs] [Times: user=0.15 sys=0.00, real=0.02 secs] 
2016-09-25T23:59:34.455-0400: 39.013: [GC (GCLocker Initiated GC) [PSYoungGen: 164740K->47012K(175104K)] 542955K->463627K(699392K), 0.0080395 secs] [Times: user=0.10 sys=0.01, real=0.01 secs] 
2016-09-25T23:59:34.507-0400: 39.064: [GC (GCLocker Initiated GC) [PSYoungGen: 135076K->83560K(175104K)] 551771K->511699K(699392K), 0.0083631 secs] [Times: user=0.12 sys=0.02, real=0.01 secs] 
2016-09-25T23:59:34.564-0400: 39.121: [GC (GCLocker Initiated GC) [PSYoungGen: 171624K->71252K(175104K)] 599955K->513756K(699392K), 0.0094693 secs] [Times: user=0.10 sys=0.00, real=0.00 secs] 
2016-09-25T23:59:34.610-0400: 39.167: [GC (GCLocker Initiated GC) [PSYoungGen: 159316K->59205K(175104K)] 604669K->514648K(699392K), 0.0123558 secs] [Times: user=0.11 sys=0.00, real=0.02 secs] 
2016-09-25T23:59:34.674-0400: 39.231: [GC (GCLocker Initiated GC) [PSYoungGen: 147269K->29344K(175104K)] 605460K->527445K(699392K), 0.0125338 secs] [Times: user=0.12 sys=0.00, real=0.02 secs] 
2016-09-25T23:59:34.686-0400: 39.244: [Full GC (Ergonomics) [PSYoungGen: 29344K->0K(175104K)] [ParOldGen: 498100K->141979K(524288K)] 527445K->141979K(699392K), [Metaspace: 43420K->43420K(1085440K)], 0.1349097 secs] [Times: user=1.56 sys=0.01, real=0.13 secs] 
2016-09-25T23:59:34.856-0400: 39.413: [GC (GCLocker Initiated GC) [PSYoungGen: 88064K->78332K(175104K)] 236953K->227221K(699392K), 0.0103221 secs] [Times: user=0.10 sys=0.00, real=0.01 secs] 
2016-09-25T23:59:34.910-0400: 39.467: [GC (GCLocker Initiated GC) [PSYoungGen: 166396K->45553K(175104K)] 319461K->218415K(699392K), 0.0103891 secs] [Times: user=0.08 sys=0.01, real=0.01 secs] 
2016-09-25T23:59:34.963-0400: 39.520: [GC (GCLocker Initiated GC) [PSYoungGen: 133617K->73963K(175104K)] 306620K->278711K(699392K), 0.0104402 secs] [Times: user=0.13 sys=0.00, real=0.00 secs] 
2016-09-25T23:59:35.013-0400: 39.571: [GC (GCLocker Initiated GC) [PSYoungGen: 162027K->64592K(175104K)] 366905K->298455K(699392K), 0.0095814 secs] [Times: user=0.11 sys=0.01, real=0.02 secs] 
2016-09-25T23:59:35.070-0400: 39.628: [GC (GCLocker Initiated GC) [PSYoungGen: 152656K->34845K(175104K)] 397489K->303290K(699392K), 0.0133532 secs] [Times: user=0.12 sys=0.00, real=0.02 secs] 
2016-09-25T23:59:35.126-0400: 39.684: [GC (GCLocker Initiated GC) [PSYoungGen: 122909K->56457K(175104K)] 394274K->350281K(699392K), 0.0077555 secs] [Times: user=0.07 sys=0.00, real=0.01 secs] 
2016-09-25T23:59:35.178-0400: 39.735: [GC (GCLocker Initiated GC) [PSYoungGen: 144521K->76830K(175104K)] 438542K->394404K(699392K), 0.0334392 secs] [Times: user=0.38 sys=0.00, real=0.03 secs] 
2016-09-25T23:59:35.260-0400: 39.817: [GC (GCLocker Initiated GC) [PSYoungGen: 164894K->56391K(175104K)] 482563K->407156K(699392K), 0.0104774 secs] [Times: user=0.15 sys=0.00, real=0.01 secs] 
2016-09-25T23:59:35.306-0400: 39.863: [GC (GCLocker Initiated GC) [PSYoungGen: 144455K->67323K(175104K)] 495313K->434990K(699392K), 0.0131572 secs] [Times: user=0.15 sys=0.00, real=0.01 secs] 
2016-09-25T23:59:35.367-0400: 39.924: [GC (GCLocker Initiated GC) [PSYoungGen: 155387K->78218K(175104K)] 528561K->468329K(699392K), 0.0103849 secs] [Times: user=0.15 sys=0.00, real=0.01 secs] 
2016-09-25T23:59:35.420-0400: 39.977: [GC (GCLocker Initiated GC) [PSYoungGen: 166282K->57909K(175104K)] 560587K->478688K(699392K), 0.0070769 secs] [Times: user=0.10 sys=0.00, real=0.01 secs] 
2016-09-25T23:59:35.477-0400: 40.035: [GC (GCLocker Initiated GC) [PSYoungGen: 145973K->59172K(175104K)] 580397K->509183K(699392K), 0.0117082 secs] [Times: user=0.16 sys=0.00, real=0.01 secs] 
2016-09-25T23:59:35.535-0400: 40.092: [GC (GCLocker Initiated GC) [PSYoungGen: 147236K->71395K(175104K)] 601411K->533050K(699392K), 0.0106079 secs] [Times: user=0.14 sys=0.00, real=0.01 secs] 
2016-09-25T23:59:35.602-0400: 40.159: [GC (GCLocker Initiated GC) [PSYoungGen: 159459K->43840K(175104K)] 621210K->529177K(699392K), 0.0086933 secs] [Times: user=0.10 sys=0.00, real=0.01 secs] 
2016-09-25T23:59:35.611-0400: 40.168: [Full GC (Ergonomics) [PSYoungGen: 43840K->0K(175104K)] [ParOldGen: 485336K->142277K(524288K)] 529177K->142277K(699392K), [Metaspace: 43420K->43420K(1085440K)], 0.0526907 secs] [Times: user=0.40 sys=0.00, real=0.06 secs] 
2016-09-25T23:59:35.699-0400: 40.256: [GC (GCLocker Initiated GC) [PSYoungGen: 88064K->84396K(175104K)] 230477K->229509K(699392K), 0.0080862 secs] [Times: user=0.12 sys=0.00, real=0.01 secs] 
2016-09-25T23:59:35.758-0400: 40.315: [GC (GCLocker Initiated GC) [PSYoungGen: 172460K->55074K(175104K)] 323003K->230133K(699392K), 0.0078184 secs] [Times: user=0.12 sys=0.00, real=0.01 secs] 
2016-09-25T23:59:35.795-0400: 40.353: [GC (GCLocker Initiated GC) [PSYoungGen: 143138K->70116K(175104K)] 321016K->264808K(699392K), 0.0075904 secs] [Times: user=0.08 sys=0.00, real=0.01 secs] 
2016-09-25T23:59:35.856-0400: 40.413: [GC (GCLocker Initiated GC) [PSYoungGen: 158180K->52496K(175104K)] 361908K->284198K(699392K), 0.0078030 secs] [Times: user=0.09 sys=0.00, real=0.01 secs] 
2016-09-25T23:59:35.905-0400: 40.462: [GC (GCLocker Initiated GC) [PSYoungGen: 140560K->68652K(175104K)] 377679K->311943K(699392K), 0.0090528 secs] [Times: user=0.12 sys=0.00, real=0.01 secs] 
2016-09-25T23:59:35.960-0400: 40.518: [GC (GCLocker Initiated GC) [PSYoungGen: 156716K->86218K(175104K)] 410951K->345231K(699392K), 0.0073593 secs] [Times: user=0.11 sys=0.00, real=0.01 secs] 
2016-09-25T23:59:36.013-0400: 40.570: [GC (GCLocker Initiated GC) [PSYoungGen: 174282K->48288K(175104K)] 433397K->335079K(699392K), 0.0073469 secs] [Times: user=0.07 sys=0.00, real=0.01 secs] 
2016-09-25T23:59:36.063-0400: 40.620: [GC (GCLocker Initiated GC) [PSYoungGen: 136352K->79745K(175104K)] 428693K->380812K(699392K), 0.0078493 secs] [Times: user=0.11 sys=0.00, real=0.00 secs] 
2016-09-25T23:59:36.119-0400: 40.676: [GC (GCLocker Initiated GC) [PSYoungGen: 167809K->59235K(175104K)] 485219K->395034K(699392K), 0.0128031 secs] [Times: user=0.14 sys=0.00, real=0.01 secs] 
2016-09-25T23:59:36.178-0400: 40.736: [GC (GCLocker Initiated GC) [PSYoungGen: 147299K->71305K(175104K)] 485935K->432486K(699392K), 0.0085482 secs] [Times: user=0.13 sys=0.00, real=0.01 secs] 
2016-09-25T23:59:36.228-0400: 40.786: [GC (GCLocker Initiated GC) [PSYoungGen: 159369K->45730K(175104K)] 526007K->450809K(699392K), 0.0074631 secs] [Times: user=0.10 sys=0.00, real=0.01 secs] 
2016-09-25T23:59:36.275-0400: 40.832: [GC (GCLocker Initiated GC) [PSYoungGen: 133794K->70292K(175104K)] 541646K->499130K(699392K), 0.0071882 secs] [Times: user=0.10 sys=0.00, real=0.01 secs] 
2016-09-25T23:59:36.329-0400: 40.886: [GC (GCLocker Initiated GC) [PSYoungGen: 158356K->52705K(175104K)] 595513K->501652K(699392K), 0.0113825 secs] [Times: user=0.15 sys=0.00, real=0.01 secs] 
2016-09-25T23:59:36.390-0400: 40.947: [GC (GCLocker Initiated GC) [PSYoungGen: 140769K->48443K(175104K)] 595296K->514649K(699392K), 0.0098566 secs] [Times: user=0.11 sys=0.00, real=0.01 secs] 
2016-09-25T23:59:36.444-0400: 41.001: [GC (GCLocker Initiated GC) [PSYoungGen: 136507K->57853K(175104K)] 605560K->549363K(699392K), 0.0094542 secs] [Times: user=0.12 sys=0.00, real=0.00 secs] 
2016-09-25T23:59:36.454-0400: 41.011: [Full GC (Ergonomics) [PSYoungGen: 57853K->0K(175104K)] [ParOldGen: 491510K->157709K(524288K)] 549363K->157709K(699392K), [Metaspace: 43430K->43430K(1085440K)], 0.0585558 secs] [Times: user=0.53 sys=0.01, real=0.06 secs] 
2016-09-25T23:59:36.560-0400: 41.118: [GC (GCLocker Initiated GC) [PSYoungGen: 88064K->73428K(175104K)] 251322K->236686K(699392K), 0.0102601 secs] [Times: user=0.12 sys=0.00, real=0.01 secs] 
2016-09-25T23:59:36.618-0400: 41.176: [GC (GCLocker Initiated GC) [PSYoungGen: 161491K->60638K(175104K)] 330406K->263394K(699392K), 0.0109810 secs] [Times: user=0.15 sys=0.00, real=0.01 secs] 
2016-09-25T23:59:36.677-0400: 41.235: [GC (GCLocker Initiated GC) [PSYoungGen: 148702K->44410K(175104K)] 354424K->263011K(699392K), 0.0068572 secs] [Times: user=0.06 sys=0.00, real=0.01 secs] 
2016-09-25T23:59:36.716-0400: 41.274: [GC (GCLocker Initiated GC) [PSYoungGen: 132474K->74129K(175104K)] 351124K->305839K(699392K), 0.0091313 secs] [Times: user=0.10 sys=0.00, real=0.01 secs] 
2016-09-25T23:59:36.776-0400: 41.333: [GC (GCLocker Initiated GC) [PSYoungGen: 162193K->56663K(175104K)] 402142K->337950K(699392K), 0.0132045 secs] [Times: user=0.16 sys=0.00, real=0.01 secs] 
2016-09-25T23:59:36.846-0400: 41.404: [GC (GCLocker Initiated GC) [PSYoungGen: 144727K->41935K(175104K)] 440981K->356603K(699392K), 0.0076318 secs] [Times: user=0.06 sys=0.00, real=0.00 secs] 
2016-09-25T23:59:36.895-0400: 41.452: [GC (GCLocker Initiated GC) [PSYoungGen: 129999K->45595K(175104K)] 450222K->387183K(699392K), 0.0094985 secs] [Times: user=0.07 sys=0.00, real=0.01 secs] 
2016-09-25T23:59:36.953-0400: 41.510: [GC (GCLocker Initiated GC) [PSYoungGen: 133659K->42711K(175104K)] 478067K->424267K(699392K), 0.0111467 secs] [Times: user=0.10 sys=0.00, real=0.02 secs] 
2016-09-25T23:59:37.011-0400: 41.568: [GC (GCLocker Initiated GC) [PSYoungGen: 130775K->44691K(175104K)] 520470K->443043K(699392K), 0.0122446 secs] [Times: user=0.15 sys=0.00, real=0.02 secs] 
2016-09-25T23:59:37.077-0400: 41.634: [GC (GCLocker Initiated GC) [PSYoungGen: 132755K->48355K(174080K)] 537950K->465406K(698368K), 0.0067442 secs] [Times: user=0.07 sys=0.00, real=0.01 secs] 
2016-09-25T23:59:37.129-0400: 41.686: [GC (GCLocker Initiated GC) [PSYoungGen: 136419K->62065K(174592K)] 553581K->509741K(698880K), 0.0109063 secs] [Times: user=0.14 sys=0.01, real=0.01 secs] 
2016-09-25T23:59:37.173-0400: 41.730: [GC (GCLocker Initiated GC) [PSYoungGen: 150129K->73124K(174080K)] 599270K->540682K(698368K), 0.0089252 secs] [Times: user=0.12 sys=0.00, real=0.02 secs] 
2016-09-25T23:59:37.229-0400: 41.787: [GC (GCLocker Initiated GC) [PSYoungGen: 161188K->53903K(175104K)] 630215K->556391K(699392K), 0.0100536 secs] [Times: user=0.09 sys=0.00, real=0.01 secs] 
2016-09-25T23:59:37.240-0400: 41.797: [Full GC (Ergonomics) [PSYoungGen: 53903K->0K(175104K)] [ParOldGen: 502487K->161980K(524288K)] 556391K->161980K(699392K), [Metaspace: 43445K->43445K(1085440K)], 0.0568670 secs] [Times: user=0.42 sys=0.07, real=0.06 secs] 
2016-09-25T23:59:37.341-0400: 41.898: [GC (GCLocker Initiated GC) [PSYoungGen: 88064K->85381K(175104K)] 250159K->247476K(699392K), 0.0100439 secs] [Times: user=0.09 sys=0.00, real=0.01 secs] 
2016-09-25T23:59:37.398-0400: 41.955: [GC (GCLocker Initiated GC) [PSYoungGen: 173445K->52890K(175104K)] 346399K->241919K(699392K), 0.0069173 secs] [Times: user=0.05 sys=0.02, real=0.01 secs] 
2016-09-25T23:59:37.449-0400: 42.006: [GC (GCLocker Initiated GC) [PSYoungGen: 140954K->52422K(175104K)] 335631K->261596K(699392K), 0.0067998 secs] [Times: user=0.05 sys=0.00, real=0.01 secs] 
2016-09-25T23:59:37.498-0400: 42.055: [GC (GCLocker Initiated GC) [PSYoungGen: 140486K->49894K(175104K)] 355154K->299076K(699392K), 0.0076053 secs] [Times: user=0.08 sys=0.01, real=0.01 secs] 
2016-09-25T23:59:37.542-0400: 42.100: [GC (GCLocker Initiated GC) [PSYoungGen: 137958K->69043K(175104K)] 387363K->350352K(699392K), 0.0105558 secs] [Times: user=0.12 sys=0.00, real=0.00 secs] 
2016-09-25T23:59:37.626-0400: 42.183: [GC (GCLocker Initiated GC) [PSYoungGen: 157107K->64812K(175104K)] 443887K->376979K(699392K), 0.0110386 secs] [Times: user=0.15 sys=0.01, real=0.01 secs] 
2016-09-25T23:59:37.692-0400: 42.250: [GC (GCLocker Initiated GC) [PSYoungGen: 152876K->60951K(174080K)] 467996K->401286K(698368K), 0.0080111 secs] [Times: user=0.09 sys=0.00, real=0.01 secs] 
2016-09-25T23:59:37.743-0400: 42.300: [GC (GCLocker Initiated GC) [PSYoungGen: 149015K->54254K(142336K)] 500278K->418747K(666624K), 0.0133043 secs] [Times: user=0.16 sys=0.00, real=0.01 secs] 
2016-09-25T23:59:37.819-0400: 42.376: [GC (GCLocker Initiated GC) [PSYoungGen: 142318K->60520K(176128K)] 506926K->454643K(700416K), 0.0143862 secs] [Times: user=0.12 sys=0.02, real=0.01 secs] 
2016-09-25T23:59:37.890-0400: 42.447: [GC (GCLocker Initiated GC) [PSYoungGen: 152168K->73220K(174080K)] 551844K->499230K(698368K), 0.0193031 secs] [Times: user=0.27 sys=0.03, real=0.02 secs] 
2016-09-25T23:59:37.953-0400: 42.510: [GC (GCLocker Initiated GC) [PSYoungGen: 164868K->52637K(177664K)] 596592K->516585K(701952K), 0.0074728 secs] [Times: user=0.10 sys=0.00, real=0.01 secs] 
2016-09-25T23:59:38.010-0400: 42.567: [GC (GCLocker Initiated GC) [PSYoungGen: 144797K->63366K(155648K)] 611544K->544498K(679936K), 0.0205686 secs] [Times: user=0.19 sys=0.00, real=0.02 secs] 
2016-09-25T23:59:38.031-0400: 42.588: [Full GC (Ergonomics) [PSYoungGen: 63366K->0K(155648K)] [ParOldGen: 481132K->163259K(524288K)] 544498K->163259K(679936K), [Metaspace: 43456K->43456K(1085440K)], 0.0690285 secs] [Times: user=0.48 sys=0.01, real=0.07 secs] 
2016-09-25T23:59:38.147-0400: 42.704: [GC (GCLocker Initiated GC) [PSYoungGen: 92160K->81370K(171520K)] 258156K->252766K(695808K), 0.0071212 secs] [Times: user=0.10 sys=0.01, real=0.01 secs] 
2016-09-25T23:59:38.191-0400: 42.748: [GC (GCLocker Initiated GC) [PSYoungGen: 169434K->70269K(175104K)] 346485K->276958K(699392K), 0.0074291 secs] [Times: user=0.10 sys=0.00, real=0.01 secs] 
2016-09-25T23:59:38.261-0400: 42.818: [GC (GCLocker Initiated GC) [PSYoungGen: 158333K->55186K(175104K)] 368236K->274048K(699392K), 0.0129818 secs] [Times: user=0.11 sys=0.01, real=0.01 secs] 
2016-09-25T23:59:38.339-0400: 42.897: [GC (GCLocker Initiated GC) [PSYoungGen: 143250K->46829K(175104K)] 367681K->297712K(699392K), 0.0065240 secs] [Times: user=0.06 sys=0.00, real=0.01 secs] 
2016-09-25T23:59:38.379-0400: 42.936: [GC (GCLocker Initiated GC) [PSYoungGen: 134893K->74242K(175104K)] 393945K->347359K(699392K), 0.0078892 secs] [Times: user=0.10 sys=0.00, real=0.01 secs] 
2016-09-25T23:59:38.431-0400: 42.988: [GC (GCLocker Initiated GC) [PSYoungGen: 162306K->79566K(175104K)] 442411K->373937K(699392K), 0.0130486 secs] [Times: user=0.16 sys=0.00, real=0.02 secs] 
2016-09-25T23:59:38.524-0400: 43.082: [GC (GCLocker Initiated GC) [PSYoungGen: 167630K->45702K(175104K)] 466101K->374619K(699392K), 0.0143644 secs] [Times: user=0.13 sys=0.00, real=0.01 secs] 
2016-09-25T23:59:38.578-0400: 43.135: [GC (GCLocker Initiated GC) [PSYoungGen: 133766K->86235K(175104K)] 471029K->456572K(699392K), 0.0091575 secs] [Times: user=0.12 sys=0.00, real=0.01 secs] 
2016-09-25T23:59:38.634-0400: 43.192: [GC (GCLocker Initiated GC) [PSYoungGen: 174299K->48155K(175104K)] 547349K->442163K(699392K), 0.0204608 secs] [Times: user=0.26 sys=0.00, real=0.02 secs] 
2016-09-25T23:59:38.706-0400: 43.263: [GC (GCLocker Initiated GC) [PSYoungGen: 136219K->58078K(175104K)] 530309K->475624K(699392K), 0.0197552 secs] [Times: user=0.25 sys=0.01, real=0.02 secs] 
2016-09-25T23:59:38.782-0400: 43.339: [GC (GCLocker Initiated GC) [PSYoungGen: 146142K->64839K(175104K)] 566484K->498154K(699392K), 0.0114041 secs] [Times: user=0.14 sys=0.01, real=0.01 secs] 
2016-09-25T23:59:38.839-0400: 43.396: [GC (GCLocker Initiated GC) [PSYoungGen: 152903K->68592K(175104K)] 589039K->542127K(699392K), 0.0082375 secs] [Times: user=0.12 sys=0.00, real=0.01 secs] 
2016-09-25T23:59:38.884-0400: 43.441: [GC (GCLocker Initiated GC) [PSYoungGen: 156656K->60611K(175104K)] 634328K->552383K(699392K), 0.0079212 secs] [Times: user=0.08 sys=0.01, real=0.00 secs] 
2016-09-25T23:59:38.892-0400: 43.450: [Full GC (Ergonomics) [PSYoungGen: 60611K->0K(175104K)] [ParOldGen: 491771K->177665K(524288K)] 552383K->177665K(699392K), [Metaspace: 43456K->43456K(1085440K)], 0.0830274 secs] [Times: user=0.38 sys=0.04, real=0.09 secs] 
2016-09-25T23:59:39.038-0400: 43.596: [GC (GCLocker Initiated GC) [PSYoungGen: 88064K->70167K(175104K)] 265884K->247996K(699392K), 0.0090630 secs] [Times: user=0.08 sys=0.00, real=0.01 secs] 
2016-09-25T23:59:39.080-0400: 43.637: [GC (GCLocker Initiated GC) [PSYoungGen: 158231K->74055K(175104K)] 337621K->271770K(699392K), 0.0083191 secs] [Times: user=0.10 sys=0.01, real=0.01 secs] 
2016-09-25T23:59:39.123-0400: 43.680: [GC (GCLocker Initiated GC) [PSYoungGen: 162119K->53604K(175104K)] 362582K->277765K(699392K), 0.0066800 secs] [Times: user=0.09 sys=0.00, real=0.00 secs] 
2016-09-25T23:59:39.172-0400: 43.729: [GC (GCLocker Initiated GC) [PSYoungGen: 141668K->55025K(175104K)] 376654K->299851K(699392K), 0.0077848 secs] [Times: user=0.08 sys=0.00, real=0.01 secs] 
2016-09-25T23:59:39.226-0400: 43.783: [GC (GCLocker Initiated GC) [PSYoungGen: 143089K->79211K(175104K)] 393398K->339659K(699392K), 0.0094851 secs] [Times: user=0.11 sys=0.00, real=0.01 secs] 
2016-09-25T23:59:39.281-0400: 43.839: [GC (GCLocker Initiated GC) [PSYoungGen: 167275K->68632K(175104K)] 431398K->356161K(699392K), 0.0075042 secs] [Times: user=0.11 sys=0.00, real=0.01 secs] 
2016-09-25T23:59:39.341-0400: 43.898: [GC (GCLocker Initiated GC) [PSYoungGen: 156696K->63148K(175104K)] 453021K->378986K(699392K), 0.0111272 secs] [Times: user=0.14 sys=0.01, real=0.01 secs] 
2016-09-25T23:59:39.395-0400: 43.952: [GC (GCLocker Initiated GC) [PSYoungGen: 151212K->59146K(175104K)] 471207K->410787K(699392K), 0.0088701 secs] [Times: user=0.13 sys=0.00, real=0.01 secs] 
2016-09-25T23:59:39.439-0400: 43.996: [GC (GCLocker Initiated GC) [PSYoungGen: 147210K->49459K(175104K)] 498983K->420720K(699392K), 0.0090156 secs] [Times: user=0.08 sys=0.00, real=0.01 secs] 
2016-09-25T23:59:39.507-0400: 44.064: [GC (GCLocker Initiated GC) [PSYoungGen: 137523K->59032K(173056K)] 514303K->452599K(697344K), 0.0090228 secs] [Times: user=0.09 sys=0.00, real=0.01 secs] 
2016-09-25T23:59:39.557-0400: 44.114: [GC (GCLocker Initiated GC) [PSYoungGen: 147096K->60494K(174080K)] 543506K->492542K(698368K), 0.0109435 secs] [Times: user=0.16 sys=0.00, real=0.01 secs] 
2016-09-25T23:59:39.607-0400: 44.164: [GC (GCLocker Initiated GC) [PSYoungGen: 148558K->63257K(174080K)] 580762K->539327K(698368K), 0.0082394 secs] [Times: user=0.11 sys=0.01, real=0.01 secs] 
2016-09-25T23:59:39.615-0400: 44.172: [Full GC (Ergonomics) [PSYoungGen: 63257K->0K(174080K)] [ParOldGen: 476070K->176814K(524288K)] 539327K->176814K(698368K), [Metaspace: 43576K->43576K(1087488K)], 0.0505952 secs] [Times: user=0.41 sys=0.00, real=0.05 secs] 
2016-09-25T23:59:40.213-0400: 44.770: [GC (Allocation Failure) [PSYoungGen: 92160K->76882K(174592K)] 271676K->256398K(698880K), 0.7202756 secs] [Times: user=0.06 sys=0.00, real=0.72 secs] 
2016-09-25T23:59:40.990-0400: 45.547: [GC (GCLocker Initiated GC) [PSYoungGen: 169042K->75311K(173568K)] 348571K->260962K(697856K), 0.0087220 secs] [Times: user=0.08 sys=0.00, real=0.01 secs] 
2016-09-25T23:59:41.056-0400: 45.613: [GC (GCLocker Initiated GC) [PSYoungGen: 163375K->40077K(175104K)] 349283K->250982K(699392K), 0.0122479 secs] [Times: user=0.10 sys=0.01, real=0.01 secs] 
2016-09-25T23:59:41.112-0400: 45.670: [GC (GCLocker Initiated GC) [PSYoungGen: 128141K->76688K(175104K)] 339146K->303094K(699392K), 0.0101009 secs] [Times: user=0.09 sys=0.00, real=0.02 secs] 
2016-09-25T23:59:41.160-0400: 45.720: [GC (GCLocker Initiated GC) [PSYoungGen: 164752K->79470K(175104K)] 391316K->333742K(699392K), 0.0112443 secs] [Times: user=0.10 sys=0.00, real=0.01 secs] 
2016-09-25T23:59:41.222-0400: 45.780: [GC (GCLocker Initiated GC) [PSYoungGen: 167534K->50978K(175104K)] 427693K->342837K(699392K), 0.0144720 secs] [Times: user=0.13 sys=0.00, real=0.01 secs] 
2016-09-25T23:59:41.280-0400: 45.837: [GC (GCLocker Initiated GC) [PSYoungGen: 139042K->61759K(175104K)] 434919K->386711K(699392K), 0.0228799 secs] [Times: user=0.29 sys=0.01, real=0.03 secs] 
2016-09-25T23:59:41.337-0400: 45.894: [GC (GCLocker Initiated GC) [PSYoungGen: 149823K->63009K(175104K)] 475485K->406790K(699392K), 0.0166769 secs] [Times: user=0.20 sys=0.00, real=0.01 secs] 
2016-09-25T23:59:41.395-0400: 45.953: [GC (GCLocker Initiated GC) [PSYoungGen: 151073K->86111K(175104K)] 496356K->443997K(699392K), 0.0087187 secs] [Times: user=0.13 sys=0.00, real=0.01 secs] 
2016-09-25T23:59:41.472-0400: 46.029: [GC (GCLocker Initiated GC) [PSYoungGen: 174175K->54894K(175104K)] 545651K->453963K(699392K), 0.0100913 secs] [Times: user=0.09 sys=0.01, real=0.02 secs] 
2016-09-25T23:59:41.521-0400: 46.079: [GC (GCLocker Initiated GC) [PSYoungGen: 142958K->82072K(175104K)] 544838K->491188K(699392K), 0.0078981 secs] [Times: user=0.11 sys=0.00, real=0.01 secs] 
2016-09-25T23:59:41.587-0400: 46.144: [GC (GCLocker Initiated GC) [PSYoungGen: 170136K->73894K(175104K)] 586176K->506727K(699392K), 0.0113849 secs] [Times: user=0.11 sys=0.00, real=0.01 secs] 
2016-09-25T23:59:41.644-0400: 46.201: [GC (Allocation Failure) [PSYoungGen: 161958K->57508K(175104K)] 594918K->520702K(699392K), 0.0114012 secs] [Times: user=0.13 sys=0.00, real=0.01 secs] 
2016-09-25T23:59:41.656-0400: 46.214: [GC (GCLocker Initiated GC) --[PSYoungGen: 60751K->60751K(175104K)] 523945K->582500K(699392K), 0.0056538 secs] [Times: user=0.07 sys=0.00, real=0.00 secs] 
2016-09-25T23:59:41.662-0400: 46.219: [Full GC (Ergonomics) [PSYoungGen: 60751K->0K(175104K)] [ParOldGen: 521749K->186718K(524288K)] 582500K->186718K(699392K), [Metaspace: 43576K->43576K(1087488K)], 0.0641313 secs] [Times: user=0.46 sys=0.00, real=0.07 secs] 
2016-09-25T23:59:41.767-0400: 46.324: [GC (GCLocker Initiated GC) [PSYoungGen: 86131K->76992K(175104K)] 275550K->266411K(699392K), 0.0152592 secs] [Times: user=0.19 sys=0.01, real=0.02 secs] 
2016-09-25T23:59:41.835-0400: 46.392: [GC (GCLocker Initiated GC) [PSYoungGen: 165056K->55020K(175104K)] 354511K->277768K(699392K), 0.0071803 secs] [Times: user=0.11 sys=0.00, real=0.00 secs] 
2016-09-25T23:59:41.876-0400: 46.433: [GC (GCLocker Initiated GC) [PSYoungGen: 143084K->83536K(175104K)] 371493K->327378K(699392K), 0.0079926 secs] [Times: user=0.12 sys=0.01, real=0.01 secs] 
2016-09-25T23:59:41.933-0400: 46.491: [GC (GCLocker Initiated GC) [PSYoungGen: 171600K->72590K(175104K)] 415689K->326842K(699392K), 0.0070861 secs] [Times: user=0.10 sys=0.00, real=0.01 secs] 
2016-09-25T23:59:41.981-0400: 46.538: [GC (GCLocker Initiated GC) [PSYoungGen: 160654K->65675K(175104K)] 414992K->348951K(699392K), 0.0091680 secs] [Times: user=0.12 sys=0.00, real=0.01 secs] 
2016-09-25T23:59:42.033-0400: 46.590: [GC (GCLocker Initiated GC) [PSYoungGen: 153739K->72737K(175104K)] 439920K->378233K(699392K), 0.0108222 secs] [Times: user=0.10 sys=0.00, real=0.02 secs] 
2016-09-25T23:59:42.098-0400: 46.655: [GC (GCLocker Initiated GC) [PSYoungGen: 160801K->49622K(175104K)] 471744K->397734K(699392K), 0.0101709 secs] [Times: user=0.16 sys=0.00, real=0.01 secs] 
2016-09-25T23:59:42.151-0400: 46.708: [GC (GCLocker Initiated GC) [PSYoungGen: 137686K->69986K(175104K)] 489960K->439030K(699392K), 0.0072335 secs] [Times: user=0.09 sys=0.00, real=0.01 secs] 
2016-09-25T23:59:42.204-0400: 46.761: [GC (GCLocker Initiated GC) [PSYoungGen: 158050K->53637K(175104K)] 530090K->456025K(699392K), 0.0090121 secs] [Times: user=0.08 sys=0.00, real=0.00 secs] 
2016-09-25T23:59:42.253-0400: 46.810: [GC (GCLocker Initiated GC) [PSYoungGen: 141701K->71299K(175104K)] 548333K->518938K(699392K), 0.0090172 secs] [Times: user=0.10 sys=0.02, real=0.01 secs] 
2016-09-25T23:59:42.303-0400: 46.860: [GC (GCLocker Initiated GC) [PSYoungGen: 159363K->49408K(175104K)] 615194K->531500K(699392K), 0.0092614 secs] [Times: user=0.11 sys=0.00, real=0.00 secs] 
2016-09-25T23:59:42.313-0400: 46.870: [Full GC (Ergonomics) [PSYoungGen: 49408K->0K(175104K)] [ParOldGen: 482091K->193165K(524288K)] 531500K->193165K(699392K), [Metaspace: 43576K->43576K(1087488K)], 0.0503321 secs] [Times: user=0.30 sys=0.00, real=0.06 secs] 
2016-09-25T23:59:42.403-0400: 46.961: [GC (GCLocker Initiated GC) [PSYoungGen: 88064K->85022K(175104K)] 281476K->278434K(699392K), 0.0088824 secs] [Times: user=0.10 sys=0.02, real=0.00 secs] 
2016-09-25T23:59:42.460-0400: 47.018: [GC (GCLocker Initiated GC) [PSYoungGen: 173086K->65754K(175104K)] 366635K->289882K(699392K), 0.0084651 secs] [Times: user=0.08 sys=0.01, real=0.01 secs] 
2016-09-25T23:59:42.505-0400: 47.063: [GC (GCLocker Initiated GC) [PSYoungGen: 153818K->83595K(175104K)] 381362K->337247K(699392K), 0.0098826 secs] [Times: user=0.09 sys=0.00, real=0.01 secs] 
2016-09-25T23:59:42.572-0400: 47.129: [GC (GCLocker Initiated GC) [PSYoungGen: 171659K->54973K(175104K)] 435007K->348734K(699392K), 0.0067849 secs] [Times: user=0.08 sys=0.01, real=0.01 secs] 
2016-09-25T23:59:42.615-0400: 47.173: [GC (GCLocker Initiated GC) [PSYoungGen: 143037K->56383K(175104K)] 436907K->383206K(699392K), 0.0080596 secs] [Times: user=0.10 sys=0.01, real=0.01 secs] 
2016-09-25T23:59:42.654-0400: 47.211: [GC (GCLocker Initiated GC) [PSYoungGen: 144447K->71292K(175104K)] 472763K->423083K(699392K), 0.0169667 secs] [Times: user=0.21 sys=0.01, real=0.01 secs] 
2016-09-25T23:59:42.708-0400: 47.266: [GC (GCLocker Initiated GC) [PSYoungGen: 159356K->71308K(175104K)] 511602K->449851K(699392K), 0.0074097 secs] [Times: user=0.12 sys=0.00, real=0.01 secs] 
2016-09-25T23:59:42.769-0400: 47.326: [GC (GCLocker Initiated GC) [PSYoungGen: 159372K->84728K(175104K)] 540755K->489665K(699392K), 0.0118385 secs] [Times: user=0.17 sys=0.01, real=0.01 secs] 
2016-09-25T23:59:42.843-0400: 47.401: [GC (GCLocker Initiated GC) [PSYoungGen: 172792K->45589K(175104K)] 585978K->494435K(699392K), 0.0098963 secs] [Times: user=0.12 sys=0.01, real=0.00 secs] 
2016-09-25T23:59:42.894-0400: 47.451: [GC (GCLocker Initiated GC) [PSYoungGen: 133653K->46669K(175104K)] 582615K->505600K(699392K), 0.0076386 secs] [Times: user=0.07 sys=0.00, real=0.01 secs] 
2016-09-25T23:59:42.932-0400: 47.489: [GC (GCLocker Initiated GC) [PSYoungGen: 134733K->86174K(175104K)] 596395K->564585K(699392K), 0.0082663 secs] [Times: user=0.12 sys=0.00, real=0.01 secs] 
2016-09-25T23:59:42.940-0400: 47.497: [Full GC (Ergonomics) [PSYoungGen: 86174K->0K(175104K)] [ParOldGen: 478411K->196919K(524288K)] 564585K->196919K(699392K), [Metaspace: 43578K->43578K(1087488K)], 0.0732909 secs] [Times: user=0.49 sys=0.00, real=0.07 secs] 
2016-09-25T23:59:43.075-0400: 47.633: [GC (GCLocker Initiated GC) [PSYoungGen: 88064K->72913K(175104K)] 285473K->270323K(699392K), 0.0107971 secs] [Times: user=0.12 sys=0.00, real=0.01 secs] 
2016-09-25T23:59:43.124-0400: 47.681: [GC (GCLocker Initiated GC) [PSYoungGen: 160977K->59110K(175104K)] 361235K->280517K(699392K), 0.0072405 secs] [Times: user=0.10 sys=0.01, real=0.00 secs] 
2016-09-25T23:59:43.169-0400: 47.727: [GC (GCLocker Initiated GC) [PSYoungGen: 147174K->61829K(175104K)] 370185K->307008K(699392K), 0.0112433 secs] [Times: user=0.12 sys=0.00, real=0.01 secs] 
2016-09-25T23:59:43.246-0400: 47.804: [GC (GCLocker Initiated GC) [PSYoungGen: 149893K->59122K(175104K)] 403370K->326782K(699392K), 0.0135327 secs] [Times: user=0.14 sys=0.00, real=0.01 secs] 
2016-09-25T23:59:43.320-0400: 47.878: [GC (GCLocker Initiated GC) [PSYoungGen: 147186K->54888K(175104K)] 423037K->342128K(699392K), 0.0085476 secs] [Times: user=0.06 sys=0.00, real=0.01 secs] 
2016-09-25T23:59:43.359-0400: 47.917: [GC (GCLocker Initiated GC) [PSYoungGen: 142952K->60458K(175104K)] 430324K->387597K(699392K), 0.0076970 secs] [Times: user=0.10 sys=0.00, real=0.01 secs] 
2016-09-25T23:59:43.418-0400: 47.975: [GC (GCLocker Initiated GC) [PSYoungGen: 148522K->67220K(175104K)] 483818K->419303K(699392K), 0.0135502 secs] [Times: user=0.12 sys=0.01, real=0.01 secs] 
2016-09-25T23:59:43.499-0400: 48.057: [GC (Allocation Failure) [PSYoungGen: 155284K->46856K(175104K)] 515617K->419889K(699392K), 0.0125616 secs] [Times: user=0.11 sys=0.00, real=0.01 secs] 
2016-09-25T23:59:43.513-0400: 48.070: [GC (GCLocker Initiated GC) [PSYoungGen: 55662K->8484K(175104K)] 428695K->444373K(699392K), 0.0058880 secs] [Times: user=0.08 sys=0.00, real=0.01 secs] 
2016-09-25T23:59:43.559-0400: 48.116: [GC (GCLocker Initiated GC) [PSYoungGen: 96548K->67375K(175104K)] 532458K->516802K(699392K), 0.0062986 secs] [Times: user=0.08 sys=0.00, real=0.01 secs] 
2016-09-25T23:59:43.596-0400: 48.153: [GC (GCLocker Initiated GC) [PSYoungGen: 155439K->80704K(175104K)] 604977K->552623K(699392K), 0.0079381 secs] [Times: user=0.12 sys=0.00, real=0.01 secs] 
2016-09-25T23:59:43.604-0400: 48.161: [Full GC (Ergonomics) [PSYoungGen: 80704K->0K(175104K)] [ParOldGen: 471918K->197814K(524288K)] 552623K->197814K(699392K), [Metaspace: 43582K->43582K(1087488K)], 0.0760005 secs] [Times: user=0.51 sys=0.02, real=0.07 secs] 
2016-09-25T23:59:43.746-0400: 48.304: [GC (GCLocker Initiated GC) [PSYoungGen: 88064K->64612K(175104K)] 285960K->262508K(699392K), 0.0059312 secs] [Times: user=0.07 sys=0.00, real=0.00 secs] 
2016-09-25T23:59:43.783-0400: 48.340: [GC (GCLocker Initiated GC) [PSYoungGen: 152676K->68729K(175104K)] 356153K->290535K(699392K), 0.0083283 secs] [Times: user=0.08 sys=0.00, real=0.00 secs] 
2016-09-25T23:59:43.843-0400: 48.400: [GC (GCLocker Initiated GC) [PSYoungGen: 156793K->67338K(175104K)] 388171K->311655K(699392K), 0.0136269 secs] [Times: user=0.21 sys=0.00, real=0.01 secs] 
2016-09-25T23:59:43.927-0400: 48.484: [GC (GCLocker Initiated GC) [PSYoungGen: 155402K->58976K(175104K)] 408483K->337034K(699392K), 0.0103517 secs] [Times: user=0.13 sys=0.00, real=0.01 secs] 
2016-09-25T23:59:43.981-0400: 48.539: [GC (GCLocker Initiated GC) [PSYoungGen: 147040K->74008K(175104K)] 427938K->379653K(699392K), 0.0077333 secs] [Times: user=0.11 sys=0.00, real=0.01 secs] 
2016-09-25T23:59:44.031-0400: 48.588: [GC (GCLocker Initiated GC) [PSYoungGen: 162072K->65817K(175104K)] 474533K->408614K(699392K), 0.0089151 secs] [Times: user=0.12 sys=0.00, real=0.01 secs] 
2016-09-25T23:59:44.098-0400: 48.655: [GC (GCLocker Initiated GC) [PSYoungGen: 153881K->45362K(175104K)] 499505K->406413K(699392K), 0.0093609 secs] [Times: user=0.08 sys=0.00, real=0.01 secs] 
2016-09-25T23:59:44.169-0400: 48.727: [GC (GCLocker Initiated GC) [PSYoungGen: 133426K->65882K(175104K)] 497324K->459961K(699392K), 0.0144407 secs] [Times: user=0.16 sys=0.01, real=0.02 secs] 
2016-09-25T23:59:44.227-0400: 48.784: [GC (GCLocker Initiated GC) [PSYoungGen: 153946K->84742K(175104K)] 553581K->494381K(699392K), 0.0075668 secs] [Times: user=0.11 sys=0.00, real=0.01 secs] 
2016-09-25T23:59:44.287-0400: 48.845: [GC (GCLocker Initiated GC) [PSYoungGen: 172806K->34592K(175104K)] 593378K->475972K(699392K), 0.0081236 secs] [Times: user=0.08 sys=0.00, real=0.01 secs] 
2016-09-25T23:59:44.351-0400: 48.909: [GC (GCLocker Initiated GC) [PSYoungGen: 122656K->60373K(175104K)] 566784K->522597K(699392K), 0.0079678 secs] [Times: user=0.11 sys=0.01, real=0.01 secs] 
2016-09-25T23:59:44.402-0400: 48.960: [GC (GCLocker Initiated GC) [PSYoungGen: 148437K->64584K(175104K)] 610840K->534303K(699392K), 0.0080724 secs] [Times: user=0.12 sys=0.00, real=0.00 secs] 
2016-09-25T23:59:44.458-0400: 49.015: [GC (GCLocker Initiated GC) [PSYoungGen: 152648K->45464K(175104K)] 625194K->563207K(699392K), 0.0092782 secs] [Times: user=0.12 sys=0.00, real=0.01 secs] 
2016-09-25T23:59:44.467-0400: 49.025: [Full GC (Ergonomics) [PSYoungGen: 45464K->0K(175104K)] [ParOldGen: 517742K->199631K(524288K)] 563207K->199631K(699392K), [Metaspace: 43583K->43583K(1087488K)], 0.0644840 secs] [Times: user=0.43 sys=0.05, real=0.06 secs] 
2016-09-25T23:59:44.585-0400: 49.142: [GC (GCLocker Initiated GC) [PSYoungGen: 88064K->61933K(175104K)] 290479K->264348K(699392K), 0.0072148 secs] [Times: user=0.07 sys=0.00, real=0.00 secs] 
2016-09-25T23:59:44.639-0400: 49.196: [GC (GCLocker Initiated GC) [PSYoungGen: 149997K->55065K(175104K)] 365304K->277861K(699392K), 0.0123358 secs] [Times: user=0.14 sys=0.01, real=0.01 secs] 
2016-09-25T23:59:44.708-0400: 49.266: [GC (GCLocker Initiated GC) [PSYoungGen: 143129K->53571K(174080K)] 368815K->304262K(698368K), 0.2139591 secs] [Times: user=0.55 sys=0.04, real=0.22 secs] 
2016-09-25T23:59:46.564-0400: 51.121: [GC (GCLocker Initiated GC) [PSYoungGen: 141635K->75261K(174592K)] 395134K->349535K(698880K), 0.0133127 secs] [Times: user=0.17 sys=0.00, real=0.01 secs] 
2016-09-25T23:59:46.637-0400: 51.195: [GC (GCLocker Initiated GC) [PSYoungGen: 163325K->38722K(175104K)] 445222K->331950K(699392K), 0.0132516 secs] [Times: user=0.14 sys=0.00, real=0.01 secs] 
2016-09-25T23:59:46.705-0400: 51.262: [GC (GCLocker Initiated GC) [PSYoungGen: 126786K->54690K(175104K)] 422807K->383802K(699392K), 0.0096746 secs] [Times: user=0.12 sys=0.00, real=0.01 secs] 
2016-09-25T23:59:46.754-0400: 51.312: [GC (GCLocker Initiated GC) [PSYoungGen: 142754K->65884K(175104K)] 480054K->438622K(699392K), 0.0108274 secs] [Times: user=0.11 sys=0.00, real=0.01 secs] 
2016-09-25T23:59:46.824-0400: 51.381: [GC (GCLocker Initiated GC) [PSYoungGen: 153948K->57805K(145920K)] 530890K->450268K(670208K), 0.0155389 secs] [Times: user=0.12 sys=0.00, real=0.01 secs] 
2016-09-25T23:59:46.894-0400: 51.451: [GC (GCLocker Initiated GC) [PSYoungGen: 145869K->39912K(172544K)] 541129K->446543K(696832K), 0.0142591 secs] [Times: user=0.08 sys=0.00, real=0.02 secs] 
2016-09-25T23:59:46.943-0400: 51.500: [GC (GCLocker Initiated GC) [PSYoungGen: 127464K->65879K(173056K)] 536851K->492045K(697344K), 0.0141551 secs] [Times: user=0.14 sys=0.00, real=0.01 secs] 
2016-09-25T23:59:47.008-0400: 51.566: [GC (Allocation Failure) [PSYoungGen: 153431K->55007K(173056K)] 587819K->506146K(697344K), 0.0355752 secs] [Times: user=0.37 sys=0.00, real=0.04 secs] 
2016-09-25T23:59:47.045-0400: 51.602: [GC (GCLocker Initiated GC) [PSYoungGen: 55137K->128K(174592K)] 506276K->512761K(698880K), 0.0112664 secs] [Times: user=0.12 sys=0.00, real=0.01 secs] 
2016-09-25T23:59:47.056-0400: 51.613: [Full GC (Ergonomics) [PSYoungGen: 128K->0K(174592K)] [ParOldGen: 512633K->206128K(524288K)] 512761K->206128K(698880K), [Metaspace: 43585K->43585K(1087488K)], 0.0625899 secs] [Times: user=0.43 sys=0.01, real=0.06 secs] 
2016-09-25T23:59:47.163-0400: 51.720: [GC (GCLocker Initiated GC) [PSYoungGen: 90624K->59381K(175104K)] 296767K->265524K(699392K), 0.0080136 secs] [Times: user=0.07 sys=0.01, real=0.00 secs] 
2016-09-25T23:59:47.211-0400: 51.768: [GC (GCLocker Initiated GC) [PSYoungGen: 147445K->75467K(175104K)] 359200K->298792K(699392K), 0.0096936 secs] [Times: user=0.10 sys=0.00, real=0.01 secs] 
2016-09-25T23:59:47.262-0400: 51.819: [GC (GCLocker Initiated GC) [PSYoungGen: 163531K->39922K(175104K)] 393959K->306100K(699392K), 0.0068860 secs] [Times: user=0.07 sys=0.01, real=0.01 secs] 
2016-09-25T23:59:47.312-0400: 51.870: [GC (GCLocker Initiated GC) [PSYoungGen: 127986K->76824K(175104K)] 407828K->357134K(699392K), 0.0082103 secs] [Times: user=0.11 sys=0.00, real=0.01 secs] 
2016-09-25T23:59:47.376-0400: 51.933: [GC (GCLocker Initiated GC) [PSYoungGen: 164888K->54791K(175104K)] 450706K->358919K(699392K), 0.0058304 secs] [Times: user=0.07 sys=0.00, real=0.00 secs] 
2016-09-25T23:59:47.415-0400: 51.973: [GC (GCLocker Initiated GC) [PSYoungGen: 142855K->71416K(175104K)] 449843K->409814K(699392K), 0.0068286 secs] [Times: user=0.10 sys=0.00, real=0.01 secs] 
2016-09-25T23:59:47.474-0400: 52.031: [GC (GCLocker Initiated GC) [PSYoungGen: 159480K->59093K(175104K)] 502080K->415885K(699392K), 0.0067312 secs] [Times: user=0.06 sys=0.02, real=0.01 secs] 
2016-09-25T23:59:47.519-0400: 52.077: [GC (GCLocker Initiated GC) [PSYoungGen: 147157K->65854K(175104K)] 508046K->442256K(699392K), 0.0078943 secs] [Times: user=0.08 sys=0.01, real=0.01 secs] 
2016-09-25T23:59:47.558-0400: 52.115: [GC (GCLocker Initiated GC) [PSYoungGen: 153918K->43993K(175104K)] 530437K->441316K(699392K), 0.0067708 secs] [Times: user=0.05 sys=0.01, real=0.01 secs] 
2016-09-25T23:59:47.605-0400: 52.162: [GC (GCLocker Initiated GC) [PSYoungGen: 132057K->76845K(175104K)] 537588K->499102K(699392K), 0.0088342 secs] [Times: user=0.08 sys=0.01, real=0.00 secs] 
2016-09-25T23:59:47.672-0400: 52.229: [GC (GCLocker Initiated GC) [PSYoungGen: 164909K->63214K(175104K)] 599459K->502539K(699392K), 0.0109450 secs] [Times: user=0.08 sys=0.02, real=0.02 secs] 
2016-09-25T23:59:47.746-0400: 52.304: [GC (GCLocker Initiated GC) [PSYoungGen: 151278K->71240K(175104K)] 590764K->526186K(699392K), 0.0084147 secs] [Times: user=0.12 sys=0.00, real=0.01 secs] 
2016-09-25T23:59:47.794-0400: 52.351: [GC (GCLocker Initiated GC) [PSYoungGen: 159304K->67226K(175104K)] 619844K->567460K(699392K), 0.0082146 secs] [Times: user=0.08 sys=0.00, real=0.02 secs] 
2016-09-25T23:59:47.802-0400: 52.360: [Full GC (Ergonomics) [PSYoungGen: 67226K->0K(175104K)] [ParOldGen: 500234K->221730K(524288K)] 567460K->221730K(699392K), [Metaspace: 43591K->43591K(1087488K)], 0.0481775 secs] [Times: user=0.38 sys=0.01, real=0.04 secs] 
2016-09-25T23:59:47.918-0400: 52.475: [GC (GCLocker Initiated GC) [PSYoungGen: 88064K->72651K(175104K)] 320844K->305431K(699392K), 0.0102009 secs] [Times: user=0.14 sys=0.01, real=0.01 secs] 
2016-09-25T23:59:47.980-0400: 52.537: [GC (GCLocker Initiated GC) [PSYoungGen: 160715K->65702K(175104K)] 394577K->335321K(699392K), 0.0134101 secs] [Times: user=0.17 sys=0.00, real=0.01 secs] 
2016-09-25T23:59:48.031-0400: 52.588: [GC (GCLocker Initiated GC) [PSYoungGen: 153766K->84689K(175104K)] 427537K->375122K(699392K), 0.0095961 secs] [Times: user=0.10 sys=0.00, real=0.01 secs] 
2016-09-25T23:59:48.079-0400: 52.636: [GC (GCLocker Initiated GC) [PSYoungGen: 172753K->67327K(175104K)] 471491K->374681K(699392K), 0.0069140 secs] [Times: user=0.10 sys=0.00, real=0.01 secs] 
2016-09-25T23:59:48.135-0400: 52.692: [GC (GCLocker Initiated GC) [PSYoungGen: 155391K->61693K(175104K)] 466902K->394143K(699392K), 0.0113021 secs] [Times: user=0.15 sys=0.01, real=0.01 secs] 
2016-09-25T23:59:48.215-0400: 52.773: [GC (GCLocker Initiated GC) [PSYoungGen: 149757K->61740K(175104K)] 489040K->420406K(699392K), 0.0106372 secs] [Times: user=0.12 sys=0.01, real=0.01 secs] 
2016-09-25T23:59:48.268-0400: 52.826: [GC (Allocation Failure) [PSYoungGen: 149804K->72757K(175104K)] 515278K->471141K(699392K), 0.0082648 secs] [Times: user=0.11 sys=0.00, real=0.01 secs] 
2016-09-25T23:59:48.314-0400: 52.872: [GC (GCLocker Initiated GC) [PSYoungGen: 159204K->71289K(175104K)] 562988K->504195K(699392K), 0.0097368 secs] [Times: user=0.13 sys=0.00, real=0.01 secs] 
2016-09-25T23:59:48.392-0400: 52.950: [GC (GCLocker Initiated GC) [PSYoungGen: 159353K->57539K(175104K)] 595053K->511330K(699392K), 0.0158467 secs] [Times: user=0.11 sys=0.00, real=0.02 secs] 
2016-09-25T23:59:48.449-0400: 53.006: [GC (GCLocker Initiated GC) [PSYoungGen: 145603K->65906K(175104K)] 599747K->557031K(699392K), 0.0082985 secs] [Times: user=0.09 sys=0.01, real=0.01 secs] 
2016-09-25T23:59:48.457-0400: 53.015: [Full GC (Ergonomics) [PSYoungGen: 65906K->0K(175104K)] [ParOldGen: 491125K->214527K(524288K)] 557031K->214527K(699392K), [Metaspace: 43591K->43591K(1087488K)], 0.0643939 secs] [Times: user=0.47 sys=0.00, real=0.06 secs] 
2016-09-25T23:59:48.578-0400: 53.136: [GC (GCLocker Initiated GC) [PSYoungGen: 88064K->79711K(175104K)] 305792K->297440K(699392K), 0.0142147 secs] [Times: user=0.17 sys=0.01, real=0.01 secs] 
2016-09-25T23:59:48.657-0400: 53.214: [GC (GCLocker Initiated GC) [PSYoungGen: 167775K->53616K(175104K)] 393749K->307528K(699392K), 0.0092611 secs] [Times: user=0.13 sys=0.00, real=0.01 secs] 
2016-09-25T23:59:48.696-0400: 53.254: [GC (GCLocker Initiated GC) [PSYoungGen: 141680K->57710K(175104K)] 398411K->336579K(699392K), 0.0065242 secs] [Times: user=0.06 sys=0.00, real=0.01 secs] 
2016-09-25T23:59:48.752-0400: 53.309: [GC (GCLocker Initiated GC) [PSYoungGen: 145774K->48187K(175104K)] 428792K->375112K(699392K), 0.0110492 secs] [Times: user=0.12 sys=0.00, real=0.02 secs] 
2016-09-25T23:59:48.820-0400: 53.378: [GC (GCLocker Initiated GC) [PSYoungGen: 136251K->65888K(175104K)] 464580K->415036K(699392K), 0.0101003 secs] [Times: user=0.14 sys=0.01, real=0.01 secs] 
2016-09-25T23:59:48.878-0400: 53.435: [GC (GCLocker Initiated GC) [PSYoungGen: 153952K->60400K(173056K)] 503264K->430586K(697344K), 0.0132367 secs] [Times: user=0.14 sys=0.00, real=0.01 secs] 
2016-09-25T23:59:48.932-0400: 53.489: [GC (GCLocker Initiated GC) [PSYoungGen: 148464K->73978K(174080K)] 524168K->470541K(698368K), 0.0082817 secs] [Times: user=0.10 sys=0.00, real=0.01 secs] 
2016-09-25T23:59:48.992-0400: 53.549: [GC (GCLocker Initiated GC) [PSYoungGen: 162042K->60433K(175104K)] 564379K->495792K(699392K), 0.0121205 secs] [Times: user=0.15 sys=0.00, real=0.02 secs] 
2016-09-25T23:59:49.063-0400: 53.620: [GC (GCLocker Initiated GC) [PSYoungGen: 149521K->64430K(153600K)] 589098K->523473K(677888K), 0.0110459 secs] [Times: user=0.12 sys=0.01, real=0.00 secs] 
2016-09-25T23:59:49.116-0400: 53.673: [GC (GCLocker Initiated GC) [PSYoungGen: 153518K->73945K(173056K)] 615390K->560673K(697344K), 0.0112778 secs] [Times: user=0.16 sys=0.02, real=0.01 secs] 
2016-09-25T23:59:49.127-0400: 53.684: [Full GC (Ergonomics) [PSYoungGen: 73945K->0K(173056K)] [ParOldGen: 486728K->220677K(524288K)] 560673K->220677K(697344K), [Metaspace: 43596K->43596K(1087488K)], 0.0521736 secs] [Times: user=0.41 sys=0.04, real=0.05 secs] 
2016-09-25T23:59:49.226-0400: 53.784: [GC (GCLocker Initiated GC) [PSYoungGen: 88576K->76896K(174592K)] 312054K->300375K(698880K), 0.0101341 secs] [Times: user=0.11 sys=0.01, real=0.01 secs] 
2016-09-25T23:59:49.290-0400: 53.848: [GC (GCLocker Initiated GC) [PSYoungGen: 165472K->76621K(175104K)] 397527K->341853K(699392K), 0.0102288 secs] [Times: user=0.09 sys=0.01, real=0.01 secs] 
2016-09-25T23:59:49.373-0400: 53.930: [GC (GCLocker Initiated GC) [PSYoungGen: 164685K->36050K(175104K)] 439643K->337175K(699392K), 0.0078980 secs] [Times: user=0.09 sys=0.01, real=0.01 secs] 
2016-09-25T23:59:49.404-0400: 53.961: [GC (GCLocker Initiated GC) [PSYoungGen: 124114K->73909K(175104K)] 425338K->398621K(699392K), 0.0071743 secs] [Times: user=0.10 sys=0.01, real=0.00 secs] 
2016-09-25T23:59:49.455-0400: 54.012: [GC (GCLocker Initiated GC) [PSYoungGen: 161973K->69878K(175104K)] 495001K->430472K(699392K), 0.0067044 secs] [Times: user=0.09 sys=0.01, real=0.00 secs] 
2016-09-25T23:59:49.501-0400: 54.058: [GC (GCLocker Initiated GC) [PSYoungGen: 157942K->42794K(175104K)] 521329K->436402K(699392K), 0.0069064 secs] [Times: user=0.06 sys=0.00, real=0.01 secs] 
2016-09-25T23:59:49.540-0400: 54.097: [GC (GCLocker Initiated GC) [PSYoungGen: 130858K->75307K(175104K)] 527383K->503410K(699392K), 0.0079579 secs] [Times: user=0.10 sys=0.00, real=0.01 secs] 
2016-09-25T23:59:49.590-0400: 54.148: [GC (GCLocker Initiated GC) [PSYoungGen: 163371K->49603K(175104K)] 596960K->504131K(699392K), 0.0062137 secs] [Times: user=0.06 sys=0.01, real=0.01 secs] 
2016-09-25T23:59:49.626-0400: 54.184: [GC (GCLocker Initiated GC) [PSYoungGen: 137667K->68564K(175104K)] 593606K->550700K(699392K), 0.0070421 secs] [Times: user=0.10 sys=0.00, real=0.00 secs] 
2016-09-25T23:59:49.633-0400: 54.191: [Full GC (Ergonomics) [PSYoungGen: 68564K->0K(175104K)] [ParOldGen: 482135K->212895K(524288K)] 550700K->212895K(699392K), [Metaspace: 43596K->43596K(1087488K)], 0.0475267 secs] [Times: user=0.35 sys=0.03, real=0.05 secs] 
2016-09-25T23:59:49.722-0400: 54.279: [GC (GCLocker Initiated GC) [PSYoungGen: 88064K->74228K(175104K)] 304669K->290834K(699392K), 0.0313944 secs] [Times: user=0.40 sys=0.02, real=0.03 secs] 
2016-09-25T23:59:49.806-0400: 54.363: [GC (GCLocker Initiated GC) [PSYoungGen: 162292K->36005K(175104K)] 384349K->281923K(699392K), 0.0056533 secs] [Times: user=0.06 sys=0.00, real=0.00 secs] 
2016-09-25T23:59:49.843-0400: 54.401: [GC (GCLocker Initiated GC) [PSYoungGen: 124069K->48096K(175104K)] 375522K->310795K(699392K), 0.0063662 secs] [Times: user=0.05 sys=0.00, real=0.00 secs] 
2016-09-25T23:59:49.896-0400: 54.453: [GC (GCLocker Initiated GC) [PSYoungGen: 136160K->68418K(175104K)] 408398K->362790K(699392K), 0.0081260 secs] [Times: user=0.09 sys=0.00, real=0.01 secs] 
2016-09-25T23:59:49.953-0400: 54.511: [GC (GCLocker Initiated GC) [PSYoungGen: 156482K->37122K(175104K)] 450970K->350900K(699392K), 0.0119854 secs] [Times: user=0.11 sys=0.01, real=0.02 secs] 
2016-09-25T23:59:49.997-0400: 54.555: [GC (GCLocker Initiated GC) [PSYoungGen: 125186K->81940K(175104K)] 439136K->407158K(699392K), 0.0070674 secs] [Times: user=0.08 sys=0.01, real=0.01 secs] 
2016-09-25T23:59:50.050-0400: 54.607: [GC (GCLocker Initiated GC) [PSYoungGen: 170004K->45593K(175104K)] 499418K->410615K(699392K), 0.0071007 secs] [Times: user=0.06 sys=0.00, real=0.01 secs] 
2016-09-25T23:59:50.092-0400: 54.649: [GC (GCLocker Initiated GC) [PSYoungGen: 133657K->70030K(175104K)] 501481K->464088K(699392K), 0.0080745 secs] [Times: user=0.11 sys=0.01, real=0.01 secs] 
2016-09-25T23:59:50.150-0400: 54.707: [GC (GCLocker Initiated GC) [PSYoungGen: 158094K->40012K(175104K)] 568502K->475328K(699392K), 0.0082553 secs] [Times: user=0.07 sys=0.01, real=0.01 secs] 
2016-09-25T23:59:50.199-0400: 54.756: [GC (GCLocker Initiated GC) [PSYoungGen: 128076K->44032K(175104K)] 563510K->488132K(699392K), 0.0063021 secs] [Times: user=0.07 sys=0.00, real=0.01 secs] 
2016-09-25T23:59:50.240-0400: 54.797: [GC (GCLocker Initiated GC) [PSYoungGen: 132096K->62884K(175104K)] 584407K->525118K(699392K), 0.0096376 secs] [Times: user=0.07 sys=0.00, real=0.01 secs] 
2016-09-25T23:59:50.292-0400: 54.850: [GC (GCLocker Initiated GC) [PSYoungGen: 150948K->49671K(175104K)] 622706K->543461K(699392K), 0.0072254 secs] [Times: user=0.07 sys=0.01, real=0.01 secs] 
2016-09-25T23:59:50.300-0400: 54.857: [Full GC (Ergonomics) [PSYoungGen: 49671K->0K(175104K)] [ParOldGen: 493789K->222300K(524288K)] 543461K->222300K(699392K), [Metaspace: 43604K->43604K(1087488K)], 0.0458839 secs] [Times: user=0.34 sys=0.02, real=0.05 secs] 
2016-09-25T23:59:50.382-0400: 54.939: [GC (GCLocker Initiated GC) [PSYoungGen: 88064K->83648K(175104K)] 313269K->308853K(699392K), 0.0091725 secs] [Times: user=0.13 sys=0.01, real=0.01 secs] 
2016-09-25T23:59:50.431-0400: 54.988: [GC (GCLocker Initiated GC) [PSYoungGen: 171712K->45589K(175104K)] 410503K->298690K(699392K), 0.0071449 secs] [Times: user=0.11 sys=0.00, real=0.01 secs] 
2016-09-25T23:59:50.471-0400: 55.029: [GC (GCLocker Initiated GC) [PSYoungGen: 133653K->81964K(175104K)] 386892K->351994K(699392K), 0.0112592 secs] [Times: user=0.16 sys=0.00, real=0.02 secs] 
2016-09-25T23:59:50.524-0400: 55.081: [GC (GCLocker Initiated GC) [PSYoungGen: 170028K->83512K(175104K)] 450995K->382489K(699392K), 0.0071669 secs] [Times: user=0.10 sys=0.00, real=0.00 secs] 
2016-09-25T23:59:50.579-0400: 55.136: [GC (GCLocker Initiated GC) [PSYoungGen: 171576K->58870K(175104K)] 476066K->388274K(699392K), 0.0088749 secs] [Times: user=0.11 sys=0.01, real=0.01 secs] 
2016-09-25T23:59:50.659-0400: 55.217: [GC (GCLocker Initiated GC) [PSYoungGen: 146934K->61741K(175104K)] 476436K->437520K(699392K), 0.0082417 secs] [Times: user=0.11 sys=0.00, real=0.01 secs] 
2016-09-25T23:59:50.808-0400: 55.365: [GC (GCLocker Initiated GC) [PSYoungGen: 149805K->37366K(175104K)] 531007K->421715K(699392K), 0.0070774 secs] [Times: user=0.07 sys=0.01, real=0.01 secs] 
2016-09-25T23:59:50.899-0400: 55.456: [GC (GCLocker Initiated GC) [PSYoungGen: 125430K->64064K(175104K)] 512706K->480418K(699392K), 0.0105429 secs] [Times: user=0.14 sys=0.00, real=0.01 secs] 
2016-09-25T23:59:50.999-0400: 55.556: [GC (GCLocker Initiated GC) [PSYoungGen: 152128K->44049K(175104K)] 578190K->519005K(699392K), 0.0097393 secs] [Times: user=0.14 sys=0.00, real=0.01 secs] 
2016-09-25T23:59:51.009-0400: 55.566: [Full GC (Ergonomics) [PSYoungGen: 44049K->0K(175104K)] [ParOldGen: 474956K->222405K(524288K)] 519005K->222405K(699392K), [Metaspace: 43621K->43621K(1087488K)], 0.0639691 secs] [Times: user=0.76 sys=0.06, real=0.06 secs] 
2016-09-25T23:59:51.131-0400: 55.688: [GC (GCLocker Initiated GC) [PSYoungGen: 88064K->53718K(175104K)] 316719K->282374K(699392K), 0.0103171 secs] [Times: user=0.11 sys=0.00, real=0.01 secs] 
2016-09-25T23:59:51.199-0400: 55.757: [GC (GCLocker Initiated GC) [PSYoungGen: 141782K->54940K(175104K)] 375978K->298004K(699392K), 0.0085000 secs] [Times: user=0.12 sys=0.00, real=0.01 secs] 
2016-09-25T23:59:51.263-0400: 55.821: [GC (GCLocker Initiated GC) [PSYoungGen: 143004K->46603K(175104K)] 386309K->314769K(699392K), 0.0128826 secs] [Times: user=0.16 sys=0.02, real=0.01 secs] 
2016-09-25T23:59:51.341-0400: 55.898: [GC (GCLocker Initiated GC) [PSYoungGen: 134667K->41497K(175104K)] 420594K->341323K(699392K), 0.0070778 secs] [Times: user=0.08 sys=0.00, real=0.01 secs] 
2016-09-25T23:59:51.410-0400: 55.967: [GC (GCLocker Initiated GC) [PSYoungGen: 129561K->60148K(175104K)] 432198K->368822K(699392K), 0.0182673 secs] [Times: user=0.25 sys=0.02, real=0.02 secs] 
2016-09-25T23:59:51.530-0400: 56.087: [GC (GCLocker Initiated GC) [PSYoungGen: 148212K->61569K(173056K)] 457009K->380180K(697344K), 0.0167705 secs] [Times: user=0.09 sys=0.02, real=0.02 secs] 
2016-09-25T23:59:51.634-0400: 56.191: [GC (GCLocker Initiated GC) [PSYoungGen: 149633K->59065K(174080K)] 471363K->416398K(698368K), 0.0076379 secs] [Times: user=0.10 sys=0.01, real=0.01 secs] 
2016-09-25T23:59:51.733-0400: 56.291: [GC (GCLocker Initiated GC) [PSYoungGen: 147129K->68534K(174080K)] 511303K->442649K(698368K), 0.0079648 secs] [Times: user=0.12 sys=0.01, real=0.01 secs] 
2016-09-25T23:59:51.830-0400: 56.388: [GC (GCLocker Initiated GC) [PSYoungGen: 158134K->49569K(175616K)] 540563K->474353K(699904K), 0.0166887 secs] [Times: user=0.14 sys=0.02, real=0.02 secs] 
2016-09-25T23:59:51.976-0400: 56.533: [GC (GCLocker Initiated GC) [PSYoungGen: 139169K->50781K(173056K)] 564055K->511265K(697344K), 0.0214168 secs] [Times: user=0.19 sys=0.03, real=0.02 secs] 
2016-09-25T23:59:52.094-0400: 56.651: [GC (GCLocker Initiated GC) [PSYoungGen: 142429K->65831K(174592K)] 603103K->545920K(698880K), 0.0156116 secs] [Times: user=0.14 sys=0.02, real=0.02 secs] 
2016-09-25T23:59:52.110-0400: 56.667: [Full GC (Ergonomics) [PSYoungGen: 65831K->0K(174592K)] [ParOldGen: 480088K->228560K(524288K)] 545920K->228560K(698880K), [Metaspace: 43621K->43621K(1087488K)], 0.0751677 secs] [Times: user=0.76 sys=0.07, real=0.08 secs] 
2016-09-25T23:59:52.315-0400: 56.873: [GC (GCLocker Initiated GC) [PSYoungGen: 91648K->48316K(177152K)] 321579K->278248K(701440K), 0.0797700 secs] [Times: user=0.41 sys=0.09, real=0.08 secs] 
2016-09-25T23:59:52.442-0400: 57.000: [GC (GCLocker Initiated GC) [PSYoungGen: 143548K->46848K(177664K)] 378960K->300616K(701952K), 0.0177152 secs] [Times: user=0.23 sys=0.01, real=0.01 secs] 
2016-09-25T23:59:52.509-0400: 57.066: [GC (GCLocker Initiated GC) [PSYoungGen: 142080K->57700K(175616K)] 401457K->323137K(699904K), 0.0059038 secs] [Times: user=0.08 sys=0.00, real=0.01 secs] 
2016-09-25T23:59:52.563-0400: 57.121: [GC (GCLocker Initiated GC) [PSYoungGen: 155492K->49569K(177664K)] 423716K->327827K(701952K), 0.0135045 secs] [Times: user=0.18 sys=0.00, real=0.01 secs] 
2016-09-25T23:59:52.614-0400: 57.171: [GC (GCLocker Initiated GC) [PSYoungGen: 147361K->77982K(171520K)] 425648K->367582K(695808K), 0.0107851 secs] [Times: user=0.17 sys=0.00, real=0.02 secs] 
2016-09-25T23:59:52.664-0400: 57.222: [GC (GCLocker Initiated GC) [PSYoungGen: 171166K->79388K(173056K)] 464920K->375068K(697344K), 0.0090830 secs] [Times: user=0.14 sys=0.01, real=0.00 secs] 
2016-09-25T23:59:52.721-0400: 57.278: [GC (GCLocker Initiated GC) [PSYoungGen: 172572K->65702K(175104K)] 471103K->372925K(699392K), 0.0155342 secs] [Times: user=0.16 sys=0.03, real=0.02 secs] 
2016-09-25T23:59:52.793-0400: 57.351: [GC (GCLocker Initiated GC) [PSYoungGen: 153766K->62831K(175104K)] 464586K->382165K(699392K), 0.0254102 secs] [Times: user=0.33 sys=0.11, real=0.03 secs] 
2016-09-25T23:59:52.890-0400: 57.448: [GC (GCLocker Initiated GC) [PSYoungGen: 150895K->33421K(175104K)] 496003K->403184K(699392K), 0.0107270 secs] [Times: user=0.12 sys=0.02, real=0.01 secs] 
2016-09-25T23:59:52.979-0400: 57.536: [GC (GCLocker Initiated GC) [PSYoungGen: 121485K->39850K(175104K)] 492746K->423842K(699392K), 0.0116583 secs] [Times: user=0.12 sys=0.04, real=0.01 secs] 
2016-09-25T23:59:53.104-0400: 57.662: [GC (GCLocker Initiated GC) [PSYoungGen: 127914K->30262K(175104K)] 533605K->436277K(699392K), 0.0080476 secs] [Times: user=0.09 sys=0.04, real=0.00 secs] 
2016-09-25T23:59:53.197-0400: 57.754: [GC (GCLocker Initiated GC) [PSYoungGen: 118326K->33242K(175104K)] 550582K->482116K(699392K), 0.0138989 secs] [Times: user=0.17 sys=0.06, real=0.01 secs] 
2016-09-25T23:59:53.274-0400: 57.831: [GC (GCLocker Initiated GC) [PSYoungGen: 121306K->54791K(175104K)] 571758K->512564K(699392K), 0.0138601 secs] [Times: user=0.15 sys=0.07, real=0.02 secs] 
2016-09-25T23:59:53.351-0400: 57.909: [GC (GCLocker Initiated GC) [PSYoungGen: 142855K->57507K(145920K)] 606145K->535910K(670208K), 0.0176704 secs] [Times: user=0.21 sys=0.07, real=0.02 secs] 
2016-09-25T23:59:53.428-0400: 57.986: [GC (GCLocker Initiated GC) [PSYoungGen: 145571K->56511K(175616K)] 626924K->545066K(699904K), 0.0139497 secs] [Times: user=0.23 sys=0.02, real=0.02 secs] 
2016-09-25T23:59:53.522-0400: 58.079: [Full GC (Ergonomics) [PSYoungGen: 146111K->0K(175616K)] [ParOldGen: 492727K->231164K(524288K)] 638839K->231164K(699904K), [Metaspace: 43631K->43631K(1087488K)], 0.0923705 secs] [Times: user=1.11 sys=0.14, real=0.09 secs] 
2016-09-25T23:59:53.659-0400: 58.216: [GC (GCLocker Initiated GC) [PSYoungGen: 89600K->82244K(174080K)] 322164K->314808K(698368K), 0.0182425 secs] [Times: user=0.29 sys=0.01, real=0.02 secs] 
2016-09-25T23:59:53.712-0400: 58.269: [GC (GCLocker Initiated GC) [PSYoungGen: 171844K->81904K(175104K)] 409861K->336853K(699392K), 0.0073675 secs] [Times: user=0.10 sys=0.00, real=0.01 secs] 
2016-09-25T23:59:53.761-0400: 58.318: [GC (GCLocker Initiated GC) [PSYoungGen: 169968K->46867K(175104K)] 430359K->341452K(699392K), 0.0089358 secs] [Times: user=0.09 sys=0.00, real=0.01 secs] 
2016-09-25T23:59:53.804-0400: 58.361: [GC (GCLocker Initiated GC) [PSYoungGen: 134931K->53669K(175104K)] 432308K->382616K(699392K), 0.0065019 secs] [Times: user=0.10 sys=0.00, real=0.00 secs] 
2016-09-25T23:59:53.847-0400: 58.405: [GC (GCLocker Initiated GC) [PSYoungGen: 141733K->73963K(175104K)] 476198K->422447K(699392K), 0.0068655 secs] [Times: user=0.09 sys=0.01, real=0.01 secs] 
2016-09-25T23:59:53.887-0400: 58.445: [GC (GCLocker Initiated GC) [PSYoungGen: 162027K->76630K(175104K)] 513374K->451486K(699392K), 0.0080718 secs] [Times: user=0.11 sys=0.01, real=0.01 secs] 
2016-09-25T23:59:53.938-0400: 58.495: [GC (GCLocker Initiated GC) [PSYoungGen: 164694K->73963K(175104K)] 547748K->471019K(699392K), 0.0074790 secs] [Times: user=0.10 sys=0.00, real=0.01 secs] 
2016-09-25T23:59:53.982-0400: 58.540: [GC (GCLocker Initiated GC) [PSYoungGen: 162027K->49480K(175104K)] 561986K->467479K(699392K), 0.0065626 secs] [Times: user=0.07 sys=0.00, real=0.00 secs] 
2016-09-25T23:59:54.033-0400: 58.590: [GC (GCLocker Initiated GC) [PSYoungGen: 137544K->59093K(175104K)] 565159K->493874K(699392K), 0.0074582 secs] [Times: user=0.07 sys=0.00, real=0.01 secs] 
2016-09-25T23:59:54.074-0400: 58.631: [GC (GCLocker Initiated GC) [PSYoungGen: 147157K->73920K(175104K)] 584868K->521712K(699392K), 0.0066153 secs] [Times: user=0.10 sys=0.01, real=0.01 secs] 
2016-09-25T23:59:54.117-0400: 58.674: [GC (GCLocker Initiated GC) [PSYoungGen: 161984K->75434K(175104K)] 624843K->540135K(699392K), 0.0069917 secs] [Times: user=0.10 sys=0.00, real=0.01 secs] 
2016-09-25T23:59:54.169-0400: 58.726: [GC (GCLocker Initiated GC) [PSYoungGen: 163498K->37398K(175104K)] 640413K->543319K(699392K), 0.0077487 secs] [Times: user=0.08 sys=0.01, real=0.01 secs] 
2016-09-25T23:59:54.177-0400: 58.734: [Full GC (Ergonomics) [PSYoungGen: 37398K->0K(175104K)] [ParOldGen: 505920K->218427K(524288K)] 543319K->218427K(699392K), [Metaspace: 43631K->43631K(1087488K)], 0.1492834 secs] [Times: user=1.95 sys=0.03, real=0.15 secs] 
2016-09-25T23:59:54.365-0400: 58.923: [GC (GCLocker Initiated GC) [PSYoungGen: 88064K->79297K(175104K)] 306591K->297824K(699392K), 0.0082323 secs] [Times: user=0.10 sys=0.02, real=0.00 secs] 
2016-09-25T23:59:54.404-0400: 58.961: [GC (GCLocker Initiated GC) [PSYoungGen: 167361K->68620K(175104K)] 392183K->325010K(699392K), 0.0092022 secs] [Times: user=0.10 sys=0.00, real=0.00 secs] 
2016-09-25T23:59:54.466-0400: 59.024: [GC (GCLocker Initiated GC) [PSYoungGen: 156684K->46589K(175104K)] 413161K->319929K(699392K), 0.0106884 secs] [Times: user=0.10 sys=0.00, real=0.01 secs] 
2016-09-25T23:59:54.516-0400: 59.073: [GC (GCLocker Initiated GC) [PSYoungGen: 134653K->59115K(175104K)] 416249K->355995K(699392K), 0.0097117 secs] [Times: user=0.08 sys=0.00, real=0.01 secs] 
2016-09-25T23:59:54.564-0400: 59.122: [GC (GCLocker Initiated GC) [PSYoungGen: 147179K->71233K(175104K)] 445502K->385047K(699392K), 0.0121193 secs] [Times: user=0.18 sys=0.01, real=0.01 secs] 
2016-09-25T23:59:54.625-0400: 59.182: [GC (GCLocker Initiated GC) [PSYoungGen: 159297K->57670K(175104K)] 481284K->404469K(699392K), 0.0068138 secs] [Times: user=0.09 sys=0.00, real=0.00 secs] 
2016-09-25T23:59:54.677-0400: 59.234: [GC (GCLocker Initiated GC) [PSYoungGen: 145734K->65853K(175104K)] 492584K->425407K(699392K), 0.0066094 secs] [Times: user=0.07 sys=0.01, real=0.01 secs] 
2016-09-25T23:59:54.723-0400: 59.280: [GC (GCLocker Initiated GC) [PSYoungGen: 153917K->72456K(175104K)] 513556K->444778K(699392K), 0.0103715 secs] [Times: user=0.07 sys=0.01, real=0.00 secs] 
2016-09-25T23:59:54.765-0400: 59.322: [GC (GCLocker Initiated GC) [PSYoungGen: 160520K->73935K(175104K)] 537034K->463101K(699392K), 0.0075464 secs] [Times: user=0.07 sys=0.00, real=0.00 secs] 
2016-09-25T23:59:54.808-0400: 59.365: [GC (GCLocker Initiated GC) [PSYoungGen: 161999K->64485K(175104K)] 554011K->480114K(699392K), 0.0089828 secs] [Times: user=0.10 sys=0.00, real=0.01 secs] 
2016-09-25T23:59:54.865-0400: 59.422: [GC (GCLocker Initiated GC) [PSYoungGen: 152549K->48208K(175104K)] 571023K->506387K(699392K), 0.0085122 secs] [Times: user=0.09 sys=0.00, real=0.00 secs] 
2016-09-25T23:59:54.903-0400: 59.461: [GC (GCLocker Initiated GC) [PSYoungGen: 136272K->69929K(175104K)] 597351K->551788K(699392K), 0.0105399 secs] [Times: user=0.11 sys=0.00, real=0.00 secs] 
2016-09-25T23:59:54.961-0400: 59.518: [Full GC (Ergonomics) [PSYoungGen: 157993K->0K(175104K)] [ParOldGen: 490008K->234601K(524288K)] 648002K->234601K(699392K), [Metaspace: 43631K->43631K(1087488K)], 0.0568200 secs] [Times: user=0.47 sys=0.01, real=0.06 secs] 
2016-09-25T23:59:55.069-0400: 59.626: [GC (GCLocker Initiated GC) [PSYoungGen: 88064K->74115K(175104K)] 328215K->314267K(699392K), 0.0060698 secs] [Times: user=0.09 sys=0.00, real=0.01 secs] 
2016-09-25T23:59:55.107-0400: 59.664: [GC (GCLocker Initiated GC) [PSYoungGen: 162179K->78094K(175104K)] 407877K->339389K(699392K), 0.0089429 secs] [Times: user=0.13 sys=0.00, real=0.01 secs] 
2016-09-25T23:59:55.159-0400: 59.716: [GC (GCLocker Initiated GC) [PSYoungGen: 166158K->63116K(175104K)] 439744K->353502K(699392K), 0.0084405 secs] [Times: user=0.10 sys=0.00, real=0.01 secs] 
2016-09-25T23:59:55.213-0400: 59.771: [GC (GCLocker Initiated GC) [PSYoungGen: 151180K->63060K(175104K)] 448558K->374470K(699392K), 0.0057642 secs] [Times: user=0.07 sys=0.00, real=0.01 secs] 
2016-09-25T23:59:55.247-0400: 59.805: [GC (GCLocker Initiated GC) [PSYoungGen: 151124K->80654K(175104K)] 465430K->411716K(699392K), 0.0090641 secs] [Times: user=0.13 sys=0.00, real=0.01 secs] 
2016-09-25T23:59:55.310-0400: 59.867: [GC (GCLocker Initiated GC) [PSYoungGen: 168718K->46783K(175104K)] 499825K->427042K(699392K), 0.0089916 secs] [Times: user=0.08 sys=0.00, real=0.01 secs] 
2016-09-25T23:59:55.344-0400: 59.902: [GC (GCLocker Initiated GC) [PSYoungGen: 134847K->64691K(175104K)] 517990K->467161K(699392K), 0.0120637 secs] [Times: user=0.15 sys=0.01, real=0.01 secs] 
2016-09-25T23:59:55.408-0400: 59.965: [GC (GCLocker Initiated GC) [PSYoungGen: 152755K->59022K(175104K)] 559500K->497598K(699392K), 0.0092465 secs] [Times: user=0.11 sys=0.00, real=0.01 secs] 
2016-09-25T23:59:55.459-0400: 60.016: [GC (GCLocker Initiated GC) [PSYoungGen: 147086K->67314K(175104K)] 598064K->529632K(699392K), 0.0078223 secs] [Times: user=0.11 sys=0.01, real=0.01 secs] 
2016-09-25T23:59:55.512-0400: 60.069: [GC (GCLocker Initiated GC) [PSYoungGen: 155378K->41203K(175104K)] 620435K->533884K(699392K), 0.0091889 secs] [Times: user=0.10 sys=0.00, real=0.01 secs] 
2016-09-25T23:59:55.521-0400: 60.078: [Full GC (Ergonomics) [PSYoungGen: 41203K->0K(175104K)] [ParOldGen: 492680K->224249K(524288K)] 533884K->224249K(699392K), [Metaspace: 43631K->43631K(1087488K)], 0.0542484 secs] [Times: user=0.41 sys=0.00, real=0.06 secs] 
2016-09-25T23:59:55.616-0400: 60.173: [GC (GCLocker Initiated GC) [PSYoungGen: 88064K->75728K(175104K)] 320492K->308156K(699392K), 0.0089503 secs] [Times: user=0.13 sys=0.00, real=0.01 secs] 
2016-09-25T23:59:55.673-0400: 60.230: [GC (GCLocker Initiated GC) [PSYoungGen: 163792K->57487K(175104K)] 399583K->329441K(699392K), 0.0086516 secs] [Times: user=0.10 sys=0.00, real=0.01 secs] 
2016-09-25T23:59:55.718-0400: 60.275: [GC (GCLocker Initiated GC) [PSYoungGen: 145551K->68537K(175104K)] 423028K->378825K(699392K), 0.0096458 secs] [Times: user=0.15 sys=0.00, real=0.01 secs] 
2016-09-25T23:59:55.787-0400: 60.344: [GC (GCLocker Initiated GC) [PSYoungGen: 156601K->60450K(175104K)] 480461K->399721K(699392K), 0.0061663 secs] [Times: user=0.08 sys=0.00, real=0.00 secs] 
2016-09-25T23:59:55.833-0400: 60.390: [GC (GCLocker Initiated GC) [PSYoungGen: 148514K->72510K(175104K)] 487935K->427374K(699392K), 0.0098370 secs] [Times: user=0.12 sys=0.00, real=0.02 secs] 
2016-09-25T23:59:55.889-0400: 60.446: [GC (GCLocker Initiated GC) [PSYoungGen: 160574K->61748K(174080K)] 534473K->440125K(698368K), 0.0097261 secs] [Times: user=0.07 sys=0.00, real=0.01 secs] 
2016-09-25T23:59:55.959-0400: 60.517: [GC (GCLocker Initiated GC) [PSYoungGen: 149812K->61768K(150016K)] 537688K->469078K(674304K), 0.0072970 secs] [Times: user=0.07 sys=0.01, real=0.01 secs] 
2016-09-25T23:59:55.999-0400: 60.556: [GC (GCLocker Initiated GC) [PSYoungGen: 149832K->68415K(174080K)] 557348K->496687K(698368K), 0.0303066 secs] [Times: user=0.42 sys=0.00, real=0.03 secs] 
2016-09-25T23:59:56.068-0400: 60.625: [GC (GCLocker Initiated GC) [PSYoungGen: 158015K->64404K(174080K)] 589121K->524287K(698368K), 0.0132763 secs] [Times: user=0.18 sys=0.00, real=0.01 secs] 
2016-09-25T23:59:56.130-0400: 60.688: [GC (GCLocker Initiated GC) [PSYoungGen: 154004K->59087K(176640K)] 615451K->544062K(700928K), 0.0143503 secs] [Times: user=0.16 sys=0.00, real=0.02 secs] 
2016-09-25T23:59:56.145-0400: 60.702: [Full GC (Ergonomics) [PSYoungGen: 59087K->0K(176640K)] [ParOldGen: 484975K->232982K(524288K)] 544062K->232982K(700928K), [Metaspace: 43632K->43632K(1087488K)], 0.0712305 secs] [Times: user=0.47 sys=0.01, real=0.07 secs] 
2016-09-25T23:59:56.269-0400: 60.827: [GC (GCLocker Initiated GC) [PSYoungGen: 94208K->57852K(175616K)] 330723K->294368K(699904K), 0.0077492 secs] [Times: user=0.05 sys=0.00, real=0.01 secs] 
2016-09-25T23:59:56.317-0400: 60.874: [GC (GCLocker Initiated GC) [PSYoungGen: 152060K->78000K(174080K)] 395550K->347896K(698368K), 0.0130016 secs] [Times: user=0.13 sys=0.01, real=0.01 secs] 
2016-09-25T23:59:56.386-0400: 60.943: [GC (GCLocker Initiated GC) [PSYoungGen: 171184K->65697K(177664K)] 446620K->364656K(701952K), 0.0070680 secs] [Times: user=0.09 sys=0.01, real=0.00 secs] 
2016-09-25T23:59:56.441-0400: 60.998: [GC (GCLocker Initiated GC) [PSYoungGen: 158881K->49669K(177152K)] 464688K->365311K(701440K), 0.0103885 secs] [Times: user=0.11 sys=0.01, real=0.01 secs] 
2016-09-25T23:59:56.483-0400: 61.041: [GC (GCLocker Initiated GC) [PSYoungGen: 143877K->83464K(178176K)] 467792K->432360K(702464K), 0.0117789 secs] [Times: user=0.13 sys=0.00, real=0.01 secs] 
2016-09-25T23:59:56.545-0400: 61.102: [GC (GCLocker Initiated GC) [PSYoungGen: 177672K->67091K(172032K)] 533324K->440830K(696320K), 0.0094118 secs] [Times: user=0.10 sys=0.01, real=0.01 secs] 
2016-09-25T23:59:56.604-0400: 61.162: [GC (GCLocker Initiated GC) [PSYoungGen: 155155K->58946K(175104K)] 534409K->457553K(699392K), 0.0084228 secs] [Times: user=0.08 sys=0.00, real=0.00 secs] 
2016-09-25T23:59:56.646-0400: 61.203: [GC (GCLocker Initiated GC) [PSYoungGen: 147010K->78208K(174592K)] 548359K->507040K(698880K), 0.0099649 secs] [Times: user=0.13 sys=0.00, real=0.01 secs] 
2016-09-25T23:59:56.700-0400: 61.257: [GC (GCLocker Initiated GC) [PSYoungGen: 166272K->65805K(175104K)] 604622K->518352K(699392K), 0.0070640 secs] [Times: user=0.09 sys=0.00, real=0.01 secs] 
2016-09-25T23:59:56.755-0400: 61.312: [GC (GCLocker Initiated GC) [PSYoungGen: 153869K->54883K(175104K)] 606459K->524181K(699392K), 0.0060357 secs] [Times: user=0.08 sys=0.00, real=0.00 secs] 
2016-09-25T23:59:56.794-0400: 61.352: [GC (GCLocker Initiated GC) [PSYoungGen: 142947K->83400K(175104K)] 615012K->569384K(699392K), 0.0094460 secs] [Times: user=0.11 sys=0.00, real=0.01 secs] 
2016-09-25T23:59:56.850-0400: 61.407: [Full GC (Ergonomics) [PSYoungGen: 171464K->0K(175104K)] [ParOldGen: 488734K->242332K(524288K)] 660198K->242332K(699392K), [Metaspace: 43632K->43632K(1087488K)], 0.0550732 secs] [Times: user=0.47 sys=0.02, real=0.06 secs] 
2016-09-25T23:59:56.947-0400: 61.504: [GC (GCLocker Initiated GC) [PSYoungGen: 88064K->80911K(175104K)] 340076K->332923K(699392K), 0.0083733 secs] [Times: user=0.11 sys=0.00, real=0.01 secs] 
2016-09-25T23:59:56.998-0400: 61.556: [GC (GCLocker Initiated GC) [PSYoungGen: 168975K->54749K(175104K)] 425044K->329141K(699392K), 0.0125753 secs] [Times: user=0.12 sys=0.00, real=0.01 secs] 
2016-09-25T23:59:57.054-0400: 61.611: [GC (GCLocker Initiated GC) [PSYoungGen: 142813K->50769K(175104K)] 417281K->351356K(699392K), 0.0201757 secs] [Times: user=0.22 sys=0.01, real=0.02 secs] 
2016-09-25T23:59:57.103-0400: 61.660: [GC (GCLocker Initiated GC) [PSYoungGen: 138833K->65786K(175104K)] 442261K->387083K(699392K), 0.0226336 secs] [Times: user=0.26 sys=0.01, real=0.02 secs] 
2016-09-25T23:59:57.176-0400: 61.734: [GC (GCLocker Initiated GC) [PSYoungGen: 153850K->59086K(175104K)] 484901K->408378K(699392K), 0.0152133 secs] [Times: user=0.18 sys=0.00, real=0.01 secs] 
2016-09-25T23:59:57.235-0400: 61.792: [GC (GCLocker Initiated GC) [PSYoungGen: 147150K->46623K(175104K)] 499334K->420947K(699392K), 0.0090576 secs] [Times: user=0.06 sys=0.01, real=0.01 secs] 
2016-09-25T23:59:57.280-0400: 61.838: [GC (GCLocker Initiated GC) [PSYoungGen: 134687K->53731K(175104K)] 515876K->459711K(699392K), 0.0109359 secs] [Times: user=0.11 sys=0.00, real=0.01 secs] 
2016-09-25T23:59:57.335-0400: 61.893: [GC (GCLocker Initiated GC) [PSYoungGen: 141795K->72554K(175104K)] 549264K->494132K(699392K), 0.0072142 secs] [Times: user=0.07 sys=0.00, real=0.01 secs] 
2016-09-25T23:59:57.382-0400: 61.939: [GC (GCLocker Initiated GC) [PSYoungGen: 160618K->57627K(175104K)] 586300K->493262K(699392K), 0.0289520 secs] [Times: user=0.33 sys=0.01, real=0.03 secs] 
2016-09-25T23:59:57.459-0400: 62.016: [GC (GCLocker Initiated GC) [PSYoungGen: 145691K->42693K(175104K)] 583669K->505447K(699392K), 0.0138030 secs] [Times: user=0.15 sys=0.00, real=0.01 secs] 
2016-09-25T23:59:57.525-0400: 62.082: [GC (GCLocker Initiated GC) [PSYoungGen: 130757K->73782K(175104K)] 593616K->561493K(699392K), 0.0161398 secs] [Times: user=0.17 sys=0.01, real=0.01 secs] 
2016-09-25T23:59:57.578-0400: 62.135: [Full GC (Ergonomics) [PSYoungGen: 161846K->0K(175104K)] [ParOldGen: 491038K->244991K(524288K)] 652885K->244991K(699392K), [Metaspace: 43632K->43632K(1087488K)], 0.0507365 secs] [Times: user=0.34 sys=0.01, real=0.05 secs] 
2016-09-25T23:59:57.669-0400: 62.226: [GC (Allocation Failure) [PSYoungGen: 88064K->76676K(175104K)] 333207K->321819K(699392K), 0.0100556 secs] [Times: user=0.12 sys=0.02, real=0.01 secs] 
2016-09-25T23:59:57.712-0400: 62.269: [GC (GCLocker Initiated GC) [PSYoungGen: 162992K->75384K(175104K)] 413535K->358975K(699392K), 0.0110357 secs] [Times: user=0.15 sys=0.02, real=0.02 secs] 
2016-09-25T23:59:57.794-0400: 62.351: [GC (GCLocker Initiated GC) [PSYoungGen: 163448K->72633K(175104K)] 456562K->370354K(699392K), 0.0131169 secs] [Times: user=0.13 sys=0.01, real=0.02 secs] 
2016-09-25T23:59:57.858-0400: 62.416: [GC (GCLocker Initiated GC) [PSYoungGen: 160697K->56089K(175104K)] 461166K->371859K(699392K), 0.0079755 secs] [Times: user=0.06 sys=0.01, real=0.01 secs] 
2016-09-25T23:59:57.899-0400: 62.457: [GC (GCLocker Initiated GC) [PSYoungGen: 144153K->84677K(175104K)] 462681K->433320K(699392K), 0.0082008 secs] [Times: user=0.10 sys=0.00, real=0.01 secs] 
2016-09-25T23:59:57.969-0400: 62.527: [GC (GCLocker Initiated GC) [PSYoungGen: 172741K->57472K(175104K)] 527001K->427060K(699392K), 0.0116888 secs] [Times: user=0.10 sys=0.01, real=0.01 secs] 
2016-09-25T23:59:58.042-0400: 62.600: [GC (GCLocker Initiated GC) [PSYoungGen: 145536K->75340K(175104K)] 517872K->453536K(699392K), 0.0075187 secs] [Times: user=0.08 sys=0.00, real=0.00 secs] 
2016-09-25T23:59:58.087-0400: 62.644: [GC (GCLocker Initiated GC) [PSYoungGen: 163404K->60303K(175104K)] 544384K->455405K(699392K), 0.0081146 secs] [Times: user=0.09 sys=0.01, real=0.01 secs] 
2016-09-25T23:59:58.130-0400: 62.687: [GC (GCLocker Initiated GC) [PSYoungGen: 148367K->78075K(175104K)] 544159K->501306K(699392K), 0.0090938 secs] [Times: user=0.07 sys=0.02, real=0.01 secs] 
2016-09-25T23:59:58.199-0400: 62.756: [GC (GCLocker Initiated GC) [PSYoungGen: 166139K->37180K(175104K)] 597531K->484039K(699392K), 0.0110075 secs] [Times: user=0.09 sys=0.00, real=0.01 secs] 
2016-09-25T23:59:58.261-0400: 62.819: [GC (GCLocker Initiated GC) [PSYoungGen: 125244K->67168K(175104K)] 574887K->525329K(699392K), 0.0148956 secs] [Times: user=0.13 sys=0.00, real=0.02 secs] 
2016-09-25T23:59:58.319-0400: 62.876: [GC (GCLocker Initiated GC) [PSYoungGen: 155232K->53537K(175104K)] 618902K->542125K(699392K), 0.0081273 secs] [Times: user=0.06 sys=0.00, real=0.01 secs] 
2016-09-25T23:59:58.327-0400: 62.885: [Full GC (Ergonomics) [PSYoungGen: 53537K->0K(175104K)] [ParOldGen: 488588K->244539K(524288K)] 542125K->244539K(699392K), [Metaspace: 43632K->43632K(1087488K)], 0.0814042 secs] [Times: user=0.44 sys=0.01, real=0.08 secs] 
2016-09-25T23:59:58.475-0400: 63.033: [GC (GCLocker Initiated GC) [PSYoungGen: 88064K->59271K(175104K)] 338065K->309273K(699392K), 0.0146798 secs] [Times: user=0.15 sys=0.01, real=0.01 secs] 
2016-09-25T23:59:58.520-0400: 63.077: [GC (GCLocker Initiated GC) [PSYoungGen: 147335K->46824K(175104K)] 401529K->323496K(699392K), 0.0112148 secs] [Times: user=0.11 sys=0.00, real=0.01 secs] 
2016-09-25T23:59:58.570-0400: 63.127: [GC (GCLocker Initiated GC) [PSYoungGen: 134888K->63121K(175104K)] 417893K->370939K(699392K), 0.0111596 secs] [Times: user=0.17 sys=0.00, real=0.01 secs] 
2016-09-25T23:59:58.638-0400: 63.196: [GC (GCLocker Initiated GC) [PSYoungGen: 151185K->63102K(175104K)] 461859K->391843K(699392K), 0.0103480 secs] [Times: user=0.12 sys=0.00, real=0.01 secs] 
2016-09-25T23:59:58.711-0400: 63.269: [GC (GCLocker Initiated GC) [PSYoungGen: 151166K->60585K(148992K)] 485927K->408010K(673280K), 0.0063753 secs] [Times: user=0.07 sys=0.00, real=0.01 secs] 
2016-09-25T23:59:58.763-0400: 63.320: [GC (GCLocker Initiated GC) [PSYoungGen: 148649K->48009K(173568K)] 504384K->427298K(697856K), 0.0060610 secs] [Times: user=0.08 sys=0.00, real=0.00 secs] 
2016-09-25T23:59:58.790-0400: 63.348: [GC (GCLocker Initiated GC) [PSYoungGen: 136073K->84738K(173568K)] 523602K->487493K(697856K), 0.0122796 secs] [Times: user=0.11 sys=0.00, real=0.02 secs] 
2016-09-25T23:59:58.879-0400: 63.436: [GC (GCLocker Initiated GC) [PSYoungGen: 172802K->59190K(175104K)] 589115K->494965K(699392K), 0.0109968 secs] [Times: user=0.14 sys=0.00, real=0.01 secs] 
2016-09-25T23:59:58.951-0400: 63.508: [GC (GCLocker Initiated GC) [PSYoungGen: 147254K->60403K(175104K)] 597925K->522434K(699392K), 0.0062458 secs] [Times: user=0.07 sys=0.01, real=0.01 secs] 
2016-09-25T23:59:58.991-0400: 63.548: [GC (GCLocker Initiated GC) [PSYoungGen: 148467K->73999K(175104K)] 610593K->569120K(699392K), 0.0125531 secs] [Times: user=0.18 sys=0.00, real=0.02 secs] 
2016-09-25T23:59:59.003-0400: 63.561: [Full GC (Ergonomics) [PSYoungGen: 73999K->0K(175104K)] [ParOldGen: 495121K->253314K(524288K)] 569120K->253314K(699392K), [Metaspace: 43632K->43632K(1087488K)], 0.0799230 secs] [Times: user=0.49 sys=0.01, real=0.08 secs] 
2016-09-25T23:59:59.139-0400: 63.697: [GC (GCLocker Initiated GC) [PSYoungGen: 88064K->80968K(175104K)] 341519K->334423K(699392K), 0.0098559 secs] [Times: user=0.12 sys=0.01, real=0.01 secs] 
2016-09-25T23:59:59.186-0400: 63.744: [GC (GCLocker Initiated GC) [PSYoungGen: 169032K->83410K(175104K)] 426620K->360780K(699392K), 0.0078990 secs] [Times: user=0.12 sys=0.00, real=0.01 secs] 
2016-09-25T23:59:59.233-0400: 63.791: [GC (GCLocker Initiated GC) [PSYoungGen: 171474K->72545K(175104K)] 450346K->374995K(699392K), 0.0068438 secs] [Times: user=0.10 sys=0.00, real=0.01 secs] 
2016-09-25T23:59:59.280-0400: 63.837: [GC (GCLocker Initiated GC) [PSYoungGen: 160609K->71174K(175104K)] 469953K->406635K(699392K), 0.0068893 secs] [Times: user=0.10 sys=0.00, real=0.01 secs] 
2016-09-25T23:59:59.332-0400: 63.889: [GC (GCLocker Initiated GC) [PSYoungGen: 159238K->54826K(175104K)] 500413K->418127K(699392K), 0.0065579 secs] [Times: user=0.06 sys=0.00, real=0.01 secs] 
2016-09-25T23:59:59.376-0400: 63.933: [GC (GCLocker Initiated GC) [PSYoungGen: 142890K->71185K(175104K)] 507632K->463306K(699392K), 0.0073288 secs] [Times: user=0.09 sys=0.00, real=0.01 secs] 
2016-09-25T23:59:59.429-0400: 63.986: [GC (GCLocker Initiated GC) [PSYoungGen: 159249K->56284K(175104K)] 551558K->470698K(699392K), 0.0159951 secs] [Times: user=0.21 sys=0.00, real=0.02 secs] 
2016-09-25T23:59:59.494-0400: 64.051: [GC (GCLocker Initiated GC) [PSYoungGen: 144348K->41410K(175104K)] 560158K->476554K(699392K), 0.0100950 secs] [Times: user=0.08 sys=0.00, real=0.02 secs] 
2016-09-25T23:59:59.541-0400: 64.099: [GC (GCLocker Initiated GC) [PSYoungGen: 129474K->56190K(175104K)] 567393K->514970K(699392K), 0.0097874 secs] [Times: user=0.08 sys=0.00, real=0.01 secs] 
2016-09-25T23:59:59.596-0400: 64.153: [GC (GCLocker Initiated GC) [PSYoungGen: 144254K->60448K(175104K)] 611302K->545631K(699392K), 0.0087322 secs] [Times: user=0.10 sys=0.00, real=0.01 secs] 
2016-09-25T23:59:59.643-0400: 64.200: [GC (GCLocker Initiated GC) [PSYoungGen: 148512K->45607K(175104K)] 637790K->554345K(699392K), 0.0062836 secs] [Times: user=0.06 sys=0.00, real=0.00 secs] 
2016-09-25T23:59:59.649-0400: 64.207: [Full GC (Ergonomics) [PSYoungGen: 45607K->0K(175104K)] [ParOldGen: 508738K->245950K(524288K)] 554345K->245950K(699392K), [Metaspace: 43632K->43632K(1087488K)], 0.0925983 secs] [Times: user=0.72 sys=0.01, real=0.09 secs] 
2016-09-25T23:59:59.804-0400: 64.361: [GC (GCLocker Initiated GC) [PSYoungGen: 88064K->55072K(175104K)] 336787K->303796K(699392K), 0.0422390 secs] [Times: user=0.29 sys=0.00, real=0.04 secs] 
2016-09-25T23:59:59.928-0400: 64.485: [GC (GCLocker Initiated GC) [PSYoungGen: 143136K->39929K(175104K)] 400054K->309785K(699392K), 0.0115192 secs] [Times: user=0.07 sys=0.00, real=0.01 secs] 
2016-09-25T23:59:59.982-0400: 64.539: [GC (GCLocker Initiated GC) [PSYoungGen: 127993K->59066K(173056K)] 403369K->343048K(697344K), 0.0362550 secs] [Times: user=0.28 sys=0.01, real=0.04 secs] 
2016-09-26T00:00:00.077-0400: 64.634: [GC (GCLocker Initiated GC) [PSYoungGen: 147130K->38506K(174080K)] 439349K->344882K(698368K), 0.0108094 secs] [Times: user=0.09 sys=0.01, real=0.01 secs] 
2016-09-26T00:00:00.144-0400: 64.702: [GC (GCLocker Initiated GC) [PSYoungGen: 126570K->41394K(175616K)] 435832K->384869K(699904K), 0.0183305 secs] [Times: user=0.21 sys=0.00, real=0.02 secs] 
2016-09-26T00:00:00.210-0400: 64.768: [GC (GCLocker Initiated GC) [PSYoungGen: 130994K->55033K(144896K)] 481300K->411185K(669184K), 0.0060558 secs] [Times: user=0.05 sys=0.00, real=0.01 secs] 
2016-09-26T00:00:00.251-0400: 64.808: [GC (GCLocker Initiated GC) [PSYoungGen: 144633K->80677K(168960K)] 503745K->484936K(693248K), 0.0094872 secs] [Times: user=0.14 sys=0.00, real=0.01 secs] 
2016-09-26T00:00:00.303-0400: 64.861: [GC (GCLocker Initiated GC) [PSYoungGen: 166693K->56278K(173056K)] 571125K->486855K(697344K), 0.0095145 secs] [Times: user=0.12 sys=0.00, real=0.00 secs] 
2016-09-26T00:00:00.353-0400: 64.910: [GC (GCLocker Initiated GC) [PSYoungGen: 142294K->60405K(171008K)] 577134K->503777K(695296K), 0.0119446 secs] [Times: user=0.14 sys=0.00, real=0.02 secs] 
2016-09-26T00:00:00.409-0400: 64.967: [GC (GCLocker Initiated GC) [PSYoungGen: 148469K->54886K(173056K)] 591919K->531373K(697344K), 0.0075657 secs] [Times: user=0.10 sys=0.00, real=0.01 secs] 
2016-09-26T00:00:00.417-0400: 64.974: [Full GC (Ergonomics) [PSYoungGen: 54886K->0K(173056K)] [ParOldGen: 476487K->254289K(524288K)] 531373K->254289K(697344K), [Metaspace: 43632K->43632K(1087488K)], 0.0562770 secs] [Times: user=0.50 sys=0.01, real=0.05 secs] 
2016-09-26T00:00:00.514-0400: 65.071: [GC (GCLocker Initiated GC) [PSYoungGen: 88064K->74150K(172032K)] 344056K->330142K(696320K), 0.0098034 secs] [Times: user=0.09 sys=0.02, real=0.02 secs] 
2016-09-26T00:00:00.563-0400: 65.120: [GC (GCLocker Initiated GC) [PSYoungGen: 163238K->69769K(159232K)] 419260K->348245K(683520K), 0.0093466 secs] [Times: user=0.14 sys=0.00, real=0.00 secs] 
2016-09-26T00:00:00.621-0400: 65.179: [GC (GCLocker Initiated GC) [PSYoungGen: 158857K->48202K(175104K)] 442818K->358265K(699392K), 0.0086486 secs] [Times: user=0.11 sys=0.00, real=0.01 secs] 
2016-09-26T00:00:00.664-0400: 65.222: [GC (GCLocker Initiated GC) [PSYoungGen: 136266K->84801K(175104K)] 449220K->405013K(699392K), 0.0094566 secs] [Times: user=0.10 sys=0.01, real=0.00 secs] 
2016-09-26T00:00:00.712-0400: 65.269: [GC (GCLocker Initiated GC) [PSYoungGen: 172865K->57655K(175104K)] 506760K->423260K(699392K), 0.0071363 secs] [Times: user=0.08 sys=0.00, real=0.01 secs] 
2016-09-26T00:00:00.778-0400: 65.335: [GC (GCLocker Initiated GC) [PSYoungGen: 145719K->38666K(175104K)] 515438K->429087K(699392K), 0.0078416 secs] [Times: user=0.07 sys=0.00, real=0.01 secs] 
2016-09-26T00:00:00.811-0400: 65.368: [GC (GCLocker Initiated GC) [PSYoungGen: 126730K->75096K(175104K)] 517286K->493199K(699392K), 0.0099405 secs] [Times: user=0.14 sys=0.00, real=0.01 secs] 
2016-09-26T00:00:00.869-0400: 65.426: [GC (GCLocker Initiated GC) [PSYoungGen: 163160K->68495K(175104K)] 598877K->520817K(699392K), 0.0087107 secs] [Times: user=0.12 sys=0.00, real=0.01 secs] 
2016-09-26T00:00:00.925-0400: 65.482: [GC (GCLocker Initiated GC) [PSYoungGen: 156559K->58918K(175104K)] 609266K->540466K(699392K), 0.0067343 secs] [Times: user=0.10 sys=0.00, real=0.00 secs] 
2016-09-26T00:00:00.932-0400: 65.489: [Full GC (Ergonomics) [PSYoungGen: 58918K->0K(175104K)] [ParOldGen: 481548K->253190K(524288K)] 540466K->253190K(699392K), [Metaspace: 43632K->43632K(1087488K)], 0.0582018 secs] [Times: user=0.42 sys=0.00, real=0.06 secs] 
2016-09-26T00:00:01.031-0400: 65.589: [GC (GCLocker Initiated GC) [PSYoungGen: 88064K->61966K(175104K)] 349404K->323307K(699392K), 0.0085510 secs] [Times: user=0.09 sys=0.00, real=0.01 secs] 
2016-09-26T00:00:01.089-0400: 65.646: [GC (GCLocker Initiated GC) [PSYoungGen: 150030K->39893K(175104K)] 423736K->319768K(699392K), 0.0123126 secs] [Times: user=0.11 sys=0.00, real=0.01 secs] 
2016-09-26T00:00:01.147-0400: 65.705: [GC (GCLocker Initiated GC) [PSYoungGen: 127957K->59011K(147456K)] 413425K->371954K(671744K), 0.0089074 secs] [Times: user=0.13 sys=0.00, real=0.01 secs] 
2016-09-26T00:00:01.195-0400: 65.752: [GC (GCLocker Initiated GC) [PSYoungGen: 147075K->79220K(174080K)] 460222K->409084K(698368K), 0.0089254 secs] [Times: user=0.13 sys=0.00, real=0.01 secs] 
2016-09-26T00:00:01.246-0400: 65.803: [GC (GCLocker Initiated GC) [PSYoungGen: 166772K->67287K(174592K)] 504857K->427421K(698880K), 0.0070583 secs] [Times: user=0.09 sys=0.00, real=0.00 secs] 
2016-09-26T00:00:01.297-0400: 65.854: [GC (GCLocker Initiated GC) [PSYoungGen: 154839K->53735K(175104K)] 520572K->455205K(699392K), 0.0109802 secs] [Times: user=0.15 sys=0.01, real=0.01 secs] 
2016-09-26T00:00:01.352-0400: 65.909: [GC (GCLocker Initiated GC) [PSYoungGen: 141799K->71231K(175104K)] 546229K->511370K(699392K), 0.0094002 secs] [Times: user=0.14 sys=0.01, real=0.01 secs] 
2016-09-26T00:00:01.407-0400: 65.965: [GC (GCLocker Initiated GC) [PSYoungGen: 159295K->65973K(175104K)] 610369K->541891K(699392K), 0.0074490 secs] [Times: user=0.09 sys=0.01, real=0.01 secs] 
2016-09-26T00:00:01.463-0400: 66.021: [Full GC (Ergonomics) [PSYoungGen: 154037K->0K(175104K)] [ParOldGen: 480087K->260083K(524288K)] 634124K->260083K(699392K), [Metaspace: 43632K->43632K(1087488K)], 0.0610980 secs] [Times: user=0.43 sys=0.00, real=0.06 secs] 
2016-09-26T00:00:01.569-0400: 66.126: [GC (GCLocker Initiated GC) [PSYoungGen: 88064K->77224K(175104K)] 356404K->345564K(699392K), 0.0061040 secs] [Times: user=0.09 sys=0.00, real=0.01 secs] 
2016-09-26T00:00:01.636-0400: 66.193: [GC (GCLocker Initiated GC) [PSYoungGen: 165288K->62024K(175104K)] 440510K->361384K(699392K), 0.0065348 secs] [Times: user=0.09 sys=0.00, real=0.01 secs] 
2016-09-26T00:00:01.680-0400: 66.237: [GC (GCLocker Initiated GC) [PSYoungGen: 150088K->73026K(175104K)] 452290K->392270K(699392K), 0.0066944 secs] [Times: user=0.09 sys=0.00, real=0.01 secs] 
2016-09-26T00:00:01.747-0400: 66.304: [GC (GCLocker Initiated GC) [PSYoungGen: 161090K->60590K(175104K)] 489122K->404432K(699392K), 0.0193279 secs] [Times: user=0.25 sys=0.00, real=0.02 secs] 
2016-09-26T00:00:01.818-0400: 66.375: [GC (GCLocker Initiated GC) [PSYoungGen: 148654K->55105K(175104K)] 502360K->427023K(699392K), 0.0093098 secs] [Times: user=0.07 sys=0.01, real=0.01 secs] 
2016-09-26T00:00:01.868-0400: 66.425: [GC (GCLocker Initiated GC) [PSYoungGen: 143169K->57927K(173056K)] 519761K->442059K(697344K), 0.0062721 secs] [Times: user=0.07 sys=0.00, real=0.01 secs] 
2016-09-26T00:00:01.919-0400: 66.477: [GC (GCLocker Initiated GC) [PSYoungGen: 145991K->63346K(174080K)] 536205K->482721K(698368K), 0.0096263 secs] [Times: user=0.14 sys=0.00, real=0.01 secs] 
2016-09-26T00:00:01.969-0400: 66.527: [GC (GCLocker Initiated GC) [PSYoungGen: 151410K->61952K(173056K)] 570881K->507734K(697344K), 0.0089379 secs] [Times: user=0.11 sys=0.00, real=0.01 secs] 
2016-09-26T00:00:02.030-0400: 66.588: [GC (GCLocker Initiated GC) [PSYoungGen: 154112K->67486K(174080K)] 607143K->548283K(698368K), 0.0108042 secs] [Times: user=0.17 sys=0.01, real=0.01 secs] 
2016-09-26T00:00:02.041-0400: 66.599: [Full GC (Ergonomics) [PSYoungGen: 67486K->0K(174080K)] [ParOldGen: 480797K->266036K(524288K)] 548283K->266036K(698368K), [Metaspace: 43637K->43637K(1087488K)], 0.0561660 secs] [Times: user=0.43 sys=0.00, real=0.06 secs] 
2016-09-26T00:00:02.142-0400: 66.699: [GC (GCLocker Initiated GC) [PSYoungGen: 92160K->80565K(171008K)] 362309K->350714K(695296K), 0.0082319 secs] [Times: user=0.09 sys=0.01, real=0.01 secs] 
2016-09-26T00:00:02.205-0400: 66.762: [GC (GCLocker Initiated GC) [PSYoungGen: 169653K->70054K(175616K)] 449367K->363555K(699904K), 0.0061066 secs] [Times: user=0.09 sys=0.00, real=0.00 secs] 
2016-09-26T00:00:02.267-0400: 66.824: [GC (GCLocker Initiated GC) [PSYoungGen: 159142K->54044K(175104K)] 462164K->383444K(699392K), 0.0076184 secs] [Times: user=0.10 sys=0.00, real=0.01 secs] 
2016-09-26T00:00:02.329-0400: 66.887: [GC (GCLocker Initiated GC) [PSYoungGen: 143644K->68894K(175616K)] 477172K->414120K(699904K), 0.0066082 secs] [Times: user=0.09 sys=0.00, real=0.01 secs] 
2016-09-26T00:00:02.384-0400: 66.942: [GC (GCLocker Initiated GC) [PSYoungGen: 158494K->76828K(173568K)] 505443K->457100K(697856K), 0.0098055 secs] [Times: user=0.14 sys=0.00, real=0.01 secs] 
2016-09-26T00:00:02.441-0400: 66.998: [GC (Allocation Failure) [PSYoungGen: 164892K->59449K(175104K)] 557402K->493191K(699392K), 0.0074469 secs] [Times: user=0.10 sys=0.00, real=0.01 secs] 
2016-09-26T00:00:02.504-0400: 67.061: [GC (GCLocker Initiated GC) [PSYoungGen: 147513K->52436K(175104K)] 581259K->516805K(699392K), 0.0070606 secs] [Times: user=0.10 sys=0.00, real=0.00 secs] 
2016-09-26T00:00:02.546-0400: 67.103: [GC (GCLocker Initiated GC) [PSYoungGen: 140500K->62145K(150528K)] 610405K->554334K(674816K), 0.0094365 secs] [Times: user=0.10 sys=0.01, real=0.01 secs] 
2016-09-26T00:00:02.555-0400: 67.113: [Full GC (Ergonomics) [PSYoungGen: 62145K->0K(150528K)] [ParOldGen: 492189K->272026K(524288K)] 554334K->272026K(674816K), [Metaspace: 43637K->43637K(1087488K)], 0.0562996 secs] [Times: user=0.46 sys=0.00, real=0.05 secs] 
2016-09-26T00:00:02.656-0400: 67.213: [GC (GCLocker Initiated GC) [PSYoungGen: 88064K->53154K(173056K)] 368581K->333671K(697344K), 0.0057679 secs] [Times: user=0.05 sys=0.00, real=0.00 secs] 
2016-09-26T00:00:02.701-0400: 67.258: [GC (GCLocker Initiated GC) [PSYoungGen: 141218K->66333K(173056K)] 429159K->361065K(697344K), 0.0173797 secs] [Times: user=0.20 sys=0.00, real=0.02 secs] 
2016-09-26T00:00:02.765-0400: 67.323: [GC (GCLocker Initiated GC) [PSYoungGen: 154397K->50943K(176128K)] 451870K->380510K(700416K), 0.0156495 secs] [Times: user=0.16 sys=0.00, real=0.01 secs] 
2016-09-26T00:00:02.838-0400: 67.396: [GC (GCLocker Initiated GC) [PSYoungGen: 143103K->58329K(176128K)] 475526K->429134K(700416K), 0.0262727 secs] [Times: user=0.32 sys=0.00, real=0.03 secs] 
2016-09-26T00:00:02.934-0400: 67.491: [GC (GCLocker Initiated GC) [PSYoungGen: 150489K->56392K(177152K)] 522741K->448649K(701440K), 0.0100714 secs] [Times: user=0.10 sys=0.00, real=0.02 secs] 
2016-09-26T00:00:02.983-0400: 67.540: [GC (GCLocker Initiated GC) [PSYoungGen: 151624K->81279K(176640K)] 544000K->485284K(700928K), 0.0139506 secs] [Times: user=0.16 sys=0.00, real=0.01 secs] 
2016-09-26T00:00:03.079-0400: 67.637: [GC (GCLocker Initiated GC) [PSYoungGen: 176511K->51454K(174592K)] 587862K->494896K(698880K), 0.0107181 secs] [Times: user=0.15 sys=0.01, real=0.01 secs] 
2016-09-26T00:00:03.139-0400: 67.696: [GC (GCLocker Initiated GC) [PSYoungGen: 140542K->61827K(151040K)] 588135K->533302K(675328K), 0.0173990 secs] [Times: user=0.22 sys=0.00, real=0.02 secs] 
2016-09-26T00:00:03.203-0400: 67.761: [Full GC (Ergonomics) [PSYoungGen: 150915K->0K(151040K)] [ParOldGen: 475711K->277825K(524288K)] 626627K->277825K(675328K), [Metaspace: 43638K->43638K(1087488K)], 0.0970568 secs] [Times: user=0.47 sys=0.03, real=0.09 secs] 
2016-09-26T00:00:03.363-0400: 67.921: [GC (GCLocker Initiated GC) [PSYoungGen: 89088K->70567K(173056K)] 368615K->350095K(697344K), 0.0058465 secs] [Times: user=0.08 sys=0.00, real=0.00 secs] 
2016-09-26T00:00:03.417-0400: 67.974: [GC (GCLocker Initiated GC) [PSYoungGen: 159655K->56747K(174080K)] 439346K->361839K(698368K), 0.0102451 secs] [Times: user=0.15 sys=0.00, real=0.01 secs] 
2016-09-26T00:00:03.504-0400: 68.062: [GC (GCLocker Initiated GC) [PSYoungGen: 145835K->66231K(175104K)] 458289K->384994K(699392K), 0.0138401 secs] [Times: user=0.14 sys=0.00, real=0.01 secs] 
2016-09-26T00:00:03.565-0400: 68.122: [GC (GCLocker Initiated GC) [PSYoungGen: 159415K->67319K(176128K)] 478242K->415443K(700416K), 0.0070118 secs] [Times: user=0.10 sys=0.00, real=0.00 secs] 
2016-09-26T00:00:03.614-0400: 68.172: [GC (GCLocker Initiated GC) [PSYoungGen: 160503K->64852K(176128K)] 511364K->435338K(700416K), 0.0074887 secs] [Times: user=0.07 sys=0.00, real=0.00 secs] 
2016-09-26T00:00:03.681-0400: 68.238: [GC (GCLocker Initiated GC) [PSYoungGen: 161108K->81379K(177664K)] 542649K->478813K(701952K), 0.0116124 secs] [Times: user=0.17 sys=0.01, real=0.01 secs] 
2016-09-26T00:00:03.770-0400: 68.327: [GC (GCLocker Initiated GC) [PSYoungGen: 177635K->60801K(172544K)] 583562K->477395K(696832K), 0.0059043 secs] [Times: user=0.08 sys=0.00, real=0.01 secs] 
2016-09-26T00:00:03.823-0400: 68.380: [GC (GCLocker Initiated GC) [PSYoungGen: 148865K->48421K(175104K)] 573706K->490387K(699392K), 0.0074203 secs] [Times: user=0.07 sys=0.00, real=0.00 secs] 
2016-09-26T00:00:03.865-0400: 68.422: [GC (GCLocker Initiated GC) [PSYoungGen: 136485K->64851K(175104K)] 582619K->523770K(699392K), 0.0129308 secs] [Times: user=0.13 sys=0.00, real=0.01 secs] 
2016-09-26T00:00:03.954-0400: 68.511: [GC (GCLocker Initiated GC) [PSYoungGen: 152915K->65051K(153600K)] 619999K->542603K(677888K), 0.0147841 secs] [Times: user=0.12 sys=0.00, real=0.02 secs] 
2016-09-26T00:00:04.024-0400: 68.582: [GC (GCLocker Initiated GC) [PSYoungGen: 153115K->50954K(174080K)] 631261K->557081K(698368K), 0.0065517 secs] [Times: user=0.07 sys=0.00, real=0.00 secs] 
2016-09-26T00:00:04.031-0400: 68.588: [Full GC (Ergonomics) [PSYoungGen: 50954K->0K(174080K)] [ParOldGen: 506127K->276870K(524288K)] 557081K->276870K(698368K), [Metaspace: 43638K->43638K(1087488K)], 0.0632388 secs] [Times: user=0.64 sys=0.00, real=0.07 secs] 
2016-09-26T00:00:04.157-0400: 68.714: [GC (GCLocker Initiated GC) [PSYoungGen: 87552K->77482K(174592K)] 369923K->359853K(698880K), 0.0095891 secs] [Times: user=0.10 sys=0.00, real=0.01 secs] 
2016-09-26T00:00:04.224-0400: 68.782: [GC (GCLocker Initiated GC) [PSYoungGen: 165034K->66155K(175104K)] 450194K->389103K(699392K), 0.0103373 secs] [Times: user=0.16 sys=0.00, real=0.01 secs] 
2016-09-26T00:00:04.275-0400: 68.832: [GC (Allocation Failure) [PSYoungGen: 154219K->66346K(154624K)] 485362K->433497K(678912K), 0.0137310 secs] [Times: user=0.18 sys=0.00, real=0.01 secs] 
2016-09-26T00:00:04.329-0400: 68.886: [GC (GCLocker Initiated GC) [PSYoungGen: 153585K->59386K(175104K)] 528836K->449127K(699392K), 0.0069664 secs] [Times: user=0.09 sys=0.00, real=0.01 secs] 
2016-09-26T00:00:04.364-0400: 68.922: [GC (GCLocker Initiated GC) [PSYoungGen: 148474K->82383K(174080K)] 543828K->487968K(698368K), 0.0093369 secs] [Times: user=0.13 sys=0.01, real=0.00 secs] 
2016-09-26T00:00:04.429-0400: 68.987: [GC (GCLocker Initiated GC) [PSYoungGen: 171471K->60394K(175104K)] 577403K->491443K(699392K), 0.0098198 secs] [Times: user=0.08 sys=0.00, real=0.01 secs] 
2016-09-26T00:00:04.488-0400: 69.046: [GC (GCLocker Initiated GC) [PSYoungGen: 148458K->66224K(154624K)] 587705K->526323K(678912K), 0.0101072 secs] [Times: user=0.14 sys=0.00, real=0.01 secs] 
2016-09-26T00:00:04.546-0400: 69.103: [GC (GCLocker Initiated GC) [PSYoungGen: 154288K->64620K(176640K)] 617201K->555533K(700928K), 0.0085228 secs] [Times: user=0.13 sys=0.01, real=0.01 secs] 
2016-09-26T00:00:04.555-0400: 69.112: [Full GC (Ergonomics) [PSYoungGen: 64620K->0K(176640K)] [ParOldGen: 490913K->283992K(524288K)] 555533K->283992K(700928K), [Metaspace: 43638K->43638K(1087488K)], 0.0548871 secs] [Times: user=0.50 sys=0.00, real=0.05 secs] 
2016-09-26T00:00:04.645-0400: 69.202: [GC (GCLocker Initiated GC) [PSYoungGen: 90112K->84207K(174592K)] 374248K->371043K(698880K), 0.0089908 secs] [Times: user=0.10 sys=0.00, real=0.00 secs] 
2016-09-26T00:00:04.713-0400: 69.271: [GC (GCLocker Initiated GC) [PSYoungGen: 174319K->67359K(175104K)] 469393K->381344K(699392K), 0.0104520 secs] [Times: user=0.14 sys=0.00, real=0.02 secs] 
2016-09-26T00:00:04.773-0400: 69.330: [GC (GCLocker Initiated GC) [PSYoungGen: 155423K->31869K(175104K)] 474857K->377646K(699392K), 0.0066398 secs] [Times: user=0.06 sys=0.00, real=0.01 secs] 
2016-09-26T00:00:04.813-0400: 69.370: [GC (GCLocker Initiated GC) [PSYoungGen: 119933K->76974K(175104K)] 465945K->470856K(699392K), 0.0110080 secs] [Times: user=0.14 sys=0.02, real=0.02 secs] 
2016-09-26T00:00:04.880-0400: 69.437: [GC (GCLocker Initiated GC) [PSYoungGen: 165038K->52406K(175104K)] 567168K->482422K(699392K), 0.0073961 secs] [Times: user=0.10 sys=0.00, real=0.01 secs] 
2016-09-26T00:00:04.931-0400: 69.488: [GC (GCLocker Initiated GC) [PSYoungGen: 140470K->56563K(175104K)] 573373K->499554K(699392K), 0.0064417 secs] [Times: user=0.05 sys=0.00, real=0.01 secs] 
2016-09-26T00:00:04.986-0400: 69.543: [GC (GCLocker Initiated GC) [PSYoungGen: 144627K->49554K(175104K)] 588063K->505893K(699392K), 0.0074474 secs] [Times: user=0.07 sys=0.00, real=0.00 secs] 
2016-09-26T00:00:05.031-0400: 69.589: [GC (GCLocker Initiated GC) [PSYoungGen: 137618K->64626K(175104K)] 594482K->530236K(699392K), 0.0224707 secs] [Times: user=0.22 sys=0.00, real=0.02 secs] 
2016-09-26T00:00:05.107-0400: 69.664: [GC (GCLocker Initiated GC) [PSYoungGen: 152690K->60545K(148992K)] 626544K->560829K(673280K), 0.0119009 secs] [Times: user=0.17 sys=0.00, real=0.01 secs] 
2016-09-26T00:00:05.121-0400: 69.679: [Full GC (Ergonomics) [PSYoungGen: 60545K->0K(148992K)] [ParOldGen: 500284K->290857K(524288K)] 560829K->290857K(673280K), [Metaspace: 43638K->43638K(1087488K)], 0.0778744 secs] [Times: user=0.53 sys=0.02, real=0.08 secs] 
2016-09-26T00:00:05.237-0400: 69.795: [GC (GCLocker Initiated GC) [PSYoungGen: 88064K->45693K(174080K)] 384508K->342138K(698368K), 0.0066584 secs] [Times: user=0.05 sys=0.00, real=0.01 secs] 
2016-09-26T00:00:05.296-0400: 69.853: [GC (GCLocker Initiated GC) [PSYoungGen: 133245K->59160K(146944K)] 437918K->370148K(671232K), 0.0136885 secs] [Times: user=0.14 sys=0.01, real=0.01 secs] 
2016-09-26T00:00:05.363-0400: 69.921: [GC (GCLocker Initiated GC) [PSYoungGen: 146712K->57817K(175104K)] 461866K->400730K(699392K), 0.0094260 secs] [Times: user=0.11 sys=0.00, real=0.00 secs] 
2016-09-26T00:00:05.410-0400: 69.967: [GC (GCLocker Initiated GC) [PSYoungGen: 148441K->82110K(173056K)] 491574K->459659K(697344K), 0.0150673 secs] [Times: user=0.21 sys=0.01, real=0.02 secs] 
2016-09-26T00:00:05.478-0400: 70.035: [GC (GCLocker Initiated GC) [PSYoungGen: 172734K->68710K(175104K)] 561228K->487447K(699392K), 0.0097743 secs] [Times: user=0.12 sys=0.01, real=0.01 secs] 
2016-09-26T00:00:05.572-0400: 70.129: [GC (GCLocker Initiated GC) [PSYoungGen: 156774K->44151K(175104K)] 575706K->494876K(699392K), 0.0064309 secs] [Times: user=0.09 sys=0.00, real=0.01 secs] 
2016-09-26T00:00:05.612-0400: 70.169: [GC (GCLocker Initiated GC) [PSYoungGen: 132215K->66039K(175104K)] 589947K->555349K(699392K), 0.0091643 secs] [Times: user=0.11 sys=0.01, real=0.01 secs] 
2016-09-26T00:00:05.621-0400: 70.179: [Full GC (Ergonomics) [PSYoungGen: 66039K->0K(175104K)] [ParOldGen: 489309K->299492K(524288K)] 555349K->299492K(699392K), [Metaspace: 43681K->43681K(1087488K)], 0.0531013 secs] [Times: user=0.46 sys=0.00, real=0.06 secs] 
2016-09-26T00:00:05.730-0400: 70.288: [GC (GCLocker Initiated GC) [PSYoungGen: 88064K->58297K(146432K)] 400523K->370757K(670720K), 0.0084045 secs] [Times: user=0.09 sys=0.00, real=0.01 secs] 
2016-09-26T00:00:05.781-0400: 70.339: [GC (GCLocker Initiated GC) [PSYoungGen: 146361K->52068K(175104K)] 461640K->387324K(699392K), 0.0090442 secs] [Times: user=0.08 sys=0.00, real=0.01 secs] 
2016-09-26T00:00:05.831-0400: 70.389: [GC (GCLocker Initiated GC) [PSYoungGen: 141156K->76868K(174080K)] 476531K->442483K(698368K), 0.0104312 secs] [Times: user=0.15 sys=0.00, real=0.01 secs] 
2016-09-26T00:00:05.900-0400: 70.457: [GC (GCLocker Initiated GC) [PSYoungGen: 165956K->53540K(175104K)] 531667K->433463K(699392K), 0.0093298 secs] [Times: user=0.08 sys=0.00, real=0.01 secs] 
2016-09-26T00:00:05.953-0400: 70.510: [GC (GCLocker Initiated GC) [PSYoungGen: 141604K->63268K(151552K)] 528444K->458882K(675840K), 0.0107632 secs] [Times: user=0.09 sys=0.00, real=0.02 secs] 
2016-09-26T00:00:06.017-0400: 70.574: [GC (GCLocker Initiated GC) [PSYoungGen: 151332K->50999K(174080K)] 553807K->475716K(698368K), 0.0116958 secs] [Times: user=0.10 sys=0.00, real=0.01 secs] 
2016-09-26T00:00:06.070-0400: 70.627: [GC (GCLocker Initiated GC) [PSYoungGen: 139575K->38759K(173568K)] 568454K->503399K(697856K), 0.0288802 secs] [Times: user=0.37 sys=0.00, real=0.03 secs] 
2016-09-26T00:00:06.136-0400: 70.694: [GC (GCLocker Initiated GC) [PSYoungGen: 127335K->60547K(175104K)] 594937K->546246K(699392K), 0.0103865 secs] [Times: user=0.09 sys=0.00, real=0.01 secs] 
2016-09-26T00:00:06.147-0400: 70.704: [Full GC (Ergonomics) [PSYoungGen: 60547K->0K(175104K)] [ParOldGen: 485698K->302935K(524288K)] 546246K->302935K(699392K), [Metaspace: 43681K->43681K(1087488K)], 0.0640869 secs] [Times: user=0.55 sys=0.00, real=0.06 secs] 
2016-09-26T00:00:06.267-0400: 70.824: [GC (GCLocker Initiated GC) [PSYoungGen: 91136K->69199K(175616K)] 394211K->372274K(699904K), 0.0087926 secs] [Times: user=0.12 sys=0.00, real=0.01 secs] 
2016-09-26T00:00:06.315-0400: 70.872: [GC (GCLocker Initiated GC) [PSYoungGen: 160335K->63475K(176128K)] 471583K->400216K(700416K), 0.0089186 secs] [Times: user=0.09 sys=0.00, real=0.01 secs] 
2016-09-26T00:00:06.369-0400: 70.926: [GC (GCLocker Initiated GC) [PSYoungGen: 155123K->60523K(152576K)] 501378K->414451K(676864K), 0.0098338 secs] [Times: user=0.11 sys=0.01, real=0.01 secs] 
2016-09-26T00:00:06.422-0400: 70.979: [GC (GCLocker Initiated GC) [PSYoungGen: 152171K->70071K(174080K)] 508921K->446292K(698368K), 0.0065647 secs] [Times: user=0.09 sys=0.00, real=0.01 secs] 
2016-09-26T00:00:06.484-0400: 71.041: [GC (GCLocker Initiated GC) [PSYoungGen: 161719K->53395K(175616K)] 542529K->438956K(699904K), 0.0063673 secs] [Times: user=0.05 sys=0.00, real=0.00 secs] 
2016-09-26T00:00:06.531-0400: 71.089: [GC (GCLocker Initiated GC) [PSYoungGen: 145043K->37285K(176128K)] 534926K->466807K(700416K), 0.0072765 secs] [Times: user=0.07 sys=0.00, real=0.01 secs] 
2016-09-26T00:00:06.577-0400: 71.135: [GC (GCLocker Initiated GC) [PSYoungGen: 130469K->68757K(162304K)] 573755K->535397K(686592K), 0.0104770 secs] [Times: user=0.11 sys=0.01, real=0.01 secs] 
2016-09-26T00:00:06.643-0400: 71.200: [GC (GCLocker Initiated GC) [PSYoungGen: 161941K->53753K(178176K)] 635509K->533466K(702464K), 0.0140359 secs] [Times: user=0.17 sys=0.00, real=0.01 secs] 
2016-09-26T00:00:06.657-0400: 71.214: [Full GC (Ergonomics) [PSYoungGen: 53753K->0K(178176K)] [ParOldGen: 479712K->301046K(524288K)] 533466K->301046K(702464K), [Metaspace: 43681K->43681K(1087488K)], 0.0513182 secs] [Times: user=0.46 sys=0.00, real=0.05 secs] 
2016-09-26T00:00:06.749-0400: 71.307: [GC (GCLocker Initiated GC) [PSYoungGen: 92160K->71955K(164352K)] 393324K->373120K(688640K), 0.0087921 secs] [Times: user=0.11 sys=0.00, real=0.01 secs] 
2016-09-26T00:00:06.810-0400: 71.367: [GC (GCLocker Initiated GC) [PSYoungGen: 164115K->55001K(177152K)] 470728K->383131K(701440K), 0.0091724 secs] [Times: user=0.11 sys=0.01, real=0.01 secs] 
2016-09-26T00:00:06.869-0400: 71.427: [GC (GCLocker Initiated GC) [PSYoungGen: 145625K->51293K(142336K)] 473853K->398942K(666624K), 0.0060325 secs] [Times: user=0.07 sys=0.00, real=0.01 secs] 
2016-09-26T00:00:06.925-0400: 71.482: [GC (GCLocker Initiated GC) [PSYoungGen: 141917K->69039K(172544K)] 499206K->438023K(696832K), 0.0065493 secs] [Times: user=0.10 sys=0.00, real=0.00 secs] 
2016-09-26T00:00:06.981-0400: 71.538: [GC (GCLocker Initiated GC) [PSYoungGen: 158127K->64695K(174080K)] 539502K->463385K(698368K), 0.0063131 secs] [Times: user=0.10 sys=0.01, real=0.01 secs] 
2016-09-26T00:00:07.033-0400: 71.590: [GC (GCLocker Initiated GC) [PSYoungGen: 153783K->56293K(172544K)] 556737K->464010K(696832K), 0.0107809 secs] [Times: user=0.11 sys=0.00, real=0.02 secs] 
2016-09-26T00:00:07.097-0400: 71.654: [GC (GCLocker Initiated GC) [PSYoungGen: 148965K->49732K(175104K)] 561494K->472318K(699392K), 0.0113422 secs] [Times: user=0.10 sys=0.00, real=0.01 secs] 
2016-09-26T00:00:07.152-0400: 71.709: [GC (GCLocker Initiated GC) [PSYoungGen: 142404K->65755K(179200K)] 565167K->494690K(703488K), 0.0096435 secs] [Times: user=0.08 sys=0.01, real=0.01 secs] 
2016-09-26T00:00:07.215-0400: 71.772: [GC (GCLocker Initiated GC) [PSYoungGen: 163035K->47128K(179712K)] 596061K->498355K(704000K), 0.0069357 secs] [Times: user=0.06 sys=0.00, real=0.00 secs] 
2016-09-26T00:00:07.270-0400: 71.828: [GC (GCLocker Initiated GC) [PSYoungGen: 144408K->81032K(170496K)] 595765K->534487K(694784K), 0.0103547 secs] [Times: user=0.09 sys=0.00, real=0.01 secs] 
2016-09-26T00:00:07.329-0400: 71.886: [GC (GCLocker Initiated GC) [PSYoungGen: 169096K->60581K(175104K)] 629442K->543346K(699392K), 0.0061835 secs] [Times: user=0.08 sys=0.00, real=0.01 secs] 
2016-09-26T00:00:07.381-0400: 71.938: [GC (GCLocker Initiated GC) [PSYoungGen: 148645K->63409K(170496K)] 631435K->579336K(694784K), 0.0082297 secs] [Times: user=0.11 sys=0.00, real=0.01 secs] 
2016-09-26T00:00:07.389-0400: 71.946: [Full GC (Ergonomics) [PSYoungGen: 63409K->0K(170496K)] [ParOldGen: 515927K->299441K(524288K)] 579336K->299441K(694784K), [Metaspace: 43682K->43682K(1087488K)], 0.2524522 secs] [Times: user=3.66 sys=0.04, real=0.25 secs] 
2016-09-26T00:00:07.683-0400: 72.240: [GC (GCLocker Initiated GC) [PSYoungGen: 89600K->82676K(173568K)] 389130K->387606K(697856K), 0.0068487 secs] [Times: user=0.10 sys=0.01, real=0.00 secs] 
2016-09-26T00:00:07.719-0400: 72.277: [GC (GCLocker Initiated GC) [PSYoungGen: 172276K->77304K(175104K)] 486909K->420162K(699392K), 0.0102325 secs] [Times: user=0.10 sys=0.01, real=0.01 secs] 
2016-09-26T00:00:07.775-0400: 72.332: [GC (GCLocker Initiated GC) [PSYoungGen: 165368K->49641K(175104K)] 510251K->403776K(699392K), 0.0060028 secs] [Times: user=0.06 sys=0.00, real=0.00 secs] 
2016-09-26T00:00:07.822-0400: 72.380: [GC (GCLocker Initiated GC) [PSYoungGen: 137705K->64403K(175104K)] 491915K->445073K(699392K), 0.0110174 secs] [Times: user=0.13 sys=0.00, real=0.00 secs] 
2016-09-26T00:00:07.893-0400: 72.451: [GC (GCLocker Initiated GC) [PSYoungGen: 152467K->62324K(175104K)] 539949K->466551K(699392K), 0.0110914 secs] [Times: user=0.11 sys=0.00, real=0.02 secs] 
2016-09-26T00:00:07.958-0400: 72.515: [GC (GCLocker Initiated GC) [PSYoungGen: 150388K->72717K(175104K)] 557405K->494197K(699392K), 0.0065796 secs] [Times: user=0.09 sys=0.00, real=0.01 secs] 
2016-09-26T00:00:07.999-0400: 72.556: [GC (GCLocker Initiated GC) [PSYoungGen: 160781K->74298K(175104K)] 587794K->514161K(699392K), 0.0085626 secs] [Times: user=0.07 sys=0.00, real=0.01 secs] 
2016-09-26T00:00:08.067-0400: 72.624: [GC (GCLocker Initiated GC) [PSYoungGen: 162362K->38900K(175104K)] 602610K->513777K(699392K), 0.0100635 secs] [Times: user=0.11 sys=0.00, real=0.01 secs] 
2016-09-26T00:00:08.129-0400: 72.686: [GC (GCLocker Initiated GC) [PSYoungGen: 126964K->79712K(175104K)] 607327K->566083K(699392K), 0.0113033 secs] [Times: user=0.14 sys=0.00, real=0.01 secs] 
2016-09-26T00:00:08.140-0400: 72.698: [Full GC (Ergonomics) [PSYoungGen: 79712K->0K(175104K)] [ParOldGen: 486370K->309409K(524288K)] 566083K->309409K(699392K), [Metaspace: 43703K->43703K(1087488K)], 0.0603080 secs] [Times: user=0.53 sys=0.01, real=0.06 secs] 
2016-09-26T00:00:08.249-0400: 72.806: [GC (GCLocker Initiated GC) [PSYoungGen: 88064K->78441K(175104K)] 400240K->390618K(699392K), 0.0064317 secs] [Times: user=0.08 sys=0.01, real=0.01 secs] 
2016-09-26T00:00:08.298-0400: 72.856: [GC (GCLocker Initiated GC) [PSYoungGen: 166505K->65086K(175104K)] 480093K->399892K(699392K), 0.0112392 secs] [Times: user=0.15 sys=0.00, real=0.01 secs] 
2016-09-26T00:00:08.377-0400: 72.934: [GC (GCLocker Initiated GC) [PSYoungGen: 153150K->48517K(175104K)] 494944K->415771K(699392K), 0.0103927 secs] [Times: user=0.11 sys=0.01, real=0.01 secs] 
2016-09-26T00:00:08.441-0400: 72.999: [GC (GCLocker Initiated GC) [PSYoungGen: 136581K->74178K(175104K)] 506633K->457295K(699392K), 0.0064792 secs] [Times: user=0.08 sys=0.01, real=0.01 secs] 
2016-09-26T00:00:08.478-0400: 73.035: [GC (GCLocker Initiated GC) [PSYoungGen: 162242K->70149K(175104K)] 545616K->493460K(699392K), 0.0076997 secs] [Times: user=0.12 sys=0.00, real=0.01 secs] 
2016-09-26T00:00:08.546-0400: 73.104: [GC (GCLocker Initiated GC) [PSYoungGen: 158213K->77123K(175104K)] 582981K->524322K(699392K), 0.0129941 secs] [Times: user=0.17 sys=0.00, real=0.01 secs] 
2016-09-26T00:00:08.629-0400: 73.186: [GC (GCLocker Initiated GC) [PSYoungGen: 165187K->40461K(175104K)] 618050K->526751K(699392K), 0.0065892 secs] [Times: user=0.06 sys=0.00, real=0.01 secs] 
2016-09-26T00:00:08.635-0400: 73.193: [Full GC (Ergonomics) [PSYoungGen: 40461K->0K(175104K)] [ParOldGen: 486289K->302274K(524288K)] 526751K->302274K(699392K), [Metaspace: 43705K->43705K(1087488K)], 0.0480524 secs] [Times: user=0.41 sys=0.01, real=0.05 secs] 
2016-09-26T00:00:08.717-0400: 73.275: [GC (GCLocker Initiated GC) [PSYoungGen: 88064K->86862K(175104K)] 393171K->394670K(699392K), 0.0113510 secs] [Times: user=0.11 sys=0.02, real=0.01 secs] 
2016-09-26T00:00:08.801-0400: 73.358: [GC (GCLocker Initiated GC) [PSYoungGen: 174926K->67449K(175104K)] 485758K->405291K(699392K), 0.0122432 secs] [Times: user=0.17 sys=0.00, real=0.01 secs] 
2016-09-26T00:00:08.871-0400: 73.428: [GC (GCLocker Initiated GC) [PSYoungGen: 155513K->49765K(175104K)] 493500K->414206K(699392K), 0.0065765 secs] [Times: user=0.08 sys=0.00, real=0.01 secs] 
2016-09-26T00:00:08.913-0400: 73.470: [GC (Allocation Failure) [PSYoungGen: 137829K->63662K(175104K)] 514639K->446633K(699392K), 0.0086755 secs] [Times: user=0.10 sys=0.00, real=0.01 secs] 
2016-09-26T00:00:08.985-0400: 73.542: [GC (GCLocker Initiated GC) [PSYoungGen: 151709K->53855K(175104K)] 541513K->463757K(699392K), 0.0136663 secs] [Times: user=0.10 sys=0.01, real=0.01 secs] 
2016-09-26T00:00:09.075-0400: 73.632: [GC (GCLocker Initiated GC) [PSYoungGen: 141919K->29419K(175104K)] 555956K->458988K(699392K), 0.0063698 secs] [Times: user=0.06 sys=0.00, real=0.00 secs] 
2016-09-26T00:00:09.109-0400: 73.666: [GC (GCLocker Initiated GC) [PSYoungGen: 117483K->59095K(175104K)] 547456K->496571K(699392K), 0.0076402 secs] [Times: user=0.08 sys=0.01, real=0.01 secs] 
2016-09-26T00:00:09.168-0400: 73.726: [GC (GCLocker Initiated GC) [PSYoungGen: 147159K->68685K(175104K)] 594240K->538176K(699392K), 0.0104225 secs] [Times: user=0.13 sys=0.01, real=0.01 secs] 
2016-09-26T00:00:09.246-0400: 73.803: [GC (GCLocker Initiated GC) [PSYoungGen: 156749K->66100K(175104K)] 633129K->562085K(699392K), 0.0105639 secs] [Times: user=0.14 sys=0.01, real=0.01 secs] 
2016-09-26T00:00:09.257-0400: 73.814: [Full GC (Ergonomics) [PSYoungGen: 66100K->0K(175104K)] [ParOldGen: 495985K->309709K(524288K)] 562085K->309709K(699392K), [Metaspace: 43709K->43709K(1087488K)], 0.0697027 secs] [Times: user=0.52 sys=0.01, real=0.07 secs] 
2016-09-26T00:00:09.363-0400: 73.920: [GC (GCLocker Initiated GC) [PSYoungGen: 88064K->84566K(175104K)] 411392K->407895K(699392K), 0.0070413 secs] [Times: user=0.10 sys=0.00, real=0.00 secs] 
2016-09-26T00:00:09.427-0400: 73.984: [GC (GCLocker Initiated GC) [PSYoungGen: 172630K->38921K(175104K)] 496234K->401981K(699392K), 0.0089410 secs] [Times: user=0.08 sys=0.00, real=0.01 secs] 
2016-09-26T00:00:09.471-0400: 74.028: [GC (GCLocker Initiated GC) [PSYoungGen: 126985K->79517K(175104K)] 492911K->459541K(699392K), 0.0123944 secs] [Times: user=0.18 sys=0.00, real=0.02 secs] 
2016-09-26T00:00:09.536-0400: 74.094: [GC (GCLocker Initiated GC) [PSYoungGen: 167581K->75711K(175104K)] 555865K->475528K(699392K), 0.0124022 secs] [Times: user=0.19 sys=0.00, real=0.01 secs] 
2016-09-26T00:00:09.593-0400: 74.150: [GC (GCLocker Initiated GC) [PSYoungGen: 163775K->68749K(175104K)] 566340K->484401K(699392K), 0.0093773 secs] [Times: user=0.11 sys=0.00, real=0.02 secs] 
2016-09-26T00:00:09.653-0400: 74.210: [GC (GCLocker Initiated GC) [PSYoungGen: 156813K->76965K(175104K)] 575224K->513792K(699392K), 0.0095450 secs] [Times: user=0.15 sys=0.00, real=0.02 secs] 
2016-09-26T00:00:09.706-0400: 74.264: [GC (GCLocker Initiated GC) [PSYoungGen: 165029K->75595K(175104K)] 602062K->537870K(699392K), 0.0096811 secs] [Times: user=0.11 sys=0.00, real=0.01 secs] 
2016-09-26T00:00:09.760-0400: 74.318: [GC (GCLocker Initiated GC) [PSYoungGen: 163659K->77081K(175104K)] 635520K->560627K(699392K), 0.0098564 secs] [Times: user=0.09 sys=0.00, real=0.01 secs] 
2016-09-26T00:00:09.814-0400: 74.371: [Full GC (Ergonomics) [PSYoungGen: 165145K->0K(175104K)] [ParOldGen: 490741K->316094K(524288K)] 655886K->316094K(699392K), [Metaspace: 43716K->43716K(1087488K)], 0.0540911 secs] [Times: user=0.48 sys=0.00, real=0.06 secs] 
2016-09-26T00:00:09.912-0400: 74.469: [GC (GCLocker Initiated GC) [PSYoungGen: 88064K->75640K(175104K)] 404617K->392194K(699392K), 0.0065750 secs] [Times: user=0.09 sys=0.01, real=0.01 secs] 
2016-09-26T00:00:09.957-0400: 74.514: [GC (GCLocker Initiated GC) [PSYoungGen: 163704K->79569K(175104K)] 485774K->420115K(699392K), 0.0075575 secs] [Times: user=0.12 sys=0.00, real=0.01 secs] 
2016-09-26T00:00:10.017-0400: 74.575: [GC (GCLocker Initiated GC) [PSYoungGen: 167633K->78103K(175104K)] 509048K->428387K(699392K), 0.0087038 secs] [Times: user=0.13 sys=0.01, real=0.01 secs] 
2016-09-26T00:00:10.061-0400: 74.618: [GC (GCLocker Initiated GC) [PSYoungGen: 166167K->57849K(175104K)] 516637K->440166K(699392K), 0.0091546 secs] [Times: user=0.10 sys=0.00, real=0.01 secs] 
2016-09-26T00:00:10.113-0400: 74.670: [GC (GCLocker Initiated GC) [PSYoungGen: 145913K->68801K(175104K)] 531093K->478927K(699392K), 0.0090395 secs] [Times: user=0.11 sys=0.00, real=0.01 secs] 
2016-09-26T00:00:10.173-0400: 74.731: [GC (GCLocker Initiated GC) [PSYoungGen: 156865K->47277K(175104K)] 572506K->490751K(699392K), 0.0082058 secs] [Times: user=0.12 sys=0.00, real=0.01 secs] 
2016-09-26T00:00:10.215-0400: 74.773: [GC (GCLocker Initiated GC) [PSYoungGen: 135341K->86902K(175104K)] 578877K->551636K(699392K), 0.0101718 secs] [Times: user=0.13 sys=0.01, real=0.01 secs] 
2016-09-26T00:00:10.275-0400: 74.832: [GC (GCLocker Initiated GC) [PSYoungGen: 174966K->46945K(175104K)] 643330K->532714K(699392K), 0.0245411 secs] [Times: user=0.30 sys=0.00, real=0.02 secs] 
2016-09-26T00:00:10.299-0400: 74.857: [Full GC (Ergonomics) [PSYoungGen: 46945K->0K(175104K)] [ParOldGen: 485768K->320186K(524288K)] 532714K->320186K(699392K), [Metaspace: 43723K->43723K(1087488K)], 0.0559075 secs] [Times: user=0.49 sys=0.01, real=0.06 secs] 
2016-09-26T00:00:10.400-0400: 74.957: [GC (GCLocker Initiated GC) [PSYoungGen: 88064K->79739K(175104K)] 408335K->400010K(699392K), 0.0065788 secs] [Times: user=0.09 sys=0.00, real=0.01 secs] 
2016-09-26T00:00:10.447-0400: 75.004: [GC (GCLocker Initiated GC) [PSYoungGen: 167803K->77000K(175104K)] 490941K->411917K(699392K), 0.0091000 secs] [Times: user=0.14 sys=0.00, real=0.01 secs] 
2016-09-26T00:00:10.506-0400: 75.064: [GC (GCLocker Initiated GC) [PSYoungGen: 165064K->59484K(175104K)] 512509K->432148K(699392K), 0.0090862 secs] [Times: user=0.13 sys=0.00, real=0.01 secs] 
2016-09-26T00:00:10.566-0400: 75.123: [GC (Allocation Failure) [PSYoungGen: 147548K->54992K(175104K)] 528397K->439379K(699392K), 0.0065163 secs] [Times: user=0.07 sys=0.00, real=0.00 secs] 
2016-09-26T00:00:10.603-0400: 75.160: [GC (GCLocker Initiated GC) [PSYoungGen: 143056K->72677K(175104K)] 527451K->467094K(699392K), 0.0132552 secs] [Times: user=0.16 sys=0.00, real=0.01 secs] 
2016-09-26T00:00:10.662-0400: 75.220: [GC (GCLocker Initiated GC) [PSYoungGen: 160741K->60659K(175104K)] 560674K->476149K(699392K), 0.0107520 secs] [Times: user=0.12 sys=0.00, real=0.00 secs] 
2016-09-26T00:00:10.715-0400: 75.272: [GC (GCLocker Initiated GC) [PSYoungGen: 148723K->60617K(175104K)] 564413K->500112K(699392K), 0.0096765 secs] [Times: user=0.10 sys=0.00, real=0.01 secs] 
2016-09-26T00:00:10.765-0400: 75.322: [GC (GCLocker Initiated GC) [PSYoungGen: 148681K->67471K(175104K)] 592346K->542936K(699392K), 0.0091492 secs] [Times: user=0.12 sys=0.00, real=0.00 secs] 
2016-09-26T00:00:10.818-0400: 75.376: [GC (GCLocker Initiated GC) [PSYoungGen: 155535K->55140K(175104K)] 633956K->578993K(699392K), 0.0100088 secs] [Times: user=0.15 sys=0.00, real=0.01 secs] 
2016-09-26T00:00:10.829-0400: 75.386: [Full GC (Ergonomics) [PSYoungGen: 55140K->0K(175104K)] [ParOldGen: 523852K->328295K(524288K)] 578993K->328295K(699392K), [Metaspace: 43723K->43723K(1087488K)], 0.0664158 secs] [Times: user=0.58 sys=0.01, real=0.07 secs] 
2016-09-26T00:00:10.950-0400: 75.507: [GC (GCLocker Initiated GC) [PSYoungGen: 88064K->54256K(175104K)] 423238K->389439K(699392K), 0.0088960 secs] [Times: user=0.07 sys=0.00, real=0.01 secs] 
2016-09-26T00:00:10.997-0400: 75.554: [GC (GCLocker Initiated GC) [PSYoungGen: 142320K->79803K(175104K)] 480420K->427185K(699392K), 0.0097011 secs] [Times: user=0.14 sys=0.00, real=0.01 secs] 
2016-09-26T00:00:11.061-0400: 75.619: [GC (GCLocker Initiated GC) [PSYoungGen: 167867K->52458K(175104K)] 519309K->434622K(699392K), 0.0100195 secs] [Times: user=0.10 sys=0.02, real=0.01 secs] 
2016-09-26T00:00:11.098-0400: 75.655: [GC (GCLocker Initiated GC) [PSYoungGen: 140522K->78218K(175104K)] 522796K->471958K(699392K), 0.0212654 secs] [Times: user=0.20 sys=0.00, real=0.02 secs] 
2016-09-26T00:00:11.172-0400: 75.730: [GC (GCLocker Initiated GC) [PSYoungGen: 166282K->37640K(175104K)] 560127K->475582K(699392K), 0.0068667 secs] [Times: user=0.08 sys=0.00, real=0.01 secs] 
2016-09-26T00:00:11.222-0400: 75.779: [GC (GCLocker Initiated GC) [PSYoungGen: 125704K->44702K(175104K)] 566426K->519964K(699392K), 0.0082501 secs] [Times: user=0.08 sys=0.00, real=0.00 secs] 
2016-09-26T00:00:11.231-0400: 75.788: [Full GC (Ergonomics) [PSYoungGen: 44702K->0K(175104K)] [ParOldGen: 475262K->322689K(524288K)] 519964K->322689K(699392K), [Metaspace: 43725K->43725K(1087488K)], 0.0627705 secs] [Times: user=0.39 sys=0.01, real=0.06 secs] 
2016-09-26T00:00:11.345-0400: 75.903: [GC (GCLocker Initiated GC) [PSYoungGen: 88064K->70655K(175104K)] 413656K->396248K(699392K), 0.0065115 secs] [Times: user=0.08 sys=0.00, real=0.00 secs] 
2016-09-26T00:00:11.402-0400: 75.959: [GC (GCLocker Initiated GC) [PSYoungGen: 158719K->48657K(175104K)] 489801K->404086K(699392K), 0.0063745 secs] [Times: user=0.09 sys=0.01, real=0.00 secs] 
2016-09-26T00:00:11.456-0400: 76.014: [GC (GCLocker Initiated GC) [PSYoungGen: 136721K->60885K(175104K)] 499017K->452507K(699392K), 0.0071781 secs] [Times: user=0.09 sys=0.01, real=0.01 secs] 
2016-09-26T00:00:11.514-0400: 76.071: [GC (GCLocker Initiated GC) [PSYoungGen: 148949K->48411K(175104K)] 540817K->469615K(699392K), 0.0089405 secs] [Times: user=0.08 sys=0.02, real=0.02 secs] 
2016-09-26T00:00:11.562-0400: 76.119: [GC (GCLocker Initiated GC) [PSYoungGen: 136475K->62024K(175104K)] 557766K->505757K(699392K), 0.0090842 secs] [Times: user=0.11 sys=0.01, real=0.01 secs] 
2016-09-26T00:00:11.609-0400: 76.167: [GC (GCLocker Initiated GC) [PSYoungGen: 150088K->73089K(175104K)] 593937K->535294K(699392K), 0.0101847 secs] [Times: user=0.11 sys=0.00, real=0.01 secs] 
2016-09-26T00:00:11.662-0400: 76.219: [GC (GCLocker Initiated GC) [PSYoungGen: 161153K->37617K(175104K)] 627488K->523803K(699392K), 0.0089862 secs] [Times: user=0.09 sys=0.00, real=0.01 secs] 
2016-09-26T00:00:11.671-0400: 76.228: [Full GC (Ergonomics) [PSYoungGen: 37617K->0K(175104K)] [ParOldGen: 486186K->325930K(524288K)] 523803K->325930K(699392K), [Metaspace: 43725K->43725K(1087488K)], 0.0564377 secs] [Times: user=0.43 sys=0.01, real=0.06 secs] 
2016-09-26T00:00:11.774-0400: 76.331: [GC (GCLocker Initiated GC) [PSYoungGen: 88064K->70643K(175104K)] 416844K->399423K(699392K), 0.0087721 secs] [Times: user=0.11 sys=0.00, real=0.02 secs] 
2016-09-26T00:00:11.836-0400: 76.393: [GC (GCLocker Initiated GC) [PSYoungGen: 158707K->63359K(175104K)] 487633K->423358K(699392K), 0.0105516 secs] [Times: user=0.14 sys=0.00, real=0.01 secs] 
2016-09-26T00:00:11.885-0400: 76.442: [GC (GCLocker Initiated GC) [PSYoungGen: 151423K->68974K(175104K)] 511450K->451385K(699392K), 0.0143309 secs] [Times: user=0.21 sys=0.01, real=0.01 secs] 
2016-09-26T00:00:11.951-0400: 76.509: [GC (GCLocker Initiated GC) [PSYoungGen: 157038K->53923K(175104K)] 542245K->457662K(699392K), 0.0129551 secs] [Times: user=0.19 sys=0.01, real=0.02 secs] 
2016-09-26T00:00:11.997-0400: 76.555: [GC (GCLocker Initiated GC) [PSYoungGen: 141987K->71381K(175104K)] 551375K->497746K(699392K), 0.0106459 secs] [Times: user=0.12 sys=0.00, real=0.01 secs] 
2016-09-26T00:00:12.055-0400: 76.613: [GC (GCLocker Initiated GC) [PSYoungGen: 159445K->71315K(175104K)] 586183K->519117K(699392K), 0.0072374 secs] [Times: user=0.10 sys=0.00, real=0.01 secs] 
2016-09-26T00:00:12.105-0400: 76.662: [GC (GCLocker Initiated GC) [PSYoungGen: 159379K->53989K(175104K)] 612734K->541749K(699392K), 0.0070125 secs] [Times: user=0.08 sys=0.01, real=0.00 secs] 
2016-09-26T00:00:12.112-0400: 76.669: [Full GC (Ergonomics) [PSYoungGen: 53989K->0K(175104K)] [ParOldGen: 487760K->331741K(524288K)] 541749K->331741K(699392K), [Metaspace: 43725K->43725K(1087488K)], 0.0569510 secs] [Times: user=0.48 sys=0.01, real=0.06 secs] 
2016-09-26T00:00:12.213-0400: 76.770: [GC (GCLocker Initiated GC) [PSYoungGen: 88064K->66563K(175104K)] 419885K->398384K(699392K), 0.0101379 secs] [Times: user=0.12 sys=0.00, real=0.02 secs] 
2016-09-26T00:00:12.276-0400: 76.833: [GC (GCLocker Initiated GC) [PSYoungGen: 154627K->47144K(175104K)] 489357K->406203K(699392K), 0.0069908 secs] [Times: user=0.09 sys=0.00, real=0.01 secs] 
2016-09-26T00:00:12.322-0400: 76.880: [GC (GCLocker Initiated GC) [PSYoungGen: 135208K->47183K(175104K)] 497109K->439540K(699392K), 0.0088142 secs] [Times: user=0.10 sys=0.00, real=0.00 secs] 
2016-09-26T00:00:12.373-0400: 76.931: [GC (GCLocker Initiated GC) [PSYoungGen: 135247K->53772K(174080K)] 533202K->476978K(698368K), 0.0085535 secs] [Times: user=0.07 sys=0.00, real=0.01 secs] 
2016-09-26T00:00:12.436-0400: 76.993: [GC (GCLocker Initiated GC) [PSYoungGen: 141836K->57994K(146432K)] 565099K->500852K(670720K), 0.0141089 secs] [Times: user=0.12 sys=0.00, real=0.01 secs] 
2016-09-26T00:00:12.480-0400: 77.037: [GC (GCLocker Initiated GC) [PSYoungGen: 146058K->53832K(175104K)] 589200K->523490K(699392K), 0.0168746 secs] [Times: user=0.15 sys=0.00, real=0.02 secs] 
2016-09-26T00:00:12.554-0400: 77.111: [GC (GCLocker Initiated GC) [PSYoungGen: 144968K->62204K(173568K)] 620116K->561112K(697856K), 0.0154397 secs] [Times: user=0.18 sys=0.00, real=0.02 secs] 
2016-09-26T00:00:12.569-0400: 77.127: [Full GC (Ergonomics) [PSYoungGen: 62204K->0K(173568K)] [ParOldGen: 498907K->342994K(524288K)] 561112K->342994K(697856K), [Metaspace: 43725K->43725K(1087488K)], 0.0620675 secs] [Times: user=0.53 sys=0.00, real=0.06 secs] 
2016-09-26T00:00:12.685-0400: 77.243: [GC (GCLocker Initiated GC) [PSYoungGen: 91136K->62553K(178176K)] 440974K->412391K(702464K), 0.0060319 secs] [Times: user=0.06 sys=0.00, real=0.00 secs] 
2016-09-26T00:00:12.732-0400: 77.290: [GC (GCLocker Initiated GC) [PSYoungGen: 159321K->47323K(177152K)] 517350K->406533K(701440K), 0.0059984 secs] [Times: user=0.06 sys=0.00, real=0.01 secs] 
2016-09-26T00:00:12.780-0400: 77.338: [GC (GCLocker Initiated GC) [PSYoungGen: 144091K->69801K(177664K)] 503479K->457316K(701952K), 0.0083060 secs] [Times: user=0.09 sys=0.00, real=0.01 secs] 
2016-09-26T00:00:12.831-0400: 77.388: [GC (GCLocker Initiated GC) [PSYoungGen: 167081K->70216K(167936K)] 564240K->484066K(692224K), 0.0109796 secs] [Times: user=0.12 sys=0.03, real=0.02 secs] 
2016-09-26T00:00:12.937-0400: 77.495: [GC (Allocation Failure) [PSYoungGen: 167496K->62008K(179200K)] 593612K->511801K(703488K), 0.0138029 secs] [Times: user=0.15 sys=0.00, real=0.01 secs] 
2016-09-26T00:00:12.952-0400: 77.509: [GC (GCLocker Initiated GC) [PSYoungGen: 65086K->2860K(97792K)] 514879K->518340K(622080K), 0.0093522 secs] [Times: user=0.10 sys=0.00, real=0.01 secs] 
2016-09-26T00:00:12.961-0400: 77.519: [Full GC (Ergonomics) [PSYoungGen: 2860K->0K(97792K)] [ParOldGen: 515479K->345236K(524288K)] 518340K->345236K(622080K), [Metaspace: 43731K->43731K(1087488K)], 0.0558106 secs] [Times: user=0.44 sys=0.02, real=0.06 secs] 
2016-09-26T00:00:13.082-0400: 77.640: [GC (GCLocker Initiated GC) [PSYoungGen: 92509K->48982K(175104K)] 440446K->396919K(699392K), 0.0089803 secs] [Times: user=0.09 sys=0.00, real=0.00 secs] 
2016-09-26T00:00:13.148-0400: 77.706: [GC (GCLocker Initiated GC) [PSYoungGen: 137046K->75412K(175104K)] 493183K->439497K(699392K), 0.0180509 secs] [Times: user=0.15 sys=0.01, real=0.02 secs] 
2016-09-26T00:00:13.210-0400: 77.768: [GC (GCLocker Initiated GC) [PSYoungGen: 163476K->69930K(175104K)] 527685K->446954K(699392K), 0.0074974 secs] [Times: user=0.10 sys=0.01, real=0.01 secs] 
2016-09-26T00:00:13.253-0400: 77.810: [GC (GCLocker Initiated GC) [PSYoungGen: 157994K->63358K(175104K)] 537816K->462688K(699392K), 0.0096686 secs] [Times: user=0.08 sys=0.00, real=0.02 secs] 
2016-09-26T00:00:13.322-0400: 77.879: [GC (GCLocker Initiated GC) [PSYoungGen: 151422K->38852K(175104K)] 556230K->459269K(699392K), 0.0112987 secs] [Times: user=0.14 sys=0.00, real=0.02 secs] 
2016-09-26T00:00:13.386-0400: 77.943: [GC (GCLocker Initiated GC) [PSYoungGen: 126916K->70031K(175104K)] 547455K->523755K(699392K), 0.0217139 secs] [Times: user=0.20 sys=0.00, real=0.02 secs] 
2016-09-26T00:00:13.450-0400: 78.007: [GC (GCLocker Initiated GC) [PSYoungGen: 158095K->67342K(175104K)] 621395K->543549K(699392K), 0.0092212 secs] [Times: user=0.09 sys=0.01, real=0.01 secs] 
2016-09-26T00:00:13.459-0400: 78.017: [Full GC (Ergonomics) [PSYoungGen: 67342K->0K(175104K)] [ParOldGen: 476207K->345679K(524288K)] 543549K->345679K(699392K), [Metaspace: 43734K->43734K(1087488K)], 0.0825551 secs] [Times: user=0.48 sys=0.01, real=0.08 secs] 
2016-09-26T00:00:13.609-0400: 78.166: [GC (GCLocker Initiated GC) [PSYoungGen: 88064K->66365K(175104K)] 435458K->413759K(699392K), 0.0214184 secs] [Times: user=0.23 sys=0.01, real=0.02 secs] 
2016-09-26T00:00:13.662-0400: 78.220: [GC (GCLocker Initiated GC) [PSYoungGen: 154429K->40010K(175104K)] 505990K->414321K(699392K), 0.0210687 secs] [Times: user=0.21 sys=0.00, real=0.02 secs] 
2016-09-26T00:00:13.736-0400: 78.294: [GC (GCLocker Initiated GC) [PSYoungGen: 128074K->49978K(175104K)] 510573K->468225K(699392K), 0.0151513 secs] [Times: user=0.21 sys=0.00, real=0.01 secs] 
2016-09-26T00:00:13.834-0400: 78.391: [GC (GCLocker Initiated GC) [PSYoungGen: 138042K->48180K(175104K)] 561745K->487555K(699392K), 0.0097456 secs] [Times: user=0.11 sys=0.00, real=0.02 secs] 
2016-09-26T00:00:13.879-0400: 78.437: [GC (GCLocker Initiated GC) [PSYoungGen: 136244K->45704K(175104K)] 579787K->516954K(699392K), 0.0100428 secs] [Times: user=0.10 sys=0.00, real=0.01 secs] 
2016-09-26T00:00:13.928-0400: 78.486: [Full GC (Ergonomics) [PSYoungGen: 133768K->0K(175104K)] [ParOldGen: 476786K->345544K(524288K)] 610555K->345544K(699392K), [Metaspace: 43734K->43734K(1087488K)], 0.0896321 secs] [Times: user=0.76 sys=0.01, real=0.09 secs] 
2016-09-26T00:00:14.088-0400: 78.645: [GC (GCLocker Initiated GC) [PSYoungGen: 88064K->59497K(173056K)] 439101K->410535K(697344K), 0.0117238 secs] [Times: user=0.16 sys=0.01, real=0.01 secs] 
2016-09-26T00:00:14.134-0400: 78.691: [GC (GCLocker Initiated GC) [PSYoungGen: 147561K->66114K(174080K)] 504191K->446734K(698368K), 0.0075093 secs] [Times: user=0.12 sys=0.00, real=0.01 secs] 
2016-09-26T00:00:14.213-0400: 78.770: [GC (GCLocker Initiated GC) [PSYoungGen: 154178K->75458K(175104K)] 537811K->476166K(699392K), 0.0114148 secs] [Times: user=0.18 sys=0.00, real=0.02 secs] 
2016-09-26T00:00:14.290-0400: 78.848: [GC (GCLocker Initiated GC) [PSYoungGen: 163522K->72827K(175104K)] 567159K->510974K(699392K), 0.0090230 secs] [Times: user=0.12 sys=0.00, real=0.01 secs] 
2016-09-26T00:00:14.335-0400: 78.893: [GC (GCLocker Initiated GC) [PSYoungGen: 160891K->61958K(175104K)] 599189K->525297K(699392K), 0.0079178 secs] [Times: user=0.10 sys=0.01, real=0.01 secs] 
2016-09-26T00:00:14.372-0400: 78.930: [GC (GCLocker Initiated GC) [PSYoungGen: 150022K->76884K(175104K)] 619030K->580338K(699392K), 0.0204675 secs] [Times: user=0.30 sys=0.01, real=0.02 secs] 
2016-09-26T00:00:14.393-0400: 78.950: [Full GC (Ergonomics) [PSYoungGen: 76884K->0K(175104K)] [ParOldGen: 503454K->355349K(524288K)] 580338K->355349K(699392K), [Metaspace: 43736K->43736K(1087488K)], 0.0551133 secs] [Times: user=0.47 sys=0.00, real=0.06 secs] 
2016-09-26T00:00:14.507-0400: 79.065: [GC (GCLocker Initiated GC) [PSYoungGen: 88064K->63327K(175104K)] 443506K->418769K(699392K), 0.0057612 secs] [Times: user=0.08 sys=0.00, real=0.00 secs] 
2016-09-26T00:00:14.547-0400: 79.105: [GC (GCLocker Initiated GC) [PSYoungGen: 151391K->82436K(175104K)] 509677K->455009K(699392K), 0.0101108 secs] [Times: user=0.11 sys=0.00, real=0.01 secs] 
2016-09-26T00:00:14.619-0400: 79.176: [GC (GCLocker Initiated GC) [PSYoungGen: 170500K->52784K(175104K)] 555450K->460321K(699392K), 0.0065164 secs] [Times: user=0.08 sys=0.01, real=0.01 secs] 
2016-09-26T00:00:14.681-0400: 79.238: [GC (GCLocker Initiated GC) [PSYoungGen: 140848K->46648K(175104K)] 554003K->477032K(699392K), 0.0093305 secs] [Times: user=0.08 sys=0.00, real=0.01 secs] 
2016-09-26T00:00:14.729-0400: 79.286: [GC (GCLocker Initiated GC) [PSYoungGen: 134712K->71873K(175104K)] 573407K->528642K(699392K), 0.0100539 secs] [Times: user=0.14 sys=0.00, real=0.01 secs] 
2016-09-26T00:00:14.790-0400: 79.348: [GC (GCLocker Initiated GC) [PSYoungGen: 159937K->63207K(175104K)] 623248K->538360K(699392K), 0.0108598 secs] [Times: user=0.09 sys=0.01, real=0.01 secs] 
2016-09-26T00:00:14.850-0400: 79.407: [GC (GCLocker Initiated GC) [PSYoungGen: 151271K->33378K(175104K)] 630522K->525438K(699392K), 0.0177596 secs] [Times: user=0.14 sys=0.01, real=0.02 secs] 
2016-09-26T00:00:14.868-0400: 79.425: [Full GC (Ergonomics) [PSYoungGen: 33378K->0K(175104K)] [ParOldGen: 492060K->343930K(524288K)] 525438K->343930K(699392K), [Metaspace: 43736K->43736K(1087488K)], 0.0762220 secs] [Times: user=0.49 sys=0.02, real=0.08 secs] 
2016-09-26T00:00:14.986-0400: 79.543: [GC (GCLocker Initiated GC) [PSYoungGen: 88064K->76306K(175104K)] 436119K->424361K(699392K), 0.0135394 secs] [Times: user=0.13 sys=0.00, real=0.01 secs] 
2016-09-26T00:00:15.050-0400: 79.607: [GC (GCLocker Initiated GC) [PSYoungGen: 164370K->75375K(175104K)] 520651K->471137K(699392K), 0.0130801 secs] [Times: user=0.16 sys=0.00, real=0.02 secs] 
2016-09-26T00:00:15.109-0400: 79.666: [GC (GCLocker Initiated GC) [PSYoungGen: 163439K->49870K(175104K)] 561943K->488134K(699392K), 0.0090832 secs] [Times: user=0.13 sys=0.00, real=0.01 secs] 
2016-09-26T00:00:15.170-0400: 79.727: [GC (GCLocker Initiated GC) [PSYoungGen: 137934K->62343K(175104K)] 581675K->523042K(699392K), 0.0096791 secs] [Times: user=0.10 sys=0.00, real=0.01 secs] 
2016-09-26T00:00:15.231-0400: 79.788: [GC (GCLocker Initiated GC) [PSYoungGen: 150407K->58251K(175104K)] 616606K->567390K(699392K), 0.0072759 secs] [Times: user=0.10 sys=0.00, real=0.01 secs] 
2016-09-26T00:00:15.238-0400: 79.796: [Full GC (Ergonomics) [PSYoungGen: 58251K->0K(175104K)] [ParOldGen: 509138K->349417K(524288K)] 567390K->349417K(699392K), [Metaspace: 43736K->43736K(1087488K)], 0.0517782 secs] [Times: user=0.44 sys=0.00, real=0.05 secs] 
2016-09-26T00:00:15.336-0400: 79.893: [GC (GCLocker Initiated GC) [PSYoungGen: 88064K->67828K(175104K)] 443019K->422783K(699392K), 0.0081252 secs] [Times: user=0.11 sys=0.00, real=0.01 secs] 
2016-09-26T00:00:15.389-0400: 79.946: [GC (Allocation Failure) [PSYoungGen: 155892K->72834K(175104K)] 513680K->443999K(699392K), 0.0101392 secs] [Times: user=0.16 sys=0.01, real=0.01 secs] 
2016-09-26T00:00:15.448-0400: 80.006: [GC (GCLocker Initiated GC) [PSYoungGen: 160296K->55434K(175104K)] 534161K->443619K(699392K), 0.0097778 secs] [Times: user=0.09 sys=0.00, real=0.01 secs] 
2016-09-26T00:00:15.493-0400: 80.050: [GC (GCLocker Initiated GC) [PSYoungGen: 143498K->84974K(175104K)] 537555K->496258K(699392K), 0.0102005 secs] [Times: user=0.14 sys=0.00, real=0.02 secs] 
2016-09-26T00:00:15.553-0400: 80.110: [GC (GCLocker Initiated GC) [PSYoungGen: 173038K->41679K(175104K)] 587504K->489315K(699392K), 0.0104229 secs] [Times: user=0.11 sys=0.00, real=0.02 secs] 
2016-09-26T00:00:15.612-0400: 80.169: [GC (GCLocker Initiated GC) [PSYoungGen: 129743K->56474K(175104K)] 581766K->543014K(699392K), 0.0104620 secs] [Times: user=0.14 sys=0.00, real=0.02 secs] 
2016-09-26T00:00:15.623-0400: 80.180: [Full GC (Ergonomics) [PSYoungGen: 56474K->0K(175104K)] [ParOldGen: 486540K->352543K(524288K)] 543014K->352543K(699392K), [Metaspace: 43736K->43736K(1087488K)], 0.0645583 secs] [Times: user=0.52 sys=0.00, real=0.06 secs] 
2016-09-26T00:00:15.723-0400: 80.280: [GC (GCLocker Initiated GC) [PSYoungGen: 88064K->73360K(175104K)] 440682K->425979K(699392K), 0.0068984 secs] [Times: user=0.09 sys=0.00, real=0.00 secs] 
2016-09-26T00:00:15.773-0400: 80.331: [GC (GCLocker Initiated GC) [PSYoungGen: 161424K->64761K(175104K)] 514223K->445850K(699392K), 0.0099712 secs] [Times: user=0.11 sys=0.01, real=0.02 secs] 
2016-09-26T00:00:15.827-0400: 80.385: [GC (GCLocker Initiated GC) [PSYoungGen: 152825K->59749K(175104K)] 536655K->455274K(699392K), 0.0075371 secs] [Times: user=0.06 sys=0.00, real=0.01 secs] 
2016-09-26T00:00:15.888-0400: 80.445: [GC (GCLocker Initiated GC) [PSYoungGen: 147813K->56626K(175104K)] 550207K->472380K(699392K), 0.0095114 secs] [Times: user=0.08 sys=0.00, real=0.01 secs] 
2016-09-26T00:00:15.933-0400: 80.490: [GC (GCLocker Initiated GC) [PSYoungGen: 144690K->66415K(175104K)] 561226K->508150K(699392K), 0.0099710 secs] [Times: user=0.12 sys=0.00, real=0.02 secs] 
2016-09-26T00:00:15.999-0400: 80.557: [GC (GCLocker Initiated GC) [PSYoungGen: 154479K->59310K(147456K)] 604386K->534697K(671744K), 0.0081398 secs] [Times: user=0.11 sys=0.00, real=0.01 secs] 
2016-09-26T00:00:16.061-0400: 80.619: [Full GC (Ergonomics) [PSYoungGen: 147374K->0K(147456K)] [ParOldGen: 479499K->356653K(524288K)] 626874K->356653K(671744K), [Metaspace: 43738K->43738K(1087488K)], 0.0594601 secs] [Times: user=0.53 sys=0.00, real=0.06 secs] 
2016-09-26T00:00:16.161-0400: 80.719: [GC (GCLocker Initiated GC) [PSYoungGen: 88064K->76167K(172032K)] 444786K->432889K(696320K), 0.0083839 secs] [Times: user=0.13 sys=0.00, real=0.01 secs] 
2016-09-26T00:00:16.221-0400: 80.778: [GC (GCLocker Initiated GC) [PSYoungGen: 162695K->64943K(173568K)] 526264K->446032K(697856K), 0.0096128 secs] [Times: user=0.11 sys=0.00, real=0.01 secs] 
2016-09-26T00:00:16.284-0400: 80.841: [GC (GCLocker Initiated GC) [PSYoungGen: 151471K->48793K(174592K)] 543475K->463426K(698880K), 0.0070005 secs] [Times: user=0.10 sys=0.00, real=0.00 secs] 
2016-09-26T00:00:16.340-0400: 80.897: [GC (GCLocker Initiated GC) [PSYoungGen: 136857K->84692K(175104K)] 556947K->507483K(699392K), 0.0071501 secs] [Times: user=0.10 sys=0.01, real=0.01 secs] 
2016-09-26T00:00:16.401-0400: 80.958: [GC (GCLocker Initiated GC) [PSYoungGen: 172756K->38793K(175104K)] 595590K->480991K(699392K), 0.0096363 secs] [Times: user=0.08 sys=0.00, real=0.01 secs] 
2016-09-26T00:00:16.451-0400: 81.008: [GC (GCLocker Initiated GC) [PSYoungGen: 126857K->65292K(175104K)] 575937K->527180K(699392K), 0.0104876 secs] [Times: user=0.13 sys=0.00, real=0.01 secs] 
2016-09-26T00:00:16.515-0400: 81.072: [GC (GCLocker Initiated GC) [PSYoungGen: 153356K->73067K(175104K)] 623452K->555393K(699392K), 0.0084307 secs] [Times: user=0.11 sys=0.00, real=0.01 secs] 
2016-09-26T00:00:16.577-0400: 81.135: [Full GC (Ergonomics) [PSYoungGen: 161131K->0K(175104K)] [ParOldGen: 493231K->369914K(524288K)] 654362K->369914K(699392K), [Metaspace: 43738K->43738K(1087488K)], 0.0615003 secs] [Times: user=0.46 sys=0.00, real=0.06 secs] 
2016-09-26T00:00:16.700-0400: 81.257: [GC (GCLocker Initiated GC) [PSYoungGen: 88064K->61342K(175104K)] 460748K->434027K(699392K), 0.0166524 secs] [Times: user=0.18 sys=0.00, real=0.02 secs] 
2016-09-26T00:00:16.769-0400: 81.327: [GC (GCLocker Initiated GC) [PSYoungGen: 149406K->48149K(175104K)] 527529K->442772K(699392K), 0.0182868 secs] [Times: user=0.20 sys=0.00, real=0.02 secs] 
2016-09-26T00:00:16.824-0400: 81.381: [GC (GCLocker Initiated GC) [PSYoungGen: 136213K->56627K(175104K)] 531032K->481794K(699392K), 0.0138081 secs] [Times: user=0.11 sys=0.00, real=0.01 secs] 
2016-09-26T00:00:16.900-0400: 81.458: [GC (GCLocker Initiated GC) [PSYoungGen: 144691K->52540K(175104K)] 578150K->492404K(699392K), 0.0122726 secs] [Times: user=0.11 sys=0.00, real=0.01 secs] 
2016-09-26T00:00:16.983-0400: 81.541: [GC (GCLocker Initiated GC) [PSYoungGen: 140604K->51116K(139264K)] 584604K->523120K(663552K), 0.0089359 secs] [Times: user=0.09 sys=0.00, real=0.00 secs] 
2016-09-26T00:00:17.031-0400: 81.588: [GC (GCLocker Initiated GC) [PSYoungGen: 139180K->60785K(176128K)] 616663K->565963K(700416K), 0.0117092 secs] [Times: user=0.12 sys=0.00, real=0.02 secs] 
2016-09-26T00:00:17.042-0400: 81.600: [Full GC (Ergonomics) [PSYoungGen: 60785K->0K(176128K)] [ParOldGen: 505177K->373700K(524288K)] 565963K->373700K(700416K), [Metaspace: 43738K->43738K(1087488K)], 0.0561669 secs] [Times: user=0.41 sys=0.01, real=0.05 secs] 
2016-09-26T00:00:17.161-0400: 81.718: [GC (GCLocker Initiated GC) [PSYoungGen: 90112K->53534K(174080K)] 477624K->441046K(698368K), 0.0111322 secs] [Times: user=0.11 sys=0.00, real=0.01 secs] 
2016-09-26T00:00:17.224-0400: 81.782: [GC (GCLocker Initiated GC) [PSYoungGen: 143646K->71167K(172032K)] 531333K->467417K(696320K), 0.0096268 secs] [Times: user=0.12 sys=0.00, real=0.00 secs] 
2016-09-26T00:00:17.278-0400: 81.836: [GC (GCLocker Initiated GC) [PSYoungGen: 160767K->41832K(174592K)] 562473K->479185K(698880K), 0.0148968 secs] [Times: user=0.18 sys=0.00, real=0.01 secs] 
2016-09-26T00:00:17.360-0400: 81.918: [GC (GCLocker Initiated GC) [PSYoungGen: 131432K->60584K(173568K)] 575658K->515273K(697856K), 0.0134219 secs] [Times: user=0.19 sys=0.00, real=0.01 secs] 
2016-09-26T00:00:17.413-0400: 81.970: [GC (GCLocker Initiated GC) [PSYoungGen: 152232K->75683K(175104K)] 607005K->550128K(699392K), 0.0145907 secs] [Times: user=0.21 sys=0.00, real=0.02 secs] 
2016-09-26T00:00:17.482-0400: 82.039: [GC (GCLocker Initiated GC) [PSYoungGen: 167331K->64989K(175616K)] 644551K->574172K(699904K), 0.0096324 secs] [Times: user=0.14 sys=0.00, real=0.01 secs] 
2016-09-26T00:00:17.492-0400: 82.049: [Full GC (Ergonomics) [PSYoungGen: 64989K->0K(175616K)] [ParOldGen: 509183K->359257K(524288K)] 574172K->359257K(699904K), [Metaspace: 43738K->43738K(1087488K)], 0.1503579 secs] [Times: user=2.17 sys=0.02, real=0.16 secs] 
2016-09-26T00:00:17.679-0400: 82.236: [GC (GCLocker Initiated GC) [PSYoungGen: 88576K->82798K(175104K)] 450983K->445205K(699392K), 0.0091160 secs] [Times: user=0.14 sys=0.00, real=0.01 secs] 
2016-09-26T00:00:17.742-0400: 82.299: [GC (GCLocker Initiated GC) [PSYoungGen: 171374K->40313K(175104K)] 536549K->435132K(699392K), 0.0068676 secs] [Times: user=0.06 sys=0.01, real=0.01 secs] 
2016-09-26T00:00:17.775-0400: 82.332: [GC (GCLocker Initiated GC) [PSYoungGen: 128377K->78445K(175104K)] 523357K->491633K(699392K), 0.0082198 secs] [Times: user=0.08 sys=0.01, real=0.01 secs] 
2016-09-26T00:00:17.830-0400: 82.387: [GC (GCLocker Initiated GC) [PSYoungGen: 166509K->53918K(175104K)] 586587K->504688K(699392K), 0.0079649 secs] [Times: user=0.11 sys=0.00, real=0.01 secs] 
2016-09-26T00:00:17.894-0400: 82.452: [GC (GCLocker Initiated GC) [PSYoungGen: 141982K->49901K(175104K)] 599541K->535224K(699392K), 0.0105970 secs] [Times: user=0.12 sys=0.01, real=0.01 secs] 
2016-09-26T00:00:17.905-0400: 82.463: [Full GC (Ergonomics) [PSYoungGen: 49901K->0K(175104K)] [ParOldGen: 485323K->365574K(524288K)] 535224K->365574K(699392K), [Metaspace: 43738K->43738K(1087488K)], 0.0803399 secs] [Times: user=0.66 sys=0.00, real=0.08 secs] 
2016-09-26T00:00:18.022-0400: 82.580: [GC (GCLocker Initiated GC) [PSYoungGen: 88064K->42384K(175104K)] 457790K->412110K(699392K), 0.0058466 secs] [Times: user=0.03 sys=0.01, real=0.00 secs] 
2016-09-26T00:00:18.066-0400: 82.623: [GC (GCLocker Initiated GC) [PSYoungGen: 130448K->58046K(175104K)] 500204K->441350K(699392K), 0.0137097 secs] [Times: user=0.13 sys=0.00, real=0.01 secs] 
2016-09-26T00:00:18.148-0400: 82.705: [GC (GCLocker Initiated GC) [PSYoungGen: 146110K->55170K(175104K)] 529447K->460998K(699392K), 0.0127992 secs] [Times: user=0.13 sys=0.01, real=0.01 secs] 
2016-09-26T00:00:18.219-0400: 82.776: [GC (GCLocker Initiated GC) [PSYoungGen: 143234K->80182K(175104K)] 555919K->492867K(699392K), 0.0077484 secs] [Times: user=0.10 sys=0.00, real=0.01 secs] 
2016-09-26T00:00:18.271-0400: 82.828: [GC (GCLocker Initiated GC) [PSYoungGen: 168246K->53731K(175104K)] 584998K->490813K(699392K), 0.0068753 secs] [Times: user=0.09 sys=0.00, real=0.01 secs] 
2016-09-26T00:00:18.317-0400: 82.875: [GC (GCLocker Initiated GC) [PSYoungGen: 141795K->66004K(175104K)] 578980K->521384K(699392K), 0.0120360 secs] [Times: user=0.14 sys=0.00, real=0.01 secs] 
2016-09-26T00:00:18.400-0400: 82.958: [GC (GCLocker Initiated GC) [PSYoungGen: 154068K->55208K(175104K)] 615068K->552108K(699392K), 0.0120935 secs] [Times: user=0.13 sys=0.01, real=0.01 secs] 
2016-09-26T00:00:18.413-0400: 82.970: [Full GC (Ergonomics) [PSYoungGen: 55208K->0K(175104K)] [ParOldGen: 496899K->374160K(524288K)] 552108K->374160K(699392K), [Metaspace: 43738K->43738K(1087488K)], 0.0684546 secs] [Times: user=0.60 sys=0.01, real=0.07 secs] 
2016-09-26T00:00:18.547-0400: 83.104: [GC (GCLocker Initiated GC) [PSYoungGen: 88064K->60919K(148992K)] 471734K->444590K(673280K), 0.0106516 secs] [Times: user=0.10 sys=0.01, real=0.01 secs] 
2016-09-26T00:00:18.613-0400: 83.171: [GC (GCLocker Initiated GC) [PSYoungGen: 148983K->83378K(172032K)] 535499K->480694K(696320K), 0.0133979 secs] [Times: user=0.16 sys=0.00, real=0.02 secs] 
2016-09-26T00:00:18.675-0400: 83.232: [GC (GCLocker Initiated GC) [PSYoungGen: 169906K->59255K(173568K)] 573091K->499435K(697856K), 0.0082028 secs] [Times: user=0.08 sys=0.00, real=0.01 secs] 
2016-09-26T00:00:18.713-0400: 83.271: [GC (GCLocker Initiated GC) [PSYoungGen: 145783K->75385K(175104K)] 586153K->529826K(699392K), 0.0081097 secs] [Times: user=0.08 sys=0.00, real=0.01 secs] 
2016-09-26T00:00:18.798-0400: 83.356: [GC (GCLocker Initiated GC) [PSYoungGen: 163449K->68858K(175104K)] 620597K->546911K(699392K), 0.0142504 secs] [Times: user=0.16 sys=0.01, real=0.01 secs] 
2016-09-26T00:00:18.869-0400: 83.427: [Full GC (Ergonomics) [PSYoungGen: 156922K->0K(175104K)] [ParOldGen: 479507K->371317K(524288K)] 636430K->371317K(699392K), [Metaspace: 43746K->43746K(1087488K)], 0.0567920 secs] [Times: user=0.49 sys=0.01, real=0.06 secs] 
2016-09-26T00:00:18.983-0400: 83.540: [GC (GCLocker Initiated GC) [PSYoungGen: 88064K->85602K(175104K)] 464939K->465178K(699392K), 0.0141725 secs] [Times: user=0.17 sys=0.00, real=0.01 secs] 
2016-09-26T00:00:19.064-0400: 83.621: [GC (GCLocker Initiated GC) [PSYoungGen: 173666K->48313K(175104K)] 553582K->468777K(699392K), 0.0106226 secs] [Times: user=0.15 sys=0.00, real=0.01 secs] 
2016-09-26T00:00:19.104-0400: 83.662: [GC (GCLocker Initiated GC) [PSYoungGen: 136377K->85152K(175104K)] 559759K->522609K(699392K), 0.0087170 secs] [Times: user=0.12 sys=0.00, real=0.00 secs] 
2016-09-26T00:00:19.160-0400: 83.717: [GC (GCLocker Initiated GC) [PSYoungGen: 173216K->59445K(175104K)] 616482K->534761K(699392K), 0.0082907 secs] [Times: user=0.12 sys=0.00, real=0.01 secs] 
2016-09-26T00:00:19.169-0400: 83.726: [Full GC (Ergonomics) [PSYoungGen: 59445K->0K(175104K)] [ParOldGen: 475315K->370481K(524288K)] 534761K->370481K(699392K), [Metaspace: 43746K->43746K(1087488K)], 0.0762466 secs] [Times: user=0.55 sys=0.02, real=0.08 secs] 
2016-09-26T00:00:19.309-0400: 83.867: [GC (GCLocker Initiated GC) [PSYoungGen: 88064K->79555K(175104K)] 459952K->451444K(699392K), 0.0070006 secs] [Times: user=0.10 sys=0.00, real=0.01 secs] 
2016-09-26T00:00:19.346-0400: 83.903: [GC (GCLocker Initiated GC) [PSYoungGen: 167619K->85113K(175104K)] 550501K->487690K(699392K), 0.0095470 secs] [Times: user=0.10 sys=0.00, real=0.01 secs] 
2016-09-26T00:00:19.403-0400: 83.960: [GC (GCLocker Initiated GC) [PSYoungGen: 173177K->48606K(175104K)] 586745K->479219K(699392K), 0.0167863 secs] [Times: user=0.20 sys=0.00, real=0.01 secs] 
2016-09-26T00:00:19.469-0400: 84.027: [GC (GCLocker Initiated GC) [PSYoungGen: 136670K->46998K(175104K)] 576810K->500165K(699392K), 0.0057470 secs] [Times: user=0.08 sys=0.01, real=0.01 secs] 
2016-09-26T00:00:19.521-0400: 84.079: [GC (GCLocker Initiated GC) [PSYoungGen: 135062K->63198K(175104K)] 595230K->540200K(699392K), 0.0067071 secs] [Times: user=0.10 sys=0.00, real=0.01 secs] 
2016-09-26T00:00:19.576-0400: 84.134: [GC (GCLocker Initiated GC) [PSYoungGen: 151262K->78344K(175104K)] 629760K->566927K(699392K), 0.0098960 secs] [Times: user=0.18 sys=0.00, real=0.01 secs] 
2016-09-26T00:00:19.586-0400: 84.144: [Full GC (Ergonomics) [PSYoungGen: 78344K->0K(175104K)] [ParOldGen: 488582K->372989K(524288K)] 566927K->372989K(699392K), [Metaspace: 43746K->43746K(1087488K)], 0.0621378 secs] [Times: user=0.52 sys=0.01, real=0.06 secs] 
2016-09-26T00:00:19.697-0400: 84.255: [GC (GCLocker Initiated GC) [PSYoungGen: 88064K->79748K(175104K)] 466608K->458292K(699392K), 0.0081898 secs] [Times: user=0.11 sys=0.01, real=0.01 secs] 
2016-09-26T00:00:19.747-0400: 84.304: [GC (GCLocker Initiated GC) [PSYoungGen: 167812K->75711K(175104K)] 554728K->477070K(699392K), 0.0083750 secs] [Times: user=0.14 sys=0.00, real=0.01 secs] 
2016-09-26T00:00:19.818-0400: 84.375: [GC (GCLocker Initiated GC) [PSYoungGen: 163775K->45555K(175104K)] 600809K->501096K(699392K), 0.0126766 secs] [Times: user=0.15 sys=0.01, real=0.01 secs] 
2016-09-26T00:00:19.882-0400: 84.439: [GC (GCLocker Initiated GC) [PSYoungGen: 133619K->50884K(175104K)] 605517K->528791K(699392K), 0.0081821 secs] [Times: user=0.09 sys=0.02, real=0.01 secs] 
2016-09-26T00:00:19.930-0400: 84.487: [GC (GCLocker Initiated GC) [PSYoungGen: 138948K->64639K(175104K)] 616957K->556658K(699392K), 0.0091109 secs] [Times: user=0.09 sys=0.00, real=0.01 secs] 
2016-09-26T00:00:19.939-0400: 84.497: [Full GC (Ergonomics) [PSYoungGen: 64639K->0K(175104K)] [ParOldGen: 492018K->380486K(524288K)] 556658K->380486K(699392K), [Metaspace: 43746K->43746K(1087488K)], 0.0576088 secs] [Times: user=0.47 sys=0.00, real=0.06 secs] 
2016-09-26T00:00:20.047-0400: 84.604: [GC (Allocation Failure) [PSYoungGen: 88064K->72062K(175104K)] 471387K->455386K(699392K), 0.0097498 secs] [Times: user=0.10 sys=0.00, real=0.01 secs] 
2016-09-26T00:00:20.058-0400: 84.615: [GC (GCLocker Initiated GC) [PSYoungGen: 81813K->9450K(175104K)] 465136K->461800K(699392K), 0.0068325 secs] [Times: user=0.09 sys=0.01, real=0.01 secs] 
2016-09-26T00:00:20.121-0400: 84.678: [GC (GCLocker Initiated GC) [PSYoungGen: 97514K->68978K(175104K)] 557982K->546996K(699392K), 0.0098207 secs] [Times: user=0.15 sys=0.01, real=0.01 secs] 
2016-09-26T00:00:20.131-0400: 84.688: [Full GC (Ergonomics) [PSYoungGen: 68978K->0K(175104K)] [ParOldGen: 478018K->386656K(524288K)] 546996K->386656K(699392K), [Metaspace: 43746K->43746K(1087488K)], 0.0646975 secs] [Times: user=0.61 sys=0.00, real=0.07 secs] 
2016-09-26T00:00:20.246-0400: 84.803: [GC (GCLocker Initiated GC) [PSYoungGen: 88064K->73051K(175104K)] 481696K->466684K(699392K), 0.0094901 secs] [Times: user=0.11 sys=0.00, real=0.01 secs] 
2016-09-26T00:00:20.299-0400: 84.857: [GC (GCLocker Initiated GC) [PSYoungGen: 161115K->73936K(175104K)] 557874K->483853K(699392K), 0.0086054 secs] [Times: user=0.09 sys=0.00, real=0.01 secs] 
2016-09-26T00:00:20.348-0400: 84.905: [GC (GCLocker Initiated GC) [PSYoungGen: 162000K->57819K(175104K)] 574731K->487359K(699392K), 0.0071621 secs] [Times: user=0.08 sys=0.00, real=0.01 secs] 
2016-09-26T00:00:20.406-0400: 84.963: [GC (GCLocker Initiated GC) [PSYoungGen: 145883K->53725K(175104K)] 582351K->515144K(699392K), 0.0129707 secs] [Times: user=0.08 sys=0.01, real=0.01 secs] 
2016-09-26T00:00:20.457-0400: 85.014: [GC (GCLocker Initiated GC) [PSYoungGen: 141789K->82114K(175104K)] 603414K->563307K(699392K), 0.0129933 secs] [Times: user=0.10 sys=0.00, real=0.01 secs] 
2016-09-26T00:00:20.523-0400: 85.080: [GC (GCLocker Initiated GC) [PSYoungGen: 170178K->55034K(175104K)] 651445K->578858K(699392K), 0.0105725 secs] [Times: user=0.15 sys=0.01, real=0.00 secs] 
2016-09-26T00:00:20.534-0400: 85.091: [Full GC (Ergonomics) [PSYoungGen: 55034K->0K(175104K)] [ParOldGen: 523823K->378132K(524288K)] 578858K->378132K(699392K), [Metaspace: 43746K->43746K(1087488K)], 0.0585389 secs] [Times: user=0.51 sys=0.00, real=0.06 secs] 
2016-09-26T00:00:20.629-0400: 85.186: [GC (GCLocker Initiated GC) [PSYoungGen: 88064K->81060K(175104K)] 472762K->465758K(699392K), 0.0100005 secs] [Times: user=0.12 sys=0.01, real=0.01 secs] 
2016-09-26T00:00:20.695-0400: 85.252: [GC (GCLocker Initiated GC) [PSYoungGen: 169124K->67120K(175104K)] 556661K->471740K(699392K), 0.0075309 secs] [Times: user=0.09 sys=0.01, real=0.01 secs] 
2016-09-26T00:00:20.741-0400: 85.298: [GC (GCLocker Initiated GC) [PSYoungGen: 155184K->50992K(175104K)] 562609K->468446K(699392K), 0.0064010 secs] [Times: user=0.08 sys=0.00, real=0.01 secs] 
2016-09-26T00:00:20.789-0400: 85.346: [GC (GCLocker Initiated GC) [PSYoungGen: 139056K->71310K(175104K)] 563488K->531516K(699392K), 0.0122918 secs] [Times: user=0.18 sys=0.00, real=0.01 secs] 
2016-09-26T00:00:20.845-0400: 85.402: [GC (GCLocker Initiated GC) [PSYoungGen: 159374K->72589K(175104K)] 630558K->574031K(699392K), 0.0109900 secs] [Times: user=0.15 sys=0.00, real=0.01 secs] 
2016-09-26T00:00:20.856-0400: 85.414: [Full GC (Ergonomics) [PSYoungGen: 72589K->0K(175104K)] [ParOldGen: 501442K->389248K(524288K)] 574031K->389248K(699392K), [Metaspace: 43746K->43746K(1087488K)], 0.0558885 secs] [Times: user=0.51 sys=0.00, real=0.05 secs] 
2016-09-26T00:00:20.962-0400: 85.519: [GC (GCLocker Initiated GC) [PSYoungGen: 88064K->72809K(175104K)] 488278K->473023K(699392K), 0.0085942 secs] [Times: user=0.10 sys=0.00, real=0.01 secs] 
2016-09-26T00:00:21.018-0400: 85.575: [GC (GCLocker Initiated GC) [PSYoungGen: 160873K->57740K(175104K)] 573307K->493923K(699392K), 0.0072716 secs] [Times: user=0.11 sys=0.00, real=0.01 secs] 
2016-09-26T00:00:21.072-0400: 85.629: [GC (GCLocker Initiated GC) [PSYoungGen: 145804K->60411K(175104K)] 584935K->518970K(699392K), 0.0064016 secs] [Times: user=0.09 sys=0.00, real=0.01 secs] 
2016-09-26T00:00:21.113-0400: 85.670: [GC (GCLocker Initiated GC) [PSYoungGen: 148475K->79154K(175104K)] 609931K->558776K(699392K), 0.0112054 secs] [Times: user=0.14 sys=0.00, real=0.02 secs] 
2016-09-26T00:00:21.167-0400: 85.724: [GC (GCLocker Initiated GC) [PSYoungGen: 167218K->71248K(175104K)] 646938K->586531K(699392K), 0.0114400 secs] [Times: user=0.15 sys=0.00, real=0.01 secs] 
2016-09-26T00:00:21.179-0400: 85.736: [Full GC (Ergonomics) [PSYoungGen: 71248K->0K(175104K)] [ParOldGen: 515282K->386616K(524288K)] 586531K->386616K(699392K), [Metaspace: 43746K->43746K(1087488K)], 0.0632758 secs] [Times: user=0.53 sys=0.00, real=0.06 secs] 
2016-09-26T00:00:21.285-0400: 85.842: [GC (GCLocker Initiated GC) [PSYoungGen: 88064K->83564K(175104K)] 477420K->472920K(699392K), 0.0110729 secs] [Times: user=0.12 sys=0.00, real=0.01 secs] 
2016-09-26T00:00:21.345-0400: 85.902: [GC (GCLocker Initiated GC) [PSYoungGen: 171628K->49585K(175104K)] 571888K->462709K(699392K), 0.0205625 secs] [Times: user=0.21 sys=0.00, real=0.02 secs] 
2016-09-26T00:00:21.406-0400: 85.963: [GC (GCLocker Initiated GC) [PSYoungGen: 137649K->71278K(175104K)] 554915K->499969K(699392K), 0.0105212 secs] [Times: user=0.12 sys=0.01, real=0.01 secs] 
2016-09-26T00:00:21.459-0400: 86.017: [GC (GCLocker Initiated GC) [PSYoungGen: 159342K->65885K(175104K)] 600345K->518302K(699392K), 0.0097708 secs] [Times: user=0.13 sys=0.01, real=0.01 secs] 
2016-09-26T00:00:21.511-0400: 86.068: [GC (GCLocker Initiated GC) [PSYoungGen: 153949K->76508K(175104K)] 607826K->536382K(699392K), 0.0070239 secs] [Times: user=0.10 sys=0.00, real=0.01 secs] 
2016-09-26T00:00:21.565-0400: 86.122: [GC (GCLocker Initiated GC) [PSYoungGen: 164572K->69617K(175104K)] 627299K->546271K(699392K), 0.0080379 secs] [Times: user=0.08 sys=0.00, real=0.00 secs] 
2016-09-26T00:00:21.625-0400: 86.182: [Full GC (Ergonomics) [PSYoungGen: 157681K->0K(175104K)] [ParOldGen: 488466K->382288K(524288K)] 646148K->382288K(699392K), [Metaspace: 43746K->43746K(1087488K)], 0.0638016 secs] [Times: user=0.57 sys=0.00, real=0.06 secs] 
2016-09-26T00:00:21.726-0400: 86.283: [GC (GCLocker Initiated GC) [PSYoungGen: 88064K->61683K(175104K)] 470448K->444068K(699392K), 0.0101999 secs] [Times: user=0.08 sys=0.00, real=0.01 secs] 
2016-09-26T00:00:21.781-0400: 86.338: [GC (GCLocker Initiated GC) [PSYoungGen: 149747K->63334K(175104K)] 541801K->492400K(699392K), 0.0110177 secs] [Times: user=0.15 sys=0.00, real=0.01 secs] 
2016-09-26T00:00:21.846-0400: 86.404: [GC (GCLocker Initiated GC) [PSYoungGen: 151398K->53603K(175104K)] 587329K->496981K(699392K), 0.0066213 secs] [Times: user=0.08 sys=0.00, real=0.00 secs] 
2016-09-26T00:00:21.893-0400: 86.450: [GC (GCLocker Initiated GC) [PSYoungGen: 141667K->83313K(175104K)] 585207K->547590K(699392K), 0.0102133 secs] [Times: user=0.14 sys=0.01, real=0.02 secs] 
2016-09-26T00:00:21.943-0400: 86.500: [GC (GCLocker Initiated GC) [PSYoungGen: 171377K->65739K(175104K)] 641166K->562983K(699392K), 0.0107038 secs] [Times: user=0.15 sys=0.00, real=0.00 secs] 
2016-09-26T00:00:21.954-0400: 86.511: [Full GC (Ergonomics) [PSYoungGen: 65739K->0K(175104K)] [ParOldGen: 497243K->393058K(524288K)] 562983K->393058K(699392K), [Metaspace: 43746K->43746K(1087488K)], 0.0705682 secs] [Times: user=0.52 sys=0.01, real=0.08 secs] 
2016-09-26T00:00:22.069-0400: 86.627: [GC (GCLocker Initiated GC) [PSYoungGen: 88064K->85088K(175104K)] 482598K->490423K(699392K), 0.0084282 secs] [Times: user=0.12 sys=0.01, real=0.01 secs] 
2016-09-26T00:00:22.114-0400: 86.672: [GC (GCLocker Initiated GC) [PSYoungGen: 173152K->68342K(175104K)] 578604K->501688K(699392K), 0.0105194 secs] [Times: user=0.15 sys=0.00, real=0.01 secs] 
2016-09-26T00:00:22.168-0400: 86.725: [GC (GCLocker Initiated GC) [PSYoungGen: 156406K->59139K(175104K)] 592615K->514552K(699392K), 0.0095770 secs] [Times: user=0.10 sys=0.00, real=0.01 secs] 
2016-09-26T00:00:22.224-0400: 86.781: [GC (GCLocker Initiated GC) [PSYoungGen: 147203K->37016K(175104K)] 608096K->514721K(699392K), 0.0066919 secs] [Times: user=0.05 sys=0.00, real=0.00 secs] 
2016-09-26T00:00:22.265-0400: 86.822: [GC (GCLocker Initiated GC) [PSYoungGen: 125080K->81974K(175104K)] 608229K->566760K(699392K), 0.0100966 secs] [Times: user=0.14 sys=0.00, real=0.01 secs] 
2016-09-26T00:00:22.275-0400: 86.833: [Full GC (Ergonomics) [PSYoungGen: 81974K->0K(175104K)] [ParOldGen: 484785K->392965K(524288K)] 566760K->392965K(699392K), [Metaspace: 43746K->43746K(1087488K)], 0.0595528 secs] [Times: user=0.53 sys=0.00, real=0.06 secs] 
2016-09-26T00:00:22.376-0400: 86.934: [GC (GCLocker Initiated GC) [PSYoungGen: 88064K->81906K(175104K)] 481119K->474961K(699392K), 0.0103299 secs] [Times: user=0.15 sys=0.00, real=0.01 secs] 
2016-09-26T00:00:22.422-0400: 86.979: [GC (GCLocker Initiated GC) [PSYoungGen: 169970K->63259K(175104K)] 569823K->483780K(699392K), 0.0111047 secs] [Times: user=0.08 sys=0.01, real=0.01 secs] 
2016-09-26T00:00:22.471-0400: 87.028: [GC (GCLocker Initiated GC) [PSYoungGen: 151323K->77686K(175104K)] 571966K->516498K(699392K), 0.0099175 secs] [Times: user=0.14 sys=0.01, real=0.01 secs] 
2016-09-26T00:00:22.520-0400: 87.077: [GC (GCLocker Initiated GC) [PSYoungGen: 165750K->68435K(175104K)] 607527K->540142K(699392K), 0.0118235 secs] [Times: user=0.18 sys=0.00, real=0.01 secs] 
2016-09-26T00:00:22.577-0400: 87.134: [Full GC (Ergonomics) [PSYoungGen: 156499K->0K(175104K)] [ParOldGen: 493360K->384346K(524288K)] 649860K->384346K(699392K), [Metaspace: 43746K->43746K(1087488K)], 0.0590459 secs] [Times: user=0.49 sys=0.00, real=0.06 secs] 
2016-09-26T00:00:22.668-0400: 87.226: [GC (GCLocker Initiated GC) [PSYoungGen: 88064K->84615K(175104K)] 475240K->479892K(699392K), 0.0101697 secs] [Times: user=0.15 sys=0.00, real=0.01 secs] 
2016-09-26T00:00:22.722-0400: 87.280: [GC (GCLocker Initiated GC) [PSYoungGen: 172679K->46598K(175104K)] 572200K->477545K(699392K), 0.0197904 secs] [Times: user=0.21 sys=0.01, real=0.02 secs] 
2016-09-26T00:00:22.781-0400: 87.338: [GC (GCLocker Initiated GC) [PSYoungGen: 134662K->42667K(175104K)] 568344K->492855K(699392K), 0.0071047 secs] [Times: user=0.08 sys=0.00, real=0.01 secs] 
2016-09-26T00:00:22.812-0400: 87.370: [GC (GCLocker Initiated GC) [PSYoungGen: 130731K->53261K(175104K)] 583747K->522897K(699392K), 0.0155773 secs] [Times: user=0.17 sys=0.00, real=0.02 secs] 
2016-09-26T00:00:22.860-0400: 87.417: [GC (GCLocker Initiated GC) [PSYoungGen: 141325K->76530K(175104K)] 611140K->561502K(699392K), 0.0163668 secs] [Times: user=0.21 sys=0.00, real=0.02 secs] 
2016-09-26T00:00:22.912-0400: 87.470: [Full GC (Ergonomics) [PSYoungGen: 164594K->0K(175104K)] [ParOldGen: 493188K->388088K(524288K)] 657782K->388088K(699392K), [Metaspace: 43746K->43746K(1087488K)], 0.0934234 secs] [Times: user=0.59 sys=0.02, real=0.10 secs] 
2016-09-26T00:00:23.054-0400: 87.611: [GC (GCLocker Initiated GC) [PSYoungGen: 88064K->58722K(175104K)] 478944K->449603K(699392K), 0.0075852 secs] [Times: user=0.06 sys=0.00, real=0.01 secs] 
2016-09-26T00:00:23.091-0400: 87.648: [GC (GCLocker Initiated GC) [PSYoungGen: 146786K->54777K(175104K)] 541945K->478613K(699392K), 0.0097979 secs] [Times: user=0.09 sys=0.01, real=0.01 secs] 
2016-09-26T00:00:23.133-0400: 87.690: [GC (GCLocker Initiated GC) [PSYoungGen: 142841K->58846K(175104K)] 572265K->494025K(699392K), 0.0074821 secs] [Times: user=0.07 sys=0.00, real=0.01 secs] 
2016-09-26T00:00:23.203-0400: 87.761: [GC (GCLocker Initiated GC) [PSYoungGen: 146910K->54673K(175104K)] 588103K->513812K(699392K), 0.0114955 secs] [Times: user=0.11 sys=0.01, real=0.01 secs] 
2016-09-26T00:00:23.285-0400: 87.842: [GC (GCLocker Initiated GC) [PSYoungGen: 142737K->63007K(175104K)] 614132K->542843K(699392K), 0.0070019 secs] [Times: user=0.10 sys=0.00, real=0.00 secs] 
2016-09-26T00:00:23.327-0400: 87.885: [GC (GCLocker Initiated GC) [PSYoungGen: 151071K->64219K(175104K)] 632356K->575680K(699392K), 0.0090464 secs] [Times: user=0.13 sys=0.00, real=0.01 secs] 
2016-09-26T00:00:23.337-0400: 87.894: [Full GC (Ergonomics) [PSYoungGen: 64219K->0K(175104K)] [ParOldGen: 511461K->394463K(524288K)] 575680K->394463K(699392K), [Metaspace: 43746K->43746K(1087488K)], 0.0674780 secs] [Times: user=0.62 sys=0.00, real=0.07 secs] 
2016-09-26T00:00:23.471-0400: 88.028: [GC (GCLocker Initiated GC) [PSYoungGen: 88064K->72596K(175104K)] 487993K->472526K(699392K), 0.0106251 secs] [Times: user=0.10 sys=0.01, real=0.01 secs] 
2016-09-26T00:00:23.527-0400: 88.084: [GC (GCLocker Initiated GC) [PSYoungGen: 160660K->61587K(175104K)] 566197K->489332K(699392K), 0.0085899 secs] [Times: user=0.11 sys=0.00, real=0.01 secs] 
2016-09-26T00:00:23.571-0400: 88.129: [GC (GCLocker Initiated GC) [PSYoungGen: 149651K->84733K(175104K)] 577579K->531561K(699392K), 0.0105734 secs] [Times: user=0.12 sys=0.00, real=0.01 secs] 
2016-09-26T00:00:23.650-0400: 88.207: [GC (GCLocker Initiated GC) [PSYoungGen: 172797K->45471K(175104K)] 623182K->532892K(699392K), 0.0129201 secs] [Times: user=0.16 sys=0.00, real=0.02 secs] 
2016-09-26T00:00:23.663-0400: 88.220: [Full GC (Ergonomics) [PSYoungGen: 45471K->0K(175104K)] [ParOldGen: 487421K->381745K(524288K)] 532892K->381745K(699392K), [Metaspace: 43746K->43746K(1087488K)], 0.0696011 secs] [Times: user=0.52 sys=0.00, real=0.06 secs] 
2016-09-26T00:00:23.770-0400: 88.327: [GC (GCLocker Initiated GC) [PSYoungGen: 88064K->64421K(175104K)] 469892K->446249K(699392K), 0.0070996 secs] [Times: user=0.07 sys=0.01, real=0.01 secs] 
2016-09-26T00:00:23.816-0400: 88.373: [GC (GCLocker Initiated GC) [PSYoungGen: 152485K->68371K(175104K)] 539870K->483192K(699392K), 0.0204419 secs] [Times: user=0.24 sys=0.02, real=0.02 secs] 
2016-09-26T00:00:23.916-0400: 88.473: [GC (Allocation Failure) [PSYoungGen: 156435K->57803K(175104K)] 579425K->498899K(699392K), 0.0106889 secs] [Times: user=0.12 sys=0.00, real=0.01 secs] 
2016-09-26T00:00:23.927-0400: 88.485: [GC (GCLocker Initiated GC) [PSYoungGen: 58239K->128K(175104K)] 499334K->508187K(699392K), 0.0099975 secs] [Times: user=0.13 sys=0.00, real=0.01 secs] 
2016-09-26T00:00:23.937-0400: 88.495: [Full GC (Ergonomics) [PSYoungGen: 128K->0K(175104K)] [ParOldGen: 508059K->382428K(524288K)] 508187K->382428K(699392K), [Metaspace: 43746K->43746K(1087488K)], 0.0598125 secs] [Times: user=0.52 sys=0.01, real=0.06 secs] 
2016-09-26T00:00:24.027-0400: 88.584: [GC (GCLocker Initiated GC) [PSYoungGen: 85405K->84801K(175104K)] 470534K->472629K(699392K), 0.0143981 secs] [Times: user=0.19 sys=0.00, real=0.01 secs] 
2016-09-26T00:00:24.127-0400: 88.684: [GC (GCLocker Initiated GC) [PSYoungGen: 172865K->56278K(175104K)] 574018K->476908K(699392K), 0.0192654 secs] [Times: user=0.22 sys=0.01, real=0.02 secs] 
2016-09-26T00:00:24.195-0400: 88.753: [GC (GCLocker Initiated GC) [PSYoungGen: 144342K->62936K(175104K)] 569108K->503116K(699392K), 0.0088337 secs] [Times: user=0.09 sys=0.00, real=0.01 secs] 
2016-09-26T00:00:24.239-0400: 88.796: [GC (GCLocker Initiated GC) [PSYoungGen: 151000K->53683K(175104K)] 596712K->533514K(699392K), 0.0096735 secs] [Times: user=0.13 sys=0.00, real=0.01 secs] 
2016-09-26T00:00:24.249-0400: 88.806: [Full GC (Ergonomics) [PSYoungGen: 53683K->0K(175104K)] [ParOldGen: 479831K->397045K(524288K)] 533514K->397045K(699392K), [Metaspace: 43746K->43746K(1087488K)], 0.0759742 secs] [Times: user=0.45 sys=0.00, real=0.08 secs] 
2016-09-26T00:00:24.395-0400: 88.952: [GC (GCLocker Initiated GC) [PSYoungGen: 88064K->63405K(175104K)] 490546K->465887K(699392K), 0.0245020 secs] [Times: user=0.31 sys=0.01, real=0.02 secs] 
2016-09-26T00:00:24.453-0400: 89.010: [GC (GCLocker Initiated GC) [PSYoungGen: 151469K->56237K(175104K)] 556739K->473172K(699392K), 0.0096187 secs] [Times: user=0.09 sys=0.02, real=0.02 secs] 
2016-09-26T00:00:24.509-0400: 89.066: [GC (GCLocker Initiated GC) [PSYoungGen: 144301K->45469K(175104K)] 565461K->490153K(699392K), 0.0189417 secs] [Times: user=0.21 sys=0.03, real=0.02 secs] 
2016-09-26T00:00:24.584-0400: 89.141: [GC (GCLocker Initiated GC) [PSYoungGen: 133533K->44281K(175104K)] 587740K->525993K(699392K), 0.0110257 secs] [Times: user=0.12 sys=0.02, real=0.01 secs] 
2016-09-26T00:00:24.595-0400: 89.152: [Full GC (Ergonomics) [PSYoungGen: 44281K->0K(175104K)] [ParOldGen: 481711K->401030K(524288K)] 525993K->401030K(699392K), [Metaspace: 43746K->43746K(1087488K)], 0.0785871 secs] [Times: user=0.53 sys=0.07, real=0.07 secs] 
2016-09-26T00:00:24.720-0400: 89.278: [GC (GCLocker Initiated GC) [PSYoungGen: 88064K->63258K(175104K)] 492429K->467624K(699392K), 0.0057066 secs] [Times: user=0.07 sys=0.00, real=0.01 secs] 
2016-09-26T00:00:24.752-0400: 89.310: [GC (GCLocker Initiated GC) [PSYoungGen: 151322K->64628K(175104K)] 555861K->510418K(699392K), 0.0085896 secs] [Times: user=0.12 sys=0.00, real=0.01 secs] 
2016-09-26T00:00:24.808-0400: 89.365: [GC (GCLocker Initiated GC) [PSYoungGen: 152692K->67743K(175104K)] 602635K->517686K(699392K), 0.0071236 secs] [Times: user=0.07 sys=0.00, real=0.01 secs] 
2016-09-26T00:00:24.855-0400: 89.412: [GC (GCLocker Initiated GC) [PSYoungGen: 155807K->60405K(172032K)] 605852K->537255K(696320K), 0.0085374 secs] [Times: user=0.11 sys=0.00, real=0.01 secs] 
2016-09-26T00:00:24.864-0400: 89.421: [Full GC (Ergonomics) [PSYoungGen: 60405K->0K(172032K)] [ParOldGen: 476849K->398112K(524288K)] 537255K->398112K(696320K), [Metaspace: 43781K->43781K(1087488K)], 0.2017400 secs] [Times: user=3.06 sys=0.03, real=0.20 secs] 
2016-09-26T00:00:25.105-0400: 89.662: [GC (GCLocker Initiated GC) [PSYoungGen: 88064K->84002K(173568K)] 494565K->493203K(697856K), 0.0105121 secs] [Times: user=0.17 sys=0.00, real=0.01 secs] 
2016-09-26T00:00:25.161-0400: 89.719: [GC (GCLocker Initiated GC) [PSYoungGen: 172066K->53655K(175104K)] 581373K->487100K(699392K), 0.0100470 secs] [Times: user=0.10 sys=0.01, real=0.01 secs] 
2016-09-26T00:00:25.203-0400: 89.760: [GC (GCLocker Initiated GC) [PSYoungGen: 141719K->67360K(175104K)] 577976K->520419K(699392K), 0.0105365 secs] [Times: user=0.14 sys=0.00, real=0.00 secs] 
2016-09-26T00:00:25.260-0400: 89.818: [GC (GCLocker Initiated GC) [PSYoungGen: 155424K->67456K(175104K)] 611406K->559349K(699392K), 0.0099451 secs] [Times: user=0.15 sys=0.00, real=0.01 secs] 
2016-09-26T00:00:25.271-0400: 89.828: [Full GC (Ergonomics) [PSYoungGen: 67456K->0K(175104K)] [ParOldGen: 491892K->401500K(524288K)] 559349K->401500K(699392K), [Metaspace: 43786K->43786K(1087488K)], 0.0593425 secs] [Times: user=0.60 sys=0.00, real=0.06 secs] 
2016-09-26T00:00:25.369-0400: 89.927: [GC (GCLocker Initiated GC) [PSYoungGen: 88064K->67219K(175104K)] 493881K->473037K(699392K), 0.0067422 secs] [Times: user=0.10 sys=0.00, real=0.01 secs] 
2016-09-26T00:00:25.416-0400: 89.973: [GC (GCLocker Initiated GC) [PSYoungGen: 155283K->49848K(175104K)] 566601K->519950K(699392K), 0.0098959 secs] [Times: user=0.14 sys=0.00, real=0.01 secs] 
2016-09-26T00:00:25.426-0400: 89.983: [Full GC (Ergonomics) [PSYoungGen: 49848K->0K(175104K)] [ParOldGen: 470101K->406352K(524288K)] 519950K->406352K(699392K), [Metaspace: 43794K->43794K(1087488K)], 0.0578410 secs] [Times: user=0.40 sys=0.01, real=0.06 secs] 
2016-09-26T00:00:25.533-0400: 90.090: [GC (GCLocker Initiated GC) [PSYoungGen: 88064K->48653K(175104K)] 509410K->469999K(699392K), 0.0074292 secs] [Times: user=0.06 sys=0.00, real=0.01 secs] 
2016-09-26T00:00:25.579-0400: 90.136: [GC (GCLocker Initiated GC) [PSYoungGen: 136717K->34775K(175104K)] 566314K->477470K(699392K), 0.0107478 secs] [Times: user=0.08 sys=0.00, real=0.01 secs] 
2016-09-26T00:00:25.628-0400: 90.186: [GC (GCLocker Initiated GC) [PSYoungGen: 122839K->64603K(175104K)] 571147K->536682K(699392K), 0.0094926 secs] [Times: user=0.11 sys=0.00, real=0.01 secs] 
2016-09-26T00:00:25.638-0400: 90.195: [Full GC (Ergonomics) [PSYoungGen: 64603K->0K(175104K)] [ParOldGen: 472079K->407935K(524288K)] 536682K->407935K(699392K), [Metaspace: 43799K->43799K(1087488K)], 0.0474935 secs] [Times: user=0.30 sys=0.01, real=0.05 secs] 
2016-09-26T00:00:25.729-0400: 90.286: [GC (GCLocker Initiated GC) [PSYoungGen: 88064K->71699K(175104K)] 504207K->487842K(699392K), 0.0106306 secs] [Times: user=0.16 sys=0.01, real=0.01 secs] 
2016-09-26T00:00:25.774-0400: 90.332: [GC (GCLocker Initiated GC) [PSYoungGen: 159763K->68838K(175104K)] 577381K->515921K(699392K), 0.0096740 secs] [Times: user=0.15 sys=0.00, real=0.01 secs] 
2016-09-26T00:00:25.817-0400: 90.374: [GC (GCLocker Initiated GC) [PSYoungGen: 156902K->60674K(175104K)] 609471K->531619K(699392K), 0.0114668 secs] [Times: user=0.17 sys=0.00, real=0.01 secs] 
2016-09-26T00:00:25.829-0400: 90.386: [Full GC (Ergonomics) [PSYoungGen: 60674K->0K(175104K)] [ParOldGen: 470945K->409570K(524288K)] 531619K->409570K(699392K), [Metaspace: 43807K->43807K(1087488K)], 0.0496985 secs] [Times: user=0.45 sys=0.00, real=0.05 secs] 
2016-09-26T00:00:25.922-0400: 90.480: [GC (GCLocker Initiated GC) [PSYoungGen: 88064K->72959K(175104K)] 497740K->482636K(699392K), 0.0073752 secs] [Times: user=0.12 sys=0.00, real=0.00 secs] 
2016-09-26T00:00:25.962-0400: 90.519: [GC (GCLocker Initiated GC) [PSYoungGen: 161023K->66171K(175104K)] 573688K->514941K(699392K), 0.0089851 secs] [Times: user=0.13 sys=0.01, real=0.01 secs] 
2016-09-26T00:00:26.016-0400: 90.574: [GC (GCLocker Initiated GC) [PSYoungGen: 154235K->53957K(175104K)] 606309K->519095K(699392K), 0.0058701 secs] [Times: user=0.08 sys=0.01, real=0.01 secs] 
2016-09-26T00:00:26.055-0400: 90.612: [GC (GCLocker Initiated GC) [PSYoungGen: 142021K->53746K(173056K)] 607299K->548289K(697344K), 0.0081503 secs] [Times: user=0.10 sys=0.00, real=0.01 secs] 
2016-09-26T00:00:26.063-0400: 90.621: [Full GC (Ergonomics) [PSYoungGen: 53746K->0K(173056K)] [ParOldGen: 494543K->403492K(524288K)] 548289K->403492K(697344K), [Metaspace: 43811K->43811K(1087488K)], 0.0515911 secs] [Times: user=0.49 sys=0.00, real=0.05 secs] 
2016-09-26T00:00:26.155-0400: 90.713: [GC (GCLocker Initiated GC) [PSYoungGen: 88064K->85583K(174080K)] 494384K->494603K(698368K), 0.0080890 secs] [Times: user=0.13 sys=0.00, real=0.01 secs] 
2016-09-26T00:00:26.200-0400: 90.757: [GC (GCLocker Initiated GC) [PSYoungGen: 173647K->59267K(175104K)] 584254K->494263K(699392K), 0.0075909 secs] [Times: user=0.11 sys=0.01, real=0.01 secs] 
2016-09-26T00:00:26.240-0400: 90.797: [GC (GCLocker Initiated GC) [PSYoungGen: 147331K->58331K(175104K)] 582447K->513109K(699392K), 0.0072050 secs] [Times: user=0.10 sys=0.00, real=0.01 secs] 
2016-09-26T00:00:26.292-0400: 90.849: [GC (GCLocker Initiated GC) [PSYoungGen: 146395K->46066K(175104K)] 610685K->528969K(699392K), 0.0081462 secs] [Times: user=0.09 sys=0.00, real=0.01 secs] 
2016-09-26T00:00:26.300-0400: 90.857: [Full GC (Ergonomics) [PSYoungGen: 46066K->0K(175104K)] [ParOldGen: 482903K->406116K(524288K)] 528969K->406116K(699392K), [Metaspace: 43814K->43814K(1087488K)], 0.0513562 secs] [Times: user=0.46 sys=0.00, real=0.05 secs] 
2016-09-26T00:00:26.387-0400: 90.944: [GC (GCLocker Initiated GC) [PSYoungGen: 88064K->78237K(175104K)] 494250K->484424K(699392K), 0.0078764 secs] [Times: user=0.10 sys=0.00, real=0.01 secs] 
2016-09-26T00:00:26.431-0400: 90.989: [GC (GCLocker Initiated GC) [PSYoungGen: 166301K->72043K(175104K)] 573914K->496663K(699392K), 0.0079898 secs] [Times: user=0.11 sys=0.00, real=0.01 secs] 
2016-09-26T00:00:26.487-0400: 91.044: [GC (GCLocker Initiated GC) [PSYoungGen: 160107K->49759K(175104K)] 587512K->504190K(699392K), 0.0066835 secs] [Times: user=0.10 sys=0.00, real=0.00 secs] 
2016-09-26T00:00:26.528-0400: 91.086: [GC (GCLocker Initiated GC) [PSYoungGen: 137823K->76275K(175104K)] 597874K->549235K(699392K), 0.0094859 secs] [Times: user=0.09 sys=0.00, real=0.01 secs] 
2016-09-26T00:00:26.587-0400: 91.144: [Full GC (Ergonomics) [PSYoungGen: 164339K->0K(175104K)] [ParOldGen: 481133K->409606K(524288K)] 645472K->409606K(699392K), [Metaspace: 43814K->43814K(1087488K)], 0.0587044 secs] [Times: user=0.52 sys=0.00, real=0.06 secs] 
2016-09-26T00:00:26.677-0400: 91.234: [GC (GCLocker Initiated GC) [PSYoungGen: 88064K->61918K(175104K)] 497682K->471537K(699392K), 0.0087290 secs] [Times: user=0.08 sys=0.00, real=0.01 secs] 
2016-09-26T00:00:26.730-0400: 91.288: [GC (GCLocker Initiated GC) [PSYoungGen: 149982K->62591K(175104K)] 567824K->500197K(699392K), 0.0132896 secs] [Times: user=0.16 sys=0.00, real=0.02 secs] 
2016-09-26T00:00:26.782-0400: 91.340: [GC (GCLocker Initiated GC) [PSYoungGen: 150655K->69259K(175104K)] 595102K->543509K(699392K), 0.0092555 secs] [Times: user=0.12 sys=0.00, real=0.00 secs] 
2016-09-26T00:00:26.833-0400: 91.390: [GC (Allocation Failure) [PSYoungGen: 157323K->73767K(175104K)] 634318K->562889K(699392K), 0.0086487 secs] [Times: user=0.13 sys=0.00, real=0.01 secs] 
2016-09-26T00:00:26.841-0400: 91.399: [Full GC (Ergonomics) [PSYoungGen: 73767K->0K(175104K)] [ParOldGen: 489121K->421230K(524288K)] 562889K->421230K(699392K), [Metaspace: 43814K->43814K(1087488K)], 0.0556890 secs] [Times: user=0.56 sys=0.00, real=0.06 secs] 
2016-09-26T00:00:26.944-0400: 91.501: [GC (GCLocker Initiated GC) [PSYoungGen: 88064K->57081K(175104K)] 511994K->481012K(699392K), 0.0066349 secs] [Times: user=0.07 sys=0.00, real=0.00 secs] 
2016-09-26T00:00:26.977-0400: 91.535: [GC (GCLocker Initiated GC) [PSYoungGen: 145145K->64283K(174080K)] 569154K->496341K(698368K), 0.0075674 secs] [Times: user=0.09 sys=0.00, real=0.01 secs] 
2016-09-26T00:00:27.042-0400: 91.599: [GC (GCLocker Initiated GC) [PSYoungGen: 152347K->64030K(152576K)] 588898K->500580K(676864K), 0.0099749 secs] [Times: user=0.14 sys=0.00, real=0.01 secs] 
2016-09-26T00:00:27.092-0400: 91.650: [GC (GCLocker Initiated GC) [PSYoungGen: 152094K->82075K(171520K)] 588721K->532202K(695808K), 0.0077490 secs] [Times: user=0.11 sys=0.00, real=0.01 secs] 
2016-09-26T00:00:27.142-0400: 91.699: [GC (GCLocker Initiated GC) [PSYoungGen: 169115K->56157K(174080K)] 622462K->549907K(698368K), 0.0097270 secs] [Times: user=0.14 sys=0.01, real=0.01 secs] 
2016-09-26T00:00:27.151-0400: 91.709: [Full GC (Ergonomics) [PSYoungGen: 56157K->0K(174080K)] [ParOldGen: 493750K->410624K(524288K)] 549907K->410624K(698368K), [Metaspace: 43816K->43816K(1087488K)], 0.0659492 secs] [Times: user=0.50 sys=0.02, real=0.07 secs] 
2016-09-26T00:00:27.257-0400: 91.814: [GC (GCLocker Initiated GC) [PSYoungGen: 87040K->66306K(174080K)] 505939K->485206K(698368K), 0.0176250 secs] [Times: user=0.23 sys=0.00, real=0.02 secs] 
2016-09-26T00:00:27.322-0400: 91.880: [GC (GCLocker Initiated GC) [PSYoungGen: 154370K->86345K(174592K)] 576076K->524507K(698880K), 0.0108409 secs] [Times: user=0.14 sys=0.00, real=0.00 secs] 
2016-09-26T00:00:27.367-0400: 91.924: [GC (GCLocker Initiated GC) [PSYoungGen: 174409K->58272K(175104K)] 615411K->556793K(699392K), 0.0096823 secs] [Times: user=0.13 sys=0.00, real=0.01 secs] 
2016-09-26T00:00:27.377-0400: 91.934: [Full GC (Ergonomics) [PSYoungGen: 58272K->0K(175104K)] [ParOldGen: 498520K->428427K(524288K)] 556793K->428427K(699392K), [Metaspace: 43819K->43819K(1087488K)], 0.0517149 secs] [Times: user=0.42 sys=0.00, real=0.05 secs] 
2016-09-26T00:00:27.479-0400: 92.037: [GC (GCLocker Initiated GC) [PSYoungGen: 88064K->47709K(175104K)] 530437K->490083K(699392K), 0.0131855 secs] [Times: user=0.10 sys=0.01, real=0.01 secs] 
2016-09-26T00:00:27.530-0400: 92.088: [GC (GCLocker Initiated GC) [PSYoungGen: 135773K->79880K(175104K)] 579532K->544208K(699392K), 0.0086103 secs] [Times: user=0.14 sys=0.00, real=0.01 secs] 
2016-09-26T00:00:27.578-0400: 92.135: [GC (GCLocker Initiated GC) [PSYoungGen: 167944K->74466K(175104K)] 632460K->562871K(699392K), 0.0084823 secs] [Times: user=0.12 sys=0.00, real=0.01 secs] 
2016-09-26T00:00:27.587-0400: 92.144: [Full GC (Ergonomics) [PSYoungGen: 74466K->0K(175104K)] [ParOldGen: 488404K->428737K(524288K)] 562871K->428737K(699392K), [Metaspace: 43819K->43819K(1087488K)], 0.0525421 secs] [Times: user=0.47 sys=0.00, real=0.05 secs] 
2016-09-26T00:00:27.681-0400: 92.239: [GC (GCLocker Initiated GC) [PSYoungGen: 88064K->82658K(175104K)] 518348K->512942K(699392K), 0.0094786 secs] [Times: user=0.15 sys=0.00, real=0.01 secs] 
2016-09-26T00:00:27.747-0400: 92.305: [GC (GCLocker Initiated GC) [PSYoungGen: 170722K->56271K(175104K)] 613312K->510792K(699392K), 0.0061733 secs] [Times: user=0.07 sys=0.00, real=0.00 secs] 
2016-09-26T00:00:27.791-0400: 92.348: [GC (GCLocker Initiated GC) [PSYoungGen: 144335K->64297K(175104K)] 602986K->546459K(699392K), 0.0095530 secs] [Times: user=0.15 sys=0.00, real=0.01 secs] 
2016-09-26T00:00:27.800-0400: 92.358: [Full GC (Ergonomics) [PSYoungGen: 64297K->0K(175104K)] [ParOldGen: 482162K->434477K(524288K)] 546459K->434477K(699392K), [Metaspace: 43819K->43819K(1087488K)], 0.0518352 secs] [Times: user=0.47 sys=0.00, real=0.05 secs] 
2016-09-26T00:00:27.894-0400: 92.451: [GC (GCLocker Initiated GC) [PSYoungGen: 88064K->63381K(175104K)] 525312K->500630K(699392K), 0.0066065 secs] [Times: user=0.08 sys=0.00, real=0.01 secs] 
2016-09-26T00:00:27.948-0400: 92.505: [GC (GCLocker Initiated GC) [PSYoungGen: 151445K->47986K(175104K)] 593175K->510748K(699392K), 0.0068612 secs] [Times: user=0.10 sys=0.00, real=0.01 secs] 
2016-09-26T00:00:27.996-0400: 92.553: [GC (GCLocker Initiated GC) [PSYoungGen: 136050K->59955K(175104K)] 598987K->550172K(699392K), 0.0075537 secs] [Times: user=0.09 sys=0.00, real=0.01 secs] 
2016-09-26T00:00:28.003-0400: 92.561: [Full GC (Ergonomics) [PSYoungGen: 59955K->0K(175104K)] [ParOldGen: 490217K->429132K(524288K)] 550172K->429132K(699392K), [Metaspace: 43820K->43820K(1087488K)], 0.0517166 secs] [Times: user=0.39 sys=0.00, real=0.05 secs] 
2016-09-26T00:00:28.094-0400: 92.651: [GC (GCLocker Initiated GC) [PSYoungGen: 88064K->68322K(175104K)] 525461K->505720K(699392K), 0.0068051 secs] [Times: user=0.08 sys=0.00, real=0.01 secs] 
2016-09-26T00:00:28.148-0400: 92.706: [GC (GCLocker Initiated GC) [PSYoungGen: 156386K->57428K(175104K)] 599264K->516713K(699392K), 0.0112099 secs] [Times: user=0.17 sys=0.00, real=0.01 secs] 
2016-09-26T00:00:28.200-0400: 92.758: [GC (GCLocker Initiated GC) [PSYoungGen: 145492K->64453K(174080K)] 607578K->545739K(698368K), 0.0109544 secs] [Times: user=0.15 sys=0.00, real=0.01 secs] 
2016-09-26T00:00:28.211-0400: 92.769: [Full GC (Ergonomics) [PSYoungGen: 64453K->0K(174080K)] [ParOldGen: 481286K->440398K(524288K)] 545739K->440398K(698368K), [Metaspace: 43839K->43839K(1087488K)], 0.0514942 secs] [Times: user=0.43 sys=0.01, real=0.06 secs] 
2016-09-26T00:00:28.307-0400: 92.864: [GC (GCLocker Initiated GC) [PSYoungGen: 88064K->60898K(174592K)] 531282K->504116K(698880K), 0.0068177 secs] [Times: user=0.07 sys=0.00, real=0.00 secs] 
2016-09-26T00:00:28.353-0400: 92.911: [GC (GCLocker Initiated GC) [PSYoungGen: 148962K->84092K(172544K)] 592263K->530093K(696832K), 0.0091459 secs] [Times: user=0.10 sys=0.00, real=0.02 secs] 
2016-09-26T00:00:28.414-0400: 92.972: [GC (GCLocker Initiated GC) [PSYoungGen: 171644K->58666K(174592K)] 625902K->522066K(698880K), 0.0091457 secs] [Times: user=0.11 sys=0.00, real=0.01 secs] 
2016-09-26T00:00:28.458-0400: 93.016: [GC (GCLocker Initiated GC) [PSYoungGen: 146218K->73237K(175104K)] 609816K->560077K(699392K), 0.0092412 secs] [Times: user=0.09 sys=0.00, real=0.01 secs] 
2016-09-26T00:00:28.468-0400: 93.025: [Full GC (Ergonomics) [PSYoungGen: 73237K->0K(175104K)] [ParOldGen: 486839K->449986K(524288K)] 560077K->449986K(699392K), [Metaspace: 43839K->43839K(1087488K)], 0.0529599 secs] [Times: user=0.41 sys=0.00, real=0.05 secs] 
2016-09-26T00:00:28.567-0400: 93.124: [GC (GCLocker Initiated GC) [PSYoungGen: 88064K->73608K(175104K)] 540884K->526429K(699392K), 0.0075359 secs] [Times: user=0.09 sys=0.00, real=0.01 secs] 
2016-09-26T00:00:28.617-0400: 93.175: [GC (GCLocker Initiated GC) [PSYoungGen: 161672K->49186K(175104K)] 614575K->535904K(699392K), 0.0079255 secs] [Times: user=0.12 sys=0.00, real=0.01 secs] 
2016-09-26T00:00:28.626-0400: 93.183: [Full GC (Ergonomics) [PSYoungGen: 49186K->0K(175104K)] [ParOldGen: 486718K->438260K(524288K)] 535904K->438260K(699392K), [Metaspace: 43839K->43839K(1087488K)], 0.0530816 secs] [Times: user=0.46 sys=0.01, real=0.05 secs] 
2016-09-26T00:00:28.730-0400: 93.287: [GC (GCLocker Initiated GC) [PSYoungGen: 88064K->84666K(175104K)] 535978K->537981K(699392K), 0.0084213 secs] [Times: user=0.14 sys=0.00, real=0.01 secs] 
2016-09-26T00:00:28.786-0400: 93.344: [GC (GCLocker Initiated GC) [PSYoungGen: 172730K->53351K(175104K)] 635738K->537143K(699392K), 0.0066917 secs] [Times: user=0.09 sys=0.01, real=0.00 secs] 
2016-09-26T00:00:28.793-0400: 93.351: [Full GC (Ergonomics) [PSYoungGen: 53351K->0K(175104K)] [ParOldGen: 483791K->446087K(524288K)] 537143K->446087K(699392K), [Metaspace: 43843K->43843K(1087488K)], 0.0576949 secs] [Times: user=0.43 sys=0.01, real=0.06 secs] 
2016-09-26T00:00:28.901-0400: 93.458: [GC (GCLocker Initiated GC) [PSYoungGen: 88064K->71674K(175104K)] 536965K->520575K(699392K), 0.0071893 secs] [Times: user=0.11 sys=0.00, real=0.01 secs] 
2016-09-26T00:00:28.956-0400: 93.513: [GC (GCLocker Initiated GC) [PSYoungGen: 159738K->73940K(175104K)] 611418K->537422K(699392K), 0.0073985 secs] [Times: user=0.09 sys=0.01, real=0.01 secs] 
2016-09-26T00:00:29.005-0400: 93.562: [GC (GCLocker Initiated GC) [PSYoungGen: 162004K->69777K(175104K)] 632353K->572963K(699392K), 0.0093708 secs] [Times: user=0.14 sys=0.00, real=0.01 secs] 
2016-09-26T00:00:29.015-0400: 93.572: [Full GC (Ergonomics) [PSYoungGen: 69777K->0K(175104K)] [ParOldGen: 503185K->446544K(524288K)] 572963K->446544K(699392K), [Metaspace: 43843K->43843K(1087488K)], 0.0629614 secs] [Times: user=0.49 sys=0.01, real=0.06 secs] 
2016-09-26T00:00:29.117-0400: 93.674: [GC (GCLocker Initiated GC) [PSYoungGen: 88064K->64768K(175104K)] 537428K->514133K(699392K), 0.0092289 secs] [Times: user=0.11 sys=0.00, real=0.01 secs] 
2016-09-26T00:00:29.177-0400: 93.735: [GC (GCLocker Initiated GC) [PSYoungGen: 152832K->45384K(175104K)] 613057K->544499K(699392K), 0.0105573 secs] [Times: user=0.14 sys=0.01, real=0.01 secs] 
2016-09-26T00:00:29.188-0400: 93.745: [Full GC (Ergonomics) [PSYoungGen: 45384K->0K(175104K)] [ParOldGen: 499115K->448617K(524288K)] 544499K->448617K(699392K), [Metaspace: 43843K->43843K(1087488K)], 0.0538476 secs] [Times: user=0.50 sys=0.01, real=0.05 secs] 
2016-09-26T00:00:29.279-0400: 93.837: [GC (GCLocker Initiated GC) [PSYoungGen: 88064K->85152K(175104K)] 536818K->533906K(699392K), 0.0083737 secs] [Times: user=0.13 sys=0.00, real=0.01 secs] 
2016-09-26T00:00:29.338-0400: 93.896: [GC (GCLocker Initiated GC) [PSYoungGen: 173216K->65700K(175104K)] 628015K->549865K(699392K), 0.0088549 secs] [Times: user=0.12 sys=0.01, real=0.01 secs] 
2016-09-26T00:00:29.347-0400: 93.905: [Full GC (Ergonomics) [PSYoungGen: 65700K->0K(175104K)] [ParOldGen: 484164K->456495K(524288K)] 549865K->456495K(699392K), [Metaspace: 43855K->43855K(1087488K)], 0.0537602 secs] [Times: user=0.53 sys=0.00, real=0.05 secs] 
2016-09-26T00:00:29.447-0400: 94.005: [GC (GCLocker Initiated GC) [PSYoungGen: 88064K->72900K(175104K)] 544697K->529533K(699392K), 0.0064814 secs] [Times: user=0.10 sys=0.01, real=0.00 secs] 
2016-09-26T00:00:29.494-0400: 94.052: [GC (GCLocker Initiated GC) [PSYoungGen: 160964K->68080K(175104K)] 618099K->543639K(699392K), 0.0102945 secs] [Times: user=0.15 sys=0.00, real=0.01 secs] 
2016-09-26T00:00:29.505-0400: 94.062: [Full GC (Ergonomics) [PSYoungGen: 68080K->0K(175104K)] [ParOldGen: 475558K->450193K(524288K)] 543639K->450193K(699392K), [Metaspace: 43855K->43855K(1087488K)], 0.1392215 secs] [Times: user=2.05 sys=0.01, real=0.14 secs] 
2016-09-26T00:00:29.687-0400: 94.244: [GC (GCLocker Initiated GC) [PSYoungGen: 88064K->57808K(175104K)] 538347K->508092K(699392K), 0.0065873 secs] [Times: user=0.09 sys=0.00, real=0.00 secs] 
2016-09-26T00:00:29.736-0400: 94.293: [GC (GCLocker Initiated GC) [PSYoungGen: 145872K->70448K(175104K)] 597733K->540539K(699392K), 0.0073627 secs] [Times: user=0.09 sys=0.00, real=0.01 secs] 
2016-09-26T00:00:29.792-0400: 94.350: [Full GC (Ergonomics) [PSYoungGen: 158512K->0K(175104K)] [ParOldGen: 479631K->447844K(524288K)] 638144K->447844K(699392K), [Metaspace: 43858K->43858K(1087488K)], 0.0584241 secs] [Times: user=0.60 sys=0.00, real=0.06 secs] 
2016-09-26T00:00:29.891-0400: 94.448: [GC (GCLocker Initiated GC) [PSYoungGen: 88064K->68896K(175104K)] 536059K->516891K(699392K), 0.0076518 secs] [Times: user=0.08 sys=0.00, real=0.01 secs] 
2016-09-26T00:00:29.942-0400: 94.499: [GC (GCLocker Initiated GC) [PSYoungGen: 156960K->59865K(175104K)] 605040K->546790K(699392K), 0.0081763 secs] [Times: user=0.11 sys=0.00, real=0.01 secs] 
2016-09-26T00:00:29.950-0400: 94.507: [Full GC (Ergonomics) [PSYoungGen: 59865K->0K(175104K)] [ParOldGen: 486924K->456490K(524288K)] 546790K->456490K(699392K), [Metaspace: 43858K->43858K(1087488K)], 0.0544666 secs] [Times: user=0.53 sys=0.01, real=0.06 secs] 
2016-09-26T00:00:30.047-0400: 94.605: [GC (GCLocker Initiated GC) [PSYoungGen: 88064K->73457K(175104K)] 551454K->536847K(699392K), 0.0118412 secs] [Times: user=0.17 sys=0.00, real=0.01 secs] 
2016-09-26T00:00:30.099-0400: 94.656: [GC (Allocation Failure) [PSYoungGen: 161521K->59168K(175104K)] 627740K->552568K(699392K), 0.0088880 secs] [Times: user=0.12 sys=0.01, real=0.01 secs] 
2016-09-26T00:00:30.108-0400: 94.665: [Full GC (Ergonomics) [PSYoungGen: 59168K->0K(175104K)] [ParOldGen: 493400K->461401K(524288K)] 552568K->461401K(699392K), [Metaspace: 43858K->43858K(1087488K)], 0.0514811 secs] [Times: user=0.43 sys=0.00, real=0.05 secs] 
2016-09-26T00:00:30.209-0400: 94.766: [GC (GCLocker Initiated GC) [PSYoungGen: 88028K->64038K(172032K)] 557530K->533540K(696320K), 0.0059677 secs] [Times: user=0.06 sys=0.00, real=0.01 secs] 
2016-09-26T00:00:30.262-0400: 94.819: [Full GC (Ergonomics) [PSYoungGen: 152102K->0K(172032K)] [ParOldGen: 481762K->460974K(524288K)] 633864K->460974K(696320K), [Metaspace: 43858K->43858K(1087488K)], 0.0538931 secs] [Times: user=0.50 sys=0.01, real=0.06 secs] 
2016-09-26T00:00:30.362-0400: 94.919: [GC (GCLocker Initiated GC) [PSYoungGen: 88064K->85487K(173568K)] 551788K->554929K(697856K), 0.0094229 secs] [Times: user=0.10 sys=0.01, real=0.01 secs] 
2016-09-26T00:00:30.416-0400: 94.973: [GC (GCLocker Initiated GC) [PSYoungGen: 173551K->69355K(175104K)] 645813K->541618K(699392K), 0.0126073 secs] [Times: user=0.16 sys=0.00, real=0.01 secs] 
2016-09-26T00:00:30.467-0400: 95.024: [GC (GCLocker Initiated GC) [PSYoungGen: 157419K->51592K(175104K)] 634283K->551463K(699392K), 0.0093281 secs] [Times: user=0.11 sys=0.00, real=0.01 secs] 
2016-09-26T00:00:30.476-0400: 95.034: [Full GC (Ergonomics) [PSYoungGen: 51592K->0K(175104K)] [ParOldGen: 499870K->459075K(524288K)] 551463K->459075K(699392K), [Metaspace: 43858K->43858K(1087488K)], 0.0565538 secs] [Times: user=0.56 sys=0.01, real=0.05 secs] 
2016-09-26T00:00:30.581-0400: 95.139: [GC (GCLocker Initiated GC) [PSYoungGen: 88064K->61408K(175104K)] 547156K->520500K(699392K), 0.0081128 secs] [Times: user=0.09 sys=0.00, real=0.01 secs] 
2016-09-26T00:00:30.629-0400: 95.187: [GC (GCLocker Initiated GC) [PSYoungGen: 149472K->68868K(175104K)] 614599K->553181K(699392K), 0.0107628 secs] [Times: user=0.16 sys=0.00, real=0.01 secs] 
2016-09-26T00:00:30.640-0400: 95.198: [Full GC (Ergonomics) [PSYoungGen: 68868K->0K(175104K)] [ParOldGen: 484313K->467643K(524288K)] 553181K->467643K(699392K), [Metaspace: 43858K->43858K(1087488K)], 0.0645019 secs] [Times: user=0.51 sys=0.01, real=0.07 secs] 
2016-09-26T00:00:30.756-0400: 95.314: [GC (GCLocker Initiated GC) [PSYoungGen: 88064K->74537K(175104K)] 561302K->547784K(699392K), 0.0074323 secs] [Times: user=0.10 sys=0.00, real=0.01 secs] 
2016-09-26T00:00:30.807-0400: 95.365: [GC (GCLocker Initiated GC) [PSYoungGen: 162601K->62939K(175104K)] 635892K->556295K(699392K), 0.0071124 secs] [Times: user=0.11 sys=0.00, real=0.01 secs] 
2016-09-26T00:00:30.815-0400: 95.372: [Full GC (Ergonomics) [PSYoungGen: 62939K->0K(175104K)] [ParOldGen: 493355K->462932K(524288K)] 556295K->462932K(699392K), [Metaspace: 43858K->43858K(1087488K)], 0.0502634 secs] [Times: user=0.46 sys=0.01, real=0.05 secs] 
2016-09-26T00:00:30.913-0400: 95.471: [GC (GCLocker Initiated GC) [PSYoungGen: 88064K->75513K(175104K)] 558101K->545551K(699392K), 0.0071057 secs] [Times: user=0.09 sys=0.01, real=0.01 secs] 
2016-09-26T00:00:30.972-0400: 95.530: [GC (GCLocker Initiated GC) [PSYoungGen: 163577K->61332K(175104K)] 638131K->566075K(699392K), 0.0076046 secs] [Times: user=0.13 sys=0.00, real=0.01 secs] 
2016-09-26T00:00:30.980-0400: 95.537: [Full GC (Ergonomics) [PSYoungGen: 61332K->0K(175104K)] [ParOldGen: 504742K->457062K(524288K)] 566075K->457062K(699392K), [Metaspace: 43858K->43858K(1087488K)], 0.0570036 secs] [Times: user=0.64 sys=0.00, real=0.06 secs] 
2016-09-26T00:00:31.066-0400: 95.624: [GC (GCLocker Initiated GC) [PSYoungGen: 88064K->86972K(175104K)] 550790K->555099K(699392K), 0.0084275 secs] [Times: user=0.14 sys=0.00, real=0.01 secs] 
2016-09-26T00:00:31.129-0400: 95.686: [GC (GCLocker Initiated GC) [PSYoungGen: 175036K->56150K(175104K)] 647289K->548765K(699392K), 0.0080314 secs] [Times: user=0.13 sys=0.00, real=0.01 secs] 
2016-09-26T00:00:31.137-0400: 95.694: [Full GC (Ergonomics) [PSYoungGen: 56150K->0K(175104K)] [ParOldGen: 492615K->470206K(524288K)] 548765K->470206K(699392K), [Metaspace: 43858K->43858K(1087488K)], 0.0502751 secs] [Times: user=0.48 sys=0.00, real=0.05 secs] 
2016-09-26T00:00:31.228-0400: 95.786: [GC (GCLocker Initiated GC) [PSYoungGen: 88064K->83380K(175104K)] 558431K->553748K(699392K), 0.0074616 secs] [Times: user=0.10 sys=0.00, real=0.01 secs] 
2016-09-26T00:00:31.274-0400: 95.832: [GC (GCLocker Initiated GC) [PSYoungGen: 171444K->68490K(175104K)] 647475K->564032K(699392K), 0.0086308 secs] [Times: user=0.13 sys=0.01, real=0.01 secs] 
2016-09-26T00:00:31.283-0400: 95.840: [Full GC (Ergonomics) [PSYoungGen: 68490K->0K(175104K)] [ParOldGen: 495541K->483050K(524288K)] 564032K->483050K(699392K), [Metaspace: 43866K->43866K(1087488K)], 0.0536274 secs] [Times: user=0.50 sys=0.00, real=0.05 secs] 
2016-09-26T00:00:31.386-0400: 95.943: [Full GC (Ergonomics) [PSYoungGen: 88064K->0K(175104K)] [ParOldGen: 485894K->473230K(524288K)] 573958K->473230K(699392K), [Metaspace: 43866K->43866K(1087488K)], 0.0520050 secs] [Times: user=0.43 sys=0.00, real=0.05 secs] 
2016-09-26T00:00:31.479-0400: 96.037: [GC (GCLocker Initiated GC) [PSYoungGen: 88064K->70390K(175104K)] 561797K->544124K(699392K), 0.0085070 secs] [Times: user=0.09 sys=0.01, real=0.01 secs] 
2016-09-26T00:00:31.534-0400: 96.092: [GC (GCLocker Initiated GC) [PSYoungGen: 158454K->49338K(175104K)] 638394K->541134K(699392K), 0.0087347 secs] [Times: user=0.07 sys=0.00, real=0.01 secs] 
2016-09-26T00:00:31.543-0400: 96.101: [Full GC (Ergonomics) [PSYoungGen: 49338K->0K(175104K)] [ParOldGen: 491795K->476804K(524288K)] 541134K->476804K(699392K), [Metaspace: 43889K->43889K(1087488K)], 0.0589317 secs] [Times: user=0.53 sys=0.00, real=0.06 secs] 
2016-09-26T00:00:31.645-0400: 96.202: [GC (GCLocker Initiated GC) [PSYoungGen: 88064K->79876K(175104K)] 568970K->560782K(699392K), 0.0073053 secs] [Times: user=0.10 sys=0.00, real=0.00 secs] 
2016-09-26T00:00:31.699-0400: 96.256: [GC (GCLocker Initiated GC) [PSYoungGen: 167940K->58943K(175104K)] 651641K->554545K(699392K), 0.0078232 secs] [Times: user=0.09 sys=0.01, real=0.01 secs] 
2016-09-26T00:00:31.707-0400: 96.264: [Full GC (Ergonomics) [PSYoungGen: 58943K->0K(175104K)] [ParOldGen: 495601K->474879K(524288K)] 554545K->474879K(699392K), [Metaspace: 43889K->43889K(1087488K)], 0.0536691 secs] [Times: user=0.45 sys=0.00, real=0.05 secs] 
2016-09-26T00:00:31.800-0400: 96.358: [GC (GCLocker Initiated GC) [PSYoungGen: 88064K->69676K(175104K)] 567247K->548860K(699392K), 0.0081279 secs] [Times: user=0.09 sys=0.00, real=0.01 secs] 
2016-09-26T00:00:31.858-0400: 96.416: [GC (Allocation Failure) [PSYoungGen: 157740K->43781K(175104K)] 645404K->550454K(699392K), 0.0075064 secs] [Times: user=0.07 sys=0.00, real=0.01 secs] 
2016-09-26T00:00:31.866-0400: 96.423: [Full GC (Ergonomics) [PSYoungGen: 43781K->0K(175104K)] [ParOldGen: 506673K->482808K(524288K)] 550454K->482808K(699392K), [Metaspace: 43889K->43889K(1087488K)], 0.0535376 secs] [Times: user=0.40 sys=0.00, real=0.05 secs] 
2016-09-26T00:00:31.920-0400: 96.478: [GC (GCLocker Initiated GC) [PSYoungGen: 7K->64K(175104K)] 482815K->482872K(699392K), 0.0034332 secs] [Times: user=0.04 sys=0.00, real=0.01 secs] 
2016-09-26T00:00:31.967-0400: 96.525: [GC (GCLocker Initiated GC) [PSYoungGen: 87982K->79016K(175104K)] 573490K->564533K(699392K), 0.0104780 secs] [Times: user=0.15 sys=0.00, real=0.01 secs] 
2016-09-26T00:00:32.018-0400: 96.575: [GC (GCLocker Initiated GC) [PSYoungGen: 167080K->81648K(175104K)] 653324K->584360K(699392K), 0.0084019 secs] [Times: user=0.11 sys=0.00, real=0.01 secs] 
2016-09-26T00:00:32.026-0400: 96.583: [Full GC (Ergonomics) [PSYoungGen: 81648K->0K(175104K)] [ParOldGen: 502711K->483434K(524288K)] 584360K->483434K(699392K), [Metaspace: 43889K->43889K(1087488K)], 0.0511680 secs] [Times: user=0.47 sys=0.01, real=0.05 secs] 
2016-09-26T00:00:32.126-0400: 96.683: [GC (GCLocker Initiated GC) [PSYoungGen: 88064K->55515K(175104K)] 575585K->543036K(699392K), 0.0090508 secs] [Times: user=0.10 sys=0.01, real=0.01 secs] 
2016-09-26T00:00:32.176-0400: 96.733: [Full GC (Ergonomics) [PSYoungGen: 143579K->0K(175104K)] [ParOldGen: 497153K->492272K(524288K)] 640732K->492272K(699392K), [Metaspace: 43889K->43889K(1087488K)], 0.0509172 secs] [Times: user=0.47 sys=0.00, real=0.05 secs] 
2016-09-26T00:00:32.270-0400: 96.827: [Full GC (Ergonomics) [PSYoungGen: 88064K->0K(175104K)] [ParOldGen: 495019K->487816K(524288K)] 583083K->487816K(699392K), [Metaspace: 43889K->43889K(1087488K)], 0.0590743 secs] [Times: user=0.58 sys=0.00, real=0.06 secs] 
2016-09-26T00:00:32.382-0400: 96.939: [Full GC (Ergonomics) [PSYoungGen: 88064K->0K(175104K)] [ParOldGen: 490574K->483370K(524288K)] 578638K->483370K(699392K), [Metaspace: 43893K->43893K(1087488K)], 0.0617798 secs] [Times: user=0.55 sys=0.01, real=0.07 secs] 
2016-09-26T00:00:32.480-0400: 97.038: [GC (GCLocker Initiated GC) [PSYoungGen: 88064K->84244K(175104K)] 571676K->567857K(699392K), 0.0075070 secs] [Times: user=0.10 sys=0.00, real=0.01 secs] 
2016-09-26T00:00:32.536-0400: 97.093: [GC (GCLocker Initiated GC) [PSYoungGen: 172308K->75311K(175104K)] 661571K->578174K(699392K), 0.0094273 secs] [Times: user=0.12 sys=0.00, real=0.01 secs] 
2016-09-26T00:00:32.545-0400: 97.103: [Full GC (Ergonomics) [PSYoungGen: 75311K->0K(175104K)] [ParOldGen: 502862K->488319K(524288K)] 578174K->488319K(699392K), [Metaspace: 43893K->43893K(1087488K)], 0.0543855 secs] [Times: user=0.53 sys=0.00, real=0.05 secs] 
2016-09-26T00:00:32.645-0400: 97.202: [Full GC (Ergonomics) [PSYoungGen: 88064K->0K(175104K)] [ParOldGen: 493884K->489243K(524288K)] 581948K->489243K(699392K), [Metaspace: 43893K->43893K(1087488K)], 0.0502026 secs] [Times: user=0.39 sys=0.00, real=0.05 secs] 
2016-09-26T00:00:32.740-0400: 97.297: [GC (GCLocker Initiated GC) [PSYoungGen: 88064K->74477K(175104K)] 577886K->564300K(699392K), 0.0166619 secs] [Times: user=0.10 sys=0.00, real=0.02 secs] 
2016-09-26T00:00:32.800-0400: 97.357: [GC (GCLocker Initiated GC) [PSYoungGen: 162541K->70624K(175104K)] 652431K->581877K(699392K), 0.0087522 secs] [Times: user=0.11 sys=0.00, real=0.01 secs] 
2016-09-26T00:00:32.808-0400: 97.366: [Full GC (Ergonomics) [PSYoungGen: 70624K->0K(175104K)] [ParOldGen: 511253K->486305K(524288K)] 581877K->486305K(699392K), [Metaspace: 43893K->43893K(1087488K)], 0.0789435 secs] [Times: user=0.88 sys=0.01, real=0.08 secs] 
2016-09-26T00:00:32.932-0400: 97.489: [GC (GCLocker Initiated GC) [PSYoungGen: 88064K->75554K(175104K)] 577193K->564684K(699392K), 0.0067115 secs] [Times: user=0.10 sys=0.00, real=0.01 secs] 
2016-09-26T00:00:32.974-0400: 97.532: [Full GC (Ergonomics) [PSYoungGen: 163618K->0K(175104K)] [ParOldGen: 498701K->493463K(524288K)] 662319K->493463K(699392K), [Metaspace: 43893K->43893K(1087488K)], 0.0563249 secs] [Times: user=0.52 sys=0.00, real=0.05 secs] 
2016-09-26T00:00:33.069-0400: 97.626: [Full GC (Ergonomics) [PSYoungGen: 88064K->0K(175104K)] [ParOldGen: 493684K->481978K(524288K)] 581748K->481978K(699392K), [Metaspace: 43893K->43893K(1087488K)], 0.0566700 secs] [Times: user=0.58 sys=0.00, real=0.06 secs] 
2016-09-26T00:00:33.164-0400: 97.721: [GC (GCLocker Initiated GC) [PSYoungGen: 88064K->82596K(175104K)] 575671K->570204K(699392K), 0.0074076 secs] [Times: user=0.11 sys=0.00, real=0.00 secs] 
2016-09-26T00:00:33.213-0400: 97.771: [GC (GCLocker Initiated GC) [PSYoungGen: 170660K->67441K(175104K)] 658383K->575232K(699392K), 0.0084094 secs] [Times: user=0.12 sys=0.00, real=0.01 secs] 
2016-09-26T00:00:33.222-0400: 97.779: [Full GC (Ergonomics) [PSYoungGen: 67441K->0K(175104K)] [ParOldGen: 507790K->490425K(524288K)] 575232K->490425K(699392K), [Metaspace: 43893K->43893K(1087488K)], 0.0529985 secs] [Times: user=0.50 sys=0.00, real=0.06 secs] 
2016-09-26T00:00:33.312-0400: 97.869: [Full GC (Ergonomics) [PSYoungGen: 88064K->0K(175104K)] [ParOldGen: 490445K->481532K(524288K)] 578509K->481532K(699392K), [Metaspace: 43893K->43893K(1087488K)], 0.0585763 secs] [Times: user=0.57 sys=0.01, real=0.06 secs] 
2016-09-26T00:00:33.403-0400: 97.960: [GC (GCLocker Initiated GC) [PSYoungGen: 88064K->75924K(175104K)] 571498K->559359K(699392K), 0.0121219 secs] [Times: user=0.16 sys=0.00, real=0.01 secs] 
2016-09-26T00:00:33.452-0400: 98.010: [GC (GCLocker Initiated GC) [PSYoungGen: 163988K->71853K(175104K)] 653066K->581065K(699392K), 0.0078767 secs] [Times: user=0.12 sys=0.00, real=0.01 secs] 
2016-09-26T00:00:33.460-0400: 98.018: [Full GC (Ergonomics) [PSYoungGen: 71853K->0K(175104K)] [ParOldGen: 509212K->497787K(524288K)] 581065K->497787K(699392K), [Metaspace: 43893K->43893K(1087488K)], 0.0509569 secs] [Times: user=0.48 sys=0.00, real=0.05 secs] 
2016-09-26T00:00:33.551-0400: 98.109: [Full GC (Ergonomics) [PSYoungGen: 88064K->0K(175104K)] [ParOldGen: 498684K->488717K(524288K)] 586748K->488717K(699392K), [Metaspace: 43893K->43893K(1087488K)], 0.0619785 secs] [Times: user=0.49 sys=0.00, real=0.06 secs] 
2016-09-26T00:00:33.650-0400: 98.207: [Full GC (Ergonomics) [PSYoungGen: 88064K->0K(175104K)] [ParOldGen: 497072K->501759K(524288K)] 585136K->501759K(699392K), [Metaspace: 43893K->43893K(1087488K)], 0.0566864 secs] [Times: user=0.56 sys=0.00, real=0.06 secs] 
2016-09-26T00:00:33.752-0400: 98.310: [Full GC (Ergonomics) [PSYoungGen: 88064K->0K(175104K)] [ParOldGen: 508664K->491533K(524288K)] 596728K->491533K(699392K), [Metaspace: 43893K->43893K(1087488K)], 0.0520993 secs] [Times: user=0.48 sys=0.01, real=0.06 secs] 
2016-09-26T00:00:33.841-0400: 98.398: [Full GC (Ergonomics) [PSYoungGen: 88064K->0K(175104K)] [ParOldGen: 502470K->503090K(524288K)] 590534K->503090K(699392K), [Metaspace: 43893K->43893K(1087488K)], 0.0530575 secs] [Times: user=0.49 sys=0.01, real=0.05 secs] 
2016-09-26T00:00:33.943-0400: 98.500: [Full GC (Ergonomics) [PSYoungGen: 88064K->0K(175104K)] [ParOldGen: 509989K->492811K(524288K)] 598053K->492811K(699392K), [Metaspace: 43893K->43893K(1087488K)], 0.0621000 secs] [Times: user=0.62 sys=0.00, real=0.06 secs] 
2016-09-26T00:00:34.033-0400: 98.590: [Full GC (Ergonomics) [PSYoungGen: 88064K->0K(175104K)] [ParOldGen: 493005K->504318K(524288K)] 581069K->504318K(699392K), [Metaspace: 43893K->43893K(1087488K)], 0.0629480 secs] [Times: user=0.60 sys=0.00, real=0.07 secs] 
2016-09-26T00:00:34.146-0400: 98.703: [Full GC (Ergonomics) [PSYoungGen: 88064K->0K(175104K)] [ParOldGen: 509948K->498143K(524288K)] 598012K->498143K(699392K), [Metaspace: 43893K->43893K(1087488K)], 0.0502782 secs] [Times: user=0.44 sys=0.00, real=0.05 secs] 
2016-09-26T00:00:34.234-0400: 98.792: [Full GC (Ergonomics) [PSYoungGen: 88064K->0K(175104K)] [ParOldGen: 505917K->493383K(524288K)] 593981K->493383K(699392K), [Metaspace: 43893K->43893K(1087488K)], 0.0499040 secs] [Times: user=0.44 sys=0.01, real=0.05 secs] 
2016-09-26T00:00:34.325-0400: 98.883: [Full GC (Ergonomics) [PSYoungGen: 88064K->0K(175104K)] [ParOldGen: 496314K->497895K(524288K)] 584378K->497895K(699392K), [Metaspace: 43893K->43893K(1087488K)], 0.0606414 secs] [Times: user=0.64 sys=0.00, real=0.06 secs] 
2016-09-26T00:00:34.421-0400: 98.978: [Full GC (Ergonomics) [PSYoungGen: 88064K->0K(175104K)] [ParOldGen: 497991K->498434K(524288K)] 586055K->498434K(699392K), [Metaspace: 43893K->43893K(1087488K)], 0.0516422 secs] [Times: user=0.50 sys=0.00, real=0.05 secs] 
2016-09-26T00:00:34.512-0400: 99.069: [Full GC (Ergonomics) [PSYoungGen: 88064K->0K(175104K)] [ParOldGen: 501202K->496336K(524288K)] 589266K->496336K(699392K), [Metaspace: 43893K->43893K(1087488K)], 0.0590930 secs] [Times: user=0.59 sys=0.00, real=0.06 secs] 
2016-09-26T00:00:34.619-0400: 99.176: [Full GC (Ergonomics) [PSYoungGen: 88064K->0K(175104K)] [ParOldGen: 503213K->494213K(524288K)] 591277K->494213K(699392K), [Metaspace: 43893K->43893K(1087488K)], 0.0509105 secs] [Times: user=0.46 sys=0.02, real=0.05 secs] 
2016-09-26T00:00:34.701-0400: 99.258: [Full GC (Ergonomics) [PSYoungGen: 88064K->0K(175104K)] [ParOldGen: 495777K->500258K(524288K)] 583841K->500258K(699392K), [Metaspace: 43893K->43893K(1087488K)], 0.0520212 secs] [Times: user=0.46 sys=0.00, real=0.05 secs] 
2016-09-26T00:00:34.796-0400: 99.353: [Full GC (Ergonomics) [PSYoungGen: 88064K->0K(175104K)] [ParOldGen: 503176K->503553K(524288K)] 591240K->503553K(699392K), [Metaspace: 43893K->43893K(1087488K)], 0.0555303 secs] [Times: user=0.56 sys=0.00, real=0.05 secs] 
2016-09-26T00:00:34.883-0400: 99.440: [Full GC (Ergonomics) [PSYoungGen: 88064K->0K(175104K)] [ParOldGen: 503671K->506793K(524288K)] 591735K->506793K(699392K), [Metaspace: 43893K->43893K(1087488K)], 0.0586594 secs] [Times: user=0.61 sys=0.00, real=0.05 secs] 
2016-09-26T00:00:34.979-0400: 99.537: [Full GC (Ergonomics) [PSYoungGen: 88064K->0K(175104K)] [ParOldGen: 506896K->495747K(524288K)] 594960K->495747K(699392K), [Metaspace: 43893K->43893K(1087488K)], 0.0900860 secs] [Times: user=1.15 sys=0.00, real=0.09 secs] 
2016-09-26T00:00:35.105-0400: 99.662: [Full GC (Ergonomics) [PSYoungGen: 88064K->0K(175104K)] [ParOldGen: 498606K->504512K(524288K)] 586670K->504512K(699392K), [Metaspace: 43893K->43893K(1087488K)], 0.0511691 secs] [Times: user=0.48 sys=0.00, real=0.05 secs] 
2016-09-26T00:00:35.194-0400: 99.751: [Full GC (Ergonomics) [PSYoungGen: 88064K->0K(175104K)] [ParOldGen: 504633K->502148K(524288K)] 592697K->502148K(699392K), [Metaspace: 43893K->43893K(1087488K)], 0.0574926 secs] [Times: user=0.54 sys=0.00, real=0.05 secs] 
2016-09-26T00:00:35.287-0400: 99.844: [Full GC (Ergonomics) [PSYoungGen: 88064K->0K(175104K)] [ParOldGen: 507606K->505421K(524288K)] 595670K->505421K(699392K), [Metaspace: 43894K->43894K(1087488K)], 0.0544083 secs] [Times: user=0.53 sys=0.01, real=0.05 secs] 
2016-09-26T00:00:35.381-0400: 99.938: [Full GC (Ergonomics) [PSYoungGen: 88064K->0K(175104K)] [ParOldGen: 505544K->495095K(524288K)] 593608K->495095K(699392K), [Metaspace: 43895K->43895K(1087488K)], 0.0568050 secs] [Times: user=0.43 sys=0.00, real=0.06 secs] 
2016-09-26T00:00:35.479-0400: 100.036: [Full GC (Ergonomics) [PSYoungGen: 88064K->0K(175104K)] [ParOldGen: 501961K->506310K(524288K)] 590025K->506310K(699392K), [Metaspace: 43895K->43895K(1087488K)], 0.0498497 secs] [Times: user=0.41 sys=0.00, real=0.05 secs] 
2016-09-26T00:00:35.570-0400: 100.127: [Full GC (Ergonomics) [PSYoungGen: 88064K->0K(175104K)] [ParOldGen: 509078K->501480K(524288K)] 597142K->501480K(699392K), [Metaspace: 43895K->43895K(1087488K)], 0.0567305 secs] [Times: user=0.44 sys=0.00, real=0.06 secs] 
2016-09-26T00:00:35.667-0400: 100.225: [Full GC (Ergonomics) [PSYoungGen: 88064K->0K(175104K)] [ParOldGen: 509684K->502070K(524288K)] 597748K->502070K(699392K), [Metaspace: 43895K->43895K(1087488K)], 0.0562007 secs] [Times: user=0.47 sys=0.00, real=0.06 secs] 
2016-09-26T00:00:35.759-0400: 100.317: [Full GC (Ergonomics) [PSYoungGen: 88064K->0K(175104K)] [ParOldGen: 502267K->502574K(524288K)] 590331K->502574K(699392K), [Metaspace: 43895K->43895K(1087488K)], 0.0560882 secs] [Times: user=0.58 sys=0.00, real=0.06 secs] 
2016-09-26T00:00:35.852-0400: 100.409: [Full GC (Ergonomics) [PSYoungGen: 88064K->0K(175104K)] [ParOldGen: 507283K->499257K(524288K)] 595347K->499257K(699392K), [Metaspace: 43895K->43895K(1087488K)], 0.0496481 secs] [Times: user=0.42 sys=0.00, real=0.05 secs] 
2016-09-26T00:00:35.938-0400: 100.495: [Full GC (Ergonomics) [PSYoungGen: 88064K->0K(175104K)] [ParOldGen: 499310K->503441K(524288K)] 587374K->503441K(699392K), [Metaspace: 43895K->43895K(1087488K)], 0.0571044 secs] [Times: user=0.56 sys=0.01, real=0.06 secs] 
2016-09-26T00:00:36.026-0400: 100.584: [Full GC (Ergonomics) [PSYoungGen: 88064K->0K(175104K)] [ParOldGen: 506289K->512147K(524288K)] 594353K->512147K(699392K), [Metaspace: 43895K->43895K(1087488K)], 0.0536971 secs] [Times: user=0.52 sys=0.00, real=0.05 secs] 
2016-09-26T00:00:36.125-0400: 100.682: [Full GC (Ergonomics) [PSYoungGen: 88064K->0K(175104K)] [ParOldGen: 521874K->503242K(524288K)] 609938K->503242K(699392K), [Metaspace: 43907K->43907K(1087488K)], 0.0506994 secs] [Times: user=0.44 sys=0.01, real=0.05 secs] 
2016-09-26T00:00:36.213-0400: 100.770: [Full GC (Ergonomics) [PSYoungGen: 88064K->0K(175104K)] [ParOldGen: 506027K->502256K(524288K)] 594091K->502256K(699392K), [Metaspace: 43907K->43907K(1087488K)], 0.0548777 secs] [Times: user=0.51 sys=0.00, real=0.06 secs] 
2016-09-26T00:00:36.303-0400: 100.860: [Full GC (Ergonomics) [PSYoungGen: 88064K->0K(175104K)] [ParOldGen: 505118K->513700K(524288K)] 593182K->513700K(699392K), [Metaspace: 43907K->43907K(1087488K)], 0.0554502 secs] [Times: user=0.53 sys=0.00, real=0.05 secs] 
2016-09-26T00:00:36.400-0400: 100.957: [Full GC (Ergonomics) [PSYoungGen: 88064K->0K(175104K)] [ParOldGen: 517003K->499385K(524288K)] 605067K->499385K(699392K), [Metaspace: 43908K->43908K(1087488K)], 0.0550098 secs] [Times: user=0.49 sys=0.01, real=0.06 secs] 
2016-09-26T00:00:36.489-0400: 101.046: [Full GC (Ergonomics) [PSYoungGen: 88064K->0K(175104K)] [ParOldGen: 504953K->511885K(524288K)] 593017K->511885K(699392K), [Metaspace: 43908K->43908K(1087488K)], 0.0599116 secs] [Times: user=0.62 sys=0.00, real=0.06 secs] 
2016-09-26T00:00:36.586-0400: 101.143: [Full GC (Ergonomics) [PSYoungGen: 88064K->0K(175104K)] [ParOldGen: 514807K->506973K(524288K)] 602871K->506973K(699392K), [Metaspace: 43908K->43908K(1087488K)], 0.0510837 secs] [Times: user=0.47 sys=0.00, real=0.05 secs] 
2016-09-26T00:00:36.676-0400: 101.233: [Full GC (Ergonomics) [PSYoungGen: 88064K->0K(175104K)] [ParOldGen: 515161K->515755K(524288K)] 603225K->515755K(699392K), [Metaspace: 43908K->43908K(1087488K)], 0.0486694 secs] [Times: user=0.43 sys=0.00, real=0.05 secs] 
2016-09-26T00:00:36.768-0400: 101.326: [Full GC (Ergonomics) [PSYoungGen: 88064K->0K(175104K)] [ParOldGen: 518513K->508102K(524288K)] 606577K->508102K(699392K), [Metaspace: 43908K->43908K(1087488K)], 0.0596929 secs] [Times: user=0.60 sys=0.00, real=0.06 secs] 
2016-09-26T00:00:36.863-0400: 101.420: [Full GC (Ergonomics) [PSYoungGen: 88064K->0K(175104K)] [ParOldGen: 513538K->511318K(524288K)] 601602K->511318K(699392K), [Metaspace: 43908K->43908K(1087488K)], 0.0543120 secs] [Times: user=0.49 sys=0.01, real=0.05 secs] 
2016-09-26T00:00:36.959-0400: 101.516: [Full GC (Ergonomics) [PSYoungGen: 88064K->0K(175104K)] [ParOldGen: 511375K->501193K(524288K)] 599439K->501193K(699392K), [Metaspace: 43908K->43908K(1087488K)], 0.0848974 secs] [Times: user=1.04 sys=0.02, real=0.09 secs] 
2016-09-26T00:00:37.082-0400: 101.639: [Full GC (Ergonomics) [PSYoungGen: 88064K->0K(175104K)] [ParOldGen: 506673K->507055K(524288K)] 594737K->507055K(699392K), [Metaspace: 43908K->43908K(1087488K)], 0.0518744 secs] [Times: user=0.46 sys=0.02, real=0.05 secs] 
2016-09-26T00:00:37.172-0400: 101.729: [Full GC (Ergonomics) [PSYoungGen: 88064K->0K(175104K)] [ParOldGen: 517899K->518489K(524288K)] 605963K->518489K(699392K), [Metaspace: 43908K->43908K(1087488K)], 0.0498822 secs] [Times: user=0.45 sys=0.01, real=0.05 secs] 
2016-09-26T00:00:37.265-0400: 101.822: [Full GC (Ergonomics) [PSYoungGen: 88064K->0K(175104K)] [ParOldGen: 524057K->519080K(524288K)] 612121K->519080K(699392K), [Metaspace: 43908K->43908K(1087488K)], 0.0594672 secs] [Times: user=0.55 sys=0.00, real=0.06 secs] 
2016-09-26T00:00:37.368-0400: 101.926: [Full GC (Ergonomics) [PSYoungGen: 88064K->0K(175104K)] [ParOldGen: 519097K->496709K(524288K)] 607161K->496709K(699392K), [Metaspace: 43908K->43908K(1087488K)], 0.0625738 secs] [Times: user=0.51 sys=0.01, real=0.06 secs] 
2016-09-26T00:00:37.465-0400: 102.022: [Full GC (Ergonomics) [PSYoungGen: 88064K->0K(175104K)] [ParOldGen: 496865K->509327K(524288K)] 584929K->509327K(699392K), [Metaspace: 43908K->43908K(1087488K)], 0.0552918 secs] [Times: user=0.54 sys=0.00, real=0.05 secs] 
2016-09-26T00:00:37.565-0400: 102.123: [Full GC (Ergonomics) [PSYoungGen: 88064K->0K(175104K)] [ParOldGen: 517496K->501816K(524288K)] 605560K->501816K(699392K), [Metaspace: 43908K->43908K(1087488K)], 0.0567726 secs] [Times: user=0.55 sys=0.00, real=0.06 secs] 
2016-09-26T00:00:37.663-0400: 102.220: [Full GC (Ergonomics) [PSYoungGen: 88064K->0K(175104K)] [ParOldGen: 516908K->513354K(524288K)] 604972K->513354K(699392K), [Metaspace: 43908K->43908K(1087488K)], 0.0502163 secs] [Times: user=0.41 sys=0.00, real=0.04 secs] 
2016-09-26T00:00:37.752-0400: 102.310: [Full GC (Ergonomics) [PSYoungGen: 88064K->0K(175104K)] [ParOldGen: 516306K->514009K(524288K)] 604370K->514009K(699392K), [Metaspace: 43908K->43908K(1087488K)], 0.0553681 secs] [Times: user=0.54 sys=0.00, real=0.06 secs] 
2016-09-26T00:00:37.853-0400: 102.411: [Full GC (Ergonomics) [PSYoungGen: 88064K->0K(175104K)] [ParOldGen: 519550K->514608K(524288K)] 607614K->514608K(699392K), [Metaspace: 43908K->43908K(1087488K)], 0.0524504 secs] [Times: user=0.50 sys=0.01, real=0.06 secs] 
2016-09-26T00:00:37.945-0400: 102.502: [Full GC (Ergonomics) [PSYoungGen: 88064K->0K(175104K)] [ParOldGen: 517502K->512466K(524288K)] 605566K->512466K(699392K), [Metaspace: 43908K->43908K(1087488K)], 0.0716545 secs] [Times: user=0.62 sys=0.00, real=0.07 secs] 
2016-09-26T00:00:38.053-0400: 102.611: [Full GC (Ergonomics) [PSYoungGen: 88064K->0K(175104K)] [ParOldGen: 520276K->517382K(524288K)] 608340K->517382K(699392K), [Metaspace: 43908K->43908K(1087488K)], 0.0539691 secs] [Times: user=0.50 sys=0.00, real=0.06 secs] 
2016-09-26T00:00:38.152-0400: 102.709: [Full GC (Ergonomics) [PSYoungGen: 88064K->0K(175104K)] [ParOldGen: 520447K->508392K(524288K)] 608511K->508392K(699392K), [Metaspace: 43908K->43908K(1087488K)], 0.0538491 secs] [Times: user=0.50 sys=0.00, real=0.06 secs] 
2016-09-26T00:00:38.244-0400: 102.802: [Full GC (Ergonomics) [PSYoungGen: 88064K->0K(175104K)] [ParOldGen: 512548K->511690K(524288K)] 600612K->511690K(699392K), [Metaspace: 43908K->43908K(1087488K)], 0.0526096 secs] [Times: user=0.48 sys=0.01, real=0.05 secs] 
2016-09-26T00:00:38.337-0400: 102.894: [Full GC (Ergonomics) [PSYoungGen: 88064K->0K(175104K)] [ParOldGen: 512108K->516632K(524288K)] 600172K->516632K(699392K), [Metaspace: 43908K->43908K(1087488K)], 0.0557101 secs] [Times: user=0.55 sys=0.00, real=0.05 secs] 
2016-09-26T00:00:38.436-0400: 102.993: [Full GC (Ergonomics) [PSYoungGen: 88064K->0K(175104K)] [ParOldGen: 519357K->507575K(524288K)] 607421K->507575K(699392K), [Metaspace: 43908K->43908K(1087488K)], 0.0559227 secs] [Times: user=0.58 sys=0.00, real=0.05 secs] 
2016-09-26T00:00:38.531-0400: 103.088: [Full GC (Ergonomics) [PSYoungGen: 88064K->0K(175104K)] [ParOldGen: 513537K->515390K(524288K)] 601601K->515390K(699392K), [Metaspace: 43908K->43908K(1087488K)], 0.0539765 secs] [Times: user=0.48 sys=0.00, real=0.06 secs] 
2016-09-26T00:00:38.629-0400: 103.187: [Full GC (Ergonomics) [PSYoungGen: 88064K->0K(175104K)] [ParOldGen: 523526K->510502K(524288K)] 611590K->510502K(699392K), [Metaspace: 43908K->43908K(1087488K)], 0.0602731 secs] [Times: user=0.65 sys=0.00, real=0.06 secs] 
2016-09-26T00:00:38.728-0400: 103.285: [Full GC (Ergonomics) [PSYoungGen: 88064K->0K(175104K)] [ParOldGen: 514682K->515069K(524288K)] 602746K->515069K(699392K), [Metaspace: 43908K->43908K(1087488K)], 0.0636728 secs] [Times: user=0.68 sys=0.00, real=0.06 secs] 
2016-09-26T00:00:38.833-0400: 103.391: [Full GC (Ergonomics) [PSYoungGen: 88064K->0K(175104K)] [ParOldGen: 517828K->523912K(524288K)] 605892K->523912K(699392K), [Metaspace: 43908K->43908K(1087488K)], 0.0579714 secs] [Times: user=0.51 sys=0.00, real=0.06 secs] 
2016-09-26T00:00:38.937-0400: 103.495: [Full GC (Ergonomics) [PSYoungGen: 88064K->0K(175104K)] [ParOldGen: 524194K->516496K(524288K)] 612258K->516496K(699392K), [Metaspace: 43908K->43908K(1087488K)], 0.0686430 secs] [Times: user=0.64 sys=0.00, real=0.07 secs] 
2016-09-26T00:00:39.045-0400: 103.602: [Full GC (Ergonomics) [PSYoungGen: 88064K->0K(175104K)] [ParOldGen: 522066K->517173K(524288K)] 610130K->517173K(699392K), [Metaspace: 43908K->43908K(1087488K)], 0.0944928 secs] [Times: user=1.12 sys=0.01, real=0.09 secs] 
2016-09-26T00:00:39.176-0400: 103.733: [Full GC (Ergonomics) [PSYoungGen: 88064K->0K(175104K)] [ParOldGen: 521492K->517982K(524288K)] 609556K->517982K(699392K), [Metaspace: 43908K->43908K(1087488K)], 0.0516169 secs] [Times: user=0.47 sys=0.02, real=0.05 secs] 
2016-09-26T00:00:39.267-0400: 103.824: [Full GC (Ergonomics) [PSYoungGen: 88064K->0K(175104K)] [ParOldGen: 521146K->520162K(524288K)] 609210K->520162K(699392K), [Metaspace: 43908K->43908K(1087488K)], 0.0539333 secs] [Times: user=0.48 sys=0.03, real=0.05 secs] 
2016-09-26T00:00:39.354-0400: 103.911: [Full GC (Ergonomics) [PSYoungGen: 88064K->0K(175104K)] [ParOldGen: 523078K->521932K(524288K)] 611142K->521932K(699392K), [Metaspace: 43908K->43908K(1087488K)], 0.0536364 secs] [Times: user=0.50 sys=0.00, real=0.06 secs] 
2016-09-26T00:00:39.449-0400: 104.006: [Full GC (Ergonomics) [PSYoungGen: 87739K->0K(175104K)] [ParOldGen: 521932K->514543K(524288K)] 609671K->514543K(699392K), [Metaspace: 43908K->43908K(1087488K)], 0.0541847 secs] [Times: user=0.50 sys=0.00, real=0.06 secs] 
2016-09-26T00:00:39.538-0400: 104.095: [Full GC (Ergonomics) [PSYoungGen: 88064K->2795K(175104K)] [ParOldGen: 518770K->522710K(524288K)] 606834K->525506K(699392K), [Metaspace: 43908K->43908K(1087488K)], 0.1714834 secs] [Times: user=2.45 sys=0.01, real=0.17 secs] 
2016-09-26T00:00:39.753-0400: 104.311: [Full GC (Ergonomics) [PSYoungGen: 87545K->0K(175104K)] [ParOldGen: 522710K->517989K(524288K)] 610256K->517989K(699392K), [Metaspace: 43908K->43908K(1087488K)], 0.0609724 secs] [Times: user=0.60 sys=0.00, real=0.07 secs] 
2016-09-26T00:00:39.847-0400: 104.405: [Full GC (Ergonomics) [PSYoungGen: 88064K->0K(175104K)] [ParOldGen: 518103K->524137K(524288K)] 606167K->524137K(699392K), [Metaspace: 43908K->43908K(1087488K)], 0.0528704 secs] [Times: user=0.46 sys=0.00, real=0.05 secs] 
2016-09-26T00:00:39.939-0400: 104.496: [Full GC (Ergonomics) [PSYoungGen: 86992K->2700K(175104K)] [ParOldGen: 524137K->521635K(524288K)] 611130K->524335K(699392K), [Metaspace: 43908K->43908K(1087488K)], 0.1594788 secs] [Times: user=2.39 sys=0.01, real=0.16 secs] 
2016-09-26T00:00:40.140-0400: 104.697: [Full GC (Ergonomics) [PSYoungGen: 88064K->0K(175104K)] [ParOldGen: 521977K->515760K(524288K)] 610041K->515760K(699392K), [Metaspace: 43908K->43908K(1087488K)], 0.0607507 secs] [Times: user=0.60 sys=0.00, real=0.06 secs] 
2016-09-26T00:00:40.237-0400: 104.795: [Full GC (Ergonomics) [PSYoungGen: 88064K->4054K(175104K)] [ParOldGen: 518617K->524212K(524288K)] 606681K->528266K(699392K), [Metaspace: 43908K->43908K(1087488K)], 0.1612990 secs] [Times: user=2.39 sys=0.02, real=0.16 secs] 
2016-09-26T00:00:40.436-0400: 104.993: [Full GC (Ergonomics) [PSYoungGen: 88064K->0K(175104K)] [ParOldGen: 524264K->522243K(524288K)] 612328K->522243K(699392K), [Metaspace: 43908K->43908K(1087488K)], 0.0512305 secs] [Times: user=0.45 sys=0.00, real=0.05 secs] 
2016-09-26T00:00:40.528-0400: 105.086: [Full GC (Ergonomics) [PSYoungGen: 88064K->0K(175104K)] [ParOldGen: 522467K->518824K(524288K)] 610531K->518824K(699392K), [Metaspace: 43911K->43911K(1087488K)], 0.0505227 secs] [Times: user=0.46 sys=0.00, real=0.05 secs] 
2016-09-26T00:00:40.613-0400: 105.170: [Full GC (Ergonomics) [PSYoungGen: 88064K->0K(175104K)] [ParOldGen: 522562K->523842K(524288K)] 610626K->523842K(699392K), [Metaspace: 43911K->43911K(1087488K)], 0.0556059 secs] [Times: user=0.54 sys=0.00, real=0.06 secs] 
2016-09-26T00:00:40.709-0400: 105.267: [Full GC (Ergonomics) [PSYoungGen: 86964K->0K(175104K)] [ParOldGen: 523842K->520241K(524288K)] 610806K->520241K(699392K), [Metaspace: 43911K->43911K(1087488K)], 0.0576401 secs] [Times: user=0.48 sys=0.01, real=0.06 secs] 
2016-09-26T00:00:40.801-0400: 105.358: [Full GC (Ergonomics) [PSYoungGen: 88064K->5427K(175104K)] [ParOldGen: 520304K->522984K(524288K)] 608368K->528412K(699392K), [Metaspace: 43911K->43911K(1087488K)], 0.1824284 secs] [Times: user=2.69 sys=0.03, real=0.19 secs] 
2016-09-26T00:00:41.024-0400: 105.582: [Full GC (Ergonomics) [PSYoungGen: 88064K->6913K(175104K)] [ParOldGen: 523286K->522278K(524288K)] 611350K->529191K(699392K), [Metaspace: 43911K->43911K(1087488K)], 0.1421719 secs] [Times: user=2.08 sys=0.00, real=0.14 secs] 
2016-09-26T00:00:41.205-0400: 105.762: [Full GC (Ergonomics) [PSYoungGen: 86817K->0K(175104K)] [ParOldGen: 522278K->514814K(524288K)] 609095K->514814K(699392K), [Metaspace: 43911K->43911K(1087488K)], 0.0542025 secs] [Times: user=0.51 sys=0.00, real=0.05 secs] 
2016-09-26T00:00:41.294-0400: 105.851: [Full GC (Ergonomics) [PSYoungGen: 88064K->1352K(175104K)] [ParOldGen: 515126K->523460K(524288K)] 603190K->524813K(699392K), [Metaspace: 43911K->43911K(1087488K)], 0.1450806 secs] [Times: user=2.03 sys=0.01, real=0.15 secs] 
2016-09-26T00:00:41.478-0400: 106.036: [Full GC (Ergonomics) [PSYoungGen: 88064K->6815K(175104K)] [ParOldGen: 523576K->523887K(524288K)] 611640K->530703K(699392K), [Metaspace: 43911K->43911K(1087488K)], 0.1427934 secs] [Times: user=2.06 sys=0.00, real=0.14 secs] 
2016-09-26T00:00:41.655-0400: 106.212: [Full GC (Ergonomics) [PSYoungGen: 88064K->9461K(175104K)] [ParOldGen: 523973K->521824K(524288K)] 612037K->531285K(699392K), [Metaspace: 43916K->43916K(1087488K)], 0.1549526 secs] [Times: user=2.30 sys=0.01, real=0.15 secs] 
2016-09-26T00:00:41.844-0400: 106.401: [Full GC (Ergonomics) [PSYoungGen: 88064K->4051K(175104K)] [ParOldGen: 521925K->522193K(524288K)] 609989K->526244K(699392K), [Metaspace: 43918K->43918K(1087488K)], 0.1482880 secs] [Times: user=2.06 sys=0.01, real=0.14 secs] 
2016-09-26T00:00:42.029-0400: 106.586: [Full GC (Ergonomics) [PSYoungGen: 87920K->4143K(175104K)] [ParOldGen: 522193K->522315K(524288K)] 610113K->526459K(699392K), [Metaspace: 43918K->43918K(1087488K)], 0.1680473 secs] [Times: user=2.47 sys=0.02, real=0.17 secs] 
2016-09-26T00:00:42.235-0400: 106.793: [Full GC (Ergonomics) [PSYoungGen: 88064K->2701K(175104K)] [ParOldGen: 522368K->524204K(524288K)] 610432K->526906K(699392K), [Metaspace: 43918K->43918K(1087488K)], 0.1577306 secs] [Times: user=2.25 sys=0.02, real=0.15 secs] 
2016-09-26T00:00:42.433-0400: 106.991: [Full GC (Ergonomics) [PSYoungGen: 88064K->5489K(175104K)] [ParOldGen: 524270K->521945K(524288K)] 612334K->527435K(699392K), [Metaspace: 43918K->43918K(1087488K)], 0.1536094 secs] [Times: user=2.23 sys=0.01, real=0.16 secs] 
2016-09-26T00:00:42.623-0400: 107.180: [Full GC (Ergonomics) [PSYoungGen: 88064K->8101K(175104K)] [ParOldGen: 522059K->522668K(524288K)] 610123K->530769K(699392K), [Metaspace: 43918K->43918K(1087488K)], 0.1901202 secs] [Times: user=2.17 sys=0.05, real=0.18 secs] 
2016-09-26T00:00:42.852-0400: 107.410: [Full GC (Ergonomics) [PSYoungGen: 88064K->0K(175104K)] [ParOldGen: 522931K->521969K(524288K)] 610995K->521969K(699392K), [Metaspace: 43918K->43918K(1087488K)], 0.0568587 secs] [Times: user=0.49 sys=0.02, real=0.06 secs] 
2016-09-26T00:00:42.950-0400: 107.507: [Full GC (Ergonomics) [PSYoungGen: 87187K->4050K(175104K)] [ParOldGen: 523319K->522325K(524288K)] 610506K->526375K(699392K), [Metaspace: 43918K->43918K(1087488K)], 0.1631775 secs] [Times: user=2.42 sys=0.00, real=0.16 secs] 
2016-09-26T00:00:43.149-0400: 107.707: [Full GC (Ergonomics) [PSYoungGen: 88064K->9578K(175104K)] [ParOldGen: 523932K->522593K(524288K)] 611996K->532172K(699392K), [Metaspace: 43918K->43918K(1087488K)], 0.1516801 secs] [Times: user=2.19 sys=0.01, real=0.15 secs] 
2016-09-26T00:00:43.337-0400: 107.894: [Full GC (Ergonomics) [PSYoungGen: 88064K->12236K(175104K)] [ParOldGen: 522987K->523130K(524288K)] 611051K->535366K(699392K), [Metaspace: 43960K->43960K(1087488K)], 0.1765093 secs] [Times: user=2.79 sys=0.04, real=0.17 secs] 
2016-09-26T00:00:43.558-0400: 108.116: [Full GC (Ergonomics) [PSYoungGen: 88064K->2701K(175104K)] [ParOldGen: 523178K->523471K(524288K)] 611242K->526172K(699392K), [Metaspace: 43960K->43960K(1087488K)], 0.1584884 secs] [Times: user=2.34 sys=0.02, real=0.16 secs] 
2016-09-26T00:00:43.748-0400: 108.305: [Full GC (Ergonomics) [PSYoungGen: 88064K->16463K(175104K)] [ParOldGen: 523601K->523890K(524288K)] 611665K->540354K(699392K), [Metaspace: 43964K->43964K(1087488K)], 0.1358325 secs] [Times: user=2.08 sys=0.01, real=0.14 secs] 
2016-09-26T00:00:43.925-0400: 108.483: [Full GC (Ergonomics) [PSYoungGen: 87845K->0K(175104K)] [ParOldGen: 523890K->523112K(524288K)] 611736K->523112K(699392K), [Metaspace: 43964K->43964K(1087488K)], 0.0625786 secs] [Times: user=0.70 sys=0.01, real=0.06 secs] 
2016-09-26T00:00:44.022-0400: 108.579: [Full GC (Ergonomics) [PSYoungGen: 88064K->9551K(175104K)] [ParOldGen: 523239K->522064K(524288K)] 611303K->531615K(699392K), [Metaspace: 43964K->43964K(1087488K)], 0.1655215 secs] [Times: user=2.41 sys=0.01, real=0.17 secs] 
2016-09-26T00:00:44.236-0400: 108.794: [Full GC (Ergonomics) [PSYoungGen: 87496K->2798K(175104K)] [ParOldGen: 523414K->523781K(524288K)] 610911K->526579K(699392K), [Metaspace: 43964K->43964K(1087488K)], 0.1841983 secs] [Times: user=2.17 sys=0.02, real=0.18 secs] 
2016-09-26T00:00:44.466-0400: 109.024: [Full GC (Ergonomics) [PSYoungGen: 88064K->4160K(175104K)] [ParOldGen: 523935K->524265K(524288K)] 611999K->528426K(699392K), [Metaspace: 43964K->43964K(1087488K)], 0.1618334 secs] [Times: user=2.18 sys=0.02, real=0.16 secs] 
2016-09-26T00:00:44.664-0400: 109.221: [Full GC (Ergonomics) [PSYoungGen: 86032K->8291K(175104K)] [ParOldGen: 524265K->521997K(524288K)] 610298K->530288K(699392K), [Metaspace: 43964K->43964K(1087488K)], 0.1632421 secs] [Times: user=2.31 sys=0.00, real=0.16 secs] 
2016-09-26T00:00:44.870-0400: 109.427: [Full GC (Ergonomics) [PSYoungGen: 86930K->11030K(175104K)] [ParOldGen: 521997K->522310K(524288K)] 608928K->533341K(699392K), [Metaspace: 43964K->43964K(1087488K)], 0.1675189 secs] [Times: user=2.08 sys=0.05, real=0.17 secs] 
2016-09-26T00:00:45.079-0400: 109.636: [Full GC (Ergonomics) [PSYoungGen: 87729K->15009K(175104K)] [ParOldGen: 522310K->524104K(524288K)] 610040K->539114K(699392K), [Metaspace: 43964K->43964K(1087488K)], 0.1578580 secs] [Times: user=2.35 sys=0.01, real=0.16 secs] 
2016-09-26T00:00:45.269-0400: 109.826: [Full GC (Ergonomics) [PSYoungGen: 87406K->9632K(175104K)] [ParOldGen: 524104K->521700K(524288K)] 611511K->531332K(699392K), [Metaspace: 43967K->43967K(1087488K)], 0.1767401 secs] [Times: user=2.58 sys=0.01, real=0.18 secs] 
2016-09-26T00:00:45.501-0400: 110.058: [Full GC (Ergonomics) [PSYoungGen: 87770K->5516K(175104K)] [ParOldGen: 521700K->523575K(524288K)] 609470K->529091K(699392K), [Metaspace: 43970K->43970K(1087488K)], 0.1586978 secs] [Times: user=2.13 sys=0.02, real=0.16 secs] 
2016-09-26T00:00:45.705-0400: 110.263: [Full GC (Ergonomics) [PSYoungGen: 85771K->10904K(175104K)] [ParOldGen: 523575K->523869K(524288K)] 609346K->534773K(699392K), [Metaspace: 43970K->43970K(1087488K)], 0.1684197 secs] [Times: user=2.34 sys=0.05, real=0.16 secs] 
2016-09-26T00:00:45.906-0400: 110.463: [Full GC (Ergonomics) [PSYoungGen: 87450K->12346K(175104K)] [ParOldGen: 523869K->523027K(524288K)] 611319K->535374K(699392K), [Metaspace: 43970K->43970K(1087488K)], 0.1677735 secs] [Times: user=2.14 sys=0.07, real=0.16 secs] 
2016-09-26T00:00:46.123-0400: 110.680: [Full GC (Ergonomics) [PSYoungGen: 87316K->16402K(175104K)] [ParOldGen: 523027K->521829K(524288K)] 610343K->538232K(699392K), [Metaspace: 43970K->43970K(1087488K)], 0.1767140 secs] [Times: user=2.16 sys=0.02, real=0.17 secs] 
2016-09-26T00:00:46.356-0400: 110.913: [Full GC (Ergonomics) [PSYoungGen: 86927K->9536K(175104K)] [ParOldGen: 521829K->522283K(524288K)] 608756K->531820K(699392K), [Metaspace: 43970K->43970K(1087488K)], 0.1871332 secs] [Times: user=2.50 sys=0.08, real=0.19 secs] 
2016-09-26T00:00:46.579-0400: 111.137: [Full GC (Ergonomics) [PSYoungGen: 88064K->12353K(175104K)] [ParOldGen: 522320K->524020K(524288K)] 610384K->536374K(699392K), [Metaspace: 43970K->43970K(1087488K)], 0.1526789 secs] [Times: user=2.27 sys=0.01, real=0.15 secs] 
2016-09-26T00:00:46.773-0400: 111.330: [Full GC (Ergonomics) [PSYoungGen: 88064K->9627K(175104K)] [ParOldGen: 524065K->524192K(524288K)] 612129K->533820K(699392K), [Metaspace: 43970K->43970K(1087488K)], 0.1490649 secs] [Times: user=2.11 sys=0.02, real=0.15 secs] 
2016-09-26T00:00:46.947-0400: 111.504: [Full GC (Ergonomics) [PSYoungGen: 86464K->21769K(175104K)] [ParOldGen: 524192K->523431K(524288K)] 610657K->545201K(699392K), [Metaspace: 43970K->43970K(1087488K)], 0.1507827 secs] [Times: user=2.18 sys=0.01, real=0.15 secs] 
2016-09-26T00:00:47.099-0400: 111.656: [Full GC (Ergonomics) [PSYoungGen: 24657K->24470K(175104K)] [ParOldGen: 523431K->523379K(524288K)] 548089K->547849K(699392K), [Metaspace: 43970K->43970K(1087488K)], 0.0512956 secs] [Times: user=0.45 sys=0.00, real=0.05 secs] 
2016-09-26T00:00:47.190-0400: 111.748: [Full GC (Ergonomics) [PSYoungGen: 88064K->9700K(175104K)] [ParOldGen: 523392K->522134K(524288K)] 611456K->531835K(699392K), [Metaspace: 43970K->43970K(1087488K)], 0.1880602 secs] [Times: user=2.53 sys=0.00, real=0.19 secs] 
2016-09-26T00:00:47.412-0400: 111.970: [Full GC (Ergonomics) [PSYoungGen: 88064K->23058K(175104K)] [ParOldGen: 522240K->522804K(524288K)] 610304K->545863K(699392K), [Metaspace: 43970K->43970K(1087488K)], 0.1647599 secs] [Times: user=2.15 sys=0.04, real=0.17 secs] 
2016-09-26T00:00:47.617-0400: 112.174: [Full GC (Ergonomics) [PSYoungGen: 88064K->13701K(175104K)] [ParOldGen: 522908K->524279K(524288K)] 610972K->537981K(699392K), [Metaspace: 43970K->43970K(1087488K)], 0.1603172 secs] [Times: user=2.16 sys=0.01, real=0.16 secs] 
2016-09-26T00:00:47.817-0400: 112.375: [Full GC (Ergonomics) [PSYoungGen: 86222K->19047K(175104K)] [ParOldGen: 524279K->522054K(524288K)] 610502K->541101K(699392K), [Metaspace: 43970K->43970K(1087488K)], 0.1573888 secs] [Times: user=1.77 sys=0.01, real=0.16 secs] 
2016-09-26T00:00:48.018-0400: 112.575: [Full GC (Ergonomics) [PSYoungGen: 88064K->24558K(175104K)] [ParOldGen: 522054K->522387K(524288K)] 610118K->546946K(699392K), [Metaspace: 43980K->43980K(1087488K)], 0.1724091 secs] [Times: user=2.44 sys=0.02, real=0.17 secs] 
2016-09-26T00:00:48.225-0400: 112.783: [Full GC (Ergonomics) [PSYoungGen: 87501K->22239K(175104K)] [ParOldGen: 522387K->522288K(524288K)] 609889K->544527K(699392K), [Metaspace: 43981K->43981K(1087488K)], 0.1522300 secs] [Times: user=2.19 sys=0.00, real=0.15 secs] 
2016-09-26T00:00:48.415-0400: 112.972: [Full GC (Ergonomics) [PSYoungGen: 88064K->21877K(175104K)] [ParOldGen: 523692K->522921K(524288K)] 611756K->544798K(699392K), [Metaspace: 43981K->43981K(1087488K)], 0.1591707 secs] [Times: user=2.04 sys=0.04, real=0.16 secs] 
2016-09-26T00:00:48.622-0400: 113.179: [Full GC (Ergonomics) [PSYoungGen: 88064K->12461K(175104K)] [ParOldGen: 523128K->521813K(524288K)] 611192K->534274K(699392K), [Metaspace: 43981K->43981K(1087488K)], 0.1977278 secs] [Times: user=2.68 sys=0.00, real=0.20 secs] 
2016-09-26T00:00:48.853-0400: 113.410: [Full GC (Ergonomics) [PSYoungGen: 86659K->23087K(175104K)] [ParOldGen: 521813K->522460K(524288K)] 608472K->545547K(699392K), [Metaspace: 43983K->43983K(1087488K)], 0.1744565 secs] [Times: user=2.44 sys=0.02, real=0.18 secs] 
2016-09-26T00:00:49.058-0400: 113.616: [Full GC (Ergonomics) [PSYoungGen: 88064K->19222K(175104K)] [ParOldGen: 522645K->523855K(524288K)] 610709K->543077K(699392K), [Metaspace: 43983K->43983K(1087488K)], 0.1496365 secs] [Times: user=2.16 sys=0.01, real=0.15 secs] 
2016-09-26T00:00:49.243-0400: 113.801: [Full GC (Ergonomics) [PSYoungGen: 87960K->16344K(175104K)] [ParOldGen: 523855K->523087K(524288K)] 611815K->539431K(699392K), [Metaspace: 43985K->43985K(1087488K)], 0.1670929 secs] [Times: user=2.44 sys=0.00, real=0.16 secs] 
2016-09-26T00:00:49.444-0400: 114.001: [Full GC (Ergonomics) [PSYoungGen: 88064K->15169K(175104K)] [ParOldGen: 523251K->521860K(524288K)] 611315K->537029K(699392K), [Metaspace: 43985K->43985K(1087488K)], 0.1657820 secs] [Times: user=2.34 sys=0.01, real=0.16 secs] 
2016-09-26T00:00:49.660-0400: 114.217: [Full GC (Ergonomics) [PSYoungGen: 87637K->16445K(175104K)] [ParOldGen: 523210K->522317K(524288K)] 610847K->538763K(699392K), [Metaspace: 43985K->43985K(1087488K)], 0.1625145 secs] [Times: user=2.18 sys=0.01, real=0.17 secs] 
2016-09-26T00:00:49.854-0400: 114.412: [Full GC (Ergonomics) [PSYoungGen: 85459K->19146K(175104K)] [ParOldGen: 522317K->522653K(524288K)] 607777K->541800K(699392K), [Metaspace: 43985K->43985K(1087488K)], 0.2020880 secs] [Times: user=2.22 sys=0.02, real=0.20 secs] 
2016-09-26T00:00:50.094-0400: 114.651: [Full GC (Ergonomics) [PSYoungGen: 87400K->13723K(175104K)] [ParOldGen: 522653K->522929K(524288K)] 610054K->536653K(699392K), [Metaspace: 43985K->43985K(1087488K)], 0.1542309 secs] [Times: user=2.06 sys=0.02, real=0.15 secs] 
2016-09-26T00:00:50.280-0400: 114.837: [Full GC (Ergonomics) [PSYoungGen: 88064K->13796K(175104K)] [ParOldGen: 523487K->523287K(524288K)] 611551K->537083K(699392K), [Metaspace: 43985K->43985K(1087488K)], 0.1543674 secs] [Times: user=2.24 sys=0.01, real=0.16 secs] 
2016-09-26T00:00:50.481-0400: 115.038: [Full GC (Ergonomics) [PSYoungGen: 87326K->21908K(175104K)] [ParOldGen: 523287K->522277K(524288K)] 610614K->544186K(699392K), [Metaspace: 43985K->43985K(1087488K)], 0.1569044 secs] [Times: user=2.05 sys=0.04, real=0.16 secs] 
2016-09-26T00:00:50.681-0400: 115.238: [Full GC (Ergonomics) [PSYoungGen: 88064K->19293K(175104K)] [ParOldGen: 523679K->523847K(524288K)] 611743K->543140K(699392K), [Metaspace: 43985K->43985K(1087488K)], 0.1559145 secs] [Times: user=2.25 sys=0.01, real=0.16 secs] 
2016-09-26T00:00:50.876-0400: 115.433: [Full GC (Ergonomics) [PSYoungGen: 87410K->23227K(175104K)] [ParOldGen: 523847K->522945K(524288K)] 611257K->546173K(699392K), [Metaspace: 43985K->43985K(1087488K)], 0.1706224 secs] [Times: user=2.49 sys=0.01, real=0.17 secs] 
2016-09-26T00:00:51.103-0400: 115.660: [Full GC (Ergonomics) [PSYoungGen: 88022K->12377K(175104K)] [ParOldGen: 522945K->523309K(524288K)] 610968K->535686K(699392K), [Metaspace: 43985K->43985K(1087488K)], 0.1625995 secs] [Times: user=2.32 sys=0.00, real=0.16 secs] 
2016-09-26T00:00:51.298-0400: 115.855: [Full GC (Ergonomics) [PSYoungGen: 88064K->27317K(175104K)] [ParOldGen: 523538K->522231K(524288K)] 611602K->549549K(699392K), [Metaspace: 43992K->43992K(1087488K)], 0.1893033 secs] [Times: user=2.85 sys=0.01, real=0.19 secs] 
2016-09-26T00:00:51.520-0400: 116.078: [Full GC (Ergonomics) [PSYoungGen: 88064K->19243K(175104K)] [ParOldGen: 523608K->523923K(524288K)] 611672K->543167K(699392K), [Metaspace: 43992K->43992K(1087488K)], 0.1686105 secs] [Times: user=2.58 sys=0.00, real=0.17 secs] 
2016-09-26T00:00:51.722-0400: 116.280: [Full GC (Ergonomics) [PSYoungGen: 87082K->15167K(175104K)] [ParOldGen: 523923K->522788K(524288K)] 611006K->537955K(699392K), [Metaspace: 43992K->43992K(1087488K)], 0.1693751 secs] [Times: user=2.55 sys=0.01, real=0.16 secs] 
2016-09-26T00:00:54.877-0400: 119.435: [Full GC (Ergonomics) [PSYoungGen: 88064K->0K(175104K)] [ParOldGen: 522853K->504617K(524288K)] 610917K->504617K(699392K), [Metaspace: 44041K->44029K(1087488K)], 0.1096842 secs] [Times: user=0.92 sys=0.00, real=0.11 secs] 
2016-09-26T00:01:00.296-0400: 124.853: [Full GC (Ergonomics) [PSYoungGen: 88064K->0K(175104K)] [ParOldGen: 504617K->510998K(524288K)] 592681K->510998K(699392K), [Metaspace: 44037K->44037K(1087488K)], 0.1275866 secs] [Times: user=1.20 sys=0.01, real=0.13 secs] 
2016-09-26T00:01:05.112-0400: 129.670: [Full GC (Ergonomics) [PSYoungGen: 88063K->0K(175104K)] [ParOldGen: 510998K->476174K(524288K)] 599061K->476174K(699392K), [Metaspace: 44037K->44037K(1087488K)], 0.1112742 secs] [Times: user=0.95 sys=0.01, real=0.12 secs] 
2016-09-26T00:01:09.832-0400: 134.389: [GC (Allocation Failure) [PSYoungGen: 88064K->20612K(175104K)] 564238K->496787K(699392K), 0.0272451 secs] [Times: user=0.26 sys=0.00, real=0.03 secs] 
2016-09-26T00:01:14.749-0400: 139.306: [GC (Allocation Failure) [PSYoungGen: 108676K->21765K(175104K)] 584851K->518208K(699392K), 0.0259428 secs] [Times: user=0.23 sys=0.00, real=0.03 secs] 
2016-09-26T00:01:14.775-0400: 139.332: [Full GC (Ergonomics) [PSYoungGen: 21765K->0K(175104K)] [ParOldGen: 496443K->468615K(524288K)] 518208K->468615K(699392K), [Metaspace: 44039K->44039K(1087488K)], 0.0976660 secs] [Times: user=1.07 sys=0.02, real=0.09 secs] 
2016-09-26T00:01:19.494-0400: 144.051: [GC (Allocation Failure) [PSYoungGen: 88064K->20132K(175104K)] 556679K->488756K(699392K), 0.0186790 secs] [Times: user=0.19 sys=0.00, real=0.02 secs] 
