Java HotSpot(TM) 64-Bit Server VM (25.101-b13) for linux-amd64 JRE (1.8.0_101-b13), built on Jun 22 2016 02:59:44 by "java_re" with gcc 4.3.0 20080428 (Red Hat 4.3.0-8)
Memory: 4k page, physical 264122320k(97386380k free), swap 268399612k(268399612k free)
CommandLine flags: -XX:GCLogFileSize=1048576 -XX:+HeapDumpOnOutOfMemoryError -XX:HeapDumpPath=artifacts/heapdump -XX:InitialHeapSize=805306368 -XX:MaxHeapSize=805306368 -XX:NumberOfGCLogFiles=10 -XX:+PrintGC -XX:+PrintGCDateStamps -XX:+PrintGCDetails -XX:+PrintGCTimeStamps -XX:+UseCompressedClassPointers -XX:+UseCompressedOops -XX:+UseGCLogFileRotation -XX:+UseParallelGC 
2016-09-25T21:59:49.697-0400: 2.103: [GC (Metadata GC Threshold) [PSYoungGen: 125830K->15619K(229376K)] 125830K->15707K(753664K), 0.0205445 secs] [Times: user=0.13 sys=0.02, real=0.02 secs] 
2016-09-25T21:59:49.718-0400: 2.124: [Full GC (Metadata GC Threshold) [PSYoungGen: 15619K->0K(229376K)] [ParOldGen: 88K->14601K(342016K)] 15707K->14601K(571392K), [Metaspace: 21063K->21063K(1067008K)], 0.0396874 secs] [Times: user=0.34 sys=0.03, real=0.04 secs] 
2016-09-25T21:59:51.435-0400: 3.841: [GC (Metadata GC Threshold) [PSYoungGen: 121515K->15109K(229376K)] 136117K->29847K(571392K), 0.0279299 secs] [Times: user=0.26 sys=0.01, real=0.03 secs] 
2016-09-25T21:59:51.463-0400: 3.869: [Full GC (Metadata GC Threshold) [PSYoungGen: 15109K->0K(229376K)] [ParOldGen: 14737K->20495K(524288K)] 29847K->20495K(753664K), [Metaspace: 34961K->34961K(1079296K)], 0.0547929 secs] [Times: user=0.40 sys=0.02, real=0.05 secs] 
2016-09-25T21:59:53.214-0400: 5.620: [GC (GCLocker Initiated GC) [PSYoungGen: 196059K->29072K(229376K)] 223304K->56325K(753664K), 0.0103080 secs] [Times: user=0.10 sys=0.02, real=0.01 secs] 
2016-09-25T21:59:53.366-0400: 5.772: [GC (GCLocker Initiated GC) [PSYoungGen: 225680K->32590K(229376K)] 253055K->70773K(753664K), 0.0070223 secs] [Times: user=0.08 sys=0.01, real=0.00 secs] 
2016-09-25T21:59:53.513-0400: 5.919: [GC (GCLocker Initiated GC) [PSYoungGen: 229198K->32762K(229376K)] 279624K->91296K(753664K), 0.0058696 secs] [Times: user=0.08 sys=0.00, real=0.01 secs] 
2016-09-25T21:59:53.648-0400: 6.054: [GC (GCLocker Initiated GC) [PSYoungGen: 229370K->32741K(174080K)] 297939K->132608K(698368K), 0.0105762 secs] [Times: user=0.14 sys=0.03, real=0.01 secs] 
2016-09-25T21:59:53.743-0400: 6.149: [GC (GCLocker Initiated GC) [PSYoungGen: 174053K->54800K(196608K)] 282161K->162917K(720896K), 0.0188615 secs] [Times: user=0.27 sys=0.01, real=0.01 secs] 
2016-09-25T21:59:53.850-0400: 6.256: [GC (GCLocker Initiated GC) [PSYoungGen: 196112K->54251K(181248K)] 304388K->165920K(705536K), 0.0078215 secs] [Times: user=0.05 sys=0.04, real=0.01 secs] 
2016-09-25T21:59:53.920-0400: 6.326: [GC (GCLocker Initiated GC) [PSYoungGen: 169963K->66160K(182272K)] 284481K->194765K(706560K), 0.0087814 secs] [Times: user=0.07 sys=0.04, real=0.01 secs] 
2016-09-25T21:59:53.991-0400: 6.397: [GC (GCLocker Initiated GC) [PSYoungGen: 181872K->78042K(167936K)] 313292K->215400K(692224K), 0.0092826 secs] [Times: user=0.11 sys=0.01, real=0.01 secs] 
2016-09-25T21:59:54.044-0400: 6.450: [GC (GCLocker Initiated GC) [PSYoungGen: 166106K->57555K(175104K)] 303635K->217122K(699392K), 0.0072642 secs] [Times: user=0.11 sys=0.01, real=0.00 secs] 
2016-09-25T21:59:54.106-0400: 6.512: [GC (GCLocker Initiated GC) [PSYoungGen: 145619K->38378K(175104K)] 308029K->211909K(699392K), 0.0083433 secs] [Times: user=0.05 sys=0.02, real=0.01 secs] 
2016-09-25T21:59:54.168-0400: 6.574: [GC (GCLocker Initiated GC) [PSYoungGen: 126442K->32946K(121344K)] 304671K->214067K(645632K), 0.0196641 secs] [Times: user=0.23 sys=0.00, real=0.02 secs] 
2016-09-25T21:59:54.235-0400: 6.641: [GC (GCLocker Initiated GC) [PSYoungGen: 121010K->33011K(176128K)] 311031K->239439K(700416K), 0.0102202 secs] [Times: user=0.07 sys=0.02, real=0.01 secs] 
2016-09-25T21:59:54.309-0400: 6.715: [GC (GCLocker Initiated GC) [PSYoungGen: 123635K->20671K(173568K)] 334219K->242247K(697856K), 0.0098024 secs] [Times: user=0.08 sys=0.01, real=0.01 secs] 
2016-09-25T21:59:54.378-0400: 6.784: [GC (GCLocker Initiated GC) [PSYoungGen: 111295K->37218K(173568K)] 340984K->267130K(697856K), 0.0178052 secs] [Times: user=0.20 sys=0.00, real=0.02 secs] 
2016-09-25T21:59:54.453-0400: 6.859: [GC (GCLocker Initiated GC) [PSYoungGen: 133474K->43793K(175104K)] 364788K->275298K(699392K), 0.0062037 secs] [Times: user=0.04 sys=0.03, real=0.01 secs] 
2016-09-25T21:59:54.506-0400: 6.912: [GC (GCLocker Initiated GC) [PSYoungGen: 140049K->65500K(174080K)] 374409K->300122K(698368K), 0.0094632 secs] [Times: user=0.14 sys=0.00, real=0.01 secs] 
2016-09-25T21:59:54.574-0400: 6.980: [GC (GCLocker Initiated GC) [PSYoungGen: 162780K->57602K(155136K)] 397453K->303396K(679424K), 0.0075185 secs] [Times: user=0.09 sys=0.02, real=0.01 secs] 
2016-09-25T21:59:54.642-0400: 7.048: [GC (GCLocker Initiated GC) [PSYoungGen: 154882K->46862K(181248K)] 411634K->328313K(705536K), 0.0105199 secs] [Times: user=0.15 sys=0.01, real=0.00 secs] 
2016-09-25T21:59:54.710-0400: 7.116: [GC (GCLocker Initiated GC) [PSYoungGen: 144142K->54884K(178176K)] 428460K->350468K(702464K), 0.0068277 secs] [Times: user=0.10 sys=0.00, real=0.01 secs] 
2016-09-25T21:59:54.772-0400: 7.178: [GC (GCLocker Initiated GC) [PSYoungGen: 152164K->68508K(171008K)] 452221K->368984K(695296K), 0.0074558 secs] [Times: user=0.08 sys=0.00, real=0.01 secs] 
2016-09-25T21:59:54.833-0400: 7.239: [GC (GCLocker Initiated GC) [PSYoungGen: 158620K->45466K(176128K)] 475340K->384260K(700416K), 0.0105707 secs] [Times: user=0.10 sys=0.04, real=0.02 secs] 
2016-09-25T21:59:54.896-0400: 7.302: [GC (GCLocker Initiated GC) [PSYoungGen: 135578K->47928K(168448K)] 474453K->392559K(692736K), 0.0073689 secs] [Times: user=0.05 sys=0.00, real=0.01 secs] 
2016-09-25T21:59:54.958-0400: 7.364: [GC (GCLocker Initiated GC) [PSYoungGen: 141624K->53548K(173056K)] 495898K->413564K(697344K), 0.0095085 secs] [Times: user=0.07 sys=0.01, real=0.01 secs] 
2016-09-25T21:59:55.033-0400: 7.439: [GC (GCLocker Initiated GC) [PSYoungGen: 147244K->31742K(181760K)] 514040K->404356K(706048K), 0.0145104 secs] [Times: user=0.13 sys=0.01, real=0.02 secs] 
2016-09-25T21:59:55.103-0400: 7.509: [GC (GCLocker Initiated GC) [PSYoungGen: 136190K->55007K(182784K)] 515642K->437540K(707072K), 0.0131569 secs] [Times: user=0.14 sys=0.00, real=0.01 secs] 
2016-09-25T21:59:55.177-0400: 7.583: [GC (GCLocker Initiated GC) [PSYoungGen: 159455K->50802K(179712K)] 542093K->450143K(704000K), 0.0121249 secs] [Times: user=0.12 sys=0.00, real=0.01 secs] 
2016-09-25T21:59:55.256-0400: 7.662: [GC (GCLocker Initiated GC) [PSYoungGen: 156274K->41269K(181760K)] 562455K->447830K(706048K), 0.0069632 secs] [Times: user=0.05 sys=0.00, real=0.01 secs] 
2016-09-25T21:59:55.320-0400: 7.726: [GC (GCLocker Initiated GC) [PSYoungGen: 146741K->37155K(183296K)] 558777K->452301K(707584K), 0.0113140 secs] [Times: user=0.11 sys=0.01, real=0.01 secs] 
2016-09-25T21:59:55.392-0400: 7.798: [GC (GCLocker Initiated GC) [PSYoungGen: 148259K->57584K(184832K)] 563515K->481397K(709120K), 0.0076989 secs] [Times: user=0.08 sys=0.00, real=0.01 secs] 
2016-09-25T21:59:55.466-0400: 7.872: [GC (GCLocker Initiated GC) [PSYoungGen: 168688K->52179K(187392K)] 596652K->480563K(711680K), 0.0071518 secs] [Times: user=0.06 sys=0.00, real=0.00 secs] 
2016-09-25T21:59:55.546-0400: 7.952: [GC (GCLocker Initiated GC) [PSYoungGen: 164819K->55040K(186880K)] 601414K->500254K(711168K), 0.0134767 secs] [Times: user=0.15 sys=0.00, real=0.01 secs] 
2016-09-25T21:59:55.642-0400: 8.049: [GC (Allocation Failure) [PSYoungGen: 167680K->41508K(185344K)] 626536K->508935K(709632K), 0.0068306 secs] [Times: user=0.08 sys=0.00, real=0.00 secs] 
2016-09-25T21:59:55.724-0400: 8.130: [GC (GCLocker Initiated GC) [PSYoungGen: 153611K->38748K(186368K)] 623739K->525611K(710656K), 0.0072631 secs] [Times: user=0.06 sys=0.02, real=0.00 secs] 
2016-09-25T21:59:55.821-0400: 8.227: [GC (GCLocker Initiated GC) [PSYoungGen: 152412K->56407K(187392K)] 639310K->543710K(711680K), 0.0058146 secs] [Times: user=0.06 sys=0.00, real=0.01 secs] 
2016-09-25T21:59:55.902-0400: 8.308: [GC (GCLocker Initiated GC) [PSYoungGen: 172119K->54962K(188928K)] 662206K->572585K(713216K), 0.0079304 secs] [Times: user=0.09 sys=0.01, real=0.01 secs] 
2016-09-25T21:59:55.910-0400: 8.316: [Full GC (Ergonomics) [PSYoungGen: 54962K->0K(188928K)] [ParOldGen: 517623K->54928K(524288K)] 572585K->54928K(713216K), [Metaspace: 43013K->43013K(1085440K)], 0.1921159 secs] [Times: user=2.53 sys=0.03, real=0.20 secs] 
2016-09-25T21:59:56.178-0400: 8.584: [GC (GCLocker Initiated GC) [PSYoungGen: 115712K->68686K(178688K)] 170699K->123681K(702976K), 0.0065636 secs] [Times: user=0.09 sys=0.00, real=0.01 secs] 
2016-09-25T21:59:56.235-0400: 8.641: [GC (GCLocker Initiated GC) [PSYoungGen: 174158K->71162K(176640K)] 232109K->140659K(700928K), 0.0070237 secs] [Times: user=0.09 sys=0.00, real=0.01 secs] 
2016-09-25T21:59:56.300-0400: 8.706: [GC (GCLocker Initiated GC) [PSYoungGen: 176634K->52261K(182272K)] 246434K->122511K(706560K), 0.0054170 secs] [Times: user=0.06 sys=0.00, real=0.01 secs] 
2016-09-25T21:59:56.350-0400: 8.756: [GC (GCLocker Initiated GC) [PSYoungGen: 151589K->64288K(179200K)] 221898K->148538K(703488K), 0.0098090 secs] [Times: user=0.14 sys=0.00, real=0.01 secs] 
2016-09-25T21:59:56.415-0400: 8.821: [GC (GCLocker Initiated GC) [PSYoungGen: 163616K->64412K(178176K)] 248905K->163566K(702464K), 0.0072026 secs] [Times: user=0.10 sys=0.00, real=0.01 secs] 
2016-09-25T21:59:56.477-0400: 8.884: [GC (GCLocker Initiated GC) [PSYoungGen: 160668K->43974K(179200K)] 261284K->166664K(703488K), 0.0061779 secs] [Times: user=0.07 sys=0.00, real=0.01 secs] 
2016-09-25T21:59:56.536-0400: 8.942: [GC (GCLocker Initiated GC) [PSYoungGen: 140230K->57584K(176128K)] 268434K->186122K(700416K), 0.0052317 secs] [Times: user=0.07 sys=0.00, real=0.00 secs] 
2016-09-25T21:59:56.598-0400: 9.004: [GC (GCLocker Initiated GC) [PSYoungGen: 154864K->33188K(177664K)] 291619K->170330K(701952K), 0.0058733 secs] [Times: user=0.06 sys=0.00, real=0.01 secs] 
2016-09-25T21:59:56.663-0400: 9.069: [GC (GCLocker Initiated GC) [PSYoungGen: 130468K->50989K(177664K)] 283869K->204786K(701952K), 0.0078195 secs] [Times: user=0.10 sys=0.00, real=0.00 secs] 
2016-09-25T21:59:56.723-0400: 9.129: [GC (GCLocker Initiated GC) [PSYoungGen: 151341K->75152K(175616K)] 305259K->248473K(699904K), 0.0075333 secs] [Times: user=0.10 sys=0.00, real=0.00 secs] 
2016-09-25T21:59:56.789-0400: 9.195: [GC (GCLocker Initiated GC) [PSYoungGen: 175504K->45465K(179200K)] 354356K->243607K(703488K), 0.0061059 secs] [Times: user=0.08 sys=0.00, real=0.01 secs] 
2016-09-25T21:59:56.841-0400: 9.247: [GC (GCLocker Initiated GC) [PSYoungGen: 140185K->72494K(167424K)] 346592K->279336K(691712K), 0.0071546 secs] [Times: user=0.10 sys=0.00, real=0.01 secs] 
2016-09-25T21:59:56.913-0400: 9.319: [GC (GCLocker Initiated GC) [PSYoungGen: 167214K->57570K(177152K)] 376945K->281280K(701440K), 0.0064022 secs] [Times: user=0.08 sys=0.00, real=0.01 secs] 
2016-09-25T21:59:56.972-0400: 9.378: [GC (GCLocker Initiated GC) [PSYoungGen: 147682K->61680K(152064K)] 381016K->295364K(676352K), 0.0062643 secs] [Times: user=0.09 sys=0.00, real=0.01 secs] 
2016-09-25T21:59:57.038-0400: 9.444: [GC (GCLocker Initiated GC) [PSYoungGen: 151792K->65652K(174080K)] 391067K->305360K(698368K), 0.0076481 secs] [Times: user=0.07 sys=0.00, real=0.01 secs] 
2016-09-25T21:59:57.097-0400: 9.503: [GC (GCLocker Initiated GC) [PSYoungGen: 155252K->79170K(174592K)] 395169K->319467K(698880K), 0.0078798 secs] [Times: user=0.12 sys=0.00, real=0.01 secs] 
2016-09-25T21:59:57.147-0400: 9.553: [GC (GCLocker Initiated GC) [PSYoungGen: 168770K->58920K(175104K)] 409141K->313149K(699392K), 0.0101346 secs] [Times: user=0.14 sys=0.00, real=0.01 secs] 
2016-09-25T21:59:57.209-0400: 9.615: [GC (GCLocker Initiated GC) [PSYoungGen: 146984K->50642K(138752K)] 401264K->313371K(663040K), 0.0078181 secs] [Times: user=0.04 sys=0.00, real=0.01 secs] 
2016-09-25T21:59:57.271-0400: 9.677: [GC (GCLocker Initiated GC) [PSYoungGen: 138706K->46719K(174592K)] 406871K->334156K(698880K), 0.0083000 secs] [Times: user=0.08 sys=0.00, real=0.01 secs] 
2016-09-25T21:59:57.330-0400: 9.736: [GC (GCLocker Initiated GC) [PSYoungGen: 135295K->35951K(174080K)] 429810K->336221K(698368K), 0.0058896 secs] [Times: user=0.05 sys=0.00, real=0.01 secs] 
2016-09-25T21:59:57.383-0400: 9.789: [GC (GCLocker Initiated GC) [PSYoungGen: 124527K->64319K(175104K)] 424908K->365111K(699392K), 0.0074740 secs] [Times: user=0.09 sys=0.01, real=0.00 secs] 
2016-09-25T21:59:57.441-0400: 9.847: [GC (GCLocker Initiated GC) [PSYoungGen: 153407K->52119K(141312K)] 459747K->369624K(665600K), 0.0061839 secs] [Times: user=0.06 sys=0.00, real=0.01 secs] 
2016-09-25T21:59:57.501-0400: 9.907: [GC (GCLocker Initiated GC) [PSYoungGen: 141207K->52215K(175616K)] 465564K->387780K(699904K), 0.0065448 secs] [Times: user=0.06 sys=0.00, real=0.01 secs] 
2016-09-25T21:59:57.558-0400: 9.964: [GC (GCLocker Initiated GC) [PSYoungGen: 143863K->46591K(173568K)] 480777K->386552K(697856K), 0.0068187 secs] [Times: user=0.06 sys=0.00, real=0.01 secs] 
2016-09-25T21:59:57.610-0400: 10.016: [GC (GCLocker Initiated GC) [PSYoungGen: 138239K->68223K(174592K)] 481080K->411420K(698880K), 0.0179427 secs] [Times: user=0.12 sys=0.00, real=0.02 secs] 
2016-09-25T21:59:57.683-0400: 10.089: [GC (GCLocker Initiated GC) [PSYoungGen: 161919K->48133K(177152K)] 511900K->412017K(701440K), 0.0158295 secs] [Times: user=0.23 sys=0.01, real=0.01 secs] 
2016-09-25T21:59:57.751-0400: 10.157: [GC (GCLocker Initiated GC) [PSYoungGen: 141829K->64365K(178688K)] 511264K->434259K(702976K), 0.0062646 secs] [Times: user=0.05 sys=0.00, real=0.01 secs] 
2016-09-25T21:59:57.809-0400: 10.215: [GC (GCLocker Initiated GC) [PSYoungGen: 161133K->57583K(154624K)] 536536K->441513K(678912K), 0.0063711 secs] [Times: user=0.08 sys=0.00, real=0.01 secs] 
2016-09-25T21:59:57.866-0400: 10.273: [GC (GCLocker Initiated GC) [PSYoungGen: 154351K->58901K(179200K)] 541044K->459489K(703488K), 0.0063783 secs] [Times: user=0.08 sys=0.00, real=0.00 secs] 
2016-09-25T21:59:57.923-0400: 10.329: [GC (GCLocker Initiated GC) [PSYoungGen: 157717K->50893K(178176K)] 569287K->465549K(702464K), 0.0072633 secs] [Times: user=0.06 sys=0.01, real=0.00 secs] 
2016-09-25T21:59:57.993-0400: 10.399: [GC (GCLocker Initiated GC) [PSYoungGen: 149709K->58855K(181248K)] 564423K->474024K(705536K), 0.0115434 secs] [Times: user=0.16 sys=0.00, real=0.02 secs] 
2016-09-25T21:59:58.055-0400: 10.461: [GC (GCLocker Initiated GC) [PSYoungGen: 162279K->30606K(180224K)] 600579K->480031K(704512K), 0.0057949 secs] [Times: user=0.05 sys=0.00, real=0.00 secs] 
2016-09-25T21:59:58.116-0400: 10.522: [GC (GCLocker Initiated GC) [PSYoungGen: 134030K->71102K(175616K)] 583480K->521114K(699904K), 0.0066963 secs] [Times: user=0.09 sys=0.00, real=0.01 secs] 
2016-09-25T21:59:58.178-0400: 10.584: [GC (GCLocker Initiated GC) [PSYoungGen: 167358K->33375K(130048K)] 626853K->504075K(654336K), 0.0056427 secs] [Times: user=0.08 sys=0.00, real=0.01 secs] 
2016-09-25T21:59:58.226-0400: 10.633: [GC (GCLocker Initiated GC) [PSYoungGen: 129630K->61633K(178176K)] 603272K->535754K(702464K), 0.0071443 secs] [Times: user=0.09 sys=0.00, real=0.00 secs] 
2016-09-25T21:59:58.287-0400: 10.693: [GC (GCLocker Initiated GC) [PSYoungGen: 155841K->62970K(157184K)] 630212K->537727K(681472K), 0.0064047 secs] [Times: user=0.08 sys=0.00, real=0.00 secs] 
2016-09-25T21:59:58.350-0400: 10.756: [GC (GCLocker Initiated GC) [PSYoungGen: 157178K->61601K(178176K)] 638857K->543614K(702464K), 0.0221113 secs] [Times: user=0.33 sys=0.01, real=0.02 secs] 
2016-09-25T21:59:58.421-0400: 10.827: [GC (GCLocker Initiated GC) [PSYoungGen: 155297K->50879K(144896K)] 646860K->559045K(669184K), 0.0072573 secs] [Times: user=0.09 sys=0.00, real=0.01 secs] 
2016-09-25T21:59:58.428-0400: 10.834: [Full GC (Ergonomics) [PSYoungGen: 50879K->0K(144896K)] [ParOldGen: 508166K->67711K(524288K)] 559045K->67711K(669184K), [Metaspace: 43194K->43194K(1085440K)], 0.0461833 secs] [Times: user=0.41 sys=0.00, real=0.05 secs] 
2016-09-25T21:59:58.530-0400: 10.936: [GC (GCLocker Initiated GC) [PSYoungGen: 93696K->64621K(174592K)] 166880K->137806K(698880K), 0.0059038 secs] [Times: user=0.08 sys=0.00, real=0.01 secs] 
2016-09-25T21:59:58.593-0400: 10.999: [GC (GCLocker Initiated GC) [PSYoungGen: 157293K->53593K(175616K)] 242662K->139629K(699904K), 0.0054201 secs] [Times: user=0.07 sys=0.00, real=0.01 secs] 
2016-09-25T21:59:58.654-0400: 11.060: [GC (GCLocker Initiated GC) [PSYoungGen: 146265K->33406K(176128K)] 254034K->163224K(700416K), 0.0061484 secs] [Times: user=0.06 sys=0.00, real=0.00 secs] 
2016-09-25T21:59:58.716-0400: 11.123: [GC (GCLocker Initiated GC) [PSYoungGen: 129150K->60238K(177664K)] 259014K->204071K(701952K), 0.0073813 secs] [Times: user=0.09 sys=0.00, real=0.01 secs] 
2016-09-25T21:59:58.774-0400: 11.180: [GC (GCLocker Initiated GC) [PSYoungGen: 155982K->49246K(176640K)] 299933K->193539K(700928K), 0.0086777 secs] [Times: user=0.06 sys=0.00, real=0.02 secs] 
2016-09-25T21:59:58.833-0400: 11.240: [GC (GCLocker Initiated GC) [PSYoungGen: 148062K->49497K(178688K)] 295632K->208258K(702976K), 0.0060330 secs] [Times: user=0.04 sys=0.02, real=0.01 secs] 
2016-09-25T21:59:58.886-0400: 11.292: [GC (GCLocker Initiated GC) [PSYoungGen: 148313K->65761K(180224K)] 309882K->227802K(704512K), 0.0065806 secs] [Times: user=0.07 sys=0.00, real=0.00 secs] 
2016-09-25T21:59:58.944-0400: 11.350: [GC (GCLocker Initiated GC) [PSYoungGen: 168161K->53419K(182272K)] 333039K->229513K(706560K), 0.0090279 secs] [Times: user=0.06 sys=0.00, real=0.00 secs] 
2016-09-25T21:59:59.015-0400: 11.421: [GC (GCLocker Initiated GC) [PSYoungGen: 155819K->57565K(180224K)] 337549K->239681K(704512K), 0.0079732 secs] [Times: user=0.07 sys=0.00, real=0.01 secs] 
2016-09-25T21:59:59.083-0400: 11.489: [GC (GCLocker Initiated GC) [PSYoungGen: 162013K->76561K(181248K)] 344187K->261859K(705536K), 0.0144207 secs] [Times: user=0.15 sys=0.01, real=0.01 secs] 
2016-09-25T21:59:59.176-0400: 11.582: [GC (GCLocker Initiated GC) [PSYoungGen: 181009K->46815K(179200K)] 366355K->254218K(703488K), 0.0106625 secs] [Times: user=0.14 sys=0.01, real=0.01 secs] 
2016-09-25T21:59:59.247-0400: 11.653: [GC (GCLocker Initiated GC) [PSYoungGen: 145119K->64379K(162816K)] 354512K->293091K(687104K), 0.0080401 secs] [Times: user=0.10 sys=0.00, real=0.01 secs] 
2016-09-25T21:59:59.318-0400: 11.724: [GC (GCLocker Initiated GC) [PSYoungGen: 162683K->67143K(177664K)] 394885K->299802K(701952K), 0.0061193 secs] [Times: user=0.08 sys=0.00, real=0.01 secs] 
2016-09-25T21:59:59.383-0400: 11.790: [GC (GCLocker Initiated GC) [PSYoungGen: 162375K->49465K(178688K)] 404506K->300106K(702976K), 0.0161133 secs] [Times: user=0.24 sys=0.00, real=0.01 secs] 
2016-09-25T21:59:59.449-0400: 11.855: [GC (GCLocker Initiated GC) [PSYoungGen: 144697K->64287K(178688K)] 395369K->315432K(702976K), 0.0119954 secs] [Times: user=0.19 sys=0.00, real=0.01 secs] 
2016-09-25T21:59:59.525-0400: 11.931: [GC (GCLocker Initiated GC) [PSYoungGen: 160543K->56170K(152576K)] 414462K->310438K(676864K), 0.0236605 secs] [Times: user=0.27 sys=0.00, real=0.02 secs] 
2016-09-25T21:59:59.610-0400: 12.016: [GC (GCLocker Initiated GC) [PSYoungGen: 152426K->28991K(175104K)] 406753K->294498K(699392K), 0.0091226 secs] [Times: user=0.05 sys=0.01, real=0.01 secs] 
2016-09-25T21:59:59.678-0400: 12.084: [GC (GCLocker Initiated GC) [PSYoungGen: 123711K->50755K(177664K)] 389311K->318146K(701952K), 0.0145334 secs] [Times: user=0.17 sys=0.01, real=0.01 secs] 
2016-09-25T21:59:59.752-0400: 12.158: [GC (GCLocker Initiated GC) [PSYoungGen: 145475K->54897K(173568K)] 418375K->341678K(697856K), 0.0083979 secs] [Times: user=0.11 sys=0.00, real=0.01 secs] 
2016-09-25T21:59:59.831-0400: 12.237: [GC (GCLocker Initiated GC) [PSYoungGen: 153201K->64411K(176640K)] 446842K->366585K(700928K), 0.0077738 secs] [Times: user=0.11 sys=0.00, real=0.01 secs] 
2016-09-25T21:59:59.905-0400: 12.311: [GC (GCLocker Initiated GC) [PSYoungGen: 162715K->57519K(182272K)] 470403K->365648K(706560K), 0.0067846 secs] [Times: user=0.06 sys=0.00, real=0.00 secs] 
2016-09-25T21:59:59.992-0400: 12.398: [GC (GCLocker Initiated GC) [PSYoungGen: 161455K->72433K(176640K)] 469663K->399944K(700928K), 0.0126067 secs] [Times: user=0.13 sys=0.00, real=0.02 secs] 
2016-09-25T22:00:00.087-0400: 12.493: [GC (GCLocker Initiated GC) [PSYoungGen: 176369K->33407K(176640K)] 521480K->408621K(700928K), 0.0073217 secs] [Times: user=0.08 sys=0.00, real=0.01 secs] 
2016-09-25T22:00:00.160-0400: 12.566: [GC (GCLocker Initiated GC) [PSYoungGen: 127615K->67111K(161792K)] 513866K->453866K(686080K), 0.0062594 secs] [Times: user=0.09 sys=0.01, real=0.01 secs] 
2016-09-25T22:00:00.238-0400: 12.644: [GC (GCLocker Initiated GC) [PSYoungGen: 161319K->62937K(177152K)] 550799K->452874K(701440K), 0.0054502 secs] [Times: user=0.07 sys=0.00, real=0.01 secs] 
2016-09-25T22:00:00.301-0400: 12.707: [GC (GCLocker Initiated GC) [PSYoungGen: 154585K->60407K(152064K)] 551303K->468290K(676352K), 0.0064735 secs] [Times: user=0.09 sys=0.00, real=0.01 secs] 
2016-09-25T22:00:00.370-0400: 12.776: [GC (GCLocker Initiated GC) [PSYoungGen: 152055K->61651K(176128K)] 564068K->482252K(700416K), 0.0082683 secs] [Times: user=0.12 sys=0.00, real=0.01 secs] 
2016-09-25T22:00:00.428-0400: 12.835: [GC (GCLocker Initiated GC) [PSYoungGen: 154323K->53502K(175104K)] 575064K->485400K(699392K), 0.0071490 secs] [Times: user=0.08 sys=0.01, real=0.01 secs] 
2016-09-25T22:00:00.489-0400: 12.895: [GC (GCLocker Initiated GC) [PSYoungGen: 146174K->60283K(178176K)] 579248K->493737K(702464K), 0.0178502 secs] [Times: user=0.18 sys=0.00, real=0.02 secs] 
2016-09-25T22:00:00.557-0400: 12.963: [GC (GCLocker Initiated GC) [PSYoungGen: 157563K->69733K(177152K)] 593882K->506447K(701440K), 0.0177462 secs] [Times: user=0.21 sys=0.01, real=0.02 secs] 
2016-09-25T22:00:00.633-0400: 13.039: [GC (GCLocker Initiated GC) [PSYoungGen: 167013K->69656K(176128K)] 603812K->506857K(700416K), 0.0069375 secs] [Times: user=0.07 sys=0.00, real=0.01 secs] 
2016-09-25T22:00:00.701-0400: 13.107: [GC (GCLocker Initiated GC) [PSYoungGen: 163864K->60315K(154624K)] 602265K->509906K(678912K), 0.0063013 secs] [Times: user=0.09 sys=0.00, real=0.01 secs] 
2016-09-25T22:00:00.759-0400: 13.165: [GC (GCLocker Initiated GC) [PSYoungGen: 154523K->52165K(178176K)] 614357K->520518K(702464K), 0.0078975 secs] [Times: user=0.11 sys=0.00, real=0.01 secs] 
2016-09-25T22:00:00.825-0400: 13.231: [GC (GCLocker Initiated GC) [PSYoungGen: 148933K->68118K(177664K)] 617466K->537060K(701952K), 0.0114853 secs] [Times: user=0.08 sys=0.00, real=0.01 secs] 
2016-09-25T22:00:00.896-0400: 13.302: [GC (GCLocker Initiated GC) [PSYoungGen: 164886K->39955K(178176K)] 639288K->528157K(702464K), 0.0226629 secs] [Times: user=0.30 sys=0.01, real=0.02 secs] 
2016-09-25T22:00:00.979-0400: 13.385: [GC (GCLocker Initiated GC) [PSYoungGen: 136211K->47978K(179200K)] 635263K->547388K(703488K), 0.0056747 secs] [Times: user=0.05 sys=0.00, real=0.01 secs] 
2016-09-25T22:00:01.042-0400: 13.448: [GC (GCLocker Initiated GC) [PSYoungGen: 144234K->64071K(178688K)] 643702K->563846K(702976K), 0.0066929 secs] [Times: user=0.06 sys=0.00, real=0.01 secs] 
2016-09-25T22:00:01.105-0400: 13.512: [Full GC (Ergonomics) [PSYoungGen: 160839K->0K(178688K)] [ParOldGen: 505281K->74561K(524288K)] 666121K->74561K(702976K), [Metaspace: 43210K->43210K(1085440K)], 0.0701876 secs] [Times: user=0.41 sys=0.01, real=0.07 secs] 
2016-09-25T22:00:01.247-0400: 13.653: [GC (GCLocker Initiated GC) [PSYoungGen: 96768K->56167K(153088K)] 171350K->130750K(677376K), 0.0057841 secs] [Times: user=0.06 sys=0.00, real=0.00 secs] 
2016-09-25T22:00:01.315-0400: 13.721: [GC (GCLocker Initiated GC) [PSYoungGen: 152935K->50636K(179200K)] 230248K->151326K(703488K), 0.0085451 secs] [Times: user=0.09 sys=0.00, real=0.01 secs] 
2016-09-25T22:00:01.382-0400: 13.788: [GC (GCLocker Initiated GC) [PSYoungGen: 149452K->60135K(178176K)] 252508K->174276K(702464K), 0.0096190 secs] [Times: user=0.13 sys=0.01, real=0.01 secs] 
2016-09-25T22:00:01.446-0400: 13.852: [GC (GCLocker Initiated GC) [PSYoungGen: 158951K->51925K(181248K)] 273132K->166341K(705536K), 0.0093511 secs] [Times: user=0.06 sys=0.00, real=0.01 secs] 
2016-09-25T22:00:01.525-0400: 13.931: [GC (GCLocker Initiated GC) [PSYoungGen: 155861K->42492K(180736K)] 273075K->178867K(705024K), 0.0102656 secs] [Times: user=0.14 sys=0.00, real=0.01 secs] 
2016-09-25T22:00:01.603-0400: 14.009: [GC (GCLocker Initiated GC) [PSYoungGen: 146428K->54722K(181760K)] 282848K->204891K(706048K), 0.0130165 secs] [Times: user=0.18 sys=0.00, real=0.01 secs] 
2016-09-25T22:00:01.673-0400: 14.079: [GC (GCLocker Initiated GC) [PSYoungGen: 162754K->50576K(183296K)] 313037K->217292K(707584K), 0.0096387 secs] [Times: user=0.11 sys=0.00, real=0.02 secs] 
2016-09-25T22:00:01.741-0400: 14.147: [GC (GCLocker Initiated GC) [PSYoungGen: 158608K->47892K(184320K)] 329387K->218920K(708608K), 0.0114564 secs] [Times: user=0.16 sys=0.00, real=0.01 secs] 
2016-09-25T22:00:01.809-0400: 14.216: [GC (GCLocker Initiated GC) [PSYoungGen: 160532K->70953K(183808K)] 331568K->250355K(708096K), 0.0095680 secs] [Times: user=0.14 sys=0.01, real=0.01 secs] 
2016-09-25T22:00:01.892-0400: 14.298: [GC (GCLocker Initiated GC) [PSYoungGen: 183593K->46592K(184832K)] 369782K->233054K(709120K), 0.0141336 secs] [Times: user=0.19 sys=0.01, real=0.02 secs] 
2016-09-25T22:00:01.965-0400: 14.371: [GC (GCLocker Initiated GC) [PSYoungGen: 153600K->68207K(175616K)] 340064K->260321K(699904K), 0.0089882 secs] [Times: user=0.10 sys=0.00, real=0.01 secs] 
2016-09-25T22:00:02.030-0400: 14.436: [GC (GCLocker Initiated GC) [PSYoungGen: 175215K->50628K(183808K)] 372733K->248346K(708096K), 0.0078023 secs] [Times: user=0.07 sys=0.00, real=0.01 secs] 
2016-09-25T22:00:02.088-0400: 14.494: [GC (Allocation Failure) [PSYoungGen: 154564K->69540K(173568K)] 355056K->270307K(697856K), 0.0102339 secs] [Times: user=0.14 sys=0.00, real=0.01 secs] 
2016-09-25T22:00:02.099-0400: 14.505: [GC (GCLocker Initiated GC) [PSYoungGen: 69979K->0K(169472K)] 270746K->271397K(693760K), 0.0061010 secs] [Times: user=0.08 sys=0.00, real=0.01 secs] 
2016-09-25T22:00:02.149-0400: 14.555: [GC (GCLocker Initiated GC) [PSYoungGen: 88064K->72382K(175104K)] 359465K->343784K(699392K), 0.0091539 secs] [Times: user=0.10 sys=0.00, real=0.01 secs] 
2016-09-25T22:00:02.214-0400: 14.620: [GC (GCLocker Initiated GC) [PSYoungGen: 160446K->49243K(175104K)] 438666K->327774K(699392K), 0.0068777 secs] [Times: user=0.10 sys=0.00, real=0.00 secs] 
2016-09-25T22:00:02.274-0400: 14.680: [GC (GCLocker Initiated GC) [PSYoungGen: 137307K->60122K(175104K)] 421278K->344341K(699392K), 0.0059294 secs] [Times: user=0.08 sys=0.00, real=0.01 secs] 
2016-09-25T22:00:02.323-0400: 14.729: [GC (GCLocker Initiated GC) [PSYoungGen: 148186K->48004K(173056K)] 437977K->351527K(697344K), 0.0107222 secs] [Times: user=0.15 sys=0.00, real=0.00 secs] 
2016-09-25T22:00:02.373-0400: 14.779: [GC (GCLocker Initiated GC) [PSYoungGen: 136068K->52007K(174080K)] 442380K->372067K(698368K), 0.0063831 secs] [Times: user=0.09 sys=0.00, real=0.01 secs] 
2016-09-25T22:00:02.423-0400: 14.830: [GC (GCLocker Initiated GC) [PSYoungGen: 140071K->54768K(174080K)] 469766K->384718K(698368K), 0.0055562 secs] [Times: user=0.08 sys=0.00, real=0.00 secs] 
2016-09-25T22:00:02.504-0400: 14.910: [GC (GCLocker Initiated GC) [PSYoungGen: 147952K->64156K(174080K)] 479344K->395798K(698368K), 0.0196701 secs] [Times: user=0.25 sys=0.01, real=0.03 secs] 
2016-09-25T22:00:02.580-0400: 14.986: [GC (GCLocker Initiated GC) [PSYoungGen: 157340K->47876K(179200K)] 489028K->401421K(703488K), 0.0102953 secs] [Times: user=0.15 sys=0.00, real=0.01 secs] 
2016-09-25T22:00:02.640-0400: 15.046: [GC (GCLocker Initiated GC) [PSYoungGen: 147204K->46479K(179712K)] 502639K->402114K(704000K), 0.0135823 secs] [Times: user=0.18 sys=0.00, real=0.01 secs] 
2016-09-25T22:00:02.741-0400: 15.147: [GC (GCLocker Initiated GC) [PSYoungGen: 145807K->58597K(181248K)] 501523K->436171K(705536K), 0.0115558 secs] [Times: user=0.13 sys=0.00, real=0.01 secs] 
2016-09-25T22:00:02.802-0400: 15.208: [GC (GCLocker Initiated GC) [PSYoungGen: 160997K->64218K(180736K)] 538756K->455727K(705024K), 0.0100390 secs] [Times: user=0.11 sys=0.00, real=0.01 secs] 
2016-09-25T22:00:02.880-0400: 15.286: [GC (GCLocker Initiated GC) [PSYoungGen: 166618K->26378K(177152K)] 571709K->431710K(701440K), 0.0081430 secs] [Times: user=0.08 sys=0.00, real=0.01 secs] 
2016-09-25T22:00:02.961-0400: 15.367: [GC (GCLocker Initiated GC) [PSYoungGen: 123658K->53436K(179712K)] 529193K->459247K(704000K), 0.0130135 secs] [Times: user=0.13 sys=0.00, real=0.02 secs] 
2016-09-25T22:00:03.025-0400: 15.431: [GC (GCLocker Initiated GC) [PSYoungGen: 150716K->50600K(174592K)] 556604K->456694K(698880K), 0.0141766 secs] [Times: user=0.14 sys=0.00, real=0.01 secs] 
2016-09-25T22:00:03.108-0400: 15.514: [GC (GCLocker Initiated GC) [PSYoungGen: 150440K->26156K(177152K)] 567354K->445956K(701440K), 0.0102668 secs] [Times: user=0.07 sys=0.00, real=0.01 secs] 
2016-09-25T22:00:03.207-0400: 15.614: [GC (GCLocker Initiated GC) [PSYoungGen: 125996K->46531K(181760K)] 551307K->472074K(706048K), 0.0202850 secs] [Times: user=0.20 sys=0.01, real=0.02 secs] 
2016-09-25T22:00:03.285-0400: 15.691: [GC (GCLocker Initiated GC) [PSYoungGen: 152003K->49249K(182272K)] 578961K->476484K(706560K), 0.0137590 secs] [Times: user=0.15 sys=0.00, real=0.01 secs] 
2016-09-25T22:00:03.382-0400: 15.788: [GC (GCLocker Initiated GC) [PSYoungGen: 154721K->34572K(182784K)] 590257K->486623K(707072K), 0.0125439 secs] [Times: user=0.12 sys=0.01, real=0.02 secs] 
2016-09-25T22:00:03.452-0400: 15.858: [GC (GCLocker Initiated GC) [PSYoungGen: 143628K->61471K(182784K)] 595756K->514011K(707072K), 0.0060303 secs] [Times: user=0.07 sys=0.00, real=0.01 secs] 
2016-09-25T22:00:03.533-0400: 15.939: [GC (GCLocker Initiated GC) [PSYoungGen: 170527K->46681K(186368K)] 625964K->513259K(710656K), 0.0080900 secs] [Times: user=0.09 sys=0.00, real=0.01 secs] 
2016-09-25T22:00:03.635-0400: 16.041: [GC (GCLocker Initiated GC) [PSYoungGen: 158297K->65596K(177664K)] 627633K->535328K(701952K), 0.0072067 secs] [Times: user=0.08 sys=0.00, real=0.00 secs] 
2016-09-25T22:00:03.712-0400: 16.118: [GC (GCLocker Initiated GC) [PSYoungGen: 177212K->47045K(186368K)] 666061K->536292K(710656K), 0.0055301 secs] [Times: user=0.07 sys=0.00, real=0.01 secs] 
2016-09-25T22:00:03.813-0400: 16.219: [GC (GCLocker Initiated GC) [PSYoungGen: 155589K->54925K(163840K)] 649364K->549224K(688128K), 0.0174330 secs] [Times: user=0.19 sys=0.00, real=0.02 secs] 
2016-09-25T22:00:03.905-0400: 16.311: [Full GC (Ergonomics) [PSYoungGen: 163469K->0K(163840K)] [ParOldGen: 499905K->87809K(524288K)] 663374K->87809K(688128K), [Metaspace: 43231K->43231K(1085440K)], 0.0442134 secs] [Times: user=0.34 sys=0.00, real=0.04 secs] 
2016-09-25T22:00:04.029-0400: 16.435: [GC (GCLocker Initiated GC) [PSYoungGen: 108544K->33677K(182784K)] 212754K->137887K(707072K), 0.0044665 secs] [Times: user=0.03 sys=0.00, real=0.00 secs] 
2016-09-25T22:00:04.108-0400: 16.514: [GC (GCLocker Initiated GC) [PSYoungGen: 141709K->33355K(183296K)] 245923K->138334K(707584K), 0.0076967 secs] [Times: user=0.07 sys=0.00, real=0.01 secs] 
2016-09-25T22:00:04.184-0400: 16.590: [GC (GCLocker Initiated GC) [PSYoungGen: 141387K->59010K(183808K)] 249070K->167176K(708096K), 0.0117015 secs] [Times: user=0.13 sys=0.00, real=0.01 secs] 
2016-09-25T22:00:04.270-0400: 16.676: [GC (GCLocker Initiated GC) [PSYoungGen: 167554K->57672K(166400K)] 275947K->166561K(690688K), 0.0135892 secs] [Times: user=0.19 sys=0.00, real=0.02 secs] 
2016-09-25T22:00:04.357-0400: 16.763: [GC (GCLocker Initiated GC) [PSYoungGen: 166216K->37501K(185344K)] 288885K->160621K(709632K), 0.0049951 secs] [Times: user=0.04 sys=0.00, real=0.01 secs] 
2016-09-25T22:00:04.432-0400: 16.838: [GC (GCLocker Initiated GC) [PSYoungGen: 145533K->42641K(151040K)] 268738K->185309K(675328K), 0.0077862 secs] [Times: user=0.10 sys=0.00, real=0.01 secs] 
2016-09-25T22:00:04.513-0400: 16.919: [GC (GCLocker Initiated GC) [PSYoungGen: 150673K->55056K(182784K)] 301578K->228000K(707072K), 0.0081983 secs] [Times: user=0.13 sys=0.00, real=0.01 secs] 
2016-09-25T22:00:04.602-0400: 17.008: [GC (GCLocker Initiated GC) [PSYoungGen: 163088K->42851K(182784K)] 342825K->236673K(707072K), 0.0074215 secs] [Times: user=0.07 sys=0.01, real=0.01 secs] 
2016-09-25T22:00:04.671-0400: 17.077: [GC (GCLocker Initiated GC) [PSYoungGen: 150883K->46802K(184832K)] 347553K->243977K(709120K), 0.0075854 secs] [Times: user=0.07 sys=0.00, real=0.01 secs] 
2016-09-25T22:00:04.770-0400: 17.176: [GC (GCLocker Initiated GC) [PSYoungGen: 160978K->35909K(185344K)] 365038K->245844K(709632K), 0.0071003 secs] [Times: user=0.07 sys=0.00, real=0.01 secs] 
2016-09-25T22:00:04.849-0400: 17.255: [GC (GCLocker Initiated GC) [PSYoungGen: 150085K->39875K(188928K)] 362794K->258521K(713216K), 0.0099819 secs] [Times: user=0.06 sys=0.00, real=0.01 secs] 
2016-09-25T22:00:04.951-0400: 17.357: [GC (GCLocker Initiated GC) [PSYoungGen: 160195K->49480K(189952K)] 378907K->282217K(714240K), 0.0265566 secs] [Times: user=0.21 sys=0.00, real=0.03 secs] 
2016-09-25T22:00:05.056-0400: 17.462: [GC (GCLocker Initiated GC) [PSYoungGen: 169800K->63178K(185344K)] 402690K->310104K(709632K), 0.0239053 secs] [Times: user=0.30 sys=0.01, real=0.02 secs] 
2016-09-25T22:00:05.185-0400: 17.591: [GC (GCLocker Initiated GC) [PSYoungGen: 179914K->30941K(189440K)] 440490K->319139K(713728K), 0.0119098 secs] [Times: user=0.15 sys=0.01, real=0.01 secs] 
2016-09-25T22:00:05.277-0400: 17.683: [GC (GCLocker Initiated GC) [PSYoungGen: 147677K->41406K(186368K)] 438615K->332962K(710656K), 0.0122526 secs] [Times: user=0.13 sys=0.00, real=0.01 secs] 
2016-09-25T22:00:05.377-0400: 17.784: [GC (GCLocker Initiated GC) [PSYoungGen: 158142K->53654K(187904K)] 455134K->364683K(712192K), 0.0101112 secs] [Times: user=0.12 sys=0.00, real=0.01 secs] 
2016-09-25T22:00:05.475-0400: 17.881: [GC (GCLocker Initiated GC) [PSYoungGen: 170387K->46973K(186368K)] 487047K->377688K(710656K), 0.0155887 secs] [Times: user=0.14 sys=0.01, real=0.01 secs] 
2016-09-25T22:00:05.582-0400: 17.988: [GC (GCLocker Initiated GC) [PSYoungGen: 166269K->46887K(188416K)] 497058K->378365K(712704K), 0.0196554 secs] [Times: user=0.20 sys=0.00, real=0.02 secs] 
2016-09-25T22:00:05.678-0400: 18.084: [GC (GCLocker Initiated GC) [PSYoungGen: 166183K->45509K(188928K)] 507348K->395306K(713216K), 0.0097731 secs] [Times: user=0.08 sys=0.01, real=0.01 secs] 
2016-09-25T22:00:05.794-0400: 18.200: [GC (GCLocker Initiated GC) [PSYoungGen: 171461K->56337K(190976K)] 521292K->406895K(715264K), 0.0214237 secs] [Times: user=0.24 sys=0.01, real=0.03 secs] 
2016-09-25T22:00:05.905-0400: 18.311: [GC (GCLocker Initiated GC) [PSYoungGen: 182289K->44144K(195584K)] 532898K->419655K(719872K), 0.0117520 secs] [Times: user=0.09 sys=0.00, real=0.01 secs] 
2016-09-25T22:00:06.024-0400: 18.431: [GC (GCLocker Initiated GC) [PSYoungGen: 173680K->41742K(195072K)] 550583K->432833K(719360K), 0.0170052 secs] [Times: user=0.16 sys=0.00, real=0.01 secs] 
2016-09-25T22:00:06.137-0400: 18.543: [GC (GCLocker Initiated GC) [PSYoungGen: 171278K->63150K(188928K)] 562417K->468631K(713216K), 0.0097616 secs] [Times: user=0.10 sys=0.00, real=0.01 secs] 
2016-09-25T22:00:06.242-0400: 18.648: [GC (GCLocker Initiated GC) [PSYoungGen: 187054K->49791K(193024K)] 592884K->472407K(717312K), 0.0139335 secs] [Times: user=0.11 sys=0.01, real=0.02 secs] 
2016-09-25T22:00:06.351-0400: 18.757: [GC (GCLocker Initiated GC) [PSYoungGen: 173695K->52320K(190464K)] 596334K->475653K(714752K), 0.0344376 secs] [Times: user=0.36 sys=0.00, real=0.04 secs] 
2016-09-25T22:00:06.492-0400: 18.898: [GC (GCLocker Initiated GC) [PSYoungGen: 177760K->60643K(192512K)] 606527K->490102K(716800K), 0.0105080 secs] [Times: user=0.13 sys=0.00, real=0.02 secs] 
2016-09-25T22:00:06.598-0400: 19.004: [GC (GCLocker Initiated GC) [PSYoungGen: 186083K->43118K(193024K)] 623768K->497757K(717312K), 0.0157387 secs] [Times: user=0.17 sys=0.00, real=0.01 secs] 
2016-09-25T22:00:06.717-0400: 19.124: [GC (GCLocker Initiated GC) [PSYoungGen: 166510K->48498K(172032K)] 623877K->509433K(696320K), 0.0095201 secs] [Times: user=0.10 sys=0.01, real=0.01 secs] 
2016-09-25T22:00:06.825-0400: 19.231: [GC (GCLocker Initiated GC) [PSYoungGen: 171890K->60642K(187904K)] 632877K->522341K(712192K), 0.0164462 secs] [Times: user=0.20 sys=0.00, real=0.01 secs] 
2016-09-25T22:00:06.959-0400: 19.365: [GC (GCLocker Initiated GC) [PSYoungGen: 181474K->39087K(190464K)] 648620K->523211K(714752K), 0.0154242 secs] [Times: user=0.19 sys=0.00, real=0.02 secs] 
2016-09-25T22:00:07.058-0400: 19.464: [GC (GCLocker Initiated GC) [PSYoungGen: 159919K->52410K(190464K)] 646776K->548166K(714752K), 0.0203580 secs] [Times: user=0.28 sys=0.00, real=0.02 secs] 
2016-09-25T22:00:07.162-0400: 19.568: [Full GC (Ergonomics) [PSYoungGen: 175290K->0K(190464K)] [ParOldGen: 498647K->108428K(524288K)] 673938K->108428K(714752K), [Metaspace: 43242K->43242K(1085440K)], 0.0565983 secs] [Times: user=0.34 sys=0.01, real=0.05 secs] 
2016-09-25T22:00:07.309-0400: 19.715: [GC (GCLocker Initiated GC) [PSYoungGen: 122880K->28630K(191488K)] 250393K->156144K(715776K), 0.0124662 secs] [Times: user=0.15 sys=0.00, real=0.01 secs] 
2016-09-25T22:00:07.451-0400: 19.857: [GC (GCLocker Initiated GC) [PSYoungGen: 151510K->40255K(192512K)] 283192K->177321K(716800K), 0.0074314 secs] [Times: user=0.09 sys=0.01, real=0.01 secs] 
2016-09-25T22:00:07.525-0400: 19.932: [GC (GCLocker Initiated GC) [PSYoungGen: 162111K->41838K(163840K)] 308652K->213336K(688128K), 0.0104352 secs] [Times: user=0.08 sys=0.01, real=0.01 secs] 
2016-09-25T22:00:07.667-0400: 20.073: [GC (GCLocker Initiated GC) [PSYoungGen: 163694K->41650K(191488K)] 343815K->222653K(715776K), 0.0067323 secs] [Times: user=0.05 sys=0.00, real=0.00 secs] 
2016-09-25T22:00:07.760-0400: 20.166: [GC (GCLocker Initiated GC) [PSYoungGen: 165042K->44133K(189952K)] 346187K->225909K(714240K), 0.0095134 secs] [Times: user=0.07 sys=0.01, real=0.01 secs] 
2016-09-25T22:00:07.879-0400: 20.285: [GC (GCLocker Initiated GC) [PSYoungGen: 167525K->34690K(192512K)] 354707K->233356K(716800K), 0.0222438 secs] [Times: user=0.24 sys=0.01, real=0.02 secs] 
2016-09-25T22:00:08.001-0400: 20.407: [GC (GCLocker Initiated GC) [PSYoungGen: 162178K->63250K(192512K)] 363949K->268389K(716800K), 0.0106893 secs] [Times: user=0.10 sys=0.01, real=0.01 secs] 
2016-09-25T22:00:08.117-0400: 20.523: [GC (GCLocker Initiated GC) [PSYoungGen: 190738K->30452K(191488K)] 401354K->244446K(715776K), 0.0105623 secs] [Times: user=0.08 sys=0.00, real=0.01 secs] 
2016-09-25T22:00:08.229-0400: 20.635: [GC (GCLocker Initiated GC) [PSYoungGen: 152308K->49564K(192000K)] 369082K->269566K(716288K), 0.0192186 secs] [Times: user=0.20 sys=0.00, real=0.02 secs] 
2016-09-25T22:00:08.338-0400: 20.745: [GC (GCLocker Initiated GC) [PSYoungGen: 171420K->54858K(190464K)] 394232K->289090K(714752K), 0.0168966 secs] [Times: user=0.21 sys=0.01, real=0.02 secs] 
2016-09-25T22:00:08.470-0400: 20.876: [GC (GCLocker Initiated GC) [PSYoungGen: 175690K->52255K(191488K)] 418026K->295081K(715776K), 0.0290410 secs] [Times: user=0.28 sys=0.00, real=0.03 secs] 
2016-09-25T22:00:08.563-0400: 20.969: [GC (GCLocker Initiated GC) [PSYoungGen: 173087K->48012K(187904K)] 421487K->296927K(712192K), 0.0140335 secs] [Times: user=0.15 sys=0.00, real=0.01 secs] 
2016-09-25T22:00:08.704-0400: 21.110: [GC (GCLocker Initiated GC) [PSYoungGen: 169356K->36010K(189952K)] 422378K->305762K(714240K), 0.0288326 secs] [Times: user=0.34 sys=0.00, real=0.02 secs] 
2016-09-25T22:00:08.805-0400: 21.211: [GC (GCLocker Initiated GC) [PSYoungGen: 157354K->49374K(190976K)] 429899K->322486K(715264K), 0.0266620 secs] [Times: user=0.28 sys=0.01, real=0.02 secs] 
2016-09-25T22:00:08.908-0400: 21.314: [GC (GCLocker Initiated GC) [PSYoungGen: 174814K->54860K(192512K)] 448003K->328519K(716800K), 0.0142330 secs] [Times: user=0.16 sys=0.00, real=0.02 secs] 
2016-09-25T22:00:09.022-0400: 21.428: [GC (GCLocker Initiated GC) [PSYoungGen: 180300K->18298K(188416K)] 468813K->315427K(712704K), 0.0126259 secs] [Times: user=0.11 sys=0.00, real=0.01 secs] 
2016-09-25T22:00:09.119-0400: 21.526: [GC (GCLocker Initiated GC) [PSYoungGen: 138106K->48084K(190976K)] 435335K->345861K(715264K), 0.0074420 secs] [Times: user=0.05 sys=0.00, real=0.01 secs] 
2016-09-25T22:00:09.212-0400: 21.618: [GC (GCLocker Initiated GC) [PSYoungGen: 167892K->37207K(186880K)] 468444K->346294K(711168K), 0.0068931 secs] [Times: user=0.05 sys=0.00, real=0.01 secs] 
2016-09-25T22:00:09.319-0400: 21.725: [GC (GCLocker Initiated GC) [PSYoungGen: 158039K->25138K(189440K)] 487431K->357722K(713728K), 0.0141977 secs] [Times: user=0.07 sys=0.00, real=0.01 secs] 
2016-09-25T22:00:09.431-0400: 21.837: [GC (GCLocker Initiated GC) [PSYoungGen: 145970K->44166K(190464K)] 482203K->391766K(714752K), 0.0100229 secs] [Times: user=0.08 sys=0.01, real=0.01 secs] 
2016-09-25T22:00:09.520-0400: 21.926: [GC (GCLocker Initiated GC) [PSYoungGen: 168070K->45582K(191488K)] 521117K->399144K(715776K), 0.0100295 secs] [Times: user=0.08 sys=0.00, real=0.01 secs] 
2016-09-25T22:00:09.614-0400: 22.020: [GC (GCLocker Initiated GC) [PSYoungGen: 169486K->49366K(193536K)] 523163K->411620K(717824K), 0.0103088 secs] [Times: user=0.08 sys=0.00, real=0.02 secs] 
2016-09-25T22:00:09.708-0400: 22.114: [GC (GCLocker Initiated GC) [PSYoungGen: 176854K->52166K(194048K)] 543196K->432485K(718336K), 0.0328321 secs] [Times: user=0.30 sys=0.00, real=0.03 secs] 
2016-09-25T22:00:09.822-0400: 22.229: [GC (Allocation Failure) [PSYoungGen: 179654K->53625K(192512K)] 565573K->459007K(716800K), 0.0189348 secs] [Times: user=0.20 sys=0.00, real=0.01 secs] 
2016-09-25T22:00:09.842-0400: 22.248: [GC (GCLocker Initiated GC) [PSYoungGen: 53811K->96K(125440K)] 459193K->462869K(649728K), 0.0232151 secs] [Times: user=0.28 sys=0.00, real=0.03 secs] 
2016-09-25T22:00:09.965-0400: 22.372: [GC (GCLocker Initiated GC) [PSYoungGen: 124821K->43265K(190464K)] 592995K->511438K(714752K), 0.0124791 secs] [Times: user=0.16 sys=0.00, real=0.01 secs] 
2016-09-25T22:00:10.054-0400: 22.461: [GC (GCLocker Initiated GC) [PSYoungGen: 160001K->52136K(188416K)] 630933K->525220K(712704K), 0.0142816 secs] [Times: user=0.13 sys=0.00, real=0.01 secs] 
2016-09-25T22:00:10.152-0400: 22.559: [GC (GCLocker Initiated GC) [PSYoungGen: 168872K->42755K(186368K)] 647411K->527145K(710656K), 0.0476222 secs] [Times: user=0.50 sys=0.00, real=0.05 secs] 
2016-09-25T22:00:10.281-0400: 22.687: [Full GC (Ergonomics) [PSYoungGen: 160515K->0K(186368K)] [ParOldGen: 489931K->120449K(524288K)] 650446K->120449K(710656K), [Metaspace: 43251K->43251K(1085440K)], 0.0751668 secs] [Times: user=0.38 sys=0.02, real=0.08 secs] 
2016-09-25T22:00:10.442-0400: 22.848: [GC (GCLocker Initiated GC) [PSYoungGen: 117760K->63362K(181248K)] 238252K->183855K(705536K), 0.0080669 secs] [Times: user=0.05 sys=0.01, real=0.01 secs] 
2016-09-25T22:00:10.523-0400: 22.929: [GC (GCLocker Initiated GC) [PSYoungGen: 181122K->38762K(188928K)] 307048K->185720K(713216K), 0.0055756 secs] [Times: user=0.06 sys=0.00, real=0.00 secs] 
2016-09-25T22:00:10.608-0400: 23.014: [GC (GCLocker Initiated GC) [PSYoungGen: 152426K->63163K(177152K)] 308862K->220121K(701440K), 0.0312985 secs] [Times: user=0.37 sys=0.01, real=0.03 secs] 
2016-09-25T22:00:10.736-0400: 23.142: [GC (GCLocker Initiated GC) [PSYoungGen: 176827K->45364K(187904K)] 333874K->205646K(712192K), 0.0066537 secs] [Times: user=0.03 sys=0.00, real=0.01 secs] 
2016-09-25T22:00:10.812-0400: 23.218: [GC (GCLocker Initiated GC) [PSYoungGen: 155956K->64427K(175104K)] 319004K->227960K(699392K), 0.0101296 secs] [Times: user=0.10 sys=0.00, real=0.02 secs] 
2016-09-25T22:00:10.912-0400: 23.318: [GC (GCLocker Initiated GC) [PSYoungGen: 175019K->24046K(181760K)] 349967K->215707K(706048K), 0.0116442 secs] [Times: user=0.10 sys=0.00, real=0.02 secs] 
2016-09-25T22:00:10.984-0400: 23.390: [GC (GCLocker Initiated GC) [PSYoungGen: 127470K->50691K(154624K)] 319256K->245730K(678912K), 0.0244486 secs] [Times: user=0.24 sys=0.01, real=0.02 secs] 
2016-09-25T22:00:11.069-0400: 23.475: [GC (GCLocker Initiated GC) [PSYoungGen: 154115K->45376K(185344K)] 352005K->263889K(709632K), 0.0064382 secs] [Times: user=0.05 sys=0.00, real=0.01 secs] 
2016-09-25T22:00:11.156-0400: 23.562: [GC (GCLocker Initiated GC) [PSYoungGen: 152896K->49459K(182272K)] 376942K->287454K(706560K), 0.0259352 secs] [Times: user=0.27 sys=0.00, real=0.02 secs] 
2016-09-25T22:00:11.248-0400: 23.654: [GC (GCLocker Initiated GC) [PSYoungGen: 156979K->48138K(184832K)] 397737K->305547K(709120K), 0.0148192 secs] [Times: user=0.19 sys=0.01, real=0.02 secs] 
2016-09-25T22:00:11.343-0400: 23.749: [GC (GCLocker Initiated GC) [PSYoungGen: 159754K->41452K(182784K)] 422603K->323689K(707072K), 0.0159910 secs] [Times: user=0.17 sys=0.01, real=0.01 secs] 
2016-09-25T22:00:11.427-0400: 23.833: [GC (GCLocker Initiated GC) [PSYoungGen: 153068K->33300K(187392K)] 440947K->345927K(711680K), 0.0081947 secs] [Times: user=0.04 sys=0.00, real=0.01 secs] 
2016-09-25T22:00:11.516-0400: 23.922: [GC (GCLocker Initiated GC) [PSYoungGen: 151060K->55031K(187392K)] 467836K->372323K(711680K), 0.0082015 secs] [Times: user=0.07 sys=0.00, real=0.01 secs] 
2016-09-25T22:00:11.610-0400: 24.016: [GC (GCLocker Initiated GC) [PSYoungGen: 172791K->60352K(185344K)] 490138K->397151K(709632K), 0.0084291 secs] [Times: user=0.09 sys=0.00, real=0.01 secs] 
2016-09-25T22:00:11.701-0400: 24.107: [GC (GCLocker Initiated GC) [PSYoungGen: 175040K->60361K(175104K)] 511896K->408481K(699392K), 0.0089570 secs] [Times: user=0.08 sys=0.00, real=0.01 secs] 
2016-09-25T22:00:11.793-0400: 24.200: [GC (GCLocker Initiated GC) [PSYoungGen: 175049K->54803K(186368K)] 523285K->403512K(710656K), 0.0098643 secs] [Times: user=0.08 sys=0.01, real=0.02 secs] 
2016-09-25T22:00:11.880-0400: 24.286: [GC (GCLocker Initiated GC) [PSYoungGen: 164883K->61716K(172032K)] 519043K->427182K(696320K), 0.0107922 secs] [Times: user=0.13 sys=0.01, real=0.01 secs] 
2016-09-25T22:00:11.968-0400: 24.374: [GC (GCLocker Initiated GC) [PSYoungGen: 171796K->49672K(186880K)] 545541K->442803K(711168K), 0.0103654 secs] [Times: user=0.13 sys=0.00, real=0.01 secs] 
2016-09-25T22:00:12.061-0400: 24.467: [GC (GCLocker Initiated GC) [PSYoungGen: 158728K->53679K(162816K)] 557267K->479802K(687104K), 0.0160327 secs] [Times: user=0.23 sys=0.00, real=0.02 secs] 
2016-09-25T22:00:12.141-0400: 24.547: [GC (GCLocker Initiated GC) [PSYoungGen: 162735K->48305K(185344K)] 599725K->485820K(709632K), 0.0062544 secs] [Times: user=0.07 sys=0.00, real=0.01 secs] 
2016-09-25T22:00:12.236-0400: 24.642: [GC (GCLocker Initiated GC) [PSYoungGen: 159409K->49629K(183296K)] 606108K->496855K(707584K), 0.0077081 secs] [Times: user=0.08 sys=0.00, real=0.01 secs] 
2016-09-25T22:00:12.340-0400: 24.746: [GC (GCLocker Initiated GC) [PSYoungGen: 160733K->68377K(181248K)] 610697K->526974K(705536K), 0.0075746 secs] [Times: user=0.07 sys=0.00, real=0.01 secs] 
2016-09-25T22:00:12.417-0400: 24.823: [GC (GCLocker Initiated GC) [PSYoungGen: 179481K->45563K(185856K)] 641383K->526857K(710144K), 0.0370538 secs] [Times: user=0.49 sys=0.00, real=0.04 secs] 
2016-09-25T22:00:12.550-0400: 24.956: [GC (GCLocker Initiated GC) [PSYoungGen: 156667K->37222K(186368K)] 638005K->529917K(710656K), 0.0083503 secs] [Times: user=0.06 sys=0.00, real=0.01 secs] 
2016-09-25T22:00:12.558-0400: 24.964: [Full GC (Ergonomics) [PSYoungGen: 37222K->0K(186368K)] [ParOldGen: 492695K->122680K(524288K)] 529917K->122680K(710656K), [Metaspace: 43259K->43259K(1085440K)], 0.7952975 secs] [Times: user=0.46 sys=0.00, real=0.79 secs] 
2016-09-25T22:00:16.700-0400: 29.106: [GC (GCLocker Initiated GC) [PSYoungGen: 113664K->48365K(187392K)] 244497K->179199K(711680K), 0.0222059 secs] [Times: user=0.18 sys=0.00, real=0.03 secs] 
2016-09-25T22:00:16.816-0400: 29.222: [GC (GCLocker Initiated GC) [PSYoungGen: 162029K->56311K(186880K)] 294395K->189575K(711168K), 0.0122940 secs] [Times: user=0.14 sys=0.01, real=0.01 secs] 
2016-09-25T22:00:16.917-0400: 29.324: [GC (GCLocker Initiated GC) [PSYoungGen: 171511K->68424K(183808K)] 307545K->204923K(708096K), 0.0059048 secs] [Times: user=0.04 sys=0.02, real=0.01 secs] 
2016-09-25T22:00:17.022-0400: 29.429: [GC (GCLocker Initiated GC) [PSYoungGen: 183624K->60213K(184832K)] 325776K->208201K(709120K), 0.0191339 secs] [Times: user=0.18 sys=0.01, real=0.01 secs] 
2016-09-25T22:00:17.140-0400: 29.546: [GC (GCLocker Initiated GC) [PSYoungGen: 168757K->68373K(177152K)] 316908K->217024K(701440K), 0.0195374 secs] [Times: user=0.18 sys=0.00, real=0.02 secs] 
2016-09-25T22:00:17.261-0400: 29.667: [GC (GCLocker Initiated GC) [PSYoungGen: 176917K->36050K(180736K)] 337795K->216253K(705024K), 0.0102029 secs] [Times: user=0.09 sys=0.01, real=0.01 secs] 
2016-09-25T22:00:17.360-0400: 29.766: [GC (GCLocker Initiated GC) [PSYoungGen: 136402K->54896K(155648K)] 319500K->249344K(679936K), 0.0509093 secs] [Times: user=0.56 sys=0.00, real=0.05 secs] 
2016-09-25T22:00:17.509-0400: 29.915: [GC (GCLocker Initiated GC) [PSYoungGen: 155248K->58947K(180224K)] 352631K->259462K(704512K), 0.0144160 secs] [Times: user=0.17 sys=0.00, real=0.02 secs] 
2016-09-25T22:00:17.615-0400: 30.022: [GC (GCLocker Initiated GC) [PSYoungGen: 160323K->53333K(179712K)] 363586K->256989K(704000K), 0.0074060 secs] [Times: user=0.05 sys=0.00, real=0.01 secs] 
2016-09-25T22:00:17.702-0400: 30.109: [GC (GCLocker Initiated GC) [PSYoungGen: 154709K->56255K(182272K)] 365202K->275299K(706560K), 0.0142259 secs] [Times: user=0.09 sys=0.00, real=0.01 secs] 
2016-09-25T22:00:17.819-0400: 30.226: [GC (GCLocker Initiated GC) [PSYoungGen: 162751K->42482K(181248K)] 381937K->275569K(705536K), 0.0369020 secs] [Times: user=0.34 sys=0.00, real=0.04 secs] 
2016-09-25T22:00:17.959-0400: 30.365: [GC (GCLocker Initiated GC) [PSYoungGen: 148978K->29021K(183296K)] 386173K->277368K(707584K), 0.0258027 secs] [Times: user=0.23 sys=0.01, real=0.03 secs] 
2016-09-25T22:00:18.076-0400: 30.482: [GC (GCLocker Initiated GC) [PSYoungGen: 137565K->45396K(185344K)] 392736K->300974K(709632K), 0.0249346 secs] [Times: user=0.24 sys=0.00, real=0.02 secs] 
2016-09-25T22:00:18.186-0400: 30.592: [GC (GCLocker Initiated GC) [PSYoungGen: 153940K->31751K(184832K)] 413613K->310786K(709120K), 0.0215262 secs] [Times: user=0.19 sys=0.00, real=0.02 secs] 
2016-09-25T22:00:18.309-0400: 30.716: [GC (GCLocker Initiated GC) [PSYoungGen: 141831K->37146K(185344K)] 426301K->338214K(709632K), 0.0294755 secs] [Times: user=0.28 sys=0.01, real=0.03 secs] 
2016-09-25T22:00:18.432-0400: 30.838: [GC (GCLocker Initiated GC) [PSYoungGen: 147226K->43865K(181760K)] 451243K->369882K(706048K), 0.0177355 secs] [Times: user=0.15 sys=0.00, real=0.02 secs] 
2016-09-25T22:00:18.542-0400: 30.948: [GC (GCLocker Initiated GC) [PSYoungGen: 155993K->52157K(184320K)] 484785K->381382K(708608K), 0.0205272 secs] [Times: user=0.21 sys=0.00, real=0.02 secs] 
2016-09-25T22:00:18.655-0400: 31.061: [GC (GCLocker Initiated GC) [PSYoungGen: 164285K->45419K(185344K)] 503008K->384566K(709632K), 0.0210577 secs] [Times: user=0.21 sys=0.00, real=0.02 secs] 
2016-09-25T22:00:18.772-0400: 31.178: [GC (GCLocker Initiated GC) [PSYoungGen: 163691K->42610K(187904K)] 502934K->398531K(712192K), 0.0161177 secs] [Times: user=0.17 sys=0.00, real=0.02 secs] 
2016-09-25T22:00:18.882-0400: 31.288: [GC (GCLocker Initiated GC) [PSYoungGen: 160882K->37223K(190464K)] 519542K->415190K(714752K), 0.0143435 secs] [Times: user=0.10 sys=0.00, real=0.01 secs] 
2016-09-25T22:00:19.001-0400: 31.408: [GC (GCLocker Initiated GC) [PSYoungGen: 161639K->41317K(192000K)] 547751K->435998K(716288K), 0.0222307 secs] [Times: user=0.22 sys=0.01, real=0.03 secs] 
2016-09-25T22:00:19.122-0400: 31.529: [GC (GCLocker Initiated GC) [PSYoungGen: 165733K->29058K(193536K)] 567183K->433689K(717824K), 0.0247982 secs] [Times: user=0.24 sys=0.00, real=0.02 secs] 
2016-09-25T22:00:19.245-0400: 31.651: [GC (GCLocker Initiated GC) [PSYoungGen: 156546K->41538K(169472K)] 567952K->453412K(693760K), 0.0199895 secs] [Times: user=0.18 sys=0.00, real=0.02 secs] 
2016-09-25T22:00:19.365-0400: 31.771: [GC (GCLocker Initiated GC) [PSYoungGen: 169026K->53546K(192512K)] 583752K->468737K(716800K), 0.0186848 secs] [Times: user=0.08 sys=0.05, real=0.02 secs] 
2016-09-25T22:00:19.486-0400: 31.892: [GC (GCLocker Initiated GC) [PSYoungGen: 181034K->53430K(194048K)] 601640K->477191K(718336K), 0.0127092 secs] [Times: user=0.08 sys=0.00, real=0.01 secs] 
2016-09-25T22:00:19.586-0400: 31.992: [GC (GCLocker Initiated GC) [PSYoungGen: 180918K->38790K(194560K)] 612843K->471279K(718848K), 0.0181540 secs] [Times: user=0.16 sys=0.02, real=0.02 secs] 
2016-09-25T22:00:19.692-0400: 32.098: [GC (GCLocker Initiated GC) [PSYoungGen: 166790K->53414K(194560K)] 599334K->486404K(718848K), 0.0274706 secs] [Times: user=0.24 sys=0.01, real=0.03 secs] 
2016-09-25T22:00:19.821-0400: 32.227: [GC (GCLocker Initiated GC) [PSYoungGen: 181414K->45379K(192512K)] 614619K->492552K(716800K), 0.0240874 secs] [Times: user=0.25 sys=0.01, real=0.03 secs] 
2016-09-25T22:00:19.946-0400: 32.352: [GC (GCLocker Initiated GC) [PSYoungGen: 173379K->45282K(193536K)] 620607K->492964K(717824K), 0.0146094 secs] [Times: user=0.15 sys=0.00, real=0.01 secs] 
2016-09-25T22:00:20.069-0400: 32.475: [GC (GCLocker Initiated GC) [PSYoungGen: 173282K->30465K(194560K)] 621018K->505678K(718848K), 0.0296676 secs] [Times: user=0.33 sys=0.01, real=0.03 secs] 
2016-09-25T22:00:20.204-0400: 32.610: [GC (GCLocker Initiated GC) [PSYoungGen: 161537K->37324K(195584K)] 639610K->537458K(719872K), 0.0158678 secs] [Times: user=0.16 sys=0.00, real=0.01 secs] 
2016-09-25T22:00:20.220-0400: 32.626: [Full GC (Ergonomics) [PSYoungGen: 37324K->0K(195584K)] [ParOldGen: 500133K->143131K(524288K)] 537458K->143131K(719872K), [Metaspace: 43276K->43276K(1085440K)], 0.1154542 secs] [Times: user=0.62 sys=0.04, real=0.12 secs] 
2016-09-25T22:00:20.437-0400: 32.844: [GC (GCLocker Initiated GC) [PSYoungGen: 131072K->25398K(196608K)] 281547K->175874K(720896K), 0.0253626 secs] [Times: user=0.25 sys=0.00, real=0.03 secs] 
2016-09-25T22:00:20.598-0400: 33.004: [GC (GCLocker Initiated GC) [PSYoungGen: 158518K->50749K(184320K)] 315829K->215580K(708608K), 0.0274825 secs] [Times: user=0.30 sys=0.00, real=0.03 secs] 
2016-09-25T22:00:20.766-0400: 33.173: [GC (GCLocker Initiated GC) [PSYoungGen: 183869K->37230K(198144K)] 354159K->210659K(722432K), 0.0121436 secs] [Times: user=0.08 sys=0.00, real=0.01 secs] 
2016-09-25T22:00:20.887-0400: 33.293: [GC (GCLocker Initiated GC) [PSYoungGen: 169838K->27824K(196608K)] 348070K->225464K(720896K), 0.0264035 secs] [Times: user=0.26 sys=0.00, real=0.02 secs] 
2016-09-25T22:00:21.049-0400: 33.455: [GC (GCLocker Initiated GC) [PSYoungGen: 160432K->44073K(197120K)] 358093K->242270K(721408K), 0.0076745 secs] [Times: user=0.05 sys=0.00, real=0.01 secs] 
2016-09-25T22:00:21.152-0400: 33.558: [GC (GCLocker Initiated GC) [PSYoungGen: 177705K->52254K(186368K)] 384190K->261832K(710656K), 0.0109599 secs] [Times: user=0.09 sys=0.01, real=0.02 secs] 
2016-09-25T22:00:21.285-0400: 33.691: [GC (GCLocker Initiated GC) [PSYoungGen: 185886K->41379K(199168K)] 403802K->262509K(723456K), 0.0140447 secs] [Times: user=0.13 sys=0.01, real=0.01 secs] 
2016-09-25T22:00:21.436-0400: 33.842: [GC (GCLocker Initiated GC) [PSYoungGen: 175011K->42654K(176640K)] 401574K->269744K(700928K), 0.0243727 secs] [Times: user=0.20 sys=0.00, real=0.02 secs] 
2016-09-25T22:00:21.543-0400: 33.949: [GC (GCLocker Initiated GC) [PSYoungGen: 176286K->37159K(196096K)] 403384K->264693K(720384K), 0.0168474 secs] [Times: user=0.15 sys=0.00, real=0.01 secs] 
2016-09-25T22:00:21.709-0400: 34.116: [GC (GCLocker Initiated GC) [PSYoungGen: 171815K->33154K(195072K)] 402062K->263859K(719360K), 0.0117168 secs] [Times: user=0.10 sys=0.00, real=0.01 secs] 
2016-09-25T22:00:21.842-0400: 34.248: [GC (GCLocker Initiated GC) [PSYoungGen: 167810K->44146K(200704K)] 403956K->280791K(724992K), 0.0103188 secs] [Times: user=0.09 sys=0.00, real=0.01 secs] 
2016-09-25T22:00:21.984-0400: 34.390: [GC (GCLocker Initiated GC) [PSYoungGen: 184946K->31997K(200192K)] 426997K->288062K(724480K), 0.0076630 secs] [Times: user=0.07 sys=0.01, real=0.00 secs] 
2016-09-25T22:00:22.093-0400: 34.499: [GC (GCLocker Initiated GC) [PSYoungGen: 172797K->49528K(200192K)] 438517K->315755K(724480K), 0.0059558 secs] [Times: user=0.06 sys=0.00, real=0.01 secs] 
2016-09-25T22:00:22.216-0400: 34.622: [GC (GCLocker Initiated GC) [PSYoungGen: 190840K->42778K(201728K)] 465186K->331160K(726016K), 0.0324134 secs] [Times: user=0.30 sys=0.01, real=0.03 secs] 
2016-09-25T22:00:22.391-0400: 34.797: [GC (GCLocker Initiated GC) [PSYoungGen: 184090K->33251K(200192K)] 482164K->331853K(724480K), 0.0155097 secs] [Times: user=0.11 sys=0.01, real=0.02 secs] 
2016-09-25T22:00:22.511-0400: 34.917: [GC (GCLocker Initiated GC) [PSYoungGen: 175587K->48134K(201216K)] 476977K->360839K(725504K), 0.0135854 secs] [Times: user=0.11 sys=0.01, real=0.02 secs] 
2016-09-25T22:00:22.636-0400: 35.042: [GC (GCLocker Initiated GC) [PSYoungGen: 190470K->58998K(193024K)] 505910K->380385K(717312K), 0.0102600 secs] [Times: user=0.08 sys=0.02, real=0.01 secs] 
2016-09-25T22:00:22.757-0400: 35.163: [GC (GCLocker Initiated GC) [PSYoungGen: 192118K->19700K(153088K)] 533964K->383654K(677376K), 0.0151959 secs] [Times: user=0.14 sys=0.00, real=0.01 secs] 
2016-09-25T22:00:22.892-0400: 35.298: [GC (GCLocker Initiated GC) [PSYoungGen: 152820K->64480K(183296K)] 519654K->442690K(707584K), 0.0108319 secs] [Times: user=0.14 sys=0.00, real=0.02 secs] 
2016-09-25T22:00:22.991-0400: 35.397: [GC (GCLocker Initiated GC) [PSYoungGen: 181216K->57461K(174592K)] 559492K->441591K(698880K), 0.0114016 secs] [Times: user=0.05 sys=0.01, real=0.02 secs] 
2016-09-25T22:00:23.095-0400: 35.501: [GC (GCLocker Initiated GC) [PSYoungGen: 174197K->37237K(188928K)] 567858K->431307K(713216K), 0.0173032 secs] [Times: user=0.16 sys=0.01, real=0.01 secs] 
2016-09-25T22:00:23.196-0400: 35.602: [GC (GCLocker Initiated GC) [PSYoungGen: 150901K->45394K(159232K)] 545213K->461830K(683520K), 0.0198141 secs] [Times: user=0.18 sys=0.01, real=0.02 secs] 
2016-09-25T22:00:23.303-0400: 35.709: [GC (GCLocker Initiated GC) [PSYoungGen: 159058K->40016K(186880K)] 586446K->467760K(711168K), 0.0100696 secs] [Times: user=0.09 sys=0.01, real=0.00 secs] 
2016-09-25T22:00:23.412-0400: 35.818: [GC (GCLocker Initiated GC) [PSYoungGen: 155728K->37264K(184832K)] 587593K->485859K(709120K), 0.0202628 secs] [Times: user=0.22 sys=0.00, real=0.02 secs] 
2016-09-25T22:00:23.512-0400: 35.918: [GC (GCLocker Initiated GC) [PSYoungGen: 152976K->49392K(189440K)] 604348K->501204K(713728K), 0.0093799 secs] [Times: user=0.07 sys=0.00, real=0.01 secs] 
2016-09-25T22:00:23.634-0400: 36.040: [GC (GCLocker Initiated GC) [PSYoungGen: 171248K->39990K(189440K)] 628565K->497723K(713728K), 0.0084718 secs] [Times: user=0.07 sys=0.01, real=0.02 secs] 
2016-09-25T22:00:23.739-0400: 36.145: [GC (GCLocker Initiated GC) [PSYoungGen: 161846K->33220K(193024K)] 629164K->500994K(717312K), 0.0097010 secs] [Times: user=0.09 sys=0.00, real=0.01 secs] 
2016-09-25T22:00:23.856-0400: 36.262: [GC (GCLocker Initiated GC) [PSYoungGen: 160708K->60215K(192512K)] 634024K->534055K(716800K), 0.0228508 secs] [Times: user=0.26 sys=0.00, real=0.02 secs] 
2016-09-25T22:00:23.988-0400: 36.394: [GC (GCLocker Initiated GC) [PSYoungGen: 187703K->41380K(194560K)] 666966K->537354K(718848K), 0.0155896 secs] [Times: user=0.16 sys=0.02, real=0.02 secs] 
2016-09-25T22:00:24.108-0400: 36.514: [Full GC (Ergonomics) [PSYoungGen: 166308K->0K(194560K)] [ParOldGen: 498715K->150555K(524288K)] 665023K->150555K(718848K), [Metaspace: 43427K->43427K(1085440K)], 0.0849908 secs] [Times: user=0.53 sys=0.01, real=0.08 secs] 
2016-09-25T22:00:24.301-0400: 36.707: [GC (GCLocker Initiated GC) [PSYoungGen: 124928K->45824K(171008K)] 282340K->203237K(695296K), 0.0076348 secs] [Times: user=0.10 sys=0.01, real=0.01 secs] 
2016-09-25T22:00:24.392-0400: 36.798: [GC (GCLocker Initiated GC) [PSYoungGen: 170752K->34485K(191488K)] 328202K->196691K(715776K), 0.0069583 secs] [Times: user=0.03 sys=0.00, real=0.01 secs] 
2016-09-25T22:00:24.493-0400: 36.899: [GC (GCLocker Initiated GC) [PSYoungGen: 159925K->49647K(190976K)] 327564K->225937K(715264K), 0.0179437 secs] [Times: user=0.23 sys=0.00, real=0.02 secs] 
2016-09-25T22:00:24.608-0400: 37.014: [GC (GCLocker Initiated GC) [PSYoungGen: 175087K->38520K(195072K)] 351432K->228916K(719360K), 0.0083345 secs] [Times: user=0.07 sys=0.00, real=0.01 secs] 
2016-09-25T22:00:24.711-0400: 37.117: [GC (GCLocker Initiated GC) [PSYoungGen: 169592K->30673K(195584K)] 365441K->243178K(719872K), 0.0258471 secs] [Times: user=0.24 sys=0.02, real=0.03 secs] 
2016-09-25T22:00:24.830-0400: 37.236: [GC (GCLocker Initiated GC) [PSYoungGen: 161745K->63235K(186368K)] 374283K->281705K(710656K), 0.0153276 secs] [Times: user=0.13 sys=0.00, real=0.02 secs] 
2016-09-25T22:00:24.932-0400: 37.338: [GC (GCLocker Initiated GC) [PSYoungGen: 185091K->64421K(186368K)] 406377K->288900K(710656K), 0.0066248 secs] [Times: user=0.05 sys=0.00, real=0.01 secs] 
2016-09-25T22:00:25.050-0400: 37.456: [GC (GCLocker Initiated GC) [PSYoungGen: 186277K->22476K(184320K)] 428534K->276008K(708608K), 0.0089523 secs] [Times: user=0.07 sys=0.00, real=0.01 secs] 
2016-09-25T22:00:25.153-0400: 37.559: [GC (GCLocker Initiated GC) [PSYoungGen: 132044K->43995K(153600K)] 390990K->314234K(677888K), 0.0330685 secs] [Times: user=0.34 sys=0.00, real=0.04 secs] 
2016-09-25T22:00:25.275-0400: 37.681: [GC (GCLocker Initiated GC) [PSYoungGen: 153563K->41154K(186880K)] 429346K->317332K(711168K), 0.0210540 secs] [Times: user=0.21 sys=0.00, real=0.02 secs] 
2016-09-25T22:00:25.382-0400: 37.788: [GC (GCLocker Initiated GC) [PSYoungGen: 154818K->57609K(184320K)] 431029K->347750K(708608K), 0.0101818 secs] [Times: user=0.11 sys=0.00, real=0.01 secs] 
2016-09-25T22:00:25.475-0400: 37.881: [GC (GCLocker Initiated GC) [PSYoungGen: 171273K->46821K(189440K)] 467052K->361960K(713728K), 0.0096306 secs] [Times: user=0.06 sys=0.01, real=0.01 secs] 
2016-09-25T22:00:25.570-0400: 37.976: [GC (GCLocker Initiated GC) [PSYoungGen: 164581K->64295K(182272K)] 479730K->379933K(706560K), 0.0164897 secs] [Times: user=0.21 sys=0.00, real=0.02 secs] 
2016-09-25T22:00:25.665-0400: 38.071: [GC (GCLocker Initiated GC) [PSYoungGen: 182055K->37210K(187904K)] 497714K->364058K(712192K), 0.0074728 secs] [Times: user=0.05 sys=0.00, real=0.00 secs] 
2016-09-25T22:00:25.801-0400: 38.207: [GC (GCLocker Initiated GC) [PSYoungGen: 149338K->50891K(163328K)] 481625K->383633K(687616K), 0.0234706 secs] [Times: user=0.23 sys=0.01, real=0.03 secs] 
2016-09-25T22:00:25.908-0400: 38.314: [GC (GCLocker Initiated GC) [PSYoungGen: 163019K->37086K(186368K)] 498481K->397253K(710656K), 0.0097264 secs] [Times: user=0.08 sys=0.00, real=0.01 secs] 
2016-09-25T22:00:26.026-0400: 38.432: [GC (GCLocker Initiated GC) [PSYoungGen: 150238K->29019K(185344K)] 517210K->407147K(709632K), 0.0414505 secs] [Times: user=0.44 sys=0.00, real=0.04 secs] 
2016-09-25T22:00:26.163-0400: 38.569: [GC (GCLocker Initiated GC) [PSYoungGen: 142171K->50774K(189440K)] 523131K->453786K(713728K), 0.0163187 secs] [Times: user=0.20 sys=0.01, real=0.01 secs] 
2016-09-25T22:00:26.309-0400: 38.715: [GC (GCLocker Initiated GC) [PSYoungGen: 168022K->46860K(164352K)] 584658K->482812K(688640K), 0.0313711 secs] [Times: user=0.40 sys=0.00, real=0.03 secs] 
2016-09-25T22:00:26.464-0400: 38.870: [GC (GCLocker Initiated GC) [PSYoungGen: 164108K->44214K(189952K)] 604162K->500964K(714240K), 0.0168237 secs] [Times: user=0.20 sys=0.00, real=0.01 secs] 
2016-09-25T22:00:26.580-0400: 38.986: [GC (GCLocker Initiated GC) [PSYoungGen: 164022K->32067K(187904K)] 627641K->525896K(712192K), 0.0078718 secs] [Times: user=0.06 sys=0.00, real=0.01 secs] 
2016-09-25T22:00:26.588-0400: 38.994: [Full GC (Ergonomics) [PSYoungGen: 32067K->0K(187904K)] [ParOldGen: 493828K->159201K(524288K)] 525896K->159201K(712192K), [Metaspace: 43439K->43439K(1085440K)], 0.0814646 secs] [Times: user=0.48 sys=0.02, real=0.08 secs] 
2016-09-25T22:00:26.784-0400: 39.190: [GC (GCLocker Initiated GC) [PSYoungGen: 119808K->59600K(187392K)] 279111K->218903K(711680K), 0.0074028 secs] [Times: user=0.06 sys=0.01, real=0.00 secs] 
2016-09-25T22:00:26.909-0400: 39.315: [GC (GCLocker Initiated GC) [PSYoungGen: 179408K->40281K(190976K)] 344166K->218315K(715264K), 0.0082849 secs] [Times: user=0.08 sys=0.00, real=0.01 secs] 
2016-09-25T22:00:27.040-0400: 39.446: [GC (GCLocker Initiated GC) [PSYoungGen: 160089K->45786K(185344K)] 344907K->231383K(709632K), 0.0078683 secs] [Times: user=0.04 sys=0.00, real=0.01 secs] 
2016-09-25T22:00:27.175-0400: 39.581: [GC (GCLocker Initiated GC) [PSYoungGen: 167130K->62078K(188928K)] 352760K->259312K(713216K), 0.0193142 secs] [Times: user=0.19 sys=0.00, real=0.01 secs] 
2016-09-25T22:00:27.302-0400: 39.708: [GC (GCLocker Initiated GC) [PSYoungGen: 183422K->26889K(188416K)] 391475K->254642K(712704K), 0.0061505 secs] [Times: user=0.04 sys=0.00, real=0.01 secs] 
2016-09-25T22:00:27.410-0400: 39.816: [GC (GCLocker Initiated GC) [PSYoungGen: 143625K->51518K(189440K)] 371808K->294161K(713728K), 0.0272277 secs] [Times: user=0.30 sys=0.00, real=0.03 secs] 
2016-09-25T22:00:27.549-0400: 39.956: [GC (GCLocker Initiated GC) [PSYoungGen: 168254K->46980K(184832K)] 411072K->306873K(709120K), 0.0111898 secs] [Times: user=0.08 sys=0.00, real=0.01 secs] 
2016-09-25T22:00:27.663-0400: 40.069: [GC (GCLocker Initiated GC) [PSYoungGen: 164228K->60847K(187392K)] 426854K->326933K(711680K), 0.0277118 secs] [Times: user=0.33 sys=0.01, real=0.02 secs] 
2016-09-25T22:00:27.799-0400: 40.206: [GC (GCLocker Initiated GC) [PSYoungGen: 178095K->24071K(186368K)] 449715K->318185K(710656K), 0.0182876 secs] [Times: user=0.20 sys=0.00, real=0.02 secs] 
2016-09-25T22:00:27.917-0400: 40.323: [GC (GCLocker Initiated GC) [PSYoungGen: 136711K->70067K(182784K)] 430895K->384001K(707072K), 0.0173492 secs] [Times: user=0.20 sys=0.02, real=0.02 secs] 
2016-09-25T22:00:28.033-0400: 40.439: [GC (GCLocker Initiated GC) [PSYoungGen: 182707K->45734K(183808K)] 500897K->380925K(708096K), 0.0105508 secs] [Times: user=0.08 sys=0.00, real=0.02 secs] 
2016-09-25T22:00:28.127-0400: 40.533: [GC (GCLocker Initiated GC) [PSYoungGen: 150182K->49846K(154624K)] 486728K->387184K(678912K), 0.0098338 secs] [Times: user=0.10 sys=0.00, real=0.01 secs] 
2016-09-25T22:00:28.221-0400: 40.627: [GC (GCLocker Initiated GC) [PSYoungGen: 154294K->51000K(182272K)] 499964K->397443K(706560K), 0.0178967 secs] [Times: user=0.18 sys=0.01, real=0.02 secs] 
2016-09-25T22:00:30.289-0400: 42.695: [GC (GCLocker Initiated GC) [PSYoungGen: 156984K->38986K(180736K)] 508712K->391412K(705024K), 0.0304293 secs] [Times: user=0.29 sys=0.00, real=0.03 secs] 
2016-09-25T22:00:30.412-0400: 42.818: [GC (GCLocker Initiated GC) [PSYoungGen: 144970K->70091K(176640K)] 497444K->423486K(700928K), 0.0105196 secs] [Times: user=0.11 sys=0.01, real=0.02 secs] 
2016-09-25T22:00:30.530-0400: 42.936: [GC (GCLocker Initiated GC) [PSYoungGen: 173515K->40462K(182784K)] 536783K->415168K(707072K), 0.0101927 secs] [Times: user=0.12 sys=0.01, real=0.01 secs] 
2016-09-25T22:00:30.612-0400: 43.018: [GC (GCLocker Initiated GC) [PSYoungGen: 143886K->57876K(182272K)] 524233K->455359K(706560K), 0.0098709 secs] [Times: user=0.13 sys=0.00, real=0.01 secs] 
2016-09-25T22:00:30.707-0400: 43.114: [GC (GCLocker Initiated GC) [PSYoungGen: 162836K->70170K(175616K)] 563273K->471320K(699904K), 0.0095668 secs] [Times: user=0.13 sys=0.00, real=0.01 secs] 
2016-09-25T22:00:30.802-0400: 43.208: [GC (GCLocker Initiated GC) [PSYoungGen: 175130K->50938K(181760K)] 579012K->455564K(706048K), 0.0069437 secs] [Times: user=0.08 sys=0.00, real=0.01 secs] 
2016-09-25T22:00:30.883-0400: 43.290: [GC (GCLocker Initiated GC) [PSYoungGen: 149242K->25384K(178688K)] 561020K->472906K(702976K), 0.0064540 secs] [Times: user=0.06 sys=0.00, real=0.00 secs] 
2016-09-25T22:00:30.988-0400: 43.395: [GC (GCLocker Initiated GC) [PSYoungGen: 123688K->50957K(178176K)] 579365K->520762K(702464K), 0.0110835 secs] [Times: user=0.12 sys=0.01, real=0.01 secs] 
2016-09-25T22:00:31.103-0400: 43.509: [GC (GCLocker Initiated GC) [PSYoungGen: 150797K->45594K(179200K)] 627448K->533564K(703488K), 0.0054789 secs] [Times: user=0.07 sys=0.00, real=0.00 secs] 
2016-09-25T22:00:31.193-0400: 43.600: [GC (GCLocker Initiated GC) [PSYoungGen: 145434K->57622K(180736K)] 633490K->565191K(705024K), 0.0159434 secs] [Times: user=0.23 sys=0.00, real=0.02 secs] 
2016-09-25T22:00:31.209-0400: 43.616: [Full GC (Ergonomics) [PSYoungGen: 57622K->0K(180736K)] [ParOldGen: 507568K->180646K(524288K)] 565191K->180646K(705024K), [Metaspace: 43445K->43445K(1085440K)], 0.0942400 secs] [Times: user=0.57 sys=0.02, real=0.10 secs] 
2016-09-25T22:00:31.399-0400: 43.805: [GC (GCLocker Initiated GC) [PSYoungGen: 103936K->55277K(181248K)] 284663K->236005K(705536K), 0.0134079 secs] [Times: user=0.09 sys=0.01, real=0.01 secs] 
2016-09-25T22:00:31.532-0400: 43.938: [GC (GCLocker Initiated GC) [PSYoungGen: 159213K->55005K(182784K)] 345550K->246221K(707072K), 0.0065844 secs] [Times: user=0.08 sys=0.00, real=0.01 secs] 
2016-09-25T22:00:31.612-0400: 44.018: [GC (GCLocker Initiated GC) [PSYoungGen: 163037K->53723K(183808K)] 357132K->248415K(708096K), 0.0080560 secs] [Times: user=0.10 sys=0.00, real=0.01 secs] 
2016-09-25T22:00:31.739-0400: 44.146: [GC (GCLocker Initiated GC) [PSYoungGen: 161755K->54917K(184320K)] 356474K->250188K(708608K), 0.0071652 secs] [Times: user=0.09 sys=0.00, real=0.01 secs] 
2016-09-25T22:00:31.830-0400: 44.236: [GC (GCLocker Initiated GC) [PSYoungGen: 166533K->53788K(185344K)] 364735K->274140K(709632K), 0.0065500 secs] [Times: user=0.08 sys=0.00, real=0.01 secs] 
2016-09-25T22:00:31.948-0400: 44.354: [GC (GCLocker Initiated GC) [PSYoungGen: 165404K->65845K(183296K)] 385945K->287019K(707584K), 0.0090321 secs] [Times: user=0.12 sys=0.00, real=0.01 secs] 
2016-09-25T22:00:32.048-0400: 44.454: [GC (GCLocker Initiated GC) [PSYoungGen: 176437K->63149K(174080K)] 397659K->301168K(698368K), 0.0069651 secs] [Times: user=0.09 sys=0.00, real=0.01 secs] 
2016-09-25T22:00:32.158-0400: 44.564: [GC (GCLocker Initiated GC) [PSYoungGen: 173741K->55085K(186880K)] 418666K->311339K(711168K), 0.0149000 secs] [Times: user=0.12 sys=0.01, real=0.01 secs] 
2016-09-25T22:00:32.283-0400: 44.689: [GC (GCLocker Initiated GC) [PSYoungGen: 164653K->41430K(184832K)] 428494K->305893K(709120K), 0.0051559 secs] [Times: user=0.05 sys=0.00, real=0.00 secs] 
2016-09-25T22:00:32.397-0400: 44.803: [GC (GCLocker Initiated GC) [PSYoungGen: 150998K->53647K(184832K)] 415546K->334965K(709120K), 0.0134683 secs] [Times: user=0.08 sys=0.01, real=0.01 secs] 
2016-09-25T22:00:32.493-0400: 44.899: [GC (GCLocker Initiated GC) [PSYoungGen: 165263K->61846K(184832K)] 450442K->358398K(709120K), 0.0095172 secs] [Times: user=0.12 sys=0.02, real=0.02 secs] 
2016-09-25T22:00:32.605-0400: 45.011: [GC (GCLocker Initiated GC) [PSYoungGen: 173462K->46992K(187904K)] 476868K->369945K(712192K), 0.0117426 secs] [Times: user=0.09 sys=0.02, real=0.01 secs] 
2016-09-25T22:00:32.743-0400: 45.149: [GC (GCLocker Initiated GC) [PSYoungGen: 160656K->51057K(164864K)] 489060K->380057K(689152K), 0.0062493 secs] [Times: user=0.06 sys=0.00, real=0.00 secs] 
2016-09-25T22:00:32.824-0400: 45.231: [GC (GCLocker Initiated GC) [PSYoungGen: 164721K->60509K(185344K)] 497800K->396859K(709632K), 0.0081964 secs] [Times: user=0.06 sys=0.01, real=0.00 secs] 
2016-09-25T22:00:32.928-0400: 45.334: [GC (GCLocker Initiated GC) [PSYoungGen: 173661K->55025K(186368K)] 510091K->397548K(710656K), 0.0318211 secs] [Times: user=0.36 sys=0.01, real=0.03 secs] 
2016-09-25T22:00:33.052-0400: 45.458: [GC (GCLocker Initiated GC) [PSYoungGen: 168177K->44454K(188416K)] 518910K->412043K(712704K), 0.0079738 secs] [Times: user=0.07 sys=0.01, real=0.01 secs] 
2016-09-25T22:00:33.142-0400: 45.548: [GC (GCLocker Initiated GC) [PSYoungGen: 161190K->61872K(188416K)] 528843K->430243K(712704K), 0.0058889 secs] [Times: user=0.08 sys=0.00, real=0.01 secs] 
2016-09-25T22:00:33.227-0400: 45.633: [GC (GCLocker Initiated GC) [PSYoungGen: 178608K->52624K(188416K)] 549727K->424368K(712704K), 0.0052959 secs] [Times: user=0.07 sys=0.00, real=0.00 secs] 
2016-09-25T22:00:33.311-0400: 45.717: [GC (GCLocker Initiated GC) [PSYoungGen: 170384K->65974K(183808K)] 545679K->442064K(708096K), 0.0061302 secs] [Times: user=0.08 sys=0.00, real=0.01 secs] 
2016-09-25T22:00:33.419-0400: 45.825: [GC (GCLocker Initiated GC) [PSYoungGen: 183734K->31054K(183808K)] 577379K->444300K(708096K), 0.0145805 secs] [Times: user=0.19 sys=0.01, real=0.01 secs] 
2016-09-25T22:00:33.501-0400: 45.907: [GC (GCLocker Initiated GC) [PSYoungGen: 140622K->69988K(179712K)] 556789K->487029K(704000K), 0.0063005 secs] [Times: user=0.07 sys=0.00, real=0.01 secs] 
2016-09-25T22:00:33.608-0400: 46.014: [GC (GCLocker Initiated GC) [PSYoungGen: 179556K->47141K(183296K)] 608800K->477051K(707584K), 0.0049163 secs] [Times: user=0.07 sys=0.00, real=0.00 secs] 
2016-09-25T22:00:33.672-0400: 46.078: [GC (GCLocker Initiated GC) [PSYoungGen: 150053K->64525K(181760K)] 579999K->514172K(706048K), 0.0071708 secs] [Times: user=0.08 sys=0.00, real=0.01 secs] 
2016-09-25T22:00:33.739-0400: 46.145: [GC (GCLocker Initiated GC) [PSYoungGen: 167437K->79491K(168448K)] 617128K->544659K(692736K), 0.0094920 secs] [Times: user=0.14 sys=0.02, real=0.01 secs] 
2016-09-25T22:00:33.841-0400: 46.247: [GC (Allocation Failure) [PSYoungGen: 167555K->29426K(175104K)] 646307K->533189K(699392K), 0.0063275 secs] [Times: user=0.09 sys=0.00, real=0.01 secs] 
2016-09-25T22:00:33.848-0400: 46.254: [Full GC (Ergonomics) [PSYoungGen: 29426K->0K(175104K)] [ParOldGen: 503762K->189197K(524288K)] 533189K->189197K(699392K), [Metaspace: 43453K->43453K(1085440K)], 0.0643436 secs] [Times: user=0.54 sys=0.07, real=0.06 secs] 
2016-09-25T22:00:34.085-0400: 46.491: [GC (GCLocker Initiated GC) [PSYoungGen: 87980K->45831K(175104K)] 279877K->237728K(699392K), 0.0109129 secs] [Times: user=0.18 sys=0.01, real=0.01 secs] 
2016-09-25T22:00:34.178-0400: 46.584: [GC (GCLocker Initiated GC) [PSYoungGen: 133895K->60412K(148480K)] 333988K->261306K(672768K), 0.0140111 secs] [Times: user=0.12 sys=0.01, real=0.01 secs] 
2016-09-25T22:00:34.264-0400: 46.670: [GC (GCLocker Initiated GC) [PSYoungGen: 148476K->38748K(174592K)] 354944K->262052K(698880K), 0.0084097 secs] [Times: user=0.09 sys=0.01, real=0.00 secs] 
2016-09-25T22:00:34.357-0400: 46.763: [GC (GCLocker Initiated GC) [PSYoungGen: 127324K->64622K(174080K)] 357441K->298060K(698368K), 0.0098530 secs] [Times: user=0.13 sys=0.00, real=0.01 secs] 
2016-09-25T22:00:37.101-0400: 49.507: [GC (GCLocker Initiated GC) [PSYoungGen: 153198K->34519K(174592K)] 386727K->290236K(698880K), 0.0113852 secs] [Times: user=0.13 sys=0.02, real=0.01 secs] 
2016-09-25T22:00:37.196-0400: 49.602: [GC (GCLocker Initiated GC) [PSYoungGen: 122583K->41481K(130048K)] 382401K->318060K(654336K), 0.0199858 secs] [Times: user=0.23 sys=0.04, real=0.02 secs] 
2016-09-25T22:00:37.300-0400: 49.706: [GC (Allocation Failure) [PSYoungGen: 129545K->50879K(176640K)] 406383K->347247K(700928K), 0.0104253 secs] [Times: user=0.13 sys=0.02, real=0.01 secs] 
2016-09-25T22:00:37.382-0400: 49.788: [GC (GCLocker Initiated GC) [PSYoungGen: 142527K->39983K(173568K)] 438902K->350363K(697856K), 0.0100906 secs] [Times: user=0.10 sys=0.03, real=0.01 secs] 
2016-09-25T22:00:37.473-0400: 49.879: [GC (GCLocker Initiated GC) [PSYoungGen: 131631K->44245K(177664K)] 447584K->360767K(701952K), 0.0174002 secs] [Times: user=0.24 sys=0.01, real=0.02 secs] 
2016-09-25T22:00:37.578-0400: 49.984: [GC (GCLocker Initiated GC) [PSYoungGen: 141525K->59191K(175616K)] 460821K->379124K(699904K), 0.0068457 secs] [Times: user=0.09 sys=0.01, real=0.01 secs] 
2016-09-25T22:00:37.672-0400: 50.078: [GC (GCLocker Initiated GC) [PSYoungGen: 156471K->33676K(182784K)] 490080K->378729K(707072K), 0.0048774 secs] [Times: user=0.06 sys=0.01, real=0.01 secs] 
2016-09-25T22:00:37.745-0400: 50.151: [GC (GCLocker Initiated GC) [PSYoungGen: 137100K->65929K(169472K)] 487699K->417225K(693760K), 0.0081720 secs] [Times: user=0.08 sys=0.01, real=0.00 secs] 
2016-09-25T22:00:37.836-0400: 50.242: [GC (GCLocker Initiated GC) [PSYoungGen: 169353K->50786K(182784K)] 520716K->402805K(707072K), 0.0078894 secs] [Times: user=0.08 sys=0.00, real=0.01 secs] 
2016-09-25T22:00:37.921-0400: 50.327: [GC (GCLocker Initiated GC) [PSYoungGen: 151138K->57748K(179712K)] 508627K->429333K(704000K), 0.0095338 secs] [Times: user=0.15 sys=0.00, real=0.01 secs] 
2016-09-25T22:00:38.026-0400: 50.432: [GC (GCLocker Initiated GC) [PSYoungGen: 158100K->47103K(180736K)] 544751K->437054K(705024K), 0.0086068 secs] [Times: user=0.08 sys=0.00, real=0.01 secs] 
2016-09-25T22:00:38.143-0400: 50.549: [GC (GCLocker Initiated GC) [PSYoungGen: 149503K->60364K(179712K)] 539483K->451007K(704000K), 0.0080050 secs] [Times: user=0.11 sys=0.00, real=0.00 secs] 
2016-09-25T22:00:38.239-0400: 50.645: [GC (GCLocker Initiated GC) [PSYoungGen: 162764K->37278K(184320K)] 555095K->432761K(708608K), 0.0102765 secs] [Times: user=0.09 sys=0.00, real=0.01 secs] 
2016-09-25T22:00:38.342-0400: 50.748: [GC (GCLocker Initiated GC) [PSYoungGen: 143262K->44038K(150528K)] 538890K->448385K(674816K), 0.0119887 secs] [Times: user=0.13 sys=0.00, real=0.01 secs] 
2016-09-25T22:00:38.451-0400: 50.857: [GC (GCLocker Initiated GC) [PSYoungGen: 150022K->42954K(183808K)] 559916K->472275K(708096K), 0.0088860 secs] [Times: user=0.10 sys=0.01, real=0.01 secs] 
2016-09-25T22:00:38.561-0400: 50.967: [GC (GCLocker Initiated GC) [PSYoungGen: 150474K->38781K(182272K)] 589412K->478311K(706560K), 0.0190209 secs] [Times: user=0.22 sys=0.00, real=0.02 secs] 
2016-09-25T22:00:38.676-0400: 51.083: [GC (GCLocker Initiated GC) [PSYoungGen: 146301K->61772K(182272K)] 585909K->510117K(706560K), 0.0149817 secs] [Times: user=0.14 sys=0.02, real=0.01 secs] 
2016-09-25T22:00:38.786-0400: 51.192: [GC (GCLocker Initiated GC) [PSYoungGen: 170316K->49760K(184832K)] 626904K->539314K(709120K), 0.0115096 secs] [Times: user=0.14 sys=0.00, real=0.01 secs] 
2016-09-25T22:00:38.887-0400: 51.294: [Full GC (Ergonomics) [PSYoungGen: 158304K->0K(184832K)] [ParOldGen: 492343K->204375K(524288K)] 650648K->204375K(709120K), [Metaspace: 43459K->43459K(1085440K)], 0.0856617 secs] [Times: user=0.66 sys=0.02, real=0.08 secs] 
2016-09-25T22:00:39.079-0400: 51.485: [GC (GCLocker Initiated GC) [PSYoungGen: 108544K->55537K(185856K)] 312951K->259944K(710144K), 0.0127347 secs] [Times: user=0.15 sys=0.00, real=0.01 secs] 
2016-09-25T22:00:39.171-0400: 51.577: [GC (GCLocker Initiated GC) [PSYoungGen: 167665K->40254K(185856K)] 380311K->255283K(710144K), 0.0095706 secs] [Times: user=0.06 sys=0.00, real=0.01 secs] 
2016-09-25T22:00:39.266-0400: 51.672: [GC (GCLocker Initiated GC) [PSYoungGen: 152382K->55192K(187904K)] 372869K->300686K(712192K), 0.0090309 secs] [Times: user=0.09 sys=0.00, real=0.01 secs] 
2016-09-25T22:00:39.385-0400: 51.792: [GC (GCLocker Initiated GC) [PSYoungGen: 169880K->33431K(187904K)] 421105K->298764K(712192K), 0.0079663 secs] [Times: user=0.08 sys=0.00, real=0.00 secs] 
2016-09-25T22:00:39.480-0400: 51.886: [GC (GCLocker Initiated GC) [PSYoungGen: 148119K->34879K(188928K)] 418888K->319795K(713216K), 0.0074379 secs] [Times: user=0.07 sys=0.00, real=0.01 secs] 
2016-09-25T22:00:39.583-0400: 51.989: [GC (GCLocker Initiated GC) [PSYoungGen: 150591K->22581K(138752K)] 449138K->321697K(663040K), 0.0082982 secs] [Times: user=0.09 sys=0.00, real=0.00 secs] 
2016-09-25T22:00:39.687-0400: 52.093: [GC (GCLocker Initiated GC) [PSYoungGen: 138293K->68528K(176128K)] 437591K->382059K(700416K), 0.0091755 secs] [Times: user=0.09 sys=0.01, real=0.01 secs] 
2016-09-25T22:00:39.805-0400: 52.212: [GC (GCLocker Initiated GC) [PSYoungGen: 169904K->42853K(181760K)] 488854K->375843K(706048K), 0.0122863 secs] [Times: user=0.15 sys=0.00, real=0.01 secs] 
2016-09-25T22:00:39.891-0400: 52.297: [GC (GCLocker Initiated GC) [PSYoungGen: 144229K->53818K(178176K)] 485428K->403721K(702464K), 0.0087694 secs] [Times: user=0.12 sys=0.00, real=0.01 secs] 
2016-09-25T22:00:39.982-0400: 52.388: [GC (GCLocker Initiated GC) [PSYoungGen: 157754K->63026K(181248K)] 507815K->413759K(705536K), 0.0074765 secs] [Times: user=0.09 sys=0.01, real=0.01 secs] 
2016-09-25T22:00:40.084-0400: 52.490: [GC (GCLocker Initiated GC) [PSYoungGen: 166962K->45557K(182272K)] 518029K->397086K(706560K), 0.0155118 secs] [Times: user=0.16 sys=0.00, real=0.01 secs] 
2016-09-25T22:00:40.199-0400: 52.605: [GC (GCLocker Initiated GC) [PSYoungGen: 149493K->46792K(151040K)] 509163K->407133K(675328K), 0.0094430 secs] [Times: user=0.09 sys=0.00, real=0.01 secs] 
2016-09-25T22:00:40.302-0400: 52.708: [GC (GCLocker Initiated GC) [PSYoungGen: 150728K->48377K(183808K)] 516648K->428305K(708096K), 0.0248514 secs] [Times: user=0.23 sys=0.00, real=0.03 secs] 
2016-09-25T22:00:40.410-0400: 52.816: [GC (GCLocker Initiated GC) [PSYoungGen: 156921K->61846K(181248K)] 536989K->453337K(705536K), 0.0132699 secs] [Times: user=0.17 sys=0.01, real=0.02 secs] 
2016-09-25T22:00:40.536-0400: 52.942: [GC (GCLocker Initiated GC) [PSYoungGen: 170390K->29356K(184832K)] 574090K->433656K(709120K), 0.0147396 secs] [Times: user=0.16 sys=0.01, real=0.01 secs] 
2016-09-25T22:00:40.637-0400: 53.043: [GC (GCLocker Initiated GC) [PSYoungGen: 138924K->59195K(168960K)] 551510K->472466K(693248K), 0.0112025 secs] [Times: user=0.12 sys=0.00, real=0.01 secs] 
2016-09-25T22:00:40.759-0400: 53.165: [GC (GCLocker Initiated GC) [PSYoungGen: 168763K->60521K(181760K)] 590201K->482648K(706048K), 0.0091362 secs] [Times: user=0.15 sys=0.00, real=0.01 secs] 
2016-09-25T22:00:40.852-0400: 53.258: [GC (GCLocker Initiated GC) [PSYoungGen: 164969K->49740K(154624K)] 589856K->504952K(678912K), 0.0083884 secs] [Times: user=0.10 sys=0.00, real=0.01 secs] 
2016-09-25T22:00:40.941-0400: 53.347: [GC (GCLocker Initiated GC) [PSYoungGen: 154188K->41885K(183808K)] 617520K->522001K(708096K), 0.0202733 secs] [Times: user=0.22 sys=0.02, real=0.02 secs] 
2016-09-25T22:00:41.055-0400: 53.461: [GC (GCLocker Initiated GC) [PSYoungGen: 149405K->63334K(182272K)] 634946K->549610K(706560K), 0.0059433 secs] [Times: user=0.08 sys=0.00, real=0.00 secs] 
2016-09-25T22:00:41.151-0400: 53.557: [GC (GCLocker Initiated GC) [PSYoungGen: 170854K->33412K(184320K)] 657386K->520642K(708608K), 0.0055516 secs] [Times: user=0.04 sys=0.01, real=0.01 secs] 
2016-09-25T22:00:41.233-0400: 53.640: [Full GC (Ergonomics) [PSYoungGen: 139908K->0K(184320K)] [ParOldGen: 495397K->216933K(524288K)] 635306K->216933K(708608K), [Metaspace: 43477K->43477K(1085440K)], 0.1032916 secs] [Times: user=0.66 sys=0.01, real=0.11 secs] 
2016-09-25T22:00:41.432-0400: 53.838: [GC (GCLocker Initiated GC) [PSYoungGen: 106496K->67820K(174592K)] 330252K->291576K(698880K), 0.0111391 secs] [Times: user=0.16 sys=0.01, real=0.02 secs] 
2016-09-25T22:00:41.563-0400: 53.969: [GC (GCLocker Initiated GC) [PSYoungGen: 174316K->43147K(181760K)] 410269K->304598K(706048K), 0.0099951 secs] [Times: user=0.09 sys=0.01, real=0.00 secs] 
2016-09-25T22:00:41.660-0400: 54.066: [GC (GCLocker Initiated GC) [PSYoungGen: 142987K->61757K(180224K)] 407212K->326742K(704512K), 0.0066666 secs] [Times: user=0.08 sys=0.00, real=0.01 secs] 
2016-09-25T22:00:41.805-0400: 54.212: [GC (GCLocker Initiated GC) [PSYoungGen: 161597K->49779K(177664K)] 432107K->331743K(701952K), 0.0064293 secs] [Times: user=0.07 sys=0.01, real=0.00 secs] 
2016-09-25T22:00:41.899-0400: 54.305: [GC (GCLocker Initiated GC) [PSYoungGen: 150131K->18748K(179200K)] 443478K->326286K(703488K), 0.0234277 secs] [Times: user=0.24 sys=0.01, real=0.03 secs] 
2016-09-25T22:00:42.017-0400: 54.423: [GC (GCLocker Initiated GC) [PSYoungGen: 119100K->64699K(174592K)] 436203K->382600K(698880K), 0.0067424 secs] [Times: user=0.07 sys=0.00, real=0.01 secs] 
2016-09-25T22:00:42.107-0400: 54.513: [GC (GCLocker Initiated GC) [PSYoungGen: 157883K->38847K(177664K)] 475862K->373723K(701952K), 0.0162375 secs] [Times: user=0.16 sys=0.01, real=0.02 secs] 
2016-09-25T22:00:42.230-0400: 54.636: [GC (GCLocker Initiated GC) [PSYoungGen: 132031K->33415K(174080K)] 470990K->378373K(698368K), 0.0058430 secs] [Times: user=0.06 sys=0.00, real=0.01 secs] 
2016-09-25T22:00:42.344-0400: 54.750: [GC (GCLocker Initiated GC) [PSYoungGen: 128135K->42966K(176640K)] 474481K->406335K(700928K), 0.0113551 secs] [Times: user=0.10 sys=0.00, real=0.01 secs] 
2016-09-25T22:00:42.457-0400: 54.863: [GC (GCLocker Initiated GC) [PSYoungGen: 137686K->53892K(179712K)] 503846K->447768K(704000K), 0.0138007 secs] [Times: user=0.18 sys=0.02, real=0.01 secs] 
2016-09-25T22:00:42.589-0400: 54.995: [GC (GCLocker Initiated GC) [PSYoungGen: 154756K->60791K(179712K)] 555621K->484035K(704000K), 0.0109124 secs] [Times: user=0.14 sys=0.00, real=0.01 secs] 
2016-09-25T22:00:42.689-0400: 55.096: [GC (GCLocker Initiated GC) [PSYoungGen: 161655K->53844K(182272K)] 584962K->477966K(706560K), 0.0067978 secs] [Times: user=0.07 sys=0.00, real=0.01 secs] 
2016-09-25T22:00:42.797-0400: 55.203: [GC (GCLocker Initiated GC) [PSYoungGen: 156244K->41592K(144384K)] 588704K->480174K(668672K), 0.0202923 secs] [Times: user=0.22 sys=0.00, real=0.02 secs] 
2016-09-25T22:00:42.898-0400: 55.304: [GC (GCLocker Initiated GC) [PSYoungGen: 143992K->61885K(177664K)] 585396K->504149K(701952K), 0.0241549 secs] [Times: user=0.31 sys=0.00, real=0.03 secs] 
2016-09-25T22:00:43.019-0400: 55.426: [GC (GCLocker Initiated GC) [PSYoungGen: 162237K->60765K(180224K)] 604503K->503782K(704512K), 0.0088364 secs] [Times: user=0.06 sys=0.01, real=0.01 secs] 
2016-09-25T22:00:43.113-0400: 55.519: [GC (GCLocker Initiated GC) [PSYoungGen: 161117K->55501K(180224K)] 614963K->510088K(704512K), 0.0078286 secs] [Times: user=0.09 sys=0.00, real=0.01 secs] 
2016-09-25T22:00:43.203-0400: 55.610: [GC (GCLocker Initiated GC) [PSYoungGen: 156877K->38808K(180736K)] 620966K->509214K(705024K), 0.0079953 secs] [Times: user=0.05 sys=0.00, real=0.00 secs] 
2016-09-25T22:00:43.286-0400: 55.692: [GC (GCLocker Initiated GC) [PSYoungGen: 140184K->48257K(177664K)] 621632K->554620K(701952K), 0.0084967 secs] [Times: user=0.08 sys=0.01, real=0.01 secs] 
2016-09-25T22:00:43.294-0400: 55.700: [Full GC (Ergonomics) [PSYoungGen: 48257K->0K(177664K)] [ParOldGen: 506363K->239733K(524288K)] 554620K->239733K(701952K), [Metaspace: 43478K->43478K(1085440K)], 0.0741557 secs] [Times: user=0.46 sys=0.02, real=0.07 secs] 
2016-09-25T22:00:43.466-0400: 55.872: [GC (GCLocker Initiated GC) [PSYoungGen: 103936K->64819K(180224K)] 346473K->307356K(704512K), 0.0154087 secs] [Times: user=0.21 sys=0.00, real=0.01 secs] 
2016-09-25T22:00:43.558-0400: 55.964: [GC (GCLocker Initiated GC) [PSYoungGen: 168755K->59043K(182784K)] 411328K->305141K(707072K), 0.0084482 secs] [Times: user=0.11 sys=0.00, real=0.01 secs] 
2016-09-25T22:00:43.635-0400: 56.041: [GC (GCLocker Initiated GC) [PSYoungGen: 162467K->42882K(146432K)] 413147K->296807K(670720K), 0.0180544 secs] [Times: user=0.24 sys=0.00, real=0.01 secs] 
2016-09-25T22:00:43.719-0400: 56.125: [GC (GCLocker Initiated GC) [PSYoungGen: 146306K->59204K(181760K)] 408533K->322127K(706048K), 0.0130326 secs] [Times: user=0.19 sys=0.01, real=0.01 secs] 
2016-09-25T22:00:43.804-0400: 56.210: [GC (GCLocker Initiated GC) [PSYoungGen: 162628K->72634K(176128K)] 425562K->336242K(700416K), 0.0073353 secs] [Times: user=0.10 sys=0.00, real=0.00 secs] 
2016-09-25T22:00:43.894-0400: 56.300: [GC (GCLocker Initiated GC) [PSYoungGen: 176058K->67195K(174592K)] 439810K->331503K(698880K), 0.0053829 secs] [Times: user=0.06 sys=0.01, real=0.01 secs] 
2016-09-25T22:00:43.975-0400: 56.381: [GC (GCLocker Initiated GC) [PSYoungGen: 158331K->28199K(119808K)] 447159K->317600K(644096K), 0.0098881 secs] [Times: user=0.14 sys=0.00, real=0.01 secs] 
2016-09-25T22:00:44.059-0400: 56.465: [GC (GCLocker Initiated GC) [PSYoungGen: 119335K->51011K(178176K)] 421109K->353472K(702464K), 0.0095202 secs] [Times: user=0.11 sys=0.01, real=0.01 secs] 
2016-09-25T22:00:44.138-0400: 56.544: [GC (GCLocker Initiated GC) [PSYoungGen: 142147K->71133K(175104K)] 444669K->374220K(699392K), 0.0084474 secs] [Times: user=0.11 sys=0.00, real=0.01 secs] 
2016-09-25T22:00:44.215-0400: 56.621: [GC (GCLocker Initiated GC) [PSYoungGen: 162269K->63041K(175104K)] 465430K->366655K(699392K), 0.0171880 secs] [Times: user=0.22 sys=0.01, real=0.01 secs] 
2016-09-25T22:00:44.312-0400: 56.718: [GC (GCLocker Initiated GC) [PSYoungGen: 151105K->60306K(148480K)] 456179K->365905K(672768K), 0.0069172 secs] [Times: user=0.09 sys=0.00, real=0.01 secs] 
2016-09-25T22:00:44.371-0400: 56.777: [GC (GCLocker Initiated GC) [PSYoungGen: 148370K->50922K(177152K)] 460779K->379997K(701440K), 0.0059631 secs] [Times: user=0.09 sys=0.00, real=0.01 secs] 
2016-09-25T22:00:44.435-0400: 56.841: [GC (GCLocker Initiated GC) [PSYoungGen: 141546K->71174K(174592K)] 470658K->400722K(698880K), 0.0096222 secs] [Times: user=0.09 sys=0.00, real=0.01 secs] 
2016-09-25T22:00:44.531-0400: 56.937: [GC (GCLocker Initiated GC) [PSYoungGen: 161798K->50769K(176128K)] 496813K->391661K(700416K), 0.0068247 secs] [Times: user=0.05 sys=0.01, real=0.01 secs] 
2016-09-25T22:00:44.613-0400: 57.020: [GC (GCLocker Initiated GC) [PSYoungGen: 140881K->59055K(149504K)] 484490K->416720K(673792K), 0.0100773 secs] [Times: user=0.10 sys=0.00, real=0.02 secs] 
2016-09-25T22:00:44.710-0400: 57.117: [GC (GCLocker Initiated GC) [PSYoungGen: 149167K->48285K(176128K)] 512475K->433741K(700416K), 0.0081124 secs] [Times: user=0.11 sys=0.01, real=0.01 secs] 
2016-09-25T22:00:44.793-0400: 57.199: [GC (GCLocker Initiated GC) [PSYoungGen: 140957K->59137K(174592K)] 534544K->453215K(698880K), 0.0272542 secs] [Times: user=0.39 sys=0.00, real=0.03 secs] 
2016-09-25T22:00:44.887-0400: 57.293: [GC (GCLocker Initiated GC) [PSYoungGen: 151809K->46756K(178688K)] 548827K->469983K(702976K), 0.0135483 secs] [Times: user=0.17 sys=0.00, real=0.01 secs] 
2016-09-25T22:00:44.974-0400: 57.380: [GC (GCLocker Initiated GC) [PSYoungGen: 144548K->35936K(177664K)] 573208K->465044K(701952K), 0.0140089 secs] [Times: user=0.13 sys=0.01, real=0.02 secs] 
2016-09-25T22:00:45.059-0400: 57.465: [GC (GCLocker Initiated GC) [PSYoungGen: 133728K->50839K(178176K)] 563428K->502679K(702464K), 0.0100525 secs] [Times: user=0.15 sys=0.01, real=0.01 secs] 
2016-09-25T22:00:45.133-0400: 57.539: [GC (GCLocker Initiated GC) [PSYoungGen: 152215K->54892K(179712K)] 609697K->526323K(704000K), 0.0119213 secs] [Times: user=0.18 sys=0.00, real=0.02 secs] 
2016-09-25T22:00:45.206-0400: 57.612: [GC (GCLocker Initiated GC) [PSYoungGen: 156268K->69766K(178176K)] 627802K->541752K(702464K), 0.0058373 secs] [Times: user=0.08 sys=0.00, real=0.00 secs] 
2016-09-25T22:00:45.275-0400: 57.681: [GC (GCLocker Initiated GC) [PSYoungGen: 171142K->46886K(181760K)] 649896K->542252K(706048K), 0.0069234 secs] [Times: user=0.07 sys=0.00, real=0.01 secs] 
2016-09-25T22:00:45.282-0400: 57.689: [Full GC (Ergonomics) [PSYoungGen: 46886K->0K(181760K)] [ParOldGen: 495366K->236751K(524288K)] 542252K->236751K(706048K), [Metaspace: 43493K->43493K(1085440K)], 0.0671032 secs] [Times: user=0.54 sys=0.01, real=0.06 secs] 
2016-09-25T22:00:45.423-0400: 57.829: [GC (GCLocker Initiated GC) [PSYoungGen: 101376K->64743K(179712K)] 343555K->306922K(704000K), 0.0057393 secs] [Times: user=0.06 sys=0.00, real=0.00 secs] 
2016-09-25T22:00:45.500-0400: 57.906: [GC (GCLocker Initiated GC) [PSYoungGen: 165095K->76509K(177152K)] 407391K->324949K(701440K), 0.0085815 secs] [Times: user=0.08 sys=0.00, real=0.01 secs] 
2016-09-25T22:00:45.583-0400: 57.989: [GC (GCLocker Initiated GC) [PSYoungGen: 176861K->52363K(178176K)] 433640K->331179K(702464K), 0.0081534 secs] [Times: user=0.09 sys=0.00, real=0.00 secs] 
2016-09-25T22:00:45.650-0400: 58.056: [GC (GCLocker Initiated GC) [PSYoungGen: 145547K->57479K(151040K)] 424443K->336878K(675328K), 0.0055815 secs] [Times: user=0.05 sys=0.00, real=0.01 secs] 
2016-09-25T22:00:45.715-0400: 58.121: [GC (GCLocker Initiated GC) [PSYoungGen: 150663K->69781K(172032K)] 430144K->349656K(696320K), 0.0269970 secs] [Times: user=0.27 sys=0.00, real=0.02 secs] 
2016-09-25T22:00:45.813-0400: 58.219: [GC (GCLocker Initiated GC) [PSYoungGen: 160405K->57571K(174592K)] 441648K->347349K(698880K), 0.0083668 secs] [Times: user=0.06 sys=0.00, real=0.01 secs] 
2016-09-25T22:00:45.877-0400: 58.283: [GC (GCLocker Initiated GC) [PSYoungGen: 148195K->57398K(174080K)] 438010K->358436K(698368K), 0.0071387 secs] [Times: user=0.06 sys=0.00, real=0.01 secs] 
2016-09-25T22:00:45.939-0400: 58.345: [GC (GCLocker Initiated GC) [PSYoungGen: 154166K->33198K(176128K)] 464751K->349521K(700416K), 0.0076516 secs] [Times: user=0.06 sys=0.01, real=0.01 secs] 
2016-09-25T22:00:46.010-0400: 58.416: [GC (GCLocker Initiated GC) [PSYoungGen: 129966K->67067K(177664K)] 449075K->397462K(701952K), 0.0105747 secs] [Times: user=0.13 sys=0.00, real=0.01 secs] 
2016-09-25T22:00:46.110-0400: 58.516: [GC (GCLocker Initiated GC) [PSYoungGen: 163323K->42651K(179200K)] 504747K->392534K(703488K), 0.0192904 secs] [Times: user=0.22 sys=0.00, real=0.02 secs] 
2016-09-25T22:00:46.190-0400: 58.596: [GC (GCLocker Initiated GC) [PSYoungGen: 138907K->42599K(178176K)] 499767K->403854K(702464K), 0.0256441 secs] [Times: user=0.31 sys=0.00, real=0.03 secs] 
2016-09-25T22:00:46.290-0400: 58.696: [GC (GCLocker Initiated GC) [PSYoungGen: 138855K->69619K(165888K)] 502851K->442059K(690176K), 0.0099125 secs] [Times: user=0.11 sys=0.00, real=0.01 secs] 
2016-09-25T22:00:46.353-0400: 58.759: [GC (GCLocker Initiated GC) [PSYoungGen: 165875K->57473K(179200K)] 546519K->454612K(703488K), 0.0062414 secs] [Times: user=0.08 sys=0.00, real=0.01 secs] 
2016-09-25T22:00:46.416-0400: 58.822: [GC (GCLocker Initiated GC) [PSYoungGen: 151169K->49357K(143360K)] 552433K->464429K(667648K), 0.0102163 secs] [Times: user=0.13 sys=0.01, real=0.01 secs] 
2016-09-25T22:00:46.524-0400: 58.931: [GC (GCLocker Initiated GC) [PSYoungGen: 143053K->45020K(176128K)] 558154K->460389K(700416K), 0.0052476 secs] [Times: user=0.04 sys=0.00, real=0.00 secs] 
2016-09-25T22:00:46.577-0400: 58.983: [GC (GCLocker Initiated GC) [PSYoungGen: 139740K->38560K(175104K)] 557856K->486659K(699392K), 0.0063241 secs] [Times: user=0.07 sys=0.00, real=0.01 secs] 
2016-09-25T22:00:46.661-0400: 59.068: [GC (GCLocker Initiated GC) [PSYoungGen: 133280K->50691K(178688K)] 584468K->510248K(702976K), 0.0103285 secs] [Times: user=0.12 sys=0.00, real=0.01 secs] 
2016-09-25T22:00:46.748-0400: 59.154: [GC (GCLocker Initiated GC) [PSYoungGen: 152067K->38349K(179712K)] 618462K->504968K(704000K), 0.0079748 secs] [Times: user=0.08 sys=0.00, real=0.01 secs] 
2016-09-25T22:00:46.815-0400: 59.221: [GC (GCLocker Initiated GC) [PSYoungGen: 139725K->53405K(180224K)] 606433K->520347K(704512K), 0.0102809 secs] [Times: user=0.12 sys=0.00, real=0.01 secs] 
2016-09-25T22:00:46.922-0400: 59.328: [GC (GCLocker Initiated GC) [PSYoungGen: 159389K->46777K(182272K)] 630424K->531590K(706560K), 0.0061353 secs] [Times: user=0.07 sys=0.00, real=0.01 secs] 
2016-09-25T22:00:46.994-0400: 59.400: [GC (GCLocker Initiated GC) [PSYoungGen: 152761K->51991K(182784K)] 645908K->558982K(707072K), 0.0076477 secs] [Times: user=0.08 sys=0.00, real=0.01 secs] 
2016-09-25T22:00:47.002-0400: 59.408: [Full GC (Ergonomics) [PSYoungGen: 51991K->0K(182784K)] [ParOldGen: 506990K->245348K(524288K)] 558982K->245348K(707072K), [Metaspace: 43502K->43502K(1085440K)], 0.0808036 secs] [Times: user=0.43 sys=0.01, real=0.09 secs] 
2016-09-25T22:00:47.174-0400: 59.580: [GC (GCLocker Initiated GC) [PSYoungGen: 111616K->22825K(184320K)] 381327K->292537K(708608K), 0.0043639 secs] [Times: user=0.03 sys=0.00, real=0.00 secs] 
2016-09-25T22:00:47.263-0400: 59.669: [GC (GCLocker Initiated GC) [PSYoungGen: 134441K->71063K(175616K)] 406893K->344143K(699904K), 0.0106047 secs] [Times: user=0.11 sys=0.01, real=0.00 secs] 
2016-09-25T22:00:47.349-0400: 59.755: [GC (GCLocker Initiated GC) [PSYoungGen: 171415K->71102K(171520K)] 444608K->358260K(695808K), 0.0072104 secs] [Times: user=0.10 sys=0.00, real=0.01 secs] 
2016-09-25T22:00:47.416-0400: 59.822: [GC (GCLocker Initiated GC) [PSYoungGen: 171454K->65695K(173568K)] 458642K->364068K(697856K), 0.0060148 secs] [Times: user=0.07 sys=0.00, real=0.00 secs] 
2016-09-25T22:00:47.478-0400: 59.884: [GC (GCLocker Initiated GC) [PSYoungGen: 153759K->39981K(175104K)] 464391K->359161K(699392K), 0.0057723 secs] [Times: user=0.06 sys=0.00, real=0.01 secs] 
2016-09-25T22:00:47.555-0400: 59.961: [GC (GCLocker Initiated GC) [PSYoungGen: 128045K->41427K(172544K)] 456708K->386748K(696832K), 0.0088443 secs] [Times: user=0.08 sys=0.01, real=0.01 secs] 
2016-09-25T22:00:47.631-0400: 60.037: [GC (GCLocker Initiated GC) [PSYoungGen: 130515K->52164K(174080K)] 486740K->419622K(698368K), 0.0122453 secs] [Times: user=0.14 sys=0.01, real=0.02 secs] 
2016-09-25T22:00:47.715-0400: 60.121: [GC (GCLocker Initiated GC) [PSYoungGen: 141252K->54960K(174592K)] 514186K->441811K(698880K), 0.0066321 secs] [Times: user=0.09 sys=0.00, real=0.00 secs] 
2016-09-25T22:00:47.797-0400: 60.203: [GC (GCLocker Initiated GC) [PSYoungGen: 150192K->46662K(175104K)] 541523K->438370K(699392K), 0.0149606 secs] [Times: user=0.14 sys=0.00, real=0.01 secs] 
2016-09-25T22:00:47.873-0400: 60.279: [GC (GCLocker Initiated GC) [PSYoungGen: 141894K->31843K(180736K)] 536342K->437549K(705024K), 0.0218778 secs] [Times: user=0.23 sys=0.01, real=0.03 secs] 
2016-09-25T22:00:47.963-0400: 60.369: [GC (GCLocker Initiated GC) [PSYoungGen: 134243K->57775K(181248K)] 544143K->484324K(705536K), 0.0167500 secs] [Times: user=0.24 sys=0.00, real=0.01 secs] 
2016-09-25T22:00:48.063-0400: 60.469: [GC (GCLocker Initiated GC) [PSYoungGen: 160175K->49554K(178176K)] 590804K->480730K(702464K), 0.0073830 secs] [Times: user=0.07 sys=0.00, real=0.00 secs] 
2016-09-25T22:00:48.137-0400: 60.543: [GC (GCLocker Initiated GC) [PSYoungGen: 154002K->60444K(180736K)] 588015K->494946K(705024K), 0.0052367 secs] [Times: user=0.07 sys=0.00, real=0.01 secs] 
2016-09-25T22:00:48.216-0400: 60.622: [GC (GCLocker Initiated GC) [PSYoungGen: 164892K->52376K(182784K)] 603472K->491480K(707072K), 0.0073462 secs] [Times: user=0.09 sys=0.00, real=0.01 secs] 
2016-09-25T22:00:48.301-0400: 60.707: [GC (GCLocker Initiated GC) [PSYoungGen: 160920K->42734K(183808K)] 606789K->489119K(708096K), 0.0157098 secs] [Times: user=0.20 sys=0.00, real=0.02 secs] 
2016-09-25T22:00:48.392-0400: 60.799: [GC (GCLocker Initiated GC) [PSYoungGen: 151278K->50956K(182784K)] 597702K->497888K(707072K), 0.0088024 secs] [Times: user=0.10 sys=0.00, real=0.01 secs] 
2016-09-25T22:00:48.494-0400: 60.900: [GC (GCLocker Initiated GC) [PSYoungGen: 163596K->41391K(184832K)] 610566K->488935K(709120K), 0.0163173 secs] [Times: user=0.19 sys=0.01, real=0.02 secs] 
2016-09-25T22:00:48.602-0400: 61.008: [GC (GCLocker Initiated GC) [PSYoungGen: 154031K->38843K(188416K)] 604279K->516678K(712704K), 0.0091383 secs] [Times: user=0.08 sys=0.00, real=0.01 secs] 
2016-09-25T22:00:48.701-0400: 61.107: [GC (GCLocker Initiated GC) [PSYoungGen: 157115K->39035K(189440K)] 639543K->522042K(713728K), 0.0209082 secs] [Times: user=0.17 sys=0.00, real=0.02 secs] 
2016-09-25T22:00:48.806-0400: 61.212: [GC (GCLocker Initiated GC) [PSYoungGen: 157307K->68827K(180224K)] 643070K->560793K(704512K), 0.0100785 secs] [Times: user=0.09 sys=0.00, real=0.01 secs] 
2016-09-25T22:00:48.921-0400: 61.327: [Full GC (Ergonomics) [PSYoungGen: 178395K->0K(180224K)] [ParOldGen: 501453K->257034K(524288K)] 679849K->257034K(704512K), [Metaspace: 43504K->43504K(1085440K)], 0.0705410 secs] [Times: user=0.42 sys=0.02, real=0.07 secs] 
2016-09-25T22:00:49.078-0400: 61.484: [GC (GCLocker Initiated GC) [PSYoungGen: 109568K->51868K(185856K)] 366752K->309053K(710144K), 0.0111174 secs] [Times: user=0.11 sys=0.00, real=0.01 secs] 
2016-09-25T22:00:49.192-0400: 61.598: [GC (GCLocker Initiated GC) [PSYoungGen: 161436K->51245K(180736K)] 419298K->329541K(705024K), 0.0139990 secs] [Times: user=0.19 sys=0.00, real=0.02 secs] 
2016-09-25T22:00:49.284-0400: 61.690: [GC (GCLocker Initiated GC) [PSYoungGen: 162861K->55348K(184320K)] 444079K->348196K(708608K), 0.0114334 secs] [Times: user=0.12 sys=0.00, real=0.01 secs] 
2016-09-25T22:00:49.381-0400: 61.787: [GC (GCLocker Initiated GC) [PSYoungGen: 166964K->50187K(184832K)] 462522K->354841K(709120K), 0.0112707 secs] [Times: user=0.16 sys=0.00, real=0.01 secs] 
2016-09-25T22:00:49.488-0400: 61.895: [GC (GCLocker Initiated GC) [PSYoungGen: 167435K->46127K(187392K)] 481675K->361434K(711680K), 0.0182155 secs] [Times: user=0.22 sys=0.00, real=0.02 secs] 
2016-09-25T22:00:49.594-0400: 62.000: [GC (GCLocker Initiated GC) [PSYoungGen: 163375K->59722K(189952K)] 486818K->395230K(714240K), 0.0225829 secs] [Times: user=0.30 sys=0.00, real=0.02 secs] 
2016-09-25T22:00:49.723-0400: 62.129: [GC (GCLocker Initiated GC) [PSYoungGen: 180554K->36863K(157696K)] 521497K->400582K(681984K), 0.0127945 secs] [Times: user=0.18 sys=0.00, real=0.01 secs] 
2016-09-25T22:00:49.848-0400: 62.254: [GC (Allocation Failure) [PSYoungGen: 157695K->44682K(192512K)] 524558K->429036K(716800K), 0.0245189 secs] [Times: user=0.27 sys=0.00, real=0.02 secs] 
2016-09-25T22:00:49.873-0400: 62.279: [GC (GCLocker Initiated GC) [PSYoungGen: 45821K->192K(121856K)] 430175K->443906K(646144K), 0.0068495 secs] [Times: user=0.04 sys=0.00, real=0.01 secs] 
2016-09-25T22:00:49.963-0400: 62.369: [GC (GCLocker Initiated GC) [PSYoungGen: 120106K->73081K(171520K)] 566520K->519504K(695808K), 0.0136629 secs] [Times: user=0.15 sys=0.01, real=0.01 secs] 
2016-09-25T22:00:50.066-0400: 62.472: [GC (GCLocker Initiated GC) [PSYoungGen: 168313K->44662K(178688K)] 617610K->508263K(702976K), 0.0249568 secs] [Times: user=0.26 sys=0.00, real=0.02 secs] 
2016-09-25T22:00:50.175-0400: 62.581: [GC (GCLocker Initiated GC) [PSYoungGen: 139894K->56718K(176640K)] 603604K->532210K(700928K), 0.0172432 secs] [Times: user=0.20 sys=0.00, real=0.01 secs] 
2016-09-25T22:00:50.284-0400: 62.690: [GC (Allocation Failure) [PSYoungGen: 155022K->55498K(179200K)] 633269K->553693K(703488K), 0.0181673 secs] [Times: user=0.19 sys=0.00, real=0.01 secs] 
2016-09-25T22:00:50.302-0400: 62.708: [Full GC (Ergonomics) [PSYoungGen: 55498K->0K(179200K)] [ParOldGen: 498194K->265093K(524288K)] 553693K->265093K(703488K), [Metaspace: 43504K->43504K(1085440K)], 0.0612403 secs] [Times: user=0.33 sys=0.01, real=0.07 secs] 
2016-09-25T22:00:50.432-0400: 62.838: [GC (GCLocker Initiated GC) [PSYoungGen: 97963K->48673K(174592K)] 365757K->316467K(698880K), 0.0175380 secs] [Times: user=0.18 sys=0.00, real=0.02 secs] 
2016-09-25T22:00:50.522-0400: 62.928: [GC (GCLocker Initiated GC) [PSYoungGen: 149537K->44362K(178176K)] 420063K->320010K(702464K), 0.0067376 secs] [Times: user=0.05 sys=0.01, real=0.01 secs] 
2016-09-25T22:00:50.608-0400: 63.014: [GC (GCLocker Initiated GC) [PSYoungGen: 145226K->44853K(179200K)] 423711K->343168K(703488K), 0.0077517 secs] [Times: user=0.10 sys=0.00, real=0.01 secs] 
2016-09-25T22:00:50.714-0400: 63.121: [GC (GCLocker Initiated GC) [PSYoungGen: 154421K->38138K(182784K)] 460916K->351166K(707072K), 0.0216971 secs] [Times: user=0.24 sys=0.00, real=0.02 secs] 
2016-09-25T22:00:50.849-0400: 63.256: [GC (GCLocker Initiated GC) [PSYoungGen: 147706K->59742K(185856K)] 464021K->377249K(710144K), 0.0102397 secs] [Times: user=0.15 sys=0.00, real=0.01 secs] 
2016-09-25T22:00:50.985-0400: 63.392: [GC (GCLocker Initiated GC) [PSYoungGen: 173406K->36495K(187904K)] 490951K->374152K(712192K), 0.0106802 secs] [Times: user=0.08 sys=0.01, real=0.01 secs] 
2016-09-25T22:00:51.079-0400: 63.485: [GC (GCLocker Initiated GC) [PSYoungGen: 150159K->47810K(183296K)] 493331K->410740K(707584K), 0.0070809 secs] [Times: user=0.06 sys=0.00, real=0.01 secs] 
2016-09-25T22:00:51.202-0400: 63.608: [GC (GCLocker Initiated GC) [PSYoungGen: 161986K->70444K(184832K)] 525159K->448563K(709120K), 0.0129096 secs] [Times: user=0.15 sys=0.01, real=0.01 secs] 
2016-09-25T22:00:51.320-0400: 63.726: [GC (GCLocker Initiated GC) [PSYoungGen: 184620K->47815K(186880K)] 567232K->431469K(711168K), 0.0123734 secs] [Times: user=0.12 sys=0.02, real=0.01 secs] 
2016-09-25T22:00:51.429-0400: 63.836: [GC (GCLocker Initiated GC) [PSYoungGen: 157383K->66403K(176128K)] 543821K->454222K(700416K), 0.0071118 secs] [Times: user=0.09 sys=0.00, real=0.01 secs] 
2016-09-25T22:00:51.548-0400: 63.955: [GC (GCLocker Initiated GC) [PSYoungGen: 175971K->45972K(185344K)] 563837K->448405K(709632K), 0.0121306 secs] [Times: user=0.10 sys=0.00, real=0.01 secs] 
2016-09-25T22:00:51.650-0400: 64.056: [GC (GCLocker Initiated GC) [PSYoungGen: 152468K->48917K(155648K)] 557610K->471336K(679936K), 0.0063258 secs] [Times: user=0.07 sys=0.00, real=0.01 secs] 
2016-09-25T22:00:51.761-0400: 64.167: [GC (GCLocker Initiated GC) [PSYoungGen: 155413K->69327K(176640K)] 580592K->495741K(700928K), 0.0105896 secs] [Times: user=0.12 sys=0.00, real=0.01 secs] 
2016-09-25T22:00:51.873-0400: 64.279: [GC (GCLocker Initiated GC) [PSYoungGen: 171215K->48728K(181248K)] 597680K->489932K(705536K), 0.0056705 secs] [Times: user=0.07 sys=0.00, real=0.01 secs] 
2016-09-25T22:00:51.999-0400: 64.405: [GC (GCLocker Initiated GC) [PSYoungGen: 150616K->51678K(175616K)] 596449K->517474K(699904K), 0.0081088 secs] [Times: user=0.11 sys=0.00, real=0.01 secs] 
2016-09-25T22:00:52.083-0400: 64.489: [GC (GCLocker Initiated GC) [PSYoungGen: 157150K->58241K(180224K)] 623573K->525880K(704512K), 0.0049383 secs] [Times: user=0.06 sys=0.00, real=0.00 secs] 
2016-09-25T22:00:52.171-0400: 64.577: [GC (GCLocker Initiated GC) [PSYoungGen: 163713K->51466K(183296K)] 636789K->547218K(707584K), 0.0108368 secs] [Times: user=0.14 sys=0.00, real=0.01 secs] 
2016-09-25T22:00:52.182-0400: 64.588: [Full GC (Ergonomics) [PSYoungGen: 51466K->0K(183296K)] [ParOldGen: 495752K->283430K(524288K)] 547218K->283430K(707584K), [Metaspace: 43504K->43504K(1085440K)], 0.0618633 secs] [Times: user=0.41 sys=0.01, real=0.07 secs] 
2016-09-25T22:00:52.344-0400: 64.750: [GC (GCLocker Initiated GC) [PSYoungGen: 112640K->48313K(185344K)] 400348K->336021K(709632K), 0.0094591 secs] [Times: user=0.08 sys=0.00, real=0.00 secs] 
2016-09-25T22:00:52.457-0400: 64.863: [GC (GCLocker Initiated GC) [PSYoungGen: 160953K->39377K(188416K)] 455550K->357700K(712704K), 0.0135008 secs] [Times: user=0.16 sys=0.00, real=0.01 secs] 
2016-09-25T22:00:52.562-0400: 64.968: [GC (GCLocker Initiated GC) [PSYoungGen: 157137K->42139K(189440K)] 482249K->368467K(713728K), 0.0102445 secs] [Times: user=0.09 sys=0.01, real=0.01 secs] 
2016-09-25T22:00:52.671-0400: 65.078: [GC (GCLocker Initiated GC) [PSYoungGen: 159899K->58470K(188928K)] 489034K->388971K(713216K), 0.0149248 secs] [Times: user=0.15 sys=0.00, real=0.02 secs] 
2016-09-25T22:00:52.791-0400: 65.197: [GC (GCLocker Initiated GC) [PSYoungGen: 176230K->47663K(165888K)] 509656K->382323K(690176K), 0.0139627 secs] [Times: user=0.15 sys=0.01, real=0.02 secs] 
2016-09-25T22:00:52.900-0400: 65.306: [GC (GCLocker Initiated GC) [PSYoungGen: 165423K->50143K(191488K)] 502879K->388930K(715776K), 0.0091425 secs] [Times: user=0.08 sys=0.00, real=0.01 secs] 
2016-09-25T22:00:53.002-0400: 65.408: [GC (GCLocker Initiated GC) [PSYoungGen: 170975K->58168K(189440K)] 509926K->419966K(713728K), 0.0068020 secs] [Times: user=0.10 sys=0.00, real=0.01 secs] 
2016-09-25T22:00:53.097-0400: 65.503: [GC (GCLocker Initiated GC) [PSYoungGen: 179000K->52800K(192512K)] 545016K->419844K(716800K), 0.0094912 secs] [Times: user=0.10 sys=0.01, real=0.01 secs] 
2016-09-25T22:00:53.211-0400: 65.617: [GC (GCLocker Initiated GC) [PSYoungGen: 176704K->43172K(192512K)] 560055K->427495K(716800K), 0.0068006 secs] [Times: user=0.09 sys=0.00, real=0.01 secs] 
2016-09-25T22:00:53.322-0400: 65.728: [GC (GCLocker Initiated GC) [PSYoungGen: 167076K->52484K(192000K)] 554132K->456550K(716288K), 0.0063859 secs] [Times: user=0.07 sys=0.01, real=0.01 secs] 
2016-09-25T22:00:53.417-0400: 65.823: [GC (GCLocker Initiated GC) [PSYoungGen: 177924K->40430K(192512K)] 592893K->483071K(716800K), 0.0099629 secs] [Times: user=0.08 sys=0.00, real=0.01 secs] 
2016-09-25T22:00:53.524-0400: 65.931: [GC (GCLocker Initiated GC) [PSYoungGen: 165870K->42848K(194048K)] 616691K->494429K(718336K), 0.0152010 secs] [Times: user=0.13 sys=0.00, real=0.01 secs] 
2016-09-25T22:00:53.640-0400: 66.046: [GC (GCLocker Initiated GC) [PSYoungGen: 170848K->45816K(194560K)] 633461K->525307K(718848K), 0.0062199 secs] [Times: user=0.07 sys=0.00, real=0.01 secs] 
2016-09-25T22:00:53.741-0400: 66.147: [GC (GCLocker Initiated GC) [PSYoungGen: 173816K->57934K(193536K)] 655973K->540797K(717824K), 0.0065403 secs] [Times: user=0.09 sys=0.00, real=0.01 secs] 
2016-09-25T22:00:53.841-0400: 66.247: [Full GC (Ergonomics) [PSYoungGen: 185934K->0K(193536K)] [ParOldGen: 488414K->296809K(524288K)] 674348K->296809K(717824K), [Metaspace: 43563K->43563K(1085440K)], 0.0820196 secs] [Times: user=0.64 sys=0.01, real=0.09 secs] 
2016-09-25T22:00:54.004-0400: 66.410: [GC (GCLocker Initiated GC) [PSYoungGen: 128000K->62126K(190464K)] 424888K->359015K(714752K), 0.0093393 secs] [Times: user=0.10 sys=0.00, real=0.00 secs] 
2016-09-25T22:00:54.115-0400: 66.521: [GC (GCLocker Initiated GC) [PSYoungGen: 190126K->45592K(193024K)] 491078K->347440K(717312K), 0.0051869 secs] [Times: user=0.07 sys=0.00, real=0.00 secs] 
2016-09-25T22:00:54.192-0400: 66.598: [GC (GCLocker Initiated GC) [PSYoungGen: 168472K->40003K(192000K)] 477100K->359929K(716288K), 0.0097830 secs] [Times: user=0.06 sys=0.00, real=0.01 secs] 
2016-09-25T22:00:54.291-0400: 66.697: [GC (GCLocker Initiated GC) [PSYoungGen: 162883K->38728K(192000K)] 495136K->376970K(716288K), 0.0200872 secs] [Times: user=0.27 sys=0.00, real=0.02 secs] 
2016-09-25T22:00:54.395-0400: 66.801: [GC (GCLocker Initiated GC) [PSYoungGen: 161608K->49513K(172544K)] 500006K->388391K(696832K), 0.0091210 secs] [Times: user=0.07 sys=0.00, real=0.01 secs] 
2016-09-25T22:00:54.486-0400: 66.892: [GC (GCLocker Initiated GC) [PSYoungGen: 172393K->64535K(186368K)] 513975K->409330K(710656K), 0.0144457 secs] [Times: user=0.16 sys=0.01, real=0.01 secs] 
2016-09-25T22:00:54.581-0400: 66.987: [GC (GCLocker Initiated GC) [PSYoungGen: 183319K->71211K(190464K)] 528183K->416618K(714752K), 0.0058718 secs] [Times: user=0.08 sys=0.00, real=0.01 secs] 
2016-09-25T22:00:54.668-0400: 67.074: [GC (GCLocker Initiated GC) [PSYoungGen: 189995K->65905K(174080K)] 535421K->422670K(698368K), 0.0094923 secs] [Times: user=0.14 sys=0.00, real=0.01 secs] 
2016-09-25T22:00:54.752-0400: 67.158: [GC (GCLocker Initiated GC) [PSYoungGen: 168305K->42678K(182272K)] 529330K->404280K(706560K), 0.0115903 secs] [Times: user=0.09 sys=0.00, real=0.02 secs] 
2016-09-25T22:00:54.838-0400: 67.244: [GC (GCLocker Initiated GC) [PSYoungGen: 145078K->78103K(168960K)] 509430K->451095K(693248K), 0.0103213 secs] [Times: user=0.11 sys=0.00, real=0.01 secs] 
2016-09-25T22:00:54.925-0400: 67.331: [GC (GCLocker Initiated GC) [PSYoungGen: 168215K->40168K(176128K)] 545387K->440923K(700416K), 0.0080413 secs] [Times: user=0.10 sys=0.00, real=0.00 secs] 
2016-09-25T22:00:54.994-0400: 67.400: [GC (GCLocker Initiated GC) [PSYoungGen: 130280K->63236K(175616K)] 536877K->470387K(699904K), 0.0061440 secs] [Times: user=0.08 sys=0.00, real=0.00 secs] 
2016-09-25T22:00:55.064-0400: 67.470: [GC (Allocation Failure) [PSYoungGen: 153348K->45644K(136192K)] 562441K->460691K(660480K), 0.0114005 secs] [Times: user=0.12 sys=0.00, real=0.01 secs] 
2016-09-25T22:00:55.138-0400: 67.544: [GC (GCLocker Initiated GC) [PSYoungGen: 134864K->56326K(176640K)] 552612K->496288K(700928K), 0.0123753 secs] [Times: user=0.15 sys=0.00, real=0.01 secs] 
2016-09-25T22:00:55.214-0400: 67.620: [GC (GCLocker Initiated GC) [PSYoungGen: 148998K->72560K(174592K)] 589132K->513238K(698880K), 0.0072057 secs] [Times: user=0.08 sys=0.00, real=0.00 secs] 
2016-09-25T22:00:55.285-0400: 67.691: [GC (GCLocker Initiated GC) [PSYoungGen: 165232K->64577K(175616K)] 608748K->524863K(699904K), 0.0071455 secs] [Times: user=0.09 sys=0.00, real=0.00 secs] 
2016-09-25T22:00:55.354-0400: 67.760: [GC (GCLocker Initiated GC) [PSYoungGen: 153665K->64492K(175616K)] 614150K->525584K(699904K), 0.0073759 secs] [Times: user=0.09 sys=0.01, real=0.01 secs] 
2016-09-25T22:00:55.455-0400: 67.861: [GC (GCLocker Initiated GC) [PSYoungGen: 153580K->51086K(171520K)] 614676K->526284K(695808K), 0.0090249 secs] [Times: user=0.12 sys=0.00, real=0.01 secs] 
2016-09-25T22:00:55.518-0400: 67.924: [GC (GCLocker Initiated GC) [PSYoungGen: 140174K->54947K(173568K)] 618226K->533647K(697856K), 0.0058411 secs] [Times: user=0.05 sys=0.00, real=0.01 secs] 
2016-09-25T22:00:55.594-0400: 68.000: [GC (GCLocker Initiated GC) [PSYoungGen: 144035K->49665K(174592K)] 630946K->537195K(698880K), 0.0147546 secs] [Times: user=0.16 sys=0.01, real=0.02 secs] 
2016-09-25T22:00:55.700-0400: 68.106: [GC (GCLocker Initiated GC) [PSYoungGen: 144897K->67458K(176128K)] 637992K->561177K(700416K), 0.0063751 secs] [Times: user=0.09 sys=0.00, real=0.01 secs] 
2016-09-25T22:00:55.793-0400: 68.199: [GC (GCLocker Initiated GC) [PSYoungGen: 162690K->64662K(178688K)] 659358K->562103K(702976K), 0.0228551 secs] [Times: user=0.30 sys=0.00, real=0.03 secs] 
2016-09-25T22:00:55.920-0400: 68.326: [Full GC (Ergonomics) [PSYoungGen: 160918K->0K(178688K)] [ParOldGen: 504305K->287329K(524288K)] 665224K->287329K(702976K), [Metaspace: 43574K->43574K(1085440K)], 0.2268354 secs] [Times: user=2.60 sys=0.03, real=0.23 secs] 
2016-09-25T22:00:56.261-0400: 68.667: [GC (GCLocker Initiated GC) [PSYoungGen: 96256K->61158K(157696K)] 385211K->350113K(681984K), 0.0072597 secs] [Times: user=0.07 sys=0.00, real=0.01 secs] 
2016-09-25T22:00:56.325-0400: 68.731: [GC (GCLocker Initiated GC) [PSYoungGen: 157414K->57788K(181248K)] 446456K->357582K(705536K), 0.0099929 secs] [Times: user=0.11 sys=0.00, real=0.01 secs] 
2016-09-25T22:00:56.443-0400: 68.849: [GC (GCLocker Initiated GC) [PSYoungGen: 157116K->45543K(178688K)] 459748K->348766K(702976K), 0.0270874 secs] [Times: user=0.33 sys=0.02, real=0.02 secs] 
2016-09-25T22:00:56.539-0400: 68.945: [GC (GCLocker Initiated GC) [PSYoungGen: 144871K->49850K(181248K)] 456255K->372771K(705536K), 0.0098416 secs] [Times: user=0.14 sys=0.00, real=0.01 secs] 
2016-09-25T22:00:56.661-0400: 69.067: [GC (GCLocker Initiated GC) [PSYoungGen: 151738K->44511K(180224K)] 481587K->391370K(704512K), 0.0141419 secs] [Times: user=0.17 sys=0.00, real=0.02 secs] 
2016-09-25T22:00:56.743-0400: 69.149: [GC (GCLocker Initiated GC) [PSYoungGen: 146399K->57912K(181760K)] 496028K->408340K(706048K), 0.0100534 secs] [Times: user=0.14 sys=0.00, real=0.00 secs] 
2016-09-25T22:00:56.824-0400: 69.230: [GC (GCLocker Initiated GC) [PSYoungGen: 163384K->56591K(182272K)] 516557K->410464K(706560K), 0.0058239 secs] [Times: user=0.07 sys=0.00, real=0.00 secs] 
2016-09-25T22:00:56.914-0400: 69.320: [GC (GCLocker Initiated GC) [PSYoungGen: 162063K->43127K(184320K)] 521364K->414013K(708608K), 0.0074597 secs] [Times: user=0.08 sys=0.00, real=0.01 secs] 
2016-09-25T22:00:57.008-0400: 69.414: [GC (GCLocker Initiated GC) [PSYoungGen: 152183K->74203K(183296K)] 527160K->455376K(707584K), 0.0086040 secs] [Times: user=0.12 sys=0.00, real=0.01 secs] 
2016-09-25T22:00:57.096-0400: 69.502: [GC (GCLocker Initiated GC) [PSYoungGen: 183259K->52501K(183296K)] 567278K->458895K(707584K), 0.0064413 secs] [Times: user=0.08 sys=0.00, real=0.01 secs] 
2016-09-25T22:00:57.184-0400: 69.591: [GC (GCLocker Initiated GC) [PSYoungGen: 156949K->33567K(138240K)] 582455K->459770K(662528K), 0.0062240 secs] [Times: user=0.07 sys=0.01, real=0.00 secs] 
2016-09-25T22:00:57.263-0400: 69.669: [GC (GCLocker Initiated GC) [PSYoungGen: 138015K->57747K(182784K)] 564378K->484836K(707072K), 0.0097461 secs] [Times: user=0.07 sys=0.00, real=0.00 secs] 
2016-09-25T22:00:57.363-0400: 69.769: [GC (GCLocker Initiated GC) [PSYoungGen: 160147K->34797K(181760K)] 595450K->497684K(706048K), 0.0106547 secs] [Times: user=0.14 sys=0.01, real=0.00 secs] 
2016-09-25T22:00:57.444-0400: 69.850: [GC (GCLocker Initiated GC) [PSYoungGen: 137197K->44186K(181248K)] 605534K->513107K(705536K), 0.0090807 secs] [Times: user=0.05 sys=0.00, real=0.00 secs] 
2016-09-25T22:00:57.535-0400: 69.942: [GC (GCLocker Initiated GC) [PSYoungGen: 147098K->64462K(167424K)] 616098K->534144K(691712K), 0.0064211 secs] [Times: user=0.07 sys=0.01, real=0.00 secs] 
2016-09-25T22:00:57.602-0400: 70.008: [GC (GCLocker Initiated GC) [PSYoungGen: 167374K->61894K(180224K)] 639999K->540466K(704512K), 0.0092769 secs] [Times: user=0.12 sys=0.00, real=0.01 secs] 
2016-09-25T22:00:57.686-0400: 70.093: [GC (GCLocker Initiated GC) [PSYoungGen: 161222K->53729K(153088K)] 642624K->546546K(677376K), 0.0111868 secs] [Times: user=0.12 sys=0.00, real=0.01 secs] 
2016-09-25T22:00:57.776-0400: 70.182: [GC (GCLocker Initiated GC) [PSYoungGen: 153057K->32002K(177664K)] 645960K->541672K(701952K), 0.0282199 secs] [Times: user=0.36 sys=0.00, real=0.03 secs] 
2016-09-25T22:00:57.804-0400: 70.211: [Full GC (Ergonomics) [PSYoungGen: 32002K->0K(177664K)] [ParOldGen: 509669K->295471K(524288K)] 541672K->295471K(701952K), [Metaspace: 43587K->43587K(1085440K)], 0.0673036 secs] [Times: user=0.56 sys=0.02, real=0.06 secs] 
2016-09-25T22:00:57.950-0400: 70.356: [GC (GCLocker Initiated GC) [PSYoungGen: 98816K->44793K(178688K)] 405204K->351181K(702976K), 0.0092126 secs] [Times: user=0.13 sys=0.00, real=0.01 secs] 
2016-09-25T22:00:58.027-0400: 70.433: [GC (GCLocker Initiated GC) [PSYoungGen: 143609K->59070K(181760K)] 450743K->367253K(706048K), 0.0058852 secs] [Times: user=0.08 sys=0.00, real=0.00 secs] 
2016-09-25T22:00:58.115-0400: 70.521: [GC (GCLocker Initiated GC) [PSYoungGen: 162494K->53633K(181760K)] 470803K->362490K(706048K), 0.0082300 secs] [Times: user=0.08 sys=0.01, real=0.01 secs] 
2016-09-25T22:00:58.192-0400: 70.598: [GC (GCLocker Initiated GC) [PSYoungGen: 157057K->73983K(174080K)] 468688K->399648K(698368K), 0.0074888 secs] [Times: user=0.10 sys=0.01, real=0.01 secs] 
2016-09-25T22:00:58.294-0400: 70.700: [GC (GCLocker Initiated GC) [PSYoungGen: 171263K->42868K(179712K)] 501324K->397744K(704000K), 0.0079727 secs] [Times: user=0.07 sys=0.01, real=0.01 secs] 
2016-09-25T22:00:58.372-0400: 70.778: [GC (GCLocker Initiated GC) [PSYoungGen: 140148K->57690K(176640K)] 498503K->416623K(700928K), 0.0056414 secs] [Times: user=0.04 sys=0.00, real=0.01 secs] 
2016-09-25T22:00:58.459-0400: 70.865: [GC (GCLocker Initiated GC) [PSYoungGen: 155994K->19731K(178688K)] 525923K->406370K(702976K), 0.0108239 secs] [Times: user=0.05 sys=0.00, real=0.01 secs] 
2016-09-25T22:00:58.547-0400: 70.953: [GC (GCLocker Initiated GC) [PSYoungGen: 118035K->40173K(180224K)] 510108K->432733K(704512K), 0.0064523 secs] [Times: user=0.06 sys=0.00, real=0.00 secs] 
2016-09-25T22:00:58.627-0400: 71.033: [GC (GCLocker Initiated GC) [PSYoungGen: 136941K->56342K(153600K)] 532369K->476628K(677888K), 0.0189239 secs] [Times: user=0.26 sys=0.01, real=0.02 secs] 
2016-09-25T22:00:58.726-0400: 71.133: [GC (GCLocker Initiated GC) [PSYoungGen: 153110K->40076K(179712K)] 578845K->466315K(704000K), 0.0130158 secs] [Times: user=0.14 sys=0.00, real=0.01 secs] 
2016-09-25T22:00:58.807-0400: 71.213: [GC (GCLocker Initiated GC) [PSYoungGen: 138380K->33452K(178176K)] 574225K->480599K(702464K), 0.0074498 secs] [Times: user=0.09 sys=0.00, real=0.01 secs] 
2016-09-25T22:00:58.898-0400: 71.304: [GC (GCLocker Initiated GC) [PSYoungGen: 131756K->33488K(181248K)] 595325K->497677K(705536K), 0.0080926 secs] [Times: user=0.11 sys=0.00, real=0.01 secs] 
2016-09-25T22:00:58.981-0400: 71.387: [GC (GCLocker Initiated GC) [PSYoungGen: 135376K->57757K(180224K)] 599599K->522548K(704512K), 0.0061572 secs] [Times: user=0.07 sys=0.01, real=0.01 secs] 
2016-09-25T22:00:59.054-0400: 71.460: [GC (GCLocker Initiated GC) [PSYoungGen: 159645K->45417K(179200K)] 624521K->529618K(703488K), 0.0170741 secs] [Times: user=0.19 sys=0.00, real=0.01 secs] 
2016-09-25T22:00:59.151-0400: 71.557: [GC (GCLocker Initiated GC) [PSYoungGen: 149353K->42815K(180736K)] 636312K->551945K(705024K), 0.0117489 secs] [Times: user=0.13 sys=0.00, real=0.02 secs] 
2016-09-25T22:00:59.162-0400: 71.569: [Full GC (Ergonomics) [PSYoungGen: 42815K->0K(180736K)] [ParOldGen: 509130K->302576K(524288K)] 551945K->302576K(705024K), [Metaspace: 43609K->43609K(1085440K)], 0.0629928 secs] [Times: user=0.48 sys=0.02, real=0.06 secs] 
2016-09-25T22:00:59.296-0400: 71.702: [GC (GCLocker Initiated GC) [PSYoungGen: 103936K->61069K(181248K)] 406560K->363694K(705536K), 0.0118945 secs] [Times: user=0.14 sys=0.00, real=0.01 secs] 
2016-09-25T22:00:59.391-0400: 71.797: [GC (GCLocker Initiated GC) [PSYoungGen: 168077K->42945K(184320K)] 478898K->373847K(708608K), 0.0056564 secs] [Times: user=0.07 sys=0.00, real=0.01 secs] 
2016-09-25T22:00:59.476-0400: 71.882: [GC (GCLocker Initiated GC) [PSYoungGen: 149953K->55063K(183808K)] 480957K->386658K(708096K), 0.0076243 secs] [Times: user=0.07 sys=0.00, real=0.01 secs] 
2016-09-25T22:00:59.568-0400: 71.974: [GC (GCLocker Initiated GC) [PSYoungGen: 164631K->60430K(184832K)] 500410K->396816K(709120K), 0.0082669 secs] [Times: user=0.12 sys=0.00, real=0.01 secs] 
2016-09-25T22:00:59.662-0400: 72.068: [GC (GCLocker Initiated GC) [PSYoungGen: 169998K->60496K(182272K)] 509269K->421902K(706560K), 0.0071646 secs] [Times: user=0.09 sys=0.00, real=0.00 secs] 
2016-09-25T22:00:59.733-0400: 72.139: [GC (GCLocker Initiated GC) [PSYoungGen: 165968K->60495K(166400K)] 530313K->436224K(690688K), 0.0088235 secs] [Times: user=0.09 sys=0.00, real=0.01 secs] 
2016-09-25T22:00:59.834-0400: 72.240: [GC (GCLocker Initiated GC) [PSYoungGen: 165967K->27997K(180736K)] 555374K->417963K(705024K), 0.0081817 secs] [Times: user=0.06 sys=0.00, real=0.01 secs] 
2016-09-25T22:00:59.906-0400: 72.312: [GC (GCLocker Initiated GC) [PSYoungGen: 129373K->50885K(152576K)] 520776K->442877K(676864K), 0.0107637 secs] [Times: user=0.12 sys=0.01, real=0.01 secs] 
2016-09-25T22:00:59.986-0400: 72.392: [GC (GCLocker Initiated GC) [PSYoungGen: 152261K->50822K(182272K)] 549896K->448952K(706560K), 0.0176038 secs] [Times: user=0.18 sys=0.00, real=0.02 secs] 
2016-09-25T22:01:00.111-0400: 72.518: [GC (GCLocker Initiated GC) [PSYoungGen: 155270K->48155K(180224K)] 553556K->446945K(704512K), 0.0175457 secs] [Times: user=0.08 sys=0.02, real=0.02 secs] 
2016-09-25T22:01:00.206-0400: 72.612: [GC (GCLocker Initiated GC) [PSYoungGen: 152603K->49635K(183808K)] 555603K->453196K(708096K), 0.0062071 secs] [Times: user=0.05 sys=0.01, real=0.00 secs] 
2016-09-25T22:01:00.347-0400: 72.753: [GC (GCLocker Initiated GC) [PSYoungGen: 160227K->44202K(181760K)] 570633K->455163K(706048K), 0.0146520 secs] [Times: user=0.17 sys=0.00, real=0.01 secs] 
2016-09-25T22:01:00.454-0400: 72.860: [GC (GCLocker Initiated GC) [PSYoungGen: 154794K->56483K(186368K)] 566819K->469110K(710656K), 0.0145896 secs] [Times: user=0.19 sys=0.01, real=0.01 secs] 
2016-09-25T22:01:00.578-0400: 72.984: [GC (GCLocker Initiated GC) [PSYoungGen: 173219K->69952K(186880K)] 585896K->496767K(711168K), 0.0076117 secs] [Times: user=0.10 sys=0.00, real=0.01 secs] 
2016-09-25T22:01:00.701-0400: 73.107: [GC (GCLocker Initiated GC) [PSYoungGen: 186688K->40287K(185856K)] 621891K->495019K(710144K), 0.0147961 secs] [Times: user=0.20 sys=0.00, real=0.02 secs] 
2016-09-25T22:01:00.795-0400: 73.201: [GC (GCLocker Initiated GC) [PSYoungGen: 150879K->61786K(172544K)] 608552K->539009K(696832K), 0.0066405 secs] [Times: user=0.09 sys=0.00, real=0.00 secs] 
2016-09-25T22:01:00.910-0400: 73.316: [Full GC (Ergonomics) [PSYoungGen: 172378K->0K(172544K)] [ParOldGen: 492216K->319249K(524288K)] 664595K->319249K(696832K), [Metaspace: 43609K->43609K(1085440K)], 0.0754690 secs] [Times: user=0.57 sys=0.01, real=0.08 secs] 
2016-09-25T22:01:01.052-0400: 73.459: [GC (GCLocker Initiated GC) [PSYoungGen: 110592K->64773K(180736K)] 435400K->389582K(705024K), 0.0063628 secs] [Times: user=0.09 sys=0.00, real=0.01 secs] 
2016-09-25T22:01:01.184-0400: 73.590: [GC (GCLocker Initiated GC) [PSYoungGen: 168197K->46910K(182784K)] 498615K->380839K(707072K), 0.0100006 secs] [Times: user=0.12 sys=0.01, real=0.01 secs] 
2016-09-25T22:01:01.261-0400: 73.667: [GC (GCLocker Initiated GC) [PSYoungGen: 150334K->67093K(178176K)] 484424K->401750K(702464K), 0.0072672 secs] [Times: user=0.07 sys=0.00, real=0.01 secs] 
2016-09-25T22:01:01.376-0400: 73.783: [GC (GCLocker Initiated GC) [PSYoungGen: 167445K->34628K(135168K)] 504842K->375279K(659456K), 0.0118733 secs] [Times: user=0.07 sys=0.01, real=0.01 secs] 
2016-09-25T22:01:01.451-0400: 73.857: [GC (GCLocker Initiated GC) [PSYoungGen: 134980K->48163K(182784K)] 481113K->397530K(707072K), 0.0143282 secs] [Times: user=0.15 sys=0.00, real=0.02 secs] 
2016-09-25T22:01:01.536-0400: 73.942: [GC (GCLocker Initiated GC) [PSYoungGen: 149539K->45370K(146944K)] 501849K->398273K(671232K), 0.0145432 secs] [Times: user=0.16 sys=0.01, real=0.01 secs] 
2016-09-25T22:01:01.623-0400: 74.029: [GC (GCLocker Initiated GC) [PSYoungGen: 146746K->67158K(175104K)] 502420K->423396K(699392K), 0.0115596 secs] [Times: user=0.16 sys=0.00, real=0.01 secs] 
2016-09-25T22:01:01.707-0400: 74.113: [GC (GCLocker Initiated GC) [PSYoungGen: 164950K->61856K(178688K)] 524118K->426984K(702976K), 0.0138118 secs] [Times: user=0.16 sys=0.01, real=0.01 secs] 
2016-09-25T22:01:01.797-0400: 74.203: [GC (GCLocker Initiated GC) [PSYoungGen: 159648K->58926K(180736K)] 524859K->435581K(705024K), 0.0321424 secs] [Times: user=0.39 sys=0.00, real=0.03 secs] 
2016-09-25T22:01:01.896-0400: 74.302: [GC (GCLocker Initiated GC) [PSYoungGen: 158766K->46875K(146944K)] 540885K->451062K(671232K), 0.0127802 secs] [Times: user=0.15 sys=0.00, real=0.01 secs] 
2016-09-25T22:01:01.985-0400: 74.391: [GC (GCLocker Initiated GC) [PSYoungGen: 146715K->56421K(181248K)] 553665K->480146K(705536K), 0.0151321 secs] [Times: user=0.18 sys=0.00, real=0.01 secs] 
2016-09-25T22:01:02.076-0400: 74.482: [GC (GCLocker Initiated GC) [PSYoungGen: 158309K->46773K(179712K)] 583396K->472411K(704000K), 0.0078562 secs] [Times: user=0.07 sys=0.00, real=0.01 secs] 
2016-09-25T22:01:02.164-0400: 74.570: [GC (GCLocker Initiated GC) [PSYoungGen: 148661K->57701K(182272K)] 574367K->483920K(706560K), 0.0215935 secs] [Times: user=0.30 sys=0.00, real=0.02 secs] 
2016-09-25T22:01:02.276-0400: 74.682: [GC (GCLocker Initiated GC) [PSYoungGen: 163173K->49712K(181760K)] 600278K->487314K(706048K), 0.0121195 secs] [Times: user=0.14 sys=0.00, real=0.01 secs] 
2016-09-25T22:01:02.352-0400: 74.759: [GC (GCLocker Initiated GC) [PSYoungGen: 155184K->57747K(183296K)] 592935K->515093K(707584K), 0.0102276 secs] [Times: user=0.14 sys=0.00, real=0.02 secs] 
2016-09-25T22:01:02.455-0400: 74.862: [GC (GCLocker Initiated GC) [PSYoungGen: 166803K->39004K(183296K)] 628236K->517212K(707584K), 0.0055215 secs] [Times: user=0.05 sys=0.01, real=0.00 secs] 
2016-09-25T22:01:02.550-0400: 74.956: [GC (GCLocker Initiated GC) [PSYoungGen: 148060K->61960K(185344K)] 626424K->541120K(709632K), 0.0089714 secs] [Times: user=0.13 sys=0.01, real=0.01 secs] 
2016-09-25T22:01:02.644-0400: 75.050: [GC (GCLocker Initiated GC) [PSYoungGen: 172552K->58116K(186368K)] 654649K->543659K(710656K), 0.0117108 secs] [Times: user=0.14 sys=0.00, real=0.01 secs] 
2016-09-25T22:01:02.760-0400: 75.166: [GC (GCLocker Initiated GC) [PSYoungGen: 168708K->53901K(182272K)] 659699K->545705K(706560K), 0.0085064 secs] [Times: user=0.08 sys=0.00, real=0.01 secs] 
2016-09-25T22:01:02.843-0400: 75.249: [GC (GCLocker Initiated GC) [PSYoungGen: 164493K->48613K(184320K)] 657425K->569340K(708608K), 0.0124370 secs] [Times: user=0.17 sys=0.00, real=0.01 secs] 
2016-09-25T22:01:02.856-0400: 75.262: [Full GC (Ergonomics) [PSYoungGen: 48613K->0K(184320K)] [ParOldGen: 520726K->329125K(524288K)] 569340K->329125K(708608K), [Metaspace: 43620K->43620K(1087488K)], 0.0700169 secs] [Times: user=0.48 sys=0.01, real=0.07 secs] 
2016-09-25T22:01:03.043-0400: 75.450: [GC (GCLocker Initiated GC) [PSYoungGen: 110592K->32527K(185856K)] 452094K->374029K(710144K), 0.0098422 secs] [Times: user=0.09 sys=0.01, real=0.00 secs] 
2016-09-25T22:01:03.146-0400: 75.553: [GC (GCLocker Initiated GC) [PSYoungGen: 146191K->43145K(187904K)] 490488K->388568K(712192K), 0.0109089 secs] [Times: user=0.12 sys=0.00, real=0.01 secs] 
2016-09-25T22:01:03.261-0400: 75.667: [GC (GCLocker Initiated GC) [PSYoungGen: 156809K->62063K(184832K)] 502298K->413799K(709120K), 0.0116601 secs] [Times: user=0.14 sys=0.00, real=0.01 secs] 
2016-09-25T22:01:03.376-0400: 75.782: [GC (GCLocker Initiated GC) [PSYoungGen: 173679K->45800K(186880K)] 530852K->414614K(711168K), 0.0083388 secs] [Times: user=0.12 sys=0.00, real=0.01 secs] 
2016-09-25T22:01:03.465-0400: 75.871: [GC (GCLocker Initiated GC) [PSYoungGen: 157416K->52735K(183296K)] 531787K->436016K(707584K), 0.0063126 secs] [Times: user=0.07 sys=0.01, real=0.00 secs] 
2016-09-25T22:01:03.569-0400: 75.975: [GC (GCLocker Initiated GC) [PSYoungGen: 165887K->60615K(185344K)] 549366K->445073K(709632K), 0.0060291 secs] [Times: user=0.07 sys=0.00, real=0.01 secs] 
2016-09-25T22:01:03.651-0400: 76.057: [GC (GCLocker Initiated GC) [PSYoungGen: 173767K->60908K(186368K)] 562350K->450217K(710656K), 0.0120587 secs] [Times: user=0.16 sys=0.00, real=0.02 secs] 
2016-09-25T22:01:03.765-0400: 76.171: [GC (GCLocker Initiated GC) [PSYoungGen: 173548K->52668K(165376K)] 565609K->467341K(689664K), 0.0060620 secs] [Times: user=0.09 sys=0.00, real=0.00 secs] 
2016-09-25T22:01:03.858-0400: 76.264: [GC (GCLocker Initiated GC) [PSYoungGen: 165308K->33749K(185344K)] 580043K->449356K(709632K), 0.0102049 secs] [Times: user=0.08 sys=0.00, real=0.01 secs] 
2016-09-25T22:01:03.963-0400: 76.369: [GC (GCLocker Initiated GC) [PSYoungGen: 146389K->66061K(179200K)] 562026K->482679K(703488K), 0.0131665 secs] [Times: user=0.17 sys=0.00, real=0.01 secs] 
2016-09-25T22:01:04.070-0400: 76.476: [GC (GCLocker Initiated GC) [PSYoungGen: 178701K->42965K(185856K)] 595432K->476669K(710144K), 0.0176812 secs] [Times: user=0.20 sys=0.00, real=0.02 secs] 
2016-09-25T22:01:04.185-0400: 76.591: [GC (GCLocker Initiated GC) [PSYoungGen: 151509K->47239K(156160K)] 590678K->495399K(680448K), 0.0062504 secs] [Times: user=0.06 sys=0.00, real=0.00 secs] 
2016-09-25T22:01:04.283-0400: 76.689: [GC (GCLocker Initiated GC) [PSYoungGen: 155783K->43158K(184320K)] 609476K->503126K(708608K), 0.0060446 secs] [Times: user=0.05 sys=0.00, real=0.00 secs] 
2016-09-25T22:01:04.367-0400: 76.773: [GC (GCLocker Initiated GC) [PSYoungGen: 152726K->50004K(183296K)] 622589K->531567K(707584K), 0.0105090 secs] [Times: user=0.14 sys=0.00, real=0.01 secs] 
2016-09-25T22:01:04.462-0400: 76.868: [GC (GCLocker Initiated GC) [PSYoungGen: 159572K->53990K(186368K)] 649239K->544557K(710656K), 0.0092630 secs] [Times: user=0.10 sys=0.00, real=0.00 secs] 
2016-09-25T22:01:04.558-0400: 76.964: [GC (GCLocker Initiated GC) [PSYoungGen: 168678K->69079K(185344K)] 662000K->563333K(709632K), 0.0133980 secs] [Times: user=0.18 sys=0.00, real=0.01 secs] 
2016-09-25T22:01:04.643-0400: 77.049: [GC (Allocation Failure) [PSYoungGen: 183767K->43094K(187392K)] 678106K->551794K(711680K), 0.0069133 secs] [Times: user=0.06 sys=0.01, real=0.00 secs] 
2016-09-25T22:01:04.650-0400: 77.056: [Full GC (Ergonomics) [PSYoungGen: 43094K->0K(187392K)] [ParOldGen: 508700K->338473K(524288K)] 551794K->338473K(711680K), [Metaspace: 43621K->43621K(1087488K)], 0.0864340 secs] [Times: user=0.58 sys=0.02, real=0.09 secs] 
2016-09-25T22:01:04.853-0400: 77.259: [GC (GCLocker Initiated GC) [PSYoungGen: 110850K->58788K(186368K)] 452023K->399961K(710656K), 0.0061981 secs] [Times: user=0.08 sys=0.00, real=0.01 secs] 
2016-09-25T22:01:04.976-0400: 77.382: [GC (GCLocker Initiated GC) [PSYoungGen: 170404K->62058K(183808K)] 517048K->410325K(708096K), 0.0112002 secs] [Times: user=0.11 sys=0.00, real=0.01 secs] 
2016-09-25T22:01:05.068-0400: 77.474: [GC (GCLocker Initiated GC) [PSYoungGen: 170602K->57930K(185344K)] 518910K->439546K(709632K), 0.0148282 secs] [Times: user=0.19 sys=0.00, real=0.02 secs] 
2016-09-25T22:01:05.173-0400: 77.579: [GC (GCLocker Initiated GC) [PSYoungGen: 166474K->45985K(183808K)] 550828K->450012K(708096K), 0.0103290 secs] [Times: user=0.13 sys=0.01, real=0.02 secs] 
2016-09-25T22:01:05.280-0400: 77.686: [GC (GCLocker Initiated GC) [PSYoungGen: 155553K->50048K(184832K)] 563776K->478070K(709120K), 0.0068383 secs] [Times: user=0.09 sys=0.00, real=0.01 secs] 
2016-09-25T22:01:05.395-0400: 77.801: [GC (Allocation Failure) [PSYoungGen: 159616K->50031K(184832K)] 598462K->503393K(709120K), 0.0153613 secs] [Times: user=0.20 sys=0.00, real=0.01 secs] 
2016-09-25T22:01:05.412-0400: 77.818: [GC (GCLocker Initiated GC) [PSYoungGen: 50208K->448K(114176K)] 503571K->502116K(638464K), 0.0050697 secs] [Times: user=0.06 sys=0.00, real=0.01 secs] 
2016-09-25T22:01:05.417-0400: 77.823: [Full GC (Ergonomics) [PSYoungGen: 448K->0K(114176K)] [ParOldGen: 501668K->346184K(524288K)] 502116K->346184K(638464K), [Metaspace: 43621K->43621K(1087488K)], 0.0553177 secs] [Times: user=0.46 sys=0.00, real=0.05 secs] 
2016-09-25T22:01:05.579-0400: 77.986: [GC (GCLocker Initiated GC) [PSYoungGen: 113602K->54369K(183808K)] 462486K->403253K(708096K), 0.0110101 secs] [Times: user=0.11 sys=0.00, real=0.01 secs] 
2016-09-25T22:01:05.675-0400: 78.081: [GC (GCLocker Initiated GC) [PSYoungGen: 159329K->25519K(183296K)] 513625K->381029K(707584K), 0.0159051 secs] [Times: user=0.13 sys=0.01, real=0.01 secs] 
2016-09-25T22:01:05.791-0400: 78.198: [GC (GCLocker Initiated GC) [PSYoungGen: 130479K->37816K(181248K)] 489677K->398009K(705536K), 0.0093551 secs] [Times: user=0.08 sys=0.00, real=0.01 secs] 
2016-09-25T22:01:05.868-0400: 78.275: [GC (GCLocker Initiated GC) [PSYoungGen: 142776K->76845K(182272K)] 503024K->437987K(706560K), 0.0069024 secs] [Times: user=0.09 sys=0.01, real=0.01 secs] 
2016-09-25T22:01:05.987-0400: 78.394: [GC (GCLocker Initiated GC) [PSYoungGen: 181805K->36401K(174080K)] 551147K->428020K(698368K), 0.0090164 secs] [Times: user=0.08 sys=0.00, real=0.01 secs] 
2016-09-25T22:01:06.075-0400: 78.481: [GC (GCLocker Initiated GC) [PSYoungGen: 130609K->63357K(157696K)] 522279K->455879K(681984K), 0.0064160 secs] [Times: user=0.07 sys=0.01, real=0.00 secs] 
2016-09-25T22:01:06.163-0400: 78.569: [GC (GCLocker Initiated GC) [PSYoungGen: 157565K->29586K(176128K)] 559607K->456698K(700416K), 0.0091924 secs] [Times: user=0.10 sys=0.02, real=0.00 secs] 
2016-09-25T22:01:06.269-0400: 78.675: [GC (GCLocker Initiated GC) [PSYoungGen: 119186K->49812K(139776K)] 553063K->495381K(664064K), 0.0078610 secs] [Times: user=0.10 sys=0.01, real=0.01 secs] 
2016-09-25T22:01:06.346-0400: 78.752: [GC (GCLocker Initiated GC) [PSYoungGen: 139412K->62102K(170496K)] 591803K->515177K(694784K), 0.0064674 secs] [Times: user=0.10 sys=0.00, real=0.00 secs] 
2016-09-25T22:01:06.424-0400: 78.830: [GC (GCLocker Initiated GC) [PSYoungGen: 149654K->43350K(172544K)] 604456K->520592K(696832K), 0.0058692 secs] [Times: user=0.08 sys=0.00, real=0.00 secs] 
2016-09-25T22:01:06.488-0400: 78.894: [GC (GCLocker Initiated GC) [PSYoungGen: 130902K->59592K(175616K)] 608148K->548675K(699904K), 0.0072307 secs] [Times: user=0.10 sys=0.00, real=0.01 secs] 
2016-09-25T22:01:06.495-0400: 78.901: [Full GC (Ergonomics) [PSYoungGen: 59592K->0K(175616K)] [ParOldGen: 489082K->352003K(524288K)] 548675K->352003K(699904K), [Metaspace: 43662K->43662K(1087488K)], 0.0658268 secs] [Times: user=0.62 sys=0.01, real=0.06 secs] 
2016-09-25T22:01:06.625-0400: 79.031: [GC (GCLocker Initiated GC) [PSYoungGen: 93184K->52003K(176640K)] 447049K->405868K(700928K), 0.0102805 secs] [Times: user=0.14 sys=0.00, real=0.01 secs] 
2016-09-25T22:01:06.701-0400: 79.107: [GC (GCLocker Initiated GC) [PSYoungGen: 145187K->52733K(176128K)] 504567K->413726K(700416K), 0.0141359 secs] [Times: user=0.20 sys=0.00, real=0.02 secs] 
2016-09-25T22:01:06.795-0400: 79.201: [GC (GCLocker Initiated GC) [PSYoungGen: 150525K->78553K(176640K)] 511601K->443330K(700928K), 0.0069655 secs] [Times: user=0.10 sys=0.01, real=0.00 secs] 
2016-09-25T22:01:06.880-0400: 79.286: [GC (GCLocker Initiated GC) [PSYoungGen: 176345K->51507K(178688K)] 546622K->447183K(702976K), 0.0065250 secs] [Times: user=0.09 sys=0.01, real=0.01 secs] 
2016-09-25T22:01:06.948-0400: 79.354: [GC (GCLocker Initiated GC) [PSYoungGen: 144691K->52838K(146432K)] 548493K->468557K(670720K), 0.0061122 secs] [Times: user=0.08 sys=0.00, real=0.00 secs] 
2016-09-25T22:01:07.009-0400: 79.415: [GC (GCLocker Initiated GC) [PSYoungGen: 146022K->52763K(176128K)] 561745K->469584K(700416K), 0.0062972 secs] [Times: user=0.07 sys=0.00, real=0.01 secs] 
2016-09-25T22:01:07.072-0400: 79.478: [GC (GCLocker Initiated GC) [PSYoungGen: 148507K->64821K(173568K)] 565408K->482729K(697856K), 0.0072433 secs] [Times: user=0.07 sys=0.01, real=0.01 secs] 
2016-09-25T22:01:07.147-0400: 79.554: [GC (GCLocker Initiated GC) [PSYoungGen: 160565K->50108K(182272K)] 583909K->474335K(706560K), 0.0102089 secs] [Times: user=0.14 sys=0.00, real=0.01 secs] 
2016-09-25T22:01:07.223-0400: 79.629: [GC (GCLocker Initiated GC) [PSYoungGen: 154556K->50264K(182272K)] 581594K->478458K(706560K), 0.0105674 secs] [Times: user=0.11 sys=0.00, real=0.00 secs] 
2016-09-25T22:01:07.303-0400: 79.709: [GC (GCLocker Initiated GC) [PSYoungGen: 154712K->55375K(182784K)] 583077K->487640K(707072K), 0.0100372 secs] [Times: user=0.11 sys=0.01, real=0.00 secs] 
2016-09-25T22:01:07.382-0400: 79.788: [GC (GCLocker Initiated GC) [PSYoungGen: 163407K->33811K(182784K)] 597179K->471202K(707072K), 0.0062261 secs] [Times: user=0.05 sys=0.00, real=0.01 secs] 
2016-09-25T22:01:07.457-0400: 79.863: [GC (GCLocker Initiated GC) [PSYoungGen: 141843K->56941K(186880K)] 586119K->515944K(711168K), 0.0102232 secs] [Times: user=0.13 sys=0.01, real=0.01 secs] 
2016-09-25T22:01:07.547-0400: 79.953: [GC (GCLocker Initiated GC) [PSYoungGen: 168045K->54049K(165376K)] 629827K->516990K(689664K), 0.0054786 secs] [Times: user=0.07 sys=0.00, real=0.00 secs] 
2016-09-25T22:01:07.612-0400: 80.018: [GC (GCLocker Initiated GC) [PSYoungGen: 165153K->47657K(185856K)] 632179K->526555K(710144K), 0.0066645 secs] [Times: user=0.07 sys=0.01, real=0.01 secs] 
2016-09-25T22:01:07.686-0400: 80.092: [GC (GCLocker Initiated GC) [PSYoungGen: 159785K->67555K(184832K)] 638887K->547974K(709120K), 0.0139852 secs] [Times: user=0.17 sys=0.01, real=0.01 secs] 
2016-09-25T22:01:07.776-0400: 80.182: [GC (GCLocker Initiated GC) [PSYoungGen: 179683K->63593K(182784K)] 660135K->547702K(707072K), 0.0130648 secs] [Times: user=0.16 sys=0.00, real=0.01 secs] 
2016-09-25T22:01:07.855-0400: 80.261: [GC (GCLocker Initiated GC) [PSYoungGen: 170089K->50221K(184320K)] 656940K->554461K(708608K), 0.0105341 secs] [Times: user=0.15 sys=0.01, real=0.01 secs] 
2016-09-25T22:01:07.866-0400: 80.272: [Full GC (Ergonomics) [PSYoungGen: 50221K->0K(184320K)] [ParOldGen: 504239K->372039K(524288K)] 554461K->372039K(708608K), [Metaspace: 43710K->43710K(1087488K)], 0.0537448 secs] [Times: user=0.34 sys=0.00, real=0.05 secs] 
2016-09-25T22:01:07.984-0400: 80.390: [GC (GCLocker Initiated GC) [PSYoungGen: 106496K->57419K(182272K)] 481264K->432187K(706560K), 0.0104262 secs] [Times: user=0.13 sys=0.00, real=0.00 secs] 
2016-09-25T22:01:08.061-0400: 80.468: [GC (GCLocker Initiated GC) [PSYoungGen: 165451K->62203K(183296K)] 540252K->457549K(707584K), 0.0123234 secs] [Times: user=0.15 sys=0.00, real=0.01 secs] 
2016-09-25T22:01:08.147-0400: 80.553: [GC (GCLocker Initiated GC) [PSYoungGen: 170235K->52845K(183808K)] 565640K->457354K(708096K), 0.0125876 secs] [Times: user=0.14 sys=0.00, real=0.01 secs] 
2016-09-25T22:01:08.230-0400: 80.636: [GC (GCLocker Initiated GC) [PSYoungGen: 163437K->58309K(184832K)] 570694K->480219K(709120K), 0.0080992 secs] [Times: user=0.09 sys=0.00, real=0.01 secs] 
2016-09-25T22:01:08.301-0400: 80.707: [GC (GCLocker Initiated GC) [PSYoungGen: 168901K->40659K(187392K)] 596228K->490675K(711680K), 0.0084027 secs] [Times: user=0.10 sys=0.00, real=0.01 secs] 
2016-09-25T22:01:08.385-0400: 80.791: [GC (GCLocker Initiated GC) [PSYoungGen: 154323K->33842K(147968K)] 609768K->503864K(672256K), 0.0079953 secs] [Times: user=0.08 sys=0.00, real=0.00 secs] 
2016-09-25T22:01:08.462-0400: 80.869: [GC (GCLocker Initiated GC) [PSYoungGen: 147506K->42025K(186880K)] 626694K->530419K(711168K), 0.0063070 secs] [Times: user=0.07 sys=0.00, real=0.00 secs] 
2016-09-25T22:01:08.538-0400: 80.944: [GC (GCLocker Initiated GC) [PSYoungGen: 153129K->49822K(161280K)] 647037K->547555K(685568K), 0.0080082 secs] [Times: user=0.08 sys=0.01, real=0.01 secs] 
2016-09-25T22:01:08.547-0400: 80.953: [Full GC (Ergonomics) [PSYoungGen: 49822K->0K(161280K)] [ParOldGen: 497732K->380078K(524288K)] 547555K->380078K(685568K), [Metaspace: 43724K->43724K(1087488K)], 0.0599933 secs] [Times: user=0.60 sys=0.00, real=0.06 secs] 
2016-09-25T22:01:08.674-0400: 81.080: [GC (GCLocker Initiated GC) [PSYoungGen: 111104K->68099K(179200K)] 496593K->453589K(703488K), 0.0067216 secs] [Times: user=0.11 sys=0.00, real=0.01 secs] 
2016-09-25T22:01:08.744-0400: 81.150: [GC (GCLocker Initiated GC) [PSYoungGen: 174595K->64699K(171520K)] 560150K->451699K(695808K), 0.0063070 secs] [Times: user=0.09 sys=0.00, real=0.00 secs] 
2016-09-25T22:01:08.827-0400: 81.233: [GC (GCLocker Initiated GC) [PSYoungGen: 171195K->48591K(184832K)] 560919K->439123K(709120K), 0.0061422 secs] [Times: user=0.06 sys=0.00, real=0.00 secs] 
2016-09-25T22:01:08.895-0400: 81.301: [GC (GCLocker Initiated GC) [PSYoungGen: 154063K->56810K(162304K)] 554224K->468679K(686592K), 0.0071837 secs] [Times: user=0.09 sys=0.01, real=0.01 secs] 
2016-09-25T22:01:08.964-0400: 81.370: [GC (GCLocker Initiated GC) [PSYoungGen: 162282K->64702K(179712K)] 576912K->485647K(704000K), 0.0076013 secs] [Times: user=0.11 sys=0.00, real=0.00 secs] 
2016-09-25T22:01:09.036-0400: 81.442: [GC (GCLocker Initiated GC) [PSYoungGen: 168126K->59337K(181760K)] 589294K->483993K(706048K), 0.0104572 secs] [Times: user=0.15 sys=0.00, real=0.01 secs] 
2016-09-25T22:01:09.108-0400: 81.515: [GC (GCLocker Initiated GC) [PSYoungGen: 162761K->56763K(180224K)] 590133K->484981K(704512K), 0.0075620 secs] [Times: user=0.12 sys=0.00, real=0.01 secs] 
2016-09-25T22:01:09.178-0400: 81.584: [GC (GCLocker Initiated GC) [PSYoungGen: 162747K->60844K(182272K)] 596513K->509067K(706560K), 0.0064724 secs] [Times: user=0.09 sys=0.00, real=0.01 secs] 
2016-09-25T22:01:09.273-0400: 81.679: [GC (GCLocker Initiated GC) [PSYoungGen: 166828K->34095K(182784K)] 624511K->492685K(707072K), 0.0116308 secs] [Times: user=0.18 sys=0.00, real=0.02 secs] 
2016-09-25T22:01:09.361-0400: 81.767: [GC (GCLocker Initiated GC) [PSYoungGen: 140591K->60819K(184320K)] 603260K->524619K(708608K), 0.0054302 secs] [Times: user=0.08 sys=0.00, real=0.01 secs] 
2016-09-25T22:01:09.437-0400: 81.843: [GC (GCLocker Initiated GC) [PSYoungGen: 167315K->40716K(184320K)] 641964K->535188K(708608K), 0.0148360 secs] [Times: user=0.22 sys=0.00, real=0.01 secs] 
2016-09-25T22:01:09.522-0400: 81.928: [GC (GCLocker Initiated GC) [PSYoungGen: 147212K->49794K(156672K)] 644458K->550754K(680960K), 0.0099822 secs] [Times: user=0.14 sys=0.00, real=0.01 secs] 
2016-09-25T22:01:09.532-0400: 81.938: [Full GC (Ergonomics) [PSYoungGen: 49794K->0K(156672K)] [ParOldGen: 500959K->384774K(524288K)] 550754K->384774K(680960K), [Metaspace: 43728K->43728K(1087488K)], 0.0576611 secs] [Times: user=0.39 sys=0.02, real=0.06 secs] 
2016-09-25T22:01:09.655-0400: 82.061: [GC (GCLocker Initiated GC) [PSYoungGen: 106496K->63729K(181248K)] 493996K->451229K(705536K), 0.0068388 secs] [Times: user=0.08 sys=0.00, real=0.00 secs] 
2016-09-25T22:01:09.714-0400: 82.120: [GC (GCLocker Initiated GC) [PSYoungGen: 168689K->51096K(182784K)] 558948K->445236K(707072K), 0.0070054 secs] [Times: user=0.06 sys=0.01, real=0.01 secs] 
2016-09-25T22:01:09.781-0400: 82.187: [GC (GCLocker Initiated GC) [PSYoungGen: 156056K->55347K(181760K)] 550296K->474633K(706048K), 0.0066629 secs] [Times: user=0.09 sys=0.00, real=0.01 secs] 
2016-09-25T22:01:09.867-0400: 82.273: [GC (GCLocker Initiated GC) [PSYoungGen: 163891K->58114K(182784K)] 585974K->494572K(707072K), 0.0062619 secs] [Times: user=0.07 sys=0.00, real=0.00 secs] 
2016-09-25T22:01:09.940-0400: 82.346: [GC (GCLocker Initiated GC) [PSYoungGen: 166658K->48472K(185856K)] 608581K->491321K(710144K), 0.0047320 secs] [Times: user=0.04 sys=0.00, real=0.01 secs] 
2016-09-25T22:01:10.013-0400: 82.419: [GC (GCLocker Initiated GC) [PSYoungGen: 162136K->55380K(186880K)] 610531K->518193K(711168K), 0.0095542 secs] [Times: user=0.13 sys=0.00, real=0.02 secs] 
2016-09-25T22:01:10.109-0400: 82.515: [GC (GCLocker Initiated GC) [PSYoungGen: 169044K->40627K(187904K)] 642897K->515340K(712192K), 0.0112397 secs] [Times: user=0.17 sys=0.00, real=0.01 secs] 
2016-09-25T22:01:10.212-0400: 82.618: [GC (GCLocker Initiated GC) [PSYoungGen: 156851K->62262K(188416K)] 637209K->543633K(712704K), 0.0089345 secs] [Times: user=0.12 sys=0.00, real=0.01 secs] 
2016-09-25T22:01:10.290-0400: 82.696: [GC (GCLocker Initiated GC) [PSYoungGen: 178486K->54000K(188416K)] 659906K->536452K(712704K), 0.0263827 secs] [Times: user=0.39 sys=0.00, real=0.03 secs] 
2016-09-25T22:01:10.388-0400: 82.794: [GC (GCLocker Initiated GC) [PSYoungGen: 170224K->48607K(188416K)] 658119K->537444K(712704K), 0.0056166 secs] [Times: user=0.08 sys=0.00, real=0.00 secs] 
2016-09-25T22:01:10.469-0400: 82.875: [GC (GCLocker Initiated GC) [PSYoungGen: 164831K->67626K(183808K)] 653787K->557427K(708096K), 0.0068079 secs] [Times: user=0.10 sys=0.00, real=0.01 secs] 
2016-09-25T22:01:10.542-0400: 82.949: [GC (GCLocker Initiated GC) [PSYoungGen: 180266K->56702K(187392K)] 670132K->574604K(711680K), 0.0066600 secs] [Times: user=0.09 sys=0.00, real=0.00 secs] 
2016-09-25T22:01:10.549-0400: 82.955: [Full GC (Ergonomics) [PSYoungGen: 56702K->0K(187392K)] [ParOldGen: 517902K->400156K(524288K)] 574604K->400156K(711680K), [Metaspace: 43779K->43779K(1087488K)], 0.0511212 secs] [Times: user=0.49 sys=0.00, real=0.05 secs] 
2016-09-25T22:01:10.664-0400: 83.070: [GC (GCLocker Initiated GC) [PSYoungGen: 112640K->71841K(180224K)] 512844K->477446K(704512K), 0.0068361 secs] [Times: user=0.08 sys=0.00, real=0.00 secs] 
2016-09-25T22:01:10.740-0400: 83.146: [GC (GCLocker Initiated GC) [PSYoungGen: 178337K->45712K(184320K)] 586881K->468902K(708608K), 0.0097574 secs] [Times: user=0.09 sys=0.00, real=0.01 secs] 
2016-09-25T22:01:10.813-0400: 83.219: [GC (GCLocker Initiated GC) [PSYoungGen: 152208K->53975K(180224K)] 580859K->483444K(704512K), 0.0054869 secs] [Times: user=0.08 sys=0.00, real=0.01 secs] 
2016-09-25T22:01:10.889-0400: 83.295: [GC (GCLocker Initiated GC) [PSYoungGen: 160471K->35135K(182272K)] 604832K->480357K(706560K), 0.0104060 secs] [Times: user=0.13 sys=0.00, real=0.01 secs] 
2016-09-25T22:01:10.966-0400: 83.372: [GC (GCLocker Initiated GC) [PSYoungGen: 141631K->59272K(185344K)] 589583K->508121K(709632K), 0.0246485 secs] [Times: user=0.34 sys=0.01, real=0.02 secs] 
2016-09-25T22:01:11.058-0400: 83.464: [GC (GCLocker Initiated GC) [PSYoungGen: 167304K->49954K(158208K)] 617510K->511910K(682496K), 0.0058450 secs] [Times: user=0.08 sys=0.00, real=0.01 secs] 
2016-09-25T22:01:11.141-0400: 83.547: [GC (GCLocker Initiated GC) [PSYoungGen: 157986K->43277K(183808K)] 625443K->511632K(708096K), 0.0173178 secs] [Times: user=0.28 sys=0.00, real=0.02 secs] 
2016-09-25T22:01:11.239-0400: 83.645: [GC (GCLocker Initiated GC) [PSYoungGen: 151821K->52551K(183296K)] 620246K->521949K(707584K), 0.0104476 secs] [Times: user=0.14 sys=0.00, real=0.01 secs] 
2016-09-25T22:01:11.320-0400: 83.727: [GC (GCLocker Initiated GC) [PSYoungGen: 161095K->63570K(182784K)] 630615K->547465K(707072K), 0.0090848 secs] [Times: user=0.11 sys=0.01, real=0.01 secs] 
2016-09-25T22:01:11.405-0400: 83.811: [GC (GCLocker Initiated GC) [PSYoungGen: 173650K->35025K(184832K)] 660265K->536163K(709120K), 0.0107184 secs] [Times: user=0.11 sys=0.01, real=0.01 secs] 
2016-09-25T22:01:11.416-0400: 83.822: [Full GC (Ergonomics) [PSYoungGen: 35025K->0K(184832K)] [ParOldGen: 501137K->403101K(524288K)] 536163K->403101K(709120K), [Metaspace: 43825K->43825K(1087488K)], 0.0789902 secs] [Times: user=0.69 sys=0.01, real=0.08 secs] 
2016-09-25T22:01:11.581-0400: 83.987: [GC (GCLocker Initiated GC) [PSYoungGen: 110080K->39392K(186368K)] 524068K->453380K(710656K), 0.0220625 secs] [Times: user=0.22 sys=0.00, real=0.03 secs] 
2016-09-25T22:01:11.683-0400: 84.089: [GC (GCLocker Initiated GC) [PSYoungGen: 149984K->37817K(148480K)] 572300K->465463K(672768K), 0.0087427 secs] [Times: user=0.08 sys=0.00, real=0.00 secs] 
2016-09-25T22:01:11.771-0400: 84.177: [GC (GCLocker Initiated GC) [PSYoungGen: 148409K->45909K(187904K)] 578840K->477394K(712192K), 0.0067678 secs] [Times: user=0.06 sys=0.00, real=0.01 secs] 
2016-09-25T22:01:11.844-0400: 84.250: [GC (GCLocker Initiated GC) [PSYoungGen: 158549K->43303K(156160K)] 592795K->481304K(680448K), 0.0094425 secs] [Times: user=0.11 sys=0.01, real=0.00 secs] 
2016-09-25T22:01:11.922-0400: 84.329: [GC (GCLocker Initiated GC) [PSYoungGen: 155943K->56657K(184320K)] 593969K->495768K(708608K), 0.0073279 secs] [Times: user=0.06 sys=0.00, real=0.00 secs] 
2016-09-25T22:01:12.003-0400: 84.409: [GC (GCLocker Initiated GC) [PSYoungGen: 169297K->32584K(185344K)] 613818K->478004K(709632K), 0.0055462 secs] [Times: user=0.05 sys=0.01, real=0.00 secs] 
2016-09-25T22:01:12.074-0400: 84.480: [GC (GCLocker Initiated GC) [PSYoungGen: 145224K->67491K(179712K)] 590659K->514244K(704000K), 0.0093480 secs] [Times: user=0.12 sys=0.00, real=0.01 secs] 
2016-09-25T22:01:12.162-0400: 84.568: [GC (GCLocker Initiated GC) [PSYoungGen: 173987K->37939K(184320K)] 624854K->489658K(708608K), 0.0057448 secs] [Times: user=0.06 sys=0.01, real=0.01 secs] 
2016-09-25T22:01:12.237-0400: 84.643: [GC (GCLocker Initiated GC) [PSYoungGen: 144435K->58386K(183296K)] 601795K->535839K(707584K), 0.0063557 secs] [Times: user=0.09 sys=0.00, real=0.01 secs] 
2016-09-25T22:01:12.307-0400: 84.713: [GC (GCLocker Initiated GC) [PSYoungGen: 164882K->50098K(156672K)] 642606K->529019K(680960K), 0.0057076 secs] [Times: user=0.06 sys=0.00, real=0.00 secs] 
2016-09-25T22:01:12.387-0400: 84.793: [GC (GCLocker Initiated GC) [PSYoungGen: 156594K->39447K(183296K)] 638519K->522374K(707584K), 0.0061522 secs] [Times: user=0.06 sys=0.00, real=0.00 secs] 
2016-09-25T22:01:12.458-0400: 84.864: [GC (GCLocker Initiated GC) [PSYoungGen: 147479K->67642K(182784K)] 634495K->555784K(707072K), 0.0073624 secs] [Times: user=0.09 sys=0.01, real=0.01 secs] 
2016-09-25T22:01:12.542-0400: 84.948: [GC (GCLocker Initiated GC) [PSYoungGen: 175674K->23280K(179200K)] 677770K->534902K(703488K), 0.0194974 secs] [Times: user=0.24 sys=0.00, real=0.02 secs] 
2016-09-25T22:01:12.561-0400: 84.968: [Full GC (Ergonomics) [PSYoungGen: 23280K->0K(179200K)] [ParOldGen: 511621K->421819K(524288K)] 534902K->421819K(703488K), [Metaspace: 43837K->43837K(1087488K)], 0.0598869 secs] [Times: user=0.37 sys=0.01, real=0.06 secs] 
2016-09-25T22:01:12.689-0400: 85.095: [GC (GCLocker Initiated GC) [PSYoungGen: 100352K->73340K(174080K)] 522247K->495235K(698368K), 0.0067979 secs] [Times: user=0.09 sys=0.00, real=0.01 secs] 
2016-09-25T22:01:12.770-0400: 85.176: [GC (GCLocker Initiated GC) [PSYoungGen: 173692K->50313K(178688K)] 600091K->502330K(702976K), 0.0133964 secs] [Times: user=0.17 sys=0.00, real=0.02 secs] 
2016-09-25T22:01:12.845-0400: 85.251: [GC (GCLocker Initiated GC) [PSYoungGen: 141961K->48786K(140800K)] 599481K->534683K(665088K), 0.0068215 secs] [Times: user=0.07 sys=0.02, real=0.00 secs] 
2016-09-25T22:01:12.914-0400: 85.320: [GC (GCLocker Initiated GC) [PSYoungGen: 140434K->69219K(167936K)] 631917K->561709K(692224K), 0.0074247 secs] [Times: user=0.11 sys=0.00, real=0.01 secs] 
2016-09-25T22:01:12.982-0400: 85.388: [Full GC (Ergonomics) [PSYoungGen: 156771K->0K(167936K)] [ParOldGen: 496000K->423413K(524288K)] 652772K->423413K(692224K), [Metaspace: 43837K->43837K(1087488K)], 0.0544286 secs] [Times: user=0.43 sys=0.01, real=0.06 secs] 
2016-09-25T22:01:13.093-0400: 85.499: [GC (GCLocker Initiated GC) [PSYoungGen: 87552K->74884K(172032K)] 511086K->498419K(696320K), 0.0062657 secs] [Times: user=0.08 sys=0.00, real=0.01 secs] 
2016-09-25T22:01:13.166-0400: 85.572: [GC (GCLocker Initiated GC) [PSYoungGen: 162436K->44858K(175104K)] 592900K->503850K(699392K), 0.0061275 secs] [Times: user=0.08 sys=0.01, real=0.00 secs] 
2016-09-25T22:01:13.224-0400: 85.630: [GC (GCLocker Initiated GC) [PSYoungGen: 132922K->45990K(134144K)] 594665K->519711K(658432K), 0.0104487 secs] [Times: user=0.15 sys=0.00, real=0.01 secs] 
2016-09-25T22:01:13.301-0400: 85.707: [GC (GCLocker Initiated GC) [PSYoungGen: 134054K->52837K(176640K)] 607793K->543815K(700928K), 0.0063082 secs] [Times: user=0.08 sys=0.00, real=0.01 secs] 
2016-09-25T22:01:13.307-0400: 85.713: [Full GC (Ergonomics) [PSYoungGen: 52837K->0K(176640K)] [ParOldGen: 490978K->402680K(524288K)] 543815K->402680K(700928K), [Metaspace: 43841K->43841K(1087488K)], 0.0638139 secs] [Times: user=0.70 sys=0.01, real=0.06 secs] 
2016-09-25T22:01:13.429-0400: 85.835: [GC (GCLocker Initiated GC) [PSYoungGen: 91136K->49662K(173568K)] 507717K->466244K(697856K), 0.0046315 secs] [Times: user=0.06 sys=0.01, real=0.00 secs] 
2016-09-25T22:01:13.490-0400: 85.896: [GC (GCLocker Initiated GC) [PSYoungGen: 140798K->77430K(167424K)] 561549K->498189K(691712K), 0.0074795 secs] [Times: user=0.10 sys=0.00, real=0.01 secs] 
2016-09-25T22:01:13.569-0400: 85.975: [GC (GCLocker Initiated GC) [PSYoungGen: 164982K->68940K(174080K)] 588607K->492565K(698368K), 0.0058728 secs] [Times: user=0.07 sys=0.00, real=0.01 secs] 
2016-09-25T22:01:13.630-0400: 86.036: [GC (GCLocker Initiated GC) [PSYoungGen: 156492K->67297K(175104K)] 580318K->503240K(699392K), 0.0072749 secs] [Times: user=0.10 sys=0.00, real=0.01 secs] 
2016-09-25T22:01:13.701-0400: 86.107: [GC (GCLocker Initiated GC) [PSYoungGen: 155361K->47462K(175104K)] 598118K->505672K(699392K), 0.0060695 secs] [Times: user=0.08 sys=0.00, real=0.01 secs] 
2016-09-25T22:01:13.761-0400: 86.167: [GC (GCLocker Initiated GC) [PSYoungGen: 135526K->55473K(171008K)] 595505K->538254K(695296K), 0.0061463 secs] [Times: user=0.09 sys=0.00, real=0.01 secs] 
2016-09-25T22:01:13.832-0400: 86.238: [GC (GCLocker Initiated GC) [PSYoungGen: 143537K->69966K(173056K)] 629117K->555546K(697344K), 0.0060350 secs] [Times: user=0.08 sys=0.00, real=0.01 secs] 
2016-09-25T22:01:13.893-0400: 86.299: [Full GC (Ergonomics) [PSYoungGen: 158030K->0K(173056K)] [ParOldGen: 490992K->411026K(524288K)] 649022K->411026K(697344K), [Metaspace: 43844K->43844K(1087488K)], 0.0691310 secs] [Times: user=0.52 sys=0.02, real=0.08 secs] 
2016-09-25T22:01:14.022-0400: 86.429: [GC (GCLocker Initiated GC) [PSYoungGen: 88064K->55733K(174080K)] 499219K->466889K(698368K), 0.0140017 secs] [Times: user=0.19 sys=0.00, real=0.01 secs] 
2016-09-25T22:01:14.091-0400: 86.497: [GC (GCLocker Initiated GC) [PSYoungGen: 145845K->49646K(174592K)] 563897K->467697K(698880K), 0.0105431 secs] [Times: user=0.14 sys=0.00, real=0.01 secs] 
2016-09-25T22:01:14.153-0400: 86.560: [GC (GCLocker Initiated GC) [PSYoungGen: 139758K->58695K(174080K)] 559229K->478166K(698368K), 0.0062008 secs] [Times: user=0.08 sys=0.00, real=0.01 secs] 
2016-09-25T22:01:14.223-0400: 86.629: [GC (GCLocker Initiated GC) [PSYoungGen: 152903K->66301K(175616K)] 576466K->489864K(699904K), 0.0068407 secs] [Times: user=0.08 sys=0.00, real=0.00 secs] 
2016-09-25T22:01:14.296-0400: 86.702: [GC (GCLocker Initiated GC) [PSYoungGen: 160509K->60697K(178688K)] 586954K->491008K(702976K), 0.0063594 secs] [Times: user=0.08 sys=0.01, real=0.01 secs] 
2016-09-25T22:01:14.366-0400: 86.773: [GC (GCLocker Initiated GC) [PSYoungGen: 159001K->73072K(171520K)] 594797K->509706K(695808K), 0.0065823 secs] [Times: user=0.09 sys=0.00, real=0.00 secs] 
2016-09-25T22:01:14.426-0400: 86.832: [GC (GCLocker Initiated GC) [PSYoungGen: 171376K->64422K(178688K)] 613525K->506570K(702976K), 0.0071166 secs] [Times: user=0.08 sys=0.00, real=0.00 secs] 
2016-09-25T22:01:14.499-0400: 86.906: [GC (GCLocker Initiated GC) [PSYoungGen: 158630K->61632K(156160K)] 606262K->510214K(680448K), 0.0057787 secs] [Times: user=0.05 sys=0.00, real=0.01 secs] 
2016-09-25T22:01:14.563-0400: 86.969: [GC (GCLocker Initiated GC) [PSYoungGen: 155840K->57024K(177664K)] 610723K->511906K(701952K), 0.0101127 secs] [Times: user=0.11 sys=0.00, real=0.00 secs] 
2016-09-25T22:01:14.621-0400: 87.027: [GC (GCLocker Initiated GC) [PSYoungGen: 152768K->76941K(176128K)] 611312K->549945K(700416K), 0.0073555 secs] [Times: user=0.10 sys=0.00, real=0.01 secs] 
2016-09-25T22:01:14.687-0400: 87.093: [GC (GCLocker Initiated GC) [PSYoungGen: 172685K->82062K(172544K)] 648427K->572338K(696832K), 0.0086324 secs] [Times: user=0.13 sys=0.00, real=0.01 secs] 
2016-09-25T22:01:14.750-0400: 87.156: [GC (GCLocker Initiated GC) [PSYoungGen: 170126K->70340K(175104K)] 663228K->581433K(699392K), 0.0070871 secs] [Times: user=0.11 sys=0.00, real=0.01 secs] 
2016-09-25T22:01:14.757-0400: 87.163: [Full GC (Ergonomics) [PSYoungGen: 70340K->0K(175104K)] [ParOldGen: 511092K->426180K(524288K)] 581433K->426180K(699392K), [Metaspace: 43844K->43844K(1087488K)], 0.0562260 secs] [Times: user=0.51 sys=0.01, real=0.05 secs] 
2016-09-25T22:01:14.872-0400: 87.278: [GC (GCLocker Initiated GC) [PSYoungGen: 88064K->50252K(175104K)] 520998K->483186K(699392K), 0.0131114 secs] [Times: user=0.18 sys=0.00, real=0.02 secs] 
2016-09-25T22:01:14.933-0400: 87.339: [GC (GCLocker Initiated GC) [PSYoungGen: 138316K->68424K(175104K)] 574103K->504211K(699392K), 0.0059276 secs] [Times: user=0.08 sys=0.01, real=0.01 secs] 
2016-09-25T22:01:14.999-0400: 87.405: [GC (GCLocker Initiated GC) [PSYoungGen: 156488K->76310K(175104K)] 597742K->518662K(699392K), 0.0065754 secs] [Times: user=0.10 sys=0.01, real=0.01 secs] 
2016-09-25T22:01:15.062-0400: 87.468: [GC (GCLocker Initiated GC) [PSYoungGen: 164374K->58019K(175104K)] 606837K->512766K(699392K), 0.0064712 secs] [Times: user=0.07 sys=0.00, real=0.01 secs] 
2016-09-25T22:01:15.131-0400: 87.537: [GC (GCLocker Initiated GC) [PSYoungGen: 146083K->37790K(175104K)] 611794K->523264K(699392K), 0.0070922 secs] [Times: user=0.09 sys=0.00, real=0.01 secs] 
2016-09-25T22:01:15.190-0400: 87.596: [GC (GCLocker Initiated GC) [PSYoungGen: 125854K->53868K(175104K)] 614097K->553787K(699392K), 0.0102765 secs] [Times: user=0.15 sys=0.00, real=0.01 secs] 
2016-09-25T22:01:15.200-0400: 87.606: [Full GC (Ergonomics) [PSYoungGen: 53868K->0K(175104K)] [ParOldGen: 499919K->427865K(524288K)] 553787K->427865K(699392K), [Metaspace: 43844K->43844K(1087488K)], 0.0562581 secs] [Times: user=0.44 sys=0.01, real=0.06 secs] 
2016-09-25T22:01:15.310-0400: 87.716: [GC (GCLocker Initiated GC) [PSYoungGen: 88064K->44575K(175104K)] 515955K->472466K(699392K), 0.0217258 secs] [Times: user=0.27 sys=0.00, real=0.02 secs] 
2016-09-25T22:01:15.385-0400: 87.791: [GC (GCLocker Initiated GC) [PSYoungGen: 132639K->47076K(175104K)] 561496K->476996K(699392K), 0.0103058 secs] [Times: user=0.12 sys=0.01, real=0.01 secs] 
2016-09-25T22:01:15.453-0400: 87.859: [GC (GCLocker Initiated GC) [PSYoungGen: 135140K->59167K(173056K)] 570663K->495378K(697344K), 0.0063584 secs] [Times: user=0.08 sys=0.00, real=0.01 secs] 
2016-09-25T22:01:15.510-0400: 87.917: [GC (GCLocker Initiated GC) [PSYoungGen: 147231K->52344K(174080K)] 589084K->494842K(698368K), 0.0054348 secs] [Times: user=0.04 sys=0.00, real=0.01 secs] 
2016-09-25T22:01:15.568-0400: 87.974: [GC (GCLocker Initiated GC) [PSYoungGen: 140408K->60455K(173568K)] 582915K->503630K(697856K), 0.0087447 secs] [Times: user=0.06 sys=0.00, real=0.01 secs] 
2016-09-25T22:01:15.643-0400: 88.050: [GC (GCLocker Initiated GC) [PSYoungGen: 152103K->52577K(174592K)] 599383K->500480K(698880K), 0.0070826 secs] [Times: user=0.07 sys=0.00, real=0.00 secs] 
2016-09-25T22:01:15.706-0400: 88.112: [GC (GCLocker Initiated GC) [PSYoungGen: 144225K->59256K(175616K)] 596219K->539087K(699904K), 0.0080941 secs] [Times: user=0.11 sys=0.01, real=0.00 secs] 
2016-09-25T22:01:15.775-0400: 88.181: [GC (GCLocker Initiated GC) [PSYoungGen: 157048K->49927K(177152K)] 645150K->560355K(701440K), 0.0065026 secs] [Times: user=0.10 sys=0.00, real=0.00 secs] 
2016-09-25T22:01:15.782-0400: 88.188: [Full GC (Ergonomics) [PSYoungGen: 49927K->0K(177152K)] [ParOldGen: 510428K->435595K(524288K)] 560355K->435595K(701440K), [Metaspace: 43845K->43845K(1087488K)], 0.0601646 secs] [Times: user=0.59 sys=0.01, real=0.06 secs] 
2016-09-25T22:01:15.913-0400: 88.319: [GC (GCLocker Initiated GC) [PSYoungGen: 97792K->65039K(182272K)] 533463K->500710K(706560K), 0.0064712 secs] [Times: user=0.11 sys=0.00, real=0.01 secs] 
2016-09-25T22:01:15.995-0400: 88.401: [GC (GCLocker Initiated GC) [PSYoungGen: 168463K->52658K(156160K)] 612251K->498857K(680448K), 0.0049743 secs] [Times: user=0.07 sys=0.00, real=0.00 secs] 
2016-09-25T22:01:16.052-0400: 88.458: [GC (GCLocker Initiated GC) [PSYoungGen: 156082K->61348K(182784K)] 605031K->510297K(707072K), 0.0096469 secs] [Times: user=0.13 sys=0.00, real=0.01 secs] 
2016-09-25T22:01:16.131-0400: 88.537: [GC (GCLocker Initiated GC) [PSYoungGen: 165796K->49247K(182272K)] 614781K->512530K(706560K), 0.0061699 secs] [Times: user=0.07 sys=0.00, real=0.01 secs] 
2016-09-25T22:01:16.193-0400: 88.600: [GC (GCLocker Initiated GC) [PSYoungGen: 153695K->69646K(179712K)] 621076K->537730K(704000K), 0.0073874 secs] [Times: user=0.08 sys=0.01, real=0.01 secs] 
2016-09-25T22:01:16.261-0400: 88.667: [GC (GCLocker Initiated GC) [PSYoungGen: 172046K->54763K(182272K)] 646980K->549435K(706560K), 0.0067667 secs] [Times: user=0.09 sys=0.00, real=0.01 secs] 
2016-09-25T22:01:16.268-0400: 88.674: [Full GC (Ergonomics) [PSYoungGen: 54763K->0K(182272K)] [ParOldGen: 494671K->442486K(524288K)] 549435K->442486K(706560K), [Metaspace: 43845K->43845K(1087488K)], 0.0604935 secs] [Times: user=0.63 sys=0.00, real=0.06 secs] 
2016-09-25T22:01:16.399-0400: 88.805: [GC (GCLocker Initiated GC) [PSYoungGen: 102400K->56910K(177152K)] 547594K->502105K(701440K), 0.0060438 secs] [Times: user=0.08 sys=0.00, real=0.01 secs] 
2016-09-25T22:01:16.463-0400: 88.869: [GC (GCLocker Initiated GC) [PSYoungGen: 160846K->63068K(180224K)] 611623K->513844K(704512K), 0.0101624 secs] [Times: user=0.16 sys=0.00, real=0.00 secs] 
2016-09-25T22:01:16.538-0400: 88.944: [GC (GCLocker Initiated GC) [PSYoungGen: 167004K->56950K(182272K)] 617922K->507868K(706560K), 0.0060164 secs] [Times: user=0.06 sys=0.01, real=0.01 secs] 
2016-09-25T22:01:16.601-0400: 89.007: [GC (GCLocker Initiated GC) [PSYoungGen: 166006K->71327K(183808K)] 620994K->526315K(708096K), 0.0065656 secs] [Times: user=0.10 sys=0.00, real=0.01 secs] 
2016-09-25T22:01:16.663-0400: 89.069: [GC (GCLocker Initiated GC) [PSYoungGen: 180383K->77201K(174592K)] 635440K->534958K(698880K), 0.0092855 secs] [Times: user=0.11 sys=0.00, real=0.00 secs] 
2016-09-25T22:01:16.732-0400: 89.138: [GC (GCLocker Initiated GC) [PSYoungGen: 173457K->80908K(177664K)] 631237K->543834K(701952K), 0.0066871 secs] [Times: user=0.11 sys=0.00, real=0.01 secs] 
2016-09-25T22:01:16.798-0400: 89.204: [GC (GCLocker Initiated GC) [PSYoungGen: 177164K->32764K(172544K)] 652266K->525487K(696832K), 0.0094792 secs] [Times: user=0.09 sys=0.00, real=0.01 secs] 
2016-09-25T22:01:16.865-0400: 89.272: [GC (GCLocker Initiated GC) [PSYoungGen: 120828K->57609K(175104K)] 616363K->562675K(699392K), 0.0144646 secs] [Times: user=0.19 sys=0.00, real=0.01 secs] 
2016-09-25T22:01:16.880-0400: 89.286: [Full GC (Ergonomics) [PSYoungGen: 57609K->0K(175104K)] [ParOldGen: 505065K->434413K(524288K)] 562675K->434413K(699392K), [Metaspace: 43848K->43848K(1087488K)], 0.1089746 secs] [Times: user=1.27 sys=0.02, real=0.11 secs] 
2016-09-25T22:01:17.045-0400: 89.451: [GC (GCLocker Initiated GC) [PSYoungGen: 88064K->62221K(173056K)] 527949K->502106K(697344K), 0.0057254 secs] [Times: user=0.07 sys=0.01, real=0.00 secs] 
2016-09-25T22:01:17.101-0400: 89.507: [GC (GCLocker Initiated GC) [PSYoungGen: 150285K->51898K(174080K)] 593052K->494664K(698368K), 0.0064398 secs] [Times: user=0.05 sys=0.01, real=0.01 secs] 
2016-09-25T22:01:17.154-0400: 89.560: [GC (GCLocker Initiated GC) [PSYoungGen: 139962K->70094K(174080K)] 582756K->512888K(698368K), 0.0108823 secs] [Times: user=0.16 sys=0.00, real=0.02 secs] 
2016-09-25T22:01:17.230-0400: 89.636: [GC (GCLocker Initiated GC) [PSYoungGen: 159182K->49038K(175616K)] 604682K->494538K(699904K), 0.0076814 secs] [Times: user=0.09 sys=0.00, real=0.01 secs] 
2016-09-25T22:01:17.292-0400: 89.698: [GC (GCLocker Initiated GC) [PSYoungGen: 138126K->41875K(175104K)] 593142K->504609K(699392K), 0.0059214 secs] [Times: user=0.06 sys=0.00, real=0.01 secs] 
2016-09-25T22:01:17.358-0400: 89.764: [GC (GCLocker Initiated GC) [PSYoungGen: 131475K->62035K(175616K)] 598480K->529660K(699904K), 0.0092749 secs] [Times: user=0.12 sys=0.00, real=0.01 secs] 
2016-09-25T22:01:17.416-0400: 89.822: [GC (GCLocker Initiated GC) [PSYoungGen: 151635K->59176K(172544K)] 619324K->527431K(696832K), 0.0063974 secs] [Times: user=0.07 sys=0.00, real=0.00 secs] 
2016-09-25T22:01:17.471-0400: 89.877: [GC (GCLocker Initiated GC) [PSYoungGen: 150312K->80907K(174080K)] 618826K->566277K(698368K), 0.0104618 secs] [Times: user=0.14 sys=0.01, real=0.01 secs] 
2016-09-25T22:01:17.548-0400: 89.954: [GC (GCLocker Initiated GC) [PSYoungGen: 172043K->65516K(175104K)] 657461K->570942K(699392K), 0.0094446 secs] [Times: user=0.15 sys=0.00, real=0.01 secs] 
2016-09-25T22:01:17.558-0400: 89.964: [Full GC (Ergonomics) [PSYoungGen: 65516K->0K(175104K)] [ParOldGen: 505426K->436425K(524288K)] 570942K->436425K(699392K), [Metaspace: 43850K->43850K(1087488K)], 0.0528174 secs] [Times: user=0.58 sys=0.02, real=0.05 secs] 
2016-09-25T22:01:17.697-0400: 90.103: [GC (GCLocker Initiated GC) [PSYoungGen: 88064K->50107K(175104K)] 530015K->492059K(699392K), 0.0048897 secs] [Times: user=0.08 sys=0.00, real=0.00 secs] 
2016-09-25T22:01:17.756-0400: 90.162: [GC (GCLocker Initiated GC) [PSYoungGen: 138171K->79178K(175104K)] 589701K->530708K(699392K), 0.0134097 secs] [Times: user=0.21 sys=0.01, real=0.01 secs] 
2016-09-25T22:01:17.825-0400: 90.231: [GC (GCLocker Initiated GC) [PSYoungGen: 167242K->49842K(175104K)] 621500K->527406K(699392K), 0.0067180 secs] [Times: user=0.08 sys=0.00, real=0.00 secs] 
2016-09-25T22:01:17.884-0400: 90.290: [GC (GCLocker Initiated GC) [PSYoungGen: 137906K->45697K(175104K)] 616853K->546916K(699392K), 0.0064653 secs] [Times: user=0.09 sys=0.00, real=0.00 secs] 
2016-09-25T22:01:17.891-0400: 90.297: [Full GC (Ergonomics) [PSYoungGen: 45697K->0K(175104K)] [ParOldGen: 501219K->439014K(524288K)] 546916K->439014K(699392K), [Metaspace: 43850K->43850K(1087488K)], 0.0538037 secs] [Times: user=0.48 sys=0.02, real=0.06 secs] 
2016-09-25T22:01:18.001-0400: 90.407: [GC (GCLocker Initiated GC) [PSYoungGen: 88064K->54209K(175104K)] 536765K->502910K(699392K), 0.0056681 secs] [Times: user=0.08 sys=0.00, real=0.01 secs] 
2016-09-25T22:01:18.059-0400: 90.465: [GC (GCLocker Initiated GC) [PSYoungGen: 142273K->63188K(174080K)] 591016K->525119K(698368K), 0.0071818 secs] [Times: user=0.10 sys=0.01, real=0.01 secs] 
2016-09-25T22:01:18.127-0400: 90.533: [GC (GCLocker Initiated GC) [PSYoungGen: 151252K->48870K(174592K)] 621939K->519556K(698880K), 0.0065390 secs] [Times: user=0.06 sys=0.00, real=0.00 secs] 
2016-09-25T22:01:18.183-0400: 90.589: [GC (GCLocker Initiated GC) [PSYoungGen: 136934K->77861K(173568K)] 608998K->549925K(697856K), 0.0077600 secs] [Times: user=0.12 sys=0.00, real=0.00 secs] 
2016-09-25T22:01:18.250-0400: 90.656: [GC (GCLocker Initiated GC) [PSYoungGen: 165925K->38067K(175104K)] 642051K->526205K(699392K), 0.0098776 secs] [Times: user=0.12 sys=0.01, real=0.01 secs] 
2016-09-25T22:01:18.331-0400: 90.737: [Full GC (Ergonomics) [PSYoungGen: 126131K->0K(175104K)] [ParOldGen: 501793K->442609K(524288K)] 627924K->442609K(699392K), [Metaspace: 43850K->43850K(1087488K)], 0.0661732 secs] [Times: user=0.45 sys=0.01, real=0.07 secs] 
2016-09-25T22:01:18.454-0400: 90.860: [GC (GCLocker Initiated GC) [PSYoungGen: 88064K->59313K(175104K)] 533406K->504656K(699392K), 0.0141358 secs] [Times: user=0.20 sys=0.00, real=0.02 secs] 
2016-09-25T22:01:18.519-0400: 90.925: [GC (GCLocker Initiated GC) [PSYoungGen: 147377K->33601K(175104K)] 602402K->517862K(699392K), 0.0079339 secs] [Times: user=0.10 sys=0.00, real=0.01 secs] 
2016-09-25T22:01:18.577-0400: 90.983: [GC (GCLocker Initiated GC) [PSYoungGen: 121665K->71377K(175104K)] 605996K->556389K(699392K), 0.0112082 secs] [Times: user=0.15 sys=0.00, real=0.01 secs] 
2016-09-25T22:01:18.645-0400: 91.052: [GC (GCLocker Initiated GC) [PSYoungGen: 159441K->41802K(175104K)] 648524K->547693K(699392K), 0.0096887 secs] [Times: user=0.14 sys=0.00, real=0.01 secs] 
2016-09-25T22:01:18.655-0400: 91.061: [Full GC (Ergonomics) [PSYoungGen: 41802K->0K(175104K)] [ParOldGen: 505891K->439573K(524288K)] 547693K->439573K(699392K), [Metaspace: 43853K->43853K(1087488K)], 0.0540598 secs] [Times: user=0.49 sys=0.01, real=0.05 secs] 
2016-09-25T22:01:18.764-0400: 91.170: [GC (GCLocker Initiated GC) [PSYoungGen: 88064K->47166K(175104K)] 534392K->493494K(699392K), 0.0097005 secs] [Times: user=0.09 sys=0.00, real=0.00 secs] 
2016-09-25T22:01:18.820-0400: 91.226: [GC (GCLocker Initiated GC) [PSYoungGen: 135230K->60573K(175104K)] 588687K->517684K(699392K), 0.0061916 secs] [Times: user=0.08 sys=0.00, real=0.01 secs] 
2016-09-25T22:01:18.886-0400: 91.292: [GC (GCLocker Initiated GC) [PSYoungGen: 148637K->47103K(173056K)] 609426K->524794K(697344K), 0.0096822 secs] [Times: user=0.15 sys=0.00, real=0.01 secs] 
2016-09-25T22:01:18.948-0400: 91.354: [GC (GCLocker Initiated GC) [PSYoungGen: 135167K->55730K(174080K)] 622414K->542977K(698368K), 0.0055664 secs] [Times: user=0.05 sys=0.01, real=0.00 secs] 
2016-09-25T22:01:19.005-0400: 91.411: [GC (GCLocker Initiated GC) [PSYoungGen: 143794K->71183K(171520K)] 631067K->558455K(695808K), 0.0076908 secs] [Times: user=0.10 sys=0.00, real=0.00 secs] 
2016-09-25T22:01:19.067-0400: 91.474: [GC (GCLocker Initiated GC) [PSYoungGen: 159247K->64940K(174592K)] 646651K->552344K(698880K), 0.0085650 secs] [Times: user=0.09 sys=0.00, real=0.01 secs] 
2016-09-25T22:01:19.130-0400: 91.536: [GC (GCLocker Initiated GC) [PSYoungGen: 153004K->62964K(174592K)] 643110K->553070K(698880K), 0.0073357 secs] [Times: user=0.08 sys=0.00, real=0.01 secs] 
2016-09-25T22:01:19.190-0400: 91.596: [Full GC (Ergonomics) [PSYoungGen: 152052K->0K(174592K)] [ParOldGen: 497098K->452426K(524288K)] 649150K->452426K(698880K), [Metaspace: 43855K->43855K(1087488K)], 0.0644219 secs] [Times: user=0.61 sys=0.01, real=0.07 secs] 
2016-09-25T22:01:19.305-0400: 91.711: [GC (GCLocker Initiated GC) [PSYoungGen: 89088K->83747K(175104K)] 544293K->541652K(699392K), 0.0075192 secs] [Times: user=0.10 sys=0.00, real=0.00 secs] 
2016-09-25T22:01:19.366-0400: 91.772: [GC (GCLocker Initiated GC) [PSYoungGen: 172835K->74821K(175104K)] 633587K->535573K(699392K), 0.0072679 secs] [Times: user=0.10 sys=0.00, real=0.00 secs] 
2016-09-25T22:01:19.423-0400: 91.829: [GC (GCLocker Initiated GC) [PSYoungGen: 162885K->82288K(175104K)] 626379K->545782K(699392K), 0.0068263 secs] [Times: user=0.09 sys=0.00, real=0.00 secs] 
2016-09-25T22:01:19.483-0400: 91.890: [GC (GCLocker Initiated GC) [PSYoungGen: 170352K->40248K(175104K)] 636625K->538399K(699392K), 0.0068760 secs] [Times: user=0.08 sys=0.00, real=0.00 secs] 
2016-09-25T22:01:19.490-0400: 91.897: [Full GC (Ergonomics) [PSYoungGen: 40248K->0K(175104K)] [ParOldGen: 498151K->454780K(524288K)] 538399K->454780K(699392K), [Metaspace: 43855K->43855K(1087488K)], 0.0572991 secs] [Times: user=0.59 sys=0.00, real=0.06 secs] 
2016-09-25T22:01:19.602-0400: 92.009: [GC (GCLocker Initiated GC) [PSYoungGen: 88064K->81013K(175104K)] 542877K->535827K(699392K), 0.0066279 secs] [Times: user=0.09 sys=0.00, real=0.00 secs] 
2016-09-25T22:01:19.671-0400: 92.077: [GC (GCLocker Initiated GC) [PSYoungGen: 169077K->45690K(175104K)] 623933K->520321K(699392K), 0.0117110 secs] [Times: user=0.14 sys=0.00, real=0.02 secs] 
2016-09-25T22:01:19.736-0400: 92.142: [GC (GCLocker Initiated GC) [PSYoungGen: 133754K->32216K(175104K)] 611136K->534622K(699392K), 0.0063616 secs] [Times: user=0.06 sys=0.00, real=0.01 secs] 
2016-09-25T22:01:19.743-0400: 92.149: [Full GC (Ergonomics) [PSYoungGen: 32216K->0K(175104K)] [ParOldGen: 502405K->451228K(524288K)] 534622K->451228K(699392K), [Metaspace: 43855K->43855K(1087488K)], 0.0546855 secs] [Times: user=0.45 sys=0.00, real=0.05 secs] 
2016-09-25T22:01:19.848-0400: 92.254: [GC (GCLocker Initiated GC) [PSYoungGen: 88064K->63674K(175104K)] 539403K->515013K(699392K), 0.0102956 secs] [Times: user=0.13 sys=0.00, real=0.01 secs] 
2016-09-25T22:01:19.912-0400: 92.318: [GC (GCLocker Initiated GC) [PSYoungGen: 151738K->61948K(175104K)] 607163K->518347K(699392K), 0.0082191 secs] [Times: user=0.10 sys=0.00, real=0.01 secs] 
2016-09-25T22:01:19.970-0400: 92.376: [GC (GCLocker Initiated GC) [PSYoungGen: 150012K->41548K(175104K)] 609195K->523065K(699392K), 0.0059391 secs] [Times: user=0.08 sys=0.00, real=0.01 secs] 
2016-09-25T22:01:20.026-0400: 92.432: [GC (GCLocker Initiated GC) [PSYoungGen: 129612K->49745K(175104K)] 613865K->553506K(699392K), 0.0068285 secs] [Times: user=0.08 sys=0.00, real=0.00 secs] 
2016-09-25T22:01:20.033-0400: 92.439: [Full GC (Ergonomics) [PSYoungGen: 49745K->0K(175104K)] [ParOldGen: 503760K->456265K(524288K)] 553506K->456265K(699392K), [Metaspace: 43855K->43855K(1087488K)], 0.0648968 secs] [Times: user=0.46 sys=0.02, real=0.07 secs] 
2016-09-25T22:01:20.153-0400: 92.559: [GC (Allocation Failure) [PSYoungGen: 88064K->47319K(175104K)] 548149K->507404K(699392K), 0.0084977 secs] [Times: user=0.08 sys=0.00, real=0.01 secs] 
2016-09-25T22:01:20.215-0400: 92.621: [GC (GCLocker Initiated GC) [PSYoungGen: 134989K->38785K(175104K)] 603175K->520243K(699392K), 0.0063129 secs] [Times: user=0.07 sys=0.00, real=0.00 secs] 
2016-09-25T22:01:20.273-0400: 92.679: [GC (GCLocker Initiated GC) [PSYoungGen: 126849K->59283K(175104K)] 613956K->547039K(699392K), 0.0068545 secs] [Times: user=0.09 sys=0.00, real=0.01 secs] 
2016-09-25T22:01:20.340-0400: 92.746: [GC (GCLocker Initiated GC) [PSYoungGen: 147347K->82243K(175104K)] 635161K->570778K(699392K), 0.0089061 secs] [Times: user=0.10 sys=0.00, real=0.01 secs] 
2016-09-25T22:01:20.405-0400: 92.811: [GC (GCLocker Initiated GC) [PSYoungGen: 170307K->53890K(175104K)] 659080K->565018K(699392K), 0.0066560 secs] [Times: user=0.09 sys=0.01, real=0.00 secs] 
2016-09-25T22:01:20.412-0400: 92.818: [Full GC (Ergonomics) [PSYoungGen: 53890K->0K(175104K)] [ParOldGen: 511127K->459467K(524288K)] 565018K->459467K(699392K), [Metaspace: 43855K->43855K(1087488K)], 0.0601492 secs] [Times: user=0.62 sys=0.01, real=0.06 secs] 
2016-09-25T22:01:20.526-0400: 92.932: [GC (GCLocker Initiated GC) [PSYoungGen: 88064K->51375K(175104K)] 550289K->513600K(699392K), 0.0049080 secs] [Times: user=0.06 sys=0.00, real=0.00 secs] 
2016-09-25T22:01:20.585-0400: 92.991: [GC (GCLocker Initiated GC) [PSYoungGen: 139439K->47028K(175104K)] 607103K->517091K(699392K), 0.0101252 secs] [Times: user=0.14 sys=0.00, real=0.01 secs] 
2016-09-25T22:01:20.644-0400: 93.050: [GC (GCLocker Initiated GC) [PSYoungGen: 135092K->57915K(146432K)] 610849K->569516K(670720K), 0.0105211 secs] [Times: user=0.15 sys=0.00, real=0.01 secs] 
2016-09-25T22:01:20.654-0400: 93.061: [Full GC (Ergonomics) [PSYoungGen: 57915K->0K(146432K)] [ParOldGen: 511600K->463994K(524288K)] 569516K->463994K(670720K), [Metaspace: 43855K->43855K(1087488K)], 0.0523740 secs] [Times: user=0.48 sys=0.01, real=0.05 secs] 
2016-09-25T22:01:20.765-0400: 93.172: [GC (GCLocker Initiated GC) [PSYoungGen: 88064K->60773K(176128K)] 552122K->524832K(700416K), 0.0063511 secs] [Times: user=0.08 sys=0.00, real=0.00 secs] 
2016-09-25T22:01:20.828-0400: 93.234: [GC (GCLocker Initiated GC) [PSYoungGen: 150373K->65542K(174592K)] 617145K->532314K(698880K), 0.0058728 secs] [Times: user=0.08 sys=0.00, real=0.00 secs] 
2016-09-25T22:01:20.883-0400: 93.289: [GC (GCLocker Initiated GC) [PSYoungGen: 155142K->67417K(174592K)] 624669K->536943K(698880K), 0.0161662 secs] [Times: user=0.23 sys=0.01, real=0.01 secs] 
2016-09-25T22:01:20.949-0400: 93.355: [GC (GCLocker Initiated GC) [PSYoungGen: 156505K->70735K(160256K)] 632942K->547172K(684544K), 0.0064995 secs] [Times: user=0.07 sys=0.01, real=0.01 secs] 
2016-09-25T22:01:21.006-0400: 93.412: [GC (GCLocker Initiated GC) [PSYoungGen: 159823K->85423K(175104K)] 639014K->573543K(699392K), 0.0087082 secs] [Times: user=0.10 sys=0.01, real=0.01 secs] 
2016-09-25T22:01:21.069-0400: 93.475: [GC (GCLocker Initiated GC) [PSYoungGen: 173487K->45499K(175104K)] 663022K->560609K(699392K), 0.0073490 secs] [Times: user=0.08 sys=0.00, real=0.01 secs] 
2016-09-25T22:01:21.076-0400: 93.482: [Full GC (Ergonomics) [PSYoungGen: 45499K->0K(175104K)] [ParOldGen: 515110K->464941K(524288K)] 560609K->464941K(699392K), [Metaspace: 43855K->43855K(1087488K)], 0.0540131 secs] [Times: user=0.48 sys=0.01, real=0.05 secs] 
2016-09-25T22:01:21.186-0400: 93.592: [GC (GCLocker Initiated GC) [PSYoungGen: 88064K->75654K(175104K)] 553150K->540741K(699392K), 0.0079106 secs] [Times: user=0.11 sys=0.00, real=0.00 secs] 
2016-09-25T22:01:21.246-0400: 93.653: [GC (GCLocker Initiated GC) [PSYoungGen: 163718K->53895K(175104K)] 628816K->541532K(699392K), 0.0102258 secs] [Times: user=0.15 sys=0.01, real=0.01 secs] 
2016-09-25T22:01:21.257-0400: 93.663: [Full GC (Ergonomics) [PSYoungGen: 53895K->0K(175104K)] [ParOldGen: 487637K->466150K(524288K)] 541532K->466150K(699392K), [Metaspace: 43855K->43855K(1087488K)], 0.0532032 secs] [Times: user=0.48 sys=0.01, real=0.05 secs] 
2016-09-25T22:01:21.372-0400: 93.778: [GC (GCLocker Initiated GC) [PSYoungGen: 88064K->66333K(175104K)] 554312K->532582K(699392K), 0.0104314 secs] [Times: user=0.14 sys=0.01, real=0.02 secs] 
2016-09-25T22:01:21.433-0400: 93.839: [GC (GCLocker Initiated GC) [PSYoungGen: 154397K->49755K(175104K)] 620659K->550859K(699392K), 0.0069927 secs] [Times: user=0.10 sys=0.00, real=0.01 secs] 
2016-09-25T22:01:21.440-0400: 93.846: [Full GC (Ergonomics) [PSYoungGen: 49755K->0K(175104K)] [ParOldGen: 501104K->467330K(524288K)] 550859K->467330K(699392K), [Metaspace: 43855K->43855K(1087488K)], 0.0674681 secs] [Times: user=0.61 sys=0.01, real=0.07 secs] 
2016-09-25T22:01:21.560-0400: 93.966: [GC (GCLocker Initiated GC) [PSYoungGen: 88064K->64987K(175104K)] 560857K->537781K(699392K), 0.0072550 secs] [Times: user=0.09 sys=0.00, real=0.01 secs] 
2016-09-25T22:01:21.617-0400: 94.023: [GC (GCLocker Initiated GC) [PSYoungGen: 153051K->41621K(175104K)] 630249K->538801K(699392K), 0.0104299 secs] [Times: user=0.14 sys=0.01, real=0.01 secs] 
2016-09-25T22:01:21.628-0400: 94.034: [Full GC (Ergonomics) [PSYoungGen: 41621K->0K(175104K)] [ParOldGen: 497179K->467300K(524288K)] 538801K->467300K(699392K), [Metaspace: 43856K->43856K(1087488K)], 0.0605805 secs] [Times: user=0.66 sys=0.00, real=0.06 secs] 
2016-09-25T22:01:21.736-0400: 94.142: [GC (GCLocker Initiated GC) [PSYoungGen: 88064K->70337K(175104K)] 560799K->543072K(699392K), 0.0079964 secs] [Times: user=0.10 sys=0.00, real=0.01 secs] 
2016-09-25T22:01:21.802-0400: 94.208: [GC (GCLocker Initiated GC) [PSYoungGen: 158401K->55170K(175104K)] 631237K->539724K(699392K), 0.0225237 secs] [Times: user=0.28 sys=0.00, real=0.03 secs] 
2016-09-25T22:01:21.884-0400: 94.290: [GC (GCLocker Initiated GC) [PSYoungGen: 143234K->45658K(175104K)] 627863K->533709K(699392K), 0.0073432 secs] [Times: user=0.06 sys=0.00, real=0.00 secs] 
2016-09-25T22:01:21.892-0400: 94.298: [Full GC (Ergonomics) [PSYoungGen: 45658K->0K(175104K)] [ParOldGen: 488050K->466858K(524288K)] 533709K->466858K(699392K), [Metaspace: 43856K->43856K(1087488K)], 0.0578889 secs] [Times: user=0.53 sys=0.00, real=0.06 secs] 
2016-09-25T22:01:22.010-0400: 94.416: [GC (GCLocker Initiated GC) [PSYoungGen: 88064K->47552K(175104K)] 555206K->514694K(699392K), 0.0055572 secs] [Times: user=0.06 sys=0.00, real=0.01 secs] 
2016-09-25T22:01:22.062-0400: 94.468: [GC (GCLocker Initiated GC) [PSYoungGen: 135616K->55207K(171008K)] 605511K->527601K(695296K), 0.0097863 secs] [Times: user=0.14 sys=0.00, real=0.00 secs] 
2016-09-25T22:01:22.120-0400: 94.527: [GC (GCLocker Initiated GC) [PSYoungGen: 143271K->73469K(173056K)] 615811K->546009K(697344K), 0.0065522 secs] [Times: user=0.07 sys=0.00, real=0.01 secs] 
2016-09-25T22:01:22.177-0400: 94.583: [GC (GCLocker Initiated GC) [PSYoungGen: 161533K->48452K(175104K)] 639562K->541242K(699392K), 0.0068181 secs] [Times: user=0.09 sys=0.00, real=0.01 secs] 
2016-09-25T22:01:22.184-0400: 94.590: [Full GC (Ergonomics) [PSYoungGen: 48452K->0K(175104K)] [ParOldGen: 492789K->471985K(524288K)] 541242K->471985K(699392K), [Metaspace: 43856K->43856K(1087488K)], 0.0529702 secs] [Times: user=0.53 sys=0.00, real=0.05 secs] 
2016-09-25T22:01:22.288-0400: 94.694: [GC (GCLocker Initiated GC) [PSYoungGen: 88064K->77194K(175104K)] 562816K->551947K(699392K), 0.0069729 secs] [Times: user=0.10 sys=0.00, real=0.01 secs] 
2016-09-25T22:01:22.342-0400: 94.748: [GC (GCLocker Initiated GC) [PSYoungGen: 165258K->63238K(175104K)] 642895K->568979K(699392K), 0.0097614 secs] [Times: user=0.09 sys=0.01, real=0.00 secs] 
2016-09-25T22:01:22.352-0400: 94.758: [Full GC (Ergonomics) [PSYoungGen: 63238K->0K(175104K)] [ParOldGen: 505740K->478549K(524288K)] 568979K->478549K(699392K), [Metaspace: 43857K->43857K(1087488K)], 0.0619027 secs] [Times: user=0.68 sys=0.00, real=0.07 secs] 
2016-09-25T22:01:22.475-0400: 94.881: [Full GC (Ergonomics) [PSYoungGen: 88064K->0K(175104K)] [ParOldGen: 490753K->464751K(524288K)] 578817K->464751K(699392K), [Metaspace: 43857K->43857K(1087488K)], 0.0651511 secs] [Times: user=0.70 sys=0.01, real=0.06 secs] 
2016-09-25T22:01:22.595-0400: 95.001: [GC (GCLocker Initiated GC) [PSYoungGen: 88064K->45912K(175104K)] 562458K->520307K(699392K), 0.0054258 secs] [Times: user=0.06 sys=0.00, real=0.00 secs] 
2016-09-25T22:01:22.652-0400: 95.058: [GC (GCLocker Initiated GC) [PSYoungGen: 133976K->61859K(175104K)] 608562K->542839K(699392K), 0.0065317 secs] [Times: user=0.10 sys=0.00, real=0.01 secs] 
2016-09-25T22:01:22.708-0400: 95.115: [GC (GCLocker Initiated GC) [PSYoungGen: 149923K->59128K(147456K)] 633654K->556981K(671744K), 0.0066745 secs] [Times: user=0.09 sys=0.01, real=0.01 secs] 
2016-09-25T22:01:22.715-0400: 95.121: [Full GC (Ergonomics) [PSYoungGen: 59128K->0K(147456K)] [ParOldGen: 497852K->469060K(524288K)] 556981K->469060K(671744K), [Metaspace: 43864K->43864K(1087488K)], 0.0707194 secs] [Times: user=0.58 sys=0.02, real=0.07 secs] 
2016-09-25T22:01:22.846-0400: 95.252: [GC (GCLocker Initiated GC) [PSYoungGen: 88064K->61923K(173568K)] 557211K->531070K(697856K), 0.0085994 secs] [Times: user=0.09 sys=0.00, real=0.01 secs] 
2016-09-25T22:01:22.911-0400: 95.317: [GC (GCLocker Initiated GC) [PSYoungGen: 151011K->54322K(172544K)] 622871K->526183K(696832K), 0.0067930 secs] [Times: user=0.07 sys=0.00, real=0.01 secs] 
2016-09-25T22:01:22.978-0400: 95.384: [GC (GCLocker Initiated GC) [PSYoungGen: 143410K->68388K(174592K)] 620931K->545908K(698880K), 0.0073263 secs] [Times: user=0.10 sys=0.00, real=0.01 secs] 
2016-09-25T22:01:23.039-0400: 95.445: [GC (GCLocker Initiated GC) [PSYoungGen: 161060K->68896K(175616K)] 645480K->553316K(699904K), 0.0065814 secs] [Times: user=0.10 sys=0.00, real=0.01 secs] 
2016-09-25T22:01:23.095-0400: 95.501: [GC (GCLocker Initiated GC) [PSYoungGen: 161568K->67824K(177152K)] 651518K->557774K(701440K), 0.0080900 secs] [Times: user=0.11 sys=0.01, real=0.01 secs] 
2016-09-25T22:01:23.154-0400: 95.561: [GC (GCLocker Initiated GC) [PSYoungGen: 161008K->76277K(169472K)] 651069K->566338K(693760K), 0.0086853 secs] [Times: user=0.13 sys=0.00, real=0.01 secs] 
2016-09-25T22:01:23.211-0400: 95.617: [GC (GCLocker Initiated GC) [PSYoungGen: 169461K->84306K(175104K)] 659554K->576474K(699392K), 0.0086124 secs] [Times: user=0.14 sys=0.00, real=0.01 secs] 
2016-09-25T22:01:23.266-0400: 95.672: [GC (GCLocker Initiated GC) [PSYoungGen: 172370K->74159K(175104K)] 664550K->578260K(699392K), 0.0069842 secs] [Times: user=0.11 sys=0.00, real=0.00 secs] 
2016-09-25T22:01:23.273-0400: 95.679: [Full GC (Ergonomics) [PSYoungGen: 74159K->0K(175104K)] [ParOldGen: 504100K->472539K(524288K)] 578260K->472539K(699392K), [Metaspace: 43864K->43864K(1087488K)], 0.0545909 secs] [Times: user=0.52 sys=0.01, real=0.06 secs] 
2016-09-25T22:01:23.379-0400: 95.785: [GC (GCLocker Initiated GC) [PSYoungGen: 88064K->63314K(175104K)] 560624K->535875K(699392K), 0.0076358 secs] [Times: user=0.11 sys=0.00, real=0.01 secs] 
2016-09-25T22:01:23.448-0400: 95.854: [GC (GCLocker Initiated GC) [PSYoungGen: 151378K->54440K(175104K)] 635179K->538241K(699392K), 0.0070126 secs] [Times: user=0.09 sys=0.01, real=0.01 secs] 
2016-09-25T22:01:23.502-0400: 95.908: [GC (GCLocker Initiated GC) [PSYoungGen: 142504K->48846K(175104K)] 629102K->555051K(699392K), 0.0071082 secs] [Times: user=0.08 sys=0.00, real=0.01 secs] 
2016-09-25T22:01:23.509-0400: 95.915: [Full GC (Ergonomics) [PSYoungGen: 48846K->0K(175104K)] [ParOldGen: 506205K->473111K(524288K)] 555051K->473111K(699392K), [Metaspace: 43864K->43864K(1087488K)], 0.1304375 secs] [Times: user=1.89 sys=0.00, real=0.13 secs] 
2016-09-25T22:01:23.694-0400: 96.101: [GC (GCLocker Initiated GC) [PSYoungGen: 88064K->52521K(175104K)] 561263K->525720K(699392K), 0.0097676 secs] [Times: user=0.12 sys=0.00, real=0.01 secs] 
2016-09-25T22:01:23.753-0400: 96.159: [GC (GCLocker Initiated GC) [PSYoungGen: 140585K->44003K(175104K)] 616657K->522275K(699392K), 0.0098349 secs] [Times: user=0.09 sys=0.00, real=0.02 secs] 
2016-09-25T22:01:23.815-0400: 96.221: [GC (Allocation Failure) [PSYoungGen: 132067K->46771K(175104K)] 613099K->539076K(699392K), 0.0164719 secs] [Times: user=0.20 sys=0.00, real=0.01 secs] 
2016-09-25T22:01:23.832-0400: 96.238: [GC (GCLocker Initiated GC) --[PSYoungGen: 46783K->46783K(175104K)] 539089K->570799K(699392K), 0.0045834 secs] [Times: user=0.04 sys=0.01, real=0.01 secs] 
2016-09-25T22:01:23.836-0400: 96.242: [Full GC (Ergonomics) [PSYoungGen: 46783K->0K(175104K)] [ParOldGen: 524016K->477188K(524288K)] 570799K->477188K(699392K), [Metaspace: 43864K->43864K(1087488K)], 0.0776336 secs] [Times: user=0.75 sys=0.00, real=0.07 secs] 
2016-09-25T22:01:23.969-0400: 96.375: [GC (GCLocker Initiated GC) [PSYoungGen: 88064K->59429K(174080K)] 565259K->536625K(698368K), 0.0067558 secs] [Times: user=0.08 sys=0.00, real=0.01 secs] 
2016-09-25T22:01:24.027-0400: 96.433: [GC (GCLocker Initiated GC) [PSYoungGen: 147493K->43682K(174592K)] 630200K->526389K(698880K), 0.0072105 secs] [Times: user=0.06 sys=0.00, real=0.00 secs] 
2016-09-25T22:01:24.082-0400: 96.488: [GC (GCLocker Initiated GC) [PSYoungGen: 131746K->39953K(175616K)] 624126K->532333K(699904K), 0.0067793 secs] [Times: user=0.05 sys=0.00, real=0.01 secs] 
2016-09-25T22:01:24.141-0400: 96.547: [GC (GCLocker Initiated GC) [PSYoungGen: 129041K->83991K(173568K)] 624208K->579158K(697856K), 0.0081685 secs] [Times: user=0.12 sys=0.00, real=0.01 secs] 
2016-09-25T22:01:24.210-0400: 96.617: [GC (GCLocker Initiated GC) [PSYoungGen: 173079K->50762K(175104K)] 668280K->555430K(699392K), 0.0081394 secs] [Times: user=0.06 sys=0.01, real=0.01 secs] 
2016-09-25T22:01:24.219-0400: 96.625: [Full GC (Ergonomics) [PSYoungGen: 50762K->0K(175104K)] [ParOldGen: 504667K->474641K(524288K)] 555430K->474641K(699392K), [Metaspace: 43864K->43864K(1087488K)], 0.0659313 secs] [Times: user=0.56 sys=0.00, real=0.07 secs] 
2016-09-25T22:01:24.342-0400: 96.748: [GC (GCLocker Initiated GC) [PSYoungGen: 88064K->43593K(175104K)] 572227K->527756K(699392K), 0.0123506 secs] [Times: user=0.15 sys=0.00, real=0.01 secs] 
2016-09-25T22:01:24.407-0400: 96.814: [GC (GCLocker Initiated GC) [PSYoungGen: 131657K->45612K(175104K)] 623937K->544651K(699392K), 0.0051497 secs] [Times: user=0.06 sys=0.00, real=0.00 secs] 
2016-09-25T22:01:24.467-0400: 96.873: [GC (GCLocker Initiated GC) [PSYoungGen: 133676K->65867K(175104K)] 632855K->565709K(699392K), 0.0068413 secs] [Times: user=0.09 sys=0.00, real=0.00 secs] 
2016-09-25T22:01:24.523-0400: 96.929: [GC (GCLocker Initiated GC) [PSYoungGen: 153931K->56389K(174080K)] 653807K->578490K(698368K), 0.0073992 secs] [Times: user=0.08 sys=0.00, real=0.00 secs] 
2016-09-25T22:01:24.531-0400: 96.937: [Full GC (Ergonomics) [PSYoungGen: 56389K->0K(174080K)] [ParOldGen: 522100K->482426K(524288K)] 578490K->482426K(698368K), [Metaspace: 43864K->43864K(1087488K)], 0.0646256 secs] [Times: user=0.61 sys=0.02, real=0.07 secs] 
2016-09-25T22:01:24.655-0400: 97.061: [GC (GCLocker Initiated GC) [PSYoungGen: 88064K->59762K(174592K)] 573228K->544926K(698880K), 0.0057562 secs] [Times: user=0.07 sys=0.00, real=0.00 secs] 
2016-09-25T22:01:24.710-0400: 97.116: [GC (GCLocker Initiated GC) [PSYoungGen: 147826K->45409K(174592K)] 635782K->533365K(698880K), 0.0066238 secs] [Times: user=0.06 sys=0.00, real=0.01 secs] 
2016-09-25T22:01:24.774-0400: 97.180: [GC (GCLocker Initiated GC) [PSYoungGen: 136033K->44760K(174592K)] 628805K->537532K(698880K), 0.0053475 secs] [Times: user=0.05 sys=0.00, real=0.01 secs] 
2016-09-25T22:01:24.830-0400: 97.236: [Full GC (Ergonomics) [PSYoungGen: 135384K->0K(174592K)] [ParOldGen: 503579K->487578K(524288K)] 638963K->487578K(698880K), [Metaspace: 43864K->43864K(1087488K)], 0.0521538 secs] [Times: user=0.49 sys=0.01, real=0.05 secs] 
2016-09-25T22:01:24.938-0400: 97.344: [GC (GCLocker Initiated GC) [PSYoungGen: 90624K->62018K(177152K)] 578321K->549715K(701440K), 0.0076741 secs] [Times: user=0.05 sys=0.01, real=0.01 secs] 
2016-09-25T22:01:25.004-0400: 97.410: [GC (GCLocker Initiated GC) [PSYoungGen: 156226K->68405K(177152K)] 653420K->565599K(701440K), 0.0062598 secs] [Times: user=0.09 sys=0.00, real=0.00 secs] 
2016-09-25T22:01:25.082-0400: 97.488: [Full GC (Ergonomics) [PSYoungGen: 162613K->0K(177152K)] [ParOldGen: 522979K->484446K(524288K)] 685592K->484446K(701440K), [Metaspace: 43864K->43864K(1087488K)], 0.0568671 secs] [Times: user=0.53 sys=0.00, real=0.06 secs] 
2016-09-25T22:01:25.189-0400: 97.595: [GC (GCLocker Initiated GC) [PSYoungGen: 94208K->73297K(173056K)] 581530K->560619K(697344K), 0.0075541 secs] [Times: user=0.11 sys=0.00, real=0.01 secs] 
2016-09-25T22:01:25.247-0400: 97.653: [GC (GCLocker Initiated GC) [PSYoungGen: 161361K->84665K(175104K)] 648753K->572058K(699392K), 0.0074980 secs] [Times: user=0.12 sys=0.00, real=0.01 secs] 
2016-09-25T22:01:25.313-0400: 97.719: [GC (GCLocker Initiated GC) [PSYoungGen: 172729K->85242K(175104K)] 660173K->572686K(699392K), 0.0103267 secs] [Times: user=0.15 sys=0.01, real=0.02 secs] 
2016-09-25T22:01:25.376-0400: 97.782: [GC (GCLocker Initiated GC) [PSYoungGen: 173306K->69704K(175104K)] 666751K->563149K(699392K), 0.0066043 secs] [Times: user=0.06 sys=0.00, real=0.01 secs] 
2016-09-25T22:01:25.440-0400: 97.846: [GC (GCLocker Initiated GC) [PSYoungGen: 157768K->57790K(175104K)] 651317K->577416K(699392K), 0.0077920 secs] [Times: user=0.09 sys=0.01, real=0.01 secs] 
2016-09-25T22:01:25.448-0400: 97.854: [Full GC (Ergonomics) [PSYoungGen: 57790K->0K(175104K)] [ParOldGen: 519625K->484743K(524288K)] 577416K->484743K(699392K), [Metaspace: 43864K->43864K(1087488K)], 0.0605817 secs] [Times: user=0.61 sys=0.00, real=0.06 secs] 
2016-09-25T22:01:25.568-0400: 97.974: [GC (GCLocker Initiated GC) [PSYoungGen: 88064K->43947K(175104K)] 573168K->529051K(699392K), 0.0049083 secs] [Times: user=0.07 sys=0.00, real=0.00 secs] 
2016-09-25T22:01:25.627-0400: 98.034: [GC (GCLocker Initiated GC) [PSYoungGen: 132011K->55157K(175104K)] 617396K->542144K(699392K), 0.0061060 secs] [Times: user=0.06 sys=0.01, real=0.00 secs] 
2016-09-25T22:01:25.690-0400: 98.096: [GC (GCLocker Initiated GC) [PSYoungGen: 143221K->49747K(175104K)] 634573K->568792K(699392K), 0.0138205 secs] [Times: user=0.16 sys=0.00, real=0.02 secs] 
2016-09-25T22:01:25.704-0400: 98.110: [Full GC (Ergonomics) [PSYoungGen: 49747K->0K(175104K)] [ParOldGen: 519044K->484552K(524288K)] 568792K->484552K(699392K), [Metaspace: 43864K->43864K(1087488K)], 0.0709636 secs] [Times: user=0.65 sys=0.00, real=0.07 secs] 
2016-09-25T22:01:25.836-0400: 98.242: [GC (GCLocker Initiated GC) [PSYoungGen: 88064K->58392K(175104K)] 575479K->545808K(699392K), 0.0075501 secs] [Times: user=0.08 sys=0.00, real=0.01 secs] 
2016-09-25T22:01:25.903-0400: 98.309: [GC (GCLocker Initiated GC) [PSYoungGen: 146456K->48464K(175104K)] 635833K->549861K(699392K), 0.0123105 secs] [Times: user=0.13 sys=0.00, real=0.01 secs] 
2016-09-25T22:01:25.916-0400: 98.322: [Full GC (Ergonomics) [PSYoungGen: 48464K->0K(175104K)] [ParOldGen: 501397K->490995K(524288K)] 549861K->490995K(699392K), [Metaspace: 43864K->43864K(1087488K)], 0.0593900 secs] [Times: user=0.61 sys=0.00, real=0.06 secs] 
2016-09-25T22:01:26.029-0400: 98.435: [GC (GCLocker Initiated GC) [PSYoungGen: 88064K->69190K(175104K)] 581978K->563105K(699392K), 0.0074318 secs] [Times: user=0.08 sys=0.00, real=0.01 secs] 
2016-09-25T22:01:26.102-0400: 98.508: [Full GC (Ergonomics) [PSYoungGen: 157254K->0K(175104K)] [ParOldGen: 499436K->492569K(524288K)] 656691K->492569K(699392K), [Metaspace: 43864K->43864K(1087488K)], 0.0532700 secs] [Times: user=0.49 sys=0.00, real=0.06 secs] 
2016-09-25T22:01:26.221-0400: 98.628: [GC (GCLocker Initiated GC) [PSYoungGen: 88064K->66766K(175104K)] 583379K->562081K(699392K), 0.0065268 secs] [Times: user=0.09 sys=0.00, real=0.01 secs] 
2016-09-25T22:01:26.288-0400: 98.694: [GC (GCLocker Initiated GC) [PSYoungGen: 154830K->61987K(175104K)] 650197K->566916K(699392K), 0.0192396 secs] [Times: user=0.25 sys=0.00, real=0.02 secs] 
2016-09-25T22:01:26.307-0400: 98.714: [Full GC (Ergonomics) [PSYoungGen: 61987K->0K(175104K)] [ParOldGen: 504929K->494192K(524288K)] 566916K->494192K(699392K), [Metaspace: 43864K->43864K(1087488K)], 0.0784613 secs] [Times: user=0.77 sys=0.00, real=0.08 secs] 
2016-09-25T22:01:26.446-0400: 98.852: [GC (GCLocker Initiated GC) [PSYoungGen: 88064K->62553K(151040K)] 582258K->556748K(675328K), 0.0080430 secs] [Times: user=0.09 sys=0.00, real=0.00 secs] 
2016-09-25T22:01:26.509-0400: 98.915: [GC (GCLocker Initiated GC) [PSYoungGen: 150617K->59277K(176128K)] 644934K->553593K(700416K), 0.0089101 secs] [Times: user=0.10 sys=0.01, real=0.01 secs] 
2016-09-25T22:01:26.580-0400: 98.986: [Full GC (Ergonomics) [PSYoungGen: 149901K->0K(176128K)] [ParOldGen: 502657K->489717K(524288K)] 652559K->489717K(700416K), [Metaspace: 43864K->43864K(1087488K)], 0.0659138 secs] [Times: user=0.70 sys=0.01, real=0.07 secs] 
2016-09-25T22:01:26.700-0400: 99.106: [GC (GCLocker Initiated GC) [PSYoungGen: 90624K->63764K(173568K)] 580420K->553561K(697856K), 0.0104935 secs] [Times: user=0.16 sys=0.00, real=0.01 secs] 
2016-09-25T22:01:26.764-0400: 99.170: [GC (GCLocker Initiated GC) [PSYoungGen: 154388K->64369K(176128K)] 649591K->559572K(700416K), 0.0068706 secs] [Times: user=0.09 sys=0.00, real=0.00 secs] 
2016-09-25T22:01:26.841-0400: 99.247: [Full GC (Ergonomics) [PSYoungGen: 158577K->0K(176128K)] [ParOldGen: 510252K->497377K(524288K)] 668830K->497377K(700416K), [Metaspace: 43865K->43865K(1087488K)], 0.0553005 secs] [Times: user=0.60 sys=0.00, real=0.06 secs] 
2016-09-25T22:01:26.966-0400: 99.373: [GC (GCLocker Initiated GC) [PSYoungGen: 94208K->58219K(175616K)] 591596K->555608K(699904K), 0.0055201 secs] [Times: user=0.08 sys=0.01, real=0.00 secs] 
2016-09-25T22:01:27.045-0400: 99.451: [GC (GCLocker Initiated GC) [PSYoungGen: 152427K->64593K(178688K)] 653892K->566058K(702976K), 0.0097130 secs] [Times: user=0.13 sys=0.01, real=0.01 secs] 
2016-09-25T22:01:27.116-0400: 99.522: [GC (GCLocker Initiated GC) [PSYoungGen: 163921K->78875K(178688K)] 665412K->580366K(702976K), 0.0076344 secs] [Times: user=0.11 sys=0.00, real=0.01 secs] 
2016-09-25T22:01:27.195-0400: 99.601: [Full GC (Ergonomics) [PSYoungGen: 178203K->0K(178688K)] [ParOldGen: 508399K->489886K(524288K)] 686603K->489886K(702976K), [Metaspace: 43865K->43865K(1087488K)], 0.0677316 secs] [Times: user=0.59 sys=0.01, real=0.07 secs] 
2016-09-25T22:01:27.327-0400: 99.733: [GC (GCLocker Initiated GC) [PSYoungGen: 99328K->41389K(174592K)] 605616K->547678K(698880K), 0.0093392 secs] [Times: user=0.11 sys=0.00, real=0.01 secs] 
2016-09-25T22:01:27.408-0400: 99.814: [Full GC (Ergonomics) [PSYoungGen: 132525K->0K(174592K)] [ParOldGen: 510397K->497259K(524288K)] 642923K->497259K(698880K), [Metaspace: 43865K->43865K(1087488K)], 0.0580329 secs] [Times: user=0.49 sys=0.01, real=0.06 secs] 
2016-09-25T22:01:27.527-0400: 99.933: [GC (GCLocker Initiated GC) [PSYoungGen: 91136K->67781K(159232K)] 588487K->565133K(683520K), 0.0076940 secs] [Times: user=0.11 sys=0.00, real=0.01 secs] 
2016-09-25T22:01:27.607-0400: 100.013: [Full GC (Ergonomics) [PSYoungGen: 158917K->0K(159232K)] [ParOldGen: 512235K->498769K(524288K)] 671153K->498769K(683520K), [Metaspace: 43865K->43865K(1087488K)], 0.0601290 secs] [Times: user=0.58 sys=0.01, real=0.06 secs] 
2016-09-25T22:01:27.724-0400: 100.130: [GC (GCLocker Initiated GC) [PSYoungGen: 91136K->78525K(174080K)] 589967K->577356K(698368K), 0.0094379 secs] [Times: user=0.12 sys=0.00, real=0.00 secs] 
2016-09-25T22:01:27.787-0400: 100.193: [GC (GCLocker Initiated GC) [PSYoungGen: 166589K->72440K(175104K)] 668157K->574009K(699392K), 0.0068380 secs] [Times: user=0.09 sys=0.01, real=0.00 secs] 
2016-09-25T22:01:27.853-0400: 100.259: [GC (GCLocker Initiated GC) [PSYoungGen: 160504K->64940K(175104K)] 662396K->566832K(699392K), 0.0067721 secs] [Times: user=0.10 sys=0.00, real=0.01 secs] 
2016-09-25T22:01:27.912-0400: 100.318: [GC (GCLocker Initiated GC) [PSYoungGen: 153004K->76482K(175104K)] 657693K->581171K(699392K), 0.0074544 secs] [Times: user=0.11 sys=0.00, real=0.01 secs] 
2016-09-25T22:01:27.971-0400: 100.377: [GC (GCLocker Initiated GC) [PSYoungGen: 164546K->78550K(175104K)] 672043K->586047K(699392K), 0.0102630 secs] [Times: user=0.15 sys=0.00, real=0.01 secs] 
2016-09-25T22:01:28.046-0400: 100.452: [GC (GCLocker Initiated GC) [PSYoungGen: 166614K->86206K(175104K)] 676956K->607349K(699392K), 0.0129342 secs] [Times: user=0.20 sys=0.00, real=0.01 secs] 
2016-09-25T22:01:28.059-0400: 100.465: [Full GC (Ergonomics) [PSYoungGen: 86206K->0K(175104K)] [ParOldGen: 521142K->500543K(524288K)] 607349K->500543K(699392K), [Metaspace: 43865K->43865K(1087488K)], 0.0612424 secs] [Times: user=0.64 sys=0.02, real=0.06 secs] 
2016-09-25T22:01:28.173-0400: 100.579: [GC (GCLocker Initiated GC) [PSYoungGen: 88064K->76264K(175104K)] 594137K->582337K(699392K), 0.0069436 secs] [Times: user=0.09 sys=0.01, real=0.01 secs] 
2016-09-25T22:01:28.243-0400: 100.649: [GC (GCLocker Initiated GC) [PSYoungGen: 164328K->75463K(175104K)] 670463K->581599K(699392K), 0.0071405 secs] [Times: user=0.06 sys=0.01, real=0.00 secs] 
2016-09-25T22:01:28.319-0400: 100.725: [GC (GCLocker Initiated GC) [PSYoungGen: 163527K->74876K(175104K)] 671293K->582642K(699392K), 0.0071261 secs] [Times: user=0.10 sys=0.00, real=0.01 secs] 
2016-09-25T22:01:28.381-0400: 100.787: [Full GC (Ergonomics) [PSYoungGen: 162940K->0K(175104K)] [ParOldGen: 515882K->509001K(524288K)] 678822K->509001K(699392K), [Metaspace: 43865K->43865K(1087488K)], 0.0535896 secs] [Times: user=0.47 sys=0.01, real=0.06 secs] 
2016-09-25T22:01:28.491-0400: 100.897: [GC (GCLocker Initiated GC) [PSYoungGen: 88064K->65227K(175104K)] 599956K->577120K(699392K), 0.0066054 secs] [Times: user=0.08 sys=0.00, real=0.01 secs] 
2016-09-25T22:01:28.558-0400: 100.964: [Full GC (Ergonomics) [PSYoungGen: 153291K->0K(175104K)] [ParOldGen: 514868K->510623K(524288K)] 668159K->510623K(699392K), [Metaspace: 43865K->43865K(1087488K)], 0.0552350 secs] [Times: user=0.52 sys=0.01, real=0.05 secs] 
2016-09-25T22:01:28.683-0400: 101.089: [Full GC (Ergonomics) [PSYoungGen: 88064K->0K(175104K)] [ParOldGen: 517791K->504678K(524288K)] 605855K->504678K(699392K), [Metaspace: 43868K->43868K(1087488K)], 0.0644255 secs] [Times: user=0.66 sys=0.01, real=0.06 secs] 
2016-09-25T22:01:28.796-0400: 101.202: [GC (GCLocker Initiated GC) [PSYoungGen: 88064K->63440K(175104K)] 592749K->568126K(699392K), 0.0163068 secs] [Times: user=0.20 sys=0.00, real=0.01 secs] 
2016-09-25T22:01:28.873-0400: 101.279: [GC (GCLocker Initiated GC) [PSYoungGen: 151504K->55393K(175104K)] 664475K->569375K(699392K), 0.0062110 secs] [Times: user=0.07 sys=0.01, real=0.01 secs] 
2016-09-25T22:01:28.943-0400: 101.349: [GC (GCLocker Initiated GC) [PSYoungGen: 143457K->59327K(175104K)] 657493K->574228K(699392K), 0.0067967 secs] [Times: user=0.09 sys=0.00, real=0.00 secs] 
2016-09-25T22:01:29.007-0400: 101.414: [Full GC (Ergonomics) [PSYoungGen: 147391K->0K(175104K)] [ParOldGen: 523008K->503279K(524288K)] 670400K->503279K(699392K), [Metaspace: 43868K->43868K(1087488K)], 0.0722267 secs] [Times: user=0.70 sys=0.00, real=0.07 secs] 
2016-09-25T22:01:29.133-0400: 101.539: [GC (GCLocker Initiated GC) [PSYoungGen: 88064K->47473K(175104K)] 600809K->560218K(699392K), 0.0054988 secs] [Times: user=0.06 sys=0.00, real=0.01 secs] 
2016-09-25T22:01:29.201-0400: 101.607: [Full GC (Ergonomics) [PSYoungGen: 135537K->0K(175104K)] [ParOldGen: 522326K->511176K(524288K)] 657863K->511176K(699392K), [Metaspace: 43868K->43868K(1087488K)], 0.0762163 secs] [Times: user=0.83 sys=0.01, real=0.08 secs] 
2016-09-25T22:01:29.331-0400: 101.737: [GC (GCLocker Initiated GC) [PSYoungGen: 88064K->70542K(175104K)] 600723K->583201K(699392K), 0.0080429 secs] [Times: user=0.12 sys=0.01, real=0.01 secs] 
2016-09-25T22:01:29.395-0400: 101.801: [GC (GCLocker Initiated GC) [PSYoungGen: 158606K->60542K(175104K)] 672712K->577202K(699392K), 0.0154201 secs] [Times: user=0.18 sys=0.01, real=0.01 secs] 
2016-09-25T22:01:29.468-0400: 101.874: [GC (GCLocker Initiated GC) [PSYoungGen: 148606K->82272K(175104K)] 665302K->599734K(699392K), 0.0078301 secs] [Times: user=0.10 sys=0.00, real=0.01 secs] 
2016-09-25T22:01:29.531-0400: 101.938: [GC (GCLocker Initiated GC) --[PSYoungGen: 170336K->170336K(175104K)] 687831K->694007K(699392K), 0.0108031 secs] [Times: user=0.10 sys=0.00, real=0.02 secs] 
2016-09-25T22:01:29.542-0400: 101.949: [Full GC (Ergonomics) [PSYoungGen: 170336K->0K(175104K)] [ParOldGen: 523671K->503165K(524288K)] 694007K->503165K(699392K), [Metaspace: 43868K->43868K(1087488K)], 0.0683905 secs] [Times: user=0.62 sys=0.00, real=0.06 secs] 
2016-09-25T22:01:29.673-0400: 102.079: [GC (GCLocker Initiated GC) [PSYoungGen: 88064K->58662K(175104K)] 591246K->561844K(699392K), 0.0071026 secs] [Times: user=0.10 sys=0.00, real=0.01 secs] 
2016-09-25T22:01:29.735-0400: 102.141: [GC (GCLocker Initiated GC) [PSYoungGen: 146726K->48606K(175104K)] 652821K->569738K(699392K), 0.0065062 secs] [Times: user=0.08 sys=0.00, real=0.00 secs] 
2016-09-25T22:01:29.742-0400: 102.148: [Full GC (Ergonomics) [PSYoungGen: 48606K->0K(175104K)] [ParOldGen: 521132K->507296K(524288K)] 569738K->507296K(699392K), [Metaspace: 43868K->43868K(1087488K)], 0.0591091 secs] [Times: user=0.61 sys=0.01, real=0.06 secs] 
2016-09-25T22:01:29.858-0400: 102.264: [GC (GCLocker Initiated GC) [PSYoungGen: 88064K->49250K(175104K)] 600793K->561979K(699392K), 0.0049015 secs] [Times: user=0.06 sys=0.01, real=0.01 secs] 
2016-09-25T22:01:29.919-0400: 102.325: [Full GC (Ergonomics) [PSYoungGen: 136920K->0K(175104K)] [ParOldGen: 522180K->511766K(524288K)] 659100K->511766K(699392K), [Metaspace: 43868K->43868K(1087488K)], 0.0602630 secs] [Times: user=0.43 sys=0.00, real=0.06 secs] 
2016-09-25T22:01:30.035-0400: 102.441: [GC (GCLocker Initiated GC) [PSYoungGen: 88064K->65047K(175104K)] 600039K->577022K(699392K), 0.0082651 secs] [Times: user=0.09 sys=0.00, real=0.01 secs] 
2016-09-25T22:01:30.114-0400: 102.520: [Full GC (Ergonomics) [PSYoungGen: 153111K->0K(175104K)] [ParOldGen: 517441K->510590K(524288K)] 670552K->510590K(699392K), [Metaspace: 43868K->43868K(1087488K)], 0.0647764 secs] [Times: user=0.65 sys=0.01, real=0.07 secs] 
2016-09-25T22:01:30.243-0400: 102.649: [Full GC (Ergonomics) [PSYoungGen: 88064K->0K(175104K)] [ParOldGen: 517481K->511635K(524288K)] 605545K->511635K(699392K), [Metaspace: 43868K->43868K(1087488K)], 0.0906151 secs] [Times: user=0.98 sys=0.02, real=0.08 secs] 
2016-09-25T22:01:30.392-0400: 102.798: [GC (GCLocker Initiated GC) [PSYoungGen: 88064K->51710K(175104K)] 600157K->563804K(699392K), 0.0066932 secs] [Times: user=0.08 sys=0.00, real=0.01 secs] 
2016-09-25T22:01:30.449-0400: 102.855: [Full GC (Ergonomics) [PSYoungGen: 139774K->0K(175104K)] [ParOldGen: 514848K->515991K(524288K)] 654623K->515991K(699392K), [Metaspace: 43868K->43868K(1087488K)], 0.0737001 secs] [Times: user=0.63 sys=0.00, real=0.08 secs] 
2016-09-25T22:01:30.580-0400: 102.986: [Full GC (Ergonomics) [PSYoungGen: 88064K->2700K(175104K)] [ParOldGen: 516004K->522097K(524288K)] 604068K->524797K(699392K), [Metaspace: 43868K->43868K(1087488K)], 0.0560112 secs] [Times: user=0.55 sys=0.00, real=0.06 secs] 
2016-09-25T22:01:30.697-0400: 103.103: [Full GC (Ergonomics) [PSYoungGen: 88064K->0K(175104K)] [ParOldGen: 523462K->512225K(524288K)] 611526K->512225K(699392K), [Metaspace: 43868K->43868K(1087488K)], 0.0585141 secs] [Times: user=0.58 sys=0.00, real=0.06 secs] 
2016-09-25T22:01:30.823-0400: 103.229: [Full GC (Ergonomics) [PSYoungGen: 88064K->0K(175104K)] [ParOldGen: 521676K->515845K(524288K)] 609740K->515845K(699392K), [Metaspace: 43868K->43868K(1087488K)], 0.0552506 secs] [Times: user=0.53 sys=0.01, real=0.05 secs] 
2016-09-25T22:01:30.940-0400: 103.346: [Full GC (Ergonomics) [PSYoungGen: 88064K->0K(175104K)] [ParOldGen: 516239K->512529K(524288K)] 604303K->512529K(699392K), [Metaspace: 43868K->43868K(1087488K)], 0.0616334 secs] [Times: user=0.65 sys=0.02, real=0.06 secs] 
2016-09-25T22:01:31.073-0400: 103.479: [Full GC (Ergonomics) [PSYoungGen: 88064K->0K(175104K)] [ParOldGen: 518026K->517353K(524288K)] 606090K->517353K(699392K), [Metaspace: 43868K->43868K(1087488K)], 0.0637580 secs] [Times: user=0.75 sys=0.00, real=0.07 secs] 
2016-09-25T22:01:31.205-0400: 103.611: [Full GC (Ergonomics) [PSYoungGen: 88064K->0K(175104K)] [ParOldGen: 523004K->519707K(524288K)] 611068K->519707K(699392K), [Metaspace: 43868K->43868K(1087488K)], 0.0664642 secs] [Times: user=0.72 sys=0.01, real=0.06 secs] 
2016-09-25T22:01:31.345-0400: 103.751: [Full GC (Ergonomics) [PSYoungGen: 88064K->0K(175104K)] [ParOldGen: 521068K->519217K(524288K)] 609132K->519217K(699392K), [Metaspace: 43868K->43868K(1087488K)], 0.0619335 secs] [Times: user=0.69 sys=0.00, real=0.06 secs] 
2016-09-25T22:01:31.472-0400: 103.878: [Full GC (Ergonomics) [PSYoungGen: 88064K->0K(175104K)] [ParOldGen: 521950K->522775K(524288K)] 610014K->522775K(699392K), [Metaspace: 43868K->43868K(1087488K)], 0.0680397 secs] [Times: user=0.69 sys=0.00, real=0.07 secs] 
2016-09-25T22:01:31.603-0400: 104.009: [Full GC (Ergonomics) [PSYoungGen: 86031K->0K(175104K)] [ParOldGen: 522775K->523627K(524288K)] 608806K->523627K(699392K), [Metaspace: 43868K->43868K(1087488K)], 0.0636428 secs] [Times: user=0.60 sys=0.00, real=0.06 secs] 
2016-09-25T22:01:31.737-0400: 104.143: [Full GC (Ergonomics) [PSYoungGen: 88064K->0K(175104K)] [ParOldGen: 523648K->521723K(524288K)] 611712K->521723K(699392K), [Metaspace: 43868K->43868K(1087488K)], 0.0551939 secs] [Times: user=0.43 sys=0.01, real=0.05 secs] 
2016-09-25T22:01:31.876-0400: 104.282: [Full GC (Ergonomics) [PSYoungGen: 88064K->0K(175104K)] [ParOldGen: 522321K->516065K(524288K)] 610385K->516065K(699392K), [Metaspace: 43868K->43868K(1087488K)], 0.0674782 secs] [Times: user=0.71 sys=0.02, real=0.07 secs] 
2016-09-25T22:01:32.010-0400: 104.416: [Full GC (Ergonomics) [PSYoungGen: 88013K->0K(175104K)] [ParOldGen: 522815K->510182K(524288K)] 610828K->510182K(699392K), [Metaspace: 43868K->43868K(1087488K)], 0.0790358 secs] [Times: user=0.86 sys=0.00, real=0.08 secs] 
2016-09-25T22:01:32.154-0400: 104.560: [GC (GCLocker Initiated GC) [PSYoungGen: 88064K->74418K(175104K)] 598319K->584673K(699392K), 0.0074286 secs] [Times: user=0.10 sys=0.00, real=0.01 secs] 
2016-09-25T22:01:32.224-0400: 104.630: [Full GC (Ergonomics) [PSYoungGen: 162482K->0K(175104K)] [ParOldGen: 520388K->521453K(524288K)] 682870K->521453K(699392K), [Metaspace: 43868K->43868K(1087488K)], 0.0582993 secs] [Times: user=0.50 sys=0.01, real=0.06 secs] 
2016-09-25T22:01:32.341-0400: 104.747: [Full GC (Ergonomics) [PSYoungGen: 88064K->5486K(175104K)] [ParOldGen: 524234K->522205K(524288K)] 612298K->527691K(699392K), [Metaspace: 43868K->43868K(1087488K)], 0.1091150 secs] [Times: user=1.47 sys=0.00, real=0.11 secs] 
2016-09-25T22:01:32.505-0400: 104.911: [Full GC (Ergonomics) [PSYoungGen: 88064K->2705K(175104K)] [ParOldGen: 522301K->522667K(524288K)] 610365K->525373K(699392K), [Metaspace: 43868K->43868K(1087488K)], 0.1423668 secs] [Times: user=2.06 sys=0.01, real=0.14 secs] 
2016-09-25T22:01:32.722-0400: 105.128: [Full GC (Ergonomics) [PSYoungGen: 88064K->0K(175104K)] [ParOldGen: 522750K->523495K(524288K)] 610814K->523495K(699392K), [Metaspace: 43869K->43869K(1087488K)], 0.0669212 secs] [Times: user=0.76 sys=0.04, real=0.07 secs] 
2016-09-25T22:01:32.861-0400: 105.267: [Full GC (Ergonomics) [PSYoungGen: 86919K->0K(175104K)] [ParOldGen: 523495K->514807K(524288K)] 610414K->514807K(699392K), [Metaspace: 43869K->43869K(1087488K)], 0.0514198 secs] [Times: user=0.45 sys=0.01, real=0.05 secs] 
2016-09-25T22:01:32.976-0400: 105.382: [Full GC (Ergonomics) [PSYoungGen: 88064K->0K(175104K)] [ParOldGen: 517910K->464621K(524288K)] 605974K->464621K(699392K), [Metaspace: 43869K->43869K(1087488K)], 0.0544555 secs] [Times: user=0.50 sys=0.00, real=0.05 secs] 
2016-09-25T22:01:33.087-0400: 105.493: [GC (GCLocker Initiated GC) [PSYoungGen: 88064K->40697K(175104K)] 555681K->508314K(699392K), 0.0048203 secs] [Times: user=0.04 sys=0.01, real=0.00 secs] 
2016-09-25T22:01:33.151-0400: 105.557: [GC (GCLocker Initiated GC) [PSYoungGen: 128761K->46206K(175104K)] 607965K->537413K(699392K), 0.0076398 secs] [Times: user=0.11 sys=0.00, real=0.01 secs] 
2016-09-25T22:01:33.216-0400: 105.623: [GC (GCLocker Initiated GC) [PSYoungGen: 134270K->54016K(175104K)] 630993K->551867K(699392K), 0.0110982 secs] [Times: user=0.12 sys=0.00, real=0.01 secs] 
2016-09-25T22:01:33.279-0400: 105.686: [GC (GCLocker Initiated GC) [PSYoungGen: 142080K->55145K(175104K)] 640102K->554013K(699392K), 0.0094299 secs] [Times: user=0.09 sys=0.00, real=0.01 secs] 
2016-09-25T22:01:33.344-0400: 105.750: [GC (GCLocker Initiated GC) [PSYoungGen: 143209K->44370K(175104K)] 646247K->548280K(699392K), 0.0141727 secs] [Times: user=0.15 sys=0.01, real=0.01 secs] 
2016-09-25T22:01:33.416-0400: 105.822: [GC (GCLocker Initiated GC) [PSYoungGen: 132434K->71120K(175104K)] 636478K->575164K(699392K), 0.0093532 secs] [Times: user=0.12 sys=0.01, real=0.01 secs] 
2016-09-25T22:01:33.494-0400: 105.900: [GC (GCLocker Initiated GC) --[PSYoungGen: 159184K->159184K(175104K)] 668668K->681193K(699392K), 0.0102863 secs] [Times: user=0.07 sys=0.01, real=0.01 secs] 
2016-09-25T22:01:33.505-0400: 105.911: [Full GC (Ergonomics) [PSYoungGen: 159184K->0K(175104K)] [ParOldGen: 522009K->482816K(524288K)] 681193K->482816K(699392K), [Metaspace: 43869K->43869K(1087488K)], 0.0608614 secs] [Times: user=0.52 sys=0.00, real=0.06 secs] 
2016-09-25T22:01:33.629-0400: 106.035: [GC (GCLocker Initiated GC) [PSYoungGen: 88064K->65303K(175104K)] 570927K->548166K(699392K), 0.0067893 secs] [Times: user=0.07 sys=0.00, real=0.01 secs] 
2016-09-25T22:01:33.690-0400: 106.097: [GC (GCLocker Initiated GC) [PSYoungGen: 153367K->54203K(174080K)] 639141K->564356K(698368K), 0.0090974 secs] [Times: user=0.11 sys=0.00, real=0.01 secs] 
2016-09-25T22:01:33.700-0400: 106.106: [Full GC (Ergonomics) [PSYoungGen: 54203K->0K(174080K)] [ParOldGen: 510153K->484478K(524288K)] 564356K->484478K(698368K), [Metaspace: 43869K->43869K(1087488K)], 0.0458289 secs] [Times: user=0.39 sys=0.00, real=0.05 secs] 
2016-09-25T22:01:33.807-0400: 106.214: [GC (GCLocker Initiated GC) [PSYoungGen: 88064K->53296K(141824K)] 572545K->537777K(666112K), 0.0056763 secs] [Times: user=0.07 sys=0.00, real=0.00 secs] 
2016-09-25T22:01:33.866-0400: 106.272: [GC (GCLocker Initiated GC) [PSYoungGen: 141360K->50030K(175104K)] 626002K->534672K(699392K), 0.0068038 secs] [Times: user=0.09 sys=0.00, real=0.00 secs] 
2016-09-25T22:01:33.929-0400: 106.335: [GC (GCLocker Initiated GC) [PSYoungGen: 140654K->30423K(174080K)] 633441K->523210K(698368K), 0.0221154 secs] [Times: user=0.27 sys=0.00, real=0.02 secs] 
2016-09-25T22:01:34.006-0400: 106.412: [GC (GCLocker Initiated GC) [PSYoungGen: 121047K->63715K(176640K)] 614074K->556743K(700928K), 0.0087374 secs] [Times: user=0.07 sys=0.01, real=0.01 secs] 
2016-09-25T22:01:34.078-0400: 106.484: [GC (GCLocker Initiated GC) [PSYoungGen: 154851K->41591K(133120K)] 654253K->540992K(657408K), 0.0188241 secs] [Times: user=0.20 sys=0.00, real=0.02 secs] 
2016-09-25T22:01:34.151-0400: 106.557: [GC (GCLocker Initiated GC) [PSYoungGen: 132727K->84011K(173056K)] 637530K->591514K(697344K), 0.0111571 secs] [Times: user=0.13 sys=0.00, real=0.01 secs] 
2016-09-25T22:01:34.221-0400: 106.627: [GC (GCLocker Initiated GC) [PSYoungGen: 172075K->68524K(175104K)] 683676K->582958K(699392K), 0.0080082 secs] [Times: user=0.08 sys=0.01, real=0.01 secs] 
2016-09-25T22:01:34.229-0400: 106.635: [Full GC (Ergonomics) [PSYoungGen: 68524K->0K(175104K)] [ParOldGen: 514434K->487122K(524288K)] 582958K->487122K(699392K), [Metaspace: 43871K->43871K(1087488K)], 0.0576675 secs] [Times: user=0.62 sys=0.00, real=0.06 secs] 
2016-09-25T22:01:34.342-0400: 106.748: [GC (GCLocker Initiated GC) [PSYoungGen: 88064K->64067K(175104K)] 579403K->555406K(699392K), 0.0065504 secs] [Times: user=0.09 sys=0.00, real=0.01 secs] 
2016-09-25T22:01:34.403-0400: 106.810: [GC (GCLocker Initiated GC) [PSYoungGen: 152131K->82361K(175104K)] 643532K->573762K(699392K), 0.0073158 secs] [Times: user=0.09 sys=0.00, real=0.00 secs] 
2016-09-25T22:01:34.469-0400: 106.875: [GC (GCLocker Initiated GC) [PSYoungGen: 170425K->84478K(175104K)] 667367K->592220K(699392K), 0.0141488 secs] [Times: user=0.19 sys=0.00, real=0.02 secs] 
2016-09-25T22:01:34.541-0400: 106.948: [GC (GCLocker Initiated GC) [PSYoungGen: 172542K->75052K(175104K)] 680286K->590363K(699392K), 0.0072965 secs] [Times: user=0.10 sys=0.00, real=0.01 secs] 
2016-09-25T22:01:34.549-0400: 106.955: [Full GC (Ergonomics) [PSYoungGen: 75052K->0K(175104K)] [ParOldGen: 515310K->484813K(524288K)] 590363K->484813K(699392K), [Metaspace: 43871K->43871K(1087488K)], 0.0711553 secs] [Times: user=0.62 sys=0.01, real=0.07 secs] 
2016-09-25T22:01:34.683-0400: 107.089: [GC (GCLocker Initiated GC) [PSYoungGen: 88064K->62648K(175104K)] 572910K->547495K(699392K), 0.0131646 secs] [Times: user=0.18 sys=0.00, real=0.01 secs] 
2016-09-25T22:01:34.745-0400: 107.151: [GC (GCLocker Initiated GC) [PSYoungGen: 150712K->39096K(175104K)] 635766K->545842K(699392K), 0.0074482 secs] [Times: user=0.09 sys=0.00, real=0.00 secs] 
2016-09-25T22:01:34.752-0400: 107.159: [Full GC (Ergonomics) [PSYoungGen: 39096K->0K(175104K)] [ParOldGen: 506745K->482283K(524288K)] 545842K->482283K(699392K), [Metaspace: 43871K->43871K(1087488K)], 0.0564822 secs] [Times: user=0.57 sys=0.00, real=0.06 secs] 
2016-09-25T22:01:34.863-0400: 107.269: [GC (GCLocker Initiated GC) [PSYoungGen: 88064K->49059K(175104K)] 577205K->538200K(699392K), 0.0069432 secs] [Times: user=0.05 sys=0.00, real=0.00 secs] 
2016-09-25T22:01:34.921-0400: 107.327: [GC (GCLocker Initiated GC) [PSYoungGen: 137123K->66107K(175104K)] 629101K->559478K(699392K), 0.0103439 secs] [Times: user=0.16 sys=0.00, real=0.01 secs] 
2016-09-25T22:01:34.988-0400: 107.394: [GC (GCLocker Initiated GC) [PSYoungGen: 154171K->48608K(175104K)] 652010K->558081K(699392K), 0.0066215 secs] [Times: user=0.08 sys=0.00, real=0.01 secs] 
2016-09-25T22:01:34.995-0400: 107.401: [Full GC (Ergonomics) [PSYoungGen: 48608K->0K(175104K)] [ParOldGen: 509473K->483144K(524288K)] 558081K->483144K(699392K), [Metaspace: 43871K->43871K(1087488K)], 0.0678582 secs] [Times: user=0.77 sys=0.00, real=0.07 secs] 
2016-09-25T22:01:35.124-0400: 107.530: [GC (GCLocker Initiated GC) [PSYoungGen: 88064K->59742K(175104K)] 575380K->547058K(699392K), 0.0074193 secs] [Times: user=0.06 sys=0.00, real=0.00 secs] 
2016-09-25T22:01:35.192-0400: 107.598: [GC (GCLocker Initiated GC) [PSYoungGen: 147806K->36414K(175104K)] 641888K->539783K(699392K), 0.0085581 secs] [Times: user=0.06 sys=0.00, real=0.01 secs] 
2016-09-25T22:01:35.258-0400: 107.664: [GC (GCLocker Initiated GC) [PSYoungGen: 124478K->67394K(175104K)] 627869K->571731K(699392K), 0.0058689 secs] [Times: user=0.08 sys=0.00, real=0.01 secs] 
2016-09-25T22:01:35.328-0400: 107.734: [Full GC (Ergonomics) [PSYoungGen: 155458K->0K(175104K)] [ParOldGen: 507291K->480887K(524288K)] 662749K->480887K(699392K), [Metaspace: 43871K->43871K(1087488K)], 0.0550919 secs] [Times: user=0.46 sys=0.00, real=0.06 secs] 
2016-09-25T22:01:35.435-0400: 107.841: [GC (GCLocker Initiated GC) [PSYoungGen: 88064K->62465K(175104K)] 577215K->551617K(699392K), 0.0067758 secs] [Times: user=0.09 sys=0.01, real=0.00 secs] 
2016-09-25T22:01:35.492-0400: 107.898: [GC (GCLocker Initiated GC) [PSYoungGen: 150529K->41799K(175104K)] 645880K->554546K(699392K), 0.0096229 secs] [Times: user=0.10 sys=0.01, real=0.01 secs] 
2016-09-25T22:01:35.502-0400: 107.908: [Full GC (Ergonomics) [PSYoungGen: 41799K->0K(175104K)] [ParOldGen: 512746K->486374K(524288K)] 554546K->486374K(699392K), [Metaspace: 43871K->43871K(1087488K)], 0.0557185 secs] [Times: user=0.51 sys=0.02, real=0.06 secs] 
2016-09-25T22:01:35.616-0400: 108.022: [GC (GCLocker Initiated GC) [PSYoungGen: 88064K->85425K(175104K)] 577201K->579962K(699392K), 0.0117667 secs] [Times: user=0.18 sys=0.00, real=0.01 secs] 
2016-09-25T22:01:35.695-0400: 108.101: [GC (Allocation Failure) [PSYoungGen: 173489K->51194K(175104K)] 670823K->556482K(699392K), 0.0069881 secs] [Times: user=0.09 sys=0.00, real=0.01 secs] 
2016-09-25T22:01:35.702-0400: 108.108: [Full GC (Ergonomics) [PSYoungGen: 51194K->0K(175104K)] [ParOldGen: 505288K->486314K(524288K)] 556482K->486314K(699392K), [Metaspace: 43871K->43871K(1087488K)], 0.0509927 secs] [Times: user=0.40 sys=0.01, real=0.04 secs] 
2016-09-25T22:01:35.811-0400: 108.217: [GC (GCLocker Initiated GC) [PSYoungGen: 86927K->47806K(175104K)] 574591K->535471K(699392K), 0.0269303 secs] [Times: user=0.35 sys=0.00, real=0.03 secs] 
2016-09-25T22:01:35.890-0400: 108.296: [GC (GCLocker Initiated GC) [PSYoungGen: 135870K->71519K(175104K)] 626314K->566185K(699392K), 0.0138206 secs] [Times: user=0.17 sys=0.00, real=0.02 secs] 
2016-09-25T22:01:35.960-0400: 108.366: [GC (GCLocker Initiated GC) [PSYoungGen: 159583K->63365K(175104K)] 654397K->569802K(699392K), 0.0180123 secs] [Times: user=0.24 sys=0.00, real=0.02 secs] 
2016-09-25T22:01:35.978-0400: 108.384: [Full GC (Ergonomics) [PSYoungGen: 63365K->0K(175104K)] [ParOldGen: 506436K->496686K(524288K)] 569802K->496686K(699392K), [Metaspace: 43871K->43871K(1087488K)], 0.0615352 secs] [Times: user=0.57 sys=0.00, real=0.06 secs] 
2016-09-25T22:01:36.115-0400: 108.521: [GC (GCLocker Initiated GC) [PSYoungGen: 88064K->61369K(175104K)] 584892K->558197K(699392K), 0.0077575 secs] [Times: user=0.09 sys=0.00, real=0.01 secs] 
2016-09-25T22:01:36.189-0400: 108.595: [Full GC (Ergonomics) [PSYoungGen: 149433K->0K(175104K)] [ParOldGen: 509040K->495573K(524288K)] 658473K->495573K(699392K), [Metaspace: 43871K->43871K(1087488K)], 0.0598546 secs] [Times: user=0.47 sys=0.01, real=0.06 secs] 
2016-09-25T22:01:36.308-0400: 108.714: [GC (GCLocker Initiated GC) [PSYoungGen: 88064K->54529K(175104K)] 591826K->558292K(699392K), 0.0064813 secs] [Times: user=0.08 sys=0.00, real=0.01 secs] 
2016-09-25T22:01:36.387-0400: 108.793: [GC (GCLocker Initiated GC) [PSYoungGen: 142593K->41867K(175104K)] 646384K->547050K(699392K), 0.0249466 secs] [Times: user=0.28 sys=0.00, real=0.02 secs] 
2016-09-25T22:01:36.476-0400: 108.882: [Full GC (Ergonomics) [PSYoungGen: 129931K->0K(175104K)] [ParOldGen: 510828K->500611K(524288K)] 640760K->500611K(699392K), [Metaspace: 43871K->43871K(1087488K)], 0.0644086 secs] [Times: user=0.58 sys=0.00, real=0.06 secs] 
2016-09-25T22:01:36.613-0400: 109.019: [GC (GCLocker Initiated GC) [PSYoungGen: 88064K->54461K(173056K)] 591460K->557857K(697344K), 0.0062304 secs] [Times: user=0.07 sys=0.00, real=0.01 secs] 
2016-09-25T22:01:36.678-0400: 109.084: [Full GC (Ergonomics) [PSYoungGen: 142525K->0K(173056K)] [ParOldGen: 511446K->502194K(524288K)] 653972K->502194K(697344K), [Metaspace: 43871K->43871K(1087488K)], 0.0622839 secs] [Times: user=0.65 sys=0.01, real=0.06 secs] 
2016-09-25T22:01:36.808-0400: 109.214: [GC (GCLocker Initiated GC) [PSYoungGen: 88064K->58211K(174080K)] 590401K->560548K(698368K), 0.0126435 secs] [Times: user=0.18 sys=0.00, real=0.01 secs] 
2016-09-25T22:01:36.887-0400: 109.293: [Full GC (Ergonomics) [PSYoungGen: 146275K->0K(174080K)] [ParOldGen: 509236K->495578K(524288K)] 655511K->495578K(698368K), [Metaspace: 43871K->43871K(1087488K)], 0.0677238 secs] [Times: user=0.47 sys=0.00, real=0.07 secs] 
2016-09-25T22:01:37.011-0400: 109.417: [GC (GCLocker Initiated GC) [PSYoungGen: 88064K->47827K(175104K)] 593150K->552914K(699392K), 0.0138141 secs] [Times: user=0.17 sys=0.00, real=0.02 secs] 
2016-09-25T22:01:37.092-0400: 109.498: [GC (GCLocker Initiated GC) [PSYoungGen: 139987K->68399K(174592K)] 645166K->573578K(698880K), 0.0153708 secs] [Times: user=0.19 sys=0.01, real=0.02 secs] 
2016-09-25T22:01:37.172-0400: 109.578: [Full GC (Ergonomics) [PSYoungGen: 160559K->0K(174592K)] [ParOldGen: 512153K->500492K(524288K)] 672712K->500492K(698880K), [Metaspace: 43876K->43876K(1087488K)], 0.0690733 secs] [Times: user=0.51 sys=0.02, real=0.07 secs] 
2016-09-25T22:01:37.303-0400: 109.709: [GC (GCLocker Initiated GC) [PSYoungGen: 92160K->54274K(177664K)] 592687K->554801K(701952K), 0.0104849 secs] [Times: user=0.13 sys=0.00, real=0.00 secs] 
2016-09-25T22:01:37.385-0400: 109.791: [GC (GCLocker Initiated GC) [PSYoungGen: 149506K->57868K(153600K)] 654131K->562493K(677888K), 0.0120157 secs] [Times: user=0.09 sys=0.00, real=0.01 secs] 
2016-09-25T22:01:37.458-0400: 109.864: [GC (GCLocker Initiated GC) [PSYoungGen: 153100K->77497K(172032K)] 660459K->584855K(696320K), 0.0070866 secs] [Times: user=0.10 sys=0.00, real=0.01 secs] 
2016-09-25T22:01:37.527-0400: 109.933: [GC (GCLocker Initiated GC) [PSYoungGen: 169657K->74144K(166400K)] 679790K->584277K(690688K), 0.0204434 secs] [Times: user=0.20 sys=0.00, real=0.02 secs] 
2016-09-25T22:01:37.623-0400: 110.029: [GC (GCLocker Initiated GC) [PSYoungGen: 166304K->85784K(175104K)] 676530K->598710K(699392K), 0.0148576 secs] [Times: user=0.18 sys=0.00, real=0.01 secs] 
2016-09-25T22:01:37.708-0400: 110.114: [Full GC (Ergonomics) [PSYoungGen: 173848K->0K(175104K)] [ParOldGen: 518348K->496905K(524288K)] 692197K->496905K(699392K), [Metaspace: 43876K->43876K(1087488K)], 0.0854706 secs] [Times: user=0.85 sys=0.01, real=0.08 secs] 
2016-09-25T22:01:37.855-0400: 110.261: [GC (GCLocker Initiated GC) [PSYoungGen: 88064K->50561K(175104K)] 590371K->552868K(699392K), 0.0054218 secs] [Times: user=0.07 sys=0.00, real=0.00 secs] 
2016-09-25T22:01:37.930-0400: 110.336: [GC (GCLocker Initiated GC) [PSYoungGen: 138625K->52721K(175104K)] 647750K->561846K(699392K), 0.0066133 secs] [Times: user=0.07 sys=0.00, real=0.01 secs] 
2016-09-25T22:01:37.993-0400: 110.400: [GC (GCLocker Initiated GC) [PSYoungGen: 140785K->51844K(175104K)] 649954K->561014K(699392K), 0.0132036 secs] [Times: user=0.12 sys=0.00, real=0.02 secs] 
2016-09-25T22:01:38.079-0400: 110.485: [Full GC (Ergonomics) [PSYoungGen: 139908K->0K(175104K)] [ParOldGen: 517327K->502692K(524288K)] 657235K->502692K(699392K), [Metaspace: 43876K->43876K(1087488K)], 0.0547622 secs] [Times: user=0.41 sys=0.00, real=0.05 secs] 
2016-09-25T22:01:38.196-0400: 110.602: [GC (GCLocker Initiated GC) [PSYoungGen: 88064K->62344K(175104K)] 593606K->567886K(699392K), 0.0121810 secs] [Times: user=0.17 sys=0.00, real=0.01 secs] 
2016-09-25T22:01:38.292-0400: 110.698: [GC (GCLocker Initiated GC) [PSYoungGen: 150408K->48223K(175104K)] 656282K->554098K(699392K), 0.0078699 secs] [Times: user=0.09 sys=0.00, real=0.01 secs] 
2016-09-25T22:01:38.357-0400: 110.763: [GC (GCLocker Initiated GC) --[PSYoungGen: 136285K->136285K(175104K)] 651361K->658516K(699392K), 0.0133913 secs] [Times: user=0.15 sys=0.00, real=0.01 secs] 
2016-09-25T22:01:38.371-0400: 110.777: [Full GC (Ergonomics) [PSYoungGen: 136285K->0K(175104K)] [ParOldGen: 522230K->498000K(524288K)] 658516K->498000K(699392K), [Metaspace: 43876K->43876K(1087488K)], 0.1167620 secs] [Times: user=1.38 sys=0.01, real=0.12 secs] 
2016-09-25T22:01:38.548-0400: 110.954: [GC (GCLocker Initiated GC) [PSYoungGen: 88064K->56798K(172032K)] 586183K->554918K(696320K), 0.0097379 secs] [Times: user=0.12 sys=0.00, real=0.01 secs] 
2016-09-25T22:01:38.615-0400: 111.021: [GC (GCLocker Initiated GC) [PSYoungGen: 144862K->67024K(173568K)] 645830K->567992K(697856K), 0.0065581 secs] [Times: user=0.08 sys=0.00, real=0.00 secs] 
2016-09-25T22:01:38.684-0400: 111.090: [GC (GCLocker Initiated GC) [PSYoungGen: 155088K->56889K(172544K)] 656085K->557886K(696832K), 0.0097641 secs] [Times: user=0.08 sys=0.00, real=0.00 secs] 
2016-09-25T22:01:38.757-0400: 111.164: [GC (GCLocker Initiated GC) [PSYoungGen: 148025K->77810K(174592K)] 649080K->578865K(698880K), 0.0220587 secs] [Times: user=0.29 sys=0.01, real=0.02 secs] 
2016-09-25T22:01:38.845-0400: 111.251: [GC (GCLocker Initiated GC) [PSYoungGen: 168946K->47232K(175104K)] 672759K->556758K(699392K), 0.0221118 secs] [Times: user=0.29 sys=0.01, real=0.02 secs] 
2016-09-25T22:01:38.932-0400: 111.338: [GC (GCLocker Initiated GC) [PSYoungGen: 135296K->61451K(150016K)] 647622K->575282K(674304K), 0.0070315 secs] [Times: user=0.07 sys=0.00, real=0.01 secs] 
2016-09-25T22:01:39.001-0400: 111.408: [Full GC (Ergonomics) [PSYoungGen: 149515K->0K(150016K)] [ParOldGen: 523446K->504436K(524288K)] 672961K->504436K(674304K), [Metaspace: 43876K->43876K(1087488K)], 0.0701124 secs] [Times: user=0.49 sys=0.02, real=0.07 secs] 
2016-09-25T22:01:39.139-0400: 111.545: [GC (GCLocker Initiated GC) [PSYoungGen: 88064K->52964K(174592K)] 601954K->566855K(698880K), 0.0100832 secs] [Times: user=0.13 sys=0.00, real=0.01 secs] 
2016-09-25T22:01:39.217-0400: 111.623: [GC (GCLocker Initiated GC) [PSYoungGen: 142052K->45433K(173568K)] 657481K->560862K(697856K), 0.0192340 secs] [Times: user=0.19 sys=0.00, real=0.02 secs] 
2016-09-25T22:01:39.298-0400: 111.704: [GC (GCLocker Initiated GC) [PSYoungGen: 134521K->65127K(176128K)] 650106K->580711K(700416K), 0.0071713 secs] [Times: user=0.08 sys=0.00, real=0.01 secs] 
2016-09-25T22:01:39.373-0400: 111.779: [Full GC (Ergonomics) [PSYoungGen: 157287K->0K(176128K)] [ParOldGen: 518393K->511395K(524288K)] 675680K->511395K(700416K), [Metaspace: 43876K->43876K(1087488K)], 0.0618729 secs] [Times: user=0.57 sys=0.00, real=0.07 secs] 
2016-09-25T22:01:39.502-0400: 111.908: [GC (GCLocker Initiated GC) [PSYoungGen: 92160K->50187K(176128K)] 607733K->565761K(700416K), 0.0182171 secs] [Times: user=0.16 sys=0.00, real=0.01 secs] 
2016-09-25T22:01:39.604-0400: 112.010: [GC (GCLocker Initiated GC) [PSYoungGen: 142347K->59122K(175104K)] 657926K->574700K(699392K), 0.0078174 secs] [Times: user=0.07 sys=0.01, real=0.00 secs] 
2016-09-25T22:01:39.693-0400: 112.099: [GC (GCLocker Initiated GC) [PSYoungGen: 154354K->64095K(176128K)] 670039K->579781K(700416K), 0.0201784 secs] [Times: user=0.22 sys=0.00, real=0.02 secs] 
2016-09-25T22:01:39.797-0400: 112.203: [Full GC (Ergonomics) [PSYoungGen: 159327K->0K(176128K)] [ParOldGen: 519928K->502529K(524288K)] 679256K->502529K(700416K), [Metaspace: 43876K->43876K(1087488K)], 0.0757296 secs] [Times: user=0.77 sys=0.02, real=0.07 secs] 
2016-09-25T22:01:39.939-0400: 112.345: [GC (GCLocker Initiated GC) [PSYoungGen: 95232K->61133K(179200K)] 599157K->565058K(703488K), 0.0063542 secs] [Times: user=0.09 sys=0.00, real=0.01 secs] 
2016-09-25T22:01:40.016-0400: 112.422: [GC (GCLocker Initiated GC) [PSYoungGen: 161485K->72681K(173056K)] 665443K->576639K(697344K), 0.0070000 secs] [Times: user=0.08 sys=0.01, real=0.01 secs] 
2016-09-25T22:01:40.094-0400: 112.500: [GC (GCLocker Initiated GC) [PSYoungGen: 173033K->46310K(179200K)] 681119K->554396K(703488K), 0.0068029 secs] [Times: user=0.05 sys=0.01, real=0.00 secs] 
2016-09-25T22:01:40.165-0400: 112.571: [GC (GCLocker Initiated GC) [PSYoungGen: 142566K->70218K(166912K)] 650877K->578529K(691200K), 0.0188083 secs] [Times: user=0.24 sys=0.00, real=0.02 secs] 
2016-09-25T22:01:40.257-0400: 112.663: [GC (GCLocker Initiated GC) [PSYoungGen: 166474K->67212K(177152K)] 685647K->586385K(701440K), 0.0101140 secs] [Times: user=0.14 sys=0.00, real=0.01 secs] 
2016-09-25T22:01:40.330-0400: 112.736: [GC (GCLocker Initiated GC) [PSYoungGen: 159372K->55569K(147968K)] 678610K->574807K(672256K), 0.0178429 secs] [Times: user=0.19 sys=0.02, real=0.02 secs] 
2016-09-25T22:01:40.426-0400: 112.832: [Full GC (Ergonomics) [PSYoungGen: 146188K->0K(147968K)] [ParOldGen: 521937K->506578K(524288K)] 668125K->506578K(672256K), [Metaspace: 43876K->43876K(1087488K)], 0.0854071 secs] [Times: user=0.72 sys=0.01, real=0.08 secs] 
2016-09-25T22:01:40.584-0400: 112.990: [GC (GCLocker Initiated GC) [PSYoungGen: 92160K->64041K(176640K)] 598810K->570691K(700928K), 0.0074475 secs] [Times: user=0.08 sys=0.00, real=0.00 secs] 
2016-09-25T22:01:40.657-0400: 113.063: [GC (GCLocker Initiated GC) [PSYoungGen: 157225K->66317K(175616K)] 664998K->574091K(699904K), 0.0118374 secs] [Times: user=0.16 sys=0.01, real=0.01 secs] 
2016-09-25T22:01:40.741-0400: 113.147: [GC (GCLocker Initiated GC) [PSYoungGen: 159501K->53443K(179200K)] 670081K->564023K(703488K), 0.0163987 secs] [Times: user=0.21 sys=0.00, real=0.02 secs] 
2016-09-25T22:01:40.834-0400: 113.240: [GC (GCLocker Initiated GC) [PSYoungGen: 150211K->54287K(178688K)] 669035K->573111K(702976K), 0.0142823 secs] [Times: user=0.15 sys=0.00, real=0.02 secs] 
2016-09-25T22:01:40.913-0400: 113.319: [GC (GCLocker Initiated GC) [PSYoungGen: 151055K->71444K(176640K)] 669918K->590314K(700928K), 0.0257706 secs] [Times: user=0.32 sys=0.01, real=0.03 secs] 
2016-09-25T22:01:41.020-0400: 113.426: [Full GC (Ergonomics) [PSYoungGen: 166512K->0K(176640K)] [ParOldGen: 522920K->508748K(524288K)] 689433K->508748K(700928K), [Metaspace: 43880K->43880K(1087488K)], 0.0537527 secs] [Times: user=0.46 sys=0.00, real=0.05 secs] 
2016-09-25T22:01:41.126-0400: 113.532: [GC (GCLocker Initiated GC) [PSYoungGen: 95744K->54423K(178688K)] 609665K->568345K(702976K), 0.0102522 secs] [Times: user=0.12 sys=0.00, real=0.01 secs] 
2016-09-25T22:01:41.203-0400: 113.609: [GC (GCLocker Initiated GC) [PSYoungGen: 150167K->72818K(175104K)] 669500K->592151K(699392K), 0.0068655 secs] [Times: user=0.09 sys=0.00, real=0.00 secs] 
2016-09-25T22:01:41.267-0400: 113.673: [GC (GCLocker Initiated GC) [PSYoungGen: 166002K->84324K(177664K)] 685471K->606494K(701952K), 0.0096335 secs] [Times: user=0.13 sys=0.00, real=0.01 secs] 
2016-09-25T22:01:41.277-0400: 113.683: [Full GC (Ergonomics) [PSYoungGen: 84324K->0K(177664K)] [ParOldGen: 522169K->519075K(524288K)] 606494K->519075K(701952K), [Metaspace: 43880K->43880K(1087488K)], 0.0626102 secs] [Times: user=0.62 sys=0.02, real=0.06 secs] 
2016-09-25T22:01:41.410-0400: 113.816: [GC (GCLocker Initiated GC) [PSYoungGen: 93184K->54518K(172544K)] 613790K->575125K(696832K), 0.0171083 secs] [Times: user=0.23 sys=0.00, real=0.02 secs] 
2016-09-25T22:01:41.479-0400: 113.885: [Full GC (Ergonomics) [PSYoungGen: 141929K->0K(172544K)] [ParOldGen: 523306K->517986K(524288K)] 665235K->517986K(696832K), [Metaspace: 43880K->43880K(1087488K)], 0.0656138 secs] [Times: user=0.54 sys=0.00, real=0.07 secs] 
2016-09-25T22:01:41.618-0400: 114.024: [Full GC (Ergonomics) [PSYoungGen: 88064K->0K(172544K)] [ParOldGen: 523484K->516012K(524288K)] 611548K->516012K(696832K), [Metaspace: 43880K->43880K(1087488K)], 0.0649371 secs] [Times: user=0.54 sys=0.01, real=0.07 secs] 
2016-09-25T22:01:41.761-0400: 114.167: [GC (GCLocker Initiated GC) [PSYoungGen: 88064K->53080K(175104K)] 604108K->569124K(699392K), 0.0130612 secs] [Times: user=0.16 sys=0.00, real=0.02 secs] 
2016-09-25T22:01:41.843-0400: 114.249: [GC (GCLocker Initiated GC) [PSYoungGen: 141144K->32254K(175104K)] 661267K->552378K(699392K), 0.0055703 secs] [Times: user=0.04 sys=0.00, real=0.00 secs] 
2016-09-25T22:01:41.917-0400: 114.323: [Full GC (Ergonomics) [PSYoungGen: 120318K->0K(175104K)] [ParOldGen: 522851K->518428K(524288K)] 643170K->518428K(699392K), [Metaspace: 43880K->43880K(1087488K)], 0.0530411 secs] [Times: user=0.47 sys=0.01, real=0.05 secs] 
2016-09-25T22:01:42.026-0400: 114.433: [GC (GCLocker Initiated GC) [PSYoungGen: 88064K->63970K(175104K)] 606792K->582699K(699392K), 0.0168585 secs] [Times: user=0.14 sys=0.00, real=0.02 secs] 
2016-09-25T22:01:42.116-0400: 114.522: [Full GC (Ergonomics) [PSYoungGen: 152034K->0K(175104K)] [ParOldGen: 524230K->520310K(524288K)] 676264K->520310K(699392K), [Metaspace: 43880K->43880K(1087488K)], 0.0875206 secs] [Times: user=0.86 sys=0.01, real=0.09 secs] 
2016-09-25T22:01:42.277-0400: 114.683: [Full GC (Ergonomics) [PSYoungGen: 87604K->0K(175104K)] [ParOldGen: 523010K->513039K(524288K)] 610614K->513039K(699392K), [Metaspace: 43880K->43880K(1087488K)], 0.0640887 secs] [Times: user=0.48 sys=0.00, real=0.06 secs] 
2016-09-25T22:01:42.408-0400: 114.814: [Full GC (Ergonomics) [PSYoungGen: 88064K->0K(175104K)] [ParOldGen: 522589K->519223K(524288K)] 610653K->519223K(699392K), [Metaspace: 43888K->43888K(1087488K)], 0.0650298 secs] [Times: user=0.54 sys=0.00, real=0.06 secs] 
2016-09-25T22:01:42.530-0400: 114.936: [GC (GCLocker Initiated GC) [PSYoungGen: 88064K->62567K(175104K)] 607495K->581999K(699392K), 0.0078196 secs] [Times: user=0.07 sys=0.00, real=0.01 secs] 
2016-09-25T22:01:42.609-0400: 115.016: [GC (GCLocker Initiated GC) [PSYoungGen: 150631K->53820K(142336K)] 671559K->574748K(666624K), 0.0063282 secs] [Times: user=0.08 sys=0.00, real=0.01 secs] 
2016-09-25T22:01:42.670-0400: 115.076: [Full GC (Ergonomics) [PSYoungGen: 141884K->0K(142336K)] [ParOldGen: 523699K->518867K(524288K)] 665584K->518867K(666624K), [Metaspace: 43888K->43888K(1087488K)], 0.0614509 secs] [Times: user=0.58 sys=0.00, real=0.06 secs] 
2016-09-25T22:01:42.784-0400: 115.190: [GC (GCLocker Initiated GC) [PSYoungGen: 88064K->50417K(175104K)] 609649K->572003K(699392K), 0.0053333 secs] [Times: user=0.07 sys=0.01, real=0.00 secs] 
2016-09-25T22:01:42.850-0400: 115.256: [Full GC (Ergonomics) [PSYoungGen: 139505K->0K(175104K)] [ParOldGen: 522952K->523086K(524288K)] 662458K->523086K(699392K), [Metaspace: 43888K->43888K(1087488K)], 0.0607030 secs] [Times: user=0.58 sys=0.01, real=0.06 secs] 
2016-09-25T22:01:42.976-0400: 115.383: [Full GC (Ergonomics) [PSYoungGen: 88201K->0K(175104K)] [ParOldGen: 523086K->518384K(524288K)] 611288K->518384K(699392K), [Metaspace: 43888K->43888K(1087488K)], 0.0556874 secs] [Times: user=0.48 sys=0.00, real=0.05 secs] 
2016-09-25T22:01:43.085-0400: 115.491: [Full GC (Ergonomics) [PSYoungGen: 89088K->0K(175104K)] [ParOldGen: 524021K->520748K(524288K)] 613109K->520748K(699392K), [Metaspace: 43888K->43888K(1087488K)], 0.0764102 secs] [Times: user=0.83 sys=0.01, real=0.07 secs] 
2016-09-25T22:01:43.215-0400: 115.621: [Full GC (Ergonomics) [PSYoungGen: 89088K->5402K(175104K)] [ParOldGen: 523697K->523710K(524288K)] 612785K->529112K(699392K), [Metaspace: 43913K->43913K(1087488K)], 0.1923752 secs] [Times: user=2.56 sys=0.01, real=0.19 secs] 
2016-09-25T22:01:47.315-0400: 119.721: [Full GC (Ergonomics) [PSYoungGen: 89088K->0K(175104K)] [ParOldGen: 523714K->490085K(524288K)] 612802K->490085K(699392K), [Metaspace: 43938K->43934K(1087488K)], 0.1077383 secs] [Times: user=0.76 sys=0.02, real=0.11 secs] 
2016-09-25T22:01:52.682-0400: 125.088: [GC (Allocation Failure) [PSYoungGen: 89088K->23493K(174080K)] 579173K->513579K(698368K), 0.0123024 secs] [Times: user=0.09 sys=0.01, real=0.01 secs] 
2016-09-25T22:01:58.007-0400: 130.413: [GC (Allocation Failure) [PSYoungGen: 112581K->46378K(176128K)] 602667K->536464K(700416K), 0.0317561 secs] [Times: user=0.36 sys=0.01, real=0.03 secs] 
2016-09-25T22:02:03.409-0400: 135.815: [GC (Allocation Failure) [PSYoungGen: 135466K->70096K(175104K)] 625552K->560182K(699392K), 0.0136848 secs] [Times: user=0.12 sys=0.01, real=0.02 secs] 
2016-09-25T22:02:08.630-0400: 141.036: [GC (Allocation Failure) [PSYoungGen: 159184K->87028K(175104K)] 649269K->583515K(699392K), 0.0230305 secs] [Times: user=0.11 sys=0.07, real=0.02 secs] 
