Java HotSpot(TM) 64-Bit Server VM (25.101-b13) for linux-amd64 JRE (1.8.0_101-b13), built on Jun 22 2016 02:59:44 by "java_re" with gcc 4.3.0 20080428 (Red Hat 4.3.0-8)
Memory: 4k page, physical 264122320k(248459964k free), swap 268399612k(268399612k free)
CommandLine flags: -XX:GCLogFileSize=1048576 -XX:+HeapDumpOnOutOfMemoryError -XX:HeapDumpPath=artifacts/heapdump -XX:InitialHeapSize=805306368 -XX:MaxHeapSize=805306368 -XX:NumberOfGCLogFiles=10 -XX:+PrintGC -XX:+PrintGCDateStamps -XX:+PrintGCDetails -XX:+PrintGCTimeStamps -XX:+UseCompressedClassPointers -XX:+UseCompressedOops -XX:+UseGCLogFileRotation -XX:+UseParallelGC 
2016-09-24T02:14:11.427-0400: 2.174: [GC (Metadata GC Threshold) [PSYoungGen: 121898K->15818K(229376K)] 121898K->15906K(753664K), 0.0358730 secs] [Times: user=0.41 sys=0.00, real=0.04 secs] 
2016-09-24T02:14:11.463-0400: 2.210: [Full GC (Metadata GC Threshold) [PSYoungGen: 15818K->0K(229376K)] [ParOldGen: 88K->14601K(314880K)] 15906K->14601K(544256K), [Metaspace: 21075K->21075K(1067008K)], 0.0394385 secs] [Times: user=0.33 sys=0.01, real=0.03 secs] 
2016-09-24T02:14:14.871-0400: 5.618: [GC (Metadata GC Threshold) [PSYoungGen: 124222K->14908K(229376K)] 138823K->29645K(544256K), 0.0161695 secs] [Times: user=0.11 sys=0.00, real=0.02 secs] 
2016-09-24T02:14:14.887-0400: 5.634: [Full GC (Metadata GC Threshold) [PSYoungGen: 14908K->0K(229376K)] [ParOldGen: 14737K->20408K(507392K)] 29645K->20408K(736768K), [Metaspace: 35050K->35050K(1079296K)], 0.0552755 secs] [Times: user=0.46 sys=0.00, real=0.06 secs] 
2016-09-24T02:14:16.561-0400: 7.308: [GC (GCLocker Initiated GC) [PSYoungGen: 194854K->32737K(229376K)] 217963K->63750K(736768K), 0.0100896 secs] [Times: user=0.14 sys=0.01, real=0.01 secs] 
2016-09-24T02:14:16.837-0400: 7.584: [GC (GCLocker Initiated GC) [PSYoungGen: 229345K->32017K(229376K)] 263299K->65979K(736768K), 0.0168370 secs] [Times: user=0.27 sys=0.00, real=0.02 secs] 
2016-09-24T02:14:17.014-0400: 7.761: [GC (GCLocker Initiated GC) [PSYoungGen: 228625K->32239K(228864K)] 265371K->70343K(736256K), 0.0071200 secs] [Times: user=0.09 sys=0.00, real=0.00 secs] 
2016-09-24T02:14:17.188-0400: 7.935: [GC (Allocation Failure) [PSYoungGen: 228847K->23220K(210432K)] 272547K->66928K(717824K), 0.0159724 secs] [Times: user=0.19 sys=0.01, real=0.02 secs] 
2016-09-24T02:14:17.205-0400: 7.952: [GC (GCLocker Initiated GC) [PSYoungGen: 25036K->33910K(211456K)] 68744K->77625K(718848K), 0.0046775 secs] [Times: user=0.06 sys=0.00, real=0.00 secs] 
2016-09-24T02:14:17.372-0400: 8.119: [GC (GCLocker Initiated GC) [PSYoungGen: 211062K->37739K(212992K)] 254781K->84763K(720384K), 0.0105649 secs] [Times: user=0.15 sys=0.01, real=0.02 secs] 
2016-09-24T02:14:17.527-0400: 8.274: [GC (GCLocker Initiated GC) [PSYoungGen: 206699K->33328K(215552K)] 260706K->87928K(722944K), 0.0124599 secs] [Times: user=0.19 sys=0.01, real=0.01 secs] 
2016-09-24T02:14:17.698-0400: 8.445: [GC (GCLocker Initiated GC) [PSYoungGen: 202288K->38861K(211456K)] 262350K->99201K(718848K), 0.0051071 secs] [Times: user=0.05 sys=0.00, real=0.01 secs] 
2016-09-24T02:14:17.856-0400: 8.603: [GC (GCLocker Initiated GC) [PSYoungGen: 203725K->17092K(213504K)] 269257K->96755K(720896K), 0.0053659 secs] [Times: user=0.04 sys=0.00, real=0.00 secs] 
2016-09-24T02:14:17.998-0400: 8.745: [GC (Allocation Failure) [PSYoungGen: 181956K->40090K(208384K)] 264363K->123085K(715776K), 0.0097415 secs] [Times: user=0.10 sys=0.00, real=0.01 secs] 
2016-09-24T02:14:18.008-0400: 8.755: [GC (GCLocker Initiated GC) [PSYoungGen: 40106K->160K(160256K)] 123101K->140685K(667648K), 0.0069929 secs] [Times: user=0.07 sys=0.04, real=0.01 secs] 
2016-09-24T02:14:18.152-0400: 8.899: [GC (GCLocker Initiated GC) [PSYoungGen: 159223K->43173K(201728K)] 302449K->186407K(709120K), 0.0050925 secs] [Times: user=0.07 sys=0.00, real=0.01 secs] 
2016-09-24T02:14:18.277-0400: 9.024: [GC (GCLocker Initiated GC) [PSYoungGen: 190629K->38899K(186368K)] 336158K->185223K(693760K), 0.0107071 secs] [Times: user=0.09 sys=0.01, real=0.01 secs] 
2016-09-24T02:14:18.403-0400: 9.150: [GC (Allocation Failure) [PSYoungGen: 186355K->42903K(199680K)] 335430K->208758K(707072K), 0.0070371 secs] [Times: user=0.07 sys=0.02, real=0.00 secs] 
2016-09-24T02:14:18.411-0400: 9.158: [GC (GCLocker Initiated GC) [PSYoungGen: 43555K->0K(141824K)] 209409K->207016K(649216K), 0.0096701 secs] [Times: user=0.09 sys=0.01, real=0.01 secs] 
2016-09-24T02:14:18.533-0400: 9.281: [GC (GCLocker Initiated GC) [PSYoungGen: 141236K->37664K(198656K)] 350953K->247388K(706048K), 0.0122068 secs] [Times: user=0.16 sys=0.00, real=0.02 secs] 
2016-09-24T02:14:18.665-0400: 9.412: [GC (GCLocker Initiated GC) [PSYoungGen: 173856K->31975K(168448K)] 386392K->245158K(675840K), 0.0057195 secs] [Times: user=0.02 sys=0.01, real=0.00 secs] 
2016-09-24T02:14:18.786-0400: 9.533: [GC (GCLocker Initiated GC) [PSYoungGen: 168167K->45622K(194048K)] 384075K->262054K(701440K), 0.0047804 secs] [Times: user=0.04 sys=0.01, real=0.00 secs] 
2016-09-24T02:14:18.940-0400: 9.687: [GC (GCLocker Initiated GC) [PSYoungGen: 179254K->30689K(197120K)] 401119K->263850K(704512K), 0.0075356 secs] [Times: user=0.05 sys=0.00, real=0.01 secs] 
2016-09-24T02:14:19.052-0400: 9.799: [GC (GCLocker Initiated GC) [PSYoungGen: 164321K->33343K(194560K)] 397686K->294330K(701952K), 0.0065231 secs] [Times: user=0.05 sys=0.04, real=0.01 secs] 
2016-09-24T02:14:19.167-0400: 9.914: [GC (GCLocker Initiated GC) [PSYoungGen: 171583K->45603K(196608K)] 432648K->320687K(704000K), 0.0054644 secs] [Times: user=0.07 sys=0.00, real=0.00 secs] 
2016-09-24T02:14:19.296-0400: 10.043: [GC (GCLocker Initiated GC) [PSYoungGen: 183843K->29339K(201728K)] 464374K->310428K(709120K), 0.0046625 secs] [Times: user=0.06 sys=0.00, real=0.00 secs] 
2016-09-24T02:14:19.415-0400: 10.162: [GC (GCLocker Initiated GC) [PSYoungGen: 171675K->15615K(201216K)] 458271K->316220K(708608K), 0.0130760 secs] [Times: user=0.13 sys=0.00, real=0.01 secs] 
2016-09-24T02:14:19.543-0400: 10.290: [GC (GCLocker Initiated GC) [PSYoungGen: 157951K->11613K(202240K)] 468111K->322242K(709632K), 0.0054336 secs] [Times: user=0.03 sys=0.00, real=0.00 secs] 
2016-09-24T02:14:19.675-0400: 10.422: [GC (GCLocker Initiated GC) [PSYoungGen: 154973K->38821K(182272K)] 468339K->371653K(689664K), 0.0225957 secs] [Times: user=0.33 sys=0.01, real=0.02 secs] 
2016-09-24T02:14:19.805-0400: 10.552: [GC (GCLocker Initiated GC) [PSYoungGen: 182181K->25289K(204288K)] 520646K->394011K(711680K), 0.0058842 secs] [Times: user=0.07 sys=0.01, real=0.00 secs] 
2016-09-24T02:14:19.947-0400: 10.694: [GC (GCLocker Initiated GC) [PSYoungGen: 169673K->42807K(202240K)] 538410K->412101K(709632K), 0.0245439 secs] [Times: user=0.30 sys=0.00, real=0.02 secs] 
2016-09-24T02:14:20.119-0400: 10.866: [GC (GCLocker Initiated GC) [PSYoungGen: 187191K->25224K(202240K)] 556533K->395083K(709632K), 0.0169795 secs] [Times: user=0.21 sys=0.00, real=0.02 secs] 
2016-09-24T02:14:20.247-0400: 10.994: [GC (GCLocker Initiated GC) [PSYoungGen: 169608K->41507K(202240K)] 542367K->414798K(709632K), 0.0097826 secs] [Times: user=0.12 sys=0.01, real=0.01 secs] 
2016-09-24T02:14:20.376-0400: 11.123: [GC (GCLocker Initiated GC) [PSYoungGen: 185891K->30784K(200704K)] 567516K->431828K(708096K), 0.0063233 secs] [Times: user=0.04 sys=0.03, real=0.01 secs] 
2016-09-24T02:14:20.495-0400: 11.242: [GC (GCLocker Initiated GC) [PSYoungGen: 175680K->45475K(201728K)] 576773K->447091K(709120K), 0.0066813 secs] [Times: user=0.06 sys=0.00, real=0.00 secs] 
2016-09-24T02:14:20.623-0400: 11.370: [GC (GCLocker Initiated GC) [PSYoungGen: 190371K->26588K(203776K)] 597420K->444954K(711168K), 0.0144663 secs] [Times: user=0.15 sys=0.01, real=0.01 secs] 
2016-09-24T02:14:20.747-0400: 11.494: [GC (GCLocker Initiated GC) [PSYoungGen: 171484K->34866K(180224K)] 592727K->472880K(687616K), 0.0110822 secs] [Times: user=0.12 sys=0.01, real=0.01 secs] 
2016-09-24T02:14:20.873-0400: 11.620: [GC (GCLocker Initiated GC) [PSYoungGen: 179762K->53735K(194560K)] 617808K->511262K(701952K), 0.0075591 secs] [Times: user=0.06 sys=0.03, real=0.01 secs] 
2016-09-24T02:14:21.015-0400: 11.762: [GC (GCLocker Initiated GC) [PSYoungGen: 191975K->22569K(200192K)] 661688K->506283K(707584K), 0.0064716 secs] [Times: user=0.07 sys=0.00, real=0.00 secs] 
2016-09-24T02:14:21.022-0400: 11.769: [Full GC (Ergonomics) [PSYoungGen: 22569K->0K(200192K)] [ParOldGen: 483713K->44647K(524288K)] 506283K->44647K(724480K), [Metaspace: 43029K->43025K(1085440K)], 0.1786118 secs] [Times: user=2.25 sys=0.04, real=0.18 secs] 
2016-09-24T02:14:21.317-0400: 12.064: [GC (GCLocker Initiated GC) [PSYoungGen: 138240K->32121K(194560K)] 188459K->82340K(718848K), 0.0044191 secs] [Times: user=0.05 sys=0.00, real=0.00 secs] 
2016-09-24T02:14:21.450-0400: 12.197: [GC (GCLocker Initiated GC) [PSYoungGen: 170873K->40170K(197632K)] 221189K->91060K(721920K), 0.0047418 secs] [Times: user=0.06 sys=0.00, real=0.01 secs] 
2016-09-24T02:14:21.566-0400: 12.313: [GC (GCLocker Initiated GC) [PSYoungGen: 178922K->37329K(200192K)] 232727K->91610K(724480K), 0.0173158 secs] [Times: user=0.19 sys=0.02, real=0.02 secs] 
2016-09-24T02:14:21.707-0400: 12.454: [GC (GCLocker Initiated GC) [PSYoungGen: 181713K->50970K(195584K)] 236008K->105813K(719872K), 0.0045020 secs] [Times: user=0.05 sys=0.01, real=0.00 secs] 
2016-09-24T02:14:21.835-0400: 12.582: [GC (GCLocker Initiated GC) [PSYoungGen: 195354K->19934K(200704K)] 256958K->95569K(724992K), 0.0051609 secs] [Times: user=0.04 sys=0.01, real=0.00 secs] 
2016-09-24T02:14:21.992-0400: 12.739: [GC (GCLocker Initiated GC) [PSYoungGen: 159198K->55039K(194560K)] 234866K->131293K(718848K), 0.0197909 secs] [Times: user=0.30 sys=0.04, real=0.02 secs] 
2016-09-24T02:14:22.144-0400: 12.891: [GC (GCLocker Initiated GC) [PSYoungGen: 194303K->30830K(197632K)] 273296K->137359K(721920K), 0.0224159 secs] [Times: user=0.33 sys=0.04, real=0.02 secs] 
2016-09-24T02:14:22.280-0400: 13.027: [GC (GCLocker Initiated GC) [PSYoungGen: 161902K->34725K(165888K)] 271268K->144677K(690176K), 0.0042426 secs] [Times: user=0.05 sys=0.00, real=0.01 secs] 
2016-09-24T02:14:22.395-0400: 13.142: [GC (GCLocker Initiated GC) [PSYoungGen: 165797K->37393K(195072K)] 278533K->156000K(719360K), 0.0224356 secs] [Times: user=0.28 sys=0.03, real=0.02 secs] 
2016-09-24T02:14:22.542-0400: 13.289: [GC (GCLocker Initiated GC) [PSYoungGen: 170513K->36024K(193024K)] 293761K->159751K(717312K), 0.0104801 secs] [Times: user=0.12 sys=0.01, real=0.01 secs] 
2016-09-24T02:14:22.661-0400: 13.408: [GC (GCLocker Initiated GC) [PSYoungGen: 169144K->41443K(197632K)] 292982K->171221K(721920K), 0.0092699 secs] [Times: user=0.11 sys=0.02, real=0.01 secs] 
2016-09-24T02:14:22.875-0400: 13.622: [GC (GCLocker Initiated GC) [PSYoungGen: 181731K->25111K(197632K)] 318997K->162800K(721920K), 0.0300074 secs] [Times: user=0.29 sys=0.02, real=0.03 secs] 
2016-09-24T02:14:23.032-0400: 13.779: [GC (GCLocker Initiated GC) [PSYoungGen: 165399K->22557K(204800K)] 312756K->186653K(729088K), 0.0059793 secs] [Times: user=0.05 sys=0.01, real=0.01 secs] 
2016-09-24T02:14:23.159-0400: 13.906: [GC (GCLocker Initiated GC) [PSYoungGen: 170013K->52325K(200192K)] 334302K->217139K(724480K), 0.0098809 secs] [Times: user=0.12 sys=0.01, real=0.01 secs] 
2016-09-24T02:14:23.292-0400: 14.040: [GC (GCLocker Initiated GC) [PSYoungGen: 199781K->22394K(200704K)] 368647K->191759K(724992K), 0.0035921 secs] [Times: user=0.03 sys=0.00, real=0.01 secs] 
2016-09-24T02:14:23.417-0400: 14.164: [GC (GCLocker Initiated GC) [PSYoungGen: 161146K->22229K(161280K)] 345587K->207037K(685568K), 0.0137326 secs] [Times: user=0.18 sys=0.02, real=0.01 secs] 
2016-09-24T02:14:23.540-0400: 14.287: [GC (GCLocker Initiated GC) [PSYoungGen: 160981K->39874K(200192K)] 348674K->227825K(724480K), 0.0054691 secs] [Times: user=0.05 sys=0.00, real=0.01 secs] 
2016-09-24T02:14:23.656-0400: 14.403: [GC (GCLocker Initiated GC) [PSYoungGen: 179138K->53310K(193024K)] 367102K->241532K(717312K), 0.0101286 secs] [Times: user=0.10 sys=0.01, real=0.01 secs] 
2016-09-24T02:14:23.773-0400: 14.520: [GC (GCLocker Initiated GC) [PSYoungGen: 192574K->37157K(199168K)] 383523K->244582K(723456K), 0.0143243 secs] [Times: user=0.18 sys=0.02, real=0.02 secs] 
2016-09-24T02:14:23.906-0400: 14.653: [GC (GCLocker Initiated GC) [PSYoungGen: 171301K->35650K(169984K)] 384150K->248800K(694272K), 0.0073431 secs] [Times: user=0.07 sys=0.01, real=0.00 secs] 
2016-09-24T02:14:24.029-0400: 14.776: [GC (GCLocker Initiated GC) [PSYoungGen: 169794K->42431K(194048K)] 383122K->256005K(718336K), 0.0220306 secs] [Times: user=0.21 sys=0.02, real=0.02 secs] 
2016-09-24T02:14:24.158-0400: 14.905: [GC (GCLocker Initiated GC) [PSYoungGen: 176575K->26185K(194048K)] 393002K->242855K(718336K), 0.0349753 secs] [Times: user=0.33 sys=0.03, real=0.03 secs] 
2016-09-24T02:14:24.299-0400: 15.046: [GC (GCLocker Initiated GC) [PSYoungGen: 160329K->27471K(200704K)] 377214K->244576K(724992K), 0.0063197 secs] [Times: user=0.04 sys=0.01, real=0.01 secs] 
2016-09-24T02:14:24.442-0400: 15.189: [GC (GCLocker Initiated GC) [PSYoungGen: 170319K->24820K(201216K)] 395724K->250462K(725504K), 0.0240141 secs] [Times: user=0.25 sys=0.05, real=0.03 secs] 
2016-09-24T02:14:24.586-0400: 15.333: [GC (GCLocker Initiated GC) [PSYoungGen: 167668K->30427K(200704K)] 400182K->263201K(724992K), 0.2318921 secs] [Times: user=1.29 sys=0.22, real=0.23 secs] 
2016-09-24T02:14:24.947-0400: 15.694: [GC (GCLocker Initiated GC) [PSYoungGen: 176347K->39827K(202240K)] 413969K->285842K(726528K), 0.0110892 secs] [Times: user=0.14 sys=0.02, real=0.01 secs] 
2016-09-24T02:14:25.077-0400: 15.824: [GC (GCLocker Initiated GC) [PSYoungGen: 185747K->39892K(205824K)] 431932K->299886K(730112K), 0.0080753 secs] [Times: user=0.08 sys=0.01, real=0.01 secs] 
2016-09-24T02:14:25.203-0400: 15.950: [GC (GCLocker Initiated GC) [PSYoungGen: 189396K->39988K(189952K)] 452136K->303004K(714240K), 0.0090938 secs] [Times: user=0.11 sys=0.00, real=0.00 secs] 
2016-09-24T02:14:25.345-0400: 16.092: [GC (GCLocker Initiated GC) [PSYoungGen: 189492K->48241K(200192K)] 452521K->311674K(724480K), 0.0082312 secs] [Times: user=0.08 sys=0.01, real=0.00 secs] 
2016-09-24T02:14:25.507-0400: 16.254: [GC (GCLocker Initiated GC) [PSYoungGen: 192625K->41450K(203264K)] 456205K->316298K(727552K), 0.0193758 secs] [Times: user=0.25 sys=0.02, real=0.02 secs] 
2016-09-24T02:14:25.686-0400: 16.433: [GC (GCLocker Initiated GC) [PSYoungGen: 185834K->24028K(202752K)] 466084K->304833K(727040K), 0.0337419 secs] [Times: user=0.33 sys=0.03, real=0.03 secs] 
2016-09-24T02:14:25.876-0400: 16.623: [GC (GCLocker Initiated GC) [PSYoungGen: 168924K->51112K(196096K)] 455167K->338017K(720384K), 0.0085357 secs] [Times: user=0.11 sys=0.00, real=0.01 secs] 
2016-09-24T02:14:26.043-0400: 16.790: [GC (GCLocker Initiated GC) [PSYoungGen: 196008K->43073K(200704K)] 489692K->372531K(724992K), 0.0197424 secs] [Times: user=0.22 sys=0.02, real=0.02 secs] 
2016-09-24T02:14:26.254-0400: 17.001: [GC (GCLocker Initiated GC) [PSYoungGen: 181825K->21361K(200192K)] 516731K->378570K(724480K), 0.0199684 secs] [Times: user=0.16 sys=0.00, real=0.02 secs] 
2016-09-24T02:14:26.418-0400: 17.166: [GC (GCLocker Initiated GC) [PSYoungGen: 160113K->38755K(198144K)] 520212K->404853K(722432K), 0.0127376 secs] [Times: user=0.07 sys=0.00, real=0.01 secs] 
2016-09-24T02:14:26.569-0400: 17.316: [GC (GCLocker Initiated GC) [PSYoungGen: 177507K->24017K(199168K)] 543737K->390882K(723456K), 0.0113529 secs] [Times: user=0.14 sys=0.00, real=0.01 secs] 
2016-09-24T02:14:26.695-0400: 17.442: [GC (GCLocker Initiated GC) [PSYoungGen: 162769K->52400K(194560K)] 529782K->422692K(718848K), 0.0071833 secs] [Times: user=0.07 sys=0.01, real=0.01 secs] 
2016-09-24T02:14:26.833-0400: 17.580: [GC (GCLocker Initiated GC) [PSYoungGen: 186544K->30522K(198144K)] 562440K->417814K(722432K), 0.0208812 secs] [Times: user=0.24 sys=0.01, real=0.02 secs] 
2016-09-24T02:14:27.026-0400: 17.773: [GC (Allocation Failure) [PSYoungGen: 164666K->25435K(195584K)] 558714K->433645K(719872K), 0.0093422 secs] [Times: user=0.14 sys=0.00, real=0.01 secs] 
2016-09-24T02:14:27.172-0400: 17.919: [GC (GCLocker Initiated GC) [PSYoungGen: 161115K->32051K(197632K)] 569328K->440936K(721920K), 0.0143288 secs] [Times: user=0.21 sys=0.00, real=0.02 secs] 
2016-09-24T02:14:27.395-0400: 18.142: [GC (GCLocker Initiated GC) [PSYoungGen: 167731K->1403K(196096K)] 597077K->431383K(720384K), 0.0174189 secs] [Times: user=0.14 sys=0.01, real=0.01 secs] 
2016-09-24T02:14:27.721-0400: 18.468: [GC (GCLocker Initiated GC) [PSYoungGen: 137595K->30713K(199168K)] 567578K->461530K(723456K), 0.0056445 secs] [Times: user=0.05 sys=0.02, real=0.01 secs] 
2016-09-24T02:14:27.894-0400: 18.641: [GC (GCLocker Initiated GC) [PSYoungGen: 166905K->24198K(196096K)] 609941K->467799K(720384K), 0.0280877 secs] [Times: user=0.31 sys=0.02, real=0.04 secs] 
2016-09-24T02:14:28.079-0400: 18.826: [GC (GCLocker Initiated GC) [PSYoungGen: 163462K->29569K(197632K)] 615293K->482276K(721920K), 0.0084950 secs] [Times: user=0.11 sys=0.00, real=0.01 secs] 
2016-09-24T02:14:28.273-0400: 19.020: [GC (GCLocker Initiated GC) [PSYoungGen: 168833K->26790K(200704K)] 629665K->488426K(724992K), 0.0137869 secs] [Times: user=0.19 sys=0.02, real=0.02 secs] 
2016-09-24T02:14:28.451-0400: 19.198: [GC (GCLocker Initiated GC) [PSYoungGen: 174758K->24402K(201728K)] 648774K->518177K(726016K), 0.0082839 secs] [Times: user=0.08 sys=0.04, real=0.01 secs] 
2016-09-24T02:14:28.621-0400: 19.368: [GC (GCLocker Initiated GC) [PSYoungGen: 172370K->41793K(205312K)] 666327K->536699K(729600K), 0.0096594 secs] [Times: user=0.11 sys=0.03, real=0.01 secs] 
2016-09-24T02:14:28.792-0400: 19.539: [Full GC (Ergonomics) [PSYoungGen: 194369K->0K(205312K)] [ParOldGen: 500308K->63561K(524288K)] 694678K->63561K(729600K), [Metaspace: 43151K->43151K(1085440K)], 0.0899684 secs] [Times: user=0.58 sys=0.14, real=0.09 secs] 
2016-09-24T02:14:29.038-0400: 19.785: [GC (GCLocker Initiated GC) [PSYoungGen: 152576K->42392K(195072K)] 226701K->116517K(719360K), 0.1016929 secs] [Times: user=1.29 sys=0.09, real=0.10 secs] 
2016-09-24T02:14:29.311-0400: 20.058: [GC (GCLocker Initiated GC) [PSYoungGen: 194968K->26935K(206848K)] 274545K->129467K(731136K), 0.0088927 secs] [Times: user=0.09 sys=0.00, real=0.01 secs] 
2016-09-24T02:14:29.484-0400: 20.231: [GC (GCLocker Initiated GC) [PSYoungGen: 176951K->39031K(205312K)] 281981K->144841K(729600K), 0.0065165 secs] [Times: user=0.05 sys=0.01, real=0.00 secs] 
2016-09-24T02:14:29.645-0400: 20.392: [GC (GCLocker Initiated GC) [PSYoungGen: 189047K->41507K(204288K)] 295054K->148289K(728576K), 0.0211029 secs] [Times: user=0.15 sys=0.03, real=0.02 secs] 
2016-09-24T02:14:29.830-0400: 20.577: [GC (GCLocker Initiated GC) [PSYoungGen: 189987K->23729K(205312K)] 296802K->131078K(729600K), 0.0223238 secs] [Times: user=0.13 sys=0.02, real=0.02 secs] 
2016-09-24T02:14:30.076-0400: 20.823: [GC (GCLocker Initiated GC) [PSYoungGen: 172209K->38827K(204800K)] 279609K->160291K(729088K), 0.0105941 secs] [Times: user=0.11 sys=0.02, real=0.01 secs] 
2016-09-24T02:14:30.249-0400: 20.996: [GC (GCLocker Initiated GC) [PSYoungGen: 187819K->26918K(176128K)] 316266K->174916K(700416K), 0.0092664 secs] [Times: user=0.12 sys=0.01, real=0.01 secs] 
2016-09-24T02:14:30.398-0400: 21.146: [GC (GCLocker Initiated GC) [PSYoungGen: 175910K->49777K(199168K)] 324009K->198517K(723456K), 0.0052878 secs] [Times: user=0.08 sys=0.00, real=0.01 secs] 
2016-09-24T02:14:30.542-0400: 21.289: [GC (GCLocker Initiated GC) [PSYoungGen: 194161K->23724K(203264K)] 342907K->172997K(727552K), 0.0135027 secs] [Times: user=0.09 sys=0.02, real=0.02 secs] 
2016-09-24T02:14:30.683-0400: 21.430: [GC (GCLocker Initiated GC) [PSYoungGen: 168108K->53647K(193536K)] 317424K->206222K(717824K), 0.0065923 secs] [Times: user=0.08 sys=0.01, real=0.00 secs] 
2016-09-24T02:14:30.843-0400: 21.590: [GC (GCLocker Initiated GC) [PSYoungGen: 188815K->16005K(151552K)] 354916K->196204K(675840K), 0.0173757 secs] [Times: user=0.27 sys=0.01, real=0.01 secs] 
2016-09-24T02:14:30.991-0400: 21.739: [GC (Allocation Failure) [PSYoungGen: 151173K->34907K(200704K)] 339537K->223856K(724992K), 0.0096032 secs] [Times: user=0.12 sys=0.01, real=0.01 secs] 
2016-09-24T02:14:31.002-0400: 21.749: [GC (GCLocker Initiated GC) [PSYoungGen: 35499K->0K(137216K)] 224449K->223485K(661504K), 0.0038625 secs] [Times: user=0.04 sys=0.00, real=0.01 secs] 
2016-09-24T02:14:31.131-0400: 21.878: [GC (GCLocker Initiated GC) [PSYoungGen: 136704K->46978K(192512K)] 360193K->270468K(716800K), 0.0052036 secs] [Times: user=0.06 sys=0.01, real=0.01 secs] 
2016-09-24T02:14:31.267-0400: 22.014: [GC (GCLocker Initiated GC) [PSYoungGen: 174978K->32062K(160256K)] 409386K->268402K(684544K), 0.0100750 secs] [Times: user=0.11 sys=0.01, real=0.01 secs] 
2016-09-24T02:14:31.418-0400: 22.165: [GC (GCLocker Initiated GC) [PSYoungGen: 160062K->26415K(197120K)] 404536K->271444K(721408K), 0.0137022 secs] [Times: user=0.16 sys=0.02, real=0.01 secs] 
2016-09-24T02:14:31.576-0400: 22.323: [GC (GCLocker Initiated GC) [PSYoungGen: 159535K->40212K(194560K)] 407474K->288740K(718848K), 0.0150243 secs] [Times: user=0.18 sys=0.03, real=0.01 secs] 
2016-09-24T02:14:31.732-0400: 22.479: [GC (GCLocker Initiated GC) [PSYoungGen: 173332K->60501K(184832K)] 421893K->309579K(709120K), 0.0109835 secs] [Times: user=0.11 sys=0.02, real=0.02 secs] 
2016-09-24T02:14:31.891-0400: 22.638: [GC (GCLocker Initiated GC) [PSYoungGen: 183381K->21074K(192512K)] 439240K->288282K(716800K), 0.0235317 secs] [Times: user=0.31 sys=0.03, real=0.03 secs] 
2016-09-24T02:14:32.108-0400: 22.855: [GC (GCLocker Initiated GC) [PSYoungGen: 143954K->20957K(188416K)] 416622K->294098K(712704K), 0.0074216 secs] [Times: user=0.04 sys=0.00, real=0.01 secs] 
2016-09-24T02:14:32.272-0400: 23.019: [GC (GCLocker Initiated GC) [PSYoungGen: 144861K->30974K(190976K)] 422229K->308793K(715264K), 0.0201788 secs] [Times: user=0.19 sys=0.00, real=0.02 secs] 
2016-09-24T02:14:32.413-0400: 23.160: [GC (GCLocker Initiated GC) [PSYoungGen: 154878K->24225K(191488K)] 432726K->313677K(715776K), 0.0225504 secs] [Times: user=0.23 sys=0.01, real=0.03 secs] 
2016-09-24T02:14:32.556-0400: 23.303: [GC (GCLocker Initiated GC) [PSYoungGen: 155297K->17743K(193024K)] 449682K->337495K(717312K), 0.0119476 secs] [Times: user=0.16 sys=0.00, real=0.01 secs] 
2016-09-24T02:14:32.715-0400: 23.463: [GC (GCLocker Initiated GC) [PSYoungGen: 148815K->13761K(198656K)] 476802K->342891K(722944K), 0.0199817 secs] [Times: user=0.19 sys=0.00, real=0.02 secs] 
2016-09-24T02:14:32.862-0400: 23.609: [GC (GCLocker Initiated GC) [PSYoungGen: 152513K->39496K(199680K)] 484361K->372603K(723968K), 0.0079932 secs] [Times: user=0.09 sys=0.01, real=0.00 secs] 
2016-09-24T02:14:32.990-0400: 23.737: [GC (GCLocker Initiated GC) [PSYoungGen: 178248K->38249K(200192K)] 514154K->388895K(724480K), 0.0059754 secs] [Times: user=0.06 sys=0.00, real=0.01 secs] 
2016-09-24T02:14:33.126-0400: 23.873: [GC (GCLocker Initiated GC) [PSYoungGen: 176489K->36857K(175104K)] 530166K->391821K(699392K), 0.0134388 secs] [Times: user=0.18 sys=0.00, real=0.01 secs] 
2016-09-24T02:14:33.274-0400: 24.021: [GC (GCLocker Initiated GC) [PSYoungGen: 175097K->27358K(201216K)] 535466K->388932K(725504K), 0.0059775 secs] [Times: user=0.07 sys=0.00, real=0.01 secs] 
2016-09-24T02:14:33.425-0400: 24.172: [GC (GCLocker Initiated GC) [PSYoungGen: 167646K->19274K(199168K)] 532881K->385785K(723456K), 0.0050550 secs] [Times: user=0.05 sys=0.00, real=0.00 secs] 
2016-09-24T02:14:33.551-0400: 24.298: [GC (GCLocker Initiated GC) [PSYoungGen: 159562K->46045K(196608K)] 526102K->413774K(720896K), 0.0098783 secs] [Times: user=0.13 sys=0.00, real=0.01 secs] 
2016-09-24T02:14:33.672-0400: 24.419: [GC (GCLocker Initiated GC) [PSYoungGen: 184797K->40796K(200192K)] 555315K->431286K(724480K), 0.0068581 secs] [Times: user=0.08 sys=0.01, real=0.01 secs] 
2016-09-24T02:14:33.809-0400: 24.556: [GC (GCLocker Initiated GC) [PSYoungGen: 179548K->50170K(193024K)] 570048K->441781K(717312K), 0.0059129 secs] [Times: user=0.07 sys=0.00, real=0.01 secs] 
2016-09-24T02:14:33.949-0400: 24.696: [GC (GCLocker Initiated GC) [PSYoungGen: 181242K->50179K(181760K)] 572931K->445706K(706048K), 0.0120324 secs] [Times: user=0.16 sys=0.01, real=0.01 secs] 
2016-09-24T02:14:34.079-0400: 24.826: [GC (GCLocker Initiated GC) [PSYoungGen: 181251K->40634K(195072K)] 576799K->437225K(719360K), 0.0089087 secs] [Times: user=0.11 sys=0.00, real=0.01 secs] 
2016-09-24T02:14:34.198-0400: 24.945: [GC (GCLocker Initiated GC) [PSYoungGen: 167098K->29763K(156672K)] 569111K->457232K(680960K), 0.0100032 secs] [Times: user=0.14 sys=0.00, real=0.01 secs] 
2016-09-24T02:14:34.321-0400: 25.068: [GC (GCLocker Initiated GC) [PSYoungGen: 156227K->31222K(193536K)] 590454K->466382K(717824K), 0.0103048 secs] [Times: user=0.16 sys=0.00, real=0.01 secs] 
2016-09-24T02:14:34.448-0400: 25.195: [GC (GCLocker Initiated GC) [PSYoungGen: 159734K->43390K(191488K)] 595132K->479814K(715776K), 0.0053258 secs] [Times: user=0.06 sys=0.00, real=0.00 secs] 
2016-09-24T02:14:34.567-0400: 25.314: [GC (GCLocker Initiated GC) [PSYoungGen: 171902K->33953K(197120K)] 615314K->478425K(721408K), 0.0051016 secs] [Times: user=0.06 sys=0.01, real=0.00 secs] 
2016-09-24T02:14:34.707-0400: 25.455: [GC (GCLocker Initiated GC) [PSYoungGen: 170145K->22976K(197120K)] 621443K->475275K(721408K), 0.0314813 secs] [Times: user=0.35 sys=0.02, real=0.03 secs] 
2016-09-24T02:14:34.880-0400: 25.627: [GC (GCLocker Initiated GC) [PSYoungGen: 159168K->51387K(194560K)] 611577K->504836K(718848K), 0.0096673 secs] [Times: user=0.12 sys=0.01, real=0.01 secs] 
2016-09-24T02:14:35.007-0400: 25.754: [GC (GCLocker Initiated GC) [PSYoungGen: 185531K->40504K(198144K)] 641782K->508584K(722432K), 0.0067336 secs] [Times: user=0.09 sys=0.00, real=0.00 secs] 
2016-09-24T02:14:35.128-0400: 25.875: [GC (GCLocker Initiated GC) [PSYoungGen: 174648K->37677K(193024K)] 650842K->514737K(717312K), 0.0049312 secs] [Times: user=0.05 sys=0.00, real=0.00 secs] 
2016-09-24T02:14:35.251-0400: 25.998: [GC (GCLocker Initiated GC) [PSYoungGen: 172845K->24079K(196096K)] 653968K->508721K(720384K), 0.0205752 secs] [Times: user=0.23 sys=0.02, real=0.02 secs] 
2016-09-24T02:14:35.391-0400: 26.139: [GC (GCLocker Initiated GC) [PSYoungGen: 159247K->21443K(200704K)] 656164K->519258K(724992K), 0.0079985 secs] [Times: user=0.11 sys=0.00, real=0.01 secs] 
2016-09-24T02:14:35.532-0400: 26.279: [GC (GCLocker Initiated GC) [PSYoungGen: 162243K->51242K(192512K)] 665494K->555262K(716800K), 0.0058394 secs] [Times: user=0.08 sys=0.00, real=0.01 secs] 
2016-09-24T02:14:35.664-0400: 26.411: [Full GC (Ergonomics) [PSYoungGen: 192042K->0K(192512K)] [ParOldGen: 506727K->101738K(524288K)] 698769K->101738K(716800K), [Metaspace: 43433K->43433K(1085440K)], 0.0549668 secs] [Times: user=0.29 sys=0.01, real=0.05 secs] 
2016-09-24T02:14:38.258-0400: 29.005: [GC (GCLocker Initiated GC) [PSYoungGen: 140800K->42403K(198144K)] 248012K->149615K(722432K), 0.0065292 secs] [Times: user=0.07 sys=0.00, real=0.01 secs] 
2016-09-24T02:14:38.408-0400: 29.155: [GC (GCLocker Initiated GC) [PSYoungGen: 176547K->39481K(174080K)] 289397K->153745K(698368K), 0.0143567 secs] [Times: user=0.17 sys=0.01, real=0.02 secs] 
2016-09-24T02:14:38.573-0400: 29.320: [GC (Allocation Failure) [PSYoungGen: 173625K->32763K(198656K)] 293297K->153604K(722944K), 0.0060985 secs] [Times: user=0.08 sys=0.00, real=0.01 secs] 
2016-09-24T02:14:38.719-0400: 29.466: [GC (GCLocker Initiated GC) [PSYoungGen: 168246K->25841K(196608K)] 291787K->150544K(720896K), 0.0085486 secs] [Times: user=0.08 sys=0.00, real=0.01 secs] 
2016-09-24T02:14:38.893-0400: 29.640: [GC (GCLocker Initiated GC) [PSYoungGen: 162033K->24536K(199680K)] 293645K->157281K(723968K), 0.0105721 secs] [Times: user=0.12 sys=0.01, real=0.02 secs] 
2016-09-24T02:14:39.047-0400: 29.794: [GC (GCLocker Initiated GC) [PSYoungGen: 164312K->32734K(199168K)] 299767K->180150K(723456K), 0.0129429 secs] [Times: user=0.18 sys=0.00, real=0.01 secs] 
2016-09-24T02:14:39.201-0400: 29.948: [GC (GCLocker Initiated GC) [PSYoungGen: 172510K->23219K(200192K)] 329177K->181107K(724480K), 0.0150667 secs] [Times: user=0.19 sys=0.01, real=0.02 secs] 
2016-09-24T02:14:39.356-0400: 30.103: [GC (GCLocker Initiated GC) [PSYoungGen: 166579K->43513K(199680K)] 327171K->205229K(723968K), 0.0113507 secs] [Times: user=0.14 sys=0.01, real=0.01 secs] 
2016-09-24T02:14:39.518-0400: 30.265: [GC (GCLocker Initiated GC) [PSYoungGen: 186873K->24645K(204800K)] 359551K->198429K(729088K), 0.0098962 secs] [Times: user=0.13 sys=0.01, real=0.01 secs] 
2016-09-24T02:14:39.688-0400: 30.435: [GC (GCLocker Initiated GC) [PSYoungGen: 171077K->57096K(203776K)] 344895K->234837K(728064K), 0.0080599 secs] [Times: user=0.09 sys=0.01, real=0.01 secs] 
2016-09-24T02:14:39.854-0400: 30.601: [GC (GCLocker Initiated GC) [PSYoungGen: 203528K->31253K(196608K)] 381342K->218401K(720896K), 0.0101447 secs] [Times: user=0.11 sys=0.00, real=0.02 secs] 
2016-09-24T02:14:40.010-0400: 30.757: [GC (GCLocker Initiated GC) [PSYoungGen: 169493K->43443K(200192K)] 362073K->237216K(724480K), 0.0095894 secs] [Times: user=0.11 sys=0.00, real=0.01 secs] 
2016-09-24T02:14:40.180-0400: 30.927: [GC (Allocation Failure) [PSYoungGen: 181683K->28809K(198144K)] 389100K->250871K(722432K), 0.0126865 secs] [Times: user=0.16 sys=0.00, real=0.01 secs] 
2016-09-24T02:14:40.340-0400: 31.087: [GC (GCLocker Initiated GC) [PSYoungGen: 167049K->48840K(187392K)] 389112K->272143K(711680K), 0.0076901 secs] [Times: user=0.10 sys=0.00, real=0.01 secs] 
2016-09-24T02:14:40.494-0400: 31.241: [GC (GCLocker Initiated GC) [PSYoungGen: 187080K->40800K(199680K)] 414630K->269428K(723968K), 0.0059945 secs] [Times: user=0.08 sys=0.00, real=0.01 secs] 
2016-09-24T02:14:40.643-0400: 31.390: [GC (GCLocker Initiated GC) [PSYoungGen: 176992K->25551K(161792K)] 412399K->262080K(686080K), 0.0059059 secs] [Times: user=0.04 sys=0.00, real=0.00 secs] 
2016-09-24T02:14:40.787-0400: 31.534: [GC (GCLocker Initiated GC) [PSYoungGen: 161743K->36410K(199680K)] 398280K->284727K(723968K), 0.0091787 secs] [Times: user=0.10 sys=0.00, real=0.01 secs] 
2016-09-24T02:14:40.925-0400: 31.672: [GC (GCLocker Initiated GC) [PSYoungGen: 174650K->34853K(197632K)] 428402K->289452K(721920K), 0.0108481 secs] [Times: user=0.12 sys=0.00, real=0.01 secs] 
2016-09-24T02:14:41.068-0400: 31.815: [GC (GCLocker Initiated GC) [PSYoungGen: 173093K->29615K(199680K)] 430454K->301339K(723968K), 0.0056246 secs] [Times: user=0.04 sys=0.00, real=0.00 secs] 
2016-09-24T02:14:41.219-0400: 31.966: [GC (GCLocker Initiated GC) [PSYoungGen: 171951K->40560K(198656K)] 443782K->313208K(722944K), 0.0092005 secs] [Times: user=0.11 sys=0.00, real=0.01 secs] 
2016-09-24T02:14:41.363-0400: 32.110: [GC (GCLocker Initiated GC) [PSYoungGen: 182896K->25800K(204288K)] 458256K->302075K(728576K), 0.0131915 secs] [Times: user=0.13 sys=0.00, real=0.01 secs] 
2016-09-24T02:14:41.504-0400: 32.251: [GC (GCLocker Initiated GC) [PSYoungGen: 174280K->36787K(204288K)] 456022K->319806K(728576K), 0.0050732 secs] [Times: user=0.05 sys=0.00, real=0.00 secs] 
2016-09-24T02:14:41.661-0400: 32.408: [GC (GCLocker Initiated GC) [PSYoungGen: 185267K->50148K(199680K)] 468326K->334309K(723968K), 0.0074802 secs] [Times: user=0.10 sys=0.00, real=0.01 secs] 
2016-09-24T02:14:41.816-0400: 32.563: [GC (GCLocker Initiated GC) [PSYoungGen: 195556K->21062K(203776K)] 487848K->338826K(728064K), 0.0078453 secs] [Times: user=0.10 sys=0.00, real=0.01 secs] 
2016-09-24T02:14:41.978-0400: 32.725: [GC (GCLocker Initiated GC) [PSYoungGen: 166470K->34426K(199680K)] 489843K->359370K(723968K), 0.0107185 secs] [Times: user=0.14 sys=0.01, real=0.01 secs] 
2016-09-24T02:14:42.123-0400: 32.870: [GC (GCLocker Initiated GC) [PSYoungGen: 179834K->35796K(201728K)] 504817K->362293K(726016K), 0.0047173 secs] [Times: user=0.04 sys=0.00, real=0.00 secs] 
2016-09-24T02:14:42.269-0400: 33.016: [GC (GCLocker Initiated GC) [PSYoungGen: 181204K->41269K(205312K)] 507932K->369523K(729600K), 0.0182238 secs] [Times: user=0.21 sys=0.00, real=0.02 secs] 
2016-09-24T02:14:42.459-0400: 33.206: [GC (GCLocker Initiated GC) [PSYoungGen: 192309K->35868K(205824K)] 526152K->371334K(730112K), 0.0259249 secs] [Times: user=0.33 sys=0.00, real=0.03 secs] 
2016-09-24T02:14:42.659-0400: 33.406: [GC (GCLocker Initiated GC) [PSYoungGen: 186908K->26382K(206336K)] 525300K->366500K(730624K), 0.0095022 secs] [Times: user=0.06 sys=0.01, real=0.01 secs] 
2016-09-24T02:14:42.844-0400: 33.591: [GC (GCLocker Initiated GC) [PSYoungGen: 179470K->32229K(206336K)] 526564K->381214K(730624K), 0.0196084 secs] [Times: user=0.25 sys=0.01, real=0.02 secs] 
2016-09-24T02:14:43.012-0400: 33.759: [GC (GCLocker Initiated GC) [PSYoungGen: 185317K->45476K(205312K)] 537207K->399368K(729600K), 0.0098111 secs] [Times: user=0.10 sys=0.00, real=0.01 secs] 
2016-09-24T02:14:43.171-0400: 33.918: [GC (GCLocker Initiated GC) [PSYoungGen: 199076K->39915K(207360K)] 552997K->395688K(731648K), 0.0217890 secs] [Times: user=0.24 sys=0.00, real=0.02 secs] 
2016-09-24T02:14:43.359-0400: 34.106: [GC (GCLocker Initiated GC) [PSYoungGen: 193515K->32767K(206336K)] 554690K->395737K(730624K), 0.0081464 secs] [Times: user=0.07 sys=0.01, real=0.01 secs] 
2016-09-24T02:14:43.524-0400: 34.271: [GC (GCLocker Initiated GC) [PSYoungGen: 187391K->34225K(207360K)] 553124K->401356K(731648K), 0.0049152 secs] [Times: user=0.07 sys=0.00, real=0.00 secs] 
2016-09-24T02:14:43.686-0400: 34.433: [GC (GCLocker Initiated GC) [PSYoungGen: 188849K->36666K(207872K)] 556121K->405251K(732160K), 0.0054300 secs] [Times: user=0.05 sys=0.01, real=0.00 secs] 
2016-09-24T02:14:43.860-0400: 34.607: [GC (GCLocker Initiated GC) [PSYoungGen: 194874K->27217K(208384K)] 563471K->399784K(732672K), 0.0058275 secs] [Times: user=0.04 sys=0.01, real=0.01 secs] 
2016-09-24T02:14:44.033-0400: 34.780: [GC (GCLocker Initiated GC) [PSYoungGen: 185425K->35546K(208896K)] 558015K->409320K(733184K), 0.0060228 secs] [Times: user=0.05 sys=0.00, real=0.01 secs] 
2016-09-24T02:14:44.221-0400: 34.968: [GC (GCLocker Initiated GC) [PSYoungGen: 197338K->22315K(210432K)] 578296K->404709K(734720K), 0.0169810 secs] [Times: user=0.15 sys=0.03, real=0.02 secs] 
2016-09-24T02:14:44.404-0400: 35.151: [GC (GCLocker Initiated GC) [PSYoungGen: 184107K->31841K(211456K)] 574616K->424151K(735744K), 0.0114801 secs] [Times: user=0.09 sys=0.01, real=0.01 secs] 
2016-09-24T02:14:44.585-0400: 35.332: [GC (GCLocker Initiated GC) [PSYoungGen: 195681K->31786K(211968K)] 593533K->431166K(736256K), 0.0204174 secs] [Times: user=0.23 sys=0.01, real=0.02 secs] 
2016-09-24T02:14:44.789-0400: 35.536: [GC (GCLocker Initiated GC) [PSYoungGen: 195626K->15641K(211968K)] 603276K->424929K(736256K), 0.0047778 secs] [Times: user=0.04 sys=0.00, real=0.00 secs] 
2016-09-24T02:14:44.964-0400: 35.711: [GC (GCLocker Initiated GC) [PSYoungGen: 180505K->39858K(204800K)] 589827K->450961K(729088K), 0.0053920 secs] [Times: user=0.05 sys=0.00, real=0.00 secs] 
2016-09-24T02:14:45.142-0400: 35.889: [GC (GCLocker Initiated GC) [PSYoungGen: 204722K->25099K(212480K)] 621235K->454078K(736768K), 0.0055836 secs] [Times: user=0.05 sys=0.00, real=0.01 secs] 
2016-09-24T02:14:45.332-0400: 36.079: [GC (GCLocker Initiated GC) [PSYoungGen: 187403K->29058K(191488K)] 619086K->462450K(715776K), 0.0070994 secs] [Times: user=0.04 sys=0.00, real=0.01 secs] 
2016-09-24T02:14:45.497-0400: 36.244: [GC (Allocation Failure) [PSYoungGen: 191362K->35720K(210432K)] 627688K->473864K(734720K), 0.0072497 secs] [Times: user=0.04 sys=0.02, real=0.01 secs] 
2016-09-24T02:14:45.670-0400: 36.417: [GC (GCLocker Initiated GC) [PSYoungGen: 196898K->23541K(210432K)] 637742K->465987K(734720K), 0.0091154 secs] [Times: user=0.07 sys=0.00, real=0.01 secs] 
2016-09-24T02:14:45.850-0400: 36.597: [GC (GCLocker Initiated GC) [PSYoungGen: 185845K->26201K(211968K)] 628401K->470346K(736256K), 0.0149891 secs] [Times: user=0.14 sys=0.02, real=0.02 secs] 
2016-09-24T02:14:46.031-0400: 36.778: [GC (GCLocker Initiated GC) [PSYoungGen: 192089K->18428K(212992K)] 643463K->471487K(737280K), 0.0170586 secs] [Times: user=0.18 sys=0.00, real=0.02 secs] 
2016-09-24T02:14:46.217-0400: 36.964: [GC (GCLocker Initiated GC) [PSYoungGen: 184316K->46712K(205312K)] 637386K->501498K(729600K), 0.0064056 secs] [Times: user=0.10 sys=0.00, real=0.01 secs] 
2016-09-24T02:14:46.394-0400: 37.141: [GC (GCLocker Initiated GC) [PSYoungGen: 204408K->22159K(209920K)] 662026K->481506K(734208K), 0.0080120 secs] [Times: user=0.09 sys=0.00, real=0.01 secs] 
2016-09-24T02:14:46.574-0400: 37.322: [GC (GCLocker Initiated GC) [PSYoungGen: 179855K->34197K(208384K)] 641931K->505746K(732672K), 0.0243361 secs] [Times: user=0.35 sys=0.02, real=0.02 secs] 
2016-09-24T02:14:46.757-0400: 37.504: [GC (GCLocker Initiated GC) [PSYoungGen: 192405K->25993K(209408K)] 666724K->523310K(733696K), 0.0070599 secs] [Times: user=0.07 sys=0.00, real=0.01 secs] 
2016-09-24T02:14:46.937-0400: 37.684: [GC (GCLocker Initiated GC) [PSYoungGen: 184201K->39548K(208896K)] 691030K->547631K(733184K), 0.0349726 secs] [Times: user=0.39 sys=0.00, real=0.03 secs] 
2016-09-24T02:14:46.972-0400: 37.719: [Full GC (Ergonomics) [PSYoungGen: 39548K->0K(208896K)] [ParOldGen: 508082K->138273K(524288K)] 547631K->138273K(733184K), [Metaspace: 43542K->43542K(1085440K)], 0.0686251 secs] [Times: user=0.55 sys=0.00, real=0.07 secs] 
2016-09-24T02:14:47.221-0400: 37.968: [GC (Allocation Failure) [PSYoungGen: 159232K->38917K(198656K)] 300301K->179986K(722944K), 0.0052767 secs] [Times: user=0.07 sys=0.01, real=0.01 secs] 
2016-09-24T02:14:47.390-0400: 38.137: [GC (GCLocker Initiated GC) [PSYoungGen: 198149K->20658K(209920K)] 339220K->182512K(734208K), 0.0131953 secs] [Times: user=0.15 sys=0.00, real=0.02 secs] 
2016-09-24T02:14:47.568-0400: 38.315: [GC (GCLocker Initiated GC) [PSYoungGen: 178354K->43998K(201728K)] 342938K->210092K(726016K), 0.0059722 secs] [Times: user=0.07 sys=0.00, real=0.00 secs] 
2016-09-24T02:14:47.735-0400: 38.482: [GC (GCLocker Initiated GC) [PSYoungGen: 201694K->26146K(208384K)] 368011K->196736K(732672K), 0.0242283 secs] [Times: user=0.21 sys=0.00, real=0.02 secs] 
2016-09-24T02:14:47.909-0400: 38.656: [GC (GCLocker Initiated GC) [PSYoungGen: 179746K->40009K(207360K)] 357140K->219018K(731648K), 0.0058025 secs] [Times: user=0.07 sys=0.00, real=0.01 secs] 
2016-09-24T02:14:48.070-0400: 38.817: [GC (GCLocker Initiated GC) [PSYoungGen: 193609K->45169K(202240K)] 372624K->225726K(726528K), 0.0062794 secs] [Times: user=0.08 sys=0.00, real=0.01 secs] 
2016-09-24T02:14:48.225-0400: 38.972: [GC (GCLocker Initiated GC) [PSYoungGen: 192625K->26346K(204800K)] 384104K->219282K(729088K), 0.0103104 secs] [Times: user=0.11 sys=0.01, real=0.01 secs] 
2016-09-24T02:14:48.391-0400: 39.138: [GC (GCLocker Initiated GC) [PSYoungGen: 173802K->46642K(200704K)] 366751K->241237K(724992K), 0.0063042 secs] [Times: user=0.07 sys=0.00, real=0.01 secs] 
2016-09-24T02:14:48.552-0400: 39.299: [GC (GCLocker Initiated GC) [PSYoungGen: 191026K->26356K(203264K)] 386980K->237342K(727552K), 0.0138031 secs] [Times: user=0.17 sys=0.00, real=0.02 secs] 
2016-09-24T02:14:48.720-0400: 39.467: [GC (GCLocker Initiated GC) [PSYoungGen: 170740K->45385K(200192K)] 387192K->263469K(724480K), 0.0102535 secs] [Times: user=0.14 sys=0.00, real=0.01 secs] 
2016-09-24T02:14:48.880-0400: 39.627: [GC (GCLocker Initiated GC) [PSYoungGen: 187721K->27727K(202240K)] 411417K->272029K(726528K), 0.0093281 secs] [Times: user=0.11 sys=0.00, real=0.01 secs] 
2016-09-24T02:14:49.038-0400: 39.785: [GC (GCLocker Initiated GC) [PSYoungGen: 170063K->31701K(197632K)] 414598K->277745K(721920K), 0.0061291 secs] [Times: user=0.04 sys=0.00, real=0.01 secs] 
2016-09-24T02:14:49.186-0400: 39.933: [GC (GCLocker Initiated GC) [PSYoungGen: 175573K->45330K(200192K)] 421641K->293008K(724480K), 0.0071706 secs] [Times: user=0.07 sys=0.00, real=0.00 secs] 
2016-09-24T02:14:49.340-0400: 40.088: [GC (Allocation Failure) [PSYoungGen: 189202K->36952K(204288K)] 439694K->289078K(728576K), 0.0077670 secs] [Times: user=0.09 sys=0.00, real=0.01 secs] 
2016-09-24T02:14:49.496-0400: 40.243: [GC (GCLocker Initiated GC) [PSYoungGen: 183896K->28695K(203776K)] 436029K->298568K(728064K), 0.0065460 secs] [Times: user=0.05 sys=0.00, real=0.01 secs] 
2016-09-24T02:14:49.780-0400: 40.527: [GC (GCLocker Initiated GC) [PSYoungGen: 175639K->20586K(203264K)] 447101K->293303K(727552K), 0.0054700 secs] [Times: user=0.04 sys=0.00, real=0.01 secs] 
2016-09-24T02:14:49.950-0400: 40.697: [GC (GCLocker Initiated GC) [PSYoungGen: 168042K->16586K(203776K)] 455831K->305813K(728064K), 0.0056744 secs] [Times: user=0.04 sys=0.00, real=0.01 secs] 
2016-09-24T02:14:50.112-0400: 40.859: [GC (GCLocker Initiated GC) [PSYoungGen: 164042K->26146K(202240K)] 458688K->322264K(726528K), 0.0048265 secs] [Times: user=0.05 sys=0.00, real=0.01 secs] 
2016-09-24T02:14:50.278-0400: 41.025: [GC (GCLocker Initiated GC) [PSYoungGen: 175138K->34537K(203776K)] 482095K->342997K(728064K), 0.0123997 secs] [Times: user=0.13 sys=0.00, real=0.01 secs] 
2016-09-24T02:14:50.451-0400: 41.198: [GC (GCLocker Initiated GC) [PSYoungGen: 183529K->35632K(205824K)] 497440K->351128K(730112K), 0.0100178 secs] [Times: user=0.08 sys=0.00, real=0.01 secs] 
2016-09-24T02:14:50.651-0400: 41.398: [GC (Allocation Failure) [PSYoungGen: 189232K->38465K(206848K)] 504758K->358245K(731136K), 0.0286517 secs] [Times: user=0.32 sys=0.00, real=0.03 secs] 
2016-09-24T02:14:50.841-0400: 41.588: [GC (Allocation Failure) [PSYoungGen: 191087K->29108K(206336K)] 510867K->369508K(730624K), 0.0064478 secs] [Times: user=0.04 sys=0.01, real=0.01 secs] 
2016-09-24T02:14:51.008-0400: 41.755: [GC (GCLocker Initiated GC) [PSYoungGen: 184244K->30516K(207360K)] 526008K->373949K(731648K), 0.0243644 secs] [Times: user=0.30 sys=0.00, real=0.02 secs] 
2016-09-24T02:14:51.180-0400: 41.927: [GC (GCLocker Initiated GC) [PSYoungGen: 185652K->39659K(208384K)] 529204K->384842K(732672K), 0.0136110 secs] [Times: user=0.14 sys=0.00, real=0.01 secs] 
2016-09-24T02:14:51.382-0400: 42.129: [GC (GCLocker Initiated GC) [PSYoungGen: 197355K->24958K(209408K)] 547962K->390541K(733696K), 0.0059580 secs] [Times: user=0.05 sys=0.00, real=0.00 secs] 
2016-09-24T02:14:51.553-0400: 42.300: [GC (GCLocker Initiated GC) [PSYoungGen: 182654K->30072K(207360K)] 548350K->402792K(731648K), 0.0069467 secs] [Times: user=0.06 sys=0.00, real=0.01 secs] 
2016-09-24T02:14:51.726-0400: 42.473: [GC (GCLocker Initiated GC) [PSYoungGen: 189816K->16844K(208896K)] 573566K->402084K(733184K), 0.0060460 secs] [Times: user=0.05 sys=0.00, real=0.00 secs] 
2016-09-24T02:14:51.874-0400: 42.621: [GC (GCLocker Initiated GC) [PSYoungGen: 176588K->36652K(210944K)] 561861K->423406K(735232K), 0.0120529 secs] [Times: user=0.17 sys=0.00, real=0.02 secs] 
2016-09-24T02:14:52.038-0400: 42.785: [GC (GCLocker Initiated GC) [PSYoungGen: 197420K->21897K(211456K)] 596550K->449278K(735744K), 0.0060661 secs] [Times: user=0.08 sys=0.00, real=0.01 secs] 
2016-09-24T02:14:52.183-0400: 42.930: [GC (GCLocker Initiated GC) [PSYoungGen: 182665K->38052K(209920K)] 618212K->474730K(734208K), 0.0083326 secs] [Times: user=0.12 sys=0.00, real=0.00 secs] 
2016-09-24T02:14:52.343-0400: 43.090: [GC (GCLocker Initiated GC) [PSYoungGen: 197796K->38032K(198144K)] 637382K->478752K(722432K), 0.0130730 secs] [Times: user=0.15 sys=0.00, real=0.01 secs] 
2016-09-24T02:14:52.515-0400: 43.262: [GC (GCLocker Initiated GC) [PSYoungGen: 197776K->29972K(211968K)] 641270K->474705K(736256K), 0.0208070 secs] [Times: user=0.23 sys=0.00, real=0.02 secs] 
2016-09-24T02:14:52.688-0400: 43.435: [GC (GCLocker Initiated GC) [PSYoungGen: 190228K->46316K(206848K)] 638512K->495914K(731136K), 0.0099050 secs] [Times: user=0.14 sys=0.00, real=0.01 secs] 
2016-09-24T02:14:52.852-0400: 43.599: [GC (Allocation Failure) [PSYoungGen: 206572K->21684K(208384K)] 665634K->487453K(732672K), 0.0084839 secs] [Times: user=0.06 sys=0.01, real=0.01 secs] 
2016-09-24T02:14:53.002-0400: 43.749: [GC (GCLocker Initiated GC) [PSYoungGen: 175226K->24155K(179200K)] 642345K->492462K(703488K), 0.0191978 secs] [Times: user=0.17 sys=0.02, real=0.02 secs] 
2016-09-24T02:14:53.162-0400: 43.910: [GC (GCLocker Initiated GC) [PSYoungGen: 178779K->31296K(209408K)] 647645K->501063K(733696K), 0.0187861 secs] [Times: user=0.16 sys=0.01, real=0.01 secs] 
2016-09-24T02:14:53.343-0400: 44.090: [GC (GCLocker Initiated GC) [PSYoungGen: 187968K->35555K(207360K)] 663369K->512175K(731648K), 0.0135243 secs] [Times: user=0.13 sys=0.00, real=0.01 secs] 
2016-09-24T02:14:53.513-0400: 44.260: [GC (GCLocker Initiated GC) [PSYoungGen: 192227K->34111K(210432K)] 670781K->514046K(734720K), 0.0217554 secs] [Times: user=0.24 sys=0.00, real=0.03 secs] 
2016-09-24T02:14:53.708-0400: 44.455: [GC (GCLocker Initiated GC) [PSYoungGen: 193855K->14167K(209408K)] 688643K->526538K(733696K), 0.0088090 secs] [Times: user=0.06 sys=0.00, real=0.01 secs] 
2016-09-24T02:14:53.717-0400: 44.464: [Full GC (Ergonomics) [PSYoungGen: 14167K->0K(209408K)] [ParOldGen: 512371K->190111K(524288K)] 526538K->190111K(733696K), [Metaspace: 43562K->43562K(1085440K)], 0.0564239 secs] [Times: user=0.38 sys=0.00, real=0.05 secs] 
2016-09-24T02:14:53.961-0400: 44.708: [GC (GCLocker Initiated GC) [PSYoungGen: 159744K->40192K(207360K)] 359528K->239977K(731648K), 0.0125243 secs] [Times: user=0.14 sys=0.01, real=0.01 secs] 
2016-09-24T02:14:54.138-0400: 44.885: [GC (GCLocker Initiated GC) [PSYoungGen: 196864K->31527K(209408K)] 403630K->240208K(733696K), 0.0098067 secs] [Times: user=0.12 sys=0.00, real=0.01 secs] 
2016-09-24T02:14:54.312-0400: 45.059: [GC (Allocation Failure) [PSYoungGen: 188199K->32916K(206336K)] 399702K->245792K(730624K), 0.0054010 secs] [Times: user=0.05 sys=0.00, real=0.01 secs] 
2016-09-24T02:14:54.473-0400: 45.220: [GC (GCLocker Initiated GC) [PSYoungGen: 191636K->28952K(207872K)] 407222K->248794K(732160K), 0.0118321 secs] [Times: user=0.11 sys=0.00, real=0.02 secs] 
2016-09-24T02:14:58.031-0400: 48.778: [GC (GCLocker Initiated GC) [PSYoungGen: 187672K->36133K(212480K)] 410452K->260635K(736768K), 0.0060624 secs] [Times: user=0.05 sys=0.00, real=0.01 secs] 
2016-09-24T02:14:58.239-0400: 48.986: [GC (GCLocker Initiated GC) [PSYoungGen: 200997K->23973K(212992K)] 425513K->250440K(737280K), 0.0248500 secs] [Times: user=0.25 sys=0.01, real=0.03 secs] 
2016-09-24T02:14:58.454-0400: 49.201: [GC (GCLocker Initiated GC) [PSYoungGen: 188837K->29245K(211968K)] 415378K->257919K(736256K), 0.0069992 secs] [Times: user=0.04 sys=0.00, real=0.01 secs] 
2016-09-24T02:14:58.662-0400: 49.409: [GC (GCLocker Initiated GC) [PSYoungGen: 195645K->19733K(212992K)] 435145K->266638K(737280K), 0.0055638 secs] [Times: user=0.03 sys=0.01, real=0.01 secs] 
2016-09-24T02:14:58.873-0400: 49.620: [GC (GCLocker Initiated GC) [PSYoungGen: 186133K->37733K(212480K)] 440362K->293896K(736768K), 0.0083379 secs] [Times: user=0.06 sys=0.01, real=0.01 secs] 
2016-09-24T02:14:59.081-0400: 49.828: [GC (GCLocker Initiated GC) [PSYoungGen: 203621K->34854K(214016K)] 459869K->293304K(738304K), 0.0063255 secs] [Times: user=0.06 sys=0.00, real=0.01 secs] 
2016-09-24T02:14:59.292-0400: 50.039: [GC (GCLocker Initiated GC) [PSYoungGen: 200742K->36574K(212992K)] 459222K->297212K(737280K), 0.0102507 secs] [Times: user=0.08 sys=0.00, real=0.02 secs] 
2016-09-24T02:14:59.511-0400: 50.258: [GC (GCLocker Initiated GC) [PSYoungGen: 201438K->12442K(177664K)] 468847K->303859K(701952K), 0.0127340 secs] [Times: user=0.11 sys=0.01, real=0.02 secs] 
2016-09-24T02:14:59.721-0400: 50.468: [GC (GCLocker Initiated GC) [PSYoungGen: 177306K->36273K(210944K)] 469035K->330643K(735232K), 0.0063933 secs] [Times: user=0.05 sys=0.00, real=0.01 secs] 
2016-09-24T02:14:59.924-0400: 50.671: [GC (GCLocker Initiated GC) [PSYoungGen: 197041K->28404K(189440K)] 491423K->324982K(713728K), 0.0058341 secs] [Times: user=0.05 sys=0.00, real=0.00 secs] 
2016-09-24T02:15:00.137-0400: 50.884: [GC (GCLocker Initiated GC) [PSYoungGen: 189172K->20457K(209920K)] 496657K->330265K(734208K), 0.0263420 secs] [Times: user=0.26 sys=0.00, real=0.03 secs] 
2016-09-24T02:15:00.382-0400: 51.129: [GC (GCLocker Initiated GC) [PSYoungGen: 181737K->24447K(209920K)] 495630K->341032K(734208K), 0.0063236 secs] [Times: user=0.05 sys=0.00, real=0.00 secs] 
2016-09-24T02:15:00.595-0400: 51.342: [GC (GCLocker Initiated GC) [PSYoungGen: 185727K->19651K(212992K)] 507741K->344224K(737280K), 0.0086591 secs] [Times: user=0.07 sys=0.02, real=0.01 secs] 
2016-09-24T02:15:00.823-0400: 51.570: [GC (GCLocker Initiated GC) [PSYoungGen: 185027K->9372K(212480K)] 525916K->357434K(736768K), 0.0153031 secs] [Times: user=0.12 sys=0.00, real=0.01 secs] 
2016-09-24T02:15:01.030-0400: 51.777: [GC (GCLocker Initiated GC) [PSYoungGen: 174748K->36132K(210944K)] 522853K->386515K(735232K), 0.0066311 secs] [Times: user=0.05 sys=0.00, real=0.01 secs] 
2016-09-24T02:15:01.251-0400: 51.998: [GC (GCLocker Initiated GC) [PSYoungGen: 198948K->28073K(212480K)] 554740K->385935K(736768K), 0.0087735 secs] [Times: user=0.07 sys=0.01, real=0.01 secs] 
2016-09-24T02:15:01.435-0400: 52.182: [GC (GCLocker Initiated GC) [PSYoungGen: 190889K->38595K(209920K)] 551685K->401550K(734208K), 0.0070934 secs] [Times: user=0.05 sys=0.01, real=0.00 secs] 
2016-09-24T02:15:01.614-0400: 52.361: [GC (GCLocker Initiated GC) [PSYoungGen: 200387K->34207K(211968K)] 563371K->399024K(736256K), 0.0176698 secs] [Times: user=0.18 sys=0.00, real=0.02 secs] 
2016-09-24T02:15:01.828-0400: 52.575: [GC (GCLocker Initiated GC) [PSYoungGen: 195999K->30425K(208896K)] 563545K->423806K(733184K), 0.0256241 secs] [Times: user=0.33 sys=0.01, real=0.02 secs] 
2016-09-24T02:15:02.036-0400: 52.783: [GC (GCLocker Initiated GC) [PSYoungGen: 192217K->44064K(206336K)] 585601K->439122K(730624K), 0.0071548 secs] [Times: user=0.08 sys=0.01, real=0.01 secs] 
2016-09-24T02:15:02.223-0400: 52.970: [GC (GCLocker Initiated GC) [PSYoungGen: 205856K->36121K(209920K)] 603616K->435647K(734208K), 0.0053655 secs] [Times: user=0.05 sys=0.01, real=0.00 secs] 
2016-09-24T02:15:02.406-0400: 53.153: [GC (GCLocker Initiated GC) [PSYoungGen: 193817K->33489K(191488K)] 606899K->448470K(715776K), 0.0133233 secs] [Times: user=0.17 sys=0.00, real=0.01 secs] 
2016-09-24T02:15:02.599-0400: 53.346: [GC (GCLocker Initiated GC) [PSYoungGen: 191185K->49477K(201728K)] 606188K->466382K(726016K), 0.0091066 secs] [Times: user=0.12 sys=0.00, real=0.01 secs] 
2016-09-24T02:15:02.770-0400: 53.517: [GC (GCLocker Initiated GC) [PSYoungGen: 200005K->32872K(206336K)] 622391K->475953K(730624K), 0.0067022 secs] [Times: user=0.07 sys=0.01, real=0.01 secs] 
2016-09-24T02:15:02.977-0400: 53.724: [GC (GCLocker Initiated GC) [PSYoungGen: 183400K->27693K(202240K)] 640177K->485741K(726528K), 0.0199459 secs] [Times: user=0.21 sys=0.00, real=0.02 secs] 
2016-09-24T02:15:03.163-0400: 53.910: [GC (GCLocker Initiated GC) [PSYoungGen: 180269K->27415K(205312K)] 646452K->506154K(729600K), 0.0069996 secs] [Times: user=0.05 sys=0.01, real=0.00 secs] 
2016-09-24T02:15:03.340-0400: 54.088: [GC (GCLocker Initiated GC) [PSYoungGen: 179991K->32886K(204288K)] 658799K->513115K(728576K), 0.0060849 secs] [Times: user=0.04 sys=0.00, real=0.01 secs] 
2016-09-24T02:15:03.508-0400: 54.255: [GC (GCLocker Initiated GC) [PSYoungGen: 190582K->41212K(207360K)] 671015K->523169K(731648K), 0.0285885 secs] [Times: user=0.30 sys=0.00, real=0.03 secs] 
2016-09-24T02:15:03.720-0400: 54.468: [GC (GCLocker Initiated GC) [PSYoungGen: 198908K->37196K(210944K)] 686293K->534360K(735232K), 0.0318441 secs] [Times: user=0.30 sys=0.00, real=0.03 secs] 
2016-09-24T02:15:03.945-0400: 54.692: [GC (GCLocker Initiated GC) --[PSYoungGen: 196428K->196428K(210944K)] 699029K->719609K(735232K), 0.0119102 secs] [Times: user=0.10 sys=0.00, real=0.01 secs] 
2016-09-24T02:15:03.957-0400: 54.704: [Full GC (Ergonomics) [PSYoungGen: 196428K->0K(210944K)] [ParOldGen: 523180K->163028K(524288K)] 719609K->163028K(735232K), [Metaspace: 43582K->43582K(1085440K)], 0.0800495 secs] [Times: user=0.64 sys=0.02, real=0.08 secs] 
2016-09-24T02:15:04.236-0400: 54.983: [GC (GCLocker Initiated GC) [PSYoungGen: 159232K->33305K(193024K)] 327767K->201840K(717312K), 0.0078122 secs] [Times: user=0.10 sys=0.00, real=0.01 secs] 
2016-09-24T02:15:04.412-0400: 55.159: [GC (GCLocker Initiated GC) [PSYoungGen: 192537K->32694K(210432K)] 361153K->203061K(734720K), 0.0057602 secs] [Times: user=0.05 sys=0.00, real=0.01 secs] 
2016-09-24T02:15:04.623-0400: 55.370: [GC (GCLocker Initiated GC) [PSYoungGen: 193462K->22701K(208896K)] 376076K->225627K(733184K), 0.0059094 secs] [Times: user=0.05 sys=0.00, real=0.00 secs] 
2016-09-24T02:15:04.798-0400: 55.545: [GC (GCLocker Initiated GC) [PSYoungGen: 183469K->31637K(211968K)] 392010K->242101K(736256K), 0.0054735 secs] [Times: user=0.04 sys=0.01, real=0.01 secs] 
2016-09-24T02:15:05.002-0400: 55.749: [GC (GCLocker Initiated GC) [PSYoungGen: 197013K->12838K(212480K)] 419731K->237110K(736768K), 0.0104596 secs] [Times: user=0.09 sys=0.00, real=0.00 secs] 
2016-09-24T02:15:05.191-0400: 55.938: [GC (GCLocker Initiated GC) [PSYoungGen: 178214K->38271K(211456K)] 402499K->264355K(735744K), 0.0090823 secs] [Times: user=0.07 sys=0.01, real=0.01 secs] 
2016-09-24T02:15:05.386-0400: 56.133: [GC (Allocation Failure) [PSYoungGen: 201087K->17987K(181248K)] 436689K->255083K(705536K), 0.0061137 secs] [Times: user=0.05 sys=0.00, real=0.00 secs] 
2016-09-24T02:15:05.595-0400: 56.342: [GC (GCLocker Initiated GC) [PSYoungGen: 179257K->19377K(211968K)] 419052K->260576K(736256K), 0.0088441 secs] [Times: user=0.06 sys=0.01, real=0.01 secs] 
2016-09-24T02:15:05.777-0400: 56.524: [GC (GCLocker Initiated GC) [PSYoungGen: 181169K->30274K(192512K)] 427797K->278440K(716800K), 0.0057673 secs] [Times: user=0.04 sys=0.00, real=0.01 secs] 
2016-09-24T02:15:05.959-0400: 56.706: [GC (GCLocker Initiated GC) [PSYoungGen: 192066K->30431K(211968K)] 440618K->280611K(736256K), 0.0048826 secs] [Times: user=0.04 sys=0.00, real=0.01 secs] 
2016-09-24T02:15:06.121-0400: 56.868: [GC (GCLocker Initiated GC) [PSYoungGen: 193759K->43666K(210432K)] 444136K->295725K(734720K), 0.0056399 secs] [Times: user=0.05 sys=0.00, real=0.01 secs] 
2016-09-24T02:15:06.290-0400: 57.037: [GC (GCLocker Initiated GC) [PSYoungGen: 206994K->25997K(212480K)] 459066K->279437K(736768K), 0.0047739 secs] [Times: user=0.03 sys=0.01, real=0.01 secs] 
2016-09-24T02:15:06.452-0400: 57.199: [GC (GCLocker Initiated GC) [PSYoungGen: 187789K->43554K(205824K)] 441299K->298465K(730112K), 0.0068534 secs] [Times: user=0.04 sys=0.00, real=0.01 secs] 
2016-09-24T02:15:06.623-0400: 57.370: [GC (GCLocker Initiated GC) [PSYoungGen: 205346K->27580K(210944K)] 465780K->289270K(735232K), 0.0045653 secs] [Times: user=0.03 sys=0.00, real=0.00 secs] 
2016-09-24T02:15:06.795-0400: 57.542: [GC (GCLocker Initiated GC) [PSYoungGen: 185788K->23433K(181760K)] 454290K->293473K(706048K), 0.0053426 secs] [Times: user=0.04 sys=0.00, real=0.00 secs] 
2016-09-24T02:15:06.962-0400: 57.709: [GC (GCLocker Initiated GC) [PSYoungGen: 181641K->38284K(208384K)] 451707K->312659K(732672K), 0.0142474 secs] [Times: user=0.11 sys=0.00, real=0.01 secs] 
2016-09-24T02:15:07.139-0400: 57.886: [GC (GCLocker Initiated GC) [PSYoungGen: 195980K->15247K(208896K)] 484062K->307495K(733184K), 0.0138157 secs] [Times: user=0.12 sys=0.00, real=0.01 secs] 
2016-09-24T02:15:07.314-0400: 58.061: [GC (GCLocker Initiated GC) [PSYoungGen: 172943K->35302K(209920K)] 465425K->329300K(734208K), 0.0134563 secs] [Times: user=0.13 sys=0.00, real=0.02 secs] 
2016-09-24T02:15:07.508-0400: 58.255: [GC (GCLocker Initiated GC) [PSYoungGen: 192998K->25690K(183808K)] 489770K->323687K(708096K), 0.0146072 secs] [Times: user=0.14 sys=0.00, real=0.02 secs] 
2016-09-24T02:15:07.688-0400: 58.435: [GC (GCLocker Initiated GC) [PSYoungGen: 183386K->13860K(207872K)] 496283K->338692K(732160K), 0.0050191 secs] [Times: user=0.04 sys=0.00, real=0.00 secs] 
2016-09-24T02:15:07.848-0400: 58.595: [GC (GCLocker Initiated GC) [PSYoungGen: 171044K->36836K(208384K)] 496117K->363259K(732672K), 0.0058463 secs] [Times: user=0.04 sys=0.00, real=0.01 secs] 
2016-09-24T02:15:08.027-0400: 58.774: [GC (GCLocker Initiated GC) [PSYoungGen: 194020K->41188K(205824K)] 520451K->369027K(730112K), 0.0054013 secs] [Times: user=0.05 sys=0.00, real=0.00 secs] 
2016-09-24T02:15:08.197-0400: 58.944: [GC (GCLocker Initiated GC) [PSYoungGen: 194788K->31651K(207872K)] 525489K->363957K(732160K), 0.0083400 secs] [Times: user=0.06 sys=0.00, real=0.01 secs] 
2016-09-24T02:15:08.365-0400: 59.112: [GC (GCLocker Initiated GC) [PSYoungGen: 185251K->23471K(205312K)] 517679K->357546K(729600K), 0.0089529 secs] [Times: user=0.08 sys=0.00, real=0.01 secs] 
2016-09-24T02:15:08.532-0400: 59.279: [GC (GCLocker Initiated GC) [PSYoungGen: 178607K->39896K(206848K)] 515496K->381132K(731136K), 0.0053431 secs] [Times: user=0.05 sys=0.00, real=0.01 secs] 
2016-09-24T02:15:08.707-0400: 59.454: [GC (GCLocker Initiated GC) [PSYoungGen: 195032K->12993K(207872K)] 541707K->369384K(732160K), 0.0200380 secs] [Times: user=0.20 sys=0.00, real=0.02 secs] 
2016-09-24T02:15:08.918-0400: 59.665: [GC (GCLocker Initiated GC) [PSYoungGen: 167617K->19855K(174592K)] 530760K->384783K(698880K), 0.0191475 secs] [Times: user=0.20 sys=0.01, real=0.02 secs] 
2016-09-24T02:15:09.096-0400: 59.844: [GC (GCLocker Initiated GC) [PSYoungGen: 174479K->44093K(202240K)] 539679K->411269K(726528K), 0.0062348 secs] [Times: user=0.05 sys=0.00, real=0.01 secs] 
2016-09-24T02:15:09.289-0400: 60.036: [GC (GCLocker Initiated GC) [PSYoungGen: 193597K->30454K(205824K)] 567746K->406401K(730112K), 0.0069119 secs] [Times: user=0.08 sys=0.00, real=0.01 secs] 
2016-09-24T02:15:09.451-0400: 60.198: [GC (GCLocker Initiated GC) [PSYoungGen: 179958K->49420K(198656K)] 558623K->429701K(722944K), 0.0086069 secs] [Times: user=0.10 sys=0.00, real=0.01 secs] 
2016-09-24T02:15:09.609-0400: 60.356: [GC (GCLocker Initiated GC) [PSYoungGen: 193804K->30227K(203264K)] 574218K->414957K(727552K), 0.0061052 secs] [Times: user=0.05 sys=0.00, real=0.01 secs] 
2016-09-24T02:15:09.779-0400: 60.526: [GC (GCLocker Initiated GC) [PSYoungGen: 174611K->34690K(199168K)] 564881K->440178K(723456K), 0.0061364 secs] [Times: user=0.05 sys=0.00, real=0.01 secs] 
2016-09-24T02:15:09.945-0400: 60.692: [GC (GCLocker Initiated GC) [PSYoungGen: 181634K->36145K(202240K)] 592618K->448907K(726528K), 0.0116203 secs] [Times: user=0.14 sys=0.00, real=0.01 secs] 
2016-09-24T02:15:10.125-0400: 60.872: [GC (GCLocker Initiated GC) [PSYoungGen: 183089K->42660K(203776K)] 601325K->462700K(728064K), 0.0221159 secs] [Times: user=0.31 sys=0.00, real=0.02 secs] 
2016-09-24T02:15:10.312-0400: 61.059: [GC (GCLocker Initiated GC) [PSYoungGen: 192164K->28904K(205824K)] 617779K->456175K(730112K), 0.0231445 secs] [Times: user=0.25 sys=0.00, real=0.03 secs] 
2016-09-24T02:15:10.504-0400: 61.251: [GC (GCLocker Initiated GC) [PSYoungGen: 178408K->34690K(202240K)] 605685K->463663K(726528K), 0.0111310 secs] [Times: user=0.11 sys=0.00, real=0.01 secs] 
2016-09-24T02:15:10.674-0400: 61.421: [GC (GCLocker Initiated GC) [PSYoungGen: 185730K->37573K(204288K)] 620107K->473776K(728576K), 0.0298126 secs] [Times: user=0.31 sys=0.00, real=0.03 secs] 
2016-09-24T02:15:10.861-0400: 61.608: [GC (GCLocker Initiated GC) [PSYoungGen: 188613K->38671K(208384K)] 624829K->476877K(732672K), 0.0057655 secs] [Times: user=0.05 sys=0.01, real=0.01 secs] 
2016-09-24T02:15:11.033-0400: 61.780: [GC (GCLocker Initiated GC) [PSYoungGen: 194831K->33201K(189440K)] 638462K->478702K(713728K), 0.0048555 secs] [Times: user=0.04 sys=0.01, real=0.01 secs] 
2016-09-24T02:15:11.197-0400: 61.944: [GC (GCLocker Initiated GC) [PSYoungGen: 189361K->40131K(207872K)] 634892K->487365K(732160K), 0.0066577 secs] [Times: user=0.06 sys=0.01, real=0.01 secs] 
2016-09-24T02:15:11.381-0400: 62.128: [GC (GCLocker Initiated GC) [PSYoungGen: 196803K->38880K(208384K)] 644073K->517677K(732672K), 0.0124157 secs] [Times: user=0.17 sys=0.00, real=0.01 secs] 
2016-09-24T02:15:11.578-0400: 62.325: [GC (GCLocker Initiated GC) [PSYoungGen: 195552K->30619K(208384K)] 680032K->516977K(732672K), 0.0182082 secs] [Times: user=0.20 sys=0.00, real=0.02 secs] 
2016-09-24T02:15:11.776-0400: 62.523: [GC (GCLocker Initiated GC) [PSYoungGen: 189339K->23852K(209408K)] 678426K->514911K(733696K), 0.0190921 secs] [Times: user=0.20 sys=0.00, real=0.02 secs] 
2016-09-24T02:15:11.962-0400: 62.709: [GC (GCLocker Initiated GC) [PSYoungGen: 182572K->30552K(208896K)] 680466K->533046K(733184K), 0.0052484 secs] [Times: user=0.05 sys=0.00, real=0.01 secs] 
2016-09-24T02:15:12.143-0400: 62.890: [Full GC (Ergonomics) [PSYoungGen: 190808K->0K(208896K)] [ParOldGen: 509287K->168942K(524288K)] 700096K->168942K(733184K), [Metaspace: 43602K->43602K(1085440K)], 0.0737670 secs] [Times: user=0.61 sys=0.02, real=0.07 secs] 
2016-09-24T02:15:12.387-0400: 63.134: [GC (GCLocker Initiated GC) [PSYoungGen: 160256K->26409K(209920K)] 335977K->202131K(734208K), 0.0053083 secs] [Times: user=0.04 sys=0.00, real=0.00 secs] 
2016-09-24T02:15:12.551-0400: 63.298: [GC (GCLocker Initiated GC) [PSYoungGen: 186665K->46724K(205824K)] 367822K->232386K(730112K), 0.0090642 secs] [Times: user=0.11 sys=0.00, real=0.01 secs] 
2016-09-24T02:15:12.726-0400: 63.473: [GC (GCLocker Initiated GC) [PSYoungGen: 203396K->42648K(199680K)] 391996K->257226K(723968K), 0.0127023 secs] [Times: user=0.17 sys=0.00, real=0.01 secs] 
2016-09-24T02:15:12.908-0400: 63.655: [GC (GCLocker Initiated GC) [PSYoungGen: 199320K->39793K(207872K)] 416055K->258212K(732160K), 0.0209873 secs] [Times: user=0.22 sys=0.00, real=0.02 secs] 
2016-09-24T02:15:13.099-0400: 63.846: [GC (GCLocker Initiated GC) [PSYoungGen: 193393K->22146K(176128K)] 418616K->259714K(700416K), 0.0142219 secs] [Times: user=0.14 sys=0.00, real=0.01 secs] 
2016-09-24T02:15:13.279-0400: 64.026: [GC (GCLocker Initiated GC) [PSYoungGen: 175746K->31859K(209408K)] 417457K->275114K(733696K), 0.0215266 secs] [Times: user=0.31 sys=0.00, real=0.02 secs] 
2016-09-24T02:15:13.462-0400: 64.210: [GC (GCLocker Initiated GC) [PSYoungGen: 186483K->25168K(180224K)] 437846K->278146K(704512K), 0.0049945 secs] [Times: user=0.04 sys=0.00, real=0.00 secs] 
2016-09-24T02:15:13.630-0400: 64.377: [GC (GCLocker Initiated GC) [PSYoungGen: 179792K->22069K(206848K)] 439927K->284014K(731136K), 0.0082759 secs] [Times: user=0.07 sys=0.00, real=0.01 secs] 
2016-09-24T02:15:13.803-0400: 64.550: [GC (GCLocker Initiated GC) [PSYoungGen: 176693K->35526K(206848K)] 438675K->298982K(731136K), 0.0146451 secs] [Times: user=0.18 sys=0.00, real=0.01 secs] 
2016-09-24T02:15:13.963-0400: 64.711: [GC (GCLocker Initiated GC) [PSYoungGen: 190150K->34271K(208384K)] 454976K->300545K(732672K), 0.0253621 secs] [Times: user=0.29 sys=0.01, real=0.02 secs] 
2016-09-24T02:15:14.155-0400: 64.902: [GC (GCLocker Initiated GC) [PSYoungGen: 192479K->24648K(208896K)] 458763K->292223K(733184K), 0.0099882 secs] [Times: user=0.07 sys=0.00, real=0.01 secs] 
2016-09-24T02:15:14.312-0400: 65.059: [GC (GCLocker Initiated GC) [PSYoungGen: 182856K->38273K(210944K)] 453234K->310117K(735232K), 0.0098082 secs] [Times: user=0.09 sys=0.00, real=0.01 secs] 
2016-09-24T02:15:14.498-0400: 65.246: [GC (GCLocker Initiated GC) [PSYoungGen: 199041K->28919K(189952K)] 473590K->307623K(714240K), 0.0340140 secs] [Times: user=0.34 sys=0.00, real=0.03 secs] 
2016-09-24T02:15:14.699-0400: 65.447: [GC (GCLocker Initiated GC) [PSYoungGen: 189687K->19428K(210944K)] 474025K->305421K(735232K), 0.0166897 secs] [Times: user=0.15 sys=0.01, real=0.02 secs] 
2016-09-24T02:15:14.884-0400: 65.631: [GC (GCLocker Initiated GC) [PSYoungGen: 180708K->23632K(210944K)] 476286K->320752K(735232K), 0.0074413 secs] [Times: user=0.06 sys=0.00, real=0.00 secs] 
2016-09-24T02:15:15.051-0400: 65.798: [GC (GCLocker Initiated GC) [PSYoungGen: 184912K->48052K(203776K)] 482087K->360439K(728064K), 0.0077727 secs] [Times: user=0.09 sys=0.01, real=0.01 secs] 
2016-09-24T02:15:15.228-0400: 65.975: [GC (GCLocker Initiated GC) [PSYoungGen: 202676K->35947K(208384K)] 515068K->368841K(732672K), 0.0074431 secs] [Times: user=0.09 sys=0.00, real=0.01 secs] 
2016-09-24T02:15:15.376-0400: 66.123: [GC (GCLocker Initiated GC) [PSYoungGen: 190571K->45324K(202752K)] 528920K->385399K(727040K), 0.0071062 secs] [Times: user=0.07 sys=0.00, real=0.01 secs] 
2016-09-24T02:15:15.532-0400: 66.279: [GC (GCLocker Initiated GC) [PSYoungGen: 194828K->43846K(193536K)] 534907K->404517K(717824K), 0.0074582 secs] [Times: user=0.07 sys=0.02, real=0.01 secs] 
2016-09-24T02:15:15.712-0400: 66.459: [GC (GCLocker Initiated GC) [PSYoungGen: 193350K->25174K(205312K)] 562224K->395532K(729600K), 0.0190195 secs] [Times: user=0.23 sys=0.00, real=0.02 secs] 
2016-09-24T02:15:15.887-0400: 66.634: [GC (GCLocker Initiated GC) [PSYoungGen: 172630K->28882K(176640K)] 543121K->401165K(700928K), 0.0091418 secs] [Times: user=0.07 sys=0.00, real=0.01 secs] 
2016-09-24T02:15:16.044-0400: 66.791: [GC (GCLocker Initiated GC) [PSYoungGen: 176338K->31598K(204288K)] 548650K->421735K(728576K), 0.0128819 secs] [Times: user=0.13 sys=0.00, real=0.01 secs] 
2016-09-24T02:15:16.209-0400: 66.956: [GC (GCLocker Initiated GC) [PSYoungGen: 180590K->22178K(202752K)] 570761K->416699K(727040K), 0.0322818 secs] [Times: user=0.29 sys=0.00, real=0.03 secs] 
2016-09-24T02:15:16.409-0400: 67.156: [GC (GCLocker Initiated GC) [PSYoungGen: 171170K->21196K(206336K)] 573876K->428258K(730624K), 0.0171596 secs] [Times: user=0.17 sys=0.00, real=0.02 secs] 
2016-09-24T02:15:16.579-0400: 67.326: [GC (GCLocker Initiated GC) [PSYoungGen: 174284K->35619K(206336K)] 581383K->444606K(730624K), 0.0131067 secs] [Times: user=0.15 sys=0.00, real=0.01 secs] 
2016-09-24T02:15:16.774-0400: 67.521: [GC (GCLocker Initiated GC) [PSYoungGen: 188707K->14269K(207872K)] 609850K->458658K(732160K), 0.0184696 secs] [Times: user=0.21 sys=0.00, real=0.02 secs] 
2016-09-24T02:15:16.954-0400: 67.701: [GC (GCLocker Initiated GC) [PSYoungGen: 169405K->20827K(208384K)] 616646K->469692K(732672K), 0.0333908 secs] [Times: user=0.33 sys=0.00, real=0.03 secs] 
2016-09-24T02:15:17.147-0400: 67.894: [GC (GCLocker Initiated GC) [PSYoungGen: 175963K->28997K(203776K)] 627702K->482375K(728064K), 0.0213010 secs] [Times: user=0.24 sys=0.01, real=0.02 secs] 
2016-09-24T02:15:17.327-0400: 68.074: [GC (GCLocker Initiated GC) [PSYoungGen: 185157K->30400K(206336K)] 641352K->488184K(730624K), 0.0098353 secs] [Times: user=0.09 sys=0.00, real=0.01 secs] 
2016-09-24T02:15:17.504-0400: 68.251: [GC (GCLocker Initiated GC) [PSYoungGen: 186560K->29033K(207872K)] 647151K->491280K(732160K), 0.0199059 secs] [Times: user=0.20 sys=0.00, real=0.02 secs] 
2016-09-24T02:15:17.694-0400: 68.441: [GC (GCLocker Initiated GC) [PSYoungGen: 192361K->27656K(210432K)] 657370K->494387K(734720K), 0.0062551 secs] [Times: user=0.05 sys=0.00, real=0.01 secs] 
2016-09-24T02:15:17.876-0400: 68.623: [GC (GCLocker Initiated GC) [PSYoungGen: 190984K->30228K(212480K)] 657863K->501365K(736768K), 0.0051288 secs] [Times: user=0.04 sys=0.01, real=0.00 secs] 
2016-09-24T02:15:18.059-0400: 68.806: [GC (GCLocker Initiated GC) [PSYoungGen: 200212K->17080K(214016K)] 678258K->510120K(738304K), 0.0061423 secs] [Times: user=0.04 sys=0.01, real=0.01 secs] 
2016-09-24T02:15:18.244-0400: 68.991: [GC (GCLocker Initiated GC) [PSYoungGen: 187064K->27839K(215552K)] 685567K->528229K(739840K), 0.0201482 secs] [Times: user=0.19 sys=0.00, real=0.02 secs] 
2016-09-24T02:15:18.448-0400: 69.195: [Full GC (Ergonomics) [PSYoungGen: 201407K->0K(215552K)] [ParOldGen: 503305K->188219K(524288K)] 704713K->188219K(739840K), [Metaspace: 43662K->43662K(1085440K)], 0.0751425 secs] [Times: user=0.49 sys=0.02, real=0.08 secs] 
2016-09-24T02:15:18.707-0400: 69.454: [GC (GCLocker Initiated GC) [PSYoungGen: 173568K->26437K(216576K)] 364698K->217567K(740864K), 0.0241739 secs] [Times: user=0.29 sys=0.01, real=0.02 secs] 
2016-09-24T02:15:18.901-0400: 69.648: [GC (GCLocker Initiated GC) [PSYoungGen: 200005K->41119K(212992K)] 391158K->243483K(737280K), 0.0096551 secs] [Times: user=0.12 sys=0.00, real=0.01 secs] 
2016-09-24T02:15:19.092-0400: 69.839: [GC (GCLocker Initiated GC) [PSYoungGen: 212127K->24052K(216576K)] 421248K->234655K(740864K), 0.0078185 secs] [Times: user=0.09 sys=0.00, real=0.01 secs] 
2016-09-24T02:15:19.273-0400: 70.020: [GC (GCLocker Initiated GC) [PSYoungGen: 195060K->39983K(212480K)] 408551K->255348K(736768K), 0.0120194 secs] [Times: user=0.14 sys=0.00, real=0.02 secs] 
2016-09-24T02:15:19.458-0400: 70.206: [GC (GCLocker Initiated GC) [PSYoungGen: 207919K->33207K(215040K)] 428695K->255611K(739328K), 0.0107698 secs] [Times: user=0.15 sys=0.00, real=0.01 secs] 
2016-09-24T02:15:19.640-0400: 70.387: [GC (GCLocker Initiated GC) [PSYoungGen: 201143K->24935K(212992K)] 435704K->261141K(737280K), 0.0079721 secs] [Times: user=0.06 sys=0.00, real=0.01 secs] 
2016-09-24T02:15:19.821-0400: 70.568: [GC (Allocation Failure) [PSYoungGen: 192871K->36928K(214016K)] 432011K->277589K(738304K), 0.0235551 secs] [Times: user=0.22 sys=0.00, real=0.03 secs] 
2016-09-24T02:15:19.845-0400: 70.593: [GC (GCLocker Initiated GC) [PSYoungGen: 37307K->64K(207872K)] 277968K->284215K(732160K), 0.0059721 secs] [Times: user=0.06 sys=0.01, real=0.00 secs] 
2016-09-24T02:15:20.012-0400: 70.759: [GC (GCLocker Initiated GC) [PSYoungGen: 159389K->45535K(206336K)] 446241K->332387K(730624K), 0.0102889 secs] [Times: user=0.15 sys=0.01, real=0.02 secs] 
2016-09-24T02:15:20.193-0400: 70.940: [GC (GCLocker Initiated GC) [PSYoungGen: 206303K->33180K(207872K)] 495997K->325998K(732160K), 0.0265378 secs] [Times: user=0.27 sys=0.00, real=0.03 secs] 
2016-09-24T02:15:20.369-0400: 71.116: [GC (GCLocker Initiated GC) [PSYoungGen: 185756K->27493K(180224K)] 485792K->329227K(704512K), 0.0117558 secs] [Times: user=0.11 sys=0.00, real=0.01 secs] 
2016-09-24T02:15:20.549-0400: 71.296: [GC (Allocation Failure) [PSYoungGen: 180069K->24863K(205312K)] 487258K->333575K(729600K), 0.0599028 secs] [Times: user=0.59 sys=0.00, real=0.06 secs] 
2016-09-24T02:15:20.761-0400: 71.508: [GC (GCLocker Initiated GC) [PSYoungGen: 178463K->39370K(204288K)] 487179K->352241K(728576K), 0.0185076 secs] [Times: user=0.19 sys=0.01, real=0.02 secs] 
2016-09-24T02:15:20.934-0400: 71.681: [GC (GCLocker Initiated GC) [PSYoungGen: 192970K->22078K(210432K)] 518015K->348325K(734720K), 0.0043683 secs] [Times: user=0.03 sys=0.00, real=0.00 secs] 
2016-09-24T02:15:21.101-0400: 71.848: [GC (GCLocker Initiated GC) [PSYoungGen: 180798K->30326K(189440K)] 513821K->364801K(713728K), 0.0238238 secs] [Times: user=0.26 sys=0.00, real=0.03 secs] 
2016-09-24T02:15:21.293-0400: 72.040: [GC (GCLocker Initiated GC) [PSYoungGen: 189046K->22166K(209920K)] 530231K->364840K(734208K), 0.0079898 secs] [Times: user=0.06 sys=0.00, real=0.01 secs] 
2016-09-24T02:15:21.454-0400: 72.201: [GC (GCLocker Initiated GC) [PSYoungGen: 182422K->20572K(208896K)] 531916K->371566K(733184K), 0.0169428 secs] [Times: user=0.15 sys=0.00, real=0.02 secs] 
2016-09-24T02:15:21.626-0400: 72.373: [GC (GCLocker Initiated GC) [PSYoungGen: 180828K->31370K(212480K)] 537460K->389402K(736768K), 0.0126441 secs] [Times: user=0.15 sys=0.00, real=0.01 secs] 
2016-09-24T02:15:21.810-0400: 72.557: [GC (GCLocker Initiated GC) [PSYoungGen: 195722K->20562K(211968K)] 563209K->389319K(736256K), 0.0157616 secs] [Times: user=0.12 sys=0.01, real=0.02 secs] 
2016-09-24T02:15:22.005-0400: 72.752: [GC (GCLocker Initiated GC) [PSYoungGen: 184914K->26105K(212992K)] 559265K->401806K(737280K), 0.0339460 secs] [Times: user=0.35 sys=0.01, real=0.03 secs] 
2016-09-24T02:15:22.209-0400: 72.956: [GC (Allocation Failure) [PSYoungGen: 194041K->27517K(212992K)] 569747K->415540K(737280K), 0.0135302 secs] [Times: user=0.14 sys=0.01, real=0.02 secs] 
2016-09-24T02:15:22.377-0400: 73.124: [GC (GCLocker Initiated GC) [PSYoungGen: 195453K->30073K(216064K)] 583480K->419543K(740352K), 0.0070360 secs] [Times: user=0.05 sys=0.00, real=0.01 secs] 
2016-09-24T02:15:22.553-0400: 73.300: [GC (GCLocker Initiated GC) [PSYoungGen: 202617K->21867K(215552K)] 600299K->420952K(739840K), 0.0222729 secs] [Times: user=0.24 sys=0.00, real=0.03 secs] 
2016-09-24T02:15:22.750-0400: 73.497: [GC (GCLocker Initiated GC) [PSYoungGen: 194411K->29920K(218624K)] 597582K->434483K(742912K), 0.0054429 secs] [Times: user=0.04 sys=0.00, real=0.01 secs] 
2016-09-24T02:15:22.946-0400: 73.693: [GC (GCLocker Initiated GC) [PSYoungGen: 206048K->38339K(214528K)] 618840K->455170K(738816K), 0.0095095 secs] [Times: user=0.08 sys=0.00, real=0.01 secs] 
2016-09-24T02:15:23.133-0400: 73.880: [GC (GCLocker Initiated GC) [PSYoungGen: 214467K->24784K(218624K)] 635381K->447115K(742912K), 0.0063579 secs] [Times: user=0.04 sys=0.00, real=0.01 secs] 
2016-09-24T02:15:23.299-0400: 74.046: [GC (GCLocker Initiated GC) [PSYoungGen: 198864K->31456K(217600K)] 621202K->458081K(741888K), 0.0065814 secs] [Times: user=0.04 sys=0.00, real=0.01 secs] 
2016-09-24T02:15:23.476-0400: 74.223: [GC (GCLocker Initiated GC) [PSYoungGen: 205536K->23013K(218112K)] 642975K->461888K(742400K), 0.0051684 secs] [Times: user=0.04 sys=0.00, real=0.00 secs] 
2016-09-24T02:15:23.643-0400: 74.390: [GC (GCLocker Initiated GC) [PSYoungGen: 197605K->23193K(217600K)] 646028K->472740K(741888K), 0.0069041 secs] [Times: user=0.05 sys=0.01, real=0.00 secs] 
2016-09-24T02:15:23.815-0400: 74.562: [GC (GCLocker Initiated GC) [PSYoungGen: 197785K->23118K(218112K)] 647924K->474511K(742400K), 0.0100759 secs] [Times: user=0.07 sys=0.00, real=0.01 secs] 
2016-09-24T02:15:23.977-0400: 74.724: [GC (GCLocker Initiated GC) [PSYoungGen: 199246K->32685K(217600K)] 656057K->498859K(741888K), 0.0229244 secs] [Times: user=0.22 sys=0.01, real=0.02 secs] 
2016-09-24T02:15:24.178-0400: 74.925: [GC (Allocation Failure) [PSYoungGen: 208813K->20689K(220160K)] 684521K->511149K(744448K), 0.0251878 secs] [Times: user=0.20 sys=0.00, real=0.03 secs] 
2016-09-24T02:15:24.380-0400: 75.127: [GC (GCLocker Initiated GC) [PSYoungGen: 197886K->41231K(219648K)] 691046K->546676K(743936K), 0.0079150 secs] [Times: user=0.07 sys=0.00, real=0.01 secs] 
2016-09-24T02:15:24.570-0400: 75.317: [Full GC (Ergonomics) [PSYoungGen: 219407K->0K(219648K)] [ParOldGen: 513739K->141222K(524288K)] 733146K->141222K(743936K), [Metaspace: 43689K->43689K(1087488K)], 0.0656440 secs] [Times: user=0.46 sys=0.01, real=0.07 secs] 
2016-09-24T02:15:24.822-0400: 75.569: [GC (GCLocker Initiated GC) [PSYoungGen: 178176K->8864K(210432K)] 334269K->164957K(734720K), 0.0127628 secs] [Times: user=0.15 sys=0.01, real=0.01 secs] 
2016-09-24T02:15:25.003-0400: 75.750: [GC (GCLocker Initiated GC) [PSYoungGen: 176800K->31482K(215040K)] 332901K->190656K(739328K), 0.0046534 secs] [Times: user=0.03 sys=0.00, real=0.00 secs] 
2016-09-24T02:15:25.164-0400: 75.911: [GC (GCLocker Initiated GC) [PSYoungGen: 199418K->45254K(205824K)] 358642K->208528K(730112K), 0.0054623 secs] [Times: user=0.07 sys=0.00, real=0.00 secs] 
2016-09-24T02:15:25.331-0400: 76.078: [GC (GCLocker Initiated GC) [PSYoungGen: 203974K->23331K(210432K)] 372806K->193706K(734720K), 0.0245071 secs] [Times: user=0.34 sys=0.00, real=0.03 secs] 
2016-09-24T02:15:25.503-0400: 76.250: [GC (GCLocker Initiated GC) [PSYoungGen: 182051K->22945K(206336K)] 352435K->194724K(730624K), 0.0069299 secs] [Times: user=0.05 sys=0.01, real=0.00 secs] 
2016-09-24T02:15:25.649-0400: 76.396: [GC (GCLocker Initiated GC) [PSYoungGen: 182689K->29930K(208896K)] 357180K->205514K(733184K), 0.0045214 secs] [Times: user=0.03 sys=0.00, real=0.00 secs] 
2016-09-24T02:15:25.799-0400: 76.546: [GC (GCLocker Initiated GC) [PSYoungGen: 189674K->43739K(206848K)] 365266K->220527K(731136K), 0.0095541 secs] [Times: user=0.12 sys=0.00, real=0.01 secs] 
2016-09-24T02:15:25.957-0400: 76.704: [GC (GCLocker Initiated GC) [PSYoungGen: 202459K->43773K(202752K)] 379485K->222288K(727040K), 0.0098416 secs] [Times: user=0.10 sys=0.00, real=0.01 secs] 
2016-09-24T02:15:26.118-0400: 76.865: [GC (GCLocker Initiated GC) [PSYoungGen: 202493K->37011K(207360K)] 389115K->225021K(731648K), 0.0058413 secs] [Times: user=0.05 sys=0.00, real=0.01 secs] 
2016-09-24T02:15:26.274-0400: 77.021: [GC (GCLocker Initiated GC) [PSYoungGen: 189587K->42591K(195584K)] 380410K->234940K(719872K), 0.0112207 secs] [Times: user=0.10 sys=0.01, real=0.02 secs] 
2016-09-24T02:15:26.439-0400: 77.186: [GC (GCLocker Initiated GC) [PSYoungGen: 195167K->23338K(206336K)] 394297K->224015K(730624K), 0.0085189 secs] [Times: user=0.09 sys=0.00, real=0.01 secs] 
2016-09-24T02:15:26.586-0400: 77.334: [GC (GCLocker Initiated GC) [PSYoungGen: 172842K->24470K(174080K)] 376235K->231853K(698368K), 0.0121367 secs] [Times: user=0.09 sys=0.00, real=0.01 secs] 
2016-09-24T02:15:26.743-0400: 77.490: [GC (GCLocker Initiated GC) [PSYoungGen: 173974K->44930K(201728K)] 381375K->253483K(726016K), 0.0059415 secs] [Times: user=0.07 sys=0.01, real=0.00 secs] 
2016-09-24T02:15:26.898-0400: 77.645: [GC (GCLocker Initiated GC) [PSYoungGen: 191874K->16636K(204288K)] 408582K->250778K(728576K), 0.0130820 secs] [Times: user=0.15 sys=0.00, real=0.01 secs] 
2016-09-24T02:15:27.066-0400: 77.813: [GC (GCLocker Initiated GC) [PSYoungGen: 163580K->22316K(202240K)] 403187K->276849K(726528K), 0.0060652 secs] [Times: user=0.04 sys=0.00, real=0.00 secs] 
2016-09-24T02:15:27.236-0400: 77.983: [GC (GCLocker Initiated GC) [PSYoungGen: 169260K->20853K(203264K)] 430655K->283787K(727552K), 0.0125408 secs] [Times: user=0.10 sys=0.00, real=0.01 secs] 
2016-09-24T02:15:27.378-0400: 78.125: [GC (GCLocker Initiated GC) [PSYoungGen: 167797K->36639K(205312K)] 430745K->306588K(729600K), 0.0111343 secs] [Times: user=0.10 sys=0.00, real=0.01 secs] 
2016-09-24T02:15:27.533-0400: 78.280: [GC (GCLocker Initiated GC) [PSYoungGen: 186655K->39374K(205824K)] 456637K->310575K(730112K), 0.0073307 secs] [Times: user=0.06 sys=0.01, real=0.01 secs] 
2016-09-24T02:15:27.687-0400: 78.434: [GC (GCLocker Initiated GC) [PSYoungGen: 189390K->20636K(205824K)] 463418K->312166K(730112K), 0.0113291 secs] [Times: user=0.10 sys=0.01, real=0.01 secs] 
2016-09-24T02:15:27.845-0400: 78.592: [GC (GCLocker Initiated GC) [PSYoungGen: 170652K->34141K(184320K)] 462255K->327168K(708608K), 0.0064465 secs] [Times: user=0.05 sys=0.00, real=0.00 secs] 
2016-09-24T02:15:27.994-0400: 78.741: [GC (GCLocker Initiated GC) [PSYoungGen: 184157K->35391K(205824K)] 479942K->332787K(730112K), 0.0055684 secs] [Times: user=0.03 sys=0.00, real=0.01 secs] 
2016-09-24T02:15:28.181-0400: 78.928: [GC (GCLocker Initiated GC) [PSYoungGen: 186431K->28638K(205312K)] 491944K->335496K(729600K), 0.0089008 secs] [Times: user=0.06 sys=0.01, real=0.01 secs] 
2016-09-24T02:15:28.347-0400: 79.094: [GC (GCLocker Initiated GC) [PSYoungGen: 179678K->19260K(205312K)] 486565K->343728K(729600K), 0.0051644 secs] [Times: user=0.04 sys=0.00, real=0.00 secs] 
2016-09-24T02:15:28.511-0400: 79.258: [GC (GCLocker Initiated GC) [PSYoungGen: 172348K->18009K(205312K)] 496872K->354779K(729600K), 0.0191338 secs] [Times: user=0.15 sys=0.01, real=0.02 secs] 
2016-09-24T02:15:28.690-0400: 79.437: [GC (Allocation Failure) [PSYoungGen: 171097K->36850K(208384K)] 508004K->375382K(732672K), 0.0061276 secs] [Times: user=0.04 sys=0.00, real=0.01 secs] 
2016-09-24T02:15:28.867-0400: 79.614: [GC (GCLocker Initiated GC) [PSYoungGen: 193522K->22199K(179200K)] 532054K->367610K(703488K), 0.0060910 secs] [Times: user=0.04 sys=0.00, real=0.00 secs] 
2016-09-24T02:15:29.020-0400: 79.767: [GC (GCLocker Initiated GC) [PSYoungGen: 178871K->37004K(207872K)] 525871K->385681K(732160K), 0.0056959 secs] [Times: user=0.03 sys=0.00, real=0.01 secs] 
2016-09-24T02:15:29.188-0400: 79.935: [GC (GCLocker Initiated GC) [PSYoungGen: 193676K->24884K(208896K)] 542590K->394306K(733184K), 0.0058485 secs] [Times: user=0.04 sys=0.01, real=0.00 secs] 
2016-09-24T02:15:29.369-0400: 80.116: [GC (GCLocker Initiated GC) [PSYoungGen: 181556K->22191K(208384K)] 563175K->405392K(732672K), 0.0102599 secs] [Times: user=0.12 sys=0.00, real=0.01 secs] 
2016-09-24T02:15:29.563-0400: 80.310: [GC (GCLocker Initiated GC) [PSYoungGen: 181423K->30431K(208896K)] 569052K->419609K(733184K), 0.0051922 secs] [Times: user=0.04 sys=0.00, real=0.00 secs] 
2016-09-24T02:15:29.742-0400: 80.489: [GC (GCLocker Initiated GC) [PSYoungGen: 189663K->22362K(210944K)] 578900K->413190K(735232K), 0.0146666 secs] [Times: user=0.12 sys=0.00, real=0.02 secs] 
2016-09-24T02:15:29.939-0400: 80.686: [GC (GCLocker Initiated GC) [PSYoungGen: 186202K->25265K(211456K)] 582438K->423333K(735744K), 0.0050904 secs] [Times: user=0.04 sys=0.00, real=0.01 secs] 
2016-09-24T02:15:30.132-0400: 80.879: [GC (GCLocker Initiated GC) [PSYoungGen: 189105K->31902K(214016K)] 587190K->431942K(738304K), 0.0143860 secs] [Times: user=0.18 sys=0.00, real=0.02 secs] 
2016-09-24T02:15:30.318-0400: 81.065: [GC (GCLocker Initiated GC) [PSYoungGen: 199838K->37312K(213504K)] 602585K->441926K(737792K), 0.0064902 secs] [Times: user=0.07 sys=0.00, real=0.01 secs] 
2016-09-24T02:15:30.498-0400: 81.245: [GC (GCLocker Initiated GC) [PSYoungGen: 205248K->31991K(215552K)] 616618K->445158K(739840K), 0.0104097 secs] [Times: user=0.17 sys=0.00, real=0.01 secs] 
2016-09-24T02:15:30.689-0400: 81.436: [GC (GCLocker Initiated GC) [PSYoungGen: 199927K->44105K(212480K)] 613127K->459149K(736768K), 0.0071946 secs] [Times: user=0.07 sys=0.00, real=0.01 secs] 
2016-09-24T02:15:30.867-0400: 81.614: [GC (GCLocker Initiated GC) [PSYoungGen: 212041K->48203K(201216K)] 629809K->489331K(725504K), 0.0079395 secs] [Times: user=0.10 sys=0.01, real=0.01 secs] 
2016-09-24T02:15:31.037-0400: 81.784: [GC (GCLocker Initiated GC) [PSYoungGen: 199755K->25235K(206848K)] 646301K->497888K(731136K), 0.0053066 secs] [Times: user=0.07 sys=0.00, real=0.00 secs] 
2016-09-24T02:15:31.200-0400: 81.947: [GC (GCLocker Initiated GC) [PSYoungGen: 176787K->33088K(201728K)] 657567K->515649K(726016K), 0.0048604 secs] [Times: user=0.07 sys=0.00, real=0.01 secs] 
2016-09-24T02:15:31.380-0400: 82.127: [GC (GCLocker Initiated GC) [PSYoungGen: 185664K->32239K(204800K)] 672427K->520561K(729088K), 0.0054877 secs] [Times: user=0.04 sys=0.00, real=0.01 secs] 
2016-09-24T02:15:31.557-0400: 82.304: [Full GC (Ergonomics) [PSYoungGen: 184815K->0K(204800K)] [ParOldGen: 501940K->136358K(524288K)] 686756K->136358K(729088K), [Metaspace: 43710K->43710K(1087488K)], 0.0664201 secs] [Times: user=0.52 sys=0.00, real=0.07 secs] 
2016-09-24T02:15:31.795-0400: 82.542: [GC (GCLocker Initiated GC) [PSYoungGen: 152576K->35919K(207360K)] 291667K->175010K(731648K), 0.0245584 secs] [Times: user=0.25 sys=0.00, real=0.02 secs] 
2016-09-24T02:15:31.981-0400: 82.728: [GC (GCLocker Initiated GC) [PSYoungGen: 195151K->23471K(209408K)] 336956K->167037K(733696K), 0.0099495 secs] [Times: user=0.08 sys=0.00, real=0.01 secs] 
2016-09-24T02:15:32.151-0400: 82.898: [GC (GCLocker Initiated GC) [PSYoungGen: 182703K->33144K(209408K)] 329214K->181158K(733696K), 0.0095739 secs] [Times: user=0.08 sys=0.00, real=0.01 secs] 
2016-09-24T02:15:32.346-0400: 83.093: [GC (GCLocker Initiated GC) [PSYoungGen: 195448K->28119K(210944K)] 348869K->183394K(735232K), 0.0061643 secs] [Times: user=0.06 sys=0.00, real=0.00 secs] 
2016-09-24T02:15:32.517-0400: 83.264: [GC (GCLocker Initiated GC) [PSYoungGen: 190423K->40160K(211456K)] 345936K->197638K(735744K), 0.0256176 secs] [Times: user=0.28 sys=0.00, real=0.03 secs] 
2016-09-24T02:15:32.719-0400: 83.466: [GC (GCLocker Initiated GC) [PSYoungGen: 204000K->33608K(212992K)] 366864K->198320K(737280K), 0.0068877 secs] [Times: user=0.06 sys=0.01, real=0.01 secs] 
2016-09-24T02:15:32.912-0400: 83.659: [GC (GCLocker Initiated GC) [PSYoungGen: 197448K->22042K(212480K)] 366243K->192796K(736768K), 0.0316723 secs] [Times: user=0.25 sys=0.01, real=0.04 secs] 
2016-09-24T02:15:33.135-0400: 83.882: [GC (GCLocker Initiated GC) [PSYoungGen: 186906K->25193K(212992K)] 360410K->213798K(737280K), 0.0131136 secs] [Times: user=0.14 sys=0.01, real=0.01 secs] 
2016-09-24T02:15:33.323-0400: 84.070: [GC (GCLocker Initiated GC) [PSYoungGen: 190057K->36074K(213504K)] 378744K->234840K(737792K), 0.0059136 secs] [Times: user=0.05 sys=0.00, real=0.00 secs] 
2016-09-24T02:15:33.495-0400: 84.242: [GC (GCLocker Initiated GC) [PSYoungGen: 201962K->33420K(199680K)] 400741K->247528K(723968K), 0.0074161 secs] [Times: user=0.07 sys=0.01, real=0.00 secs] 
2016-09-24T02:15:33.670-0400: 84.417: [GC (GCLocker Initiated GC) [PSYoungGen: 199308K->45621K(207872K)] 414937K->265784K(732160K), 0.0156348 secs] [Times: user=0.21 sys=0.02, real=0.02 secs] 
2016-09-24T02:15:33.878-0400: 84.625: [GC (GCLocker Initiated GC) [PSYoungGen: 206389K->23636K(211456K)] 430763K->255358K(735744K), 0.0054766 secs] [Times: user=0.03 sys=0.00, real=0.01 secs] 
2016-09-24T02:15:34.049-0400: 84.796: [GC (GCLocker Initiated GC) [PSYoungGen: 184404K->20652K(211456K)] 416465K->254253K(735744K), 0.0172458 secs] [Times: user=0.14 sys=0.00, real=0.02 secs] 
2016-09-24T02:15:34.241-0400: 84.988: [GC (GCLocker Initiated GC) [PSYoungGen: 181420K->20933K(211456K)] 421913K->262906K(735744K), 0.0062244 secs] [Times: user=0.04 sys=0.00, real=0.01 secs] 
2016-09-24T02:15:34.419-0400: 85.166: [GC (GCLocker Initiated GC) [PSYoungGen: 181701K->26338K(208384K)] 426425K->280915K(732672K), 0.0097556 secs] [Times: user=0.08 sys=0.00, real=0.01 secs] 
2016-09-24T02:15:34.615-0400: 85.362: [GC (GCLocker Initiated GC) [PSYoungGen: 187106K->32058K(209920K)] 444387K->307386K(734208K), 0.0056350 secs] [Times: user=0.05 sys=0.00, real=0.00 secs] 
2016-09-24T02:15:34.781-0400: 85.528: [GC (GCLocker Initiated GC) [PSYoungGen: 192826K->34545K(212480K)] 468348K->311945K(736768K), 0.0055488 secs] [Times: user=0.05 sys=0.01, real=0.01 secs] 
2016-09-24T02:15:34.956-0400: 85.703: [GC (GCLocker Initiated GC) [PSYoungGen: 199409K->46818K(211968K)] 482325K->331464K(736256K), 0.0134971 secs] [Times: user=0.16 sys=0.00, real=0.01 secs] 
2016-09-24T02:15:35.152-0400: 85.899: [GC (GCLocker Initiated GC) [PSYoungGen: 211682K->29096K(210944K)] 496334K->320904K(735232K), 0.0100571 secs] [Times: user=0.06 sys=0.00, real=0.02 secs] 
2016-09-24T02:15:35.319-0400: 86.066: [GC (GCLocker Initiated GC) [PSYoungGen: 189864K->23813K(211456K)] 493859K->329592K(735744K), 0.0053299 secs] [Times: user=0.03 sys=0.00, real=0.01 secs] 
2016-09-24T02:15:35.503-0400: 86.250: [GC (GCLocker Initiated GC) [PSYoungGen: 184581K->22397K(210432K)] 497118K->336675K(734720K), 0.0091343 secs] [Times: user=0.08 sys=0.00, real=0.00 secs] 
2016-09-24T02:15:35.662-0400: 86.409: [GC (GCLocker Initiated GC) [PSYoungGen: 183677K->31586K(210944K)] 498245K->348030K(735232K), 0.0251333 secs] [Times: user=0.25 sys=0.01, real=0.02 secs] 
2016-09-24T02:15:35.855-0400: 86.602: [GC (GCLocker Initiated GC) [PSYoungGen: 192866K->24855K(210944K)] 517428K->350983K(735232K), 0.0063799 secs] [Times: user=0.05 sys=0.00, real=0.00 secs] 
2016-09-24T02:15:36.027-0400: 86.774: [GC (GCLocker Initiated GC) [PSYoungGen: 188695K->23295K(211456K)] 514841K->369966K(735744K), 0.0132418 secs] [Times: user=0.14 sys=0.00, real=0.01 secs] 
2016-09-24T02:15:36.209-0400: 86.956: [GC (GCLocker Initiated GC) [PSYoungGen: 187135K->26514K(212992K)] 537864K->392167K(737280K), 0.0114196 secs] [Times: user=0.13 sys=0.00, real=0.01 secs] 
2016-09-24T02:15:36.382-0400: 87.129: [GC (GCLocker Initiated GC) [PSYoungGen: 194450K->42543K(210944K)] 560135K->410075K(735232K), 0.0108016 secs] [Times: user=0.09 sys=0.00, real=0.00 secs] 
2016-09-24T02:15:36.568-0400: 87.315: [GC (GCLocker Initiated GC) [PSYoungGen: 210479K->18411K(212992K)] 588823K->420030K(737280K), 0.0156522 secs] [Times: user=0.15 sys=0.01, real=0.02 secs] 
2016-09-24T02:15:36.740-0400: 87.487: [GC (GCLocker Initiated GC) [PSYoungGen: 182251K->39893K(203776K)] 590623K->450188K(728064K), 0.0113796 secs] [Times: user=0.12 sys=0.00, real=0.01 secs] 
2016-09-24T02:15:36.902-0400: 87.649: [GC (GCLocker Initiated GC) [PSYoungGen: 203733K->19240K(211456K)] 618605K->435733K(735744K), 0.0047532 secs] [Times: user=0.03 sys=0.00, real=0.00 secs] 
2016-09-24T02:15:37.045-0400: 87.792: [GC (GCLocker Initiated GC) [PSYoungGen: 179496K->31319K(192000K)] 596059K->449281K(716288K), 0.0071321 secs] [Times: user=0.05 sys=0.01, real=0.00 secs] 
2016-09-24T02:15:37.187-0400: 87.934: [GC (GCLocker Initiated GC) [PSYoungGen: 191575K->24594K(211456K)] 612274K->479028K(735744K), 0.0183851 secs] [Times: user=0.20 sys=0.00, real=0.02 secs] 
2016-09-24T02:15:37.345-0400: 88.092: [GC (GCLocker Initiated GC) [PSYoungGen: 186386K->46107K(208384K)] 640853K->501906K(732672K), 0.0067698 secs] [Times: user=0.05 sys=0.01, real=0.00 secs] 
2016-09-24T02:15:37.496-0400: 88.243: [GC (GCLocker Initiated GC) [PSYoungGen: 207899K->50671K(198144K)] 663738K->515799K(722432K), 0.0077598 secs] [Times: user=0.09 sys=0.01, real=0.01 secs] 
2016-09-24T02:15:37.642-0400: 88.390: [GC (GCLocker Initiated GC) [PSYoungGen: 196079K->24760K(203776K)] 666691K->510291K(728064K), 0.0130338 secs] [Times: user=0.15 sys=0.00, real=0.01 secs] 
2016-09-24T02:15:37.793-0400: 88.540: [GC (GCLocker Initiated GC) [PSYoungGen: 170168K->30096K(198144K)] 658409K->519722K(722432K), 0.0202717 secs] [Times: user=0.19 sys=0.00, real=0.02 secs] 
2016-09-24T02:15:37.947-0400: 88.694: [Full GC (Ergonomics) [PSYoungGen: 177040K->0K(198144K)] [ParOldGen: 496417K->193742K(524288K)] 673458K->193742K(722432K), [Metaspace: 43710K->43710K(1087488K)], 0.0719562 secs] [Times: user=0.44 sys=0.01, real=0.07 secs] 
2016-09-24T02:15:38.173-0400: 88.920: [GC (GCLocker Initiated GC) [PSYoungGen: 146944K->27817K(201728K)] 346909K->227783K(726016K), 0.0082518 secs] [Times: user=0.09 sys=0.01, real=0.01 secs] 
2016-09-24T02:15:38.317-0400: 89.065: [GC (GCLocker Initiated GC) [PSYoungGen: 174761K->38177K(205824K)] 377514K->242746K(730112K), 0.0067004 secs] [Times: user=0.05 sys=0.00, real=0.01 secs] 
2016-09-24T02:15:38.471-0400: 89.218: [GC (GCLocker Initiated GC) [PSYoungGen: 192289K->43606K(198144K)] 396933K->249481K(722432K), 0.0065894 secs] [Times: user=0.06 sys=0.01, real=0.01 secs] 
2016-09-24T02:15:38.629-0400: 89.376: [GC (GCLocker Initiated GC) [PSYoungGen: 197718K->19588K(206336K)] 408995K->256545K(730624K), 0.0090442 secs] [Times: user=0.08 sys=0.00, real=0.01 secs] 
2016-09-24T02:15:38.787-0400: 89.534: [GC (GCLocker Initiated GC) [PSYoungGen: 170116K->23866K(174592K)] 416659K->271976K(698880K), 0.0043939 secs] [Times: user=0.05 sys=0.01, real=0.00 secs] 
2016-09-24T02:15:38.956-0400: 89.703: [GC (GCLocker Initiated GC) [PSYoungGen: 174394K->45333K(201216K)] 422542K->295065K(725504K), 0.0234689 secs] [Times: user=0.33 sys=0.00, real=0.02 secs] 
2016-09-24T02:15:39.117-0400: 89.864: [GC (GCLocker Initiated GC) [PSYoungGen: 191765K->41161K(187904K)] 444222K->308730K(712192K), 0.0098819 secs] [Times: user=0.13 sys=0.00, real=0.01 secs] 
2016-09-24T02:15:39.268-0400: 90.015: [GC (GCLocker Initiated GC) [PSYoungGen: 187593K->24451K(204800K)] 463344K->301693K(729088K), 0.0273987 secs] [Times: user=0.33 sys=0.00, real=0.03 secs] 
2016-09-24T02:15:39.420-0400: 90.167: [GC (GCLocker Initiated GC) [PSYoungGen: 170883K->52883K(199680K)] 448288K->331509K(723968K), 0.0061864 secs] [Times: user=0.08 sys=0.00, real=0.01 secs] 
2016-09-24T02:15:39.559-0400: 90.306: [GC (GCLocker Initiated GC) [PSYoungGen: 199315K->24805K(200704K)] 494196K->320799K(724992K), 0.0122125 secs] [Times: user=0.16 sys=0.00, real=0.01 secs] 
2016-09-24T02:15:39.707-0400: 90.454: [GC (GCLocker Initiated GC) [PSYoungGen: 163045K->19236K(157696K)] 471234K->328712K(681984K), 0.0072559 secs] [Times: user=0.06 sys=0.00, real=0.01 secs] 
2016-09-24T02:15:39.848-0400: 90.595: [GC (GCLocker Initiated GC) [PSYoungGen: 157476K->24645K(200704K)] 471454K->339990K(724992K), 0.0107631 secs] [Times: user=0.14 sys=0.00, real=0.01 secs] 
2016-09-24T02:15:39.986-0400: 90.733: [GC (GCLocker Initiated GC) [PSYoungGen: 164421K->27412K(199168K)] 487899K->352189K(723456K), 0.0133439 secs] [Times: user=0.18 sys=0.00, real=0.01 secs] 
2016-09-24T02:15:40.119-0400: 90.866: [GC (GCLocker Initiated GC) [PSYoungGen: 167188K->24401K(200704K)] 494748K->354624K(724992K), 0.0134292 secs] [Times: user=0.12 sys=0.00, real=0.01 secs] 
2016-09-24T02:15:40.275-0400: 91.022: [GC (GCLocker Initiated GC) [PSYoungGen: 167761K->31091K(199168K)] 510369K->374890K(723456K), 0.0100997 secs] [Times: user=0.09 sys=0.01, real=0.01 secs] 
2016-09-24T02:15:40.426-0400: 91.173: [GC (GCLocker Initiated GC) [PSYoungGen: 174451K->35647K(203264K)] 521527K->383813K(727552K), 0.0070301 secs] [Times: user=0.06 sys=0.01, real=0.00 secs] 
2016-09-24T02:15:40.569-0400: 91.316: [GC (GCLocker Initiated GC) [PSYoungGen: 185151K->38205K(202752K)] 533450K->401372K(727040K), 0.0078920 secs] [Times: user=0.08 sys=0.00, real=0.01 secs] 
2016-09-24T02:15:40.715-0400: 91.462: [GC (GCLocker Initiated GC) [PSYoungGen: 187709K->35437K(207360K)] 551020K->400106K(731648K), 0.0202786 secs] [Times: user=0.24 sys=0.01, real=0.02 secs] 
2016-09-24T02:15:40.894-0400: 91.641: [GC (GCLocker Initiated GC) [PSYoungGen: 190573K->28892K(207872K)] 557975K->400345K(732160K), 0.0127055 secs] [Times: user=0.11 sys=0.01, real=0.01 secs] 
2016-09-24T02:15:41.052-0400: 91.799: [GC (GCLocker Initiated GC) [PSYoungGen: 184028K->18129K(207872K)] 568991K->431664K(732160K), 0.0165182 secs] [Times: user=0.16 sys=0.00, real=0.02 secs] 
2016-09-24T02:15:41.206-0400: 91.953: [GC (GCLocker Initiated GC) [PSYoungGen: 174801K->37984K(208384K)] 588406K->453175K(732672K), 0.0340945 secs] [Times: user=0.35 sys=0.00, real=0.03 secs] 
2016-09-24T02:15:41.405-0400: 92.152: [GC (GCLocker Initiated GC) [PSYoungGen: 194656K->27142K(208384K)] 616600K->450284K(732672K), 0.0124964 secs] [Times: user=0.12 sys=0.02, real=0.01 secs] 
2016-09-24T02:15:41.569-0400: 92.316: [GC (GCLocker Initiated GC) [PSYoungGen: 184838K->31163K(208896K)] 616109K->463593K(733184K), 0.0095515 secs] [Times: user=0.07 sys=0.01, real=0.01 secs] 
2016-09-24T02:15:41.720-0400: 92.467: [GC (GCLocker Initiated GC) [PSYoungGen: 188859K->25803K(209920K)] 626699K->483738K(734208K), 0.0216612 secs] [Times: user=0.20 sys=0.00, real=0.02 secs] 
2016-09-24T02:15:41.902-0400: 92.649: [GC (GCLocker Initiated GC) [PSYoungGen: 187083K->9698K(209408K)] 658532K->482290K(733696K), 0.0337563 secs] [Times: user=0.37 sys=0.00, real=0.04 secs] 
2016-09-24T02:15:42.108-0400: 92.855: [GC (GCLocker Initiated GC) [PSYoungGen: 170978K->15452K(211968K)] 655846K->501686K(736256K), 0.0237991 secs] [Times: user=0.30 sys=0.00, real=0.02 secs] 
2016-09-24T02:15:42.274-0400: 93.021: [GC (GCLocker Initiated GC) [PSYoungGen: 177244K->48963K(210944K)] 663511K->542137K(735232K), 0.0092114 secs] [Times: user=0.10 sys=0.00, real=0.01 secs] 
2016-09-24T02:15:42.431-0400: 93.178: [GC (GCLocker Initiated GC) [PSYoungGen: 210755K->32552K(204800K)] 704064K->540597K(729088K), 0.0091645 secs] [Times: user=0.10 sys=0.01, real=0.01 secs] 
2016-09-24T02:15:42.440-0400: 93.187: [Full GC (Ergonomics) [PSYoungGen: 32552K->0K(204800K)] [ParOldGen: 508045K->181759K(524288K)] 540597K->181759K(729088K), [Metaspace: 43712K->43712K(1087488K)], 0.0615166 secs] [Times: user=0.44 sys=0.01, real=0.06 secs] 
2016-09-24T02:15:42.650-0400: 93.397: [GC (GCLocker Initiated GC) [PSYoungGen: 153600K->26253K(207872K)] 340792K->213446K(732160K), 0.0057996 secs] [Times: user=0.06 sys=0.00, real=0.01 secs] 
2016-09-24T02:15:42.815-0400: 93.562: [GC (GCLocker Initiated GC) [PSYoungGen: 179853K->25994K(202240K)] 374141K->224512K(726528K), 0.0173845 secs] [Times: user=0.19 sys=0.00, real=0.01 secs] 
2016-09-24T02:15:42.976-0400: 93.723: [GC (GCLocker Initiated GC) [PSYoungGen: 181130K->34179K(205824K)] 387833K->242312K(730112K), 0.0158225 secs] [Times: user=0.16 sys=0.00, real=0.01 secs] 
2016-09-24T02:15:43.157-0400: 93.904: [GC (GCLocker Initiated GC) [PSYoungGen: 189315K->4580K(207360K)] 409612K->226280K(731648K), 0.0135029 secs] [Times: user=0.13 sys=0.00, real=0.01 secs] 
2016-09-24T02:15:43.308-0400: 94.055: [GC (GCLocker Initiated GC) [PSYoungGen: 161252K->18853K(209408K)] 392514K->251575K(733696K), 0.0051665 secs] [Times: user=0.03 sys=0.00, real=0.00 secs] 
2016-09-24T02:15:43.476-0400: 94.223: [GC (GCLocker Initiated GC) [PSYoungGen: 175525K->20299K(205312K)] 415593K->261399K(729600K), 0.0055685 secs] [Times: user=0.04 sys=0.00, real=0.00 secs] 
2016-09-24T02:15:43.612-0400: 94.359: [GC (GCLocker Initiated GC) [PSYoungGen: 177995K->39235K(207872K)] 421887K->284298K(732160K), 0.0072187 secs] [Times: user=0.04 sys=0.01, real=0.01 secs] 
2016-09-24T02:15:43.765-0400: 94.512: [GC (GCLocker Initiated GC) [PSYoungGen: 196931K->21968K(209920K)] 444931K->287316K(734208K), 0.0125255 secs] [Times: user=0.10 sys=0.00, real=0.01 secs] 
2016-09-24T02:15:43.925-0400: 94.672: [GC (GCLocker Initiated GC) [PSYoungGen: 180688K->20407K(209408K)] 454164K->295109K(733696K), 0.0121425 secs] [Times: user=0.10 sys=0.00, real=0.01 secs] 
2016-09-24T02:15:44.084-0400: 94.831: [GC (GCLocker Initiated GC) [PSYoungGen: 179127K->25831K(207872K)] 454003K->301894K(732160K), 0.0070996 secs] [Times: user=0.05 sys=0.00, real=0.00 secs] 
2016-09-24T02:15:44.242-0400: 94.989: [GC (GCLocker Initiated GC) [PSYoungGen: 187623K->20532K(208896K)] 473165K->318125K(733184K), 0.0060178 secs] [Times: user=0.04 sys=0.00, real=0.01 secs] 
2016-09-24T02:15:44.427-0400: 95.174: [GC (GCLocker Initiated GC) [PSYoungGen: 182324K->17953K(212992K)] 486827K->337240K(737280K), 0.0109736 secs] [Times: user=0.08 sys=0.00, real=0.01 secs] 
2016-09-24T02:15:44.599-0400: 95.346: [GC (GCLocker Initiated GC) [PSYoungGen: 186913K->34199K(214016K)] 510254K->358968K(738304K), 0.0200736 secs] [Times: user=0.19 sys=0.01, real=0.02 secs] 
2016-09-24T02:15:44.780-0400: 95.527: [GC (GCLocker Initiated GC) [PSYoungGen: 203159K->24536K(214528K)] 530639K->353489K(738816K), 0.0077474 secs] [Times: user=0.06 sys=0.00, real=0.01 secs] 
2016-09-24T02:15:44.949-0400: 95.696: [GC (GCLocker Initiated GC) [PSYoungGen: 195032K->35625K(215040K)] 526689K->368597K(739328K), 0.0225369 secs] [Times: user=0.21 sys=0.01, real=0.02 secs] 
2016-09-24T02:15:45.157-0400: 95.904: [GC (GCLocker Initiated GC) [PSYoungGen: 206121K->23587K(216064K)] 548557K->367530K(740352K), 0.0102504 secs] [Times: user=0.10 sys=0.00, real=0.01 secs] 
2016-09-24T02:15:45.322-0400: 96.069: [GC (GCLocker Initiated GC) [PSYoungGen: 194083K->35517K(215552K)] 540759K->383845K(739840K), 0.0105778 secs] [Times: user=0.13 sys=0.01, real=0.00 secs] 
2016-09-24T02:15:45.500-0400: 96.247: [GC (GCLocker Initiated GC) [PSYoungGen: 206013K->23651K(216064K)] 559703K->378652K(740352K), 0.0075417 secs] [Times: user=0.07 sys=0.00, real=0.01 secs] 
2016-09-24T02:15:45.662-0400: 96.409: [GC (GCLocker Initiated GC) [PSYoungGen: 193635K->39679K(209920K)] 554142K->401622K(734208K), 0.0297088 secs] [Times: user=0.32 sys=0.01, real=0.03 secs] 
2016-09-24T02:15:45.837-0400: 96.584: [GC (GCLocker Initiated GC) [PSYoungGen: 209663K->46374K(203776K)] 571643K->417822K(728064K), 0.0108896 secs] [Times: user=0.15 sys=0.00, real=0.01 secs] 
2016-09-24T02:15:45.979-0400: 96.726: [GC (GCLocker Initiated GC) [PSYoungGen: 202022K->36810K(208896K)] 573633K->409785K(733184K), 0.0049388 secs] [Times: user=0.05 sys=0.00, real=0.01 secs] 
2016-09-24T02:15:46.128-0400: 96.875: [GC (GCLocker Initiated GC) [PSYoungGen: 192458K->30056K(204800K)] 566792K->405598K(729088K), 0.0142276 secs] [Times: user=0.14 sys=0.00, real=0.02 secs] 
2016-09-24T02:15:46.284-0400: 97.031: [GC (GCLocker Initiated GC) [PSYoungGen: 185704K->27144K(206848K)] 565411K->408149K(731136K), 0.0224166 secs] [Times: user=0.29 sys=0.01, real=0.02 secs] 
2016-09-24T02:15:46.455-0400: 97.202: [GC (GCLocker Initiated GC) [PSYoungGen: 182792K->25928K(208384K)] 570587K->439304K(732672K), 0.0108847 secs] [Times: user=0.14 sys=0.01, real=0.01 secs] 
2016-09-24T02:15:46.608-0400: 97.355: [GC (GCLocker Initiated GC) [PSYoungGen: 187208K->35473K(209920K)] 606017K->471621K(734208K), 0.0051315 secs] [Times: user=0.05 sys=0.00, real=0.00 secs] 
2016-09-24T02:15:46.749-0400: 97.496: [GC (GCLocker Initiated GC) [PSYoungGen: 196753K->34090K(212480K)] 635715K->474261K(736768K), 0.0073902 secs] [Times: user=0.07 sys=0.01, real=0.01 secs] 
2016-09-24T02:15:46.919-0400: 97.666: [GC (GCLocker Initiated GC) [PSYoungGen: 198954K->27319K(212992K)] 644528K->474174K(737280K), 0.0256752 secs] [Times: user=0.25 sys=0.01, real=0.03 secs] 
2016-09-24T02:15:47.086-0400: 97.833: [GC (GCLocker Initiated GC) [PSYoungGen: 192183K->31373K(212480K)] 639043K->479599K(736768K), 0.0134893 secs] [Times: user=0.16 sys=0.00, real=0.01 secs] 
2016-09-24T02:15:47.270-0400: 98.017: [GC (GCLocker Initiated GC) [PSYoungGen: 198285K->31683K(212992K)] 653282K->488033K(737280K), 0.0139870 secs] [Times: user=0.16 sys=0.00, real=0.02 secs] 
2016-09-24T02:15:47.452-0400: 98.199: [GC (GCLocker Initiated GC) [PSYoungGen: 198595K->26304K(214528K)] 660481K->489683K(738816K), 0.0274588 secs] [Times: user=0.34 sys=0.00, real=0.03 secs] 
2016-09-24T02:15:47.638-0400: 98.385: [GC (GCLocker Initiated GC) [PSYoungGen: 197312K->41145K(215040K)] 663466K->508839K(739328K), 0.0115132 secs] [Times: user=0.12 sys=0.00, real=0.01 secs] 
2016-09-24T02:15:47.812-0400: 98.559: [GC (GCLocker Initiated GC) [PSYoungGen: 212153K->30266K(216576K)] 686711K->506379K(740864K), 0.0243724 secs] [Times: user=0.29 sys=0.00, real=0.03 secs] 
2016-09-24T02:15:47.998-0400: 98.745: [GC (GCLocker Initiated GC) [PSYoungGen: 199738K->38332K(215040K)] 680002K->522796K(739328K), 0.0102762 secs] [Times: user=0.10 sys=0.00, real=0.01 secs] 
2016-09-24T02:15:48.156-0400: 98.903: [GC (GCLocker Initiated GC) [PSYoungGen: 207804K->31523K(215552K)] 699053K->543250K(739840K), 0.0203827 secs] [Times: user=0.27 sys=0.00, real=0.02 secs] 
2016-09-24T02:15:48.176-0400: 98.923: [Full GC (Ergonomics) [PSYoungGen: 31523K->0K(215552K)] [ParOldGen: 511727K->130415K(524288K)] 543250K->130415K(739840K), [Metaspace: 43727K->43727K(1087488K)], 0.0625460 secs] [Times: user=0.49 sys=0.02, real=0.06 secs] 
2016-09-24T02:15:48.386-0400: 99.133: [GC (GCLocker Initiated GC) [PSYoungGen: 169984K->38591K(215552K)] 300499K->169107K(739840K), 0.0059114 secs] [Times: user=0.04 sys=0.00, real=0.00 secs] 
2016-09-24T02:15:48.543-0400: 99.290: [GC (GCLocker Initiated GC) [PSYoungGen: 208575K->45143K(209408K)] 344520K->182687K(733696K), 0.0232928 secs] [Times: user=0.28 sys=0.01, real=0.02 secs] 
2016-09-24T02:15:48.707-0400: 99.454: [GC (GCLocker Initiated GC) [PSYoungGen: 207959K->38256K(212480K)] 345525K->180068K(736768K), 0.0096480 secs] [Times: user=0.09 sys=0.00, real=0.01 secs] 
2016-09-24T02:15:48.868-0400: 99.615: [GC (GCLocker Initiated GC) [PSYoungGen: 201072K->29736K(211456K)] 343032K->173063K(735744K), 0.0165148 secs] [Times: user=0.16 sys=0.00, real=0.02 secs] 
2016-09-24T02:15:49.033-0400: 99.780: [GC (GCLocker Initiated GC) [PSYoungGen: 192552K->25817K(211968K)] 340032K->174469K(736256K), 0.0102573 secs] [Times: user=0.08 sys=0.00, real=0.02 secs] 
2016-09-24T02:15:49.201-0400: 99.948: [GC (GCLocker Initiated GC) [PSYoungGen: 188633K->35489K(210944K)] 337295K->185460K(735232K), 0.0062090 secs] [Times: user=0.04 sys=0.00, real=0.01 secs] 
2016-09-24T02:15:49.368-0400: 100.115: [GC (GCLocker Initiated GC) [PSYoungGen: 199329K->26316K(211968K)] 354799K->188616K(736256K), 0.0189275 secs] [Times: user=0.20 sys=0.00, real=0.02 secs] 
2016-09-24T02:15:49.550-0400: 100.297: [GC (GCLocker Initiated GC) [PSYoungGen: 190156K->33084K(210944K)] 355233K->205193K(735232K), 0.0046086 secs] [Times: user=0.03 sys=0.00, real=0.01 secs] 
2016-09-24T02:15:49.700-0400: 100.447: [GC (GCLocker Initiated GC) [PSYoungGen: 198972K->41233K(212480K)] 376510K->220445K(736768K), 0.0289997 secs] [Times: user=0.35 sys=0.00, real=0.03 secs] 
2016-09-24T02:15:49.903-0400: 100.650: [GC (GCLocker Initiated GC) [PSYoungGen: 207121K->39915K(211456K)] 391422K->225819K(735744K), 0.0308467 secs] [Times: user=0.33 sys=0.00, real=0.02 secs] 
2016-09-24T02:15:50.101-0400: 100.848: [GC (GCLocker Initiated GC) [PSYoungGen: 202731K->38792K(212480K)] 394958K->232735K(736768K), 0.0144644 secs] [Times: user=0.21 sys=0.01, real=0.02 secs] 
2016-09-24T02:15:50.281-0400: 101.028: [GC (GCLocker Initiated GC) [PSYoungGen: 201608K->42663K(209408K)] 395580K->243685K(733696K), 0.0218295 secs] [Times: user=0.26 sys=0.00, real=0.03 secs] 
2016-09-24T02:15:50.452-0400: 101.199: [GC (GCLocker Initiated GC) [PSYoungGen: 202407K->33353K(210944K)] 409056K->266049K(735232K), 0.0082885 secs] [Times: user=0.09 sys=0.00, real=0.01 secs] 
2016-09-24T02:15:50.626-0400: 101.373: [GC (GCLocker Initiated GC) [PSYoungGen: 193097K->26581K(210432K)] 434041K->269260K(734720K), 0.0060871 secs] [Times: user=0.04 sys=0.00, real=0.00 secs] 
2016-09-24T02:15:50.790-0400: 101.537: [GC (GCLocker Initiated GC) [PSYoungGen: 187349K->41308K(210944K)] 430035K->285835K(735232K), 0.0220624 secs] [Times: user=0.24 sys=0.00, real=0.02 secs] 
2016-09-24T02:15:50.984-0400: 101.731: [GC (GCLocker Initiated GC) [PSYoungGen: 202076K->13176K(206848K)] 460174K->272999K(731136K), 0.0064862 secs] [Times: user=0.05 sys=0.01, real=0.00 secs] 
2016-09-24T02:15:51.140-0400: 101.887: [GC (GCLocker Initiated GC) [PSYoungGen: 168824K->37051K(208896K)] 434056K->304294K(733184K), 0.0118523 secs] [Times: user=0.10 sys=0.00, real=0.01 secs] 
2016-09-24T02:15:51.302-0400: 102.049: [GC (GCLocker Initiated GC) [PSYoungGen: 192699K->36999K(207360K)] 460020K->305959K(731648K), 0.0081604 secs] [Times: user=0.06 sys=0.01, real=0.01 secs] 
2016-09-24T02:15:51.451-0400: 102.198: [GC (GCLocker Initiated GC) [PSYoungGen: 193159K->24750K(208384K)] 462211K->311557K(732672K), 0.0099126 secs] [Times: user=0.09 sys=0.00, real=0.01 secs] 
2016-09-24T02:15:51.614-0400: 102.362: [GC (GCLocker Initiated GC) [PSYoungGen: 180910K->29046K(207360K)] 473149K->322854K(731648K), 0.0055448 secs] [Times: user=0.05 sys=0.00, real=0.00 secs] 
2016-09-24T02:15:51.787-0400: 102.534: [GC (GCLocker Initiated GC) [PSYoungGen: 187254K->26399K(208896K)] 487865K->333872K(733184K), 0.0126313 secs] [Times: user=0.12 sys=0.00, real=0.01 secs] 
2016-09-24T02:15:51.948-0400: 102.695: [GC (GCLocker Initiated GC) [PSYoungGen: 184607K->35618K(210944K)] 494805K->347626K(735232K), 0.0234778 secs] [Times: user=0.28 sys=0.00, real=0.02 secs] 
2016-09-24T02:15:52.117-0400: 102.864: [GC (GCLocker Initiated GC) [PSYoungGen: 197410K->49230K(211456K)] 509663K->363064K(735744K), 0.0106106 secs] [Times: user=0.13 sys=0.00, real=0.01 secs] 
2016-09-24T02:15:52.271-0400: 103.018: [GC (GCLocker Initiated GC) [PSYoungGen: 211022K->38311K(205312K)] 527667K->356428K(729600K), 0.0212100 secs] [Times: user=0.25 sys=0.00, real=0.02 secs] 
2016-09-24T02:15:52.435-0400: 103.182: [GC (GCLocker Initiated GC) [PSYoungGen: 192935K->33064K(208384K)] 513397K->355011K(732672K), 0.0052592 secs] [Times: user=0.04 sys=0.00, real=0.00 secs] 
2016-09-24T02:15:52.599-0400: 103.346: [GC (GCLocker Initiated GC) [PSYoungGen: 187688K->27573K(204800K)] 513872K->355246K(729088K), 0.0052427 secs] [Times: user=0.04 sys=0.01, real=0.01 secs] 
2016-09-24T02:15:52.754-0400: 103.501: [GC (GCLocker Initiated GC) [PSYoungGen: 183733K->11538K(207360K)] 525205K->354427K(731648K), 0.0043673 secs] [Times: user=0.04 sys=0.01, real=0.01 secs] 
2016-09-24T02:15:52.903-0400: 103.650: [GC (GCLocker Initiated GC) [PSYoungGen: 167698K->35633K(209408K)] 516108K->385610K(733696K), 0.0075591 secs] [Times: user=0.08 sys=0.01, real=0.00 secs] 
2016-09-24T02:15:53.056-0400: 103.803: [GC (GCLocker Initiated GC) [PSYoungGen: 191793K->33090K(189440K)] 547360K->390170K(713728K), 0.0052991 secs] [Times: user=0.06 sys=0.00, real=0.00 secs] 
2016-09-24T02:15:53.211-0400: 103.958: [GC (GCLocker Initiated GC) [PSYoungGen: 189250K->33110K(208896K)] 549062K->394400K(733184K), 0.0051409 secs] [Times: user=0.06 sys=0.00, real=0.01 secs] 
2016-09-24T02:15:53.363-0400: 104.110: [GC (GCLocker Initiated GC) [PSYoungGen: 190806K->33084K(207360K)] 563126K->406940K(731648K), 0.0141501 secs] [Times: user=0.16 sys=0.00, real=0.01 secs] 
2016-09-24T02:15:53.545-0400: 104.292: [GC (GCLocker Initiated GC) [PSYoungGen: 190780K->31454K(210944K)] 570057K->412320K(735232K), 0.0307795 secs] [Times: user=0.26 sys=0.01, real=0.03 secs] 
2016-09-24T02:15:53.746-0400: 104.493: [GC (GCLocker Initiated GC) [PSYoungGen: 194270K->18204K(209920K)] 576520K->410028K(734208K), 0.0090737 secs] [Times: user=0.07 sys=0.01, real=0.01 secs] 
2016-09-24T02:15:53.908-0400: 104.655: [GC (GCLocker Initiated GC) [PSYoungGen: 181020K->35593K(213504K)] 575070K->431323K(737792K), 0.0065258 secs] [Times: user=0.05 sys=0.00, real=0.01 secs] 
2016-09-24T02:15:54.077-0400: 104.825: [GC (GCLocker Initiated GC) [PSYoungGen: 201481K->28580K(194560K)] 602654K->431171K(718848K), 0.0102320 secs] [Times: user=0.09 sys=0.00, real=0.01 secs] 
2016-09-24T02:15:54.253-0400: 105.000: [GC (GCLocker Initiated GC) [PSYoungGen: 194468K->31494K(214016K)] 604008K->442366K(738304K), 0.0073271 secs] [Times: user=0.07 sys=0.00, real=0.01 secs] 
2016-09-24T02:15:54.406-0400: 105.153: [GC (GCLocker Initiated GC) [PSYoungGen: 198918K->30116K(212992K)] 615271K->447869K(737280K), 0.0259932 secs] [Times: user=0.28 sys=0.00, real=0.02 secs] 
2016-09-24T02:15:54.619-0400: 105.366: [GC (GCLocker Initiated GC) [PSYoungGen: 197540K->39869K(211968K)] 620759K->464641K(736256K), 0.0082281 secs] [Times: user=0.10 sys=0.00, real=0.01 secs] 
2016-09-24T02:15:54.792-0400: 105.539: [GC (GCLocker Initiated GC) [PSYoungGen: 207805K->45387K(213504K)] 632659K->471900K(737792K), 0.0076286 secs] [Times: user=0.08 sys=0.00, real=0.01 secs] 
2016-09-24T02:15:54.973-0400: 105.720: [GC (GCLocker Initiated GC) [PSYoungGen: 213323K->38463K(210432K)] 639933K->466820K(734720K), 0.0073445 secs] [Times: user=0.07 sys=0.00, real=0.01 secs] 
2016-09-24T02:15:55.143-0400: 105.890: [GC (GCLocker Initiated GC) [PSYoungGen: 200255K->33251K(211968K)] 639550K->474069K(736256K), 0.0178749 secs] [Times: user=0.22 sys=0.00, real=0.01 secs] 
2016-09-24T02:15:55.326-0400: 106.073: [GC (GCLocker Initiated GC) [PSYoungGen: 195043K->27617K(210944K)] 641387K->475616K(735232K), 0.0138326 secs] [Times: user=0.15 sys=0.00, real=0.01 secs] 
2016-09-24T02:15:55.515-0400: 106.262: [GC (GCLocker Initiated GC) [PSYoungGen: 190945K->41243K(211456K)] 639051K->491034K(735744K), 0.0106338 secs] [Times: user=0.09 sys=0.00, real=0.01 secs] 
2016-09-24T02:15:55.705-0400: 106.452: [GC (GCLocker Initiated GC) [PSYoungGen: 204571K->33087K(212480K)] 657154K->487363K(736768K), 0.0129593 secs] [Times: user=0.17 sys=0.00, real=0.01 secs] 
2016-09-24T02:15:55.897-0400: 106.644: [GC (GCLocker Initiated GC) [PSYoungGen: 197439K->23506K(212480K)] 651762K->487558K(736768K), 0.0230034 secs] [Times: user=0.31 sys=0.00, real=0.02 secs] 
2016-09-24T02:15:56.096-0400: 106.843: [GC (GCLocker Initiated GC) [PSYoungGen: 187858K->24093K(213504K)] 664185K->502071K(737792K), 0.0048889 secs] [Times: user=0.05 sys=0.00, real=0.00 secs] 
2016-09-24T02:15:56.286-0400: 107.033: [GC (GCLocker Initiated GC) [PSYoungGen: 188957K->42783K(207872K)] 666987K->522802K(732160K), 0.0234714 secs] [Times: user=0.29 sys=0.00, real=0.02 secs] 
2016-09-24T02:15:56.474-0400: 107.222: [GC (GCLocker Initiated GC) [PSYoungGen: 207647K->32898K(212992K)] 687857K->536591K(737280K), 0.0175231 secs] [Times: user=0.24 sys=0.01, real=0.01 secs] 
2016-09-24T02:15:56.657-0400: 107.404: [Full GC (Ergonomics) [PSYoungGen: 195202K->0K(212992K)] [ParOldGen: 509326K->143740K(524288K)] 704529K->143740K(737280K), [Metaspace: 43760K->43760K(1087488K)], 0.0662950 secs] [Times: user=0.57 sys=0.01, real=0.07 secs] 
2016-09-24T02:15:56.887-0400: 107.634: [GC (GCLocker Initiated GC) [PSYoungGen: 162304K->32071K(194560K)] 318210K->187978K(718848K), 0.0100660 secs] [Times: user=0.11 sys=0.00, real=0.01 secs] 
2016-09-24T02:15:57.061-0400: 107.808: [GC (GCLocker Initiated GC) [PSYoungGen: 194375K->20714K(209408K)] 354566K->182703K(733696K), 0.0093572 secs] [Times: user=0.09 sys=0.01, real=0.01 secs] 
2016-09-24T02:15:57.227-0400: 107.974: [GC (GCLocker Initiated GC) [PSYoungGen: 182506K->36848K(209920K)] 347264K->202927K(734208K), 0.0226645 secs] [Times: user=0.26 sys=0.00, real=0.02 secs] 
2016-09-24T02:15:57.416-0400: 108.163: [GC (GCLocker Initiated GC) [PSYoungGen: 198640K->27532K(212480K)] 367513K->200560K(736768K), 0.0056266 secs] [Times: user=0.05 sys=0.01, real=0.00 secs] 
2016-09-24T02:15:57.581-0400: 108.328: [GC (GCLocker Initiated GC) [PSYoungGen: 192908K->46523K(211968K)] 366035K->244214K(736256K), 0.0068368 secs] [Times: user=0.08 sys=0.00, real=0.01 secs] 
2016-09-24T02:15:57.761-0400: 108.508: [GC (GCLocker Initiated GC) [PSYoungGen: 211899K->15779K(206848K)] 421962K->246223K(731136K), 0.0125657 secs] [Times: user=0.17 sys=0.01, real=0.01 secs] 
2016-09-24T02:15:57.921-0400: 108.669: [GC (GCLocker Initiated GC) [PSYoungGen: 172451K->46351K(203264K)] 402925K->278584K(727552K), 0.0072912 secs] [Times: user=0.08 sys=0.00, real=0.01 secs] 
2016-09-24T02:15:58.088-0400: 108.835: [GC (GCLocker Initiated GC) [PSYoungGen: 203023K->18263K(205824K)] 439322K->277553K(730112K), 0.0234225 secs] [Times: user=0.24 sys=0.00, real=0.02 secs] 
2016-09-24T02:15:58.271-0400: 109.018: [GC (GCLocker Initiated GC) [PSYoungGen: 167767K->27657K(177664K)] 427136K->299461K(701952K), 0.0129043 secs] [Times: user=0.11 sys=0.00, real=0.02 secs] 
2016-09-24T02:15:58.445-0400: 109.192: [GC (GCLocker Initiated GC) [PSYoungGen: 177161K->39920K(203776K)] 450344K->314790K(728064K), 0.0310579 secs] [Times: user=0.37 sys=0.01, real=0.03 secs] 
2016-09-24T02:15:58.623-0400: 109.370: [GC (GCLocker Initiated GC) [PSYoungGen: 188912K->30383K(204288K)] 466615K->334058K(728576K), 0.0113584 secs] [Times: user=0.12 sys=0.01, real=0.01 secs] 
2016-09-24T02:15:58.798-0400: 109.546: [GC (GCLocker Initiated GC) [PSYoungGen: 179375K->39867K(204288K)] 485928K->348021K(728576K), 0.0092901 secs] [Times: user=0.12 sys=0.00, real=0.01 secs] 
2016-09-24T02:15:58.978-0400: 109.725: [GC (GCLocker Initiated GC) [PSYoungGen: 190907K->33071K(205312K)] 504685K->348420K(729600K), 0.0101512 secs] [Times: user=0.14 sys=0.00, real=0.01 secs] 
2016-09-24T02:15:59.155-0400: 109.902: [GC (GCLocker Initiated GC) [PSYoungGen: 184111K->19623K(206336K)] 502175K->339051K(730624K), 0.0310789 secs] [Times: user=0.40 sys=0.02, real=0.03 secs] 
2016-09-24T02:15:59.343-0400: 110.090: [GC (GCLocker Initiated GC) [PSYoungGen: 173735K->19094K(206848K)] 494677K->341714K(731136K), 0.0070614 secs] [Times: user=0.05 sys=0.00, real=0.00 secs] 
2016-09-24T02:15:59.524-0400: 110.271: [GC (GCLocker Initiated GC) [PSYoungGen: 173206K->26335K(206336K)] 498602K->369307K(730624K), 0.0071993 secs] [Times: user=0.04 sys=0.00, real=0.00 secs] 
2016-09-24T02:15:59.694-0400: 110.441: [GC (GCLocker Initiated GC) [PSYoungGen: 183007K->27989K(207872K)] 530033K->379358K(732160K), 0.0163337 secs] [Times: user=0.14 sys=0.00, real=0.02 secs] 
2016-09-24T02:15:59.889-0400: 110.636: [GC (GCLocker Initiated GC) [PSYoungGen: 184661K->48349K(202752K)] 540132K->416507K(727040K), 0.0122364 secs] [Times: user=0.16 sys=0.02, real=0.01 secs] 
2016-09-24T02:16:00.076-0400: 110.823: [GC (GCLocker Initiated GC) [PSYoungGen: 201949K->50851K(204800K)] 570125K->426249K(729088K), 0.0064348 secs] [Times: user=0.06 sys=0.00, real=0.01 secs] 
2016-09-24T02:16:00.252-0400: 110.999: [GC (GCLocker Initiated GC) [PSYoungGen: 204451K->26274K(203776K)] 589365K->412887K(728064K), 0.0056250 secs] [Times: user=0.05 sys=0.00, real=0.01 secs] 
2016-09-24T02:16:00.430-0400: 111.177: [GC (GCLocker Initiated GC) [PSYoungGen: 172706K->33149K(179712K)] 563376K->444413K(704000K), 0.0067489 secs] [Times: user=0.07 sys=0.00, real=0.01 secs] 
2016-09-24T02:16:00.586-0400: 111.333: [GC (GCLocker Initiated GC) [PSYoungGen: 179581K->30168K(203776K)] 590885K->443059K(728064K), 0.0063037 secs] [Times: user=0.03 sys=0.00, real=0.00 secs] 
2016-09-24T02:16:00.772-0400: 111.519: [GC (GCLocker Initiated GC) [PSYoungGen: 178648K->6276K(202240K)] 602513K->456028K(726528K), 0.0068943 secs] [Times: user=0.05 sys=0.00, real=0.01 secs] 
2016-09-24T02:16:00.954-0400: 111.701: [GC (Allocation Failure) [PSYoungGen: 154756K->25041K(206848K)] 608654K->480862K(731136K), 0.0054835 secs] [Times: user=0.05 sys=0.00, real=0.01 secs] 
2016-09-24T02:16:01.126-0400: 111.873: [GC (GCLocker Initiated GC) [PSYoungGen: 177105K->37079K(206336K)] 632929K->494714K(730624K), 0.0063759 secs] [Times: user=0.05 sys=0.01, real=0.00 secs] 
2016-09-24T02:16:01.298-0400: 112.045: [GC (GCLocker Initiated GC) [PSYoungGen: 189143K->34427K(206336K)] 646952K->493911K(730624K), 0.0102696 secs] [Times: user=0.08 sys=0.01, real=0.01 secs] 
2016-09-24T02:16:01.492-0400: 112.239: [GC (GCLocker Initiated GC) [PSYoungGen: 187515K->37312K(206848K)] 649732K->514760K(731136K), 0.0076555 secs] [Times: user=0.08 sys=0.00, real=0.01 secs] 
2016-09-24T02:16:01.676-0400: 112.423: [GC (GCLocker Initiated GC) [PSYoungGen: 190400K->34441K(206336K)] 673277K->538142K(730624K), 0.0150928 secs] [Times: user=0.21 sys=0.01, real=0.01 secs] 
2016-09-24T02:16:01.691-0400: 112.438: [Full GC (Ergonomics) [PSYoungGen: 34441K->0K(206336K)] [ParOldGen: 503701K->182126K(524288K)] 538142K->182126K(730624K), [Metaspace: 43770K->43770K(1087488K)], 0.0570301 secs] [Times: user=0.31 sys=0.01, real=0.06 secs] 
2016-09-24T02:16:01.906-0400: 112.653: [GC (GCLocker Initiated GC) [PSYoungGen: 154624K->33601K(207360K)] 346228K->225206K(731648K), 0.0060510 secs] [Times: user=0.04 sys=0.00, real=0.00 secs] 
2016-09-24T02:16:02.084-0400: 112.831: [GC (GCLocker Initiated GC) [PSYoungGen: 188225K->29141K(206336K)] 382533K->226974K(730624K), 0.0273187 secs] [Times: user=0.31 sys=0.00, real=0.02 secs] 
2016-09-24T02:16:02.282-0400: 113.029: [GC (GCLocker Initiated GC) [PSYoungGen: 186837K->23755K(207872K)] 395531K->234158K(732160K), 0.0061900 secs] [Times: user=0.05 sys=0.00, real=0.01 secs] 
2016-09-24T02:16:02.442-0400: 113.190: [GC (GCLocker Initiated GC) [PSYoungGen: 181451K->45322K(205312K)] 391876K->257598K(729600K), 0.0091676 secs] [Times: user=0.08 sys=0.00, real=0.00 secs] 
2016-09-24T02:16:02.626-0400: 113.373: [GC (GCLocker Initiated GC) [PSYoungGen: 200970K->27966K(208896K)] 421502K->258077K(733184K), 0.0132681 secs] [Times: user=0.10 sys=0.01, real=0.01 secs] 
2016-09-24T02:16:02.813-0400: 113.560: [GC (GCLocker Initiated GC) [PSYoungGen: 183614K->28025K(204288K)] 421932K->268220K(728576K), 0.0265038 secs] [Times: user=0.28 sys=0.00, real=0.03 secs] 
2016-09-24T02:16:03.014-0400: 113.761: [GC (GCLocker Initiated GC) [PSYoungGen: 185209K->41384K(207360K)] 425425K->283527K(731648K), 0.0099554 secs] [Times: user=0.10 sys=0.00, real=0.02 secs] 
2016-09-24T02:16:03.179-0400: 113.926: [GC (GCLocker Initiated GC) [PSYoungGen: 198568K->35689K(210432K)] 440932K->279838K(734720K), 0.0083691 secs] [Times: user=0.05 sys=0.01, real=0.01 secs] 
2016-09-24T02:16:03.357-0400: 114.104: [GC (GCLocker Initiated GC) [PSYoungGen: 193897K->22078K(180736K)] 440751K->270511K(705024K), 0.0134732 secs] [Times: user=0.15 sys=0.00, real=0.01 secs] 
2016-09-24T02:16:03.541-0400: 114.288: [GC (GCLocker Initiated GC) [PSYoungGen: 180286K->30399K(210944K)] 431428K->283049K(735232K), 0.0104360 secs] [Times: user=0.11 sys=0.01, real=0.01 secs] 
2016-09-24T02:16:03.716-0400: 114.463: [GC (GCLocker Initiated GC) [PSYoungGen: 190143K->30272K(209408K)] 448203K->290029K(733696K), 0.0051934 secs] [Times: user=0.04 sys=0.00, real=0.00 secs] 
2016-09-24T02:16:03.900-0400: 114.647: [GC (GCLocker Initiated GC) [PSYoungGen: 190016K->23816K(209920K)] 462701K->298111K(734208K), 0.0062058 secs] [Times: user=0.06 sys=0.00, real=0.01 secs] 
2016-09-24T02:16:04.078-0400: 114.825: [GC (GCLocker Initiated GC) [PSYoungGen: 185608K->36019K(209408K)] 468032K->320315K(733696K), 0.0051636 secs] [Times: user=0.04 sys=0.01, real=0.01 secs] 
2016-09-24T02:16:04.249-0400: 114.996: [GC (GCLocker Initiated GC) [PSYoungGen: 197811K->21063K(214016K)] 488865K->335499K(738304K), 0.0104602 secs] [Times: user=0.12 sys=0.01, real=0.01 secs] 
2016-09-24T02:16:04.436-0400: 115.183: [GC (GCLocker Initiated GC) [PSYoungGen: 186951K->23861K(189952K)] 509283K->347828K(714240K), 0.0090755 secs] [Times: user=0.10 sys=0.00, real=0.01 secs] 
2016-09-24T02:16:04.621-0400: 115.368: [GC (GCLocker Initiated GC) [PSYoungGen: 189749K->18445K(213504K)] 519149K->349663K(737792K), 0.0069803 secs] [Times: user=0.05 sys=0.00, real=0.01 secs] 
2016-09-24T02:16:04.804-0400: 115.551: [GC (GCLocker Initiated GC) [PSYoungGen: 184333K->44105K(210432K)] 515577K->396231K(734720K), 0.0110919 secs] [Times: user=0.10 sys=0.01, real=0.01 secs] 
2016-09-24T02:16:04.982-0400: 115.729: [GC (GCLocker Initiated GC) [PSYoungGen: 209993K->31970K(211968K)] 567692K->391532K(736256K), 0.0094526 secs] [Times: user=0.10 sys=0.00, real=0.01 secs] 
2016-09-24T02:16:05.157-0400: 115.904: [GC (GCLocker Initiated GC) [PSYoungGen: 192226K->46756K(207360K)] 551984K->408264K(731648K), 0.0057339 secs] [Times: user=0.04 sys=0.03, real=0.01 secs] 
2016-09-24T02:16:05.328-0400: 116.075: [GC (GCLocker Initiated GC) [PSYoungGen: 207012K->39987K(205824K)] 568553K->411419K(730112K), 0.0084368 secs] [Times: user=0.09 sys=0.00, real=0.01 secs] 
2016-09-24T02:16:05.496-0400: 116.243: [GC (GCLocker Initiated GC) [PSYoungGen: 191539K->27809K(179712K)] 565324K->406010K(704000K), 0.0108418 secs] [Times: user=0.10 sys=0.00, real=0.01 secs] 
2016-09-24T02:16:05.690-0400: 116.437: [GC (GCLocker Initiated GC) [PSYoungGen: 179361K->33232K(208384K)] 563037K->421464K(732672K), 0.0054887 secs] [Times: user=0.05 sys=0.00, real=0.01 secs] 
2016-09-24T02:16:05.879-0400: 116.626: [GC (GCLocker Initiated GC) [PSYoungGen: 187856K->40026K(206336K)] 578813K->432870K(730624K), 0.0081299 secs] [Times: user=0.08 sys=0.01, real=0.01 secs] 
2016-09-24T02:16:06.057-0400: 116.804: [GC (GCLocker Initiated GC) [PSYoungGen: 194650K->17009K(207360K)] 594306K->440116K(731648K), 0.0084437 secs] [Times: user=0.07 sys=0.00, real=0.01 secs] 
2016-09-24T02:16:06.245-0400: 116.992: [GC (GCLocker Initiated GC) [PSYoungGen: 171633K->15838K(170496K)] 600209K->470665K(694784K), 0.0059596 secs] [Times: user=0.04 sys=0.01, real=0.00 secs] 
2016-09-24T02:16:06.424-0400: 117.171: [GC (GCLocker Initiated GC) [PSYoungGen: 170462K->18141K(208384K)] 640168K->489674K(732672K), 0.0174568 secs] [Times: user=0.20 sys=0.00, real=0.01 secs] 
2016-09-24T02:16:06.600-0400: 117.347: [GC (GCLocker Initiated GC) [PSYoungGen: 172253K->44183K(198656K)] 643861K->517452K(722944K), 0.0231718 secs] [Times: user=0.27 sys=0.00, real=0.03 secs] 
2016-09-24T02:16:06.817-0400: 117.564: [GC (GCLocker Initiated GC) [PSYoungGen: 198295K->21341K(206336K)] 685441K->510210K(730624K), 0.0256663 secs] [Times: user=0.31 sys=0.00, real=0.03 secs] 
2016-09-24T02:16:06.994-0400: 117.741: [GC (GCLocker Initiated GC) [PSYoungGen: 170845K->18371K(167936K)] 662651K->528379K(692224K), 0.0084681 secs] [Times: user=0.08 sys=0.00, real=0.02 secs] 
2016-09-24T02:16:07.002-0400: 117.749: [Full GC (Ergonomics) [PSYoungGen: 18371K->0K(167936K)] [ParOldGen: 510007K->159645K(524288K)] 528379K->159645K(692224K), [Metaspace: 43786K->43786K(1087488K)], 0.0714098 secs] [Times: user=0.63 sys=0.00, real=0.06 secs] 
2016-09-24T02:16:15.110-0400: 125.857: [GC (Allocation Failure) [PSYoungGen: 149504K->32417K(206336K)] 309156K->192069K(730624K), 0.0082076 secs] [Times: user=0.04 sys=0.01, real=0.01 secs] 
