Java HotSpot(TM) 64-Bit Server VM (25.77-b03) for linux-amd64 JRE (1.8.0_77-b03), built on Mar 20 2016 22:00:46 by "java_re" with gcc 4.3.0 20080428 (Red Hat 4.3.0-8)
Memory: 4k page, physical 264122324k(97698728k free), swap 268399612k(268246072k free)
CommandLine flags: -XX:GCLogFileSize=1048576 -XX:+HeapDumpOnOutOfMemoryError -XX:HeapDumpPath=artifacts/heapdump -XX:InitialHeapSize=805306368 -XX:MaxHeapSize=805306368 -XX:NumberOfGCLogFiles=10 -XX:+PrintGC -XX:+PrintGCDateStamps -XX:+PrintGCDetails -XX:+PrintGCTimeStamps -XX:+UseCompressedClassPointers -XX:+UseCompressedOops -XX:+UseGCLogFileRotation -XX:+UseParallelGC 
2016-09-13T19:27:50.253-0400: 2.198: [GC (Metadata GC Threshold) [PSYoungGen: 121898K->15560K(229376K)] 121898K->15648K(753664K), 0.0199938 secs] [Times: user=0.14 sys=0.02, real=0.02 secs] 
2016-09-13T19:27:50.273-0400: 2.218: [Full GC (Metadata GC Threshold) [PSYoungGen: 15560K->0K(229376K)] [ParOldGen: 88K->14597K(359936K)] 15648K->14597K(589312K), [Metaspace: 21048K->21048K(1067008K)], 0.0600730 secs] [Times: user=0.52 sys=0.02, real=0.06 secs] 
2016-09-13T19:27:52.102-0400: 4.047: [GC (Metadata GC Threshold) [PSYoungGen: 125204K->14862K(229376K)] 139802K->29596K(589312K), 0.0193658 secs] [Times: user=0.14 sys=0.02, real=0.02 secs] 
2016-09-13T19:27:52.121-0400: 4.066: [Full GC (Metadata GC Threshold) [PSYoungGen: 14862K->0K(229376K)] [ParOldGen: 14734K->20210K(524288K)] 29596K->20210K(753664K), [Metaspace: 34909K->34909K(1079296K)], 0.0794564 secs] [Times: user=0.61 sys=0.02, real=0.08 secs] 
2016-09-13T19:27:53.631-0400: 5.576: [GC (GCLocker Initiated GC) [PSYoungGen: 196608K->31906K(229376K)] 216824K->70355K(753664K), 0.0225831 secs] [Times: user=0.32 sys=0.01, real=0.02 secs] 
2016-09-13T19:27:54.032-0400: 5.977: [GC (GCLocker Initiated GC) [PSYoungGen: 228510K->32766K(229376K)] 267326K->97327K(753664K), 0.0309264 secs] [Times: user=0.34 sys=0.01, real=0.03 secs] 
2016-09-13T19:27:54.357-0400: 6.302: [GC (GCLocker Initiated GC) [PSYoungGen: 229374K->32755K(229376K)] 294302K->154624K(753664K), 0.0257111 secs] [Times: user=0.26 sys=0.03, real=0.02 secs] 
2016-09-13T19:27:54.711-0400: 6.656: [GC (GCLocker Initiated GC) [PSYoungGen: 229363K->31716K(120832K)] 351255K->205254K(645120K), 0.0109748 secs] [Times: user=0.13 sys=0.02, real=0.01 secs] 
2016-09-13T19:27:54.908-0400: 6.853: [GC (GCLocker Initiated GC) [PSYoungGen: 119780K->86696K(175104K)] 293385K->260300K(699392K), 0.0097353 secs] [Times: user=0.12 sys=0.01, real=0.01 secs] 
2016-09-13T19:27:55.101-0400: 7.046: [GC (GCLocker Initiated GC) [PSYoungGen: 174760K->40538K(175104K)] 349912K->242007K(699392K), 0.0158662 secs] [Times: user=0.16 sys=0.02, real=0.02 secs] 
2016-09-13T19:27:55.299-0400: 7.244: [GC (GCLocker Initiated GC) [PSYoungGen: 128602K->60399K(175104K)] 330438K->267404K(699392K), 0.0091711 secs] [Times: user=0.09 sys=0.02, real=0.01 secs] 
2016-09-13T19:27:55.503-0400: 7.448: [GC (GCLocker Initiated GC) [PSYoungGen: 148463K->858K(175104K)] 369224K->234150K(699392K), 0.0041155 secs] [Times: user=0.03 sys=0.00, real=0.00 secs] 
2016-09-13T19:27:55.704-0400: 7.649: [GC (GCLocker Initiated GC) [PSYoungGen: 88922K->36978K(175104K)] 323758K->272288K(699392K), 0.0099280 secs] [Times: user=0.07 sys=0.00, real=0.01 secs] 
2016-09-13T19:27:55.962-0400: 7.907: [GC (GCLocker Initiated GC) [PSYoungGen: 125042K->1004K(175104K)] 366778K->243012K(699392K), 0.0032451 secs] [Times: user=0.03 sys=0.00, real=0.00 secs] 
2016-09-13T19:27:56.142-0400: 8.087: [GC (GCLocker Initiated GC) [PSYoungGen: 89068K->783K(175104K)] 343576K->255914K(699392K), 0.0070748 secs] [Times: user=0.09 sys=0.00, real=0.01 secs] 
2016-09-13T19:27:56.343-0400: 8.288: [GC (GCLocker Initiated GC) [PSYoungGen: 88847K->23437K(175104K)] 350057K->284926K(699392K), 0.0057682 secs] [Times: user=0.07 sys=0.00, real=0.01 secs] 
2016-09-13T19:27:56.611-0400: 8.556: [GC (GCLocker Initiated GC) [PSYoungGen: 111501K->5212K(175104K)] 385384K->279327K(699392K), 0.0059449 secs] [Times: user=0.07 sys=0.00, real=0.01 secs] 
2016-09-13T19:27:56.811-0400: 8.756: [GC (Allocation Failure) [PSYoungGen: 93276K->18875K(175104K)] 375031K->300887K(699392K), 0.0084479 secs] [Times: user=0.08 sys=0.02, real=0.01 secs] 
2016-09-13T19:27:57.003-0400: 8.948: [GC (GCLocker Initiated GC) [PSYoungGen: 103589K->5180K(175104K)] 391675K->293549K(699392K), 0.0083472 secs] [Times: user=0.09 sys=0.01, real=0.01 secs] 
2016-09-13T19:27:57.242-0400: 9.187: [GC (GCLocker Initiated GC) [PSYoungGen: 93244K->36946K(171008K)] 381974K->325940K(695296K), 0.0148960 secs] [Times: user=0.18 sys=0.02, real=0.02 secs] 
2016-09-13T19:27:57.427-0400: 9.372: [GC (GCLocker Initiated GC) [PSYoungGen: 125010K->47774K(173056K)] 414049K->337061K(697344K), 0.0062507 secs] [Times: user=0.08 sys=0.00, real=0.01 secs] 
2016-09-13T19:27:57.614-0400: 9.558: [GC (GCLocker Initiated GC) [PSYoungGen: 135838K->11410K(173568K)] 431214K->320707K(697856K), 0.0044068 secs] [Times: user=0.02 sys=0.02, real=0.01 secs] 
2016-09-13T19:27:57.860-0400: 9.805: [GC (GCLocker Initiated GC) [PSYoungGen: 102034K->18721K(174592K)] 425185K->352850K(698880K), 0.0110665 secs] [Times: user=0.13 sys=0.02, real=0.01 secs] 
2016-09-13T19:27:58.089-0400: 10.034: [GC (GCLocker Initiated GC) [PSYoungGen: 109345K->55481K(170496K)] 443835K->390235K(694784K), 0.0117035 secs] [Times: user=0.16 sys=0.00, real=0.01 secs] 
2016-09-13T19:27:58.274-0400: 10.219: [GC (GCLocker Initiated GC) [PSYoungGen: 145593K->29480K(175616K)] 480397K->364557K(699904K), 0.0089476 secs] [Times: user=0.09 sys=0.02, real=0.01 secs] 
2016-09-13T19:27:58.434-0400: 10.379: [GC (GCLocker Initiated GC) [PSYoungGen: 119592K->37492K(173056K)] 454710K->372986K(697344K), 0.0071368 secs] [Times: user=0.09 sys=0.00, real=0.01 secs] 
2016-09-13T19:27:58.533-0400: 10.478: [GC (GCLocker Initiated GC) [PSYoungGen: 134260K->46387K(174592K)] 469793K->411354K(698880K), 0.0096462 secs] [Times: user=0.10 sys=0.04, real=0.01 secs] 
2016-09-13T19:27:58.639-0400: 10.584: [GC (GCLocker Initiated GC) [PSYoungGen: 143155K->63147K(169984K)] 508189K->452651K(694272K), 0.0111056 secs] [Times: user=0.11 sys=0.01, real=0.01 secs] 
2016-09-13T19:27:58.755-0400: 10.700: [GC (Allocation Failure) [PSYoungGen: 154283K->32649K(176640K)] 543885K->440811K(700928K), 0.0101256 secs] [Times: user=0.12 sys=0.01, real=0.01 secs] 
2016-09-13T19:27:58.874-0400: 10.819: [GC (GCLocker Initiated GC) [PSYoungGen: 123785K->62966K(168960K)] 531953K->475927K(693248K), 0.0097768 secs] [Times: user=0.12 sys=0.02, real=0.01 secs] 
2016-09-13T19:27:58.983-0400: 10.928: [GC (GCLocker Initiated GC) [PSYoungGen: 151030K->37522K(175104K)] 564232K->450974K(699392K), 0.0057165 secs] [Times: user=0.07 sys=0.00, real=0.01 secs] 
2016-09-13T19:27:59.098-0400: 11.043: [GC (GCLocker Initiated GC) [PSYoungGen: 125586K->46415K(172032K)] 539171K->460426K(696320K), 0.0072366 secs] [Times: user=0.08 sys=0.03, real=0.00 secs] 
2016-09-13T19:27:59.229-0400: 11.174: [GC (GCLocker Initiated GC) [PSYoungGen: 139599K->32554K(174080K)] 553902K->447141K(698368K), 0.0056443 secs] [Times: user=0.06 sys=0.01, real=0.00 secs] 
2016-09-13T19:27:59.351-0400: 11.296: [GC (GCLocker Initiated GC) [PSYoungGen: 125738K->41667K(177152K)] 540396K->464235K(701440K), 0.0068274 secs] [Times: user=0.08 sys=0.00, real=0.01 secs] 
2016-09-13T19:27:59.497-0400: 11.442: [GC (GCLocker Initiated GC) [PSYoungGen: 145091K->29517K(178688K)] 579890K->476695K(702976K), 0.0075960 secs] [Times: user=0.09 sys=0.01, real=0.00 secs] 
2016-09-13T19:27:59.657-0400: 11.602: [GC (GCLocker Initiated GC) [PSYoungGen: 132941K->24988K(184320K)] 587768K->484560K(708608K), 0.0094586 secs] [Times: user=0.10 sys=0.00, real=0.00 secs] 
2016-09-13T19:27:59.813-0400: 11.758: [GC (GCLocker Initiated GC) [PSYoungGen: 138652K->40186K(185344K)] 599790K->509222K(709632K), 0.0066540 secs] [Times: user=0.08 sys=0.01, real=0.01 secs] 
2016-09-13T19:27:59.966-0400: 11.911: [GC (GCLocker Initiated GC) [PSYoungGen: 153850K->48023K(188416K)] 623054K->525071K(712704K), 0.0191723 secs] [Times: user=0.26 sys=0.03, real=0.02 secs] 
2016-09-13T19:28:00.127-0400: 12.072: [GC (GCLocker Initiated GC) [PSYoungGen: 166807K->51093K(189440K)] 644078K->528690K(713728K), 0.0066921 secs] [Times: user=0.10 sys=0.00, real=0.01 secs] 
2016-09-13T19:28:00.301-0400: 12.246: [GC (GCLocker Initiated GC) [PSYoungGen: 169877K->41731K(187904K)] 653625K->525752K(712192K), 0.0062444 secs] [Times: user=0.07 sys=0.00, real=0.00 secs] 
2016-09-13T19:28:00.457-0400: 12.402: [GC (GCLocker Initiated GC) [PSYoungGen: 161027K->46282K(188928K)] 645422K->538476K(713216K), 0.0080440 secs] [Times: user=0.06 sys=0.01, real=0.00 secs] 
2016-09-13T19:28:00.618-0400: 12.563: [GC (Allocation Failure) [PSYoungGen: 165578K->35623K(187904K)] 657908K->528209K(712192K), 0.0096345 secs] [Times: user=0.12 sys=0.00, real=0.00 secs] 
2016-09-13T19:28:00.777-0400: 12.722: [GC (GCLocker Initiated GC) [PSYoungGen: 159015K->37205K(190464K)] 651607K->536077K(714752K), 0.0071307 secs] [Times: user=0.08 sys=0.00, real=0.00 secs] 
2016-09-13T19:28:00.964-0400: 12.909: [GC (GCLocker Initiated GC) [PSYoungGen: 160597K->46377K(194560K)] 661090K->547155K(718848K), 0.0070575 secs] [Times: user=0.07 sys=0.00, real=0.01 secs] 
2016-09-13T19:28:01.121-0400: 13.066: [GC (GCLocker Initiated GC) [PSYoungGen: 176425K->63057K(193536K)] 678749K->577810K(717824K), 0.0092280 secs] [Times: user=0.10 sys=0.00, real=0.01 secs] 
2016-09-13T19:28:01.131-0400: 13.076: [Full GC (Ergonomics) [PSYoungGen: 63057K->0K(193536K)] [ParOldGen: 514753K->47747K(524288K)] 577810K->47747K(717824K), [Metaspace: 43890K->43886K(1087488K)], 0.1828711 secs] [Times: user=2.37 sys=0.08, real=0.18 secs] 
2016-09-13T19:28:01.454-0400: 13.399: [GC (Allocation Failure) [PSYoungGen: 130048K->45081K(192512K)] 177823K->92856K(716800K), 0.0063734 secs] [Times: user=0.08 sys=0.00, real=0.01 secs] 
2016-09-13T19:28:01.461-0400: 13.406: [GC (GCLocker Initiated GC) [PSYoungGen: 45526K->96K(124416K)] 93301K->94184K(648704K), 0.0064057 secs] [Times: user=0.06 sys=0.02, real=0.00 secs] 
2016-09-13T19:28:01.578-0400: 13.523: [GC (GCLocker Initiated GC) [PSYoungGen: 124000K->67990K(173056K)] 218089K->204613K(697344K), 0.0108615 secs] [Times: user=0.14 sys=0.00, real=0.01 secs] 
2016-09-13T19:28:01.691-0400: 13.635: [GC (GCLocker Initiated GC) [PSYoungGen: 167318K->55559K(155136K)] 305518K->237016K(679424K), 0.0090435 secs] [Times: user=0.13 sys=0.01, real=0.01 secs] 
2016-09-13T19:28:01.816-0400: 13.761: [GC (GCLocker Initiated GC) [PSYoungGen: 154887K->54099K(178688K)] 336377K->244971K(702976K), 0.0076543 secs] [Times: user=0.09 sys=0.01, real=0.00 secs] 
2016-09-13T19:28:01.944-0400: 13.889: [GC (GCLocker Initiated GC) [PSYoungGen: 150355K->46260K(142848K)] 341578K->240855K(667136K), 0.0273548 secs] [Times: user=0.44 sys=0.00, real=0.03 secs] 
2016-09-13T19:28:02.075-0400: 14.020: [GC (GCLocker Initiated GC) [PSYoungGen: 142516K->69323K(171008K)] 337145K->264185K(695296K), 0.0073123 secs] [Times: user=0.10 sys=0.00, real=0.01 secs] 
2016-09-13T19:28:02.197-0400: 14.142: [GC (GCLocker Initiated GC) [PSYoungGen: 160459K->26543K(176640K)] 358557K->224838K(700928K), 0.0055778 secs] [Times: user=0.05 sys=0.00, real=0.00 secs] 
2016-09-13T19:28:02.307-0400: 14.252: [GC (GCLocker Initiated GC) [PSYoungGen: 117679K->69195K(173056K)] 316020K->267798K(697344K), 0.0103150 secs] [Times: user=0.14 sys=0.01, real=0.02 secs] 
2016-09-13T19:28:02.451-0400: 14.396: [GC (Allocation Failure) [PSYoungGen: 157259K->13029K(175104K)] 369720K->225695K(699392K), 0.0029728 secs] [Times: user=0.03 sys=0.00, real=0.00 secs] 
2016-09-13T19:28:02.580-0400: 14.525: [GC (GCLocker Initiated GC) [PSYoungGen: 101093K->14333K(175104K)] 313823K->235032K(699392K), 0.0087401 secs] [Times: user=0.11 sys=0.00, real=0.01 secs] 
2016-09-13T19:28:02.692-0400: 14.637: [GC (GCLocker Initiated GC) [PSYoungGen: 102397K->32841K(175104K)] 335307K->265921K(699392K), 0.0106305 secs] [Times: user=0.17 sys=0.00, real=0.01 secs] 
2016-09-13T19:28:02.823-0400: 14.768: [GC (GCLocker Initiated GC) [PSYoungGen: 120905K->32683K(169984K)] 355542K->267549K(694272K), 0.0067724 secs] [Times: user=0.09 sys=0.00, real=0.01 secs] 
2016-09-13T19:28:02.944-0400: 14.889: [GC (GCLocker Initiated GC) [PSYoungGen: 120747K->38725K(172544K)] 355638K->273870K(696832K), 0.0052804 secs] [Times: user=0.06 sys=0.00, real=0.01 secs] 
2016-09-13T19:28:03.080-0400: 15.025: [GC (GCLocker Initiated GC) [PSYoungGen: 126789K->55373K(174592K)] 362125K->297092K(698880K), 0.0098087 secs] [Times: user=0.15 sys=0.00, real=0.01 secs] 
2016-09-13T19:28:03.205-0400: 15.150: [GC (GCLocker Initiated GC) [PSYoungGen: 149581K->50939K(176128K)] 392856K->294401K(700416K), 0.0078158 secs] [Times: user=0.10 sys=0.00, real=0.01 secs] 
2016-09-13T19:28:03.326-0400: 15.271: [GC (GCLocker Initiated GC) [PSYoungGen: 145147K->64608K(172032K)] 391881K->311682K(696320K), 0.0078788 secs] [Times: user=0.11 sys=0.00, real=0.01 secs] 
2016-09-13T19:28:03.455-0400: 15.400: [GC (GCLocker Initiated GC) [PSYoungGen: 154720K->19104K(176128K)] 414047K->333447K(700416K), 0.0074360 secs] [Times: user=0.10 sys=0.00, real=0.01 secs] 
2016-09-13T19:28:03.590-0400: 15.535: [GC (GCLocker Initiated GC) [PSYoungGen: 109216K->23409K(174080K)] 426707K->353417K(698368K), 0.0067222 secs] [Times: user=0.09 sys=0.00, real=0.01 secs] 
2016-09-13T19:28:03.710-0400: 15.655: [GC (GCLocker Initiated GC) [PSYoungGen: 113521K->27907K(175104K)] 446592K->361151K(699392K), 0.0188456 secs] [Times: user=0.21 sys=0.00, real=0.02 secs] 
2016-09-13T19:28:03.845-0400: 15.790: [GC (GCLocker Initiated GC) [PSYoungGen: 118019K->37298K(170496K)] 457368K->376818K(694784K), 0.0060429 secs] [Times: user=0.07 sys=0.00, real=0.01 secs] 
2016-09-13T19:28:03.980-0400: 15.925: [GC (GCLocker Initiated GC) [PSYoungGen: 132018K->28252K(173056K)] 473162K->381842K(697344K), 0.0063215 secs] [Times: user=0.06 sys=0.00, real=0.00 secs] 
2016-09-13T19:28:04.097-0400: 16.042: [GC (GCLocker Initiated GC) [PSYoungGen: 122972K->69105K(170496K)] 478126K->429187K(694784K), 0.0079570 secs] [Times: user=0.08 sys=0.00, real=0.00 secs] 
2016-09-13T19:28:04.256-0400: 16.201: [GC (GCLocker Initiated GC) [PSYoungGen: 163313K->8350K(102912K)] 535625K->392982K(627200K), 0.0035433 secs] [Times: user=0.03 sys=0.00, real=0.00 secs] 
2016-09-13T19:28:04.381-0400: 16.326: [GC (GCLocker Initiated GC) [PSYoungGen: 102558K->34010K(181248K)] 487215K->418935K(705536K), 0.0245372 secs] [Times: user=0.24 sys=0.00, real=0.02 secs] 
2016-09-13T19:28:04.514-0400: 16.459: [GC (GCLocker Initiated GC) [PSYoungGen: 130266K->49356K(177152K)] 516725K->443663K(701440K), 0.0085306 secs] [Times: user=0.12 sys=0.00, real=0.01 secs] 
2016-09-13T19:28:04.648-0400: 16.593: [GC (GCLocker Initiated GC) [PSYoungGen: 145612K->46377K(178176K)] 540103K->447173K(702464K), 0.0085937 secs] [Times: user=0.09 sys=0.00, real=0.01 secs] 
2016-09-13T19:28:04.792-0400: 16.737: [GC (GCLocker Initiated GC) [PSYoungGen: 143657K->37147K(177152K)] 546061K->439933K(701440K), 0.0056856 secs] [Times: user=0.06 sys=0.00, real=0.01 secs] 
2016-09-13T19:28:04.908-0400: 16.853: [GC (GCLocker Initiated GC) [PSYoungGen: 134427K->67518K(171008K)] 537243K->478153K(695296K), 0.0077379 secs] [Times: user=0.10 sys=0.00, real=0.01 secs] 
2016-09-13T19:28:05.047-0400: 16.992: [GC (Allocation Failure) [PSYoungGen: 162238K->28279K(177664K)] 580517K->460480K(701952K), 0.0094220 secs] [Times: user=0.14 sys=0.01, real=0.02 secs] 
2016-09-13T19:28:05.057-0400: 17.002: [GC (GCLocker Initiated GC) [PSYoungGen: 28502K->160K(175616K)] 460703K->460401K(699904K), 0.0051719 secs] [Times: user=0.07 sys=0.00, real=0.00 secs] 
2016-09-13T19:28:05.203-0400: 17.148: [GC (GCLocker Initiated GC) [PSYoungGen: 88412K->49515K(178176K)] 554729K->515856K(702464K), 0.0100300 secs] [Times: user=0.12 sys=0.01, real=0.01 secs] 
2016-09-13T19:28:05.316-0400: 17.261: [GC (GCLocker Initiated GC) [PSYoungGen: 143723K->56949K(173056K)] 610284K->548154K(697344K), 0.0142132 secs] [Times: user=0.15 sys=0.00, real=0.01 secs] 
2016-09-13T19:28:05.330-0400: 17.275: [Full GC (Ergonomics) [PSYoungGen: 56949K->0K(173056K)] [ParOldGen: 491204K->46327K(524288K)] 548154K->46327K(697344K), [Metaspace: 44098K->44098K(1087488K)], 0.0498346 secs] [Times: user=0.29 sys=0.01, real=0.05 secs] 
2016-09-13T19:28:05.468-0400: 17.413: [GC (GCLocker Initiated GC) [PSYoungGen: 89088K->74032K(163328K)] 137124K->122069K(687616K), 0.0067482 secs] [Times: user=0.09 sys=0.00, real=0.00 secs] 
2016-09-13T19:28:05.579-0400: 17.524: [GC (GCLocker Initiated GC) [PSYoungGen: 163120K->40276K(175104K)] 211335K->99565K(699392K), 0.0057848 secs] [Times: user=0.06 sys=0.00, real=0.00 secs] 
2016-09-13T19:28:05.714-0400: 17.659: [GC (GCLocker Initiated GC) [PSYoungGen: 128340K->55554K(175104K)] 193741K->130423K(699392K), 0.0070336 secs] [Times: user=0.09 sys=0.00, real=0.01 secs] 
2016-09-13T19:28:05.874-0400: 17.819: [GC (GCLocker Initiated GC) [PSYoungGen: 143618K->47678K(175104K)] 218513K->125821K(699392K), 0.0308408 secs] [Times: user=0.34 sys=0.00, real=0.03 secs] 
2016-09-13T19:28:06.034-0400: 17.979: [GC (Allocation Failure) [PSYoungGen: 135742K->49388K(137728K)] 214035K->138534K(662016K), 0.0098984 secs] [Times: user=0.15 sys=0.01, real=0.01 secs] 
2016-09-13T19:28:06.174-0400: 18.119: [GC (GCLocker Initiated GC) [PSYoungGen: 137452K->50870K(174080K)] 226632K->140331K(698368K), 0.0069065 secs] [Times: user=0.10 sys=0.00, real=0.01 secs] 
2016-09-13T19:28:06.299-0400: 18.244: [GC (GCLocker Initiated GC) [PSYoungGen: 140470K->51210K(172544K)] 236202K->147195K(696832K), 0.0058233 secs] [Times: user=0.08 sys=0.00, real=0.00 secs] 
2016-09-13T19:28:06.457-0400: 18.402: [GC (GCLocker Initiated GC) [PSYoungGen: 140810K->44987K(176128K)] 242896K->147467K(700416K), 0.0072479 secs] [Times: user=0.09 sys=0.00, real=0.00 secs] 
2016-09-13T19:28:06.618-0400: 18.563: [GC (GCLocker Initiated GC) [PSYoungGen: 142779K->44827K(175616K)] 245285K->159682K(699904K), 0.0055229 secs] [Times: user=0.06 sys=0.00, real=0.00 secs] 
2016-09-13T19:28:06.749-0400: 18.694: [GC (GCLocker Initiated GC) [PSYoungGen: 142619K->53949K(180736K)] 257665K->172352K(705024K), 0.0096811 secs] [Times: user=0.13 sys=0.00, real=0.01 secs] 
2016-09-13T19:28:06.917-0400: 18.862: [GC (GCLocker Initiated GC) [PSYoungGen: 159933K->47928K(180736K)] 278349K->172748K(705024K), 0.0102069 secs] [Times: user=0.10 sys=0.00, real=0.00 secs] 
2016-09-13T19:28:07.106-0400: 19.051: [GC (GCLocker Initiated GC) [PSYoungGen: 153912K->27971K(184832K)] 278743K->153118K(709120K), 0.0098234 secs] [Times: user=0.12 sys=0.00, real=0.02 secs] 
2016-09-13T19:28:07.282-0400: 19.227: [GC (GCLocker Initiated GC) [PSYoungGen: 140099K->58528K(185344K)] 265339K->183880K(709632K), 0.0078460 secs] [Times: user=0.10 sys=0.00, real=0.01 secs] 
2016-09-13T19:28:07.455-0400: 19.400: [GC (GCLocker Initiated GC) [PSYoungGen: 170656K->32872K(187392K)] 302264K->172268K(711680K), 0.0069984 secs] [Times: user=0.07 sys=0.00, real=0.01 secs] 
2016-09-13T19:28:07.655-0400: 19.600: [GC (Allocation Failure) [PSYoungGen: 145000K->23308K(135680K)] 292221K->170695K(659968K), 0.0151578 secs] [Times: user=0.16 sys=0.00, real=0.02 secs] 
2016-09-13T19:28:07.852-0400: 19.797: [GC (GCLocker Initiated GC) [PSYoungGen: 135436K->34168K(188416K)] 282824K->181761K(712704K), 0.0049580 secs] [Times: user=0.05 sys=0.00, real=0.01 secs] 
2016-09-13T19:28:08.033-0400: 19.978: [GC (GCLocker Initiated GC) [PSYoungGen: 146808K->37301K(150016K)] 294661K->185396K(674304K), 0.0065467 secs] [Times: user=0.06 sys=0.01, real=0.01 secs] 
2016-09-13T19:28:08.221-0400: 20.166: [GC (GCLocker Initiated GC) [PSYoungGen: 149941K->26378K(184832K)] 298064K->174702K(709120K), 0.0136482 secs] [Times: user=0.17 sys=0.01, real=0.01 secs] 
2016-09-13T19:28:08.406-0400: 20.351: [GC (GCLocker Initiated GC) [PSYoungGen: 139530K->32709K(184320K)] 294008K->195034K(708608K), 0.0059034 secs] [Times: user=0.08 sys=0.00, real=0.01 secs] 
2016-09-13T19:28:08.604-0400: 20.549: [GC (GCLocker Initiated GC) [PSYoungGen: 145861K->23660K(188928K)] 315855K->207599K(713216K), 0.0100800 secs] [Times: user=0.14 sys=0.00, real=0.01 secs] 
2016-09-13T19:28:08.830-0400: 20.775: [GC (GCLocker Initiated GC) [PSYoungGen: 143468K->28305K(188416K)] 333757K->218886K(712704K), 0.0069046 secs] [Times: user=0.10 sys=0.00, real=0.01 secs] 
2016-09-13T19:28:09.017-0400: 20.962: [GC (GCLocker Initiated GC) [PSYoungGen: 148113K->46468K(191488K)] 338962K->237522K(715776K), 0.0057034 secs] [Times: user=0.07 sys=0.00, real=0.00 secs] 
2016-09-13T19:28:09.194-0400: 21.139: [GC (GCLocker Initiated GC) [PSYoungGen: 170372K->41730K(192000K)] 362967K->234626K(716288K), 0.0066387 secs] [Times: user=0.07 sys=0.00, real=0.01 secs] 
2016-09-13T19:28:09.403-0400: 21.348: [GC (GCLocker Initiated GC) [PSYoungGen: 165634K->38693K(189952K)] 358592K->245584K(714240K), 0.0103560 secs] [Times: user=0.13 sys=0.00, real=0.01 secs] 
2016-09-13T19:28:09.609-0400: 21.554: [GC (GCLocker Initiated GC) [PSYoungGen: 166181K->63020K(191488K)] 374610K->296017K(715776K), 0.0099479 secs] [Times: user=0.08 sys=0.00, real=0.01 secs] 
2016-09-13T19:28:09.808-0400: 21.753: [GC (GCLocker Initiated GC) [PSYoungGen: 190508K->29484K(192512K)] 423525K->300629K(716800K), 0.0241970 secs] [Times: user=0.33 sys=0.00, real=0.02 secs] 
2016-09-13T19:28:10.034-0400: 21.979: [GC (GCLocker Initiated GC) [PSYoungGen: 151340K->43180K(165376K)] 422753K->320869K(689664K), 0.0169536 secs] [Times: user=0.21 sys=0.00, real=0.02 secs] 
2016-09-13T19:28:10.259-0400: 22.204: [GC (GCLocker Initiated GC) [PSYoungGen: 165036K->40181K(192000K)] 442784K->318190K(716288K), 0.0108066 secs] [Times: user=0.14 sys=0.00, real=0.01 secs] 
2016-09-13T19:28:10.450-0400: 22.395: [GC (GCLocker Initiated GC) [PSYoungGen: 164597K->47928K(189440K)] 442653K->336736K(713728K), 0.0094949 secs] [Times: user=0.13 sys=0.00, real=0.01 secs] 
2016-09-13T19:28:10.622-0400: 22.567: [GC (GCLocker Initiated GC) [PSYoungGen: 172344K->46409K(195584K)] 461186K->347654K(719872K), 0.0068908 secs] [Times: user=0.10 sys=0.00, real=0.01 secs] 
2016-09-13T19:28:10.805-0400: 22.750: [GC (GCLocker Initiated GC) [PSYoungGen: 176457K->34195K(195072K)] 477773K->341820K(719360K), 0.0091683 secs] [Times: user=0.13 sys=0.00, real=0.01 secs] 
2016-09-13T19:28:11.033-0400: 22.978: [GC (Allocation Failure) [PSYoungGen: 164243K->23655K(195072K)] 471881K->336156K(719360K), 0.0131857 secs] [Times: user=0.13 sys=0.00, real=0.01 secs] 
2016-09-13T19:28:11.250-0400: 23.195: [GC (GCLocker Initiated GC) [PSYoungGen: 152637K->46351K(195584K)] 471213K->365294K(719872K), 0.0091199 secs] [Times: user=0.13 sys=0.00, real=0.01 secs] 
2016-09-13T19:28:11.464-0400: 23.409: [GC (GCLocker Initiated GC) [PSYoungGen: 177423K->64480K(183808K)] 496596K->389927K(708096K), 0.0149702 secs] [Times: user=0.19 sys=0.01, real=0.02 secs] 
2016-09-13T19:28:11.651-0400: 23.596: [GC (GCLocker Initiated GC) [PSYoungGen: 183264K->61505K(180736K)] 508893K->387288K(705024K), 0.0077462 secs] [Times: user=0.10 sys=0.00, real=0.01 secs] 
2016-09-13T19:28:11.837-0400: 23.782: [GC (GCLocker Initiated GC) [PSYoungGen: 180289K->37297K(188416K)] 506076K->363383K(712704K), 0.0099265 secs] [Times: user=0.11 sys=0.01, real=0.00 secs] 
2016-09-13T19:28:12.019-0400: 23.964: [GC (GCLocker Initiated GC) [PSYoungGen: 149937K->46414K(159232K)] 476162K->372810K(683520K), 0.0073019 secs] [Times: user=0.09 sys=0.00, real=0.00 secs] 
2016-09-13T19:28:12.206-0400: 24.151: [GC (Allocation Failure) [PSYoungGen: 159054K->32836K(184832K)] 491740K->365759K(709120K), 0.0065330 secs] [Times: user=0.08 sys=0.00, real=0.01 secs] 
2016-09-13T19:28:12.402-0400: 24.347: [GC (GCLocker Initiated GC) [PSYoungGen: 143200K->26501K(184320K)] 482198K->365650K(708608K), 0.0102950 secs] [Times: user=0.09 sys=0.00, real=0.01 secs] 
2016-09-13T19:28:12.603-0400: 24.548: [GC (GCLocker Initiated GC) [PSYoungGen: 139653K->31034K(189952K)] 484927K->376407K(714240K), 0.0169611 secs] [Times: user=0.16 sys=0.00, real=0.02 secs] 
2016-09-13T19:28:12.796-0400: 24.741: [GC (Allocation Failure) [PSYoungGen: 151354K->30939K(189952K)] 497012K->381449K(714240K), 0.0128274 secs] [Times: user=0.12 sys=0.00, real=0.01 secs] 
2016-09-13T19:28:12.979-0400: 24.924: [GC (Allocation Failure) [PSYoungGen: 147577K->9884K(188928K)] 498087K->360663K(713216K), 0.0093749 secs] [Times: user=0.08 sys=0.00, real=0.01 secs] 
2016-09-13T19:28:16.234-0400: 28.179: [GC (GCLocker Initiated GC) [PSYoungGen: 129607K->32773K(190976K)] 486461K->389796K(715264K), 0.0154036 secs] [Times: user=0.09 sys=0.02, real=0.02 secs] 
2016-09-13T19:28:16.425-0400: 28.370: [GC (GCLocker Initiated GC) [PSYoungGen: 153605K->55341K(186368K)] 512168K->414066K(710656K), 0.0217417 secs] [Times: user=0.27 sys=0.00, real=0.02 secs] 
2016-09-13T19:28:16.593-0400: 28.538: [GC (GCLocker Initiated GC) [PSYoungGen: 174125K->70763K(189952K)] 540528K->479878K(714240K), 0.0108479 secs] [Times: user=0.12 sys=0.01, real=0.01 secs] 
2016-09-13T19:28:16.766-0400: 28.711: [GC (GCLocker Initiated GC) [PSYoungGen: 189547K->72169K(160256K)] 598863K->572908K(684544K), 0.0156613 secs] [Times: user=0.20 sys=0.00, real=0.02 secs] 
2016-09-13T19:28:16.782-0400: 28.727: [Full GC (Ergonomics) [PSYoungGen: 72169K->0K(160256K)] [ParOldGen: 500738K->51173K(524288K)] 572908K->51173K(684544K), [Metaspace: 44255K->44255K(1087488K)], 0.0656464 secs] [Times: user=0.34 sys=0.02, real=0.07 secs] 
2016-09-13T19:28:16.986-0400: 28.931: [GC (GCLocker Initiated GC) [PSYoungGen: 88064K->81372K(175104K)] 139429K->132737K(699392K), 0.0104646 secs] [Times: user=0.11 sys=0.00, real=0.02 secs] 
2016-09-13T19:28:17.132-0400: 29.077: [GC (Allocation Failure) [PSYoungGen: 169433K->60051K(175104K)] 221070K->160742K(699392K), 0.0260722 secs] [Times: user=0.38 sys=0.01, real=0.03 secs] 
2016-09-13T19:28:17.159-0400: 29.104: [GC (GCLocker Initiated GC) [PSYoungGen: 60062K->32K(175104K)] 160752K->169423K(699392K), 0.0072491 secs] [Times: user=0.10 sys=0.00, real=0.00 secs] 
2016-09-13T19:28:17.286-0400: 29.231: [GC (GCLocker Initiated GC) [PSYoungGen: 88096K->85929K(175104K)] 257490K->258361K(699392K), 0.0104242 secs] [Times: user=0.14 sys=0.00, real=0.02 secs] 
2016-09-13T19:28:17.397-0400: 29.342: [GC (GCLocker Initiated GC) [PSYoungGen: 173993K->81409K(175104K)] 346642K->300142K(699392K), 0.0115698 secs] [Times: user=0.16 sys=0.01, real=0.01 secs] 
2016-09-13T19:28:17.513-0400: 29.458: [GC (GCLocker Initiated GC) [PSYoungGen: 169473K->85807K(175104K)] 388244K->341365K(699392K), 0.0114493 secs] [Times: user=0.17 sys=0.00, real=0.01 secs] 
2016-09-13T19:28:17.637-0400: 29.582: [GC (GCLocker Initiated GC) [PSYoungGen: 173871K->53944K(175104K)] 435628K->353832K(699392K), 0.0111338 secs] [Times: user=0.10 sys=0.00, real=0.01 secs] 
2016-09-13T19:28:17.754-0400: 29.699: [GC (GCLocker Initiated GC) [PSYoungGen: 142008K->67491K(175104K)] 443560K->414878K(699392K), 0.0105940 secs] [Times: user=0.12 sys=0.00, real=0.01 secs] 
2016-09-13T19:28:17.867-0400: 29.812: [GC (GCLocker Initiated GC) [PSYoungGen: 155555K->66217K(175104K)] 503026K->454984K(699392K), 0.0109665 secs] [Times: user=0.15 sys=0.01, real=0.02 secs] 
2016-09-13T19:28:17.994-0400: 29.939: [GC (GCLocker Initiated GC) [PSYoungGen: 154281K->40301K(175104K)] 552319K->476675K(699392K), 0.0106957 secs] [Times: user=0.11 sys=0.01, real=0.01 secs] 
2016-09-13T19:28:18.110-0400: 30.055: [GC (GCLocker Initiated GC) [PSYoungGen: 128365K->75208K(175104K)] 572459K->556025K(699392K), 0.0137667 secs] [Times: user=0.18 sys=0.00, real=0.01 secs] 
2016-09-13T19:28:18.124-0400: 30.069: [Full GC (Ergonomics) [PSYoungGen: 75208K->0K(175104K)] [ParOldGen: 480817K->43297K(524288K)] 556025K->43297K(699392K), [Metaspace: 44264K->44264K(1087488K)], 0.0595875 secs] [Times: user=0.33 sys=0.02, real=0.06 secs] 
2016-09-13T19:28:18.321-0400: 30.266: [GC (GCLocker Initiated GC) [PSYoungGen: 88064K->53944K(175104K)] 131434K->97314K(699392K), 0.0176323 secs] [Times: user=0.17 sys=0.02, real=0.02 secs] 
2016-09-13T19:28:18.433-0400: 30.378: [GC (GCLocker Initiated GC) [PSYoungGen: 142008K->67555K(175104K)] 185406K->161404K(699392K), 0.0100639 secs] [Times: user=0.15 sys=0.00, real=0.01 secs] 
2016-09-13T19:28:18.556-0400: 30.501: [GC (GCLocker Initiated GC) [PSYoungGen: 155619K->69191K(175104K)] 249572K->184621K(699392K), 0.0086869 secs] [Times: user=0.12 sys=0.01, real=0.00 secs] 
2016-09-13T19:28:18.667-0400: 30.612: [GC (GCLocker Initiated GC) [PSYoungGen: 157255K->64633K(175104K)] 274405K->219990K(699392K), 0.0091833 secs] [Times: user=0.10 sys=0.00, real=0.02 secs] 
2016-09-13T19:28:18.786-0400: 30.731: [GC (GCLocker Initiated GC) [PSYoungGen: 152697K->46409K(175104K)] 309723K->240151K(699392K), 0.0093985 secs] [Times: user=0.13 sys=0.00, real=0.02 secs] 
2016-09-13T19:28:18.908-0400: 30.853: [GC (Allocation Failure) [PSYoungGen: 134473K->52516K(175104K)] 328262K->264846K(699392K), 0.0075003 secs] [Times: user=0.10 sys=0.02, real=0.01 secs] 
2016-09-13T19:28:19.030-0400: 30.975: [GC (GCLocker Initiated GC) [PSYoungGen: 139758K->70497K(175104K)] 353607K->311999K(699392K), 0.0098199 secs] [Times: user=0.15 sys=0.00, real=0.01 secs] 
2016-09-13T19:28:19.157-0400: 31.102: [GC (GCLocker Initiated GC) [PSYoungGen: 158561K->37568K(175104K)] 400074K->279216K(699392K), 0.0059837 secs] [Times: user=0.08 sys=0.00, real=0.00 secs] 
2016-09-13T19:28:19.269-0400: 31.214: [GC (GCLocker Initiated GC) [PSYoungGen: 125632K->38761K(175104K)] 367302K->303538K(699392K), 0.0072299 secs] [Times: user=0.11 sys=0.00, real=0.01 secs] 
2016-09-13T19:28:19.409-0400: 31.354: [GC (GCLocker Initiated GC) [PSYoungGen: 126825K->28243K(175104K)] 399396K->313131K(699392K), 0.0071394 secs] [Times: user=0.09 sys=0.00, real=0.01 secs] 
2016-09-13T19:28:19.550-0400: 31.495: [GC (GCLocker Initiated GC) [PSYoungGen: 116307K->50907K(175104K)] 401307K->336266K(699392K), 0.0121569 secs] [Times: user=0.15 sys=0.00, real=0.01 secs] 
2016-09-13T19:28:19.705-0400: 31.650: [GC (GCLocker Initiated GC) [PSYoungGen: 138971K->44884K(175104K)] 426081K->350371K(699392K), 0.0134268 secs] [Times: user=0.14 sys=0.00, real=0.02 secs] 
2016-09-13T19:28:19.859-0400: 31.804: [GC (Allocation Failure) [PSYoungGen: 132948K->43248K(175104K)] 438661K->349166K(699392K), 0.0134588 secs] [Times: user=0.12 sys=0.00, real=0.01 secs] 
2016-09-13T19:28:20.016-0400: 31.961: [GC (GCLocker Initiated GC) [PSYoungGen: 131312K->29171K(175104K)] 437232K->335343K(699392K), 0.0118477 secs] [Times: user=0.10 sys=0.00, real=0.01 secs] 
2016-09-13T19:28:20.165-0400: 32.110: [GC (Allocation Failure) [PSYoungGen: 117235K->31097K(175104K)] 429607K->343624K(699392K), 0.0124681 secs] [Times: user=0.11 sys=0.00, real=0.02 secs] 
2016-09-13T19:28:20.321-0400: 32.266: [GC (GCLocker Initiated GC) [PSYoungGen: 118007K->32980K(175104K)] 436609K->351894K(699392K), 0.0152409 secs] [Times: user=0.20 sys=0.00, real=0.02 secs] 
2016-09-13T19:28:20.461-0400: 32.406: [GC (GCLocker Initiated GC) [PSYoungGen: 121044K->23600K(175104K)] 446071K->348817K(699392K), 0.0061012 secs] [Times: user=0.07 sys=0.00, real=0.00 secs] 
2016-09-13T19:28:20.604-0400: 32.549: [GC (GCLocker Initiated GC) [PSYoungGen: 111664K->47875K(136192K)] 438432K->375029K(660480K), 0.0142984 secs] [Times: user=0.17 sys=0.00, real=0.02 secs] 
2016-09-13T19:28:20.738-0400: 32.683: [GC (GCLocker Initiated GC) [PSYoungGen: 135939K->38784K(175616K)] 463132K->367617K(699904K), 0.0127661 secs] [Times: user=0.14 sys=0.00, real=0.01 secs] 
2016-09-13T19:28:20.884-0400: 32.829: [GC (Allocation Failure) [PSYoungGen: 129920K->23404K(172544K)] 466421K->390477K(696832K), 0.0103172 secs] [Times: user=0.07 sys=0.01, real=0.01 secs] 
2016-09-13T19:28:21.027-0400: 32.972: [GC (GCLocker Initiated GC) [PSYoungGen: 113752K->55240K(176640K)] 482343K->424100K(700928K), 0.0144232 secs] [Times: user=0.13 sys=0.03, real=0.02 secs] 
2016-09-13T19:28:21.184-0400: 33.129: [GC (GCLocker Initiated GC) [PSYoungGen: 150472K->49355K(177664K)] 519617K->418655K(701952K), 0.0243267 secs] [Times: user=0.26 sys=0.00, real=0.03 secs] 
2016-09-13T19:28:21.345-0400: 33.290: [GC (GCLocker Initiated GC) [PSYoungGen: 144587K->78277K(168960K)] 513951K->448006K(693248K), 0.0085383 secs] [Times: user=0.12 sys=0.00, real=0.01 secs] 
2016-09-13T19:28:21.467-0400: 33.412: [GC (GCLocker Initiated GC) [PSYoungGen: 166341K->46532K(175104K)] 537759K->428823K(699392K), 0.0089256 secs] [Times: user=0.11 sys=0.01, real=0.02 secs] 
2016-09-13T19:28:21.622-0400: 33.567: [GC (GCLocker Initiated GC) [PSYoungGen: 134596K->44896K(167424K)] 517004K->427596K(691712K), 0.0099430 secs] [Times: user=0.07 sys=0.00, real=0.01 secs] 
2016-09-13T19:28:21.785-0400: 33.730: [GC (GCLocker Initiated GC) [PSYoungGen: 134496K->28147K(172032K)] 523410K->423394K(696320K), 0.0139305 secs] [Times: user=0.17 sys=0.00, real=0.02 secs] 
2016-09-13T19:28:21.933-0400: 33.878: [GC (GCLocker Initiated GC) [PSYoungGen: 117747K->30935K(176128K)] 514606K->427991K(700416K), 0.0242560 secs] [Times: user=0.25 sys=0.00, real=0.03 secs] 
2016-09-13T19:28:22.089-0400: 34.034: [GC (GCLocker Initiated GC) [PSYoungGen: 128727K->43084K(178176K)] 525920K->440357K(702464K), 0.0295520 secs] [Times: user=0.24 sys=0.00, real=0.03 secs] 
2016-09-13T19:28:22.274-0400: 34.219: [GC (GCLocker Initiated GC) [PSYoungGen: 140876K->41633K(178176K)] 539843K->440845K(702464K), 0.0153294 secs] [Times: user=0.15 sys=0.01, real=0.02 secs] 
2016-09-13T19:28:22.488-0400: 34.433: [GC (GCLocker Initiated GC) [PSYoungGen: 146593K->42989K(179200K)] 545866K->442388K(703488K), 0.0109969 secs] [Times: user=0.08 sys=0.00, real=0.01 secs] 
2016-09-13T19:28:22.638-0400: 34.583: [GC (GCLocker Initiated GC) [PSYoungGen: 147949K->64851K(180736K)] 547385K->464610K(705024K), 0.0271333 secs] [Times: user=0.31 sys=0.01, real=0.02 secs] 
2016-09-13T19:28:22.803-0400: 34.748: [GC (GCLocker Initiated GC) [PSYoungGen: 174419K->43339K(185856K)] 580256K->449542K(710144K), 0.0066563 secs] [Times: user=0.07 sys=0.00, real=0.01 secs] 
2016-09-13T19:28:22.969-0400: 34.914: [GC (GCLocker Initiated GC) [PSYoungGen: 152907K->41601K(178176K)] 567021K->460544K(702464K), 0.0120809 secs] [Times: user=0.12 sys=0.01, real=0.01 secs] 
2016-09-13T19:28:23.119-0400: 35.064: [GC (GCLocker Initiated GC) [PSYoungGen: 153729K->49319K(183296K)] 572705K->468582K(707584K), 0.0072301 secs] [Times: user=0.07 sys=0.00, real=0.00 secs] 
2016-09-13T19:28:23.295-0400: 35.240: [GC (GCLocker Initiated GC) [PSYoungGen: 161447K->59986K(185856K)] 580993K->499577K(710144K), 0.0226649 secs] [Times: user=0.20 sys=0.03, real=0.03 secs] 
2016-09-13T19:28:23.489-0400: 35.434: [GC (GCLocker Initiated GC) [PSYoungGen: 175698K->44763K(188928K)] 622955K->492308K(713216K), 0.0110389 secs] [Times: user=0.11 sys=0.00, real=0.01 secs] 
2016-09-13T19:28:23.704-0400: 35.649: [GC (GCLocker Initiated GC) [PSYoungGen: 160475K->41506K(184832K)] 608023K->496786K(709120K), 0.0154402 secs] [Times: user=0.13 sys=0.01, real=0.02 secs] 
2016-09-13T19:28:23.899-0400: 35.844: [GC (Allocation Failure) [PSYoungGen: 159266K->31126K(187392K)] 626716K->498776K(711680K), 0.0069393 secs] [Times: user=0.05 sys=0.00, real=0.00 secs] 
2016-09-13T19:28:24.089-0400: 36.034: [GC (GCLocker Initiated GC) [PSYoungGen: 148886K->44768K(187392K)] 616539K->521752K(711680K), 0.0071246 secs] [Times: user=0.08 sys=0.00, real=0.01 secs] 
2016-09-13T19:28:24.298-0400: 36.243: [GC (Allocation Failure) [PSYoungGen: 167648K->24949K(189952K)] 650844K->508397K(714240K), 0.0154840 secs] [Times: user=0.14 sys=0.00, real=0.01 secs] 
2016-09-13T19:28:24.531-0400: 36.476: [GC (GCLocker Initiated GC) [PSYoungGen: 147829K->24859K(193536K)] 631283K->513128K(717824K), 0.0086851 secs] [Times: user=0.09 sys=0.00, real=0.01 secs] 
2016-09-13T19:28:24.716-0400: 36.661: [GC (GCLocker Initiated GC) [PSYoungGen: 149787K->28222K(153600K)] 651903K->530539K(677888K), 0.0135568 secs] [Times: user=0.19 sys=0.00, real=0.01 secs] 
2016-09-13T19:28:24.923-0400: 36.868: [Full GC (Ergonomics) [PSYoungGen: 153150K->0K(153600K)] [ParOldGen: 510086K->37938K(524288K)] 663236K->37938K(677888K), [Metaspace: 44313K->44313K(1087488K)], 0.0490568 secs] [Times: user=0.34 sys=0.01, real=0.05 secs] 
2016-09-13T19:28:25.138-0400: 37.083: [GC (GCLocker Initiated GC) [PSYoungGen: 124928K->43590K(194048K)] 170485K->89148K(718336K), 0.0068076 secs] [Times: user=0.10 sys=0.00, real=0.00 secs] 
2016-09-13T19:28:25.327-0400: 37.272: [GC (GCLocker Initiated GC) [PSYoungGen: 169542K->44675K(193024K)] 215273K->99885K(717312K), 0.0171877 secs] [Times: user=0.21 sys=0.00, real=0.02 secs] 
2016-09-13T19:28:25.535-0400: 37.480: [GC (GCLocker Initiated GC) [PSYoungGen: 170627K->28120K(193536K)] 225888K->83710K(717824K), 0.0045640 secs] [Times: user=0.03 sys=0.02, real=0.01 secs] 
2016-09-13T19:28:25.776-0400: 37.721: [GC (Allocation Failure) [PSYoungGen: 155608K->28056K(193024K)] 211314K->83917K(717312K), 0.0089924 secs] [Times: user=0.09 sys=0.00, real=0.00 secs] 
2016-09-13T19:28:25.953-0400: 37.898: [GC (GCLocker Initiated GC) [PSYoungGen: 155544K->32836K(193536K)] 211407K->89007K(717824K), 0.0057492 secs] [Times: user=0.06 sys=0.00, real=0.01 secs] 
2016-09-13T19:28:26.151-0400: 38.096: [GC (Allocation Failure) [PSYoungGen: 164420K->28088K(194560K)] 222389K->86337K(718848K), 0.0076216 secs] [Times: user=0.07 sys=0.00, real=0.01 secs] 
2016-09-13T19:28:26.366-0400: 38.311: [GC (GCLocker Initiated GC) [PSYoungGen: 159672K->32704K(196096K)] 217924K->91182K(720384K), 0.0084434 secs] [Times: user=0.11 sys=0.00, real=0.01 secs] 
2016-09-13T19:28:26.606-0400: 38.551: [GC (GCLocker Initiated GC) [PSYoungGen: 169920K->29515K(197632K)] 234651K->94377K(721920K), 0.0312654 secs] [Times: user=0.26 sys=0.01, real=0.04 secs] 
2016-09-13T19:28:26.904-0400: 38.849: [GC (GCLocker Initiated GC) [PSYoungGen: 166731K->47868K(198144K)] 237857K->119145K(722432K), 0.0099788 secs] [Times: user=0.08 sys=0.00, real=0.01 secs] 
2016-09-13T19:28:27.092-0400: 39.037: [GC (GCLocker Initiated GC) [PSYoungGen: 187132K->41884K(200704K)] 259932K->114981K(724992K), 0.0069240 secs] [Times: user=0.07 sys=0.00, real=0.01 secs] 
2016-09-13T19:28:27.298-0400: 39.243: [GC (GCLocker Initiated GC) [PSYoungGen: 181148K->35809K(196096K)] 268172K->123109K(720384K), 0.0173123 secs] [Times: user=0.16 sys=0.00, real=0.02 secs] 
2016-09-13T19:28:27.524-0400: 39.469: [GC (GCLocker Initiated GC) [PSYoungGen: 175585K->46319K(198656K)] 262988K->144689K(722944K), 0.0129014 secs] [Times: user=0.14 sys=0.01, real=0.02 secs] 
2016-09-13T19:28:29.475-0400: 41.420: [GC (Allocation Failure) [PSYoungGen: 186095K->38650K(200192K)] 286143K->143464K(724480K), 0.0238636 secs] [Times: user=0.18 sys=0.01, real=0.03 secs] 
2016-09-13T19:28:29.688-0400: 41.633: [GC (GCLocker Initiated GC) [PSYoungGen: 180550K->47828K(201216K)] 286883K->154559K(725504K), 0.0105646 secs] [Times: user=0.11 sys=0.00, real=0.01 secs] 
2016-09-13T19:28:29.871-0400: 41.816: [GC (GCLocker Initiated GC) [PSYoungGen: 191188K->58458K(192512K)] 297965K->173011K(716800K), 0.0162975 secs] [Times: user=0.09 sys=0.00, real=0.02 secs] 
2016-09-13T19:28:30.071-0400: 42.016: [GC (GCLocker Initiated GC) [PSYoungGen: 191578K->59983K(193536K)] 307693K->183976K(717824K), 0.0082985 secs] [Times: user=0.07 sys=0.01, real=0.01 secs] 
2016-09-13T19:28:30.260-0400: 42.205: [GC (GCLocker Initiated GC) [PSYoungGen: 193103K->34255K(194048K)] 330787K->184275K(718336K), 0.0227761 secs] [Times: user=0.24 sys=0.00, real=0.02 secs] 
2016-09-13T19:28:30.457-0400: 42.402: [GC (GCLocker Initiated GC) [PSYoungGen: 159695K->26532K(193536K)] 311248K->182780K(717824K), 0.0067697 secs] [Times: user=0.04 sys=0.00, real=0.00 secs] 
2016-09-13T19:28:30.655-0400: 42.600: [GC (GCLocker Initiated GC) [PSYoungGen: 151972K->31191K(192512K)] 311364K->201616K(716800K), 0.0064316 secs] [Times: user=0.07 sys=0.01, real=0.01 secs] 
2016-09-13T19:28:30.865-0400: 42.810: [GC (GCLocker Initiated GC) [PSYoungGen: 157143K->9952K(136192K)] 341485K->202034K(660480K), 0.0237117 secs] [Times: user=0.21 sys=0.00, real=0.03 secs] 
2016-09-13T19:28:31.076-0400: 43.021: [GC (GCLocker Initiated GC) [PSYoungGen: 135904K->44698K(193024K)] 328072K->237107K(717312K), 0.0101807 secs] [Times: user=0.08 sys=0.01, real=0.00 secs] 
2016-09-13T19:28:31.289-0400: 43.234: [GC (GCLocker Initiated GC) [PSYoungGen: 168090K->23345K(146944K)] 368121K->223432K(671232K), 0.0049826 secs] [Times: user=0.04 sys=0.00, real=0.00 secs] 
2016-09-13T19:28:31.477-0400: 43.422: [GC (GCLocker Initiated GC) [PSYoungGen: 146737K->43090K(193024K)] 346846K->243255K(717312K), 0.0066807 secs] [Times: user=0.04 sys=0.02, real=0.00 secs] 
2016-09-13T19:28:31.678-0400: 43.623: [GC (GCLocker Initiated GC) [PSYoungGen: 167506K->45012K(192000K)] 367805K->246993K(716288K), 0.0108451 secs] [Times: user=0.10 sys=0.01, real=0.01 secs] 
2016-09-13T19:28:31.882-0400: 43.827: [GC (GCLocker Initiated GC) [PSYoungGen: 169428K->43053K(194048K)] 371442K->245260K(718336K), 0.0116591 secs] [Times: user=0.09 sys=0.00, real=0.01 secs] 
2016-09-13T19:28:32.080-0400: 44.025: [GC (GCLocker Initiated GC) [PSYoungGen: 169517K->41629K(168448K)] 371910K->248643K(692736K), 0.0262958 secs] [Times: user=0.28 sys=0.00, real=0.02 secs] 
2016-09-13T19:28:32.316-0400: 44.261: [GC (GCLocker Initiated GC) [PSYoungGen: 168093K->58214K(187392K)] 376791K->267090K(711680K), 0.0112250 secs] [Times: user=0.06 sys=0.00, real=0.00 secs] 
2016-09-13T19:28:32.504-0400: 44.449: [GC (GCLocker Initiated GC) [PSYoungGen: 180070K->27992K(192000K)] 401288K->249317K(716288K), 0.0132063 secs] [Times: user=0.12 sys=0.00, real=0.02 secs] 
2016-09-13T19:28:32.697-0400: 44.642: [GC (GCLocker Initiated GC) [PSYoungGen: 149848K->46277K(189952K)] 371321K->268002K(714240K), 0.0296170 secs] [Times: user=0.32 sys=0.00, real=0.02 secs] 
2016-09-13T19:28:32.931-0400: 44.876: [GC (GCLocker Initiated GC) [PSYoungGen: 169157K->50934K(191488K)] 400037K->281941K(715776K), 0.0201860 secs] [Times: user=0.21 sys=0.00, real=0.02 secs] 
2016-09-13T19:28:33.180-0400: 45.125: [GC (GCLocker Initiated GC) [PSYoungGen: 173814K->43217K(190976K)] 404829K->277415K(715264K), 0.0106177 secs] [Times: user=0.09 sys=0.00, real=0.01 secs] 
2016-09-13T19:28:33.379-0400: 45.324: [GC (GCLocker Initiated GC) [PSYoungGen: 166609K->46345K(191488K)] 400915K->280892K(715776K), 0.0181751 secs] [Times: user=0.17 sys=0.00, real=0.02 secs] 
2016-09-13T19:28:33.555-0400: 45.500: [GC (GCLocker Initiated GC) [PSYoungGen: 169737K->66222K(181760K)] 406040K->308908K(706048K), 0.0179110 secs] [Times: user=0.20 sys=0.01, real=0.02 secs] 
2016-09-13T19:28:33.715-0400: 45.660: [GC (GCLocker Initiated GC) [PSYoungGen: 180910K->52452K(188416K)] 429852K->301612K(712704K), 0.0140340 secs] [Times: user=0.15 sys=0.00, real=0.02 secs] 
2016-09-13T19:28:33.913-0400: 45.858: [GC (Allocation Failure) [PSYoungGen: 167140K->26320K(187392K)] 422528K->281917K(711680K), 0.0230727 secs] [Times: user=0.19 sys=0.00, real=0.03 secs] 
2016-09-13T19:28:34.151-0400: 46.096: [GC (Allocation Failure) [PSYoungGen: 139984K->43334K(157184K)] 395581K->299078K(681472K), 0.0178460 secs] [Times: user=0.16 sys=0.00, real=0.02 secs] 
2016-09-13T19:28:34.336-0400: 46.281: [GC (GCLocker Initiated GC) [PSYoungGen: 156998K->58527K(182272K)] 412749K->314519K(706560K), 0.0104940 secs] [Times: user=0.11 sys=0.00, real=0.00 secs] 
2016-09-13T19:28:34.493-0400: 46.438: [GC (Allocation Failure) [PSYoungGen: 169631K->43237K(185344K)] 425828K->299620K(709632K), 0.0336063 secs] [Times: user=0.38 sys=0.00, real=0.03 secs] 
2016-09-13T19:28:34.674-0400: 46.619: [GC (GCLocker Initiated GC) [PSYoungGen: 153541K->41570K(182272K)] 415998K->304330K(706560K), 0.0173915 secs] [Times: user=0.16 sys=0.00, real=0.02 secs] 
2016-09-13T19:28:34.866-0400: 46.811: [GC (GCLocker Initiated GC) [PSYoungGen: 157794K->29542K(185344K)] 432813K->304813K(709632K), 0.0063303 secs] [Times: user=0.05 sys=0.00, real=0.01 secs] 
2016-09-13T19:28:35.052-0400: 46.997: [GC (Allocation Failure) [PSYoungGen: 145766K->9772K(186880K)] 428801K->293031K(711168K), 0.0121971 secs] [Times: user=0.12 sys=0.00, real=0.01 secs] 
2016-09-13T19:28:35.251-0400: 47.196: [GC (GCLocker Initiated GC) [PSYoungGen: 127228K->9852K(128000K)] 416563K->299338K(652288K), 0.0208794 secs] [Times: user=0.20 sys=0.00, real=0.02 secs] 
2016-09-13T19:28:35.461-0400: 47.406: [GC (GCLocker Initiated GC) [PSYoungGen: 127612K->8248K(185856K)] 430866K->311675K(710144K), 0.0101476 secs] [Times: user=0.12 sys=0.00, real=0.01 secs] 
2016-09-13T19:28:35.659-0400: 47.604: [GC (GCLocker Initiated GC) [PSYoungGen: 119864K->11505K(186880K)] 435457K->337954K(711168K), 0.0260616 secs] [Times: user=0.25 sys=0.00, real=0.02 secs] 
2016-09-13T19:28:35.868-0400: 47.813: [GC (GCLocker Initiated GC) [PSYoungGen: 123121K->50715K(181248K)] 449635K->377481K(705536K), 0.0090944 secs] [Times: user=0.07 sys=0.00, real=0.01 secs] 
2016-09-13T19:28:36.051-0400: 47.996: [GC (GCLocker Initiated GC) [PSYoungGen: 157211K->23500K(184320K)] 491695K->365779K(708608K), 0.0071882 secs] [Times: user=0.06 sys=0.00, real=0.01 secs] 
2016-09-13T19:28:36.200-0400: 48.145: [GC (GCLocker Initiated GC) [PSYoungGen: 129996K->28215K(177152K)] 472285K->370714K(701440K), 0.0072642 secs] [Times: user=0.07 sys=0.00, real=0.00 secs] 
2016-09-13T19:28:36.362-0400: 48.307: [GC (Allocation Failure) [PSYoungGen: 137783K->56727K(180736K)] 480339K->399484K(705024K), 0.0225490 secs] [Times: user=0.23 sys=0.01, real=0.02 secs] 
2016-09-13T19:28:36.544-0400: 48.489: [GC (GCLocker Initiated GC) [PSYoungGen: 166295K->46280K(185344K)] 509055K->407455K(709632K), 0.0294016 secs] [Times: user=0.30 sys=0.01, real=0.03 secs] 
2016-09-13T19:28:36.719-0400: 48.664: [GC (GCLocker Initiated GC) [PSYoungGen: 154824K->62929K(171520K)] 516030K->424344K(695808K), 0.0138844 secs] [Times: user=0.14 sys=0.01, real=0.01 secs] 
2016-09-13T19:28:36.887-0400: 48.832: [GC (GCLocker Initiated GC) [PSYoungGen: 171473K->51034K(179200K)] 533035K->420416K(703488K), 0.0252038 secs] [Times: user=0.26 sys=0.01, real=0.03 secs] 
2016-09-13T19:28:37.056-0400: 49.001: [GC (GCLocker Initiated GC) [PSYoungGen: 147290K->46248K(142848K)] 522844K->421987K(667136K), 0.0088548 secs] [Times: user=0.05 sys=0.01, real=0.00 secs] 
2016-09-13T19:28:37.223-0400: 49.168: [GC (GCLocker Initiated GC) [PSYoungGen: 142504K->46281K(179712K)] 519787K->423765K(704000K), 0.0225086 secs] [Times: user=0.24 sys=0.00, real=0.02 secs] 
2016-09-13T19:28:37.392-0400: 49.337: [GC (GCLocker Initiated GC) [PSYoungGen: 144585K->46478K(177664K)] 525246K->427348K(701952K), 0.0067888 secs] [Times: user=0.09 sys=0.00, real=0.01 secs] 
2016-09-13T19:28:37.546-0400: 49.491: [GC (Allocation Failure) [PSYoungGen: 144782K->12895K(178176K)] 531775K->400114K(702464K), 0.0158193 secs] [Times: user=0.16 sys=0.00, real=0.02 secs] 
2016-09-13T19:28:37.731-0400: 49.676: [GC (GCLocker Initiated GC) [PSYoungGen: 113247K->30785K(179200K)] 500469K->421246K(703488K), 0.0343352 secs] [Times: user=0.32 sys=0.00, real=0.03 secs] 
2016-09-13T19:28:37.917-0400: 49.862: [GC (Allocation Failure) [PSYoungGen: 131137K->59919K(177664K)] 523339K->452233K(701952K), 0.0165611 secs] [Times: user=0.18 sys=0.00, real=0.01 secs] 
2016-09-13T19:28:38.054-0400: 49.999: [GC (GCLocker Initiated GC) [PSYoungGen: 159983K->49256K(181760K)] 553816K->443286K(706048K), 0.0296080 secs] [Times: user=0.37 sys=0.01, real=0.03 secs] 
2016-09-13T19:28:38.221-0400: 50.166: [GC (GCLocker Initiated GC) [PSYoungGen: 150632K->43269K(175104K)] 547875K->440683K(699392K), 0.0122348 secs] [Times: user=0.10 sys=0.00, real=0.01 secs] 
2016-09-13T19:28:38.384-0400: 50.329: [GC (GCLocker Initiated GC) [PSYoungGen: 145157K->44704K(178688K)] 542690K->442576K(702976K), 0.0126135 secs] [Times: user=0.13 sys=0.01, real=0.02 secs] 
2016-09-13T19:28:38.573-0400: 50.518: [GC (GCLocker Initiated GC) [PSYoungGen: 146592K->24860K(182784K)] 550681K->429005K(707072K), 0.0132057 secs] [Times: user=0.11 sys=0.00, real=0.01 secs] 
2016-09-13T19:28:38.739-0400: 50.684: [GC (GCLocker Initiated GC) [PSYoungGen: 135452K->49169K(184832K)] 539622K->455056K(709120K), 0.0093597 secs] [Times: user=0.08 sys=0.00, real=0.01 secs] 
2016-09-13T19:28:38.924-0400: 50.869: [GC (GCLocker Initiated GC) [PSYoungGen: 159761K->46032K(184832K)] 565691K->456692K(709120K), 0.0086848 secs] [Times: user=0.07 sys=0.00, real=0.01 secs] 
2016-09-13T19:28:39.092-0400: 51.037: [GC (GCLocker Initiated GC) [PSYoungGen: 159696K->43021K(186368K)] 570468K->457004K(710656K), 0.0167786 secs] [Times: user=0.17 sys=0.00, real=0.02 secs] 
2016-09-13T19:28:39.270-0400: 51.215: [GC (GCLocker Initiated GC) [PSYoungGen: 156685K->46318K(188416K)] 570679K->460466K(712704K), 0.0200696 secs] [Times: user=0.25 sys=0.00, real=0.02 secs] 
2016-09-13T19:28:39.463-0400: 51.408: [GC (Allocation Failure) [PSYoungGen: 165614K->43493K(188416K)] 581423K->465795K(712704K), 0.0343137 secs] [Times: user=0.40 sys=0.00, real=0.04 secs] 
2016-09-13T19:28:39.676-0400: 51.621: [GC (GCLocker Initiated GC) [PSYoungGen: 161128K->32890K(192000K)] 589505K->461595K(716288K), 0.0070836 secs] [Times: user=0.10 sys=0.00, real=0.00 secs] 
2016-09-13T19:28:39.878-0400: 51.823: [GC (GCLocker Initiated GC) [PSYoungGen: 157818K->28275K(190976K)] 592600K->463350K(715264K), 0.0072403 secs] [Times: user=0.09 sys=0.00, real=0.00 secs] 
2016-09-13T19:28:40.075-0400: 52.020: [GC (GCLocker Initiated GC) [PSYoungGen: 153203K->44699K(195072K)] 588515K->480170K(719360K), 0.0195916 secs] [Times: user=0.24 sys=0.00, real=0.02 secs] 
2016-09-13T19:28:40.300-0400: 52.245: [GC (GCLocker Initiated GC) [PSYoungGen: 174747K->30998K(195072K)] 622399K->478705K(719360K), 0.0187654 secs] [Times: user=0.17 sys=0.00, real=0.02 secs] 
2016-09-13T19:28:40.523-0400: 52.468: [GC (GCLocker Initiated GC) [PSYoungGen: 161046K->50774K(194560K)] 610281K->507796K(718848K), 0.0156960 secs] [Times: user=0.14 sys=0.01, real=0.02 secs] 
2016-09-13T19:28:40.732-0400: 52.677: [GC (GCLocker Initiated GC) [PSYoungGen: 180822K->53747K(183808K)] 637873K->511000K(708096K), 0.0083775 secs] [Times: user=0.06 sys=0.00, real=0.01 secs] 
2016-09-13T19:28:40.963-0400: 52.908: [GC (GCLocker Initiated GC) [PSYoungGen: 183795K->15932K(190464K)] 641079K->476388K(714752K), 0.0084978 secs] [Times: user=0.06 sys=0.01, real=0.01 secs] 
2016-09-13T19:28:41.133-0400: 53.078: [GC (GCLocker Initiated GC) [PSYoungGen: 137788K->56753K(178688K)] 599944K->523808K(702976K), 0.0183481 secs] [Times: user=0.15 sys=0.00, real=0.02 secs] 
2016-09-13T19:28:41.331-0400: 53.276: [GC (GCLocker Initiated GC) [PSYoungGen: 178609K->60045K(181248K)] 645910K->527442K(705536K), 0.0101738 secs] [Times: user=0.11 sys=0.00, real=0.01 secs] 
2016-09-13T19:28:41.523-0400: 53.468: [GC (GCLocker Initiated GC) [PSYoungGen: 167565K->23309K(184832K)] 642796K->498733K(709120K), 0.0079572 secs] [Times: user=0.07 sys=0.00, real=0.01 secs] 
2016-09-13T19:28:41.712-0400: 53.657: [GC (GCLocker Initiated GC) [PSYoungGen: 130829K->64385K(174592K)] 606493K->540129K(698880K), 0.0365878 secs] [Times: user=0.41 sys=0.00, real=0.04 secs] 
2016-09-13T19:28:41.891-0400: 53.836: [GC (GCLocker Initiated GC) [PSYoungGen: 161665K->41783K(179712K)] 640630K->520945K(704000K), 0.0099742 secs] [Times: user=0.09 sys=0.00, real=0.01 secs] 
2016-09-13T19:28:42.048-0400: 53.993: [GC (GCLocker Initiated GC) [PSYoungGen: 139063K->47842K(174080K)] 619843K->528985K(698368K), 0.0219759 secs] [Times: user=0.25 sys=0.00, real=0.02 secs] 
2016-09-13T19:28:42.230-0400: 54.175: [GC (GCLocker Initiated GC) [PSYoungGen: 148706K->52575K(177664K)] 631392K->535510K(701952K), 0.0191100 secs] [Times: user=0.19 sys=0.00, real=0.02 secs] 
2016-09-13T19:28:42.372-0400: 54.317: [GC (GCLocker Initiated GC) [PSYoungGen: 153439K->43345K(179200K)] 636620K->531364K(703488K), 0.0251749 secs] [Times: user=0.30 sys=0.00, real=0.03 secs] 
2016-09-13T19:28:42.528-0400: 54.473: [GC (GCLocker Initiated GC) [PSYoungGen: 151889K->56849K(182272K)] 641437K->564824K(706560K), 0.0332830 secs] [Times: user=0.42 sys=0.00, real=0.03 secs] 
2016-09-13T19:28:42.713-0400: 54.658: [Full GC (Ergonomics) [PSYoungGen: 165393K->0K(182272K)] [ParOldGen: 518719K->46264K(524288K)] 684113K->46264K(706560K), [Metaspace: 44362K->44362K(1087488K)], 0.0714129 secs] [Times: user=0.54 sys=0.00, real=0.07 secs] 
2016-09-13T19:28:42.922-0400: 54.867: [GC (Allocation Failure) [PSYoungGen: 108544K->64819K(178176K)] 154973K->111249K(702464K), 0.0073062 secs] [Times: user=0.07 sys=0.00, real=0.01 secs] 
2016-09-13T19:28:42.929-0400: 54.874: [GC (GCLocker Initiated GC) [PSYoungGen: 64994K->160K(102912K)] 111423K->111057K(627200K), 0.0074147 secs] [Times: user=0.09 sys=0.01, real=0.01 secs] 
2016-09-13T19:28:43.078-0400: 55.023: [GC (GCLocker Initiated GC) [PSYoungGen: 102560K->70831K(172544K)] 213459K->181747K(696832K), 0.0073729 secs] [Times: user=0.08 sys=0.00, real=0.00 secs] 
2016-09-13T19:28:43.219-0400: 55.164: [GC (GCLocker Initiated GC) [PSYoungGen: 158895K->46441K(175104K)] 271516K->189832K(699392K), 0.0106645 secs] [Times: user=0.15 sys=0.00, real=0.01 secs] 
2016-09-13T19:28:43.341-0400: 55.286: [GC (GCLocker Initiated GC) [PSYoungGen: 134505K->50902K(170496K)] 279498K->196093K(694784K), 0.0071257 secs] [Times: user=0.09 sys=0.00, real=0.01 secs] 
2016-09-13T19:28:43.479-0400: 55.424: [GC (GCLocker Initiated GC) [PSYoungGen: 139478K->43308K(173056K)] 286298K->208508K(697344K), 0.0098055 secs] [Times: user=0.10 sys=0.00, real=0.01 secs] 
2016-09-13T19:28:43.624-0400: 55.569: [GC (GCLocker Initiated GC) [PSYoungGen: 131884K->37078K(174080K)] 297106K->202600K(698368K), 0.0158986 secs] [Times: user=0.17 sys=0.01, real=0.02 secs] 
2016-09-13T19:28:43.812-0400: 55.757: [GC (GCLocker Initiated GC) [PSYoungGen: 133334K->23409K(175616K)] 308103K->209117K(699904K), 0.0296193 secs] [Times: user=0.27 sys=0.00, real=0.03 secs] 
2016-09-13T19:28:43.995-0400: 55.940: [GC (GCLocker Initiated GC) [PSYoungGen: 119665K->55426K(180736K)] 307004K->243041K(705024K), 0.0119884 secs] [Times: user=0.12 sys=0.00, real=0.01 secs] 
2016-09-13T19:28:44.127-0400: 56.072: [GC (Allocation Failure) [PSYoungGen: 156802K->49287K(151040K)] 344523K->240239K(675328K), 0.0223089 secs] [Times: user=0.21 sys=0.00, real=0.03 secs] 
2016-09-13T19:28:44.294-0400: 56.239: [GC (GCLocker Initiated GC) [PSYoungGen: 150221K->38432K(183808K)] 342693K->232529K(708096K), 0.0159008 secs] [Times: user=0.12 sys=0.00, real=0.02 secs] 
2016-09-13T19:28:44.461-0400: 56.406: [GC (Allocation Failure) [PSYoungGen: 143392K->14291K(181248K)] 349703K->220740K(705536K), 0.0119779 secs] [Times: user=0.12 sys=0.00, real=0.01 secs] 
2016-09-13T19:28:44.657-0400: 56.602: [GC (GCLocker Initiated GC) [PSYoungGen: 119251K->27998K(184320K)] 327219K->243778K(708608K), 0.0163768 secs] [Times: user=0.17 sys=0.00, real=0.01 secs] 
2016-09-13T19:28:44.829-0400: 56.774: [GC (GCLocker Initiated GC) [PSYoungGen: 135006K->27934K(135168K)] 352330K->245486K(659456K), 0.0063598 secs] [Times: user=0.04 sys=0.00, real=0.00 secs] 
2016-09-13T19:28:44.990-0400: 56.935: [GC (GCLocker Initiated GC) [PSYoungGen: 134942K->27870K(185344K)] 352692K->247340K(709632K), 0.0274440 secs] [Times: user=0.30 sys=0.00, real=0.03 secs] 
2016-09-13T19:28:45.210-0400: 57.155: [GC (GCLocker Initiated GC) [PSYoungGen: 137950K->5265K(183296K)] 371360K->238807K(707584K), 0.0232096 secs] [Times: user=0.28 sys=0.00, real=0.02 secs] 
2016-09-13T19:28:45.402-0400: 57.347: [GC (GCLocker Initiated GC) [PSYoungGen: 115345K->9613K(186880K)] 354965K->249372K(711168K), 0.0266274 secs] [Times: user=0.30 sys=0.00, real=0.03 secs] 
2016-09-13T19:28:45.590-0400: 57.535: [GC (GCLocker Initiated GC) [PSYoungGen: 121229K->26564K(138240K)] 367307K->272772K(662528K), 0.0178107 secs] [Times: user=0.22 sys=0.00, real=0.02 secs] 
2016-09-13T19:28:45.767-0400: 57.712: [GC (GCLocker Initiated GC) [PSYoungGen: 138180K->44916K(182272K)] 384604K->291541K(706560K), 0.0297767 secs] [Times: user=0.32 sys=0.00, real=0.04 secs] 
2016-09-13T19:28:45.961-0400: 57.906: [GC (GCLocker Initiated GC) [PSYoungGen: 155508K->64416K(175104K)] 402356K->311449K(699392K), 0.0079771 secs] [Times: user=0.06 sys=0.00, real=0.01 secs] 
2016-09-13T19:28:46.114-0400: 58.059: [GC (GCLocker Initiated GC) [PSYoungGen: 175008K->69195K(168960K)] 422296K->316729K(693248K), 0.0310685 secs] [Times: user=0.33 sys=0.00, real=0.03 secs] 
2016-09-13T19:28:46.260-0400: 58.205: [GC (GCLocker Initiated GC) [PSYoungGen: 157259K->46435K(175104K)] 404870K->294256K(699392K), 0.0097654 secs] [Times: user=0.10 sys=0.00, real=0.01 secs] 
2016-09-13T19:28:46.412-0400: 58.357: [GC (GCLocker Initiated GC) [PSYoungGen: 134499K->35618K(166400K)] 382350K->283679K(690688K), 0.0076393 secs] [Times: user=0.05 sys=0.00, real=0.01 secs] 
2016-09-13T19:28:46.566-0400: 58.511: [GC (GCLocker Initiated GC) [PSYoungGen: 124194K->56918K(171008K)] 372289K->309885K(695296K), 0.0111958 secs] [Times: user=0.11 sys=0.00, real=0.02 secs] 
2016-09-13T19:28:46.710-0400: 58.655: [GC (GCLocker Initiated GC) [PSYoungGen: 145494K->24986K(178176K)] 407684K->316324K(702464K), 0.0097070 secs] [Times: user=0.09 sys=0.00, real=0.01 secs] 
2016-09-13T19:28:46.862-0400: 58.807: [GC (GCLocker Initiated GC) [PSYoungGen: 119706K->31163K(125952K)] 411046K->322753K(650240K), 0.0086828 secs] [Times: user=0.08 sys=0.00, real=0.01 secs] 
2016-09-13T19:28:47.007-0400: 58.952: [GC (GCLocker Initiated GC) [PSYoungGen: 125881K->44943K(178176K)] 419170K->338434K(702464K), 0.0183880 secs] [Times: user=0.17 sys=0.00, real=0.02 secs] 
2016-09-13T19:28:47.187-0400: 59.132: [GC (GCLocker Initiated GC) [PSYoungGen: 142735K->21794K(176128K)] 439439K->318830K(700416K), 0.0305897 secs] [Times: user=0.28 sys=0.00, real=0.04 secs] 
2016-09-13T19:28:47.359-0400: 59.304: [GC (Allocation Failure) [PSYoungGen: 119586K->31035K(181248K)] 418189K->329847K(705536K), 0.0172596 secs] [Times: user=0.16 sys=0.00, real=0.02 secs] 
2016-09-13T19:28:47.515-0400: 59.460: [GC (GCLocker Initiated GC) [PSYoungGen: 137019K->69163K(175616K)] 435840K->377377K(699904K), 0.0426269 secs] [Times: user=0.48 sys=0.00, real=0.05 secs] 
2016-09-13T19:28:47.711-0400: 59.656: [GC (GCLocker Initiated GC) [PSYoungGen: 175147K->9735K(177152K)] 495589K->330457K(701440K), 0.0103500 secs] [Times: user=0.06 sys=0.00, real=0.01 secs] 
2016-09-13T19:28:47.865-0400: 59.810: [GC (GCLocker Initiated GC) [PSYoungGen: 103943K->15816K(178176K)] 436837K->353519K(702464K), 0.0112961 secs] [Times: user=0.12 sys=0.00, real=0.02 secs] 
2016-09-13T19:28:48.022-0400: 59.967: [GC (GCLocker Initiated GC) [PSYoungGen: 110024K->70581K(171008K)] 447751K->409946K(695296K), 0.0091622 secs] [Times: user=0.09 sys=0.00, real=0.01 secs] 
2016-09-13T19:28:48.167-0400: 60.112: [GC (GCLocker Initiated GC) [PSYoungGen: 158645K->43117K(175104K)] 498038K->388787K(699392K), 0.0183698 secs] [Times: user=0.14 sys=0.00, real=0.02 secs] 
2016-09-13T19:28:48.306-0400: 60.251: [GC (GCLocker Initiated GC) [PSYoungGen: 131181K->41729K(168960K)] 478419K->409015K(693248K), 0.0196321 secs] [Times: user=0.21 sys=0.00, real=0.02 secs] 
2016-09-13T19:28:48.463-0400: 60.408: [GC (GCLocker Initiated GC) [PSYoungGen: 129793K->20405K(172032K)] 509259K->400233K(696320K), 0.0146067 secs] [Times: user=0.16 sys=0.00, real=0.02 secs] 
2016-09-13T19:28:48.619-0400: 60.564: [GC (GCLocker Initiated GC) [PSYoungGen: 108469K->64384K(170496K)] 488399K->450567K(694784K), 0.0175074 secs] [Times: user=0.17 sys=0.01, real=0.02 secs] 
2016-09-13T19:28:48.770-0400: 60.715: [GC (GCLocker Initiated GC) [PSYoungGen: 152448K->49164K(175104K)] 538653K->437121K(699392K), 0.0187016 secs] [Times: user=0.16 sys=0.00, real=0.02 secs] 
2016-09-13T19:28:48.936-0400: 60.881: [GC (GCLocker Initiated GC) [PSYoungGen: 137228K->23437K(171520K)] 539049K->452755K(695808K), 0.0112070 secs] [Times: user=0.11 sys=0.00, real=0.00 secs] 
2016-09-13T19:28:49.067-0400: 61.012: [GC (GCLocker Initiated GC) [PSYoungGen: 112013K->59859K(173568K)] 543073K->491141K(697856K), 0.0106636 secs] [Times: user=0.09 sys=0.00, real=0.02 secs] 
2016-09-13T19:28:49.205-0400: 61.150: [GC (GCLocker Initiated GC) [PSYoungGen: 148435K->32702K(175104K)] 585897K->470373K(699392K), 0.0074858 secs] [Times: user=0.06 sys=0.00, real=0.01 secs] 
2016-09-13T19:28:49.342-0400: 61.287: [GC (GCLocker Initiated GC) [PSYoungGen: 122814K->49106K(175104K)] 562026K->488594K(699392K), 0.0302732 secs] [Times: user=0.31 sys=0.00, real=0.03 secs] 
2016-09-13T19:28:49.501-0400: 61.446: [GC (GCLocker Initiated GC) [PSYoungGen: 139218K->43244K(171008K)] 585071K->515062K(695296K), 0.0120727 secs] [Times: user=0.12 sys=0.00, real=0.01 secs] 
2016-09-13T19:28:49.655-0400: 61.600: [GC (GCLocker Initiated GC) [PSYoungGen: 136428K->41598K(173568K)] 608411K->513865K(697856K), 0.0081655 secs] [Times: user=0.06 sys=0.00, real=0.01 secs] 
2016-09-13T19:28:49.803-0400: 61.748: [GC (GCLocker Initiated GC) [PSYoungGen: 134782K->46308K(180224K)] 607272K->521998K(704512K), 0.0222706 secs] [Times: user=0.26 sys=0.00, real=0.02 secs] 
2016-09-13T19:28:50.011-0400: 61.956: [GC (GCLocker Initiated GC) [PSYoungGen: 151780K->32650K(180224K)] 641404K->522476K(704512K), 0.0244664 secs] [Times: user=0.29 sys=0.00, real=0.03 secs] 
2016-09-13T19:28:50.198-0400: 62.143: [GC (GCLocker Initiated GC) [PSYoungGen: 138122K->47737K(186368K)] 628152K->537985K(710656K), 0.0099032 secs] [Times: user=0.11 sys=0.00, real=0.01 secs] 
2016-09-13T19:28:50.356-0400: 62.301: [GC (Allocation Failure) [PSYoungGen: 161401K->50934K(185856K)] 651861K->546096K(710144K), 0.0081728 secs] [Times: user=0.06 sys=0.00, real=0.00 secs] 
2016-09-13T19:28:50.519-0400: 62.464: [GC (GCLocker Initiated GC) [PSYoungGen: 163419K->40020K(185344K)] 660101K->536845K(709632K), 0.0101167 secs] [Times: user=0.10 sys=0.00, real=0.01 secs] 
2016-09-13T19:28:50.713-0400: 62.658: [Full GC (Ergonomics) [PSYoungGen: 157268K->0K(185344K)] [ParOldGen: 502930K->45037K(524288K)] 660199K->45037K(709632K), [Metaspace: 44374K->44374K(1087488K)], 0.0729069 secs] [Times: user=0.42 sys=0.01, real=0.07 secs] 
2016-09-13T19:28:50.956-0400: 62.901: [GC (GCLocker Initiated GC) [PSYoungGen: 117248K->64847K(182272K)] 164053K->123802K(706560K), 0.0082304 secs] [Times: user=0.08 sys=0.00, real=0.00 secs] 
2016-09-13T19:28:51.113-0400: 63.058: [GC (GCLocker Initiated GC) [PSYoungGen: 182095K->56951K(183296K)] 241182K->127163K(707584K), 0.0113480 secs] [Times: user=0.12 sys=0.00, real=0.01 secs] 
2016-09-13T19:28:51.287-0400: 63.232: [GC (GCLocker Initiated GC) [PSYoungGen: 164471K->44949K(152576K)] 236316K->127562K(676864K), 0.0163699 secs] [Times: user=0.21 sys=0.00, real=0.02 secs] 
2016-09-13T19:28:51.454-0400: 63.399: [GC (GCLocker Initiated GC) [PSYoungGen: 152469K->28148K(183296K)] 241273K->123343K(707584K), 0.0071099 secs] [Times: user=0.09 sys=0.00, real=0.01 secs] 
2016-09-13T19:28:51.661-0400: 63.606: [GC (GCLocker Initiated GC) [PSYoungGen: 137204K->10040K(183296K)] 244789K->117737K(707584K), 0.0144768 secs] [Times: user=0.18 sys=0.00, real=0.01 secs] 
2016-09-13T19:28:51.863-0400: 63.808: [GC (GCLocker Initiated GC) [PSYoungGen: 119096K->28057K(186368K)] 240680K->149713K(710656K), 0.0100553 secs] [Times: user=0.10 sys=0.01, real=0.01 secs] 
2016-09-13T19:28:52.043-0400: 63.988: [GC (GCLocker Initiated GC) [PSYoungGen: 137113K->37300K(146432K)] 258950K->159292K(670720K), 0.0066710 secs] [Times: user=0.06 sys=0.01, real=0.01 secs] 
2016-09-13T19:28:52.220-0400: 64.165: [GC (GCLocker Initiated GC) [PSYoungGen: 146356K->53967K(178688K)] 269905K->177749K(702976K), 0.0101473 secs] [Times: user=0.12 sys=0.00, real=0.01 secs] 
2016-09-13T19:28:52.410-0400: 64.355: [GC (GCLocker Initiated GC) [PSYoungGen: 160463K->21822K(181248K)] 292070K->162681K(705536K), 0.0078959 secs] [Times: user=0.08 sys=0.00, real=0.01 secs] 
2016-09-13T19:28:52.572-0400: 64.517: [GC (GCLocker Initiated GC) [PSYoungGen: 128318K->43153K(183808K)] 270950K->185892K(708096K), 0.0261982 secs] [Times: user=0.26 sys=0.00, real=0.03 secs] 
2016-09-13T19:28:52.776-0400: 64.721: [GC (GCLocker Initiated GC) [PSYoungGen: 156305K->23643K(185856K)] 309869K->177425K(710144K), 0.0183679 secs] [Times: user=0.18 sys=0.00, real=0.01 secs] 
2016-09-13T19:28:52.961-0400: 64.906: [GC (GCLocker Initiated GC) [PSYoungGen: 136795K->34010K(183296K)] 296871K->194287K(707584K), 0.0400246 secs] [Times: user=0.43 sys=0.00, real=0.04 secs] 
2016-09-13T19:28:53.166-0400: 65.111: [GC (Allocation Failure) [PSYoungGen: 151770K->40388K(186880K)] 312318K->211820K(711168K), 0.0125442 secs] [Times: user=0.13 sys=0.00, real=0.02 secs] 
2016-09-13T19:28:53.341-0400: 65.286: [GC (Allocation Failure) [PSYoungGen: 158145K->43148K(189440K)] 329578K->219354K(713728K), 0.0171332 secs] [Times: user=0.18 sys=0.01, real=0.02 secs] 
2016-09-13T19:28:53.544-0400: 65.489: [GC (GCLocker Initiated GC) [PSYoungGen: 169100K->43179K(192000K)] 345308K->219648K(716288K), 0.0156281 secs] [Times: user=0.12 sys=0.00, real=0.02 secs] 
2016-09-13T19:28:53.769-0400: 65.714: [GC (GCLocker Initiated GC) [PSYoungGen: 169131K->46470K(195584K)] 345972K->223533K(719872K), 0.0273977 secs] [Times: user=0.27 sys=0.00, real=0.03 secs] 
2016-09-13T19:28:54.017-0400: 65.962: [GC (Allocation Failure) [PSYoungGen: 177030K->34168K(164864K)] 368013K->225443K(689152K), 0.0165825 secs] [Times: user=0.22 sys=0.00, real=0.01 secs] 
2016-09-13T19:28:54.231-0400: 66.176: [GC (GCLocker Initiated GC) [PSYoungGen: 164237K->46440K(195584K)] 357031K->239502K(719872K), 0.0110968 secs] [Times: user=0.09 sys=0.00, real=0.01 secs] 
2016-09-13T19:28:54.449-0400: 66.394: [GC (GCLocker Initiated GC) [PSYoungGen: 178024K->41662K(195584K)] 374227K->238074K(719872K), 0.0258979 secs] [Times: user=0.28 sys=0.00, real=0.02 secs] 
2016-09-13T19:28:54.662-0400: 66.607: [GC (GCLocker Initiated GC) [PSYoungGen: 173246K->50816K(194560K)] 369831K->265699K(718848K), 0.0225423 secs] [Times: user=0.30 sys=0.00, real=0.02 secs] 
2016-09-13T19:28:54.871-0400: 66.816: [GC (Allocation Failure) [PSYoungGen: 182912K->63148K(195584K)] 397842K->281286K(719872K), 0.0114826 secs] [Times: user=0.15 sys=0.00, real=0.01 secs] 
2016-09-13T19:28:55.073-0400: 67.018: [GC (GCLocker Initiated GC) [PSYoungGen: 195244K->63152K(179200K)] 413388K->292178K(703488K), 0.0083161 secs] [Times: user=0.11 sys=0.00, real=0.01 secs] 
2016-09-13T19:28:55.257-0400: 67.202: [GC (GCLocker Initiated GC) [PSYoungGen: 175792K->69160K(182272K)] 405041K->298607K(706560K), 0.0106269 secs] [Times: user=0.14 sys=0.00, real=0.01 secs] 
2016-09-13T19:28:55.452-0400: 67.397: [GC (GCLocker Initiated GC) [PSYoungGen: 181800K->7005K(173056K)] 426458K->251884K(697344K), 0.0154201 secs] [Times: user=0.19 sys=0.00, real=0.01 secs] 
2016-09-13T19:28:55.619-0400: 67.564: [GC (GCLocker Initiated GC) [PSYoungGen: 100189K->23500K(177664K)] 351175K->274766K(701952K), 0.0066614 secs] [Times: user=0.09 sys=0.00, real=0.00 secs] 
2016-09-13T19:28:55.762-0400: 67.707: [GC (GCLocker Initiated GC) [PSYoungGen: 116684K->46440K(172032K)] 371095K->301159K(696320K), 0.0078423 secs] [Times: user=0.09 sys=0.01, real=0.01 secs] 
2016-09-13T19:28:55.910-0400: 67.855: [GC (GCLocker Initiated GC) [PSYoungGen: 140136K->17490K(175104K)] 400953K->301321K(699392K), 0.0144496 secs] [Times: user=0.18 sys=0.01, real=0.01 secs] 
2016-09-13T19:28:56.077-0400: 68.022: [GC (GCLocker Initiated GC) [PSYoungGen: 111186K->43116K(175616K)] 395137K->336350K(699904K), 0.0078202 secs] [Times: user=0.07 sys=0.00, real=0.00 secs] 
2016-09-13T19:28:56.227-0400: 68.172: [GC (GCLocker Initiated GC) [PSYoungGen: 142444K->35687K(178176K)] 435878K->329340K(702464K), 0.0093069 secs] [Times: user=0.10 sys=0.00, real=0.02 secs] 
2016-09-13T19:28:56.404-0400: 68.349: [GC (GCLocker Initiated GC) [PSYoungGen: 135015K->27906K(180736K)] 430281K->323447K(705024K), 0.0168139 secs] [Times: user=0.16 sys=0.00, real=0.02 secs] 
2016-09-13T19:28:56.569-0400: 68.514: [GC (GCLocker Initiated GC) [PSYoungGen: 135426K->55459K(181760K)] 432500K->352774K(706048K), 0.0077415 secs] [Times: user=0.11 sys=0.00, real=0.01 secs] 
2016-09-13T19:28:56.730-0400: 68.675: [GC (GCLocker Initiated GC) [PSYoungGen: 162979K->66093K(173056K)] 460555K->371450K(697344K), 0.0109302 secs] [Times: user=0.14 sys=0.01, real=0.01 secs] 
2016-09-13T19:28:56.892-0400: 68.837: [GC (GCLocker Initiated GC) [PSYoungGen: 162349K->23681K(179200K)] 481631K->343318K(703488K), 0.0312317 secs] [Times: user=0.38 sys=0.01, real=0.03 secs] 
2016-09-13T19:28:57.078-0400: 69.023: [GC (GCLocker Initiated GC) [PSYoungGen: 119937K->46377K(174080K)] 439763K->366428K(698368K), 0.0066650 secs] [Times: user=0.07 sys=0.00, real=0.00 secs] 
2016-09-13T19:28:57.255-0400: 69.200: [GC (GCLocker Initiated GC) [PSYoungGen: 143657K->23845K(177152K)] 480534K->360975K(701440K), 0.0063855 secs] [Times: user=0.07 sys=0.00, real=0.01 secs] 
2016-09-13T19:28:57.409-0400: 69.354: [GC (GCLocker Initiated GC) [PSYoungGen: 121125K->49320K(180736K)] 459788K->388161K(705024K), 0.0136232 secs] [Times: user=0.16 sys=0.00, real=0.01 secs] 
2016-09-13T19:28:57.594-0400: 69.539: [GC (GCLocker Initiated GC) [PSYoungGen: 152232K->11318K(181760K)] 497170K->363981K(706048K), 0.0152524 secs] [Times: user=0.16 sys=0.00, real=0.02 secs] 
2016-09-13T19:28:57.753-0400: 69.698: [GC (GCLocker Initiated GC) [PSYoungGen: 114230K->5055K(179200K)] 471471K->365586K(703488K), 0.0039199 secs] [Times: user=0.02 sys=0.00, real=0.01 secs] 
2016-09-13T19:28:57.907-0400: 69.852: [GC (GCLocker Initiated GC) [PSYoungGen: 104383K->63057K(162816K)] 466592K->425523K(687104K), 0.0146967 secs] [Times: user=0.14 sys=0.00, real=0.02 secs] 
2016-09-13T19:28:58.095-0400: 70.040: [GC (GCLocker Initiated GC) [PSYoungGen: 162385K->26441K(178176K)] 537129K->401321K(702464K), 0.0157513 secs] [Times: user=0.18 sys=0.00, real=0.02 secs] 
2016-09-13T19:28:58.249-0400: 70.194: [GC (Allocation Failure) [PSYoungGen: 117577K->44789K(136192K)] 492633K->420050K(660480K), 0.0099370 secs] [Times: user=0.09 sys=0.00, real=0.01 secs] 
2016-09-13T19:28:58.402-0400: 70.347: [GC (GCLocker Initiated GC) [PSYoungGen: 134482K->25087K(176128K)] 515818K->408339K(700416K), 0.0100963 secs] [Times: user=0.08 sys=0.01, real=0.01 secs] 
2016-09-13T19:28:58.585-0400: 70.530: [GC (Allocation Failure) [PSYoungGen: 118783K->28062K(173568K)] 502219K->411826K(697856K), 0.0112120 secs] [Times: user=0.14 sys=0.00, real=0.02 secs] 
2016-09-13T19:28:58.724-0400: 70.669: [GC (GCLocker Initiated GC) [PSYoungGen: 119309K->32491K(178688K)] 509149K->422614K(702976K), 0.0298987 secs] [Times: user=0.40 sys=0.00, real=0.03 secs] 
2016-09-13T19:28:58.907-0400: 70.852: [GC (GCLocker Initiated GC) [PSYoungGen: 135915K->40276K(176640K)] 533692K->438199K(700928K), 0.0061810 secs] [Times: user=0.08 sys=0.00, real=0.01 secs] 
2016-09-13T19:28:59.079-0400: 71.024: [GC (GCLocker Initiated GC) [PSYoungGen: 143700K->59956K(180224K)] 543274K->471931K(704512K), 0.0141921 secs] [Times: user=0.22 sys=0.00, real=0.01 secs] 
2016-09-13T19:28:59.250-0400: 71.195: [GC (GCLocker Initiated GC) [PSYoungGen: 168500K->10054K(118784K)] 594297K->436046K(643072K), 0.0071086 secs] [Times: user=0.08 sys=0.01, real=0.01 secs] 
2016-09-13T19:28:59.419-0400: 71.364: [GC (Allocation Failure) [PSYoungGen: 118598K->26569K(187392K)] 544687K->452836K(711680K), 0.0107631 secs] [Times: user=0.13 sys=0.00, real=0.01 secs] 
2016-09-13T19:28:59.430-0400: 71.375: [GC (GCLocker Initiated GC) [PSYoungGen: 26576K->96K(184320K)] 452843K->458787K(708608K), 0.0074905 secs] [Times: user=0.11 sys=0.01, real=0.01 secs] 
2016-09-13T19:28:59.612-0400: 71.557: [GC (GCLocker Initiated GC) [PSYoungGen: 109049K->75333K(164864K)] 569259K->547693K(689152K), 0.0090676 secs] [Times: user=0.11 sys=0.01, real=0.01 secs] 
2016-09-13T19:28:59.769-0400: 71.714: [GC (GCLocker Initiated GC) --[PSYoungGen: 163397K->163397K(164864K)] 643604K->683495K(689152K), 0.0098445 secs] [Times: user=0.10 sys=0.00, real=0.01 secs] 
2016-09-13T19:28:59.779-0400: 71.724: [Full GC (Ergonomics) [PSYoungGen: 163397K->0K(164864K)] [ParOldGen: 520097K->39005K(524288K)] 683495K->39005K(689152K), [Metaspace: 44463K->44463K(1087488K)], 0.0533290 secs] [Times: user=0.31 sys=0.01, real=0.05 secs] 
2016-09-13T19:28:59.940-0400: 71.885: [GC (Allocation Failure) [PSYoungGen: 88064K->78362K(175104K)] 127338K->117636K(699392K), 0.0096883 secs] [Times: user=0.13 sys=0.00, real=0.01 secs] 
2016-09-13T19:29:00.060-0400: 72.005: [GC (GCLocker Initiated GC) [PSYoungGen: 166083K->52361K(175104K)] 206876K->114775K(699392K), 0.0077222 secs] [Times: user=0.07 sys=0.00, real=0.01 secs] 
2016-09-13T19:29:00.192-0400: 72.137: [GC (GCLocker Initiated GC) [PSYoungGen: 140425K->35650K(175104K)] 204391K->99892K(699392K), 0.0128294 secs] [Times: user=0.13 sys=0.00, real=0.01 secs] 
2016-09-13T19:29:00.318-0400: 72.263: [GC (GCLocker Initiated GC) [PSYoungGen: 123714K->49261K(175104K)] 187973K->127438K(699392K), 0.0158219 secs] [Times: user=0.22 sys=0.00, real=0.01 secs] 
2016-09-13T19:29:00.485-0400: 72.430: [GC (GCLocker Initiated GC) [PSYoungGen: 137325K->55495K(175104K)] 215530K->144542K(699392K), 0.0091000 secs] [Times: user=0.12 sys=0.00, real=0.01 secs] 
2016-09-13T19:29:00.617-0400: 72.562: [GC (Allocation Failure) [PSYoungGen: 143559K->28247K(175104K)] 232717K->132859K(699392K), 0.0087378 secs] [Times: user=0.12 sys=0.00, real=0.00 secs] 
2016-09-13T19:29:00.754-0400: 72.699: [GC (GCLocker Initiated GC) [PSYoungGen: 116311K->41640K(130048K)] 220938K->146575K(654336K), 0.0065663 secs] [Times: user=0.09 sys=0.00, real=0.01 secs] 
2016-09-13T19:29:00.917-0400: 72.862: [GC (GCLocker Initiated GC) [PSYoungGen: 129704K->52394K(172544K)] 234709K->157550K(696832K), 0.0101326 secs] [Times: user=0.11 sys=0.00, real=0.00 secs] 
2016-09-13T19:29:01.077-0400: 73.022: [GC (GCLocker Initiated GC) [PSYoungGen: 140458K->59891K(172544K)] 248766K->169904K(696832K), 0.0117716 secs] [Times: user=0.10 sys=0.01, real=0.01 secs] 
2016-09-13T19:29:01.216-0400: 73.161: [GC (GCLocker Initiated GC) [PSYoungGen: 147955K->32677K(175616K)] 265634K->150585K(699904K), 0.0044522 secs] [Times: user=0.04 sys=0.00, real=0.00 secs] 
2016-09-13T19:29:01.351-0400: 73.296: [GC (GCLocker Initiated GC) [PSYoungGen: 123813K->3782K(95232K)] 251006K->138730K(619520K), 0.0269908 secs] [Times: user=0.35 sys=0.00, real=0.03 secs] 
2016-09-13T19:29:01.504-0400: 73.449: [GC (GCLocker Initiated GC) [PSYoungGen: 94918K->32555K(178688K)] 231399K->169253K(702976K), 0.0062724 secs] [Times: user=0.08 sys=0.00, real=0.01 secs] 
2016-09-13T19:29:01.658-0400: 73.603: [GC (GCLocker Initiated GC) [PSYoungGen: 124203K->47917K(139776K)] 260921K->187910K(664064K), 0.0091655 secs] [Times: user=0.11 sys=0.00, real=0.01 secs] 
2016-09-13T19:29:01.817-0400: 73.762: [GC (GCLocker Initiated GC) [PSYoungGen: 139565K->50970K(174080K)] 279725K->195927K(698368K), 0.0158885 secs] [Times: user=0.18 sys=0.01, real=0.01 secs] 
2016-09-13T19:29:02.007-0400: 73.952: [GC (GCLocker Initiated GC) [PSYoungGen: 142618K->21890K(174080K)] 296781K->176262K(698368K), 0.0103457 secs] [Times: user=0.10 sys=0.00, real=0.02 secs] 
2016-09-13T19:29:02.163-0400: 74.108: [GC (Allocation Failure) [PSYoungGen: 113538K->60105K(173568K)] 280332K->227156K(697856K), 0.0080811 secs] [Times: user=0.11 sys=0.01, real=0.01 secs] 
2016-09-13T19:29:02.287-0400: 74.232: [GC (Allocation Failure) [PSYoungGen: 151005K->46500K(177152K)] 318056K->268700K(701440K), 0.0119805 secs] [Times: user=0.17 sys=0.00, real=0.02 secs] 
2016-09-13T19:29:02.443-0400: 74.388: [GC (Allocation Failure) [PSYoungGen: 137159K->5306K(175104K)] 359359K->227781K(699392K), 0.0035957 secs] [Times: user=0.02 sys=0.00, real=0.00 secs] 
2016-09-13T19:29:02.577-0400: 74.522: [GC (GCLocker Initiated GC) [PSYoungGen: 97466K->50561K(177152K)] 319957K->273340K(701440K), 0.0202733 secs] [Times: user=0.24 sys=0.00, real=0.02 secs] 
2016-09-13T19:29:02.708-0400: 74.652: [GC (GCLocker Initiated GC) [PSYoungGen: 142721K->43249K(171008K)] 367044K->267694K(695296K), 0.0103097 secs] [Times: user=0.11 sys=0.00, real=0.02 secs] 
2016-09-13T19:29:02.865-0400: 74.810: [GC (Allocation Failure) [PSYoungGen: 135409K->46617K(174080K)] 359972K->286625K(698368K), 0.0080325 secs] [Times: user=0.10 sys=0.01, real=0.01 secs] 
2016-09-13T19:29:03.025-0400: 74.970: [GC (GCLocker Initiated GC) [PSYoungGen: 138126K->51093K(178688K)] 379652K->293221K(702976K), 0.0072040 secs] [Times: user=0.10 sys=0.00, real=0.01 secs] 
2016-09-13T19:29:03.188-0400: 75.133: [GC (Allocation Failure) [PSYoungGen: 150933K->34195K(180224K)] 394672K->278239K(704512K), 0.0110275 secs] [Times: user=0.12 sys=0.00, real=0.01 secs] 
2016-09-13T19:29:03.374-0400: 75.319: [GC (GCLocker Initiated GC) [PSYoungGen: 134035K->46313K(179712K)] 378084K->308773K(704000K), 0.0111509 secs] [Times: user=0.13 sys=0.00, real=0.01 secs] 
2016-09-13T19:29:03.508-0400: 75.453: [GC (GCLocker Initiated GC) [PSYoungGen: 150249K->58470K(180224K)] 412737K->321273K(704512K), 0.0081719 secs] [Times: user=0.11 sys=0.00, real=0.01 secs] 
2016-09-13T19:29:03.668-0400: 75.613: [GC (GCLocker Initiated GC) [PSYoungGen: 162406K->49578K(184320K)] 425340K->324963K(708608K), 0.0090956 secs] [Times: user=0.14 sys=0.00, real=0.01 secs] 
2016-09-13T19:29:03.858-0400: 75.803: [GC (GCLocker Initiated GC) [PSYoungGen: 155050K->23468K(183296K)] 438171K->306829K(707584K), 0.0113568 secs] [Times: user=0.10 sys=0.00, real=0.01 secs] 
2016-09-13T19:29:04.046-0400: 75.991: [GC (GCLocker Initiated GC) [PSYoungGen: 128940K->14228K(182272K)] 426039K->311458K(706560K), 0.0041281 secs] [Times: user=0.03 sys=0.00, real=0.01 secs] 
2016-09-13T19:29:04.235-0400: 76.180: [GC (GCLocker Initiated GC) [PSYoungGen: 118676K->32744K(137216K)] 416062K->331854K(661504K), 0.0133901 secs] [Times: user=0.12 sys=0.00, real=0.02 secs] 
2016-09-13T19:29:04.447-0400: 76.392: [GC (Allocation Failure) [PSYoungGen: 137192K->21730K(181760K)] 442535K->331840K(706048K), 0.0199745 secs] [Times: user=0.22 sys=0.00, real=0.02 secs] 
2016-09-13T19:29:04.632-0400: 76.577: [GC (GCLocker Initiated GC) [PSYoungGen: 127714K->37301K(181248K)] 437829K->347666K(705536K), 0.0075497 secs] [Times: user=0.09 sys=0.00, real=0.01 secs] 
2016-09-13T19:29:04.773-0400: 76.718: [GC (Allocation Failure) [PSYoungGen: 143285K->41821K(184320K)] 455462K->354176K(708608K), 0.0071796 secs] [Times: user=0.10 sys=0.00, real=0.01 secs] 
2016-09-13T19:29:04.923-0400: 76.868: [GC (GCLocker Initiated GC) [PSYoungGen: 154461K->46160K(182784K)] 466819K->358793K(707072K), 0.0236464 secs] [Times: user=0.32 sys=0.00, real=0.02 secs] 
2016-09-13T19:29:05.139-0400: 77.084: [GC (GCLocker Initiated GC) [PSYoungGen: 158800K->28120K(190464K)] 477628K->347127K(714752K), 0.0065840 secs] [Times: user=0.09 sys=0.00, real=0.00 secs] 
2016-09-13T19:29:05.328-0400: 77.273: [GC (GCLocker Initiated GC) [PSYoungGen: 149976K->28019K(190464K)] 475122K->353358K(714752K), 0.0150428 secs] [Times: user=0.17 sys=0.00, real=0.01 secs] 
2016-09-13T19:29:05.509-0400: 77.454: [GC (GCLocker Initiated GC) [PSYoungGen: 149875K->50940K(189440K)] 475360K->387321K(713728K), 0.0090822 secs] [Times: user=0.11 sys=0.00, real=0.01 secs] 
2016-09-13T19:29:05.727-0400: 77.672: [GC (GCLocker Initiated GC) [PSYoungGen: 173308K->8334K(131072K)] 515790K->357021K(655360K), 0.0110374 secs] [Times: user=0.12 sys=0.01, real=0.02 secs] 
2016-09-13T19:29:05.911-0400: 77.856: [GC (GCLocker Initiated GC) [PSYoungGen: 130702K->49229K(186880K)] 479411K->404274K(711168K), 0.0102546 secs] [Times: user=0.10 sys=0.00, real=0.01 secs] 
2016-09-13T19:29:06.138-0400: 78.083: [GC (GCLocker Initiated GC) [PSYoungGen: 164941K->23410K(188928K)] 521527K->383212K(713216K), 0.0067212 secs] [Times: user=0.08 sys=0.00, real=0.00 secs] 
2016-09-13T19:29:06.307-0400: 78.252: [GC (GCLocker Initiated GC) [PSYoungGen: 139122K->70678K(172032K)] 498955K->438315K(696320K), 0.0105796 secs] [Times: user=0.15 sys=0.00, real=0.02 secs] 
2016-09-13T19:29:06.491-0400: 78.436: [GC (GCLocker Initiated GC) [PSYoungGen: 171030K->47932K(181248K)] 538693K->424976K(705536K), 0.0385538 secs] [Times: user=0.34 sys=0.02, real=0.04 secs] 
2016-09-13T19:29:06.663-0400: 78.608: [GC (GCLocker Initiated GC) [PSYoungGen: 148284K->65898K(170496K)] 526870K->455388K(694784K), 0.0246111 secs] [Times: user=0.34 sys=0.01, real=0.03 secs] 
2016-09-13T19:29:06.823-0400: 78.768: [GC (GCLocker Initiated GC) [PSYoungGen: 156010K->62897K(153088K)] 550093K->461773K(677376K), 0.0216404 secs] [Times: user=0.28 sys=0.00, real=0.02 secs] 
2016-09-13T19:29:06.948-0400: 78.893: [GC (GCLocker Initiated GC) [PSYoungGen: 153009K->52388K(175104K)] 551912K->459134K(699392K), 0.0226482 secs] [Times: user=0.24 sys=0.00, real=0.02 secs] 
2016-09-13T19:29:07.094-0400: 79.039: [GC (Allocation Failure) [PSYoungGen: 140452K->46409K(134656K)] 547368K->471712K(658944K), 0.0145228 secs] [Times: user=0.18 sys=0.00, real=0.02 secs] 
2016-09-13T19:29:07.221-0400: 79.166: [GC (GCLocker Initiated GC) [PSYoungGen: 133763K->29643K(174080K)] 560585K->456608K(698368K), 0.0107101 secs] [Times: user=0.09 sys=0.00, real=0.01 secs] 
2016-09-13T19:29:07.353-0400: 79.298: [GC (GCLocker Initiated GC) [PSYoungGen: 119243K->51037K(172544K)] 547992K->479957K(696832K), 0.0067581 secs] [Times: user=0.09 sys=0.00, real=0.01 secs] 
2016-09-13T19:29:07.502-0400: 79.447: [GC (GCLocker Initiated GC) [PSYoungGen: 140637K->55581K(176128K)] 569747K->484916K(700416K), 0.0101890 secs] [Times: user=0.16 sys=0.01, real=0.01 secs] 
2016-09-13T19:29:07.652-0400: 79.597: [GC (GCLocker Initiated GC) [PSYoungGen: 149789K->35395K(176640K)] 579386K->465178K(700928K), 0.0188585 secs] [Times: user=0.17 sys=0.00, real=0.02 secs] 
2016-09-13T19:29:07.844-0400: 79.789: [GC (Allocation Failure) [PSYoungGen: 129603K->41565K(175104K)] 559741K->471884K(699392K), 0.0072537 secs] [Times: user=0.07 sys=0.01, real=0.01 secs] 
2016-09-13T19:29:07.992-0400: 79.937: [GC (GCLocker Initiated GC) [PSYoungGen: 140600K->27928K(176640K)] 572438K->459968K(700928K), 0.0182262 secs] [Times: user=0.18 sys=0.01, real=0.02 secs] 
2016-09-13T19:29:08.125-0400: 80.070: [GC (GCLocker Initiated GC) [PSYoungGen: 127256K->47837K(181248K)] 559415K->480249K(705536K), 0.0100503 secs] [Times: user=0.10 sys=0.00, real=0.01 secs] 
2016-09-13T19:29:08.298-0400: 80.243: [GC (GCLocker Initiated GC) [PSYoungGen: 155869K->49224K(183296K)] 594672K->488169K(707584K), 0.0360153 secs] [Times: user=0.38 sys=0.01, real=0.03 secs] 
2016-09-13T19:29:08.500-0400: 80.445: [GC (GCLocker Initiated GC) [PSYoungGen: 157256K->5206K(180736K)] 609875K->464022K(705024K), 0.0196789 secs] [Times: user=0.19 sys=0.00, real=0.02 secs] 
2016-09-13T19:29:08.700-0400: 80.645: [GC (GCLocker Initiated GC) [PSYoungGen: 111702K->23345K(184320K)] 585914K->502464K(708608K), 0.0287165 secs] [Times: user=0.32 sys=0.00, real=0.03 secs] 
2016-09-13T19:29:08.888-0400: 80.833: [GC (GCLocker Initiated GC) [PSYoungGen: 129841K->62773K(175104K)] 608995K->542120K(699392K), 0.0084166 secs] [Times: user=0.06 sys=0.00, real=0.01 secs] 
2016-09-13T19:29:09.051-0400: 80.996: [GC (GCLocker Initiated GC) [PSYoungGen: 161077K->34159K(180224K)] 652591K->525807K(704512K), 0.0167445 secs] [Times: user=0.15 sys=0.00, real=0.02 secs] 
2016-09-13T19:29:09.245-0400: 81.190: [GC (GCLocker Initiated GC) [PSYoungGen: 132463K->24896K(174592K)] 630219K->547150K(698880K), 0.0229805 secs] [Times: user=0.22 sys=0.00, real=0.03 secs] 
2016-09-13T19:29:09.268-0400: 81.213: [Full GC (Ergonomics) [PSYoungGen: 24896K->0K(174592K)] [ParOldGen: 522253K->37946K(524288K)] 547150K->37946K(698880K), [Metaspace: 44479K->44479K(1087488K)], 0.0510189 secs] [Times: user=0.18 sys=0.01, real=0.05 secs] 
2016-09-13T19:29:09.442-0400: 81.387: [GC (GCLocker Initiated GC) [PSYoungGen: 100864K->58309K(178688K)] 138858K->96311K(702976K), 0.0205084 secs] [Times: user=0.18 sys=0.01, real=0.02 secs] 
2016-09-13T19:29:09.581-0400: 81.526: [GC (GCLocker Initiated GC) [PSYoungGen: 159173K->6729K(177664K)] 203276K->86055K(701952K), 0.0063407 secs] [Times: user=0.04 sys=0.00, real=0.00 secs] 
2016-09-13T19:29:09.707-0400: 81.652: [GC (GCLocker Initiated GC) [PSYoungGen: 102985K->62892K(159232K)] 183985K->151759K(683520K), 0.0205461 secs] [Times: user=0.21 sys=0.01, real=0.02 secs] 
2016-09-13T19:29:09.873-0400: 81.818: [GC (GCLocker Initiated GC) [PSYoungGen: 159148K->46398K(176640K)] 248283K->135722K(700928K), 0.0066035 secs] [Times: user=0.06 sys=0.00, real=0.01 secs] 
2016-09-13T19:29:10.021-0400: 81.966: [GC (Allocation Failure) [PSYoungGen: 135998K->23628K(113664K)] 225384K->113345K(637952K), 0.0083415 secs] [Times: user=0.08 sys=0.00, real=0.01 secs] 
2016-09-13T19:29:10.143-0400: 82.088: [GC (Allocation Failure) [PSYoungGen: 112166K->41608K(177152K)] 201883K->134721K(701440K), 0.0129317 secs] [Times: user=0.13 sys=0.01, real=0.02 secs] 
2016-09-13T19:29:10.299-0400: 82.243: [GC (GCLocker Initiated GC) [PSYoungGen: 132480K->44768K(173568K)] 231668K->144107K(697856K), 0.0067293 secs] [Times: user=0.05 sys=0.00, real=0.00 secs] 
2016-09-13T19:29:10.465-0400: 82.410: [GC (GCLocker Initiated GC) [PSYoungGen: 137952K->35494K(178688K)] 237293K->135021K(702976K), 0.0063332 secs] [Times: user=0.03 sys=0.00, real=0.01 secs] 
2016-09-13T19:29:10.616-0400: 82.561: [GC (GCLocker Initiated GC) [PSYoungGen: 136358K->28120K(176128K)] 235963K->128037K(700416K), 0.0095484 secs] [Times: user=0.13 sys=0.00, real=0.00 secs] 
2016-09-13T19:29:10.795-0400: 82.740: [GC (GCLocker Initiated GC) [PSYoungGen: 128984K->29580K(184832K)] 230450K->131307K(709120K), 0.0102946 secs] [Times: user=0.09 sys=0.01, real=0.01 secs] 
2016-09-13T19:29:10.954-0400: 82.899: [GC (GCLocker Initiated GC) [PSYoungGen: 140684K->26448K(182784K)] 242654K->136279K(707072K), 0.0100370 secs] [Times: user=0.08 sys=0.00, real=0.01 secs] 
2016-09-13T19:29:11.141-0400: 83.086: [GC (GCLocker Initiated GC) [PSYoungGen: 137552K->23441K(188416K)] 255120K->141238K(712704K), 0.0091375 secs] [Times: user=0.07 sys=0.00, real=0.01 secs] 
2016-09-13T19:29:11.341-0400: 83.286: [GC (GCLocker Initiated GC) [PSYoungGen: 141713K->26256K(186880K)] 265713K->150449K(711168K), 0.0139023 secs] [Times: user=0.16 sys=0.00, real=0.01 secs] 
2016-09-13T19:29:11.540-0400: 83.485: [GC (GCLocker Initiated GC) [PSYoungGen: 144528K->27966K(190976K)] 275141K->158627K(715264K), 0.0158456 secs] [Times: user=0.14 sys=0.00, real=0.01 secs] 
2016-09-13T19:29:11.754-0400: 83.699: [GC (GCLocker Initiated GC) [PSYoungGen: 153918K->24800K(190464K)] 286274K->157262K(714752K), 0.0272967 secs] [Times: user=0.24 sys=0.00, real=0.03 secs] 
2016-09-13T19:29:11.966-0400: 83.911: [GC (GCLocker Initiated GC) [PSYoungGen: 150752K->29511K(194560K)] 283478K->162478K(718848K), 0.0102673 secs] [Times: user=0.08 sys=0.00, real=0.02 secs] 
2016-09-13T19:29:12.212-0400: 84.157: [GC (GCLocker Initiated GC) [PSYoungGen: 164167K->29543K(195072K)] 303379K->169141K(719360K), 0.0095766 secs] [Times: user=0.09 sys=0.01, real=0.01 secs] 
2016-09-13T19:29:12.430-0400: 84.375: [GC (GCLocker Initiated GC) [PSYoungGen: 164199K->38752K(200704K)] 303822K->178518K(724992K), 0.0251211 secs] [Times: user=0.29 sys=0.00, real=0.02 secs] 
2016-09-13T19:29:12.655-0400: 84.600: [GC (GCLocker Initiated GC) [PSYoungGen: 181088K->29542K(200192K)] 327159K->183411K(724480K), 0.0068557 secs] [Times: user=0.06 sys=0.00, real=0.01 secs] 
2016-09-13T19:29:12.901-0400: 84.846: [GC (GCLocker Initiated GC) [PSYoungGen: 171878K->46063K(198656K)] 327293K->201597K(722944K), 0.0103808 secs] [Times: user=0.08 sys=0.00, real=0.01 secs] 
2016-09-13T19:29:13.120-0400: 85.065: [GC (GCLocker Initiated GC) [PSYoungGen: 188911K->23282K(201728K)] 346029K->180586K(726016K), 0.0250224 secs] [Times: user=0.23 sys=0.00, real=0.02 secs] 
2016-09-13T19:29:13.342-0400: 85.287: [GC (Allocation Failure) [PSYoungGen: 166130K->41443K(202240K)] 323842K->199352K(726528K), 0.0094553 secs] [Times: user=0.09 sys=0.00, real=0.01 secs] 
2016-09-13T19:29:13.596-0400: 85.541: [GC (GCLocker Initiated GC) [PSYoungGen: 180352K->9804K(154624K)] 344335K->173934K(678912K), 0.0131518 secs] [Times: user=0.12 sys=0.00, real=0.01 secs] 
2016-09-13T19:29:13.856-0400: 85.801: [GC (Allocation Failure) [PSYoungGen: 154188K->23505K(203264K)] 332291K->201834K(727552K), 0.0096861 secs] [Times: user=0.09 sys=0.00, real=0.00 secs] 
2016-09-13T19:29:14.074-0400: 86.019: [GC (GCLocker Initiated GC) [PSYoungGen: 166098K->46468K(189440K)] 345946K->226498K(713728K), 0.0109554 secs] [Times: user=0.10 sys=0.00, real=0.01 secs] 
2016-09-13T19:29:14.312-0400: 86.257: [GC (GCLocker Initiated GC) [PSYoungGen: 189316K->44635K(197120K)] 369527K->225123K(721408K), 0.0104305 secs] [Times: user=0.10 sys=0.00, real=0.01 secs] 
2016-09-13T19:29:14.530-0400: 86.475: [GC (GCLocker Initiated GC) [PSYoungGen: 179803K->52324K(187904K)] 361835K->234471K(712192K), 0.0065748 secs] [Times: user=0.04 sys=0.00, real=0.01 secs] 
2016-09-13T19:29:14.747-0400: 86.692: [GC (GCLocker Initiated GC) [PSYoungGen: 187492K->49101K(190464K)] 377363K->245248K(714752K), 0.0162983 secs] [Times: user=0.15 sys=0.00, real=0.02 secs] 
2016-09-13T19:29:14.954-0400: 86.899: [GC (Allocation Failure) [PSYoungGen: 171981K->9954K(133120K)] 369654K->207707K(657408K), 0.0060935 secs] [Times: user=0.06 sys=0.00, real=0.01 secs] 
2016-09-13T19:29:15.164-0400: 87.109: [GC (GCLocker Initiated GC) [PSYoungGen: 132834K->12646K(191488K)] 330590K->210670K(715776K), 0.0155670 secs] [Times: user=0.13 sys=0.00, real=0.02 secs] 
2016-09-13T19:29:15.364-0400: 87.309: [GC (GCLocker Initiated GC) [PSYoungGen: 133478K->46509K(167424K)] 331615K->244833K(691712K), 0.0233497 secs] [Times: user=0.26 sys=0.00, real=0.02 secs] 
2016-09-13T19:29:15.549-0400: 87.494: [GC (GCLocker Initiated GC) [PSYoungGen: 167341K->28020K(193024K)] 371815K->232700K(717312K), 0.0222565 secs] [Times: user=0.26 sys=0.00, real=0.02 secs] 
2016-09-13T19:29:15.744-0400: 87.689: [GC (GCLocker Initiated GC) [PSYoungGen: 148852K->23680K(144896K)] 359610K->234636K(669184K), 0.0045406 secs] [Times: user=0.03 sys=0.01, real=0.01 secs] 
2016-09-13T19:29:15.943-0400: 87.888: [GC (GCLocker Initiated GC) [PSYoungGen: 144512K->23473K(189952K)] 361736K->241036K(714240K), 0.0105658 secs] [Times: user=0.08 sys=0.00, real=0.01 secs] 
2016-09-13T19:29:16.158-0400: 88.103: [GC (GCLocker Initiated GC) [PSYoungGen: 146353K->5247K(187904K)] 366973K->226151K(712192K), 0.0355775 secs] [Times: user=0.34 sys=0.00, real=0.03 secs] 
2016-09-13T19:29:16.351-0400: 88.296: [GC (Allocation Failure) [PSYoungGen: 128127K->50934K(186880K)] 349271K->272407K(711168K), 0.0098566 secs] [Times: user=0.09 sys=0.01, real=0.01 secs] 
2016-09-13T19:29:16.533-0400: 88.478: [GC (GCLocker Initiated GC) [PSYoungGen: 165753K->20302K(191488K)] 393300K->249475K(715776K), 0.0194802 secs] [Times: user=0.16 sys=0.00, real=0.02 secs] 
2016-09-13T19:29:16.743-0400: 88.687: [GC (Allocation Failure) [PSYoungGen: 141134K->23308K(183296K)] 376732K->259091K(707584K), 0.0232266 secs] [Times: user=0.22 sys=0.00, real=0.02 secs] 
2016-09-13T19:29:16.941-0400: 88.886: [GC (GCLocker Initiated GC) [PSYoungGen: 146188K->46090K(188416K)] 381987K->282082K(712704K), 0.0132545 secs] [Times: user=0.13 sys=0.00, real=0.01 secs] 
2016-09-13T19:29:17.139-0400: 89.084: [GC (Allocation Failure) [PSYoungGen: 168970K->43211K(192512K)] 405247K->281121K(716800K), 0.0170978 secs] [Times: user=0.14 sys=0.00, real=0.02 secs] 
2016-09-13T19:29:17.335-0400: 89.280: [GC (GCLocker Initiated GC) [PSYoungGen: 167115K->43212K(167424K)] 405032K->281449K(691712K), 0.0262723 secs] [Times: user=0.25 sys=0.01, real=0.03 secs] 
2016-09-13T19:29:17.549-0400: 89.494: [GC (Allocation Failure) [PSYoungGen: 167116K->5115K(190464K)] 406882K->245062K(714752K), 0.0137085 secs] [Times: user=0.13 sys=0.00, real=0.01 secs] 
2016-09-13T19:29:17.727-0400: 89.672: [GC (Allocation Failure) [PSYoungGen: 124529K->27933K(148992K)] 364476K->268156K(673280K), 0.0216820 secs] [Times: user=0.19 sys=0.00, real=0.03 secs] 
2016-09-13T19:29:17.938-0400: 89.883: [GC (GCLocker Initiated GC) [PSYoungGen: 148765K->24859K(191488K)] 388989K->265202K(715776K), 0.0135594 secs] [Times: user=0.11 sys=0.00, real=0.01 secs] 
2016-09-13T19:29:18.148-0400: 90.093: [GC (GCLocker Initiated GC) [PSYoungGen: 149275K->26537K(188928K)] 397233K->274744K(713216K), 0.0104065 secs] [Times: user=0.08 sys=0.00, real=0.02 secs] 
2016-09-13T19:29:18.346-0400: 90.291: [GC (Allocation Failure) [PSYoungGen: 150953K->41506K(190464K)] 399448K->290128K(714752K), 0.0219866 secs] [Times: user=0.21 sys=0.01, real=0.03 secs] 
2016-09-13T19:29:18.559-0400: 90.504: [GC (GCLocker Initiated GC) [PSYoungGen: 170530K->41689K(192000K)] 419155K->290440K(716288K), 0.0359823 secs] [Times: user=0.36 sys=0.00, real=0.03 secs] 
2016-09-13T19:29:18.753-0400: 90.698: [GC (GCLocker Initiated GC) [PSYoungGen: 170713K->29388K(194048K)] 421041K->279905K(718336K), 0.0136785 secs] [Times: user=0.13 sys=0.00, real=0.01 secs] 
2016-09-13T19:29:18.992-0400: 90.937: [GC (GCLocker Initiated GC) [PSYoungGen: 164556K->29475K(196096K)] 415093K->280075K(720384K), 0.0267838 secs] [Times: user=0.27 sys=0.00, real=0.03 secs] 
2016-09-13T19:29:19.212-0400: 91.157: [GC (GCLocker Initiated GC) [PSYoungGen: 164643K->28147K(197632K)] 415332K->288178K(721920K), 0.0093772 secs] [Times: user=0.09 sys=0.00, real=0.01 secs] 
2016-09-13T19:29:19.459-0400: 91.404: [GC (GCLocker Initiated GC) [PSYoungGen: 170995K->6720K(199168K)] 443453K->280824K(723456K), 0.0046553 secs] [Times: user=0.02 sys=0.00, real=0.00 secs] 
2016-09-13T19:29:19.699-0400: 91.644: [GC (GCLocker Initiated GC) [PSYoungGen: 149568K->32554K(204288K)] 431348K->314449K(728576K), 0.0060331 secs] [Times: user=0.04 sys=0.00, real=0.00 secs] 
2016-09-13T19:29:19.965-0400: 91.910: [GC (Allocation Failure) [PSYoungGen: 180522K->46441K(194560K)] 462419K->328485K(718848K), 0.0257810 secs] [Times: user=0.27 sys=0.00, real=0.03 secs] 
2016-09-13T19:29:20.188-0400: 92.133: [GC (GCLocker Initiated GC) [PSYoungGen: 194409K->15870K(202240K)] 476456K->320923K(726528K), 0.0369736 secs] [Times: user=0.42 sys=0.00, real=0.03 secs] 
2016-09-13T19:29:20.437-0400: 92.382: [GC (GCLocker Initiated GC) [PSYoungGen: 158206K->47987K(190464K)] 463315K->353235K(714752K), 0.0093687 secs] [Times: user=0.10 sys=0.00, real=0.00 secs] 
2016-09-13T19:29:20.658-0400: 92.603: [GC (Allocation Failure) [PSYoungGen: 190323K->5343K(195584K)] 503181K->329074K(719872K), 0.0126638 secs] [Times: user=0.13 sys=0.00, real=0.01 secs] 
2016-09-13T19:29:20.866-0400: 92.811: [GC (GCLocker Initiated GC) [PSYoungGen: 137439K->43117K(175616K)] 461173K->367115K(699904K), 0.0282843 secs] [Times: user=0.32 sys=0.00, real=0.03 secs] 
2016-09-13T19:29:21.086-0400: 93.031: [GC (GCLocker Initiated GC) [PSYoungGen: 175213K->46222K(190464K)] 501010K->372133K(714752K), 0.0180421 secs] [Times: user=0.16 sys=0.00, real=0.02 secs] 
2016-09-13T19:29:21.300-0400: 93.245: [GC (GCLocker Initiated GC) [PSYoungGen: 170126K->34190K(158208K)] 503661K->367975K(682496K), 0.0123905 secs] [Times: user=0.13 sys=0.00, real=0.01 secs] 
2016-09-13T19:29:21.503-0400: 93.448: [GC (GCLocker Initiated GC) [PSYoungGen: 158094K->26383K(194560K)] 505671K->377199K(718848K), 0.0261321 secs] [Times: user=0.29 sys=0.00, real=0.03 secs] 
2016-09-13T19:29:21.708-0400: 93.653: [GC (GCLocker Initiated GC) [PSYoungGen: 154895K->46500K(192512K)] 505749K->397567K(716800K), 0.0068816 secs] [Times: user=0.05 sys=0.01, real=0.01 secs] 
2016-09-13T19:29:21.921-0400: 93.866: [GC (GCLocker Initiated GC) [PSYoungGen: 175012K->32581K(194048K)] 526102K->386902K(718336K), 0.0056904 secs] [Times: user=0.05 sys=0.00, real=0.00 secs] 
2016-09-13T19:29:22.119-0400: 94.064: [GC (GCLocker Initiated GC) [PSYoungGen: 164677K->46405K(195072K)] 519280K->407325K(719360K), 0.0245977 secs] [Times: user=0.19 sys=0.01, real=0.02 secs] 
2016-09-13T19:29:22.343-0400: 94.288: [GC (GCLocker Initiated GC) [PSYoungGen: 178501K->26564K(197120K)] 545523K->393716K(721408K), 0.0096936 secs] [Times: user=0.09 sys=0.01, real=0.01 secs] 
2016-09-13T19:29:22.559-0400: 94.504: [GC (Allocation Failure) [PSYoungGen: 160708K->26346K(197120K)] 529399K->395273K(721408K), 0.0449357 secs] [Times: user=0.46 sys=0.00, real=0.04 secs] 
2016-09-13T19:29:22.808-0400: 94.753: [GC (GCLocker Initiated GC) [PSYoungGen: 160490K->46158K(195584K)] 529423K->415205K(719872K), 0.0367762 secs] [Times: user=0.37 sys=0.00, real=0.03 secs] 
2016-09-13T19:29:23.028-0400: 94.973: [GC (GCLocker Initiated GC) [PSYoungGen: 180302K->25055K(197632K)] 550953K->395924K(721920K), 0.0096665 secs] [Times: user=0.08 sys=0.00, real=0.01 secs] 
2016-09-13T19:29:23.234-0400: 95.179: [GC (GCLocker Initiated GC) [PSYoungGen: 159199K->30876K(194048K)] 530093K->401980K(718336K), 0.0086034 secs] [Times: user=0.06 sys=0.01, real=0.01 secs] 
2016-09-13T19:29:23.448-0400: 95.393: [GC (GCLocker Initiated GC) [PSYoungGen: 167580K->24858K(196608K)] 544989K->405435K(720896K), 0.0067463 secs] [Times: user=0.05 sys=0.00, real=0.00 secs] 
2016-09-13T19:29:23.663-0400: 95.608: [GC (GCLocker Initiated GC) [PSYoungGen: 161562K->44666K(199680K)] 542175K->425548K(723968K), 0.0193821 secs] [Times: user=0.18 sys=0.00, real=0.02 secs] 
2016-09-13T19:29:23.900-0400: 95.845: [GC (GCLocker Initiated GC) [PSYoungGen: 185978K->50715K(192512K)] 573025K->438037K(716800K), 0.0123396 secs] [Times: user=0.11 sys=0.00, real=0.01 secs] 
2016-09-13T19:29:24.133-0400: 96.078: [GC (GCLocker Initiated GC) [PSYoungGen: 192027K->41565K(198656K)] 579351K->432046K(722944K), 0.0093170 secs] [Times: user=0.06 sys=0.01, real=0.01 secs] 
2016-09-13T19:29:24.387-0400: 96.332: [GC (GCLocker Initiated GC) [PSYoungGen: 176221K->9640K(144384K)] 572846K->406435K(668672K), 0.0222877 secs] [Times: user=0.23 sys=0.00, real=0.03 secs] 
2016-09-13T19:29:24.603-0400: 96.548: [GC (GCLocker Initiated GC) [PSYoungGen: 144296K->35794K(199168K)] 541141K->432828K(723456K), 0.0095903 secs] [Times: user=0.11 sys=0.00, real=0.01 secs] 
2016-09-13T19:29:24.820-0400: 96.765: [GC (Allocation Failure) [PSYoungGen: 169426K->47832K(196608K)] 566482K->445231K(720896K), 0.0255263 secs] [Times: user=0.28 sys=0.00, real=0.02 secs] 
2016-09-13T19:29:25.044-0400: 96.989: [GC (GCLocker Initiated GC) [PSYoungGen: 178590K->14297K(195584K)] 582064K->427034K(719872K), 0.0072769 secs] [Times: user=0.06 sys=0.01, real=0.01 secs] 
2016-09-13T19:29:25.251-0400: 97.196: [GC (GCLocker Initiated GC) [PSYoungGen: 144345K->14356K(196096K)] 557247K->427363K(720384K), 0.0166908 secs] [Times: user=0.16 sys=0.00, real=0.02 secs] 
2016-09-13T19:29:25.469-0400: 97.414: [GC (GCLocker Initiated GC) [PSYoungGen: 144404K->27902K(189952K)] 563537K->451804K(714240K), 0.0095468 secs] [Times: user=0.08 sys=0.00, real=0.01 secs] 
2016-09-13T19:29:25.666-0400: 97.611: [GC (GCLocker Initiated GC) [PSYoungGen: 157950K->47859K(193024K)] 581902K->476513K(717312K), 0.0094122 secs] [Times: user=0.08 sys=0.00, real=0.01 secs] 
2016-09-13T19:29:25.870-0400: 97.815: [GC (Allocation Failure) [PSYoungGen: 177907K->44762K(194048K)] 606812K->481527K(718336K), 0.0219608 secs] [Times: user=0.23 sys=0.00, real=0.02 secs] 
2016-09-13T19:29:25.892-0400: 97.837: [GC (GCLocker Initiated GC) [PSYoungGen: 44771K->32K(128512K)] 481536K->484447K(652800K), 0.0125255 secs] [Times: user=0.14 sys=0.00, real=0.01 secs] 
2016-09-13T19:29:26.099-0400: 98.044: [GC (GCLocker Initiated GC) [PSYoungGen: 128032K->69221K(171008K)] 612453K->553642K(695296K), 0.0170249 secs] [Times: user=0.20 sys=0.00, real=0.02 secs] 
2016-09-13T19:29:26.257-0400: 98.202: [GC (GCLocker Initiated GC) [PSYoungGen: 170597K->58373K(160256K)] 656676K->569139K(684544K), 0.0140887 secs] [Times: user=0.13 sys=0.00, real=0.01 secs] 
2016-09-13T19:29:26.271-0400: 98.216: [Full GC (Ergonomics) [PSYoungGen: 58373K->0K(160256K)] [ParOldGen: 510766K->46218K(524288K)] 569139K->46218K(684544K), [Metaspace: 44527K->44527K(1087488K)], 0.0650023 secs] [Times: user=0.38 sys=0.01, real=0.07 secs] 
2016-09-13T19:29:26.465-0400: 98.410: [GC (Allocation Failure) [PSYoungGen: 101376K->67575K(172544K)] 153892K->120092K(696832K), 0.0147281 secs] [Times: user=0.12 sys=0.00, real=0.02 secs] 
2016-09-13T19:29:26.601-0400: 98.546: [GC (GCLocker Initiated GC) [PSYoungGen: 155638K->47550K(175104K)] 208163K->124773K(699392K), 0.0084162 secs] [Times: user=0.05 sys=0.00, real=0.01 secs] 
2016-09-13T19:29:26.723-0400: 98.668: [GC (GCLocker Initiated GC) [PSYoungGen: 135614K->28275K(174080K)] 216050K->108881K(698368K), 0.0179860 secs] [Times: user=0.20 sys=0.03, real=0.02 secs] 
2016-09-13T19:29:26.867-0400: 98.812: [GC (GCLocker Initiated GC) [PSYoungGen: 116339K->41821K(130048K)] 198583K->142559K(654336K), 0.0079971 secs] [Times: user=0.10 sys=0.00, real=0.01 secs] 
2016-09-13T19:29:26.999-0400: 98.944: [GC (GCLocker Initiated GC) [PSYoungGen: 129885K->17175K(172544K)] 230692K->118270K(696832K), 0.0059323 secs] [Times: user=0.04 sys=0.01, real=0.00 secs] 
2016-09-13T19:29:27.125-0400: 99.070: [GC (Allocation Failure) [PSYoungGen: 107287K->46224K(172032K)] 208550K->156711K(696320K), 0.0183679 secs] [Times: user=0.20 sys=0.00, real=0.02 secs] 
2016-09-13T19:29:27.292-0400: 99.237: [GC (Allocation Failure) [PSYoungGen: 136335K->40020K(174592K)] 246822K->153667K(698880K), 0.0138554 secs] [Times: user=0.12 sys=0.00, real=0.01 secs] 
2016-09-13T19:29:27.448-0400: 99.393: [GC (GCLocker Initiated GC) [PSYoungGen: 138606K->65929K(176640K)] 253772K->181355K(700928K), 0.0133800 secs] [Times: user=0.15 sys=0.00, real=0.02 secs] 
2016-09-13T19:29:27.633-0400: 99.578: [GC (GCLocker Initiated GC) [PSYoungGen: 165257K->55491K(175616K)] 282220K->172703K(699904K), 0.0061681 secs] [Times: user=0.08 sys=0.00, real=0.01 secs] 
2016-09-13T19:29:27.765-0400: 99.710: [GC (Allocation Failure) [PSYoungGen: 147651K->19044K(177152K)] 264902K->141030K(701440K), 0.0111295 secs] [Times: user=0.14 sys=0.00, real=0.02 secs] 
2016-09-13T19:29:27.908-0400: 99.853: [GC (GCLocker Initiated GC) [PSYoungGen: 108533K->44603K(171520K)] 236593K->174447K(695808K), 0.0066808 secs] [Times: user=0.04 sys=0.00, real=0.00 secs] 
2016-09-13T19:29:28.077-0400: 100.022: [GC (GCLocker Initiated GC) [PSYoungGen: 137275K->23404K(174592K)] 273505K->159790K(698880K), 0.0111225 secs] [Times: user=0.15 sys=0.01, real=0.01 secs] 
2016-09-13T19:29:28.253-0400: 100.198: [GC (Allocation Failure) [PSYoungGen: 116076K->41763K(172544K)] 260251K->186239K(696832K), 0.0151096 secs] [Times: user=0.21 sys=0.00, real=0.02 secs] 
2016-09-13T19:29:28.435-0400: 100.380: [GC (GCLocker Initiated GC) [PSYoungGen: 138509K->28221K(177152K)] 289059K->178965K(701440K), 0.0058046 secs] [Times: user=0.06 sys=0.00, real=0.01 secs] 
2016-09-13T19:29:28.588-0400: 100.533: [GC (GCLocker Initiated GC) [PSYoungGen: 128061K->41880K(178176K)] 278827K->192915K(702464K), 0.0072598 secs] [Times: user=0.09 sys=0.00, real=0.00 secs] 
2016-09-13T19:29:28.734-0400: 100.679: [GC (GCLocker Initiated GC) [PSYoungGen: 150936K->47811K(182272K)] 302162K->206963K(706560K), 0.0070020 secs] [Times: user=0.09 sys=0.00, real=0.01 secs] 
2016-09-13T19:29:28.909-0400: 100.854: [GC (GCLocker Initiated GC) [PSYoungGen: 156867K->28152K(185856K)] 317618K->189070K(710144K), 0.0119747 secs] [Times: user=0.15 sys=0.00, real=0.01 secs] 
2016-09-13T19:29:29.109-0400: 101.054: [GC (GCLocker Initiated GC) [PSYoungGen: 143864K->15998K(187392K)] 316948K->189315K(711680K), 0.0048656 secs] [Times: user=0.03 sys=0.00, real=0.00 secs] 
2016-09-13T19:29:29.305-0400: 101.250: [GC (GCLocker Initiated GC) [PSYoungGen: 131710K->46472K(188928K)] 305210K->230842K(713216K), 0.0077935 secs] [Times: user=0.09 sys=0.00, real=0.01 secs] 
2016-09-13T19:29:29.506-0400: 101.451: [GC (GCLocker Initiated GC) [PSYoungGen: 163208K->35619K(152576K)] 359883K->237236K(676864K), 0.0073779 secs] [Times: user=0.08 sys=0.00, real=0.01 secs] 
2016-09-13T19:29:29.699-0400: 101.644: [GC (GCLocker Initiated GC) [PSYoungGen: 152355K->49478K(184832K)] 361603K->260391K(709120K), 0.0114168 secs] [Times: user=0.12 sys=0.01, real=0.01 secs] 
2016-09-13T19:29:29.904-0400: 101.849: [GC (Allocation Failure) [PSYoungGen: 165190K->4998K(186368K)] 385392K->233073K(710656K), 0.0133390 secs] [Times: user=0.16 sys=0.00, real=0.02 secs] 
2016-09-13T19:29:30.100-0400: 102.045: [GC (GCLocker Initiated GC) [PSYoungGen: 120710K->63142K(175616K)] 348798K->291409K(699904K), 0.0122824 secs] [Times: user=0.14 sys=0.00, real=0.01 secs] 
2016-09-13T19:29:30.261-0400: 102.206: [GC (GCLocker Initiated GC) [PSYoungGen: 165542K->43244K(182272K)] 395478K->273244K(706560K), 0.0135583 secs] [Times: user=0.13 sys=0.00, real=0.01 secs] 
2016-09-13T19:29:30.446-0400: 102.391: [GC (GCLocker Initiated GC) [PSYoungGen: 145644K->8121K(182272K)] 389340K->252113K(706560K), 0.0280659 secs] [Times: user=0.23 sys=0.00, real=0.03 secs] 
2016-09-13T19:29:30.633-0400: 102.578: [GC (GCLocker Initiated GC) [PSYoungGen: 112569K->29420K(134144K)] 358125K->276574K(658432K), 0.0176106 secs] [Times: user=0.17 sys=0.00, real=0.02 secs] 
2016-09-13T19:29:30.812-0400: 102.757: [GC (GCLocker Initiated GC) [PSYoungGen: 133868K->12587K(180736K)] 387119K->272099K(705024K), 0.0343669 secs] [Times: user=0.30 sys=0.01, real=0.03 secs] 
2016-09-13T19:29:31.001-0400: 102.946: [GC (GCLocker Initiated GC) [PSYoungGen: 118059K->23616K(180736K)] 385180K->296967K(705024K), 0.0382036 secs] [Times: user=0.41 sys=0.01, real=0.04 secs] 
2016-09-13T19:29:31.212-0400: 103.157: [GC (GCLocker Initiated GC) [PSYoungGen: 129088K->5244K(184320K)] 416266K->292886K(708608K), 0.0029833 secs] [Times: user=0.03 sys=0.00, real=0.00 secs] 
2016-09-13T19:29:31.363-0400: 103.308: [GC (GCLocker Initiated GC) [PSYoungGen: 116860K->32799K(184320K)] 404689K->320873K(708608K), 0.0062910 secs] [Times: user=0.08 sys=0.00, real=0.01 secs] 
2016-09-13T19:29:31.521-0400: 103.466: [GC (Allocation Failure) [PSYoungGen: 144415K->43184K(185856K)] 432646K->331593K(710144K), 0.0082310 secs] [Times: user=0.04 sys=0.00, real=0.01 secs] 
2016-09-13T19:29:31.710-0400: 103.655: [GC (GCLocker Initiated GC) [PSYoungGen: 158896K->44577K(186880K)] 447308K->337801K(711168K), 0.0178039 secs] [Times: user=0.15 sys=0.00, real=0.02 secs] 
2016-09-13T19:29:31.902-0400: 103.847: [GC (GCLocker Initiated GC) [PSYoungGen: 160289K->23790K(186880K)] 462724K->326395K(711168K), 0.0066039 secs] [Times: user=0.08 sys=0.00, real=0.01 secs] 
2016-09-13T19:29:32.117-0400: 104.062: [GC (GCLocker Initiated GC) [PSYoungGen: 142574K->29363K(188416K)] 451383K->338527K(712704K), 0.0065675 secs] [Times: user=0.07 sys=0.00, real=0.00 secs] 
2016-09-13T19:29:32.300-0400: 104.245: [GC (Allocation Failure) [PSYoungGen: 148147K->66031K(176640K)] 458852K->393586K(700928K), 0.0161542 secs] [Times: user=0.22 sys=0.01, real=0.02 secs] 
2016-09-13T19:29:32.487-0400: 104.432: [GC (GCLocker Initiated GC) [PSYoungGen: 173458K->50971K(161792K)] 507088K->395403K(686080K), 0.0078497 secs] [Times: user=0.12 sys=0.00, real=0.01 secs] 
2016-09-13T19:29:32.677-0400: 104.622: [GC (GCLocker Initiated GC) [PSYoungGen: 161563K->44794K(185344K)] 506086K->389551K(709632K), 0.0141184 secs] [Times: user=0.14 sys=0.00, real=0.01 secs] 
2016-09-13T19:29:32.862-0400: 104.807: [GC (Allocation Failure) [PSYoungGen: 152826K->43148K(151552K)] 497761K->388327K(675840K), 0.0327344 secs] [Times: user=0.41 sys=0.00, real=0.03 secs] 
2016-09-13T19:29:33.043-0400: 104.988: [GC (Allocation Failure) [PSYoungGen: 148875K->9895K(181760K)] 494055K->355401K(706048K), 0.0097827 secs] [Times: user=0.11 sys=0.00, real=0.01 secs] 
2016-09-13T19:29:33.202-0400: 105.147: [GC (GCLocker Initiated GC) [PSYoungGen: 116903K->29512K(182784K)] 462412K->375320K(707072K), 0.0075012 secs] [Times: user=0.08 sys=0.00, real=0.01 secs] 
2016-09-13T19:29:33.382-0400: 105.327: [GC (GCLocker Initiated GC) [PSYoungGen: 136520K->40052K(184832K)] 484070K->387722K(709120K), 0.0061413 secs] [Times: user=0.03 sys=0.01, real=0.01 secs] 
2016-09-13T19:29:33.569-0400: 105.514: [GC (GCLocker Initiated GC) [PSYoungGen: 153204K->14355K(184320K)] 500881K->362147K(708608K), 0.0163656 secs] [Times: user=0.14 sys=0.00, real=0.01 secs] 
2016-09-13T19:29:33.741-0400: 105.686: [GC (GCLocker Initiated GC) [PSYoungGen: 127507K->34036K(184320K)] 475321K->382125K(708608K), 0.0101512 secs] [Times: user=0.11 sys=0.00, real=0.01 secs] 
2016-09-13T19:29:33.909-0400: 105.854: [GC (GCLocker Initiated GC) [PSYoungGen: 153844K->49259K(187392K)] 501959K->399048K(711680K), 0.0065424 secs] [Times: user=0.05 sys=0.00, real=0.01 secs] 
2016-09-13T19:29:34.099-0400: 106.044: [GC (GCLocker Initiated GC) [PSYoungGen: 169067K->43217K(192512K)] 520519K->400962K(716800K), 0.0094668 secs] [Times: user=0.10 sys=0.00, real=0.01 secs] 
2016-09-13T19:29:34.299-0400: 106.244: [GC (GCLocker Initiated GC) [PSYoungGen: 165585K->46190K(168960K)] 524957K->405767K(693248K), 0.0175310 secs] [Times: user=0.16 sys=0.00, real=0.02 secs] 
2016-09-13T19:29:34.529-0400: 106.474: [GC (GCLocker Initiated GC) [PSYoungGen: 168558K->9826K(189440K)] 540519K->382013K(713728K), 0.0177821 secs] [Times: user=0.16 sys=0.00, real=0.01 secs] 
2016-09-13T19:29:34.727-0400: 106.672: [GC (GCLocker Initiated GC) [PSYoungGen: 128610K->46382K(165376K)] 500911K->418940K(689664K), 0.0143479 secs] [Times: user=0.16 sys=0.00, real=0.02 secs] 
2016-09-13T19:29:34.917-0400: 106.862: [GC (GCLocker Initiated GC) [PSYoungGen: 165166K->41825K(190976K)] 540968K->417825K(715264K), 0.0104368 secs] [Times: user=0.13 sys=0.00, real=0.01 secs] 
2016-09-13T19:29:35.106-0400: 107.051: [GC (GCLocker Initiated GC) [PSYoungGen: 160097K->47801K(189440K)] 536119K->424064K(713728K), 0.0108866 secs] [Times: user=0.12 sys=0.00, real=0.02 secs] 
2016-09-13T19:29:35.293-0400: 107.238: [GC (GCLocker Initiated GC) [PSYoungGen: 166073K->60019K(179712K)] 544059K->447313K(704000K), 0.0109292 secs] [Times: user=0.15 sys=0.00, real=0.01 secs] 
2016-09-13T19:29:35.492-0400: 107.437: [GC (GCLocker Initiated GC) [PSYoungGen: 167539K->46440K(184832K)] 554975K->434097K(709120K), 0.0090567 secs] [Times: user=0.11 sys=0.01, real=0.01 secs] 
2016-09-13T19:29:35.675-0400: 107.620: [GC (GCLocker Initiated GC) [PSYoungGen: 153960K->49261K(182784K)] 541690K->437224K(707072K), 0.0079410 secs] [Times: user=0.08 sys=0.00, real=0.01 secs] 
2016-09-13T19:29:35.852-0400: 107.797: [GC (GCLocker Initiated GC) [PSYoungGen: 157805K->9894K(184320K)] 558122K->414847K(708608K), 0.0047011 secs] [Times: user=0.04 sys=0.00, real=0.01 secs] 
2016-09-13T19:29:36.041-0400: 107.986: [GC (GCLocker Initiated GC) [PSYoungGen: 118438K->27865K(183296K)] 523450K->433134K(707584K), 0.0181943 secs] [Times: user=0.17 sys=0.00, real=0.02 secs] 
2016-09-13T19:29:36.216-0400: 108.161: [GC (GCLocker Initiated GC) [PSYoungGen: 136409K->35650K(183808K)] 541705K->447168K(708096K), 0.0079099 secs] [Times: user=0.08 sys=0.00, real=0.00 secs] 
2016-09-13T19:29:36.394-0400: 108.339: [GC (GCLocker Initiated GC) [PSYoungGen: 144194K->26697K(185344K)] 557269K->458305K(709632K), 0.0107750 secs] [Times: user=0.14 sys=0.00, real=0.01 secs] 
2016-09-13T19:29:36.580-0400: 108.525: [GC (GCLocker Initiated GC) [PSYoungGen: 140361K->40052K(183808K)] 575150K->479636K(708096K), 0.0125884 secs] [Times: user=0.15 sys=0.00, real=0.01 secs] 
2016-09-13T19:29:36.753-0400: 108.698: [GC (Allocation Failure) [PSYoungGen: 153716K->10076K(186880K)] 599545K->456019K(711168K), 0.0034179 secs] [Times: user=0.02 sys=0.00, real=0.01 secs] 
2016-09-13T19:29:36.930-0400: 108.875: [GC (Allocation Failure) [PSYoungGen: 128005K->29416K(188416K)] 573948K->475619K(712704K), 0.0158671 secs] [Times: user=0.18 sys=0.00, real=0.01 secs] 
2016-09-13T19:29:37.130-0400: 109.075: [GC (GCLocker Initiated GC) [PSYoungGen: 142773K->23432K(190976K)] 595050K->475848K(715264K), 0.0175929 secs] [Times: user=0.19 sys=0.00, real=0.01 secs] 
2016-09-13T19:29:37.389-0400: 109.334: [GC (Allocation Failure) [PSYoungGen: 149384K->5024K(190976K)] 609469K->465275K(715264K), 0.0170517 secs] [Times: user=0.17 sys=0.01, real=0.01 secs] 
2016-09-13T19:29:37.612-0400: 109.557: [GC (GCLocker Initiated GC) [PSYoungGen: 125900K->34099K(195072K)] 592225K->500576K(719360K), 0.0120241 secs] [Times: user=0.13 sys=0.00, real=0.01 secs] 
2016-09-13T19:29:37.807-0400: 109.752: [GC (GCLocker Initiated GC) [PSYoungGen: 165171K->28082K(159232K)] 634896K->497937K(683520K), 0.0069686 secs] [Times: user=0.07 sys=0.00, real=0.01 secs] 
2016-09-13T19:29:38.008-0400: 109.953: [GC (GCLocker Initiated GC) [PSYoungGen: 159154K->58331K(186368K)] 635153K->540583K(710656K), 0.0170139 secs] [Times: user=0.14 sys=0.00, real=0.01 secs] 
2016-09-13T19:29:38.227-0400: 110.172: [GC (GCLocker Initiated GC) --[PSYoungGen: 183259K->183259K(186368K)] 667203K->702337K(710656K), 0.0163433 secs] [Times: user=0.14 sys=0.00, real=0.02 secs] 
2016-09-13T19:29:38.244-0400: 110.189: [Full GC (Ergonomics) [PSYoungGen: 183259K->0K(186368K)] [ParOldGen: 519078K->40653K(524288K)] 702337K->40653K(710656K), [Metaspace: 44543K->44543K(1087488K)], 0.0508264 secs] [Times: user=0.34 sys=0.01, real=0.05 secs] 
2016-09-13T19:29:38.452-0400: 110.397: [GC (GCLocker Initiated GC) [PSYoungGen: 124928K->67762K(193024K)] 179465K->129893K(717312K), 0.0172466 secs] [Times: user=0.20 sys=0.00, real=0.02 secs] 
2016-09-13T19:29:38.653-0400: 110.598: [GC (GCLocker Initiated GC) [PSYoungGen: 192690K->46255K(175616K)] 261078K->160636K(699904K), 0.0139442 secs] [Times: user=0.13 sys=0.00, real=0.01 secs] 
2016-09-13T19:29:38.851-0400: 110.796: [GC (Allocation Failure) [PSYoungGen: 152751K->24737K(184320K)] 273441K->145562K(708608K), 0.0223742 secs] [Times: user=0.19 sys=0.00, real=0.02 secs] 
2016-09-13T19:29:39.027-0400: 110.972: [GC (GCLocker Initiated GC) [PSYoungGen: 131233K->44662K(181248K)] 252058K->165543K(705536K), 0.0063796 secs] [Times: user=0.04 sys=0.00, real=0.01 secs] 
2016-09-13T19:29:39.191-0400: 111.136: [GC (Allocation Failure) [PSYoungGen: 153206K->23436K(183808K)] 275709K->146112K(708096K), 0.0241296 secs] [Times: user=0.23 sys=0.01, real=0.02 secs] 
2016-09-13T19:29:39.364-0400: 111.309: [GC (GCLocker Initiated GC) [PSYoungGen: 131980K->46159K(185856K)] 256175K->170579K(710144K), 0.0070404 secs] [Times: user=0.06 sys=0.00, real=0.01 secs] 
2016-09-13T19:29:39.559-0400: 111.504: [GC (GCLocker Initiated GC) [PSYoungGen: 159311K->9677K(186880K)] 290032K->140642K(711168K), 0.0371599 secs] [Times: user=0.40 sys=0.00, real=0.04 secs] 
2016-09-13T19:29:39.743-0400: 111.688: [GC (GCLocker Initiated GC) [PSYoungGen: 122829K->63089K(174080K)] 255550K->196044K(698368K), 0.0066639 secs] [Times: user=0.06 sys=0.00, real=0.01 secs] 
2016-09-13T19:29:39.899-0400: 111.844: [GC (GCLocker Initiated GC) [PSYoungGen: 162417K->41693K(180736K)] 301582K->181075K(705024K), 0.0071841 secs] [Times: user=0.05 sys=0.00, real=0.00 secs] 
2016-09-13T19:29:40.051-0400: 111.996: [GC (GCLocker Initiated GC) [PSYoungGen: 141021K->50966K(180224K)] 280431K->196759K(704512K), 0.0218061 secs] [Times: user=0.20 sys=0.00, real=0.02 secs] 
2016-09-13T19:29:40.272-0400: 112.217: [GC (GCLocker Initiated GC) [PSYoungGen: 152854K->5115K(107008K)] 310978K->169442K(631296K), 0.0293956 secs] [Times: user=0.29 sys=0.00, real=0.03 secs] 
2016-09-13T19:29:40.442-0400: 112.387: [GC (GCLocker Initiated GC) [PSYoungGen: 107003K->28252K(184320K)] 272861K->194352K(708608K), 0.0043114 secs] [Times: user=0.04 sys=0.00, real=0.00 secs] 
2016-09-13T19:29:40.570-0400: 112.515: [GC (GCLocker Initiated GC) [PSYoungGen: 131164K->41848K(144896K)] 297320K->208249K(669184K), 0.0061507 secs] [Times: user=0.07 sys=0.00, real=0.01 secs] 
2016-09-13T19:29:40.747-0400: 112.692: [GC (GCLocker Initiated GC) [PSYoungGen: 144760K->40020K(181248K)] 311326K->215959K(705536K), 0.0157270 secs] [Times: user=0.15 sys=0.00, real=0.02 secs] 
2016-09-13T19:29:40.905-0400: 112.850: [GC (GCLocker Initiated GC) [PSYoungGen: 144980K->64512K(179200K)] 322709K->242403K(703488K), 0.0097876 secs] [Times: user=0.12 sys=0.00, real=0.01 secs] 
2016-09-13T19:29:41.089-0400: 113.034: [GC (GCLocker Initiated GC) [PSYoungGen: 169472K->46351K(182784K)] 347426K->224539K(707072K), 0.0089232 secs] [Times: user=0.09 sys=0.01, real=0.01 secs] 
2016-09-13T19:29:41.257-0400: 113.202: [GC (GCLocker Initiated GC) [PSYoungGen: 148239K->46503K(148480K)] 328090K->231219K(672768K), 0.0072712 secs] [Times: user=0.09 sys=0.00, real=0.00 secs] 
2016-09-13T19:29:41.425-0400: 113.370: [GC (GCLocker Initiated GC) [PSYoungGen: 148391K->47805K(181248K)] 333289K->233002K(705536K), 0.0099732 secs] [Times: user=0.11 sys=0.00, real=0.01 secs] 
2016-09-13T19:29:41.608-0400: 113.553: [GC (GCLocker Initiated GC) [PSYoungGen: 150717K->46096K(180224K)] 337455K->232952K(704512K), 0.0274285 secs] [Times: user=0.30 sys=0.01, real=0.03 secs] 
2016-09-13T19:29:41.813-0400: 113.758: [GC (GCLocker Initiated GC) [PSYoungGen: 149008K->28094K(183296K)] 342033K->221275K(707584K), 0.0071234 secs] [Times: user=0.09 sys=0.00, real=0.01 secs] 
2016-09-13T19:29:41.984-0400: 113.929: [GC (GCLocker Initiated GC) [PSYoungGen: 136126K->23341K(182272K)] 337183K->224461K(706560K), 0.0174634 secs] [Times: user=0.16 sys=0.00, real=0.02 secs] 
2016-09-13T19:29:42.151-0400: 114.096: [GC (GCLocker Initiated GC) [PSYoungGen: 131373K->46563K(186880K)] 332579K->247940K(711168K), 0.0070865 secs] [Times: user=0.10 sys=0.00, real=0.01 secs] 
2016-09-13T19:29:42.363-0400: 114.308: [GC (GCLocker Initiated GC) [PSYoungGen: 159715K->46320K(186368K)] 362801K->249710K(710656K), 0.0155832 secs] [Times: user=0.19 sys=0.00, real=0.02 secs] 
2016-09-13T19:29:42.516-0400: 114.461: [GC (GCLocker Initiated GC) [PSYoungGen: 159472K->24977K(187904K)] 362889K->228467K(712192K), 0.0112241 secs] [Times: user=0.09 sys=0.00, real=0.00 secs] 
2016-09-13T19:29:42.694-0400: 114.639: [GC (GCLocker Initiated GC) [PSYoungGen: 141201K->40204K(187904K)] 344796K->245516K(712192K), 0.0097398 secs] [Times: user=0.08 sys=0.00, real=0.01 secs] 
2016-09-13T19:29:42.887-0400: 114.832: [GC (GCLocker Initiated GC) [PSYoungGen: 156428K->32613K(188416K)] 367901K->244382K(712704K), 0.0187338 secs] [Times: user=0.18 sys=0.00, real=0.02 secs] 
2016-09-13T19:29:43.077-0400: 115.022: [GC (Allocation Failure) [PSYoungGen: 153445K->49255K(187904K)] 365370K->261310K(712192K), 0.0067356 secs] [Times: user=0.05 sys=0.00, real=0.00 secs] 
2016-09-13T19:29:43.248-0400: 115.193: [GC (GCLocker Initiated GC) [PSYoungGen: 170087K->43153K(193536K)] 382142K->256945K(717824K), 0.0107607 secs] [Times: user=0.09 sys=0.00, real=0.01 secs] 
2016-09-13T19:29:43.479-0400: 115.424: [GC (GCLocker Initiated GC) [PSYoungGen: 169617K->38533K(165376K)] 386608K->255622K(689664K), 0.0141687 secs] [Times: user=0.13 sys=0.00, real=0.01 secs] 
2016-09-13T19:29:43.699-0400: 115.644: [GC (GCLocker Initiated GC) [PSYoungGen: 164997K->32485K(194048K)] 394333K->261877K(718336K), 0.0326664 secs] [Times: user=0.36 sys=0.00, real=0.03 secs] 
2016-09-13T19:29:43.900-0400: 115.845: [GC (GCLocker Initiated GC) [PSYoungGen: 162021K->61409K(192512K)] 393157K->300277K(716800K), 0.0131483 secs] [Times: user=0.13 sys=0.00, real=0.01 secs] 
2016-09-13T19:29:44.109-0400: 116.054: [GC (Allocation Failure) [PSYoungGen: 190945K->34173K(194560K)] 429885K->273401K(718848K), 0.0079892 secs] [Times: user=0.09 sys=0.00, real=0.01 secs] 
2016-09-13T19:29:44.317-0400: 116.262: [GC (GCLocker Initiated GC) [PSYoungGen: 159613K->55240K(180736K)] 398847K->300684K(705024K), 0.0098565 secs] [Times: user=0.05 sys=0.00, real=0.00 secs] 
2016-09-13T19:29:44.503-0400: 116.448: [GC (GCLocker Initiated GC) [PSYoungGen: 180680K->50780K(190976K)] 426289K->296461K(715264K), 0.0109190 secs] [Times: user=0.10 sys=0.00, real=0.01 secs] 
2016-09-13T19:29:44.700-0400: 116.645: [GC (GCLocker Initiated GC) [PSYoungGen: 171612K->67422K(188416K)] 417322K->319370K(712704K), 0.0104397 secs] [Times: user=0.12 sys=0.00, real=0.01 secs] 
2016-09-13T19:29:44.900-0400: 116.845: [GC (GCLocker Initiated GC) [PSYoungGen: 188254K->50938K(183296K)] 446506K->320008K(707584K), 0.0081099 secs] [Times: user=0.09 sys=0.00, real=0.01 secs] 
2016-09-13T19:29:45.099-0400: 117.044: [GC (GCLocker Initiated GC) [PSYoungGen: 160506K->29484K(185856K)] 435682K->304862K(710144K), 0.0180044 secs] [Times: user=0.20 sys=0.00, real=0.02 secs] 
2016-09-13T19:29:45.300-0400: 117.245: [GC (Allocation Failure) [PSYoungGen: 139052K->41874K(180224K)] 420855K->323773K(704512K), 0.0080179 secs] [Times: user=0.10 sys=0.00, real=0.01 secs] 
2016-09-13T19:29:45.479-0400: 117.424: [GC (GCLocker Initiated GC) [PSYoungGen: 151954K->46286K(183296K)] 433856K->328447K(707584K), 0.0179926 secs] [Times: user=0.23 sys=0.01, real=0.02 secs] 
2016-09-13T19:29:45.660-0400: 117.605: [GC (GCLocker Initiated GC) [PSYoungGen: 156366K->23631K(188928K)] 446229K->313751K(713216K), 0.0056034 secs] [Times: user=0.07 sys=0.01, real=0.00 secs] 
2016-09-13T19:29:45.849-0400: 117.794: [GC (GCLocker Initiated GC) [PSYoungGen: 141391K->29511K(189952K)] 437664K->325926K(714240K), 0.0132104 secs] [Times: user=0.14 sys=0.00, real=0.01 secs] 
2016-09-13T19:29:46.059-0400: 118.004: [GC (GCLocker Initiated GC) [PSYoungGen: 147271K->28023K(187904K)] 450007K->330940K(712192K), 0.0111623 secs] [Times: user=0.13 sys=0.00, real=0.01 secs] 
2016-09-13T19:29:46.258-0400: 118.203: [GC (GCLocker Initiated GC) [PSYoungGen: 146807K->23372K(188928K)] 458878K->335683K(713216K), 0.0361718 secs] [Times: user=0.40 sys=0.00, real=0.03 secs] 
2016-09-13T19:29:46.490-0400: 118.435: [GC (GCLocker Initiated GC) [PSYoungGen: 142156K->5185K(187904K)] 466619K->329802K(712192K), 0.0033951 secs] [Times: user=0.03 sys=0.00, real=0.00 secs] 
2016-09-13T19:29:46.709-0400: 118.654: [GC (Allocation Failure) [PSYoungGen: 122945K->23376K(189952K)] 453755K->354325K(714240K), 0.0125148 secs] [Times: user=0.13 sys=0.00, real=0.01 secs] 
2016-09-13T19:29:46.911-0400: 118.856: [GC (GCLocker Initiated GC) [PSYoungGen: 141136K->50934K(186368K)] 472088K->382185K(710656K), 0.0139529 secs] [Times: user=0.16 sys=0.00, real=0.01 secs] 
2016-09-13T19:29:47.091-0400: 119.036: [GC (GCLocker Initiated GC) [PSYoungGen: 166646K->28083K(188928K)] 504221K->365875K(713216K), 0.0111034 secs] [Times: user=0.13 sys=0.00, real=0.01 secs] 
2016-09-13T19:29:47.264-0400: 119.209: [GC (GCLocker Initiated GC) [PSYoungGen: 143795K->41630K(186880K)] 481676K->379846K(711168K), 0.0100060 secs] [Times: user=0.11 sys=0.00, real=0.01 secs] 
2016-09-13T19:29:47.445-0400: 119.390: [GC (GCLocker Initiated GC) [PSYoungGen: 159902K->34258K(187904K)] 498148K->372760K(712192K), 0.0074751 secs] [Times: user=0.06 sys=0.00, real=0.01 secs] 
2016-09-13T19:29:47.648-0400: 119.593: [GC (GCLocker Initiated GC) [PSYoungGen: 152530K->23405K(191488K)] 497200K->374579K(715776K), 0.0166244 secs] [Times: user=0.13 sys=0.00, real=0.01 secs] 
2016-09-13T19:29:47.857-0400: 119.802: [GC (GCLocker Initiated GC) [PSYoungGen: 148333K->35618K(190464K)] 505605K->393137K(714752K), 0.0266324 secs] [Times: user=0.28 sys=0.00, real=0.02 secs] 
2016-09-13T19:29:48.057-0400: 120.002: [GC (GCLocker Initiated GC) [PSYoungGen: 160546K->43244K(192512K)] 519606K->411642K(716800K), 0.0092509 secs] [Times: user=0.07 sys=0.00, real=0.00 secs] 
2016-09-13T19:29:48.255-0400: 120.200: [GC (GCLocker Initiated GC) [PSYoungGen: 172780K->50843K(193024K)] 541359K->421151K(717312K), 0.0269532 secs] [Times: user=0.28 sys=0.00, real=0.03 secs] 
2016-09-13T19:29:48.486-0400: 120.431: [GC (GCLocker Initiated GC) [PSYoungGen: 180379K->23718K(196608K)] 559967K->403425K(720896K), 0.0057089 secs] [Times: user=0.04 sys=0.00, real=0.01 secs] 
2016-09-13T19:29:48.710-0400: 120.655: [GC (GCLocker Initiated GC) [PSYoungGen: 153766K->9836K(140288K)] 547305K->403506K(664576K), 0.0148616 secs] [Times: user=0.19 sys=0.01, real=0.01 secs] 
2016-09-13T19:29:48.945-0400: 120.890: [GC (GCLocker Initiated GC) [PSYoungGen: 139884K->38559K(196608K)] 535178K->434177K(720896K), 0.0147742 secs] [Times: user=0.15 sys=0.00, real=0.02 secs] 
2016-09-13T19:29:49.155-0400: 121.100: [GC (GCLocker Initiated GC) [PSYoungGen: 168095K->43152K(195072K)] 563731K->438992K(719360K), 0.0064632 secs] [Times: user=0.04 sys=0.00, real=0.01 secs] 
2016-09-13T19:29:49.366-0400: 121.311: [GC (GCLocker Initiated GC) [PSYoungGen: 172688K->9922K(194048K)] 576284K->418492K(718336K), 0.0048350 secs] [Times: user=0.06 sys=0.00, real=0.01 secs] 
2016-09-13T19:29:49.608-0400: 121.553: [GC (GCLocker Initiated GC) [PSYoungGen: 137922K->27924K(156160K)] 546545K->436705K(680448K), 0.0240314 secs] [Times: user=0.25 sys=0.00, real=0.03 secs] 
2016-09-13T19:29:49.809-0400: 121.754: [GC (GCLocker Initiated GC) [PSYoungGen: 155924K->63120K(181248K)] 564929K->483025K(705536K), 0.0088429 secs] [Times: user=0.13 sys=0.00, real=0.01 secs] 
2016-09-13T19:29:49.991-0400: 121.936: [GC (GCLocker Initiated GC) [PSYoungGen: 179856K->44853K(189440K)] 601412K->466560K(713728K), 0.0097974 secs] [Times: user=0.11 sys=0.00, real=0.01 secs] 
2016-09-13T19:29:50.178-0400: 122.123: [GC (GCLocker Initiated GC) [PSYoungGen: 161589K->17399K(188416K)] 583319K->439421K(712704K), 0.0077414 secs] [Times: user=0.08 sys=0.00, real=0.00 secs] 
2016-09-13T19:29:50.373-0400: 122.318: [GC (GCLocker Initiated GC) [PSYoungGen: 134135K->30939K(147968K)] 562451K->463907K(672256K), 0.0125781 secs] [Times: user=0.12 sys=0.00, real=0.01 secs] 
2016-09-13T19:29:50.546-0400: 122.491: [GC (GCLocker Initiated GC) [PSYoungGen: 147675K->18980K(188416K)] 580771K->452223K(712704K), 0.0057150 secs] [Times: user=0.05 sys=0.00, real=0.01 secs] 
2016-09-13T19:29:50.735-0400: 122.680: [GC (GCLocker Initiated GC) [PSYoungGen: 138276K->34258K(187392K)] 571541K->473863K(711680K), 0.0081722 secs] [Times: user=0.07 sys=0.00, real=0.01 secs] 
2016-09-13T19:29:50.929-0400: 122.874: [GC (GCLocker Initiated GC) [PSYoungGen: 153554K->47959K(187392K)] 593314K->495621K(711680K), 0.0162051 secs] [Times: user=0.21 sys=0.00, real=0.01 secs] 
2016-09-13T19:29:51.114-0400: 123.059: [GC (GCLocker Initiated GC) [PSYoungGen: 170327K->55581K(189952K)] 618078K->503648K(714240K), 0.0100305 secs] [Times: user=0.14 sys=0.00, real=0.01 secs] 
2016-09-13T19:29:51.311-0400: 123.256: [GC (GCLocker Initiated GC) [PSYoungGen: 177949K->61447K(177664K)] 626141K->523565K(701952K), 0.0105214 secs] [Times: user=0.11 sys=0.00, real=0.01 secs] 
2016-09-13T19:29:51.518-0400: 123.463: [GC (GCLocker Initiated GC) [PSYoungGen: 166919K->23447K(183808K)] 644416K->501055K(708096K), 0.0122766 secs] [Times: user=0.14 sys=0.00, real=0.01 secs] 
2016-09-13T19:29:51.703-0400: 123.648: [GC (GCLocker Initiated GC) [PSYoungGen: 128919K->29416K(177152K)] 620837K->521390K(701440K), 0.0112463 secs] [Times: user=0.10 sys=0.00, real=0.01 secs] 
2016-09-13T19:29:51.898-0400: 123.843: [GC (GCLocker Initiated GC) [PSYoungGen: 136424K->28152K(181248K)] 642275K->541819K(705536K), 0.0148600 secs] [Times: user=0.19 sys=0.00, real=0.01 secs] 
2016-09-13T19:29:51.913-0400: 123.858: [Full GC (Ergonomics) [PSYoungGen: 28152K->0K(181248K)] [ParOldGen: 513666K->44966K(524288K)] 541819K->44966K(705536K), [Metaspace: 44561K->44561K(1087488K)], 0.0524553 secs] [Times: user=0.38 sys=0.00, real=0.05 secs] 
2016-09-13T19:29:52.088-0400: 124.033: [GC (GCLocker Initiated GC) [PSYoungGen: 107008K->60110K(179200K)] 151991K->105094K(703488K), 0.0102722 secs] [Times: user=0.13 sys=0.01, real=0.02 secs] 
2016-09-13T19:29:52.249-0400: 124.194: [GC (GCLocker Initiated GC) [PSYoungGen: 167630K->49543K(157184K)] 214228K->120781K(681472K), 0.0088800 secs] [Times: user=0.11 sys=0.01, real=0.01 secs] 
2016-09-13T19:29:52.460-0400: 124.405: [GC (GCLocker Initiated GC) [PSYoungGen: 157063K->59732K(177152K)] 228656K->139113K(701440K), 0.0217457 secs] [Times: user=0.23 sys=0.00, real=0.02 secs] 
2016-09-13T19:29:52.618-0400: 124.563: [GC (GCLocker Initiated GC) [PSYoungGen: 159060K->49537K(180736K)] 238624K->129263K(705024K), 0.0243976 secs] [Times: user=0.27 sys=0.00, real=0.02 secs] 
2016-09-13T19:29:52.776-0400: 124.721: [GC (GCLocker Initiated GC) [PSYoungGen: 148865K->41820K(172544K)] 228595K->121834K(696832K), 0.0124538 secs] [Times: user=0.12 sys=0.00, real=0.01 secs] 
2016-09-13T19:29:52.912-0400: 124.857: [GC (GCLocker Initiated GC) [PSYoungGen: 142172K->53849K(177152K)] 222258K->134322K(701440K), 0.0142674 secs] [Times: user=0.17 sys=0.00, real=0.01 secs] 
2016-09-13T19:29:53.090-0400: 125.035: [GC (GCLocker Initiated GC) [PSYoungGen: 154201K->43269K(179200K)] 234999K->130386K(703488K), 0.0105566 secs] [Times: user=0.12 sys=0.01, real=0.01 secs] 
2016-09-13T19:29:53.253-0400: 125.198: [GC (GCLocker Initiated GC) [PSYoungGen: 150789K->41885K(181760K)] 239460K->130868K(706048K), 0.0082537 secs] [Times: user=0.12 sys=0.00, real=0.01 secs] 
2016-09-13T19:29:53.429-0400: 125.374: [GC (Allocation Failure) [PSYoungGen: 149405K->26665K(187392K)] 238558K->120845K(711680K), 0.0062864 secs] [Times: user=0.07 sys=0.00, real=0.00 secs] 
2016-09-13T19:29:53.623-0400: 125.568: [GC (GCLocker Initiated GC) [PSYoungGen: 141882K->43089K(187392K)] 237580K->138973K(711680K), 0.0335832 secs] [Times: user=0.35 sys=0.00, real=0.04 secs] 
2016-09-13T19:29:53.824-0400: 125.769: [GC (GCLocker Initiated GC) [PSYoungGen: 159313K->53881K(187392K)] 255230K->150098K(711680K), 0.0097166 secs] [Times: user=0.13 sys=0.00, real=0.01 secs] 
2016-09-13T19:29:54.024-0400: 125.969: [GC (Allocation Failure) [PSYoungGen: 172153K->23776K(188928K)] 274795K->128049K(713216K), 0.0116113 secs] [Times: user=0.13 sys=0.00, real=0.02 secs] 
2016-09-13T19:29:54.209-0400: 126.154: [GC (GCLocker Initiated GC) [PSYoungGen: 142048K->46383K(189952K)] 246326K->151008K(714240K), 0.0071679 secs] [Times: user=0.09 sys=0.00, real=0.01 secs] 
2016-09-13T19:29:54.421-0400: 126.366: [GC (GCLocker Initiated GC) [PSYoungGen: 166703K->41534K(162304K)] 272985K->147931K(686592K), 0.0241457 secs] [Times: user=0.27 sys=0.00, real=0.02 secs] 
2016-09-13T19:29:54.624-0400: 126.569: [GC (GCLocker Initiated GC) [PSYoungGen: 161854K->43152K(192000K)] 268559K->150046K(716288K), 0.0172629 secs] [Times: user=0.19 sys=0.00, real=0.02 secs] 
2016-09-13T19:29:54.813-0400: 126.758: [GC (GCLocker Initiated GC) [PSYoungGen: 167568K->50907K(189952K)] 282091K->165588K(714240K), 0.0122708 secs] [Times: user=0.15 sys=0.00, real=0.01 secs] 
2016-09-13T19:29:55.047-0400: 126.992: [GC (GCLocker Initiated GC) [PSYoungGen: 175323K->5499K(187392K)] 302359K->137364K(711680K), 0.0033656 secs] [Times: user=0.04 sys=0.00, real=0.01 secs] 
2016-09-13T19:29:55.230-0400: 127.175: [GC (GCLocker Initiated GC) [PSYoungGen: 126331K->28174K(191488K)] 259737K->161862K(715776K), 0.0062460 secs] [Times: user=0.06 sys=0.00, real=0.01 secs] 
2016-09-13T19:29:55.423-0400: 127.368: [GC (GCLocker Initiated GC) [PSYoungGen: 149006K->43217K(187904K)] 285851K->190847K(712192K), 0.0107262 secs] [Times: user=0.12 sys=0.00, real=0.01 secs] 
2016-09-13T19:29:55.616-0400: 127.561: [GC (GCLocker Initiated GC) [PSYoungGen: 165585K->29543K(190464K)] 313289K->177393K(714752K), 0.0099723 secs] [Times: user=0.09 sys=0.01, real=0.00 secs] 
2016-09-13T19:29:55.806-0400: 127.751: [GC (GCLocker Initiated GC) [PSYoungGen: 151911K->23403K(192000K)] 301372K->176169K(716288K), 0.0225974 secs] [Times: user=0.21 sys=0.00, real=0.03 secs] 
2016-09-13T19:29:56.036-0400: 127.981: [GC (GCLocker Initiated GC) [PSYoungGen: 150891K->46250K(193536K)] 303858K->199501K(717824K), 0.0235774 secs] [Times: user=0.26 sys=0.00, real=0.02 secs] 
2016-09-13T19:29:56.254-0400: 128.199: [GC (GCLocker Initiated GC) [PSYoungGen: 173738K->5455K(190976K)] 340952K->172823K(715264K), 0.0062540 secs] [Times: user=0.02 sys=0.01, real=0.01 secs] 
2016-09-13T19:29:56.452-0400: 128.397: [GC (GCLocker Initiated GC) [PSYoungGen: 129359K->5056K(129024K)] 309093K->184837K(653312K), 0.0215109 secs] [Times: user=0.24 sys=0.00, real=0.02 secs] 
2016-09-13T19:29:56.673-0400: 128.618: [GC (GCLocker Initiated GC) [PSYoungGen: 128960K->50902K(184320K)] 310333K->232417K(708608K), 0.0060887 secs] [Times: user=0.06 sys=0.00, real=0.01 secs] 
2016-09-13T19:29:56.857-0400: 128.802: [GC (GCLocker Initiated GC) [PSYoungGen: 164566K->23308K(187904K)] 352182K->215658K(712192K), 0.0166811 secs] [Times: user=0.15 sys=0.00, real=0.01 secs] 
2016-09-13T19:29:57.053-0400: 128.998: [GC (GCLocker Initiated GC) [PSYoungGen: 136972K->23405K(181760K)] 337175K->229818K(706048K), 0.0380042 secs] [Times: user=0.37 sys=0.01, real=0.04 secs] 
2016-09-13T19:29:57.266-0400: 129.211: [GC (Allocation Failure) [PSYoungGen: 139629K->28023K(185344K)] 352385K->240985K(709632K), 0.0097764 secs] [Times: user=0.08 sys=0.00, real=0.02 secs] 
2016-09-13T19:29:57.451-0400: 129.396: [GC (GCLocker Initiated GC) [PSYoungGen: 139515K->14234K(191488K)] 358551K->233575K(715776K), 0.0101194 secs] [Times: user=0.11 sys=0.00, real=0.01 secs] 
2016-09-13T19:29:57.658-0400: 129.603: [GC (GCLocker Initiated GC) [PSYoungGen: 141210K->32517K(192512K)] 360764K->252234K(716800K), 0.0106609 secs] [Times: user=0.10 sys=0.00, real=0.01 secs] 
2016-09-13T19:29:57.860-0400: 129.805: [GC (GCLocker Initiated GC) [PSYoungGen: 159493K->20276K(195072K)] 386806K->255355K(719360K), 0.0071529 secs] [Times: user=0.05 sys=0.00, real=0.00 secs] 
2016-09-13T19:29:58.086-0400: 130.031: [GC (GCLocker Initiated GC) [PSYoungGen: 153908K->23377K(195072K)] 396756K->266348K(719360K), 0.0249419 secs] [Times: user=0.28 sys=0.00, real=0.03 secs] 
2016-09-13T19:29:58.295-0400: 130.240: [GC (Allocation Failure) [PSYoungGen: 157009K->58277K(186880K)] 400277K->301804K(711168K), 0.0183603 secs] [Times: user=0.16 sys=0.01, real=0.02 secs] 
2016-09-13T19:29:58.498-0400: 130.443: [GC (GCLocker Initiated GC) [PSYoungGen: 186277K->58341K(186368K)] 429834K->302131K(710656K), 0.0264721 secs] [Times: user=0.29 sys=0.00, real=0.02 secs] 
2016-09-13T19:29:58.698-0400: 130.643: [GC (GCLocker Initiated GC) [PSYoungGen: 186341K->73710K(166912K)] 430365K->318016K(691200K), 0.0232990 secs] [Times: user=0.27 sys=0.00, real=0.02 secs] 
2016-09-13T19:29:58.868-0400: 130.813: [GC (GCLocker Initiated GC) [PSYoungGen: 166894K->41758K(177664K)] 411412K->292537K(701952K), 0.0128508 secs] [Times: user=0.14 sys=0.00, real=0.01 secs] 
2016-09-13T19:29:59.046-0400: 130.991: [GC (GCLocker Initiated GC) [PSYoungGen: 134942K->23378K(170496K)] 397890K->286489K(694784K), 0.0103108 secs] [Times: user=0.14 sys=0.00, real=0.02 secs] 
2016-09-13T19:29:59.201-0400: 131.146: [GC (Allocation Failure) [PSYoungGen: 119634K->14446K(175616K)] 388831K->283781K(699904K), 0.0242245 secs] [Times: user=0.30 sys=0.00, real=0.02 secs] 
2016-09-13T19:29:59.366-0400: 131.311: [GC (GCLocker Initiated GC) [PSYoungGen: 110702K->47619K(182272K)] 380053K->320291K(706560K), 0.0239356 secs] [Times: user=0.26 sys=0.00, real=0.03 secs] 
2016-09-13T19:29:59.522-0400: 131.467: [GC (GCLocker Initiated GC) [PSYoungGen: 151043K->46185K(182784K)] 423819K->319104K(707072K), 0.0343989 secs] [Times: user=0.37 sys=0.00, real=0.04 secs] 
2016-09-13T19:29:59.699-0400: 131.644: [GC (GCLocker Initiated GC) [PSYoungGen: 149609K->50742K(181248K)] 428752K->330148K(705536K), 0.0082857 secs] [Times: user=0.04 sys=0.00, real=0.00 secs] 
2016-09-13T19:29:59.855-0400: 131.800: [GC (GCLocker Initiated GC) [PSYoungGen: 153142K->49415K(182272K)] 432847K->330798K(706560K), 0.0116265 secs] [Times: user=0.15 sys=0.00, real=0.01 secs] 
2016-09-13T19:30:00.049-0400: 131.994: [GC (GCLocker Initiated GC) [PSYoungGen: 151815K->46250K(179200K)] 439544K->334110K(703488K), 0.0130439 secs] [Times: user=0.09 sys=0.00, real=0.01 secs] 
2016-09-13T19:30:00.219-0400: 132.164: [GC (GCLocker Initiated GC) [PSYoungGen: 148650K->35687K(180736K)] 436625K->323809K(705024K), 0.0099813 secs] [Times: user=0.11 sys=0.01, real=0.01 secs] 
2016-09-13T19:30:00.396-0400: 132.341: [GC (GCLocker Initiated GC) [PSYoungGen: 138087K->23436K(182784K)] 426248K->317913K(707072K), 0.0078646 secs] [Times: user=0.07 sys=0.00, real=0.00 secs] 
2016-09-13T19:30:00.568-0400: 132.513: [GC (GCLocker Initiated GC) [PSYoungGen: 130956K->9772K(182272K)] 428539K->307671K(706560K), 0.0041615 secs] [Times: user=0.04 sys=0.00, real=0.00 secs] 
2016-09-13T19:30:00.711-0400: 132.656: [GC (GCLocker Initiated GC) [PSYoungGen: 117292K->50843K(183296K)] 415218K->352025K(707584K), 0.0088213 secs] [Times: user=0.10 sys=0.00, real=0.01 secs] 
2016-09-13T19:30:00.922-0400: 132.867: [GC (GCLocker Initiated GC) [PSYoungGen: 158363K->31029K(138752K)] 465646K->344559K(663040K), 0.0078379 secs] [Times: user=0.06 sys=0.00, real=0.01 secs] 
2016-09-13T19:30:01.101-0400: 133.046: [GC (GCLocker Initiated GC) [PSYoungGen: 138549K->32799K(186368K)] 465964K->362046K(710656K), 0.0111955 secs] [Times: user=0.13 sys=0.00, real=0.01 secs] 
2016-09-13T19:30:01.283-0400: 133.228: [GC (GCLocker Initiated GC) [PSYoungGen: 144927K->44640K(183296K)] 474193K->374092K(707584K), 0.0121707 secs] [Times: user=0.09 sys=0.00, real=0.02 secs] 
2016-09-13T19:30:01.497-0400: 133.442: [GC (GCLocker Initiated GC) [PSYoungGen: 156768K->30876K(188416K)] 492460K->369807K(712704K), 0.0109328 secs] [Times: user=0.08 sys=0.00, real=0.01 secs] 
2016-09-13T19:30:01.701-0400: 133.646: [GC (GCLocker Initiated GC) [PSYoungGen: 150172K->23249K(187904K)] 496839K->374545K(712192K), 0.0264644 secs] [Times: user=0.25 sys=0.01, real=0.03 secs] 
2016-09-13T19:30:01.907-0400: 133.852: [GC (GCLocker Initiated GC) [PSYoungGen: 142545K->49293K(189952K)] 493935K->400991K(714240K), 0.0261698 secs] [Times: user=0.32 sys=0.01, real=0.03 secs] 
2016-09-13T19:30:02.102-0400: 134.047: [GC (GCLocker Initiated GC) [PSYoungGen: 171661K->28429K(192000K)] 535684K->392697K(716288K), 0.0081831 secs] [Times: user=0.10 sys=0.00, real=0.01 secs] 
2016-09-13T19:30:02.303-0400: 134.248: [GC (GCLocker Initiated GC) [PSYoungGen: 150797K->50902K(189440K)] 515186K->415655K(713728K), 0.0121760 secs] [Times: user=0.13 sys=0.00, real=0.01 secs] 
2016-09-13T19:30:02.499-0400: 134.444: [GC (GCLocker Initiated GC) [PSYoungGen: 172758K->49479K(171520K)] 545128K->431139K(695808K), 0.0175521 secs] [Times: user=0.25 sys=0.00, real=0.02 secs] 
2016-09-13T19:30:02.698-0400: 134.643: [GC (GCLocker Initiated GC) [PSYoungGen: 171335K->47890K(190464K)] 559256K->436021K(714752K), 0.0061668 secs] [Times: user=0.04 sys=0.00, real=0.00 secs] 
2016-09-13T19:30:02.899-0400: 134.844: [GC (GCLocker Initiated GC) [PSYoungGen: 166674K->29421K(148480K)] 567187K->430203K(672768K), 0.0083802 secs] [Times: user=0.05 sys=0.00, real=0.00 secs] 
2016-09-13T19:30:03.111-0400: 135.056: [GC (GCLocker Initiated GC) [PSYoungGen: 148205K->57041K(184832K)] 555091K->464030K(709120K), 0.0076775 secs] [Times: user=0.11 sys=0.00, real=0.01 secs] 
2016-09-13T19:30:03.302-0400: 135.247: [GC (GCLocker Initiated GC) [PSYoungGen: 171729K->24960K(188416K)] 580259K->438249K(712704K), 0.0113317 secs] [Times: user=0.09 sys=0.00, real=0.01 secs] 
2016-09-13T19:30:03.500-0400: 135.445: [GC (GCLocker Initiated GC) [PSYoungGen: 139648K->26409K(184832K)] 566753K->453626K(709120K), 0.0251648 secs] [Times: user=0.20 sys=0.00, real=0.02 secs] 
2016-09-13T19:30:03.702-0400: 135.647: [GC (GCLocker Initiated GC) [PSYoungGen: 141609K->23435K(186880K)] 570347K->452378K(711168K), 0.0099419 secs] [Times: user=0.09 sys=0.00, real=0.01 secs] 
2016-09-13T19:30:03.898-0400: 135.843: [GC (Allocation Failure) [PSYoungGen: 138635K->47704K(189440K)] 567854K->477168K(713728K), 0.0205422 secs] [Times: user=0.21 sys=0.00, real=0.02 secs] 
2016-09-13T19:30:04.097-0400: 136.042: [GC (GCLocker Initiated GC) [PSYoungGen: 166488K->44545K(190464K)] 595958K->480307K(714752K), 0.0200750 secs] [Times: user=0.18 sys=0.00, real=0.02 secs] 
2016-09-13T19:30:04.283-0400: 136.228: [GC (Allocation Failure) [PSYoungGen: 163329K->44852K(187904K)] 599345K->481007K(712192K), 0.0187138 secs] [Times: user=0.22 sys=0.00, real=0.02 secs] 
2016-09-13T19:30:04.459-0400: 136.404: [GC (Allocation Failure) [PSYoungGen: 164148K->44671K(189440K)] 600303K->481144K(713728K), 0.0080754 secs] [Times: user=0.05 sys=0.00, real=0.00 secs] 
2016-09-13T19:30:04.664-0400: 136.609: [GC (GCLocker Initiated GC) [PSYoungGen: 163417K->69037K(176640K)] 601409K->507172K(700928K), 0.0096179 secs] [Times: user=0.10 sys=0.01, real=0.01 secs] 
2016-09-13T19:30:04.851-0400: 136.796: [GC (GCLocker Initiated GC) [PSYoungGen: 176557K->5355K(113152K)] 626854K->455799K(637440K), 0.0033930 secs] [Times: user=0.03 sys=0.00, real=0.00 secs] 
2016-09-13T19:30:05.036-0400: 136.981: [GC (Allocation Failure) [PSYoungGen: 112875K->30875K(184832K)] 564965K->483276K(709120K), 0.0224265 secs] [Times: user=0.21 sys=0.00, real=0.02 secs] 
2016-09-13T19:30:05.059-0400: 137.004: [GC (GCLocker Initiated GC) [PSYoungGen: 30884K->32K(181760K)] 483285K->486317K(706048K), 0.0135339 secs] [Times: user=0.14 sys=0.00, real=0.01 secs] 
2016-09-13T19:30:05.227-0400: 137.172: [GC (GCLocker Initiated GC) [PSYoungGen: 104480K->79821K(167936K)] 590771K->572187K(692224K), 0.0367530 secs] [Times: user=0.40 sys=0.00, real=0.04 secs] 
2016-09-13T19:30:05.403-0400: 137.348: [GC (GCLocker Initiated GC) --[PSYoungGen: 167885K->167885K(167936K)] 663356K->686591K(692224K), 0.0192984 secs] [Times: user=0.16 sys=0.00, real=0.02 secs] 
2016-09-13T19:30:05.422-0400: 137.367: [Full GC (Ergonomics) [PSYoungGen: 167885K->0K(167936K)] [ParOldGen: 518706K->34977K(524288K)] 686591K->34977K(692224K), [Metaspace: 44599K->44599K(1087488K)], 0.0557391 secs] [Times: user=0.23 sys=0.00, real=0.06 secs] 
2016-09-13T19:30:05.592-0400: 137.537: [GC (GCLocker Initiated GC) [PSYoungGen: 88064K->86147K(175104K)] 129146K->133304K(699392K), 0.0095602 secs] [Times: user=0.09 sys=0.00, real=0.01 secs] 
2016-09-13T19:30:05.700-0400: 137.645: [GC (GCLocker Initiated GC) [PSYoungGen: 174211K->43154K(175104K)] 223099K->156412K(699392K), 0.0227904 secs] [Times: user=0.23 sys=0.00, real=0.02 secs] 
2016-09-13T19:30:05.872-0400: 137.817: [GC (GCLocker Initiated GC) [PSYoungGen: 131218K->24737K(175104K)] 252343K->145984K(699392K), 0.0143296 secs] [Times: user=0.13 sys=0.00, real=0.01 secs] 
2016-09-13T19:30:06.013-0400: 137.958: [GC (GCLocker Initiated GC) [PSYoungGen: 112801K->62897K(175104K)] 234291K->184569K(699392K), 0.0112994 secs] [Times: user=0.08 sys=0.00, real=0.01 secs] 
2016-09-13T19:30:06.142-0400: 138.087: [GC (Allocation Failure) [PSYoungGen: 150961K->26383K(175104K)] 272777K->148393K(699392K), 0.0106797 secs] [Times: user=0.08 sys=0.00, real=0.01 secs] 
2016-09-13T19:30:06.270-0400: 138.215: [GC (GCLocker Initiated GC) [PSYoungGen: 114447K->38559K(175104K)] 236457K->160724K(699392K), 0.0184865 secs] [Times: user=0.16 sys=0.01, real=0.02 secs] 
2016-09-13T19:30:06.412-0400: 138.357: [GC (GCLocker Initiated GC) [PSYoungGen: 126623K->26351K(175104K)] 250345K->150399K(699392K), 0.0175081 secs] [Times: user=0.13 sys=0.00, real=0.02 secs] 
2016-09-13T19:30:06.531-0400: 138.476: [GC (GCLocker Initiated GC) [PSYoungGen: 114415K->56698K(175104K)] 240148K->184183K(699392K), 0.0132142 secs] [Times: user=0.12 sys=0.00, real=0.01 secs] 
2016-09-13T19:30:06.696-0400: 138.641: [GC (GCLocker Initiated GC) [PSYoungGen: 144762K->50843K(175104K)] 278565K->212225K(699392K), 0.0101236 secs] [Times: user=0.09 sys=0.00, real=0.00 secs] 
2016-09-13T19:30:06.849-0400: 138.794: [GC (GCLocker Initiated GC) [PSYoungGen: 138907K->32766K(173056K)] 312753K->208360K(697344K), 0.0164355 secs] [Times: user=0.19 sys=0.00, real=0.01 secs] 
2016-09-13T19:30:07.017-0400: 138.962: [GC (GCLocker Initiated GC) [PSYoungGen: 120830K->38757K(126976K)] 296457K->214602K(651264K), 0.0168625 secs] [Times: user=0.18 sys=0.00, real=0.01 secs] 
2016-09-13T19:30:07.120-0400: 139.065: [GC (GCLocker Initiated GC) [PSYoungGen: 126821K->46100K(175104K)] 304267K->229854K(699392K), 0.0205746 secs] [Times: user=0.24 sys=0.00, real=0.02 secs] 
2016-09-13T19:30:07.266-0400: 139.211: [GC (Allocation Failure) [PSYoungGen: 139284K->38718K(173056K)] 323216K->247168K(697344K), 0.0079152 secs] [Times: user=0.07 sys=0.00, real=0.01 secs] 
2016-09-13T19:30:07.404-0400: 139.349: [GC (GCLocker Initiated GC) [PSYoungGen: 131902K->37147K(179200K)] 340353K->245946K(703488K), 0.0115870 secs] [Times: user=0.15 sys=0.00, real=0.02 secs] 
2016-09-13T19:30:07.573-0400: 139.518: [GC (GCLocker Initiated GC) [PSYoungGen: 140059K->34222K(176640K)] 350466K->244756K(700928K), 0.0107135 secs] [Times: user=0.14 sys=0.00, real=0.01 secs] 
2016-09-13T19:30:07.718-0400: 139.663: [GC (Allocation Failure) [PSYoungGen: 137134K->41640K(185856K)] 347853K->263380K(710144K), 0.0096947 secs] [Times: user=0.14 sys=0.00, real=0.01 secs] 
2016-09-13T19:30:07.912-0400: 139.857: [GC (GCLocker Initiated GC) [PSYoungGen: 156328K->50998K(183808K)] 378071K->272951K(708096K), 0.0142131 secs] [Times: user=0.17 sys=0.00, real=0.01 secs] 
2016-09-13T19:30:08.102-0400: 140.047: [GC (GCLocker Initiated GC) [PSYoungGen: 165686K->59950K(183808K)] 387848K->282304K(708096K), 0.0265932 secs] [Times: user=0.27 sys=0.00, real=0.03 secs] 
2016-09-13T19:30:08.298-0400: 140.243: [GC (GCLocker Initiated GC) [PSYoungGen: 173614K->46536K(187904K)] 403674K->276955K(712192K), 0.0103661 secs] [Times: user=0.10 sys=0.01, real=0.01 secs] 
2016-09-13T19:30:08.515-0400: 140.460: [GC (GCLocker Initiated GC) [PSYoungGen: 160200K->8286K(183808K)] 402934K->251295K(708096K), 0.0062081 secs] [Times: user=0.06 sys=0.00, real=0.01 secs] 
2016-09-13T19:30:08.691-0400: 140.636: [GC (GCLocker Initiated GC) [PSYoungGen: 119902K->46153K(186880K)] 362934K->290889K(711168K), 0.0093275 secs] [Times: user=0.05 sys=0.00, real=0.01 secs] 
2016-09-13T19:30:08.867-0400: 140.812: [GC (Allocation Failure) [PSYoungGen: 157769K->41630K(179712K)] 402614K->292743K(704000K), 0.0541440 secs] [Times: user=0.57 sys=0.00, real=0.06 secs] 
2016-09-13T19:30:09.073-0400: 141.018: [GC (GCLocker Initiated GC) [PSYoungGen: 154270K->46154K(183808K)] 405383K->297440K(708096K), 0.0174253 secs] [Times: user=0.17 sys=0.00, real=0.02 secs] 
2016-09-13T19:30:09.254-0400: 141.199: [GC (Allocation Failure) [PSYoungGen: 158794K->9798K(186880K)] 422465K->273623K(711168K), 0.0266395 secs] [Times: user=0.32 sys=0.01, real=0.03 secs] 
2016-09-13T19:30:09.445-0400: 141.390: [GC (GCLocker Initiated GC) [PSYoungGen: 122162K->49420K(166400K)] 392062K->319574K(690688K), 0.0054696 secs] [Times: user=0.06 sys=0.00, real=0.01 secs] 
2016-09-13T19:30:09.656-0400: 141.601: [GC (GCLocker Initiated GC) [PSYoungGen: 166156K->6703K(184832K)] 449992K->290646K(709120K), 0.0090171 secs] [Times: user=0.06 sys=0.00, real=0.00 secs] 
2016-09-13T19:30:09.851-0400: 141.795: [GC (GCLocker Initiated GC) [PSYoungGen: 118319K->9832K(121856K)] 414556K->306279K(646144K), 0.0133067 secs] [Times: user=0.12 sys=0.00, real=0.01 secs] 
2016-09-13T19:30:10.040-0400: 141.985: [GC (Allocation Failure) [PSYoungGen: 121448K->30998K(189952K)] 417917K->327664K(714240K), 0.0064137 secs] [Times: user=0.06 sys=0.00, real=0.00 secs] 
2016-09-13T19:30:10.211-0400: 142.156: [GC (GCLocker Initiated GC) [PSYoungGen: 143158K->49483K(185856K)] 441343K->352434K(710144K), 0.0098321 secs] [Times: user=0.10 sys=0.02, real=0.01 secs] 
2016-09-13T19:30:10.406-0400: 142.351: [GC (GCLocker Initiated GC) [PSYoungGen: 163147K->12591K(187904K)] 472352K->321931K(712192K), 0.0047801 secs] [Times: user=0.02 sys=0.00, real=0.01 secs] 
2016-09-13T19:30:10.646-0400: 142.591: [GC (GCLocker Initiated GC) [PSYoungGen: 126255K->11291K(125440K)] 447988K->337710K(649728K), 0.0333291 secs] [Times: user=0.37 sys=0.01, real=0.04 secs] 
2016-09-13T19:30:10.834-0400: 142.779: [GC (GCLocker Initiated GC) [PSYoungGen: 124955K->51323K(181248K)] 451553K->378040K(705536K), 0.0094652 secs] [Times: user=0.13 sys=0.00, real=0.01 secs] 
2016-09-13T19:30:11.022-0400: 142.967: [GC (GCLocker Initiated GC) [PSYoungGen: 158843K->37148K(184832K)] 485689K->364270K(709120K), 0.0065818 secs] [Times: user=0.07 sys=0.00, real=0.01 secs] 
2016-09-13T19:30:11.161-0400: 143.106: [GC (GCLocker Initiated GC) [PSYoungGen: 144668K->37291K(179200K)] 471921K->366159K(703488K), 0.0080788 secs] [Times: user=0.07 sys=0.01, real=0.01 secs] 
2016-09-13T19:30:11.306-0400: 143.251: [GC (Allocation Failure) [PSYoungGen: 147883K->46287K(182272K)] 476904K->380222K(706560K), 0.0090360 secs] [Times: user=0.11 sys=0.00, real=0.01 secs] 
2016-09-13T19:30:11.505-0400: 143.450: [GC (GCLocker Initiated GC) [PSYoungGen: 155696K->27934K(186368K)] 495707K->368087K(710656K), 0.0072851 secs] [Times: user=0.07 sys=0.00, real=0.01 secs] 
2016-09-13T19:30:11.702-0400: 143.647: [GC (GCLocker Initiated GC) [PSYoungGen: 145694K->41597K(187904K)] 492137K->388155K(712192K), 0.0232518 secs] [Times: user=0.21 sys=0.00, real=0.02 secs] 
2016-09-13T19:30:11.912-0400: 143.857: [GC (GCLocker Initiated GC) [PSYoungGen: 159357K->46376K(190976K)] 505982K->393286K(715264K), 0.0233427 secs] [Times: user=0.20 sys=0.00, real=0.02 secs] 
2016-09-13T19:30:12.109-0400: 144.054: [GC (GCLocker Initiated GC) [PSYoungGen: 168232K->38726K(160768K)] 515167K->385968K(685056K), 0.0120787 secs] [Times: user=0.14 sys=0.00, real=0.01 secs] 
2016-09-13T19:30:12.314-0400: 144.259: [GC (GCLocker Initiated GC) [PSYoungGen: 160582K->44890K(190976K)] 515485K->415118K(715264K), 0.0081547 secs] [Times: user=0.11 sys=0.00, real=0.01 secs] 
2016-09-13T19:30:12.498-0400: 144.443: [GC (GCLocker Initiated GC) [PSYoungGen: 167770K->46400K(190976K)] 538174K->416949K(715264K), 0.0077656 secs] [Times: user=0.11 sys=0.00, real=0.00 secs] 
2016-09-13T19:30:12.707-0400: 144.652: [GC (GCLocker Initiated GC) [PSYoungGen: 169280K->55644K(186880K)] 546088K->432865K(711168K), 0.0085320 secs] [Times: user=0.12 sys=0.00, real=0.01 secs] 
2016-09-13T19:30:12.898-0400: 144.843: [GC (GCLocker Initiated GC) [PSYoungGen: 174428K->41917K(190464K)] 559418K->431708K(714752K), 0.0100263 secs] [Times: user=0.13 sys=0.00, real=0.01 secs] 
2016-09-13T19:30:13.099-0400: 145.044: [GC (GCLocker Initiated GC) [PSYoungGen: 160701K->44641K(185856K)] 558367K->442508K(710144K), 0.0105112 secs] [Times: user=0.11 sys=0.00, real=0.01 secs] 
2016-09-13T19:30:13.300-0400: 145.245: [GC (GCLocker Initiated GC) [PSYoungGen: 165473K->50780K(188928K)] 569636K->455007K(713216K), 0.0078555 secs] [Times: user=0.09 sys=0.00, real=0.01 secs] 
2016-09-13T19:30:13.520-0400: 145.465: [GC (GCLocker Initiated GC) [PSYoungGen: 171612K->27902K(193536K)] 575864K->436907K(717824K), 0.0111483 secs] [Times: user=0.08 sys=0.00, real=0.01 secs] 
2016-09-13T19:30:13.719-0400: 145.664: [GC (GCLocker Initiated GC) [PSYoungGen: 152318K->35559K(160256K)] 561440K->447961K(684544K), 0.0122065 secs] [Times: user=0.11 sys=0.00, real=0.01 secs] 
2016-09-13T19:30:13.916-0400: 145.861: [GC (GCLocker Initiated GC) [PSYoungGen: 159975K->29543K(191488K)] 572400K->451282K(715776K), 0.0075042 secs] [Times: user=0.06 sys=0.00, real=0.00 secs] 
2016-09-13T19:30:14.106-0400: 146.051: [GC (GCLocker Initiated GC) [PSYoungGen: 154471K->64347K(189440K)] 576257K->495471K(713728K), 0.0106033 secs] [Times: user=0.09 sys=0.00, real=0.02 secs] 
2016-09-13T19:30:14.301-0400: 146.246: [GC (GCLocker Initiated GC) [PSYoungGen: 189275K->49319K(189440K)] 620659K->488494K(713728K), 0.0070717 secs] [Times: user=0.06 sys=0.00, real=0.01 secs] 
2016-09-13T19:30:14.511-0400: 146.456: [GC (GCLocker Initiated GC) [PSYoungGen: 166055K->43090K(160256K)] 605575K->488918K(684544K), 0.0225204 secs] [Times: user=0.24 sys=0.00, real=0.02 secs] 
2016-09-13T19:30:14.699-0400: 146.644: [GC (GCLocker Initiated GC) [PSYoungGen: 159826K->56726K(183296K)] 605778K->507439K(707584K), 0.0250804 secs] [Times: user=0.25 sys=0.00, real=0.02 secs] 
2016-09-13T19:30:14.909-0400: 146.854: [GC (GCLocker Initiated GC) [PSYoungGen: 170390K->40200K(186368K)] 622887K->498982K(710656K), 0.0195458 secs] [Times: user=0.17 sys=0.00, real=0.02 secs] 
2016-09-13T19:30:15.078-0400: 147.023: [GC (Allocation Failure) [PSYoungGen: 153864K->47641K(186880K)] 612839K->506923K(711168K), 0.0102784 secs] [Times: user=0.08 sys=0.00, real=0.01 secs] 
2016-09-13T19:30:15.254-0400: 147.199: [GC (GCLocker Initiated GC) [PSYoungGen: 166937K->33975K(188416K)] 626222K->494869K(712704K), 0.0137719 secs] [Times: user=0.08 sys=0.00, real=0.01 secs] 
2016-09-13T19:30:15.476-0400: 147.421: [GC (GCLocker Initiated GC) [PSYoungGen: 153271K->33978K(190464K)] 614190K->495178K(714752K), 0.0474119 secs] [Times: user=0.54 sys=0.00, real=0.04 secs] 
2016-09-13T19:30:15.699-0400: 147.644: [GC (GCLocker Initiated GC) [PSYoungGen: 158906K->64480K(189440K)] 620136K->534970K(713728K), 0.0137834 secs] [Times: user=0.17 sys=0.00, real=0.01 secs] 
2016-09-13T19:30:15.867-0400: 147.812: [GC (GCLocker Initiated GC) [PSYoungGen: 189408K->46557K(190976K)] 660062K->523504K(715264K), 0.0156292 secs] [Times: user=0.16 sys=0.00, real=0.02 secs] 
2016-09-13T19:30:16.089-0400: 148.034: [GC (GCLocker Initiated GC) [PSYoungGen: 164829K->47742K(166400K)] 641965K->525261K(690688K), 0.0157098 secs] [Times: user=0.18 sys=0.00, real=0.01 secs] 
2016-09-13T19:30:16.262-0400: 148.207: [GC (GCLocker Initiated GC) [PSYoungGen: 166014K->29602K(187904K)] 649649K->513359K(712192K), 0.0053869 secs] [Times: user=0.04 sys=0.00, real=0.00 secs] 
2016-09-13T19:30:16.443-0400: 148.388: [GC (Allocation Failure) [PSYoungGen: 147874K->30903K(187904K)] 631653K->514950K(712192K), 0.0242242 secs] [Times: user=0.28 sys=0.01, real=0.02 secs] 
2016-09-13T19:30:16.642-0400: 148.587: [GC (Allocation Failure) [PSYoungGen: 146922K->9799K(186880K)] 630969K->507662K(711168K), 0.0252318 secs] [Times: user=0.29 sys=0.01, real=0.02 secs] 
2016-09-13T19:30:16.825-0400: 148.770: [GC (GCLocker Initiated GC) [PSYoungGen: 127559K->29453K(189952K)] 625425K->527587K(714240K), 0.0335264 secs] [Times: user=0.33 sys=0.00, real=0.04 secs] 
2016-09-13T19:30:17.064-0400: 149.009: [GC (GCLocker Initiated GC) [PSYoungGen: 147213K->34041K(183808K)] 645372K->532370K(708096K), 0.0183903 secs] [Times: user=0.20 sys=0.00, real=0.02 secs] 
2016-09-13T19:30:17.249-0400: 149.194: [GC (Allocation Failure) [PSYoungGen: 153849K->32612K(187392K)] 652200K->543390K(711680K), 0.0143435 secs] [Times: user=0.16 sys=0.00, real=0.01 secs] 
2016-09-13T19:30:17.264-0400: 149.209: [Full GC (Ergonomics) [PSYoungGen: 32612K->0K(187392K)] [ParOldGen: 510778K->38639K(524288K)] 543390K->38639K(711680K), [Metaspace: 44624K->44624K(1087488K)], 0.0508595 secs] [Times: user=0.22 sys=0.01, real=0.05 secs] 
2016-09-13T19:30:17.466-0400: 149.411: [GC (GCLocker Initiated GC) [PSYoungGen: 119808K->64824K(181248K)] 158450K->121692K(705536K), 0.0160113 secs] [Times: user=0.12 sys=0.01, real=0.02 secs] 
2016-09-13T19:30:17.617-0400: 149.562: [GC (GCLocker Initiated GC) [PSYoungGen: 180536K->53977K(169984K)] 237430K->135629K(694272K), 0.0099861 secs] [Times: user=0.11 sys=0.00, real=0.00 secs] 
2016-09-13T19:30:17.780-0400: 149.725: [GC (GCLocker Initiated GC) [PSYoungGen: 169689K->16097K(185344K)] 251522K->113313K(709632K), 0.0099858 secs] [Times: user=0.13 sys=0.00, real=0.01 secs] 
2016-09-13T19:30:17.941-0400: 149.886: [GC (GCLocker Initiated GC) [PSYoungGen: 126689K->26410K(137216K)] 231627K->131687K(661504K), 0.0221194 secs] [Times: user=0.23 sys=0.00, real=0.02 secs] 
2016-09-13T19:30:18.113-0400: 150.058: [GC (GCLocker Initiated GC) [PSYoungGen: 137002K->61591K(177664K)] 242424K->167093K(701952K), 0.0069196 secs] [Times: user=0.06 sys=0.00, real=0.01 secs] 
2016-09-13T19:30:18.288-0400: 150.233: [GC (GCLocker Initiated GC) [PSYoungGen: 165015K->40143K(182784K)] 276863K->152137K(707072K), 0.0240305 secs] [Times: user=0.23 sys=0.00, real=0.02 secs] 
2016-09-13T19:30:18.485-0400: 150.430: [GC (GCLocker Initiated GC) [PSYoungGen: 143567K->47704K(180224K)] 255684K->159936K(704512K), 0.0235707 secs] [Times: user=0.22 sys=0.00, real=0.03 secs] 
2016-09-13T19:30:18.653-0400: 150.598: [GC (GCLocker Initiated GC) [PSYoungGen: 154712K->59854K(182272K)] 267025K->176925K(706560K), 0.0151736 secs] [Times: user=0.14 sys=0.01, real=0.02 secs] 
2016-09-13T19:30:18.829-0400: 150.774: [GC (GCLocker Initiated GC) [PSYoungGen: 166862K->20580K(183296K)] 285624K->147078K(707584K), 0.0274412 secs] [Times: user=0.28 sys=0.00, real=0.03 secs] 
2016-09-13T19:30:19.021-0400: 150.966: [GC (GCLocker Initiated GC) [PSYoungGen: 125028K->50753K(183296K)] 251675K->177638K(707584K), 0.0205196 secs] [Times: user=0.25 sys=0.00, real=0.02 secs] 
2016-09-13T19:30:19.180-0400: 151.125: [GC (GCLocker Initiated GC) [PSYoungGen: 155201K->14483K(181248K)] 282134K->146100K(705536K), 0.0102984 secs] [Times: user=0.13 sys=0.00, real=0.01 secs] 
2016-09-13T19:30:19.358-0400: 151.303: [GC (GCLocker Initiated GC) [PSYoungGen: 116883K->32559K(135168K)] 248768K->164779K(659456K), 0.0190359 secs] [Times: user=0.20 sys=0.00, real=0.02 secs] 
2016-09-13T19:30:19.539-0400: 151.484: [GC (GCLocker Initiated GC) [PSYoungGen: 134959K->30972K(182784K)] 276320K->172421K(707072K), 0.0134380 secs] [Times: user=0.16 sys=0.01, real=0.01 secs] 
2016-09-13T19:30:19.690-0400: 151.635: [GC (GCLocker Initiated GC) [PSYoungGen: 136956K->48076K(180224K)] 278587K->191447K(704512K), 0.0134773 secs] [Times: user=0.15 sys=0.01, real=0.01 secs] 
2016-09-13T19:30:19.855-0400: 151.800: [GC (Allocation Failure) [PSYoungGen: 154060K->41821K(185856K)] 297753K->185790K(710144K), 0.0099301 secs] [Times: user=0.12 sys=0.00, real=0.01 secs] 
2016-09-13T19:30:20.034-0400: 151.979: [GC (GCLocker Initiated GC) [PSYoungGen: 154973K->27929K(185344K)] 298944K->172102K(709632K), 0.0069892 secs] [Times: user=0.05 sys=0.01, real=0.01 secs] 
2016-09-13T19:30:20.211-0400: 152.156: [GC (GCLocker Initiated GC) [PSYoungGen: 141081K->31099K(187904K)] 285373K->175612K(712192K), 0.0100767 secs] [Times: user=0.07 sys=0.00, real=0.01 secs] 
2016-09-13T19:30:20.413-0400: 152.358: [GC (GCLocker Initiated GC) [PSYoungGen: 150395K->12932K(187904K)] 301164K->163910K(712192K), 0.0253909 secs] [Times: user=0.23 sys=0.00, real=0.03 secs] 
2016-09-13T19:30:20.636-0400: 152.581: [GC (GCLocker Initiated GC) [PSYoungGen: 132228K->46196K(191488K)] 284760K->198938K(715776K), 0.0088221 secs] [Times: user=0.06 sys=0.00, real=0.00 secs] 
2016-09-13T19:30:20.820-0400: 152.765: [GC (GCLocker Initiated GC) [PSYoungGen: 168052K->37239K(159232K)] 320894K->199322K(683520K), 0.0071294 secs] [Times: user=0.09 sys=0.00, real=0.00 secs] 
2016-09-13T19:30:21.016-0400: 152.961: [GC (GCLocker Initiated GC) [PSYoungGen: 159095K->11258K(188928K)] 327555K->189029K(713216K), 0.0112285 secs] [Times: user=0.12 sys=0.00, real=0.00 secs] 
2016-09-13T19:30:21.236-0400: 153.181: [GC (GCLocker Initiated GC) [PSYoungGen: 132602K->20457K(189952K)] 313637K->203236K(714240K), 0.0098682 secs] [Times: user=0.08 sys=0.00, real=0.00 secs] 
2016-09-13T19:30:21.428-0400: 153.373: [GC (GCLocker Initiated GC) [PSYoungGen: 141801K->41853K(193024K)] 324857K->225095K(717312K), 0.0069593 secs] [Times: user=0.07 sys=0.00, real=0.00 secs] 
2016-09-13T19:30:21.652-0400: 153.597: [GC (GCLocker Initiated GC) [PSYoungGen: 167805K->37201K(193024K)] 357152K->226800K(717312K), 0.0112194 secs] [Times: user=0.14 sys=0.00, real=0.01 secs] 
2016-09-13T19:30:21.861-0400: 153.806: [GC (Allocation Failure) [PSYoungGen: 163153K->23596K(193536K)] 352838K->222604K(717824K), 0.0069095 secs] [Times: user=0.06 sys=0.00, real=0.01 secs] 
2016-09-13T19:30:22.046-0400: 153.991: [GC (GCLocker Initiated GC) [PSYoungGen: 150244K->24956K(193536K)] 355326K->230365K(717824K), 0.0121309 secs] [Times: user=0.12 sys=0.00, real=0.02 secs] 
2016-09-13T19:30:22.256-0400: 154.201: [GC (GCLocker Initiated GC) [PSYoungGen: 154492K->24923K(196608K)] 366045K->236639K(720896K), 0.0212691 secs] [Times: user=0.22 sys=0.00, real=0.02 secs] 
2016-09-13T19:30:22.487-0400: 154.432: [GC (GCLocker Initiated GC) [PSYoungGen: 160603K->29667K(196096K)] 378566K->253848K(720384K), 0.0139231 secs] [Times: user=0.16 sys=0.00, real=0.02 secs] 
2016-09-13T19:30:22.698-0400: 154.643: [GC (GCLocker Initiated GC) [PSYoungGen: 165347K->55372K(192000K)] 389799K->292145K(716288K), 0.0105140 secs] [Times: user=0.12 sys=0.00, real=0.01 secs] 
2016-09-13T19:30:22.899-0400: 154.844: [GC (GCLocker Initiated GC) [PSYoungGen: 189516K->60146K(194560K)] 426491K->303350K(718848K), 0.0100717 secs] [Times: user=0.10 sys=0.01, real=0.01 secs] 
2016-09-13T19:30:23.141-0400: 155.086: [GC (Allocation Failure) [PSYoungGen: 194290K->23533K(190464K)] 437850K->267278K(714752K), 0.0087236 secs] [Times: user=0.09 sys=0.00, real=0.01 secs] 
2016-09-13T19:30:23.330-0400: 155.275: [GC (GCLocker Initiated GC) [PSYoungGen: 146413K->41938K(192512K)] 390158K->285904K(716800K), 0.0093475 secs] [Times: user=0.11 sys=0.00, real=0.01 secs] 
2016-09-13T19:30:23.521-0400: 155.466: [GC (GCLocker Initiated GC) [PSYoungGen: 164818K->46260K(191488K)] 410515K->292132K(715776K), 0.0108081 secs] [Times: user=0.14 sys=0.00, real=0.01 secs] 
2016-09-13T19:30:23.714-0400: 155.659: [GC (GCLocker Initiated GC) [PSYoungGen: 169140K->57136K(180224K)] 415045K->303180K(704512K), 0.0125148 secs] [Times: user=0.17 sys=0.00, real=0.01 secs] 
2016-09-13T19:30:23.945-0400: 155.890: [GC (GCLocker Initiated GC) [PSYoungGen: 180016K->5403K(184320K)] 432152K->271541K(708608K), 0.0047456 secs] [Times: user=0.06 sys=0.00, real=0.01 secs] 
2016-09-13T19:30:24.110-0400: 156.055: [GC (GCLocker Initiated GC) [PSYoungGen: 115995K->55368K(166400K)] 382161K->321842K(690688K), 0.0081041 secs] [Times: user=0.09 sys=0.00, real=0.01 secs] 
2016-09-13T19:30:24.298-0400: 156.243: [GC (GCLocker Initiated GC) [PSYoungGen: 165960K->46314K(183808K)] 434118K->329764K(708096K), 0.0071659 secs] [Times: user=0.08 sys=0.00, real=0.00 secs] 
2016-09-13T19:30:24.475-0400: 156.420: [GC (GCLocker Initiated GC) [PSYoungGen: 150762K->46163K(151040K)] 434270K->329876K(675328K), 0.0227786 secs] [Times: user=0.21 sys=0.00, real=0.03 secs] 
2016-09-13T19:30:24.656-0400: 156.601: [GC (GCLocker Initiated GC) [PSYoungGen: 150611K->8216K(180224K)] 446490K->311875K(704512K), 0.0119011 secs] [Times: user=0.12 sys=0.00, real=0.01 secs] 
2016-09-13T19:30:24.833-0400: 156.778: [GC (GCLocker Initiated GC) [PSYoungGen: 111128K->26384K(181760K)] 416308K->339442K(706048K), 0.0058594 secs] [Times: user=0.05 sys=0.00, real=0.01 secs] 
2016-09-13T19:30:25.002-0400: 156.947: [GC (GCLocker Initiated GC) [PSYoungGen: 129296K->47705K(181760K)] 442382K->360887K(706048K), 0.0144611 secs] [Times: user=0.14 sys=0.00, real=0.02 secs] 
2016-09-13T19:30:25.157-0400: 157.102: [GC (GCLocker Initiated GC) [PSYoungGen: 153177K->47676K(182272K)] 466528K->365788K(706560K), 0.0178455 secs] [Times: user=0.18 sys=0.00, real=0.01 secs] 
2016-09-13T19:30:25.326-0400: 157.271: [GC (GCLocker Initiated GC) [PSYoungGen: 153148K->49265K(184320K)] 471283K->367592K(708608K), 0.0350938 secs] [Times: user=0.41 sys=0.00, real=0.04 secs] 
2016-09-13T19:30:25.525-0400: 157.470: [GC (GCLocker Initiated GC) [PSYoungGen: 156785K->46340K(154112K)] 475395K->372770K(678400K), 0.0151768 secs] [Times: user=0.15 sys=0.00, real=0.02 secs] 
2016-09-13T19:30:25.700-0400: 157.645: [GC (GCLocker Initiated GC) [PSYoungGen: 153860K->67421K(172544K)] 481999K->397413K(696832K), 0.0102949 secs] [Times: user=0.09 sys=0.00, real=0.01 secs] 
2016-09-13T19:30:25.860-0400: 157.805: [GC (GCLocker Initiated GC) [PSYoungGen: 163677K->34190K(179200K)] 499772K->370436K(703488K), 0.0333428 secs] [Times: user=0.37 sys=0.00, real=0.03 secs] 
2016-09-13T19:30:26.032-0400: 157.977: [GC (GCLocker Initiated GC) [PSYoungGen: 130446K->47774K(173568K)] 466756K->395000K(697856K), 0.0064753 secs] [Times: user=0.06 sys=0.00, real=0.01 secs] 
2016-09-13T19:30:26.157-0400: 158.102: [GC (GCLocker Initiated GC) [PSYoungGen: 146590K->26255K(177664K)] 493949K->375278K(701952K), 0.0315255 secs] [Times: user=0.27 sys=0.00, real=0.03 secs] 
2016-09-13T19:30:26.306-0400: 158.251: [GC (GCLocker Initiated GC) [PSYoungGen: 125071K->53907K(181248K)] 474276K->409503K(705536K), 0.0100364 secs] [Times: user=0.09 sys=0.00, real=0.02 secs] 
2016-09-13T19:30:26.514-0400: 158.459: [GC (GCLocker Initiated GC) [PSYoungGen: 157331K->27924K(182784K)] 520660K->397474K(707072K), 0.0247290 secs] [Times: user=0.23 sys=0.01, real=0.03 secs] 
2016-09-13T19:30:26.679-0400: 158.624: [GC (GCLocker Initiated GC) [PSYoungGen: 131348K->46154K(179712K)] 501076K->416021K(704000K), 0.0064005 secs] [Times: user=0.07 sys=0.00, real=0.00 secs] 
2016-09-13T19:30:26.846-0400: 158.791: [GC (GCLocker Initiated GC) [PSYoungGen: 151114K->14447K(181248K)] 533194K->396708K(705536K), 0.0120001 secs] [Times: user=0.12 sys=0.00, real=0.02 secs] 
2016-09-13T19:30:27.045-0400: 158.990: [GC (GCLocker Initiated GC) [PSYoungGen: 119407K->9959K(182784K)] 513893K->410730K(707072K), 0.0128044 secs] [Times: user=0.14 sys=0.00, real=0.02 secs] 
2016-09-13T19:30:27.227-0400: 159.172: [GC (GCLocker Initiated GC) [PSYoungGen: 115431K->41666K(147456K)] 516394K->442855K(671744K), 0.0062757 secs] [Times: user=0.04 sys=0.00, real=0.01 secs] 
2016-09-13T19:30:27.400-0400: 159.345: [GC (GCLocker Initiated GC) [PSYoungGen: 147138K->11186K(182784K)] 548330K->412496K(707072K), 0.0075337 secs] [Times: user=0.09 sys=0.00, real=0.01 secs] 
2016-09-13T19:30:27.583-0400: 159.528: [GC (GCLocker Initiated GC) [PSYoungGen: 117682K->44545K(182784K)] 520538K->447556K(707072K), 0.0079271 secs] [Times: user=0.07 sys=0.00, real=0.01 secs] 
2016-09-13T19:30:27.725-0400: 159.670: [GC (GCLocker Initiated GC) [PSYoungGen: 151041K->40142K(181760K)] 554071K->464558K(706048K), 0.0080985 secs] [Times: user=0.08 sys=0.00, real=0.01 secs] 
2016-09-13T19:30:27.898-0400: 159.843: [GC (GCLocker Initiated GC) [PSYoungGen: 149710K->44894K(183808K)] 581774K->477218K(708096K), 0.0067142 secs] [Times: user=0.06 sys=0.00, real=0.00 secs] 
2016-09-13T19:30:28.107-0400: 160.052: [GC (GCLocker Initiated GC) [PSYoungGen: 154462K->27998K(183296K)] 600704K->479116K(707584K), 0.0095995 secs] [Times: user=0.11 sys=0.01, real=0.02 secs] 
2016-09-13T19:30:28.313-0400: 160.258: [GC (GCLocker Initiated GC) [PSYoungGen: 142174K->50741K(185856K)] 596478K->505184K(710144K), 0.0241790 secs] [Times: user=0.27 sys=0.00, real=0.03 secs] 
2016-09-13T19:30:28.515-0400: 160.460: [GC (GCLocker Initiated GC) [PSYoungGen: 164917K->28115K(188416K)] 633248K->496687K(712704K), 0.0082097 secs] [Times: user=0.08 sys=0.00, real=0.01 secs] 
2016-09-13T19:30:28.706-0400: 160.651: [GC (GCLocker Initiated GC) [PSYoungGen: 144851K->27865K(144896K)] 621137K->504403K(669184K), 0.0255331 secs] [Times: user=0.26 sys=0.00, real=0.03 secs] 
2016-09-13T19:30:28.910-0400: 160.855: [GC (GCLocker Initiated GC) [PSYoungGen: 144601K->47613K(186368K)] 627458K->530593K(710656K), 0.0165258 secs] [Times: user=0.17 sys=0.00, real=0.01 secs] 
2016-09-13T19:30:29.105-0400: 161.050: [GC (GCLocker Initiated GC) [PSYoungGen: 164861K->47736K(187904K)] 647994K->531062K(712192K), 0.0227648 secs] [Times: user=0.25 sys=0.00, real=0.03 secs] 
2016-09-13T19:30:29.305-0400: 161.250: [GC (GCLocker Initiated GC) [PSYoungGen: 164984K->49320K(188928K)] 654538K->546751K(713216K), 0.0179736 secs] [Times: user=0.19 sys=0.00, real=0.02 secs] 
2016-09-13T19:30:29.507-0400: 161.452: [GC (Allocation Failure) [PSYoungGen: 167080K->8120K(125952K)] 670625K->511714K(650240K), 0.0187938 secs] [Times: user=0.17 sys=0.00, real=0.02 secs] 
2016-09-13T19:30:29.706-0400: 161.651: [GC (GCLocker Initiated GC) [PSYoungGen: 125880K->44731K(188416K)] 629521K->548714K(712704K), 0.0226307 secs] [Times: user=0.25 sys=0.00, real=0.03 secs] 
2016-09-13T19:30:29.887-0400: 161.832: [GC (GCLocker Initiated GC) [PSYoungGen: 158907K->34035K(148480K)] 662895K->538228K(672768K), 0.0069984 secs] [Times: user=0.05 sys=0.00, real=0.01 secs] 
2016-09-13T19:30:30.067-0400: 162.012: [GC (GCLocker Initiated GC) [PSYoungGen: 148211K->43121K(185856K)] 652493K->550633K(710144K), 0.0426413 secs] [Times: user=0.45 sys=0.00, real=0.05 secs] 
2016-09-13T19:30:30.268-0400: 162.213: [Full GC (Ergonomics) [PSYoungGen: 158321K->0K(185856K)] [ParOldGen: 513741K->39474K(524288K)] 672063K->39474K(710144K), [Metaspace: 44643K->44643K(1087488K)], 0.0557297 secs] [Times: user=0.29 sys=0.00, real=0.05 secs] 
2016-09-13T19:30:30.472-0400: 162.417: [GC (GCLocker Initiated GC) [PSYoungGen: 115200K->50837K(184832K)] 162318K->97956K(709120K), 0.0094461 secs] [Times: user=0.08 sys=0.00, real=0.01 secs] 
2016-09-13T19:30:30.645-0400: 162.590: [GC (Allocation Failure) [PSYoungGen: 166037K->29669K(190464K)] 213245K->104523K(714752K), 0.0067652 secs] [Times: user=0.05 sys=0.01, real=0.01 secs] 
2016-09-13T19:30:30.842-0400: 162.787: [GC (GCLocker Initiated GC) [PSYoungGen: 150087K->28125K(190464K)] 226460K->115425K(714752K), 0.0214538 secs] [Times: user=0.23 sys=0.00, real=0.02 secs] 
2016-09-13T19:30:31.044-0400: 162.989: [GC (Allocation Failure) [PSYoungGen: 148957K->12779K(189952K)] 242357K->106381K(714240K), 0.0205448 secs] [Times: user=0.21 sys=0.01, real=0.02 secs] 
2016-09-13T19:30:31.244-0400: 163.189: [GC (GCLocker Initiated GC) [PSYoungGen: 132279K->9703K(190976K)] 231956K->117096K(715264K), 0.0048532 secs] [Times: user=0.03 sys=0.01, real=0.01 secs] 
2016-09-13T19:30:31.457-0400: 163.402: [GC (GCLocker Initiated GC) [PSYoungGen: 131559K->64544K(176128K)] 239167K->172310K(700416K), 0.0304629 secs] [Times: user=0.35 sys=0.01, real=0.02 secs] 
2016-09-13T19:30:31.657-0400: 163.602: [GC (GCLocker Initiated GC) [PSYoungGen: 171040K->21826K(184320K)] 294161K->145050K(708608K), 0.0156641 secs] [Times: user=0.13 sys=0.00, real=0.01 secs] 
2016-09-13T19:30:31.834-0400: 163.779: [GC (GCLocker Initiated GC) [PSYoungGen: 128322K->43245K(180736K)] 251655K->166751K(705024K), 0.0161449 secs] [Times: user=0.14 sys=0.00, real=0.02 secs] 
2016-09-13T19:30:32.016-0400: 163.961: [GC (GCLocker Initiated GC) [PSYoungGen: 151277K->24864K(183296K)] 281019K->154819K(707584K), 0.0260636 secs] [Times: user=0.22 sys=0.00, real=0.02 secs] 
2016-09-13T19:30:32.191-0400: 164.136: [GC (GCLocker Initiated GC) [PSYoungGen: 132896K->38698K(182272K)] 262944K->169086K(706560K), 0.0054841 secs] [Times: user=0.06 sys=0.00, real=0.01 secs] 
2016-09-13T19:30:32.343-0400: 164.288: [GC (GCLocker Initiated GC) [PSYoungGen: 152362K->5333K(184832K)] 291965K->152762K(709120K), 0.0296170 secs] [Times: user=0.28 sys=0.00, real=0.03 secs] 
2016-09-13T19:30:32.544-0400: 164.489: [GC (Allocation Failure) [PSYoungGen: 118997K->5393K(188928K)] 271030K->157817K(713216K), 0.0094520 secs] [Times: user=0.11 sys=0.00, real=0.01 secs] 
2016-09-13T19:30:32.725-0400: 164.670: [GC (GCLocker Initiated GC) [PSYoungGen: 121543K->40136K(189440K)] 275485K->194283K(713728K), 0.0200207 secs] [Times: user=0.21 sys=0.00, real=0.02 secs] 
2016-09-13T19:30:32.904-0400: 164.849: [GC (GCLocker Initiated GC) [PSYoungGen: 156872K->49201K(183808K)] 311041K->203539K(708096K), 0.0165786 secs] [Times: user=0.17 sys=0.00, real=0.02 secs] 
2016-09-13T19:30:33.099-0400: 165.044: [GC (GCLocker Initiated GC) [PSYoungGen: 160817K->46223K(158208K)] 323069K->214709K(682496K), 0.0058014 secs] [Times: user=0.05 sys=0.01, real=0.00 secs] 
2016-09-13T19:30:33.299-0400: 165.244: [GC (GCLocker Initiated GC) [PSYoungGen: 157839K->43090K(186368K)] 332607K->218013K(710656K), 0.0263329 secs] [Times: user=0.33 sys=0.00, real=0.02 secs] 
2016-09-13T19:30:33.498-0400: 165.443: [GC (GCLocker Initiated GC) [PSYoungGen: 153170K->24865K(135168K)] 341874K->213625K(659456K), 0.0112475 secs] [Times: user=0.13 sys=0.01, real=0.01 secs] 
2016-09-13T19:30:33.686-0400: 165.631: [GC (GCLocker Initiated GC) [PSYoungGen: 134945K->44762K(183296K)] 323731K->239687K(707584K), 0.0361547 secs] [Times: user=0.36 sys=0.00, real=0.04 secs] 
2016-09-13T19:30:33.867-0400: 165.812: [GC (GCLocker Initiated GC) [PSYoungGen: 154842K->47833K(183296K)] 349781K->250657K(707584K), 0.0095708 secs] [Times: user=0.09 sys=0.01, real=0.02 secs] 
2016-09-13T19:30:34.064-0400: 166.008: [GC (GCLocker Initiated GC) [PSYoungGen: 157913K->47645K(186368K)] 360946K->255365K(710656K), 0.0144872 secs] [Times: user=0.09 sys=0.01, real=0.02 secs] 
2016-09-13T19:30:34.235-0400: 166.180: [GC (GCLocker Initiated GC) [PSYoungGen: 159261K->32767K(144384K)] 367070K->240719K(668672K), 0.0066214 secs] [Times: user=0.06 sys=0.00, real=0.01 secs] 
2016-09-13T19:30:34.422-0400: 166.367: [GC (Allocation Failure) [PSYoungGen: 144383K->5275K(182784K)] 358715K->219812K(707072K), 0.0183230 secs] [Times: user=0.18 sys=0.00, real=0.02 secs] 
2016-09-13T19:30:34.603-0400: 166.548: [GC (GCLocker Initiated GC) [PSYoungGen: 115867K->44608K(184320K)] 330407K->259408K(708608K), 0.0180333 secs] [Times: user=0.16 sys=0.01, real=0.02 secs] 
2016-09-13T19:30:34.826-0400: 166.771: [GC (Allocation Failure) [PSYoungGen: 155200K->5151K(185344K)] 383954K->234099K(709632K), 0.0027316 secs] [Times: user=0.01 sys=0.00, real=0.01 secs] 
2016-09-13T19:30:34.980-0400: 166.925: [GC (GCLocker Initiated GC) [PSYoungGen: 116767K->29479K(141312K)] 345720K->258625K(665600K), 0.0075660 secs] [Times: user=0.06 sys=0.00, real=0.01 secs] 
2016-09-13T19:30:35.171-0400: 167.116: [GC (GCLocker Initiated GC) [PSYoungGen: 141095K->28055K(187904K)] 371925K->259122K(712192K), 0.0261681 secs] [Times: user=0.30 sys=0.00, real=0.03 secs] 
2016-09-13T19:30:35.342-0400: 167.287: [GC (GCLocker Initiated GC) [PSYoungGen: 144791K->41746K(184320K)] 379077K->276245K(708608K), 0.0142735 secs] [Times: user=0.14 sys=0.00, real=0.02 secs] 
2016-09-13T19:30:35.515-0400: 167.460: [GC (GCLocker Initiated GC) [PSYoungGen: 158482K->46312K(189952K)] 393006K->280987K(714240K), 0.0380823 secs] [Times: user=0.39 sys=0.01, real=0.04 secs] 
2016-09-13T19:30:35.722-0400: 167.667: [GC (GCLocker Initiated GC) [PSYoungGen: 168168K->43121K(191488K)] 403030K->278297K(715776K), 0.0213484 secs] [Times: user=0.22 sys=0.00, real=0.02 secs] 
2016-09-13T19:30:35.923-0400: 167.868: [GC (GCLocker Initiated GC) [PSYoungGen: 164977K->55367K(184320K)] 400179K->290700K(708608K), 0.0258029 secs] [Times: user=0.27 sys=0.00, real=0.03 secs] 
2016-09-13T19:30:36.130-0400: 168.075: [GC (GCLocker Initiated GC) [PSYoungGen: 170055K->29483K(188416K)] 405468K->271188K(712704K), 0.0137709 secs] [Times: user=0.12 sys=0.01, real=0.01 secs] 
2016-09-13T19:30:36.323-0400: 168.268: [GC (GCLocker Initiated GC) [PSYoungGen: 144171K->23440K(184832K)] 390645K->276257K(709120K), 0.0081934 secs] [Times: user=0.08 sys=0.01, real=0.01 secs] 
2016-09-13T19:30:36.518-0400: 168.463: [GC (GCLocker Initiated GC) [PSYoungGen: 140688K->23308K(187392K)] 401227K->283982K(711680K), 0.0049717 secs] [Times: user=0.04 sys=0.00, real=0.00 secs] 
2016-09-13T19:30:36.698-0400: 168.643: [GC (GCLocker Initiated GC) [PSYoungGen: 140556K->43117K(190976K)] 409069K->311831K(715264K), 0.0062310 secs] [Times: user=0.05 sys=0.00, real=0.00 secs] 
2016-09-13T19:30:36.921-0400: 168.866: [GC (Allocation Failure) [PSYoungGen: 166509K->23382K(192000K)] 438291K->295404K(716288K), 0.0245746 secs] [Times: user=0.28 sys=0.00, real=0.02 secs] 
2016-09-13T19:30:37.119-0400: 169.064: [GC (GCLocker Initiated GC) [PSYoungGen: 146774K->29634K(188928K)] 418800K->301877K(713216K), 0.0070408 secs] [Times: user=0.07 sys=0.00, real=0.00 secs] 
2016-09-13T19:30:37.321-0400: 169.266: [GC (GCLocker Initiated GC) [PSYoungGen: 156098K->21948K(190976K)] 434421K->300452K(715264K), 0.0058894 secs] [Times: user=0.04 sys=0.00, real=0.00 secs] 
2016-09-13T19:30:37.553-0400: 169.498: [GC (GCLocker Initiated GC) [PSYoungGen: 148412K->46403K(194048K)] 427114K->325386K(718336K), 0.0265958 secs] [Times: user=0.32 sys=0.01, real=0.03 secs] 
2016-09-13T19:30:37.758-0400: 169.703: [GC (GCLocker Initiated GC) [PSYoungGen: 177475K->41843K(196608K)] 456619K->325931K(720896K), 0.0064808 secs] [Times: user=0.08 sys=0.00, real=0.00 secs] 
2016-09-13T19:30:37.976-0400: 169.921: [GC (Allocation Failure) [PSYoungGen: 172915K->14425K(196608K)] 457136K->298934K(720896K), 0.0107363 secs] [Times: user=0.12 sys=0.01, real=0.00 secs] 
2016-09-13T19:30:38.167-0400: 170.112: [GC (GCLocker Initiated GC) [PSYoungGen: 145497K->28152K(159232K)] 430006K->312942K(683520K), 0.0119630 secs] [Times: user=0.17 sys=0.00, real=0.02 secs] 
2016-09-13T19:30:38.410-0400: 170.355: [GC (GCLocker Initiated GC) [PSYoungGen: 159224K->24927K(196096K)] 445552K->311516K(720384K), 0.0094583 secs] [Times: user=0.07 sys=0.00, real=0.01 secs] 
2016-09-13T19:30:38.625-0400: 170.570: [GC (GCLocker Initiated GC) [PSYoungGen: 158047K->43271K(194048K)] 446386K->333363K(718336K), 0.0076109 secs] [Times: user=0.05 sys=0.01, real=0.01 secs] 
2016-09-13T19:30:38.821-0400: 170.766: [GC (GCLocker Initiated GC) [PSYoungGen: 176391K->26537K(198656K)] 466501K->316745K(722944K), 0.0203399 secs] [Times: user=0.20 sys=0.00, real=0.02 secs] 
2016-09-13T19:30:39.058-0400: 171.003: [GC (Allocation Failure) [PSYoungGen: 165289K->28115K(199168K)] 463218K->326328K(723456K), 0.0100539 secs] [Times: user=0.10 sys=0.00, real=0.01 secs] 
2016-09-13T19:30:39.287-0400: 171.232: [GC (GCLocker Initiated GC) [PSYoungGen: 164264K->24986K(200192K)] 468552K->334075K(724480K), 0.0164245 secs] [Times: user=0.16 sys=0.00, real=0.02 secs] 
2016-09-13T19:30:39.498-0400: 171.443: [GC (GCLocker Initiated GC) [PSYoungGen: 168346K->55457K(199168K)] 477662K->383290K(723456K), 0.0327838 secs] [Times: user=0.34 sys=0.00, real=0.03 secs] 
2016-09-13T19:30:39.741-0400: 171.686: [GC (GCLocker Initiated GC) [PSYoungGen: 198817K->29538K(201216K)] 526666K->357639K(725504K), 0.0055823 secs] [Times: user=0.04 sys=0.00, real=0.00 secs] 
2016-09-13T19:30:39.947-0400: 171.892: [GC (GCLocker Initiated GC) [PSYoungGen: 167778K->27902K(166400K)] 497431K->357698K(690688K), 0.0154000 secs] [Times: user=0.14 sys=0.00, real=0.02 secs] 
2016-09-13T19:30:40.194-0400: 172.139: [GC (GCLocker Initiated GC) [PSYoungGen: 166142K->29511K(199168K)] 497492K->361000K(723456K), 0.0065284 secs] [Times: user=0.05 sys=0.00, real=0.01 secs] 
2016-09-13T19:30:40.419-0400: 172.364: [GC (GCLocker Initiated GC) [PSYoungGen: 169799K->44602K(197120K)] 501482K->381035K(721408K), 0.0353517 secs] [Times: user=0.36 sys=0.00, real=0.03 secs] 
2016-09-13T19:30:40.657-0400: 172.602: [GC (GCLocker Initiated GC) [PSYoungGen: 184890K->47768K(197120K)] 522915K->386002K(721408K), 0.0133769 secs] [Times: user=0.13 sys=0.01, real=0.01 secs] 
2016-09-13T19:30:40.870-0400: 172.815: [GC (GCLocker Initiated GC) [PSYoungGen: 186008K->42012K(200192K)] 527528K->395885K(724480K), 0.0100804 secs] [Times: user=0.14 sys=0.00, real=0.01 secs] 
2016-09-13T19:30:41.094-0400: 173.039: [GC (GCLocker Initiated GC) [PSYoungGen: 180252K->41538K(199168K)] 534278K->395840K(723456K), 0.0138219 secs] [Times: user=0.11 sys=0.00, real=0.02 secs] 
2016-09-13T19:30:41.330-0400: 173.275: [GC (GCLocker Initiated GC) [PSYoungGen: 179778K->43212K(199680K)] 534387K->398015K(723968K), 0.0382847 secs] [Times: user=0.42 sys=0.01, real=0.04 secs] 
2016-09-13T19:30:41.555-0400: 173.500: [GC (GCLocker Initiated GC) [PSYoungGen: 181452K->26288K(199680K)] 536586K->381624K(723968K), 0.0052131 secs] [Times: user=0.03 sys=0.01, real=0.01 secs] 
2016-09-13T19:30:41.766-0400: 173.711: [GC (GCLocker Initiated GC) [PSYoungGen: 165552K->29420K(200192K)] 521174K->385157K(724480K), 0.0145966 secs] [Times: user=0.13 sys=0.00, real=0.02 secs] 
2016-09-13T19:30:42.019-0400: 173.964: [GC (GCLocker Initiated GC) [PSYoungGen: 168684K->24895K(200704K)] 530742K->387138K(724992K), 0.0236313 secs] [Times: user=0.24 sys=0.00, real=0.02 secs] 
2016-09-13T19:30:42.262-0400: 174.207: [GC (GCLocker Initiated GC) [PSYoungGen: 166207K->29702K(200192K)] 528497K->392186K(724480K), 0.0141861 secs] [Times: user=0.13 sys=0.01, real=0.02 secs] 
2016-09-13T19:30:42.467-0400: 174.412: [GC (GCLocker Initiated GC) [PSYoungGen: 171014K->46277K(199168K)] 533499K->408987K(723456K), 0.0183846 secs] [Times: user=0.19 sys=0.00, real=0.02 secs] 
2016-09-13T19:30:42.703-0400: 174.648: [GC (GCLocker Initiated GC) [PSYoungGen: 188101K->35367K(201216K)] 550884K->398241K(725504K), 0.0215788 secs] [Times: user=0.15 sys=0.00, real=0.02 secs] 
2016-09-13T19:30:42.900-0400: 174.845: [GC (GCLocker Initiated GC) [PSYoungGen: 177191K->52234K(196608K)] 540236K->421562K(720896K), 0.0403338 secs] [Times: user=0.47 sys=0.00, real=0.04 secs] 
2016-09-13T19:30:43.124-0400: 175.069: [GC (GCLocker Initiated GC) [PSYoungGen: 191498K->44730K(184320K)] 560960K->414374K(708608K), 0.0099380 secs] [Times: user=0.08 sys=0.00, real=0.01 secs] 
2016-09-13T19:30:43.402-0400: 175.347: [GC (GCLocker Initiated GC) [PSYoungGen: 183994K->14138K(197120K)] 561254K->393118K(721408K), 0.0326687 secs] [Times: user=0.34 sys=0.00, real=0.03 secs] 
2016-09-13T19:30:43.648-0400: 175.593: [GC (GCLocker Initiated GC) [PSYoungGen: 149306K->5211K(140800K)] 546535K->411716K(665088K), 0.0035477 secs] [Times: user=0.03 sys=0.00, real=0.00 secs] 
2016-09-13T19:30:43.851-0400: 175.796: [GC (GCLocker Initiated GC) [PSYoungGen: 140379K->50710K(189440K)] 554514K->472582K(713728K), 0.0175892 secs] [Times: user=0.17 sys=0.01, real=0.02 secs] 
2016-09-13T19:30:44.081-0400: 176.026: [GC (GCLocker Initiated GC) [PSYoungGen: 174614K->62924K(186880K)] 596724K->491164K(711168K), 0.0337775 secs] [Times: user=0.36 sys=0.00, real=0.03 secs] 
2016-09-13T19:30:44.268-0400: 176.213: [GC (Allocation Failure) [PSYoungGen: 186828K->46281K(185856K)] 615305K->475027K(710144K), 0.0114198 secs] [Times: user=0.10 sys=0.00, real=0.01 secs] 
2016-09-13T19:30:44.454-0400: 176.399: [GC (GCLocker Initiated GC) [PSYoungGen: 156873K->58277K(168960K)] 585619K->487161K(693248K), 0.0114219 secs] [Times: user=0.09 sys=0.01, real=0.01 secs] 
2016-09-13T19:30:44.638-0400: 176.583: [GC (GCLocker Initiated GC) [PSYoungGen: 168869K->47863K(183296K)] 598001K->477205K(707584K), 0.0094908 secs] [Times: user=0.10 sys=0.01, real=0.00 secs] 
2016-09-13T19:30:44.796-0400: 176.741: [GC (Allocation Failure) [PSYoungGen: 151287K->25045K(128512K)] 580652K->454807K(652800K), 0.0086077 secs] [Times: user=0.08 sys=0.00, real=0.00 secs] 
2016-09-13T19:30:44.947-0400: 176.892: [GC (GCLocker Initiated GC) [PSYoungGen: 127552K->30816K(183808K)] 558833K->463884K(708096K), 0.0063624 secs] [Times: user=0.04 sys=0.01, real=0.01 secs] 
2016-09-13T19:30:45.102-0400: 177.047: [GC (GCLocker Initiated GC) [PSYoungGen: 136800K->59763K(181248K)] 570003K->493199K(705536K), 0.0346924 secs] [Times: user=0.35 sys=0.00, real=0.04 secs] 
2016-09-13T19:30:45.294-0400: 177.239: [GC (GCLocker Initiated GC) [PSYoungGen: 165747K->28024K(184320K)] 611640K->474134K(708608K), 0.0051313 secs] [Times: user=0.04 sys=0.00, real=0.01 secs] 
2016-09-13T19:30:45.470-0400: 177.415: [GC (GCLocker Initiated GC) [PSYoungGen: 132984K->46255K(151552K)] 579343K->492913K(675840K), 0.0097181 secs] [Times: user=0.14 sys=0.00, real=0.01 secs] 
2016-09-13T19:30:45.645-0400: 177.590: [GC (GCLocker Initiated GC) [PSYoungGen: 151215K->30943K(183296K)] 599456K->479394K(707584K), 0.0051521 secs] [Times: user=0.05 sys=0.00, real=0.01 secs] 
2016-09-13T19:30:45.830-0400: 177.775: [GC (GCLocker Initiated GC) [PSYoungGen: 137951K->26320K(181248K)] 586428K->481073K(705536K), 0.0148574 secs] [Times: user=0.10 sys=0.01, real=0.01 secs] 
2016-09-13T19:30:46.004-0400: 177.949: [GC (GCLocker Initiated GC) [PSYoungGen: 133328K->8376K(183296K)] 597230K->484567K(707584K), 0.0131591 secs] [Times: user=0.15 sys=0.00, real=0.02 secs] 
2016-09-13T19:30:46.198-0400: 178.143: [GC (GCLocker Initiated GC) [PSYoungGen: 118456K->29794K(184832K)] 594672K->509379K(709120K), 0.0148292 secs] [Times: user=0.18 sys=0.00, real=0.01 secs] 
2016-09-13T19:30:46.375-0400: 178.320: [GC (GCLocker Initiated GC) [PSYoungGen: 139874K->26383K(183808K)] 621022K->513800K(708096K), 0.0056463 secs] [Times: user=0.05 sys=0.00, real=0.01 secs] 
2016-09-13T19:30:46.548-0400: 178.493: [GC (Allocation Failure) [PSYoungGen: 142095K->24891K(184832K)] 635838K->524860K(709120K), 0.0123375 secs] [Times: user=0.14 sys=0.01, real=0.01 secs] 
2016-09-13T19:30:46.750-0400: 178.695: [GC (GCLocker Initiated GC) [PSYoungGen: 140603K->24928K(189952K)] 640578K->525187K(714240K), 0.0101271 secs] [Times: user=0.11 sys=0.00, real=0.01 secs] 
2016-09-13T19:30:46.962-0400: 178.907: [GC (GCLocker Initiated GC) [PSYoungGen: 150880K->46280K(190976K)] 651430K->547024K(715264K), 0.0150419 secs] [Times: user=0.15 sys=0.00, real=0.02 secs] 
2016-09-13T19:30:47.147-0400: 179.092: [GC (GCLocker Initiated GC) [PSYoungGen: 172232K->50960K(188928K)] 673129K->552137K(713216K), 0.0110288 secs] [Times: user=0.14 sys=0.00, real=0.02 secs] 
2016-09-13T19:30:47.359-0400: 179.304: [GC (GCLocker Initiated GC) [PSYoungGen: 172816K->23403K(192000K)] 675850K->526568K(716288K), 0.0159319 secs] [Times: user=0.15 sys=0.00, real=0.01 secs] 
2016-09-13T19:30:47.543-0400: 179.488: [GC (GCLocker Initiated GC) [PSYoungGen: 145259K->46277K(191488K)] 650014K->551379K(715776K), 0.0129044 secs] [Times: user=0.16 sys=0.00, real=0.02 secs] 
2016-09-13T19:30:47.774-0400: 179.719: [GC (GCLocker Initiated GC) [PSYoungGen: 169157K->21794K(192512K)] 674281K->527001K(716800K), 0.0198266 secs] [Times: user=0.15 sys=0.00, real=0.02 secs] 
2016-09-13T19:30:47.984-0400: 179.929: [GC (GCLocker Initiated GC) [PSYoungGen: 144674K->9645K(192000K)] 651470K->516759K(716288K), 0.0134567 secs] [Times: user=0.14 sys=0.00, real=0.02 secs] 
2016-09-13T19:30:48.143-0400: 180.088: [GC (GCLocker Initiated GC) [PSYoungGen: 133037K->50998K(174592K)] 640424K->558598K(698880K), 0.0093041 secs] [Times: user=0.11 sys=0.00, real=0.01 secs] 
2016-09-13T19:30:48.340-0400: 180.285: [GC (GCLocker Initiated GC) [PSYoungGen: 174390K->27993K(192512K)] 688072K->541935K(716800K), 0.0068129 secs] [Times: user=0.08 sys=0.00, real=0.00 secs] 
2016-09-13T19:30:48.550-0400: 180.495: [Full GC (Ergonomics) [PSYoungGen: 147801K->0K(192512K)] [ParOldGen: 520365K->38180K(524288K)] 668166K->38180K(716800K), [Metaspace: 44646K->44646K(1087488K)], 0.0542590 secs] [Times: user=0.28 sys=0.01, real=0.05 secs] 
2016-09-13T19:30:48.747-0400: 180.692: [GC (Allocation Failure) [PSYoungGen: 119808K->55670K(175616K)] 158070K->93932K(699904K), 0.0123970 secs] [Times: user=0.12 sys=0.01, real=0.02 secs] 
2016-09-13T19:30:48.760-0400: 180.705: [GC (GCLocker Initiated GC) [PSYoungGen: 56408K->32K(183296K)] 94670K->96626K(707584K), 0.0062954 secs] [Times: user=0.06 sys=0.00, real=0.00 secs] 
2016-09-13T19:30:48.912-0400: 180.857: [GC (GCLocker Initiated GC) [PSYoungGen: 108576K->58590K(167424K)] 205178K->155193K(691712K), 0.0225688 secs] [Times: user=0.21 sys=0.00, real=0.02 secs] 
2016-09-13T19:30:49.107-0400: 181.052: [GC (GCLocker Initiated GC) [PSYoungGen: 167134K->44667K(180736K)] 263776K->149258K(705024K), 0.0085760 secs] [Times: user=0.07 sys=0.00, real=0.02 secs] 
2016-09-13T19:30:49.275-0400: 181.220: [GC (GCLocker Initiated GC) [PSYoungGen: 143483K->44640K(143872K)] 248152K->151048K(668160K), 0.0294706 secs] [Times: user=0.32 sys=0.00, real=0.03 secs] 
2016-09-13T19:30:49.435-0400: 181.380: [GC (GCLocker Initiated GC) [PSYoungGen: 143456K->32741K(182272K)] 250124K->144164K(706560K), 0.0172113 secs] [Times: user=0.22 sys=0.00, real=0.02 secs] 
2016-09-13T19:30:49.606-0400: 181.551: [GC (GCLocker Initiated GC) [PSYoungGen: 135141K->12842K(178688K)] 255824K->133951K(702976K), 0.0075018 secs] [Times: user=0.07 sys=0.00, real=0.01 secs] 
2016-09-13T19:30:49.771-0400: 181.716: [GC (GCLocker Initiated GC) [PSYoungGen: 115242K->44831K(182272K)] 236613K->170976K(706560K), 0.0240368 secs] [Times: user=0.28 sys=0.00, real=0.02 secs] 
2016-09-13T19:30:49.960-0400: 181.905: [GC (Allocation Failure) [PSYoungGen: 150815K->23282K(182272K)] 278535K->151200K(706560K), 0.0108896 secs] [Times: user=0.10 sys=0.00, real=0.01 secs] 
2016-09-13T19:30:50.110-0400: 182.055: [GC (GCLocker Initiated GC) [PSYoungGen: 129266K->44740K(182784K)] 257189K->172884K(707072K), 0.0221161 secs] [Times: user=0.21 sys=0.00, real=0.02 secs] 
2016-09-13T19:30:50.294-0400: 182.239: [GC (GCLocker Initiated GC) [PSYoungGen: 153796K->32990K(183296K)] 294288K->173689K(707584K), 0.0267605 secs] [Times: user=0.32 sys=0.00, real=0.03 secs] 
2016-09-13T19:30:50.482-0400: 182.427: [GC (GCLocker Initiated GC) [PSYoungGen: 142046K->44641K(184832K)] 282898K->185828K(709120K), 0.0189853 secs] [Times: user=0.23 sys=0.00, real=0.02 secs] 
2016-09-13T19:30:50.665-0400: 182.610: [GC (GCLocker Initiated GC) [PSYoungGen: 158817K->41911K(184832K)] 303264K->186430K(709120K), 0.0200353 secs] [Times: user=0.23 sys=0.00, real=0.02 secs] 
2016-09-13T19:30:50.863-0400: 182.808: [GC (GCLocker Initiated GC) [PSYoungGen: 156087K->49415K(188928K)] 300797K->194409K(713216K), 0.0100861 secs] [Times: user=0.10 sys=0.00, real=0.01 secs] 
2016-09-13T19:30:51.057-0400: 183.002: [GC (Allocation Failure) [PSYoungGen: 168711K->28125K(190464K)] 319986K->185717K(714752K), 0.0109757 secs] [Times: user=0.11 sys=0.00, real=0.01 secs] 
2016-09-13T19:30:51.259-0400: 183.204: [GC (GCLocker Initiated GC) [PSYoungGen: 147421K->43213K(190464K)] 305013K->200948K(714752K), 0.0122064 secs] [Times: user=0.14 sys=0.01, real=0.01 secs] 
2016-09-13T19:30:51.463-0400: 183.408: [GC (GCLocker Initiated GC) [PSYoungGen: 165069K->32840K(190464K)] 328956K->196925K(714752K), 0.0071998 secs] [Times: user=0.08 sys=0.00, real=0.01 secs] 
2016-09-13T19:30:51.686-0400: 183.631: [GC (GCLocker Initiated GC) [PSYoungGen: 154696K->49069K(189440K)] 320486K->215052K(713728K), 0.0081634 secs] [Times: user=0.05 sys=0.00, real=0.01 secs] 
2016-09-13T19:30:51.873-0400: 183.818: [GC (GCLocker Initiated GC) [PSYoungGen: 172461K->43302K(190976K)] 340206K->211103K(715264K), 0.0170827 secs] [Times: user=0.16 sys=0.00, real=0.02 secs] 
2016-09-13T19:30:52.093-0400: 184.038: [GC (GCLocker Initiated GC) [PSYoungGen: 166694K->9901K(190976K)] 352949K->202581K(715264K), 0.0041997 secs] [Times: user=0.03 sys=0.00, real=0.01 secs] 
2016-09-13T19:30:52.299-0400: 184.244: [GC (GCLocker Initiated GC) [PSYoungGen: 133805K->46186K(170496K)] 326529K->238999K(694784K), 0.0092230 secs] [Times: user=0.06 sys=0.00, real=0.01 secs] 
2016-09-13T19:30:52.502-0400: 184.447: [GC (GCLocker Initiated GC) [PSYoungGen: 170090K->41853K(194048K)] 369036K->241036K(718336K), 0.0077647 secs] [Times: user=0.07 sys=0.00, real=0.01 secs] 
2016-09-13T19:30:52.698-0400: 184.643: [GC (GCLocker Initiated GC) [PSYoungGen: 166269K->54030K(178688K)] 373079K->261034K(702976K), 0.0105960 secs] [Times: user=0.13 sys=0.00, real=0.01 secs] 
2016-09-13T19:30:52.899-0400: 184.844: [GC (GCLocker Initiated GC) [PSYoungGen: 178446K->66031K(176640K)] 387006K->277980K(700928K), 0.0103607 secs] [Times: user=0.10 sys=0.00, real=0.01 secs] 
2016-09-13T19:30:53.076-0400: 185.021: [GC (GCLocker Initiated GC) [PSYoungGen: 171503K->43249K(183808K)] 383658K->264596K(708096K), 0.0098676 secs] [Times: user=0.12 sys=0.00, real=0.00 secs] 
2016-09-13T19:30:53.262-0400: 185.207: [GC (GCLocker Initiated GC) [PSYoungGen: 148719K->46377K(176640K)] 370247K->268214K(700928K), 0.0101862 secs] [Times: user=0.15 sys=0.00, real=0.01 secs] 
2016-09-13T19:30:53.459-0400: 185.404: [GC (GCLocker Initiated GC) [PSYoungGen: 154921K->15784K(181760K)] 384380K->245519K(706048K), 0.0039804 secs] [Times: user=0.02 sys=0.00, real=0.00 secs] 
2016-09-13T19:30:53.627-0400: 185.572: [GC (GCLocker Initiated GC) [PSYoungGen: 124328K->29580K(187392K)] 354069K->271665K(711680K), 0.0081189 secs] [Times: user=0.09 sys=0.00, real=0.01 secs] 
2016-09-13T19:30:53.803-0400: 185.748: [GC (GCLocker Initiated GC) [PSYoungGen: 143756K->20722K(187392K)] 392022K->269158K(711680K), 0.0094678 secs] [Times: user=0.12 sys=0.00, real=0.01 secs] 
2016-09-13T19:30:54.011-0400: 185.956: [GC (GCLocker Initiated GC) [PSYoungGen: 134898K->46563K(188416K)] 383560K->300057K(712704K), 0.0114305 secs] [Times: user=0.17 sys=0.01, real=0.01 secs] 
2016-09-13T19:30:54.204-0400: 186.149: [GC (GCLocker Initiated GC) [PSYoungGen: 162275K->9827K(125952K)] 423474K->271185K(650240K), 0.0058306 secs] [Times: user=0.05 sys=0.00, real=0.01 secs] 
2016-09-13T19:30:54.389-0400: 186.334: [GC (GCLocker Initiated GC) [PSYoungGen: 125539K->23308K(189952K)] 387079K->284970K(714240K), 0.0406841 secs] [Times: user=0.35 sys=0.00, real=0.04 secs] 
2016-09-13T19:30:54.605-0400: 186.550: [GC (GCLocker Initiated GC) [PSYoungGen: 139020K->12800K(129024K)] 412840K->286806K(653312K), 0.0166871 secs] [Times: user=0.19 sys=0.00, real=0.02 secs] 
2016-09-13T19:30:54.774-0400: 186.719: [GC (GCLocker Initiated GC) [PSYoungGen: 128512K->32554K(190976K)] 402660K->308316K(715264K), 0.0115346 secs] [Times: user=0.10 sys=0.00, real=0.01 secs] 
2016-09-13T19:30:54.953-0400: 186.898: [GC (GCLocker Initiated GC) [PSYoungGen: 151850K->23436K(187392K)] 429153K->300894K(711680K), 0.0196166 secs] [Times: user=0.19 sys=0.00, real=0.02 secs] 
2016-09-13T19:30:55.181-0400: 187.126: [GC (GCLocker Initiated GC) [PSYoungGen: 142732K->9581K(188416K)] 421884K->288911K(712704K), 0.0129699 secs] [Times: user=0.11 sys=0.00, real=0.01 secs] 
2016-09-13T19:30:55.368-0400: 187.313: [GC (GCLocker Initiated GC) [PSYoungGen: 131949K->44826K(188416K)] 414415K->327447K(712704K), 0.0066466 secs] [Times: user=0.05 sys=0.00, real=0.00 secs] 
2016-09-13T19:30:55.586-0400: 187.531: [GC (GCLocker Initiated GC) [PSYoungGen: 167194K->43089K(192512K)] 450022K->326047K(716800K), 0.0294151 secs] [Times: user=0.32 sys=0.00, real=0.04 secs] 
2016-09-13T19:30:55.772-0400: 187.717: [GC (Allocation Failure) [PSYoungGen: 166993K->23558K(147968K)] 451568K->308294K(672256K), 0.0117145 secs] [Times: user=0.08 sys=0.01, real=0.01 secs] 
2016-09-13T19:30:55.968-0400: 187.913: [GC (GCLocker Initiated GC) [PSYoungGen: 147020K->24768K(194048K)] 433276K->315923K(718336K), 0.0175214 secs] [Times: user=0.18 sys=0.00, real=0.01 secs] 
2016-09-13T19:30:56.195-0400: 188.140: [GC (GCLocker Initiated GC) [PSYoungGen: 151744K->5454K(191488K)] 450579K->304412K(715776K), 0.0170248 secs] [Times: user=0.18 sys=0.00, real=0.02 secs] 
2016-09-13T19:30:56.411-0400: 188.356: [GC (GCLocker Initiated GC) [PSYoungGen: 132430K->17271K(196096K)] 439035K->324136K(720384K), 0.0301019 secs] [Times: user=0.29 sys=0.00, real=0.03 secs] 
2016-09-13T19:30:56.651-0400: 188.596: [GC (GCLocker Initiated GC) [PSYoungGen: 149367K->29447K(195584K)] 462331K->350144K(719872K), 0.0185046 secs] [Times: user=0.17 sys=0.00, real=0.02 secs] 
2016-09-13T19:30:56.855-0400: 188.800: [GC (GCLocker Initiated GC) [PSYoungGen: 161543K->17484K(196608K)] 494412K->355111K(720896K), 0.0095493 secs] [Times: user=0.09 sys=0.01, real=0.01 secs] 
2016-09-13T19:30:57.088-0400: 189.033: [GC (GCLocker Initiated GC) [PSYoungGen: 154188K->39988K(195584K)] 491934K->380878K(719872K), 0.0298251 secs] [Times: user=0.34 sys=0.00, real=0.03 secs] 
2016-09-13T19:30:57.305-0400: 189.250: [GC (GCLocker Initiated GC) [PSYoungGen: 176692K->50806K(190976K)] 525223K->399503K(715264K), 0.0104349 secs] [Times: user=0.09 sys=0.00, real=0.02 secs] 
2016-09-13T19:30:57.516-0400: 189.461: [GC (GCLocker Initiated GC) [PSYoungGen: 180854K->28023K(196096K)] 529632K->376967K(720384K), 0.0188396 secs] [Times: user=0.17 sys=0.00, real=0.01 secs] 
2016-09-13T19:30:57.709-0400: 189.654: [GC (GCLocker Initiated GC) [PSYoungGen: 158071K->49133K(192000K)] 507029K->398285K(716288K), 0.0173880 secs] [Times: user=0.15 sys=0.00, real=0.01 secs] 
2016-09-13T19:30:57.922-0400: 189.867: [GC (GCLocker Initiated GC) [PSYoungGen: 178157K->44762K(174080K)] 527444K->395647K(698368K), 0.0234179 secs] [Times: user=0.23 sys=0.01, real=0.02 secs] 
2016-09-13T19:30:58.151-0400: 190.096: [GC (GCLocker Initiated GC) [PSYoungGen: 173786K->21789K(195584K)] 530945K->383769K(719872K), 0.0162837 secs] [Times: user=0.15 sys=0.01, real=0.01 secs] 
2016-09-13T19:30:58.361-0400: 190.306: [GC (GCLocker Initiated GC) [PSYoungGen: 149277K->41570K(194048K)] 511419K->403933K(718336K), 0.0074369 secs] [Times: user=0.06 sys=0.00, real=0.01 secs] 
2016-09-13T19:30:58.553-0400: 190.498: [GC (Allocation Failure) [PSYoungGen: 169058K->46128K(192512K)] 531658K->408862K(716800K), 0.0130065 secs] [Times: user=0.14 sys=0.00, real=0.01 secs] 
2016-09-13T19:30:58.745-0400: 190.690: [GC (Allocation Failure) [PSYoungGen: 171482K->24768K(194048K)] 534216K->387668K(718336K), 0.0069047 secs] [Times: user=0.05 sys=0.00, real=0.01 secs] 
2016-09-13T19:30:58.945-0400: 190.890: [GC (GCLocker Initiated GC) [PSYoungGen: 150720K->29485K(188928K)] 513625K->392533K(713216K), 0.0141322 secs] [Times: user=0.16 sys=0.00, real=0.02 secs] 
2016-09-13T19:30:59.167-0400: 191.112: [GC (Allocation Failure) [PSYoungGen: 156973K->28147K(191488K)] 520309K->391563K(715776K), 0.0286893 secs] [Times: user=0.26 sys=0.01, real=0.04 secs] 
2016-09-13T19:30:59.395-0400: 191.340: [GC (GCLocker Initiated GC) [PSYoungGen: 155635K->27838K(194048K)] 519053K->391509K(718336K), 0.0112817 secs] [Times: user=0.11 sys=0.00, real=0.01 secs] 
2016-09-13T19:30:59.607-0400: 191.552: [GC (GCLocker Initiated GC) [PSYoungGen: 164542K->27902K(196096K)] 531260K->394667K(720384K), 0.0266338 secs] [Times: user=0.27 sys=0.00, real=0.03 secs] 
2016-09-13T19:30:59.843-0400: 191.788: [GC (Allocation Failure) [PSYoungGen: 164606K->11402K(201728K)] 537594K->384572K(726016K), 0.0045589 secs] [Times: user=0.02 sys=0.01, real=0.01 secs] 
2016-09-13T19:31:00.070-0400: 192.015: [GC (GCLocker Initiated GC) [PSYoungGen: 155786K->47892K(192512K)] 529019K->421487K(716800K), 0.0118260 secs] [Times: user=0.14 sys=0.00, real=0.01 secs] 
2016-09-13T19:31:00.307-0400: 192.252: [GC (Allocation Failure) [PSYoungGen: 192276K->44731K(196096K)] 567425K->419969K(720384K), 0.0215455 secs] [Times: user=0.24 sys=0.00, real=0.03 secs] 
2016-09-13T19:31:00.529-0400: 192.474: [GC (GCLocker Initiated GC) [PSYoungGen: 178875K->40292K(198144K)] 554119K->415781K(722432K), 0.0167426 secs] [Times: user=0.16 sys=0.00, real=0.01 secs] 
2016-09-13T19:31:00.734-0400: 192.679: [GC (GCLocker Initiated GC) [PSYoungGen: 174436K->38650K(195072K)] 550187K->414597K(719360K), 0.0293239 secs] [Times: user=0.30 sys=0.00, real=0.03 secs] 
2016-09-13T19:31:00.943-0400: 192.888: [GC (Allocation Failure) [PSYoungGen: 172794K->46185K(196608K)] 548934K->422651K(720896K), 0.0101303 secs] [Times: user=0.07 sys=0.00, real=0.01 secs] 
2016-09-13T19:31:01.152-0400: 193.097: [GC (GCLocker Initiated GC) [PSYoungGen: 180329K->30939K(196608K)] 556796K->407536K(720896K), 0.0286974 secs] [Times: user=0.30 sys=0.00, real=0.03 secs] 
2016-09-13T19:31:01.425-0400: 193.370: [GC (GCLocker Initiated GC) [PSYoungGen: 166107K->28087K(197120K)] 548910K->411052K(721408K), 0.0155748 secs] [Times: user=0.16 sys=0.01, real=0.02 secs] 
2016-09-13T19:31:01.649-0400: 193.594: [GC (GCLocker Initiated GC) [PSYoungGen: 163255K->41570K(198656K)] 546247K->424807K(722944K), 0.0207771 secs] [Times: user=0.22 sys=0.00, real=0.02 secs] 
2016-09-13T19:31:01.868-0400: 193.813: [GC (GCLocker Initiated GC) [PSYoungGen: 179810K->38788K(199168K)] 564610K->423896K(723456K), 0.0075118 secs] [Times: user=0.07 sys=0.00, real=0.01 secs] 
2016-09-13T19:31:02.068-0400: 194.013: [GC (GCLocker Initiated GC) [PSYoungGen: 177028K->49352K(197120K)] 562200K->445526K(721408K), 0.0097124 secs] [Times: user=0.11 sys=0.00, real=0.01 secs] 
2016-09-13T19:31:02.285-0400: 194.230: [GC (GCLocker Initiated GC) [PSYoungGen: 186568K->41602K(199680K)] 582862K->442607K(723968K), 0.0161174 secs] [Times: user=0.15 sys=0.00, real=0.02 secs] 
2016-09-13T19:31:02.506-0400: 194.451: [GC (GCLocker Initiated GC) [PSYoungGen: 178818K->24961K(198144K)] 587418K->438268K(722432K), 0.0144050 secs] [Times: user=0.16 sys=0.00, real=0.02 secs] 
2016-09-13T19:31:02.718-0400: 194.663: [GC (GCLocker Initiated GC) [PSYoungGen: 162689K->38501K(199168K)] 576352K->452385K(723456K), 0.0148407 secs] [Times: user=0.13 sys=0.00, real=0.01 secs] 
2016-09-13T19:31:02.958-0400: 194.903: [GC (Allocation Failure) [PSYoungGen: 176229K->44922K(199168K)] 590406K->459294K(723456K), 0.0228257 secs] [Times: user=0.30 sys=0.00, real=0.02 secs] 
2016-09-13T19:31:03.184-0400: 195.129: [GC (GCLocker Initiated GC) [PSYoungGen: 184165K->32512K(200192K)] 600055K->448587K(724480K), 0.0139719 secs] [Times: user=0.15 sys=0.00, real=0.02 secs] 
2016-09-13T19:31:03.412-0400: 195.357: [GC (GCLocker Initiated GC) [PSYoungGen: 171776K->14291K(199168K)] 593949K->436653K(723456K), 0.0034015 secs] [Times: user=0.03 sys=0.00, real=0.00 secs] 
2016-09-13T19:31:03.645-0400: 195.590: [GC (GCLocker Initiated GC) [PSYoungGen: 154067K->28120K(200704K)] 576443K->464390K(724992K), 0.0087457 secs] [Times: user=0.09 sys=0.00, real=0.01 secs] 
2016-09-13T19:31:03.857-0400: 195.802: [GC (Allocation Failure) [PSYoungGen: 167896K->47932K(197632K)] 604378K->484738K(721920K), 0.0102384 secs] [Times: user=0.14 sys=0.00, real=0.00 secs] 
2016-09-13T19:31:04.085-0400: 196.030: [GC (GCLocker Initiated GC) [PSYoungGen: 182973K->28057K(200192K)] 625853K->471171K(724480K), 0.0060904 secs] [Times: user=0.07 sys=0.00, real=0.01 secs] 
2016-09-13T19:31:04.297-0400: 196.242: [GC (GCLocker Initiated GC) [PSYoungGen: 166297K->60273K(187392K)] 609467K->512702K(711680K), 0.0112298 secs] [Times: user=0.13 sys=0.00, real=0.01 secs] 
2016-09-13T19:31:04.511-0400: 196.456: [GC (GCLocker Initiated GC) [PSYoungGen: 187249K->50774K(178176K)] 639714K->503425K(702464K), 0.0089488 secs] [Times: user=0.07 sys=0.00, real=0.01 secs] 
2016-09-13T19:31:04.718-0400: 196.663: [GC (GCLocker Initiated GC) [PSYoungGen: 177750K->53881K(187392K)] 630516K->519138K(711680K), 0.0102436 secs] [Times: user=0.14 sys=0.01, real=0.01 secs] 
2016-09-13T19:31:04.934-0400: 196.879: [GC (GCLocker Initiated GC) [PSYoungGen: 171641K->11382K(129536K)] 649098K->490555K(653824K), 0.0038670 secs] [Times: user=0.03 sys=0.00, real=0.01 secs] 
2016-09-13T19:31:05.120-0400: 197.065: [GC (GCLocker Initiated GC) [PSYoungGen: 129142K->46377K(188416K)] 608379K->527375K(712704K), 0.0167772 secs] [Times: user=0.18 sys=0.00, real=0.02 secs] 
2016-09-13T19:31:05.305-0400: 197.250: [GC (GCLocker Initiated GC) [PSYoungGen: 161065K->62828K(177664K)] 642089K->543975K(701952K), 0.0079233 secs] [Times: user=0.05 sys=0.01, real=0.01 secs] 
2016-09-13T19:31:05.499-0400: 197.444: [GC (GCLocker Initiated GC) [PSYoungGen: 177516K->41762K(186368K)] 668204K->544762K(710656K), 0.0309472 secs] [Times: user=0.42 sys=0.00, real=0.03 secs] 
2016-09-13T19:31:05.689-0400: 197.634: [GC (GCLocker Initiated GC) [PSYoungGen: 148770K->59923K(182784K)] 651879K->563249K(707072K), 0.0144044 secs] [Times: user=0.16 sys=0.00, real=0.01 secs] 
2016-09-13T19:31:05.872-0400: 197.817: [GC (Allocation Failure) [PSYoungGen: 166931K->47641K(184320K)] 670374K->551140K(708608K), 0.0080533 secs] [Times: user=0.06 sys=0.00, real=0.01 secs] 
2016-09-13T19:31:06.045-0400: 197.990: [GC (GCLocker Initiated GC) [PSYoungGen: 152158K->32677K(137728K)] 661732K->549940K(662016K), 0.0117371 secs] [Times: user=0.13 sys=0.00, real=0.02 secs] 
2016-09-13T19:31:06.058-0400: 198.003: [Full GC (Ergonomics) [PSYoungGen: 32677K->0K(137728K)] [ParOldGen: 517263K->40405K(524288K)] 549940K->40405K(662016K), [Metaspace: 44663K->44663K(1087488K)], 0.0514076 secs] [Times: user=0.38 sys=0.00, real=0.05 secs] 
2016-09-13T19:31:06.249-0400: 198.194: [GC (GCLocker Initiated GC) [PSYoungGen: 104960K->70650K(171520K)] 151554K->117245K(695808K), 0.0120953 secs] [Times: user=0.15 sys=0.00, real=0.01 secs] 
2016-09-13T19:31:06.397-0400: 198.342: [GC (GCLocker Initiated GC) [PSYoungGen: 165882K->31195K(178688K)] 212555K->114719K(702976K), 0.0083993 secs] [Times: user=0.10 sys=0.01, real=0.00 secs] 
2016-09-13T19:31:06.517-0400: 198.462: [GC (GCLocker Initiated GC) [PSYoungGen: 126427K->55522K(178176K)] 210047K->139481K(702464K), 0.0076020 secs] [Times: user=0.10 sys=0.00, real=0.00 secs] 
2016-09-13T19:31:06.678-0400: 198.623: [GC (GCLocker Initiated GC) [PSYoungGen: 152290K->46383K(143360K)] 236309K->141366K(667648K), 0.0077316 secs] [Times: user=0.11 sys=0.00, real=0.00 secs] 
2016-09-13T19:31:06.848-0400: 198.793: [GC (GCLocker Initiated GC) [PSYoungGen: 143151K->10039K(175104K)] 251926K->119082K(699392K), 0.0051454 secs] [Times: user=0.04 sys=0.00, real=0.00 secs] 
2016-09-13T19:31:07.019-0400: 198.964: [GC (GCLocker Initiated GC) [PSYoungGen: 105783K->46222K(177664K)] 214930K->155573K(701952K), 0.0169448 secs] [Times: user=0.13 sys=0.00, real=0.02 secs] 
2016-09-13T19:31:07.180-0400: 199.125: [GC (GCLocker Initiated GC) [PSYoungGen: 141966K->24928K(179200K)] 253121K->146874K(703488K), 0.0085803 secs] [Times: user=0.08 sys=0.00, real=0.01 secs] 
2016-09-13T19:31:07.321-0400: 199.266: [GC (GCLocker Initiated GC) [PSYoungGen: 125792K->49419K(179712K)] 247760K->171680K(704000K), 0.0098527 secs] [Times: user=0.09 sys=0.00, real=0.01 secs] 
2016-09-13T19:31:07.520-0400: 199.465: [GC (GCLocker Initiated GC) [PSYoungGen: 150283K->24891K(181248K)] 286331K->164308K(705536K), 0.0217107 secs] [Times: user=0.19 sys=0.00, real=0.02 secs] 
2016-09-13T19:31:07.692-0400: 199.637: [GC (GCLocker Initiated GC) [PSYoungGen: 129851K->47932K(182272K)] 269487K->187758K(706560K), 0.0087225 secs] [Times: user=0.07 sys=0.00, real=0.01 secs] 
2016-09-13T19:31:07.868-0400: 199.813: [GC (GCLocker Initiated GC) [PSYoungGen: 152892K->47742K(182272K)] 292782K->187849K(706560K), 0.0110987 secs] [Times: user=0.10 sys=0.00, real=0.01 secs] 
2016-09-13T19:31:08.043-0400: 199.988: [GC (GCLocker Initiated GC) [PSYoungGen: 155774K->31152K(183808K)] 296062K->180633K(708096K), 0.0107469 secs] [Times: user=0.12 sys=0.00, real=0.01 secs] 
2016-09-13T19:31:08.216-0400: 200.161: [GC (GCLocker Initiated GC) [PSYoungGen: 139184K->23441K(185344K)] 290214K->174609K(709632K), 0.0125209 secs] [Times: user=0.14 sys=0.00, real=0.01 secs] 
2016-09-13T19:31:08.404-0400: 200.349: [GC (GCLocker Initiated GC) [PSYoungGen: 135569K->19121K(185856K)] 292938K->181268K(710144K), 0.0126593 secs] [Times: user=0.17 sys=0.00, real=0.02 secs] 
2016-09-13T19:31:08.603-0400: 200.548: [GC (GCLocker Initiated GC) [PSYoungGen: 131249K->28215K(184320K)] 295004K->202972K(708608K), 0.0232172 secs] [Times: user=0.28 sys=0.01, real=0.02 secs] 
2016-09-13T19:31:08.781-0400: 200.726: [GC (GCLocker Initiated GC) [PSYoungGen: 143415K->70587K(185856K)] 318295K->247324K(710144K), 0.0127687 secs] [Times: user=0.14 sys=0.00, real=0.01 secs] 
2016-09-13T19:31:08.943-0400: 200.888: [GC (GCLocker Initiated GC) [PSYoungGen: 185787K->15901K(177664K)] 364233K->244766K(701952K), 0.0157523 secs] [Times: user=0.16 sys=0.01, real=0.02 secs] 
2016-09-13T19:31:09.124-0400: 201.069: [GC (GCLocker Initiated GC) [PSYoungGen: 117277K->27844K(181760K)] 346329K->257156K(706048K), 0.0213631 secs] [Times: user=0.22 sys=0.00, real=0.02 secs] 
2016-09-13T19:31:09.306-0400: 201.251: [GC (GCLocker Initiated GC) [PSYoungGen: 129220K->46409K(180736K)] 364844K->282212K(705024K), 0.0132618 secs] [Times: user=0.18 sys=0.00, real=0.02 secs] 
2016-09-13T19:31:09.480-0400: 201.425: [GC (Allocation Failure) [PSYoungGen: 150857K->46313K(181760K)] 386685K->282331K(706048K), 0.0131210 secs] [Times: user=0.13 sys=0.01, real=0.01 secs] 
2016-09-13T19:31:09.643-0400: 201.588: [GC (GCLocker Initiated GC) [PSYoungGen: 148765K->14515K(184320K)] 390858K->261440K(708608K), 0.0145533 secs] [Times: user=0.17 sys=0.00, real=0.02 secs] 
2016-09-13T19:31:09.811-0400: 201.756: [GC (GCLocker Initiated GC) [PSYoungGen: 122547K->38820K(146944K)] 369628K->286240K(671232K), 0.0121572 secs] [Times: user=0.13 sys=0.00, real=0.01 secs] 
2016-09-13T19:31:10.004-0400: 201.949: [GC (GCLocker Initiated GC) [PSYoungGen: 146852K->26505K(184832K)] 402031K->287977K(709120K), 0.0061549 secs] [Times: user=0.05 sys=0.00, real=0.01 secs] 
2016-09-13T19:31:10.189-0400: 202.134: [GC (Allocation Failure) [PSYoungGen: 137609K->26250K(182784K)] 399112K->287851K(707072K), 0.0326296 secs] [Times: user=0.33 sys=0.00, real=0.03 secs] 
2016-09-13T19:31:10.374-0400: 202.319: [GC (GCLocker Initiated GC) [PSYoungGen: 137354K->46350K(185344K)] 400474K->311151K(709632K), 0.0109988 secs] [Times: user=0.10 sys=0.01, real=0.01 secs] 
2016-09-13T19:31:10.545-0400: 202.490: [GC (GCLocker Initiated GC) [PSYoungGen: 162062K->28174K(186368K)] 434549K->300811K(710656K), 0.0245291 secs] [Times: user=0.27 sys=0.00, real=0.03 secs] 
2016-09-13T19:31:10.748-0400: 202.693: [GC (GCLocker Initiated GC) [PSYoungGen: 143886K->20599K(190464K)] 418140K->295083K(714752K), 0.0038096 secs] [Times: user=0.04 sys=0.00, real=0.00 secs] 
2016-09-13T19:31:10.952-0400: 202.897: [GC (Allocation Failure) [PSYoungGen: 142967K->23591K(189952K)] 423876K->315454K(714240K), 0.0129036 secs] [Times: user=0.15 sys=0.00, real=0.01 secs] 
2016-09-13T19:31:11.139-0400: 203.084: [GC (GCLocker Initiated GC) [PSYoungGen: 145959K->38437K(193024K)] 437828K->330550K(717312K), 0.0231946 secs] [Times: user=0.22 sys=0.00, real=0.02 secs] 
2016-09-13T19:31:11.374-0400: 203.319: [GC (Allocation Failure) [PSYoungGen: 165925K->9581K(192000K)] 465878K->309669K(716288K), 0.0053541 secs] [Times: user=0.05 sys=0.00, real=0.01 secs] 
2016-09-13T19:31:11.581-0400: 203.526: [GC (GCLocker Initiated GC) [PSYoungGen: 135905K->23308K(193536K)] 437512K->325029K(717824K), 0.0161098 secs] [Times: user=0.17 sys=0.00, real=0.02 secs] 
2016-09-13T19:31:11.798-0400: 203.743: [GC (GCLocker Initiated GC) [PSYoungGen: 155404K->29602K(195072K)] 457147K->331546K(719360K), 0.0069145 secs] [Times: user=0.05 sys=0.00, real=0.00 secs] 
2016-09-13T19:31:12.004-0400: 203.949: [GC (GCLocker Initiated GC) [PSYoungGen: 161698K->46468K(194560K)] 465337K->353288K(718848K), 0.0105435 secs] [Times: user=0.13 sys=0.00, real=0.01 secs] 
2016-09-13T19:31:12.228-0400: 204.173: [GC (GCLocker Initiated GC) [PSYoungGen: 181124K->28056K(197632K)] 488052K->335245K(721920K), 0.0127142 secs] [Times: user=0.10 sys=0.01, real=0.01 secs] 
2016-09-13T19:31:12.467-0400: 204.412: [GC (Allocation Failure) [PSYoungGen: 162712K->6634K(198144K)] 482395K->326497K(722432K), 0.0038470 secs] [Times: user=0.02 sys=0.00, real=0.01 secs] 
2016-09-13T19:31:12.668-0400: 204.613: [GC (GCLocker Initiated GC) [PSYoungGen: 144362K->43153K(181248K)] 464231K->363149K(705536K), 0.0291246 secs] [Times: user=0.29 sys=0.00, real=0.03 secs] 
2016-09-13T19:31:12.897-0400: 204.842: [GC (GCLocker Initiated GC) [PSYoungGen: 180881K->58246K(184832K)] 501143K->378701K(709120K), 0.0093523 secs] [Times: user=0.07 sys=0.01, real=0.00 secs] 
2016-09-13T19:31:13.091-0400: 205.036: [GC (GCLocker Initiated GC) [PSYoungGen: 179078K->44762K(165888K)] 507312K->373111K(690176K), 0.0069516 secs] [Times: user=0.05 sys=0.00, real=0.01 secs] 
2016-09-13T19:31:13.299-0400: 205.244: [GC (GCLocker Initiated GC) [PSYoungGen: 165594K->43180K(190976K)] 501632K->379418K(715264K), 0.0256957 secs] [Times: user=0.26 sys=0.00, real=0.02 secs] 
2016-09-13T19:31:13.502-0400: 205.447: [GC (GCLocker Initiated GC) [PSYoungGen: 162476K->49164K(168960K)] 498905K->385774K(693248K), 0.0105140 secs] [Times: user=0.09 sys=0.00, real=0.01 secs] 
2016-09-13T19:31:13.699-0400: 205.644: [GC (GCLocker Initiated GC) [PSYoungGen: 168460K->49228K(187392K)] 511188K->392165K(711680K), 0.0180408 secs] [Times: user=0.17 sys=0.01, real=0.02 secs] 
2016-09-13T19:31:13.890-0400: 205.835: [GC (GCLocker Initiated GC) [PSYoungGen: 163916K->44826K(188416K)] 513014K->401868K(712704K), 0.0251093 secs] [Times: user=0.27 sys=0.00, real=0.02 secs] 
2016-09-13T19:31:14.099-0400: 206.044: [GC (GCLocker Initiated GC) [PSYoungGen: 159514K->41757K(184320K)] 528747K->411255K(708608K), 0.0153424 secs] [Times: user=0.17 sys=0.00, real=0.01 secs] 
2016-09-13T19:31:14.292-0400: 206.237: [GC (GCLocker Initiated GC) [PSYoungGen: 157469K->56752K(186368K)] 527003K->431028K(710656K), 0.0159138 secs] [Times: user=0.14 sys=0.00, real=0.02 secs] 
2016-09-13T19:31:14.486-0400: 206.431: [GC (GCLocker Initiated GC) [PSYoungGen: 172464K->43149K(188928K)] 546964K->417924K(713216K), 0.0213267 secs] [Times: user=0.23 sys=0.00, real=0.02 secs] 
2016-09-13T19:31:14.679-0400: 206.624: [GC (GCLocker Initiated GC) [PSYoungGen: 159373K->44735K(187904K)] 534324K->419875K(712192K), 0.0064866 secs] [Times: user=0.05 sys=0.00, real=0.00 secs] 
2016-09-13T19:31:14.846-0400: 206.791: [GC (GCLocker Initiated GC) [PSYoungGen: 160959K->47768K(188416K)] 536277K->423288K(712704K), 0.0229786 secs] [Times: user=0.29 sys=0.00, real=0.03 secs] 
2016-09-13T19:31:15.057-0400: 207.002: [GC (GCLocker Initiated GC) [PSYoungGen: 166040K->46440K(187904K)] 541785K->422406K(712192K), 0.0119951 secs] [Times: user=0.15 sys=0.00, real=0.01 secs] 
2016-09-13T19:31:15.260-0400: 207.205: [GC (GCLocker Initiated GC) [PSYoungGen: 164712K->31067K(191488K)] 540790K->411989K(715776K), 0.0059399 secs] [Times: user=0.04 sys=0.00, real=0.00 secs] 
2016-09-13T19:31:15.449-0400: 207.394: [GC (GCLocker Initiated GC) [PSYoungGen: 153947K->26533K(190976K)] 541095K->422968K(715264K), 0.0183749 secs] [Times: user=0.18 sys=0.00, real=0.02 secs] 
2016-09-13T19:31:15.654-0400: 207.599: [GC (Allocation Failure) [PSYoungGen: 149413K->41534K(189440K)] 546009K->438237K(713728K), 0.0085075 secs] [Times: user=0.06 sys=0.00, real=0.01 secs] 
2016-09-13T19:31:15.855-0400: 207.800: [GC (GCLocker Initiated GC) [PSYoungGen: 167486K->43244K(191488K)] 564194K->440107K(715776K), 0.0221961 secs] [Times: user=0.24 sys=0.00, real=0.03 secs] 
2016-09-13T19:31:16.053-0400: 207.998: [GC (GCLocker Initiated GC) [PSYoungGen: 169196K->50897K(194560K)] 567600K->449503K(718848K), 0.0064006 secs] [Times: user=0.05 sys=0.00, real=0.01 secs] 
2016-09-13T19:31:16.269-0400: 208.214: [GC (Allocation Failure) [PSYoungGen: 180945K->38501K(168960K)] 579901K->442217K(693248K), 0.0283668 secs] [Times: user=0.26 sys=0.00, real=0.03 secs] 
2016-09-13T19:31:16.486-0400: 208.431: [GC (GCLocker Initiated GC) [PSYoungGen: 165048K->32502K(196608K)] 574840K->442404K(720896K), 0.0265653 secs] [Times: user=0.25 sys=0.00, real=0.03 secs] 
2016-09-13T19:31:16.687-0400: 208.632: [GC (GCLocker Initiated GC) [PSYoungGen: 165110K->46255K(195584K)] 575071K->456347K(719872K), 0.0071365 secs] [Times: user=0.06 sys=0.01, real=0.01 secs] 
2016-09-13T19:31:16.927-0400: 208.872: [GC (GCLocker Initiated GC) [PSYoungGen: 178863K->21758K(197120K)] 595049K->439656K(721408K), 0.0055962 secs] [Times: user=0.04 sys=0.00, real=0.01 secs] 
2016-09-13T19:31:17.142-0400: 209.087: [GC (GCLocker Initiated GC) [PSYoungGen: 155902K->37046K(171520K)] 580000K->461333K(695808K), 0.0065669 secs] [Times: user=0.04 sys=0.01, real=0.01 secs] 
2016-09-13T19:31:17.376-0400: 209.321: [GC (GCLocker Initiated GC) [PSYoungGen: 171190K->41624K(198144K)] 595709K->469306K(722432K), 0.0372211 secs] [Times: user=0.31 sys=0.00, real=0.03 secs] 
2016-09-13T19:31:17.597-0400: 209.542: [GC (GCLocker Initiated GC) [PSYoungGen: 177816K->34036K(197120K)] 605535K->462024K(721408K), 0.0195309 secs] [Times: user=0.22 sys=0.00, real=0.02 secs] 
2016-09-13T19:31:17.812-0400: 209.757: [GC (GCLocker Initiated GC) [PSYoungGen: 170228K->46440K(197632K)] 599776K->477618K(721920K), 0.0104818 secs] [Times: user=0.11 sys=0.00, real=0.01 secs] 
2016-09-13T19:31:18.071-0400: 210.016: [GC (GCLocker Initiated GC) [PSYoungGen: 184680K->5425K(143872K)] 628117K->449079K(668160K), 0.0222360 secs] [Times: user=0.25 sys=0.00, real=0.02 secs] 
2016-09-13T19:31:18.300-0400: 210.245: [GC (GCLocker Initiated GC) [PSYoungGen: 143665K->29543K(199680K)] 594947K->480988K(723968K), 0.0212942 secs] [Times: user=0.22 sys=0.00, real=0.02 secs] 
2016-09-13T19:31:18.491-0400: 210.436: [GC (GCLocker Initiated GC) [PSYoungGen: 165223K->58622K(194560K)] 616681K->517974K(718848K), 0.0079210 secs] [Times: user=0.08 sys=0.00, real=0.01 secs] 
2016-09-13T19:31:18.713-0400: 210.658: [GC (GCLocker Initiated GC) [PSYoungGen: 194302K->64665K(179200K)] 653836K->536648K(703488K), 0.0096933 secs] [Times: user=0.13 sys=0.01, real=0.01 secs] 
2016-09-13T19:31:18.899-0400: 210.844: [GC (GCLocker Initiated GC) [PSYoungGen: 176281K->44640K(186880K)] 656135K->527877K(711168K), 0.0179908 secs] [Times: user=0.17 sys=0.00, real=0.02 secs] 
2016-09-13T19:31:19.099-0400: 211.044: [GC (GCLocker Initiated GC) [PSYoungGen: 156256K->26410K(183808K)] 645735K->516060K(708096K), 0.0070541 secs] [Times: user=0.04 sys=0.00, real=0.00 secs] 
2016-09-13T19:31:19.298-0400: 211.243: [GC (GCLocker Initiated GC) [PSYoungGen: 140074K->24864K(186368K)] 643544K->531459K(710656K), 0.0185118 secs] [Times: user=0.18 sys=0.01, real=0.02 secs] 
2016-09-13T19:31:19.498-0400: 211.443: [Full GC (Ergonomics) [PSYoungGen: 138528K->0K(186368K)] [ParOldGen: 518891K->46686K(524288K)] 657419K->46686K(710656K), [Metaspace: 44671K->44671K(1087488K)], 0.0563670 secs] [Times: user=0.23 sys=0.01, real=0.05 secs] 
2016-09-13T19:31:19.699-0400: 211.644: [GC (GCLocker Initiated GC) [PSYoungGen: 113664K->69286K(174080K)] 160692K->122390K(698368K), 0.0163002 secs] [Times: user=0.17 sys=0.01, real=0.02 secs] 
2016-09-13T19:31:19.868-0400: 211.813: [GC (GCLocker Initiated GC) [PSYoungGen: 171686K->43281K(182272K)] 225014K->110878K(706560K), 0.0130995 secs] [Times: user=0.14 sys=0.00, real=0.02 secs] 
2016-09-13T19:31:20.053-0400: 211.998: [GC (GCLocker Initiated GC) [PSYoungGen: 145681K->40052K(173056K)] 219565K->114153K(697344K), 0.0164761 secs] [Times: user=0.15 sys=0.00, real=0.02 secs] 
2016-09-13T19:31:20.251-0400: 212.196: [GC (GCLocker Initiated GC) [PSYoungGen: 145524K->23560K(179200K)] 225960K->104059K(703488K), 0.0097682 secs] [Times: user=0.09 sys=0.01, real=0.01 secs] 
2016-09-13T19:31:20.420-0400: 212.365: [GC (GCLocker Initiated GC) [PSYoungGen: 129032K->46345K(186880K)] 209799K->127268K(711168K), 0.0091918 secs] [Times: user=0.11 sys=0.00, real=0.01 secs] 
2016-09-13T19:31:20.603-0400: 212.548: [GC (GCLocker Initiated GC) [PSYoungGen: 161545K->26537K(187904K)] 242507K->107700K(712192K), 0.0120363 secs] [Times: user=0.08 sys=0.01, real=0.02 secs] 
2016-09-13T19:31:20.766-0400: 212.711: [GC (GCLocker Initiated GC) [PSYoungGen: 141737K->32736K(185344K)] 222922K->121764K(709632K), 0.0130337 secs] [Times: user=0.17 sys=0.00, real=0.02 secs] 
2016-09-13T19:31:20.949-0400: 212.894: [GC (GCLocker Initiated GC) [PSYoungGen: 150496K->23345K(187392K)] 247288K->124891K(711680K), 0.0169654 secs] [Times: user=0.17 sys=0.00, real=0.01 secs] 
2016-09-13T19:31:21.165-0400: 213.110: [GC (Allocation Failure) [PSYoungGen: 141105K->23505K(190464K)] 242766K->125458K(714752K), 0.0367202 secs] [Times: user=0.42 sys=0.00, real=0.04 secs] 
2016-09-13T19:31:21.356-0400: 213.301: [GC (GCLocker Initiated GC) [PSYoungGen: 147409K->44763K(192000K)] 250881K->148386K(716288K), 0.0215361 secs] [Times: user=0.24 sys=0.00, real=0.02 secs] 
2016-09-13T19:31:21.570-0400: 213.515: [GC (GCLocker Initiated GC) [PSYoungGen: 168667K->23627K(192000K)] 281493K->136649K(716288K), 0.0063996 secs] [Times: user=0.05 sys=0.00, real=0.01 secs] 
2016-09-13T19:31:21.772-0400: 213.717: [GC (GCLocker Initiated GC) [PSYoungGen: 149579K->28046K(193024K)] 262740K->141472K(717312K), 0.0329659 secs] [Times: user=0.38 sys=0.00, real=0.03 secs] 
2016-09-13T19:31:21.965-0400: 213.910: [GC (GCLocker Initiated GC) [PSYoungGen: 153998K->28180K(192000K)] 269023K->143374K(716288K), 0.0161030 secs] [Times: user=0.22 sys=0.00, real=0.02 secs] 
2016-09-13T19:31:22.204-0400: 214.149: [GC (GCLocker Initiated GC) [PSYoungGen: 158228K->31147K(193024K)] 275007K->148116K(717312K), 0.0126080 secs] [Times: user=0.12 sys=0.00, real=0.02 secs] 
2016-09-13T19:31:22.419-0400: 214.364: [GC (Allocation Failure) [PSYoungGen: 161195K->59890K(187392K)] 278393K->187878K(711680K), 0.0184962 secs] [Times: user=0.16 sys=0.01, real=0.02 secs] 
2016-09-13T19:31:22.607-0400: 214.552: [GC (GCLocker Initiated GC) [PSYoungGen: 186866K->26474K(194560K)] 314857K->191070K(718848K), 0.0091019 secs] [Times: user=0.09 sys=0.00, real=0.02 secs] 
2016-09-13T19:31:22.811-0400: 214.756: [GC (GCLocker Initiated GC) [PSYoungGen: 153450K->32772K(187904K)] 319654K->199056K(712192K), 0.0113327 secs] [Times: user=0.12 sys=0.00, real=0.01 secs] 
2016-09-13T19:31:23.027-0400: 214.972: [GC (GCLocker Initiated GC) [PSYoungGen: 161284K->47518K(192000K)] 327752K->214181K(716288K), 0.0147990 secs] [Times: user=0.13 sys=0.00, real=0.02 secs] 
2016-09-13T19:31:23.250-0400: 215.195: [GC (GCLocker Initiated GC) [PSYoungGen: 176030K->5148K(192512K)] 356534K->185716K(716800K), 0.0297519 secs] [Times: user=0.34 sys=0.01, real=0.03 secs] 
2016-09-13T19:31:23.499-0400: 215.444: [GC (Allocation Failure) [PSYoungGen: 132124K->35523K(162816K)] 318789K->222327K(687104K), 0.0220693 secs] [Times: user=0.21 sys=0.01, real=0.02 secs] 
2016-09-13T19:31:23.698-0400: 215.643: [GC (Allocation Failure) [PSYoungGen: 160333K->40142K(194560K)] 347137K->228697K(718848K), 0.0320874 secs] [Times: user=0.34 sys=0.00, real=0.03 secs] 
2016-09-13T19:31:23.885-0400: 215.830: [GC (GCLocker Initiated GC) [PSYoungGen: 169678K->46440K(194048K)] 358238K->235293K(718336K), 0.0133246 secs] [Times: user=0.14 sys=0.00, real=0.02 secs] 
2016-09-13T19:31:24.083-0400: 216.028: [GC (GCLocker Initiated GC) [PSYoungGen: 175976K->41697K(196608K)] 368081K->234011K(720896K), 0.0133457 secs] [Times: user=0.16 sys=0.00, real=0.02 secs] 
2016-09-13T19:31:24.299-0400: 216.244: [GC (GCLocker Initiated GC) [PSYoungGen: 172257K->43058K(174080K)] 364812K->235731K(698368K), 0.0123811 secs] [Times: user=0.13 sys=0.00, real=0.01 secs] 
2016-09-13T19:31:24.497-0400: 216.442: [GC (GCLocker Initiated GC) [PSYoungGen: 173618K->46281K(194560K)] 372413K->248260K(718848K), 0.0092944 secs] [Times: user=0.08 sys=0.00, real=0.00 secs] 
2016-09-13T19:31:24.701-0400: 216.646: [GC (GCLocker Initiated GC) [PSYoungGen: 175817K->46249K(195584K)] 379339K->257641K(719872K), 0.0186564 secs] [Times: user=0.23 sys=0.00, real=0.02 secs] 
2016-09-13T19:31:24.921-0400: 216.866: [GC (GCLocker Initiated GC) [PSYoungGen: 175785K->49224K(193536K)] 387191K->260839K(717824K), 0.0104034 secs] [Times: user=0.08 sys=0.00, real=0.01 secs] 
2016-09-13T19:31:25.124-0400: 217.069: [GC (GCLocker Initiated GC) [PSYoungGen: 176200K->47746K(175104K)] 388108K->267355K(699392K), 0.0163636 secs] [Times: user=0.20 sys=0.01, real=0.02 secs] 
2016-09-13T19:31:25.344-0400: 217.289: [GC (GCLocker Initiated GC) [PSYoungGen: 174722K->23708K(194048K)] 400455K->249592K(718336K), 0.0057694 secs] [Times: user=0.06 sys=0.00, real=0.01 secs] 
2016-09-13T19:31:25.547-0400: 217.492: [GC (Allocation Failure) [PSYoungGen: 149660K->49293K(175616K)] 375823K->275925K(699904K), 0.0072684 secs] [Times: user=0.08 sys=0.00, real=0.01 secs] 
2016-09-13T19:31:25.741-0400: 217.686: [GC (Allocation Failure) [PSYoungGen: 174712K->46255K(193536K)] 401343K->277605K(717824K), 0.0070204 secs] [Times: user=0.08 sys=0.00, real=0.01 secs] 
2016-09-13T19:31:25.962-0400: 217.907: [GC (Allocation Failure) [PSYoungGen: 169337K->8248K(133120K)] 400687K->239784K(657408K), 0.0114557 secs] [Times: user=0.14 sys=0.00, real=0.01 secs] 
2016-09-13T19:31:26.163-0400: 218.108: [GC (GCLocker Initiated GC) [PSYoungGen: 132285K->9766K(187904K)] 365340K->243097K(712192K), 0.0100863 secs] [Times: user=0.11 sys=0.00, real=0.01 secs] 
2016-09-13T19:31:26.356-0400: 218.301: [GC (Allocation Failure) [PSYoungGen: 126502K->27865K(144896K)] 360011K->261587K(669184K), 0.0075166 secs] [Times: user=0.07 sys=0.00, real=0.00 secs] 
2016-09-13T19:31:26.532-0400: 218.477: [GC (GCLocker Initiated GC) [PSYoungGen: 138541K->27865K(190464K)] 378338K->267828K(714752K), 0.0135044 secs] [Times: user=0.16 sys=0.00, real=0.01 secs] 
2016-09-13T19:31:26.715-0400: 218.660: [GC (GCLocker Initiated GC) [PSYoungGen: 148697K->60142K(187904K)] 388685K->300335K(712192K), 0.0106994 secs] [Times: user=0.14 sys=0.01, real=0.01 secs] 
2016-09-13T19:31:26.925-0400: 218.870: [GC (GCLocker Initiated GC) [PSYoungGen: 180974K->23404K(189952K)] 427246K->280532K(714240K), 0.0159834 secs] [Times: user=0.17 sys=0.01, real=0.02 secs] 
2016-09-13T19:31:27.105-0400: 219.050: [GC (GCLocker Initiated GC) [PSYoungGen: 139628K->47678K(188416K)] 396944K->305246K(712704K), 0.0065717 secs] [Times: user=0.05 sys=0.00, real=0.01 secs] 
2016-09-13T19:31:27.299-0400: 219.244: [GC (GCLocker Initiated GC) [PSYoungGen: 163902K->63110K(176640K)] 421740K->325640K(700928K), 0.0098939 secs] [Times: user=0.11 sys=0.00, real=0.01 secs] 
2016-09-13T19:31:27.486-0400: 219.431: [GC (Allocation Failure) [PSYoungGen: 166534K->23681K(182784K)] 435416K->292848K(707072K), 0.0173810 secs] [Times: user=0.16 sys=0.00, real=0.02 secs] 
2016-09-13T19:31:27.660-0400: 219.605: [GC (GCLocker Initiated GC) [PSYoungGen: 127105K->46437K(179712K)] 396277K->315975K(704000K), 0.0063273 secs] [Times: user=0.08 sys=0.00, real=0.00 secs] 
2016-09-13T19:31:27.822-0400: 219.767: [GC (GCLocker Initiated GC) [PSYoungGen: 150885K->24892K(181760K)] 420585K->294714K(706048K), 0.0308708 secs] [Times: user=0.27 sys=0.00, real=0.03 secs] 
2016-09-13T19:31:28.015-0400: 219.960: [GC (GCLocker Initiated GC) [PSYoungGen: 129340K->52362K(182272K)] 400717K->323952K(706560K), 0.0098714 secs] [Times: user=0.08 sys=0.00, real=0.01 secs] 
2016-09-13T19:31:28.175-0400: 220.120: [GC (GCLocker Initiated GC) [PSYoungGen: 158858K->41757K(148480K)] 430455K->322693K(672768K), 0.0064860 secs] [Times: user=0.05 sys=0.00, real=0.01 secs] 
2016-09-13T19:31:28.325-0400: 220.270: [GC (GCLocker Initiated GC) [PSYoungGen: 148253K->44603K(185344K)] 431060K->327695K(709632K), 0.0322505 secs] [Times: user=0.38 sys=0.00, real=0.04 secs] 
2016-09-13T19:31:28.516-0400: 220.461: [GC (GCLocker Initiated GC) [PSYoungGen: 154683K->32649K(183808K)] 437897K->320589K(708096K), 0.0051732 secs] [Times: user=0.05 sys=0.00, real=0.00 secs] 
2016-09-13T19:31:28.699-0400: 220.643: [GC (GCLocker Initiated GC) [PSYoungGen: 142729K->26447K(185344K)] 442848K->326834K(709632K), 0.0352167 secs] [Times: user=0.35 sys=0.02, real=0.03 secs] 
2016-09-13T19:31:28.916-0400: 220.861: [GC (GCLocker Initiated GC) [PSYoungGen: 140623K->41825K(184320K)] 441021K->348564K(708608K), 0.0074501 secs] [Times: user=0.08 sys=0.00, real=0.00 secs] 
2016-09-13T19:31:29.099-0400: 221.044: [GC (GCLocker Initiated GC) [PSYoungGen: 156001K->49259K(188416K)] 465833K->359355K(712704K), 0.0156155 secs] [Times: user=0.15 sys=0.00, real=0.01 secs] 
2016-09-13T19:31:29.281-0400: 221.226: [GC (Allocation Failure) [PSYoungGen: 169067K->38496K(189440K)] 480819K->353405K(713728K), 0.0073818 secs] [Times: user=0.04 sys=0.00, real=0.01 secs] 
2016-09-13T19:31:29.486-0400: 221.431: [GC (GCLocker Initiated GC) [PSYoungGen: 158304K->40052K(190464K)] 473214K->355084K(714752K), 0.0155248 secs] [Times: user=0.14 sys=0.00, real=0.02 secs] 
2016-09-13T19:31:29.694-0400: 221.639: [GC (GCLocker Initiated GC) [PSYoungGen: 166004K->28142K(190464K)] 493344K->355644K(714752K), 0.0233405 secs] [Times: user=0.25 sys=0.00, real=0.03 secs] 
2016-09-13T19:31:29.903-0400: 221.848: [GC (GCLocker Initiated GC) [PSYoungGen: 154094K->60200K(186880K)] 483161K->389437K(711168K), 0.0104046 secs] [Times: user=0.06 sys=0.01, real=0.01 secs] 
2016-09-13T19:31:30.095-0400: 222.040: [GC (Allocation Failure) [PSYoungGen: 183080K->52234K(175616K)] 512596K->382065K(699904K), 0.0121991 secs] [Times: user=0.10 sys=0.00, real=0.01 secs] 
2016-09-13T19:31:30.310-0400: 222.255: [GC (GCLocker Initiated GC) [PSYoungGen: 169827K->27902K(192000K)] 505734K->363943K(716288K), 0.0149085 secs] [Times: user=0.13 sys=0.00, real=0.01 secs] 
2016-09-13T19:31:30.498-0400: 222.443: [GC (GCLocker Initiated GC) [PSYoungGen: 148734K->52224K(173568K)] 484846K->388522K(697856K), 0.0183262 secs] [Times: user=0.13 sys=0.00, real=0.02 secs] 
2016-09-13T19:31:30.700-0400: 222.645: [GC (GCLocker Initiated GC) [PSYoungGen: 173056K->28055K(190976K)] 523259K->385999K(715264K), 0.0096300 secs] [Times: user=0.09 sys=0.00, real=0.01 secs] 
2016-09-13T19:31:30.909-0400: 222.854: [GC (GCLocker Initiated GC) [PSYoungGen: 147351K->43211K(162816K)] 505437K->406133K(687104K), 0.0074712 secs] [Times: user=0.06 sys=0.00, real=0.01 secs] 
2016-09-13T19:31:31.099-0400: 223.044: [GC (GCLocker Initiated GC) [PSYoungGen: 162507K->46063K(188928K)] 531712K->416948K(713216K), 0.0164922 secs] [Times: user=0.15 sys=0.00, real=0.01 secs] 
2016-09-13T19:31:31.312-0400: 223.257: [GC (Allocation Failure) [PSYoungGen: 165871K->26447K(188416K)] 538378K->399100K(712704K), 0.0059083 secs] [Times: user=0.05 sys=0.00, real=0.01 secs] 
2016-09-13T19:31:31.504-0400: 223.449: [GC (GCLocker Initiated GC) [PSYoungGen: 142770K->47863K(192000K)] 521499K->426801K(716288K), 0.0104239 secs] [Times: user=0.09 sys=0.00, real=0.01 secs] 
2016-09-13T19:31:31.713-0400: 223.658: [GC (GCLocker Initiated GC) [PSYoungGen: 171767K->46532K(192512K)] 558414K->433388K(716800K), 0.0104124 secs] [Times: user=0.13 sys=0.00, real=0.01 secs] 
2016-09-13T19:31:31.908-0400: 223.853: [GC (GCLocker Initiated GC) [PSYoungGen: 170436K->67667K(179712K)] 558848K->462380K(704000K), 0.0135523 secs] [Times: user=0.16 sys=0.00, real=0.01 secs] 
2016-09-13T19:31:32.088-0400: 224.033: [GC (GCLocker Initiated GC) [PSYoungGen: 179283K->46351K(186880K)] 574172K->453650K(711168K), 0.0205380 secs] [Times: user=0.28 sys=0.00, real=0.02 secs] 
2016-09-13T19:31:32.301-0400: 224.246: [GC (GCLocker Initiated GC) [PSYoungGen: 157967K->29416K(183808K)] 572911K->444488K(708096K), 0.0101360 secs] [Times: user=0.08 sys=0.00, real=0.01 secs] 
2016-09-13T19:31:32.476-0400: 224.421: [GC (GCLocker Initiated GC) [PSYoungGen: 143080K->54066K(186368K)] 558174K->472344K(710656K), 0.0381752 secs] [Times: user=0.46 sys=0.00, real=0.03 secs] 
2016-09-13T19:31:32.698-0400: 224.643: [GC (GCLocker Initiated GC) [PSYoungGen: 167730K->46377K(187392K)] 592353K->481869K(711680K), 0.0255597 secs] [Times: user=0.29 sys=0.00, real=0.02 secs] 
2016-09-13T19:31:32.876-0400: 224.821: [GC (GCLocker Initiated GC) [PSYoungGen: 162089K->47827K(187904K)] 597846K->483785K(712192K), 0.0078616 secs] [Times: user=0.06 sys=0.00, real=0.00 secs] 
2016-09-13T19:31:33.061-0400: 225.006: [GC (GCLocker Initiated GC) [PSYoungGen: 163539K->14382K(186368K)] 611751K->462912K(710656K), 0.0162389 secs] [Times: user=0.16 sys=0.00, real=0.02 secs] 
2016-09-13T19:31:33.263-0400: 225.208: [GC (Allocation Failure) [PSYoungGen: 130094K->23473K(188928K)] 580179K->484365K(713216K), 0.0111756 secs] [Times: user=0.11 sys=0.00, real=0.01 secs] 
2016-09-13T19:31:33.457-0400: 225.402: [GC (GCLocker Initiated GC) [PSYoungGen: 139185K->59987K(180736K)] 600080K->530232K(705024K), 0.0307125 secs] [Times: user=0.36 sys=0.00, real=0.03 secs] 
2016-09-13T19:31:33.639-0400: 225.584: [GC (GCLocker Initiated GC) [PSYoungGen: 167507K->43121K(184832K)] 637855K->513596K(709120K), 0.0081814 secs] [Times: user=0.06 sys=0.00, real=0.00 secs] 
2016-09-13T19:31:33.806-0400: 225.751: [GC (GCLocker Initiated GC) [PSYoungGen: 150641K->23567K(183808K)] 628807K->501954K(708096K), 0.0218101 secs] [Times: user=0.26 sys=0.01, real=0.03 secs] 
2016-09-13T19:31:33.991-0400: 225.936: [GC (GCLocker Initiated GC) [PSYoungGen: 134159K->27902K(184832K)] 612655K->506549K(709120K), 0.0180935 secs] [Times: user=0.19 sys=0.00, real=0.02 secs] 
2016-09-13T19:31:34.150-0400: 226.095: [GC (Allocation Failure) [PSYoungGen: 138494K->5147K(184320K)] 624832K->491673K(708608K), 0.0087272 secs] [Times: user=0.08 sys=0.00, real=0.01 secs] 
2016-09-13T19:31:34.361-0400: 226.306: [GC (GCLocker Initiated GC) [PSYoungGen: 116763K->40110K(186880K)] 603295K->526871K(711168K), 0.0085929 secs] [Times: user=0.07 sys=0.00, real=0.01 secs] 
2016-09-13T19:31:34.522-0400: 226.467: [GC (GCLocker Initiated GC) [PSYoungGen: 151726K->64416K(175104K)] 638572K->551455K(699392K), 0.0156518 secs] [Times: user=0.14 sys=0.01, real=0.02 secs] 
2016-09-13T19:31:34.699-0400: 226.644: [GC (GCLocker Initiated GC) [PSYoungGen: 166816K->31130K(182272K)] 667727K->532242K(706560K), 0.0060067 secs] [Times: user=0.05 sys=0.00, real=0.00 secs] 
2016-09-13T19:31:34.872-0400: 226.817: [GC (GCLocker Initiated GC) [PSYoungGen: 133530K->49227K(180224K)] 634866K->550807K(704512K), 0.0290868 secs] [Times: user=0.29 sys=0.01, real=0.03 secs] 
2016-09-13T19:31:35.088-0400: 227.033: [GC (GCLocker Initiated GC) [PSYoungGen: 154699K->69160K(175104K)] 657045K->571696K(699392K), 0.0088236 secs] [Times: user=0.12 sys=0.00, real=0.01 secs] 
2016-09-13T19:31:35.260-0400: 227.205: [GC (Allocation Failure) [PSYoungGen: 174632K->46254K(180224K)] 677240K->548992K(704512K), 0.0288513 secs] [Times: user=0.26 sys=0.00, real=0.03 secs] 
2016-09-13T19:31:35.290-0400: 227.235: [GC (GCLocker Initiated GC) --[PSYoungGen: 46397K->46397K(180224K)] 549135K->569448K(704512K), 0.0053915 secs] [Times: user=0.08 sys=0.00, real=0.00 secs] 
2016-09-13T19:31:35.295-0400: 227.240: [Full GC (Ergonomics) [PSYoungGen: 46397K->0K(180224K)] [ParOldGen: 523050K->39624K(524288K)] 569448K->39624K(704512K), [Metaspace: 44675K->44675K(1087488K)], 0.0608355 secs] [Times: user=0.46 sys=0.02, real=0.07 secs] 
2016-09-13T19:31:35.477-0400: 227.422: [GC (GCLocker Initiated GC) [PSYoungGen: 95744K->78218K(174080K)] 135371K->142145K(698368K), 0.0129025 secs] [Times: user=0.18 sys=0.00, real=0.01 secs] 
2016-09-13T19:31:35.600-0400: 227.545: [GC (GCLocker Initiated GC) [PSYoungGen: 173962K->49537K(175104K)] 237965K->142670K(699392K), 0.0110568 secs] [Times: user=0.14 sys=0.00, real=0.01 secs] 
2016-09-13T19:31:35.703-0400: 227.648: [GC (GCLocker Initiated GC) [PSYoungGen: 137601K->64545K(175104K)] 230756K->170208K(699392K), 0.0082475 secs] [Times: user=0.10 sys=0.01, real=0.01 secs] 
2016-09-13T19:31:35.832-0400: 227.777: [GC (GCLocker Initiated GC) [PSYoungGen: 152609K->31163K(175104K)] 258491K->167615K(699392K), 0.0076807 secs] [Times: user=0.11 sys=0.00, real=0.01 secs] 
2016-09-13T19:31:35.949-0400: 227.894: [GC (GCLocker Initiated GC) [PSYoungGen: 119227K->41789K(130048K)] 255883K->184703K(654336K), 0.0080498 secs] [Times: user=0.08 sys=0.00, real=0.01 secs] 
2016-09-13T19:31:36.101-0400: 228.046: [GC (GCLocker Initiated GC) [PSYoungGen: 129853K->37079K(176640K)] 285497K->192933K(700928K), 0.0217840 secs] [Times: user=0.25 sys=0.00, real=0.02 secs] 
2016-09-13T19:31:36.271-0400: 228.216: [GC (Allocation Failure) [PSYoungGen: 127703K->43212K(134144K)] 283576K->205349K(658432K), 0.0246615 secs] [Times: user=0.32 sys=0.00, real=0.02 secs] 
2016-09-13T19:31:36.445-0400: 228.390: [GC (GCLocker Initiated GC) [PSYoungGen: 130885K->28115K(173056K)] 299097K->205807K(697344K), 0.0060291 secs] [Times: user=0.05 sys=0.00, real=0.01 secs] 
2016-09-13T19:31:36.564-0400: 228.509: [GC (GCLocker Initiated GC) [PSYoungGen: 121299K->32581K(172544K)] 299097K->210670K(696832K), 0.0219745 secs] [Times: user=0.24 sys=0.01, real=0.02 secs] 
2016-09-13T19:31:36.706-0400: 228.651: [GC (GCLocker Initiated GC) [PSYoungGen: 125765K->27965K(181248K)] 310036K->221656K(705536K), 0.0061266 secs] [Times: user=0.05 sys=0.00, real=0.01 secs] 
2016-09-13T19:31:36.885-0400: 228.830: [GC (Allocation Failure) [PSYoungGen: 132413K->49223K(180736K)] 326146K->246195K(705024K), 0.0255995 secs] [Times: user=0.26 sys=0.01, real=0.03 secs] 
2016-09-13T19:31:37.094-0400: 229.039: [GC (GCLocker Initiated GC) [PSYoungGen: 153671K->64512K(176640K)] 350651K->270963K(700928K), 0.0101781 secs] [Times: user=0.11 sys=0.00, real=0.01 secs] 
2016-09-13T19:31:37.243-0400: 229.188: [GC (GCLocker Initiated GC) [PSYoungGen: 164864K->34105K(181248K)] 371438K->240838K(705536K), 0.0168004 secs] [Times: user=0.17 sys=0.00, real=0.02 secs] 
2016-09-13T19:31:37.399-0400: 229.344: [GC (GCLocker Initiated GC) [PSYoungGen: 134457K->29542K(177152K)] 341229K->236519K(701440K), 0.0063630 secs] [Times: user=0.05 sys=0.01, real=0.00 secs] 
2016-09-13T19:31:37.555-0400: 229.500: [GC (GCLocker Initiated GC) [PSYoungGen: 131942K->27997K(180224K)] 345088K->245947K(704512K), 0.0058381 secs] [Times: user=0.06 sys=0.00, real=0.01 secs] 
2016-09-13T19:31:37.717-0400: 229.662: [GC (GCLocker Initiated GC) [PSYoungGen: 130397K->37302K(176640K)] 348442K->255647K(700928K), 0.0078677 secs] [Times: user=0.10 sys=0.00, real=0.00 secs] 
2016-09-13T19:31:37.896-0400: 229.841: [GC (Allocation Failure) [PSYoungGen: 145334K->60019K(181248K)] 364034K->280460K(705536K), 0.0106940 secs] [Times: user=0.14 sys=0.01, real=0.00 secs] 
2016-09-13T19:31:38.083-0400: 230.028: [GC (GCLocker Initiated GC) [PSYoungGen: 168051K->46414K(186368K)] 388494K->267082K(710656K), 0.0103867 secs] [Times: user=0.11 sys=0.01, real=0.01 secs] 
2016-09-13T19:31:38.264-0400: 230.209: [GC (GCLocker Initiated GC) [PSYoungGen: 155470K->29480K(138752K)] 382238K->256458K(663040K), 0.0082095 secs] [Times: user=0.09 sys=0.00, real=0.01 secs] 
2016-09-13T19:31:38.452-0400: 230.397: [GC (GCLocker Initiated GC) [PSYoungGen: 138536K->12618K(182272K)] 371617K->250303K(706560K), 0.0056070 secs] [Times: user=0.02 sys=0.00, real=0.01 secs] 
2016-09-13T19:31:38.633-0400: 230.578: [GC (Allocation Failure) [PSYoungGen: 120138K->28178K(183808K)] 357962K->278328K(708096K), 0.0103628 secs] [Times: user=0.13 sys=0.00, real=0.01 secs] 
2016-09-13T19:31:38.802-0400: 230.747: [GC (GCLocker Initiated GC) [PSYoungGen: 130398K->28180K(181248K)] 386623K->284614K(705536K), 0.0065615 secs] [Times: user=0.09 sys=0.00, real=0.01 secs] 
2016-09-13T19:31:38.976-0400: 230.921: [GC (GCLocker Initiated GC) [PSYoungGen: 139796K->28278K(183296K)] 397795K->286464K(707584K), 0.0136220 secs] [Times: user=0.15 sys=0.00, real=0.01 secs] 
2016-09-13T19:31:39.162-0400: 231.107: [GC (GCLocker Initiated GC) [PSYoungGen: 139894K->9959K(189440K)] 404245K->274630K(713728K), 0.0029978 secs] [Times: user=0.04 sys=0.00, real=0.00 secs] 
2016-09-13T19:31:39.397-0400: 231.342: [GC (Allocation Failure) [PSYoungGen: 129767K->5424K(190464K)] 400594K->276567K(714752K), 0.0078298 secs] [Times: user=0.09 sys=0.00, real=0.00 secs] 
2016-09-13T19:31:39.556-0400: 231.501: [GC (GCLocker Initiated GC) [PSYoungGen: 124318K->49132K(184320K)] 396979K->322104K(708608K), 0.0074602 secs] [Times: user=0.05 sys=0.00, real=0.01 secs] 
2016-09-13T19:31:39.737-0400: 231.682: [GC (Allocation Failure) [PSYoungGen: 161772K->23345K(187392K)] 441107K->302889K(711680K), 0.0111569 secs] [Times: user=0.09 sys=0.00, real=0.01 secs] 
2016-09-13T19:31:39.930-0400: 231.875: [GC (GCLocker Initiated GC) [PSYoungGen: 135985K->23277K(182272K)] 421604K->309066K(706560K), 0.0178622 secs] [Times: user=0.18 sys=0.00, real=0.02 secs] 
2016-09-13T19:31:40.110-0400: 232.055: [GC (GCLocker Initiated GC) [PSYoungGen: 138989K->52490K(184832K)] 424803K->338517K(709120K), 0.0076883 secs] [Times: user=0.10 sys=0.00, real=0.01 secs] 
2016-09-13T19:31:40.300-0400: 232.245: [GC (GCLocker Initiated GC) [PSYoungGen: 168202K->47901K(184832K)] 454346K->346386K(709120K), 0.0072350 secs] [Times: user=0.09 sys=0.00, real=0.00 secs] 
2016-09-13T19:31:40.499-0400: 232.444: [GC (GCLocker Initiated GC) [PSYoungGen: 159517K->44767K(186880K)] 459712K->345101K(711168K), 0.0141779 secs] [Times: user=0.15 sys=0.00, real=0.01 secs] 
2016-09-13T19:31:40.697-0400: 232.642: [GC (Allocation Failure) [PSYoungGen: 156383K->23249K(183296K)] 469205K->336273K(707584K), 0.0190506 secs] [Times: user=0.15 sys=0.00, real=0.02 secs] 
2016-09-13T19:31:40.885-0400: 232.830: [GC (GCLocker Initiated GC) [PSYoungGen: 134863K->24864K(185344K)] 449405K->339517K(709632K), 0.0114584 secs] [Times: user=0.08 sys=0.00, real=0.02 secs] 
2016-09-13T19:31:41.071-0400: 233.016: [GC (GCLocker Initiated GC) [PSYoungGen: 136992K->43212K(188416K)] 451880K->358246K(712704K), 0.0437830 secs] [Times: user=0.43 sys=0.01, real=0.04 secs] 
2016-09-13T19:31:41.256-0400: 233.201: [GC (GCLocker Initiated GC) [PSYoungGen: 160972K->49323K(188416K)] 477798K->366359K(712704K), 0.0096379 secs] [Times: user=0.09 sys=0.00, real=0.00 secs] 
2016-09-13T19:31:41.447-0400: 233.392: [GC (GCLocker Initiated GC) [PSYoungGen: 167083K->28084K(188416K)] 490294K->351579K(712704K), 0.0167513 secs] [Times: user=0.22 sys=0.00, real=0.02 secs] 
2016-09-13T19:31:41.664-0400: 233.609: [GC (GCLocker Initiated GC) [PSYoungGen: 146868K->29676K(188928K)] 470480K->353526K(713216K), 0.0176592 secs] [Times: user=0.19 sys=0.00, real=0.02 secs] 
2016-09-13T19:31:41.856-0400: 233.801: [GC (GCLocker Initiated GC) [PSYoungGen: 148460K->55335K(185344K)] 473968K->380981K(709632K), 0.0158399 secs] [Times: user=0.13 sys=0.00, real=0.01 secs] 
2016-09-13T19:31:42.040-0400: 233.985: [GC (Allocation Failure) [PSYoungGen: 173095K->29538K(189952K)] 498902K->355459K(714240K), 0.0065809 secs] [Times: user=0.03 sys=0.01, real=0.00 secs] 
2016-09-13T19:31:42.226-0400: 234.171: [GC (GCLocker Initiated GC) [PSYoungGen: 146184K->25017K(184832K)] 473624K->352646K(709120K), 0.0148399 secs] [Times: user=0.14 sys=0.00, real=0.02 secs] 
2016-09-13T19:31:42.442-0400: 234.387: [GC (GCLocker Initiated GC) [PSYoungGen: 145337K->44913K(188416K)] 473203K->373067K(712704K), 0.0110877 secs] [Times: user=0.14 sys=0.00, real=0.01 secs] 
2016-09-13T19:31:42.635-0400: 234.580: [GC (GCLocker Initiated GC) [PSYoungGen: 165233K->44698K(193536K)] 493410K->372990K(717824K), 0.0236428 secs] [Times: user=0.23 sys=0.00, real=0.03 secs] 
2016-09-13T19:31:42.847-0400: 234.792: [GC (GCLocker Initiated GC) [PSYoungGen: 169626K->43270K(168448K)] 499472K->376312K(692736K), 0.0106304 secs] [Times: user=0.07 sys=0.01, real=0.02 secs] 
2016-09-13T19:31:43.025-0400: 234.970: [GC (Allocation Failure) [PSYoungGen: 168198K->29735K(195072K)] 502968K->367709K(719360K), 0.0092182 secs] [Times: user=0.10 sys=0.00, real=0.01 secs] 
2016-09-13T19:31:43.223-0400: 235.168: [GC (Allocation Failure) [PSYoungGen: 156711K->28151K(155136K)] 494685K->366413K(679424K), 0.0065739 secs] [Times: user=0.07 sys=0.00, real=0.01 secs] 
2016-09-13T19:31:43.427-0400: 235.372: [GC (GCLocker Initiated GC) [PSYoungGen: 155127K->32576K(194560K)] 493392K->371071K(718848K), 0.0080183 secs] [Times: user=0.08 sys=0.00, real=0.01 secs] 
2016-09-13T19:31:43.643-0400: 235.588: [GC (Allocation Failure) [PSYoungGen: 162624K->9736K(192512K)] 507219K->354445K(716800K), 0.0140043 secs] [Times: user=0.15 sys=0.00, real=0.02 secs] 
2016-09-13T19:31:43.853-0400: 235.798: [GC (GCLocker Initiated GC) [PSYoungGen: 139784K->49356K(192000K)] 484496K->406373K(716288K), 0.0139057 secs] [Times: user=0.14 sys=0.01, real=0.01 secs] 
2016-09-13T19:31:44.052-0400: 235.997: [GC (GCLocker Initiated GC) [PSYoungGen: 177356K->49441K(177664K)] 534585K->406809K(701952K), 0.0077961 secs] [Times: user=0.08 sys=0.00, real=0.01 secs] 
2016-09-13T19:31:44.254-0400: 236.199: [GC (GCLocker Initiated GC) [PSYoungGen: 177441K->47933K(189952K)] 534987K->411886K(714240K), 0.0149175 secs] [Times: user=0.21 sys=0.00, real=0.02 secs] 
2016-09-13T19:31:44.457-0400: 236.402: [GC (GCLocker Initiated GC) [PSYoungGen: 168765K->46280K(191488K)] 532972K->410684K(715776K), 0.0079304 secs] [Times: user=0.06 sys=0.00, real=0.00 secs] 
2016-09-13T19:31:44.652-0400: 236.597: [GC (GCLocker Initiated GC) [PSYoungGen: 167112K->28030K(188416K)] 537767K->398867K(712704K), 0.0131108 secs] [Times: user=0.17 sys=0.00, real=0.01 secs] 
2016-09-13T19:31:44.874-0400: 236.819: [GC (GCLocker Initiated GC) [PSYoungGen: 148862K->56922K(178176K)] 521339K->429530K(702464K), 0.0495202 secs] [Times: user=0.47 sys=0.00, real=0.05 secs] 
2016-09-13T19:31:45.075-0400: 237.020: [GC (GCLocker Initiated GC) [PSYoungGen: 177754K->50774K(186880K)] 550363K->423517K(711168K), 0.0097359 secs] [Times: user=0.06 sys=0.01, real=0.01 secs] 
2016-09-13T19:31:45.255-0400: 237.200: [GC (GCLocker Initiated GC) [PSYoungGen: 164438K->64512K(178688K)] 538780K->439138K(702976K), 0.0141492 secs] [Times: user=0.14 sys=0.00, real=0.02 secs] 
2016-09-13T19:31:45.450-0400: 237.395: [GC (GCLocker Initiated GC) [PSYoungGen: 178176K->9911K(179200K)] 564955K->396813K(703488K), 0.0034143 secs] [Times: user=0.02 sys=0.00, real=0.00 secs] 
2016-09-13T19:31:45.605-0400: 237.550: [GC (GCLocker Initiated GC) [PSYoungGen: 109239K->43057K(142848K)] 497833K->431895K(667136K), 0.0077719 secs] [Times: user=0.06 sys=0.00, real=0.01 secs] 
2016-09-13T19:31:45.773-0400: 237.718: [GC (GCLocker Initiated GC) [PSYoungGen: 142385K->27997K(181760K)] 532909K->418651K(706048K), 0.0059707 secs] [Times: user=0.04 sys=0.01, real=0.01 secs] 
2016-09-13T19:31:45.914-0400: 237.859: [GC (GCLocker Initiated GC) [PSYoungGen: 130909K->46255K(179712K)] 521697K->437324K(704000K), 0.0110016 secs] [Times: user=0.11 sys=0.00, real=0.01 secs] 
2016-09-13T19:31:46.101-0400: 238.046: [GC (GCLocker Initiated GC) [PSYoungGen: 149167K->49255K(182272K)] 541786K->442047K(706560K), 0.0220183 secs] [Times: user=0.23 sys=0.00, real=0.02 secs] 
2016-09-13T19:31:46.300-0400: 238.245: [GC (GCLocker Initiated GC) [PSYoungGen: 155751K->32522K(182272K)] 554654K->439260K(706560K), 0.0173526 secs] [Times: user=0.19 sys=0.00, real=0.02 secs] 
2016-09-13T19:31:46.458-0400: 238.403: [GC (Allocation Failure) [PSYoungGen: 139018K->50837K(183296K)] 545932K->459480K(707584K), 0.0100239 secs] [Times: user=0.08 sys=0.01, real=0.01 secs] 
2016-09-13T19:31:46.643-0400: 238.588: [GC (GCLocker Initiated GC) [PSYoungGen: 159194K->8153K(184320K)] 573912K->432315K(708608K), 0.0043349 secs] [Times: user=0.02 sys=0.01, real=0.01 secs] 
2016-09-13T19:31:46.824-0400: 238.769: [GC (GCLocker Initiated GC) [PSYoungGen: 117721K->23436K(185856K)] 545096K->450949K(710144K), 0.0174571 secs] [Times: user=0.20 sys=0.00, real=0.02 secs] 
2016-09-13T19:31:47.005-0400: 238.950: [GC (GCLocker Initiated GC) [PSYoungGen: 133516K->29453K(139776K)] 562567K->458780K(664064K), 0.0061960 secs] [Times: user=0.05 sys=0.00, real=0.01 secs] 
2016-09-13T19:31:47.189-0400: 239.134: [GC (GCLocker Initiated GC) [PSYoungGen: 139533K->23408K(184832K)] 571925K->466601K(709120K), 0.0255510 secs] [Times: user=0.27 sys=0.00, real=0.02 secs] 
2016-09-13T19:31:47.363-0400: 239.308: [GC (GCLocker Initiated GC) [PSYoungGen: 136048K->24924K(183296K)] 580975K->477725K(707584K), 0.0076535 secs] [Times: user=0.06 sys=0.00, real=0.01 secs] 
2016-09-13T19:31:47.543-0400: 239.488: [GC (GCLocker Initiated GC) [PSYoungGen: 137564K->27928K(188928K)] 596508K->487061K(713216K), 0.0289509 secs] [Times: user=0.31 sys=0.00, real=0.03 secs] 
2016-09-13T19:31:47.762-0400: 239.707: [GC (Allocation Failure) [PSYoungGen: 149784K->40132K(187904K)] 609273K->499724K(712192K), 0.0127893 secs] [Times: user=0.11 sys=0.00, real=0.01 secs] 
2016-09-13T19:31:47.970-0400: 239.915: [GC (GCLocker Initiated GC) [PSYoungGen: 161743K->43116K(194048K)] 622853K->504341K(718336K), 0.0288941 secs] [Times: user=0.31 sys=0.00, real=0.03 secs] 
2016-09-13T19:31:48.196-0400: 240.141: [GC (Allocation Failure) [PSYoungGen: 171628K->5084K(194560K)] 639042K->472554K(718848K), 0.0042755 secs] [Times: user=0.04 sys=0.00, real=0.00 secs] 
2016-09-13T19:31:48.430-0400: 240.375: [GC (GCLocker Initiated GC) [PSYoungGen: 132516K->47678K(189440K)] 601505K->516888K(713728K), 0.0226863 secs] [Times: user=0.23 sys=0.01, real=0.02 secs] 
2016-09-13T19:31:48.625-0400: 240.570: [GC (GCLocker Initiated GC) [PSYoungGen: 169534K->67353K(189440K)] 641817K->539723K(713728K), 0.0121636 secs] [Times: user=0.09 sys=0.00, real=0.02 secs] 
2016-09-13T19:31:48.797-0400: 240.742: [GC (GCLocker Initiated GC) [PSYoungGen: 189209K->44702K(179200K)] 661773K->522012K(703488K), 0.0146777 secs] [Times: user=0.13 sys=0.00, real=0.01 secs] 
2016-09-13T19:31:48.956-0400: 240.901: [GC (Allocation Failure) [PSYoungGen: 151198K->23437K(184320K)] 634702K->507167K(708608K), 0.0195749 secs] [Times: user=0.22 sys=0.00, real=0.01 secs] 
2016-09-13T19:31:49.111-0400: 241.056: [GC (GCLocker Initiated GC) [PSYoungGen: 129933K->47865K(183808K)] 613664K->531692K(708096K), 0.0324491 secs] [Times: user=0.37 sys=0.00, real=0.03 secs] 
2016-09-13T19:31:49.292-0400: 241.237: [GC (GCLocker Initiated GC) [PSYoungGen: 155897K->61469K(169984K)] 640055K->545781K(694272K), 0.0103124 secs] [Times: user=0.09 sys=0.01, real=0.01 secs] 
2016-09-13T19:31:49.483-0400: 241.428: [GC (GCLocker Initiated GC) [PSYoungGen: 169501K->47832K(181760K)] 653947K->532546K(706048K), 0.0217731 secs] [Times: user=0.25 sys=0.00, real=0.02 secs] 
2016-09-13T19:31:49.666-0400: 241.611: [GC (GCLocker Initiated GC) [PSYoungGen: 147672K->23527K(123392K)] 640237K->516222K(647680K), 0.0103459 secs] [Times: user=0.10 sys=0.02, real=0.02 secs] 
2016-09-13T19:31:49.823-0400: 241.768: [GC (GCLocker Initiated GC) [PSYoungGen: 123367K->31098K(181760K)] 617648K->525581K(706048K), 0.0098409 secs] [Times: user=0.11 sys=0.00, real=0.01 secs] 
2016-09-13T19:31:49.990-0400: 241.935: [GC (Allocation Failure) [PSYoungGen: 133498K->21853K(179200K)] 629675K->527336K(703488K), 0.0318429 secs] [Times: user=0.39 sys=0.01, real=0.03 secs] 
2016-09-13T19:31:50.152-0400: 242.097: [GC (GCLocker Initiated GC) [PSYoungGen: 123218K->27902K(182784K)] 630220K->535113K(707072K), 0.0099830 secs] [Times: user=0.10 sys=0.00, real=0.01 secs] 
2016-09-13T19:31:50.313-0400: 242.258: [GC (GCLocker Initiated GC) [PSYoungGen: 136446K->52543K(181760K)] 645259K->561598K(706048K), 0.0079986 secs] [Times: user=0.12 sys=0.00, real=0.01 secs] 
2016-09-13T19:31:50.500-0400: 242.445: [Full GC (Ergonomics) [PSYoungGen: 161087K->0K(181760K)] [ParOldGen: 523037K->47770K(524288K)] 684125K->47770K(706048K), [Metaspace: 44684K->44684K(1087488K)], 0.0527982 secs] [Times: user=0.35 sys=0.00, real=0.05 secs] 
2016-09-13T19:31:50.715-0400: 242.660: [GC (GCLocker Initiated GC) [PSYoungGen: 107288K->55730K(180224K)] 156578K->105020K(704512K), 0.0098066 secs] [Times: user=0.14 sys=0.00, real=0.01 secs] 
2016-09-13T19:31:50.886-0400: 242.831: [GC (GCLocker Initiated GC) [PSYoungGen: 160178K->29608K(183296K)] 215698K->94545K(707584K), 0.0100853 secs] [Times: user=0.12 sys=0.00, real=0.02 secs] 
2016-09-13T19:31:51.060-0400: 243.005: [GC (GCLocker Initiated GC) [PSYoungGen: 134056K->59924K(176640K)] 200746K->134320K(700928K), 0.0076922 secs] [Times: user=0.10 sys=0.00, real=0.00 secs] 
2016-09-13T19:31:51.236-0400: 243.181: [GC (GCLocker Initiated GC) [PSYoungGen: 160276K->47991K(181248K)] 234864K->122793K(705536K), 0.0063386 secs] [Times: user=0.06 sys=0.00, real=0.00 secs] 
2016-09-13T19:31:51.408-0400: 243.353: [GC (GCLocker Initiated GC) [PSYoungGen: 148343K->49165K(178688K)] 223171K->124348K(702976K), 0.0133969 secs] [Times: user=0.12 sys=0.00, real=0.01 secs] 
2016-09-13T19:31:51.574-0400: 243.519: [GC (GCLocker Initiated GC) [PSYoungGen: 151053K->28151K(180736K)] 232537K->122014K(705024K), 0.0268685 secs] [Times: user=0.34 sys=0.01, real=0.03 secs] 
2016-09-13T19:31:51.725-0400: 243.670: [GC (GCLocker Initiated GC) [PSYoungGen: 130039K->44798K(178688K)] 223956K->138955K(702976K), 0.0058183 secs] [Times: user=0.04 sys=0.00, real=0.01 secs] 
2016-09-13T19:31:51.884-0400: 243.829: [GC (GCLocker Initiated GC) [PSYoungGen: 150782K->34072K(181248K)] 245123K->128689K(705536K), 0.0133562 secs] [Times: user=0.13 sys=0.00, real=0.02 secs] 
2016-09-13T19:31:52.086-0400: 244.031: [GC (GCLocker Initiated GC) [PSYoungGen: 140056K->58432K(182784K)] 234722K->153324K(707072K), 0.0324024 secs] [Times: user=0.36 sys=0.00, real=0.04 secs] 
2016-09-13T19:31:52.304-0400: 244.249: [GC (GCLocker Initiated GC) [PSYoungGen: 168000K->27934K(185856K)] 270690K->130745K(710144K), 0.0108493 secs] [Times: user=0.10 sys=0.00, real=0.01 secs] 
2016-09-13T19:31:52.472-0400: 244.417: [GC (GCLocker Initiated GC) [PSYoungGen: 137502K->53811K(183808K)] 240562K->158610K(708096K), 0.0139231 secs] [Times: user=0.13 sys=0.00, real=0.01 secs] 
2016-09-13T19:31:52.652-0400: 244.597: [GC (GCLocker Initiated GC) [PSYoungGen: 162355K->23536K(185344K)] 281060K->142459K(709632K), 0.0166850 secs] [Times: user=0.17 sys=0.00, real=0.02 secs] 
2016-09-13T19:31:52.834-0400: 244.779: [GC (GCLocker Initiated GC) [PSYoungGen: 132080K->49511K(184320K)] 251098K->168746K(708608K), 0.0178724 secs] [Times: user=0.18 sys=0.00, real=0.02 secs] 
2016-09-13T19:31:53.012-0400: 244.957: [GC (Allocation Failure) [PSYoungGen: 158055K->41725K(150528K)] 283369K->173253K(674816K), 0.0268802 secs] [Times: user=0.32 sys=0.00, real=0.03 secs] 
2016-09-13T19:31:53.207-0400: 245.152: [GC (GCLocker Initiated GC) [PSYoungGen: 150269K->43153K(185856K)] 281800K->174819K(710144K), 0.0093312 secs] [Times: user=0.08 sys=0.00, real=0.02 secs] 
2016-09-13T19:31:53.354-0400: 245.299: [GC (Allocation Failure) [PSYoungGen: 155793K->9954K(183296K)] 287478K->141735K(707584K), 0.0025802 secs] [Times: user=0.02 sys=0.00, real=0.01 secs] 
2016-09-13T19:31:53.499-0400: 245.444: [GC (GCLocker Initiated GC) [PSYoungGen: 121189K->67581K(174592K)] 254489K->205702K(698880K), 0.0096816 secs] [Times: user=0.09 sys=0.01, real=0.01 secs] 
2016-09-13T19:31:53.665-0400: 245.610: [GC (GCLocker Initiated GC) [PSYoungGen: 168957K->47981K(181760K)] 307347K->186597K(706048K), 0.0102188 secs] [Times: user=0.10 sys=0.01, real=0.01 secs] 
2016-09-13T19:31:53.844-0400: 245.789: [GC (GCLocker Initiated GC) [PSYoungGen: 149357K->24950K(178688K)] 288000K->163869K(702976K), 0.0168071 secs] [Times: user=0.14 sys=0.00, real=0.02 secs] 
2016-09-13T19:31:54.014-0400: 245.959: [GC (GCLocker Initiated GC) [PSYoungGen: 127350K->23441K(180736K)] 269563K->176433K(705024K), 0.0304366 secs] [Times: user=0.33 sys=0.00, real=0.03 secs] 
2016-09-13T19:31:54.198-0400: 246.143: [GC (Allocation Failure) [PSYoungGen: 125841K->27929K(178688K)] 279045K->181374K(702976K), 0.0263626 secs] [Times: user=0.34 sys=0.01, real=0.02 secs] 
2016-09-13T19:31:54.379-0400: 246.324: [GC (GCLocker Initiated GC) [PSYoungGen: 134425K->28119K(181760K)] 287870K->181836K(706048K), 0.0095272 secs] [Times: user=0.09 sys=0.00, real=0.01 secs] 
2016-09-13T19:31:54.508-0400: 246.453: [GC (GCLocker Initiated GC) [PSYoungGen: 134615K->47864K(186880K)] 288356K->201869K(711168K), 0.0114259 secs] [Times: user=0.12 sys=0.01, real=0.01 secs] 
2016-09-13T19:31:54.698-0400: 246.643: [GC (GCLocker Initiated GC) [PSYoungGen: 161528K->46382K(187392K)] 317073K->202147K(711680K), 0.0151825 secs] [Times: user=0.14 sys=0.00, real=0.01 secs] 
2016-09-13T19:31:54.899-0400: 246.844: [GC (GCLocker Initiated GC) [PSYoungGen: 160046K->29671K(184320K)] 329719K->207227K(708608K), 0.0245169 secs] [Times: user=0.22 sys=0.01, real=0.02 secs] 
2016-09-13T19:31:55.099-0400: 247.044: [GC (GCLocker Initiated GC) [PSYoungGen: 144871K->43084K(186368K)] 328509K->226844K(710656K), 0.0112843 secs] [Times: user=0.10 sys=0.00, real=0.01 secs] 
2016-09-13T19:31:55.284-0400: 247.229: [GC (GCLocker Initiated GC) [PSYoungGen: 158284K->46128K(188928K)] 342066K->230178K(713216K), 0.0200822 secs] [Times: user=0.20 sys=0.00, real=0.02 secs] 
2016-09-13T19:31:55.499-0400: 247.444: [GC (GCLocker Initiated GC) [PSYoungGen: 166960K->22008K(190464K)] 364791K->224526K(714752K), 0.0089442 secs] [Times: user=0.06 sys=0.00, real=0.01 secs] 
2016-09-13T19:31:55.704-0400: 247.649: [GC (GCLocker Initiated GC) [PSYoungGen: 142840K->31066K(188416K)] 351665K->240100K(712704K), 0.0290329 secs] [Times: user=0.32 sys=0.01, real=0.03 secs] 
2016-09-13T19:31:55.900-0400: 247.845: [GC (GCLocker Initiated GC) [PSYoungGen: 153946K->53908K(190464K)] 363009K->263239K(714752K), 0.0283839 secs] [Times: user=0.32 sys=0.00, real=0.03 secs] 
2016-09-13T19:31:56.110-0400: 248.055: [GC (GCLocker Initiated GC) [PSYoungGen: 176788K->20525K(191488K)] 389170K->242174K(715776K), 0.0054073 secs] [Times: user=0.04 sys=0.00, real=0.00 secs] 
2016-09-13T19:31:56.310-0400: 248.255: [GC (GCLocker Initiated GC) [PSYoungGen: 141357K->27961K(148992K)] 370622K->257549K(673280K), 0.0279760 secs] [Times: user=0.27 sys=0.00, real=0.03 secs] 
2016-09-13T19:31:56.503-0400: 248.448: [GC (GCLocker Initiated GC) [PSYoungGen: 148793K->58436K(183296K)] 378645K->292998K(707584K), 0.0076479 secs] [Times: user=0.06 sys=0.01, real=0.01 secs] 
2016-09-13T19:31:56.689-0400: 248.634: [GC (GCLocker Initiated GC) [PSYoungGen: 173124K->53913K(168960K)] 413847K->294811K(693248K), 0.0081391 secs] [Times: user=0.10 sys=0.00, real=0.01 secs] 
2016-09-13T19:31:56.888-0400: 248.833: [GC (GCLocker Initiated GC) [PSYoungGen: 168601K->47959K(186368K)] 415750K->299835K(710656K), 0.0218334 secs] [Times: user=0.21 sys=0.00, real=0.02 secs] 
2016-09-13T19:31:57.087-0400: 249.032: [GC (GCLocker Initiated GC) [PSYoungGen: 158039K->26569K(136704K)] 417684K->286451K(660992K), 0.0060370 secs] [Times: user=0.05 sys=0.00, real=0.01 secs] 
2016-09-13T19:31:57.287-0400: 249.232: [GC (GCLocker Initiated GC) [PSYoungGen: 136649K->23559K(185856K)] 402631K->289719K(710144K), 0.0077889 secs] [Times: user=0.06 sys=0.01, real=0.01 secs] 
2016-09-13T19:31:57.463-0400: 249.408: [GC (GCLocker Initiated GC) [PSYoungGen: 134663K->47892K(184832K)] 400996K->314376K(709120K), 0.0143778 secs] [Times: user=0.15 sys=0.00, real=0.02 secs] 
2016-09-13T19:31:57.650-0400: 249.595: [GC (GCLocker Initiated GC) [PSYoungGen: 158996K->28216K(186368K)] 431801K->311890K(710656K), 0.0075163 secs] [Times: user=0.07 sys=0.00, real=0.01 secs] 
2016-09-13T19:31:57.851-0400: 249.796: [GC (GCLocker Initiated GC) [PSYoungGen: 142904K->28030K(186880K)] 428205K->313574K(711168K), 0.0133453 secs] [Times: user=0.14 sys=0.00, real=0.01 secs] 
2016-09-13T19:31:58.044-0400: 249.989: [GC (Allocation Failure) [PSYoungGen: 142718K->27870K(188416K)] 429837K->315135K(712704K), 0.0078717 secs] [Times: user=0.08 sys=0.00, real=0.01 secs] 
2016-09-13T19:31:58.227-0400: 250.172: [GC (GCLocker Initiated GC) [PSYoungGen: 147678K->23526K(188416K)] 434951K->310992K(712704K), 0.0120826 secs] [Times: user=0.09 sys=0.00, real=0.02 secs] 
2016-09-13T19:31:58.418-0400: 250.363: [GC (GCLocker Initiated GC) [PSYoungGen: 143334K->34385K(188928K)] 430858K->322325K(713216K), 0.0120440 secs] [Times: user=0.13 sys=0.00, real=0.01 secs] 
2016-09-13T19:31:58.645-0400: 250.590: [GC (GCLocker Initiated GC) [PSYoungGen: 160849K->21938K(190464K)] 455027K->322463K(714752K), 0.0119043 secs] [Times: user=0.12 sys=0.00, real=0.02 secs] 
2016-09-13T19:31:58.835-0400: 250.780: [GC (GCLocker Initiated GC) [PSYoungGen: 148402K->28019K(193536K)] 448949K->328876K(717824K), 0.0134611 secs] [Times: user=0.13 sys=0.00, real=0.02 secs] 
2016-09-13T19:31:59.073-0400: 251.018: [GC (GCLocker Initiated GC) [PSYoungGen: 163187K->30876K(196096K)] 464066K->335002K(720384K), 0.0337507 secs] [Times: user=0.33 sys=0.00, real=0.03 secs] 
2016-09-13T19:31:59.277-0400: 251.222: [GC (Allocation Failure) [PSYoungGen: 166044K->41660K(200192K)] 470351K->352114K(724480K), 0.0161808 secs] [Times: user=0.14 sys=0.00, real=0.01 secs] 
2016-09-13T19:31:59.530-0400: 251.475: [GC (GCLocker Initiated GC) [PSYoungGen: 182229K->41507K(201216K)] 498758K->358257K(725504K), 0.0069012 secs] [Times: user=0.04 sys=0.00, real=0.01 secs] 
2016-09-13T19:31:59.740-0400: 251.685: [GC (GCLocker Initiated GC) [PSYoungGen: 183331K->49441K(196096K)] 500100K->366290K(720384K), 0.0100638 secs] [Times: user=0.10 sys=0.00, real=0.01 secs] 
2016-09-13T19:31:59.983-0400: 251.928: [GC (GCLocker Initiated GC) [PSYoungGen: 185633K->23559K(199168K)] 504171K->343915K(723456K), 0.0192339 secs] [Times: user=0.20 sys=0.00, real=0.02 secs] 
2016-09-13T19:32:00.215-0400: 252.160: [GC (GCLocker Initiated GC) [PSYoungGen: 159751K->23650K(196608K)] 487903K->352094K(720896K), 0.0182733 secs] [Times: user=0.17 sys=0.00, real=0.02 secs] 
2016-09-13T19:32:00.423-0400: 252.368: [GC (GCLocker Initiated GC) [PSYoungGen: 160354K->27934K(198144K)] 488971K->356713K(722432K), 0.0124319 secs] [Times: user=0.13 sys=0.01, real=0.01 secs] 
2016-09-13T19:32:00.649-0400: 252.594: [GC (GCLocker Initiated GC) [PSYoungGen: 164638K->5212K(198144K)] 507369K->348022K(722432K), 0.0053690 secs] [Times: user=0.04 sys=0.01, real=0.00 secs] 
2016-09-13T19:32:00.866-0400: 252.811: [GC (GCLocker Initiated GC) [PSYoungGen: 143964K->49323K(188416K)] 486936K->392527K(712704K), 0.0189660 secs] [Times: user=0.18 sys=0.00, real=0.02 secs] 
2016-09-13T19:32:01.098-0400: 253.043: [GC (GCLocker Initiated GC) [PSYoungGen: 188075K->37143K(198144K)] 543485K->392802K(722432K), 0.0116797 secs] [Times: user=0.10 sys=0.00, real=0.01 secs] 
2016-09-13T19:32:01.320-0400: 253.265: [GC (GCLocker Initiated GC) [PSYoungGen: 169751K->51157K(183808K)] 525441K->420635K(708096K), 0.0121244 secs] [Times: user=0.14 sys=0.01, real=0.01 secs] 
2016-09-13T19:32:01.547-0400: 253.492: [GC (GCLocker Initiated GC) [PSYoungGen: 183765K->41598K(195072K)] 553335K->423673K(719360K), 0.0098511 secs] [Times: user=0.07 sys=0.01, real=0.02 secs] 
2016-09-13T19:32:01.741-0400: 253.686: [GC (GCLocker Initiated GC) [PSYoungGen: 168574K->23313K(150528K)] 558257K->413161K(674816K), 0.0207362 secs] [Times: user=0.15 sys=0.00, real=0.02 secs] 
2016-09-13T19:32:01.974-0400: 253.919: [GC (GCLocker Initiated GC) [PSYoungGen: 150289K->41789K(193536K)] 540308K->432057K(717824K), 0.0306180 secs] [Times: user=0.34 sys=0.00, real=0.03 secs] 
2016-09-13T19:32:02.212-0400: 254.157: [GC (GCLocker Initiated GC) [PSYoungGen: 169277K->44736K(193024K)] 559698K->435457K(717312K), 0.0095664 secs] [Times: user=0.09 sys=0.01, real=0.01 secs] 
2016-09-13T19:32:02.399-0400: 254.344: [GC (GCLocker Initiated GC) [PSYoungGen: 172224K->26478K(194560K)] 566011K->420408K(718848K), 0.0186854 secs] [Times: user=0.19 sys=0.00, real=0.02 secs] 
2016-09-13T19:32:02.624-0400: 254.569: [GC (Allocation Failure) [PSYoungGen: 156526K->23590K(195072K)] 556645K->423844K(719360K), 0.0122285 secs] [Times: user=0.11 sys=0.00, real=0.02 secs] 
2016-09-13T19:32:02.837-0400: 254.782: [GC (GCLocker Initiated GC) [PSYoungGen: 153638K->47705K(194048K)] 553895K->448202K(718336K), 0.0315402 secs] [Times: user=0.31 sys=0.00, real=0.03 secs] 
2016-09-13T19:32:03.047-0400: 254.992: [GC (GCLocker Initiated GC) [PSYoungGen: 177753K->13085K(143360K)] 590523K->426009K(667648K), 0.0095188 secs] [Times: user=0.10 sys=0.00, real=0.02 secs] 
2016-09-13T19:32:03.253-0400: 255.198: [GC (GCLocker Initiated GC) [PSYoungGen: 143133K->10145K(194560K)] 569893K->444780K(718848K), 0.0196110 secs] [Times: user=0.22 sys=0.00, real=0.02 secs] 
2016-09-13T19:32:03.465-0400: 255.410: [GC (GCLocker Initiated GC) [PSYoungGen: 138145K->44736K(173056K)] 572983K->479791K(697344K), 0.0060611 secs] [Times: user=0.07 sys=0.00, real=0.01 secs] 
2016-09-13T19:32:03.669-0400: 255.614: [GC (GCLocker Initiated GC) [PSYoungGen: 172736K->43154K(192512K)] 607793K->478283K(716800K), 0.0128955 secs] [Times: user=0.13 sys=0.00, real=0.01 secs] 
2016-09-13T19:32:03.899-0400: 255.844: [GC (GCLocker Initiated GC) [PSYoungGen: 167058K->34035K(158208K)] 614842K->481957K(682496K), 0.0294944 secs] [Times: user=0.25 sys=0.01, real=0.03 secs] 
2016-09-13T19:32:04.099-0400: 256.044: [GC (GCLocker Initiated GC) [PSYoungGen: 157939K->49228K(187904K)] 611965K->505064K(712192K), 0.0105435 secs] [Times: user=0.09 sys=0.00, real=0.01 secs] 
2016-09-13T19:32:04.299-0400: 256.244: [GC (GCLocker Initiated GC) [PSYoungGen: 171084K->44612K(190464K)] 627093K->508409K(714752K), 0.0209806 secs] [Times: user=0.21 sys=0.00, real=0.02 secs] 
2016-09-13T19:32:04.506-0400: 256.451: [GC (GCLocker Initiated GC) [PSYoungGen: 166468K->69095K(175616K)] 631987K->534765K(699904K), 0.0150869 secs] [Times: user=0.14 sys=0.01, real=0.02 secs] 
2016-09-13T19:32:04.683-0400: 256.628: [GC (Allocation Failure) [PSYoungGen: 175591K->43026K(184320K)] 641501K->509051K(708608K), 0.0162599 secs] [Times: user=0.15 sys=0.00, real=0.02 secs] 
2016-09-13T19:32:04.699-0400: 256.644: [GC (GCLocker Initiated GC) [PSYoungGen: 43035K->32K(180224K)] 509060K->510466K(704512K), 0.0084227 secs] [Times: user=0.06 sys=0.00, real=0.01 secs] 
2016-09-13T19:32:04.708-0400: 256.653: [Full GC (Ergonomics) [PSYoungGen: 32K->0K(180224K)] [ParOldGen: 510434K->38594K(524288K)] 510466K->38594K(704512K), [Metaspace: 44703K->44703K(1087488K)], 0.0622292 secs] [Times: user=0.33 sys=0.01, real=0.06 secs] 
2016-09-13T19:32:04.899-0400: 256.844: [GC (GCLocker Initiated GC) [PSYoungGen: 101565K->54002K(158720K)] 146234K->98671K(683008K), 0.0213024 secs] [Times: user=0.22 sys=0.00, real=0.02 secs] 
2016-09-13T19:32:05.057-0400: 257.002: [GC (GCLocker Initiated GC) [PSYoungGen: 158450K->28030K(183808K)] 209311K->103659K(708096K), 0.0154106 secs] [Times: user=0.16 sys=0.00, real=0.01 secs] 
2016-09-13T19:32:05.209-0400: 257.154: [GC (GCLocker Initiated GC) [PSYoungGen: 130430K->47773K(180736K)] 206077K->129804K(705024K), 0.0223115 secs] [Times: user=0.23 sys=0.00, real=0.02 secs] 
2016-09-13T19:32:05.381-0400: 257.326: [GC (GCLocker Initiated GC) [PSYoungGen: 150173K->43249K(181760K)] 232385K->127236K(706048K), 0.0123092 secs] [Times: user=0.10 sys=0.00, real=0.01 secs] 
2016-09-13T19:32:05.528-0400: 257.473: [GC (GCLocker Initiated GC) [PSYoungGen: 147697K->44602K(180736K)] 231958K->128912K(705024K), 0.0186105 secs] [Times: user=0.21 sys=0.00, real=0.01 secs] 
2016-09-13T19:32:05.708-0400: 257.653: [GC (Allocation Failure) [PSYoungGen: 149050K->43249K(183808K)] 239610K->134022K(708096K), 0.0063613 secs] [Times: user=0.06 sys=0.00, real=0.00 secs] 
2016-09-13T19:32:05.905-0400: 257.850: [GC (GCLocker Initiated GC) [PSYoungGen: 153841K->34062K(183808K)] 244628K->124968K(708096K), 0.0059469 secs] [Times: user=0.05 sys=0.00, real=0.01 secs] 
2016-09-13T19:32:06.074-0400: 258.019: [GC (Allocation Failure) [PSYoungGen: 144654K->49224K(185856K)] 235637K->140569K(710144K), 0.0187275 secs] [Times: user=0.18 sys=0.00, real=0.02 secs] 
2016-09-13T19:32:06.257-0400: 258.202: [GC (GCLocker Initiated GC) [PSYoungGen: 158900K->28179K(186368K)] 256320K->133387K(710656K), 0.0066485 secs] [Times: user=0.07 sys=0.00, real=0.00 secs] 
2016-09-13T19:32:06.455-0400: 258.400: [GC (GCLocker Initiated GC) [PSYoungGen: 143379K->53848K(186880K)] 248620K->159366K(711168K), 0.0072987 secs] [Times: user=0.06 sys=0.00, real=0.01 secs] 
2016-09-13T19:32:06.649-0400: 258.594: [GC (Allocation Failure) [PSYoungGen: 170584K->59855K(176640K)] 276457K->172012K(700928K), 0.0233597 secs] [Times: user=0.29 sys=0.00, real=0.02 secs] 
2016-09-13T19:32:06.842-0400: 258.787: [GC (GCLocker Initiated GC) [PSYoungGen: 176591K->35746K(187904K)] 288757K->148125K(712192K), 0.0062701 secs] [Times: user=0.07 sys=0.00, real=0.01 secs] 
2016-09-13T19:32:06.997-0400: 258.942: [GC (GCLocker Initiated GC) [PSYoungGen: 146850K->11414K(185344K)] 260819K->125640K(709632K), 0.0032570 secs] [Times: user=0.02 sys=0.00, real=0.00 secs] 
2016-09-13T19:32:07.196-0400: 259.141: [GC (GCLocker Initiated GC) [PSYoungGen: 122518K->25147K(186368K)] 236939K->144499K(710656K), 0.0088023 secs] [Times: user=0.10 sys=0.00, real=0.00 secs] 
2016-09-13T19:32:07.348-0400: 259.293: [GC (GCLocker Initiated GC) [PSYoungGen: 136251K->52299K(163840K)] 255734K->172031K(688128K), 0.0073032 secs] [Times: user=0.10 sys=0.00, real=0.00 secs] 
2016-09-13T19:32:07.522-0400: 259.467: [GC (GCLocker Initiated GC) [PSYoungGen: 163403K->61345K(176128K)] 283373K->182965K(700416K), 0.0182348 secs] [Times: user=0.16 sys=0.00, real=0.02 secs] 
2016-09-13T19:32:07.699-0400: 259.644: [GC (GCLocker Initiated GC) [PSYoungGen: 160673K->34228K(180736K)] 295991K->169788K(705024K), 0.0113388 secs] [Times: user=0.13 sys=0.00, real=0.01 secs] 
2016-09-13T19:32:07.880-0400: 259.825: [GC (GCLocker Initiated GC) [PSYoungGen: 133556K->46344K(176128K)] 269263K->185251K(700416K), 0.0096856 secs] [Times: user=0.11 sys=0.00, real=0.01 secs] 
2016-09-13T19:32:08.049-0400: 259.994: [GC (GCLocker Initiated GC) [PSYoungGen: 148744K->23533K(179200K)] 295415K->170363K(703488K), 0.0138466 secs] [Times: user=0.18 sys=0.00, real=0.01 secs] 
2016-09-13T19:32:08.229-0400: 260.174: [GC (Allocation Failure) [PSYoungGen: 125933K->28275K(180736K)] 273011K->175539K(705024K), 0.0099878 secs] [Times: user=0.15 sys=0.00, real=0.01 secs] 
2016-09-13T19:32:08.407-0400: 260.352: [GC (GCLocker Initiated GC) [PSYoungGen: 137331K->46383K(183296K)] 284599K->198457K(707584K), 0.0102847 secs] [Times: user=0.14 sys=0.00, real=0.02 secs] 
2016-09-13T19:32:08.574-0400: 260.519: [GC (GCLocker Initiated GC) [PSYoungGen: 155439K->37387K(181248K)] 307580K->189774K(705536K), 0.0070164 secs] [Times: user=0.09 sys=0.01, real=0.01 secs] 
2016-09-13T19:32:08.745-0400: 260.690: [GC (GCLocker Initiated GC) [PSYoungGen: 151563K->5184K(184832K)] 313407K->167271K(709120K), 0.0036960 secs] [Times: user=0.01 sys=0.00, real=0.01 secs] 
2016-09-13T19:32:08.948-0400: 260.893: [GC (GCLocker Initiated GC) [PSYoungGen: 119360K->5334K(185856K)] 289391K->175656K(710144K), 0.0064882 secs] [Times: user=0.06 sys=0.00, real=0.00 secs] 
2016-09-13T19:32:09.128-0400: 261.073: [GC (Allocation Failure) [PSYoungGen: 117974K->23314K(136192K)] 288522K->194014K(660480K), 0.0205309 secs] [Times: user=0.21 sys=0.00, real=0.02 secs] 
2016-09-13T19:32:09.331-0400: 261.276: [GC (GCLocker Initiated GC) [PSYoungGen: 132316K->9810K(185856K)] 309091K->186732K(710144K), 0.0039124 secs] [Times: user=0.02 sys=0.01, real=0.00 secs] 
2016-09-13T19:32:09.501-0400: 261.446: [GC (Allocation Failure) [PSYoungGen: 123986K->47800K(185856K)] 302655K->226550K(710144K), 0.0077136 secs] [Times: user=0.08 sys=0.00, real=0.01 secs] 
2016-09-13T19:32:09.509-0400: 261.454: [GC (GCLocker Initiated GC) [PSYoungGen: 47812K->64K(185856K)] 226562K->229454K(710144K), 0.0072758 secs] [Times: user=0.08 sys=0.00, real=0.01 secs] 
2016-09-13T19:32:09.687-0400: 261.632: [GC (GCLocker Initiated GC) [PSYoungGen: 106045K->29830K(141824K)] 341510K->265295K(666112K), 0.0053402 secs] [Times: user=0.03 sys=0.00, real=0.01 secs] 
2016-09-13T19:32:09.877-0400: 261.821: [GC (Allocation Failure) [PSYoungGen: 141446K->41602K(183296K)] 377105K->280788K(707584K), 0.0236384 secs] [Times: user=0.24 sys=0.01, real=0.02 secs] 
2016-09-13T19:32:10.060-0400: 262.005: [GC (GCLocker Initiated GC) [PSYoungGen: 152986K->46376K(183808K)] 393691K->287365K(708096K), 0.0095468 secs] [Times: user=0.09 sys=0.00, real=0.01 secs] 
2016-09-13T19:32:10.253-0400: 262.198: [GC (GCLocker Initiated GC) [PSYoungGen: 158504K->44864K(186368K)] 401068K->292241K(710656K), 0.0212831 secs] [Times: user=0.28 sys=0.01, real=0.02 secs] 
2016-09-13T19:32:10.438-0400: 262.383: [GC (Allocation Failure) [PSYoungGen: 157504K->32714K(145408K)] 405006K->280473K(669696K), 0.0226060 secs] [Times: user=0.34 sys=0.00, real=0.02 secs] 
2016-09-13T19:32:10.635-0400: 262.580: [GC (GCLocker Initiated GC) [PSYoungGen: 145354K->46440K(183296K)] 393115K->300511K(707584K), 0.0100862 secs] [Times: user=0.13 sys=0.00, real=0.01 secs] 
2016-09-13T19:32:10.813-0400: 262.758: [GC (GCLocker Initiated GC) [PSYoungGen: 159080K->37170K(184320K)] 419248K->297629K(708608K), 0.0058769 secs] [Times: user=0.07 sys=0.00, real=0.01 secs] 
2016-09-13T19:32:10.975-0400: 262.920: [GC (GCLocker Initiated GC) [PSYoungGen: 149810K->30971K(186880K)] 410420K->294808K(711168K), 0.0106006 secs] [Times: user=0.09 sys=0.00, real=0.01 secs] 
2016-09-13T19:32:11.160-0400: 263.105: [GC (GCLocker Initiated GC) [PSYoungGen: 152315K->26469K(187904K)] 417807K->292087K(712192K), 0.0085041 secs] [Times: user=0.08 sys=0.00, real=0.01 secs] 
2016-09-13T19:32:11.369-0400: 263.314: [GC (GCLocker Initiated GC) [PSYoungGen: 147813K->29479K(191488K)] 413548K->295515K(715776K), 0.0163953 secs] [Times: user=0.20 sys=0.00, real=0.01 secs] 
2016-09-13T19:32:11.602-0400: 263.547: [GC (GCLocker Initiated GC) [PSYoungGen: 160551K->34004K(193024K)] 434200K->307922K(717312K), 0.0130679 secs] [Times: user=0.15 sys=0.00, real=0.01 secs] 
2016-09-13T19:32:11.809-0400: 263.754: [GC (GCLocker Initiated GC) [PSYoungGen: 165076K->35750K(198144K)] 439021K->319002K(722432K), 0.0105266 secs] [Times: user=0.13 sys=0.00, real=0.01 secs] 
2016-09-13T19:32:12.048-0400: 263.993: [GC (GCLocker Initiated GC) [PSYoungGen: 176550K->6771K(198656K)] 467424K->305441K(722944K), 0.0051721 secs] [Times: user=0.04 sys=0.00, real=0.00 secs] 
2016-09-13T19:32:12.265-0400: 264.210: [GC (GCLocker Initiated GC) [PSYoungGen: 147571K->46288K(196096K)] 446444K->357439K(720384K), 0.0094871 secs] [Times: user=0.13 sys=0.00, real=0.01 secs] 
2016-09-13T19:32:12.504-0400: 264.449: [GC (GCLocker Initiated GC) [PSYoungGen: 182480K->38874K(199168K)] 505813K->362303K(723456K), 0.0097448 secs] [Times: user=0.14 sys=0.00, real=0.01 secs] 
2016-09-13T19:32:12.719-0400: 264.664: [GC (GCLocker Initiated GC) [PSYoungGen: 175066K->44704K(196608K)] 498537K->374518K(720896K), 0.0077098 secs] [Times: user=0.05 sys=0.01, real=0.00 secs] 
2016-09-13T19:32:12.963-0400: 264.908: [GC (Allocation Failure) [PSYoungGen: 178848K->20213K(198144K)] 508663K->356250K(722432K), 0.0087118 secs] [Times: user=0.07 sys=0.00, real=0.01 secs] 
2016-09-13T19:32:13.182-0400: 265.127: [GC (Allocation Failure) [PSYoungGen: 153931K->23500K(195584K)] 489968K->359617K(719872K), 0.0307883 secs] [Times: user=0.38 sys=0.00, real=0.03 secs] 
2016-09-13T19:32:13.401-0400: 265.346: [GC (GCLocker Initiated GC) [PSYoungGen: 158115K->49069K(197120K)] 495751K->386883K(721408K), 0.0206165 secs] [Times: user=0.20 sys=0.00, real=0.02 secs] 
2016-09-13T19:32:13.632-0400: 265.577: [GC (GCLocker Initiated GC) [PSYoungGen: 184237K->46248K(194048K)] 522232K->384373K(718336K), 0.0212061 secs] [Times: user=0.20 sys=0.00, real=0.02 secs] 
2016-09-13T19:32:13.829-0400: 265.773: [GC (GCLocker Initiated GC) [PSYoungGen: 175272K->26410K(195584K)] 513419K->364759K(719872K), 0.0069802 secs] [Times: user=0.05 sys=0.00, real=0.00 secs] 
2016-09-13T19:32:14.031-0400: 265.976: [GC (Allocation Failure) [PSYoungGen: 155434K->29892K(190464K)] 493810K->382124K(714752K), 0.0073101 secs] [Times: user=0.10 sys=0.00, real=0.01 secs] 
2016-09-13T19:32:14.245-0400: 266.190: [GC (Allocation Failure) [PSYoungGen: 157080K->5276K(193024K)] 509312K->365504K(717312K), 0.0041565 secs] [Times: user=0.03 sys=0.00, real=0.01 secs] 
2016-09-13T19:32:14.443-0400: 266.388: [GC (GCLocker Initiated GC) [PSYoungGen: 135836K->32709K(196608K)] 496067K->393118K(720896K), 0.0064909 secs] [Times: user=0.08 sys=0.00, real=0.01 secs] 
2016-09-13T19:32:14.661-0400: 266.606: [GC (Allocation Failure) [PSYoungGen: 167877K->23568K(197120K)] 536097K->392030K(721408K), 0.0085051 secs] [Times: user=0.09 sys=0.01, real=0.01 secs] 
2016-09-13T19:32:14.884-0400: 266.829: [GC (GCLocker Initiated GC) [PSYoungGen: 158736K->41758K(197120K)] 527204K->410459K(721408K), 0.0132438 secs] [Times: user=0.17 sys=0.00, real=0.02 secs] 
2016-09-13T19:32:15.099-0400: 267.044: [GC (GCLocker Initiated GC) [PSYoungGen: 178974K->43021K(198656K)] 555354K->419441K(722944K), 0.0220320 secs] [Times: user=0.16 sys=0.00, real=0.02 secs] 
2016-09-13T19:32:15.348-0400: 267.293: [GC (Allocation Failure) [PSYoungGen: 180237K->5147K(196096K)] 564435K->389518K(720384K), 0.0036624 secs] [Times: user=0.02 sys=0.00, real=0.00 secs] 
2016-09-13T19:32:15.550-0400: 267.495: [GC (GCLocker Initiated GC) [PSYoungGen: 138267K->50838K(184320K)] 522644K->435416K(708608K), 0.0307018 secs] [Times: user=0.33 sys=0.01, real=0.03 secs] 
2016-09-13T19:32:15.812-0400: 267.757: [GC (GCLocker Initiated GC) [PSYoungGen: 183958K->9889K(193536K)] 580825K->406820K(717824K), 0.0098142 secs] [Times: user=0.08 sys=0.00, real=0.01 secs] 
2016-09-13T19:32:16.009-0400: 267.954: [GC (GCLocker Initiated GC) [PSYoungGen: 134817K->11163K(136192K)] 539425K->416040K(660480K), 0.0199826 secs] [Times: user=0.20 sys=0.00, real=0.02 secs] 
2016-09-13T19:32:16.216-0400: 268.161: [GC (GCLocker Initiated GC) [PSYoungGen: 136091K->26441K(196608K)] 542701K->434626K(720896K), 0.0297106 secs] [Times: user=0.32 sys=0.00, real=0.02 secs] 
2016-09-13T19:32:16.448-0400: 268.393: [GC (GCLocker Initiated GC) [PSYoungGen: 154953K->21976K(150528K)] 576959K->444104K(674816K), 0.0145892 secs] [Times: user=0.10 sys=0.00, real=0.01 secs] 
2016-09-13T19:32:16.663-0400: 268.608: [GC (GCLocker Initiated GC) [PSYoungGen: 150488K->29602K(193024K)] 578713K->458044K(717312K), 0.0149742 secs] [Times: user=0.14 sys=0.00, real=0.02 secs] 
2016-09-13T19:32:16.874-0400: 268.819: [GC (Allocation Failure) [PSYoungGen: 161186K->41602K(190976K)] 589659K->473373K(715264K), 0.0421094 secs] [Times: user=0.48 sys=0.00, real=0.05 secs] 
2016-09-13T19:32:17.111-0400: 269.056: [GC (GCLocker Initiated GC) [PSYoungGen: 173186K->29447K(198656K)] 604960K->461480K(722944K), 0.0249276 secs] [Times: user=0.23 sys=0.00, real=0.03 secs] 
2016-09-13T19:32:17.371-0400: 269.316: [GC (Allocation Failure) [PSYoungGen: 170759K->41726K(199680K)] 604593K->475770K(723968K), 0.0147042 secs] [Times: user=0.14 sys=0.00, real=0.01 secs] 
2016-09-13T19:32:17.562-0400: 269.507: [GC (GCLocker Initiated GC) [PSYoungGen: 180631K->12742K(202240K)] 620749K->452924K(726528K), 0.0039275 secs] [Times: user=0.02 sys=0.01, real=0.00 secs] 
2016-09-13T19:32:17.799-0400: 269.744: [GC (Allocation Failure) [PSYoungGen: 155078K->32517K(175104K)] 595302K->472889K(699392K), 0.0256924 secs] [Times: user=0.27 sys=0.01, real=0.02 secs] 
2016-09-13T19:32:18.039-0400: 269.984: [GC (GCLocker Initiated GC) [PSYoungGen: 174853K->50932K(193536K)] 615228K->496126K(717824K), 0.0426761 secs] [Times: user=0.46 sys=0.01, real=0.04 secs] 
2016-09-13T19:32:18.277-0400: 270.222: [GC (GCLocker Initiated GC) [PSYoungGen: 186100K->52133K(187392K)] 633419K->499658K(711680K), 0.0185239 secs] [Times: user=0.15 sys=0.00, real=0.01 secs] 
2016-09-13T19:32:18.476-0400: 270.421: [GC (GCLocker Initiated GC) [PSYoungGen: 187301K->24987K(196096K)] 634852K->478810K(720384K), 0.0250966 secs] [Times: user=0.26 sys=0.00, real=0.02 secs] 
2016-09-13T19:32:18.699-0400: 270.644: [GC (GCLocker Initiated GC) [PSYoungGen: 152987K->40052K(168448K)] 614559K->512481K(692736K), 0.0212654 secs] [Times: user=0.22 sys=0.00, real=0.02 secs] 
2016-09-13T19:32:18.898-0400: 270.843: [GC (GCLocker Initiated GC) [PSYoungGen: 168052K->29602K(196096K)] 652710K->514331K(720384K), 0.0100006 secs] [Times: user=0.10 sys=0.00, real=0.01 secs] 
2016-09-13T19:32:19.104-0400: 271.049: [GC (GCLocker Initiated GC) [PSYoungGen: 160162K->43149K(193536K)] 646647K->531396K(717824K), 0.0233317 secs] [Times: user=0.25 sys=0.00, real=0.02 secs] 
2016-09-13T19:32:19.340-0400: 271.285: [GC (GCLocker Initiated GC) [PSYoungGen: 173709K->9837K(196096K)] 669642K->512146K(720384K), 0.0256713 secs] [Times: user=0.29 sys=0.00, real=0.02 secs] 
2016-09-13T19:32:19.552-0400: 271.497: [GC (GCLocker Initiated GC) [PSYoungGen: 141933K->28178K(160768K)] 650431K->542902K(685056K), 0.0143355 secs] [Times: user=0.12 sys=0.01, real=0.01 secs] 
2016-09-13T19:32:19.567-0400: 271.512: [Full GC (Ergonomics) [PSYoungGen: 28178K->0K(160768K)] [ParOldGen: 514724K->37875K(524288K)] 542902K->37875K(685056K), [Metaspace: 44735K->44735K(1087488K)], 0.1678699 secs] [Times: user=1.64 sys=0.01, real=0.17 secs] 
2016-09-13T19:32:19.897-0400: 271.842: [GC (GCLocker Initiated GC) [PSYoungGen: 132096K->43339K(193536K)] 170162K->81406K(717824K), 0.0100278 secs] [Times: user=0.10 sys=0.00, real=0.00 secs] 
2016-09-13T19:32:20.066-0400: 272.011: [GC (GCLocker Initiated GC) [PSYoungGen: 174923K->44799K(195072K)] 213052K->95598K(719360K), 0.0258611 secs] [Times: user=0.28 sys=0.00, real=0.03 secs] 
2016-09-13T19:32:20.252-0400: 272.197: [GC (GCLocker Initiated GC) [PSYoungGen: 176383K->25072K(197120K)] 233263K->86707K(721408K), 0.0134340 secs] [Times: user=0.12 sys=0.00, real=0.01 secs] 
2016-09-13T19:32:20.462-0400: 272.407: [GC (GCLocker Initiated GC) [PSYoungGen: 158704K->47805K(181760K)] 220352K->109812K(706048K), 0.0102344 secs] [Times: user=0.08 sys=0.00, real=0.01 secs] 
2016-09-13T19:32:20.658-0400: 272.603: [GC (Allocation Failure) [PSYoungGen: 181437K->9987K(194048K)] 255640K->93560K(718336K), 0.0223729 secs] [Times: user=0.25 sys=0.01, real=0.02 secs] 
2016-09-13T19:32:20.874-0400: 272.819: [GC (GCLocker Initiated GC) [PSYoungGen: 137987K->63084K(191488K)] 221570K->152928K(715776K), 0.0282061 secs] [Times: user=0.32 sys=0.00, real=0.03 secs] 
2016-09-13T19:32:21.064-0400: 273.009: [GC (GCLocker Initiated GC) [PSYoungGen: 191084K->49287K(180224K)] 280984K->139373K(704512K), 0.0140313 secs] [Times: user=0.13 sys=0.00, real=0.02 secs] 
2016-09-13T19:32:21.250-0400: 273.195: [GC (Allocation Failure) [PSYoungGen: 158855K->21790K(185856K)] 256654K->127510K(710144K), 0.0149414 secs] [Times: user=0.17 sys=0.00, real=0.01 secs] 
2016-09-13T19:32:21.447-0400: 273.392: [GC (GCLocker Initiated GC) [PSYoungGen: 131358K->60137K(176128K)] 237083K->166032K(700416K), 0.0193266 secs] [Times: user=0.22 sys=0.00, real=0.02 secs] 
2016-09-13T19:32:21.611-0400: 273.556: [GC (GCLocker Initiated GC) [PSYoungGen: 161513K->49415K(181760K)] 267640K->155826K(706048K), 0.0099679 secs] [Times: user=0.10 sys=0.00, real=0.01 secs] 
2016-09-13T19:32:21.785-0400: 273.730: [GC (GCLocker Initiated GC) [PSYoungGen: 150791K->27897K(177664K)] 258865K->136172K(701952K), 0.0089801 secs] [Times: user=0.06 sys=0.00, real=0.01 secs] 
2016-09-13T19:32:21.917-0400: 273.862: [GC (GCLocker Initiated GC) [PSYoungGen: 129273K->35496K(179712K)] 239136K->145423K(704000K), 0.0118287 secs] [Times: user=0.12 sys=0.00, real=0.01 secs] 
2016-09-13T19:32:22.099-0400: 274.044: [GC (GCLocker Initiated GC) [PSYoungGen: 136872K->28333K(181760K)] 260727K->152358K(706048K), 0.0162807 secs] [Times: user=0.16 sys=0.00, real=0.01 secs] 
2016-09-13T19:32:22.276-0400: 274.221: [GC (GCLocker Initiated GC) [PSYoungGen: 137901K->41597K(181760K)] 261928K->165963K(706048K), 0.0169753 secs] [Times: user=0.18 sys=0.00, real=0.01 secs] 
2016-09-13T19:32:22.476-0400: 274.421: [GC (GCLocker Initiated GC) [PSYoungGen: 151165K->49350K(187392K)] 275699K->174136K(711680K), 0.0258438 secs] [Times: user=0.27 sys=0.00, real=0.02 secs] 
2016-09-13T19:32:22.651-0400: 274.596: [GC (GCLocker Initiated GC) [PSYoungGen: 166086K->46312K(188416K)] 290992K->177640K(712704K), 0.0067812 secs] [Times: user=0.05 sys=0.00, real=0.01 secs] 
2016-09-13T19:32:22.858-0400: 274.803: [GC (GCLocker Initiated GC) [PSYoungGen: 163048K->50780K(188416K)] 300615K->188556K(712704K), 0.0134325 secs] [Times: user=0.13 sys=0.00, real=0.01 secs] 
2016-09-13T19:32:23.047-0400: 274.992: [GC (GCLocker Initiated GC) [PSYoungGen: 167516K->27928K(189440K)] 311554K->172022K(713728K), 0.0226470 secs] [Times: user=0.20 sys=0.00, real=0.03 secs] 
2016-09-13T19:32:23.257-0400: 275.202: [GC (Allocation Failure) [PSYoungGen: 144664K->32612K(184320K)] 288850K->177065K(708608K), 0.0150512 secs] [Times: user=0.15 sys=0.00, real=0.01 secs] 
2016-09-13T19:32:23.449-0400: 275.394: [GC (GCLocker Initiated GC) [PSYoungGen: 146114K->34067K(186880K)] 296643K->191010K(711168K), 0.0269294 secs] [Times: user=0.30 sys=0.00, real=0.03 secs] 
2016-09-13T19:32:23.625-0400: 275.570: [GC (GCLocker Initiated GC) [PSYoungGen: 151827K->32772K(188416K)] 310363K->191607K(712704K), 0.0100391 secs] [Times: user=0.09 sys=0.00, real=0.01 secs] 
2016-09-13T19:32:23.812-0400: 275.757: [GC (GCLocker Initiated GC) [PSYoungGen: 158724K->31157K(190976K)] 317607K->190324K(715264K), 0.0144854 secs] [Times: user=0.12 sys=0.00, real=0.01 secs] 
2016-09-13T19:32:24.058-0400: 276.003: [GC (Allocation Failure) [PSYoungGen: 157109K->38592K(192000K)] 316283K->199373K(716288K), 0.0272573 secs] [Times: user=0.26 sys=0.00, real=0.02 secs] 
2016-09-13T19:32:24.251-0400: 276.196: [GC (GCLocker Initiated GC) [PSYoungGen: 172224K->47796K(195072K)] 333008K->208761K(719360K), 0.0070020 secs] [Times: user=0.04 sys=0.01, real=0.01 secs] 
2016-09-13T19:32:24.453-0400: 276.398: [GC (Allocation Failure) [PSYoungGen: 181428K->43238K(199680K)] 342706K->204663K(723968K), 0.0274177 secs] [Times: user=0.22 sys=0.00, real=0.03 secs] 
2016-09-13T19:32:24.685-0400: 276.630: [GC (GCLocker Initiated GC) [PSYoungGen: 179729K->30967K(167936K)] 347229K->198668K(692224K), 0.0321976 secs] [Times: user=0.39 sys=0.00, real=0.04 secs] 
2016-09-13T19:32:24.915-0400: 276.860: [GC (GCLocker Initiated GC) [PSYoungGen: 167671K->47672K(197120K)] 336921K->217045K(721408K), 0.0100319 secs] [Times: user=0.08 sys=0.00, real=0.01 secs] 
2016-09-13T19:32:25.122-0400: 277.067: [GC (GCLocker Initiated GC) [PSYoungGen: 183352K->50928K(186880K)] 352748K->222077K(711168K), 0.0100063 secs] [Times: user=0.10 sys=0.00, real=0.01 secs] 
2016-09-13T19:32:25.344-0400: 277.289: [GC (GCLocker Initiated GC) [PSYoungGen: 186608K->24927K(197120K)] 363978K->207188K(721408K), 0.0145550 secs] [Times: user=0.11 sys=0.00, real=0.02 secs] 
2016-09-13T19:32:25.549-0400: 277.494: [GC (GCLocker Initiated GC) [PSYoungGen: 157023K->32523K(164864K)] 339578K->215295K(689152K), 0.0244247 secs] [Times: user=0.21 sys=0.01, real=0.02 secs] 
2016-09-13T19:32:25.774-0400: 277.719: [GC (GCLocker Initiated GC) [PSYoungGen: 164619K->32485K(197120K)] 347419K->215481K(721408K), 0.0065312 secs] [Times: user=0.04 sys=0.00, real=0.01 secs] 
2016-09-13T19:32:26.016-0400: 277.961: [GC (GCLocker Initiated GC) [PSYoungGen: 166117K->44576K(195584K)] 349263K->233999K(719872K), 0.0065455 secs] [Times: user=0.06 sys=0.00, real=0.00 secs] 
2016-09-13T19:32:26.228-0400: 278.173: [GC (GCLocker Initiated GC) [PSYoungGen: 178208K->38816K(197632K)] 367729K->228449K(721920K), 0.0069347 secs] [Times: user=0.08 sys=0.00, real=0.00 secs] 
2016-09-13T19:32:26.447-0400: 278.392: [GC (GCLocker Initiated GC) [PSYoungGen: 177056K->11259K(198144K)] 372787K->211708K(722432K), 0.0121174 secs] [Times: user=0.11 sys=0.00, real=0.02 secs] 
2016-09-13T19:32:26.690-0400: 278.635: [GC (GCLocker Initiated GC) [PSYoungGen: 149499K->41885K(200192K)] 351645K->245783K(724480K), 0.0081612 secs] [Times: user=0.07 sys=0.00, real=0.01 secs] 
2016-09-13T19:32:26.910-0400: 278.855: [GC (GCLocker Initiated GC) [PSYoungGen: 179613K->35782K(173568K)] 389768K->246222K(697856K), 0.0101164 secs] [Times: user=0.12 sys=0.00, real=0.01 secs] 
2016-09-13T19:32:27.135-0400: 279.080: [GC (Allocation Failure) [PSYoungGen: 173510K->23624K(197120K)] 391784K->242138K(721408K), 0.0139292 secs] [Times: user=0.15 sys=0.01, real=0.02 secs] 
2016-09-13T19:32:27.341-0400: 279.286: [GC (GCLocker Initiated GC) [PSYoungGen: 161352K->43116K(197120K)] 379872K->261825K(721408K), 0.0065335 secs] [Times: user=0.07 sys=0.00, real=0.00 secs] 
2016-09-13T19:32:27.618-0400: 279.563: [GC (GCLocker Initiated GC) [PSYoungGen: 180844K->32553K(199168K)] 399640K->251484K(723456K), 0.0070457 secs] [Times: user=0.07 sys=0.00, real=0.00 secs] 
2016-09-13T19:32:27.854-0400: 279.799: [GC (GCLocker Initiated GC) [PSYoungGen: 175401K->55523K(198656K)] 394440K->286977K(722944K), 0.0106531 secs] [Times: user=0.14 sys=0.00, real=0.01 secs] 
2016-09-13T19:32:28.060-0400: 280.005: [GC (GCLocker Initiated GC) [PSYoungGen: 198371K->54066K(191488K)] 429934K->285933K(715776K), 0.0342526 secs] [Times: user=0.40 sys=0.00, real=0.03 secs] 
2016-09-13T19:32:28.255-0400: 280.200: [GC (GCLocker Initiated GC) [PSYoungGen: 182066K->46224K(195072K)] 415494K->287541K(719360K), 0.0128476 secs] [Times: user=0.13 sys=0.00, real=0.02 secs] 
2016-09-13T19:32:28.449-0400: 280.394: [GC (GCLocker Initiated GC) [PSYoungGen: 174224K->46318K(194560K)] 417235K->289468K(718848K), 0.0221984 secs] [Times: user=0.22 sys=0.00, real=0.02 secs] 
2016-09-13T19:32:28.663-0400: 280.608: [GC (GCLocker Initiated GC) [PSYoungGen: 174830K->47677K(195072K)] 418156K->291213K(719360K), 0.0139229 secs] [Times: user=0.10 sys=0.01, real=0.02 secs] 
2016-09-13T19:32:28.866-0400: 280.811: [GC (GCLocker Initiated GC) [PSYoungGen: 176189K->46318K(194560K)] 419870K->290212K(718848K), 0.0153091 secs] [Times: user=0.16 sys=0.01, real=0.02 secs] 
2016-09-13T19:32:29.098-0400: 281.043: [GC (GCLocker Initiated GC) [PSYoungGen: 175342K->27902K(195072K)] 431580K->284355K(719360K), 0.0306096 secs] [Times: user=0.34 sys=0.00, real=0.03 secs] 
2016-09-13T19:32:29.309-0400: 281.254: [GC (GCLocker Initiated GC) [PSYoungGen: 156926K->27929K(195072K)] 413546K->284671K(719360K), 0.0364817 secs] [Times: user=0.41 sys=0.00, real=0.03 secs] 
2016-09-13T19:32:29.510-0400: 281.454: [GC (GCLocker Initiated GC) [PSYoungGen: 157977K->52611K(182784K)] 414934K->309888K(707072K), 0.0066753 secs] [Times: user=0.07 sys=0.00, real=0.01 secs] 
2016-09-13T19:32:29.712-0400: 281.657: [GC (GCLocker Initiated GC) [PSYoungGen: 182659K->43280K(196096K)] 440039K->305391K(720384K), 0.0104198 secs] [Times: user=0.06 sys=0.00, real=0.01 secs] 
2016-09-13T19:32:29.954-0400: 281.899: [GC (Allocation Failure) [PSYoungGen: 171280K->28243K(194048K)] 439687K->307514K(718336K), 0.0072930 secs] [Times: user=0.11 sys=0.00, real=0.01 secs] 
2016-09-13T19:32:30.174-0400: 282.119: [GC (GCLocker Initiated GC) [PSYoungGen: 156243K->30967K(194560K)] 435523K->310311K(718848K), 0.0271515 secs] [Times: user=0.19 sys=0.00, real=0.03 secs] 
2016-09-13T19:32:30.377-0400: 282.322: [GC (GCLocker Initiated GC) [PSYoungGen: 160503K->32522K(194048K)] 440067K->312233K(718336K), 0.0222946 secs] [Times: user=0.23 sys=0.01, real=0.02 secs] 
2016-09-13T19:32:30.562-0400: 282.507: [GC (GCLocker Initiated GC) [PSYoungGen: 162058K->35742K(195584K)] 443346K->317192K(719872K), 0.0098611 secs] [Times: user=0.11 sys=0.00, real=0.01 secs] 
2016-09-13T19:32:30.796-0400: 282.741: [GC (Allocation Failure) [PSYoungGen: 170398K->12837K(195584K)] 453420K->305177K(719872K), 0.0113622 secs] [Times: user=0.12 sys=0.00, real=0.01 secs] 
2016-09-13T19:32:31.022-0400: 282.967: [GC (Allocation Failure) [PSYoungGen: 147493K->23340K(199680K)] 439833K->323455K(723968K), 0.0101814 secs] [Times: user=0.09 sys=0.00, real=0.01 secs] 
2016-09-13T19:32:31.244-0400: 283.189: [GC (GCLocker Initiated GC) [PSYoungGen: 155676K->14228K(199168K)] 461867K->320628K(723456K), 0.0099371 secs] [Times: user=0.08 sys=0.00, real=0.01 secs] 
2016-09-13T19:32:31.453-0400: 283.398: [GC (GCLocker Initiated GC) [PSYoungGen: 150932K->41724K(198144K)] 458987K->349843K(722432K), 0.0059398 secs] [Times: user=0.06 sys=0.00, real=0.01 secs] 
2016-09-13T19:32:31.666-0400: 283.611: [GC (GCLocker Initiated GC) [PSYoungGen: 176892K->47865K(183296K)] 485114K->356411K(707584K), 0.0059928 secs] [Times: user=0.08 sys=0.00, real=0.01 secs] 
2016-09-13T19:32:31.907-0400: 283.852: [GC (GCLocker Initiated GC) [PSYoungGen: 183033K->51030K(190976K)] 499378K->373569K(715264K), 0.0102821 secs] [Times: user=0.13 sys=0.01, real=0.02 secs] 
2016-09-13T19:32:32.111-0400: 284.056: [GC (GCLocker Initiated GC) [PSYoungGen: 175958K->23309K(193536K)] 506269K->353676K(717824K), 0.0135106 secs] [Times: user=0.13 sys=0.00, real=0.01 secs] 
2016-09-13T19:32:32.315-0400: 284.260: [GC (GCLocker Initiated GC) [PSYoungGen: 148237K->44704K(193536K)] 480184K->381421K(717824K), 0.0128290 secs] [Times: user=0.15 sys=0.00, real=0.02 secs] 
2016-09-13T19:32:32.506-0400: 284.451: [GC (Allocation Failure) [PSYoungGen: 170656K->51002K(177152K)] 507621K->395810K(701440K), 0.0101135 secs] [Times: user=0.14 sys=0.00, real=0.02 secs] 
2016-09-13T19:32:32.516-0400: 284.461: [GC (GCLocker Initiated GC) [PSYoungGen: 51011K->32K(185344K)] 395820K->395470K(709632K), 0.0078187 secs] [Times: user=0.10 sys=0.00, real=0.00 secs] 
2016-09-13T19:32:32.700-0400: 284.645: [GC (GCLocker Initiated GC) [PSYoungGen: 114720K->70709K(185856K)] 510169K->466159K(710144K), 0.0231209 secs] [Times: user=0.29 sys=0.00, real=0.02 secs] 
2016-09-13T19:32:32.924-0400: 284.869: [GC (GCLocker Initiated GC) [PSYoungGen: 185397K->44730K(175616K)] 581041K->449868K(699904K), 0.0221450 secs] [Times: user=0.24 sys=0.00, real=0.02 secs] 
2016-09-13T19:32:33.076-0400: 285.021: [GC (GCLocker Initiated GC) [PSYoungGen: 144058K->46383K(180736K)] 550863K->453609K(705024K), 0.0069367 secs] [Times: user=0.08 sys=0.00, real=0.01 secs] 
2016-09-13T19:32:33.224-0400: 285.169: [GC (Allocation Failure) [PSYoungGen: 145711K->23373K(176640K)] 554657K->432473K(700928K), 0.0067043 secs] [Times: user=0.07 sys=0.01, real=0.01 secs] 
2016-09-13T19:32:33.400-0400: 285.345: [GC (GCLocker Initiated GC) [PSYoungGen: 123725K->28157K(179200K)] 532825K->437510K(703488K), 0.0077243 secs] [Times: user=0.09 sys=0.00, real=0.01 secs] 
2016-09-13T19:32:33.554-0400: 285.499: [GC (Allocation Failure) [PSYoungGen: 128509K->5179K(181760K)] 539403K->416338K(706048K), 0.0037486 secs] [Times: user=0.03 sys=0.01, real=0.01 secs] 
2016-09-13T19:32:33.721-0400: 285.666: [GC (GCLocker Initiated GC) [PSYoungGen: 109041K->28020K(133632K)] 526275K->445471K(657920K), 0.0214066 secs] [Times: user=0.28 sys=0.00, real=0.02 secs] 
2016-09-13T19:32:33.900-0400: 285.845: [GC (GCLocker Initiated GC) [PSYoungGen: 133492K->46159K(181760K)] 557255K->470053K(706048K), 0.0333820 secs] [Times: user=0.34 sys=0.00, real=0.03 secs] 
2016-09-13T19:32:34.109-0400: 286.054: [GC (GCLocker Initiated GC) [PSYoungGen: 153679K->52298K(182272K)] 579129K->478048K(706560K), 0.0115914 secs] [Times: user=0.10 sys=0.00, real=0.01 secs] 
2016-09-13T19:32:34.263-0400: 286.208: [GC (GCLocker Initiated GC) [PSYoungGen: 159818K->41597K(185344K)] 585828K->476930K(709632K), 0.0133504 secs] [Times: user=0.14 sys=0.00, real=0.02 secs] 
2016-09-13T19:32:34.439-0400: 286.384: [GC (Allocation Failure) [PSYoungGen: 150141K->26500K(135168K)] 585493K->462017K(659456K), 0.0066856 secs] [Times: user=0.05 sys=0.00, real=0.00 secs] 
2016-09-13T19:32:34.629-0400: 286.574: [GC (GCLocker Initiated GC) [PSYoungGen: 133642K->41602K(184320K)] 570678K->480398K(708608K), 0.0107145 secs] [Times: user=0.08 sys=0.00, real=0.01 secs] 
2016-09-13T19:32:34.814-0400: 286.759: [GC (GCLocker Initiated GC) [PSYoungGen: 152706K->46341K(182784K)] 591748K->485557K(707072K), 0.0071533 secs] [Times: user=0.10 sys=0.00, real=0.01 secs] 
2016-09-13T19:32:34.981-0400: 286.926: [GC (GCLocker Initiated GC) [PSYoungGen: 157445K->47709K(188928K)] 596831K->487250K(713216K), 0.0093723 secs] [Times: user=0.08 sys=0.00, real=0.01 secs] 
2016-09-13T19:32:35.147-0400: 287.092: [GC (GCLocker Initiated GC) [PSYoungGen: 164445K->46535K(189440K)] 604134K->494099K(713728K), 0.0091554 secs] [Times: user=0.13 sys=0.00, real=0.02 secs] 
2016-09-13T19:32:35.357-0400: 287.302: [GC (GCLocker Initiated GC) [PSYoungGen: 163271K->41635K(185344K)] 610839K->489491K(709632K), 0.0352000 secs] [Times: user=0.37 sys=0.00, real=0.03 secs] 
2016-09-13T19:32:35.524-0400: 287.469: [GC (Allocation Failure) [PSYoungGen: 158883K->41848K(187392K)] 608261K->491388K(711680K), 0.0107341 secs] [Times: user=0.15 sys=0.00, real=0.01 secs] 
2016-09-13T19:32:35.700-0400: 287.645: [GC (GCLocker Initiated GC) [PSYoungGen: 159096K->50907K(189952K)] 608639K->500742K(714240K), 0.0098306 secs] [Times: user=0.11 sys=0.00, real=0.01 secs] 
2016-09-13T19:32:35.898-0400: 287.843: [GC (GCLocker Initiated GC) [PSYoungGen: 173275K->61564K(184320K)] 624873K->517869K(708608K), 0.0258855 secs] [Times: user=0.27 sys=0.01, real=0.02 secs] 
2016-09-13T19:32:36.135-0400: 288.080: [GC (GCLocker Initiated GC) [PSYoungGen: 183932K->40110K(190464K)] 640287K->496651K(714752K), 0.0149858 secs] [Times: user=0.13 sys=0.00, real=0.02 secs] 
2016-09-13T19:32:36.304-0400: 288.249: [GC (GCLocker Initiated GC) [PSYoungGen: 156334K->65998K(182272K)] 613054K->522978K(706560K), 0.0228061 secs] [Times: user=0.25 sys=0.00, real=0.02 secs] 
2016-09-13T19:32:36.488-0400: 288.433: [GC (GCLocker Initiated GC) [PSYoungGen: 182222K->46318K(187392K)] 647033K->511259K(711680K), 0.0111718 secs] [Times: user=0.11 sys=0.00, real=0.01 secs] 
2016-09-13T19:32:36.679-0400: 288.624: [GC (Allocation Failure) [PSYoungGen: 156398K->44762K(155136K)] 621482K->510005K(679424K), 0.0116182 secs] [Times: user=0.11 sys=0.00, real=0.01 secs] 
2016-09-13T19:32:36.862-0400: 288.807: [GC (GCLocker Initiated GC) [PSYoungGen: 154842K->44609K(184320K)] 620088K->510048K(708608K), 0.0065824 secs] [Times: user=0.06 sys=0.00, real=0.01 secs] 
2016-09-13T19:32:37.049-0400: 288.994: [GC (GCLocker Initiated GC) [PSYoungGen: 157249K->24891K(181760K)] 628804K->496561K(706048K), 0.0225960 secs] [Times: user=0.22 sys=0.00, real=0.02 secs] 
2016-09-13T19:32:37.249-0400: 289.194: [GC (Allocation Failure) [PSYoungGen: 137531K->5147K(184832K)] 621370K->496840K(709120K), 0.0225738 secs] [Times: user=0.24 sys=0.01, real=0.02 secs] 
2016-09-13T19:32:37.446-0400: 289.391: [GC (GCLocker Initiated GC) [PSYoungGen: 118932K->32677K(188416K)] 616700K->544304K(712704K), 0.0075000 secs] [Times: user=0.10 sys=0.00, real=0.01 secs] 
2016-09-13T19:32:37.454-0400: 289.399: [Full GC (Ergonomics) [PSYoungGen: 32677K->0K(188416K)] [ParOldGen: 511627K->39807K(524288K)] 544304K->39807K(712704K), [Metaspace: 44739K->44739K(1087488K)], 0.0571522 secs] [Times: user=0.36 sys=0.00, real=0.06 secs] 
2016-09-13T19:32:37.680-0400: 289.625: [GC (Allocation Failure) [PSYoungGen: 114688K->71081K(173056K)] 154746K->111140K(697344K), 0.0119982 secs] [Times: user=0.13 sys=0.00, real=0.01 secs] 
2016-09-13T19:32:37.825-0400: 289.770: [GC (GCLocker Initiated GC) [PSYoungGen: 172457K->34255K(181760K)] 212519K->102366K(706048K), 0.0079974 secs] [Times: user=0.11 sys=0.01, real=0.01 secs] 
2016-09-13T19:32:38.003-0400: 289.948: [GC (GCLocker Initiated GC) [PSYoungGen: 135631K->26323K(177152K)] 209856K->100769K(701440K), 0.0123700 secs] [Times: user=0.10 sys=0.00, real=0.02 secs] 
2016-09-13T19:32:38.168-0400: 290.113: [GC (GCLocker Initiated GC) [PSYoungGen: 130259K->44890K(180736K)] 204884K->127390K(705024K), 0.0070857 secs] [Times: user=0.08 sys=0.00, real=0.00 secs] 
2016-09-13T19:32:38.309-0400: 290.254: [GC (GCLocker Initiated GC) [PSYoungGen: 148826K->47677K(182784K)] 232905K->132106K(707072K), 0.0197469 secs] [Times: user=0.20 sys=0.00, real=0.02 secs] 
2016-09-13T19:32:38.498-0400: 290.443: [GC (GCLocker Initiated GC) [PSYoungGen: 158269K->44794K(184832K)] 249057K->135732K(709120K), 0.0252193 secs] [Times: user=0.24 sys=0.00, real=0.02 secs] 
2016-09-13T19:32:38.692-0400: 290.637: [GC (GCLocker Initiated GC) [PSYoungGen: 155386K->25020K(187904K)] 260055K->129873K(712192K), 0.0454263 secs] [Times: user=0.46 sys=0.00, real=0.05 secs] 
2016-09-13T19:32:38.888-0400: 290.833: [GC (GCLocker Initiated GC) [PSYoungGen: 140732K->43149K(187904K)] 247221K->154317K(712192K), 0.0128832 secs] [Times: user=0.11 sys=0.00, real=0.01 secs] 
2016-09-13T19:32:39.099-0400: 291.044: [GC (GCLocker Initiated GC) [PSYoungGen: 158861K->29612K(188928K)] 277661K->157696K(713216K), 0.0086634 secs] [Times: user=0.08 sys=0.01, real=0.01 secs] 
2016-09-13T19:32:39.279-0400: 291.224: [GC (GCLocker Initiated GC) [PSYoungGen: 148396K->43083K(187904K)] 276709K->173100K(712192K), 0.0413046 secs] [Times: user=0.34 sys=0.00, real=0.04 secs] 
2016-09-13T19:32:39.504-0400: 291.449: [GC (GCLocker Initiated GC) [PSYoungGen: 161867K->44885K(191488K)] 291909K->175278K(715776K), 0.0109089 secs] [Times: user=0.13 sys=0.00, real=0.01 secs] 
2016-09-13T19:32:39.711-0400: 291.656: [GC (GCLocker Initiated GC) [PSYoungGen: 168789K->46500K(190464K)] 299333K->186464K(714752K), 0.0077691 secs] [Times: user=0.10 sys=0.01, real=0.01 secs] 
2016-09-13T19:32:39.898-0400: 291.843: [GC (GCLocker Initiated GC) [PSYoungGen: 170404K->50716K(193536K)] 310486K->190991K(717824K), 0.0112947 secs] [Times: user=0.05 sys=0.00, real=0.01 secs] 
2016-09-13T19:32:40.109-0400: 292.054: [GC (GCLocker Initiated GC) [PSYoungGen: 177692K->57041K(184320K)] 318003K->197514K(708608K), 0.0075115 secs] [Times: user=0.07 sys=0.00, real=0.01 secs] 
2016-09-13T19:32:40.310-0400: 292.255: [GC (GCLocker Initiated GC) [PSYoungGen: 184017K->44735K(193536K)] 324655K->193243K(717824K), 0.0189357 secs] [Times: user=0.23 sys=0.00, real=0.02 secs] 
2016-09-13T19:32:40.513-0400: 292.458: [GC (GCLocker Initiated GC) [PSYoungGen: 167615K->23564K(191488K)] 329995K->186096K(715776K), 0.0202554 secs] [Times: user=0.24 sys=0.00, real=0.02 secs] 
2016-09-13T19:32:40.710-0400: 292.655: [GC (GCLocker Initiated GC) [PSYoungGen: 146444K->15783K(189440K)] 315109K->184621K(713728K), 0.0314358 secs] [Times: user=0.30 sys=0.00, real=0.03 secs] 
2016-09-13T19:32:40.910-0400: 292.855: [GC (GCLocker Initiated GC) [PSYoungGen: 135591K->21981K(190976K)] 313714K->207873K(715264K), 0.0114896 secs] [Times: user=0.13 sys=0.00, real=0.01 secs] 
2016-09-13T19:32:41.099-0400: 293.044: [GC (GCLocker Initiated GC) [PSYoungGen: 141789K->61566K(180224K)] 327927K->247987K(704512K), 0.0097866 secs] [Times: user=0.06 sys=0.00, real=0.01 secs] 
2016-09-13T19:32:41.275-0400: 293.220: [GC (GCLocker Initiated GC) [PSYoungGen: 171134K->46128K(185856K)] 357580K->232728K(710144K), 0.0082934 secs] [Times: user=0.07 sys=0.00, real=0.01 secs] 
2016-09-13T19:32:41.477-0400: 293.422: [GC (GCLocker Initiated GC) [PSYoungGen: 155696K->47741K(183808K)] 342322K->237559K(708096K), 0.0142751 secs] [Times: user=0.13 sys=0.00, real=0.01 secs] 
2016-09-13T19:32:41.714-0400: 293.659: [GC (Allocation Failure) [PSYoungGen: 158333K->59892K(170496K)] 348316K->260649K(694784K), 0.0106292 secs] [Times: user=0.11 sys=0.00, real=0.01 secs] 
2016-09-13T19:32:41.852-0400: 293.797: [GC (GCLocker Initiated GC) [PSYoungGen: 170484K->56817K(180736K)] 371244K->257683K(705024K), 0.0087583 secs] [Times: user=0.07 sys=0.00, real=0.01 secs] 
2016-09-13T19:32:42.012-0400: 293.957: [GC (GCLocker Initiated GC) [PSYoungGen: 159217K->40393K(142848K)] 366328K->247675K(667136K), 0.0175774 secs] [Times: user=0.20 sys=0.00, real=0.02 secs] 
2016-09-13T19:32:42.170-0400: 294.115: [GC (GCLocker Initiated GC) [PSYoungGen: 142793K->47869K(182272K)] 350147K->261453K(706560K), 0.0129589 secs] [Times: user=0.15 sys=0.00, real=0.01 secs] 
2016-09-13T19:32:42.341-0400: 294.285: [GC (Allocation Failure) [PSYoungGen: 153341K->38662K(180736K)] 367076K->252551K(705024K), 0.0100430 secs] [Times: user=0.12 sys=0.00, real=0.01 secs] 
2016-09-13T19:32:42.498-0400: 294.443: [GC (GCLocker Initiated GC) [PSYoungGen: 140055K->54003K(182784K)] 360019K->283306K(707072K), 0.0096511 secs] [Times: user=0.12 sys=0.00, real=0.01 secs] 
2016-09-13T19:32:42.695-0400: 294.640: [GC (GCLocker Initiated GC) [PSYoungGen: 163571K->28120K(183296K)] 405108K->269949K(707584K), 0.0307125 secs] [Times: user=0.33 sys=0.01, real=0.03 secs] 
2016-09-13T19:32:42.895-0400: 294.840: [GC (GCLocker Initiated GC) [PSYoungGen: 137688K->29543K(187392K)] 385631K->285289K(711680K), 0.0115796 secs] [Times: user=0.11 sys=0.01, real=0.01 secs] 
2016-09-13T19:32:43.089-0400: 295.034: [GC (GCLocker Initiated GC) [PSYoungGen: 144231K->29485K(187904K)] 406074K->299065K(712192K), 0.0078009 secs] [Times: user=0.06 sys=0.00, real=0.01 secs] 
2016-09-13T19:32:43.278-0400: 295.223: [GC (GCLocker Initiated GC) [PSYoungGen: 144173K->40232K(183296K)] 415352K->316039K(707584K), 0.0132892 secs] [Times: user=0.12 sys=0.00, real=0.01 secs] 
2016-09-13T19:32:43.449-0400: 295.394: [GC (GCLocker Initiated GC) [PSYoungGen: 156968K->52325K(185856K)] 432797K->328423K(710144K), 0.0182351 secs] [Times: user=0.17 sys=0.01, real=0.01 secs] 
2016-09-13T19:32:43.645-0400: 295.590: [GC (GCLocker Initiated GC) [PSYoungGen: 169061K->32644K(191488K)] 445251K->313513K(715776K), 0.0079810 secs] [Times: user=0.06 sys=0.00, real=0.01 secs] 
2016-09-13T19:32:43.854-0400: 295.799: [GC (GCLocker Initiated GC) [PSYoungGen: 155012K->27897K(191488K)] 442067K->316614K(715776K), 0.0383876 secs] [Times: user=0.36 sys=0.01, real=0.04 secs] 
2016-09-13T19:32:44.073-0400: 296.018: [GC (GCLocker Initiated GC) [PSYoungGen: 150265K->59918K(184320K)] 438987K->348762K(708608K), 0.0173721 secs] [Times: user=0.16 sys=0.00, real=0.02 secs] 
2016-09-13T19:32:44.254-0400: 296.199: [GC (GCLocker Initiated GC) [PSYoungGen: 175630K->61501K(177664K)] 467521K->353609K(701952K), 0.0083987 secs] [Times: user=0.05 sys=0.00, real=0.01 secs] 
2016-09-13T19:32:44.433-0400: 296.378: [GC (GCLocker Initiated GC) [PSYoungGen: 177213K->21817K(183808K)] 471006K->320336K(708096K), 0.0052921 secs] [Times: user=0.03 sys=0.01, real=0.01 secs] 
2016-09-13T19:32:44.620-0400: 296.565: [GC (GCLocker Initiated GC) [PSYoungGen: 128313K->42994K(149504K)] 428390K->343350K(673792K), 0.0152532 secs] [Times: user=0.12 sys=0.00, real=0.02 secs] 
2016-09-13T19:32:44.808-0400: 296.753: [GC (GCLocker Initiated GC) [PSYoungGen: 149490K->28061K(182784K)] 451473K->336281K(707072K), 0.0114628 secs] [Times: user=0.10 sys=0.00, real=0.01 secs] 
2016-09-13T19:32:44.978-0400: 296.923: [GC (Allocation Failure) [PSYoungGen: 136093K->23564K(181760K)] 447462K->335222K(706048K), 0.0070547 secs] [Times: user=0.07 sys=0.00, real=0.00 secs] 
2016-09-13T19:33:10.695-0400: 322.640: [GC (Allocation Failure) [PSYoungGen: 131596K->5179K(184832K)] 443254K->316940K(709120K), 0.0194475 secs] [Times: user=0.18 sys=0.01, real=0.02 secs] 
