Java HotSpot(TM) 64-Bit Server VM (25.101-b13) for linux-amd64 JRE (1.8.0_101-b13), built on Jun 22 2016 02:59:44 by "java_re" with gcc 4.3.0 20080428 (Red Hat 4.3.0-8)
Memory: 4k page, physical 264122324k(158349596k free), swap 268399612k(268399612k free)
CommandLine flags: -XX:GCLogFileSize=1048576 -XX:+HeapDumpOnOutOfMemoryError -XX:HeapDumpPath=artifacts/heapdump -XX:InitialHeapSize=805306368 -XX:MaxHeapSize=805306368 -XX:NumberOfGCLogFiles=10 -XX:+PrintGC -XX:+PrintGCDateStamps -XX:+PrintGCDetails -XX:+PrintGCTimeStamps -XX:+UseCompressedClassPointers -XX:+UseCompressedOops -XX:+UseGCLogFileRotation -XX:+UseParallelGC 
2016-09-22T22:26:25.666-0400: 2.209: [GC (Metadata GC Threshold) [PSYoungGen: 121898K->15580K(229376K)] 121898K->15668K(753664K), 0.0243722 secs] [Times: user=0.09 sys=0.07, real=0.03 secs] 
2016-09-22T22:26:25.691-0400: 2.234: [Full GC (Metadata GC Threshold) [PSYoungGen: 15580K->0K(229376K)] [ParOldGen: 88K->14602K(343552K)] 15668K->14602K(572928K), [Metaspace: 21076K->21076K(1067008K)], 0.0482029 secs] [Times: user=0.45 sys=0.00, real=0.05 secs] 
2016-09-22T22:26:27.574-0400: 4.117: [GC (Metadata GC Threshold) [PSYoungGen: 127172K->14954K(229376K)] 141774K->29692K(572928K), 0.0150119 secs] [Times: user=0.08 sys=0.05, real=0.02 secs] 
2016-09-22T22:26:27.589-0400: 4.132: [Full GC (Metadata GC Threshold) [PSYoungGen: 14954K->0K(229376K)] [ParOldGen: 14738K->20408K(524288K)] 29692K->20408K(753664K), [Metaspace: 35049K->35049K(1079296K)], 0.0556474 secs] [Times: user=0.48 sys=0.02, real=0.05 secs] 
2016-09-22T22:26:29.209-0400: 5.752: [GC (GCLocker Initiated GC) [PSYoungGen: 194792K->32739K(229376K)] 217901K->56894K(753664K), 0.0109202 secs] [Times: user=0.13 sys=0.00, real=0.01 secs] 
2016-09-22T22:26:29.403-0400: 5.947: [GC (GCLocker Initiated GC) [PSYoungGen: 229347K->32211K(229376K)] 253601K->61872K(753664K), 0.0078986 secs] [Times: user=0.08 sys=0.01, real=0.01 secs] 
2016-09-22T22:26:29.570-0400: 6.113: [GC (GCLocker Initiated GC) [PSYoungGen: 228819K->30906K(227840K)] 258509K->66004K(752128K), 0.0179989 secs] [Times: user=0.19 sys=0.00, real=0.02 secs] 
2016-09-22T22:26:29.784-0400: 6.327: [GC (GCLocker Initiated GC) [PSYoungGen: 227514K->33973K(209408K)] 268246K->104413K(733696K), 0.0114781 secs] [Times: user=0.11 sys=0.01, real=0.02 secs] 
2016-09-22T22:26:29.937-0400: 6.481: [GC (GCLocker Initiated GC) [PSYoungGen: 209077K->19344K(218624K)] 284553K->94828K(742912K), 0.0061444 secs] [Times: user=0.04 sys=0.00, real=0.00 secs] 
2016-09-22T22:26:30.076-0400: 6.619: [GC (GCLocker Initiated GC) [PSYoungGen: 194448K->36640K(214016K)] 275365K->120875K(738304K), 0.0120641 secs] [Times: user=0.13 sys=0.02, real=0.01 secs] 
2016-09-22T22:26:30.223-0400: 6.767: [GC (GCLocker Initiated GC) [PSYoungGen: 207648K->43283K(214528K)] 298775K->148477K(738816K), 0.0202962 secs] [Times: user=0.24 sys=0.02, real=0.02 secs] 
2016-09-22T22:26:30.393-0400: 6.936: [GC (GCLocker Initiated GC) [PSYoungGen: 214291K->10752K(207360K)] 327811K->151780K(731648K), 0.0089274 secs] [Times: user=0.06 sys=0.03, real=0.01 secs] 
2016-09-22T22:26:30.539-0400: 7.082: [GC (GCLocker Initiated GC) [PSYoungGen: 170496K->33436K(210944K)] 318297K->182208K(735232K), 0.0090830 secs] [Times: user=0.09 sys=0.01, real=0.01 secs] 
2016-09-22T22:26:30.684-0400: 7.227: [GC (GCLocker Initiated GC) [PSYoungGen: 193180K->20045K(208896K)] 350286K->196663K(733184K), 0.0051415 secs] [Times: user=0.07 sys=0.00, real=0.01 secs] 
2016-09-22T22:26:30.837-0400: 7.380: [GC (GCLocker Initiated GC) [PSYoungGen: 179789K->32149K(209920K)] 359346K->212315K(734208K), 0.0052705 secs] [Times: user=0.06 sys=0.00, real=0.00 secs] 
2016-09-22T22:26:30.967-0400: 7.510: [GC (GCLocker Initiated GC) [PSYoungGen: 191893K->38821K(208384K)] 388291K->235790K(732672K), 0.0118504 secs] [Times: user=0.15 sys=0.01, real=0.01 secs] 
2016-09-22T22:26:31.133-0400: 7.676: [GC (GCLocker Initiated GC) [PSYoungGen: 197541K->17377K(210432K)] 408240K->244841K(734720K), 0.0054048 secs] [Times: user=0.04 sys=0.02, real=0.01 secs] 
2016-09-22T22:26:31.285-0400: 7.829: [GC (GCLocker Initiated GC) [PSYoungGen: 176097K->999K(205824K)] 414560K->240047K(730112K), 0.0252385 secs] [Times: user=0.20 sys=0.01, real=0.03 secs] 
2016-09-22T22:26:31.464-0400: 8.007: [GC (GCLocker Initiated GC) [PSYoungGen: 155623K->30817K(208384K)] 404347K->280188K(732672K), 0.0046323 secs] [Times: user=0.04 sys=0.00, real=0.01 secs] 
2016-09-22T22:26:31.595-0400: 8.138: [GC (GCLocker Initiated GC) [PSYoungGen: 185441K->46953K(198144K)] 434893K->297002K(722432K), 0.0051833 secs] [Times: user=0.04 sys=0.01, real=0.00 secs] 
2016-09-22T22:26:31.732-0400: 8.275: [GC (GCLocker Initiated GC) [PSYoungGen: 192361K->22699K(203776K)] 454830K->285717K(728064K), 0.0077517 secs] [Times: user=0.08 sys=0.01, real=0.01 secs] 
2016-09-22T22:26:31.866-0400: 8.409: [GC (GCLocker Initiated GC) [PSYoungGen: 168107K->48225K(196096K)] 431129K->311803K(720384K), 0.0093921 secs] [Times: user=0.11 sys=0.00, real=0.02 secs] 
2016-09-22T22:26:32.007-0400: 8.550: [GC (GCLocker Initiated GC) [PSYoungGen: 188513K->22507K(201216K)] 461771K->296252K(725504K), 0.0112229 secs] [Times: user=0.10 sys=0.00, real=0.01 secs] 
2016-09-22T22:26:32.134-0400: 8.678: [GC (GCLocker Initiated GC) [PSYoungGen: 162795K->19775K(196096K)] 446061K->303564K(720384K), 0.0054766 secs] [Times: user=0.04 sys=0.00, real=0.01 secs] 
2016-09-22T22:26:32.252-0400: 8.795: [GC (GCLocker Initiated GC) [PSYoungGen: 162111K->45461K(199680K)] 448642K->332588K(723968K), 0.0062420 secs] [Times: user=0.06 sys=0.00, real=0.01 secs] 
2016-09-22T22:26:32.379-0400: 8.922: [GC (GCLocker Initiated GC) [PSYoungGen: 187797K->28053K(202240K)] 477659K->339994K(726528K), 0.0102588 secs] [Times: user=0.12 sys=0.00, real=0.01 secs] 
2016-09-22T22:26:32.504-0400: 9.047: [GC (GCLocker Initiated GC) [PSYoungGen: 170901K->34739K(201216K)] 485704K->350059K(725504K), 0.0099277 secs] [Times: user=0.12 sys=0.01, real=0.01 secs] 
2016-09-22T22:26:32.633-0400: 9.176: [GC (GCLocker Initiated GC) [PSYoungGen: 177587K->42743K(199680K)] 492936K->358616K(723968K), 0.0114774 secs] [Times: user=0.11 sys=0.02, real=0.01 secs] 
2016-09-22T22:26:32.750-0400: 9.293: [GC (GCLocker Initiated GC) [PSYoungGen: 185079K->21174K(201728K)] 503796K->351217K(726016K), 0.0127295 secs] [Times: user=0.15 sys=0.00, real=0.01 secs] 
2016-09-22T22:26:32.884-0400: 9.427: [GC (GCLocker Initiated GC) [PSYoungGen: 163510K->49556K(195584K)] 493732K->380334K(719872K), 0.0057893 secs] [Times: user=0.05 sys=0.00, real=0.01 secs] 
2016-09-22T22:26:32.992-0400: 9.535: [GC (GCLocker Initiated GC) [PSYoungGen: 186772K->41488K(179200K)] 520488K->375712K(703488K), 0.0055250 secs] [Times: user=0.05 sys=0.00, real=0.01 secs] 
2016-09-22T22:26:33.108-0400: 9.651: [GC (GCLocker Initiated GC) [PSYoungGen: 178704K->52316K(190976K)] 515684K->389804K(715264K), 0.0061097 secs] [Times: user=0.05 sys=0.00, real=0.00 secs] 
2016-09-22T22:26:33.215-0400: 9.758: [GC (GCLocker Initiated GC) [PSYoungGen: 180316K->31897K(195072K)] 517959K->386248K(719360K), 0.0063761 secs] [Times: user=0.06 sys=0.00, real=0.00 secs] 
2016-09-22T22:26:33.332-0400: 9.876: [GC (GCLocker Initiated GC) [PSYoungGen: 159897K->14488K(194560K)] 526431K->381542K(718848K), 0.0050124 secs] [Times: user=0.06 sys=0.00, real=0.01 secs] 
2016-09-22T22:26:33.449-0400: 9.993: [GC (GCLocker Initiated GC) [PSYoungGen: 145048K->17220K(195584K)] 525631K->398335K(719872K), 0.0098161 secs] [Times: user=0.08 sys=0.04, real=0.01 secs] 
2016-09-22T22:26:33.569-0400: 10.113: [GC (GCLocker Initiated GC) [PSYoungGen: 147780K->19875K(193536K)] 535126K->407744K(717824K), 0.0093615 secs] [Times: user=0.14 sys=0.00, real=0.01 secs] 
2016-09-22T22:26:33.703-0400: 10.246: [GC (GCLocker Initiated GC) [PSYoungGen: 152483K->46952K(195584K)] 545835K->440807K(719872K), 0.0099408 secs] [Times: user=0.14 sys=0.00, real=0.01 secs] 
2016-09-22T22:26:33.822-0400: 10.365: [GC (GCLocker Initiated GC) [PSYoungGen: 179560K->31947K(196096K)] 573478K->447951K(720384K), 0.0085591 secs] [Times: user=0.03 sys=0.07, real=0.01 secs] 
2016-09-22T22:26:33.939-0400: 10.483: [GC (GCLocker Initiated GC) [PSYoungGen: 165067K->41584K(196096K)] 583804K->485086K(720384K), 0.0093012 secs] [Times: user=0.09 sys=0.02, real=0.01 secs] 
2016-09-22T22:26:34.053-0400: 10.597: [GC (GCLocker Initiated GC) [PSYoungGen: 174704K->41474K(198656K)] 618297K->512592K(722944K), 0.0106030 secs] [Times: user=0.06 sys=0.08, real=0.01 secs] 
2016-09-22T22:26:34.175-0400: 10.718: [GC (GCLocker Initiated GC) [PSYoungGen: 176642K->23970K(159232K)] 653327K->501133K(683520K), 0.0047098 secs] [Times: user=0.04 sys=0.01, real=0.00 secs] 
2016-09-22T22:26:34.324-0400: 10.868: [GC (GCLocker Initiated GC) [PSYoungGen: 159138K->29069K(199168K)] 636349K->506764K(723456K), 0.0330344 secs] [Times: user=0.41 sys=0.05, real=0.04 secs] 
2016-09-22T22:26:34.480-0400: 11.024: [GC (Allocation Failure) [PSYoungGen: 166285K->11752K(197120K)] 651691K->497637K(721408K), 0.0034258 secs] [Times: user=0.04 sys=0.00, real=0.00 secs] 
2016-09-22T22:26:34.629-0400: 11.172: [Full GC (Ergonomics) [PSYoungGen: 148325K->0K(197120K)] [ParOldGen: 493985K->44428K(524288K)] 642311K->44428K(721408K), [Metaspace: 43067K->43067K(1085440K)], 0.3382128 secs] [Times: user=4.28 sys=0.30, real=0.34 secs] 
2016-09-22T22:26:35.089-0400: 11.632: [GC (GCLocker Initiated GC) [PSYoungGen: 137216K->40093K(199680K)] 187136K->90021K(723968K), 0.0049206 secs] [Times: user=0.04 sys=0.01, real=0.00 secs] 
2016-09-22T22:26:35.204-0400: 11.747: [GC (GCLocker Initiated GC) [PSYoungGen: 179357K->48381K(187904K)] 232231K->103099K(712192K), 0.0080318 secs] [Times: user=0.06 sys=0.00, real=0.01 secs] 
2016-09-22T22:26:35.352-0400: 11.896: [GC (GCLocker Initiated GC) [PSYoungGen: 187645K->41507K(197632K)] 242604K->97007K(721920K), 0.0041798 secs] [Times: user=0.04 sys=0.01, real=0.01 secs] 
2016-09-22T22:26:35.470-0400: 12.014: [GC (GCLocker Initiated GC) [PSYoungGen: 174627K->44029K(177152K)] 233065K->102929K(701440K), 0.0070219 secs] [Times: user=0.05 sys=0.01, real=0.01 secs] 
2016-09-22T22:26:35.588-0400: 12.131: [GC (GCLocker Initiated GC) [PSYoungGen: 177149K->41432K(197120K)] 242903K->107727K(721408K), 0.0089661 secs] [Times: user=0.11 sys=0.01, real=0.01 secs] 
2016-09-22T22:26:35.700-0400: 12.243: [GC (GCLocker Initiated GC) [PSYoungGen: 173016K->29080K(160768K)] 242077K->117479K(685056K), 0.0082996 secs] [Times: user=0.06 sys=0.01, real=0.01 secs] 
2016-09-22T22:26:35.820-0400: 12.364: [GC (GCLocker Initiated GC) [PSYoungGen: 160664K->41294K(195072K)] 254566K->146353K(719360K), 0.0041794 secs] [Times: user=0.05 sys=0.00, real=0.00 secs] 
2016-09-22T22:26:35.931-0400: 12.474: [GC (GCLocker Initiated GC) [PSYoungGen: 173390K->19639K(194560K)] 287941K->142602K(718848K), 0.0138494 secs] [Times: user=0.12 sys=0.01, real=0.01 secs] 
2016-09-22T22:26:36.046-0400: 12.589: [GC (GCLocker Initiated GC) [PSYoungGen: 151735K->35727K(196096K)] 280258K->178013K(720384K), 0.0057356 secs] [Times: user=0.03 sys=0.01, real=0.01 secs] 
2016-09-22T22:26:36.159-0400: 12.703: [GC (GCLocker Initiated GC) [PSYoungGen: 172943K->27645K(197632K)] 320397K->175349K(721920K), 0.0049386 secs] [Times: user=0.02 sys=0.01, real=0.00 secs] 
2016-09-22T22:26:36.288-0400: 12.831: [GC (GCLocker Initiated GC) [PSYoungGen: 164861K->53406K(193024K)] 312702K->201531K(717312K), 0.0044751 secs] [Times: user=0.06 sys=0.01, real=0.00 secs] 
2016-09-22T22:26:36.404-0400: 12.947: [GC (Allocation Failure) [PSYoungGen: 187550K->26310K(198144K)] 341122K->199049K(722432K), 0.0047372 secs] [Times: user=0.05 sys=0.00, real=0.01 secs] 
2016-09-22T22:26:36.531-0400: 13.075: [GC (GCLocker Initiated GC) [PSYoungGen: 160454K->22263K(195584K)] 333381K->195418K(719872K), 0.0047765 secs] [Times: user=0.03 sys=0.01, real=0.01 secs] 
2016-09-22T22:26:36.645-0400: 13.189: [GC (GCLocker Initiated GC) [PSYoungGen: 157943K->35827K(197632K)] 331340K->209509K(721920K), 0.0084873 secs] [Times: user=0.09 sys=0.01, real=0.01 secs] 
2016-09-22T22:26:36.776-0400: 13.320: [GC (GCLocker Initiated GC) [PSYoungGen: 171507K->31809K(196096K)] 350616K->211202K(720384K), 0.0040320 secs] [Times: user=0.04 sys=0.00, real=0.00 secs] 
2016-09-22T22:26:36.911-0400: 13.454: [GC (GCLocker Initiated GC) [PSYoungGen: 172097K->24913K(198144K)] 359752K->212813K(722432K), 0.0129295 secs] [Times: user=0.14 sys=0.02, real=0.01 secs] 
2016-09-22T22:26:37.039-0400: 13.582: [GC (GCLocker Initiated GC) [PSYoungGen: 165201K->20927K(202240K)] 362587K->232058K(726528K), 0.0049784 secs] [Times: user=0.04 sys=0.01, real=0.00 secs] 
2016-09-22T22:26:37.155-0400: 13.698: [GC (GCLocker Initiated GC) [PSYoungGen: 168383K->48022K(195584K)] 379601K->259558K(719872K), 0.0090381 secs] [Times: user=0.10 sys=0.01, real=0.00 secs] 
2016-09-22T22:26:37.292-0400: 13.835: [GC (GCLocker Initiated GC) [PSYoungGen: 195478K->31699K(204800K)] 407015K->243517K(729088K), 0.0062773 secs] [Times: user=0.06 sys=0.00, real=0.01 secs] 
2016-09-22T22:26:37.416-0400: 13.959: [GC (GCLocker Initiated GC) [PSYoungGen: 176595K->25096K(170496K)] 394724K->243519K(694784K), 0.0066064 secs] [Times: user=0.06 sys=0.00, real=0.00 secs] 
2016-09-22T22:26:37.534-0400: 14.077: [GC (GCLocker Initiated GC) [PSYoungGen: 169992K->27868K(202752K)] 391119K->252058K(727040K), 0.0280652 secs] [Times: user=0.36 sys=0.03, real=0.03 secs] 
2016-09-22T22:26:37.705-0400: 14.248: [GC (GCLocker Initiated GC) [PSYoungGen: 174300K->30725K(201216K)] 405475K->262374K(725504K), 0.0066150 secs] [Times: user=0.06 sys=0.01, real=0.01 secs] 
2016-09-22T22:26:37.840-0400: 14.383: [GC (GCLocker Initiated GC) [PSYoungGen: 177157K->29313K(205312K)] 411538K->264255K(729600K), 0.0250041 secs] [Times: user=0.26 sys=0.03, real=0.02 secs] 
2016-09-22T22:26:38.024-0400: 14.567: [GC (GCLocker Initiated GC) [PSYoungGen: 182401K->26678K(203776K)] 422867K->283915K(728064K), 0.0210591 secs] [Times: user=0.17 sys=0.05, real=0.02 secs] 
2016-09-22T22:26:38.201-0400: 14.744: [GC (GCLocker Initiated GC) [PSYoungGen: 179766K->41597K(206848K)] 437028K->313027K(731136K), 0.0095621 secs] [Times: user=0.08 sys=0.02, real=0.01 secs] 
2016-09-22T22:26:38.389-0400: 14.932: [GC (GCLocker Initiated GC) [PSYoungGen: 198781K->25372K(208896K)] 474309K->328574K(733184K), 0.0206213 secs] [Times: user=0.21 sys=0.03, real=0.02 secs] 
2016-09-22T22:26:38.591-0400: 15.135: [GC (GCLocker Initiated GC) [PSYoungGen: 182556K->27923K(206848K)] 488487K->334486K(731136K), 0.0196899 secs] [Times: user=0.20 sys=0.02, real=0.02 secs] 
2016-09-22T22:26:38.747-0400: 15.290: [GC (GCLocker Initiated GC) [PSYoungGen: 187155K->16006K(208896K)] 496420K->350286K(733184K), 0.0076593 secs] [Times: user=0.06 sys=0.00, real=0.01 secs] 
2016-09-22T22:26:38.902-0400: 15.446: [GC (GCLocker Initiated GC) [PSYoungGen: 175238K->40350K(207872K)] 509543K->375347K(732160K), 0.0223215 secs] [Times: user=0.30 sys=0.00, real=0.02 secs] 
2016-09-22T22:26:39.064-0400: 15.608: [GC (GCLocker Initiated GC) [PSYoungGen: 198046K->22673K(209920K)] 541546K->369545K(734208K), 0.0049807 secs] [Times: user=0.05 sys=0.00, real=0.01 secs] 
2016-09-22T22:26:39.222-0400: 15.765: [GC (GCLocker Initiated GC) [PSYoungGen: 180369K->44537K(204288K)] 534091K->399093K(728576K), 0.0122529 secs] [Times: user=0.16 sys=0.01, real=0.01 secs] 
2016-09-22T22:26:39.389-0400: 15.932: [GC (GCLocker Initiated GC) [PSYoungGen: 197113K->26885K(207360K)] 557246K->401277K(731648K), 0.0248115 secs] [Times: user=0.38 sys=0.02, real=0.02 secs] 
2016-09-22T22:26:39.573-0400: 16.116: [GC (GCLocker Initiated GC) [PSYoungGen: 179461K->28130K(202752K)] 562141K->411557K(727040K), 0.0123713 secs] [Times: user=0.11 sys=0.01, real=0.01 secs] 
2016-09-22T22:26:39.776-0400: 16.319: [GC (GCLocker Initiated GC) [PSYoungGen: 182242K->26811K(205824K)] 567054K->412481K(730112K), 0.0124737 secs] [Times: user=0.06 sys=0.01, real=0.01 secs] 
2016-09-22T22:26:39.967-0400: 16.511: [GC (GCLocker Initiated GC) [PSYoungGen: 180923K->32253K(205824K)] 566704K->432399K(730112K), 0.0323366 secs] [Times: user=0.22 sys=0.04, real=0.03 secs] 
2016-09-22T22:26:40.199-0400: 16.742: [GC (GCLocker Initiated GC) [PSYoungGen: 192509K->28398K(208896K)] 602188K->449704K(733184K), 0.0082430 secs] [Times: user=0.09 sys=0.01, real=0.01 secs] 
2016-09-22T22:26:40.365-0400: 16.908: [GC (GCLocker Initiated GC) [PSYoungGen: 188654K->21490K(211456K)] 615439K->460081K(735744K), 0.0125337 secs] [Times: user=0.12 sys=0.01, real=0.02 secs] 
2016-09-22T22:26:40.541-0400: 17.085: [GC (GCLocker Initiated GC) [PSYoungGen: 187378K->31114K(212992K)] 634264K->478936K(737280K), 0.0302779 secs] [Times: user=0.35 sys=0.05, real=0.03 secs] 
2016-09-22T22:26:40.774-0400: 17.318: [GC (GCLocker Initiated GC) [PSYoungGen: 197002K->33628K(214528K)] 644826K->482506K(738816K), 0.0220876 secs] [Times: user=0.22 sys=0.05, real=0.03 secs] 
2016-09-22T22:26:40.971-0400: 17.515: [GC (GCLocker Initiated GC) [PSYoungGen: 202588K->14756K(215040K)] 659637K->472729K(739328K), 0.0063714 secs] [Times: user=0.05 sys=0.01, real=0.01 secs] 
2016-09-22T22:26:41.124-0400: 17.668: [GC (GCLocker Initiated GC) [PSYoungGen: 183716K->34792K(214016K)] 644414K->496443K(738304K), 0.0216620 secs] [Times: user=0.26 sys=0.02, real=0.02 secs] 
2016-09-22T22:26:41.322-0400: 17.865: [GC (GCLocker Initiated GC) [PSYoungGen: 201704K->30680K(197632K)] 668951K->498712K(721920K), 0.0117651 secs] [Times: user=0.11 sys=0.00, real=0.01 secs] 
2016-09-22T22:26:41.498-0400: 18.042: [GC (GCLocker Initiated GC) [PSYoungGen: 197592K->22631K(214016K)] 674870K->500537K(738304K), 0.0212728 secs] [Times: user=0.23 sys=0.02, real=0.02 secs] 
2016-09-22T22:26:41.706-0400: 18.249: [GC (Allocation Failure) [PSYoungGen: 190567K->34596K(213504K)] 668502K->513226K(737792K), 0.0104523 secs] [Times: user=0.09 sys=0.01, real=0.02 secs] 
2016-09-22T22:26:41.860-0400: 18.403: [GC (GCLocker Initiated GC) [PSYoungGen: 202532K->32090K(216064K)] 681162K->527502K(740352K), 0.0359657 secs] [Times: user=0.45 sys=0.03, real=0.04 secs] 
2016-09-22T22:26:42.065-0400: 18.608: [Full GC (Ergonomics) [PSYoungGen: 202586K->0K(216064K)] [ParOldGen: 503536K->74382K(524288K)] 706123K->74382K(740352K), [Metaspace: 43161K->43161K(1085440K)], 0.0654743 secs] [Times: user=0.31 sys=0.09, real=0.07 secs] 
2016-09-22T22:26:42.302-0400: 18.845: [GC (GCLocker Initiated GC) [PSYoungGen: 170496K->44404K(215040K)] 245042K->121651K(739328K), 0.0136027 secs] [Times: user=0.10 sys=0.02, real=0.02 secs] 
2016-09-22T22:26:42.469-0400: 19.013: [GC (GCLocker Initiated GC) [PSYoungGen: 214900K->37609K(208896K)] 297645K->122468K(733184K), 0.0041862 secs] [Times: user=0.04 sys=0.01, real=0.00 secs] 
2016-09-22T22:26:42.628-0400: 19.171: [GC (GCLocker Initiated GC) [PSYoungGen: 199401K->34874K(211968K)] 284441K->120594K(736256K), 0.0095424 secs] [Times: user=0.12 sys=0.01, real=0.01 secs] 
2016-09-22T22:26:42.783-0400: 19.327: [GC (GCLocker Initiated GC) [PSYoungGen: 196666K->39084K(210432K)] 290719K->133741K(734720K), 0.0100340 secs] [Times: user=0.10 sys=0.01, real=0.01 secs] 
2016-09-22T22:26:42.945-0400: 19.488: [GC (GCLocker Initiated GC) [PSYoungGen: 199852K->48410K(209408K)] 294542K->143792K(733696K), 0.0053353 secs] [Times: user=0.06 sys=0.00, real=0.01 secs] 
2016-09-22T22:26:43.092-0400: 19.635: [GC (GCLocker Initiated GC) [PSYoungGen: 209178K->26553K(207360K)] 304656K->133439K(731648K), 0.0153010 secs] [Times: user=0.14 sys=0.02, real=0.02 secs] 
2016-09-22T22:26:43.248-0400: 19.792: [GC (GCLocker Initiated GC) [PSYoungGen: 181177K->14482K(169472K)] 296176K->130080K(693760K), 0.0065336 secs] [Times: user=0.06 sys=0.01, real=0.01 secs] 
2016-09-22T22:26:43.398-0400: 19.941: [GC (GCLocker Initiated GC) [PSYoungGen: 169106K->27836K(208896K)] 288799K->148232K(733184K), 0.0093852 secs] [Times: user=0.06 sys=0.01, real=0.01 secs] 
2016-09-22T22:26:43.550-0400: 20.093: [GC (GCLocker Initiated GC) [PSYoungGen: 181436K->40233K(206848K)] 301868K->161229K(731136K), 0.0100237 secs] [Times: user=0.11 sys=0.03, real=0.01 secs] 
2016-09-22T22:26:43.708-0400: 20.251: [GC (GCLocker Initiated GC) [PSYoungGen: 193833K->37620K(207872K)] 319562K->163928K(732160K), 0.0120869 secs] [Times: user=0.12 sys=0.02, real=0.01 secs] 
2016-09-22T22:26:43.866-0400: 20.409: [GC (Allocation Failure) [PSYoungGen: 190708K->20032K(207360K)] 332026K->178160K(731648K), 0.0053219 secs] [Times: user=0.05 sys=0.01, real=0.01 secs] 
2016-09-22T22:26:43.871-0400: 20.415: [GC (GCLocker Initiated GC) [PSYoungGen: 20038K->64K(201728K)] 178166K->175262K(726016K), 0.0036652 secs] [Times: user=0.02 sys=0.00, real=0.01 secs] 
2016-09-22T22:26:44.008-0400: 20.551: [GC (GCLocker Initiated GC) [PSYoungGen: 147520K->38983K(186880K)] 322722K->214186K(711168K), 0.0344191 secs] [Times: user=0.39 sys=0.05, real=0.03 secs] 
2016-09-22T22:26:44.209-0400: 20.752: [GC (GCLocker Initiated GC) [PSYoungGen: 186439K->30665K(205824K)] 361644K->207943K(730112K), 0.0091247 secs] [Times: user=0.10 sys=0.01, real=0.01 secs] 
2016-09-22T22:26:44.376-0400: 20.919: [GC (GCLocker Initiated GC) [PSYoungGen: 178121K->34628K(182272K)] 355428K->212508K(706560K), 0.0234027 secs] [Times: user=0.21 sys=0.03, real=0.02 secs] 
2016-09-22T22:26:44.588-0400: 21.131: [GC (GCLocker Initiated GC) [PSYoungGen: 182084K->17210K(203264K)] 365393K->209177K(727552K), 0.0153828 secs] [Times: user=0.10 sys=0.02, real=0.01 secs] 
2016-09-22T22:26:44.765-0400: 21.308: [GC (GCLocker Initiated GC) [PSYoungGen: 165178K->13503K(202752K)] 370690K->233141K(727040K), 0.0099229 secs] [Times: user=0.11 sys=0.00, real=0.01 secs] 
2016-09-22T22:26:44.911-0400: 21.454: [GC (GCLocker Initiated GC) [PSYoungGen: 161471K->32449K(206848K)] 385920K->257827K(731136K), 0.0047882 secs] [Times: user=0.03 sys=0.01, real=0.01 secs] 
2016-09-22T22:26:45.050-0400: 21.593: [GC (GCLocker Initiated GC) [PSYoungGen: 185025K->32539K(206848K)] 413136K->261729K(731136K), 0.0089127 secs] [Times: user=0.07 sys=0.00, real=0.01 secs] 
2016-09-22T22:26:45.193-0400: 21.737: [GC (GCLocker Initiated GC) [PSYoungGen: 185115K->35465K(206336K)] 419845K->271436K(730624K), 0.0091043 secs] [Times: user=0.11 sys=0.00, real=0.01 secs] 
2016-09-22T22:26:45.334-0400: 21.877: [GC (GCLocker Initiated GC) [PSYoungGen: 188553K->38091K(206848K)] 427305K->288799K(731136K), 0.0100461 secs] [Times: user=0.09 sys=0.00, real=0.01 secs] 
2016-09-22T22:26:45.469-0400: 22.012: [GC (GCLocker Initiated GC) [PSYoungGen: 191179K->29924K(204800K)] 447417K->308978K(729088K), 0.0136467 secs] [Times: user=0.17 sys=0.00, real=0.01 secs] 
2016-09-22T22:26:45.617-0400: 22.161: [GC (GCLocker Initiated GC) [PSYoungGen: 184036K->29712K(206336K)] 463245K->310072K(730624K), 0.0060708 secs] [Times: user=0.06 sys=0.00, real=0.00 secs] 
2016-09-22T22:26:45.763-0400: 22.306: [GC (GCLocker Initiated GC) [PSYoungGen: 183824K->35210K(209408K)] 466980K->319480K(733696K), 0.0199490 secs] [Times: user=0.28 sys=0.00, real=0.02 secs] 
2016-09-22T22:26:45.913-0400: 22.456: [GC (GCLocker Initiated GC) [PSYoungGen: 194442K->40652K(209408K)] 478845K->326116K(733696K), 0.0232867 secs] [Times: user=0.35 sys=0.00, real=0.03 secs] 
2016-09-22T22:26:46.093-0400: 22.636: [GC (GCLocker Initiated GC) [PSYoungGen: 199884K->21779K(210944K)] 492106K->314935K(735232K), 0.0096425 secs] [Times: user=0.10 sys=0.00, real=0.01 secs] 
2016-09-22T22:26:46.237-0400: 22.780: [GC (GCLocker Initiated GC) [PSYoungGen: 181011K->39356K(198656K)] 474233K->333731K(722944K), 0.0055279 secs] [Times: user=0.04 sys=0.00, real=0.00 secs] 
2016-09-22T22:26:46.387-0400: 22.931: [GC (GCLocker Initiated GC) [PSYoungGen: 198588K->5727K(205312K)] 510561K->337797K(729600K), 0.0085265 secs] [Times: user=0.09 sys=0.00, real=0.01 secs] 
2016-09-22T22:26:46.528-0400: 23.071: [GC (GCLocker Initiated GC) [PSYoungGen: 158303K->31213K(207360K)] 495998K->370161K(731648K), 0.0055519 secs] [Times: user=0.04 sys=0.00, real=0.00 secs] 
2016-09-22T22:26:46.669-0400: 23.212: [GC (GCLocker Initiated GC) [PSYoungGen: 183789K->34042K(205824K)] 522741K->374083K(730112K), 0.0050153 secs] [Times: user=0.05 sys=0.00, real=0.00 secs] 
2016-09-22T22:26:46.801-0400: 23.345: [GC (GCLocker Initiated GC) [PSYoungGen: 188154K->23151K(206848K)] 537657K->373824K(731136K), 0.0113004 secs] [Times: user=0.15 sys=0.01, real=0.01 secs] 
2016-09-22T22:26:46.947-0400: 23.490: [GC (GCLocker Initiated GC) [PSYoungGen: 177263K->50066K(200192K)] 538761K->415331K(724480K), 0.0096302 secs] [Times: user=0.15 sys=0.00, real=0.01 secs] 
2016-09-22T22:26:47.080-0400: 23.624: [GC (GCLocker Initiated GC) [PSYoungGen: 198546K->39299K(187904K)] 563880K->421811K(712192K), 0.0109333 secs] [Times: user=0.10 sys=0.01, real=0.01 secs] 
2016-09-22T22:26:47.219-0400: 23.763: [GC (GCLocker Initiated GC) [PSYoungGen: 187779K->32475K(206848K)] 570295K->416093K(731136K), 0.0127084 secs] [Times: user=0.15 sys=0.00, real=0.01 secs] 
2016-09-22T22:26:47.357-0400: 23.901: [GC (GCLocker Initiated GC) [PSYoungGen: 181979K->52931K(202752K)] 565607K->437640K(727040K), 0.0102591 secs] [Times: user=0.13 sys=0.01, real=0.01 secs] 
2016-09-22T22:26:47.486-0400: 24.030: [GC (GCLocker Initiated GC) [PSYoungGen: 202435K->51568K(192512K)] 587355K->437647K(716800K), 0.0058941 secs] [Times: user=0.07 sys=0.00, real=0.01 secs] 
2016-09-22T22:26:47.609-0400: 24.152: [GC (GCLocker Initiated GC) [PSYoungGen: 184688K->51313K(184832K)] 570793K->438524K(709120K), 0.0076874 secs] [Times: user=0.06 sys=0.00, real=0.01 secs] 
2016-09-22T22:26:47.736-0400: 24.279: [GC (GCLocker Initiated GC) [PSYoungGen: 184433K->21472K(195072K)] 579865K->431408K(719360K), 0.0117378 secs] [Times: user=0.11 sys=0.00, real=0.01 secs] 
2016-09-22T22:26:47.860-0400: 24.403: [GC (GCLocker Initiated GC) [PSYoungGen: 148960K->30827K(158720K)] 561613K->444414K(683008K), 0.0083616 secs] [Times: user=0.08 sys=0.00, real=0.01 secs] 
2016-09-22T22:26:48.002-0400: 24.545: [GC (GCLocker Initiated GC) [PSYoungGen: 158315K->10909K(191488K)] 585501K->455109K(715776K), 0.0063780 secs] [Times: user=0.06 sys=0.00, real=0.01 secs] 
2016-09-22T22:26:48.128-0400: 24.671: [GC (GCLocker Initiated GC) [PSYoungGen: 137373K->31114K(192512K)] 591045K->485821K(716800K), 0.0072203 secs] [Times: user=0.07 sys=0.00, real=0.01 secs] 
2016-09-22T22:26:48.240-0400: 24.783: [GC (GCLocker Initiated GC) [PSYoungGen: 157578K->37768K(195072K)] 612308K->509704K(719360K), 0.0060601 secs] [Times: user=0.07 sys=0.00, real=0.00 secs] 
2016-09-22T22:26:48.359-0400: 24.903: [GC (Allocation Failure) [PSYoungGen: 169864K->33666K(194048K)] 647244K->511915K(718336K), 0.0065628 secs] [Times: user=0.05 sys=0.01, real=0.00 secs] 
2016-09-22T22:26:48.478-0400: 25.021: [GC (GCLocker Initiated GC) [PSYoungGen: 165762K->35161K(198144K)] 644015K->533284K(722432K), 0.0238920 secs] [Times: user=0.29 sys=0.01, real=0.02 secs] 
2016-09-22T22:26:48.502-0400: 25.045: [Full GC (Ergonomics) [PSYoungGen: 35161K->0K(198144K)] [ParOldGen: 498123K->107705K(524288K)] 533284K->107705K(722432K), [Metaspace: 43463K->43463K(1085440K)], 0.0574048 secs] [Times: user=0.37 sys=0.01, real=0.06 secs] 
2016-09-22T22:26:51.687-0400: 28.230: [GC (Allocation Failure) [PSYoungGen: 139264K->42253K(196608K)] 257813K->160811K(720896K), 0.0064426 secs] [Times: user=0.07 sys=0.00, real=0.00 secs] 
2016-09-22T22:26:51.835-0400: 28.378: [GC (GCLocker Initiated GC) [PSYoungGen: 180125K->35159K(201728K)] 301382K->163042K(726016K), 0.0065803 secs] [Times: user=0.05 sys=0.00, real=0.00 secs] 
2016-09-22T22:26:51.983-0400: 28.526: [GC (GCLocker Initiated GC) [PSYoungGen: 181591K->31299K(202752K)] 317707K->168472K(727040K), 0.0066804 secs] [Times: user=0.09 sys=0.01, real=0.01 secs] 
2016-09-22T22:26:52.140-0400: 28.683: [GC (GCLocker Initiated GC) [PSYoungGen: 177731K->46268K(202240K)] 314918K->184394K(726528K), 0.0064867 secs] [Times: user=0.07 sys=0.00, real=0.01 secs] 
2016-09-22T22:26:52.298-0400: 28.841: [GC (GCLocker Initiated GC) [PSYoungGen: 193724K->32807K(204800K)] 337282K->177563K(729088K), 0.0050216 secs] [Times: user=0.06 sys=0.01, real=0.00 secs] 
2016-09-22T22:26:52.463-0400: 29.006: [GC (GCLocker Initiated GC) [PSYoungGen: 180263K->23037K(204288K)] 337378K->181350K(728576K), 0.0132705 secs] [Times: user=0.16 sys=0.00, real=0.02 secs] 
2016-09-22T22:26:52.633-0400: 29.176: [GC (GCLocker Initiated GC) [PSYoungGen: 172541K->35442K(204800K)] 336355K->200477K(729088K), 0.0149763 secs] [Times: user=0.20 sys=0.00, real=0.02 secs] 
2016-09-22T22:26:52.804-0400: 29.348: [GC (GCLocker Initiated GC) [PSYoungGen: 184946K->38102K(206336K)] 354034K->208377K(730624K), 0.0108011 secs] [Times: user=0.14 sys=0.00, real=0.02 secs] 
2016-09-22T22:26:52.985-0400: 29.528: [GC (GCLocker Initiated GC) [PSYoungGen: 190678K->34003K(205824K)] 363892K->208397K(730112K), 0.0151815 secs] [Times: user=0.24 sys=0.00, real=0.02 secs] 
2016-09-22T22:26:53.148-0400: 29.692: [GC (GCLocker Initiated GC) [PSYoungGen: 186579K->42146K(205824K)] 363683K->220373K(730112K), 0.0066788 secs] [Times: user=0.08 sys=0.00, real=0.01 secs] 
2016-09-22T22:26:53.306-0400: 29.849: [GC (GCLocker Initiated GC) [PSYoungGen: 196258K->48884K(203264K)] 377212K->231012K(727552K), 0.0064387 secs] [Times: user=0.08 sys=0.01, real=0.01 secs] 
2016-09-22T22:26:53.487-0400: 30.031: [GC (GCLocker Initiated GC) [PSYoungGen: 202996K->25827K(206336K)] 392007K->215896K(730624K), 0.0058351 secs] [Times: user=0.05 sys=0.00, real=0.00 secs] 
2016-09-22T22:26:53.659-0400: 30.202: [GC (GCLocker Initiated GC) [PSYoungGen: 175843K->23643K(205824K)] 375453K->224508K(730112K), 0.0038341 secs] [Times: user=0.04 sys=0.01, real=0.00 secs] 
2016-09-22T22:26:53.833-0400: 30.377: [GC (GCLocker Initiated GC) [PSYoungGen: 173659K->19443K(205312K)] 379933K->227176K(729600K), 0.0050105 secs] [Times: user=0.04 sys=0.00, real=0.01 secs] 
2016-09-22T22:26:54.011-0400: 30.554: [GC (GCLocker Initiated GC) [PSYoungGen: 168947K->26177K(176128K)] 383548K->242375K(700416K), 0.0075377 secs] [Times: user=0.07 sys=0.00, real=0.01 secs] 
2016-09-22T22:26:54.188-0400: 30.731: [GC (GCLocker Initiated GC) [PSYoungGen: 175681K->18058K(205312K)] 394827K->255025K(729600K), 0.0086207 secs] [Times: user=0.09 sys=0.00, real=0.01 secs] 
2016-09-22T22:26:54.345-0400: 30.889: [GC (GCLocker Initiated GC) [PSYoungGen: 168074K->46735K(197120K)] 405060K->285284K(721408K), 0.0062725 secs] [Times: user=0.07 sys=0.00, real=0.01 secs] 
2016-09-22T22:26:54.500-0400: 31.043: [GC (GCLocker Initiated GC) [PSYoungGen: 196751K->49631K(196096K)] 440855K->295423K(720384K), 0.0078722 secs] [Times: user=0.08 sys=0.00, real=0.01 secs] 
2016-09-22T22:26:54.648-0400: 31.191: [GC (GCLocker Initiated GC) [PSYoungGen: 186847K->50816K(188416K)] 439418K->305216K(712704K), 0.0069188 secs] [Times: user=0.09 sys=0.00, real=0.01 secs] 
2016-09-22T22:26:54.795-0400: 31.338: [GC (GCLocker Initiated GC) [PSYoungGen: 188032K->42713K(196608K)] 450561K->325830K(720896K), 0.0055849 secs] [Times: user=0.06 sys=0.00, real=0.00 secs] 
2016-09-22T22:26:54.935-0400: 31.479: [GC (GCLocker Initiated GC) [PSYoungGen: 173273K->30238K(161280K)] 457769K->332587K(685568K), 0.0084405 secs] [Times: user=0.10 sys=0.01, real=0.00 secs] 
2016-09-22T22:26:55.082-0400: 31.625: [GC (Allocation Failure) [PSYoungGen: 160798K->13787K(193024K)] 478112K->354157K(717312K), 0.0076623 secs] [Times: user=0.10 sys=0.00, real=0.01 secs] 
2016-09-22T22:26:55.214-0400: 31.757: [GC (GCLocker Initiated GC) [PSYoungGen: 143143K->33000K(194048K)] 486213K->388001K(718336K), 0.0088174 secs] [Times: user=0.10 sys=0.00, real=0.01 secs] 
2016-09-22T22:26:55.336-0400: 31.880: [GC (GCLocker Initiated GC) [PSYoungGen: 162536K->33988K(194560K)] 520415K->393226K(718848K), 0.0047022 secs] [Times: user=0.04 sys=0.00, real=0.00 secs] 
2016-09-22T22:26:55.465-0400: 32.008: [GC (GCLocker Initiated GC) [PSYoungGen: 170180K->44973K(195072K)] 539028K->414993K(719360K), 0.0060423 secs] [Times: user=0.07 sys=0.00, real=0.01 secs] 
2016-09-22T22:26:55.627-0400: 32.171: [GC (GCLocker Initiated GC) [PSYoungGen: 181165K->30286K(201216K)] 557948K->421829K(725504K), 0.0065491 secs] [Times: user=0.09 sys=0.00, real=0.00 secs] 
2016-09-22T22:26:55.768-0400: 32.311: [GC (GCLocker Initiated GC) [PSYoungGen: 172622K->26147K(201216K)] 569575K->424549K(725504K), 0.0045131 secs] [Times: user=0.05 sys=0.00, real=0.00 secs] 
2016-09-22T22:26:55.914-0400: 32.457: [GC (GCLocker Initiated GC) [PSYoungGen: 168483K->31393K(200192K)] 569013K->433322K(724480K), 0.0048114 secs] [Times: user=0.06 sys=0.01, real=0.01 secs] 
2016-09-22T22:26:56.051-0400: 32.594: [GC (GCLocker Initiated GC) [PSYoungGen: 176801K->15051K(201216K)] 585674K->425121K(725504K), 0.0043130 secs] [Times: user=0.03 sys=0.00, real=0.01 secs] 
2016-09-22T22:26:56.190-0400: 32.733: [GC (Allocation Failure) [PSYoungGen: 160459K->20771K(205312K)] 584236K->445724K(729600K), 0.0044412 secs] [Times: user=0.04 sys=0.00, real=0.00 secs] 
2016-09-22T22:26:56.337-0400: 32.881: [GC (GCLocker Initiated GC) [PSYoungGen: 169670K->49292K(199168K)] 597323K->478294K(723456K), 0.0054758 secs] [Times: user=0.07 sys=0.00, real=0.00 secs] 
2016-09-22T22:26:56.492-0400: 33.035: [GC (GCLocker Initiated GC) [PSYoungGen: 198796K->38541K(202240K)] 628555K->469813K(726528K), 0.0051485 secs] [Times: user=0.07 sys=0.00, real=0.01 secs] 
2016-09-22T22:26:56.637-0400: 33.180: [GC (GCLocker Initiated GC) [PSYoungGen: 180365K->41157K(201728K)] 611640K->473987K(726016K), 0.0050403 secs] [Times: user=0.07 sys=0.01, real=0.00 secs] 
2016-09-22T22:26:56.772-0400: 33.316: [GC (GCLocker Initiated GC) [PSYoungGen: 182981K->34203K(197632K)] 618582K->471307K(721920K), 0.0049960 secs] [Times: user=0.04 sys=0.00, real=0.01 secs] 
2016-09-22T22:26:56.909-0400: 33.452: [GC (GCLocker Initiated GC) [PSYoungGen: 176027K->40667K(199680K)] 613205K->479232K(723968K), 0.0107407 secs] [Times: user=0.12 sys=0.00, real=0.01 secs] 
2016-09-22T22:26:57.067-0400: 33.611: [GC (GCLocker Initiated GC) [PSYoungGen: 182491K->30412K(201216K)] 629312K->502802K(725504K), 0.0056471 secs] [Times: user=0.08 sys=0.00, real=0.00 secs] 
2016-09-22T22:26:57.218-0400: 33.762: [GC (GCLocker Initiated GC) [PSYoungGen: 176844K->45198K(202752K)] 649267K->519220K(727040K), 0.0100012 secs] [Times: user=0.11 sys=0.01, real=0.01 secs] 
2016-09-22T22:26:57.375-0400: 33.918: [GC (GCLocker Initiated GC) [PSYoungGen: 191630K->38481K(204800K)] 665803K->535860K(729088K), 0.0089360 secs] [Times: user=0.10 sys=0.01, real=0.00 secs] 
2016-09-22T22:26:57.384-0400: 33.927: [Full GC (Ergonomics) [PSYoungGen: 38481K->0K(204800K)] [ParOldGen: 497379K->156887K(524288K)] 535860K->156887K(729088K), [Metaspace: 43546K->43546K(1085440K)], 0.0524021 secs] [Times: user=0.39 sys=0.01, real=0.06 secs] 
2016-09-22T22:26:57.595-0400: 34.139: [GC (GCLocker Initiated GC) [PSYoungGen: 146432K->36313K(182784K)] 310224K->200105K(707072K), 0.0053922 secs] [Times: user=0.04 sys=0.00, real=0.00 secs] 
2016-09-22T22:26:57.769-0400: 34.312: [GC (GCLocker Initiated GC) [PSYoungGen: 182745K->41034K(201728K)] 346615K->206955K(726016K), 0.0049944 secs] [Times: user=0.06 sys=0.00, real=0.00 secs] 
2016-09-22T22:26:57.917-0400: 34.460: [GC (GCLocker Initiated GC) [PSYoungGen: 187466K->43612K(201728K)] 361512K->219071K(726016K), 0.0233797 secs] [Times: user=0.32 sys=0.00, real=0.02 secs] 
2016-09-22T22:26:58.072-0400: 34.615: [GC (GCLocker Initiated GC) [PSYoungGen: 190044K->54558K(196608K)] 365536K->252915K(720896K), 0.0064498 secs] [Times: user=0.09 sys=0.00, real=0.01 secs] 
2016-09-22T22:26:58.216-0400: 34.759: [GC (GCLocker Initiated GC) [PSYoungGen: 194846K->32992K(201216K)] 398655K->265197K(725504K), 0.0059756 secs] [Times: user=0.06 sys=0.00, real=0.00 secs] 
2016-09-22T22:26:58.384-0400: 34.928: [GC (GCLocker Initiated GC) [PSYoungGen: 173280K->12635K(198144K)] 413853K->254623K(722432K), 0.0098524 secs] [Times: user=0.11 sys=0.01, real=0.01 secs] 
2016-09-22T22:26:58.524-0400: 35.068: [GC (GCLocker Initiated GC) [PSYoungGen: 150875K->40919K(200192K)] 395729K->287145K(724480K), 0.0044322 secs] [Times: user=0.05 sys=0.00, real=0.01 secs] 
2016-09-22T22:26:58.660-0400: 35.203: [GC (GCLocker Initiated GC) [PSYoungGen: 179159K->39609K(196608K)] 429604K->304827K(720896K), 0.0116422 secs] [Times: user=0.15 sys=0.00, real=0.01 secs] 
2016-09-22T22:26:58.801-0400: 35.344: [GC (GCLocker Initiated GC) [PSYoungGen: 178361K->40795K(198656K)] 443627K->334407K(722944K), 0.0082624 secs] [Times: user=0.13 sys=0.01, real=0.01 secs] 
2016-09-22T22:26:58.952-0400: 35.496: [GC (GCLocker Initiated GC) [PSYoungGen: 179547K->34257K(197632K)] 482637K->338497K(721920K), 0.0107636 secs] [Times: user=0.15 sys=0.00, real=0.01 secs] 
2016-09-22T22:26:59.102-0400: 35.646: [GC (GCLocker Initiated GC) [PSYoungGen: 177105K->31482K(200192K)] 492202K->358711K(724480K), 0.0098335 secs] [Times: user=0.10 sys=0.01, real=0.01 secs] 
2016-09-22T22:26:59.266-0400: 35.809: [GC (GCLocker Initiated GC) [PSYoungGen: 174330K->30190K(201728K)] 504470K->361704K(726016K), 0.0102267 secs] [Times: user=0.16 sys=0.00, real=0.02 secs] 
2016-09-22T22:26:59.421-0400: 35.965: [GC (GCLocker Initiated GC) [PSYoungGen: 178670K->26176K(203776K)] 518298K->367148K(728064K), 0.0043435 secs] [Times: user=0.04 sys=0.01, real=0.00 secs] 
2016-09-22T22:26:59.570-0400: 36.113: [GC (GCLocker Initiated GC) [PSYoungGen: 174656K->38203K(205312K)] 518401K->383320K(729600K), 0.0076112 secs] [Times: user=0.07 sys=0.00, real=0.01 secs] 
2016-09-22T22:26:59.738-0400: 36.281: [GC (GCLocker Initiated GC) [PSYoungGen: 190267K->41095K(206336K)] 540941K->393170K(730624K), 0.0050301 secs] [Times: user=0.06 sys=0.00, real=0.00 secs] 
2016-09-22T22:26:59.916-0400: 36.459: [GC (GCLocker Initiated GC) [PSYoungGen: 193159K->23500K(207360K)] 549436K->381243K(731648K), 0.0040324 secs] [Times: user=0.05 sys=0.00, real=0.00 secs] 
2016-09-22T22:27:00.083-0400: 36.627: [GC (GCLocker Initiated GC) [PSYoungGen: 176076K->22374K(207360K)] 543294K->390941K(731648K), 0.0048377 secs] [Times: user=0.06 sys=0.00, real=0.01 secs] 
2016-09-22T22:27:00.230-0400: 36.773: [GC (GCLocker Initiated GC) [PSYoungGen: 174950K->50565K(198144K)] 543541K->420849K(722432K), 0.0064853 secs] [Times: user=0.06 sys=0.00, real=0.01 secs] 
2016-09-22T22:27:00.367-0400: 36.910: [GC (GCLocker Initiated GC) [PSYoungGen: 193925K->49432K(193024K)] 564427K->434951K(717312K), 0.0053857 secs] [Times: user=0.08 sys=0.00, real=0.00 secs] 
2016-09-22T22:27:00.512-0400: 37.055: [GC (GCLocker Initiated GC) [PSYoungGen: 192792K->42467K(200192K)] 581038K->432262K(724480K), 0.0118788 secs] [Times: user=0.13 sys=0.01, real=0.01 secs] 
2016-09-22T22:27:00.666-0400: 37.210: [GC (GCLocker Initiated GC) [PSYoungGen: 180707K->41165K(179712K)] 575972K->438005K(704000K), 0.0097948 secs] [Times: user=0.11 sys=0.00, real=0.02 secs] 
2016-09-22T22:27:00.832-0400: 37.375: [GC (GCLocker Initiated GC) [PSYoungGen: 179405K->23646K(199168K)] 582028K->449508K(723456K), 0.0107221 secs] [Times: user=0.13 sys=0.00, real=0.01 secs] 
2016-09-22T22:27:00.985-0400: 37.529: [GC (GCLocker Initiated GC) [PSYoungGen: 161886K->26223K(199168K)] 587758K->453757K(723456K), 0.0076318 secs] [Times: user=0.11 sys=0.00, real=0.01 secs] 
2016-09-22T22:27:01.127-0400: 37.671: [GC (GCLocker Initiated GC) [PSYoungGen: 164463K->30284K(199168K)] 593397K->460622K(723456K), 0.0091050 secs] [Times: user=0.10 sys=0.01, real=0.01 secs] 
2016-09-22T22:27:01.274-0400: 37.817: [GC (GCLocker Initiated GC) [PSYoungGen: 171596K->38463K(199680K)] 608853K->477189K(723968K), 0.0051505 secs] [Times: user=0.05 sys=0.01, real=0.01 secs] 
2016-09-22T22:27:01.419-0400: 37.962: [GC (GCLocker Initiated GC) [PSYoungGen: 179775K->43616K(202240K)] 621370K->486712K(726528K), 0.0089690 secs] [Times: user=0.09 sys=0.00, real=0.01 secs] 
2016-09-22T22:27:01.579-0400: 38.123: [GC (GCLocker Initiated GC) [PSYoungGen: 188512K->43832K(188928K)] 637037K->493707K(713216K), 0.0052233 secs] [Times: user=0.08 sys=0.00, real=0.00 secs] 
2016-09-22T22:27:01.721-0400: 38.264: [GC (GCLocker Initiated GC) [PSYoungGen: 188728K->49037K(198656K)] 638842K->500629K(722944K), 0.0069069 secs] [Times: user=0.08 sys=0.00, real=0.01 secs] 
2016-09-22T22:27:01.860-0400: 38.403: [GC (GCLocker Initiated GC) [PSYoungGen: 188301K->31386K(200704K)] 645461K->500652K(724992K), 0.0172472 secs] [Times: user=0.21 sys=0.00, real=0.02 secs] 
2016-09-22T22:27:02.021-0400: 38.564: [GC (GCLocker Initiated GC) [PSYoungGen: 170650K->31286K(196608K)] 650909K->512703K(720896K), 0.0062074 secs] [Times: user=0.06 sys=0.00, real=0.01 secs] 
2016-09-22T22:27:02.174-0400: 38.717: [GC (GCLocker Initiated GC) [PSYoungGen: 171574K->32694K(199168K)] 653060K->515317K(723456K), 0.0060219 secs] [Times: user=0.06 sys=0.00, real=0.01 secs] 
2016-09-22T22:27:02.310-0400: 38.853: [GC (GCLocker Initiated GC) [PSYoungGen: 172982K->36609K(199168K)] 655637K->520580K(723456K), 0.0054692 secs] [Times: user=0.05 sys=0.00, real=0.01 secs] 
2016-09-22T22:27:02.446-0400: 38.989: [GC (GCLocker Initiated GC) [PSYoungGen: 182529K->38171K(201728K)] 666703K->531714K(726016K), 0.0071920 secs] [Times: user=0.08 sys=0.00, real=0.01 secs] 
2016-09-22T22:27:02.598-0400: 39.141: [GC (GCLocker Initiated GC) [PSYoungGen: 184091K->40751K(205312K)] 677682K->535591K(729600K), 0.0064834 secs] [Times: user=0.07 sys=0.00, real=0.00 secs] 
2016-09-22T22:27:02.753-0400: 39.297: [GC (GCLocker Initiated GC) [PSYoungGen: 192815K->9651K(161792K)] 697199K->526156K(686080K), 0.0074779 secs] [Times: user=0.08 sys=0.00, real=0.01 secs] 
2016-09-22T22:27:02.761-0400: 39.304: [Full GC (Ergonomics) [PSYoungGen: 9651K->0K(161792K)] [ParOldGen: 516505K->154743K(524288K)] 526156K->154743K(686080K), [Metaspace: 43575K->43575K(1085440K)], 0.0643170 secs] [Times: user=0.49 sys=0.01, real=0.06 secs] 
2016-09-22T22:27:02.957-0400: 39.500: [GC (GCLocker Initiated GC) [PSYoungGen: 152064K->36770K(206336K)] 312241K->196948K(730624K), 0.0048729 secs] [Times: user=0.06 sys=0.00, real=0.00 secs] 
2016-09-22T22:27:03.098-0400: 39.642: [GC (GCLocker Initiated GC) [PSYoungGen: 185762K->34006K(183296K)] 356973K->206313K(707584K), 0.0107120 secs] [Times: user=0.16 sys=0.00, real=0.01 secs] 
2016-09-22T22:27:03.253-0400: 39.796: [GC (GCLocker Initiated GC) [PSYoungGen: 182998K->31313K(204288K)] 358154K->207579K(728576K), 0.0111623 secs] [Times: user=0.14 sys=0.00, real=0.01 secs] 
2016-09-22T22:27:03.392-0400: 39.935: [GC (GCLocker Initiated GC) [PSYoungGen: 181841K->34052K(202752K)] 367716K->221126K(727040K), 0.0052734 secs] [Times: user=0.05 sys=0.00, real=0.01 secs] 
2016-09-22T22:27:03.527-0400: 40.071: [GC (GCLocker Initiated GC) [PSYoungGen: 184580K->25706K(207360K)] 377213K->219468K(731648K), 0.0041383 secs] [Times: user=0.05 sys=0.00, real=0.00 secs] 
2016-09-22T22:27:03.660-0400: 40.204: [GC (GCLocker Initiated GC) [PSYoungGen: 182378K->25507K(206848K)] 385812K->229857K(731136K), 0.0095861 secs] [Times: user=0.12 sys=0.00, real=0.01 secs] 
2016-09-22T22:27:03.812-0400: 40.356: [GC (GCLocker Initiated GC) [PSYoungGen: 182179K->31176K(209408K)] 392158K->250178K(733696K), 0.0075083 secs] [Times: user=0.08 sys=0.00, real=0.01 secs] 
2016-09-22T22:27:03.952-0400: 40.496: [GC (GCLocker Initiated GC) [PSYoungGen: 192968K->29618K(210432K)] 414792K->252439K(734720K), 0.0122369 secs] [Times: user=0.15 sys=0.00, real=0.01 secs] 
2016-09-22T22:27:04.097-0400: 40.640: [GC (GCLocker Initiated GC) [PSYoungGen: 191410K->43317K(208896K)] 414233K->285925K(733184K), 0.0075052 secs] [Times: user=0.10 sys=0.00, real=0.00 secs] 
2016-09-22T22:27:04.865-0400: 41.409: [GC (GCLocker Initiated GC) [PSYoungGen: 205109K->21821K(211968K)] 451918K->269675K(736256K), 0.0045729 secs] [Times: user=0.05 sys=0.00, real=0.01 secs] 
2016-09-22T22:27:05.024-0400: 41.568: [GC (GCLocker Initiated GC) [PSYoungGen: 183613K->43680K(206848K)] 435604K->296821K(731136K), 0.0060693 secs] [Times: user=0.06 sys=0.01, real=0.01 secs] 
2016-09-22T22:27:05.190-0400: 41.733: [GC (GCLocker Initiated GC) [PSYoungGen: 200352K->32938K(209408K)] 459123K->303875K(733696K), 0.0142176 secs] [Times: user=0.19 sys=0.00, real=0.01 secs] 
2016-09-22T22:27:05.358-0400: 41.902: [GC (GCLocker Initiated GC) [PSYoungGen: 189610K->38371K(209408K)] 467326K->317496K(733696K), 0.0053457 secs] [Times: user=0.06 sys=0.02, real=0.00 secs] 
2016-09-22T22:27:05.511-0400: 42.054: [GC (GCLocker Initiated GC) [PSYoungGen: 197091K->28761K(209920K)] 481752K->339140K(734208K), 0.0058242 secs] [Times: user=0.07 sys=0.01, real=0.01 secs] 
2016-09-22T22:27:05.678-0400: 42.222: [GC (GCLocker Initiated GC) [PSYoungGen: 187481K->47724K(204800K)] 500593K->362133K(729088K), 0.0063092 secs] [Times: user=0.07 sys=0.01, real=0.00 secs] 
2016-09-22T22:27:05.836-0400: 42.379: [GC (GCLocker Initiated GC) [PSYoungGen: 202348K->40076K(208384K)] 516776K->366656K(732672K), 0.0054474 secs] [Times: user=0.05 sys=0.00, real=0.00 secs] 
2016-09-22T22:27:06.000-0400: 42.543: [GC (GCLocker Initiated GC) [PSYoungGen: 194700K->53752K(198144K)] 521290K->382114K(722432K), 0.0064793 secs] [Times: user=0.09 sys=0.00, real=0.00 secs] 
2016-09-22T22:27:06.171-0400: 42.715: [GC (GCLocker Initiated GC) [PSYoungGen: 198136K->26822K(203264K)] 529231K->370608K(727552K), 0.0162021 secs] [Times: user=0.19 sys=0.00, real=0.02 secs] 
2016-09-22T22:27:06.346-0400: 42.889: [GC (GCLocker Initiated GC) [PSYoungGen: 171206K->32320K(199680K)] 519129K->390633K(723968K), 0.0060010 secs] [Times: user=0.06 sys=0.01, real=0.01 secs] 
2016-09-22T22:27:06.518-0400: 43.062: [GC (GCLocker Initiated GC) [PSYoungGen: 177216K->36230K(201728K)] 541167K->402249K(726016K), 0.0060236 secs] [Times: user=0.05 sys=0.00, real=0.00 secs] 
2016-09-22T22:27:06.682-0400: 43.225: [GC (GCLocker Initiated GC) [PSYoungGen: 181126K->38766K(202752K)] 554110K->413831K(727040K), 0.0068056 secs] [Times: user=0.06 sys=0.00, real=0.01 secs] 
2016-09-22T22:27:06.861-0400: 43.404: [GC (GCLocker Initiated GC) [PSYoungGen: 188782K->36200K(204288K)] 569284K->429450K(728576K), 0.0297981 secs] [Times: user=0.36 sys=0.00, real=0.03 secs] 
2016-09-22T22:27:07.063-0400: 43.607: [GC (GCLocker Initiated GC) [PSYoungGen: 186216K->24245K(207872K)] 589759K->435262K(732160K), 0.0079016 secs] [Times: user=0.07 sys=0.00, real=0.01 secs] 
2016-09-22T22:27:07.249-0400: 43.792: [GC (GCLocker Initiated GC) [PSYoungGen: 179381K->29881K(207872K)] 597285K->450150K(732160K), 0.0106781 secs] [Times: user=0.12 sys=0.01, real=0.01 secs] 
2016-09-22T22:27:07.429-0400: 43.972: [GC (GCLocker Initiated GC) [PSYoungGen: 185017K->36649K(207872K)] 605362K->459435K(732160K), 0.0061916 secs] [Times: user=0.06 sys=0.00, real=0.01 secs] 
2016-09-22T22:27:07.616-0400: 44.160: [GC (GCLocker Initiated GC) [PSYoungGen: 193833K->19935K(208384K)] 623891K->473893K(732672K), 0.0072188 secs] [Times: user=0.06 sys=0.02, real=0.00 secs] 
2016-09-22T22:27:07.797-0400: 44.340: [GC (GCLocker Initiated GC) [PSYoungGen: 177119K->35428K(209920K)] 640569K->500935K(734208K), 0.0172085 secs] [Times: user=0.22 sys=0.00, real=0.01 secs] 
2016-09-22T22:27:08.008-0400: 44.551: [GC (GCLocker Initiated GC) [PSYoungGen: 194148K->50102K(208896K)] 659688K->523442K(733184K), 0.0059038 secs] [Times: user=0.07 sys=0.00, real=0.00 secs] 
2016-09-22T22:27:08.199-0400: 44.742: [GC (GCLocker Initiated GC) [PSYoungGen: 208822K->16471K(202752K)] 694534K->531571K(727040K), 0.0089028 secs] [Times: user=0.11 sys=0.00, real=0.01 secs] 
2016-09-22T22:27:08.208-0400: 44.751: [Full GC (Ergonomics) [PSYoungGen: 16471K->0K(202752K)] [ParOldGen: 515100K->123125K(524288K)] 531571K->123125K(727040K), [Metaspace: 43589K->43589K(1085440K)], 0.0617406 secs] [Times: user=0.42 sys=0.02, real=0.06 secs] 
2016-09-22T22:27:08.430-0400: 44.973: [GC (GCLocker Initiated GC) [PSYoungGen: 149504K->45081K(195072K)] 275362K->170939K(719360K), 0.0054044 secs] [Times: user=0.04 sys=0.00, real=0.01 secs] 
2016-09-22T22:27:08.601-0400: 45.144: [GC (GCLocker Initiated GC) [PSYoungGen: 194585K->44411K(201216K)] 320630K->173242K(725504K), 0.0269888 secs] [Times: user=0.31 sys=0.00, real=0.03 secs] 
2016-09-22T22:27:08.790-0400: 45.333: [GC (GCLocker Initiated GC) [PSYoungGen: 186747K->25108K(202240K)] 320286K->160817K(726528K), 0.0092871 secs] [Times: user=0.09 sys=0.00, real=0.01 secs] 
2016-09-22T22:27:08.938-0400: 45.481: [GC (GCLocker Initiated GC) [PSYoungGen: 167444K->41383K(201728K)] 305857K->181642K(726016K), 0.0099627 secs] [Times: user=0.10 sys=0.00, real=0.01 secs] 
2016-09-22T22:27:09.088-0400: 45.631: [GC (GCLocker Initiated GC) [PSYoungGen: 184231K->43681K(186880K)] 324529K->185675K(711168K), 0.0048769 secs] [Times: user=0.04 sys=0.00, real=0.00 secs] 
2016-09-22T22:27:11.524-0400: 48.067: [GC (GCLocker Initiated GC) [PSYoungGen: 186529K->49226K(196608K)] 328556K->222393K(720896K), 0.0079078 secs] [Times: user=0.09 sys=0.00, real=0.01 secs] 
2016-09-22T22:27:11.673-0400: 48.217: [GC (GCLocker Initiated GC) [PSYoungGen: 185418K->32761K(199168K)] 365453K->241284K(723456K), 0.0060526 secs] [Times: user=0.07 sys=0.01, real=0.01 secs] 
2016-09-22T22:27:11.820-0400: 48.363: [GC (GCLocker Initiated GC) [PSYoungGen: 168953K->29921K(196608K)] 383113K->245281K(720896K), 0.0182005 secs] [Times: user=0.23 sys=0.00, real=0.02 secs] 
2016-09-22T22:27:11.989-0400: 48.532: [GC (GCLocker Initiated GC) [PSYoungGen: 168161K->34967K(198144K)] 383553K->251483K(722432K), 0.0077772 secs] [Times: user=0.08 sys=0.00, real=0.01 secs] 
2016-09-22T22:27:12.172-0400: 48.715: [GC (Allocation Failure) [PSYoungGen: 173207K->25655K(201216K)] 392286K->256455K(725504K), 0.0187757 secs] [Times: user=0.19 sys=0.01, real=0.02 secs] 
2016-09-22T22:27:12.338-0400: 48.881: [GC (GCLocker Initiated GC) [PSYoungGen: 169456K->20433K(201216K)] 402955K->255056K(725504K), 0.0193886 secs] [Times: user=0.21 sys=0.00, real=0.02 secs] 
2016-09-22T22:27:12.514-0400: 49.057: [GC (Allocation Failure) [PSYoungGen: 164305K->12330K(201728K)] 401790K->250948K(726016K), 0.0053056 secs] [Times: user=0.04 sys=0.00, real=0.01 secs] 
2016-09-22T22:27:12.662-0400: 49.205: [GC (GCLocker Initiated GC) [PSYoungGen: 154065K->27321K(172032K)] 395382K->269937K(696320K), 0.0140688 secs] [Times: user=0.14 sys=0.00, real=0.02 secs] 
2016-09-22T22:27:12.827-0400: 49.371: [GC (GCLocker Initiated GC) [PSYoungGen: 171705K->28756K(204800K)] 418742K->276921K(729088K), 0.0098302 secs] [Times: user=0.08 sys=0.01, real=0.01 secs] 
2016-09-22T22:27:12.995-0400: 49.538: [GC (GCLocker Initiated GC) [PSYoungGen: 176724K->36758K(202752K)] 425100K->286571K(727040K), 0.0099452 secs] [Times: user=0.09 sys=0.00, real=0.00 secs] 
2016-09-22T22:27:13.173-0400: 49.717: [GC (GCLocker Initiated GC) [PSYoungGen: 184726K->25081K(205824K)] 439551K->289385K(730112K), 0.0089896 secs] [Times: user=0.07 sys=0.01, real=0.01 secs] 
2016-09-22T22:27:13.359-0400: 49.902: [GC (Allocation Failure) [PSYoungGen: 176633K->29170K(204800K)] 443841K->298037K(729088K), 0.0114059 secs] [Times: user=0.08 sys=0.00, real=0.01 secs] 
2016-09-22T22:27:13.371-0400: 49.914: [GC (GCLocker Initiated GC) [PSYoungGen: 29557K->96K(202752K)] 298424K->297853K(727040K), 0.0071980 secs] [Times: user=0.04 sys=0.01, real=0.01 secs] 
2016-09-22T22:27:13.537-0400: 50.080: [GC (GCLocker Initiated GC) [PSYoungGen: 151634K->34798K(205824K)] 449456K->332627K(730112K), 0.0064301 secs] [Times: user=0.05 sys=0.00, real=0.00 secs] 
2016-09-22T22:27:13.748-0400: 50.292: [GC (GCLocker Initiated GC) [PSYoungGen: 186350K->2622K(203776K)] 507176K->328233K(728064K), 0.0037662 secs] [Times: user=0.04 sys=0.00, real=0.00 secs] 
2016-09-22T22:27:13.927-0400: 50.470: [GC (GCLocker Initiated GC) [PSYoungGen: 152126K->30300K(205824K)] 485969K->366285K(730112K), 0.0112409 secs] [Times: user=0.10 sys=0.01, real=0.01 secs] 
2016-09-22T22:27:14.122-0400: 50.665: [GC (GCLocker Initiated GC) [PSYoungGen: 179804K->27568K(201216K)] 521204K->370670K(725504K), 0.0099218 secs] [Times: user=0.11 sys=0.01, real=0.01 secs] 
2016-09-22T22:27:14.305-0400: 50.849: [GC (GCLocker Initiated GC) [PSYoungGen: 178608K->38453K(203776K)] 521773K->383200K(728064K), 0.0057933 secs] [Times: user=0.04 sys=0.00, real=0.01 secs] 
2016-09-22T22:27:14.481-0400: 51.024: [GC (GCLocker Initiated GC) [PSYoungGen: 189493K->29223K(206848K)] 546616K->398853K(731136K), 0.0065817 secs] [Times: user=0.07 sys=0.01, real=0.01 secs] 
2016-09-22T22:27:14.656-0400: 51.200: [GC (GCLocker Initiated GC) [PSYoungGen: 184359K->43819K(199168K)] 554015K->415194K(723456K), 0.0074296 secs] [Times: user=0.09 sys=0.01, real=0.00 secs] 
2016-09-22T22:27:14.853-0400: 51.396: [GC (GCLocker Initiated GC) [PSYoungGen: 198955K->22534K(207872K)] 585305K->429314K(732160K), 0.0056529 secs] [Times: user=0.04 sys=0.01, real=0.01 secs] 
2016-09-22T22:27:15.052-0400: 51.596: [GC (GCLocker Initiated GC) [PSYoungGen: 174598K->44885K(197120K)] 584177K->456227K(721408K), 0.0078770 secs] [Times: user=0.10 sys=0.00, real=0.01 secs] 
2016-09-22T22:27:15.224-0400: 51.768: [GC (Allocation Failure) [PSYoungGen: 196949K->27403K(206336K)] 616584K->472623K(730624K), 0.0111624 secs] [Times: user=0.11 sys=0.00, real=0.02 secs] 
2016-09-22T22:27:15.236-0400: 51.780: [GC (GCLocker Initiated GC) [PSYoungGen: 27760K->160K(148992K)] 472980K->476585K(673280K), 0.0077472 secs] [Times: user=0.08 sys=0.01, real=0.00 secs] 
2016-09-22T22:27:15.398-0400: 51.941: [GC (GCLocker Initiated GC) [PSYoungGen: 147357K->45212K(196608K)] 626483K->524346K(720896K), 0.0153340 secs] [Times: user=0.18 sys=0.00, real=0.01 secs] 
2016-09-22T22:27:15.568-0400: 52.111: [GC (GCLocker Initiated GC) [PSYoungGen: 183452K->29979K(200192K)] 667996K->517437K(724480K), 0.0059081 secs] [Times: user=0.04 sys=0.00, real=0.00 secs] 
2016-09-22T22:27:15.720-0400: 52.263: [Full GC (Ergonomics) [PSYoungGen: 168219K->0K(200192K)] [ParOldGen: 492890K->164248K(524288K)] 661109K->164248K(724480K), [Metaspace: 43604K->43604K(1085440K)], 0.0582346 secs] [Times: user=0.38 sys=0.01, real=0.06 secs] 
2016-09-22T22:27:15.912-0400: 52.455: [GC (GCLocker Initiated GC) [PSYoungGen: 138240K->35865K(198656K)] 310695K->208321K(722944K), 0.0057117 secs] [Times: user=0.06 sys=0.00, real=0.01 secs] 
2016-09-22T22:27:16.050-0400: 52.593: [GC (GCLocker Initiated GC) [PSYoungGen: 177177K->31178K(199680K)] 355127K->213495K(723968K), 0.0132563 secs] [Times: user=0.13 sys=0.00, real=0.01 secs] 
2016-09-22T22:27:16.215-0400: 52.758: [GC (GCLocker Initiated GC) [PSYoungGen: 172490K->25875K(200704K)] 357538K->212258K(724992K), 0.0169769 secs] [Times: user=0.22 sys=0.00, real=0.01 secs] 
2016-09-22T22:27:16.374-0400: 52.917: [GC (GCLocker Initiated GC) [PSYoungGen: 173331K->24653K(201728K)] 362652K->234018K(726016K), 0.0049271 secs] [Times: user=0.04 sys=0.01, real=0.01 secs] 
2016-09-22T22:27:16.521-0400: 53.065: [GC (GCLocker Initiated GC) [PSYoungGen: 172109K->35426K(207360K)] 381689K->246253K(731648K), 0.0113110 secs] [Times: user=0.11 sys=0.00, real=0.01 secs] 
2016-09-22T22:27:16.694-0400: 53.237: [GC (GCLocker Initiated GC) [PSYoungGen: 190050K->39638K(207360K)] 406456K->260077K(731648K), 0.0073987 secs] [Times: user=0.05 sys=0.00, real=0.01 secs] 
2016-09-22T22:27:16.851-0400: 53.394: [GC (GCLocker Initiated GC) [PSYoungGen: 194262K->27491K(206848K)] 422852K->271068K(731136K), 0.0105756 secs] [Times: user=0.09 sys=0.00, real=0.01 secs] 
2016-09-22T22:27:17.014-0400: 53.557: [GC (GCLocker Initiated GC) [PSYoungGen: 182627K->29966K(207360K)] 426217K->275037K(731648K), 0.0146841 secs] [Times: user=0.17 sys=0.00, real=0.02 secs] 
2016-09-22T22:27:17.174-0400: 53.718: [GC (GCLocker Initiated GC) [PSYoungGen: 185102K->27300K(208384K)] 432879K->289889K(732672K), 0.0105734 secs] [Times: user=0.12 sys=0.01, real=0.01 secs] 
2016-09-22T22:27:17.339-0400: 53.882: [GC (GCLocker Initiated GC) [PSYoungGen: 187044K->23353K(208384K)] 457967K->295566K(732672K), 0.0453044 secs] [Times: user=0.49 sys=0.00, real=0.04 secs] 
2016-09-22T22:27:17.583-0400: 54.126: [GC (GCLocker Initiated GC) [PSYoungGen: 183097K->33317K(212992K)] 460776K->312549K(737280K), 0.0048586 secs] [Times: user=0.05 sys=0.00, real=0.01 secs] 
2016-09-22T22:27:17.744-0400: 54.287: [GC (GCLocker Initiated GC) [PSYoungGen: 198693K->33091K(212992K)] 483454K->319556K(737280K), 0.0101677 secs] [Times: user=0.11 sys=0.00, real=0.01 secs] 
2016-09-22T22:27:17.923-0400: 54.466: [GC (GCLocker Initiated GC) [PSYoungGen: 198467K->39999K(210944K)] 490352K->333389K(735232K), 0.0108297 secs] [Times: user=0.11 sys=0.01, real=0.01 secs] 
2016-09-22T22:27:18.103-0400: 54.646: [GC (GCLocker Initiated GC) [PSYoungGen: 203839K->26049K(212992K)] 497246K->321151K(737280K), 0.0168976 secs] [Times: user=0.16 sys=0.02, real=0.02 secs] 
2016-09-22T22:27:18.295-0400: 54.838: [GC (GCLocker Initiated GC) [PSYoungGen: 189889K->35797K(212992K)] 489066K->339104K(737280K), 0.0176248 secs] [Times: user=0.19 sys=0.00, real=0.01 secs] 
2016-09-22T22:27:18.469-0400: 55.013: [GC (GCLocker Initiated GC) [PSYoungGen: 200661K->46702K(211968K)] 504064K->354579K(736256K), 0.0105469 secs] [Times: user=0.10 sys=0.00, real=0.01 secs] 
2016-09-22T22:27:18.663-0400: 55.206: [GC (GCLocker Initiated GC) [PSYoungGen: 211566K->25331K(208896K)] 526428K->352689K(733184K), 0.0131389 secs] [Times: user=0.12 sys=0.00, real=0.02 secs] 
2016-09-22T22:27:18.842-0400: 55.385: [GC (GCLocker Initiated GC) [PSYoungGen: 184051K->33435K(210432K)] 518389K->369890K(734720K), 0.0213348 secs] [Times: user=0.27 sys=0.00, real=0.02 secs] 
2016-09-22T22:27:19.033-0400: 55.576: [GC (GCLocker Initiated GC) [PSYoungGen: 192155K->19647K(209920K)] 532628K->361970K(734208K), 0.0054997 secs] [Times: user=0.04 sys=0.01, real=0.01 secs] 
2016-09-22T22:27:19.200-0400: 55.744: [GC (GCLocker Initiated GC) [PSYoungGen: 179391K->33288K(210432K)] 527135K->382842K(734720K), 0.0098420 secs] [Times: user=0.09 sys=0.01, real=0.01 secs] 
2016-09-22T22:27:19.368-0400: 55.911: [GC (GCLocker Initiated GC) [PSYoungGen: 193032K->22651K(210944K)] 545311K->393024K(735232K), 0.0200098 secs] [Times: user=0.18 sys=0.01, real=0.02 secs] 
2016-09-22T22:27:19.564-0400: 56.107: [GC (GCLocker Initiated GC) [PSYoungGen: 184443K->26810K(210944K)] 564637K->419829K(735232K), 0.0148064 secs] [Times: user=0.19 sys=0.00, real=0.02 secs] 
2016-09-22T22:27:19.743-0400: 56.286: [GC (GCLocker Initiated GC) [PSYoungGen: 188602K->47146K(204800K)] 581661K->453187K(729088K), 0.0062041 secs] [Times: user=0.09 sys=0.00, real=0.01 secs] 
2016-09-22T22:27:19.930-0400: 56.473: [GC (GCLocker Initiated GC) [PSYoungGen: 203818K->11801K(168960K)] 623426K->444120K(693248K), 0.0047414 secs] [Times: user=0.04 sys=0.00, real=0.01 secs] 
2016-09-22T22:27:20.095-0400: 56.638: [GC (GCLocker Initiated GC) [PSYoungGen: 168473K->40170K(205312K)] 605001K->478657K(729600K), 0.0044409 secs] [Times: user=0.05 sys=0.01, real=0.00 secs] 
2016-09-22T22:27:20.269-0400: 56.812: [GC (GCLocker Initiated GC) [PSYoungGen: 191722K->38763K(190464K)] 630332K->479246K(714752K), 0.0051843 secs] [Times: user=0.06 sys=0.00, real=0.00 secs] 
2016-09-22T22:27:20.434-0400: 56.978: [GC (Allocation Failure) [PSYoungGen: 190315K->21072K(206848K)] 637584K->483594K(731136K), 0.0102825 secs] [Times: user=0.10 sys=0.00, real=0.01 secs] 
2016-09-22T22:27:20.592-0400: 57.136: [GC (GCLocker Initiated GC) [PSYoungGen: 170791K->48218K(199680K)] 636013K->523440K(723968K), 0.0056361 secs] [Times: user=0.07 sys=0.00, real=0.01 secs] 
2016-09-22T22:27:20.779-0400: 57.322: [GC (GCLocker Initiated GC) [PSYoungGen: 199258K->14449K(201728K)] 689387K->506368K(726016K), 0.0045709 secs] [Times: user=0.05 sys=0.00, real=0.00 secs] 
2016-09-22T22:27:20.930-0400: 57.473: [GC (GCLocker Initiated GC) [PSYoungGen: 156785K->28998K(171520K)] 656874K->530995K(695808K), 0.0067348 secs] [Times: user=0.07 sys=0.00, real=0.01 secs] 
2016-09-22T22:27:20.936-0400: 57.480: [Full GC (Ergonomics) [PSYoungGen: 28998K->0K(171520K)] [ParOldGen: 501996K->169454K(524288K)] 530995K->169454K(695808K), [Metaspace: 43623K->43623K(1085440K)], 0.0609477 secs] [Times: user=0.38 sys=0.00, real=0.06 secs] 
2016-09-22T22:27:21.144-0400: 57.687: [GC (GCLocker Initiated GC) [PSYoungGen: 142336K->55285K(192000K)] 314517K->227467K(716288K), 0.0087045 secs] [Times: user=0.13 sys=0.00, real=0.01 secs] 
2016-09-22T22:27:21.294-0400: 57.838: [GC (GCLocker Initiated GC) [PSYoungGen: 190453K->22304K(198656K)] 369412K->216854K(722944K), 0.0057699 secs] [Times: user=0.04 sys=0.00, real=0.01 secs] 
2016-09-22T22:27:21.441-0400: 57.984: [GC (GCLocker Initiated GC) [PSYoungGen: 157472K->39875K(197632K)] 354879K->238936K(721920K), 0.0050818 secs] [Times: user=0.06 sys=0.00, real=0.00 secs] 
2016-09-22T22:27:21.589-0400: 58.132: [GC (GCLocker Initiated GC) [PSYoungGen: 176067K->27709K(198656K)] 384693K->237930K(722944K), 0.0109511 secs] [Times: user=0.10 sys=0.00, real=0.01 secs] 
2016-09-22T22:27:21.768-0400: 58.311: [GC (GCLocker Initiated GC) [PSYoungGen: 163901K->30380K(195584K)] 379560K->247723K(719872K), 0.0051164 secs] [Times: user=0.03 sys=0.00, real=0.00 secs] 
2016-09-22T22:27:21.922-0400: 58.466: [GC (GCLocker Initiated GC) [PSYoungGen: 169644K->41052K(197120K)] 392405K->265499K(721408K), 0.0057771 secs] [Times: user=0.06 sys=0.00, real=0.01 secs] 
2016-09-22T22:27:22.080-0400: 58.623: [GC (GCLocker Initiated GC) [PSYoungGen: 180316K->35683K(201728K)] 407488K->264245K(726016K), 0.0110753 secs] [Times: user=0.11 sys=0.00, real=0.01 secs] 
2016-09-22T22:27:22.246-0400: 58.790: [GC (GCLocker Initiated GC) [PSYoungGen: 181603K->48038K(194048K)] 410180K->278196K(718336K), 0.0093814 secs] [Times: user=0.11 sys=0.01, real=0.02 secs] 
2016-09-22T22:27:22.407-0400: 58.951: [GC (GCLocker Initiated GC) [PSYoungGen: 193958K->47948K(197632K)] 424149K->293361K(721920K), 0.0049721 secs] [Times: user=0.07 sys=0.00, real=0.00 secs] 
2016-09-22T22:27:22.530-0400: 59.073: [GC (GCLocker Initiated GC) [PSYoungGen: 185164K->51905K(189440K)] 430651K->320600K(713728K), 0.0177579 secs] [Times: user=0.26 sys=0.00, real=0.02 secs] 
2016-09-22T22:27:22.691-0400: 59.234: [GC (GCLocker Initiated GC) [PSYoungGen: 189121K->34550K(198656K)] 466130K->313057K(722944K), 0.0048527 secs] [Times: user=0.06 sys=0.01, real=0.01 secs] 
2016-09-22T22:27:22.835-0400: 59.378: [GC (GCLocker Initiated GC) [PSYoungGen: 167158K->32676K(165376K)] 451212K->318376K(689664K), 0.0108750 secs] [Times: user=0.16 sys=0.00, real=0.00 secs] 
2016-09-22T22:27:22.968-0400: 59.511: [GC (GCLocker Initiated GC) [PSYoungGen: 165284K->55673K(190464K)] 453751K->345358K(714752K), 0.0058653 secs] [Times: user=0.08 sys=0.00, real=0.00 secs] 
2016-09-22T22:27:23.107-0400: 59.650: [GC (GCLocker Initiated GC) [PSYoungGen: 184185K->23509K(194560K)] 486048K->350897K(718848K), 0.0069055 secs] [Times: user=0.09 sys=0.00, real=0.00 secs] 
2016-09-22T22:27:23.243-0400: 59.787: [GC (GCLocker Initiated GC) [PSYoungGen: 152021K->24676K(195072K)] 490437K->364466K(719360K), 0.0048640 secs] [Times: user=0.04 sys=0.00, real=0.01 secs] 
2016-09-22T22:27:23.381-0400: 59.924: [GC (GCLocker Initiated GC) [PSYoungGen: 154724K->31623K(161792K)] 501279K->379395K(686080K), 0.0049447 secs] [Times: user=0.04 sys=0.01, real=0.00 secs] 
2016-09-22T22:27:23.519-0400: 60.063: [GC (GCLocker Initiated GC) [PSYoungGen: 161671K->11167K(193024K)] 524367K->375282K(717312K), 0.0047975 secs] [Times: user=0.03 sys=0.00, real=0.00 secs] 
2016-09-22T22:27:23.658-0400: 60.202: [GC (GCLocker Initiated GC) [PSYoungGen: 141215K->23001K(194560K)] 508033K->391093K(718848K), 0.0069060 secs] [Times: user=0.07 sys=0.00, real=0.00 secs] 
2016-09-22T22:27:23.788-0400: 60.332: [GC (GCLocker Initiated GC) [PSYoungGen: 153049K->40836K(197120K)] 527914K->416814K(721408K), 0.0048998 secs] [Times: user=0.05 sys=0.01, real=0.00 secs] 
2016-09-22T22:27:23.927-0400: 60.471: [GC (GCLocker Initiated GC) [PSYoungGen: 174980K->39370K(197632K)] 550991K->435396K(721920K), 0.0065021 secs] [Times: user=0.07 sys=0.01, real=0.00 secs] 
2016-09-22T22:27:24.069-0400: 60.612: [GC (GCLocker Initiated GC) [PSYoungGen: 173514K->20472K(198144K)] 578686K->429418K(722432K), 0.0073772 secs] [Times: user=0.06 sys=0.00, real=0.01 secs] 
2016-09-22T22:27:24.216-0400: 60.759: [GC (GCLocker Initiated GC) [PSYoungGen: 156664K->21974K(198144K)] 579008K->445634K(722432K), 0.0054001 secs] [Times: user=0.06 sys=0.00, real=0.00 secs] 
2016-09-22T22:27:24.348-0400: 60.891: [GC (GCLocker Initiated GC) [PSYoungGen: 158166K->33998K(197120K)] 584556K->461697K(721408K), 0.0058460 secs] [Times: user=0.05 sys=0.00, real=0.00 secs] 
2016-09-22T22:27:24.488-0400: 61.031: [GC (GCLocker Initiated GC) [PSYoungGen: 173262K->42199K(198144K)] 600983K->471094K(722432K), 0.0077071 secs] [Times: user=0.08 sys=0.00, real=0.01 secs] 
2016-09-22T22:27:24.621-0400: 61.164: [GC (GCLocker Initiated GC) [PSYoungGen: 181463K->31211K(200192K)] 610511K->480490K(724480K), 0.0061697 secs] [Times: user=0.06 sys=0.00, real=0.01 secs] 
2016-09-22T22:27:24.775-0400: 61.318: [GC (GCLocker Initiated GC) [PSYoungGen: 174571K->28512K(201216K)] 624794K->479822K(725504K), 0.0066668 secs] [Times: user=0.06 sys=0.00, real=0.00 secs] 
2016-09-22T22:27:24.935-0400: 61.478: [GC (GCLocker Initiated GC) [PSYoungGen: 171872K->43556K(201216K)] 625979K->498839K(725504K), 0.0088768 secs] [Times: user=0.13 sys=0.00, real=0.00 secs] 
2016-09-22T22:27:25.098-0400: 61.641: [GC (GCLocker Initiated GC) [PSYoungGen: 188964K->23748K(203264K)] 651072K->487107K(727552K), 0.0066886 secs] [Times: user=0.08 sys=0.00, real=0.00 secs] 
2016-09-22T22:27:25.260-0400: 61.803: [GC (GCLocker Initiated GC) [PSYoungGen: 169156K->31812K(199168K)] 639498K->503822K(723456K), 0.0055967 secs] [Times: user=0.05 sys=0.00, real=0.00 secs] 
2016-09-22T22:27:25.423-0400: 61.966: [GC (GCLocker Initiated GC) [PSYoungGen: 179268K->33329K(202240K)] 659395K->515144K(726528K), 0.0066091 secs] [Times: user=0.06 sys=0.00, real=0.01 secs] 
2016-09-22T22:27:25.573-0400: 62.116: [GC (GCLocker Initiated GC) [PSYoungGen: 180785K->46706K(203264K)] 665422K->533118K(727552K), 0.0064300 secs] [Times: user=0.06 sys=0.02, real=0.01 secs] 
2016-09-22T22:27:25.727-0400: 62.271: [GC (GCLocker Initiated GC) [PSYoungGen: 197234K->38349K(206336K)] 683666K->526434K(730624K), 0.0092274 secs] [Times: user=0.10 sys=0.01, real=0.01 secs] 
2016-09-22T22:27:25.898-0400: 62.442: [GC (GCLocker Initiated GC) [PSYoungGen: 188877K->49341K(199680K)] 676990K->538953K(723968K), 0.0096830 secs] [Times: user=0.14 sys=0.00, real=0.01 secs] 
2016-09-22T22:27:26.050-0400: 62.593: [GC (GCLocker Initiated GC) [PSYoungGen: 193725K->41580K(203264K)] 683452K->549174K(727552K), 0.0075771 secs] [Times: user=0.06 sys=0.00, real=0.01 secs] 
2016-09-22T22:27:26.058-0400: 62.601: [Full GC (Ergonomics) [PSYoungGen: 41580K->0K(203264K)] [ParOldGen: 507594K->213526K(524288K)] 549174K->213526K(727552K), [Metaspace: 43624K->43624K(1085440K)], 0.0658001 secs] [Times: user=0.59 sys=0.01, real=0.06 secs] 
2016-09-22T22:27:26.279-0400: 62.822: [GC (GCLocker Initiated GC) [PSYoungGen: 144384K->33773K(200192K)] 360661K->250050K(724480K), 0.0101733 secs] [Times: user=0.12 sys=0.00, real=0.01 secs] 
2016-09-22T22:27:26.439-0400: 62.982: [GC (GCLocker Initiated GC) [PSYoungGen: 178157K->26416K(201728K)] 397290K->258631K(726016K), 0.0072834 secs] [Times: user=0.05 sys=0.00, real=0.00 secs] 
2016-09-22T22:27:26.595-0400: 63.138: [GC (GCLocker Initiated GC) [PSYoungGen: 170800K->17024K(203264K)] 405744K->253797K(727552K), 0.0127257 secs] [Times: user=0.14 sys=0.00, real=0.01 secs] 
2016-09-22T22:27:26.753-0400: 63.296: [GC (GCLocker Initiated GC) [PSYoungGen: 163456K->26230K(173056K)] 400241K->275766K(697344K), 0.0085216 secs] [Times: user=0.10 sys=0.00, real=0.01 secs] 
2016-09-22T22:27:26.906-0400: 63.450: [GC (GCLocker Initiated GC) [PSYoungGen: 172662K->40045K(203264K)] 427635K->296611K(727552K), 0.0099444 secs] [Times: user=0.14 sys=0.01, real=0.02 secs] 
2016-09-22T22:27:27.067-0400: 63.610: [GC (GCLocker Initiated GC) [PSYoungGen: 186989K->30756K(203776K)] 443563K->305375K(728064K), 0.0065946 secs] [Times: user=0.07 sys=0.01, real=0.00 secs] 
2016-09-22T22:27:27.218-0400: 63.761: [GC (GCLocker Initiated GC) [PSYoungGen: 177700K->40234K(203264K)] 454117K->318553K(727552K), 0.0096559 secs] [Times: user=0.09 sys=0.00, real=0.01 secs] 
2016-09-22T22:27:27.376-0400: 63.920: [GC (GCLocker Initiated GC) [PSYoungGen: 188714K->33300K(203776K)] 472668K->319256K(728064K), 0.0173623 secs] [Times: user=0.20 sys=0.00, real=0.01 secs] 
2016-09-22T22:27:27.542-0400: 64.086: [GC (GCLocker Initiated GC) [PSYoungGen: 181780K->14151K(203776K)] 488201K->322341K(728064K), 0.0040440 secs] [Times: user=0.03 sys=0.00, real=0.00 secs] 
2016-09-22T22:27:27.720-0400: 64.263: [GC (GCLocker Initiated GC) [PSYoungGen: 164679K->4773K(205312K)] 494499K->336234K(729600K), 0.0113109 secs] [Times: user=0.12 sys=0.01, real=0.01 secs] 
2016-09-22T22:27:27.878-0400: 64.422: [GC (GCLocker Initiated GC) [PSYoungGen: 155301K->32708K(206336K)] 486788K->365643K(730624K), 0.0056544 secs] [Times: user=0.04 sys=0.00, real=0.00 secs] 
2016-09-22T22:27:28.045-0400: 64.588: [GC (GCLocker Initiated GC) [PSYoungGen: 182212K->30226K(180224K)] 515362K->364750K(704512K), 0.0056885 secs] [Times: user=0.04 sys=0.00, real=0.01 secs] 
2016-09-22T22:27:28.200-0400: 64.743: [GC (GCLocker Initiated GC) [PSYoungGen: 179730K->30412K(204800K)] 519701K->371963K(729088K), 0.0225155 secs] [Times: user=0.30 sys=0.01, real=0.02 secs] 
2016-09-22T22:27:28.373-0400: 64.917: [GC (GCLocker Initiated GC) [PSYoungGen: 181964K->28824K(202752K)] 523529K->371891K(727040K), 0.0098617 secs] [Times: user=0.10 sys=0.00, real=0.01 secs] 
2016-09-22T22:27:28.531-0400: 65.074: [GC (GCLocker Initiated GC) [PSYoungGen: 180376K->9741K(205312K)] 533420K->364357K(729600K), 0.0057849 secs] [Times: user=0.05 sys=0.00, real=0.01 secs] 
2016-09-22T22:27:28.688-0400: 65.231: [GC (GCLocker Initiated GC) [PSYoungGen: 165901K->31103K(206848K)] 526155K->392750K(731136K), 0.0183745 secs] [Times: user=0.18 sys=0.01, real=0.01 secs] 
2016-09-22T22:27:28.869-0400: 65.412: [GC (GCLocker Initiated GC) [PSYoungGen: 187263K->24484K(207872K)] 555739K->394074K(732160K), 0.0094787 secs] [Times: user=0.09 sys=0.00, real=0.01 secs] 
2016-09-22T22:27:29.019-0400: 65.563: [GC (GCLocker Initiated GC) [PSYoungGen: 186276K->30047K(209920K)] 558729K->403763K(734208K), 0.0107949 secs] [Times: user=0.12 sys=0.00, real=0.01 secs] 
2016-09-22T22:27:29.193-0400: 65.736: [GC (GCLocker Initiated GC) [PSYoungGen: 191839K->39694K(209920K)] 568497K->417713K(734208K), 0.0059081 secs] [Times: user=0.06 sys=0.00, real=0.01 secs] 
2016-09-22T22:27:29.355-0400: 65.898: [GC (GCLocker Initiated GC) [PSYoungGen: 202510K->34105K(212480K)] 580533K->413598K(736768K), 0.0057796 secs] [Times: user=0.04 sys=0.00, real=0.00 secs] 
2016-09-22T22:27:29.505-0400: 66.048: [GC (GCLocker Initiated GC) [PSYoungGen: 196921K->32968K(210944K)] 584595K->422059K(735232K), 0.0044929 secs] [Times: user=0.06 sys=0.00, real=0.01 secs] 
2016-09-22T22:27:29.658-0400: 66.201: [GC (GCLocker Initiated GC) [PSYoungGen: 196296K->31300K(211968K)] 585413K->421840K(736256K), 0.0124001 secs] [Times: user=0.17 sys=0.00, real=0.01 secs] 
2016-09-22T22:27:29.835-0400: 66.378: [GC (GCLocker Initiated GC) [PSYoungGen: 194628K->39565K(211456K)] 587888K->434113K(735744K), 0.0047490 secs] [Times: user=0.06 sys=0.00, real=0.00 secs] 
2016-09-22T22:27:30.007-0400: 66.550: [GC (GCLocker Initiated GC) [PSYoungGen: 203405K->39576K(203776K)] 597981K->435485K(728064K), 0.0053821 secs] [Times: user=0.06 sys=0.00, real=0.00 secs] 
2016-09-22T22:27:30.157-0400: 66.700: [GC (GCLocker Initiated GC) [PSYoungGen: 203416K->31596K(213504K)] 606080K->435580K(737792K), 0.0065495 secs] [Times: user=0.05 sys=0.00, real=0.00 secs] 
2016-09-22T22:27:30.309-0400: 66.852: [GC (GCLocker Initiated GC) [PSYoungGen: 194412K->46467K(209408K)] 598612K->452051K(733696K), 0.0110773 secs] [Times: user=0.14 sys=0.01, real=0.01 secs] 
2016-09-22T22:27:30.471-0400: 67.015: [GC (GCLocker Initiated GC) [PSYoungGen: 209283K->32949K(211456K)] 625800K->450855K(735744K), 0.0095259 secs] [Times: user=0.12 sys=0.01, real=0.01 secs] 
2016-09-22T22:27:30.628-0400: 67.171: [GC (GCLocker Initiated GC) [PSYoungGen: 191669K->31258K(190464K)] 617791K->458767K(714752K), 0.0065947 secs] [Times: user=0.06 sys=0.01, real=0.00 secs] 
2016-09-22T22:27:30.785-0400: 67.328: [GC (GCLocker Initiated GC) [PSYoungGen: 189978K->48999K(203264K)] 617603K->477966K(727552K), 0.0117318 secs] [Times: user=0.17 sys=0.00, real=0.02 secs] 
2016-09-22T22:27:30.948-0400: 67.491: [GC (GCLocker Initiated GC) [PSYoungGen: 203111K->41100K(207872K)] 634867K->474061K(732160K), 0.0084801 secs] [Times: user=0.12 sys=0.00, real=0.01 secs] 
2016-09-22T22:27:31.095-0400: 67.638: [GC (GCLocker Initiated GC) [PSYoungGen: 195212K->43669K(205824K)] 629890K->479714K(730112K), 0.0109959 secs] [Times: user=0.13 sys=0.00, real=0.00 secs] 
2016-09-22T22:27:31.250-0400: 67.793: [GC (GCLocker Initiated GC) [PSYoungGen: 195221K->36927K(188928K)] 633995K->501380K(713216K), 0.0090268 secs] [Times: user=0.11 sys=0.01, real=0.01 secs] 
2016-09-22T22:27:31.404-0400: 67.947: [GC (GCLocker Initiated GC) [PSYoungGen: 188479K->51790K(200192K)] 652965K->525684K(724480K), 0.0059284 secs] [Times: user=0.07 sys=0.00, real=0.01 secs] 
2016-09-22T22:27:31.543-0400: 68.086: [GC (GCLocker Initiated GC) [PSYoungGen: 198222K->22057K(168960K)] 674965K->510936K(693248K), 0.0055232 secs] [Times: user=0.06 sys=0.00, real=0.01 secs] 
2016-09-22T22:27:31.690-0400: 68.234: [GC (GCLocker Initiated GC) [PSYoungGen: 168489K->34019K(205312K)] 660155K->526981K(729600K), 0.0135780 secs] [Times: user=0.20 sys=0.00, real=0.01 secs] 
2016-09-22T22:27:31.839-0400: 68.382: [GC (GCLocker Initiated GC) [PSYoungGen: 180963K->38104K(185344K)] 673941K->532181K(709632K), 0.0067520 secs] [Times: user=0.07 sys=0.00, real=0.00 secs] 
2016-09-22T22:27:31.988-0400: 68.531: [GC (GCLocker Initiated GC) [PSYoungGen: 185048K->32864K(203264K)] 688606K->537580K(727552K), 0.0081815 secs] [Times: user=0.09 sys=0.00, real=0.01 secs] 
2016-09-22T22:27:32.136-0400: 68.679: [GC (GCLocker Initiated GC) --[PSYoungGen: 180832K->180832K(203264K)] 688255K->703113K(727552K), 0.0122349 secs] [Times: user=0.08 sys=0.00, real=0.01 secs] 
2016-09-22T22:27:32.149-0400: 68.692: [Full GC (Ergonomics) [PSYoungGen: 180832K->0K(203264K)] [ParOldGen: 522281K->138299K(524288K)] 703113K->138299K(727552K), [Metaspace: 43696K->43696K(1087488K)], 0.0642358 secs] [Times: user=0.54 sys=0.00, real=0.06 secs] 
2016-09-22T22:27:32.358-0400: 68.902: [GC (GCLocker Initiated GC) [PSYoungGen: 147968K->38227K(202240K)] 293046K->183305K(726528K), 0.0072216 secs] [Times: user=0.04 sys=0.01, real=0.00 secs] 
2016-09-22T22:27:32.498-0400: 69.042: [GC (GCLocker Initiated GC) [PSYoungGen: 186195K->51686K(200704K)] 331477K->202427K(724992K), 0.0059335 secs] [Times: user=0.07 sys=0.00, real=0.00 secs] 
2016-09-22T22:27:32.633-0400: 69.176: [GC (GCLocker Initiated GC) [PSYoungGen: 199142K->33793K(204800K)] 349916K->185727K(729088K), 0.0069878 secs] [Times: user=0.06 sys=0.00, real=0.01 secs] 
2016-09-22T22:27:32.772-0400: 69.315: [GC (GCLocker Initiated GC) [PSYoungGen: 181249K->51555K(199168K)] 333258K->215509K(723456K), 0.0057273 secs] [Times: user=0.09 sys=0.00, real=0.01 secs] 
2016-09-22T22:27:32.923-0400: 69.466: [GC (GCLocker Initiated GC) [PSYoungGen: 194915K->36782K(202752K)] 361582K->204550K(727040K), 0.0043881 secs] [Times: user=0.04 sys=0.01, real=0.01 secs] 
2016-09-22T22:27:33.062-0400: 69.605: [GC (GCLocker Initiated GC) [PSYoungGen: 180142K->40940K(199168K)] 348141K->210197K(723456K), 0.0049387 secs] [Times: user=0.06 sys=0.00, real=0.01 secs] 
2016-09-22T22:27:33.199-0400: 69.742: [GC (GCLocker Initiated GC) [PSYoungGen: 185836K->40857K(201728K)] 355098K->211357K(726016K), 0.0090026 secs] [Times: user=0.11 sys=0.00, real=0.01 secs] 
2016-09-22T22:27:33.331-0400: 69.874: [GC (GCLocker Initiated GC) [PSYoungGen: 185753K->47709K(203264K)] 356500K->219707K(727552K), 0.0059310 secs] [Times: user=0.05 sys=0.00, real=0.01 secs] 
2016-09-22T22:27:33.484-0400: 70.028: [GC (GCLocker Initiated GC) [PSYoungGen: 195165K->40885K(204800K)] 367245K->214270K(729088K), 0.0103730 secs] [Times: user=0.10 sys=0.00, real=0.02 secs] 
2016-09-22T22:27:33.622-0400: 70.165: [GC (GCLocker Initiated GC) [PSYoungGen: 188341K->40583K(202752K)] 361944K->215442K(727040K), 0.0045639 secs] [Times: user=0.04 sys=0.00, real=0.00 secs] 
2016-09-22T22:27:33.768-0400: 70.311: [GC (GCLocker Initiated GC) [PSYoungGen: 189575K->32423K(203776K)] 369959K->213774K(728064K), 0.0045286 secs] [Times: user=0.05 sys=0.00, real=0.00 secs] 
2016-09-22T22:27:33.904-0400: 70.447: [GC (GCLocker Initiated GC) [PSYoungGen: 181415K->36737K(204800K)] 369753K->226029K(729088K), 0.0049925 secs] [Times: user=0.04 sys=0.00, real=0.01 secs] 
2016-09-22T22:27:34.052-0400: 70.596: [GC (GCLocker Initiated GC) [PSYoungGen: 189825K->25821K(206336K)] 384544K->221615K(730624K), 0.0099107 secs] [Times: user=0.10 sys=0.01, real=0.01 secs] 
2016-09-22T22:27:34.189-0400: 70.732: [GC (GCLocker Initiated GC) [PSYoungGen: 178909K->40679K(208384K)] 374788K->237714K(732672K), 0.0095411 secs] [Times: user=0.10 sys=0.02, real=0.01 secs] 
2016-09-22T22:27:34.345-0400: 70.888: [GC (GCLocker Initiated GC) [PSYoungGen: 194791K->35672K(189952K)] 394728K->236667K(714240K), 0.0088780 secs] [Times: user=0.10 sys=0.00, real=0.01 secs] 
2016-09-22T22:27:34.509-0400: 71.052: [GC (GCLocker Initiated GC) [PSYoungGen: 189784K->35624K(207872K)] 390812K->238029K(732160K), 0.0075591 secs] [Times: user=0.08 sys=0.00, real=0.01 secs] 
2016-09-22T22:27:34.685-0400: 71.228: [GC (GCLocker Initiated GC) [PSYoungGen: 190760K->32670K(206848K)] 393208K->239220K(731136K), 0.0069016 secs] [Times: user=0.06 sys=0.00, real=0.01 secs] 
2016-09-22T22:27:34.854-0400: 71.397: [GC (GCLocker Initiated GC) [PSYoungGen: 187806K->20667K(206848K)] 401114K->235355K(731136K), 0.0133752 secs] [Times: user=0.20 sys=0.00, real=0.02 secs] 
2016-09-22T22:27:35.032-0400: 71.575: [GC (GCLocker Initiated GC) [PSYoungGen: 176827K->39541K(208384K)] 394329K->258347K(732672K), 0.0183195 secs] [Times: user=0.24 sys=0.01, real=0.02 secs] 
2016-09-22T22:27:35.197-0400: 71.741: [GC (GCLocker Initiated GC) [PSYoungGen: 195701K->47746K(204800K)] 420114K->273521K(729088K), 0.0060738 secs] [Times: user=0.07 sys=0.01, real=0.00 secs] 
2016-09-22T22:27:35.341-0400: 71.884: [GC (GCLocker Initiated GC) [PSYoungGen: 200322K->53006K(205824K)] 426130K->280097K(730112K), 0.0086837 secs] [Times: user=0.09 sys=0.01, real=0.01 secs] 
2016-09-22T22:27:35.487-0400: 72.031: [GC (GCLocker Initiated GC) [PSYoungGen: 205582K->36871K(203776K)] 435454K->278784K(728064K), 0.0095357 secs] [Times: user=0.09 sys=0.00, real=0.01 secs] 
2016-09-22T22:27:35.641-0400: 72.184: [GC (GCLocker Initiated GC) [PSYoungGen: 184327K->28652K(204800K)] 426244K->285320K(729088K), 0.0159502 secs] [Times: user=0.17 sys=0.00, real=0.02 secs] 
2016-09-22T22:27:35.821-0400: 72.364: [GC (GCLocker Initiated GC) [PSYoungGen: 176108K->16684K(201728K)] 448978K->290734K(726016K), 0.0086275 secs] [Times: user=0.09 sys=0.00, real=0.01 secs] 
2016-09-22T22:27:35.980-0400: 72.524: [GC (GCLocker Initiated GC) [PSYoungGen: 161068K->39942K(203264K)] 439247K->319658K(727552K), 0.0147019 secs] [Times: user=0.19 sys=0.00, real=0.02 secs] 
2016-09-22T22:27:36.150-0400: 72.693: [GC (GCLocker Initiated GC) [PSYoungGen: 184326K->33292K(198656K)] 466771K->317383K(722944K), 0.0106002 secs] [Times: user=0.11 sys=0.00, real=0.01 secs] 
2016-09-22T22:27:36.322-0400: 72.865: [GC (GCLocker Initiated GC) [PSYoungGen: 178188K->27981K(201216K)] 470458K->322077K(725504K), 0.0102910 secs] [Times: user=0.09 sys=0.01, real=0.01 secs] 
2016-09-22T22:27:36.489-0400: 73.033: [GC (GCLocker Initiated GC) [PSYoungGen: 172877K->22321K(205312K)] 472376K->323623K(729600K), 0.0177546 secs] [Times: user=0.18 sys=0.01, real=0.02 secs] 
2016-09-22T22:27:36.651-0400: 73.194: [GC (GCLocker Initiated GC) [PSYoungGen: 172337K->34059K(184320K)] 476350K->339831K(708608K), 0.0121788 secs] [Times: user=0.14 sys=0.01, real=0.01 secs] 
2016-09-22T22:27:36.811-0400: 73.354: [GC (GCLocker Initiated GC) [PSYoungGen: 184075K->31343K(206336K)] 496640K->350551K(730624K), 0.0169810 secs] [Times: user=0.19 sys=0.00, real=0.02 secs] 
2016-09-22T22:27:36.970-0400: 73.513: [GC (GCLocker Initiated GC) [PSYoungGen: 183919K->36937K(204800K)] 503226K->357583K(729088K), 0.0059119 secs] [Times: user=0.05 sys=0.00, real=0.01 secs] 
2016-09-22T22:27:37.123-0400: 73.666: [GC (GCLocker Initiated GC) [PSYoungGen: 189513K->41422K(206848K)] 517117K->370447K(731136K), 0.0055010 secs] [Times: user=0.06 sys=0.00, real=0.01 secs] 
2016-09-22T22:27:37.299-0400: 73.843: [GC (GCLocker Initiated GC) [PSYoungGen: 196558K->33257K(207872K)] 531111K->380299K(732160K), 0.0219175 secs] [Times: user=0.31 sys=0.00, real=0.02 secs] 
2016-09-22T22:27:37.475-0400: 74.018: [GC (GCLocker Initiated GC) [PSYoungGen: 188393K->42667K(207360K)] 539589K->395566K(731648K), 0.0059513 secs] [Times: user=0.04 sys=0.00, real=0.00 secs] 
2016-09-22T22:27:37.638-0400: 74.181: [GC (GCLocker Initiated GC) [PSYoungGen: 198827K->33077K(208896K)] 554526K->390535K(733184K), 0.0057839 secs] [Times: user=0.07 sys=0.00, real=0.00 secs] 
2016-09-22T22:27:37.809-0400: 74.353: [GC (Allocation Failure) [PSYoungGen: 189237K->43964K(207872K)] 552124K->408365K(732160K), 0.0119165 secs] [Times: user=0.16 sys=0.00, real=0.01 secs] 
2016-09-22T22:27:37.978-0400: 74.521: [GC (GCLocker Initiated GC) [PSYoungGen: 200636K->30424K(209408K)] 570441K->420796K(733696K), 0.0056462 secs] [Times: user=0.07 sys=0.00, real=0.00 secs] 
2016-09-22T22:27:38.135-0400: 74.678: [GC (GCLocker Initiated GC) [PSYoungGen: 187096K->45283K(205824K)] 580298K->440159K(730112K), 0.0073897 secs] [Times: user=0.10 sys=0.00, real=0.00 secs] 
2016-09-22T22:27:38.295-0400: 74.839: [GC (GCLocker Initiated GC) [PSYoungGen: 198883K->41178K(207872K)] 593814K->437688K(732160K), 0.0049683 secs] [Times: user=0.06 sys=0.00, real=0.00 secs] 
2016-09-22T22:27:38.453-0400: 74.996: [GC (GCLocker Initiated GC) [PSYoungGen: 194778K->31969K(205824K)] 593991K->432754K(730112K), 0.0184021 secs] [Times: user=0.23 sys=0.00, real=0.02 secs] 
2016-09-22T22:27:38.621-0400: 75.164: [GC (GCLocker Initiated GC) [PSYoungGen: 185569K->33080K(206848K)] 591763K->441023K(731136K), 0.0089592 secs] [Times: user=0.13 sys=0.00, real=0.01 secs] 
2016-09-22T22:27:38.783-0400: 75.327: [GC (GCLocker Initiated GC) [PSYoungGen: 186680K->43901K(206848K)] 594644K->453375K(731136K), 0.0205440 secs] [Times: user=0.23 sys=0.00, real=0.02 secs] 
2016-09-22T22:27:38.967-0400: 75.511: [GC (GCLocker Initiated GC) [PSYoungGen: 198525K->23794K(178688K)] 610704K->451012K(702976K), 0.0103945 secs] [Times: user=0.11 sys=0.00, real=0.01 secs] 
2016-09-22T22:27:39.133-0400: 75.676: [GC (GCLocker Initiated GC) [PSYoungGen: 178418K->41509K(207872K)] 611128K->476061K(732160K), 0.0084086 secs] [Times: user=0.09 sys=0.00, real=0.01 secs] 
2016-09-22T22:27:39.293-0400: 75.837: [GC (GCLocker Initiated GC) [PSYoungGen: 195109K->46646K(200704K)] 629758K->483091K(724992K), 0.0093469 secs] [Times: user=0.12 sys=0.00, real=0.01 secs] 
2016-09-22T22:27:39.455-0400: 75.999: [GC (GCLocker Initiated GC) [PSYoungGen: 200246K->24875K(204800K)] 636697K->462998K(729088K), 0.0083496 secs] [Times: user=0.08 sys=0.00, real=0.00 secs] 
2016-09-22T22:27:39.625-0400: 76.168: [GC (GCLocker Initiated GC) [PSYoungGen: 173355K->11799K(160768K)] 625005K->465150K(685056K), 0.0044501 secs] [Times: user=0.06 sys=0.00, real=0.01 secs] 
2016-09-22T22:27:39.780-0400: 76.323: [GC (GCLocker Initiated GC) [PSYoungGen: 160279K->31800K(205824K)] 620533K->493818K(730112K), 0.0113966 secs] [Times: user=0.12 sys=0.01, real=0.01 secs] 
2016-09-22T22:27:39.950-0400: 76.493: [GC (GCLocker Initiated GC) [PSYoungGen: 178744K->56239K(203264K)] 640779K->528001K(727552K), 0.0063996 secs] [Times: user=0.09 sys=0.00, real=0.01 secs] 
2016-09-22T22:27:40.103-0400: 76.646: [GC (GCLocker Initiated GC) [PSYoungGen: 203183K->49468K(190976K)] 675190K->539402K(715264K), 0.0085675 secs] [Times: user=0.12 sys=0.00, real=0.01 secs] 
2016-09-22T22:27:40.253-0400: 76.796: [GC (GCLocker Initiated GC) [PSYoungGen: 181564K->33172K(197120K)] 678281K->531619K(721408K), 0.0081336 secs] [Times: user=0.07 sys=0.00, real=0.01 secs] 
2016-09-22T22:27:40.399-0400: 76.942: [Full GC (Ergonomics) [PSYoungGen: 165268K->0K(197120K)] [ParOldGen: 506605K->164188K(524288K)] 671874K->164188K(721408K), [Metaspace: 43717K->43717K(1087488K)], 0.0747975 secs] [Times: user=0.54 sys=0.02, real=0.07 secs] 
2016-09-22T22:27:40.614-0400: 77.157: [GC (GCLocker Initiated GC) [PSYoungGen: 132096K->33114K(190976K)] 299032K->200051K(715264K), 0.0102794 secs] [Times: user=0.14 sys=0.00, real=0.01 secs] 
2016-09-22T22:27:40.769-0400: 77.312: [GC (GCLocker Initiated GC) [PSYoungGen: 167258K->37398K(195072K)] 336931K->208672K(719360K), 0.0111736 secs] [Times: user=0.16 sys=0.00, real=0.01 secs] 
2016-09-22T22:27:40.915-0400: 77.459: [GC (GCLocker Initiated GC) [PSYoungGen: 171542K->37032K(195072K)] 345589K->212771K(719360K), 0.0100856 secs] [Times: user=0.13 sys=0.00, real=0.00 secs] 
2016-09-22T22:27:41.062-0400: 77.605: [GC (GCLocker Initiated GC) [PSYoungGen: 179368K->49325K(199168K)] 357956K->229302K(723456K), 0.0055791 secs] [Times: user=0.07 sys=0.00, real=0.01 secs] 
2016-09-22T22:27:41.203-0400: 77.746: [GC (GCLocker Initiated GC) [PSYoungGen: 191661K->43904K(202240K)] 374412K->228188K(726528K), 0.0056823 secs] [Times: user=0.07 sys=0.00, real=0.01 secs] 
2016-09-22T22:27:41.354-0400: 77.897: [GC (GCLocker Initiated GC) [PSYoungGen: 186240K->41322K(183808K)] 376023K->232605K(708096K), 0.0063698 secs] [Times: user=0.05 sys=0.01, real=0.01 secs] 
2016-09-22T22:27:41.521-0400: 78.064: [GC (GCLocker Initiated GC) [PSYoungGen: 183658K->27589K(201216K)] 380407K->231326K(725504K), 0.0101233 secs] [Times: user=0.13 sys=0.00, real=0.01 secs] 
2016-09-22T22:27:41.675-0400: 78.218: [GC (GCLocker Initiated GC) [PSYoungGen: 169925K->26188K(201216K)] 376369K->234179K(725504K), 0.0130146 secs] [Times: user=0.18 sys=0.00, real=0.01 secs] 
2016-09-22T22:27:41.831-0400: 78.374: [GC (GCLocker Initiated GC) [PSYoungGen: 168524K->41309K(202752K)] 379355K->253532K(727040K), 0.0051359 secs] [Times: user=0.06 sys=0.00, real=0.01 secs] 
2016-09-22T22:27:41.984-0400: 78.527: [GC (GCLocker Initiated GC) [PSYoungGen: 185693K->33186K(177664K)] 403330K->252485K(701952K), 0.0066980 secs] [Times: user=0.09 sys=0.00, real=0.01 secs] 
2016-09-22T22:27:42.130-0400: 78.674: [GC (GCLocker Initiated GC) [PSYoungGen: 177570K->33174K(203776K)] 402283K->259543K(728064K), 0.0127105 secs] [Times: user=0.13 sys=0.01, real=0.01 secs] 
2016-09-22T22:27:42.307-0400: 78.850: [GC (GCLocker Initiated GC) [PSYoungGen: 180118K->26512K(202240K)] 418815K->266800K(726528K), 0.0199737 secs] [Times: user=0.24 sys=0.00, real=0.02 secs] 
2016-09-22T22:27:42.469-0400: 79.013: [GC (GCLocker Initiated GC) [PSYoungGen: 173456K->32908K(204288K)] 413884K->288561K(728576K), 0.0111556 secs] [Times: user=0.13 sys=0.01, real=0.01 secs] 
2016-09-22T22:27:42.623-0400: 79.166: [GC (GCLocker Initiated GC) [PSYoungGen: 184460K->28571K(204800K)] 440115K->285644K(729088K), 0.0064135 secs] [Times: user=0.06 sys=0.00, real=0.01 secs] 
2016-09-22T22:27:42.777-0400: 79.320: [GC (GCLocker Initiated GC) [PSYoungGen: 180123K->34404K(205824K)] 442728K->298316K(730112K), 0.0110948 secs] [Times: user=0.14 sys=0.00, real=0.01 secs] 
2016-09-22T22:27:42.951-0400: 79.495: [GC (GCLocker Initiated GC) [PSYoungGen: 190564K->30564K(207360K)] 462758K->304378K(731648K), 0.0067380 secs] [Times: user=0.06 sys=0.00, real=0.01 secs] 
2016-09-22T22:27:43.127-0400: 79.671: [GC (GCLocker Initiated GC) [PSYoungGen: 186724K->19610K(210944K)] 474142K->308666K(735232K), 0.0049245 secs] [Times: user=0.04 sys=0.00, real=0.00 secs] 
2016-09-22T22:27:43.289-0400: 79.832: [GC (GCLocker Initiated GC) [PSYoungGen: 180378K->33295K(194560K)] 476194K->338936K(718848K), 0.0072951 secs] [Times: user=0.06 sys=0.00, real=0.01 secs] 
2016-09-22T22:27:43.476-0400: 80.019: [GC (GCLocker Initiated GC) [PSYoungGen: 194063K->31709K(211968K)] 509274K->348628K(736256K), 0.0202807 secs] [Times: user=0.23 sys=0.00, real=0.02 secs] 
2016-09-22T22:27:43.663-0400: 80.207: [GC (GCLocker Initiated GC) [PSYoungGen: 194525K->22215K(210432K)] 520909K->363684K(734720K), 0.0102209 secs] [Times: user=0.07 sys=0.00, real=0.01 secs] 
2016-09-22T22:27:43.826-0400: 80.369: [GC (GCLocker Initiated GC) [PSYoungGen: 185031K->41146K(209920K)] 527885K->385597K(734208K), 0.0202474 secs] [Times: user=0.21 sys=0.01, real=0.02 secs] 
2016-09-22T22:27:44.012-0400: 80.555: [GC (GCLocker Initiated GC) [PSYoungGen: 202938K->11577K(173568K)] 558352K->387559K(697856K), 0.0156153 secs] [Times: user=0.16 sys=0.01, real=0.02 secs] 
2016-09-22T22:27:44.190-0400: 80.734: [GC (GCLocker Initiated GC) [PSYoungGen: 173369K->33161K(211456K)] 557685K->419164K(735744K), 0.0215776 secs] [Times: user=0.29 sys=0.00, real=0.02 secs] 
2016-09-22T22:27:44.383-0400: 80.926: [GC (GCLocker Initiated GC) [PSYoungGen: 192905K->34449K(194560K)] 579039K->422230K(718848K), 0.0095405 secs] [Times: user=0.08 sys=0.00, real=0.01 secs] 
2016-09-22T22:27:44.540-0400: 81.083: [GC (GCLocker Initiated GC) [PSYoungGen: 194193K->32995K(210944K)] 587403K->427910K(735232K), 0.0049699 secs] [Times: user=0.05 sys=0.00, real=0.00 secs] 
2016-09-22T22:27:44.720-0400: 81.263: [GC (GCLocker Initiated GC) [PSYoungGen: 193763K->40003K(209920K)] 594103K->441896K(734208K), 0.0235388 secs] [Times: user=0.31 sys=0.00, real=0.02 secs] 
2016-09-22T22:27:44.899-0400: 81.442: [GC (GCLocker Initiated GC) [PSYoungGen: 200771K->25155K(211968K)] 614904K->449054K(736256K), 0.0062078 secs] [Times: user=0.04 sys=0.00, real=0.00 secs] 
2016-09-22T22:27:45.085-0400: 81.628: [GC (GCLocker Initiated GC) [PSYoungGen: 186947K->26355K(211456K)] 611168K->452413K(735744K), 0.0129194 secs] [Times: user=0.09 sys=0.00, real=0.02 secs] 
2016-09-22T22:27:45.247-0400: 81.790: [GC (GCLocker Initiated GC) [PSYoungGen: 188147K->43958K(207872K)] 614315K->471934K(732160K), 0.0334377 secs] [Times: user=0.40 sys=0.00, real=0.03 secs] 
2016-09-22T22:27:45.434-0400: 81.977: [GC (GCLocker Initiated GC) [PSYoungGen: 202678K->32990K(210432K)] 633356K->476137K(734720K), 0.0093296 secs] [Times: user=0.06 sys=0.01, real=0.01 secs] 
2016-09-22T22:27:45.619-0400: 82.163: [GC (GCLocker Initiated GC) [PSYoungGen: 191710K->19549K(210432K)] 644323K->473710K(734720K), 0.0053504 secs] [Times: user=0.04 sys=0.00, real=0.00 secs] 
2016-09-22T22:27:45.784-0400: 82.327: [GC (GCLocker Initiated GC) [PSYoungGen: 179805K->35893K(210944K)] 636695K->494479K(735232K), 0.0087395 secs] [Times: user=0.09 sys=0.01, real=0.01 secs] 
2016-09-22T22:27:45.957-0400: 82.500: [GC (Allocation Failure) [PSYoungGen: 196149K->48205K(203264K)] 658850K->515318K(727552K), 0.0054220 secs] [Times: user=0.07 sys=0.00, real=0.00 secs] 
2016-09-22T22:27:46.104-0400: 82.648: [GC (GCLocker Initiated GC) [PSYoungGen: 200781K->32964K(207360K)] 667898K->504510K(731648K), 0.0159088 secs] [Times: user=0.20 sys=0.00, real=0.02 secs] 
2016-09-22T22:27:46.270-0400: 82.814: [GC (GCLocker Initiated GC) [PSYoungGen: 185540K->37115K(204288K)] 659840K->513025K(728576K), 0.0099433 secs] [Times: user=0.08 sys=0.01, real=0.01 secs] 
2016-09-22T22:27:46.446-0400: 82.989: [GC (GCLocker Initiated GC) [PSYoungGen: 191739K->30277K(206848K)] 667654K->507895K(731136K), 0.0085342 secs] [Times: user=0.08 sys=0.00, real=0.02 secs] 
2016-09-22T22:27:46.594-0400: 83.137: [GC (GCLocker Initiated GC) [PSYoungGen: 184901K->41141K(208896K)] 662539K->520291K(733184K), 0.0072132 secs] [Times: user=0.07 sys=0.00, real=0.01 secs] 
2016-09-22T22:27:46.748-0400: 83.291: [GC (GCLocker Initiated GC) [PSYoungGen: 198837K->51943K(209920K)] 680720K->554309K(734208K), 0.0071233 secs] [Times: user=0.09 sys=0.00, real=0.01 secs] 
2016-09-22T22:27:46.898-0400: 83.441: [Full GC (Ergonomics) [PSYoungGen: 209639K->0K(209920K)] [ParOldGen: 509149K->186465K(524288K)] 718788K->186465K(734208K), [Metaspace: 43723K->43723K(1087488K)], 0.0705966 secs] [Times: user=0.63 sys=0.01, real=0.07 secs] 
2016-09-22T22:27:47.102-0400: 83.645: [GC (GCLocker Initiated GC) [PSYoungGen: 157696K->40945K(200704K)] 344279K->227529K(724992K), 0.0049775 secs] [Times: user=0.05 sys=0.00, real=0.01 secs] 
2016-09-22T22:27:47.236-0400: 83.780: [GC (GCLocker Initiated GC) [PSYoungGen: 189425K->30090K(205312K)] 386899K->228877K(729600K), 0.0056222 secs] [Times: user=0.06 sys=0.00, real=0.00 secs] 
2016-09-22T22:27:47.381-0400: 83.924: [GC (Allocation Failure) [PSYoungGen: 178570K->16342K(203264K)] 386918K->239445K(727552K), 0.0153031 secs] [Times: user=0.18 sys=0.00, real=0.02 secs] 
2016-09-22T22:27:47.516-0400: 84.059: [GC (GCLocker Initiated GC) [PSYoungGen: 161303K->18949K(204800K)] 387106K->262032K(729088K), 0.0055481 secs] [Times: user=0.05 sys=0.00, real=0.00 secs] 
2016-09-22T22:27:47.660-0400: 84.203: [GC (GCLocker Initiated GC) [PSYoungGen: 166405K->39652K(203776K)] 417714K->291975K(728064K), 0.0078163 secs] [Times: user=0.09 sys=0.00, real=0.01 secs] 
2016-09-22T22:27:47.842-0400: 84.385: [GC (GCLocker Initiated GC) [PSYoungGen: 186084K->54564K(201216K)] 438637K->308317K(725504K), 0.0059020 secs] [Times: user=0.07 sys=0.00, real=0.01 secs] 
2016-09-22T22:27:47.987-0400: 84.530: [GC (Allocation Failure) [PSYoungGen: 200996K->39450K(199168K)] 461677K->301499K(723456K), 0.0106106 secs] [Times: user=0.17 sys=0.01, real=0.01 secs] 
2016-09-22T22:27:48.135-0400: 84.678: [GC (GCLocker Initiated GC) [PSYoungGen: 177690K->50255K(188928K)] 439742K->313424K(713216K), 0.0064644 secs] [Times: user=0.08 sys=0.00, real=0.00 secs] 
2016-09-22T22:27:48.279-0400: 84.822: [GC (GCLocker Initiated GC) [PSYoungGen: 188495K->42292K(198144K)] 454391K->309385K(722432K), 0.0084297 secs] [Times: user=0.09 sys=0.01, real=0.01 secs] 
2016-09-22T22:27:48.418-0400: 84.961: [GC (GCLocker Initiated GC) [PSYoungGen: 175924K->40734K(174592K)] 445972K->333758K(698880K), 0.0060859 secs] [Times: user=0.07 sys=0.00, real=0.00 secs] 
2016-09-22T22:27:48.558-0400: 85.101: [GC (GCLocker Initiated GC) [PSYoungGen: 174366K->25981K(196608K)] 475500K->328235K(720896K), 0.0095040 secs] [Times: user=0.12 sys=0.01, real=0.01 secs] 
2016-09-22T22:27:48.711-0400: 85.254: [GC (GCLocker Initiated GC) [PSYoungGen: 160125K->23363K(196096K)] 472033K->336528K(720384K), 0.0052984 secs] [Times: user=0.04 sys=0.00, real=0.01 secs] 
2016-09-22T22:27:48.861-0400: 85.405: [GC (GCLocker Initiated GC) [PSYoungGen: 157507K->24631K(198656K)] 478972K->347427K(722944K), 0.0047234 secs] [Times: user=0.04 sys=0.00, real=0.00 secs] 
2016-09-22T22:27:48.998-0400: 85.541: [GC (GCLocker Initiated GC) [PSYoungGen: 162871K->36687K(199168K)] 491073K->366148K(723456K), 0.0070177 secs] [Times: user=0.07 sys=0.00, real=0.00 secs] 
2016-09-22T22:27:49.128-0400: 85.671: [GC (GCLocker Initiated GC) [PSYoungGen: 174927K->32707K(198144K)] 507120K->366054K(722432K), 0.0077955 secs] [Times: user=0.09 sys=0.00, real=0.01 secs] 
2016-09-22T22:27:49.265-0400: 85.808: [GC (GCLocker Initiated GC) [PSYoungGen: 174531K->51337K(199168K)] 507905K->385844K(723456K), 0.0061655 secs] [Times: user=0.07 sys=0.01, real=0.01 secs] 
2016-09-22T22:27:49.408-0400: 85.951: [GC (GCLocker Initiated GC) [PSYoungGen: 193161K->21541K(201216K)] 537147K->369165K(725504K), 0.0133945 secs] [Times: user=0.17 sys=0.00, real=0.01 secs] 
2016-09-22T22:27:49.561-0400: 86.104: [GC (GCLocker Initiated GC) [PSYoungGen: 161829K->36773K(177152K)] 516226K->392177K(701440K), 0.0063076 secs] [Times: user=0.05 sys=0.00, real=0.01 secs] 
2016-09-22T22:27:49.691-0400: 86.234: [GC (GCLocker Initiated GC) [PSYoungGen: 177061K->25840K(200704K)] 532501K->396048K(724992K), 0.0101387 secs] [Times: user=0.08 sys=0.00, real=0.01 secs] 
2016-09-22T22:27:49.832-0400: 86.375: [GC (GCLocker Initiated GC) [PSYoungGen: 167152K->53082K(194560K)] 537501K->424614K(718848K), 0.0081831 secs] [Times: user=0.09 sys=0.00, real=0.01 secs] 
2016-09-22T22:27:49.982-0400: 86.525: [GC (GCLocker Initiated GC) [PSYoungGen: 194394K->26098K(200192K)] 571334K->420656K(724480K), 0.0108281 secs] [Times: user=0.13 sys=0.00, real=0.01 secs] 
2016-09-22T22:27:50.135-0400: 86.679: [GC (GCLocker Initiated GC) [PSYoungGen: 163314K->23486K(160768K)] 567410K->428919K(685056K), 0.0095904 secs] [Times: user=0.13 sys=0.00, real=0.00 secs] 
2016-09-22T22:27:50.281-0400: 86.824: [GC (GCLocker Initiated GC) [PSYoungGen: 160702K->28474K(200704K)] 570260K->439527K(724992K), 0.0068163 secs] [Times: user=0.06 sys=0.00, real=0.01 secs] 
2016-09-22T22:27:50.428-0400: 86.971: [GC (GCLocker Initiated GC) [PSYoungGen: 167738K->27523K(198656K)] 586972K->453359K(722944K), 0.0130212 secs] [Times: user=0.14 sys=0.00, real=0.01 secs] 
2016-09-22T22:27:50.585-0400: 87.129: [GC (GCLocker Initiated GC) [PSYoungGen: 166787K->16600K(199168K)] 606238K->457395K(723456K), 0.0124712 secs] [Times: user=0.14 sys=0.01, real=0.02 secs] 
2016-09-22T22:27:50.735-0400: 87.278: [GC (GCLocker Initiated GC) [PSYoungGen: 157912K->32750K(199168K)] 604116K->480377K(723456K), 0.0095359 secs] [Times: user=0.08 sys=0.00, real=0.01 secs] 
2016-09-22T22:27:50.874-0400: 87.417: [GC (GCLocker Initiated GC) [PSYoungGen: 174062K->48969K(198144K)] 621758K->497877K(722432K), 0.0101127 secs] [Times: user=0.13 sys=0.00, real=0.01 secs] 
2016-09-22T22:27:51.023-0400: 87.566: [GC (GCLocker Initiated GC) [PSYoungGen: 191305K->54398K(197120K)] 640239K->518119K(721408K), 0.0079590 secs] [Times: user=0.09 sys=0.00, real=0.01 secs] 
2016-09-22T22:27:51.179-0400: 87.722: [GC (GCLocker Initiated GC) [PSYoungGen: 196734K->24582K(198144K)] 663280K->492380K(722432K), 0.0127967 secs] [Times: user=0.18 sys=0.01, real=0.01 secs] 
2016-09-22T22:27:51.302-0400: 87.845: [GC (GCLocker Initiated GC) [PSYoungGen: 157702K->51319K(184832K)] 628267K->523228K(709120K), 0.0075131 secs] [Times: user=0.07 sys=0.01, real=0.01 secs] 
2016-09-22T22:27:51.441-0400: 87.984: [GC (GCLocker Initiated GC) [PSYoungGen: 184439K->24444K(195584K)] 661881K->521667K(719872K), 0.0093369 secs] [Times: user=0.11 sys=0.00, real=0.01 secs] 
2016-09-22T22:27:51.577-0400: 88.120: [GC (GCLocker Initiated GC) [PSYoungGen: 152444K->40758K(168960K)] 652421K->541934K(693248K), 0.0086548 secs] [Times: user=0.11 sys=0.00, real=0.00 secs] 
2016-09-22T22:27:51.709-0400: 88.252: [Full GC (Ergonomics) [PSYoungGen: 168758K->0K(168960K)] [ParOldGen: 511401K->126366K(524288K)] 680159K->126366K(693248K), [Metaspace: 43723K->43723K(1087488K)], 0.0688180 secs] [Times: user=0.53 sys=0.01, real=0.07 secs] 
2016-09-22T22:27:51.906-0400: 88.449: [GC (GCLocker Initiated GC) [PSYoungGen: 127188K->36971K(196096K)] 256254K->166038K(720384K), 0.0048861 secs] [Times: user=0.06 sys=0.00, real=0.01 secs] 
2016-09-22T22:27:52.042-0400: 88.586: [GC (GCLocker Initiated GC) [PSYoungGen: 167531K->46373K(193536K)] 296623K->178222K(717824K), 0.0051933 secs] [Times: user=0.07 sys=0.01, real=0.01 secs] 
2016-09-22T22:27:52.174-0400: 88.717: [GC (GCLocker Initiated GC) [PSYoungGen: 176933K->26027K(198144K)] 317040K->189062K(722432K), 0.0048060 secs] [Times: user=0.07 sys=0.00, real=0.01 secs] 
2016-09-22T22:27:52.331-0400: 88.874: [GC (GCLocker Initiated GC) [PSYoungGen: 160171K->23455K(157696K)] 332870K->197441K(681984K), 0.0110086 secs] [Times: user=0.15 sys=0.00, real=0.01 secs] 
2016-09-22T22:27:52.471-0400: 89.014: [GC (GCLocker Initiated GC) [PSYoungGen: 157599K->40618K(197120K)] 331677K->215951K(721408K), 0.0054099 secs] [Times: user=0.04 sys=0.01, real=0.01 secs] 
2016-09-22T22:27:52.610-0400: 89.153: [GC (GCLocker Initiated GC) [PSYoungGen: 175274K->32869K(197120K)] 356191K->236638K(721408K), 0.0068461 secs] [Times: user=0.08 sys=0.00, real=0.01 secs] 
2016-09-22T22:27:52.749-0400: 89.292: [GC (GCLocker Initiated GC) [PSYoungGen: 167525K->40943K(197120K)] 379551K->254300K(721408K), 0.0105317 secs] [Times: user=0.12 sys=0.00, real=0.01 secs] 
2016-09-22T22:27:52.898-0400: 89.442: [GC (GCLocker Initiated GC) [PSYoungGen: 178159K->40813K(197120K)] 394368K->258367K(721408K), 0.0111006 secs] [Times: user=0.13 sys=0.00, real=0.01 secs] 
2016-09-22T22:27:53.034-0400: 89.578: [GC (GCLocker Initiated GC) [PSYoungGen: 178029K->35006K(198656K)] 398521K->256704K(722944K), 0.0096627 secs] [Times: user=0.10 sys=0.01, real=0.01 secs] 
2016-09-22T22:27:53.184-0400: 89.728: [GC (GCLocker Initiated GC) [PSYoungGen: 177854K->20460K(200192K)] 411759K->255358K(724480K), 0.0071926 secs] [Times: user=0.06 sys=0.00, real=0.01 secs] 
2016-09-22T22:27:53.323-0400: 89.866: [GC (GCLocker Initiated GC) [PSYoungGen: 163308K->14878K(203264K)] 403628K->275250K(727552K), 0.0062478 secs] [Times: user=0.05 sys=0.01, real=0.01 secs] 
2016-09-22T22:27:53.467-0400: 90.010: [GC (GCLocker Initiated GC) [PSYoungGen: 160286K->18790K(203776K)] 422015K->294989K(728064K), 0.0057966 secs] [Times: user=0.04 sys=0.00, real=0.00 secs] 
2016-09-22T22:27:53.609-0400: 90.152: [GC (GCLocker Initiated GC) [PSYoungGen: 164198K->33691K(200704K)] 443326K->313841K(724992K), 0.0062535 secs] [Times: user=0.04 sys=0.00, real=0.01 secs] 
2016-09-22T22:27:53.753-0400: 90.297: [GC (GCLocker Initiated GC) [PSYoungGen: 179099K->23018K(202240K)] 464693K->309619K(726528K), 0.0120244 secs] [Times: user=0.13 sys=0.00, real=0.01 secs] 
2016-09-22T22:27:53.888-0400: 90.431: [GC (GCLocker Initiated GC) [PSYoungGen: 168426K->18823K(204288K)] 457755K->309174K(728576K), 0.0156407 secs] [Times: user=0.16 sys=0.00, real=0.01 secs] 
2016-09-22T22:27:54.033-0400: 90.576: [GC (GCLocker Initiated GC) [PSYoungGen: 168839K->36562K(204800K)] 459256K->341490K(729088K), 0.0080446 secs] [Times: user=0.08 sys=0.00, real=0.01 secs] 
2016-09-22T22:27:54.183-0400: 90.726: [GC (GCLocker Initiated GC) [PSYoungGen: 186578K->27050K(203776K)] 499643K->341151K(728064K), 0.0248093 secs] [Times: user=0.32 sys=0.01, real=0.03 secs] 
2016-09-22T22:27:54.337-0400: 90.880: [GC (GCLocker Initiated GC) [PSYoungGen: 179114K->25491K(205312K)] 493219K->340610K(729600K), 0.0063679 secs] [Times: user=0.04 sys=0.00, real=0.00 secs] 
2016-09-22T22:27:54.482-0400: 91.025: [GC (GCLocker Initiated GC) [PSYoungGen: 177555K->34048K(207872K)] 495444K->352826K(732160K), 0.0070809 secs] [Times: user=0.07 sys=0.00, real=0.01 secs] 
2016-09-22T22:27:54.635-0400: 91.178: [GC (GCLocker Initiated GC) [PSYoungGen: 191232K->32855K(208384K)] 515518K->371837K(732672K), 0.0060256 secs] [Times: user=0.05 sys=0.01, real=0.01 secs] 
2016-09-22T22:27:54.805-0400: 91.348: [GC (GCLocker Initiated GC) [PSYoungGen: 190039K->16900K(210432K)] 542666K->370884K(734720K), 0.0043235 secs] [Times: user=0.04 sys=0.00, real=0.01 secs] 
2016-09-22T22:27:54.959-0400: 91.502: [GC (GCLocker Initiated GC) [PSYoungGen: 177156K->40926K(201216K)] 533854K->399171K(725504K), 0.0085056 secs] [Times: user=0.06 sys=0.00, real=0.01 secs] 
2016-09-22T22:27:55.130-0400: 91.673: [GC (Allocation Failure) [PSYoungGen: 201182K->24725K(210944K)] 566283K->391210K(735232K), 0.0138057 secs] [Times: user=0.20 sys=0.00, real=0.01 secs] 
2016-09-22T22:27:55.279-0400: 91.822: [GC (GCLocker Initiated GC) [PSYoungGen: 180798K->44767K(203264K)] 549982K->415263K(727552K), 0.0065745 secs] [Times: user=0.08 sys=0.00, real=0.00 secs] 
2016-09-22T22:27:55.445-0400: 91.988: [GC (GCLocker Initiated GC) [PSYoungGen: 202975K->14037K(206336K)] 589757K->401873K(730624K), 0.0108213 secs] [Times: user=0.13 sys=0.00, real=0.02 secs] 
2016-09-22T22:27:55.599-0400: 92.143: [GC (GCLocker Initiated GC) [PSYoungGen: 165589K->23283K(175104K)] 560400K->438418K(699392K), 0.0064870 secs] [Times: user=0.08 sys=0.00, real=0.00 secs] 
2016-09-22T22:27:55.750-0400: 92.293: [GC (GCLocker Initiated GC) [PSYoungGen: 174835K->39603K(204288K)] 596798K->462771K(728576K), 0.0055403 secs] [Times: user=0.06 sys=0.01, real=0.01 secs] 
2016-09-22T22:27:55.906-0400: 92.449: [GC (GCLocker Initiated GC) [PSYoungGen: 190131K->41066K(192000K)] 618707K->470966K(716288K), 0.0099604 secs] [Times: user=0.13 sys=0.00, real=0.02 secs] 
2016-09-22T22:27:56.053-0400: 92.596: [GC (GCLocker Initiated GC) [PSYoungGen: 191594K->39589K(203264K)] 621804K->471151K(727552K), 0.0135257 secs] [Times: user=0.19 sys=0.01, real=0.01 secs] 
2016-09-22T22:27:56.216-0400: 92.759: [GC (GCLocker Initiated GC) [PSYoungGen: 186021K->21971K(204288K)] 629955K->467200K(728576K), 0.0060737 secs] [Times: user=0.04 sys=0.01, real=0.00 secs] 
2016-09-22T22:27:56.361-0400: 92.904: [GC (GCLocker Initiated GC) [PSYoungGen: 168403K->33940K(201216K)] 616570K->483316K(725504K), 0.0070074 secs] [Times: user=0.06 sys=0.00, real=0.01 secs] 
2016-09-22T22:27:56.504-0400: 93.048: [GC (GCLocker Initiated GC) [PSYoungGen: 181396K->19314K(202752K)] 638903K->478002K(727040K), 0.0155597 secs] [Times: user=0.17 sys=0.00, real=0.02 secs] 
2016-09-22T22:27:56.657-0400: 93.200: [GC (GCLocker Initiated GC) [PSYoungGen: 166770K->32713K(204288K)] 633587K->500809K(728576K), 0.0081357 secs] [Times: user=0.08 sys=0.00, real=0.00 secs] 
2016-09-22T22:27:56.821-0400: 93.364: [GC (GCLocker Initiated GC) [PSYoungGen: 184777K->42260K(205824K)] 652896K->511587K(730112K), 0.0071426 secs] [Times: user=0.07 sys=0.00, real=0.01 secs] 
2016-09-22T22:27:56.976-0400: 93.520: [GC (GCLocker Initiated GC) [PSYoungGen: 194324K->30357K(205312K)] 672305K->528559K(729600K), 0.0061878 secs] [Times: user=0.06 sys=0.01, real=0.00 secs] 
2016-09-22T22:27:57.131-0400: 93.674: [Full GC (Ergonomics) [PSYoungGen: 182933K->0K(205312K)] [ParOldGen: 503684K->166254K(524288K)] 686617K->166254K(729600K), [Metaspace: 43745K->43745K(1087488K)], 0.0623155 secs] [Times: user=0.55 sys=0.01, real=0.06 secs] 
2016-09-22T22:27:57.341-0400: 93.884: [GC (GCLocker Initiated GC) [PSYoungGen: 152576K->41297K(205824K)] 324390K->213112K(730112K), 0.0108497 secs] [Times: user=0.12 sys=0.00, real=0.01 secs] 
2016-09-22T22:27:57.509-0400: 94.053: [GC (GCLocker Initiated GC) [PSYoungGen: 193873K->39880K(206336K)] 365774K->213537K(730624K), 0.0075604 secs] [Times: user=0.10 sys=0.00, real=0.01 secs] 
2016-09-22T22:27:57.660-0400: 94.203: [GC (GCLocker Initiated GC) [PSYoungGen: 191432K->49309K(201216K)] 365113K->224555K(725504K), 0.0066453 secs] [Times: user=0.07 sys=0.00, real=0.01 secs] 
2016-09-22T22:27:57.837-0400: 94.380: [GC (GCLocker Initiated GC) [PSYoungGen: 200861K->30533K(204800K)] 381573K->226340K(729088K), 0.0172190 secs] [Times: user=0.23 sys=0.01, real=0.01 secs] 
2016-09-22T22:27:58.004-0400: 94.547: [GC (GCLocker Initiated GC) [PSYoungGen: 175941K->49240K(195072K)] 371756K->246743K(719360K), 0.0110306 secs] [Times: user=0.15 sys=0.00, real=0.02 secs] 
2016-09-22T22:27:58.157-0400: 94.701: [GC (GCLocker Initiated GC) [PSYoungGen: 194648K->41153K(201728K)] 394951K->242958K(726016K), 0.0104695 secs] [Times: user=0.11 sys=0.01, real=0.01 secs] 
2016-09-22T22:27:58.304-0400: 94.847: [GC (GCLocker Initiated GC) [PSYoungGen: 181953K->31713K(172544K)] 390696K->241906K(696832K), 0.0049281 secs] [Times: user=0.06 sys=0.00, real=0.01 secs] 
2016-09-22T22:27:58.452-0400: 94.995: [GC (GCLocker Initiated GC) [PSYoungGen: 172513K->49260K(197120K)] 385438K->263734K(721408K), 0.0242008 secs] [Times: user=0.34 sys=0.00, real=0.03 secs] 
2016-09-22T22:27:58.620-0400: 95.163: [GC (Allocation Failure) [PSYoungGen: 187500K->45288K(199680K)] 402052K->261331K(723968K), 0.0139164 secs] [Times: user=0.16 sys=0.00, real=0.01 secs] 
2016-09-22T22:27:58.773-0400: 95.316: [GC (GCLocker Initiated GC) [PSYoungGen: 182002K->27422K(200192K)] 400744K->247756K(724480K), 0.0056306 secs] [Times: user=0.05 sys=0.00, real=0.01 secs] 
2016-09-22T22:27:58.922-0400: 95.466: [GC (GCLocker Initiated GC) [PSYoungGen: 166174K->24771K(200192K)] 393581K->253695K(724480K), 0.0054104 secs] [Times: user=0.02 sys=0.00, real=0.01 secs] 
2016-09-22T22:27:59.075-0400: 95.618: [GC (GCLocker Initiated GC) [PSYoungGen: 163523K->34332K(197120K)] 397873K->270144K(721408K), 0.0051947 secs] [Times: user=0.05 sys=0.00, real=0.00 secs] 
2016-09-22T22:27:59.231-0400: 95.774: [GC (GCLocker Initiated GC) [PSYoungGen: 174108K->27487K(198656K)] 418052K->272923K(722944K), 0.0130233 secs] [Times: user=0.13 sys=0.00, real=0.01 secs] 
2016-09-22T22:27:59.385-0400: 95.928: [GC (GCLocker Initiated GC) [PSYoungGen: 167263K->34325K(198656K)] 415403K->283894K(722944K), 0.0107801 secs] [Times: user=0.12 sys=0.00, real=0.02 secs] 
2016-09-22T22:27:59.550-0400: 96.093: [GC (GCLocker Initiated GC) [PSYoungGen: 179733K->49422K(201216K)] 429359K->300549K(725504K), 0.0061560 secs] [Times: user=0.07 sys=0.00, real=0.01 secs] 
2016-09-22T22:27:59.709-0400: 96.252: [GC (GCLocker Initiated GC) [PSYoungGen: 194830K->26485K(203776K)] 452785K->286092K(728064K), 0.0132045 secs] [Times: user=0.16 sys=0.00, real=0.01 secs] 
2016-09-22T22:27:59.881-0400: 96.424: [GC (GCLocker Initiated GC) [PSYoungGen: 171381K->19592K(203264K)] 438411K->301931K(727552K), 0.0072763 secs] [Times: user=0.06 sys=0.00, real=0.01 secs] 
2016-09-22T22:28:00.055-0400: 96.599: [GC (GCLocker Initiated GC) [PSYoungGen: 164488K->8624K(200192K)] 457674K->303516K(724480K), 0.0175881 secs] [Times: user=0.16 sys=0.00, real=0.01 secs] 
2016-09-22T22:28:00.224-0400: 96.767: [GC (GCLocker Initiated GC) [PSYoungGen: 149936K->34392K(201728K)] 449100K->335254K(726016K), 0.0135525 secs] [Times: user=0.13 sys=0.00, real=0.02 secs] 
2016-09-22T22:28:00.393-0400: 96.936: [GC (GCLocker Initiated GC) [PSYoungGen: 175704K->32918K(197632K)] 476732K->335451K(721920K), 0.0098692 secs] [Times: user=0.07 sys=0.00, real=0.01 secs] 
2016-09-22T22:28:00.540-0400: 97.083: [GC (GCLocker Initiated GC) [PSYoungGen: 175766K->41299K(199680K)] 481046K->348223K(723968K), 0.0063867 secs] [Times: user=0.06 sys=0.00, real=0.00 secs] 
2016-09-22T22:28:00.689-0400: 97.232: [GC (GCLocker Initiated GC) [PSYoungGen: 184147K->42672K(202240K)] 493912K->354122K(726528K), 0.0079509 secs] [Times: user=0.07 sys=0.00, real=0.01 secs] 
2016-09-22T22:28:00.846-0400: 97.389: [GC (GCLocker Initiated GC) [PSYoungGen: 187056K->41191K(185856K)] 498522K->354317K(710144K), 0.0073671 secs] [Times: user=0.06 sys=0.00, real=0.01 secs] 
2016-09-22T22:28:01.004-0400: 97.547: [GC (GCLocker Initiated GC) [PSYoungGen: 185574K->43962K(200704K)] 501637K->361762K(724992K), 0.0121316 secs] [Times: user=0.15 sys=0.00, real=0.02 secs] 
2016-09-22T22:28:01.167-0400: 97.710: [GC (GCLocker Initiated GC) [PSYoungGen: 185274K->41062K(201728K)] 508704K->366156K(726016K), 0.0065726 secs] [Times: user=0.07 sys=0.00, real=0.00 secs] 
2016-09-22T22:28:01.317-0400: 97.860: [GC (GCLocker Initiated GC) [PSYoungGen: 182374K->48069K(198144K)] 507497K->374744K(722432K), 0.0242381 secs] [Times: user=0.32 sys=0.01, real=0.02 secs] 
2016-09-22T22:28:01.467-0400: 98.010: [GC (GCLocker Initiated GC) [PSYoungGen: 186309K->43591K(200192K)] 513062K->385469K(724480K), 0.0264086 secs] [Times: user=0.36 sys=0.00, real=0.02 secs] 
2016-09-22T22:28:01.623-0400: 98.166: [GC (GCLocker Initiated GC) [PSYoungGen: 181831K->39438K(197120K)] 529126K->404251K(721408K), 0.0063280 secs] [Times: user=0.08 sys=0.00, real=0.01 secs] 
2016-09-22T22:28:01.765-0400: 98.308: [GC (Allocation Failure) [PSYoungGen: 177678K->12619K(198656K)] 556071K->392211K(722944K), 0.0067632 secs] [Times: user=0.08 sys=0.00, real=0.01 secs] 
2016-09-22T22:28:01.885-0400: 98.428: [GC (GCLocker Initiated GC) [PSYoungGen: 150859K->43283K(199680K)] 530451K->424123K(723968K), 0.0071771 secs] [Times: user=0.06 sys=0.01, real=0.01 secs] 
2016-09-22T22:28:02.012-0400: 98.555: [GC (GCLocker Initiated GC) [PSYoungGen: 180499K->51491K(188928K)] 561447K->433541K(713216K), 0.0062780 secs] [Times: user=0.06 sys=0.01, real=0.01 secs] 
2016-09-22T22:28:02.141-0400: 98.684: [GC (GCLocker Initiated GC) [PSYoungGen: 188707K->31072K(198144K)] 573462K->419578K(722432K), 0.0248861 secs] [Times: user=0.33 sys=0.01, real=0.02 secs] 
2016-09-22T22:28:02.291-0400: 98.834: [GC (GCLocker Initiated GC) [PSYoungGen: 163680K->29685K(162304K)] 558980K->425915K(686592K), 0.0131925 secs] [Times: user=0.11 sys=0.00, real=0.01 secs] 
2016-09-22T22:28:02.429-0400: 98.972: [GC (GCLocker Initiated GC) [PSYoungGen: 162293K->36701K(197632K)] 558608K->453025K(721920K), 0.0057816 secs] [Times: user=0.07 sys=0.00, real=0.01 secs] 
2016-09-22T22:28:02.545-0400: 99.088: [GC (GCLocker Initiated GC) [PSYoungGen: 171869K->58306K(195072K)] 590922K->486605K(719360K), 0.0056758 secs] [Times: user=0.08 sys=0.00, real=0.01 secs] 
2016-09-22T22:28:02.670-0400: 99.213: [GC (GCLocker Initiated GC) [PSYoungGen: 193474K->43490K(197120K)] 622002K->483942K(721408K), 0.0089948 secs] [Times: user=0.10 sys=0.00, real=0.01 secs] 
2016-09-22T22:28:02.803-0400: 99.346: [GC (GCLocker Initiated GC) [PSYoungGen: 174562K->47316K(196096K)] 615043K->488945K(720384K), 0.0053558 secs] [Times: user=0.06 sys=0.01, real=0.01 secs] 
2016-09-22T22:28:02.930-0400: 99.473: [GC (GCLocker Initiated GC) [PSYoungGen: 178388K->44684K(195584K)] 625450K->517082K(719872K), 0.0108151 secs] [Times: user=0.16 sys=0.00, real=0.01 secs] 
2016-09-22T22:28:03.055-0400: 99.598: [GC (GCLocker Initiated GC) [PSYoungGen: 176268K->43422K(196096K)] 648714K->530349K(720384K), 0.0103014 secs] [Times: user=0.13 sys=0.00, real=0.00 secs] 
2016-09-22T22:28:03.209-0400: 99.752: [GC (GCLocker Initiated GC) [PSYoungGen: 175006K->21796K(196096K)] 667454K->515308K(720384K), 0.0154133 secs] [Times: user=0.14 sys=0.00, real=0.01 secs] 
2016-09-22T22:28:03.361-0400: 99.904: [GC (GCLocker Initiated GC) [PSYoungGen: 154404K->42205K(197120K)] 652163K->541286K(721408K), 0.0128650 secs] [Times: user=0.15 sys=0.00, real=0.01 secs] 
2016-09-22T22:28:03.500-0400: 100.043: [GC (GCLocker Initiated GC) [PSYoungGen: 174813K->50405K(195072K)] 673993K->550818K(719360K), 0.0058759 secs] [Times: user=0.06 sys=0.00, real=0.00 secs] 
2016-09-22T22:28:03.506-0400: 100.049: [Full GC (Ergonomics) [PSYoungGen: 50405K->0K(195072K)] [ParOldGen: 500412K->166198K(524288K)] 550818K->166198K(719360K), [Metaspace: 43756K->43756K(1087488K)], 0.0704605 secs] [Times: user=0.59 sys=0.01, real=0.08 secs] 
2016-09-22T22:28:03.708-0400: 100.252: [GC (GCLocker Initiated GC) [PSYoungGen: 132096K->37221K(197120K)] 301104K->206230K(721408K), 0.0051263 secs] [Times: user=0.04 sys=0.00, real=0.00 secs] 
2016-09-22T22:28:03.842-0400: 100.385: [GC (GCLocker Initiated GC) [PSYoungGen: 169317K->39638K(193024K)] 340073K->220231K(717312K), 0.0053832 secs] [Times: user=0.06 sys=0.00, real=0.01 secs] 
2016-09-22T22:28:03.988-0400: 100.531: [GC (GCLocker Initiated GC) [PSYoungGen: 173782K->34206K(195072K)] 360001K->221768K(719360K), 0.0096288 secs] [Times: user=0.10 sys=0.00, real=0.01 secs] 
2016-09-22T22:28:04.130-0400: 100.673: [GC (GCLocker Initiated GC) [PSYoungGen: 168350K->42232K(198144K)] 356106K->231347K(722432K), 0.0072920 secs] [Times: user=0.06 sys=0.00, real=0.01 secs] 
2016-09-22T22:28:04.270-0400: 100.814: [GC (GCLocker Initiated GC) [PSYoungGen: 183544K->53131K(200192K)] 372799K->243598K(724480K), 0.0063719 secs] [Times: user=0.08 sys=0.01, real=0.01 secs] 
2016-09-22T22:28:04.425-0400: 100.968: [GC (GCLocker Initiated GC) [PSYoungGen: 194443K->34135K(201216K)] 387705K->231408K(725504K), 0.0105938 secs] [Times: user=0.12 sys=0.00, real=0.02 secs] 
2016-09-22T22:28:04.569-0400: 101.113: [GC (GCLocker Initiated GC) [PSYoungGen: 173399K->36854K(176128K)] 372031K->236869K(700416K), 0.0074624 secs] [Times: user=0.07 sys=0.01, real=0.01 secs] 
2016-09-22T22:28:04.705-0400: 101.249: [GC (GCLocker Initiated GC) [PSYoungGen: 176118K->42293K(199680K)] 376164K->243606K(723968K), 0.0065280 secs] [Times: user=0.05 sys=0.01, real=0.01 secs] 
2016-09-22T22:28:04.870-0400: 101.414: [GC (GCLocker Initiated GC) [PSYoungGen: 182581K->37076K(198656K)] 389531K->261556K(722944K), 0.0171803 secs] [Times: user=0.08 sys=0.04, real=0.02 secs] 
2016-09-22T22:28:05.047-0400: 101.590: [GC (GCLocker Initiated GC) [PSYoungGen: 177364K->29965K(201728K)] 401969K->256008K(726016K), 0.0217971 secs] [Times: user=0.32 sys=0.02, real=0.02 secs] 
2016-09-22T22:28:05.213-0400: 101.756: [GC (GCLocker Initiated GC) [PSYoungGen: 174349K->40810K(201728K)] 405940K->273658K(726016K), 0.0054991 secs] [Times: user=0.06 sys=0.00, real=0.01 secs] 
2016-09-22T22:28:05.357-0400: 101.900: [GC (GCLocker Initiated GC) [PSYoungGen: 185194K->34422K(203776K)] 423325K->273701K(728064K), 0.0064891 secs] [Times: user=0.05 sys=0.01, real=0.00 secs] 
2016-09-22T22:28:05.521-0400: 102.064: [GC (Allocation Failure) [PSYoungGen: 182902K->40978K(203776K)] 426536K->286060K(728064K), 0.0240039 secs] [Times: user=0.32 sys=0.00, real=0.02 secs] 
2016-09-22T22:28:05.750-0400: 102.293: [GC (GCLocker Initiated GC) [PSYoungGen: 189233K->15494K(202752K)] 437015K->275414K(727040K), 0.0210556 secs] [Times: user=0.18 sys=0.01, real=0.02 secs] 
2016-09-22T22:28:05.936-0400: 102.479: [GC (GCLocker Initiated GC) [PSYoungGen: 163974K->48038K(196608K)] 423974K->309846K(720896K), 0.0142830 secs] [Times: user=0.16 sys=0.02, real=0.01 secs] 
2016-09-22T22:28:06.121-0400: 102.664: [GC (GCLocker Initiated GC) [PSYoungGen: 196518K->41064K(203776K)] 462407K->308506K(728064K), 0.0147455 secs] [Times: user=0.13 sys=0.01, real=0.02 secs] 
2016-09-22T22:28:06.278-0400: 102.822: [GC (GCLocker Initiated GC) [PSYoungGen: 185960K->20689K(165888K)] 456186K->303077K(690176K), 0.0103436 secs] [Times: user=0.09 sys=0.00, real=0.01 secs] 
2016-09-22T22:28:06.432-0400: 102.975: [GC (GCLocker Initiated GC) [PSYoungGen: 165585K->50709K(196608K)] 448002K->334635K(720896K), 0.0079689 secs] [Times: user=0.08 sys=0.01, real=0.01 secs] 
2016-09-22T22:28:06.559-0400: 103.103: [GC (GCLocker Initiated GC) [PSYoungGen: 187925K->31737K(199680K)] 471881K->341661K(723968K), 0.0094659 secs] [Times: user=0.12 sys=0.01, real=0.01 secs] 
2016-09-22T22:28:06.713-0400: 103.257: [GC (GCLocker Initiated GC) [PSYoungGen: 168953K->24589K(197120K)] 479063K->346976K(721408K), 0.0058412 secs] [Times: user=0.03 sys=0.00, real=0.01 secs] 
2016-09-22T22:28:06.848-0400: 103.391: [GC (GCLocker Initiated GC) [PSYoungGen: 163341K->50599K(189440K)] 485888K->385353K(713728K), 0.0066962 secs] [Times: user=0.08 sys=0.00, real=0.01 secs] 
2016-09-22T22:28:07.012-0400: 103.556: [GC (GCLocker Initiated GC) [PSYoungGen: 189351K->26187K(199168K)] 532438K->384261K(723456K), 0.0105676 secs] [Times: user=0.08 sys=0.01, real=0.01 secs] 
2016-09-22T22:28:07.177-0400: 103.720: [GC (GCLocker Initiated GC) [PSYoungGen: 161867K->58438K(194560K)] 519959K->417985K(718848K), 0.0080354 secs] [Times: user=0.08 sys=0.00, real=0.00 secs] 
2016-09-22T22:28:07.315-0400: 103.858: [GC (GCLocker Initiated GC) [PSYoungGen: 194118K->39736K(196096K)] 553791K->416882K(720384K), 0.0228915 secs] [Times: user=0.26 sys=0.01, real=0.02 secs] 
2016-09-22T22:28:07.475-0400: 104.018: [GC (GCLocker Initiated GC) [PSYoungGen: 168248K->10026K(138752K)] 557610K->414352K(663040K), 0.0292806 secs] [Times: user=0.30 sys=0.00, real=0.02 secs] 
2016-09-22T22:28:07.643-0400: 104.186: [GC (GCLocker Initiated GC) [PSYoungGen: 138538K->30383K(196096K)] 545589K->439025K(720384K), 0.0049046 secs] [Times: user=0.05 sys=0.00, real=0.01 secs] 
2016-09-22T22:28:07.773-0400: 104.316: [GC (GCLocker Initiated GC) [PSYoungGen: 158383K->46430K(194048K)] 569762K->459346K(718336K), 0.0085511 secs] [Times: user=0.09 sys=0.00, real=0.01 secs] 
2016-09-22T22:28:07.911-0400: 104.454: [GC (Allocation Failure) [PSYoungGen: 174430K->27338K(194048K)] 590172K->476880K(718336K), 0.0129888 secs] [Times: user=0.15 sys=0.00, real=0.01 secs] 
2016-09-22T22:28:08.079-0400: 104.622: [GC (GCLocker Initiated GC) [PSYoungGen: 155138K->28649K(194560K)] 610080K->487611K(718848K), 0.0154927 secs] [Times: user=0.11 sys=0.01, real=0.01 secs] 
2016-09-22T22:28:08.241-0400: 104.784: [GC (GCLocker Initiated GC) [PSYoungGen: 157673K->22089K(195584K)] 627974K->493799K(719872K), 0.0066275 secs] [Times: user=0.05 sys=0.01, real=0.01 secs] 
2016-09-22T22:28:08.389-0400: 104.932: [GC (GCLocker Initiated GC) [PSYoungGen: 154185K->27192K(195072K)] 625982K->500371K(719360K), 0.0116488 secs] [Times: user=0.10 sys=0.00, real=0.01 secs] 
2016-09-22T22:28:08.516-0400: 105.059: [GC (GCLocker Initiated GC) [PSYoungGen: 159288K->39511K(196608K)] 632608K->516889K(720896K), 0.0162189 secs] [Times: user=0.16 sys=0.00, real=0.01 secs] 
2016-09-22T22:28:08.670-0400: 105.213: [GC (GCLocker Initiated GC) [PSYoungGen: 175191K->42329K(196608K)] 655279K->523744K(720896K), 0.0133995 secs] [Times: user=0.12 sys=0.00, real=0.01 secs] 
2016-09-22T22:28:10.111-0400: 106.655: [GC (Allocation Failure) [PSYoungGen: 178009K->6979K(196608K)] 659428K->489939K(720896K), 0.0123264 secs] [Times: user=0.13 sys=0.00, real=0.01 secs] 
2016-09-22T22:28:18.733-0400: 115.276: [GC (Allocation Failure) [PSYoungGen: 142086K->36840K(198656K)] 625046K->526628K(722944K), 0.0082973 secs] [Times: user=0.05 sys=0.02, real=0.01 secs] 
