Java HotSpot(TM) 64-Bit Server VM (25.101-b13) for linux-amd64 JRE (1.8.0_101-b13), built on Jun 22 2016 02:59:44 by "java_re" with gcc 4.3.0 20080428 (Red Hat 4.3.0-8)
Memory: 4k page, physical 264122320k(254750444k free), swap 268399612k(268399612k free)
CommandLine flags: -XX:GCLogFileSize=1048576 -XX:+HeapDumpOnOutOfMemoryError -XX:HeapDumpPath=artifacts/heapdump -XX:InitialHeapSize=805306368 -XX:MaxHeapSize=805306368 -XX:NumberOfGCLogFiles=10 -XX:+PrintGC -XX:+PrintGCDateStamps -XX:+PrintGCDetails -XX:+PrintGCTimeStamps -XX:+UseCompressedClassPointers -XX:+UseCompressedOops -XX:+UseGCLogFileRotation -XX:+UseParallelGC 
2016-09-24T00:50:34.438-0400: 2.162: [GC (Metadata GC Threshold) [PSYoungGen: 125831K->15532K(229376K)] 125831K->15620K(753664K), 0.0199034 secs] [Times: user=0.09 sys=0.01, real=0.02 secs] 
2016-09-24T00:50:34.458-0400: 2.182: [Full GC (Metadata GC Threshold) [PSYoungGen: 15532K->0K(229376K)] [ParOldGen: 88K->14601K(359424K)] 15620K->14601K(588800K), [Metaspace: 21082K->21082K(1067008K)], 0.0589523 secs] [Times: user=0.49 sys=0.00, real=0.06 secs] 
2016-09-24T00:50:42.301-0400: 10.025: [GC (Metadata GC Threshold) [PSYoungGen: 121527K->14737K(229376K)] 136129K->29475K(588800K), 0.0285679 secs] [Times: user=0.27 sys=0.03, real=0.03 secs] 
2016-09-24T00:50:42.330-0400: 10.054: [Full GC (Metadata GC Threshold) [PSYoungGen: 14737K->0K(229376K)] [ParOldGen: 14737K->20240K(524288K)] 29475K->20240K(753664K), [Metaspace: 35093K->35093K(1079296K)], 0.0553169 secs] [Times: user=0.41 sys=0.01, real=0.06 secs] 
2016-09-24T00:50:43.914-0400: 11.638: [GC (Allocation Failure) [PSYoungGen: 195942K->23969K(229376K)] 216183K->44217K(753664K), 0.0081343 secs] [Times: user=0.10 sys=0.00, real=0.01 secs] 
2016-09-24T00:50:44.891-0400: 12.614: [GC (GCLocker Initiated GC) [PSYoungGen: 218873K->20949K(229376K)] 245196K->47280K(753664K), 0.0110616 secs] [Times: user=0.08 sys=0.01, real=0.01 secs] 
2016-09-24T00:50:45.956-0400: 13.680: [GC (GCLocker Initiated GC) [PSYoungGen: 217557K->27698K(224768K)] 244249K->66548K(749056K), 0.0087839 secs] [Times: user=0.09 sys=0.02, real=0.01 secs] 
2016-09-24T00:50:47.081-0400: 14.804: [GC (Allocation Failure) [PSYoungGen: 224306K->21589K(227840K)] 269581K->66872K(752128K), 0.0089973 secs] [Times: user=0.07 sys=0.02, real=0.01 secs] 
2016-09-24T00:50:48.069-0400: 15.793: [GC (Allocation Failure) [PSYoungGen: 219221K->27376K(226816K)] 264504K->84817K(751104K), 0.0190364 secs] [Times: user=0.18 sys=0.03, real=0.02 secs] 
2016-09-24T00:50:49.105-0400: 16.829: [GC (Allocation Failure) [PSYoungGen: 225008K->27664K(227840K)] 282449K->97263K(752128K), 0.0074161 secs] [Times: user=0.05 sys=0.02, real=0.00 secs] 
2016-09-24T00:50:50.207-0400: 17.931: [GC (Allocation Failure) [PSYoungGen: 224272K->27504K(224256K)] 293871K->109261K(748544K), 0.0184977 secs] [Times: user=0.18 sys=0.01, real=0.02 secs] 
2016-09-24T00:50:51.245-0400: 18.969: [GC (Allocation Failure) [PSYoungGen: 219726K->21778K(229376K)] 301484K->103543K(753664K), 0.0280865 secs] [Times: user=0.40 sys=0.02, real=0.02 secs] 
2016-09-24T00:50:52.268-0400: 19.992: [GC (GCLocker Initiated GC) [PSYoungGen: 217362K->27696K(228352K)] 299129K->121621K(752640K), 0.0087496 secs] [Times: user=0.08 sys=0.01, real=0.01 secs] 
2016-09-24T00:50:53.415-0400: 21.138: [GC (Allocation Failure) [PSYoungGen: 223280K->21525K(228864K)] 329699K->127952K(753152K), 0.0134451 secs] [Times: user=0.13 sys=0.01, real=0.01 secs] 
2016-09-24T00:50:54.443-0400: 22.167: [GC (Allocation Failure) [PSYoungGen: 213540K->21557K(217088K)] 319967K->127992K(741376K), 0.0087888 secs] [Times: user=0.08 sys=0.02, real=0.00 secs] 
2016-09-24T00:50:55.493-0400: 23.217: [GC (Allocation Failure) [PSYoungGen: 216629K->27728K(226304K)] 323064K->146321K(750592K), 0.0204333 secs] [Times: user=0.23 sys=0.03, real=0.02 secs] 
2016-09-24T00:50:56.310-0400: 24.034: [GC (GCLocker Initiated GC) [PSYoungGen: 221776K->28185K(227328K)] 340375K->189317K(751616K), 0.0177951 secs] [Times: user=0.15 sys=0.02, real=0.02 secs] 
2016-09-24T00:50:56.612-0400: 24.336: [GC (Allocation Failure) [PSYoungGen: 222233K->33775K(177152K)] 390228K->263121K(701440K), 0.0107328 secs] [Times: user=0.09 sys=0.05, real=0.02 secs] 
2016-09-24T00:50:56.795-0400: 24.519: [GC (GCLocker Initiated GC) [PSYoungGen: 177135K->56087K(199680K)] 406492K->318052K(723968K), 0.0141693 secs] [Times: user=0.17 sys=0.01, real=0.01 secs] 
2016-09-24T00:50:57.017-0400: 24.740: [GC (GCLocker Initiated GC) [PSYoungGen: 199447K->62070K(178176K)] 461773K->355171K(702464K), 0.0133679 secs] [Times: user=0.15 sys=0.03, real=0.01 secs] 
2016-09-24T00:50:57.193-0400: 24.917: [GC (GCLocker Initiated GC) [PSYoungGen: 177782K->56358K(172544K)] 476961K->355634K(696832K), 0.0127333 secs] [Times: user=0.15 sys=0.01, real=0.02 secs] 
2016-09-24T00:50:57.354-0400: 25.078: [GC (GCLocker Initiated GC) [PSYoungGen: 172070K->73992K(166912K)] 477474K->379507K(691200K), 0.0104398 secs] [Times: user=0.14 sys=0.00, real=0.02 secs] 
2016-09-24T00:50:57.466-0400: 25.190: [GC (Allocation Failure) [PSYoungGen: 164104K->85818K(176128K)] 469722K->421907K(700416K), 0.0148128 secs] [Times: user=0.16 sys=0.01, real=0.01 secs] 
2016-09-24T00:50:57.608-0400: 25.331: [GC (GCLocker Initiated GC) [PSYoungGen: 175930K->86014K(174080K)] 512025K->476920K(698368K), 0.0127957 secs] [Times: user=0.19 sys=0.01, real=0.01 secs] 
2016-09-24T00:50:57.710-0400: 25.434: [GC (GCLocker Initiated GC) [PSYoungGen: 174078K->85914K(175104K)] 565351K->525955K(699392K), 0.0139436 secs] [Times: user=0.20 sys=0.02, real=0.02 secs] 
2016-09-24T00:50:57.852-0400: 25.576: [GC (GCLocker Initiated GC) [PSYoungGen: 173978K->85886K(175104K)] 626369K->568948K(699392K), 0.0106635 secs] [Times: user=0.15 sys=0.00, real=0.02 secs] 
2016-09-24T00:50:57.863-0400: 25.587: [Full GC (Ergonomics) [PSYoungGen: 85886K->0K(175104K)] [ParOldGen: 483062K->51029K(524288K)] 568948K->51029K(699392K), [Metaspace: 43711K->43711K(1085440K)], 0.1868676 secs] [Times: user=2.53 sys=0.01, real=0.18 secs] 
2016-09-24T00:50:58.176-0400: 25.900: [GC (GCLocker Initiated GC) [PSYoungGen: 88064K->86766K(175104K)] 145344K->168346K(699392K), 0.0111127 secs] [Times: user=0.15 sys=0.01, real=0.01 secs] 
2016-09-24T00:51:04.250-0400: 31.974: [GC (GCLocker Initiated GC) [PSYoungGen: 174830K->86961K(175104K)] 256474K->180756K(699392K), 0.0114300 secs] [Times: user=0.15 sys=0.00, real=0.01 secs] 
2016-09-24T00:51:04.397-0400: 32.121: [GC (Allocation Failure) [PSYoungGen: 175025K->86734K(175104K)] 269169K->229478K(699392K), 0.0113090 secs] [Times: user=0.15 sys=0.00, real=0.01 secs] 
2016-09-24T00:51:04.532-0400: 32.255: [GC (GCLocker Initiated GC) [PSYoungGen: 174798K->85854K(175104K)] 317553K->290226K(699392K), 0.0117742 secs] [Times: user=0.16 sys=0.01, real=0.02 secs] 
2016-09-24T00:51:04.669-0400: 32.393: [GC (GCLocker Initiated GC) [PSYoungGen: 173918K->85854K(175104K)] 384721K->333250K(699392K), 0.0108686 secs] [Times: user=0.15 sys=0.00, real=0.01 secs] 
2016-09-24T00:51:04.840-0400: 32.564: [GC (GCLocker Initiated GC) [PSYoungGen: 173918K->19488K(175104K)] 439884K->303862K(699392K), 0.0063573 secs] [Times: user=0.08 sys=0.01, real=0.01 secs] 
2016-09-24T00:51:04.963-0400: 32.687: [GC (GCLocker Initiated GC) [PSYoungGen: 107552K->73608K(175104K)] 398065K->383161K(699392K), 0.0114956 secs] [Times: user=0.15 sys=0.01, real=0.01 secs] 
2016-09-24T00:51:05.076-0400: 32.800: [GC (GCLocker Initiated GC) [PSYoungGen: 161672K->85790K(175104K)] 477650K->481059K(699392K), 0.0201422 secs] [Times: user=0.29 sys=0.02, real=0.02 secs] 
2016-09-24T00:51:05.210-0400: 32.934: [GC (Allocation Failure) [PSYoungGen: 173854K->61654K(175104K)] 569333K->530380K(699392K), 0.0123592 secs] [Times: user=0.14 sys=0.03, real=0.02 secs] 
2016-09-24T00:51:05.223-0400: 32.947: [Full GC (Ergonomics) [PSYoungGen: 61654K->0K(175104K)] [ParOldGen: 468726K->51638K(524288K)] 530380K->51638K(699392K), [Metaspace: 43748K->43748K(1087488K)], 0.0671847 secs] [Times: user=0.47 sys=0.02, real=0.06 secs] 
2016-09-24T00:51:05.395-0400: 33.119: [GC (GCLocker Initiated GC) [PSYoungGen: 84971K->86570K(175104K)] 142684K->168591K(699392K), 0.0096698 secs] [Times: user=0.14 sys=0.00, real=0.01 secs] 
2016-09-24T00:51:05.528-0400: 33.252: [GC (GCLocker Initiated GC) [PSYoungGen: 174634K->67597K(175104K)] 256736K->186721K(699392K), 0.0117012 secs] [Times: user=0.14 sys=0.00, real=0.01 secs] 
2016-09-24T00:51:05.655-0400: 33.378: [GC (GCLocker Initiated GC) [PSYoungGen: 155661K->86182K(175104K)] 275147K->260666K(699392K), 0.0222569 secs] [Times: user=0.28 sys=0.00, real=0.02 secs] 
2016-09-24T00:51:05.825-0400: 33.549: [GC (GCLocker Initiated GC) [PSYoungGen: 174246K->55383K(175104K)] 355144K->291248K(699392K), 0.0124239 secs] [Times: user=0.13 sys=0.02, real=0.01 secs] 
2016-09-24T00:51:05.963-0400: 33.687: [GC (GCLocker Initiated GC) [PSYoungGen: 143447K->73640K(175104K)] 379667K->328220K(699392K), 0.0111374 secs] [Times: user=0.11 sys=0.01, real=0.00 secs] 
2016-09-24T00:51:06.100-0400: 33.824: [GC (GCLocker Initiated GC) [PSYoungGen: 161704K->86118K(175104K)] 416393K->377409K(699392K), 0.0116034 secs] [Times: user=0.18 sys=0.00, real=0.01 secs] 
2016-09-24T00:51:06.222-0400: 33.946: [GC (Allocation Failure) [PSYoungGen: 174182K->79747K(175104K)] 471701K->414039K(699392K), 0.0115497 secs] [Times: user=0.17 sys=0.01, real=0.00 secs] 
2016-09-24T00:51:06.364-0400: 34.088: [GC (GCLocker Initiated GC) [PSYoungGen: 167811K->74032K(175104K)] 502109K->444915K(699392K), 0.0119237 secs] [Times: user=0.19 sys=0.01, real=0.01 secs] 
2016-09-24T00:51:06.481-0400: 34.205: [GC (Allocation Failure) [PSYoungGen: 162095K->73704K(175104K)] 539403K->487770K(699392K), 0.0095095 secs] [Times: user=0.14 sys=0.00, real=0.01 secs] 
2016-09-24T00:51:06.612-0400: 34.336: [GC (GCLocker Initiated GC) [PSYoungGen: 156080K->73872K(175104K)] 576222K->494289K(699392K), 0.0076676 secs] [Times: user=0.09 sys=0.00, real=0.01 secs] 
2016-09-24T00:51:06.751-0400: 34.475: [GC (GCLocker Initiated GC) [PSYoungGen: 161936K->61266K(175104K)] 582400K->500223K(699392K), 0.0111775 secs] [Times: user=0.11 sys=0.00, real=0.02 secs] 
2016-09-24T00:51:06.882-0400: 34.606: [GC (GCLocker Initiated GC) [PSYoungGen: 149330K->73704K(175104K)] 588373K->537347K(699392K), 0.0152631 secs] [Times: user=0.19 sys=0.00, real=0.01 secs] 
2016-09-24T00:51:06.898-0400: 34.622: [Full GC (Ergonomics) [PSYoungGen: 73704K->0K(175104K)] [ParOldGen: 463643K->51653K(524288K)] 537347K->51653K(699392K), [Metaspace: 43815K->43815K(1087488K)], 0.0595696 secs] [Times: user=0.30 sys=0.02, real=0.06 secs] 
2016-09-24T00:51:07.073-0400: 34.797: [GC (GCLocker Initiated GC) [PSYoungGen: 88064K->86342K(175104K)] 139752K->144105K(699392K), 0.0181173 secs] [Times: user=0.23 sys=0.00, real=0.02 secs] 
2016-09-24T00:51:07.207-0400: 34.931: [GC (GCLocker Initiated GC) [PSYoungGen: 174406K->79683K(175104K)] 238320K->199000K(699392K), 0.0118868 secs] [Times: user=0.16 sys=0.01, real=0.01 secs] 
2016-09-24T00:51:07.349-0400: 35.072: [GC (GCLocker Initiated GC) [PSYoungGen: 167747K->67729K(175104K)] 293309K->242043K(699392K), 0.0097782 secs] [Times: user=0.14 sys=0.00, real=0.01 secs] 
2016-09-24T00:51:07.504-0400: 35.228: [GC (Allocation Failure) [PSYoungGen: 155793K->55775K(175104K)] 336532K->273271K(699392K), 0.0116595 secs] [Times: user=0.16 sys=0.01, real=0.01 secs] 
2016-09-24T00:51:07.653-0400: 35.377: [GC (GCLocker Initiated GC) [PSYoungGen: 141172K->55483K(175104K)] 364743K->291308K(699392K), 0.0110195 secs] [Times: user=0.11 sys=0.00, real=0.02 secs] 
2016-09-24T00:51:07.781-0400: 35.505: [GC (GCLocker Initiated GC) [PSYoungGen: 143547K->85694K(175104K)] 379441K->340105K(699392K), 0.0109420 secs] [Times: user=0.10 sys=0.01, real=0.01 secs] 
2016-09-24T00:51:07.902-0400: 35.626: [GC (GCLocker Initiated GC) [PSYoungGen: 173758K->55511K(175104K)] 434539K->371119K(699392K), 0.0110284 secs] [Times: user=0.15 sys=0.00, real=0.01 secs] 
2016-09-24T00:51:08.036-0400: 35.760: [GC (GCLocker Initiated GC) [PSYoungGen: 143574K->86182K(175104K)] 459543K->426774K(699392K), 0.0113856 secs] [Times: user=0.15 sys=0.00, real=0.01 secs] 
2016-09-24T00:51:08.174-0400: 35.898: [GC (GCLocker Initiated GC) [PSYoungGen: 174244K->55451K(175104K)] 521267K->402905K(699392K), 0.0105825 secs] [Times: user=0.12 sys=0.00, real=0.02 secs] 
2016-09-24T00:51:08.318-0400: 36.042: [GC (GCLocker Initiated GC) [PSYoungGen: 143515K->55351K(175104K)] 497332K->427684K(699392K), 0.0140408 secs] [Times: user=0.16 sys=0.00, real=0.01 secs] 
2016-09-24T00:51:08.463-0400: 36.186: [GC (GCLocker Initiated GC) [PSYoungGen: 143415K->73932K(175104K)] 515869K->464886K(699392K), 0.0079868 secs] [Times: user=0.10 sys=0.01, real=0.00 secs] 
2016-09-24T00:51:08.625-0400: 36.349: [GC (GCLocker Initiated GC) [PSYoungGen: 161996K->61686K(175104K)] 559073K->477139K(699392K), 0.0119623 secs] [Times: user=0.10 sys=0.01, real=0.01 secs] 
2016-09-24T00:51:08.739-0400: 36.463: [GC (GCLocker Initiated GC) [PSYoungGen: 149750K->85822K(175104K)] 565251K->544304K(699392K), 0.0125387 secs] [Times: user=0.16 sys=0.00, real=0.01 secs] 
2016-09-24T00:51:08.752-0400: 36.476: [Full GC (Ergonomics) [PSYoungGen: 85822K->0K(175104K)] [ParOldGen: 458481K->57967K(524288K)] 544304K->57967K(699392K), [Metaspace: 43862K->43862K(1087488K)], 0.0698541 secs] [Times: user=0.55 sys=0.01, real=0.07 secs] 
2016-09-24T00:51:08.947-0400: 36.671: [GC (GCLocker Initiated GC) [PSYoungGen: 88064K->74512K(175104K)] 152462K->138910K(699392K), 0.0077028 secs] [Times: user=0.11 sys=0.01, real=0.01 secs] 
2016-09-24T00:51:09.069-0400: 36.793: [GC (GCLocker Initiated GC) [PSYoungGen: 162576K->73608K(175104K)] 233398K->163795K(699392K), 0.0097233 secs] [Times: user=0.11 sys=0.00, real=0.01 secs] 
2016-09-24T00:51:09.208-0400: 36.932: [GC (GCLocker Initiated GC) [PSYoungGen: 161672K->85762K(175104K)] 251968K->176169K(699392K), 0.0124865 secs] [Times: user=0.10 sys=0.01, real=0.01 secs] 
2016-09-24T00:51:09.342-0400: 37.066: [GC (GCLocker Initiated GC) [PSYoungGen: 173826K->49212K(175104K)] 264336K->170349K(699392K), 0.0223635 secs] [Times: user=0.21 sys=0.00, real=0.03 secs] 
2016-09-24T00:51:09.489-0400: 37.213: [GC (GCLocker Initiated GC) [PSYoungGen: 137276K->67697K(175104K)] 258489K->231539K(699392K), 0.0310851 secs] [Times: user=0.37 sys=0.00, real=0.03 secs] 
2016-09-24T00:51:09.632-0400: 37.356: [GC (GCLocker Initiated GC) [PSYoungGen: 155761K->61426K(175104K)] 319762K->280418K(699392K), 0.0138114 secs] [Times: user=0.18 sys=0.00, real=0.02 secs] 
2016-09-24T00:51:09.762-0400: 37.486: [GC (GCLocker Initiated GC) [PSYoungGen: 149490K->55287K(175104K)] 374654K->280571K(699392K), 0.0087902 secs] [Times: user=0.10 sys=0.00, real=0.01 secs] 
2016-09-24T00:51:09.901-0400: 37.625: [GC (GCLocker Initiated GC) [PSYoungGen: 143351K->55547K(175104K)] 380872K->311576K(699392K), 0.0220600 secs] [Times: user=0.29 sys=0.00, real=0.03 secs] 
2016-09-24T00:51:10.060-0400: 37.784: [GC (GCLocker Initiated GC) [PSYoungGen: 143611K->67761K(175104K)] 405857K->348688K(699392K), 0.0085334 secs] [Times: user=0.10 sys=0.00, real=0.01 secs] 
2016-09-24T00:51:10.210-0400: 37.934: [GC (GCLocker Initiated GC) [PSYoungGen: 155825K->73608K(175104K)] 436811K->403345K(699392K), 0.0114835 secs] [Times: user=0.17 sys=0.00, real=0.01 secs] 
2016-09-24T00:51:10.360-0400: 38.084: [GC (Allocation Failure) [PSYoungGen: 161672K->54931K(175104K)] 491456K->397101K(699392K), 0.0151985 secs] [Times: user=0.15 sys=0.00, real=0.02 secs] 
2016-09-24T00:51:10.495-0400: 38.219: [GC (GCLocker Initiated GC) [PSYoungGen: 142995K->85626K(175104K)] 485171K->488703K(699392K), 0.0167463 secs] [Times: user=0.19 sys=0.00, real=0.01 secs] 
2016-09-24T00:51:10.672-0400: 38.396: [GC (GCLocker Initiated GC) [PSYoungGen: 173690K->37162K(175104K)] 588919K->470703K(699392K), 0.0302332 secs] [Times: user=0.32 sys=0.01, real=0.04 secs] 
2016-09-24T00:51:10.831-0400: 38.555: [GC (Allocation Failure) [PSYoungGen: 125226K->55123K(175104K)] 558770K->488935K(699392K), 0.0254467 secs] [Times: user=0.24 sys=0.01, real=0.03 secs] 
2016-09-24T00:51:10.967-0400: 38.691: [GC (GCLocker Initiated GC) [PSYoungGen: 143187K->85402K(175104K)] 577004K->519315K(699392K), 0.0135063 secs] [Times: user=0.12 sys=0.00, real=0.01 secs] 
2016-09-24T00:51:11.085-0400: 38.809: [GC (GCLocker Initiated GC) [PSYoungGen: 173466K->61330K(175104K)] 607471K->544055K(699392K), 0.0227806 secs] [Times: user=0.22 sys=0.00, real=0.02 secs] 
2016-09-24T00:51:11.108-0400: 38.832: [Full GC (Ergonomics) [PSYoungGen: 61330K->0K(175104K)] [ParOldGen: 482724K->52414K(524288K)] 544055K->52414K(699392K), [Metaspace: 43906K->43906K(1087488K)], 0.0539968 secs] [Times: user=0.26 sys=0.01, real=0.06 secs] 
2016-09-24T00:51:11.276-0400: 39.000: [GC (GCLocker Initiated GC) [PSYoungGen: 88064K->86434K(175104K)] 140833K->157428K(699392K), 0.0096889 secs] [Times: user=0.10 sys=0.01, real=0.01 secs] 
2016-09-24T00:51:11.390-0400: 39.114: [GC (Allocation Failure) [PSYoungGen: 174498K->67665K(175104K)] 245831K->176423K(699392K), 0.0099877 secs] [Times: user=0.11 sys=0.00, real=0.01 secs] 
2016-09-24T00:51:11.493-0400: 39.217: [GC (GCLocker Initiated GC) [PSYoungGen: 155729K->85594K(175104K)] 264493K->237183K(699392K), 0.0348960 secs] [Times: user=0.45 sys=0.00, real=0.04 secs] 
2016-09-24T00:51:11.667-0400: 39.391: [GC (GCLocker Initiated GC) [PSYoungGen: 173658K->49799K(175104K)] 337580K->250291K(699392K), 0.0095560 secs] [Times: user=0.10 sys=0.00, real=0.01 secs] 
2016-09-24T00:51:11.796-0400: 39.520: [GC (GCLocker Initiated GC) [PSYoungGen: 137863K->36866K(175104K)] 345087K->280979K(699392K), 0.0152843 secs] [Times: user=0.15 sys=0.00, real=0.01 secs] 
2016-09-24T00:51:11.902-0400: 39.626: [GC (GCLocker Initiated GC) [PSYoungGen: 124930K->85822K(175104K)] 369125K->354437K(699392K), 0.0098159 secs] [Times: user=0.12 sys=0.00, real=0.00 secs] 
2016-09-24T00:51:12.026-0400: 39.750: [GC (GCLocker Initiated GC) [PSYoungGen: 173886K->73644K(175104K)] 442554K->384957K(699392K), 0.0154967 secs] [Times: user=0.15 sys=0.00, real=0.01 secs] 
2016-09-24T00:51:12.181-0400: 39.905: [GC (GCLocker Initiated GC) [PSYoungGen: 161708K->55223K(175104K)] 473359K->397501K(699392K), 0.0237082 secs] [Times: user=0.23 sys=0.00, real=0.03 secs] 
2016-09-24T00:51:12.347-0400: 40.071: [GC (GCLocker Initiated GC) [PSYoungGen: 143287K->24851K(175104K)] 491693K->403697K(699392K), 0.0124252 secs] [Times: user=0.13 sys=0.00, real=0.01 secs] 
2016-09-24T00:51:12.446-0400: 40.170: [GC (GCLocker Initiated GC) [PSYoungGen: 112915K->85854K(175104K)] 491936K->501600K(699392K), 0.0224799 secs] [Times: user=0.33 sys=0.00, real=0.02 secs] 
2016-09-24T00:51:12.583-0400: 40.306: [GC (Allocation Failure) [PSYoungGen: 173918K->55970K(175104K)] 589879K->508526K(699392K), 0.0094601 secs] [Times: user=0.13 sys=0.01, real=0.00 secs] 
2016-09-24T00:51:12.699-0400: 40.423: [GC (GCLocker Initiated GC) [PSYoungGen: 139714K->55255K(175104K)] 598344K->538608K(699392K), 0.0219322 secs] [Times: user=0.26 sys=0.01, real=0.02 secs] 
2016-09-24T00:51:12.721-0400: 40.445: [Full GC (Ergonomics) [PSYoungGen: 55255K->0K(175104K)] [ParOldGen: 483353K->58383K(524288K)] 538608K->58383K(699392K), [Metaspace: 43915K->43915K(1087488K)], 0.0498414 secs] [Times: user=0.37 sys=0.02, real=0.05 secs] 
2016-09-24T00:51:12.864-0400: 40.588: [GC (GCLocker Initiated GC) [PSYoungGen: 88064K->73896K(175104K)] 152627K->138459K(699392K), 0.0088281 secs] [Times: user=0.12 sys=0.00, real=0.00 secs] 
2016-09-24T00:51:13.014-0400: 40.738: [GC (GCLocker Initiated GC) [PSYoungGen: 161960K->37158K(175104K)] 232898K->145265K(699392K), 0.0097676 secs] [Times: user=0.14 sys=0.00, real=0.02 secs] 
2016-09-24T00:51:13.122-0400: 40.846: [GC (GCLocker Initiated GC) [PSYoungGen: 125222K->85854K(175104K)] 233560K->200731K(699392K), 0.0313545 secs] [Times: user=0.43 sys=0.02, real=0.03 secs] 
2016-09-24T00:51:13.262-0400: 40.986: [GC (GCLocker Initiated GC) [PSYoungGen: 173918K->61426K(175104K)] 294923K->219165K(699392K), 0.0117962 secs] [Times: user=0.09 sys=0.01, real=0.01 secs] 
2016-09-24T00:51:13.391-0400: 41.115: [GC (Allocation Failure) [PSYoungGen: 149490K->61458K(175104K)] 313340K->268148K(699392K), 0.0191029 secs] [Times: user=0.23 sys=0.00, real=0.02 secs] 
2016-09-24T00:51:13.528-0400: 41.252: [GC (GCLocker Initiated GC) [PSYoungGen: 149522K->30955K(175104K)] 356218K->292437K(699392K), 0.0127136 secs] [Times: user=0.11 sys=0.01, real=0.01 secs] 
2016-09-24T00:51:13.655-0400: 41.379: [GC (GCLocker Initiated GC) [PSYoungGen: 119019K->85662K(175104K)] 386607K->353525K(699392K), 0.0166624 secs] [Times: user=0.18 sys=0.00, real=0.01 secs] 
2016-09-24T00:51:13.776-0400: 41.500: [GC (GCLocker Initiated GC) [PSYoungGen: 173726K->55223K(175104K)] 441894K->366200K(699392K), 0.0185491 secs] [Times: user=0.18 sys=0.01, real=0.02 secs] 
2016-09-24T00:51:13.890-0400: 41.614: [GC (GCLocker Initiated GC) [PSYoungGen: 143287K->55547K(175104K)] 466619K->403479K(699392K), 0.0084781 secs] [Times: user=0.10 sys=0.01, real=0.01 secs] 
2016-09-24T00:51:14.048-0400: 41.772: [GC (GCLocker Initiated GC) [PSYoungGen: 143611K->36706K(175104K)] 497822K->409393K(699392K), 0.0085944 secs] [Times: user=0.05 sys=0.01, real=0.01 secs] 
2016-09-24T00:51:14.185-0400: 41.909: [GC (GCLocker Initiated GC) [PSYoungGen: 124770K->73836K(175104K)] 497521K->483157K(699392K), 0.0213204 secs] [Times: user=0.30 sys=0.01, real=0.02 secs] 
2016-09-24T00:51:14.295-0400: 42.019: [GC (GCLocker Initiated GC) [PSYoungGen: 161900K->67501K(175104K)] 571346K->507801K(699392K), 0.0163995 secs] [Times: user=0.23 sys=0.00, real=0.01 secs] 
2016-09-24T00:51:14.450-0400: 42.174: [GC (GCLocker Initiated GC) [PSYoungGen: 155565K->61426K(175104K)] 602044K->526250K(699392K), 0.0115242 secs] [Times: user=0.11 sys=0.00, real=0.01 secs] 
2016-09-24T00:51:14.462-0400: 42.186: [Full GC (Ergonomics) [PSYoungGen: 61426K->0K(175104K)] [ParOldGen: 464824K->52224K(524288K)] 526250K->52224K(699392K), [Metaspace: 43963K->43963K(1087488K)], 0.0514321 secs] [Times: user=0.37 sys=0.01, real=0.05 secs] 
2016-09-24T00:51:14.608-0400: 42.331: [GC (GCLocker Initiated GC) [PSYoungGen: 88064K->86598K(175104K)] 140515K->169424K(699392K), 0.0100570 secs] [Times: user=0.11 sys=0.00, real=0.01 secs] 
2016-09-24T00:51:14.726-0400: 42.449: [GC (GCLocker Initiated GC) [PSYoungGen: 174662K->55287K(175104K)] 257620K->175802K(699392K), 0.0114289 secs] [Times: user=0.09 sys=0.01, real=0.01 secs] 
2016-09-24T00:51:14.860-0400: 42.584: [GC (GCLocker Initiated GC) [PSYoungGen: 143351K->37158K(175104K)] 276338K->243188K(699392K), 0.0137639 secs] [Times: user=0.17 sys=0.00, real=0.01 secs] 
2016-09-24T00:51:15.002-0400: 42.726: [GC (Allocation Failure) [PSYoungGen: 125222K->73672K(175104K)] 337643K->286529K(699392K), 0.0098993 secs] [Times: user=0.10 sys=0.01, real=0.01 secs] 
2016-09-24T00:51:15.121-0400: 42.845: [GC (GCLocker Initiated GC) [PSYoungGen: 161736K->73608K(175104K)] 374599K->304839K(699392K), 0.0194080 secs] [Times: user=0.24 sys=0.00, real=0.02 secs] 
2016-09-24T00:51:15.259-0400: 42.983: [GC (GCLocker Initiated GC) [PSYoungGen: 161672K->61362K(175104K)] 399283K->317473K(699392K), 0.0170547 secs] [Times: user=0.18 sys=0.01, real=0.02 secs] 
2016-09-24T00:51:15.415-0400: 43.139: [GC (Allocation Failure) [PSYoungGen: 149426K->67373K(175104K)] 417763K->354218K(699392K), 0.0125970 secs] [Times: user=0.09 sys=0.00, real=0.01 secs] 
2016-09-24T00:51:15.528-0400: 43.252: [GC (GCLocker Initiated GC) [PSYoungGen: 155437K->79683K(175104K)] 442288K->415441K(699392K), 0.0118988 secs] [Times: user=0.16 sys=0.00, real=0.01 secs] 
2016-09-24T00:51:15.681-0400: 43.404: [GC (GCLocker Initiated GC) [PSYoungGen: 167747K->61458K(175104K)] 503670K->434130K(699392K), 0.0094902 secs] [Times: user=0.10 sys=0.00, real=0.01 secs] 
2016-09-24T00:51:15.811-0400: 43.535: [GC (GCLocker Initiated GC) [PSYoungGen: 149522K->67209K(175104K)] 522219K->440165K(699392K), 0.0117789 secs] [Times: user=0.10 sys=0.01, real=0.02 secs] 
2016-09-24T00:51:15.904-0400: 43.628: [GC (Allocation Failure) [PSYoungGen: 155273K->61330K(175104K)] 534463K->477098K(699392K), 0.0126746 secs] [Times: user=0.12 sys=0.01, real=0.01 secs] 
2016-09-24T00:51:16.035-0400: 43.759: [GC (GCLocker Initiated GC) [PSYoungGen: 149394K->79587K(175104K)] 565168K->507786K(699392K), 0.0248065 secs] [Times: user=0.29 sys=0.00, real=0.02 secs] 
2016-09-24T00:51:16.179-0400: 43.903: [GC (GCLocker Initiated GC) [PSYoungGen: 167651K->73380K(175104K)] 601928K->526001K(699392K), 0.0110488 secs] [Times: user=0.13 sys=0.01, real=0.01 secs] 
2016-09-24T00:51:16.299-0400: 44.023: [GC (GCLocker Initiated GC) [PSYoungGen: 161444K->85986K(175104K)] 614076K->556994K(699392K), 0.0106133 secs] [Times: user=0.11 sys=0.00, real=0.01 secs] 
2016-09-24T00:51:16.310-0400: 44.034: [Full GC (Ergonomics) [PSYoungGen: 85986K->0K(175104K)] [ParOldGen: 471008K->52509K(524288K)] 556994K->52509K(699392K), [Metaspace: 43986K->43986K(1087488K)], 0.0544280 secs] [Times: user=0.31 sys=0.01, real=0.06 secs] 
2016-09-24T00:51:16.478-0400: 44.202: [GC (GCLocker Initiated GC) [PSYoungGen: 88064K->85822K(175104K)] 146768K->162751K(699392K), 0.0091976 secs] [Times: user=0.12 sys=0.00, real=0.01 secs] 
2016-09-24T00:51:16.604-0400: 44.328: [GC (GCLocker Initiated GC) [PSYoungGen: 173886K->73868K(175104K)] 257083K->218154K(699392K), 0.0127335 secs] [Times: user=0.17 sys=0.02, real=0.01 secs] 
2016-09-24T00:51:16.727-0400: 44.451: [GC (GCLocker Initiated GC) [PSYoungGen: 161932K->85790K(175104K)] 306317K->272992K(699392K), 0.0125774 secs] [Times: user=0.18 sys=0.01, real=0.01 secs] 
2016-09-24T00:51:16.846-0400: 44.570: [GC (GCLocker Initiated GC) [PSYoungGen: 173854K->85954K(175104K)] 361367K->328269K(699392K), 0.0119886 secs] [Times: user=0.16 sys=0.00, real=0.01 secs] 
2016-09-24T00:51:16.983-0400: 44.707: [GC (Allocation Failure) [PSYoungGen: 174018K->36770K(175104K)] 416364K->315833K(699392K), 0.0114363 secs] [Times: user=0.10 sys=0.01, real=0.01 secs] 
2016-09-24T00:51:17.107-0400: 44.831: [GC (GCLocker Initiated GC) [PSYoungGen: 124834K->55319K(175104K)] 403904K->370959K(699392K), 0.0151539 secs] [Times: user=0.17 sys=0.01, real=0.02 secs] 
2016-09-24T00:51:17.249-0400: 44.973: [GC (GCLocker Initiated GC) [PSYoungGen: 143383K->43496K(175104K)] 471378K->390008K(699392K), 0.0118838 secs] [Times: user=0.12 sys=0.01, real=0.01 secs] 
2016-09-24T00:51:17.390-0400: 45.114: [GC (Allocation Failure) [PSYoungGen: 131560K->55191K(175104K)] 478399K->439075K(699392K), 0.0105458 secs] [Times: user=0.09 sys=0.01, real=0.01 secs] 
2016-09-24T00:51:17.510-0400: 45.233: [GC (Allocation Failure) [PSYoungGen: 143255K->73544K(175104K)] 527139K->494218K(699392K), 0.0107451 secs] [Times: user=0.13 sys=0.00, real=0.01 secs] 
2016-09-24T00:51:17.643-0400: 45.367: [GC (GCLocker Initiated GC) [PSYoungGen: 156335K->49408K(175104K)] 583084K->494469K(699392K), 0.0251707 secs] [Times: user=0.27 sys=0.00, real=0.02 secs] 
2016-09-24T00:51:17.889-0400: 45.613: [GC (GCLocker Initiated GC) [PSYoungGen: 137472K->73544K(175104K)] 588879K->525267K(699392K), 0.0139373 secs] [Times: user=0.17 sys=0.02, real=0.02 secs] 
2016-09-24T00:51:18.006-0400: 45.730: [GC (Allocation Failure) [PSYoungGen: 161608K->67469K(175104K)] 613686K->562199K(699392K), 0.0131763 secs] [Times: user=0.14 sys=0.02, real=0.01 secs] 
2016-09-24T00:51:18.019-0400: 45.743: [Full GC (Ergonomics) [PSYoungGen: 67469K->0K(175104K)] [ParOldGen: 494730K->52686K(524288K)] 562199K->52686K(699392K), [Metaspace: 43990K->43990K(1087488K)], 0.0514560 secs] [Times: user=0.29 sys=0.01, real=0.05 secs] 
2016-09-24T00:51:18.158-0400: 45.882: [GC (GCLocker Initiated GC) [PSYoungGen: 82075K->86498K(175104K)] 140836K->169559K(699392K), 0.0111516 secs] [Times: user=0.16 sys=0.01, real=0.01 secs] 
2016-09-24T00:51:18.277-0400: 46.001: [GC (Allocation Failure) [PSYoungGen: 174562K->79583K(175104K)] 257681K->218369K(699392K), 0.0130774 secs] [Times: user=0.18 sys=0.01, real=0.01 secs] 
2016-09-24T00:51:18.403-0400: 46.126: [GC (GCLocker Initiated GC) [PSYoungGen: 167647K->67861K(175104K)] 306439K->261487K(699392K), 0.0145407 secs] [Times: user=0.14 sys=0.01, real=0.01 secs] 
2016-09-24T00:51:18.533-0400: 46.257: [GC (GCLocker Initiated GC) [PSYoungGen: 155925K->67533K(175104K)] 349912K->298410K(699392K), 0.0158148 secs] [Times: user=0.17 sys=0.00, real=0.02 secs] 
2016-09-24T00:51:18.661-0400: 46.384: [GC (GCLocker Initiated GC) [PSYoungGen: 155597K->79619K(175104K)] 386835K->353477K(699392K), 0.0269883 secs] [Times: user=0.27 sys=0.00, real=0.03 secs] 
2016-09-24T00:51:18.789-0400: 46.513: [GC (GCLocker Initiated GC) [PSYoungGen: 167683K->61298K(175104K)] 441616K->365710K(699392K), 0.0201217 secs] [Times: user=0.22 sys=0.00, real=0.02 secs] 
2016-09-24T00:51:18.915-0400: 46.639: [GC (GCLocker Initiated GC) [PSYoungGen: 149362K->80207K(175104K)] 459897K->415177K(699392K), 0.0327100 secs] [Times: user=0.39 sys=0.00, real=0.03 secs] 
2016-09-24T00:51:19.074-0400: 46.798: [GC (Allocation Failure) [PSYoungGen: 168271K->19032K(175104K)] 527874K->415501K(699392K), 0.0333643 secs] [Times: user=0.37 sys=0.01, real=0.04 secs] 
2016-09-24T00:51:19.233-0400: 46.957: [GC (GCLocker Initiated GC) [PSYoungGen: 107096K->55091K(175104K)] 503565K->451663K(699392K), 0.0106466 secs] [Times: user=0.10 sys=0.00, real=0.02 secs] 
2016-09-24T00:51:19.337-0400: 47.061: [GC (GCLocker Initiated GC) [PSYoungGen: 143155K->73776K(175104K)] 545861K->476585K(699392K), 0.0095601 secs] [Times: user=0.07 sys=0.01, real=0.01 secs] 
2016-09-24T00:51:19.461-0400: 47.185: [GC (GCLocker Initiated GC) [PSYoungGen: 161840K->55223K(175104K)] 571013K->495187K(699392K), 0.0219587 secs] [Times: user=0.23 sys=0.00, real=0.03 secs] 
2016-09-24T00:51:19.608-0400: 47.332: [GC (GCLocker Initiated GC) [PSYoungGen: 143287K->31054K(175104K)] 589490K->532037K(699392K), 0.0470591 secs] [Times: user=0.49 sys=0.01, real=0.05 secs] 
2016-09-24T00:51:19.656-0400: 47.380: [Full GC (Ergonomics) [PSYoungGen: 31054K->0K(175104K)] [ParOldGen: 500982K->52660K(524288K)] 532037K->52660K(699392K), [Metaspace: 43991K->43991K(1087488K)], 0.0517726 secs] [Times: user=0.31 sys=0.01, real=0.05 secs] 
2016-09-24T00:51:19.834-0400: 47.558: [GC (Allocation Failure) [PSYoungGen: 88064K->85858K(175104K)] 141079K->157098K(699392K), 0.0131339 secs] [Times: user=0.14 sys=0.00, real=0.01 secs] 
2016-09-24T00:51:19.965-0400: 47.689: [GC (GCLocker Initiated GC) [PSYoungGen: 167982K->55415K(175104K)] 245297K->187861K(699392K), 0.0141953 secs] [Times: user=0.14 sys=0.00, real=0.01 secs] 
2016-09-24T00:51:20.110-0400: 47.834: [GC (GCLocker Initiated GC) [PSYoungGen: 143479K->43269K(175104K)] 275973K->212472K(699392K), 0.0098126 secs] [Times: user=0.08 sys=0.00, real=0.01 secs] 
2016-09-24T00:51:20.219-0400: 47.943: [GC (GCLocker Initiated GC) [PSYoungGen: 131333K->67601K(175104K)] 300594K->237122K(699392K), 0.0205173 secs] [Times: user=0.20 sys=0.01, real=0.02 secs] 
2016-09-24T00:51:20.338-0400: 48.062: [GC (GCLocker Initiated GC) [PSYoungGen: 155665K->85726K(175104K)] 325335K->322700K(699392K), 0.0238236 secs] [Times: user=0.28 sys=0.01, real=0.02 secs] 
2016-09-24T00:51:20.470-0400: 48.194: [GC (GCLocker Initiated GC) [PSYoungGen: 173790K->49312K(175104K)] 423018K->353310K(699392K), 0.0142575 secs] [Times: user=0.13 sys=0.00, real=0.02 secs] 
2016-09-24T00:51:20.607-0400: 48.331: [GC (GCLocker Initiated GC) [PSYoungGen: 137376K->43269K(175104K)] 459799K->414575K(699392K), 0.0376442 secs] [Times: user=0.41 sys=0.00, real=0.04 secs] 
2016-09-24T00:51:20.755-0400: 48.479: [GC (GCLocker Initiated GC) [PSYoungGen: 131333K->61494K(175104K)] 509041K->469853K(699392K), 0.0105201 secs] [Times: user=0.10 sys=0.00, real=0.01 secs] 
2016-09-24T00:51:20.875-0400: 48.599: [GC (GCLocker Initiated GC) [PSYoungGen: 149558K->73252K(175104K)] 558356K->518768K(699392K), 0.0120776 secs] [Times: user=0.11 sys=0.00, real=0.01 secs] 
2016-09-24T00:51:20.984-0400: 48.708: [Full GC (Ergonomics) [PSYoungGen: 161316K->0K(175104K)] [ParOldGen: 451610K->46547K(524288K)] 612926K->46547K(699392K), [Metaspace: 44007K->44007K(1087488K)], 0.0524774 secs] [Times: user=0.29 sys=0.00, real=0.05 secs] 
2016-09-24T00:51:21.147-0400: 48.871: [GC (GCLocker Initiated GC) [PSYoungGen: 88064K->86598K(175104K)] 146797K->145331K(699392K), 0.0095268 secs] [Times: user=0.08 sys=0.01, real=0.01 secs] 
2016-09-24T00:51:21.286-0400: 49.010: [GC (GCLocker Initiated GC) [PSYoungGen: 174662K->55415K(175104K)] 234033K->176847K(699392K), 0.0129841 secs] [Times: user=0.14 sys=0.01, real=0.01 secs] 
2016-09-24T00:51:21.405-0400: 49.129: [GC (Allocation Failure) [PSYoungGen: 143479K->85562K(175104K)] 264997K->225613K(699392K), 0.0145660 secs] [Times: user=0.14 sys=0.00, real=0.01 secs] 
2016-09-24T00:51:21.516-0400: 49.240: [GC (GCLocker Initiated GC) [PSYoungGen: 172210K->61622K(175104K)] 318336K->256475K(699392K), 0.0094014 secs] [Times: user=0.09 sys=0.00, real=0.01 secs] 
2016-09-24T00:51:21.632-0400: 49.356: [GC (GCLocker Initiated GC) [PSYoungGen: 149686K->85958K(175104K)] 344609K->299717K(699392K), 0.0379036 secs] [Times: user=0.41 sys=0.01, real=0.04 secs] 
2016-09-24T00:51:21.784-0400: 49.508: [GC (GCLocker Initiated GC) [PSYoungGen: 174022K->55287K(175104K)] 394071K->312242K(699392K), 0.0146051 secs] [Times: user=0.13 sys=0.01, real=0.01 secs] 
2016-09-24T00:51:21.922-0400: 49.646: [GC (GCLocker Initiated GC) [PSYoungGen: 143351K->43073K(175104K)] 406540K->342823K(699392K), 0.0149628 secs] [Times: user=0.16 sys=0.00, real=0.02 secs] 
2016-09-24T00:51:22.045-0400: 49.769: [GC (GCLocker Initiated GC) [PSYoungGen: 131137K->67633K(175104K)] 431052K->379794K(699392K), 0.0274007 secs] [Times: user=0.30 sys=0.00, real=0.02 secs] 
2016-09-24T00:51:22.176-0400: 49.900: [GC (GCLocker Initiated GC) [PSYoungGen: 155697K->55383K(175104K)] 467945K->416530K(699392K), 0.0132129 secs] [Times: user=0.13 sys=0.01, real=0.01 secs] 
2016-09-24T00:51:22.293-0400: 50.017: [GC (GCLocker Initiated GC) [PSYoungGen: 143447K->73512K(175104K)] 516875K->447224K(699392K), 0.0171710 secs] [Times: user=0.18 sys=0.00, real=0.02 secs] 
2016-09-24T00:51:22.466-0400: 50.190: [GC (Allocation Failure) [PSYoungGen: 161576K->36998K(175104K)] 541399K->447495K(699392K), 0.0194592 secs] [Times: user=0.20 sys=0.01, real=0.02 secs] 
2016-09-24T00:51:22.602-0400: 50.326: [GC (GCLocker Initiated GC) [PSYoungGen: 123650K->49048K(175104K)] 540223K->490188K(699392K), 0.0377963 secs] [Times: user=0.34 sys=0.01, real=0.03 secs] 
2016-09-24T00:51:22.741-0400: 50.465: [GC (GCLocker Initiated GC) [PSYoungGen: 137112K->61234K(175104K)] 578536K->520986K(699392K), 0.0382776 secs] [Times: user=0.40 sys=0.00, real=0.04 secs] 
2016-09-24T00:51:22.779-0400: 50.503: [Full GC (Ergonomics) [PSYoungGen: 61234K->0K(175104K)] [ParOldGen: 459752K->52884K(524288K)] 520986K->52884K(699392K), [Metaspace: 44044K->44044K(1087488K)], 0.0553373 secs] [Times: user=0.37 sys=0.00, real=0.06 secs] 
2016-09-24T00:51:22.954-0400: 50.677: [GC (GCLocker Initiated GC) [PSYoungGen: 88064K->74092K(175104K)] 153403K->139431K(699392K), 0.0075978 secs] [Times: user=0.08 sys=0.00, real=0.01 secs] 
2016-09-24T00:51:23.078-0400: 50.802: [GC (GCLocker Initiated GC) [PSYoungGen: 162156K->31346K(175104K)] 233645K->127855K(699392K), 0.0150753 secs] [Times: user=0.19 sys=0.00, real=0.01 secs] 
2016-09-24T00:51:23.197-0400: 50.921: [GC (Allocation Failure) [PSYoungGen: 119410K->73512K(175104K)] 215989K->170210K(699392K), 0.0208410 secs] [Times: user=0.26 sys=0.00, real=0.02 secs] 
2016-09-24T00:51:23.311-0400: 51.035: [GC (GCLocker Initiated GC) [PSYoungGen: 161576K->67533K(175104K)] 258279K->213160K(699392K), 0.0122614 secs] [Times: user=0.17 sys=0.00, real=0.02 secs] 
2016-09-24T00:51:23.474-0400: 51.198: [GC (GCLocker Initiated GC) [PSYoungGen: 155597K->61102K(175104K)] 301418K->207183K(699392K), 0.0193292 secs] [Times: user=0.17 sys=0.01, real=0.02 secs] 
2016-09-24T00:51:23.602-0400: 51.326: [GC (GCLocker Initiated GC) [PSYoungGen: 149166K->85858K(175104K)] 301392K->256452K(699392K), 0.0427269 secs] [Times: user=0.48 sys=0.00, real=0.04 secs] 
2016-09-24T00:51:23.745-0400: 51.469: [GC (GCLocker Initiated GC) [PSYoungGen: 173922K->73672K(175104K)] 344637K->317602K(699392K), 0.0151741 secs] [Times: user=0.17 sys=0.00, real=0.01 secs] 
2016-09-24T00:51:23.851-0400: 51.575: [GC (GCLocker Initiated GC) [PSYoungGen: 161736K->37130K(175104K)] 411945K->366410K(699392K), 0.0146492 secs] [Times: user=0.13 sys=0.00, real=0.02 secs] 
2016-09-24T00:51:23.965-0400: 51.689: [GC (GCLocker Initiated GC) [PSYoungGen: 125194K->61266K(175104K)] 454791K->409504K(699392K), 0.0213398 secs] [Times: user=0.23 sys=0.00, real=0.02 secs] 
2016-09-24T00:51:24.107-0400: 51.831: [GC (Allocation Failure) [PSYoungGen: 149330K->55323K(175104K)] 503992K->428478K(699392K), 0.0101212 secs] [Times: user=0.10 sys=0.00, real=0.01 secs] 
2016-09-24T00:51:24.255-0400: 51.979: [GC (GCLocker Initiated GC) [PSYoungGen: 143387K->48888K(175104K)] 516542K->422450K(699392K), 0.0239375 secs] [Times: user=0.23 sys=0.00, real=0.02 secs] 
2016-09-24T00:51:24.400-0400: 52.124: [GC (Allocation Failure) [PSYoungGen: 136952K->55191K(175104K)] 510539K->428881K(699392K), 0.0196816 secs] [Times: user=0.22 sys=0.00, real=0.02 secs] 
2016-09-24T00:51:24.536-0400: 52.260: [GC (GCLocker Initiated GC) [PSYoungGen: 139403K->85790K(175104K)] 519168K->508551K(699392K), 0.0116083 secs] [Times: user=0.19 sys=0.00, real=0.01 secs] 
2016-09-24T00:51:24.665-0400: 52.389: [GC (GCLocker Initiated GC) [PSYoungGen: 173854K->31182K(175104K)] 608858K->484515K(699392K), 0.0313684 secs] [Times: user=0.34 sys=0.01, real=0.03 secs] 
2016-09-24T00:51:24.696-0400: 52.420: [Full GC (Ergonomics) [PSYoungGen: 31182K->0K(175104K)] [ParOldGen: 453332K->53119K(524288K)] 484515K->53119K(699392K), [Metaspace: 44096K->44096K(1087488K)], 0.0606508 secs] [Times: user=0.38 sys=0.00, real=0.06 secs] 
2016-09-24T00:51:24.856-0400: 52.580: [GC (GCLocker Initiated GC) [PSYoungGen: 88064K->86242K(175104K)] 141225K->163711K(699392K), 0.0114942 secs] [Times: user=0.18 sys=0.00, real=0.01 secs] 
2016-09-24T00:51:24.982-0400: 52.705: [GC (Allocation Failure) [PSYoungGen: 174306K->85986K(175104K)] 251845K->243228K(699392K), 0.0137613 secs] [Times: user=0.18 sys=0.01, real=0.02 secs] 
2016-09-24T00:51:25.102-0400: 52.826: [GC (GCLocker Initiated GC) [PSYoungGen: 170574K->49112K(175104K)] 333892K->279866K(699392K), 0.0105436 secs] [Times: user=0.10 sys=0.00, real=0.00 secs] 
2016-09-24T00:51:25.226-0400: 52.950: [GC (GCLocker Initiated GC) [PSYoungGen: 137176K->73540K(175104K)] 367946K->322679K(699392K), 0.0222959 secs] [Times: user=0.23 sys=0.00, real=0.02 secs] 
2016-09-24T00:51:25.370-0400: 53.094: [GC (Allocation Failure) [PSYoungGen: 161604K->55515K(175104K)] 410851K->323139K(699392K), 0.0135500 secs] [Times: user=0.17 sys=0.00, real=0.02 secs] 
2016-09-24T00:51:25.502-0400: 53.226: [GC (GCLocker Initiated GC) [PSYoungGen: 143579K->74000K(175104K)] 411208K->360498K(699392K), 0.0078815 secs] [Times: user=0.11 sys=0.00, real=0.01 secs] 
2016-09-24T00:51:25.665-0400: 53.389: [GC (GCLocker Initiated GC) [PSYoungGen: 162064K->61294K(175104K)] 448721K->366295K(699392K), 0.0123734 secs] [Times: user=0.13 sys=0.00, real=0.01 secs] 
2016-09-24T00:51:25.798-0400: 53.522: [GC (Allocation Failure) [PSYoungGen: 149358K->54963K(175104K)] 454474K->390549K(699392K), 0.0182949 secs] [Times: user=0.16 sys=0.01, real=0.02 secs] 
2016-09-24T00:51:25.894-0400: 53.618: [GC (GCLocker Initiated GC) [PSYoungGen: 138492K->61718K(175104K)] 480153K->470308K(699392K), 0.0294831 secs] [Times: user=0.35 sys=0.00, real=0.03 secs] 
2016-09-24T00:51:26.045-0400: 53.769: [GC (GCLocker Initiated GC) [PSYoungGen: 149782K->55974K(175104K)] 558408K->501327K(699392K), 0.0094556 secs] [Times: user=0.06 sys=0.00, real=0.01 secs] 
2016-09-24T00:51:26.055-0400: 53.779: [Full GC (Ergonomics) [PSYoungGen: 55974K->0K(175104K)] [ParOldGen: 445352K->53326K(524288K)] 501327K->53326K(699392K), [Metaspace: 44131K->44131K(1087488K)], 0.0535123 secs] [Times: user=0.35 sys=0.00, real=0.05 secs] 
2016-09-24T00:51:26.235-0400: 53.959: [GC (GCLocker Initiated GC) [PSYoungGen: 88064K->86530K(175104K)] 147613K->188612K(699392K), 0.0158725 secs] [Times: user=0.26 sys=0.00, real=0.01 secs] 
2016-09-24T00:51:26.351-0400: 54.075: [GC (GCLocker Initiated GC) [PSYoungGen: 174594K->43233K(175104K)] 282827K->249993K(699392K), 0.0179283 secs] [Times: user=0.26 sys=0.00, real=0.02 secs] 
2016-09-24T00:51:26.500-0400: 54.224: [GC (GCLocker Initiated GC) [PSYoungGen: 131297K->73608K(175104K)] 338160K->335430K(699392K), 0.0315626 secs] [Times: user=0.41 sys=0.01, real=0.03 secs] 
2016-09-24T00:51:26.642-0400: 54.365: [GC (GCLocker Initiated GC) [PSYoungGen: 161672K->67597K(175104K)] 423649K->348066K(699392K), 0.0288469 secs] [Times: user=0.31 sys=0.01, real=0.03 secs] 
2016-09-24T00:51:26.749-0400: 54.473: [GC (GCLocker Initiated GC) [PSYoungGen: 155661K->85886K(175104K)] 442472K->403396K(699392K), 0.0254222 secs] [Times: user=0.37 sys=0.00, real=0.03 secs] 
2016-09-24T00:51:26.887-0400: 54.611: [GC (GCLocker Initiated GC) [PSYoungGen: 173950K->55283K(175104K)] 497578K->476442K(699392K), 0.0135549 secs] [Times: user=0.19 sys=0.00, real=0.01 secs] 
2016-09-24T00:51:26.900-0400: 54.624: [Full GC (Ergonomics) [PSYoungGen: 55283K->0K(175104K)] [ParOldGen: 421159K->52782K(524288K)] 476442K->52782K(699392K), [Metaspace: 44176K->44176K(1087488K)], 0.0428002 secs] [Times: user=0.28 sys=0.00, real=0.05 secs] 
2016-09-24T00:51:27.045-0400: 54.769: [GC (GCLocker Initiated GC) [PSYoungGen: 88064K->86530K(175104K)] 146952K->157568K(699392K), 0.0096997 secs] [Times: user=0.13 sys=0.00, real=0.01 secs] 
2016-09-24T00:51:27.160-0400: 54.884: [GC (GCLocker Initiated GC) [PSYoungGen: 174594K->73804K(175104K)] 245802K->206754K(699392K), 0.0103059 secs] [Times: user=0.15 sys=0.00, real=0.01 secs] 
2016-09-24T00:51:27.288-0400: 55.012: [GC (GCLocker Initiated GC) [PSYoungGen: 161868K->73640K(175104K)] 295124K->243678K(699392K), 0.0125662 secs] [Times: user=0.20 sys=0.00, real=0.01 secs] 
2016-09-24T00:51:27.452-0400: 55.175: [GC (GCLocker Initiated GC) [PSYoungGen: 161704K->37421K(175104K)] 344107K->219952K(699392K), 0.0103750 secs] [Times: user=0.15 sys=0.00, real=0.01 secs] 
2016-09-24T00:51:27.569-0400: 55.293: [GC (GCLocker Initiated GC) [PSYoungGen: 125485K->85758K(175104K)] 308086K->274725K(699392K), 0.0133341 secs] [Times: user=0.13 sys=0.01, real=0.02 secs] 
2016-09-24T00:51:27.695-0400: 55.419: [GC (GCLocker Initiated GC) [PSYoungGen: 173822K->37066K(175104K)] 362864K->262654K(699392K), 0.0096240 secs] [Times: user=0.06 sys=0.00, real=0.01 secs] 
2016-09-24T00:51:27.811-0400: 55.535: [GC (Allocation Failure) [PSYoungGen: 125130K->49280K(175104K)] 357120K->281506K(699392K), 0.0304528 secs] [Times: user=0.24 sys=0.00, real=0.03 secs] 
2016-09-24T00:51:27.964-0400: 55.688: [GC (GCLocker Initiated GC) [PSYoungGen: 134148K->36962K(175104K)] 372449K->293607K(699392K), 0.0271243 secs] [Times: user=0.31 sys=0.00, real=0.02 secs] 
2016-09-24T00:51:28.119-0400: 55.843: [GC (GCLocker Initiated GC) [PSYoungGen: 125026K->67569K(175104K)] 388001K->330663K(699392K), 0.0255377 secs] [Times: user=0.26 sys=0.01, real=0.03 secs] 
2016-09-24T00:51:28.254-0400: 55.978: [GC (GCLocker Initiated GC) [PSYoungGen: 155633K->48984K(175104K)] 418995K->337077K(699392K), 0.0100737 secs] [Times: user=0.07 sys=0.00, real=0.02 secs] 
2016-09-24T00:51:28.395-0400: 56.119: [GC (GCLocker Initiated GC) [PSYoungGen: 137048K->61234K(175104K)] 425183K->379856K(699392K), 0.0107159 secs] [Times: user=0.09 sys=0.00, real=0.01 secs] 
2016-09-24T00:51:28.501-0400: 56.225: [GC (GCLocker Initiated GC) [PSYoungGen: 149298K->61362K(175104K)] 467985K->441058K(699392K), 0.0185871 secs] [Times: user=0.16 sys=0.00, real=0.02 secs] 
2016-09-24T00:51:28.622-0400: 56.346: [GC (GCLocker Initiated GC) [PSYoungGen: 149426K->79751K(175104K)] 529439K->484332K(699392K), 0.0176138 secs] [Times: user=0.16 sys=0.00, real=0.01 secs] 
2016-09-24T00:51:28.745-0400: 56.468: [GC (GCLocker Initiated GC) [PSYoungGen: 167815K->61494K(175104K)] 578680K->491180K(699392K), 0.0274840 secs] [Times: user=0.32 sys=0.01, real=0.02 secs] 
2016-09-24T00:51:28.885-0400: 56.609: [GC (GCLocker Initiated GC) [PSYoungGen: 149558K->37162K(175104K)] 585551K->527949K(699392K), 0.0113762 secs] [Times: user=0.12 sys=0.01, real=0.01 secs] 
2016-09-24T00:51:28.897-0400: 56.621: [Full GC (Ergonomics) [PSYoungGen: 37162K->0K(175104K)] [ParOldGen: 490787K->47303K(524288K)] 527949K->47303K(699392K), [Metaspace: 44177K->44177K(1087488K)], 0.0562831 secs] [Times: user=0.30 sys=0.00, real=0.05 secs] 
2016-09-24T00:51:29.052-0400: 56.776: [GC (GCLocker Initiated GC) [PSYoungGen: 88064K->86046K(175104K)] 135493K->145626K(699392K), 0.0098464 secs] [Times: user=0.12 sys=0.00, real=0.01 secs] 
2016-09-24T00:51:29.175-0400: 56.899: [GC (GCLocker Initiated GC) [PSYoungGen: 174110K->43368K(175104K)] 239992K->170532K(699392K), 0.0314291 secs] [Times: user=0.30 sys=0.00, real=0.03 secs] 
2016-09-24T00:51:29.315-0400: 57.039: [GC (GCLocker Initiated GC) [PSYoungGen: 131432K->73480K(175104K)] 258750K->213363K(699392K), 0.0248798 secs] [Times: user=0.23 sys=0.01, real=0.02 secs] 
2016-09-24T00:51:29.458-0400: 57.182: [GC (GCLocker Initiated GC) [PSYoungGen: 161544K->73772K(175104K)] 301676K->262615K(699392K), 0.0141331 secs] [Times: user=0.15 sys=0.00, real=0.01 secs] 
2016-09-24T00:51:29.573-0400: 57.297: [GC (GCLocker Initiated GC) [PSYoungGen: 161836K->86018K(175104K)] 350727K->305632K(699392K), 0.0331037 secs] [Times: user=0.37 sys=0.01, real=0.04 secs] 
2016-09-24T00:51:29.705-0400: 57.429: [GC (GCLocker Initiated GC) [PSYoungGen: 174082K->55387K(175104K)] 393760K->305708K(699392K), 0.0217270 secs] [Times: user=0.22 sys=0.00, real=0.02 secs] 
2016-09-24T00:51:29.828-0400: 57.552: [GC (GCLocker Initiated GC) [PSYoungGen: 143451K->55319K(175104K)] 394133K->330560K(699392K), 0.0095599 secs] [Times: user=0.07 sys=0.00, real=0.01 secs] 
2016-09-24T00:51:29.951-0400: 57.675: [GC (GCLocker Initiated GC) [PSYoungGen: 143383K->43041K(175104K)] 418751K->336877K(699392K), 0.0090095 secs] [Times: user=0.08 sys=0.00, real=0.01 secs] 
2016-09-24T00:51:30.080-0400: 57.804: [GC (GCLocker Initiated GC) [PSYoungGen: 131105K->73740K(175104K)] 425302K->386446K(699392K), 0.0186675 secs] [Times: user=0.17 sys=0.00, real=0.02 secs] 
2016-09-24T00:51:30.219-0400: 57.943: [GC (GCLocker Initiated GC) [PSYoungGen: 161804K->49116K(175104K)] 474574K->416672K(699392K), 0.0200269 secs] [Times: user=0.24 sys=0.00, real=0.02 secs] 
2016-09-24T00:51:30.323-0400: 58.047: [GC (GCLocker Initiated GC) [PSYoungGen: 137180K->85726K(175104K)] 511163K->502534K(699392K), 0.0111303 secs] [Times: user=0.11 sys=0.01, real=0.00 secs] 
2016-09-24T00:51:30.447-0400: 58.171: [GC (GCLocker Initiated GC) [PSYoungGen: 173790K->85726K(175104K)] 602808K->539335K(699392K), 0.0108810 secs] [Times: user=0.11 sys=0.00, real=0.01 secs] 
2016-09-24T00:51:30.458-0400: 58.182: [Full GC (Ergonomics) [PSYoungGen: 85726K->0K(175104K)] [ParOldGen: 453609K->53422K(524288K)] 539335K->53422K(699392K), [Metaspace: 44177K->44177K(1087488K)], 0.0764196 secs] [Times: user=0.62 sys=0.00, real=0.08 secs] 
2016-09-24T00:51:30.657-0400: 58.381: [GC (Allocation Failure) [PSYoungGen: 88064K->86929K(175104K)] 153834K->158775K(699392K), 0.0104599 secs] [Times: user=0.11 sys=0.00, real=0.01 secs] 
2016-09-24T00:51:30.776-0400: 58.500: [GC (GCLocker Initiated GC) [PSYoungGen: 174993K->55383K(175104K)] 246845K->164419K(699392K), 0.0152172 secs] [Times: user=0.19 sys=0.02, real=0.01 secs] 
2016-09-24T00:51:30.894-0400: 58.618: [GC (GCLocker Initiated GC) [PSYoungGen: 143447K->55579K(175104K)] 258619K->189103K(699392K), 0.0106547 secs] [Times: user=0.13 sys=0.00, real=0.02 secs] 
2016-09-24T00:51:31.028-0400: 58.752: [GC (GCLocker Initiated GC) [PSYoungGen: 143643K->85790K(175104K)] 277450K->238245K(699392K), 0.0136864 secs] [Times: user=0.13 sys=0.00, real=0.02 secs] 
2016-09-24T00:51:31.160-0400: 58.884: [GC (GCLocker Initiated GC) [PSYoungGen: 173854K->37649K(175104K)] 338742K->227113K(699392K), 0.0092908 secs] [Times: user=0.10 sys=0.00, real=0.01 secs] 
2016-09-24T00:51:31.284-0400: 59.008: [GC (GCLocker Initiated GC) [PSYoungGen: 125713K->67469K(175104K)] 315505K->275792K(699392K), 0.0096494 secs] [Times: user=0.10 sys=0.00, real=0.00 secs] 
2016-09-24T00:51:31.403-0400: 59.127: [GC (GCLocker Initiated GC) [PSYoungGen: 155533K->79719K(175104K)] 364122K->288396K(699392K), 0.0179245 secs] [Times: user=0.17 sys=0.00, real=0.01 secs] 
2016-09-24T00:51:31.564-0400: 59.288: [GC (GCLocker Initiated GC) [PSYoungGen: 167783K->43009K(175104K)] 376607K->288699K(699392K), 0.0102383 secs] [Times: user=0.08 sys=0.00, real=0.01 secs] 
2016-09-24T00:51:31.689-0400: 59.413: [GC (GCLocker Initiated GC) [PSYoungGen: 131073K->55287K(175104K)] 383070K->325605K(699392K), 0.0105545 secs] [Times: user=0.08 sys=0.00, real=0.01 secs] 
2016-09-24T00:51:31.829-0400: 59.553: [GC (GCLocker Initiated GC) [PSYoungGen: 143351K->55746K(175104K)] 420099K->350840K(699392K), 0.0101241 secs] [Times: user=0.08 sys=0.00, real=0.01 secs] 
2016-09-24T00:51:31.969-0400: 59.693: [GC (Allocation Failure) [PSYoungGen: 143810K->37094K(175104K)] 451364K->363296K(699392K), 0.0196343 secs] [Times: user=0.22 sys=0.00, real=0.02 secs] 
2016-09-24T00:51:32.126-0400: 59.850: [GC (GCLocker Initiated GC) [PSYoungGen: 125158K->55383K(175104K)] 451365K->381701K(699392K), 0.0130166 secs] [Times: user=0.14 sys=0.00, real=0.01 secs] 
2016-09-24T00:51:32.296-0400: 60.020: [GC (Allocation Failure) [PSYoungGen: 143447K->55191K(175104K)] 470110K->400150K(699392K), 0.0093916 secs] [Times: user=0.08 sys=0.01, real=0.01 secs] 
2016-09-24T00:51:32.410-0400: 60.134: [GC (GCLocker Initiated GC) [PSYoungGen: 143255K->73544K(175104K)] 488220K->436869K(699392K), 0.0285909 secs] [Times: user=0.27 sys=0.01, real=0.03 secs] 
2016-09-24T00:51:32.542-0400: 60.266: [GC (GCLocker Initiated GC) [PSYoungGen: 161608K->61594K(175104K)] 525176K->461716K(699392K), 0.0105990 secs] [Times: user=0.08 sys=0.00, real=0.00 secs] 
2016-09-24T00:51:32.671-0400: 60.394: [GC (GCLocker Initiated GC) [PSYoungGen: 149658K->73676K(175104K)] 549956K->504600K(699392K), 0.0312962 secs] [Times: user=0.32 sys=0.00, real=0.03 secs] 
2016-09-24T00:51:32.840-0400: 60.564: [GC (GCLocker Initiated GC) [PSYoungGen: 161740K->67569K(175104K)] 599005K->523326K(699392K), 0.0151909 secs] [Times: user=0.14 sys=0.00, real=0.02 secs] 
2016-09-24T00:51:32.954-0400: 60.677: [GC (GCLocker Initiated GC) [PSYoungGen: 155633K->79619K(175104K)] 611752K->535849K(699392K), 0.0264980 secs] [Times: user=0.28 sys=0.00, real=0.03 secs] 
2016-09-24T00:51:33.111-0400: 60.835: [GC (Allocation Failure) [PSYoungGen: 167683K->49440K(175104K)] 624044K->560572K(699392K), 0.0200322 secs] [Times: user=0.19 sys=0.01, real=0.02 secs] 
2016-09-24T00:51:33.131-0400: 60.855: [Full GC (Ergonomics) [PSYoungGen: 49440K->0K(175104K)] [ParOldGen: 511132K->47542K(524288K)] 560572K->47542K(699392K), [Metaspace: 44178K->44178K(1087488K)], 0.0495140 secs] [Times: user=0.20 sys=0.01, real=0.05 secs] 
2016-09-24T00:51:33.278-0400: 61.002: [GC (GCLocker Initiated GC) [PSYoungGen: 88064K->86242K(175104K)] 135606K->164159K(699392K), 0.0174715 secs] [Times: user=0.20 sys=0.00, real=0.02 secs] 
2016-09-24T00:51:33.406-0400: 61.130: [GC (GCLocker Initiated GC) [PSYoungGen: 174306K->43105K(175104K)] 252331K->200637K(699392K), 0.0218533 secs] [Times: user=0.24 sys=0.00, real=0.02 secs] 
2016-09-24T00:51:33.547-0400: 61.271: [GC (GCLocker Initiated GC) [PSYoungGen: 131169K->85990K(175104K)] 288877K->249884K(699392K), 0.0119655 secs] [Times: user=0.12 sys=0.01, real=0.01 secs] 
2016-09-24T00:51:33.699-0400: 61.423: [GC (GCLocker Initiated GC) [PSYoungGen: 174054K->43397K(175104K)] 350448K->292998K(699392K), 0.0118182 secs] [Times: user=0.15 sys=0.00, real=0.01 secs] 
2016-09-24T00:51:33.822-0400: 61.546: [GC (GCLocker Initiated GC) [PSYoungGen: 131461K->67505K(175104K)] 387375K->323499K(699392K), 0.0137159 secs] [Times: user=0.15 sys=0.00, real=0.01 secs] 
2016-09-24T00:51:33.948-0400: 61.672: [GC (GCLocker Initiated GC) [PSYoungGen: 155569K->55611K(175104K)] 423771K->378952K(699392K), 0.0166447 secs] [Times: user=0.18 sys=0.00, real=0.02 secs] 
2016-09-24T00:51:34.080-0400: 61.804: [GC (GCLocker Initiated GC) [PSYoungGen: 143675K->24979K(175104K)] 473104K->415426K(699392K), 0.0167536 secs] [Times: user=0.15 sys=0.00, real=0.02 secs] 
2016-09-24T00:51:34.231-0400: 61.955: [GC (GCLocker Initiated GC) [PSYoungGen: 113043K->55519K(175104K)] 515990K->458717K(699392K), 0.0192408 secs] [Times: user=0.16 sys=0.00, real=0.02 secs] 
2016-09-24T00:51:34.353-0400: 62.077: [GC (GCLocker Initiated GC) [PSYoungGen: 143583K->36902K(175104K)] 553211K->465178K(699392K), 0.0264450 secs] [Times: user=0.25 sys=0.00, real=0.03 secs] 
2016-09-24T00:51:34.466-0400: 62.190: [GC (Allocation Failure) [PSYoungGen: 124966K->86054K(175104K)] 553598K->557502K(699392K), 0.0198717 secs] [Times: user=0.21 sys=0.01, real=0.02 secs] 
2016-09-24T00:51:34.486-0400: 62.210: [Full GC (Ergonomics) [PSYoungGen: 86054K->0K(175104K)] [ParOldGen: 471448K->60453K(524288K)] 557502K->60453K(699392K), [Metaspace: 44190K->44190K(1087488K)], 0.0584318 secs] [Times: user=0.35 sys=0.01, real=0.06 secs] 
2016-09-24T00:51:34.631-0400: 62.355: [GC (GCLocker Initiated GC) [PSYoungGen: 88064K->85954K(175104K)] 148523K->152488K(699392K), 0.0099789 secs] [Times: user=0.10 sys=0.00, real=0.01 secs] 
2016-09-24T00:51:34.727-0400: 62.451: [GC (GCLocker Initiated GC) [PSYoungGen: 174018K->73640K(175104K)] 240582K->219497K(699392K), 0.0147780 secs] [Times: user=0.19 sys=0.00, real=0.02 secs] 
2016-09-24T00:51:34.847-0400: 62.571: [GC (GCLocker Initiated GC) [PSYoungGen: 161704K->68021K(175104K)] 313852K->269044K(699392K), 0.0127192 secs] [Times: user=0.12 sys=0.00, real=0.01 secs] 
2016-09-24T00:51:34.980-0400: 62.704: [GC (GCLocker Initiated GC) [PSYoungGen: 156085K->37158K(175104K)] 369356K->342438K(699392K), 0.0174616 secs] [Times: user=0.25 sys=0.00, real=0.02 secs] 
2016-09-24T00:51:35.102-0400: 62.826: [GC (GCLocker Initiated GC) [PSYoungGen: 125222K->55319K(175104K)] 436770K->397354K(699392K), 0.0212398 secs] [Times: user=0.28 sys=0.00, real=0.02 secs] 
2016-09-24T00:51:35.253-0400: 62.977: [GC (GCLocker Initiated GC) [PSYoungGen: 143383K->55778K(175104K)] 497895K->428799K(699392K), 0.0075005 secs] [Times: user=0.09 sys=0.00, real=0.01 secs] 
2016-09-24T00:51:35.366-0400: 63.090: [GC (GCLocker Initiated GC) [PSYoungGen: 143842K->61298K(175104K)] 517287K->435158K(699392K), 0.0262642 secs] [Times: user=0.26 sys=0.00, real=0.02 secs] 
2016-09-24T00:51:35.499-0400: 63.223: [GC (GCLocker Initiated GC) [PSYoungGen: 149362K->61298K(175104K)] 523470K->472108K(699392K), 0.0266648 secs] [Times: user=0.22 sys=0.01, real=0.03 secs] 
2016-09-24T00:51:35.661-0400: 63.385: [GC (GCLocker Initiated GC) [PSYoungGen: 149362K->37258K(175104K)] 572447K->478827K(699392K), 0.0111709 secs] [Times: user=0.11 sys=0.00, real=0.01 secs] 
2016-09-24T00:51:35.673-0400: 63.397: [Full GC (Ergonomics) [PSYoungGen: 37258K->0K(175104K)] [ParOldGen: 441569K->51777K(524288K)] 478827K->51777K(699392K), [Metaspace: 44192K->44192K(1087488K)], 0.0512461 secs] [Times: user=0.33 sys=0.00, real=0.06 secs] 
2016-09-24T00:51:35.849-0400: 63.573: [GC (GCLocker Initiated GC) [PSYoungGen: 88063K->73612K(175104K)] 152346K->137895K(699392K), 0.0081757 secs] [Times: user=0.07 sys=0.00, real=0.01 secs] 
2016-09-24T00:51:35.951-0400: 63.675: [GC (GCLocker Initiated GC) [PSYoungGen: 161676K->85790K(175104K)] 226018K->192965K(699392K), 0.0159664 secs] [Times: user=0.16 sys=0.00, real=0.02 secs] 
2016-09-24T00:51:36.068-0400: 63.792: [GC (GCLocker Initiated GC) [PSYoungGen: 173854K->55387K(175104K)] 287341K->223809K(699392K), 0.0247708 secs] [Times: user=0.22 sys=0.00, real=0.02 secs] 
2016-09-24T00:51:36.218-0400: 63.942: [GC (GCLocker Initiated GC) [PSYoungGen: 143451K->61494K(175104K)] 318012K->254711K(699392K), 0.0163984 secs] [Times: user=0.16 sys=0.00, real=0.02 secs] 
2016-09-24T00:51:36.360-0400: 64.084: [GC (GCLocker Initiated GC) [PSYoungGen: 149558K->61362K(175104K)] 348948K->273193K(699392K), 0.0218911 secs] [Times: user=0.20 sys=0.00, real=0.03 secs] 
2016-09-24T00:51:36.484-0400: 64.208: [GC (GCLocker Initiated GC) [PSYoungGen: 149426K->49116K(175104K)] 361287K->297530K(699392K), 0.0264799 secs] [Times: user=0.26 sys=0.01, real=0.02 secs] 
2016-09-24T00:51:36.612-0400: 64.336: [GC (GCLocker Initiated GC) [PSYoungGen: 137180K->85758K(175104K)] 385648K->377043K(699392K), 0.0333484 secs] [Times: user=0.45 sys=0.00, real=0.04 secs] 
2016-09-24T00:51:36.747-0400: 64.470: [GC (GCLocker Initiated GC) [PSYoungGen: 173822K->73380K(175104K)] 465328K->407695K(699392K), 0.0176880 secs] [Times: user=0.21 sys=0.00, real=0.02 secs] 
2016-09-24T00:51:36.870-0400: 64.594: [GC (GCLocker Initiated GC) [PSYoungGen: 161444K->79979K(175104K)] 495936K->451048K(699392K), 0.0106870 secs] [Times: user=0.10 sys=0.01, real=0.01 secs] 
2016-09-24T00:51:37.009-0400: 64.733: [GC (GCLocker Initiated GC) [PSYoungGen: 168043K->55355K(175104K)] 545352K->451141K(699392K), 0.0177319 secs] [Times: user=0.17 sys=0.00, real=0.02 secs] 
2016-09-24T00:51:37.145-0400: 64.869: [GC (GCLocker Initiated GC) [PSYoungGen: 143419K->67341K(175104K)] 539386K->463732K(699392K), 0.0165079 secs] [Times: user=0.17 sys=0.00, real=0.01 secs] 
2016-09-24T00:51:37.275-0400: 64.999: [GC (GCLocker Initiated GC) [PSYoungGen: 155405K->67437K(175104K)] 552157K->482689K(699392K), 0.0094987 secs] [Times: user=0.10 sys=0.00, real=0.01 secs] 
2016-09-24T00:51:37.406-0400: 65.130: [GC (GCLocker Initiated GC) [PSYoungGen: 155501K->43269K(175104K)] 582951K->489219K(699392K), 0.0109311 secs] [Times: user=0.09 sys=0.00, real=0.01 secs] 
2016-09-24T00:51:37.530-0400: 65.253: [GC (GCLocker Initiated GC) [PSYoungGen: 131333K->73804K(175104K)] 583557K->556687K(699392K), 0.0166825 secs] [Times: user=0.18 sys=0.00, real=0.02 secs] 
2016-09-24T00:51:37.546-0400: 65.270: [Full GC (Ergonomics) [PSYoungGen: 73804K->0K(175104K)] [ParOldGen: 482882K->51841K(524288K)] 556687K->51841K(699392K), [Metaspace: 44192K->44192K(1087488K)], 0.0543408 secs] [Times: user=0.31 sys=0.00, real=0.05 secs] 
2016-09-24T00:51:37.715-0400: 65.439: [GC (GCLocker Initiated GC) [PSYoungGen: 88064K->86018K(175104K)] 140205K->138168K(699392K), 0.0214063 secs] [Times: user=0.22 sys=0.01, real=0.02 secs] 
2016-09-24T00:51:37.839-0400: 65.563: [GC (Allocation Failure) [PSYoungGen: 174082K->61654K(175104K)] 232488K->157238K(699392K), 0.0127001 secs] [Times: user=0.12 sys=0.00, real=0.01 secs] 
2016-09-24T00:51:37.963-0400: 65.687: [GC (GCLocker Initiated GC) [PSYoungGen: 146894K->55255K(175104K)] 248553K->193795K(699392K), 0.0236736 secs] [Times: user=0.23 sys=0.01, real=0.02 secs] 
2016-09-24T00:51:38.096-0400: 65.820: [GC (GCLocker Initiated GC) [PSYoungGen: 143319K->61462K(175104K)] 288188K->224660K(699392K), 0.0220675 secs] [Times: user=0.21 sys=0.00, real=0.02 secs] 
2016-09-24T00:51:38.236-0400: 65.960: [GC (GCLocker Initiated GC) [PSYoungGen: 149526K->73480K(175104K)] 312978K->255581K(699392K), 0.0235219 secs] [Times: user=0.21 sys=0.00, real=0.02 secs] 
2016-09-24T00:51:38.359-0400: 66.083: [GC (GCLocker Initiated GC) [PSYoungGen: 161544K->67405K(175104K)] 343748K->286163K(699392K), 0.0269954 secs] [Times: user=0.25 sys=0.01, real=0.03 secs] 
2016-09-24T00:51:38.489-0400: 66.212: [GC (GCLocker Initiated GC) [PSYoungGen: 155469K->55387K(175104K)] 374291K->304844K(699392K), 0.0323605 secs] [Times: user=0.34 sys=0.00, real=0.03 secs] 
2016-09-24T00:51:38.668-0400: 66.392: [GC (GCLocker Initiated GC) [PSYoungGen: 143451K->55059K(175104K)] 399142K->359790K(699392K), 0.0273661 secs] [Times: user=0.31 sys=0.00, real=0.03 secs] 
2016-09-24T00:51:38.795-0400: 66.519: [GC (GCLocker Initiated GC) [PSYoungGen: 143123K->61330K(175104K)] 454183K->402877K(699392K), 0.0097388 secs] [Times: user=0.09 sys=0.00, real=0.01 secs] 
2016-09-24T00:51:38.923-0400: 66.647: [GC (GCLocker Initiated GC) [PSYoungGen: 149392K->37485K(175104K)] 503438K->428134K(699392K), 0.0142016 secs] [Times: user=0.19 sys=0.01, real=0.01 secs] 
2016-09-24T00:51:39.035-0400: 66.759: [GC (GCLocker Initiated GC) [PSYoungGen: 125549K->73772K(175104K)] 522550K->471375K(699392K), 0.0110783 secs] [Times: user=0.09 sys=0.01, real=0.01 secs] 
2016-09-24T00:51:39.155-0400: 66.879: [GC (GCLocker Initiated GC) [PSYoungGen: 161836K->86022K(175104K)] 559542K->489922K(699392K), 0.0222596 secs] [Times: user=0.21 sys=0.00, real=0.02 secs] 
2016-09-24T00:51:39.310-0400: 67.034: [GC (GCLocker Initiated GC) [PSYoungGen: 174086K->12893K(175104K)] 596561K->484229K(699392K), 0.0228009 secs] [Times: user=0.23 sys=0.00, real=0.02 secs] 
2016-09-24T00:51:39.333-0400: 67.057: [Full GC (Ergonomics) [PSYoungGen: 12893K->0K(175104K)] [ParOldGen: 471335K->51733K(524288K)] 484229K->51733K(699392K), [Metaspace: 44235K->44235K(1087488K)], 0.0928548 secs] [Times: user=0.87 sys=0.01, real=0.10 secs] 
2016-09-24T00:51:39.535-0400: 67.259: [GC (GCLocker Initiated GC) [PSYoungGen: 88064K->85922K(175104K)] 146076K->150009K(699392K), 0.0091721 secs] [Times: user=0.10 sys=0.00, real=0.01 secs] 
2016-09-24T00:51:39.659-0400: 67.383: [GC (GCLocker Initiated GC) [PSYoungGen: 173986K->37194K(175104K)] 250388K->132244K(699392K), 0.0076373 secs] [Times: user=0.07 sys=0.00, real=0.01 secs] 
2016-09-24T00:51:39.805-0400: 67.529: [GC (GCLocker Initiated GC) [PSYoungGen: 125258K->61102K(175104K)] 220331K->162494K(699392K), 0.0181597 secs] [Times: user=0.14 sys=0.00, real=0.02 secs] 
2016-09-24T00:51:39.927-0400: 67.651: [GC (GCLocker Initiated GC) [PSYoungGen: 149166K->67601K(175104K)] 250717K->217864K(699392K), 0.0148782 secs] [Times: user=0.13 sys=0.00, real=0.01 secs] 
2016-09-24T00:51:40.065-0400: 67.789: [GC (GCLocker Initiated GC) [PSYoungGen: 155665K->79455K(175104K)] 306131K->303237K(699392K), 0.0285414 secs] [Times: user=0.32 sys=0.00, real=0.02 secs] 
2016-09-24T00:51:40.201-0400: 67.925: [GC (GCLocker Initiated GC) [PSYoungGen: 167519K->86018K(175104K)] 391355K->340372K(699392K), 0.0175541 secs] [Times: user=0.20 sys=0.01, real=0.02 secs] 
2016-09-24T00:51:40.345-0400: 68.069: [GC (GCLocker Initiated GC) [PSYoungGen: 174082K->18936K(175104K)] 434659K->346606K(699392K), 0.0210648 secs] [Times: user=0.20 sys=0.00, real=0.02 secs] 
2016-09-24T00:51:40.453-0400: 68.177: [GC (GCLocker Initiated GC) [PSYoungGen: 107000K->85630K(175104K)] 434785K->426004K(699392K), 0.0142195 secs] [Times: user=0.13 sys=0.00, real=0.02 secs] 
2016-09-24T00:51:40.577-0400: 68.301: [GC (Allocation Failure) [PSYoungGen: 173694K->37098K(175104K)] 520201K->444451K(699392K), 0.0309222 secs] [Times: user=0.32 sys=0.00, real=0.03 secs] 
2016-09-24T00:51:40.705-0400: 68.429: [GC (GCLocker Initiated GC) [PSYoungGen: 120636K->55451K(175104K)] 534064K->523830K(699392K), 0.0178087 secs] [Times: user=0.17 sys=0.00, real=0.02 secs] 
2016-09-24T00:51:40.723-0400: 68.447: [Full GC (Ergonomics) [PSYoungGen: 55451K->0K(175104K)] [ParOldGen: 468379K->57909K(524288K)] 523830K->57909K(699392K), [Metaspace: 44235K->44235K(1087488K)], 0.0484339 secs] [Times: user=0.26 sys=0.01, real=0.04 secs] 
2016-09-24T00:51:40.867-0400: 68.591: [GC (GCLocker Initiated GC) [PSYoungGen: 88064K->86146K(175104K)] 146015K->168398K(699392K), 0.0095878 secs] [Times: user=0.10 sys=0.00, real=0.01 secs] 
2016-09-24T00:51:41.011-0400: 68.735: [GC (GCLocker Initiated GC) [PSYoungGen: 174210K->37126K(175104K)] 262541K->199082K(699392K), 0.0103535 secs] [Times: user=0.14 sys=0.00, real=0.01 secs] 
2016-09-24T00:51:41.150-0400: 68.874: [GC (GCLocker Initiated GC) [PSYoungGen: 125190K->85790K(175104K)] 293263K->260230K(699392K), 0.0249614 secs] [Times: user=0.32 sys=0.01, real=0.03 secs] 
2016-09-24T00:51:41.284-0400: 69.008: [GC (GCLocker Initiated GC) [PSYoungGen: 173854K->61230K(175104K)] 348376K->278560K(699392K), 0.0144056 secs] [Times: user=0.14 sys=0.01, real=0.01 secs] 
2016-09-24T00:51:41.408-0400: 69.132: [GC (GCLocker Initiated GC) [PSYoungGen: 149294K->73676K(175104K)] 372753K->315511K(699392K), 0.0341153 secs] [Times: user=0.40 sys=0.00, real=0.03 secs] 
2016-09-24T00:51:41.576-0400: 69.300: [GC (Allocation Failure) [PSYoungGen: 161740K->49180K(175104K)] 409758K->358224K(699392K), 0.0110656 secs] [Times: user=0.12 sys=0.00, real=0.01 secs] 
2016-09-24T00:51:41.696-0400: 69.420: [GC (GCLocker Initiated GC) [PSYoungGen: 137244K->55319K(175104K)] 446288K->413223K(699392K), 0.0102781 secs] [Times: user=0.08 sys=0.00, real=0.01 secs] 
2016-09-24T00:51:41.823-0400: 69.547: [GC (GCLocker Initiated GC) [PSYoungGen: 143383K->61398K(175104K)] 501610K->431870K(699392K), 0.0100070 secs] [Times: user=0.06 sys=0.00, real=0.00 secs] 
2016-09-24T00:51:41.971-0400: 69.695: [GC (Allocation Failure) [PSYoungGen: 149462K->61134K(175104K)] 526045K->456358K(699392K), 0.0146865 secs] [Times: user=0.14 sys=0.00, real=0.02 secs] 
2016-09-24T00:51:42.093-0400: 69.816: [GC (GCLocker Initiated GC) [PSYoungGen: 149198K->73384K(175104K)] 544422K->480861K(699392K), 0.0387700 secs] [Times: user=0.38 sys=0.00, real=0.04 secs] 
2016-09-24T00:51:42.259-0400: 69.983: [GC (GCLocker Initiated GC) [PSYoungGen: 161448K->73704K(175104K)] 575356K->506121K(699392K), 0.0159702 secs] [Times: user=0.18 sys=0.01, real=0.02 secs] 
2016-09-24T00:51:42.378-0400: 70.102: [GC (GCLocker Initiated GC) [PSYoungGen: 161768K->73512K(175104K)] 594416K->506452K(699392K), 0.0094918 secs] [Times: user=0.10 sys=0.00, real=0.01 secs] 
2016-09-24T00:51:42.515-0400: 70.239: [Full GC (Ergonomics) [PSYoungGen: 161576K->0K(175104K)] [ParOldGen: 445288K->51895K(524288K)] 606864K->51895K(699392K), [Metaspace: 44241K->44241K(1087488K)], 0.0709721 secs] [Times: user=0.42 sys=0.01, real=0.07 secs] 
2016-09-24T00:51:42.713-0400: 70.437: [GC (GCLocker Initiated GC) [PSYoungGen: 88064K->85594K(175104K)] 140640K->150320K(699392K), 0.0304536 secs] [Times: user=0.33 sys=0.01, real=0.04 secs] 
2016-09-24T00:51:42.845-0400: 70.569: [GC (GCLocker Initiated GC) [PSYoungGen: 173658K->85758K(175104K)] 238426K->217487K(699392K), 0.0129730 secs] [Times: user=0.22 sys=0.00, real=0.01 secs] 
2016-09-24T00:51:42.967-0400: 70.691: [GC (GCLocker Initiated GC) [PSYoungGen: 173822K->79583K(175104K)] 305688K->248231K(699392K), 0.0202658 secs] [Times: user=0.25 sys=0.00, real=0.02 secs] 
2016-09-24T00:51:43.087-0400: 70.810: [GC (Allocation Failure) [PSYoungGen: 167647K->79747K(175104K)] 336651K->315759K(699392K), 0.0129187 secs] [Times: user=0.19 sys=0.00, real=0.01 secs] 
2016-09-24T00:51:43.205-0400: 70.929: [GC (GCLocker Initiated GC) [PSYoungGen: 167811K->74228K(175104K)] 403824K->328773K(699392K), 0.0116217 secs] [Times: user=0.17 sys=0.00, real=0.01 secs] 
2016-09-24T00:51:43.370-0400: 71.094: [GC (GCLocker Initiated GC) [PSYoungGen: 162292K->49276K(175104K)] 429046K->334422K(699392K), 0.0097822 secs] [Times: user=0.13 sys=0.00, real=0.01 secs] 
2016-09-24T00:51:43.484-0400: 71.208: [GC (GCLocker Initiated GC) [PSYoungGen: 137340K->67437K(175104K)] 422847K->383618K(699392K), 0.0098160 secs] [Times: user=0.07 sys=0.00, real=0.00 secs] 
2016-09-24T00:51:43.612-0400: 71.336: [GC (GCLocker Initiated GC) [PSYoungGen: 155501K->73512K(175104K)] 478493K->402847K(699392K), 0.0246221 secs] [Times: user=0.25 sys=0.01, real=0.03 secs] 
2016-09-24T00:51:43.739-0400: 71.463: [GC (GCLocker Initiated GC) [PSYoungGen: 161576K->85662K(175104K)] 491093K->415470K(699392K), 0.0225433 secs] [Times: user=0.23 sys=0.00, real=0.02 secs] 
2016-09-24T00:51:43.876-0400: 71.600: [GC (GCLocker Initiated GC) [PSYoungGen: 173726K->73576K(175104K)] 509880K->458622K(699392K), 0.0251975 secs] [Times: user=0.28 sys=0.01, real=0.02 secs] 
2016-09-24T00:51:44.022-0400: 71.745: [GC (Allocation Failure) [PSYoungGen: 161640K->67501K(175104K)] 552909K->459045K(699392K), 0.0138949 secs] [Times: user=0.14 sys=0.00, real=0.02 secs] 
2016-09-24T00:51:44.176-0400: 71.900: [GC (GCLocker Initiated GC) [PSYoungGen: 155476K->36738K(175104K)] 553096K->434617K(699392K), 0.0121452 secs] [Times: user=0.11 sys=0.00, real=0.01 secs] 
2016-09-24T00:51:44.296-0400: 72.020: [GC (Allocation Failure) [PSYoungGen: 124802K->73672K(175104K)] 528982K->478003K(699392K), 0.0228139 secs] [Times: user=0.28 sys=0.00, real=0.02 secs] 
2016-09-24T00:51:44.439-0400: 72.163: [GC (GCLocker Initiated GC) [PSYoungGen: 161735K->73480K(175104K)] 566072K->484159K(699392K), 0.0129233 secs] [Times: user=0.09 sys=0.00, real=0.01 secs] 
2016-09-24T00:51:44.551-0400: 72.275: [GC (GCLocker Initiated GC) [PSYoungGen: 161544K->55319K(175104K)] 572411K->466478K(699392K), 0.0327188 secs] [Times: user=0.50 sys=0.00, real=0.04 secs] 
2016-09-24T00:51:44.698-0400: 72.421: [GC (Allocation Failure) [PSYoungGen: 143383K->55351K(175104K)] 566879K->497371K(699392K), 0.0087960 secs] [Times: user=0.12 sys=0.01, real=0.01 secs] 
2016-09-24T00:51:44.829-0400: 72.553: [GC (GCLocker Initiated GC) [PSYoungGen: 143415K->85986K(175104K)] 585441K->534378K(699392K), 0.0186033 secs] [Times: user=0.26 sys=0.00, real=0.02 secs] 
2016-09-24T00:51:44.972-0400: 72.696: [GC (Allocation Failure) [PSYoungGen: 174050K->55223K(175104K)] 622798K->540876K(699392K), 0.0100522 secs] [Times: user=0.10 sys=0.00, real=0.01 secs] 
2016-09-24T00:51:44.982-0400: 72.706: [Full GC (Ergonomics) [PSYoungGen: 55223K->0K(175104K)] [ParOldGen: 485653K->51968K(524288K)] 540876K->51968K(699392K), [Metaspace: 44304K->44304K(1087488K)], 0.0626708 secs] [Times: user=0.42 sys=0.01, real=0.07 secs] 
2016-09-24T00:51:45.155-0400: 72.879: [GC (GCLocker Initiated GC) [PSYoungGen: 88064K->67569K(175104K)] 140032K->119537K(699392K), 0.0106246 secs] [Times: user=0.09 sys=0.00, real=0.01 secs] 
2016-09-24T00:51:45.280-0400: 73.004: [GC (GCLocker Initiated GC) [PSYoungGen: 155633K->55187K(175104K)] 207603K->162476K(699392K), 0.0133248 secs] [Times: user=0.14 sys=0.00, real=0.01 secs] 
2016-09-24T00:51:45.413-0400: 73.137: [GC (Allocation Failure) [PSYoungGen: 143251K->49344K(175104K)] 256780K->162977K(699392K), 0.0137935 secs] [Times: user=0.14 sys=0.00, real=0.02 secs] 
2016-09-24T00:51:45.528-0400: 73.252: [GC (GCLocker Initiated GC) [PSYoungGen: 137408K->79487K(175104K)] 251042K->223968K(699392K), 0.0178069 secs] [Times: user=0.17 sys=0.00, real=0.02 secs] 
2016-09-24T00:51:45.662-0400: 73.386: [GC (GCLocker Initiated GC) [PSYoungGen: 167551K->67533K(175104K)] 318160K->254728K(699392K), 0.0219176 secs] [Times: user=0.24 sys=0.01, real=0.03 secs] 
2016-09-24T00:51:45.791-0400: 73.515: [GC (GCLocker Initiated GC) [PSYoungGen: 155597K->43009K(175104K)] 342861K->291283K(699392K), 0.0100877 secs] [Times: user=0.10 sys=0.00, real=0.01 secs] 
2016-09-24T00:51:45.884-0400: 73.608: [GC (GCLocker Initiated GC) [PSYoungGen: 131073K->85854K(175104K)] 379685K->377119K(699392K), 0.0174329 secs] [Times: user=0.19 sys=0.00, real=0.01 secs] 
2016-09-24T00:51:46.025-0400: 73.749: [GC (GCLocker Initiated GC) [PSYoungGen: 173918K->61266K(175104K)] 465370K->371203K(699392K), 0.0172226 secs] [Times: user=0.14 sys=0.00, real=0.02 secs] 
2016-09-24T00:51:46.168-0400: 73.892: [GC (GCLocker Initiated GC) [PSYoungGen: 149330K->54963K(175104K)] 459303K->365187K(699392K), 0.0110499 secs] [Times: user=0.08 sys=0.00, real=0.01 secs] 
2016-09-24T00:51:46.314-0400: 74.038: [GC (GCLocker Initiated GC) [PSYoungGen: 143027K->36802K(175104K)] 459401K->395805K(699392K), 0.0160691 secs] [Times: user=0.11 sys=0.01, real=0.01 secs] 
2016-09-24T00:51:46.443-0400: 74.167: [GC (GCLocker Initiated GC) [PSYoungGen: 124866K->73416K(175104K)] 490188K->438865K(699392K), 0.0167220 secs] [Times: user=0.16 sys=0.00, real=0.01 secs] 
2016-09-24T00:51:46.557-0400: 74.281: [GC (GCLocker Initiated GC) [PSYoungGen: 161480K->55255K(175104K)] 527279K->451689K(699392K), 0.0183470 secs] [Times: user=0.18 sys=0.00, real=0.02 secs] 
2016-09-24T00:51:46.687-0400: 74.411: [GC (GCLocker Initiated GC) [PSYoungGen: 143319K->37649K(175104K)] 552169K->483077K(699392K), 0.0122764 secs] [Times: user=0.11 sys=0.00, real=0.01 secs] 
2016-09-24T00:51:46.810-0400: 74.534: [GC (GCLocker Initiated GC) [PSYoungGen: 125713K->73384K(175104K)] 571373K->525690K(699392K), 0.0101730 secs] [Times: user=0.07 sys=0.01, real=0.01 secs] 
2016-09-24T00:51:46.821-0400: 74.545: [Full GC (Ergonomics) [PSYoungGen: 73384K->0K(175104K)] [ParOldGen: 452306K->58920K(524288K)] 525690K->58920K(699392K), [Metaspace: 44314K->44314K(1087488K)], 0.0502991 secs] [Times: user=0.24 sys=0.00, real=0.05 secs] 
2016-09-24T00:51:46.962-0400: 74.685: [GC (GCLocker Initiated GC) [PSYoungGen: 88064K->86410K(175104K)] 147311K->163882K(699392K), 0.0206608 secs] [Times: user=0.24 sys=0.00, real=0.03 secs] 
2016-09-24T00:51:47.094-0400: 74.818: [GC (GCLocker Initiated GC) [PSYoungGen: 174474K->24848K(175104K)] 264122K->169859K(699392K), 0.0101702 secs] [Times: user=0.07 sys=0.00, real=0.01 secs] 
2016-09-24T00:51:47.257-0400: 74.981: [GC (GCLocker Initiated GC) [PSYoungGen: 112912K->12665K(175104K)] 270088K->194214K(699392K), 0.0267236 secs] [Times: user=0.26 sys=0.00, real=0.03 secs] 
2016-09-24T00:51:47.410-0400: 75.134: [GC (GCLocker Initiated GC) [PSYoungGen: 100729K->61622K(175104K)] 294615K->255815K(699392K), 0.0063266 secs] [Times: user=0.06 sys=0.00, real=0.01 secs] 
2016-09-24T00:51:47.500-0400: 75.224: [GC (GCLocker Initiated GC) [PSYoungGen: 149686K->61362K(175104K)] 343943K->280210K(699392K), 0.0134048 secs] [Times: user=0.14 sys=0.00, real=0.01 secs] 
2016-09-24T00:51:47.644-0400: 75.368: [GC (GCLocker Initiated GC) [PSYoungGen: 149426K->55323K(175104K)] 380657K->310926K(699392K), 0.0236350 secs] [Times: user=0.21 sys=0.00, real=0.02 secs] 
2016-09-24T00:51:47.784-0400: 75.508: [GC (GCLocker Initiated GC) [PSYoungGen: 143387K->49440K(175104K)] 399317K->378757K(699392K), 0.0162251 secs] [Times: user=0.18 sys=0.01, real=0.01 secs] 
2016-09-24T00:51:47.909-0400: 75.633: [GC (GCLocker Initiated GC) [PSYoungGen: 137504K->37098K(175104K)] 473246K->403466K(699392K), 0.0216024 secs] [Times: user=0.21 sys=0.00, real=0.02 secs] 
2016-09-24T00:51:48.034-0400: 75.758: [GC (GCLocker Initiated GC) [PSYoungGen: 125162K->67501K(175104K)] 497826K->458994K(699392K), 0.0114509 secs] [Times: user=0.11 sys=0.00, real=0.02 secs] 
2016-09-24T00:51:48.138-0400: 75.862: [GC (GCLocker Initiated GC) [PSYoungGen: 155565K->86054K(175104K)] 547116K->508419K(699392K), 0.0210150 secs] [Times: user=0.23 sys=0.00, real=0.02 secs] 
2016-09-24T00:51:48.268-0400: 75.992: [GC (GCLocker Initiated GC) [PSYoungGen: 174118K->85662K(175104K)] 596704K->539234K(699392K), 0.0269172 secs] [Times: user=0.30 sys=0.01, real=0.03 secs] 
2016-09-24T00:51:48.427-0400: 76.151: [Full GC (Ergonomics) [PSYoungGen: 173726K->0K(175104K)] [ParOldGen: 465943K->46261K(524288K)] 639669K->46261K(699392K), [Metaspace: 44317K->44317K(1087488K)], 0.0552656 secs] [Times: user=0.26 sys=0.00, real=0.06 secs] 
2016-09-24T00:51:48.606-0400: 76.330: [GC (GCLocker Initiated GC) [PSYoungGen: 88064K->85658K(175104K)] 134413K->168458K(699392K), 0.0266882 secs] [Times: user=0.35 sys=0.00, real=0.02 secs] 
2016-09-24T00:51:48.739-0400: 76.463: [GC (GCLocker Initiated GC) [PSYoungGen: 173722K->37194K(175104K)] 256575K->205216K(699392K), 0.0219844 secs] [Times: user=0.20 sys=0.01, real=0.02 secs] 
2016-09-24T00:51:48.857-0400: 76.581: [GC (Allocation Failure) [PSYoungGen: 125258K->61622K(175104K)] 293585K->291163K(699392K), 0.0310005 secs] [Times: user=0.32 sys=0.00, real=0.03 secs] 
2016-09-24T00:51:48.990-0400: 76.713: [GC (Allocation Failure) [PSYoungGen: 146117K->49443K(175104K)] 375658K->297485K(699392K), 0.0134841 secs] [Times: user=0.15 sys=0.01, real=0.02 secs] 
2016-09-24T00:51:49.103-0400: 76.827: [GC (GCLocker Initiated GC) [PSYoungGen: 132813K->48984K(175104K)] 386930K->339974K(699392K), 0.0148482 secs] [Times: user=0.16 sys=0.00, real=0.01 secs] 
2016-09-24T00:51:49.223-0400: 76.947: [GC (GCLocker Initiated GC) [PSYoungGen: 137048K->86022K(175104K)] 428069K->413581K(699392K), 0.0148317 secs] [Times: user=0.19 sys=0.00, real=0.01 secs] 
2016-09-24T00:51:49.334-0400: 77.058: [GC (GCLocker Initiated GC) [PSYoungGen: 174086K->49312K(175104K)] 501754K->419960K(699392K), 0.0177142 secs] [Times: user=0.17 sys=0.00, real=0.02 secs] 
2016-09-24T00:51:49.455-0400: 77.179: [GC (GCLocker Initiated GC) [PSYoungGen: 137376K->85662K(175104K)] 508217K->487137K(699392K), 0.0129602 secs] [Times: user=0.10 sys=0.00, real=0.01 secs] 
2016-09-24T00:51:49.583-0400: 77.307: [GC (Allocation Failure) [PSYoungGen: 173726K->73740K(175104K)] 575316K->493839K(699392K), 0.0212999 secs] [Times: user=0.26 sys=0.00, real=0.02 secs] 
2016-09-24T00:51:49.697-0400: 77.420: [GC (GCLocker Initiated GC) [PSYoungGen: 161804K->73640K(175104K)] 581908K->548735K(699392K), 0.0114946 secs] [Times: user=0.15 sys=0.00, real=0.01 secs] 
2016-09-24T00:51:49.708-0400: 77.432: [Full GC (Ergonomics) [PSYoungGen: 73640K->0K(175104K)] [ParOldGen: 475095K->46272K(524288K)] 548735K->46272K(699392K), [Metaspace: 44331K->44331K(1087488K)], 0.0490975 secs] [Times: user=0.28 sys=0.01, real=0.05 secs] 
2016-09-24T00:51:49.868-0400: 77.592: [GC (GCLocker Initiated GC) [PSYoungGen: 88064K->86046K(175104K)] 134461K->150669K(699392K), 0.0156282 secs] [Times: user=0.19 sys=0.00, real=0.02 secs] 
2016-09-24T00:51:50.026-0400: 77.750: [GC (GCLocker Initiated GC) [PSYoungGen: 174110K->36966K(175104K)] 251042K->169096K(699392K), 0.0146194 secs] [Times: user=0.13 sys=0.00, real=0.01 secs] 
2016-09-24T00:51:50.143-0400: 77.867: [GC (Allocation Failure) [PSYoungGen: 125030K->73608K(175104K)] 257286K->206156K(699392K), 0.0095302 secs] [Times: user=0.08 sys=0.00, real=0.00 secs] 
2016-09-24T00:51:50.265-0400: 77.989: [GC (GCLocker Initiated GC) [PSYoungGen: 161672K->67633K(175104K)] 294225K->236764K(699392K), 0.0099139 secs] [Times: user=0.08 sys=0.01, real=0.01 secs] 
2016-09-24T00:51:50.403-0400: 78.127: [GC (GCLocker Initiated GC) [PSYoungGen: 155697K->85498K(175104K)] 331063K->267387K(699392K), 0.0321580 secs] [Times: user=0.33 sys=0.01, real=0.03 secs] 
2016-09-24T00:51:50.546-0400: 78.269: [GC (GCLocker Initiated GC) [PSYoungGen: 173562K->73544K(175104K)] 361730K->292198K(699392K), 0.0169395 secs] [Times: user=0.13 sys=0.00, real=0.02 secs] 
2016-09-24T00:51:50.672-0400: 78.396: [GC (GCLocker Initiated GC) [PSYoungGen: 161608K->61198K(175104K)] 380500K->292499K(699392K), 0.0085559 secs] [Times: user=0.07 sys=0.01, real=0.01 secs] 
2016-09-24T00:51:50.822-0400: 78.546: [GC (GCLocker Initiated GC) [PSYoungGen: 149262K->61590K(175104K)] 386680K->317377K(699392K), 0.0089997 secs] [Times: user=0.10 sys=0.00, real=0.01 secs] 
2016-09-24T00:51:50.926-0400: 78.650: [GC (GCLocker Initiated GC) [PSYoungGen: 149654K->67177K(175104K)] 405538K->347612K(699392K), 0.0407864 secs] [Times: user=0.46 sys=0.00, real=0.04 secs] 
2016-09-24T00:51:51.084-0400: 78.808: [GC (Allocation Failure) [PSYoungGen: 155241K->73576K(175104K)] 442101K->384864K(699392K), 0.0105309 secs] [Times: user=0.12 sys=0.00, real=0.01 secs] 
2016-09-24T00:51:51.208-0400: 78.932: [GC (GCLocker Initiated GC) [PSYoungGen: 161640K->67697K(175104K)] 472933K->379266K(699392K), 0.0169148 secs] [Times: user=0.19 sys=0.00, real=0.02 secs] 
2016-09-24T00:51:51.340-0400: 79.063: [GC (GCLocker Initiated GC) [PSYoungGen: 155761K->61362K(175104K)] 473531K->397632K(699392K), 0.0119448 secs] [Times: user=0.11 sys=0.01, real=0.01 secs] 
2016-09-24T00:51:51.457-0400: 79.181: [GC (GCLocker Initiated GC) [PSYoungGen: 149426K->61234K(175104K)] 491829K->446242K(699392K), 0.0367163 secs] [Times: user=0.39 sys=0.00, real=0.04 secs] 
2016-09-24T00:51:51.595-0400: 79.319: [GC (GCLocker Initiated GC) [PSYoungGen: 149298K->85854K(175104K)] 534354K->550216K(699392K), 0.0148697 secs] [Times: user=0.21 sys=0.00, real=0.01 secs] 
2016-09-24T00:51:51.610-0400: 79.334: [Full GC (Ergonomics) [PSYoungGen: 85854K->0K(175104K)] [ParOldGen: 464362K->46774K(524288K)] 550216K->46774K(699392K), [Metaspace: 44341K->44341K(1087488K)], 0.0556028 secs] [Times: user=0.32 sys=0.01, real=0.06 secs] 
2016-09-24T00:51:51.777-0400: 79.501: [GC (GCLocker Initiated GC) [PSYoungGen: 88064K->86210K(175104K)] 135087K->139308K(699392K), 0.0157297 secs] [Times: user=0.20 sys=0.00, real=0.01 secs] 
2016-09-24T00:51:51.907-0400: 79.630: [GC (GCLocker Initiated GC) [PSYoungGen: 174274K->73704K(175104K)] 227666K->182506K(699392K), 0.0105971 secs] [Times: user=0.12 sys=0.00, real=0.01 secs] 
2016-09-24T00:51:52.023-0400: 79.747: [GC (Allocation Failure) [PSYoungGen: 161768K->55091K(175104K)] 271435K->183079K(699392K), 0.0096870 secs] [Times: user=0.09 sys=0.00, real=0.00 secs] 
2016-09-24T00:51:52.122-0400: 79.846: [GC (GCLocker Initiated GC) [PSYoungGen: 139808K->73904K(175104K)] 273871K->226319K(699392K), 0.0144983 secs] [Times: user=0.16 sys=0.00, real=0.02 secs] 
2016-09-24T00:51:52.257-0400: 79.981: [GC (GCLocker Initiated GC) [PSYoungGen: 161968K->67469K(175104K)] 314577K->256796K(699392K), 0.0154536 secs] [Times: user=0.17 sys=0.01, real=0.01 secs] 
2016-09-24T00:51:52.378-0400: 80.102: [GC (Allocation Failure) [PSYoungGen: 155533K->79943K(175104K)] 345025K->312260K(699392K), 0.0126637 secs] [Times: user=0.19 sys=0.00, real=0.01 secs] 
2016-09-24T00:51:52.499-0400: 80.223: [GC (GCLocker Initiated GC) [PSYoungGen: 168007K->73476K(175104K)] 400324K->360800K(699392K), 0.0143744 secs] [Times: user=0.20 sys=0.01, real=0.01 secs] 
2016-09-24T00:51:52.619-0400: 80.343: [GC (Allocation Failure) [PSYoungGen: 161540K->85954K(175104K)] 455076K->391783K(699392K), 0.0105717 secs] [Times: user=0.16 sys=0.00, real=0.01 secs] 
2016-09-24T00:51:52.745-0400: 80.469: [GC (GCLocker Initiated GC) [PSYoungGen: 168445K->37158K(175104K)] 480350K->404232K(699392K), 0.0108872 secs] [Times: user=0.16 sys=0.00, real=0.01 secs] 
2016-09-24T00:51:52.878-0400: 80.602: [GC (GCLocker Initiated GC) [PSYoungGen: 125222K->85922K(175104K)] 498688K->459688K(699392K), 0.0083023 secs] [Times: user=0.09 sys=0.01, real=0.01 secs] 
2016-09-24T00:51:53.030-0400: 80.754: [GC (GCLocker Initiated GC) [PSYoungGen: 173986K->67465K(175104K)] 547798K->490185K(699392K), 0.0168678 secs] [Times: user=0.15 sys=0.00, real=0.02 secs] 
2016-09-24T00:51:53.145-0400: 80.869: [GC (GCLocker Initiated GC) [PSYoungGen: 155529K->79587K(175104K)] 578492K->520903K(699392K), 0.0230042 secs] [Times: user=0.25 sys=0.00, real=0.02 secs] 
2016-09-24T00:51:53.290-0400: 81.014: [GC (GCLocker Initiated GC) [PSYoungGen: 167651K->73576K(175104K)] 609227K->557788K(699392K), 0.0221120 secs] [Times: user=0.21 sys=0.00, real=0.02 secs] 
2016-09-24T00:51:53.313-0400: 81.037: [Full GC (Ergonomics) [PSYoungGen: 73576K->0K(175104K)] [ParOldGen: 484212K->52868K(524288K)] 557788K->52868K(699392K), [Metaspace: 44341K->44341K(1087488K)], 0.0513924 secs] [Times: user=0.21 sys=0.01, real=0.06 secs] 
2016-09-24T00:51:53.469-0400: 81.193: [GC (GCLocker Initiated GC) [PSYoungGen: 88064K->86178K(175104K)] 147368K->145482K(699392K), 0.0159702 secs] [Times: user=0.18 sys=0.00, real=0.02 secs] 
2016-09-24T00:51:53.606-0400: 81.330: [GC (GCLocker Initiated GC) [PSYoungGen: 174242K->55319K(175104K)] 233895K->170351K(699392K), 0.0154651 secs] [Times: user=0.17 sys=0.00, real=0.01 secs] 
2016-09-24T00:51:53.729-0400: 81.453: [GC (GCLocker Initiated GC) [PSYoungGen: 143383K->85854K(175104K)] 258776K->219788K(699392K), 0.0104514 secs] [Times: user=0.15 sys=0.00, real=0.01 secs] 
2016-09-24T00:51:53.882-0400: 81.605: [GC (GCLocker Initiated GC) [PSYoungGen: 173918K->55970K(175104K)] 314142K->251013K(699392K), 0.0195554 secs] [Times: user=0.25 sys=0.01, real=0.02 secs] 
2016-09-24T00:51:54.021-0400: 81.745: [GC (Allocation Failure) [PSYoungGen: 144034K->79455K(175104K)] 345228K->280924K(699392K), 0.0071375 secs] [Times: user=0.07 sys=0.00, real=0.01 secs] 
2016-09-24T00:51:54.029-0400: 81.753: [GC (GCLocker Initiated GC) [PSYoungGen: 79850K->96K(175104K)] 281319K->292886K(699392K), 0.0185495 secs] [Times: user=0.23 sys=0.00, real=0.02 secs] 
2016-09-24T00:51:54.142-0400: 81.866: [GC (GCLocker Initiated GC) [PSYoungGen: 86715K->85950K(175104K)] 385581K->384823K(699392K), 0.0102556 secs] [Times: user=0.08 sys=0.00, real=0.00 secs] 
2016-09-24T00:51:54.261-0400: 81.985: [GC (Allocation Failure) [PSYoungGen: 174014K->37357K(175104K)] 472979K->391529K(699392K), 0.0166338 secs] [Times: user=0.18 sys=0.00, real=0.02 secs] 
2016-09-24T00:51:54.384-0400: 82.108: [GC (GCLocker Initiated GC) [PSYoungGen: 121714K->55319K(175104K)] 481961K->434246K(699392K), 0.0128737 secs] [Times: user=0.10 sys=0.00, real=0.01 secs] 
2016-09-24T00:51:54.487-0400: 82.211: [GC (GCLocker Initiated GC) [PSYoungGen: 143383K->55319K(175104K)] 522459K->470948K(699392K), 0.0318728 secs] [Times: user=0.34 sys=0.00, real=0.03 secs] 
2016-09-24T00:51:54.631-0400: 82.355: [GC (GCLocker Initiated GC) [PSYoungGen: 143383K->49443K(175104K)] 565370K->489931K(699392K), 0.0163344 secs] [Times: user=0.17 sys=0.00, real=0.02 secs] 
2016-09-24T00:51:54.647-0400: 82.371: [Full GC (Ergonomics) [PSYoungGen: 49443K->0K(175104K)] [ParOldGen: 440487K->52453K(524288K)] 489931K->52453K(699392K), [Metaspace: 44346K->44346K(1087488K)], 0.0591685 secs] [Times: user=0.47 sys=0.01, real=0.06 secs] 
2016-09-24T00:51:54.825-0400: 82.548: [GC (GCLocker Initiated GC) [PSYoungGen: 88064K->86210K(175104K)] 140838K->163285K(699392K), 0.0101482 secs] [Times: user=0.12 sys=0.01, real=0.01 secs] 
2016-09-24T00:51:54.940-0400: 82.664: [GC (GCLocker Initiated GC) [PSYoungGen: 174274K->73672K(175104K)] 257595K->212411K(699392K), 0.0115998 secs] [Times: user=0.16 sys=0.00, real=0.01 secs] 
2016-09-24T00:51:55.084-0400: 82.808: [GC (Allocation Failure) [PSYoungGen: 161730K->55255K(175104K)] 300825K->230919K(699392K), 0.0104846 secs] [Times: user=0.08 sys=0.00, real=0.01 secs] 
2016-09-24T00:51:55.209-0400: 82.933: [GC (GCLocker Initiated GC) [PSYoungGen: 143147K->73540K(175104K)] 324886K->255578K(699392K), 0.0239958 secs] [Times: user=0.36 sys=0.00, real=0.02 secs] 
2016-09-24T00:51:55.326-0400: 83.050: [GC (GCLocker Initiated GC) [PSYoungGen: 161604K->73672K(175104K)] 343970K->256173K(699392K), 0.0076267 secs] [Times: user=0.10 sys=0.01, real=0.00 secs] 
2016-09-24T00:51:55.441-0400: 83.165: [GC (GCLocker Initiated GC) [PSYoungGen: 161736K->73644K(175104K)] 344302K->274686K(699392K), 0.0320965 secs] [Times: user=0.31 sys=0.00, real=0.03 secs] 
2016-09-24T00:51:55.605-0400: 83.329: [GC (GCLocker Initiated GC) [PSYoungGen: 161708K->49340K(175104K)] 368873K->348101K(699392K), 0.0131154 secs] [Times: user=0.20 sys=0.00, real=0.01 secs] 
2016-09-24T00:51:55.734-0400: 83.457: [GC (Allocation Failure) [PSYoungGen: 137404K->55547K(175104K)] 436218K->385035K(699392K), 0.0099522 secs] [Times: user=0.12 sys=0.00, real=0.02 secs] 
2016-09-24T00:51:55.843-0400: 83.567: [GC (GCLocker Initiated GC) [PSYoungGen: 141395K->73508K(175104K)] 476958K->445845K(699392K), 0.0118045 secs] [Times: user=0.19 sys=0.01, real=0.01 secs] 
2016-09-24T00:51:55.974-0400: 83.698: [GC (GCLocker Initiated GC) [PSYoungGen: 161572K->37617K(175104K)] 546409K->459072K(699392K), 0.0102707 secs] [Times: user=0.16 sys=0.01, real=0.02 secs] 
2016-09-24T00:51:56.099-0400: 83.823: [GC (GCLocker Initiated GC) [PSYoungGen: 125681K->55355K(175104K)] 547207K->477460K(699392K), 0.0103254 secs] [Times: user=0.09 sys=0.00, real=0.01 secs] 
2016-09-24T00:51:56.227-0400: 83.951: [GC (Allocation Failure) [PSYoungGen: 143419K->85726K(175104K)] 565605K->514082K(699392K), 0.0108155 secs] [Times: user=0.11 sys=0.01, real=0.01 secs] 
2016-09-24T00:51:56.346-0400: 84.070: [GC (GCLocker Initiated GC) [PSYoungGen: 173790K->55319K(175104K)] 602152K->502205K(699392K), 0.0071936 secs] [Times: user=0.06 sys=0.00, real=0.00 secs] 
2016-09-24T00:51:56.354-0400: 84.077: [Full GC (Ergonomics) [PSYoungGen: 55319K->0K(175104K)] [ParOldGen: 446886K->40497K(524288K)] 502205K->40497K(699392K), [Metaspace: 44348K->44348K(1087488K)], 0.0518272 secs] [Times: user=0.31 sys=0.02, real=0.06 secs] 
2016-09-24T00:51:56.533-0400: 84.257: [GC (Allocation Failure) [PSYoungGen: 88064K->74256K(175104K)] 134862K->121054K(699392K), 0.0072635 secs] [Times: user=0.09 sys=0.00, real=0.01 secs] 
2016-09-24T00:51:56.667-0400: 84.391: [GC (GCLocker Initiated GC) [PSYoungGen: 160201K->43233K(175104K)] 213075K->115003K(699392K), 0.0200242 secs] [Times: user=0.20 sys=0.00, real=0.02 secs] 
2016-09-24T00:51:56.794-0400: 84.518: [GC (GCLocker Initiated GC) [PSYoungGen: 131297K->67505K(175104K)] 203199K->139503K(699392K), 0.0206555 secs] [Times: user=0.20 sys=0.00, real=0.03 secs] 
2016-09-24T00:51:56.918-0400: 84.642: [GC (GCLocker Initiated GC) [PSYoungGen: 155569K->55511K(175104K)] 227711K->182775K(699392K), 0.0158407 secs] [Times: user=0.16 sys=0.00, real=0.01 secs] 
2016-09-24T00:51:57.051-0400: 84.775: [GC (GCLocker Initiated GC) [PSYoungGen: 143575K->61458K(175104K)] 270898K->213597K(699392K), 0.0254552 secs] [Times: user=0.27 sys=0.00, real=0.03 secs] 
2016-09-24T00:51:57.207-0400: 84.931: [GC (GCLocker Initiated GC) [PSYoungGen: 149522K->49340K(175104K)] 313875K->244359K(699392K), 0.0080872 secs] [Times: user=0.07 sys=0.00, real=0.01 secs] 
2016-09-24T00:51:57.340-0400: 85.064: [GC (Allocation Failure) [PSYoungGen: 137404K->55611K(175104K)] 332717K->324140K(699392K), 0.0122118 secs] [Times: user=0.19 sys=0.00, real=0.01 secs] 
2016-09-24T00:51:57.462-0400: 85.186: [GC (GCLocker Initiated GC) [PSYoungGen: 141973K->73476K(175104K)] 416577K->384705K(699392K), 0.0123163 secs] [Times: user=0.18 sys=0.00, real=0.01 secs] 
2016-09-24T00:51:57.582-0400: 85.305: [GC (Allocation Failure) [PSYoungGen: 161540K->86346K(175104K)] 472811K->434210K(699392K), 0.0152824 secs] [Times: user=0.17 sys=0.00, real=0.02 secs] 
2016-09-24T00:51:57.680-0400: 85.404: [GC (GCLocker Initiated GC) [PSYoungGen: 174410K->85790K(175104K)] 522280K->501261K(699392K), 0.0135155 secs] [Times: user=0.16 sys=0.00, real=0.01 secs] 
2016-09-24T00:51:57.815-0400: 85.539: [GC (GCLocker Initiated GC) [PSYoungGen: 173854K->67469K(175104K)] 589585K->501561K(699392K), 0.0204636 secs] [Times: user=0.27 sys=0.01, real=0.02 secs] 
2016-09-24T00:51:57.976-0400: 85.700: [Full GC (Ergonomics) [PSYoungGen: 155533K->0K(175104K)] [ParOldGen: 446491K->46968K(524288K)] 602024K->46968K(699392K), [Metaspace: 44348K->44348K(1087488K)], 0.0492872 secs] [Times: user=0.36 sys=0.00, real=0.05 secs] 
2016-09-24T00:51:58.119-0400: 85.843: [GC (GCLocker Initiated GC) [PSYoungGen: 88064K->86078K(175104K)] 135069K->145233K(699392K), 0.0146046 secs] [Times: user=0.20 sys=0.00, real=0.01 secs] 
2016-09-24T00:51:58.227-0400: 85.951: [GC (GCLocker Initiated GC) [PSYoungGen: 174142K->85790K(175104K)] 233456K->212493K(699392K), 0.0214630 secs] [Times: user=0.30 sys=0.00, real=0.02 secs] 
2016-09-24T00:51:58.350-0400: 86.074: [GC (GCLocker Initiated GC) [PSYoungGen: 173854K->61554K(175104K)] 300643K->255484K(699392K), 0.0122377 secs] [Times: user=0.19 sys=0.00, real=0.01 secs] 
2016-09-24T00:51:58.485-0400: 86.209: [GC (GCLocker Initiated GC) [PSYoungGen: 149618K->67469K(175104K)] 343741K->298341K(699392K), 0.0106533 secs] [Times: user=0.12 sys=0.00, real=0.01 secs] 
2016-09-24T00:51:58.624-0400: 86.348: [GC (GCLocker Initiated GC) [PSYoungGen: 155533K->85530K(175104K)] 386559K->335205K(699392K), 0.0189797 secs] [Times: user=0.20 sys=0.00, real=0.02 secs] 
2016-09-24T00:51:58.761-0400: 86.484: [GC (GCLocker Initiated GC) [PSYoungGen: 173594K->49084K(175104K)] 429503K->329396K(699392K), 0.0104713 secs] [Times: user=0.09 sys=0.00, real=0.01 secs] 
2016-09-24T00:51:58.893-0400: 86.617: [GC (GCLocker Initiated GC) [PSYoungGen: 137148K->67401K(175104K)] 417609K->402845K(699392K), 0.0145131 secs] [Times: user=0.16 sys=0.01, real=0.02 secs] 
2016-09-24T00:51:59.071-0400: 86.795: [GC (GCLocker Initiated GC) [PSYoungGen: 155465K->73444K(175104K)] 490984K->445525K(699392K), 0.0168841 secs] [Times: user=0.13 sys=0.01, real=0.02 secs] 
2016-09-24T00:51:59.213-0400: 86.937: [GC (GCLocker Initiated GC) [PSYoungGen: 161508K->85498K(175104K)] 533630K->482024K(699392K), 0.0168060 secs] [Times: user=0.14 sys=0.00, real=0.02 secs] 
2016-09-24T00:51:59.339-0400: 87.063: [GC (GCLocker Initiated GC) [PSYoungGen: 173562K->55323K(175104K)] 570292K->476448K(699392K), 0.0257617 secs] [Times: user=0.28 sys=0.00, real=0.03 secs] 
2016-09-24T00:51:59.457-0400: 87.181: [GC (GCLocker Initiated GC) [PSYoungGen: 143387K->49344K(175104K)] 564587K->501179K(699392K), 0.0172541 secs] [Times: user=0.14 sys=0.01, real=0.02 secs] 
2016-09-24T00:51:59.475-0400: 87.198: [Full GC (Ergonomics) [PSYoungGen: 49344K->0K(175104K)] [ParOldGen: 451835K->53259K(524288K)] 501179K->53259K(699392K), [Metaspace: 44350K->44350K(1087488K)], 0.0549348 secs] [Times: user=0.35 sys=0.00, real=0.05 secs] 
2016-09-24T00:51:59.638-0400: 87.362: [GC (GCLocker Initiated GC) [PSYoungGen: 88064K->86014K(175104K)] 141432K->157607K(699392K), 0.0181067 secs] [Times: user=0.18 sys=0.01, real=0.02 secs] 
2016-09-24T00:51:59.752-0400: 87.475: [GC (GCLocker Initiated GC) [PSYoungGen: 174078K->79943K(175104K)] 245881K->195030K(699392K), 0.0123481 secs] [Times: user=0.19 sys=0.00, real=0.02 secs] 
2016-09-24T00:51:59.870-0400: 87.594: [GC (GCLocker Initiated GC) [PSYoungGen: 168007K->73772K(175104K)] 289217K->231919K(699392K), 0.0158693 secs] [Times: user=0.17 sys=0.01, real=0.02 secs] 
2016-09-24T00:52:00.006-0400: 87.729: [GC (GCLocker Initiated GC) [PSYoungGen: 161836K->86150K(175104K)] 326167K->305456K(699392K), 0.0181407 secs] [Times: user=0.22 sys=0.00, real=0.02 secs] 
2016-09-24T00:52:00.164-0400: 87.888: [GC (GCLocker Initiated GC) [PSYoungGen: 174214K->67565K(175104K)] 399631K->354040K(699392K), 0.0110690 secs] [Times: user=0.16 sys=0.00, real=0.01 secs] 
2016-09-24T00:52:00.307-0400: 88.031: [GC (GCLocker Initiated GC) [PSYoungGen: 155629K->55191K(175104K)] 448439K->390801K(699392K), 0.0097602 secs] [Times: user=0.08 sys=0.01, real=0.01 secs] 
2016-09-24T00:52:00.447-0400: 88.171: [GC (GCLocker Initiated GC) [PSYoungGen: 143255K->18936K(175104K)] 503509K->403751K(699392K), 0.0180645 secs] [Times: user=0.17 sys=0.00, real=0.02 secs] 
2016-09-24T00:52:00.598-0400: 88.322: [GC (GCLocker Initiated GC) [PSYoungGen: 107000K->37261K(175104K)] 504197K->434717K(699392K), 0.0089354 secs] [Times: user=0.09 sys=0.00, real=0.01 secs] 
2016-09-24T00:52:00.698-0400: 88.422: [GC (GCLocker Initiated GC) [PSYoungGen: 125325K->48952K(175104K)] 523009K->459068K(699392K), 0.0129240 secs] [Times: user=0.10 sys=0.00, real=0.01 secs] 
2016-09-24T00:52:00.819-0400: 88.543: [GC (GCLocker Initiated GC) [PSYoungGen: 137016K->85990K(175104K)] 547292K->496402K(699392K), 0.0336355 secs] [Times: user=0.33 sys=0.00, real=0.03 secs] 
2016-09-24T00:52:00.958-0400: 88.682: [GC (GCLocker Initiated GC) [PSYoungGen: 174054K->43009K(175104K)] 584670K->484432K(699392K), 0.0108488 secs] [Times: user=0.07 sys=0.01, real=0.01 secs] 
2016-09-24T00:52:01.073-0400: 88.797: [GC (GCLocker Initiated GC) [PSYoungGen: 131073K->79747K(175104K)] 578847K->564247K(699392K), 0.0226581 secs] [Times: user=0.22 sys=0.00, real=0.03 secs] 
2016-09-24T00:52:01.096-0400: 88.819: [Full GC (Ergonomics) [PSYoungGen: 79747K->0K(175104K)] [ParOldGen: 484500K->59049K(524288K)] 564247K->59049K(699392K), [Metaspace: 44354K->44354K(1087488K)], 0.0533058 secs] [Times: user=0.21 sys=0.01, real=0.05 secs] 
2016-09-24T00:52:01.257-0400: 88.981: [GC (GCLocker Initiated GC) [PSYoungGen: 88064K->86374K(175104K)] 147435K->170045K(699392K), 0.0216227 secs] [Times: user=0.23 sys=0.01, real=0.02 secs] 
2016-09-24T00:52:01.423-0400: 89.147: [GC (Allocation Failure) [PSYoungGen: 174438K->73476K(175104K)] 258274K->182495K(699392K), 0.0318808 secs] [Times: user=0.37 sys=0.00, real=0.03 secs] 
2016-09-24T00:52:01.576-0400: 89.300: [GC (GCLocker Initiated GC) [PSYoungGen: 161540K->73672K(175104K)] 270565K->219298K(699392K), 0.0140790 secs] [Times: user=0.19 sys=0.00, real=0.01 secs] 
2016-09-24T00:52:01.696-0400: 89.419: [GC (GCLocker Initiated GC) [PSYoungGen: 161736K->55515K(175104K)] 307589K->262278K(699392K), 0.0101737 secs] [Times: user=0.13 sys=0.00, real=0.01 secs] 
2016-09-24T00:52:01.806-0400: 89.530: [GC (GCLocker Initiated GC) [PSYoungGen: 143579K->85954K(175104K)] 350395K->341677K(699392K), 0.0129796 secs] [Times: user=0.16 sys=0.00, real=0.01 secs] 
2016-09-24T00:52:01.916-0400: 89.640: [GC (Allocation Failure) [PSYoungGen: 174018K->55447K(175104K)] 442235K->384902K(699392K), 0.0108996 secs] [Times: user=0.13 sys=0.01, real=0.01 secs] 
2016-09-24T00:52:02.044-0400: 89.768: [GC (GCLocker Initiated GC) [PSYoungGen: 139802K->49244K(175104K)] 475333K->403103K(699392K), 0.0101977 secs] [Times: user=0.10 sys=0.00, real=0.01 secs] 
2016-09-24T00:52:02.177-0400: 89.900: [GC (Allocation Failure) [PSYoungGen: 137308K->55387K(175104K)] 497546K->433954K(699392K), 0.0118205 secs] [Times: user=0.10 sys=0.00, real=0.01 secs] 
2016-09-24T00:52:02.283-0400: 90.007: [GC (GCLocker Initiated GC) [PSYoungGen: 142148K->73416K(175104K)] 526791K->458310K(699392K), 0.0212391 secs] [Times: user=0.19 sys=0.00, real=0.02 secs] 
2016-09-24T00:52:02.453-0400: 90.177: [GC (GCLocker Initiated GC) [PSYoungGen: 161480K->43041K(175104K)] 552731K->440626K(699392K), 0.0157897 secs] [Times: user=0.13 sys=0.00, real=0.02 secs] 
2016-09-24T00:52:02.594-0400: 90.318: [GC (Allocation Failure) [PSYoungGen: 131105K->30990K(175104K)] 535104K->453450K(699392K), 0.0154941 secs] [Times: user=0.12 sys=0.00, real=0.01 secs] 
2016-09-24T00:52:02.704-0400: 90.428: [GC (GCLocker Initiated GC) [PSYoungGen: 114147K->55223K(175104K)] 542681K->484033K(699392K), 0.0289084 secs] [Times: user=0.28 sys=0.00, real=0.02 secs] 
2016-09-24T00:52:02.858-0400: 90.582: [GC (GCLocker Initiated GC) [PSYoungGen: 143287K->61398K(175104K)] 578203K->496401K(699392K), 0.0325456 secs] [Times: user=0.31 sys=0.01, real=0.03 secs] 
2016-09-24T00:52:03.008-0400: 90.732: [GC (GCLocker Initiated GC) [PSYoungGen: 149458K->73644K(175104K)] 584726K->539571K(699392K), 0.0144755 secs] [Times: user=0.14 sys=0.01, real=0.02 secs] 
2016-09-24T00:52:03.023-0400: 90.747: [Full GC (Ergonomics) [PSYoungGen: 73644K->0K(175104K)] [ParOldGen: 465927K->59641K(524288K)] 539571K->59641K(699392K), [Metaspace: 44359K->44359K(1087488K)], 0.0730044 secs] [Times: user=0.49 sys=0.02, real=0.07 secs] 
2016-09-24T00:52:03.214-0400: 90.938: [GC (GCLocker Initiated GC) [PSYoungGen: 88064K->67825K(175104K)] 147770K->127531K(699392K), 0.0130577 secs] [Times: user=0.12 sys=0.02, real=0.02 secs] 
2016-09-24T00:52:03.311-0400: 91.034: [GC (GCLocker Initiated GC) [PSYoungGen: 155889K->67761K(175104K)] 221868K->231660K(699392K), 0.0219627 secs] [Times: user=0.19 sys=0.00, real=0.02 secs] 
2016-09-24T00:52:03.451-0400: 91.174: [GC (GCLocker Initiated GC) [PSYoungGen: 155825K->73480K(175104K)] 326077K->274382K(699392K), 0.0106128 secs] [Times: user=0.09 sys=0.00, real=0.01 secs] 
2016-09-24T00:52:03.556-0400: 91.280: [GC (GCLocker Initiated GC) [PSYoungGen: 161544K->37229K(175104K)] 362488K->256651K(699392K), 0.0341464 secs] [Times: user=0.38 sys=0.00, real=0.03 secs] 
2016-09-24T00:52:03.721-0400: 91.444: [GC (Allocation Failure) [PSYoungGen: 125293K->79619K(175104K)] 344885K->299650K(699392K), 0.0142654 secs] [Times: user=0.15 sys=0.00, real=0.02 secs] 
2016-09-24T00:52:03.854-0400: 91.578: [GC (GCLocker Initiated GC) [PSYoungGen: 167683K->49016K(175104K)] 387715K->299699K(699392K), 0.0173218 secs] [Times: user=0.15 sys=0.00, real=0.02 secs] 
2016-09-24T00:52:03.992-0400: 91.716: [GC (GCLocker Initiated GC) [PSYoungGen: 137080K->73708K(175104K)] 387956K->342945K(699392K), 0.0164043 secs] [Times: user=0.22 sys=0.00, real=0.02 secs] 
2016-09-24T00:52:04.105-0400: 91.829: [GC (GCLocker Initiated GC) [PSYoungGen: 161772K->61394K(175104K)] 437131K->373307K(699392K), 0.0144175 secs] [Times: user=0.15 sys=0.00, real=0.01 secs] 
2016-09-24T00:52:04.234-0400: 91.958: [GC (GCLocker Initiated GC) [PSYoungGen: 149458K->43269K(175104K)] 461463K->410232K(699392K), 0.0258680 secs] [Times: user=0.29 sys=0.01, real=0.02 secs] 
2016-09-24T00:52:04.341-0400: 92.065: [GC (GCLocker Initiated GC) [PSYoungGen: 131333K->85986K(175104K)] 504441K->477979K(699392K), 0.0120908 secs] [Times: user=0.15 sys=0.00, real=0.01 secs] 
2016-09-24T00:52:04.453-0400: 92.177: [GC (Allocation Failure) [PSYoungGen: 174050K->55419K(175104K)] 566376K->508778K(699392K), 0.0261634 secs] [Times: user=0.25 sys=0.00, real=0.03 secs] 
2016-09-24T00:52:04.480-0400: 92.204: [Full GC (Ergonomics) [PSYoungGen: 55419K->0K(175104K)] [ParOldGen: 453359K->53724K(524288K)] 508778K->53724K(699392K), [Metaspace: 44360K->44360K(1087488K)], 0.0512732 secs] [Times: user=0.25 sys=0.01, real=0.05 secs] 
2016-09-24T00:52:04.630-0400: 92.354: [GC (GCLocker Initiated GC) [PSYoungGen: 84286K->85726K(175104K)] 144086K->151601K(699392K), 0.0119103 secs] [Times: user=0.11 sys=0.00, real=0.01 secs] 
2016-09-24T00:52:04.772-0400: 92.496: [GC (Allocation Failure) [PSYoungGen: 173790K->6882K(175104K)] 245815K->115593K(699392K), 0.0122543 secs] [Times: user=0.09 sys=0.00, real=0.02 secs] 
2016-09-24T00:52:04.881-0400: 92.605: [GC (GCLocker Initiated GC) [PSYoungGen: 94946K->61362K(175104K)] 203669K->188600K(699392K), 0.0271761 secs] [Times: user=0.28 sys=0.00, real=0.03 secs] 
2016-09-24T00:52:05.017-0400: 92.741: [GC (GCLocker Initiated GC) [PSYoungGen: 149426K->43205K(175104K)] 283022K->195285K(699392K), 0.0148954 secs] [Times: user=0.15 sys=0.00, real=0.01 secs] 
2016-09-24T00:52:05.134-0400: 92.858: [GC (GCLocker Initiated GC) [PSYoungGen: 131269K->85662K(175104K)] 283721K->268929K(699392K), 0.0104740 secs] [Times: user=0.09 sys=0.00, real=0.02 secs] 
2016-09-24T00:52:05.292-0400: 93.016: [GC (GCLocker Initiated GC) [PSYoungGen: 173726K->61394K(175104K)] 357355K->293898K(699392K), 0.0203542 secs] [Times: user=0.17 sys=0.00, real=0.02 secs] 
2016-09-24T00:52:05.418-0400: 93.141: [GC (GCLocker Initiated GC) [PSYoungGen: 149458K->61394K(175104K)] 382004K->330502K(699392K), 0.0219489 secs] [Times: user=0.21 sys=0.01, real=0.02 secs] 
2016-09-24T00:52:05.534-0400: 93.258: [GC (GCLocker Initiated GC) [PSYoungGen: 149458K->73772K(175104K)] 424962K->404095K(699392K), 0.0243191 secs] [Times: user=0.27 sys=0.01, real=0.03 secs] 
2016-09-24T00:52:05.665-0400: 93.389: [GC (Allocation Failure) [PSYoungGen: 161836K->67373K(175104K)] 492313K->410431K(699392K), 0.0117387 secs] [Times: user=0.10 sys=0.00, real=0.01 secs] 
2016-09-24T00:52:05.800-0400: 93.524: [GC (GCLocker Initiated GC) [PSYoungGen: 155437K->49212K(175104K)] 498503K->429019K(699392K), 0.0124092 secs] [Times: user=0.12 sys=0.00, real=0.01 secs] 
2016-09-24T00:52:05.926-0400: 93.650: [GC (GCLocker Initiated GC) [PSYoungGen: 137276K->61298K(175104K)] 529292K->453573K(699392K), 0.0178533 secs] [Times: user=0.17 sys=0.00, real=0.02 secs] 
2016-09-24T00:52:06.074-0400: 93.798: [GC (GCLocker Initiated GC) [PSYoungGen: 149362K->42945K(175104K)] 541998K->459961K(699392K), 0.0299908 secs] [Times: user=0.29 sys=0.00, real=0.04 secs] 
2016-09-24T00:52:06.218-0400: 93.942: [GC (Allocation Failure) [PSYoungGen: 131009K->73644K(175104K)] 548324K->509288K(699392K), 0.0100410 secs] [Times: user=0.10 sys=0.00, real=0.01 secs] 
2016-09-24T00:52:06.336-0400: 94.060: [GC (GCLocker Initiated GC) [PSYoungGen: 159942K->55287K(175104K)] 601661K->515522K(699392K), 0.0121422 secs] [Times: user=0.13 sys=0.01, real=0.01 secs] 
2016-09-24T00:52:06.348-0400: 94.072: [Full GC (Ergonomics) [PSYoungGen: 55287K->0K(175104K)] [ParOldGen: 460235K->47315K(524288K)] 515522K->47315K(699392K), [Metaspace: 44372K->44372K(1087488K)], 0.0559101 secs] [Times: user=0.33 sys=0.00, real=0.06 secs] 
2016-09-24T00:52:06.487-0400: 94.211: [GC (GCLocker Initiated GC) [PSYoungGen: 88064K->86078K(175104K)] 135745K->158060K(699392K), 0.0133695 secs] [Times: user=0.20 sys=0.00, real=0.01 secs] 
2016-09-24T00:52:06.611-0400: 94.335: [GC (GCLocker Initiated GC) [PSYoungGen: 174142K->80107K(175104K)] 246172K->183223K(699392K), 0.0103943 secs] [Times: user=0.11 sys=0.00, real=0.01 secs] 
2016-09-24T00:52:06.737-0400: 94.461: [GC (Allocation Failure) [PSYoungGen: 168171K->73316K(175104K)] 277696K->219730K(699392K), 0.0218595 secs] [Times: user=0.22 sys=0.00, real=0.02 secs] 
2016-09-24T00:52:06.885-0400: 94.609: [GC (Allocation Failure) [PSYoungGen: 157572K->43237K(175104K)] 303987K->220122K(699392K), 0.0113994 secs] [Times: user=0.11 sys=0.00, real=0.01 secs] 
2016-09-24T00:52:07.002-0400: 94.725: [GC (GCLocker Initiated GC) [PSYoungGen: 129435K->49212K(175104K)] 312395K->250648K(699392K), 0.0129233 secs] [Times: user=0.12 sys=0.00, real=0.02 secs] 
2016-09-24T00:52:07.108-0400: 94.831: [GC (GCLocker Initiated GC) [PSYoungGen: 137276K->85762K(175104K)] 338939K->299858K(699392K), 0.0198185 secs] [Times: user=0.18 sys=0.01, real=0.02 secs] 
2016-09-24T00:52:07.248-0400: 94.972: [GC (Allocation Failure) [PSYoungGen: 173826K->49308K(175104K)] 400292K->324986K(699392K), 0.0223508 secs] [Times: user=0.26 sys=0.00, real=0.02 secs] 
2016-09-24T00:52:07.382-0400: 95.106: [GC (GCLocker Initiated GC) [PSYoungGen: 137372K->55159K(175104K)] 413056K->331110K(699392K), 0.0075167 secs] [Times: user=0.06 sys=0.01, real=0.01 secs] 
2016-09-24T00:52:07.501-0400: 95.225: [GC (GCLocker Initiated GC) [PSYoungGen: 143223K->55515K(175104K)] 431579K->344146K(699392K), 0.0405380 secs] [Times: user=0.39 sys=0.00, real=0.04 secs] 
2016-09-24T00:52:07.667-0400: 95.391: [GC (GCLocker Initiated GC) [PSYoungGen: 143579K->55415K(175104K)] 438640K->368829K(699392K), 0.0204263 secs] [Times: user=0.25 sys=0.00, real=0.02 secs] 
2016-09-24T00:52:07.814-0400: 95.537: [GC (GCLocker Initiated GC) [PSYoungGen: 143479K->73644K(175104K)] 456985K->387229K(699392K), 0.0132951 secs] [Times: user=0.09 sys=0.01, real=0.02 secs] 
2016-09-24T00:52:07.933-0400: 95.657: [GC (GCLocker Initiated GC) [PSYoungGen: 161708K->67309K(175104K)] 475358K->393368K(699392K), 0.0157775 secs] [Times: user=0.13 sys=0.00, real=0.02 secs] 
2016-09-24T00:52:08.071-0400: 95.795: [GC (Allocation Failure) [PSYoungGen: 155373K->43105K(175104K)] 487671K->454638K(699392K), 0.0116954 secs] [Times: user=0.10 sys=0.00, real=0.02 secs] 
2016-09-24T00:52:08.203-0400: 95.927: [GC (GCLocker Initiated GC) [PSYoungGen: 131168K->61366K(175104K)] 542707K->473156K(699392K), 0.0418024 secs] [Times: user=0.41 sys=0.00, real=0.04 secs] 
2016-09-24T00:52:08.379-0400: 96.102: [GC (Allocation Failure) [PSYoungGen: 149430K->67369K(175104K)] 567538K->485769K(699392K), 0.0074776 secs] [Times: user=0.09 sys=0.00, real=0.01 secs] 
2016-09-24T00:52:08.492-0400: 96.216: [GC (GCLocker Initiated GC) [PSYoungGen: 155433K->67433K(175104K)] 573844K->534628K(699392K), 0.0119488 secs] [Times: user=0.18 sys=0.00, real=0.02 secs] 
2016-09-24T00:52:08.504-0400: 96.228: [Full GC (Ergonomics) [PSYoungGen: 67433K->0K(175104K)] [ParOldGen: 467195K->53363K(524288K)] 534628K->53363K(699392K), [Metaspace: 44372K->44372K(1087488K)], 0.0545791 secs] [Times: user=0.34 sys=0.00, real=0.05 secs] 
2016-09-24T00:52:08.663-0400: 96.386: [GC (GCLocker Initiated GC) [PSYoungGen: 88064K->86498K(175104K)] 147645K->146079K(699392K), 0.0168881 secs] [Times: user=0.20 sys=0.00, real=0.01 secs] 
2016-09-24T00:52:08.805-0400: 96.529: [GC (GCLocker Initiated GC) [PSYoungGen: 174562K->37386K(175104K)] 252684K->153269K(699392K), 0.0077743 secs] [Times: user=0.09 sys=0.00, real=0.00 secs] 
2016-09-24T00:52:08.930-0400: 96.654: [GC (GCLocker Initiated GC) [PSYoungGen: 125450K->61134K(175104K)] 241600K->177575K(699392K), 0.0219847 secs] [Times: user=0.21 sys=0.00, real=0.02 secs] 
2016-09-24T00:52:09.066-0400: 96.790: [GC (GCLocker Initiated GC) [PSYoungGen: 149198K->73672K(175104K)] 265877K->233012K(699392K), 0.0288412 secs] [Times: user=0.36 sys=0.00, real=0.03 secs] 
2016-09-24T00:52:09.209-0400: 96.933: [GC (GCLocker Initiated GC) [PSYoungGen: 161736K->67729K(175104K)] 321247K->263809K(699392K), 0.0131244 secs] [Times: user=0.14 sys=0.00, real=0.02 secs] 
2016-09-24T00:52:09.320-0400: 97.044: [GC (GCLocker Initiated GC) [PSYoungGen: 155793K->86182K(175104K)] 352234K->319405K(699392K), 0.0168603 secs] [Times: user=0.21 sys=0.00, real=0.02 secs] 
2016-09-24T00:52:09.460-0400: 97.184: [GC (Allocation Failure) [PSYoungGen: 174246K->49148K(175104K)] 413799K->325262K(699392K), 0.0099430 secs] [Times: user=0.08 sys=0.00, real=0.01 secs] 
2016-09-24T00:52:09.594-0400: 97.318: [GC (GCLocker Initiated GC) [PSYoungGen: 131196K->55579K(175104K)] 413385K->356121K(699392K), 0.0143464 secs] [Times: user=0.18 sys=0.00, real=0.01 secs] 
2016-09-24T00:52:09.713-0400: 97.437: [GC (GCLocker Initiated GC) [PSYoungGen: 143643K->55351K(175104K)] 444310K->386676K(699392K), 0.0100827 secs] [Times: user=0.09 sys=0.00, real=0.02 secs] 
2016-09-24T00:52:09.822-0400: 97.546: [GC (GCLocker Initiated GC) [PSYoungGen: 143415K->86086K(175104K)] 480844K->423627K(699392K), 0.0111359 secs] [Times: user=0.10 sys=0.00, real=0.01 secs] 
2016-09-24T00:52:09.923-0400: 97.647: [GC (GCLocker Initiated GC) [PSYoungGen: 174150K->73640K(175104K)] 511867K->423995K(699392K), 0.0147053 secs] [Times: user=0.16 sys=0.00, real=0.01 secs] 
2016-09-24T00:52:10.050-0400: 97.774: [GC (GCLocker Initiated GC) [PSYoungGen: 161704K->73708K(175104K)] 512358K->460916K(699392K), 0.0179748 secs] [Times: user=0.18 sys=0.01, real=0.02 secs] 
2016-09-24T00:52:10.209-0400: 97.933: [GC (GCLocker Initiated GC) [PSYoungGen: 161772K->61362K(175104K)] 549245K->479822K(699392K), 0.0114369 secs] [Times: user=0.12 sys=0.00, real=0.01 secs] 
2016-09-24T00:52:10.327-0400: 98.051: [GC (GCLocker Initiated GC) [PSYoungGen: 149426K->73644K(175104K)] 574176K->498662K(699392K), 0.0092547 secs] [Times: user=0.08 sys=0.00, real=0.01 secs] 
2016-09-24T00:52:10.459-0400: 98.183: [GC (GCLocker Initiated GC) [PSYoungGen: 161708K->61234K(175104K)] 587008K->493048K(699392K), 0.0351095 secs] [Times: user=0.39 sys=0.00, real=0.03 secs] 
2016-09-24T00:52:10.612-0400: 98.336: [GC (GCLocker Initiated GC) [PSYoungGen: 149298K->55323K(175104K)] 587342K->493618K(699392K), 0.0070760 secs] [Times: user=0.06 sys=0.00, real=0.01 secs] 
2016-09-24T00:52:10.729-0400: 98.453: [GC (GCLocker Initiated GC) [PSYoungGen: 143387K->61362K(175104K)] 587783K->524250K(699392K), 0.0093393 secs] [Times: user=0.07 sys=0.00, real=0.01 secs] 
2016-09-24T00:52:10.859-0400: 98.583: [Full GC (Ergonomics) [PSYoungGen: 149426K->0K(175104K)] [ParOldGen: 475315K->53949K(524288K)] 624741K->53949K(699392K), [Metaspace: 44373K->44373K(1087488K)], 0.0651411 secs] [Times: user=0.35 sys=0.02, real=0.07 secs] 
2016-09-24T00:52:11.039-0400: 98.762: [GC (GCLocker Initiated GC) [PSYoungGen: 82869K->80135K(175104K)] 142894K->140160K(699392K), 0.0163119 secs] [Times: user=0.17 sys=0.00, real=0.02 secs] 
2016-09-24T00:52:11.159-0400: 98.883: [GC (GCLocker Initiated GC) [PSYoungGen: 168199K->55351K(175104K)] 234598K->177300K(699392K), 0.0133385 secs] [Times: user=0.13 sys=0.00, real=0.01 secs] 
2016-09-24T00:52:11.309-0400: 99.033: [GC (GCLocker Initiated GC) [PSYoungGen: 143415K->19296K(175104K)] 283778K->159755K(699392K), 0.0117592 secs] [Times: user=0.10 sys=0.00, real=0.01 secs] 
2016-09-24T00:52:11.438-0400: 99.162: [GC (GCLocker Initiated GC) [PSYoungGen: 107359K->79683K(175104K)] 248179K->220958K(699392K), 0.0187319 secs] [Times: user=0.21 sys=0.01, real=0.02 secs] 
2016-09-24T00:52:11.560-0400: 99.284: [GC (GCLocker Initiated GC) [PSYoungGen: 167747K->30923K(175104K)] 309041K->202687K(699392K), 0.0089183 secs] [Times: user=0.04 sys=0.00, real=0.01 secs] 
2016-09-24T00:52:11.673-0400: 99.396: [GC (GCLocker Initiated GC) [PSYoungGen: 118987K->61430K(175104K)] 290764K->233466K(699392K), 0.0401761 secs] [Times: user=0.37 sys=0.00, real=0.04 secs] 
2016-09-24T00:52:11.822-0400: 99.546: [GC (GCLocker Initiated GC) [PSYoungGen: 149494K->79391K(175104K)] 321555K->270289K(699392K), 0.0141527 secs] [Times: user=0.12 sys=0.00, real=0.02 secs] 
2016-09-24T00:52:11.951-0400: 99.675: [GC (GCLocker Initiated GC) [PSYoungGen: 167455K->67569K(175104K)] 364503K->295103K(699392K), 0.0144809 secs] [Times: user=0.16 sys=0.00, real=0.02 secs] 
2016-09-24T00:52:12.071-0400: 99.795: [GC (GCLocker Initiated GC) [PSYoungGen: 155633K->85530K(175104K)] 383339K->331752K(699392K), 0.0153637 secs] [Times: user=0.12 sys=0.01, real=0.02 secs] 
2016-09-24T00:52:12.207-0400: 99.931: [GC (Allocation Failure) [PSYoungGen: 173594K->61818K(175104K)] 432063K->362948K(699392K), 0.0147956 secs] [Times: user=0.17 sys=0.00, real=0.01 secs] 
2016-09-24T00:52:12.313-0400: 100.037: [GC (GCLocker Initiated GC) [PSYoungGen: 149882K->79651K(175104K)] 451017K->393236K(699392K), 0.0119449 secs] [Times: user=0.12 sys=0.00, real=0.02 secs] 
2016-09-24T00:52:12.461-0400: 100.185: [GC (GCLocker Initiated GC) [PSYoungGen: 167715K->67273K(175104K)] 481616K->411817K(699392K), 0.0100970 secs] [Times: user=0.09 sys=0.00, real=0.01 secs] 
2016-09-24T00:52:12.613-0400: 100.337: [GC (GCLocker Initiated GC) [PSYoungGen: 155337K->85626K(175104K)] 506115K->448674K(699392K), 0.0290451 secs] [Times: user=0.34 sys=0.00, real=0.04 secs] 
2016-09-24T00:52:12.768-0400: 100.492: [GC (GCLocker Initiated GC) [PSYoungGen: 173690K->31054K(175104K)] 543258K->437192K(699392K), 0.0141947 secs] [Times: user=0.15 sys=0.01, real=0.01 secs] 
2016-09-24T00:52:12.872-0400: 100.596: [GC (GCLocker Initiated GC) [PSYoungGen: 119118K->55123K(175104K)] 525286K->479807K(699392K), 0.0138550 secs] [Times: user=0.20 sys=0.00, real=0.02 secs] 
2016-09-24T00:52:12.972-0400: 100.696: [GC (GCLocker Initiated GC) [PSYoungGen: 143187K->86118K(175104K)] 568109K->541534K(699392K), 0.0175970 secs] [Times: user=0.22 sys=0.00, real=0.02 secs] 
2016-09-24T00:52:13.117-0400: 100.841: [GC (GCLocker Initiated GC) [PSYoungGen: 174182K->37126K(175104K)] 641980K->541846K(699392K), 0.0113107 secs] [Times: user=0.12 sys=0.00, real=0.01 secs] 
2016-09-24T00:52:13.128-0400: 100.852: [Full GC (Ergonomics) [PSYoungGen: 37126K->0K(175104K)] [ParOldGen: 504719K->47904K(524288K)] 541846K->47904K(699392K), [Metaspace: 44374K->44374K(1087488K)], 0.0690217 secs] [Times: user=0.50 sys=0.00, real=0.07 secs] 
2016-09-24T00:52:13.294-0400: 101.018: [GC (GCLocker Initiated GC) [PSYoungGen: 88064K->86274K(175104K)] 136256K->158766K(699392K), 0.0130293 secs] [Times: user=0.17 sys=0.00, real=0.01 secs] 
2016-09-24T00:52:13.427-0400: 101.151: [GC (GCLocker Initiated GC) [PSYoungGen: 174338K->55351K(175104K)] 259001K->177019K(699392K), 0.0180877 secs] [Times: user=0.20 sys=0.00, real=0.02 secs] 
2016-09-24T00:52:13.563-0400: 101.287: [GC (GCLocker Initiated GC) [PSYoungGen: 143415K->36998K(175104K)] 271774K->165616K(699392K), 0.0059399 secs] [Times: user=0.03 sys=0.00, real=0.00 secs] 
2016-09-24T00:52:13.677-0400: 101.401: [GC (GCLocker Initiated GC) [PSYoungGen: 125062K->73740K(175104K)] 259808K->208606K(699392K), 0.0331204 secs] [Times: user=0.35 sys=0.01, real=0.03 secs] 
2016-09-24T00:52:13.826-0400: 101.550: [GC (GCLocker Initiated GC) [PSYoungGen: 161804K->61558K(175104K)] 296791K->227359K(699392K), 0.0105897 secs] [Times: user=0.09 sys=0.00, real=0.01 secs] 
2016-09-24T00:52:13.931-0400: 101.655: [GC (GCLocker Initiated GC) [PSYoungGen: 149622K->79683K(175104K)] 315784K->264206K(699392K), 0.0318840 secs] [Times: user=0.35 sys=0.00, real=0.04 secs] 
2016-09-24T00:52:14.103-0400: 101.827: [GC (Allocation Failure) [PSYoungGen: 167747K->55287K(175104K)] 358672K->276847K(699392K), 0.0148779 secs] [Times: user=0.18 sys=0.00, real=0.01 secs] 
2016-09-24T00:52:14.233-0400: 101.957: [GC (Allocation Failure) [PSYoungGen: 143351K->85658K(175104K)] 364911K->319667K(699392K), 0.0175321 secs] [Times: user=0.21 sys=0.00, real=0.02 secs] 
2016-09-24T00:52:14.346-0400: 102.070: [GC (GCLocker Initiated GC) [PSYoungGen: 168681K->55551K(175104K)] 408766K->295730K(699392K), 0.0149452 secs] [Times: user=0.15 sys=0.00, real=0.01 secs] 
2016-09-24T00:52:14.471-0400: 102.195: [GC (Allocation Failure) [PSYoungGen: 143615K->85790K(175104K)] 384043K->350998K(699392K), 0.0123845 secs] [Times: user=0.16 sys=0.00, real=0.02 secs] 
2016-09-24T00:52:14.484-0400: 102.208: [GC (GCLocker Initiated GC) [PSYoungGen: 85805K->32K(175104K)] 351013K->356751K(699392K), 0.0079738 secs] [Times: user=0.11 sys=0.00, real=0.00 secs] 
2016-09-24T00:52:14.608-0400: 102.332: [GC (GCLocker Initiated GC) [PSYoungGen: 87664K->85854K(175104K)] 450459K->472948K(699392K), 0.0124744 secs] [Times: user=0.16 sys=0.00, real=0.01 secs] 
2016-09-24T00:52:14.715-0400: 102.439: [GC (GCLocker Initiated GC) [PSYoungGen: 173918K->85986K(175104K)] 561284K->516224K(699392K), 0.0121373 secs] [Times: user=0.19 sys=0.00, real=0.01 secs] 
2016-09-24T00:52:14.869-0400: 102.593: [GC (GCLocker Initiated GC) [PSYoungGen: 174050K->37613K(175104K)] 622515K->522805K(699392K), 0.0237221 secs] [Times: user=0.26 sys=0.01, real=0.02 secs] 
2016-09-24T00:52:14.893-0400: 102.617: [Full GC (Ergonomics) [PSYoungGen: 37613K->0K(175104K)] [ParOldGen: 485191K->52058K(524288K)] 522805K->52058K(699392K), [Metaspace: 44383K->44383K(1087488K)], 0.0561338 secs] [Times: user=0.33 sys=0.00, real=0.06 secs] 
2016-09-24T00:52:15.078-0400: 102.802: [GC (GCLocker Initiated GC) [PSYoungGen: 88064K->85434K(175104K)] 146415K->149860K(699392K), 0.0141321 secs] [Times: user=0.13 sys=0.00, real=0.01 secs] 
2016-09-24T00:52:15.224-0400: 102.948: [GC (Allocation Failure) [PSYoungGen: 173498K->55223K(175104K)] 238761K->187399K(699392K), 0.0239931 secs] [Times: user=0.23 sys=0.00, real=0.02 secs] 
2016-09-24T00:52:15.371-0400: 103.095: [GC (GCLocker Initiated GC) [PSYoungGen: 140383K->79651K(175104K)] 278634K->218161K(699392K), 0.0121711 secs] [Times: user=0.09 sys=0.01, real=0.02 secs] 
2016-09-24T00:52:15.499-0400: 103.223: [GC (GCLocker Initiated GC) [PSYoungGen: 167715K->24944K(175104K)] 312354K->230616K(699392K), 0.0201322 secs] [Times: user=0.22 sys=0.00, real=0.02 secs] 
2016-09-24T00:52:15.632-0400: 103.356: [GC (Allocation Failure) [PSYoungGen: 113008K->43009K(175104K)] 319220K->267721K(699392K), 0.0319090 secs] [Times: user=0.32 sys=0.00, real=0.04 secs] 
2016-09-24T00:52:15.741-0400: 103.465: [GC (GCLocker Initiated GC) [PSYoungGen: 131073K->86018K(175104K)] 355791K->335500K(699392K), 0.0105719 secs] [Times: user=0.13 sys=0.01, real=0.01 secs] 
2016-09-24T00:52:15.877-0400: 103.601: [GC (GCLocker Initiated GC) [PSYoungGen: 174082K->49280K(175104K)] 423891K->347940K(699392K), 0.0334392 secs] [Times: user=0.27 sys=0.00, real=0.03 secs] 
2016-09-24T00:52:16.015-0400: 103.739: [GC (GCLocker Initiated GC) [PSYoungGen: 137344K->85790K(175104K)] 436096K->421120K(699392K), 0.0130165 secs] [Times: user=0.17 sys=0.01, real=0.01 secs] 
2016-09-24T00:52:16.119-0400: 103.843: [GC (GCLocker Initiated GC) [PSYoungGen: 173854K->61554K(175104K)] 509361K->494421K(699392K), 0.0141890 secs] [Times: user=0.18 sys=0.00, real=0.01 secs] 
2016-09-24T00:52:16.133-0400: 103.857: [Full GC (Ergonomics) [PSYoungGen: 61554K->0K(175104K)] [ParOldGen: 432867K->57973K(524288K)] 494421K->57973K(699392K), [Metaspace: 44383K->44383K(1087488K)], 0.1388028 secs] [Times: user=1.42 sys=0.02, real=0.14 secs] 
2016-09-24T00:52:16.374-0400: 104.098: [GC (Allocation Failure) [PSYoungGen: 88064K->86826K(175104K)] 146386K->151224K(699392K), 0.0132476 secs] [Times: user=0.17 sys=0.00, real=0.01 secs] 
2016-09-24T00:52:16.494-0400: 104.218: [GC (GCLocker Initiated GC) [PSYoungGen: 170008K->42973K(175104K)] 240481K->132794K(699392K), 0.0126778 secs] [Times: user=0.14 sys=0.00, real=0.01 secs] 
2016-09-24T00:52:16.618-0400: 104.342: [GC (GCLocker Initiated GC) [PSYoungGen: 131037K->73608K(175104K)] 227289K->169987K(699392K), 0.0135947 secs] [Times: user=0.18 sys=0.00, real=0.01 secs] 
2016-09-24T00:52:16.749-0400: 104.473: [GC (Allocation Failure) [PSYoungGen: 161672K->55711K(175104K)] 258407K->170938K(699392K), 0.0092824 secs] [Times: user=0.09 sys=0.00, real=0.01 secs] 
2016-09-24T00:52:16.880-0400: 104.604: [GC (GCLocker Initiated GC) [PSYoungGen: 143775K->61462K(175104K)] 259007K->188932K(699392K), 0.0182042 secs] [Times: user=0.15 sys=0.00, real=0.02 secs] 
2016-09-24T00:52:17.032-0400: 104.756: [GC (Allocation Failure) [PSYoungGen: 149526K->36770K(175104K)] 277072K->182792K(699392K), 0.0307659 secs] [Times: user=0.29 sys=0.00, real=0.04 secs] 
2016-09-24T00:52:17.158-0400: 104.882: [GC (GCLocker Initiated GC) [PSYoungGen: 124834K->85758K(175104K)] 270862K->262281K(699392K), 0.0216609 secs] [Times: user=0.20 sys=0.01, real=0.02 secs] 
2016-09-24T00:52:17.330-0400: 105.054: [GC (GCLocker Initiated GC) [PSYoungGen: 173822K->12893K(175104K)] 362615K->262548K(699392K), 0.0186784 secs] [Times: user=0.14 sys=0.00, real=0.02 secs] 
2016-09-24T00:52:17.465-0400: 105.189: [GC (GCLocker Initiated GC) [PSYoungGen: 100957K->42909K(175104K)] 356902K->329496K(699392K), 0.0276835 secs] [Times: user=0.24 sys=0.00, real=0.02 secs] 
2016-09-24T00:52:17.610-0400: 105.334: [GC (GCLocker Initiated GC) [PSYoungGen: 130973K->55451K(175104K)] 429724K->354306K(699392K), 0.0232480 secs] [Times: user=0.23 sys=0.00, real=0.02 secs] 
2016-09-24T00:52:17.723-0400: 105.447: [GC (GCLocker Initiated GC) [PSYoungGen: 143515K->79783K(175104K)] 442445K->385079K(699392K), 0.0104653 secs] [Times: user=0.08 sys=0.00, real=0.00 secs] 
2016-09-24T00:52:17.854-0400: 105.578: [GC (GCLocker Initiated GC) [PSYoungGen: 167847K->55419K(175104K)] 473263K->415613K(699392K), 0.0112623 secs] [Times: user=0.10 sys=0.00, real=0.02 secs] 
2016-09-24T00:52:17.969-0400: 105.693: [GC (GCLocker Initiated GC) [PSYoungGen: 143483K->73540K(175104K)] 503825K->452547K(699392K), 0.0341177 secs] [Times: user=0.39 sys=0.01, real=0.04 secs] 
2016-09-24T00:52:18.105-0400: 105.828: [GC (Allocation Failure) [PSYoungGen: 161604K->43237K(175104K)] 546979K->453016K(699392K), 0.0239444 secs] [Times: user=0.26 sys=0.01, real=0.02 secs] 
2016-09-24T00:52:18.260-0400: 105.984: [GC (GCLocker Initiated GC) [PSYoungGen: 131301K->73608K(175104K)] 541080K->483850K(699392K), 0.0076457 secs] [Times: user=0.10 sys=0.00, real=0.01 secs] 
2016-09-24T00:52:18.404-0400: 106.128: [GC (GCLocker Initiated GC) [PSYoungGen: 161672K->61818K(175104K)] 590337K->509032K(699392K), 0.0073820 secs] [Times: user=0.10 sys=0.00, real=0.00 secs] 
2016-09-24T00:52:18.526-0400: 106.250: [Full GC (Ergonomics) [PSYoungGen: 149882K->0K(175104K)] [ParOldGen: 453448K->52558K(524288K)] 603330K->52558K(699392K), [Metaspace: 44386K->44386K(1087488K)], 0.0586816 secs] [Times: user=0.35 sys=0.01, real=0.06 secs] 
2016-09-24T00:52:18.692-0400: 106.415: [GC (GCLocker Initiated GC) [PSYoungGen: 88064K->85982K(175104K)] 140703K->144696K(699392K), 0.0247314 secs] [Times: user=0.28 sys=0.00, real=0.03 secs] 
2016-09-24T00:52:18.808-0400: 106.532: [GC (GCLocker Initiated GC) [PSYoungGen: 174046K->73480K(175104K)] 238877K->181531K(699392K), 0.0102846 secs] [Times: user=0.10 sys=0.00, real=0.01 secs] 
2016-09-24T00:52:18.919-0400: 106.643: [GC (GCLocker Initiated GC) [PSYoungGen: 161544K->49376K(175104K)] 269643K->206351K(699392K), 0.0156550 secs] [Times: user=0.14 sys=0.00, real=0.02 secs] 
2016-09-24T00:52:19.051-0400: 106.775: [GC (GCLocker Initiated GC) [PSYoungGen: 137440K->43333K(175104K)] 306769K->249395K(699392K), 0.0208322 secs] [Times: user=0.22 sys=0.00, real=0.02 secs] 
2016-09-24T00:52:19.173-0400: 106.897: [GC (GCLocker Initiated GC) [PSYoungGen: 131397K->61522K(175104K)] 337519K->298334K(699392K), 0.0172890 secs] [Times: user=0.17 sys=0.01, real=0.02 secs] 
2016-09-24T00:52:19.316-0400: 107.040: [GC (GCLocker Initiated GC) [PSYoungGen: 149586K->61494K(175104K)] 392583K->322811K(699392K), 0.0095428 secs] [Times: user=0.08 sys=0.00, real=0.01 secs] 
2016-09-24T00:52:19.429-0400: 107.153: [GC (GCLocker Initiated GC) [PSYoungGen: 149558K->49244K(175104K)] 410923K->347498K(699392K), 0.0166192 secs] [Times: user=0.12 sys=0.01, real=0.02 secs] 
2016-09-24T00:52:19.549-0400: 107.273: [GC (GCLocker Initiated GC) [PSYoungGen: 137308K->79879K(175104K)] 441741K->445394K(699392K), 0.0276362 secs] [Times: user=0.28 sys=0.01, real=0.03 secs] 
2016-09-24T00:52:19.702-0400: 107.426: [GC (Allocation Failure) [PSYoungGen: 167943K->73868K(175104K)] 539877K->513122K(699392K), 0.0121613 secs] [Times: user=0.19 sys=0.00, real=0.01 secs] 
2016-09-24T00:52:19.714-0400: 107.438: [Full GC (Ergonomics) [PSYoungGen: 73868K->0K(175104K)] [ParOldGen: 439254K->52362K(524288K)] 513122K->52362K(699392K), [Metaspace: 44387K->44387K(1087488K)], 0.0591806 secs] [Times: user=0.47 sys=0.02, real=0.06 secs] 
2016-09-24T00:52:19.907-0400: 107.631: [GC (GCLocker Initiated GC) [PSYoungGen: 88027K->67401K(175104K)] 146464K->125838K(699392K), 0.0145602 secs] [Times: user=0.18 sys=0.01, real=0.01 secs] 
2016-09-24T00:52:20.018-0400: 107.742: [GC (GCLocker Initiated GC) [PSYoungGen: 155465K->55679K(175104K)] 220013K->187164K(699392K), 0.0183748 secs] [Times: user=0.19 sys=0.00, real=0.02 secs] 
2016-09-24T00:52:20.140-0400: 107.864: [GC (GCLocker Initiated GC) [PSYoungGen: 143743K->79943K(175104K)] 275409K->236413K(699392K), 0.0105818 secs] [Times: user=0.14 sys=0.00, real=0.01 secs] 
2016-09-24T00:52:20.274-0400: 107.998: [GC (GCLocker Initiated GC) [PSYoungGen: 168007K->55970K(175104K)] 330716K->273819K(699392K), 0.0115926 secs] [Times: user=0.14 sys=0.00, real=0.01 secs] 
2016-09-24T00:52:20.409-0400: 108.133: [GC (GCLocker Initiated GC) [PSYoungGen: 144034K->85822K(175104K)] 362064K->310054K(699392K), 0.0163944 secs] [Times: user=0.19 sys=0.00, real=0.02 secs] 
2016-09-24T00:52:20.523-0400: 108.247: [GC (GCLocker Initiated GC) [PSYoungGen: 173886K->55187K(175104K)] 398148K->322086K(699392K), 0.0096183 secs] [Times: user=0.12 sys=0.00, real=0.00 secs] 
2016-09-24T00:52:20.634-0400: 108.358: [GC (GCLocker Initiated GC) [PSYoungGen: 143251K->79915K(175104K)] 410511K->371610K(699392K), 0.0224716 secs] [Times: user=0.21 sys=0.01, real=0.02 secs] 
2016-09-24T00:52:20.759-0400: 108.483: [GC (GCLocker Initiated GC) [PSYoungGen: 167979K->61490K(175104K)] 459722K->420702K(699392K), 0.0105602 secs] [Times: user=0.13 sys=0.00, real=0.01 secs] 
2016-09-24T00:52:20.897-0400: 108.620: [GC (GCLocker Initiated GC) [PSYoungGen: 149554K->67501K(175104K)] 508847K->469462K(699392K), 0.0146756 secs] [Times: user=0.16 sys=0.00, real=0.01 secs] 
2016-09-24T00:52:21.048-0400: 108.772: [GC (GCLocker Initiated GC) [PSYoungGen: 155565K->43169K(175104K)] 563705K->457651K(699392K), 0.0158541 secs] [Times: user=0.16 sys=0.00, real=0.02 secs] 
2016-09-24T00:52:21.209-0400: 108.933: [GC (GCLocker Initiated GC) [PSYoungGen: 131233K->24912K(175104K)] 557914K->500492K(699392K), 0.0318669 secs] [Times: user=0.32 sys=0.01, real=0.03 secs] 
2016-09-24T00:52:21.241-0400: 108.965: [Full GC (Ergonomics) [PSYoungGen: 24912K->0K(175104K)] [ParOldGen: 475580K->46303K(524288K)] 500492K->46303K(699392K), [Metaspace: 44387K->44387K(1087488K)], 0.0564377 secs] [Times: user=0.30 sys=0.00, real=0.06 secs] 
2016-09-24T00:52:21.412-0400: 109.136: [GC (Allocation Failure) [PSYoungGen: 88064K->86014K(175104K)] 134504K->168904K(699392K), 0.0124077 secs] [Times: user=0.18 sys=0.00, real=0.02 secs] 
2016-09-24T00:52:21.533-0400: 109.257: [GC (GCLocker Initiated GC) [PSYoungGen: 174078K->79779K(175104K)] 256974K->260642K(699392K), 0.0150375 secs] [Times: user=0.24 sys=0.01, real=0.02 secs] 
2016-09-24T00:52:21.659-0400: 109.383: [GC (Allocation Failure) [PSYoungGen: 167843K->73836K(175104K)] 348972K->309775K(699392K), 0.0123329 secs] [Times: user=0.19 sys=0.00, real=0.01 secs] 
2016-09-24T00:52:21.779-0400: 109.502: [GC (GCLocker Initiated GC) [PSYoungGen: 161900K->73772K(175104K)] 397846K->310017K(699392K), 0.0109164 secs] [Times: user=0.16 sys=0.00, real=0.01 secs] 
2016-09-24T00:52:21.889-0400: 109.613: [GC (GCLocker Initiated GC) [PSYoungGen: 161836K->73608K(175104K)] 404512K->334824K(699392K), 0.0123054 secs] [Times: user=0.16 sys=0.00, real=0.01 secs] 
2016-09-24T00:52:22.026-0400: 109.750: [GC (Allocation Failure) [PSYoungGen: 161672K->55515K(175104K)] 423154K->335342K(699392K), 0.0165386 secs] [Times: user=0.15 sys=0.00, real=0.02 secs] 
2016-09-24T00:52:22.043-0400: 109.767: [GC (GCLocker Initiated GC) [PSYoungGen: 55524K->32K(175104K)] 335352K->335198K(699392K), 0.0086437 secs] [Times: user=0.07 sys=0.00, real=0.00 secs] 
2016-09-24T00:52:22.153-0400: 109.877: [GC (GCLocker Initiated GC) [PSYoungGen: 88096K->85758K(175104K)] 423263K->439150K(699392K), 0.0153606 secs] [Times: user=0.14 sys=0.00, real=0.02 secs] 
2016-09-24T00:52:22.279-0400: 110.003: [GC (GCLocker Initiated GC) [PSYoungGen: 173822K->43073K(175104K)] 527224K->487884K(699392K), 0.0322363 secs] [Times: user=0.34 sys=0.00, real=0.03 secs] 
2016-09-24T00:52:22.311-0400: 110.035: [Full GC (Ergonomics) [PSYoungGen: 43073K->0K(175104K)] [ParOldGen: 444811K->52368K(524288K)] 487884K->52368K(699392K), [Metaspace: 44387K->44387K(1087488K)], 0.0568451 secs] [Times: user=0.33 sys=0.02, real=0.06 secs] 
2016-09-24T00:52:22.493-0400: 110.217: [GC (GCLocker Initiated GC) [PSYoungGen: 88064K->68017K(175104K)] 158761K->138714K(699392K), 0.0140921 secs] [Times: user=0.17 sys=0.00, real=0.02 secs] 
2016-09-24T00:52:22.606-0400: 110.329: [GC (GCLocker Initiated GC) [PSYoungGen: 156081K->61686K(175104K)] 232901K->206090K(699392K), 0.0242364 secs] [Times: user=0.35 sys=0.01, real=0.02 secs] 
2016-09-24T00:52:22.721-0400: 110.445: [GC (GCLocker Initiated GC) [PSYoungGen: 149750K->85954K(175104K)] 294214K->267184K(699392K), 0.0115052 secs] [Times: user=0.16 sys=0.00, real=0.01 secs] 
2016-09-24T00:52:22.853-0400: 110.577: [GC (GCLocker Initiated GC) [PSYoungGen: 174018K->55191K(175104K)] 361600K->279654K(699392K), 0.0316624 secs] [Times: user=0.30 sys=0.00, real=0.04 secs] 
2016-09-24T00:52:23.007-0400: 110.731: [GC (GCLocker Initiated GC) [PSYoungGen: 143255K->85694K(175104K)] 368029K->328976K(699392K), 0.0113466 secs] [Times: user=0.10 sys=0.00, real=0.01 secs] 
2016-09-24T00:52:23.130-0400: 110.853: [GC (Allocation Failure) [PSYoungGen: 173758K->49376K(175104K)] 423274K->317385K(699392K), 0.0215254 secs] [Times: user=0.19 sys=0.00, real=0.02 secs] 
2016-09-24T00:52:23.255-0400: 110.979: [GC (GCLocker Initiated GC) [PSYoungGen: 137440K->49180K(175104K)] 411524K->359973K(699392K), 0.0301261 secs] [Times: user=0.32 sys=0.01, real=0.03 secs] 
2016-09-24T00:52:23.411-0400: 111.135: [GC (GCLocker Initiated GC) [PSYoungGen: 137244K->55191K(175104K)] 454222K->378331K(699392K), 0.0155546 secs] [Times: user=0.14 sys=0.00, real=0.02 secs] 
2016-09-24T00:52:23.528-0400: 111.252: [GC (Allocation Failure) [PSYoungGen: 143255K->67569K(175104K)] 466610K->433741K(699392K), 0.0120902 secs] [Times: user=0.12 sys=0.00, real=0.01 secs] 
2016-09-24T00:52:23.648-0400: 111.372: [GC (GCLocker Initiated GC) [PSYoungGen: 155633K->49376K(175104K)] 521806K->452430K(699392K), 0.0222857 secs] [Times: user=0.23 sys=0.01, real=0.02 secs] 
2016-09-24T00:52:23.821-0400: 111.545: [GC (GCLocker Initiated GC) [PSYoungGen: 137440K->61330K(175104K)] 546908K->476968K(699392K), 0.0232374 secs] [Times: user=0.22 sys=0.00, real=0.03 secs] 
2016-09-24T00:52:23.961-0400: 111.685: [GC (GCLocker Initiated GC) [PSYoungGen: 149394K->55319K(175104K)] 565136K->489586K(699392K), 0.0143996 secs] [Times: user=0.16 sys=0.00, real=0.02 secs] 
2016-09-24T00:52:24.093-0400: 111.817: [Full GC (Ergonomics) [PSYoungGen: 143383K->0K(175104K)] [ParOldGen: 452803K->58347K(524288K)] 596186K->58347K(699392K), [Metaspace: 44393K->44393K(1087488K)], 0.0669070 secs] [Times: user=0.46 sys=0.02, real=0.07 secs] 
2016-09-24T00:52:24.283-0400: 112.007: [GC (Allocation Failure) [PSYoungGen: 88064K->74324K(175104K)] 158900K->145168K(699392K), 0.0062678 secs] [Times: user=0.07 sys=0.00, real=0.00 secs] 
2016-09-24T00:52:24.404-0400: 112.128: [GC (GCLocker Initiated GC) [PSYoungGen: 162388K->85822K(175104K)] 233237K->199948K(699392K), 0.0126525 secs] [Times: user=0.16 sys=0.00, real=0.01 secs] 
2016-09-24T00:52:24.525-0400: 112.249: [GC (GCLocker Initiated GC) [PSYoungGen: 173886K->67501K(175104K)] 288233K->206267K(699392K), 0.0297309 secs] [Times: user=0.42 sys=0.01, real=0.03 secs] 
2016-09-24T00:52:24.674-0400: 112.398: [GC (GCLocker Initiated GC) [PSYoungGen: 155565K->55515K(175104K)] 300689K->255433K(699392K), 0.0121175 secs] [Times: user=0.12 sys=0.01, real=0.02 secs] 
2016-09-24T00:52:24.794-0400: 112.518: [GC (GCLocker Initiated GC) [PSYoungGen: 143579K->73804K(175104K)] 349838K->310917K(699392K), 0.0126108 secs] [Times: user=0.16 sys=0.00, real=0.02 secs] 
2016-09-24T00:52:24.917-0400: 112.641: [GC (GCLocker Initiated GC) [PSYoungGen: 161868K->37194K(175104K)] 417300K->310954K(699392K), 0.0068190 secs] [Times: user=0.04 sys=0.01, real=0.01 secs] 
2016-09-24T00:52:25.051-0400: 112.775: [GC (GCLocker Initiated GC) [PSYoungGen: 125258K->73416K(175104K)] 399255K->347493K(699392K), 0.0147650 secs] [Times: user=0.10 sys=0.00, real=0.02 secs] 
2016-09-24T00:52:25.170-0400: 112.894: [GC (GCLocker Initiated GC) [PSYoungGen: 161480K->67373K(175104K)] 435783K->353930K(699392K), 0.0103275 secs] [Times: user=0.08 sys=0.01, real=0.01 secs] 
2016-09-24T00:52:25.300-0400: 113.024: [GC (GCLocker Initiated GC) [PSYoungGen: 155437K->85758K(175104K)] 448099K->415162K(699392K), 0.0190449 secs] [Times: user=0.21 sys=0.00, real=0.02 secs] 
2016-09-24T00:52:25.437-0400: 113.161: [GC (GCLocker Initiated GC) [PSYoungGen: 173822K->85662K(175104K)] 503274K->445772K(699392K), 0.0117767 secs] [Times: user=0.14 sys=0.00, real=0.01 secs] 
2016-09-24T00:52:25.551-0400: 113.275: [GC (GCLocker Initiated GC) [PSYoungGen: 173726K->86150K(175104K)] 534202K->477301K(699392K), 0.0301494 secs] [Times: user=0.34 sys=0.00, real=0.03 secs] 
2016-09-24T00:52:25.688-0400: 113.412: [GC (GCLocker Initiated GC) [PSYoungGen: 174214K->61298K(175104K)] 565451K->477103K(699392K), 0.0177162 secs] [Times: user=0.17 sys=0.00, real=0.02 secs] 
2016-09-24T00:52:25.815-0400: 113.539: [GC (GCLocker Initiated GC) [PSYoungGen: 149362K->49280K(175104K)] 565339K->489824K(699392K), 0.0142596 secs] [Times: user=0.12 sys=0.00, real=0.01 secs] 
2016-09-24T00:52:25.931-0400: 113.655: [GC (GCLocker Initiated GC) [PSYoungGen: 137344K->85758K(175104K)] 578004K->526709K(699392K), 0.0179564 secs] [Times: user=0.25 sys=0.00, real=0.02 secs] 
2016-09-24T00:52:26.058-0400: 113.782: [GC (GCLocker Initiated GC) [PSYoungGen: 173822K->85986K(175104K)] 615023K->594319K(699392K), 0.0160593 secs] [Times: user=0.21 sys=0.00, real=0.02 secs] 
2016-09-24T00:52:26.074-0400: 113.798: [Full GC (Ergonomics) [PSYoungGen: 85986K->0K(175104K)] [ParOldGen: 508333K->52367K(524288K)] 594319K->52367K(699392K), [Metaspace: 44395K->44395K(1087488K)], 0.0543726 secs] [Times: user=0.31 sys=0.01, real=0.05 secs] 
2016-09-24T00:52:26.247-0400: 113.971: [GC (GCLocker Initiated GC) [PSYoungGen: 88064K->79939K(175104K)] 140731K->132606K(699392K), 0.0167486 secs] [Times: user=0.17 sys=0.01, real=0.02 secs] 
2016-09-24T00:52:26.372-0400: 114.096: [GC (GCLocker Initiated GC) [PSYoungGen: 168003K->67533K(175104K)] 220762K->157306K(699392K), 0.0090008 secs] [Times: user=0.10 sys=0.00, real=0.01 secs] 
2016-09-24T00:52:26.500-0400: 114.224: [GC (GCLocker Initiated GC) [PSYoungGen: 155597K->61654K(175104K)] 257729K->206634K(699392K), 0.0126673 secs] [Times: user=0.16 sys=0.00, real=0.01 secs] 
2016-09-24T00:52:26.639-0400: 114.363: [GC (GCLocker Initiated GC) [PSYoungGen: 149718K->61622K(175104K)] 301028K->237688K(699392K), 0.0097607 secs] [Times: user=0.11 sys=0.00, real=0.01 secs] 
2016-09-24T00:52:26.764-0400: 114.488: [GC (GCLocker Initiated GC) [PSYoungGen: 149686K->67373K(175104K)] 325934K->255898K(699392K), 0.0097293 secs] [Times: user=0.08 sys=0.00, real=0.00 secs] 
2016-09-24T00:52:26.879-0400: 114.603: [GC (Allocation Failure) [PSYoungGen: 155437K->67437K(175104K)] 344312K->286947K(699392K), 0.0184790 secs] [Times: user=0.17 sys=0.01, real=0.02 secs] 
2016-09-24T00:52:27.012-0400: 114.736: [GC (GCLocker Initiated GC) [PSYoungGen: 155501K->61522K(175104K)] 375016K->311704K(699392K), 0.0169199 secs] [Times: user=0.18 sys=0.00, real=0.02 secs] 
2016-09-24T00:52:27.144-0400: 114.868: [GC (GCLocker Initiated GC) [PSYoungGen: 149586K->73708K(175104K)] 406198K->330416K(699392K), 0.0125950 secs] [Times: user=0.11 sys=0.00, real=0.01 secs] 
2016-09-24T00:52:27.283-0400: 115.007: [GC (GCLocker Initiated GC) [PSYoungGen: 161772K->43301K(175104K)] 424792K->337127K(699392K), 0.0168467 secs] [Times: user=0.19 sys=0.00, real=0.01 secs] 
2016-09-24T00:52:27.409-0400: 115.133: [GC (GCLocker Initiated GC) [PSYoungGen: 131365K->55091K(175104K)] 431370K->373424K(699392K), 0.0089218 secs] [Times: user=0.06 sys=0.00, real=0.01 secs] 
2016-09-24T00:52:27.510-0400: 115.234: [GC (Allocation Failure) [PSYoungGen: 143155K->49312K(175104K)] 461586K->392163K(699392K), 0.0289945 secs] [Times: user=0.28 sys=0.00, real=0.03 secs] 
2016-09-24T00:52:27.649-0400: 115.373: [GC (GCLocker Initiated GC) [PSYoungGen: 137376K->85958K(175104K)] 480227K->453525K(699392K), 0.0201350 secs] [Times: user=0.20 sys=0.00, real=0.02 secs] 
2016-09-24T00:52:27.798-0400: 115.522: [GC (GCLocker Initiated GC) [PSYoungGen: 174022K->37581K(175104K)] 554089K->454570K(699392K), 0.0093917 secs] [Times: user=0.12 sys=0.00, real=0.01 secs] 
2016-09-24T00:52:27.924-0400: 115.648: [GC (GCLocker Initiated GC) [PSYoungGen: 125645K->37158K(175104K)] 549048K->460695K(699392K), 0.0150128 secs] [Times: user=0.16 sys=0.00, real=0.01 secs] 
2016-09-24T00:52:28.073-0400: 115.797: [GC (Allocation Failure) [PSYoungGen: 125222K->79491K(175104K)] 548857K->503214K(699392K), 0.0384034 secs] [Times: user=0.42 sys=0.00, real=0.04 secs] 
2016-09-24T00:52:28.241-0400: 115.964: [GC (GCLocker Initiated GC) [PSYoungGen: 166659K->61362K(175104K)] 596457K->552169K(699392K), 0.0360336 secs] [Times: user=0.38 sys=0.01, real=0.04 secs] 
2016-09-24T00:52:28.277-0400: 116.001: [Full GC (Ergonomics) [PSYoungGen: 61362K->0K(175104K)] [ParOldGen: 490807K->52417K(524288K)] 552169K->52417K(699392K), [Metaspace: 44402K->44402K(1087488K)], 0.0508975 secs] [Times: user=0.26 sys=0.00, real=0.05 secs] 
2016-09-24T00:52:28.450-0400: 116.174: [GC (GCLocker Initiated GC) [PSYoungGen: 88064K->85662K(175104K)] 146653K->156401K(699392K), 0.0335921 secs] [Times: user=0.33 sys=0.01, real=0.04 secs] 
2016-09-24T00:52:28.585-0400: 116.309: [GC (GCLocker Initiated GC) [PSYoungGen: 173726K->61326K(175104K)] 244514K->205477K(699392K), 0.0153673 secs] [Times: user=0.17 sys=0.00, real=0.01 secs] 
2016-09-24T00:52:28.692-0400: 116.416: [GC (GCLocker Initiated GC) [PSYoungGen: 149390K->74100K(175104K)] 299922K->255166K(699392K), 0.0175630 secs] [Times: user=0.23 sys=0.00, real=0.02 secs] 
2016-09-24T00:52:28.828-0400: 116.552: [GC (GCLocker Initiated GC) [PSYoungGen: 162164K->73612K(175104K)] 349369K->285689K(699392K), 0.0120538 secs] [Times: user=0.08 sys=0.00, real=0.01 secs] 
2016-09-24T00:52:28.945-0400: 116.669: [GC (GCLocker Initiated GC) [PSYoungGen: 161676K->55287K(175104K)] 373800K->292183K(699392K), 0.0102756 secs] [Times: user=0.09 sys=0.00, real=0.01 secs] 
2016-09-24T00:52:29.078-0400: 116.802: [GC (GCLocker Initiated GC) [PSYoungGen: 143351K->55647K(175104K)] 380462K->347733K(699392K), 0.0296593 secs] [Times: user=0.31 sys=0.00, real=0.03 secs] 
2016-09-24T00:52:29.209-0400: 116.933: [GC (GCLocker Initiated GC) [PSYoungGen: 143711K->73576K(175104K)] 448111K->408994K(699392K), 0.0101493 secs] [Times: user=0.12 sys=0.01, real=0.01 secs] 
2016-09-24T00:52:29.332-0400: 117.056: [GC (GCLocker Initiated GC) [PSYoungGen: 161640K->55187K(175104K)] 497094K->427227K(699392K), 0.0255614 secs] [Times: user=0.33 sys=0.00, real=0.03 secs] 
2016-09-24T00:52:29.442-0400: 117.166: [GC (GCLocker Initiated GC) [PSYoungGen: 143251K->86018K(175104K)] 515472K->494809K(699392K), 0.0109133 secs] [Times: user=0.12 sys=0.00, real=0.00 secs] 
2016-09-24T00:52:29.550-0400: 117.274: [GC (GCLocker Initiated GC) [PSYoungGen: 174082K->67373K(175104K)] 582959K->494766K(699392K), 0.0109724 secs] [Times: user=0.10 sys=0.00, real=0.01 secs] 
2016-09-24T00:52:29.704-0400: 117.428: [GC (GCLocker Initiated GC) [PSYoungGen: 155437K->19000K(175104K)] 601220K->501329K(699392K), 0.0131426 secs] [Times: user=0.16 sys=0.00, real=0.01 secs] 
2016-09-24T00:52:29.717-0400: 117.441: [Full GC (Ergonomics) [PSYoungGen: 19000K->0K(175104K)] [ParOldGen: 482328K->46315K(524288K)] 501329K->46315K(699392K), [Metaspace: 44402K->44402K(1087488K)], 0.0637778 secs] [Times: user=0.47 sys=0.00, real=0.06 secs] 
2016-09-24T00:52:29.896-0400: 117.620: [GC (GCLocker Initiated GC) [PSYoungGen: 88064K->85822K(175104K)] 140496K->156479K(699392K), 0.0162763 secs] [Times: user=0.20 sys=0.00, real=0.01 secs] 
2016-09-24T00:52:30.046-0400: 117.770: [GC (GCLocker Initiated GC) [PSYoungGen: 173886K->55255K(175104K)] 250711K->174888K(699392K), 0.0197490 secs] [Times: user=0.19 sys=0.01, real=0.02 secs] 
2016-09-24T00:52:30.205-0400: 117.928: [GC (Allocation Failure) [PSYoungGen: 143319K->43365K(175104K)] 269180K->218086K(699392K), 0.0264292 secs] [Times: user=0.27 sys=0.00, real=0.02 secs] 
2016-09-24T00:52:30.328-0400: 118.051: [GC (GCLocker Initiated GC) [PSYoungGen: 131429K->85954K(175104K)] 306161K->279210K(699392K), 0.0183920 secs] [Times: user=0.19 sys=0.01, real=0.02 secs] 
2016-09-24T00:52:30.457-0400: 118.181: [GC (GCLocker Initiated GC) [PSYoungGen: 174018K->43365K(175104K)] 373571K->297713K(699392K), 0.0273715 secs] [Times: user=0.29 sys=0.00, real=0.03 secs] 
2016-09-24T00:52:30.579-0400: 118.303: [GC (GCLocker Initiated GC) [PSYoungGen: 131429K->85758K(175104K)] 385874K->364811K(699392K), 0.0208977 secs] [Times: user=0.28 sys=0.00, real=0.02 secs] 
2016-09-24T00:52:30.708-0400: 118.432: [GC (GCLocker Initiated GC) [PSYoungGen: 173822K->61462K(175104K)] 453073K->365312K(699392K), 0.0095014 secs] [Times: user=0.09 sys=0.00, real=0.01 secs] 
2016-09-24T00:52:30.830-0400: 118.554: [GC (GCLocker Initiated GC) [PSYoungGen: 149526K->79715K(175104K)] 453435K->402296K(699392K), 0.0135697 secs] [Times: user=0.14 sys=0.01, real=0.02 secs] 
2016-09-24T00:52:30.954-0400: 118.678: [GC (GCLocker Initiated GC) [PSYoungGen: 167779K->43365K(175104K)] 490389K->439018K(699392K), 0.0107085 secs] [Times: user=0.10 sys=0.00, real=0.01 secs] 
2016-09-24T00:52:31.080-0400: 118.804: [GC (Allocation Failure) [PSYoungGen: 131429K->55323K(175104K)] 527437K->451559K(699392K), 0.0195011 secs] [Times: user=0.23 sys=0.00, real=0.02 secs] 
2016-09-24T00:52:31.219-0400: 118.943: [GC (GCLocker Initiated GC) [PSYoungGen: 142382K->85598K(175104K)] 544694K->487997K(699392K), 0.0102618 secs] [Times: user=0.09 sys=0.00, real=0.01 secs] 
2016-09-24T00:52:31.342-0400: 119.066: [GC (GCLocker Initiated GC) [PSYoungGen: 173662K->37158K(175104K)] 582284K->482381K(699392K), 0.0084281 secs] [Times: user=0.11 sys=0.00, real=0.01 secs] 
2016-09-24T00:52:31.469-0400: 119.193: [GC (GCLocker Initiated GC) [PSYoungGen: 125222K->86018K(175104K)] 570755K->537934K(699392K), 0.0135279 secs] [Times: user=0.17 sys=0.01, real=0.02 secs] 
2016-09-24T00:52:31.482-0400: 119.206: [Full GC (Ergonomics) [PSYoungGen: 86018K->0K(175104K)] [ParOldGen: 451916K->52827K(524288K)] 537934K->52827K(699392K), [Metaspace: 44407K->44407K(1087488K)], 0.0564610 secs] [Times: user=0.46 sys=0.01, real=0.05 secs] 
2016-09-24T00:52:31.673-0400: 119.397: [GC (GCLocker Initiated GC) [PSYoungGen: 88064K->85822K(175104K)] 153129K->169112K(699392K), 0.0132715 secs] [Times: user=0.18 sys=0.00, real=0.02 secs] 
2016-09-24T00:52:31.808-0400: 119.532: [GC (GCLocker Initiated GC) [PSYoungGen: 173886K->43201K(175104K)] 263681K->206415K(699392K), 0.0106606 secs] [Times: user=0.15 sys=0.00, real=0.01 secs] 
2016-09-24T00:52:31.932-0400: 119.656: [GC (GCLocker Initiated GC) [PSYoungGen: 131265K->55127K(175104K)] 300651K->236907K(699392K), 0.0182552 secs] [Times: user=0.17 sys=0.00, real=0.02 secs] 
2016-09-24T00:52:32.083-0400: 119.807: [GC (GCLocker Initiated GC) [PSYoungGen: 143191K->55191K(175104K)] 331182K->285975K(699392K), 0.0153368 secs] [Times: user=0.12 sys=0.00, real=0.01 secs] 
2016-09-24T00:52:32.208-0400: 119.932: [GC (GCLocker Initiated GC) [PSYoungGen: 143255K->67405K(175104K)] 374299K->298520K(699392K), 0.0354153 secs] [Times: user=0.36 sys=0.00, real=0.04 secs] 
2016-09-24T00:52:32.349-0400: 120.073: [GC (GCLocker Initiated GC) [PSYoungGen: 155469K->61622K(175104K)] 386688K->329418K(699392K), 0.0143219 secs] [Times: user=0.15 sys=0.00, real=0.02 secs] 
2016-09-24T00:52:32.456-0400: 120.180: [GC (GCLocker Initiated GC) [PSYoungGen: 149686K->67373K(175104K)] 417547K->359801K(699392K), 0.0099582 secs] [Times: user=0.09 sys=0.00, real=0.01 secs] 
2016-09-24T00:52:32.587-0400: 120.311: [GC (GCLocker Initiated GC) [PSYoungGen: 155437K->49116K(175104K)] 447952K->360132K(699392K), 0.0090039 secs] [Times: user=0.08 sys=0.00, real=0.01 secs] 
2016-09-24T00:52:32.676-0400: 120.400: [GC (GCLocker Initiated GC) [PSYoungGen: 137180K->85790K(175104K)] 454498K->458255K(699392K), 0.0110389 secs] [Times: user=0.14 sys=0.00, real=0.01 secs] 
2016-09-24T00:52:32.806-0400: 120.530: [GC (GCLocker Initiated GC) [PSYoungGen: 173854K->55383K(175104K)] 552398K->458486K(699392K), 0.0103970 secs] [Times: user=0.08 sys=0.00, real=0.01 secs] 
2016-09-24T00:52:32.954-0400: 120.678: [GC (GCLocker Initiated GC) [PSYoungGen: 143447K->55159K(175104K)] 546592K->458408K(699392K), 0.0118906 secs] [Times: user=0.07 sys=0.00, real=0.02 secs] 
2016-09-24T00:52:33.089-0400: 120.813: [GC (GCLocker Initiated GC) [PSYoungGen: 143223K->67273K(175104K)] 546491K->501207K(699392K), 0.0128757 secs] [Times: user=0.13 sys=0.00, real=0.01 secs] 
2016-09-24T00:52:33.205-0400: 120.929: [GC (GCLocker Initiated GC) [PSYoungGen: 155337K->61330K(175104K)] 595411K->525807K(699392K), 0.0216180 secs] [Times: user=0.21 sys=0.00, real=0.02 secs] 
2016-09-24T00:52:33.226-0400: 120.950: [Full GC (Ergonomics) [PSYoungGen: 61330K->0K(175104K)] [ParOldGen: 464477K->52775K(524288K)] 525807K->52775K(699392K), [Metaspace: 44407K->44407K(1087488K)], 0.0558317 secs] [Times: user=0.29 sys=0.02, real=0.06 secs] 
2016-09-24T00:52:33.416-0400: 121.140: [GC (Allocation Failure) [PSYoungGen: 88064K->86570K(175104K)] 153333K->157914K(699392K), 0.0156081 secs] [Times: user=0.20 sys=0.00, real=0.01 secs] 
2016-09-24T00:52:33.535-0400: 121.259: [GC (GCLocker Initiated GC) [PSYoungGen: 174634K->61522K(175104K)] 245983K->176132K(699392K), 0.0140192 secs] [Times: user=0.16 sys=0.01, real=0.01 secs] 
2016-09-24T00:52:33.664-0400: 121.388: [GC (GCLocker Initiated GC) [PSYoungGen: 149586K->73804K(175104K)] 270537K->213115K(699392K), 0.0175299 secs] [Times: user=0.23 sys=0.00, real=0.01 secs] 
2016-09-24T00:52:33.812-0400: 121.536: [GC (Allocation Failure) [PSYoungGen: 161868K->61266K(175104K)] 301221K->219275K(699392K), 0.0125518 secs] [Times: user=0.10 sys=0.00, real=0.02 secs] 
2016-09-24T00:52:33.930-0400: 121.654: [GC (GCLocker Initiated GC) [PSYoungGen: 149330K->37258K(175104K)] 307345K->268449K(699392K), 0.0328990 secs] [Times: user=0.31 sys=0.00, real=0.04 secs] 
2016-09-24T00:52:34.074-0400: 121.798: [GC (GCLocker Initiated GC) [PSYoungGen: 125322K->85790K(175104K)] 356677K->353919K(699392K), 0.0170562 secs] [Times: user=0.19 sys=0.00, real=0.01 secs] 
2016-09-24T00:52:34.207-0400: 121.930: [GC (GCLocker Initiated GC) [PSYoungGen: 173854K->73708K(175104K)] 442344K->360510K(699392K), 0.0178498 secs] [Times: user=0.21 sys=0.00, real=0.02 secs] 
2016-09-24T00:52:34.330-0400: 122.054: [GC (GCLocker Initiated GC) [PSYoungGen: 161772K->55255K(175104K)] 461029K->373005K(699392K), 0.0175052 secs] [Times: user=0.18 sys=0.00, real=0.02 secs] 
2016-09-24T00:52:34.449-0400: 122.173: [GC (GCLocker Initiated GC) [PSYoungGen: 143319K->49084K(175104K)] 461088K->385158K(699392K), 0.0139343 secs] [Times: user=0.10 sys=0.01, real=0.02 secs] 
2016-09-24T00:52:34.566-0400: 122.290: [GC (Allocation Failure) [PSYoungGen: 137148K->42977K(175104K)] 473269K->403673K(699392K), 0.0087362 secs] [Times: user=0.07 sys=0.00, real=0.01 secs] 
2016-09-24T00:52:34.680-0400: 122.404: [GC (GCLocker Initiated GC) [PSYoungGen: 128036K->73576K(175104K)] 494808K->452945K(699392K), 0.0327220 secs] [Times: user=0.37 sys=0.00, real=0.03 secs] 
2016-09-24T00:52:34.833-0400: 122.557: [GC (Allocation Failure) [PSYoungGen: 161640K->85594K(175104K)] 541230K->483528K(699392K), 0.0099467 secs] [Times: user=0.11 sys=0.00, real=0.02 secs] 
2016-09-24T00:52:34.945-0400: 122.669: [GC (GCLocker Initiated GC) [PSYoungGen: 173658K->73740K(175104K)] 571593K->520411K(699392K), 0.0179581 secs] [Times: user=0.23 sys=0.00, real=0.02 secs] 
2016-09-24T00:52:35.072-0400: 122.796: [GC (Allocation Failure) [PSYoungGen: 161804K->61266K(175104K)] 608623K->544818K(699392K), 0.0260458 secs] [Times: user=0.27 sys=0.00, real=0.03 secs] 
2016-09-24T00:52:35.098-0400: 122.822: [Full GC (Ergonomics) [PSYoungGen: 61266K->0K(175104K)] [ParOldGen: 483552K->47259K(524288K)] 544818K->47259K(699392K), [Metaspace: 44409K->44409K(1087488K)], 0.0549570 secs] [Times: user=0.30 sys=0.01, real=0.05 secs] 
2016-09-24T00:52:35.269-0400: 122.993: [GC (GCLocker Initiated GC) [PSYoungGen: 86205K->73900K(175104K)] 139539K->127234K(699392K), 0.0321741 secs] [Times: user=0.38 sys=0.00, real=0.03 secs] 
2016-09-24T00:52:35.420-0400: 123.144: [GC (Allocation Failure) [PSYoungGen: 161964K->73544K(175104K)] 215608K->152168K(699392K), 0.0120014 secs] [Times: user=0.10 sys=0.00, real=0.01 secs] 
2016-09-24T00:52:35.546-0400: 123.270: [GC (Allocation Failure) [PSYoungGen: 158765K->24912K(175104K)] 237389K->158346K(699392K), 0.0452982 secs] [Times: user=0.46 sys=0.00, real=0.04 secs] 
2016-09-24T00:52:35.687-0400: 123.411: [GC (GCLocker Initiated GC) [PSYoungGen: 107102K->55159K(175104K)] 246612K->194944K(699392K), 0.0159112 secs] [Times: user=0.16 sys=0.00, real=0.02 secs] 
2016-09-24T00:52:35.849-0400: 123.573: [GC (GCLocker Initiated GC) [PSYoungGen: 143223K->67533K(175104K)] 295227K->256263K(699392K), 0.0213618 secs] [Times: user=0.22 sys=0.00, real=0.02 secs] 
2016-09-24T00:52:35.961-0400: 123.685: [GC (GCLocker Initiated GC) [PSYoungGen: 155597K->55387K(175104K)] 344391K->268765K(699392K), 0.0175032 secs] [Times: user=0.14 sys=0.00, real=0.02 secs] 
2016-09-24T00:52:36.084-0400: 123.808: [GC (Allocation Failure) [PSYoungGen: 143451K->67533K(175104K)] 362967K->311649K(699392K), 0.0238629 secs] [Times: user=0.27 sys=0.00, real=0.02 secs] 
2016-09-24T00:52:36.214-0400: 123.938: [GC (GCLocker Initiated GC) [PSYoungGen: 155597K->61686K(175104K)] 399718K->324300K(699392K), 0.0234187 secs] [Times: user=0.26 sys=0.01, real=0.03 secs] 
2016-09-24T00:52:36.337-0400: 124.061: [GC (GCLocker Initiated GC) [PSYoungGen: 149750K->85630K(175104K)] 412383K->372682K(699392K), 0.0155104 secs] [Times: user=0.16 sys=0.00, real=0.01 secs] 
2016-09-24T00:52:36.476-0400: 124.200: [GC (GCLocker Initiated GC) [PSYoungGen: 173694K->73640K(175104K)] 466852K->439990K(699392K), 0.0127584 secs] [Times: user=0.15 sys=0.00, real=0.01 secs] 
2016-09-24T00:52:36.606-0400: 124.330: [GC (GCLocker Initiated GC) [PSYoungGen: 161704K->61362K(175104K)] 534394K->434336K(699392K), 0.0107840 secs] [Times: user=0.12 sys=0.00, real=0.01 secs] 
2016-09-24T00:52:36.716-0400: 124.440: [GC (GCLocker Initiated GC) [PSYoungGen: 149426K->73508K(175104K)] 522598K->465229K(699392K), 0.0223242 secs] [Times: user=0.31 sys=0.00, real=0.02 secs] 
2016-09-24T00:52:36.857-0400: 124.581: [GC (GCLocker Initiated GC) [PSYoungGen: 161572K->85826K(175104K)] 553374K->526363K(699392K), 0.0179379 secs] [Times: user=0.22 sys=0.00, real=0.02 secs] 
2016-09-24T00:52:36.995-0400: 124.719: [GC (GCLocker Initiated GC) [PSYoungGen: 173890K->55319K(175104K)] 614593K->557056K(699392K), 0.0173853 secs] [Times: user=0.21 sys=0.00, real=0.01 secs] 
2016-09-24T00:52:37.013-0400: 124.737: [Full GC (Ergonomics) [PSYoungGen: 55319K->0K(175104K)] [ParOldGen: 501737K->41227K(524288K)] 557056K->41227K(699392K), [Metaspace: 44410K->44410K(1087488K)], 0.0516902 secs] [Times: user=0.36 sys=0.00, real=0.06 secs] 
2016-09-24T00:52:37.158-0400: 124.882: [GC (GCLocker Initiated GC) [PSYoungGen: 88064K->85822K(175104K)] 129333K->163541K(699392K), 0.0110397 secs] [Times: user=0.15 sys=0.00, real=0.01 secs] 
2016-09-24T00:52:37.280-0400: 125.004: [GC (GCLocker Initiated GC) [PSYoungGen: 173886K->85854K(175104K)] 251692K->242935K(699392K), 0.0150221 secs] [Times: user=0.20 sys=0.01, real=0.02 secs] 
2016-09-24T00:52:37.412-0400: 125.136: [GC (GCLocker Initiated GC) [PSYoungGen: 173918K->61458K(175104K)] 337182K->255389K(699392K), 0.0101408 secs] [Times: user=0.11 sys=0.00, real=0.02 secs] 
2016-09-24T00:52:37.531-0400: 125.255: [GC (GCLocker Initiated GC) [PSYoungGen: 149522K->67565K(175104K)] 343713K->280288K(699392K), 0.0132307 secs] [Times: user=0.16 sys=0.00, real=0.02 secs] 
2016-09-24T00:52:37.661-0400: 125.384: [GC (GCLocker Initiated GC) [PSYoungGen: 155629K->79943K(175104K)] 368373K->311212K(699392K), 0.0103765 secs] [Times: user=0.13 sys=0.00, real=0.01 secs] 
2016-09-24T00:52:37.787-0400: 125.511: [GC (Allocation Failure) [PSYoungGen: 168007K->67501K(175104K)] 399330K->341656K(699392K), 0.0200597 secs] [Times: user=0.21 sys=0.01, real=0.02 secs] 
2016-09-24T00:52:37.808-0400: 125.532: [GC (GCLocker Initiated GC) [PSYoungGen: 68289K->160K(175104K)] 342445K->371868K(699392K), 0.0080964 secs] [Times: user=0.09 sys=0.00, real=0.01 secs] 
2016-09-24T00:52:37.905-0400: 125.629: [GC (GCLocker Initiated GC) [PSYoungGen: 88224K->86242K(175104K)] 459938K->464039K(699392K), 0.0082665 secs] [Times: user=0.09 sys=0.00, real=0.00 secs] 
2016-09-24T00:52:38.048-0400: 125.772: [GC (GCLocker Initiated GC) [PSYoungGen: 174306K->43109K(175104K)] 558371K->451981K(699392K), 0.0099110 secs] [Times: user=0.06 sys=0.00, real=0.01 secs] 
2016-09-24T00:52:38.186-0400: 125.910: [GC (GCLocker Initiated GC) [PSYoungGen: 131173K->55515K(175104K)] 540395K->483401K(699392K), 0.0092533 secs] [Times: user=0.10 sys=0.00, real=0.01 secs] 
2016-09-24T00:52:38.300-0400: 126.024: [Full GC (Ergonomics) [PSYoungGen: 143579K->0K(175104K)] [ParOldGen: 434650K->52701K(524288K)] 578229K->52701K(699392K), [Metaspace: 44411K->44411K(1087488K)], 0.0671454 secs] [Times: user=0.43 sys=0.00, real=0.07 secs] 
2016-09-24T00:52:38.462-0400: 126.185: [GC (GCLocker Initiated GC) [PSYoungGen: 88064K->86570K(175104K)] 147195K->151776K(699392K), 0.0114152 secs] [Times: user=0.13 sys=0.00, real=0.01 secs] 
2016-09-24T00:52:38.607-0400: 126.331: [GC (GCLocker Initiated GC) [PSYoungGen: 174634K->55159K(175104K)] 239888K->151608K(699392K), 0.0212175 secs] [Times: user=0.17 sys=0.01, real=0.02 secs] 
2016-09-24T00:52:38.713-0400: 126.437: [GC (GCLocker Initiated GC) [PSYoungGen: 143223K->67501K(175104K)] 239831K->188521K(699392K), 0.0099747 secs] [Times: user=0.10 sys=0.00, real=0.02 secs] 
2016-09-24T00:52:38.837-0400: 126.561: [GC (GCLocker Initiated GC) [PSYoungGen: 155563K->79587K(175104K)] 276945K->268084K(699392K), 0.0148531 secs] [Times: user=0.16 sys=0.00, real=0.01 secs] 
2016-09-24T00:52:38.971-0400: 126.695: [GC (Allocation Failure) [PSYoungGen: 167651K->55355K(175104K)] 356326K->244298K(699392K), 0.0087087 secs] [Times: user=0.08 sys=0.00, real=0.01 secs] 
2016-09-24T00:52:39.090-0400: 126.814: [GC (GCLocker Initiated GC) [PSYoungGen: 143236K->61266K(175104K)] 338254K->274776K(699392K), 0.0326301 secs] [Times: user=0.28 sys=0.00, real=0.04 secs] 
2016-09-24T00:52:39.249-0400: 126.973: [GC (GCLocker Initiated GC) [PSYoungGen: 149327K->55675K(175104K)] 375342K->300035K(699392K), 0.0103445 secs] [Times: user=0.11 sys=0.00, real=0.01 secs] 
2016-09-24T00:52:39.406-0400: 127.130: [GC (GCLocker Initiated GC) [PSYoungGen: 143739K->55775K(175104K)] 400560K->313075K(699392K), 0.0190920 secs] [Times: user=0.27 sys=0.00, real=0.02 secs] 
2016-09-24T00:52:39.543-0400: 127.267: [GC (GCLocker Initiated GC) [PSYoungGen: 143839K->67665K(175104K)] 407252K->349406K(699392K), 0.0153709 secs] [Times: user=0.15 sys=0.00, real=0.01 secs] 
2016-09-24T00:52:39.671-0400: 127.395: [GC (GCLocker Initiated GC) [PSYoungGen: 155729K->30923K(175104K)] 437668K->367805K(699392K), 0.0207276 secs] [Times: user=0.18 sys=0.00, real=0.02 secs] 
2016-09-24T00:52:39.803-0400: 127.527: [GC (GCLocker Initiated GC) [PSYoungGen: 118987K->55159K(175104K)] 461957K->404456K(699392K), 0.0175420 secs] [Times: user=0.16 sys=0.00, real=0.01 secs] 
2016-09-24T00:52:39.918-0400: 127.642: [GC (GCLocker Initiated GC) [PSYoungGen: 143223K->55515K(175104K)] 498681K->471999K(699392K), 0.0142966 secs] [Times: user=0.13 sys=0.00, real=0.01 secs] 
2016-09-24T00:52:40.049-0400: 127.773: [GC (GCLocker Initiated GC) [PSYoungGen: 143579K->67701K(175104K)] 566192K->508798K(699392K), 0.0260696 secs] [Times: user=0.24 sys=0.00, real=0.03 secs] 
2016-09-24T00:52:40.075-0400: 127.799: [Full GC (Ergonomics) [PSYoungGen: 67701K->0K(175104K)] [ParOldGen: 441097K->46736K(524288K)] 508798K->46736K(699392K), [Metaspace: 44414K->44414K(1087488K)], 0.0574341 secs] [Times: user=0.29 sys=0.01, real=0.05 secs] 
2016-09-24T00:52:40.254-0400: 127.978: [GC (GCLocker Initiated GC) [PSYoungGen: 88064K->86178K(175104K)] 140905K->139019K(699392K), 0.0087955 secs] [Times: user=0.09 sys=0.00, real=0.02 secs] 
2016-09-24T00:52:40.402-0400: 128.126: [GC (GCLocker Initiated GC) [PSYoungGen: 174242K->19064K(175104K)] 239515K->145627K(699392K), 0.0343709 secs] [Times: user=0.33 sys=0.00, real=0.04 secs] 
2016-09-24T00:52:40.522-0400: 128.246: [GC (GCLocker Initiated GC) [PSYoungGen: 107128K->79555K(175104K)] 233940K->231138K(699392K), 0.0165667 secs] [Times: user=0.15 sys=0.01, real=0.01 secs] 
2016-09-24T00:52:40.641-0400: 128.365: [GC (GCLocker Initiated GC) [PSYoungGen: 167619K->67729K(175104K)] 319272K->292410K(699392K), 0.0123620 secs] [Times: user=0.13 sys=0.00, real=0.01 secs] 
2016-09-24T00:52:40.773-0400: 128.497: [GC (GCLocker Initiated GC) [PSYoungGen: 155793K->61198K(175104K)] 386849K->328987K(699392K), 0.0086625 secs] [Times: user=0.10 sys=0.00, real=0.01 secs] 
2016-09-24T00:52:40.905-0400: 128.629: [GC (GCLocker Initiated GC) [PSYoungGen: 149262K->61366K(175104K)] 417339K->335614K(699392K), 0.0184727 secs] [Times: user=0.18 sys=0.01, real=0.02 secs] 
2016-09-24T00:52:41.012-0400: 128.735: [GC (GCLocker Initiated GC) [PSYoungGen: 149430K->85758K(175104K)] 423725K->390884K(699392K), 0.0131664 secs] [Times: user=0.13 sys=0.00, real=0.02 secs] 
2016-09-24T00:52:41.149-0400: 128.873: [GC (GCLocker Initiated GC) [PSYoungGen: 173822K->49116K(175104K)] 485070K->403173K(699392K), 0.0437483 secs] [Times: user=0.48 sys=0.00, real=0.04 secs] 
2016-09-24T00:52:41.306-0400: 129.030: [GC (GCLocker Initiated GC) [PSYoungGen: 137180K->43233K(175104K)] 497354K->452290K(699392K), 0.0263567 secs] [Times: user=0.27 sys=0.00, real=0.02 secs] 
2016-09-24T00:52:41.443-0400: 129.167: [GC (GCLocker Initiated GC) [PSYoungGen: 131297K->48984K(175104K)] 540380K->506950K(699392K), 0.0119737 secs] [Times: user=0.12 sys=0.00, real=0.01 secs] 
2016-09-24T00:52:41.455-0400: 129.179: [Full GC (Ergonomics) [PSYoungGen: 48984K->0K(175104K)] [ParOldGen: 457966K->52700K(524288K)] 506950K->52700K(699392K), [Metaspace: 44414K->44414K(1087488K)], 0.0711456 secs] [Times: user=0.44 sys=0.01, real=0.07 secs] 
2016-09-24T00:52:41.652-0400: 129.376: [GC (GCLocker Initiated GC) [PSYoungGen: 88064K->86466K(175104K)] 152917K->163469K(699392K), 0.0116591 secs] [Times: user=0.10 sys=0.00, real=0.02 secs] 
2016-09-24T00:52:41.773-0400: 129.497: [GC (GCLocker Initiated GC) [PSYoungGen: 174530K->55447K(175104K)] 263887K->218728K(699392K), 0.0172079 secs] [Times: user=0.25 sys=0.00, real=0.02 secs] 
2016-09-24T00:52:41.900-0400: 129.624: [GC (GCLocker Initiated GC) [PSYoungGen: 143511K->86282K(175104K)] 312959K->268367K(699392K), 0.0097370 secs] [Times: user=0.12 sys=0.00, real=0.01 secs] 
2016-09-24T00:52:42.023-0400: 129.747: [GC (Allocation Failure) [PSYoungGen: 174346K->55287K(175104K)] 362828K->268484K(699392K), 0.0334235 secs] [Times: user=0.36 sys=0.01, real=0.03 secs] 
2016-09-24T00:52:42.172-0400: 129.896: [GC (GCLocker Initiated GC) [PSYoungGen: 143177K->37322K(175104K)] 362450K->274923K(699392K), 0.0111026 secs] [Times: user=0.12 sys=0.00, real=0.02 secs] 
2016-09-24T00:52:42.289-0400: 130.013: [GC (Allocation Failure) [PSYoungGen: 125386K->37226K(175104K)] 381332K->293440K(699392K), 0.0134496 secs] [Times: user=0.14 sys=0.00, real=0.02 secs] 
2016-09-24T00:52:42.303-0400: 130.027: [GC (GCLocker Initiated GC) [PSYoungGen: 37243K->96K(175104K)] 293457K->293139K(699392K), 0.0053485 secs] [Times: user=0.05 sys=0.01, real=0.00 secs] 
2016-09-24T00:52:42.424-0400: 130.148: [GC (GCLocker Initiated GC) [PSYoungGen: 88160K->86506K(175104K)] 381209K->385654K(699392K), 0.0104934 secs] [Times: user=0.14 sys=0.00, real=0.01 secs] 
2016-09-24T00:52:42.532-0400: 130.256: [GC (GCLocker Initiated GC) [PSYoungGen: 174570K->85562K(175104K)] 473934K->404026K(699392K), 0.0332814 secs] [Times: user=0.36 sys=0.00, real=0.04 secs] 
2016-09-24T00:52:42.682-0400: 130.406: [GC (GCLocker Initiated GC) [PSYoungGen: 173626K->73576K(175104K)] 504282K->477292K(699392K), 0.0128879 secs] [Times: user=0.18 sys=0.01, real=0.02 secs] 
2016-09-24T00:52:42.810-0400: 130.533: [GC (GCLocker Initiated GC) [PSYoungGen: 161640K->73772K(175104K)] 571625K->526581K(699392K), 0.0106876 secs] [Times: user=0.12 sys=0.00, real=0.01 secs] 
2016-09-24T00:52:42.820-0400: 130.544: [Full GC (Ergonomics) [PSYoungGen: 73772K->0K(175104K)] [ParOldGen: 452809K->52867K(524288K)] 526581K->52867K(699392K), [Metaspace: 44425K->44425K(1087488K)], 0.0571882 secs] [Times: user=0.27 sys=0.02, real=0.06 secs] 
2016-09-24T00:52:43.009-0400: 130.733: [GC (GCLocker Initiated GC) [PSYoungGen: 88064K->85630K(175104K)] 153185K->150751K(699392K), 0.0113916 secs] [Times: user=0.10 sys=0.01, real=0.01 secs] 
2016-09-24T00:52:43.137-0400: 130.861: [GC (Allocation Failure) [PSYoungGen: 173694K->43333K(175104K)] 251219K->187975K(699392K), 0.0154309 secs] [Times: user=0.17 sys=0.00, real=0.01 secs] 
2016-09-24T00:52:43.153-0400: 130.877: [GC (GCLocker Initiated GC) [PSYoungGen: 43342K->64K(175104K)] 187985K->200087K(699392K), 0.0059155 secs] [Times: user=0.05 sys=0.00, real=0.01 secs] 
2016-09-24T00:52:43.284-0400: 131.008: [GC (GCLocker Initiated GC) [PSYoungGen: 83320K->73416K(175104K)] 289418K->279514K(699392K), 0.0153135 secs] [Times: user=0.14 sys=0.00, real=0.01 secs] 
2016-09-24T00:52:43.406-0400: 131.130: [GC (GCLocker Initiated GC) [PSYoungGen: 161480K->55323K(175104K)] 373701K->273862K(699392K), 0.0291545 secs] [Times: user=0.26 sys=0.00, real=0.03 secs] 
2016-09-24T00:52:43.567-0400: 131.291: [GC (Allocation Failure) [PSYoungGen: 143387K->43201K(175104K)] 368043K->316928K(699392K), 0.0150501 secs] [Times: user=0.18 sys=0.00, real=0.02 secs] 
2016-09-24T00:52:43.689-0400: 131.413: [GC (GCLocker Initiated GC) [PSYoungGen: 131265K->73804K(175104K)] 404998K->378188K(699392K), 0.0101794 secs] [Times: user=0.10 sys=0.01, real=0.01 secs] 
2016-09-24T00:52:43.842-0400: 131.566: [GC (Allocation Failure) [PSYoungGen: 161868K->43009K(175104K)] 472509K->372134K(699392K), 0.0331753 secs] [Times: user=0.34 sys=0.00, real=0.04 secs] 
2016-09-24T00:52:43.978-0400: 131.702: [GC (GCLocker Initiated GC) [PSYoungGen: 126675K->37098K(175104K)] 461875K->409016K(699392K), 0.0165635 secs] [Times: user=0.14 sys=0.00, real=0.02 secs] 
2016-09-24T00:52:44.106-0400: 131.830: [GC (GCLocker Initiated GC) [PSYoungGen: 125162K->61202K(175104K)] 497183K->451872K(699392K), 0.0316446 secs] [Times: user=0.30 sys=0.00, real=0.03 secs] 
2016-09-24T00:52:44.282-0400: 132.005: [GC (GCLocker Initiated GC) [PSYoungGen: 149266K->43205K(175104K)] 552357K->501059K(699392K), 0.0217797 secs] [Times: user=0.21 sys=0.00, real=0.03 secs] 
2016-09-24T00:52:44.303-0400: 132.027: [Full GC (Ergonomics) [PSYoungGen: 43205K->0K(175104K)] [ParOldGen: 457854K->52891K(524288K)] 501059K->52891K(699392K), [Metaspace: 44429K->44429K(1087488K)], 0.0529186 secs] [Times: user=0.28 sys=0.01, real=0.05 secs] 
2016-09-24T00:52:44.480-0400: 132.204: [GC (GCLocker Initiated GC) [PSYoungGen: 88064K->79879K(175104K)] 147183K->138998K(699392K), 0.0117352 secs] [Times: user=0.16 sys=0.00, real=0.01 secs] 
2016-09-24T00:52:44.613-0400: 132.337: [GC (GCLocker Initiated GC) [PSYoungGen: 167943K->85790K(175104K)] 227132K->181893K(699392K), 0.0312636 secs] [Times: user=0.39 sys=0.00, real=0.04 secs] 
2016-09-24T00:52:44.783-0400: 132.507: [GC (Allocation Failure) [PSYoungGen: 173854K->37126K(175104K)] 282294K->188390K(699392K), 0.0149538 secs] [Times: user=0.12 sys=0.00, real=0.01 secs] 
2016-09-24T00:52:44.909-0400: 132.633: [GC (GCLocker Initiated GC) [PSYoungGen: 120795K->55547K(175104K)] 278135K->212990K(699392K), 0.0140693 secs] [Times: user=0.13 sys=0.01, real=0.02 secs] 
2016-09-24T00:52:45.039-0400: 132.763: [GC (Allocation Failure) [PSYoungGen: 143611K->80107K(175104K)] 307322K->243946K(699392K), 0.0217762 secs] [Times: user=0.22 sys=0.00, real=0.02 secs] 
2016-09-24T00:52:45.174-0400: 132.898: [GC (GCLocker Initiated GC) [PSYoungGen: 165095K->68252K(175104K)] 335009K->256691K(699392K), 0.0090987 secs] [Times: user=0.10 sys=0.00, real=0.01 secs] 
2016-09-24T00:52:45.285-0400: 133.008: [GC (GCLocker Initiated GC) [PSYoungGen: 156316K->61362K(175104K)] 345010K->274802K(699392K), 0.0266120 secs] [Times: user=0.29 sys=0.00, real=0.02 secs] 
2016-09-24T00:52:45.407-0400: 133.131: [GC (GCLocker Initiated GC) [PSYoungGen: 149426K->67309K(175104K)] 363004K->335798K(699392K), 0.0110694 secs] [Times: user=0.09 sys=0.00, real=0.01 secs] 
2016-09-24T00:52:45.514-0400: 133.238: [GC (GCLocker Initiated GC) [PSYoungGen: 155373K->67337K(175104K)] 429985K->403154K(699392K), 0.0271386 secs] [Times: user=0.31 sys=0.01, real=0.02 secs] 
2016-09-24T00:52:45.657-0400: 133.381: [GC (GCLocker Initiated GC) [PSYoungGen: 155401K->55714K(175104K)] 497330K->415980K(699392K), 0.0071184 secs] [Times: user=0.06 sys=0.00, real=0.01 secs] 
2016-09-24T00:52:45.774-0400: 133.498: [GC (GCLocker Initiated GC) [PSYoungGen: 143778K->67469K(175104K)] 510380K->434502K(699392K), 0.0338168 secs] [Times: user=0.39 sys=0.00, real=0.04 secs] 
2016-09-24T00:52:45.900-0400: 133.624: [GC (GCLocker Initiated GC) [PSYoungGen: 155533K->73676K(175104K)] 522854K->459309K(699392K), 0.0268537 secs] [Times: user=0.29 sys=0.00, real=0.03 secs] 
2016-09-24T00:52:46.049-0400: 133.773: [GC (GCLocker Initiated GC) [PSYoungGen: 161740K->49340K(175104K)] 559666K->484163K(699392K), 0.0178183 secs] [Times: user=0.25 sys=0.00, real=0.02 secs] 
2016-09-24T00:52:46.179-0400: 133.903: [GC (GCLocker Initiated GC) [PSYoungGen: 137404K->85922K(175104K)] 572263K->545397K(699392K), 0.0111284 secs] [Times: user=0.15 sys=0.00, real=0.01 secs] 
2016-09-24T00:52:46.191-0400: 133.915: [Full GC (Ergonomics) [PSYoungGen: 85922K->0K(175104K)] [ParOldGen: 459475K->47254K(524288K)] 545397K->47254K(699392K), [Metaspace: 44430K->44430K(1087488K)], 0.0583451 secs] [Times: user=0.46 sys=0.01, real=0.06 secs] 
2016-09-24T00:52:46.356-0400: 134.080: [GC (GCLocker Initiated GC) [PSYoungGen: 88064K->86014K(175104K)] 135348K->139374K(699392K), 0.0094482 secs] [Times: user=0.13 sys=0.00, real=0.01 secs] 
2016-09-24T00:52:46.484-0400: 134.207: [GC (Allocation Failure) [PSYoungGen: 174078K->67405K(175104K)] 227490K->157955K(699392K), 0.0242445 secs] [Times: user=0.26 sys=0.00, real=0.02 secs] 
2016-09-24T00:52:46.611-0400: 134.335: [GC (GCLocker Initiated GC) [PSYoungGen: 155469K->79911K(175104K)] 246025K->213267K(699392K), 0.0149766 secs] [Times: user=0.19 sys=0.00, real=0.02 secs] 
2016-09-24T00:52:46.729-0400: 134.453: [GC (GCLocker Initiated GC) [PSYoungGen: 167975K->79747K(175104K)] 301396K->231676K(699392K), 0.0176014 secs] [Times: user=0.21 sys=0.00, real=0.02 secs] 
2016-09-24T00:52:46.864-0400: 134.588: [GC (GCLocker Initiated GC) [PSYoungGen: 167811K->73868K(175104K)] 325991K->299337K(699392K), 0.0126000 secs] [Times: user=0.13 sys=0.00, real=0.01 secs] 
2016-09-24T00:52:47.008-0400: 134.732: [GC (GCLocker Initiated GC) [PSYoungGen: 161932K->73512K(175104K)] 393580K->323660K(699392K), 0.0098644 secs] [Times: user=0.08 sys=0.00, real=0.01 secs] 
2016-09-24T00:52:47.129-0400: 134.853: [GC (GCLocker Initiated GC) [PSYoungGen: 161576K->85662K(175104K)] 417847K->372584K(699392K), 0.0109575 secs] [Times: user=0.11 sys=0.00, real=0.01 secs] 
2016-09-24T00:52:47.258-0400: 134.982: [GC (GCLocker Initiated GC) [PSYoungGen: 173726K->49148K(175104K)] 467028K->391285K(699392K), 0.0183505 secs] [Times: user=0.13 sys=0.00, real=0.02 secs] 
2016-09-24T00:52:47.400-0400: 135.124: [GC (GCLocker Initiated GC) [PSYoungGen: 137212K->61526K(175104K)] 479351K->428257K(699392K), 0.0128046 secs] [Times: user=0.13 sys=0.00, real=0.01 secs] 
2016-09-24T00:52:47.539-0400: 135.263: [GC (Allocation Failure) [PSYoungGen: 149590K->61166K(175104K)] 516496K->452648K(699392K), 0.0137357 secs] [Times: user=0.12 sys=0.01, real=0.01 secs] 
2016-09-24T00:52:47.668-0400: 135.392: [GC (GCLocker Initiated GC) [PSYoungGen: 149230K->61362K(175104K)] 540713K->489406K(699392K), 0.0293403 secs] [Times: user=0.34 sys=0.00, real=0.03 secs] 
2016-09-24T00:52:47.800-0400: 135.524: [GC (GCLocker Initiated GC) [PSYoungGen: 149426K->61330K(175104K)] 583548K->495712K(699392K), 0.0108579 secs] [Times: user=0.07 sys=0.00, real=0.01 secs] 
2016-09-24T00:52:47.908-0400: 135.632: [GC (GCLocker Initiated GC) [PSYoungGen: 149394K->85630K(175104K)] 590178K->532757K(699392K), 0.0115755 secs] [Times: user=0.09 sys=0.00, real=0.01 secs] 
2016-09-24T00:52:48.046-0400: 135.770: [GC (GCLocker Initiated GC) [PSYoungGen: 173694K->85658K(175104K)] 626933K->581565K(699392K), 0.0140681 secs] [Times: user=0.18 sys=0.00, real=0.01 secs] 
2016-09-24T00:52:48.060-0400: 135.784: [Full GC (Ergonomics) [PSYoungGen: 85658K->0K(175104K)] [ParOldGen: 495907K->53280K(524288K)] 581565K->53280K(699392K), [Metaspace: 44430K->44430K(1087488K)], 0.0685944 secs] [Times: user=0.49 sys=0.00, real=0.07 secs] 
2016-09-24T00:52:48.236-0400: 135.960: [GC (GCLocker Initiated GC) [PSYoungGen: 88064K->86570K(175104K)] 141683K->164489K(699392K), 0.0109537 secs] [Times: user=0.14 sys=0.00, real=0.01 secs] 
2016-09-24T00:52:48.385-0400: 136.109: [GC (GCLocker Initiated GC) [PSYoungGen: 174634K->55251K(175104K)] 252773K->170724K(699392K), 0.0130635 secs] [Times: user=0.16 sys=0.00, real=0.01 secs] 
2016-09-24T00:52:48.507-0400: 136.231: [GC (Allocation Failure) [PSYoungGen: 143315K->73412K(175104K)] 258818K->189067K(699392K), 0.0147143 secs] [Times: user=0.19 sys=0.00, real=0.01 secs] 
2016-09-24T00:52:48.644-0400: 136.368: [GC (GCLocker Initiated GC) [PSYoungGen: 155406K->43137K(175104K)] 277136K->219662K(699392K), 0.0094850 secs] [Times: user=0.07 sys=0.00, real=0.00 secs] 
2016-09-24T00:52:48.778-0400: 136.502: [GC (Allocation Failure) [PSYoungGen: 131201K->55682K(175104K)] 307800K->250618K(699392K), 0.0136978 secs] [Times: user=0.13 sys=0.01, real=0.01 secs] 
2016-09-24T00:52:48.899-0400: 136.623: [GC (GCLocker Initiated GC) [PSYoungGen: 143746K->73348K(175104K)] 338685K->274613K(699392K), 0.0098685 secs] [Times: user=0.09 sys=0.00, real=0.01 secs] 
2016-09-24T00:52:49.006-0400: 136.730: [GC (GCLocker Initiated GC) [PSYoungGen: 161412K->61398K(175104K)] 362724K->274971K(699392K), 0.0185094 secs] [Times: user=0.18 sys=0.00, real=0.02 secs] 
2016-09-24T00:52:49.116-0400: 136.840: [GC (Allocation Failure) [PSYoungGen: 149462K->79911K(175104K)] 363334K->336952K(699392K), 0.0186861 secs] [Times: user=0.23 sys=0.01, real=0.02 secs] 
2016-09-24T00:52:49.234-0400: 136.958: [GC (GCLocker Initiated GC) [PSYoungGen: 167971K->85986K(175104K)] 425024K->391946K(699392K), 0.0116483 secs] [Times: user=0.14 sys=0.00, real=0.02 secs] 
2016-09-24T00:52:49.364-0400: 137.088: [GC (Allocation Failure) [PSYoungGen: 174050K->36966K(175104K)] 492263K->385658K(699392K), 0.0099480 secs] [Times: user=0.09 sys=0.00, real=0.00 secs] 
2016-09-24T00:52:49.486-0400: 137.210: [GC (GCLocker Initiated GC) [PSYoungGen: 125030K->55255K(175104K)] 473727K->428356K(699392K), 0.0122112 secs] [Times: user=0.09 sys=0.01, real=0.01 secs] 
2016-09-24T00:52:49.611-0400: 137.335: [GC (Allocation Failure) [PSYoungGen: 143319K->55323K(175104K)] 522761K->447174K(699392K), 0.0208514 secs] [Times: user=0.18 sys=0.00, real=0.02 secs] 
2016-09-24T00:52:49.741-0400: 137.465: [GC (GCLocker Initiated GC) [PSYoungGen: 139668K->73512K(175104K)] 537594K->471886K(699392K), 0.0074831 secs] [Times: user=0.06 sys=0.00, real=0.01 secs] 
2016-09-24T00:52:49.868-0400: 137.592: [GC (GCLocker Initiated GC) [PSYoungGen: 161576K->61558K(175104K)] 560250K->490882K(699392K), 0.0229091 secs] [Times: user=0.27 sys=0.00, real=0.02 secs] 
2016-09-24T00:52:50.010-0400: 137.734: [GC (Allocation Failure) [PSYoungGen: 149622K->67569K(175104K)] 591182K->509217K(699392K), 0.0146374 secs] [Times: user=0.13 sys=0.00, real=0.02 secs] 
2016-09-24T00:52:50.133-0400: 137.857: [GC (GCLocker Initiated GC) [PSYoungGen: 155633K->55223K(175104K)] 597287K->533774K(699392K), 0.0163830 secs] [Times: user=0.17 sys=0.00, real=0.02 secs] 
2016-09-24T00:52:50.150-0400: 137.874: [Full GC (Ergonomics) [PSYoungGen: 55223K->0K(175104K)] [ParOldGen: 478551K->47219K(524288K)] 533774K->47219K(699392K), [Metaspace: 44430K->44430K(1087488K)], 0.0550298 secs] [Times: user=0.24 sys=0.02, real=0.06 secs] 
2016-09-24T00:52:50.301-0400: 138.025: [GC (GCLocker Initiated GC) [PSYoungGen: 88064K->79843K(175104K)] 135370K->127149K(699392K), 0.0393421 secs] [Times: user=0.42 sys=0.00, real=0.04 secs] 
2016-09-24T00:52:50.445-0400: 138.169: [GC (GCLocker Initiated GC) [PSYoungGen: 167907K->73868K(175104K)] 221515K->164514K(699392K), 0.0123997 secs] [Times: user=0.19 sys=0.00, real=0.01 secs] 
2016-09-24T00:52:50.598-0400: 138.322: [GC (GCLocker Initiated GC) [PSYoungGen: 161932K->24780K(175104K)] 252810K->146473K(699392K), 0.0075335 secs] [Times: user=0.07 sys=0.00, real=0.01 secs] 
2016-09-24T00:52:50.706-0400: 138.430: [GC (Allocation Failure) [PSYoungGen: 112844K->55643K(175104K)] 240754K->220154K(699392K), 0.0105831 secs] [Times: user=0.16 sys=0.00, real=0.01 secs] 
2016-09-24T00:52:50.821-0400: 138.545: [GC (GCLocker Initiated GC) [PSYoungGen: 143707K->86182K(175104K)] 308225K->275487K(699392K), 0.0120306 secs] [Times: user=0.18 sys=0.00, real=0.01 secs] 
2016-09-24T00:52:50.929-0400: 138.653: [GC (GCLocker Initiated GC) [PSYoungGen: 174246K->85790K(175104K)] 363761K->293838K(699392K), 0.0158621 secs] [Times: user=0.21 sys=0.00, real=0.02 secs] 
2016-09-24T00:52:51.079-0400: 138.803: [GC (GCLocker Initiated GC) [PSYoungGen: 173854K->73508K(175104K)] 388008K->330330K(699392K), 0.0138969 secs] [Times: user=0.18 sys=0.00, real=0.01 secs] 
2016-09-24T00:52:51.209-0400: 138.933: [GC (GCLocker Initiated GC) [PSYoungGen: 161572K->49312K(175104K)] 424735K->330835K(699392K), 0.0101871 secs] [Times: user=0.08 sys=0.00, real=0.01 secs] 
2016-09-24T00:52:51.308-0400: 139.032: [GC (GCLocker Initiated GC) [PSYoungGen: 137376K->85790K(175104K)] 419204K->398317K(699392K), 0.0116713 secs] [Times: user=0.16 sys=0.00, real=0.01 secs] 
2016-09-24T00:52:51.436-0400: 139.160: [GC (GCLocker Initiated GC) [PSYoungGen: 173854K->86018K(175104K)] 486495K->447419K(699392K), 0.0125173 secs] [Times: user=0.19 sys=0.00, real=0.01 secs] 
2016-09-24T00:52:51.544-0400: 139.268: [GC (GCLocker Initiated GC) [PSYoungGen: 174082K->85854K(175104K)] 541718K->508809K(699392K), 0.0114537 secs] [Times: user=0.18 sys=0.00, real=0.01 secs] 
2016-09-24T00:52:51.670-0400: 139.394: [GC (GCLocker Initiated GC) [PSYoungGen: 173918K->48888K(175104K)] 596954K->514544K(699392K), 0.0161883 secs] [Times: user=0.13 sys=0.01, real=0.02 secs] 
2016-09-24T00:52:51.686-0400: 139.410: [Full GC (Ergonomics) [PSYoungGen: 48888K->0K(175104K)] [ParOldGen: 465656K->46055K(524288K)] 514544K->46055K(699392K), [Metaspace: 44436K->44436K(1087488K)], 0.0897813 secs] [Times: user=0.66 sys=0.01, real=0.09 secs] 
2016-09-24T00:52:51.875-0400: 139.599: [GC (GCLocker Initiated GC) [PSYoungGen: 88064K->86114K(175104K)] 134803K->145004K(699392K), 0.0345384 secs] [Times: user=0.36 sys=0.00, real=0.03 secs] 
2016-09-24T00:52:52.007-0400: 139.731: [GC (GCLocker Initiated GC) [PSYoungGen: 174178K->61458K(175104K)] 239245K->200161K(699392K), 0.0106003 secs] [Times: user=0.12 sys=0.00, real=0.01 secs] 
2016-09-24T00:52:52.135-0400: 139.859: [GC (GCLocker Initiated GC) [PSYoungGen: 149522K->55191K(175104K)] 300719K->206648K(699392K), 0.0063345 secs] [Times: user=0.05 sys=0.00, real=0.00 secs] 
2016-09-24T00:52:52.297-0400: 140.021: [GC (GCLocker Initiated GC) [PSYoungGen: 143255K->55287K(175104K)] 301120K->249877K(699392K), 0.0418723 secs] [Times: user=0.50 sys=0.00, real=0.04 secs] 
2016-09-24T00:52:52.450-0400: 140.174: [GC (GCLocker Initiated GC) [PSYoungGen: 143351K->85726K(175104K)] 337979K->298698K(699392K), 0.0217225 secs] [Times: user=0.23 sys=0.01, real=0.02 secs] 
2016-09-24T00:52:52.571-0400: 140.295: [GC (GCLocker Initiated GC) [PSYoungGen: 173790K->55583K(175104K)] 386966K->299238K(699392K), 0.0161267 secs] [Times: user=0.17 sys=0.01, real=0.02 secs] 
2016-09-24T00:52:52.677-0400: 140.401: [GC (GCLocker Initiated GC) [PSYoungGen: 143647K->61558K(175104K)] 387657K->336211K(699392K), 0.0127835 secs] [Times: user=0.08 sys=0.00, real=0.01 secs] 
2016-09-24T00:52:52.791-0400: 140.515: [GC (GCLocker Initiated GC) [PSYoungGen: 149622K->49180K(175104K)] 424434K->342476K(699392K), 0.0080580 secs] [Times: user=0.09 sys=0.00, real=0.01 secs] 
2016-09-24T00:52:52.915-0400: 140.639: [GC (GCLocker Initiated GC) [PSYoungGen: 137244K->55647K(175104K)] 430603K->349110K(699392K), 0.0100415 secs] [Times: user=0.15 sys=0.00, real=0.01 secs] 
2016-09-24T00:52:53.059-0400: 140.783: [GC (GCLocker Initiated GC) [PSYoungGen: 143711K->85790K(175104K)] 443374K->410224K(699392K), 0.0098354 secs] [Times: user=0.11 sys=0.00, real=0.01 secs] 
2016-09-24T00:52:53.195-0400: 140.919: [GC (GCLocker Initiated GC) [PSYoungGen: 173854K->55255K(175104K)] 498616K->398533K(699392K), 0.0189530 secs] [Times: user=0.20 sys=0.00, real=0.01 secs] 
2016-09-24T00:52:53.306-0400: 141.030: [GC (GCLocker Initiated GC) [PSYoungGen: 143319K->61262K(175104K)] 492927K->429363K(699392K), 0.0108063 secs] [Times: user=0.10 sys=0.00, real=0.01 secs] 
2016-09-24T00:52:53.427-0400: 141.151: [GC (GCLocker Initiated GC) [PSYoungGen: 149326K->79819K(175104K)] 517481K->448077K(699392K), 0.0235009 secs] [Times: user=0.21 sys=0.00, real=0.02 secs] 
2016-09-24T00:52:53.568-0400: 141.292: [GC (GCLocker Initiated GC) [PSYoungGen: 167883K->61266K(175104K)] 542279K->472528K(699392K), 0.0206485 secs] [Times: user=0.17 sys=0.00, real=0.02 secs] 
2016-09-24T00:52:53.692-0400: 141.416: [GC (Allocation Failure) [PSYoungGen: 149330K->73380K(175104K)] 566821K->509215K(699392K), 0.0313696 secs] [Times: user=0.35 sys=0.00, real=0.04 secs] 
2016-09-24T00:52:53.850-0400: 141.574: [GC (GCLocker Initiated GC) [PSYoungGen: 159615K->55351K(175104K)] 601525K->545981K(699392K), 0.0096089 secs] [Times: user=0.10 sys=0.00, real=0.01 secs] 
2016-09-24T00:52:53.860-0400: 141.584: [Full GC (Ergonomics) [PSYoungGen: 55351K->0K(175104K)] [ParOldGen: 490630K->52395K(524288K)] 545981K->52395K(699392K), [Metaspace: 44438K->44438K(1087488K)], 0.0573757 secs] [Times: user=0.40 sys=0.00, real=0.06 secs] 
2016-09-24T00:52:54.009-0400: 141.733: [GC (GCLocker Initiated GC) [PSYoungGen: 88064K->86078K(175104K)] 140534K->168924K(699392K), 0.0108999 secs] [Times: user=0.13 sys=0.00, real=0.01 secs] 
2016-09-24T00:52:54.131-0400: 141.855: [GC (GCLocker Initiated GC) [PSYoungGen: 174142K->31246K(175104K)] 263116K->205834K(699392K), 0.0093863 secs] [Times: user=0.09 sys=0.00, real=0.01 secs] 
2016-09-24T00:52:54.265-0400: 141.989: [GC (GCLocker Initiated GC) [PSYoungGen: 119310K->43333K(175104K)] 306336K->273151K(699392K), 0.0089603 secs] [Times: user=0.07 sys=0.00, real=0.01 secs] 
2016-09-24T00:52:54.410-0400: 142.133: [GC (Allocation Failure) [PSYoungGen: 131397K->73672K(175104K)] 367640K->328439K(699392K), 0.0102419 secs] [Times: user=0.10 sys=0.00, real=0.01 secs] 
2016-09-24T00:52:54.537-0400: 142.261: [GC (GCLocker Initiated GC) [PSYoungGen: 161736K->30990K(175104K)] 416509K->304068K(699392K), 0.0354064 secs] [Times: user=0.35 sys=0.00, real=0.03 secs] 
2016-09-24T00:52:54.674-0400: 142.398: [GC (GCLocker Initiated GC) [PSYoungGen: 119054K->85598K(175104K)] 392369K->359164K(699392K), 0.0156962 secs] [Times: user=0.13 sys=0.00, real=0.02 secs] 
2016-09-24T00:52:54.814-0400: 142.538: [GC (GCLocker Initiated GC) [PSYoungGen: 173662K->37162K(175104K)] 453305K->353350K(699392K), 0.0169946 secs] [Times: user=0.16 sys=0.00, real=0.01 secs] 
2016-09-24T00:52:54.932-0400: 142.656: [GC (Allocation Failure) [PSYoungGen: 125226K->73544K(175104K)] 442269K->390863K(699392K), 0.0113234 secs] [Times: user=0.12 sys=0.00, real=0.02 secs] 
2016-09-24T00:52:55.065-0400: 142.789: [GC (GCLocker Initiated GC) [PSYoungGen: 157130K->36998K(175104K)] 480525K->396946K(699392K), 0.0167459 secs] [Times: user=0.16 sys=0.00, real=0.01 secs] 
2016-09-24T00:52:55.196-0400: 142.920: [GC (Allocation Failure) [PSYoungGen: 125062K->55191K(175104K)] 485299K->415508K(699392K), 0.0086722 secs] [Times: user=0.07 sys=0.00, real=0.01 secs] 
2016-09-24T00:52:55.292-0400: 143.016: [GC (GCLocker Initiated GC) [PSYoungGen: 141499K->61230K(175104K)] 507891K->464355K(699392K), 0.0148234 secs] [Times: user=0.15 sys=0.00, real=0.02 secs] 
2016-09-24T00:52:55.440-0400: 143.164: [GC (GCLocker Initiated GC) [PSYoungGen: 149294K->31218K(175104K)] 564797K->465043K(699392K), 0.0083397 secs] [Times: user=0.07 sys=0.00, real=0.01 secs] 
2016-09-24T00:52:55.567-0400: 143.291: [GC (GCLocker Initiated GC) [PSYoungGen: 119282K->85662K(175104K)] 553148K->526214K(699392K), 0.0234239 secs] [Times: user=0.21 sys=0.01, real=0.02 secs] 
2016-09-24T00:52:55.705-0400: 143.429: [GC (GCLocker Initiated GC) [PSYoungGen: 173726K->36934K(175104K)] 620540K->538675K(699392K), 0.0189752 secs] [Times: user=0.17 sys=0.00, real=0.02 secs] 
2016-09-24T00:52:55.724-0400: 143.448: [Full GC (Ergonomics) [PSYoungGen: 36934K->0K(175104K)] [ParOldGen: 501741K->46103K(524288K)] 538675K->46103K(699392K), [Metaspace: 44439K->44439K(1087488K)], 0.0559695 secs] [Times: user=0.28 sys=0.01, real=0.05 secs] 
2016-09-24T00:52:55.883-0400: 143.607: [GC (GCLocker Initiated GC) [PSYoungGen: 88064K->79971K(175104K)] 134563K->126470K(699392K), 0.0345983 secs] [Times: user=0.37 sys=0.01, real=0.03 secs] 
2016-09-24T00:52:56.047-0400: 143.771: [GC (GCLocker Initiated GC) [PSYoungGen: 168035K->49440K(175104K)] 220792K->139210K(699392K), 0.0137311 secs] [Times: user=0.15 sys=0.00, real=0.01 secs] 
2016-09-24T00:52:56.213-0400: 143.937: [GC (GCLocker Initiated GC) [PSYoungGen: 137504K->79423K(175104K)] 227304K->199858K(699392K), 0.0451889 secs] [Times: user=0.50 sys=0.00, real=0.05 secs] 
2016-09-24T00:52:56.359-0400: 144.083: [GC (GCLocker Initiated GC) [PSYoungGen: 167487K->55191K(175104K)] 294051K->194016K(699392K), 0.0200447 secs] [Times: user=0.18 sys=0.00, real=0.02 secs] 
2016-09-24T00:52:56.478-0400: 144.202: [GC (GCLocker Initiated GC) [PSYoungGen: 143255K->49216K(175104K)] 288320K->224899K(699392K), 0.0177504 secs] [Times: user=0.15 sys=0.00, real=0.02 secs] 
2016-09-24T00:52:56.607-0400: 144.331: [GC (GCLocker Initiated GC) [PSYoungGen: 137280K->67601K(175104K)] 313234K->262072K(699392K), 0.0173328 secs] [Times: user=0.17 sys=0.01, real=0.02 secs] 
2016-09-24T00:52:56.722-0400: 144.445: [GC (GCLocker Initiated GC) [PSYoungGen: 155665K->73544K(175104K)] 356443K->292839K(699392K), 0.0164331 secs] [Times: user=0.15 sys=0.00, real=0.02 secs] 
2016-09-24T00:52:56.874-0400: 144.598: [GC (GCLocker Initiated GC) [PSYoungGen: 161608K->37062K(175104K)] 393235K->287017K(699392K), 0.0117525 secs] [Times: user=0.11 sys=0.01, real=0.02 secs] 
2016-09-24T00:52:56.990-0400: 144.714: [GC (GCLocker Initiated GC) [PSYoungGen: 125126K->67341K(175104K)] 375437K->317912K(699392K), 0.0193603 secs] [Times: user=0.18 sys=0.01, real=0.02 secs] 
2016-09-24T00:52:57.126-0400: 144.850: [GC (GCLocker Initiated GC) [PSYoungGen: 155405K->49116K(175104K)] 412093K->336430K(699392K), 0.0146606 secs] [Times: user=0.14 sys=0.01, real=0.01 secs] 
2016-09-24T00:52:57.257-0400: 144.981: [GC (GCLocker Initiated GC) [PSYoungGen: 137180K->55319K(175104K)] 430639K->367115K(699392K), 0.0293825 secs] [Times: user=0.32 sys=0.00, real=0.03 secs] 
2016-09-24T00:52:57.413-0400: 145.137: [GC (GCLocker Initiated GC) [PSYoungGen: 143383K->49148K(175104K)] 461458K->440414K(699392K), 0.0186590 secs] [Times: user=0.19 sys=0.01, real=0.02 secs] 
2016-09-24T00:52:57.533-0400: 145.257: [GC (GCLocker Initiated GC) [PSYoungGen: 137212K->79423K(175104K)] 528526K->489254K(699392K), 0.0258812 secs] [Times: user=0.28 sys=0.00, real=0.03 secs] 
2016-09-24T00:52:57.660-0400: 145.384: [GC (GCLocker Initiated GC) [PSYoungGen: 167487K->73480K(175104K)] 577482K->532179K(699392K), 0.0181019 secs] [Times: user=0.18 sys=0.00, real=0.02 secs] 
2016-09-24T00:52:57.678-0400: 145.402: [Full GC (Ergonomics) [PSYoungGen: 73480K->0K(175104K)] [ParOldGen: 458699K->52885K(524288K)] 532179K->52885K(699392K), [Metaspace: 44448K->44448K(1087488K)], 0.0537473 secs] [Times: user=0.27 sys=0.01, real=0.05 secs] 
2016-09-24T00:52:57.837-0400: 145.561: [GC (GCLocker Initiated GC) [PSYoungGen: 88064K->86046K(175104K)] 141125K->163408K(699392K), 0.0098191 secs] [Times: user=0.12 sys=0.00, real=0.01 secs] 
2016-09-24T00:52:57.950-0400: 145.674: [GC (GCLocker Initiated GC) [PSYoungGen: 174110K->61626K(175104K)] 251681K->188337K(699392K), 0.0103472 secs] [Times: user=0.09 sys=0.00, real=0.01 secs] 
2016-09-24T00:52:58.108-0400: 145.832: [GC (GCLocker Initiated GC) [PSYoungGen: 149690K->48952K(175104K)] 282512K->188100K(699392K), 0.0080105 secs] [Times: user=0.06 sys=0.00, real=0.01 secs] 
2016-09-24T00:52:58.253-0400: 145.977: [GC (GCLocker Initiated GC) [PSYoungGen: 137016K->55027K(175104K)] 282354K->212610K(699392K), 0.0344513 secs] [Times: user=0.31 sys=0.00, real=0.04 secs] 
2016-09-24T00:52:58.397-0400: 146.121: [GC (GCLocker Initiated GC) [PSYoungGen: 143091K->55447K(175104K)] 307009K->243825K(699392K), 0.0081356 secs] [Times: user=0.10 sys=0.00, real=0.01 secs] 
2016-09-24T00:52:58.514-0400: 146.237: [GC (GCLocker Initiated GC) [PSYoungGen: 143511K->86018K(175104K)] 331937K->305158K(699392K), 0.0324844 secs] [Times: user=0.41 sys=0.00, real=0.04 secs] 
2016-09-24T00:52:58.693-0400: 146.417: [GC (GCLocker Initiated GC) [PSYoungGen: 174082K->73672K(175104K)] 399546K->360202K(699392K), 0.0399035 secs] [Times: user=0.41 sys=0.00, real=0.04 secs] 
2016-09-24T00:52:58.855-0400: 146.579: [GC (GCLocker Initiated GC) [PSYoungGen: 161736K->73936K(175104K)] 448621K->379189K(699392K), 0.0117273 secs] [Times: user=0.14 sys=0.02, real=0.01 secs] 
2016-09-24T00:52:58.994-0400: 146.718: [GC (GCLocker Initiated GC) [PSYoungGen: 162000K->61426K(175104K)] 473358K->391277K(699392K), 0.0139279 secs] [Times: user=0.15 sys=0.01, real=0.02 secs] 
2016-09-24T00:52:59.126-0400: 146.850: [GC (Allocation Failure) [PSYoungGen: 149490K->36966K(175104K)] 491797K->397602K(699392K), 0.0204291 secs] [Times: user=0.23 sys=0.01, real=0.02 secs] 
2016-09-24T00:52:59.261-0400: 146.985: [GC (GCLocker Initiated GC) [PSYoungGen: 125020K->73608K(175104K)] 491731K->440602K(699392K), 0.0140324 secs] [Times: user=0.14 sys=0.00, real=0.02 secs] 
2016-09-24T00:52:59.407-0400: 147.131: [GC (GCLocker Initiated GC) [PSYoungGen: 161672K->67697K(175104K)] 541015K->465572K(699392K), 0.0247342 secs] [Times: user=0.27 sys=0.00, real=0.02 secs] 
2016-09-24T00:52:59.531-0400: 147.255: [GC (GCLocker Initiated GC) [PSYoungGen: 155761K->49180K(175104K)] 559754K->489891K(699392K), 0.0093011 secs] [Times: user=0.07 sys=0.00, real=0.01 secs] 
2016-09-24T00:52:59.666-0400: 147.390: [GC (GCLocker Initiated GC) [PSYoungGen: 137244K->86118K(175104K)] 577997K->575810K(699392K), 0.0129198 secs] [Times: user=0.18 sys=0.00, real=0.01 secs] 
2016-09-24T00:52:59.680-0400: 147.403: [Full GC (Ergonomics) [PSYoungGen: 86118K->0K(175104K)] [ParOldGen: 489692K->52898K(524288K)] 575810K->52898K(699392K), [Metaspace: 44448K->44448K(1087488K)], 0.0571391 secs] [Times: user=0.34 sys=0.02, real=0.06 secs] 
2016-09-24T00:52:59.860-0400: 147.584: [GC (Allocation Failure) [PSYoungGen: 88064K->74324K(175104K)] 159464K->145724K(699392K), 0.0104018 secs] [Times: user=0.12 sys=0.00, real=0.01 secs] 
2016-09-24T00:52:59.871-0400: 147.595: [GC (GCLocker Initiated GC) [PSYoungGen: 74340K->160K(175104K)] 145740K->145438K(699392K), 0.0067979 secs] [Times: user=0.09 sys=0.00, real=0.01 secs] 
2016-09-24T00:53:00.011-0400: 147.735: [GC (GCLocker Initiated GC) [PSYoungGen: 87781K->85758K(175104K)] 239135K->243186K(699392K), 0.0104845 secs] [Times: user=0.15 sys=0.00, real=0.01 secs] 
2016-09-24T00:53:00.125-0400: 147.849: [GC (GCLocker Initiated GC) [PSYoungGen: 173822K->73608K(175104K)] 331533K->268093K(699392K), 0.0101373 secs] [Times: user=0.12 sys=0.00, real=0.01 secs] 
2016-09-24T00:53:00.247-0400: 147.971: [GC (GCLocker Initiated GC) [PSYoungGen: 161672K->86509K(175104K)] 356204K->323891K(699392K), 0.0125651 secs] [Times: user=0.17 sys=0.00, real=0.01 secs] 
2016-09-24T00:53:00.412-0400: 148.136: [GC (GCLocker Initiated GC) [PSYoungGen: 174573K->55027K(175104K)] 412063K->329546K(699392K), 0.0160422 secs] [Times: user=0.13 sys=0.00, real=0.02 secs] 
2016-09-24T00:53:00.543-0400: 148.266: [GC (Allocation Failure) [PSYoungGen: 143091K->85466K(175104K)] 417652K->360146K(699392K), 0.0219696 secs] [Times: user=0.23 sys=0.00, real=0.02 secs] 
2016-09-24T00:53:00.644-0400: 148.368: [GC (GCLocker Initiated GC) [PSYoungGen: 168517K->67629K(175104K)] 449272K->409293K(699392K), 0.0117918 secs] [Times: user=0.15 sys=0.00, real=0.01 secs] 
2016-09-24T00:53:00.793-0400: 148.517: [GC (Allocation Failure) [PSYoungGen: 155693K->43105K(175104K)] 509739K->415636K(699392K), 0.0138827 secs] [Times: user=0.18 sys=0.00, real=0.02 secs] 
2016-09-24T00:53:00.907-0400: 148.631: [GC (GCLocker Initiated GC) [PSYoungGen: 130020K->55483K(175104K)] 508626K->434388K(699392K), 0.0060211 secs] [Times: user=0.08 sys=0.00, real=0.00 secs] 
2016-09-24T00:53:01.062-0400: 148.786: [GC (GCLocker Initiated GC) [PSYoungGen: 143547K->49020K(175104K)] 522724K->446681K(699392K), 0.0101445 secs] [Times: user=0.07 sys=0.00, real=0.00 secs] 
2016-09-24T00:53:01.203-0400: 148.927: [GC (GCLocker Initiated GC) [PSYoungGen: 137084K->55287K(175104K)] 540923K->477447K(699392K), 0.0321020 secs] [Times: user=0.41 sys=0.00, real=0.03 secs] 
2016-09-24T00:53:01.334-0400: 149.058: [GC (GCLocker Initiated GC) [PSYoungGen: 143351K->86018K(175104K)] 565675K->557118K(699392K), 0.0139653 secs] [Times: user=0.20 sys=0.01, real=0.02 secs] 
2016-09-24T00:53:01.348-0400: 149.072: [Full GC (Ergonomics) [PSYoungGen: 86018K->0K(175104K)] [ParOldGen: 471100K->58782K(524288K)] 557118K->58782K(699392K), [Metaspace: 44463K->44463K(1087488K)], 0.0585260 secs] [Times: user=0.44 sys=0.02, real=0.06 secs] 
2016-09-24T00:53:01.507-0400: 149.231: [GC (GCLocker Initiated GC) [PSYoungGen: 88064K->73968K(175104K)] 147062K->132966K(699392K), 0.0078161 secs] [Times: user=0.11 sys=0.00, real=0.01 secs] 
2016-09-24T00:53:01.626-0400: 149.350: [GC (GCLocker Initiated GC) [PSYoungGen: 162032K->86150K(175104K)] 221111K->206295K(699392K), 0.0265654 secs] [Times: user=0.35 sys=0.01, real=0.02 secs] 
2016-09-24T00:53:01.756-0400: 149.480: [GC (GCLocker Initiated GC) [PSYoungGen: 174214K->61426K(175104K)] 300745K->255245K(699392K), 0.0136703 secs] [Times: user=0.15 sys=0.00, real=0.01 secs] 
2016-09-24T00:53:01.879-0400: 149.603: [GC (GCLocker Initiated GC) [PSYoungGen: 149490K->85726K(175104K)] 343480K->298217K(699392K), 0.0198834 secs] [Times: user=0.26 sys=0.00, real=0.02 secs] 
2016-09-24T00:53:02.005-0400: 149.729: [GC (Allocation Failure) [PSYoungGen: 173790K->79911K(175104K)] 386473K->341534K(699392K), 0.0122348 secs] [Times: user=0.17 sys=0.00, real=0.01 secs] 
2016-09-24T00:53:02.125-0400: 149.849: [GC (GCLocker Initiated GC) [PSYoungGen: 167975K->61526K(175104K)] 429598K->341617K(699392K), 0.0108117 secs] [Times: user=0.07 sys=0.00, real=0.01 secs] 
2016-09-24T00:53:02.241-0400: 149.964: [GC (GCLocker Initiated GC) [PSYoungGen: 149590K->85854K(175104K)] 429769K->402814K(699392K), 0.0180669 secs] [Times: user=0.22 sys=0.00, real=0.02 secs] 
2016-09-24T00:53:02.378-0400: 150.101: [GC (GCLocker Initiated GC) [PSYoungGen: 173918K->55579K(175104K)] 497001K->433621K(699392K), 0.0178792 secs] [Times: user=0.21 sys=0.00, real=0.02 secs] 
2016-09-24T00:53:02.504-0400: 150.228: [GC (GCLocker Initiated GC) [PSYoungGen: 143643K->55255K(175104K)] 521732K->488302K(699392K), 0.0217494 secs] [Times: user=0.23 sys=0.00, real=0.02 secs] 
2016-09-24T00:53:02.654-0400: 150.378: [Full GC (Ergonomics) [PSYoungGen: 143319K->0K(175104K)] [ParOldGen: 445508K->52820K(524288K)] 588828K->52820K(699392K), [Metaspace: 44463K->44463K(1087488K)], 0.0747948 secs] [Times: user=0.52 sys=0.01, real=0.07 secs] 
2016-09-24T00:53:02.844-0400: 150.568: [GC (GCLocker Initiated GC) [PSYoungGen: 88064K->85922K(175104K)] 140966K->157049K(699392K), 0.0100043 secs] [Times: user=0.15 sys=0.00, real=0.01 secs] 
2016-09-24T00:53:02.969-0400: 150.693: [GC (GCLocker Initiated GC) [PSYoungGen: 173986K->67501K(175104K)] 245255K->206051K(699392K), 0.0174278 secs] [Times: user=0.24 sys=0.00, real=0.02 secs] 
2016-09-24T00:53:03.089-0400: 150.813: [GC (GCLocker Initiated GC) [PSYoungGen: 155565K->85854K(175104K)] 294481K->231153K(699392K), 0.0097806 secs] [Times: user=0.12 sys=0.00, real=0.01 secs] 
2016-09-24T00:53:03.247-0400: 150.971: [GC (GCLocker Initiated GC) [PSYoungGen: 173918K->85594K(175104K)] 331510K->261662K(699392K), 0.0162293 secs] [Times: user=0.18 sys=0.00, real=0.02 secs] 
2016-09-24T00:53:03.406-0400: 151.130: [GC (Allocation Failure) [PSYoungGen: 173658K->67533K(175104K)] 356123K->292674K(699392K), 0.0168609 secs] [Times: user=0.24 sys=0.00, real=0.02 secs] 
2016-09-24T00:53:03.551-0400: 151.275: [GC (GCLocker Initiated GC) [PSYoungGen: 154495K->61522K(175104K)] 385712K->335579K(699392K), 0.0135697 secs] [Times: user=0.19 sys=0.01, real=0.02 secs] 
2016-09-24T00:53:03.680-0400: 151.404: [GC (GCLocker Initiated GC) [PSYoungGen: 149586K->79947K(175104K)] 424004K->360731K(699392K), 0.0094245 secs] [Times: user=0.10 sys=0.00, real=0.01 secs] 
2016-09-24T00:53:03.832-0400: 151.555: [GC (GCLocker Initiated GC) [PSYoungGen: 168011K->61230K(175104K)] 449491K->361195K(699392K), 0.0379150 secs] [Times: user=0.48 sys=0.00, real=0.04 secs] 
2016-09-24T00:53:04.002-0400: 151.726: [GC (GCLocker Initiated GC) [PSYoungGen: 149294K->37062K(175104K)] 467733K->355596K(699392K), 0.0295223 secs] [Times: user=0.40 sys=0.00, real=0.03 secs] 
2016-09-24T00:53:04.181-0400: 151.905: [GC (Allocation Failure) [PSYoungGen: 125126K->679K(175104K)] 456154K->331804K(699392K), 0.0111355 secs] [Times: user=0.07 sys=0.00, real=0.01 secs] 
2016-09-24T00:53:04.297-0400: 152.021: [GC (GCLocker Initiated GC) [PSYoungGen: 84527K->55255K(175104K)] 421727K->392721K(699392K), 0.0209026 secs] [Times: user=0.18 sys=0.00, real=0.02 secs] 
2016-09-24T00:53:04.436-0400: 152.160: [GC (GCLocker Initiated GC) [PSYoungGen: 143319K->85630K(175104K)] 480832K->441635K(699392K), 0.0187346 secs] [Times: user=0.16 sys=0.01, real=0.02 secs] 
2016-09-24T00:53:04.568-0400: 152.292: [GC (GCLocker Initiated GC) [PSYoungGen: 173694K->61658K(175104K)] 536135K->442420K(699392K), 0.0130448 secs] [Times: user=0.12 sys=0.00, real=0.01 secs] 
2016-09-24T00:53:04.689-0400: 152.413: [GC (GCLocker Initiated GC) [PSYoungGen: 149722K->37194K(175104K)] 536584K->460782K(699392K), 0.0205855 secs] [Times: user=0.21 sys=0.00, real=0.02 secs] 
2016-09-24T00:53:04.797-0400: 152.521: [GC (GCLocker Initiated GC) [PSYoungGen: 125256K->79615K(175104K)] 549194K->522397K(699392K), 0.0201988 secs] [Times: user=0.22 sys=0.00, real=0.02 secs] 
2016-09-24T00:53:04.912-0400: 152.636: [GC (GCLocker Initiated GC) [PSYoungGen: 167679K->49603K(175104K)] 616886K->553629K(699392K), 0.0193862 secs] [Times: user=0.22 sys=0.00, real=0.02 secs] 
2016-09-24T00:53:04.931-0400: 152.655: [Full GC (Ergonomics) [PSYoungGen: 49603K->0K(175104K)] [ParOldGen: 504025K->53202K(524288K)] 553629K->53202K(699392K), [Metaspace: 44480K->44480K(1087488K)], 0.0544748 secs] [Times: user=0.30 sys=0.01, real=0.06 secs] 
2016-09-24T00:53:05.082-0400: 152.806: [GC (GCLocker Initiated GC) [PSYoungGen: 88064K->85918K(175104K)] 147552K->145406K(699392K), 0.0140631 secs] [Times: user=0.15 sys=0.01, real=0.02 secs] 
2016-09-24T00:53:05.212-0400: 152.936: [GC (GCLocker Initiated GC) [PSYoungGen: 173982K->67501K(175104K)] 233512K->170096K(699392K), 0.0166043 secs] [Times: user=0.17 sys=0.01, real=0.02 secs] 
2016-09-24T00:53:05.327-0400: 153.051: [GC (GCLocker Initiated GC) [PSYoungGen: 155565K->85986K(175104K)] 258219K->219346K(699392K), 0.0155621 secs] [Times: user=0.18 sys=0.01, real=0.02 secs] 
2016-09-24T00:53:05.484-0400: 153.208: [GC (GCLocker Initiated GC) [PSYoungGen: 174050K->61362K(175104K)] 307648K->244008K(699392K), 0.0117784 secs] [Times: user=0.12 sys=0.00, real=0.01 secs] 
2016-09-24T00:53:05.625-0400: 153.348: [GC (GCLocker Initiated GC) [PSYoungGen: 149426K->74032K(175104K)] 338163K->263060K(699392K), 0.0098562 secs] [Times: user=0.10 sys=0.00, real=0.01 secs] 
2016-09-24T00:53:05.764-0400: 153.488: [GC (Allocation Failure) [PSYoungGen: 162096K->37226K(175104K)] 363523K->238748K(699392K), 0.0071368 secs] [Times: user=0.05 sys=0.00, real=0.00 secs] 
2016-09-24T00:53:05.879-0400: 153.602: [GC (GCLocker Initiated GC) [PSYoungGen: 125290K->61198K(175104K)] 326818K->281375K(699392K), 0.0092698 secs] [Times: user=0.08 sys=0.00, real=0.01 secs] 
2016-09-24T00:53:06.007-0400: 153.731: [GC (GCLocker Initiated GC) [PSYoungGen: 149262K->61658K(175104K)] 375751K->324709K(699392K), 0.0314463 secs] [Times: user=0.24 sys=0.00, real=0.03 secs] 
2016-09-24T00:53:06.142-0400: 153.866: [GC (Allocation Failure) [PSYoungGen: 149722K->61558K(175104K)] 419197K->350018K(699392K), 0.0281379 secs] [Times: user=0.28 sys=0.00, real=0.02 secs] 
2016-09-24T00:53:06.267-0400: 153.991: [GC (GCLocker Initiated GC) [PSYoungGen: 149622K->61198K(175104K)] 438087K->386217K(699392K), 0.0183474 secs] [Times: user=0.18 sys=0.00, real=0.02 secs] 
2016-09-24T00:53:06.379-0400: 154.102: [GC (GCLocker Initiated GC) [PSYoungGen: 149262K->73676K(175104K)] 474440K->423282K(699392K), 0.0126834 secs] [Times: user=0.12 sys=0.00, real=0.01 secs] 
2016-09-24T00:53:06.501-0400: 154.225: [GC (GCLocker Initiated GC) [PSYoungGen: 161740K->61462K(175104K)] 517562K->435941K(699392K), 0.0090513 secs] [Times: user=0.07 sys=0.00, real=0.01 secs] 
2016-09-24T00:53:06.623-0400: 154.347: [GC (Allocation Failure) [PSYoungGen: 149526K->43329K(175104K)] 524147K->466818K(699392K), 0.0109879 secs] [Times: user=0.09 sys=0.00, real=0.00 secs] 
2016-09-24T00:53:06.729-0400: 154.453: [GC (GCLocker Initiated GC) [PSYoungGen: 128959K->61462K(175104K)] 558523K->515841K(699392K), 0.0093467 secs] [Times: user=0.08 sys=0.01, real=0.01 secs] 
2016-09-24T00:53:06.880-0400: 154.604: [Full GC (Ergonomics) [PSYoungGen: 149526K->0K(175104K)] [ParOldGen: 466683K->46872K(524288K)] 616209K->46872K(699392K), [Metaspace: 44480K->44480K(1087488K)], 0.0560418 secs] [Times: user=0.25 sys=0.00, real=0.06 secs] 
2016-09-24T00:53:07.046-0400: 154.770: [GC (GCLocker Initiated GC) [PSYoungGen: 88064K->73252K(175104K)] 134984K->120172K(699392K), 0.0216179 secs] [Times: user=0.22 sys=0.00, real=0.02 secs] 
2016-09-24T00:53:07.171-0400: 154.895: [GC (GCLocker Initiated GC) [PSYoungGen: 161316K->61590K(175104K)] 214599K->175759K(699392K), 0.0120142 secs] [Times: user=0.12 sys=0.00, real=0.02 secs] 
2016-09-24T00:53:07.307-0400: 155.031: [GC (GCLocker Initiated GC) [PSYoungGen: 149654K->73672K(175104K)] 270170K->194815K(699392K), 0.0166823 secs] [Times: user=0.19 sys=0.00, real=0.02 secs] 
2016-09-24T00:53:07.455-0400: 155.179: [GC (GCLocker Initiated GC) [PSYoungGen: 161736K->49116K(175104K)] 283055K->188936K(699392K), 0.0141734 secs] [Times: user=0.15 sys=0.00, real=0.01 secs] 
2016-09-24T00:53:07.600-0400: 155.324: [GC (GCLocker Initiated GC) [PSYoungGen: 137180K->55483K(175104K)] 283189K->219813K(699392K), 0.0108910 secs] [Times: user=0.10 sys=0.01, real=0.01 secs] 
2016-09-24T00:53:07.717-0400: 155.441: [GC (GCLocker Initiated GC) [PSYoungGen: 143547K->73900K(175104K)] 314285K->263178K(699392K), 0.0093795 secs] [Times: user=0.13 sys=0.00, real=0.01 secs] 
2016-09-24T00:53:07.846-0400: 155.570: [GC (GCLocker Initiated GC) [PSYoungGen: 161964K->85758K(175104K)] 357427K->324029K(699392K), 0.0109384 secs] [Times: user=0.14 sys=0.00, real=0.01 secs] 
2016-09-24T00:53:07.971-0400: 155.695: [GC (GCLocker Initiated GC) [PSYoungGen: 173822K->61330K(175104K)] 412443K->324354K(699392K), 0.0099597 secs] [Times: user=0.09 sys=0.00, real=0.01 secs] 
2016-09-24T00:53:08.094-0400: 155.818: [GC (GCLocker Initiated GC) [PSYoungGen: 149394K->67341K(175104K)] 412695K->349134K(699392K), 0.0296254 secs] [Times: user=0.30 sys=0.00, real=0.03 secs] 
2016-09-24T00:53:08.231-0400: 155.955: [GC (GCLocker Initiated GC) [PSYoungGen: 155405K->73772K(175104K)] 437386K->374262K(699392K), 0.0161501 secs] [Times: user=0.17 sys=0.01, real=0.02 secs] 
2016-09-24T00:53:08.363-0400: 156.087: [GC (Allocation Failure) [PSYoungGen: 161836K->36998K(175104K)] 468459K->361949K(699392K), 0.0166120 secs] [Times: user=0.18 sys=0.00, real=0.01 secs] 
2016-09-24T00:53:08.465-0400: 156.189: [GC (GCLocker Initiated GC) [PSYoungGen: 125062K->85758K(175104K)] 450019K->441242K(699392K), 0.0154829 secs] [Times: user=0.18 sys=0.00, real=0.01 secs] 
2016-09-24T00:53:08.610-0400: 156.334: [GC (GCLocker Initiated GC) [PSYoungGen: 173822K->79587K(175104K)] 535417K->459690K(699392K), 0.0381987 secs] [Times: user=0.42 sys=0.01, real=0.04 secs] 
2016-09-24T00:53:08.772-0400: 156.495: [GC (GCLocker Initiated GC) [PSYoungGen: 167651K->36802K(175104K)] 547880K->435508K(699392K), 0.0097227 secs] [Times: user=0.07 sys=0.01, real=0.01 secs] 
2016-09-24T00:53:08.887-0400: 156.611: [GC (GCLocker Initiated GC) [PSYoungGen: 124866K->85858K(175104K)] 529929K->491017K(699392K), 0.0220790 secs] [Times: user=0.25 sys=0.00, real=0.02 secs] 
2016-09-24T00:53:09.037-0400: 156.761: [GC (GCLocker Initiated GC) [PSYoungGen: 173922K->37126K(175104K)] 585449K->491602K(699392K), 0.0157178 secs] [Times: user=0.14 sys=0.00, real=0.01 secs] 
2016-09-24T00:53:09.172-0400: 156.896: [GC (GCLocker Initiated GC) [PSYoungGen: 125190K->73740K(175104K)] 579674K->528368K(699392K), 0.0077735 secs] [Times: user=0.09 sys=0.00, real=0.01 secs] 
2016-09-24T00:53:09.294-0400: 157.018: [GC (GCLocker Initiated GC) [PSYoungGen: 161804K->49084K(175104K)] 616782K->540911K(699392K), 0.0356780 secs] [Times: user=0.37 sys=0.00, real=0.04 secs] 
2016-09-24T00:53:09.330-0400: 157.054: [Full GC (Ergonomics) [PSYoungGen: 49084K->0K(175104K)] [ParOldGen: 491827K->53381K(524288K)] 540911K->53381K(699392K), [Metaspace: 44482K->44482K(1087488K)], 0.0540297 secs] [Times: user=0.27 sys=0.01, real=0.06 secs] 
2016-09-24T00:53:09.486-0400: 157.210: [GC (GCLocker Initiated GC) [PSYoungGen: 88064K->86118K(175104K)] 141616K->145745K(699392K), 0.0132383 secs] [Times: user=0.16 sys=0.01, real=0.01 secs] 
2016-09-24T00:53:09.620-0400: 157.344: [GC (GCLocker Initiated GC) [PSYoungGen: 174182K->43009K(175104K)] 233928K->133562K(699392K), 0.0096709 secs] [Times: user=0.06 sys=0.00, real=0.01 secs] 
2016-09-24T00:53:09.743-0400: 157.467: [GC (GCLocker Initiated GC) [PSYoungGen: 131073K->55447K(175104K)] 221836K->146321K(699392K), 0.0148107 secs] [Times: user=0.18 sys=0.01, real=0.01 secs] 
2016-09-24T00:53:09.877-0400: 157.601: [GC (Allocation Failure) [PSYoungGen: 143511K->73540K(175104K)] 240683K->189213K(699392K), 0.0087377 secs] [Times: user=0.10 sys=0.00, real=0.01 secs] 
2016-09-24T00:53:09.990-0400: 157.714: [GC (GCLocker Initiated GC) [PSYoungGen: 161604K->86018K(175104K)] 277282K->207947K(699392K), 0.0084287 secs] [Times: user=0.12 sys=0.00, real=0.01 secs] 
2016-09-24T00:53:10.097-0400: 157.821: [GC (GCLocker Initiated GC) [PSYoungGen: 174082K->55447K(175104K)] 308510K->208392K(699392K), 0.0133926 secs] [Times: user=0.15 sys=0.00, real=0.01 secs] 
2016-09-24T00:53:10.225-0400: 157.949: [GC (GCLocker Initiated GC) [PSYoungGen: 143511K->85790K(175104K)] 296716K->245370K(699392K), 0.0104348 secs] [Times: user=0.13 sys=0.00, real=0.01 secs] 
2016-09-24T00:53:10.379-0400: 158.103: [GC (Allocation Failure) [PSYoungGen: 173854K->36866K(175104K)] 339628K->220969K(699392K), 0.0142236 secs] [Times: user=0.14 sys=0.01, real=0.01 secs] 
2016-09-24T00:53:10.510-0400: 158.234: [GC (Allocation Failure) [PSYoungGen: 124930K->61298K(175104K)] 309033K->245496K(699392K), 0.0289546 secs] [Times: user=0.26 sys=0.00, real=0.03 secs] 
2016-09-24T00:53:10.625-0400: 158.348: [GC (GCLocker Initiated GC) [PSYoungGen: 147369K->79715K(175104K)] 337643K->270288K(699392K), 0.0229363 secs] [Times: user=0.24 sys=0.00, real=0.02 secs] 
2016-09-24T00:53:10.766-0400: 158.490: [GC (GCLocker Initiated GC) [PSYoungGen: 167779K->55415K(175104K)] 359128K->265296K(699392K), 0.0341725 secs] [Times: user=0.48 sys=0.01, real=0.03 secs] 
2016-09-24T00:53:10.908-0400: 158.632: [GC (GCLocker Initiated GC) [PSYoungGen: 143479K->55447K(175104K)] 365855K->296143K(699392K), 0.0091689 secs] [Times: user=0.09 sys=0.00, real=0.01 secs] 
2016-09-24T00:53:11.033-0400: 158.757: [GC (GCLocker Initiated GC) [PSYoungGen: 143511K->86018K(175104K)] 384255K->345131K(699392K), 0.0210538 secs] [Times: user=0.23 sys=0.01, real=0.03 secs] 
2016-09-24T00:53:11.169-0400: 158.893: [GC (Allocation Failure) [PSYoungGen: 174082K->73284K(175104K)] 433298K->369234K(699392K), 0.0162943 secs] [Times: user=0.20 sys=0.00, real=0.02 secs] 
2016-09-24T00:53:11.287-0400: 159.011: [GC (GCLocker Initiated GC) [PSYoungGen: 157100K->55611K(175104K)] 459125K->412438K(699392K), 0.0197474 secs] [Times: user=0.26 sys=0.00, real=0.02 secs] 
2016-09-24T00:53:11.438-0400: 159.162: [GC (GCLocker Initiated GC) [PSYoungGen: 143675K->79683K(175104K)] 506938K->461471K(699392K), 0.0100323 secs] [Times: user=0.11 sys=0.00, real=0.01 secs] 
2016-09-24T00:53:11.579-0400: 159.303: [GC (GCLocker Initiated GC) [PSYoungGen: 167747K->37357K(175104K)] 549662K->437601K(699392K), 0.0066482 secs] [Times: user=0.07 sys=0.00, real=0.01 secs] 
2016-09-24T00:53:11.690-0400: 159.414: [GC (GCLocker Initiated GC) [PSYoungGen: 125421K->73512K(175104K)] 532079K->480429K(699392K), 0.0081081 secs] [Times: user=0.11 sys=0.00, real=0.01 secs] 
2016-09-24T00:53:11.830-0400: 159.554: [GC (GCLocker Initiated GC) [PSYoungGen: 161576K->73608K(175104K)] 574687K->523289K(699392K), 0.0104998 secs] [Times: user=0.10 sys=0.00, real=0.01 secs] 
2016-09-24T00:53:11.970-0400: 159.694: [GC (GCLocker Initiated GC) [PSYoungGen: 161672K->49344K(175104K)] 617683K->505458K(699392K), 0.0247792 secs] [Times: user=0.23 sys=0.01, real=0.03 secs] 
2016-09-24T00:53:12.093-0400: 159.817: [GC (GCLocker Initiated GC) [PSYoungGen: 137408K->61330K(175104K)] 599925K->542324K(699392K), 0.0227057 secs] [Times: user=0.22 sys=0.00, real=0.03 secs] 
2016-09-24T00:53:12.116-0400: 159.840: [Full GC (Ergonomics) [PSYoungGen: 61330K->0K(175104K)] [ParOldGen: 480994K->65319K(524288K)] 542324K->65319K(699392K), [Metaspace: 44482K->44482K(1087488K)], 0.0533418 secs] [Times: user=0.32 sys=0.01, real=0.05 secs] 
2016-09-24T00:53:12.270-0400: 159.994: [GC (GCLocker Initiated GC) [PSYoungGen: 88064K->86897K(175104K)] 159528K->164437K(699392K), 0.0103706 secs] [Times: user=0.12 sys=0.01, real=0.01 secs] 
2016-09-24T00:53:12.409-0400: 160.133: [GC (GCLocker Initiated GC) [PSYoungGen: 174961K->37254K(175104K)] 270901K->207329K(699392K), 0.0124108 secs] [Times: user=0.19 sys=0.00, real=0.01 secs] 
2016-09-24T00:53:12.555-0400: 160.279: [GC (Allocation Failure) [PSYoungGen: 125318K->79523K(175104K)] 295491K->249799K(699392K), 0.0177438 secs] [Times: user=0.19 sys=0.00, real=0.01 secs] 
2016-09-24T00:53:12.666-0400: 160.390: [GC (GCLocker Initiated GC) [PSYoungGen: 167587K->61326K(175104K)] 337869K->292634K(699392K), 0.0116554 secs] [Times: user=0.12 sys=0.01, real=0.01 secs] 
2016-09-24T00:53:12.818-0400: 160.542: [GC (Allocation Failure) [PSYoungGen: 149390K->55419K(175104K)] 386915K->311280K(699392K), 0.0270140 secs] [Times: user=0.31 sys=0.00, real=0.03 secs] 
2016-09-24T00:53:12.979-0400: 160.703: [GC (GCLocker Initiated GC) [PSYoungGen: 141218K->55159K(175104K)] 403154K->317534K(699392K), 0.0160400 secs] [Times: user=0.17 sys=0.00, real=0.02 secs] 
2016-09-24T00:53:13.120-0400: 160.844: [GC (GCLocker Initiated GC) [PSYoungGen: 143223K->36998K(175104K)] 411884K->323972K(699392K), 0.0172468 secs] [Times: user=0.16 sys=0.01, real=0.02 secs] 
2016-09-24T00:53:13.269-0400: 160.993: [GC (GCLocker Initiated GC) [PSYoungGen: 125062K->67437K(175104K)] 412262K->372982K(699392K), 0.0148866 secs] [Times: user=0.15 sys=0.00, real=0.02 secs] 
2016-09-24T00:53:13.395-0400: 161.119: [GC (GCLocker Initiated GC) [PSYoungGen: 155501K->36966K(175104K)] 461334K->379344K(699392K), 0.0094974 secs] [Times: user=0.07 sys=0.00, real=0.01 secs] 
2016-09-24T00:53:13.497-0400: 161.221: [GC (GCLocker Initiated GC) [PSYoungGen: 125030K->73872K(175104K)] 473716K->440886K(699392K), 0.0106267 secs] [Times: user=0.10 sys=0.00, real=0.01 secs] 
2016-09-24T00:53:13.644-0400: 161.368: [GC (GCLocker Initiated GC) [PSYoungGen: 161936K->31414K(175104K)] 541227K->429674K(699392K), 0.0398281 secs] [Times: user=0.40 sys=0.00, real=0.04 secs] 
2016-09-24T00:53:13.797-0400: 161.521: [GC (GCLocker Initiated GC) [PSYoungGen: 119478K->61394K(175104K)] 518317K->478717K(699392K), 0.0078684 secs] [Times: user=0.07 sys=0.00, real=0.01 secs] 
2016-09-24T00:53:13.893-0400: 161.617: [GC (GCLocker Initiated GC) [PSYoungGen: 149458K->55255K(175104K)] 566951K->503555K(699392K), 0.0104360 secs] [Times: user=0.07 sys=0.00, real=0.02 secs] 
2016-09-24T00:53:14.034-0400: 161.758: [GC (GCLocker Initiated GC) [PSYoungGen: 143319K->61426K(175104K)] 603950K->577032K(699392K), 0.0155007 secs] [Times: user=0.17 sys=0.00, real=0.02 secs] 
2016-09-24T00:53:14.050-0400: 161.773: [Full GC (Ergonomics) [PSYoungGen: 61426K->0K(175104K)] [ParOldGen: 515606K->53692K(524288K)] 577032K->53692K(699392K), [Metaspace: 44482K->44482K(1087488K)], 0.0583582 secs] [Times: user=0.37 sys=0.02, real=0.06 secs] 
2016-09-24T00:53:14.208-0400: 161.931: [GC (GCLocker Initiated GC) [PSYoungGen: 88064K->86082K(175104K)] 141798K->139816K(699392K), 0.0174154 secs] [Times: user=0.17 sys=0.00, real=0.02 secs] 
2016-09-24T00:53:14.305-0400: 162.029: [GC (Allocation Failure) [PSYoungGen: 174146K->85826K(175104K)] 228202K->201156K(699392K), 0.0215900 secs] [Times: user=0.18 sys=0.00, real=0.02 secs] 
2016-09-24T00:53:14.413-0400: 162.137: [GC (GCLocker Initiated GC) [PSYoungGen: 173890K->67601K(175104K)] 289226K->225745K(699392K), 0.0182117 secs] [Times: user=0.17 sys=0.00, real=0.02 secs] 
2016-09-24T00:53:14.529-0400: 162.253: [GC (Allocation Failure) [PSYoungGen: 155665K->61298K(175104K)] 314091K->256418K(699392K), 0.0496165 secs] [Times: user=0.41 sys=0.00, real=0.05 secs] 
2016-09-24T00:53:14.690-0400: 162.414: [GC (GCLocker Initiated GC) [PSYoungGen: 144664K->43265K(175104K)] 345860K->281202K(699392K), 0.0125662 secs] [Times: user=0.12 sys=0.01, real=0.02 secs] 
2016-09-24T00:53:14.825-0400: 162.549: [GC (GCLocker Initiated GC) [PSYoungGen: 131329K->85562K(175104K)] 369364K->336038K(699392K), 0.0183465 secs] [Times: user=0.18 sys=0.01, real=0.02 secs] 
2016-09-24T00:53:14.945-0400: 162.669: [GC (GCLocker Initiated GC) [PSYoungGen: 173626K->24979K(175104K)] 424312K->372978K(699392K), 0.0203977 secs] [Times: user=0.16 sys=0.00, real=0.02 secs] 
2016-09-24T00:53:15.060-0400: 162.784: [GC (GCLocker Initiated GC) [PSYoungGen: 113043K->61462K(175104K)] 467349K->440350K(699392K), 0.0095749 secs] [Times: user=0.07 sys=0.00, real=0.01 secs] 
2016-09-24T00:53:15.203-0400: 162.927: [GC (GCLocker Initiated GC) [PSYoungGen: 149526K->37126K(175104K)] 540943K->447208K(699392K), 0.0100415 secs] [Times: user=0.09 sys=0.01, real=0.00 secs] 
2016-09-24T00:53:15.318-0400: 163.042: [GC (GCLocker Initiated GC) [PSYoungGen: 125190K->85630K(175104K)] 535488K->496195K(699392K), 0.0143328 secs] [Times: user=0.14 sys=0.00, real=0.01 secs] 
2016-09-24T00:53:15.455-0400: 163.178: [GC (GCLocker Initiated GC) [PSYoungGen: 173694K->49084K(175104K)] 584614K->508692K(699392K), 0.0159959 secs] [Times: user=0.14 sys=0.01, real=0.01 secs] 
2016-09-24T00:53:15.471-0400: 163.195: [Full GC (Ergonomics) [PSYoungGen: 49084K->0K(175104K)] [ParOldGen: 459608K->53239K(524288K)] 508692K->53239K(699392K), [Metaspace: 44494K->44494K(1087488K)], 0.0544222 secs] [Times: user=0.26 sys=0.01, real=0.06 secs] 
2016-09-24T00:53:15.646-0400: 163.370: [GC (GCLocker Initiated GC) [PSYoungGen: 88064K->86374K(175104K)] 153629K->151939K(699392K), 0.0207955 secs] [Times: user=0.23 sys=0.00, real=0.02 secs] 
2016-09-24T00:53:15.787-0400: 163.511: [GC (GCLocker Initiated GC) [PSYoungGen: 174438K->37322K(175104K)] 252317K->176827K(699392K), 0.0120229 secs] [Times: user=0.10 sys=0.01, real=0.01 secs] 
2016-09-24T00:53:15.902-0400: 163.626: [GC (GCLocker Initiated GC) [PSYoungGen: 125386K->73480K(175104K)] 264995K->231597K(699392K), 0.0223736 secs] [Times: user=0.28 sys=0.00, real=0.02 secs] 
2016-09-24T00:53:16.044-0400: 163.768: [GC (GCLocker Initiated GC) [PSYoungGen: 161544K->49180K(175104K)] 325924K->244211K(699392K), 0.0304037 secs] [Times: user=0.36 sys=0.00, real=0.03 secs] 
2016-09-24T00:53:16.199-0400: 163.923: [GC (GCLocker Initiated GC) [PSYoungGen: 137244K->73772K(175104K)] 332323K->287399K(699392K), 0.0141169 secs] [Times: user=0.17 sys=0.01, real=0.01 secs] 
2016-09-24T00:53:16.313-0400: 164.037: [GC (GCLocker Initiated GC) [PSYoungGen: 161836K->55251K(175104K)] 381737K->318148K(699392K), 0.0098703 secs] [Times: user=0.11 sys=0.00, real=0.02 secs] 
2016-09-24T00:53:16.447-0400: 164.171: [GC (GCLocker Initiated GC) [PSYoungGen: 143315K->73740K(175104K)] 406237K->336797K(699392K), 0.0078109 secs] [Times: user=0.07 sys=0.01, real=0.01 secs] 
2016-09-24T00:53:16.581-0400: 164.304: [GC (Allocation Failure) [PSYoungGen: 161804K->85758K(175104K)] 424993K->416243K(699392K), 0.0250109 secs] [Times: user=0.31 sys=0.00, real=0.03 secs] 
2016-09-24T00:53:16.706-0400: 164.430: [GC (GCLocker Initiated GC) [PSYoungGen: 171084K->49344K(175104K)] 507644K->416563K(699392K), 0.0294321 secs] [Times: user=0.34 sys=0.01, real=0.03 secs] 
2016-09-24T00:53:16.860-0400: 164.584: [GC (GCLocker Initiated GC) [PSYoungGen: 137408K->61266K(175104K)] 504821K->447156K(699392K), 0.0092840 secs] [Times: user=0.09 sys=0.00, real=0.01 secs] 
2016-09-24T00:53:16.984-0400: 164.708: [GC (Allocation Failure) [PSYoungGen: 149330K->73608K(175104K)] 535564K->490508K(699392K), 0.0210788 secs] [Times: user=0.23 sys=0.00, real=0.02 secs] 
2016-09-24T00:53:17.121-0400: 164.845: [GC (GCLocker Initiated GC) [PSYoungGen: 161672K->30859K(175104K)] 578578K->484482K(699392K), 0.0149289 secs] [Times: user=0.11 sys=0.01, real=0.02 secs] 
2016-09-24T00:53:17.136-0400: 164.860: [Full GC (Ergonomics) [PSYoungGen: 30859K->0K(175104K)] [ParOldGen: 453623K->47333K(524288K)] 484482K->47333K(699392K), [Metaspace: 44494K->44494K(1087488K)], 0.0599168 secs] [Times: user=0.31 sys=0.00, real=0.06 secs] 
2016-09-24T00:53:17.295-0400: 165.019: [GC (Allocation Failure) [PSYoungGen: 88064K->86078K(175104K)] 135747K->158061K(699392K), 0.0109735 secs] [Times: user=0.12 sys=0.00, real=0.01 secs] 
2016-09-24T00:53:17.409-0400: 165.133: [GC (GCLocker Initiated GC) [PSYoungGen: 174142K->55287K(175104K)] 246126K->152266K(699392K), 0.0159827 secs] [Times: user=0.15 sys=0.00, real=0.02 secs] 
2016-09-24T00:53:17.536-0400: 165.260: [GC (Allocation Failure) [PSYoungGen: 143351K->67565K(175104K)] 240596K->183318K(699392K), 0.0217224 secs] [Times: user=0.25 sys=0.00, real=0.02 secs] 
2016-09-24T00:53:17.659-0400: 165.383: [GC (GCLocker Initiated GC) [PSYoungGen: 155629K->73772K(175104K)] 271382K->238409K(699392K), 0.0198488 secs] [Times: user=0.19 sys=0.00, real=0.02 secs] 
2016-09-24T00:53:17.807-0400: 165.531: [GC (GCLocker Initiated GC) [PSYoungGen: 161836K->61198K(175104K)] 326683K->244726K(699392K), 0.0179180 secs] [Times: user=0.20 sys=0.00, real=0.02 secs] 
2016-09-24T00:53:17.935-0400: 165.659: [GC (GCLocker Initiated GC) [PSYoungGen: 149262K->85986K(175104K)] 332904K->294048K(699392K), 0.0347920 secs] [Times: user=0.43 sys=0.01, real=0.03 secs] 
2016-09-24T00:53:18.092-0400: 165.816: [GC (Allocation Failure) [PSYoungGen: 174050K->67501K(175104K)] 382160K->342743K(699392K), 0.0250449 secs] [Times: user=0.28 sys=0.00, real=0.03 secs] 
2016-09-24T00:53:18.117-0400: 165.841: [GC (GCLocker Initiated GC) [PSYoungGen: 67854K->64K(175104K)] 343097K->342460K(699392K), 0.0067171 secs] [Times: user=0.06 sys=0.00, real=0.01 secs] 
2016-09-24T00:53:18.261-0400: 165.984: [GC (GCLocker Initiated GC) [PSYoungGen: 88060K->86210K(175104K)] 436531K->440772K(699392K), 0.0162008 secs] [Times: user=0.20 sys=0.00, real=0.02 secs] 
2016-09-24T00:53:18.392-0400: 166.115: [GC (GCLocker Initiated GC) [PSYoungGen: 174274K->61490K(175104K)] 529046K->490062K(699392K), 0.0189288 secs] [Times: user=0.20 sys=0.00, real=0.02 secs] 
2016-09-24T00:53:18.526-0400: 166.249: [Full GC (Ergonomics) [PSYoungGen: 149551K->0K(175104K)] [ParOldGen: 435013K->59538K(524288K)] 584564K->59538K(699392K), [Metaspace: 44497K->44497K(1087488K)], 0.0939350 secs] [Times: user=0.78 sys=0.01, real=0.09 secs] 
2016-09-24T00:53:18.747-0400: 166.471: [GC (GCLocker Initiated GC) [PSYoungGen: 88064K->55874K(175104K)] 160102K->127913K(699392K), 0.0097618 secs] [Times: user=0.12 sys=0.00, real=0.01 secs] 
2016-09-24T00:53:18.853-0400: 166.577: [GC (GCLocker Initiated GC) [PSYoungGen: 143938K->67337K(175104K)] 216171K->176475K(699392K), 0.0173746 secs] [Times: user=0.17 sys=0.00, real=0.02 secs] 
2016-09-24T00:53:18.978-0400: 166.702: [GC (GCLocker Initiated GC) [PSYoungGen: 155401K->61594K(175104K)] 264877K->189422K(699392K), 0.0182127 secs] [Times: user=0.18 sys=0.00, real=0.02 secs] 
2016-09-24T00:53:19.088-0400: 166.812: [GC (GCLocker Initiated GC) [PSYoungGen: 149658K->37094K(175104K)] 277568K->195974K(699392K), 0.0148856 secs] [Times: user=0.13 sys=0.00, real=0.02 secs] 
2016-09-24T00:53:19.223-0400: 166.947: [GC (GCLocker Initiated GC) [PSYoungGen: 125158K->49504K(175104K)] 290155K->257146K(699392K), 0.0083697 secs] [Times: user=0.08 sys=0.00, real=0.00 secs] 
2016-09-24T00:53:19.362-0400: 167.086: [GC (GCLocker Initiated GC) [PSYoungGen: 137568K->49148K(175104K)] 345263K->305726K(699392K), 0.0372604 secs] [Times: user=0.44 sys=0.01, real=0.04 secs] 
2016-09-24T00:53:19.488-0400: 167.212: [GC (GCLocker Initiated GC) [PSYoungGen: 137212K->73640K(175104K)] 393798K->367000K(699392K), 0.0260831 secs] [Times: user=0.36 sys=0.01, real=0.03 secs] 
2016-09-24T00:53:19.654-0400: 167.378: [GC (GCLocker Initiated GC) [PSYoungGen: 161704K->55647K(175104K)] 467339K->398031K(699392K), 0.0159849 secs] [Times: user=0.17 sys=0.00, real=0.01 secs] 
2016-09-24T00:53:19.810-0400: 167.533: [GC (GCLocker Initiated GC) [PSYoungGen: 143711K->79327K(175104K)] 486143K->422034K(699392K), 0.0193551 secs] [Times: user=0.19 sys=0.01, real=0.02 secs] 
2016-09-24T00:53:19.916-0400: 167.640: [GC (GCLocker Initiated GC) [PSYoungGen: 167391K->36770K(175104K)] 516282K->434349K(699392K), 0.0157292 secs] [Times: user=0.14 sys=0.00, real=0.01 secs] 
2016-09-24T00:53:20.047-0400: 167.771: [GC (GCLocker Initiated GC) [PSYoungGen: 124834K->79915K(175104K)] 522432K->495881K(699392K), 0.0102489 secs] [Times: user=0.08 sys=0.01, real=0.01 secs] 
2016-09-24T00:53:20.187-0400: 167.911: [GC (Allocation Failure) [PSYoungGen: 167979K->61234K(175104K)] 584216K->496136K(699392K), 0.0139709 secs] [Times: user=0.13 sys=0.00, real=0.01 secs] 
2016-09-24T00:53:20.298-0400: 168.022: [GC (GCLocker Initiated GC) [PSYoungGen: 149298K->61362K(175104K)] 584202K->526744K(699392K), 0.0361398 secs] [Times: user=0.37 sys=0.00, real=0.04 secs] 
2016-09-24T00:53:20.335-0400: 168.059: [Full GC (Ergonomics) [PSYoungGen: 61362K->0K(175104K)] [ParOldGen: 465382K->59985K(524288K)] 526744K->59985K(699392K), [Metaspace: 44497K->44497K(1087488K)], 0.0576139 secs] [Times: user=0.33 sys=0.01, real=0.05 secs] 
2016-09-24T00:53:20.489-0400: 168.213: [GC (GCLocker Initiated GC) [PSYoungGen: 88064K->73868K(175104K)] 148192K->133996K(699392K), 0.0142361 secs] [Times: user=0.15 sys=0.01, real=0.02 secs] 
2016-09-24T00:53:20.638-0400: 168.362: [GC (Allocation Failure) [PSYoungGen: 161932K->43201K(175104K)] 228271K->171010K(699392K), 0.0213799 secs] [Times: user=0.22 sys=0.00, real=0.02 secs] 
2016-09-24T00:53:20.765-0400: 168.489: [GC (GCLocker Initiated GC) [PSYoungGen: 131265K->73676K(175104K)] 259080K->201758K(699392K), 0.0095990 secs] [Times: user=0.07 sys=0.00, real=0.01 secs] 
2016-09-24T00:53:20.895-0400: 168.619: [GC (GCLocker Initiated GC) [PSYoungGen: 161740K->30859K(175104K)] 290082K->195895K(699392K), 0.0171537 secs] [Times: user=0.15 sys=0.00, real=0.01 secs] 
2016-09-24T00:53:21.043-0400: 168.767: [GC (Allocation Failure) [PSYoungGen: 118923K->85790K(175104K)] 284079K->281449K(699392K), 0.0121020 secs] [Times: user=0.17 sys=0.01, real=0.01 secs] 
2016-09-24T00:53:21.165-0400: 168.889: [GC (GCLocker Initiated GC) [PSYoungGen: 172492K->31054K(175104K)] 374226K->281492K(699392K), 0.0097167 secs] [Times: user=0.08 sys=0.00, real=0.01 secs] 
2016-09-24T00:53:21.272-0400: 168.996: [GC (GCLocker Initiated GC) [PSYoungGen: 119118K->74032K(175104K)] 369766K->361436K(699392K), 0.0114659 secs] [Times: user=0.17 sys=0.00, real=0.02 secs] 
2016-09-24T00:53:21.403-0400: 169.127: [GC (GCLocker Initiated GC) [PSYoungGen: 162096K->61654K(175104K)] 455825K->373751K(699392K), 0.0086954 secs] [Times: user=0.09 sys=0.00, real=0.00 secs] 
2016-09-24T00:53:21.513-0400: 169.237: [GC (GCLocker Initiated GC) [PSYoungGen: 149718K->67337K(175104K)] 461863K->416380K(699392K), 0.0178481 secs] [Times: user=0.21 sys=0.00, real=0.02 secs] 
2016-09-24T00:53:21.647-0400: 169.371: [GC (GCLocker Initiated GC) [PSYoungGen: 155401K->86018K(175104K)] 510572K->489949K(699392K), 0.0123338 secs] [Times: user=0.18 sys=0.00, real=0.01 secs] 
2016-09-24T00:53:21.780-0400: 169.504: [GC (Allocation Failure) [PSYoungGen: 174082K->61590K(175104K)] 584164K->502322K(699392K), 0.0158848 secs] [Times: user=0.18 sys=0.01, real=0.02 secs] 
2016-09-24T00:53:21.887-0400: 169.611: [GC (GCLocker Initiated GC) [PSYoungGen: 146564K->55319K(175104K)] 593371K->544951K(699392K), 0.0158773 secs] [Times: user=0.19 sys=0.01, real=0.02 secs] 
2016-09-24T00:53:21.903-0400: 169.627: [Full GC (Ergonomics) [PSYoungGen: 55319K->0K(175104K)] [ParOldGen: 489632K->47630K(524288K)] 544951K->47630K(699392K), [Metaspace: 44502K->44502K(1087488K)], 0.0569704 secs] [Times: user=0.34 sys=0.01, real=0.05 secs] 
2016-09-24T00:53:22.072-0400: 169.796: [GC (GCLocker Initiated GC) [PSYoungGen: 88064K->80035K(175104K)] 136038K->128009K(699392K), 0.0197994 secs] [Times: user=0.22 sys=0.00, real=0.02 secs] 
2016-09-24T00:53:22.209-0400: 169.932: [GC (GCLocker Initiated GC) [PSYoungGen: 168099K->79979K(175104K)] 216143K->159125K(699392K), 0.0122555 secs] [Times: user=0.11 sys=0.00, real=0.01 secs] 
2016-09-24T00:53:22.329-0400: 170.052: [GC (GCLocker Initiated GC) [PSYoungGen: 168043K->85854K(175104K)] 247287K->220417K(699392K), 0.0118463 secs] [Times: user=0.14 sys=0.00, real=0.01 secs] 
2016-09-24T00:53:22.469-0400: 170.193: [GC (GCLocker Initiated GC) [PSYoungGen: 173918K->49244K(175104K)] 308707K->226865K(699392K), 0.0301885 secs] [Times: user=0.32 sys=0.00, real=0.03 secs] 
2016-09-24T00:53:22.617-0400: 170.341: [GC (GCLocker Initiated GC) [PSYoungGen: 137308K->67533K(175104K)] 315005K->281948K(699392K), 0.0311067 secs] [Times: user=0.41 sys=0.00, real=0.03 secs] 
2016-09-24T00:53:22.748-0400: 170.472: [GC (GCLocker Initiated GC) [PSYoungGen: 155597K->55515K(175104K)] 376369K->331082K(699392K), 0.0094198 secs] [Times: user=0.10 sys=0.00, real=0.01 secs] 
2016-09-24T00:53:22.896-0400: 170.620: [GC (Allocation Failure) [PSYoungGen: 143579K->43169K(175104K)] 431539K->368027K(699392K), 0.0260264 secs] [Times: user=0.28 sys=0.00, real=0.03 secs] 
2016-09-24T00:53:23.044-0400: 170.768: [GC (GCLocker Initiated GC) [PSYoungGen: 127601K->55355K(175104K)] 458534K->398705K(699392K), 0.0212728 secs] [Times: user=0.20 sys=0.00, real=0.02 secs] 
2016-09-24T00:53:23.176-0400: 170.900: [GC (GCLocker Initiated GC) [PSYoungGen: 143419K->73480K(175104K)] 487096K->417425K(699392K), 0.0175413 secs] [Times: user=0.19 sys=0.01, real=0.01 secs] 
2016-09-24T00:53:23.291-0400: 171.015: [GC (GCLocker Initiated GC) [PSYoungGen: 161544K->85562K(175104K)] 505519K->448062K(699392K), 0.0167395 secs] [Times: user=0.21 sys=0.00, real=0.02 secs] 
2016-09-24T00:53:23.441-0400: 171.165: [GC (GCLocker Initiated GC) [PSYoungGen: 173626K->85890K(175104K)] 536269K->509402K(699392K), 0.0222707 secs] [Times: user=0.29 sys=0.01, real=0.03 secs] 
2016-09-24T00:53:23.583-0400: 171.307: [GC (Allocation Failure) [PSYoungGen: 173954K->55319K(175104K)] 603717K->509666K(699392K), 0.0083302 secs] [Times: user=0.08 sys=0.00, real=0.00 secs] 
2016-09-24T00:53:23.592-0400: 171.316: [Full GC (Ergonomics) [PSYoungGen: 55319K->0K(175104K)] [ParOldGen: 454347K->47852K(524288K)] 509666K->47852K(699392K), [Metaspace: 44502K->44502K(1087488K)], 0.0552176 secs] [Times: user=0.25 sys=0.02, real=0.06 secs] 
2016-09-24T00:53:23.744-0400: 171.468: [GC (GCLocker Initiated GC) [PSYoungGen: 83423K->73576K(175104K)] 137350K->127503K(699392K), 0.0218163 secs] [Times: user=0.24 sys=0.00, real=0.02 secs] 
2016-09-24T00:53:23.890-0400: 171.614: [GC (GCLocker Initiated GC) [PSYoungGen: 161640K->24912K(175104K)] 221685K->139939K(699392K), 0.0177259 secs] [Times: user=0.20 sys=0.00, real=0.02 secs] 
2016-09-24T00:53:24.047-0400: 171.770: [GC (GCLocker Initiated GC) [PSYoungGen: 112976K->67989K(175104K)] 246388K->219941K(699392K), 0.0107481 secs] [Times: user=0.10 sys=0.00, real=0.01 secs] 
2016-09-24T00:53:24.198-0400: 171.922: [GC (GCLocker Initiated GC) [PSYoungGen: 156053K->43368K(175104K)] 314436K->214317K(699392K), 0.0226779 secs] [Times: user=0.23 sys=0.00, real=0.02 secs] 
2016-09-24T00:53:24.331-0400: 172.055: [GC (GCLocker Initiated GC) [PSYoungGen: 131432K->73672K(175104K)] 302395K->263167K(699392K), 0.0162314 secs] [Times: user=0.20 sys=0.00, real=0.02 secs] 
2016-09-24T00:53:24.473-0400: 172.197: [GC (GCLocker Initiated GC) [PSYoungGen: 161736K->37517K(175104K)] 369704K->264019K(699392K), 0.0064836 secs] [Times: user=0.08 sys=0.00, real=0.01 secs] 
2016-09-24T00:53:24.610-0400: 172.334: [GC (GCLocker Initiated GC) [PSYoungGen: 125581K->55579K(175104K)] 358423K->288868K(699392K), 0.0190629 secs] [Times: user=0.18 sys=0.01, real=0.02 secs] 
2016-09-24T00:53:24.724-0400: 172.448: [GC (GCLocker Initiated GC) [PSYoungGen: 143643K->73804K(175104K)] 383055K->331576K(699392K), 0.0080111 secs] [Times: user=0.09 sys=0.00, real=0.00 secs] 
2016-09-24T00:53:24.841-0400: 172.564: [GC (GCLocker Initiated GC) [PSYoungGen: 161868K->79751K(175104K)] 419806K->392476K(699392K), 0.0233040 secs] [Times: user=0.22 sys=0.00, real=0.03 secs] 
2016-09-24T00:53:24.991-0400: 172.715: [GC (GCLocker Initiated GC) [PSYoungGen: 167815K->37062K(175104K)] 486695K->398774K(699392K), 0.0126717 secs] [Times: user=0.12 sys=0.00, real=0.02 secs] 
2016-09-24T00:53:25.107-0400: 172.830: [GC (GCLocker Initiated GC) [PSYoungGen: 125126K->67537K(175104K)] 493269K->435923K(699392K), 0.0353801 secs] [Times: user=0.34 sys=0.00, real=0.03 secs] 
2016-09-24T00:53:25.273-0400: 172.996: [GC (GCLocker Initiated GC) [PSYoungGen: 155601K->37130K(175104K)] 536460K->436621K(699392K), 0.0144848 secs] [Times: user=0.12 sys=0.01, real=0.02 secs] 
2016-09-24T00:53:25.423-0400: 173.147: [GC (Allocation Failure) [PSYoungGen: 125194K->67405K(175104K)] 525040K->467355K(699392K), 0.0126262 secs] [Times: user=0.12 sys=0.00, real=0.01 secs] 
2016-09-24T00:53:25.538-0400: 173.262: [GC (GCLocker Initiated GC) [PSYoungGen: 149811K->61298K(175104K)] 555836K->485807K(699392K), 0.0095455 secs] [Times: user=0.09 sys=0.00, real=0.01 secs] 
2016-09-24T00:53:25.668-0400: 173.392: [GC (GCLocker Initiated GC) [PSYoungGen: 149362K->37098K(175104K)] 580178K->498384K(699392K), 0.0236440 secs] [Times: user=0.23 sys=0.00, real=0.02 secs] 
2016-09-24T00:53:25.691-0400: 173.415: [Full GC (Ergonomics) [PSYoungGen: 37098K->0K(175104K)] [ParOldGen: 461286K->53737K(524288K)] 498384K->53737K(699392K), [Metaspace: 44518K->44518K(1087488K)], 0.0583081 secs] [Times: user=0.29 sys=0.00, real=0.06 secs] 
2016-09-24T00:53:25.845-0400: 173.569: [GC (GCLocker Initiated GC) [PSYoungGen: 88064K->85794K(175104K)] 142084K->139814K(699392K), 0.0097374 secs] [Times: user=0.08 sys=0.00, real=0.01 secs] 
2016-09-24T00:53:25.955-0400: 173.679: [GC (GCLocker Initiated GC) [PSYoungGen: 173858K->49148K(175104K)] 227926K->152068K(699392K), 0.0282553 secs] [Times: user=0.26 sys=0.00, real=0.03 secs] 
2016-09-24T00:53:26.089-0400: 173.813: [GC (Allocation Failure) [PSYoungGen: 137212K->73580K(175104K)] 246231K->207183K(699392K), 0.0141884 secs] [Times: user=0.13 sys=0.00, real=0.02 secs] 
2016-09-24T00:53:26.252-0400: 173.976: [GC (GCLocker Initiated GC) [PSYoungGen: 160323K->55387K(175104K)] 300001K->250187K(699392K), 0.0468083 secs] [Times: user=0.47 sys=0.01, real=0.05 secs] 
2016-09-24T00:53:26.432-0400: 174.156: [GC (GCLocker Initiated GC) [PSYoungGen: 143451K->73544K(175104K)] 344687K->275228K(699392K), 0.0141282 secs] [Times: user=0.17 sys=0.00, real=0.02 secs] 
2016-09-24T00:53:26.570-0400: 174.294: [GC (GCLocker Initiated GC) [PSYoungGen: 161608K->73672K(175104K)] 363423K->281690K(699392K), 0.0148335 secs] [Times: user=0.18 sys=0.00, real=0.02 secs] 
2016-09-24T00:53:26.703-0400: 174.427: [GC (GCLocker Initiated GC) [PSYoungGen: 161736K->37190K(175104K)] 370059K->324640K(699392K), 0.0175307 secs] [Times: user=0.20 sys=0.01, real=0.01 secs] 
2016-09-24T00:53:26.820-0400: 174.543: [GC (GCLocker Initiated GC) [PSYoungGen: 125254K->85986K(175104K)] 412970K->392210K(699392K), 0.0101297 secs] [Times: user=0.09 sys=0.00, real=0.01 secs] 
2016-09-24T00:53:26.920-0400: 174.644: [GC (GCLocker Initiated GC) [PSYoungGen: 174050K->73804K(175104K)] 486475K->416919K(699392K), 0.0152081 secs] [Times: user=0.17 sys=0.01, real=0.02 secs] 
2016-09-24T00:53:27.076-0400: 174.800: [GC (GCLocker Initiated GC) [PSYoungGen: 161868K->67209K(175104K)] 504987K->447046K(699392K), 0.0242819 secs] [Times: user=0.23 sys=0.00, real=0.02 secs] 
2016-09-24T00:53:27.222-0400: 174.946: [GC (GCLocker Initiated GC) [PSYoungGen: 155273K->85822K(175104K)] 535202K->484079K(699392K), 0.0252709 secs] [Times: user=0.26 sys=0.00, real=0.03 secs] 
2016-09-24T00:53:27.354-0400: 175.078: [GC (GCLocker Initiated GC) [PSYoungGen: 173886K->74164K(175104K)] 572201K->533577K(699392K), 0.0116097 secs] [Times: user=0.13 sys=0.01, real=0.01 secs] 
2016-09-24T00:53:27.366-0400: 175.090: [Full GC (Ergonomics) [PSYoungGen: 74164K->0K(175104K)] [ParOldGen: 459413K->54212K(524288K)] 533577K->54212K(699392K), [Metaspace: 44518K->44518K(1087488K)], 0.0669561 secs] [Times: user=0.47 sys=0.01, real=0.06 secs] 
2016-09-24T00:53:27.533-0400: 175.257: [GC (GCLocker Initiated GC) [PSYoungGen: 88064K->85954K(175104K)] 142425K->164615K(699392K), 0.0195534 secs] [Times: user=0.25 sys=0.00, real=0.02 secs] 
2016-09-24T00:53:27.649-0400: 175.373: [GC (GCLocker Initiated GC) [PSYoungGen: 174018K->55351K(175104K)] 252838K->213438K(699392K), 0.0121489 secs] [Times: user=0.16 sys=0.00, real=0.01 secs] 
2016-09-24T00:53:27.760-0400: 175.483: [GC (GCLocker Initiated GC) [PSYoungGen: 143415K->55319K(175104K)] 307646K->274509K(699392K), 0.0153138 secs] [Times: user=0.17 sys=0.00, real=0.02 secs] 
2016-09-24T00:53:27.895-0400: 175.619: [GC (GCLocker Initiated GC) [PSYoungGen: 143383K->61430K(175104K)] 362879K->299246K(699392K), 0.0330833 secs] [Times: user=0.37 sys=0.00, real=0.03 secs] 
2016-09-24T00:53:28.045-0400: 175.769: [GC (GCLocker Initiated GC) [PSYoungGen: 149494K->85886K(175104K)] 393522K->348447K(699392K), 0.0100688 secs] [Times: user=0.15 sys=0.00, real=0.01 secs] 
2016-09-24T00:53:28.203-0400: 175.927: [GC (Allocation Failure) [PSYoungGen: 173950K->25139K(175104K)] 448893K->367067K(699392K), 0.0185456 secs] [Times: user=0.23 sys=0.00, real=0.01 secs] 
2016-09-24T00:53:28.305-0400: 176.029: [GC (GCLocker Initiated GC) [PSYoungGen: 111480K->85854K(175104K)] 459482K->434180K(699392K), 0.0083892 secs] [Times: user=0.09 sys=0.01, real=0.00 secs] 
2016-09-24T00:53:28.420-0400: 176.144: [GC (GCLocker Initiated GC) [PSYoungGen: 173918K->79683K(175104K)] 522560K->446857K(699392K), 0.0155669 secs] [Times: user=0.17 sys=0.00, real=0.02 secs] 
2016-09-24T00:53:28.534-0400: 176.258: [GC (GCLocker Initiated GC) [PSYoungGen: 167747K->67337K(175104K)] 534968K->465225K(699392K), 0.0306360 secs] [Times: user=0.31 sys=0.01, real=0.03 secs] 
2016-09-24T00:53:28.673-0400: 176.397: [GC (GCLocker Initiated GC) [PSYoungGen: 155401K->79879K(175104K)] 553656K->514711K(699392K), 0.0145389 secs] [Times: user=0.13 sys=0.00, real=0.02 secs] 
2016-09-24T00:53:28.812-0400: 176.536: [Full GC (Ergonomics) [PSYoungGen: 167941K->0K(175104K)] [ParOldGen: 447337K->53887K(524288K)] 615279K->53887K(699392K), [Metaspace: 44518K->44518K(1087488K)], 0.0820056 secs] [Times: user=0.52 sys=0.00, real=0.09 secs] 
2016-09-24T00:53:29.013-0400: 176.737: [GC (GCLocker Initiated GC) [PSYoungGen: 88064K->85726K(175104K)] 142235K->158122K(699392K), 0.0100537 secs] [Times: user=0.10 sys=0.00, real=0.02 secs] 
2016-09-24T00:53:29.138-0400: 176.862: [GC (GCLocker Initiated GC) [PSYoungGen: 173790K->36998K(175104K)] 246361K->182721K(699392K), 0.0128995 secs] [Times: user=0.11 sys=0.00, real=0.01 secs] 
2016-09-24T00:53:29.281-0400: 177.005: [GC (Allocation Failure) [PSYoungGen: 125062K->55483K(175104K)] 277070K->225827K(699392K), 0.0232156 secs] [Times: user=0.22 sys=0.01, real=0.03 secs] 
2016-09-24T00:53:29.418-0400: 177.142: [GC (GCLocker Initiated GC) [PSYoungGen: 143547K->79587K(175104K)] 313897K->250220K(699392K), 0.0119300 secs] [Times: user=0.10 sys=0.00, real=0.01 secs] 
2016-09-24T00:53:29.541-0400: 177.265: [GC (GCLocker Initiated GC) [PSYoungGen: 167651K->24947K(175104K)] 344593K->238435K(699392K), 0.0149138 secs] [Times: user=0.15 sys=0.00, real=0.02 secs] 
2016-09-24T00:53:29.653-0400: 177.377: [GC (GCLocker Initiated GC) [PSYoungGen: 113011K->73640K(175104K)] 332834K->293738K(699392K), 0.0108915 secs] [Times: user=0.11 sys=0.00, real=0.02 secs] 
2016-09-24T00:53:29.805-0400: 177.529: [GC (GCLocker Initiated GC) [PSYoungGen: 161704K->37229K(175104K)] 394246K->269867K(699392K), 0.0085161 secs] [Times: user=0.07 sys=0.00, real=0.00 secs] 
2016-09-24T00:53:29.922-0400: 177.646: [GC (GCLocker Initiated GC) [PSYoungGen: 125293K->67373K(175104K)] 364216K->306711K(699392K), 0.0172323 secs] [Times: user=0.15 sys=0.00, real=0.02 secs] 
2016-09-24T00:53:30.062-0400: 177.785: [GC (GCLocker Initiated GC) [PSYoungGen: 155437K->55255K(175104K)] 395007K->331534K(699392K), 0.0193520 secs] [Times: user=0.21 sys=0.01, real=0.02 secs] 
2016-09-24T00:53:30.211-0400: 177.935: [GC (Allocation Failure) [PSYoungGen: 143319K->61458K(175104K)] 425798K->344033K(699392K), 0.0068693 secs] [Times: user=0.06 sys=0.00, real=0.01 secs] 
2016-09-24T00:53:30.337-0400: 178.061: [GC (GCLocker Initiated GC) [PSYoungGen: 149521K->55219K(175104K)] 432102K->362367K(699392K), 0.0355465 secs] [Times: user=0.40 sys=0.00, real=0.03 secs] 
2016-09-24T00:53:30.466-0400: 178.190: [GC (GCLocker Initiated GC) [PSYoungGen: 143283K->73708K(175104K)] 450552K->399330K(699392K), 0.0139433 secs] [Times: user=0.14 sys=0.00, real=0.01 secs] 
2016-09-24T00:53:30.610-0400: 178.334: [GC (GCLocker Initiated GC) [PSYoungGen: 161772K->73740K(175104K)] 493701K->424349K(699392K), 0.0339840 secs] [Times: user=0.33 sys=0.01, real=0.04 secs] 
2016-09-24T00:53:30.731-0400: 178.455: [GC (GCLocker Initiated GC) [PSYoungGen: 161804K->79551K(175104K)] 512618K->449061K(699392K), 0.0115434 secs] [Times: user=0.17 sys=0.00, real=0.02 secs] 
2016-09-24T00:53:30.864-0400: 178.588: [GC (GCLocker Initiated GC) [PSYoungGen: 167615K->79879K(175104K)] 537336K->504426K(699392K), 0.0118390 secs] [Times: user=0.18 sys=0.00, real=0.01 secs] 
2016-09-24T00:53:30.991-0400: 178.715: [GC (GCLocker Initiated GC) [PSYoungGen: 167943K->79683K(175104K)] 592538K->534953K(699392K), 0.0100528 secs] [Times: user=0.11 sys=0.00, real=0.01 secs] 
2016-09-24T00:53:31.099-0400: 178.823: [GC (GCLocker Initiated GC) [PSYoungGen: 167747K->49376K(175104K)] 623244K->572005K(699392K), 0.0231104 secs] [Times: user=0.26 sys=0.00, real=0.02 secs] 
2016-09-24T00:53:31.122-0400: 178.846: [Full GC (Ergonomics) [PSYoungGen: 49376K->0K(175104K)] [ParOldGen: 522629K->52855K(524288K)] 572005K->52855K(699392K), [Metaspace: 44518K->44518K(1087488K)], 0.0931586 secs] [Times: user=0.78 sys=0.03, real=0.10 secs] 
2016-09-24T00:53:31.300-0400: 179.023: [GC (GCLocker Initiated GC) [PSYoungGen: 88064K->80067K(175104K)] 147259K->139263K(699392K), 0.0083213 secs] [Times: user=0.06 sys=0.00, real=0.01 secs] 
2016-09-24T00:53:31.405-0400: 179.129: [GC (GCLocker Initiated GC) [PSYoungGen: 168131K->61622K(175104K)] 227375K->157847K(699392K), 0.0145331 secs] [Times: user=0.11 sys=0.01, real=0.01 secs] 
2016-09-24T00:53:31.558-0400: 179.281: [GC (Allocation Failure) [PSYoungGen: 149686K->55251K(175104K)] 252112K->218890K(699392K), 0.0173640 secs] [Times: user=0.23 sys=0.00, real=0.02 secs] 
2016-09-24T00:53:31.693-0400: 179.417: [GC (GCLocker Initiated GC) [PSYoungGen: 143315K->73412K(175104K)] 306955K->273622K(699392K), 0.0116953 secs] [Times: user=0.12 sys=0.00, real=0.02 secs] 
2016-09-24T00:53:31.806-0400: 179.530: [GC (GCLocker Initiated GC) [PSYoungGen: 161476K->85954K(175104K)] 368111K->298799K(699392K), 0.0152993 secs] [Times: user=0.18 sys=0.00, real=0.01 secs] 
2016-09-24T00:53:31.928-0400: 179.652: [GC (GCLocker Initiated GC) [PSYoungGen: 174018K->73544K(175104K)] 387219K->305237K(699392K), 0.0207202 secs] [Times: user=0.22 sys=0.00, real=0.02 secs] 
2016-09-24T00:53:32.072-0400: 179.796: [GC (GCLocker Initiated GC) [PSYoungGen: 161608K->61394K(175104K)] 393668K->342149K(699392K), 0.0236835 secs] [Times: user=0.25 sys=0.00, real=0.03 secs] 
2016-09-24T00:53:32.219-0400: 179.943: [GC (GCLocker Initiated GC) [PSYoungGen: 149458K->55483K(175104K)] 430261K->354598K(699392K), 0.0095822 secs] [Times: user=0.08 sys=0.00, real=0.01 secs] 
2016-09-24T00:53:32.338-0400: 180.062: [GC (Allocation Failure) [PSYoungGen: 143547K->49116K(175104K)] 442704K->366774K(699392K), 0.0235306 secs] [Times: user=0.26 sys=0.01, real=0.02 secs] 
2016-09-24T00:53:32.479-0400: 180.203: [GC (GCLocker Initiated GC) [PSYoungGen: 137180K->79683K(175104K)] 454843K->434104K(699392K), 0.0280335 secs] [Times: user=0.31 sys=0.01, real=0.03 secs] 
2016-09-24T00:53:32.634-0400: 180.358: [GC (GCLocker Initiated GC) [PSYoungGen: 167747K->55415K(175104K)] 534613K->440829K(699392K), 0.0106863 secs] [Times: user=0.10 sys=0.00, real=0.02 secs] 
2016-09-24T00:53:32.767-0400: 180.491: [GC (Allocation Failure) [PSYoungGen: 143479K->55127K(175104K)] 529070K->440969K(699392K), 0.0127078 secs] [Times: user=0.13 sys=0.00, real=0.01 secs] 
2016-09-24T00:53:32.888-0400: 180.612: [GC (GCLocker Initiated GC) [PSYoungGen: 143191K->73544K(175104K)] 529049K->502226K(699392K), 0.0147608 secs] [Times: user=0.16 sys=0.00, real=0.02 secs] 
2016-09-24T00:53:33.011-0400: 180.735: [GC (GCLocker Initiated GC) [PSYoungGen: 161608K->85758K(175104K)] 596424K->551273K(699392K), 0.0174067 secs] [Times: user=0.19 sys=0.00, real=0.02 secs] 
2016-09-24T00:53:33.029-0400: 180.753: [Full GC (Ergonomics) [PSYoungGen: 85758K->0K(175104K)] [ParOldGen: 465514K->53051K(524288K)] 551273K->53051K(699392K), [Metaspace: 44518K->44518K(1087488K)], 0.0615637 secs] [Times: user=0.31 sys=0.01, real=0.06 secs] 
2016-09-24T00:53:33.181-0400: 180.905: [GC (Allocation Failure) [PSYoungGen: 88064K->86630K(175104K)] 147366K->170232K(699392K), 0.0334639 secs] [Times: user=0.39 sys=0.00, real=0.04 secs] 
2016-09-24T00:53:33.314-0400: 181.038: [GC (GCLocker Initiated GC) [PSYoungGen: 174173K->79747K(175104K)] 263850K->212924K(699392K), 0.0175300 secs] [Times: user=0.20 sys=0.00, real=0.02 secs] 
2016-09-24T00:53:33.458-0400: 181.181: [GC (GCLocker Initiated GC) [PSYoungGen: 167811K->43105K(175104K)] 313393K->225405K(699392K), 0.0172880 secs] [Times: user=0.17 sys=0.01, real=0.02 secs] 
2016-09-24T00:53:33.586-0400: 181.310: [GC (GCLocker Initiated GC) [PSYoungGen: 131169K->55615K(175104K)] 319575K->274515K(699392K), 0.0142759 secs] [Times: user=0.16 sys=0.00, real=0.01 secs] 
2016-09-24T00:53:33.704-0400: 181.428: [GC (GCLocker Initiated GC) [PSYoungGen: 143679K->55415K(175104K)] 368706K->299131K(699392K), 0.0292525 secs] [Times: user=0.37 sys=0.00, real=0.02 secs] 
2016-09-24T00:53:33.839-0400: 181.563: [GC (GCLocker Initiated GC) [PSYoungGen: 143479K->85954K(175104K)] 387282K->360399K(699392K), 0.0099369 secs] [Times: user=0.13 sys=0.00, real=0.01 secs] 
2016-09-24T00:53:33.965-0400: 181.689: [GC (GCLocker Initiated GC) [PSYoungGen: 174018K->73544K(175104K)] 448506K->384773K(699392K), 0.0095488 secs] [Times: user=0.10 sys=0.00, real=0.01 secs] 
2016-09-24T00:53:34.087-0400: 181.811: [GC (GCLocker Initiated GC) [PSYoungGen: 161608K->85694K(175104K)] 472912K->415506K(699392K), 0.0270294 secs] [Times: user=0.32 sys=0.01, real=0.03 secs] 
2016-09-24T00:53:34.231-0400: 181.954: [GC (GCLocker Initiated GC) [PSYoungGen: 173758K->73704K(175104K)] 503806K->440533K(699392K), 0.0102968 secs] [Times: user=0.16 sys=0.00, real=0.01 secs] 
2016-09-24T00:53:34.350-0400: 182.074: [GC (GCLocker Initiated GC) [PSYoungGen: 161768K->61458K(175104K)] 528809K->446844K(699392K), 0.0093918 secs] [Times: user=0.08 sys=0.01, real=0.01 secs] 
2016-09-24T00:53:34.449-0400: 182.173: [GC (GCLocker Initiated GC) [PSYoungGen: 149522K->85954K(175104K)] 535112K->514408K(699392K), 0.0152846 secs] [Times: user=0.18 sys=0.01, real=0.02 secs] 
2016-09-24T00:53:34.589-0400: 182.313: [GC (GCLocker Initiated GC) [PSYoungGen: 174018K->30827K(175104K)] 602638K->484162K(699392K), 0.0271950 secs] [Times: user=0.29 sys=0.01, real=0.03 secs] 
2016-09-24T00:53:34.713-0400: 182.437: [GC (GCLocker Initiated GC) [PSYoungGen: 118891K->55615K(175104K)] 578319K->533551K(699392K), 0.0184479 secs] [Times: user=0.20 sys=0.00, real=0.02 secs] 
2016-09-24T00:53:34.732-0400: 182.455: [Full GC (Ergonomics) [PSYoungGen: 55615K->0K(175104K)] [ParOldGen: 477936K->46814K(524288K)] 533551K->46814K(699392K), [Metaspace: 44527K->44527K(1087488K)], 0.0602601 secs] [Times: user=0.36 sys=0.01, real=0.06 secs] 
2016-09-24T00:53:34.922-0400: 182.646: [GC (GCLocker Initiated GC) [PSYoungGen: 88064K->86046K(175104K)] 134948K->163305K(699392K), 0.0210309 secs] [Times: user=0.30 sys=0.00, real=0.02 secs] 
2016-09-24T00:53:35.044-0400: 182.768: [GC (GCLocker Initiated GC) [PSYoungGen: 174110K->37030K(175104K)] 257491K->163460K(699392K), 0.0206554 secs] [Times: user=0.25 sys=0.01, real=0.02 secs] 
2016-09-24T00:53:35.146-0400: 182.869: [GC (GCLocker Initiated GC) [PSYoungGen: 125094K->85954K(175104K)] 251756K->255457K(699392K), 0.0217526 secs] [Times: user=0.30 sys=0.02, real=0.02 secs] 
2016-09-24T00:53:35.288-0400: 183.012: [GC (GCLocker Initiated GC) [PSYoungGen: 174018K->55515K(175104K)] 355735K->273949K(699392K), 0.0184126 secs] [Times: user=0.20 sys=0.00, real=0.02 secs] 
2016-09-24T00:53:35.411-0400: 183.135: [GC (Allocation Failure) [PSYoungGen: 143579K->61330K(175104K)] 362335K->292348K(699392K), 0.0166527 secs] [Times: user=0.19 sys=0.00, real=0.02 secs] 
2016-09-24T00:53:35.528-0400: 183.252: [GC (GCLocker Initiated GC) [PSYoungGen: 149394K->80011K(175104K)] 380418K->329551K(699392K), 0.0191703 secs] [Times: user=0.27 sys=0.00, real=0.02 secs] 
2016-09-24T00:53:35.703-0400: 183.427: [GC (GCLocker Initiated GC) [PSYoungGen: 168075K->67369K(175104K)] 417729K->353945K(699392K), 0.0099335 secs] [Times: user=0.11 sys=0.00, real=0.00 secs] 
2016-09-24T00:53:35.844-0400: 183.568: [GC (GCLocker Initiated GC) [PSYoungGen: 155433K->55191K(175104K)] 448149K->372287K(699392K), 0.0164005 secs] [Times: user=0.15 sys=0.00, real=0.01 secs] 
2016-09-24T00:53:36.000-0400: 183.724: [GC (GCLocker Initiated GC) [PSYoungGen: 143255K->30859K(175104K)] 460354K->396825K(699392K), 0.0165716 secs] [Times: user=0.16 sys=0.00, real=0.02 secs] 
2016-09-24T00:53:36.106-0400: 183.830: [GC (GCLocker Initiated GC) [PSYoungGen: 118923K->73284K(175104K)] 484993K->439630K(699392K), 0.0089677 secs] [Times: user=0.07 sys=0.00, real=0.01 secs] 
2016-09-24T00:53:36.240-0400: 183.964: [GC (GCLocker Initiated GC) [PSYoungGen: 161348K->85986K(175104K)] 527960K->543891K(699392K), 0.0215944 secs] [Times: user=0.28 sys=0.00, real=0.02 secs] 
2016-09-24T00:53:36.262-0400: 183.986: [Full GC (Ergonomics) [PSYoungGen: 85986K->0K(175104K)] [ParOldGen: 457905K->53085K(524288K)] 543891K->53085K(699392K), [Metaspace: 44527K->44527K(1087488K)], 0.0565376 secs] [Times: user=0.39 sys=0.01, real=0.06 secs] 
2016-09-24T00:53:36.428-0400: 184.152: [GC (GCLocker Initiated GC) [PSYoungGen: 88064K->86014K(175104K)] 141593K->163844K(699392K), 0.0115490 secs] [Times: user=0.16 sys=0.00, real=0.01 secs] 
2016-09-24T00:53:36.569-0400: 184.293: [GC (Allocation Failure) [PSYoungGen: 174078K->43397K(175104K)] 264306K->207112K(699392K), 0.0151711 secs] [Times: user=0.18 sys=0.00, real=0.02 secs] 
2016-09-24T00:53:36.687-0400: 184.411: [GC (GCLocker Initiated GC) [PSYoungGen: 130751K->55287K(175104K)] 300542K->261795K(699392K), 0.0164250 secs] [Times: user=0.16 sys=0.00, real=0.02 secs] 
2016-09-24T00:53:36.811-0400: 184.535: [GC (GCLocker Initiated GC) [PSYoungGen: 143351K->61494K(175104K)] 356251K->292739K(699392K), 0.0121781 secs] [Times: user=0.09 sys=0.00, real=0.02 secs] 
2016-09-24T00:53:36.932-0400: 184.656: [GC (GCLocker Initiated GC) [PSYoungGen: 149558K->55223K(175104K)] 387199K->293272K(699392K), 0.0078713 secs] [Times: user=0.06 sys=0.00, real=0.01 secs] 
2016-09-24T00:53:37.065-0400: 184.789: [GC (GCLocker Initiated GC) [PSYoungGen: 143287K->85726K(175104K)] 381501K->354427K(699392K), 0.0305761 secs] [Times: user=0.32 sys=0.00, real=0.03 secs] 
2016-09-24T00:53:37.224-0400: 184.948: [GC (GCLocker Initiated GC) [PSYoungGen: 173790K->86150K(175104K)] 442528K->379331K(699392K), 0.0110816 secs] [Times: user=0.14 sys=0.02, real=0.01 secs] 
2016-09-24T00:53:37.329-0400: 185.053: [GC (GCLocker Initiated GC) [PSYoungGen: 174214K->85790K(175104K)] 467672K->446373K(699392K), 0.0165122 secs] [Times: user=0.25 sys=0.01, real=0.02 secs] 
2016-09-24T00:53:37.464-0400: 185.188: [GC (Allocation Failure) [PSYoungGen: 173854K->55447K(175104K)] 541219K->477786K(699392K), 0.0106696 secs] [Times: user=0.12 sys=0.01, real=0.01 secs] 
2016-09-24T00:53:37.603-0400: 185.327: [GC (Allocation Failure) [PSYoungGen: 143511K->55383K(175104K)] 565850K->478006K(699392K), 0.0107808 secs] [Times: user=0.15 sys=0.00, real=0.01 secs] 
2016-09-24T00:53:37.707-0400: 185.431: [GC (GCLocker Initiated GC) [PSYoungGen: 143447K->79715K(175104K)] 566075K->502635K(699392K), 0.0149090 secs] [Times: user=0.18 sys=0.00, real=0.01 secs] 
2016-09-24T00:53:37.855-0400: 185.579: [GC (Allocation Failure) [PSYoungGen: 167779K->61654K(175104K)] 596910K->527551K(699392K), 0.0137544 secs] [Times: user=0.15 sys=0.01, real=0.01 secs] 
2016-09-24T00:53:37.869-0400: 185.593: [Full GC (Ergonomics) [PSYoungGen: 61654K->0K(175104K)] [ParOldGen: 465897K->47220K(524288K)] 527551K->47220K(699392K), [Metaspace: 44527K->44527K(1087488K)], 0.0601830 secs] [Times: user=0.29 sys=0.01, real=0.06 secs] 
2016-09-24T00:53:38.051-0400: 185.775: [GC (GCLocker Initiated GC) [PSYoungGen: 86126K->85822K(175104K)] 139422K->139118K(699392K), 0.0402430 secs] [Times: user=0.45 sys=0.00, real=0.04 secs] 
2016-09-24T00:53:38.198-0400: 185.922: [GC (GCLocker Initiated GC) [PSYoungGen: 173886K->73540K(175104K)] 227297K->170063K(699392K), 0.0145198 secs] [Times: user=0.17 sys=0.00, real=0.01 secs] 
2016-09-24T00:53:38.311-0400: 186.035: [GC (GCLocker Initiated GC) [PSYoungGen: 161604K->86018K(175104K)] 258365K->225479K(699392K), 0.0132164 secs] [Times: user=0.20 sys=0.00, real=0.02 secs] 
2016-09-24T00:53:38.414-0400: 186.138: [GC (Allocation Failure) [PSYoungGen: 174082K->85986K(175104K)] 313770K->262579K(699392K), 0.0115942 secs] [Times: user=0.15 sys=0.01, real=0.02 secs] 
2016-09-24T00:53:38.512-0400: 186.236: [GC (GCLocker Initiated GC) [PSYoungGen: 174050K->73640K(175104K)] 350649K->293064K(699392K), 0.0104962 secs] [Times: user=0.11 sys=0.00, real=0.02 secs] 
2016-09-24T00:53:38.644-0400: 186.368: [GC (Allocation Failure) [PSYoungGen: 161704K->79879K(175104K)] 387290K->324005K(699392K), 0.0152881 secs] [Times: user=0.20 sys=0.01, real=0.01 secs] 
2016-09-24T00:53:38.797-0400: 186.520: [GC (Allocation Failure) [PSYoungGen: 166845K->12729K(175104K)] 410971K->293729K(699392K), 0.0091096 secs] [Times: user=0.08 sys=0.01, real=0.01 secs] 
2016-09-24T00:53:38.882-0400: 186.606: [GC (GCLocker Initiated GC) [PSYoungGen: 100793K->85790K(175104K)] 381799K->366923K(699392K), 0.0096004 secs] [Times: user=0.06 sys=0.01, real=0.01 secs] 
2016-09-24T00:53:39.011-0400: 186.735: [GC (GCLocker Initiated GC) [PSYoungGen: 173854K->86086K(175104K)] 455795K->429077K(699392K), 0.0178697 secs] [Times: user=0.22 sys=0.00, real=0.02 secs] 
2016-09-24T00:53:39.132-0400: 186.856: [GC (Allocation Failure) [PSYoungGen: 174150K->49212K(175104K)] 529584K->423154K(699392K), 0.0097056 secs] [Times: user=0.09 sys=0.00, real=0.01 secs] 
2016-09-24T00:53:39.249-0400: 186.973: [GC (GCLocker Initiated GC) [PSYoungGen: 137276K->73608K(175104K)] 511224K->465893K(699392K), 0.0276478 secs] [Times: user=0.32 sys=0.00, real=0.03 secs] 
2016-09-24T00:53:39.400-0400: 187.124: [GC (GCLocker Initiated GC) [PSYoungGen: 161672K->61622K(175104K)] 560158K->478444K(699392K), 0.0234038 secs] [Times: user=0.15 sys=0.01, real=0.03 secs] 
2016-09-24T00:53:39.550-0400: 187.274: [GC (GCLocker Initiated GC) [PSYoungGen: 149686K->73640K(175104K)] 567329K->491746K(699392K), 0.0098674 secs] [Times: user=0.14 sys=0.01, real=0.01 secs] 
2016-09-24T00:53:39.675-0400: 187.398: [GC (GCLocker Initiated GC) [PSYoungGen: 161704K->85562K(175104K)] 579965K->564888K(699392K), 0.0152804 secs] [Times: user=0.23 sys=0.00, real=0.01 secs] 
2016-09-24T00:53:39.690-0400: 187.414: [Full GC (Ergonomics) [PSYoungGen: 85562K->0K(175104K)] [ParOldGen: 479326K->52849K(524288K)] 564888K->52849K(699392K), [Metaspace: 44528K->44528K(1087488K)], 0.0601820 secs] [Times: user=0.51 sys=0.01, real=0.06 secs] 
2016-09-24T00:53:39.852-0400: 187.576: [GC (GCLocker Initiated GC) [PSYoungGen: 88064K->86374K(175104K)] 141016K->145401K(699392K), 0.0124260 secs] [Times: user=0.18 sys=0.00, real=0.02 secs] 
2016-09-24T00:53:39.985-0400: 187.708: [GC (GCLocker Initiated GC) [PSYoungGen: 174438K->43005K(175104K)] 233697K->139394K(699392K), 0.0117662 secs] [Times: user=0.14 sys=0.00, real=0.01 secs] 
2016-09-24T00:53:40.099-0400: 187.823: [GC (GCLocker Initiated GC) [PSYoungGen: 131069K->55547K(175104K)] 233770K->158376K(699392K), 0.0074223 secs] [Times: user=0.11 sys=0.00, real=0.01 secs] 
2016-09-24T00:53:40.218-0400: 187.942: [GC (GCLocker Initiated GC) [PSYoungGen: 143611K->85790K(175104K)] 246487K->213290K(699392K), 0.0166605 secs] [Times: user=0.22 sys=0.00, real=0.02 secs] 
2016-09-24T00:53:40.324-0400: 188.048: [GC (GCLocker Initiated GC) [PSYoungGen: 173854K->67565K(175104K)] 301535K->243982K(699392K), 0.0105397 secs] [Times: user=0.13 sys=0.00, real=0.01 secs] 
2016-09-24T00:53:40.474-0400: 188.197: [GC (Allocation Failure) [PSYoungGen: 155629K->79455K(175104K)] 332150K->280567K(699392K), 0.0157302 secs] [Times: user=0.18 sys=0.01, real=0.02 secs] 
2016-09-24T00:53:40.606-0400: 188.329: [GC (GCLocker Initiated GC) [PSYoungGen: 165371K->37322K(175104K)] 372558K->317561K(699392K), 0.0274336 secs] [Times: user=0.27 sys=0.00, real=0.02 secs] 
2016-09-24T00:53:40.737-0400: 188.461: [GC (GCLocker Initiated GC) [PSYoungGen: 125386K->73480K(175104K)] 405829K->372424K(699392K), 0.0262362 secs] [Times: user=0.29 sys=0.00, real=0.03 secs] 
2016-09-24T00:53:40.861-0400: 188.585: [GC (GCLocker Initiated GC) [PSYoungGen: 161544K->73676K(175104K)] 460815K->397522K(699392K), 0.0182888 secs] [Times: user=0.20 sys=0.00, real=0.02 secs] 
2016-09-24T00:53:41.010-0400: 188.734: [GC (GCLocker Initiated GC) [PSYoungGen: 161740K->73476K(175104K)] 492001K->422254K(699392K), 0.0099843 secs] [Times: user=0.13 sys=0.00, real=0.01 secs] 
2016-09-24T00:53:41.136-0400: 188.860: [GC (GCLocker Initiated GC) [PSYoungGen: 161540K->55223K(175104K)] 522711K->416489K(699392K), 0.0088717 secs] [Times: user=0.08 sys=0.00, real=0.01 secs] 
2016-09-24T00:53:41.268-0400: 188.991: [GC (Allocation Failure) [PSYoungGen: 143287K->61426K(175104K)] 510978K->447625K(699392K), 0.0089755 secs] [Times: user=0.08 sys=0.00, real=0.01 secs] 
2016-09-24T00:53:41.406-0400: 189.130: [GC (GCLocker Initiated GC) [PSYoungGen: 149490K->61362K(175104K)] 535695K->466059K(699392K), 0.0099915 secs] [Times: user=0.09 sys=0.00, real=0.01 secs] 
2016-09-24T00:53:41.528-0400: 189.252: [GC (GCLocker Initiated GC) [PSYoungGen: 149426K->73708K(175104K)] 560426K->484827K(699392K), 0.0301830 secs] [Times: user=0.31 sys=0.00, real=0.03 secs] 
2016-09-24T00:53:41.690-0400: 189.414: [GC (GCLocker Initiated GC) [PSYoungGen: 161772K->49244K(175104K)] 573033K->497403K(699392K), 0.0103787 secs] [Times: user=0.10 sys=0.00, real=0.01 secs] 
2016-09-24T00:53:41.848-0400: 189.572: [GC (GCLocker Initiated GC) [PSYoungGen: 137308K->85726K(175104K)] 585503K->582633K(699392K), 0.0132985 secs] [Times: user=0.14 sys=0.00, real=0.01 secs] 
2016-09-24T00:53:41.861-0400: 189.585: [Full GC (Ergonomics) [PSYoungGen: 85726K->0K(175104K)] [ParOldGen: 496907K->47154K(524288K)] 582633K->47154K(699392K), [Metaspace: 44528K->44528K(1087488K)], 0.0637470 secs] [Times: user=0.46 sys=0.00, real=0.07 secs] 
2016-09-24T00:53:42.031-0400: 189.755: [GC (GCLocker Initiated GC) [PSYoungGen: 88064K->86014K(175104K)] 135283K->145383K(699392K), 0.0183926 secs] [Times: user=0.20 sys=0.00, real=0.02 secs] 
2016-09-24T00:53:42.150-0400: 189.874: [GC (GCLocker Initiated GC) [PSYoungGen: 174078K->37062K(175104K)] 245930K->164121K(699392K), 0.0107743 secs] [Times: user=0.08 sys=0.00, real=0.01 secs] 
2016-09-24T00:53:42.287-0400: 190.011: [GC (GCLocker Initiated GC) [PSYoungGen: 125126K->85726K(175104K)] 258302K->237426K(699392K), 0.0101422 secs] [Times: user=0.11 sys=0.00, real=0.01 secs] 
2016-09-24T00:53:42.419-0400: 190.143: [GC (GCLocker Initiated GC) [PSYoungGen: 173790K->67437K(175104K)] 325561K->261821K(699392K), 0.0109673 secs] [Times: user=0.07 sys=0.01, real=0.01 secs] 
2016-09-24T00:53:42.559-0400: 190.283: [GC (GCLocker Initiated GC) [PSYoungGen: 155501K->37130K(175104K)] 362385K->244289K(699392K), 0.0109250 secs] [Times: user=0.09 sys=0.00, real=0.01 secs] 
2016-09-24T00:53:42.683-0400: 190.407: [GC (GCLocker Initiated GC) [PSYoungGen: 125194K->73772K(175104K)] 332726K->281587K(699392K), 0.0167937 secs] [Times: user=0.19 sys=0.00, real=0.01 secs] 
2016-09-24T00:53:42.825-0400: 190.549: [GC (GCLocker Initiated GC) [PSYoungGen: 161836K->61234K(175104K)] 369839K->287565K(699392K), 0.0137723 secs] [Times: user=0.13 sys=0.00, real=0.01 secs] 
2016-09-24T00:53:42.944-0400: 190.668: [GC (GCLocker Initiated GC) [PSYoungGen: 149298K->61458K(175104K)] 381746K->312235K(699392K), 0.0144883 secs] [Times: user=0.16 sys=0.00, real=0.01 secs] 
2016-09-24T00:53:43.081-0400: 190.804: [GC (GCLocker Initiated GC) [PSYoungGen: 149522K->85954K(175104K)] 400660K->379752K(699392K), 0.0126443 secs] [Times: user=0.18 sys=0.00, real=0.01 secs] 
2016-09-24T00:53:43.218-0400: 190.942: [GC (GCLocker Initiated GC) [PSYoungGen: 174018K->73640K(175104K)] 474124K->410472K(699392K), 0.0167842 secs] [Times: user=0.16 sys=0.01, real=0.02 secs] 
2016-09-24T00:53:43.348-0400: 191.072: [GC (GCLocker Initiated GC) [PSYoungGen: 161704K->79719K(175104K)] 498539K->416666K(699392K), 0.0139466 secs] [Times: user=0.13 sys=0.00, real=0.01 secs] 
2016-09-24T00:53:43.496-0400: 191.220: [GC (Allocation Failure) [PSYoungGen: 167783K->36770K(175104K)] 504822K->398377K(699392K), 0.0205749 secs] [Times: user=0.23 sys=0.00, real=0.02 secs] 
2016-09-24T00:53:43.656-0400: 191.379: [GC (GCLocker Initiated GC) [PSYoungGen: 120142K->55287K(175104K)] 487824K->453471K(699392K), 0.0086062 secs] [Times: user=0.09 sys=0.00, real=0.01 secs] 
2016-09-24T00:53:43.777-0400: 191.501: [GC (GCLocker Initiated GC) [PSYoungGen: 143351K->67209K(175104K)] 541801K->465935K(699392K), 0.0107847 secs] [Times: user=0.10 sys=0.00, real=0.01 secs] 
2016-09-24T00:53:43.882-0400: 191.606: [GC (GCLocker Initiated GC) [PSYoungGen: 155273K->85794K(175104K)] 554052K->490775K(699392K), 0.0191778 secs] [Times: user=0.19 sys=0.01, real=0.02 secs] 
2016-09-24T00:53:44.016-0400: 191.740: [GC (Allocation Failure) [PSYoungGen: 173858K->49084K(175104K)] 578932K->503173K(699392K), 0.0189988 secs] [Times: user=0.19 sys=0.00, real=0.02 secs] 
2016-09-24T00:53:44.122-0400: 191.845: [GC (GCLocker Initiated GC) [PSYoungGen: 137148K->79555K(175104K)] 591238K->564140K(699392K), 0.0105386 secs] [Times: user=0.10 sys=0.00, real=0.01 secs] 
2016-09-24T00:53:44.132-0400: 191.856: [Full GC (Ergonomics) [PSYoungGen: 79555K->0K(175104K)] [ParOldGen: 484585K->53293K(524288K)] 564140K->53293K(699392K), [Metaspace: 44529K->44529K(1087488K)], 0.0640210 secs] [Times: user=0.47 sys=0.02, real=0.07 secs] 
2016-09-24T00:53:44.316-0400: 192.040: [GC (Allocation Failure) [PSYoungGen: 88064K->56066K(175104K)] 153671K->121674K(699392K), 0.0067312 secs] [Times: user=0.07 sys=0.01, real=0.01 secs] 
2016-09-24T00:53:44.456-0400: 192.180: [GC (GCLocker Initiated GC) [PSYoungGen: 144130K->67369K(175104K)] 209744K->151919K(699392K), 0.0156119 secs] [Times: user=0.17 sys=0.00, real=0.01 secs] 
2016-09-24T00:53:44.593-0400: 192.317: [GC (GCLocker Initiated GC) [PSYoungGen: 155433K->85690K(175104K)] 240036K->206886K(699392K), 0.0133860 secs] [Times: user=0.17 sys=0.00, real=0.02 secs] 
2016-09-24T00:53:44.720-0400: 192.444: [GC (GCLocker Initiated GC) [PSYoungGen: 173754K->74000K(175104K)] 294985K->250041K(699392K), 0.0197400 secs] [Times: user=0.21 sys=0.00, real=0.02 secs] 
2016-09-24T00:53:44.853-0400: 192.577: [GC (GCLocker Initiated GC) [PSYoungGen: 162064K->55383K(175104K)] 356562K->250164K(699392K), 0.0093096 secs] [Times: user=0.14 sys=0.00, real=0.02 secs] 
2016-09-24T00:53:44.979-0400: 192.703: [GC (GCLocker Initiated GC) [PSYoungGen: 143447K->55447K(175104K)] 338428K->268968K(699392K), 0.0099064 secs] [Times: user=0.14 sys=0.00, real=0.01 secs] 
2016-09-24T00:53:45.097-0400: 192.821: [GC (GCLocker Initiated GC) [PSYoungGen: 143511K->55547K(175104K)] 369374K->299763K(699392K), 0.0098335 secs] [Times: user=0.11 sys=0.00, real=0.01 secs] 
2016-09-24T00:53:45.233-0400: 192.957: [GC (Allocation Failure) [PSYoungGen: 143611K->55191K(175104K)] 394112K->305943K(699392K), 0.0147186 secs] [Times: user=0.15 sys=0.00, real=0.02 secs] 
2016-09-24T00:53:45.338-0400: 193.062: [GC (GCLocker Initiated GC) [PSYoungGen: 143255K->79683K(175104K)] 394013K->360951K(699392K), 0.0139548 secs] [Times: user=0.12 sys=0.00, real=0.01 secs] 
2016-09-24T00:53:45.525-0400: 193.248: [GC (GCLocker Initiated GC) [PSYoungGen: 167747K->36870K(175104K)] 455138K->354715K(699392K), 0.0197340 secs] [Times: user=0.19 sys=0.01, real=0.02 secs] 
2016-09-24T00:53:45.669-0400: 193.393: [GC (GCLocker Initiated GC) [PSYoungGen: 124934K->85694K(175104K)] 443034K->446603K(699392K), 0.0182802 secs] [Times: user=0.21 sys=0.00, real=0.02 secs] 
2016-09-24T00:53:45.809-0400: 193.533: [GC (GCLocker Initiated GC) [PSYoungGen: 173758K->31182K(175104K)] 553092K->447062K(699392K), 0.0344366 secs] [Times: user=0.39 sys=0.00, real=0.04 secs] 
2016-09-24T00:53:45.946-0400: 193.670: [GC (GCLocker Initiated GC) [PSYoungGen: 119246K->67373K(175104K)] 535156K->501939K(699392K), 0.0097698 secs] [Times: user=0.08 sys=0.00, real=0.01 secs] 
2016-09-24T00:53:46.070-0400: 193.794: [GC (GCLocker Initiated GC) [PSYoungGen: 155437K->49344K(175104K)] 590303K->545048K(699392K), 0.0166808 secs] [Times: user=0.15 sys=0.02, real=0.02 secs] 
2016-09-24T00:53:46.087-0400: 193.811: [Full GC (Ergonomics) [PSYoungGen: 49344K->0K(175104K)] [ParOldGen: 495704K->47962K(524288K)] 545048K->47962K(699392K), [Metaspace: 44529K->44529K(1087488K)], 0.0665772 secs] [Times: user=0.44 sys=0.01, real=0.06 secs] 
2016-09-24T00:53:46.243-0400: 193.967: [GC (GCLocker Initiated GC) [PSYoungGen: 88064K->86110K(175104K)] 142350K->176846K(699392K), 0.0241575 secs] [Times: user=0.28 sys=0.00, real=0.02 secs] 
2016-09-24T00:53:46.386-0400: 194.109: [GC (Allocation Failure) [PSYoungGen: 174174K->37194K(175104K)] 271043K->177111K(699392K), 0.0141486 secs] [Times: user=0.15 sys=0.00, real=0.01 secs] 
2016-09-24T00:53:46.497-0400: 194.220: [GC (GCLocker Initiated GC) [PSYoungGen: 120970K->55223K(175104K)] 266963K->201459K(699392K), 0.0146423 secs] [Times: user=0.13 sys=0.00, real=0.01 secs] 
2016-09-24T00:53:46.641-0400: 194.365: [GC (GCLocker Initiated GC) [PSYoungGen: 143287K->61298K(175104K)] 289687K->226026K(699392K), 0.0139139 secs] [Times: user=0.16 sys=0.01, real=0.02 secs] 
2016-09-24T00:53:46.783-0400: 194.507: [GC (GCLocker Initiated GC) [PSYoungGen: 149362K->55319K(175104K)] 320195K->226583K(699392K), 0.0140588 secs] [Times: user=0.14 sys=0.00, real=0.01 secs] 
2016-09-24T00:53:46.933-0400: 194.657: [GC (Allocation Failure) [PSYoungGen: 143383K->61234K(175104K)] 314779K->251122K(699392K), 0.0083923 secs] [Times: user=0.07 sys=0.00, real=0.01 secs] 
2016-09-24T00:53:47.047-0400: 194.771: [GC (GCLocker Initiated GC) [PSYoungGen: 146729K->55383K(175104K)] 342692K->312216K(699392K), 0.0118239 secs] [Times: user=0.18 sys=0.00, real=0.01 secs] 
2016-09-24T00:53:47.169-0400: 194.893: [GC (Allocation Failure) [PSYoungGen: 143447K->55383K(175104K)] 400322K->312549K(699392K), 0.0064521 secs] [Times: user=0.09 sys=0.00, real=0.01 secs] 
2016-09-24T00:53:47.283-0400: 195.007: [GC (Allocation Failure) [PSYoungGen: 143447K->67601K(175104K)] 400613K->343275K(699392K), 0.0115137 secs] [Times: user=0.10 sys=0.00, real=0.01 secs] 
2016-09-24T00:53:47.404-0400: 195.128: [GC (GCLocker Initiated GC) [PSYoungGen: 155665K->85758K(175104K)] 431345K->368157K(699392K), 0.0176960 secs] [Times: user=0.22 sys=0.00, real=0.01 secs] 
2016-09-24T00:53:47.526-0400: 195.250: [GC (Allocation Failure) [PSYoungGen: 173822K->73640K(175104K)] 462629K->380963K(699392K), 0.0097426 secs] [Times: user=0.10 sys=0.00, real=0.01 secs] 
2016-09-24T00:53:47.662-0400: 195.386: [GC (GCLocker Initiated GC) [PSYoungGen: 161575K->43333K(175104K)] 474974K->393449K(699392K), 0.0135265 secs] [Times: user=0.12 sys=0.00, real=0.01 secs] 
2016-09-24T00:53:47.795-0400: 195.518: [GC (GCLocker Initiated GC) [PSYoungGen: 131397K->85662K(175104K)] 481650K->454439K(699392K), 0.0124808 secs] [Times: user=0.12 sys=0.01, real=0.01 secs] 
2016-09-24T00:53:47.906-0400: 195.630: [GC (GCLocker Initiated GC) [PSYoungGen: 173726K->79815K(175104K)] 542608K->503655K(699392K), 0.0221459 secs] [Times: user=0.25 sys=0.01, real=0.02 secs] 
2016-09-24T00:53:48.034-0400: 195.758: [GC (Allocation Failure) [PSYoungGen: 167879K->61298K(175104K)] 591951K->510094K(699392K), 0.0175473 secs] [Times: user=0.16 sys=0.00, real=0.01 secs] 
2016-09-24T00:53:48.149-0400: 195.873: [GC (GCLocker Initiated GC) [PSYoungGen: 149362K->49148K(175104K)] 598163K->540578K(699392K), 0.0179057 secs] [Times: user=0.17 sys=0.00, real=0.02 secs] 
2016-09-24T00:53:48.167-0400: 195.891: [Full GC (Ergonomics) [PSYoungGen: 49148K->0K(175104K)] [ParOldGen: 491430K->53367K(524288K)] 540578K->53367K(699392K), [Metaspace: 44529K->44529K(1087488K)], 0.0562759 secs] [Times: user=0.28 sys=0.02, real=0.06 secs] 
2016-09-24T00:53:48.344-0400: 196.068: [GC (GCLocker Initiated GC) [PSYoungGen: 88064K->86082K(175104K)] 147739K->151832K(699392K), 0.0170382 secs] [Times: user=0.18 sys=0.00, real=0.01 secs] 
2016-09-24T00:53:48.482-0400: 196.206: [GC (GCLocker Initiated GC) [PSYoungGen: 174146K->37453K(175104K)] 258330K->165235K(699392K), 0.0091334 secs] [Times: user=0.10 sys=0.01, real=0.01 secs] 
2016-09-24T00:53:48.629-0400: 196.353: [GC (Allocation Failure) [PSYoungGen: 125517K->49603K(175104K)] 253654K->196216K(699392K), 0.0167531 secs] [Times: user=0.15 sys=0.00, real=0.02 secs] 
2016-09-24T00:53:48.771-0400: 196.495: [GC (GCLocker Initiated GC) [PSYoungGen: 137667K->55155K(175104K)] 284286K->201884K(699392K), 0.0060094 secs] [Times: user=0.06 sys=0.00, real=0.01 secs] 
2016-09-24T00:53:48.872-0400: 196.596: [GC (GCLocker Initiated GC) [PSYoungGen: 143216K->79683K(175104K)] 290318K->251204K(699392K), 0.0311658 secs] [Times: user=0.37 sys=0.01, real=0.04 secs] 
2016-09-24T00:53:49.031-0400: 196.755: [GC (GCLocker Initiated GC) [PSYoungGen: 167747K->49443K(175104K)] 339305K->257555K(699392K), 0.0180088 secs] [Times: user=0.14 sys=0.00, real=0.02 secs] 
2016-09-24T00:53:49.151-0400: 196.875: [GC (Allocation Failure) [PSYoungGen: 137507K->55319K(175104K)] 345689K->312712K(699392K), 0.0173620 secs] [Times: user=0.20 sys=0.00, real=0.02 secs] 
2016-09-24T00:53:49.257-0400: 196.981: [GC (GCLocker Initiated GC) [PSYoungGen: 143383K->79619K(175104K)] 400781K->373587K(699392K), 0.0108878 secs] [Times: user=0.09 sys=0.00, real=0.01 secs] 
2016-09-24T00:53:49.378-0400: 197.102: [GC (GCLocker Initiated GC) [PSYoungGen: 167683K->85922K(175104K)] 461777K->386367K(699392K), 0.0094138 secs] [Times: user=0.09 sys=0.00, real=0.01 secs] 
2016-09-24T00:53:49.494-0400: 197.218: [GC (GCLocker Initiated GC) [PSYoungGen: 173986K->49308K(175104K)] 474573K->423095K(699392K), 0.0177706 secs] [Times: user=0.17 sys=0.00, real=0.01 secs] 
2016-09-24T00:53:49.642-0400: 197.366: [GC (GCLocker Initiated GC) [PSYoungGen: 137372K->61234K(175104K)] 517589K->441695K(699392K), 0.0157917 secs] [Times: user=0.12 sys=0.00, real=0.02 secs] 
2016-09-24T00:53:49.804-0400: 197.527: [GC (GCLocker Initiated GC) [PSYoungGen: 149295K->55091K(175104K)] 536187K->460490K(699392K), 0.0073225 secs] [Times: user=0.06 sys=0.00, real=0.00 secs] 
2016-09-24T00:53:49.909-0400: 197.633: [GC (GCLocker Initiated GC) [PSYoungGen: 143155K->85402K(175104K)] 548764K->515415K(699392K), 0.0240934 secs] [Times: user=0.26 sys=0.00, real=0.02 secs] 
2016-09-24T00:53:50.049-0400: 197.773: [GC (GCLocker Initiated GC) [PSYoungGen: 173466K->37030K(175104K)] 615922K->534241K(699392K), 0.0190585 secs] [Times: user=0.15 sys=0.01, real=0.02 secs] 
2016-09-24T00:53:50.068-0400: 197.792: [Full GC (Ergonomics) [PSYoungGen: 37030K->0K(175104K)] [ParOldGen: 497211K->59983K(524288K)] 534241K->59983K(699392K), [Metaspace: 44531K->44531K(1087488K)], 0.0553069 secs] [Times: user=0.30 sys=0.01, real=0.06 secs] 
2016-09-24T00:53:50.245-0400: 197.969: [GC (Allocation Failure) [PSYoungGen: 88064K->86178K(175104K)] 148397K->170811K(699392K), 0.0118016 secs] [Times: user=0.16 sys=0.00, real=0.01 secs] 
2016-09-24T00:53:50.356-0400: 198.080: [GC (GCLocker Initiated GC) [PSYoungGen: 174242K->55251K(175104K)] 258881K->183127K(699392K), 0.0101894 secs] [Times: user=0.08 sys=0.01, real=0.01 secs] 
2016-09-24T00:53:50.471-0400: 198.195: [GC (GCLocker Initiated GC) [PSYoungGen: 143315K->86346K(175104K)] 271366K->238849K(699392K), 0.0108886 secs] [Times: user=0.15 sys=0.01, real=0.01 secs] 
2016-09-24T00:53:50.600-0400: 198.324: [GC (GCLocker Initiated GC) [PSYoungGen: 174410K->55123K(175104K)] 326947K->226645K(699392K), 0.0108963 secs] [Times: user=0.12 sys=0.01, real=0.01 secs] 
2016-09-24T00:53:50.708-0400: 198.431: [GC (GCLocker Initiated GC) [PSYoungGen: 143187K->73640K(175104K)] 314755K->263561K(699392K), 0.0107879 secs] [Times: user=0.16 sys=0.00, real=0.01 secs] 
2016-09-24T00:53:50.858-0400: 198.582: [GC (GCLocker Initiated GC) [PSYoungGen: 161704K->43169K(175104K)] 364029K->263995K(699392K), 0.0069471 secs] [Times: user=0.07 sys=0.00, real=0.01 secs] 
2016-09-24T00:53:50.992-0400: 198.716: [GC (Allocation Failure) [PSYoungGen: 131233K->73672K(175104K)] 352414K->319445K(699392K), 0.0190985 secs] [Times: user=0.18 sys=0.01, real=0.02 secs] 
2016-09-24T00:53:51.142-0400: 198.866: [GC (GCLocker Initiated GC) [PSYoungGen: 160103K->43073K(175104K)] 411951K->331474K(699392K), 0.0181739 secs] [Times: user=0.19 sys=0.00, real=0.01 secs] 
2016-09-24T00:53:51.283-0400: 199.007: [GC (GCLocker Initiated GC) [PSYoungGen: 131137K->73480K(175104K)] 419641K->362088K(699392K), 0.0171040 secs] [Times: user=0.18 sys=0.00, real=0.01 secs] 
2016-09-24T00:53:51.406-0400: 199.130: [GC (GCLocker Initiated GC) [PSYoungGen: 161544K->61526K(175104K)] 450243K->393018K(699392K), 0.0094371 secs] [Times: user=0.07 sys=0.00, real=0.01 secs] 
2016-09-24T00:53:51.498-0400: 199.222: [GC (GCLocker Initiated GC) [PSYoungGen: 149590K->85822K(175104K)] 481146K->460227K(699392K), 0.0128393 secs] [Times: user=0.15 sys=0.00, real=0.01 secs] 
2016-09-24T00:53:51.633-0400: 199.357: [GC (GCLocker Initiated GC) [PSYoungGen: 173886K->85954K(175104K)] 560533K->539578K(699392K), 0.0135944 secs] [Times: user=0.22 sys=0.00, real=0.02 secs] 
2016-09-24T00:53:51.647-0400: 199.371: [Full GC (Ergonomics) [PSYoungGen: 85954K->0K(175104K)] [ParOldGen: 453623K->60179K(524288K)] 539578K->60179K(699392K), [Metaspace: 44531K->44531K(1087488K)], 0.0654974 secs] [Times: user=0.60 sys=0.01, real=0.06 secs] 
2016-09-24T00:53:51.816-0400: 199.540: [GC (GCLocker Initiated GC) [PSYoungGen: 88064K->86602K(175104K)] 160451K->183289K(699392K), 0.0123110 secs] [Times: user=0.17 sys=0.01, real=0.01 secs] 
2016-09-24T00:53:51.956-0400: 199.680: [GC (Allocation Failure) [PSYoungGen: 174666K->37681K(175104K)] 289625K->226597K(699392K), 0.0110480 secs] [Times: user=0.14 sys=0.00, real=0.01 secs] 
2016-09-24T00:53:52.096-0400: 199.820: [GC (GCLocker Initiated GC) [PSYoungGen: 125745K->55255K(175104K)] 314666K->262848K(699392K), 0.0218397 secs] [Times: user=0.24 sys=0.01, real=0.02 secs] 
2016-09-24T00:53:52.235-0400: 199.959: [GC (GCLocker Initiated GC) [PSYoungGen: 143319K->85758K(175104K)] 351088K->330245K(699392K), 0.0138560 secs] [Times: user=0.14 sys=0.00, real=0.01 secs] 
2016-09-24T00:53:52.355-0400: 200.079: [GC (GCLocker Initiated GC) [PSYoungGen: 173822K->37258K(175104K)] 418519K->318532K(699392K), 0.0222273 secs] [Times: user=0.24 sys=0.01, real=0.02 secs] 
2016-09-24T00:53:52.474-0400: 200.198: [GC (GCLocker Initiated GC) [PSYoungGen: 125322K->61526K(175104K)] 412841K->373629K(699392K), 0.0084084 secs] [Times: user=0.07 sys=0.01, real=0.02 secs] 
2016-09-24T00:53:52.613-0400: 200.337: [GC (GCLocker Initiated GC) [PSYoungGen: 149590K->73512K(175104K)] 474037K->416451K(699392K), 0.0172022 secs] [Times: user=0.17 sys=0.00, real=0.02 secs] 
2016-09-24T00:53:52.745-0400: 200.469: [GC (GCLocker Initiated GC) [PSYoungGen: 161576K->49408K(175104K)] 504792K->410968K(699392K), 0.0074824 secs] [Times: user=0.06 sys=0.00, real=0.00 secs] 
2016-09-24T00:53:52.849-0400: 200.573: [GC (GCLocker Initiated GC) [PSYoungGen: 137472K->73448K(175104K)] 499248K->459776K(699392K), 0.0206003 secs] [Times: user=0.22 sys=0.00, real=0.02 secs] 
2016-09-24T00:53:53.003-0400: 200.727: [GC (GCLocker Initiated GC) [PSYoungGen: 161512K->55451K(175104K)] 560065K->454107K(699392K), 0.0100149 secs] [Times: user=0.10 sys=0.00, real=0.00 secs] 
2016-09-24T00:53:53.153-0400: 200.877: [GC (Allocation Failure) [PSYoungGen: 143515K->67501K(175104K)] 542224K->484727K(699392K), 0.0083052 secs] [Times: user=0.11 sys=0.00, real=0.01 secs] 
2016-09-24T00:53:53.266-0400: 200.990: [GC (GCLocker Initiated GC) [PSYoungGen: 155565K->85790K(175104K)] 572797K->545855K(699392K), 0.0116583 secs] [Times: user=0.15 sys=0.00, real=0.01 secs] 
2016-09-24T00:53:53.278-0400: 201.002: [Full GC (Ergonomics) [PSYoungGen: 85790K->0K(175104K)] [ParOldGen: 460065K->53739K(524288K)] 545855K->53739K(699392K), [Metaspace: 44531K->44531K(1087488K)], 0.0607995 secs] [Times: user=0.41 sys=0.03, real=0.06 secs] 
2016-09-24T00:53:53.433-0400: 201.157: [GC (GCLocker Initiated GC) [PSYoungGen: 88064K->86662K(175104K)] 141862K->164760K(699392K), 0.0121453 secs] [Times: user=0.16 sys=0.01, real=0.02 secs] 
2016-09-24T00:53:53.554-0400: 201.278: [GC (Allocation Failure) [PSYoungGen: 174726K->49148K(175104K)] 252848K->164664K(699392K), 0.0108510 secs] [Times: user=0.11 sys=0.00, real=0.01 secs] 
2016-09-24T00:53:53.686-0400: 201.410: [GC (GCLocker Initiated GC) [PSYoungGen: 137212K->61654K(175104K)] 252734K->219992K(699392K), 0.0140545 secs] [Times: user=0.12 sys=0.00, real=0.01 secs] 
2016-09-24T00:53:53.825-0400: 201.549: [GC (GCLocker Initiated GC) [PSYoungGen: 149718K->55255K(175104K)] 308081K->250335K(699392K), 0.0330100 secs] [Times: user=0.33 sys=0.00, real=0.03 secs] 
2016-09-24T00:53:53.968-0400: 201.692: [GC (GCLocker Initiated GC) [PSYoungGen: 143319K->73576K(175104K)] 338537K->287139K(699392K), 0.0170260 secs] [Times: user=0.14 sys=0.00, real=0.02 secs] 
2016-09-24T00:53:54.085-0400: 201.809: [GC (Allocation Failure) [PSYoungGen: 161640K->85694K(175104K)] 375296K->336100K(699392K), 0.0293143 secs] [Times: user=0.32 sys=0.00, real=0.03 secs] 
2016-09-24T00:53:54.221-0400: 201.944: [GC (GCLocker Initiated GC) [PSYoungGen: 173758K->85822K(175104K)] 424169K->372991K(699392K), 0.0164291 secs] [Times: user=0.18 sys=0.00, real=0.02 secs] 
2016-09-24T00:53:54.346-0400: 202.069: [GC (GCLocker Initiated GC) [PSYoungGen: 173886K->73676K(175104K)] 461106K->379412K(699392K), 0.0206112 secs] [Times: user=0.22 sys=0.01, real=0.02 secs] 
2016-09-24T00:53:54.493-0400: 202.217: [GC (GCLocker Initiated GC) [PSYoungGen: 161740K->55187K(175104K)] 479752K->391708K(699392K), 0.0282355 secs] [Times: user=0.32 sys=0.01, real=0.03 secs] 
2016-09-24T00:53:54.648-0400: 202.372: [GC (GCLocker Initiated GC) [PSYoungGen: 143251K->49116K(175104K)] 492126K->398094K(699392K), 0.0187729 secs] [Times: user=0.17 sys=0.01, real=0.02 secs] 
2016-09-24T00:53:54.788-0400: 202.512: [GC (GCLocker Initiated GC) [PSYoungGen: 137180K->67469K(175104K)] 492286K->422843K(699392K), 0.0294722 secs] [Times: user=0.29 sys=0.00, real=0.03 secs] 
2016-09-24T00:53:54.932-0400: 202.656: [GC (Allocation Failure) [PSYoungGen: 155533K->30631K(175104K)] 517029K->428829K(699392K), 0.0313006 secs] [Times: user=0.33 sys=0.00, real=0.04 secs] 
2016-09-24T00:53:55.062-0400: 202.786: [GC (GCLocker Initiated GC) [PSYoungGen: 118695K->61750K(175104K)] 516898K->520847K(699392K), 0.0135219 secs] [Times: user=0.18 sys=0.00, real=0.02 secs] 
2016-09-24T00:53:55.077-0400: 202.801: [Full GC (Ergonomics) [PSYoungGen: 61750K->0K(175104K)] [ParOldGen: 459097K->54165K(524288K)] 520847K->54165K(699392K), [Metaspace: 44532K->44532K(1087488K)], 0.0568502 secs] [Times: user=0.44 sys=0.00, real=0.05 secs] 
2016-09-24T00:53:55.250-0400: 202.974: [GC (GCLocker Initiated GC) [PSYoungGen: 88064K->74288K(175104K)] 148393K->134617K(699392K), 0.0100153 secs] [Times: user=0.11 sys=0.00, real=0.01 secs] 
2016-09-24T00:53:55.408-0400: 203.132: [GC (GCLocker Initiated GC) [PSYoungGen: 162352K->37386K(175104K)] 240923K->171352K(699392K), 0.0100961 secs] [Times: user=0.14 sys=0.00, real=0.01 secs] 
2016-09-24T00:53:55.541-0400: 203.265: [GC (GCLocker Initiated GC) [PSYoungGen: 125450K->73412K(175104K)] 259581K->207842K(699392K), 0.0067886 secs] [Times: user=0.09 sys=0.00, real=0.01 secs] 
2016-09-24T00:53:55.666-0400: 203.390: [GC (GCLocker Initiated GC) [PSYoungGen: 161476K->85726K(175104K)] 296653K->263596K(699392K), 0.0134096 secs] [Times: user=0.18 sys=0.00, real=0.01 secs] 
2016-09-24T00:53:55.813-0400: 203.537: [GC (Allocation Failure) [PSYoungGen: 173790K->61294K(175104K)] 351864K->239635K(699392K), 0.0072097 secs] [Times: user=0.08 sys=0.00, real=0.01 secs] 
2016-09-24T00:53:55.933-0400: 203.657: [GC (GCLocker Initiated GC) [PSYoungGen: 149358K->73412K(175104K)] 327704K->276194K(699392K), 0.0093524 secs] [Times: user=0.10 sys=0.00, real=0.01 secs] 
2016-09-24T00:53:56.055-0400: 203.779: [GC (GCLocker Initiated GC) [PSYoungGen: 161476K->67537K(175104K)] 364591K->288965K(699392K), 0.0171942 secs] [Times: user=0.18 sys=0.00, real=0.01 secs] 
2016-09-24T00:53:56.207-0400: 203.931: [GC (Allocation Failure) [PSYoungGen: 155601K->67273K(175104K)] 383196K->319787K(699392K), 0.0165632 secs] [Times: user=0.18 sys=0.00, real=0.02 secs] 
2016-09-24T00:53:56.340-0400: 204.064: [GC (GCLocker Initiated GC) [PSYoungGen: 155337K->55483K(175104K)] 407857K->356722K(699392K), 0.0328294 secs] [Times: user=0.34 sys=0.01, real=0.03 secs] 
2016-09-24T00:53:56.477-0400: 204.201: [GC (GCLocker Initiated GC) [PSYoungGen: 143547K->73640K(175104K)] 451195K->405887K(699392K), 0.0165033 secs] [Times: user=0.17 sys=0.00, real=0.01 secs] 
2016-09-24T00:53:56.613-0400: 204.337: [GC (Allocation Failure) [PSYoungGen: 161704K->86182K(175104K)] 494284K->424972K(699392K), 0.0104992 secs] [Times: user=0.13 sys=0.00, real=0.02 secs] 
2016-09-24T00:53:56.733-0400: 204.457: [GC (GCLocker Initiated GC) [PSYoungGen: 174246K->73672K(175104K)] 513038K->449386K(699392K), 0.0138379 secs] [Times: user=0.17 sys=0.01, real=0.02 secs] 
2016-09-24T00:53:56.860-0400: 204.584: [GC (GCLocker Initiated GC) [PSYoungGen: 161736K->61462K(175104K)] 537811K->455849K(699392K), 0.0110153 secs] [Times: user=0.07 sys=0.00, real=0.01 secs] 
2016-09-24T00:53:57.013-0400: 204.736: [GC (GCLocker Initiated GC) [PSYoungGen: 149526K->37194K(175104K)] 556341K->480882K(699392K), 0.0111978 secs] [Times: user=0.11 sys=0.00, real=0.02 secs] 
2016-09-24T00:53:57.134-0400: 204.858: [GC (GCLocker Initiated GC) [PSYoungGen: 125258K->67437K(175104K)] 575261K->517543K(699392K), 0.0144525 secs] [Times: user=0.15 sys=0.00, real=0.01 secs] 
2016-09-24T00:53:57.265-0400: 204.989: [GC (GCLocker Initiated GC) [PSYoungGen: 155501K->49052K(175104K)] 605609K->529623K(699392K), 0.0181862 secs] [Times: user=0.16 sys=0.01, real=0.02 secs] 
2016-09-24T00:53:57.283-0400: 205.007: [Full GC (Ergonomics) [PSYoungGen: 49052K->0K(175104K)] [ParOldGen: 480571K->48116K(524288K)] 529623K->48116K(699392K), [Metaspace: 44533K->44533K(1087488K)], 0.0538837 secs] [Times: user=0.24 sys=0.02, real=0.05 secs] 
2016-09-24T00:53:57.438-0400: 205.162: [GC (GCLocker Initiated GC) [PSYoungGen: 88064K->86050K(175104K)] 136502K->146639K(699392K), 0.0104500 secs] [Times: user=0.08 sys=0.00, real=0.01 secs] 
2016-09-24T00:53:57.594-0400: 205.318: [GC (GCLocker Initiated GC) [PSYoungGen: 174114K->24620K(175104K)] 240852K->146704K(699392K), 0.0208328 secs] [Times: user=0.19 sys=0.01, real=0.02 secs] 
2016-09-24T00:53:57.705-0400: 205.429: [GC (GCLocker Initiated GC) [PSYoungGen: 112684K->67501K(175104K)] 234805K->189725K(699392K), 0.0217158 secs] [Times: user=0.23 sys=0.01, real=0.02 secs] 
2016-09-24T00:53:57.857-0400: 205.581: [GC (GCLocker Initiated GC) [PSYoungGen: 155565K->61654K(175104K)] 283957K->208570K(699392K), 0.0081144 secs] [Times: user=0.08 sys=0.00, real=0.01 secs] 
2016-09-24T00:53:57.995-0400: 205.718: [GC (GCLocker Initiated GC) [PSYoungGen: 149718K->61198K(175104K)] 296744K->238875K(699392K), 0.0437805 secs] [Times: user=0.44 sys=0.00, real=0.04 secs] 
2016-09-24T00:53:58.156-0400: 205.880: [GC (GCLocker Initiated GC) [PSYoungGen: 149262K->73576K(175104K)] 327306K->324663K(699392K), 0.0328224 secs] [Times: user=0.30 sys=0.00, real=0.03 secs] 
2016-09-24T00:53:58.302-0400: 206.026: [GC (GCLocker Initiated GC) [PSYoungGen: 161640K->49116K(175104K)] 413088K->331175K(699392K), 0.0161810 secs] [Times: user=0.14 sys=0.00, real=0.01 secs] 
2016-09-24T00:53:58.448-0400: 206.172: [GC (Allocation Failure) [PSYoungGen: 137180K->43397K(175104K)] 431458K->356012K(699392K), 0.0280606 secs] [Times: user=0.29 sys=0.00, real=0.03 secs] 
2016-09-24T00:53:58.476-0400: 206.200: [GC (GCLocker Initiated GC) [PSYoungGen: 43404K->32K(175104K)] 356019K->349795K(699392K), 0.0079131 secs] [Times: user=0.06 sys=0.00, real=0.01 secs] 
2016-09-24T00:53:58.594-0400: 206.318: [GC (GCLocker Initiated GC) [PSYoungGen: 84414K->86570K(175104K)] 440252K->448483K(699392K), 0.0153310 secs] [Times: user=0.20 sys=0.00, real=0.01 secs] 
2016-09-24T00:53:58.718-0400: 206.442: [GC (GCLocker Initiated GC) [PSYoungGen: 174634K->49080K(175104K)] 536678K->484751K(699392K), 0.0141162 secs] [Times: user=0.14 sys=0.01, real=0.01 secs] 
2016-09-24T00:53:58.851-0400: 206.575: [Full GC (Ergonomics) [PSYoungGen: 137144K->0K(175104K)] [ParOldGen: 441911K->48150K(524288K)] 579055K->48150K(699392K), [Metaspace: 44533K->44533K(1087488K)], 0.0562996 secs] [Times: user=0.29 sys=0.00, real=0.06 secs] 
2016-09-24T00:53:59.042-0400: 206.766: [GC (GCLocker Initiated GC) [PSYoungGen: 86494K->80203K(175104K)] 140719K->134428K(699392K), 0.0106262 secs] [Times: user=0.09 sys=0.00, real=0.01 secs] 
2016-09-24T00:53:59.189-0400: 206.913: [GC (GCLocker Initiated GC) [PSYoungGen: 168267K->37126K(175104K)] 228789K->134793K(699392K), 0.0215147 secs] [Times: user=0.23 sys=0.00, real=0.02 secs] 
2016-09-24T00:53:59.309-0400: 207.033: [GC (Allocation Failure) [PSYoungGen: 125190K->73416K(175104K)] 222994K->171324K(699392K), 0.0096792 secs] [Times: user=0.08 sys=0.01, real=0.01 secs] 
2016-09-24T00:53:59.444-0400: 207.168: [GC (GCLocker Initiated GC) [PSYoungGen: 160799K->24944K(175104K)] 264782K->177810K(699392K), 0.0134685 secs] [Times: user=0.14 sys=0.00, real=0.01 secs] 
2016-09-24T00:53:59.606-0400: 207.330: [GC (GCLocker Initiated GC) [PSYoungGen: 113008K->37094K(175104K)] 284427K->208773K(699392K), 0.0344600 secs] [Times: user=0.36 sys=0.01, real=0.03 secs] 
2016-09-24T00:53:59.755-0400: 207.479: [GC (GCLocker Initiated GC) [PSYoungGen: 125158K->55447K(175104K)] 302937K->269812K(699392K), 0.0085141 secs] [Times: user=0.09 sys=0.00, real=0.01 secs] 
2016-09-24T00:53:59.881-0400: 207.605: [GC (Allocation Failure) [PSYoungGen: 143511K->55483K(175104K)] 370370K->318903K(699392K), 0.0089948 secs] [Times: user=0.08 sys=0.00, real=0.01 secs] 
2016-09-24T00:53:59.891-0400: 207.615: [GC (GCLocker Initiated GC) [PSYoungGen: 55506K->96K(175104K)] 318927K->318717K(699392K), 0.0128503 secs] [Times: user=0.12 sys=0.00, real=0.02 secs] 
2016-09-24T00:54:00.051-0400: 207.775: [GC (GCLocker Initiated GC) [PSYoungGen: 83614K->73768K(175104K)] 408311K->398464K(699392K), 0.0148885 secs] [Times: user=0.16 sys=0.00, real=0.02 secs] 
2016-09-24T00:54:00.230-0400: 207.954: [GC (Allocation Failure) [PSYoungGen: 161832K->30727K(175104K)] 492773K->398626K(699392K), 0.0096036 secs] [Times: user=0.07 sys=0.01, real=0.01 secs] 
2016-09-24T00:54:00.340-0400: 208.064: [GC (GCLocker Initiated GC) [PSYoungGen: 118791K->55091K(175104K)] 486696K->423115K(699392K), 0.0169102 secs] [Times: user=0.13 sys=0.00, real=0.02 secs] 
2016-09-24T00:54:00.470-0400: 208.194: [GC (GCLocker Initiated GC) [PSYoungGen: 143155K->85790K(175104K)] 511311K->496638K(699392K), 0.0133013 secs] [Times: user=0.20 sys=0.00, real=0.02 secs] 
2016-09-24T00:54:00.590-0400: 208.314: [GC (Allocation Failure) [PSYoungGen: 173854K->43205K(175104K)] 584856K->503231K(699392K), 0.0130863 secs] [Times: user=0.09 sys=0.01, real=0.02 secs] 
2016-09-24T00:54:00.603-0400: 208.327: [Full GC (Ergonomics) [PSYoungGen: 43205K->0K(175104K)] [ParOldGen: 460026K->48720K(524288K)] 503231K->48720K(699392K), [Metaspace: 44533K->44533K(1087488K)], 0.0525436 secs] [Times: user=0.26 sys=0.01, real=0.05 secs] 
2016-09-24T00:54:00.737-0400: 208.461: [GC (GCLocker Initiated GC) [PSYoungGen: 88064K->86466K(175104K)] 136789K->147342K(699392K), 0.0176104 secs] [Times: user=0.18 sys=0.00, real=0.02 secs] 
2016-09-24T00:54:00.847-0400: 208.571: [GC (Allocation Failure) [PSYoungGen: 174530K->67729K(175104K)] 235632K->184513K(699392K), 0.0130287 secs] [Times: user=0.19 sys=0.00, real=0.01 secs] 
2016-09-24T00:54:00.963-0400: 208.687: [GC (GCLocker Initiated GC) [PSYoungGen: 153723K->55447K(175104K)] 276582K->233265K(699392K), 0.0106124 secs] [Times: user=0.16 sys=0.00, real=0.00 secs] 
2016-09-24T00:54:01.096-0400: 208.820: [GC (GCLocker Initiated GC) [PSYoungGen: 143511K->55351K(175104K)] 327748K->239872K(699392K), 0.0064411 secs] [Times: user=0.07 sys=0.00, real=0.01 secs] 
2016-09-24T00:54:01.206-0400: 208.930: [GC (Allocation Failure) [PSYoungGen: 143415K->79971K(175104K)] 334327K->289439K(699392K), 0.0109862 secs] [Times: user=0.09 sys=0.00, real=0.01 secs] 
2016-09-24T00:54:01.308-0400: 209.032: [GC (GCLocker Initiated GC) [PSYoungGen: 165418K->74068K(175104K)] 380962K->314211K(699392K), 0.0107317 secs] [Times: user=0.09 sys=0.01, real=0.01 secs] 
2016-09-24T00:54:01.442-0400: 209.166: [GC (GCLocker Initiated GC) [PSYoungGen: 162132K->43333K(175104K)] 402313K->302187K(699392K), 0.0139904 secs] [Times: user=0.15 sys=0.00, real=0.01 secs] 
2016-09-24T00:54:01.613-0400: 209.337: [GC (GCLocker Initiated GC) [PSYoungGen: 131397K->36966K(175104K)] 402756K->308749K(699392K), 0.0115504 secs] [Times: user=0.10 sys=0.00, real=0.02 secs] 
2016-09-24T00:54:01.737-0400: 209.461: [GC (GCLocker Initiated GC) [PSYoungGen: 125030K->67145K(175104K)] 396866K->339249K(699392K), 0.0295034 secs] [Times: user=0.32 sys=0.00, real=0.03 secs] 
2016-09-24T00:54:01.881-0400: 209.604: [GC (GCLocker Initiated GC) [PSYoungGen: 155209K->73676K(175104K)] 427612K->376573K(699392K), 0.0136126 secs] [Times: user=0.13 sys=0.00, real=0.02 secs] 
2016-09-24T00:54:02.000-0400: 209.724: [GC (GCLocker Initiated GC) [PSYoungGen: 161740K->73772K(175104K)] 464641K->395173K(699392K), 0.0101129 secs] [Times: user=0.11 sys=0.00, real=0.01 secs] 
2016-09-24T00:54:02.102-0400: 209.826: [GC (GCLocker Initiated GC) [PSYoungGen: 161836K->85726K(175104K)] 483313K->462177K(699392K), 0.0152967 secs] [Times: user=0.19 sys=0.00, real=0.01 secs] 
2016-09-24T00:54:02.226-0400: 209.950: [GC (GCLocker Initiated GC) [PSYoungGen: 173790K->86182K(175104K)] 550553K->517771K(699392K), 0.0131537 secs] [Times: user=0.19 sys=0.00, real=0.01 secs] 
2016-09-24T00:54:02.338-0400: 210.062: [GC (GCLocker Initiated GC) [PSYoungGen: 174246K->73704K(175104K)] 605989K->548607K(699392K), 0.0108643 secs] [Times: user=0.15 sys=0.00, real=0.01 secs] 
2016-09-24T00:54:02.349-0400: 210.073: [Full GC (Ergonomics) [PSYoungGen: 73704K->0K(175104K)] [ParOldGen: 474903K->54910K(524288K)] 548607K->54910K(699392K), [Metaspace: 44535K->44535K(1087488K)], 0.0671171 secs] [Times: user=0.54 sys=0.01, real=0.07 secs] 
2016-09-24T00:54:02.547-0400: 210.271: [GC (GCLocker Initiated GC) [PSYoungGen: 88064K->86374K(175104K)] 149348K->159808K(699392K), 0.0175249 secs] [Times: user=0.21 sys=0.00, real=0.02 secs] 
2016-09-24T00:54:02.701-0400: 210.425: [GC (GCLocker Initiated GC) [PSYoungGen: 174438K->55123K(175104K)] 254090K->178011K(699392K), 0.0337765 secs] [Times: user=0.32 sys=0.00, real=0.04 secs] 
2016-09-24T00:54:02.863-0400: 210.587: [GC (GCLocker Initiated GC) [PSYoungGen: 143187K->49180K(175104K)] 266163K->220860K(699392K), 0.0445287 secs] [Times: user=0.44 sys=0.01, real=0.04 secs] 
2016-09-24T00:54:03.026-0400: 210.750: [GC (GCLocker Initiated GC) [PSYoungGen: 137244K->61494K(175104K)] 315136K->257894K(699392K), 0.0217398 secs] [Times: user=0.21 sys=0.01, real=0.02 secs] 
2016-09-24T00:54:03.153-0400: 210.877: [GC (GCLocker Initiated GC) [PSYoungGen: 149558K->61394K(175104K)] 346218K->307118K(699392K), 0.0239101 secs] [Times: user=0.26 sys=0.00, real=0.03 secs] 
2016-09-24T00:54:03.275-0400: 210.999: [GC (GCLocker Initiated GC) [PSYoungGen: 149458K->85954K(175104K)] 395543K->374872K(699392K), 0.0219000 secs] [Times: user=0.24 sys=0.00, real=0.02 secs] 
2016-09-24T00:54:03.417-0400: 211.141: [GC (GCLocker Initiated GC) [PSYoungGen: 174018K->67437K(175104K)] 462983K->393284K(699392K), 0.0260250 secs] [Times: user=0.29 sys=0.00, real=0.03 secs] 
2016-09-24T00:54:03.543-0400: 211.267: [GC (GCLocker Initiated GC) [PSYoungGen: 155501K->43301K(175104K)] 481367K->423930K(699392K), 0.0141837 secs] [Times: user=0.12 sys=0.00, real=0.01 secs] 
2016-09-24T00:54:03.670-0400: 211.394: [GC (GCLocker Initiated GC) [PSYoungGen: 131365K->85598K(175104K)] 512041K->509231K(699392K), 0.0179684 secs] [Times: user=0.18 sys=0.01, real=0.02 secs] 
2016-09-24T00:54:03.807-0400: 211.531: [GC (Allocation Failure) [PSYoungGen: 173662K->61654K(175104K)] 603680K->534333K(699392K), 0.0163589 secs] [Times: user=0.17 sys=0.01, real=0.02 secs] 
2016-09-24T00:54:03.824-0400: 211.548: [Full GC (Ergonomics) [PSYoungGen: 61654K->0K(175104K)] [ParOldGen: 472679K->54906K(524288K)] 534333K->54906K(699392K), [Metaspace: 44536K->44536K(1087488K)], 0.0623103 secs] [Times: user=0.33 sys=0.01, real=0.06 secs] 
2016-09-24T00:54:04.006-0400: 211.730: [GC (GCLocker Initiated GC) [PSYoungGen: 87501K->85858K(175104K)] 148482K->152914K(699392K), 0.0181994 secs] [Times: user=0.19 sys=0.00, real=0.02 secs] 
2016-09-24T00:54:04.129-0400: 211.853: [GC (GCLocker Initiated GC) [PSYoungGen: 173922K->73480K(175104K)] 241143K->177419K(699392K), 0.0173265 secs] [Times: user=0.17 sys=0.00, real=0.02 secs] 
2016-09-24T00:54:04.271-0400: 211.995: [GC (GCLocker Initiated GC) [PSYoungGen: 161544K->67729K(175104K)] 271880K->196557K(699392K), 0.0100804 secs] [Times: user=0.10 sys=0.00, real=0.01 secs] 
2016-09-24T00:54:04.408-0400: 212.132: [GC (GCLocker Initiated GC) [PSYoungGen: 155793K->61294K(175104K)] 284680K->233162K(699392K), 0.0099225 secs] [Times: user=0.10 sys=0.00, real=0.01 secs] 
2016-09-24T00:54:04.521-0400: 212.245: [GC (GCLocker Initiated GC) [PSYoungGen: 149358K->86018K(175104K)] 327393K->324931K(699392K), 0.0143444 secs] [Times: user=0.17 sys=0.00, real=0.02 secs] 
2016-09-24T00:54:04.665-0400: 212.389: [GC (GCLocker Initiated GC) [PSYoungGen: 174082K->67501K(175104K)] 413099K->379717K(699392K), 0.0098320 secs] [Times: user=0.09 sys=0.01, real=0.01 secs] 
2016-09-24T00:54:04.795-0400: 212.519: [GC (GCLocker Initiated GC) [PSYoungGen: 155565K->55159K(175104K)] 467890K->379910K(699392K), 0.0095210 secs] [Times: user=0.07 sys=0.01, real=0.01 secs] 
2016-09-24T00:54:04.902-0400: 212.626: [GC (GCLocker Initiated GC) [PSYoungGen: 143223K->43169K(175104K)] 474214K->410901K(699392K), 0.0134174 secs] [Times: user=0.12 sys=0.00, real=0.02 secs] 
2016-09-24T00:54:05.033-0400: 212.756: [GC (GCLocker Initiated GC) [PSYoungGen: 131233K->85794K(175104K)] 499074K->466045K(699392K), 0.0178060 secs] [Times: user=0.16 sys=0.00, real=0.02 secs] 
2016-09-24T00:54:05.171-0400: 212.895: [GC (GCLocker Initiated GC) [PSYoungGen: 173858K->37194K(175104K)] 560483K->478769K(699392K), 0.0142273 secs] [Times: user=0.12 sys=0.00, real=0.02 secs] 
2016-09-24T00:54:05.185-0400: 212.909: [Full GC (Ergonomics) [PSYoungGen: 37194K->0K(175104K)] [ParOldGen: 441575K->48225K(524288K)] 478769K->48225K(699392K), [Metaspace: 44542K->44542K(1087488K)], 0.0603171 secs] [Times: user=0.30 sys=0.01, real=0.06 secs] 
2016-09-24T00:54:05.358-0400: 213.082: [GC (GCLocker Initiated GC) [PSYoungGen: 88064K->73412K(175104K)] 136291K->121639K(699392K), 0.0152182 secs] [Times: user=0.16 sys=0.01, real=0.01 secs] 
2016-09-24T00:54:05.466-0400: 213.190: [GC (GCLocker Initiated GC) [PSYoungGen: 161476K->85858K(175104K)] 210058K->140627K(699392K), 0.0142407 secs] [Times: user=0.11 sys=0.01, real=0.01 secs] 
2016-09-24T00:54:05.611-0400: 213.335: [GC (Allocation Failure) [PSYoungGen: 173922K->43333K(175104K)] 234936K->123012K(699392K), 0.0255003 secs] [Times: user=0.30 sys=0.00, real=0.03 secs] 
2016-09-24T00:54:05.733-0400: 213.457: [GC (GCLocker Initiated GC) [PSYoungGen: 131285K->85854K(175104K)] 217039K->196059K(699392K), 0.0173202 secs] [Times: user=0.23 sys=0.00, real=0.02 secs] 
2016-09-24T00:54:05.883-0400: 213.607: [GC (GCLocker Initiated GC) [PSYoungGen: 173918K->73836K(175104K)] 284321K->220809K(699392K), 0.0097764 secs] [Times: user=0.13 sys=0.00, real=0.00 secs] 
2016-09-24T00:54:06.019-0400: 213.743: [GC (GCLocker Initiated GC) [PSYoungGen: 161900K->85726K(175104K)] 321077K->269478K(699392K), 0.0101905 secs] [Times: user=0.13 sys=0.00, real=0.01 secs] 
2016-09-24T00:54:06.115-0400: 213.839: [GC (GCLocker Initiated GC) [PSYoungGen: 173790K->86018K(175104K)] 357596K->336824K(699392K), 0.0129257 secs] [Times: user=0.20 sys=0.00, real=0.01 secs] 
2016-09-24T00:54:06.247-0400: 213.971: [GC (GCLocker Initiated GC) [PSYoungGen: 174082K->73476K(175104K)] 425008K->397774K(699392K), 0.0115279 secs] [Times: user=0.17 sys=0.00, real=0.01 secs] 
2016-09-24T00:54:06.383-0400: 214.107: [GC (GCLocker Initiated GC) [PSYoungGen: 161540K->61622K(175104K)] 486131K->422767K(699392K), 0.0259102 secs] [Times: user=0.27 sys=0.00, real=0.02 secs] 
2016-09-24T00:54:06.515-0400: 214.239: [GC (GCLocker Initiated GC) [PSYoungGen: 149686K->55351K(175104K)] 510868K->453266K(699392K), 0.0120833 secs] [Times: user=0.14 sys=0.00, real=0.01 secs] 
2016-09-24T00:54:06.679-0400: 214.403: [GC (GCLocker Initiated GC) [PSYoungGen: 143415K->55319K(175104K)] 547474K->459638K(699392K), 0.0108952 secs] [Times: user=0.11 sys=0.00, real=0.01 secs] 
2016-09-24T00:54:06.799-0400: 214.523: [GC (GCLocker Initiated GC) [PSYoungGen: 143383K->61430K(175104K)] 547755K->484311K(699392K), 0.0100140 secs] [Times: user=0.08 sys=0.00, real=0.01 secs] 
2016-09-24T00:54:06.916-0400: 214.640: [GC (GCLocker Initiated GC) [PSYoungGen: 149494K->24652K(175104K)] 578784K->521042K(699392K), 0.0157558 secs] [Times: user=0.16 sys=0.00, real=0.01 secs] 
2016-09-24T00:54:06.932-0400: 214.655: [Full GC (Ergonomics) [PSYoungGen: 24652K->0K(175104K)] [ParOldGen: 496390K->48103K(524288K)] 521042K->48103K(699392K), [Metaspace: 44543K->44543K(1087488K)], 0.0636841 secs] [Times: user=0.40 sys=0.02, real=0.07 secs] 
2016-09-24T00:54:07.094-0400: 214.818: [GC (GCLocker Initiated GC) [PSYoungGen: 88064K->86178K(175104K)] 136192K->146456K(699392K), 0.0080740 secs] [Times: user=0.09 sys=0.00, real=0.01 secs] 
2016-09-24T00:54:07.216-0400: 214.940: [GC (GCLocker Initiated GC) [PSYoungGen: 174242K->67597K(175104K)] 234892K->183486K(699392K), 0.0267328 secs] [Times: user=0.29 sys=0.00, real=0.03 secs] 
2016-09-24T00:54:07.387-0400: 215.111: [GC (GCLocker Initiated GC) [PSYoungGen: 155661K->55387K(175104K)] 277678K->196069K(699392K), 0.0088459 secs] [Times: user=0.08 sys=0.00, real=0.01 secs] 
2016-09-24T00:54:07.516-0400: 215.240: [GC (GCLocker Initiated GC) [PSYoungGen: 143451K->61326K(175104K)] 290317K->275333K(699392K), 0.0108735 secs] [Times: user=0.13 sys=0.00, real=0.01 secs] 
2016-09-24T00:54:07.682-0400: 215.406: [GC (Allocation Failure) [PSYoungGen: 149390K->49020K(175104K)] 369726K->293743K(699392K), 0.0108861 secs] [Times: user=0.07 sys=0.00, real=0.00 secs] 
2016-09-24T00:54:07.805-0400: 215.529: [GC (GCLocker Initiated GC) [PSYoungGen: 137084K->79619K(175104K)] 381813K->324435K(699392K), 0.0225799 secs] [Times: user=0.22 sys=0.00, real=0.02 secs] 
2016-09-24T00:54:07.950-0400: 215.674: [GC (GCLocker Initiated GC) [PSYoungGen: 167683K->73740K(175104K)] 412675K->355301K(699392K), 0.0262396 secs] [Times: user=0.27 sys=0.01, real=0.03 secs] 
2016-09-24T00:54:08.064-0400: 215.788: [GC (GCLocker Initiated GC) [PSYoungGen: 161804K->61330K(175104K)] 455671K->385831K(699392K), 0.0141095 secs] [Times: user=0.13 sys=0.00, real=0.01 secs] 
2016-09-24T00:54:08.200-0400: 215.924: [GC (GCLocker Initiated GC) [PSYoungGen: 149394K->73644K(175104K)] 473934K->416692K(699392K), 0.0230416 secs] [Times: user=0.24 sys=0.00, real=0.03 secs] 
2016-09-24T00:54:08.315-0400: 216.039: [GC (GCLocker Initiated GC) [PSYoungGen: 161708K->79555K(175104K)] 504849K->441336K(699392K), 0.0293565 secs] [Times: user=0.28 sys=0.00, real=0.03 secs] 
2016-09-24T00:54:08.465-0400: 216.189: [GC (GCLocker Initiated GC) [PSYoungGen: 167619K->73676K(175104K)] 535479K->460037K(699392K), 0.0220073 secs] [Times: user=0.24 sys=0.00, real=0.02 secs] 
2016-09-24T00:54:08.635-0400: 216.359: [GC (Allocation Failure) [PSYoungGen: 161740K->61266K(175104K)] 548322K->466340K(699392K), 0.0163449 secs] [Times: user=0.13 sys=0.00, real=0.01 secs] 
2016-09-24T00:54:08.780-0400: 216.504: [GC (GCLocker Initiated GC) [PSYoungGen: 149330K->42977K(175104K)] 554404K->466567K(699392K), 0.0313369 secs] [Times: user=0.30 sys=0.00, real=0.03 secs] 
2016-09-24T00:54:08.923-0400: 216.647: [GC (GCLocker Initiated GC) [PSYoungGen: 131041K->67793K(175104K)] 560748K->515852K(699392K), 0.0094996 secs] [Times: user=0.09 sys=0.00, real=0.00 secs] 
2016-09-24T00:54:09.035-0400: 216.759: [GC (GCLocker Initiated GC) [PSYoungGen: 155857K->55159K(175104K)] 603981K->552150K(699392K), 0.0199555 secs] [Times: user=0.18 sys=0.00, real=0.02 secs] 
2016-09-24T00:54:09.056-0400: 216.779: [Full GC (Ergonomics) [PSYoungGen: 55159K->0K(175104K)] [ParOldGen: 496991K->53089K(524288K)] 552150K->53089K(699392K), [Metaspace: 44546K->44546K(1087488K)], 0.0877720 secs] [Times: user=0.72 sys=0.00, real=0.09 secs] 
2016-09-24T00:54:09.240-0400: 216.964: [GC (GCLocker Initiated GC) [PSYoungGen: 88064K->86310K(175104K)] 141493K->164039K(699392K), 0.0242204 secs] [Times: user=0.32 sys=0.00, real=0.03 secs] 
2016-09-24T00:54:09.378-0400: 217.102: [GC (GCLocker Initiated GC) [PSYoungGen: 174374K->61490K(175104K)] 252171K->200757K(699392K), 0.0168579 secs] [Times: user=0.23 sys=0.01, real=0.02 secs] 
2016-09-24T00:54:09.520-0400: 217.244: [GC (GCLocker Initiated GC) [PSYoungGen: 149554K->55347K(175104K)] 288958K->249577K(699392K), 0.0123712 secs] [Times: user=0.21 sys=0.00, real=0.01 secs] 
2016-09-24T00:54:09.658-0400: 217.382: [GC (GCLocker Initiated GC) [PSYoungGen: 143411K->49571K(175104K)] 337835K->280581K(699392K), 0.0106458 secs] [Times: user=0.10 sys=0.00, real=0.01 secs] 
2016-09-24T00:54:09.762-0400: 217.486: [GC (GCLocker Initiated GC) [PSYoungGen: 137635K->73480K(175104K)] 368939K->305215K(699392K), 0.0081115 secs] [Times: user=0.09 sys=0.00, real=0.01 secs] 
2016-09-24T00:54:09.858-0400: 217.582: [GC (GCLocker Initiated GC) [PSYoungGen: 161544K->79719K(175104K)] 399391K->354267K(699392K), 0.0143126 secs] [Times: user=0.12 sys=0.00, real=0.01 secs] 
2016-09-24T00:54:09.971-0400: 217.695: [GC (GCLocker Initiated GC) [PSYoungGen: 167783K->61298K(175104K)] 442390K->396922K(699392K), 0.0191469 secs] [Times: user=0.19 sys=0.01, real=0.02 secs] 
2016-09-24T00:54:10.099-0400: 217.823: [GC (Allocation Failure) [PSYoungGen: 149362K->55519K(175104K)] 491377K->403697K(699392K), 0.0157133 secs] [Times: user=0.14 sys=0.00, real=0.02 secs] 
2016-09-24T00:54:10.229-0400: 217.953: [GC (GCLocker Initiated GC) [PSYoungGen: 143583K->67177K(175104K)] 491767K->415776K(699392K), 0.0100081 secs] [Times: user=0.08 sys=0.00, real=0.01 secs] 
2016-09-24T00:54:10.364-0400: 218.088: [GC (GCLocker Initiated GC) [PSYoungGen: 155241K->67373K(175104K)] 504201K->422512K(699392K), 0.0207663 secs] [Times: user=0.20 sys=0.00, real=0.02 secs] 
2016-09-24T00:54:10.537-0400: 218.260: [GC (GCLocker Initiated GC) [PSYoungGen: 155437K->43205K(175104K)] 510752K->435214K(699392K), 0.0338208 secs] [Times: user=0.32 sys=0.00, real=0.03 secs] 
2016-09-24T00:54:10.686-0400: 218.410: [GC (GCLocker Initiated GC) [PSYoungGen: 131269K->37126K(175104K)] 535784K->460157K(699392K), 0.0218250 secs] [Times: user=0.27 sys=0.02, real=0.02 secs] 
2016-09-24T00:54:10.821-0400: 218.545: [GC (GCLocker Initiated GC) [PSYoungGen: 125190K->85758K(175104K)] 548336K->521166K(699392K), 0.0175261 secs] [Times: user=0.22 sys=0.00, real=0.02 secs] 
2016-09-24T00:54:10.986-0400: 218.710: [GC (GCLocker Initiated GC) [PSYoungGen: 173822K->43041K(175104K)] 621483K->539569K(699392K), 0.0275624 secs] [Times: user=0.28 sys=0.00, real=0.02 secs] 
2016-09-24T00:54:11.014-0400: 218.739: [Full GC (Ergonomics) [PSYoungGen: 43041K->0K(175104K)] [ParOldGen: 496528K->53378K(524288K)] 539569K->53378K(699392K), [Metaspace: 44556K->44556K(1087488K)], 0.0666288 secs] [Times: user=0.37 sys=0.01, real=0.07 secs] 
2016-09-24T00:54:11.173-0400: 218.897: [GC (GCLocker Initiated GC) [PSYoungGen: 88064K->85982K(175104K)] 141590K->139508K(699392K), 0.0266180 secs] [Times: user=0.29 sys=0.00, real=0.03 secs] 
2016-09-24T00:54:11.315-0400: 219.039: [GC (GCLocker Initiated GC) [PSYoungGen: 174046K->37813K(175104K)] 240072K->140853K(699392K), 0.0173598 secs] [Times: user=0.22 sys=0.01, real=0.01 secs] 
2016-09-24T00:54:11.413-0400: 219.137: [GC (GCLocker Initiated GC) [PSYoungGen: 125877K->85822K(175104K)] 229239K->195870K(699392K), 0.0104607 secs] [Times: user=0.10 sys=0.00, real=0.02 secs] 
2016-09-24T00:54:11.544-0400: 219.268: [GC (GCLocker Initiated GC) [PSYoungGen: 173886K->79747K(175104K)] 290376K->196537K(699392K), 0.0100649 secs] [Times: user=0.11 sys=0.00, real=0.00 secs] 
2016-09-24T00:54:11.685-0400: 219.409: [GC (GCLocker Initiated GC) [PSYoungGen: 167811K->36966K(175104K)] 290835K->214933K(699392K), 0.0202954 secs] [Times: user=0.21 sys=0.00, real=0.02 secs] 
2016-09-24T00:54:11.819-0400: 219.543: [GC (GCLocker Initiated GC) [PSYoungGen: 125030K->85822K(175104K)] 303111K->270629K(699392K), 0.0128682 secs] [Times: user=0.18 sys=0.00, real=0.01 secs] 
2016-09-24T00:54:11.940-0400: 219.664: [GC (GCLocker Initiated GC) [PSYoungGen: 173886K->43069K(175104K)] 358747K->319379K(699392K), 0.0137922 secs] [Times: user=0.19 sys=0.00, real=0.01 secs] 
2016-09-24T00:54:12.058-0400: 219.781: [GC (GCLocker Initiated GC) [PSYoungGen: 131133K->49799K(175104K)] 413879K->369124K(699392K), 0.0154205 secs] [Times: user=0.20 sys=0.01, real=0.01 secs] 
2016-09-24T00:54:12.205-0400: 219.929: [GC (GCLocker Initiated GC) [PSYoungGen: 137863K->55027K(175104K)] 463430K->381508K(699392K), 0.0177878 secs] [Times: user=0.19 sys=0.00, real=0.02 secs] 
2016-09-24T00:54:12.335-0400: 220.059: [GC (Allocation Failure) [PSYoungGen: 143091K->61102K(175104K)] 469665K->399921K(699392K), 0.0258646 secs] [Times: user=0.23 sys=0.00, real=0.02 secs] 
2016-09-24T00:54:12.465-0400: 220.189: [GC (GCLocker Initiated GC) [PSYoungGen: 149166K->61462K(175104K)] 487991K->436832K(699392K), 0.0208010 secs] [Times: user=0.22 sys=0.00, real=0.02 secs] 
2016-09-24T00:54:12.614-0400: 220.338: [GC (GCLocker Initiated GC) [PSYoungGen: 149526K->61654K(175104K)] 531019K->461819K(699392K), 0.0090922 secs] [Times: user=0.07 sys=0.00, real=0.02 secs] 
2016-09-24T00:54:12.722-0400: 220.446: [GC (GCLocker Initiated GC) [PSYoungGen: 149718K->67533K(175104K)] 550064K->516787K(699392K), 0.0262098 secs] [Times: user=0.30 sys=0.00, real=0.03 secs] 
2016-09-24T00:54:12.748-0400: 220.472: [Full GC (Ergonomics) [PSYoungGen: 67533K->0K(175104K)] [ParOldGen: 449254K->53438K(524288K)] 516787K->53438K(699392K), [Metaspace: 44556K->44556K(1087488K)], 0.0491731 secs] [Times: user=0.35 sys=0.00, real=0.05 secs] 
2016-09-24T00:54:12.895-0400: 220.619: [GC (GCLocker Initiated GC) [PSYoungGen: 88064K->86274K(175104K)] 147636K->188371K(699392K), 0.0112532 secs] [Times: user=0.12 sys=0.01, real=0.01 secs] 
2016-09-24T00:54:13.054-0400: 220.778: [GC (GCLocker Initiated GC) [PSYoungGen: 174338K->19196K(175104K)] 289253K->195574K(699392K), 0.0247129 secs] [Times: user=0.32 sys=0.00, real=0.03 secs] 
2016-09-24T00:54:13.194-0400: 220.918: [GC (GCLocker Initiated GC) [PSYoungGen: 107260K->85658K(175104K)] 283702K->286731K(699392K), 0.0110512 secs] [Times: user=0.17 sys=0.00, real=0.01 secs] 
2016-09-24T00:54:13.291-0400: 221.015: [GC (GCLocker Initiated GC) [PSYoungGen: 173722K->55479K(175104K)] 374937K->329753K(699392K), 0.0127266 secs] [Times: user=0.15 sys=0.00, real=0.02 secs] 
2016-09-24T00:54:13.406-0400: 221.130: [GC (GCLocker Initiated GC) [PSYoungGen: 143543K->55291K(175104K)] 418100K->360467K(699392K), 0.0264302 secs] [Times: user=0.23 sys=0.00, real=0.02 secs] 
2016-09-24T00:54:13.532-0400: 221.256: [GC (GCLocker Initiated GC) [PSYoungGen: 143355K->49212K(175104K)] 448780K->403513K(699392K), 0.0147113 secs] [Times: user=0.14 sys=0.00, real=0.02 secs] 
2016-09-24T00:54:13.654-0400: 221.378: [GC (GCLocker Initiated GC) [PSYoungGen: 137276K->49180K(175104K)] 497783K->446413K(699392K), 0.0220717 secs] [Times: user=0.21 sys=0.00, real=0.03 secs] 
2016-09-24T00:54:13.787-0400: 221.511: [GC (GCLocker Initiated GC) [PSYoungGen: 137244K->73936K(175104K)] 540649K->520158K(699392K), 0.0126517 secs] [Times: user=0.17 sys=0.00, real=0.01 secs] 
2016-09-24T00:54:13.800-0400: 221.524: [Full GC (Ergonomics) [PSYoungGen: 73936K->0K(175104K)] [ParOldGen: 446222K->47651K(524288K)] 520158K->47651K(699392K), [Metaspace: 44556K->44556K(1087488K)], 0.0516649 secs] [Times: user=0.31 sys=0.01, real=0.05 secs] 
2016-09-24T00:54:13.946-0400: 221.670: [GC (GCLocker Initiated GC) [PSYoungGen: 88064K->86274K(175104K)] 142084K->146369K(699392K), 0.0096367 secs] [Times: user=0.13 sys=0.00, real=0.01 secs] 
2016-09-24T00:54:14.066-0400: 221.790: [GC (GCLocker Initiated GC) [PSYoungGen: 174338K->49436K(175104K)] 234520K->183073K(699392K), 0.0209681 secs] [Times: user=0.25 sys=0.00, real=0.02 secs] 
2016-09-24T00:54:14.214-0400: 221.938: [GC (GCLocker Initiated GC) [PSYoungGen: 137500K->61562K(175104K)] 277310K->219756K(699392K), 0.0155434 secs] [Times: user=0.14 sys=0.01, real=0.01 secs] 
2016-09-24T00:54:14.344-0400: 222.068: [GC (Allocation Failure) [PSYoungGen: 149626K->55123K(175104K)] 308002K->256464K(699392K), 0.0085028 secs] [Times: user=0.09 sys=0.00, real=0.00 secs] 
2016-09-24T00:54:14.470-0400: 222.194: [GC (GCLocker Initiated GC) [PSYoungGen: 137393K->61230K(175104K)] 344809K->311314K(699392K), 0.0191177 secs] [Times: user=0.21 sys=0.01, real=0.02 secs] 
2016-09-24T00:54:14.586-0400: 222.310: [GC (GCLocker Initiated GC) [PSYoungGen: 149294K->85858K(175104K)] 399566K->336257K(699392K), 0.0131164 secs] [Times: user=0.13 sys=0.00, real=0.01 secs] 
2016-09-24T00:54:14.689-0400: 222.413: [GC (GCLocker Initiated GC) [PSYoungGen: 173922K->43461K(175104K)] 424693K->355266K(699392K), 0.0216017 secs] [Times: user=0.25 sys=0.00, real=0.02 secs] 
2016-09-24T00:54:14.831-0400: 222.555: [GC (GCLocker Initiated GC) [PSYoungGen: 131525K->61458K(175104K)] 449760K->398054K(699392K), 0.0085518 secs] [Times: user=0.08 sys=0.00, real=0.01 secs] 
2016-09-24T00:54:14.952-0400: 222.676: [GC (Allocation Failure) [PSYoungGen: 149522K->73708K(175104K)] 486473K->410943K(699392K), 0.0141788 secs] [Times: user=0.14 sys=0.00, real=0.02 secs] 
2016-09-24T00:54:15.086-0400: 222.810: [GC (GCLocker Initiated GC) [PSYoungGen: 157062K->43137K(175104K)] 500372K->423164K(699392K), 0.0083448 secs] [Times: user=0.06 sys=0.00, real=0.01 secs] 
2016-09-24T00:54:15.245-0400: 222.969: [GC (GCLocker Initiated GC) [PSYoungGen: 131201K->37226K(175104K)] 535872K->441977K(699392K), 0.0148991 secs] [Times: user=0.15 sys=0.00, real=0.01 secs] 
2016-09-24T00:54:15.390-0400: 223.113: [GC (GCLocker Initiated GC) [PSYoungGen: 125290K->55483K(175104K)] 536264K->466724K(699392K), 0.0069957 secs] [Times: user=0.07 sys=0.00, real=0.01 secs] 
2016-09-24T00:54:15.494-0400: 223.218: [GC (GCLocker Initiated GC) [PSYoungGen: 143547K->43041K(175104K)] 561118K->497329K(699392K), 0.0195798 secs] [Times: user=0.17 sys=0.01, real=0.02 secs] 
2016-09-24T00:54:15.514-0400: 223.238: [Full GC (Ergonomics) [PSYoungGen: 43041K->0K(175104K)] [ParOldGen: 454288K->53522K(524288K)] 497329K->53522K(699392K), [Metaspace: 44560K->44560K(1087488K)], 0.0623802 secs] [Times: user=0.29 sys=0.00, real=0.07 secs] 
2016-09-24T00:54:15.682-0400: 223.406: [GC (GCLocker Initiated GC) [PSYoungGen: 88064K->86178K(175104K)] 141640K->145829K(699392K), 0.0096103 secs] [Times: user=0.11 sys=0.00, real=0.01 secs] 
2016-09-24T00:54:15.811-0400: 223.535: [GC (GCLocker Initiated GC) [PSYoungGen: 174242K->85890K(175104K)] 234142K->188902K(699392K), 0.0105707 secs] [Times: user=0.12 sys=0.00, real=0.01 secs] 
2016-09-24T00:54:15.955-0400: 223.679: [GC (GCLocker Initiated GC) [PSYoungGen: 173954K->18705K(175104K)] 283115K->146703K(699392K), 0.0086800 secs] [Times: user=0.10 sys=0.00, real=0.01 secs] 
2016-09-24T00:54:16.074-0400: 223.798: [GC (GCLocker Initiated GC) [PSYoungGen: 106769K->86086K(175104K)] 240896K->250723K(699392K), 0.0116540 secs] [Times: user=0.17 sys=0.00, real=0.02 secs] 
2016-09-24T00:54:16.212-0400: 223.936: [GC (Allocation Failure) [PSYoungGen: 174150K->37030K(175104K)] 351231K->250812K(699392K), 0.0118239 secs] [Times: user=0.09 sys=0.01, real=0.02 secs] 
2016-09-24T00:54:16.352-0400: 224.076: [GC (Allocation Failure) [PSYoungGen: 125094K->37194K(175104K)] 338876K->251056K(699392K), 0.0114566 secs] [Times: user=0.11 sys=0.00, real=0.02 secs] 
2016-09-24T00:54:16.457-0400: 224.181: [GC (GCLocker Initiated GC) [PSYoungGen: 125258K->55547K(175104K)] 339125K->306008K(699392K), 0.0080769 secs] [Times: user=0.09 sys=0.00, real=0.01 secs] 
2016-09-24T00:54:16.580-0400: 224.304: [GC (GCLocker Initiated GC) [PSYoungGen: 143611K->73740K(175104K)] 394081K->324478K(699392K), 0.0147949 secs] [Times: user=0.17 sys=0.00, real=0.02 secs] 
2016-09-24T00:54:16.702-0400: 224.426: [GC (GCLocker Initiated GC) [PSYoungGen: 161804K->42877K(175104K)] 418748K->336546K(699392K), 0.0186677 secs] [Times: user=0.17 sys=0.00, real=0.01 secs] 
2016-09-24T00:54:16.836-0400: 224.560: [GC (GCLocker Initiated GC) [PSYoungGen: 130941K->73740K(175104K)] 430973K->373884K(699392K), 0.0174755 secs] [Times: user=0.17 sys=0.00, real=0.01 secs] 
2016-09-24T00:54:16.958-0400: 224.682: [GC (GCLocker Initiated GC) [PSYoungGen: 161804K->55159K(175104K)] 468081K->379920K(699392K), 0.0314536 secs] [Times: user=0.28 sys=0.00, real=0.03 secs] 
2016-09-24T00:54:17.094-0400: 224.818: [GC (GCLocker Initiated GC) [PSYoungGen: 143223K->55579K(175104K)] 474291K->405000K(699392K), 0.0072612 secs] [Times: user=0.09 sys=0.00, real=0.01 secs] 
2016-09-24T00:54:17.226-0400: 224.950: [GC (Allocation Failure) [PSYoungGen: 143643K->61426K(175104K)] 493357K->429625K(699392K), 0.0085593 secs] [Times: user=0.07 sys=0.00, real=0.01 secs] 
2016-09-24T00:54:17.335-0400: 225.059: [GC (GCLocker Initiated GC) [PSYoungGen: 149490K->67957K(175104K)] 517689K->454532K(699392K), 0.0099742 secs] [Times: user=0.12 sys=0.00, real=0.01 secs] 
2016-09-24T00:54:17.457-0400: 225.181: [GC (GCLocker Initiated GC) [PSYoungGen: 156021K->85758K(175104K)] 542778K->515356K(699392K), 0.0126653 secs] [Times: user=0.20 sys=0.00, real=0.01 secs] 
2016-09-24T00:54:17.606-0400: 225.330: [GC (Allocation Failure) [PSYoungGen: 173822K->79715K(175104K)] 603461K->545916K(699392K), 0.0140395 secs] [Times: user=0.16 sys=0.00, real=0.01 secs] 
2016-09-24T00:54:17.620-0400: 225.344: [Full GC (Ergonomics) [PSYoungGen: 79715K->0K(175104K)] [ParOldGen: 466201K->41559K(524288K)] 545916K->41559K(699392K), [Metaspace: 44560K->44560K(1087488K)], 0.0539360 secs] [Times: user=0.32 sys=0.02, real=0.06 secs] 
2016-09-24T00:54:17.774-0400: 225.498: [GC (GCLocker Initiated GC) [PSYoungGen: 88064K->86078K(175104K)] 129629K->170168K(699392K), 0.0130669 secs] [Times: user=0.18 sys=0.01, real=0.02 secs] 
2016-09-24T00:54:17.909-0400: 225.633: [GC (GCLocker Initiated GC) [PSYoungGen: 174142K->25008K(175104K)] 270619K->188898K(699392K), 0.0215552 secs] [Times: user=0.24 sys=0.00, real=0.02 secs] 
2016-09-24T00:54:18.053-0400: 225.777: [GC (GCLocker Initiated GC) [PSYoungGen: 113072K->73708K(175104K)] 283302K->244214K(699392K), 0.0067422 secs] [Times: user=0.07 sys=0.00, real=0.01 secs] 
2016-09-24T00:54:18.162-0400: 225.886: [GC (Allocation Failure) [PSYoungGen: 161772K->79747K(175104K)] 332465K->287042K(699392K), 0.0199381 secs] [Times: user=0.26 sys=0.01, real=0.02 secs] 
2016-09-24T00:54:18.286-0400: 226.010: [GC (GCLocker Initiated GC) [PSYoungGen: 161868K->37190K(175104K)] 375238K->317544K(699392K), 0.0109247 secs] [Times: user=0.14 sys=0.00, real=0.01 secs] 
2016-09-24T00:54:18.410-0400: 226.134: [GC (GCLocker Initiated GC) [PSYoungGen: 125254K->67765K(175104K)] 405695K->366738K(699392K), 0.0262340 secs] [Times: user=0.30 sys=0.01, real=0.03 secs] 
2016-09-24T00:54:18.523-0400: 226.247: [GC (GCLocker Initiated GC) [PSYoungGen: 155829K->55255K(175104K)] 467307K->397532K(699392K), 0.0134558 secs] [Times: user=0.12 sys=0.00, real=0.01 secs] 
2016-09-24T00:54:18.641-0400: 226.365: [GC (Allocation Failure) [PSYoungGen: 143319K->61821K(175104K)] 485923K->422779K(699392K), 0.0125878 secs] [Times: user=0.14 sys=0.00, real=0.01 secs] 
2016-09-24T00:54:18.756-0400: 226.480: [GC (GCLocker Initiated GC) [PSYoungGen: 146999K->73804K(175104K)] 514031K->441471K(699392K), 0.0097156 secs] [Times: user=0.13 sys=0.00, real=0.01 secs] 
2016-09-24T00:54:18.875-0400: 226.599: [GC (GCLocker Initiated GC) [PSYoungGen: 161868K->73416K(175104K)] 529644K->459513K(699392K), 0.0209932 secs] [Times: user=0.20 sys=0.00, real=0.02 secs] 
2016-09-24T00:54:19.011-0400: 226.735: [GC (GCLocker Initiated GC) [PSYoungGen: 161480K->61394K(175104K)] 553902K->514826K(699392K), 0.0287048 secs] [Times: user=0.32 sys=0.00, real=0.03 secs] 
2016-09-24T00:54:19.040-0400: 226.764: [Full GC (Ergonomics) [PSYoungGen: 61394K->0K(175104K)] [ParOldGen: 453432K->53914K(524288K)] 514826K->53914K(699392K), [Metaspace: 44560K->44560K(1087488K)], 0.0690076 secs] [Times: user=0.45 sys=0.02, real=0.07 secs] 
2016-09-24T00:54:19.202-0400: 226.926: [GC (GCLocker Initiated GC) [PSYoungGen: 88064K->86274K(175104K)] 142082K->164592K(699392K), 0.0235928 secs] [Times: user=0.34 sys=0.00, real=0.02 secs] 
2016-09-24T00:54:19.335-0400: 227.059: [GC (GCLocker Initiated GC) [PSYoungGen: 174338K->73836K(175104K)] 258784K->231778K(699392K), 0.0145331 secs] [Times: user=0.22 sys=0.00, real=0.01 secs] 
2016-09-24T00:54:19.482-0400: 227.206: [GC (Allocation Failure) [PSYoungGen: 161900K->55347K(175104K)] 326267K->293257K(699392K), 0.0124796 secs] [Times: user=0.15 sys=0.00, real=0.02 secs] 
2016-09-24T00:54:19.618-0400: 227.342: [GC (GCLocker Initiated GC) [PSYoungGen: 143411K->49248K(175104K)] 381322K->305447K(699392K), 0.0104522 secs] [Times: user=0.06 sys=0.00, real=0.01 secs] 
2016-09-24T00:54:19.749-0400: 227.473: [GC (GCLocker Initiated GC) [PSYoungGen: 137310K->73704K(175104K)] 393870K->348781K(699392K), 0.0261214 secs] [Times: user=0.28 sys=0.00, real=0.03 secs] 
2016-09-24T00:54:19.893-0400: 227.617: [GC (GCLocker Initiated GC) [PSYoungGen: 161768K->74132K(175104K)] 443017K->392130K(699392K), 0.0092527 secs] [Times: user=0.11 sys=0.00, real=0.01 secs] 
2016-09-24T00:54:20.030-0400: 227.754: [GC (GCLocker Initiated GC) [PSYoungGen: 162196K->85790K(175104K)] 486580K->459410K(699392K), 0.0113370 secs] [Times: user=0.15 sys=0.00, real=0.01 secs] 
2016-09-24T00:54:20.148-0400: 227.872: [GC (Allocation Failure) [PSYoungGen: 173854K->55387K(175104K)] 553691K->465702K(699392K), 0.0091212 secs] [Times: user=0.07 sys=0.00, real=0.01 secs] 
2016-09-24T00:54:20.285-0400: 228.009: [GC (GCLocker Initiated GC) [PSYoungGen: 140296K->42877K(175104K)] 556687K->502068K(699392K), 0.0263419 secs] [Times: user=0.27 sys=0.00, real=0.02 secs] 
2016-09-24T00:54:20.312-0400: 228.036: [Full GC (Ergonomics) [PSYoungGen: 42877K->0K(175104K)] [ParOldGen: 459191K->47645K(524288K)] 502068K->47645K(699392K), [Metaspace: 44560K->44560K(1087488K)], 0.0618524 secs] [Times: user=0.37 sys=0.01, real=0.06 secs] 
2016-09-24T00:54:20.477-0400: 228.201: [GC (GCLocker Initiated GC) [PSYoungGen: 88064K->86178K(175104K)] 135773K->146038K(699392K), 0.0170483 secs] [Times: user=0.20 sys=0.01, real=0.02 secs] 
2016-09-24T00:54:20.608-0400: 228.332: [GC (GCLocker Initiated GC) [PSYoungGen: 174242K->73672K(175104K)] 240416K->219385K(699392K), 0.0127038 secs] [Times: user=0.19 sys=0.01, real=0.01 secs] 
2016-09-24T00:54:20.725-0400: 228.449: [GC (GCLocker Initiated GC) [PSYoungGen: 161736K->73672K(175104K)] 313655K->256257K(699392K), 0.0098300 secs] [Times: user=0.15 sys=0.00, real=0.01 secs] 
2016-09-24T00:54:20.857-0400: 228.581: [GC (GCLocker Initiated GC) [PSYoungGen: 161736K->73672K(175104K)] 344637K->293191K(699392K), 0.0111975 secs] [Times: user=0.17 sys=0.00, real=0.01 secs] 
2016-09-24T00:54:20.995-0400: 228.719: [GC (GCLocker Initiated GC) [PSYoungGen: 161736K->67697K(175104K)] 381476K->287572K(699392K), 0.0079792 secs] [Times: user=0.08 sys=0.01, real=0.01 secs] 
2016-09-24T00:54:21.119-0400: 228.843: [GC (GCLocker Initiated GC) [PSYoungGen: 155761K->43301K(175104K)] 381836K->306250K(699392K), 0.0207499 secs] [Times: user=0.18 sys=0.00, real=0.02 secs] 
2016-09-24T00:54:21.242-0400: 228.966: [GC (GCLocker Initiated GC) [PSYoungGen: 131365K->85922K(175104K)] 394362K->349031K(699392K), 0.0107974 secs] [Times: user=0.10 sys=0.00, real=0.01 secs] 
2016-09-24T00:54:21.364-0400: 229.088: [GC (GCLocker Initiated GC) [PSYoungGen: 173986K->55415K(175104K)] 437143K->404125K(699392K), 0.0130613 secs] [Times: user=0.18 sys=0.00, real=0.01 secs] 
2016-09-24T00:54:21.488-0400: 229.212: [GC (GCLocker Initiated GC) [PSYoungGen: 143479K->73708K(175104K)] 498486K->428827K(699392K), 0.0090920 secs] [Times: user=0.09 sys=0.00, real=0.01 secs] 
2016-09-24T00:54:21.657-0400: 229.381: [GC (GCLocker Initiated GC) [PSYoungGen: 161772K->36834K(175104K)] 529397K->423107K(699392K), 0.0235430 secs] [Times: user=0.22 sys=0.00, real=0.02 secs] 
2016-09-24T00:54:21.800-0400: 229.524: [GC (GCLocker Initiated GC) [PSYoungGen: 124898K->73576K(175104K)] 511238K->460060K(699392K), 0.0109564 secs] [Times: user=0.11 sys=0.00, real=0.01 secs] 
2016-09-24T00:54:21.913-0400: 229.637: [GC (GCLocker Initiated GC) [PSYoungGen: 161640K->61590K(175104K)] 554515K->491223K(699392K), 0.0201354 secs] [Times: user=0.18 sys=0.01, real=0.02 secs] 
2016-09-24T00:54:22.052-0400: 229.775: [Full GC (Ergonomics) [PSYoungGen: 149654K->0K(175104K)] [ParOldGen: 436047K->54142K(524288K)] 585701K->54142K(699392K), [Metaspace: 44560K->44560K(1087488K)], 0.0676687 secs] [Times: user=0.38 sys=0.00, real=0.07 secs] 
2016-09-24T00:54:22.214-0400: 229.937: [GC (GCLocker Initiated GC) [PSYoungGen: 88064K->73836K(175104K)] 142427K->128199K(699392K), 0.0144347 secs] [Times: user=0.11 sys=0.01, real=0.02 secs] 
2016-09-24T00:54:22.356-0400: 230.080: [GC (GCLocker Initiated GC) [PSYoungGen: 161900K->61754K(175104K)] 222497K->159357K(699392K), 0.0172829 secs] [Times: user=0.20 sys=0.00, real=0.01 secs] 
2016-09-24T00:54:22.499-0400: 230.223: [GC (GCLocker Initiated GC) [PSYoungGen: 149818K->36866K(175104K)] 259719K->183672K(699392K), 0.0277508 secs] [Times: user=0.32 sys=0.00, real=0.03 secs] 
2016-09-24T00:54:22.664-0400: 230.388: [GC (GCLocker Initiated GC) [PSYoungGen: 124930K->73612K(175104K)] 271823K->220585K(699392K), 0.0201628 secs] [Times: user=0.18 sys=0.00, real=0.02 secs] 
2016-09-24T00:54:22.825-0400: 230.548: [GC (GCLocker Initiated GC) [PSYoungGen: 161676K->49180K(175104K)] 308780K->233010K(699392K), 0.0151937 secs] [Times: user=0.14 sys=0.00, real=0.01 secs] 
2016-09-24T00:54:22.960-0400: 230.683: [GC (GCLocker Initiated GC) [PSYoungGen: 137244K->24979K(175104K)] 333428K->257850K(699392K), 0.0159148 secs] [Times: user=0.14 sys=0.00, real=0.02 secs] 
2016-09-24T00:54:23.077-0400: 230.801: [GC (GCLocker Initiated GC) [PSYoungGen: 113043K->85690K(175104K)] 346001K->343286K(699392K), 0.0108815 secs] [Times: user=0.16 sys=0.00, real=0.01 secs] 
2016-09-24T00:54:23.205-0400: 230.929: [GC (GCLocker Initiated GC) [PSYoungGen: 173754K->43596K(175104K)] 443554K->337816K(699392K), 0.0100819 secs] [Times: user=0.08 sys=0.00, real=0.01 secs] 
2016-09-24T00:54:23.320-0400: 231.044: [GC (GCLocker Initiated GC) [PSYoungGen: 131660K->85658K(175104K)] 426102K->441509K(699392K), 0.0140263 secs] [Times: user=0.17 sys=0.01, real=0.02 secs] 
2016-09-24T00:54:23.451-0400: 231.175: [GC (GCLocker Initiated GC) [PSYoungGen: 173722K->67501K(175104K)] 535723K->496478K(699392K), 0.0105337 secs] [Times: user=0.12 sys=0.01, real=0.01 secs] 
2016-09-24T00:54:23.576-0400: 231.300: [GC (GCLocker Initiated GC) [PSYoungGen: 155565K->49020K(175104K)] 584702K->514851K(699392K), 0.0314339 secs] [Times: user=0.26 sys=0.00, real=0.03 secs] 
2016-09-24T00:54:23.608-0400: 231.332: [Full GC (Ergonomics) [PSYoungGen: 49020K->0K(175104K)] [ParOldGen: 465831K->48114K(524288K)] 514851K->48114K(699392K), [Metaspace: 44560K->44560K(1087488K)], 0.0629038 secs] [Times: user=0.34 sys=0.02, real=0.06 secs] 
2016-09-24T00:54:23.781-0400: 231.505: [GC (GCLocker Initiated GC) [PSYoungGen: 88064K->74092K(175104K)] 148644K->134672K(699392K), 0.0100869 secs] [Times: user=0.14 sys=0.00, real=0.01 secs] 
2016-09-24T00:54:23.908-0400: 231.632: [GC (GCLocker Initiated GC) [PSYoungGen: 162156K->74032K(175104K)] 222918K->171979K(699392K), 0.0095236 secs] [Times: user=0.09 sys=0.00, real=0.01 secs] 
2016-09-24T00:54:24.027-0400: 231.751: [GC (GCLocker Initiated GC) [PSYoungGen: 162096K->55775K(175104K)] 272470K->184517K(699392K), 0.0093669 secs] [Times: user=0.14 sys=0.00, real=0.01 secs] 
2016-09-24T00:54:24.135-0400: 231.859: [GC (GCLocker Initiated GC) [PSYoungGen: 143839K->73608K(175104K)] 272763K->203012K(699392K), 0.0092385 secs] [Times: user=0.11 sys=0.00, real=0.01 secs] 
2016-09-24T00:54:24.277-0400: 232.001: [GC (GCLocker Initiated GC) [PSYoungGen: 161672K->55351K(175104K)] 291409K->221837K(699392K), 0.0145566 secs] [Times: user=0.17 sys=0.01, real=0.01 secs] 
2016-09-24T00:54:24.409-0400: 232.133: [GC (GCLocker Initiated GC) [PSYoungGen: 143415K->85822K(175104K)] 309931K->295163K(699392K), 0.0107216 secs] [Times: user=0.13 sys=0.00, real=0.01 secs] 
2016-09-24T00:54:24.534-0400: 232.258: [GC (GCLocker Initiated GC) [PSYoungGen: 173886K->49408K(175104K)] 383498K->301665K(699392K), 0.0107332 secs] [Times: user=0.08 sys=0.00, real=0.02 secs] 
2016-09-24T00:54:24.653-0400: 232.377: [GC (Allocation Failure) [PSYoungGen: 137472K->49312K(175104K)] 396137K->326437K(699392K), 0.0305359 secs] [Times: user=0.27 sys=0.00, real=0.04 secs] 
2016-09-24T00:54:24.801-0400: 232.525: [GC (GCLocker Initiated GC) [PSYoungGen: 134226K->55383K(175104K)] 417426K->356936K(699392K), 0.0104172 secs] [Times: user=0.14 sys=0.01, real=0.01 secs] 
2016-09-24T00:54:24.901-0400: 232.625: [GC (GCLocker Initiated GC) [PSYoungGen: 143447K->73704K(175104K)] 445181K->405973K(699392K), 0.0099685 secs] [Times: user=0.12 sys=0.00, real=0.01 secs] 
2016-09-24T00:54:25.025-0400: 232.749: [GC (GCLocker Initiated GC) [PSYoungGen: 161768K->55547K(175104K)] 500204K->412499K(699392K), 0.0080122 secs] [Times: user=0.10 sys=0.00, real=0.00 secs] 
2016-09-24T00:54:25.140-0400: 232.864: [GC (GCLocker Initiated GC) [PSYoungGen: 143611K->73512K(175104K)] 500756K->449150K(699392K), 0.0102039 secs] [Times: user=0.10 sys=0.00, real=0.01 secs] 
2016-09-24T00:54:25.267-0400: 232.991: [GC (Allocation Failure) [PSYoungGen: 161576K->79879K(175104K)] 537564K->486401K(699392K), 0.0111571 secs] [Times: user=0.12 sys=0.00, real=0.01 secs] 
2016-09-24T00:54:25.403-0400: 233.127: [GC (GCLocker Initiated GC) [PSYoungGen: 167503K->42941K(175104K)] 580101K->474031K(699392K), 0.0163565 secs] [Times: user=0.15 sys=0.01, real=0.01 secs] 
2016-09-24T00:54:25.523-0400: 233.247: [GC (GCLocker Initiated GC) [PSYoungGen: 131005K->86086K(175104K)] 562383K->535800K(699392K), 0.0225041 secs] [Times: user=0.25 sys=0.01, real=0.02 secs] 
2016-09-24T00:54:25.656-0400: 233.380: [GC (Allocation Failure) [PSYoungGen: 174150K->85922K(175104K)] 624181K->548550K(699392K), 0.0107526 secs] [Times: user=0.09 sys=0.01, real=0.01 secs] 
2016-09-24T00:54:25.780-0400: 233.504: [GC (Allocation Failure) [PSYoungGen: 169225K->36870K(175104K)] 631853K->530124K(699392K), 0.0150974 secs] [Times: user=0.14 sys=0.00, real=0.02 secs] 
2016-09-24T00:54:25.795-0400: 233.519: [Full GC (Ergonomics) [PSYoungGen: 36870K->0K(175104K)] [ParOldGen: 493254K->42260K(524288K)] 530124K->42260K(699392K), [Metaspace: 44561K->44561K(1087488K)], 0.0577176 secs] [Times: user=0.27 sys=0.01, real=0.05 secs] 
2016-09-24T00:54:25.948-0400: 233.672: [GC (GCLocker Initiated GC) [PSYoungGen: 83537K->68117K(175104K)] 131872K->116452K(699392K), 0.0119230 secs] [Times: user=0.11 sys=0.00, real=0.01 secs] 
2016-09-24T00:54:26.066-0400: 233.790: [GC (GCLocker Initiated GC) [PSYoungGen: 156181K->55355K(175104K)] 204686K->140833K(699392K), 0.0118685 secs] [Times: user=0.07 sys=0.00, real=0.01 secs] 
2016-09-24T00:54:26.186-0400: 233.910: [GC (Allocation Failure) [PSYoungGen: 143419K->79491K(175104K)] 228989K->183694K(699392K), 0.0336223 secs] [Times: user=0.32 sys=0.01, real=0.03 secs] 
2016-09-24T00:54:26.306-0400: 234.030: [GC (GCLocker Initiated GC) [PSYoungGen: 162922K->55415K(175104K)] 273201K->232654K(699392K), 0.0103569 secs] [Times: user=0.14 sys=0.00, real=0.01 secs] 
2016-09-24T00:54:26.454-0400: 234.178: [GC (GCLocker Initiated GC) [PSYoungGen: 143479K->49571K(175104K)] 326835K->251453K(699392K), 0.0067542 secs] [Times: user=0.07 sys=0.00, real=0.00 secs] 
2016-09-24T00:54:26.583-0400: 234.307: [GC (Allocation Failure) [PSYoungGen: 137635K->73380K(175104K)] 345673K->300081K(699392K), 0.0218848 secs] [Times: user=0.26 sys=0.00, real=0.02 secs] 
2016-09-24T00:54:26.695-0400: 234.419: [GC (GCLocker Initiated GC) [PSYoungGen: 159910K->49340K(175104K)] 392687K->343042K(699392K), 0.0128174 secs] [Times: user=0.17 sys=0.00, real=0.01 secs] 
2016-09-24T00:54:26.831-0400: 234.555: [GC (GCLocker Initiated GC) [PSYoungGen: 137404K->86086K(175104K)] 437261K->392310K(699392K), 0.0092871 secs] [Times: user=0.08 sys=0.00, real=0.01 secs] 
2016-09-24T00:54:26.947-0400: 234.671: [GC (GCLocker Initiated GC) [PSYoungGen: 174150K->24652K(175104K)] 480410K->385862K(699392K), 0.0130923 secs] [Times: user=0.10 sys=0.00, real=0.01 secs] 
2016-09-24T00:54:27.071-0400: 234.795: [GC (GCLocker Initiated GC) [PSYoungGen: 112716K->43368K(175104K)] 486437K->429344K(699392K), 0.0279664 secs] [Times: user=0.30 sys=0.00, real=0.03 secs] 
2016-09-24T00:54:27.204-0400: 234.928: [GC (GCLocker Initiated GC) [PSYoungGen: 131432K->61298K(175104K)] 517707K->448144K(699392K), 0.0583381 secs] [Times: user=0.62 sys=0.02, real=0.05 secs] 
2016-09-24T00:54:27.361-0400: 235.085: [GC (GCLocker Initiated GC) [PSYoungGen: 149362K->79719K(175104K)] 536339K->485025K(699392K), 0.0267076 secs] [Times: user=0.28 sys=0.00, real=0.03 secs] 
2016-09-24T00:54:27.510-0400: 235.234: [GC (GCLocker Initiated GC) [PSYoungGen: 167783K->43105K(175104K)] 585533K->516125K(699392K), 0.0105462 secs] [Times: user=0.08 sys=0.00, real=0.01 secs] 
2016-09-24T00:54:27.520-0400: 235.244: [Full GC (Ergonomics) [PSYoungGen: 43105K->0K(175104K)] [ParOldGen: 473020K->53924K(524288K)] 516125K->53924K(699392K), [Metaspace: 44561K->44561K(1087488K)], 0.0738345 secs] [Times: user=0.55 sys=0.00, real=0.08 secs] 
2016-09-24T00:54:27.703-0400: 235.427: [GC (GCLocker Initiated GC) [PSYoungGen: 88064K->86150K(175104K)] 142007K->140094K(699392K), 0.0107442 secs] [Times: user=0.14 sys=0.00, real=0.01 secs] 
2016-09-24T00:54:27.829-0400: 235.553: [GC (GCLocker Initiated GC) [PSYoungGen: 174214K->55415K(175104K)] 234246K->164542K(699392K), 0.0098235 secs] [Times: user=0.14 sys=0.00, real=0.01 secs] 
2016-09-24T00:54:27.965-0400: 235.689: [GC (Allocation Failure) [PSYoungGen: 143479K->37290K(175104K)] 264943K->183346K(699392K), 0.0158773 secs] [Times: user=0.18 sys=0.01, real=0.01 secs] 
2016-09-24T00:54:28.098-0400: 235.822: [GC (GCLocker Initiated GC) [PSYoungGen: 123937K->37322K(175104K)] 276068K->207977K(699392K), 0.0139578 secs] [Times: user=0.15 sys=0.01, real=0.01 secs] 
2016-09-24T00:54:28.217-0400: 235.940: [GC (Allocation Failure) [PSYoungGen: 125386K->67765K(175104K)] 296133K->257004K(699392K), 0.0128769 secs] [Times: user=0.14 sys=0.00, real=0.01 secs] 
2016-09-24T00:54:28.324-0400: 236.048: [GC (GCLocker Initiated GC) [PSYoungGen: 150279K->73380K(175104K)] 345594K->269306K(699392K), 0.0138053 secs] [Times: user=0.14 sys=0.01, real=0.01 secs] 
2016-09-24T00:54:28.457-0400: 236.181: [GC (GCLocker Initiated GC) [PSYoungGen: 161444K->79619K(175104K)] 363548K->287926K(699392K), 0.0089961 secs] [Times: user=0.09 sys=0.00, real=0.01 secs] 
2016-09-24T00:54:28.580-0400: 236.304: [GC (Allocation Failure) [PSYoungGen: 167683K->79651K(175104K)] 376132K->330917K(699392K), 0.0235752 secs] [Times: user=0.27 sys=0.00, real=0.03 secs] 
2016-09-24T00:54:28.703-0400: 236.427: [GC (GCLocker Initiated GC) [PSYoungGen: 167355K->49280K(175104K)] 424696K->355488K(699392K), 0.0206658 secs] [Times: user=0.19 sys=0.00, real=0.02 secs] 
2016-09-24T00:54:28.846-0400: 236.570: [GC (GCLocker Initiated GC) [PSYoungGen: 137344K->49052K(175104K)] 449960K->380293K(699392K), 0.0142135 secs] [Times: user=0.12 sys=0.00, real=0.01 secs] 
2016-09-24T00:54:29.009-0400: 236.733: [GC (GCLocker Initiated GC) [PSYoungGen: 137116K->73740K(175104K)] 480555K->417478K(699392K), 0.0137582 secs] [Times: user=0.15 sys=0.01, real=0.02 secs] 
2016-09-24T00:54:29.123-0400: 236.847: [GC (GCLocker Initiated GC) [PSYoungGen: 161804K->54995K(175104K)] 505578K->429575K(699392K), 0.0246928 secs] [Times: user=0.24 sys=0.00, real=0.02 secs] 
2016-09-24T00:54:29.273-0400: 236.997: [GC (GCLocker Initiated GC) [PSYoungGen: 143059K->37098K(175104K)] 518000K->472885K(699392K), 0.0182309 secs] [Times: user=0.16 sys=0.00, real=0.02 secs] 
2016-09-24T00:54:29.412-0400: 237.136: [Full GC (Ergonomics) [PSYoungGen: 125162K->0K(175104K)] [ParOldGen: 448281K->54398K(524288K)] 573443K->54398K(699392K), [Metaspace: 44564K->44564K(1087488K)], 0.0582257 secs] [Times: user=0.33 sys=0.01, real=0.06 secs] 
2016-09-24T00:54:29.585-0400: 237.309: [GC (GCLocker Initiated GC) [PSYoungGen: 88064K->73512K(175104K)] 142467K->127915K(699392K), 0.0223200 secs] [Times: user=0.19 sys=0.01, real=0.02 secs] 
2016-09-24T00:54:29.703-0400: 237.427: [GC (GCLocker Initiated GC) [PSYoungGen: 161576K->49436K(175104K)] 222427K->189741K(699392K), 0.0178880 secs] [Times: user=0.20 sys=0.00, real=0.01 secs] 
2016-09-24T00:54:29.846-0400: 237.570: [GC (GCLocker Initiated GC) [PSYoungGen: 137500K->49280K(175104K)] 290221K->202260K(699392K), 0.0249653 secs] [Times: user=0.22 sys=0.00, real=0.02 secs] 
2016-09-24T00:54:30.009-0400: 237.733: [GC (GCLocker Initiated GC) [PSYoungGen: 137344K->37066K(175104K)] 302495K->202624K(699392K), 0.0113463 secs] [Times: user=0.10 sys=0.00, real=0.01 secs] 
2016-09-24T00:54:30.117-0400: 237.841: [GC (GCLocker Initiated GC) [PSYoungGen: 125130K->85694K(175104K)] 290831K->251686K(699392K), 0.0078838 secs] [Times: user=0.07 sys=0.00, real=0.01 secs] 
2016-09-24T00:54:30.251-0400: 237.975: [GC (GCLocker Initiated GC) [PSYoungGen: 173758K->73740K(175104K)] 346058K->294923K(699392K), 0.0250571 secs] [Times: user=0.21 sys=0.00, real=0.03 secs] 
2016-09-24T00:54:30.404-0400: 238.128: [GC (GCLocker Initiated GC) [PSYoungGen: 161804K->79519K(175104K)] 383052K->337688K(699392K), 0.0342403 secs] [Times: user=0.34 sys=0.00, real=0.03 secs] 
2016-09-24T00:54:30.537-0400: 238.261: [GC (GCLocker Initiated GC) [PSYoungGen: 167583K->79815K(175104K)] 425995K->368714K(699392K), 0.0121005 secs] [Times: user=0.07 sys=0.01, real=0.01 secs] 
2016-09-24T00:54:30.694-0400: 238.418: [GC (GCLocker Initiated GC) [PSYoungGen: 167879K->37549K(175104K)] 469088K->393913K(699392K), 0.0135861 secs] [Times: user=0.17 sys=0.00, real=0.01 secs] 
2016-09-24T00:54:30.823-0400: 238.547: [GC (Allocation Failure) [PSYoungGen: 125613K->61330K(175104K)] 482159K->454445K(699392K), 0.0267247 secs] [Times: user=0.29 sys=0.01, real=0.02 secs] 
2016-09-24T00:54:30.955-0400: 238.679: [GC (GCLocker Initiated GC) [PSYoungGen: 149394K->74000K(175104K)] 542515K->540157K(699392K), 0.0264363 secs] [Times: user=0.30 sys=0.00, real=0.02 secs] 
2016-09-24T00:54:30.981-0400: 238.705: [Full GC (Ergonomics) [PSYoungGen: 74000K->0K(175104K)] [ParOldGen: 466157K->60667K(524288K)] 540157K->60667K(699392K), [Metaspace: 44565K->44565K(1087488K)], 0.0666226 secs] [Times: user=0.45 sys=0.00, real=0.07 secs] 
2016-09-24T00:54:31.185-0400: 238.909: [GC (GCLocker Initiated GC) [PSYoungGen: 88064K->86474K(175104K)] 154853K->165413K(699392K), 0.0101263 secs] [Times: user=0.13 sys=0.00, real=0.01 secs] 
2016-09-24T00:54:31.287-0400: 239.011: [GC (Allocation Failure) [PSYoungGen: 174538K->79715K(175104K)] 253765K->226503K(699392K), 0.0121606 secs] [Times: user=0.19 sys=0.00, real=0.01 secs] 
2016-09-24T00:54:31.394-0400: 239.118: [GC (GCLocker Initiated GC) [PSYoungGen: 167779K->86346K(175104K)] 314573K->257763K(699392K), 0.0132664 secs] [Times: user=0.18 sys=0.00, real=0.02 secs] 
2016-09-24T00:54:31.505-0400: 239.228: [GC (GCLocker Initiated GC) [PSYoungGen: 174408K->73640K(175104K)] 352261K->288251K(699392K), 0.0114442 secs] [Times: user=0.16 sys=0.00, real=0.01 secs] 
2016-09-24T00:54:31.615-0400: 239.339: [GC (GCLocker Initiated GC) [PSYoungGen: 161704K->85922K(175104K)] 376619K->307039K(699392K), 0.0109426 secs] [Times: user=0.13 sys=0.00, real=0.01 secs] 
2016-09-24T00:54:31.736-0400: 239.460: [GC (GCLocker Initiated GC) [PSYoungGen: 173986K->55283K(175104K)] 401183K->343693K(699392K), 0.0095184 secs] [Times: user=0.11 sys=0.00, real=0.01 secs] 
2016-09-24T00:54:31.858-0400: 239.582: [GC (GCLocker Initiated GC) [PSYoungGen: 143347K->61981K(175104K)] 431922K->387110K(699392K), 0.0160190 secs] [Times: user=0.17 sys=0.00, real=0.01 secs] 
2016-09-24T00:54:31.983-0400: 239.707: [GC (GCLocker Initiated GC) [PSYoungGen: 150045K->61266K(175104K)] 475339K->392762K(699392K), 0.0165171 secs] [Times: user=0.14 sys=0.00, real=0.01 secs] 
2016-09-24T00:54:32.109-0400: 239.833: [GC (GCLocker Initiated GC) [PSYoungGen: 149330K->73804K(175104K)] 487027K->442004K(699392K), 0.0121391 secs] [Times: user=0.14 sys=0.00, real=0.01 secs] 
2016-09-24T00:54:32.248-0400: 239.972: [GC (GCLocker Initiated GC) [PSYoungGen: 161868K->55223K(175104K)] 530266K->442113K(699392K), 0.0202679 secs] [Times: user=0.24 sys=0.00, real=0.02 secs] 
2016-09-24T00:54:32.365-0400: 240.088: [GC (GCLocker Initiated GC) [PSYoungGen: 143287K->73836K(175104K)] 536479K->467123K(699392K), 0.0070611 secs] [Times: user=0.06 sys=0.00, real=0.00 secs] 
2016-09-24T00:54:32.506-0400: 240.230: [GC (GCLocker Initiated GC) [PSYoungGen: 161900K->79519K(175104K)] 561304K->509786K(699392K), 0.0113553 secs] [Times: user=0.15 sys=0.00, real=0.01 secs] 
2016-09-24T00:54:32.659-0400: 240.383: [GC (GCLocker Initiated GC) [PSYoungGen: 167583K->67273K(175104K)] 603973K->522023K(699392K), 0.0204180 secs] [Times: user=0.24 sys=0.00, real=0.02 secs] 
2016-09-24T00:54:32.679-0400: 240.403: [Full GC (Ergonomics) [PSYoungGen: 67273K->0K(175104K)] [ParOldGen: 454750K->48211K(524288K)] 522023K->48211K(699392K), [Metaspace: 44566K->44566K(1087488K)], 0.0622064 secs] [Times: user=0.40 sys=0.01, real=0.06 secs] 
2016-09-24T00:54:32.824-0400: 240.548: [GC (GCLocker Initiated GC) [PSYoungGen: 88064K->86794K(175104K)] 136586K->165691K(699392K), 0.0110704 secs] [Times: user=0.13 sys=0.00, real=0.01 secs] 
2016-09-24T00:54:32.948-0400: 240.672: [GC (GCLocker Initiated GC) [PSYoungGen: 174858K->25072K(175104K)] 272011K->178063K(699392K), 0.0112056 secs] [Times: user=0.15 sys=0.00, real=0.01 secs] 
2016-09-24T00:54:33.068-0400: 240.792: [GC (GCLocker Initiated GC) [PSYoungGen: 113136K->73640K(175104K)] 266236K->269557K(699392K), 0.0109366 secs] [Times: user=0.17 sys=0.01, real=0.01 secs] 
2016-09-24T00:54:33.216-0400: 240.939: [GC (GCLocker Initiated GC) [PSYoungGen: 161704K->61718K(175104K)] 363833K->300440K(699392K), 0.0102153 secs] [Times: user=0.14 sys=0.00, real=0.01 secs] 
2016-09-24T00:54:33.307-0400: 241.030: [GC (GCLocker Initiated GC) [PSYoungGen: 149782K->86150K(175104K)] 388844K->374151K(699392K), 0.0121653 secs] [Times: user=0.16 sys=0.00, real=0.01 secs] 
2016-09-24T00:54:33.435-0400: 241.159: [GC (GCLocker Initiated GC) [PSYoungGen: 174214K->79619K(175104K)] 468354K->410657K(699392K), 0.0177150 secs] [Times: user=0.16 sys=0.01, real=0.01 secs] 
2016-09-24T00:54:33.559-0400: 241.283: [GC (GCLocker Initiated GC) [PSYoungGen: 167683K->73544K(175104K)] 498903K->447581K(699392K), 0.0326091 secs] [Times: user=0.38 sys=0.00, real=0.03 secs] 
2016-09-24T00:54:33.700-0400: 241.424: [GC (GCLocker Initiated GC) [PSYoungGen: 161608K->86086K(175104K)] 541795K->496947K(699392K), 0.0114514 secs] [Times: user=0.16 sys=0.00, real=0.01 secs] 
2016-09-24T00:54:33.827-0400: 241.551: [GC (Allocation Failure) [PSYoungGen: 174150K->73576K(175104K)] 585182K->521341K(699392K), 0.0111100 secs] [Times: user=0.10 sys=0.00, real=0.01 secs] 
2016-09-24T00:54:33.947-0400: 241.671: [GC (GCLocker Initiated GC) [PSYoungGen: 161640K->55159K(175104K)] 609406K->521409K(699392K), 0.0166564 secs] [Times: user=0.15 sys=0.00, real=0.02 secs] 
2016-09-24T00:54:33.964-0400: 241.688: [Full GC (Ergonomics) [PSYoungGen: 55159K->0K(175104K)] [ParOldGen: 466250K->48787K(524288K)] 521409K->48787K(699392K), [Metaspace: 44566K->44566K(1087488K)], 0.0633705 secs] [Times: user=0.37 sys=0.00, real=0.06 secs] 
2016-09-24T00:54:34.114-0400: 241.837: [GC (GCLocker Initiated GC) [PSYoungGen: 88064K->73768K(175104K)] 137218K->122922K(699392K), 0.0097144 secs] [Times: user=0.08 sys=0.00, real=0.02 secs] 
2016-09-24T00:54:34.239-0400: 241.963: [GC (GCLocker Initiated GC) [PSYoungGen: 161832K->61426K(175104K)] 217120K->141725K(699392K), 0.0098531 secs] [Times: user=0.11 sys=0.00, real=0.01 secs] 
2016-09-24T00:54:34.356-0400: 242.080: [GC (GCLocker Initiated GC) [PSYoungGen: 149490K->55287K(175104K)] 235945K->184574K(699392K), 0.0279070 secs] [Times: user=0.28 sys=0.00, real=0.03 secs] 
2016-09-24T00:54:34.489-0400: 242.213: [GC (GCLocker Initiated GC) [PSYoungGen: 143351K->61234K(175104K)] 272651K->190825K(699392K), 0.0234636 secs] [Times: user=0.23 sys=0.01, real=0.02 secs] 
2016-09-24T00:54:34.627-0400: 242.351: [GC (GCLocker Initiated GC) [PSYoungGen: 149298K->85466K(175104K)] 285051K->239704K(699392K), 0.0184502 secs] [Times: user=0.16 sys=0.01, real=0.02 secs] 
2016-09-24T00:54:34.752-0400: 242.476: [GC (GCLocker Initiated GC) [PSYoungGen: 173530K->85890K(175104K)] 327979K->295133K(699392K), 0.0118888 secs] [Times: user=0.12 sys=0.00, real=0.02 secs] 
2016-09-24T00:54:34.890-0400: 242.614: [GC (GCLocker Initiated GC) [PSYoungGen: 173954K->55223K(175104K)] 395455K->319501K(699392K), 0.0251122 secs] [Times: user=0.23 sys=0.00, real=0.03 secs] 
2016-09-24T00:54:35.057-0400: 242.781: [GC (GCLocker Initiated GC) [PSYoungGen: 143287K->55483K(175104K)] 407825K->320288K(699392K), 0.0063977 secs] [Times: user=0.05 sys=0.00, real=0.01 secs] 
2016-09-24T00:54:35.204-0400: 242.928: [GC (GCLocker Initiated GC) [PSYoungGen: 143547K->55123K(175104K)] 414569K->326233K(699392K), 0.0309537 secs] [Times: user=0.34 sys=0.00, real=0.03 secs] 
2016-09-24T00:54:35.330-0400: 243.054: [GC (GCLocker Initiated GC) [PSYoungGen: 143187K->79619K(175104K)] 414367K->387368K(699392K), 0.0136013 secs] [Times: user=0.13 sys=0.00, real=0.02 secs] 
2016-09-24T00:54:35.450-0400: 243.174: [GC (GCLocker Initiated GC) [PSYoungGen: 167683K->55743K(175104K)] 487939K->449042K(699392K), 0.0129618 secs] [Times: user=0.15 sys=0.00, real=0.02 secs] 
2016-09-24T00:54:35.569-0400: 243.293: [GC (GCLocker Initiated GC) [PSYoungGen: 143807K->37226K(175104K)] 550021K->462136K(699392K), 0.0085371 secs] [Times: user=0.08 sys=0.00, real=0.01 secs] 
2016-09-24T00:54:35.679-0400: 243.403: [GC (GCLocker Initiated GC) [PSYoungGen: 125290K->85822K(175104K)] 550376K->517094K(699392K), 0.0094511 secs] [Times: user=0.13 sys=0.00, real=0.01 secs] 
2016-09-24T00:54:35.808-0400: 243.532: [GC (GCLocker Initiated GC) [PSYoungGen: 173886K->73608K(175104K)] 611275K->529490K(699392K), 0.0108277 secs] [Times: user=0.10 sys=0.00, real=0.01 secs] 
2016-09-24T00:54:35.819-0400: 243.543: [Full GC (Ergonomics) [PSYoungGen: 73608K->0K(175104K)] [ParOldGen: 455882K->54375K(524288K)] 529490K->54375K(699392K), [Metaspace: 44570K->44570K(1087488K)], 0.0592445 secs] [Times: user=0.43 sys=0.02, real=0.06 secs] 
2016-09-24T00:54:35.987-0400: 243.711: [GC (Allocation Failure) [PSYoungGen: 88064K->86438K(175104K)] 142794K->165468K(699392K), 0.0122883 secs] [Times: user=0.16 sys=0.00, real=0.01 secs] 
2016-09-24T00:54:36.119-0400: 243.843: [GC (GCLocker Initiated GC) [PSYoungGen: 174502K->49340K(175104K)] 253538K->201988K(699392K), 0.0118472 secs] [Times: user=0.13 sys=0.00, real=0.01 secs] 
2016-09-24T00:54:36.262-0400: 243.986: [GC (GCLocker Initiated GC) [PSYoungGen: 137404K->85658K(175104K)] 296163K->244552K(699392K), 0.0096943 secs] [Times: user=0.13 sys=0.00, real=0.01 secs] 
2016-09-24T00:54:36.373-0400: 244.097: [GC (GCLocker Initiated GC) [PSYoungGen: 173722K->85986K(175104K)] 338812K->305895K(699392K), 0.0122164 secs] [Times: user=0.18 sys=0.00, real=0.02 secs] 
2016-09-24T00:54:36.479-0400: 244.203: [GC (GCLocker Initiated GC) [PSYoungGen: 174050K->85854K(175104K)] 394326K->367219K(699392K), 0.0223654 secs] [Times: user=0.36 sys=0.00, real=0.02 secs] 
2016-09-24T00:54:36.628-0400: 244.352: [GC (GCLocker Initiated GC) [PSYoungGen: 173918K->85658K(175104K)] 461462K->415847K(699392K), 0.0121164 secs] [Times: user=0.19 sys=0.00, real=0.01 secs] 
2016-09-24T00:54:36.748-0400: 244.472: [GC (GCLocker Initiated GC) [PSYoungGen: 173722K->85986K(175104K)] 504054K->477251K(699392K), 0.0133795 secs] [Times: user=0.21 sys=0.00, real=0.01 secs] 
2016-09-24T00:54:36.876-0400: 244.600: [GC (GCLocker Initiated GC) [PSYoungGen: 174050K->61198K(175104K)] 565357K->519606K(699392K), 0.0271161 secs] [Times: user=0.38 sys=0.00, real=0.03 secs] 
2016-09-24T00:54:36.904-0400: 244.628: [Full GC (Ergonomics) [PSYoungGen: 61198K->0K(175104K)] [ParOldGen: 458407K->48583K(524288K)] 519606K->48583K(699392K), [Metaspace: 44570K->44570K(1087488K)], 0.0500728 secs] [Times: user=0.42 sys=0.00, real=0.04 secs] 
2016-09-24T00:54:37.058-0400: 244.782: [GC (GCLocker Initiated GC) [PSYoungGen: 88060K->86438K(175104K)] 149143K->153596K(699392K), 0.0113107 secs] [Times: user=0.17 sys=0.00, real=0.01 secs] 
2016-09-24T00:54:37.199-0400: 244.923: [GC (GCLocker Initiated GC) [PSYoungGen: 174502K->55415K(175104K)] 247861K->165935K(699392K), 0.0241289 secs] [Times: user=0.32 sys=0.00, real=0.03 secs] 
2016-09-24T00:54:37.330-0400: 245.054: [GC (GCLocker Initiated GC) [PSYoungGen: 143479K->86150K(175104K)] 260229K->245748K(699392K), 0.0126461 secs] [Times: user=0.18 sys=0.01, real=0.02 secs] 
2016-09-24T00:54:37.477-0400: 245.201: [GC (GCLocker Initiated GC) [PSYoungGen: 174214K->73640K(175104K)] 333814K->282312K(699392K), 0.0121515 secs] [Times: user=0.18 sys=0.00, real=0.01 secs] 
2016-09-24T00:54:37.646-0400: 245.370: [GC (GCLocker Initiated GC) [PSYoungGen: 161704K->48952K(175104K)] 376806K->264322K(699392K), 0.0092616 secs] [Times: user=0.09 sys=0.00, real=0.01 secs] 
2016-09-24T00:54:37.750-0400: 245.474: [GC (GCLocker Initiated GC) [PSYoungGen: 137016K->61230K(175104K)] 352551K->301185K(699392K), 0.0295736 secs] [Times: user=0.29 sys=0.00, real=0.03 secs] 
2016-09-24T00:54:37.891-0400: 245.615: [GC (GCLocker Initiated GC) [PSYoungGen: 149294K->73968K(175104K)] 395685K->356968K(699392K), 0.0126993 secs] [Times: user=0.17 sys=0.00, real=0.02 secs] 
2016-09-24T00:54:38.004-0400: 245.728: [GC (GCLocker Initiated GC) [PSYoungGen: 162032K->73704K(175104K)] 451468K->363604K(699392K), 0.0096326 secs] [Times: user=0.13 sys=0.00, real=0.00 secs] 
2016-09-24T00:54:38.113-0400: 245.837: [GC (GCLocker Initiated GC) [PSYoungGen: 161768K->73708K(175104K)] 451755K->382055K(699392K), 0.0217894 secs] [Times: user=0.27 sys=0.00, real=0.03 secs] 
2016-09-24T00:54:38.260-0400: 245.984: [GC (GCLocker Initiated GC) [PSYoungGen: 161772K->73640K(175104K)] 470827K->474464K(699392K), 0.0135478 secs] [Times: user=0.22 sys=0.00, real=0.01 secs] 
2016-09-24T00:54:38.408-0400: 246.132: [GC (GCLocker Initiated GC) [PSYoungGen: 161704K->73576K(175104K)] 574765K->486936K(699392K), 0.0100194 secs] [Times: user=0.16 sys=0.00, real=0.01 secs] 
2016-09-24T00:54:38.516-0400: 246.240: [GC (GCLocker Initiated GC) [PSYoungGen: 161640K->85854K(175104K)] 581134K->596609K(699392K), 0.0124370 secs] [Times: user=0.20 sys=0.00, real=0.01 secs] 
2016-09-24T00:54:38.528-0400: 246.252: [Full GC (Ergonomics) [PSYoungGen: 85854K->0K(175104K)] [ParOldGen: 510755K->54750K(524288K)] 596609K->54750K(699392K), [Metaspace: 44570K->44570K(1087488K)], 0.0473044 secs] [Times: user=0.40 sys=0.00, real=0.05 secs] 
2016-09-24T00:54:38.686-0400: 246.410: [GC (GCLocker Initiated GC) [PSYoungGen: 88064K->86694K(175104K)] 143035K->147740K(699392K), 0.0099134 secs] [Times: user=0.13 sys=0.00, real=0.01 secs] 
2016-09-24T00:54:38.836-0400: 246.559: [GC (GCLocker Initiated GC) [PSYoungGen: 174758K->55219K(175104K)] 241998K->141668K(699392K), 0.0093340 secs] [Times: user=0.14 sys=0.00, real=0.01 secs] 
2016-09-24T00:54:38.943-0400: 246.667: [GC (GCLocker Initiated GC) [PSYoungGen: 143283K->55187K(175104K)] 229781K->141844K(699392K), 0.0096669 secs] [Times: user=0.12 sys=0.00, real=0.00 secs] 
2016-09-24T00:54:39.058-0400: 246.782: [GC (GCLocker Initiated GC) [PSYoungGen: 143251K->86086K(175104K)] 236019K->203298K(699392K), 0.0130715 secs] [Times: user=0.16 sys=0.00, real=0.01 secs] 
2016-09-24T00:54:39.192-0400: 246.916: [GC (Allocation Failure) [PSYoungGen: 174150K->61330K(175104K)] 291404K->245684K(699392K), 0.0143158 secs] [Times: user=0.15 sys=0.00, real=0.02 secs] 
2016-09-24T00:54:39.308-0400: 247.032: [GC (GCLocker Initiated GC) [PSYoungGen: 149394K->67273K(175104K)] 333756K->270104K(699392K), 0.0220244 secs] [Times: user=0.20 sys=0.01, real=0.02 secs] 
2016-09-24T00:54:39.426-0400: 247.150: [GC (GCLocker Initiated GC) [PSYoungGen: 155337K->85822K(175104K)] 358265K->313201K(699392K), 0.0128186 secs] [Times: user=0.20 sys=0.01, real=0.01 secs] 
2016-09-24T00:54:39.546-0400: 247.270: [GC (GCLocker Initiated GC) [PSYoungGen: 173886K->61458K(175104K)] 401403K->350032K(699392K), 0.0111858 secs] [Times: user=0.12 sys=0.00, real=0.01 secs] 
2016-09-24T00:54:39.682-0400: 247.406: [GC (GCLocker Initiated GC) [PSYoungGen: 149522K->55355K(175104K)] 438464K->381014K(699392K), 0.0160913 secs] [Times: user=0.13 sys=0.00, real=0.01 secs] 
2016-09-24T00:54:39.841-0400: 247.565: [GC (GCLocker Initiated GC) [PSYoungGen: 143419K->67273K(175104K)] 475334K->417829K(699392K), 0.0087296 secs] [Times: user=0.08 sys=0.00, real=0.01 secs] 
2016-09-24T00:54:39.981-0400: 247.705: [GC (GCLocker Initiated GC) [PSYoungGen: 155337K->42813K(175104K)] 505895K->411691K(699392K), 0.0296088 secs] [Times: user=0.25 sys=0.00, real=0.03 secs] 
2016-09-24T00:54:40.116-0400: 247.840: [GC (GCLocker Initiated GC) [PSYoungGen: 130877K->79751K(175104K)] 505872K->473067K(699392K), 0.0130396 secs] [Times: user=0.11 sys=0.00, real=0.01 secs] 
2016-09-24T00:54:40.274-0400: 247.998: [GC (Allocation Failure) [PSYoungGen: 167815K->43269K(175104K)] 567275K->503934K(699392K), 0.0222643 secs] [Times: user=0.22 sys=0.00, real=0.03 secs] 
2016-09-24T00:54:40.296-0400: 248.020: [Full GC (Ergonomics) [PSYoungGen: 43269K->0K(175104K)] [ParOldGen: 460665K->55171K(524288K)] 503934K->55171K(699392K), [Metaspace: 44572K->44572K(1087488K)], 0.0589342 secs] [Times: user=0.31 sys=0.01, real=0.06 secs] 
2016-09-24T00:54:40.465-0400: 248.189: [GC (GCLocker Initiated GC) [PSYoungGen: 87899K->85918K(175104K)] 149146K->147165K(699392K), 0.0118209 secs] [Times: user=0.08 sys=0.00, real=0.01 secs] 
2016-09-24T00:54:40.581-0400: 248.305: [GC (GCLocker Initiated GC) [PSYoungGen: 173982K->85562K(175104K)] 235332K->214299K(699392K), 0.0187305 secs] [Times: user=0.22 sys=0.00, real=0.02 secs] 
2016-09-24T00:54:40.692-0400: 248.416: [GC (Allocation Failure) [PSYoungGen: 173626K->79783K(175104K)] 302567K->251361K(699392K), 0.0118264 secs] [Times: user=0.10 sys=0.00, real=0.02 secs] 
2016-09-24T00:54:40.809-0400: 248.533: [GC (GCLocker Initiated GC) [PSYoungGen: 166446K->49440K(175104K)] 344099K->288142K(699392K), 0.0208211 secs] [Times: user=0.19 sys=0.00, real=0.02 secs] 
2016-09-24T00:54:40.939-0400: 248.663: [GC (Allocation Failure) [PSYoungGen: 137504K->61298K(175104K)] 376365K->318652K(699392K), 0.0177755 secs] [Times: user=0.17 sys=0.00, real=0.02 secs] 
2016-09-24T00:54:41.055-0400: 248.779: [GC (GCLocker Initiated GC) [PSYoungGen: 149362K->73480K(175104K)] 406722K->367410K(699392K), 0.0210993 secs] [Times: user=0.21 sys=0.00, real=0.02 secs] 
2016-09-24T00:54:41.166-0400: 248.890: [GC (GCLocker Initiated GC) [PSYoungGen: 161544K->43041K(175104K)] 455841K->374048K(699392K), 0.0147161 secs] [Times: user=0.14 sys=0.00, real=0.01 secs] 
2016-09-24T00:54:41.306-0400: 249.030: [GC (GCLocker Initiated GC) [PSYoungGen: 131105K->55451K(175104K)] 474448K->417294K(699392K), 0.0224376 secs] [Times: user=0.21 sys=0.00, real=0.02 secs] 
2016-09-24T00:54:41.461-0400: 249.185: [GC (GCLocker Initiated GC) [PSYoungGen: 143515K->61330K(175104K)] 517634K->453934K(699392K), 0.0115758 secs] [Times: user=0.11 sys=0.00, real=0.01 secs] 
2016-09-24T00:54:41.584-0400: 249.308: [GC (GCLocker Initiated GC) [PSYoungGen: 149394K->49248K(175104K)] 542056K->478628K(699392K), 0.0267032 secs] [Times: user=0.27 sys=0.00, real=0.02 secs] 
2016-09-24T00:54:41.716-0400: 249.440: [GC (GCLocker Initiated GC) [PSYoungGen: 137312K->42813K(175104K)] 566829K->502933K(699392K), 0.0170405 secs] [Times: user=0.15 sys=0.00, real=0.01 secs] 
2016-09-24T00:54:41.734-0400: 249.457: [Full GC (Ergonomics) [PSYoungGen: 42813K->0K(175104K)] [ParOldGen: 460120K->48714K(524288K)] 502933K->48714K(699392K), [Metaspace: 44574K->44574K(1087488K)], 0.0586439 secs] [Times: user=0.39 sys=0.01, real=0.06 secs] 
2016-09-24T00:54:41.898-0400: 249.622: [GC (GCLocker Initiated GC) [PSYoungGen: 88064K->86274K(175104K)] 149020K->171530K(699392K), 0.0104068 secs] [Times: user=0.13 sys=0.01, real=0.01 secs] 
2016-09-24T00:54:42.033-0400: 249.757: [GC (GCLocker Initiated GC) [PSYoungGen: 174338K->79583K(175104K)] 259653K->244609K(699392K), 0.0121239 secs] [Times: user=0.16 sys=0.00, real=0.02 secs] 
2016-09-24T00:54:42.150-0400: 249.874: [GC (Allocation Failure) [PSYoungGen: 167647K->79619K(175104K)] 332720K->281286K(699392K), 0.0247406 secs] [Times: user=0.26 sys=0.00, real=0.03 secs] 
2016-09-24T00:54:42.291-0400: 250.015: [GC (GCLocker Initiated GC) [PSYoungGen: 167683K->49148K(175104K)] 369355K->336146K(699392K), 0.0268759 secs] [Times: user=0.25 sys=0.00, real=0.03 secs] 
2016-09-24T00:54:42.416-0400: 250.140: [GC (GCLocker Initiated GC) [PSYoungGen: 137212K->85630K(175104K)] 424375K->379120K(699392K), 0.0102675 secs] [Times: user=0.08 sys=0.00, real=0.01 secs] 
2016-09-24T00:54:42.530-0400: 250.254: [GC (GCLocker Initiated GC) [PSYoungGen: 173694K->61362K(175104K)] 467290K->403857K(699392K), 0.0195349 secs] [Times: user=0.20 sys=0.00, real=0.02 secs] 
2016-09-24T00:54:42.669-0400: 250.393: [GC (GCLocker Initiated GC) [PSYoungGen: 149426K->49248K(175104K)] 498179K->416478K(699392K), 0.0166713 secs] [Times: user=0.15 sys=0.01, real=0.02 secs] 
2016-09-24T00:54:42.814-0400: 250.538: [GC (GCLocker Initiated GC) [PSYoungGen: 137312K->67597K(175104K)] 510838K->459631K(699392K), 0.0093530 secs] [Times: user=0.11 sys=0.00, real=0.01 secs] 
2016-09-24T00:54:42.930-0400: 250.654: [GC (GCLocker Initiated GC) [PSYoungGen: 155661K->73608K(175104K)] 548215K->496853K(699392K), 0.0100514 secs] [Times: user=0.11 sys=0.00, real=0.01 secs] 
2016-09-24T00:54:43.059-0400: 250.783: [GC (GCLocker Initiated GC) [PSYoungGen: 161672K->49244K(175104K)] 597097K->515163K(699392K), 0.0291715 secs] [Times: user=0.34 sys=0.00, real=0.03 secs] 
2016-09-24T00:54:43.088-0400: 250.812: [Full GC (Ergonomics) [PSYoungGen: 49244K->0K(175104K)] [ParOldGen: 465919K->53388K(524288K)] 515163K->53388K(699392K), [Metaspace: 44575K->44575K(1087488K)], 0.0645067 secs] [Times: user=0.44 sys=0.00, real=0.06 secs] 
2016-09-24T00:54:43.275-0400: 250.999: [GC (GCLocker Initiated GC) [PSYoungGen: 88064K->86210K(175104K)] 147888K->152109K(699392K), 0.0095598 secs] [Times: user=0.12 sys=0.00, real=0.01 secs] 
2016-09-24T00:54:43.408-0400: 251.132: [GC (GCLocker Initiated GC) [PSYoungGen: 174274K->61458K(175104K)] 240446K->183032K(699392K), 0.0129956 secs] [Times: user=0.15 sys=0.00, real=0.01 secs] 
2016-09-24T00:54:43.551-0400: 251.275: [GC (GCLocker Initiated GC) [PSYoungGen: 149522K->55319K(175104K)] 271362K->213900K(699392K), 0.0120029 secs] [Times: user=0.11 sys=0.01, real=0.02 secs] 
2016-09-24T00:54:43.707-0400: 251.431: [GC (GCLocker Initiated GC) [PSYoungGen: 143383K->55483K(175104K)] 320545K->251137K(699392K), 0.0129859 secs] [Times: user=0.12 sys=0.00, real=0.01 secs] 
2016-09-24T00:54:43.844-0400: 251.568: [GC (GCLocker Initiated GC) [PSYoungGen: 143547K->73676K(175104K)] 339221K->269617K(699392K), 0.0067595 secs] [Times: user=0.06 sys=0.00, real=0.00 secs] 
2016-09-24T00:54:43.955-0400: 251.679: [GC (GCLocker Initiated GC) [PSYoungGen: 161740K->61234K(175104K)] 357830K->275800K(699392K), 0.0304672 secs] [Times: user=0.31 sys=0.00, real=0.03 secs] 
2016-09-24T00:54:44.100-0400: 251.824: [GC (GCLocker Initiated GC) [PSYoungGen: 149298K->79715K(175104K)] 364226K->337312K(699392K), 0.0197990 secs] [Times: user=0.21 sys=0.00, real=0.02 secs] 
2016-09-24T00:54:44.250-0400: 251.974: [GC (GCLocker Initiated GC) [PSYoungGen: 167779K->49376K(175104K)] 437546K->355884K(699392K), 0.0132498 secs] [Times: user=0.16 sys=0.00, real=0.02 secs] 
2016-09-24T00:54:44.353-0400: 252.077: [GC (GCLocker Initiated GC) [PSYoungGen: 137440K->61362K(175104K)] 444192K->398757K(699392K), 0.0107342 secs] [Times: user=0.07 sys=0.01, real=0.02 secs] 
2016-09-24T00:54:44.474-0400: 252.198: [GC (GCLocker Initiated GC) [PSYoungGen: 149426K->85890K(175104K)] 487165K->466453K(699392K), 0.0220203 secs] [Times: user=0.28 sys=0.00, real=0.02 secs] 
2016-09-24T00:54:44.617-0400: 252.341: [GC (GCLocker Initiated GC) [PSYoungGen: 173954K->61558K(175104K)] 554603K->460692K(699392K), 0.0097543 secs] [Times: user=0.08 sys=0.00, real=0.01 secs] 
2016-09-24T00:54:44.740-0400: 252.464: [GC (GCLocker Initiated GC) [PSYoungGen: 149622K->73772K(175104K)] 554912K->497414K(699392K), 0.0142838 secs] [Times: user=0.16 sys=0.00, real=0.02 secs] 
2016-09-24T00:54:44.857-0400: 252.581: [GC (Allocation Failure) [PSYoungGen: 161836K->61362K(175104K)] 585671K->521767K(699392K), 0.0100352 secs] [Times: user=0.09 sys=0.00, real=0.01 secs] 
2016-09-24T00:54:44.867-0400: 252.591: [Full GC (Ergonomics) [PSYoungGen: 61362K->0K(175104K)] [ParOldGen: 460404K->53278K(524288K)] 521767K->53278K(699392K), [Metaspace: 44577K->44577K(1087488K)], 0.0639784 secs] [Times: user=0.43 sys=0.01, real=0.06 secs] 
2016-09-24T00:54:45.043-0400: 252.767: [GC (GCLocker Initiated GC) [PSYoungGen: 88064K->86438K(175104K)] 141348K->164022K(699392K), 0.0129023 secs] [Times: user=0.20 sys=0.00, real=0.01 secs] 
2016-09-24T00:54:45.181-0400: 252.904: [GC (Allocation Failure) [PSYoungGen: 174502K->61294K(175104K)] 252178K->158250K(699392K), 0.0077515 secs] [Times: user=0.11 sys=0.00, real=0.01 secs] 
2016-09-24T00:54:45.299-0400: 253.023: [GC (GCLocker Initiated GC) [PSYoungGen: 149358K->55679K(175104K)] 252389K->177047K(699392K), 0.0119028 secs] [Times: user=0.14 sys=0.01, real=0.01 secs] 
2016-09-24T00:54:45.435-0400: 253.159: [GC (GCLocker Initiated GC) [PSYoungGen: 143743K->85790K(175104K)] 271435K->238089K(699392K), 0.0188739 secs] [Times: user=0.21 sys=0.01, real=0.02 secs] 
2016-09-24T00:54:45.572-0400: 253.295: [GC (GCLocker Initiated GC) [PSYoungGen: 173854K->37226K(175104K)] 332583K->214439K(699392K), 0.0236424 secs] [Times: user=0.24 sys=0.00, real=0.03 secs] 
2016-09-24T00:54:45.693-0400: 253.416: [GC (GCLocker Initiated GC) [PSYoungGen: 125290K->55351K(175104K)] 308626K->238979K(699392K), 0.0061668 secs] [Times: user=0.05 sys=0.00, real=0.01 secs] 
2016-09-24T00:54:45.826-0400: 253.550: [GC (Allocation Failure) [PSYoungGen: 143415K->73644K(175104K)] 327274K->257771K(699392K), 0.0181845 secs] [Times: user=0.19 sys=0.01, real=0.02 secs] 
2016-09-24T00:54:45.954-0400: 253.678: [GC (GCLocker Initiated GC) [PSYoungGen: 161708K->61330K(175104K)] 345840K->257880K(699392K), 0.0235449 secs] [Times: user=0.25 sys=0.00, real=0.03 secs] 
2016-09-24T00:54:46.089-0400: 253.813: [GC (GCLocker Initiated GC) [PSYoungGen: 149394K->61526K(175104K)] 346064K->307079K(699392K), 0.0100853 secs] [Times: user=0.08 sys=0.00, real=0.01 secs] 
2016-09-24T00:54:46.208-0400: 253.932: [GC (Allocation Failure) [PSYoungGen: 149590K->67537K(175104K)] 401495K->319694K(699392K), 0.0094393 secs] [Times: user=0.07 sys=0.00, real=0.01 secs] 
2016-09-24T00:54:46.331-0400: 254.055: [GC (Allocation Failure) [PSYoungGen: 155600K->67505K(175104K)] 407757K->325988K(699392K), 0.0183334 secs] [Times: user=0.18 sys=0.00, real=0.02 secs] 
2016-09-24T00:54:46.460-0400: 254.184: [GC (GCLocker Initiated GC) [PSYoungGen: 152321K->43105K(175104K)] 416879K->332231K(699392K), 0.0152243 secs] [Times: user=0.12 sys=0.01, real=0.02 secs] 
2016-09-24T00:54:46.609-0400: 254.333: [GC (GCLocker Initiated GC) [PSYoungGen: 131169K->55551K(175104K)] 438629K->363286K(699392K), 0.0132723 secs] [Times: user=0.11 sys=0.00, real=0.02 secs] 
2016-09-24T00:54:46.712-0400: 254.436: [GC (GCLocker Initiated GC) [PSYoungGen: 143615K->61426K(175104K)] 451705K->394084K(699392K), 0.0161634 secs] [Times: user=0.16 sys=0.00, real=0.02 secs] 
2016-09-24T00:54:46.853-0400: 254.577: [GC (GCLocker Initiated GC) [PSYoungGen: 149490K->37325K(175104K)] 494468K->419029K(699392K), 0.0270774 secs] [Times: user=0.26 sys=0.01, real=0.03 secs] 
2016-09-24T00:54:47.003-0400: 254.727: [GC (GCLocker Initiated GC) [PSYoungGen: 125389K->73316K(175104K)] 507160K->455682K(699392K), 0.0211166 secs] [Times: user=0.22 sys=0.00, real=0.02 secs] 
2016-09-24T00:54:47.120-0400: 254.844: [GC (GCLocker Initiated GC) [PSYoungGen: 161380K->79783K(175104K)] 549920K->480600K(699392K), 0.0089227 secs] [Times: user=0.08 sys=0.00, real=0.01 secs] 
2016-09-24T00:54:47.244-0400: 254.968: [GC (GCLocker Initiated GC) [PSYoungGen: 167847K->79683K(175104K)] 568964K->541849K(699392K), 0.0288973 secs] [Times: user=0.33 sys=0.00, real=0.02 secs] 
2016-09-24T00:54:47.273-0400: 254.997: [Full GC (Ergonomics) [PSYoungGen: 79683K->0K(175104K)] [ParOldGen: 462166K->53913K(524288K)] 541849K->53913K(699392K), [Metaspace: 44584K->44584K(1087488K)], 0.0664520 secs] [Times: user=0.43 sys=0.01, real=0.07 secs] 
2016-09-24T00:54:47.479-0400: 255.203: [GC (GCLocker Initiated GC) [PSYoungGen: 88064K->67501K(175104K)] 148413K->127850K(699392K), 0.0100470 secs] [Times: user=0.08 sys=0.00, real=0.01 secs] 
2016-09-24T00:54:47.620-0400: 255.344: [GC (GCLocker Initiated GC) [PSYoungGen: 155565K->55187K(175104K)] 222098K->158429K(699392K), 0.0097250 secs] [Times: user=0.07 sys=0.00, real=0.01 secs] 
2016-09-24T00:54:47.730-0400: 255.454: [GC (GCLocker Initiated GC) [PSYoungGen: 143251K->73608K(175104K)] 246799K->195541K(699392K), 0.0109776 secs] [Times: user=0.16 sys=0.00, real=0.01 secs] 
2016-09-24T00:54:47.856-0400: 255.580: [GC (GCLocker Initiated GC) [PSYoungGen: 161672K->74032K(175104K)] 289851K->257037K(699392K), 0.0140793 secs] [Times: user=0.21 sys=0.00, real=0.01 secs] 
2016-09-24T00:54:47.970-0400: 255.694: [GC (Allocation Failure) [PSYoungGen: 162096K->74132K(175104K)] 345221K->257409K(699392K), 0.0077644 secs] [Times: user=0.10 sys=0.00, real=0.01 secs] 
2016-09-24T00:54:48.088-0400: 255.812: [GC (GCLocker Initiated GC) [PSYoungGen: 157555K->49280K(175104K)] 346907K->244950K(699392K), 0.0211740 secs] [Times: user=0.18 sys=0.00, real=0.02 secs] 
2016-09-24T00:54:48.210-0400: 255.934: [GC (GCLocker Initiated GC) [PSYoungGen: 137344K->73576K(175104K)] 339226K->294115K(699392K), 0.0313390 secs] [Times: user=0.34 sys=0.00, real=0.03 secs] 
2016-09-24T00:54:48.380-0400: 256.104: [GC (GCLocker Initiated GC) [PSYoungGen: 161640K->37354K(175104K)] 394360K->300545K(699392K), 0.0221195 secs] [Times: user=0.21 sys=0.00, real=0.03 secs] 
2016-09-24T00:54:48.504-0400: 256.228: [GC (GCLocker Initiated GC) [PSYoungGen: 125418K->61262K(175104K)] 395489K->349865K(699392K), 0.0284460 secs] [Times: user=0.30 sys=0.00, real=0.02 secs] 
2016-09-24T00:54:48.655-0400: 256.379: [GC (GCLocker Initiated GC) [PSYoungGen: 149326K->37126K(175104K)] 444566K->356786K(699392K), 0.0162214 secs] [Times: user=0.22 sys=0.00, real=0.01 secs] 
2016-09-24T00:54:48.771-0400: 256.495: [GC (GCLocker Initiated GC) [PSYoungGen: 125190K->61330K(175104K)] 451275K->387666K(699392K), 0.0119454 secs] [Times: user=0.12 sys=0.00, real=0.02 secs] 
2016-09-24T00:54:48.891-0400: 256.615: [GC (GCLocker Initiated GC) [PSYoungGen: 149394K->67761K(175104K)] 482026K->418949K(699392K), 0.0159460 secs] [Times: user=0.20 sys=0.00, real=0.02 secs] 
2016-09-24T00:54:49.045-0400: 256.769: [GC (GCLocker Initiated GC) [PSYoungGen: 155825K->48920K(175104K)] 513405K->419034K(699392K), 0.0220018 secs] [Times: user=0.21 sys=0.00, real=0.02 secs] 
2016-09-24T00:54:49.200-0400: 256.924: [GC (GCLocker Initiated GC) [PSYoungGen: 136984K->55127K(175104K)] 507240K->425478K(699392K), 0.0091016 secs] [Times: user=0.08 sys=0.00, real=0.01 secs] 
2016-09-24T00:54:49.316-0400: 257.040: [GC (GCLocker Initiated GC) [PSYoungGen: 143191K->85626K(175104K)] 513584K->486694K(699392K), 0.0095620 secs] [Times: user=0.11 sys=0.00, real=0.01 secs] 
2016-09-24T00:54:49.464-0400: 257.188: [GC (GCLocker Initiated GC) [PSYoungGen: 173690K->67337K(175104K)] 580926K->511159K(699392K), 0.0130818 secs] [Times: user=0.15 sys=0.01, real=0.01 secs] 
2016-09-24T00:54:49.596-0400: 257.319: [GC (GCLocker Initiated GC) [PSYoungGen: 155401K->49148K(175104K)] 605346K->517421K(699392K), 0.0090209 secs] [Times: user=0.07 sys=0.00, real=0.01 secs] 
2016-09-24T00:54:49.696-0400: 257.420: [GC (GCLocker Initiated GC) [PSYoungGen: 137212K->67601K(175104K)] 605689K->572820K(699392K), 0.0220150 secs] [Times: user=0.22 sys=0.01, real=0.02 secs] 
2016-09-24T00:54:49.718-0400: 257.442: [Full GC (Ergonomics) [PSYoungGen: 67601K->0K(175104K)] [ParOldGen: 505219K->54272K(524288K)] 572820K->54272K(699392K), [Metaspace: 44584K->44584K(1087488K)], 0.0705393 secs] [Times: user=0.42 sys=0.00, real=0.07 secs] 
2016-09-24T00:54:49.910-0400: 257.634: [GC (GCLocker Initiated GC) [PSYoungGen: 88064K->86278K(175104K)] 154640K->158929K(699392K), 0.0095285 secs] [Times: user=0.09 sys=0.00, real=0.01 secs] 
2016-09-24T00:54:50.029-0400: 257.753: [GC (GCLocker Initiated GC) [PSYoungGen: 174342K->43397K(175104K)] 246998K->171619K(699392K), 0.0109560 secs] [Times: user=0.14 sys=0.00, real=0.01 secs] 
2016-09-24T00:54:50.136-0400: 257.860: [GC (GCLocker Initiated GC) [PSYoungGen: 131461K->55447K(175104K)] 265906K->208408K(699392K), 0.0102976 secs] [Times: user=0.15 sys=0.00, real=0.01 secs] 
2016-09-24T00:54:50.274-0400: 257.998: [GC (GCLocker Initiated GC) [PSYoungGen: 143511K->85986K(175104K)] 296626K->263700K(699392K), 0.0248849 secs] [Times: user=0.31 sys=0.00, real=0.02 secs] 
2016-09-24T00:54:50.423-0400: 258.147: [GC (Allocation Failure) [PSYoungGen: 174050K->55970K(175104K)] 357959K->276965K(699392K), 0.0109278 secs] [Times: user=0.16 sys=0.01, real=0.01 secs] 
2016-09-24T00:54:50.545-0400: 258.269: [GC (GCLocker Initiated GC) [PSYoungGen: 140808K->55383K(175104K)] 367878K->282580K(699392K), 0.0067482 secs] [Times: user=0.08 sys=0.00, real=0.00 secs] 
2016-09-24T00:54:50.667-0400: 258.391: [GC (GCLocker Initiated GC) [PSYoungGen: 143447K->67697K(175104K)] 370836K->295158K(699392K), 0.0236980 secs] [Times: user=0.23 sys=0.00, real=0.02 secs] 
2016-09-24T00:54:50.816-0400: 258.540: [GC (GCLocker Initiated GC) [PSYoungGen: 155761K->73576K(175104K)] 389518K->325865K(699392K), 0.0122071 secs] [Times: user=0.13 sys=0.00, real=0.01 secs] 
2016-09-24T00:54:50.933-0400: 258.657: [GC (GCLocker Initiated GC) [PSYoungGen: 161640K->67437K(175104K)] 420102K->350319K(699392K), 0.0104229 secs] [Times: user=0.08 sys=0.00, real=0.02 secs] 
2016-09-24T00:54:51.062-0400: 258.786: [GC (GCLocker Initiated GC) [PSYoungGen: 155501K->73576K(175104K)] 438615K->381289K(699392K), 0.0237400 secs] [Times: user=0.23 sys=0.00, real=0.03 secs] 
2016-09-24T00:54:51.210-0400: 258.934: [GC (GCLocker Initiated GC) [PSYoungGen: 161640K->79391K(175104K)] 475464K->393475K(699392K), 0.0087709 secs] [Times: user=0.07 sys=0.01, real=0.01 secs] 
2016-09-24T00:54:51.321-0400: 259.045: [GC (GCLocker Initiated GC) [PSYoungGen: 167455K->49084K(175104K)] 481620K->411969K(699392K), 0.0221475 secs] [Times: user=0.23 sys=0.00, real=0.03 secs] 
2016-09-24T00:54:51.466-0400: 259.190: [GC (GCLocker Initiated GC) [PSYoungGen: 137148K->79715K(175104K)] 500102K->503735K(699392K), 0.0132132 secs] [Times: user=0.14 sys=0.00, real=0.01 secs] 
2016-09-24T00:54:51.611-0400: 259.335: [GC (GCLocker Initiated GC) [PSYoungGen: 167779K->19036K(175104K)] 616381K->504357K(699392K), 0.0097871 secs] [Times: user=0.06 sys=0.00, real=0.01 secs] 
2016-09-24T00:54:51.621-0400: 259.345: [Full GC (Ergonomics) [PSYoungGen: 19036K->0K(175104K)] [ParOldGen: 485320K->53757K(524288K)] 504357K->53757K(699392K), [Metaspace: 44584K->44584K(1087488K)], 0.0521609 secs] [Times: user=0.26 sys=0.01, real=0.05 secs] 
2016-09-24T00:54:51.784-0400: 259.508: [GC (GCLocker Initiated GC) [PSYoungGen: 88064K->79487K(175104K)] 142428K->133851K(699392K), 0.0086935 secs] [Times: user=0.08 sys=0.01, real=0.00 secs] 
2016-09-24T00:54:51.886-0400: 259.610: [GC (GCLocker Initiated GC) [PSYoungGen: 167551K->85726K(175104K)] 222025K->182852K(699392K), 0.0151489 secs] [Times: user=0.16 sys=0.00, real=0.01 secs] 
2016-09-24T00:54:52.031-0400: 259.755: [GC (GCLocker Initiated GC) [PSYoungGen: 173790K->67697K(175104K)] 277274K->207938K(699392K), 0.0239500 secs] [Times: user=0.29 sys=0.00, real=0.03 secs] 
2016-09-24T00:54:52.180-0400: 259.904: [GC (GCLocker Initiated GC) [PSYoungGen: 155761K->55319K(175104K)] 302276K->220350K(699392K), 0.0096873 secs] [Times: user=0.09 sys=0.00, real=0.01 secs] 
2016-09-24T00:54:52.299-0400: 260.023: [GC (GCLocker Initiated GC) [PSYoungGen: 143382K->73804K(175104K)] 314850K->263616K(699392K), 0.0089837 secs] [Times: user=0.08 sys=0.00, real=0.01 secs] 
2016-09-24T00:54:52.446-0400: 260.170: [GC (Allocation Failure) [PSYoungGen: 161868K->49180K(175104K)] 357892K->282093K(699392K), 0.0335016 secs] [Times: user=0.38 sys=0.00, real=0.03 secs] 
2016-09-24T00:54:52.601-0400: 260.325: [GC (GCLocker Initiated GC) [PSYoungGen: 134297K->55419K(175104K)] 373286K->330985K(699392K), 0.0156446 secs] [Times: user=0.15 sys=0.00, real=0.02 secs] 
2016-09-24T00:54:52.721-0400: 260.445: [GC (GCLocker Initiated GC) [PSYoungGen: 143483K->36994K(175104K)] 425177K->379722K(699392K), 0.0152930 secs] [Times: user=0.16 sys=0.00, real=0.02 secs] 
2016-09-24T00:54:52.848-0400: 260.572: [GC (GCLocker Initiated GC) [PSYoungGen: 125058K->79947K(175104K)] 468102K->441343K(699392K), 0.0196060 secs] [Times: user=0.19 sys=0.02, real=0.02 secs] 
2016-09-24T00:54:52.980-0400: 260.704: [GC (Allocation Failure) [PSYoungGen: 168011K->61590K(175104K)] 529460K->454174K(699392K), 0.0096246 secs] [Times: user=0.10 sys=0.00, real=0.01 secs] 
2016-09-24T00:54:53.095-0400: 260.819: [GC (GCLocker Initiated GC) [PSYoungGen: 149654K->61850K(175104K)] 548313K->503178K(699392K), 0.0262480 secs] [Times: user=0.29 sys=0.00, real=0.02 secs] 
2016-09-24T00:54:53.235-0400: 260.959: [GC (GCLocker Initiated GC) [PSYoungGen: 149914K->79519K(175104K)] 591379K->533589K(699392K), 0.0170784 secs] [Times: user=0.20 sys=0.00, real=0.01 secs] 
2016-09-24T00:54:53.354-0400: 261.078: [GC (GCLocker Initiated GC) [PSYoungGen: 167583K->85954K(175104K)] 621656K->582680K(699392K), 0.0183830 secs] [Times: user=0.16 sys=0.01, real=0.02 secs] 
2016-09-24T00:54:53.373-0400: 261.096: [Full GC (Ergonomics) [PSYoungGen: 85954K->0K(175104K)] [ParOldGen: 496726K->53848K(524288K)] 582680K->53848K(699392K), [Metaspace: 44585K->44585K(1087488K)], 0.0631220 secs] [Times: user=0.35 sys=0.01, real=0.07 secs] 
2016-09-24T00:54:53.552-0400: 261.276: [GC (GCLocker Initiated GC) [PSYoungGen: 88064K->85854K(175104K)] 142256K->146122K(699392K), 0.0115833 secs] [Times: user=0.15 sys=0.00, real=0.02 secs] 
2016-09-24T00:54:53.680-0400: 261.404: [GC (GCLocker Initiated GC) [PSYoungGen: 173918K->49504K(175104K)] 240605K->153089K(699392K), 0.0195248 secs] [Times: user=0.22 sys=0.00, real=0.02 secs] 
2016-09-24T00:54:53.812-0400: 261.536: [GC (GCLocker Initiated GC) [PSYoungGen: 137568K->79683K(175104K)] 241334K->201973K(699392K), 0.0172898 secs] [Times: user=0.19 sys=0.00, real=0.02 secs] 
2016-09-24T00:54:53.936-0400: 261.660: [GC (GCLocker Initiated GC) [PSYoungGen: 167747K->85694K(175104K)] 290174K->226450K(699392K), 0.0159509 secs] [Times: user=0.19 sys=0.00, real=0.01 secs] 
2016-09-24T00:54:54.063-0400: 261.787: [GC (GCLocker Initiated GC) [PSYoungGen: 173758K->86182K(175104K)] 314875K->282298K(699392K), 0.0149821 secs] [Times: user=0.18 sys=0.00, real=0.01 secs] 
2016-09-24T00:54:54.202-0400: 261.925: [GC (GCLocker Initiated GC) [PSYoungGen: 174246K->37517K(175104K)] 382739K->282916K(699392K), 0.0352831 secs] [Times: user=0.34 sys=0.02, real=0.04 secs] 
2016-09-24T00:54:54.335-0400: 262.059: [GC (GCLocker Initiated GC) [PSYoungGen: 125581K->85662K(175104K)] 371011K->337457K(699392K), 0.0093264 secs] [Times: user=0.08 sys=0.00, real=0.01 secs] 
2016-09-24T00:54:54.483-0400: 262.207: [GC (GCLocker Initiated GC) [PSYoungGen: 173726K->55223K(175104K)] 425731K->368246K(699392K), 0.0204934 secs] [Times: user=0.20 sys=0.00, real=0.02 secs] 
2016-09-24T00:54:54.624-0400: 262.347: [GC (GCLocker Initiated GC) [PSYoungGen: 143287K->79523K(175104K)] 456463K->399034K(699392K), 0.0184332 secs] [Times: user=0.16 sys=0.00, real=0.01 secs] 
2016-09-24T00:54:54.763-0400: 262.487: [GC (GCLocker Initiated GC) [PSYoungGen: 167587K->73448K(175104K)] 487257K->423777K(699392K), 0.0201676 secs] [Times: user=0.21 sys=0.00, real=0.02 secs] 
2016-09-24T00:54:54.901-0400: 262.625: [GC (Allocation Failure) [PSYoungGen: 161512K->37130K(175104K)] 512051K->436364K(699392K), 0.0344676 secs] [Times: user=0.33 sys=0.00, real=0.04 secs] 
2016-09-24T00:54:55.050-0400: 262.773: [GC (GCLocker Initiated GC) [PSYoungGen: 125194K->85854K(175104K)] 524434K->509686K(699392K), 0.0125628 secs] [Times: user=0.19 sys=0.01, real=0.02 secs] 
2016-09-24T00:54:55.185-0400: 262.909: [GC (GCLocker Initiated GC) [PSYoungGen: 173918K->73608K(175104K)] 598111K->534566K(699392K), 0.0133275 secs] [Times: user=0.17 sys=0.01, real=0.01 secs] 
2016-09-24T00:54:55.199-0400: 262.923: [Full GC (Ergonomics) [PSYoungGen: 73608K->0K(175104K)] [ParOldGen: 460958K->53874K(524288K)] 534566K->53874K(699392K), [Metaspace: 44585K->44585K(1087488K)], 0.0597764 secs] [Times: user=0.40 sys=0.00, real=0.06 secs] 
2016-09-24T00:54:55.364-0400: 263.088: [GC (GCLocker Initiated GC) [PSYoungGen: 88064K->74388K(175104K)] 148363K->134687K(699392K), 0.0142958 secs] [Times: user=0.20 sys=0.00, real=0.01 secs] 
2016-09-24T00:54:55.518-0400: 263.242: [GC (GCLocker Initiated GC) [PSYoungGen: 162452K->30891K(175104K)] 229137K->116636K(699392K), 0.0130393 secs] [Times: user=0.15 sys=0.00, real=0.01 secs] 
2016-09-24T00:54:55.641-0400: 263.365: [GC (GCLocker Initiated GC) [PSYoungGen: 118955K->85822K(175104K)] 204955K->184076K(699392K), 0.0086745 secs] [Times: user=0.12 sys=0.00, real=0.01 secs] 
2016-09-24T00:54:55.754-0400: 263.478: [GC (Allocation Failure) [PSYoungGen: 173886K->79715K(175104K)] 272282K->220959K(699392K), 0.0116971 secs] [Times: user=0.17 sys=0.00, real=0.02 secs] 
2016-09-24T00:54:55.868-0400: 263.592: [GC (GCLocker Initiated GC) [PSYoungGen: 167779K->73476K(175104K)] 309029K->263618K(699392K), 0.0104037 secs] [Times: user=0.13 sys=0.00, real=0.01 secs] 
2016-09-24T00:54:56.010-0400: 263.734: [GC (GCLocker Initiated GC) [PSYoungGen: 161540K->73672K(175104K)] 363879K->294396K(699392K), 0.0097315 secs] [Times: user=0.10 sys=0.00, real=0.01 secs] 
2016-09-24T00:54:56.126-0400: 263.850: [GC (GCLocker Initiated GC) [PSYoungGen: 161736K->79651K(175104K)] 382703K->319143K(699392K), 0.0100555 secs] [Times: user=0.08 sys=0.00, real=0.01 secs] 
2016-09-24T00:54:56.253-0400: 263.977: [GC (GCLocker Initiated GC) [PSYoungGen: 167715K->55287K(175104K)] 413576K->374332K(699392K), 0.0284652 secs] [Times: user=0.29 sys=0.00, real=0.03 secs] 
2016-09-24T00:54:56.400-0400: 264.124: [GC (GCLocker Initiated GC) [PSYoungGen: 143351K->55583K(175104K)] 462423K->374906K(699392K), 0.0116745 secs] [Times: user=0.11 sys=0.00, real=0.01 secs] 
2016-09-24T00:54:56.531-0400: 264.255: [GC (GCLocker Initiated GC) [PSYoungGen: 143647K->55223K(175104K)] 463269K->393353K(699392K), 0.0186931 secs] [Times: user=0.18 sys=0.01, real=0.02 secs] 
2016-09-24T00:54:56.691-0400: 264.415: [GC (GCLocker Initiated GC) [PSYoungGen: 143287K->61198K(175104K)] 481616K->423930K(699392K), 0.0112185 secs] [Times: user=0.11 sys=0.00, real=0.02 secs] 
2016-09-24T00:54:56.818-0400: 264.542: [GC (GCLocker Initiated GC) [PSYoungGen: 149262K->73412K(175104K)] 518071K->442333K(699392K), 0.0131514 secs] [Times: user=0.14 sys=0.00, real=0.01 secs] 
2016-09-24T00:54:56.918-0400: 264.642: [GC (GCLocker Initiated GC) [PSYoungGen: 161476K->73772K(175104K)] 530461K->461134K(699392K), 0.0159213 secs] [Times: user=0.23 sys=0.00, real=0.01 secs] 
2016-09-24T00:54:57.046-0400: 264.770: [GC (Allocation Failure) [PSYoungGen: 161836K->80271K(175104K)] 549553K->504738K(699392K), 0.0115574 secs] [Times: user=0.17 sys=0.00, real=0.01 secs] 
2016-09-24T00:54:57.175-0400: 264.899: [GC (Allocation Failure) [PSYoungGen: 168335K->61266K(175104K)] 592802K->522622K(699392K), 0.0103936 secs] [Times: user=0.11 sys=0.00, real=0.01 secs] 
2016-09-24T00:54:57.186-0400: 264.910: [Full GC (Ergonomics) [PSYoungGen: 61266K->0K(175104K)] [ParOldGen: 461356K->41953K(524288K)] 522622K->41953K(699392K), [Metaspace: 44585K->44585K(1087488K)], 0.0569324 secs] [Times: user=0.38 sys=0.01, real=0.06 secs] 
2016-09-24T00:54:57.337-0400: 265.061: [GC (GCLocker Initiated GC) [PSYoungGen: 84286K->85790K(175104K)] 132314K->139893K(699392K), 0.0080627 secs] [Times: user=0.08 sys=0.00, real=0.01 secs] 
2016-09-24T00:54:57.446-0400: 265.170: [GC (GCLocker Initiated GC) [PSYoungGen: 173854K->61430K(175104K)] 234079K->146215K(699392K), 0.0141021 secs] [Times: user=0.12 sys=0.00, real=0.01 secs] 
2016-09-24T00:54:57.555-0400: 265.278: [GC (GCLocker Initiated GC) [PSYoungGen: 149494K->73836K(175104K)] 234376K->207642K(699392K), 0.0120631 secs] [Times: user=0.15 sys=0.00, real=0.01 secs] 
2016-09-24T00:54:57.663-0400: 265.387: [GC (GCLocker Initiated GC) [PSYoungGen: 161900K->86282K(175104K)] 301839K->263135K(699392K), 0.0103534 secs] [Times: user=0.13 sys=0.00, real=0.00 secs] 
2016-09-24T00:54:57.800-0400: 265.524: [GC (GCLocker Initiated GC) [PSYoungGen: 174346K->55223K(175104K)] 351201K->268803K(699392K), 0.0118241 secs] [Times: user=0.11 sys=0.00, real=0.01 secs] 
2016-09-24T00:54:57.901-0400: 265.624: [GC (GCLocker Initiated GC) [PSYoungGen: 143287K->85954K(175104K)] 356993K->324087K(699392K), 0.0111236 secs] [Times: user=0.13 sys=0.00, real=0.01 secs] 
2016-09-24T00:54:58.036-0400: 265.760: [GC (GCLocker Initiated GC) [PSYoungGen: 174018K->43073K(175104K)] 412260K->312113K(699392K), 0.0090526 secs] [Times: user=0.07 sys=0.00, real=0.01 secs] 
2016-09-24T00:54:58.161-0400: 265.885: [GC (GCLocker Initiated GC) [PSYoungGen: 131137K->55579K(175104K)] 400348K->361375K(699392K), 0.0102013 secs] [Times: user=0.10 sys=0.01, real=0.01 secs] 
2016-09-24T00:54:58.289-0400: 266.013: [GC (Allocation Failure) [PSYoungGen: 143643K->61526K(175104K)] 449706K->416380K(699392K), 0.0148493 secs] [Times: user=0.19 sys=0.00, real=0.02 secs] 
2016-09-24T00:54:58.412-0400: 266.136: [GC (GCLocker Initiated GC) [PSYoungGen: 149586K->79747K(175104K)] 504446K->471529K(699392K), 0.0128535 secs] [Times: user=0.17 sys=0.00, real=0.02 secs] 
2016-09-24T00:54:58.547-0400: 266.271: [GC (GCLocker Initiated GC) [PSYoungGen: 167811K->74100K(175104K)] 559814K->484471K(699392K), 0.0178075 secs] [Times: user=0.21 sys=0.00, real=0.02 secs] 
2016-09-24T00:54:58.662-0400: 266.386: [GC (GCLocker Initiated GC) [PSYoungGen: 162164K->85758K(175104K)] 572896K->545553K(699392K), 0.0192053 secs] [Times: user=0.24 sys=0.00, real=0.02 secs] 
2016-09-24T00:54:58.681-0400: 266.405: [Full GC (Ergonomics) [PSYoungGen: 85758K->0K(175104K)] [ParOldGen: 459795K->60458K(524288K)] 545553K->60458K(699392K), [Metaspace: 44585K->44585K(1087488K)], 0.0606204 secs] [Times: user=0.42 sys=0.02, real=0.06 secs] 
2016-09-24T00:54:58.855-0400: 266.579: [GC (GCLocker Initiated GC) [PSYoungGen: 88064K->86342K(175104K)] 148627K->146905K(699392K), 0.0163228 secs] [Times: user=0.18 sys=0.01, real=0.01 secs] 
2016-09-24T00:54:58.968-0400: 266.692: [GC (Allocation Failure) [PSYoungGen: 174406K->55351K(175104K)] 235011K->153077K(699392K), 0.0130934 secs] [Times: user=0.09 sys=0.00, real=0.01 secs] 
2016-09-24T00:54:59.075-0400: 266.799: [GC (GCLocker Initiated GC) [PSYoungGen: 143415K->73804K(175104K)] 241143K->208141K(699392K), 0.0094690 secs] [Times: user=0.09 sys=0.00, real=0.01 secs] 
2016-09-24T00:54:59.195-0400: 266.919: [GC (Allocation Failure) [PSYoungGen: 161868K->43173K(175104K)] 296321K->196110K(699392K), 0.0098420 secs] [Times: user=0.06 sys=0.00, real=0.01 secs] 
2016-09-24T00:54:59.315-0400: 267.038: [GC (GCLocker Initiated GC) [PSYoungGen: 131237K->79683K(175104K)] 284179K->251478K(699392K), 0.0128327 secs] [Times: user=0.15 sys=0.00, real=0.01 secs] 
2016-09-24T00:54:59.447-0400: 267.171: [GC (GCLocker Initiated GC) [PSYoungGen: 167747K->67629K(175104K)] 351790K->288437K(699392K), 0.0111347 secs] [Times: user=0.18 sys=0.00, real=0.01 secs] 
2016-09-24T00:54:59.609-0400: 267.333: [GC (GCLocker Initiated GC) [PSYoungGen: 155693K->55483K(175104K)] 388957K->337474K(699392K), 0.0126179 secs] [Times: user=0.12 sys=0.01, real=0.01 secs] 
2016-09-24T00:54:59.736-0400: 267.460: [GC (GCLocker Initiated GC) [PSYoungGen: 143547K->55387K(175104K)] 431874K->344154K(699392K), 0.0110422 secs] [Times: user=0.08 sys=0.01, real=0.01 secs] 
2016-09-24T00:54:59.869-0400: 267.593: [GC (GCLocker Initiated GC) [PSYoungGen: 143451K->79391K(175104K)] 432327K->411067K(699392K), 0.0182157 secs] [Times: user=0.15 sys=0.00, real=0.02 secs] 
2016-09-24T00:54:59.999-0400: 267.723: [GC (GCLocker Initiated GC) [PSYoungGen: 167455K->43237K(175104K)] 499246K->417649K(699392K), 0.0167045 secs] [Times: user=0.16 sys=0.00, real=0.02 secs] 
2016-09-24T00:55:00.130-0400: 267.853: [GC (GCLocker Initiated GC) [PSYoungGen: 131301K->61626K(175104K)] 512026K->479256K(699392K), 0.0275634 secs] [Times: user=0.28 sys=0.00, real=0.03 secs] 
2016-09-24T00:55:00.310-0400: 268.034: [GC (GCLocker Initiated GC) [PSYoungGen: 149690K->19032K(175104K)] 591730K->479550K(699392K), 0.0083607 secs] [Times: user=0.06 sys=0.00, real=0.01 secs] 
2016-09-24T00:55:00.319-0400: 268.043: [Full GC (Ergonomics) [PSYoungGen: 19032K->0K(175104K)] [ParOldGen: 460517K->54000K(524288K)] 479550K->54000K(699392K), [Metaspace: 44587K->44587K(1087488K)], 0.0689731 secs] [Times: user=0.46 sys=0.02, real=0.07 secs] 
2016-09-24T00:55:00.504-0400: 268.227: [GC (GCLocker Initiated GC) [PSYoungGen: 88064K->79587K(175104K)] 142072K->133595K(699392K), 0.0144207 secs] [Times: user=0.17 sys=0.00, real=0.01 secs] 
2016-09-24T00:55:00.620-0400: 268.344: [GC (GCLocker Initiated GC) [PSYoungGen: 167651K->85790K(175104K)] 221763K->194901K(699392K), 0.0112703 secs] [Times: user=0.15 sys=0.01, real=0.01 secs] 
2016-09-24T00:55:00.741-0400: 268.465: [GC (GCLocker Initiated GC) [PSYoungGen: 173850K->67565K(175104K)] 283321K->244177K(699392K), 0.0119788 secs] [Times: user=0.13 sys=0.00, real=0.01 secs] 
2016-09-24T00:55:00.872-0400: 268.596: [GC (GCLocker Initiated GC) [PSYoungGen: 155629K->67501K(175104K)] 332422K->299237K(699392K), 0.0335965 secs] [Times: user=0.36 sys=0.01, real=0.04 secs] 
2016-09-24T00:55:01.017-0400: 268.741: [GC (GCLocker Initiated GC) [PSYoungGen: 155565K->85922K(175104K)] 387349K->336050K(699392K), 0.0215613 secs] [Times: user=0.24 sys=0.00, real=0.02 secs] 
2016-09-24T00:55:01.129-0400: 268.853: [GC (GCLocker Initiated GC) [PSYoungGen: 173986K->85886K(175104K)] 424391K->391274K(699392K), 0.0138404 secs] [Times: user=0.14 sys=0.01, real=0.02 secs] 
2016-09-24T00:55:01.259-0400: 268.983: [GC (GCLocker Initiated GC) [PSYoungGen: 173950K->67761K(175104K)] 491585K->403913K(699392K), 0.0073701 secs] [Times: user=0.09 sys=0.00, real=0.01 secs] 
2016-09-24T00:55:01.419-0400: 269.143: [GC (GCLocker Initiated GC) [PSYoungGen: 155825K->37158K(175104K)] 498064K->428484K(699392K), 0.0096455 secs] [Times: user=0.10 sys=0.00, real=0.01 secs] 
2016-09-24T00:55:01.538-0400: 269.262: [GC (GCLocker Initiated GC) [PSYoungGen: 125222K->79391K(175104K)] 516590K->471035K(699392K), 0.0098046 secs] [Times: user=0.09 sys=0.00, real=0.01 secs] 
2016-09-24T00:55:01.658-0400: 269.382: [GC (GCLocker Initiated GC) [PSYoungGen: 167455K->85986K(175104K)] 559136K->514237K(699392K), 0.0121983 secs] [Times: user=0.15 sys=0.00, real=0.01 secs] 
2016-09-24T00:55:01.809-0400: 269.533: [GC (GCLocker Initiated GC) [PSYoungGen: 174050K->48920K(175104K)] 608440K->508066K(699392K), 0.0162392 secs] [Times: user=0.14 sys=0.00, real=0.02 secs] 
2016-09-24T00:55:01.826-0400: 269.550: [Full GC (Ergonomics) [PSYoungGen: 48920K->0K(175104K)] [ParOldGen: 459146K->48104K(524288K)] 508066K->48104K(699392K), [Metaspace: 44588K->44588K(1087488K)], 0.0623722 secs] [Times: user=0.34 sys=0.02, real=0.06 secs] 
2016-09-24T00:55:01.974-0400: 269.698: [GC (GCLocker Initiated GC) [PSYoungGen: 88064K->86338K(175104K)] 142527K->152951K(699392K), 0.0107821 secs] [Times: user=0.06 sys=0.00, real=0.02 secs] 
2016-09-24T00:55:02.092-0400: 269.816: [GC (GCLocker Initiated GC) [PSYoungGen: 174402K->67761K(175104K)] 241354K->184320K(699392K), 0.0121886 secs] [Times: user=0.18 sys=0.00, real=0.02 secs] 
2016-09-24T00:55:02.214-0400: 269.938: [GC (GCLocker Initiated GC) [PSYoungGen: 155825K->73640K(175104K)] 278652K->215008K(699392K), 0.0112190 secs] [Times: user=0.16 sys=0.00, real=0.01 secs] 
2016-09-24T00:55:02.329-0400: 270.053: [GC (GCLocker Initiated GC) [PSYoungGen: 161704K->73836K(175104K)] 309306K->258211K(699392K), 0.0114491 secs] [Times: user=0.18 sys=0.00, real=0.01 secs] 
2016-09-24T00:55:02.469-0400: 270.193: [GC (GCLocker Initiated GC) [PSYoungGen: 161900K->79487K(175104K)] 346351K->300867K(699392K), 0.0098769 secs] [Times: user=0.10 sys=0.01, real=0.01 secs] 
2016-09-24T00:55:02.597-0400: 270.321: [GC (Allocation Failure) [PSYoungGen: 167551K->43205K(175104K)] 389119K->283101K(699392K), 0.0299373 secs] [Times: user=0.31 sys=0.00, real=0.03 secs] 
2016-09-24T00:55:02.721-0400: 270.445: [GC (GCLocker Initiated GC) [PSYoungGen: 125840K->37062K(175104K)] 371812K->337984K(699392K), 0.0230316 secs] [Times: user=0.22 sys=0.00, real=0.03 secs] 
2016-09-24T00:55:02.863-0400: 270.587: [GC (GCLocker Initiated GC) [PSYoungGen: 125126K->73672K(175104K)] 432221K->405367K(699392K), 0.0113179 secs] [Times: user=0.16 sys=0.00, real=0.01 secs] 
2016-09-24T00:55:02.985-0400: 270.708: [GC (GCLocker Initiated GC) [PSYoungGen: 161736K->55515K(175104K)] 493516K->424249K(699392K), 0.0081803 secs] [Times: user=0.11 sys=0.00, real=0.00 secs] 
2016-09-24T00:55:03.087-0400: 270.811: [GC (GCLocker Initiated GC) [PSYoungGen: 143579K->85790K(175104K)] 512475K->461193K(699392K), 0.0092426 secs] [Times: user=0.11 sys=0.00, real=0.01 secs] 
2016-09-24T00:55:03.236-0400: 270.960: [GC (Allocation Failure) [PSYoungGen: 173854K->85690K(175104K)] 549444K->485732K(699392K), 0.0122089 secs] [Times: user=0.17 sys=0.00, real=0.01 secs] 
2016-09-24T00:55:03.352-0400: 271.075: [GC (GCLocker Initiated GC) [PSYoungGen: 173754K->85690K(175104K)] 573796K->528416K(699392K), 0.0122184 secs] [Times: user=0.19 sys=0.00, real=0.02 secs] 
2016-09-24T00:55:03.482-0400: 271.206: [GC (GCLocker Initiated GC) [PSYoungGen: 173754K->73708K(175104K)] 622710K->559234K(699392K), 0.0177103 secs] [Times: user=0.21 sys=0.00, real=0.01 secs] 
2016-09-24T00:55:03.500-0400: 271.224: [Full GC (Ergonomics) [PSYoungGen: 73708K->0K(175104K)] [ParOldGen: 485526K->54626K(524288K)] 559234K->54626K(699392K), [Metaspace: 44591K->44591K(1087488K)], 0.0512630 secs] [Times: user=0.46 sys=0.00, real=0.05 secs] 
2016-09-24T00:55:03.666-0400: 271.390: [GC (GCLocker Initiated GC) [PSYoungGen: 88064K->85982K(175104K)] 142698K->146691K(699392K), 0.0085497 secs] [Times: user=0.10 sys=0.01, real=0.01 secs] 
2016-09-24T00:55:03.781-0400: 271.505: [GC (GCLocker Initiated GC) [PSYoungGen: 174046K->85658K(175104K)] 241017K->195726K(699392K), 0.0125577 secs] [Times: user=0.17 sys=0.00, real=0.01 secs] 
2016-09-24T00:55:03.907-0400: 271.631: [GC (GCLocker Initiated GC) [PSYoungGen: 173722K->37521K(175104K)] 296015K->202451K(699392K), 0.0166352 secs] [Times: user=0.20 sys=0.00, real=0.02 secs] 
2016-09-24T00:55:04.027-0400: 271.751: [GC (GCLocker Initiated GC) [PSYoungGen: 125585K->85758K(175104K)] 290725K->251369K(699392K), 0.0125512 secs] [Times: user=0.13 sys=0.00, real=0.01 secs] 
2016-09-24T00:55:04.139-0400: 271.863: [GC (GCLocker Initiated GC) [PSYoungGen: 173822K->85790K(175104K)] 345568K->281979K(699392K), 0.0112146 secs] [Times: user=0.15 sys=0.00, real=0.01 secs] 
2016-09-24T00:55:04.282-0400: 272.006: [GC (Allocation Failure) [PSYoungGen: 173854K->73508K(175104K)] 376272K->367359K(699392K), 0.0156711 secs] [Times: user=0.20 sys=0.01, real=0.01 secs] 
2016-09-24T00:55:04.415-0400: 272.139: [GC (GCLocker Initiated GC) [PSYoungGen: 160721K->73512K(175104K)] 460647K->385707K(699392K), 0.0160590 secs] [Times: user=0.13 sys=0.00, real=0.01 secs] 
2016-09-24T00:55:04.544-0400: 272.268: [GC (GCLocker Initiated GC) [PSYoungGen: 161576K->55319K(175104K)] 474324K->368335K(699392K), 0.0110320 secs] [Times: user=0.09 sys=0.00, real=0.01 secs] 
2016-09-24T00:55:04.670-0400: 272.394: [GC (GCLocker Initiated GC) [PSYoungGen: 143383K->61134K(175104K)] 462936K->405074K(699392K), 0.0111574 secs] [Times: user=0.09 sys=0.00, real=0.01 secs] 
2016-09-24T00:55:04.791-0400: 272.515: [GC (Allocation Failure) [PSYoungGen: 149198K->49244K(175104K)] 493196K->448029K(699392K), 0.0174247 secs] [Times: user=0.19 sys=0.00, real=0.02 secs] 
2016-09-24T00:55:04.911-0400: 272.635: [GC (GCLocker Initiated GC) [PSYoungGen: 137308K->73644K(175104K)] 536099K->490951K(699392K), 0.0188763 secs] [Times: user=0.19 sys=0.01, real=0.02 secs] 
2016-09-24T00:55:05.058-0400: 272.782: [GC (GCLocker Initiated GC) [PSYoungGen: 161708K->67405K(175104K)] 579197K->497468K(699392K), 0.0212311 secs] [Times: user=0.26 sys=0.00, real=0.02 secs] 
2016-09-24T00:55:05.229-0400: 272.953: [GC (GCLocker Initiated GC) [PSYoungGen: 155469K->73348K(175104K)] 585731K->503893K(699392K), 0.0218754 secs] [Times: user=0.21 sys=0.00, real=0.02 secs] 
2016-09-24T00:55:05.371-0400: 273.095: [GC (GCLocker Initiated GC) [PSYoungGen: 161412K->61590K(175104K)] 592213K->565395K(699392K), 0.0239706 secs] [Times: user=0.22 sys=0.00, real=0.03 secs] 
2016-09-24T00:55:05.395-0400: 273.119: [Full GC (Ergonomics) [PSYoungGen: 61590K->0K(175104K)] [ParOldGen: 503805K->54622K(524288K)] 565395K->54622K(699392K), [Metaspace: 44605K->44605K(1087488K)], 0.0579338 secs] [Times: user=0.36 sys=0.02, real=0.05 secs] 
2016-09-24T00:55:05.533-0400: 273.257: [GC (GCLocker Initiated GC) [PSYoungGen: 88064K->86110K(175104K)] 142796K->165142K(699392K), 0.0125564 secs] [Times: user=0.18 sys=0.00, real=0.02 secs] 
2016-09-24T00:55:05.645-0400: 273.369: [GC (GCLocker Initiated GC) [PSYoungGen: 174174K->55515K(175104K)] 259402K->177725K(699392K), 0.0104205 secs] [Times: user=0.10 sys=0.00, real=0.01 secs] 
2016-09-24T00:55:05.793-0400: 273.517: [GC (Allocation Failure) [PSYoungGen: 143579K->37126K(175104K)] 271995K->232986K(699392K), 0.0103379 secs] [Times: user=0.12 sys=0.00, real=0.02 secs] 
2016-09-24T00:55:05.902-0400: 273.626: [GC (GCLocker Initiated GC) [PSYoungGen: 121319K->73740K(175104K)] 323255K->275959K(699392K), 0.0154267 secs] [Times: user=0.18 sys=0.00, real=0.01 secs] 
2016-09-24T00:55:06.048-0400: 273.772: [GC (Allocation Failure) [PSYoungGen: 161804K->61330K(175104K)] 364148K->282151K(699392K), 0.0146109 secs] [Times: user=0.16 sys=0.00, real=0.02 secs] 
2016-09-24T00:55:06.178-0400: 273.902: [GC (GCLocker Initiated GC) [PSYoungGen: 149394K->61590K(175104K)] 370221K->325242K(699392K), 0.0257572 secs] [Times: user=0.28 sys=0.00, real=0.03 secs] 
2016-09-24T00:55:06.322-0400: 274.046: [GC (GCLocker Initiated GC) [PSYoungGen: 149654K->54963K(175104K)] 419652K->331459K(699392K), 0.0315854 secs] [Times: user=0.31 sys=0.00, real=0.03 secs] 
2016-09-24T00:55:06.463-0400: 274.187: [GC (GCLocker Initiated GC) [PSYoungGen: 143027K->85854K(175104K)] 425640K->368595K(699392K), 0.0221617 secs] [Times: user=0.25 sys=0.01, real=0.02 secs] 
2016-09-24T00:55:06.623-0400: 274.347: [GC (GCLocker Initiated GC) [PSYoungGen: 173918K->55255K(175104K)] 456812K->411333K(699392K), 0.0142299 secs] [Times: user=0.13 sys=0.01, real=0.01 secs] 
2016-09-24T00:55:06.735-0400: 274.459: [GC (GCLocker Initiated GC) [PSYoungGen: 143319K->85594K(175104K)] 499467K->490657K(699392K), 0.0205232 secs] [Times: user=0.25 sys=0.00, real=0.02 secs] 
2016-09-24T00:55:06.865-0400: 274.588: [GC (GCLocker Initiated GC) --[PSYoungGen: 173658K->173658K(175104K)] 578769K->694346K(699392K), 0.0171105 secs] [Times: user=0.22 sys=0.01, real=0.01 secs] 
2016-09-24T00:55:06.882-0400: 274.606: [Full GC (Ergonomics) [PSYoungGen: 173658K->0K(175104K)] [ParOldGen: 520688K->55042K(524288K)] 694346K->55042K(699392K), [Metaspace: 44610K->44610K(1087488K)], 0.0598068 secs] [Times: user=0.47 sys=0.01, real=0.06 secs] 
2016-09-24T00:55:07.053-0400: 274.777: [GC (GCLocker Initiated GC) [PSYoungGen: 88064K->86046K(175104K)] 143384K->165666K(699392K), 0.0101012 secs] [Times: user=0.13 sys=0.00, real=0.02 secs] 
2016-09-24T00:55:07.173-0400: 274.897: [GC (GCLocker Initiated GC) [PSYoungGen: 174110K->61786K(175104K)] 254002K->196941K(699392K), 0.0104955 secs] [Times: user=0.14 sys=0.00, real=0.02 secs] 
2016-09-24T00:55:07.296-0400: 275.020: [GC (GCLocker Initiated GC) [PSYoungGen: 149850K->36998K(175104K)] 291323K->209089K(699392K), 0.0097738 secs] [Times: user=0.09 sys=0.00, real=0.01 secs] 
2016-09-24T00:55:07.430-0400: 275.153: [GC (GCLocker Initiated GC) [PSYoungGen: 125062K->67601K(175104K)] 297312K->239963K(699392K), 0.0271532 secs] [Times: user=0.27 sys=0.00, real=0.03 secs] 
2016-09-24T00:55:07.565-0400: 275.289: [GC (GCLocker Initiated GC) [PSYoungGen: 155665K->49244K(175104K)] 328158K->246453K(699392K), 0.0086288 secs] [Times: user=0.07 sys=0.01, real=0.00 secs] 
2016-09-24T00:55:07.676-0400: 275.400: [GC (GCLocker Initiated GC) [PSYoungGen: 137308K->37130K(175104K)] 340784K->277136K(699392K), 0.0333526 secs] [Times: user=0.30 sys=0.00, real=0.03 secs] 
2016-09-24T00:55:07.824-0400: 275.548: [GC (Allocation Failure) [PSYoungGen: 125194K->48952K(175104K)] 365247K->307662K(699392K), 0.0155687 secs] [Times: user=0.14 sys=0.01, real=0.01 secs] 
2016-09-24T00:55:07.939-0400: 275.663: [GC (GCLocker Initiated GC) [PSYoungGen: 137016K->79783K(175104K)] 395731K->375044K(699392K), 0.0104490 secs] [Times: user=0.09 sys=0.00, real=0.01 secs] 
2016-09-24T00:55:08.092-0400: 275.815: [GC (GCLocker Initiated GC) [PSYoungGen: 167847K->49148K(175104K)] 469337K->399505K(699392K), 0.0108855 secs] [Times: user=0.09 sys=0.01, real=0.02 secs] 
2016-09-24T00:55:08.249-0400: 275.973: [GC (GCLocker Initiated GC) [PSYoungGen: 137212K->79423K(175104K)] 493780K->436111K(699392K), 0.0118187 secs] [Times: user=0.14 sys=0.00, real=0.01 secs] 
2016-09-24T00:55:08.379-0400: 276.103: [GC (GCLocker Initiated GC) [PSYoungGen: 167487K->86314K(175104K)] 524212K->467498K(699392K), 0.0102028 secs] [Times: user=0.13 sys=0.00, real=0.01 secs] 
2016-09-24T00:55:08.503-0400: 276.227: [GC (GCLocker Initiated GC) [PSYoungGen: 174378K->55383K(175104K)] 561992K->510130K(699392K), 0.0147620 secs] [Times: user=0.16 sys=0.01, real=0.01 secs] 
2016-09-24T00:55:08.518-0400: 276.242: [Full GC (Ergonomics) [PSYoungGen: 55383K->0K(175104K)] [ParOldGen: 454747K->60614K(524288K)] 510130K->60614K(699392K), [Metaspace: 44610K->44610K(1087488K)], 0.0570976 secs] [Times: user=0.29 sys=0.00, real=0.06 secs] 
2016-09-24T00:55:08.695-0400: 276.419: [GC (GCLocker Initiated GC) [PSYoungGen: 88064K->61298K(175104K)] 155437K->128671K(699392K), 0.0154927 secs] [Times: user=0.15 sys=0.00, real=0.01 secs] 
2016-09-24T00:55:08.822-0400: 276.546: [GC (GCLocker Initiated GC) [PSYoungGen: 149362K->67469K(175104K)] 216828K->195953K(699392K), 0.0140523 secs] [Times: user=0.12 sys=0.01, real=0.02 secs] 
2016-09-24T00:55:08.945-0400: 276.669: [GC (GCLocker Initiated GC) [PSYoungGen: 155533K->37290K(175104K)] 284305K->227112K(699392K), 0.0235963 secs] [Times: user=0.25 sys=0.00, real=0.02 secs] 
2016-09-24T00:55:09.067-0400: 276.791: [GC (Allocation Failure) [PSYoungGen: 125354K->79587K(175104K)] 315402K->300614K(699392K), 0.0111613 secs] [Times: user=0.10 sys=0.00, real=0.01 secs] 
2016-09-24T00:55:09.078-0400: 276.802: [GC (GCLocker Initiated GC) [PSYoungGen: 79593K->96K(175104K)] 300620K->312659K(699392K), 0.0134042 secs] [Times: user=0.12 sys=0.03, real=0.01 secs] 
2016-09-24T00:55:09.180-0400: 276.904: [GC (GCLocker Initiated GC) [PSYoungGen: 88160K->86530K(175104K)] 400724K->423394K(699392K), 0.0150071 secs] [Times: user=0.17 sys=0.00, real=0.02 secs] 
2016-09-24T00:55:09.279-0400: 277.003: [GC (Allocation Failure) [PSYoungGen: 174594K->86018K(175104K)] 511634K->460476K(699392K), 0.0106021 secs] [Times: user=0.11 sys=0.00, real=0.01 secs] 
2016-09-24T00:55:09.399-0400: 277.122: [GC (GCLocker Initiated GC) [PSYoungGen: 174082K->49084K(175104K)] 548546K->447927K(699392K), 0.0264382 secs] [Times: user=0.27 sys=0.01, real=0.03 secs] 
2016-09-24T00:55:09.546-0400: 277.270: [GC (GCLocker Initiated GC) [PSYoungGen: 137148K->55159K(175104K)] 536419K->454689K(699392K), 0.0193043 secs] [Times: user=0.17 sys=0.00, real=0.02 secs] 
2016-09-24T00:55:09.677-0400: 277.401: [GC (Allocation Failure) [PSYoungGen: 143223K->67273K(175104K)] 542795K->485330K(699392K), 0.0243141 secs] [Times: user=0.21 sys=0.01, real=0.02 secs] 
2016-09-24T00:55:09.804-0400: 277.528: [GC (GCLocker Initiated GC) [PSYoungGen: 155304K->61494K(175104K)] 579436K->522203K(699392K), 0.0156099 secs] [Times: user=0.16 sys=0.00, real=0.01 secs] 
2016-09-24T00:55:09.820-0400: 277.544: [Full GC (Ergonomics) [PSYoungGen: 61494K->0K(175104K)] [ParOldGen: 460709K->54703K(524288K)] 522203K->54703K(699392K), [Metaspace: 44610K->44610K(1087488K)], 0.0625249 secs] [Times: user=0.36 sys=0.00, real=0.07 secs] 
2016-09-24T00:55:09.988-0400: 277.712: [GC (GCLocker Initiated GC) [PSYoungGen: 88064K->86050K(175104K)] 143061K->165347K(699392K), 0.0308497 secs] [Times: user=0.33 sys=0.01, real=0.03 secs] 
2016-09-24T00:55:10.133-0400: 277.857: [GC (GCLocker Initiated GC) [PSYoungGen: 174114K->55287K(175104K)] 259657K->184018K(699392K), 0.0152205 secs] [Times: user=0.12 sys=0.01, real=0.02 secs] 
2016-09-24T00:55:10.254-0400: 277.978: [GC (GCLocker Initiated GC) [PSYoungGen: 143351K->49276K(175104K)] 278199K->232852K(699392K), 0.0318268 secs] [Times: user=0.36 sys=0.00, real=0.04 secs] 
2016-09-24T00:55:10.405-0400: 278.129: [GC (Allocation Failure) [PSYoungGen: 137340K->36902K(175104K)] 320952K->263314K(699392K), 0.0108190 secs] [Times: user=0.10 sys=0.00, real=0.01 secs] 
2016-09-24T00:55:10.510-0400: 278.234: [GC (GCLocker Initiated GC) [PSYoungGen: 124966K->61070K(175104K)] 351384K->324190K(699392K), 0.0108013 secs] [Times: user=0.07 sys=0.00, real=0.01 secs] 
2016-09-24T00:55:10.644-0400: 278.368: [GC (GCLocker Initiated GC) [PSYoungGen: 149134K->49116K(175104K)] 424457K->342767K(699392K), 0.0283833 secs] [Times: user=0.28 sys=0.00, real=0.02 secs] 
2016-09-24T00:55:10.804-0400: 278.528: [GC (GCLocker Initiated GC) [PSYoungGen: 137180K->79943K(175104K)] 443034K->416488K(699392K), 0.0093161 secs] [Times: user=0.13 sys=0.00, real=0.00 secs] 
2016-09-24T00:55:10.936-0400: 278.660: [GC (Allocation Failure) [PSYoungGen: 168007K->61262K(175104K)] 504768K->453021K(699392K), 0.0166767 secs] [Times: user=0.19 sys=0.00, real=0.01 secs] 
2016-09-24T00:55:11.087-0400: 278.811: [GC (GCLocker Initiated GC) [PSYoungGen: 147541K->55091K(175104K)] 545376K->471253K(699392K), 0.0176929 secs] [Times: user=0.18 sys=0.00, real=0.02 secs] 
2016-09-24T00:55:11.217-0400: 278.941: [GC (GCLocker Initiated GC) [PSYoungGen: 143155K->85758K(175104K)] 559594K->502293K(699392K), 0.0158266 secs] [Times: user=0.17 sys=0.00, real=0.01 secs] 
2016-09-24T00:55:11.354-0400: 279.078: [GC (Allocation Failure) [PSYoungGen: 173822K->37094K(175104K)] 596563K->478351K(699392K), 0.0152344 secs] [Times: user=0.16 sys=0.00, real=0.02 secs] 
2016-09-24T00:55:11.496-0400: 279.220: [GC (GCLocker Initiated GC) [PSYoungGen: 119613K->36998K(175104K)] 566946K->484418K(699392K), 0.0286875 secs] [Times: user=0.32 sys=0.00, real=0.03 secs] 
2016-09-24T00:55:11.656-0400: 279.380: [GC (GCLocker Initiated GC) [PSYoungGen: 125062K->79487K(175104K)] 572541K->533325K(699392K), 0.0116313 secs] [Times: user=0.12 sys=0.00, real=0.01 secs] 
2016-09-24T00:55:11.668-0400: 279.392: [Full GC (Ergonomics) [PSYoungGen: 79487K->0K(175104K)] [ParOldGen: 453838K->60911K(524288K)] 533325K->60911K(699392K), [Metaspace: 44610K->44610K(1087488K)], 0.0591054 secs] [Times: user=0.38 sys=0.01, real=0.06 secs] 
2016-09-24T00:55:11.832-0400: 279.556: [GC (GCLocker Initiated GC) [PSYoungGen: 88064K->86918K(175104K)] 155242K->178397K(699392K), 0.0155153 secs] [Times: user=0.19 sys=0.01, real=0.02 secs] 
2016-09-24T00:55:11.948-0400: 279.672: [GC (GCLocker Initiated GC) [PSYoungGen: 174982K->79715K(175104K)] 273167K->234323K(699392K), 0.0140769 secs] [Times: user=0.20 sys=0.00, real=0.01 secs] 
2016-09-24T00:55:12.048-0400: 279.772: [GC (GCLocker Initiated GC) [PSYoungGen: 167779K->85854K(175104K)] 322435K->319628K(699392K), 0.0154042 secs] [Times: user=0.22 sys=0.00, real=0.02 secs] 
2016-09-24T00:55:12.158-0400: 279.882: [GC (GCLocker Initiated GC) [PSYoungGen: 173918K->36998K(175104K)] 407925K->344008K(699392K), 0.0119532 secs] [Times: user=0.10 sys=0.00, real=0.01 secs] 
2016-09-24T00:55:12.261-0400: 279.985: [GC (Allocation Failure) [PSYoungGen: 125062K->86118K(175104K)] 432405K->417897K(699392K), 0.0143822 secs] [Times: user=0.18 sys=0.00, real=0.02 secs] 
2016-09-24T00:55:12.387-0400: 280.111: [GC (GCLocker Initiated GC) [PSYoungGen: 170895K->55223K(175104K)] 508749K->393657K(699392K), 0.0079205 secs] [Times: user=0.07 sys=0.00, real=0.01 secs] 
2016-09-24T00:55:12.514-0400: 280.238: [GC (GCLocker Initiated GC) [PSYoungGen: 143287K->79391K(175104K)] 481762K->436219K(699392K), 0.0105981 secs] [Times: user=0.13 sys=0.01, real=0.01 secs] 
2016-09-24T00:55:12.643-0400: 280.367: [GC (GCLocker Initiated GC) [PSYoungGen: 167455K->61526K(175104K)] 536688K->485570K(699392K), 0.0203080 secs] [Times: user=0.23 sys=0.00, real=0.02 secs] 
2016-09-24T00:55:12.808-0400: 280.532: [GC (GCLocker Initiated GC) [PSYoungGen: 149590K->36866K(175104K)] 579795K->503788K(699392K), 0.0152293 secs] [Times: user=0.14 sys=0.01, real=0.02 secs] 
2016-09-24T00:55:12.824-0400: 280.547: [Full GC (Ergonomics) [PSYoungGen: 36866K->0K(175104K)] [ParOldGen: 466922K->48683K(524288K)] 503788K->48683K(699392K), [Metaspace: 44610K->44610K(1087488K)], 0.0664945 secs] [Times: user=0.34 sys=0.03, real=0.06 secs] 
2016-09-24T00:55:13.006-0400: 280.730: [GC (GCLocker Initiated GC) [PSYoungGen: 88064K->86214K(175104K)] 142880K->153180K(699392K), 0.0318718 secs] [Times: user=0.34 sys=0.00, real=0.03 secs] 
2016-09-24T00:55:13.149-0400: 280.873: [GC (Allocation Failure) [PSYoungGen: 174278K->61426K(175104K)] 241588K->172153K(699392K), 0.0103267 secs] [Times: user=0.11 sys=0.00, real=0.01 secs] 
2016-09-24T00:55:13.273-0400: 280.997: [GC (GCLocker Initiated GC) [PSYoungGen: 149490K->73608K(175104K)] 260222K->202685K(699392K), 0.0139934 secs] [Times: user=0.18 sys=0.00, real=0.02 secs] 
2016-09-24T00:55:13.418-0400: 281.142: [GC (Allocation Failure) [PSYoungGen: 161672K->73836K(175104K)] 297011K->227691K(699392K), 0.0134722 secs] [Times: user=0.14 sys=0.01, real=0.01 secs] 
2016-09-24T00:55:13.539-0400: 281.262: [GC (GCLocker Initiated GC) [PSYoungGen: 158176K->55319K(175104K)] 318106K->233750K(699392K), 0.0135781 secs] [Times: user=0.13 sys=0.00, real=0.01 secs] 
2016-09-24T00:55:13.667-0400: 281.391: [GC (Allocation Failure) [PSYoungGen: 143383K->85990K(175104K)] 322190K->301366K(699392K), 0.0285622 secs] [Times: user=0.33 sys=0.00, real=0.03 secs] 
2016-09-24T00:55:13.810-0400: 281.534: [GC (GCLocker Initiated GC) [PSYoungGen: 174054K->61198K(175104K)] 389430K->331689K(699392K), 0.0214584 secs] [Times: user=0.21 sys=0.00, real=0.02 secs] 
2016-09-24T00:55:13.942-0400: 281.666: [GC (GCLocker Initiated GC) [PSYoungGen: 149262K->73448K(175104K)] 419781K->344078K(699392K), 0.0163257 secs] [Times: user=0.13 sys=0.00, real=0.02 secs] 
2016-09-24T00:55:14.063-0400: 281.787: [GC (GCLocker Initiated GC) [PSYoungGen: 161512K->85790K(175104K)] 432424K->381286K(699392K), 0.0155242 secs] [Times: user=0.19 sys=0.01, real=0.01 secs] 
2016-09-24T00:55:14.205-0400: 281.929: [GC (GCLocker Initiated GC) [PSYoungGen: 173854K->55515K(175104K)] 475754K->375908K(699392K), 0.0073293 secs] [Times: user=0.09 sys=0.00, real=0.00 secs] 
2016-09-24T00:55:14.318-0400: 282.042: [GC (GCLocker Initiated GC) [PSYoungGen: 143579K->73576K(175104K)] 464103K->412632K(699392K), 0.0095705 secs] [Times: user=0.14 sys=0.01, real=0.01 secs] 
2016-09-24T00:55:14.462-0400: 282.186: [GC (GCLocker Initiated GC) [PSYoungGen: 161640K->55807K(175104K)] 519097K->431624K(699392K), 0.0074155 secs] [Times: user=0.10 sys=0.00, real=0.01 secs] 
2016-09-24T00:55:14.587-0400: 282.311: [GC (GCLocker Initiated GC) [PSYoungGen: 143871K->80075K(175104K)] 519849K->474601K(699392K), 0.0111169 secs] [Times: user=0.15 sys=0.00, real=0.01 secs] 
2016-09-24T00:55:14.703-0400: 282.427: [GC (GCLocker Initiated GC) [PSYoungGen: 168139K->43169K(175104K)] 574958K->492804K(699392K), 0.0089211 secs] [Times: user=0.09 sys=0.01, real=0.00 secs] 
2016-09-24T00:55:14.832-0400: 282.556: [GC (GCLocker Initiated GC) [PSYoungGen: 131233K->73608K(175104K)] 587266K->529901K(699392K), 0.0094974 secs] [Times: user=0.10 sys=0.00, real=0.01 secs] 
2016-09-24T00:55:14.948-0400: 282.672: [GC (GCLocker Initiated GC) [PSYoungGen: 161672K->49244K(175104K)] 618332K->548721K(699392K), 0.0159609 secs] [Times: user=0.14 sys=0.00, real=0.02 secs] 
2016-09-24T00:55:14.964-0400: 282.688: [Full GC (Ergonomics) [PSYoungGen: 49244K->0K(175104K)] [ParOldGen: 499477K->54987K(524288K)] 548721K->54987K(699392K), [Metaspace: 44610K->44610K(1087488K)], 0.0592517 secs] [Times: user=0.31 sys=0.00, real=0.06 secs] 
2016-09-24T00:55:15.158-0400: 282.882: [GC (GCLocker Initiated GC) [PSYoungGen: 88064K->55739K(175104K)] 143244K->110919K(699392K), 0.0156110 secs] [Times: user=0.16 sys=0.01, real=0.01 secs] 
2016-09-24T00:55:15.281-0400: 283.005: [GC (GCLocker Initiated GC) [PSYoungGen: 143803K->85954K(175104K)] 199332K->166323K(699392K), 0.0190055 secs] [Times: user=0.22 sys=0.00, real=0.02 secs] 
2016-09-24T00:55:15.435-0400: 283.159: [GC (GCLocker Initiated GC) [PSYoungGen: 174018K->67305K(175104K)] 254541K->166460K(699392K), 0.0291812 secs] [Times: user=0.35 sys=0.01, real=0.03 secs] 
2016-09-24T00:55:15.565-0400: 283.289: [GC (GCLocker Initiated GC) [PSYoungGen: 155369K->55415K(175104K)] 260843K->185333K(699392K), 0.0069567 secs] [Times: user=0.09 sys=0.00, real=0.00 secs] 
2016-09-24T00:55:15.687-0400: 283.410: [GC (GCLocker Initiated GC) [PSYoungGen: 143479K->67373K(175104K)] 273651K->216037K(699392K), 0.0248853 secs] [Times: user=0.25 sys=0.00, real=0.02 secs] 
2016-09-24T00:55:15.837-0400: 283.561: [GC (GCLocker Initiated GC) [PSYoungGen: 155437K->73676K(175104K)] 304127K->228692K(699392K), 0.0206331 secs] [Times: user=0.21 sys=0.00, real=0.02 secs] 
2016-09-24T00:55:15.990-0400: 283.714: [GC (GCLocker Initiated GC) [PSYoungGen: 161740K->55319K(175104K)] 323042K->253370K(699392K), 0.0126221 secs] [Times: user=0.12 sys=0.01, real=0.02 secs] 
2016-09-24T00:55:16.098-0400: 283.822: [GC (GCLocker Initiated GC) [PSYoungGen: 143383K->73900K(175104K)] 341643K->302687K(699392K), 0.0243649 secs] [Times: user=0.30 sys=0.00, real=0.02 secs] 
2016-09-24T00:55:16.235-0400: 283.959: [GC (GCLocker Initiated GC) [PSYoungGen: 161964K->55319K(175104K)] 390855K->296791K(699392K), 0.0071750 secs] [Times: user=0.06 sys=0.00, real=0.01 secs] 
2016-09-24T00:55:16.359-0400: 284.083: [GC (GCLocker Initiated GC) [PSYoungGen: 143383K->55519K(175104K)] 397344K->309575K(699392K), 0.0158514 secs] [Times: user=0.15 sys=0.00, real=0.02 secs] 
2016-09-24T00:55:16.506-0400: 284.230: [GC (GCLocker Initiated GC) [PSYoungGen: 143583K->37094K(175104K)] 410139K->322314K(699392K), 0.0146184 secs] [Times: user=0.16 sys=0.00, real=0.01 secs] 
2016-09-24T00:55:16.646-0400: 284.369: [GC (GCLocker Initiated GC) [PSYoungGen: 125158K->73676K(175104K)] 416702K->365496K(699392K), 0.0148773 secs] [Times: user=0.15 sys=0.00, real=0.01 secs] 
2016-09-24T00:55:16.813-0400: 284.537: [GC (GCLocker Initiated GC) [PSYoungGen: 161740K->55155K(175104K)] 465864K->377959K(699392K), 0.0136048 secs] [Times: user=0.14 sys=0.00, real=0.02 secs] 
2016-09-24T00:55:16.926-0400: 284.650: [GC (GCLocker Initiated GC) [PSYoungGen: 143219K->79619K(175104K)] 466384K->402911K(699392K), 0.0119197 secs] [Times: user=0.11 sys=0.01, real=0.01 secs] 
2016-09-24T00:55:17.069-0400: 284.793: [GC (GCLocker Initiated GC) [PSYoungGen: 167683K->73476K(175104K)] 497277K->439819K(699392K), 0.0328643 secs] [Times: user=0.38 sys=0.00, real=0.03 secs] 
2016-09-24T00:55:17.214-0400: 284.938: [GC (GCLocker Initiated GC) [PSYoungGen: 161540K->85790K(175104K)] 527942K->458411K(699392K), 0.0080917 secs] [Times: user=0.10 sys=0.00, real=0.01 secs] 
2016-09-24T00:55:17.321-0400: 285.045: [GC (GCLocker Initiated GC) [PSYoungGen: 173854K->79651K(175104K)] 546679K->483151K(699392K), 0.0171990 secs] [Times: user=0.20 sys=0.00, real=0.02 secs] 
2016-09-24T00:55:17.445-0400: 285.169: [GC (GCLocker Initiated GC) [PSYoungGen: 167715K->85794K(175104K)] 571357K->538296K(699392K), 0.0125607 secs] [Times: user=0.09 sys=0.00, real=0.01 secs] 
2016-09-24T00:55:17.610-0400: 285.334: [Full GC (Ergonomics) [PSYoungGen: 173858K->0K(175104K)] [ParOldGen: 464755K->54918K(524288K)] 638613K->54918K(699392K), [Metaspace: 44610K->44610K(1087488K)], 0.0608923 secs] [Times: user=0.35 sys=0.01, real=0.06 secs] 
2016-09-24T00:55:17.772-0400: 285.496: [GC (GCLocker Initiated GC) [PSYoungGen: 88064K->86146K(175104K)] 143096K->153328K(699392K), 0.0092880 secs] [Times: user=0.10 sys=0.01, real=0.01 secs] 
2016-09-24T00:55:17.892-0400: 285.616: [GC (Allocation Failure) [PSYoungGen: 174210K->61330K(175104K)] 247694K->214649K(699392K), 0.0132384 secs] [Times: user=0.11 sys=0.00, real=0.02 secs] 
2016-09-24T00:55:18.036-0400: 285.760: [GC (GCLocker Initiated GC) [PSYoungGen: 149390K->79847K(175104K)] 302715K->263822K(699392K), 0.0262057 secs] [Times: user=0.25 sys=0.00, real=0.03 secs] 
2016-09-24T00:55:18.200-0400: 285.924: [GC (GCLocker Initiated GC) [PSYoungGen: 167911K->19032K(175104K)] 364145K->251992K(699392K), 0.0146802 secs] [Times: user=0.14 sys=0.00, real=0.02 secs] 
2016-09-24T00:55:18.321-0400: 286.045: [GC (GCLocker Initiated GC) [PSYoungGen: 107096K->85822K(175104K)] 340321K->331496K(699392K), 0.0155399 secs] [Times: user=0.17 sys=0.00, real=0.02 secs] 
2016-09-24T00:55:18.483-0400: 286.207: [GC (GCLocker Initiated GC) [PSYoungGen: 173886K->49116K(175104K)] 419921K->337763K(699392K), 0.0299865 secs] [Times: user=0.27 sys=0.00, real=0.02 secs] 
2016-09-24T00:55:18.647-0400: 286.371: [GC (GCLocker Initiated GC) [PSYoungGen: 137180K->55447K(175104K)] 431984K->368595K(699392K), 0.0127402 secs] [Times: user=0.15 sys=0.00, real=0.01 secs] 
2016-09-24T00:55:18.776-0400: 286.500: [GC (GCLocker Initiated GC) [PSYoungGen: 143511K->73804K(175104K)] 456874K->405520K(699392K), 0.0102396 secs] [Times: user=0.11 sys=0.00, real=0.01 secs] 
2016-09-24T00:55:18.902-0400: 286.626: [GC (GCLocker Initiated GC) [PSYoungGen: 161868K->73612K(175104K)] 493794K->424038K(699392K), 0.0104486 secs] [Times: user=0.08 sys=0.00, real=0.00 secs] 
2016-09-24T00:55:19.012-0400: 286.736: [GC (GCLocker Initiated GC) [PSYoungGen: 161676K->55191K(175104K)] 512302K->442519K(699392K), 0.0116478 secs] [Times: user=0.11 sys=0.00, real=0.02 secs] 
2016-09-24T00:55:19.116-0400: 286.840: [GC (GCLocker Initiated GC) [PSYoungGen: 143255K->49440K(175104K)] 530636K->485525K(699392K), 0.0101080 secs] [Times: user=0.09 sys=0.01, real=0.01 secs] 
2016-09-24T00:55:19.247-0400: 286.971: [GC (GCLocker Initiated GC) [PSYoungGen: 137504K->67861K(175104K)] 579853K->540728K(699392K), 0.0155991 secs] [Times: user=0.18 sys=0.00, real=0.02 secs] 
2016-09-24T00:55:19.263-0400: 286.987: [Full GC (Ergonomics) [PSYoungGen: 67861K->0K(175104K)] [ParOldGen: 472867K->55371K(524288K)] 540728K->55371K(699392K), [Metaspace: 44610K->44610K(1087488K)], 0.0678164 secs] [Times: user=0.38 sys=0.02, real=0.06 secs] 
2016-09-24T00:55:19.440-0400: 287.164: [GC (Allocation Failure) [PSYoungGen: 88064K->86406K(175104K)] 155704K->160121K(699392K), 0.0099295 secs] [Times: user=0.13 sys=0.00, real=0.01 secs] 
2016-09-24T00:55:19.574-0400: 287.298: [GC (GCLocker Initiated GC) [PSYoungGen: 171217K->37158K(175104K)] 251007K->154126K(699392K), 0.0246752 secs] [Times: user=0.30 sys=0.01, real=0.03 secs] 
2016-09-24T00:55:19.702-0400: 287.426: [GC (GCLocker Initiated GC) [PSYoungGen: 125222K->55319K(175104K)] 242455K->172664K(699392K), 0.0061507 secs] [Times: user=0.07 sys=0.00, real=0.00 secs] 
2016-09-24T00:55:19.830-0400: 287.554: [GC (GCLocker Initiated GC) [PSYoungGen: 143383K->85730K(175104K)] 260781K->203372K(699392K), 0.0119185 secs] [Times: user=0.11 sys=0.00, real=0.02 secs] 
2016-09-24T00:55:19.968-0400: 287.692: [GC (GCLocker Initiated GC) [PSYoungGen: 173794K->49340K(175104K)] 297665K->246442K(699392K), 0.0115860 secs] [Times: user=0.17 sys=0.00, real=0.01 secs] 
2016-09-24T00:55:20.101-0400: 287.825: [GC (GCLocker Initiated GC) [PSYoungGen: 137404K->73676K(175104K)] 334649K->295488K(699392K), 0.0397559 secs] [Times: user=0.43 sys=0.00, real=0.04 secs] 
2016-09-24T00:55:20.262-0400: 287.986: [GC (GCLocker Initiated GC) [PSYoungGen: 161740K->36962K(175104K)] 383695K->307800K(699392K), 0.0151891 secs] [Times: user=0.16 sys=0.00, real=0.01 secs] 
2016-09-24T00:55:20.394-0400: 288.118: [GC (Allocation Failure) [PSYoungGen: 125026K->73676K(175104K)] 396220K->344990K(699392K), 0.0096314 secs] [Times: user=0.13 sys=0.00, real=0.01 secs] 
2016-09-24T00:55:20.529-0400: 288.253: [GC (GCLocker Initiated GC) [PSYoungGen: 160948K->55187K(175104K)] 438337K->351264K(699392K), 0.0115926 secs] [Times: user=0.14 sys=0.00, real=0.01 secs] 
2016-09-24T00:55:20.652-0400: 288.376: [GC (GCLocker Initiated GC) [PSYoungGen: 143251K->73704K(175104K)] 439465K->370038K(699392K), 0.0138934 secs] [Times: user=0.14 sys=0.00, real=0.02 secs] 
2016-09-24T00:55:20.797-0400: 288.521: [GC (GCLocker Initiated GC) [PSYoungGen: 161768K->37162K(175104K)] 464202K->358072K(699392K), 0.0179228 secs] [Times: user=0.17 sys=0.00, real=0.02 secs] 
2016-09-24T00:55:20.909-0400: 288.633: [GC (GCLocker Initiated GC) [PSYoungGen: 125226K->61394K(175104K)] 446234K->419456K(699392K), 0.0286692 secs] [Times: user=0.32 sys=0.00, real=0.03 secs] 
2016-09-24T00:55:21.062-0400: 288.786: [GC (Allocation Failure) [PSYoungGen: 149458K->67569K(175104K)] 507819K->444414K(699392K), 0.0254943 secs] [Times: user=0.32 sys=0.00, real=0.02 secs] 
2016-09-24T00:55:21.202-0400: 288.926: [GC (GCLocker Initiated GC) [PSYoungGen: 150612K->73672K(175104K)] 533532K->475273K(699392K), 0.0148178 secs] [Times: user=0.17 sys=0.01, real=0.02 secs] 
2016-09-24T00:55:21.337-0400: 289.061: [GC (GCLocker Initiated GC) [PSYoungGen: 161736K->37098K(175104K)] 563401K->469241K(699392K), 0.0101708 secs] [Times: user=0.06 sys=0.01, real=0.01 secs] 
2016-09-24T00:55:21.464-0400: 289.188: [GC (GCLocker Initiated GC) [PSYoungGen: 125162K->79523K(175104K)] 557375K->554545K(699392K), 0.0249190 secs] [Times: user=0.25 sys=0.00, real=0.02 secs] 
2016-09-24T00:55:21.489-0400: 289.213: [Full GC (Ergonomics) [PSYoungGen: 79523K->0K(175104K)] [ParOldGen: 475022K->47548K(524288K)] 554545K->47548K(699392K), [Metaspace: 44610K->44610K(1087488K)], 0.0722730 secs] [Times: user=0.47 sys=0.01, real=0.07 secs] 
2016-09-24T00:55:21.681-0400: 289.405: [GC (GCLocker Initiated GC) [PSYoungGen: 88064K->86014K(175104K)] 141737K->145762K(699392K), 0.0089067 secs] [Times: user=0.09 sys=0.00, real=0.01 secs] 
2016-09-24T00:55:21.805-0400: 289.529: [GC (GCLocker Initiated GC) [PSYoungGen: 174078K->55223K(175104K)] 240055K->146016K(699392K), 0.0175722 secs] [Times: user=0.16 sys=0.01, real=0.02 secs] 
2016-09-24T00:55:21.913-0400: 289.637: [GC (GCLocker Initiated GC) [PSYoungGen: 143287K->61750K(175104K)] 234334K->219930K(699392K), 0.0236877 secs] [Times: user=0.32 sys=0.00, real=0.03 secs] 
2016-09-24T00:55:22.064-0400: 289.788: [GC (GCLocker Initiated GC) [PSYoungGen: 149814K->79715K(175104K)] 308338K->274989K(699392K), 0.0165964 secs] [Times: user=0.19 sys=0.00, real=0.01 secs] 
2016-09-24T00:55:22.203-0400: 289.927: [GC (GCLocker Initiated GC) [PSYoungGen: 167779K->85790K(175104K)] 369270K->305626K(699392K), 0.0109999 secs] [Times: user=0.15 sys=0.00, real=0.00 secs] 
2016-09-24T00:55:22.318-0400: 290.042: [GC (GCLocker Initiated GC) [PSYoungGen: 173854K->79719K(175104K)] 393777K->318150K(699392K), 0.0173569 secs] [Times: user=0.17 sys=0.00, real=0.02 secs] 
2016-09-24T00:55:22.481-0400: 290.205: [GC (GCLocker Initiated GC) [PSYoungGen: 167783K->49116K(175104K)] 412510K->348794K(699392K), 0.0125485 secs] [Times: user=0.12 sys=0.00, real=0.01 secs] 
2016-09-24T00:55:22.615-0400: 290.339: [GC (Allocation Failure) [PSYoungGen: 137180K->85758K(175104K)] 436978K->385831K(699392K), 0.0160225 secs] [Times: user=0.18 sys=0.00, real=0.01 secs] 
2016-09-24T00:55:22.632-0400: 290.356: [GC (GCLocker Initiated GC) [PSYoungGen: 85774K->96K(175104K)] 385847K->422024K(699392K), 0.0151776 secs] [Times: user=0.19 sys=0.00, real=0.02 secs] 
2016-09-24T00:55:22.647-0400: 290.371: [Full GC (Ergonomics) [PSYoungGen: 96K->0K(175104K)] [ParOldGen: 421928K->53833K(524288K)] 422024K->53833K(699392K), [Metaspace: 44615K->44615K(1087488K)], 0.0585932 secs] [Times: user=0.33 sys=0.01, real=0.06 secs] 
2016-09-24T00:55:22.816-0400: 290.540: [GC (GCLocker Initiated GC) [PSYoungGen: 88064K->86046K(175104K)] 141902K->158109K(699392K), 0.0133524 secs] [Times: user=0.17 sys=0.00, real=0.01 secs] 
2016-09-24T00:55:22.950-0400: 290.674: [GC (GCLocker Initiated GC) [PSYoungGen: 174110K->55579K(175104K)] 258630K->189270K(699392K), 0.0109267 secs] [Times: user=0.17 sys=0.00, real=0.01 secs] 
2016-09-24T00:55:23.077-0400: 290.801: [GC (GCLocker Initiated GC) [PSYoungGen: 143643K->79715K(175104K)] 277544K->244291K(699392K), 0.0214275 secs] [Times: user=0.27 sys=0.00, real=0.02 secs] 
2016-09-24T00:55:23.218-0400: 290.942: [GC (GCLocker Initiated GC) [PSYoungGen: 167779K->73704K(175104K)] 332409K->287053K(699392K), 0.0171473 secs] [Times: user=0.18 sys=0.01, real=0.02 secs] 
2016-09-24T00:55:23.332-0400: 291.056: [GC (GCLocker Initiated GC) [PSYoungGen: 161768K->73740K(175104K)] 375288K->336159K(699392K), 0.0372508 secs] [Times: user=0.44 sys=0.00, real=0.04 secs] 
2016-09-24T00:55:23.472-0400: 291.196: [GC (GCLocker Initiated GC) [PSYoungGen: 161799K->79487K(175104K)] 424591K->360959K(699392K), 0.0313903 secs] [Times: user=0.34 sys=0.00, real=0.04 secs] 
2016-09-24T00:55:23.628-0400: 291.352: [GC (GCLocker Initiated GC) [PSYoungGen: 167551K->85790K(175104K)] 449329K->385928K(699392K), 0.0154277 secs] [Times: user=0.18 sys=0.00, real=0.02 secs] 
2016-09-24T00:55:23.764-0400: 291.488: [GC (GCLocker Initiated GC) [PSYoungGen: 173854K->79555K(175104K)] 474119K->398321K(699392K), 0.0097954 secs] [Times: user=0.12 sys=0.00, real=0.00 secs] 
2016-09-24T00:55:23.888-0400: 291.612: [GC (Allocation Failure) [PSYoungGen: 167619K->61522K(175104K)] 486432K->477835K(699392K), 0.0197595 secs] [Times: user=0.26 sys=0.00, real=0.02 secs] 
2016-09-24T00:55:24.033-0400: 291.757: [GC (GCLocker Initiated GC) [PSYoungGen: 149586K->55519K(175104K)] 565899K->490340K(699392K), 0.0317360 secs] [Times: user=0.40 sys=0.01, real=0.04 secs] 
2016-09-24T00:55:24.065-0400: 291.789: [Full GC (Ergonomics) [PSYoungGen: 55519K->0K(175104K)] [ParOldGen: 434821K->41532K(524288K)] 490340K->41532K(699392K), [Metaspace: 44615K->44615K(1087488K)], 0.0604924 secs] [Times: user=0.34 sys=0.02, real=0.06 secs] 
2016-09-24T00:55:24.255-0400: 291.979: [GC (GCLocker Initiated GC) [PSYoungGen: 88064K->86178K(175104K)] 148466K->152655K(699392K), 0.0146518 secs] [Times: user=0.19 sys=0.00, real=0.01 secs] 
2016-09-24T00:55:24.374-0400: 292.098: [GC (GCLocker Initiated GC) [PSYoungGen: 174242K->61358K(175104K)] 240912K->201516K(699392K), 0.0123364 secs] [Times: user=0.16 sys=0.00, real=0.02 secs] 
2016-09-24T00:55:24.507-0400: 292.231: [GC (GCLocker Initiated GC) [PSYoungGen: 149422K->74032K(175104K)] 295954K->257181K(699392K), 0.0141063 secs] [Times: user=0.15 sys=0.01, real=0.01 secs] 
2016-09-24T00:55:24.646-0400: 292.370: [GC (GCLocker Initiated GC) [PSYoungGen: 162096K->36966K(175104K)] 357714K->251553K(699392K), 0.0059524 secs] [Times: user=0.04 sys=0.00, real=0.00 secs] 
2016-09-24T00:55:24.788-0400: 292.512: [GC (GCLocker Initiated GC) [PSYoungGen: 125030K->55711K(175104K)] 345841K->276641K(699392K), 0.0147933 secs] [Times: user=0.18 sys=0.00, real=0.02 secs] 
2016-09-24T00:55:24.923-0400: 292.647: [GC (GCLocker Initiated GC) [PSYoungGen: 143775K->37062K(175104K)] 376992K->288779K(699392K), 0.0127197 secs] [Times: user=0.13 sys=0.00, real=0.01 secs] 
2016-09-24T00:55:25.067-0400: 292.791: [GC (GCLocker Initiated GC) [PSYoungGen: 125126K->37290K(175104K)] 389113K->325681K(699392K), 0.0068055 secs] [Times: user=0.05 sys=0.00, real=0.00 secs] 
2016-09-24T00:55:25.194-0400: 292.918: [GC (GCLocker Initiated GC) [PSYoungGen: 125354K->67533K(175104K)] 419900K->380588K(699392K), 0.0150495 secs] [Times: user=0.16 sys=0.00, real=0.01 secs] 
2016-09-24T00:55:25.316-0400: 293.039: [GC (GCLocker Initiated GC) [PSYoungGen: 155597K->85890K(175104K)] 468934K->423655K(699392K), 0.0120918 secs] [Times: user=0.13 sys=0.00, real=0.01 secs] 
2016-09-24T00:55:25.425-0400: 293.148: [GC (GCLocker Initiated GC) [PSYoungGen: 173954K->79683K(175104K)] 511828K->472664K(699392K), 0.0182515 secs] [Times: user=0.21 sys=0.00, real=0.02 secs] 
2016-09-24T00:55:25.589-0400: 293.313: [GC (GCLocker Initiated GC) [PSYoungGen: 167747K->19000K(175104K)] 567057K->497406K(699392K), 0.0130325 secs] [Times: user=0.16 sys=0.00, real=0.01 secs] 
2016-09-24T00:55:25.602-0400: 293.326: [Full GC (Ergonomics) [PSYoungGen: 19000K->0K(175104K)] [ParOldGen: 478405K->48002K(524288K)] 497406K->48002K(699392K), [Metaspace: 44616K->44616K(1087488K)], 0.0633201 secs] [Times: user=0.50 sys=0.01, real=0.07 secs] 
2016-09-24T00:55:25.770-0400: 293.494: [GC (GCLocker Initiated GC) [PSYoungGen: 88064K->73868K(175104K)] 148442K->134247K(699392K), 0.0131374 secs] [Times: user=0.12 sys=0.01, real=0.02 secs] 
2016-09-24T00:55:25.878-0400: 293.602: [GC (GCLocker Initiated GC) [PSYoungGen: 161932K->85890K(175104K)] 222369K->183333K(699392K), 0.0141128 secs] [Times: user=0.15 sys=0.00, real=0.01 secs] 
2016-09-24T00:55:26.007-0400: 293.731: [GC (GCLocker Initiated GC) [PSYoungGen: 173954K->61458K(175104K)] 277838K->226540K(699392K), 0.0150053 secs] [Times: user=0.17 sys=0.01, real=0.02 secs] 
2016-09-24T00:55:26.133-0400: 293.857: [GC (GCLocker Initiated GC) [PSYoungGen: 149522K->74000K(175104K)] 314625K->269621K(699392K), 0.0170169 secs] [Times: user=0.19 sys=0.00, real=0.02 secs] 
2016-09-24T00:55:26.271-0400: 293.995: [GC (Allocation Failure) [PSYoungGen: 162064K->67533K(175104K)] 363852K->306251K(699392K), 0.0101360 secs] [Times: user=0.10 sys=0.00, real=0.01 secs] 
2016-09-24T00:55:26.367-0400: 294.091: [GC (GCLocker Initiated GC) [PSYoungGen: 155597K->85886K(175104K)] 394320K->367622K(699392K), 0.0138838 secs] [Times: user=0.21 sys=0.00, real=0.01 secs] 
2016-09-24T00:55:26.500-0400: 294.224: [GC (GCLocker Initiated GC) [PSYoungGen: 173950K->73540K(175104K)] 455869K->410473K(699392K), 0.0125746 secs] [Times: user=0.19 sys=0.00, real=0.01 secs] 
2016-09-24T00:55:26.642-0400: 294.366: [GC (GCLocker Initiated GC) [PSYoungGen: 161604K->73772K(175104K)] 498731K->429243K(699392K), 0.0153011 secs] [Times: user=0.20 sys=0.00, real=0.01 secs] 
2016-09-24T00:55:26.775-0400: 294.499: [GC (GCLocker Initiated GC) [PSYoungGen: 161836K->31118K(175104K)] 523593K->423502K(699392K), 0.0104921 secs] [Times: user=0.10 sys=0.00, real=0.01 secs] 
2016-09-24T00:55:26.892-0400: 294.616: [GC (GCLocker Initiated GC) [PSYoungGen: 119182K->67597K(175104K)] 511666K->502920K(699392K), 0.0147519 secs] [Times: user=0.21 sys=0.00, real=0.02 secs] 
2016-09-24T00:55:27.073-0400: 294.797: [GC (GCLocker Initiated GC) [PSYoungGen: 155661K->73608K(175104K)] 597174K->545624K(699392K), 0.0101283 secs] [Times: user=0.09 sys=0.00, real=0.02 secs] 
2016-09-24T00:55:27.083-0400: 294.807: [Full GC (Ergonomics) [PSYoungGen: 73608K->0K(175104K)] [ParOldGen: 472016K->47736K(524288K)] 545624K->47736K(699392K), [Metaspace: 44616K->44616K(1087488K)], 0.0597102 secs] [Times: user=0.36 sys=0.02, real=0.06 secs] 
2016-09-24T00:55:27.250-0400: 294.974: [GC (GCLocker Initiated GC) [PSYoungGen: 88064K->86046K(175104K)] 141939K->145996K(699392K), 0.0076980 secs] [Times: user=0.08 sys=0.00, real=0.01 secs] 
2016-09-24T00:55:27.390-0400: 295.114: [GC (Allocation Failure) [PSYoungGen: 174110K->37649K(175104K)] 240361K->134839K(699392K), 0.0412490 secs] [Times: user=0.49 sys=0.01, real=0.04 secs] 
2016-09-24T00:55:27.530-0400: 295.254: [GC (GCLocker Initiated GC) [PSYoungGen: 124100K->79779K(175104K)] 227365K->183343K(699392K), 0.0154164 secs] [Times: user=0.18 sys=0.00, real=0.02 secs] 
2016-09-24T00:55:27.668-0400: 295.392: [GC (GCLocker Initiated GC) [PSYoungGen: 167841K->61298K(175104K)] 271772K->189616K(699392K), 0.0147617 secs] [Times: user=0.13 sys=0.00, real=0.02 secs] 
2016-09-24T00:55:27.780-0400: 295.504: [GC (Allocation Failure) [PSYoungGen: 149362K->55483K(175104K)] 277965K->208481K(699392K), 0.0095871 secs] [Times: user=0.10 sys=0.00, real=0.01 secs] 
2016-09-24T00:55:27.877-0400: 295.601: [GC (GCLocker Initiated GC) [PSYoungGen: 143547K->85726K(175104K)] 296551K->287629K(699392K), 0.0109796 secs] [Times: user=0.14 sys=0.00, real=0.01 secs] 
2016-09-24T00:55:28.009-0400: 295.733: [GC (GCLocker Initiated GC) [PSYoungGen: 173790K->85726K(175104K)] 387992K->324659K(699392K), 0.0191315 secs] [Times: user=0.22 sys=0.00, real=0.02 secs] 
2016-09-24T00:55:28.129-0400: 295.853: [GC (GCLocker Initiated GC) [PSYoungGen: 173790K->73640K(175104K)] 413279K->374202K(699392K), 0.0117809 secs] [Times: user=0.18 sys=0.00, real=0.01 secs] 
2016-09-24T00:55:28.249-0400: 295.973: [GC (Allocation Failure) [PSYoungGen: 161704K->67533K(175104K)] 462604K->405127K(699392K), 0.0166617 secs] [Times: user=0.20 sys=0.00, real=0.02 secs] 
2016-09-24T00:55:28.389-0400: 296.113: [GC (GCLocker Initiated GC) [PSYoungGen: 155597K->55483K(175104K)] 493197K->411419K(699392K), 0.0108077 secs] [Times: user=0.11 sys=0.00, real=0.01 secs] 
2016-09-24T00:55:28.490-0400: 296.214: [GC (GCLocker Initiated GC) [PSYoungGen: 143547K->85758K(175104K)] 499598K->490537K(699392K), 0.0127812 secs] [Times: user=0.17 sys=0.00, real=0.02 secs] 
2016-09-24T00:55:28.617-0400: 296.341: [GC (GCLocker Initiated GC) [PSYoungGen: 173822K->73672K(175104K)] 578671K->515138K(699392K), 0.0113440 secs] [Times: user=0.16 sys=0.00, real=0.01 secs] 
2016-09-24T00:55:28.741-0400: 296.465: [GC (Allocation Failure) [PSYoungGen: 161736K->55419K(175104K)] 603507K->515690K(699392K), 0.0105056 secs] [Times: user=0.12 sys=0.00, real=0.01 secs] 
2016-09-24T00:55:28.752-0400: 296.476: [Full GC (Ergonomics) [PSYoungGen: 55419K->0K(175104K)] [ParOldGen: 460271K->42179K(524288K)] 515690K->42179K(699392K), [Metaspace: 44618K->44618K(1087488K)], 0.0620596 secs] [Times: user=0.44 sys=0.00, real=0.06 secs] 
2016-09-24T00:55:28.936-0400: 296.660: [GC (GCLocker Initiated GC) [PSYoungGen: 88064K->79847K(175104K)] 130248K->122031K(699392K), 0.0124864 secs] [Times: user=0.08 sys=0.01, real=0.01 secs] 
2016-09-24T00:55:29.069-0400: 296.793: [GC (GCLocker Initiated GC) [PSYoungGen: 167911K->55355K(175104K)] 210233K->122253K(699392K), 0.0303381 secs] [Times: user=0.27 sys=0.00, real=0.03 secs] 
2016-09-24T00:55:29.210-0400: 296.934: [GC (GCLocker Initiated GC) [PSYoungGen: 143419K->73576K(175104K)] 210476K->183458K(699392K), 0.0102522 secs] [Times: user=0.12 sys=0.00, real=0.01 secs] 
2016-09-24T00:55:29.343-0400: 297.067: [GC (GCLocker Initiated GC) [PSYoungGen: 161640K->85822K(175104K)] 271547K->232510K(699392K), 0.0112693 secs] [Times: user=0.16 sys=0.00, real=0.01 secs] 
2016-09-24T00:55:29.513-0400: 297.237: [GC (GCLocker Initiated GC) [PSYoungGen: 173886K->85758K(175104K)] 320634K->275370K(699392K), 0.0153133 secs] [Times: user=0.18 sys=0.00, real=0.02 secs] 
2016-09-24T00:55:29.685-0400: 297.409: [GC (GCLocker Initiated GC) [PSYoungGen: 173822K->73512K(175104K)] 363668K->342632K(699392K), 0.0187512 secs] [Times: user=0.20 sys=0.00, real=0.02 secs] 
2016-09-24T00:55:29.907-0400: 297.631: [GC (Allocation Failure) [PSYoungGen: 161573K->18872K(175104K)] 443188K->337205K(699392K), 0.0199311 secs] [Times: user=0.21 sys=0.00, real=0.02 secs] 
2016-09-24T00:55:30.077-0400: 297.801: [GC (GCLocker Initiated GC) [PSYoungGen: 106936K->61362K(175104K)] 425269K->379954K(699392K), 0.0163309 secs] [Times: user=0.14 sys=0.00, real=0.01 secs] 
2016-09-24T00:55:30.245-0400: 297.969: [GC (GCLocker Initiated GC) [PSYoungGen: 149426K->55647K(175104K)] 480523K->386863K(699392K), 0.0066499 secs] [Times: user=0.05 sys=0.00, real=0.00 secs] 
2016-09-24T00:55:30.412-0400: 298.136: [GC (GCLocker Initiated GC) [PSYoungGen: 143711K->85758K(175104K)] 481100K->423455K(699392K), 0.0087850 secs] [Times: user=0.12 sys=0.00, real=0.01 secs] 
2016-09-24T00:55:30.606-0400: 298.330: [GC (Allocation Failure) [PSYoungGen: 173822K->36770K(175104K)] 512135K->405741K(699392K), 0.0153484 secs] [Times: user=0.19 sys=0.00, real=0.01 secs] 
2016-09-24T00:55:30.736-0400: 298.460: [GC (GCLocker Initiated GC) [PSYoungGen: 119642K->55547K(175104K)] 494689K->430744K(699392K), 0.0067734 secs] [Times: user=0.09 sys=0.00, real=0.01 secs] 
2016-09-24T00:55:30.899-0400: 298.622: [GC (GCLocker Initiated GC) [PSYoungGen: 143611K->73672K(175104K)] 518889K->467474K(699392K), 0.0157134 secs] [Times: user=0.17 sys=0.00, real=0.02 secs] 
2016-09-24T00:55:31.060-0400: 298.784: [GC (Allocation Failure) [PSYoungGen: 161736K->85626K(175104K)] 555613K->503915K(699392K), 0.0315992 secs] [Times: user=0.36 sys=0.00, real=0.03 secs] 
2016-09-24T00:55:31.263-0400: 298.987: [GC (GCLocker Initiated GC) [PSYoungGen: 173690K->43304K(175104K)] 591984K->486002K(699392K), 0.0372333 secs] [Times: user=0.33 sys=0.00, real=0.03 secs] 
2016-09-24T00:55:31.471-0400: 299.195: [GC (Allocation Failure) [PSYoungGen: 131368K->42845K(175104K)] 574079K->485979K(699392K), 0.0091645 secs] [Times: user=0.08 sys=0.00, real=0.01 secs] 
2016-09-24T00:55:31.668-0400: 299.392: [GC (GCLocker Initiated GC) [PSYoungGen: 130475K->55319K(175104K)] 579684K->528948K(699392K), 0.0112714 secs] [Times: user=0.09 sys=0.01, real=0.01 secs] 
2016-09-24T00:55:31.680-0400: 299.404: [Full GC (Ergonomics) [PSYoungGen: 55319K->0K(175104K)] [ParOldGen: 473628K->48371K(524288K)] 528948K->48371K(699392K), [Metaspace: 44655K->44655K(1087488K)], 0.0575422 secs] [Times: user=0.33 sys=0.00, real=0.06 secs] 
2016-09-24T00:55:31.859-0400: 299.583: [GC (GCLocker Initiated GC) [PSYoungGen: 88064K->86146K(175104K)] 136477K->177084K(699392K), 0.0179387 secs] [Times: user=0.20 sys=0.00, real=0.02 secs] 
2016-09-24T00:55:32.030-0400: 299.754: [GC (GCLocker Initiated GC) [PSYoungGen: 174210K->30891K(175104K)] 265246K->159056K(699392K), 0.0164508 secs] [Times: user=0.15 sys=0.01, real=0.02 secs] 
2016-09-24T00:55:32.208-0400: 299.932: [GC (GCLocker Initiated GC) [PSYoungGen: 118955K->61394K(175104K)] 253360K->220235K(699392K), 0.0272347 secs] [Times: user=0.30 sys=0.00, real=0.03 secs] 
2016-09-24T00:55:32.421-0400: 300.145: [GC (Allocation Failure) [PSYoungGen: 149458K->37162K(175104K)] 314583K->226722K(699392K), 0.0100494 secs] [Times: user=0.11 sys=0.00, real=0.01 secs] 
2016-09-24T00:55:32.580-0400: 300.304: [GC (GCLocker Initiated GC) [PSYoungGen: 125220K->49180K(175104K)] 314787K->239193K(699392K), 0.0184351 secs] [Times: user=0.22 sys=0.00, real=0.02 secs] 
2016-09-24T00:55:32.771-0400: 300.495: [GC (GCLocker Initiated GC) [PSYoungGen: 137244K->43073K(175104K)] 327259K->233356K(699392K), 0.0145349 secs] [Times: user=0.14 sys=0.00, real=0.02 secs] 
2016-09-24T00:55:32.946-0400: 300.670: [GC (Allocation Failure) [PSYoungGen: 131137K->55679K(175104K)] 321948K->246797K(699392K), 0.0065282 secs] [Times: user=0.06 sys=0.00, real=0.00 secs] 
2016-09-24T00:55:33.098-0400: 300.822: [GC (GCLocker Initiated GC) [PSYoungGen: 139238K->73544K(175104K)] 336431K->271012K(699392K), 0.0216922 secs] [Times: user=0.23 sys=0.01, real=0.02 secs] 
2016-09-24T00:55:33.296-0400: 301.020: [GC (Allocation Failure) [PSYoungGen: 161608K->73740K(175104K)] 359190K->271409K(699392K), 0.0272902 secs] [Times: user=0.29 sys=0.00, real=0.03 secs] 
2016-09-24T00:55:33.324-0400: 301.048: [GC (GCLocker Initiated GC) [PSYoungGen: 73752K->192K(175104K)] 271422K->271490K(699392K), 0.0103631 secs] [Times: user=0.11 sys=0.00, real=0.01 secs] 
2016-09-24T00:55:33.480-0400: 301.204: [GC (GCLocker Initiated GC) [PSYoungGen: 88256K->86178K(175104K)] 359565K->363578K(699392K), 0.0105876 secs] [Times: user=0.13 sys=0.00, real=0.01 secs] 
2016-09-24T00:55:33.668-0400: 301.392: [GC (GCLocker Initiated GC) [PSYoungGen: 174242K->73608K(175104K)] 457759K->376054K(699392K), 0.0139091 secs] [Times: user=0.14 sys=0.00, real=0.01 secs] 
2016-09-24T00:55:33.827-0400: 301.551: [GC (Allocation Failure) [PSYoungGen: 161672K->79815K(175104K)] 464210K->413027K(699392K), 0.0168717 secs] [Times: user=0.17 sys=0.00, real=0.02 secs] 
2016-09-24T00:55:33.984-0400: 301.708: [GC (Allocation Failure) [PSYoungGen: 167879K->37030K(175104K)] 501091K->413010K(699392K), 0.0087927 secs] [Times: user=0.09 sys=0.00, real=0.00 secs] 
2016-09-24T00:55:34.148-0400: 301.872: [GC (GCLocker Initiated GC) [PSYoungGen: 119741K->37094K(175104K)] 501797K->419449K(699392K), 0.0196331 secs] [Times: user=0.27 sys=0.00, real=0.02 secs] 
2016-09-24T00:55:34.356-0400: 302.080: [GC (GCLocker Initiated GC) [PSYoungGen: 125158K->19100K(175104K)] 519839K->414057K(699392K), 0.0235889 secs] [Times: user=0.31 sys=0.01, real=0.02 secs] 
2016-09-24T00:55:34.571-0400: 302.295: [GC (GCLocker Initiated GC) [PSYoungGen: 107164K->85690K(175104K)] 508244K->499063K(699392K), 0.0106411 secs] [Times: user=0.13 sys=0.01, real=0.01 secs] 
2016-09-24T00:55:34.747-0400: 302.471: [GC (GCLocker Initiated GC) [PSYoungGen: 173754K->36934K(175104K)] 587236K->486985K(699392K), 0.0280395 secs] [Times: user=0.27 sys=0.00, real=0.03 secs] 
2016-09-24T00:55:34.969-0400: 302.693: [GC (GCLocker Initiated GC) [PSYoungGen: 124998K->55191K(175104K)] 581244K->529914K(699392K), 0.0137618 secs] [Times: user=0.12 sys=0.00, real=0.02 secs] 
2016-09-24T00:55:34.983-0400: 302.707: [Full GC (Ergonomics) [PSYoungGen: 55191K->0K(175104K)] [ParOldGen: 474723K->48359K(524288K)] 529914K->48359K(699392K), [Metaspace: 44658K->44658K(1087488K)], 0.0671650 secs] [Times: user=0.45 sys=0.01, real=0.06 secs] 
2016-09-24T00:55:35.242-0400: 302.966: [GC (GCLocker Initiated GC) [PSYoungGen: 88064K->67633K(175104K)] 142842K->122411K(699392K), 0.0079741 secs] [Times: user=0.07 sys=0.00, real=0.00 secs] 
2016-09-24T00:55:35.420-0400: 303.144: [GC (GCLocker Initiated GC) [PSYoungGen: 155697K->85694K(175104K)] 210591K->165335K(699392K), 0.0103238 secs] [Times: user=0.10 sys=0.00, real=0.01 secs] 
2016-09-24T00:55:35.599-0400: 303.323: [GC (GCLocker Initiated GC) [PSYoungGen: 173758K->73868K(175104K)] 253515K->208459K(699392K), 0.0161980 secs] [Times: user=0.24 sys=0.00, real=0.02 secs] 
2016-09-24T00:55:35.787-0400: 303.511: [GC (GCLocker Initiated GC) [PSYoungGen: 161932K->67693K(175104K)] 296784K->221021K(699392K), 0.0086541 secs] [Times: user=0.10 sys=0.00, real=0.01 secs] 
2016-09-24T00:55:35.962-0400: 303.686: [GC (Allocation Failure) [PSYoungGen: 155757K->73836K(175104K)] 309272K->227718K(699392K), 0.0263891 secs] [Times: user=0.27 sys=0.00, real=0.03 secs] 
2016-09-24T00:55:36.180-0400: 303.904: [GC (GCLocker Initiated GC) [PSYoungGen: 161900K->73904K(175104K)] 315787K->228050K(699392K), 0.0255365 secs] [Times: user=0.25 sys=0.01, real=0.03 secs] 
2016-09-24T00:55:36.429-0400: 304.153: [GC (GCLocker Initiated GC) [PSYoungGen: 161968K->37585K(175104K)] 328490K->204368K(699392K), 0.0097572 secs] [Times: user=0.11 sys=0.00, real=0.01 secs] 
2016-09-24T00:55:36.595-0400: 304.319: [GC (GCLocker Initiated GC) [PSYoungGen: 125649K->55127K(175104K)] 292577K->222314K(699392K), 0.0362161 secs] [Times: user=0.35 sys=0.01, real=0.03 secs] 
2016-09-24T00:55:36.786-0400: 304.510: [GC (GCLocker Initiated GC) [PSYoungGen: 143191K->73608K(175104K)] 310739K->241447K(699392K), 0.0103364 secs] [Times: user=0.12 sys=0.00, real=0.01 secs] 
2016-09-24T00:55:36.971-0400: 304.695: [GC (Allocation Failure) [PSYoungGen: 161672K->79687K(175104K)] 329564K->247830K(699392K), 0.0179673 secs] [Times: user=0.17 sys=0.00, real=0.02 secs] 
2016-09-24T00:55:37.162-0400: 304.886: [GC (GCLocker Initiated GC) [PSYoungGen: 167751K->55451K(175104K)] 335900K->254251K(699392K), 0.0326858 secs] [Times: user=0.33 sys=0.01, real=0.03 secs] 
2016-09-24T00:55:37.380-0400: 305.104: [GC (Allocation Failure) [PSYoungGen: 143515K->67569K(175104K)] 342670K->266968K(699392K), 0.0102067 secs] [Times: user=0.06 sys=0.00, real=0.01 secs] 
2016-09-24T00:55:37.585-0400: 305.309: [GC (Allocation Failure) [PSYoungGen: 155633K->61198K(175104K)] 355032K->260872K(699392K), 0.0275801 secs] [Times: user=0.24 sys=0.01, real=0.02 secs] 
2016-09-24T00:55:37.745-0400: 305.469: [GC (GCLocker Initiated GC) [PSYoungGen: 149262K->55323K(175104K)] 348942K->255090K(699392K), 0.0360446 secs] [Times: user=0.39 sys=0.00, real=0.03 secs] 
2016-09-24T00:55:37.960-0400: 305.684: [GC (GCLocker Initiated GC) [PSYoungGen: 143387K->79551K(175104K)] 343190K->279638K(699392K), 0.0070949 secs] [Times: user=0.10 sys=0.00, real=0.01 secs] 
2016-09-24T00:55:38.105-0400: 305.828: [GC (GCLocker Initiated GC) [PSYoungGen: 167615K->42945K(175104K)] 367749K->297858K(699392K), 0.0168590 secs] [Times: user=0.18 sys=0.00, real=0.01 secs] 
2016-09-24T00:55:38.252-0400: 305.976: [GC (GCLocker Initiated GC) [PSYoungGen: 131009K->55259K(175104K)] 386154K->328896K(699392K), 0.0350681 secs] [Times: user=0.35 sys=0.00, real=0.04 secs] 
2016-09-24T00:55:38.427-0400: 306.151: [GC (GCLocker Initiated GC) [PSYoungGen: 143323K->73544K(175104K)] 423077K->383964K(699392K), 0.0278774 secs] [Times: user=0.31 sys=0.01, real=0.03 secs] 
2016-09-24T00:55:38.622-0400: 306.346: [GC (GCLocker Initiated GC) [PSYoungGen: 161608K->61298K(175104K)] 472232K->414699K(699392K), 0.0093179 secs] [Times: user=0.08 sys=0.00, real=0.01 secs] 
2016-09-24T00:55:38.802-0400: 306.526: [GC (GCLocker Initiated GC) [PSYoungGen: 149362K->73480K(175104K)] 503091K->427289K(699392K), 0.0165292 secs] [Times: user=0.16 sys=0.00, real=0.02 secs] 
2016-09-24T00:55:38.987-0400: 306.711: [GC (GCLocker Initiated GC) [PSYoungGen: 161544K->67373K(175104K)] 515449K->421374K(699392K), 0.0084718 secs] [Times: user=0.05 sys=0.00, real=0.01 secs] 
2016-09-24T00:55:39.166-0400: 306.890: [GC (GCLocker Initiated GC) [PSYoungGen: 155437K->73416K(175104K)] 509787K->427862K(699392K), 0.0140359 secs] [Times: user=0.13 sys=0.00, real=0.01 secs] 
2016-09-24T00:55:39.362-0400: 307.086: [GC (GCLocker Initiated GC) [PSYoungGen: 161480K->48984K(175104K)] 522100K->409691K(699392K), 0.0198400 secs] [Times: user=0.17 sys=0.00, real=0.02 secs] 
2016-09-24T00:55:39.516-0400: 307.240: [GC (GCLocker Initiated GC) [PSYoungGen: 137048K->85762K(175104K)] 497797K->458796K(699392K), 0.0135841 secs] [Times: user=0.11 sys=0.00, real=0.01 secs] 
2016-09-24T00:55:39.712-0400: 307.436: [GC (Allocation Failure) [PSYoungGen: 173826K->61298K(175104K)] 553016K->477369K(699392K), 0.0112162 secs] [Times: user=0.10 sys=0.00, real=0.02 secs] 
2016-09-24T00:55:39.899-0400: 307.623: [GC (GCLocker Initiated GC) [PSYoungGen: 149362K->61654K(175104K)] 565439K->520352K(699392K), 0.0097502 secs] [Times: user=0.09 sys=0.00, real=0.01 secs] 
2016-09-24T00:55:40.106-0400: 307.830: [Full GC (Ergonomics) [PSYoungGen: 149718K->0K(175104K)] [ParOldGen: 471058K->48400K(524288K)] 620776K->48400K(699392K), [Metaspace: 44664K->44664K(1087488K)], 0.0700734 secs] [Times: user=0.39 sys=0.01, real=0.07 secs] 
2016-09-24T00:55:40.351-0400: 308.075: [GC (Allocation Failure) [PSYoungGen: 88064K->37645K(175104K)] 136725K->86307K(699392K), 0.0054045 secs] [Times: user=0.06 sys=0.00, real=0.01 secs] 
2016-09-24T00:55:40.499-0400: 308.223: [GC (GCLocker Initiated GC) [PSYoungGen: 125709K->85790K(175104K)] 174377K->159657K(699392K), 0.0127827 secs] [Times: user=0.16 sys=0.00, real=0.01 secs] 
2016-09-24T00:55:40.686-0400: 308.409: [GC (GCLocker Initiated GC) [PSYoungGen: 173854K->73772K(175104K)] 253899K->172358K(699392K), 0.0080810 secs] [Times: user=0.09 sys=0.00, real=0.00 secs] 
2016-09-24T00:55:40.874-0400: 308.598: [GC (Allocation Failure) [PSYoungGen: 161836K->19324K(175104K)] 278923K->191542K(699392K), 0.0140659 secs] [Times: user=0.15 sys=0.01, real=0.02 secs] 
2016-09-24T00:55:41.102-0400: 308.826: [GC (Allocation Failure) [PSYoungGen: 105784K->36998K(175104K)] 278002K->209295K(699392K), 0.0066822 secs] [Times: user=0.06 sys=0.00, real=0.00 secs] 
2016-09-24T00:55:41.238-0400: 308.962: [GC (GCLocker Initiated GC) [PSYoungGen: 125062K->73868K(175104K)] 297366K->264524K(699392K), 0.0098901 secs] [Times: user=0.12 sys=0.00, real=0.01 secs] 
2016-09-24T00:55:41.402-0400: 309.126: [GC (Allocation Failure) [PSYoungGen: 161932K->37389K(175104K)] 365065K->258892K(699392K), 0.0090706 secs] [Times: user=0.06 sys=0.01, real=0.01 secs] 
2016-09-24T00:55:41.614-0400: 309.338: [GC (GCLocker Initiated GC) [PSYoungGen: 125453K->55127K(175104K)] 346961K->277042K(699392K), 0.0103581 secs] [Times: user=0.07 sys=0.00, real=0.02 secs] 
2016-09-24T00:55:41.821-0400: 309.545: [GC (GCLocker Initiated GC) [PSYoungGen: 143191K->85658K(175104K)] 371246K->313824K(699392K), 0.0179646 secs] [Times: user=0.17 sys=0.00, real=0.02 secs] 
2016-09-24T00:55:41.980-0400: 309.704: [GC (GCLocker Initiated GC) [PSYoungGen: 173722K->61558K(175104K)] 402232K->338819K(699392K), 0.0102529 secs] [Times: user=0.12 sys=0.00, real=0.01 secs] 
2016-09-24T00:55:42.145-0400: 309.869: [GC (GCLocker Initiated GC) [PSYoungGen: 149622K->73640K(175104K)] 427087K->369785K(699392K), 0.0109279 secs] [Times: user=0.17 sys=0.00, real=0.01 secs] 
2016-09-24T00:55:42.347-0400: 310.071: [GC (Allocation Failure) [PSYoungGen: 161704K->55255K(175104K)] 457980K->351627K(699392K), 0.0090561 secs] [Times: user=0.09 sys=0.00, real=0.01 secs] 
2016-09-24T00:55:42.494-0400: 310.218: [GC (GCLocker Initiated GC) [PSYoungGen: 140019K->55775K(175104K)] 442467K->358365K(699392K), 0.0099200 secs] [Times: user=0.14 sys=0.00, real=0.01 secs] 
2016-09-24T00:55:42.679-0400: 310.403: [GC (GCLocker Initiated GC) [PSYoungGen: 143839K->43205K(175104K)] 452591K->370457K(699392K), 0.0143526 secs] [Times: user=0.14 sys=0.00, real=0.01 secs] 
2016-09-24T00:55:42.859-0400: 310.583: [GC (GCLocker Initiated GC) [PSYoungGen: 131269K->55255K(175104K)] 464952K->389189K(699392K), 0.0287873 secs] [Times: user=0.30 sys=0.00, real=0.03 secs] 
2016-09-24T00:55:43.049-0400: 310.773: [GC (Allocation Failure) [PSYoungGen: 143319K->55287K(175104K)] 477278K->389505K(699392K), 0.0068565 secs] [Times: user=0.07 sys=0.01, real=0.01 secs] 
2016-09-24T00:55:43.222-0400: 310.946: [GC (GCLocker Initiated GC) [PSYoungGen: 143351K->43233K(175104K)] 477569K->408102K(699392K), 0.0111957 secs] [Times: user=0.13 sys=0.00, real=0.01 secs] 
2016-09-24T00:55:43.399-0400: 311.123: [GC (GCLocker Initiated GC) [PSYoungGen: 131297K->85954K(175104K)] 496207K->475324K(699392K), 0.0096609 secs] [Times: user=0.11 sys=0.00, real=0.01 secs] 
2016-09-24T00:55:43.592-0400: 311.316: [GC (GCLocker Initiated GC) [PSYoungGen: 174018K->43237K(175104K)] 569763K->493932K(699392K), 0.0114057 secs] [Times: user=0.11 sys=0.00, real=0.02 secs] 
2016-09-24T00:55:43.790-0400: 311.513: [GC (GCLocker Initiated GC) [PSYoungGen: 131301K->37158K(175104K)] 581998K->518521K(699392K), 0.0114234 secs] [Times: user=0.12 sys=0.00, real=0.01 secs] 
2016-09-24T00:55:43.801-0400: 311.525: [Full GC (Ergonomics) [PSYoungGen: 37158K->0K(175104K)] [ParOldGen: 481363K->36482K(524288K)] 518521K->36482K(699392K), [Metaspace: 44670K->44670K(1087488K)], 0.0607417 secs] [Times: user=0.35 sys=0.01, real=0.06 secs] 
2016-09-24T00:55:44.028-0400: 311.752: [GC (GCLocker Initiated GC) [PSYoungGen: 88064K->86178K(175104K)] 130730K->140994K(699392K), 0.0111006 secs] [Times: user=0.13 sys=0.00, real=0.01 secs] 
2016-09-24T00:55:44.200-0400: 311.924: [GC (GCLocker Initiated GC) [PSYoungGen: 174242K->61622K(175104K)] 229419K->159856K(699392K), 0.0132413 secs] [Times: user=0.15 sys=0.00, real=0.01 secs] 
2016-09-24T00:55:44.358-0400: 312.081: [GC (Allocation Failure) [PSYoungGen: 149686K->79815K(175104K)] 248000K->178608K(699392K), 0.0095460 secs] [Times: user=0.10 sys=0.01, real=0.01 secs] 
2016-09-24T00:55:44.537-0400: 312.261: [GC (GCLocker Initiated GC) [PSYoungGen: 164074K->37030K(175104K)] 268943K->172589K(699392K), 0.0074674 secs] [Times: user=0.10 sys=0.00, real=0.01 secs] 
2016-09-24T00:55:44.725-0400: 312.449: [GC (GCLocker Initiated GC) [PSYoungGen: 125094K->43169K(175104K)] 266842K->185192K(699392K), 0.0101908 secs] [Times: user=0.11 sys=0.00, real=0.01 secs] 
2016-09-24T00:55:44.904-0400: 312.628: [GC (Allocation Failure) [PSYoungGen: 131233K->61266K(175104K)] 273567K->222100K(699392K), 0.0235819 secs] [Times: user=0.22 sys=0.00, real=0.02 secs] 
2016-09-24T00:55:45.099-0400: 312.823: [GC (Allocation Failure) [PSYoungGen: 149330K->43105K(175104K)] 310164K->228538K(699392K), 0.0205249 secs] [Times: user=0.17 sys=0.00, real=0.02 secs] 
2016-09-24T00:55:45.291-0400: 313.015: [GC (GCLocker Initiated GC) [PSYoungGen: 131169K->55255K(175104K)] 316608K->240977K(699392K), 0.0070756 secs] [Times: user=0.07 sys=0.00, real=0.01 secs] 
2016-09-24T00:55:45.481-0400: 313.205: [GC (GCLocker Initiated GC) [PSYoungGen: 143319K->18741K(175104K)] 347610K->223308K(699392K), 0.0059352 secs] [Times: user=0.04 sys=0.00, real=0.01 secs] 
2016-09-24T00:55:45.662-0400: 313.385: [GC (GCLocker Initiated GC) [PSYoungGen: 106805K->79391K(175104K)] 311402K->284279K(699392K), 0.0079909 secs] [Times: user=0.09 sys=0.00, real=0.01 secs] 
2016-09-24T00:55:45.806-0400: 313.530: [GC (GCLocker Initiated GC) [PSYoungGen: 167455K->67665K(175104K)] 372408K->333495K(699392K), 0.0217765 secs] [Times: user=0.27 sys=0.00, real=0.02 secs] 
2016-09-24T00:55:45.980-0400: 313.704: [GC (GCLocker Initiated GC) [PSYoungGen: 155729K->85626K(175104K)] 421596K->394497K(699392K), 0.0113641 secs] [Times: user=0.13 sys=0.01, real=0.01 secs] 
2016-09-24T00:55:46.145-0400: 313.869: [GC (GCLocker Initiated GC) [PSYoungGen: 173690K->85598K(175104K)] 482625K->418953K(699392K), 0.0154561 secs] [Times: user=0.16 sys=0.01, real=0.01 secs] 
2016-09-24T00:55:46.311-0400: 314.035: [GC (GCLocker Initiated GC) [PSYoungGen: 173662K->73640K(175104K)] 507384K->444127K(699392K), 0.0213019 secs] [Times: user=0.27 sys=0.01, real=0.02 secs] 
2016-09-24T00:55:46.532-0400: 314.256: [GC (GCLocker Initiated GC) [PSYoungGen: 161701K->19000K(175104K)] 550730K->408289K(699392K), 0.0179608 secs] [Times: user=0.20 sys=0.00, real=0.02 secs] 
2016-09-24T00:55:46.716-0400: 314.440: [GC (Allocation Failure) [PSYoungGen: 107064K->55291K(175104K)] 496383K->444844K(699392K), 0.0296799 secs] [Times: user=0.30 sys=0.00, real=0.03 secs] 
2016-09-24T00:55:46.913-0400: 314.636: [GC (GCLocker Initiated GC) [PSYoungGen: 142269K->36998K(175104K)] 537898K->469360K(699392K), 0.0098778 secs] [Times: user=0.09 sys=0.01, real=0.02 secs] 
2016-09-24T00:55:47.054-0400: 314.778: [GC (GCLocker Initiated GC) [PSYoungGen: 125062K->85694K(175104K)] 557488K->524478K(699392K), 0.0228339 secs] [Times: user=0.24 sys=0.00, real=0.03 secs] 
2016-09-24T00:55:47.249-0400: 314.973: [GC (GCLocker Initiated GC) [PSYoungGen: 173758K->55515K(175104K)] 612618K->555244K(699392K), 0.0165938 secs] [Times: user=0.16 sys=0.00, real=0.02 secs] 
2016-09-24T00:55:47.266-0400: 314.990: [Full GC (Ergonomics) [PSYoungGen: 55515K->0K(175104K)] [ParOldGen: 499729K->48848K(524288K)] 555244K->48848K(699392K), [Metaspace: 44670K->44670K(1087488K)], 0.0611273 secs] [Times: user=0.30 sys=0.01, real=0.06 secs] 
2016-09-24T00:55:47.503-0400: 315.227: [GC (GCLocker Initiated GC) [PSYoungGen: 88064K->55643K(175104K)] 136960K->104539K(699392K), 0.0098825 secs] [Times: user=0.07 sys=0.00, real=0.00 secs] 
2016-09-24T00:55:47.685-0400: 315.409: [GC (GCLocker Initiated GC) [PSYoungGen: 143707K->49376K(175104K)] 192616K->165962K(699392K), 0.0180148 secs] [Times: user=0.17 sys=0.00, real=0.02 secs] 
2016-09-24T00:55:47.870-0400: 315.594: [GC (GCLocker Initiated GC) [PSYoungGen: 137440K->61330K(175104K)] 254308K->178457K(699392K), 0.0101010 secs] [Times: user=0.08 sys=0.00, real=0.01 secs] 
2016-09-24T00:55:48.075-0400: 315.799: [GC (GCLocker Initiated GC) [PSYoungGen: 149394K->74100K(175104K)] 266546K->191544K(699392K), 0.0080257 secs] [Times: user=0.10 sys=0.01, real=0.01 secs] 
2016-09-24T00:55:48.227-0400: 315.951: [GC (GCLocker Initiated GC) [PSYoungGen: 162164K->74000K(175104K)] 279688K->191767K(699392K), 0.0107414 secs] [Times: user=0.15 sys=0.00, real=0.01 secs] 
2016-09-24T00:55:48.417-0400: 316.141: [GC (GCLocker Initiated GC) [PSYoungGen: 162064K->61166K(175104K)] 285965K->185350K(699392K), 0.0119905 secs] [Times: user=0.11 sys=0.00, real=0.01 secs] 
2016-09-24T00:55:48.562-0400: 316.286: [GC (GCLocker Initiated GC) [PSYoungGen: 149230K->73836K(175104K)] 273663K->240970K(699392K), 0.0112744 secs] [Times: user=0.16 sys=0.00, real=0.01 secs] 
2016-09-24T00:55:48.723-0400: 316.447: [GC (GCLocker Initiated GC) [PSYoungGen: 161900K->85854K(175104K)] 329132K->289999K(699392K), 0.0137488 secs] [Times: user=0.18 sys=0.00, real=0.01 secs] 
2016-09-24T00:55:48.902-0400: 316.626: [GC (GCLocker Initiated GC) [PSYoungGen: 173918K->85822K(175104K)] 378111K->338759K(699392K), 0.0136680 secs] [Times: user=0.15 sys=0.00, real=0.01 secs] 
2016-09-24T00:55:49.086-0400: 316.809: [GC (GCLocker Initiated GC) [PSYoungGen: 173886K->49308K(175104K)] 427144K->357517K(699392K), 0.0120347 secs] [Times: user=0.12 sys=0.01, real=0.01 secs] 
2016-09-24T00:55:49.293-0400: 317.017: [GC (GCLocker Initiated GC) [PSYoungGen: 137372K->67505K(175104K)] 445942K->376155K(699392K), 0.0183809 secs] [Times: user=0.15 sys=0.00, real=0.02 secs] 
2016-09-24T00:55:49.508-0400: 317.231: [GC (Allocation Failure) [PSYoungGen: 155569K->85626K(175104K)] 464260K->394609K(699392K), 0.0198970 secs] [Times: user=0.26 sys=0.00, real=0.02 secs] 
2016-09-24T00:55:49.647-0400: 317.371: [GC (GCLocker Initiated GC) [PSYoungGen: 170814K->43397K(175104K)] 485872K->401131K(699392K), 0.0079381 secs] [Times: user=0.08 sys=0.00, real=0.01 secs] 
2016-09-24T00:55:49.815-0400: 317.538: [GC (GCLocker Initiated GC) [PSYoungGen: 131461K->61526K(175104K)] 489428K->431926K(699392K), 0.0171777 secs] [Times: user=0.18 sys=0.00, real=0.01 secs] 
2016-09-24T00:55:50.033-0400: 317.757: [GC (Allocation Failure) [PSYoungGen: 149590K->36934K(175104K)] 526280K->413859K(699392K), 0.0117257 secs] [Times: user=0.11 sys=0.00, real=0.02 secs] 
2016-09-24T00:55:50.187-0400: 317.911: [GC (Allocation Failure) [PSYoungGen: 124998K->55419K(175104K)] 501923K->432440K(699392K), 0.0112262 secs] [Times: user=0.12 sys=0.00, real=0.01 secs] 
2016-09-24T00:55:50.349-0400: 318.073: [GC (GCLocker Initiated GC) [PSYoungGen: 138921K->37098K(175104K)] 522018K->420445K(699392K), 0.0083466 secs] [Times: user=0.04 sys=0.01, real=0.01 secs] 
2016-09-24T00:55:50.493-0400: 318.217: [GC (GCLocker Initiated GC) [PSYoungGen: 125162K->79915K(175104K)] 508551K->463603K(699392K), 0.0089529 secs] [Times: user=0.08 sys=0.00, real=0.01 secs] 
2016-09-24T00:55:50.671-0400: 318.395: [GC (GCLocker Initiated GC) [PSYoungGen: 167979K->73416K(175104K)] 551709K->481706K(699392K), 0.0191238 secs] [Times: user=0.19 sys=0.00, real=0.02 secs] 
2016-09-24T00:55:50.866-0400: 318.589: [GC (GCLocker Initiated GC) [PSYoungGen: 161480K->73676K(175104K)] 569968K->506560K(699392K), 0.0270123 secs] [Times: user=0.29 sys=0.00, real=0.02 secs] 
2016-09-24T00:55:51.066-0400: 318.789: [GC (GCLocker Initiated GC) [PSYoungGen: 161740K->73576K(175104K)] 594738K->506873K(699392K), 0.0135180 secs] [Times: user=0.16 sys=0.00, real=0.01 secs] 
2016-09-24T00:55:51.247-0400: 318.971: [GC (Allocation Failure) [PSYoungGen: 161640K->85694K(175104K)] 595085K->525490K(699392K), 0.0095469 secs] [Times: user=0.11 sys=0.00, real=0.01 secs] 
2016-09-24T00:55:51.451-0400: 319.175: [GC (GCLocker Initiated GC) [PSYoungGen: 173758K->55323K(175104K)] 613560K->513445K(699392K), 0.0106429 secs] [Times: user=0.07 sys=0.00, real=0.01 secs] 
2016-09-24T00:55:51.604-0400: 319.328: [GC (Allocation Failure) [PSYoungGen: 143387K->67469K(175104K)] 601590K->525963K(699392K), 0.0362492 secs] [Times: user=0.38 sys=0.00, real=0.03 secs] 
2016-09-24T00:55:51.816-0400: 319.540: [GC (GCLocker Initiated GC) [PSYoungGen: 155533K->73644K(175104K)] 614027K->532405K(699392K), 0.0124634 secs] [Times: user=0.12 sys=0.00, real=0.01 secs] 
2016-09-24T00:55:51.981-0400: 319.705: [GC (GCLocker Initiated GC) [PSYoungGen: 161708K->61234K(175104K)] 620562K->520331K(699392K), 0.0153016 secs] [Times: user=0.11 sys=0.00, real=0.02 secs] 
2016-09-24T00:55:52.161-0400: 319.885: [GC (GCLocker Initiated GC) [PSYoungGen: 149298K->67761K(175104K)] 608746K->563811K(699392K), 0.0125638 secs] [Times: user=0.16 sys=0.00, real=0.01 secs] 
2016-09-24T00:55:52.174-0400: 319.898: [Full GC (Ergonomics) [PSYoungGen: 67761K->0K(175104K)] [ParOldGen: 496050K->48874K(524288K)] 563811K->48874K(699392K), [Metaspace: 44670K->44670K(1087488K)], 0.0612345 secs] [Times: user=0.41 sys=0.00, real=0.07 secs] 
2016-09-24T00:55:52.420-0400: 320.144: [GC (GCLocker Initiated GC) [PSYoungGen: 88064K->86374K(175104K)] 136946K->141331K(699392K), 0.0103845 secs] [Times: user=0.14 sys=0.00, real=0.01 secs] 
2016-09-24T00:55:52.621-0400: 320.345: [GC (GCLocker Initiated GC) [PSYoungGen: 174438K->67537K(175104K)] 235512K->141276K(699392K), 0.0375934 secs] [Times: user=0.47 sys=0.00, real=0.04 secs] 
2016-09-24T00:55:52.847-0400: 320.571: [GC (Allocation Failure) [PSYoungGen: 155601K->73804K(175104K)] 229651K->184587K(699392K), 0.0136590 secs] [Times: user=0.19 sys=0.01, real=0.01 secs] 
2016-09-24T00:55:53.057-0400: 320.781: [GC (GCLocker Initiated GC) [PSYoungGen: 161868K->55123K(175104K)] 272657K->166171K(699392K), 0.0096312 secs] [Times: user=0.10 sys=0.00, real=0.01 secs] 
2016-09-24T00:55:53.204-0400: 320.928: [GC (GCLocker Initiated GC) [PSYoungGen: 143187K->55483K(175104K)] 254433K->166825K(699392K), 0.0091713 secs] [Times: user=0.12 sys=0.00, real=0.00 secs] 
2016-09-24T00:55:53.415-0400: 321.139: [GC (Allocation Failure) [PSYoungGen: 143547K->37158K(175104K)] 267138K->161032K(699392K), 0.0090441 secs] [Times: user=0.10 sys=0.00, real=0.01 secs] 
2016-09-24T00:55:53.618-0400: 321.342: [GC (GCLocker Initiated GC) [PSYoungGen: 125222K->61134K(175104K)] 249096K->185143K(699392K), 0.0160454 secs] [Times: user=0.14 sys=0.00, real=0.01 secs] 
2016-09-24T00:55:53.802-0400: 321.526: [GC (Allocation Failure) [PSYoungGen: 149198K->49475K(175104K)] 279548K->179921K(699392K), 0.0416110 secs] [Times: user=0.49 sys=0.01, real=0.05 secs] 
2016-09-24T00:55:53.964-0400: 321.688: [GC (GCLocker Initiated GC) [PSYoungGen: 137539K->86378K(175104K)] 267990K->223235K(699392K), 0.0127069 secs] [Times: user=0.19 sys=0.00, real=0.01 secs] 
2016-09-24T00:55:54.114-0400: 321.838: [GC (GCLocker Initiated GC) [PSYoungGen: 174442K->79783K(175104K)] 311536K->235362K(699392K), 0.0222706 secs] [Times: user=0.17 sys=0.00, real=0.03 secs] 
2016-09-24T00:55:54.259-0400: 321.983: [GC (Allocation Failure) [PSYoungGen: 167847K->43009K(175104K)] 323500K->198742K(699392K), 0.0103760 secs] [Times: user=0.07 sys=0.00, real=0.01 secs] 
2016-09-24T00:55:54.410-0400: 322.134: [GC (GCLocker Initiated GC) [PSYoungGen: 129127K->49052K(175104K)] 290935K->210947K(699392K), 0.0098957 secs] [Times: user=0.09 sys=0.00, real=0.01 secs] 
2016-09-24T00:55:54.585-0400: 322.309: [GC (Allocation Failure) [PSYoungGen: 137116K->67369K(175104K)] 299064K->229461K(699392K), 0.0097355 secs] [Times: user=0.11 sys=0.01, real=0.01 secs] 
2016-09-24T00:55:54.749-0400: 322.473: [GC (GCLocker Initiated GC) [PSYoungGen: 153834K->43397K(175104K)] 322001K->260315K(699392K), 0.0115169 secs] [Times: user=0.12 sys=0.00, real=0.01 secs] 
2016-09-24T00:55:54.914-0400: 322.638: [GC (GCLocker Initiated GC) [PSYoungGen: 131461K->67992K(175104K)] 354619K->291450K(699392K), 0.0104145 secs] [Times: user=0.12 sys=0.00, real=0.01 secs] 
2016-09-24T00:55:55.076-0400: 322.800: [GC (GCLocker Initiated GC) [PSYoungGen: 156056K->73644K(175104K)] 379865K->328142K(699392K), 0.0095256 secs] [Times: user=0.12 sys=0.00, real=0.01 secs] 
2016-09-24T00:55:55.268-0400: 322.992: [GC (GCLocker Initiated GC) [PSYoungGen: 161705K->37226K(175104K)] 422600K->298380K(699392K), 0.0299166 secs] [Times: user=0.39 sys=0.00, real=0.03 secs] 
2016-09-24T00:55:55.447-0400: 323.171: [GC (Allocation Failure) [PSYoungGen: 125290K->79683K(175104K)] 386597K->341470K(699392K), 0.0093834 secs] [Times: user=0.15 sys=0.00, real=0.01 secs] 
2016-09-24T00:55:55.608-0400: 323.332: [GC (Allocation Failure) [PSYoungGen: 167747K->73936K(175104K)] 429534K->372512K(699392K), 0.0108369 secs] [Times: user=0.13 sys=0.00, real=0.01 secs] 
2016-09-24T00:55:55.777-0400: 323.501: [GC (GCLocker Initiated GC) [PSYoungGen: 162000K->55383K(175104K)] 460582K->354264K(699392K), 0.0137600 secs] [Times: user=0.16 sys=0.01, real=0.01 secs] 
2016-09-24T00:55:55.940-0400: 323.664: [GC (GCLocker Initiated GC) [PSYoungGen: 143447K->79815K(175104K)] 442639K->379322K(699392K), 0.0098375 secs] [Times: user=0.11 sys=0.00, real=0.01 secs] 
2016-09-24T00:55:56.108-0400: 323.832: [GC (Allocation Failure) [PSYoungGen: 167879K->48920K(175104K)] 467741K->373358K(699392K), 0.0185055 secs] [Times: user=0.22 sys=0.00, real=0.02 secs] 
2016-09-24T00:55:56.258-0400: 323.982: [GC (GCLocker Initiated GC) [PSYoungGen: 136984K->74000K(175104K)] 461427K->398578K(699392K), 0.0099484 secs] [Times: user=0.16 sys=0.00, real=0.01 secs] 
2016-09-24T00:55:56.423-0400: 324.147: [GC (Allocation Failure) [PSYoungGen: 162064K->67405K(175104K)] 492782K->398414K(699392K), 0.0104955 secs] [Times: user=0.16 sys=0.00, real=0.00 secs] 
2016-09-24T00:55:56.591-0400: 324.315: [GC (GCLocker Initiated GC) [PSYoungGen: 154191K->73868K(175104K)] 491275K->453816K(699392K), 0.0127633 secs] [Times: user=0.17 sys=0.00, real=0.02 secs] 
2016-09-24T00:55:56.776-0400: 324.500: [GC (GCLocker Initiated GC) [PSYoungGen: 161932K->55547K(175104K)] 548143K->442049K(699392K), 0.0079386 secs] [Times: user=0.09 sys=0.00, real=0.01 secs] 
2016-09-24T00:55:56.929-0400: 324.653: [GC (Allocation Failure) [PSYoungGen: 143611K->85630K(175104K)] 530441K->484885K(699392K), 0.0107371 secs] [Times: user=0.11 sys=0.00, real=0.01 secs] 
2016-09-24T00:55:57.077-0400: 324.801: [GC (GCLocker Initiated GC) [PSYoungGen: 173694K->85726K(175104K)] 573077K->509513K(699392K), 0.0247488 secs] [Times: user=0.27 sys=0.00, real=0.02 secs] 
2016-09-24T00:55:57.261-0400: 324.985: [GC (GCLocker Initiated GC) [PSYoungGen: 173790K->86018K(175104K)] 597675K->540585K(699392K), 0.0180108 secs] [Times: user=0.23 sys=0.00, real=0.02 secs] 
2016-09-24T00:55:57.435-0400: 325.158: [GC (GCLocker Initiated GC) [PSYoungGen: 174082K->55842K(175104K)] 635012K->565689K(699392K), 0.0104916 secs] [Times: user=0.14 sys=0.00, real=0.01 secs] 
2016-09-24T00:55:57.445-0400: 325.169: [Full GC (Ergonomics) [PSYoungGen: 55842K->0K(175104K)] [ParOldGen: 509846K->48796K(524288K)] 565689K->48796K(699392K), [Metaspace: 44676K->44676K(1087488K)], 0.0569816 secs] [Times: user=0.33 sys=0.00, real=0.06 secs] 
2016-09-24T00:55:57.673-0400: 325.397: [GC (GCLocker Initiated GC) [PSYoungGen: 88064K->73772K(175104K)] 143296K->129004K(699392K), 0.0069440 secs] [Times: user=0.06 sys=0.01, real=0.01 secs] 
2016-09-24T00:55:57.907-0400: 325.631: [GC (GCLocker Initiated GC) [PSYoungGen: 161836K->37126K(175104K)] 223313K->117259K(699392K), 0.0063879 secs] [Times: user=0.05 sys=0.00, real=0.00 secs] 
2016-09-24T00:55:58.087-0400: 325.811: [GC (Allocation Failure) [PSYoungGen: 125190K->48920K(175104K)] 211451K->135277K(699392K), 0.0178038 secs] [Times: user=0.16 sys=0.00, real=0.02 secs] 
2016-09-24T00:55:58.257-0400: 325.981: [GC (GCLocker Initiated GC) [PSYoungGen: 132295K->43137K(175104K)] 224728K->184296K(699392K), 0.0480442 secs] [Times: user=0.53 sys=0.01, real=0.05 secs] 
2016-09-24T00:55:58.466-0400: 326.190: [GC (GCLocker Initiated GC) [PSYoungGen: 131201K->37190K(175104K)] 290923K->197196K(699392K), 0.0053132 secs] [Times: user=0.05 sys=0.00, real=0.00 secs] 
2016-09-24T00:55:58.630-0400: 326.354: [GC (GCLocker Initiated GC) [PSYoungGen: 125254K->55155K(175104K)] 291455K->221483K(699392K), 0.0196775 secs] [Times: user=0.21 sys=0.00, real=0.02 secs] 
2016-09-24T00:55:58.852-0400: 326.576: [GC (GCLocker Initiated GC) [PSYoungGen: 143219K->55091K(175104K)] 309566K->221518K(699392K), 0.0110619 secs] [Times: user=0.08 sys=0.01, real=0.02 secs] 
2016-09-24T00:55:59.015-0400: 326.739: [GC (GCLocker Initiated GC) [PSYoungGen: 143155K->55579K(175104K)] 316001K->258935K(699392K), 0.0127384 secs] [Times: user=0.14 sys=0.00, real=0.01 secs] 
2016-09-24T00:55:59.325-0400: 327.049: [GC (Allocation Failure) [PSYoungGen: 143643K->18897K(175104K)] 347080K->222617K(699392K), 0.0060423 secs] [Times: user=0.08 sys=0.01, real=0.00 secs] 
2016-09-24T00:55:59.874-0400: 327.598: [GC (Allocation Failure) [PSYoungGen: 106961K->18641K(175104K)] 310681K->222528K(699392K), 0.0086318 secs] [Times: user=0.04 sys=0.00, real=0.02 secs] 
