Java HotSpot(TM) 64-Bit Server VM (25.101-b13) for linux-amd64 JRE (1.8.0_101-b13), built on Jun 22 2016 02:59:44 by "java_re" with gcc 4.3.0 20080428 (Red Hat 4.3.0-8)
Memory: 4k page, physical 264122320k(87062376k free), swap 268399612k(268399612k free)
CommandLine flags: -XX:GCLogFileSize=1048576 -XX:+HeapDumpOnOutOfMemoryError -XX:HeapDumpPath=artifacts/heapdump -XX:InitialHeapSize=805306368 -XX:MaxHeapSize=805306368 -XX:NumberOfGCLogFiles=10 -XX:+PrintGC -XX:+PrintGCDateStamps -XX:+PrintGCDetails -XX:+PrintGCTimeStamps -XX:+UseCompressedClassPointers -XX:+UseCompressedOops -XX:+UseGCLogFileRotation -XX:+UseParallelGC 
2016-09-25T23:25:01.435-0400: 2.173: [GC (Metadata GC Threshold) [PSYoungGen: 125830K->15556K(229376K)] 125830K->15644K(753664K), 0.0218431 secs] [Times: user=0.09 sys=0.02, real=0.02 secs] 
2016-09-25T23:25:01.457-0400: 2.195: [Full GC (Metadata GC Threshold) [PSYoungGen: 15556K->0K(229376K)] [ParOldGen: 88K->14602K(342016K)] 15644K->14602K(571392K), [Metaspace: 21067K->21067K(1067008K)], 0.0420870 secs] [Times: user=0.32 sys=0.08, real=0.04 secs] 
2016-09-25T23:25:03.282-0400: 4.021: [GC (Metadata GC Threshold) [PSYoungGen: 125744K->15530K(229376K)] 140346K->30269K(571392K), 0.0212992 secs] [Times: user=0.17 sys=0.03, real=0.02 secs] 
2016-09-25T23:25:03.304-0400: 4.042: [Full GC (Metadata GC Threshold) [PSYoungGen: 15530K->0K(229376K)] [ParOldGen: 14738K->20912K(524288K)] 30269K->20912K(753664K), [Metaspace: 35064K->35064K(1079296K)], 0.0703971 secs] [Times: user=0.63 sys=0.01, real=0.07 secs] 
2016-09-25T23:25:05.055-0400: 5.793: [GC (Allocation Failure) [PSYoungGen: 194420K->32759K(229376K)] 215333K->57247K(753664K), 0.0135322 secs] [Times: user=0.15 sys=0.05, real=0.01 secs] 
2016-09-25T23:25:05.415-0400: 6.153: [GC (GCLocker Initiated GC) [PSYoungGen: 229367K->32738K(229376K)] 253858K->132149K(753664K), 0.0153662 secs] [Times: user=0.17 sys=0.09, real=0.01 secs] 
2016-09-25T23:25:05.550-0400: 6.288: [GC (GCLocker Initiated GC) [PSYoungGen: 229346K->32757K(229376K)] 328861K->185556K(753664K), 0.0103403 secs] [Times: user=0.11 sys=0.03, real=0.01 secs] 
2016-09-25T23:25:05.656-0400: 6.394: [GC (GCLocker Initiated GC) [PSYoungGen: 229365K->32757K(120832K)] 382252K->225237K(645120K), 0.0118706 secs] [Times: user=0.14 sys=0.04, real=0.01 secs] 
2016-09-25T23:25:05.699-0400: 6.437: [GC (GCLocker Initiated GC) [PSYoungGen: 120821K->86035K(175104K)] 325606K->315128K(699392K), 0.0094781 secs] [Times: user=0.15 sys=0.00, real=0.01 secs] 
2016-09-25T23:25:05.750-0400: 6.488: [GC (GCLocker Initiated GC) [PSYoungGen: 174099K->84653K(175104K)] 403345K->322030K(699392K), 0.0101793 secs] [Times: user=0.12 sys=0.00, real=0.01 secs] 
2016-09-25T23:25:05.797-0400: 6.535: [GC (GCLocker Initiated GC) [PSYoungGen: 172717K->79395K(175104K)] 415613K->348216K(699392K), 0.0094022 secs] [Times: user=0.12 sys=0.02, real=0.01 secs] 
2016-09-25T23:25:05.849-0400: 6.587: [GC (GCLocker Initiated GC) [PSYoungGen: 167459K->57617K(175104K)] 441751K->375454K(699392K), 0.0096056 secs] [Times: user=0.10 sys=0.04, real=0.01 secs] 
2016-09-25T23:25:05.895-0400: 6.633: [GC (GCLocker Initiated GC) [PSYoungGen: 145681K->79167K(175104K)] 471733K->443466K(699392K), 0.0107833 secs] [Times: user=0.16 sys=0.02, real=0.01 secs] 
2016-09-25T23:25:05.948-0400: 6.686: [GC (GCLocker Initiated GC) [PSYoungGen: 167231K->50718K(175104K)] 531640K->455933K(699392K), 0.0079954 secs] [Times: user=0.12 sys=0.00, real=0.01 secs] 
2016-09-25T23:25:05.986-0400: 6.724: [GC (GCLocker Initiated GC) [PSYoungGen: 138782K->65731K(175104K)] 557765K->506622K(699392K), 0.0075437 secs] [Times: user=0.10 sys=0.02, real=0.00 secs] 
2016-09-25T23:25:06.025-0400: 6.763: [GC (GCLocker Initiated GC) [PSYoungGen: 153795K->72446K(175104K)] 595428K->532048K(699392K), 0.0076058 secs] [Times: user=0.12 sys=0.01, real=0.00 secs] 
2016-09-25T23:25:06.064-0400: 6.802: [Full GC (Ergonomics) [PSYoungGen: 160510K->0K(175104K)] [ParOldGen: 464216K->65638K(524288K)] 624727K->65638K(699392K), [Metaspace: 42920K->42908K(1085440K)], 0.1981701 secs] [Times: user=2.84 sys=0.03, real=0.20 secs] 
2016-09-25T23:25:06.315-0400: 7.053: [GC (GCLocker Initiated GC) [PSYoungGen: 88064K->68254K(175104K)] 161948K->142146K(699392K), 0.0104556 secs] [Times: user=0.16 sys=0.00, real=0.01 secs] 
2016-09-25T23:25:06.355-0400: 7.093: [GC (GCLocker Initiated GC) [PSYoungGen: 156318K->84646K(175104K)] 233029K->179302K(699392K), 0.0068529 secs] [Times: user=0.08 sys=0.00, real=0.00 secs] 
2016-09-25T23:25:06.399-0400: 7.137: [GC (GCLocker Initiated GC) [PSYoungGen: 172710K->67064K(175104K)] 289098K->206784K(699392K), 0.0077106 secs] [Times: user=0.10 sys=0.00, real=0.01 secs] 
2016-09-25T23:25:06.448-0400: 7.186: [GC (GCLocker Initiated GC) [PSYoungGen: 155128K->74986K(175104K)] 294947K->228710K(699392K), 0.0075340 secs] [Times: user=0.10 sys=0.00, real=0.01 secs] 
2016-09-25T23:25:06.482-0400: 7.220: [GC (GCLocker Initiated GC) [PSYoungGen: 163050K->85996K(175104K)] 322382K->264480K(699392K), 0.0090621 secs] [Times: user=0.14 sys=0.00, real=0.01 secs] 
2016-09-25T23:25:06.537-0400: 7.275: [GC (GCLocker Initiated GC) [PSYoungGen: 174060K->54852K(175104K)] 372898K->279715K(699392K), 0.0062625 secs] [Times: user=0.09 sys=0.00, real=0.01 secs] 
2016-09-25T23:25:06.573-0400: 7.311: [GC (GCLocker Initiated GC) [PSYoungGen: 142916K->66889K(175104K)] 367852K->319167K(699392K), 0.0091244 secs] [Times: user=0.09 sys=0.00, real=0.02 secs] 
2016-09-25T23:25:06.619-0400: 7.357: [GC (GCLocker Initiated GC) [PSYoungGen: 154953K->69685K(175104K)] 411546K->354914K(699392K), 0.0071650 secs] [Times: user=0.10 sys=0.00, real=0.01 secs] 
2016-09-25T23:25:06.655-0400: 7.393: [GC (GCLocker Initiated GC) [PSYoungGen: 157749K->73668K(175104K)] 445840K->382347K(699392K), 0.0083326 secs] [Times: user=0.12 sys=0.01, real=0.01 secs] 
2016-09-25T23:25:06.696-0400: 7.434: [GC (GCLocker Initiated GC) [PSYoungGen: 161732K->72304K(175104K)] 475941K->416453K(699392K), 0.0078986 secs] [Times: user=0.09 sys=0.00, real=0.01 secs] 
2016-09-25T23:25:06.740-0400: 7.478: [GC (GCLocker Initiated GC) [PSYoungGen: 160368K->58882K(175104K)] 504661K->445427K(699392K), 0.0076627 secs] [Times: user=0.12 sys=0.00, real=0.01 secs] 
2016-09-25T23:25:06.778-0400: 7.516: [GC (GCLocker Initiated GC) [PSYoungGen: 146946K->60264K(175104K)] 541753K->481043K(699392K), 0.0095442 secs] [Times: user=0.12 sys=0.00, real=0.01 secs] 
2016-09-25T23:25:06.824-0400: 7.562: [GC (GCLocker Initiated GC) [PSYoungGen: 148328K->33057K(175104K)] 574700K->505752K(699392K), 0.0076349 secs] [Times: user=0.08 sys=0.00, real=0.00 secs] 
2016-09-25T23:25:06.832-0400: 7.570: [Full GC (Ergonomics) [PSYoungGen: 33057K->0K(175104K)] [ParOldGen: 472694K->69139K(524288K)] 505752K->69139K(699392K), [Metaspace: 43020K->43020K(1085440K)], 0.0546940 secs] [Times: user=0.54 sys=0.01, real=0.06 secs] 
2016-09-25T23:25:06.920-0400: 7.658: [GC (GCLocker Initiated GC) [PSYoungGen: 88064K->72496K(175104K)] 160617K->145049K(699392K), 0.0059371 secs] [Times: user=0.07 sys=0.00, real=0.01 secs] 
2016-09-25T23:25:06.963-0400: 7.701: [GC (GCLocker Initiated GC) [PSYoungGen: 160560K->58882K(175104K)] 236295K->179700K(699392K), 0.0080696 secs] [Times: user=0.12 sys=0.00, real=0.00 secs] 
2016-09-25T23:25:07.004-0400: 7.742: [GC (GCLocker Initiated GC) [PSYoungGen: 146946K->58882K(175104K)] 273263K->208525K(699392K), 0.0068271 secs] [Times: user=0.10 sys=0.00, real=0.00 secs] 
2016-09-25T23:25:07.042-0400: 7.780: [GC (GCLocker Initiated GC) [PSYoungGen: 146946K->60409K(175104K)] 303435K->251043K(699392K), 0.0067291 secs] [Times: user=0.09 sys=0.00, real=0.01 secs] 
2016-09-25T23:25:07.084-0400: 7.822: [GC (GCLocker Initiated GC) [PSYoungGen: 148473K->60331K(175104K)] 348393K->287691K(699392K), 0.0096167 secs] [Times: user=0.16 sys=0.00, real=0.01 secs] 
2016-09-25T23:25:07.131-0400: 7.869: [GC (GCLocker Initiated GC) [PSYoungGen: 148395K->49482K(175104K)] 393426K->316456K(699392K), 0.0083304 secs] [Times: user=0.12 sys=0.00, real=0.01 secs] 
2016-09-25T23:25:07.175-0400: 7.913: [GC (GCLocker Initiated GC) [PSYoungGen: 137546K->71032K(175104K)] 407383K->350732K(699392K), 0.0139537 secs] [Times: user=0.21 sys=0.01, real=0.01 secs] 
2016-09-25T23:25:07.221-0400: 7.959: [GC (GCLocker Initiated GC) [PSYoungGen: 159096K->53339K(175104K)] 438906K->372591K(699392K), 0.0074795 secs] [Times: user=0.08 sys=0.00, real=0.01 secs] 
2016-09-25T23:25:07.266-0400: 8.004: [GC (GCLocker Initiated GC) [PSYoungGen: 141403K->58978K(174080K)] 468846K->415118K(698368K), 0.0069328 secs] [Times: user=0.09 sys=0.00, real=0.00 secs] 
2016-09-25T23:25:07.300-0400: 8.039: [GC (GCLocker Initiated GC) [PSYoungGen: 147042K->73846K(174592K)] 512800K->461685K(698880K), 0.0069682 secs] [Times: user=0.10 sys=0.00, real=0.01 secs] 
2016-09-25T23:25:07.350-0400: 8.088: [GC (GCLocker Initiated GC) [PSYoungGen: 161910K->62978K(174080K)] 563339K->482318K(698368K), 0.0069107 secs] [Times: user=0.09 sys=0.01, real=0.01 secs] 
2016-09-25T23:25:07.386-0400: 8.124: [GC (GCLocker Initiated GC) [PSYoungGen: 151554K->81818K(174592K)] 576389K->516530K(698880K), 0.0076100 secs] [Times: user=0.10 sys=0.00, real=0.01 secs] 
2016-09-25T23:25:07.430-0400: 8.168: [GC (GCLocker Initiated GC) [PSYoungGen: 170394K->80588K(175104K)] 618758K->553526K(699392K), 0.0087404 secs] [Times: user=0.08 sys=0.01, real=0.01 secs] 
2016-09-25T23:25:07.478-0400: 8.216: [Full GC (Ergonomics) [PSYoungGen: 168652K->0K(175104K)] [ParOldGen: 479766K->71789K(524288K)] 648418K->71789K(699392K), [Metaspace: 43202K->43202K(1085440K)], 0.0576294 secs] [Times: user=0.38 sys=0.02, real=0.06 secs] 
2016-09-25T23:25:07.564-0400: 8.302: [GC (GCLocker Initiated GC) [PSYoungGen: 88064K->86415K(175104K)] 165408K->169159K(699392K), 0.0073333 secs] [Times: user=0.10 sys=0.00, real=0.00 secs] 
2016-09-25T23:25:07.611-0400: 8.349: [GC (GCLocker Initiated GC) [PSYoungGen: 174479K->63067K(175104K)] 262774K->173856K(699392K), 0.0066043 secs] [Times: user=0.09 sys=0.01, real=0.01 secs] 
2016-09-25T23:25:07.651-0400: 8.389: [GC (GCLocker Initiated GC) [PSYoungGen: 151131K->79454K(175104K)] 270250K->213894K(699392K), 0.0069331 secs] [Times: user=0.08 sys=0.00, real=0.01 secs] 
2016-09-25T23:25:07.694-0400: 8.432: [GC (GCLocker Initiated GC) [PSYoungGen: 167518K->59016K(175104K)] 307534K->236168K(699392K), 0.0070482 secs] [Times: user=0.09 sys=0.01, real=0.01 secs] 
2016-09-25T23:25:07.733-0400: 8.471: [GC (GCLocker Initiated GC) [PSYoungGen: 147080K->57794K(175104K)] 324672K->264246K(699392K), 0.0066418 secs] [Times: user=0.08 sys=0.00, real=0.01 secs] 
2016-09-25T23:25:07.769-0400: 8.507: [GC (GCLocker Initiated GC) [PSYoungGen: 145858K->68700K(175104K)] 361969K->309757K(699392K), 0.0068718 secs] [Times: user=0.11 sys=0.00, real=0.01 secs] 
2016-09-25T23:25:07.811-0400: 8.549: [GC (GCLocker Initiated GC) [PSYoungGen: 156764K->52220K(175104K)] 401065K->333739K(699392K), 0.0076595 secs] [Times: user=0.11 sys=0.00, real=0.01 secs] 
2016-09-25T23:25:07.849-0400: 8.587: [GC (GCLocker Initiated GC) [PSYoungGen: 140284K->69958K(175104K)] 432861K->375110K(699392K), 0.0071489 secs] [Times: user=0.10 sys=0.00, real=0.01 secs] 
2016-09-25T23:25:07.896-0400: 8.634: [GC (GCLocker Initiated GC) [PSYoungGen: 158022K->68590K(175104K)] 480091K->403373K(699392K), 0.0071008 secs] [Times: user=0.10 sys=0.01, real=0.01 secs] 
2016-09-25T23:25:07.937-0400: 8.676: [GC (GCLocker Initiated GC) [PSYoungGen: 156654K->64370K(175104K)] 500995K->422797K(699392K), 0.0060280 secs] [Times: user=0.09 sys=0.00, real=0.01 secs] 
2016-09-25T23:25:07.975-0400: 8.713: [GC (GCLocker Initiated GC) [PSYoungGen: 152434K->65716K(154112K)] 513672K->459835K(678400K), 0.0078444 secs] [Times: user=0.11 sys=0.00, real=0.01 secs] 
2016-09-25T23:25:08.012-0400: 8.750: [GC (GCLocker Initiated GC) [PSYoungGen: 153780K->64481K(176640K)] 548158K->501257K(700928K), 0.0070282 secs] [Times: user=0.10 sys=0.00, real=0.01 secs] 
2016-09-25T23:25:08.052-0400: 8.790: [GC (GCLocker Initiated GC) [PSYoungGen: 154593K->66050K(156672K)] 596880K->525053K(680960K), 0.0074153 secs] [Times: user=0.08 sys=0.00, real=0.01 secs] 
2016-09-25T23:25:08.090-0400: 8.828: [GC (GCLocker Initiated GC) [PSYoungGen: 156162K->69880K(174592K)] 620645K->551313K(698880K), 0.0079497 secs] [Times: user=0.07 sys=0.01, real=0.01 secs] 
2016-09-25T23:25:08.098-0400: 8.836: [Full GC (Ergonomics) [PSYoungGen: 69880K->0K(174592K)] [ParOldGen: 481433K->90207K(524288K)] 551313K->90207K(698880K), [Metaspace: 43275K->43275K(1085440K)], 0.0527070 secs] [Times: user=0.44 sys=0.00, real=0.05 secs] 
2016-09-25T23:25:08.183-0400: 8.921: [GC (GCLocker Initiated GC) [PSYoungGen: 91648K->80982K(174080K)] 184743K->174078K(698368K), 0.0067759 secs] [Times: user=0.08 sys=0.01, real=0.00 secs] 
2016-09-25T23:25:08.227-0400: 8.965: [GC (GCLocker Initiated GC) [PSYoungGen: 172630K->59204K(176128K)] 272704K->180412K(700416K), 0.0126548 secs] [Times: user=0.17 sys=0.01, real=0.01 secs] 
2016-09-25T23:25:08.271-0400: 9.009: [GC (GCLocker Initiated GC) [PSYoungGen: 148804K->76786K(166400K)] 281061K->217845K(690688K), 0.0072286 secs] [Times: user=0.10 sys=0.01, real=0.01 secs] 
2016-09-25T23:25:08.317-0400: 9.055: [GC (GCLocker Initiated GC) [PSYoungGen: 166386K->40114K(175104K)] 316988K->229226K(699392K), 0.0062915 secs] [Times: user=0.08 sys=0.00, real=0.01 secs] 
2016-09-25T23:25:08.353-0400: 9.091: [GC (GCLocker Initiated GC) [PSYoungGen: 128178K->76722K(175104K)] 328271K->286837K(699392K), 0.0074325 secs] [Times: user=0.07 sys=0.00, real=0.01 secs] 
2016-09-25T23:25:08.407-0400: 9.145: [GC (GCLocker Initiated GC) [PSYoungGen: 164786K->49703K(175104K)] 398071K->311876K(699392K), 0.0125753 secs] [Times: user=0.16 sys=0.00, real=0.01 secs] 
2016-09-25T23:25:08.460-0400: 9.198: [GC (GCLocker Initiated GC) [PSYoungGen: 137767K->68470K(175104K)] 402764K->359737K(699392K), 0.0077920 secs] [Times: user=0.10 sys=0.00, real=0.01 secs] 
2016-09-25T23:25:08.495-0400: 9.233: [GC (GCLocker Initiated GC) [PSYoungGen: 156534K->84836K(175104K)] 447915K->396945K(699392K), 0.0084192 secs] [Times: user=0.11 sys=0.01, real=0.01 secs] 
2016-09-25T23:25:08.546-0400: 9.284: [GC (GCLocker Initiated GC) [PSYoungGen: 172900K->57634K(175104K)] 499980K->421828K(699392K), 0.0079089 secs] [Times: user=0.10 sys=0.01, real=0.01 secs] 
2016-09-25T23:25:08.583-0400: 9.321: [GC (GCLocker Initiated GC) [PSYoungGen: 145698K->61652K(175104K)] 510030K->458954K(699392K), 0.0077352 secs] [Times: user=0.11 sys=0.01, real=0.00 secs] 
2016-09-25T23:25:08.628-0400: 9.366: [GC (GCLocker Initiated GC) [PSYoungGen: 149716K->65844K(175104K)] 552655K->501713K(699392K), 0.0079752 secs] [Times: user=0.13 sys=0.00, real=0.01 secs] 
2016-09-25T23:25:08.673-0400: 9.411: [GC (GCLocker Initiated GC) [PSYoungGen: 153908K->51154K(175104K)] 596023K->512792K(699392K), 0.0062299 secs] [Times: user=0.09 sys=0.00, real=0.01 secs] 
2016-09-25T23:25:08.706-0400: 9.444: [GC (GCLocker Initiated GC) [PSYoungGen: 139218K->69798K(175104K)] 604490K->551970K(699392K), 0.0084975 secs] [Times: user=0.09 sys=0.00, real=0.01 secs] 
2016-09-25T23:25:08.715-0400: 9.453: [Full GC (Ergonomics) [PSYoungGen: 69798K->0K(175104K)] [ParOldGen: 482172K->88200K(524288K)] 551970K->88200K(699392K), [Metaspace: 43367K->43367K(1085440K)], 0.0503503 secs] [Times: user=0.43 sys=0.01, real=0.05 secs] 
2016-09-25T23:25:08.795-0400: 9.533: [GC (GCLocker Initiated GC) [PSYoungGen: 88064K->70040K(175104K)] 179237K->161213K(699392K), 0.0069318 secs] [Times: user=0.09 sys=0.00, real=0.01 secs] 
2016-09-25T23:25:08.833-0400: 9.571: [GC (GCLocker Initiated GC) [PSYoungGen: 158104K->61876K(175104K)] 249470K->179650K(699392K), 0.0074478 secs] [Times: user=0.11 sys=0.00, real=0.01 secs] 
2016-09-25T23:25:08.877-0400: 9.615: [GC (GCLocker Initiated GC) [PSYoungGen: 149940K->52298K(175104K)] 270603K->199253K(699392K), 0.0063296 secs] [Times: user=0.07 sys=0.00, real=0.01 secs] 
2016-09-25T23:25:08.941-0400: 9.679: [GC (GCLocker Initiated GC) [PSYoungGen: 140362K->79596K(175104K)] 290054K->254171K(699392K), 0.0083221 secs] [Times: user=0.11 sys=0.00, real=0.01 secs] 
2016-09-25T23:25:08.992-0400: 9.730: [GC (GCLocker Initiated GC) [PSYoungGen: 167660K->40180K(175104K)] 342302K->252074K(699392K), 0.0067014 secs] [Times: user=0.08 sys=0.00, real=0.01 secs] 
2016-09-25T23:25:09.020-0400: 9.758: [GC (GCLocker Initiated GC) [PSYoungGen: 128244K->77948K(175104K)] 340339K->312262K(699392K), 0.0072310 secs] [Times: user=0.10 sys=0.00, real=0.01 secs] 
2016-09-25T23:25:09.071-0400: 9.809: [GC (GCLocker Initiated GC) [PSYoungGen: 166012K->64494K(175104K)] 411350K->331941K(699392K), 0.0071214 secs] [Times: user=0.09 sys=0.01, real=0.01 secs] 
2016-09-25T23:25:09.109-0400: 9.847: [GC (GCLocker Initiated GC) [PSYoungGen: 152558K->68420K(175104K)] 420039K->359512K(699392K), 0.0072530 secs] [Times: user=0.11 sys=0.00, real=0.01 secs] 
2016-09-25T23:25:09.148-0400: 9.886: [GC (GCLocker Initiated GC) [PSYoungGen: 156484K->56504K(175104K)] 450296K->384542K(699392K), 0.0077769 secs] [Times: user=0.08 sys=0.00, real=0.01 secs] 
2016-09-25T23:25:09.188-0400: 9.926: [GC (GCLocker Initiated GC) [PSYoungGen: 144568K->78045K(175104K)] 472756K->429873K(699392K), 0.0084532 secs] [Times: user=0.12 sys=0.00, real=0.01 secs] 
2016-09-25T23:25:09.229-0400: 9.967: [GC (GCLocker Initiated GC) [PSYoungGen: 166109K->63304K(175104K)] 520808K->460496K(699392K), 0.0073513 secs] [Times: user=0.10 sys=0.00, real=0.01 secs] 
2016-09-25T23:25:09.271-0400: 10.009: [GC (GCLocker Initiated GC) [PSYoungGen: 151368K->68609K(175104K)] 554051K->501756K(699392K), 0.0083323 secs] [Times: user=0.12 sys=0.00, real=0.01 secs] 
2016-09-25T23:25:09.310-0400: 10.048: [GC (GCLocker Initiated GC) [PSYoungGen: 156673K->67386K(175104K)] 595423K->540555K(699392K), 0.0078964 secs] [Times: user=0.11 sys=0.00, real=0.01 secs] 
2016-09-25T23:25:09.351-0400: 10.089: [GC (GCLocker Initiated GC) [PSYoungGen: 155450K->61780K(150016K)] 628821K->561542K(674304K), 0.0080538 secs] [Times: user=0.07 sys=0.03, real=0.01 secs] 
2016-09-25T23:25:09.359-0400: 10.097: [Full GC (Ergonomics) [PSYoungGen: 61780K->0K(150016K)] [ParOldGen: 499761K->87358K(524288K)] 561542K->87358K(674304K), [Metaspace: 43374K->43374K(1085440K)], 0.0530275 secs] [Times: user=0.48 sys=0.00, real=0.05 secs] 
2016-09-25T23:25:09.446-0400: 10.184: [GC (GCLocker Initiated GC) [PSYoungGen: 88064K->63354K(176128K)] 181000K->156290K(700416K), 0.0053946 secs] [Times: user=0.08 sys=0.00, real=0.00 secs] 
2016-09-25T23:25:09.482-0400: 10.220: [GC (GCLocker Initiated GC) [PSYoungGen: 153466K->76772K(174080K)] 251876K->211048K(698368K), 0.0082626 secs] [Times: user=0.12 sys=0.00, real=0.01 secs] 
2016-09-25T23:25:09.529-0400: 10.267: [GC (GCLocker Initiated GC) [PSYoungGen: 166884K->49662K(174592K)] 303950K->222568K(698880K), 0.0071487 secs] [Times: user=0.11 sys=0.00, real=0.01 secs] 
2016-09-25T23:25:09.562-0400: 10.300: [GC (GCLocker Initiated GC) [PSYoungGen: 137726K->65858K(154112K)] 313525K->263839K(678400K), 0.0080538 secs] [Times: user=0.07 sys=0.00, real=0.01 secs] 
2016-09-25T23:25:09.606-0400: 10.344: [GC (GCLocker Initiated GC) [PSYoungGen: 153922K->64416K(176128K)] 352533K->297491K(700416K), 0.0070544 secs] [Times: user=0.10 sys=0.00, real=0.00 secs] 
2016-09-25T23:25:09.640-0400: 10.378: [GC (GCLocker Initiated GC) [PSYoungGen: 155040K->70054K(174080K)] 394231K->332745K(698368K), 0.0079908 secs] [Times: user=0.11 sys=0.00, real=0.01 secs] 
2016-09-25T23:25:09.687-0400: 10.425: [GC (GCLocker Initiated GC) [PSYoungGen: 160678K->57684K(177664K)] 426219K->349623K(701952K), 0.0071181 secs] [Times: user=0.09 sys=0.00, real=0.00 secs] 
2016-09-25T23:25:09.721-0400: 10.459: [GC (GCLocker Initiated GC) [PSYoungGen: 151892K->70036K(177152K)] 446125K->382371K(701440K), 0.0076938 secs] [Times: user=0.08 sys=0.00, real=0.01 secs] 
2016-09-25T23:25:09.764-0400: 10.502: [GC (GCLocker Initiated GC) [PSYoungGen: 164244K->57634K(178688K)] 482228K->423618K(702976K), 0.0074956 secs] [Times: user=0.11 sys=0.00, real=0.00 secs] 
2016-09-25T23:25:09.815-0400: 10.553: [GC (GCLocker Initiated GC) [PSYoungGen: 153378K->68667K(178688K)] 539691K->472997K(702976K), 0.0073954 secs] [Times: user=0.11 sys=0.00, real=0.01 secs] 
2016-09-25T23:25:09.862-0400: 10.600: [GC (GCLocker Initiated GC) [PSYoungGen: 164411K->77962K(173568K)] 578343K->504707K(697856K), 0.0070715 secs] [Times: user=0.10 sys=0.00, real=0.01 secs] 
2016-09-25T23:25:09.903-0400: 10.641: [GC (GCLocker Initiated GC) [PSYoungGen: 169098K->83220K(174592K)] 601378K->532248K(698880K), 0.0073944 secs] [Times: user=0.10 sys=0.01, real=0.00 secs] 
2016-09-25T23:25:09.940-0400: 10.678: [GC (GCLocker Initiated GC) [PSYoungGen: 174356K->64572K(175104K)] 628830K->550530K(699392K), 0.0074066 secs] [Times: user=0.11 sys=0.00, real=0.01 secs] 
2016-09-25T23:25:09.947-0400: 10.685: [Full GC (Ergonomics) [PSYoungGen: 64572K->0K(175104K)] [ParOldGen: 485957K->103902K(524288K)] 550530K->103902K(699392K), [Metaspace: 43385K->43385K(1085440K)], 0.0446984 secs] [Times: user=0.35 sys=0.00, real=0.04 secs] 
2016-09-25T23:25:10.025-0400: 10.763: [GC (GCLocker Initiated GC) [PSYoungGen: 88064K->80840K(175104K)] 192076K->184852K(699392K), 0.0079039 secs] [Times: user=0.11 sys=0.00, real=0.00 secs] 
2016-09-25T23:25:10.064-0400: 10.802: [GC (GCLocker Initiated GC) [PSYoungGen: 168904K->73976K(175104K)] 273124K->212716K(699392K), 0.0077220 secs] [Times: user=0.10 sys=0.01, real=0.00 secs] 
2016-09-25T23:25:10.106-0400: 10.844: [GC (GCLocker Initiated GC) [PSYoungGen: 162040K->55282K(175104K)] 313065K->233899K(699392K), 0.0068061 secs] [Times: user=0.08 sys=0.00, real=0.00 secs] 
2016-09-25T23:25:10.147-0400: 10.885: [GC (GCLocker Initiated GC) [PSYoungGen: 143346K->67258K(175104K)] 323565K->260406K(699392K), 0.0067051 secs] [Times: user=0.09 sys=0.00, real=0.00 secs] 
2016-09-25T23:25:10.187-0400: 10.925: [GC (GCLocker Initiated GC) [PSYoungGen: 155322K->78040K(175104K)] 355363K->292253K(699392K), 0.0073176 secs] [Times: user=0.11 sys=0.00, real=0.01 secs] 
2016-09-25T23:25:10.233-0400: 10.971: [GC (GCLocker Initiated GC) [PSYoungGen: 166104K->54934K(175104K)] 391552K->317458K(699392K), 0.0068963 secs] [Times: user=0.09 sys=0.00, real=0.01 secs] 
2016-09-25T23:25:10.263-0400: 11.001: [GC (GCLocker Initiated GC) [PSYoungGen: 142998K->86094K(175104K)] 405672K->370859K(699392K), 0.0080348 secs] [Times: user=0.11 sys=0.00, real=0.00 secs] 
2016-09-25T23:25:10.310-0400: 11.048: [GC (GCLocker Initiated GC) [PSYoungGen: 174158K->67084K(175104K)] 461715K->391635K(699392K), 0.0078434 secs] [Times: user=0.11 sys=0.00, real=0.01 secs] 
2016-09-25T23:25:10.346-0400: 11.084: [GC (GCLocker Initiated GC) [PSYoungGen: 155148K->86094K(175104K)] 482594K->428881K(699392K), 0.0077989 secs] [Times: user=0.09 sys=0.01, real=0.01 secs] 
2016-09-25T23:25:10.391-0400: 11.129: [GC (GCLocker Initiated GC) [PSYoungGen: 174158K->53680K(175104K)] 517149K->425581K(699392K), 0.0067985 secs] [Times: user=0.08 sys=0.01, real=0.01 secs] 
2016-09-25T23:25:10.419-0400: 11.157: [GC (GCLocker Initiated GC) [PSYoungGen: 141744K->65940K(175104K)] 521941K->477794K(699392K), 0.0076214 secs] [Times: user=0.10 sys=0.00, real=0.01 secs] 
2016-09-25T23:25:10.465-0400: 11.203: [GC (GCLocker Initiated GC) [PSYoungGen: 154004K->44275K(175104K)] 571294K->502726K(699392K), 0.0067324 secs] [Times: user=0.09 sys=0.00, real=0.00 secs] 
2016-09-25T23:25:10.496-0400: 11.234: [GC (GCLocker Initiated GC) [PSYoungGen: 132339K->65894K(175104K)] 596330K->564278K(699392K), 0.0080722 secs] [Times: user=0.09 sys=0.00, real=0.01 secs] 
2016-09-25T23:25:10.504-0400: 11.242: [Full GC (Ergonomics) [PSYoungGen: 65894K->0K(175104K)] [ParOldGen: 498384K->110864K(524288K)] 564278K->110864K(699392K), [Metaspace: 43406K->43406K(1085440K)], 0.0479156 secs] [Times: user=0.40 sys=0.00, real=0.04 secs] 
2016-09-25T23:25:10.592-0400: 11.330: [GC (GCLocker Initiated GC) [PSYoungGen: 88064K->80886K(175104K)] 202348K->195171K(699392K), 0.0088209 secs] [Times: user=0.07 sys=0.00, real=0.01 secs] 
2016-09-25T23:25:10.631-0400: 11.369: [GC (GCLocker Initiated GC) [PSYoungGen: 168950K->79330K(175104K)] 283291K->220177K(699392K), 0.0083050 secs] [Times: user=0.09 sys=0.01, real=0.01 secs] 
2016-09-25T23:25:10.679-0400: 11.417: [GC (GCLocker Initiated GC) [PSYoungGen: 167394K->71276K(175104K)] 313904K->249482K(699392K), 0.0097682 secs] [Times: user=0.12 sys=0.00, real=0.01 secs] 
2016-09-25T23:25:10.720-0400: 11.458: [GC (GCLocker Initiated GC) [PSYoungGen: 159340K->82140K(175104K)] 337652K->279964K(699392K), 0.0079680 secs] [Times: user=0.12 sys=0.00, real=0.01 secs] 
2016-09-25T23:25:10.761-0400: 11.499: [GC (GCLocker Initiated GC) [PSYoungGen: 170204K->64416K(175104K)] 370860K->306276K(699392K), 0.0073854 secs] [Times: user=0.10 sys=0.00, real=0.01 secs] 
2016-09-25T23:25:10.793-0400: 11.531: [GC (GCLocker Initiated GC) [PSYoungGen: 152480K->83586K(175104K)] 394507K->370761K(699392K), 0.0090003 secs] [Times: user=0.13 sys=0.00, real=0.01 secs] 
2016-09-25T23:25:10.836-0400: 11.574: [GC (GCLocker Initiated GC) [PSYoungGen: 171650K->57808K(175104K)] 464336K->391758K(699392K), 0.0072888 secs] [Times: user=0.10 sys=0.01, real=0.01 secs] 
2016-09-25T23:25:10.873-0400: 11.611: [GC (GCLocker Initiated GC) [PSYoungGen: 145872K->75422K(175104K)] 482718K->442620K(699392K), 0.0081041 secs] [Times: user=0.12 sys=0.00, real=0.01 secs] 
2016-09-25T23:25:10.917-0400: 11.655: [GC (GCLocker Initiated GC) [PSYoungGen: 163486K->59126K(175104K)] 538968K->462364K(699392K), 0.0091327 secs] [Times: user=0.07 sys=0.05, real=0.01 secs] 
2016-09-25T23:25:10.957-0400: 11.695: [GC (GCLocker Initiated GC) [PSYoungGen: 147190K->63162K(175104K)] 550469K->487323K(699392K), 0.0074340 secs] [Times: user=0.11 sys=0.00, real=0.01 secs] 
2016-09-25T23:25:10.991-0400: 11.729: [GC (GCLocker Initiated GC) [PSYoungGen: 151226K->76754K(175104K)] 580877K->532661K(699392K), 0.0076425 secs] [Times: user=0.09 sys=0.00, real=0.01 secs] 
2016-09-25T23:25:11.039-0400: 11.777: [GC (GCLocker Initiated GC) [PSYoungGen: 164818K->42816K(175104K)] 626188K->538734K(699392K), 0.0080349 secs] [Times: user=0.10 sys=0.00, real=0.01 secs] 
2016-09-25T23:25:11.047-0400: 11.785: [Full GC (Ergonomics) [PSYoungGen: 42816K->0K(175104K)] [ParOldGen: 495917K->101130K(524288K)] 538734K->101130K(699392K), [Metaspace: 43406K->43406K(1085440K)], 0.0448920 secs] [Times: user=0.36 sys=0.01, real=0.04 secs] 
2016-09-25T23:25:11.119-0400: 11.857: [GC (GCLocker Initiated GC) [PSYoungGen: 88064K->79650K(175104K)] 189340K->180926K(699392K), 0.0063156 secs] [Times: user=0.08 sys=0.00, real=0.01 secs] 
2016-09-25T23:25:11.166-0400: 11.904: [GC (GCLocker Initiated GC) [PSYoungGen: 167714K->52563K(175104K)] 278607K->183106K(699392K), 0.0061375 secs] [Times: user=0.08 sys=0.01, real=0.00 secs] 
2016-09-25T23:25:11.203-0400: 11.941: [GC (GCLocker Initiated GC) [PSYoungGen: 140627K->63286K(175104K)] 274203K->227370K(699392K), 0.0070155 secs] [Times: user=0.10 sys=0.00, real=0.00 secs] 
2016-09-25T23:25:11.242-0400: 11.980: [GC (GCLocker Initiated GC) [PSYoungGen: 151350K->57808K(175104K)] 322307K->261821K(699392K), 0.0080848 secs] [Times: user=0.10 sys=0.01, real=0.00 secs] 
2016-09-25T23:25:11.283-0400: 12.021: [GC (GCLocker Initiated GC) [PSYoungGen: 145872K->67226K(175104K)] 354012K->304349K(699392K), 0.0079347 secs] [Times: user=0.10 sys=0.00, real=0.00 secs] 
2016-09-25T23:25:11.321-0400: 12.059: [GC (GCLocker Initiated GC) [PSYoungGen: 155290K->61844K(175104K)] 398163K->339115K(699392K), 0.0080754 secs] [Times: user=0.10 sys=0.01, real=0.01 secs] 
2016-09-25T23:25:11.362-0400: 12.100: [GC (GCLocker Initiated GC) [PSYoungGen: 149908K->61702K(175104K)] 430443K->372603K(699392K), 0.0071636 secs] [Times: user=0.09 sys=0.00, real=0.01 secs] 
2016-09-25T23:25:11.395-0400: 12.133: [GC (GCLocker Initiated GC) [PSYoungGen: 149766K->74040K(175104K)] 466322K->416774K(699392K), 0.0092907 secs] [Times: user=0.15 sys=0.00, real=0.01 secs] 
2016-09-25T23:25:11.444-0400: 12.182: [GC (GCLocker Initiated GC) [PSYoungGen: 162104K->52156K(175104K)] 511683K->422657K(699392K), 0.0058911 secs] [Times: user=0.07 sys=0.00, real=0.00 secs] 
2016-09-25T23:25:11.481-0400: 12.219: [GC (GCLocker Initiated GC) [PSYoungGen: 140220K->74039K(175104K)] 516249K->473511K(699392K), 0.0090358 secs] [Times: user=0.13 sys=0.00, real=0.01 secs] 
2016-09-25T23:25:11.532-0400: 12.271: [GC (GCLocker Initiated GC) [PSYoungGen: 162103K->60443K(175104K)] 569827K->493171K(699392K), 0.0066822 secs] [Times: user=0.09 sys=0.00, real=0.01 secs] 
2016-09-25T23:25:11.570-0400: 12.308: [GC (GCLocker Initiated GC) [PSYoungGen: 148507K->84826K(175104K)] 581415K->539921K(699392K), 0.0082343 secs] [Times: user=0.12 sys=0.01, real=0.01 secs] 
2016-09-25T23:25:11.611-0400: 12.349: [GC (GCLocker Initiated GC) [PSYoungGen: 172890K->77961K(175104K)] 636255K->575666K(699392K), 0.0089317 secs] [Times: user=0.13 sys=0.00, real=0.01 secs] 
2016-09-25T23:25:11.620-0400: 12.358: [Full GC (Ergonomics) [PSYoungGen: 77961K->0K(175104K)] [ParOldGen: 497704K->116290K(524288K)] 575666K->116290K(699392K), [Metaspace: 43411K->43411K(1085440K)], 0.0497456 secs] [Times: user=0.43 sys=0.01, real=0.05 secs] 
2016-09-25T23:25:11.702-0400: 12.440: [GC (GCLocker Initiated GC) [PSYoungGen: 88064K->72708K(175104K)] 204408K->189052K(699392K), 0.0069440 secs] [Times: user=0.08 sys=0.00, real=0.00 secs] 
2016-09-25T23:25:11.739-0400: 12.477: [GC (GCLocker Initiated GC) [PSYoungGen: 160772K->61935K(175104K)] 282581K->219598K(699392K), 0.0070265 secs] [Times: user=0.10 sys=0.01, real=0.01 secs] 
2016-09-25T23:25:11.779-0400: 12.517: [GC (GCLocker Initiated GC) [PSYoungGen: 149999K->76721K(175104K)] 317275K->256836K(699392K), 0.0077076 secs] [Times: user=0.11 sys=0.00, real=0.01 secs] 
2016-09-25T23:25:11.822-0400: 12.560: [GC (GCLocker Initiated GC) [PSYoungGen: 164785K->71101K(175104K)] 347704K->280307K(699392K), 0.0091313 secs] [Times: user=0.08 sys=0.01, real=0.01 secs] 
2016-09-25T23:25:11.861-0400: 12.599: [GC (GCLocker Initiated GC) [PSYoungGen: 159165K->61811K(175104K)] 371406K->315046K(699392K), 0.0078221 secs] [Times: user=0.08 sys=0.00, real=0.01 secs] 
2016-09-25T23:25:11.899-0400: 12.637: [GC (GCLocker Initiated GC) [PSYoungGen: 149875K->53570K(175104K)] 403211K->347983K(699392K), 0.0084877 secs] [Times: user=0.08 sys=0.00, real=0.01 secs] 
2016-09-25T23:25:11.941-0400: 12.679: [GC (GCLocker Initiated GC) [PSYoungGen: 141634K->60567K(175104K)] 439528K->394062K(699392K), 0.0070010 secs] [Times: user=0.09 sys=0.00, real=0.01 secs] 
2016-09-25T23:25:11.977-0400: 12.715: [GC (GCLocker Initiated GC) [PSYoungGen: 148631K->79316K(175104K)] 483548K->435262K(699392K), 0.0070610 secs] [Times: user=0.10 sys=0.00, real=0.01 secs] 
2016-09-25T23:25:12.017-0400: 12.755: [GC (GCLocker Initiated GC) [PSYoungGen: 167380K->78071K(175104K)] 526151K->464346K(699392K), 0.0082611 secs] [Times: user=0.12 sys=0.01, real=0.01 secs] 
2016-09-25T23:25:12.066-0400: 12.804: [GC (GCLocker Initiated GC) [PSYoungGen: 166135K->72516K(175104K)] 559254K->493295K(699392K), 0.0076996 secs] [Times: user=0.11 sys=0.00, real=0.01 secs] 
2016-09-25T23:25:12.100-0400: 12.838: [GC (GCLocker Initiated GC) [PSYoungGen: 160580K->69861K(175104K)] 585641K->535941K(699392K), 0.0081030 secs] [Times: user=0.12 sys=0.00, real=0.01 secs] 
2016-09-25T23:25:12.143-0400: 12.881: [Full GC (Ergonomics) [PSYoungGen: 157925K->0K(175104K)] [ParOldGen: 474503K->109414K(524288K)] 632429K->109414K(699392K), [Metaspace: 43413K->43413K(1085440K)], 0.0486803 secs] [Times: user=0.37 sys=0.01, real=0.04 secs] 
2016-09-25T23:25:12.225-0400: 12.963: [GC (GCLocker Initiated GC) [PSYoungGen: 88064K->66131K(175104K)] 205864K->183932K(699392K), 0.0058309 secs] [Times: user=0.07 sys=0.01, real=0.00 secs] 
2016-09-25T23:25:12.260-0400: 12.998: [GC (GCLocker Initiated GC) [PSYoungGen: 154195K->67115K(175104K)] 272059K->206093K(699392K), 0.0068370 secs] [Times: user=0.10 sys=0.00, real=0.01 secs] 
2016-09-25T23:25:12.298-0400: 13.036: [GC (GCLocker Initiated GC) [PSYoungGen: 155179K->75216K(175104K)] 294272K->244521K(699392K), 0.0086332 secs] [Times: user=0.07 sys=0.00, real=0.01 secs] 
2016-09-25T23:25:12.344-0400: 13.083: [GC (GCLocker Initiated GC) [PSYoungGen: 163280K->67321K(155648K)] 339442K->269663K(679936K), 0.0077665 secs] [Times: user=0.12 sys=0.00, real=0.00 secs] 
2016-09-25T23:25:12.386-0400: 13.124: [GC (GCLocker Initiated GC) [PSYoungGen: 155385K->71307K(175616K)] 361954K->317746K(699904K), 0.0082527 secs] [Times: user=0.12 sys=0.00, real=0.01 secs] 
2016-09-25T23:25:12.420-0400: 13.158: [GC (GCLocker Initiated GC) [PSYoungGen: 160395K->71243K(174592K)] 406907K->344049K(698880K), 0.0082424 secs] [Times: user=0.11 sys=0.00, real=0.01 secs] 
2016-09-25T23:25:12.466-0400: 13.205: [GC (GCLocker Initiated GC) [PSYoungGen: 160331K->53629K(174080K)] 441331K->367636K(698368K), 0.0062085 secs] [Times: user=0.08 sys=0.00, real=0.00 secs] 
2016-09-25T23:25:12.507-0400: 13.245: [GC (GCLocker Initiated GC) [PSYoungGen: 142717K->74025K(175104K)] 459501K->411663K(699392K), 0.0078429 secs] [Times: user=0.11 sys=0.01, real=0.01 secs] 
2016-09-25T23:25:12.548-0400: 13.286: [GC (GCLocker Initiated GC) [PSYoungGen: 163113K->86231K(174592K)] 500878K->444875K(698880K), 0.0123149 secs] [Times: user=0.16 sys=0.02, real=0.01 secs] 
2016-09-25T23:25:12.594-0400: 13.332: [GC (GCLocker Initiated GC) [PSYoungGen: 174295K->71326K(175104K)] 538548K->461886K(699392K), 0.0075107 secs] [Times: user=0.11 sys=0.01, real=0.00 secs] 
2016-09-25T23:25:12.633-0400: 13.372: [GC (GCLocker Initiated GC) [PSYoungGen: 159390K->59189K(175104K)] 550074K->485584K(699392K), 0.0069505 secs] [Times: user=0.09 sys=0.01, real=0.01 secs] 
2016-09-25T23:25:12.681-0400: 13.419: [GC (GCLocker Initiated GC) [PSYoungGen: 147253K->71417K(175104K)] 584671K->528431K(699392K), 0.0069555 secs] [Times: user=0.11 sys=0.00, real=0.01 secs] 
2016-09-25T23:25:12.727-0400: 13.465: [GC (GCLocker Initiated GC) [PSYoungGen: 159481K->67147K(175104K)] 619434K->560202K(699392K), 0.0081812 secs] [Times: user=0.10 sys=0.00, real=0.01 secs] 
2016-09-25T23:25:12.736-0400: 13.474: [Full GC (Ergonomics) [PSYoungGen: 67147K->0K(175104K)] [ParOldGen: 493054K->108115K(524288K)] 560202K->108115K(699392K), [Metaspace: 43419K->43419K(1085440K)], 0.0472504 secs] [Times: user=0.38 sys=0.00, real=0.05 secs] 
2016-09-25T23:25:12.816-0400: 13.554: [GC (GCLocker Initiated GC) [PSYoungGen: 88064K->82364K(175104K)] 208103K->202403K(699392K), 0.0077103 secs] [Times: user=0.11 sys=0.00, real=0.01 secs] 
2016-09-25T23:25:12.863-0400: 13.601: [GC (GCLocker Initiated GC) [PSYoungGen: 170428K->64493K(175104K)] 301513K->215311K(699392K), 0.0071944 secs] [Times: user=0.09 sys=0.00, real=0.00 secs] 
2016-09-25T23:25:12.901-0400: 13.640: [GC (GCLocker Initiated GC) [PSYoungGen: 152557K->79234K(175104K)] 303502K->244214K(699392K), 0.0078293 secs] [Times: user=0.12 sys=0.00, real=0.01 secs] 
2016-09-25T23:25:12.941-0400: 13.679: [GC (GCLocker Initiated GC) [PSYoungGen: 167298K->63080K(175104K)] 337786K->274542K(699392K), 0.0083800 secs] [Times: user=0.13 sys=0.00, real=0.01 secs] 
2016-09-25T23:25:12.990-0400: 13.728: [GC (GCLocker Initiated GC) [PSYoungGen: 151144K->76676K(175104K)] 362707K->309016K(699392K), 0.0079799 secs] [Times: user=0.12 sys=0.00, real=0.01 secs] 
2016-09-25T23:25:13.022-0400: 13.760: [GC (GCLocker Initiated GC) [PSYoungGen: 164740K->67243K(175104K)] 398472K->327241K(699392K), 0.0068701 secs] [Times: user=0.09 sys=0.01, real=0.01 secs] 
2016-09-25T23:25:13.064-0400: 13.802: [GC (GCLocker Initiated GC) [PSYoungGen: 155307K->61729K(175104K)] 418264K->342885K(699392K), 0.0106912 secs] [Times: user=0.14 sys=0.00, real=0.01 secs] 
2016-09-25T23:25:13.100-0400: 13.838: [GC (GCLocker Initiated GC) [PSYoungGen: 149793K->65783K(175104K)] 431157K->382854K(699392K), 0.0070812 secs] [Times: user=0.10 sys=0.00, real=0.01 secs] 
2016-09-25T23:25:13.145-0400: 13.883: [GC (GCLocker Initiated GC) [PSYoungGen: 153847K->55089K(175104K)] 477720K->403777K(699392K), 0.0069611 secs] [Times: user=0.09 sys=0.00, real=0.00 secs] 
2016-09-25T23:25:13.173-0400: 13.912: [GC (GCLocker Initiated GC) [PSYoungGen: 143153K->64575K(174080K)] 491928K->439674K(698368K), 0.0092130 secs] [Times: user=0.09 sys=0.00, real=0.02 secs] 
2016-09-25T23:25:13.224-0400: 13.963: [GC (GCLocker Initiated GC) [PSYoungGen: 152639K->71147K(174592K)] 529241K->475379K(698880K), 0.0094625 secs] [Times: user=0.11 sys=0.00, real=0.00 secs] 
2016-09-25T23:25:13.260-0400: 13.998: [GC (GCLocker Initiated GC) [PSYoungGen: 159211K->72707K(175616K)] 563642K->508748K(699904K), 0.0078628 secs] [Times: user=0.10 sys=0.00, real=0.01 secs] 
2016-09-25T23:25:13.303-0400: 14.041: [GC (GCLocker Initiated GC) [PSYoungGen: 162307K->63143K(153088K)] 598474K->532367K(677376K), 0.0076564 secs] [Times: user=0.11 sys=0.00, real=0.00 secs] 
2016-09-25T23:25:13.346-0400: 14.084: [GC (GCLocker Initiated GC) [PSYoungGen: 152743K->66035K(176128K)] 630210K->565706K(700416K), 0.0069082 secs] [Times: user=0.09 sys=0.00, real=0.00 secs] 
2016-09-25T23:25:13.353-0400: 14.092: [Full GC (Ergonomics) [PSYoungGen: 66035K->0K(176128K)] [ParOldGen: 499670K->120720K(524288K)] 565706K->120720K(700416K), [Metaspace: 43424K->43424K(1085440K)], 0.0603787 secs] [Times: user=0.46 sys=0.00, real=0.06 secs] 
2016-09-25T23:25:13.459-0400: 14.198: [GC (GCLocker Initiated GC) [PSYoungGen: 91136K->67559K(175104K)] 216586K->193010K(699392K), 0.0109957 secs] [Times: user=0.08 sys=0.00, real=0.01 secs] 
2016-09-25T23:25:13.502-0400: 14.240: [GC (GCLocker Initiated GC) [PSYoungGen: 158695K->61907K(176128K)] 284311K->225032K(700416K), 0.0124567 secs] [Times: user=0.14 sys=0.00, real=0.02 secs] 
2016-09-25T23:25:13.562-0400: 14.300: [GC (GCLocker Initiated GC) [PSYoungGen: 155603K->64571K(175616K)] 329622K->282351K(699904K), 0.0084584 secs] [Times: user=0.12 sys=0.00, real=0.01 secs] 
2016-09-25T23:25:13.617-0400: 14.355: [GC (GCLocker Initiated GC) [PSYoungGen: 158267K->56517K(178688K)] 393701K->299314K(702976K), 0.0086661 secs] [Times: user=0.09 sys=0.00, real=0.01 secs] 
2016-09-25T23:25:13.667-0400: 14.405: [GC (GCLocker Initiated GC) [PSYoungGen: 154309K->80629K(178688K)] 400045K->348599K(702976K), 0.0099235 secs] [Times: user=0.14 sys=0.00, real=0.01 secs] 
2016-09-25T23:25:13.717-0400: 14.455: [GC (GCLocker Initiated GC) [PSYoungGen: 178421K->63033K(177664K)] 446587K->369574K(701952K), 0.0086810 secs] [Times: user=0.10 sys=0.00, real=0.01 secs] 
2016-09-25T23:25:13.773-0400: 14.511: [GC (GCLocker Initiated GC) [PSYoungGen: 157241K->78231K(172544K)] 465169K->409634K(696832K), 0.0113034 secs] [Times: user=0.17 sys=0.00, real=0.02 secs] 
2016-09-25T23:25:13.824-0400: 14.562: [GC (GCLocker Initiated GC) [PSYoungGen: 172439K->70067K(176640K)] 513104K->438505K(700928K), 0.0097660 secs] [Times: user=0.10 sys=0.00, real=0.00 secs] 
2016-09-25T23:25:13.881-0400: 14.619: [GC (GCLocker Initiated GC) [PSYoungGen: 160179K->54778K(175616K)] 528640K->442876K(699904K), 0.0103930 secs] [Times: user=0.11 sys=0.00, real=0.01 secs] 
2016-09-25T23:25:13.920-0400: 14.658: [GC (GCLocker Initiated GC) [PSYoungGen: 144890K->85073K(174080K)] 533222K->496705K(698368K), 0.0120525 secs] [Times: user=0.14 sys=0.00, real=0.01 secs] 
2016-09-25T23:25:13.976-0400: 14.714: [GC (GCLocker Initiated GC) [PSYoungGen: 173137K->64195K(175104K)] 584883K->511865K(699392K), 0.0084587 secs] [Times: user=0.09 sys=0.00, real=0.01 secs] 
2016-09-25T23:25:14.021-0400: 14.759: [GC (GCLocker Initiated GC) [PSYoungGen: 152259K->80931K(175104K)] 602748K->557459K(699392K), 0.0078768 secs] [Times: user=0.12 sys=0.00, real=0.01 secs] 
2016-09-25T23:25:14.073-0400: 14.811: [Full GC (Ergonomics) [PSYoungGen: 168995K->0K(175104K)] [ParOldGen: 478515K->113147K(524288K)] 647511K->113147K(699392K), [Metaspace: 43428K->43428K(1085440K)], 0.0551577 secs] [Times: user=0.40 sys=0.00, real=0.06 secs] 
2016-09-25T23:25:14.158-0400: 14.896: [GC (GCLocker Initiated GC) [PSYoungGen: 88064K->85031K(175104K)] 208066K->205034K(699392K), 0.0067959 secs] [Times: user=0.08 sys=0.00, real=0.01 secs] 
2016-09-25T23:25:14.211-0400: 14.949: [GC (GCLocker Initiated GC) [PSYoungGen: 173095K->53725K(175104K)] 298600K->217913K(699392K), 0.0067059 secs] [Times: user=0.10 sys=0.00, real=0.01 secs] 
2016-09-25T23:25:14.258-0400: 14.996: [GC (GCLocker Initiated GC) [PSYoungGen: 141789K->73961K(175104K)] 306051K->269867K(699392K), 0.0100710 secs] [Times: user=0.18 sys=0.00, real=0.01 secs] 
2016-09-25T23:25:14.308-0400: 15.046: [GC (GCLocker Initiated GC) [PSYoungGen: 162025K->53789K(175104K)] 362029K->284106K(699392K), 0.0070988 secs] [Times: user=0.11 sys=0.00, real=0.01 secs] 
2016-09-25T23:25:14.340-0400: 15.079: [GC (GCLocker Initiated GC) [PSYoungGen: 141853K->76785K(175104K)] 377817K->325590K(699392K), 0.0110438 secs] [Times: user=0.12 sys=0.00, real=0.01 secs] 
2016-09-25T23:25:14.405-0400: 15.143: [GC (GCLocker Initiated GC) [PSYoungGen: 164849K->52297K(175104K)] 419333K->343964K(699392K), 0.0071963 secs] [Times: user=0.11 sys=0.00, real=0.00 secs] 
2016-09-25T23:25:14.440-0400: 15.178: [GC (GCLocker Initiated GC) [PSYoungGen: 140361K->86285K(175104K)] 432126K->401582K(699392K), 0.0084961 secs] [Times: user=0.13 sys=0.01, real=0.01 secs] 
2016-09-25T23:25:14.500-0400: 15.238: [GC (GCLocker Initiated GC) [PSYoungGen: 174349K->49597K(175104K)] 493910K->404949K(699392K), 0.0103209 secs] [Times: user=0.11 sys=0.00, real=0.01 secs] 
2016-09-25T23:25:14.546-0400: 15.284: [GC (GCLocker Initiated GC) [PSYoungGen: 137661K->78007K(175104K)] 493095K->451516K(699392K), 0.0122834 secs] [Times: user=0.12 sys=0.00, real=0.01 secs] 
2016-09-25T23:25:14.603-0400: 15.341: [GC (GCLocker Initiated GC) [PSYoungGen: 166071K->63051K(175104K)] 547766K->468390K(699392K), 0.0104975 secs] [Times: user=0.10 sys=0.01, real=0.00 secs] 
2016-09-25T23:25:14.646-0400: 15.384: [GC (GCLocker Initiated GC) [PSYoungGen: 151115K->78135K(175104K)] 568841K->516566K(699392K), 0.0097827 secs] [Times: user=0.13 sys=0.00, real=0.01 secs] 
2016-09-25T23:25:14.703-0400: 15.441: [GC (GCLocker Initiated GC) [PSYoungGen: 166199K->68607K(175104K)] 605493K->528852K(699392K), 0.0111710 secs] [Times: user=0.10 sys=0.00, real=0.01 secs] 
2016-09-25T23:25:14.750-0400: 15.488: [GC (GCLocker Initiated GC) [PSYoungGen: 156671K->71335K(175104K)] 626486K->560663K(699392K), 0.0089027 secs] [Times: user=0.12 sys=0.00, real=0.01 secs] 
2016-09-25T23:25:14.759-0400: 15.497: [Full GC (Ergonomics) [PSYoungGen: 71335K->0K(175104K)] [ParOldGen: 489328K->137542K(524288K)] 560663K->137542K(699392K), [Metaspace: 43433K->43433K(1085440K)], 0.0542968 secs] [Times: user=0.44 sys=0.01, real=0.05 secs] 
2016-09-25T23:25:14.864-0400: 15.602: [GC (GCLocker Initiated GC) [PSYoungGen: 88064K->76757K(175104K)] 233863K->222557K(699392K), 0.0065696 secs] [Times: user=0.09 sys=0.00, real=0.00 secs] 
2016-09-25T23:25:14.908-0400: 15.646: [GC (GCLocker Initiated GC) [PSYoungGen: 164821K->75311K(175104K)] 313516K->245006K(699392K), 0.0079294 secs] [Times: user=0.12 sys=0.00, real=0.01 secs] 
2016-09-25T23:25:14.952-0400: 15.690: [GC (GCLocker Initiated GC) [PSYoungGen: 163375K->73975K(175104K)] 333245K->270104K(699392K), 0.0075834 secs] [Times: user=0.11 sys=0.00, real=0.01 secs] 
2016-09-25T23:25:15.003-0400: 15.741: [GC (GCLocker Initiated GC) [PSYoungGen: 162039K->45689K(175104K)] 362324K->301939K(699392K), 0.0071029 secs] [Times: user=0.10 sys=0.01, real=0.00 secs] 
2016-09-25T23:25:15.047-0400: 15.785: [GC (GCLocker Initiated GC) [PSYoungGen: 133753K->72644K(175104K)] 390120K->354082K(699392K), 0.0075708 secs] [Times: user=0.09 sys=0.01, real=0.01 secs] 
2016-09-25T23:25:15.091-0400: 15.830: [GC (GCLocker Initiated GC) [PSYoungGen: 160708K->68686K(175104K)] 450320K->389957K(699392K), 0.0082215 secs] [Times: user=0.12 sys=0.00, real=0.01 secs] 
2016-09-25T23:25:15.145-0400: 15.884: [GC (GCLocker Initiated GC) [PSYoungGen: 156750K->67148K(175104K)] 486280K->417630K(699392K), 0.0093188 secs] [Times: user=0.13 sys=0.00, real=0.01 secs] 
2016-09-25T23:25:15.184-0400: 15.923: [GC (GCLocker Initiated GC) [PSYoungGen: 155212K->82263K(175104K)] 508472K->452290K(699392K), 0.0082577 secs] [Times: user=0.09 sys=0.00, real=0.00 secs] 
2016-09-25T23:25:15.243-0400: 15.981: [GC (GCLocker Initiated GC) [PSYoungGen: 170327K->50773K(175104K)] 543268K->455410K(699392K), 0.0073817 secs] [Times: user=0.10 sys=0.00, real=0.00 secs] 
2016-09-25T23:25:15.275-0400: 16.013: [GC (GCLocker Initiated GC) [PSYoungGen: 138837K->83444K(175104K)] 543559K->512933K(699392K), 0.0104642 secs] [Times: user=0.12 sys=0.00, real=0.01 secs] 
2016-09-25T23:25:15.330-0400: 16.068: [GC (GCLocker Initiated GC) [PSYoungGen: 171508K->67381K(175104K)] 615977K->531377K(699392K), 0.0090144 secs] [Times: user=0.12 sys=0.00, real=0.01 secs] 
2016-09-25T23:25:15.385-0400: 16.123: [GC (GCLocker Initiated GC) [PSYoungGen: 155445K->69848K(175104K)] 623638K->555012K(699392K), 0.0075182 secs] [Times: user=0.10 sys=0.00, real=0.00 secs] 
2016-09-25T23:25:15.393-0400: 16.131: [Full GC (Ergonomics) [PSYoungGen: 69848K->0K(175104K)] [ParOldGen: 485163K->127868K(524288K)] 555012K->127868K(699392K), [Metaspace: 43438K->43438K(1085440K)], 0.0565538 secs] [Times: user=0.43 sys=0.00, real=0.06 secs] 
2016-09-25T23:25:15.483-0400: 16.221: [GC (GCLocker Initiated GC) [PSYoungGen: 88064K->85000K(175104K)] 221594K->218530K(699392K), 0.0094366 secs] [Times: user=0.11 sys=0.00, real=0.00 secs] 
2016-09-25T23:25:15.537-0400: 16.275: [GC (GCLocker Initiated GC) [PSYoungGen: 173064K->69848K(175104K)] 309451K->238153K(699392K), 0.0076190 secs] [Times: user=0.11 sys=0.00, real=0.01 secs] 
2016-09-25T23:25:15.578-0400: 16.316: [GC (GCLocker Initiated GC) [PSYoungGen: 157912K->72767K(175104K)] 333182K->282342K(699392K), 0.0101400 secs] [Times: user=0.16 sys=0.00, real=0.01 secs] 
2016-09-25T23:25:15.636-0400: 16.374: [GC (GCLocker Initiated GC) [PSYoungGen: 160831K->44179K(175104K)] 374474K->303105K(699392K), 0.0101763 secs] [Times: user=0.15 sys=0.00, real=0.01 secs] 
2016-09-25T23:25:15.681-0400: 16.419: [GC (GCLocker Initiated GC) [PSYoungGen: 132243K->79312K(175104K)] 393951K->359137K(699392K), 0.0090499 secs] [Times: user=0.11 sys=0.00, real=0.01 secs] 
2016-09-25T23:25:15.724-0400: 16.462: [GC (GCLocker Initiated GC) [PSYoungGen: 167376K->61681K(175104K)] 452818K->376029K(699392K), 0.0085360 secs] [Times: user=0.09 sys=0.00, real=0.00 secs] 
2016-09-25T23:25:15.773-0400: 16.511: [GC (GCLocker Initiated GC) [PSYoungGen: 149745K->41447K(175104K)] 476305K->419897K(699392K), 0.0075616 secs] [Times: user=0.13 sys=0.00, real=0.02 secs] 
2016-09-25T23:25:15.821-0400: 16.559: [GC (GCLocker Initiated GC) [PSYoungGen: 129511K->54979K(175104K)] 521595K->467805K(699392K), 0.0086985 secs] [Times: user=0.10 sys=0.01, real=0.01 secs] 
2016-09-25T23:25:15.867-0400: 16.605: [GC (GCLocker Initiated GC) [PSYoungGen: 143043K->62983K(175104K)] 561388K->492691K(699392K), 0.0093321 secs] [Times: user=0.10 sys=0.00, real=0.01 secs] 
2016-09-25T23:25:15.917-0400: 16.655: [GC (GCLocker Initiated GC) [PSYoungGen: 151047K->74099K(175104K)] 597044K->546257K(699392K), 0.0100644 secs] [Times: user=0.14 sys=0.01, real=0.01 secs] 
2016-09-25T23:25:15.927-0400: 16.665: [Full GC (Ergonomics) [PSYoungGen: 74099K->0K(175104K)] [ParOldGen: 472158K->147390K(524288K)] 546257K->147390K(699392K), [Metaspace: 43440K->43440K(1085440K)], 0.0544593 secs] [Times: user=0.46 sys=0.00, real=0.05 secs] 
2016-09-25T23:25:16.024-0400: 16.762: [GC (GCLocker Initiated GC) [PSYoungGen: 88064K->64562K(175104K)] 238384K->214882K(699392K), 0.0080632 secs] [Times: user=0.08 sys=0.01, real=0.00 secs] 
2016-09-25T23:25:16.065-0400: 16.803: [GC (GCLocker Initiated GC) [PSYoungGen: 152626K->77802K(175104K)] 311211K->264059K(699392K), 0.0153792 secs] [Times: user=0.12 sys=0.00, real=0.01 secs] 
2016-09-25T23:25:16.125-0400: 16.863: [GC (GCLocker Initiated GC) [PSYoungGen: 165866K->60315K(175104K)] 357625K->265986K(699392K), 0.0108513 secs] [Times: user=0.09 sys=0.00, real=0.01 secs] 
2016-09-25T23:25:16.173-0400: 16.912: [GC (GCLocker Initiated GC) [PSYoungGen: 148379K->65619K(175104K)] 359636K->293566K(699392K), 0.0077492 secs] [Times: user=0.08 sys=0.00, real=0.01 secs] 
2016-09-25T23:25:16.226-0400: 16.964: [GC (GCLocker Initiated GC) [PSYoungGen: 153683K->59157K(175104K)] 384509K->324276K(699392K), 0.0072612 secs] [Times: user=0.10 sys=0.00, real=0.00 secs] 
2016-09-25T23:25:16.261-0400: 16.999: [GC (GCLocker Initiated GC) [PSYoungGen: 147221K->71372K(175104K)] 412422K->366910K(699392K), 0.0079048 secs] [Times: user=0.12 sys=0.00, real=0.01 secs] 
2016-09-25T23:25:16.304-0400: 17.042: [GC (GCLocker Initiated GC) [PSYoungGen: 159436K->59047K(175104K)] 455091K->394533K(699392K), 0.0076247 secs] [Times: user=0.12 sys=0.00, real=0.00 secs] 
2016-09-25T23:25:16.347-0400: 17.085: [GC (GCLocker Initiated GC) [PSYoungGen: 147111K->71404K(175104K)] 485342K->434527K(699392K), 0.0116265 secs] [Times: user=0.16 sys=0.00, real=0.01 secs] 
2016-09-25T23:25:16.398-0400: 17.136: [GC (GCLocker Initiated GC) [PSYoungGen: 159468K->71308K(175104K)] 525430K->456899K(699392K), 0.0111398 secs] [Times: user=0.09 sys=0.00, real=0.01 secs] 
2016-09-25T23:25:16.446-0400: 17.184: [GC (GCLocker Initiated GC) [PSYoungGen: 159372K->60526K(148992K)] 545054K->487456K(673280K), 0.0103643 secs] [Times: user=0.14 sys=0.01, real=0.01 secs] 
2016-09-25T23:25:16.490-0400: 17.228: [GC (GCLocker Initiated GC) [PSYoungGen: 148590K->70068K(174592K)] 578388K->524820K(698880K), 0.0114029 secs] [Times: user=0.08 sys=0.00, real=0.01 secs] 
2016-09-25T23:25:16.542-0400: 17.280: [GC (GCLocker Initiated GC) [PSYoungGen: 158644K->82204K(174080K)] 624273K->582337K(698368K), 0.0122459 secs] [Times: user=0.15 sys=0.00, real=0.01 secs] 
2016-09-25T23:25:16.555-0400: 17.293: [Full GC (Ergonomics) [PSYoungGen: 82204K->0K(174080K)] [ParOldGen: 500133K->143289K(524288K)] 582337K->143289K(698368K), [Metaspace: 43447K->43447K(1085440K)], 0.0533854 secs] [Times: user=0.34 sys=0.00, real=0.05 secs] 
2016-09-25T23:25:16.647-0400: 17.385: [GC (GCLocker Initiated GC) [PSYoungGen: 88576K->83714K(175104K)] 237432K->232570K(699392K), 0.0065046 secs] [Times: user=0.09 sys=0.00, real=0.00 secs] 
2016-09-25T23:25:16.693-0400: 17.431: [GC (GCLocker Initiated GC) [PSYoungGen: 171778K->59157K(175104K)] 336920K->257579K(699392K), 0.0097813 secs] [Times: user=0.11 sys=0.00, real=0.02 secs] 
2016-09-25T23:25:16.736-0400: 17.475: [GC (GCLocker Initiated GC) [PSYoungGen: 147221K->78044K(175104K)] 348471K->290758K(699392K), 0.0076310 secs] [Times: user=0.10 sys=0.00, real=0.01 secs] 
2016-09-25T23:25:16.779-0400: 17.517: [GC (GCLocker Initiated GC) [PSYoungGen: 166108K->72658K(175104K)] 382012K->312012K(699392K), 0.0081476 secs] [Times: user=0.11 sys=0.01, real=0.01 secs] 
2016-09-25T23:25:16.819-0400: 17.558: [GC (GCLocker Initiated GC) [PSYoungGen: 160722K->77902K(175104K)] 400279K->338401K(699392K), 0.0095512 secs] [Times: user=0.11 sys=0.00, real=0.01 secs] 
2016-09-25T23:25:16.866-0400: 17.604: [GC (GCLocker Initiated GC) [PSYoungGen: 165966K->60382K(175104K)] 429274K->351143K(699392K), 0.0076101 secs] [Times: user=0.08 sys=0.00, real=0.00 secs] 
2016-09-25T23:25:16.915-0400: 17.653: [GC (GCLocker Initiated GC) [PSYoungGen: 148446K->67116K(175104K)] 439412K->397798K(699392K), 0.0100698 secs] [Times: user=0.11 sys=0.00, real=0.01 secs] 
2016-09-25T23:25:16.960-0400: 17.698: [GC (GCLocker Initiated GC) [PSYoungGen: 155180K->64402K(175104K)] 486024K->436340K(699392K), 0.0087087 secs] [Times: user=0.12 sys=0.00, real=0.01 secs] 
2016-09-25T23:25:17.003-0400: 17.741: [GC (GCLocker Initiated GC) [PSYoungGen: 152466K->50902K(175104K)] 524543K->465361K(699392K), 0.0073702 secs] [Times: user=0.11 sys=0.00, real=0.00 secs] 
2016-09-25T23:25:17.035-0400: 17.773: [GC (GCLocker Initiated GC) [PSYoungGen: 138966K->74181K(175104K)] 562581K->526735K(699392K), 0.0078817 secs] [Times: user=0.11 sys=0.00, real=0.01 secs] 
2016-09-25T23:25:17.081-0400: 17.819: [GC (GCLocker Initiated GC) [PSYoungGen: 162245K->48092K(175104K)] 629807K->552866K(699392K), 0.0073756 secs] [Times: user=0.10 sys=0.00, real=0.01 secs] 
2016-09-25T23:25:17.088-0400: 17.826: [Full GC (Ergonomics) [PSYoungGen: 48092K->0K(175104K)] [ParOldGen: 504774K->142582K(524288K)] 552866K->142582K(699392K), [Metaspace: 43447K->43447K(1085440K)], 0.0766067 secs] [Times: user=0.50 sys=0.01, real=0.08 secs] 
2016-09-25T23:25:17.201-0400: 17.939: [GC (GCLocker Initiated GC) [PSYoungGen: 88064K->78030K(175104K)] 230763K->220729K(699392K), 0.0128842 secs] [Times: user=0.11 sys=0.00, real=0.01 secs] 
2016-09-25T23:25:17.259-0400: 17.997: [GC (GCLocker Initiated GC) [PSYoungGen: 166094K->62992K(175104K)] 311660K->247002K(699392K), 0.0081873 secs] [Times: user=0.11 sys=0.00, real=0.01 secs] 
2016-09-25T23:25:17.304-0400: 18.042: [GC (GCLocker Initiated GC) [PSYoungGen: 151056K->45442K(175104K)] 337825K->267791K(699392K), 0.0069267 secs] [Times: user=0.08 sys=0.00, real=0.00 secs] 
2016-09-25T23:25:17.349-0400: 18.087: [GC (GCLocker Initiated GC) [PSYoungGen: 133506K->60402K(175104K)] 358791K->314482K(699392K), 0.0120289 secs] [Times: user=0.14 sys=0.00, real=0.01 secs] 
2016-09-25T23:25:17.406-0400: 18.144: [GC (GCLocker Initiated GC) [PSYoungGen: 148466K->77938K(175104K)] 408200K->355743K(699392K), 0.0111284 secs] [Times: user=0.17 sys=0.00, real=0.01 secs] 
2016-09-25T23:25:17.469-0400: 18.207: [GC (GCLocker Initiated GC) [PSYoungGen: 166002K->73792K(175104K)] 452074K->381964K(699392K), 0.0073131 secs] [Times: user=0.08 sys=0.01, real=0.01 secs] 
2016-09-25T23:25:17.507-0400: 18.245: [GC (GCLocker Initiated GC) [PSYoungGen: 161856K->71060K(175104K)] 472881K->414869K(699392K), 0.0082983 secs] [Times: user=0.08 sys=0.01, real=0.01 secs] 
2016-09-25T23:25:17.540-0400: 18.278: [GC (GCLocker Initiated GC) [PSYoungGen: 159124K->61710K(175104K)] 509922K->437274K(699392K), 0.0069127 secs] [Times: user=0.10 sys=0.00, real=0.01 secs] 
2016-09-25T23:25:17.593-0400: 18.331: [GC (GCLocker Initiated GC) [PSYoungGen: 149774K->65631K(175104K)] 526390K->468294K(699392K), 0.0106217 secs] [Times: user=0.16 sys=0.00, real=0.02 secs] 
2016-09-25T23:25:17.650-0400: 18.388: [GC (GCLocker Initiated GC) [PSYoungGen: 153695K->76321K(175104K)] 564567K->499680K(699392K), 0.0160759 secs] [Times: user=0.18 sys=0.00, real=0.02 secs] 
2016-09-25T23:25:17.711-0400: 18.449: [GC (GCLocker Initiated GC) [PSYoungGen: 164385K->46606K(175104K)] 587827K->502794K(699392K), 0.0098156 secs] [Times: user=0.09 sys=0.00, real=0.01 secs] 
2016-09-25T23:25:17.748-0400: 18.486: [GC (GCLocker Initiated GC) [PSYoungGen: 134670K->69554K(175104K)] 593613K->546381K(699392K), 0.0116735 secs] [Times: user=0.12 sys=0.00, real=0.01 secs] 
2016-09-25T23:25:17.760-0400: 18.498: [Full GC (Ergonomics) [PSYoungGen: 69554K->0K(175104K)] [ParOldGen: 476826K->154495K(524288K)] 546381K->154495K(699392K), [Metaspace: 43449K->43449K(1085440K)], 0.0871065 secs] [Times: user=0.53 sys=0.01, real=0.09 secs] 
2016-09-25T23:25:17.903-0400: 18.642: [GC (GCLocker Initiated GC) [PSYoungGen: 88064K->71064K(175104K)] 242708K->225708K(699392K), 0.0109937 secs] [Times: user=0.14 sys=0.00, real=0.01 secs] 
2016-09-25T23:25:17.950-0400: 18.688: [GC (GCLocker Initiated GC) [PSYoungGen: 159128K->72447K(175104K)] 316600K->247915K(699392K), 0.0083271 secs] [Times: user=0.06 sys=0.00, real=0.01 secs] 
2016-09-25T23:25:17.991-0400: 18.729: [GC (GCLocker Initiated GC) [PSYoungGen: 160511K->49432K(175104K)] 340056K->255027K(699392K), 0.0099030 secs] [Times: user=0.14 sys=0.00, real=0.01 secs] 
2016-09-25T23:25:18.034-0400: 18.772: [GC (GCLocker Initiated GC) [PSYoungGen: 137496K->79182K(175104K)] 345926K->312295K(699392K), 0.0118469 secs] [Times: user=0.14 sys=0.00, real=0.02 secs] 
2016-09-25T23:25:18.099-0400: 18.837: [GC (GCLocker Initiated GC) [PSYoungGen: 167246K->67000K(175104K)] 418056K->335723K(699392K), 0.0139853 secs] [Times: user=0.17 sys=0.00, real=0.01 secs] 
2016-09-25T23:25:18.165-0400: 18.903: [GC (GCLocker Initiated GC) [PSYoungGen: 155064K->62964K(175104K)] 429312K->365976K(699392K), 0.0071070 secs] [Times: user=0.09 sys=0.00, real=0.00 secs] 
2016-09-25T23:25:18.198-0400: 18.936: [GC (GCLocker Initiated GC) [PSYoungGen: 151028K->69700K(175104K)] 456968K->416490K(699392K), 0.0087209 secs] [Times: user=0.12 sys=0.00, real=0.01 secs] 
2016-09-25T23:25:18.235-0400: 18.973: [GC (GCLocker Initiated GC) [PSYoungGen: 157764K->80642K(175104K)] 514119K->463004K(699392K), 0.0083316 secs] [Times: user=0.11 sys=0.00, real=0.01 secs] 
2016-09-25T23:25:18.298-0400: 19.036: [GC (GCLocker Initiated GC) [PSYoungGen: 168706K->41094K(175104K)] 564702K->459075K(699392K), 0.0114654 secs] [Times: user=0.11 sys=0.00, real=0.01 secs] 
2016-09-25T23:25:18.350-0400: 19.088: [GC (GCLocker Initiated GC) [PSYoungGen: 129158K->65472K(175104K)] 547456K->498962K(699392K), 0.0153109 secs] [Times: user=0.18 sys=0.00, real=0.02 secs] 
2016-09-25T23:25:18.411-0400: 19.149: [GC (GCLocker Initiated GC) [PSYoungGen: 153536K->60104K(175104K)] 590370K->537813K(699392K), 0.0080036 secs] [Times: user=0.12 sys=0.00, real=0.01 secs] 
2016-09-25T23:25:18.419-0400: 19.157: [Full GC (Ergonomics) [PSYoungGen: 60104K->0K(175104K)] [ParOldGen: 477708K->144074K(524288K)] 537813K->144074K(699392K), [Metaspace: 43449K->43449K(1085440K)], 0.0455361 secs] [Times: user=0.38 sys=0.01, real=0.05 secs] 
2016-09-25T23:25:18.492-0400: 19.230: [GC (GCLocker Initiated GC) [PSYoungGen: 88064K->82027K(175104K)] 237690K->231654K(699392K), 0.0071996 secs] [Times: user=0.11 sys=0.00, real=0.01 secs] 
2016-09-25T23:25:18.553-0400: 19.291: [GC (GCLocker Initiated GC) [PSYoungGen: 170091K->67078K(175104K)] 323923K->252445K(699392K), 0.0133463 secs] [Times: user=0.16 sys=0.00, real=0.02 secs] 
2016-09-25T23:25:18.617-0400: 19.355: [GC (GCLocker Initiated GC) [PSYoungGen: 155142K->49400K(175104K)] 340600K->270372K(699392K), 0.0110848 secs] [Times: user=0.17 sys=0.00, real=0.01 secs] 
2016-09-25T23:25:18.662-0400: 19.400: [GC (GCLocker Initiated GC) [PSYoungGen: 137464K->81833K(175104K)] 359201K->320153K(699392K), 0.0096735 secs] [Times: user=0.10 sys=0.00, real=0.01 secs] 
2016-09-25T23:25:18.700-0400: 19.439: [GC (GCLocker Initiated GC) [PSYoungGen: 169897K->64236K(175104K)] 411058K->338134K(699392K), 0.0076643 secs] [Times: user=0.09 sys=0.00, real=0.01 secs] 
2016-09-25T23:25:18.740-0400: 19.478: [GC (GCLocker Initiated GC) [PSYoungGen: 152300K->71035K(175104K)] 431785K->376574K(699392K), 0.0120405 secs] [Times: user=0.10 sys=0.01, real=0.01 secs] 
2016-09-25T23:25:18.795-0400: 19.533: [GC (GCLocker Initiated GC) [PSYoungGen: 159099K->71114K(175104K)] 468021K->393872K(699392K), 0.0108541 secs] [Times: user=0.09 sys=0.01, real=0.01 secs] 
2016-09-25T23:25:18.839-0400: 19.577: [GC (GCLocker Initiated GC) [PSYoungGen: 159178K->49240K(175104K)] 482188K->414591K(699392K), 0.0107330 secs] [Times: user=0.10 sys=0.00, real=0.01 secs] 
2016-09-25T23:25:18.884-0400: 19.622: [GC (GCLocker Initiated GC) [PSYoungGen: 137304K->67064K(175104K)] 512302K->461223K(699392K), 0.0096462 secs] [Times: user=0.08 sys=0.00, real=0.00 secs] 
2016-09-25T23:25:18.943-0400: 19.681: [GC (GCLocker Initiated GC) [PSYoungGen: 155128K->45274K(175104K)] 557451K->456045K(699392K), 0.0088342 secs] [Times: user=0.05 sys=0.00, real=0.00 secs] 
2016-09-25T23:25:18.985-0400: 19.723: [GC (GCLocker Initiated GC) [PSYoungGen: 133338K->66921K(175104K)] 546888K->515984K(699392K), 0.0083774 secs] [Times: user=0.08 sys=0.00, real=0.00 secs] 
2016-09-25T23:25:19.040-0400: 19.778: [GC (GCLocker Initiated GC) [PSYoungGen: 154985K->41350K(175104K)] 613713K->534135K(699392K), 0.0094943 secs] [Times: user=0.11 sys=0.00, real=0.01 secs] 
2016-09-25T23:25:19.050-0400: 19.788: [Full GC (Ergonomics) [PSYoungGen: 41350K->0K(175104K)] [ParOldGen: 492785K->132637K(524288K)] 534135K->132637K(699392K), [Metaspace: 43449K->43449K(1085440K)], 0.1957473 secs] [Times: user=2.62 sys=0.01, real=0.20 secs] 
2016-09-25T23:25:19.285-0400: 20.023: [GC (GCLocker Initiated GC) [PSYoungGen: 88064K->73861K(175104K)] 223614K->209412K(699392K), 0.0062221 secs] [Times: user=0.08 sys=0.01, real=0.00 secs] 
2016-09-25T23:25:19.331-0400: 20.071: [GC (GCLocker Initiated GC) [PSYoungGen: 161925K->73703K(175104K)] 298979K->231517K(699392K), 0.0150634 secs] [Times: user=0.13 sys=0.01, real=0.02 secs] 
2016-09-25T23:25:19.384-0400: 20.122: [GC (GCLocker Initiated GC) [PSYoungGen: 161767K->68428K(175104K)] 325105K->252397K(699392K), 0.0071484 secs] [Times: user=0.11 sys=0.00, real=0.00 secs] 
2016-09-25T23:25:19.430-0400: 20.168: [GC (GCLocker Initiated GC) [PSYoungGen: 156492K->60168K(175104K)] 343321K->279793K(699392K), 0.0119768 secs] [Times: user=0.14 sys=0.00, real=0.01 secs] 
2016-09-25T23:25:19.477-0400: 20.215: [GC (GCLocker Initiated GC) [PSYoungGen: 148232K->50864K(175104K)] 370611K->307372K(699392K), 0.0092639 secs] [Times: user=0.10 sys=0.00, real=0.01 secs] 
2016-09-25T23:25:19.516-0400: 20.254: [GC (GCLocker Initiated GC) [PSYoungGen: 138928K->66982K(175104K)] 395525K->355039K(699392K), 0.0097406 secs] [Times: user=0.12 sys=0.00, real=0.01 secs] 
2016-09-25T23:25:19.563-0400: 20.301: [GC (GCLocker Initiated GC) [PSYoungGen: 155046K->65632K(175104K)] 443234K->390661K(699392K), 0.0092659 secs] [Times: user=0.12 sys=0.00, real=0.00 secs] 
2016-09-25T23:25:19.600-0400: 20.338: [GC (GCLocker Initiated GC) [PSYoungGen: 153696K->84597K(175104K)] 478885K->445294K(699392K), 0.0133028 secs] [Times: user=0.15 sys=0.00, real=0.01 secs] 
2016-09-25T23:25:19.654-0400: 20.392: [GC (GCLocker Initiated GC) [PSYoungGen: 172661K->62900K(175104K)] 540190K->461876K(699392K), 0.0079180 secs] [Times: user=0.10 sys=0.01, real=0.01 secs] 
2016-09-25T23:25:19.693-0400: 20.431: [GC (GCLocker Initiated GC) [PSYoungGen: 150964K->73782K(175104K)] 555469K->505688K(699392K), 0.0076048 secs] [Times: user=0.10 sys=0.00, real=0.01 secs] 
2016-09-25T23:25:19.732-0400: 20.470: [GC (GCLocker Initiated GC) [PSYoungGen: 161846K->61742K(175104K)] 600711K->542822K(699392K), 0.0090808 secs] [Times: user=0.14 sys=0.00, real=0.01 secs] 
2016-09-25T23:25:19.741-0400: 20.479: [Full GC (Ergonomics) [PSYoungGen: 61742K->0K(175104K)] [ParOldGen: 481079K->139776K(524288K)] 542822K->139776K(699392K), [Metaspace: 43450K->43450K(1085440K)], 0.0529501 secs] [Times: user=0.42 sys=0.00, real=0.06 secs] 
2016-09-25T23:25:19.837-0400: 20.575: [GC (GCLocker Initiated GC) [PSYoungGen: 88064K->62982K(175104K)] 236163K->211081K(699392K), 0.0067948 secs] [Times: user=0.07 sys=0.00, real=0.01 secs] 
2016-09-25T23:25:19.882-0400: 20.620: [GC (GCLocker Initiated GC) [PSYoungGen: 151046K->62933K(172032K)] 312941K->245506K(696320K), 0.0276562 secs] [Times: user=0.32 sys=0.01, real=0.03 secs] 
2016-09-25T23:25:19.951-0400: 20.689: [GC (GCLocker Initiated GC) [PSYoungGen: 150997K->53404K(173568K)] 336380K->266206K(697856K), 0.0136931 secs] [Times: user=0.19 sys=0.01, real=0.02 secs] 
2016-09-25T23:25:19.993-0400: 20.731: [GC (GCLocker Initiated GC) [PSYoungGen: 141468K->65458K(173568K)] 360375K->291389K(697856K), 0.0096457 secs] [Times: user=0.08 sys=0.00, real=0.02 secs] 
2016-09-25T23:25:20.048-0400: 20.786: [GC (GCLocker Initiated GC) [PSYoungGen: 156594K->41204K(175104K)] 388295K->305641K(699392K), 0.0225447 secs] [Times: user=0.30 sys=0.00, real=0.02 secs] 
2016-09-25T23:25:20.102-0400: 20.840: [GC (GCLocker Initiated GC) [PSYoungGen: 132340K->64300K(176640K)] 399678K->357628K(700928K), 0.0094497 secs] [Times: user=0.11 sys=0.00, real=0.00 secs] 
2016-09-25T23:25:20.149-0400: 20.887: [GC (GCLocker Initiated GC) [PSYoungGen: 155948K->73686K(165376K)] 454867K->394529K(689664K), 0.0150545 secs] [Times: user=0.21 sys=0.00, real=0.02 secs] 
2016-09-25T23:25:20.205-0400: 20.943: [GC (GCLocker Initiated GC) [PSYoungGen: 165334K->56104K(176640K)] 486255K->393562K(700928K), 0.0065166 secs] [Times: user=0.06 sys=0.01, real=0.00 secs] 
2016-09-25T23:25:20.247-0400: 20.985: [GC (GCLocker Initiated GC) [PSYoungGen: 146216K->76521K(166912K)] 487911K->429328K(691200K), 0.0079875 secs] [Times: user=0.10 sys=0.00, real=0.01 secs] 
2016-09-25T23:25:20.294-0400: 21.032: [GC (GCLocker Initiated GC) [PSYoungGen: 166633K->79065K(175104K)] 522378K->459513K(699392K), 0.0084944 secs] [Times: user=0.10 sys=0.01, real=0.02 secs] 
2016-09-25T23:25:20.342-0400: 21.080: [GC (GCLocker Initiated GC) [PSYoungGen: 167129K->57582K(175104K)] 550337K->472118K(699392K), 0.0078716 secs] [Times: user=0.12 sys=0.01, real=0.01 secs] 
2016-09-25T23:25:20.399-0400: 21.137: [GC (GCLocker Initiated GC) [PSYoungGen: 145646K->49420K(175104K)] 565665K->504898K(699392K), 0.0079085 secs] [Times: user=0.10 sys=0.01, real=0.01 secs] 
2016-09-25T23:25:20.443-0400: 21.181: [GC (GCLocker Initiated GC) [PSYoungGen: 137484K->53361K(175104K)] 593136K->545825K(699392K), 0.0112591 secs] [Times: user=0.13 sys=0.00, real=0.00 secs] 
2016-09-25T23:25:20.454-0400: 21.192: [Full GC (Ergonomics) [PSYoungGen: 53361K->0K(175104K)] [ParOldGen: 492463K->139079K(524288K)] 545825K->139079K(699392K), [Metaspace: 43455K->43455K(1085440K)], 0.0544051 secs] [Times: user=0.43 sys=0.01, real=0.06 secs] 
2016-09-25T23:25:20.550-0400: 21.288: [GC (GCLocker Initiated GC) [PSYoungGen: 88064K->76704K(175104K)] 232765K->221405K(699392K), 0.0142410 secs] [Times: user=0.17 sys=0.00, real=0.02 secs] 
2016-09-25T23:25:20.603-0400: 21.341: [GC (GCLocker Initiated GC) [PSYoungGen: 164768K->46639K(175104K)] 316378K->225795K(699392K), 0.0385203 secs] [Times: user=0.56 sys=0.02, real=0.03 secs] 
2016-09-25T23:25:20.676-0400: 21.414: [GC (GCLocker Initiated GC) [PSYoungGen: 134703K->68273K(175104K)] 316743K->284488K(699392K), 0.0198800 secs] [Times: user=0.27 sys=0.00, real=0.02 secs] 
2016-09-25T23:25:20.733-0400: 21.471: [GC (GCLocker Initiated GC) [PSYoungGen: 156337K->53436K(175104K)] 375390K->299885K(699392K), 0.0090098 secs] [Times: user=0.09 sys=0.00, real=0.01 secs] 
2016-09-25T23:25:20.776-0400: 21.514: [GC (GCLocker Initiated GC) [PSYoungGen: 141500K->72549K(175104K)] 396200K->346506K(699392K), 0.0166315 secs] [Times: user=0.24 sys=0.01, real=0.01 secs] 
2016-09-25T23:25:20.843-0400: 21.581: [GC (Allocation Failure) [PSYoungGen: 160613K->33111K(175104K)] 436109K->333368K(699392K), 0.0137290 secs] [Times: user=0.15 sys=0.00, real=0.01 secs] 
2016-09-25T23:25:20.893-0400: 21.631: [GC (GCLocker Initiated GC) [PSYoungGen: 120130K->43826K(175104K)] 423088K->368759K(699392K), 0.0102961 secs] [Times: user=0.10 sys=0.00, real=0.02 secs] 
2016-09-25T23:25:20.940-0400: 21.678: [GC (GCLocker Initiated GC) [PSYoungGen: 131890K->86000K(175104K)] 463829K->433174K(699392K), 0.0121580 secs] [Times: user=0.11 sys=0.01, real=0.01 secs] 
2016-09-25T23:25:21.002-0400: 21.740: [GC (GCLocker Initiated GC) [PSYoungGen: 174064K->28926K(175104K)] 530774K->406284K(699392K), 0.0060040 secs] [Times: user=0.07 sys=0.00, real=0.01 secs] 
2016-09-25T23:25:21.038-0400: 21.776: [GC (GCLocker Initiated GC) [PSYoungGen: 116990K->53347K(175104K)] 497265K->460943K(699392K), 0.0096667 secs] [Times: user=0.09 sys=0.00, real=0.01 secs] 
2016-09-25T23:25:21.094-0400: 21.832: [GC (GCLocker Initiated GC) [PSYoungGen: 141411K->54813K(175104K)] 557215K->476377K(699392K), 0.0136135 secs] [Times: user=0.13 sys=0.00, real=0.02 secs] 
2016-09-25T23:25:21.154-0400: 21.892: [GC (GCLocker Initiated GC) [PSYoungGen: 142877K->37100K(175104K)] 575415K->497083K(699392K), 0.0059976 secs] [Times: user=0.08 sys=0.00, real=0.01 secs] 
2016-09-25T23:25:21.189-0400: 21.927: [GC (GCLocker Initiated GC) [PSYoungGen: 125164K->73708K(175104K)] 588021K->543625K(699392K), 0.0099797 secs] [Times: user=0.09 sys=0.01, real=0.01 secs] 
2016-09-25T23:25:21.248-0400: 21.987: [GC (GCLocker Initiated GC) [PSYoungGen: 161772K->50640K(175104K)] 637186K->560202K(699392K), 0.0088447 secs] [Times: user=0.08 sys=0.00, real=0.01 secs] 
2016-09-25T23:25:21.258-0400: 21.996: [Full GC (Ergonomics) [PSYoungGen: 50640K->0K(175104K)] [ParOldGen: 509562K->133609K(524288K)] 560202K->133609K(699392K), [Metaspace: 43468K->43468K(1085440K)], 0.0625155 secs] [Times: user=0.53 sys=0.00, real=0.06 secs] 
2016-09-25T23:25:21.360-0400: 22.098: [GC (GCLocker Initiated GC) [PSYoungGen: 88064K->79178K(175104K)] 224478K->215593K(699392K), 0.0082335 secs] [Times: user=0.08 sys=0.00, real=0.01 secs] 
2016-09-25T23:25:23.533-0400: 24.271: [GC (GCLocker Initiated GC) [PSYoungGen: 167242K->60557K(175104K)] 323907K->247278K(699392K), 0.0156799 secs] [Times: user=0.12 sys=0.05, real=0.02 secs] 
2016-09-25T23:25:23.627-0400: 24.365: [GC (GCLocker Initiated GC) [PSYoungGen: 148621K->43900K(175104K)] 340827K->247606K(699392K), 0.0131806 secs] [Times: user=0.19 sys=0.01, real=0.01 secs] 
2016-09-25T23:25:23.668-0400: 24.406: [GC (GCLocker Initiated GC) [PSYoungGen: 131964K->72473K(175104K)] 338622K->295625K(699392K), 0.0101109 secs] [Times: user=0.13 sys=0.00, real=0.01 secs] 
2016-09-25T23:25:23.746-0400: 24.484: [GC (GCLocker Initiated GC) [PSYoungGen: 160537K->69802K(175104K)] 393037K->324418K(699392K), 0.0119921 secs] [Times: user=0.13 sys=0.01, real=0.01 secs] 
2016-09-25T23:25:23.816-0400: 24.554: [GC (GCLocker Initiated GC) [PSYoungGen: 157866K->76654K(175104K)] 420743K->371054K(699392K), 0.0170454 secs] [Times: user=0.23 sys=0.01, real=0.01 secs] 
2016-09-25T23:25:23.894-0400: 24.632: [GC (GCLocker Initiated GC) [PSYoungGen: 164718K->54894K(175104K)] 463801K->376121K(699392K), 0.0114557 secs] [Times: user=0.12 sys=0.00, real=0.01 secs] 
2016-09-25T23:25:23.945-0400: 24.683: [GC (GCLocker Initiated GC) [PSYoungGen: 142958K->41383K(175104K)] 464199K->383395K(699392K), 0.0063247 secs] [Times: user=0.08 sys=0.00, real=0.00 secs] 
2016-09-25T23:25:23.984-0400: 24.722: [GC (GCLocker Initiated GC) [PSYoungGen: 129447K->84755K(175104K)] 474388K->436823K(699392K), 0.0080482 secs] [Times: user=0.09 sys=0.00, real=0.00 secs] 
2016-09-25T23:25:24.049-0400: 24.787: [GC (GCLocker Initiated GC) [PSYoungGen: 172819K->45609K(175104K)] 529027K->426757K(699392K), 0.0092630 secs] [Times: user=0.08 sys=0.00, real=0.01 secs] 
2016-09-25T23:25:24.091-0400: 24.829: [GC (GCLocker Initiated GC) [PSYoungGen: 133673K->74084K(175104K)] 521745K->478988K(699392K), 0.0114267 secs] [Times: user=0.12 sys=0.00, real=0.02 secs] 
2016-09-25T23:25:24.169-0400: 24.907: [GC (GCLocker Initiated GC) [PSYoungGen: 162148K->61924K(175104K)] 577942K->490478K(699392K), 0.0094385 secs] [Times: user=0.10 sys=0.00, real=0.01 secs] 
2016-09-25T23:25:24.221-0400: 24.959: [GC (GCLocker Initiated GC) [PSYoungGen: 149988K->64205K(175104K)] 578709K->516628K(699392K), 0.0111550 secs] [Times: user=0.12 sys=0.00, real=0.01 secs] 
2016-09-25T23:25:24.279-0400: 25.017: [GC (GCLocker Initiated GC) [PSYoungGen: 152269K->79534K(175104K)] 613255K->566482K(699392K), 0.0123614 secs] [Times: user=0.12 sys=0.00, real=0.01 secs] 
2016-09-25T23:25:24.292-0400: 25.030: [Full GC (Ergonomics) [PSYoungGen: 79534K->0K(175104K)] [ParOldGen: 486947K->149961K(524288K)] 566482K->149961K(699392K), [Metaspace: 43478K->43478K(1085440K)], 0.0866998 secs] [Times: user=0.71 sys=0.03, real=0.09 secs] 
2016-09-25T23:25:24.432-0400: 25.170: [GC (GCLocker Initiated GC) [PSYoungGen: 88064K->75179K(175104K)] 244886K->232002K(699392K), 0.0072506 secs] [Times: user=0.09 sys=0.01, real=0.01 secs] 
2016-09-25T23:25:24.471-0400: 25.210: [GC (GCLocker Initiated GC) [PSYoungGen: 163243K->52242K(175104K)] 320334K->246265K(699392K), 0.0113946 secs] [Times: user=0.10 sys=0.00, real=0.02 secs] 
2016-09-25T23:25:24.530-0400: 25.268: [GC (GCLocker Initiated GC) [PSYoungGen: 140306K->41463K(175104K)] 337172K->279464K(699392K), 0.0081199 secs] [Times: user=0.11 sys=0.01, real=0.01 secs] 
2016-09-25T23:25:24.583-0400: 25.321: [GC (GCLocker Initiated GC) [PSYoungGen: 129527K->63353K(175104K)] 370392K->331797K(699392K), 0.0079188 secs] [Times: user=0.12 sys=0.00, real=0.00 secs] 
2016-09-25T23:25:24.639-0400: 25.377: [GC (GCLocker Initiated GC) [PSYoungGen: 151417K->48338K(175104K)] 430920K->348857K(699392K), 0.0133026 secs] [Times: user=0.19 sys=0.00, real=0.01 secs] 
2016-09-25T23:25:24.691-0400: 25.430: [GC (GCLocker Initiated GC) [PSYoungGen: 136402K->65876K(175104K)] 437253K->376809K(699392K), 0.0094940 secs] [Times: user=0.10 sys=0.00, real=0.01 secs] 
2016-09-25T23:25:24.747-0400: 25.485: [GC (GCLocker Initiated GC) [PSYoungGen: 153940K->71260K(175104K)] 474493K->416649K(699392K), 0.0094917 secs] [Times: user=0.13 sys=0.00, real=0.01 secs] 
2016-09-25T23:25:24.799-0400: 25.537: [GC (GCLocker Initiated GC) [PSYoungGen: 159324K->79484K(175104K)] 511581K->451221K(699392K), 0.0078385 secs] [Times: user=0.10 sys=0.00, real=0.01 secs] 
2016-09-25T23:25:24.855-0400: 25.593: [GC (GCLocker Initiated GC) [PSYoungGen: 167548K->54755K(175104K)] 546284K->463883K(699392K), 0.0125872 secs] [Times: user=0.14 sys=0.00, real=0.01 secs] 
2016-09-25T23:25:24.907-0400: 25.645: [GC (GCLocker Initiated GC) [PSYoungGen: 142819K->48195K(175104K)] 552105K->494395K(699392K), 0.0088811 secs] [Times: user=0.07 sys=0.00, real=0.01 secs] 
2016-09-25T23:25:24.956-0400: 25.694: [GC (GCLocker Initiated GC) [PSYoungGen: 136259K->71449K(175104K)] 586654K->545396K(699392K), 0.0098836 secs] [Times: user=0.15 sys=0.00, real=0.01 secs] 
2016-09-25T23:25:25.012-0400: 25.750: [GC (GCLocker Initiated GC) [PSYoungGen: 159513K->44030K(175104K)] 633697K->545987K(699392K), 0.0187543 secs] [Times: user=0.23 sys=0.01, real=0.02 secs] 
2016-09-25T23:25:25.031-0400: 25.769: [Full GC (Ergonomics) [PSYoungGen: 44030K->0K(175104K)] [ParOldGen: 501957K->144692K(524288K)] 545987K->144692K(699392K), [Metaspace: 43484K->43484K(1085440K)], 0.0633489 secs] [Times: user=0.42 sys=0.00, real=0.07 secs] 
2016-09-25T23:25:25.134-0400: 25.872: [GC (GCLocker Initiated GC) [PSYoungGen: 88064K->85259K(175104K)] 241040K->240936K(699392K), 0.0075689 secs] [Times: user=0.08 sys=0.01, real=0.01 secs] 
2016-09-25T23:25:25.195-0400: 25.933: [GC (GCLocker Initiated GC) [PSYoungGen: 173323K->56476K(175104K)] 339558K->261512K(699392K), 0.0078728 secs] [Times: user=0.10 sys=0.00, real=0.01 secs] 
2016-09-25T23:25:25.237-0400: 25.975: [GC (GCLocker Initiated GC) [PSYoungGen: 144540K->53473K(175104K)] 352461K->282358K(699392K), 0.0065795 secs] [Times: user=0.06 sys=0.00, real=0.01 secs] 
2016-09-25T23:25:25.292-0400: 26.030: [GC (GCLocker Initiated GC) [PSYoungGen: 141537K->86148K(175104K)] 374654K->331982K(699392K), 0.0113077 secs] [Times: user=0.14 sys=0.00, real=0.02 secs] 
2016-09-25T23:25:25.347-0400: 26.085: [GC (GCLocker Initiated GC) [PSYoungGen: 174212K->46699K(175104K)] 420163K->321634K(699392K), 0.0082935 secs] [Times: user=0.06 sys=0.00, real=0.01 secs] 
2016-09-25T23:25:25.398-0400: 26.136: [GC (GCLocker Initiated GC) [PSYoungGen: 134763K->51240K(175104K)] 423380K->380960K(699392K), 0.0077727 secs] [Times: user=0.10 sys=0.01, real=0.01 secs] 
2016-09-25T23:25:25.459-0400: 26.197: [GC (GCLocker Initiated GC) [PSYoungGen: 139304K->52354K(175104K)] 474624K->410076K(699392K), 0.0097153 secs] [Times: user=0.12 sys=0.00, real=0.01 secs] 
2016-09-25T23:25:25.504-0400: 26.242: [GC (GCLocker Initiated GC) [PSYoungGen: 140418K->56301K(175104K)] 498196K->433573K(699392K), 0.0070386 secs] [Times: user=0.06 sys=0.01, real=0.00 secs] 
2016-09-25T23:25:25.558-0400: 26.296: [GC (GCLocker Initiated GC) [PSYoungGen: 144365K->48353K(175104K)] 532591K->460144K(699392K), 0.0083464 secs] [Times: user=0.08 sys=0.00, real=0.01 secs] 
2016-09-25T23:25:25.610-0400: 26.349: [GC (GCLocker Initiated GC) [PSYoungGen: 136417K->59101K(175104K)] 553767K->505523K(699392K), 0.0077624 secs] [Times: user=0.10 sys=0.01, real=0.01 secs] 
2016-09-25T23:25:25.665-0400: 26.403: [GC (GCLocker Initiated GC) [PSYoungGen: 147165K->42839K(175104K)] 597726K->534503K(699392K), 0.0086083 secs] [Times: user=0.12 sys=0.00, real=0.00 secs] 
2016-09-25T23:25:25.674-0400: 26.412: [Full GC (Ergonomics) [PSYoungGen: 42839K->0K(175104K)] [ParOldGen: 491663K->148980K(524288K)] 534503K->148980K(699392K), [Metaspace: 43495K->43495K(1085440K)], 0.0562818 secs] [Times: user=0.49 sys=0.01, real=0.06 secs] 
2016-09-25T23:25:25.783-0400: 26.521: [GC (GCLocker Initiated GC) [PSYoungGen: 88064K->67576K(175104K)] 241331K->220843K(699392K), 0.0125003 secs] [Times: user=0.17 sys=0.00, real=0.01 secs] 
2016-09-25T23:25:25.845-0400: 26.583: [GC (GCLocker Initiated GC) [PSYoungGen: 155640K->46885K(175104K)] 318550K->228372K(699392K), 0.0080655 secs] [Times: user=0.07 sys=0.00, real=0.00 secs] 
2016-09-25T23:25:25.899-0400: 26.637: [GC (GCLocker Initiated GC) [PSYoungGen: 134949K->46883K(175104K)] 318074K->262998K(699392K), 0.0091395 secs] [Times: user=0.09 sys=0.00, real=0.01 secs] 
2016-09-25T23:25:25.940-0400: 26.678: [GC (GCLocker Initiated GC) [PSYoungGen: 134947K->61546K(173056K)] 360680K->300076K(697344K), 0.0128221 secs] [Times: user=0.13 sys=0.00, real=0.01 secs] 
2016-09-25T23:25:26.000-0400: 26.738: [GC (GCLocker Initiated GC) [PSYoungGen: 149610K->49401K(174080K)] 390996K->321083K(698368K), 0.0197685 secs] [Times: user=0.21 sys=0.00, real=0.02 secs] 
2016-09-25T23:25:26.065-0400: 26.803: [GC (GCLocker Initiated GC) [PSYoungGen: 137465K->59251K(174080K)] 413257K->369371K(698368K), 0.0086851 secs] [Times: user=0.10 sys=0.00, real=0.00 secs] 
2016-09-25T23:25:26.116-0400: 26.854: [GC (GCLocker Initiated GC) [PSYoungGen: 151411K->37417K(174592K)] 461593K->392881K(698880K), 0.0198637 secs] [Times: user=0.25 sys=0.00, real=0.02 secs] 
2016-09-25T23:25:26.183-0400: 26.921: [GC (GCLocker Initiated GC) [PSYoungGen: 129577K->61956K(179200K)] 489208K->441199K(703488K), 0.0181894 secs] [Times: user=0.21 sys=0.00, real=0.01 secs] 
2016-09-25T23:25:26.250-0400: 26.988: [GC (GCLocker Initiated GC) [PSYoungGen: 157700K->44200K(140288K)] 539833K->451415K(664576K), 0.0075832 secs] [Times: user=0.06 sys=0.00, real=0.01 secs] 
2016-09-25T23:25:26.300-0400: 27.038: [GC (GCLocker Initiated GC) [PSYoungGen: 139944K->45426K(179712K)] 551351K->471033K(704000K), 0.0125927 secs] [Times: user=0.11 sys=0.00, real=0.01 secs] 
2016-09-25T23:25:26.359-0400: 27.097: [GC (GCLocker Initiated GC) [PSYoungGen: 142706K->50877K(148480K)] 575384K->500312K(672768K), 0.0099045 secs] [Times: user=0.10 sys=0.01, real=0.01 secs] 
2016-09-25T23:25:26.414-0400: 27.152: [GC (GCLocker Initiated GC) [PSYoungGen: 148157K->54845K(178688K)] 603976K->522103K(702976K), 0.0072170 secs] [Times: user=0.07 sys=0.00, real=0.00 secs] 
2016-09-25T23:25:26.471-0400: 27.209: [GC (GCLocker Initiated GC) [PSYoungGen: 155197K->65902K(177152K)] 629376K->552793K(701440K), 1.9068966 secs] [Times: user=0.24 sys=0.00, real=1.91 secs] 
2016-09-25T23:25:28.378-0400: 29.116: [Full GC (Ergonomics) [PSYoungGen: 65902K->0K(177152K)] [ParOldGen: 486890K->159876K(524288K)] 552793K->159876K(701440K), [Metaspace: 43496K->43496K(1085440K)], 0.0574471 secs] [Times: user=0.54 sys=0.00, real=0.06 secs] 
2016-09-25T23:25:28.478-0400: 29.216: [GC (GCLocker Initiated GC) [PSYoungGen: 100352K->78551K(170496K)] 268342K->257343K(694784K), 0.0097031 secs] [Times: user=0.16 sys=0.00, real=0.01 secs] 
2016-09-25T23:25:28.565-0400: 29.303: [GC (GCLocker Initiated GC) [PSYoungGen: 169687K->59220K(176640K)] 356794K->269065K(700928K), 0.0110329 secs] [Times: user=0.14 sys=0.00, real=0.01 secs] 
2016-09-25T23:25:28.635-0400: 29.373: [GC (GCLocker Initiated GC) [PSYoungGen: 150356K->78111K(171520K)] 363010K->304915K(695808K), 0.0074554 secs] [Times: user=0.09 sys=0.00, real=0.01 secs] 
2016-09-25T23:25:28.688-0400: 29.426: [GC (GCLocker Initiated GC) [PSYoungGen: 166175K->48264K(175104K)] 399888K->297479K(699392K), 0.0087677 secs] [Times: user=0.10 sys=0.00, real=0.01 secs] 
2016-09-25T23:25:28.730-0400: 29.468: [GC (GCLocker Initiated GC) [PSYoungGen: 136328K->55103K(172032K)] 388336K->342989K(696320K), 0.0071523 secs] [Times: user=0.10 sys=0.00, real=0.01 secs] 
2016-09-25T23:25:28.794-0400: 29.532: [GC (GCLocker Initiated GC) [PSYoungGen: 143167K->75559K(173568K)] 437987K->388640K(697856K), 0.0114245 secs] [Times: user=0.17 sys=0.01, real=0.01 secs] 
2016-09-25T23:25:28.878-0400: 29.616: [GC (GCLocker Initiated GC) [PSYoungGen: 163623K->60912K(175616K)] 483574K->410054K(699904K), 0.0162203 secs] [Times: user=0.16 sys=0.01, real=0.01 secs] 
2016-09-25T23:25:28.934-0400: 29.673: [GC (GCLocker Initiated GC) [PSYoungGen: 149488K->61938K(150528K)] 508140K->453843K(674816K), 0.0147810 secs] [Times: user=0.20 sys=0.00, real=0.01 secs] 
2016-09-25T23:25:28.994-0400: 29.732: [GC (GCLocker Initiated GC) [PSYoungGen: 150514K->52393K(175104K)] 546602K->484338K(699392K), 0.0167105 secs] [Times: user=0.17 sys=0.00, real=0.02 secs] 
2016-09-25T23:25:29.077-0400: 29.815: [GC (GCLocker Initiated GC) [PSYoungGen: 142505K->72550K(173568K)] 577404K->526972K(697856K), 0.0122874 secs] [Times: user=0.13 sys=0.00, real=0.01 secs] 
2016-09-25T23:25:29.150-0400: 29.888: [GC (GCLocker Initiated GC) [PSYoungGen: 162662K->59181K(176640K)] 620030K->534691K(700928K), 0.0301902 secs] [Times: user=0.30 sys=0.00, real=0.03 secs] 
2016-09-25T23:25:29.225-0400: 29.963: [Full GC (Ergonomics) [PSYoungGen: 151341K->0K(176640K)] [ParOldGen: 482376K->165242K(524288K)] 633718K->165242K(700928K), [Metaspace: 43513K->43513K(1085440K)], 0.0886397 secs] [Times: user=0.55 sys=0.01, real=0.08 secs] 
2016-09-25T23:25:29.360-0400: 30.098: [GC (GCLocker Initiated GC) [PSYoungGen: 92160K->67736K(176128K)] 265625K->241202K(700416K), 0.0096414 secs] [Times: user=0.09 sys=0.01, real=0.01 secs] 
2016-09-25T23:25:29.423-0400: 30.161: [GC (GCLocker Initiated GC) [PSYoungGen: 159896K->44217K(176640K)] 338901K->248656K(700928K), 0.0250923 secs] [Times: user=0.26 sys=0.00, real=0.02 secs] 
2016-09-25T23:25:29.495-0400: 30.233: [GC (GCLocker Initiated GC) [PSYoungGen: 136377K->71308K(163840K)] 340877K->290081K(688128K), 0.0111336 secs] [Times: user=0.11 sys=0.01, real=0.01 secs] 
2016-09-25T23:25:29.553-0400: 30.291: [GC (GCLocker Initiated GC) [PSYoungGen: 163468K->60678K(178176K)] 385198K->304748K(702464K), 0.0184051 secs] [Times: user=0.19 sys=0.01, real=0.02 secs] 
2016-09-25T23:25:29.627-0400: 30.365: [GC (GCLocker Initiated GC) [PSYoungGen: 152326K->49421K(175616K)] 400512K->318736K(699904K), 0.0114587 secs] [Times: user=0.11 sys=0.00, real=0.01 secs] 
2016-09-25T23:25:29.681-0400: 30.419: [GC (GCLocker Initiated GC) [PSYoungGen: 141069K->63471K(176640K)] 413174K->364472K(700928K), 0.0084524 secs] [Times: user=0.08 sys=0.00, real=0.01 secs] 
2016-09-25T23:25:29.732-0400: 30.470: [GC (GCLocker Initiated GC) [PSYoungGen: 156143K->63552K(175616K)] 465504K->392763K(699904K), 0.0081581 secs] [Times: user=0.08 sys=0.00, real=0.01 secs] 
2016-09-25T23:25:29.798-0400: 30.536: [GC (GCLocker Initiated GC) [PSYoungGen: 156224K->67594K(176640K)] 492300K->407398K(700928K), 0.0062366 secs] [Times: user=0.08 sys=0.00, real=0.01 secs] 
2016-09-25T23:25:29.855-0400: 30.593: [GC (GCLocker Initiated GC) [PSYoungGen: 162314K->71119K(177152K)] 502498K->436543K(701440K), 0.0123003 secs] [Times: user=0.13 sys=0.00, real=0.01 secs] 
2016-09-25T23:25:29.911-0400: 30.649: [GC (GCLocker Initiated GC) [PSYoungGen: 165839K->53624K(178688K)] 534101K->434456K(702976K), 0.0122144 secs] [Times: user=0.11 sys=0.00, real=0.02 secs] 
2016-09-25T23:25:29.969-0400: 30.707: [GC (GCLocker Initiated GC) [PSYoungGen: 148344K->58095K(153088K)] 533348K->469379K(677376K), 0.0222374 secs] [Times: user=0.27 sys=0.00, real=0.02 secs] 
2016-09-25T23:25:30.045-0400: 30.783: [GC (GCLocker Initiated GC) [PSYoungGen: 152815K->59290K(178688K)] 565539K->502794K(702976K), 0.0102678 secs] [Times: user=0.11 sys=0.00, real=0.01 secs] 
2016-09-25T23:25:30.110-0400: 30.848: [GC (GCLocker Initiated GC) [PSYoungGen: 156058K->56691K(176640K)] 602935K->531441K(700928K), 0.0097490 secs] [Times: user=0.11 sys=0.00, real=0.01 secs] 
2016-09-25T23:25:30.166-0400: 30.904: [GC (GCLocker Initiated GC) [PSYoungGen: 153459K->73894K(176128K)] 633939K->564629K(700416K), 0.0094362 secs] [Times: user=0.08 sys=0.00, real=0.01 secs] 
2016-09-25T23:25:30.175-0400: 30.913: [Full GC (Ergonomics) [PSYoungGen: 73894K->0K(176128K)] [ParOldGen: 490735K->177713K(524288K)] 564629K->177713K(700416K), [Metaspace: 43515K->43515K(1087488K)], 0.0568010 secs] [Times: user=0.39 sys=0.01, real=0.05 secs] 
2016-09-25T23:25:30.292-0400: 31.030: [GC (GCLocker Initiated GC) [PSYoungGen: 97280K->75946K(173568K)] 281985K->260651K(697856K), 0.0087408 secs] [Times: user=0.12 sys=0.01, real=0.01 secs] 
2016-09-25T23:25:30.338-0400: 31.076: [GC (GCLocker Initiated GC) [PSYoungGen: 173226K->67545K(177664K)] 358030K->280593K(701952K), 0.0069123 secs] [Times: user=0.10 sys=0.00, real=0.01 secs] 
2016-09-25T23:25:30.398-0400: 31.136: [GC (GCLocker Initiated GC) [PSYoungGen: 160217K->60799K(153600K)] 382880K->308666K(677888K), 0.0100977 secs] [Times: user=0.09 sys=0.00, real=0.01 secs] 
2016-09-25T23:25:30.457-0400: 31.195: [GC (GCLocker Initiated GC) [PSYoungGen: 153471K->61925K(177152K)] 402897K->319076K(701440K), 0.0409343 secs] [Times: user=0.38 sys=0.00, real=0.04 secs] 
2016-09-25T23:25:30.545-0400: 31.283: [GC (GCLocker Initiated GC) [PSYoungGen: 156133K->59404K(175616K)] 425534K->343120K(699904K), 0.0074835 secs] [Times: user=0.06 sys=0.00, real=0.00 secs] 
2016-09-25T23:25:30.611-0400: 31.349: [GC (GCLocker Initiated GC) [PSYoungGen: 153612K->45685K(177152K)] 440092K->364241K(701440K), 0.0126464 secs] [Times: user=0.12 sys=0.01, real=0.02 secs] 
2016-09-25T23:25:30.669-0400: 31.407: [GC (GCLocker Initiated GC) [PSYoungGen: 142453K->56872K(178176K)] 469361K->400683K(702464K), 0.0072321 secs] [Times: user=0.07 sys=0.00, real=0.01 secs] 
2016-09-25T23:25:30.720-0400: 31.458: [GC (GCLocker Initiated GC) [PSYoungGen: 153640K->64818K(180224K)] 505697K->434185K(704512K), 0.0125876 secs] [Times: user=0.12 sys=0.00, real=0.01 secs] 
2016-09-25T23:25:30.787-0400: 31.526: [GC (GCLocker Initiated GC) [PSYoungGen: 165170K->38967K(180224K)] 534890K->429846K(704512K), 0.0130794 secs] [Times: user=0.13 sys=0.00, real=0.01 secs] 
2016-09-25T23:25:30.842-0400: 31.580: [GC (GCLocker Initiated GC) [PSYoungGen: 139319K->78417K(170496K)] 532983K->490498K(694784K), 0.0108638 secs] [Times: user=0.09 sys=0.01, real=0.01 secs] 
2016-09-25T23:25:30.908-0400: 31.646: [GC (GCLocker Initiated GC) [PSYoungGen: 167505K->52540K(175616K)] 589268K->498211K(699904K), 0.0105691 secs] [Times: user=0.08 sys=0.01, real=0.01 secs] 
2016-09-25T23:25:30.974-0400: 31.712: [GC (GCLocker Initiated GC) [PSYoungGen: 141628K->49547K(172544K)] 590111K->516497K(696832K), 0.0078119 secs] [Times: user=0.06 sys=0.01, real=0.01 secs] 
2016-09-25T23:25:31.024-0400: 31.762: [GC (GCLocker Initiated GC) [PSYoungGen: 139659K->52590K(174592K)] 609447K->543307K(698880K), 0.0105968 secs] [Times: user=0.09 sys=0.00, real=0.01 secs] 
2016-09-25T23:25:31.034-0400: 31.773: [Full GC (Ergonomics) [PSYoungGen: 52590K->0K(174592K)] [ParOldGen: 490717K->178397K(524288K)] 543307K->178397K(698880K), [Metaspace: 43515K->43515K(1087488K)], 0.0785418 secs] [Times: user=0.48 sys=0.01, real=0.07 secs] 
2016-09-25T23:25:31.149-0400: 31.887: [GC (GCLocker Initiated GC) [PSYoungGen: 90112K->55848K(172544K)] 271324K->237060K(696832K), 0.0084261 secs] [Times: user=0.07 sys=0.01, real=0.01 secs] 
2016-09-25T23:25:31.213-0400: 31.951: [GC (GCLocker Initiated GC) [PSYoungGen: 150056K->33478K(175616K)] 338255K->270384K(699904K), 0.0203761 secs] [Times: user=0.26 sys=0.00, real=0.02 secs] 
2016-09-25T23:25:31.280-0400: 32.019: [GC (GCLocker Initiated GC) [PSYoungGen: 127686K->58103K(179200K)] 364696K->314815K(703488K), 0.0069125 secs] [Times: user=0.09 sys=0.00, real=0.01 secs] 
2016-09-25T23:25:31.343-0400: 32.081: [GC (GCLocker Initiated GC) [PSYoungGen: 155895K->55343K(153600K)] 419692K->345840K(677888K), 0.0146974 secs] [Times: user=0.18 sys=0.01, real=0.01 secs] 
2016-09-25T23:25:31.406-0400: 32.144: [GC (GCLocker Initiated GC) [PSYoungGen: 153135K->78479K(171008K)] 457210K->394309K(695296K), 0.0126224 secs] [Times: user=0.07 sys=0.00, real=0.01 secs] 
2016-09-25T23:25:31.470-0400: 32.208: [GC (GCLocker Initiated GC) [PSYoungGen: 170639K->57730K(177152K)] 496017K->397577K(701440K), 0.0214462 secs] [Times: user=0.30 sys=0.01, real=0.02 secs] 
2016-09-25T23:25:31.539-0400: 32.277: [GC (GCLocker Initiated GC) [PSYoungGen: 149890K->60660K(171520K)] 495253K->418915K(695808K), 0.0077944 secs] [Times: user=0.07 sys=0.00, real=0.01 secs] 
2016-09-25T23:25:31.590-0400: 32.328: [GC (GCLocker Initiated GC) [PSYoungGen: 155380K->69074K(175616K)] 516563K->448551K(699904K), 0.0076422 secs] [Times: user=0.07 sys=0.00, real=0.01 secs] 
2016-09-25T23:25:31.637-0400: 32.376: [GC (GCLocker Initiated GC) [PSYoungGen: 163794K->75665K(171520K)] 543333K->475066K(695808K), 0.0071300 secs] [Times: user=0.10 sys=0.00, real=0.01 secs] 
2016-09-25T23:25:31.687-0400: 32.426: [GC (GCLocker Initiated GC) [PSYoungGen: 164753K->62257K(175616K)] 569621K->493711K(699904K), 0.0088972 secs] [Times: user=0.13 sys=0.00, real=0.01 secs] 
2016-09-25T23:25:31.740-0400: 32.478: [GC (GCLocker Initiated GC) [PSYoungGen: 151345K->54167K(171520K)] 588396K->526019K(695808K), 0.0143531 secs] [Times: user=0.16 sys=0.00, real=0.02 secs] 
2016-09-25T23:25:31.804-0400: 32.542: [GC (GCLocker Initiated GC) [PSYoungGen: 145303K->45903K(174592K)] 618063K->550774K(698880K), 0.0112792 secs] [Times: user=0.10 sys=0.00, real=0.01 secs] 
2016-09-25T23:25:31.815-0400: 32.553: [Full GC (Ergonomics) [PSYoungGen: 45903K->0K(174592K)] [ParOldGen: 504871K->177173K(524288K)] 550774K->177173K(698880K), [Metaspace: 43515K->43515K(1087488K)], 0.0591918 secs] [Times: user=0.42 sys=0.01, real=0.06 secs] 
2016-09-25T23:25:31.914-0400: 32.652: [GC (GCLocker Initiated GC) [PSYoungGen: 91136K->78831K(171520K)] 271756K->259451K(695808K), 0.0297160 secs] [Times: user=0.39 sys=0.01, real=0.03 secs] 
2016-09-25T23:25:31.997-0400: 32.735: [GC (GCLocker Initiated GC) [PSYoungGen: 166895K->44343K(175104K)] 351147K->261007K(699392K), 0.0096371 secs] [Times: user=0.08 sys=0.00, real=0.01 secs] 
2016-09-25T23:25:32.036-0400: 32.774: [GC (GCLocker Initiated GC) [PSYoungGen: 132407K->75764K(175104K)] 351879K->324521K(699392K), 0.0084315 secs] [Times: user=0.10 sys=0.00, real=0.01 secs] 
2016-09-25T23:25:32.107-0400: 32.845: [GC (GCLocker Initiated GC) [PSYoungGen: 163828K->45905K(175104K)] 429204K->325826K(699392K), 0.0057346 secs] [Times: user=0.05 sys=0.00, real=0.00 secs] 
2016-09-25T23:25:32.158-0400: 32.896: [GC (GCLocker Initiated GC) [PSYoungGen: 133969K->57972K(175104K)] 414079K->359256K(699392K), 0.0083137 secs] [Times: user=0.08 sys=0.02, real=0.01 secs] 
2016-09-25T23:25:32.215-0400: 32.953: [GC (GCLocker Initiated GC) [PSYoungGen: 146036K->55068K(143360K)] 450109K->376206K(667648K), 0.0074823 secs] [Times: user=0.06 sys=0.00, real=0.01 secs] 
2016-09-25T23:25:32.270-0400: 33.008: [GC (GCLocker Initiated GC) [PSYoungGen: 143132K->56771K(176128K)] 475299K->399100K(700416K), 0.0081315 secs] [Times: user=0.06 sys=0.00, real=0.01 secs] 
2016-09-25T23:25:32.332-0400: 33.070: [GC (GCLocker Initiated GC) [PSYoungGen: 146883K->71658K(174080K)] 498767K->439449K(698368K), 0.0098850 secs] [Times: user=0.08 sys=0.00, real=0.01 secs] 
2016-09-25T23:25:32.379-0400: 33.117: [GC (GCLocker Initiated GC) [PSYoungGen: 161770K->52518K(177152K)] 529643K->460523K(701440K), 0.0328958 secs] [Times: user=0.35 sys=0.00, real=0.03 secs] 
2016-09-25T23:25:32.461-0400: 33.199: [GC (GCLocker Initiated GC) [PSYoungGen: 143654K->51108K(142336K)] 559852K->492440K(666624K), 0.0119515 secs] [Times: user=0.12 sys=0.00, real=0.01 secs] 
2016-09-25T23:25:32.521-0400: 33.259: [GC (GCLocker Initiated GC) [PSYoungGen: 142244K->48252K(175104K)] 586493K->508233K(699392K), 0.0112449 secs] [Times: user=0.09 sys=0.00, real=0.01 secs] 
2016-09-25T23:25:32.569-0400: 33.307: [GC (GCLocker Initiated GC) [PSYoungGen: 139900K->52826K(174592K)] 606796K->538038K(698880K), 0.0169493 secs] [Times: user=0.16 sys=0.00, real=0.02 secs] 
2016-09-25T23:25:32.586-0400: 33.324: [Full GC (Ergonomics) [PSYoungGen: 52826K->0K(174592K)] [ParOldGen: 485211K->195805K(524288K)] 538038K->195805K(698880K), [Metaspace: 43515K->43515K(1087488K)], 0.0577762 secs] [Times: user=0.35 sys=0.01, real=0.06 secs] 
2016-09-25T23:25:32.704-0400: 33.442: [GC (GCLocker Initiated GC) [PSYoungGen: 91648K->58635K(177664K)] 314598K->281585K(701952K), 0.0082716 secs] [Times: user=0.09 sys=0.00, real=0.00 secs] 
2016-09-25T23:25:32.783-0400: 33.521: [GC (GCLocker Initiated GC) [PSYoungGen: 155915K->36231K(176640K)] 387133K->285195K(700928K), 0.0215362 secs] [Times: user=0.15 sys=0.02, real=0.02 secs] 
2016-09-25T23:25:32.839-0400: 33.577: [GC (GCLocker Initiated GC) [PSYoungGen: 133511K->56664K(180224K)] 382537K->318452K(704512K), 0.0090836 secs] [Times: user=0.07 sys=0.01, real=0.01 secs] 
2016-09-25T23:25:32.892-0400: 33.630: [GC (GCLocker Initiated GC) [PSYoungGen: 158552K->67418K(180736K)] 429901K->365363K(705024K), 0.0094327 secs] [Times: user=0.07 sys=0.01, real=0.01 secs] 
2016-09-25T23:25:32.949-0400: 33.687: [GC (GCLocker Initiated GC) [PSYoungGen: 169306K->48363K(182272K)] 471236K->390271K(706560K), 0.0087672 secs] [Times: user=0.06 sys=0.02, real=0.01 secs] 
2016-09-25T23:25:33.029-0400: 33.767: [GC (GCLocker Initiated GC) [PSYoungGen: 149739K->63011K(181248K)] 491725K->421975K(705536K), 0.0223385 secs] [Times: user=0.28 sys=0.01, real=0.02 secs] 
2016-09-25T23:25:33.112-0400: 33.850: [GC (GCLocker Initiated GC) [PSYoungGen: 164387K->60924K(180736K)] 528264K->446948K(705024K), 0.0081982 secs] [Times: user=0.10 sys=0.00, real=0.01 secs] 
2016-09-25T23:25:33.160-0400: 33.898: [GC (GCLocker Initiated GC) [PSYoungGen: 162812K->57761K(181248K)] 557202K->493703K(705536K), 0.0107184 secs] [Times: user=0.12 sys=0.02, real=0.01 secs] 
2016-09-25T23:25:33.231-0400: 33.969: [GC (GCLocker Initiated GC) [PSYoungGen: 159649K->52290K(180736K)] 595652K->521322K(705024K), 0.0123785 secs] [Times: user=0.14 sys=0.03, real=0.02 secs] 
2016-09-25T23:25:33.303-0400: 34.041: [GC (GCLocker Initiated GC) [PSYoungGen: 157250K->74181K(181248K)] 629083K->578960K(705536K), 0.0329599 secs] [Times: user=0.36 sys=0.01, real=0.03 secs] 
2016-09-25T23:25:33.336-0400: 34.074: [Full GC (Ergonomics) [PSYoungGen: 74181K->0K(181248K)] [ParOldGen: 504779K->206093K(524288K)] 578960K->206093K(705536K), [Metaspace: 43535K->43535K(1087488K)], 0.0496374 secs] [Times: user=0.40 sys=0.00, real=0.05 secs] 
2016-09-25T23:25:33.431-0400: 34.169: [GC (GCLocker Initiated GC) [PSYoungGen: 104960K->79781K(169984K)] 311218K->288740K(694272K), 0.0142251 secs] [Times: user=0.18 sys=0.00, real=0.02 secs] 
2016-09-25T23:25:33.505-0400: 34.243: [GC (GCLocker Initiated GC) [PSYoungGen: 168869K->63236K(175616K)] 384697K->311139K(699904K), 0.0122495 secs] [Times: user=0.16 sys=0.00, real=0.01 secs] 
2016-09-25T23:25:33.578-0400: 34.316: [GC (GCLocker Initiated GC) [PSYoungGen: 152324K->73770K(173056K)] 400467K->344273K(697344K), 0.0085323 secs] [Times: user=0.09 sys=0.00, real=0.01 secs] 
2016-09-25T23:25:33.620-0400: 34.358: [GC (GCLocker Initiated GC) [PSYoungGen: 161834K->69778K(175104K)] 435146K->367945K(699392K), 0.0078136 secs] [Times: user=0.12 sys=0.00, real=0.01 secs] 
2016-09-25T23:25:33.666-0400: 34.404: [GC (GCLocker Initiated GC) [PSYoungGen: 157842K->53825K(175104K)] 460339K->382421K(699392K), 0.0071544 secs] [Times: user=0.06 sys=0.00, real=0.00 secs] 
2016-09-25T23:25:33.720-0400: 34.458: [GC (GCLocker Initiated GC) [PSYoungGen: 141889K->50984K(139264K)] 470594K->415474K(663552K), 0.0143697 secs] [Times: user=0.13 sys=0.00, real=0.02 secs] 
2016-09-25T23:25:33.786-0400: 34.524: [GC (GCLocker Initiated GC) [PSYoungGen: 139048K->62022K(176640K)] 505017K->443399K(700928K), 0.0113390 secs] [Times: user=0.14 sys=0.00, real=0.01 secs] 
2016-09-25T23:25:33.845-0400: 34.584: [GC (GCLocker Initiated GC) [PSYoungGen: 152134K->41522K(174592K)] 533737K->467150K(698880K), 0.0081103 secs] [Times: user=0.11 sys=0.00, real=0.00 secs] 
2016-09-25T23:25:33.884-0400: 34.622: [GC (GCLocker Initiated GC) [PSYoungGen: 131634K->68559K(175616K)] 564198K->513803K(699904K), 0.0116973 secs] [Times: user=0.13 sys=0.00, real=0.01 secs] 
2016-09-25T23:25:33.946-0400: 34.684: [GC (GCLocker Initiated GC) [PSYoungGen: 158671K->41490K(132096K)] 606715K->524059K(656384K), 0.0119552 secs] [Times: user=0.13 sys=0.00, real=0.01 secs] 
2016-09-25T23:25:33.958-0400: 34.696: [Full GC (Ergonomics) [PSYoungGen: 41490K->0K(132096K)] [ParOldGen: 482568K->198816K(524288K)] 524059K->198816K(656384K), [Metaspace: 43536K->43536K(1087488K)], 0.0750953 secs] [Times: user=0.50 sys=0.01, real=0.07 secs] 
2016-09-25T23:25:34.075-0400: 34.813: [GC (GCLocker Initiated GC) [PSYoungGen: 90112K->78314K(174592K)] 289109K->277312K(698880K), 0.0062842 secs] [Times: user=0.06 sys=0.00, real=0.00 secs] 
2016-09-25T23:25:34.122-0400: 34.860: [GC (GCLocker Initiated GC) [PSYoungGen: 166378K->60507K(175104K)] 370803K->310394K(699392K), 0.0087165 secs] [Times: user=0.09 sys=0.00, real=0.01 secs] 
2016-09-25T23:25:34.168-0400: 34.907: [GC (GCLocker Initiated GC) [PSYoungGen: 148571K->38763K(175104K)] 398564K->323133K(699392K), 0.0114919 secs] [Times: user=0.10 sys=0.02, real=0.01 secs] 
2016-09-25T23:25:34.242-0400: 34.980: [GC (GCLocker Initiated GC) [PSYoungGen: 126827K->44135K(175104K)] 414013K->345509K(699392K), 0.0135476 secs] [Times: user=0.13 sys=0.01, real=0.02 secs] 
2016-09-25T23:25:34.310-0400: 35.048: [GC (GCLocker Initiated GC) [PSYoungGen: 132199K->52196K(173056K)] 436471K->370707K(697344K), 0.0073036 secs] [Times: user=0.07 sys=0.01, real=0.01 secs] 
2016-09-25T23:25:34.362-0400: 35.100: [GC (Allocation Failure) [PSYoungGen: 140260K->40096K(174080K)] 463081K->385121K(698368K), 0.0059557 secs] [Times: user=0.07 sys=0.01, real=0.01 secs] 
2016-09-25T23:25:34.398-0400: 35.136: [GC (GCLocker Initiated GC) [PSYoungGen: 128052K->52133K(169984K)] 475777K->427509K(694272K), 0.0091434 secs] [Times: user=0.09 sys=0.01, real=0.01 secs] 
2016-09-25T23:25:34.472-0400: 35.210: [GC (GCLocker Initiated GC) [PSYoungGen: 142245K->39917K(173056K)] 519058K->445625K(697344K), 0.0111030 secs] [Times: user=0.11 sys=0.00, real=0.02 secs] 
2016-09-25T23:25:34.546-0400: 35.284: [GC (GCLocker Initiated GC) [PSYoungGen: 130029K->64575K(177152K)] 539902K->497954K(701440K), 0.0151574 secs] [Times: user=0.13 sys=0.01, real=0.01 secs] 
2016-09-25T23:25:34.601-0400: 35.339: [GC (Allocation Failure) [PSYoungGen: 158783K->57793K(152064K)] 598952K->513438K(676352K), 0.0077892 secs] [Times: user=0.11 sys=0.00, real=0.01 secs] 
2016-09-25T23:25:34.644-0400: 35.382: [GC (GCLocker Initiated GC) [PSYoungGen: 152001K->65532K(176128K)] 607664K->546229K(700416K), 0.0096883 secs] [Times: user=0.11 sys=0.02, real=0.00 secs] 
2016-09-25T23:25:34.654-0400: 35.392: [Full GC (Ergonomics) [PSYoungGen: 65532K->0K(176128K)] [ParOldGen: 480696K->208166K(524288K)] 546229K->208166K(700416K), [Metaspace: 43537K->43537K(1087488K)], 0.0533322 secs] [Times: user=0.35 sys=0.02, real=0.06 secs] 
2016-09-25T23:25:34.751-0400: 35.489: [GC (GCLocker Initiated GC) [PSYoungGen: 93696K->75787K(169984K)] 314129K->296221K(694272K), 0.0142672 secs] [Times: user=0.16 sys=0.00, real=0.02 secs] 
2016-09-25T23:25:34.809-0400: 35.547: [GC (GCLocker Initiated GC) [PSYoungGen: 169483K->59003K(176128K)] 390102K->296908K(700416K), 0.0107522 secs] [Times: user=0.13 sys=0.01, real=0.01 secs] 
2016-09-25T23:25:34.856-0400: 35.594: [GC (GCLocker Initiated GC) [PSYoungGen: 148091K->63270K(152576K)] 389596K->343140K(676864K), 0.0090838 secs] [Times: user=0.13 sys=0.00, real=0.01 secs] 
2016-09-25T23:25:34.904-0400: 35.642: [GC (GCLocker Initiated GC) [PSYoungGen: 152358K->53544K(176640K)] 436409K->351758K(700928K), 0.0070980 secs] [Times: user=0.09 sys=0.00, real=0.00 secs] 
2016-09-25T23:25:34.951-0400: 35.689: [GC (GCLocker Initiated GC) [PSYoungGen: 144680K->48255K(174592K)] 445734K->370245K(698880K), 0.0065577 secs] [Times: user=0.07 sys=0.01, real=0.01 secs] 
2016-09-25T23:25:35.014-0400: 35.752: [GC (GCLocker Initiated GC) [PSYoungGen: 139391K->53901K(176640K)] 470616K->411305K(700928K), 0.0073363 secs] [Times: user=0.11 sys=0.01, real=0.00 secs] 
2016-09-25T23:25:35.071-0400: 35.809: [GC (GCLocker Initiated GC) [PSYoungGen: 149133K->46732K(175616K)] 506638K->427926K(699904K), 0.0095752 secs] [Times: user=0.09 sys=0.00, real=0.01 secs] 
2016-09-25T23:25:35.124-0400: 35.862: [GC (GCLocker Initiated GC) [PSYoungGen: 141964K->65955K(178688K)] 523294K->476187K(702976K), 0.0085460 secs] [Times: user=0.09 sys=0.00, real=0.00 secs] 
2016-09-25T23:25:35.185-0400: 35.923: [GC (GCLocker Initiated GC) [PSYoungGen: 164771K->44309K(180224K)] 584571K->479631K(704512K), 0.0121304 secs] [Times: user=0.11 sys=0.00, real=0.01 secs] 
2016-09-25T23:25:35.243-0400: 35.981: [GC (GCLocker Initiated GC) [PSYoungGen: 143125K->62950K(180224K)] 578551K->507233K(704512K), 0.0089916 secs] [Times: user=0.08 sys=0.00, real=0.00 secs] 
2016-09-25T23:25:35.304-0400: 36.042: [GC (GCLocker Initiated GC) [PSYoungGen: 162790K->49511K(180736K)] 609910K->512060K(705024K), 0.0109817 secs] [Times: user=0.10 sys=0.00, real=0.01 secs] 
2016-09-25T23:25:35.365-0400: 36.103: [GC (GCLocker Initiated GC) [PSYoungGen: 149351K->58832K(179712K)] 611987K->535519K(704000K), 0.0177175 secs] [Times: user=0.19 sys=0.00, real=0.02 secs] 
2016-09-25T23:25:35.431-0400: 36.169: [GC (GCLocker Initiated GC) [PSYoungGen: 160208K->53613K(180224K)] 642477K->552628K(704512K), 0.0079094 secs] [Times: user=0.08 sys=0.01, real=0.01 secs] 
2016-09-25T23:25:35.439-0400: 36.177: [Full GC (Ergonomics) [PSYoungGen: 53613K->0K(180224K)] [ParOldGen: 499015K->210331K(524288K)] 552628K->210331K(704512K), [Metaspace: 43544K->43544K(1087488K)], 0.0688206 secs] [Times: user=0.52 sys=0.00, real=0.07 secs] 
2016-09-25T23:25:35.559-0400: 36.297: [GC (GCLocker Initiated GC) [PSYoungGen: 101376K->66232K(180224K)] 315854K->280718K(704512K), 0.0084352 secs] [Times: user=0.08 sys=0.00, real=0.01 secs] 
2016-09-25T23:25:35.615-0400: 36.353: [GC (GCLocker Initiated GC) [PSYoungGen: 169656K->48121K(181760K)] 384262K->278539K(706048K), 0.0084351 secs] [Times: user=0.08 sys=0.01, real=0.01 secs] 
2016-09-25T23:25:35.665-0400: 36.403: [GC (GCLocker Initiated GC) [PSYoungGen: 151545K->67258K(180224K)] 386108K->326656K(704512K), 0.0081773 secs] [Times: user=0.09 sys=0.00, real=0.00 secs] 
2016-09-25T23:25:35.730-0400: 36.468: [GC (GCLocker Initiated GC) [PSYoungGen: 169658K->60211K(182272K)] 444116K->354209K(706560K), 0.0065770 secs] [Times: user=0.06 sys=0.01, real=0.01 secs] 
2016-09-25T23:25:35.789-0400: 36.527: [GC (GCLocker Initiated GC) [PSYoungGen: 162611K->50750K(179200K)] 456691K->361533K(703488K), 0.0140768 secs] [Times: user=0.12 sys=0.01, real=0.02 secs] 
2016-09-25T23:25:35.843-0400: 36.581: [GC (GCLocker Initiated GC) [PSYoungGen: 154174K->59144K(181248K)] 465085K->390861K(705536K), 0.0158064 secs] [Times: user=0.14 sys=0.01, real=0.01 secs] 
2016-09-25T23:25:35.904-0400: 36.642: [GC (GCLocker Initiated GC) [PSYoungGen: 162568K->72574K(178176K)] 497673K->424529K(702464K), 0.0129746 secs] [Times: user=0.14 sys=0.00, real=0.01 secs] 
2016-09-25T23:25:35.975-0400: 36.713: [GC (GCLocker Initiated GC) [PSYoungGen: 173950K->63093K(181760K)] 528692K->440155K(706048K), 0.0072416 secs] [Times: user=0.08 sys=0.00, real=0.01 secs] 
2016-09-25T23:25:36.028-0400: 36.766: [GC (GCLocker Initiated GC) [PSYoungGen: 164469K->71246K(177152K)] 541666K->473352K(701440K), 0.0078077 secs] [Times: user=0.08 sys=0.00, real=0.01 secs] 
2016-09-25T23:25:36.071-0400: 36.809: [GC (GCLocker Initiated GC) [PSYoungGen: 168526K->71771K(169472K)] 584267K->500208K(693760K), 0.0105736 secs] [Times: user=0.09 sys=0.00, real=0.01 secs] 
2016-09-25T23:25:36.141-0400: 36.879: [GC (GCLocker Initiated GC) [PSYoungGen: 169051K->60455K(179712K)] 602945K->515605K(704000K), 0.0117713 secs] [Times: user=0.10 sys=0.03, real=0.01 secs] 
2016-09-25T23:25:36.192-0400: 36.930: [GC (GCLocker Initiated GC) [PSYoungGen: 155687K->53493K(148992K)] 610923K->529542K(673280K), 0.0070463 secs] [Times: user=0.06 sys=0.01, real=0.01 secs] 
2016-09-25T23:25:36.240-0400: 36.978: [GC (GCLocker Initiated GC) [PSYoungGen: 148725K->61895K(179200K)] 633090K->567005K(703488K), 0.0099062 secs] [Times: user=0.09 sys=0.00, real=0.01 secs] 
2016-09-25T23:25:36.250-0400: 36.988: [Full GC (Ergonomics) [PSYoungGen: 61895K->0K(179200K)] [ParOldGen: 505110K->223612K(524288K)] 567005K->223612K(703488K), [Metaspace: 43674K->43674K(1087488K)], 0.0689373 secs] [Times: user=0.34 sys=0.02, real=0.07 secs] 
2016-09-25T23:25:36.368-0400: 37.106: [GC (GCLocker Initiated GC) [PSYoungGen: 97280K->55149K(177152K)] 323692K->281561K(701440K), 0.0069391 secs] [Times: user=0.06 sys=0.00, real=0.01 secs] 
2016-09-25T23:25:36.414-0400: 37.152: [GC (GCLocker Initiated GC) [PSYoungGen: 152429K->61825K(180736K)] 379012K->312103K(705024K), 0.0152536 secs] [Times: user=0.17 sys=0.00, real=0.01 secs] 
2016-09-25T23:25:36.475-0400: 37.213: [GC (GCLocker Initiated GC) [PSYoungGen: 163713K->63209K(179712K)] 414078K->341281K(704000K), 0.0130810 secs] [Times: user=0.15 sys=0.00, real=0.01 secs] 
2016-09-25T23:25:36.529-0400: 37.267: [GC (GCLocker Initiated GC) [PSYoungGen: 165097K->63231K(183296K)] 447477K->367813K(707584K), 0.0107759 secs] [Times: user=0.12 sys=0.01, real=0.01 secs] 
2016-09-25T23:25:36.593-0400: 37.331: [GC (GCLocker Initiated GC) [PSYoungGen: 169215K->53804K(182784K)] 488924K->393096K(707072K), 0.0077252 secs] [Times: user=0.08 sys=0.00, real=0.01 secs] 
2016-09-25T23:25:36.660-0400: 37.398: [GC (GCLocker Initiated GC) [PSYoungGen: 159788K->49356K(184320K)] 503281K->413918K(708608K), 0.0109924 secs] [Times: user=0.10 sys=0.00, real=0.01 secs] 
2016-09-25T23:25:36.708-0400: 37.446: [GC (GCLocker Initiated GC) [PSYoungGen: 157388K->65882K(184320K)] 526086K->459253K(708608K), 0.0117583 secs] [Times: user=0.11 sys=0.00, real=0.01 secs] 
2016-09-25T23:25:36.780-0400: 37.518: [GC (GCLocker Initiated GC) [PSYoungGen: 173914K->69884K(180736K)] 571417K->489725K(705024K), 0.0121229 secs] [Times: user=0.15 sys=0.00, real=0.01 secs] 
2016-09-25T23:25:36.844-0400: 37.583: [GC (GCLocker Initiated GC) [PSYoungGen: 173308K->77930K(181760K)] 595946K->518740K(706048K), 0.0101932 secs] [Times: user=0.16 sys=0.01, real=0.01 secs] 
2016-09-25T23:25:36.904-0400: 37.642: [GC (GCLocker Initiated GC) [PSYoungGen: 181354K->66080K(176640K)] 630754K->549762K(700928K), 0.0139519 secs] [Times: user=0.18 sys=0.00, real=0.01 secs] 
2016-09-25T23:25:36.962-0400: 37.700: [Full GC (Ergonomics) [PSYoungGen: 162336K->0K(176640K)] [ParOldGen: 491984K->225456K(524288K)] 654320K->225456K(700928K), [Metaspace: 43674K->43674K(1087488K)], 0.0619905 secs] [Times: user=0.40 sys=0.00, real=0.07 secs] 
2016-09-25T23:25:37.071-0400: 37.809: [GC (GCLocker Initiated GC) [PSYoungGen: 96256K->72693K(168960K)] 324570K->301008K(693248K), 0.0359104 secs] [Times: user=0.39 sys=0.01, real=0.04 secs] 
2016-09-25T23:25:37.158-0400: 37.896: [GC (GCLocker Initiated GC) [PSYoungGen: 168949K->42657K(175104K)] 397351K->301478K(699392K), 0.0091242 secs] [Times: user=0.07 sys=0.01, real=0.01 secs] 
2016-09-25T23:25:37.202-0400: 37.940: [GC (GCLocker Initiated GC) [PSYoungGen: 132769K->83651K(174080K)] 401260K->390473K(698368K), 0.0142359 secs] [Times: user=0.16 sys=0.00, real=0.02 secs] 
2016-09-25T23:25:37.268-0400: 38.007: [GC (GCLocker Initiated GC) [PSYoungGen: 173763K->46659K(175104K)] 481120K->375011K(699392K), 0.0111308 secs] [Times: user=0.08 sys=0.00, real=0.01 secs] 
2016-09-25T23:25:37.313-0400: 38.051: [GC (GCLocker Initiated GC) [PSYoungGen: 134723K->49519K(175104K)] 468635K->409637K(699392K), 0.0182430 secs] [Times: user=0.18 sys=0.00, real=0.02 secs] 
2016-09-25T23:25:37.386-0400: 38.124: [GC (GCLocker Initiated GC) [PSYoungGen: 137583K->54940K(175104K)] 500706K->444292K(699392K), 0.0082138 secs] [Times: user=0.06 sys=0.01, real=0.01 secs] 
2016-09-25T23:25:37.436-0400: 38.174: [GC (GCLocker Initiated GC) [PSYoungGen: 143004K->31922K(175104K)] 545924K->462383K(699392K), 0.0312258 secs] [Times: user=0.26 sys=0.01, real=0.03 secs] 
2016-09-25T23:25:37.514-0400: 38.252: [GC (GCLocker Initiated GC) [PSYoungGen: 119986K->49390K(175104K)] 554657K->502243K(699392K), 0.0436198 secs] [Times: user=0.51 sys=0.00, real=0.05 secs] 
2016-09-25T23:25:37.607-0400: 38.345: [GC (GCLocker Initiated GC) [PSYoungGen: 137454K->59058K(175104K)] 597229K->539626K(699392K), 0.0117116 secs] [Times: user=0.11 sys=0.00, real=0.01 secs] 
2016-09-25T23:25:37.661-0400: 38.399: [Full GC (Ergonomics) [PSYoungGen: 147122K->0K(175104K)] [ParOldGen: 490361K->231774K(524288K)] 637483K->231774K(699392K), [Metaspace: 43674K->43674K(1087488K)], 0.0659411 secs] [Times: user=0.46 sys=0.01, real=0.07 secs] 
2016-09-25T23:25:37.776-0400: 38.514: [GC (GCLocker Initiated GC) [PSYoungGen: 88064K->55198K(169984K)] 325851K->292986K(694272K), 0.0137697 secs] [Times: user=0.14 sys=0.00, real=0.01 secs] 
2016-09-25T23:25:37.820-0400: 38.558: [GC (GCLocker Initiated GC) [PSYoungGen: 143262K->50821K(172544K)] 383896K->316562K(696832K), 0.0109770 secs] [Times: user=0.08 sys=0.01, real=0.01 secs] 
2016-09-25T23:25:37.875-0400: 38.613: [GC (GCLocker Initiated GC) [PSYoungGen: 138885K->54827K(172032K)] 407430K->352313K(696320K), 0.0257604 secs] [Times: user=0.26 sys=0.01, real=0.02 secs] 
2016-09-25T23:25:37.945-0400: 38.683: [GC (GCLocker Initiated GC) [PSYoungGen: 150059K->37597K(175104K)] 459749K->388351K(699392K), 0.0083587 secs] [Times: user=0.09 sys=0.00, real=0.00 secs] 
2016-09-25T23:25:38.001-0400: 38.739: [GC (GCLocker Initiated GC) [PSYoungGen: 132829K->64534K(179200K)] 487778K->424255K(703488K), 0.0079962 secs] [Times: user=0.07 sys=0.00, real=0.01 secs] 
2016-09-25T23:25:38.060-0400: 38.798: [GC (GCLocker Initiated GC) [PSYoungGen: 162838K->50746K(149504K)] 526816K->438326K(673792K), 0.0110985 secs] [Times: user=0.09 sys=0.00, real=0.01 secs] 
2016-09-25T23:25:38.113-0400: 38.851: [GC (GCLocker Initiated GC) [PSYoungGen: 149050K->52294K(182272K)] 540812K->462026K(706560K), 0.0145416 secs] [Times: user=0.13 sys=0.00, real=0.02 secs] 
2016-09-25T23:25:38.176-0400: 38.914: [GC (GCLocker Initiated GC) [PSYoungGen: 154182K->52174K(179712K)] 566834K->484452K(704000K), 0.0101315 secs] [Times: user=0.10 sys=0.00, real=0.01 secs] 
2016-09-25T23:25:38.237-0400: 38.975: [GC (GCLocker Initiated GC) [PSYoungGen: 154062K->56204K(181760K)] 589175K->506626K(706048K), 0.0244605 secs] [Times: user=0.24 sys=0.01, real=0.02 secs] 
2016-09-25T23:25:38.304-0400: 39.042: [GC (GCLocker Initiated GC) [PSYoungGen: 161676K->70046K(180224K)] 620295K->541469K(704512K), 0.0285672 secs] [Times: user=0.35 sys=0.00, real=0.02 secs] 
2016-09-25T23:25:38.385-0400: 39.123: [GC (GCLocker Initiated GC) [PSYoungGen: 175518K->56283K(185344K)] 647003K->548778K(709632K), 0.0141938 secs] [Times: user=0.14 sys=0.00, real=0.01 secs] 
2016-09-25T23:25:38.399-0400: 39.137: [Full GC (Ergonomics) [PSYoungGen: 56283K->0K(185344K)] [ParOldGen: 492494K->222357K(524288K)] 548778K->222357K(709632K), [Metaspace: 43677K->43677K(1087488K)], 0.0719761 secs] [Times: user=0.39 sys=0.02, real=0.07 secs] 
2016-09-25T23:25:38.515-0400: 39.253: [GC (GCLocker Initiated GC) [PSYoungGen: 107520K->75909K(183808K)] 332706K->319996K(708096K), 0.0117515 secs] [Times: user=0.12 sys=0.00, real=0.01 secs] 
2016-09-25T23:25:38.587-0400: 39.325: [GC (GCLocker Initiated GC) [PSYoungGen: 183429K->38835K(175616K)] 437109K->323330K(699904K), 0.0090527 secs] [Times: user=0.09 sys=0.00, real=0.01 secs] 
2016-09-25T23:25:38.642-0400: 39.381: [GC (GCLocker Initiated GC) [PSYoungGen: 136115K->49649K(179712K)] 427391K->360484K(704000K), 0.0267287 secs] [Times: user=0.33 sys=0.00, real=0.02 secs] 
2016-09-25T23:25:38.727-0400: 39.465: [GC (GCLocker Initiated GC) [PSYoungGen: 146929K->80883K(168960K)] 460668K->420953K(693248K), 0.0149986 secs] [Times: user=0.17 sys=0.02, real=0.01 secs] 
2016-09-25T23:25:38.794-0400: 39.532: [GC (GCLocker Initiated GC) [PSYoungGen: 168947K->57686K(175104K)] 509172K->421607K(699392K), 0.0081014 secs] [Times: user=0.08 sys=0.00, real=0.01 secs] 
2016-09-25T23:25:38.832-0400: 39.570: [GC (GCLocker Initiated GC) [PSYoungGen: 145750K->56353K(175104K)] 512425K->442403K(699392K), 0.0093762 secs] [Times: user=0.09 sys=0.00, real=0.01 secs] 
2016-09-25T23:25:38.883-0400: 39.621: [GC (GCLocker Initiated GC) [PSYoungGen: 144417K->40105K(175104K)] 538808K->466274K(699392K), 0.0126547 secs] [Times: user=0.11 sys=0.00, real=0.01 secs] 
2016-09-25T23:25:38.936-0400: 39.674: [GC (GCLocker Initiated GC) [PSYoungGen: 128169K->61763K(175104K)] 557132K->500740K(699392K), 0.0138296 secs] [Times: user=0.14 sys=0.00, real=0.01 secs] 
2016-09-25T23:25:39.017-0400: 39.755: [GC (GCLocker Initiated GC) [PSYoungGen: 149827K->44065K(175104K)] 591656K->514913K(699392K), 0.0085547 secs] [Times: user=0.07 sys=0.00, real=0.01 secs] 
2016-09-25T23:25:39.055-0400: 39.793: [GC (GCLocker Initiated GC) [PSYoungGen: 132129K->74040K(175104K)] 603212K->559232K(699392K), 0.0083129 secs] [Times: user=0.10 sys=0.00, real=0.01 secs] 
2016-09-25T23:25:39.063-0400: 39.801: [Full GC (Ergonomics) [PSYoungGen: 74040K->0K(175104K)] [ParOldGen: 485192K->220724K(524288K)] 559232K->220724K(699392K), [Metaspace: 43678K->43678K(1087488K)], 0.1756330 secs] [Times: user=2.51 sys=0.00, real=0.17 secs] 
2016-09-25T23:25:39.290-0400: 40.028: [GC (GCLocker Initiated GC) [PSYoungGen: 88064K->64699K(175104K)] 314246K->290882K(699392K), 0.0153472 secs] [Times: user=0.12 sys=0.00, real=0.02 secs] 
2016-09-25T23:25:39.355-0400: 40.093: [GC (GCLocker Initiated GC) [PSYoungGen: 152763K->53836K(175104K)] 379061K->298598K(699392K), 0.0104781 secs] [Times: user=0.09 sys=0.00, real=0.01 secs] 
2016-09-25T23:25:39.432-0400: 40.170: [GC (GCLocker Initiated GC) [PSYoungGen: 141900K->68766K(175104K)] 389537K->336022K(699392K), 0.0110660 secs] [Times: user=0.13 sys=0.01, real=0.02 secs] 
2016-09-25T23:25:39.483-0400: 40.221: [GC (GCLocker Initiated GC) [PSYoungGen: 156830K->54933K(175104K)] 424277K->363670K(699392K), 0.0090835 secs] [Times: user=0.11 sys=0.00, real=0.00 secs] 
2016-09-25T23:25:39.523-0400: 40.261: [GC (Allocation Failure) [PSYoungGen: 142997K->60775K(148992K)] 455924K->387643K(673280K), 0.0182247 secs] [Times: user=0.21 sys=0.01, real=0.01 secs] 
2016-09-25T23:25:39.583-0400: 40.321: [GC (GCLocker Initiated GC) [PSYoungGen: 148739K->38652K(172544K)] 482358K->394786K(696832K), 0.0101163 secs] [Times: user=0.08 sys=0.01, real=0.00 secs] 
2016-09-25T23:25:39.651-0400: 40.389: [GC (GCLocker Initiated GC) [PSYoungGen: 125692K->61769K(173568K)] 487282K->444066K(697856K), 0.0111134 secs] [Times: user=0.10 sys=0.00, real=0.02 secs] 
2016-09-25T23:25:39.720-0400: 40.458: [GC (GCLocker Initiated GC) [PSYoungGen: 148809K->35982K(174080K)] 536550K->467495K(698368K), 0.0177460 secs] [Times: user=0.19 sys=0.01, real=0.02 secs] 
2016-09-25T23:25:39.771-0400: 40.509: [GC (GCLocker Initiated GC) [PSYoungGen: 125070K->56400K(145920K)] 561289K->513495K(670208K), 0.0157661 secs] [Times: user=0.18 sys=0.01, real=0.02 secs] 
2016-09-25T23:25:39.839-0400: 40.577: [GC (GCLocker Initiated GC) [PSYoungGen: 145488K->47965K(176128K)] 602742K->526164K(700416K), 0.0110074 secs] [Times: user=0.10 sys=0.01, real=0.01 secs] 
2016-09-25T23:25:39.923-0400: 40.661: [GC (GCLocker Initiated GC) [PSYoungGen: 140637K->45793K(174592K)] 621602K->566379K(698880K), 0.0189019 secs] [Times: user=0.18 sys=0.03, real=0.01 secs] 
2016-09-25T23:25:39.942-0400: 40.680: [Full GC (Ergonomics) [PSYoungGen: 45793K->0K(174592K)] [ParOldGen: 520586K->216423K(524288K)] 566379K->216423K(698880K), [Metaspace: 43687K->43687K(1087488K)], 0.0628039 secs] [Times: user=0.39 sys=0.01, real=0.07 secs] 
2016-09-25T23:25:40.048-0400: 40.787: [GC (GCLocker Initiated GC) [PSYoungGen: 92672K->64745K(176640K)] 315982K->288055K(700928K), 0.0134129 secs] [Times: user=0.16 sys=0.00, real=0.01 secs] 
2016-09-25T23:25:40.115-0400: 40.853: [GC (GCLocker Initiated GC) [PSYoungGen: 160489K->71331K(167424K)] 394637K->310352K(691712K), 0.0124196 secs] [Times: user=0.08 sys=0.00, real=0.01 secs] 
2016-09-25T23:25:40.185-0400: 40.923: [GC (GCLocker Initiated GC) [PSYoungGen: 167075K->53491K(179200K)] 406118K->316272K(703488K), 0.0068998 secs] [Times: user=0.07 sys=0.00, real=0.00 secs] 
2016-09-25T23:25:40.230-0400: 40.968: [GC (GCLocker Initiated GC) [PSYoungGen: 147187K->55085K(148992K)] 412812K->346866K(673280K), 0.0134150 secs] [Times: user=0.12 sys=0.00, real=0.02 secs] 
2016-09-25T23:25:40.275-0400: 41.013: [GC (GCLocker Initiated GC) [PSYoungGen: 148781K->65863K(173568K)] 440607K->380003K(697856K), 0.0082519 secs] [Times: user=0.07 sys=0.00, real=0.01 secs] 
2016-09-25T23:25:40.334-0400: 41.072: [GC (GCLocker Initiated GC) [PSYoungGen: 158535K->51089K(174592K)] 475488K->393097K(698880K), 0.0074132 secs] [Times: user=0.08 sys=0.01, real=0.00 secs] 
2016-09-25T23:25:40.379-0400: 41.117: [GC (GCLocker Initiated GC) [PSYoungGen: 143761K->74079K(173568K)] 491329K->439912K(697856K), 0.0126731 secs] [Times: user=0.14 sys=0.00, real=0.01 secs] 
2016-09-25T23:25:40.446-0400: 41.184: [GC (GCLocker Initiated GC) [PSYoungGen: 167263K->60356K(177664K)] 535878K->460849K(701952K), 0.0078050 secs] [Times: user=0.08 sys=0.01, real=0.01 secs] 
2016-09-25T23:25:40.495-0400: 41.233: [GC (GCLocker Initiated GC) [PSYoungGen: 153540K->55209K(172032K)] 554261K->482084K(696320K), 0.0068344 secs] [Times: user=0.08 sys=0.00, real=0.00 secs] 
2016-09-25T23:25:40.552-0400: 41.290: [GC (GCLocker Initiated GC) [PSYoungGen: 149929K->64564K(175616K)] 579542K->515124K(699904K), 0.0085773 secs] [Times: user=0.08 sys=0.00, real=0.01 secs] 
2016-09-25T23:25:40.610-0400: 41.348: [GC (GCLocker Initiated GC) [PSYoungGen: 159284K->41529K(179200K)] 614022K->510401K(703488K), 0.0070148 secs] [Times: user=0.06 sys=0.01, real=0.01 secs] 
2016-09-25T23:25:40.664-0400: 41.402: [GC (GCLocker Initiated GC) [PSYoungGen: 139833K->68513K(166912K)] 608966K->565327K(691200K), 0.0084621 secs] [Times: user=0.10 sys=0.00, real=0.00 secs] 
2016-09-25T23:25:40.673-0400: 41.411: [Full GC (Ergonomics) [PSYoungGen: 68513K->0K(166912K)] [ParOldGen: 496814K->226481K(524288K)] 565327K->226481K(691200K), [Metaspace: 43687K->43687K(1087488K)], 0.0550007 secs] [Times: user=0.37 sys=0.01, real=0.06 secs] 
2016-09-25T23:25:40.778-0400: 41.516: [GC (GCLocker Initiated GC) [PSYoungGen: 98304K->56365K(180736K)] 324906K->282967K(705024K), 0.0094342 secs] [Times: user=0.06 sys=0.01, real=0.01 secs] 
2016-09-25T23:25:40.824-0400: 41.562: [GC (GCLocker Initiated GC) [PSYoungGen: 153645K->67311K(178688K)] 380339K->305577K(702976K), 0.0073069 secs] [Times: user=0.08 sys=0.01, real=0.00 secs] 
2016-09-25T23:25:40.882-0400: 41.620: [GC (GCLocker Initiated GC) [PSYoungGen: 164591K->58876K(177664K)] 405598K->320886K(701952K), 0.0099140 secs] [Times: user=0.07 sys=0.00, real=0.01 secs] 
2016-09-25T23:25:40.934-0400: 41.672: [GC (GCLocker Initiated GC) [PSYoungGen: 157180K->53685K(178688K)] 419277K->336583K(702976K), 0.0070921 secs] [Times: user=0.05 sys=0.00, real=0.00 secs] 
2016-09-25T23:25:41.000-0400: 41.738: [GC (GCLocker Initiated GC) [PSYoungGen: 151989K->51017K(181248K)] 453870K->380589K(705536K), 0.0094704 secs] [Times: user=0.07 sys=0.00, real=0.01 secs] 
2016-09-25T23:25:41.070-0400: 41.808: [GC (GCLocker Initiated GC) [PSYoungGen: 153929K->55106K(181248K)] 486273K->407106K(705536K), 0.0070078 secs] [Times: user=0.09 sys=0.00, real=0.01 secs] 
2016-09-25T23:25:41.116-0400: 41.854: [GC (GCLocker Initiated GC) [PSYoungGen: 158018K->70015K(179712K)] 510192K->457872K(704000K), 0.0088552 secs] [Times: user=0.11 sys=0.00, real=0.01 secs] 
2016-09-25T23:25:41.175-0400: 41.913: [GC (GCLocker Initiated GC) [PSYoungGen: 172927K->73962K(177152K)] 566262K->481442K(701440K), 0.0076827 secs] [Times: user=0.08 sys=0.00, real=0.01 secs] 
2016-09-25T23:25:41.228-0400: 41.966: [GC (GCLocker Initiated GC) [PSYoungGen: 176874K->64564K(179712K)] 587117K->505201K(704000K), 0.0113669 secs] [Times: user=0.13 sys=0.00, real=0.01 secs] 
2016-09-25T23:25:41.285-0400: 42.023: [GC (GCLocker Initiated GC) [PSYoungGen: 161332K->48245K(179200K)] 604777K->531446K(703488K), 0.0075273 secs] [Times: user=0.06 sys=0.00, real=0.00 secs] 
2016-09-25T23:25:41.293-0400: 42.031: [Full GC (Ergonomics) [PSYoungGen: 48245K->0K(179200K)] [ParOldGen: 483200K->230134K(524288K)] 531446K->230134K(703488K), [Metaspace: 43687K->43687K(1087488K)], 0.0871801 secs] [Times: user=0.52 sys=0.02, real=0.09 secs] 
2016-09-25T23:25:41.424-0400: 42.162: [GC (GCLocker Initiated GC) [PSYoungGen: 96768K->68963K(177664K)] 331400K->303596K(701952K), 0.0159386 secs] [Times: user=0.17 sys=0.00, real=0.01 secs] 
2016-09-25T23:25:41.491-0400: 42.229: [GC (GCLocker Initiated GC) [PSYoungGen: 164195K->56228K(151552K)] 399296K->308576K(675840K), 0.0131126 secs] [Times: user=0.10 sys=0.01, real=0.02 secs] 
2016-09-25T23:25:41.543-0400: 42.281: [GC (GCLocker Initiated GC) [PSYoungGen: 151460K->52289K(179200K)] 404076K->335163K(703488K), 0.0282770 secs] [Times: user=0.29 sys=0.00, real=0.02 secs] 
2016-09-25T23:25:41.620-0400: 42.358: [GC (GCLocker Initiated GC) [PSYoungGen: 149569K->48136K(178176K)] 433300K->356748K(702464K), 0.0110280 secs] [Times: user=0.08 sys=0.01, real=0.01 secs] 
2016-09-25T23:25:41.670-0400: 42.408: [GC (GCLocker Initiated GC) [PSYoungGen: 145416K->40073K(179712K)] 459493K->380427K(704000K), 0.0107007 secs] [Times: user=0.11 sys=0.00, real=0.01 secs] 
2016-09-25T23:25:41.733-0400: 42.471: [GC (GCLocker Initiated GC) [PSYoungGen: 138889K->36027K(135168K)] 488974K->398877K(659456K), 0.0067600 secs] [Times: user=0.04 sys=0.00, real=0.01 secs] 
2016-09-25T23:25:41.780-0400: 42.518: [GC (GCLocker Initiated GC) [PSYoungGen: 134843K->64404K(177664K)] 503297K->441634K(701952K), 0.0246854 secs] [Times: user=0.27 sys=0.00, real=0.03 secs] 
2016-09-25T23:25:41.854-0400: 42.593: [GC (GCLocker Initiated GC) [PSYoungGen: 159636K->49488K(144896K)] 537004K->454414K(669184K), 0.0089602 secs] [Times: user=0.08 sys=0.00, real=0.01 secs] 
2016-09-25T23:25:41.906-0400: 42.644: [GC (GCLocker Initiated GC) [PSYoungGen: 144720K->63050K(178176K)] 552562K->482265K(702464K), 0.0160740 secs] [Times: user=0.16 sys=0.00, real=0.01 secs] 
2016-09-25T23:25:41.971-0400: 42.709: [GC (GCLocker Initiated GC) [PSYoungGen: 159306K->67148K(178176K)] 578649K->493791K(702464K), 0.0182128 secs] [Times: user=0.18 sys=0.00, real=0.02 secs] 
2016-09-25T23:25:42.043-0400: 42.781: [GC (GCLocker Initiated GC) [PSYoungGen: 163404K->48112K(178688K)] 601971K->508877K(702976K), 0.0196741 secs] [Times: user=0.18 sys=0.00, real=0.02 secs] 
2016-09-25T23:25:42.109-0400: 42.847: [GC (GCLocker Initiated GC) [PSYoungGen: 143856K->45397K(178176K)] 616978K->536643K(702464K), 0.0136141 secs] [Times: user=0.11 sys=0.00, real=0.02 secs] 
2016-09-25T23:25:42.123-0400: 42.861: [Full GC (Ergonomics) [PSYoungGen: 45397K->0K(178176K)] [ParOldGen: 491246K->231777K(524288K)] 536643K->231777K(702464K), [Metaspace: 43687K->43687K(1087488K)], 0.0729556 secs] [Times: user=0.42 sys=0.00, real=0.07 secs] 
2016-09-25T23:25:42.249-0400: 42.987: [GC (GCLocker Initiated GC) [PSYoungGen: 95744K->67499K(176128K)] 336562K->308318K(700416K), 0.0103111 secs] [Times: user=0.10 sys=0.00, real=0.01 secs] 
2016-09-25T23:25:42.302-0400: 43.040: [GC (GCLocker Initiated GC) [PSYoungGen: 161707K->36093K(130560K)] 408008K->306198K(654848K), 0.0253442 secs] [Times: user=0.26 sys=0.00, real=0.03 secs] 
2016-09-25T23:25:42.379-0400: 43.117: [GC (GCLocker Initiated GC) [PSYoungGen: 130301K->46798K(179712K)] 401981K->333949K(704000K), 0.0096636 secs] [Times: user=0.06 sys=0.00, real=0.01 secs] 
2016-09-25T23:25:42.434-0400: 43.172: [GC (GCLocker Initiated GC) [PSYoungGen: 142030K->39954K(135680K)] 429257K->346680K(659968K), 0.0163062 secs] [Times: user=0.16 sys=0.01, real=0.02 secs] 
2016-09-25T23:25:42.501-0400: 43.239: [GC (GCLocker Initiated GC) [PSYoungGen: 135186K->37423K(177664K)] 442002K->363732K(701952K), 0.0111747 secs] [Times: user=0.08 sys=0.00, real=0.01 secs] 
2016-09-25T23:25:42.551-0400: 43.289: [GC (GCLocker Initiated GC) [PSYoungGen: 133167K->79509K(175616K)] 465036K->447183K(699904K), 0.0094403 secs] [Times: user=0.12 sys=0.00, real=0.01 secs] 
2016-09-25T23:25:42.601-0400: 43.339: [GC (GCLocker Initiated GC) [PSYoungGen: 175253K->56369K(175616K)] 543358K->453577K(699904K), 0.0077747 secs] [Times: user=0.07 sys=0.00, real=0.01 secs] 
2016-09-25T23:25:42.651-0400: 43.389: [GC (GCLocker Initiated GC) [PSYoungGen: 145457K->34580K(175616K)] 547334K->458692K(699904K), 0.0060780 secs] [Times: user=0.05 sys=0.00, real=0.01 secs] 
2016-09-25T23:25:42.692-0400: 43.430: [GC (GCLocker Initiated GC) [PSYoungGen: 123668K->63097K(174592K)] 550641K->513518K(698880K), 0.0095209 secs] [Times: user=0.08 sys=0.01, real=0.01 secs] 
2016-09-25T23:25:42.748-0400: 43.486: [GC (GCLocker Initiated GC) [PSYoungGen: 151161K->46773K(135168K)] 601699K->510030K(659456K), 0.0157486 secs] [Times: user=0.18 sys=0.00, real=0.02 secs] 
2016-09-25T23:25:42.796-0400: 43.534: [GC (GCLocker Initiated GC) [PSYoungGen: 134837K->82024K(171520K)] 598184K->583872K(695808K), 0.0118336 secs] [Times: user=0.16 sys=0.00, real=0.01 secs] 
2016-09-25T23:25:42.808-0400: 43.546: [Full GC (Ergonomics) [PSYoungGen: 82024K->0K(171520K)] [ParOldGen: 501848K->238151K(524288K)] 583872K->238151K(695808K), [Metaspace: 43693K->43693K(1087488K)], 0.0696152 secs] [Times: user=0.49 sys=0.00, real=0.07 secs] 
2016-09-25T23:25:42.912-0400: 43.650: [GC (GCLocker Initiated GC) [PSYoungGen: 86528K->72916K(173568K)] 333031K->319419K(697856K), 0.0087176 secs] [Times: user=0.09 sys=0.00, real=0.01 secs] 
2016-09-25T23:25:42.970-0400: 43.708: [GC (GCLocker Initiated GC) [PSYoungGen: 159444K->40031K(175104K)] 410255K->313349K(699392K), 0.0097935 secs] [Times: user=0.05 sys=0.01, real=0.01 secs] 
2016-09-25T23:25:43.016-0400: 43.754: [GC (GCLocker Initiated GC) [PSYoungGen: 128095K->79381K(175104K)] 405631K->385753K(699392K), 0.0115510 secs] [Times: user=0.11 sys=0.01, real=0.01 secs] 
2016-09-25T23:25:43.068-0400: 43.806: [GC (GCLocker Initiated GC) [PSYoungGen: 167445K->67088K(175104K)] 478004K->405244K(699392K), 0.0078732 secs] [Times: user=0.07 sys=0.00, real=0.01 secs] 
2016-09-25T23:25:44.575-0400: 45.313: [GC (GCLocker Initiated GC) [PSYoungGen: 155152K->63210K(175104K)] 512475K->426430K(699392K), 0.0102586 secs] [Times: user=0.05 sys=0.00, real=0.01 secs] 
2016-09-25T23:25:44.649-0400: 45.387: [GC (GCLocker Initiated GC) [PSYoungGen: 151274K->46570K(175104K)] 522779K->425439K(699392K), 0.0077414 secs] [Times: user=0.06 sys=0.00, real=0.01 secs] 
2016-09-25T23:25:44.694-0400: 45.432: [GC (GCLocker Initiated GC) [PSYoungGen: 134634K->60294K(175104K)] 513659K->454555K(699392K), 0.0186184 secs] [Times: user=0.17 sys=0.00, real=0.02 secs] 
2016-09-25T23:25:44.794-0400: 45.532: [GC (GCLocker Initiated GC) [PSYoungGen: 148358K->56365K(175104K)] 548512K->471956K(699392K), 0.0243873 secs] [Times: user=0.21 sys=0.01, real=0.03 secs] 
2016-09-25T23:25:44.853-0400: 45.591: [GC (GCLocker Initiated GC) [PSYoungGen: 144429K->56263K(144384K)] 560159K->509119K(668672K), 0.0209617 secs] [Times: user=0.25 sys=0.00, real=0.03 secs] 
2016-09-25T23:25:44.928-0400: 45.666: [GC (GCLocker Initiated GC) [PSYoungGen: 144327K->56237K(177152K)] 604129K->532700K(701440K), 0.0221760 secs] [Times: user=0.23 sys=0.00, real=0.02 secs] 
2016-09-25T23:25:45.027-0400: 45.765: [GC (GCLocker Initiated GC) [PSYoungGen: 146861K->31900K(174592K)] 623361K->537353K(698880K), 0.0115143 secs] [Times: user=0.11 sys=0.01, real=0.01 secs] 
2016-09-25T23:25:45.039-0400: 45.777: [Full GC (Ergonomics) [PSYoungGen: 31900K->0K(174592K)] [ParOldGen: 505452K->233556K(524288K)] 537353K->233556K(698880K), [Metaspace: 43698K->43698K(1087488K)], 0.0861375 secs] [Times: user=0.49 sys=0.01, real=0.09 secs] 
2016-09-25T23:25:45.164-0400: 45.902: [GC (GCLocker Initiated GC) [PSYoungGen: 90624K->85239K(173568K)] 329799K->324415K(697856K), 0.0126656 secs] [Times: user=0.12 sys=0.02, real=0.01 secs] 
2016-09-25T23:25:45.262-0400: 46.001: [GC (GCLocker Initiated GC) [PSYoungGen: 173303K->40100K(175104K)] 420697K->304593K(699392K), 0.0118320 secs] [Times: user=0.10 sys=0.01, real=0.01 secs] 
2016-09-25T23:25:45.334-0400: 46.072: [GC (GCLocker Initiated GC) [PSYoungGen: 128164K->49322K(175104K)] 395452K->333452K(699392K), 0.0070703 secs] [Times: user=0.06 sys=0.00, real=0.01 secs] 
2016-09-25T23:25:45.377-0400: 46.115: [GC (GCLocker Initiated GC) [PSYoungGen: 137386K->46917K(175104K)] 423006K->351976K(699392K), 0.0080718 secs] [Times: user=0.08 sys=0.01, real=0.01 secs] 
2016-09-25T23:25:45.430-0400: 46.168: [GC (GCLocker Initiated GC) [PSYoungGen: 134981K->40141K(175104K)] 449573K->379619K(699392K), 0.0075841 secs] [Times: user=0.07 sys=0.01, real=0.01 secs] 
2016-09-25T23:25:45.474-0400: 46.212: [GC (GCLocker Initiated GC) [PSYoungGen: 128205K->76753K(175104K)] 470493K->422372K(699392K), 0.0129411 secs] [Times: user=0.11 sys=0.01, real=0.02 secs] 
2016-09-25T23:25:45.562-0400: 46.300: [GC (GCLocker Initiated GC) [PSYoungGen: 164817K->31729K(175104K)] 525524K->418811K(699392K), 0.0236030 secs] [Times: user=0.20 sys=0.04, real=0.02 secs] 
2016-09-25T23:25:45.634-0400: 46.372: [GC (GCLocker Initiated GC) [PSYoungGen: 119793K->44049K(175104K)] 506946K->445114K(699392K), 0.0113809 secs] [Times: user=0.08 sys=0.01, real=0.01 secs] 
2016-09-25T23:25:45.698-0400: 46.436: [GC (GCLocker Initiated GC) [PSYoungGen: 132113K->46674K(175104K)] 533256K->472734K(699392K), 0.0143176 secs] [Times: user=0.15 sys=0.00, real=0.01 secs] 
2016-09-25T23:25:45.755-0400: 46.493: [GC (GCLocker Initiated GC) [PSYoungGen: 134738K->42786K(131072K)] 564877K->493636K(655360K), 0.0219424 secs] [Times: user=0.20 sys=0.01, real=0.02 secs] 
2016-09-25T23:25:45.815-0400: 46.553: [GC (GCLocker Initiated GC) [PSYoungGen: 130850K->45518K(176640K)] 584543K->532315K(700928K), 0.0084982 secs] [Times: user=0.09 sys=0.02, real=0.01 secs] 
2016-09-25T23:25:45.823-0400: 46.561: [Full GC (Ergonomics) [PSYoungGen: 45518K->0K(176640K)] [ParOldGen: 486797K->242397K(524288K)] 532315K->242397K(700928K), [Metaspace: 43698K->43698K(1087488K)], 0.0755373 secs] [Times: user=0.49 sys=0.02, real=0.07 secs] 
2016-09-25T23:25:45.936-0400: 46.674: [GC (GCLocker Initiated GC) [PSYoungGen: 90624K->55288K(174080K)] 335827K->300491K(698368K), 0.0155181 secs] [Times: user=0.17 sys=0.00, real=0.01 secs] 
2016-09-25T23:25:46.003-0400: 46.741: [GC (GCLocker Initiated GC) [PSYoungGen: 145912K->48262K(176128K)] 396567K->326746K(700416K), 0.0082792 secs] [Times: user=0.07 sys=0.00, real=0.00 secs] 
2016-09-25T23:25:46.053-0400: 46.791: [GC (GCLocker Initiated GC) [PSYoungGen: 143494K->41307K(174592K)] 428904K->331291K(698880K), 0.0072561 secs] [Times: user=0.05 sys=0.00, real=0.01 secs] 
2016-09-25T23:25:46.113-0400: 46.851: [GC (GCLocker Initiated GC) [PSYoungGen: 136539K->53419K(180736K)] 441548K->373868K(705024K), 0.0121075 secs] [Times: user=0.10 sys=0.01, real=0.02 secs] 
2016-09-25T23:25:46.176-0400: 46.914: [GC (GCLocker Initiated GC) [PSYoungGen: 156331K->73792K(177152K)] 480873K->423163K(701440K), 0.0091537 secs] [Times: user=0.11 sys=0.01, real=0.01 secs] 
2016-09-25T23:25:46.220-0400: 46.958: [GC (GCLocker Initiated GC) [PSYoungGen: 176704K->46720K(181248K)] 526554K->421266K(705536K), 0.0121361 secs] [Times: user=0.07 sys=0.00, real=0.01 secs] 
2016-09-25T23:25:46.284-0400: 47.022: [GC (GCLocker Initiated GC) [PSYoungGen: 145024K->72658K(171008K)] 527996K->477706K(695296K), 0.0113459 secs] [Times: user=0.11 sys=0.01, real=0.01 secs] 
2016-09-25T23:25:46.349-0400: 47.088: [GC (GCLocker Initiated GC) [PSYoungGen: 170962K->45387K(178176K)] 581521K->475418K(702464K), 0.0072810 secs] [Times: user=0.07 sys=0.00, real=0.01 secs] 
2016-09-25T23:25:46.396-0400: 47.134: [GC (GCLocker Initiated GC) [PSYoungGen: 138059K->62779K(176640K)] 570909K->504207K(700928K), 0.0082825 secs] [Times: user=0.07 sys=0.00, real=0.01 secs] 
2016-09-25T23:25:46.449-0400: 47.187: [GC (GCLocker Initiated GC) [PSYoungGen: 155451K->46694K(175104K)] 596976K->510231K(699392K), 0.0080223 secs] [Times: user=0.07 sys=0.00, real=0.01 secs] 
2016-09-25T23:25:46.495-0400: 47.233: [GC (GCLocker Initiated GC) [PSYoungGen: 140390K->59202K(176128K)] 610004K->558986K(700416K), 0.0096775 secs] [Times: user=0.12 sys=0.00, real=0.01 secs] 
2016-09-25T23:25:46.505-0400: 47.243: [Full GC (Ergonomics) [PSYoungGen: 59202K->0K(176128K)] [ParOldGen: 499784K->247559K(524288K)] 558986K->247559K(700416K), [Metaspace: 43698K->43698K(1087488K)], 0.0541644 secs] [Times: user=0.48 sys=0.01, real=0.05 secs] 
2016-09-25T23:25:46.610-0400: 47.348: [GC (GCLocker Initiated GC) [PSYoungGen: 93696K->72742K(172032K)] 341505K->320551K(696320K), 0.0143927 secs] [Times: user=0.20 sys=0.01, real=0.02 secs] 
2016-09-25T23:25:46.659-0400: 47.397: [GC (GCLocker Initiated GC) [PSYoungGen: 162854K->53466K(176128K)] 410803K->312919K(700416K), 0.0076146 secs] [Times: user=0.07 sys=0.00, real=0.01 secs] 
2016-09-25T23:25:46.713-0400: 47.451: [GC (GCLocker Initiated GC) [PSYoungGen: 143578K->68524K(174592K)] 405827K->351507K(698880K), 0.0226685 secs] [Times: user=0.26 sys=0.00, real=0.03 secs] 
2016-09-25T23:25:46.775-0400: 47.513: [GC (GCLocker Initiated GC) [PSYoungGen: 159660K->39977K(176640K)] 450922K->345258K(700928K), 0.0091189 secs] [Times: user=0.09 sys=0.00, real=0.01 secs] 
2016-09-25T23:25:46.824-0400: 47.563: [GC (Allocation Failure) [PSYoungGen: 131113K->67053K(173568K)] 437780K->394534K(697856K), 0.0103022 secs] [Times: user=0.15 sys=0.00, real=0.01 secs] 
2016-09-25T23:25:46.871-0400: 47.609: [GC (GCLocker Initiated GC) [PSYoungGen: 155117K->60271K(175104K)] 489370K->408439K(699392K), 0.0078709 secs] [Times: user=0.07 sys=0.00, real=0.01 secs] 
2016-09-25T23:25:46.912-0400: 47.650: [GC (GCLocker Initiated GC) [PSYoungGen: 148335K->65964K(174592K)] 498050K->421710K(698880K), 0.0080257 secs] [Times: user=0.09 sys=0.01, real=0.01 secs] 
2016-09-25T23:25:46.959-0400: 47.697: [GC (GCLocker Initiated GC) [PSYoungGen: 155052K->65756K(175104K)] 523119K->462797K(699392K), 0.0097537 secs] [Times: user=0.16 sys=0.00, real=0.01 secs] 
2016-09-25T23:25:47.001-0400: 47.739: [GC (GCLocker Initiated GC) [PSYoungGen: 154844K->52248K(173056K)] 554740K->470113K(697344K), 0.0143676 secs] [Times: user=0.18 sys=0.01, real=0.02 secs] 
2016-09-25T23:25:47.057-0400: 47.795: [GC (GCLocker Initiated GC) [PSYoungGen: 142360K->50920K(174592K)] 563313K->515721K(698880K), 0.0115948 secs] [Times: user=0.18 sys=0.00, real=0.01 secs] 
2016-09-25T23:25:47.104-0400: 47.842: [GC (GCLocker Initiated GC) [PSYoungGen: 141032K->69794K(175104K)] 611441K->560939K(699392K), 0.0237920 secs] [Times: user=0.34 sys=0.03, real=0.02 secs] 
2016-09-25T23:25:47.128-0400: 47.866: [Full GC (Ergonomics) [PSYoungGen: 69794K->0K(175104K)] [ParOldGen: 491144K->252326K(524288K)] 560939K->252326K(699392K), [Metaspace: 43705K->43705K(1087488K)], 0.0553857 secs] [Times: user=0.55 sys=0.05, real=0.06 secs] 
2016-09-25T23:25:47.291-0400: 48.029: [GC (GCLocker Initiated GC) [PSYoungGen: 92160K->60993K(177152K)] 354110K->322943K(701440K), 0.0463158 secs] [Times: user=0.39 sys=0.04, real=0.05 secs] 
2016-09-25T23:25:47.388-0400: 48.126: [GC (GCLocker Initiated GC) [PSYoungGen: 153153K->54461K(173568K)] 415215K->329793K(697856K), 0.0387342 secs] [Times: user=0.24 sys=0.04, real=0.04 secs] 
2016-09-25T23:25:47.479-0400: 48.217: [GC (GCLocker Initiated GC) [PSYoungGen: 148157K->80643K(174592K)] 429062K->387480K(698880K), 0.0558335 secs] [Times: user=0.57 sys=0.05, real=0.06 secs] 
2016-09-25T23:25:47.596-0400: 48.334: [GC (GCLocker Initiated GC) [PSYoungGen: 174339K->50888K(175616K)] 486829K->393603K(699904K), 0.0105056 secs] [Times: user=0.16 sys=0.00, real=0.01 secs] 
2016-09-25T23:25:47.692-0400: 48.430: [GC (GCLocker Initiated GC) [PSYoungGen: 139464K->60388K(148992K)] 489118K->426820K(673280K), 0.0102233 secs] [Times: user=0.15 sys=0.00, real=0.01 secs] 
2016-09-25T23:25:47.757-0400: 48.495: [GC (GCLocker Initiated GC) [PSYoungGen: 148964K->54938K(175104K)] 520920K->446450K(699392K), 0.0100028 secs] [Times: user=0.14 sys=0.01, real=0.01 secs] 
2016-09-25T23:25:47.811-0400: 48.549: [GC (GCLocker Initiated GC) [PSYoungGen: 145562K->54733K(173056K)] 537209K->473975K(697344K), 0.0115077 secs] [Times: user=0.17 sys=0.00, real=0.02 secs] 
2016-09-25T23:25:47.882-0400: 48.620: [GC (GCLocker Initiated GC) [PSYoungGen: 145357K->61623K(177152K)] 568698K->505659K(701440K), 0.0109182 secs] [Times: user=0.09 sys=0.02, real=0.01 secs] 
2016-09-25T23:25:47.942-0400: 48.680: [GC (GCLocker Initiated GC) [PSYoungGen: 157879K->68627K(176128K)] 602128K->535042K(700416K), 0.0256219 secs] [Times: user=0.26 sys=0.02, real=0.02 secs] 
2016-09-25T23:25:48.022-0400: 48.760: [GC (GCLocker Initiated GC) [PSYoungGen: 164883K->50887K(181248K)] 636788K->546417K(705536K), 0.0104590 secs] [Times: user=0.14 sys=0.01, real=0.00 secs] 
2016-09-25T23:25:48.033-0400: 48.771: [Full GC (Ergonomics) [PSYoungGen: 50887K->0K(181248K)] [ParOldGen: 495530K->252796K(524288K)] 546417K->252796K(705536K), [Metaspace: 43707K->43707K(1087488K)], 0.0648083 secs] [Times: user=0.67 sys=0.06, real=0.07 secs] 
2016-09-25T23:25:48.171-0400: 48.909: [GC (GCLocker Initiated GC) [PSYoungGen: 99840K->67453K(167424K)] 358170K->325784K(691712K), 0.0114769 secs] [Times: user=0.15 sys=0.01, real=0.02 secs] 
2016-09-25T23:25:48.284-0400: 49.022: [GC (GCLocker Initiated GC) [PSYoungGen: 167293K->72470K(175104K)] 431123K->356138K(699392K), 0.8612675 secs] [Times: user=3.30 sys=0.79, real=0.86 secs] 
2016-09-25T23:25:49.202-0400: 49.940: [GC (GCLocker Initiated GC) [PSYoungGen: 165654K->56117K(177664K)] 449410K->359289K(701952K), 0.0214867 secs] [Times: user=0.25 sys=0.02, real=0.03 secs] 
2016-09-25T23:25:49.295-0400: 50.033: [GC (GCLocker Initiated GC) [PSYoungGen: 149301K->59097K(172544K)] 459456K->377815K(696832K), 0.0084819 secs] [Times: user=0.10 sys=0.02, real=0.01 secs] 
2016-09-25T23:25:49.368-0400: 50.106: [GC (GCLocker Initiated GC) [PSYoungGen: 153817K->65751K(175616K)] 480875K->425836K(699904K), 0.0269499 secs] [Times: user=0.38 sys=0.10, real=0.03 secs] 
2016-09-25T23:25:49.457-0400: 50.195: [GC (GCLocker Initiated GC) [PSYoungGen: 160471K->64422K(180224K)] 520820K->433427K(704512K), 0.0271182 secs] [Times: user=0.42 sys=0.04, real=0.03 secs] 
2016-09-25T23:25:49.611-0400: 50.349: [GC (GCLocker Initiated GC) [PSYoungGen: 164774K->63328K(180736K)] 547324K->450388K(705024K), 0.0303978 secs] [Times: user=0.32 sys=0.06, real=0.03 secs] 
2016-09-25T23:25:49.754-0400: 50.492: [GC (GCLocker Initiated GC) [PSYoungGen: 163680K->50635K(180224K)] 550885K->446441K(704512K), 0.0280928 secs] [Times: user=0.31 sys=0.11, real=0.03 secs] 
2016-09-25T23:25:49.847-0400: 50.585: [GC (GCLocker Initiated GC) [PSYoungGen: 152011K->71139K(180736K)] 557318K->491769K(705024K), 0.0402737 secs] [Times: user=0.48 sys=0.11, real=0.04 secs] 
2016-09-25T23:25:49.941-0400: 50.680: [GC (GCLocker Initiated GC) [PSYoungGen: 172515K->73947K(175616K)] 593205K->518042K(699904K), 0.0304109 secs] [Times: user=0.42 sys=0.14, real=0.03 secs] 
2016-09-25T23:25:50.034-0400: 50.772: [GC (GCLocker Initiated GC) [PSYoungGen: 168155K->52240K(178176K)] 612488K->525434K(702464K), 0.0308763 secs] [Times: user=0.50 sys=0.08, real=0.04 secs] 
2016-09-25T23:25:50.126-0400: 50.864: [GC (GCLocker Initiated GC) [PSYoungGen: 146448K->67327K(177664K)] 620673K->570522K(701952K), 0.0156519 secs] [Times: user=0.25 sys=0.04, real=0.01 secs] 
2016-09-25T23:25:50.142-0400: 50.880: [Full GC (Ergonomics) [PSYoungGen: 67327K->0K(177664K)] [ParOldGen: 503195K->254527K(524288K)] 570522K->254527K(701952K), [Metaspace: 43708K->43708K(1087488K)], 0.1274786 secs] [Times: user=1.78 sys=0.26, real=0.13 secs] 
2016-09-25T23:25:50.322-0400: 51.060: [GC (GCLocker Initiated GC) [PSYoungGen: 94720K->59041K(154112K)] 361479K->325800K(678400K), 0.0094836 secs] [Times: user=0.12 sys=0.02, real=0.01 secs] 
2016-09-25T23:25:50.383-0400: 51.121: [GC (GCLocker Initiated GC) [PSYoungGen: 153761K->59182K(179200K)] 430117K->364639K(703488K), 0.0103929 secs] [Times: user=0.15 sys=0.02, real=0.00 secs] 
2016-09-25T23:25:50.433-0400: 51.171: [GC (GCLocker Initiated GC) [PSYoungGen: 156462K->68568K(177664K)] 462017K->403121K(701952K), 0.0148124 secs] [Times: user=0.26 sys=0.02, real=0.02 secs] 
2016-09-25T23:25:50.492-0400: 51.230: [GC (GCLocker Initiated GC) [PSYoungGen: 165848K->61844K(178688K)] 511299K->434878K(702976K), 0.0100029 secs] [Times: user=0.13 sys=0.01, real=0.01 secs] 
2016-09-25T23:25:50.551-0400: 51.289: [GC (GCLocker Initiated GC) [PSYoungGen: 162196K->46936K(179712K)] 544901K->474841K(704000K), 0.0096117 secs] [Times: user=0.16 sys=0.00, real=0.01 secs] 
2016-09-25T23:25:50.590-0400: 51.328: [GC (GCLocker Initiated GC) [PSYoungGen: 147288K->74032K(175616K)] 580796K->537829K(699904K), 0.0094333 secs] [Times: user=0.15 sys=0.00, real=0.01 secs] 
2016-09-25T23:25:50.642-0400: 51.380: [Full GC (Ergonomics) [PSYoungGen: 169264K->0K(175616K)] [ParOldGen: 473286K->267525K(524288K)] 642551K->267525K(699904K), [Metaspace: 43709K->43709K(1087488K)], 0.0533538 secs] [Times: user=0.51 sys=0.03, real=0.05 secs] 
2016-09-25T23:25:50.740-0400: 51.478: [GC (GCLocker Initiated GC) [PSYoungGen: 95232K->68511K(178688K)] 365608K->338888K(702976K), 0.0067641 secs] [Times: user=0.10 sys=0.00, real=0.01 secs] 
2016-09-25T23:25:50.774-0400: 51.512: [GC (GCLocker Initiated GC) [PSYoungGen: 163743K->82287K(171520K)] 437016K->389893K(695808K), 0.0119587 secs] [Times: user=0.19 sys=0.01, real=0.01 secs] 
2016-09-25T23:25:50.829-0400: 51.567: [GC (GCLocker Initiated GC) [PSYoungGen: 170351K->63073K(175104K)] 488953K->408056K(699392K), 0.0099670 secs] [Times: user=0.14 sys=0.00, real=0.01 secs] 
2016-09-25T23:25:50.878-0400: 51.616: [GC (GCLocker Initiated GC) [PSYoungGen: 151137K->56246K(173568K)] 501729K->422197K(697856K), 0.0078139 secs] [Times: user=0.05 sys=0.01, real=0.01 secs] 
2016-09-25T23:25:50.926-0400: 51.664: [GC (GCLocker Initiated GC) [PSYoungGen: 144822K->68755K(174592K)] 520335K->461024K(698880K), 0.0076588 secs] [Times: user=0.10 sys=0.00, real=0.00 secs] 
2016-09-25T23:25:50.967-0400: 51.705: [GC (GCLocker Initiated GC) [PSYoungGen: 157331K->56374K(174592K)] 556570K->486064K(698880K), 0.0106328 secs] [Times: user=0.12 sys=0.00, real=0.01 secs] 
2016-09-25T23:25:51.019-0400: 51.757: [GC (GCLocker Initiated GC) [PSYoungGen: 146998K->71237K(175616K)] 578243K->536784K(699904K), 0.0121332 secs] [Times: user=0.19 sys=0.00, real=0.01 secs] 
2016-09-25T23:25:51.068-0400: 51.806: [GC (GCLocker Initiated GC) [PSYoungGen: 161861K->76560K(173568K)] 628868K->565800K(697856K), 0.0089908 secs] [Times: user=0.13 sys=0.00, real=0.01 secs] 
2016-09-25T23:25:51.077-0400: 51.815: [Full GC (Ergonomics) [PSYoungGen: 76560K->0K(173568K)] [ParOldGen: 489240K->264682K(524288K)] 565800K->264682K(697856K), [Metaspace: 43709K->43709K(1087488K)], 0.0560263 secs] [Times: user=0.45 sys=0.01, real=0.05 secs] 
2016-09-25T23:25:51.177-0400: 51.915: [GC (GCLocker Initiated GC) [PSYoungGen: 88064K->86343K(175104K)] 359650K->357929K(699392K), 0.0101185 secs] [Times: user=0.12 sys=0.00, real=0.01 secs] 
2016-09-25T23:25:51.231-0400: 51.969: [GC (GCLocker Initiated GC) [PSYoungGen: 174407K->63136K(175104K)] 456927K->374876K(699392K), 0.0086157 secs] [Times: user=0.13 sys=0.01, real=0.01 secs] 
2016-09-25T23:25:51.288-0400: 52.026: [GC (GCLocker Initiated GC) [PSYoungGen: 151200K->75255K(175104K)] 471365K->409496K(699392K), 0.0087250 secs] [Times: user=0.13 sys=0.00, real=0.01 secs] 
2016-09-25T23:25:51.335-0400: 52.073: [GC (GCLocker Initiated GC) [PSYoungGen: 163319K->73688K(175104K)] 500486K->426193K(699392K), 0.0081901 secs] [Times: user=0.08 sys=0.01, real=0.01 secs] 
2016-09-25T23:25:51.384-0400: 52.122: [GC (GCLocker Initiated GC) [PSYoungGen: 161752K->61582K(175104K)] 517135K->440375K(699392K), 0.0078935 secs] [Times: user=0.07 sys=0.00, real=0.00 secs] 
2016-09-25T23:25:51.425-0400: 52.163: [GC (GCLocker Initiated GC) [PSYoungGen: 149646K->58837K(175104K)] 528641K->464038K(699392K), 0.0101901 secs] [Times: user=0.10 sys=0.00, real=0.01 secs] 
2016-09-25T23:25:51.476-0400: 52.214: [GC (GCLocker Initiated GC) [PSYoungGen: 146901K->48295K(175104K)] 560376K->482427K(699392K), 0.0080252 secs] [Times: user=0.07 sys=0.00, real=0.01 secs] 
2016-09-25T23:25:51.521-0400: 52.259: [GC (GCLocker Initiated GC) [PSYoungGen: 136359K->39873K(175104K)] 570766K->493888K(699392K), 0.0167933 secs] [Times: user=0.16 sys=0.00, real=0.02 secs] 
2016-09-25T23:25:51.579-0400: 52.317: [GC (GCLocker Initiated GC) [PSYoungGen: 127937K->60405K(175104K)] 594281K->548844K(699392K), 0.0106205 secs] [Times: user=0.10 sys=0.00, real=0.01 secs] 
2016-09-25T23:25:51.590-0400: 52.328: [Full GC (Ergonomics) [PSYoungGen: 60405K->0K(175104K)] [ParOldGen: 488438K->270245K(524288K)] 548844K->270245K(699392K), [Metaspace: 43709K->43709K(1087488K)], 0.0761218 secs] [Times: user=0.48 sys=0.02, real=0.08 secs] 
2016-09-25T23:25:51.714-0400: 52.452: [GC (GCLocker Initiated GC) [PSYoungGen: 88064K->71495K(175104K)] 365197K->348628K(699392K), 0.0132439 secs] [Times: user=0.13 sys=0.00, real=0.02 secs] 
2016-09-25T23:25:51.770-0400: 52.508: [GC (GCLocker Initiated GC) [PSYoungGen: 159559K->49561K(175104K)] 446272K->361393K(699392K), 0.0211061 secs] [Times: user=0.26 sys=0.00, real=0.02 secs] 
2016-09-25T23:25:51.837-0400: 52.575: [GC (GCLocker Initiated GC) [PSYoungGen: 137625K->61853K(175104K)] 456427K->388054K(699392K), 0.0091224 secs] [Times: user=0.09 sys=0.00, real=0.01 secs] 
2016-09-25T23:25:51.891-0400: 52.629: [GC (GCLocker Initiated GC) [PSYoungGen: 149917K->79397K(175104K)] 485734K->445569K(699392K), 0.0172873 secs] [Times: user=0.20 sys=0.01, real=0.02 secs] 
2016-09-25T23:25:51.955-0400: 52.693: [GC (GCLocker Initiated GC) [PSYoungGen: 167461K->41257K(175104K)] 533762K->451282K(699392K), 0.0130740 secs] [Times: user=0.14 sys=0.01, real=0.01 secs] 
2016-09-25T23:25:52.003-0400: 52.741: [GC (GCLocker Initiated GC) [PSYoungGen: 129321K->60309K(175104K)] 543580K->495271K(699392K), 0.0218139 secs] [Times: user=0.25 sys=0.01, real=0.02 secs] 
2016-09-25T23:25:52.074-0400: 52.812: [GC (GCLocker Initiated GC) [PSYoungGen: 148373K->50980K(175104K)] 586170K->521722K(699392K), 0.0090798 secs] [Times: user=0.06 sys=0.01, real=0.02 secs] 
2016-09-25T23:25:52.123-0400: 52.861: [GC (GCLocker Initiated GC) [PSYoungGen: 139044K->46777K(175104K)] 612705K->542633K(699392K), 0.0101528 secs] [Times: user=0.08 sys=0.01, real=0.00 secs] 
2016-09-25T23:25:52.133-0400: 52.871: [Full GC (Ergonomics) [PSYoungGen: 46777K->0K(175104K)] [ParOldGen: 495855K->267020K(524288K)] 542633K->267020K(699392K), [Metaspace: 43709K->43709K(1087488K)], 0.0636062 secs] [Times: user=0.30 sys=0.00, real=0.07 secs] 
2016-09-25T23:25:52.236-0400: 52.974: [GC (GCLocker Initiated GC) [PSYoungGen: 88064K->63347K(174080K)] 363340K->338624K(698368K), 0.0101449 secs] [Times: user=0.08 sys=0.01, real=0.01 secs] 
2016-09-25T23:25:52.302-0400: 53.040: [GC (GCLocker Initiated GC) [PSYoungGen: 151411K->54704K(174592K)] 431031K->354147K(698880K), 0.0296213 secs] [Times: user=0.27 sys=0.00, real=0.03 secs] 
2016-09-25T23:25:52.372-0400: 53.110: [GC (GCLocker Initiated GC) [PSYoungGen: 142768K->58904K(171520K)] 442334K->377867K(695808K), 0.0076912 secs] [Times: user=0.06 sys=0.00, real=0.01 secs] 
2016-09-25T23:25:52.426-0400: 53.164: [GC (GCLocker Initiated GC) [PSYoungGen: 149528K->54961K(173056K)] 477398K->400840K(697344K), 0.0156862 secs] [Times: user=0.14 sys=0.00, real=0.01 secs] 
2016-09-25T23:25:52.485-0400: 53.223: [GC (GCLocker Initiated GC) [PSYoungGen: 145585K->63040K(179200K)] 499696K->424570K(703488K), 0.0137752 secs] [Times: user=0.13 sys=0.00, real=0.01 secs] 
2016-09-25T23:25:52.543-0400: 53.281: [GC (GCLocker Initiated GC) [PSYoungGen: 162368K->52155K(179200K)] 528139K->437354K(703488K), 0.0069742 secs] [Times: user=0.05 sys=0.00, real=0.00 secs] 
2016-09-25T23:25:52.596-0400: 53.334: [GC (GCLocker Initiated GC) [PSYoungGen: 151483K->37281K(179712K)] 536775K->454222K(704000K), 0.0090203 secs] [Times: user=0.07 sys=0.00, real=0.01 secs] 
2016-09-25T23:25:52.651-0400: 53.389: [GC (GCLocker Initiated GC) [PSYoungGen: 137633K->52457K(153088K)] 554618K->496981K(677376K), 0.0095676 secs] [Times: user=0.07 sys=0.01, real=0.01 secs] 
2016-09-25T23:25:52.704-0400: 53.442: [GC (GCLocker Initiated GC) [PSYoungGen: 152809K->69933K(177152K)] 604225K->534260K(701440K), 0.0074562 secs] [Times: user=0.07 sys=0.01, real=0.00 secs] 
2016-09-25T23:25:52.749-0400: 53.488: [GC (GCLocker Initiated GC) [PSYoungGen: 168237K->52227K(180224K)] 633942K->538852K(704512K), 0.0074447 secs] [Times: user=0.08 sys=0.00, real=0.01 secs] 
2016-09-25T23:25:52.757-0400: 53.495: [Full GC (Ergonomics) [PSYoungGen: 52227K->0K(180224K)] [ParOldGen: 486625K->267788K(524288K)] 538852K->267788K(704512K), [Metaspace: 43709K->43709K(1087488K)], 0.0930834 secs] [Times: user=0.63 sys=0.01, real=0.09 secs] 
2016-09-25T23:25:52.899-0400: 53.637: [GC (GCLocker Initiated GC) [PSYoungGen: 98304K->79523K(169472K)] 366212K->352831K(693760K), 0.0111762 secs] [Times: user=0.14 sys=0.01, real=0.01 secs] 
2016-09-25T23:25:52.964-0400: 53.702: [GC (GCLocker Initiated GC) [PSYoungGen: 168611K->53790K(175616K)] 455563K->364411K(699904K), 0.0073690 secs] [Times: user=0.06 sys=0.00, real=0.00 secs] 
2016-09-25T23:25:53.014-0400: 53.752: [GC (GCLocker Initiated GC) [PSYoungGen: 142878K->61622K(170496K)] 456231K->390553K(694784K), 0.0101443 secs] [Times: user=0.06 sys=0.00, real=0.02 secs] 
2016-09-25T23:25:53.076-0400: 53.814: [GC (GCLocker Initiated GC) [PSYoungGen: 152758K->60581K(174080K)] 491360K->415906K(698368K), 0.0093580 secs] [Times: user=0.10 sys=0.00, real=0.01 secs] 
2016-09-25T23:25:53.130-0400: 53.868: [GC (GCLocker Initiated GC) [PSYoungGen: 151717K->72547K(175616K)] 509815K->446176K(699904K), 0.0076026 secs] [Times: user=0.07 sys=0.01, real=0.01 secs] 
2016-09-25T23:25:53.174-0400: 53.913: [GC (GCLocker Initiated GC) [PSYoungGen: 166755K->65803K(178176K)] 540475K->476530K(702464K), 0.0092420 secs] [Times: user=0.10 sys=0.00, real=0.01 secs] 
2016-09-25T23:25:53.228-0400: 53.966: [GC (GCLocker Initiated GC) [PSYoungGen: 160011K->59133K(174080K)] 574387K->490264K(698368K), 0.0155973 secs] [Times: user=0.14 sys=0.00, real=0.02 secs] 
2016-09-25T23:25:53.287-0400: 54.025: [GC (GCLocker Initiated GC) [PSYoungGen: 153341K->52059K(176128K)] 591376K->500199K(700416K), 0.0099295 secs] [Times: user=0.08 sys=0.00, real=0.01 secs] 
2016-09-25T23:25:53.337-0400: 54.075: [GC (GCLocker Initiated GC) [PSYoungGen: 146267K->53687K(177664K)] 594578K->537554K(701952K), 0.0115442 secs] [Times: user=0.09 sys=0.00, real=0.01 secs] 
2016-09-25T23:25:53.349-0400: 54.087: [Full GC (Ergonomics) [PSYoungGen: 53687K->0K(177664K)] [ParOldGen: 483866K->281600K(524288K)] 537554K->281600K(701952K), [Metaspace: 43709K->43709K(1087488K)], 0.0773232 secs] [Times: user=0.38 sys=0.01, real=0.08 secs] 
2016-09-25T23:25:53.482-0400: 54.220: [GC (GCLocker Initiated GC) [PSYoungGen: 98816K->55321K(179200K)] 381802K->338308K(703488K), 0.0074134 secs] [Times: user=0.06 sys=0.00, real=0.01 secs] 
2016-09-25T23:25:53.531-0400: 54.270: [GC (GCLocker Initiated GC) [PSYoungGen: 154137K->45589K(181760K)] 437841K->353064K(706048K), 0.0150935 secs] [Times: user=0.19 sys=0.00, real=0.02 secs] 
2016-09-25T23:25:53.590-0400: 54.328: [GC (GCLocker Initiated GC) [PSYoungGen: 148501K->67030K(181760K)] 461431K->402207K(706048K), 0.0101788 secs] [Times: user=0.09 sys=0.01, real=0.01 secs] 
2016-09-25T23:25:53.648-0400: 54.386: [GC (GCLocker Initiated GC) [PSYoungGen: 169942K->64272K(181760K)] 505320K->417632K(706048K), 0.0229906 secs] [Times: user=0.22 sys=0.00, real=0.02 secs] 
2016-09-25T23:25:53.713-0400: 54.451: [GC (GCLocker Initiated GC) [PSYoungGen: 165648K->48160K(181760K)] 521945K->427962K(706048K), 0.0144888 secs] [Times: user=0.17 sys=0.00, real=0.02 secs] 
2016-09-25T23:25:53.779-0400: 54.517: [GC (GCLocker Initiated GC) [PSYoungGen: 149536K->53805K(178688K)] 534784K->457125K(702976K), 0.0068706 secs] [Times: user=0.07 sys=0.00, real=0.01 secs] 
2016-09-25T23:25:53.831-0400: 54.569: [GC (GCLocker Initiated GC) [PSYoungGen: 155181K->68565K(180224K)] 561348K->493013K(704512K), 0.0082719 secs] [Times: user=0.09 sys=0.00, real=0.01 secs] 
2016-09-25T23:25:53.893-0400: 54.631: [GC (GCLocker Initiated GC) [PSYoungGen: 169941K->54868K(181760K)] 602610K->505737K(706048K), 0.0165448 secs] [Times: user=0.17 sys=0.00, real=0.02 secs] 
2016-09-25T23:25:53.967-0400: 54.705: [GC (GCLocker Initiated GC) [PSYoungGen: 156756K->46788K(181248K)] 610546K->511942K(705536K), 0.0123688 secs] [Times: user=0.11 sys=0.01, real=0.01 secs] 
2016-09-25T23:25:54.027-0400: 54.765: [GC (GCLocker Initiated GC) [PSYoungGen: 148676K->52331K(181760K)] 615283K->531588K(706048K), 0.0098362 secs] [Times: user=0.10 sys=0.00, real=0.01 secs] 
2016-09-25T23:25:54.095-0400: 54.833: [GC (GCLocker Initiated GC) [PSYoungGen: 156267K->63013K(181760K)] 641173K->574265K(706048K), 0.0080482 secs] [Times: user=0.07 sys=0.00, real=0.01 secs] 
2016-09-25T23:25:54.103-0400: 54.842: [Full GC (Ergonomics) [PSYoungGen: 63013K->0K(181760K)] [ParOldGen: 511251K->277420K(524288K)] 574265K->277420K(706048K), [Metaspace: 43709K->43709K(1087488K)], 0.0627094 secs] [Times: user=0.40 sys=0.00, real=0.06 secs] 
2016-09-25T23:25:54.207-0400: 54.945: [GC (GCLocker Initiated GC) [PSYoungGen: 103936K->77122K(173056K)] 384228K->362815K(697344K), 0.0126811 secs] [Times: user=0.09 sys=0.01, real=0.01 secs] 
2016-09-25T23:25:54.271-0400: 55.010: [GC (GCLocker Initiated GC) [PSYoungGen: 172354K->35877K(131584K)] 463533K->345548K(655872K), 0.0053277 secs] [Times: user=0.05 sys=0.00, real=0.01 secs] 
2016-09-25T23:25:54.321-0400: 55.059: [GC (GCLocker Initiated GC) [PSYoungGen: 131109K->64465K(177152K)] 443566K->394989K(701440K), 0.0090327 secs] [Times: user=0.12 sys=0.00, real=0.01 secs] 
2016-09-25T23:25:54.365-0400: 55.103: [GC (GCLocker Initiated GC) [PSYoungGen: 156625K->48130K(140800K)] 487248K->410395K(665088K), 0.0080264 secs] [Times: user=0.08 sys=0.00, real=0.00 secs] 
2016-09-25T23:25:54.408-0400: 55.146: [GC (GCLocker Initiated GC) [PSYoungGen: 140290K->53689K(178688K)] 505454K->439675K(702976K), 0.0085872 secs] [Times: user=0.07 sys=0.00, real=0.01 secs] 
2016-09-25T23:25:54.450-0400: 55.188: [GC (GCLocker Initiated GC) [PSYoungGen: 148409K->57760K(176128K)] 541186K->470057K(700416K), 0.0325332 secs] [Times: user=0.38 sys=0.00, real=0.04 secs] 
2016-09-25T23:25:54.519-0400: 55.257: [GC (GCLocker Initiated GC) [PSYoungGen: 152480K->53423K(178688K)] 564931K->481392K(702976K), 0.0089665 secs] [Times: user=0.07 sys=0.00, real=0.01 secs] 
2016-09-25T23:25:54.596-0400: 55.334: [GC (GCLocker Initiated GC) [PSYoungGen: 152239K->72848K(176640K)] 587146K->519100K(700928K), 0.0144624 secs] [Times: user=0.12 sys=0.00, real=0.01 secs] 
2016-09-25T23:25:54.669-0400: 55.407: [GC (GCLocker Initiated GC) [PSYoungGen: 171664K->67139K(178176K)] 620701K->543925K(702464K), 0.0094325 secs] [Times: user=0.14 sys=0.01, real=0.01 secs] 
2016-09-25T23:25:54.713-0400: 55.452: [GC (GCLocker Initiated GC) [PSYoungGen: 163395K->70004K(166400K)] 644452K->571868K(690688K), 0.0090250 secs] [Times: user=0.14 sys=0.00, real=0.02 secs] 
2016-09-25T23:25:54.723-0400: 55.461: [Full GC (Ergonomics) [PSYoungGen: 70004K->0K(166400K)] [ParOldGen: 501864K->280835K(524288K)] 571868K->280835K(690688K), [Metaspace: 43711K->43711K(1087488K)], 0.0724664 secs] [Times: user=0.54 sys=0.00, real=0.07 secs] 
2016-09-25T23:25:54.881-0400: 55.619: [GC (GCLocker Initiated GC) [PSYoungGen: 96256K->70150K(174592K)] 389356K->363251K(698880K), 0.0097481 secs] [Times: user=0.13 sys=0.00, real=0.01 secs] 
2016-09-25T23:25:54.924-0400: 55.662: [GC (GCLocker Initiated GC) [PSYoungGen: 160262K->59190K(149504K)] 456213K->382989K(673792K), 0.0121217 secs] [Times: user=0.13 sys=0.00, real=0.01 secs] 
2016-09-25T23:25:54.980-0400: 55.718: [GC (Allocation Failure) [PSYoungGen: 149302K->60483K(178176K)] 475919K->401344K(702464K), 0.0119773 secs] [Times: user=0.12 sys=0.00, real=0.01 secs] 
2016-09-25T23:25:55.044-0400: 55.782: [GC (GCLocker Initiated GC) [PSYoungGen: 152329K->56308K(175616K)] 495889K->416585K(699904K), 0.0112093 secs] [Times: user=0.08 sys=0.01, real=0.01 secs] 
2016-09-25T23:25:55.117-0400: 55.855: [GC (GCLocker Initiated GC) [PSYoungGen: 150516K->78059K(172544K)] 513687K->457914K(696832K), 0.0080227 secs] [Times: user=0.09 sys=0.00, real=0.01 secs] 
2016-09-25T23:25:55.173-0400: 55.911: [GC (GCLocker Initiated GC) [PSYoungGen: 170219K->38546K(131072K)] 559610K->450054K(655360K), 0.0071429 secs] [Times: user=0.05 sys=0.01, real=0.01 secs] 
2016-09-25T23:25:55.244-0400: 55.983: [GC (GCLocker Initiated GC) [PSYoungGen: 130706K->41399K(174592K)] 545019K->477750K(698880K), 0.0099971 secs] [Times: user=0.08 sys=0.00, real=0.01 secs] 
2016-09-25T23:25:55.312-0400: 56.051: [GC (GCLocker Initiated GC) [PSYoungGen: 129463K->60424K(148992K)] 567269K->519039K(673280K), 0.0130627 secs] [Times: user=0.13 sys=0.00, real=0.02 secs] 
2016-09-25T23:25:55.366-0400: 56.104: [GC (GCLocker Initiated GC) [PSYoungGen: 148488K->41229K(173056K)] 609881K->537017K(697344K), 0.0097788 secs] [Times: user=0.08 sys=0.00, real=0.01 secs] 
2016-09-25T23:25:55.377-0400: 56.115: [Full GC (Ergonomics) [PSYoungGen: 41229K->0K(173056K)] [ParOldGen: 495787K->280893K(524288K)] 537017K->280893K(697344K), [Metaspace: 43712K->43712K(1087488K)], 0.0874596 secs] [Times: user=0.45 sys=0.03, real=0.09 secs] 
2016-09-25T23:25:55.510-0400: 56.248: [GC (GCLocker Initiated GC) [PSYoungGen: 88064K->81359K(173568K)] 371811K->365107K(697856K), 0.0126364 secs] [Times: user=0.14 sys=0.01, real=0.02 secs] 
2016-09-25T23:25:55.571-0400: 56.309: [GC (GCLocker Initiated GC) [PSYoungGen: 169423K->52284K(175104K)] 460089K->381955K(699392K), 0.0078671 secs] [Times: user=0.09 sys=0.01, real=0.01 secs] 
2016-09-25T23:25:55.612-0400: 56.350: [GC (GCLocker Initiated GC) [PSYoungGen: 140348K->63397K(175104K)] 474225K->414034K(699392K), 0.0075319 secs] [Times: user=0.09 sys=0.00, real=0.01 secs] 
2016-09-25T23:25:55.654-0400: 56.392: [GC (GCLocker Initiated GC) [PSYoungGen: 151461K->53678K(174080K)] 506359K->449913K(698368K), 0.0121278 secs] [Times: user=0.16 sys=0.01, real=0.01 secs] 
2016-09-25T23:25:55.734-0400: 56.473: [GC (GCLocker Initiated GC) [PSYoungGen: 141742K->47333K(174592K)] 547526K->480701K(698880K), 0.0106267 secs] [Times: user=0.10 sys=0.02, real=0.01 secs] 
2016-09-25T23:25:55.798-0400: 56.536: [GC (GCLocker Initiated GC) [PSYoungGen: 135397K->65849K(174592K)] 578371K->516478K(698880K), 0.0072132 secs] [Times: user=0.07 sys=0.00, real=0.01 secs] 
2016-09-25T23:25:55.843-0400: 56.582: [GC (GCLocker Initiated GC) [PSYoungGen: 154937K->53529K(142848K)] 608374K->525121K(667136K), 0.0072232 secs] [Times: user=0.07 sys=0.00, real=0.00 secs] 
2016-09-25T23:25:55.884-0400: 56.622: [GC (GCLocker Initiated GC) [PSYoungGen: 142617K->83615K(171520K)] 614385K->574866K(695808K), 0.0163262 secs] [Times: user=0.25 sys=0.02, real=0.01 secs] 
2016-09-25T23:25:55.901-0400: 56.639: [Full GC (Ergonomics) [PSYoungGen: 83615K->0K(171520K)] [ParOldGen: 491250K->275144K(524288K)] 574866K->275144K(695808K), [Metaspace: 43713K->43713K(1087488K)], 0.1775495 secs] [Times: user=2.15 sys=0.02, real=0.18 secs] 
2016-09-25T23:25:56.120-0400: 56.858: [GC (GCLocker Initiated GC) [PSYoungGen: 87552K->82315K(174592K)] 373643K->368406K(698880K), 0.0128602 secs] [Times: user=0.18 sys=0.01, real=0.01 secs] 
2016-09-25T23:25:56.179-0400: 56.917: [GC (GCLocker Initiated GC) [PSYoungGen: 169867K->51141K(175104K)] 459546K->375440K(699392K), 0.0080593 secs] [Times: user=0.10 sys=0.01, real=0.01 secs] 
2016-09-25T23:25:56.222-0400: 56.960: [GC (GCLocker Initiated GC) [PSYoungGen: 139205K->63321K(175104K)] 464262K->416077K(699392K), 0.0108669 secs] [Times: user=0.10 sys=0.01, real=0.00 secs] 
2016-09-25T23:25:56.282-0400: 57.020: [GC (GCLocker Initiated GC) [PSYoungGen: 151385K->60700K(175104K)] 512490K->454916K(699392K), 0.0105145 secs] [Times: user=0.12 sys=0.01, real=0.01 secs] 
2016-09-25T23:25:56.339-0400: 57.077: [GC (GCLocker Initiated GC) [PSYoungGen: 148764K->49507K(175104K)] 551283K->481249K(699392K), 0.0111724 secs] [Times: user=0.18 sys=0.00, real=0.01 secs] 
2016-09-25T23:25:56.388-0400: 57.126: [GC (GCLocker Initiated GC) [PSYoungGen: 137571K->84925K(175104K)] 572124K->537551K(699392K), 0.0098844 secs] [Times: user=0.16 sys=0.00, real=0.01 secs] 
2016-09-25T23:25:56.447-0400: 57.185: [GC (GCLocker Initiated GC) [PSYoungGen: 172989K->52495K(175104K)] 629910K->546622K(699392K), 0.0080820 secs] [Times: user=0.08 sys=0.01, real=0.01 secs] 
2016-09-25T23:25:56.455-0400: 57.193: [Full GC (Ergonomics) [PSYoungGen: 52495K->0K(175104K)] [ParOldGen: 494127K->281620K(524288K)] 546622K->281620K(699392K), [Metaspace: 43713K->43713K(1087488K)], 0.0614426 secs] [Times: user=0.46 sys=0.00, real=0.06 secs] 
2016-09-25T23:25:56.551-0400: 57.289: [GC (GCLocker Initiated GC) [PSYoungGen: 88064K->67436K(175104K)] 369822K->349194K(699392K), 0.0151153 secs] [Times: user=0.19 sys=0.00, real=0.02 secs] 
2016-09-25T23:25:56.608-0400: 57.346: [GC (GCLocker Initiated GC) [PSYoungGen: 155500K->56517K(175104K)] 445514K->381139K(699392K), 0.0072281 secs] [Times: user=0.08 sys=0.00, real=0.01 secs] 
2016-09-25T23:25:56.669-0400: 57.407: [GC (GCLocker Initiated GC) [PSYoungGen: 144581K->42933K(175104K)] 472040K->406179K(699392K), 0.0077506 secs] [Times: user=0.08 sys=0.00, real=0.01 secs] 
2016-09-25T23:25:56.715-0400: 57.453: [GC (GCLocker Initiated GC) [PSYoungGen: 130997K->60635K(175104K)] 500257K->444035K(699392K), 0.0095935 secs] [Times: user=0.10 sys=0.00, real=0.01 secs] 
2016-09-25T23:25:56.768-0400: 57.506: [GC (GCLocker Initiated GC) [PSYoungGen: 148699K->48149K(175104K)] 537004K->448116K(699392K), 0.0108037 secs] [Times: user=0.09 sys=0.00, real=0.01 secs] 
2016-09-25T23:25:56.826-0400: 57.564: [GC (GCLocker Initiated GC) [PSYoungGen: 136213K->40046K(175104K)] 536278K->456910K(699392K), 0.0062656 secs] [Times: user=0.05 sys=0.00, real=0.00 secs] 
2016-09-25T23:25:56.877-0400: 57.615: [GC (GCLocker Initiated GC) [PSYoungGen: 128110K->41505K(175104K)] 547767K->480705K(699392K), 0.0094631 secs] [Times: user=0.08 sys=0.00, real=0.01 secs] 
2016-09-25T23:25:56.937-0400: 57.675: [GC (GCLocker Initiated GC) [PSYoungGen: 129569K->52490K(140800K)] 571532K->523568K(665088K), 0.0271129 secs] [Times: user=0.32 sys=0.00, real=0.03 secs] 
2016-09-25T23:25:57.002-0400: 57.740: [GC (GCLocker Initiated GC) [PSYoungGen: 140554K->60527K(173568K)] 614579K->548947K(697856K), 0.0133781 secs] [Times: user=0.14 sys=0.00, real=0.02 secs] 
2016-09-25T23:25:57.015-0400: 57.753: [Full GC (Ergonomics) [PSYoungGen: 60527K->0K(173568K)] [ParOldGen: 488419K->290430K(524288K)] 548947K->290430K(697856K), [Metaspace: 43713K->43713K(1087488K)], 0.0758174 secs] [Times: user=0.37 sys=0.03, real=0.07 secs] 
2016-09-25T23:25:57.149-0400: 57.887: [GC (GCLocker Initiated GC) [PSYoungGen: 89088K->61128K(172544K)] 387830K->359871K(696832K), 0.0154644 secs] [Times: user=0.14 sys=0.00, real=0.02 secs] 
2016-09-25T23:25:57.213-0400: 57.951: [GC (GCLocker Initiated GC) [PSYoungGen: 150216K->36151K(176640K)] 457203K->365999K(700928K), 0.0121291 secs] [Times: user=0.12 sys=0.00, real=0.02 secs] 
2016-09-25T23:25:57.270-0400: 58.009: [GC (GCLocker Initiated GC) [PSYoungGen: 129847K->61894K(177152K)] 462555K->408861K(701440K), 0.0173367 secs] [Times: user=0.15 sys=0.01, real=0.02 secs] 
2016-09-25T23:25:57.331-0400: 58.069: [GC (GCLocker Initiated GC) [PSYoungGen: 155590K->60549K(177664K)] 505355K->430062K(701952K), 0.0107600 secs] [Times: user=0.08 sys=0.00, real=0.01 secs] 
2016-09-25T23:25:57.389-0400: 58.127: [GC (GCLocker Initiated GC) [PSYoungGen: 155781K->44305K(178176K)] 525412K->441738K(702464K), 0.0097189 secs] [Times: user=0.08 sys=0.00, real=0.01 secs] 
2016-09-25T23:25:57.442-0400: 58.180: [GC (GCLocker Initiated GC) [PSYoungGen: 139537K->62132K(178688K)] 541705K->474496K(702976K), 0.0079388 secs] [Times: user=0.08 sys=0.00, real=0.01 secs] 
2016-09-25T23:25:57.497-0400: 58.235: [GC (GCLocker Initiated GC) [PSYoungGen: 158900K->56327K(153600K)] 574039K->496904K(677888K), 0.0073851 secs] [Times: user=0.07 sys=0.00, real=0.01 secs] 
2016-09-25T23:25:57.552-0400: 58.290: [GC (GCLocker Initiated GC) [PSYoungGen: 153095K->60707K(178688K)] 593868K->511579K(702976K), 0.0169170 secs] [Times: user=0.17 sys=0.00, real=0.02 secs] 
2016-09-25T23:25:57.625-0400: 58.363: [GC (GCLocker Initiated GC) [PSYoungGen: 159523K->48582K(178176K)] 618535K->539618K(702464K), 0.0123419 secs] [Times: user=0.10 sys=0.01, real=0.01 secs] 
2016-09-25T23:25:57.637-0400: 58.376: [Full GC (Ergonomics) [PSYoungGen: 48582K->0K(178176K)] [ParOldGen: 491036K->295033K(524288K)] 539618K->295033K(702464K), [Metaspace: 43713K->43713K(1087488K)], 0.0642602 secs] [Times: user=0.41 sys=0.00, real=0.06 secs] 
2016-09-25T23:25:57.765-0400: 58.503: [GC (GCLocker Initiated GC) [PSYoungGen: 98816K->50181K(181248K)] 403528K->354893K(705536K), 0.0142500 secs] [Times: user=0.09 sys=0.00, real=0.01 secs] 
2016-09-25T23:25:57.832-0400: 58.570: [GC (GCLocker Initiated GC) [PSYoungGen: 154629K->57739K(181248K)] 462190K->376020K(705536K), 0.0125154 secs] [Times: user=0.12 sys=0.00, real=0.02 secs] 
2016-09-25T23:25:57.895-0400: 58.633: [GC (GCLocker Initiated GC) [PSYoungGen: 162187K->67417K(181248K)] 483325K->404176K(705536K), 0.0464012 secs] [Times: user=0.56 sys=0.00, real=0.04 secs] 
2016-09-25T23:25:57.997-0400: 58.735: [GC (GCLocker Initiated GC) [PSYoungGen: 172889K->56522K(183808K)] 512430K->414556K(708096K), 0.0199008 secs] [Times: user=0.21 sys=0.00, real=0.02 secs] 
2016-09-25T23:25:58.069-0400: 58.807: [GC (GCLocker Initiated GC) [PSYoungGen: 161994K->63527K(183296K)] 520153K->431964K(707584K), 0.0084272 secs] [Times: user=0.07 sys=0.00, real=0.01 secs] 
2016-09-25T23:25:58.135-0400: 58.873: [GC (GCLocker Initiated GC) [PSYoungGen: 170535K->64986K(184320K)] 544632K->456378K(708608K), 0.0127548 secs] [Times: user=0.12 sys=0.00, real=0.01 secs] 
2016-09-25T23:25:58.211-0400: 58.949: [GC (GCLocker Initiated GC) [PSYoungGen: 171994K->59535K(183296K)] 571515K->484407K(707584K), 0.0109238 secs] [Times: user=0.09 sys=0.00, real=0.01 secs] 
2016-09-25T23:25:58.285-0400: 59.023: [GC (GCLocker Initiated GC) [PSYoungGen: 166543K->63690K(183808K)] 602272K->515262K(708096K), 0.0079724 secs] [Times: user=0.10 sys=0.00, real=0.00 secs] 
2016-09-25T23:25:58.340-0400: 59.078: [GC (GCLocker Initiated GC) [PSYoungGen: 170698K->69186K(180224K)] 625052K->558408K(704512K), 0.0090511 secs] [Times: user=0.12 sys=0.00, real=0.01 secs] 
2016-09-25T23:25:58.349-0400: 59.087: [Full GC (Ergonomics) [PSYoungGen: 69186K->0K(180224K)] [ParOldGen: 489222K->290215K(524288K)] 558408K->290215K(704512K), [Metaspace: 43715K->43715K(1087488K)], 0.0589325 secs] [Times: user=0.49 sys=0.00, real=0.06 secs] 
2016-09-25T23:25:58.462-0400: 59.200: [GC (GCLocker Initiated GC) [PSYoungGen: 103424K->66644K(170496K)] 396395K->359615K(694784K), 0.0188605 secs] [Times: user=0.16 sys=0.01, real=0.02 secs] 
2016-09-25T23:25:58.534-0400: 59.272: [GC (GCLocker Initiated GC) [PSYoungGen: 170068K->52952K(182784K)] 463107K->384022K(707072K), 0.0179729 secs] [Times: user=0.20 sys=0.00, real=0.02 secs] 
2016-09-25T23:25:58.602-0400: 59.340: [GC (GCLocker Initiated GC) [PSYoungGen: 155864K->56948K(160256K)] 492459K->409545K(684544K), 0.0177340 secs] [Times: user=0.15 sys=0.00, real=0.01 secs] 
2016-09-25T23:25:58.683-0400: 59.421: [GC (GCLocker Initiated GC) [PSYoungGen: 159860K->54152K(181760K)] 522149K->425884K(706048K), 0.0161051 secs] [Times: user=0.15 sys=0.00, real=0.01 secs] 
2016-09-25T23:25:58.743-0400: 59.481: [GC (GCLocker Initiated GC) [PSYoungGen: 158088K->64785K(180736K)] 532673K->449841K(705024K), 0.0153408 secs] [Times: user=0.12 sys=0.00, real=0.01 secs] 
2016-09-25T23:25:58.809-0400: 59.547: [GC (GCLocker Initiated GC) [PSYoungGen: 168721K->65063K(184832K)] 563362K->471399K(709120K), 0.0274679 secs] [Times: user=0.24 sys=0.01, real=0.03 secs] 
2016-09-25T23:25:58.901-0400: 59.639: [GC (GCLocker Initiated GC) [PSYoungGen: 172583K->40443K(147968K)] 597911K->489830K(672256K), 0.0118435 secs] [Times: user=0.12 sys=0.00, real=0.01 secs] 
2016-09-25T23:25:58.970-0400: 59.708: [GC (GCLocker Initiated GC) [PSYoungGen: 147963K->57867K(185344K)] 600068K->519062K(709632K), 0.0108649 secs] [Times: user=0.11 sys=0.00, real=0.01 secs] 
2016-09-25T23:25:59.036-0400: 59.774: [GC (GCLocker Initiated GC) [PSYoungGen: 164363K->42982K(183296K)] 628336K->525376K(707584K), 0.0074667 secs] [Times: user=0.05 sys=0.00, real=0.01 secs] 
2016-09-25T23:25:59.088-0400: 59.826: [Full GC (Ergonomics) [PSYoungGen: 149478K->0K(183296K)] [ParOldGen: 490579K->308306K(524288K)] 640058K->308306K(707584K), [Metaspace: 43715K->43715K(1087488K)], 0.1014780 secs] [Times: user=0.62 sys=0.01, real=0.10 secs] 
2016-09-25T23:25:59.255-0400: 59.993: [GC (GCLocker Initiated GC) [PSYoungGen: 106496K->51955K(183296K)] 423577K->369036K(707584K), 0.0111989 secs] [Times: user=0.07 sys=0.00, real=0.01 secs] 
2016-09-25T23:25:59.336-0400: 60.074: [GC (GCLocker Initiated GC) [PSYoungGen: 159475K->32088K(183808K)] 480939K->367326K(708096K), 0.0113401 secs] [Times: user=0.07 sys=0.00, real=0.01 secs] 
2016-09-25T23:25:59.397-0400: 60.135: [GC (GCLocker Initiated GC) [PSYoungGen: 139608K->61957K(182784K)] 480328K->404753K(707072K), 0.0103494 secs] [Times: user=0.06 sys=0.00, real=0.01 secs] 
2016-09-25T23:25:59.466-0400: 60.204: [GC (GCLocker Initiated GC) [PSYoungGen: 166405K->60376K(183296K)] 511956K->425726K(707584K), 0.0192727 secs] [Times: user=0.19 sys=0.00, real=0.02 secs] 
2016-09-25T23:25:59.532-0400: 60.270: [GC (GCLocker Initiated GC) [PSYoungGen: 164824K->63464K(182272K)] 533030K->441764K(706560K), 0.0095621 secs] [Times: user=0.08 sys=0.00, real=0.01 secs] 
2016-09-25T23:25:59.584-0400: 60.322: [GC (GCLocker Initiated GC) [PSYoungGen: 166888K->54153K(157696K)] 553470K->459297K(681984K), 0.0187502 secs] [Times: user=0.17 sys=0.00, real=0.02 secs] 
2016-09-25T23:25:59.675-0400: 60.413: [GC (GCLocker Initiated GC) [PSYoungGen: 157577K->63248K(180224K)] 571058K->485996K(704512K), 0.0225446 secs] [Times: user=0.23 sys=0.01, real=0.02 secs] 
2016-09-25T23:25:59.769-0400: 60.507: [GC (GCLocker Initiated GC) [PSYoungGen: 166160K->30647K(181248K)] 595046K->480551K(705536K), 0.0063213 secs] [Times: user=0.05 sys=0.00, real=0.01 secs] 
2016-09-25T23:25:59.818-0400: 60.556: [GC (GCLocker Initiated GC) [PSYoungGen: 133559K->57933K(182784K)] 589020K->524841K(707072K), 0.0080443 secs] [Times: user=0.08 sys=0.00, real=0.01 secs] 
2016-09-25T23:25:59.906-0400: 60.644: [GC (GCLocker Initiated GC) [PSYoungGen: 160333K->49968K(152576K)] 628031K->530681K(676864K), 0.0140090 secs] [Times: user=0.10 sys=0.00, real=0.01 secs] 
2016-09-25T23:25:59.980-0400: 60.718: [GC (GCLocker Initiated GC) [PSYoungGen: 152368K->58940K(179712K)] 633146K->565130K(704000K), 0.0073572 secs] [Times: user=0.08 sys=0.00, real=0.01 secs] 
2016-09-25T23:25:59.987-0400: 60.725: [Full GC (Ergonomics) [PSYoungGen: 58940K->0K(179712K)] [ParOldGen: 506190K->304808K(524288K)] 565130K->304808K(704000K), [Metaspace: 43715K->43715K(1087488K)], 0.0572159 secs] [Times: user=0.34 sys=0.01, real=0.06 secs] 
2016-09-25T23:26:00.110-0400: 60.849: [GC (GCLocker Initiated GC) [PSYoungGen: 102400K->75130K(179712K)] 412669K->390800K(704000K), 0.0232077 secs] [Times: user=0.24 sys=0.00, real=0.02 secs] 
2016-09-25T23:26:00.217-0400: 60.955: [GC (GCLocker Initiated GC) [PSYoungGen: 177530K->52390K(181760K)] 498711K->399669K(706048K), 0.0144846 secs] [Times: user=0.15 sys=0.00, real=0.01 secs] 
2016-09-25T23:26:00.268-0400: 61.006: [GC (GCLocker Initiated GC) [PSYoungGen: 151718K->52485K(152064K)] 499044K->419469K(676352K), 0.0127171 secs] [Times: user=0.08 sys=0.01, real=0.01 secs] 
2016-09-25T23:26:00.348-0400: 61.086: [GC (GCLocker Initiated GC) [PSYoungGen: 151813K->57881K(179712K)] 524462K->448929K(704000K), 0.0144638 secs] [Times: user=0.09 sys=0.01, real=0.02 secs] 
2016-09-25T23:26:00.426-0400: 61.165: [GC (GCLocker Initiated GC) [PSYoungGen: 158745K->37444K(178176K)] 552638K->448339K(702464K), 0.0325251 secs] [Times: user=0.34 sys=0.01, real=0.03 secs] 
2016-09-25T23:26:00.500-0400: 61.238: [GC (GCLocker Initiated GC) [PSYoungGen: 138308K->56636K(182784K)] 557485K->477942K(707072K), 0.0259881 secs] [Times: user=0.27 sys=0.00, real=0.03 secs] 
2016-09-25T23:26:00.609-0400: 61.347: [GC (GCLocker Initiated GC) [PSYoungGen: 163132K->66162K(183296K)] 587320K->527798K(707584K), 0.0190684 secs] [Times: user=0.22 sys=0.00, real=0.02 secs] 
2016-09-25T23:26:00.670-0400: 61.408: [GC (GCLocker Initiated GC) [PSYoungGen: 172658K->52460K(183808K)] 638904K->546464K(708096K), 0.0142202 secs] [Times: user=0.16 sys=0.00, real=0.02 secs] 
2016-09-25T23:26:00.685-0400: 61.423: [Full GC (Ergonomics) [PSYoungGen: 52460K->0K(183808K)] [ParOldGen: 494004K->309902K(524288K)] 546464K->309902K(708096K), [Metaspace: 43715K->43715K(1087488K)], 0.0792448 secs] [Times: user=0.41 sys=0.02, real=0.08 secs] 
2016-09-25T23:26:00.846-0400: 61.584: [GC (GCLocker Initiated GC) [PSYoungGen: 105984K->74793K(181248K)] 424214K->401124K(705536K), 0.0105064 secs] [Times: user=0.10 sys=0.00, real=0.01 secs] 
2016-09-25T23:26:00.914-0400: 61.652: [GC (GCLocker Initiated GC) [PSYoungGen: 180777K->53816K(181760K)] 514044K->407355K(706048K), 0.0151401 secs] [Times: user=0.16 sys=0.00, real=0.02 secs] 
2016-09-25T23:26:00.988-0400: 61.726: [GC (GCLocker Initiated GC) [PSYoungGen: 154680K->57855K(158720K)] 511001K->439329K(683008K), 0.0274989 secs] [Times: user=0.21 sys=0.02, real=0.03 secs] 
2016-09-25T23:26:01.084-0400: 61.822: [GC (GCLocker Initiated GC) [PSYoungGen: 158719K->64864K(178176K)] 540331K->472965K(702464K), 0.0085721 secs] [Times: user=0.08 sys=0.00, real=0.00 secs] 
2016-09-25T23:26:01.132-0400: 61.870: [GC (GCLocker Initiated GC) [PSYoungGen: 164704K->63537K(179200K)] 574227K->501038K(703488K), 0.0195852 secs] [Times: user=0.23 sys=0.00, real=0.02 secs] 
2016-09-25T23:26:01.189-0400: 61.927: [GC (GCLocker Initiated GC) [PSYoungGen: 163377K->70071K(178688K)] 601069K->523518K(702976K), 0.0109439 secs] [Times: user=0.12 sys=0.00, real=0.01 secs] 
2016-09-25T23:26:01.257-0400: 61.995: [GC (GCLocker Initiated GC) [PSYoungGen: 169399K->56602K(180736K)] 623515K->535842K(705024K), 0.0079866 secs] [Times: user=0.07 sys=0.00, real=0.01 secs] 
2016-09-25T23:26:01.320-0400: 62.058: [GC (GCLocker Initiated GC) [PSYoungGen: 155930K->55249K(177152K)] 635220K->559647K(701440K), 0.0072068 secs] [Times: user=0.07 sys=0.00, real=0.01 secs] 
2016-09-25T23:26:01.327-0400: 62.065: [Full GC (Ergonomics) [PSYoungGen: 55249K->0K(177152K)] [ParOldGen: 504397K->314182K(524288K)] 559647K->314182K(701440K), [Metaspace: 43739K->43739K(1087488K)], 0.0598590 secs] [Times: user=0.39 sys=0.00, real=0.06 secs] 
2016-09-25T23:26:01.434-0400: 62.173: [GC (GCLocker Initiated GC) [PSYoungGen: 100864K->76308K(179200K)] 424694K->405539K(703488K), 0.0127315 secs] [Times: user=0.12 sys=0.01, real=0.01 secs] 
2016-09-25T23:26:01.498-0400: 62.236: [GC (GCLocker Initiated GC) [PSYoungGen: 177172K->67401K(178176K)] 510563K->430684K(702464K), 0.0176320 secs] [Times: user=0.25 sys=0.00, real=0.02 secs] 
2016-09-25T23:26:01.566-0400: 62.304: [GC (GCLocker Initiated GC) [PSYoungGen: 162633K->64658K(160256K)] 528767K->462677K(684544K), 0.0093733 secs] [Times: user=0.13 sys=0.01, real=0.01 secs] 
2016-09-25T23:26:01.611-0400: 62.349: [GC (GCLocker Initiated GC) [PSYoungGen: 159890K->82363K(170496K)] 560669K->502750K(694784K), 0.0106887 secs] [Times: user=0.15 sys=0.01, real=0.01 secs] 
2016-09-25T23:26:01.668-0400: 62.406: [GC (GCLocker Initiated GC) [PSYoungGen: 170427K->59105K(175104K)] 592320K->502123K(699392K), 0.0096019 secs] [Times: user=0.09 sys=0.00, real=0.01 secs] 
2016-09-25T23:26:01.725-0400: 62.463: [GC (GCLocker Initiated GC) [PSYoungGen: 147169K->45585K(174592K)] 597057K->516402K(698880K), 0.0069978 secs] [Times: user=0.05 sys=0.00, real=0.00 secs] 
2016-09-25T23:26:01.769-0400: 62.507: [GC (GCLocker Initiated GC) [PSYoungGen: 133649K->76852K(175104K)] 604661K->585038K(699392K), 0.0142370 secs] [Times: user=0.22 sys=0.00, real=0.02 secs] 
2016-09-25T23:26:01.784-0400: 62.522: [Full GC (Ergonomics) [PSYoungGen: 76852K->0K(175104K)] [ParOldGen: 508186K->328386K(524288K)] 585038K->328386K(699392K), [Metaspace: 43739K->43739K(1087488K)], 0.0747395 secs] [Times: user=0.70 sys=0.00, real=0.07 secs] 
2016-09-25T23:26:01.917-0400: 62.655: [GC (GCLocker Initiated GC) [PSYoungGen: 88064K->57991K(175104K)] 419333K->389261K(699392K), 0.0070653 secs] [Times: user=0.10 sys=0.00, real=0.01 secs] 
2016-09-25T23:26:01.965-0400: 62.703: [GC (GCLocker Initiated GC) [PSYoungGen: 146055K->68954K(175104K)] 477403K->429523K(699392K), 0.0107718 secs] [Times: user=0.16 sys=0.00, real=0.01 secs] 
2016-09-25T23:26:02.023-0400: 62.761: [GC (GCLocker Initiated GC) [PSYoungGen: 157018K->51389K(175104K)] 527275K->446889K(699392K), 0.0101477 secs] [Times: user=0.09 sys=0.00, real=0.00 secs] 
2016-09-25T23:26:02.067-0400: 62.805: [GC (GCLocker Initiated GC) [PSYoungGen: 139453K->67316K(175104K)] 537807K->486911K(699392K), 0.0078016 secs] [Times: user=0.07 sys=0.01, real=0.01 secs] 
2016-09-25T23:26:02.122-0400: 62.860: [GC (GCLocker Initiated GC) [PSYoungGen: 155380K->48416K(175104K)] 583262K->498605K(699392K), 0.0110145 secs] [Times: user=0.12 sys=0.00, real=0.01 secs] 
2016-09-25T23:26:02.178-0400: 62.917: [GC (GCLocker Initiated GC) [PSYoungGen: 136480K->56548K(144896K)] 592215K->536015K(669184K), 0.0072849 secs] [Times: user=0.07 sys=0.00, real=0.01 secs] 
2016-09-25T23:26:02.223-0400: 62.961: [GC (GCLocker Initiated GC) [PSYoungGen: 144612K->71432K(172032K)] 626868K->581518K(696320K), 0.0109947 secs] [Times: user=0.09 sys=0.00, real=0.00 secs] 
2016-09-25T23:26:02.234-0400: 62.972: [Full GC (Ergonomics) [PSYoungGen: 71432K->0K(172032K)] [ParOldGen: 510086K->334133K(524288K)] 581518K->334133K(696320K), [Metaspace: 43739K->43739K(1087488K)], 0.0802329 secs] [Times: user=0.41 sys=0.02, real=0.09 secs] 
2016-09-25T23:26:02.366-0400: 63.104: [GC (GCLocker Initiated GC) [PSYoungGen: 86528K->59715K(173568K)] 428904K->402091K(697856K), 0.0127294 secs] [Times: user=0.15 sys=0.01, real=0.01 secs] 
2016-09-25T23:26:02.423-0400: 63.161: [GC (GCLocker Initiated GC) [PSYoungGen: 146243K->52288K(174592K)] 488687K->418891K(698880K), 0.0174245 secs] [Times: user=0.18 sys=0.00, real=0.01 secs] 
2016-09-25T23:26:02.488-0400: 63.226: [GC (GCLocker Initiated GC) [PSYoungGen: 142400K->43249K(174080K)] 518552K->437548K(698368K), 0.0072414 secs] [Times: user=0.06 sys=0.00, real=0.01 secs] 
2016-09-25T23:26:02.533-0400: 63.271: [GC (GCLocker Initiated GC) [PSYoungGen: 133361K->41585K(176640K)] 527697K->486951K(700928K), 0.0123354 secs] [Times: user=0.11 sys=0.00, real=0.02 secs] 
2016-09-25T23:26:02.598-0400: 63.336: [GC (GCLocker Initiated GC) [PSYoungGen: 133745K->55322K(147968K)] 584604K->523011K(672256K), 0.0131771 secs] [Times: user=0.12 sys=0.00, real=0.01 secs] 
2016-09-25T23:26:02.654-0400: 63.392: [GC (GCLocker Initiated GC) [PSYoungGen: 147482K->66022K(174080K)] 615252K->560480K(698368K), 0.0089839 secs] [Times: user=0.06 sys=0.00, real=0.02 secs] 
2016-09-25T23:26:02.663-0400: 63.401: [Full GC (Ergonomics) [PSYoungGen: 66022K->0K(174080K)] [ParOldGen: 494458K->327336K(524288K)] 560480K->327336K(698368K), [Metaspace: 43739K->43739K(1087488K)], 0.0789881 secs] [Times: user=0.67 sys=0.01, real=0.07 secs] 
2016-09-25T23:26:02.796-0400: 63.534: [GC (GCLocker Initiated GC) [PSYoungGen: 91648K->70036K(175104K)] 421788K->400176K(699392K), 0.0097302 secs] [Times: user=0.08 sys=0.00, real=0.01 secs] 
2016-09-25T23:26:02.844-0400: 63.582: [GC (GCLocker Initiated GC) [PSYoungGen: 161684K->69004K(174592K)] 491994K->425818K(698880K), 0.0210155 secs] [Times: user=0.25 sys=0.00, real=0.02 secs] 
2016-09-25T23:26:02.910-0400: 63.648: [GC (GCLocker Initiated GC) [PSYoungGen: 158092K->42874K(175616K)] 517725K->423674K(699904K), 0.0227602 secs] [Times: user=0.22 sys=0.00, real=0.02 secs] 
2016-09-25T23:26:02.979-0400: 63.717: [GC (GCLocker Initiated GC) [PSYoungGen: 131962K->47028K(174592K)] 515560K->455599K(698880K), 0.0101963 secs] [Times: user=0.09 sys=0.00, real=0.01 secs] 
2016-09-25T23:26:03.046-0400: 63.784: [GC (GCLocker Initiated GC) [PSYoungGen: 136116K->48423K(175104K)] 546055K->475435K(699392K), 0.0087726 secs] [Times: user=0.07 sys=0.00, real=0.01 secs] 
2016-09-25T23:26:03.099-0400: 63.837: [GC (GCLocker Initiated GC) [PSYoungGen: 137511K->57892K(173056K)] 567320K->503389K(697344K), 0.0078208 secs] [Times: user=0.06 sys=0.00, real=0.01 secs] 
2016-09-25T23:26:03.158-0400: 63.896: [GC (GCLocker Initiated GC) [PSYoungGen: 149540K->47159K(174080K)] 600549K->531444K(698368K), 0.0230236 secs] [Times: user=0.24 sys=0.00, real=0.02 secs] 
2016-09-25T23:26:03.181-0400: 63.919: [Full GC (Ergonomics) [PSYoungGen: 47159K->0K(174080K)] [ParOldGen: 484285K->325137K(524288K)] 531444K->325137K(698368K), [Metaspace: 43739K->43739K(1087488K)], 0.0582453 secs] [Times: user=0.43 sys=0.00, real=0.06 secs] 
2016-09-25T23:26:03.290-0400: 64.028: [GC (GCLocker Initiated GC) [PSYoungGen: 91648K->74427K(172544K)] 417132K->399912K(696832K), 0.0098754 secs] [Times: user=0.13 sys=0.00, real=0.01 secs] 
2016-09-25T23:26:03.338-0400: 64.076: [GC (GCLocker Initiated GC) [PSYoungGen: 165563K->55166K(176640K)] 491893K->414911K(700928K), 0.0084870 secs] [Times: user=0.08 sys=0.00, real=0.01 secs] 
2016-09-25T23:26:03.404-0400: 64.142: [GC (GCLocker Initiated GC) [PSYoungGen: 146302K->36106K(176640K)] 514954K->419120K(700928K), 0.0068671 secs] [Times: user=0.05 sys=0.00, real=0.00 secs] 
2016-09-25T23:26:03.451-0400: 64.190: [GC (GCLocker Initiated GC) [PSYoungGen: 129290K->61635K(177664K)] 515164K->457734K(701952K), 0.0116541 secs] [Times: user=0.11 sys=0.00, real=0.02 secs] 
2016-09-25T23:26:03.518-0400: 64.256: [GC (GCLocker Initiated GC) [PSYoungGen: 154819K->62111K(176128K)] 560600K->475279K(700416K), 0.0092785 secs] [Times: user=0.08 sys=0.00, real=0.01 secs] 
2016-09-25T23:26:03.575-0400: 64.314: [GC (GCLocker Initiated GC) [PSYoungGen: 155807K->54970K(177152K)] 569075K->489366K(701440K), 0.0090413 secs] [Times: user=0.06 sys=0.01, real=0.01 secs] 
2016-09-25T23:26:03.619-0400: 64.358: [GC (GCLocker Initiated GC) [PSYoungGen: 148666K->60765K(177664K)] 585938K->513449K(701952K), 0.0262130 secs] [Times: user=0.25 sys=0.00, real=0.03 secs] 
2016-09-25T23:26:03.705-0400: 64.443: [GC (GCLocker Initiated GC) [PSYoungGen: 157533K->46795K(177152K)] 610387K->523632K(701440K), 0.0314900 secs] [Times: user=0.34 sys=0.01, real=0.03 secs] 
2016-09-25T23:26:03.779-0400: 64.517: [GC (GCLocker Initiated GC) [PSYoungGen: 143563K->62266K(179712K)] 620481K->556043K(704000K), 0.0076166 secs] [Times: user=0.07 sys=0.01, real=0.01 secs] 
2016-09-25T23:26:03.786-0400: 64.525: [Full GC (Ergonomics) [PSYoungGen: 62266K->0K(179712K)] [ParOldGen: 493776K->333592K(524288K)] 556043K->333592K(704000K), [Metaspace: 43740K->43740K(1087488K)], 0.0613005 secs] [Times: user=0.42 sys=0.01, real=0.06 secs] 
2016-09-25T23:26:03.897-0400: 64.635: [GC (GCLocker Initiated GC) [PSYoungGen: 100352K->64428K(180224K)] 438224K->402301K(704512K), 0.0093659 secs] [Times: user=0.06 sys=0.00, real=0.01 secs] 
2016-09-25T23:26:03.961-0400: 64.699: [GC (GCLocker Initiated GC) [PSYoungGen: 164780K->67414K(178688K)] 505402K->427395K(702976K), 0.0096316 secs] [Times: user=0.07 sys=0.01, real=0.01 secs] 
2016-09-25T23:26:04.011-0400: 64.749: [GC (GCLocker Initiated GC) [PSYoungGen: 165718K->78559K(177152K)] 528825K->458655K(701440K), 0.0118841 secs] [Times: user=0.09 sys=0.00, real=0.02 secs] 
2016-09-25T23:26:04.081-0400: 64.819: [GC (GCLocker Initiated GC) [PSYoungGen: 176863K->60440K(177664K)] 557114K->456594K(701952K), 0.0126796 secs] [Times: user=0.14 sys=0.00, real=0.01 secs] 
2016-09-25T23:26:04.137-0400: 64.875: [GC (GCLocker Initiated GC) [PSYoungGen: 153112K->74102K(166912K)] 552130K->484516K(691200K), 0.0132013 secs] [Times: user=0.15 sys=0.01, real=0.01 secs] 
2016-09-25T23:26:04.206-0400: 64.944: [GC (GCLocker Initiated GC) [PSYoungGen: 166774K->34855K(175104K)] 580594K->485859K(699392K), 0.0177155 secs] [Times: user=0.17 sys=0.00, real=0.02 secs] 
2016-09-25T23:26:04.291-0400: 65.029: [GC (GCLocker Initiated GC) [PSYoungGen: 122919K->55089K(175104K)] 574057K->535431K(699392K), 0.0095076 secs] [Times: user=0.08 sys=0.01, real=0.01 secs] 
2016-09-25T23:26:04.346-0400: 65.084: [Full GC (Ergonomics) [PSYoungGen: 143153K->0K(175104K)] [ParOldGen: 488596K->340712K(524288K)] 631750K->340712K(699392K), [Metaspace: 43799K->43799K(1087488K)], 0.0810811 secs] [Times: user=0.50 sys=0.00, real=0.08 secs] 
2016-09-25T23:26:04.479-0400: 65.217: [GC (GCLocker Initiated GC) [PSYoungGen: 88064K->50120K(172032K)] 434222K->396287K(696320K), 0.0076182 secs] [Times: user=0.08 sys=0.00, real=0.01 secs] 
2016-09-25T23:26:04.533-0400: 65.271: [GC (GCLocker Initiated GC) [PSYoungGen: 138184K->67675K(173568K)] 491224K->448928K(697856K), 0.0146589 secs] [Times: user=0.17 sys=0.00, real=0.02 secs] 
2016-09-25T23:26:04.593-0400: 65.331: [GC (GCLocker Initiated GC) [PSYoungGen: 155739K->26718K(174592K)] 539787K->442960K(698880K), 0.0165008 secs] [Times: user=0.20 sys=0.00, real=0.02 secs] 
2016-09-25T23:26:04.639-0400: 65.378: [GC (GCLocker Initiated GC) [PSYoungGen: 114782K->62309K(175104K)] 536568K->503768K(699392K), 0.0231214 secs] [Times: user=0.24 sys=0.00, real=0.03 secs] 
2016-09-25T23:26:04.751-0400: 65.489: [GC (GCLocker Initiated GC) [PSYoungGen: 150373K->41747K(175104K)] 600103K->508884K(699392K), 0.0215764 secs] [Times: user=0.21 sys=0.00, real=0.02 secs] 
2016-09-25T23:26:04.815-0400: 65.553: [GC (GCLocker Initiated GC) [PSYoungGen: 129811K->52374K(140800K)] 597143K->532687K(665088K), 0.0072863 secs] [Times: user=0.07 sys=0.00, real=0.01 secs] 
2016-09-25T23:26:04.873-0400: 65.611: [Full GC (Ergonomics) [PSYoungGen: 140438K->0K(140800K)] [ParOldGen: 489875K->344445K(524288K)] 630313K->344445K(665088K), [Metaspace: 43803K->43803K(1087488K)], 0.0723120 secs] [Times: user=0.54 sys=0.01, real=0.08 secs] 
2016-09-25T23:26:05.007-0400: 65.745: [GC (GCLocker Initiated GC) [PSYoungGen: 88064K->69196K(169984K)] 433937K->415070K(694272K), 0.0121225 secs] [Times: user=0.07 sys=0.00, real=0.01 secs] 
2016-09-25T23:26:05.080-0400: 65.818: [GC (GCLocker Initiated GC) [PSYoungGen: 154700K->40404K(172544K)] 512950K->428221K(696832K), 0.0083539 secs] [Times: user=0.08 sys=0.00, real=0.01 secs] 
2016-09-25T23:26:05.124-0400: 65.862: [GC (GCLocker Initiated GC) [PSYoungGen: 125908K->61865K(173568K)] 518026K->475156K(697856K), 0.0090453 secs] [Times: user=0.12 sys=0.00, real=0.00 secs] 
2016-09-25T23:26:05.202-0400: 65.940: [GC (GCLocker Initiated GC) [PSYoungGen: 150441K->62193K(174592K)] 569758K->505088K(698880K), 0.0129481 secs] [Times: user=0.15 sys=0.00, real=0.01 secs] 
2016-09-25T23:26:05.282-0400: 66.020: [GC (GCLocker Initiated GC) [PSYoungGen: 150769K->50040K(172032K)] 599184K->510262K(696320K), 0.0069115 secs] [Times: user=0.07 sys=0.01, real=0.01 secs] 
2016-09-25T23:26:05.327-0400: 66.065: [GC (GCLocker Initiated GC) [PSYoungGen: 140152K->83828K(174080K)] 606435K->565977K(698368K), 0.0112336 secs] [Times: user=0.15 sys=0.00, real=0.01 secs] 
2016-09-25T23:26:05.392-0400: 66.130: [GC (GCLocker Initiated GC) [PSYoungGen: 173940K->33086K(175104K)] 657506K->545936K(699392K), 0.0167704 secs] [Times: user=0.07 sys=0.01, real=0.02 secs] 
2016-09-25T23:26:05.408-0400: 66.147: [Full GC (Ergonomics) [PSYoungGen: 33086K->0K(175104K)] [ParOldGen: 512850K->339913K(524288K)] 545936K->339913K(699392K), [Metaspace: 43803K->43803K(1087488K)], 0.0807257 secs] [Times: user=0.49 sys=0.00, real=0.08 secs] 
2016-09-25T23:26:05.522-0400: 66.260: [GC (GCLocker Initiated GC) [PSYoungGen: 88064K->70533K(175104K)] 429468K->411938K(699392K), 0.0094648 secs] [Times: user=0.09 sys=0.00, real=0.01 secs] 
2016-09-25T23:26:05.586-0400: 66.324: [GC (GCLocker Initiated GC) [PSYoungGen: 158597K->50829K(175104K)] 502815K->423510K(699392K), 0.0157030 secs] [Times: user=0.15 sys=0.00, real=0.01 secs] 
2016-09-25T23:26:05.656-0400: 66.394: [GC (GCLocker Initiated GC) [PSYoungGen: 138893K->51281K(175104K)] 514547K->439660K(699392K), 0.0107996 secs] [Times: user=0.08 sys=0.00, real=0.01 secs] 
2016-09-25T23:26:05.730-0400: 66.468: [GC (GCLocker Initiated GC) [PSYoungGen: 139345K->36401K(175104K)] 536082K->458474K(699392K), 0.0144082 secs] [Times: user=0.13 sys=0.01, real=0.02 secs] 
2016-09-25T23:26:05.780-0400: 66.518: [GC (GCLocker Initiated GC) [PSYoungGen: 124465K->58194K(175104K)] 549471K->504447K(699392K), 0.0072824 secs] [Times: user=0.08 sys=0.00, real=0.01 secs] 
2016-09-25T23:26:05.842-0400: 66.580: [GC (GCLocker Initiated GC) [PSYoungGen: 146258K->61902K(174080K)] 592584K->536295K(698368K), 0.0243046 secs] [Times: user=0.26 sys=0.00, real=0.03 secs] 
2016-09-25T23:26:05.923-0400: 66.661: [GC (GCLocker Initiated GC) [PSYoungGen: 149966K->44631K(174592K)] 629825K->546802K(698880K), 0.0126299 secs] [Times: user=0.13 sys=0.00, real=0.01 secs] 
2016-09-25T23:26:05.936-0400: 66.674: [Full GC (Ergonomics) [PSYoungGen: 44631K->0K(174592K)] [ParOldGen: 502171K->354118K(524288K)] 546802K->354118K(698880K), [Metaspace: 43803K->43803K(1087488K)], 0.0690650 secs] [Times: user=0.51 sys=0.00, real=0.07 secs] 
2016-09-25T23:26:06.044-0400: 66.782: [GC (GCLocker Initiated GC) [PSYoungGen: 88064K->67896K(173568K)] 442291K->422123K(697856K), 0.0092300 secs] [Times: user=0.11 sys=0.00, real=0.00 secs] 
2016-09-25T23:26:06.116-0400: 66.854: [GC (GCLocker Initiated GC) [PSYoungGen: 155960K->50064K(138240K)] 513042K->446216K(662528K), 0.0142434 secs] [Times: user=0.16 sys=0.00, real=0.01 secs] 
2016-09-25T23:26:06.197-0400: 66.935: [GC (GCLocker Initiated GC) [PSYoungGen: 138128K->54275K(177152K)] 538599K->466566K(701440K), 0.0069981 secs] [Times: user=0.07 sys=0.00, real=0.01 secs] 
2016-09-25T23:26:06.241-0400: 66.979: [GC (GCLocker Initiated GC) [PSYoungGen: 146435K->49707K(174592K)] 561623K->480966K(698880K), 0.0217434 secs] [Times: user=0.23 sys=0.00, real=0.03 secs] 
2016-09-25T23:26:06.301-0400: 67.039: [GC (GCLocker Initiated GC) [PSYoungGen: 141867K->72841K(171008K)] 577417K->520018K(695296K), 0.0106184 secs] [Times: user=0.14 sys=0.00, real=0.01 secs] 
2016-09-25T23:26:06.367-0400: 67.105: [GC (GCLocker Initiated GC) [PSYoungGen: 163465K->51140K(175104K)] 618831K->519532K(699392K), 0.0085166 secs] [Times: user=0.08 sys=0.00, real=0.01 secs] 
2016-09-25T23:26:06.419-0400: 67.157: [GC (GCLocker Initiated GC) [PSYoungGen: 141764K->47167K(173056K)] 613034K->542165K(697344K), 0.0110234 secs] [Times: user=0.11 sys=0.00, real=0.01 secs] 
2016-09-25T23:26:06.430-0400: 67.168: [Full GC (Ergonomics) [PSYoungGen: 47167K->0K(173056K)] [ParOldGen: 494998K->352426K(524288K)] 542165K->352426K(697344K), [Metaspace: 43803K->43803K(1087488K)], 0.0690925 secs] [Times: user=0.57 sys=0.01, real=0.07 secs] 
2016-09-25T23:26:06.556-0400: 67.294: [GC (GCLocker Initiated GC) [PSYoungGen: 94720K->80604K(175616K)] 452803K->452188K(699904K), 0.0082405 secs] [Times: user=0.10 sys=0.00, real=0.01 secs] 
2016-09-25T23:26:06.620-0400: 67.358: [GC (GCLocker Initiated GC) [PSYoungGen: 175324K->41313K(174592K)] 546979K->429585K(698880K), 0.0114305 secs] [Times: user=0.11 sys=0.00, real=0.01 secs] 
2016-09-25T23:26:06.667-0400: 67.405: [GC (GCLocker Initiated GC) [PSYoungGen: 129377K->65991K(175104K)] 517799K->484754K(699392K), 0.0102701 secs] [Times: user=0.12 sys=0.00, real=0.01 secs] 
2016-09-25T23:26:06.723-0400: 67.462: [GC (GCLocker Initiated GC) [PSYoungGen: 154055K->42043K(175104K)] 573038K->509100K(699392K), 0.0085245 secs] [Times: user=0.13 sys=0.00, real=0.00 secs] 
2016-09-25T23:26:06.771-0400: 67.510: [GC (GCLocker Initiated GC) [PSYoungGen: 130107K->54109K(142336K)] 597505K->541586K(666624K), 0.0076402 secs] [Times: user=0.08 sys=0.00, real=0.01 secs] 
2016-09-25T23:26:06.779-0400: 67.517: [Full GC (Ergonomics) [PSYoungGen: 54109K->0K(142336K)] [ParOldGen: 487477K->344163K(524288K)] 541586K->344163K(666624K), [Metaspace: 43803K->43803K(1087488K)], 0.0674875 secs] [Times: user=0.59 sys=0.00, real=0.07 secs] 
2016-09-25T23:26:06.891-0400: 67.629: [GC (GCLocker Initiated GC) [PSYoungGen: 88064K->68115K(171520K)] 439424K->419475K(695808K), 0.0130226 secs] [Times: user=0.15 sys=0.00, real=0.02 secs] 
2016-09-25T23:26:06.950-0400: 67.688: [GC (GCLocker Initiated GC) [PSYoungGen: 154643K->45620K(173056K)] 506119K->418744K(697344K), 0.0292840 secs] [Times: user=0.35 sys=0.00, real=0.03 secs] 
2016-09-25T23:26:07.031-0400: 67.769: [GC (GCLocker Initiated GC) [PSYoungGen: 132148K->47257K(172032K)] 505390K->442846K(696320K), 0.0103589 secs] [Times: user=0.10 sys=0.01, real=0.01 secs] 
2016-09-25T23:26:07.078-0400: 67.816: [GC (GCLocker Initiated GC) [PSYoungGen: 137369K->59186K(174080K)] 533089K->477659K(698368K), 0.0093528 secs] [Times: user=0.09 sys=0.01, real=0.01 secs] 
2016-09-25T23:26:07.143-0400: 67.881: [GC (GCLocker Initiated GC) [PSYoungGen: 149298K->44743K(175104K)] 570626K->514094K(699392K), 0.0147576 secs] [Times: user=0.20 sys=0.01, real=0.01 secs] 
2016-09-25T23:26:07.209-0400: 67.947: [Full GC (Ergonomics) [PSYoungGen: 139975K->0K(175104K)] [ParOldGen: 480237K->355278K(524288K)] 620213K->355278K(699392K), [Metaspace: 43803K->43803K(1087488K)], 0.0702652 secs] [Times: user=0.52 sys=0.01, real=0.07 secs] 
2016-09-25T23:26:07.327-0400: 68.066: [GC (GCLocker Initiated GC) [PSYoungGen: 95232K->75025K(170496K)] 457435K->437228K(694784K), 0.0096887 secs] [Times: user=0.08 sys=0.00, real=0.01 secs] 
2016-09-25T23:26:07.403-0400: 68.141: [GC (GCLocker Initiated GC) [PSYoungGen: 170257K->32017K(175104K)] 535210K->421472K(699392K), 0.0073258 secs] [Times: user=0.06 sys=0.00, real=0.00 secs] 
2016-09-25T23:26:07.451-0400: 68.189: [GC (GCLocker Initiated GC) [PSYoungGen: 120081K->51026K(139264K)] 513786K->463014K(663552K), 0.0196338 secs] [Times: user=0.23 sys=0.00, real=0.02 secs] 
2016-09-25T23:26:07.525-0400: 68.263: [GC (GCLocker Initiated GC) [PSYoungGen: 139090K->52852K(176128K)] 562078K->487428K(700416K), 0.0143120 secs] [Times: user=0.15 sys=0.00, real=0.01 secs] 
2016-09-25T23:26:07.599-0400: 68.337: [GC (GCLocker Initiated GC) [PSYoungGen: 143988K->42664K(173056K)] 578667K->496098K(697344K), 0.0120121 secs] [Times: user=0.11 sys=0.00, real=0.01 secs] 
2016-09-25T23:26:07.647-0400: 68.385: [GC (GCLocker Initiated GC) [PSYoungGen: 133800K->65132K(174080K)] 594042K->532586K(698368K), 0.0183594 secs] [Times: user=0.18 sys=0.00, real=0.02 secs] 
2016-09-25T23:26:07.724-0400: 68.462: [GC (GCLocker Initiated GC) [PSYoungGen: 158316K->46848K(176128K)] 625835K->529145K(700416K), 0.0151331 secs] [Times: user=0.15 sys=0.02, real=0.01 secs] 
2016-09-25T23:26:07.771-0400: 68.509: [Full GC (Ergonomics) [PSYoungGen: 140032K->0K(176128K)] [ParOldGen: 485204K->359373K(524288K)] 625236K->359373K(700416K), [Metaspace: 43803K->43803K(1087488K)], 0.2794704 secs] [Times: user=3.82 sys=0.04, real=0.28 secs] 
2016-09-25T23:26:08.118-0400: 68.856: [GC (GCLocker Initiated GC) [PSYoungGen: 93184K->64246K(177664K)] 464888K->435950K(701952K), 0.0209280 secs] [Times: user=0.30 sys=0.03, real=0.02 secs] 
2016-09-25T23:26:08.191-0400: 68.929: [GC (GCLocker Initiated GC) [PSYoungGen: 161014K->81206K(178176K)] 536993K->459885K(702464K), 0.0106079 secs] [Times: user=0.13 sys=0.00, real=0.01 secs] 
2016-09-25T23:26:08.250-0400: 68.988: [GC (GCLocker Initiated GC) [PSYoungGen: 177974K->37274K(172032K)] 560815K->442759K(696320K), 0.0155019 secs] [Times: user=0.14 sys=0.00, real=0.02 secs] 
2016-09-25T23:26:08.302-0400: 69.040: [GC (GCLocker Initiated GC) [PSYoungGen: 125338K->61798K(175104K)] 533698K->495074K(699392K), 0.0104031 secs] [Times: user=0.08 sys=0.01, real=0.01 secs] 
2016-09-25T23:26:08.358-0400: 69.096: [GC (GCLocker Initiated GC) [PSYoungGen: 149862K->45772K(175104K)] 583272K->517698K(699392K), 0.0076120 secs] [Times: user=0.08 sys=0.00, real=0.01 secs] 
2016-09-25T23:26:08.408-0400: 69.146: [GC (GCLocker Initiated GC) [PSYoungGen: 133836K->75110K(175104K)] 605864K->547138K(699392K), 0.0120317 secs] [Times: user=0.11 sys=0.00, real=0.01 secs] 
2016-09-25T23:26:08.460-0400: 69.198: [GC (GCLocker Initiated GC) [PSYoungGen: 163174K->65692K(175104K)] 638027K->566759K(699392K), 0.0086458 secs] [Times: user=0.08 sys=0.00, real=0.01 secs] 
2016-09-25T23:26:08.469-0400: 69.207: [Full GC (Ergonomics) [PSYoungGen: 65692K->0K(175104K)] [ParOldGen: 501067K->370675K(524288K)] 566759K->370675K(699392K), [Metaspace: 43803K->43803K(1087488K)], 0.0598490 secs] [Times: user=0.51 sys=0.00, real=0.06 secs] 
2016-09-25T23:26:08.570-0400: 69.308: [GC (GCLocker Initiated GC) [PSYoungGen: 88064K->58373K(175104K)] 461664K->431973K(699392K), 0.0091685 secs] [Times: user=0.12 sys=0.00, real=0.01 secs] 
2016-09-25T23:26:08.629-0400: 69.368: [GC (GCLocker Initiated GC) [PSYoungGen: 146437K->55097K(173056K)] 522891K->448969K(697344K), 0.0076027 secs] [Times: user=0.07 sys=0.00, real=0.01 secs] 
2016-09-25T23:26:08.682-0400: 69.420: [GC (GCLocker Initiated GC) [PSYoungGen: 143161K->85605K(174080K)] 537175K->479619K(698368K), 0.0097433 secs] [Times: user=0.11 sys=0.00, real=0.01 secs] 
2016-09-25T23:26:08.731-0400: 69.469: [GC (GCLocker Initiated GC) [PSYoungGen: 173669K->56358K(175104K)] 569163K->488472K(699392K), 0.0105984 secs] [Times: user=0.12 sys=0.00, real=0.01 secs] 
2016-09-25T23:26:08.791-0400: 69.529: [GC (GCLocker Initiated GC) [PSYoungGen: 144422K->49941K(175104K)] 582038K->520629K(699392K), 0.0123538 secs] [Times: user=0.15 sys=0.00, real=0.02 secs] 
2016-09-25T23:26:08.803-0400: 69.542: [Full GC (Ergonomics) [PSYoungGen: 49941K->0K(175104K)] [ParOldGen: 470688K->356692K(524288K)] 520629K->356692K(699392K), [Metaspace: 43803K->43803K(1087488K)], 0.0652072 secs] [Times: user=0.60 sys=0.00, real=0.06 secs] 
2016-09-25T23:26:08.904-0400: 69.642: [GC (GCLocker Initiated GC) [PSYoungGen: 88064K->86659K(175104K)] 444951K->448947K(699392K), 0.0110855 secs] [Times: user=0.13 sys=0.00, real=0.01 secs] 
2016-09-25T23:26:08.972-0400: 69.710: [GC (GCLocker Initiated GC) [PSYoungGen: 174723K->41516K(175104K)] 541173K->438863K(699392K), 0.0148352 secs] [Times: user=0.17 sys=0.00, real=0.02 secs] 
2016-09-25T23:26:09.018-0400: 69.756: [GC (GCLocker Initiated GC) [PSYoungGen: 129580K->78421K(175104K)] 527129K->490298K(699392K), 0.0080335 secs] [Times: user=0.08 sys=0.01, real=0.01 secs] 
2016-09-25T23:26:09.088-0400: 69.826: [GC (GCLocker Initiated GC) [PSYoungGen: 166485K->63570K(175104K)] 586586K->506406K(699392K), 0.0109987 secs] [Times: user=0.13 sys=0.00, real=0.01 secs] 
2016-09-25T23:26:09.147-0400: 69.885: [GC (GCLocker Initiated GC) [PSYoungGen: 151634K->53922K(175104K)] 597188K->522034K(699392K), 0.0072030 secs] [Times: user=0.06 sys=0.00, real=0.00 secs] 
2016-09-25T23:26:09.199-0400: 69.937: [GC (GCLocker Initiated GC) [PSYoungGen: 141986K->51364K(175104K)] 618242K->548866K(699392K), 0.0089542 secs] [Times: user=0.11 sys=0.00, real=0.01 secs] 
2016-09-25T23:26:09.208-0400: 69.946: [Full GC (Ergonomics) [PSYoungGen: 51364K->0K(175104K)] [ParOldGen: 497502K->370092K(524288K)] 548866K->370092K(699392K), [Metaspace: 43804K->43804K(1087488K)], 0.0659047 secs] [Times: user=0.57 sys=0.01, real=0.06 secs] 
2016-09-25T23:26:09.327-0400: 70.066: [GC (GCLocker Initiated GC) [PSYoungGen: 88064K->48880K(175104K)] 467795K->428611K(699392K), 0.0058529 secs] [Times: user=0.05 sys=0.00, real=0.00 secs] 
2016-09-25T23:26:09.379-0400: 70.117: [GC (GCLocker Initiated GC) [PSYoungGen: 136944K->49710K(175104K)] 516731K->461813K(699392K), 0.0169144 secs] [Times: user=0.18 sys=0.00, real=0.02 secs] 
2016-09-25T23:26:09.434-0400: 70.172: [GC (GCLocker Initiated GC) [PSYoungGen: 137774K->58144K(174080K)] 555646K->515881K(698368K), 0.0086406 secs] [Times: user=0.10 sys=0.00, real=0.01 secs] 
2016-09-25T23:26:09.500-0400: 70.238: [Full GC (Ergonomics) [PSYoungGen: 146208K->0K(174080K)] [ParOldGen: 471352K->363623K(524288K)] 617561K->363623K(698368K), [Metaspace: 43805K->43805K(1087488K)], 0.0716975 secs] [Times: user=0.29 sys=0.01, real=0.07 secs] 
2016-09-25T23:26:09.614-0400: 70.352: [GC (GCLocker Initiated GC) [PSYoungGen: 88064K->66396K(174592K)] 459999K->438331K(698880K), 0.0141645 secs] [Times: user=0.18 sys=0.00, real=0.01 secs] 
2016-09-25T23:26:09.688-0400: 70.426: [GC (GCLocker Initiated GC) [PSYoungGen: 154460K->86147K(175104K)] 533585K->476073K(699392K), 0.0104169 secs] [Times: user=0.11 sys=0.01, real=0.01 secs] 
2016-09-25T23:26:09.738-0400: 70.476: [GC (GCLocker Initiated GC) [PSYoungGen: 174211K->49550K(175104K)] 569907K->487697K(699392K), 0.0086441 secs] [Times: user=0.11 sys=0.01, real=0.01 secs] 
2016-09-25T23:26:09.790-0400: 70.528: [GC (GCLocker Initiated GC) [PSYoungGen: 137614K->83535K(175104K)] 582698K->545302K(699392K), 0.0093482 secs] [Times: user=0.13 sys=0.00, real=0.01 secs] 
2016-09-25T23:26:09.840-0400: 70.578: [GC (GCLocker Initiated GC) [PSYoungGen: 171599K->60702K(175104K)] 633485K->550349K(699392K), 0.0145000 secs] [Times: user=0.16 sys=0.00, real=0.02 secs] 
2016-09-25T23:26:09.855-0400: 70.593: [Full GC (Ergonomics) [PSYoungGen: 60702K->0K(175104K)] [ParOldGen: 489647K->368544K(524288K)] 550349K->368544K(699392K), [Metaspace: 43805K->43805K(1087488K)], 0.0952798 secs] [Times: user=0.94 sys=0.01, real=0.09 secs] 
2016-09-25T23:26:09.993-0400: 70.731: [GC (GCLocker Initiated GC) [PSYoungGen: 88064K->65148K(175104K)] 462531K->439615K(699392K), 0.0068940 secs] [Times: user=0.08 sys=0.00, real=0.01 secs] 
2016-09-25T23:26:10.040-0400: 70.778: [GC (GCLocker Initiated GC) [PSYoungGen: 153212K->49660K(175104K)] 530412K->444402K(699392K), 0.0149924 secs] [Times: user=0.16 sys=0.00, real=0.02 secs] 
2016-09-25T23:26:10.113-0400: 70.851: [GC (GCLocker Initiated GC) [PSYoungGen: 137724K->53931K(175104K)] 532589K->463048K(699392K), 0.0111551 secs] [Times: user=0.08 sys=0.00, real=0.02 secs] 
2016-09-25T23:26:10.179-0400: 70.917: [GC (GCLocker Initiated GC) [PSYoungGen: 141995K->60787K(175104K)] 551205K->489798K(699392K), 0.0074816 secs] [Times: user=0.07 sys=0.00, real=0.01 secs] 
2016-09-25T23:26:10.224-0400: 70.962: [GC (GCLocker Initiated GC) [PSYoungGen: 148851K->41904K(175104K)] 583334K->496331K(699392K), 0.0077716 secs] [Times: user=0.06 sys=0.00, real=0.00 secs] 
2016-09-25T23:26:10.268-0400: 71.006: [GC (GCLocker Initiated GC) [PSYoungGen: 129968K->54056K(142336K)] 588538K->528592K(666624K), 0.0221955 secs] [Times: user=0.27 sys=0.00, real=0.02 secs] 
2016-09-25T23:26:10.348-0400: 71.086: [Full GC (Ergonomics) [PSYoungGen: 142120K->0K(142336K)] [ParOldGen: 486889K->377310K(524288K)] 629009K->377310K(666624K), [Metaspace: 43805K->43805K(1087488K)], 0.0764600 secs] [Times: user=0.51 sys=0.01, real=0.08 secs] 
2016-09-25T23:26:10.486-0400: 71.224: [GC (GCLocker Initiated GC) [PSYoungGen: 88064K->40758K(174080K)] 474880K->427574K(698368K), 0.0099081 secs] [Times: user=0.07 sys=0.00, real=0.01 secs] 
2016-09-25T23:26:10.565-0400: 71.303: [GC (GCLocker Initiated GC) [PSYoungGen: 128822K->73945K(174080K)] 527880K->473003K(698368K), 0.0194729 secs] [Times: user=0.13 sys=0.00, real=0.02 secs] 
2016-09-25T23:26:10.624-0400: 71.362: [GC (GCLocker Initiated GC) [PSYoungGen: 162009K->53575K(175104K)] 561239K->468295K(699392K), 0.0153629 secs] [Times: user=0.16 sys=0.00, real=0.01 secs] 
2016-09-25T23:26:10.676-0400: 71.414: [GC (GCLocker Initiated GC) [PSYoungGen: 141639K->59374K(147456K)] 564617K->500455K(671744K), 0.0164768 secs] [Times: user=0.18 sys=0.00, real=0.01 secs] 
2016-09-25T23:26:10.753-0400: 71.491: [GC (GCLocker Initiated GC) [PSYoungGen: 147438K->51272K(174592K)] 589914K->510836K(698880K), 0.0136542 secs] [Times: user=0.14 sys=0.00, real=0.02 secs] 
2016-09-25T23:26:10.828-0400: 71.566: [GC (GCLocker Initiated GC) [PSYoungGen: 140872K->47178K(173056K)] 608624K->530662K(697344K), 0.0130703 secs] [Times: user=0.10 sys=0.00, real=0.01 secs] 
2016-09-25T23:26:10.882-0400: 71.620: [GC (GCLocker Initiated GC) [PSYoungGen: 136778K->48538K(177152K)] 621713K->546609K(701440K), 0.0216017 secs] [Times: user=0.26 sys=0.00, real=0.03 secs] 
2016-09-25T23:26:10.903-0400: 71.642: [Full GC (Ergonomics) [PSYoungGen: 48538K->0K(177152K)] [ParOldGen: 498071K->369649K(524288K)] 546609K->369649K(701440K), [Metaspace: 43806K->43806K(1087488K)], 0.0918762 secs] [Times: user=0.60 sys=0.00, real=0.09 secs] 
2016-09-25T23:26:11.053-0400: 71.791: [GC (GCLocker Initiated GC) [PSYoungGen: 94720K->47400K(176128K)] 471223K->423903K(700416K), 0.0060982 secs] [Times: user=0.05 sys=0.00, real=0.01 secs] 
2016-09-25T23:26:11.096-0400: 71.834: [GC (GCLocker Initiated GC) [PSYoungGen: 142120K->58063K(179200K)] 522026K->459440K(703488K), 0.0076163 secs] [Times: user=0.08 sys=0.00, real=0.01 secs] 
2016-09-25T23:26:11.143-0400: 71.881: [GC (GCLocker Initiated GC) [PSYoungGen: 157903K->63206K(178688K)] 564831K->479116K(702976K), 0.0096001 secs] [Times: user=0.08 sys=0.00, real=0.00 secs] 
2016-09-25T23:26:11.221-0400: 71.959: [GC (GCLocker Initiated GC) [PSYoungGen: 163046K->56655K(179712K)] 588522K->494938K(704000K), 0.0109170 secs] [Times: user=0.12 sys=0.00, real=0.01 secs] 
2016-09-25T23:26:11.307-0400: 72.045: [GC (GCLocker Initiated GC) [PSYoungGen: 160591K->50076K(181248K)] 601609K->535295K(705536K), 0.0081368 secs] [Times: user=0.11 sys=0.00, real=0.01 secs] 
2016-09-25T23:26:11.315-0400: 72.053: [Full GC (Ergonomics) [PSYoungGen: 50076K->0K(181248K)] [ParOldGen: 485219K->368099K(524288K)] 535295K->368099K(705536K), [Metaspace: 43808K->43808K(1087488K)], 0.0522220 secs] [Times: user=0.44 sys=0.00, real=0.05 secs] 
2016-09-25T23:26:11.410-0400: 72.148: [GC (GCLocker Initiated GC) [PSYoungGen: 103936K->70769K(178688K)] 472209K->439042K(702976K), 0.0091467 secs] [Times: user=0.09 sys=0.00, real=0.01 secs] 
2016-09-25T23:26:11.470-0400: 72.208: [GC (Allocation Failure) [PSYoungGen: 173169K->79589K(182272K)] 541525K->447945K(706560K), 0.0129612 secs] [Times: user=0.14 sys=0.01, real=0.02 secs] 
2016-09-25T23:26:11.534-0400: 72.272: [GC (GCLocker Initiated GC) [PSYoungGen: 180230K->78714K(167936K)] 551286K->449770K(692224K), 0.0131727 secs] [Times: user=0.13 sys=0.00, real=0.01 secs] 
2016-09-25T23:26:11.583-0400: 72.321: [GC (GCLocker Initiated GC) [PSYoungGen: 166778K->79409K(175104K)] 543422K->473620K(699392K), 0.0119580 secs] [Times: user=0.16 sys=0.01, real=0.01 secs] 
2016-09-25T23:26:11.652-0400: 72.391: [GC (GCLocker Initiated GC) [PSYoungGen: 167473K->81303K(175104K)] 567212K->485081K(699392K), 0.0098748 secs] [Times: user=0.13 sys=0.00, real=0.02 secs] 
2016-09-25T23:26:11.704-0400: 72.442: [GC (GCLocker Initiated GC) [PSYoungGen: 169367K->60306K(175104K)] 577387K->503269K(699392K), 0.0116377 secs] [Times: user=0.08 sys=0.00, real=0.01 secs] 
2016-09-25T23:26:11.760-0400: 72.498: [GC (GCLocker Initiated GC) [PSYoungGen: 148370K->60846K(175104K)] 594555K->535963K(699392K), 0.0105557 secs] [Times: user=0.11 sys=0.00, real=0.01 secs] 
2016-09-25T23:26:11.818-0400: 72.556: [GC (GCLocker Initiated GC) [PSYoungGen: 148910K->52508K(175104K)] 624115K->551705K(699392K), 0.0081322 secs] [Times: user=0.10 sys=0.00, real=0.01 secs] 
2016-09-25T23:26:11.827-0400: 72.565: [Full GC (Ergonomics) [PSYoungGen: 52508K->0K(175104K)] [ParOldGen: 499197K->373178K(524288K)] 551705K->373178K(699392K), [Metaspace: 43810K->43810K(1087488K)], 0.0686519 secs] [Times: user=0.46 sys=0.01, real=0.07 secs] 
2016-09-25T23:26:11.942-0400: 72.680: [GC (GCLocker Initiated GC) [PSYoungGen: 88064K->73380K(175104K)] 469496K->454812K(699392K), 0.0098143 secs] [Times: user=0.09 sys=0.01, real=0.01 secs] 
2016-09-25T23:26:11.995-0400: 72.733: [GC (GCLocker Initiated GC) [PSYoungGen: 161444K->49712K(175104K)] 543159K->453108K(699392K), 0.0091225 secs] [Times: user=0.09 sys=0.00, real=0.01 secs] 
2016-09-25T23:26:12.052-0400: 72.790: [GC (GCLocker Initiated GC) [PSYoungGen: 137776K->41911K(175104K)] 548015K->500129K(699392K), 0.0101081 secs] [Times: user=0.11 sys=0.00, real=0.01 secs] 
2016-09-25T23:26:12.106-0400: 72.844: [GC (GCLocker Initiated GC) [PSYoungGen: 129975K->52657K(175104K)] 591092K->549869K(699392K), 0.0142820 secs] [Times: user=0.16 sys=0.01, real=0.01 secs] 
2016-09-25T23:26:12.121-0400: 72.859: [Full GC (Ergonomics) [PSYoungGen: 52657K->0K(175104K)] [ParOldGen: 497212K->383353K(524288K)] 549869K->383353K(699392K), [Metaspace: 43810K->43810K(1087488K)], 0.0620185 secs] [Times: user=0.48 sys=0.00, real=0.07 secs] 
2016-09-25T23:26:12.232-0400: 72.970: [GC (GCLocker Initiated GC) [PSYoungGen: 88064K->63667K(175104K)] 471542K->447146K(699392K), 0.0116726 secs] [Times: user=0.11 sys=0.00, real=0.02 secs] 
2016-09-25T23:26:12.278-0400: 73.016: [GC (GCLocker Initiated GC) [PSYoungGen: 151731K->52993K(175104K)] 539478K->486529K(699392K), 0.0140897 secs] [Times: user=0.20 sys=0.00, real=0.01 secs] 
2016-09-25T23:26:12.332-0400: 73.070: [GC (Allocation Failure) [PSYoungGen: 141057K->85224K(175104K)] 576087K->533629K(699392K), 0.0112614 secs] [Times: user=0.12 sys=0.00, real=0.02 secs] 
2016-09-25T23:26:12.384-0400: 73.122: [GC (GCLocker Initiated GC) [PSYoungGen: 171431K->55056K(175104K)] 622537K->523425K(699392K), 0.0089072 secs] [Times: user=0.07 sys=0.01, real=0.00 secs] 
2016-09-25T23:26:12.393-0400: 73.131: [Full GC (Ergonomics) [PSYoungGen: 55056K->0K(175104K)] [ParOldGen: 468369K->385189K(524288K)] 523425K->385189K(699392K), [Metaspace: 43810K->43810K(1087488K)], 0.0645566 secs] [Times: user=0.42 sys=0.00, real=0.07 secs] 
2016-09-25T23:26:12.501-0400: 73.239: [GC (GCLocker Initiated GC) [PSYoungGen: 88064K->58710K(175104K)] 476224K->446870K(699392K), 0.0078869 secs] [Times: user=0.10 sys=0.00, real=0.01 secs] 
2016-09-25T23:26:12.559-0400: 73.297: [GC (GCLocker Initiated GC) [PSYoungGen: 146774K->60892K(175104K)] 543179K->480346K(699392K), 0.0084089 secs] [Times: user=0.11 sys=0.00, real=0.01 secs] 
2016-09-25T23:26:12.620-0400: 73.358: [GC (GCLocker Initiated GC) [PSYoungGen: 148956K->81833K(175104K)] 571203K->504089K(699392K), 0.0126008 secs] [Times: user=0.14 sys=0.00, real=0.01 secs] 
2016-09-25T23:26:12.669-0400: 73.407: [GC (GCLocker Initiated GC) [PSYoungGen: 169897K->63246K(175104K)] 592263K->506363K(699392K), 0.0153786 secs] [Times: user=0.19 sys=0.00, real=0.02 secs] 
2016-09-25T23:26:12.733-0400: 73.471: [GC (GCLocker Initiated GC) [PSYoungGen: 151310K->40408K(175104K)] 600945K->509510K(699392K), 0.0074442 secs] [Times: user=0.05 sys=0.00, real=0.01 secs] 
2016-09-25T23:26:12.790-0400: 73.528: [Full GC (Ergonomics) [PSYoungGen: 128472K->0K(175104K)] [ParOldGen: 477381K->385425K(524288K)] 605853K->385425K(699392K), [Metaspace: 43818K->43818K(1087488K)], 0.0603719 secs] [Times: user=0.42 sys=0.01, real=0.06 secs] 
2016-09-25T23:26:12.890-0400: 73.628: [GC (GCLocker Initiated GC) [PSYoungGen: 88064K->87033K(175104K)] 473549K->475226K(699392K), 0.0098851 secs] [Times: user=0.16 sys=0.00, real=0.01 secs] 
2016-09-25T23:26:12.968-0400: 73.706: [GC (GCLocker Initiated GC) [PSYoungGen: 175097K->37698K(175104K)] 568719K->473319K(699392K), 0.0091966 secs] [Times: user=0.09 sys=0.00, real=0.01 secs] 
2016-09-25T23:26:13.011-0400: 73.750: [GC (GCLocker Initiated GC) [PSYoungGen: 125762K->71628K(175104K)] 561611K->524569K(699392K), 0.0103590 secs] [Times: user=0.09 sys=0.00, real=0.01 secs] 
2016-09-25T23:26:13.085-0400: 73.823: [GC (GCLocker Initiated GC) [PSYoungGen: 159692K->40772K(175104K)] 625489K->531950K(699392K), 0.0074068 secs] [Times: user=0.06 sys=0.00, real=0.00 secs] 
2016-09-25T23:26:13.093-0400: 73.831: [Full GC (Ergonomics) [PSYoungGen: 40772K->0K(175104K)] [ParOldGen: 491177K->391660K(524288K)] 531950K->391660K(699392K), [Metaspace: 43818K->43818K(1087488K)], 0.0564574 secs] [Times: user=0.55 sys=0.00, real=0.06 secs] 
2016-09-25T23:26:13.194-0400: 73.932: [GC (GCLocker Initiated GC) [PSYoungGen: 88064K->77378K(175104K)] 482493K->471807K(699392K), 0.0072787 secs] [Times: user=0.09 sys=0.01, real=0.00 secs] 
2016-09-25T23:26:13.248-0400: 73.986: [GC (GCLocker Initiated GC) [PSYoungGen: 165442K->46989K(175104K)] 562054K->470473K(699392K), 0.0198907 secs] [Times: user=0.24 sys=0.00, real=0.02 secs] 
2016-09-25T23:26:13.321-0400: 74.059: [GC (GCLocker Initiated GC) [PSYoungGen: 135053K->34774K(175104K)] 561331K->483473K(699392K), 0.0064004 secs] [Times: user=0.05 sys=0.00, real=0.01 secs] 
2016-09-25T23:26:13.368-0400: 74.106: [GC (GCLocker Initiated GC) [PSYoungGen: 122838K->75960K(175104K)] 574583K->545964K(699392K), 0.0121907 secs] [Times: user=0.17 sys=0.00, real=0.01 secs] 
2016-09-25T23:26:13.443-0400: 74.182: [GC (GCLocker Initiated GC) [PSYoungGen: 164024K->59444K(175104K)] 637935K->541375K(699392K), 0.0123934 secs] [Times: user=0.14 sys=0.00, real=0.01 secs] 
2016-09-25T23:26:13.456-0400: 74.194: [Full GC (Ergonomics) [PSYoungGen: 59444K->0K(175104K)] [ParOldGen: 481930K->379398K(524288K)] 541375K->379398K(699392K), [Metaspace: 43818K->43818K(1087488K)], 0.0785256 secs] [Times: user=0.42 sys=0.01, real=0.08 secs] 
2016-09-25T23:26:13.571-0400: 74.309: [GC (GCLocker Initiated GC) [PSYoungGen: 88064K->66476K(175104K)] 477143K->455556K(699392K), 0.0074453 secs] [Times: user=0.06 sys=0.00, real=0.01 secs] 
2016-09-25T23:26:13.619-0400: 74.357: [GC (GCLocker Initiated GC) [PSYoungGen: 154540K->47012K(175104K)] 546458K->478098K(699392K), 0.0080485 secs] [Times: user=0.08 sys=0.00, real=0.01 secs] 
2016-09-25T23:26:13.672-0400: 74.410: [GC (GCLocker Initiated GC) [PSYoungGen: 135076K->50140K(175104K)] 572991K->508977K(699392K), 0.0108564 secs] [Times: user=0.10 sys=0.00, real=0.02 secs] 
2016-09-25T23:26:13.729-0400: 74.467: [GC (Allocation Failure) [PSYoungGen: 138204K->43231K(175104K)] 602541K->525064K(699392K), 0.0113242 secs] [Times: user=0.10 sys=0.00, real=0.01 secs] 
2016-09-25T23:26:13.740-0400: 74.478: [Full GC (Ergonomics) [PSYoungGen: 43231K->0K(175104K)] [ParOldGen: 481833K->392265K(524288K)] 525064K->392265K(699392K), [Metaspace: 43818K->43818K(1087488K)], 0.0622040 secs] [Times: user=0.52 sys=0.00, real=0.07 secs] 
2016-09-25T23:26:13.848-0400: 74.586: [GC (GCLocker Initiated GC) [PSYoungGen: 88064K->52856K(175104K)] 483029K->447822K(699392K), 0.0063640 secs] [Times: user=0.05 sys=0.00, real=0.01 secs] 
2016-09-25T23:26:13.899-0400: 74.637: [GC (GCLocker Initiated GC) [PSYoungGen: 140920K->50025K(175104K)] 540170K->470777K(699392K), 0.0119409 secs] [Times: user=0.12 sys=0.01, real=0.01 secs] 
2016-09-25T23:26:13.955-0400: 74.694: [GC (GCLocker Initiated GC) [PSYoungGen: 138089K->47220K(173056K)] 558893K->485317K(697344K), 0.0090925 secs] [Times: user=0.08 sys=0.00, real=0.01 secs] 
2016-09-25T23:26:14.003-0400: 74.742: [GC (GCLocker Initiated GC) [PSYoungGen: 135284K->84913K(174080K)] 578899K->533929K(698368K), 0.0105177 secs] [Times: user=0.10 sys=0.00, real=0.00 secs] 
2016-09-25T23:26:14.066-0400: 74.804: [GC (GCLocker Initiated GC) [PSYoungGen: 172977K->52263K(175104K)] 624912K->521175K(699392K), 0.0180008 secs] [Times: user=0.18 sys=0.00, real=0.02 secs] 
2016-09-25T23:26:14.120-0400: 74.858: [GC (GCLocker Initiated GC) [PSYoungGen: 140327K->51194K(175104K)] 614699K->539662K(699392K), 0.0078166 secs] [Times: user=0.06 sys=0.01, real=0.01 secs] 
2016-09-25T23:26:14.128-0400: 74.866: [Full GC (Ergonomics) [PSYoungGen: 51194K->0K(175104K)] [ParOldGen: 488467K->395328K(524288K)] 539662K->395328K(699392K), [Metaspace: 43818K->43818K(1087488K)], 0.0563677 secs] [Times: user=0.50 sys=0.00, real=0.06 secs] 
2016-09-25T23:26:14.223-0400: 74.961: [GC (GCLocker Initiated GC) [PSYoungGen: 88064K->85722K(175104K)] 483499K->481158K(699392K), 0.0081553 secs] [Times: user=0.11 sys=0.00, real=0.00 secs] 
2016-09-25T23:26:14.288-0400: 75.026: [GC (GCLocker Initiated GC) [PSYoungGen: 173786K->63524K(175104K)] 574827K->501151K(699392K), 0.0097160 secs] [Times: user=0.15 sys=0.00, real=0.01 secs] 
2016-09-25T23:26:14.346-0400: 75.084: [GC (GCLocker Initiated GC) [PSYoungGen: 151588K->52794K(175104K)] 594790K->530715K(699392K), 0.0176656 secs] [Times: user=0.22 sys=0.01, real=0.02 secs] 
2016-09-25T23:26:14.364-0400: 75.102: [Full GC (Ergonomics) [PSYoungGen: 52794K->0K(175104K)] [ParOldGen: 477920K->399530K(524288K)] 530715K->399530K(699392K), [Metaspace: 43818K->43818K(1087488K)], 0.0568783 secs] [Times: user=0.48 sys=0.00, real=0.06 secs] 
2016-09-25T23:26:14.467-0400: 75.205: [GC (GCLocker Initiated GC) [PSYoungGen: 88064K->87038K(175104K)] 493363K->492338K(699392K), 0.0105580 secs] [Times: user=0.16 sys=0.00, real=0.01 secs] 
2016-09-25T23:26:14.517-0400: 75.255: [GC (GCLocker Initiated GC) [PSYoungGen: 175102K->44468K(175104K)] 583273K->487961K(699392K), 0.0104828 secs] [Times: user=0.14 sys=0.00, real=0.01 secs] 
2016-09-25T23:26:14.569-0400: 75.307: [GC (GCLocker Initiated GC) [PSYoungGen: 132532K->62575K(175104K)] 578926K->530043K(699392K), 0.0078756 secs] [Times: user=0.08 sys=0.00, real=0.01 secs] 
2016-09-25T23:26:14.619-0400: 75.357: [Full GC (Ergonomics) [PSYoungGen: 150639K->0K(175104K)] [ParOldGen: 476983K->399096K(524288K)] 627622K->399096K(699392K), [Metaspace: 43818K->43818K(1087488K)], 0.0751130 secs] [Times: user=0.60 sys=0.01, real=0.07 secs] 
2016-09-25T23:26:14.742-0400: 75.480: [GC (GCLocker Initiated GC) [PSYoungGen: 88064K->83016K(175104K)] 492668K->487620K(699392K), 0.0101022 secs] [Times: user=0.11 sys=0.00, real=0.01 secs] 
2016-09-25T23:26:14.810-0400: 75.548: [GC (GCLocker Initiated GC) [PSYoungGen: 171080K->34867K(175104K)] 577517K->467156K(699392K), 0.0077036 secs] [Times: user=0.06 sys=0.00, real=0.01 secs] 
2016-09-25T23:26:14.843-0400: 75.581: [GC (GCLocker Initiated GC) [PSYoungGen: 122931K->85173K(175104K)] 560762K->529153K(699392K), 0.0096074 secs] [Times: user=0.11 sys=0.01, real=0.00 secs] 
2016-09-25T23:26:14.898-0400: 75.636: [GC (GCLocker Initiated GC) [PSYoungGen: 173237K->34748K(175104K)] 618424K->532384K(699392K), 0.0104126 secs] [Times: user=0.10 sys=0.00, real=0.01 secs] 
2016-09-25T23:26:14.909-0400: 75.647: [Full GC (Ergonomics) [PSYoungGen: 34748K->0K(175104K)] [ParOldGen: 497635K->394466K(524288K)] 532384K->394466K(699392K), [Metaspace: 43818K->43818K(1087488K)], 0.0606487 secs] [Times: user=0.32 sys=0.00, real=0.06 secs] 
2016-09-25T23:26:15.018-0400: 75.756: [GC (GCLocker Initiated GC) [PSYoungGen: 88064K->87001K(175104K)] 488183K->487121K(699392K), 0.0128041 secs] [Times: user=0.17 sys=0.01, real=0.01 secs] 
2016-09-25T23:26:15.103-0400: 75.841: [GC (GCLocker Initiated GC) [PSYoungGen: 175065K->62238K(175104K)] 582053K->485571K(699392K), 0.0089141 secs] [Times: user=0.12 sys=0.00, real=0.00 secs] 
2016-09-25T23:26:15.152-0400: 75.891: [GC (GCLocker Initiated GC) [PSYoungGen: 150302K->63449K(175104K)] 580472K->516212K(699392K), 0.0080544 secs] [Times: user=0.11 sys=0.00, real=0.01 secs] 
2016-09-25T23:26:15.197-0400: 75.935: [GC (GCLocker Initiated GC) [PSYoungGen: 151513K->53998K(175104K)] 607036K->541472K(699392K), 0.0116430 secs] [Times: user=0.13 sys=0.00, real=0.01 secs] 
2016-09-25T23:26:15.209-0400: 75.947: [Full GC (Ergonomics) [PSYoungGen: 53998K->0K(175104K)] [ParOldGen: 487473K->406209K(524288K)] 541472K->406209K(699392K), [Metaspace: 43818K->43818K(1087488K)], 0.0923454 secs] [Times: user=0.75 sys=0.01, real=0.09 secs] 
2016-09-25T23:26:15.348-0400: 76.086: [GC (GCLocker Initiated GC) [PSYoungGen: 88064K->79033K(175104K)] 503905K->494874K(699392K), 0.0078272 secs] [Times: user=0.11 sys=0.00, real=0.01 secs] 
2016-09-25T23:26:15.397-0400: 76.135: [GC (GCLocker Initiated GC) [PSYoungGen: 167097K->67603K(175104K)] 589848K->514907K(699392K), 0.0084795 secs] [Times: user=0.09 sys=0.00, real=0.01 secs] 
2016-09-25T23:26:15.458-0400: 76.196: [GC (GCLocker Initiated GC) [PSYoungGen: 155667K->47437K(175104K)] 604372K->525514K(699392K), 0.0120624 secs] [Times: user=0.16 sys=0.00, real=0.01 secs] 
2016-09-25T23:26:15.470-0400: 76.208: [Full GC (Ergonomics) [PSYoungGen: 47437K->0K(175104K)] [ParOldGen: 478076K->399785K(524288K)] 525514K->399785K(699392K), [Metaspace: 43818K->43818K(1087488K)], 0.2225507 secs] [Times: user=2.80 sys=0.02, real=0.22 secs] 
2016-09-25T23:26:15.757-0400: 76.495: [GC (GCLocker Initiated GC) [PSYoungGen: 88064K->67805K(175104K)] 489476K->469217K(699392K), 0.0112412 secs] [Times: user=0.15 sys=0.00, real=0.01 secs] 
2016-09-25T23:26:15.803-0400: 76.541: [GC (GCLocker Initiated GC) [PSYoungGen: 155869K->66247K(175104K)] 562929K->509623K(699392K), 0.0095067 secs] [Times: user=0.15 sys=0.00, real=0.00 secs] 
2016-09-25T23:26:15.863-0400: 76.601: [GC (GCLocker Initiated GC) [PSYoungGen: 154311K->60836K(175104K)] 606214K->532631K(699392K), 0.0096621 secs] [Times: user=0.15 sys=0.00, real=0.00 secs] 
2016-09-25T23:26:15.873-0400: 76.611: [Full GC (Ergonomics) [PSYoungGen: 60836K->0K(175104K)] [ParOldGen: 471794K->404139K(524288K)] 532631K->404139K(699392K), [Metaspace: 43818K->43818K(1087488K)], 0.0917833 secs] [Times: user=0.80 sys=0.00, real=0.10 secs] 
2016-09-25T23:26:16.015-0400: 76.753: [GC (GCLocker Initiated GC) [PSYoungGen: 88064K->77293K(175104K)] 494993K->484223K(699392K), 0.0083894 secs] [Times: user=0.06 sys=0.00, real=0.01 secs] 
2016-09-25T23:26:16.058-0400: 76.796: [GC (GCLocker Initiated GC) [PSYoungGen: 165357K->55282K(175104K)] 572389K->497366K(699392K), 0.0080442 secs] [Times: user=0.08 sys=0.01, real=0.01 secs] 
2016-09-25T23:26:16.127-0400: 76.865: [GC (GCLocker Initiated GC) [PSYoungGen: 143346K->70462K(175104K)] 590184K->524909K(699392K), 0.0173458 secs] [Times: user=0.22 sys=0.00, real=0.02 secs] 
2016-09-25T23:26:16.199-0400: 76.937: [GC (GCLocker Initiated GC) [PSYoungGen: 158526K->59069K(175104K)] 618579K->541887K(699392K), 0.0126466 secs] [Times: user=0.14 sys=0.00, real=0.01 secs] 
2016-09-25T23:26:16.212-0400: 76.950: [Full GC (Ergonomics) [PSYoungGen: 59069K->0K(175104K)] [ParOldGen: 482817K->407463K(524288K)] 541887K->407463K(699392K), [Metaspace: 43818K->43818K(1087488K)], 0.0592162 secs] [Times: user=0.42 sys=0.01, real=0.06 secs] 
2016-09-25T23:26:16.305-0400: 77.043: [GC (GCLocker Initiated GC) [PSYoungGen: 88064K->84077K(175104K)] 495735K->491749K(699392K), 0.0122813 secs] [Times: user=0.16 sys=0.00, real=0.01 secs] 
2016-09-25T23:26:16.384-0400: 77.122: [GC (GCLocker Initiated GC) [PSYoungGen: 172141K->58111K(175104K)] 585335K->500958K(699392K), 0.0140744 secs] [Times: user=0.19 sys=0.01, real=0.01 secs] 
2016-09-25T23:26:16.452-0400: 77.190: [GC (GCLocker Initiated GC) [PSYoungGen: 146175K->75795K(175104K)] 593154K->548034K(699392K), 0.0097976 secs] [Times: user=0.16 sys=0.00, real=0.01 secs] 
2016-09-25T23:26:16.462-0400: 77.200: [Full GC (Ergonomics) [PSYoungGen: 75795K->0K(175104K)] [ParOldGen: 472238K->410221K(524288K)] 548034K->410221K(699392K), [Metaspace: 43818K->43818K(1087488K)], 0.0559986 secs] [Times: user=0.54 sys=0.01, real=0.06 secs] 
2016-09-25T23:26:16.562-0400: 77.300: [GC (GCLocker Initiated GC) [PSYoungGen: 88064K->67956K(175104K)] 505221K->485114K(699392K), 0.0121553 secs] [Times: user=0.16 sys=0.01, real=0.02 secs] 
2016-09-25T23:26:16.623-0400: 77.361: [GC (GCLocker Initiated GC) [PSYoungGen: 156020K->64919K(175104K)] 582808K->528186K(699392K), 0.0087221 secs] [Times: user=0.11 sys=0.00, real=0.00 secs] 
2016-09-25T23:26:16.684-0400: 77.422: [Full GC (Ergonomics) [PSYoungGen: 152983K->0K(175104K)] [ParOldGen: 472861K->409011K(524288K)] 625845K->409011K(699392K), [Metaspace: 43818K->43818K(1087488K)], 0.0622240 secs] [Times: user=0.41 sys=0.01, real=0.06 secs] 
2016-09-25T23:26:16.793-0400: 77.531: [GC (GCLocker Initiated GC) [PSYoungGen: 88064K->77143K(175104K)] 497311K->486390K(699392K), 0.0112620 secs] [Times: user=0.14 sys=0.01, real=0.02 secs] 
2016-09-25T23:26:16.870-0400: 77.608: [GC (GCLocker Initiated GC) [PSYoungGen: 165207K->43240K(175104K)] 588254K->486283K(699392K), 0.0136700 secs] [Times: user=0.10 sys=0.00, real=0.02 secs] 
2016-09-25T23:26:16.925-0400: 77.663: [GC (GCLocker Initiated GC) [PSYoungGen: 131304K->48283K(175104K)] 579902K->522112K(699392K), 0.0099133 secs] [Times: user=0.10 sys=0.00, real=0.01 secs] 
2016-09-25T23:26:16.935-0400: 77.673: [Full GC (Ergonomics) [PSYoungGen: 48283K->0K(175104K)] [ParOldGen: 473828K->413099K(524288K)] 522112K->413099K(699392K), [Metaspace: 43818K->43818K(1087488K)], 0.0513663 secs] [Times: user=0.43 sys=0.00, real=0.05 secs] 
2016-09-25T23:26:17.030-0400: 77.768: [GC (GCLocker Initiated GC) [PSYoungGen: 88064K->72060K(175104K)] 505430K->489427K(699392K), 0.0075365 secs] [Times: user=0.06 sys=0.00, real=0.01 secs] 
2016-09-25T23:26:17.090-0400: 77.828: [GC (GCLocker Initiated GC) [PSYoungGen: 160124K->44369K(175104K)] 587106K->487629K(699392K), 0.0194351 secs] [Times: user=0.21 sys=0.00, real=0.02 secs] 
2016-09-25T23:26:17.145-0400: 77.883: [GC (GCLocker Initiated GC) [PSYoungGen: 132433K->67584K(175104K)] 575738K->525254K(699392K), 0.0135306 secs] [Times: user=0.14 sys=0.00, real=0.01 secs] 
2016-09-25T23:26:17.209-0400: 77.947: [GC (GCLocker Initiated GC) [PSYoungGen: 155648K->48419K(175104K)] 622856K->545023K(699392K), 0.0106300 secs] [Times: user=0.10 sys=0.00, real=0.01 secs] 
2016-09-25T23:26:17.220-0400: 77.958: [Full GC (Ergonomics) [PSYoungGen: 48419K->0K(175104K)] [ParOldGen: 496604K->415063K(524288K)] 545023K->415063K(699392K), [Metaspace: 43818K->43818K(1087488K)], 0.0729885 secs] [Times: user=0.49 sys=0.00, real=0.07 secs] 
2016-09-25T23:26:17.332-0400: 78.070: [GC (GCLocker Initiated GC) [PSYoungGen: 88064K->75689K(175104K)] 506056K->493681K(699392K), 0.0191192 secs] [Times: user=0.18 sys=0.00, real=0.02 secs] 
2016-09-25T23:26:17.398-0400: 78.136: [GC (GCLocker Initiated GC) [PSYoungGen: 163753K->62002K(175104K)] 592655K->512221K(699392K), 0.0097482 secs] [Times: user=0.10 sys=0.00, real=0.01 secs] 
2016-09-25T23:26:17.458-0400: 78.196: [GC (GCLocker Initiated GC) [PSYoungGen: 150066K->42791K(175104K)] 607338K->521108K(699392K), 0.0079426 secs] [Times: user=0.06 sys=0.00, real=0.01 secs] 
2016-09-25T23:26:17.497-0400: 78.235: [Full GC (Ergonomics) [PSYoungGen: 130855K->0K(175104K)] [ParOldGen: 482536K->422229K(524288K)] 613392K->422229K(699392K), [Metaspace: 43818K->43818K(1087488K)], 0.0715807 secs] [Times: user=0.45 sys=0.00, real=0.07 secs] 
2016-09-25T23:26:17.622-0400: 78.360: [GC (GCLocker Initiated GC) [PSYoungGen: 88064K->55629K(175104K)] 517201K->484767K(699392K), 0.0074292 secs] [Times: user=0.07 sys=0.00, real=0.00 secs] 
2016-09-25T23:26:17.670-0400: 78.408: [GC (GCLocker Initiated GC) [PSYoungGen: 143693K->47046K(175104K)] 575612K->503093K(699392K), 0.0105641 secs] [Times: user=0.07 sys=0.01, real=0.01 secs] 
2016-09-25T23:26:17.717-0400: 78.456: [GC (GCLocker Initiated GC) [PSYoungGen: 135110K->57836K(145920K)] 591512K->532642K(670208K), 0.0080175 secs] [Times: user=0.07 sys=0.00, real=0.01 secs] 
2016-09-25T23:26:17.778-0400: 78.516: [GC (GCLocker Initiated GC) [PSYoungGen: 145900K->69514K(174080K)] 626310K->549924K(698368K), 0.0114088 secs] [Times: user=0.14 sys=0.00, real=0.01 secs] 
2016-09-25T23:26:17.837-0400: 78.575: [GC (GCLocker Initiated GC) [PSYoungGen: 157066K->50875K(174592K)] 637646K->568125K(698880K), 0.0096521 secs] [Times: user=0.13 sys=0.00, real=0.01 secs] 
2016-09-25T23:26:17.846-0400: 78.584: [Full GC (Ergonomics) [PSYoungGen: 50875K->0K(174592K)] [ParOldGen: 517249K->413164K(524288K)] 568125K->413164K(698880K), [Metaspace: 43818K->43818K(1087488K)], 0.0594140 secs] [Times: user=0.53 sys=0.01, real=0.06 secs] 
2016-09-25T23:26:17.959-0400: 78.697: [GC (GCLocker Initiated GC) [PSYoungGen: 87552K->73389K(174592K)] 503749K->489587K(698880K), 0.0112207 secs] [Times: user=0.14 sys=0.00, real=0.01 secs] 
2016-09-25T23:26:18.016-0400: 78.754: [GC (GCLocker Initiated GC) [PSYoungGen: 161453K->56491K(175104K)] 577734K->503821K(699392K), 0.0105994 secs] [Times: user=0.13 sys=0.00, real=0.01 secs] 
2016-09-25T23:26:18.078-0400: 78.816: [GC (GCLocker Initiated GC) [PSYoungGen: 144555K->85839K(175104K)] 607039K->560472K(699392K), 0.0108593 secs] [Times: user=0.14 sys=0.00, real=0.01 secs] 
2016-09-25T23:26:18.149-0400: 78.887: [Full GC (Ergonomics) [PSYoungGen: 173903K->0K(175104K)] [ParOldGen: 478800K->411838K(524288K)] 652703K->411838K(699392K), [Metaspace: 43818K->43818K(1087488K)], 0.0753658 secs] [Times: user=0.40 sys=0.02, real=0.08 secs] 
2016-09-25T23:26:18.258-0400: 78.996: [GC (GCLocker Initiated GC) [PSYoungGen: 88064K->75796K(175104K)] 499974K->487706K(699392K), 0.0145408 secs] [Times: user=0.18 sys=0.00, real=0.01 secs] 
2016-09-25T23:26:18.319-0400: 79.057: [GC (GCLocker Initiated GC) [PSYoungGen: 163860K->38856K(175104K)] 578736K->492702K(699392K), 0.0095995 secs] [Times: user=0.08 sys=0.00, real=0.01 secs] 
2016-09-25T23:26:18.368-0400: 79.106: [GC (GCLocker Initiated GC) [PSYoungGen: 126920K->45744K(175104K)] 584179K->526651K(699392K), 0.0122033 secs] [Times: user=0.09 sys=0.00, real=0.01 secs] 
2016-09-25T23:26:18.380-0400: 79.119: [Full GC (Ergonomics) [PSYoungGen: 45744K->0K(175104K)] [ParOldGen: 480907K->414452K(524288K)] 526651K->414452K(699392K), [Metaspace: 43818K->43818K(1087488K)], 0.0673380 secs] [Times: user=0.46 sys=0.00, real=0.07 secs] 
2016-09-25T23:26:18.491-0400: 79.229: [GC (GCLocker Initiated GC) [PSYoungGen: 88064K->67622K(175104K)] 512175K->491734K(699392K), 0.0106196 secs] [Times: user=0.10 sys=0.00, real=0.01 secs] 
2016-09-25T23:26:18.544-0400: 79.282: [GC (GCLocker Initiated GC) [PSYoungGen: 155686K->70026K(175104K)] 579909K->518344K(699392K), 0.0127067 secs] [Times: user=0.11 sys=0.01, real=0.01 secs] 
2016-09-25T23:26:18.596-0400: 79.334: [GC (GCLocker Initiated GC) [PSYoungGen: 158090K->70080K(175104K)] 614680K->549042K(699392K), 0.0200369 secs] [Times: user=0.22 sys=0.00, real=0.02 secs] 
2016-09-25T23:26:18.616-0400: 79.354: [Full GC (Ergonomics) [PSYoungGen: 70080K->0K(175104K)] [ParOldGen: 478961K->432969K(524288K)] 549042K->432969K(699392K), [Metaspace: 43818K->43818K(1087488K)], 0.0646582 secs] [Times: user=0.39 sys=0.01, real=0.06 secs] 
2016-09-25T23:26:18.729-0400: 79.467: [GC (GCLocker Initiated GC) [PSYoungGen: 88064K->56448K(175104K)] 529244K->497629K(699392K), 0.0094231 secs] [Times: user=0.08 sys=0.00, real=0.01 secs] 
2016-09-25T23:26:18.774-0400: 79.512: [GC (GCLocker Initiated GC) [PSYoungGen: 144512K->52364K(175104K)] 588418K->501138K(699392K), 0.0234411 secs] [Times: user=0.20 sys=0.01, real=0.03 secs] 
2016-09-25T23:26:18.845-0400: 79.583: [GC (GCLocker Initiated GC) [PSYoungGen: 140428K->46944K(175104K)] 592152K->515676K(699392K), 0.0095626 secs] [Times: user=0.08 sys=0.00, real=0.01 secs] 
2016-09-25T23:26:18.888-0400: 79.626: [Full GC (Ergonomics) [PSYoungGen: 135008K->0K(175104K)] [ParOldGen: 479722K->434509K(524288K)] 614731K->434509K(699392K), [Metaspace: 43818K->43818K(1087488K)], 0.0657617 secs] [Times: user=0.39 sys=0.00, real=0.06 secs] 
2016-09-25T23:26:19.006-0400: 79.744: [GC (GCLocker Initiated GC) [PSYoungGen: 88064K->46857K(175104K)] 522902K->481696K(699392K), 0.0145193 secs] [Times: user=0.13 sys=0.00, real=0.01 secs] 
2016-09-25T23:26:19.054-0400: 79.792: [GC (GCLocker Initiated GC) [PSYoungGen: 134921K->56621K(175104K)] 569885K->523312K(699392K), 0.0146902 secs] [Times: user=0.13 sys=0.00, real=0.01 secs] 
2016-09-25T23:26:19.115-0400: 79.853: [GC (GCLocker Initiated GC) [PSYoungGen: 144685K->80122K(175104K)] 618214K->553652K(699392K), 0.0135873 secs] [Times: user=0.13 sys=0.00, real=0.01 secs] 
2016-09-25T23:26:19.175-0400: 79.913: [GC (GCLocker Initiated GC) [PSYoungGen: 168186K->44092K(175104K)] 644496K->559758K(699392K), 0.0101063 secs] [Times: user=0.11 sys=0.00, real=0.01 secs] 
2016-09-25T23:26:19.185-0400: 79.924: [Full GC (Ergonomics) [PSYoungGen: 44092K->0K(175104K)] [ParOldGen: 515665K->422220K(524288K)] 559758K->422220K(699392K), [Metaspace: 43818K->43818K(1087488K)], 0.0711474 secs] [Times: user=0.54 sys=0.02, real=0.07 secs] 
2016-09-25T23:26:19.303-0400: 80.041: [GC (GCLocker Initiated GC) [PSYoungGen: 88064K->65134K(175104K)] 521381K->498452K(699392K), 0.0144784 secs] [Times: user=0.15 sys=0.00, real=0.01 secs] 
2016-09-25T23:26:19.364-0400: 80.103: [GC (GCLocker Initiated GC) [PSYoungGen: 153198K->57681K(175104K)] 589386K->504573K(699392K), 0.0198109 secs] [Times: user=0.23 sys=0.00, real=0.02 secs] 
2016-09-25T23:26:19.424-0400: 80.162: [GC (GCLocker Initiated GC) [PSYoungGen: 145745K->53436K(173056K)] 594872K->520722K(697344K), 0.0274268 secs] [Times: user=0.32 sys=0.00, real=0.02 secs] 
2016-09-25T23:26:19.499-0400: 80.237: [GC (GCLocker Initiated GC) [PSYoungGen: 141500K->55003K(174080K)] 611599K->541804K(698368K), 0.0090611 secs] [Times: user=0.08 sys=0.01, real=0.01 secs] 
2016-09-25T23:26:19.509-0400: 80.247: [Full GC (Ergonomics) [PSYoungGen: 55003K->0K(174080K)] [ParOldGen: 486801K->426387K(524288K)] 541804K->426387K(698368K), [Metaspace: 43824K->43824K(1087488K)], 0.0736008 secs] [Times: user=0.56 sys=0.00, real=0.08 secs] 
2016-09-25T23:26:19.637-0400: 80.375: [GC (GCLocker Initiated GC) [PSYoungGen: 88064K->59232K(173056K)] 514490K->485659K(697344K), 0.0069378 secs] [Times: user=0.06 sys=0.00, real=0.01 secs] 
2016-09-25T23:26:19.695-0400: 80.433: [GC (GCLocker Initiated GC) [PSYoungGen: 151392K->81719K(174080K)] 583303K->516330K(698368K), 0.0085787 secs] [Times: user=0.07 sys=0.00, real=0.01 secs] 
2016-09-25T23:26:19.744-0400: 80.482: [GC (GCLocker Initiated GC) [PSYoungGen: 173879K->71232K(175104K)] 614064K->542766K(699392K), 0.0111972 secs] [Times: user=0.12 sys=0.01, real=0.01 secs] 
2016-09-25T23:26:19.819-0400: 80.557: [Full GC (Ergonomics) [PSYoungGen: 159296K->0K(175104K)] [ParOldGen: 482431K->419633K(524288K)] 641728K->419633K(699392K), [Metaspace: 43824K->43824K(1087488K)], 0.0899862 secs] [Times: user=0.50 sys=0.02, real=0.09 secs] 
2016-09-25T23:26:19.939-0400: 80.677: [GC (GCLocker Initiated GC) [PSYoungGen: 88064K->68802K(175104K)] 507783K->488522K(699392K), 0.0070991 secs] [Times: user=0.08 sys=0.00, real=0.01 secs] 
2016-09-25T23:26:19.996-0400: 80.734: [GC (GCLocker Initiated GC) [PSYoungGen: 156866K->41558K(175104K)] 587688K->513794K(699392K), 0.0235816 secs] [Times: user=0.29 sys=0.00, real=0.02 secs] 
2016-09-25T23:26:20.019-0400: 80.758: [Full GC (Ergonomics) [PSYoungGen: 41558K->0K(175104K)] [ParOldGen: 472236K->425581K(524288K)] 513794K->425581K(699392K), [Metaspace: 43824K->43824K(1087488K)], 0.0616379 secs] [Times: user=0.52 sys=0.00, real=0.06 secs] 
2016-09-25T23:26:20.134-0400: 80.872: [GC (GCLocker Initiated GC) [PSYoungGen: 88064K->72916K(175104K)] 513732K->498585K(699392K), 0.0107188 secs] [Times: user=0.11 sys=0.02, real=0.02 secs] 
2016-09-25T23:26:20.210-0400: 80.948: [GC (GCLocker Initiated GC) [PSYoungGen: 160980K->39958K(175104K)] 593647K->499166K(699392K), 0.0106927 secs] [Times: user=0.09 sys=0.00, real=0.01 secs] 
2016-09-25T23:26:20.258-0400: 80.996: [GC (GCLocker Initiated GC) [PSYoungGen: 128022K->42823K(175104K)] 589997K->526978K(699392K), 0.0130432 secs] [Times: user=0.11 sys=0.00, real=0.01 secs] 
2016-09-25T23:26:20.272-0400: 81.010: [Full GC (Ergonomics) [PSYoungGen: 42823K->0K(175104K)] [ParOldGen: 484155K->426584K(524288K)] 526978K->426584K(699392K), [Metaspace: 43824K->43824K(1087488K)], 0.1017171 secs] [Times: user=0.64 sys=0.00, real=0.10 secs] 
2016-09-25T23:26:20.426-0400: 81.164: [GC (GCLocker Initiated GC) [PSYoungGen: 88064K->67539K(175104K)] 518934K->498410K(699392K), 0.0080949 secs] [Times: user=0.06 sys=0.00, real=0.00 secs] 
2016-09-25T23:26:20.470-0400: 81.208: [GC (GCLocker Initiated GC) [PSYoungGen: 155603K->41531K(175104K)] 598739K->509841K(699392K), 0.0091881 secs] [Times: user=0.07 sys=0.01, real=0.01 secs] 
2016-09-25T23:26:20.547-0400: 81.285: [Full GC (Ergonomics) [PSYoungGen: 129595K->0K(175104K)] [ParOldGen: 481859K->424752K(524288K)] 611454K->424752K(699392K), [Metaspace: 43824K->43824K(1087488K)], 0.0964024 secs] [Times: user=0.78 sys=0.00, real=0.10 secs] 
2016-09-25T23:26:20.672-0400: 81.410: [GC (GCLocker Initiated GC) [PSYoungGen: 88064K->83624K(175104K)] 512974K->508535K(699392K), 0.0081158 secs] [Times: user=0.07 sys=0.02, real=0.01 secs] 
2016-09-25T23:26:20.743-0400: 81.481: [GC (GCLocker Initiated GC) [PSYoungGen: 171688K->51071K(175104K)] 600829K->521586K(699392K), 0.0125731 secs] [Times: user=0.18 sys=0.00, real=0.01 secs] 
2016-09-25T23:26:20.756-0400: 81.494: [Full GC (Ergonomics) [PSYoungGen: 51071K->0K(175104K)] [ParOldGen: 470515K->425388K(524288K)] 521586K->425388K(699392K), [Metaspace: 43824K->43824K(1087488K)], 0.0660142 secs] [Times: user=0.49 sys=0.00, real=0.06 secs] 
2016-09-25T23:26:20.859-0400: 81.597: [GC (GCLocker Initiated GC) [PSYoungGen: 88064K->74030K(175104K)] 513623K->499589K(699392K), 0.0102623 secs] [Times: user=0.14 sys=0.00, real=0.01 secs] 
2016-09-25T23:26:20.927-0400: 81.665: [GC (GCLocker Initiated GC) [PSYoungGen: 162094K->51163K(175104K)] 590419K->508556K(699392K), 0.0131082 secs] [Times: user=0.13 sys=0.00, real=0.01 secs] 
2016-09-25T23:26:20.999-0400: 81.737: [GC (GCLocker Initiated GC) [PSYoungGen: 139227K->46986K(175104K)] 599452K->530894K(699392K), 0.0212726 secs] [Times: user=0.18 sys=0.00, real=0.02 secs] 
2016-09-25T23:26:21.020-0400: 81.758: [Full GC (Ergonomics) [PSYoungGen: 46986K->0K(175104K)] [ParOldGen: 483908K->431711K(524288K)] 530894K->431711K(699392K), [Metaspace: 43824K->43824K(1087488K)], 0.0499987 secs] [Times: user=0.32 sys=0.01, real=0.05 secs] 
2016-09-25T23:26:21.111-0400: 81.849: [GC (GCLocker Initiated GC) [PSYoungGen: 88064K->59196K(175104K)] 519843K->490975K(699392K), 0.0094123 secs] [Times: user=0.08 sys=0.00, real=0.01 secs] 
2016-09-25T23:26:21.177-0400: 81.915: [GC (GCLocker Initiated GC) [PSYoungGen: 147260K->46887K(175104K)] 581896K->498453K(699392K), 0.0149396 secs] [Times: user=0.13 sys=0.00, real=0.01 secs] 
2016-09-25T23:26:21.249-0400: 81.987: [GC (GCLocker Initiated GC) [PSYoungGen: 134951K->60432K(175104K)] 587991K->533119K(699392K), 0.0107092 secs] [Times: user=0.10 sys=0.00, real=0.01 secs] 
2016-09-25T23:26:21.304-0400: 82.042: [Full GC (Ergonomics) [PSYoungGen: 148496K->0K(175104K)] [ParOldGen: 476916K->421174K(524288K)] 625412K->421174K(699392K), [Metaspace: 43824K->43824K(1087488K)], 0.2278740 secs] [Times: user=2.84 sys=0.04, real=0.22 secs] 
2016-09-25T23:26:21.568-0400: 82.306: [GC (GCLocker Initiated GC) [PSYoungGen: 88064K->86605K(175104K)] 517558K->518800K(699392K), 0.0091315 secs] [Times: user=0.12 sys=0.01, real=0.01 secs] 
2016-09-25T23:26:21.631-0400: 82.369: [GC (GCLocker Initiated GC) [PSYoungGen: 174669K->60430K(175104K)] 615045K->530191K(699392K), 0.0125076 secs] [Times: user=0.17 sys=0.02, real=0.02 secs] 
2016-09-25T23:26:21.702-0400: 82.440: [Full GC (Ergonomics) [PSYoungGen: 148494K->0K(175104K)] [ParOldGen: 478016K->424874K(524288K)] 626511K->424874K(699392K), [Metaspace: 43824K->43824K(1087488K)], 0.1002028 secs] [Times: user=0.72 sys=0.10, real=0.10 secs] 
2016-09-25T23:26:21.832-0400: 82.570: [GC (GCLocker Initiated GC) [PSYoungGen: 88064K->82401K(175104K)] 525165K->519502K(699392K), 0.0083854 secs] [Times: user=0.14 sys=0.00, real=0.01 secs] 
2016-09-25T23:26:21.897-0400: 82.635: [GC (GCLocker Initiated GC) [PSYoungGen: 170465K->50990K(175104K)] 615709K->513377K(699392K), 0.0079000 secs] [Times: user=0.10 sys=0.00, real=0.01 secs] 
2016-09-25T23:26:21.941-0400: 82.679: [GC (GCLocker Initiated GC) [PSYoungGen: 139054K->47019K(175104K)] 605621K->530359K(699392K), 0.0065772 secs] [Times: user=0.06 sys=0.00, real=0.01 secs] 
2016-09-25T23:26:21.948-0400: 82.686: [Full GC (Ergonomics) [PSYoungGen: 47019K->0K(175104K)] [ParOldGen: 483340K->434236K(524288K)] 530359K->434236K(699392K), [Metaspace: 43858K->43858K(1087488K)], 0.0591375 secs] [Times: user=0.54 sys=0.00, real=0.06 secs] 
2016-09-25T23:26:22.048-0400: 82.786: [GC (GCLocker Initiated GC) [PSYoungGen: 88064K->62304K(175104K)] 538609K->512850K(699392K), 0.0067030 secs] [Times: user=0.06 sys=0.01, real=0.01 secs] 
2016-09-25T23:26:22.100-0400: 82.838: [GC (GCLocker Initiated GC) [PSYoungGen: 150368K->46933K(175104K)] 603711K->523014K(699392K), 0.0067321 secs] [Times: user=0.08 sys=0.00, real=0.01 secs] 
2016-09-25T23:26:22.134-0400: 82.872: [GC (GCLocker Initiated GC) [PSYoungGen: 134997K->59247K(175104K)] 611326K->564592K(699392K), 0.0105738 secs] [Times: user=0.11 sys=0.00, real=0.02 secs] 
2016-09-25T23:26:22.145-0400: 82.883: [Full GC (Ergonomics) [PSYoungGen: 59247K->0K(175104K)] [ParOldGen: 505344K->440998K(524288K)] 564592K->440998K(699392K), [Metaspace: 43861K->43861K(1087488K)], 0.0561204 secs] [Times: user=0.46 sys=0.00, real=0.05 secs] 
2016-09-25T23:26:22.245-0400: 82.983: [GC (GCLocker Initiated GC) [PSYoungGen: 88064K->75514K(175104K)] 529244K->516695K(699392K), 0.0082635 secs] [Times: user=0.06 sys=0.01, real=0.00 secs] 
2016-09-25T23:26:22.283-0400: 83.021: [GC (GCLocker Initiated GC) [PSYoungGen: 163578K->80934K(175104K)] 607585K->550064K(699392K), 0.0091172 secs] [Times: user=0.14 sys=0.00, real=0.00 secs] 
2016-09-25T23:26:22.337-0400: 83.075: [Full GC (Ergonomics) [PSYoungGen: 168998K->0K(175104K)] [ParOldGen: 477341K->431381K(524288K)] 646340K->431381K(699392K), [Metaspace: 43873K->43873K(1087488K)], 0.0606284 secs] [Times: user=0.52 sys=0.00, real=0.06 secs] 
2016-09-25T23:26:22.431-0400: 83.169: [GC (GCLocker Initiated GC) [PSYoungGen: 88064K->74248K(175104K)] 519567K->505751K(699392K), 0.0071566 secs] [Times: user=0.08 sys=0.00, real=0.01 secs] 
2016-09-25T23:26:22.476-0400: 83.214: [GC (GCLocker Initiated GC) [PSYoungGen: 162312K->64580K(175104K)] 596819K->529692K(699392K), 0.0082323 secs] [Times: user=0.08 sys=0.00, real=0.01 secs] 
2016-09-25T23:26:22.517-0400: 83.255: [GC (GCLocker Initiated GC) [PSYoungGen: 152644K->57884K(175104K)] 623278K->546851K(699392K), 0.0075950 secs] [Times: user=0.07 sys=0.00, real=0.01 secs] 
2016-09-25T23:26:22.524-0400: 83.263: [Full GC (Ergonomics) [PSYoungGen: 57884K->0K(175104K)] [ParOldGen: 488966K->438108K(524288K)] 546851K->438108K(699392K), [Metaspace: 43879K->43879K(1087488K)], 0.0576486 secs] [Times: user=0.52 sys=0.00, real=0.06 secs] 
2016-09-25T23:26:22.619-0400: 83.357: [GC (GCLocker Initiated GC) [PSYoungGen: 88064K->54044K(175104K)] 528928K->494908K(699392K), 0.0172830 secs] [Times: user=0.23 sys=0.00, real=0.02 secs] 
2016-09-25T23:26:22.681-0400: 83.420: [GC (GCLocker Initiated GC) [PSYoungGen: 142108K->65060K(175104K)] 593900K->532620K(699392K), 0.0206944 secs] [Times: user=0.08 sys=0.00, real=0.03 secs] 
2016-09-25T23:26:22.737-0400: 83.475: [GC (GCLocker Initiated GC) [PSYoungGen: 153124K->56568K(175104K)] 631591K->560388K(699392K), 0.0073597 secs] [Times: user=0.09 sys=0.01, real=0.01 secs] 
2016-09-25T23:26:22.744-0400: 83.482: [Full GC (Ergonomics) [PSYoungGen: 56568K->0K(175104K)] [ParOldGen: 503820K->439584K(524288K)] 560388K->439584K(699392K), [Metaspace: 43889K->43889K(1087488K)], 0.0504033 secs] [Times: user=0.41 sys=0.01, real=0.05 secs] 
2016-09-25T23:26:22.830-0400: 83.569: [GC (GCLocker Initiated GC) [PSYoungGen: 88064K->56719K(172032K)] 530423K->499079K(696320K), 0.0065146 secs] [Times: user=0.10 sys=0.00, real=0.01 secs] 
2016-09-25T23:26:22.866-0400: 83.604: [GC (GCLocker Initiated GC) [PSYoungGen: 144783K->65518K(173568K)] 596825K->517560K(697856K), 0.0068742 secs] [Times: user=0.08 sys=0.00, real=0.00 secs] 
2016-09-25T23:26:22.915-0400: 83.653: [GC (GCLocker Initiated GC) [PSYoungGen: 153582K->67227K(175104K)] 607072K->520717K(699392K), 0.0070720 secs] [Times: user=0.08 sys=0.00, real=0.00 secs] 
2016-09-25T23:26:22.954-0400: 83.692: [GC (GCLocker Initiated GC) [PSYoungGen: 158875K->74420K(166400K)] 621946K->537492K(690688K), 0.0164713 secs] [Times: user=0.16 sys=0.01, real=0.02 secs] 
2016-09-25T23:26:23.016-0400: 83.754: [GC (GCLocker Initiated GC) [PSYoungGen: 166068K->72239K(174592K)] 644946K->551116K(698880K), 0.0071376 secs] [Times: user=0.08 sys=0.00, real=0.01 secs] 
2016-09-25T23:26:23.056-0400: 83.794: [GC (GCLocker Initiated GC) [PSYoungGen: 160303K->86602K(175104K)] 642014K->574608K(699392K), 0.0203345 secs] [Times: user=0.27 sys=0.00, real=0.02 secs] 
2016-09-25T23:26:23.076-0400: 83.815: [Full GC (Ergonomics) [PSYoungGen: 86602K->0K(175104K)] [ParOldGen: 488005K->444768K(524288K)] 574608K->444768K(699392K), [Metaspace: 43893K->43893K(1087488K)], 0.0518224 secs] [Times: user=0.43 sys=0.00, real=0.05 secs] 
2016-09-25T23:26:23.165-0400: 83.903: [GC (GCLocker Initiated GC) [PSYoungGen: 88064K->70774K(175104K)] 545148K->527859K(699392K), 0.0078730 secs] [Times: user=0.07 sys=0.00, real=0.00 secs] 
2016-09-25T23:26:23.214-0400: 83.952: [GC (GCLocker Initiated GC) [PSYoungGen: 158838K->72423K(175104K)] 624121K->537705K(699392K), 0.0086074 secs] [Times: user=0.12 sys=0.00, real=0.02 secs] 
2016-09-25T23:26:23.251-0400: 83.990: [GC (GCLocker Initiated GC) [PSYoungGen: 160487K->86422K(175104K)] 632619K->565329K(699392K), 0.0082070 secs] [Times: user=0.13 sys=0.00, real=0.01 secs] 
2016-09-25T23:26:23.301-0400: 84.039: [GC (GCLocker Initiated GC) [PSYoungGen: 174486K->66209K(175104K)] 656258K->571854K(699392K), 0.0084743 secs] [Times: user=0.13 sys=0.00, real=0.01 secs] 
2016-09-25T23:26:23.310-0400: 84.048: [Full GC (Ergonomics) [PSYoungGen: 66209K->0K(175104K)] [ParOldGen: 505644K->438427K(524288K)] 571854K->438427K(699392K), [Metaspace: 43894K->43894K(1087488K)], 0.0609896 secs] [Times: user=0.42 sys=0.01, real=0.06 secs] 
2016-09-25T23:26:23.409-0400: 84.147: [GC (GCLocker Initiated GC) [PSYoungGen: 88064K->55303K(175104K)] 533280K->500520K(699392K), 0.0102725 secs] [Times: user=0.09 sys=0.01, real=0.01 secs] 
2016-09-25T23:26:23.452-0400: 84.190: [GC (GCLocker Initiated GC) [PSYoungGen: 143367K->64720K(175104K)] 591404K->535362K(699392K), 0.0080952 secs] [Times: user=0.12 sys=0.00, real=0.01 secs] 
2016-09-25T23:26:23.494-0400: 84.232: [GC (GCLocker Initiated GC) [PSYoungGen: 152784K->62088K(175104K)] 635694K->564713K(699392K), 0.0087033 secs] [Times: user=0.12 sys=0.00, real=0.02 secs] 
2016-09-25T23:26:23.503-0400: 84.241: [Full GC (Ergonomics) [PSYoungGen: 62088K->0K(175104K)] [ParOldGen: 502624K->448001K(524288K)] 564713K->448001K(699392K), [Metaspace: 43894K->43894K(1087488K)], 0.0556667 secs] [Times: user=0.40 sys=0.01, real=0.05 secs] 
2016-09-25T23:26:23.599-0400: 84.337: [GC (GCLocker Initiated GC) [PSYoungGen: 88064K->68614K(175104K)] 542174K->522724K(699392K), 0.0071404 secs] [Times: user=0.09 sys=0.00, real=0.01 secs] 
2016-09-25T23:26:23.642-0400: 84.381: [GC (GCLocker Initiated GC) [PSYoungGen: 156678K->65944K(175104K)] 619014K->549189K(699392K), 0.0087320 secs] [Times: user=0.11 sys=0.01, real=0.00 secs] 
2016-09-25T23:26:23.686-0400: 84.424: [Full GC (Ergonomics) [PSYoungGen: 154008K->0K(175104K)] [ParOldGen: 486035K->449153K(524288K)] 640043K->449153K(699392K), [Metaspace: 43897K->43897K(1087488K)], 0.0567966 secs] [Times: user=0.44 sys=0.01, real=0.06 secs] 
2016-09-25T23:26:23.781-0400: 84.519: [GC (GCLocker Initiated GC) [PSYoungGen: 88064K->56877K(145408K)] 544218K->513032K(669696K), 0.0109971 secs] [Times: user=0.13 sys=0.00, real=0.01 secs] 
2016-09-25T23:26:23.826-0400: 84.564: [GC (GCLocker Initiated GC) [PSYoungGen: 144941K->70805K(174592K)] 601181K->527044K(698880K), 0.0073851 secs] [Times: user=0.06 sys=0.00, real=0.00 secs] 
2016-09-25T23:26:23.871-0400: 84.609: [GC (GCLocker Initiated GC) [PSYoungGen: 158869K->61888K(150016K)] 616529K->519548K(674304K), 0.0103438 secs] [Times: user=0.10 sys=0.00, real=0.01 secs] 
2016-09-25T23:26:23.918-0400: 84.656: [GC (Allocation Failure) [PSYoungGen: 149952K->66532K(175616K)] 615767K->532348K(699904K), 0.0073236 secs] [Times: user=0.08 sys=0.00, real=0.01 secs] 
2016-09-25T23:26:23.961-0400: 84.699: [GC (GCLocker Initiated GC) [PSYoungGen: 157156K->83427K(174080K)] 623350K->550987K(698368K), 0.0116558 secs] [Times: user=0.17 sys=0.00, real=0.01 secs] 
2016-09-25T23:26:24.006-0400: 84.744: [GC (GCLocker Initiated GC) [PSYoungGen: 174051K->80102K(175104K)] 645785K->552900K(699392K), 0.0124733 secs] [Times: user=0.16 sys=0.01, real=0.01 secs] 
2016-09-25T23:26:24.056-0400: 84.794: [GC (GCLocker Initiated GC) [PSYoungGen: 168166K->86367K(175104K)] 641231K->582039K(699392K), 0.0101487 secs] [Times: user=0.16 sys=0.00, real=0.01 secs] 
2016-09-25T23:26:24.066-0400: 84.804: [Full GC (Ergonomics) [PSYoungGen: 86367K->0K(175104K)] [ParOldGen: 495671K->449516K(524288K)] 582039K->449516K(699392K), [Metaspace: 43898K->43898K(1087488K)], 0.0562855 secs] [Times: user=0.53 sys=0.02, real=0.06 secs] 
2016-09-25T23:26:24.154-0400: 84.892: [GC (GCLocker Initiated GC) [PSYoungGen: 88064K->55261K(175104K)] 537654K->504851K(699392K), 0.0062971 secs] [Times: user=0.06 sys=0.00, real=0.00 secs] 
2016-09-25T23:26:24.199-0400: 84.937: [GC (GCLocker Initiated GC) [PSYoungGen: 143325K->84660K(175104K)] 599270K->546005K(699392K), 0.0081357 secs] [Times: user=0.12 sys=0.00, real=0.01 secs] 
2016-09-25T23:26:24.250-0400: 84.988: [GC (GCLocker Initiated GC) [PSYoungGen: 172724K->63334K(175104K)] 635536K->557657K(699392K), 0.0092274 secs] [Times: user=0.15 sys=0.00, real=0.01 secs] 
2016-09-25T23:26:24.260-0400: 84.998: [Full GC (Ergonomics) [PSYoungGen: 63334K->0K(175104K)] [ParOldGen: 494322K->442926K(524288K)] 557657K->442926K(699392K), [Metaspace: 43898K->43898K(1087488K)], 0.0541096 secs] [Times: user=0.51 sys=0.01, real=0.05 secs] 
2016-09-25T23:26:24.347-0400: 85.085: [GC (GCLocker Initiated GC) [PSYoungGen: 88064K->79816K(175104K)] 534689K->526442K(699392K), 0.0155691 secs] [Times: user=0.21 sys=0.00, real=0.02 secs] 
2016-09-25T23:26:24.404-0400: 85.142: [GC (GCLocker Initiated GC) [PSYoungGen: 167880K->78390K(175104K)] 614708K->550621K(699392K), 0.0095567 secs] [Times: user=0.14 sys=0.00, real=0.00 secs] 
2016-09-25T23:26:24.451-0400: 85.189: [GC (GCLocker Initiated GC) [PSYoungGen: 166454K->35002K(175104K)] 640121K->542047K(699392K), 0.0070981 secs] [Times: user=0.06 sys=0.00, real=0.01 secs] 
2016-09-25T23:26:24.458-0400: 85.196: [Full GC (Ergonomics) [PSYoungGen: 35002K->0K(175104K)] [ParOldGen: 507044K->444456K(524288K)] 542047K->444456K(699392K), [Metaspace: 43898K->43898K(1087488K)], 0.0545022 secs] [Times: user=0.50 sys=0.01, real=0.05 secs] 
2016-09-25T23:26:24.544-0400: 85.282: [GC (GCLocker Initiated GC) [PSYoungGen: 88064K->85389K(175104K)] 532579K->529904K(699392K), 0.0082246 secs] [Times: user=0.12 sys=0.00, real=0.00 secs] 
2016-09-25T23:26:24.585-0400: 85.323: [GC (GCLocker Initiated GC) [PSYoungGen: 173453K->58016K(175104K)] 618051K->540317K(699392K), 0.0087134 secs] [Times: user=0.12 sys=0.00, real=0.00 secs] 
2016-09-25T23:26:24.594-0400: 85.332: [Full GC (Ergonomics) [PSYoungGen: 58016K->0K(175104K)] [ParOldGen: 482301K->453583K(524288K)] 540317K->453583K(699392K), [Metaspace: 43898K->43898K(1087488K)], 0.0545293 secs] [Times: user=0.53 sys=0.01, real=0.06 secs] 
2016-09-25T23:26:24.682-0400: 85.420: [GC (GCLocker Initiated GC) [PSYoungGen: 88064K->65172K(175104K)] 541937K->519045K(699392K), 0.0068851 secs] [Times: user=0.09 sys=0.00, real=0.01 secs] 
2016-09-25T23:26:24.719-0400: 85.457: [GC (GCLocker Initiated GC) [PSYoungGen: 153236K->72829K(175104K)] 612776K->551182K(699392K), 0.0095037 secs] [Times: user=0.12 sys=0.00, real=0.01 secs] 
2016-09-25T23:26:24.728-0400: 85.466: [Full GC (Ergonomics) [PSYoungGen: 72829K->0K(175104K)] [ParOldGen: 478352K->468212K(524288K)] 551182K->468212K(699392K), [Metaspace: 43898K->43898K(1087488K)], 0.0568792 secs] [Times: user=0.56 sys=0.00, real=0.06 secs] 
2016-09-25T23:26:24.828-0400: 85.566: [GC (GCLocker Initiated GC) [PSYoungGen: 88064K->75914K(175104K)] 559051K->546902K(699392K), 0.0074168 secs] [Times: user=0.12 sys=0.00, real=0.01 secs] 
2016-09-25T23:26:24.862-0400: 85.600: [GC (GCLocker Initiated GC) [PSYoungGen: 163978K->67443K(175104K)] 637813K->573573K(699392K), 0.0092161 secs] [Times: user=0.10 sys=0.00, real=0.01 secs] 
2016-09-25T23:26:24.871-0400: 85.609: [Full GC (Ergonomics) [PSYoungGen: 67443K->0K(175104K)] [ParOldGen: 506130K->463871K(524288K)] 573573K->463871K(699392K), [Metaspace: 43901K->43901K(1087488K)], 0.0603739 secs] [Times: user=0.60 sys=0.01, real=0.06 secs] 
2016-09-25T23:26:24.975-0400: 85.713: [Full GC (Ergonomics) [PSYoungGen: 88064K->0K(175104K)] [ParOldGen: 474916K->464388K(524288K)] 562980K->464388K(699392K), [Metaspace: 43901K->43901K(1087488K)], 0.0546556 secs] [Times: user=0.53 sys=0.01, real=0.05 secs] 
2016-09-25T23:26:25.064-0400: 85.802: [GC (GCLocker Initiated GC) [PSYoungGen: 88064K->79901K(175104K)] 552637K->544474K(699392K), 0.0087484 secs] [Times: user=0.12 sys=0.00, real=0.00 secs] 
2016-09-25T23:26:25.116-0400: 85.854: [GC (GCLocker Initiated GC) [PSYoungGen: 167965K->60642K(175104K)] 642591K->552670K(699392K), 0.0076541 secs] [Times: user=0.12 sys=0.00, real=0.01 secs] 
2016-09-25T23:26:25.124-0400: 85.862: [Full GC (Ergonomics) [PSYoungGen: 60642K->0K(175104K)] [ParOldGen: 492028K->460172K(524288K)] 552670K->460172K(699392K), [Metaspace: 43901K->43901K(1087488K)], 0.0478494 secs] [Times: user=0.42 sys=0.00, real=0.04 secs] 
2016-09-25T23:26:25.210-0400: 85.948: [GC (GCLocker Initiated GC) [PSYoungGen: 88064K->77169K(175104K)] 548349K->537455K(699392K), 0.0099815 secs] [Times: user=0.12 sys=0.00, real=0.01 secs] 
2016-09-25T23:26:25.252-0400: 85.990: [GC (GCLocker Initiated GC) [PSYoungGen: 165233K->67352K(175104K)] 628465K->574985K(699392K), 0.0101735 secs] [Times: user=0.17 sys=0.00, real=0.01 secs] 
2016-09-25T23:26:25.262-0400: 86.000: [Full GC (Ergonomics) [PSYoungGen: 67352K->0K(175104K)] [ParOldGen: 507633K->461313K(524288K)] 574985K->461313K(699392K), [Metaspace: 43901K->43901K(1087488K)], 0.0560721 secs] [Times: user=0.53 sys=0.01, real=0.06 secs] 
2016-09-25T23:26:25.360-0400: 86.098: [GC (GCLocker Initiated GC) [PSYoungGen: 88064K->74714K(175104K)] 556087K->542745K(699392K), 0.0077072 secs] [Times: user=0.12 sys=0.00, real=0.01 secs] 
2016-09-25T23:26:25.407-0400: 86.145: [GC (GCLocker Initiated GC) [PSYoungGen: 162778K->46268K(175104K)] 632182K->541306K(699392K), 0.0081708 secs] [Times: user=0.11 sys=0.01, real=0.01 secs] 
2016-09-25T23:26:25.415-0400: 86.153: [Full GC (Ergonomics) [PSYoungGen: 46268K->0K(175104K)] [ParOldGen: 495038K->447830K(524288K)] 541306K->447830K(699392K), [Metaspace: 43912K->43912K(1087488K)], 0.0598187 secs] [Times: user=0.61 sys=0.00, real=0.06 secs] 
2016-09-25T23:26:25.512-0400: 86.250: [GC (GCLocker Initiated GC) [PSYoungGen: 88064K->68966K(175104K)] 538737K->519639K(699392K), 0.0073684 secs] [Times: user=0.09 sys=0.00, real=0.01 secs] 
2016-09-25T23:26:25.566-0400: 86.304: [GC (GCLocker Initiated GC) [PSYoungGen: 157030K->62369K(175104K)] 615917K->545280K(699392K), 0.0080484 secs] [Times: user=0.10 sys=0.00, real=0.01 secs] 
2016-09-25T23:26:25.574-0400: 86.313: [Full GC (Ergonomics) [PSYoungGen: 62369K->0K(175104K)] [ParOldGen: 482911K->460653K(524288K)] 545280K->460653K(699392K), [Metaspace: 43912K->43912K(1087488K)], 0.1525005 secs] [Times: user=2.03 sys=0.01, real=0.15 secs] 
2016-09-25T23:26:25.774-0400: 86.513: [GC (GCLocker Initiated GC) [PSYoungGen: 88064K->53314K(175104K)] 554382K->519633K(699392K), 0.0058568 secs] [Times: user=0.07 sys=0.00, real=0.00 secs] 
2016-09-25T23:26:25.825-0400: 86.563: [GC (GCLocker Initiated GC) [PSYoungGen: 141378K->42753K(175104K)] 610473K->547160K(699392K), 0.0277878 secs] [Times: user=0.33 sys=0.00, real=0.02 secs] 
2016-09-25T23:26:25.853-0400: 86.591: [Full GC (Ergonomics) [PSYoungGen: 42753K->0K(175104K)] [ParOldGen: 504407K->453716K(524288K)] 547160K->453716K(699392K), [Metaspace: 43912K->43912K(1087488K)], 0.0716241 secs] [Times: user=0.45 sys=0.01, real=0.08 secs] 
2016-09-25T23:26:25.957-0400: 86.695: [GC (GCLocker Initiated GC) [PSYoungGen: 88064K->58548K(175104K)] 541970K->512455K(699392K), 0.0065427 secs] [Times: user=0.05 sys=0.00, real=0.01 secs] 
2016-09-25T23:26:26.006-0400: 86.744: [GC (GCLocker Initiated GC) [PSYoungGen: 146612K->51513K(175104K)] 600582K->528542K(699392K), 0.0069796 secs] [Times: user=0.08 sys=0.00, real=0.00 secs] 
2016-09-25T23:26:26.013-0400: 86.751: [Full GC (Ergonomics) [PSYoungGen: 51513K->0K(175104K)] [ParOldGen: 477029K->454939K(524288K)] 528542K->454939K(699392K), [Metaspace: 43912K->43912K(1087488K)], 0.0562283 secs] [Times: user=0.48 sys=0.00, real=0.06 secs] 
2016-09-25T23:26:26.097-0400: 86.835: [GC (GCLocker Initiated GC) [PSYoungGen: 88064K->81958K(175104K)] 545968K->539863K(699392K), 0.0087453 secs] [Times: user=0.13 sys=0.01, real=0.01 secs] 
2016-09-25T23:26:26.154-0400: 86.892: [GC (GCLocker Initiated GC) [PSYoungGen: 170022K->47444K(175104K)] 642068K->540122K(699392K), 0.0069381 secs] [Times: user=0.10 sys=0.01, real=0.01 secs] 
2016-09-25T23:26:26.161-0400: 86.899: [Full GC (Ergonomics) [PSYoungGen: 47444K->0K(175104K)] [ParOldGen: 492677K->455097K(524288K)] 540122K->455097K(699392K), [Metaspace: 43912K->43912K(1087488K)], 0.0559587 secs] [Times: user=0.55 sys=0.00, real=0.06 secs] 
2016-09-25T23:26:26.248-0400: 86.986: [GC (GCLocker Initiated GC) [PSYoungGen: 88064K->77020K(175104K)] 543256K->532212K(699392K), 0.0079301 secs] [Times: user=0.12 sys=0.00, real=0.01 secs] 
2016-09-25T23:26:26.299-0400: 87.037: [GC (GCLocker Initiated GC) [PSYoungGen: 165084K->59446K(175104K)] 621707K->557573K(699392K), 0.0092499 secs] [Times: user=0.11 sys=0.00, real=0.01 secs] 
2016-09-25T23:26:26.308-0400: 87.046: [Full GC (Ergonomics) [PSYoungGen: 59446K->0K(175104K)] [ParOldGen: 498126K->460182K(524288K)] 557573K->460182K(699392K), [Metaspace: 43912K->43912K(1087488K)], 0.0577024 secs] [Times: user=0.57 sys=0.00, real=0.06 secs] 
2016-09-25T23:26:26.396-0400: 87.134: [GC (GCLocker Initiated GC) [PSYoungGen: 88064K->76387K(175104K)] 552435K->540758K(699392K), 0.0097770 secs] [Times: user=0.14 sys=0.01, real=0.01 secs] 
2016-09-25T23:26:26.457-0400: 87.195: [Full GC (Ergonomics) [PSYoungGen: 164451K->0K(175104K)] [ParOldGen: 476726K->456251K(524288K)] 641177K->456251K(699392K), [Metaspace: 43912K->43912K(1087488K)], 0.0540563 secs] [Times: user=0.34 sys=0.01, real=0.05 secs] 
2016-09-25T23:26:26.554-0400: 87.292: [GC (GCLocker Initiated GC) [PSYoungGen: 88064K->48886K(175104K)] 545811K->506634K(699392K), 0.0070871 secs] [Times: user=0.07 sys=0.00, real=0.01 secs] 
2016-09-25T23:26:26.598-0400: 87.336: [GC (GCLocker Initiated GC) [PSYoungGen: 136950K->53989K(175104K)] 597676K->532307K(699392K), 0.0150649 secs] [Times: user=0.20 sys=0.01, real=0.01 secs] 
2016-09-25T23:26:26.613-0400: 87.351: [Full GC (Ergonomics) [PSYoungGen: 53989K->0K(175104K)] [ParOldGen: 478318K->465698K(524288K)] 532307K->465698K(699392K), [Metaspace: 43912K->43912K(1087488K)], 0.0554905 secs] [Times: user=0.55 sys=0.00, real=0.06 secs] 
2016-09-25T23:26:26.710-0400: 87.448: [GC (GCLocker Initiated GC) [PSYoungGen: 88064K->76444K(175104K)] 556697K->545077K(699392K), 0.0075583 secs] [Times: user=0.11 sys=0.00, real=0.01 secs] 
2016-09-25T23:26:26.764-0400: 87.502: [GC (GCLocker Initiated GC) [PSYoungGen: 164508K->58040K(175104K)] 633249K->555491K(699392K), 0.0111749 secs] [Times: user=0.19 sys=0.00, real=0.01 secs] 
2016-09-25T23:26:26.776-0400: 87.514: [Full GC (Ergonomics) [PSYoungGen: 58040K->0K(175104K)] [ParOldGen: 497451K->458769K(524288K)] 555491K->458769K(699392K), [Metaspace: 43912K->43912K(1087488K)], 0.0586019 secs] [Times: user=0.55 sys=0.01, real=0.06 secs] 
2016-09-25T23:26:26.875-0400: 87.613: [GC (GCLocker Initiated GC) [PSYoungGen: 88064K->76897K(175104K)] 555154K->543987K(699392K), 0.0081600 secs] [Times: user=0.10 sys=0.00, real=0.01 secs] 
2016-09-25T23:26:26.931-0400: 87.669: [GC (GCLocker Initiated GC) [PSYoungGen: 164961K->28472K(175104K)] 636156K->523466K(699392K), 0.0063231 secs] [Times: user=0.07 sys=0.00, real=0.01 secs] 
2016-09-25T23:26:26.938-0400: 87.676: [Full GC (Ergonomics) [PSYoungGen: 28472K->0K(175104K)] [ParOldGen: 494994K->453668K(524288K)] 523466K->453668K(699392K), [Metaspace: 43912K->43912K(1087488K)], 0.0658691 secs] [Times: user=0.38 sys=0.02, real=0.07 secs] 
2016-09-25T23:26:27.031-0400: 87.769: [GC (GCLocker Initiated GC) [PSYoungGen: 88064K->84670K(175104K)] 549991K->560098K(699392K), 0.0092112 secs] [Times: user=0.12 sys=0.00, real=0.01 secs] 
2016-09-25T23:26:27.095-0400: 87.833: [Full GC (Ergonomics) [PSYoungGen: 172734K->0K(175104K)] [ParOldGen: 482322K->464608K(524288K)] 655057K->464608K(699392K), [Metaspace: 43912K->43912K(1087488K)], 0.0601771 secs] [Times: user=0.44 sys=0.00, real=0.06 secs] 
2016-09-25T23:26:27.190-0400: 87.928: [GC (GCLocker Initiated GC) [PSYoungGen: 88064K->53664K(175104K)] 558321K->523921K(699392K), 0.0150497 secs] [Times: user=0.15 sys=0.00, real=0.02 secs] 
2016-09-25T23:26:27.247-0400: 87.985: [GC (GCLocker Initiated GC) [PSYoungGen: 141728K->30016K(175104K)] 614782K->528113K(699392K), 0.0066212 secs] [Times: user=0.06 sys=0.01, real=0.00 secs] 
2016-09-25T23:26:27.253-0400: 87.992: [Full GC (Ergonomics) [PSYoungGen: 30016K->0K(175104K)] [ParOldGen: 498096K->468874K(524288K)] 528113K->468874K(699392K), [Metaspace: 43912K->43912K(1087488K)], 0.0510562 secs] [Times: user=0.39 sys=0.00, real=0.06 secs] 
2016-09-25T23:26:27.347-0400: 88.085: [GC (GCLocker Initiated GC) [PSYoungGen: 88064K->83830K(175104K)] 559971K->555737K(699392K), 0.0125793 secs] [Times: user=0.17 sys=0.00, real=0.01 secs] 
2016-09-25T23:26:27.399-0400: 88.137: [GC (GCLocker Initiated GC) [PSYoungGen: 171894K->46198K(175104K)] 646565K->544887K(699392K), 0.0089901 secs] [Times: user=0.12 sys=0.00, real=0.01 secs] 
2016-09-25T23:26:27.408-0400: 88.146: [Full GC (Ergonomics) [PSYoungGen: 46198K->0K(175104K)] [ParOldGen: 498689K->470345K(524288K)] 544887K->470345K(699392K), [Metaspace: 43917K->43917K(1087488K)], 0.0490030 secs] [Times: user=0.44 sys=0.00, real=0.05 secs] 
2016-09-25T23:26:27.496-0400: 88.234: [Full GC (Ergonomics) [PSYoungGen: 88064K->0K(175104K)] [ParOldGen: 478595K->476750K(524288K)] 566659K->476750K(699392K), [Metaspace: 43917K->43917K(1087488K)], 0.0533263 secs] [Times: user=0.47 sys=0.00, real=0.05 secs] 
2016-09-25T23:26:27.595-0400: 88.333: [Full GC (Ergonomics) [PSYoungGen: 88064K->0K(175104K)] [ParOldGen: 484922K->474888K(524288K)] 572986K->474888K(699392K), [Metaspace: 43917K->43917K(1087488K)], 0.0572446 secs] [Times: user=0.56 sys=0.00, real=0.05 secs] 
2016-09-25T23:26:27.683-0400: 88.421: [Full GC (Ergonomics) [PSYoungGen: 88064K->0K(175104K)] [ParOldGen: 485873K->484093K(524288K)] 573937K->484093K(699392K), [Metaspace: 43917K->43917K(1087488K)], 0.0600847 secs] [Times: user=0.58 sys=0.00, real=0.06 secs] 
2016-09-25T23:26:27.797-0400: 88.535: [Full GC (Ergonomics) [PSYoungGen: 88064K->0K(175104K)] [ParOldGen: 486902K->473994K(524288K)] 574966K->473994K(699392K), [Metaspace: 43917K->43917K(1087488K)], 0.0575141 secs] [Times: user=0.57 sys=0.00, real=0.06 secs] 
2016-09-25T23:26:27.891-0400: 88.629: [Full GC (Ergonomics) [PSYoungGen: 88064K->0K(175104K)] [ParOldGen: 478252K->477831K(524288K)] 566316K->477831K(699392K), [Metaspace: 43917K->43917K(1087488K)], 0.0571339 secs] [Times: user=0.53 sys=0.00, real=0.06 secs] 
2016-09-25T23:26:27.992-0400: 88.730: [Full GC (Ergonomics) [PSYoungGen: 88064K->0K(175104K)] [ParOldGen: 478021K->475872K(524288K)] 566085K->475872K(699392K), [Metaspace: 43917K->43917K(1087488K)], 0.0544696 secs] [Times: user=0.52 sys=0.00, real=0.06 secs] 
2016-09-25T23:26:28.079-0400: 88.817: [GC (GCLocker Initiated GC) [PSYoungGen: 88064K->77558K(175104K)] 564645K->554140K(699392K), 0.0084979 secs] [Times: user=0.10 sys=0.00, real=0.01 secs] 
2016-09-25T23:26:28.136-0400: 88.874: [Full GC (Ergonomics) [PSYoungGen: 165622K->0K(175104K)] [ParOldGen: 487529K->483369K(524288K)] 653151K->483369K(699392K), [Metaspace: 43917K->43917K(1087488K)], 0.0595595 secs] [Times: user=0.53 sys=0.00, real=0.06 secs] 
2016-09-25T23:26:28.236-0400: 88.974: [Full GC (Ergonomics) [PSYoungGen: 88064K->0K(175104K)] [ParOldGen: 483480K->481586K(524288K)] 571544K->481586K(699392K), [Metaspace: 43917K->43917K(1087488K)], 0.0559712 secs] [Times: user=0.49 sys=0.00, real=0.05 secs] 
2016-09-25T23:26:28.346-0400: 89.084: [Full GC (Ergonomics) [PSYoungGen: 88064K->0K(175104K)] [ParOldGen: 498021K->487951K(524288K)] 586085K->487951K(699392K), [Metaspace: 43917K->43917K(1087488K)], 0.0597734 secs] [Times: user=0.51 sys=0.01, real=0.06 secs] 
2016-09-25T23:26:28.451-0400: 89.189: [Full GC (Ergonomics) [PSYoungGen: 88064K->0K(175104K)] [ParOldGen: 488136K->475922K(524288K)] 576200K->475922K(699392K), [Metaspace: 43917K->43917K(1087488K)], 0.1258886 secs] [Times: user=1.65 sys=0.01, real=0.13 secs] 
2016-09-25T23:26:28.621-0400: 89.359: [GC (GCLocker Initiated GC) [PSYoungGen: 88064K->78450K(175104K)] 564169K->554556K(699392K), 0.0075890 secs] [Times: user=0.10 sys=0.00, real=0.01 secs] 
2016-09-25T23:26:28.680-0400: 89.418: [Full GC (Ergonomics) [PSYoungGen: 166514K->0K(175104K)] [ParOldGen: 483350K->476702K(524288K)] 649864K->476702K(699392K), [Metaspace: 43917K->43917K(1087488K)], 0.0602615 secs] [Times: user=0.53 sys=0.00, real=0.06 secs] 
2016-09-25T23:26:28.788-0400: 89.526: [Full GC (Ergonomics) [PSYoungGen: 88064K->0K(175104K)] [ParOldGen: 479473K->473361K(524288K)] 567537K->473361K(699392K), [Metaspace: 43918K->43918K(1087488K)], 0.0607878 secs] [Times: user=0.44 sys=0.02, real=0.06 secs] 
2016-09-25T23:26:28.891-0400: 89.629: [Full GC (Ergonomics) [PSYoungGen: 88064K->0K(175104K)] [ParOldGen: 480296K->485441K(524288K)] 568360K->485441K(699392K), [Metaspace: 43918K->43918K(1087488K)], 0.0636782 secs] [Times: user=0.55 sys=0.01, real=0.07 secs] 
2016-09-25T23:26:29.019-0400: 89.757: [Full GC (Ergonomics) [PSYoungGen: 88064K->0K(175104K)] [ParOldGen: 497721K->478264K(524288K)] 585785K->478264K(699392K), [Metaspace: 43918K->43918K(1087488K)], 0.0555989 secs] [Times: user=0.53 sys=0.01, real=0.06 secs] 
2016-09-25T23:26:29.101-0400: 89.839: [Full GC (Ergonomics) [PSYoungGen: 88064K->0K(175104K)] [ParOldGen: 481224K->495674K(524288K)] 569288K->495674K(699392K), [Metaspace: 43918K->43918K(1087488K)], 0.0595194 secs] [Times: user=0.60 sys=0.00, real=0.06 secs] 
2016-09-25T23:26:29.217-0400: 89.955: [Full GC (Ergonomics) [PSYoungGen: 88064K->0K(175104K)] [ParOldGen: 503885K->485762K(524288K)] 591949K->485762K(699392K), [Metaspace: 43918K->43918K(1087488K)], 0.0542925 secs] [Times: user=0.50 sys=0.00, real=0.05 secs] 
2016-09-25T23:26:29.305-0400: 90.043: [Full GC (Ergonomics) [PSYoungGen: 88064K->0K(175104K)] [ParOldGen: 492586K->497926K(524288K)] 580650K->497926K(699392K), [Metaspace: 43918K->43918K(1087488K)], 0.0567409 secs] [Times: user=0.52 sys=0.00, real=0.05 secs] 
2016-09-25T23:26:29.414-0400: 90.152: [Full GC (Ergonomics) [PSYoungGen: 88064K->0K(175104K)] [ParOldGen: 505247K->486815K(524288K)] 593311K->486815K(699392K), [Metaspace: 43922K->43922K(1087488K)], 0.0569016 secs] [Times: user=0.51 sys=0.00, real=0.06 secs] 
2016-09-25T23:26:29.516-0400: 90.254: [Full GC (Ergonomics) [PSYoungGen: 88064K->0K(175104K)] [ParOldGen: 488531K->483521K(524288K)] 576595K->483521K(699392K), [Metaspace: 43922K->43922K(1087488K)], 0.0549107 secs] [Times: user=0.52 sys=0.00, real=0.05 secs] 
2016-09-25T23:26:29.610-0400: 90.348: [Full GC (Ergonomics) [PSYoungGen: 88064K->0K(175104K)] [ParOldGen: 486429K->495514K(524288K)] 574493K->495514K(699392K), [Metaspace: 43922K->43922K(1087488K)], 0.0555752 secs] [Times: user=0.41 sys=0.00, real=0.06 secs] 
2016-09-25T23:26:29.718-0400: 90.457: [Full GC (Ergonomics) [PSYoungGen: 88064K->0K(175104K)] [ParOldGen: 498374K->491095K(524288K)] 586438K->491095K(699392K), [Metaspace: 43933K->43933K(1087488K)], 0.0566921 secs] [Times: user=0.43 sys=0.00, real=0.06 secs] 
2016-09-25T23:26:29.820-0400: 90.558: [Full GC (Ergonomics) [PSYoungGen: 88064K->0K(175104K)] [ParOldGen: 501102K->495026K(524288K)] 589166K->495026K(699392K), [Metaspace: 43953K->43953K(1087488K)], 0.0615843 secs] [Times: user=0.44 sys=0.01, real=0.06 secs] 
2016-09-25T23:26:29.931-0400: 90.669: [Full GC (Ergonomics) [PSYoungGen: 88064K->0K(175104K)] [ParOldGen: 497916K->496016K(524288K)] 585980K->496016K(699392K), [Metaspace: 43954K->43954K(1087488K)], 0.0606579 secs] [Times: user=0.58 sys=0.01, real=0.06 secs] 
2016-09-25T23:26:30.045-0400: 90.783: [Full GC (Ergonomics) [PSYoungGen: 88064K->0K(175104K)] [ParOldGen: 502282K->488978K(524288K)] 590346K->488978K(699392K), [Metaspace: 43954K->43954K(1087488K)], 0.0510117 secs] [Times: user=0.39 sys=0.00, real=0.05 secs] 
2016-09-25T23:26:30.127-0400: 90.865: [Full GC (Ergonomics) [PSYoungGen: 88064K->0K(175104K)] [ParOldGen: 497154K->503554K(524288K)] 585218K->503554K(699392K), [Metaspace: 43957K->43957K(1087488K)], 0.0547333 secs] [Times: user=0.50 sys=0.01, real=0.05 secs] 
2016-09-25T23:26:30.235-0400: 90.973: [Full GC (Ergonomics) [PSYoungGen: 88064K->0K(175104K)] [ParOldGen: 507656K->493699K(524288K)] 595720K->493699K(699392K), [Metaspace: 43957K->43957K(1087488K)], 0.0541306 secs] [Times: user=0.41 sys=0.00, real=0.05 secs] 
2016-09-25T23:26:30.321-0400: 91.059: [Full GC (Ergonomics) [PSYoungGen: 88064K->0K(175104K)] [ParOldGen: 493797K->505378K(524288K)] 581861K->505378K(699392K), [Metaspace: 43957K->43957K(1087488K)], 0.0634707 secs] [Times: user=0.59 sys=0.00, real=0.07 secs] 
2016-09-25T23:26:30.435-0400: 91.173: [Full GC (Ergonomics) [PSYoungGen: 88064K->0K(175104K)] [ParOldGen: 506783K->495613K(524288K)] 594847K->495613K(699392K), [Metaspace: 43957K->43957K(1087488K)], 0.0588435 secs] [Times: user=0.54 sys=0.00, real=0.05 secs] 
2016-09-25T23:26:30.532-0400: 91.270: [Full GC (Ergonomics) [PSYoungGen: 88064K->0K(175104K)] [ParOldGen: 503863K->510099K(524288K)] 591927K->510099K(699392K), [Metaspace: 43957K->43957K(1087488K)], 0.0731459 secs] [Times: user=0.74 sys=0.00, real=0.08 secs] 
2016-09-25T23:26:30.654-0400: 91.392: [Full GC (Ergonomics) [PSYoungGen: 88064K->0K(175104K)] [ParOldGen: 517105K->497749K(524288K)] 605169K->497749K(699392K), [Metaspace: 43957K->43957K(1087488K)], 0.0619201 secs] [Times: user=0.55 sys=0.01, real=0.06 secs] 
2016-09-25T23:26:30.756-0400: 91.494: [Full GC (Ergonomics) [PSYoungGen: 88064K->0K(175104K)] [ParOldGen: 503178K->501615K(524288K)] 591242K->501615K(699392K), [Metaspace: 43957K->43957K(1087488K)], 0.1132080 secs] [Times: user=1.41 sys=0.01, real=0.11 secs] 
2016-09-25T23:26:30.929-0400: 91.667: [Full GC (Ergonomics) [PSYoungGen: 88064K->0K(175104K)] [ParOldGen: 505010K->495816K(524288K)] 593074K->495816K(699392K), [Metaspace: 43957K->43957K(1087488K)], 0.0565614 secs] [Times: user=0.47 sys=0.00, real=0.06 secs] 
2016-09-25T23:26:31.018-0400: 91.756: [Full GC (Ergonomics) [PSYoungGen: 88064K->0K(175104K)] [ParOldGen: 506798K->508980K(524288K)] 594862K->508980K(699392K), [Metaspace: 43957K->43957K(1087488K)], 0.0641308 secs] [Times: user=0.61 sys=0.01, real=0.06 secs] 
2016-09-25T23:26:31.135-0400: 91.873: [Full GC (Ergonomics) [PSYoungGen: 88064K->0K(175104K)] [ParOldGen: 513531K->493633K(524288K)] 601595K->493633K(699392K), [Metaspace: 43960K->43960K(1087488K)], 0.0533994 secs] [Times: user=0.46 sys=0.00, real=0.05 secs] 
2016-09-25T23:26:31.219-0400: 91.958: [Full GC (Ergonomics) [PSYoungGen: 88064K->0K(175104K)] [ParOldGen: 499189K->516195K(524288K)] 587253K->516195K(699392K), [Metaspace: 43960K->43960K(1087488K)], 0.0583572 secs] [Times: user=0.57 sys=0.00, real=0.06 secs] 
2016-09-25T23:26:31.321-0400: 92.059: [Full GC (Ergonomics) [PSYoungGen: 88064K->0K(175104K)] [ParOldGen: 519898K->502490K(524288K)] 607962K->502490K(699392K), [Metaspace: 43960K->43960K(1087488K)], 0.0622878 secs] [Times: user=0.61 sys=0.00, real=0.07 secs] 
2016-09-25T23:26:31.425-0400: 92.163: [Full GC (Ergonomics) [PSYoungGen: 88064K->0K(175104K)] [ParOldGen: 502549K->501771K(524288K)] 590613K->501771K(699392K), [Metaspace: 43960K->43960K(1087488K)], 0.0560224 secs] [Times: user=0.56 sys=0.00, real=0.05 secs] 
2016-09-25T23:26:31.519-0400: 92.257: [Full GC (Ergonomics) [PSYoungGen: 88064K->0K(175104K)] [ParOldGen: 501848K->508136K(524288K)] 589912K->508136K(699392K), [Metaspace: 43960K->43960K(1087488K)], 0.0596423 secs] [Times: user=0.57 sys=0.00, real=0.06 secs] 
2016-09-25T23:26:31.615-0400: 92.353: [Full GC (Ergonomics) [PSYoungGen: 88064K->0K(175104K)] [ParOldGen: 508235K->508968K(524288K)] 596299K->508968K(699392K), [Metaspace: 43960K->43960K(1087488K)], 0.0577376 secs] [Times: user=0.52 sys=0.01, real=0.05 secs] 
2016-09-25T23:26:31.716-0400: 92.454: [Full GC (Ergonomics) [PSYoungGen: 88064K->0K(175104K)] [ParOldGen: 511854K->512705K(524288K)] 599918K->512705K(699392K), [Metaspace: 43960K->43960K(1087488K)], 0.0593682 secs] [Times: user=0.58 sys=0.00, real=0.06 secs] 
2016-09-25T23:26:31.833-0400: 92.571: [Full GC (Ergonomics) [PSYoungGen: 88064K->0K(175104K)] [ParOldGen: 523850K->505771K(524288K)] 611914K->505771K(699392K), [Metaspace: 43966K->43966K(1087488K)], 0.0587335 secs] [Times: user=0.59 sys=0.00, real=0.06 secs] 
2016-09-25T23:26:31.929-0400: 92.668: [Full GC (Ergonomics) [PSYoungGen: 88064K->0K(175104K)] [ParOldGen: 510046K->506604K(524288K)] 598110K->506604K(699392K), [Metaspace: 43966K->43966K(1087488K)], 0.0560296 secs] [Times: user=0.48 sys=0.00, real=0.06 secs] 
2016-09-25T23:26:32.025-0400: 92.763: [Full GC (Ergonomics) [PSYoungGen: 88064K->0K(175104K)] [ParOldGen: 514099K->515921K(524288K)] 602163K->515921K(699392K), [Metaspace: 43966K->43966K(1087488K)], 0.0563306 secs] [Times: user=0.50 sys=0.00, real=0.05 secs] 
2016-09-25T23:26:32.129-0400: 92.867: [Full GC (Ergonomics) [PSYoungGen: 88064K->0K(175104K)] [ParOldGen: 521741K->511572K(524288K)] 609805K->511572K(699392K), [Metaspace: 43967K->43967K(1087488K)], 0.0539609 secs] [Times: user=0.45 sys=0.00, real=0.06 secs] 
2016-09-25T23:26:32.217-0400: 92.955: [Full GC (Ergonomics) [PSYoungGen: 88064K->0K(175104K)] [ParOldGen: 515734K->515343K(524288K)] 603798K->515343K(699392K), [Metaspace: 43967K->43967K(1087488K)], 0.0511850 secs] [Times: user=0.45 sys=0.00, real=0.05 secs] 
2016-09-25T23:26:32.318-0400: 93.056: [Full GC (Ergonomics) [PSYoungGen: 88064K->0K(175104K)] [ParOldGen: 518304K->506815K(524288K)] 606368K->506815K(699392K), [Metaspace: 43967K->43967K(1087488K)], 0.0526018 secs] [Times: user=0.46 sys=0.01, real=0.05 secs] 
2016-09-25T23:26:32.402-0400: 93.140: [Full GC (Ergonomics) [PSYoungGen: 88064K->0K(175104K)] [ParOldGen: 509630K->522551K(524288K)] 597694K->522551K(699392K), [Metaspace: 43967K->43967K(1087488K)], 0.0600867 secs] [Times: user=0.53 sys=0.00, real=0.06 secs] 
2016-09-25T23:26:32.511-0400: 93.249: [Full GC (Ergonomics) [PSYoungGen: 87725K->0K(175104K)] [ParOldGen: 522551K->512680K(524288K)] 610277K->512680K(699392K), [Metaspace: 43967K->43967K(1087488K)], 0.0590123 secs] [Times: user=0.54 sys=0.01, real=0.06 secs] 
2016-09-25T23:26:32.606-0400: 93.344: [Full GC (Ergonomics) [PSYoungGen: 88064K->0K(175104K)] [ParOldGen: 515607K->519020K(524288K)] 603671K->519020K(699392K), [Metaspace: 43967K->43967K(1087488K)], 0.0581975 secs] [Times: user=0.54 sys=0.01, real=0.06 secs] 
2016-09-25T23:26:32.709-0400: 93.447: [Full GC (Ergonomics) [PSYoungGen: 88064K->0K(175104K)] [ParOldGen: 522504K->516021K(524288K)] 610568K->516021K(699392K), [Metaspace: 43967K->43967K(1087488K)], 0.0614275 secs] [Times: user=0.50 sys=0.01, real=0.06 secs] 
2016-09-25T23:26:32.811-0400: 93.549: [Full GC (Ergonomics) [PSYoungGen: 88064K->0K(175104K)] [ParOldGen: 521504K->520936K(524288K)] 609568K->520936K(699392K), [Metaspace: 43967K->43967K(1087488K)], 0.0690542 secs] [Times: user=0.57 sys=0.03, real=0.07 secs] 
2016-09-25T23:26:32.918-0400: 93.656: [Full GC (Ergonomics) [PSYoungGen: 87794K->0K(175104K)] [ParOldGen: 523636K->521776K(524288K)] 611431K->521776K(699392K), [Metaspace: 43967K->43967K(1087488K)], 0.1079622 secs] [Times: user=1.32 sys=0.01, real=0.11 secs] 
2016-09-25T23:26:33.070-0400: 93.808: [Full GC (Ergonomics) [PSYoungGen: 87792K->0K(175104K)] [ParOldGen: 523126K->514562K(524288K)] 610918K->514562K(699392K), [Metaspace: 43967K->43967K(1087488K)], 0.0560766 secs] [Times: user=0.48 sys=0.00, real=0.06 secs] 
2016-09-25T23:26:33.164-0400: 93.902: [Full GC (Ergonomics) [PSYoungGen: 88064K->0K(175104K)] [ParOldGen: 524098K->520882K(524288K)] 612162K->520882K(699392K), [Metaspace: 43967K->43967K(1087488K)], 0.0602615 secs] [Times: user=0.59 sys=0.01, real=0.06 secs] 
2016-09-25T23:26:33.266-0400: 94.004: [Full GC (Ergonomics) [PSYoungGen: 88064K->0K(175104K)] [ParOldGen: 523801K->521685K(524288K)] 611865K->521685K(699392K), [Metaspace: 43967K->43967K(1087488K)], 0.0545472 secs] [Times: user=0.46 sys=0.01, real=0.05 secs] 
2016-09-25T23:26:33.358-0400: 94.096: [Full GC (Ergonomics) [PSYoungGen: 88064K->2713K(175104K)] [ParOldGen: 521835K->522058K(524288K)] 609899K->524772K(699392K), [Metaspace: 43967K->43967K(1087488K)], 0.1579098 secs] [Times: user=2.21 sys=0.03, real=0.16 secs] 
2016-09-25T23:26:33.554-0400: 94.292: [Full GC (Ergonomics) [PSYoungGen: 86096K->0K(175104K)] [ParOldGen: 522058K->517474K(524288K)] 608154K->517474K(699392K), [Metaspace: 43967K->43967K(1087488K)], 0.0557638 secs] [Times: user=0.56 sys=0.01, real=0.06 secs] 
2016-09-25T23:26:33.638-0400: 94.376: [Full GC (Ergonomics) [PSYoungGen: 88064K->0K(175104K)] [ParOldGen: 517559K->523730K(524288K)] 605623K->523730K(699392K), [Metaspace: 43967K->43967K(1087488K)], 0.0570830 secs] [Times: user=0.54 sys=0.00, real=0.06 secs] 
2016-09-25T23:26:33.739-0400: 94.477: [Full GC (Ergonomics) [PSYoungGen: 87049K->0K(175104K)] [ParOldGen: 523730K->523433K(524288K)] 610780K->523433K(699392K), [Metaspace: 43967K->43967K(1087488K)], 0.0543951 secs] [Times: user=0.51 sys=0.00, real=0.05 secs] 
2016-09-25T23:26:33.830-0400: 94.568: [Full GC (Ergonomics) [PSYoungGen: 88064K->0K(175104K)] [ParOldGen: 523521K->522728K(524288K)] 611585K->522728K(699392K), [Metaspace: 43967K->43967K(1087488K)], 0.0588249 secs] [Times: user=0.57 sys=0.00, real=0.06 secs] 
2016-09-25T23:26:33.927-0400: 94.665: [Full GC (Ergonomics) [PSYoungGen: 88064K->0K(175104K)] [ParOldGen: 522835K->520973K(524288K)] 610899K->520973K(699392K), [Metaspace: 43967K->43967K(1087488K)], 0.0614921 secs] [Times: user=0.57 sys=0.00, real=0.06 secs] 
2016-09-25T23:26:34.023-0400: 94.761: [Full GC (Ergonomics) [PSYoungGen: 88064K->6823K(175104K)] [ParOldGen: 523871K->522574K(524288K)] 611935K->529398K(699392K), [Metaspace: 43967K->43967K(1087488K)], 0.1708882 secs] [Times: user=2.51 sys=0.01, real=0.16 secs] 
2016-09-25T23:26:34.238-0400: 94.976: [Full GC (Ergonomics) [PSYoungGen: 88064K->0K(175104K)] [ParOldGen: 523241K->518330K(524288K)] 611305K->518330K(699392K), [Metaspace: 43968K->43968K(1087488K)], 0.0646505 secs] [Times: user=0.64 sys=0.00, real=0.07 secs] 
2016-09-25T23:26:34.343-0400: 95.081: [Full GC (Ergonomics) [PSYoungGen: 88064K->0K(175104K)] [ParOldGen: 522549K->520321K(524288K)] 610613K->520321K(699392K), [Metaspace: 43968K->43968K(1087488K)], 0.0706619 secs] [Times: user=0.66 sys=0.00, real=0.06 secs] 
2016-09-25T23:26:34.448-0400: 95.186: [Full GC (Ergonomics) [PSYoungGen: 88064K->2731K(175104K)] [ParOldGen: 523049K->523508K(524288K)] 611113K->526239K(699392K), [Metaspace: 43968K->43968K(1087488K)], 0.1718438 secs] [Times: user=2.49 sys=0.01, real=0.17 secs] 
2016-09-25T23:26:34.663-0400: 95.401: [Full GC (Ergonomics) [PSYoungGen: 88064K->2703K(175104K)] [ParOldGen: 523596K->524270K(524288K)] 611660K->526973K(699392K), [Metaspace: 43968K->43968K(1087488K)], 0.1676244 secs] [Times: user=2.27 sys=0.01, real=0.16 secs] 
2016-09-25T23:26:34.877-0400: 95.615: [Full GC (Ergonomics) [PSYoungGen: 86565K->4104K(175104K)] [ParOldGen: 524270K->523765K(524288K)] 610836K->527870K(699392K), [Metaspace: 43968K->43968K(1087488K)], 0.1548351 secs] [Times: user=2.26 sys=0.00, real=0.15 secs] 
2016-09-25T23:26:35.070-0400: 95.808: [Full GC (Ergonomics) [PSYoungGen: 85820K->5401K(175104K)] [ParOldGen: 523765K->522959K(524288K)] 609586K->528360K(699392K), [Metaspace: 43968K->43968K(1087488K)], 0.1644039 secs] [Times: user=2.43 sys=0.00, real=0.17 secs] 
2016-09-25T23:26:35.273-0400: 96.011: [Full GC (Ergonomics) [PSYoungGen: 87099K->6878K(175104K)] [ParOldGen: 522959K->522039K(524288K)] 610058K->528918K(699392K), [Metaspace: 43968K->43968K(1087488K)], 0.1538543 secs] [Times: user=2.24 sys=0.01, real=0.16 secs] 
2016-09-25T23:26:35.470-0400: 96.208: [Full GC (Ergonomics) [PSYoungGen: 88064K->0K(175104K)] [ParOldGen: 523484K->518815K(524288K)] 611548K->518815K(699392K), [Metaspace: 43968K->43968K(1087488K)], 0.0539555 secs] [Times: user=0.50 sys=0.00, real=0.06 secs] 
2016-09-25T23:26:35.558-0400: 96.296: [Full GC (Ergonomics) [PSYoungGen: 88064K->9607K(175104K)] [ParOldGen: 520312K->523404K(524288K)] 608376K->533011K(699392K), [Metaspace: 43968K->43968K(1087488K)], 0.1537391 secs] [Times: user=2.24 sys=0.00, real=0.15 secs] 
2016-09-25T23:26:35.740-0400: 96.478: [Full GC (Ergonomics) [PSYoungGen: 88064K->12303K(175104K)] [ParOldGen: 523575K->524012K(524288K)] 611639K->536315K(699392K), [Metaspace: 43968K->43968K(1087488K)], 0.1451628 secs] [Times: user=2.12 sys=0.00, real=0.15 secs] 
2016-09-25T23:26:35.927-0400: 96.665: [Full GC (Ergonomics) [PSYoungGen: 88064K->6765K(175104K)] [ParOldGen: 524198K->522258K(524288K)] 612262K->529023K(699392K), [Metaspace: 43971K->43971K(1087488K)], 0.1449863 secs] [Times: user=2.10 sys=0.02, real=0.14 secs] 
2016-09-25T23:26:36.110-0400: 96.848: [Full GC (Ergonomics) [PSYoungGen: 88064K->11029K(175104K)] [ParOldGen: 522791K->524256K(524288K)] 610855K->535285K(699392K), [Metaspace: 43971K->43971K(1087488K)], 0.1618394 secs] [Times: user=2.37 sys=0.00, real=0.16 secs] 
2016-09-25T23:26:36.315-0400: 97.053: [Full GC (Ergonomics) [PSYoungGen: 86905K->0K(175104K)] [ParOldGen: 524256K->521100K(524288K)] 611162K->521100K(699392K), [Metaspace: 43971K->43971K(1087488K)], 0.0628981 secs] [Times: user=0.62 sys=0.00, real=0.06 secs] 
2016-09-25T23:26:36.410-0400: 97.148: [Full GC (Ergonomics) [PSYoungGen: 87979K->11025K(175104K)] [ParOldGen: 523800K->522885K(524288K)] 611779K->533910K(699392K), [Metaspace: 43971K->43971K(1087488K)], 0.1744939 secs] [Times: user=2.46 sys=0.03, real=0.18 secs] 
2016-09-25T23:26:36.630-0400: 97.368: [Full GC (Ergonomics) [PSYoungGen: 88064K->5402K(175104K)] [ParOldGen: 523047K->523625K(524288K)] 611111K->529027K(699392K), [Metaspace: 43971K->43971K(1087488K)], 0.1643136 secs] [Times: user=2.36 sys=0.01, real=0.17 secs] 
2016-09-25T23:26:36.823-0400: 97.561: [Full GC (Ergonomics) [PSYoungGen: 87658K->20671K(175104K)] [ParOldGen: 523625K->522871K(524288K)] 611283K->543542K(699392K), [Metaspace: 43971K->43971K(1087488K)], 0.1570951 secs] [Times: user=2.32 sys=0.00, real=0.15 secs] 
2016-09-25T23:26:37.020-0400: 97.758: [Full GC (Ergonomics) [PSYoungGen: 88064K->7006K(175104K)] [ParOldGen: 522871K->523520K(524288K)] 610935K->530526K(699392K), [Metaspace: 43971K->43971K(1087488K)], 0.1512475 secs] [Times: user=2.22 sys=0.01, real=0.15 secs] 
2016-09-25T23:26:37.202-0400: 97.940: [Full GC (Ergonomics) [PSYoungGen: 88064K->19399K(175104K)] [ParOldGen: 523520K->522739K(524288K)] 611584K->542138K(699392K), [Metaspace: 43971K->43971K(1087488K)], 0.1557746 secs] [Times: user=2.14 sys=0.01, real=0.16 secs] 
2016-09-25T23:26:37.397-0400: 98.135: [Full GC (Ergonomics) [PSYoungGen: 88064K->10881K(175104K)] [ParOldGen: 523370K->523604K(524288K)] 611434K->534485K(699392K), [Metaspace: 43971K->43971K(1087488K)], 0.1539186 secs] [Times: user=2.23 sys=0.01, real=0.15 secs] 
2016-09-25T23:26:37.575-0400: 98.313: [Full GC (Ergonomics) [PSYoungGen: 87902K->20409K(175104K)] [ParOldGen: 523604K->521684K(524288K)] 611506K->542093K(699392K), [Metaspace: 43971K->43971K(1087488K)], 0.1528100 secs] [Times: user=2.21 sys=0.01, real=0.15 secs] 
2016-09-25T23:26:37.755-0400: 98.493: [Full GC (Ergonomics) [PSYoungGen: 88064K->26230K(175104K)] [ParOldGen: 521856K->523167K(524288K)] 609920K->549398K(699392K), [Metaspace: 43971K->43971K(1087488K)], 0.1490765 secs] [Times: user=2.15 sys=0.02, real=0.15 secs] 
2016-09-25T23:26:37.939-0400: 98.677: [Full GC (Ergonomics) [PSYoungGen: 88064K->13569K(175104K)] [ParOldGen: 523230K->524233K(524288K)] 611294K->537803K(699392K), [Metaspace: 43971K->43971K(1087488K)], 0.1589690 secs] [Times: user=2.31 sys=0.02, real=0.16 secs] 
2016-09-25T23:26:38.141-0400: 98.879: [Full GC (Ergonomics) [PSYoungGen: 87745K->15279K(175104K)] [ParOldGen: 524233K->523133K(524288K)] 611979K->538413K(699392K), [Metaspace: 43971K->43971K(1087488K)], 0.1599826 secs] [Times: user=2.37 sys=0.01, real=0.16 secs] 
2016-09-25T23:26:38.326-0400: 99.064: [Full GC (Ergonomics) [PSYoungGen: 88064K->21979K(175104K)] [ParOldGen: 523711K->524014K(524288K)] 611775K->545994K(699392K), [Metaspace: 43971K->43971K(1087488K)], 0.1522163 secs] [Times: user=2.23 sys=0.02, real=0.15 secs] 
2016-09-25T23:26:38.516-0400: 99.254: [Full GC (Ergonomics) [PSYoungGen: 87871K->7065K(175104K)] [ParOldGen: 524014K->523237K(524288K)] 611886K->530302K(699392K), [Metaspace: 43971K->43971K(1087488K)], 0.1609496 secs] [Times: user=2.37 sys=0.01, real=0.16 secs] 
2016-09-25T23:26:38.708-0400: 99.446: [Full GC (Ergonomics) [PSYoungGen: 88064K->16511K(175104K)] [ParOldGen: 523531K->523723K(524288K)] 611595K->540234K(699392K), [Metaspace: 43971K->43971K(1087488K)], 0.1627954 secs] [Times: user=2.28 sys=0.04, real=0.16 secs] 
2016-09-25T23:26:38.907-0400: 99.645: [Full GC (Ergonomics) [PSYoungGen: 87168K->12573K(175104K)] [ParOldGen: 523723K->522947K(524288K)] 610891K->535521K(699392K), [Metaspace: 43971K->43971K(1087488K)], 0.1876713 secs] [Times: user=2.73 sys=0.02, real=0.19 secs] 
2016-09-25T23:26:39.126-0400: 99.864: [Full GC (Ergonomics) [PSYoungGen: 87677K->20795K(175104K)] [ParOldGen: 522947K->523494K(524288K)] 610624K->544290K(699392K), [Metaspace: 43971K->43971K(1087488K)], 0.1487144 secs] [Times: user=2.15 sys=0.01, real=0.15 secs] 
2016-09-25T23:26:39.313-0400: 100.051: [Full GC (Ergonomics) [PSYoungGen: 88064K->16450K(175104K)] [ParOldGen: 523534K->523970K(524288K)] 611598K->540420K(699392K), [Metaspace: 43971K->43971K(1087488K)], 0.1556961 secs] [Times: user=2.33 sys=0.01, real=0.16 secs] 
2016-09-25T23:26:39.500-0400: 100.238: [Full GC (Ergonomics) [PSYoungGen: 87560K->23295K(175104K)] [ParOldGen: 523970K->522194K(524288K)] 611530K->545489K(699392K), [Metaspace: 43971K->43971K(1087488K)], 0.1685490 secs] [Times: user=2.20 sys=0.02, real=0.17 secs] 
2016-09-25T23:26:39.689-0400: 100.427: [Full GC (Ergonomics) [PSYoungGen: 85707K->28910K(175104K)] [ParOldGen: 522194K->523740K(524288K)] 607902K->552651K(699392K), [Metaspace: 43971K->43971K(1087488K)], 0.1518270 secs] [Times: user=2.21 sys=0.02, real=0.15 secs] 
2016-09-25T23:26:39.883-0400: 100.621: [Full GC (Ergonomics) [PSYoungGen: 87957K->8580K(175104K)] [ParOldGen: 523740K->524226K(524288K)] 611698K->532806K(699392K), [Metaspace: 43971K->43971K(1087488K)], 0.1568604 secs] [Times: user=2.30 sys=0.01, real=0.15 secs] 
2016-09-25T23:26:40.058-0400: 100.796: [Full GC (Ergonomics) [PSYoungGen: 88064K->29886K(175104K)] [ParOldGen: 524287K->523910K(524288K)] 612351K->553796K(699392K), [Metaspace: 43971K->43971K(1087488K)], 0.1594199 secs] [Times: user=2.33 sys=0.02, real=0.16 secs] 
2016-09-25T23:26:40.253-0400: 100.991: [Full GC (Ergonomics) [PSYoungGen: 88064K->19355K(175104K)] [ParOldGen: 523968K->523778K(524288K)] 612032K->543134K(699392K), [Metaspace: 43971K->43971K(1087488K)], 0.1628202 secs] [Times: user=2.42 sys=0.00, real=0.17 secs] 
2016-09-25T23:26:40.443-0400: 101.181: [Full GC (Ergonomics) [PSYoungGen: 88021K->16519K(175104K)] [ParOldGen: 524153K->523588K(524288K)] 612175K->540107K(699392K), [Metaspace: 43971K->43971K(1087488K)], 0.1301146 secs] [Times: user=1.63 sys=0.00, real=0.12 secs] 
2016-09-25T23:26:40.604-0400: 101.342: [Full GC (Ergonomics) [PSYoungGen: 85707K->32840K(175104K)] [ParOldGen: 523588K->522241K(524288K)] 609295K->555082K(699392K), [Metaspace: 43971K->43971K(1087488K)], 0.1521271 secs] [Times: user=2.23 sys=0.01, real=0.15 secs] 
2016-09-25T23:26:40.789-0400: 101.527: [Full GC (Ergonomics) [PSYoungGen: 88064K->20838K(175104K)] [ParOldGen: 522746K->524002K(524288K)] 610810K->544840K(699392K), [Metaspace: 43971K->43971K(1087488K)], 0.1606082 secs] [Times: user=2.38 sys=0.01, real=0.16 secs] 
2016-09-25T23:26:40.975-0400: 101.713: [Full GC (Ergonomics) [PSYoungGen: 87169K->28712K(175104K)] [ParOldGen: 524002K->521985K(524288K)] 611171K->550698K(699392K), [Metaspace: 43971K->43971K(1087488K)], 0.1575997 secs] [Times: user=2.29 sys=0.01, real=0.15 secs] 
2016-09-25T23:26:41.164-0400: 101.902: [Full GC (Ergonomics) [PSYoungGen: 87087K->22102K(175104K)] [ParOldGen: 521985K->523392K(524288K)] 609073K->545495K(699392K), [Metaspace: 43971K->43971K(1087488K)], 0.1677411 secs] [Times: user=1.97 sys=0.01, real=0.16 secs] 
2016-09-25T23:26:41.365-0400: 102.103: [Full GC (Ergonomics) [PSYoungGen: 88064K->29990K(175104K)] [ParOldGen: 523414K->523988K(524288K)] 611478K->553979K(699392K), [Metaspace: 43971K->43971K(1087488K)], 0.1523634 secs] [Times: user=2.15 sys=0.02, real=0.15 secs] 
2016-09-25T23:26:41.542-0400: 102.281: [Full GC (Ergonomics) [PSYoungGen: 86920K->26286K(175104K)] [ParOldGen: 523988K->524243K(524288K)] 610909K->550529K(699392K), [Metaspace: 43971K->43971K(1087488K)], 0.1514437 secs] [Times: user=2.17 sys=0.00, real=0.14 secs] 
2016-09-25T23:26:41.728-0400: 102.467: [Full GC (Ergonomics) [PSYoungGen: 86722K->17846K(175104K)] [ParOldGen: 524243K->523496K(524288K)] 610966K->541343K(699392K), [Metaspace: 43971K->43971K(1087488K)], 0.1648135 secs] [Times: user=2.44 sys=0.00, real=0.16 secs] 
2016-09-25T23:26:41.916-0400: 102.654: [Full GC (Ergonomics) [PSYoungGen: 86688K->32861K(175104K)] [ParOldGen: 523496K->522444K(524288K)] 610185K->555306K(699392K), [Metaspace: 43971K->43971K(1087488K)], 0.1600229 secs] [Times: user=2.06 sys=0.01, real=0.16 secs] 
2016-09-25T23:26:42.103-0400: 102.841: [Full GC (Ergonomics) [PSYoungGen: 88064K->23540K(175104K)] [ParOldGen: 523911K->523888K(524288K)] 611975K->547429K(699392K), [Metaspace: 43971K->43971K(1087488K)], 0.2036133 secs] [Times: user=2.79 sys=0.01, real=0.20 secs] 
2016-09-25T23:26:42.338-0400: 103.076: [Full GC (Ergonomics) [PSYoungGen: 87562K->26142K(175104K)] [ParOldGen: 523888K->522973K(524288K)] 611450K->549116K(699392K), [Metaspace: 43971K->43971K(1087488K)], 0.1591051 secs] [Times: user=2.30 sys=0.02, real=0.16 secs] 
2016-09-25T23:26:42.517-0400: 103.255: [Full GC (Ergonomics) [PSYoungGen: 87181K->28713K(175104K)] [ParOldGen: 522973K->522223K(524288K)] 610155K->550936K(699392K), [Metaspace: 43971K->43971K(1087488K)], 0.1539828 secs] [Times: user=2.22 sys=0.00, real=0.15 secs] 
2016-09-25T23:26:42.707-0400: 103.445: [Full GC (Ergonomics) [PSYoungGen: 87980K->20676K(175104K)] [ParOldGen: 522223K->522258K(524288K)] 610203K->542935K(699392K), [Metaspace: 43971K->43971K(1087488K)], 0.1623185 secs] [Times: user=2.34 sys=0.01, real=0.16 secs] 
2016-09-25T23:26:42.900-0400: 103.638: [Full GC (Ergonomics) [PSYoungGen: 88064K->27371K(175104K)] [ParOldGen: 522678K->524150K(524288K)] 610742K->551522K(699392K), [Metaspace: 43971K->43971K(1087488K)], 0.1626057 secs] [Times: user=2.36 sys=0.01, real=0.17 secs] 
2016-09-25T23:26:43.087-0400: 103.825: [Full GC (Ergonomics) [PSYoungGen: 88064K->31580K(175104K)] [ParOldGen: 524287K->522964K(524288K)] 612351K->554544K(699392K), [Metaspace: 43971K->43971K(1087488K)], 0.1581654 secs] [Times: user=2.41 sys=0.02, real=0.16 secs] 
2016-09-25T23:26:43.271-0400: 104.009: [Full GC (Ergonomics) [PSYoungGen: 87227K->30194K(175104K)] [ParOldGen: 522964K->521878K(524288K)] 610191K->552073K(699392K), [Metaspace: 43971K->43971K(1087488K)], 0.1596160 secs] [Times: user=2.28 sys=0.00, real=0.16 secs] 
2016-09-25T23:26:43.461-0400: 104.199: [Full GC (Ergonomics) [PSYoungGen: 85814K->27663K(175104K)] [ParOldGen: 521878K->522094K(524288K)] 607693K->549757K(699392K), [Metaspace: 43971K->43971K(1087488K)], 0.1831477 secs] [Times: user=2.53 sys=0.03, real=0.19 secs] 
2016-09-25T23:26:43.665-0400: 104.403: [Full GC (Ergonomics) [PSYoungGen: 87221K->30282K(175104K)] [ParOldGen: 522094K->523863K(524288K)] 609316K->554145K(699392K), [Metaspace: 43971K->43971K(1087488K)], 0.1529762 secs] [Times: user=2.18 sys=0.00, real=0.15 secs] 
2016-09-25T23:26:43.849-0400: 104.587: [Full GC (Ergonomics) [PSYoungGen: 86947K->20795K(175104K)] [ParOldGen: 523863K->524167K(524288K)] 610811K->544963K(699392K), [Metaspace: 43972K->43972K(1087488K)], 0.1702336 secs] [Times: user=2.41 sys=0.00, real=0.17 secs] 
2016-09-25T23:26:44.048-0400: 104.786: [Full GC (Ergonomics) [PSYoungGen: 87088K->24792K(175104K)] [ParOldGen: 524167K->523028K(524288K)] 611256K->547821K(699392K), [Metaspace: 43972K->43972K(1087488K)], 0.1507079 secs] [Times: user=2.10 sys=0.01, real=0.15 secs] 
2016-09-25T23:26:44.215-0400: 104.953: [Full GC (Ergonomics) [PSYoungGen: 86411K->38535K(175104K)] [ParOldGen: 523028K->523356K(524288K)] 609439K->561891K(699392K), [Metaspace: 43980K->43980K(1087488K)], 0.1648371 secs] [Times: user=2.44 sys=0.01, real=0.16 secs] 
2016-09-25T23:26:44.408-0400: 105.146: [Full GC (Ergonomics) [PSYoungGen: 88061K->27557K(175104K)] [ParOldGen: 523420K->523699K(524288K)] 611482K->551257K(699392K), [Metaspace: 43980K->43980K(1087488K)], 0.1683961 secs] [Times: user=2.54 sys=0.01, real=0.17 secs] 
2016-09-25T23:26:44.604-0400: 105.342: [Full GC (Ergonomics) [PSYoungGen: 88064K->24644K(175104K)] [ParOldGen: 523797K->524112K(524288K)] 611861K->548757K(699392K), [Metaspace: 43983K->43983K(1087488K)], 0.1573842 secs] [Times: user=2.33 sys=0.01, real=0.15 secs] 
2016-09-25T23:26:44.785-0400: 105.523: [Full GC (Ergonomics) [PSYoungGen: 87885K->30503K(175104K)] [ParOldGen: 524112K->524237K(524288K)] 611997K->554741K(699392K), [Metaspace: 43983K->43983K(1087488K)], 0.1608161 secs] [Times: user=2.38 sys=0.02, real=0.16 secs] 
2016-09-25T23:26:44.968-0400: 105.707: [Full GC (Ergonomics) [PSYoungGen: 87140K->34359K(175104K)] [ParOldGen: 524237K->523301K(524288K)] 611377K->557661K(699392K), [Metaspace: 43985K->43985K(1087488K)], 0.1331241 secs] [Times: user=1.86 sys=0.00, real=0.13 secs] 
2016-09-25T23:26:45.126-0400: 105.864: [Full GC (Ergonomics) [PSYoungGen: 86769K->31684K(175104K)] [ParOldGen: 523301K->523492K(524288K)] 610070K->555176K(699392K), [Metaspace: 43985K->43985K(1087488K)], 0.1662495 secs] [Times: user=2.42 sys=0.03, real=0.16 secs] 
2016-09-25T23:26:45.318-0400: 106.056: [Full GC (Ergonomics) [PSYoungGen: 87584K->24883K(175104K)] [ParOldGen: 523492K->523993K(524288K)] 611076K->548877K(699392K), [Metaspace: 43985K->43985K(1087488K)], 0.1492772 secs] [Times: user=2.16 sys=0.01, real=0.15 secs] 
2016-09-25T23:26:45.489-0400: 106.227: [Full GC (Ergonomics) [PSYoungGen: 87146K->35691K(175104K)] [ParOldGen: 523993K->521634K(524288K)] 611139K->557326K(699392K), [Metaspace: 43985K->43985K(1087488K)], 0.1436167 secs] [Times: user=2.08 sys=0.01, real=0.14 secs] 
2016-09-25T23:26:45.662-0400: 106.400: [Full GC (Ergonomics) [PSYoungGen: 88064K->35510K(175104K)] [ParOldGen: 521830K->523188K(524288K)] 609894K->558699K(699392K), [Metaspace: 43985K->43985K(1087488K)], 0.1783732 secs] [Times: user=2.52 sys=0.01, real=0.17 secs] 
2016-09-25T23:26:45.856-0400: 106.594: [Full GC (Ergonomics) [PSYoungGen: 88064K->30580K(175104K)] [ParOldGen: 523238K->523054K(524288K)] 611302K->553634K(699392K), [Metaspace: 43985K->43985K(1087488K)], 0.1602043 secs] [Times: user=2.36 sys=0.01, real=0.16 secs] 
2016-09-25T23:26:46.034-0400: 106.772: [Full GC (Ergonomics) [PSYoungGen: 88064K->37024K(175104K)] [ParOldGen: 523163K->523536K(524288K)] 611227K->560561K(699392K), [Metaspace: 43985K->43985K(1087488K)], 0.1612441 secs] [Times: user=2.23 sys=0.00, real=0.16 secs] 
2016-09-25T23:26:46.226-0400: 106.964: [Full GC (Ergonomics) [PSYoungGen: 85810K->28882K(175104K)] [ParOldGen: 523536K->522305K(524288K)] 609347K->551188K(699392K), [Metaspace: 43985K->43985K(1087488K)], 0.1537784 secs] [Times: user=2.23 sys=0.02, real=0.15 secs] 
2016-09-25T23:26:46.402-0400: 107.140: [Full GC (Ergonomics) [PSYoungGen: 88064K->30164K(175104K)] [ParOldGen: 522305K->522708K(524288K)] 610369K->552872K(699392K), [Metaspace: 43985K->43985K(1087488K)], 0.1609568 secs] [Times: user=2.39 sys=0.01, real=0.17 secs] 
2016-09-25T23:26:46.586-0400: 107.324: [Full GC (Ergonomics) [PSYoungGen: 88064K->38572K(175104K)] [ParOldGen: 522732K->524141K(524288K)] 610796K->562713K(699392K), [Metaspace: 43985K->43985K(1087488K)], 0.1667408 secs] [Times: user=2.42 sys=0.01, real=0.16 secs] 
2016-09-25T23:26:46.777-0400: 107.515: [Full GC (Ergonomics) [PSYoungGen: 88064K->37030K(175104K)] [ParOldGen: 524286K->523086K(524288K)] 612350K->560117K(699392K), [Metaspace: 43985K->43985K(1087488K)], 0.1489703 secs] [Times: user=2.21 sys=0.00, real=0.15 secs] 
2016-09-25T23:26:46.947-0400: 107.685: [Full GC (Ergonomics) [PSYoungGen: 88064K->22168K(175104K)] [ParOldGen: 523114K->523391K(524288K)] 611178K->545560K(699392K), [Metaspace: 43985K->43985K(1087488K)], 0.1662329 secs] [Times: user=2.43 sys=0.02, real=0.16 secs] 
2016-09-25T23:26:47.135-0400: 107.873: [Full GC (Ergonomics) [PSYoungGen: 86555K->34288K(175104K)] [ParOldGen: 523391K->523736K(524288K)] 609947K->558024K(699392K), [Metaspace: 43985K->43985K(1087488K)], 0.1712496 secs] [Times: user=2.51 sys=0.01, real=0.17 secs] 
2016-09-25T23:26:47.332-0400: 108.070: [Full GC (Ergonomics) [PSYoungGen: 88064K->31764K(175104K)] [ParOldGen: 523820K->523736K(524288K)] 611884K->555500K(699392K), [Metaspace: 43985K->43985K(1087488K)], 0.1676152 secs] [Times: user=2.48 sys=0.00, real=0.17 secs] 
2016-09-25T23:26:47.529-0400: 108.267: [Full GC (Ergonomics) [PSYoungGen: 86099K->27815K(175104K)] [ParOldGen: 523736K->524133K(524288K)] 609835K->551948K(699392K), [Metaspace: 43985K->43985K(1087488K)], 0.1737418 secs] [Times: user=2.48 sys=0.00, real=0.18 secs] 
2016-09-25T23:26:47.726-0400: 108.464: [Full GC (Ergonomics) [PSYoungGen: 87531K->41123K(175104K)] [ParOldGen: 524133K->523126K(524288K)] 611665K->564250K(699392K), [Metaspace: 43985K->43985K(1087488K)], 0.2088334 secs] [Times: user=2.55 sys=0.04, real=0.21 secs] 
2016-09-25T23:26:47.953-0400: 108.691: [Full GC (Ergonomics) [PSYoungGen: 86124K->38483K(175104K)] [ParOldGen: 523126K->523278K(524288K)] 609251K->561762K(699392K), [Metaspace: 43985K->43985K(1087488K)], 0.1617873 secs] [Times: user=2.42 sys=0.00, real=0.17 secs] 
2016-09-25T23:26:48.138-0400: 108.876: [Full GC (Ergonomics) [PSYoungGen: 88064K->35687K(175104K)] [ParOldGen: 523329K->522230K(524288K)] 611393K->557917K(699392K), [Metaspace: 43985K->43985K(1087488K)], 0.1632038 secs] [Times: user=2.36 sys=0.01, real=0.16 secs] 
2016-09-25T23:26:48.327-0400: 109.065: [Full GC (Ergonomics) [PSYoungGen: 86786K->27716K(175104K)] [ParOldGen: 523580K->523772K(524288K)] 610366K->551489K(699392K), [Metaspace: 43985K->43985K(1087488K)], 0.1665745 secs] [Times: user=2.32 sys=0.01, real=0.16 secs] 
2016-09-25T23:26:48.512-0400: 109.250: [Full GC (Ergonomics) [PSYoungGen: 86974K->41339K(175104K)] [ParOldGen: 523772K->524009K(524288K)] 610746K->565348K(699392K), [Metaspace: 43985K->43985K(1087488K)], 0.1633087 secs] [Times: user=2.31 sys=0.01, real=0.17 secs] 
2016-09-25T23:26:48.704-0400: 109.442: [Full GC (Ergonomics) [PSYoungGen: 86183K->44010K(175104K)] [ParOldGen: 524009K->524197K(524288K)] 610192K->568208K(699392K), [Metaspace: 43985K->43985K(1087488K)], 0.1585087 secs] [Times: user=2.25 sys=0.00, real=0.16 secs] 
2016-09-25T23:26:48.882-0400: 109.620: [Full GC (Ergonomics) [PSYoungGen: 88064K->31763K(175104K)] [ParOldGen: 524242K->523061K(524288K)] 612306K->554825K(699392K), [Metaspace: 43985K->43985K(1087488K)], 0.1672247 secs] [Times: user=2.44 sys=0.00, real=0.16 secs] 
2016-09-25T23:26:49.083-0400: 109.821: [Full GC (Ergonomics) [PSYoungGen: 87120K->34752K(175104K)] [ParOldGen: 523061K->521854K(524288K)] 610181K->556607K(699392K), [Metaspace: 43985K->43985K(1087488K)], 0.1682501 secs] [Times: user=1.96 sys=0.00, real=0.16 secs] 
2016-09-25T23:26:49.275-0400: 110.013: [Full GC (Ergonomics) [PSYoungGen: 88064K->36988K(175104K)] [ParOldGen: 522146K->522576K(524288K)] 610210K->559564K(699392K), [Metaspace: 43985K->43985K(1087488K)], 0.1574001 secs] [Times: user=1.95 sys=0.01, real=0.15 secs] 
2016-09-25T23:26:49.459-0400: 110.197: [Full GC (Ergonomics) [PSYoungGen: 87571K->33148K(175104K)] [ParOldGen: 522576K->523806K(524288K)] 610147K->556954K(699392K), [Metaspace: 43986K->43986K(1087488K)], 0.1778686 secs] [Times: user=2.32 sys=0.01, real=0.18 secs] 
2016-09-25T23:26:49.668-0400: 110.406: [Full GC (Ergonomics) [PSYoungGen: 88064K->38692K(175104K)] [ParOldGen: 524066K->522534K(524288K)] 612130K->561227K(699392K), [Metaspace: 43986K->43986K(1087488K)], 0.1993998 secs] [Times: user=2.45 sys=0.03, real=0.20 secs] 
2016-09-25T23:26:49.890-0400: 110.628: [Full GC (Ergonomics) [PSYoungGen: 88064K->41331K(175104K)] [ParOldGen: 524137K->522884K(524288K)] 612201K->564215K(699392K), [Metaspace: 43986K->43986K(1087488K)], 0.1587895 secs] [Times: user=2.15 sys=0.02, real=0.16 secs] 
2016-09-25T23:26:50.074-0400: 110.812: [Full GC (Ergonomics) [PSYoungGen: 87331K->31875K(175104K)] [ParOldGen: 524234K->521671K(524288K)] 611565K->553546K(699392K), [Metaspace: 43986K->43986K(1087488K)], 0.1846499 secs] [Times: user=2.42 sys=0.01, real=0.19 secs] 
2016-09-25T23:26:50.296-0400: 111.034: [Full GC (Ergonomics) [PSYoungGen: 88034K->34780K(175104K)] [ParOldGen: 523021K->523360K(524288K)] 611055K->558140K(699392K), [Metaspace: 43986K->43986K(1087488K)], 0.1585729 secs] [Times: user=1.81 sys=0.01, real=0.16 secs] 
2016-09-25T23:26:50.477-0400: 111.215: [Full GC (Ergonomics) [PSYoungGen: 85491K->45333K(175104K)] [ParOldGen: 523360K->522327K(524288K)] 608852K->567660K(699392K), [Metaspace: 43987K->43987K(1087488K)], 0.1611440 secs] [Times: user=2.30 sys=0.04, real=0.16 secs] 
2016-09-25T23:26:50.659-0400: 111.397: [Full GC (Ergonomics) [PSYoungGen: 88064K->45334K(175104K)] [ParOldGen: 522592K->522551K(524288K)] 610656K->567886K(699392K), [Metaspace: 43987K->43987K(1087488K)], 0.1637559 secs] [Times: user=2.20 sys=0.01, real=0.17 secs] 
2016-09-25T23:26:50.853-0400: 111.591: [Full GC (Ergonomics) [PSYoungGen: 86665K->34323K(175104K)] [ParOldGen: 522551K->522731K(524288K)] 609217K->557055K(699392K), [Metaspace: 43988K->43988K(1087488K)], 0.1662867 secs] [Times: user=2.07 sys=0.01, real=0.17 secs] 
2016-09-25T23:26:51.037-0400: 111.775: [Full GC (Ergonomics) [PSYoungGen: 88064K->41238K(175104K)] [ParOldGen: 522828K->524238K(524288K)] 610892K->565476K(699392K), [Metaspace: 43988K->43988K(1087488K)], 0.1626489 secs] [Times: user=2.39 sys=0.02, real=0.16 secs] 
2016-09-25T23:26:51.216-0400: 111.954: [Full GC (Ergonomics) [PSYoungGen: 88064K->46751K(175104K)] [ParOldGen: 524287K->523135K(524288K)] 612351K->569887K(699392K), [Metaspace: 43988K->43988K(1087488K)], 0.2016646 secs] [Times: user=2.53 sys=0.00, real=0.20 secs] 
2016-09-25T23:26:51.448-0400: 112.186: [Full GC (Ergonomics) [PSYoungGen: 88064K->42574K(175104K)] [ParOldGen: 523306K->523296K(524288K)] 611370K->565871K(699392K), [Metaspace: 43991K->43991K(1087488K)], 0.1651632 secs] [Times: user=2.16 sys=0.02, real=0.16 secs] 
2016-09-25T23:26:51.635-0400: 112.373: [Full GC (Ergonomics) [PSYoungGen: 87857K->35634K(175104K)] [ParOldGen: 523296K->523639K(524288K)] 611153K->559273K(699392K), [Metaspace: 43991K->43991K(1087488K)], 0.1684754 secs] [Times: user=2.35 sys=0.00, real=0.17 secs] 
2016-09-25T23:26:51.828-0400: 112.566: [Full GC (Ergonomics) [PSYoungGen: 88064K->42589K(175104K)] [ParOldGen: 523711K->523611K(524288K)] 611775K->566200K(699392K), [Metaspace: 43991K->43991K(1087488K)], 0.1823033 secs] [Times: user=2.33 sys=0.02, real=0.18 secs] 
2016-09-25T23:26:52.041-0400: 112.779: [Full GC (Ergonomics) [PSYoungGen: 86072K->38683K(175104K)] [ParOldGen: 523611K->522407K(524288K)] 609683K->561090K(699392K), [Metaspace: 43991K->43991K(1087488K)], 0.1756897 secs] [Times: user=1.98 sys=0.06, real=0.18 secs] 
2016-09-25T23:26:52.229-0400: 112.967: [Full GC (Ergonomics) [PSYoungGen: 88064K->44204K(175104K)] [ParOldGen: 522893K->522844K(524288K)] 610957K->567048K(699392K), [Metaspace: 43991K->43991K(1087488K)], 0.1669695 secs] [Times: user=2.38 sys=0.02, real=0.17 secs] 
2016-09-25T23:26:52.416-0400: 113.154: [Full GC (Ergonomics) [PSYoungGen: 88064K->48001K(175104K)] [ParOldGen: 523086K->521535K(524288K)] 611150K->569537K(699392K), [Metaspace: 43991K->43991K(1087488K)], 0.1464420 secs] [Times: user=1.74 sys=0.01, real=0.15 secs] 
2016-09-25T23:26:52.593-0400: 113.331: [Full GC (Ergonomics) [PSYoungGen: 86024K->38368K(175104K)] [ParOldGen: 524235K->523152K(524288K)] 610260K->561520K(699392K), [Metaspace: 43992K->43992K(1087488K)], 0.1886174 secs] [Times: user=2.44 sys=0.01, real=0.20 secs] 
2016-09-25T23:26:52.799-0400: 113.537: [Full GC (Ergonomics) [PSYoungGen: 88064K->41376K(175104K)] [ParOldGen: 523160K->522991K(524288K)] 611224K->564368K(699392K), [Metaspace: 43992K->43992K(1087488K)], 0.1754159 secs] [Times: user=2.56 sys=0.01, real=0.18 secs] 
2016-09-25T23:26:52.993-0400: 113.731: [Full GC (Ergonomics) [PSYoungGen: 88064K->49508K(175104K)] [ParOldGen: 523106K->521783K(524288K)] 611170K->571291K(699392K), [Metaspace: 43992K->43992K(1087488K)], 0.1595250 secs] [Times: user=2.27 sys=0.01, real=0.16 secs] 
2016-09-25T23:26:53.174-0400: 113.912: [Full GC (Ergonomics) [PSYoungGen: 88064K->31771K(175104K)] [ParOldGen: 521826K->524259K(524288K)] 609890K->556030K(699392K), [Metaspace: 43992K->43992K(1087488K)], 0.1910800 secs] [Times: user=2.83 sys=0.01, real=0.19 secs] 
2016-09-25T23:26:53.396-0400: 114.134: [Full GC (Ergonomics) [PSYoungGen: 88064K->38780K(175104K)] [ParOldGen: 524277K->521630K(524288K)] 612341K->560411K(699392K), [Metaspace: 43992K->43992K(1087488K)], 0.1791277 secs] [Times: user=2.64 sys=0.01, real=0.18 secs] 
2016-09-25T23:26:53.602-0400: 114.340: [Full GC (Ergonomics) [PSYoungGen: 87576K->41472K(175104K)] [ParOldGen: 522980K->523110K(524288K)] 610557K->564583K(699392K), [Metaspace: 43992K->43992K(1087488K)], 0.1824383 secs] [Times: user=2.54 sys=0.03, real=0.19 secs] 
2016-09-25T23:26:53.821-0400: 114.559: [Full GC (Ergonomics) [PSYoungGen: 88064K->25123K(175104K)] [ParOldGen: 523571K->523063K(524288K)] 611635K->548186K(699392K), [Metaspace: 43992K->43992K(1087488K)], 0.1891932 secs] [Times: user=2.13 sys=0.02, real=0.19 secs] 
2016-09-25T23:26:54.031-0400: 114.769: [Full GC (Ergonomics) [PSYoungGen: 88062K->44201K(175104K)] [ParOldGen: 523086K->521643K(524288K)] 611148K->565845K(699392K), [Metaspace: 43992K->43992K(1087488K)], 0.1803107 secs] [Times: user=2.42 sys=0.00, real=0.18 secs] 
2016-09-25T23:26:54.230-0400: 114.968: [Full GC (Ergonomics) [PSYoungGen: 88064K->50706K(175104K)] [ParOldGen: 521836K->521979K(524288K)] 609900K->572685K(699392K), [Metaspace: 43992K->43992K(1087488K)], 0.1653169 secs] [Times: user=2.19 sys=0.02, real=0.17 secs] 
2016-09-25T23:26:54.422-0400: 115.160: [Full GC (Ergonomics) [PSYoungGen: 88064K->35885K(175104K)] [ParOldGen: 522550K->523906K(524288K)] 610614K->559792K(699392K), [Metaspace: 43995K->43995K(1087488K)], 0.1709682 secs] [Times: user=2.20 sys=0.02, real=0.17 secs] 
2016-09-25T23:26:54.621-0400: 115.359: [Full GC (Ergonomics) [PSYoungGen: 86752K->34540K(175104K)] [ParOldGen: 523906K->522599K(524288K)] 610659K->557139K(699392K), [Metaspace: 43995K->43995K(1087488K)], 0.1623648 secs] [Times: user=1.88 sys=0.01, real=0.17 secs] 
2016-09-25T23:26:54.807-0400: 115.545: [Full GC (Ergonomics) [PSYoungGen: 88064K->39964K(175104K)] [ParOldGen: 524118K->524026K(524288K)] 612182K->563990K(699392K), [Metaspace: 43995K->43995K(1087488K)], 0.2029329 secs] [Times: user=2.76 sys=0.00, real=0.20 secs] 
2016-09-25T23:26:55.035-0400: 115.773: [Full GC (Ergonomics) [PSYoungGen: 88064K->44237K(175104K)] [ParOldGen: 524180K->522481K(524288K)] 612244K->566718K(699392K), [Metaspace: 43995K->43995K(1087488K)], 0.1872559 secs] [Times: user=2.42 sys=0.00, real=0.19 secs] 
2016-09-25T23:26:55.241-0400: 115.979: [Full GC (Ergonomics) [PSYoungGen: 88064K->50805K(175104K)] [ParOldGen: 522635K->524119K(524288K)] 610699K->574924K(699392K), [Metaspace: 43995K->43995K(1087488K)], 0.1732310 secs] [Times: user=2.49 sys=0.00, real=0.18 secs] 
2016-09-25T23:26:55.439-0400: 116.177: [Full GC (Ergonomics) [PSYoungGen: 88064K->42609K(175104K)] [ParOldGen: 524285K->524212K(524288K)] 612349K->566822K(699392K), [Metaspace: 44003K->44003K(1087488K)], 0.1876049 secs] [Times: user=2.76 sys=0.02, real=0.19 secs] 
2016-09-25T23:26:55.642-0400: 116.380: [Full GC (Ergonomics) [PSYoungGen: 88064K->39993K(175104K)] [ParOldGen: 524212K->524052K(524288K)] 612276K->564046K(699392K), [Metaspace: 44003K->44003K(1087488K)], 0.1888588 secs] [Times: user=2.64 sys=0.01, real=0.18 secs] 
2016-09-25T23:26:55.873-0400: 116.611: [Full GC (Ergonomics) [PSYoungGen: 88064K->12825K(175104K)] [ParOldGen: 524057K->523861K(524288K)] 612121K->536687K(699392K), [Metaspace: 44034K->44034K(1087488K)], 0.2117778 secs] [Times: user=3.16 sys=0.01, real=0.22 secs] 
2016-09-25T23:27:00.297-0400: 121.035: [Full GC (Ergonomics) [PSYoungGen: 88064K->0K(175104K)] [ParOldGen: 523864K->505548K(524288K)] 611928K->505548K(699392K), [Metaspace: 44102K->44102K(1087488K)], 0.0974700 secs] [Times: user=0.93 sys=0.01, real=0.10 secs] 
2016-09-25T23:27:04.407-0400: 125.145: [Full GC (Ergonomics) [PSYoungGen: 88064K->0K(175104K)] [ParOldGen: 505548K->507646K(524288K)] 593612K->507646K(699392K), [Metaspace: 44106K->44106K(1087488K)], 0.1411783 secs] [Times: user=1.55 sys=0.01, real=0.14 secs] 
2016-09-25T23:27:09.299-0400: 130.037: [Full GC (Ergonomics) [PSYoungGen: 88064K->0K(175104K)] [ParOldGen: 507646K->512559K(524288K)] 595710K->512559K(699392K), [Metaspace: 44107K->44107K(1087488K)], 0.1374903 secs] [Times: user=1.18 sys=0.02, real=0.14 secs] 
2016-09-25T23:27:14.170-0400: 134.909: [Full GC (Ergonomics) [PSYoungGen: 88064K->0K(175104K)] [ParOldGen: 512559K->510054K(524288K)] 600623K->510054K(699392K), [Metaspace: 44117K->44117K(1087488K)], 0.1211554 secs] [Times: user=0.96 sys=0.02, real=0.12 secs] 
2016-09-25T23:27:19.169-0400: 139.907: [Full GC (Ergonomics) [PSYoungGen: 88064K->0K(175104K)] [ParOldGen: 510054K->509794K(524288K)] 598118K->509794K(699392K), [Metaspace: 44135K->44135K(1087488K)], 0.1207539 secs] [Times: user=0.98 sys=0.02, real=0.12 secs] 
2016-09-25T23:27:24.089-0400: 144.827: [Full GC (Ergonomics) [PSYoungGen: 88064K->0K(175104K)] [ParOldGen: 509794K->486191K(524288K)] 597858K->486191K(699392K), [Metaspace: 44141K->44141K(1087488K)], 0.1261202 secs] [Times: user=1.18 sys=0.01, real=0.13 secs] 
