Java HotSpot(TM) 64-Bit Server VM (25.101-b13) for linux-amd64 JRE (1.8.0_101-b13), built on Jun 22 2016 02:59:44 by "java_re" with gcc 4.3.0 20080428 (Red Hat 4.3.0-8)
Memory: 4k page, physical 264122320k(221589100k free), swap 268399612k(268399612k free)
CommandLine flags: -XX:GCLogFileSize=1048576 -XX:+HeapDumpOnOutOfMemoryError -XX:HeapDumpPath=artifacts/heapdump -XX:InitialHeapSize=805306368 -XX:MaxHeapSize=805306368 -XX:NumberOfGCLogFiles=10 -XX:+PrintGC -XX:+PrintGCDateStamps -XX:+PrintGCDetails -XX:+PrintGCTimeStamps -XX:+UseCompressedClassPointers -XX:+UseCompressedOops -XX:+UseGCLogFileRotation -XX:+UseParallelGC 
2016-09-24T03:12:52.251-0400: 2.238: [GC (Metadata GC Threshold) [PSYoungGen: 121898K->15519K(229376K)] 121898K->15607K(753664K), 0.0196765 secs] [Times: user=0.11 sys=0.00, real=0.02 secs] 
2016-09-24T03:12:52.270-0400: 2.257: [Full GC (Metadata GC Threshold) [PSYoungGen: 15519K->0K(229376K)] [ParOldGen: 88K->14600K(346112K)] 15607K->14600K(575488K), [Metaspace: 21069K->21069K(1067008K)], 0.0413136 secs] [Times: user=0.33 sys=0.00, real=0.04 secs] 
2016-09-24T03:12:54.099-0400: 4.086: [GC (Metadata GC Threshold) [PSYoungGen: 125209K->15134K(229376K)] 139809K->29870K(575488K), 0.0166204 secs] [Times: user=0.15 sys=0.00, real=0.02 secs] 
2016-09-24T03:12:54.116-0400: 4.103: [Full GC (Metadata GC Threshold) [PSYoungGen: 15134K->0K(229376K)] [ParOldGen: 14736K->20579K(524288K)] 29870K->20579K(753664K), [Metaspace: 34973K->34973K(1079296K)], 0.0542340 secs] [Times: user=0.45 sys=0.01, real=0.05 secs] 
2016-09-24T03:12:55.907-0400: 5.893: [GC (GCLocker Initiated GC) [PSYoungGen: 195515K->32764K(229376K)] 218795K->58973K(753664K), 0.0122715 secs] [Times: user=0.12 sys=0.01, real=0.01 secs] 
2016-09-24T03:12:56.095-0400: 6.082: [GC (GCLocker Initiated GC) [PSYoungGen: 229372K->31351K(229376K)] 255815K->65902K(753664K), 0.0204606 secs] [Times: user=0.27 sys=0.03, real=0.02 secs] 
2016-09-24T03:12:56.230-0400: 6.217: [GC (GCLocker Initiated GC) [PSYoungGen: 227959K->32757K(229376K)] 267969K->105320K(753664K), 0.0087400 secs] [Times: user=0.14 sys=0.01, real=0.01 secs] 
2016-09-24T03:12:56.347-0400: 6.334: [GC (GCLocker Initiated GC) [PSYoungGen: 229365K->32737K(162816K)] 310076K->124489K(687104K), 0.0071252 secs] [Times: user=0.09 sys=0.02, real=0.00 secs] 
2016-09-24T03:12:56.420-0400: 6.407: [GC (GCLocker Initiated GC) [PSYoungGen: 162785K->62986K(193536K)] 258627K->158836K(717824K), 0.0069053 secs] [Times: user=0.10 sys=0.00, real=0.01 secs] 
2016-09-24T03:12:56.507-0400: 6.494: [GC (GCLocker Initiated GC) [PSYoungGen: 193034K->67643K(161792K)] 297114K->178194K(686080K), 0.0092697 secs] [Times: user=0.15 sys=0.02, real=0.01 secs] 
2016-09-24T03:12:56.567-0400: 6.554: [GC (GCLocker Initiated GC) [PSYoungGen: 160827K->69872K(163328K)] 271504K->208141K(687616K), 0.0096867 secs] [Times: user=0.14 sys=0.02, real=0.01 secs] 
2016-09-24T03:12:56.620-0400: 6.607: [GC (GCLocker Initiated GC) [PSYoungGen: 163056K->67022K(175104K)] 301407K->232824K(699392K), 0.0090243 secs] [Times: user=0.11 sys=0.04, real=0.01 secs] 
2016-09-24T03:12:56.669-0400: 6.656: [GC (GCLocker Initiated GC) [PSYoungGen: 155086K->70986K(175104K)] 320973K->272348K(699392K), 0.0090167 secs] [Times: user=0.14 sys=0.03, real=0.01 secs] 
2016-09-24T03:12:56.726-0400: 6.713: [GC (GCLocker Initiated GC) [PSYoungGen: 159050K->54611K(175104K)] 362061K->271338K(699392K), 0.0096317 secs] [Times: user=0.10 sys=0.01, real=0.01 secs] 
2016-09-24T03:12:56.780-0400: 6.767: [GC (GCLocker Initiated GC) [PSYoungGen: 142675K->68204K(175104K)] 367650K->293404K(699392K), 0.0071661 secs] [Times: user=0.10 sys=0.01, real=0.01 secs] 
2016-09-24T03:12:56.835-0400: 6.822: [GC (GCLocker Initiated GC) [PSYoungGen: 156268K->57375K(175104K)] 384220K->297692K(699392K), 0.0221657 secs] [Times: user=0.37 sys=0.02, real=0.02 secs] 
2016-09-24T03:12:56.900-0400: 6.887: [GC (GCLocker Initiated GC) [PSYoungGen: 145439K->43825K(175104K)] 391283K->311460K(699392K), 0.0151851 secs] [Times: user=0.20 sys=0.01, real=0.02 secs] 
2016-09-24T03:12:56.952-0400: 6.939: [GC (GCLocker Initiated GC) [PSYoungGen: 131889K->60186K(175104K)] 402270K->349721K(699392K), 0.0079785 secs] [Times: user=0.12 sys=0.00, real=0.01 secs] 
2016-09-24T03:12:57.001-0400: 6.988: [GC (GCLocker Initiated GC) [PSYoungGen: 148250K->62822K(175104K)] 441622K->369917K(699392K), 0.0097443 secs] [Times: user=0.14 sys=0.02, real=0.01 secs] 
2016-09-24T03:12:57.063-0400: 7.050: [GC (GCLocker Initiated GC) [PSYoungGen: 150886K->39793K(175104K)] 458763K->361426K(699392K), 0.0121336 secs] [Times: user=0.16 sys=0.01, real=0.01 secs] 
2016-09-24T03:12:57.124-0400: 7.111: [GC (GCLocker Initiated GC) [PSYoungGen: 127857K->54721K(175104K)] 464407K->391526K(699392K), 0.0088966 secs] [Times: user=0.16 sys=0.00, real=0.00 secs] 
2016-09-24T03:12:57.174-0400: 7.161: [GC (GCLocker Initiated GC) [PSYoungGen: 142785K->50558K(168960K)] 485020K->411925K(693248K), 0.0069614 secs] [Times: user=0.08 sys=0.00, real=0.00 secs] 
2016-09-24T03:12:57.226-0400: 7.213: [GC (GCLocker Initiated GC) [PSYoungGen: 138622K->58676K(172032K)] 505643K->425887K(696320K), 0.0059254 secs] [Times: user=0.06 sys=0.00, real=0.00 secs] 
2016-09-24T03:12:57.277-0400: 7.264: [GC (GCLocker Initiated GC) [PSYoungGen: 146740K->60122K(176640K)] 516790K->441219K(700928K), 0.0070222 secs] [Times: user=0.07 sys=0.02, real=0.01 secs] 
2016-09-24T03:12:57.334-0400: 7.320: [GC (GCLocker Initiated GC) [PSYoungGen: 154842K->56086K(177664K)] 538751K->456458K(701952K), 0.0066444 secs] [Times: user=0.10 sys=0.00, real=0.01 secs] 
2016-09-24T03:12:57.390-0400: 7.377: [GC (GCLocker Initiated GC) [PSYoungGen: 150806K->61525K(177664K)] 551192K->462187K(701952K), 0.0062125 secs] [Times: user=0.09 sys=0.00, real=0.01 secs] 
2016-09-24T03:12:57.440-0400: 7.427: [GC (GCLocker Initiated GC) [PSYoungGen: 158293K->67003K(178176K)] 561746K->470839K(702464K), 0.0077364 secs] [Times: user=0.11 sys=0.01, real=0.01 secs] 
2016-09-24T03:12:57.489-0400: 7.476: [GC (GCLocker Initiated GC) [PSYoungGen: 163771K->73816K(171008K)] 567764K->491738K(695296K), 0.0074660 secs] [Times: user=0.10 sys=0.02, real=0.01 secs] 
2016-09-24T03:12:57.535-0400: 7.522: [GC (GCLocker Initiated GC) [PSYoungGen: 161880K->58934K(175104K)] 582545K->490835K(699392K), 0.0063947 secs] [Times: user=0.08 sys=0.01, real=0.00 secs] 
2016-09-24T03:12:57.590-0400: 7.577: [GC (GCLocker Initiated GC) [PSYoungGen: 146998K->63016K(172544K)] 581786K->509000K(696832K), 0.0068832 secs] [Times: user=0.07 sys=0.00, real=0.01 secs] 
2016-09-24T03:12:57.641-0400: 7.628: [GC (GCLocker Initiated GC) [PSYoungGen: 153640K->52184K(174592K)] 603911K->524514K(698880K), 0.0070249 secs] [Times: user=0.10 sys=0.00, real=0.01 secs] 
2016-09-24T03:12:57.692-0400: 7.679: [GC (GCLocker Initiated GC) [PSYoungGen: 142808K->45484K(176640K)] 620601K->550729K(700928K), 0.0076531 secs] [Times: user=0.09 sys=0.02, real=0.01 secs] 
2016-09-24T03:12:57.700-0400: 7.687: [Full GC (Ergonomics) [PSYoungGen: 45484K->0K(176640K)] [ParOldGen: 505244K->55397K(524288K)] 550729K->55397K(700928K), [Metaspace: 42891K->42880K(1085440K)], 0.1769816 secs] [Times: user=2.40 sys=0.03, real=0.18 secs] 
2016-09-24T03:12:57.937-0400: 7.924: [GC (GCLocker Initiated GC) [PSYoungGen: 95742K->64719K(177664K)] 154084K->123069K(701952K), 0.0056026 secs] [Times: user=0.08 sys=0.00, real=0.01 secs] 
2016-09-24T03:12:57.991-0400: 7.978: [GC (GCLocker Initiated GC) [PSYoungGen: 160463K->73830K(172544K)] 224373K->141173K(696832K), 0.0070859 secs] [Times: user=0.12 sys=0.00, real=0.01 secs] 
2016-09-24T03:12:58.047-0400: 8.034: [GC (GCLocker Initiated GC) [PSYoungGen: 163942K->67020K(157184K)] 231373K->136250K(681472K), 0.0064912 secs] [Times: user=0.10 sys=0.00, real=0.00 secs] 
2016-09-24T03:12:58.097-0400: 8.084: [GC (GCLocker Initiated GC) [PSYoungGen: 157132K->52088K(177152K)] 229151K->124481K(701440K), 0.0066852 secs] [Times: user=0.08 sys=0.00, real=0.01 secs] 
2016-09-24T03:12:58.154-0400: 8.141: [GC (GCLocker Initiated GC) [PSYoungGen: 142712K->53502K(144384K)] 217839K->146634K(668672K), 0.0176216 secs] [Times: user=0.25 sys=0.00, real=0.02 secs] 
2016-09-24T03:12:58.220-0400: 8.207: [GC (GCLocker Initiated GC) [PSYoungGen: 144126K->44194K(174080K)] 245588K->170360K(698368K), 0.0058837 secs] [Times: user=0.07 sys=0.00, real=0.01 secs] 
2016-09-24T03:12:58.284-0400: 8.271: [GC (GCLocker Initiated GC) [PSYoungGen: 134818K->60300K(174080K)] 270491K->196478K(698368K), 0.0058837 secs] [Times: user=0.08 sys=0.00, real=0.00 secs] 
2016-09-24T03:12:58.332-0400: 8.319: [GC (GCLocker Initiated GC) [PSYoungGen: 150924K->65716K(176128K)] 291056K->208959K(700416K), 0.0060403 secs] [Times: user=0.07 sys=0.00, real=0.01 secs] 
2016-09-24T03:12:58.386-0400: 8.372: [GC (GCLocker Initiated GC) [PSYoungGen: 159924K->52262K(177152K)] 309995K->223018K(701440K), 0.0056007 secs] [Times: user=0.07 sys=0.00, real=0.00 secs] 
2016-09-24T03:12:58.443-0400: 8.430: [GC (Allocation Failure) [PSYoungGen: 146470K->54852K(175616K)] 322392K->254173K(699904K), 0.0096744 secs] [Times: user=0.13 sys=0.01, real=0.00 secs] 
2016-09-24T03:12:58.531-0400: 8.518: [GC (GCLocker Initiated GC) [PSYoungGen: 151862K->48134K(177152K)] 353884K->250551K(701440K), 0.0060673 secs] [Times: user=0.06 sys=0.00, real=0.01 secs] 
2016-09-24T03:12:58.585-0400: 8.572: [GC (GCLocker Initiated GC) [PSYoungGen: 145926K->52248K(179200K)] 356493K->263283K(703488K), 0.0057357 secs] [Times: user=0.07 sys=0.00, real=0.00 secs] 
2016-09-24T03:12:58.644-0400: 8.631: [GC (GCLocker Initiated GC) [PSYoungGen: 156184K->75198K(179200K)] 370107K->300325K(703488K), 0.0077156 secs] [Times: user=0.11 sys=0.00, real=0.00 secs] 
2016-09-24T03:12:58.702-0400: 8.688: [GC (GCLocker Initiated GC) [PSYoungGen: 179134K->75180K(172544K)] 407053K->303487K(696832K), 0.0067026 secs] [Times: user=0.10 sys=0.01, real=0.01 secs] 
2016-09-24T03:12:58.755-0400: 8.742: [GC (GCLocker Initiated GC) [PSYoungGen: 165292K->69767K(160256K)] 400435K->324283K(684544K), 0.0066987 secs] [Times: user=0.09 sys=0.00, real=0.00 secs] 
2016-09-24T03:12:58.802-0400: 8.789: [GC (GCLocker Initiated GC) [PSYoungGen: 159879K->58888K(177152K)] 417155K->324637K(701440K), 0.0057886 secs] [Times: user=0.06 sys=0.00, real=0.01 secs] 
2016-09-24T03:12:58.846-0400: 8.833: [GC (GCLocker Initiated GC) [PSYoungGen: 149000K->65652K(156160K)] 417670K->345472K(680448K), 0.0067304 secs] [Times: user=0.06 sys=0.00, real=0.00 secs] 
2016-09-24T03:12:58.892-0400: 8.879: [GC (GCLocker Initiated GC) [PSYoungGen: 155764K->73816K(172032K)] 438369K->364916K(696320K), 0.0066444 secs] [Times: user=0.08 sys=0.01, real=0.01 secs] 
2016-09-24T03:12:58.945-0400: 8.932: [GC (GCLocker Initiated GC) [PSYoungGen: 161368K->76452K(174592K)] 457972K->373491K(698880K), 0.0072148 secs] [Times: user=0.10 sys=0.00, real=0.00 secs] 
2016-09-24T03:12:58.990-0400: 8.977: [GC (GCLocker Initiated GC) [PSYoungGen: 164004K->58966K(175104K)] 472028K->391701K(699392K), 0.0066695 secs] [Times: user=0.10 sys=0.00, real=0.01 secs] 
2016-09-24T03:12:59.049-0400: 9.036: [GC (GCLocker Initiated GC) [PSYoungGen: 147030K->54884K(175104K)] 488103K->409885K(699392K), 0.0070052 secs] [Times: user=0.10 sys=0.00, real=0.01 secs] 
2016-09-24T03:12:59.097-0400: 9.084: [GC (GCLocker Initiated GC) [PSYoungGen: 142948K->69734K(175104K)] 500759K->430697K(699392K), 0.0067655 secs] [Times: user=0.08 sys=0.00, real=0.01 secs] 
2016-09-24T03:12:59.151-0400: 9.138: [GC (GCLocker Initiated GC) [PSYoungGen: 157798K->54915K(143360K)] 528318K->440714K(667648K), 0.0060921 secs] [Times: user=0.07 sys=0.00, real=0.01 secs] 
2016-09-24T03:12:59.212-0400: 9.199: [GC (GCLocker Initiated GC) [PSYoungGen: 142979K->54870K(175104K)] 534249K->470859K(699392K), 0.0066834 secs] [Times: user=0.09 sys=0.00, real=0.01 secs] 
2016-09-24T03:12:59.266-0400: 9.253: [GC (GCLocker Initiated GC) [PSYoungGen: 143958K->68384K(174080K)] 562663K->488820K(698368K), 0.0059613 secs] [Times: user=0.09 sys=0.00, real=0.00 secs] 
2016-09-24T03:12:59.317-0400: 9.304: [GC (GCLocker Initiated GC) [PSYoungGen: 157472K->60348K(173568K)] 583326K->497389K(697856K), 0.0074612 secs] [Times: user=0.09 sys=0.00, real=0.01 secs] 
2016-09-24T03:12:59.369-0400: 9.356: [GC (GCLocker Initiated GC) [PSYoungGen: 151996K->65698K(175104K)] 594617K->508739K(699392K), 0.0063696 secs] [Times: user=0.08 sys=0.00, real=0.01 secs] 
2016-09-24T03:12:59.420-0400: 9.407: [GC (GCLocker Initiated GC) [PSYoungGen: 157346K->69752K(177664K)] 603151K->517372K(701952K), 0.0063446 secs] [Times: user=0.08 sys=0.00, real=0.01 secs] 
2016-09-24T03:12:59.467-0400: 9.454: [GC (GCLocker Initiated GC) [PSYoungGen: 164984K->61698K(157184K)] 612645K->534041K(681472K), 0.0068813 secs] [Times: user=0.08 sys=0.00, real=0.00 secs] 
2016-09-24T03:12:59.516-0400: 9.503: [GC (GCLocker Initiated GC) [PSYoungGen: 156930K->79262K(171520K)] 634923K->587384K(695808K), 0.0092897 secs] [Times: user=0.14 sys=0.00, real=0.01 secs] 
2016-09-24T03:12:59.526-0400: 9.513: [Full GC (Ergonomics) [PSYoungGen: 79262K->0K(171520K)] [ParOldGen: 508121K->70870K(524288K)] 587384K->70870K(695808K), [Metaspace: 43159K->43159K(1085440K)], 0.0524833 secs] [Times: user=0.40 sys=0.01, real=0.05 secs] 
2016-09-24T03:12:59.625-0400: 9.612: [GC (GCLocker Initiated GC) [PSYoungGen: 90112K->78186K(168448K)] 166301K->154376K(692736K), 0.0062885 secs] [Times: user=0.07 sys=0.00, real=0.00 secs] 
2016-09-24T03:12:59.678-0400: 9.665: [GC (GCLocker Initiated GC) [PSYoungGen: 168298K->41494K(175104K)] 258961K->161191K(699392K), 0.0054084 secs] [Times: user=0.07 sys=0.00, real=0.01 secs] 
2016-09-24T03:12:59.725-0400: 9.712: [GC (GCLocker Initiated GC) [PSYoungGen: 129558K->71024K(175104K)] 251964K->196580K(699392K), 0.0060998 secs] [Times: user=0.09 sys=0.00, real=0.00 secs] 
2016-09-24T03:12:59.776-0400: 9.763: [GC (GCLocker Initiated GC) [PSYoungGen: 159088K->75198K(175104K)] 284810K->202606K(699392K), 0.0065657 secs] [Times: user=0.09 sys=0.00, real=0.01 secs] 
2016-09-24T03:12:59.831-0400: 9.818: [GC (GCLocker Initiated GC) [PSYoungGen: 163262K->83188K(175104K)] 290752K->212416K(699392K), 0.0069028 secs] [Times: user=0.10 sys=0.01, real=0.01 secs] 
2016-09-24T03:12:59.879-0400: 9.866: [GC (GCLocker Initiated GC) [PSYoungGen: 171252K->61666K(175104K)] 304718K->226556K(699392K), 0.0070680 secs] [Times: user=0.11 sys=0.00, real=0.01 secs] 
2016-09-24T03:12:59.925-0400: 9.912: [GC (GCLocker Initiated GC) [PSYoungGen: 149730K->64320K(175104K)] 317418K->248636K(699392K), 0.0063858 secs] [Times: user=0.08 sys=0.01, real=0.00 secs] 
2016-09-24T03:12:59.969-0400: 9.956: [GC (GCLocker Initiated GC) [PSYoungGen: 152384K->67066K(175104K)] 342292K->273531K(699392K), 0.0072342 secs] [Times: user=0.11 sys=0.00, real=0.01 secs] 
2016-09-24T03:13:00.013-0400: 10.000: [GC (GCLocker Initiated GC) [PSYoungGen: 155130K->84616K(175104K)] 361745K->299759K(699392K), 0.0066396 secs] [Times: user=0.09 sys=0.00, real=0.01 secs] 
2016-09-24T03:13:00.055-0400: 10.042: [GC (GCLocker Initiated GC) [PSYoungGen: 172680K->69766K(175104K)] 390604K->301602K(699392K), 0.0097378 secs] [Times: user=0.14 sys=0.00, real=0.01 secs] 
2016-09-24T03:13:00.109-0400: 10.096: [GC (GCLocker Initiated GC) [PSYoungGen: 157830K->44006K(175104K)] 392499K->320965K(699392K), 0.0066185 secs] [Times: user=0.09 sys=0.00, real=0.01 secs] 
2016-09-24T03:13:00.161-0400: 10.148: [GC (GCLocker Initiated GC) [PSYoungGen: 132070K->61776K(175104K)] 417970K->350769K(699392K), 0.0062068 secs] [Times: user=0.09 sys=0.00, real=0.01 secs] 
2016-09-24T03:13:00.206-0400: 10.193: [GC (GCLocker Initiated GC) [PSYoungGen: 149840K->67084K(175104K)] 445721K->382387K(699392K), 0.0071423 secs] [Times: user=0.10 sys=0.00, real=0.00 secs] 
2016-09-24T03:13:00.255-0400: 10.242: [GC (GCLocker Initiated GC) [PSYoungGen: 155148K->73816K(175104K)] 473259K->403156K(699392K), 0.0072801 secs] [Times: user=0.10 sys=0.01, real=0.00 secs] 
2016-09-24T03:13:00.301-0400: 10.288: [GC (GCLocker Initiated GC) [PSYoungGen: 161880K->73848K(175104K)] 494153K->420056K(699392K), 0.0068879 secs] [Times: user=0.10 sys=0.00, real=0.01 secs] 
2016-09-24T03:13:00.350-0400: 10.337: [GC (GCLocker Initiated GC) [PSYoungGen: 161912K->71102K(175104K)] 510885K->436731K(699392K), 0.0075438 secs] [Times: user=0.10 sys=0.01, real=0.01 secs] 
2016-09-24T03:13:00.403-0400: 10.390: [GC (GCLocker Initiated GC) [PSYoungGen: 159166K->72420K(175104K)] 524859K->447936K(699392K), 0.0067139 secs] [Times: user=0.09 sys=0.00, real=0.00 secs] 
2016-09-24T03:13:00.448-0400: 10.435: [GC (GCLocker Initiated GC) [PSYoungGen: 160484K->73879K(175104K)] 538817K->487766K(699392K), 0.0086073 secs] [Times: user=0.13 sys=0.00, real=0.01 secs] 
2016-09-24T03:13:00.492-0400: 10.479: [GC (GCLocker Initiated GC) [PSYoungGen: 161943K->71179K(175104K)] 575917K->501852K(699392K), 0.0072428 secs] [Times: user=0.10 sys=0.00, real=0.01 secs] 
2016-09-24T03:13:00.540-0400: 10.527: [GC (GCLocker Initiated GC) [PSYoungGen: 159243K->80565K(175104K)] 592868K->514602K(699392K), 0.0068958 secs] [Times: user=0.10 sys=0.00, real=0.01 secs] 
2016-09-24T03:13:00.588-0400: 10.575: [GC (GCLocker Initiated GC) [PSYoungGen: 168629K->77897K(175104K)] 608185K->517864K(699392K), 0.0067228 secs] [Times: user=0.09 sys=0.00, real=0.01 secs] 
2016-09-24T03:13:00.642-0400: 10.629: [GC (GCLocker Initiated GC) [PSYoungGen: 165961K->53547K(175104K)] 621018K->508990K(699392K), 0.0061082 secs] [Times: user=0.06 sys=0.00, real=0.01 secs] 
2016-09-24T03:13:00.692-0400: 10.679: [GC (GCLocker Initiated GC) [PSYoungGen: 141611K->79170K(175104K)] 597126K->535133K(699392K), 0.0066678 secs] [Times: user=0.09 sys=0.00, real=0.01 secs] 
2016-09-24T03:13:00.738-0400: 10.725: [GC (GCLocker Initiated GC) [PSYoungGen: 167234K->61651K(175104K)] 623276K->549141K(699392K), 0.0073726 secs] [Times: user=0.10 sys=0.00, real=0.01 secs] 
2016-09-24T03:13:00.745-0400: 10.732: [Full GC (Ergonomics) [PSYoungGen: 61651K->0K(175104K)] [ParOldGen: 487489K->70594K(524288K)] 549141K->70594K(699392K), [Metaspace: 43230K->43230K(1085440K)], 0.0443165 secs] [Times: user=0.39 sys=0.00, real=0.04 secs] 
2016-09-24T03:13:00.824-0400: 10.811: [GC (GCLocker Initiated GC) [PSYoungGen: 88064K->75613K(175104K)] 164227K->151777K(699392K), 0.0086378 secs] [Times: user=0.10 sys=0.00, real=0.00 secs] 
2016-09-24T03:13:00.872-0400: 10.859: [GC (GCLocker Initiated GC) [PSYoungGen: 163677K->80487K(175104K)] 242698K->165760K(699392K), 0.0064245 secs] [Times: user=0.09 sys=0.00, real=0.01 secs] 
2016-09-24T03:13:00.921-0400: 10.908: [GC (GCLocker Initiated GC) [PSYoungGen: 168551K->45497K(175104K)] 259544K->154405K(699392K), 0.0095257 secs] [Times: user=0.13 sys=0.00, real=0.01 secs] 
2016-09-24T03:13:00.976-0400: 10.963: [GC (GCLocker Initiated GC) [PSYoungGen: 133561K->60269K(175104K)] 249303K->192710K(699392K), 0.0066491 secs] [Times: user=0.09 sys=0.00, real=0.01 secs] 
2016-09-24T03:13:01.020-0400: 11.007: [GC (GCLocker Initiated GC) [PSYoungGen: 148333K->67065K(175104K)] 283535K->218849K(699392K), 0.0065713 secs] [Times: user=0.09 sys=0.00, real=0.01 secs] 
2016-09-24T03:13:01.067-0400: 11.054: [GC (GCLocker Initiated GC) [PSYoungGen: 155129K->65715K(175104K)] 312397K->247694K(699392K), 0.0069822 secs] [Times: user=0.10 sys=0.00, real=0.00 secs] 
2016-09-24T03:13:01.125-0400: 11.112: [GC (GCLocker Initiated GC) [PSYoungGen: 153779K->57615K(175104K)] 341209K->245464K(699392K), 0.0060032 secs] [Times: user=0.05 sys=0.01, real=0.00 secs] 
2016-09-24T03:13:01.170-0400: 11.157: [GC (GCLocker Initiated GC) [PSYoungGen: 145679K->65715K(175104K)] 333614K->275693K(699392K), 0.0220914 secs] [Times: user=0.29 sys=0.00, real=0.02 secs] 
2016-09-24T03:13:01.248-0400: 11.235: [GC (GCLocker Initiated GC) [PSYoungGen: 153779K->71115K(175104K)] 369366K->287090K(699392K), 0.0060707 secs] [Times: user=0.08 sys=0.00, real=0.01 secs] 
2016-09-24T03:13:01.294-0400: 11.281: [GC (GCLocker Initiated GC) [PSYoungGen: 159179K->69719K(174080K)] 375351K->297122K(698368K), 0.0069199 secs] [Times: user=0.09 sys=0.00, real=0.00 secs] 
2016-09-24T03:13:01.345-0400: 11.332: [GC (GCLocker Initiated GC) [PSYoungGen: 157783K->53551K(174592K)] 385266K->288166K(698880K), 0.0075319 secs] [Times: user=0.06 sys=0.03, real=0.00 secs] 
2016-09-24T03:13:01.388-0400: 11.375: [GC (GCLocker Initiated GC) [PSYoungGen: 141615K->59029K(174592K)] 376329K->323913K(698880K), 0.0080366 secs] [Times: user=0.11 sys=0.00, real=0.01 secs] 
2016-09-24T03:13:01.427-0400: 11.414: [GC (GCLocker Initiated GC) [PSYoungGen: 148117K->67162K(175104K)] 415844K->346188K(699392K), 0.0070994 secs] [Times: user=0.09 sys=0.00, real=0.01 secs] 
2016-09-24T03:13:01.484-0400: 11.471: [GC (GCLocker Initiated GC) [PSYoungGen: 156250K->62937K(174080K)] 440703K->351884K(698368K), 0.0076625 secs] [Times: user=0.10 sys=0.00, real=0.00 secs] 
2016-09-24T03:13:01.529-0400: 11.516: [GC (GCLocker Initiated GC) [PSYoungGen: 154585K->73783K(174592K)] 443624K->371303K(698880K), 0.0069314 secs] [Times: user=0.09 sys=0.00, real=0.01 secs] 
2016-09-24T03:13:01.577-0400: 11.564: [GC (GCLocker Initiated GC) [PSYoungGen: 165431K->72465K(176640K)] 465753K->375890K(700928K), 0.0069447 secs] [Times: user=0.08 sys=0.01, real=0.01 secs] 
2016-09-24T03:13:01.634-0400: 11.621: [GC (GCLocker Initiated GC) [PSYoungGen: 164625K->62951K(155136K)] 470839K->369567K(679424K), 0.0100072 secs] [Times: user=0.10 sys=0.02, real=0.02 secs] 
2016-09-24T03:13:01.690-0400: 11.677: [GC (GCLocker Initiated GC) [PSYoungGen: 155111K->27814K(172032K)] 480804K->361977K(696320K), 0.0090782 secs] [Times: user=0.08 sys=0.01, real=0.01 secs] 
2016-09-24T03:13:01.740-0400: 11.727: [GC (GCLocker Initiated GC) [PSYoungGen: 115878K->60283K(175104K)] 459784K->404674K(699392K), 0.0104064 secs] [Times: user=0.13 sys=0.01, real=0.01 secs] 
2016-09-24T03:13:01.794-0400: 11.781: [GC (GCLocker Initiated GC) [PSYoungGen: 148347K->47991K(174592K)] 498210K->402255K(698880K), 0.0071279 secs] [Times: user=0.04 sys=0.02, real=0.01 secs] 
2016-09-24T03:13:01.838-0400: 11.825: [GC (GCLocker Initiated GC) [PSYoungGen: 136567K->64429K(153088K)] 490881K->429892K(677376K), 0.0078268 secs] [Times: user=0.06 sys=0.02, real=0.01 secs] 
2016-09-24T03:13:01.886-0400: 11.873: [GC (GCLocker Initiated GC) [PSYoungGen: 153005K->60237K(176640K)] 523930K->458678K(700928K), 0.0123591 secs] [Times: user=0.14 sys=0.02, real=0.01 secs] 
2016-09-24T03:13:01.946-0400: 11.933: [GC (GCLocker Initiated GC) [PSYoungGen: 151885K->65606K(174592K)] 550393K->465848K(698880K), 0.0059627 secs] [Times: user=0.07 sys=0.00, real=0.00 secs] 
2016-09-24T03:13:01.990-0400: 11.977: [GC (GCLocker Initiated GC) [PSYoungGen: 157254K->68434K(176128K)] 557675K->469212K(700416K), 0.0063982 secs] [Times: user=0.08 sys=0.00, real=0.01 secs] 
2016-09-24T03:13:02.036-0400: 12.023: [GC (GCLocker Initiated GC) [PSYoungGen: 162130K->63093K(176640K)] 568498K->483415K(700928K), 0.0079818 secs] [Times: user=0.09 sys=0.00, real=0.01 secs] 
2016-09-24T03:13:02.096-0400: 12.083: [GC (GCLocker Initiated GC) [PSYoungGen: 156789K->68461K(177664K)] 587980K->500070K(701952K), 0.0084317 secs] [Times: user=0.12 sys=0.00, real=0.01 secs] 
2016-09-24T03:13:02.152-0400: 12.138: [GC (GCLocker Initiated GC) [PSYoungGen: 164717K->68506K(178176K)] 611330K->515552K(702464K), 0.0065607 secs] [Times: user=0.06 sys=0.02, real=0.01 secs] 
2016-09-24T03:13:02.202-0400: 12.189: [GC (GCLocker Initiated GC) [PSYoungGen: 164762K->79137K(172032K)] 611936K->528140K(696320K), 0.0091572 secs] [Times: user=0.13 sys=0.01, real=0.00 secs] 
2016-09-24T03:13:02.250-0400: 12.237: [GC (GCLocker Initiated GC) [PSYoungGen: 169249K->73815K(164352K)] 618324K->536763K(688640K), 0.0101208 secs] [Times: user=0.10 sys=0.01, real=0.01 secs] 
2016-09-24T03:13:02.299-0400: 12.286: [GC (GCLocker Initiated GC) [PSYoungGen: 163927K->68415K(176128K)] 629617K->545316K(700416K), 0.0064207 secs] [Times: user=0.07 sys=0.00, real=0.01 secs] 
2016-09-24T03:13:02.353-0400: 12.340: [GC (GCLocker Initiated GC) [PSYoungGen: 157503K->69843K(159232K)] 641231K->553982K(683520K), 0.0104129 secs] [Times: user=0.15 sys=0.00, real=0.02 secs] 
2016-09-24T03:13:02.405-0400: 12.392: [GC (GCLocker Initiated GC) [PSYoungGen: 158931K->71115K(175104K)] 648676K->572055K(699392K), 0.0071161 secs] [Times: user=0.09 sys=0.01, real=0.00 secs] 
2016-09-24T03:13:02.412-0400: 12.399: [Full GC (Ergonomics) [PSYoungGen: 71115K->0K(175104K)] [ParOldGen: 500939K->83926K(524288K)] 572055K->83926K(699392K), [Metaspace: 43277K->43277K(1085440K)], 0.0426211 secs] [Times: user=0.35 sys=0.04, real=0.05 secs] 
2016-09-24T03:13:02.503-0400: 12.490: [GC (GCLocker Initiated GC) [PSYoungGen: 89600K->71389K(174592K)] 173652K->155441K(698880K), 0.0101412 secs] [Times: user=0.12 sys=0.01, real=0.00 secs] 
2016-09-24T03:13:02.552-0400: 12.539: [GC (GCLocker Initiated GC) [PSYoungGen: 160989K->62969K(175616K)] 245196K->154659K(699904K), 0.0120638 secs] [Times: user=0.17 sys=0.02, real=0.02 secs] 
2016-09-24T03:13:02.605-0400: 12.592: [GC (GCLocker Initiated GC) [PSYoungGen: 155129K->72465K(176128K)] 249665K->167350K(700416K), 0.0083894 secs] [Times: user=0.11 sys=0.01, real=0.00 secs] 
2016-09-24T03:13:02.658-0400: 12.645: [GC (GCLocker Initiated GC) [PSYoungGen: 164625K->68383K(175616K)] 263718K->167895K(699904K), 0.0065298 secs] [Times: user=0.07 sys=0.01, real=0.01 secs] 
2016-09-24T03:13:02.714-0400: 12.701: [GC (GCLocker Initiated GC) [PSYoungGen: 162079K->65715K(176640K)] 267068K->181939K(700928K), 0.0063759 secs] [Times: user=0.08 sys=0.01, real=0.00 secs] 
2016-09-24T03:13:02.768-0400: 12.755: [GC (GCLocker Initiated GC) [PSYoungGen: 159411K->58948K(179200K)] 277230K->187970K(703488K), 0.0094382 secs] [Times: user=0.14 sys=0.01, real=0.01 secs] 
2016-09-24T03:13:02.819-0400: 12.806: [GC (GCLocker Initiated GC) [PSYoungGen: 156228K->72420K(179200K)] 285503K->202129K(703488K), 0.0060510 secs] [Times: user=0.07 sys=0.01, real=0.01 secs] 
2016-09-24T03:13:02.874-0400: 12.861: [GC (GCLocker Initiated GC) [PSYoungGen: 169700K->56293K(178688K)] 307633K->194584K(702976K), 0.0073406 secs] [Times: user=0.09 sys=0.02, real=0.00 secs] 
2016-09-24T03:13:02.927-0400: 12.914: [GC (GCLocker Initiated GC) [PSYoungGen: 152549K->65605K(162304K)] 290962K->207205K(686592K), 0.0059267 secs] [Times: user=0.07 sys=0.01, real=0.00 secs] 
2016-09-24T03:13:02.992-0400: 12.979: [GC (GCLocker Initiated GC) [PSYoungGen: 161861K->65715K(179712K)] 306345K->210548K(704000K), 0.0067159 secs] [Times: user=0.09 sys=0.01, real=0.01 secs] 
2016-09-24T03:13:03.054-0400: 13.041: [GC (GCLocker Initiated GC) [PSYoungGen: 164019K->65729K(178176K)] 315677K->217822K(702464K), 0.0056391 secs] [Times: user=0.07 sys=0.01, real=0.00 secs] 
2016-09-24T03:13:03.101-0400: 13.088: [GC (GCLocker Initiated GC) [PSYoungGen: 164033K->76547K(176128K)] 318949K->234636K(700416K), 0.0071467 secs] [Times: user=0.08 sys=0.00, real=0.01 secs] 
2016-09-24T03:13:03.154-0400: 13.141: [GC (GCLocker Initiated GC) [PSYoungGen: 174339K->75101K(179200K)] 332488K->244493K(703488K), 0.0073538 secs] [Times: user=0.08 sys=0.01, real=0.01 secs] 
2016-09-24T03:13:03.209-0400: 13.196: [GC (GCLocker Initiated GC) [PSYoungGen: 172893K->73847K(178176K)] 345194K->268191K(702464K), 0.0101712 secs] [Times: user=0.14 sys=0.01, real=0.01 secs] 
2016-09-24T03:13:03.266-0400: 13.253: [GC (GCLocker Initiated GC) [PSYoungGen: 169079K->72433K(178688K)] 363560K->267325K(702976K), 0.0072820 secs] [Times: user=0.08 sys=0.01, real=0.00 secs] 
2016-09-24T03:13:03.323-0400: 13.310: [GC (GCLocker Initiated GC) [PSYoungGen: 167665K->79248K(173568K)] 362669K->285454K(697856K), 0.0069066 secs] [Times: user=0.10 sys=0.00, real=0.00 secs] 
2016-09-24T03:13:03.368-0400: 13.355: [GC (GCLocker Initiated GC) [PSYoungGen: 169360K->75165K(165376K)] 375645K->300794K(689664K), 0.0073481 secs] [Times: user=0.10 sys=0.01, real=0.01 secs] 
2016-09-24T03:13:03.417-0400: 13.404: [GC (GCLocker Initiated GC) [PSYoungGen: 165277K->64302K(176128K)] 393673K->309301K(700416K), 0.0150940 secs] [Times: user=0.21 sys=0.02, real=0.01 secs] 
2016-09-24T03:13:03.491-0400: 13.478: [GC (GCLocker Initiated GC) [PSYoungGen: 153902K->67020K(156672K)] 398956K->328677K(680960K), 0.0085354 secs] [Times: user=0.11 sys=0.01, real=0.01 secs] 
2016-09-24T03:13:03.534-0400: 13.521: [GC (GCLocker Initiated GC) [PSYoungGen: 156620K->67130K(175104K)] 418375K->345467K(699392K), 0.0071414 secs] [Times: user=0.09 sys=0.02, real=0.00 secs] 
2016-09-24T03:13:03.589-0400: 13.576: [GC (GCLocker Initiated GC) [PSYoungGen: 157754K->41507K(174080K)] 447098K->363687K(698368K), 0.0069061 secs] [Times: user=0.09 sys=0.00, real=0.01 secs] 
2016-09-24T03:13:03.639-0400: 13.626: [GC (GCLocker Initiated GC) [PSYoungGen: 132131K->56156K(175616K)] 464008K->399327K(699904K), 0.0066916 secs] [Times: user=0.09 sys=0.01, real=0.01 secs] 
2016-09-24T03:13:03.682-0400: 13.669: [GC (GCLocker Initiated GC) [PSYoungGen: 144732K->60269K(148992K)] 492467K->413738K(673280K), 0.0073166 secs] [Times: user=0.06 sys=0.01, real=0.01 secs] 
2016-09-24T03:13:03.725-0400: 13.712: [GC (GCLocker Initiated GC) [PSYoungGen: 148845K->68337K(175104K)] 505045K->430334K(699392K), 0.0069548 secs] [Times: user=0.08 sys=0.01, real=0.00 secs] 
2016-09-24T03:13:03.768-0400: 13.755: [GC (GCLocker Initiated GC) [PSYoungGen: 157937K->61681K(174080K)] 520373K->448798K(698368K), 0.0070173 secs] [Times: user=0.09 sys=0.01, real=0.01 secs] 
2016-09-24T03:13:03.828-0400: 13.815: [GC (GCLocker Initiated GC) [PSYoungGen: 151281K->64397K(175616K)] 549236K->462771K(699904K), 0.0060612 secs] [Times: user=0.07 sys=0.00, real=0.00 secs] 
2016-09-24T03:13:03.880-0400: 13.867: [GC (GCLocker Initiated GC) [PSYoungGen: 158605K->65765K(175616K)] 566601K->497183K(699904K), 0.0077219 secs] [Times: user=0.10 sys=0.01, real=0.01 secs] 
2016-09-24T03:13:03.939-0400: 13.926: [GC (GCLocker Initiated GC) [PSYoungGen: 159973K->68468K(180224K)] 599634K->524695K(704512K), 0.0068909 secs] [Times: user=0.08 sys=0.02, real=0.01 secs] 
2016-09-24T03:13:04.008-0400: 13.995: [GC (GCLocker Initiated GC) [PSYoungGen: 168308K->56178K(179712K)] 632808K->531927K(704000K), 0.0068253 secs] [Times: user=0.10 sys=0.01, real=0.01 secs] 
2016-09-24T03:13:04.061-0400: 14.048: [GC (GCLocker Initiated GC) [PSYoungGen: 156018K->61500K(180736K)] 633180K->552489K(705024K), 0.0067231 secs] [Times: user=0.09 sys=0.00, real=0.01 secs] 
2016-09-24T03:13:04.114-0400: 14.101: [Full GC (Ergonomics) [PSYoungGen: 163388K->0K(180736K)] [ParOldGen: 499176K->93693K(524288K)] 662564K->93693K(705024K), [Metaspace: 43285K->43285K(1085440K)], 0.0542089 secs] [Times: user=0.38 sys=0.09, real=0.06 secs] 
2016-09-24T03:13:04.206-0400: 14.193: [GC (GCLocker Initiated GC) [PSYoungGen: 101888K->58850K(181248K)] 195779K->152742K(705536K), 0.0095149 secs] [Times: user=0.11 sys=0.00, real=0.01 secs] 
2016-09-24T03:13:04.257-0400: 14.244: [GC (GCLocker Initiated GC) [PSYoungGen: 160738K->77800K(175616K)] 254678K->192443K(699904K), 0.0075809 secs] [Times: user=0.09 sys=0.02, real=0.01 secs] 
2016-09-24T03:13:04.308-0400: 14.295: [GC (GCLocker Initiated GC) [PSYoungGen: 175080K->55990K(179712K)] 295319K->210274K(704000K), 0.0077451 secs] [Times: user=0.11 sys=0.00, real=0.01 secs] 
2016-09-24T03:13:04.353-0400: 14.340: [GC (GCLocker Initiated GC) [PSYoungGen: 153270K->65556K(176640K)] 310503K->225736K(700928K), 0.0136894 secs] [Times: user=0.18 sys=0.01, real=0.02 secs] 
2016-09-24T03:13:04.420-0400: 14.407: [GC (GCLocker Initiated GC) [PSYoungGen: 162836K->57389K(178176K)] 325795K->220588K(702464K), 0.0100177 secs] [Times: user=0.12 sys=0.02, real=0.01 secs] 
2016-09-24T03:13:04.473-0400: 14.460: [GC (GCLocker Initiated GC) [PSYoungGen: 154669K->66790K(179712K)] 317921K->249183K(704000K), 0.0101410 secs] [Times: user=0.13 sys=0.02, real=0.02 secs] 
2016-09-24T03:13:04.536-0400: 14.523: [GC (GCLocker Initiated GC) [PSYoungGen: 167654K->36869K(138240K)] 350206K->238503K(662528K), 0.0151936 secs] [Times: user=0.12 sys=0.00, real=0.01 secs] 
2016-09-24T03:13:04.595-0400: 14.582: [GC (GCLocker Initiated GC) [PSYoungGen: 137733K->60104K(181248K)] 345012K->291926K(705536K), 0.0066203 secs] [Times: user=0.08 sys=0.01, real=0.00 secs] 
2016-09-24T03:13:04.649-0400: 14.636: [GC (GCLocker Initiated GC) [PSYoungGen: 158408K->80354K(178688K)] 392965K->315169K(702976K), 0.0065353 secs] [Times: user=0.10 sys=0.00, real=0.01 secs] 
2016-09-24T03:13:04.701-0400: 14.688: [GC (GCLocker Initiated GC) [PSYoungGen: 178658K->52036K(173568K)] 413513K->308764K(697856K), 0.0068216 secs] [Times: user=0.10 sys=0.01, real=0.01 secs] 
2016-09-24T03:13:04.744-0400: 14.731: [GC (GCLocker Initiated GC) [PSYoungGen: 142148K->58708K(176128K)] 401624K->334624K(700416K), 0.0064091 secs] [Times: user=0.07 sys=0.01, real=0.00 secs] 
2016-09-24T03:13:04.786-0400: 14.773: [GC (GCLocker Initiated GC) [PSYoungGen: 148820K->53357K(173568K)] 427500K->345770K(697856K), 0.0067528 secs] [Times: user=0.07 sys=0.01, real=0.00 secs] 
2016-09-24T03:13:04.829-0400: 14.816: [GC (GCLocker Initiated GC) [PSYoungGen: 145517K->65458K(175104K)] 443442K->363599K(699392K), 0.0070281 secs] [Times: user=0.06 sys=0.01, real=0.01 secs] 
2016-09-24T03:13:04.889-0400: 14.876: [GC (GCLocker Initiated GC) [PSYoungGen: 157618K->55978K(176640K)] 457175K->366584K(700928K), 0.0064392 secs] [Times: user=0.08 sys=0.01, real=0.01 secs] 
2016-09-24T03:13:04.941-0400: 14.928: [GC (GCLocker Initiated GC) [PSYoungGen: 152746K->62804K(178176K)] 466117K->387232K(702464K), 0.0061827 secs] [Times: user=0.08 sys=0.01, real=0.01 secs] 
2016-09-24T03:13:04.986-0400: 14.973: [GC (GCLocker Initiated GC) [PSYoungGen: 159572K->46572K(180736K)] 484049K->387491K(705024K), 0.0063058 secs] [Times: user=0.07 sys=0.01, real=0.00 secs] 
2016-09-24T03:13:05.033-0400: 15.020: [GC (GCLocker Initiated GC) [PSYoungGen: 146924K->80450K(181248K)] 490634K->424424K(705536K), 0.0067767 secs] [Times: user=0.08 sys=0.00, real=0.01 secs] 
2016-09-24T03:13:05.087-0400: 15.074: [GC (GCLocker Initiated GC) [PSYoungGen: 180802K->72286K(168960K)] 524988K->430244K(693248K), 0.0074200 secs] [Times: user=0.10 sys=0.01, real=0.01 secs] 
2016-09-24T03:13:05.126-0400: 15.113: [GC (GCLocker Initiated GC) [PSYoungGen: 160350K->85786K(175104K)] 518464K->444140K(699392K), 0.0067466 secs] [Times: user=0.08 sys=0.01, real=0.00 secs] 
2016-09-24T03:13:05.170-0400: 15.157: [GC (GCLocker Initiated GC) [PSYoungGen: 173850K->74986K(175104K)] 532280K->447149K(699392K), 0.0079404 secs] [Times: user=0.07 sys=0.01, real=0.01 secs] 
2016-09-24T03:13:05.222-0400: 15.209: [GC (GCLocker Initiated GC) [PSYoungGen: 163050K->57404K(175104K)] 542004K->447411K(699392K), 0.0057217 secs] [Times: user=0.07 sys=0.01, real=0.01 secs] 
2016-09-24T03:13:05.260-0400: 15.247: [GC (GCLocker Initiated GC) [PSYoungGen: 145468K->64154K(175104K)] 535608K->454527K(699392K), 0.0066933 secs] [Times: user=0.08 sys=0.01, real=0.01 secs] 
2016-09-24T03:13:05.307-0400: 15.294: [GC (GCLocker Initiated GC) [PSYoungGen: 152218K->61504K(175104K)] 548767K->458307K(699392K), 0.0057301 secs] [Times: user=0.06 sys=0.01, real=0.00 secs] 
2016-09-24T03:13:05.348-0400: 15.335: [GC (GCLocker Initiated GC) [PSYoungGen: 149568K->72254K(175104K)] 546433K->484260K(699392K), 0.0073917 secs] [Times: user=0.10 sys=0.01, real=0.01 secs] 
2016-09-24T03:13:05.398-0400: 15.385: [GC (GCLocker Initiated GC) [PSYoungGen: 160318K->69491K(175104K)] 572472K->489968K(699392K), 0.0069841 secs] [Times: user=0.08 sys=0.01, real=0.01 secs] 
2016-09-24T03:13:05.467-0400: 15.454: [GC (Allocation Failure) [PSYoungGen: 157555K->41111K(175104K)] 594405K->497093K(699392K), 0.0065185 secs] [Times: user=0.07 sys=0.01, real=0.00 secs] 
2016-09-24T03:13:05.515-0400: 15.501: [GC (GCLocker Initiated GC) [PSYoungGen: 129175K->53290K(175104K)] 590564K->514946K(699392K), 0.0066464 secs] [Times: user=0.08 sys=0.00, real=0.00 secs] 
2016-09-24T03:13:05.574-0400: 15.561: [GC (GCLocker Initiated GC) [PSYoungGen: 141354K->51798K(175104K)] 608562K->524630K(699392K), 0.0097673 secs] [Times: user=0.13 sys=0.01, real=0.01 secs] 
2016-09-24T03:13:05.629-0400: 15.616: [GC (GCLocker Initiated GC) [PSYoungGen: 139862K->65504K(175104K)] 612698K->565564K(699392K), 0.0070400 secs] [Times: user=0.08 sys=0.01, real=0.01 secs] 
2016-09-24T03:13:05.637-0400: 15.624: [Full GC (Ergonomics) [PSYoungGen: 65504K->0K(175104K)] [ParOldGen: 500060K->96035K(524288K)] 565564K->96035K(699392K), [Metaspace: 43291K->43291K(1085440K)], 0.0577049 secs] [Times: user=0.48 sys=0.07, real=0.06 secs] 
2016-09-24T03:13:05.746-0400: 15.733: [GC (GCLocker Initiated GC) [PSYoungGen: 88064K->46796K(175104K)] 188182K->146915K(699392K), 0.0049750 secs] [Times: user=0.05 sys=0.01, real=0.00 secs] 
2016-09-24T03:13:05.809-0400: 15.796: [GC (GCLocker Initiated GC) [PSYoungGen: 134860K->50590K(138752K)] 241971K->158085K(663040K), 0.0100261 secs] [Times: user=0.13 sys=0.02, real=0.01 secs] 
2016-09-24T03:13:05.872-0400: 15.859: [GC (GCLocker Initiated GC) [PSYoungGen: 138654K->64204K(175616K)] 248904K->176029K(699904K), 0.0064960 secs] [Times: user=0.08 sys=0.02, real=0.01 secs] 
2016-09-24T03:13:05.918-0400: 15.905: [GC (GCLocker Initiated GC) [PSYoungGen: 153292K->48004K(174592K)] 274610K->184347K(698880K), 0.0255408 secs] [Times: user=0.31 sys=0.04, real=0.03 secs] 
2016-09-24T03:13:05.984-0400: 15.971: [GC (GCLocker Initiated GC) [PSYoungGen: 137092K->74954K(173056K)] 276211K->214308K(697344K), 0.0069661 secs] [Times: user=0.09 sys=0.01, real=0.00 secs] 
2016-09-24T03:13:06.053-0400: 16.040: [GC (GCLocker Initiated GC) [PSYoungGen: 163018K->39935K(175104K)] 321491K->214861K(699392K), 0.0074380 secs] [Times: user=0.10 sys=0.00, real=0.01 secs] 
2016-09-24T03:13:06.115-0400: 16.102: [GC (GCLocker Initiated GC) [PSYoungGen: 127999K->68236K(175104K)] 302998K->252995K(699392K), 0.0107090 secs] [Times: user=0.14 sys=0.01, real=0.01 secs] 
2016-09-24T03:13:06.187-0400: 16.174: [GC (GCLocker Initiated GC) [PSYoungGen: 156300K->54730K(175104K)] 343767K->245087K(699392K), 0.0169411 secs] [Times: user=0.18 sys=0.02, real=0.02 secs] 
2016-09-24T03:13:06.268-0400: 16.255: [GC (GCLocker Initiated GC) [PSYoungGen: 142794K->65572K(175104K)] 334554K->258991K(699392K), 0.0066619 secs] [Times: user=0.09 sys=0.01, real=0.01 secs] 
2016-09-24T03:13:06.315-0400: 16.302: [GC (GCLocker Initiated GC) [PSYoungGen: 153636K->58854K(146944K)] 349892K->279671K(671232K), 0.0124259 secs] [Times: user=0.17 sys=0.01, real=0.01 secs] 
2016-09-24T03:13:06.370-0400: 16.356: [GC (GCLocker Initiated GC) [PSYoungGen: 146918K->76459K(169984K)] 370523K->313858K(694272K), 0.0076045 secs] [Times: user=0.11 sys=0.00, real=0.01 secs] 
2016-09-24T03:13:06.427-0400: 16.414: [GC (GCLocker Initiated GC) [PSYoungGen: 161963K->62909K(172544K)] 402185K->303459K(696832K), 0.0059214 secs] [Times: user=0.07 sys=0.00, real=0.00 secs] 
2016-09-24T03:13:06.498-0400: 16.485: [GC (GCLocker Initiated GC) [PSYoungGen: 148413K->49433K(173568K)] 398595K->299960K(697856K), 0.0133075 secs] [Times: user=0.13 sys=0.00, real=0.01 secs] 
2016-09-24T03:13:06.562-0400: 16.549: [GC (GCLocker Initiated GC) [PSYoungGen: 138009K->44024K(174592K)] 398028K->309812K(698880K), 0.0066983 secs] [Times: user=0.06 sys=0.01, real=0.00 secs] 
2016-09-24T03:13:06.616-0400: 16.602: [GC (GCLocker Initiated GC) [PSYoungGen: 132600K->49399K(174080K)] 398423K->333181K(698368K), 0.0068397 secs] [Times: user=0.07 sys=0.00, real=0.01 secs] 
2016-09-24T03:13:06.673-0400: 16.660: [GC (GCLocker Initiated GC) [PSYoungGen: 139511K->68386K(175104K)] 428908K->371657K(699392K), 0.0070164 secs] [Times: user=0.10 sys=0.00, real=0.01 secs] 
2016-09-24T03:13:06.730-0400: 16.717: [GC (GCLocker Initiated GC) [PSYoungGen: 158498K->53362K(175104K)] 461957K->361277K(699392K), 0.0118591 secs] [Times: user=0.11 sys=0.00, real=0.01 secs] 
2016-09-24T03:13:06.797-0400: 16.784: [GC (GCLocker Initiated GC) [PSYoungGen: 144498K->44152K(175616K)] 460619K->376856K(699904K), 0.0065574 secs] [Times: user=0.08 sys=0.01, real=0.01 secs] 
2016-09-24T03:13:06.848-0400: 16.835: [GC (GCLocker Initiated GC) [PSYoungGen: 135288K->54909K(173568K)] 470702K->390852K(697856K), 0.0055091 secs] [Times: user=0.08 sys=0.00, real=0.00 secs] 
2016-09-24T03:13:06.905-0400: 16.892: [GC (GCLocker Initiated GC) [PSYoungGen: 148605K->56283K(175616K)] 487441K->395507K(699904K), 0.0061470 secs] [Times: user=0.08 sys=0.00, real=0.00 secs] 
2016-09-24T03:13:06.965-0400: 16.952: [GC (GCLocker Initiated GC) [PSYoungGen: 149979K->56285K(175616K)] 498717K->405451K(699904K), 0.0069385 secs] [Times: user=0.07 sys=0.01, real=0.00 secs] 
2016-09-24T03:13:07.027-0400: 17.014: [GC (GCLocker Initiated GC) [PSYoungGen: 157149K->69841K(177664K)] 509133K->422288K(701952K), 0.0069223 secs] [Times: user=0.10 sys=0.00, real=0.00 secs] 
2016-09-24T03:13:07.088-0400: 17.075: [GC (GCLocker Initiated GC) [PSYoungGen: 170705K->77951K(172032K)] 523257K->437772K(696320K), 0.0149272 secs] [Times: user=0.20 sys=0.01, real=0.02 secs] 
2016-09-24T03:13:07.159-0400: 17.146: [GC (GCLocker Initiated GC) [PSYoungGen: 170111K->43979K(136192K)] 532666K->417751K(660480K), 0.0089742 secs] [Times: user=0.09 sys=0.01, real=0.01 secs] 
2016-09-24T03:13:07.254-0400: 17.240: [GC (GCLocker Initiated GC) [PSYoungGen: 136139K->69823K(173568K)] 509925K->462968K(697856K), 0.0076335 secs] [Times: user=0.12 sys=0.00, real=0.01 secs] 
2016-09-24T03:13:07.393-0400: 17.380: [GC (GCLocker Initiated GC) [PSYoungGen: 157887K->49446K(175104K)] 559350K->454053K(699392K), 0.0397362 secs] [Times: user=0.22 sys=0.04, real=0.04 secs] 
2016-09-24T03:13:07.507-0400: 17.494: [GC (GCLocker Initiated GC) [PSYoungGen: 137510K->52052K(171520K)] 550442K->465446K(695808K), 0.0214281 secs] [Times: user=0.24 sys=0.02, real=0.02 secs] 
2016-09-24T03:13:07.589-0400: 17.576: [GC (GCLocker Initiated GC) [PSYoungGen: 141140K->63109K(173568K)] 560001K->482449K(697856K), 0.0146924 secs] [Times: user=0.15 sys=0.01, real=0.02 secs] 
2016-09-24T03:13:07.662-0400: 17.649: [GC (GCLocker Initiated GC) [PSYoungGen: 152197K->48076K(175616K)] 571749K->480251K(699904K), 0.0095296 secs] [Times: user=0.10 sys=0.01, real=0.01 secs] 
2016-09-24T03:13:07.737-0400: 17.724: [GC (GCLocker Initiated GC) [PSYoungGen: 142284K->54939K(177152K)] 581330K->505171K(701440K), 0.0095543 secs] [Times: user=0.09 sys=0.01, real=0.01 secs] 
2016-09-24T03:13:07.849-0400: 17.836: [GC (GCLocker Initiated GC) [PSYoungGen: 149147K->42782K(178688K)] 605028K->499161K(702976K), 0.0075368 secs] [Times: user=0.07 sys=0.01, real=0.01 secs] 
2016-09-24T03:13:07.945-0400: 17.932: [GC (GCLocker Initiated GC) [PSYoungGen: 140574K->52121K(178688K)] 602476K->514474K(702976K), 0.0790802 secs] [Times: user=0.28 sys=0.08, real=0.08 secs] 
2016-09-24T03:13:08.103-0400: 18.090: [GC (GCLocker Initiated GC) [PSYoungGen: 149913K->48135K(180224K)] 615204K->524679K(704512K), 0.0074991 secs] [Times: user=0.11 sys=0.00, real=0.00 secs] 
2016-09-24T03:13:08.255-0400: 18.242: [GC (GCLocker Initiated GC) [PSYoungGen: 149511K->69704K(179200K)] 626209K->554971K(703488K), 0.0171170 secs] [Times: user=0.28 sys=0.00, real=0.01 secs] 
2016-09-24T03:13:08.481-0400: 18.468: [GC (GCLocker Initiated GC) [PSYoungGen: 171080K->35731K(179200K)] 656358K->526839K(703488K), 0.0100852 secs] [Times: user=0.09 sys=0.01, real=0.01 secs] 
2016-09-24T03:13:08.569-0400: 18.556: [GC (GCLocker Initiated GC) [PSYoungGen: 134035K->42637K(180224K)] 626526K->546383K(704512K), 0.0079114 secs] [Times: user=0.11 sys=0.00, real=0.01 secs] 
2016-09-24T03:13:08.577-0400: 18.564: [Full GC (Ergonomics) [PSYoungGen: 42637K->0K(180224K)] [ParOldGen: 503745K->102256K(524288K)] 546383K->102256K(704512K), [Metaspace: 43303K->43303K(1085440K)], 0.1128213 secs] [Times: user=1.01 sys=0.22, real=0.11 secs] 
2016-09-24T03:13:08.813-0400: 18.800: [GC (GCLocker Initiated GC) [PSYoungGen: 98304K->68900K(174592K)] 200675K->171271K(698880K), 0.0297509 secs] [Times: user=0.52 sys=0.08, real=0.04 secs] 
2016-09-24T03:13:08.929-0400: 18.916: [GC (GCLocker Initiated GC) [PSYoungGen: 162084K->16906K(110592K)] 275608K->135233K(634880K), 0.0079393 secs] [Times: user=0.07 sys=0.02, real=0.01 secs] 
2016-09-24T03:13:08.996-0400: 18.983: [GC (GCLocker Initiated GC) [PSYoungGen: 110090K->31763K(175104K)] 233980K->169643K(699392K), 0.0229678 secs] [Times: user=0.28 sys=0.10, real=0.02 secs] 
2016-09-24T03:13:09.081-0400: 19.068: [GC (GCLocker Initiated GC) [PSYoungGen: 119827K->49635K(137728K)] 268651K->207032K(662016K), 0.0091428 secs] [Times: user=0.10 sys=0.04, real=0.01 secs] 
2016-09-24T03:13:09.163-0400: 19.150: [GC (GCLocker Initiated GC) [PSYoungGen: 137699K->52374K(174592K)] 298886K->214064K(698880K), 0.0107931 secs] [Times: user=0.15 sys=0.00, real=0.00 secs] 
2016-09-24T03:13:09.243-0400: 19.230: [GC (GCLocker Initiated GC) [PSYoungGen: 142998K->48136K(172032K)] 311584K->217196K(696320K), 0.0083407 secs] [Times: user=0.08 sys=0.01, real=0.00 secs] 
2016-09-24T03:13:09.316-0400: 19.303: [GC (GCLocker Initiated GC) [PSYoungGen: 138760K->60287K(174592K)] 315994K->237999K(698880K), 0.0084052 secs] [Times: user=0.11 sys=0.00, real=0.01 secs] 
2016-09-24T03:13:09.391-0400: 19.378: [GC (GCLocker Initiated GC) [PSYoungGen: 156031K->49430K(175616K)] 347318K->243895K(699904K), 0.0078684 secs] [Times: user=0.08 sys=0.00, real=0.01 secs] 
2016-09-24T03:13:09.456-0400: 19.443: [GC (GCLocker Initiated GC) [PSYoungGen: 145174K->64443K(177152K)] 349163K->282474K(701440K), 0.0066356 secs] [Times: user=0.08 sys=0.01, real=0.01 secs] 
2016-09-24T03:13:09.515-0400: 19.502: [GC (GCLocker Initiated GC) [PSYoungGen: 164795K->76638K(177152K)] 385582K->300709K(701440K), 0.0070137 secs] [Times: user=0.10 sys=0.01, real=0.00 secs] 
2016-09-24T03:13:09.578-0400: 19.565: [GC (GCLocker Initiated GC) [PSYoungGen: 176990K->54984K(178688K)] 401196K->293232K(702976K), 0.0213689 secs] [Times: user=0.30 sys=0.01, real=0.02 secs] 
2016-09-24T03:13:09.657-0400: 19.644: [GC (GCLocker Initiated GC) [PSYoungGen: 148680K->63160K(177152K)] 389743K->304759K(701440K), 0.0090604 secs] [Times: user=0.12 sys=0.00, real=0.01 secs] 
2016-09-24T03:13:09.720-0400: 19.707: [GC (GCLocker Initiated GC) [PSYoungGen: 156856K->36072K(176640K)] 401281K->294529K(700928K), 0.0054742 secs] [Times: user=0.06 sys=0.01, real=0.01 secs] 
2016-09-24T03:13:09.779-0400: 19.766: [GC (GCLocker Initiated GC) [PSYoungGen: 129256K->57779K(177152K)] 393221K->322292K(701440K), 0.0056534 secs] [Times: user=0.06 sys=0.00, real=0.01 secs] 
2016-09-24T03:13:09.834-0400: 19.821: [GC (GCLocker Initiated GC) [PSYoungGen: 150963K->61806K(177664K)] 419901K->344827K(701952K), 0.0070205 secs] [Times: user=0.09 sys=0.01, real=0.00 secs] 
2016-09-24T03:13:09.894-0400: 19.881: [GC (GCLocker Initiated GC) [PSYoungGen: 156526K->37335K(177664K)] 454479K->341240K(701952K), 0.0143384 secs] [Times: user=0.15 sys=0.01, real=0.02 secs] 
2016-09-24T03:13:09.972-0400: 19.959: [GC (GCLocker Initiated GC) [PSYoungGen: 132055K->44140K(176128K)] 441497K->365019K(700416K), 0.0275539 secs] [Times: user=0.25 sys=0.02, real=0.03 secs] 
2016-09-24T03:13:17.236-0400: 27.223: [GC (GCLocker Initiated GC) [PSYoungGen: 140396K->60632K(177664K)] 461335K->392927K(701952K), 0.0232412 secs] [Times: user=0.24 sys=0.00, real=0.02 secs] 
2016-09-24T03:13:17.326-0400: 27.313: [GC (GCLocker Initiated GC) [PSYoungGen: 156888K->64900K(177152K)] 489387K->411634K(701440K), 0.0080278 secs] [Times: user=0.08 sys=0.01, real=0.01 secs] 
2016-09-24T03:13:17.395-0400: 27.382: [GC (GCLocker Initiated GC) [PSYoungGen: 160132K->53890K(149504K)] 509584K->414946K(673792K), 0.0065883 secs] [Times: user=0.07 sys=0.01, real=0.00 secs] 
2016-09-24T03:13:17.467-0400: 27.454: [GC (GCLocker Initiated GC) [PSYoungGen: 149122K->41775K(177664K)] 515603K->409143K(701952K), 0.0062417 secs] [Times: user=0.05 sys=0.01, real=0.00 secs] 
2016-09-24T03:13:17.540-0400: 27.527: [GC (GCLocker Initiated GC) [PSYoungGen: 139055K->40447K(177152K)] 510581K->412840K(701440K), 0.0069421 secs] [Times: user=0.05 sys=0.00, real=0.01 secs] 
2016-09-24T03:13:17.607-0400: 27.594: [GC (GCLocker Initiated GC) [PSYoungGen: 137727K->52622K(178176K)] 512919K->455807K(702464K), 0.0086907 secs] [Times: user=0.11 sys=0.00, real=0.01 secs] 
2016-09-24T03:13:17.687-0400: 27.674: [GC (GCLocker Initiated GC) [PSYoungGen: 155534K->63491K(179712K)] 558776K->472966K(704000K), 0.0078504 secs] [Times: user=0.08 sys=0.01, real=0.01 secs] 
2016-09-24T03:13:17.755-0400: 27.742: [GC (GCLocker Initiated GC) [PSYoungGen: 166403K->51250K(182272K)] 575996K->477970K(706560K), 0.0072199 secs] [Times: user=0.09 sys=0.00, real=0.00 secs] 
2016-09-24T03:13:17.829-0400: 27.816: [GC (GCLocker Initiated GC) [PSYoungGen: 157746K->55435K(182784K)] 588527K->487068K(707072K), 0.0067719 secs] [Times: user=0.09 sys=0.00, real=0.01 secs] 
2016-09-24T03:13:17.895-0400: 27.882: [GC (GCLocker Initiated GC) [PSYoungGen: 161931K->68941K(179712K)] 593602K->501591K(704000K), 0.0083066 secs] [Times: user=0.11 sys=0.01, real=0.01 secs] 
2016-09-24T03:13:17.973-0400: 27.960: [GC (GCLocker Initiated GC) [PSYoungGen: 173389K->59693K(183296K)] 618395K->521916K(707584K), 0.0070486 secs] [Times: user=0.10 sys=0.00, real=0.01 secs] 
2016-09-24T03:13:18.042-0400: 28.029: [GC (GCLocker Initiated GC) [PSYoungGen: 164141K->71707K(175616K)] 629203K->537861K(699904K), 0.0078333 secs] [Times: user=0.08 sys=0.01, real=0.01 secs] 
2016-09-24T03:13:18.106-0400: 28.093: [GC (GCLocker Initiated GC) [PSYoungGen: 168987K->70272K(167936K)] 635349K->553853K(692224K), 0.0094102 secs] [Times: user=0.12 sys=0.01, real=0.01 secs] 
2016-09-24T03:13:18.178-0400: 28.165: [GC (GCLocker Initiated GC) [PSYoungGen: 167552K->73135K(173056K)] 651170K->571227K(697344K), 0.0125966 secs] [Times: user=0.16 sys=0.01, real=0.01 secs] 
2016-09-24T03:13:18.190-0400: 28.177: [Full GC (Ergonomics) [PSYoungGen: 73135K->0K(173056K)] [ParOldGen: 498091K->135608K(524288K)] 571227K->135608K(697344K), [Metaspace: 43497K->43497K(1085440K)], 0.0645130 secs] [Times: user=0.40 sys=0.00, real=0.07 secs] 
2016-09-24T03:13:18.314-0400: 28.301: [GC (GCLocker Initiated GC) [PSYoungGen: 88064K->54555K(175104K)] 223828K->190319K(699392K), 0.0088450 secs] [Times: user=0.07 sys=0.01, real=0.01 secs] 
2016-09-24T03:13:18.378-0400: 28.365: [GC (GCLocker Initiated GC) [PSYoungGen: 142619K->64620K(173568K)] 279811K->208837K(697856K), 0.0072034 secs] [Times: user=0.07 sys=0.00, real=0.01 secs] 
2016-09-24T03:13:18.443-0400: 28.430: [GC (GCLocker Initiated GC) [PSYoungGen: 154220K->48300K(174592K)] 301230K->215056K(698880K), 0.0078765 secs] [Times: user=0.06 sys=0.01, real=0.00 secs] 
2016-09-24T03:13:18.507-0400: 28.493: [GC (GCLocker Initiated GC) [PSYoungGen: 137900K->66259K(176640K)] 312977K->242081K(700928K), 0.0072247 secs] [Times: user=0.09 sys=0.01, real=0.00 secs] 
2016-09-24T03:13:18.586-0400: 28.573: [GC (GCLocker Initiated GC) [PSYoungGen: 158419K->64877K(177152K)] 340458K->247886K(701440K), 0.0084840 secs] [Times: user=0.10 sys=0.00, real=0.01 secs] 
2016-09-24T03:13:18.653-0400: 28.640: [GC (GCLocker Initiated GC) [PSYoungGen: 157037K->61800K(174080K)] 340353K->248722K(698368K), 0.0078517 secs] [Times: user=0.06 sys=0.00, real=0.01 secs] 
2016-09-24T03:13:18.719-0400: 28.706: [GC (GCLocker Initiated GC) [PSYoungGen: 154472K->34922K(175616K)] 346849K->232094K(699904K), 0.0078201 secs] [Times: user=0.05 sys=0.01, real=0.01 secs] 
2016-09-24T03:13:18.789-0400: 28.776: [GC (GCLocker Initiated GC) [PSYoungGen: 127594K->41659K(177664K)] 327503K->247772K(701952K), 0.0077161 secs] [Times: user=0.06 sys=0.00, real=0.01 secs] 
2016-09-24T03:13:18.852-0400: 28.839: [GC (GCLocker Initiated GC) [PSYoungGen: 134843K->67501K(160768K)] 340969K->301490K(685056K), 0.0078330 secs] [Times: user=0.10 sys=0.00, real=0.01 secs] 
2016-09-24T03:13:18.921-0400: 28.908: [GC (GCLocker Initiated GC) [PSYoungGen: 160685K->56368K(178688K)] 394862K->291319K(702976K), 0.0156320 secs] [Times: user=0.18 sys=0.00, real=0.02 secs] 
2016-09-24T03:13:19.002-0400: 28.989: [GC (GCLocker Initiated GC) [PSYoungGen: 149040K->44262K(137216K)] 393481K->302892K(661504K), 0.0075718 secs] [Times: user=0.06 sys=0.00, real=0.01 secs] 
2016-09-24T03:13:19.064-0400: 29.051: [GC (GCLocker Initiated GC) [PSYoungGen: 136934K->61934K(176128K)] 398413K->335011K(700416K), 0.0067199 secs] [Times: user=0.08 sys=0.00, real=0.00 secs] 
2016-09-24T03:13:19.123-0400: 29.110: [GC (GCLocker Initiated GC) [PSYoungGen: 155118K->71275K(175616K)] 428332K->347853K(699904K), 0.0068383 secs] [Times: user=0.07 sys=0.00, real=0.00 secs] 
2016-09-24T03:13:19.191-0400: 29.178: [GC (GCLocker Initiated GC) [PSYoungGen: 164459K->51087K(178176K)] 441079K->339190K(702464K), 0.0070656 secs] [Times: user=0.08 sys=0.00, real=0.01 secs] 
2016-09-24T03:13:19.252-0400: 29.239: [GC (GCLocker Initiated GC) [PSYoungGen: 143759K->74068K(166912K)] 434722K->365696K(691200K), 0.0071055 secs] [Times: user=0.10 sys=0.00, real=0.01 secs] 
2016-09-24T03:13:19.309-0400: 29.296: [GC (GCLocker Initiated GC) [PSYoungGen: 166740K->55140K(176640K)] 459417K->361980K(700928K), 0.0075672 secs] [Times: user=0.10 sys=0.01, real=0.01 secs] 
2016-09-24T03:13:19.364-0400: 29.351: [GC (GCLocker Initiated GC) [PSYoungGen: 144740K->69941K(175104K)] 451630K->388307K(699392K), 0.0071695 secs] [Times: user=0.10 sys=0.00, real=0.00 secs] 
2016-09-24T03:13:19.415-0400: 29.402: [GC (GCLocker Initiated GC) [PSYoungGen: 159541K->65975K(175616K)] 483498K->401351K(699904K), 0.0063255 secs] [Times: user=0.09 sys=0.00, real=0.00 secs] 
2016-09-24T03:13:19.464-0400: 29.451: [GC (GCLocker Initiated GC) [PSYoungGen: 154551K->67454K(175104K)] 492702K->425200K(699392K), 0.0078459 secs] [Times: user=0.11 sys=0.00, real=0.00 secs] 
2016-09-24T03:13:19.525-0400: 29.512: [GC (GCLocker Initiated GC) [PSYoungGen: 156030K->79507K(174592K)] 519324K->443520K(698880K), 0.0071234 secs] [Times: user=0.10 sys=0.00, real=0.00 secs] 
2016-09-24T03:13:19.580-0400: 29.567: [GC (GCLocker Initiated GC) [PSYoungGen: 167571K->60543K(175104K)] 539756K->446938K(699392K), 0.0113429 secs] [Times: user=0.16 sys=0.00, real=0.01 secs] 
2016-09-24T03:13:19.645-0400: 29.632: [GC (GCLocker Initiated GC) [PSYoungGen: 148607K->59286K(174080K)] 542028K->466846K(698368K), 0.0066439 secs] [Times: user=0.09 sys=0.00, real=0.00 secs] 
2016-09-24T03:13:19.709-0400: 29.696: [GC (GCLocker Initiated GC) [PSYoungGen: 147350K->61952K(150528K)] 561802K->477112K(674816K), 0.0070401 secs] [Times: user=0.11 sys=0.00, real=0.01 secs] 
2016-09-24T03:13:19.770-0400: 29.757: [GC (GCLocker Initiated GC) [PSYoungGen: 150016K->49770K(173568K)] 570655K->475174K(697856K), 0.0060963 secs] [Times: user=0.07 sys=0.00, real=0.01 secs] 
2016-09-24T03:13:19.833-0400: 29.820: [GC (GCLocker Initiated GC) [PSYoungGen: 139370K->32172K(173568K)] 577138K->496304K(697856K), 0.0110153 secs] [Times: user=0.15 sys=0.00, real=0.02 secs] 
2016-09-24T03:13:19.897-0400: 29.884: [GC (GCLocker Initiated GC) [PSYoungGen: 121772K->59281K(176128K)] 594011K->532274K(700416K), 0.0073710 secs] [Times: user=0.10 sys=0.00, real=0.01 secs] 
2016-09-24T03:13:19.953-0400: 29.940: [GC (GCLocker Initiated GC) [PSYoungGen: 150417K->55105K(146432K)] 627179K->532586K(670720K), 0.0073784 secs] [Times: user=0.08 sys=0.00, real=0.01 secs] 
2016-09-24T03:13:20.013-0400: 30.000: [GC (GCLocker Initiated GC) [PSYoungGen: 146241K->39979K(174592K)] 623735K->520798K(698880K), 0.0060649 secs] [Times: user=0.04 sys=0.01, real=0.01 secs] 
2016-09-24T03:13:20.077-0400: 30.064: [Full GC (Ergonomics) [PSYoungGen: 132139K->0K(174592K)] [ParOldGen: 497212K->148947K(524288K)] 629352K->148947K(698880K), [Metaspace: 43508K->43508K(1085440K)], 0.0673307 secs] [Times: user=0.37 sys=0.00, real=0.07 secs] 
2016-09-24T03:13:20.213-0400: 30.200: [GC (GCLocker Initiated GC) [PSYoungGen: 92160K->52692K(175104K)] 253432K->213964K(699392K), 0.0081424 secs] [Times: user=0.10 sys=0.00, real=0.01 secs] 
2016-09-24T03:13:20.275-0400: 30.262: [GC (GCLocker Initiated GC) [PSYoungGen: 144852K->53799K(176640K)] 309093K->219016K(700928K), 0.0052961 secs] [Times: user=0.06 sys=0.00, real=0.00 secs] 
2016-09-24T03:13:20.329-0400: 30.316: [GC (GCLocker Initiated GC) [PSYoungGen: 152103K->76785K(177152K)] 325474K->256217K(701440K), 0.0075490 secs] [Times: user=0.10 sys=0.00, real=0.01 secs] 
2016-09-24T03:13:20.395-0400: 30.382: [GC (GCLocker Initiated GC) [PSYoungGen: 175089K->67279K(176640K)] 355934K->256913K(700928K), 0.0086634 secs] [Times: user=0.12 sys=0.00, real=0.01 secs] 
2016-09-24T03:13:20.449-0400: 30.436: [GC (GCLocker Initiated GC) [PSYoungGen: 159439K->56527K(148992K)] 361254K->286055K(673280K), 0.0159424 secs] [Times: user=0.24 sys=0.02, real=0.02 secs] 
2016-09-24T03:13:20.513-0400: 30.500: [GC (GCLocker Initiated GC) [PSYoungGen: 148687K->79448K(171008K)] 378306K->309732K(695296K), 0.0067682 secs] [Times: user=0.08 sys=0.01, real=0.01 secs] 
2016-09-24T03:13:20.565-0400: 30.552: [GC (GCLocker Initiated GC) [PSYoungGen: 167512K->82137K(175104K)] 403312K->318581K(699392K), 0.0060001 secs] [Times: user=0.08 sys=0.01, real=0.00 secs] 
2016-09-24T03:13:20.618-0400: 30.605: [GC (GCLocker Initiated GC) [PSYoungGen: 170201K->69989K(175104K)] 410014K->323958K(699392K), 0.0068228 secs] [Times: user=0.09 sys=0.01, real=0.01 secs] 
2016-09-24T03:13:20.669-0400: 30.656: [GC (GCLocker Initiated GC) [PSYoungGen: 158053K->57785K(175104K)] 419014K->332897K(699392K), 0.0064601 secs] [Times: user=0.08 sys=0.00, real=0.01 secs] 
2016-09-24T03:13:20.716-0400: 30.702: [GC (GCLocker Initiated GC) [PSYoungGen: 145849K->75250K(175104K)] 422013K->352051K(699392K), 0.0064612 secs] [Times: user=0.08 sys=0.01, real=0.00 secs] 
2016-09-24T03:13:20.767-0400: 30.754: [GC (GCLocker Initiated GC) [PSYoungGen: 163314K->61879K(175104K)] 448327K->363683K(699392K), 0.0064803 secs] [Times: user=0.10 sys=0.00, real=0.00 secs] 
2016-09-24T03:13:20.823-0400: 30.810: [GC (GCLocker Initiated GC) [PSYoungGen: 149943K->76704K(175104K)] 457248K->402208K(699392K), 0.0078938 secs] [Times: user=0.08 sys=0.01, real=0.00 secs] 
2016-09-24T03:13:20.885-0400: 30.872: [GC (GCLocker Initiated GC) [PSYoungGen: 164768K->43001K(175104K)] 490290K->405650K(699392K), 0.0087631 secs] [Times: user=0.10 sys=0.01, real=0.00 secs] 
2016-09-24T03:13:20.940-0400: 30.927: [GC (GCLocker Initiated GC) [PSYoungGen: 131065K->40028K(175104K)] 493819K->404764K(699392K), 0.0061638 secs] [Times: user=0.05 sys=0.01, real=0.01 secs] 
2016-09-24T03:13:20.987-0400: 30.974: [GC (GCLocker Initiated GC) [PSYoungGen: 128092K->48243K(175104K)] 495570K->419067K(699392K), 0.0136555 secs] [Times: user=0.18 sys=0.00, real=0.01 secs] 
2016-09-24T03:13:21.046-0400: 31.033: [GC (GCLocker Initiated GC) [PSYoungGen: 136307K->55147K(175104K)] 507136K->448145K(699392K), 0.0073958 secs] [Times: user=0.10 sys=0.00, real=0.00 secs] 
2016-09-24T03:13:21.104-0400: 31.091: [GC (GCLocker Initiated GC) [PSYoungGen: 143211K->78068K(175104K)] 539036K->474544K(699392K), 0.0069813 secs] [Times: user=0.09 sys=0.01, real=0.00 secs] 
2016-09-24T03:13:21.174-0400: 31.161: [GC (GCLocker Initiated GC) [PSYoungGen: 166132K->30690K(175104K)] 568074K->435978K(699392K), 0.0074225 secs] [Times: user=0.08 sys=0.00, real=0.01 secs] 
2016-09-24T03:13:21.230-0400: 31.217: [GC (GCLocker Initiated GC) [PSYoungGen: 118754K->63197K(175104K)] 526895K->486858K(699392K), 0.0069059 secs] [Times: user=0.09 sys=0.00, real=0.01 secs] 
2016-09-24T03:13:21.286-0400: 31.273: [GC (GCLocker Initiated GC) [PSYoungGen: 151261K->65980K(175104K)] 580348K->507890K(699392K), 0.0078814 secs] [Times: user=0.11 sys=0.00, real=0.00 secs] 
2016-09-24T03:13:21.341-0400: 31.328: [GC (GCLocker Initiated GC) [PSYoungGen: 154044K->41565K(175104K)] 596100K->507259K(699392K), 0.0088690 secs] [Times: user=0.09 sys=0.00, real=0.01 secs] 
2016-09-24T03:13:21.400-0400: 31.387: [GC (GCLocker Initiated GC) [PSYoungGen: 129629K->66037K(175104K)] 598094K->540528K(699392K), 0.0071377 secs] [Times: user=0.10 sys=0.00, real=0.01 secs] 
2016-09-24T03:13:21.460-0400: 31.447: [GC (GCLocker Initiated GC) [PSYoungGen: 154101K->50934K(175104K)] 629889K->554455K(699392K), 0.0111275 secs] [Times: user=0.15 sys=0.00, real=0.01 secs] 
2016-09-24T03:13:21.471-0400: 31.458: [Full GC (Ergonomics) [PSYoungGen: 50934K->0K(175104K)] [ParOldGen: 503521K->158006K(524288K)] 554455K->158006K(699392K), [Metaspace: 43534K->43534K(1085440K)], 0.0655826 secs] [Times: user=0.48 sys=0.01, real=0.07 secs] 
2016-09-24T03:13:21.594-0400: 31.581: [GC (GCLocker Initiated GC) [PSYoungGen: 88064K->47077K(175104K)] 251601K->210614K(699392K), 0.0064149 secs] [Times: user=0.06 sys=0.00, real=0.01 secs] 
2016-09-24T03:13:21.656-0400: 31.643: [GC (GCLocker Initiated GC) [PSYoungGen: 135141K->38889K(175104K)] 298742K->211463K(699392K), 0.0070613 secs] [Times: user=0.05 sys=0.02, real=0.01 secs] 
2016-09-24T03:13:21.719-0400: 31.706: [GC (GCLocker Initiated GC) [PSYoungGen: 126953K->36047K(175104K)] 307675K->220158K(699392K), 0.0061878 secs] [Times: user=0.05 sys=0.01, real=0.01 secs] 
2016-09-24T03:13:21.772-0400: 31.759: [GC (GCLocker Initiated GC) [PSYoungGen: 124111K->46939K(135168K)] 315199K->238726K(659456K), 0.0065413 secs] [Times: user=0.05 sys=0.01, real=0.01 secs] 
2016-09-24T03:13:21.830-0400: 31.817: [GC (GCLocker Initiated GC) [PSYoungGen: 135003K->54954K(176128K)] 328506K->249136K(700416K), 0.0077112 secs] [Times: user=0.07 sys=0.01, real=0.01 secs] 
2016-09-24T03:13:21.890-0400: 31.877: [GC (GCLocker Initiated GC) [PSYoungGen: 145066K->46915K(137216K)] 342045K->244528K(661504K), 0.0051489 secs] [Times: user=0.05 sys=0.01, real=0.01 secs] 
2016-09-24T03:13:21.954-0400: 31.941: [GC (GCLocker Initiated GC) [PSYoungGen: 137027K->40226K(174080K)] 348177K->281738K(698368K), 0.0091141 secs] [Times: user=0.10 sys=0.01, real=0.01 secs] 
2016-09-24T03:13:22.016-0400: 32.003: [GC (GCLocker Initiated GC) [PSYoungGen: 132898K->56437K(173568K)] 379858K->312181K(697856K), 0.0067902 secs] [Times: user=0.07 sys=0.01, real=0.01 secs] 
2016-09-24T03:13:22.074-0400: 32.061: [GC (GCLocker Initiated GC) [PSYoungGen: 149109K->63092K(178176K)] 408932K->335692K(702464K), 0.0071097 secs] [Times: user=0.11 sys=0.00, real=0.01 secs] 
2016-09-24T03:13:22.130-0400: 32.117: [GC (GCLocker Initiated GC) [PSYoungGen: 161396K->55220K(179712K)] 436741K->355513K(704000K), 0.0068368 secs] [Times: user=0.11 sys=0.00, real=0.01 secs] 
2016-09-24T03:13:22.191-0400: 32.178: [GC (GCLocker Initiated GC) [PSYoungGen: 153524K->52508K(176128K)] 464769K->369877K(700416K), 0.0065557 secs] [Times: user=0.09 sys=0.01, real=0.01 secs] 
2016-09-24T03:13:22.254-0400: 32.241: [GC (GCLocker Initiated GC) [PSYoungGen: 153884K->52445K(178176K)] 474161K->373465K(702464K), 0.0064578 secs] [Times: user=0.09 sys=0.00, real=0.00 secs] 
2016-09-24T03:13:22.316-0400: 32.303: [GC (GCLocker Initiated GC) [PSYoungGen: 153821K->48253K(182272K)] 474922K->380859K(706560K), 0.0075076 secs] [Times: user=0.06 sys=0.00, real=0.01 secs] 
2016-09-24T03:13:22.386-0400: 32.373: [GC (GCLocker Initiated GC) [PSYoungGen: 158845K->44299K(183808K)] 491516K->393885K(708096K), 0.0174920 secs] [Times: user=0.29 sys=0.00, real=0.02 secs] 
2016-09-24T03:13:22.464-0400: 32.450: [GC (GCLocker Initiated GC) [PSYoungGen: 154891K->57745K(188416K)] 509976K->416190K(712704K), 0.0157546 secs] [Times: user=0.19 sys=0.00, real=0.01 secs] 
2016-09-24T03:13:22.545-0400: 32.532: [GC (GCLocker Initiated GC) [PSYoungGen: 173969K->49742K(166400K)] 535188K->414418K(690688K), 0.0061089 secs] [Times: user=0.07 sys=0.00, real=0.00 secs] 
2016-09-24T03:13:22.615-0400: 32.602: [GC (GCLocker Initiated GC) [PSYoungGen: 165966K->68846K(182784K)] 530861K->445419K(707072K), 0.0071484 secs] [Times: user=0.10 sys=0.01, real=0.01 secs] 
2016-09-24T03:13:22.682-0400: 32.669: [GC (GCLocker Initiated GC) [PSYoungGen: 180462K->55109K(186880K)] 557120K->440609K(711168K), 0.0070076 secs] [Times: user=0.07 sys=0.00, real=0.00 secs] 
2016-09-24T03:13:22.748-0400: 32.735: [GC (GCLocker Initiated GC) [PSYoungGen: 166725K->61901K(186368K)] 552314K->459135K(710656K), 0.0070687 secs] [Times: user=0.09 sys=0.00, real=0.01 secs] 
2016-09-24T03:13:22.818-0400: 32.805: [GC (GCLocker Initiated GC) [PSYoungGen: 174541K->32161K(144896K)] 574660K->443798K(669184K), 0.0059675 secs] [Times: user=0.05 sys=0.00, real=0.01 secs] 
2016-09-24T03:13:22.879-0400: 32.866: [GC (GCLocker Initiated GC) [PSYoungGen: 144801K->49918K(187392K)] 562046K->492311K(711680K), 0.0081814 secs] [Times: user=0.08 sys=0.01, real=0.01 secs] 
2016-09-24T03:13:22.950-0400: 32.937: [GC (GCLocker Initiated GC) [PSYoungGen: 160510K->45650K(156672K)] 608365K->505094K(680960K), 0.0077111 secs] [Times: user=0.06 sys=0.00, real=0.01 secs] 
2016-09-24T03:13:23.013-0400: 33.000: [GC (GCLocker Initiated GC) [PSYoungGen: 156242K->72660K(177152K)] 615744K->533006K(701440K), 0.0079321 secs] [Times: user=0.08 sys=0.01, real=0.01 secs] 
2016-09-24T03:13:23.072-0400: 33.059: [GC (GCLocker Initiated GC) [PSYoungGen: 176084K->61897K(165376K)] 636457K->525648K(689664K), 0.0150395 secs] [Times: user=0.15 sys=0.00, real=0.02 secs] 
2016-09-24T03:13:23.150-0400: 33.137: [GC (GCLocker Initiated GC) [PSYoungGen: 165321K->72862K(174080K)] 641281K->560417K(698368K), 0.0080492 secs] [Times: user=0.10 sys=0.00, real=0.01 secs] 
2016-09-24T03:13:23.215-0400: 33.202: [GC (GCLocker Initiated GC) [PSYoungGen: 167070K->56519K(178176K)] 660088K->550352K(702464K), 0.0060411 secs] [Times: user=0.07 sys=0.00, real=0.00 secs] 
2016-09-24T03:13:23.280-0400: 33.266: [Full GC (Ergonomics) [PSYoungGen: 150727K->0K(178176K)] [ParOldGen: 500671K->176856K(524288K)] 651399K->176856K(702464K), [Metaspace: 43606K->43606K(1085440K)], 0.0572149 secs] [Times: user=0.41 sys=0.00, real=0.06 secs] 
2016-09-24T03:13:23.380-0400: 33.367: [GC (GCLocker Initiated GC) [PSYoungGen: 93760K->63391K(176640K)] 273317K->242948K(700928K), 0.0057409 secs] [Times: user=0.06 sys=0.01, real=0.01 secs] 
2016-09-24T03:13:23.428-0400: 33.415: [GC (GCLocker Initiated GC) [PSYoungGen: 160159K->76768K(173568K)] 342561K->261347K(697856K), 0.0060629 secs] [Times: user=0.09 sys=0.00, real=0.01 secs] 
2016-09-24T03:13:23.478-0400: 33.465: [GC (GCLocker Initiated GC) [PSYoungGen: 173536K->63332K(176640K)] 360852K->275596K(700928K), 0.0060211 secs] [Times: user=0.08 sys=0.00, real=0.01 secs] 
2016-09-24T03:13:23.543-0400: 33.530: [GC (GCLocker Initiated GC) [PSYoungGen: 153444K->56478K(146944K)] 372639K->287205K(671232K), 0.0077279 secs] [Times: user=0.10 sys=0.00, real=0.00 secs] 
2016-09-24T03:13:23.596-0400: 33.583: [GC (GCLocker Initiated GC) [PSYoungGen: 146590K->67396K(173056K)] 377736K->299263K(697344K), 0.0056798 secs] [Times: user=0.07 sys=0.00, real=0.00 secs] 
2016-09-24T03:13:23.653-0400: 33.640: [GC (GCLocker Initiated GC) [PSYoungGen: 156996K->60494K(173568K)] 397212K->301452K(697856K), 0.0062458 secs] [Times: user=0.07 sys=0.00, real=0.01 secs] 
2016-09-24T03:13:23.708-0400: 33.695: [GC (GCLocker Initiated GC) [PSYoungGen: 150094K->68747K(175616K)] 396526K->315793K(699904K), 0.0071917 secs] [Times: user=0.09 sys=0.00, real=0.01 secs] 
2016-09-24T03:13:23.766-0400: 33.753: [GC (GCLocker Initiated GC) [PSYoungGen: 162443K->56338K(176640K)] 412375K->325926K(700928K), 0.0064327 secs] [Times: user=0.08 sys=0.01, real=0.00 secs] 
2016-09-24T03:13:23.816-0400: 33.803: [GC (GCLocker Initiated GC) [PSYoungGen: 150034K->72600K(175616K)] 422394K->345501K(699904K), 0.0067511 secs] [Times: user=0.08 sys=0.01, real=0.01 secs] 
2016-09-24T03:13:23.875-0400: 33.862: [GC (GCLocker Initiated GC) [PSYoungGen: 166808K->46902K(178176K)] 449391K->335423K(702464K), 0.0055504 secs] [Times: user=0.07 sys=0.00, real=0.00 secs] 
2016-09-24T03:13:23.926-0400: 33.913: [GC (GCLocker Initiated GC) [PSYoungGen: 141110K->56313K(175104K)] 429693K->346824K(699392K), 0.0100611 secs] [Times: user=0.11 sys=0.00, real=0.01 secs] 
2016-09-24T03:13:23.985-0400: 33.972: [GC (GCLocker Initiated GC) [PSYoungGen: 150521K->41540K(176640K)] 442550K->355732K(700928K), 0.0053423 secs] [Times: user=0.05 sys=0.01, real=0.00 secs] 
2016-09-24T03:13:24.033-0400: 34.020: [GC (GCLocker Initiated GC) [PSYoungGen: 135748K->68398K(176640K)] 452735K->396810K(700928K), 0.0088071 secs] [Times: user=0.13 sys=0.00, real=0.01 secs] 
2016-09-24T03:13:24.092-0400: 34.079: [GC (GCLocker Initiated GC) [PSYoungGen: 161582K->55057K(148480K)] 496782K->390699K(672768K), 0.0062917 secs] [Times: user=0.08 sys=0.01, real=0.01 secs] 
2016-09-24T03:13:24.146-0400: 34.133: [GC (GCLocker Initiated GC) [PSYoungGen: 148241K->46756K(177664K)] 492016K->391123K(701952K), 0.0095870 secs] [Times: user=0.10 sys=0.00, real=0.01 secs] 
2016-09-24T03:13:24.203-0400: 34.190: [GC (GCLocker Initiated GC) [PSYoungGen: 141476K->54769K(177152K)] 488635K->413201K(701440K), 0.0069558 secs] [Times: user=0.06 sys=0.01, real=0.00 secs] 
2016-09-24T03:13:24.264-0400: 34.251: [GC (GCLocker Initiated GC) [PSYoungGen: 149489K->49622K(178176K)] 514734K->426123K(702464K), 0.0065375 secs] [Times: user=0.08 sys=0.00, real=0.00 secs] 
2016-09-24T03:13:24.335-0400: 34.322: [GC (GCLocker Initiated GC) [PSYoungGen: 147414K->37511K(177152K)] 541518K->445617K(701440K), 0.0072401 secs] [Times: user=0.07 sys=0.00, real=0.00 secs] 
2016-09-24T03:13:24.389-0400: 34.376: [GC (GCLocker Initiated GC) [PSYoungGen: 135303K->55005K(178688K)] 546329K->482828K(702976K), 0.0066818 secs] [Times: user=0.08 sys=0.00, real=0.01 secs] 
2016-09-24T03:13:24.460-0400: 34.447: [GC (GCLocker Initiated GC) [PSYoungGen: 157405K->64467K(180224K)] 590676K->498206K(704512K), 0.0070509 secs] [Times: user=0.09 sys=0.00, real=0.01 secs] 
2016-09-24T03:13:24.529-0400: 34.516: [GC (GCLocker Initiated GC) [PSYoungGen: 166867K->41613K(182784K)] 619703K->495009K(707072K), 0.0058886 secs] [Times: user=0.08 sys=0.00, real=0.01 secs] 
2016-09-24T03:13:24.589-0400: 34.576: [GC (GCLocker Initiated GC) [PSYoungGen: 145037K->59130K(162816K)] 604075K->518857K(687104K), 0.0073368 secs] [Times: user=0.08 sys=0.02, real=0.01 secs] 
2016-09-24T03:13:24.664-0400: 34.650: [GC (GCLocker Initiated GC) [PSYoungGen: 162554K->69918K(177152K)] 622322K->530206K(701440K), 0.0094645 secs] [Times: user=0.13 sys=0.01, real=0.00 secs] 
2016-09-24T03:13:24.726-0400: 34.713: [GC (GCLocker Initiated GC) [PSYoungGen: 168222K->37326K(135680K)] 632597K->536059K(659968K), 0.0069064 secs] [Times: user=0.07 sys=0.00, real=0.00 secs] 
2016-09-24T03:13:24.733-0400: 34.720: [Full GC (Ergonomics) [PSYoungGen: 37326K->0K(135680K)] [ParOldGen: 498733K->188600K(524288K)] 536059K->188600K(659968K), [Metaspace: 43669K->43669K(1087488K)], 0.0547956 secs] [Times: user=0.33 sys=0.02, real=0.06 secs] 
2016-09-24T03:13:24.843-0400: 34.830: [GC (GCLocker Initiated GC) [PSYoungGen: 98304K->55477K(181760K)] 295076K->252258K(706048K), 0.0069753 secs] [Times: user=0.09 sys=0.01, real=0.00 secs] 
2016-09-24T03:13:24.912-0400: 34.899: [GC (GCLocker Initiated GC) [PSYoungGen: 154805K->49776K(149504K)] 365268K->261168K(673792K), 0.0049797 secs] [Times: user=0.07 sys=0.00, real=0.01 secs] 
2016-09-24T03:13:24.966-0400: 34.953: [GC (GCLocker Initiated GC) [PSYoungGen: 149104K->71268K(173568K)] 363430K->286234K(697856K), 0.0059693 secs] [Times: user=0.09 sys=0.00, real=0.00 secs] 
2016-09-24T03:13:25.018-0400: 35.005: [GC (GCLocker Initiated GC) [PSYoungGen: 166500K->82109K(177664K)] 384310K->303167K(701952K), 0.0064814 secs] [Times: user=0.10 sys=0.00, real=0.01 secs] 
2016-09-24T03:13:25.073-0400: 35.060: [GC (GCLocker Initiated GC) [PSYoungGen: 177341K->61804K(172544K)] 401128K->296949K(696832K), 0.0095095 secs] [Times: user=0.15 sys=0.00, real=0.02 secs] 
2016-09-24T03:13:25.131-0400: 35.118: [GC (GCLocker Initiated GC) [PSYoungGen: 149868K->53684K(175104K)] 390471K->319145K(699392K), 0.0068011 secs] [Times: user=0.11 sys=0.00, real=0.01 secs] 
2016-09-24T03:13:25.183-0400: 35.170: [GC (GCLocker Initiated GC) [PSYoungGen: 141748K->63134K(173056K)] 416689K->354861K(697344K), 0.0063134 secs] [Times: user=0.09 sys=0.01, real=0.00 secs] 
2016-09-24T03:13:25.240-0400: 35.227: [GC (GCLocker Initiated GC) [PSYoungGen: 152734K->49588K(174592K)] 444534K->364928K(698880K), 0.0087607 secs] [Times: user=0.11 sys=0.01, real=0.01 secs] 
2016-09-24T03:13:25.293-0400: 35.280: [GC (GCLocker Initiated GC) [PSYoungGen: 139188K->34621K(176128K)] 454613K->363990K(700416K), 0.0069131 secs] [Times: user=0.06 sys=0.00, real=0.01 secs] 
2016-09-24T03:13:25.346-0400: 35.333: [GC (GCLocker Initiated GC) [PSYoungGen: 126781K->56478K(148992K)] 456197K->408172K(673280K), 0.0152626 secs] [Times: user=0.18 sys=0.00, real=0.01 secs] 
2016-09-24T03:13:25.423-0400: 35.410: [GC (GCLocker Initiated GC) [PSYoungGen: 148638K->33346K(174592K)] 512578K->400625K(698880K), 0.0058600 secs] [Times: user=0.05 sys=0.00, real=0.00 secs] 
2016-09-24T03:13:25.473-0400: 35.460: [GC (GCLocker Initiated GC) [PSYoungGen: 125506K->44059K(175616K)] 492946K->425697K(699904K), 0.0065859 secs] [Times: user=0.07 sys=0.00, real=0.01 secs] 
2016-09-24T03:13:25.523-0400: 35.509: [GC (GCLocker Initiated GC) [PSYoungGen: 136219K->59206K(177664K)] 518053K->468595K(701952K), 0.0074897 secs] [Times: user=0.09 sys=0.00, real=0.00 secs] 
2016-09-24T03:13:25.574-0400: 35.561: [GC (GCLocker Initiated GC) [PSYoungGen: 155462K->49469K(178176K)] 564952K->459578K(702464K), 0.0063150 secs] [Times: user=0.06 sys=0.01, real=0.01 secs] 
2016-09-24T03:13:25.636-0400: 35.623: [GC (GCLocker Initiated GC) [PSYoungGen: 145725K->60473K(177664K)] 562740K->478093K(701952K), 0.0060633 secs] [Times: user=0.08 sys=0.00, real=0.01 secs] 
2016-09-24T03:13:25.700-0400: 35.687: [GC (GCLocker Initiated GC) [PSYoungGen: 158777K->37480K(178176K)] 583205K->478725K(702464K), 0.0054150 secs] [Times: user=0.06 sys=0.00, real=0.01 secs] 
2016-09-24T03:13:25.754-0400: 35.741: [GC (GCLocker Initiated GC) [PSYoungGen: 135784K->59080K(182272K)] 579839K->503789K(706560K), 0.0068256 secs] [Times: user=0.09 sys=0.00, real=0.01 secs] 
2016-09-24T03:13:25.815-0400: 35.802: [GC (GCLocker Initiated GC) [PSYoungGen: 161480K->40160K(142848K)] 615658K->508421K(667136K), 0.0064737 secs] [Times: user=0.06 sys=0.01, real=0.00 secs] 
2016-09-24T03:13:25.868-0400: 35.855: [GC (GCLocker Initiated GC) [PSYoungGen: 142560K->53853K(183808K)] 620346K->543169K(708096K), 0.0056517 secs] [Times: user=0.08 sys=0.00, real=0.00 secs] 
2016-09-24T03:13:25.923-0400: 35.910: [Full GC (Ergonomics) [PSYoungGen: 158301K->0K(183808K)] [ParOldGen: 493477K->199386K(524288K)] 651778K->199386K(708096K), [Metaspace: 43689K->43689K(1087488K)], 0.0613854 secs] [Times: user=0.45 sys=0.01, real=0.06 secs] 
2016-09-24T03:13:26.035-0400: 36.022: [GC (GCLocker Initiated GC) [PSYoungGen: 104448K->71552K(176128K)] 306650K->273754K(700416K), 0.0115090 secs] [Times: user=0.16 sys=0.01, real=0.01 secs] 
2016-09-24T03:13:26.093-0400: 36.080: [GC (GCLocker Initiated GC) [PSYoungGen: 176000K->56490K(181760K)] 385092K->285362K(706048K), 0.0071129 secs] [Times: user=0.08 sys=0.00, real=0.01 secs] 
2016-09-24T03:13:26.147-0400: 36.134: [GC (GCLocker Initiated GC) [PSYoungGen: 155818K->74072K(173568K)] 384763K->303693K(697856K), 0.0063005 secs] [Times: user=0.09 sys=0.00, real=0.00 secs] 
2016-09-24T03:13:26.202-0400: 36.189: [GC (GCLocker Initiated GC) [PSYoungGen: 173400K->61986K(177664K)] 405833K->297811K(701952K), 0.0075725 secs] [Times: user=0.08 sys=0.00, real=0.00 secs] 
2016-09-24T03:13:26.253-0400: 36.240: [GC (GCLocker Initiated GC) [PSYoungGen: 154146K->46837K(139264K)] 392825K->291499K(663552K), 0.0067101 secs] [Times: user=0.06 sys=0.00, real=0.01 secs] 
2016-09-24T03:13:26.311-0400: 36.298: [GC (GCLocker Initiated GC) [PSYoungGen: 138997K->61879K(176128K)] 389097K->326096K(700416K), 0.0062235 secs] [Times: user=0.08 sys=0.00, real=0.01 secs] 
2016-09-24T03:13:26.358-0400: 36.345: [GC (GCLocker Initiated GC) [PSYoungGen: 154551K->52173K(175616K)] 427017K->325279K(699904K), 0.0063912 secs] [Times: user=0.05 sys=0.00, real=0.01 secs] 
2016-09-24T03:13:26.420-0400: 36.407: [GC (GCLocker Initiated GC) [PSYoungGen: 144845K->56511K(177152K)] 424739K->353239K(701440K), 0.0065331 secs] [Times: user=0.07 sys=0.01, real=0.01 secs] 
2016-09-24T03:13:26.480-0400: 36.467: [GC (GCLocker Initiated GC) [PSYoungGen: 154303K->61912K(176640K)] 451254K->375728K(700928K), 0.0070746 secs] [Times: user=0.10 sys=0.01, real=0.01 secs] 
2016-09-24T03:13:26.540-0400: 36.527: [GC (GCLocker Initiated GC) [PSYoungGen: 159704K->28295K(178176K)] 487000K->380581K(702464K), 0.0052780 secs] [Times: user=0.07 sys=0.00, real=0.01 secs] 
2016-09-24T03:13:26.589-0400: 36.576: [GC (GCLocker Initiated GC) [PSYoungGen: 127623K->71223K(171008K)] 479975K->424366K(695296K), 0.0066724 secs] [Times: user=0.09 sys=0.00, real=0.01 secs] 
2016-09-24T03:13:26.641-0400: 36.628: [GC (GCLocker Initiated GC) [PSYoungGen: 170551K->52476K(179712K)] 525190K->410312K(704000K), 0.0060803 secs] [Times: user=0.05 sys=0.01, real=0.01 secs] 
2016-09-24T03:13:26.691-0400: 36.678: [GC (GCLocker Initiated GC) [PSYoungGen: 147196K->61741K(177152K)] 513374K->428623K(701440K), 0.0057090 secs] [Times: user=0.06 sys=0.00, real=0.01 secs] 
2016-09-24T03:13:26.743-0400: 36.730: [GC (GCLocker Initiated GC) [PSYoungGen: 156461K->78082K(170496K)] 523442K->445646K(694784K), 0.0075916 secs] [Times: user=0.11 sys=0.00, real=0.00 secs] 
2016-09-24T03:13:26.796-0400: 36.783: [GC (GCLocker Initiated GC) [PSYoungGen: 166146K->64551K(175104K)] 533935K->446443K(699392K), 0.0071723 secs] [Times: user=0.08 sys=0.00, real=0.01 secs] 
2016-09-24T03:13:26.851-0400: 36.838: [GC (GCLocker Initiated GC) [PSYoungGen: 152615K->69951K(175104K)] 538595K->456536K(699392K), 0.0058975 secs] [Times: user=0.08 sys=0.01, real=0.01 secs] 
2016-09-24T03:13:26.898-0400: 36.885: [GC (GCLocker Initiated GC) [PSYoungGen: 158015K->75306K(175104K)] 544726K->478838K(699392K), 0.0120484 secs] [Times: user=0.19 sys=0.00, real=0.01 secs] 
2016-09-24T03:13:26.956-0400: 36.942: [GC (GCLocker Initiated GC) [PSYoungGen: 163370K->55165K(175104K)] 572465K->485102K(699392K), 0.0070508 secs] [Times: user=0.09 sys=0.00, real=0.01 secs] 
2016-09-24T03:13:27.007-0400: 36.994: [GC (GCLocker Initiated GC) [PSYoungGen: 143229K->74078K(175104K)] 575902K->518251K(699392K), 0.0106472 secs] [Times: user=0.12 sys=0.01, real=0.01 secs] 
2016-09-24T03:13:27.062-0400: 37.049: [GC (GCLocker Initiated GC) [PSYoungGen: 162142K->67238K(175104K)] 609070K->516144K(699392K), 0.0056964 secs] [Times: user=0.07 sys=0.00, real=0.00 secs] 
2016-09-24T03:13:27.111-0400: 37.098: [GC (GCLocker Initiated GC) [PSYoungGen: 155302K->60424K(175104K)] 604279K->523469K(699392K), 0.0060275 secs] [Times: user=0.08 sys=0.00, real=0.01 secs] 
2016-09-24T03:13:27.159-0400: 37.146: [GC (GCLocker Initiated GC) [PSYoungGen: 148488K->64564K(174080K)] 611555K->549831K(698368K), 0.0070316 secs] [Times: user=0.11 sys=0.00, real=0.01 secs] 
2016-09-24T03:13:27.215-0400: 37.202: [GC (GCLocker Initiated GC) [PSYoungGen: 152628K->67251K(174592K)] 643492K->560086K(698880K), 0.0076690 secs] [Times: user=0.10 sys=0.01, real=0.01 secs] 
2016-09-24T03:13:27.223-0400: 37.210: [Full GC (Ergonomics) [PSYoungGen: 67251K->0K(174592K)] [ParOldGen: 492834K->217279K(524288K)] 560086K->217279K(698880K), [Metaspace: 43702K->43702K(1087488K)], 0.0585356 secs] [Times: user=0.45 sys=0.01, real=0.05 secs] 
2016-09-24T03:13:27.326-0400: 37.313: [GC (GCLocker Initiated GC) [PSYoungGen: 88064K->63598K(171520K)] 310837K->286371K(695808K), 0.0068875 secs] [Times: user=0.06 sys=0.00, real=0.00 secs] 
2016-09-24T03:13:27.384-0400: 37.371: [GC (GCLocker Initiated GC) [PSYoungGen: 153198K->61883K(173568K)] 376574K->307801K(697856K), 0.0062070 secs] [Times: user=0.09 sys=0.00, real=0.00 secs] 
2016-09-24T03:13:27.432-0400: 37.419: [GC (GCLocker Initiated GC) [PSYoungGen: 151483K->71321K(176640K)] 400146K->328744K(700928K), 0.0065418 secs] [Times: user=0.09 sys=0.01, real=0.01 secs] 
2016-09-24T03:13:27.484-0400: 37.471: [GC (GCLocker Initiated GC) [PSYoungGen: 166041K->79433K(174592K)] 423495K->348344K(698880K), 0.0067169 secs] [Times: user=0.09 sys=0.00, real=0.00 secs] 
2016-09-24T03:13:27.536-0400: 37.523: [GC (GCLocker Initiated GC) [PSYoungGen: 174153K->86280K(175104K)] 443166K->358605K(699392K), 0.0066928 secs] [Times: user=0.09 sys=0.00, real=0.01 secs] 
2016-09-24T03:13:27.585-0400: 37.572: [GC (GCLocker Initiated GC) [PSYoungGen: 174344K->68633K(175104K)] 446893K->374277K(699392K), 0.0071154 secs] [Times: user=0.10 sys=0.00, real=0.00 secs] 
2016-09-24T03:13:27.639-0400: 37.626: [GC (GCLocker Initiated GC) [PSYoungGen: 156697K->52465K(175104K)] 467941K->375130K(699392K), 0.0070896 secs] [Times: user=0.08 sys=0.01, real=0.01 secs] 
2016-09-24T03:13:27.694-0400: 37.681: [GC (GCLocker Initiated GC) [PSYoungGen: 140529K->59138K(175104K)] 468708K->389292K(699392K), 0.0057648 secs] [Times: user=0.08 sys=0.00, real=0.00 secs] 
2016-09-24T03:13:27.744-0400: 37.731: [GC (GCLocker Initiated GC) [PSYoungGen: 147202K->56547K(175104K)] 478718K->390036K(699392K), 0.0078575 secs] [Times: user=0.10 sys=0.01, real=0.00 secs] 
2016-09-24T03:13:27.790-0400: 37.777: [GC (GCLocker Initiated GC) [PSYoungGen: 144611K->72542K(175104K)] 478310K->409698K(699392K), 0.0065629 secs] [Times: user=0.08 sys=0.00, real=0.01 secs] 
2016-09-24T03:13:27.841-0400: 37.828: [GC (GCLocker Initiated GC) [PSYoungGen: 160606K->71301K(175104K)] 503236K->429365K(699392K), 0.0074692 secs] [Times: user=0.11 sys=0.00, real=0.01 secs] 
2016-09-24T03:13:27.893-0400: 37.880: [GC (GCLocker Initiated GC) [PSYoungGen: 159365K->67283K(175104K)] 522973K->447728K(699392K), 0.0101618 secs] [Times: user=0.14 sys=0.01, real=0.02 secs] 
2016-09-24T03:13:27.949-0400: 37.936: [GC (GCLocker Initiated GC) [PSYoungGen: 155347K->34786K(175104K)] 541203K->436161K(699392K), 0.0069607 secs] [Times: user=0.05 sys=0.00, real=0.01 secs] 
2016-09-24T03:13:28.008-0400: 37.995: [GC (GCLocker Initiated GC) [PSYoungGen: 122850K->44352K(175104K)] 524230K->451815K(699392K), 0.0062843 secs] [Times: user=0.05 sys=0.00, real=0.00 secs] 
2016-09-24T03:13:28.066-0400: 38.053: [GC (GCLocker Initiated GC) [PSYoungGen: 132416K->49688K(175104K)] 540066K->468858K(699392K), 0.0089369 secs] [Times: user=0.11 sys=0.01, real=0.01 secs] 
2016-09-24T03:13:28.121-0400: 38.108: [GC (GCLocker Initiated GC) [PSYoungGen: 137752K->59272K(175104K)] 565203K->487434K(699392K), 0.0105981 secs] [Times: user=0.15 sys=0.02, real=0.01 secs] 
2016-09-24T03:13:28.179-0400: 38.166: [GC (GCLocker Initiated GC) [PSYoungGen: 147336K->55068K(171008K)] 581043K->490785K(695296K), 0.0066246 secs] [Times: user=0.07 sys=0.00, real=0.01 secs] 
2016-09-24T03:13:28.231-0400: 38.218: [GC (GCLocker Initiated GC) [PSYoungGen: 143132K->48241K(173056K)] 578964K->490140K(697344K), 0.0073358 secs] [Times: user=0.07 sys=0.00, real=0.01 secs] 
2016-09-24T03:13:28.277-0400: 38.264: [GC (GCLocker Initiated GC) [PSYoungGen: 136305K->75382K(172544K)] 578245K->534161K(696832K), 0.0070934 secs] [Times: user=0.10 sys=0.00, real=0.01 secs] 
2016-09-24T03:13:28.331-0400: 38.318: [GC (GCLocker Initiated GC) [PSYoungGen: 163446K->69938K(175104K)] 622326K->540258K(699392K), 0.0073860 secs] [Times: user=0.10 sys=0.02, real=0.01 secs] 
2016-09-24T03:13:28.384-0400: 38.371: [GC (GCLocker Initiated GC) [PSYoungGen: 158002K->51084K(175104K)] 636537K->539628K(699392K), 0.0093672 secs] [Times: user=0.09 sys=0.00, real=0.00 secs] 
2016-09-24T03:13:28.443-0400: 38.430: [GC (GCLocker Initiated GC) [PSYoungGen: 139148K->64563K(175104K)] 635889K->579620K(699392K), 0.0134155 secs] [Times: user=0.16 sys=0.02, real=0.01 secs] 
2016-09-24T03:13:28.457-0400: 38.444: [Full GC (Ergonomics) [PSYoungGen: 64563K->0K(175104K)] [ParOldGen: 515056K->229067K(524288K)] 579620K->229067K(699392K), [Metaspace: 43723K->43723K(1087488K)], 0.0460557 secs] [Times: user=0.34 sys=0.00, real=0.05 secs] 
2016-09-24T03:13:28.552-0400: 38.539: [GC (GCLocker Initiated GC) [PSYoungGen: 88064K->71580K(175104K)] 319937K->303453K(699392K), 0.0069903 secs] [Times: user=0.08 sys=0.01, real=0.01 secs] 
2016-09-24T03:13:28.617-0400: 38.604: [GC (GCLocker Initiated GC) [PSYoungGen: 159644K->49707K(175104K)] 399703K->300048K(699392K), 0.0133875 secs] [Times: user=0.17 sys=0.02, real=0.01 secs] 
2016-09-24T03:13:28.673-0400: 38.660: [GC (GCLocker Initiated GC) [PSYoungGen: 137771K->45500K(175104K)] 391068K->323684K(699392K), 0.0067132 secs] [Times: user=0.07 sys=0.00, real=0.01 secs] 
2016-09-24T03:13:28.726-0400: 38.713: [GC (GCLocker Initiated GC) [PSYoungGen: 133564K->55047K(143360K)] 414463K->336632K(667648K), 0.0124120 secs] [Times: user=0.17 sys=0.00, real=0.01 secs] 
2016-09-24T03:13:28.785-0400: 38.772: [GC (GCLocker Initiated GC) [PSYoungGen: 143111K->30463K(172032K)] 424770K->320817K(696320K), 0.0183547 secs] [Times: user=0.21 sys=0.00, real=0.02 secs] 
2016-09-24T03:13:28.844-0400: 38.831: [GC (GCLocker Initiated GC) [PSYoungGen: 116991K->72665K(173568K)] 410130K->386618K(697856K), 0.0073954 secs] [Times: user=0.10 sys=0.00, real=0.00 secs] 
2016-09-24T03:13:28.893-0400: 38.880: [GC (GCLocker Initiated GC) [PSYoungGen: 159193K->63247K(175104K)] 473197K->402211K(699392K), 0.0069007 secs] [Times: user=0.09 sys=0.00, real=0.01 secs] 
2016-09-24T03:13:28.951-0400: 38.938: [GC (GCLocker Initiated GC) [PSYoungGen: 151311K->39998K(175104K)] 493111K->394559K(699392K), 0.0108572 secs] [Times: user=0.12 sys=0.00, real=0.01 secs] 
2016-09-24T03:13:29.010-0400: 38.996: [GC (GCLocker Initiated GC) [PSYoungGen: 128062K->72832K(175104K)] 482798K->430860K(699392K), 0.0075868 secs] [Times: user=0.10 sys=0.00, real=0.01 secs] 
2016-09-24T03:13:29.064-0400: 39.050: [GC (GCLocker Initiated GC) [PSYoungGen: 160896K->55184K(175104K)] 528121K->433962K(699392K), 0.0078569 secs] [Times: user=0.10 sys=0.00, real=0.00 secs] 
2016-09-24T03:13:29.112-0400: 39.099: [GC (GCLocker Initiated GC) [PSYoungGen: 143248K->79292K(175104K)] 522123K->458815K(699392K), 0.0077469 secs] [Times: user=0.11 sys=0.01, real=0.01 secs] 
2016-09-24T03:13:29.163-0400: 39.150: [GC (GCLocker Initiated GC) [PSYoungGen: 167356K->53739K(175104K)] 552386K->460937K(699392K), 0.0066127 secs] [Times: user=0.10 sys=0.00, real=0.00 secs] 
2016-09-24T03:13:29.225-0400: 39.212: [GC (Allocation Failure) [PSYoungGen: 141803K->33656K(175104K)] 561239K->476674K(699392K), 0.0058081 secs] [Times: user=0.08 sys=0.00, real=0.00 secs] 
2016-09-24T03:13:29.275-0400: 39.262: [GC (GCLocker Initiated GC) [PSYoungGen: 120904K->59103K(175104K)] 569323K->527213K(699392K), 0.0063756 secs] [Times: user=0.09 sys=0.00, real=0.00 secs] 
2016-09-24T03:13:29.324-0400: 39.311: [GC (GCLocker Initiated GC) [PSYoungGen: 147167K->57734K(175104K)] 624864K->535980K(699392K), 0.0059123 secs] [Times: user=0.07 sys=0.00, real=0.00 secs] 
2016-09-24T03:13:29.376-0400: 39.362: [GC (GCLocker Initiated GC) [PSYoungGen: 145798K->55126K(143360K)] 630510K->551208K(667648K), 0.0093713 secs] [Times: user=0.11 sys=0.00, real=0.01 secs] 
2016-09-24T03:13:29.385-0400: 39.372: [Full GC (Ergonomics) [PSYoungGen: 55126K->0K(143360K)] [ParOldGen: 496082K->228791K(524288K)] 551208K->228791K(667648K), [Metaspace: 43730K->43730K(1087488K)], 0.0558003 secs] [Times: user=0.50 sys=0.01, real=0.05 secs] 
2016-09-24T03:13:29.487-0400: 39.474: [GC (GCLocker Initiated GC) [PSYoungGen: 88064K->56670K(175104K)] 327969K->296575K(699392K), 0.0059559 secs] [Times: user=0.09 sys=0.00, real=0.00 secs] 
2016-09-24T03:13:29.541-0400: 39.528: [GC (GCLocker Initiated GC) [PSYoungGen: 147294K->49886K(172544K)] 403560K->309683K(696832K), 0.0062470 secs] [Times: user=0.06 sys=0.00, real=0.01 secs] 
2016-09-24T03:13:29.590-0400: 39.577: [GC (GCLocker Initiated GC) [PSYoungGen: 140510K->53634K(178176K)] 408500K->335808K(702464K), 0.0065822 secs] [Times: user=0.06 sys=0.00, real=0.01 secs] 
2016-09-24T03:13:29.641-0400: 39.628: [GC (GCLocker Initiated GC) [PSYoungGen: 151426K->60435K(176128K)] 433628K->355315K(700416K), 0.0096607 secs] [Times: user=0.09 sys=0.01, real=0.01 secs] 
2016-09-24T03:13:29.700-0400: 39.687: [GC (GCLocker Initiated GC) [PSYoungGen: 158227K->49572K(182272K)] 455833K->347821K(706560K), 0.0064095 secs] [Times: user=0.06 sys=0.00, real=0.01 secs] 
2016-09-24T03:13:29.754-0400: 39.741: [GC (GCLocker Initiated GC) [PSYoungGen: 154020K->75409K(180224K)] 452331K->396011K(704512K), 0.0076219 secs] [Times: user=0.11 sys=0.00, real=0.01 secs] 
2016-09-24T03:13:29.820-0400: 39.807: [GC (GCLocker Initiated GC) [PSYoungGen: 179857K->61885K(180736K)] 505961K->396711K(705024K), 0.0064254 secs] [Times: user=0.07 sys=0.01, real=0.01 secs] 
2016-09-24T03:13:29.876-0400: 39.863: [GC (GCLocker Initiated GC) [PSYoungGen: 160701K->71333K(170496K)] 501089K->423224K(694784K), 0.0074575 secs] [Times: user=0.10 sys=0.01, real=0.01 secs] 
2016-09-24T03:13:29.926-0400: 39.913: [GC (GCLocker Initiated GC) [PSYoungGen: 170149K->73991K(172032K)] 522079K->440073K(696320K), 0.0072068 secs] [Times: user=0.10 sys=0.00, real=0.00 secs] 
2016-09-24T03:13:29.972-0400: 39.959: [GC (GCLocker Initiated GC) [PSYoungGen: 162055K->68654K(175104K)] 530969K->454380K(699392K), 0.0072563 secs] [Times: user=0.10 sys=0.00, real=0.01 secs] 
2016-09-24T03:13:30.023-0400: 40.010: [GC (GCLocker Initiated GC) [PSYoungGen: 156718K->45608K(175104K)] 550588K->440024K(699392K), 0.0080058 secs] [Times: user=0.07 sys=0.00, real=0.00 secs] 
2016-09-24T03:13:30.080-0400: 40.067: [GC (GCLocker Initiated GC) [PSYoungGen: 133672K->36030K(175104K)] 528312K->431312K(699392K), 0.0290046 secs] [Times: user=0.34 sys=0.01, real=0.03 secs] 
2016-09-24T03:13:30.150-0400: 40.137: [GC (GCLocker Initiated GC) [PSYoungGen: 124094K->65839K(175104K)] 524867K->486170K(699392K), 0.0071310 secs] [Times: user=0.08 sys=0.01, real=0.01 secs] 
2016-09-24T03:13:30.204-0400: 40.191: [GC (GCLocker Initiated GC) [PSYoungGen: 153903K->72727K(175104K)] 577110K->512693K(699392K), 0.0201355 secs] [Times: user=0.26 sys=0.00, real=0.02 secs] 
2016-09-24T03:13:30.271-0400: 40.258: [GC (GCLocker Initiated GC) [PSYoungGen: 160791K->46780K(175104K)] 607613K->494251K(699392K), 0.0090712 secs] [Times: user=0.10 sys=0.00, real=0.01 secs] 
2016-09-24T03:13:30.328-0400: 40.315: [GC (GCLocker Initiated GC) [PSYoungGen: 134844K->67276K(175104K)] 582367K->515390K(699392K), 0.0084025 secs] [Times: user=0.11 sys=0.00, real=0.01 secs] 
2016-09-24T03:13:30.388-0400: 40.375: [GC (GCLocker Initiated GC) [PSYoungGen: 155340K->68623K(175104K)] 609022K->522901K(699392K), 0.0068537 secs] [Times: user=0.10 sys=0.01, real=0.01 secs] 
2016-09-24T03:13:30.440-0400: 40.427: [GC (GCLocker Initiated GC) [PSYoungGen: 156687K->65974K(175104K)] 613863K->525135K(699392K), 0.0060704 secs] [Times: user=0.08 sys=0.00, real=0.01 secs] 
2016-09-24T03:13:30.489-0400: 40.475: [GC (GCLocker Initiated GC) [PSYoungGen: 154038K->71310K(175104K)] 618718K->548747K(699392K), 0.0070365 secs] [Times: user=0.11 sys=0.01, real=0.01 secs] 
2016-09-24T03:13:30.540-0400: 40.527: [GC (GCLocker Initiated GC) [PSYoungGen: 159374K->79338K(175104K)] 636865K->560070K(699392K), 0.0078666 secs] [Times: user=0.07 sys=0.00, real=0.01 secs] 
2016-09-24T03:13:30.592-0400: 40.579: [GC (GCLocker Initiated GC) [PSYoungGen: 167402K->59033K(175104K)] 655091K->564886K(699392K), 0.0114075 secs] [Times: user=0.17 sys=0.01, real=0.02 secs] 
2016-09-24T03:13:30.603-0400: 40.590: [Full GC (Ergonomics) [PSYoungGen: 59033K->0K(175104K)] [ParOldGen: 505853K->198912K(524288K)] 564886K->198912K(699392K), [Metaspace: 43731K->43731K(1087488K)], 0.0615662 secs] [Times: user=0.56 sys=0.00, real=0.06 secs] 
2016-09-24T03:13:30.711-0400: 40.698: [GC (GCLocker Initiated GC) [PSYoungGen: 88064K->81423K(175104K)] 289799K->283158K(699392K), 0.0067753 secs] [Times: user=0.10 sys=0.01, real=0.01 secs] 
2016-09-24T03:13:30.770-0400: 40.757: [GC (GCLocker Initiated GC) [PSYoungGen: 169487K->44369K(175104K)] 378002K->277110K(699392K), 0.0078937 secs] [Times: user=0.11 sys=0.00, real=0.01 secs] 
2016-09-24T03:13:30.835-0400: 40.822: [GC (GCLocker Initiated GC) [PSYoungGen: 132433K->47101K(175104K)] 373704K->298535K(699392K), 0.0061767 secs] [Times: user=0.09 sys=0.00, real=0.00 secs] 
2016-09-24T03:13:30.886-0400: 40.873: [GC (GCLocker Initiated GC) [PSYoungGen: 135165K->56488K(175104K)] 386684K->310062K(699392K), 0.0066997 secs] [Times: user=0.05 sys=0.01, real=0.00 secs] 
2016-09-24T03:13:30.941-0400: 40.928: [GC (GCLocker Initiated GC) [PSYoungGen: 144552K->60729K(175104K)] 398281K->335285K(699392K), 0.0070756 secs] [Times: user=0.11 sys=0.00, real=0.01 secs] 
2016-09-24T03:13:30.993-0400: 40.980: [GC (GCLocker Initiated GC) [PSYoungGen: 148793K->72781K(175104K)] 423577K->364574K(699392K), 0.0077323 secs] [Times: user=0.11 sys=0.02, real=0.01 secs] 
2016-09-24T03:13:31.059-0400: 41.046: [GC (GCLocker Initiated GC) [PSYoungGen: 160845K->49896K(175104K)] 456834K->358778K(699392K), 0.0063734 secs] [Times: user=0.10 sys=0.00, real=0.01 secs] 
2016-09-24T03:13:31.121-0400: 41.108: [GC (GCLocker Initiated GC) [PSYoungGen: 137960K->52464K(175104K)] 453630K->368851K(699392K), 0.0055935 secs] [Times: user=0.08 sys=0.00, real=0.01 secs] 
2016-09-24T03:13:31.178-0400: 41.165: [GC (GCLocker Initiated GC) [PSYoungGen: 140528K->47103K(175104K)] 465054K->372337K(699392K), 0.0058901 secs] [Times: user=0.06 sys=0.01, real=0.01 secs] 
2016-09-24T03:13:31.238-0400: 41.225: [GC (GCLocker Initiated GC) [PSYoungGen: 135167K->40291K(175104K)] 463565K->370945K(699392K), 0.0055927 secs] [Times: user=0.06 sys=0.00, real=0.01 secs] 
2016-09-24T03:13:31.288-0400: 41.275: [GC (GCLocker Initiated GC) [PSYoungGen: 128355K->60503K(175104K)] 459133K->392006K(699392K), 0.0063455 secs] [Times: user=0.08 sys=0.00, real=0.01 secs] 
2016-09-24T03:13:31.342-0400: 41.329: [GC (GCLocker Initiated GC) [PSYoungGen: 148567K->58161K(169984K)] 485500K->395773K(694272K), 0.0062105 secs] [Times: user=0.10 sys=0.00, real=0.01 secs] 
2016-09-24T03:13:31.392-0400: 41.379: [GC (GCLocker Initiated GC) [PSYoungGen: 146225K->64785K(172544K)] 489248K->408757K(696832K), 0.0067703 secs] [Times: user=0.08 sys=0.01, real=0.01 secs] 
2016-09-24T03:13:31.451-0400: 41.438: [GC (GCLocker Initiated GC) [PSYoungGen: 152849K->74334K(172544K)] 499577K->421933K(696832K), 0.0079859 secs] [Times: user=0.10 sys=0.01, real=0.01 secs] 
2016-09-24T03:13:31.510-0400: 41.497: [GC (GCLocker Initiated GC) [PSYoungGen: 162398K->68840K(175104K)] 513475K->420854K(699392K), 0.0073576 secs] [Times: user=0.11 sys=0.00, real=0.01 secs] 
2016-09-24T03:13:31.580-0400: 41.567: [GC (GCLocker Initiated GC) [PSYoungGen: 156904K->53886K(174080K)] 511767K->412333K(698368K), 0.0061436 secs] [Times: user=0.09 sys=0.00, real=0.01 secs] 
2016-09-24T03:13:31.631-0400: 41.618: [GC (GCLocker Initiated GC) [PSYoungGen: 141950K->64885K(174592K)] 501772K->433555K(698880K), 0.0131197 secs] [Times: user=0.21 sys=0.00, real=0.02 secs] 
2016-09-24T03:13:31.694-0400: 41.681: [GC (GCLocker Initiated GC) [PSYoungGen: 152949K->58305K(171520K)] 525755K->445574K(695808K), 0.0090683 secs] [Times: user=0.14 sys=0.00, real=0.01 secs] 
2016-09-24T03:13:31.754-0400: 41.741: [GC (GCLocker Initiated GC) [PSYoungGen: 147905K->56689K(173568K)] 547371K->457106K(697856K), 0.0063374 secs] [Times: user=0.07 sys=0.00, real=0.01 secs] 
2016-09-24T03:13:31.811-0400: 41.798: [GC (GCLocker Initiated GC) [PSYoungGen: 146289K->59484K(174080K)] 552291K->487968K(698368K), 0.0067032 secs] [Times: user=0.08 sys=0.00, real=0.01 secs] 
2016-09-24T03:13:31.871-0400: 41.858: [GC (GCLocker Initiated GC) [PSYoungGen: 155740K->78415K(176128K)] 584256K->529485K(700416K), 0.0109318 secs] [Times: user=0.13 sys=0.00, real=0.01 secs] 
2016-09-24T03:13:31.950-0400: 41.937: [GC (GCLocker Initiated GC) [PSYoungGen: 174671K->48650K(177664K)] 631221K->508829K(701952K), 0.0138817 secs] [Times: user=0.16 sys=0.00, real=0.02 secs] 
2016-09-24T03:13:32.019-0400: 42.006: [GC (GCLocker Initiated GC) [PSYoungGen: 141322K->64883K(157696K)] 601617K->526226K(681984K), 0.0147569 secs] [Times: user=0.18 sys=0.01, real=0.02 secs] 
2016-09-24T03:13:32.087-0400: 42.074: [GC (GCLocker Initiated GC) [PSYoungGen: 157555K->70251K(175616K)] 627251K->540932K(699904K), 0.0074923 secs] [Times: user=0.07 sys=0.00, real=0.01 secs] 
2016-09-24T03:13:32.153-0400: 42.140: [GC (GCLocker Initiated GC) [PSYoungGen: 161899K->47200K(176640K)] 632611K->524305K(700928K), 0.0122497 secs] [Times: user=0.13 sys=0.00, real=0.02 secs] 
2016-09-24T03:13:32.226-0400: 42.213: [GC (GCLocker Initiated GC) [PSYoungGen: 138848K->37758K(174592K)] 619038K->522830K(698880K), 0.0076361 secs] [Times: user=0.05 sys=0.01, real=0.00 secs] 
2016-09-24T03:13:32.294-0400: 42.281: [GC (GCLocker Initiated GC) [PSYoungGen: 126846K->40366K(129536K)] 612979K->531585K(653824K), 0.0087872 secs] [Times: user=0.09 sys=0.01, real=0.02 secs] 
2016-09-24T03:13:32.338-0400: 42.325: [GC (GCLocker Initiated GC) [PSYoungGen: 129454K->67299K(175104K)] 620838K->560977K(699392K), 0.0068284 secs] [Times: user=0.08 sys=0.00, real=0.01 secs] 
2016-09-24T03:13:32.399-0400: 42.385: [GC (GCLocker Initiated GC) [PSYoungGen: 155363K->63483K(175104K)] 651985K->582375K(699392K), 0.0080715 secs] [Times: user=0.11 sys=0.01, real=0.01 secs] 
2016-09-24T03:13:32.407-0400: 42.394: [Full GC (Ergonomics) [PSYoungGen: 63483K->0K(175104K)] [ParOldGen: 518891K->218470K(524288K)] 582375K->218470K(699392K), [Metaspace: 43741K->43741K(1087488K)], 0.0547430 secs] [Times: user=0.34 sys=0.02, real=0.05 secs] 
2016-09-24T03:13:32.511-0400: 42.498: [GC (GCLocker Initiated GC) [PSYoungGen: 88064K->68010K(175104K)] 306679K->286626K(699392K), 0.0099224 secs] [Times: user=0.14 sys=0.00, real=0.01 secs] 
2016-09-24T03:13:32.561-0400: 42.548: [GC (GCLocker Initiated GC) [PSYoungGen: 156074K->67465K(175104K)] 374824K->291636K(699392K), 0.0074619 secs] [Times: user=0.08 sys=0.00, real=0.01 secs] 
2016-09-24T03:13:32.621-0400: 42.608: [GC (GCLocker Initiated GC) [PSYoungGen: 155529K->63376K(174080K)] 379842K->308770K(698368K), 0.0099331 secs] [Times: user=0.14 sys=0.00, real=0.01 secs] 
2016-09-24T03:13:32.676-0400: 42.663: [GC (GCLocker Initiated GC) [PSYoungGen: 151440K->78217K(174592K)] 396938K->343403K(698880K), 0.0080197 secs] [Times: user=0.12 sys=0.00, real=0.01 secs] 
2016-09-24T03:13:32.730-0400: 42.717: [GC (GCLocker Initiated GC) [PSYoungGen: 166281K->55269K(175104K)] 438351K->355157K(699392K), 0.0068385 secs] [Times: user=0.10 sys=0.00, real=0.01 secs] 
2016-09-24T03:13:32.784-0400: 42.771: [GC (GCLocker Initiated GC) [PSYoungGen: 143333K->67486K(175104K)] 454129K->381787K(699392K), 0.0082833 secs] [Times: user=0.12 sys=0.01, real=0.00 secs] 
2016-09-24T03:13:32.837-0400: 42.824: [GC (GCLocker Initiated GC) [PSYoungGen: 155550K->66140K(175104K)] 469965K->402890K(699392K), 0.0072070 secs] [Times: user=0.09 sys=0.00, real=0.01 secs] 
2016-09-24T03:13:36.227-0400: 46.214: [GC (GCLocker Initiated GC) [PSYoungGen: 154204K->17253K(175104K)] 510247K->387583K(699392K), 0.0341416 secs] [Times: user=0.43 sys=0.00, real=0.03 secs] 
2016-09-24T03:13:36.331-0400: 46.318: [GC (GCLocker Initiated GC) [PSYoungGen: 105317K->44028K(175104K)] 483840K->438119K(699392K), 0.0069914 secs] [Times: user=0.06 sys=0.01, real=0.01 secs] 
2016-09-24T03:13:36.391-0400: 46.378: [GC (GCLocker Initiated GC) [PSYoungGen: 132092K->63344K(175104K)] 529008K->487793K(699392K), 0.0083408 secs] [Times: user=0.10 sys=0.00, real=0.01 secs] 
2016-09-24T03:13:36.446-0400: 46.433: [GC (GCLocker Initiated GC) [PSYoungGen: 151408K->55244K(175104K)] 582662K->508838K(699392K), 0.0114104 secs] [Times: user=0.16 sys=0.00, real=0.01 secs] 
2016-09-24T03:13:36.503-0400: 46.490: [GC (GCLocker Initiated GC) [PSYoungGen: 143308K->63377K(175104K)] 602393K->547519K(699392K), 0.0079822 secs] [Times: user=0.09 sys=0.00, real=0.00 secs] 
2016-09-24T03:13:36.560-0400: 46.547: [Full GC (Ergonomics) [PSYoungGen: 151441K->0K(175104K)] [ParOldGen: 496520K->247703K(524288K)] 647962K->247703K(699392K), [Metaspace: 43741K->43741K(1087488K)], 0.0634819 secs] [Times: user=0.43 sys=0.01, real=0.07 secs] 
2016-09-24T03:13:36.689-0400: 46.676: [GC (GCLocker Initiated GC) [PSYoungGen: 88064K->36493K(175104K)] 341305K->289735K(699392K), 0.0053497 secs] [Times: user=0.06 sys=0.00, real=0.01 secs] 
2016-09-24T03:13:36.752-0400: 46.739: [GC (GCLocker Initiated GC) [PSYoungGen: 124557K->45438K(133632K)] 380817K->314889K(657920K), 0.0073314 secs] [Times: user=0.06 sys=0.00, real=0.01 secs] 
2016-09-24T03:13:36.811-0400: 46.798: [GC (GCLocker Initiated GC) [PSYoungGen: 133502K->61878K(174592K)] 405886K->345639K(698880K), 0.0074337 secs] [Times: user=0.07 sys=0.00, real=0.01 secs] 
2016-09-24T03:13:36.863-0400: 46.850: [GC (GCLocker Initiated GC) [PSYoungGen: 150454K->71409K(174080K)] 436993K->361296K(698368K), 0.0066941 secs] [Times: user=0.10 sys=0.00, real=0.00 secs] 
2016-09-24T03:13:36.918-0400: 46.905: [GC (GCLocker Initiated GC) [PSYoungGen: 159985K->65951K(175104K)] 452651K->384980K(699392K), 0.0079475 secs] [Times: user=0.12 sys=0.01, real=0.01 secs] 
2016-09-24T03:13:36.983-0400: 46.970: [GC (GCLocker Initiated GC) [PSYoungGen: 154015K->41690K(175104K)] 476803K->385406K(699392K), 0.0074610 secs] [Times: user=0.09 sys=0.01, real=0.00 secs] 
2016-09-24T03:13:37.040-0400: 47.027: [GC (GCLocker Initiated GC) [PSYoungGen: 129754K->70229K(175104K)] 479251K->435286K(699392K), 0.0075985 secs] [Times: user=0.11 sys=0.00, real=0.01 secs] 
2016-09-24T03:13:37.098-0400: 47.085: [GC (GCLocker Initiated GC) [PSYoungGen: 158293K->66054K(175104K)] 528825K->450953K(699392K), 0.0068613 secs] [Times: user=0.09 sys=0.00, real=0.01 secs] 
2016-09-24T03:13:37.153-0400: 47.140: [GC (GCLocker Initiated GC) [PSYoungGen: 154118K->51014K(175104K)] 539612K->445318K(699392K), 0.0075969 secs] [Times: user=0.09 sys=0.00, real=0.01 secs] 
2016-09-24T03:13:37.208-0400: 47.195: [GC (GCLocker Initiated GC) [PSYoungGen: 139078K->37321K(175104K)] 534870K->435175K(699392K), 0.0070164 secs] [Times: user=0.07 sys=0.00, real=0.01 secs] 
2016-09-24T03:13:37.260-0400: 47.247: [GC (GCLocker Initiated GC) [PSYoungGen: 125385K->46996K(175104K)] 528679K->461657K(699392K), 0.0073302 secs] [Times: user=0.11 sys=0.01, real=0.01 secs] 
2016-09-24T03:13:37.314-0400: 47.301: [GC (GCLocker Initiated GC) [PSYoungGen: 135060K->55213K(143360K)] 555245K->492198K(667648K), 0.0095832 secs] [Times: user=0.10 sys=0.01, real=0.02 secs] 
2016-09-24T03:13:37.372-0400: 47.359: [GC (GCLocker Initiated GC) [PSYoungGen: 143277K->75607K(168960K)] 585758K->524157K(693248K), 0.0072514 secs] [Times: user=0.10 sys=0.01, real=0.01 secs] 
2016-09-24T03:13:37.430-0400: 47.417: [GC (GCLocker Initiated GC) [PSYoungGen: 160599K->48481K(172032K)] 617341K->533083K(696320K), 0.0069797 secs] [Times: user=0.09 sys=0.00, real=0.01 secs] 
2016-09-24T03:13:37.494-0400: 47.481: [Full GC (Ergonomics) [PSYoungGen: 133473K->0K(172032K)] [ParOldGen: 490210K->246163K(524288K)] 623683K->246163K(696320K), [Metaspace: 43741K->43741K(1087488K)], 0.0592104 secs] [Times: user=0.58 sys=0.01, real=0.06 secs] 
2016-09-24T03:13:37.596-0400: 47.583: [GC (GCLocker Initiated GC) [PSYoungGen: 84992K->70577K(175104K)] 333923K->319509K(699392K), 0.0064290 secs] [Times: user=0.09 sys=0.00, real=0.01 secs] 
2016-09-24T03:13:37.650-0400: 47.637: [GC (GCLocker Initiated GC) [PSYoungGen: 158641K->66190K(175104K)] 410300K->323082K(699392K), 0.0072633 secs] [Times: user=0.09 sys=0.00, real=0.01 secs] 
2016-09-24T03:13:37.713-0400: 47.700: [GC (GCLocker Initiated GC) [PSYoungGen: 154254K->64823K(175104K)] 420763K->332178K(699392K), 0.0066937 secs] [Times: user=0.09 sys=0.00, real=0.01 secs] 
2016-09-24T03:13:37.770-0400: 47.757: [GC (GCLocker Initiated GC) [PSYoungGen: 152887K->61997K(175104K)] 428469K->349256K(699392K), 0.0176260 secs] [Times: user=0.21 sys=0.00, real=0.02 secs] 
2016-09-24T03:13:37.841-0400: 47.828: [GC (GCLocker Initiated GC) [PSYoungGen: 150061K->62094K(171008K)] 441271K->375743K(695296K), 0.0075389 secs] [Times: user=0.11 sys=0.00, real=0.01 secs] 
2016-09-24T03:13:37.907-0400: 47.894: [GC (GCLocker Initiated GC) [PSYoungGen: 150158K->52517K(173056K)] 470676K->390051K(697344K), 0.0081542 secs] [Times: user=0.07 sys=0.01, real=0.01 secs] 
2016-09-24T03:13:37.967-0400: 47.954: [GC (GCLocker Initiated GC) [PSYoungGen: 140581K->60632K(172032K)] 480880K->403154K(696320K), 0.0107226 secs] [Times: user=0.14 sys=0.00, real=0.01 secs] 
2016-09-24T03:13:39.159-0400: 49.146: [GC (Allocation Failure) [PSYoungGen: 153816K->24633K(175104K)] 514280K->395299K(699392K), 0.0069405 secs] [Times: user=0.07 sys=0.00, real=0.01 secs] 
2016-09-24T03:13:39.238-0400: 49.225: [GC (GCLocker Initiated GC) [PSYoungGen: 117756K->41470K(177152K)] 489772K->419831K(701440K), 0.0195037 secs] [Times: user=0.17 sys=0.00, real=0.02 secs] 
2016-09-24T03:13:39.319-0400: 49.306: [GC (GCLocker Initiated GC) [PSYoungGen: 133118K->63416K(176640K)] 514240K->446618K(700928K), 0.0068968 secs] [Times: user=0.07 sys=0.01, real=0.01 secs] 
2016-09-24T03:13:39.384-0400: 49.371: [GC (GCLocker Initiated GC) [PSYoungGen: 155064K->53980K(171520K)] 543707K->444769K(695808K), 0.0062150 secs] [Times: user=0.05 sys=0.01, real=0.00 secs] 
2016-09-24T03:13:39.445-0400: 49.432: [GC (GCLocker Initiated GC) [PSYoungGen: 145628K->57999K(174080K)] 540563K->464575K(698368K), 0.0079788 secs] [Times: user=0.12 sys=0.00, real=0.00 secs] 
2016-09-24T03:13:39.522-0400: 49.509: [GC (GCLocker Initiated GC) [PSYoungGen: 149647K->63495K(179712K)] 559026K->473693K(704000K), 0.0081314 secs] [Times: user=0.09 sys=0.01, real=0.00 secs] 
2016-09-24T03:13:39.601-0400: 49.588: [GC (GCLocker Initiated GC) [PSYoungGen: 162311K->41710K(180224K)] 590297K->481371K(704512K), 0.0128703 secs] [Times: user=0.15 sys=0.01, real=0.01 secs] 
2016-09-24T03:13:39.683-0400: 49.670: [GC (GCLocker Initiated GC) [PSYoungGen: 140526K->68864K(175616K)] 588386K->517677K(699904K), 0.0076365 secs] [Times: user=0.09 sys=0.00, real=0.00 secs] 
2016-09-24T03:13:39.761-0400: 49.748: [GC (GCLocker Initiated GC) [PSYoungGen: 163072K->52664K(178176K)] 624074K->528026K(702464K), 0.0065105 secs] [Times: user=0.09 sys=0.00, real=0.01 secs] 
2016-09-24T03:13:39.829-0400: 49.816: [GC (GCLocker Initiated GC) [PSYoungGen: 146872K->34992K(177664K)] 638096K->527092K(701952K), 0.0142165 secs] [Times: user=0.16 sys=0.00, real=0.02 secs] 
2016-09-24T03:13:39.919-0400: 49.906: [Full GC (Ergonomics) [PSYoungGen: 130736K->0K(177664K)] [ParOldGen: 500354K->268137K(524288K)] 631090K->268137K(701952K), [Metaspace: 43744K->43744K(1087488K)], 0.0644816 secs] [Times: user=0.42 sys=0.01, real=0.07 secs] 
2016-09-24T03:13:40.043-0400: 50.030: [GC (GCLocker Initiated GC) [PSYoungGen: 95744K->73702K(169472K)] 373543K->351501K(693760K), 0.0087102 secs] [Times: user=0.11 sys=0.00, real=0.00 secs] 
2016-09-24T03:13:40.115-0400: 50.102: [GC (GCLocker Initiated GC) [PSYoungGen: 169446K->47072K(176640K)] 452894K->337504K(700928K), 0.0208742 secs] [Times: user=0.23 sys=0.00, real=0.02 secs] 
2016-09-24T03:13:40.196-0400: 50.183: [GC (GCLocker Initiated GC) [PSYoungGen: 136672K->45966K(135680K)] 439430K->349688K(659968K), 0.0102074 secs] [Times: user=0.12 sys=0.00, real=0.01 secs] 
2016-09-24T03:13:40.264-0400: 50.251: [GC (GCLocker Initiated GC) [PSYoungGen: 135566K->70195K(170496K)] 444819K->384450K(694784K), 0.0070377 secs] [Times: user=0.10 sys=0.00, real=0.00 secs] 
2016-09-24T03:13:40.323-0400: 50.310: [GC (Allocation Failure) [PSYoungGen: 156723K->44520K(173568K)] 483348K->388130K(697856K), 0.0069407 secs] [Times: user=0.08 sys=0.00, real=0.00 secs] 
2016-09-24T03:13:40.331-0400: 50.318: [GC (GCLocker Initiated GC) [PSYoungGen: 44541K->160K(174080K)] 388152K->408357K(698368K), 0.0062252 secs] [Times: user=0.08 sys=0.00, real=0.01 secs] 
2016-09-24T03:13:40.387-0400: 50.374: [GC (GCLocker Initiated GC) [PSYoungGen: 87089K->76083K(175104K)] 502036K->491038K(699392K), 0.0078651 secs] [Times: user=0.11 sys=0.01, real=0.01 secs] 
2016-09-24T03:13:40.448-0400: 50.435: [GC (GCLocker Initiated GC) [PSYoungGen: 164147K->59172K(175104K)] 581928K->478205K(699392K), 0.0222053 secs] [Times: user=0.28 sys=0.02, real=0.02 secs] 
2016-09-24T03:13:40.522-0400: 50.509: [GC (GCLocker Initiated GC) [PSYoungGen: 147236K->52469K(175104K)] 566659K->499710K(699392K), 0.0084148 secs] [Times: user=0.09 sys=0.01, real=0.00 secs] 
2016-09-24T03:13:40.580-0400: 50.567: [GC (GCLocker Initiated GC) [PSYoungGen: 140533K->68965K(175104K)] 591705K->520873K(699392K), 0.0072101 secs] [Times: user=0.11 sys=0.00, real=0.01 secs] 
2016-09-24T03:13:40.634-0400: 50.621: [GC (GCLocker Initiated GC) [PSYoungGen: 157029K->68722K(175104K)] 608960K->521538K(699392K), 0.0138369 secs] [Times: user=0.12 sys=0.00, real=0.02 secs] 
2016-09-24T03:13:40.703-0400: 50.690: [GC (GCLocker Initiated GC) [PSYoungGen: 156786K->72800K(175104K)] 616505K->534543K(699392K), 0.0072794 secs] [Times: user=0.10 sys=0.00, real=0.00 secs] 
2016-09-24T03:13:40.759-0400: 50.746: [GC (GCLocker Initiated GC) [PSYoungGen: 160864K->64751K(175104K)] 629468K->558433K(699392K), 0.0071109 secs] [Times: user=0.11 sys=0.01, real=0.01 secs] 
2016-09-24T03:13:40.767-0400: 50.754: [Full GC (Ergonomics) [PSYoungGen: 64751K->0K(175104K)] [ParOldGen: 493682K->254552K(524288K)] 558433K->254552K(699392K), [Metaspace: 43753K->43753K(1087488K)], 0.1853326 secs] [Times: user=2.53 sys=0.05, real=0.18 secs] 
2016-09-24T03:13:41.005-0400: 50.992: [GC (GCLocker Initiated GC) [PSYoungGen: 88064K->59979K(175104K)] 352077K->323993K(699392K), 0.0067144 secs] [Times: user=0.09 sys=0.00, real=0.00 secs] 
2016-09-24T03:13:41.062-0400: 51.049: [GC (GCLocker Initiated GC) [PSYoungGen: 148043K->70136K(175104K)] 417566K->341017K(699392K), 0.0130893 secs] [Times: user=0.16 sys=0.00, real=0.01 secs] 
2016-09-24T03:13:41.128-0400: 51.115: [GC (GCLocker Initiated GC) [PSYoungGen: 158200K->49855K(175104K)] 432082K->347549K(699392K), 0.0069229 secs] [Times: user=0.08 sys=0.00, real=0.01 secs] 
2016-09-24T03:13:41.189-0400: 51.176: [GC (GCLocker Initiated GC) [PSYoungGen: 137919K->68720K(175104K)] 439703K->372677K(699392K), 0.0072633 secs] [Times: user=0.11 sys=0.00, real=0.01 secs] 
2016-09-24T03:13:41.246-0400: 51.233: [GC (GCLocker Initiated GC) [PSYoungGen: 156784K->57855K(175104K)] 460781K->378832K(699392K), 0.0196091 secs] [Times: user=0.25 sys=0.00, real=0.02 secs] 
2016-09-24T03:13:41.321-0400: 51.308: [GC (GCLocker Initiated GC) [PSYoungGen: 145919K->52557K(175104K)] 469614K->398623K(699392K), 0.0065139 secs] [Times: user=0.09 sys=0.00, real=0.01 secs] 
2016-09-24T03:13:41.378-0400: 51.365: [GC (GCLocker Initiated GC) [PSYoungGen: 140621K->66054K(175104K)] 486791K->414415K(699392K), 0.0065848 secs] [Times: user=0.08 sys=0.00, real=0.01 secs] 
2016-09-24T03:13:41.439-0400: 51.426: [GC (GCLocker Initiated GC) [PSYoungGen: 154118K->59277K(147456K)] 506855K->428908K(671744K), 0.0098594 secs] [Times: user=0.15 sys=0.00, real=0.01 secs] 
2016-09-24T03:13:41.500-0400: 51.487: [GC (GCLocker Initiated GC) [PSYoungGen: 147341K->64690K(173568K)] 517383K->439549K(697856K), 0.0059984 secs] [Times: user=0.07 sys=0.01, real=0.01 secs] 
2016-09-24T03:13:41.558-0400: 51.545: [GC (GCLocker Initiated GC) [PSYoungGen: 153266K->39038K(173056K)] 529115K->425060K(697344K), 0.0135822 secs] [Times: user=0.17 sys=0.00, real=0.01 secs] 
2016-09-24T03:13:41.621-0400: 51.608: [GC (GCLocker Initiated GC) [PSYoungGen: 127614K->66138K(175616K)] 513673K->465257K(699904K), 0.0075225 secs] [Times: user=0.12 sys=0.00, real=0.01 secs] 
2016-09-24T03:13:41.683-0400: 51.670: [GC (GCLocker Initiated GC) [PSYoungGen: 156250K->43190K(176128K)] 558095K->472925K(700416K), 0.0071252 secs] [Times: user=0.08 sys=0.00, real=0.00 secs] 
2016-09-24T03:13:41.738-0400: 51.725: [GC (GCLocker Initiated GC) [PSYoungGen: 133302K->49880K(172032K)] 567110K->485881K(696320K), 0.0081366 secs] [Times: user=0.08 sys=0.01, real=0.01 secs] 
2016-09-24T03:13:41.801-0400: 51.788: [GC (GCLocker Initiated GC) [PSYoungGen: 139992K->43078K(174080K)] 577380K->497578K(698368K), 0.0075801 secs] [Times: user=0.08 sys=0.00, real=0.01 secs] 
2016-09-24T03:13:41.856-0400: 51.843: [GC (GCLocker Initiated GC) [PSYoungGen: 133190K->52451K(173568K)] 595940K->516021K(697856K), 0.0089183 secs] [Times: user=0.11 sys=0.00, real=0.01 secs] 
2016-09-24T03:13:41.923-0400: 51.910: [GC (GCLocker Initiated GC) [PSYoungGen: 147171K->51236K(176128K)] 620264K->525007K(700416K), 0.0172780 secs] [Times: user=0.22 sys=0.00, real=0.01 secs] 
2016-09-24T03:13:41.997-0400: 51.984: [GC (GCLocker Initiated GC) [PSYoungGen: 145956K->48274K(177152K)] 625286K->531066K(701440K), 0.0096840 secs] [Times: user=0.11 sys=0.00, real=0.01 secs] 
2016-09-24T03:13:42.071-0400: 52.058: [GC (GCLocker Initiated GC) [PSYoungGen: 149650K->60616K(179200K)] 635212K->560447K(703488K), 0.0066138 secs] [Times: user=0.08 sys=0.01, real=0.01 secs] 
2016-09-24T03:13:42.077-0400: 52.064: [Full GC (Ergonomics) [PSYoungGen: 60616K->0K(179200K)] [ParOldGen: 499830K->256297K(524288K)] 560447K->256297K(703488K), [Metaspace: 43754K->43754K(1087488K)], 0.0596401 secs] [Times: user=0.44 sys=0.00, real=0.06 secs] 
2016-09-24T03:13:42.186-0400: 52.173: [GC (GCLocker Initiated GC) [PSYoungGen: 101376K->73440K(175104K)] 357707K->329771K(699392K), 0.0079389 secs] [Times: user=0.09 sys=0.01, real=0.01 secs] 
2016-09-24T03:13:42.241-0400: 52.228: [GC (GCLocker Initiated GC) [PSYoungGen: 170720K->58046K(179712K)] 429754K->322555K(704000K), 0.0061912 secs] [Times: user=0.07 sys=0.01, real=0.01 secs] 
2016-09-24T03:13:42.297-0400: 52.284: [GC (GCLocker Initiated GC) [PSYoungGen: 155326K->75597K(172032K)] 419901K->341005K(696320K), 0.0067453 secs] [Times: user=0.09 sys=0.00, real=0.01 secs] 
2016-09-24T03:13:42.365-0400: 52.352: [GC (GCLocker Initiated GC) [PSYoungGen: 166733K->52582K(176640K)] 438986K->335140K(700928K), 0.0084206 secs] [Times: user=0.10 sys=0.01, real=0.00 secs] 
2016-09-24T03:13:42.419-0400: 52.406: [GC (GCLocker Initiated GC) [PSYoungGen: 143718K->47215K(173568K)] 426363K->352270K(697856K), 0.0080531 secs] [Times: user=0.10 sys=0.00, real=0.01 secs] 
2016-09-24T03:13:42.480-0400: 52.467: [GC (GCLocker Initiated GC) [PSYoungGen: 140399K->55348K(176128K)] 449757K->379080K(700416K), 0.0123134 secs] [Times: user=0.18 sys=0.00, real=0.01 secs] 
2016-09-24T03:13:42.550-0400: 52.537: [GC (GCLocker Initiated GC) [PSYoungGen: 148532K->56564K(175104K)] 475004K->398770K(699392K), 0.0097017 secs] [Times: user=0.13 sys=0.00, real=0.01 secs] 
2016-09-24T03:13:42.622-0400: 52.609: [GC (Allocation Failure) [PSYoungGen: 155380K->56704K(177152K)] 503019K->429392K(701440K), 0.0071330 secs] [Times: user=0.09 sys=0.00, real=0.00 secs] 
2016-09-24T03:13:42.683-0400: 52.670: [GC (GCLocker Initiated GC) [PSYoungGen: 153744K->49884K(181760K)] 529133K->458587K(706048K), 0.0077446 secs] [Times: user=0.13 sys=0.00, real=0.00 secs] 
2016-09-24T03:13:42.752-0400: 52.739: [GC (GCLocker Initiated GC) [PSYoungGen: 157404K->56672K(182784K)] 568959K->471763K(707072K), 0.0066561 secs] [Times: user=0.09 sys=0.00, real=0.01 secs] 
2016-09-24T03:13:42.819-0400: 52.806: [GC (GCLocker Initiated GC) [PSYoungGen: 164192K->62103K(185856K)] 579299K->478044K(710144K), 0.0064580 secs] [Times: user=0.08 sys=0.00, real=0.01 secs] 
2016-09-24T03:13:42.895-0400: 52.882: [GC (GCLocker Initiated GC) [PSYoungGen: 174231K->67536K(179712K)] 595607K->489722K(704000K), 0.0072320 secs] [Times: user=0.10 sys=0.01, real=0.00 secs] 
2016-09-24T03:13:42.958-0400: 52.945: [GC (GCLocker Initiated GC) [PSYoungGen: 179664K->52723K(186880K)] 603311K->488120K(711168K), 0.0069645 secs] [Times: user=0.09 sys=0.00, real=0.01 secs] 
2016-09-24T03:13:43.022-0400: 53.009: [GC (GCLocker Initiated GC) [PSYoungGen: 163315K->72801K(183808K)] 598745K->517250K(708096K), 0.0077062 secs] [Times: user=0.10 sys=0.01, real=0.00 secs] 
2016-09-24T03:13:43.099-0400: 53.086: [GC (GCLocker Initiated GC) [PSYoungGen: 183393K->55550K(184320K)] 638729K->535973K(708608K), 0.0084367 secs] [Times: user=0.13 sys=0.00, real=0.01 secs] 
2016-09-24T03:13:43.175-0400: 53.162: [GC (GCLocker Initiated GC) [PSYoungGen: 161534K->76862K(183296K)] 642076K->558473K(707584K), 0.0082003 secs] [Times: user=0.11 sys=0.00, real=0.01 secs] 
2016-09-24T03:13:43.253-0400: 53.240: [GC (GCLocker Initiated GC) [PSYoungGen: 182846K->52532K(177152K)] 664466K->556550K(701440K), 0.0066440 secs] [Times: user=0.08 sys=0.00, real=0.01 secs] 
2016-09-24T03:13:43.260-0400: 53.247: [Full GC (Ergonomics) [PSYoungGen: 52532K->0K(177152K)] [ParOldGen: 504018K->271748K(524288K)] 556550K->271748K(701440K), [Metaspace: 43761K->43761K(1087488K)], 0.0812591 secs] [Times: user=0.69 sys=0.01, real=0.08 secs] 
2016-09-24T03:13:43.395-0400: 53.382: [GC (GCLocker Initiated GC) [PSYoungGen: 98304K->68247K(166912K)] 370081K->340024K(691200K), 0.0063861 secs] [Times: user=0.09 sys=0.00, real=0.00 secs] 
2016-09-24T03:13:43.467-0400: 53.454: [GC (GCLocker Initiated GC) [PSYoungGen: 166551K->48719K(179200K)] 453834K->341685K(703488K), 0.0061325 secs] [Times: user=0.08 sys=0.00, real=0.00 secs] 
2016-09-24T03:13:43.529-0400: 53.516: [GC (GCLocker Initiated GC) [PSYoungGen: 144975K->48537K(144896K)] 448980K->356182K(669184K), 0.0062879 secs] [Times: user=0.07 sys=0.00, real=0.01 secs] 
2016-09-24T03:13:43.602-0400: 53.589: [GC (GCLocker Initiated GC) [PSYoungGen: 144793K->64893K(178688K)] 459529K->391220K(702976K), 0.0081935 secs] [Times: user=0.11 sys=0.01, real=0.01 secs] 
2016-09-24T03:13:43.673-0400: 53.660: [GC (GCLocker Initiated GC) [PSYoungGen: 161149K->55502K(152064K)] 495601K->390892K(676352K), 0.0064133 secs] [Times: user=0.08 sys=0.01, real=0.01 secs] 
2016-09-24T03:13:43.727-0400: 53.714: [GC (GCLocker Initiated GC) [PSYoungGen: 151758K->53965K(178688K)] 490097K->412124K(702976K), 0.0083671 secs] [Times: user=0.09 sys=0.00, real=0.01 secs] 
2016-09-24T03:13:43.789-0400: 53.776: [GC (GCLocker Initiated GC) [PSYoungGen: 152269K->68961K(177664K)] 518600K->436135K(701952K), 0.0068685 secs] [Times: user=0.10 sys=0.00, real=0.01 secs] 
2016-09-24T03:13:43.851-0400: 53.838: [GC (GCLocker Initiated GC) [PSYoungGen: 167265K->70333K(177152K)] 537271K->460203K(701440K), 0.0076682 secs] [Times: user=0.10 sys=0.00, real=0.01 secs] 
2016-09-24T03:13:43.918-0400: 53.905: [GC (GCLocker Initiated GC) [PSYoungGen: 166589K->64858K(179200K)] 559194K->459763K(703488K), 0.0094982 secs] [Times: user=0.14 sys=0.00, real=0.01 secs] 
2016-09-24T03:13:43.985-0400: 53.972: [GC (GCLocker Initiated GC) [PSYoungGen: 161114K->44737K(178688K)] 563342K->447852K(702976K), 0.0077217 secs] [Times: user=0.09 sys=0.00, real=0.00 secs] 
2016-09-24T03:13:44.045-0400: 54.032: [GC (GCLocker Initiated GC) [PSYoungGen: 140993K->62036K(158720K)] 549582K->471753K(683008K), 0.0076730 secs] [Times: user=0.08 sys=0.01, real=0.00 secs] 
2016-09-24T03:13:44.112-0400: 54.099: [GC (GCLocker Initiated GC) [PSYoungGen: 158292K->56777K(180736K)] 573528K->495796K(705024K), 0.0074996 secs] [Times: user=0.10 sys=0.01, real=0.01 secs] 
2016-09-24T03:13:44.184-0400: 54.171: [GC (GCLocker Initiated GC) [PSYoungGen: 155593K->46285K(178688K)] 606914K->509321K(702976K), 0.0062942 secs] [Times: user=0.08 sys=0.01, real=0.00 secs] 
2016-09-24T03:13:44.245-0400: 54.232: [GC (GCLocker Initiated GC) [PSYoungGen: 145101K->62192K(181248K)] 617660K->535990K(705536K), 0.0067855 secs] [Times: user=0.10 sys=0.00, real=0.00 secs] 
2016-09-24T03:13:44.318-0400: 54.305: [GC (GCLocker Initiated GC) [PSYoungGen: 163568K->40559K(180736K)] 649613K->535538K(705024K), 0.0066204 secs] [Times: user=0.07 sys=0.00, real=0.01 secs] 
2016-09-24T03:13:44.325-0400: 54.312: [Full GC (Ergonomics) [PSYoungGen: 40559K->0K(180736K)] [ParOldGen: 494978K->287206K(524288K)] 535538K->287206K(705024K), [Metaspace: 43765K->43765K(1087488K)], 0.0601678 secs] [Times: user=0.43 sys=0.02, real=0.06 secs] 
2016-09-24T03:13:44.448-0400: 54.435: [GC (GCLocker Initiated GC) [PSYoungGen: 101376K->68307K(177664K)] 394091K->361022K(701952K), 0.0069537 secs] [Times: user=0.10 sys=0.00, real=0.01 secs] 
2016-09-24T03:13:44.528-0400: 54.515: [GC (GCLocker Initiated GC) [PSYoungGen: 165587K->74444K(172032K)] 464032K->374542K(696320K), 0.0072884 secs] [Times: user=0.10 sys=0.00, real=0.01 secs] 
2016-09-24T03:13:44.597-0400: 54.584: [GC (GCLocker Initiated GC) [PSYoungGen: 171724K->40636K(175104K)] 480217K->371769K(699392K), 0.0074006 secs] [Times: user=0.08 sys=0.00, real=0.01 secs] 
2016-09-24T03:13:44.654-0400: 54.641: [GC (GCLocker Initiated GC) [PSYoungGen: 129724K->79640K(168960K)] 463630K->414592K(693248K), 0.0091991 secs] [Times: user=0.09 sys=0.00, real=0.01 secs] 
2016-09-24T03:13:44.714-0400: 54.701: [GC (GCLocker Initiated GC) [PSYoungGen: 168728K->56862K(175104K)] 507797K->418342K(699392K), 0.0066402 secs] [Times: user=0.09 sys=0.00, real=0.01 secs] 
2016-09-24T03:13:44.773-0400: 54.760: [GC (GCLocker Initiated GC) [PSYoungGen: 144926K->51244K(175104K)] 509150K->432687K(699392K), 0.0065299 secs] [Times: user=0.09 sys=0.00, real=0.01 secs] 
2016-09-24T03:13:44.834-0400: 54.821: [GC (GCLocker Initiated GC) [PSYoungGen: 139308K->42184K(175104K)] 530501K->454433K(699392K), 0.0069439 secs] [Times: user=0.07 sys=0.00, real=0.01 secs] 
2016-09-24T03:13:44.895-0400: 54.882: [GC (GCLocker Initiated GC) [PSYoungGen: 130248K->78326K(175104K)] 546636K->495938K(699392K), 0.0077496 secs] [Times: user=0.11 sys=0.00, real=0.01 secs] 
2016-09-24T03:13:44.952-0400: 54.939: [GC (GCLocker Initiated GC) [PSYoungGen: 166390K->63611K(175104K)] 586890K->503915K(699392K), 0.0077220 secs] [Times: user=0.12 sys=0.00, real=0.01 secs] 
2016-09-24T03:13:45.015-0400: 55.002: [GC (GCLocker Initiated GC) [PSYoungGen: 151675K->72961K(175104K)] 596175K->518475K(699392K), 0.0076168 secs] [Times: user=0.11 sys=0.00, real=0.01 secs] 
2016-09-24T03:13:45.076-0400: 55.062: [GC (GCLocker Initiated GC) [PSYoungGen: 161025K->56687K(175104K)] 610509K->526014K(699392K), 0.0099167 secs] [Times: user=0.11 sys=0.00, real=0.01 secs] 
2016-09-24T03:13:45.135-0400: 55.122: [GC (GCLocker Initiated GC) [PSYoungGen: 144751K->72924K(175104K)] 614292K->554082K(699392K), 0.0202665 secs] [Times: user=0.26 sys=0.00, real=0.02 secs] 
2016-09-24T03:13:45.214-0400: 55.201: [GC (GCLocker Initiated GC) [PSYoungGen: 160988K->49027K(175104K)] 647633K->542047K(699392K), 0.0087574 secs] [Times: user=0.09 sys=0.02, real=0.01 secs] 
2016-09-24T03:13:45.223-0400: 55.210: [Full GC (Ergonomics) [PSYoungGen: 49027K->0K(175104K)] [ParOldGen: 493019K->296189K(524288K)] 542047K->296189K(699392K), [Metaspace: 43767K->43767K(1087488K)], 0.0657240 secs] [Times: user=0.60 sys=0.00, real=0.06 secs] 
2016-09-24T03:13:45.341-0400: 55.328: [GC (GCLocker Initiated GC) [PSYoungGen: 88064K->59653K(175104K)] 391106K->362695K(699392K), 0.0063504 secs] [Times: user=0.10 sys=0.00, real=0.01 secs] 
2016-09-24T03:13:45.404-0400: 55.391: [GC (GCLocker Initiated GC) [PSYoungGen: 147717K->63384K(174080K)] 453528K->375830K(698368K), 0.0067064 secs] [Times: user=0.08 sys=0.01, real=0.00 secs] 
2016-09-24T03:13:45.471-0400: 55.458: [GC (GCLocker Initiated GC) [PSYoungGen: 151448K->41817K(174592K)] 468122K->361995K(698880K), 0.0055796 secs] [Times: user=0.06 sys=0.00, real=0.01 secs] 
2016-09-24T03:13:45.530-0400: 55.517: [GC (GCLocker Initiated GC) [PSYoungGen: 129881K->33578K(175104K)] 459996K->364610K(699392K), 0.0050157 secs] [Times: user=0.07 sys=0.01, real=0.01 secs] 
2016-09-24T03:13:45.582-0400: 55.569: [GC (GCLocker Initiated GC) [PSYoungGen: 121642K->68495K(175104K)] 452890K->403181K(699392K), 0.0069703 secs] [Times: user=0.09 sys=0.00, real=0.01 secs] 
2016-09-24T03:13:45.638-0400: 55.625: [GC (GCLocker Initiated GC) [PSYoungGen: 156559K->58171K(175104K)] 491320K->419157K(699392K), 0.0123235 secs] [Times: user=0.17 sys=0.00, real=0.01 secs] 
2016-09-24T03:13:45.701-0400: 55.688: [GC (GCLocker Initiated GC) [PSYoungGen: 146235K->53902K(142336K)] 509969K->432045K(666624K), 0.0076940 secs] [Times: user=0.09 sys=0.00, real=0.01 secs] 
2016-09-24T03:13:45.772-0400: 55.759: [GC (GCLocker Initiated GC) [PSYoungGen: 141966K->41843K(172544K)] 524342K->437293K(696832K), 0.0111495 secs] [Times: user=0.15 sys=0.00, real=0.02 secs] 
2016-09-24T03:13:45.833-0400: 55.820: [GC (GCLocker Initiated GC) [PSYoungGen: 129907K->60643K(172544K)] 529500K->465297K(696832K), 0.0069174 secs] [Times: user=0.07 sys=0.00, real=0.01 secs] 
2016-09-24T03:13:45.891-0400: 55.878: [GC (GCLocker Initiated GC) [PSYoungGen: 148707K->55271K(173568K)] 556425K->471917K(697856K), 0.0065084 secs] [Times: user=0.07 sys=0.00, real=0.01 secs] 
2016-09-24T03:13:45.965-0400: 55.952: [GC (GCLocker Initiated GC) [PSYoungGen: 149479K->53920K(175104K)] 571659K->502606K(699392K), 0.0075584 secs] [Times: user=0.10 sys=0.00, real=0.00 secs] 
2016-09-24T03:13:46.024-0400: 56.011: [GC (GCLocker Initiated GC) [PSYoungGen: 148128K->40394K(180224K)] 599592K->510239K(704512K), 0.0062578 secs] [Times: user=0.06 sys=0.00, real=0.00 secs] 
2016-09-24T03:13:46.090-0400: 56.077: [GC (GCLocker Initiated GC) [PSYoungGen: 141770K->28516K(180736K)] 622433K->526271K(705024K), 0.0071794 secs] [Times: user=0.06 sys=0.00, real=0.01 secs] 
2016-09-24T03:13:46.097-0400: 56.084: [Full GC (Ergonomics) [PSYoungGen: 28516K->0K(180736K)] [ParOldGen: 497755K->297187K(524288K)] 526271K->297187K(705024K), [Metaspace: 43780K->43780K(1087488K)], 0.0543799 secs] [Times: user=0.56 sys=0.00, real=0.05 secs] 
2016-09-24T03:13:46.215-0400: 56.202: [GC (GCLocker Initiated GC) [PSYoungGen: 101376K->70714K(172544K)] 400006K->369345K(696832K), 0.0063527 secs] [Times: user=0.09 sys=0.01, real=0.00 secs] 
2016-09-24T03:13:46.276-0400: 56.263: [GC (GCLocker Initiated GC) [PSYoungGen: 161850K->78142K(169472K)] 460531K->382265K(693760K), 0.0069321 secs] [Times: user=0.10 sys=0.00, real=0.01 secs] 
2016-09-24T03:13:46.331-0400: 56.318: [GC (GCLocker Initiated GC) [PSYoungGen: 169278K->60661K(175104K)] 473540K->398059K(699392K), 0.0077292 secs] [Times: user=0.10 sys=0.00, real=0.01 secs] 
2016-09-24T03:13:46.379-0400: 56.366: [GC (GCLocker Initiated GC) [PSYoungGen: 148725K->71462K(175104K)] 488874K->428544K(699392K), 0.0071717 secs] [Times: user=0.10 sys=0.00, real=0.01 secs] 
2016-09-24T03:13:46.435-0400: 56.422: [GC (GCLocker Initiated GC) [PSYoungGen: 159526K->74130K(175104K)] 519410K->437473K(699392K), 0.0072474 secs] [Times: user=0.11 sys=0.00, real=0.01 secs] 
2016-09-24T03:13:46.492-0400: 56.479: [GC (GCLocker Initiated GC) [PSYoungGen: 162194K->71368K(175104K)] 533767K->443666K(699392K), 0.0076113 secs] [Times: user=0.12 sys=0.00, real=0.01 secs] 
2016-09-24T03:13:46.551-0400: 56.538: [GC (GCLocker Initiated GC) [PSYoungGen: 159432K->57774K(175104K)] 542644K->452441K(699392K), 0.0112937 secs] [Times: user=0.12 sys=0.00, real=0.02 secs] 
2016-09-24T03:13:46.614-0400: 56.601: [GC (GCLocker Initiated GC) [PSYoungGen: 145838K->60565K(175104K)] 543443K->460185K(699392K), 0.0071944 secs] [Times: user=0.08 sys=0.00, real=0.00 secs] 
2016-09-24T03:13:46.680-0400: 56.667: [GC (GCLocker Initiated GC) [PSYoungGen: 148629K->57802K(175104K)] 551056K->463606K(699392K), 0.0079163 secs] [Times: user=0.10 sys=0.00, real=0.01 secs] 
2016-09-24T03:13:46.738-0400: 56.725: [GC (GCLocker Initiated GC) [PSYoungGen: 145866K->42818K(175104K)] 554429K->458785K(699392K), 0.0063982 secs] [Times: user=0.06 sys=0.00, real=0.01 secs] 
2016-09-24T03:13:46.793-0400: 56.780: [GC (GCLocker Initiated GC) [PSYoungGen: 130882K->66153K(175104K)] 552469K->501968K(699392K), 0.0073742 secs] [Times: user=0.11 sys=0.00, real=0.01 secs] 
2016-09-24T03:13:46.850-0400: 56.837: [GC (GCLocker Initiated GC) [PSYoungGen: 154217K->70165K(175104K)] 595573K->515037K(699392K), 0.0101351 secs] [Times: user=0.12 sys=0.01, real=0.01 secs] 
2016-09-24T03:13:46.910-0400: 56.896: [GC (GCLocker Initiated GC) [PSYoungGen: 158229K->76850K(175104K)] 603219K->538860K(699392K), 0.0091617 secs] [Times: user=0.14 sys=0.00, real=0.01 secs] 
2016-09-24T03:13:46.973-0400: 56.960: [GC (GCLocker Initiated GC) [PSYoungGen: 164914K->68724K(175104K)] 635124K->539719K(699392K), 0.0073006 secs] [Times: user=0.09 sys=0.00, real=0.01 secs] 
2016-09-24T03:13:47.035-0400: 57.022: [GC (GCLocker Initiated GC) [PSYoungGen: 156788K->59240K(175104K)] 630645K->535223K(699392K), 0.0080981 secs] [Times: user=0.12 sys=0.00, real=0.01 secs] 
2016-09-24T03:13:47.093-0400: 57.080: [GC (GCLocker Initiated GC) [PSYoungGen: 147304K->67460K(175104K)] 626100K->551035K(699392K), 0.0067176 secs] [Times: user=0.09 sys=0.00, real=0.01 secs] 
2016-09-24T03:13:47.140-0400: 57.127: [GC (GCLocker Initiated GC) [PSYoungGen: 155524K->70023K(175104K)] 639120K->569249K(699392K), 0.0074575 secs] [Times: user=0.12 sys=0.00, real=0.01 secs] 
2016-09-24T03:13:47.148-0400: 57.135: [Full GC (Ergonomics) [PSYoungGen: 70023K->0K(175104K)] [ParOldGen: 499226K->310800K(524288K)] 569249K->310800K(699392K), [Metaspace: 43780K->43780K(1087488K)], 0.0601027 secs] [Times: user=0.43 sys=0.00, real=0.06 secs] 
2016-09-24T03:13:47.254-0400: 57.241: [GC (GCLocker Initiated GC) [PSYoungGen: 88064K->61109K(149504K)] 413830K->386875K(673792K), 0.0059957 secs] [Times: user=0.08 sys=0.00, real=0.00 secs] 
2016-09-24T03:13:47.302-0400: 57.289: [GC (GCLocker Initiated GC) [PSYoungGen: 149173K->49766K(174592K)] 481752K->402490K(698880K), 0.0061620 secs] [Times: user=0.08 sys=0.00, real=0.01 secs] 
2016-09-24T03:13:47.355-0400: 57.341: [GC (GCLocker Initiated GC) [PSYoungGen: 137830K->48224K(174592K)] 496140K->411237K(698880K), 0.0071615 secs] [Times: user=0.05 sys=0.00, real=0.00 secs] 
2016-09-24T03:13:47.407-0400: 57.394: [GC (GCLocker Initiated GC) [PSYoungGen: 136288K->79568K(174592K)] 499436K->443346K(698880K), 0.0071355 secs] [Times: user=0.09 sys=0.01, real=0.01 secs] 
2016-09-24T03:13:47.460-0400: 57.447: [GC (GCLocker Initiated GC) [PSYoungGen: 167632K->56508K(175104K)] 531553K->449528K(699392K), 0.0075035 secs] [Times: user=0.11 sys=0.00, real=0.01 secs] 
2016-09-24T03:13:47.514-0400: 57.501: [GC (GCLocker Initiated GC) [PSYoungGen: 144572K->60390K(174080K)] 537599K->468937K(698368K), 0.0063324 secs] [Times: user=0.09 sys=0.00, real=0.01 secs] 
2016-09-24T03:13:47.565-0400: 57.552: [GC (GCLocker Initiated GC) [PSYoungGen: 148454K->57758K(174592K)] 559704K->472249K(698880K), 0.0060876 secs] [Times: user=0.09 sys=0.00, real=0.00 secs] 
2016-09-24T03:13:47.617-0400: 57.604: [GC (GCLocker Initiated GC) [PSYoungGen: 145822K->59150K(172544K)] 563155K->478419K(696832K), 0.0067750 secs] [Times: user=0.09 sys=0.00, real=0.01 secs] 
2016-09-24T03:13:47.664-0400: 57.651: [GC (GCLocker Initiated GC) [PSYoungGen: 149774K->56350K(173568K)] 569269K->476409K(697856K), 0.0079438 secs] [Times: user=0.07 sys=0.00, real=0.00 secs] 
2016-09-24T03:13:47.718-0400: 57.705: [GC (GCLocker Initiated GC) [PSYoungGen: 146974K->56259K(177664K)] 569949K->482566K(701952K), 0.0075417 secs] [Times: user=0.08 sys=0.00, real=0.01 secs] 
2016-09-24T03:13:47.772-0400: 57.759: [GC (GCLocker Initiated GC) [PSYoungGen: 154051K->78158K(176128K)] 580477K->513305K(700416K), 0.0102707 secs] [Times: user=0.17 sys=0.00, real=0.01 secs] 
2016-09-24T03:13:47.830-0400: 57.817: [GC (GCLocker Initiated GC) [PSYoungGen: 175950K->59218K(179200K)] 618086K->510182K(703488K), 0.0098003 secs] [Times: user=0.15 sys=0.00, real=0.01 secs] 
2016-09-24T03:13:47.884-0400: 57.871: [GC (GCLocker Initiated GC) [PSYoungGen: 153426K->82087K(176640K)] 607776K->542541K(700928K), 0.0073253 secs] [Times: user=0.11 sys=0.00, real=0.00 secs] 
2016-09-24T03:13:47.933-0400: 57.920: [GC (GCLocker Initiated GC) [PSYoungGen: 176295K->40024K(173568K)] 639572K->517384K(697856K), 0.0145216 secs] [Times: user=0.18 sys=0.01, real=0.02 secs] 
2016-09-24T03:13:47.990-0400: 57.977: [GC (GCLocker Initiated GC) [PSYoungGen: 128088K->76686K(175104K)] 610953K->560081K(699392K), 0.0071732 secs] [Times: user=0.11 sys=0.01, real=0.01 secs] 
2016-09-24T03:13:48.040-0400: 58.027: [GC (GCLocker Initiated GC) [PSYoungGen: 164750K->57670K(175104K)] 650888K->565989K(699392K), 0.0064378 secs] [Times: user=0.08 sys=0.00, real=0.01 secs] 
2016-09-24T03:13:48.046-0400: 58.033: [Full GC (Ergonomics) [PSYoungGen: 57670K->0K(175104K)] [ParOldGen: 508319K->319508K(524288K)] 565989K->319508K(699392K), [Metaspace: 43780K->43780K(1087488K)], 0.0530566 secs] [Times: user=0.45 sys=0.00, real=0.05 secs] 
2016-09-24T03:13:48.154-0400: 58.141: [GC (GCLocker Initiated GC) [PSYoungGen: 88064K->66057K(175104K)] 413230K->391223K(699392K), 0.0066313 secs] [Times: user=0.08 sys=0.00, real=0.01 secs] 
2016-09-24T03:13:48.210-0400: 58.197: [GC (GCLocker Initiated GC) [PSYoungGen: 154121K->72654K(175104K)] 484795K->405454K(699392K), 0.0078585 secs] [Times: user=0.11 sys=0.00, real=0.01 secs] 
2016-09-24T03:13:48.258-0400: 58.245: [GC (GCLocker Initiated GC) [PSYoungGen: 160718K->68412K(175104K)] 493565K->418025K(699392K), 0.0092004 secs] [Times: user=0.13 sys=0.00, real=0.01 secs] 
2016-09-24T03:13:48.315-0400: 58.302: [GC (GCLocker Initiated GC) [PSYoungGen: 156476K->68628K(175104K)] 511672K->435051K(699392K), 0.0069329 secs] [Times: user=0.10 sys=0.00, real=0.01 secs] 
2016-09-24T03:13:48.365-0400: 58.352: [GC (GCLocker Initiated GC) [PSYoungGen: 156692K->50918K(175104K)] 528642K->453154K(699392K), 0.0129585 secs] [Times: user=0.15 sys=0.02, real=0.01 secs] 
2016-09-24T03:13:48.425-0400: 58.412: [GC (GCLocker Initiated GC) [PSYoungGen: 138982K->49283K(175104K)] 541304K->464240K(699392K), 0.0080797 secs] [Times: user=0.07 sys=0.00, real=0.00 secs] 
2016-09-24T03:13:48.469-0400: 58.456: [GC (GCLocker Initiated GC) [PSYoungGen: 137347K->64376K(152576K)] 552365K->496017K(676864K), 0.0084113 secs] [Times: user=0.07 sys=0.02, real=0.01 secs] 
2016-09-24T03:13:48.518-0400: 58.505: [GC (GCLocker Initiated GC) [PSYoungGen: 152440K->54891K(175616K)] 587373K->506497K(699904K), 0.0061837 secs] [Times: user=0.09 sys=0.00, real=0.01 secs] 
2016-09-24T03:13:48.562-0400: 58.549: [GC (GCLocker Initiated GC) [PSYoungGen: 143979K->60318K(149504K)] 599229K->526872K(673792K), 0.0073518 secs] [Times: user=0.11 sys=0.00, real=0.01 secs] 
2016-09-24T03:13:48.610-0400: 58.597: [GC (GCLocker Initiated GC) [PSYoungGen: 149406K->61602K(175616K)] 616001K->538070K(699904K), 0.0064038 secs] [Times: user=0.07 sys=0.00, real=0.01 secs] 
2016-09-24T03:13:48.659-0400: 58.646: [GC (GCLocker Initiated GC) [PSYoungGen: 153762K->60600K(173568K)] 635756K->566039K(697856K), 0.0068951 secs] [Times: user=0.09 sys=0.00, real=0.01 secs] 
2016-09-24T03:13:48.666-0400: 58.653: [Full GC (Ergonomics) [PSYoungGen: 60600K->0K(173568K)] [ParOldGen: 505439K->329350K(524288K)] 566039K->329350K(697856K), [Metaspace: 43780K->43780K(1087488K)], 0.0568635 secs] [Times: user=0.46 sys=0.01, real=0.06 secs] 
2016-09-24T03:13:48.780-0400: 58.767: [GC (GCLocker Initiated GC) [PSYoungGen: 92160K->44458K(175616K)] 443337K->395636K(699904K), 0.0058914 secs] [Times: user=0.06 sys=0.01, real=0.01 secs] 
2016-09-24T03:13:48.835-0400: 58.822: [GC (GCLocker Initiated GC) [PSYoungGen: 140714K->54940K(176640K)] 497297K->413670K(700928K), 0.0085871 secs] [Times: user=0.13 sys=0.00, real=0.01 secs] 
2016-09-24T03:13:48.882-0400: 58.869: [GC (GCLocker Initiated GC) [PSYoungGen: 151196K->77904K(173568K)] 512667K->442505K(697856K), 0.0070990 secs] [Times: user=0.10 sys=0.01, real=0.01 secs] 
2016-09-24T03:13:48.930-0400: 58.917: [GC (GCLocker Initiated GC) [PSYoungGen: 172112K->79456K(174080K)] 539461K->455322K(698368K), 0.0074018 secs] [Times: user=0.12 sys=0.00, real=0.01 secs] 
2016-09-24T03:13:48.979-0400: 58.966: [GC (GCLocker Initiated GC) [PSYoungGen: 173664K->75168K(175104K)] 552334K->454374K(699392K), 0.0063992 secs] [Times: user=0.09 sys=0.01, real=0.01 secs] 
2016-09-24T03:13:49.027-0400: 59.014: [GC (GCLocker Initiated GC) [PSYoungGen: 163232K->64536K(175104K)] 545254K->447031K(699392K), 0.0096751 secs] [Times: user=0.15 sys=0.00, real=0.01 secs] 
2016-09-24T03:13:49.082-0400: 59.069: [GC (GCLocker Initiated GC) [PSYoungGen: 152600K->75312K(175104K)] 537845K->471973K(699392K), 0.0083968 secs] [Times: user=0.07 sys=0.00, real=0.00 secs] 
2016-09-24T03:13:49.143-0400: 59.130: [GC (GCLocker Initiated GC) [PSYoungGen: 163376K->49637K(175104K)] 565481K->454994K(699392K), 0.0060037 secs] [Times: user=0.08 sys=0.00, real=0.00 secs] 
2016-09-24T03:13:49.189-0400: 59.176: [GC (GCLocker Initiated GC) [PSYoungGen: 137701K->65790K(175104K)] 543123K->473193K(699392K), 0.0094536 secs] [Times: user=0.14 sys=0.00, real=0.01 secs] 
2016-09-24T03:13:49.244-0400: 59.231: [GC (GCLocker Initiated GC) [PSYoungGen: 153854K->71262K(175104K)] 562636K->480604K(699392K), 0.0066041 secs] [Times: user=0.10 sys=0.00, real=0.00 secs] 
2016-09-24T03:13:49.296-0400: 59.283: [GC (GCLocker Initiated GC) [PSYoungGen: 159326K->60366K(175104K)] 574174K->489338K(699392K), 0.0065526 secs] [Times: user=0.10 sys=0.00, real=0.01 secs] 
2016-09-24T03:13:49.352-0400: 59.339: [GC (GCLocker Initiated GC) [PSYoungGen: 148430K->48263K(175104K)] 582924K->507613K(699392K), 0.0073870 secs] [Times: user=0.11 sys=0.00, real=0.01 secs] 
2016-09-24T03:13:49.398-0400: 59.385: [GC (GCLocker Initiated GC) [PSYoungGen: 136327K->54855K(174080K)] 598418K->517393K(698368K), 0.0069491 secs] [Times: user=0.07 sys=0.00, real=0.01 secs] 
2016-09-24T03:13:49.446-0400: 59.433: [GC (GCLocker Initiated GC) [PSYoungGen: 142919K->57762K(145920K)] 610927K->539846K(670208K), 0.0067789 secs] [Times: user=0.08 sys=0.01, real=0.00 secs] 
2016-09-24T03:13:49.498-0400: 59.485: [GC (GCLocker Initiated GC) [PSYoungGen: 145826K->49487K(174080K)] 630750K->536257K(698368K), 0.0094515 secs] [Times: user=0.10 sys=0.00, real=0.01 secs] 
2016-09-24T03:13:49.567-0400: 59.554: [GC (GCLocker Initiated GC) [PSYoungGen: 139087K->53795K(174080K)] 625902K->542543K(698368K), 0.0061209 secs] [Times: user=0.06 sys=0.01, real=0.00 secs] 
2016-09-24T03:13:49.624-0400: 59.611: [GC (GCLocker Initiated GC) [PSYoungGen: 143395K->68684K(175104K)] 632291K->567775K(699392K), 0.0065062 secs] [Times: user=0.09 sys=0.00, real=0.00 secs] 
2016-09-24T03:13:49.630-0400: 59.617: [Full GC (Ergonomics) [PSYoungGen: 68684K->0K(175104K)] [ParOldGen: 499091K->245163K(524288K)] 567775K->245163K(699392K), [Metaspace: 43781K->43781K(1087488K)], 0.0602726 secs] [Times: user=0.59 sys=0.01, real=0.06 secs] 
2016-09-24T03:13:49.752-0400: 59.739: [GC (GCLocker Initiated GC) [PSYoungGen: 92160K->62306K(176128K)] 345557K->315704K(700416K), 0.0092523 secs] [Times: user=0.09 sys=0.00, real=0.01 secs] 
2016-09-24T03:13:49.811-0400: 59.798: [GC (GCLocker Initiated GC) [PSYoungGen: 154466K->59228K(174592K)] 413319K->325963K(698880K), 0.0070172 secs] [Times: user=0.08 sys=0.01, real=0.01 secs] 
2016-09-24T03:13:49.880-0400: 59.867: [GC (GCLocker Initiated GC) [PSYoungGen: 154972K->52478K(176128K)] 423131K->348319K(700416K), 0.0118904 secs] [Times: user=0.09 sys=0.00, real=0.01 secs] 
2016-09-24T03:13:49.943-0400: 59.930: [GC (GCLocker Initiated GC) [PSYoungGen: 148222K->52318K(180224K)] 446797K->351591K(704512K), 0.0116915 secs] [Times: user=0.10 sys=0.00, real=0.01 secs] 
2016-09-24T03:13:50.028-0400: 60.014: [GC (Allocation Failure) [PSYoungGen: 154206K->76836K(179200K)] 453650K->385070K(703488K), 0.0075183 secs] [Times: user=0.09 sys=0.01, real=0.01 secs] 
2016-09-24T03:13:50.084-0400: 60.071: [GC (GCLocker Initiated GC) [PSYoungGen: 178724K->72504K(173056K)] 489663K->397731K(697344K), 0.0087762 secs] [Times: user=0.09 sys=0.00, real=0.00 secs] 
2016-09-24T03:13:50.154-0400: 60.141: [GC (GCLocker Initiated GC) [PSYoungGen: 162616K->46950K(176128K)] 496002K->380890K(700416K), 0.0069873 secs] [Times: user=0.06 sys=0.00, real=0.00 secs] 
2016-09-24T03:13:50.227-0400: 60.214: [GC (GCLocker Initiated GC) [PSYoungGen: 137062K->64751K(174080K)] 483170K->411669K(698368K), 0.0101922 secs] [Times: user=0.11 sys=0.01, real=0.01 secs] 
2016-09-24T03:13:50.285-0400: 60.272: [GC (GCLocker Initiated GC) [PSYoungGen: 154863K->33482K(175104K)] 514033K->404217K(699392K), 0.0070066 secs] [Times: user=0.06 sys=0.00, real=0.00 secs] 
2016-09-24T03:13:50.338-0400: 60.325: [GC (GCLocker Initiated GC) [PSYoungGen: 123594K->58125K(174080K)] 502474K->437783K(698368K), 0.0068853 secs] [Times: user=0.09 sys=0.00, real=0.01 secs] 
2016-09-24T03:13:50.400-0400: 60.387: [GC (GCLocker Initiated GC) [PSYoungGen: 148237K->42773K(174592K)] 530660K->430018K(698880K), 0.0095279 secs] [Times: user=0.07 sys=0.00, real=0.01 secs] 
2016-09-24T03:13:50.475-0400: 60.462: [GC (GCLocker Initiated GC) [PSYoungGen: 132885K->43252K(176640K)] 531028K->441982K(700928K), 0.0055807 secs] [Times: user=0.06 sys=0.00, real=0.00 secs] 
2016-09-24T03:13:50.532-0400: 60.519: [GC (GCLocker Initiated GC) [PSYoungGen: 136436K->37404K(177152K)] 540714K->460250K(701440K), 0.0103608 secs] [Times: user=0.09 sys=0.00, real=0.02 secs] 
2016-09-24T03:13:50.589-0400: 60.576: [GC (GCLocker Initiated GC) [PSYoungGen: 130588K->60863K(178176K)] 553538K->487139K(702464K), 0.0070341 secs] [Times: user=0.08 sys=0.00, real=0.01 secs] 
2016-09-24T03:13:50.653-0400: 60.640: [GC (GCLocker Initiated GC) [PSYoungGen: 155071K->48614K(142848K)] 584242K->484071K(667136K), 0.0078794 secs] [Times: user=0.06 sys=0.00, real=0.01 secs] 
2016-09-24T03:13:50.720-0400: 60.707: [GC (GCLocker Initiated GC) [PSYoungGen: 142822K->64978K(174592K)] 581062K->508424K(698880K), 0.0067847 secs] [Times: user=0.09 sys=0.01, real=0.01 secs] 
2016-09-24T03:13:50.787-0400: 60.774: [GC (GCLocker Initiated GC) [PSYoungGen: 157650K->70772K(163840K)] 609278K->524797K(688128K), 0.0070990 secs] [Times: user=0.10 sys=0.00, real=0.01 secs] 
2016-09-24T03:13:50.855-0400: 60.842: [GC (GCLocker Initiated GC) [PSYoungGen: 163444K->73015K(174592K)] 617571K->529682K(698880K), 0.0070606 secs] [Times: user=0.10 sys=0.01, real=0.01 secs] 
2016-09-24T03:13:50.911-0400: 60.898: [GC (GCLocker Initiated GC) [PSYoungGen: 161079K->55400K(175104K)] 617774K->533322K(699392K), 0.0085611 secs] [Times: user=0.12 sys=0.00, real=0.01 secs] 
2016-09-24T03:13:50.966-0400: 60.953: [GC (GCLocker Initiated GC) [PSYoungGen: 143464K->78498K(175104K)] 621541K->572338K(699392K), 0.0082061 secs] [Times: user=0.13 sys=0.00, real=0.00 secs] 
2016-09-24T03:13:51.027-0400: 61.013: [GC (GCLocker Initiated GC) [PSYoungGen: 166562K->70491K(175104K)] 663254K->568306K(699392K), 0.0065448 secs] [Times: user=0.10 sys=0.00, real=0.00 secs] 
2016-09-24T03:13:51.083-0400: 61.070: [Full GC (Ergonomics) [PSYoungGen: 158555K->0K(175104K)] [ParOldGen: 500578K->264965K(524288K)] 659133K->264965K(699392K), [Metaspace: 43786K->43786K(1087488K)], 0.0662004 secs] [Times: user=0.55 sys=0.01, real=0.06 secs] 
2016-09-24T03:13:51.208-0400: 61.195: [GC (GCLocker Initiated GC) [PSYoungGen: 88064K->57630K(175104K)] 358535K->328102K(699392K), 0.0136743 secs] [Times: user=0.17 sys=0.00, real=0.01 secs] 
2016-09-24T03:13:51.283-0400: 61.270: [GC (GCLocker Initiated GC) [PSYoungGen: 145694K->43903K(175104K)] 425680K->331137K(699392K), 0.0125744 secs] [Times: user=0.12 sys=0.01, real=0.01 secs] 
2016-09-24T03:13:51.353-0400: 61.340: [GC (GCLocker Initiated GC) [PSYoungGen: 131967K->58368K(175104K)] 419833K->372204K(699392K), 0.0076250 secs] [Times: user=0.12 sys=0.00, real=0.01 secs] 
2016-09-24T03:13:51.418-0400: 61.404: [GC (GCLocker Initiated GC) [PSYoungGen: 146432K->44808K(133120K)] 463049K->382835K(657408K), 0.0069503 secs] [Times: user=0.08 sys=0.00, real=0.01 secs] 
2016-09-24T03:13:51.474-0400: 61.461: [GC (GCLocker Initiated GC) [PSYoungGen: 132872K->39523K(174592K)] 476442K->384181K(698880K), 0.0075453 secs] [Times: user=0.05 sys=0.00, real=0.00 secs] 
2016-09-24T03:13:51.545-0400: 61.532: [GC (GCLocker Initiated GC) [PSYoungGen: 127587K->48725K(137216K)] 475093K->400433K(661504K), 0.0101590 secs] [Times: user=0.14 sys=0.00, real=0.01 secs] 
2016-09-24T03:13:51.611-0400: 61.598: [GC (GCLocker Initiated GC) [PSYoungGen: 136789K->32740K(172544K)] 489947K->392338K(696832K), 0.0208975 secs] [Times: user=0.25 sys=0.00, real=0.02 secs] 
2016-09-24T03:13:51.684-0400: 61.671: [GC (GCLocker Initiated GC) [PSYoungGen: 120804K->44804K(173568K)] 485137K->410579K(697856K), 0.0161438 secs] [Times: user=0.14 sys=0.00, real=0.01 secs] 
2016-09-24T03:13:51.758-0400: 61.745: [GC (GCLocker Initiated GC) [PSYoungGen: 132868K->48936K(172544K)] 509504K->443024K(696832K), 0.0148579 secs] [Times: user=0.14 sys=0.01, real=0.01 secs] 
2016-09-24T03:13:51.835-0400: 61.822: [GC (GCLocker Initiated GC) [PSYoungGen: 142120K->47438K(174080K)] 536233K->458981K(698368K), 0.0081372 secs] [Times: user=0.07 sys=0.01, real=0.01 secs] 
2016-09-24T03:13:51.901-0400: 61.888: [GC (GCLocker Initiated GC) [PSYoungGen: 140622K->39621K(179712K)] 559056K->459177K(704000K), 0.0135870 secs] [Times: user=0.16 sys=0.00, real=0.02 secs] 
2016-09-24T03:13:51.976-0400: 61.963: [GC (GCLocker Initiated GC) [PSYoungGen: 142021K->54483K(180224K)] 575181K->497151K(704512K), 0.0290353 secs] [Times: user=0.42 sys=0.00, real=0.03 secs] 
2016-09-24T03:13:52.072-0400: 62.059: [GC (GCLocker Initiated GC) [PSYoungGen: 156883K->35539K(183808K)] 602379K->505402K(708096K), 0.0100235 secs] [Times: user=0.07 sys=0.00, real=0.01 secs] 
2016-09-24T03:13:52.147-0400: 62.133: [GC (GCLocker Initiated GC) [PSYoungGen: 142547K->59711K(183808K)] 612477K->536350K(708096K), 0.0135007 secs] [Times: user=0.16 sys=0.01, real=0.01 secs] 
2016-09-24T03:13:52.226-0400: 62.213: [GC (GCLocker Initiated GC) [PSYoungGen: 166719K->47616K(182272K)] 647624K->532554K(706560K), 0.0072350 secs] [Times: user=0.06 sys=0.01, real=0.00 secs] 
2016-09-24T03:13:52.308-0400: 62.295: [GC (GCLocker Initiated GC) [PSYoungGen: 155136K->69423K(177152K)] 640100K->569363K(701440K), 0.0075662 secs] [Times: user=0.09 sys=0.01, real=0.01 secs] 
2016-09-24T03:13:52.315-0400: 62.302: [Full GC (Ergonomics) [PSYoungGen: 69423K->0K(177152K)] [ParOldGen: 499940K->286631K(524288K)] 569363K->286631K(701440K), [Metaspace: 43786K->43786K(1087488K)], 0.0567260 secs] [Times: user=0.49 sys=0.00, real=0.05 secs] 
2016-09-24T03:13:52.444-0400: 62.431: [GC (GCLocker Initiated GC) [PSYoungGen: 107520K->74914K(170496K)] 394184K->361578K(694784K), 0.0098369 secs] [Times: user=0.14 sys=0.00, real=0.00 secs] 
2016-09-24T03:13:52.502-0400: 62.489: [GC (GCLocker Initiated GC) [PSYoungGen: 165026K->58434K(176128K)] 451770K->373688K(700416K), 0.0080062 secs] [Times: user=0.11 sys=0.00, real=0.01 secs] 
2016-09-24T03:13:52.562-0400: 62.549: [GC (GCLocker Initiated GC) [PSYoungGen: 148546K->81417K(172544K)] 464027K->398136K(696832K), 0.0070968 secs] [Times: user=0.10 sys=0.00, real=0.01 secs] 
2016-09-24T03:13:52.638-0400: 62.625: [GC (GCLocker Initiated GC) [PSYoungGen: 169481K->63814K(175104K)] 488937K->391266K(699392K), 0.0116057 secs] [Times: user=0.15 sys=0.01, real=0.01 secs] 
2016-09-24T03:13:52.709-0400: 62.695: [GC (GCLocker Initiated GC) [PSYoungGen: 151878K->54133K(175104K)] 483630K->387071K(699392K), 0.0147893 secs] [Times: user=0.20 sys=0.00, real=0.02 secs] 
2016-09-24T03:13:52.784-0400: 62.771: [GC (GCLocker Initiated GC) [PSYoungGen: 142197K->67746K(175104K)] 475137K->401937K(699392K), 0.0061912 secs] [Times: user=0.09 sys=0.01, real=0.00 secs] 
2016-09-24T03:13:52.857-0400: 62.844: [GC (GCLocker Initiated GC) [PSYoungGen: 155810K->43508K(175104K)] 492451K->392073K(699392K), 0.0060799 secs] [Times: user=0.08 sys=0.00, real=0.01 secs] 
2016-09-24T03:13:52.908-0400: 62.895: [GC (GCLocker Initiated GC) [PSYoungGen: 131572K->76022K(175104K)] 480229K->425865K(699392K), 0.0070770 secs] [Times: user=0.09 sys=0.00, real=0.01 secs] 
2016-09-24T03:13:52.960-0400: 62.947: [GC (GCLocker Initiated GC) [PSYoungGen: 164086K->77330K(175104K)] 513939K->452719K(699392K), 0.0082968 secs] [Times: user=0.12 sys=0.00, real=0.01 secs] 
2016-09-24T03:13:53.023-0400: 63.010: [GC (GCLocker Initiated GC) [PSYoungGen: 165394K->51591K(175104K)] 546314K->433657K(699392K), 0.0091348 secs] [Times: user=0.07 sys=0.00, real=0.00 secs] 
2016-09-24T03:13:53.100-0400: 63.087: [GC (GCLocker Initiated GC) [PSYoungGen: 139655K->55642K(175104K)] 524950K->461190K(699392K), 0.0079952 secs] [Times: user=0.13 sys=0.00, real=0.01 secs] 
2016-09-24T03:13:53.164-0400: 63.151: [GC (GCLocker Initiated GC) [PSYoungGen: 143706K->63742K(175104K)] 558853K->493647K(699392K), 0.0065390 secs] [Times: user=0.08 sys=0.01, real=0.00 secs] 
2016-09-24T03:13:53.235-0400: 63.222: [GC (GCLocker Initiated GC) [PSYoungGen: 151806K->62393K(175104K)] 581905K->511180K(699392K), 0.0073678 secs] [Times: user=0.11 sys=0.00, real=0.01 secs] 
2016-09-24T03:13:53.294-0400: 63.281: [GC (GCLocker Initiated GC) [PSYoungGen: 150457K->76335K(175104K)] 602036K->529100K(699392K), 0.0070344 secs] [Times: user=0.11 sys=0.00, real=0.00 secs] 
2016-09-24T03:13:53.362-0400: 63.349: [GC (GCLocker Initiated GC) [PSYoungGen: 164399K->46432K(175104K)] 623983K->529204K(699392K), 0.0265564 secs] [Times: user=0.38 sys=0.00, real=0.02 secs] 
2016-09-24T03:13:53.451-0400: 63.438: [Full GC (Ergonomics) [PSYoungGen: 134496K->0K(175104K)] [ParOldGen: 490989K->305174K(524288K)] 625485K->305174K(699392K), [Metaspace: 43786K->43786K(1087488K)], 0.0583335 secs] [Times: user=0.47 sys=0.00, real=0.06 secs] 
2016-09-24T03:13:53.572-0400: 63.559: [GC (GCLocker Initiated GC) [PSYoungGen: 88064K->63228K(175104K)] 405323K->380488K(699392K), 0.0064504 secs] [Times: user=0.09 sys=0.01, real=0.01 secs] 
2016-09-24T03:13:53.633-0400: 63.620: [GC (GCLocker Initiated GC) [PSYoungGen: 151292K->48865K(175104K)] 472856K->388554K(699392K), 0.0064615 secs] [Times: user=0.07 sys=0.00, real=0.01 secs] 
2016-09-24T03:13:53.694-0400: 63.681: [GC (GCLocker Initiated GC) [PSYoungGen: 136929K->65510K(175104K)] 479541K->409272K(699392K), 0.0068639 secs] [Times: user=0.08 sys=0.00, real=0.01 secs] 
2016-09-24T03:13:53.759-0400: 63.746: [GC (GCLocker Initiated GC) [PSYoungGen: 153574K->59732K(169984K)] 504593K->414891K(694272K), 0.0062226 secs] [Times: user=0.10 sys=0.00, real=0.01 secs] 
2016-09-24T03:13:53.825-0400: 63.812: [GC (GCLocker Initiated GC) [PSYoungGen: 147796K->62491K(172544K)] 506948K->422853K(696832K), 0.0061282 secs] [Times: user=0.08 sys=0.00, real=0.00 secs] 
2016-09-24T03:13:53.895-0400: 63.882: [GC (GCLocker Initiated GC) [PSYoungGen: 150555K->40580K(177152K)] 516773K->409392K(701440K), 0.0134108 secs] [Times: user=0.19 sys=0.01, real=0.01 secs] 
2016-09-24T03:13:53.972-0400: 63.959: [GC (GCLocker Initiated GC) [PSYoungGen: 134788K->71816K(166400K)] 506326K->445767K(690688K), 0.0062216 secs] [Times: user=0.10 sys=0.00, real=0.01 secs] 
2016-09-24T03:13:54.035-0400: 64.022: [GC (GCLocker Initiated GC) [PSYoungGen: 166024K->57090K(177664K)] 545426K->451119K(701952K), 0.0075884 secs] [Times: user=0.10 sys=0.01, real=0.01 secs] 
2016-09-24T03:13:54.095-0400: 64.082: [GC (GCLocker Initiated GC) [PSYoungGen: 148226K->44940K(175616K)] 544967K->442925K(699904K), 0.0078874 secs] [Times: user=0.05 sys=0.00, real=0.01 secs] 
2016-09-24T03:13:54.158-0400: 64.144: [GC (GCLocker Initiated GC) [PSYoungGen: 136076K->49116K(176640K)] 542287K->456595K(700928K), 0.0145238 secs] [Times: user=0.17 sys=0.00, real=0.01 secs] 
2016-09-24T03:13:54.235-0400: 64.222: [GC (GCLocker Initiated GC) [PSYoungGen: 141276K->50369K(175616K)] 551469K->461892K(699904K), 0.0067579 secs] [Times: user=0.06 sys=0.00, real=0.00 secs] 
2016-09-24T03:13:54.298-0400: 64.285: [GC (GCLocker Initiated GC) [PSYoungGen: 142529K->60950K(177152K)] 554115K->475159K(701440K), 0.0116613 secs] [Times: user=0.14 sys=0.00, real=0.01 secs] 
2016-09-24T03:13:54.365-0400: 64.352: [GC (GCLocker Initiated GC) [PSYoungGen: 156182K->54207K(176128K)] 573172K->483163K(700416K), 0.0183465 secs] [Times: user=0.22 sys=0.01, real=0.02 secs] 
2016-09-24T03:13:54.442-0400: 64.429: [GC (GCLocker Initiated GC) [PSYoungGen: 149439K->20500K(174080K)] 589016K->480165K(698368K), 0.0140658 secs] [Times: user=0.15 sys=0.01, real=0.02 secs] 
2016-09-24T03:13:54.508-0400: 64.495: [GC (GCLocker Initiated GC) [PSYoungGen: 115732K->38938K(178176K)] 587637K->512058K(702464K), 0.0097349 secs] [Times: user=0.11 sys=0.00, real=0.01 secs] 
2016-09-24T03:13:54.565-0400: 64.552: [GC (GCLocker Initiated GC) [PSYoungGen: 134170K->59446K(178688K)] 615438K->544159K(702976K), 0.0061172 secs] [Times: user=0.07 sys=0.00, real=0.00 secs] 
2016-09-24T03:13:54.636-0400: 64.623: [GC (GCLocker Initiated GC) [PSYoungGen: 156214K->68997K(165888K)] 643795K->576402K(690176K), 0.0116771 secs] [Times: user=0.14 sys=0.00, real=0.01 secs] 
2016-09-24T03:13:54.648-0400: 64.635: [Full GC (Ergonomics) [PSYoungGen: 68997K->0K(165888K)] [ParOldGen: 507404K->327094K(524288K)] 576402K->327094K(690176K), [Metaspace: 43786K->43786K(1087488K)], 0.0607263 secs] [Times: user=0.49 sys=0.00, real=0.06 secs] 
2016-09-24T03:13:54.773-0400: 64.760: [GC (GCLocker Initiated GC) [PSYoungGen: 96768K->68517K(173568K)] 429267K->401016K(697856K), 0.0059716 secs] [Times: user=0.08 sys=0.00, real=0.01 secs] 
2016-09-24T03:13:54.825-0400: 64.812: [GC (GCLocker Initiated GC) [PSYoungGen: 156581K->76955K(175104K)] 491847K->418190K(699392K), 0.0100326 secs] [Times: user=0.16 sys=0.00, real=0.01 secs] 
2016-09-24T03:13:54.883-0400: 64.870: [GC (GCLocker Initiated GC) [PSYoungGen: 165019K->51413K(175104K)] 508978K->424593K(699392K), 0.0066917 secs] [Times: user=0.09 sys=0.00, real=0.00 secs] 
2016-09-24T03:13:54.941-0400: 64.928: [GC (GCLocker Initiated GC) [PSYoungGen: 139477K->46198K(175104K)] 524978K->433812K(699392K), 0.0060724 secs] [Times: user=0.05 sys=0.00, real=0.01 secs] 
2016-09-24T03:13:54.997-0400: 64.983: [GC (GCLocker Initiated GC) [PSYoungGen: 134262K->67305K(175104K)] 524705K->468342K(699392K), 0.0065409 secs] [Times: user=0.09 sys=0.00, real=0.01 secs] 
2016-09-24T03:13:55.065-0400: 65.052: [GC (GCLocker Initiated GC) [PSYoungGen: 155369K->49934K(175104K)] 561976K->476164K(699392K), 0.0062798 secs] [Times: user=0.09 sys=0.00, real=0.00 secs] 
2016-09-24T03:13:55.125-0400: 65.112: [GC (GCLocker Initiated GC) [PSYoungGen: 137998K->60617K(173056K)] 567071K->502758K(697344K), 0.0101306 secs] [Times: user=0.16 sys=0.01, real=0.01 secs] 
2016-09-24T03:13:55.181-0400: 65.168: [GC (GCLocker Initiated GC) [PSYoungGen: 148681K->52468K(174080K)] 593532K->514216K(698368K), 0.0061322 secs] [Times: user=0.07 sys=0.01, real=0.01 secs] 
2016-09-24T03:13:55.232-0400: 65.219: [GC (GCLocker Initiated GC) [PSYoungGen: 140532K->76933K(172032K)] 605205K->542278K(696320K), 0.0092136 secs] [Times: user=0.14 sys=0.00, real=0.01 secs] 
2016-09-24T03:13:55.283-0400: 65.270: [GC (GCLocker Initiated GC) [PSYoungGen: 164997K->82080K(175104K)] 630381K->548229K(699392K), 0.0072989 secs] [Times: user=0.10 sys=0.00, real=0.00 secs] 
2016-09-24T03:13:55.339-0400: 65.326: [GC (GCLocker Initiated GC) [PSYoungGen: 170144K->49937K(175104K)] 644639K->543940K(699392K), 0.0071307 secs] [Times: user=0.09 sys=0.00, real=0.01 secs] 
2016-09-24T03:13:55.346-0400: 65.333: [Full GC (Ergonomics) [PSYoungGen: 49937K->0K(175104K)] [ParOldGen: 494002K->334721K(524288K)] 543940K->334721K(699392K), [Metaspace: 43845K->43845K(1087488K)], 0.0564242 secs] [Times: user=0.57 sys=0.02, real=0.06 secs] 
2016-09-24T03:13:55.451-0400: 65.438: [GC (GCLocker Initiated GC) [PSYoungGen: 88064K->63484K(175104K)] 427071K->402492K(699392K), 0.0075100 secs] [Times: user=0.09 sys=0.00, real=0.01 secs] 
2016-09-24T03:13:55.505-0400: 65.492: [GC (GCLocker Initiated GC) [PSYoungGen: 151548K->37256K(175104K)] 497464K->385362K(699392K), 0.0109108 secs] [Times: user=0.09 sys=0.00, real=0.01 secs] 
2016-09-24T03:13:55.564-0400: 65.551: [GC (GCLocker Initiated GC) [PSYoungGen: 125320K->68541K(175104K)] 473514K->418627K(699392K), 0.0159085 secs] [Times: user=0.19 sys=0.00, real=0.01 secs] 
2016-09-24T03:13:55.627-0400: 65.614: [GC (GCLocker Initiated GC) [PSYoungGen: 156605K->68576K(175104K)] 507497K->428121K(699392K), 0.0169769 secs] [Times: user=0.21 sys=0.00, real=0.02 secs] 
2016-09-24T03:13:55.691-0400: 65.678: [GC (GCLocker Initiated GC) [PSYoungGen: 156640K->69877K(175104K)] 516307K->430139K(699392K), 0.0070369 secs] [Times: user=0.09 sys=0.00, real=0.01 secs] 
2016-09-24T03:13:55.746-0400: 65.733: [GC (GCLocker Initiated GC) [PSYoungGen: 157941K->51030K(175104K)] 521112K->436324K(699392K), 0.0072598 secs] [Times: user=0.11 sys=0.00, real=0.00 secs] 
2016-09-24T03:13:55.800-0400: 65.787: [GC (GCLocker Initiated GC) [PSYoungGen: 139094K->30721K(175104K)] 536571K->431507K(699392K), 0.0125350 secs] [Times: user=0.13 sys=0.00, real=0.01 secs] 
2016-09-24T03:13:55.867-0400: 65.854: [GC (GCLocker Initiated GC) [PSYoungGen: 118785K->63143K(175104K)] 519629K->465982K(699392K), 0.0073347 secs] [Times: user=0.08 sys=0.00, real=0.01 secs] 
2016-09-24T03:13:55.911-0400: 65.898: [GC (GCLocker Initiated GC) [PSYoungGen: 151207K->49525K(175104K)] 556806K->455631K(699392K), 0.0086262 secs] [Times: user=0.08 sys=0.00, real=0.01 secs] 
2016-09-24T03:13:55.975-0400: 65.962: [GC (GCLocker Initiated GC) [PSYoungGen: 137589K->49750K(175104K)] 547884K->482172K(699392K), 0.0072485 secs] [Times: user=0.06 sys=0.00, real=0.01 secs] 
2016-09-24T03:13:56.040-0400: 66.027: [GC (GCLocker Initiated GC) [PSYoungGen: 137814K->52483K(140800K)] 578406K->518117K(665088K), 0.0084200 secs] [Times: user=0.13 sys=0.00, real=0.01 secs] 
2016-09-24T03:13:56.091-0400: 66.078: [GC (GCLocker Initiated GC) [PSYoungGen: 140547K->42667K(174592K)] 606236K->509020K(698880K), 0.0131536 secs] [Times: user=0.13 sys=0.00, real=0.02 secs] 
2016-09-24T03:13:56.147-0400: 66.134: [GC (GCLocker Initiated GC) [PSYoungGen: 131755K->46837K(173568K)] 603592K->527399K(697856K), 0.0083941 secs] [Times: user=0.08 sys=0.00, real=0.01 secs] 
2016-09-24T03:13:56.199-0400: 66.186: [GC (GCLocker Initiated GC) [PSYoungGen: 135925K->57963K(176128K)] 619374K->542021K(700416K), 0.0208835 secs] [Times: user=0.28 sys=0.00, real=0.02 secs] 
2016-09-24T03:13:56.273-0400: 66.260: [GC (GCLocker Initiated GC) [PSYoungGen: 151659K->49865K(175104K)] 637154K->549579K(699392K), 0.0066931 secs] [Times: user=0.07 sys=0.00, real=0.01 secs] 
2016-09-24T03:13:56.280-0400: 66.267: [Full GC (Ergonomics) [PSYoungGen: 49865K->0K(175104K)] [ParOldGen: 499713K->337609K(524288K)] 549579K->337609K(699392K), [Metaspace: 43845K->43845K(1087488K)], 0.0670598 secs] [Times: user=0.62 sys=0.01, real=0.07 secs] 
2016-09-24T03:13:56.397-0400: 66.384: [GC (GCLocker Initiated GC) [PSYoungGen: 93696K->74424K(172032K)] 434263K->414991K(696320K), 0.0063170 secs] [Times: user=0.09 sys=0.00, real=0.01 secs] 
2016-09-24T03:13:56.458-0400: 66.445: [GC (GCLocker Initiated GC) [PSYoungGen: 166584K->68806K(161280K)] 507262K->419978K(685568K), 0.0070369 secs] [Times: user=0.10 sys=0.00, real=0.01 secs] 
2016-09-24T03:13:56.509-0400: 66.496: [GC (GCLocker Initiated GC) [PSYoungGen: 160966K->59261K(177664K)] 512187K->427516K(701952K), 0.0076971 secs] [Times: user=0.11 sys=0.00, real=0.01 secs] 
2016-09-24T03:13:56.560-0400: 66.547: [GC (GCLocker Initiated GC) [PSYoungGen: 150397K->52608K(143872K)] 526935K->465009K(668160K), 0.0076283 secs] [Times: user=0.10 sys=0.00, real=0.01 secs] 
2016-09-24T03:13:56.616-0400: 66.603: [GC (GCLocker Initiated GC) [PSYoungGen: 143744K->74177K(169472K)] 561660K->503697K(693760K), 0.0111553 secs] [Times: user=0.12 sys=0.00, real=0.01 secs] 
2016-09-24T03:13:56.679-0400: 66.666: [GC (GCLocker Initiated GC) [PSYoungGen: 161217K->71455K(173568K)] 590810K->512637K(697856K), 0.0073788 secs] [Times: user=0.11 sys=0.00, real=0.01 secs] 
2016-09-24T03:13:56.737-0400: 66.724: [GC (GCLocker Initiated GC) [PSYoungGen: 158495K->56380K(175104K)] 602540K->501103K(699392K), 0.0061494 secs] [Times: user=0.06 sys=0.00, real=0.01 secs] 
2016-09-24T03:13:56.794-0400: 66.781: [GC (GCLocker Initiated GC) [PSYoungGen: 144956K->60687K(149504K)] 599145K->515586K(673792K), 0.0073263 secs] [Times: user=0.07 sys=0.00, real=0.00 secs] 
2016-09-24T03:13:56.855-0400: 66.842: [GC (GCLocker Initiated GC) [PSYoungGen: 149263K->67414K(172544K)] 606921K->527189K(696832K), 0.0071853 secs] [Times: user=0.10 sys=0.00, real=0.01 secs] 
2016-09-24T03:13:56.920-0400: 66.907: [GC (GCLocker Initiated GC) [PSYoungGen: 155990K->22767K(173056K)] 619970K->502334K(697344K), 0.0112220 secs] [Times: user=0.09 sys=0.01, real=0.01 secs] 
2016-09-24T03:13:56.979-0400: 66.966: [GC (GCLocker Initiated GC) [PSYoungGen: 111343K->44402K(175104K)] 593670K->527656K(699392K), 0.0083594 secs] [Times: user=0.05 sys=0.01, real=0.01 secs] 
2016-09-24T03:13:57.038-0400: 67.025: [GC (GCLocker Initiated GC) [PSYoungGen: 132466K->52439K(140800K)] 618450K->543396K(665088K), 0.0283059 secs] [Times: user=0.34 sys=0.00, real=0.03 secs] 
2016-09-24T03:13:57.122-0400: 67.109: [Full GC (Ergonomics) [PSYoungGen: 140503K->0K(140800K)] [ParOldGen: 496472K->354960K(524288K)] 636976K->354960K(665088K), [Metaspace: 43845K->43845K(1087488K)], 0.0651525 secs] [Times: user=0.49 sys=0.01, real=0.07 secs] 
2016-09-24T03:13:57.239-0400: 67.226: [GC (GCLocker Initiated GC) [PSYoungGen: 88064K->57456K(175104K)] 445766K->415158K(699392K), 0.0095768 secs] [Times: user=0.08 sys=0.00, real=0.01 secs] 
2016-09-24T03:13:57.307-0400: 67.294: [GC (GCLocker Initiated GC) [PSYoungGen: 147568K->62379K(173056K)] 509401K->427191K(697344K), 0.0130583 secs] [Times: user=0.19 sys=0.00, real=0.01 secs] 
2016-09-24T03:13:57.377-0400: 67.364: [GC (GCLocker Initiated GC) [PSYoungGen: 152491K->50037K(177664K)] 529526K->441528K(701952K), 0.0131383 secs] [Times: user=0.17 sys=0.00, real=0.01 secs] 
2016-09-24T03:13:57.442-0400: 67.429: [GC (GCLocker Initiated GC) [PSYoungGen: 145781K->52770K(176640K)] 537445K->458876K(700928K), 0.0082285 secs] [Times: user=0.09 sys=0.00, real=0.00 secs] 
2016-09-24T03:13:57.515-0400: 67.502: [GC (GCLocker Initiated GC) [PSYoungGen: 148514K->74338K(173568K)] 560142K->489648K(697856K), 0.0105498 secs] [Times: user=0.16 sys=0.00, real=0.01 secs] 
2016-09-24T03:13:57.577-0400: 67.564: [GC (GCLocker Initiated GC) [PSYoungGen: 169058K->60871K(178176K)] 592577K->506956K(702464K), 0.0065458 secs] [Times: user=0.08 sys=0.00, real=0.01 secs] 
2016-09-24T03:13:57.638-0400: 67.625: [GC (GCLocker Initiated GC) [PSYoungGen: 155591K->58108K(173568K)] 604431K->518691K(697856K), 0.0064051 secs] [Times: user=0.06 sys=0.00, real=0.01 secs] 
2016-09-24T03:13:57.695-0400: 67.682: [GC (GCLocker Initiated GC) [PSYoungGen: 154364K->63508K(176640K)] 615015K->549443K(700928K), 0.0075225 secs] [Times: user=0.10 sys=0.00, real=0.01 secs] 
2016-09-24T03:13:57.755-0400: 67.742: [GC (GCLocker Initiated GC) [PSYoungGen: 159764K->62252K(179712K)] 645712K->557212K(704000K), 0.0062015 secs] [Times: user=0.08 sys=0.00, real=0.00 secs] 
2016-09-24T03:13:57.761-0400: 67.748: [Full GC (Ergonomics) [PSYoungGen: 62252K->0K(179712K)] [ParOldGen: 494960K->354757K(524288K)] 557212K->354757K(704000K), [Metaspace: 43845K->43845K(1087488K)], 0.0502754 secs] [Times: user=0.45 sys=0.01, real=0.05 secs] 
2016-09-24T03:13:57.872-0400: 67.859: [GC (GCLocker Initiated GC) [PSYoungGen: 101376K->79189K(180736K)] 456196K->442109K(705024K), 0.0111743 secs] [Times: user=0.17 sys=0.00, real=0.02 secs] 
2016-09-24T03:13:57.942-0400: 67.929: [GC (GCLocker Initiated GC) [PSYoungGen: 180565K->41872K(171520K)] 548941K->424085K(695808K), 0.0083776 secs] [Times: user=0.06 sys=0.00, real=0.00 secs] 
2016-09-24T03:13:58.003-0400: 67.989: [GC (GCLocker Initiated GC) [PSYoungGen: 131984K->51324K(176128K)] 519672K->464309K(700416K), 0.0076757 secs] [Times: user=0.09 sys=0.00, real=0.00 secs] 
2016-09-24T03:13:58.066-0400: 68.052: [GC (GCLocker Initiated GC) [PSYoungGen: 141436K->57852K(169472K)] 557150K->475757K(693760K), 0.0066294 secs] [Times: user=0.05 sys=0.00, real=0.00 secs] 
2016-09-24T03:13:58.133-0400: 68.120: [GC (GCLocker Initiated GC) [PSYoungGen: 149500K->35183K(173568K)] 573344K->469276K(697856K), 0.0067269 secs] [Times: user=0.06 sys=0.00, real=0.01 secs] 
2016-09-24T03:13:58.199-0400: 68.186: [GC (GCLocker Initiated GC) [PSYoungGen: 126831K->34768K(177664K)] 562369K->471371K(701952K), 0.0122641 secs] [Times: user=0.15 sys=0.00, real=0.01 secs] 
2016-09-24T03:13:58.262-0400: 68.249: [GC (GCLocker Initiated GC) [PSYoungGen: 128976K->68933K(163328K)] 568401K->509208K(687616K), 0.0067483 secs] [Times: user=0.10 sys=0.00, real=0.01 secs] 
2016-09-24T03:13:58.317-0400: 68.304: [GC (GCLocker Initiated GC) [PSYoungGen: 163141K->78321K(175104K)] 606170K->522278K(699392K), 0.0062141 secs] [Times: user=0.09 sys=0.00, real=0.01 secs] 
2016-09-24T03:13:58.370-0400: 68.357: [GC (GCLocker Initiated GC) [PSYoungGen: 166385K->55338K(175104K)] 613073K->540765K(699392K), 0.0071989 secs] [Times: user=0.09 sys=0.01, real=0.01 secs] 
2016-09-24T03:13:58.428-0400: 68.415: [Full GC (Ergonomics) [PSYoungGen: 143402K->0K(175104K)] [ParOldGen: 490903K->360267K(524288K)] 634306K->360267K(699392K), [Metaspace: 43847K->43847K(1087488K)], 0.0534579 secs] [Times: user=0.47 sys=0.01, real=0.05 secs] 
2016-09-24T03:13:58.531-0400: 68.518: [GC (GCLocker Initiated GC) [PSYoungGen: 88064K->86673K(175104K)] 453844K->452454K(699392K), 0.0095355 secs] [Times: user=0.14 sys=0.00, real=0.01 secs] 
2016-09-24T03:13:58.595-0400: 68.582: [GC (GCLocker Initiated GC) [PSYoungGen: 174737K->58039K(175104K)] 543319K->443900K(699392K), 0.0096247 secs] [Times: user=0.14 sys=0.01, real=0.01 secs] 
2016-09-24T03:13:58.653-0400: 68.640: [GC (GCLocker Initiated GC) [PSYoungGen: 146103K->62055K(175104K)] 534363K->452475K(699392K), 0.0081794 secs] [Times: user=0.12 sys=0.00, real=0.01 secs] 
2016-09-24T03:13:58.710-0400: 68.697: [GC (GCLocker Initiated GC) [PSYoungGen: 150119K->49899K(175104K)] 556759K->465504K(699392K), 0.0058513 secs] [Times: user=0.09 sys=0.00, real=0.01 secs] 
2016-09-24T03:13:58.768-0400: 68.755: [GC (GCLocker Initiated GC) [PSYoungGen: 137963K->78223K(175104K)] 564463K->508250K(699392K), 0.0074335 secs] [Times: user=0.10 sys=0.00, real=0.01 secs] 
2016-09-24T03:13:58.824-0400: 68.811: [GC (GCLocker Initiated GC) [PSYoungGen: 166287K->68798K(175104K)] 607266K->515954K(699392K), 0.0093307 secs] [Times: user=0.14 sys=0.00, real=0.00 secs] 
2016-09-24T03:13:58.885-0400: 68.872: [GC (GCLocker Initiated GC) [PSYoungGen: 156862K->51285K(175104K)] 613569K->526351K(699392K), 0.0074063 secs] [Times: user=0.12 sys=0.00, real=0.00 secs] 
2016-09-24T03:13:58.941-0400: 68.928: [GC (GCLocker Initiated GC) [PSYoungGen: 139349K->33348K(175104K)] 623939K->521389K(699392K), 0.0201756 secs] [Times: user=0.26 sys=0.00, real=0.02 secs] 
2016-09-24T03:13:59.010-0400: 68.997: [GC (GCLocker Initiated GC) [PSYoungGen: 121412K->50937K(175104K)] 612232K->554616K(699392K), 0.0068351 secs] [Times: user=0.08 sys=0.00, real=0.01 secs] 
2016-09-24T03:13:59.017-0400: 69.004: [Full GC (Ergonomics) [PSYoungGen: 50937K->0K(175104K)] [ParOldGen: 503678K->371750K(524288K)] 554616K->371750K(699392K), [Metaspace: 43847K->43847K(1087488K)], 0.0686955 secs] [Times: user=0.70 sys=0.02, real=0.07 secs] 
2016-09-24T03:13:59.141-0400: 69.128: [GC (GCLocker Initiated GC) [PSYoungGen: 88064K->54181K(175104K)] 462563K->428680K(699392K), 0.0056734 secs] [Times: user=0.08 sys=0.00, real=0.01 secs] 
2016-09-24T03:13:59.199-0400: 69.186: [GC (GCLocker Initiated GC) [PSYoungGen: 142245K->66068K(175104K)] 522189K->461986K(699392K), 0.0274645 secs] [Times: user=0.40 sys=0.01, real=0.03 secs] 
2016-09-24T03:13:59.272-0400: 69.259: [GC (GCLocker Initiated GC) [PSYoungGen: 154132K->67391K(175104K)] 550156K->483088K(699392K), 0.0074611 secs] [Times: user=0.11 sys=0.00, real=0.01 secs] 
2016-09-24T03:13:59.324-0400: 69.311: [GC (GCLocker Initiated GC) [PSYoungGen: 155455K->70061K(175104K)] 573989K->489364K(699392K), 0.0068110 secs] [Times: user=0.08 sys=0.00, real=0.00 secs] 
2016-09-24T03:13:59.377-0400: 69.364: [GC (GCLocker Initiated GC) [PSYoungGen: 158125K->82340K(175104K)] 580229K->505142K(699392K), 0.0074553 secs] [Times: user=0.11 sys=0.00, real=0.01 secs] 
2016-09-24T03:13:59.434-0400: 69.421: [GC (GCLocker Initiated GC) [PSYoungGen: 170404K->65915K(175104K)] 593336K->503135K(699392K), 0.0070088 secs] [Times: user=0.09 sys=0.00, real=0.01 secs] 
2016-09-24T03:13:59.485-0400: 69.472: [GC (GCLocker Initiated GC) [PSYoungGen: 153979K->61963K(175104K)] 591250K->517451K(699392K), 0.0069653 secs] [Times: user=0.10 sys=0.00, real=0.00 secs] 
2016-09-24T03:13:59.537-0400: 69.524: [GC (GCLocker Initiated GC) [PSYoungGen: 150027K->56563K(175104K)] 613760K->534536K(699392K), 0.0063467 secs] [Times: user=0.09 sys=0.00, real=0.01 secs] 
2016-09-24T03:13:59.588-0400: 69.575: [GC (GCLocker Initiated GC) [PSYoungGen: 144627K->66110K(175104K)] 625380K->561080K(699392K), 0.0066877 secs] [Times: user=0.10 sys=0.00, real=0.01 secs] 
2016-09-24T03:13:59.595-0400: 69.581: [Full GC (Ergonomics) [PSYoungGen: 66110K->0K(175104K)] [ParOldGen: 494970K->344938K(524288K)] 561080K->344938K(699392K), [Metaspace: 43847K->43847K(1087488K)], 0.0651580 secs] [Times: user=0.70 sys=0.01, real=0.06 secs] 
2016-09-24T03:13:59.707-0400: 69.694: [GC (GCLocker Initiated GC) [PSYoungGen: 88064K->73149K(175104K)] 438648K->423734K(699392K), 0.0063192 secs] [Times: user=0.10 sys=0.00, real=0.00 secs] 
2016-09-24T03:13:59.762-0400: 69.749: [GC (GCLocker Initiated GC) [PSYoungGen: 161213K->60647K(175104K)] 517388K->419259K(699392K), 0.0064099 secs] [Times: user=0.07 sys=0.01, real=0.01 secs] 
2016-09-24T03:13:59.816-0400: 69.803: [GC (GCLocker Initiated GC) [PSYoungGen: 148711K->55246K(173056K)] 518247K->425549K(697344K), 0.0056376 secs] [Times: user=0.07 sys=0.00, real=0.00 secs] 
2016-09-24T03:13:59.876-0400: 69.863: [GC (GCLocker Initiated GC) [PSYoungGen: 143310K->71414K(174080K)] 513649K->462733K(698368K), 0.0077678 secs] [Times: user=0.11 sys=0.00, real=0.01 secs] 
2016-09-24T03:13:59.938-0400: 69.925: [GC (GCLocker Initiated GC) [PSYoungGen: 159478K->62157K(173056K)] 550871K->469126K(697344K), 0.0072032 secs] [Times: user=0.10 sys=0.00, real=0.01 secs] 
2016-09-24T03:13:59.990-0400: 69.977: [GC (GCLocker Initiated GC) [PSYoungGen: 151245K->75499K(174080K)] 558393K->483565K(698368K), 0.0073316 secs] [Times: user=0.10 sys=0.01, real=0.01 secs] 
2016-09-24T03:14:00.045-0400: 70.032: [GC (GCLocker Initiated GC) [PSYoungGen: 164587K->65953K(175616K)] 580892K->483043K(699904K), 0.0067473 secs] [Times: user=0.09 sys=0.00, real=0.00 secs] 
2016-09-24T03:14:00.102-0400: 70.089: [GC (GCLocker Initiated GC) [PSYoungGen: 155553K->70004K(175104K)] 572814K->489344K(699392K), 0.0066438 secs] [Times: user=0.09 sys=0.00, real=0.00 secs] 
2016-09-24T03:14:00.161-0400: 70.148: [GC (GCLocker Initiated GC) [PSYoungGen: 159604K->67529K(175104K)] 583200K->491807K(699392K), 0.0063225 secs] [Times: user=0.09 sys=0.01, real=0.01 secs] 
2016-09-24T03:14:00.221-0400: 70.208: [GC (GCLocker Initiated GC) [PSYoungGen: 158665K->57919K(175616K)] 589718K->511431K(699904K), 0.0073159 secs] [Times: user=0.10 sys=0.01, real=0.01 secs] 
2016-09-24T03:14:00.292-0400: 70.279: [GC (GCLocker Initiated GC) [PSYoungGen: 149055K->43007K(175104K)] 612147K->528454K(699392K), 0.0062240 secs] [Times: user=0.09 sys=0.00, real=0.01 secs] 
2016-09-24T03:14:00.350-0400: 70.337: [GC (GCLocker Initiated GC) [PSYoungGen: 134143K->49692K(176640K)] 622534K->541429K(700928K), 0.0080498 secs] [Times: user=0.06 sys=0.01, real=0.01 secs] 
2016-09-24T03:14:00.358-0400: 70.345: [Full GC (Ergonomics) [PSYoungGen: 49692K->0K(176640K)] [ParOldGen: 491736K->347747K(524288K)] 541429K->347747K(700928K), [Metaspace: 43848K->43848K(1087488K)], 0.1471637 secs] [Times: user=1.95 sys=0.03, real=0.15 secs] 
2016-09-24T03:14:00.554-0400: 70.541: [GC (GCLocker Initiated GC) [PSYoungGen: 91136K->61228K(171520K)] 447226K->417318K(695808K), 0.0060910 secs] [Times: user=0.07 sys=0.00, real=0.00 secs] 
2016-09-24T03:14:00.616-0400: 70.603: [GC (GCLocker Initiated GC) [PSYoungGen: 152364K->73955K(174080K)] 511386K->432978K(698368K), 0.0067562 secs] [Times: user=0.11 sys=0.00, real=0.01 secs] 
2016-09-24T03:14:00.672-0400: 70.659: [GC (GCLocker Initiated GC) [PSYoungGen: 165091K->82603K(173568K)] 525532K->443045K(697856K), 0.0070679 secs] [Times: user=0.10 sys=0.00, real=0.01 secs] 
2016-09-24T03:14:00.728-0400: 70.715: [GC (GCLocker Initiated GC) [PSYoungGen: 170667K->77531K(175104K)] 532540K->441241K(699392K), 0.0075036 secs] [Times: user=0.12 sys=0.00, real=0.01 secs] 
2016-09-24T03:14:00.778-0400: 70.765: [GC (GCLocker Initiated GC) [PSYoungGen: 165595K->57855K(175104K)] 534826K->460874K(699392K), 0.0068850 secs] [Times: user=0.10 sys=0.01, real=0.01 secs] 
2016-09-24T03:14:00.836-0400: 70.823: [GC (GCLocker Initiated GC) [PSYoungGen: 145919K->63289K(175104K)] 548948K->481827K(699392K), 0.0070443 secs] [Times: user=0.10 sys=0.00, real=0.01 secs] 
2016-09-24T03:14:00.895-0400: 70.882: [GC (GCLocker Initiated GC) [PSYoungGen: 151353K->52459K(175104K)] 572708K->474531K(699392K), 0.0071980 secs] [Times: user=0.05 sys=0.01, real=0.01 secs] 
2016-09-24T03:14:00.948-0400: 70.935: [GC (GCLocker Initiated GC) [PSYoungGen: 140523K->59240K(175104K)] 563403K->511265K(699392K), 0.0073929 secs] [Times: user=0.09 sys=0.01, real=0.01 secs] 
2016-09-24T03:14:01.003-0400: 70.989: [GC (GCLocker Initiated GC) [PSYoungGen: 147304K->51365K(175104K)] 608878K->513576K(699392K), 0.0065363 secs] [Times: user=0.08 sys=0.00, real=0.00 secs] 
2016-09-24T03:14:01.053-0400: 71.040: [GC (GCLocker Initiated GC) [PSYoungGen: 139429K->61975K(150528K)] 605920K->529377K(674816K), 0.0064336 secs] [Times: user=0.08 sys=0.00, real=0.01 secs] 
2016-09-24T03:14:01.107-0400: 71.094: [GC (GCLocker Initiated GC) [PSYoungGen: 150039K->57893K(174080K)] 629806K->539698K(698368K), 0.0089569 secs] [Times: user=0.13 sys=0.00, real=0.01 secs] 
2016-09-24T03:14:01.169-0400: 71.156: [GC (GCLocker Initiated GC) [PSYoungGen: 147493K->70074K(172544K)] 632087K->555412K(696832K), 0.0064551 secs] [Times: user=0.10 sys=0.00, real=0.01 secs] 
2016-09-24T03:14:01.230-0400: 71.217: [GC (GCLocker Initiated GC) [PSYoungGen: 159674K->48412K(178176K)] 649068K->538510K(702464K), 0.0062491 secs] [Times: user=0.06 sys=0.00, real=0.01 secs] 
2016-09-24T03:14:01.285-0400: 71.272: [Full GC (Ergonomics) [PSYoungGen: 142620K->0K(178176K)] [ParOldGen: 492837K->356865K(524288K)] 635457K->356865K(702464K), [Metaspace: 43854K->43854K(1087488K)], 0.0524364 secs] [Times: user=0.48 sys=0.00, real=0.05 secs] 
2016-09-24T03:14:01.394-0400: 71.381: [GC (GCLocker Initiated GC) [PSYoungGen: 94208K->63710K(158208K)] 451140K->420642K(682496K), 0.0069676 secs] [Times: user=0.08 sys=0.00, real=0.01 secs] 
2016-09-24T03:14:01.462-0400: 71.449: [GC (GCLocker Initiated GC) [PSYoungGen: 157918K->65961K(177664K)] 520327K->432288K(701952K), 0.0065377 secs] [Times: user=0.10 sys=0.00, real=0.01 secs] 
2016-09-24T03:14:01.523-0400: 71.510: [GC (GCLocker Initiated GC) [PSYoungGen: 160681K->39055K(177152K)] 527053K->427661K(701440K), 0.0130819 secs] [Times: user=0.17 sys=0.00, real=0.01 secs] 
2016-09-24T03:14:01.585-0400: 71.572: [GC (GCLocker Initiated GC) [PSYoungGen: 133775K->44490K(177664K)] 522447K->470380K(701952K), 0.0068624 secs] [Times: user=0.10 sys=0.00, real=0.00 secs] 
2016-09-24T03:14:01.631-0400: 71.618: [GC (GCLocker Initiated GC) [PSYoungGen: 137674K->82227K(175616K)] 563610K->517073K(699904K), 0.0075167 secs] [Times: user=0.10 sys=0.01, real=0.01 secs] 
2016-09-24T03:14:01.687-0400: 71.674: [GC (GCLocker Initiated GC) [PSYoungGen: 175411K->62009K(174592K)] 615700K->527288K(698880K), 0.0062318 secs] [Times: user=0.09 sys=0.00, real=0.00 secs] 
2016-09-24T03:14:01.759-0400: 71.746: [GC (GCLocker Initiated GC) [PSYoungGen: 150073K->49891K(175104K)] 620878K->532291K(699392K), 0.0060406 secs] [Times: user=0.08 sys=0.00, real=0.01 secs] 
2016-09-24T03:14:01.814-0400: 71.801: [Full GC (Ergonomics) [PSYoungGen: 137955K->0K(175104K)] [ParOldGen: 486485K->353712K(524288K)] 624441K->353712K(699392K), [Metaspace: 43859K->43859K(1087488K)], 0.0538831 secs] [Times: user=0.49 sys=0.00, real=0.06 secs] 
2016-09-24T03:14:01.915-0400: 71.902: [GC (GCLocker Initiated GC) [PSYoungGen: 87380K->68050K(175104K)] 443792K->424462K(699392K), 0.0061474 secs] [Times: user=0.08 sys=0.00, real=0.00 secs] 
2016-09-24T03:14:01.975-0400: 71.961: [GC (GCLocker Initiated GC) [PSYoungGen: 156114K->49763K(175104K)] 522266K->417315K(699392K), 0.0103233 secs] [Times: user=0.14 sys=0.01, real=0.01 secs] 
2016-09-24T03:14:02.033-0400: 72.020: [GC (GCLocker Initiated GC) [PSYoungGen: 137827K->64615K(173056K)] 513542K->454561K(697344K), 0.0106636 secs] [Times: user=0.16 sys=0.00, real=0.02 secs] 
2016-09-24T03:14:02.091-0400: 72.078: [GC (GCLocker Initiated GC) [PSYoungGen: 152679K->55166K(174080K)] 548094K->464789K(698368K), 0.0083384 secs] [Times: user=0.10 sys=0.00, real=0.01 secs] 
2016-09-24T03:14:02.153-0400: 72.140: [GC (GCLocker Initiated GC) [PSYoungGen: 143230K->45714K(175616K)] 552926K->461600K(699904K), 0.0066914 secs] [Times: user=0.06 sys=0.00, real=0.01 secs] 
2016-09-24T03:14:02.211-0400: 72.198: [GC (GCLocker Initiated GC) [PSYoungGen: 137362K->44207K(175616K)] 558796K->469041K(699904K), 0.0063899 secs] [Times: user=0.06 sys=0.00, real=0.01 secs] 
2016-09-24T03:14:02.267-0400: 72.254: [GC (GCLocker Initiated GC) [PSYoungGen: 135855K->63395K(177152K)] 564948K->495947K(701440K), 0.0071304 secs] [Times: user=0.10 sys=0.00, real=0.00 secs] 
2016-09-24T03:14:02.321-0400: 72.308: [GC (GCLocker Initiated GC) [PSYoungGen: 157603K->76830K(171520K)] 594154K->524988K(695808K), 0.0078030 secs] [Times: user=0.10 sys=0.00, real=0.01 secs] 
2016-09-24T03:14:02.378-0400: 72.365: [GC (GCLocker Initiated GC) [PSYoungGen: 171038K->68663K(175104K)] 621982K->520332K(699392K), 0.0084049 secs] [Times: user=0.11 sys=0.00, real=0.01 secs] 
2016-09-24T03:14:02.435-0400: 72.422: [GC (GCLocker Initiated GC) [PSYoungGen: 156727K->44529K(175104K)] 613961K->502438K(699392K), 0.0061403 secs] [Times: user=0.08 sys=0.01, real=0.00 secs] 
2016-09-24T03:14:02.496-0400: 72.483: [GC (GCLocker Initiated GC) [PSYoungGen: 132593K->53717K(174080K)] 593282K->531444K(698368K), 0.0065082 secs] [Times: user=0.06 sys=0.01, real=0.01 secs] 
2016-09-24T03:14:02.557-0400: 72.544: [GC (Allocation Failure) [PSYoungGen: 141781K->37519K(174592K)] 635936K->555235K(698880K), 0.0065987 secs] [Times: user=0.09 sys=0.00, real=0.01 secs] 
2016-09-24T03:14:02.564-0400: 72.551: [Full GC (Ergonomics) [PSYoungGen: 37519K->0K(174592K)] [ParOldGen: 517715K->369742K(524288K)] 555235K->369742K(698880K), [Metaspace: 43859K->43859K(1087488K)], 0.0627574 secs] [Times: user=0.52 sys=0.02, real=0.06 secs] 
2016-09-24T03:14:02.683-0400: 72.670: [GC (GCLocker Initiated GC) [PSYoungGen: 88064K->69049K(175104K)] 457809K->438795K(699392K), 0.0086999 secs] [Times: user=0.13 sys=0.00, real=0.00 secs] 
2016-09-24T03:14:02.747-0400: 72.733: [GC (GCLocker Initiated GC) [PSYoungGen: 157113K->59376K(147456K)] 530951K->443781K(671744K), 0.0063605 secs] [Times: user=0.09 sys=0.00, real=0.00 secs] 
2016-09-24T03:14:02.810-0400: 72.797: [GC (GCLocker Initiated GC) [PSYoungGen: 147440K->57962K(177152K)] 541363K->455383K(701440K), 0.0095043 secs] [Times: user=0.14 sys=0.00, real=0.01 secs] 
2016-09-24T03:14:02.866-0400: 72.853: [GC (GCLocker Initiated GC) [PSYoungGen: 148586K->49767K(140800K)] 550170K->465625K(665088K), 0.0073746 secs] [Times: user=0.07 sys=0.00, real=0.00 secs] 
2016-09-24T03:14:02.929-0400: 72.916: [GC (GCLocker Initiated GC) [PSYoungGen: 140391K->56513K(176640K)] 556425K->504324K(700928K), 0.0070478 secs] [Times: user=0.10 sys=0.00, real=0.01 secs] 
2016-09-24T03:14:02.990-0400: 72.977: [GC (GCLocker Initiated GC) [PSYoungGen: 150721K->67706K(174080K)] 599578K->517270K(698368K), 0.0071939 secs] [Times: user=0.10 sys=0.00, real=0.01 secs] 
2016-09-24T03:14:03.042-0400: 73.029: [GC (GCLocker Initiated GC) [PSYoungGen: 161914K->75423K(172032K)] 611519K->536812K(696320K), 0.0073579 secs] [Times: user=0.10 sys=0.01, real=0.01 secs] 
2016-09-24T03:14:03.093-0400: 73.080: [GC (GCLocker Initiated GC) [PSYoungGen: 165535K->48467K(176128K)] 630409K->546426K(700416K), 0.0075787 secs] [Times: user=0.09 sys=0.00, real=0.01 secs] 
2016-09-24T03:14:03.101-0400: 73.088: [Full GC (Ergonomics) [PSYoungGen: 48467K->0K(176128K)] [ParOldGen: 497958K->373954K(524288K)] 546426K->373954K(700416K), [Metaspace: 43859K->43859K(1087488K)], 0.0512308 secs] [Times: user=0.50 sys=0.00, real=0.05 secs] 
2016-09-24T03:14:03.204-0400: 73.190: [GC (GCLocker Initiated GC) [PSYoungGen: 90112K->79954K(173056K)] 469658K->459501K(697344K), 0.0073675 secs] [Times: user=0.11 sys=0.01, real=0.00 secs] 
2016-09-24T03:14:03.268-0400: 73.255: [GC (GCLocker Initiated GC) [PSYoungGen: 168018K->52474K(175104K)] 550581K->445637K(699392K), 0.0061189 secs] [Times: user=0.09 sys=0.00, real=0.01 secs] 
2016-09-24T03:14:03.328-0400: 73.315: [GC (GCLocker Initiated GC) [PSYoungGen: 140538K->36350K(175104K)] 550075K->446621K(699392K), 0.0093522 secs] [Times: user=0.13 sys=0.00, real=0.01 secs] 
2016-09-24T03:14:03.393-0400: 73.380: [GC (GCLocker Initiated GC) [PSYoungGen: 124414K->41985K(175104K)] 543270K->469807K(699392K), 0.0072982 secs] [Times: user=0.12 sys=0.00, real=0.01 secs] 
2016-09-24T03:14:03.449-0400: 73.436: [GC (GCLocker Initiated GC) [PSYoungGen: 130049K->48325K(175104K)] 566183K->496124K(699392K), 0.0124310 secs] [Times: user=0.17 sys=0.00, real=0.01 secs] 
2016-09-24T03:14:03.515-0400: 73.502: [GC (GCLocker Initiated GC) [PSYoungGen: 136389K->63412K(175104K)] 586989K->528224K(699392K), 0.0068018 secs] [Times: user=0.10 sys=0.01, real=0.00 secs] 
2016-09-24T03:14:03.576-0400: 73.563: [GC (Allocation Failure) [PSYoungGen: 151476K->54123K(169984K)] 619032K->545464K(694272K), 0.0085701 secs] [Times: user=0.08 sys=0.01, real=0.01 secs] 
2016-09-24T03:14:03.585-0400: 73.572: [Full GC (Ergonomics) [PSYoungGen: 54123K->0K(169984K)] [ParOldGen: 491341K->380241K(524288K)] 545464K->380241K(694272K), [Metaspace: 43859K->43859K(1087488K)], 0.0662830 secs] [Times: user=0.66 sys=0.00, real=0.06 secs] 
2016-09-24T03:14:03.705-0400: 73.692: [GC (GCLocker Initiated GC) [PSYoungGen: 87561K->58537K(172544K)] 469152K->440128K(696832K), 0.0066951 secs] [Times: user=0.10 sys=0.01, real=0.00 secs] 
2016-09-24T03:14:03.772-0400: 73.759: [GC (GCLocker Initiated GC) [PSYoungGen: 146601K->53887K(173056K)] 536460K->456011K(697344K), 0.0108987 secs] [Times: user=0.16 sys=0.00, real=0.02 secs] 
2016-09-24T03:14:03.846-0400: 73.833: [GC (GCLocker Initiated GC) [PSYoungGen: 149119K->54111K(175616K)] 555940K->461625K(699904K), 0.0231263 secs] [Times: user=0.35 sys=0.01, real=0.02 secs] 
2016-09-24T03:14:03.923-0400: 73.910: [GC (GCLocker Initiated GC) [PSYoungGen: 149343K->71531K(176640K)] 556888K->490921K(700928K), 0.0092697 secs] [Times: user=0.13 sys=0.00, real=0.00 secs] 
2016-09-24T03:14:03.990-0400: 73.977: [GC (GCLocker Initiated GC) [PSYoungGen: 169835K->47372K(180224K)] 598801K->490681K(704512K), 0.0099238 secs] [Times: user=0.14 sys=0.00, real=0.01 secs] 
2016-09-24T03:14:04.061-0400: 74.048: [GC (GCLocker Initiated GC) [PSYoungGen: 145676K->50074K(177152K)] 597465K->502847K(701440K), 0.0121026 secs] [Times: user=0.16 sys=0.00, real=0.01 secs] 
2016-09-24T03:14:04.132-0400: 74.119: [GC (GCLocker Initiated GC) [PSYoungGen: 149402K->63606K(179200K)] 606280K->526942K(703488K), 0.0068808 secs] [Times: user=0.10 sys=0.00, real=0.01 secs] 
2016-09-24T03:14:04.198-0400: 74.185: [GC (GCLocker Initiated GC) [PSYoungGen: 162934K->43270K(181760K)] 633437K->536351K(706048K), 0.0094226 secs] [Times: user=0.10 sys=0.00, real=0.01 secs] 
2016-09-24T03:14:04.263-0400: 74.250: [GC (GCLocker Initiated GC) [PSYoungGen: 144646K->52643K(154112K)] 637746K->571103K(678400K), 0.0077442 secs] [Times: user=0.10 sys=0.00, real=0.00 secs] 
2016-09-24T03:14:04.271-0400: 74.258: [Full GC (Ergonomics) [PSYoungGen: 52643K->0K(154112K)] [ParOldGen: 518460K->382606K(524288K)] 571103K->382606K(678400K), [Metaspace: 43859K->43859K(1087488K)], 0.0619243 secs] [Times: user=0.56 sys=0.00, real=0.06 secs] 
2016-09-24T03:14:04.390-0400: 74.377: [GC (GCLocker Initiated GC) [PSYoungGen: 101376K->60616K(180224K)] 493530K->452771K(704512K), 0.0055147 secs] [Times: user=0.07 sys=0.01, real=0.01 secs] 
2016-09-24T03:14:04.448-0400: 74.435: [GC (GCLocker Initiated GC) [PSYoungGen: 162504K->69016K(179712K)] 554704K->473974K(704000K), 0.0066863 secs] [Times: user=0.10 sys=0.00, real=0.01 secs] 
2016-09-24T03:14:04.525-0400: 74.512: [GC (GCLocker Initiated GC) [PSYoungGen: 170904K->55548K(182272K)] 578650K->464282K(706560K), 0.0055337 secs] [Times: user=0.07 sys=0.00, real=0.00 secs] 
2016-09-24T03:14:04.589-0400: 74.576: [GC (GCLocker Initiated GC) [PSYoungGen: 157948K->77148K(179712K)] 569416K->492448K(704000K), 0.0067025 secs] [Times: user=0.10 sys=0.00, real=0.01 secs] 
2016-09-24T03:14:04.654-0400: 74.641: [GC (GCLocker Initiated GC) [PSYoungGen: 179548K->46175K(177664K)] 604634K->491157K(701952K), 0.0057608 secs] [Times: user=0.07 sys=0.00, real=0.01 secs] 
2016-09-24T03:14:04.721-0400: 74.708: [GC (GCLocker Initiated GC) [PSYoungGen: 141407K->50215K(178688K)] 600027K->530214K(702976K), 0.0072124 secs] [Times: user=0.10 sys=0.00, real=0.01 secs] 
2016-09-24T03:14:04.790-0400: 74.777: [Full GC (Ergonomics) [PSYoungGen: 145447K->0K(178688K)] [ParOldGen: 490879K->395393K(524288K)] 636327K->395393K(702976K), [Metaspace: 43860K->43860K(1087488K)], 0.0501631 secs] [Times: user=0.39 sys=0.00, real=0.05 secs] 
2016-09-24T03:14:04.895-0400: 74.882: [GC (GCLocker Initiated GC) [PSYoungGen: 95232K->47770K(176640K)] 496222K->448761K(700928K), 0.0127485 secs] [Times: user=0.17 sys=0.01, real=0.01 secs] 
2016-09-24T03:14:04.967-0400: 74.954: [GC (GCLocker Initiated GC) [PSYoungGen: 144026K->49996K(177664K)] 547836K->453805K(701952K), 0.0062341 secs] [Times: user=0.07 sys=0.00, real=0.00 secs] 
2016-09-24T03:14:05.031-0400: 75.018: [GC (GCLocker Initiated GC) [PSYoungGen: 146252K->72496K(175104K)] 552849K->480547K(699392K), 0.0064049 secs] [Times: user=0.10 sys=0.00, real=0.01 secs] 
2016-09-24T03:14:05.099-0400: 75.086: [GC (GCLocker Initiated GC) [PSYoungGen: 167728K->81947K(177664K)] 578568K->493734K(701952K), 0.0069599 secs] [Times: user=0.09 sys=0.00, real=0.01 secs] 
2016-09-24T03:14:05.171-0400: 75.158: [GC (GCLocker Initiated GC) [PSYoungGen: 177179K->50053K(172544K)] 588995K->482587K(696832K), 0.0073604 secs] [Times: user=0.09 sys=0.00, real=0.01 secs] 
2016-09-24T03:14:05.234-0400: 75.221: [GC (GCLocker Initiated GC) [PSYoungGen: 138117K->78404K(175104K)] 572038K->513306K(699392K), 0.0072015 secs] [Times: user=0.11 sys=0.00, real=0.01 secs] 
2016-09-24T03:14:05.303-0400: 75.290: [GC (GCLocker Initiated GC) [PSYoungGen: 166468K->52787K(175104K)] 610927K->522552K(699392K), 0.0080005 secs] [Times: user=0.11 sys=0.01, real=0.00 secs] 
2016-09-24T03:14:05.383-0400: 75.370: [GC (GCLocker Initiated GC) [PSYoungGen: 140851K->56792K(175104K)] 616375K->533371K(699392K), 0.0064159 secs] [Times: user=0.08 sys=0.01, real=0.00 secs] 
2016-09-24T03:14:05.450-0400: 75.437: [GC (GCLocker Initiated GC) [PSYoungGen: 144856K->30917K(175104K)] 629641K->535532K(699392K), 0.0058796 secs] [Times: user=0.07 sys=0.00, real=0.01 secs] 
2016-09-24T03:14:05.456-0400: 75.443: [Full GC (Ergonomics) [PSYoungGen: 30917K->0K(175104K)] [ParOldGen: 504615K->400649K(524288K)] 535532K->400649K(699392K), [Metaspace: 43860K->43860K(1087488K)], 0.0626378 secs] [Times: user=0.59 sys=0.00, real=0.06 secs] 
2016-09-24T03:14:05.580-0400: 75.567: [GC (GCLocker Initiated GC) [PSYoungGen: 88064K->45212K(175104K)] 507745K->464902K(699392K), 0.0095466 secs] [Times: user=0.15 sys=0.00, real=0.01 secs] 
2016-09-24T03:14:05.652-0400: 75.639: [GC (GCLocker Initiated GC) [PSYoungGen: 133276K->36459K(175104K)] 558372K->468539K(699392K), 0.0064028 secs] [Times: user=0.06 sys=0.00, real=0.01 secs] 
2016-09-24T03:14:05.711-0400: 75.698: [GC (GCLocker Initiated GC) [PSYoungGen: 124523K->54059K(142336K)] 556642K->491316K(666624K), 0.0064170 secs] [Times: user=0.09 sys=0.00, real=0.01 secs] 
2016-09-24T03:14:05.762-0400: 75.749: [GC (GCLocker Initiated GC) [PSYoungGen: 142123K->52614K(176128K)] 579463K->503193K(700416K), 0.0068687 secs] [Times: user=0.07 sys=0.00, real=0.00 secs] 
2016-09-24T03:14:05.823-0400: 75.810: [GC (GCLocker Initiated GC) [PSYoungGen: 143238K->51340K(173568K)] 598032K->509757K(697856K), 0.0128426 secs] [Times: user=0.13 sys=0.00, real=0.01 secs] 
2016-09-24T03:14:05.892-0400: 75.879: [GC (GCLocker Initiated GC) [PSYoungGen: 141964K->51391K(176640K)] 602037K->526042K(700928K), 0.0093953 secs] [Times: user=0.15 sys=0.00, real=0.01 secs] 
2016-09-24T03:14:05.956-0400: 75.943: [GC (GCLocker Initiated GC) [PSYoungGen: 147647K->69019K(174080K)] 627781K->550129K(698368K), 0.0064868 secs] [Times: user=0.09 sys=0.00, real=0.01 secs] 
2016-09-24T03:14:06.021-0400: 76.008: [GC (GCLocker Initiated GC) [PSYoungGen: 165275K->62472K(180736K)] 653226K->566344K(705024K), 0.0068215 secs] [Times: user=0.10 sys=0.00, real=0.01 secs] 
2016-09-24T03:14:06.028-0400: 76.015: [Full GC (Ergonomics) [PSYoungGen: 62472K->0K(180736K)] [ParOldGen: 503872K->384272K(524288K)] 566344K->384272K(705024K), [Metaspace: 43867K->43867K(1087488K)], 0.0654632 secs] [Times: user=0.72 sys=0.00, real=0.06 secs] 
2016-09-24T03:14:06.149-0400: 76.136: [GC (GCLocker Initiated GC) [PSYoungGen: 99328K->76279K(175616K)] 483705K->460656K(699904K), 0.0076786 secs] [Times: user=0.09 sys=0.00, real=0.01 secs] 
2016-09-24T03:14:06.214-0400: 76.201: [GC (GCLocker Initiated GC) [PSYoungGen: 175607K->65032K(175616K)] 561191K->456311K(699904K), 0.0060111 secs] [Times: user=0.08 sys=0.00, real=0.00 secs] 
2016-09-24T03:14:06.265-0400: 76.252: [GC (GCLocker Initiated GC) [PSYoungGen: 154120K->79675K(168960K)] 545482K->472099K(693248K), 0.0071256 secs] [Times: user=0.10 sys=0.00, real=0.00 secs] 
2016-09-24T03:14:06.331-0400: 76.318: [GC (GCLocker Initiated GC) [PSYoungGen: 168763K->63584K(175104K)] 566801K->462750K(699392K), 0.0061812 secs] [Times: user=0.08 sys=0.00, real=0.01 secs] 
2016-09-24T03:14:06.390-0400: 76.377: [GC (GCLocker Initiated GC) [PSYoungGen: 151648K->57039K(175104K)] 557683K->464110K(699392K), 0.0096644 secs] [Times: user=0.09 sys=0.01, real=0.01 secs] 
2016-09-24T03:14:06.465-0400: 76.452: [GC (GCLocker Initiated GC) [PSYoungGen: 145103K->52772K(173056K)] 560555K->488277K(697344K), 0.0068893 secs] [Times: user=0.11 sys=0.00, real=0.00 secs] 
2016-09-24T03:14:06.521-0400: 76.508: [GC (GCLocker Initiated GC) [PSYoungGen: 140836K->63540K(174080K)] 581768K->505455K(698368K), 0.0064334 secs] [Times: user=0.08 sys=0.00, real=0.01 secs] 
2016-09-24T03:14:06.580-0400: 76.567: [GC (GCLocker Initiated GC) [PSYoungGen: 151604K->54036K(173056K)] 608575K->511943K(697344K), 0.0057448 secs] [Times: user=0.07 sys=0.01, real=0.01 secs] 
2016-09-24T03:14:06.637-0400: 76.624: [GC (GCLocker Initiated GC) [PSYoungGen: 145172K->82449K(174592K)] 605800K->543991K(698880K), 0.0072976 secs] [Times: user=0.11 sys=0.00, real=0.01 secs] 
2016-09-24T03:14:06.706-0400: 76.693: [GC (GCLocker Initiated GC) [PSYoungGen: 173585K->49983K(175104K)] 644751K->538270K(699392K), 0.0062000 secs] [Times: user=0.09 sys=0.00, real=0.00 secs] 
2016-09-24T03:14:06.763-0400: 76.750: [GC (GCLocker Initiated GC) [PSYoungGen: 138047K->70234K(175104K)] 631802K->567671K(699392K), 0.0094379 secs] [Times: user=0.14 sys=0.00, real=0.00 secs] 
2016-09-24T03:14:06.832-0400: 76.819: [Full GC (Ergonomics) [PSYoungGen: 158298K->0K(175104K)] [ParOldGen: 504207K->397914K(524288K)] 662505K->397914K(699392K), [Metaspace: 43872K->43872K(1087488K)], 0.0738086 secs] [Times: user=0.66 sys=0.01, real=0.08 secs] 
2016-09-24T03:14:06.961-0400: 76.948: [GC (GCLocker Initiated GC) [PSYoungGen: 88064K->69511K(175104K)] 488875K->470322K(699392K), 0.0101795 secs] [Times: user=0.13 sys=0.00, real=0.01 secs] 
2016-09-24T03:14:07.022-0400: 77.009: [GC (Allocation Failure) [PSYoungGen: 157575K->73028K(175104K)] 561226K->480965K(699392K), 0.0082332 secs] [Times: user=0.11 sys=0.00, real=0.00 secs] 
2016-09-24T03:14:07.031-0400: 77.018: [GC (GCLocker Initiated GC) [PSYoungGen: 73270K->160K(175104K)] 481208K->486210K(699392K), 0.0065567 secs] [Times: user=0.09 sys=0.00, real=0.01 secs] 
2016-09-24T03:14:07.038-0400: 77.025: [Full GC (Ergonomics) [PSYoungGen: 160K->0K(175104K)] [ParOldGen: 486050K->402354K(524288K)] 486210K->402354K(699392K), [Metaspace: 43872K->43872K(1087488K)], 0.0534345 secs] [Times: user=0.53 sys=0.02, real=0.05 secs] 
2016-09-24T03:14:07.142-0400: 77.128: [GC (GCLocker Initiated GC) [PSYoungGen: 86373K->64154K(175104K)] 491428K->469209K(699392K), 0.0069802 secs] [Times: user=0.07 sys=0.01, real=0.01 secs] 
2016-09-24T03:14:07.201-0400: 77.188: [GC (GCLocker Initiated GC) [PSYoungGen: 152218K->81020K(175104K)] 560230K->494728K(699392K), 0.0081935 secs] [Times: user=0.11 sys=0.01, real=0.01 secs] 
2016-09-24T03:14:07.258-0400: 77.245: [GC (GCLocker Initiated GC) [PSYoungGen: 169084K->75713K(175104K)] 588433K->495919K(699392K), 0.0071043 secs] [Times: user=0.09 sys=0.00, real=0.01 secs] 
2016-09-24T03:14:07.313-0400: 77.300: [GC (GCLocker Initiated GC) [PSYoungGen: 163777K->58035K(175104K)] 592303K->487528K(699392K), 0.0069062 secs] [Times: user=0.08 sys=0.00, real=0.01 secs] 
2016-09-24T03:14:07.371-0400: 77.357: [GC (GCLocker Initiated GC) [PSYoungGen: 146099K->59513K(175104K)] 575684K->515639K(699392K), 0.0070605 secs] [Times: user=0.09 sys=0.01, real=0.01 secs] 
2016-09-24T03:14:07.437-0400: 77.424: [GC (GCLocker Initiated GC) [PSYoungGen: 147577K->75982K(175104K)] 613399K->542671K(699392K), 0.0103779 secs] [Times: user=0.16 sys=0.00, real=0.01 secs] 
2016-09-24T03:14:07.501-0400: 77.488: [GC (GCLocker Initiated GC) [PSYoungGen: 164046K->75669K(175104K)] 630825K->545058K(699392K), 0.0073423 secs] [Times: user=0.11 sys=0.00, real=0.01 secs] 
2016-09-24T03:14:07.557-0400: 77.544: [GC (GCLocker Initiated GC) [PSYoungGen: 163733K->77047K(175104K)] 641302K->555547K(699392K), 0.0083643 secs] [Times: user=0.12 sys=0.00, real=0.01 secs] 
2016-09-24T03:14:07.619-0400: 77.606: [GC (GCLocker Initiated GC) [PSYoungGen: 165111K->49956K(175104K)] 646538K->555284K(699392K), 0.0061402 secs] [Times: user=0.09 sys=0.00, real=0.01 secs] 
2016-09-24T03:14:07.625-0400: 77.612: [Full GC (Ergonomics) [PSYoungGen: 49956K->0K(175104K)] [ParOldGen: 505328K->407195K(524288K)] 555284K->407195K(699392K), [Metaspace: 43872K->43872K(1087488K)], 0.0599804 secs] [Times: user=0.62 sys=0.00, real=0.06 secs] 
2016-09-24T03:14:07.738-0400: 77.725: [GC (GCLocker Initiated GC) [PSYoungGen: 88064K->54659K(175104K)] 499783K->466379K(699392K), 0.0055272 secs] [Times: user=0.06 sys=0.00, real=0.01 secs] 
2016-09-24T03:14:07.794-0400: 77.781: [GC (GCLocker Initiated GC) [PSYoungGen: 142723K->46125K(175104K)] 563937K->468908K(699392K), 0.0061324 secs] [Times: user=0.05 sys=0.02, real=0.01 secs] 
2016-09-24T03:14:07.850-0400: 77.837: [GC (GCLocker Initiated GC) [PSYoungGen: 134189K->64788K(175104K)] 559800K->494270K(699392K), 0.0056975 secs] [Times: user=0.07 sys=0.01, real=0.01 secs] 
2016-09-24T03:14:07.906-0400: 77.893: [GC (GCLocker Initiated GC) [PSYoungGen: 152852K->50171K(175104K)] 585132K->500843K(699392K), 0.0065001 secs] [Times: user=0.09 sys=0.01, real=0.00 secs] 
2016-09-24T03:14:07.967-0400: 77.954: [GC (GCLocker Initiated GC) [PSYoungGen: 138235K->49995K(175104K)] 598441K->534258K(699392K), 0.0068063 secs] [Times: user=0.09 sys=0.00, real=0.01 secs] 
2016-09-24T03:14:08.022-0400: 78.009: [Full GC (Ergonomics) [PSYoungGen: 138059K->0K(175104K)] [ParOldGen: 484685K->408080K(524288K)] 622744K->408080K(699392K), [Metaspace: 43872K->43872K(1087488K)], 0.0572251 secs] [Times: user=0.57 sys=0.01, real=0.06 secs] 
2016-09-24T03:14:08.134-0400: 78.121: [GC (GCLocker Initiated GC) [PSYoungGen: 88064K->66492K(175104K)] 500228K->478657K(699392K), 0.0061059 secs] [Times: user=0.09 sys=0.00, real=0.01 secs] 
2016-09-24T03:14:08.190-0400: 78.177: [GC (GCLocker Initiated GC) [PSYoungGen: 154556K->56865K(175104K)] 569483K->491920K(699392K), 0.0066639 secs] [Times: user=0.08 sys=0.00, real=0.01 secs] 
2016-09-24T03:14:08.251-0400: 78.238: [GC (GCLocker Initiated GC) [PSYoungGen: 144929K->64884K(175104K)] 585510K->513234K(699392K), 0.0064313 secs] [Times: user=0.09 sys=0.00, real=0.01 secs] 
2016-09-24T03:14:08.318-0400: 78.305: [GC (GCLocker Initiated GC) [PSYoungGen: 152948K->69011K(175104K)] 606866K->525245K(699392K), 0.0063452 secs] [Times: user=0.10 sys=0.00, real=0.01 secs] 
2016-09-24T03:14:08.376-0400: 78.363: [GC (GCLocker Initiated GC) [PSYoungGen: 157075K->50220K(175104K)] 625512K->546609K(699392K), 0.0079746 secs] [Times: user=0.10 sys=0.00, real=0.01 secs] 
2016-09-24T03:14:08.384-0400: 78.371: [Full GC (Ergonomics) [PSYoungGen: 50220K->0K(175104K)] [ParOldGen: 496388K->416230K(524288K)] 546609K->416230K(699392K), [Metaspace: 43874K->43874K(1087488K)], 0.0734948 secs] [Times: user=0.79 sys=0.01, real=0.07 secs] 
2016-09-24T03:14:08.512-0400: 78.499: [GC (GCLocker Initiated GC) [PSYoungGen: 88064K->62711K(173056K)] 512613K->487260K(697344K), 0.0065025 secs] [Times: user=0.09 sys=0.00, real=0.01 secs] 
2016-09-24T03:14:08.572-0400: 78.559: [GC (Allocation Failure) [PSYoungGen: 150775K->58123K(174080K)] 588892K->496239K(698368K), 0.0063445 secs] [Times: user=0.07 sys=0.01, real=0.01 secs] 
2016-09-24T03:14:08.581-0400: 78.568: [GC (GCLocker Initiated GC) [PSYoungGen: 61260K->54041K(174080K)] 499376K->492157K(698368K), 0.0057479 secs] [Times: user=0.06 sys=0.00, real=0.01 secs] 
2016-09-24T03:14:08.640-0400: 78.627: [GC (GCLocker Initiated GC) [PSYoungGen: 143904K->71683K(174592K)] 584720K->516142K(698880K), 0.0090802 secs] [Times: user=0.13 sys=0.00, real=0.01 secs] 
2016-09-24T03:14:08.711-0400: 78.698: [GC (GCLocker Initiated GC) [PSYoungGen: 163843K->57019K(178176K)] 621848K->517244K(702464K), 0.0055362 secs] [Times: user=0.08 sys=0.00, real=0.01 secs] 
2016-09-24T03:14:08.770-0400: 78.757: [GC (GCLocker Initiated GC) [PSYoungGen: 151739K->72909K(167936K)] 617463K->541100K(692224K), 0.0068392 secs] [Times: user=0.08 sys=0.02, real=0.01 secs] 
2016-09-24T03:14:08.833-0400: 78.820: [GC (GCLocker Initiated GC) [PSYoungGen: 167629K->79750K(173568K)] 636069K->549029K(697856K), 0.0111421 secs] [Times: user=0.16 sys=0.00, real=0.02 secs] 
2016-09-24T03:14:08.895-0400: 78.882: [GC (GCLocker Initiated GC) [PSYoungGen: 167814K->70209K(175104K)] 637424K->542139K(699392K), 0.0065576 secs] [Times: user=0.10 sys=0.00, real=0.00 secs] 
2016-09-24T03:14:08.950-0400: 78.937: [GC (GCLocker Initiated GC) [PSYoungGen: 158273K->76927K(175104K)] 632941K->552466K(699392K), 0.0092446 secs] [Times: user=0.14 sys=0.00, real=0.01 secs] 
2016-09-24T03:14:09.013-0400: 79.000: [GC (GCLocker Initiated GC) [PSYoungGen: 164991K->49795K(175104K)] 640630K->553245K(699392K), 0.0071305 secs] [Times: user=0.10 sys=0.00, real=0.01 secs] 
2016-09-24T03:14:09.020-0400: 79.007: [Full GC (Ergonomics) [PSYoungGen: 49795K->0K(175104K)] [ParOldGen: 503449K->418070K(524288K)] 553245K->418070K(699392K), [Metaspace: 43874K->43874K(1087488K)], 0.0529852 secs] [Times: user=0.43 sys=0.01, real=0.05 secs] 
2016-09-24T03:14:09.129-0400: 79.116: [GC (GCLocker Initiated GC) [PSYoungGen: 88064K->66831K(175104K)] 506366K->485134K(699392K), 0.0060608 secs] [Times: user=0.08 sys=0.00, real=0.01 secs] 
2016-09-24T03:14:09.186-0400: 79.173: [GC (GCLocker Initiated GC) [PSYoungGen: 154895K->52651K(175104K)] 573364K->475323K(699392K), 0.0091753 secs] [Times: user=0.12 sys=0.02, real=0.01 secs] 
2016-09-24T03:14:09.244-0400: 79.231: [GC (GCLocker Initiated GC) [PSYoungGen: 140715K->52559K(175104K)] 568910K->482999K(699392K), 0.0068478 secs] [Times: user=0.08 sys=0.01, real=0.00 secs] 
2016-09-24T03:14:09.300-0400: 79.287: [GC (GCLocker Initiated GC) [PSYoungGen: 140623K->85052K(175104K)] 576527K->521742K(699392K), 0.0087654 secs] [Times: user=0.14 sys=0.00, real=0.01 secs] 
2016-09-24T03:14:09.363-0400: 79.350: [GC (GCLocker Initiated GC) [PSYoungGen: 173116K->68848K(175104K)] 615458K->539013K(699392K), 0.0084811 secs] [Times: user=0.14 sys=0.00, real=0.00 secs] 
2016-09-24T03:14:09.423-0400: 79.410: [GC (GCLocker Initiated GC) [PSYoungGen: 156912K->82255K(175104K)] 632666K->558820K(699392K), 0.0073255 secs] [Times: user=0.10 sys=0.00, real=0.00 secs] 
2016-09-24T03:14:09.479-0400: 79.466: [GC (GCLocker Initiated GC) [PSYoungGen: 170319K->75510K(175104K)] 647145K->565268K(699392K), 0.0106124 secs] [Times: user=0.16 sys=0.00, real=0.01 secs] 
2016-09-24T03:14:09.536-0400: 79.523: [GC (GCLocker Initiated GC) [PSYoungGen: 163574K->75509K(175104K)] 653365K->578286K(699392K), 0.0076098 secs] [Times: user=0.10 sys=0.01, real=0.01 secs] 
2016-09-24T03:14:09.543-0400: 79.530: [Full GC (Ergonomics) [PSYoungGen: 75509K->0K(175104K)] [ParOldGen: 502776K->429243K(524288K)] 578286K->429243K(699392K), [Metaspace: 43874K->43874K(1087488K)], 0.0620482 secs] [Times: user=0.64 sys=0.00, real=0.06 secs] 
2016-09-24T03:14:09.652-0400: 79.639: [GC (GCLocker Initiated GC) [PSYoungGen: 88064K->74829K(175104K)] 517387K->504153K(699392K), 0.0070060 secs] [Times: user=0.11 sys=0.00, real=0.01 secs] 
2016-09-24T03:14:09.720-0400: 79.707: [GC (GCLocker Initiated GC) [PSYoungGen: 162893K->62169K(175104K)] 600426K->502500K(699392K), 0.0068613 secs] [Times: user=0.11 sys=0.00, real=0.01 secs] 
2016-09-24T03:14:09.784-0400: 79.771: [GC (GCLocker Initiated GC) [PSYoungGen: 150233K->59370K(175104K)] 596027K->524939K(699392K), 0.0066377 secs] [Times: user=0.09 sys=0.00, real=0.00 secs] 
2016-09-24T03:14:09.840-0400: 79.827: [GC (GCLocker Initiated GC) [PSYoungGen: 147434K->70045K(175104K)] 613183K->548816K(699392K), 0.0079438 secs] [Times: user=0.12 sys=0.00, real=0.01 secs] 
2016-09-24T03:14:09.901-0400: 79.888: [GC (GCLocker Initiated GC) [PSYoungGen: 158109K->66057K(175104K)] 643889K->552527K(699392K), 0.0065260 secs] [Times: user=0.06 sys=0.01, real=0.01 secs] 
2016-09-24T03:14:09.971-0400: 79.958: [GC (GCLocker Initiated GC) [PSYoungGen: 154121K->62098K(175104K)] 643313K->571047K(699392K), 0.0078952 secs] [Times: user=0.11 sys=0.00, real=0.01 secs] 
2016-09-24T03:14:09.979-0400: 79.966: [Full GC (Ergonomics) [PSYoungGen: 62098K->0K(175104K)] [ParOldGen: 508948K->430893K(524288K)] 571047K->430893K(699392K), [Metaspace: 43880K->43880K(1087488K)], 0.0604866 secs] [Times: user=0.51 sys=0.00, real=0.06 secs] 
2016-09-24T03:14:10.088-0400: 80.075: [GC (GCLocker Initiated GC) [PSYoungGen: 88064K->75755K(175104K)] 524509K->512201K(699392K), 0.0082404 secs] [Times: user=0.12 sys=0.00, real=0.01 secs] 
2016-09-24T03:14:10.146-0400: 80.133: [GC (GCLocker Initiated GC) [PSYoungGen: 163819K->63293K(175104K)] 603155K->519861K(699392K), 0.0068717 secs] [Times: user=0.09 sys=0.00, real=0.00 secs] 
2016-09-24T03:14:10.204-0400: 80.191: [GC (GCLocker Initiated GC) [PSYoungGen: 151357K->71418K(175104K)] 613392K->544974K(699392K), 0.0083331 secs] [Times: user=0.09 sys=0.00, real=0.00 secs] 
2016-09-24T03:14:10.271-0400: 80.258: [GC (GCLocker Initiated GC) [PSYoungGen: 159481K->48500K(175104K)] 642706K->545947K(699392K), 0.0070359 secs] [Times: user=0.08 sys=0.00, real=0.01 secs] 
2016-09-24T03:14:10.278-0400: 80.265: [Full GC (Ergonomics) [PSYoungGen: 48500K->0K(175104K)] [ParOldGen: 497446K->413639K(524288K)] 545947K->413639K(699392K), [Metaspace: 43880K->43880K(1087488K)], 0.0660475 secs] [Times: user=0.68 sys=0.00, real=0.07 secs] 
2016-09-24T03:14:10.388-0400: 80.375: [GC (GCLocker Initiated GC) [PSYoungGen: 88064K->72898K(175104K)] 501733K->486567K(699392K), 0.0078238 secs] [Times: user=0.11 sys=0.00, real=0.01 secs] 
2016-09-24T03:14:10.446-0400: 80.433: [GC (GCLocker Initiated GC) [PSYoungGen: 160962K->68590K(175104K)] 580086K->491338K(699392K), 0.0072385 secs] [Times: user=0.08 sys=0.00, real=0.00 secs] 
2016-09-24T03:14:10.509-0400: 80.496: [GC (GCLocker Initiated GC) [PSYoungGen: 156654K->45418K(175104K)] 583522K->489072K(699392K), 0.0067080 secs] [Times: user=0.07 sys=0.00, real=0.01 secs] 
2016-09-24T03:14:10.574-0400: 80.561: [GC (GCLocker Initiated GC) [PSYoungGen: 133482K->60549K(175104K)] 583971K->511642K(699392K), 0.0068978 secs] [Times: user=0.08 sys=0.01, real=0.01 secs] 
2016-09-24T03:14:10.634-0400: 80.621: [GC (GCLocker Initiated GC) [PSYoungGen: 148613K->63259K(172032K)] 603006K->534544K(696320K), 0.0065297 secs] [Times: user=0.09 sys=0.00, real=0.01 secs] 
2016-09-24T03:14:10.684-0400: 80.671: [GC (GCLocker Initiated GC) [PSYoungGen: 151323K->61084K(173568K)] 628029K->537790K(697856K), 0.0061823 secs] [Times: user=0.09 sys=0.00, real=0.00 secs] 
2016-09-24T03:14:10.733-0400: 80.720: [GC (GCLocker Initiated GC) [PSYoungGen: 149148K->64337K(173568K)] 631372K->546561K(697856K), 0.0057376 secs] [Times: user=0.08 sys=0.00, real=0.01 secs] 
2016-09-24T03:14:10.783-0400: 80.770: [GC (GCLocker Initiated GC) [PSYoungGen: 157009K->81123K(175104K)] 642119K->566233K(699392K), 0.0071426 secs] [Times: user=0.09 sys=0.00, real=0.00 secs] 
2016-09-24T03:14:10.850-0400: 80.837: [GC (GCLocker Initiated GC) [PSYoungGen: 173795K->47830K(174592K)] 662988K->537023K(698880K), 0.0059619 secs] [Times: user=0.06 sys=0.00, real=0.01 secs] 
2016-09-24T03:14:10.908-0400: 80.895: [GC (GCLocker Initiated GC) [PSYoungGen: 135894K->77108K(175104K)] 625179K->567491K(699392K), 0.0065582 secs] [Times: user=0.10 sys=0.00, real=0.01 secs] 
2016-09-24T03:14:10.953-0400: 80.940: [GC (GCLocker Initiated GC) [PSYoungGen: 165172K->76523K(175104K)] 655660K->579030K(699392K), 0.0076747 secs] [Times: user=0.10 sys=0.00, real=0.01 secs] 
2016-09-24T03:14:10.961-0400: 80.948: [Full GC (Ergonomics) [PSYoungGen: 76523K->0K(175104K)] [ParOldGen: 502507K->419760K(524288K)] 579030K->419760K(699392K), [Metaspace: 43889K->43889K(1087488K)], 0.0627062 secs] [Times: user=0.70 sys=0.00, real=0.07 secs] 
2016-09-24T03:14:11.068-0400: 81.055: [GC (GCLocker Initiated GC) [PSYoungGen: 88064K->79880K(175104K)] 511936K->503752K(699392K), 0.0073815 secs] [Times: user=0.09 sys=0.00, real=0.01 secs] 
2016-09-24T03:14:11.129-0400: 81.116: [GC (GCLocker Initiated GC) [PSYoungGen: 167944K->57926K(175104K)] 601417K->495175K(699392K), 0.0098700 secs] [Times: user=0.16 sys=0.00, real=0.01 secs] 
2016-09-24T03:14:11.192-0400: 81.179: [GC (GCLocker Initiated GC) [PSYoungGen: 145990K->68698K(175104K)] 586069K->513641K(699392K), 0.0060595 secs] [Times: user=0.09 sys=0.00, real=0.01 secs] 
2016-09-24T03:14:11.250-0400: 81.237: [GC (GCLocker Initiated GC) [PSYoungGen: 156762K->55285K(175104K)] 605856K->515833K(699392K), 0.0061934 secs] [Times: user=0.05 sys=0.01, real=0.01 secs] 
2016-09-24T03:14:11.307-0400: 81.294: [GC (GCLocker Initiated GC) [PSYoungGen: 143349K->56415K(175104K)] 616106K->551593K(699392K), 0.0069368 secs] [Times: user=0.10 sys=0.00, real=0.00 secs] 
2016-09-24T03:14:11.363-0400: 81.350: [Full GC (Ergonomics) [PSYoungGen: 144479K->0K(175104K)] [ParOldGen: 497913K->420807K(524288K)] 642393K->420807K(699392K), [Metaspace: 43889K->43889K(1087488K)], 0.0612334 secs] [Times: user=0.47 sys=0.01, real=0.06 secs] 
2016-09-24T03:14:11.483-0400: 81.470: [GC (GCLocker Initiated GC) [PSYoungGen: 88064K->64964K(175104K)] 513052K->489952K(699392K), 0.0058348 secs] [Times: user=0.09 sys=0.00, real=0.00 secs] 
2016-09-24T03:14:11.533-0400: 81.520: [GC (GCLocker Initiated GC) [PSYoungGen: 153028K->44363K(175104K)] 587557K->500168K(699392K), 0.0072027 secs] [Times: user=0.08 sys=0.02, real=0.01 secs] 
2016-09-24T03:14:11.600-0400: 81.587: [GC (GCLocker Initiated GC) [PSYoungGen: 132427K->71367K(175104K)] 590971K->530626K(699392K), 0.0062718 secs] [Times: user=0.08 sys=0.00, real=0.01 secs] 
2016-09-24T03:14:11.657-0400: 81.644: [GC (GCLocker Initiated GC) [PSYoungGen: 159431K->48444K(175104K)] 629660K->546327K(699392K), 0.0071662 secs] [Times: user=0.10 sys=0.00, real=0.01 secs] 
2016-09-24T03:14:11.665-0400: 81.652: [Full GC (Ergonomics) [PSYoungGen: 48444K->0K(175104K)] [ParOldGen: 497883K->416010K(524288K)] 546327K->416010K(699392K), [Metaspace: 43889K->43889K(1087488K)], 0.1003295 secs] [Times: user=1.35 sys=0.00, real=0.10 secs] 
2016-09-24T03:14:11.823-0400: 81.810: [GC (GCLocker Initiated GC) [PSYoungGen: 88064K->67418K(175104K)] 504153K->483507K(699392K), 0.0063504 secs] [Times: user=0.08 sys=0.00, real=0.00 secs] 
2016-09-24T03:14:11.880-0400: 81.867: [GC (GCLocker Initiated GC) [PSYoungGen: 155482K->37673K(175104K)] 578906K->478085K(699392K), 0.0211599 secs] [Times: user=0.32 sys=0.00, real=0.02 secs] 
2016-09-24T03:14:11.946-0400: 81.933: [GC (GCLocker Initiated GC) [PSYoungGen: 125737K->72529K(175104K)] 566178K->513675K(699392K), 0.0084258 secs] [Times: user=0.13 sys=0.00, real=0.01 secs] 
2016-09-24T03:14:12.003-0400: 81.990: [GC (GCLocker Initiated GC) [PSYoungGen: 160593K->39024K(175104K)] 611282K->522656K(699392K), 0.0062726 secs] [Times: user=0.10 sys=0.00, real=0.00 secs] 
2016-09-24T03:14:12.054-0400: 82.041: [Full GC (Ergonomics) [PSYoungGen: 127088K->0K(175104K)] [ParOldGen: 486377K->424122K(524288K)] 613466K->424122K(699392K), [Metaspace: 43889K->43889K(1087488K)], 0.0495650 secs] [Times: user=0.42 sys=0.01, real=0.05 secs] 
2016-09-24T03:14:12.156-0400: 82.143: [GC (GCLocker Initiated GC) [PSYoungGen: 88064K->62234K(175104K)] 525796K->499967K(699392K), 0.0174442 secs] [Times: user=0.08 sys=0.00, real=0.01 secs] 
2016-09-24T03:14:12.220-0400: 82.207: [GC (GCLocker Initiated GC) [PSYoungGen: 150298K->76798K(175104K)] 593517K->522331K(699392K), 0.0077885 secs] [Times: user=0.13 sys=0.00, real=0.01 secs] 
2016-09-24T03:14:12.291-0400: 82.278: [GC (GCLocker Initiated GC) [PSYoungGen: 164862K->49958K(175104K)] 617266K->525990K(699392K), 0.0069325 secs] [Times: user=0.08 sys=0.00, real=0.01 secs] 
2016-09-24T03:14:12.344-0400: 82.331: [GC (GCLocker Initiated GC) [PSYoungGen: 138022K->67317K(175104K)] 614138K->548321K(699392K), 0.0077693 secs] [Times: user=0.11 sys=0.00, real=0.00 secs] 
2016-09-24T03:14:12.397-0400: 82.384: [GC (GCLocker Initiated GC) [PSYoungGen: 155381K->60630K(175104K)] 641883K->549081K(699392K), 0.0067970 secs] [Times: user=0.08 sys=0.00, real=0.01 secs] 
2016-09-24T03:14:12.404-0400: 82.391: [Full GC (Ergonomics) [PSYoungGen: 60630K->0K(175104K)] [ParOldGen: 488450K->427122K(524288K)] 549081K->427122K(699392K), [Metaspace: 43889K->43889K(1087488K)], 0.0520018 secs] [Times: user=0.50 sys=0.00, real=0.05 secs] 
2016-09-24T03:14:12.502-0400: 82.489: [GC (GCLocker Initiated GC) [PSYoungGen: 88064K->55358K(175104K)] 523343K->490637K(699392K), 0.0057134 secs] [Times: user=0.09 sys=0.00, real=0.01 secs] 
2016-09-24T03:14:12.556-0400: 82.543: [GC (GCLocker Initiated GC) [PSYoungGen: 143422K->77678K(175104K)] 581435K->515690K(699392K), 0.0071192 secs] [Times: user=0.10 sys=0.01, real=0.01 secs] 
2016-09-24T03:14:12.613-0400: 82.600: [GC (GCLocker Initiated GC) [PSYoungGen: 165742K->60627K(175104K)] 603885K->528713K(699392K), 0.0071483 secs] [Times: user=0.10 sys=0.00, real=0.01 secs] 
2016-09-24T03:14:12.671-0400: 82.658: [GC (GCLocker Initiated GC) [PSYoungGen: 148690K->80973K(175104K)] 622402K->556742K(699392K), 0.0079786 secs] [Times: user=0.09 sys=0.01, real=0.01 secs] 
2016-09-24T03:14:12.730-0400: 82.717: [GC (GCLocker Initiated GC) [PSYoungGen: 169037K->51235K(175104K)] 650453K->533445K(699392K), 0.0076977 secs] [Times: user=0.07 sys=0.00, real=0.01 secs] 
2016-09-24T03:14:12.789-0400: 82.776: [GC (GCLocker Initiated GC) [PSYoungGen: 139299K->63298K(175104K)] 624239K->550481K(699392K), 0.0062396 secs] [Times: user=0.07 sys=0.01, real=0.01 secs] 
2016-09-24T03:14:12.850-0400: 82.837: [GC (GCLocker Initiated GC) [PSYoungGen: 151362K->57867K(175104K)] 638551K->557944K(699392K), 0.0071403 secs] [Times: user=0.10 sys=0.00, real=0.01 secs] 
2016-09-24T03:14:12.857-0400: 82.844: [Full GC (Ergonomics) [PSYoungGen: 57867K->0K(175104K)] [ParOldGen: 500077K->426206K(524288K)] 557944K->426206K(699392K), [Metaspace: 43889K->43889K(1087488K)], 0.0600356 secs] [Times: user=0.49 sys=0.00, real=0.06 secs] 
2016-09-24T03:14:12.968-0400: 82.955: [GC (GCLocker Initiated GC) [PSYoungGen: 88064K->62738K(171008K)] 517011K->491685K(695296K), 0.0070009 secs] [Times: user=0.09 sys=0.01, real=0.01 secs] 
2016-09-24T03:14:13.023-0400: 83.010: [GC (Allocation Failure) [PSYoungGen: 150802K->55190K(173056K)] 579792K->484180K(697344K), 0.0157086 secs] [Times: user=0.19 sys=0.01, real=0.01 secs] 
2016-09-24T03:14:13.078-0400: 83.065: [GC (GCLocker Initiated GC) [PSYoungGen: 143254K->69332K(176128K)] 572249K->498327K(700416K), 0.0077664 secs] [Times: user=0.07 sys=0.01, real=0.01 secs] 
2016-09-24T03:14:13.133-0400: 83.120: [GC (GCLocker Initiated GC) [PSYoungGen: 161492K->63478K(155648K)] 595957K->526325K(679936K), 0.0081117 secs] [Times: user=0.12 sys=0.00, real=0.01 secs] 
2016-09-24T03:14:13.187-0400: 83.174: [GC (GCLocker Initiated GC) [PSYoungGen: 155638K->75590K(173056K)] 618512K->539230K(697344K), 0.0084958 secs] [Times: user=0.14 sys=0.00, real=0.01 secs] 
2016-09-24T03:14:13.253-0400: 83.240: [GC (GCLocker Initiated GC) [PSYoungGen: 165702K->78443K(168960K)] 634834K->548345K(693248K), 0.0074742 secs] [Times: user=0.11 sys=0.00, real=0.01 secs] 
2016-09-24T03:14:13.307-0400: 83.294: [GC (GCLocker Initiated GC) [PSYoungGen: 168555K->68374K(175104K)] 639851K->543842K(699392K), 0.0088274 secs] [Times: user=0.12 sys=0.00, real=0.01 secs] 
2016-09-24T03:14:13.372-0400: 83.359: [GC (GCLocker Initiated GC) [PSYoungGen: 156438K->55406K(175104K)] 637440K->548968K(699392K), 0.0083916 secs] [Times: user=0.08 sys=0.02, real=0.01 secs] 
2016-09-24T03:14:13.430-0400: 83.417: [GC (GCLocker Initiated GC) [PSYoungGen: 143470K->64856K(172032K)] 637113K->570249K(696320K), 0.0067594 secs] [Times: user=0.08 sys=0.01, real=0.01 secs] 
2016-09-24T03:14:13.437-0400: 83.424: [Full GC (Ergonomics) [PSYoungGen: 64856K->0K(172032K)] [ParOldGen: 505392K->432847K(524288K)] 570249K->432847K(696320K), [Metaspace: 43889K->43889K(1087488K)], 0.0522739 secs] [Times: user=0.52 sys=0.00, real=0.05 secs] 
2016-09-24T03:14:13.540-0400: 83.527: [GC (GCLocker Initiated GC) [PSYoungGen: 88064K->67216K(173568K)] 523655K->502807K(697856K), 0.0083401 secs] [Times: user=0.10 sys=0.01, real=0.01 secs] 
2016-09-24T03:14:13.598-0400: 83.585: [GC (GCLocker Initiated GC) [PSYoungGen: 155280K->84240K(172544K)] 593587K->527948K(696832K), 0.0075303 secs] [Times: user=0.09 sys=0.01, real=0.01 secs] 
2016-09-24T03:14:13.653-0400: 83.640: [GC (GCLocker Initiated GC) [PSYoungGen: 172304K->49626K(175104K)] 616113K->520949K(699392K), 0.0075507 secs] [Times: user=0.11 sys=0.00, real=0.01 secs] 
2016-09-24T03:14:13.707-0400: 83.694: [GC (GCLocker Initiated GC) [PSYoungGen: 137690K->60952K(175104K)] 614434K->539576K(699392K), 0.0061924 secs] [Times: user=0.08 sys=0.00, real=0.00 secs] 
2016-09-24T03:14:13.761-0400: 83.748: [GC (GCLocker Initiated GC) [PSYoungGen: 149016K->77218K(175104K)] 630361K->559611K(699392K), 0.0074540 secs] [Times: user=0.11 sys=0.00, real=0.01 secs] 
2016-09-24T03:14:13.814-0400: 83.801: [GC (GCLocker Initiated GC) [PSYoungGen: 165282K->62209K(175104K)] 650494K->548551K(699392K), 0.0178886 secs] [Times: user=0.17 sys=0.00, real=0.02 secs] 
2016-09-24T03:14:13.882-0400: 83.869: [GC (GCLocker Initiated GC) [PSYoungGen: 150273K->52911K(175104K)] 644513K->558993K(699392K), 0.0094809 secs] [Times: user=0.09 sys=0.00, real=0.01 secs] 
2016-09-24T03:14:13.892-0400: 83.879: [Full GC (Ergonomics) [PSYoungGen: 52911K->0K(175104K)] [ParOldGen: 506082K->445022K(524288K)] 558993K->445022K(699392K), [Metaspace: 43890K->43890K(1087488K)], 0.0511328 secs] [Times: user=0.43 sys=0.01, real=0.06 secs] 
2016-09-24T03:14:13.991-0400: 83.978: [GC (GCLocker Initiated GC) [PSYoungGen: 88064K->75057K(175104K)] 541316K->528310K(699392K), 0.0071632 secs] [Times: user=0.08 sys=0.01, real=0.01 secs] 
2016-09-24T03:14:14.060-0400: 84.047: [GC (GCLocker Initiated GC) [PSYoungGen: 163121K->56875K(175104K)] 626013K->529367K(699392K), 0.0071489 secs] [Times: user=0.08 sys=0.00, real=0.01 secs] 
2016-09-24T03:14:14.123-0400: 84.110: [GC (GCLocker Initiated GC) [PSYoungGen: 144939K->59518K(175104K)] 624515K->542839K(699392K), 0.0076000 secs] [Times: user=0.09 sys=0.01, real=0.00 secs] 
2016-09-24T03:14:14.187-0400: 84.174: [GC (GCLocker Initiated GC) [PSYoungGen: 147582K->55405K(143872K)] 633679K->557291K(668160K), 0.0084686 secs] [Times: user=0.06 sys=0.01, real=0.01 secs] 
2016-09-24T03:14:14.195-0400: 84.182: [Full GC (Ergonomics) [PSYoungGen: 55405K->0K(143872K)] [ParOldGen: 501886K->445965K(524288K)] 557291K->445965K(668160K), [Metaspace: 43890K->43890K(1087488K)], 0.0530560 secs] [Times: user=0.41 sys=0.00, real=0.05 secs] 
2016-09-24T03:14:14.299-0400: 84.286: [GC (GCLocker Initiated GC) [PSYoungGen: 88064K->65456K(175616K)] 537615K->515007K(699904K), 0.0065318 secs] [Times: user=0.07 sys=0.00, real=0.01 secs] 
2016-09-24T03:14:14.356-0400: 84.343: [GC (GCLocker Initiated GC) [PSYoungGen: 154544K->79881K(174592K)] 609560K->534897K(698880K), 0.0080937 secs] [Times: user=0.12 sys=0.00, real=0.01 secs] 
2016-09-24T03:14:14.414-0400: 84.401: [GC (GCLocker Initiated GC) [PSYoungGen: 168969K->59456K(175104K)] 629421K->537177K(699392K), 0.0070504 secs] [Times: user=0.10 sys=0.00, real=0.00 secs] 
2016-09-24T03:14:14.476-0400: 84.463: [GC (GCLocker Initiated GC) [PSYoungGen: 147520K->51630K(175104K)] 634821K->558805K(699392K), 0.0082090 secs] [Times: user=0.11 sys=0.00, real=0.01 secs] 
2016-09-24T03:14:14.485-0400: 84.472: [Full GC (Ergonomics) [PSYoungGen: 51630K->0K(175104K)] [ParOldGen: 507174K->452342K(524288K)] 558805K->452342K(699392K), [Metaspace: 43890K->43890K(1087488K)], 0.0858998 secs] [Times: user=0.81 sys=0.04, real=0.08 secs] 
2016-09-24T03:14:14.622-0400: 84.609: [GC (GCLocker Initiated GC) [PSYoungGen: 88064K->66623K(174080K)] 543210K->521770K(698368K), 0.0100272 secs] [Times: user=0.15 sys=0.00, real=0.01 secs] 
2016-09-24T03:14:14.690-0400: 84.677: [GC (GCLocker Initiated GC) [PSYoungGen: 154687K->66322K(174592K)] 610082K->521717K(698880K), 0.0078693 secs] [Times: user=0.07 sys=0.01, real=0.01 secs] 
2016-09-24T03:14:14.761-0400: 84.748: [GC (GCLocker Initiated GC) [PSYoungGen: 154386K->59239K(173056K)] 617995K->522848K(697344K), 0.0067023 secs] [Times: user=0.08 sys=0.00, real=0.01 secs] 
2016-09-24T03:14:14.823-0400: 84.810: [GC (GCLocker Initiated GC) [PSYoungGen: 149351K->57339K(174080K)] 615760K->523748K(698368K), 0.0061616 secs] [Times: user=0.06 sys=0.00, real=0.00 secs] 
2016-09-24T03:14:14.888-0400: 84.875: [GC (GCLocker Initiated GC) [PSYoungGen: 147451K->41050K(176128K)] 628726K->522325K(700416K), 0.0061047 secs] [Times: user=0.08 sys=0.00, real=0.00 secs] 
2016-09-24T03:14:14.947-0400: 84.934: [GC (GCLocker Initiated GC) [PSYoungGen: 134234K->71768K(165376K)] 618344K->555878K(689664K), 0.0065066 secs] [Times: user=0.09 sys=0.00, real=0.00 secs] 
2016-09-24T03:14:15.011-0400: 84.998: [GC (GCLocker Initiated GC) [PSYoungGen: 164952K->86166K(174592K)] 652019K->573233K(698880K), 0.0078872 secs] [Times: user=0.11 sys=0.00, real=0.01 secs] 
2016-09-24T03:14:15.078-0400: 85.065: [GC (GCLocker Initiated GC) [PSYoungGen: 174230K->84954K(175104K)] 661621K->576062K(699392K), 0.0074744 secs] [Times: user=0.11 sys=0.00, real=0.01 secs] 
2016-09-24T03:14:15.135-0400: 85.122: [GC (GCLocker Initiated GC) [PSYoungGen: 173018K->78481K(175104K)] 665259K->572634K(699392K), 0.0074658 secs] [Times: user=0.11 sys=0.00, real=0.01 secs] 
2016-09-24T03:14:15.190-0400: 85.177: [GC (GCLocker Initiated GC) [PSYoungGen: 166545K->71789K(175104K)] 660843K->587225K(699392K), 0.0083573 secs] [Times: user=0.11 sys=0.01, real=0.01 secs] 
2016-09-24T03:14:15.199-0400: 85.186: [Full GC (Ergonomics) [PSYoungGen: 71789K->0K(175104K)] [ParOldGen: 515436K->464559K(524288K)] 587225K->464559K(699392K), [Metaspace: 43890K->43890K(1087488K)], 0.0624568 secs] [Times: user=0.68 sys=0.00, real=0.06 secs] 
2016-09-24T03:14:15.319-0400: 85.306: [GC (GCLocker Initiated GC) [PSYoungGen: 88064K->64214K(175104K)] 555371K->531521K(699392K), 0.0069626 secs] [Times: user=0.10 sys=0.00, real=0.01 secs] 
2016-09-24T03:14:15.381-0400: 85.368: [GC (GCLocker Initiated GC) [PSYoungGen: 152278K->69219K(175104K)] 627817K->544758K(699392K), 0.0077791 secs] [Times: user=0.11 sys=0.00, real=0.01 secs] 
2016-09-24T03:14:15.435-0400: 85.422: [GC (GCLocker Initiated GC) [PSYoungGen: 157283K->55595K(175104K)] 635592K->567575K(699392K), 0.0075415 secs] [Times: user=0.09 sys=0.00, real=0.01 secs] 
2016-09-24T03:14:15.443-0400: 85.430: [Full GC (Ergonomics) [PSYoungGen: 55595K->0K(175104K)] [ParOldGen: 511980K->459375K(524288K)] 567575K->459375K(699392K), [Metaspace: 43890K->43890K(1087488K)], 0.0571520 secs] [Times: user=0.60 sys=0.00, real=0.05 secs] 
2016-09-24T03:14:15.547-0400: 85.534: [GC (GCLocker Initiated GC) [PSYoungGen: 88064K->85967K(175104K)] 547533K->548137K(699392K), 0.0075778 secs] [Times: user=0.11 sys=0.00, real=0.01 secs] 
2016-09-24T03:14:15.597-0400: 85.584: [GC (GCLocker Initiated GC) [PSYoungGen: 174031K->62191K(175104K)] 636223K->550478K(699392K), 0.0068382 secs] [Times: user=0.11 sys=0.00, real=0.01 secs] 
2016-09-24T03:14:15.662-0400: 85.649: [Full GC (Ergonomics) [PSYoungGen: 150255K->0K(175104K)] [ParOldGen: 493879K->455763K(524288K)] 644135K->455763K(699392K), [Metaspace: 43895K->43895K(1087488K)], 0.0813275 secs] [Times: user=0.99 sys=0.01, real=0.08 secs] 
2016-09-24T03:14:15.795-0400: 85.782: [GC (GCLocker Initiated GC) [PSYoungGen: 88064K->80567K(175104K)] 546621K->539124K(699392K), 0.0069906 secs] [Times: user=0.07 sys=0.02, real=0.01 secs] 
2016-09-24T03:14:15.855-0400: 85.842: [GC (GCLocker Initiated GC) [PSYoungGen: 168631K->57003K(175104K)] 635020K->529109K(699392K), 0.0074934 secs] [Times: user=0.09 sys=0.01, real=0.01 secs] 
2016-09-24T03:14:15.915-0400: 85.902: [GC (GCLocker Initiated GC) [PSYoungGen: 145067K->60779K(175104K)] 620155K->549115K(699392K), 0.0060459 secs] [Times: user=0.08 sys=0.00, real=0.00 secs] 
2016-09-24T03:14:15.977-0400: 85.964: [GC (GCLocker Initiated GC) [PSYoungGen: 148843K->60747K(175104K)] 640084K->555619K(699392K), 0.0066606 secs] [Times: user=0.09 sys=0.00, real=0.01 secs] 
2016-09-24T03:14:15.983-0400: 85.970: [Full GC (Ergonomics) [PSYoungGen: 60747K->0K(175104K)] [ParOldGen: 494871K->453932K(524288K)] 555619K->453932K(699392K), [Metaspace: 43895K->43895K(1087488K)], 0.0749277 secs] [Times: user=0.71 sys=0.00, real=0.07 secs] 
2016-09-24T03:14:16.111-0400: 86.097: [GC (GCLocker Initiated GC) [PSYoungGen: 88064K->52995K(175104K)] 550233K->515165K(699392K), 0.0061251 secs] [Times: user=0.08 sys=0.00, real=0.01 secs] 
2016-09-24T03:14:16.165-0400: 86.152: [GC (GCLocker Initiated GC) [PSYoungGen: 141059K->54083K(175104K)] 610034K->535160K(699392K), 0.0065943 secs] [Times: user=0.09 sys=0.00, real=0.00 secs] 
2016-09-24T03:14:16.222-0400: 86.209: [GC (GCLocker Initiated GC) [PSYoungGen: 142147K->66296K(175104K)] 624640K->568618K(699392K), 0.0104970 secs] [Times: user=0.16 sys=0.00, real=0.00 secs] 
2016-09-24T03:14:16.233-0400: 86.220: [Full GC (Ergonomics) [PSYoungGen: 66296K->0K(175104K)] [ParOldGen: 502322K->456466K(524288K)] 568618K->456466K(699392K), [Metaspace: 43895K->43895K(1087488K)], 0.0616840 secs] [Times: user=0.67 sys=0.01, real=0.07 secs] 
2016-09-24T03:14:16.343-0400: 86.330: [GC (GCLocker Initiated GC) [PSYoungGen: 88064K->86872K(175104K)] 544686K->543495K(699392K), 0.0103865 secs] [Times: user=0.15 sys=0.00, real=0.00 secs] 
2016-09-24T03:14:16.403-0400: 86.390: [GC (GCLocker Initiated GC) [PSYoungGen: 174936K->59547K(175104K)] 634342K->548685K(699392K), 0.0076445 secs] [Times: user=0.11 sys=0.01, real=0.00 secs] 
2016-09-24T03:14:16.411-0400: 86.398: [Full GC (Ergonomics) [PSYoungGen: 59547K->0K(175104K)] [ParOldGen: 489137K->463489K(524288K)] 548685K->463489K(699392K), [Metaspace: 43895K->43895K(1087488K)], 0.0586644 secs] [Times: user=0.60 sys=0.00, real=0.06 secs] 
2016-09-24T03:14:16.526-0400: 86.513: [GC (GCLocker Initiated GC) [PSYoungGen: 88064K->61539K(175104K)] 557200K->530676K(699392K), 0.0102269 secs] [Times: user=0.15 sys=0.00, real=0.01 secs] 
2016-09-24T03:14:16.581-0400: 86.568: [GC (GCLocker Initiated GC) [PSYoungGen: 149603K->79707K(175104K)] 624218K->555893K(699392K), 0.0102573 secs] [Times: user=0.14 sys=0.01, real=0.01 secs] 
2016-09-24T03:14:16.655-0400: 86.642: [GC (GCLocker Initiated GC) [PSYoungGen: 167771K->41745K(175104K)] 657160K->532012K(699392K), 0.0053580 secs] [Times: user=0.04 sys=0.00, real=0.00 secs] 
2016-09-24T03:14:16.703-0400: 86.690: [GC (GCLocker Initiated GC) [PSYoungGen: 129809K->48315K(175104K)] 621527K->559787K(699392K), 0.0062568 secs] [Times: user=0.07 sys=0.01, real=0.00 secs] 
2016-09-24T03:14:16.709-0400: 86.696: [Full GC (Ergonomics) [PSYoungGen: 48315K->0K(175104K)] [ParOldGen: 511471K->455550K(524288K)] 559787K->455550K(699392K), [Metaspace: 43898K->43898K(1087488K)], 0.0658345 secs] [Times: user=0.73 sys=0.00, real=0.07 secs] 
2016-09-24T03:14:16.822-0400: 86.809: [GC (GCLocker Initiated GC) [PSYoungGen: 88064K->62286K(175104K)] 543705K->517927K(699392K), 0.0065680 secs] [Times: user=0.09 sys=0.00, real=0.01 secs] 
2016-09-24T03:14:16.873-0400: 86.860: [GC (GCLocker Initiated GC) [PSYoungGen: 150350K->60638K(175104K)] 607397K->518741K(699392K), 0.0058617 secs] [Times: user=0.08 sys=0.00, real=0.01 secs] 
2016-09-24T03:14:16.923-0400: 86.910: [GC (GCLocker Initiated GC) [PSYoungGen: 148702K->49751K(175104K)] 606808K->532931K(699392K), 0.0068174 secs] [Times: user=0.10 sys=0.00, real=0.00 secs] 
2016-09-24T03:14:16.973-0400: 86.960: [GC (GCLocker Initiated GC) [PSYoungGen: 137815K->72764K(175104K)] 623821K->559369K(699392K), 0.0072058 secs] [Times: user=0.12 sys=0.00, real=0.01 secs] 
2016-09-24T03:14:17.027-0400: 87.014: [GC (GCLocker Initiated GC) [PSYoungGen: 160828K->61870K(175104K)] 647633K->568341K(699392K), 0.0073658 secs] [Times: user=0.12 sys=0.00, real=0.01 secs] 
2016-09-24T03:14:17.035-0400: 87.022: [Full GC (Ergonomics) [PSYoungGen: 61870K->0K(175104K)] [ParOldGen: 506471K->466536K(524288K)] 568341K->466536K(699392K), [Metaspace: 43898K->43898K(1087488K)], 0.0534166 secs] [Times: user=0.54 sys=0.02, real=0.05 secs] 
2016-09-24T03:14:17.138-0400: 87.125: [GC (GCLocker Initiated GC) [PSYoungGen: 88064K->79799K(175104K)] 557438K->549174K(699392K), 0.0076009 secs] [Times: user=0.09 sys=0.00, real=0.01 secs] 
2016-09-24T03:14:17.203-0400: 87.190: [GC (GCLocker Initiated GC) [PSYoungGen: 167863K->68528K(175104K)] 639981K->552414K(699392K), 0.0075819 secs] [Times: user=0.10 sys=0.00, real=0.00 secs] 
2016-09-24T03:14:17.263-0400: 87.250: [Full GC (Ergonomics) [PSYoungGen: 156592K->0K(175104K)] [ParOldGen: 494746K->468053K(524288K)] 651339K->468053K(699392K), [Metaspace: 43899K->43899K(1087488K)], 0.0498826 secs] [Times: user=0.43 sys=0.00, real=0.04 secs] 
2016-09-24T03:14:17.359-0400: 87.346: [GC (GCLocker Initiated GC) [PSYoungGen: 88064K->83765K(175104K)] 556214K->551915K(699392K), 0.0075654 secs] [Times: user=0.10 sys=0.00, real=0.01 secs] 
2016-09-24T03:14:17.409-0400: 87.396: [GC (GCLocker Initiated GC) [PSYoungGen: 171829K->67336K(175104K)] 640124K->558134K(699392K), 0.0069064 secs] [Times: user=0.11 sys=0.00, real=0.01 secs] 
2016-09-24T03:14:17.416-0400: 87.403: [Full GC (Ergonomics) [PSYoungGen: 67336K->0K(175104K)] [ParOldGen: 490797K->466382K(524288K)] 558134K->466382K(699392K), [Metaspace: 43899K->43899K(1087488K)], 0.0605226 secs] [Times: user=0.51 sys=0.00, real=0.06 secs] 
2016-09-24T03:14:17.519-0400: 87.506: [GC (GCLocker Initiated GC) [PSYoungGen: 88064K->67596K(175104K)] 557195K->536728K(699392K), 0.0066364 secs] [Times: user=0.08 sys=0.00, real=0.01 secs] 
2016-09-24T03:14:17.571-0400: 87.558: [GC (GCLocker Initiated GC) [PSYoungGen: 155660K->56503K(175104K)] 627716K->541659K(699392K), 0.0070980 secs] [Times: user=0.10 sys=0.01, real=0.01 secs] 
2016-09-24T03:14:17.625-0400: 87.612: [Full GC (Ergonomics) [PSYoungGen: 144567K->0K(175104K)] [ParOldGen: 492832K->458568K(524288K)] 637399K->458568K(699392K), [Metaspace: 43899K->43899K(1087488K)], 0.0847940 secs] [Times: user=0.85 sys=0.01, real=0.08 secs] 
2016-09-24T03:14:17.756-0400: 87.743: [GC (GCLocker Initiated GC) [PSYoungGen: 88063K->52326K(175104K)] 549343K->513607K(699392K), 0.0097772 secs] [Times: user=0.08 sys=0.00, real=0.01 secs] 
2016-09-24T03:14:17.825-0400: 87.812: [GC (GCLocker Initiated GC) [PSYoungGen: 140390K->60762K(175104K)] 614906K->536120K(699392K), 0.0067561 secs] [Times: user=0.10 sys=0.00, real=0.00 secs] 
2016-09-24T03:14:17.877-0400: 87.864: [GC (GCLocker Initiated GC) [PSYoungGen: 148826K->49782K(175104K)] 635179K->539676K(699392K), 0.0078622 secs] [Times: user=0.07 sys=0.00, real=0.01 secs] 
2016-09-24T03:14:17.934-0400: 87.921: [Full GC (Ergonomics) [PSYoungGen: 137846K->0K(175104K)] [ParOldGen: 500848K->469049K(524288K)] 638694K->469049K(699392K), [Metaspace: 43899K->43899K(1087488K)], 0.0439330 secs] [Times: user=0.36 sys=0.00, real=0.05 secs] 
2016-09-24T03:14:18.026-0400: 88.013: [GC (GCLocker Initiated GC) [PSYoungGen: 88064K->53773K(175104K)] 561439K->527149K(699392K), 0.0097830 secs] [Times: user=0.11 sys=0.01, real=0.01 secs] 
2016-09-24T03:14:18.086-0400: 88.073: [GC (GCLocker Initiated GC) [PSYoungGen: 141837K->84174K(175104K)] 618085K->560423K(699392K), 0.0076117 secs] [Times: user=0.10 sys=0.00, real=0.00 secs] 
2016-09-24T03:14:18.138-0400: 88.125: [GC (GCLocker Initiated GC) [PSYoungGen: 172238K->49647K(175104K)] 654026K->555689K(699392K), 0.0081219 secs] [Times: user=0.07 sys=0.00, real=0.01 secs] 
2016-09-24T03:14:18.146-0400: 88.133: [Full GC (Ergonomics) [PSYoungGen: 49647K->0K(175104K)] [ParOldGen: 506041K->470702K(524288K)] 555689K->470702K(699392K), [Metaspace: 43899K->43899K(1087488K)], 0.0609343 secs] [Times: user=0.65 sys=0.01, real=0.06 secs] 
2016-09-24T03:14:18.254-0400: 88.241: [GC (GCLocker Initiated GC) [PSYoungGen: 88064K->74304K(175104K)] 558859K->545099K(699392K), 0.0072136 secs] [Times: user=0.10 sys=0.00, real=0.01 secs] 
2016-09-24T03:14:18.311-0400: 88.298: [GC (GCLocker Initiated GC) [PSYoungGen: 162368K->64624K(175104K)] 636196K->551494K(699392K), 0.0073651 secs] [Times: user=0.11 sys=0.01, real=0.01 secs] 
2016-09-24T03:14:18.361-0400: 88.348: [GC (GCLocker Initiated GC) [PSYoungGen: 152688K->68648K(175104K)] 645004K->562968K(699392K), 0.0069048 secs] [Times: user=0.09 sys=0.00, real=0.01 secs] 
2016-09-24T03:14:18.412-0400: 88.399: [Full GC (Ergonomics) [PSYoungGen: 156712K->0K(175104K)] [ParOldGen: 501253K->457485K(524288K)] 657966K->457485K(699392K), [Metaspace: 43899K->43899K(1087488K)], 0.0669112 secs] [Times: user=0.67 sys=0.01, real=0.07 secs] 
2016-09-24T03:14:18.522-0400: 88.509: [GC (GCLocker Initiated GC) [PSYoungGen: 88064K->86418K(175104K)] 545657K->546711K(699392K), 0.0075587 secs] [Times: user=0.12 sys=0.01, real=0.00 secs] 
2016-09-24T03:14:18.576-0400: 88.563: [GC (Allocation Failure) [PSYoungGen: 174482K->66003K(175104K)] 640330K->555673K(699392K), 0.0073041 secs] [Times: user=0.11 sys=0.00, real=0.01 secs] 
2016-09-24T03:14:18.584-0400: 88.571: [GC (GCLocker Initiated GC) --[PSYoungGen: 66014K->66014K(175104K)] 555684K->588854K(699392K), 0.0045055 secs] [Times: user=0.06 sys=0.00, real=0.00 secs] 
2016-09-24T03:14:18.589-0400: 88.576: [Full GC (Ergonomics) [PSYoungGen: 66014K->0K(175104K)] [ParOldGen: 522840K->465279K(524288K)] 588854K->465279K(699392K), [Metaspace: 43899K->43899K(1087488K)], 0.0723278 secs] [Times: user=0.81 sys=0.00, real=0.07 secs] 
2016-09-24T03:14:18.709-0400: 88.696: [GC (GCLocker Initiated GC) [PSYoungGen: 87586K->62091K(175104K)] 555565K->530070K(699392K), 0.0094866 secs] [Times: user=0.13 sys=0.00, real=0.01 secs] 
2016-09-24T03:14:18.770-0400: 88.757: [GC (Allocation Failure) [PSYoungGen: 150155K->71495K(175104K)] 620979K->547174K(699392K), 0.0068893 secs] [Times: user=0.10 sys=0.00, real=0.01 secs] 
2016-09-24T03:14:18.821-0400: 88.808: [GC (GCLocker Initiated GC) [PSYoungGen: 158657K->59165K(175104K)] 637035K->565359K(699392K), 0.0078254 secs] [Times: user=0.12 sys=0.00, real=0.01 secs] 
2016-09-24T03:14:18.829-0400: 88.816: [Full GC (Ergonomics) [PSYoungGen: 59165K->0K(175104K)] [ParOldGen: 506193K->467004K(524288K)] 565359K->467004K(699392K), [Metaspace: 43899K->43899K(1087488K)], 0.0640822 secs] [Times: user=0.53 sys=0.01, real=0.06 secs] 
2016-09-24T03:14:18.941-0400: 88.928: [GC (GCLocker Initiated GC) [PSYoungGen: 88064K->74263K(175104K)] 563375K->549575K(699392K), 0.0078597 secs] [Times: user=0.11 sys=0.00, real=0.01 secs] 
2016-09-24T03:14:18.994-0400: 88.981: [GC (Allocation Failure) [PSYoungGen: 162327K->71341K(175104K)] 640421K->552978K(699392K), 0.0069803 secs] [Times: user=0.10 sys=0.00, real=0.00 secs] 
2016-09-24T03:14:19.045-0400: 89.032: [GC (GCLocker Initiated GC) [PSYoungGen: 158204K->69960K(175104K)] 642541K->563074K(699392K), 0.0070624 secs] [Times: user=0.10 sys=0.00, real=0.00 secs] 
2016-09-24T03:14:19.107-0400: 89.094: [Full GC (Ergonomics) [PSYoungGen: 158024K->0K(175104K)] [ParOldGen: 499959K->461148K(524288K)] 657983K->461148K(699392K), [Metaspace: 43899K->43899K(1087488K)], 0.0867882 secs] [Times: user=0.99 sys=0.02, real=0.08 secs] 
2016-09-24T03:14:19.233-0400: 89.220: [GC (GCLocker Initiated GC) [PSYoungGen: 87270K->67503K(174080K)] 551119K->531351K(698368K), 0.0074071 secs] [Times: user=0.10 sys=0.01, real=0.01 secs] 
2016-09-24T03:14:19.285-0400: 89.272: [GC (GCLocker Initiated GC) [PSYoungGen: 155567K->80116K(174592K)] 622230K->546779K(698880K), 0.0074072 secs] [Times: user=0.11 sys=0.00, real=0.00 secs] 
2016-09-24T03:14:19.351-0400: 89.338: [GC (GCLocker Initiated GC) [PSYoungGen: 168180K->41587K(175104K)] 643077K->543487K(699392K), 0.0062863 secs] [Times: user=0.09 sys=0.00, real=0.01 secs] 
2016-09-24T03:14:19.358-0400: 89.345: [Full GC (Ergonomics) [PSYoungGen: 41587K->0K(175104K)] [ParOldGen: 501899K->459736K(524288K)] 543487K->459736K(699392K), [Metaspace: 43899K->43899K(1087488K)], 0.0571022 secs] [Times: user=0.56 sys=0.00, real=0.06 secs] 
2016-09-24T03:14:19.463-0400: 89.450: [GC (GCLocker Initiated GC) [PSYoungGen: 88064K->60924K(175104K)] 555919K->528779K(699392K), 0.0065061 secs] [Times: user=0.08 sys=0.00, real=0.00 secs] 
2016-09-24T03:14:19.511-0400: 89.498: [GC (GCLocker Initiated GC) [PSYoungGen: 148988K->71349K(175104K)] 620972K->544384K(699392K), 0.0072271 secs] [Times: user=0.10 sys=0.01, real=0.01 secs] 
2016-09-24T03:14:19.562-0400: 89.549: [GC (GCLocker Initiated GC) [PSYoungGen: 159413K->61995K(175104K)] 638998K->563857K(699392K), 0.0071915 secs] [Times: user=0.10 sys=0.00, real=0.00 secs] 
2016-09-24T03:14:19.570-0400: 89.557: [Full GC (Ergonomics) [PSYoungGen: 61995K->0K(175104K)] [ParOldGen: 501861K->465693K(524288K)] 563857K->465693K(699392K), [Metaspace: 43900K->43900K(1087488K)], 0.0527780 secs] [Times: user=0.52 sys=0.01, real=0.06 secs] 
2016-09-24T03:14:19.667-0400: 89.654: [GC (GCLocker Initiated GC) [PSYoungGen: 88064K->60716K(175104K)] 559193K->531846K(699392K), 0.0063129 secs] [Times: user=0.08 sys=0.00, real=0.00 secs] 
2016-09-24T03:14:19.718-0400: 89.705: [GC (GCLocker Initiated GC) [PSYoungGen: 148780K->61258K(149504K)] 625350K->537827K(673792K), 0.0061721 secs] [Times: user=0.07 sys=0.00, real=0.01 secs] 
2016-09-24T03:14:19.776-0400: 89.763: [GC (GCLocker Initiated GC) [PSYoungGen: 149322K->55024K(174080K)] 625928K->531630K(698368K), 0.0104942 secs] [Times: user=0.13 sys=0.00, real=0.01 secs] 
2016-09-24T03:14:19.835-0400: 89.822: [GC (GCLocker Initiated GC) [PSYoungGen: 143600K->63732K(173568K)] 622940K->543072K(697856K), 0.0063338 secs] [Times: user=0.08 sys=0.00, real=0.00 secs] 
2016-09-24T03:14:19.889-0400: 89.876: [GC (GCLocker Initiated GC) [PSYoungGen: 152308K->80540K(170496K)] 634459K->565392K(694784K), 0.0101701 secs] [Times: user=0.14 sys=0.01, real=0.01 secs] 
2016-09-24T03:14:19.952-0400: 89.938: [GC (GCLocker Initiated GC) [PSYoungGen: 168092K->49940K(174592K)] 656638K->538486K(698880K), 0.0060142 secs] [Times: user=0.06 sys=0.00, real=0.01 secs] 
2016-09-24T03:14:20.002-0400: 89.989: [GC (GCLocker Initiated GC) [PSYoungGen: 137492K->87011K(175104K)] 626231K->578460K(699392K), 0.0083976 secs] [Times: user=0.12 sys=0.01, real=0.00 secs] 
2016-09-24T03:14:20.058-0400: 90.045: [GC (GCLocker Initiated GC) [PSYoungGen: 175075K->62074K(175104K)] 673584K->572580K(699392K), 0.0137625 secs] [Times: user=0.16 sys=0.00, real=0.01 secs] 
2016-09-24T03:14:20.072-0400: 90.058: [Full GC (Ergonomics) [PSYoungGen: 62074K->0K(175104K)] [ParOldGen: 510505K->465969K(524288K)] 572580K->465969K(699392K), [Metaspace: 43904K->43904K(1087488K)], 0.0699290 secs] [Times: user=0.68 sys=0.00, real=0.07 secs] 
2016-09-24T03:14:20.196-0400: 90.183: [GC (GCLocker Initiated GC) [PSYoungGen: 88064K->59553K(175104K)] 569005K->540494K(699392K), 0.0061535 secs] [Times: user=0.08 sys=0.00, real=0.01 secs] 
2016-09-24T03:14:20.250-0400: 90.237: [GC (GCLocker Initiated GC) [PSYoungGen: 147617K->76337K(175104K)] 632681K->561401K(699392K), 0.0069071 secs] [Times: user=0.08 sys=0.00, real=0.01 secs] 
2016-09-24T03:14:20.304-0400: 90.291: [GC (GCLocker Initiated GC) [PSYoungGen: 164401K->53746K(175104K)] 649528K->567480K(699392K), 0.0073002 secs] [Times: user=0.09 sys=0.00, real=0.00 secs] 
2016-09-24T03:14:20.311-0400: 90.298: [Full GC (Ergonomics) [PSYoungGen: 53746K->0K(175104K)] [ParOldGen: 513733K->470424K(524288K)] 567480K->470424K(699392K), [Metaspace: 43904K->43904K(1087488K)], 0.0570974 secs] [Times: user=0.39 sys=0.01, real=0.06 secs] 
2016-09-24T03:14:20.420-0400: 90.407: [GC (GCLocker Initiated GC) [PSYoungGen: 88064K->66245K(175104K)] 559891K->538073K(699392K), 0.0075687 secs] [Times: user=0.09 sys=0.01, real=0.01 secs] 
2016-09-24T03:14:20.477-0400: 90.464: [GC (GCLocker Initiated GC) [PSYoungGen: 154309K->57890K(175104K)] 634474K->539147K(699392K), 0.0062703 secs] [Times: user=0.09 sys=0.00, real=0.01 secs] 
2016-09-24T03:14:20.532-0400: 90.519: [GC (GCLocker Initiated GC) [PSYoungGen: 145954K->72766K(175104K)] 632631K->560137K(699392K), 0.0076101 secs] [Times: user=0.11 sys=0.00, real=0.01 secs] 
2016-09-24T03:14:20.588-0400: 90.575: [GC (GCLocker Initiated GC) [PSYoungGen: 160830K->76785K(175104K)] 651066K->567741K(699392K), 0.0077970 secs] [Times: user=0.11 sys=0.00, real=0.01 secs] 
2016-09-24T03:14:20.648-0400: 90.635: [GC (GCLocker Initiated GC) [PSYoungGen: 164849K->69966K(175104K)] 661353K->572566K(699392K), 0.0068141 secs] [Times: user=0.09 sys=0.00, real=0.01 secs] 
2016-09-24T03:14:20.655-0400: 90.642: [Full GC (Ergonomics) [PSYoungGen: 69966K->0K(175104K)] [ParOldGen: 502600K->464376K(524288K)] 572566K->464376K(699392K), [Metaspace: 43904K->43904K(1087488K)], 0.0648124 secs] [Times: user=0.74 sys=0.01, real=0.06 secs] 
2016-09-24T03:14:20.766-0400: 90.753: [GC (GCLocker Initiated GC) [PSYoungGen: 88064K->64951K(175104K)] 559064K->535951K(699392K), 0.0073130 secs] [Times: user=0.06 sys=0.01, real=0.00 secs] 
2016-09-24T03:14:20.822-0400: 90.809: [GC (GCLocker Initiated GC) [PSYoungGen: 153015K->49658K(175104K)] 632278K->533976K(699392K), 0.0083189 secs] [Times: user=0.08 sys=0.00, real=0.00 secs] 
2016-09-24T03:14:20.874-0400: 90.861: [GC (GCLocker Initiated GC) [PSYoungGen: 137722K->63282K(175104K)] 627558K->559224K(699392K), 0.0114334 secs] [Times: user=0.16 sys=0.00, real=0.02 secs] 
2016-09-24T03:14:20.941-0400: 90.927: [GC (Allocation Failure) [PSYoungGen: 151346K->59709K(147968K)] 651530K->559894K(672256K), 0.0076547 secs] [Times: user=0.06 sys=0.00, real=0.01 secs] 
2016-09-24T03:14:20.994-0400: 90.981: [Full GC (Ergonomics) [PSYoungGen: 146268K->0K(147968K)] [ParOldGen: 508284K->464331K(524288K)] 654553K->464331K(672256K), [Metaspace: 43905K->43905K(1087488K)], 0.0544834 secs] [Times: user=0.52 sys=0.00, real=0.05 secs] 
2016-09-24T03:14:21.099-0400: 91.086: [GC (GCLocker Initiated GC) [PSYoungGen: 88064K->49969K(173056K)] 562118K->524024K(697344K), 0.0056816 secs] [Times: user=0.07 sys=0.00, real=0.01 secs] 
2016-09-24T03:14:21.153-0400: 91.140: [GC (GCLocker Initiated GC) [PSYoungGen: 137521K->64132K(173568K)] 625086K->551697K(697856K), 0.0063831 secs] [Times: user=0.10 sys=0.00, real=0.01 secs] 
2016-09-24T03:14:21.213-0400: 91.200: [GC (GCLocker Initiated GC) [PSYoungGen: 151684K->82190K(171520K)] 642011K->572516K(695808K), 0.0077334 secs] [Times: user=0.11 sys=0.00, real=0.01 secs] 
2016-09-24T03:14:21.265-0400: 91.252: [GC (GCLocker Initiated GC) [PSYoungGen: 169742K->71900K(174592K)] 660254K->562412K(698880K), 0.0073623 secs] [Times: user=0.10 sys=0.00, real=0.00 secs] 
2016-09-24T03:14:21.318-0400: 91.305: [GC (GCLocker Initiated GC) [PSYoungGen: 159452K->60106K(175104K)] 652798K->560277K(699392K), 0.0095840 secs] [Times: user=0.10 sys=0.00, real=0.01 secs] 
2016-09-24T03:14:21.380-0400: 91.367: [GC (GCLocker Initiated GC) [PSYoungGen: 148170K->66624K(155136K)] 653861K->586968K(679424K), 0.0079413 secs] [Times: user=0.10 sys=0.00, real=0.01 secs] 
2016-09-24T03:14:21.388-0400: 91.375: [Full GC (Ergonomics) [PSYoungGen: 66624K->0K(155136K)] [ParOldGen: 520343K->465043K(524288K)] 586968K->465043K(679424K), [Metaspace: 43905K->43905K(1087488K)], 0.0597367 secs] [Times: user=0.64 sys=0.00, real=0.06 secs] 
2016-09-24T03:14:21.494-0400: 91.480: [GC (GCLocker Initiated GC) [PSYoungGen: 88064K->66257K(175616K)] 558586K->536779K(699904K), 0.0070895 secs] [Times: user=0.10 sys=0.00, real=0.01 secs] 
2016-09-24T03:14:21.540-0400: 91.527: [GC (GCLocker Initiated GC) [PSYoungGen: 155857K->79028K(174080K)] 627837K->551009K(698368K), 0.0110622 secs] [Times: user=0.16 sys=0.00, real=0.01 secs] 
2016-09-24T03:14:21.597-0400: 91.584: [GC (GCLocker Initiated GC) [PSYoungGen: 168628K->79619K(175104K)] 646118K->557108K(699392K), 0.0069941 secs] [Times: user=0.09 sys=0.00, real=0.01 secs] 
2016-09-24T03:14:21.646-0400: 91.633: [GC (GCLocker Initiated GC) [PSYoungGen: 167683K->67876K(175104K)] 648693K->577385K(699392K), 0.0084571 secs] [Times: user=0.12 sys=0.00, real=0.01 secs] 
2016-09-24T03:14:21.654-0400: 91.641: [Full GC (Ergonomics) [PSYoungGen: 67876K->0K(175104K)] [ParOldGen: 509508K->471556K(524288K)] 577385K->471556K(699392K), [Metaspace: 43905K->43905K(1087488K)], 0.0686318 secs] [Times: user=0.79 sys=0.01, real=0.07 secs] 
2016-09-24T03:14:21.777-0400: 91.764: [GC (GCLocker Initiated GC) [PSYoungGen: 88064K->63465K(175104K)] 567910K->543312K(699392K), 0.0060456 secs] [Times: user=0.08 sys=0.00, real=0.01 secs] 
2016-09-24T03:14:21.832-0400: 91.819: [GC (GCLocker Initiated GC) [PSYoungGen: 151529K->76235K(175104K)] 639568K->564274K(699392K), 0.0070217 secs] [Times: user=0.11 sys=0.00, real=0.01 secs] 
2016-09-24T03:14:21.896-0400: 91.883: [GC (GCLocker Initiated GC) [PSYoungGen: 164299K->26559K(175104K)] 657894K->548579K(699392K), 0.0243075 secs] [Times: user=0.33 sys=0.00, real=0.02 secs] 
2016-09-24T03:14:21.921-0400: 91.908: [Full GC (Ergonomics) [PSYoungGen: 26559K->0K(175104K)] [ParOldGen: 522020K->460743K(524288K)] 548579K->460743K(699392K), [Metaspace: 43905K->43905K(1087488K)], 0.0642864 secs] [Times: user=0.75 sys=0.02, real=0.07 secs] 
2016-09-24T03:14:22.034-0400: 92.021: [GC (GCLocker Initiated GC) [PSYoungGen: 88064K->52571K(175104K)] 556987K->521494K(699392K), 0.0106536 secs] [Times: user=0.15 sys=0.01, real=0.02 secs] 
2016-09-24T03:14:22.115-0400: 92.102: [GC (Allocation Failure) [PSYoungGen: 140635K->33858K(175104K)] 629844K->537318K(699392K), 0.0055053 secs] [Times: user=0.06 sys=0.00, real=0.00 secs] 
2016-09-24T03:14:22.120-0400: 92.107: [Full GC (Ergonomics) [PSYoungGen: 33858K->0K(175104K)] [ParOldGen: 503459K->469971K(524288K)] 537318K->469971K(699392K), [Metaspace: 43905K->43905K(1087488K)], 0.0670090 secs] [Times: user=0.62 sys=0.01, real=0.07 secs] 
2016-09-24T03:14:22.235-0400: 92.222: [GC (GCLocker Initiated GC) [PSYoungGen: 88064K->64664K(175104K)] 560739K->537339K(699392K), 0.0088855 secs] [Times: user=0.09 sys=0.00, real=0.01 secs] 
2016-09-24T03:14:22.300-0400: 92.287: [GC (GCLocker Initiated GC) [PSYoungGen: 152728K->48471K(175104K)] 636311K->532803K(699392K), 0.0055852 secs] [Times: user=0.05 sys=0.00, real=0.01 secs] 
2016-09-24T03:14:22.353-0400: 92.340: [GC (GCLocker Initiated GC) [PSYoungGen: 136535K->60535K(175104K)] 627295K->560152K(699392K), 0.0065771 secs] [Times: user=0.08 sys=0.01, real=0.01 secs] 
2016-09-24T03:14:22.360-0400: 92.347: [Full GC (Ergonomics) [PSYoungGen: 60535K->0K(175104K)] [ParOldGen: 499616K->467886K(524288K)] 560152K->467886K(699392K), [Metaspace: 43905K->43905K(1087488K)], 0.0472198 secs] [Times: user=0.38 sys=0.00, real=0.05 secs] 
2016-09-24T03:14:22.453-0400: 92.440: [GC (GCLocker Initiated GC) [PSYoungGen: 88064K->59545K(173056K)] 558765K->530246K(697344K), 0.0088860 secs] [Times: user=0.11 sys=0.00, real=0.01 secs] 
2016-09-24T03:14:22.509-0400: 92.496: [GC (GCLocker Initiated GC) [PSYoungGen: 147609K->58691K(174080K)] 622452K->533534K(698368K), 0.0135798 secs] [Times: user=0.17 sys=0.00, real=0.02 secs] 
2016-09-24T03:14:22.570-0400: 92.557: [GC (GCLocker Initiated GC) [PSYoungGen: 146755K->60693K(173568K)] 625796K->539735K(697856K), 0.0071328 secs] [Times: user=0.09 sys=0.00, real=0.01 secs] 
2016-09-24T03:14:22.626-0400: 92.613: [GC (GCLocker Initiated GC) [PSYoungGen: 153365K->70637K(174080K)] 650000K->567272K(698368K), 0.0065685 secs] [Times: user=0.10 sys=0.01, real=0.00 secs] 
2016-09-24T03:14:22.679-0400: 92.666: [Full GC (Ergonomics) [PSYoungGen: 163309K->0K(174080K)] [ParOldGen: 507587K->485340K(524288K)] 670896K->485340K(698368K), [Metaspace: 43905K->43905K(1087488K)], 0.0621221 secs] [Times: user=0.65 sys=0.00, real=0.06 secs] 
2016-09-24T03:14:22.793-0400: 92.780: [GC (GCLocker Initiated GC) [PSYoungGen: 92672K->74194K(172544K)] 578110K->559633K(696832K), 0.0070300 secs] [Times: user=0.07 sys=0.00, real=0.01 secs] 
2016-09-24T03:14:22.859-0400: 92.846: [GC (GCLocker Initiated GC) [PSYoungGen: 163282K->85688K(175104K)] 648840K->573946K(699392K), 0.0071422 secs] [Times: user=0.10 sys=0.00, real=0.01 secs] 
2016-09-24T03:14:22.912-0400: 92.899: [GC (GCLocker Initiated GC) [PSYoungGen: 174776K->84800K(175104K)] 665837K->597461K(699392K), 0.0085383 secs] [Times: user=0.13 sys=0.00, real=0.01 secs] 
2016-09-24T03:14:22.921-0400: 92.908: [Full GC (Ergonomics) [PSYoungGen: 84800K->0K(175104K)] [ParOldGen: 512661K->478883K(524288K)] 597461K->478883K(699392K), [Metaspace: 43905K->43905K(1087488K)], 0.0511598 secs] [Times: user=0.49 sys=0.01, real=0.05 secs] 
2016-09-24T03:14:23.021-0400: 93.008: [GC (GCLocker Initiated GC) [PSYoungGen: 88064K->74270K(175104K)] 567078K->553284K(699392K), 0.0070473 secs] [Times: user=0.09 sys=0.00, real=0.01 secs] 
2016-09-24T03:14:23.077-0400: 93.064: [GC (GCLocker Initiated GC) [PSYoungGen: 162334K->60133K(175104K)] 648258K->546058K(699392K), 0.0059930 secs] [Times: user=0.06 sys=0.01, real=0.01 secs] 
2016-09-24T03:14:23.125-0400: 93.112: [GC (GCLocker Initiated GC) [PSYoungGen: 148197K->76141K(175104K)] 634309K->572560K(699392K), 0.0074633 secs] [Times: user=0.11 sys=0.00, real=0.00 secs] 
2016-09-24T03:14:23.177-0400: 93.164: [GC (GCLocker Initiated GC) --[PSYoungGen: 164205K->164205K(175104K)] 661394K->688382K(699392K), 0.0108988 secs] [Times: user=0.11 sys=0.00, real=0.01 secs] 
2016-09-24T03:14:23.188-0400: 93.175: [Full GC (Ergonomics) [PSYoungGen: 164205K->0K(175104K)] [ParOldGen: 524177K->477283K(524288K)] 688382K->477283K(699392K), [Metaspace: 43905K->43905K(1087488K)], 0.0535958 secs] [Times: user=0.52 sys=0.00, real=0.05 secs] 
2016-09-24T03:14:23.290-0400: 93.277: [GC (GCLocker Initiated GC) [PSYoungGen: 88064K->78252K(175104K)] 565443K->555632K(699392K), 0.0067763 secs] [Times: user=0.10 sys=0.00, real=0.01 secs] 
2016-09-24T03:14:23.343-0400: 93.330: [GC (GCLocker Initiated GC) [PSYoungGen: 166316K->55071K(175104K)] 645131K->549512K(699392K), 0.0196590 secs] [Times: user=0.24 sys=0.00, real=0.02 secs] 
2016-09-24T03:14:23.413-0400: 93.400: [GC (GCLocker Initiated GC) [PSYoungGen: 143135K->61733K(175104K)] 637648K->570424K(699392K), 0.0076163 secs] [Times: user=0.08 sys=0.01, real=0.01 secs] 
2016-09-24T03:14:23.420-0400: 93.407: [Full GC (Ergonomics) [PSYoungGen: 61733K->0K(175104K)] [ParOldGen: 508691K->474455K(524288K)] 570424K->474455K(699392K), [Metaspace: 43905K->43905K(1087488K)], 0.0654999 secs] [Times: user=0.55 sys=0.02, real=0.07 secs] 
2016-09-24T03:14:23.525-0400: 93.512: [GC (GCLocker Initiated GC) [PSYoungGen: 88064K->66385K(175104K)] 562600K->540921K(699392K), 0.0096728 secs] [Times: user=0.13 sys=0.00, real=0.01 secs] 
2016-09-24T03:14:23.583-0400: 93.570: [GC (GCLocker Initiated GC) [PSYoungGen: 154449K->72713K(175104K)] 631928K->553981K(699392K), 0.0074501 secs] [Times: user=0.10 sys=0.00, real=0.00 secs] 
2016-09-24T03:14:23.635-0400: 93.622: [GC (GCLocker Initiated GC) [PSYoungGen: 160777K->79464K(175104K)] 647690K->567019K(699392K), 0.0072324 secs] [Times: user=0.11 sys=0.00, real=0.01 secs] 
2016-09-24T03:14:23.695-0400: 93.682: [GC (GCLocker Initiated GC) [PSYoungGen: 167528K->66004K(175104K)] 655149K->563770K(699392K), 0.0072565 secs] [Times: user=0.10 sys=0.00, real=0.01 secs] 
2016-09-24T03:14:23.751-0400: 93.738: [Full GC (Ergonomics) [PSYoungGen: 154068K->0K(175104K)] [ParOldGen: 503296K->485495K(524288K)] 657364K->485495K(699392K), [Metaspace: 43905K->43905K(1087488K)], 0.0681710 secs] [Times: user=0.72 sys=0.00, real=0.07 secs] 
2016-09-24T03:14:23.868-0400: 93.855: [GC (GCLocker Initiated GC) [PSYoungGen: 88064K->71500K(175104K)] 575050K->558486K(699392K), 0.0069401 secs] [Times: user=0.10 sys=0.00, real=0.01 secs] 
2016-09-24T03:14:23.926-0400: 93.913: [GC (GCLocker Initiated GC) [PSYoungGen: 159564K->53760K(175104K)] 646571K->560470K(699392K), 0.0060989 secs] [Times: user=0.08 sys=0.00, real=0.00 secs] 
2016-09-24T03:14:23.933-0400: 93.920: [Full GC (Ergonomics) [PSYoungGen: 53760K->0K(175104K)] [ParOldGen: 506710K->478192K(524288K)] 560470K->478192K(699392K), [Metaspace: 43905K->43905K(1087488K)], 0.0669199 secs] [Times: user=0.73 sys=0.00, real=0.07 secs] 
2016-09-24T03:14:24.044-0400: 94.031: [GC (GCLocker Initiated GC) [PSYoungGen: 88064K->68988K(175104K)] 567248K->548173K(699392K), 0.0070051 secs] [Times: user=0.10 sys=0.00, real=0.00 secs] 
2016-09-24T03:14:24.090-0400: 94.077: [GC (GCLocker Initiated GC) [PSYoungGen: 157052K->71282K(175104K)] 636313K->554235K(699392K), 0.0075207 secs] [Times: user=0.09 sys=0.01, real=0.01 secs] 
2016-09-24T03:14:24.146-0400: 94.133: [GC (GCLocker Initiated GC) [PSYoungGen: 159346K->63338K(175104K)] 642832K->558233K(699392K), 0.0096767 secs] [Times: user=0.13 sys=0.00, real=0.01 secs] 
2016-09-24T03:14:24.196-0400: 94.183: [GC (GCLocker Initiated GC) [PSYoungGen: 151402K->86765K(175104K)] 649046K->587109K(699392K), 0.0082895 secs] [Times: user=0.09 sys=0.01, real=0.01 secs] 
2016-09-24T03:14:24.258-0400: 94.245: [GC (GCLocker Initiated GC) --[PSYoungGen: 174829K->174829K(175104K)] 675325K->698140K(699392K), 0.0107538 secs] [Times: user=0.10 sys=0.01, real=0.01 secs] 
2016-09-24T03:14:24.269-0400: 94.256: [Full GC (Ergonomics) [PSYoungGen: 174829K->0K(175104K)] [ParOldGen: 523310K->472771K(524288K)] 698140K->472771K(699392K), [Metaspace: 43909K->43909K(1087488K)], 0.0914165 secs] [Times: user=1.19 sys=0.00, real=0.09 secs] 
2016-09-24T03:14:24.400-0400: 94.387: [GC (GCLocker Initiated GC) [PSYoungGen: 88064K->52763K(175104K)] 563657K->528356K(699392K), 0.0058161 secs] [Times: user=0.05 sys=0.00, real=0.01 secs] 
2016-09-24T03:14:24.454-0400: 94.441: [GC (GCLocker Initiated GC) [PSYoungGen: 140827K->61990K(175104K)] 619212K->550816K(699392K), 0.0069388 secs] [Times: user=0.07 sys=0.00, real=0.00 secs] 
2016-09-24T03:14:24.508-0400: 94.495: [GC (GCLocker Initiated GC) [PSYoungGen: 150054K->65942K(175104K)] 641694K->571850K(699392K), 0.0106430 secs] [Times: user=0.16 sys=0.00, real=0.01 secs] 
2016-09-24T03:14:24.519-0400: 94.506: [Full GC (Ergonomics) [PSYoungGen: 65942K->0K(175104K)] [ParOldGen: 505908K->479860K(524288K)] 571850K->479860K(699392K), [Metaspace: 43909K->43909K(1087488K)], 0.0558571 secs] [Times: user=0.46 sys=0.00, real=0.06 secs] 
2016-09-24T03:14:24.627-0400: 94.614: [GC (GCLocker Initiated GC) [PSYoungGen: 88064K->74544K(175104K)] 570695K->557175K(699392K), 0.0069966 secs] [Times: user=0.10 sys=0.00, real=0.00 secs] 
2016-09-24T03:14:24.687-0400: 94.674: [GC (GCLocker Initiated GC) [PSYoungGen: 162608K->38780K(175104K)] 653376K->538663K(699392K), 0.0066360 secs] [Times: user=0.05 sys=0.01, real=0.01 secs] 
2016-09-24T03:14:24.741-0400: 94.728: [Full GC (Ergonomics) [PSYoungGen: 126844K->0K(175104K)] [ParOldGen: 502641K->484115K(524288K)] 629486K->484115K(699392K), [Metaspace: 43910K->43910K(1087488K)], 0.0504387 secs] [Times: user=0.40 sys=0.01, real=0.05 secs] 
2016-09-24T03:14:24.841-0400: 94.828: [GC (GCLocker Initiated GC) [PSYoungGen: 88064K->70122K(175104K)] 579069K->561128K(699392K), 0.0155466 secs] [Times: user=0.20 sys=0.00, real=0.02 secs] 
2016-09-24T03:14:24.905-0400: 94.892: [GC (GCLocker Initiated GC) [PSYoungGen: 158186K->57795K(175104K)] 649273K->571378K(699392K), 0.0066880 secs] [Times: user=0.08 sys=0.00, real=0.00 secs] 
2016-09-24T03:14:24.912-0400: 94.899: [Full GC (Ergonomics) [PSYoungGen: 57795K->0K(175104K)] [ParOldGen: 513583K->479598K(524288K)] 571378K->479598K(699392K), [Metaspace: 43911K->43911K(1087488K)], 0.0605345 secs] [Times: user=0.61 sys=0.00, real=0.06 secs] 
2016-09-24T03:14:25.013-0400: 95.000: [GC (GCLocker Initiated GC) [PSYoungGen: 88064K->78514K(175104K)] 567739K->558189K(699392K), 0.0069271 secs] [Times: user=0.10 sys=0.00, real=0.01 secs] 
2016-09-24T03:14:25.068-0400: 95.055: [GC (GCLocker Initiated GC) [PSYoungGen: 166578K->80833K(175104K)] 649066K->564389K(699392K), 0.0077633 secs] [Times: user=0.12 sys=0.00, real=0.01 secs] 
2016-09-24T03:14:25.131-0400: 95.118: [GC (GCLocker Initiated GC) [PSYoungGen: 168897K->53956K(175104K)] 660622K->546344K(699392K), 0.0121420 secs] [Times: user=0.16 sys=0.00, real=0.02 secs] 
2016-09-24T03:14:25.189-0400: 95.176: [GC (GCLocker Initiated GC) [PSYoungGen: 142020K->48344K(175104K)] 641013K->561600K(699392K), 0.0067616 secs] [Times: user=0.07 sys=0.00, real=0.01 secs] 
2016-09-24T03:14:25.196-0400: 95.183: [Full GC (Ergonomics) [PSYoungGen: 48344K->0K(175104K)] [ParOldGen: 513255K->483563K(524288K)] 561600K->483563K(699392K), [Metaspace: 43911K->43911K(1087488K)], 0.0639384 secs] [Times: user=0.47 sys=0.00, real=0.06 secs] 
2016-09-24T03:14:25.307-0400: 95.294: [GC (GCLocker Initiated GC) [PSYoungGen: 88064K->64901K(175104K)] 578490K->555328K(699392K), 0.0088477 secs] [Times: user=0.10 sys=0.00, real=0.01 secs] 
2016-09-24T03:14:25.367-0400: 95.354: [GC (GCLocker Initiated GC) [PSYoungGen: 152965K->68763K(175104K)] 649001K->579333K(699392K), 0.0080104 secs] [Times: user=0.11 sys=0.00, real=0.01 secs] 
2016-09-24T03:14:25.375-0400: 95.362: [Full GC (Ergonomics) [PSYoungGen: 68763K->0K(175104K)] [ParOldGen: 510570K->491226K(524288K)] 579333K->491226K(699392K), [Metaspace: 43911K->43911K(1087488K)], 0.0629434 secs] [Times: user=0.63 sys=0.01, real=0.06 secs] 
2016-09-24T03:14:25.495-0400: 95.482: [Full GC (Ergonomics) [PSYoungGen: 88064K->0K(175104K)] [ParOldGen: 500737K->489082K(524288K)] 588801K->489082K(699392K), [Metaspace: 43911K->43911K(1087488K)], 0.0547861 secs] [Times: user=0.51 sys=0.01, real=0.05 secs] 
2016-09-24T03:14:25.594-0400: 95.581: [Full GC (Ergonomics) [PSYoungGen: 88064K->0K(175104K)] [ParOldGen: 499967K->497704K(524288K)] 588031K->497704K(699392K), [Metaspace: 43911K->43911K(1087488K)], 0.0600598 secs] [Times: user=0.60 sys=0.00, real=0.06 secs] 
2016-09-24T03:14:25.701-0400: 95.688: [Full GC (Ergonomics) [PSYoungGen: 88064K->0K(175104K)] [ParOldGen: 506055K->492893K(524288K)] 594119K->492893K(699392K), [Metaspace: 43917K->43917K(1087488K)], 0.0677920 secs] [Times: user=0.76 sys=0.00, real=0.07 secs] 
2016-09-24T03:14:25.812-0400: 95.799: [Full GC (Ergonomics) [PSYoungGen: 88064K->0K(175104K)] [ParOldGen: 501216K->498808K(524288K)] 589280K->498808K(699392K), [Metaspace: 43917K->43917K(1087488K)], 0.0551253 secs] [Times: user=0.52 sys=0.00, real=0.06 secs] 
2016-09-24T03:14:25.913-0400: 95.900: [Full GC (Ergonomics) [PSYoungGen: 88064K->0K(175104K)] [ParOldGen: 501555K->488481K(524288K)] 589619K->488481K(699392K), [Metaspace: 43917K->43917K(1087488K)], 0.0563910 secs] [Times: user=0.55 sys=0.01, real=0.06 secs] 
2016-09-24T03:14:26.013-0400: 96.000: [GC (GCLocker Initiated GC) [PSYoungGen: 88064K->74397K(175104K)] 579315K->565648K(699392K), 0.0064410 secs] [Times: user=0.08 sys=0.01, real=0.01 secs] 
2016-09-24T03:14:26.068-0400: 96.055: [GC (GCLocker Initiated GC) [PSYoungGen: 162461K->51034K(175104K)] 653750K->562268K(699392K), 0.0066036 secs] [Times: user=0.06 sys=0.00, real=0.01 secs] 
2016-09-24T03:14:26.075-0400: 96.062: [Full GC (Ergonomics) [PSYoungGen: 51034K->0K(175104K)] [ParOldGen: 511234K->489476K(524288K)] 562268K->489476K(699392K), [Metaspace: 43917K->43917K(1087488K)], 0.0545291 secs] [Times: user=0.54 sys=0.01, real=0.05 secs] 
2016-09-24T03:14:26.169-0400: 96.156: [GC (GCLocker Initiated GC) [PSYoungGen: 88064K->45793K(175104K)] 577979K->535709K(699392K), 0.0072176 secs] [Times: user=0.07 sys=0.00, real=0.01 secs] 
2016-09-24T03:14:26.216-0400: 96.203: [GC (GCLocker Initiated GC) [PSYoungGen: 133857K->69902K(175104K)] 623813K->562194K(699392K), 0.0068655 secs] [Times: user=0.09 sys=0.01, real=0.01 secs] 
2016-09-24T03:14:26.264-0400: 96.251: [GC (GCLocker Initiated GC) [PSYoungGen: 157966K->56436K(175104K)] 650330K->573712K(699392K), 0.0072546 secs] [Times: user=0.11 sys=0.01, real=0.00 secs] 
2016-09-24T03:14:26.271-0400: 96.258: [Full GC (Ergonomics) [PSYoungGen: 56436K->0K(175104K)] [ParOldGen: 517275K->484314K(524288K)] 573712K->484314K(699392K), [Metaspace: 43917K->43917K(1087488K)], 0.0667926 secs] [Times: user=0.78 sys=0.00, real=0.07 secs] 
2016-09-24T03:14:26.378-0400: 96.365: [GC (GCLocker Initiated GC) [PSYoungGen: 88064K->83757K(175104K)] 575155K->570849K(699392K), 0.0073445 secs] [Times: user=0.11 sys=0.00, real=0.01 secs] 
2016-09-24T03:14:26.427-0400: 96.414: [GC (GCLocker Initiated GC) [PSYoungGen: 171821K->49688K(175104K)] 660521K->552822K(699392K), 0.0066331 secs] [Times: user=0.08 sys=0.00, real=0.00 secs] 
2016-09-24T03:14:26.434-0400: 96.421: [Full GC (Ergonomics) [PSYoungGen: 49688K->0K(175104K)] [ParOldGen: 503133K->491942K(524288K)] 552822K->491942K(699392K), [Metaspace: 43917K->43917K(1087488K)], 0.0691164 secs] [Times: user=0.82 sys=0.01, real=0.08 secs] 
2016-09-24T03:14:26.550-0400: 96.537: [Full GC (Ergonomics) [PSYoungGen: 88064K->0K(175104K)] [ParOldGen: 497410K->481369K(524288K)] 585474K->481369K(699392K), [Metaspace: 43917K->43917K(1087488K)], 0.0805177 secs] [Times: user=1.02 sys=0.01, real=0.08 secs] 
2016-09-24T03:14:26.676-0400: 96.663: [GC (GCLocker Initiated GC) [PSYoungGen: 88064K->66146K(175104K)] 569524K->547606K(699392K), 0.0065391 secs] [Times: user=0.09 sys=0.00, real=0.01 secs] 
2016-09-24T03:14:26.730-0400: 96.717: [GC (GCLocker Initiated GC) [PSYoungGen: 154210K->53673K(175104K)] 643850K->552263K(699392K), 0.0060637 secs] [Times: user=0.08 sys=0.00, real=0.01 secs] 
2016-09-24T03:14:26.736-0400: 96.723: [Full GC (Ergonomics) [PSYoungGen: 53673K->0K(175104K)] [ParOldGen: 498589K->486364K(524288K)] 552263K->486364K(699392K), [Metaspace: 43917K->43917K(1087488K)], 0.0802067 secs] [Times: user=0.84 sys=0.00, real=0.08 secs] 
2016-09-24T03:14:26.874-0400: 96.861: [Full GC (Ergonomics) [PSYoungGen: 88064K->0K(175104K)] [ParOldGen: 498644K->481455K(524288K)] 586708K->481455K(699392K), [Metaspace: 43917K->43917K(1087488K)], 0.0510471 secs] [Times: user=0.43 sys=0.00, real=0.06 secs] 
2016-09-24T03:14:26.970-0400: 96.957: [GC (GCLocker Initiated GC) [PSYoungGen: 88064K->59039K(175104K)] 572427K->543402K(699392K), 0.0060834 secs] [Times: user=0.07 sys=0.00, real=0.01 secs] 
2016-09-24T03:14:27.026-0400: 97.013: [GC (GCLocker Initiated GC) [PSYoungGen: 147103K->41615K(175104K)] 642399K->559106K(699392K), 0.0089829 secs] [Times: user=0.12 sys=0.00, real=0.01 secs] 
2016-09-24T03:14:27.035-0400: 97.022: [Full GC (Ergonomics) [PSYoungGen: 41615K->0K(175104K)] [ParOldGen: 517491K->482310K(524288K)] 559106K->482310K(699392K), [Metaspace: 43917K->43917K(1087488K)], 0.0649789 secs] [Times: user=0.74 sys=0.00, real=0.06 secs] 
2016-09-24T03:14:27.160-0400: 97.147: [Full GC (Ergonomics) [PSYoungGen: 88064K->0K(175104K)] [ParOldGen: 494632K->488205K(524288K)] 582696K->488205K(699392K), [Metaspace: 43917K->43917K(1087488K)], 0.0672303 secs] [Times: user=0.73 sys=0.00, real=0.07 secs] 
2016-09-24T03:14:27.273-0400: 97.260: [GC (GCLocker Initiated GC) [PSYoungGen: 88064K->66178K(175104K)] 579107K->557221K(699392K), 0.0068007 secs] [Times: user=0.08 sys=0.00, real=0.01 secs] 
2016-09-24T03:14:27.336-0400: 97.323: [GC (GCLocker Initiated GC) [PSYoungGen: 154242K->60423K(174080K)] 645323K->572674K(698368K), 0.0118276 secs] [Times: user=0.17 sys=0.00, real=0.01 secs] 
2016-09-24T03:14:27.348-0400: 97.335: [Full GC (Ergonomics) [PSYoungGen: 60423K->0K(174080K)] [ParOldGen: 512250K->486391K(524288K)] 572674K->486391K(698368K), [Metaspace: 43917K->43917K(1087488K)], 0.0591876 secs] [Times: user=0.63 sys=0.00, real=0.06 secs] 
2016-09-24T03:14:27.453-0400: 97.440: [GC (GCLocker Initiated GC) [PSYoungGen: 88064K->74108K(174592K)] 574551K->560596K(698880K), 0.0064091 secs] [Times: user=0.09 sys=0.00, real=0.01 secs] 
2016-09-24T03:14:27.510-0400: 97.497: [GC (GCLocker Initiated GC) [PSYoungGen: 162171K->56561K(175104K)] 651599K->569617K(699392K), 0.0066220 secs] [Times: user=0.09 sys=0.00, real=0.01 secs] 
2016-09-24T03:14:27.517-0400: 97.504: [Full GC (Ergonomics) [PSYoungGen: 56561K->0K(175104K)] [ParOldGen: 513055K->492647K(524288K)] 569617K->492647K(699392K), [Metaspace: 43917K->43917K(1087488K)], 0.0679848 secs] [Times: user=0.75 sys=0.01, real=0.07 secs] 
2016-09-24T03:14:27.642-0400: 97.629: [Full GC (Ergonomics) [PSYoungGen: 88064K->0K(175104K)] [ParOldGen: 492695K->490621K(524288K)] 580759K->490621K(699392K), [Metaspace: 43917K->43917K(1087488K)], 0.0859213 secs] [Times: user=0.92 sys=0.01, real=0.09 secs] 
2016-09-24T03:14:27.770-0400: 97.757: [Full GC (Ergonomics) [PSYoungGen: 88064K->0K(175104K)] [ParOldGen: 490668K->491061K(524288K)] 578732K->491061K(699392K), [Metaspace: 43917K->43917K(1087488K)], 0.0697879 secs] [Times: user=0.72 sys=0.01, real=0.07 secs] 
2016-09-24T03:14:27.885-0400: 97.872: [Full GC (Ergonomics) [PSYoungGen: 87924K->0K(175104K)] [ParOldGen: 493761K->494197K(524288K)] 581686K->494197K(699392K), [Metaspace: 43917K->43917K(1087488K)], 0.0549264 secs] [Times: user=0.53 sys=0.00, real=0.05 secs] 
2016-09-24T03:14:27.995-0400: 97.982: [Full GC (Ergonomics) [PSYoungGen: 88064K->0K(175104K)] [ParOldGen: 494267K->489237K(524288K)] 582331K->489237K(699392K), [Metaspace: 43917K->43917K(1087488K)], 0.0616848 secs] [Times: user=0.60 sys=0.01, real=0.06 secs] 
2016-09-24T03:14:28.106-0400: 98.093: [Full GC (Ergonomics) [PSYoungGen: 88064K->0K(175104K)] [ParOldGen: 494734K->489739K(524288K)] 582798K->489739K(699392K), [Metaspace: 43917K->43917K(1087488K)], 0.0565890 secs] [Times: user=0.53 sys=0.00, real=0.06 secs] 
2016-09-24T03:14:28.207-0400: 98.194: [Full GC (Ergonomics) [PSYoungGen: 88064K->0K(175104K)] [ParOldGen: 489895K->492858K(524288K)] 577959K->492858K(699392K), [Metaspace: 43917K->43917K(1087488K)], 0.0687065 secs] [Times: user=0.65 sys=0.00, real=0.07 secs] 
2016-09-24T03:14:28.328-0400: 98.315: [Full GC (Ergonomics) [PSYoungGen: 88064K->0K(175104K)] [ParOldGen: 502526K->490605K(524288K)] 590590K->490605K(699392K), [Metaspace: 43917K->43917K(1087488K)], 0.0675517 secs] [Times: user=0.76 sys=0.01, real=0.07 secs] 
2016-09-24T03:14:28.445-0400: 98.432: [Full GC (Ergonomics) [PSYoungGen: 88064K->0K(175104K)] [ParOldGen: 493346K->485569K(524288K)] 581410K->485569K(699392K), [Metaspace: 43917K->43917K(1087488K)], 0.0530476 secs] [Times: user=0.51 sys=0.01, real=0.05 secs] 
2016-09-24T03:14:28.542-0400: 98.529: [Full GC (Ergonomics) [PSYoungGen: 88064K->0K(175104K)] [ParOldGen: 489142K->487641K(524288K)] 577206K->487641K(699392K), [Metaspace: 43917K->43917K(1087488K)], 0.0642294 secs] [Times: user=0.79 sys=0.01, real=0.06 secs] 
2016-09-24T03:14:28.654-0400: 98.641: [Full GC (Ergonomics) [PSYoungGen: 88064K->0K(175104K)] [ParOldGen: 497099K->491814K(524288K)] 585163K->491814K(699392K), [Metaspace: 43917K->43917K(1087488K)], 0.0676618 secs] [Times: user=0.81 sys=0.02, real=0.06 secs] 
2016-09-24T03:14:28.767-0400: 98.754: [Full GC (Ergonomics) [PSYoungGen: 88064K->0K(175104K)] [ParOldGen: 494589K->489552K(524288K)] 582653K->489552K(699392K), [Metaspace: 43918K->43918K(1087488K)], 0.0655487 secs] [Times: user=0.74 sys=0.01, real=0.06 secs] 
2016-09-24T03:14:28.878-0400: 98.865: [Full GC (Ergonomics) [PSYoungGen: 88064K->0K(175104K)] [ParOldGen: 489566K->495480K(524288K)] 577630K->495480K(699392K), [Metaspace: 43918K->43918K(1087488K)], 0.0622048 secs] [Times: user=0.68 sys=0.01, real=0.06 secs] 
2016-09-24T03:14:28.987-0400: 98.974: [Full GC (Ergonomics) [PSYoungGen: 88062K->0K(175104K)] [ParOldGen: 503814K->498747K(524288K)] 591876K->498747K(699392K), [Metaspace: 43918K->43918K(1087488K)], 0.0574484 secs] [Times: user=0.58 sys=0.01, real=0.06 secs] 
2016-09-24T03:14:29.089-0400: 99.076: [Full GC (Ergonomics) [PSYoungGen: 88064K->0K(175104K)] [ParOldGen: 504253K->496634K(524288K)] 592317K->496634K(699392K), [Metaspace: 43918K->43918K(1087488K)], 0.0707068 secs] [Times: user=0.79 sys=0.00, real=0.07 secs] 
2016-09-24T03:14:29.212-0400: 99.199: [Full GC (Ergonomics) [PSYoungGen: 88064K->0K(175104K)] [ParOldGen: 500724K->486143K(524288K)] 588788K->486143K(699392K), [Metaspace: 43918K->43918K(1087488K)], 0.0689872 secs] [Times: user=0.79 sys=0.01, real=0.07 secs] 
2016-09-24T03:14:29.326-0400: 99.313: [Full GC (Ergonomics) [PSYoungGen: 88064K->0K(175104K)] [ParOldGen: 489106K->490836K(524288K)] 577170K->490836K(699392K), [Metaspace: 43918K->43918K(1087488K)], 0.0545654 secs] [Times: user=0.49 sys=0.00, real=0.05 secs] 
2016-09-24T03:14:29.427-0400: 99.414: [Full GC (Ergonomics) [PSYoungGen: 88064K->0K(175104K)] [ParOldGen: 493725K->498221K(524288K)] 581789K->498221K(699392K), [Metaspace: 43918K->43918K(1087488K)], 0.0586257 secs] [Times: user=0.57 sys=0.01, real=0.06 secs] 
2016-09-24T03:14:29.539-0400: 99.526: [Full GC (Ergonomics) [PSYoungGen: 88064K->0K(175104K)] [ParOldGen: 499581K->493439K(524288K)] 587645K->493439K(699392K), [Metaspace: 43918K->43918K(1087488K)], 0.0700417 secs] [Times: user=0.80 sys=0.00, real=0.07 secs] 
2016-09-24T03:14:29.666-0400: 99.653: [Full GC (Ergonomics) [PSYoungGen: 88064K->0K(175104K)] [ParOldGen: 494843K->485893K(524288K)] 582907K->485893K(699392K), [Metaspace: 43918K->43918K(1087488K)], 0.0610534 secs] [Times: user=0.50 sys=0.02, real=0.06 secs] 
2016-09-24T03:14:29.777-0400: 99.764: [Full GC (Ergonomics) [PSYoungGen: 88064K->0K(175104K)] [ParOldGen: 491539K->487889K(524288K)] 579603K->487889K(699392K), [Metaspace: 43918K->43918K(1087488K)], 0.0687443 secs] [Times: user=0.76 sys=0.01, real=0.07 secs] 
2016-09-24T03:14:29.894-0400: 99.881: [Full GC (Ergonomics) [PSYoungGen: 88064K->0K(175104K)] [ParOldGen: 490646K->495262K(524288K)] 578710K->495262K(699392K), [Metaspace: 43922K->43922K(1087488K)], 0.0592321 secs] [Times: user=0.55 sys=0.01, real=0.05 secs] 
2016-09-24T03:14:30.002-0400: 99.988: [Full GC (Ergonomics) [PSYoungGen: 88064K->0K(175104K)] [ParOldGen: 495336K->490606K(524288K)] 583400K->490606K(699392K), [Metaspace: 43922K->43922K(1087488K)], 0.0713725 secs] [Times: user=0.84 sys=0.00, real=0.07 secs] 
2016-09-24T03:14:30.127-0400: 100.114: [Full GC (Ergonomics) [PSYoungGen: 88064K->0K(175104K)] [ParOldGen: 491400K->490078K(524288K)] 579464K->490078K(699392K), [Metaspace: 43922K->43922K(1087488K)], 0.0834772 secs] [Times: user=0.86 sys=0.00, real=0.08 secs] 
2016-09-24T03:14:30.264-0400: 100.251: [Full GC (Ergonomics) [PSYoungGen: 88064K->0K(175104K)] [ParOldGen: 503705K->494630K(524288K)] 591769K->494630K(699392K), [Metaspace: 43922K->43922K(1087488K)], 0.0634944 secs] [Times: user=0.69 sys=0.00, real=0.06 secs] 
2016-09-24T03:14:30.384-0400: 100.371: [Full GC (Ergonomics) [PSYoungGen: 88064K->0K(175104K)] [ParOldGen: 494860K->497925K(524288K)] 582924K->497925K(699392K), [Metaspace: 43922K->43922K(1087488K)], 0.0554312 secs] [Times: user=0.56 sys=0.00, real=0.05 secs] 
2016-09-24T03:14:30.496-0400: 100.483: [Full GC (Ergonomics) [PSYoungGen: 88064K->0K(175104K)] [ParOldGen: 499393K->495794K(524288K)] 587457K->495794K(699392K), [Metaspace: 43922K->43922K(1087488K)], 0.0616863 secs] [Times: user=0.60 sys=0.01, real=0.06 secs] 
2016-09-24T03:14:30.622-0400: 100.609: [Full GC (Ergonomics) [PSYoungGen: 88064K->0K(175104K)] [ParOldGen: 495887K->493749K(524288K)] 583951K->493749K(699392K), [Metaspace: 43922K->43922K(1087488K)], 0.0574909 secs] [Times: user=0.61 sys=0.00, real=0.05 secs] 
2016-09-24T03:14:30.738-0400: 100.725: [Full GC (Ergonomics) [PSYoungGen: 88064K->0K(175104K)] [ParOldGen: 493764K->487546K(524288K)] 581828K->487546K(699392K), [Metaspace: 43922K->43922K(1087488K)], 0.0628713 secs] [Times: user=0.55 sys=0.02, real=0.06 secs] 
2016-09-24T03:14:30.846-0400: 100.833: [GC (GCLocker Initiated GC) [PSYoungGen: 88064K->74537K(175104K)] 575703K->562177K(699392K), 0.0073462 secs] [Times: user=0.11 sys=0.00, real=0.00 secs] 
2016-09-24T03:14:30.904-0400: 100.891: [Full GC (Ergonomics) [PSYoungGen: 162601K->0K(175104K)] [ParOldGen: 498563K->503616K(524288K)] 661164K->503616K(699392K), [Metaspace: 43922K->43922K(1087488K)], 0.0696573 secs] [Times: user=0.83 sys=0.00, real=0.06 secs] 
2016-09-24T03:14:31.022-0400: 101.009: [Full GC (Ergonomics) [PSYoungGen: 88064K->0K(175104K)] [ParOldGen: 503757K->501580K(524288K)] 591821K->501580K(699392K), [Metaspace: 43922K->43922K(1087488K)], 0.0646615 secs] [Times: user=0.73 sys=0.00, real=0.06 secs] 
2016-09-24T03:14:31.139-0400: 101.126: [Full GC (Ergonomics) [PSYoungGen: 88064K->0K(175104K)] [ParOldGen: 501610K->499484K(524288K)] 589674K->499484K(699392K), [Metaspace: 43922K->43922K(1087488K)], 0.0594897 secs] [Times: user=0.61 sys=0.00, real=0.06 secs] 
2016-09-24T03:14:31.251-0400: 101.238: [Full GC (Ergonomics) [PSYoungGen: 88064K->0K(175104K)] [ParOldGen: 499543K->497398K(524288K)] 587607K->497398K(699392K), [Metaspace: 43922K->43922K(1087488K)], 0.0784177 secs] [Times: user=0.93 sys=0.01, real=0.08 secs] 
2016-09-24T03:14:31.368-0400: 101.355: [Full GC (Ergonomics) [PSYoungGen: 88064K->0K(175104K)] [ParOldGen: 497520K->503561K(524288K)] 585584K->503561K(699392K), [Metaspace: 43922K->43922K(1087488K)], 0.0679906 secs] [Times: user=0.74 sys=0.00, real=0.07 secs] 
2016-09-24T03:14:31.488-0400: 101.475: [Full GC (Ergonomics) [PSYoungGen: 88064K->0K(175104K)] [ParOldGen: 503689K->507052K(524288K)] 591753K->507052K(699392K), [Metaspace: 43922K->43922K(1087488K)], 0.0822581 secs] [Times: user=0.83 sys=0.01, real=0.08 secs] 
2016-09-24T03:14:31.628-0400: 101.615: [Full GC (Ergonomics) [PSYoungGen: 88064K->0K(175104K)] [ParOldGen: 514043K->505147K(524288K)] 602107K->505147K(699392K), [Metaspace: 43922K->43922K(1087488K)], 0.0557577 secs] [Times: user=0.55 sys=0.00, real=0.06 secs] 
2016-09-24T03:14:31.744-0400: 101.731: [Full GC (Ergonomics) [PSYoungGen: 88064K->0K(175104K)] [ParOldGen: 505363K->505977K(524288K)] 593427K->505977K(699392K), [Metaspace: 43922K->43922K(1087488K)], 0.0622516 secs] [Times: user=0.65 sys=0.01, real=0.06 secs] 
2016-09-24T03:14:31.870-0400: 101.857: [Full GC (Ergonomics) [PSYoungGen: 88064K->0K(175104K)] [ParOldGen: 515447K->498580K(524288K)] 603511K->498580K(699392K), [Metaspace: 43930K->43930K(1087488K)], 0.0699352 secs] [Times: user=0.74 sys=0.00, real=0.07 secs] 
2016-09-24T03:14:31.992-0400: 101.979: [Full GC (Ergonomics) [PSYoungGen: 88064K->0K(175104K)] [ParOldGen: 502743K->507368K(524288K)] 590807K->507368K(699392K), [Metaspace: 43930K->43930K(1087488K)], 0.0709669 secs] [Times: user=0.80 sys=0.00, real=0.08 secs] 
2016-09-24T03:14:32.114-0400: 102.101: [Full GC (Ergonomics) [PSYoungGen: 88064K->0K(175104K)] [ParOldGen: 507407K->502627K(524288K)] 595471K->502627K(699392K), [Metaspace: 43930K->43930K(1087488K)], 0.0533343 secs] [Times: user=0.53 sys=0.00, real=0.06 secs] 
2016-09-24T03:14:32.212-0400: 102.199: [Full GC (Ergonomics) [PSYoungGen: 88064K->0K(175104K)] [ParOldGen: 505431K->506045K(524288K)] 593495K->506045K(699392K), [Metaspace: 43930K->43930K(1087488K)], 0.0595566 secs] [Times: user=0.56 sys=0.00, real=0.06 secs] 
2016-09-24T03:14:32.335-0400: 102.322: [Full GC (Ergonomics) [PSYoungGen: 88064K->0K(175104K)] [ParOldGen: 508785K->504154K(524288K)] 596849K->504154K(699392K), [Metaspace: 43930K->43930K(1087488K)], 0.0545252 secs] [Times: user=0.54 sys=0.01, real=0.05 secs] 
2016-09-24T03:14:32.441-0400: 102.428: [Full GC (Ergonomics) [PSYoungGen: 88064K->0K(175104K)] [ParOldGen: 510970K->506497K(524288K)] 599034K->506497K(699392K), [Metaspace: 43930K->43930K(1087488K)], 0.0716984 secs] [Times: user=0.86 sys=0.00, real=0.07 secs] 
2016-09-24T03:14:32.564-0400: 102.551: [Full GC (Ergonomics) [PSYoungGen: 88064K->0K(175104K)] [ParOldGen: 513437K->500316K(524288K)] 601501K->500316K(699392K), [Metaspace: 43930K->43930K(1087488K)], 0.0877235 secs] [Times: user=1.10 sys=0.00, real=0.08 secs] 
2016-09-24T03:14:32.702-0400: 102.689: [Full GC (Ergonomics) [PSYoungGen: 88064K->0K(175104K)] [ParOldGen: 505778K->498399K(524288K)] 593842K->498399K(699392K), [Metaspace: 43930K->43930K(1087488K)], 0.0712701 secs] [Times: user=0.80 sys=0.00, real=0.07 secs] 
2016-09-24T03:14:32.826-0400: 102.813: [Full GC (Ergonomics) [PSYoungGen: 88064K->0K(175104K)] [ParOldGen: 505180K->499178K(524288K)] 593244K->499178K(699392K), [Metaspace: 43930K->43930K(1087488K)], 0.0512855 secs] [Times: user=0.54 sys=0.00, real=0.05 secs] 
2016-09-24T03:14:32.924-0400: 102.911: [Full GC (Ergonomics) [PSYoungGen: 88064K->0K(175104K)] [ParOldGen: 499354K->508064K(524288K)] 587418K->508064K(699392K), [Metaspace: 43930K->43930K(1087488K)], 0.0587424 secs] [Times: user=0.61 sys=0.00, real=0.06 secs] 
2016-09-24T03:14:33.036-0400: 103.023: [Full GC (Ergonomics) [PSYoungGen: 88064K->0K(175104K)] [ParOldGen: 514934K->511544K(524288K)] 602998K->511544K(699392K), [Metaspace: 43930K->43930K(1087488K)], 0.0604443 secs] [Times: user=0.56 sys=0.01, real=0.06 secs] 
2016-09-24T03:14:33.154-0400: 103.141: [Full GC (Ergonomics) [PSYoungGen: 88064K->0K(175104K)] [ParOldGen: 511667K->509572K(524288K)] 599731K->509572K(699392K), [Metaspace: 43930K->43930K(1087488K)], 0.0698850 secs] [Times: user=0.66 sys=0.01, real=0.08 secs] 
2016-09-24T03:14:33.276-0400: 103.263: [Full GC (Ergonomics) [PSYoungGen: 88064K->0K(175104K)] [ParOldGen: 509726K->510346K(524288K)] 597790K->510346K(699392K), [Metaspace: 43930K->43930K(1087488K)], 0.0682439 secs] [Times: user=0.78 sys=0.00, real=0.07 secs] 
2016-09-24T03:14:33.405-0400: 103.392: [Full GC (Ergonomics) [PSYoungGen: 88064K->0K(175104K)] [ParOldGen: 511716K->505771K(524288K)] 599780K->505771K(699392K), [Metaspace: 43930K->43930K(1087488K)], 0.0541471 secs] [Times: user=0.54 sys=0.00, real=0.05 secs] 
2016-09-24T03:14:33.520-0400: 103.507: [Full GC (Ergonomics) [PSYoungGen: 88064K->0K(175104K)] [ParOldGen: 511204K->503754K(524288K)] 599268K->503754K(699392K), [Metaspace: 43930K->43930K(1087488K)], 0.0662900 secs] [Times: user=0.70 sys=0.01, real=0.07 secs] 
2016-09-24T03:14:33.634-0400: 103.621: [Full GC (Ergonomics) [PSYoungGen: 88064K->0K(175104K)] [ParOldGen: 504910K->503450K(524288K)] 592974K->503450K(699392K), [Metaspace: 43930K->43930K(1087488K)], 0.0542353 secs] [Times: user=0.52 sys=0.00, real=0.05 secs] 
2016-09-24T03:14:33.748-0400: 103.735: [Full GC (Ergonomics) [PSYoungGen: 88064K->0K(175104K)] [ParOldGen: 506249K->500365K(524288K)] 594313K->500365K(699392K), [Metaspace: 43930K->43930K(1087488K)], 0.0729938 secs] [Times: user=0.72 sys=0.02, real=0.07 secs] 
2016-09-24T03:14:33.865-0400: 103.852: [Full GC (Ergonomics) [PSYoungGen: 88064K->0K(175104K)] [ParOldGen: 503304K->509377K(524288K)] 591368K->509377K(699392K), [Metaspace: 43930K->43930K(1087488K)], 0.0478639 secs] [Times: user=0.45 sys=0.00, real=0.04 secs] 
2016-09-24T03:14:33.962-0400: 103.949: [Full GC (Ergonomics) [PSYoungGen: 88064K->0K(175104K)] [ParOldGen: 509399K->510133K(524288K)] 597463K->510133K(699392K), [Metaspace: 43930K->43930K(1087488K)], 0.0538414 secs] [Times: user=0.51 sys=0.00, real=0.06 secs] 
2016-09-24T03:14:34.069-0400: 104.056: [Full GC (Ergonomics) [PSYoungGen: 88064K->0K(175104K)] [ParOldGen: 512904K->508195K(524288K)] 600968K->508195K(699392K), [Metaspace: 43930K->43930K(1087488K)], 0.0613424 secs] [Times: user=0.67 sys=0.00, real=0.06 secs] 
2016-09-24T03:14:34.179-0400: 104.166: [Full GC (Ergonomics) [PSYoungGen: 88064K->0K(175104K)] [ParOldGen: 510986K->509036K(524288K)] 599050K->509036K(699392K), [Metaspace: 43930K->43930K(1087488K)], 0.0545823 secs] [Times: user=0.55 sys=0.00, real=0.05 secs] 
2016-09-24T03:14:34.282-0400: 104.269: [Full GC (Ergonomics) [PSYoungGen: 88064K->0K(175104K)] [ParOldGen: 509230K->509663K(524288K)] 597294K->509663K(699392K), [Metaspace: 43930K->43930K(1087488K)], 0.0589475 secs] [Times: user=0.62 sys=0.00, real=0.05 secs] 
2016-09-24T03:14:34.384-0400: 104.371: [Full GC (Ergonomics) [PSYoungGen: 88064K->0K(175104K)] [ParOldGen: 512450K->518361K(524288K)] 600514K->518361K(699392K), [Metaspace: 43930K->43930K(1087488K)], 0.0616193 secs] [Times: user=0.66 sys=0.01, real=0.06 secs] 
2016-09-24T03:14:34.502-0400: 104.489: [Full GC (Ergonomics) [PSYoungGen: 87882K->0K(175104K)] [ParOldGen: 523761K->517615K(524288K)] 611643K->517615K(699392K), [Metaspace: 43930K->43930K(1087488K)], 0.0525199 secs] [Times: user=0.49 sys=0.01, real=0.06 secs] 
2016-09-24T03:14:34.603-0400: 104.590: [Full GC (Ergonomics) [PSYoungGen: 88064K->0K(175104K)] [ParOldGen: 523053K->516850K(524288K)] 611117K->516850K(699392K), [Metaspace: 43930K->43930K(1087488K)], 0.0737867 secs] [Times: user=0.79 sys=0.01, real=0.07 secs] 
2016-09-24T03:14:34.724-0400: 104.711: [Full GC (Ergonomics) [PSYoungGen: 88064K->0K(175104K)] [ParOldGen: 517045K->517477K(524288K)] 605109K->517477K(699392K), [Metaspace: 43930K->43930K(1087488K)], 0.0644607 secs] [Times: user=0.56 sys=0.01, real=0.06 secs] 
2016-09-24T03:14:34.845-0400: 104.832: [Full GC (Ergonomics) [PSYoungGen: 88064K->0K(175104K)] [ParOldGen: 524250K->518150K(524288K)] 612314K->518150K(699392K), [Metaspace: 43930K->43930K(1087488K)], 0.0717828 secs] [Times: user=0.84 sys=0.00, real=0.07 secs] 
2016-09-24T03:14:34.972-0400: 104.959: [Full GC (Ergonomics) [PSYoungGen: 88064K->0K(175104K)] [ParOldGen: 523682K->516121K(524288K)] 611746K->516121K(699392K), [Metaspace: 43930K->43930K(1087488K)], 0.0892171 secs] [Times: user=1.08 sys=0.01, real=0.09 secs] 
2016-09-24T03:14:35.111-0400: 105.098: [Full GC (Ergonomics) [PSYoungGen: 88064K->0K(175104K)] [ParOldGen: 516377K->513960K(524288K)] 604441K->513960K(699392K), [Metaspace: 43930K->43930K(1087488K)], 0.0757481 secs] [Times: user=0.89 sys=0.00, real=0.08 secs] 
2016-09-24T03:14:35.243-0400: 105.230: [Full GC (Ergonomics) [PSYoungGen: 88064K->0K(175104K)] [ParOldGen: 520735K->511996K(524288K)] 608799K->511996K(699392K), [Metaspace: 43930K->43930K(1087488K)], 0.0721819 secs] [Times: user=0.77 sys=0.01, real=0.07 secs] 
2016-09-24T03:14:35.365-0400: 105.352: [Full GC (Ergonomics) [PSYoungGen: 88064K->0K(175104K)] [ParOldGen: 521187K->511442K(524288K)] 609251K->511442K(699392K), [Metaspace: 43930K->43930K(1087488K)], 0.0497279 secs] [Times: user=0.46 sys=0.00, real=0.05 secs] 
2016-09-24T03:14:35.462-0400: 105.449: [Full GC (Ergonomics) [PSYoungGen: 88064K->0K(175104K)] [ParOldGen: 511522K->510603K(524288K)] 599586K->510603K(699392K), [Metaspace: 43930K->43930K(1087488K)], 0.0628320 secs] [Times: user=0.63 sys=0.01, real=0.06 secs] 
2016-09-24T03:14:35.579-0400: 105.566: [Full GC (Ergonomics) [PSYoungGen: 88064K->0K(175104K)] [ParOldGen: 520130K->511393K(524288K)] 608194K->511393K(699392K), [Metaspace: 43930K->43930K(1087488K)], 0.0507151 secs] [Times: user=0.45 sys=0.01, real=0.05 secs] 
2016-09-24T03:14:35.682-0400: 105.669: [Full GC (Ergonomics) [PSYoungGen: 88064K->0K(175104K)] [ParOldGen: 519503K->514823K(524288K)] 607567K->514823K(699392K), [Metaspace: 43930K->43930K(1087488K)], 0.0558544 secs] [Times: user=0.48 sys=0.01, real=0.06 secs] 
2016-09-24T03:14:35.787-0400: 105.774: [Full GC (Ergonomics) [PSYoungGen: 88064K->0K(175104K)] [ParOldGen: 521640K->515659K(524288K)] 609704K->515659K(699392K), [Metaspace: 43930K->43930K(1087488K)], 0.0682261 secs] [Times: user=0.76 sys=0.00, real=0.07 secs] 
2016-09-24T03:14:35.907-0400: 105.894: [Full GC (Ergonomics) [PSYoungGen: 88064K->0K(175104K)] [ParOldGen: 515777K->518886K(524288K)] 603841K->518886K(699392K), [Metaspace: 43930K->43930K(1087488K)], 0.0527550 secs] [Times: user=0.48 sys=0.00, real=0.05 secs] 
2016-09-24T03:14:36.020-0400: 106.007: [Full GC (Ergonomics) [PSYoungGen: 87960K->0K(175104K)] [ParOldGen: 522936K->514354K(524288K)] 610896K->514354K(699392K), [Metaspace: 43930K->43930K(1087488K)], 0.0642251 secs] [Times: user=0.60 sys=0.00, real=0.07 secs] 
2016-09-24T03:14:36.133-0400: 106.120: [Full GC (Ergonomics) [PSYoungGen: 88064K->0K(175104K)] [ParOldGen: 520045K->513685K(524288K)] 608109K->513685K(699392K), [Metaspace: 43930K->43930K(1087488K)], 0.0551819 secs] [Times: user=0.51 sys=0.01, real=0.06 secs] 
2016-09-24T03:14:36.241-0400: 106.228: [Full GC (Ergonomics) [PSYoungGen: 88064K->0K(175104K)] [ParOldGen: 517801K->511813K(524288K)] 605865K->511813K(699392K), [Metaspace: 43930K->43930K(1087488K)], 0.0534584 secs] [Times: user=0.52 sys=0.01, real=0.06 secs] 
2016-09-24T03:14:36.350-0400: 106.337: [Full GC (Ergonomics) [PSYoungGen: 88064K->2847K(175104K)] [ParOldGen: 524061K->521746K(524288K)] 612125K->524593K(699392K), [Metaspace: 43930K->43930K(1087488K)], 0.0583413 secs] [Times: user=0.57 sys=0.01, real=0.06 secs] 
2016-09-24T03:14:36.461-0400: 106.448: [Full GC (Ergonomics) [PSYoungGen: 86526K->0K(175104K)] [ParOldGen: 521746K->517097K(524288K)] 608272K->517097K(699392K), [Metaspace: 43930K->43930K(1087488K)], 0.0751635 secs] [Times: user=0.73 sys=0.00, real=0.08 secs] 
2016-09-24T03:14:36.587-0400: 106.574: [Full GC (Ergonomics) [PSYoungGen: 88064K->0K(175104K)] [ParOldGen: 522561K->523335K(524288K)] 610625K->523335K(699392K), [Metaspace: 43930K->43930K(1087488K)], 0.0722114 secs] [Times: user=0.78 sys=0.01, real=0.07 secs] 
2016-09-24T03:14:36.715-0400: 106.702: [Full GC (Ergonomics) [PSYoungGen: 88064K->0K(175104K)] [ParOldGen: 523406K->518528K(524288K)] 611470K->518528K(699392K), [Metaspace: 43930K->43930K(1087488K)], 0.0543749 secs] [Times: user=0.50 sys=0.01, real=0.05 secs] 
2016-09-24T03:14:36.827-0400: 106.814: [Full GC (Ergonomics) [PSYoungGen: 88064K->0K(175104K)] [ParOldGen: 523999K->519230K(524288K)] 612063K->519230K(699392K), [Metaspace: 43930K->43930K(1087488K)], 0.0562455 secs] [Times: user=0.57 sys=0.00, real=0.06 secs] 
2016-09-24T03:14:36.928-0400: 106.915: [Full GC (Ergonomics) [PSYoungGen: 87059K->0K(175104K)] [ParOldGen: 521930K->520040K(524288K)] 608989K->520040K(699392K), [Metaspace: 43930K->43930K(1087488K)], 0.0624022 secs] [Times: user=0.69 sys=0.00, real=0.06 secs] 
2016-09-24T03:14:37.038-0400: 107.024: [Full GC (Ergonomics) [PSYoungGen: 88064K->0K(175104K)] [ParOldGen: 524129K->520696K(524288K)] 612193K->520696K(699392K), [Metaspace: 43930K->43930K(1087488K)], 0.0716315 secs] [Times: user=0.81 sys=0.01, real=0.07 secs] 
2016-09-24T03:14:37.162-0400: 107.149: [Full GC (Ergonomics) [PSYoungGen: 88064K->0K(175104K)] [ParOldGen: 523487K->519162K(524288K)] 611551K->519162K(699392K), [Metaspace: 43930K->43930K(1087488K)], 0.0720028 secs] [Times: user=0.82 sys=0.00, real=0.07 secs] 
2016-09-24T03:14:37.283-0400: 107.270: [Full GC (Ergonomics) [PSYoungGen: 88064K->2701K(175104K)] [ParOldGen: 521942K->522379K(524288K)] 610006K->525080K(699392K), [Metaspace: 43930K->43930K(1087488K)], 0.1423856 secs] [Times: user=2.07 sys=0.01, real=0.14 secs] 
2016-09-24T03:14:37.480-0400: 107.467: [Full GC (Ergonomics) [PSYoungGen: 88064K->0K(175104K)] [ParOldGen: 522691K->516418K(524288K)] 610755K->516418K(699392K), [Metaspace: 43930K->43930K(1087488K)], 0.0710468 secs] [Times: user=0.82 sys=0.00, real=0.07 secs] 
2016-09-24T03:14:37.602-0400: 107.589: [Full GC (Ergonomics) [PSYoungGen: 88064K->0K(175104K)] [ParOldGen: 522477K->517160K(524288K)] 610541K->517160K(699392K), [Metaspace: 43930K->43930K(1087488K)], 0.0597681 secs] [Times: user=0.51 sys=0.01, real=0.06 secs] 
2016-09-24T03:14:37.719-0400: 107.706: [Full GC (Ergonomics) [PSYoungGen: 88064K->0K(175104K)] [ParOldGen: 522744K->516615K(524288K)] 610808K->516615K(699392K), [Metaspace: 43930K->43930K(1087488K)], 0.0766748 secs] [Times: user=0.87 sys=0.00, real=0.08 secs] 
2016-09-24T03:14:37.845-0400: 107.832: [Full GC (Ergonomics) [PSYoungGen: 88064K->0K(175104K)] [ParOldGen: 520357K->521339K(524288K)] 608421K->521339K(699392K), [Metaspace: 43930K->43930K(1087488K)], 0.0529341 secs] [Times: user=0.47 sys=0.01, real=0.05 secs] 
2016-09-24T03:14:37.951-0400: 107.938: [Full GC (Ergonomics) [PSYoungGen: 88064K->0K(175104K)] [ParOldGen: 521352K->523436K(524288K)] 609416K->523436K(699392K), [Metaspace: 43930K->43930K(1087488K)], 0.0540882 secs] [Times: user=0.46 sys=0.00, real=0.06 secs] 
2016-09-24T03:14:38.057-0400: 108.044: [Full GC (Ergonomics) [PSYoungGen: 87450K->0K(175104K)] [ParOldGen: 523436K->515044K(524288K)] 610886K->515044K(699392K), [Metaspace: 43930K->43930K(1087488K)], 0.0568156 secs] [Times: user=0.55 sys=0.01, real=0.05 secs] 
2016-09-24T03:14:38.167-0400: 108.154: [Full GC (Ergonomics) [PSYoungGen: 88064K->2720K(175104K)] [ParOldGen: 517989K->522102K(524288K)] 606053K->524822K(699392K), [Metaspace: 43930K->43930K(1087488K)], 0.0663024 secs] [Times: user=0.66 sys=0.01, real=0.06 secs] 
2016-09-24T03:14:38.291-0400: 108.278: [Full GC (Ergonomics) [PSYoungGen: 87462K->0K(175104K)] [ParOldGen: 523452K->520230K(524288K)] 610914K->520230K(699392K), [Metaspace: 43930K->43930K(1087488K)], 0.0595756 secs] [Times: user=0.53 sys=0.00, real=0.06 secs] 
2016-09-24T03:14:38.412-0400: 108.399: [Full GC (Ergonomics) [PSYoungGen: 88064K->2701K(175104K)] [ParOldGen: 523044K->524284K(524288K)] 611108K->526986K(699392K), [Metaspace: 43930K->43930K(1087488K)], 0.0793612 secs] [Times: user=0.83 sys=0.01, real=0.08 secs] 
2016-09-24T03:14:38.554-0400: 108.541: [Full GC (Ergonomics) [PSYoungGen: 88064K->0K(175104K)] [ParOldGen: 524285K->522351K(524288K)] 612349K->522351K(699392K), [Metaspace: 43930K->43930K(1087488K)], 0.0638092 secs] [Times: user=0.44 sys=0.01, real=0.07 secs] 
2016-09-24T03:14:38.667-0400: 108.654: [Full GC (Ergonomics) [PSYoungGen: 88064K->2701K(175104K)] [ParOldGen: 522424K->522535K(524288K)] 610488K->525236K(699392K), [Metaspace: 43930K->43930K(1087488K)], 0.1246402 secs] [Times: user=1.58 sys=0.00, real=0.12 secs] 
2016-09-24T03:14:38.848-0400: 108.835: [Full GC (Ergonomics) [PSYoungGen: 86971K->0K(175104K)] [ParOldGen: 523885K->523417K(524288K)] 610857K->523417K(699392K), [Metaspace: 43930K->43930K(1087488K)], 0.0779795 secs] [Times: user=0.72 sys=0.00, real=0.08 secs] 
2016-09-24T03:14:38.975-0400: 108.962: [Full GC (Ergonomics) [PSYoungGen: 87155K->0K(175104K)] [ParOldGen: 523417K->519893K(524288K)] 610573K->519893K(699392K), [Metaspace: 43930K->43930K(1087488K)], 0.0550241 secs] [Times: user=0.38 sys=0.01, real=0.05 secs] 
2016-09-24T03:14:39.086-0400: 109.073: [Full GC (Ergonomics) [PSYoungGen: 87301K->4051K(175104K)] [ParOldGen: 522594K->522114K(524288K)] 609895K->526165K(699392K), [Metaspace: 43930K->43930K(1087488K)], 0.0995759 secs] [Times: user=1.20 sys=0.02, real=0.10 secs] 
2016-09-24T03:14:39.246-0400: 109.233: [Full GC (Ergonomics) [PSYoungGen: 88063K->5401K(175104K)] [ParOldGen: 522247K->523865K(524288K)] 610311K->529267K(699392K), [Metaspace: 43930K->43930K(1087488K)], 0.1272808 secs] [Times: user=1.77 sys=0.01, real=0.12 secs] 
2016-09-24T03:14:39.438-0400: 109.425: [Full GC (Ergonomics) [PSYoungGen: 88064K->0K(175104K)] [ParOldGen: 524286K->523302K(524288K)] 612350K->523302K(699392K), [Metaspace: 43930K->43930K(1087488K)], 0.0636348 secs] [Times: user=0.63 sys=0.01, real=0.06 secs] 
2016-09-24T03:14:39.568-0400: 109.555: [Full GC (Ergonomics) [PSYoungGen: 86732K->0K(175104K)] [ParOldGen: 523302K->522478K(524288K)] 610034K->522478K(699392K), [Metaspace: 43930K->43930K(1087488K)], 0.0637963 secs] [Times: user=0.46 sys=0.02, real=0.06 secs] 
2016-09-24T03:14:39.679-0400: 109.666: [Full GC (Ergonomics) [PSYoungGen: 88064K->0K(175104K)] [ParOldGen: 522588K->485434K(524288K)] 610652K->485434K(699392K), [Metaspace: 43930K->43930K(1087488K)], 0.0538029 secs] [Times: user=0.43 sys=0.00, real=0.05 secs] 
2016-09-24T03:14:39.788-0400: 109.775: [GC (GCLocker Initiated GC) [PSYoungGen: 88064K->73676K(175104K)] 575026K->560639K(699392K), 0.0129876 secs] [Times: user=0.18 sys=0.00, real=0.01 secs] 
2016-09-24T03:14:39.868-0400: 109.855: [Full GC (Ergonomics) [PSYoungGen: 161740K->0K(175104K)] [ParOldGen: 491214K->489861K(524288K)] 652955K->489861K(699392K), [Metaspace: 43931K->43931K(1087488K)], 0.0621722 secs] [Times: user=0.55 sys=0.00, real=0.06 secs] 
2016-09-24T03:14:39.988-0400: 109.975: [Full GC (Ergonomics) [PSYoungGen: 88064K->0K(175104K)] [ParOldGen: 495504K->490589K(524288K)] 583568K->490589K(699392K), [Metaspace: 43931K->43931K(1087488K)], 0.0527047 secs] [Times: user=0.49 sys=0.01, real=0.05 secs] 
2016-09-24T03:14:40.089-0400: 110.076: [Full GC (Ergonomics) [PSYoungGen: 88064K->0K(175104K)] [ParOldGen: 496030K->491398K(524288K)] 584094K->491398K(699392K), [Metaspace: 43931K->43931K(1087488K)], 0.0637452 secs] [Times: user=0.57 sys=0.01, real=0.06 secs] 
2016-09-24T03:14:40.203-0400: 110.190: [Full GC (Ergonomics) [PSYoungGen: 88064K->0K(175104K)] [ParOldGen: 494152K->492220K(524288K)] 582216K->492220K(699392K), [Metaspace: 43935K->43935K(1087488K)], 0.0618900 secs] [Times: user=0.44 sys=0.00, real=0.06 secs] 
2016-09-24T03:14:40.320-0400: 110.307: [Full GC (Ergonomics) [PSYoungGen: 88064K->0K(175104K)] [ParOldGen: 492589K->486261K(524288K)] 580653K->486261K(699392K), [Metaspace: 43935K->43935K(1087488K)], 0.0685868 secs] [Times: user=0.78 sys=0.01, real=0.07 secs] 
2016-09-24T03:14:40.453-0400: 110.440: [GC (GCLocker Initiated GC) [PSYoungGen: 88064K->74899K(175104K)] 577253K->564089K(699392K), 0.0115683 secs] [Times: user=0.17 sys=0.00, real=0.02 secs] 
2016-09-24T03:14:40.520-0400: 110.507: [GC (GCLocker Initiated GC) [PSYoungGen: 162963K->66224K(175104K)] 654948K->571885K(699392K), 0.0075102 secs] [Times: user=0.08 sys=0.01, real=0.01 secs] 
2016-09-24T03:14:40.527-0400: 110.514: [Full GC (Ergonomics) [PSYoungGen: 66224K->0K(175104K)] [ParOldGen: 505661K->491904K(524288K)] 571885K->491904K(699392K), [Metaspace: 43935K->43935K(1087488K)], 0.0710260 secs] [Times: user=0.49 sys=0.01, real=0.07 secs] 
2016-09-24T03:14:40.667-0400: 110.654: [Full GC (Ergonomics) [PSYoungGen: 88064K->0K(175104K)] [ParOldGen: 500089K->482880K(524288K)] 588153K->482880K(699392K), [Metaspace: 43935K->43935K(1087488K)], 0.0712931 secs] [Times: user=0.65 sys=0.00, real=0.07 secs] 
2016-09-24T03:14:40.796-0400: 110.783: [GC (GCLocker Initiated GC) [PSYoungGen: 88064K->61534K(175104K)] 573902K->547372K(699392K), 0.0133976 secs] [Times: user=0.14 sys=0.00, real=0.01 secs] 
2016-09-24T03:14:40.866-0400: 110.853: [GC (GCLocker Initiated GC) [PSYoungGen: 149598K->44339K(175104K)] 635481K->534591K(699392K), 0.0112989 secs] [Times: user=0.12 sys=0.00, real=0.01 secs] 
2016-09-24T03:14:40.934-0400: 110.921: [Full GC (Ergonomics) [PSYoungGen: 132403K->0K(175104K)] [ParOldGen: 495764K->493680K(524288K)] 628168K->493680K(699392K), [Metaspace: 43935K->43935K(1087488K)], 0.0563304 secs] [Times: user=0.44 sys=0.01, real=0.06 secs] 
2016-09-24T03:14:41.045-0400: 111.032: [GC (GCLocker Initiated GC) [PSYoungGen: 88064K->61406K(175104K)] 582194K->555537K(699392K), 0.0091357 secs] [Times: user=0.10 sys=0.02, real=0.01 secs] 
2016-09-24T03:14:41.114-0400: 111.100: [Full GC (Ergonomics) [PSYoungGen: 149470K->0K(175104K)] [ParOldGen: 499585K->495029K(524288K)] 649056K->495029K(699392K), [Metaspace: 43935K->43935K(1087488K)], 0.0649699 secs] [Times: user=0.54 sys=0.00, real=0.07 secs] 
2016-09-24T03:14:41.233-0400: 111.220: [Full GC (Ergonomics) [PSYoungGen: 88064K->0K(175104K)] [ParOldGen: 497873K->498526K(524288K)] 585937K->498526K(699392K), [Metaspace: 43937K->43937K(1087488K)], 0.0700622 secs] [Times: user=0.73 sys=0.00, real=0.08 secs] 
2016-09-24T03:14:41.364-0400: 111.351: [Full GC (Ergonomics) [PSYoungGen: 88064K->0K(175104K)] [ParOldGen: 501386K->499262K(524288K)] 589450K->499262K(699392K), [Metaspace: 43937K->43937K(1087488K)], 0.0683326 secs] [Times: user=0.74 sys=0.01, real=0.06 secs] 
2016-09-24T03:14:41.487-0400: 111.474: [Full GC (Ergonomics) [PSYoungGen: 88064K->0K(175104K)] [ParOldGen: 499347K->494582K(524288K)] 587411K->494582K(699392K), [Metaspace: 43937K->43937K(1087488K)], 0.0545481 secs] [Times: user=0.50 sys=0.01, real=0.05 secs] 
2016-09-24T03:14:41.606-0400: 111.593: [Full GC (Ergonomics) [PSYoungGen: 88064K->0K(175104K)] [ParOldGen: 504274K->503566K(524288K)] 592338K->503566K(699392K), [Metaspace: 43937K->43937K(1087488K)], 0.0725634 secs] [Times: user=0.69 sys=0.00, real=0.07 secs] 
2016-09-24T03:14:41.739-0400: 111.726: [Full GC (Ergonomics) [PSYoungGen: 88064K->0K(175104K)] [ParOldGen: 507728K->501697K(524288K)] 595792K->501697K(699392K), [Metaspace: 43937K->43937K(1087488K)], 0.0677207 secs] [Times: user=0.63 sys=0.01, real=0.07 secs] 
2016-09-24T03:14:41.876-0400: 111.863: [Full GC (Ergonomics) [PSYoungGen: 88064K->0K(175104K)] [ParOldGen: 504455K->499761K(524288K)] 592519K->499761K(699392K), [Metaspace: 43937K->43937K(1087488K)], 0.0696454 secs] [Times: user=0.48 sys=0.01, real=0.07 secs] 
2016-09-24T03:14:42.009-0400: 111.996: [Full GC (Ergonomics) [PSYoungGen: 88064K->0K(175104K)] [ParOldGen: 502631K->497849K(524288K)] 590695K->497849K(699392K), [Metaspace: 43937K->43937K(1087488K)], 0.0817846 secs] [Times: user=0.79 sys=0.01, real=0.08 secs] 
2016-09-24T03:14:42.154-0400: 112.141: [Full GC (Ergonomics) [PSYoungGen: 88064K->0K(175104K)] [ParOldGen: 498265K->489585K(524288K)] 586329K->489585K(699392K), [Metaspace: 43937K->43937K(1087488K)], 0.0991684 secs] [Times: user=0.73 sys=0.00, real=0.10 secs] 
2016-09-24T03:14:42.315-0400: 112.302: [Full GC (Ergonomics) [PSYoungGen: 88064K->0K(175104K)] [ParOldGen: 508812K->498419K(524288K)] 596876K->498419K(699392K), [Metaspace: 43937K->43937K(1087488K)], 0.1736228 secs] [Times: user=2.37 sys=0.01, real=0.17 secs] 
2016-09-24T03:14:42.558-0400: 112.545: [Full GC (Ergonomics) [PSYoungGen: 88064K->0K(175104K)] [ParOldGen: 502279K->500741K(524288K)] 590343K->500741K(699392K), [Metaspace: 43937K->43937K(1087488K)], 0.0617913 secs] [Times: user=0.52 sys=0.00, real=0.06 secs] 
2016-09-24T03:14:42.687-0400: 112.674: [Full GC (Ergonomics) [PSYoungGen: 88064K->0K(175104K)] [ParOldGen: 501386K->496068K(524288K)] 589450K->496068K(699392K), [Metaspace: 43937K->43937K(1087488K)], 0.0527661 secs] [Times: user=0.41 sys=0.00, real=0.05 secs] 
2016-09-24T03:14:42.802-0400: 112.789: [Full GC (Ergonomics) [PSYoungGen: 88064K->0K(175104K)] [ParOldGen: 505646K->500815K(524288K)] 593710K->500815K(699392K), [Metaspace: 43937K->43937K(1087488K)], 0.0549375 secs] [Times: user=0.38 sys=0.03, real=0.06 secs] 
2016-09-24T03:14:42.936-0400: 112.923: [Full GC (Ergonomics) [PSYoungGen: 88064K->0K(175104K)] [ParOldGen: 513179K->507120K(524288K)] 601243K->507120K(699392K), [Metaspace: 43937K->43937K(1087488K)], 0.0578573 secs] [Times: user=0.53 sys=0.00, real=0.05 secs] 
2016-09-24T03:14:43.057-0400: 113.044: [Full GC (Ergonomics) [PSYoungGen: 88064K->0K(175104K)] [ParOldGen: 507140K->499933K(524288K)] 595204K->499933K(699392K), [Metaspace: 43937K->43937K(1087488K)], 0.0572763 secs] [Times: user=0.57 sys=0.01, real=0.06 secs] 
2016-09-24T03:14:43.180-0400: 113.167: [Full GC (Ergonomics) [PSYoungGen: 88064K->0K(175104K)] [ParOldGen: 505437K->500718K(524288K)] 593501K->500718K(699392K), [Metaspace: 43937K->43937K(1087488K)], 0.0543397 secs] [Times: user=0.48 sys=0.00, real=0.06 secs] 
2016-09-24T03:14:43.293-0400: 113.280: [Full GC (Ergonomics) [PSYoungGen: 88064K->0K(175104K)] [ParOldGen: 504811K->501508K(524288K)] 592875K->501508K(699392K), [Metaspace: 43937K->43937K(1087488K)], 0.0611369 secs] [Times: user=0.59 sys=0.00, real=0.06 secs] 
2016-09-24T03:14:43.405-0400: 113.392: [Full GC (Ergonomics) [PSYoungGen: 88064K->0K(175104K)] [ParOldGen: 504434K->507707K(524288K)] 592498K->507707K(699392K), [Metaspace: 43937K->43937K(1087488K)], 0.0516012 secs] [Times: user=0.39 sys=0.00, real=0.05 secs] 
2016-09-24T03:14:43.513-0400: 113.499: [Full GC (Ergonomics) [PSYoungGen: 88064K->0K(175104K)] [ParOldGen: 513237K->505831K(524288K)] 601301K->505831K(699392K), [Metaspace: 43937K->43937K(1087488K)], 0.0919531 secs] [Times: user=0.91 sys=0.01, real=0.10 secs] 
2016-09-24T03:14:43.663-0400: 113.650: [Full GC (Ergonomics) [PSYoungGen: 88064K->0K(175104K)] [ParOldGen: 511318K->503858K(524288K)] 599382K->503858K(699392K), [Metaspace: 43937K->43937K(1087488K)], 0.0683015 secs] [Times: user=0.60 sys=0.01, real=0.06 secs] 
2016-09-24T03:14:43.791-0400: 113.778: [Full GC (Ergonomics) [PSYoungGen: 88064K->0K(175104K)] [ParOldGen: 509320K->507424K(524288K)] 597384K->507424K(699392K), [Metaspace: 43937K->43937K(1087488K)], 0.0640823 secs] [Times: user=0.54 sys=0.00, real=0.07 secs] 
2016-09-24T03:14:43.914-0400: 113.901: [Full GC (Ergonomics) [PSYoungGen: 86833K->0K(175104K)] [ParOldGen: 510124K->505473K(524288K)] 596958K->505473K(699392K), [Metaspace: 43937K->43937K(1087488K)], 0.0581407 secs] [Times: user=0.48 sys=0.01, real=0.06 secs] 
2016-09-24T03:14:44.036-0400: 114.023: [Full GC (Ergonomics) [PSYoungGen: 88064K->0K(175104K)] [ParOldGen: 512737K->505105K(524288K)] 600801K->505105K(699392K), [Metaspace: 43937K->43937K(1087488K)], 0.0679743 secs] [Times: user=0.43 sys=0.00, real=0.07 secs] 
2016-09-24T03:14:44.158-0400: 114.145: [Full GC (Ergonomics) [PSYoungGen: 88064K->0K(175104K)] [ParOldGen: 506053K->505788K(524288K)] 594117K->505788K(699392K), [Metaspace: 43937K->43937K(1087488K)], 0.0543219 secs] [Times: user=0.40 sys=0.00, real=0.05 secs] 
2016-09-24T03:14:44.282-0400: 114.269: [Full GC (Ergonomics) [PSYoungGen: 88064K->0K(175104K)] [ParOldGen: 515435K->515849K(524288K)] 603499K->515849K(699392K), [Metaspace: 43937K->43937K(1087488K)], 0.0560169 secs] [Times: user=0.47 sys=0.00, real=0.06 secs] 
2016-09-24T03:14:44.400-0400: 114.387: [Full GC (Ergonomics) [PSYoungGen: 88064K->0K(175104K)] [ParOldGen: 521307K->511145K(524288K)] 609371K->511145K(699392K), [Metaspace: 43944K->43944K(1087488K)], 0.0634512 secs] [Times: user=0.62 sys=0.00, real=0.07 secs] 
2016-09-24T03:14:44.513-0400: 114.500: [Full GC (Ergonomics) [PSYoungGen: 88064K->0K(175104K)] [ParOldGen: 513874K->509232K(524288K)] 601938K->509232K(699392K), [Metaspace: 43944K->43944K(1087488K)], 0.0556239 secs] [Times: user=0.57 sys=0.00, real=0.06 secs] 
2016-09-24T03:14:44.621-0400: 114.608: [Full GC (Ergonomics) [PSYoungGen: 88064K->0K(175104K)] [ParOldGen: 514877K->512764K(524288K)] 602941K->512764K(699392K), [Metaspace: 43944K->43944K(1087488K)], 0.0617586 secs] [Times: user=0.69 sys=0.00, real=0.07 secs] 
2016-09-24T03:14:44.732-0400: 114.719: [Full GC (Ergonomics) [PSYoungGen: 88064K->0K(175104K)] [ParOldGen: 515717K->518938K(524288K)] 603781K->518938K(699392K), [Metaspace: 43944K->43944K(1087488K)], 0.0536706 secs] [Times: user=0.54 sys=0.01, real=0.06 secs] 
2016-09-24T03:14:44.839-0400: 114.826: [Full GC (Ergonomics) [PSYoungGen: 88064K->0K(175104K)] [ParOldGen: 521638K->514272K(524288K)] 609702K->514272K(699392K), [Metaspace: 43944K->43944K(1087488K)], 0.0732453 secs] [Times: user=0.77 sys=0.00, real=0.07 secs] 
2016-09-24T03:14:48.275-0400: 118.262: [Full GC (Ergonomics) [PSYoungGen: 88041K->0K(175104K)] [ParOldGen: 514272K->412720K(524288K)] 602313K->412720K(699392K), [Metaspace: 43984K->43980K(1087488K)], 0.2325636 secs] [Times: user=2.22 sys=0.04, real=0.23 secs] 
2016-09-24T03:14:54.132-0400: 124.119: [GC (Allocation Failure) [PSYoungGen: 88064K->21957K(175104K)] 500784K->434677K(699392K), 0.0082654 secs] [Times: user=0.07 sys=0.00, real=0.01 secs] 
2016-09-24T03:14:59.689-0400: 129.676: [GC (Allocation Failure) [PSYoungGen: 110021K->22725K(175104K)] 522741K->457106K(699392K), 0.0092031 secs] [Times: user=0.06 sys=0.00, real=0.01 secs] 
2016-09-24T03:15:05.304-0400: 135.291: [GC (Allocation Failure) [PSYoungGen: 110789K->23141K(175104K)] 545170K->480008K(699392K), 0.0102027 secs] [Times: user=0.06 sys=0.00, real=0.01 secs] 
2016-09-24T03:15:10.531-0400: 140.518: [GC (Allocation Failure) [PSYoungGen: 111205K->21829K(175104K)] 568072K->501541K(699392K), 0.0084943 secs] [Times: user=0.06 sys=0.01, real=0.01 secs] 
