Java HotSpot(TM) 64-Bit Server VM (25.101-b13) for linux-amd64 JRE (1.8.0_101-b13), built on Jun 22 2016 02:59:44 by "java_re" with gcc 4.3.0 20080428 (Red Hat 4.3.0-8)
Memory: 4k page, physical 264122320k(100368020k free), swap 268399612k(268399612k free)
CommandLine flags: -XX:GCLogFileSize=1048576 -XX:+HeapDumpOnOutOfMemoryError -XX:HeapDumpPath=artifacts/heapdump -XX:InitialHeapSize=805306368 -XX:MaxHeapSize=805306368 -XX:NumberOfGCLogFiles=10 -XX:+PrintGC -XX:+PrintGCDateStamps -XX:+PrintGCDetails -XX:+PrintGCTimeStamps -XX:+UseCompressedClassPointers -XX:+UseCompressedOops -XX:+UseGCLogFileRotation -XX:+UseParallelGC 
2016-09-25T21:33:52.977-0400: 2.210: [GC (Metadata GC Threshold) [PSYoungGen: 121898K->15452K(229376K)] 121898K->15540K(753664K), 0.0267244 secs] [Times: user=0.10 sys=0.02, real=0.03 secs] 
2016-09-25T21:33:53.004-0400: 2.237: [Full GC (Metadata GC Threshold) [PSYoungGen: 15452K->0K(229376K)] [ParOldGen: 88K->14602K(349696K)] 15540K->14602K(579072K), [Metaspace: 21074K->21074K(1067008K)], 0.0612775 secs] [Times: user=0.37 sys=0.00, real=0.06 secs] 
2016-09-25T21:33:54.846-0400: 4.079: [GC (Metadata GC Threshold) [PSYoungGen: 125206K->14945K(229376K)] 139808K->29683K(579072K), 0.0214149 secs] [Times: user=0.18 sys=0.02, real=0.02 secs] 
2016-09-25T21:33:54.868-0400: 4.101: [Full GC (Metadata GC Threshold) [PSYoungGen: 14945K->0K(229376K)] [ParOldGen: 14738K->20412K(524288K)] 29683K->20412K(753664K), [Metaspace: 34973K->34973K(1079296K)], 0.0746583 secs] [Times: user=0.71 sys=0.01, real=0.08 secs] 
2016-09-25T21:33:56.510-0400: 5.744: [GC (GCLocker Initiated GC) [PSYoungGen: 196608K->32752K(229376K)] 217024K->88367K(753664K), 0.0188419 secs] [Times: user=0.24 sys=0.03, real=0.02 secs] 
2016-09-25T21:33:56.725-0400: 5.958: [GC (GCLocker Initiated GC) [PSYoungGen: 229360K->30905K(229376K)] 287849K->89402K(753664K), 0.0075037 secs] [Times: user=0.07 sys=0.00, real=0.00 secs] 
2016-09-25T21:33:56.865-0400: 6.098: [GC (GCLocker Initiated GC) [PSYoungGen: 227513K->27171K(224256K)] 294279K->93945K(748544K), 0.0080404 secs] [Times: user=0.11 sys=0.00, real=0.00 secs] 
2016-09-25T21:33:57.001-0400: 6.234: [GC (GCLocker Initiated GC) [PSYoungGen: 223779K->25963K(193536K)] 296090K->98282K(717824K), 0.0157840 secs] [Times: user=0.21 sys=0.01, real=0.02 secs] 
2016-09-25T21:33:57.128-0400: 6.361: [GC (GCLocker Initiated GC) [PSYoungGen: 181611K->51991K(207872K)] 263521K->142009K(732160K), 0.0097741 secs] [Times: user=0.13 sys=0.00, real=0.01 secs] 
2016-09-25T21:33:57.233-0400: 6.466: [GC (GCLocker Initiated GC) [PSYoungGen: 207639K->54261K(161792K)] 300390K->171718K(686080K), 0.0085135 secs] [Times: user=0.10 sys=0.03, real=0.01 secs] 
2016-09-25T21:33:57.313-0400: 6.546: [GC (Allocation Failure) [PSYoungGen: 161781K->75941K(183808K)] 283107K->203230K(708096K), 0.0124356 secs] [Times: user=0.15 sys=0.03, real=0.02 secs] 
2016-09-25T21:33:57.384-0400: 6.617: [GC (GCLocker Initiated GC) [PSYoungGen: 183461K->64569K(166400K)] 310754K->205959K(690688K), 0.0080243 secs] [Times: user=0.09 sys=0.02, real=0.00 secs] 
2016-09-25T21:33:57.442-0400: 6.675: [GC (GCLocker Initiated GC) [PSYoungGen: 152633K->26524K(175104K)] 296871K->203653K(699392K), 0.0061786 secs] [Times: user=0.08 sys=0.00, real=0.01 secs] 
2016-09-25T21:33:57.507-0400: 6.740: [GC (GCLocker Initiated GC) [PSYoungGen: 114588K->54825K(175104K)] 291872K->240554K(699392K), 0.0347012 secs] [Times: user=0.43 sys=0.01, real=0.03 secs] 
2016-09-25T21:33:57.618-0400: 6.851: [GC (GCLocker Initiated GC) [PSYoungGen: 142889K->30150K(175104K)] 332699K->236461K(699392K), 0.0092580 secs] [Times: user=0.08 sys=0.01, real=0.01 secs] 
2016-09-25T21:33:57.700-0400: 6.934: [GC (GCLocker Initiated GC) [PSYoungGen: 118214K->30353K(172032K)] 332637K->253089K(696320K), 0.0102257 secs] [Times: user=0.09 sys=0.01, real=0.01 secs] 
2016-09-25T21:33:57.770-0400: 7.003: [GC (GCLocker Initiated GC) [PSYoungGen: 118417K->52028K(173568K)] 341222K->275128K(697856K), 0.0158714 secs] [Times: user=0.19 sys=0.01, real=0.02 secs] 
2016-09-25T21:33:57.849-0400: 7.083: [GC (GCLocker Initiated GC) [PSYoungGen: 140092K->44084K(168960K)] 364623K->268944K(693248K), 0.0116505 secs] [Times: user=0.13 sys=0.00, real=0.01 secs] 
2016-09-25T21:33:57.926-0400: 7.160: [GC (GCLocker Initiated GC) [PSYoungGen: 135732K->44052K(173056K)] 366214K->285738K(697344K), 0.0057341 secs] [Times: user=0.05 sys=0.01, real=0.00 secs] 
2016-09-25T21:33:58.000-0400: 7.233: [GC (GCLocker Initiated GC) [PSYoungGen: 135700K->39892K(174080K)] 380106K->286012K(698368K), 0.0112477 secs] [Times: user=0.09 sys=0.01, real=0.01 secs] 
2016-09-25T21:33:58.080-0400: 7.314: [GC (GCLocker Initiated GC) [PSYoungGen: 142804K->68398K(177664K)] 388980K->314957K(701952K), 0.0112989 secs] [Times: user=0.16 sys=0.00, real=0.01 secs] 
2016-09-25T21:33:58.166-0400: 7.399: [GC (GCLocker Initiated GC) [PSYoungGen: 171310K->46720K(183808K)] 417880K->320755K(708096K), 0.0077223 secs] [Times: user=0.06 sys=0.02, real=0.00 secs] 
2016-09-25T21:33:58.241-0400: 7.474: [GC (GCLocker Initiated GC) [PSYoungGen: 149120K->54865K(180736K)] 425895K->332044K(705024K), 0.0086651 secs] [Times: user=0.09 sys=0.01, real=0.01 secs] 
2016-09-25T21:33:58.316-0400: 7.549: [GC (GCLocker Initiated GC) [PSYoungGen: 157265K->57630K(179712K)] 437171K->348768K(704000K), 0.0059882 secs] [Times: user=0.07 sys=0.02, real=0.01 secs] 
2016-09-25T21:33:58.395-0400: 7.628: [GC (GCLocker Initiated GC) [PSYoungGen: 159006K->26483K(180736K)] 459718K->335698K(705024K), 0.0063654 secs] [Times: user=0.03 sys=0.01, real=0.00 secs] 
2016-09-25T21:33:58.474-0400: 7.708: [GC (GCLocker Initiated GC) [PSYoungGen: 127859K->49561K(179200K)] 446604K->368740K(703488K), 0.0051278 secs] [Times: user=0.04 sys=0.00, real=0.00 secs] 
2016-09-25T21:33:58.544-0400: 7.777: [GC (GCLocker Initiated GC) [PSYoungGen: 152473K->53552K(180736K)] 471797K->392249K(705024K), 0.0102882 secs] [Times: user=0.10 sys=0.04, real=0.01 secs] 
2016-09-25T21:33:58.619-0400: 7.852: [GC (GCLocker Initiated GC) [PSYoungGen: 156464K->48051K(179200K)] 495194K->400639K(703488K), 0.0074120 secs] [Times: user=0.06 sys=0.00, real=0.01 secs] 
2016-09-25T21:33:58.699-0400: 7.932: [GC (GCLocker Initiated GC) [PSYoungGen: 154547K->33439K(181760K)] 515269K->413519K(706048K), 0.0059368 secs] [Times: user=0.03 sys=0.04, real=0.01 secs] 
2016-09-25T21:33:58.776-0400: 8.009: [GC (GCLocker Initiated GC) [PSYoungGen: 139935K->48276K(182272K)] 524111K->432940K(706560K), 0.0051187 secs] [Times: user=0.07 sys=0.00, real=0.00 secs] 
2016-09-25T21:33:58.858-0400: 8.092: [GC (GCLocker Initiated GC) [PSYoungGen: 160404K->46813K(184832K)] 550545K->437412K(709120K), 0.0094868 secs] [Times: user=0.12 sys=0.00, real=0.01 secs] 
2016-09-25T21:33:58.944-0400: 8.177: [GC (GCLocker Initiated GC) [PSYoungGen: 158941K->31993K(187904K)] 556764K->430249K(712192K), 0.0070150 secs] [Times: user=0.09 sys=0.00, real=0.00 secs] 
2016-09-25T21:33:59.067-0400: 8.300: [GC (GCLocker Initiated GC) [PSYoungGen: 150777K->38825K(188928K)] 557172K->445676K(713216K), 0.0064265 secs] [Times: user=0.08 sys=0.00, real=0.00 secs] 
2016-09-25T21:33:59.148-0400: 8.382: [GC (GCLocker Initiated GC) [PSYoungGen: 157609K->38807K(189440K)] 570097K->476144K(713728K), 0.0058946 secs] [Times: user=0.07 sys=0.02, real=0.01 secs] 
2016-09-25T21:33:59.241-0400: 8.474: [GC (GCLocker Initiated GC) [PSYoungGen: 162199K->56357K(190464K)] 602304K->496981K(714752K), 0.0056493 secs] [Times: user=0.04 sys=0.03, real=0.01 secs] 
2016-09-25T21:33:59.322-0400: 8.555: [GC (GCLocker Initiated GC) [PSYoungGen: 179749K->63075K(184320K)] 625854K->520467K(708608K), 0.0065863 secs] [Times: user=0.09 sys=0.01, real=0.00 secs] 
2016-09-25T21:33:59.402-0400: 8.635: [GC (GCLocker Initiated GC) [PSYoungGen: 177763K->56294K(171008K)] 640591K->538533K(695296K), 0.0071635 secs] [Times: user=0.10 sys=0.00, real=0.01 secs] 
2016-09-25T21:33:59.477-0400: 8.710: [GC (GCLocker Initiated GC) [PSYoungGen: 170982K->44098K(189440K)] 655956K->545760K(713728K), 0.0069999 secs] [Times: user=0.05 sys=0.03, real=0.01 secs] 
2016-09-25T21:33:59.484-0400: 8.717: [Full GC (Ergonomics) [PSYoungGen: 44098K->0K(189440K)] [ParOldGen: 501661K->45706K(524288K)] 545760K->45706K(713728K), [Metaspace: 42985K->42985K(1085440K)], 0.1813573 secs] [Times: user=2.32 sys=0.02, real=0.18 secs] 
2016-09-25T21:33:59.738-0400: 8.971: [GC (GCLocker Initiated GC) [PSYoungGen: 114688K->47099K(161792K)] 176639K->109058K(686080K), 0.0062314 secs] [Times: user=0.06 sys=0.00, real=0.01 secs] 
2016-09-25T21:33:59.826-0400: 9.059: [GC (GCLocker Initiated GC) [PSYoungGen: 161787K->45479K(186880K)] 226555K->132582K(711168K), 0.0057299 secs] [Times: user=0.07 sys=0.00, real=0.00 secs] 
2016-09-25T21:33:59.903-0400: 9.136: [GC (GCLocker Initiated GC) [PSYoungGen: 162215K->57739K(184832K)] 252093K->148074K(709120K), 0.0056756 secs] [Times: user=0.06 sys=0.00, real=0.00 secs] 
2016-09-25T21:34:00.000-0400: 9.233: [GC (GCLocker Initiated GC) [PSYoungGen: 174475K->41553K(193024K)] 278349K->145906K(717312K), 0.0052319 secs] [Times: user=0.06 sys=0.00, real=0.01 secs] 
2016-09-25T21:34:00.087-0400: 9.320: [GC (GCLocker Initiated GC) [PSYoungGen: 164433K->56248K(192000K)] 268844K->161167K(716288K), 0.0086789 secs] [Times: user=0.10 sys=0.00, real=0.01 secs] 
2016-09-25T21:34:00.164-0400: 9.397: [GC (GCLocker Initiated GC) [PSYoungGen: 179128K->44176K(190976K)] 288903K->170616K(715264K), 0.0062387 secs] [Times: user=0.07 sys=0.00, real=0.00 secs] 
2016-09-25T21:34:00.264-0400: 9.497: [GC (GCLocker Initiated GC) [PSYoungGen: 167056K->40125K(191488K)] 301791K->191588K(715776K), 0.0074521 secs] [Times: user=0.10 sys=0.00, real=0.00 secs] 
2016-09-25T21:34:00.362-0400: 9.595: [GC (GCLocker Initiated GC) [PSYoungGen: 163005K->57785K(190976K)] 326703K->221969K(715264K), 0.0055420 secs] [Times: user=0.07 sys=0.00, real=0.00 secs] 
2016-09-25T21:34:00.448-0400: 9.681: [GC (GCLocker Initiated GC) [PSYoungGen: 180665K->42793K(192512K)] 348928K->233181K(716800K), 0.0056034 secs] [Times: user=0.06 sys=0.00, real=0.00 secs] 
2016-09-25T21:34:00.531-0400: 9.764: [GC (GCLocker Initiated GC) [PSYoungGen: 165673K->42793K(189952K)] 361464K->239047K(714240K), 0.0245397 secs] [Times: user=0.30 sys=0.00, real=0.03 secs] 
2016-09-25T21:34:00.639-0400: 9.873: [GC (GCLocker Initiated GC) [PSYoungGen: 166697K->56279K(191488K)] 362985K->253030K(715776K), 0.0060648 secs] [Times: user=0.06 sys=0.00, real=0.01 secs] 
2016-09-25T21:34:00.718-0400: 9.951: [GC (GCLocker Initiated GC) [PSYoungGen: 180183K->42889K(193536K)] 382363K->272533K(717824K), 0.0054884 secs] [Times: user=0.06 sys=0.01, real=0.01 secs] 
2016-09-25T21:34:00.798-0400: 10.032: [GC (GCLocker Initiated GC) [PSYoungGen: 168841K->60439K(186880K)] 398497K->304129K(711168K), 0.0066153 secs] [Times: user=0.09 sys=0.00, real=0.01 secs] 
2016-09-25T21:34:00.894-0400: 10.127: [GC (GCLocker Initiated GC) [PSYoungGen: 186391K->61757K(185856K)] 430118K->314102K(710144K), 0.0069514 secs] [Times: user=0.09 sys=0.00, real=0.01 secs] 
2016-09-25T21:34:00.969-0400: 10.202: [GC (GCLocker Initiated GC) [PSYoungGen: 177469K->59057K(175104K)] 432552K->330811K(699392K), 0.0058761 secs] [Times: user=0.08 sys=0.00, real=0.01 secs] 
2016-09-25T21:34:01.056-0400: 10.289: [GC (GCLocker Initiated GC) [PSYoungGen: 174769K->53483K(189440K)] 446767K->325937K(713728K), 0.0227051 secs] [Times: user=0.33 sys=0.00, real=0.02 secs] 
2016-09-25T21:34:01.142-0400: 10.375: [GC (GCLocker Initiated GC) [PSYoungGen: 168683K->52339K(167936K)] 452141K->336254K(692224K), 0.0059646 secs] [Times: user=0.07 sys=0.00, real=0.00 secs] 
2016-09-25T21:34:01.238-0400: 10.471: [GC (GCLocker Initiated GC) [PSYoungGen: 167539K->33265K(185344K)] 459712K->325949K(709632K), 0.0045384 secs] [Times: user=0.04 sys=0.00, real=0.01 secs] 
2016-09-25T21:34:01.320-0400: 10.553: [GC (GCLocker Initiated GC) [PSYoungGen: 147441K->42825K(186368K)] 445533K->341390K(710656K), 0.0048057 secs] [Times: user=0.06 sys=0.00, real=0.01 secs] 
2016-09-25T21:34:01.407-0400: 10.640: [GC (GCLocker Initiated GC) [PSYoungGen: 157001K->41314K(187904K)] 462383K->347151K(712192K), 0.0079105 secs] [Times: user=0.08 sys=0.02, real=0.01 secs] 
2016-09-25T21:34:01.485-0400: 10.718: [GC (GCLocker Initiated GC) [PSYoungGen: 160098K->42778K(188928K)] 465938K->368020K(713216K), 0.0056500 secs] [Times: user=0.08 sys=0.00, real=0.00 secs] 
2016-09-25T21:34:01.561-0400: 10.794: [GC (GCLocker Initiated GC) [PSYoungGen: 161562K->55007K(191488K)] 488205K->382050K(715776K), 0.0063204 secs] [Times: user=0.06 sys=0.01, real=0.01 secs] 
2016-09-25T21:34:01.633-0400: 10.866: [GC (GCLocker Initiated GC) [PSYoungGen: 177375K->56295K(192000K)] 504464K->397379K(716288K), 0.0059279 secs] [Times: user=0.07 sys=0.00, real=0.01 secs] 
2016-09-25T21:34:01.725-0400: 10.959: [GC (GCLocker Initiated GC) [PSYoungGen: 178663K->39996K(192000K)] 527925K->389699K(716288K), 0.0061167 secs] [Times: user=0.03 sys=0.00, real=0.00 secs] 
2016-09-25T21:34:01.807-0400: 11.040: [GC (GCLocker Initiated GC) [PSYoungGen: 162364K->29375K(152064K)] 512178K->393215K(676352K), 0.0120811 secs] [Times: user=0.14 sys=0.01, real=0.01 secs] 
2016-09-25T21:34:01.914-0400: 11.147: [GC (GCLocker Initiated GC) [PSYoungGen: 151743K->32070K(191488K)] 525265K->425002K(715776K), 0.0164474 secs] [Times: user=0.25 sys=0.02, real=0.02 secs] 
2016-09-25T21:34:02.016-0400: 11.249: [GC (GCLocker Initiated GC) [PSYoungGen: 152902K->44078K(165376K)] 545941K->437609K(689664K), 0.0105804 secs] [Times: user=0.12 sys=0.01, real=0.01 secs] 
2016-09-25T21:34:02.115-0400: 11.348: [GC (GCLocker Initiated GC) [PSYoungGen: 164910K->33342K(189952K)] 567761K->452863K(714240K), 0.0079209 secs] [Times: user=0.06 sys=0.00, real=0.01 secs] 
2016-09-25T21:34:02.215-0400: 11.448: [GC (GCLocker Initiated GC) [PSYoungGen: 154686K->36258K(189440K)] 581065K->463163K(713728K), 0.0070388 secs] [Times: user=0.09 sys=0.00, real=0.01 secs] 
2016-09-25T21:34:02.312-0400: 11.545: [GC (GCLocker Initiated GC) [PSYoungGen: 157602K->41507K(191488K)] 596713K->481129K(715776K), 0.0070519 secs] [Times: user=0.06 sys=0.00, real=0.01 secs] 
2016-09-25T21:34:02.412-0400: 11.645: [GC (GCLocker Initiated GC) [PSYoungGen: 168483K->46843K(192000K)] 608132K->500471K(716288K), 0.0201840 secs] [Times: user=0.28 sys=0.00, real=0.02 secs] 
2016-09-25T21:34:02.527-0400: 11.760: [GC (GCLocker Initiated GC) [PSYoungGen: 173819K->61789K(187904K)] 630180K->532145K(712192K), 0.0130321 secs] [Times: user=0.17 sys=0.03, real=0.01 secs] 
2016-09-25T21:34:02.641-0400: 11.874: [GC (GCLocker Initiated GC) [PSYoungGen: 185693K->46939K(193024K)] 658910K->534134K(717312K), 0.0111703 secs] [Times: user=0.15 sys=0.00, real=0.01 secs] 
2016-09-25T21:34:02.734-0400: 11.967: [GC (GCLocker Initiated GC) [PSYoungGen: 170843K->55039K(192000K)] 660984K->559207K(716288K), 0.0078942 secs] [Times: user=0.08 sys=0.01, real=0.01 secs] 
2016-09-25T21:34:02.742-0400: 11.975: [Full GC (Ergonomics) [PSYoungGen: 55039K->0K(192000K)] [ParOldGen: 504168K->64799K(524288K)] 559207K->64799K(716288K), [Metaspace: 43180K->43180K(1085440K)], 0.0794118 secs] [Times: user=0.37 sys=0.03, real=0.08 secs] 
2016-09-25T21:34:02.920-0400: 12.153: [GC (GCLocker Initiated GC) [PSYoungGen: 124928K->56421K(181760K)] 192472K->123965K(706048K), 0.0154997 secs] [Times: user=0.15 sys=0.00, real=0.02 secs] 
2016-09-25T21:34:03.053-0400: 12.286: [GC (GCLocker Initiated GC) [PSYoungGen: 181349K->28034K(189952K)] 257146K->136926K(714240K), 0.0085181 secs] [Times: user=0.07 sys=0.00, real=0.01 secs] 
2016-09-25T21:34:03.155-0400: 12.388: [GC (GCLocker Initiated GC) [PSYoungGen: 147842K->49369K(190976K)] 259442K->161485K(715264K), 0.0286092 secs] [Times: user=0.33 sys=0.00, real=0.03 secs] 
2016-09-25T21:34:03.288-0400: 12.521: [GC (GCLocker Initiated GC) [PSYoungGen: 169177K->37439K(188928K)] 292881K->161568K(713216K), 0.0064583 secs] [Times: user=0.06 sys=0.01, real=0.01 secs] 
2016-09-25T21:34:03.385-0400: 12.618: [GC (GCLocker Initiated GC) [PSYoungGen: 158271K->44143K(189952K)] 294713K->197334K(714240K), 0.0200454 secs] [Times: user=0.27 sys=0.00, real=0.02 secs] 
2016-09-25T21:34:03.507-0400: 12.740: [GC (GCLocker Initiated GC) [PSYoungGen: 164975K->40157K(190976K)] 329107K->218260K(715264K), 0.0053784 secs] [Times: user=0.06 sys=0.00, real=0.00 secs] 
2016-09-25T21:34:03.601-0400: 12.834: [GC (GCLocker Initiated GC) [PSYoungGen: 166109K->58869K(191488K)] 344227K->237451K(715776K), 0.0106038 secs] [Times: user=0.12 sys=0.00, real=0.01 secs] 
2016-09-25T21:34:03.697-0400: 12.930: [GC (GCLocker Initiated GC) [PSYoungGen: 184821K->62849K(185344K)] 363525K->252805K(709632K), 0.0094437 secs] [Times: user=0.13 sys=0.00, real=0.01 secs] 
2016-09-25T21:34:03.786-0400: 13.019: [GC (GCLocker Initiated GC) [PSYoungGen: 179585K->46571K(189440K)] 369553K->244943K(713728K), 0.0105976 secs] [Times: user=0.12 sys=0.00, real=0.01 secs] 
2016-09-25T21:34:03.876-0400: 13.109: [GC (GCLocker Initiated GC) [PSYoungGen: 163307K->54706K(187392K)] 361762K->253444K(711680K), 0.0058380 secs] [Times: user=0.05 sys=0.00, real=0.00 secs] 
2016-09-25T21:34:03.958-0400: 13.191: [GC (GCLocker Initiated GC) [PSYoungGen: 173490K->60155K(179200K)] 377658K->264578K(703488K), 0.0056371 secs] [Times: user=0.06 sys=0.00, real=0.01 secs] 
2016-09-25T21:34:04.045-0400: 13.279: [GC (GCLocker Initiated GC) [PSYoungGen: 178939K->34410K(188928K)] 388791K->276926K(713216K), 0.0207408 secs] [Times: user=0.26 sys=0.00, real=0.02 secs] 
2016-09-25T21:34:04.141-0400: 13.374: [GC (GCLocker Initiated GC) [PSYoungGen: 150122K->42414K(158208K)] 392727K->301454K(682496K), 0.0094943 secs] [Times: user=0.08 sys=0.00, real=0.01 secs] 
2016-09-25T21:34:04.228-0400: 13.461: [GC (GCLocker Initiated GC) [PSYoungGen: 158126K->49356K(188928K)] 419978K->333048K(713216K), 0.0107230 secs] [Times: user=0.12 sys=0.00, real=0.01 secs] 
2016-09-25T21:34:04.321-0400: 13.554: [GC (GCLocker Initiated GC) [PSYoungGen: 166604K->38539K(187392K)] 458447K->352248K(711680K), 0.0096757 secs] [Times: user=0.08 sys=0.01, real=0.01 secs] 
2016-09-25T21:34:04.415-0400: 13.648: [GC (GCLocker Initiated GC) [PSYoungGen: 155787K->57453K(187392K)] 469738K->371656K(711680K), 0.0057438 secs] [Times: user=0.06 sys=0.00, real=0.00 secs] 
2016-09-25T21:34:04.497-0400: 13.731: [GC (GCLocker Initiated GC) [PSYoungGen: 175725K->53360K(189440K)] 490139K->368031K(713728K), 0.0100752 secs] [Times: user=0.13 sys=0.00, real=0.01 secs] 
2016-09-25T21:34:04.584-0400: 13.817: [GC (GCLocker Initiated GC) [PSYoungGen: 171632K->62836K(184320K)] 486406K->377876K(708608K), 0.0110482 secs] [Times: user=0.14 sys=0.00, real=0.01 secs] 
2016-09-25T21:34:04.674-0400: 13.907: [GC (GCLocker Initiated GC) [PSYoungGen: 176500K->36968K(187904K)] 491636K->357714K(712192K), 0.0101858 secs] [Times: user=0.06 sys=0.00, real=0.02 secs] 
2016-09-25T21:34:04.760-0400: 13.993: [GC (GCLocker Initiated GC) [PSYoungGen: 150632K->45193K(183296K)] 474093K->376988K(707584K), 0.0126881 secs] [Times: user=0.12 sys=0.00, real=0.01 secs] 
2016-09-25T21:34:04.858-0400: 14.092: [GC (GCLocker Initiated GC) [PSYoungGen: 159369K->50465K(185856K)] 493887K->393318K(710144K), 0.0073870 secs] [Times: user=0.05 sys=0.00, real=0.01 secs] 
2016-09-25T21:34:04.938-0400: 14.171: [GC (GCLocker Initiated GC) [PSYoungGen: 164641K->53325K(189440K)] 507567K->396525K(713728K), 0.0256905 secs] [Times: user=0.38 sys=0.00, real=0.03 secs] 
2016-09-25T21:34:05.044-0400: 14.277: [GC (GCLocker Initiated GC) [PSYoungGen: 173645K->61521K(182272K)] 519579K->429322K(706560K), 0.0084298 secs] [Times: user=0.12 sys=0.00, real=0.00 secs] 
2016-09-25T21:34:05.142-0400: 14.375: [GC (Allocation Failure) [PSYoungGen: 181841K->29042K(187392K)] 557860K->429587K(711680K), 0.0138328 secs] [Times: user=0.16 sys=0.00, real=0.02 secs] 
2016-09-25T21:34:05.157-0400: 14.390: [GC (GCLocker Initiated GC) [PSYoungGen: 32345K->2924K(117760K)] 432890K->441716K(642048K), 0.0074301 secs] [Times: user=0.11 sys=0.00, real=0.01 secs] 
2016-09-25T21:34:05.241-0400: 14.475: [GC (GCLocker Initiated GC) [PSYoungGen: 117612K->56234K(180224K)] 556416K->495063K(704512K), 0.0066142 secs] [Times: user=0.07 sys=0.01, real=0.01 secs] 
2016-09-25T21:34:05.348-0400: 14.581: [GC (GCLocker Initiated GC) [PSYoungGen: 157610K->54640K(181760K)] 599258K->497983K(706048K), 0.0104881 secs] [Times: user=0.07 sys=0.00, real=0.01 secs] 
2016-09-25T21:34:05.423-0400: 14.657: [GC (GCLocker Initiated GC) [PSYoungGen: 156016K->51927K(179712K)] 600535K->515580K(704000K), 0.0068149 secs] [Times: user=0.07 sys=0.00, real=0.00 secs] 
2016-09-25T21:34:05.525-0400: 14.759: [GC (GCLocker Initiated GC) [PSYoungGen: 153303K->45193K(180736K)] 623529K->515638K(705024K), 0.0136936 secs] [Times: user=0.15 sys=0.00, real=0.01 secs] 
2016-09-25T21:34:05.613-0400: 14.846: [GC (GCLocker Initiated GC) [PSYoungGen: 146569K->47887K(179712K)] 619765K->537530K(704000K), 0.0077457 secs] [Times: user=0.07 sys=0.00, real=0.01 secs] 
2016-09-25T21:34:05.621-0400: 14.854: [Full GC (Ergonomics) [PSYoungGen: 47887K->0K(179712K)] [ParOldGen: 489643K->68751K(524288K)] 537530K->68751K(704000K), [Metaspace: 43210K->43210K(1085440K)], 0.0470718 secs] [Times: user=0.34 sys=0.00, real=0.05 secs] 
2016-09-25T21:34:05.779-0400: 15.012: [GC (GCLocker Initiated GC) [PSYoungGen: 106496K->52230K(180224K)] 180763K->126497K(704512K), 0.0048801 secs] [Times: user=0.06 sys=0.00, real=0.01 secs] 
2016-09-25T21:34:05.852-0400: 15.085: [GC (GCLocker Initiated GC) [PSYoungGen: 158726K->41347K(185344K)] 235823K->121607K(709632K), 0.0052017 secs] [Times: user=0.06 sys=0.00, real=0.01 secs] 
2016-09-25T21:34:05.977-0400: 15.210: [GC (GCLocker Initiated GC) [PSYoungGen: 156547K->26462K(186880K)] 249027K->130074K(711168K), 0.0143971 secs] [Times: user=0.14 sys=0.00, real=0.01 secs] 
2016-09-25T21:34:06.078-0400: 15.311: [GC (GCLocker Initiated GC) [PSYoungGen: 141662K->38770K(187392K)] 248162K->159216K(711680K), 0.0074680 secs] [Times: user=0.10 sys=0.00, real=0.01 secs] 
2016-09-25T21:34:06.210-0400: 15.443: [GC (GCLocker Initiated GC) [PSYoungGen: 156530K->42872K(188416K)] 282784K->169592K(712704K), 0.0065619 secs] [Times: user=0.08 sys=0.01, real=0.01 secs] 
2016-09-25T21:34:06.319-0400: 15.552: [GC (GCLocker Initiated GC) [PSYoungGen: 160632K->34809K(190464K)] 295667K->173102K(714752K), 0.0069704 secs] [Times: user=0.06 sys=0.00, real=0.01 secs] 
2016-09-25T21:34:06.441-0400: 15.674: [GC (GCLocker Initiated GC) [PSYoungGen: 157689K->57710K(189952K)] 304147K->204685K(714240K), 0.0054113 secs] [Times: user=0.07 sys=0.00, real=0.01 secs] 
2016-09-25T21:34:06.563-0400: 15.796: [GC (GCLocker Initiated GC) [PSYoungGen: 180590K->25401K(189952K)] 338683K->208348K(714240K), 0.0098640 secs] [Times: user=0.08 sys=0.00, real=0.00 secs] 
2016-09-25T21:34:06.673-0400: 15.906: [GC (GCLocker Initiated GC) [PSYoungGen: 145209K->48310K(190976K)] 332243K->235941K(715264K), 0.0047447 secs] [Times: user=0.06 sys=0.00, real=0.01 secs] 
2016-09-25T21:34:06.773-0400: 16.006: [GC (GCLocker Initiated GC) [PSYoungGen: 168118K->42783K(185856K)] 355782K->230907K(710144K), 0.0108778 secs] [Times: user=0.10 sys=0.00, real=0.02 secs] 
2016-09-25T21:34:06.892-0400: 16.125: [GC (GCLocker Initiated GC) [PSYoungGen: 163615K->55025K(188416K)] 353196K->245147K(712704K), 0.0156432 secs] [Times: user=0.18 sys=0.01, real=0.02 secs] 
2016-09-25T21:34:07.014-0400: 16.247: [GC (GCLocker Initiated GC) [PSYoungGen: 175857K->22716K(190464K)] 378814K->253265K(714752K), 0.0068846 secs] [Times: user=0.08 sys=0.00, real=0.00 secs] 
2016-09-25T21:34:07.122-0400: 16.355: [GC (GCLocker Initiated GC) [PSYoungGen: 143548K->34713K(155648K)] 382306K->274060K(679936K), 0.0056189 secs] [Times: user=0.04 sys=0.00, real=0.01 secs] 
2016-09-25T21:34:07.228-0400: 16.462: [GC (GCLocker Initiated GC) [PSYoungGen: 155545K->42724K(193024K)] 397678K->285340K(717312K), 0.0165536 secs] [Times: user=0.19 sys=0.00, real=0.02 secs] 
2016-09-25T21:34:07.358-0400: 16.591: [GC (GCLocker Initiated GC) [PSYoungGen: 166628K->32306K(190976K)] 419605K->293985K(715264K), 0.0133337 secs] [Times: user=0.18 sys=0.00, real=0.01 secs] 
2016-09-25T21:34:07.472-0400: 16.706: [GC (GCLocker Initiated GC) [PSYoungGen: 156210K->38788K(193024K)] 430162K->313344K(717312K), 0.0077435 secs] [Times: user=0.06 sys=0.01, real=0.01 secs] 
2016-09-25T21:34:07.579-0400: 16.813: [GC (GCLocker Initiated GC) [PSYoungGen: 166788K->49598K(192000K)] 444085K->327467K(716288K), 0.0157408 secs] [Times: user=0.16 sys=0.00, real=0.02 secs] 
2016-09-25T21:34:07.706-0400: 16.939: [GC (GCLocker Initiated GC) [PSYoungGen: 177598K->41588K(194048K)] 455670K->341826K(718336K), 0.0106200 secs] [Times: user=0.14 sys=0.00, real=0.01 secs] 
2016-09-25T21:34:07.826-0400: 17.059: [GC (GCLocker Initiated GC) [PSYoungGen: 174708K->52547K(195584K)] 477695K->356182K(719872K), 0.0062592 secs] [Times: user=0.08 sys=0.01, real=0.00 secs] 
2016-09-25T21:34:07.942-0400: 17.175: [GC (GCLocker Initiated GC) [PSYoungGen: 185667K->63238K(186368K)] 489439K->373097K(710656K), 0.0064100 secs] [Times: user=0.08 sys=0.01, real=0.01 secs] 
2016-09-25T21:34:08.051-0400: 17.284: [GC (GCLocker Initiated GC) [PSYoungGen: 185094K->40187K(192000K)] 495065K->367007K(716288K), 0.0253379 secs] [Times: user=0.29 sys=0.01, real=0.03 secs] 
2016-09-25T21:34:08.193-0400: 17.426: [GC (GCLocker Initiated GC) [PSYoungGen: 162043K->40199K(186368K)] 491667K->370493K(710656K), 0.0052330 secs] [Times: user=0.04 sys=0.00, real=0.01 secs] 
2016-09-25T21:34:08.307-0400: 17.540: [GC (GCLocker Initiated GC) [PSYoungGen: 163591K->47011K(189952K)] 499361K->383446K(714240K), 0.0135521 secs] [Times: user=0.14 sys=0.01, real=0.01 secs] 
2016-09-25T21:34:08.419-0400: 17.652: [GC (GCLocker Initiated GC) [PSYoungGen: 170403K->48312K(193536K)] 512275K->393579K(717824K), 0.0229870 secs] [Times: user=0.31 sys=0.00, real=0.03 secs] 
2016-09-25T21:34:08.556-0400: 17.789: [GC (GCLocker Initiated GC) [PSYoungGen: 178360K->40384K(195072K)] 523640K->413438K(719360K), 0.0074992 secs] [Times: user=0.09 sys=0.00, real=0.01 secs] 
2016-09-25T21:34:08.675-0400: 17.908: [GC (GCLocker Initiated GC) [PSYoungGen: 170432K->37632K(196096K)] 543533K->422263K(720384K), 0.0300082 secs] [Times: user=0.38 sys=0.00, real=0.03 secs] 
2016-09-25T21:34:08.822-0400: 18.055: [GC (GCLocker Initiated GC) [PSYoungGen: 171264K->41810K(196608K)] 558596K->440692K(720896K), 0.0093680 secs] [Times: user=0.05 sys=0.01, real=0.01 secs] 
2016-09-25T21:34:08.955-0400: 18.188: [GC (GCLocker Initiated GC) [PSYoungGen: 175442K->49846K(197632K)] 577037K->452304K(721920K), 0.0152049 secs] [Times: user=0.10 sys=0.02, real=0.01 secs] 
2016-09-25T21:34:09.100-0400: 18.333: [GC (GCLocker Initiated GC) [PSYoungGen: 186038K->20248K(198144K)] 596857K->445389K(722432K), 0.0093812 secs] [Times: user=0.10 sys=0.00, real=0.01 secs] 
2016-09-25T21:34:09.236-0400: 18.469: [GC (GCLocker Initiated GC) [PSYoungGen: 156440K->44476K(199168K)] 584298K->473218K(723456K), 0.0056615 secs] [Times: user=0.06 sys=0.00, real=0.00 secs] 
2016-09-25T21:34:09.350-0400: 18.583: [GC (GCLocker Initiated GC) [PSYoungGen: 179644K->60769K(196096K)] 611217K->493186K(720384K), 0.0234595 secs] [Times: user=0.31 sys=0.01, real=0.02 secs] 
2016-09-25T21:34:09.486-0400: 18.719: [GC (GCLocker Initiated GC) [PSYoungGen: 195937K->52583K(190976K)] 628484K->491419K(715264K), 0.0097989 secs] [Times: user=0.12 sys=0.00, real=0.01 secs] 
2016-09-25T21:34:09.604-0400: 18.837: [GC (GCLocker Initiated GC) [PSYoungGen: 177511K->49787K(193536K)] 621892K->497679K(717824K), 0.0098413 secs] [Times: user=0.07 sys=0.00, real=0.01 secs] 
2016-09-25T21:34:09.720-0400: 18.953: [GC (GCLocker Initiated GC) [PSYoungGen: 174715K->43127K(189952K)] 625495K->521782K(714240K), 0.0057860 secs] [Times: user=0.07 sys=0.00, real=0.01 secs] 
2016-09-25T21:34:09.829-0400: 19.062: [GC (GCLocker Initiated GC) [PSYoungGen: 168567K->46973K(192000K)] 650126K->529329K(716288K), 0.0064067 secs] [Times: user=0.04 sys=0.01, real=0.01 secs] 
2016-09-25T21:34:09.935-0400: 19.168: [GC (GCLocker Initiated GC) [PSYoungGen: 172413K->46758K(192000K)] 654857K->537967K(716288K), 0.0165336 secs] [Times: user=0.16 sys=0.00, real=0.01 secs] 
2016-09-25T21:34:10.048-0400: 19.281: [GC (GCLocker Initiated GC) [PSYoungGen: 177318K->46883K(194048K)] 668560K->560303K(718336K), 0.0078867 secs] [Times: user=0.09 sys=0.00, real=0.01 secs] 
2016-09-25T21:34:10.056-0400: 19.289: [Full GC (Ergonomics) [PSYoungGen: 46883K->0K(194048K)] [ParOldGen: 513420K->87085K(524288K)] 560303K->87085K(718336K), [Metaspace: 43225K->43225K(1085440K)], 0.0728459 secs] [Times: user=0.42 sys=0.01, real=0.07 secs] 
2016-09-25T21:34:10.252-0400: 19.485: [GC (GCLocker Initiated GC) [PSYoungGen: 130560K->48444K(196608K)] 224552K->142436K(720896K), 0.0069274 secs] [Times: user=0.07 sys=0.01, real=0.01 secs] 
2016-09-25T21:34:10.413-0400: 19.646: [GC (GCLocker Initiated GC) [PSYoungGen: 184636K->36206K(198144K)] 288179K->154131K(722432K), 0.0105036 secs] [Times: user=0.13 sys=0.01, real=0.02 secs] 
2016-09-25T21:34:10.535-0400: 19.768: [GC (GCLocker Initiated GC) [PSYoungGen: 172398K->49709K(200192K)] 295935K->195481K(724480K), 0.0107816 secs] [Times: user=0.15 sys=0.00, real=0.01 secs] 
2016-09-25T21:34:10.676-0400: 19.909: [GC (GCLocker Initiated GC) [PSYoungGen: 187949K->49555K(200192K)] 333735K->195897K(724480K), 0.0054885 secs] [Times: user=0.07 sys=0.00, real=0.00 secs] 
2016-09-25T21:34:10.825-0400: 20.058: [GC (GCLocker Initiated GC) [PSYoungGen: 187795K->41532K(198144K)] 336888K->191249K(722432K), 0.0051753 secs] [Times: user=0.06 sys=0.00, real=0.00 secs] 
2016-09-25T21:34:10.935-0400: 20.168: [GC (GCLocker Initiated GC) [PSYoungGen: 179772K->51013K(199168K)] 332216K->204050K(723456K), 0.0085809 secs] [Times: user=0.07 sys=0.00, real=0.01 secs] 
2016-09-25T21:34:11.066-0400: 20.299: [GC (GCLocker Initiated GC) [PSYoungGen: 189253K->33567K(199680K)] 347841K->200839K(723968K), 0.0061990 secs] [Times: user=0.04 sys=0.00, real=0.00 secs] 
2016-09-25T21:34:11.212-0400: 20.445: [GC (GCLocker Initiated GC) [PSYoungGen: 171807K->36032K(200192K)] 342020K->220306K(724480K), 0.0083901 secs] [Times: user=0.05 sys=0.00, real=0.01 secs] 
2016-09-25T21:34:11.327-0400: 20.560: [GC (GCLocker Initiated GC) [PSYoungGen: 174272K->54994K(195072K)] 358579K->239889K(719360K), 0.0216225 secs] [Times: user=0.27 sys=0.01, real=0.02 secs] 
2016-09-25T21:34:11.467-0400: 20.700: [GC (GCLocker Initiated GC) [PSYoungGen: 188114K->56393K(189952K)] 373048K->255397K(714240K), 0.0067209 secs] [Times: user=0.08 sys=0.00, real=0.00 secs] 
2016-09-25T21:34:11.588-0400: 20.821: [GC (GCLocker Initiated GC) [PSYoungGen: 189513K->47040K(197120K)] 401304K->278278K(721408K), 0.0113614 secs] [Times: user=0.16 sys=0.00, real=0.01 secs] 
2016-09-25T21:34:11.703-0400: 20.936: [GC (GCLocker Initiated GC) [PSYoungGen: 177600K->45619K(176640K)] 414468K->299331K(700928K), 0.0080488 secs] [Times: user=0.10 sys=0.00, real=0.00 secs] 
2016-09-25T21:34:11.818-0400: 21.051: [GC (GCLocker Initiated GC) [PSYoungGen: 176179K->60409K(189952K)] 429979K->314726K(714240K), 0.0053625 secs] [Times: user=0.06 sys=0.00, real=0.01 secs] 
2016-09-25T21:34:11.922-0400: 21.155: [GC (GCLocker Initiated GC) [PSYoungGen: 187385K->54993K(193536K)] 441707K->317944K(717824K), 0.0168403 secs] [Times: user=0.16 sys=0.00, real=0.02 secs] 
2016-09-25T21:34:12.037-0400: 21.270: [GC (GCLocker Initiated GC) [PSYoungGen: 181969K->60465K(189440K)] 445032K->324081K(713728K), 0.0076816 secs] [Times: user=0.10 sys=0.01, real=0.01 secs] 
2016-09-25T21:34:12.132-0400: 21.365: [GC (GCLocker Initiated GC) [PSYoungGen: 182321K->36001K(158208K)] 448763K->313740K(682496K), 0.0135028 secs] [Times: user=0.11 sys=0.00, real=0.02 secs] 
2016-09-25T21:34:12.254-0400: 21.487: [GC (GCLocker Initiated GC) [PSYoungGen: 157857K->49598K(193536K)] 443750K->336048K(717824K), 0.0076299 secs] [Times: user=0.05 sys=0.00, real=0.00 secs] 
2016-09-25T21:34:12.368-0400: 21.601: [GC (GCLocker Initiated GC) [PSYoungGen: 172478K->57765K(191488K)] 461714K->347551K(715776K), 0.0125812 secs] [Times: user=0.19 sys=0.00, real=0.01 secs] 
2016-09-25T21:34:12.471-0400: 21.705: [GC (GCLocker Initiated GC) [PSYoungGen: 180645K->46888K(192000K)] 470437K->348017K(716288K), 0.0050528 secs] [Times: user=0.06 sys=0.00, real=0.01 secs] 
2016-09-25T21:34:12.578-0400: 21.811: [GC (GCLocker Initiated GC) [PSYoungGen: 170280K->36071K(192000K)] 476920K->343227K(716288K), 0.0091706 secs] [Times: user=0.07 sys=0.00, real=0.01 secs] 
2016-09-25T21:34:12.683-0400: 21.916: [GC (GCLocker Initiated GC) [PSYoungGen: 159463K->42938K(190976K)] 472049K->356047K(715264K), 0.0052656 secs] [Times: user=0.06 sys=0.00, real=0.00 secs] 
2016-09-25T21:34:12.773-0400: 22.007: [GC (GCLocker Initiated GC) [PSYoungGen: 167354K->41459K(192000K)] 480522K->355179K(716288K), 0.0137516 secs] [Times: user=0.10 sys=0.00, real=0.02 secs] 
2016-09-25T21:34:12.883-0400: 22.116: [GC (GCLocker Initiated GC) [PSYoungGen: 165875K->46899K(190464K)] 487724K->369259K(714752K), 0.0072175 secs] [Times: user=0.09 sys=0.01, real=0.00 secs] 
2016-09-25T21:34:12.999-0400: 22.232: [GC (GCLocker Initiated GC) [PSYoungGen: 174899K->36100K(192512K)] 500074K->386102K(716800K), 0.0084269 secs] [Times: user=0.10 sys=0.00, real=0.01 secs] 
2016-09-25T21:34:13.127-0400: 22.360: [GC (GCLocker Initiated GC) [PSYoungGen: 164100K->26603K(194560K)] 530337K->395995K(718848K), 0.0119206 secs] [Times: user=0.10 sys=0.00, real=0.01 secs] 
2016-09-25T21:34:13.234-0400: 22.467: [GC (GCLocker Initiated GC) [PSYoungGen: 156651K->61796K(192000K)] 526229K->431991K(716288K), 0.0084614 secs] [Times: user=0.10 sys=0.00, real=0.01 secs] 
2016-09-25T21:34:13.344-0400: 22.578: [GC (GCLocker Initiated GC) [PSYoungGen: 191844K->67184K(179712K)] 567501K->451499K(704000K), 0.0081768 secs] [Times: user=0.11 sys=0.00, real=0.00 secs] 
2016-09-25T21:34:13.437-0400: 22.670: [GC (GCLocker Initiated GC) [PSYoungGen: 176752K->67179K(177152K)] 561089K->465562K(701440K), 0.0088669 secs] [Times: user=0.09 sys=0.01, real=0.01 secs] 
2016-09-25T21:34:13.539-0400: 22.773: [GC (GCLocker Initiated GC) [PSYoungGen: 176747K->34821K(182272K)] 586130K->460897K(706560K), 0.0131145 secs] [Times: user=0.17 sys=0.00, real=0.01 secs] 
2016-09-25T21:34:13.645-0400: 22.879: [GC (GCLocker Initiated GC) [PSYoungGen: 136709K->46746K(148992K)] 568303K->478907K(673280K), 0.0081592 secs] [Times: user=0.07 sys=0.00, real=0.00 secs] 
2016-09-25T21:34:13.729-0400: 22.962: [GC (GCLocker Initiated GC) [PSYoungGen: 148634K->41288K(180224K)] 583584K->490160K(704512K), 0.0083569 secs] [Times: user=0.05 sys=0.00, real=0.01 secs] 
2016-09-25T21:34:13.834-0400: 23.067: [GC (GCLocker Initiated GC) [PSYoungGen: 144712K->31895K(178688K)] 600367K->496110K(702976K), 0.0058580 secs] [Times: user=0.06 sys=0.00, real=0.01 secs] 
2016-09-25T21:34:13.916-0400: 23.149: [GC (GCLocker Initiated GC) [PSYoungGen: 135319K->42829K(183296K)] 599652K->526563K(707584K), 0.0057609 secs] [Times: user=0.07 sys=0.00, real=0.01 secs] 
2016-09-25T21:34:14.025-0400: 23.258: [GC (GCLocker Initiated GC) [PSYoungGen: 154445K->52307K(184320K)] 642371K->540700K(708608K), 0.0081734 secs] [Times: user=0.10 sys=0.00, real=0.00 secs] 
2016-09-25T21:34:14.126-0400: 23.359: [GC (GCLocker Initiated GC) [PSYoungGen: 163923K->46858K(184320K)] 656406K->556092K(708608K), 0.0056422 secs] [Times: user=0.06 sys=0.01, real=0.00 secs] 
2016-09-25T21:34:14.132-0400: 23.365: [Full GC (Ergonomics) [PSYoungGen: 46858K->0K(184320K)] [ParOldGen: 509233K->99397K(524288K)] 556092K->99397K(708608K), [Metaspace: 43238K->43238K(1085440K)], 0.0535195 secs] [Times: user=0.38 sys=0.01, real=0.06 secs] 
2016-09-25T21:34:14.284-0400: 23.517: [GC (GCLocker Initiated GC) [PSYoungGen: 116736K->70051K(186880K)] 216211K->174927K(711168K), 0.0108747 secs] [Times: user=0.15 sys=0.00, real=0.01 secs] 
2016-09-25T21:34:14.398-0400: 23.631: [GC (GCLocker Initiated GC) [PSYoungGen: 186787K->55077K(184832K)] 291782K->176938K(709120K), 0.0083377 secs] [Times: user=0.08 sys=0.00, real=0.01 secs] 
2016-09-25T21:34:14.501-0400: 23.734: [GC (GCLocker Initiated GC) [PSYoungGen: 164645K->58963K(168960K)] 287713K->182508K(693248K), 0.0049695 secs] [Times: user=0.06 sys=0.00, real=0.01 secs] 
2016-09-25T21:34:14.591-0400: 23.824: [GC (GCLocker Initiated GC) [PSYoungGen: 168531K->33038K(184832K)] 292112K->167852K(709120K), 0.0126348 secs] [Times: user=0.11 sys=0.00, real=0.02 secs] 
2016-09-25T21:34:14.677-0400: 23.910: [GC (GCLocker Initiated GC) [PSYoungGen: 140558K->50907K(158720K)] 283584K->205107K(683008K), 0.0109054 secs] [Times: user=0.06 sys=0.00, real=0.01 secs] 
2016-09-25T21:34:14.772-0400: 24.006: [GC (GCLocker Initiated GC) [PSYoungGen: 158427K->42806K(184320K)] 320739K->205635K(708608K), 0.0229908 secs] [Times: user=0.34 sys=0.00, real=0.03 secs] 
2016-09-25T21:34:14.887-0400: 24.120: [GC (GCLocker Initiated GC) [PSYoungGen: 151862K->46903K(182784K)] 325685K->221169K(707072K), 0.0100200 secs] [Times: user=0.12 sys=0.00, real=0.01 secs] 
2016-09-25T21:34:15.007-0400: 24.240: [GC (GCLocker Initiated GC) [PSYoungGen: 155959K->44012K(186368K)] 330291K->232303K(710656K), 0.0071685 secs] [Times: user=0.05 sys=0.00, real=0.00 secs] 
2016-09-25T21:34:15.101-0400: 24.334: [GC (GCLocker Initiated GC) [PSYoungGen: 159212K->68530K(184832K)] 350245K->270766K(709120K), 0.0105730 secs] [Times: user=0.12 sys=0.00, real=0.01 secs] 
2016-09-25T21:34:15.225-0400: 24.458: [GC (GCLocker Initiated GC) [PSYoungGen: 183730K->45451K(188416K)] 388716K->261706K(712704K), 0.0053800 secs] [Times: user=0.05 sys=0.00, real=0.00 secs] 
2016-09-25T21:34:15.333-0400: 24.566: [GC (GCLocker Initiated GC) [PSYoungGen: 158603K->59002K(186880K)] 377737K->278630K(711168K), 0.0109200 secs] [Times: user=0.14 sys=0.00, real=0.02 secs] 
2016-09-25T21:34:15.433-0400: 24.667: [GC (GCLocker Initiated GC) [PSYoungGen: 172154K->40083K(187904K)] 391840K->281789K(712192K), 0.0103127 secs] [Times: user=0.11 sys=0.00, real=0.02 secs] 
2016-09-25T21:34:15.557-0400: 24.790: [GC (GCLocker Initiated GC) [PSYoungGen: 153235K->49424K(162816K)] 400381K->321363K(687104K), 0.0133697 secs] [Times: user=0.16 sys=0.00, real=0.01 secs] 
2016-09-25T21:34:15.654-0400: 24.887: [GC (GCLocker Initiated GC) [PSYoungGen: 162576K->41164K(185856K)] 434550K->316238K(710144K), 0.0068328 secs] [Times: user=0.05 sys=0.00, real=0.01 secs] 
2016-09-25T21:34:15.770-0400: 25.003: [GC (GCLocker Initiated GC) [PSYoungGen: 155340K->33224K(184832K)] 430536K->327744K(709120K), 0.0127027 secs] [Times: user=0.10 sys=0.01, real=0.02 secs] 
2016-09-25T21:34:21.017-0400: 30.250: [GC (GCLocker Initiated GC) [PSYoungGen: 147400K->41301K(188928K)] 444864K->339182K(713216K), 0.0222570 secs] [Times: user=0.21 sys=0.02, real=0.02 secs] 
2016-09-25T21:34:21.164-0400: 30.398: [GC (GCLocker Initiated GC) [PSYoungGen: 161621K->23684K(189952K)] 470331K->332827K(714240K), 0.0098664 secs] [Times: user=0.07 sys=0.00, real=0.01 secs] 
2016-09-25T21:34:21.284-0400: 30.517: [GC (GCLocker Initiated GC) [PSYoungGen: 144004K->38552K(190976K)] 453177K->348179K(715264K), 0.0168460 secs] [Times: user=0.12 sys=0.00, real=0.01 secs] 
2016-09-25T21:34:21.421-0400: 30.654: [GC (GCLocker Initiated GC) [PSYoungGen: 159896K->16933K(138752K)] 480516K->354137K(663040K), 0.0430917 secs] [Times: user=0.32 sys=0.01, real=0.05 secs] 
2016-09-25T21:34:21.580-0400: 30.813: [GC (GCLocker Initiated GC) [PSYoungGen: 138277K->39839K(193536K)] 478214K->380205K(717824K), 0.0362075 secs] [Times: user=0.32 sys=0.00, real=0.04 secs] 
2016-09-25T21:34:21.759-0400: 30.993: [GC (Allocation Failure) [PSYoungGen: 161695K->40106K(162304K)] 507564K->405308K(686592K), 0.0066824 secs] [Times: user=0.07 sys=0.00, real=0.01 secs] 
2016-09-25T21:34:21.892-0400: 31.125: [GC (GCLocker Initiated GC) [PSYoungGen: 161962K->34676K(189440K)] 527168K->416566K(713728K), 0.0066883 secs] [Times: user=0.06 sys=0.01, real=0.01 secs] 
2016-09-25T21:34:22.000-0400: 31.233: [GC (GCLocker Initiated GC) [PSYoungGen: 158068K->56201K(187904K)] 540073K->438692K(712192K), 0.0067781 secs] [Times: user=0.07 sys=0.00, real=0.01 secs] 
2016-09-25T21:34:22.124-0400: 31.357: [GC (GCLocker Initiated GC) [PSYoungGen: 179593K->35943K(195584K)] 572915K->440468K(719872K), 0.0078074 secs] [Times: user=0.06 sys=0.00, real=0.00 secs] 
2016-09-25T21:34:22.249-0400: 31.482: [GC (GCLocker Initiated GC) [PSYoungGen: 163431K->38676K(166400K)] 577535K->453279K(690688K), 0.0221481 secs] [Times: user=0.19 sys=0.00, real=0.02 secs] 
2016-09-25T21:34:22.387-0400: 31.620: [GC (GCLocker Initiated GC) [PSYoungGen: 166164K->30373K(192512K)] 588967K->467160K(716800K), 0.0077523 secs] [Times: user=0.04 sys=0.00, real=0.01 secs] 
2016-09-25T21:34:22.505-0400: 31.738: [GC (GCLocker Initiated GC) [PSYoungGen: 158373K->26464K(192000K)] 604672K->489412K(716288K), 0.0368909 secs] [Times: user=0.36 sys=0.00, real=0.03 secs] 
2016-09-25T21:34:22.654-0400: 31.887: [GC (GCLocker Initiated GC) [PSYoungGen: 154464K->60395K(187392K)] 617494K->540151K(711680K), 0.0202487 secs] [Times: user=0.19 sys=0.02, real=0.03 secs] 
2016-09-25T21:34:22.809-0400: 32.043: [GC (GCLocker Initiated GC) [PSYoungGen: 184299K->29187K(193024K)] 669686K->539324K(717312K), 0.0110544 secs] [Times: user=0.08 sys=0.02, real=0.02 secs] 
2016-09-25T21:34:22.823-0400: 32.056: [Full GC (Ergonomics) [PSYoungGen: 29187K->0K(193024K)] [ParOldGen: 510137K->114701K(524288K)] 539324K->114701K(717312K), [Metaspace: 43261K->43261K(1085440K)], 0.1108689 secs] [Times: user=0.64 sys=0.00, real=0.11 secs] 
2016-09-25T21:34:23.060-0400: 32.293: [GC (GCLocker Initiated GC) [PSYoungGen: 123904K->42751K(188416K)] 241326K->160174K(712704K), 0.0071306 secs] [Times: user=0.04 sys=0.00, real=0.01 secs] 
2016-09-25T21:34:23.182-0400: 32.415: [GC (GCLocker Initiated GC) [PSYoungGen: 167167K->43942K(190976K)] 284609K->179583K(715264K), 0.0182611 secs] [Times: user=0.16 sys=0.00, real=0.02 secs] 
2016-09-25T21:34:23.322-0400: 32.555: [GC (GCLocker Initiated GC) [PSYoungGen: 168358K->46865K(194560K)] 306878K->202079K(718848K), 0.0268214 secs] [Times: user=0.27 sys=0.00, real=0.03 secs] 
2016-09-25T21:34:23.466-0400: 32.699: [GC (GCLocker Initiated GC) [PSYoungGen: 176913K->43961K(195584K)] 332153K->199662K(719872K), 0.0172972 secs] [Times: user=0.13 sys=0.00, real=0.02 secs] 
2016-09-25T21:34:23.601-0400: 32.834: [GC (GCLocker Initiated GC) [PSYoungGen: 174009K->34505K(195072K)] 332433K->193334K(719360K), 0.0262903 secs] [Times: user=0.27 sys=0.01, real=0.03 secs] 
2016-09-25T21:34:23.747-0400: 32.981: [GC (GCLocker Initiated GC) [PSYoungGen: 167113K->27819K(195584K)] 331546K->211643K(719872K), 0.0073092 secs] [Times: user=0.04 sys=0.00, real=0.01 secs] 
2016-09-25T21:34:23.875-0400: 33.108: [GC (GCLocker Initiated GC) [PSYoungGen: 160427K->34601K(196096K)] 352356K->227037K(720384K), 0.0233981 secs] [Times: user=0.18 sys=0.00, real=0.02 secs] 
2016-09-25T21:34:24.019-0400: 33.252: [GC (GCLocker Initiated GC) [PSYoungGen: 170793K->44038K(197632K)] 363282K->237058K(721920K), 0.0138995 secs] [Times: user=0.13 sys=0.01, real=0.01 secs] 
2016-09-25T21:34:24.153-0400: 33.386: [GC (GCLocker Initiated GC) [PSYoungGen: 180230K->30551K(199168K)] 375979K->248354K(723456K), 0.0177554 secs] [Times: user=0.17 sys=0.00, real=0.02 secs] 
2016-09-25T21:34:24.311-0400: 33.544: [GC (GCLocker Initiated GC) [PSYoungGen: 170327K->32009K(200192K)] 395117K->270806K(724480K), 0.0140208 secs] [Times: user=0.13 sys=0.00, real=0.02 secs] 
2016-09-25T21:34:24.442-0400: 33.675: [GC (GCLocker Initiated GC) [PSYoungGen: 171785K->46642K(200704K)] 410694K->286061K(724992K), 0.0249825 secs] [Times: user=0.21 sys=0.01, real=0.02 secs] 
2016-09-25T21:34:24.597-0400: 33.831: [GC (GCLocker Initiated GC) [PSYoungGen: 187954K->44177K(201728K)] 430103K->289505K(726016K), 0.0069025 secs] [Times: user=0.06 sys=0.00, real=0.01 secs] 
2016-09-25T21:34:24.710-0400: 33.944: [GC (GCLocker Initiated GC) [PSYoungGen: 185489K->43987K(200704K)] 431056K->290059K(724992K), 0.0214733 secs] [Times: user=0.19 sys=0.00, real=0.02 secs] 
2016-09-25T21:34:24.885-0400: 34.119: [GC (GCLocker Initiated GC) [PSYoungGen: 185299K->42799K(201216K)] 431455K->289462K(725504K), 0.0058554 secs] [Times: user=0.04 sys=0.00, real=0.00 secs] 
2016-09-25T21:34:25.034-0400: 34.267: [GC (GCLocker Initiated GC) [PSYoungGen: 184111K->34560K(200192K)] 430780K->292546K(724480K), 0.0261202 secs] [Times: user=0.25 sys=0.02, real=0.03 secs] 
2016-09-25T21:34:25.176-0400: 34.409: [GC (GCLocker Initiated GC) [PSYoungGen: 177408K->40091K(201216K)] 439477K->302642K(725504K), 0.0065867 secs] [Times: user=0.04 sys=0.00, real=0.01 secs] 
2016-09-25T21:34:25.333-0400: 34.566: [GC (GCLocker Initiated GC) [PSYoungGen: 182939K->44038K(203264K)] 448437K->318184K(727552K), 0.0221000 secs] [Times: user=0.18 sys=0.02, real=0.03 secs] 
2016-09-25T21:34:25.507-0400: 34.740: [GC (GCLocker Initiated GC) [PSYoungGen: 190470K->39994K(203264K)] 464649K->314707K(727552K), 0.0204853 secs] [Times: user=0.19 sys=0.00, real=0.02 secs] 
2016-09-25T21:34:25.652-0400: 34.885: [GC (GCLocker Initiated GC) [PSYoungGen: 186426K->30702K(202752K)] 466568K->330269K(727040K), 0.0132569 secs] [Times: user=0.08 sys=0.03, real=0.02 secs] 
2016-09-25T21:34:25.813-0400: 35.047: [GC (GCLocker Initiated GC) [PSYoungGen: 178670K->47164K(203264K)] 478284K->371691K(727552K), 0.0109667 secs] [Times: user=0.06 sys=0.02, real=0.02 secs] 
2016-09-25T21:34:25.995-0400: 35.228: [GC (Allocation Failure) [PSYoungGen: 195132K->26454K(203776K)] 519691K->367787K(728064K), 0.0334022 secs] [Times: user=0.25 sys=0.01, real=0.03 secs] 
2016-09-25T21:34:26.199-0400: 35.432: [GC (GCLocker Initiated GC) [PSYoungGen: 172617K->36111K(183808K)] 516651K->402301K(708096K), 0.0261670 secs] [Times: user=0.26 sys=0.01, real=0.03 secs] 
2016-09-25T21:34:26.328-0400: 35.562: [GC (GCLocker Initiated GC) [PSYoungGen: 183567K->55041K(197120K)] 549940K->424653K(721408K), 0.0135017 secs] [Times: user=0.14 sys=0.00, real=0.01 secs] 
2016-09-25T21:34:26.494-0400: 35.727: [GC (GCLocker Initiated GC) [PSYoungGen: 196353K->11523K(153088K)] 580845K->412715K(677376K), 0.0431277 secs] [Times: user=0.40 sys=0.01, real=0.04 secs] 
2016-09-25T21:34:26.683-0400: 35.916: [GC (GCLocker Initiated GC) [PSYoungGen: 152835K->27814K(200192K)] 566391K->466193K(724480K), 0.0172190 secs] [Times: user=0.17 sys=0.00, real=0.01 secs] 
2016-09-25T21:34:26.829-0400: 36.062: [GC (GCLocker Initiated GC) [PSYoungGen: 165030K->49690K(187392K)] 610389K->495600K(711680K), 0.0232784 secs] [Times: user=0.27 sys=0.01, real=0.02 secs] 
2016-09-25T21:34:26.990-0400: 36.223: [GC (GCLocker Initiated GC) [PSYoungGen: 186906K->43879K(198144K)] 632821K->490268K(722432K), 0.0141806 secs] [Times: user=0.11 sys=0.00, real=0.02 secs] 
2016-09-25T21:34:27.142-0400: 36.375: [GC (GCLocker Initiated GC) [PSYoungGen: 177511K->37323K(171008K)] 629341K->489599K(695296K), 0.0267918 secs] [Times: user=0.17 sys=0.02, real=0.03 secs] 
2016-09-25T21:34:27.294-0400: 36.527: [GC (GCLocker Initiated GC) [PSYoungGen: 170955K->26594K(196096K)] 632785K->499705K(720384K), 0.0144399 secs] [Times: user=0.13 sys=0.00, real=0.02 secs] 
2016-09-25T21:34:27.435-0400: 36.668: [GC (GCLocker Initiated GC) [PSYoungGen: 160738K->48192K(195584K)] 639389K->527419K(719872K), 0.0273581 secs] [Times: user=0.24 sys=0.01, real=0.03 secs] 
2016-09-25T21:34:27.599-0400: 36.832: [GC (GCLocker Initiated GC) [PSYoungGen: 182336K->26647K(199680K)] 671042K->515903K(723968K), 0.0154882 secs] [Times: user=0.15 sys=0.01, real=0.02 secs] 
2016-09-25T21:34:27.738-0400: 36.971: [GC (GCLocker Initiated GC) [PSYoungGen: 163351K->47118K(184320K)] 652742K->537234K(708608K), 0.0096581 secs] [Times: user=0.08 sys=0.01, real=0.01 secs] 
2016-09-25T21:34:27.873-0400: 37.106: [GC (GCLocker Initiated GC) [PSYoungGen: 183822K->56456K(189952K)] 673990K->547337K(714240K), 0.0121475 secs] [Times: user=0.10 sys=0.00, real=0.02 secs] 
2016-09-25T21:34:28.013-0400: 37.246: [GC (GCLocker Initiated GC) [PSYoungGen: 182408K->29398K(194048K)] 676022K->523790K(718336K), 0.0215635 secs] [Times: user=0.22 sys=0.00, real=0.03 secs] 
2016-09-25T21:34:28.179-0400: 37.412: [Full GC (Ergonomics) [PSYoungGen: 155350K->0K(194048K)] [ParOldGen: 509323K->139763K(524288K)] 664674K->139763K(718336K), [Metaspace: 43405K->43405K(1085440K)], 0.0944694 secs] [Times: user=0.60 sys=0.02, real=0.09 secs] 
2016-09-25T21:34:28.439-0400: 37.672: [GC (GCLocker Initiated GC) [PSYoungGen: 125952K->40483K(188928K)] 265752K->180283K(713216K), 0.0192308 secs] [Times: user=0.19 sys=0.00, real=0.02 secs] 
2016-09-25T21:34:28.597-0400: 37.830: [GC (GCLocker Initiated GC) [PSYoungGen: 167459K->29631K(192000K)] 307344K->184149K(716288K), 0.0198996 secs] [Times: user=0.18 sys=0.01, real=0.02 secs] 
2016-09-25T21:34:28.757-0400: 37.990: [GC (GCLocker Initiated GC) [PSYoungGen: 156607K->44484K(195072K)] 311196K->208069K(719360K), 0.0102052 secs] [Times: user=0.08 sys=0.00, real=0.01 secs] 
2016-09-25T21:34:28.938-0400: 38.171: [GC (GCLocker Initiated GC) [PSYoungGen: 177604K->29601K(196608K)] 341304K->207733K(720896K), 0.0230168 secs] [Times: user=0.22 sys=0.00, real=0.02 secs] 
2016-09-25T21:34:29.101-0400: 38.334: [GC (GCLocker Initiated GC) [PSYoungGen: 162721K->29964K(195072K)] 350498K->224120K(719360K), 0.0333007 secs] [Times: user=0.36 sys=0.01, real=0.03 secs] 
2016-09-25T21:34:29.295-0400: 38.528: [GC (GCLocker Initiated GC) [PSYoungGen: 165644K->36419K(197120K)] 367156K->239033K(721408K), 0.0194343 secs] [Times: user=0.20 sys=0.00, real=0.02 secs] 
2016-09-25T21:34:29.467-0400: 38.700: [GC (GCLocker Initiated GC) [PSYoungGen: 172099K->25453K(199680K)] 377442K->239879K(723968K), 0.0162129 secs] [Times: user=0.13 sys=0.00, real=0.02 secs] 
2016-09-25T21:34:29.644-0400: 38.877: [GC (GCLocker Initiated GC) [PSYoungGen: 166765K->35056K(200192K)] 388240K->257421K(724480K), 0.0230502 secs] [Times: user=0.22 sys=0.00, real=0.02 secs] 
2016-09-25T21:34:29.822-0400: 39.055: [GC (GCLocker Initiated GC) [PSYoungGen: 176368K->40427K(202240K)] 405124K->270021K(726528K), 0.0055015 secs] [Times: user=0.04 sys=0.01, real=0.01 secs] 
2016-09-25T21:34:29.955-0400: 39.188: [GC (GCLocker Initiated GC) [PSYoungGen: 185835K->33478K(201728K)] 419556K->268020K(726016K), 0.0188105 secs] [Times: user=0.16 sys=0.00, real=0.01 secs] 
2016-09-25T21:34:30.155-0400: 39.388: [GC (GCLocker Initiated GC) [PSYoungGen: 178886K->36273K(204288K)] 418832K->277041K(728576K), 0.0176807 secs] [Times: user=0.15 sys=0.00, real=0.01 secs] 
2016-09-25T21:34:30.355-0400: 39.588: [GC (Allocation Failure) [PSYoungGen: 186801K->24003K(203776K)] 427637K->265587K(728064K), 0.0221928 secs] [Times: user=0.19 sys=0.00, real=0.02 secs] 
2016-09-25T21:34:30.559-0400: 39.792: [GC (GCLocker Initiated GC) [PSYoungGen: 171981K->45713K(204288K)] 416265K->304335K(728576K), 0.0153889 secs] [Times: user=0.14 sys=0.01, real=0.02 secs] 
2016-09-25T21:34:30.743-0400: 39.976: [GC (GCLocker Initiated GC) [PSYoungGen: 196241K->31991K(206336K)] 454895K->291209K(730624K), 0.0146705 secs] [Times: user=0.10 sys=0.00, real=0.01 secs] 
2016-09-25T21:34:30.907-0400: 40.140: [GC (GCLocker Initiated GC) [PSYoungGen: 182519K->49742K(200704K)] 441896K->317895K(724992K), 0.0229928 secs] [Times: user=0.20 sys=0.01, real=0.02 secs] 
2016-09-25T21:34:31.083-0400: 40.316: [GC (Allocation Failure) [PSYoungGen: 196174K->50972K(197632K)] 464561K->330892K(721920K), 1.0756810 secs] [Times: user=0.17 sys=0.01, real=1.07 secs] 
2016-09-25T21:34:32.317-0400: 41.550: [GC (GCLocker Initiated GC) [PSYoungGen: 197404K->41524K(202240K)] 477329K->322055K(726528K), 0.0269978 secs] [Times: user=0.28 sys=0.00, real=0.03 secs] 
2016-09-25T21:34:32.503-0400: 41.736: [GC (GCLocker Initiated GC) [PSYoungGen: 182836K->40220K(181760K)] 468843K->326956K(706048K), 0.0092297 secs] [Times: user=0.05 sys=0.00, real=0.00 secs] 
2016-09-25T21:34:32.653-0400: 41.887: [GC (GCLocker Initiated GC) [PSYoungGen: 181532K->49694K(197632K)] 468417K->337266K(721920K), 0.0140441 secs] [Times: user=0.13 sys=0.01, real=0.02 secs] 
2016-09-25T21:34:32.818-0400: 42.051: [GC (GCLocker Initiated GC) [PSYoungGen: 188958K->37578K(199680K)] 488747K->354277K(723968K), 0.0151426 secs] [Times: user=0.12 sys=0.01, real=0.01 secs] 
2016-09-25T21:34:32.991-0400: 42.224: [GC (GCLocker Initiated GC) [PSYoungGen: 176842K->41740K(199168K)] 501759K->375590K(723456K), 0.0186850 secs] [Times: user=0.17 sys=0.00, real=0.02 secs] 
2016-09-25T21:34:33.167-0400: 42.400: [GC (GCLocker Initiated GC) [PSYoungGen: 184588K->48509K(200704K)] 523861K->402098K(724992K), 0.0357786 secs] [Times: user=0.41 sys=0.01, real=0.04 secs] 
2016-09-25T21:34:33.365-0400: 42.598: [GC (GCLocker Initiated GC) [PSYoungGen: 191357K->47142K(201728K)] 544955K->401607K(726016K), 0.0117318 secs] [Times: user=0.12 sys=0.01, real=0.01 secs] 
2016-09-25T21:34:33.520-0400: 42.753: [GC (GCLocker Initiated GC) [PSYoungGen: 189478K->34930K(177664K)] 546763K->403785K(701952K), 0.0411412 secs] [Times: user=0.42 sys=0.01, real=0.04 secs] 
2016-09-25T21:34:33.700-0400: 42.933: [GC (GCLocker Initiated GC) [PSYoungGen: 177266K->32182K(201728K)] 551543K->407374K(726016K), 0.0348773 secs] [Times: user=0.32 sys=0.01, real=0.04 secs] 
2016-09-25T21:34:33.875-0400: 43.108: [GC (GCLocker Initiated GC) [PSYoungGen: 175030K->47096K(201728K)] 552942K->425852K(726016K), 0.0180365 secs] [Times: user=0.17 sys=0.00, real=0.01 secs] 
2016-09-25T21:34:34.047-0400: 43.280: [GC (GCLocker Initiated GC) [PSYoungGen: 189944K->33565K(202752K)] 571537K->416018K(727040K), 0.0207884 secs] [Times: user=0.17 sys=0.01, real=0.02 secs] 
2016-09-25T21:34:34.213-0400: 43.446: [GC (GCLocker Initiated GC) [PSYoungGen: 177437K->36202K(180224K)] 562597K->422167K(704512K), 0.0097521 secs] [Times: user=0.07 sys=0.00, real=0.02 secs] 
2016-09-25T21:34:34.391-0400: 43.624: [GC (GCLocker Initiated GC) [PSYoungGen: 180074K->49799K(199680K)] 566185K->436795K(723968K), 0.0177680 secs] [Times: user=0.19 sys=0.00, real=0.02 secs] 
2016-09-25T21:34:34.561-0400: 43.794: [GC (GCLocker Initiated GC) [PSYoungGen: 192135K->41827K(201728K)] 579156K->445942K(726016K), 0.0126618 secs] [Times: user=0.15 sys=0.00, real=0.01 secs] 
2016-09-25T21:34:34.725-0400: 43.958: [GC (GCLocker Initiated GC) [PSYoungGen: 184163K->21372K(200704K)] 593681K->431705K(724992K), 0.0090768 secs] [Times: user=0.09 sys=0.00, real=0.00 secs] 
2016-09-25T21:34:34.875-0400: 44.108: [GC (GCLocker Initiated GC) [PSYoungGen: 163708K->45698K(188416K)] 579497K->462425K(712704K), 0.0392633 secs] [Times: user=0.42 sys=0.01, real=0.04 secs] 
2016-09-25T21:34:35.053-0400: 44.286: [GC (GCLocker Initiated GC) [PSYoungGen: 188034K->47227K(200704K)] 605227K->467924K(724992K), 0.0142450 secs] [Times: user=0.14 sys=0.00, real=0.02 secs] 
2016-09-25T21:34:35.219-0400: 44.453: [GC (GCLocker Initiated GC) [PSYoungGen: 187515K->38900K(179200K)] 610949K->463141K(703488K), 0.0269388 secs] [Times: user=0.26 sys=0.01, real=0.03 secs] 
2016-09-25T21:34:35.384-0400: 44.617: [GC (GCLocker Initiated GC) [PSYoungGen: 179188K->41782K(201728K)] 606135K->469476K(726016K), 0.0192428 secs] [Times: user=0.19 sys=0.01, real=0.02 secs] 
2016-09-25T21:34:35.547-0400: 44.780: [GC (GCLocker Initiated GC) [PSYoungGen: 184118K->28112K(200192K)] 619978K->464703K(724480K), 0.0133907 secs] [Times: user=0.10 sys=0.00, real=0.01 secs] 
2016-09-25T21:34:35.718-0400: 44.951: [GC (GCLocker Initiated GC) [PSYoungGen: 170448K->18533K(200704K)] 608390K->468091K(724992K), 0.0480707 secs] [Times: user=0.47 sys=0.02, real=0.05 secs] 
2016-09-25T21:34:35.885-0400: 45.118: [GC (GCLocker Initiated GC) [PSYoungGen: 160869K->48312K(190976K)] 613156K->501350K(715264K), 0.0141366 secs] [Times: user=0.15 sys=0.01, real=0.01 secs] 
2016-09-25T21:34:37.276-0400: 46.509: [GC (GCLocker Initiated GC) [PSYoungGen: 190648K->9312K(195072K)] 665502K->510470K(719360K), 0.0340561 secs] [Times: user=0.25 sys=0.02, real=0.03 secs] 
2016-09-25T21:34:37.310-0400: 46.544: [Full GC (Ergonomics) [PSYoungGen: 9312K->0K(195072K)] [ParOldGen: 501157K->163984K(524288K)] 510470K->163984K(719360K), [Metaspace: 43445K->43445K(1085440K)], 0.1229677 secs] [Times: user=0.65 sys=0.05, real=0.12 secs] 
2016-09-25T21:34:37.593-0400: 46.826: [GC (GCLocker Initiated GC) [PSYoungGen: 133120K->45515K(178688K)] 297928K->210323K(702976K), 0.0109463 secs] [Times: user=0.10 sys=0.01, real=0.02 secs] 
2016-09-25T21:34:37.751-0400: 46.984: [GC (GCLocker Initiated GC) [PSYoungGen: 178635K->60698K(183808K)] 346176K->236952K(708096K), 0.0156099 secs] [Times: user=0.17 sys=0.00, real=0.02 secs] 
2016-09-25T21:34:37.864-0400: 47.097: [GC (GCLocker Initiated GC) [PSYoungGen: 179482K->44333K(190464K)] 355781K->234809K(714752K), 0.0261240 secs] [Times: user=0.30 sys=0.00, real=0.02 secs] 
2016-09-25T21:34:38.011-0400: 47.245: [GC (GCLocker Initiated GC) [PSYoungGen: 163117K->40412K(183808K)] 360577K->262841K(708096K), 0.0168751 secs] [Times: user=0.17 sys=0.01, real=0.02 secs] 
2016-09-25T21:34:38.155-0400: 47.388: [GC (GCLocker Initiated GC) [PSYoungGen: 160732K->65898K(186368K)] 383239K->289083K(710656K), 0.0078700 secs] [Times: user=0.08 sys=0.00, real=0.01 secs] 
2016-09-25T21:34:38.279-0400: 47.513: [GC (GCLocker Initiated GC) [PSYoungGen: 186218K->38871K(189952K)] 412209K->273540K(714240K), 0.0214072 secs] [Times: user=0.22 sys=0.01, real=0.02 secs] 
2016-09-25T21:34:38.420-0400: 47.653: [GC (GCLocker Initiated GC) [PSYoungGen: 154071K->21129K(187392K)] 401053K->268751K(711680K), 0.0059476 secs] [Times: user=0.05 sys=0.00, real=0.01 secs] 
2016-09-25T21:34:38.541-0400: 47.775: [GC (GCLocker Initiated GC) [PSYoungGen: 136329K->31892K(188416K)] 384061K->288371K(712704K), 0.0074849 secs] [Times: user=0.05 sys=0.01, real=0.01 secs] 
2016-09-25T21:34:38.654-0400: 47.887: [GC (GCLocker Initiated GC) [PSYoungGen: 148628K->42755K(187392K)] 405120K->299801K(711680K), 0.0132451 secs] [Times: user=0.09 sys=0.01, real=0.02 secs] 
2016-09-25T21:34:38.822-0400: 48.055: [GC (GCLocker Initiated GC) [PSYoungGen: 159491K->22773K(188416K)] 426117K->300800K(712704K), 0.0475343 secs] [Times: user=0.23 sys=0.04, real=0.04 secs] 
2016-09-25T21:34:38.990-0400: 48.223: [GC (GCLocker Initiated GC) [PSYoungGen: 142581K->26527K(188416K)] 428733K->313311K(712704K), 0.0281967 secs] [Times: user=0.36 sys=0.02, real=0.03 secs] 
2016-09-25T21:34:39.141-0400: 48.374: [GC (GCLocker Initiated GC) [PSYoungGen: 146335K->35919K(188416K)] 433200K->328796K(712704K), 0.0085828 secs] [Times: user=0.08 sys=0.00, real=0.01 secs] 
2016-09-25T21:34:39.275-0400: 48.508: [GC (GCLocker Initiated GC) [PSYoungGen: 161871K->51340K(190464K)] 454770K->352966K(714752K), 0.0248421 secs] [Times: user=0.18 sys=0.01, real=0.02 secs] 
2016-09-25T21:34:39.424-0400: 48.657: [GC (GCLocker Initiated GC) [PSYoungGen: 177292K->46899K(194048K)] 478944K->349263K(718336K), 0.0152522 secs] [Times: user=0.12 sys=0.02, real=0.01 secs] 
2016-09-25T21:34:39.572-0400: 48.805: [GC (GCLocker Initiated GC) [PSYoungGen: 173875K->57814K(184832K)] 476492K->366525K(709120K), 0.0114011 secs] [Times: user=0.10 sys=0.01, real=0.02 secs] 
2016-09-25T21:34:39.785-0400: 49.018: [GC (GCLocker Initiated GC) [PSYoungGen: 184790K->38769K(193024K)] 496257K->350975K(717312K), 0.0506470 secs] [Times: user=0.54 sys=0.03, real=0.05 secs] 
2016-09-25T21:34:40.053-0400: 49.286: [GC (GCLocker Initiated GC) [PSYoungGen: 160113K->25353K(146944K)] 475043K->351811K(671232K), 0.0282089 secs] [Times: user=0.30 sys=0.06, real=0.03 secs] 
2016-09-25T21:34:40.231-0400: 49.464: [GC (GCLocker Initiated GC) [PSYoungGen: 146697K->37593K(192512K)] 481439K->381272K(716800K), 0.0309110 secs] [Times: user=0.42 sys=0.05, real=0.03 secs] 
2016-09-25T21:34:40.409-0400: 49.642: [GC (GCLocker Initiated GC) [PSYoungGen: 161497K->32169K(189952K)] 507891K->390170K(714240K), 0.0278014 secs] [Times: user=0.22 sys=0.08, real=0.03 secs] 
2016-09-25T21:34:40.540-0400: 49.773: [GC (GCLocker Initiated GC) [PSYoungGen: 156073K->39035K(194048K)] 516956K->403465K(718336K), 0.0163386 secs] [Times: user=0.14 sys=0.02, real=0.02 secs] 
2016-09-25T21:34:40.689-0400: 49.923: [GC (GCLocker Initiated GC) [PSYoungGen: 168571K->44444K(192000K)] 538556K->415264K(716288K), 0.0310746 secs] [Times: user=0.29 sys=0.02, real=0.03 secs] 
2016-09-25T21:34:40.830-0400: 50.063: [GC (GCLocker Initiated GC) [PSYoungGen: 173980K->37789K(197632K)] 544841K->423034K(721920K), 0.0109419 secs] [Times: user=0.08 sys=0.00, real=0.01 secs] 
2016-09-25T21:34:40.964-0400: 50.197: [GC (GCLocker Initiated GC) [PSYoungGen: 175005K->24379K(197120K)] 568408K->445682K(721408K), 0.0249402 secs] [Times: user=0.24 sys=0.02, real=0.02 secs] 
2016-09-25T21:34:41.132-0400: 50.365: [GC (GCLocker Initiated GC) [PSYoungGen: 161595K->31014K(200704K)] 593799K->464231K(724992K), 0.0089360 secs] [Times: user=0.06 sys=0.01, real=0.01 secs] 
2016-09-25T21:34:41.285-0400: 50.518: [GC (GCLocker Initiated GC) [PSYoungGen: 172838K->49980K(192000K)] 608787K->486971K(716288K), 0.0262823 secs] [Times: user=0.26 sys=0.03, real=0.02 secs] 
2016-09-25T21:34:41.440-0400: 50.673: [GC (GCLocker Initiated GC) [PSYoungGen: 191804K->39205K(202240K)] 631080K->482233K(726528K), 0.0218114 secs] [Times: user=0.21 sys=0.00, real=0.02 secs] 
2016-09-25T21:34:41.596-0400: 50.830: [GC (GCLocker Initiated GC) [PSYoungGen: 179493K->24093K(200192K)] 627924K->473497K(724480K), 0.0293026 secs] [Times: user=0.29 sys=0.00, real=0.03 secs] 
2016-09-25T21:34:41.759-0400: 50.992: [GC (GCLocker Initiated GC) [PSYoungGen: 164381K->29487K(200704K)] 617869K->483879K(724992K), 0.0194372 secs] [Times: user=0.18 sys=0.00, real=0.02 secs] 
2016-09-25T21:34:41.908-0400: 51.141: [GC (GCLocker Initiated GC) [PSYoungGen: 171311K->44450K(200704K)] 628436K->518681K(724992K), 0.0116231 secs] [Times: user=0.11 sys=0.01, real=0.01 secs] 
2016-09-25T21:34:42.058-0400: 51.291: [GC (GCLocker Initiated GC) [PSYoungGen: 186274K->35074K(200192K)] 663241K->531767K(724480K), 0.0171034 secs] [Times: user=0.14 sys=0.02, real=0.02 secs] 
2016-09-25T21:34:42.075-0400: 51.308: [Full GC (Ergonomics) [PSYoungGen: 35074K->0K(200192K)] [ParOldGen: 496693K->185305K(524288K)] 531767K->185305K(724480K), [Metaspace: 43449K->43449K(1085440K)], 0.1087838 secs] [Times: user=0.45 sys=0.04, real=0.11 secs] 
2016-09-25T21:34:42.306-0400: 51.539: [GC (GCLocker Initiated GC) [PSYoungGen: 143360K->51410K(195072K)] 328695K->236746K(719360K), 0.0107705 secs] [Times: user=0.11 sys=0.00, real=0.01 secs] 
2016-09-25T21:34:42.463-0400: 51.696: [GC (GCLocker Initiated GC) [PSYoungGen: 194770K->32096K(202240K)] 384393K->222764K(726528K), 0.0293026 secs] [Times: user=0.30 sys=0.00, real=0.02 secs] 
2016-09-25T21:34:42.617-0400: 51.850: [GC (GCLocker Initiated GC) [PSYoungGen: 172896K->29364K(170496K)] 366299K->223438K(694784K), 0.0055432 secs] [Times: user=0.04 sys=0.00, real=0.01 secs] 
2016-09-25T21:34:42.746-0400: 51.979: [GC (GCLocker Initiated GC) [PSYoungGen: 170164K->34921K(202240K)] 377773K->248649K(726528K), 0.0226457 secs] [Times: user=0.20 sys=0.00, real=0.02 secs] 
2016-09-25T21:34:42.896-0400: 52.129: [GC (GCLocker Initiated GC) [PSYoungGen: 177769K->42953K(200192K)] 391573K->257536K(724480K), 0.0099872 secs] [Times: user=0.08 sys=0.01, real=0.01 secs] 
2016-09-25T21:34:43.027-0400: 52.260: [GC (GCLocker Initiated GC) [PSYoungGen: 185801K->44300K(202752K)] 403118K->262263K(727040K), 0.0102305 secs] [Times: user=0.09 sys=0.00, real=0.01 secs] 
2016-09-25T21:34:43.148-0400: 52.381: [GC (GCLocker Initiated GC) [PSYoungGen: 189196K->57890K(203264K)] 410104K->282246K(727552K), 0.0188168 secs] [Times: user=0.18 sys=0.00, real=0.02 secs] 
2016-09-25T21:34:43.285-0400: 52.518: [GC (GCLocker Initiated GC) [PSYoungGen: 202786K->57845K(184832K)] 427290K->293811K(709120K), 0.0167075 secs] [Times: user=0.17 sys=0.00, real=0.01 secs] 
2016-09-25T21:34:43.407-0400: 52.640: [GC (GCLocker Initiated GC) [PSYoungGen: 183797K->45432K(194048K)] 419793K->295584K(718336K), 0.0155057 secs] [Times: user=0.14 sys=0.00, real=0.02 secs] 
2016-09-25T21:34:43.530-0400: 52.763: [GC (GCLocker Initiated GC) [PSYoungGen: 171384K->29323K(192512K)] 426955K->304373K(716800K), 0.0123906 secs] [Times: user=0.12 sys=0.01, real=0.02 secs] 
2016-09-25T21:34:43.651-0400: 52.884: [GC (GCLocker Initiated GC) [PSYoungGen: 156811K->29163K(194048K)] 437050K->312618K(718336K), 0.0128801 secs] [Times: user=0.11 sys=0.01, real=0.02 secs] 
2016-09-25T21:34:43.768-0400: 53.001: [GC (GCLocker Initiated GC) [PSYoungGen: 156651K->44017K(193024K)] 442884K->330795K(717312K), 0.0255066 secs] [Times: user=0.24 sys=0.00, real=0.02 secs] 
2016-09-25T21:34:43.913-0400: 53.146: [GC (GCLocker Initiated GC) [PSYoungGen: 173553K->31888K(194560K)] 463823K->328047K(718848K), 0.0159624 secs] [Times: user=0.16 sys=0.00, real=0.02 secs] 
2016-09-25T21:34:44.030-0400: 53.263: [GC (GCLocker Initiated GC) [PSYoungGen: 161424K->29070K(194560K)] 457645K->344701K(718848K), 0.0236089 secs] [Times: user=0.28 sys=0.00, real=0.02 secs] 
2016-09-25T21:34:44.170-0400: 53.403: [GC (GCLocker Initiated GC) [PSYoungGen: 162190K->49449K(196096K)] 483240K->376331K(720384K), 0.0115962 secs] [Times: user=0.10 sys=0.00, real=0.01 secs] 
2016-09-25T21:34:44.279-0400: 53.512: [GC (GCLocker Initiated GC) [PSYoungGen: 182569K->41433K(197120K)] 516292K->383825K(721408K), 0.0105871 secs] [Times: user=0.11 sys=0.00, real=0.01 secs] 
2016-09-25T21:34:44.410-0400: 53.643: [GC (GCLocker Initiated GC) [PSYoungGen: 175577K->21040K(197120K)] 530241K->389709K(721408K), 0.0191193 secs] [Times: user=0.20 sys=0.01, real=0.02 secs] 
2016-09-25T21:34:44.557-0400: 53.790: [GC (GCLocker Initiated GC) [PSYoungGen: 155184K->35837K(195072K)] 530576K->425208K(719360K), 0.0338061 secs] [Times: user=0.37 sys=0.00, real=0.03 secs] 
2016-09-25T21:34:44.732-0400: 53.966: [GC (GCLocker Initiated GC) [PSYoungGen: 171005K->37175K(196608K)] 560383K->426958K(720896K), 0.0149151 secs] [Times: user=0.12 sys=0.00, real=0.02 secs] 
2016-09-25T21:34:44.853-0400: 54.086: [GC (GCLocker Initiated GC) [PSYoungGen: 172343K->35648K(197120K)] 562271K->425842K(721408K), 0.0130458 secs] [Times: user=0.08 sys=0.00, real=0.02 secs] 
2016-09-25T21:34:44.975-0400: 54.208: [GC (GCLocker Initiated GC) [PSYoungGen: 176960K->37190K(198656K)] 573910K->434447K(722944K), 0.0121720 secs] [Times: user=0.11 sys=0.01, real=0.01 secs] 
2016-09-25T21:34:45.120-0400: 54.354: [GC (GCLocker Initiated GC) [PSYoungGen: 178502K->54758K(197632K)] 575799K->452354K(721920K), 0.0219938 secs] [Times: user=0.24 sys=0.00, real=0.03 secs] 
2016-09-25T21:34:45.256-0400: 54.489: [GC (GCLocker Initiated GC) [PSYoungGen: 197094K->34541K(202240K)] 597582K->446168K(726528K), 0.0079167 secs] [Times: user=0.08 sys=0.00, real=0.01 secs] 
2016-09-25T21:34:45.393-0400: 54.626: [GC (GCLocker Initiated GC) [PSYoungGen: 176877K->31915K(199168K)] 599354K->454770K(723456K), 0.0079811 secs] [Times: user=0.07 sys=0.00, real=0.01 secs] 
2016-09-25T21:34:45.547-0400: 54.780: [GC (GCLocker Initiated GC) [PSYoungGen: 175275K->38537K(201216K)] 601075K->464806K(725504K), 0.0200984 secs] [Times: user=0.18 sys=0.00, real=0.02 secs] 
2016-09-25T21:34:45.709-0400: 54.942: [GC (GCLocker Initiated GC) [PSYoungGen: 181897K->31838K(201728K)] 612182K->462558K(726016K), 0.0187139 secs] [Times: user=0.16 sys=0.01, real=0.02 secs] 
2016-09-25T21:34:45.863-0400: 55.096: [GC (GCLocker Initiated GC) [PSYoungGen: 179806K->27965K(203264K)] 618711K->467443K(727552K), 0.0279731 secs] [Times: user=0.31 sys=0.01, real=0.02 secs] 
2016-09-25T21:34:46.039-0400: 55.273: [GC (GCLocker Initiated GC) [PSYoungGen: 175933K->29405K(205824K)] 623582K->477667K(730112K), 0.0086558 secs] [Times: user=0.10 sys=0.00, real=0.01 secs] 
2016-09-25T21:34:46.217-0400: 55.450: [GC (GCLocker Initiated GC) [PSYoungGen: 180957K->11753K(163328K)] 645425K->487692K(687616K), 0.0115725 secs] [Times: user=0.10 sys=0.00, real=0.01 secs] 
2016-09-25T21:34:46.409-0400: 55.643: [GC (GCLocker Initiated GC) [PSYoungGen: 163305K->32107K(207360K)] 654098K->534453K(731648K), 0.0364981 secs] [Times: user=0.52 sys=0.01, real=0.04 secs] 
2016-09-25T21:34:46.603-0400: 55.836: [Full GC (Ergonomics) [PSYoungGen: 182635K->0K(207360K)] [ParOldGen: 507983K->200657K(524288K)] 690618K->200657K(731648K), [Metaspace: 43469K->43469K(1085440K)], 0.0877067 secs] [Times: user=0.63 sys=0.02, real=0.08 secs] 
2016-09-25T21:34:46.836-0400: 56.069: [GC (GCLocker Initiated GC) [PSYoungGen: 150528K->33778K(184320K)] 360699K->243950K(708608K), 0.0050888 secs] [Times: user=0.06 sys=0.01, real=0.00 secs] 
2016-09-25T21:34:46.997-0400: 56.230: [GC (GCLocker Initiated GC) [PSYoungGen: 184306K->45740K(200704K)] 397201K->260851K(724992K), 0.0426205 secs] [Times: user=0.39 sys=0.00, real=0.04 secs] 
2016-09-25T21:34:47.171-0400: 56.404: [GC (GCLocker Initiated GC) [PSYoungGen: 193708K->48626K(203264K)] 411570K->283502K(727552K), 0.0194011 secs] [Times: user=0.21 sys=0.00, real=0.02 secs] 
2016-09-25T21:34:47.334-0400: 56.567: [GC (GCLocker Initiated GC) [PSYoungGen: 196594K->31514K(204800K)] 442299K->288987K(729088K), 0.0182957 secs] [Times: user=0.18 sys=0.00, real=0.01 secs] 
2016-09-25T21:34:47.512-0400: 56.746: [GC (GCLocker Initiated GC) [PSYoungGen: 177434K->47435K(193536K)] 435196K->306451K(717824K), 0.0392837 secs] [Times: user=0.39 sys=0.01, real=0.04 secs] 
2016-09-25T21:34:47.722-0400: 56.956: [GC (GCLocker Initiated GC) [PSYoungGen: 193355K->31710K(204288K)] 459150K->301428K(728576K), 0.0417265 secs] [Times: user=0.37 sys=0.00, real=0.04 secs] 
2016-09-25T21:34:47.917-0400: 57.150: [GC (GCLocker Initiated GC) [PSYoungGen: 176606K->38609K(183808K)] 450522K->333069K(708096K), 0.0106126 secs] [Times: user=0.13 sys=0.01, real=0.01 secs] 
2016-09-25T21:34:48.072-0400: 57.305: [GC (GCLocker Initiated GC) [PSYoungGen: 183505K->40992K(202240K)] 482029K->340944K(726528K), 0.0145731 secs] [Times: user=0.17 sys=0.00, real=0.02 secs] 
2016-09-25T21:34:48.228-0400: 57.462: [GC (GCLocker Initiated GC) [PSYoungGen: 186400K->55930K(201728K)] 486485K->362849K(726016K), 0.0115340 secs] [Times: user=0.11 sys=0.00, real=0.01 secs] 
2016-09-25T21:34:48.397-0400: 57.630: [GC (GCLocker Initiated GC) [PSYoungGen: 201338K->36934K(202752K)] 509700K->354854K(727040K), 0.0227594 secs] [Times: user=0.28 sys=0.00, real=0.02 secs] 
2016-09-25T21:34:48.560-0400: 57.793: [GC (GCLocker Initiated GC) [PSYoungGen: 179270K->39771K(182272K)] 502522K->364490K(706560K), 0.0051855 secs] [Times: user=0.05 sys=0.00, real=0.01 secs] 
2016-09-25T21:34:48.704-0400: 57.938: [GC (GCLocker Initiated GC) [PSYoungGen: 182107K->27791K(200192K)] 519236K->366348K(724480K), 0.0064666 secs] [Times: user=0.05 sys=0.01, real=0.00 secs] 
2016-09-25T21:34:48.858-0400: 58.091: [GC (GCLocker Initiated GC) [PSYoungGen: 170127K->42241K(200192K)] 511420K->385136K(724480K), 0.0153696 secs] [Times: user=0.16 sys=0.01, real=0.01 secs] 
2016-09-25T21:34:49.005-0400: 58.238: [GC (GCLocker Initiated GC) [PSYoungGen: 184577K->33014K(201216K)] 530177K->404255K(725504K), 0.0165760 secs] [Times: user=0.18 sys=0.01, real=0.01 secs] 
2016-09-25T21:34:49.165-0400: 58.398: [GC (GCLocker Initiated GC) [PSYoungGen: 179446K->45109K(202752K)] 550781K->417896K(727040K), 0.0101542 secs] [Times: user=0.12 sys=0.00, real=0.01 secs] 
2016-09-25T21:34:49.328-0400: 58.561: [GC (GCLocker Initiated GC) [PSYoungGen: 191541K->49110K(200704K)] 564435K->423458K(724992K), 0.0153633 secs] [Times: user=0.18 sys=0.01, real=0.02 secs] 
2016-09-25T21:34:49.491-0400: 58.724: [GC (GCLocker Initiated GC) [PSYoungGen: 192470K->42532K(202752K)] 572222K->426468K(727040K), 0.0264771 secs] [Times: user=0.29 sys=0.00, real=0.03 secs] 
2016-09-25T21:34:49.665-0400: 58.898: [GC (GCLocker Initiated GC) [PSYoungGen: 185892K->35505K(199168K)] 575369K->426448K(723456K), 0.0185463 secs] [Times: user=0.20 sys=0.00, real=0.02 secs] 
2016-09-25T21:34:49.853-0400: 59.086: [GC (GCLocker Initiated GC) [PSYoungGen: 179377K->39699K(201216K)] 575493K->437298K(725504K), 0.0125315 secs] [Times: user=0.14 sys=0.00, real=0.02 secs] 
2016-09-25T21:34:50.036-0400: 59.270: [GC (GCLocker Initiated GC) [PSYoungGen: 183571K->42490K(203264K)] 586731K->447205K(727552K), 0.0111788 secs] [Times: user=0.12 sys=0.02, real=0.01 secs] 
2016-09-25T21:34:50.225-0400: 59.458: [GC (GCLocker Initiated GC) [PSYoungGen: 191482K->45274K(204288K)] 596229K->451523K(728576K), 0.0144504 secs] [Times: user=0.18 sys=0.00, real=0.01 secs] 
2016-09-25T21:34:50.432-0400: 59.665: [GC (GCLocker Initiated GC) [PSYoungGen: 194266K->44142K(206336K)] 610040K->461475K(730624K), 0.0249286 secs] [Times: user=0.27 sys=0.01, real=0.03 secs] 
2016-09-25T21:34:50.642-0400: 59.876: [GC (GCLocker Initiated GC) [PSYoungGen: 194670K->49297K(200192K)] 612039K->492688K(724480K), 0.0101464 secs] [Times: user=0.10 sys=0.00, real=0.00 secs] 
2016-09-25T21:34:50.797-0400: 60.030: [GC (GCLocker Initiated GC) [PSYoungGen: 199825K->31810K(203776K)] 652765K->505186K(728064K), 0.0085064 secs] [Times: user=0.10 sys=0.00, real=0.01 secs] 
2016-09-25T21:34:50.955-0400: 60.188: [GC (GCLocker Initiated GC) [PSYoungGen: 178242K->44876K(204288K)] 657095K->525407K(728576K), 0.0070582 secs] [Times: user=0.05 sys=0.00, real=0.00 secs] 
2016-09-25T21:34:51.120-0400: 60.353: [GC (GCLocker Initiated GC) [PSYoungGen: 191308K->35452K(203264K)] 678741K->545889K(727552K), 0.0235276 secs] [Times: user=0.27 sys=0.01, real=0.03 secs] 
2016-09-25T21:34:51.143-0400: 60.377: [Full GC (Ergonomics) [PSYoungGen: 35452K->0K(203264K)] [ParOldGen: 510437K->238028K(524288K)] 545889K->238028K(727552K), [Metaspace: 43474K->43474K(1085440K)], 0.0771443 secs] [Times: user=0.61 sys=0.02, real=0.07 secs] 
2016-09-25T21:34:51.368-0400: 60.601: [GC (GCLocker Initiated GC) [PSYoungGen: 146944K->27645K(203776K)] 396217K->276919K(728064K), 0.0060738 secs] [Times: user=0.09 sys=0.00, real=0.01 secs] 
2016-09-25T21:34:51.495-0400: 60.728: [GC (GCLocker Initiated GC) [PSYoungGen: 174589K->55419K(196608K)] 426622K->322442K(720896K), 0.0155644 secs] [Times: user=0.07 sys=0.02, real=0.01 secs] 
2016-09-25T21:34:51.613-0400: 60.846: [GC (GCLocker Initiated GC) [PSYoungGen: 194683K->48276K(187904K)] 468486K->331038K(712192K), 0.0127744 secs] [Times: user=0.15 sys=0.00, real=0.02 secs] 
2016-09-25T21:34:51.731-0400: 60.964: [GC (GCLocker Initiated GC) [PSYoungGen: 187540K->48365K(198656K)] 473141K->348116K(722944K), 0.0210517 secs] [Times: user=0.28 sys=0.02, real=0.02 secs] 
2016-09-25T21:34:51.863-0400: 61.096: [GC (GCLocker Initiated GC) [PSYoungGen: 184557K->49659K(185856K)] 489842K->369020K(710144K), 0.0061088 secs] [Times: user=0.07 sys=0.01, real=0.00 secs] 
2016-09-25T21:34:51.984-0400: 61.217: [GC (GCLocker Initiated GC) [PSYoungGen: 185851K->59106K(190464K)] 505380K->379182K(714752K), 0.0080188 secs] [Times: user=0.10 sys=0.00, real=0.00 secs] 
2016-09-25T21:34:52.097-0400: 61.330: [GC (GCLocker Initiated GC) [PSYoungGen: 186082K->64595K(192000K)] 509034K->388090K(716288K), 0.0099151 secs] [Times: user=0.12 sys=0.01, real=0.01 secs] 
2016-09-25T21:34:52.211-0400: 61.444: [GC (GCLocker Initiated GC) [PSYoungGen: 191571K->64513K(178688K)] 516999K->390517K(702976K), 0.0061424 secs] [Times: user=0.08 sys=0.00, real=0.01 secs] 
2016-09-25T21:34:52.308-0400: 61.541: [GC (GCLocker Initiated GC) [PSYoungGen: 173057K->41447K(185344K)] 499167K->368116K(709632K), 0.0089670 secs] [Times: user=0.11 sys=0.01, real=0.01 secs] 
2016-09-25T21:34:52.413-0400: 61.646: [GC (GCLocker Initiated GC) [PSYoungGen: 149991K->37450K(181760K)] 495591K->386257K(706048K), 0.0109521 secs] [Times: user=0.13 sys=0.00, real=0.02 secs] 
2016-09-25T21:34:52.522-0400: 61.756: [GC (GCLocker Initiated GC) [PSYoungGen: 147530K->54948K(184320K)] 499077K->425924K(708608K), 0.0127007 secs] [Times: user=0.18 sys=0.00, real=0.01 secs] 
2016-09-25T21:34:52.632-0400: 61.865: [GC (GCLocker Initiated GC) [PSYoungGen: 165028K->27935K(185856K)] 536047K->423746K(710144K), 0.0103414 secs] [Times: user=0.11 sys=0.01, real=0.02 secs] 
2016-09-25T21:34:52.739-0400: 61.972: [GC (GCLocker Initiated GC) [PSYoungGen: 139551K->38851K(150528K)] 540828K->456808K(674816K), 0.0215775 secs] [Times: user=0.26 sys=0.01, real=0.02 secs] 
2016-09-25T21:34:52.845-0400: 62.078: [GC (GCLocker Initiated GC) [PSYoungGen: 150467K->41586K(187904K)] 574063K->484717K(712192K), 0.0093751 secs] [Times: user=0.11 sys=0.02, real=0.01 secs] 
2016-09-25T21:34:52.949-0400: 62.182: [GC (GCLocker Initiated GC) [PSYoungGen: 156274K->56452K(185856K)] 604808K->505536K(710144K), 0.0240970 secs] [Times: user=0.32 sys=0.00, real=0.02 secs] 
2016-09-25T21:34:53.076-0400: 62.309: [GC (GCLocker Initiated GC) [PSYoungGen: 171140K->42804K(188416K)] 620325K->492659K(712704K), 0.0164324 secs] [Times: user=0.20 sys=0.00, real=0.01 secs] 
2016-09-25T21:34:53.208-0400: 62.441: [GC (GCLocker Initiated GC) [PSYoungGen: 161076K->47169K(188928K)] 610934K->497685K(713216K), 0.0073350 secs] [Times: user=0.09 sys=0.00, real=0.01 secs] 
2016-09-25T21:34:53.328-0400: 62.561: [GC (GCLocker Initiated GC) [PSYoungGen: 165441K->44599K(188928K)] 624089K->504036K(713216K), 0.0075759 secs] [Times: user=0.06 sys=0.00, real=0.01 secs] 
2016-09-25T21:34:53.454-0400: 62.688: [GC (GCLocker Initiated GC) [PSYoungGen: 167479K->39138K(189440K)] 629649K->510326K(713728K), 0.0069497 secs] [Times: user=0.05 sys=0.00, real=0.00 secs] 
2016-09-25T21:34:53.578-0400: 62.811: [GC (GCLocker Initiated GC) [PSYoungGen: 162018K->39076K(194048K)] 636043K->538267K(718336K), 0.0121305 secs] [Times: user=0.17 sys=0.00, real=0.01 secs] 
2016-09-25T21:34:53.590-0400: 62.823: [Full GC (Ergonomics) [PSYoungGen: 39076K->0K(194048K)] [ParOldGen: 499191K->244365K(524288K)] 538267K->244365K(718336K), [Metaspace: 43490K->43490K(1085440K)], 0.0553274 secs] [Times: user=0.33 sys=0.00, real=0.06 secs] 
2016-09-25T21:34:53.768-0400: 63.001: [GC (GCLocker Initiated GC) [PSYoungGen: 130048K->41130K(194560K)] 381228K->292310K(718848K), 0.0099516 secs] [Times: user=0.13 sys=0.00, real=0.01 secs] 
2016-09-25T21:34:53.886-0400: 63.119: [GC (GCLocker Initiated GC) [PSYoungGen: 171178K->49942K(196096K)] 425195K->316131K(720384K), 0.0091008 secs] [Times: user=0.07 sys=0.02, real=0.01 secs] 
2016-09-25T21:34:54.014-0400: 63.247: [GC (GCLocker Initiated GC) [PSYoungGen: 183062K->51358K(196608K)] 453505K->322711K(720896K), 0.0294803 secs] [Times: user=0.32 sys=0.01, real=0.03 secs] 
2016-09-25T21:34:54.175-0400: 63.408: [GC (GCLocker Initiated GC) [PSYoungGen: 184478K->52709K(196096K)] 455846K->335893K(720384K), 0.0125339 secs] [Times: user=0.09 sys=0.03, real=0.01 secs] 
2016-09-25T21:34:54.313-0400: 63.546: [GC (GCLocker Initiated GC) [PSYoungGen: 184805K->47276K(179712K)] 468174K->342334K(704000K), 0.0076561 secs] [Times: user=0.08 sys=0.01, real=0.01 secs] 
2016-09-25T21:34:54.474-0400: 63.708: [GC (GCLocker Initiated GC) [PSYoungGen: 179372K->47403K(197632K)] 482698K->351682K(721920K), 0.0059710 secs] [Times: user=0.07 sys=0.00, real=0.00 secs] 
2016-09-25T21:34:54.588-0400: 63.821: [GC (GCLocker Initiated GC) [PSYoungGen: 181547K->54018K(196608K)] 488767K->381121K(720896K), 0.0140292 secs] [Times: user=0.16 sys=0.02, real=0.02 secs] 
2016-09-25T21:34:54.741-0400: 63.974: [GC (GCLocker Initiated GC) [PSYoungGen: 188162K->59222K(192512K)] 515339K->387215K(716800K), 0.0140789 secs] [Times: user=0.14 sys=0.00, real=0.02 secs] 
2016-09-25T21:34:54.896-0400: 64.129: [GC (GCLocker Initiated GC) [PSYoungGen: 188246K->55329K(184832K)] 516271K->400366K(709120K), 0.0122665 secs] [Times: user=0.16 sys=0.00, real=0.01 secs] 
2016-09-25T21:34:55.033-0400: 64.266: [GC (GCLocker Initiated GC) [PSYoungGen: 184353K->63335K(188416K)] 529531K->409282K(712704K), 0.0108506 secs] [Times: user=0.12 sys=0.00, real=0.02 secs] 
2016-09-25T21:34:55.158-0400: 64.391: [GC (GCLocker Initiated GC) [PSYoungGen: 184167K->34686K(155648K)] 537098K->388364K(679936K), 0.0179656 secs] [Times: user=0.16 sys=0.00, real=0.02 secs] 
2016-09-25T21:34:55.314-0400: 64.547: [GC (GCLocker Initiated GC) [PSYoungGen: 155518K->48387K(193024K)] 511269K->404714K(717312K), 0.0116991 secs] [Times: user=0.14 sys=0.00, real=0.02 secs] 
2016-09-25T21:34:55.417-0400: 64.650: [GC (GCLocker Initiated GC) [PSYoungGen: 169731K->53600K(190464K)] 527568K->412086K(714752K), 0.0159110 secs] [Times: user=0.18 sys=0.01, real=0.01 secs] 
2016-09-25T21:34:55.550-0400: 64.783: [GC (GCLocker Initiated GC) [PSYoungGen: 174944K->32097K(189440K)] 536162K->404649K(713728K), 0.0178000 secs] [Times: user=0.05 sys=0.05, real=0.02 secs] 
2016-09-25T21:34:55.658-0400: 64.891: [GC (GCLocker Initiated GC) [PSYoungGen: 152417K->34575K(190464K)] 527803K->429452K(714752K), 0.0091017 secs] [Times: user=0.04 sys=0.01, real=0.01 secs] 
2016-09-25T21:34:55.780-0400: 65.013: [GC (GCLocker Initiated GC) [PSYoungGen: 154895K->46949K(187904K)] 549842K->442425K(712192K), 0.0078584 secs] [Times: user=0.06 sys=0.01, real=0.01 secs] 
2016-09-25T21:34:55.901-0400: 65.134: [GC (GCLocker Initiated GC) [PSYoungGen: 168805K->34834K(189952K)] 572619K->450057K(714240K), 0.0262305 secs] [Times: user=0.29 sys=0.01, real=0.03 secs] 
2016-09-25T21:34:56.034-0400: 65.267: [GC (GCLocker Initiated GC) [PSYoungGen: 156690K->31880K(193536K)] 573508K->449342K(717824K), 0.0248421 secs] [Times: user=0.25 sys=0.00, real=0.03 secs] 
2016-09-25T21:34:56.181-0400: 65.414: [GC (GCLocker Initiated GC) [PSYoungGen: 158344K->38760K(165376K)] 575859K->456888K(689664K), 0.0209324 secs] [Times: user=0.24 sys=0.00, real=0.02 secs] 
2016-09-25T21:34:56.302-0400: 65.535: [GC (GCLocker Initiated GC) [PSYoungGen: 165224K->57822K(189952K)] 583537K->476703K(714240K), 0.0208014 secs] [Times: user=0.22 sys=0.00, real=0.03 secs] 
2016-09-25T21:34:56.423-0400: 65.656: [GC (GCLocker Initiated GC) [PSYoungGen: 181726K->38825K(193024K)] 600654K->458379K(717312K), 0.0104375 secs] [Times: user=0.07 sys=0.00, real=0.00 secs] 
2016-09-25T21:34:56.552-0400: 65.785: [GC (GCLocker Initiated GC) [PSYoungGen: 162729K->44449K(186880K)] 589213K->487766K(711168K), 0.0144317 secs] [Times: user=0.15 sys=0.02, real=0.02 secs] 
2016-09-25T21:34:56.677-0400: 65.910: [GC (GCLocker Initiated GC) [PSYoungGen: 169377K->60490K(190464K)] 612739K->504550K(714752K), 0.0112331 secs] [Times: user=0.12 sys=0.00, real=0.01 secs] 
2016-09-25T21:34:56.794-0400: 66.027: [GC (GCLocker Initiated GC) [PSYoungGen: 185418K->37445K(193536K)] 632203K->487484K(717824K), 0.0292666 secs] [Times: user=0.30 sys=0.00, real=0.03 secs] 
2016-09-25T21:34:56.945-0400: 66.178: [GC (GCLocker Initiated GC) [PSYoungGen: 161349K->49759K(174080K)] 616824K->524802K(698368K), 0.0099972 secs] [Times: user=0.12 sys=0.01, real=0.01 secs] 
2016-09-25T21:34:57.069-0400: 66.302: [GC (GCLocker Initiated GC) [PSYoungGen: 173663K->55131K(190464K)] 656896K->560595K(714752K), 0.0100186 secs] [Times: user=0.11 sys=0.01, real=0.01 secs] 
2016-09-25T21:34:57.079-0400: 66.312: [Full GC (Ergonomics) [PSYoungGen: 55131K->0K(190464K)] [ParOldGen: 505463K->266754K(524288K)] 560595K->266754K(714752K), [Metaspace: 43537K->43537K(1085440K)], 0.0629437 secs] [Times: user=0.42 sys=0.02, real=0.06 secs] 
2016-09-25T21:34:57.248-0400: 66.481: [GC (GCLocker Initiated GC) [PSYoungGen: 122368K->51305K(192000K)] 394711K->323648K(716288K), 0.0087204 secs] [Times: user=0.10 sys=0.00, real=0.01 secs] 
2016-09-25T21:34:57.351-0400: 66.584: [GC (GCLocker Initiated GC) [PSYoungGen: 173673K->51083K(189952K)] 448947K->329924K(714240K), 0.0079744 secs] [Times: user=0.10 sys=0.01, real=0.01 secs] 
2016-09-25T21:34:57.474-0400: 66.707: [GC (GCLocker Initiated GC) [PSYoungGen: 174475K->42916K(191488K)] 462905K->331934K(715776K), 0.0083041 secs] [Times: user=0.08 sys=0.00, real=0.02 secs] 
2016-09-25T21:34:57.586-0400: 66.820: [GC (GCLocker Initiated GC) [PSYoungGen: 166308K->55066K(193024K)] 458208K->347656K(717312K), 0.0088466 secs] [Times: user=0.09 sys=0.00, real=0.01 secs] 
2016-09-25T21:34:57.703-0400: 66.936: [GC (GCLocker Initiated GC) [PSYoungGen: 181018K->49666K(176128K)] 473685K->342919K(700416K), 0.0063488 secs] [Times: user=0.07 sys=0.00, real=0.00 secs] 
2016-09-25T21:34:57.818-0400: 67.051: [GC (GCLocker Initiated GC) [PSYoungGen: 175618K->36234K(193024K)] 474430K->335664K(717312K), 0.0121390 secs] [Times: user=0.13 sys=0.00, real=0.01 secs] 
2016-09-25T21:34:57.954-0400: 67.187: [GC (Allocation Failure) [PSYoungGen: 162698K->21422K(147968K)] 477152K->347296K(672256K), 0.0103489 secs] [Times: user=0.06 sys=0.00, real=0.02 secs] 
2016-09-25T21:34:58.072-0400: 67.305: [GC (GCLocker Initiated GC) [PSYoungGen: 147503K->52535K(192000K)] 474727K->380514K(716288K), 0.0157435 secs] [Times: user=0.19 sys=0.00, real=0.02 secs] 
2016-09-25T21:34:58.194-0400: 67.428: [GC (GCLocker Initiated GC) [PSYoungGen: 175415K->27818K(151040K)] 513132K->366112K(675328K), 0.0064422 secs] [Times: user=0.05 sys=0.00, real=0.00 secs] 
2016-09-25T21:34:58.304-0400: 67.537: [GC (GCLocker Initiated GC) [PSYoungGen: 150698K->56452K(186880K)] 491748K->398144K(711168K), 0.0061044 secs] [Times: user=0.07 sys=0.00, real=0.00 secs] 
2016-09-25T21:34:58.427-0400: 67.660: [GC (GCLocker Initiated GC) [PSYoungGen: 173188K->53722K(170496K)] 515099K->401647K(694784K), 0.0242902 secs] [Times: user=0.31 sys=0.01, real=0.02 secs] 
2016-09-25T21:34:58.571-0400: 67.804: [GC (GCLocker Initiated GC) [PSYoungGen: 170458K->24059K(186880K)] 533452K->387637K(711168K), 0.0068493 secs] [Times: user=0.08 sys=0.00, real=0.01 secs] 
2016-09-25T21:34:58.683-0400: 67.916: [GC (GCLocker Initiated GC) [PSYoungGen: 137723K->29328K(187904K)] 509430K->401712K(712192K), 0.0053824 secs] [Times: user=0.05 sys=0.00, real=0.00 secs] 
2016-09-25T21:34:58.785-0400: 68.018: [GC (GCLocker Initiated GC) [PSYoungGen: 142992K->38652K(182784K)] 515418K->411623K(707072K), 0.0160321 secs] [Times: user=0.18 sys=0.00, real=0.01 secs] 
2016-09-25T21:34:58.882-0400: 68.115: [GC (GCLocker Initiated GC) [PSYoungGen: 153340K->38843K(185344K)] 526358K->450258K(709632K), 0.0091506 secs] [Times: user=0.09 sys=0.00, real=0.00 secs] 
2016-09-25T21:34:58.984-0400: 68.218: [GC (GCLocker Initiated GC) [PSYoungGen: 153531K->64687K(182272K)] 567824K->487675K(706560K), 0.0074808 secs] [Times: user=0.11 sys=0.00, real=0.00 secs] 
2016-09-25T21:34:59.117-0400: 68.350: [GC (GCLocker Initiated GC) [PSYoungGen: 178351K->45527K(187904K)] 604095K->479976K(712192K), 0.0112811 secs] [Times: user=0.09 sys=0.01, real=0.01 secs] 
2016-09-25T21:34:59.229-0400: 68.462: [GC (GCLocker Initiated GC) [PSYoungGen: 159191K->61819K(182784K)] 596411K->499624K(707072K), 0.0061295 secs] [Times: user=0.07 sys=0.01, real=0.01 secs] 
2016-09-25T21:34:59.358-0400: 68.591: [GC (GCLocker Initiated GC) [PSYoungGen: 172411K->25434K(136192K)] 621134K->499078K(660480K), 0.0147899 secs] [Times: user=0.16 sys=0.00, real=0.01 secs] 
2016-09-25T21:34:59.464-0400: 68.698: [GC (GCLocker Initiated GC) [PSYoungGen: 136026K->41503K(188928K)] 616478K->522585K(713216K), 0.0080575 secs] [Times: user=0.09 sys=0.00, real=0.00 secs] 
2016-09-25T21:34:59.607-0400: 68.840: [Full GC (Ergonomics) [PSYoungGen: 154143K->0K(188928K)] [ParOldGen: 496086K->275564K(524288K)] 650230K->275564K(713216K), [Metaspace: 43537K->43537K(1085440K)], 0.0675819 secs] [Times: user=0.43 sys=0.01, real=0.07 secs] 
2016-09-25T21:34:59.817-0400: 69.050: [GC (GCLocker Initiated GC) [PSYoungGen: 112640K->47417K(160256K)] 393670K->328447K(684544K), 0.0213341 secs] [Times: user=0.23 sys=0.00, real=0.02 secs] 
2016-09-25T21:34:59.950-0400: 69.184: [GC (GCLocker Initiated GC) [PSYoungGen: 160057K->43327K(186880K)] 447909K->333637K(711168K), 0.0214458 secs] [Times: user=0.22 sys=0.00, real=0.02 secs] 
2016-09-25T21:35:00.083-0400: 69.316: [GC (GCLocker Initiated GC) [PSYoungGen: 158527K->37787K(184320K)] 457219K->340124K(708608K), 0.0301857 secs] [Times: user=0.30 sys=0.01, real=0.02 secs] 
2016-09-25T21:35:00.244-0400: 69.477: [GC (GCLocker Initiated GC) [PSYoungGen: 152987K->30802K(188928K)] 455393K->344841K(713216K), 0.0269430 secs] [Times: user=0.26 sys=0.00, real=0.02 secs] 
2016-09-25T21:35:00.389-0400: 69.622: [GC (GCLocker Initiated GC) [PSYoungGen: 152146K->46104K(188928K)] 466244K->362351K(713216K), 0.0211296 secs] [Times: user=0.24 sys=0.01, real=0.02 secs] 
2016-09-25T21:35:00.510-0400: 69.744: [GC (GCLocker Initiated GC) [PSYoungGen: 167448K->37531K(192512K)] 483704K->360137K(716800K), 0.0055392 secs] [Times: user=0.04 sys=0.00, real=0.01 secs] 
2016-09-25T21:35:00.629-0400: 69.862: [GC (GCLocker Initiated GC) [PSYoungGen: 165531K->55619K(193024K)] 493707K->395524K(717312K), 0.0092669 secs] [Times: user=0.10 sys=0.00, real=0.01 secs] 
2016-09-25T21:35:00.776-0400: 70.009: [GC (GCLocker Initiated GC) [PSYoungGen: 183619K->36652K(195584K)] 526190K->393837K(719872K), 0.0079222 secs] [Times: user=0.11 sys=0.00, real=0.01 secs] 
2016-09-25T21:35:00.908-0400: 70.141: [GC (GCLocker Initiated GC) [PSYoungGen: 164652K->25692K(194560K)] 534128K->396132K(718848K), 0.0144501 secs] [Times: user=0.11 sys=0.00, real=0.02 secs] 
2016-09-25T21:35:01.044-0400: 70.277: [GC (GCLocker Initiated GC) [PSYoungGen: 153692K->51395K(193024K)] 529601K->428392K(717312K), 0.0142249 secs] [Times: user=0.15 sys=0.00, real=0.01 secs] 
2016-09-25T21:35:01.183-0400: 70.416: [GC (GCLocker Initiated GC) [PSYoungGen: 177347K->28475K(194048K)] 566667K->432252K(718336K), 0.0187966 secs] [Times: user=0.24 sys=0.00, real=0.01 secs] 
2016-09-25T21:35:01.318-0400: 70.551: [GC (GCLocker Initiated GC) [PSYoungGen: 154427K->43169K(189952K)] 563638K->453481K(714240K), 0.0074918 secs] [Times: user=0.08 sys=0.01, real=0.01 secs] 
2016-09-25T21:35:01.443-0400: 70.676: [GC (GCLocker Initiated GC) [PSYoungGen: 169121K->32403K(192000K)] 583490K->447771K(716288K), 0.0095151 secs] [Times: user=0.11 sys=0.01, real=0.00 secs] 
2016-09-25T21:35:01.565-0400: 70.798: [GC (GCLocker Initiated GC) [PSYoungGen: 158355K->44684K(194048K)] 579035K->466349K(718336K), 0.0241329 secs] [Times: user=0.34 sys=0.00, real=0.02 secs] 
2016-09-25T21:35:01.719-0400: 70.952: [GC (GCLocker Initiated GC) [PSYoungGen: 175756K->56864K(188416K)] 600169K->482281K(712704K), 0.0094745 secs] [Times: user=0.11 sys=0.00, real=0.01 secs] 
2016-09-25T21:35:01.849-0400: 71.082: [GC (GCLocker Initiated GC) [PSYoungGen: 187936K->50146K(193024K)] 613394K->498238K(717312K), 0.0082732 secs] [Times: user=0.08 sys=0.00, real=0.01 secs] 
2016-09-25T21:35:01.968-0400: 71.202: [GC (GCLocker Initiated GC) [PSYoungGen: 175074K->55482K(180736K)] 623390K->504823K(705024K), 0.0074330 secs] [Times: user=0.10 sys=0.00, real=0.01 secs] 
2016-09-25T21:35:02.101-0400: 71.334: [GC (GCLocker Initiated GC) [PSYoungGen: 180410K->48667K(192512K)] 629817K->499067K(716800K), 0.0079824 secs] [Times: user=0.10 sys=0.00, real=0.01 secs] 
2016-09-25T21:35:02.230-0400: 71.463: [GC (GCLocker Initiated GC) [PSYoungGen: 170523K->36525K(158720K)] 628814K->495777K(683008K), 0.0085588 secs] [Times: user=0.08 sys=0.00, real=0.01 secs] 
2016-09-25T21:35:02.355-0400: 71.588: [GC (GCLocker Initiated GC) [PSYoungGen: 158381K->33701K(191488K)] 625762K->502187K(715776K), 0.0071473 secs] [Times: user=0.08 sys=0.00, real=0.00 secs] 
2016-09-25T21:35:02.476-0400: 71.709: [GC (GCLocker Initiated GC) [PSYoungGen: 156581K->52884K(190464K)] 627885K->525081K(714752K), 0.0196289 secs] [Times: user=0.30 sys=0.01, real=0.02 secs] 
2016-09-25T21:35:02.610-0400: 71.843: [GC (GCLocker Initiated GC) [PSYoungGen: 175764K->39275K(192000K)] 661494K->536791K(716288K), 0.0088399 secs] [Times: user=0.12 sys=0.01, real=0.01 secs] 
2016-09-25T21:35:02.731-0400: 71.964: [Full GC (Ergonomics) [PSYoungGen: 164715K->0K(192000K)] [ParOldGen: 504317K->293757K(524288K)] 669032K->293757K(716288K), [Metaspace: 43553K->43553K(1085440K)], 0.0631749 secs] [Times: user=0.43 sys=0.03, real=0.07 secs] 
2016-09-25T21:35:02.911-0400: 72.144: [GC (GCLocker Initiated GC) [PSYoungGen: 123417K->46372K(192512K)] 419874K->342829K(716800K), 0.0116678 secs] [Times: user=0.15 sys=0.01, real=0.02 secs] 
2016-09-25T21:35:03.036-0400: 72.269: [GC (GCLocker Initiated GC) [PSYoungGen: 171812K->31010K(194560K)] 479282K->342539K(718848K), 0.0078664 secs] [Times: user=0.07 sys=0.00, real=0.01 secs] 
2016-09-25T21:35:03.158-0400: 72.391: [GC (GCLocker Initiated GC) [PSYoungGen: 159522K->47433K(194560K)] 473752K->373470K(718848K), 0.0071541 secs] [Times: user=0.10 sys=0.00, real=0.01 secs] 
2016-09-25T21:35:03.295-0400: 72.528: [GC (GCLocker Initiated GC) [PSYoungGen: 175945K->55499K(191488K)] 502761K->383296K(715776K), 0.0099228 secs] [Times: user=0.11 sys=0.00, real=0.01 secs] 
2016-09-25T21:35:03.432-0400: 72.665: [GC (GCLocker Initiated GC) [PSYoungGen: 181451K->24192K(150528K)] 516077K->375988K(674816K), 0.0258263 secs] [Times: user=0.29 sys=0.00, real=0.03 secs] 
2016-09-25T21:35:03.569-0400: 72.802: [GC (GCLocker Initiated GC) [PSYoungGen: 150144K->40540K(195584K)] 504752K->417718K(719872K), 0.0162455 secs] [Times: user=0.18 sys=0.01, real=0.02 secs] 
2016-09-25T21:35:03.695-0400: 72.928: [GC (GCLocker Initiated GC) [PSYoungGen: 167004K->45765K(172544K)] 544204K->429283K(696832K), 0.0065717 secs] [Times: user=0.05 sys=0.00, real=0.00 secs] 
2016-09-25T21:35:03.814-0400: 73.047: [GC (GCLocker Initiated GC) [PSYoungGen: 172229K->37758K(193536K)] 558624K->435864K(717824K), 0.0058600 secs] [Times: user=0.04 sys=0.01, real=0.01 secs] 
2016-09-25T21:35:03.923-0400: 73.156: [GC (GCLocker Initiated GC) [PSYoungGen: 165758K->62090K(192000K)] 564012K->466668K(716288K), 0.0062233 secs] [Times: user=0.06 sys=0.01, real=0.00 secs] 
2016-09-25T21:35:04.055-0400: 73.288: [GC (GCLocker Initiated GC) [PSYoungGen: 190090K->44452K(195072K)] 597454K->471632K(719360K), 0.0360650 secs] [Times: user=0.41 sys=0.01, real=0.03 secs] 
2016-09-25T21:35:04.184-0400: 73.417: [GC (GCLocker Initiated GC) [PSYoungGen: 170404K->63511K(189952K)] 597617K->502408K(714240K), 0.0108545 secs] [Times: user=0.10 sys=0.01, real=0.01 secs] 
2016-09-25T21:35:04.336-0400: 73.569: [GC (GCLocker Initiated GC) [PSYoungGen: 189463K->37825K(191488K)] 631212K->496641K(715776K), 0.0075273 secs] [Times: user=0.08 sys=0.00, real=0.01 secs] 
2016-09-25T21:35:04.476-0400: 73.709: [GC (GCLocker Initiated GC) [PSYoungGen: 157121K->45929K(165376K)] 618646K->521834K(689664K), 0.0099141 secs] [Times: user=0.13 sys=0.01, real=0.01 secs] 
2016-09-25T21:35:04.601-0400: 73.834: [GC (GCLocker Initiated GC) [PSYoungGen: 165225K->44328K(189952K)] 646598K->526527K(714240K), 0.0096594 secs] [Times: user=0.10 sys=0.01, real=0.01 secs] 
2016-09-25T21:35:04.735-0400: 73.968: [GC (GCLocker Initiated GC) [PSYoungGen: 165672K->44392K(187904K)] 647894K->535482K(712192K), 0.0115666 secs] [Times: user=0.13 sys=0.01, real=0.01 secs] 
2016-09-25T21:35:04.890-0400: 74.123: [GC (GCLocker Initiated GC) [PSYoungGen: 165736K->35003K(192000K)] 658310K->547253K(716288K), 0.0304641 secs] [Times: user=0.40 sys=0.01, real=0.03 secs] 
2016-09-25T21:35:04.920-0400: 74.154: [Full GC (Ergonomics) [PSYoungGen: 35003K->0K(192000K)] [ParOldGen: 512250K->304351K(524288K)] 547253K->304351K(716288K), [Metaspace: 43554K->43554K(1085440K)], 0.0542337 secs] [Times: user=0.39 sys=0.01, real=0.06 secs] 
2016-09-25T21:35:05.129-0400: 74.362: [GC (GCLocker Initiated GC) [PSYoungGen: 127488K->59817K(191488K)] 437429K->369759K(715776K), 0.0065727 secs] [Times: user=0.07 sys=0.00, real=0.01 secs] 
2016-09-25T21:35:05.262-0400: 74.495: [GC (GCLocker Initiated GC) [PSYoungGen: 187305K->33644K(194048K)] 497371K->354423K(718336K), 0.0095549 secs] [Times: user=0.09 sys=0.01, real=0.01 secs] 
2016-09-25T21:35:05.390-0400: 74.623: [GC (GCLocker Initiated GC) [PSYoungGen: 159596K->47042K(173056K)] 482985K->371219K(697344K), 0.0174024 secs] [Times: user=0.21 sys=0.00, real=0.02 secs] 
2016-09-25T21:35:05.498-0400: 74.731: [GC (GCLocker Initiated GC) [PSYoungGen: 172994K->63215K(186368K)] 497294K->396349K(710656K), 0.0101668 secs] [Times: user=0.10 sys=0.02, real=0.01 secs] 
2016-09-25T21:35:05.621-0400: 74.854: [GC (GCLocker Initiated GC) [PSYoungGen: 183023K->60649K(180736K)] 516194K->410671K(705024K), 0.0112450 secs] [Times: user=0.14 sys=0.01, real=0.01 secs] 
2016-09-25T21:35:05.747-0400: 74.980: [GC (GCLocker Initiated GC) [PSYoungGen: 180457K->33558K(188416K)] 530723K->411561K(712704K), 0.0074052 secs] [Times: user=0.09 sys=0.01, real=0.01 secs] 
2016-09-25T21:35:05.851-0400: 75.085: [GC (GCLocker Initiated GC) [PSYoungGen: 147734K->31975K(187904K)] 531169K->416033K(712192K), 0.0052569 secs] [Times: user=0.04 sys=0.01, real=0.01 secs] 
2016-09-25T21:35:05.972-0400: 75.205: [GC (GCLocker Initiated GC) [PSYoungGen: 146151K->29323K(187904K)] 546635K->430460K(712192K), 0.0049847 secs] [Times: user=0.04 sys=0.00, real=0.01 secs] 
2016-09-25T21:35:06.083-0400: 75.316: [GC (GCLocker Initiated GC) [PSYoungGen: 144011K->23996K(187904K)] 560000K->440590K(712192K), 0.0058026 secs] [Times: user=0.06 sys=0.00, real=0.00 secs] 
2016-09-25T21:35:06.198-0400: 75.431: [GC (GCLocker Initiated GC) [PSYoungGen: 138684K->32105K(186368K)] 564759K->458778K(710656K), 0.0042281 secs] [Times: user=0.04 sys=0.00, real=0.01 secs] 
2016-09-25T21:35:06.305-0400: 75.538: [GC (GCLocker Initiated GC) [PSYoungGen: 147305K->21457K(187392K)] 590337K->465016K(711680K), 0.0124644 secs] [Times: user=0.14 sys=0.00, real=0.01 secs] 
2016-09-25T21:35:06.430-0400: 75.663: [GC (GCLocker Initiated GC) [PSYoungGen: 136657K->55000K(183808K)] 580247K->499289K(708096K), 0.0091478 secs] [Times: user=0.10 sys=0.02, real=0.01 secs] 
2016-09-25T21:35:06.545-0400: 75.778: [GC (GCLocker Initiated GC) [PSYoungGen: 166616K->60432K(172544K)] 611021K->516172K(696832K), 0.0090857 secs] [Times: user=0.11 sys=0.00, real=0.01 secs] 
2016-09-25T21:35:06.655-0400: 75.889: [GC (GCLocker Initiated GC) [PSYoungGen: 172048K->41491K(186880K)] 636073K->506028K(711168K), 0.0167855 secs] [Times: user=0.20 sys=0.00, real=0.01 secs] 
2016-09-25T21:35:06.774-0400: 76.007: [GC (GCLocker Initiated GC) [PSYoungGen: 149523K->19671K(183296K)] 627726K->498421K(707584K), 0.0230756 secs] [Times: user=0.25 sys=0.00, real=0.03 secs] 
2016-09-25T21:35:06.896-0400: 76.129: [GC (GCLocker Initiated GC) [PSYoungGen: 127703K->57612K(180736K)] 606559K->537063K(705024K), 0.0133810 secs] [Times: user=0.19 sys=0.00, real=0.01 secs] 
2016-09-25T21:35:06.998-0400: 76.231: [GC (GCLocker Initiated GC) [PSYoungGen: 162060K->53648K(158208K)] 641762K->539189K(682496K), 0.0120058 secs] [Times: user=0.12 sys=0.00, real=0.01 secs] 
2016-09-25T21:35:07.101-0400: 76.334: [GC (GCLocker Initiated GC) [PSYoungGen: 158096K->33553K(184320K)] 657162K->533153K(708608K), 0.0254912 secs] [Times: user=0.35 sys=0.00, real=0.03 secs] 
2016-09-25T21:35:07.233-0400: 76.467: [Full GC (Ergonomics) [PSYoungGen: 138001K->0K(184320K)] [ParOldGen: 503870K->317448K(524288K)] 641871K->317448K(708608K), [Metaspace: 43555K->43555K(1085440K)], 0.0812593 secs] [Times: user=0.54 sys=0.01, real=0.09 secs] 
2016-09-25T21:35:07.410-0400: 76.643: [GC (GCLocker Initiated GC) [PSYoungGen: 104448K->68601K(173056K)] 421929K->386082K(697344K), 0.0131966 secs] [Times: user=0.16 sys=0.00, real=0.02 secs] 
2016-09-25T21:35:07.505-0400: 76.738: [GC (GCLocker Initiated GC) [PSYoungGen: 173049K->41598K(181760K)] 495986K->384112K(706048K), 0.0065317 secs] [Times: user=0.08 sys=0.00, real=0.00 secs] 
2016-09-25T21:35:07.599-0400: 76.833: [GC (GCLocker Initiated GC) [PSYoungGen: 139390K->31930K(130048K)] 488712K->381814K(654336K), 0.0083044 secs] [Times: user=0.04 sys=0.00, real=0.01 secs] 
2016-09-25T21:35:07.687-0400: 76.921: [GC (GCLocker Initiated GC) [PSYoungGen: 129722K->67183K(171008K)] 482359K->428400K(695296K), 0.0241006 secs] [Times: user=0.32 sys=0.00, real=0.02 secs] 
2016-09-25T21:35:07.806-0400: 77.039: [GC (GCLocker Initiated GC) [PSYoungGen: 159343K->19773K(176640K)] 536873K->424824K(700928K), 0.0067132 secs] [Times: user=0.05 sys=0.00, real=0.01 secs] 
2016-09-25T21:35:07.897-0400: 77.130: [GC (GCLocker Initiated GC) [PSYoungGen: 111933K->41350K(169984K)] 517015K->465878K(694272K), 0.0065470 secs] [Times: user=0.05 sys=0.01, real=0.01 secs] 
2016-09-25T21:35:07.982-0400: 77.215: [GC (GCLocker Initiated GC) [PSYoungGen: 134022K->33115K(173568K)] 561302K->463473K(697856K), 0.0193130 secs] [Times: user=0.15 sys=0.01, real=0.02 secs] 
2016-09-25T21:35:08.082-0400: 77.315: [GC (GCLocker Initiated GC) [PSYoungGen: 125787K->44080K(173568K)] 556290K->485938K(697856K), 0.0142574 secs] [Times: user=0.15 sys=0.01, real=0.02 secs] 
2016-09-25T21:35:08.172-0400: 77.405: [GC (GCLocker Initiated GC) [PSYoungGen: 146480K->44321K(178176K)] 591040K->505489K(702464K), 0.0083906 secs] [Times: user=0.07 sys=0.00, real=0.01 secs] 
2016-09-25T21:35:08.267-0400: 77.500: [GC (GCLocker Initiated GC) [PSYoungGen: 146721K->52456K(185344K)] 610603K->517003K(709632K), 0.0100604 secs] [Times: user=0.13 sys=0.00, real=0.01 secs] 
2016-09-25T21:35:08.377-0400: 77.610: [GC (GCLocker Initiated GC) [PSYoungGen: 165096K->59415K(172544K)] 636516K->544987K(696832K), 0.0069921 secs] [Times: user=0.07 sys=0.01, real=0.01 secs] 
2016-09-25T21:35:08.476-0400: 77.710: [GC (GCLocker Initiated GC) [PSYoungGen: 172055K->57971K(181760K)] 665756K->563318K(706048K), 0.0067078 secs] [Times: user=0.08 sys=0.00, real=0.01 secs] 
2016-09-25T21:35:08.484-0400: 77.717: [Full GC (Ergonomics) [PSYoungGen: 57971K->0K(181760K)] [ParOldGen: 505346K->328868K(524288K)] 563318K->328868K(706048K), [Metaspace: 43555K->43555K(1085440K)], 0.0607090 secs] [Times: user=0.48 sys=0.01, real=0.06 secs] 
2016-09-25T21:35:08.659-0400: 77.892: [GC (GCLocker Initiated GC) [PSYoungGen: 104448K->32645K(183296K)] 451248K->379453K(707584K), 0.0045959 secs] [Times: user=0.05 sys=0.00, real=0.01 secs] 
2016-09-25T21:35:08.760-0400: 77.993: [GC (GCLocker Initiated GC) [PSYoungGen: 137093K->41677K(177664K)] 490134K->395747K(701952K), 0.0068347 secs] [Times: user=0.07 sys=0.00, real=0.01 secs] 
2016-09-25T21:35:08.858-0400: 78.091: [GC (GCLocker Initiated GC) [PSYoungGen: 147149K->34869K(180736K)] 501223K->408588K(705024K), 0.0099437 secs] [Times: user=0.11 sys=0.00, real=0.01 secs] 
2016-09-25T21:35:08.974-0400: 78.207: [GC (GCLocker Initiated GC) [PSYoungGen: 140341K->52836K(186368K)] 517119K->430277K(710656K), 0.0135689 secs] [Times: user=0.17 sys=0.00, real=0.02 secs] 
2016-09-25T21:35:09.088-0400: 78.321: [GC (GCLocker Initiated GC) [PSYoungGen: 165988K->50047K(187392K)] 546165K->431312K(711680K), 0.0135068 secs] [Times: user=0.15 sys=0.01, real=0.01 secs] 
2016-09-25T21:35:09.231-0400: 78.465: [GC (GCLocker Initiated GC) [PSYoungGen: 163199K->43331K(182784K)] 547182K->449761K(707072K), 0.0088836 secs] [Times: user=0.11 sys=0.00, real=0.01 secs] 
2016-09-25T21:35:09.364-0400: 78.598: [GC (GCLocker Initiated GC) [PSYoungGen: 158019K->41976K(185344K)] 567243K->468361K(709632K), 0.0109645 secs] [Times: user=0.08 sys=0.01, real=0.01 secs] 
2016-09-25T21:35:09.486-0400: 78.719: [GC (GCLocker Initiated GC) [PSYoungGen: 156664K->44710K(186880K)] 596750K->485879K(711168K), 0.0142526 secs] [Times: user=0.12 sys=0.00, real=0.01 secs] 
2016-09-25T21:35:09.639-0400: 78.872: [GC (GCLocker Initiated GC) [PSYoungGen: 167590K->47663K(189440K)] 614368K->506351K(713728K), 0.0056865 secs] [Times: user=0.07 sys=0.00, real=0.01 secs] 
2016-09-25T21:35:09.779-0400: 79.012: [GC (GCLocker Initiated GC) [PSYoungGen: 170543K->48827K(192512K)] 633059K->512441K(716800K), 0.0086868 secs] [Times: user=0.11 sys=0.00, real=0.01 secs] 
2016-09-25T21:35:09.921-0400: 79.154: [GC (GCLocker Initiated GC) [PSYoungGen: 178875K->30170K(194560K)] 653761K->506161K(718848K), 0.0154499 secs] [Times: user=0.18 sys=0.02, real=0.02 secs] 
2016-09-25T21:35:10.071-0400: 79.304: [GC (GCLocker Initiated GC) [PSYoungGen: 160218K->36552K(196608K)] 639016K->516408K(720896K), 0.0133528 secs] [Times: user=0.16 sys=0.00, real=0.02 secs] 
2016-09-25T21:35:10.257-0400: 79.491: [GC (GCLocker Initiated GC) [PSYoungGen: 168648K->33788K(196608K)] 653986K->520154K(720896K), 0.0069527 secs] [Times: user=0.05 sys=0.01, real=0.01 secs] 
2016-09-25T21:35:10.398-0400: 79.631: [GC (GCLocker Initiated GC) [PSYoungGen: 165884K->21953K(196096K)] 652560K->528653K(720384K), 0.0194376 secs] [Times: user=0.21 sys=0.03, real=0.02 secs] 
2016-09-25T21:35:10.417-0400: 79.650: [Full GC (Ergonomics) [PSYoungGen: 21953K->0K(196096K)] [ParOldGen: 506700K->329810K(524288K)] 528653K->329810K(720384K), [Metaspace: 43569K->43569K(1085440K)], 0.0854638 secs] [Times: user=0.67 sys=0.09, real=0.09 secs] 
2016-09-25T21:35:10.623-0400: 79.856: [GC (GCLocker Initiated GC) [PSYoungGen: 132096K->42969K(197120K)] 475626K->386499K(721408K), 0.0225808 secs] [Times: user=0.33 sys=0.00, real=0.02 secs] 
2016-09-25T21:35:10.773-0400: 80.006: [GC (GCLocker Initiated GC) [PSYoungGen: 175065K->23875K(196608K)] 538917K->411348K(720896K), 0.0055554 secs] [Times: user=0.06 sys=0.00, real=0.01 secs] 
2016-09-25T21:35:10.896-0400: 80.129: [GC (GCLocker Initiated GC) [PSYoungGen: 156483K->42690K(175616K)] 549512K->437473K(699904K), 0.0062661 secs] [Times: user=0.05 sys=0.00, real=0.01 secs] 
2016-09-25T21:35:11.017-0400: 80.250: [GC (GCLocker Initiated GC) [PSYoungGen: 175298K->27680K(196608K)] 573312K->438196K(720896K), 0.0065831 secs] [Times: user=0.05 sys=0.00, real=0.01 secs] 
2016-09-25T21:35:11.128-0400: 80.361: [GC (GCLocker Initiated GC) [PSYoungGen: 161312K->31821K(196608K)] 585547K->457694K(720896K), 0.0078713 secs] [Times: user=0.10 sys=0.00, real=0.01 secs] 
2016-09-25T21:35:11.236-0400: 80.469: [GC (GCLocker Initiated GC) [PSYoungGen: 165453K->30242K(198144K)] 600807K->467277K(722432K), 0.0060069 secs] [Times: user=0.04 sys=0.01, real=0.00 secs] 
2016-09-25T21:35:11.337-0400: 80.570: [GC (GCLocker Initiated GC) [PSYoungGen: 167458K->59917K(197632K)] 604527K->511922K(721920K), 0.0066924 secs] [Times: user=0.09 sys=0.00, real=0.01 secs] 
2016-09-25T21:35:11.452-0400: 80.685: [GC (GCLocker Initiated GC) [PSYoungGen: 197133K->32853K(196608K)] 649416K->513483K(720896K), 0.0063881 secs] [Times: user=0.07 sys=0.00, real=0.01 secs] 
2016-09-25T21:35:11.558-0400: 80.791: [Full GC (Ergonomics) [PSYoungGen: 164949K->0K(196608K)] [ParOldGen: 490291K->354948K(524288K)] 655241K->354948K(720896K), [Metaspace: 43635K->43635K(1085440K)], 0.0615031 secs] [Times: user=0.52 sys=0.00, real=0.06 secs] 
2016-09-25T21:35:11.717-0400: 80.951: [GC (GCLocker Initiated GC) [PSYoungGen: 132096K->62690K(195072K)] 492499K->423093K(719360K), 0.0100849 secs] [Times: user=0.14 sys=0.00, real=0.01 secs] 
2016-09-25T21:35:11.825-0400: 81.058: [GC (GCLocker Initiated GC) [PSYoungGen: 194786K->52949K(183808K)] 555278K->429696K(708096K), 0.0060826 secs] [Times: user=0.08 sys=0.00, real=0.00 secs] 
2016-09-25T21:35:11.916-0400: 81.149: [GC (GCLocker Initiated GC) [PSYoungGen: 169685K->50192K(189440K)] 554797K->436481K(713728K), 0.0105287 secs] [Times: user=0.13 sys=0.00, real=0.01 secs] 
2016-09-25T21:35:12.011-0400: 81.244: [GC (GCLocker Initiated GC) [PSYoungGen: 166928K->45981K(185344K)] 557477K->437561K(709632K), 0.0212392 secs] [Times: user=0.24 sys=0.00, real=0.02 secs] 
2016-09-25T21:35:12.117-0400: 81.350: [GC (GCLocker Initiated GC) [PSYoungGen: 162717K->39285K(187392K)] 557030K->434557K(711680K), 0.0127172 secs] [Times: user=0.14 sys=0.00, real=0.01 secs] 
2016-09-25T21:35:12.215-0400: 81.449: [GC (Allocation Failure) [PSYoungGen: 156021K->40602K(187392K)] 554149K->455902K(711680K), 0.0114101 secs] [Times: user=0.12 sys=0.00, real=0.01 secs] 
2016-09-25T21:35:12.228-0400: 81.461: [GC (GCLocker Initiated GC) [PSYoungGen: 40619K->416K(189440K)] 455919K->470834K(713728K), 0.0072404 secs] [Times: user=0.06 sys=0.01, real=0.01 secs] 
2016-09-25T21:35:12.327-0400: 81.560: [GC (GCLocker Initiated GC) [PSYoungGen: 122512K->54207K(185856K)] 595631K->527358K(710144K), 0.0073031 secs] [Times: user=0.06 sys=0.00, real=0.01 secs] 
2016-09-25T21:35:12.436-0400: 81.669: [Full GC (Ergonomics) [PSYoungGen: 168895K->0K(185856K)] [ParOldGen: 492079K->362918K(524288K)] 660975K->362918K(710144K), [Metaspace: 43654K->43654K(1085440K)], 0.0625482 secs] [Times: user=0.46 sys=0.00, real=0.06 secs] 
2016-09-25T21:35:12.599-0400: 81.832: [GC (GCLocker Initiated GC) [PSYoungGen: 114688K->48908K(188416K)] 484599K->418820K(712704K), 0.0103633 secs] [Times: user=0.14 sys=0.00, real=0.01 secs] 
2016-09-25T21:35:12.693-0400: 81.926: [GC (GCLocker Initiated GC) [PSYoungGen: 163596K->63556K(178176K)] 533611K->448265K(702464K), 0.0146123 secs] [Times: user=0.19 sys=0.01, real=0.02 secs] 
2016-09-25T21:35:12.789-0400: 82.022: [GC (GCLocker Initiated GC) [PSYoungGen: 168004K->36429K(183296K)] 560947K->451916K(707584K), 0.0144285 secs] [Times: user=0.21 sys=0.00, real=0.02 secs] 
2016-09-25T21:35:12.871-0400: 82.104: [GC (GCLocker Initiated GC) [PSYoungGen: 140877K->34948K(176128K)] 559310K->454278K(700416K), 0.0058788 secs] [Times: user=0.04 sys=0.00, real=0.01 secs] 
2016-09-25T21:35:12.958-0400: 82.191: [GC (GCLocker Initiated GC) [PSYoungGen: 141444K->44494K(180736K)] 566391K->470271K(705024K), 0.0056819 secs] [Times: user=0.05 sys=0.00, real=0.01 secs] 
2016-09-25T21:35:13.041-0400: 82.274: [GC (GCLocker Initiated GC) [PSYoungGen: 150990K->51307K(186880K)] 582285K->483488K(711168K), 0.0095790 secs] [Times: user=0.13 sys=0.00, real=0.01 secs] 
2016-09-25T21:35:13.133-0400: 82.366: [GC (GCLocker Initiated GC) [PSYoungGen: 167019K->45900K(188416K)] 603431K->483221K(712704K), 0.0101109 secs] [Times: user=0.13 sys=0.01, real=0.02 secs] 
2016-09-25T21:35:13.236-0400: 82.470: [GC (GCLocker Initiated GC) [PSYoungGen: 161612K->46068K(186880K)] 607142K->503316K(711168K), 0.0053695 secs] [Times: user=0.07 sys=0.00, real=0.00 secs] 
2016-09-25T21:35:13.333-0400: 82.566: [GC (GCLocker Initiated GC) [PSYoungGen: 164852K->42012K(187904K)] 630248K->508374K(712192K), 0.0063569 secs] [Times: user=0.06 sys=0.00, real=0.01 secs] 
2016-09-25T21:35:13.431-0400: 82.664: [GC (GCLocker Initiated GC) [PSYoungGen: 160796K->47354K(192000K)] 634037K->521627K(716288K), 0.0050887 secs] [Times: user=0.07 sys=0.00, real=0.01 secs] 
2016-09-25T21:35:13.526-0400: 82.759: [GC (GCLocker Initiated GC) [PSYoungGen: 173306K->37840K(192000K)] 651640K->527916K(716288K), 0.0214029 secs] [Times: user=0.24 sys=0.01, real=0.02 secs] 
2016-09-25T21:35:13.650-0400: 82.883: [GC (GCLocker Initiated GC) [PSYoungGen: 163792K->49992K(195072K)] 653894K->541116K(719360K), 0.0096087 secs] [Times: user=0.09 sys=0.01, real=0.01 secs] 
2016-09-25T21:35:13.766-0400: 82.999: [Full GC (Ergonomics) [PSYoungGen: 180040K->0K(195072K)] [ParOldGen: 496545K->344850K(524288K)] 676586K->344850K(719360K), [Metaspace: 43684K->43684K(1087488K)], 0.2449558 secs] [Times: user=2.71 sys=0.03, real=0.24 secs] 
2016-09-25T21:35:14.103-0400: 83.336: [GC (GCLocker Initiated GC) [PSYoungGen: 130048K->35710K(195072K)] 488542K->394204K(719360K), 0.0094093 secs] [Times: user=0.14 sys=0.00, real=0.00 secs] 
2016-09-25T21:35:14.209-0400: 83.442: [GC (GCLocker Initiated GC) [PSYoungGen: 165758K->51510K(195584K)] 531025K->418125K(719872K), 0.0057225 secs] [Times: user=0.07 sys=0.01, real=0.01 secs] 
2016-09-25T21:35:14.326-0400: 83.560: [GC (GCLocker Initiated GC) [PSYoungGen: 182582K->55594K(186880K)] 557375K->431434K(711168K), 0.0078166 secs] [Times: user=0.10 sys=0.00, real=0.01 secs] 
2016-09-25T21:35:14.432-0400: 83.665: [GC (GCLocker Initiated GC) [PSYoungGen: 186666K->47488K(195584K)] 572109K->439461K(719872K), 0.0059674 secs] [Times: user=0.07 sys=0.00, real=0.01 secs] 
2016-09-25T21:35:14.534-0400: 83.767: [GC (GCLocker Initiated GC) [PSYoungGen: 175488K->51150K(194560K)] 570183K->445845K(718848K), 0.0115702 secs] [Times: user=0.14 sys=0.01, real=0.01 secs] 
2016-09-25T21:35:14.640-0400: 83.873: [GC (GCLocker Initiated GC) [PSYoungGen: 179150K->49697K(195072K)] 573860K->469800K(719360K), 0.0106920 secs] [Times: user=0.17 sys=0.01, real=0.01 secs] 
2016-09-25T21:35:14.758-0400: 83.991: [GC (GCLocker Initiated GC) [PSYoungGen: 178209K->36202K(194560K)] 605177K->465026K(718848K), 0.0238534 secs] [Times: user=0.25 sys=0.01, real=0.02 secs] 
2016-09-25T21:35:14.891-0400: 84.124: [GC (GCLocker Initiated GC) [PSYoungGen: 164714K->41831K(194048K)] 597755K->475678K(718336K), 0.0179240 secs] [Times: user=0.21 sys=0.00, real=0.02 secs] 
2016-09-25T21:35:15.009-0400: 84.242: [GC (GCLocker Initiated GC) [PSYoungGen: 172391K->24011K(194560K)] 613214K->465734K(718848K), 0.0101319 secs] [Times: user=0.09 sys=0.00, real=0.01 secs] 
2016-09-25T21:35:15.127-0400: 84.360: [GC (GCLocker Initiated GC) [PSYoungGen: 154571K->47277K(197120K)] 603079K->507326K(721408K), 0.0066627 secs] [Times: user=0.09 sys=0.00, real=0.00 secs] 
2016-09-25T21:35:15.231-0400: 84.464: [GC (GCLocker Initiated GC) [PSYoungGen: 178349K->45675K(177152K)] 638550K->509481K(701440K), 0.0088678 secs] [Times: user=0.08 sys=0.00, real=0.01 secs] 
2016-09-25T21:35:15.335-0400: 84.569: [GC (GCLocker Initiated GC) [PSYoungGen: 176747K->35097K(195584K)] 643326K->515997K(719872K), 0.0062301 secs] [Times: user=0.06 sys=0.00, real=0.00 secs] 
2016-09-25T21:35:15.435-0400: 84.668: [GC (GCLocker Initiated GC) [PSYoungGen: 166681K->36378K(195072K)] 647658K->529046K(719360K), 0.0072976 secs] [Times: user=0.04 sys=0.01, real=0.01 secs] 
2016-09-25T21:35:15.533-0400: 84.766: [GC (GCLocker Initiated GC) [PSYoungGen: 167962K->26760K(196608K)] 666271K->531331K(720896K), 0.0102246 secs] [Times: user=0.09 sys=0.00, real=0.02 secs] 
2016-09-25T21:35:15.544-0400: 84.777: [Full GC (Ergonomics) [PSYoungGen: 26760K->0K(196608K)] [ParOldGen: 504571K->359801K(524288K)] 531331K->359801K(720896K), [Metaspace: 43787K->43787K(1087488K)], 0.0583498 secs] [Times: user=0.52 sys=0.02, real=0.06 secs] 
2016-09-25T21:35:15.702-0400: 84.935: [GC (GCLocker Initiated GC) [PSYoungGen: 134144K->51667K(197120K)] 503428K->420952K(721408K), 0.0055535 secs] [Times: user=0.07 sys=0.01, real=0.00 secs] 
2016-09-25T21:35:15.800-0400: 85.033: [GC (GCLocker Initiated GC) [PSYoungGen: 185811K->62254K(186880K)] 555136K->440900K(711168K), 0.0070180 secs] [Times: user=0.10 sys=0.00, real=0.01 secs] 
2016-09-25T21:35:15.897-0400: 85.130: [GC (GCLocker Initiated GC) [PSYoungGen: 184110K->28311K(192000K)] 570870K->429491K(716288K), 0.0131390 secs] [Times: user=0.14 sys=0.01, real=0.01 secs] 
2016-09-25T21:35:15.999-0400: 85.232: [GC (GCLocker Initiated GC) [PSYoungGen: 150167K->25822K(192000K)] 564926K->449704K(716288K), 0.0084750 secs] [Times: user=0.08 sys=0.00, real=0.01 secs] 
2016-09-25T21:35:16.108-0400: 85.341: [GC (GCLocker Initiated GC) [PSYoungGen: 147678K->40395K(162304K)] 576760K->473140K(686592K), 0.0111612 secs] [Times: user=0.09 sys=0.01, real=0.01 secs] 
2016-09-25T21:35:16.217-0400: 85.450: [GC (GCLocker Initiated GC) [PSYoungGen: 162251K->36509K(190464K)] 597716K->486487K(714752K), 0.0059533 secs] [Times: user=0.06 sys=0.00, real=0.01 secs] 
2016-09-25T21:35:16.307-0400: 85.540: [GC (GCLocker Initiated GC) [PSYoungGen: 159901K->45956K(188928K)] 611258K->498266K(713216K), 0.0090772 secs] [Times: user=0.13 sys=0.00, real=0.01 secs] 
2016-09-25T21:35:16.403-0400: 85.637: [GC (GCLocker Initiated GC) [PSYoungGen: 169348K->48718K(194048K)] 624599K->515744K(718336K), 0.0066440 secs] [Times: user=0.07 sys=0.01, real=0.00 secs] 
2016-09-25T21:35:16.515-0400: 85.748: [GC (GCLocker Initiated GC) [PSYoungGen: 177742K->51453K(194560K)] 647642K->522308K(718848K), 0.0068678 secs] [Times: user=0.09 sys=0.00, real=0.00 secs] 
2016-09-25T21:35:16.612-0400: 85.845: [GC (GCLocker Initiated GC) [PSYoungGen: 180477K->56977K(189952K)] 651350K->542357K(714240K), 0.0100347 secs] [Times: user=0.13 sys=0.00, real=0.01 secs] 
2016-09-25T21:35:16.714-0400: 85.948: [GC (GCLocker Initiated GC) [PSYoungGen: 179857K->27118K(150016K)] 676134K->540614K(674304K), 0.0102141 secs] [Times: user=0.10 sys=0.01, real=0.01 secs] 
2016-09-25T21:35:16.725-0400: 85.958: [Full GC (Ergonomics) [PSYoungGen: 27118K->0K(150016K)] [ParOldGen: 513496K->369943K(524288K)] 540614K->369943K(674304K), [Metaspace: 43787K->43787K(1087488K)], 0.0655550 secs] [Times: user=0.54 sys=0.00, real=0.06 secs] 
2016-09-25T21:35:16.894-0400: 86.127: [GC (GCLocker Initiated GC) [PSYoungGen: 122880K->43517K(194560K)] 500987K->421625K(718848K), 0.0047964 secs] [Times: user=0.04 sys=0.00, real=0.01 secs] 
2016-09-25T21:35:17.015-0400: 86.248: [GC (GCLocker Initiated GC) [PSYoungGen: 167933K->43422K(167936K)] 546051K->424013K(692224K), 0.0099001 secs] [Times: user=0.12 sys=0.00, real=0.01 secs] 
2016-09-25T21:35:17.108-0400: 86.342: [GC (GCLocker Initiated GC) [PSYoungGen: 167838K->32296K(190464K)] 548652K->424986K(714752K), 0.0090601 secs] [Times: user=0.07 sys=0.01, real=0.01 secs] 
2016-09-25T21:35:17.206-0400: 86.439: [GC (GCLocker Initiated GC) [PSYoungGen: 157224K->48721K(189952K)] 550073K->442560K(714240K), 0.0140715 secs] [Times: user=0.14 sys=0.01, real=0.01 secs] 
2016-09-25T21:35:17.311-0400: 86.544: [GC (GCLocker Initiated GC) [PSYoungGen: 173649K->56782K(190464K)] 570200K->467839K(714752K), 0.0084338 secs] [Times: user=0.07 sys=0.01, real=0.01 secs] 
2016-09-25T21:35:17.417-0400: 86.650: [GC (GCLocker Initiated GC) [PSYoungGen: 181710K->52832K(178176K)] 595579K->467661K(702464K), 0.0214107 secs] [Times: user=0.24 sys=0.00, real=0.02 secs] 
2016-09-25T21:35:17.536-0400: 86.769: [GC (GCLocker Initiated GC) [PSYoungGen: 177760K->26902K(191488K)] 595322K->464360K(715776K), 0.0115583 secs] [Times: user=0.10 sys=0.00, real=0.01 secs] 
2016-09-25T21:35:17.635-0400: 86.868: [GC (GCLocker Initiated GC) [PSYoungGen: 148758K->19034K(141312K)] 590299K->477787K(665600K), 0.0127911 secs] [Times: user=0.13 sys=0.00, real=0.01 secs] 
2016-09-25T21:35:17.741-0400: 86.974: [GC (GCLocker Initiated GC) [PSYoungGen: 140890K->43126K(193024K)] 599684K->502948K(717312K), 0.0060360 secs] [Times: user=0.05 sys=0.00, real=0.01 secs] 
2016-09-25T21:35:17.831-0400: 87.065: [GC (GCLocker Initiated GC) [PSYoungGen: 164982K->40424K(162304K)] 624840K->509362K(686592K), 0.0115239 secs] [Times: user=0.12 sys=0.00, real=0.02 secs] 
2016-09-25T21:35:17.927-0400: 87.160: [GC (GCLocker Initiated GC) [PSYoungGen: 162280K->46024K(188928K)] 633966K->537604K(713216K), 0.0060300 secs] [Times: user=0.07 sys=0.00, real=0.00 secs] 
2016-09-25T21:35:18.025-0400: 87.258: [Full GC (Ergonomics) [PSYoungGen: 168392K->0K(188928K)] [ParOldGen: 495802K->383878K(524288K)] 664195K->383878K(713216K), [Metaspace: 43797K->43797K(1087488K)], 0.0692214 secs] [Times: user=0.60 sys=0.01, real=0.07 secs] 
2016-09-25T21:35:18.207-0400: 87.440: [GC (GCLocker Initiated GC) [PSYoungGen: 122368K->38132K(188416K)] 514471K->430236K(712704K), 0.0228312 secs] [Times: user=0.26 sys=0.00, real=0.02 secs] 
2016-09-25T21:35:18.319-0400: 87.552: [GC (GCLocker Initiated GC) [PSYoungGen: 160500K->47302K(193536K)] 556759K->444899K(717824K), 0.0061276 secs] [Times: user=0.08 sys=0.00, real=0.01 secs] 
2016-09-25T21:35:18.420-0400: 87.653: [GC (GCLocker Initiated GC) [PSYoungGen: 176838K->44698K(193536K)] 579978K->448792K(717824K), 0.0065099 secs] [Times: user=0.08 sys=0.00, real=0.01 secs] 
2016-09-25T21:35:18.521-0400: 87.754: [GC (GCLocker Initiated GC) [PSYoungGen: 174234K->42003K(195072K)] 583764K->452534K(719360K), 0.0056754 secs] [Times: user=0.05 sys=0.00, real=0.01 secs] 
2016-09-25T21:35:18.619-0400: 87.852: [GC (GCLocker Initiated GC) [PSYoungGen: 177171K->44636K(196096K)] 593192K->461686K(720384K), 0.0171377 secs] [Times: user=0.18 sys=0.01, real=0.02 secs] 
2016-09-25T21:35:18.728-0400: 87.961: [GC (GCLocker Initiated GC) [PSYoungGen: 179804K->41893K(198144K)] 598231K->461299K(722432K), 0.0101609 secs] [Times: user=0.12 sys=0.01, real=0.01 secs] 
2016-09-25T21:35:18.824-0400: 88.057: [GC (GCLocker Initiated GC) [PSYoungGen: 183205K->49904K(199680K)] 605411K->473039K(723968K), 0.0060180 secs] [Times: user=0.08 sys=0.00, real=0.00 secs] 
2016-09-25T21:35:18.914-0400: 88.148: [GC (GCLocker Initiated GC) [PSYoungGen: 191216K->59386K(194048K)] 614379K->496864K(718336K), 0.0075210 secs] [Times: user=0.10 sys=0.01, real=0.00 secs] 
2016-09-25T21:35:19.002-0400: 88.235: [GC (GCLocker Initiated GC) [PSYoungGen: 193530K->52480K(186880K)] 631024K->515090K(711168K), 0.0088057 secs] [Times: user=0.11 sys=0.01, real=0.00 secs] 
2016-09-25T21:35:19.108-0400: 88.342: [GC (GCLocker Initiated GC) [PSYoungGen: 186624K->37596K(197632K)] 661435K->523945K(721920K), 0.0124872 secs] [Times: user=0.15 sys=0.00, real=0.01 secs] 
2016-09-25T21:35:19.207-0400: 88.441: [GC (GCLocker Initiated GC) [PSYoungGen: 170204K->44254K(177152K)] 659368K->536791K(701440K), 0.0149406 secs] [Times: user=0.19 sys=0.00, real=0.02 secs] 
2016-09-25T21:35:19.315-0400: 88.548: [GC (GCLocker Initiated GC) [PSYoungGen: 176862K->40206K(196096K)] 670813K->534854K(720384K), 0.0076499 secs] [Times: user=0.07 sys=0.01, real=0.01 secs] 
2016-09-25T21:35:19.412-0400: 88.645: [GC (GCLocker Initiated GC) [PSYoungGen: 173838K->36251K(195072K)] 669842K->546520K(719360K), 0.0068770 secs] [Times: user=0.09 sys=0.00, real=0.01 secs] 
2016-09-25T21:35:19.419-0400: 88.652: [Full GC (Ergonomics) [PSYoungGen: 36251K->0K(195072K)] [ParOldGen: 510269K->386025K(524288K)] 546520K->386025K(719360K), [Metaspace: 43812K->43812K(1087488K)], 0.0614392 secs] [Times: user=0.65 sys=0.02, real=0.06 secs] 
2016-09-25T21:35:19.574-0400: 88.807: [GC (GCLocker Initiated GC) [PSYoungGen: 133632K->59661K(192000K)] 522391K->453820K(716288K), 0.0150496 secs] [Times: user=0.24 sys=0.01, real=0.01 secs] 
2016-09-25T21:35:19.687-0400: 88.920: [GC (GCLocker Initiated GC) [PSYoungGen: 190733K->44623K(196608K)] 584924K->464284K(720896K), 0.0152575 secs] [Times: user=0.24 sys=0.01, real=0.02 secs] 
2016-09-25T21:35:19.808-0400: 89.041: [GC (GCLocker Initiated GC) [PSYoungGen: 175695K->29740K(195584K)] 602202K->481456K(719872K), 0.0104819 secs] [Times: user=0.12 sys=0.00, real=0.01 secs] 
2016-09-25T21:35:19.911-0400: 89.144: [GC (GCLocker Initiated GC) [PSYoungGen: 162860K->50086K(197120K)] 618837K->507074K(721408K), 0.0148792 secs] [Times: user=0.18 sys=0.01, real=0.02 secs] 
2016-09-25T21:35:20.020-0400: 89.254: [GC (GCLocker Initiated GC) [PSYoungGen: 183206K->43306K(195584K)] 641838K->502912K(719872K), 0.0057400 secs] [Times: user=0.06 sys=0.00, real=0.01 secs] 
2016-09-25T21:35:20.129-0400: 89.362: [GC (GCLocker Initiated GC) [PSYoungGen: 176938K->35215K(196608K)] 644765K->504034K(720896K), 0.0066493 secs] [Times: user=0.07 sys=0.00, real=0.01 secs] 
2016-09-25T21:35:20.243-0400: 89.476: [GC (GCLocker Initiated GC) [PSYoungGen: 168847K->49014K(198656K)] 643197K->524541K(722944K), 0.0093789 secs] [Times: user=0.11 sys=0.01, real=0.00 secs] 
2016-09-25T21:35:20.364-0400: 89.597: [GC (GCLocker Initiated GC) [PSYoungGen: 185718K->28584K(165376K)] 663978K->521522K(689664K), 0.0092217 secs] [Times: user=0.10 sys=0.01, real=0.00 secs] 
2016-09-25T21:35:20.468-0400: 89.701: [Full GC (Ergonomics) [PSYoungGen: 165288K->0K(165376K)] [ParOldGen: 501502K->396563K(524288K)] 666790K->396563K(689664K), [Metaspace: 43812K->43812K(1087488K)], 0.0591826 secs] [Times: user=0.38 sys=0.01, real=0.06 secs] 
2016-09-25T21:35:20.624-0400: 89.857: [GC (GCLocker Initiated GC) [PSYoungGen: 136704K->46417K(199168K)] 533377K->443091K(723456K), 0.0063650 secs] [Times: user=0.04 sys=0.01, real=0.00 secs] 
2016-09-25T21:35:20.730-0400: 89.963: [GC (GCLocker Initiated GC) [PSYoungGen: 182097K->59758K(195584K)] 578878K->468742K(719872K), 0.0063471 secs] [Times: user=0.07 sys=0.00, real=0.01 secs] 
2016-09-25T21:35:20.849-0400: 90.082: [GC (GCLocker Initiated GC) [PSYoungGen: 195438K->38205K(196096K)] 608798K->471741K(720384K), 0.0111705 secs] [Times: user=0.15 sys=0.00, real=0.01 secs] 
2016-09-25T21:35:20.967-0400: 90.200: [GC (GCLocker Initiated GC) [PSYoungGen: 167741K->23496K(153088K)] 617548K->488086K(677376K), 0.0102245 secs] [Times: user=0.13 sys=0.00, real=0.01 secs] 
2016-09-25T21:35:21.077-0400: 90.310: [GC (GCLocker Initiated GC) [PSYoungGen: 153032K->42272K(197120K)] 623055K->513703K(721408K), 0.0052829 secs] [Times: user=0.06 sys=0.02, real=0.01 secs] 
2016-09-25T21:35:21.191-0400: 90.424: [GC (GCLocker Initiated GC) [PSYoungGen: 172320K->35698K(165888K)] 650684K->515306K(690176K), 0.0065285 secs] [Times: user=0.05 sys=0.00, real=0.01 secs] 
2016-09-25T21:35:21.301-0400: 90.534: [GC (GCLocker Initiated GC) [PSYoungGen: 165746K->43750K(194560K)] 650854K->530367K(718848K), 0.0061854 secs] [Times: user=0.05 sys=0.00, real=0.01 secs] 
2016-09-25T21:35:21.409-0400: 90.643: [GC (GCLocker Initiated GC) [PSYoungGen: 174822K->55968K(193536K)] 661456K->544110K(717824K), 0.0103281 secs] [Times: user=0.12 sys=0.01, real=0.01 secs] 
2016-09-25T21:35:21.526-0400: 90.759: [GC (GCLocker Initiated GC) [PSYoungGen: 187040K->42368K(197632K)] 675357K->548389K(721920K), 0.0171401 secs] [Times: user=0.20 sys=0.00, real=0.02 secs] 
2016-09-25T21:35:21.544-0400: 90.777: [Full GC (Ergonomics) [PSYoungGen: 42368K->0K(197632K)] [ParOldGen: 506020K->409361K(524288K)] 548389K->409361K(721920K), [Metaspace: 43813K->43813K(1087488K)], 0.0624946 secs] [Times: user=0.44 sys=0.00, real=0.06 secs] 
2016-09-25T21:35:21.704-0400: 90.937: [GC (GCLocker Initiated GC) [PSYoungGen: 133120K->44082K(177664K)] 545217K->456179K(701952K), 0.0063449 secs] [Times: user=0.04 sys=0.00, real=0.00 secs] 
2016-09-25T21:35:21.808-0400: 91.041: [GC (GCLocker Initiated GC) [PSYoungGen: 177202K->47776K(196096K)] 594792K->467214K(720384K), 0.0097745 secs] [Times: user=0.10 sys=0.01, real=0.01 secs] 
2016-09-25T21:35:21.926-0400: 91.159: [GC (GCLocker Initiated GC) [PSYoungGen: 181920K->50494K(196096K)] 606828K->476726K(720384K), 0.0058519 secs] [Times: user=0.06 sys=0.00, real=0.00 secs] 
2016-09-25T21:35:22.035-0400: 91.269: [GC (GCLocker Initiated GC) [PSYoungGen: 184638K->53112K(196608K)] 613796K->491856K(720896K), 0.0073304 secs] [Times: user=0.09 sys=0.00, real=0.01 secs] 
2016-09-25T21:35:22.142-0400: 91.376: [GC (GCLocker Initiated GC) [PSYoungGen: 187256K->38269K(198144K)] 631402K->507915K(722432K), 0.0100136 secs] [Times: user=0.12 sys=0.00, real=0.00 secs] 
2016-09-25T21:35:22.265-0400: 91.498: [GC (GCLocker Initiated GC) [PSYoungGen: 172413K->41073K(194560K)] 644768K->514727K(718848K), 0.0075379 secs] [Times: user=0.08 sys=0.00, real=0.00 secs] 
2016-09-25T21:35:22.370-0400: 91.603: [GC (GCLocker Initiated GC) [PSYoungGen: 175729K->42218K(196608K)] 649416K->525411K(720896K), 0.0059427 secs] [Times: user=0.05 sys=0.00, real=0.01 secs] 
2016-09-25T21:35:22.491-0400: 91.724: [Full GC (Ergonomics) [PSYoungGen: 176874K->0K(196608K)] [ParOldGen: 503548K->399985K(524288K)] 680423K->399985K(720896K), [Metaspace: 43814K->43814K(1087488K)], 0.0743213 secs] [Times: user=0.59 sys=0.01, real=0.08 secs] 
2016-09-25T21:35:22.662-0400: 91.895: [GC (GCLocker Initiated GC) [PSYoungGen: 134656K->50508K(199680K)] 534886K->450746K(723968K), 0.0073799 secs] [Times: user=0.06 sys=0.00, real=0.01 secs] 
2016-09-25T21:35:22.778-0400: 92.012: [GC (GCLocker Initiated GC) [PSYoungGen: 189772K->36776K(200704K)] 595652K->444100K(724992K), 0.0174940 secs] [Times: user=0.16 sys=0.00, real=0.02 secs] 
2016-09-25T21:35:22.904-0400: 92.137: [GC (GCLocker Initiated GC) [PSYoungGen: 176040K->39354K(198144K)] 583400K->448006K(722432K), 0.0159428 secs] [Times: user=0.15 sys=0.02, real=0.01 secs] 
2016-09-25T21:35:23.026-0400: 92.259: [GC (GCLocker Initiated GC) [PSYoungGen: 179130K->34091K(199680K)] 594545K->469720K(723968K), 0.0082605 secs] [Times: user=0.11 sys=0.00, real=0.01 secs] 
2016-09-25T21:35:23.146-0400: 92.379: [GC (GCLocker Initiated GC) [PSYoungGen: 173867K->59632K(193024K)] 609529K->501874K(717312K), 0.0061766 secs] [Times: user=0.08 sys=0.00, real=0.00 secs] 
2016-09-25T21:35:23.251-0400: 92.484: [GC (GCLocker Initiated GC) [PSYoungGen: 192752K->20358K(153600K)] 637808K->469216K(677888K), 0.0059537 secs] [Times: user=0.05 sys=0.00, real=0.01 secs] 
2016-09-25T21:35:23.361-0400: 92.594: [GC (Allocation Failure) [PSYoungGen: 153478K->47514K(195584K)] 603688K->498886K(719872K), 0.0056292 secs] [Times: user=0.07 sys=0.00, real=0.01 secs] 
2016-09-25T21:35:23.466-0400: 92.699: [GC (GCLocker Initiated GC) [PSYoungGen: 176538K->54107K(183296K)] 627910K->506549K(707584K), 0.0061686 secs] [Times: user=0.08 sys=0.00, real=0.00 secs] 
2016-09-25T21:35:23.572-0400: 92.806: [GC (GCLocker Initiated GC) [PSYoungGen: 183131K->31415K(194048K)] 640986K->492955K(718336K), 0.0060531 secs] [Times: user=0.06 sys=0.00, real=0.01 secs] 
2016-09-25T21:35:23.678-0400: 92.911: [GC (GCLocker Initiated GC) [PSYoungGen: 157367K->43334K(169472K)] 622998K->510190K(693760K), 0.0054593 secs] [Times: user=0.06 sys=0.01, real=0.01 secs] 
2016-09-25T21:35:23.799-0400: 93.032: [GC (GCLocker Initiated GC) [PSYoungGen: 169286K->31187K(191488K)] 636741K->499677K(715776K), 0.0169536 secs] [Times: user=0.18 sys=0.00, real=0.02 secs] 
2016-09-25T21:35:23.920-0400: 93.154: [GC (GCLocker Initiated GC) [PSYoungGen: 157139K->28582K(191488K)] 632518K->515985K(715776K), 0.0159769 secs] [Times: user=0.16 sys=0.00, real=0.02 secs] 
2016-09-25T21:35:24.031-0400: 93.264: [GC (GCLocker Initiated GC) [PSYoungGen: 154534K->36877K(193024K)] 644719K->539180K(717312K), 0.0081916 secs] [Times: user=0.07 sys=0.00, real=0.01 secs] 
2016-09-25T21:35:24.040-0400: 93.273: [Full GC (Ergonomics) [PSYoungGen: 36877K->0K(193024K)] [ParOldGen: 502303K->414574K(524288K)] 539180K->414574K(717312K), [Metaspace: 43830K->43830K(1087488K)], 0.0627853 secs] [Times: user=0.49 sys=0.00, real=0.07 secs] 
2016-09-25T21:35:24.202-0400: 93.435: [GC (GCLocker Initiated GC) [PSYoungGen: 131584K->45365K(194560K)] 550556K->464338K(718848K), 0.0085077 secs] [Times: user=0.09 sys=0.00, real=0.00 secs] 
2016-09-25T21:35:24.311-0400: 93.544: [GC (GCLocker Initiated GC) [PSYoungGen: 176949K->40725K(195072K)] 602777K->468262K(719360K), 0.0084634 secs] [Times: user=0.07 sys=0.00, real=0.01 secs] 
2016-09-25T21:35:24.426-0400: 93.659: [GC (GCLocker Initiated GC) [PSYoungGen: 176917K->59837K(196096K)] 604534K->488765K(720384K), 0.0088662 secs] [Times: user=0.12 sys=0.00, real=0.01 secs] 
2016-09-25T21:35:24.544-0400: 93.777: [GC (GCLocker Initiated GC) [PSYoungGen: 196029K->41215K(198144K)] 633087K->479564K(722432K), 0.0071399 secs] [Times: user=0.07 sys=0.00, real=0.00 secs] 
2016-09-25T21:35:24.658-0400: 93.891: [GC (GCLocker Initiated GC) [PSYoungGen: 173311K->36911K(169472K)] 617098K->506560K(693760K), 0.0104031 secs] [Times: user=0.11 sys=0.00, real=0.01 secs] 
2016-09-25T21:35:24.777-0400: 94.010: [GC (GCLocker Initiated GC) [PSYoungGen: 169007K->50349K(193024K)] 641369K->524066K(717312K), 0.0116017 secs] [Times: user=0.14 sys=0.00, real=0.01 secs] 
2016-09-25T21:35:24.890-0400: 94.123: [GC (GCLocker Initiated GC) [PSYoungGen: 180909K->35596K(194560K)] 657399K->521526K(718848K), 0.0172517 secs] [Times: user=0.19 sys=0.00, real=0.02 secs] 
2016-09-25T21:35:25.021-0400: 94.254: [GC (GCLocker Initiated GC) [PSYoungGen: 166156K->50330K(197120K)] 652190K->537738K(721408K), 0.0083520 secs] [Times: user=0.07 sys=0.00, real=0.01 secs] 
2016-09-25T21:35:25.133-0400: 94.366: [GC (GCLocker Initiated GC) [PSYoungGen: 184474K->59984K(194560K)] 671899K->548747K(718848K), 0.0067998 secs] [Times: user=0.09 sys=0.00, real=0.01 secs] 
2016-09-25T21:35:25.245-0400: 94.478: [GC (GCLocker Initiated GC) [PSYoungGen: 194128K->60054K(186368K)] 685635K->553023K(710656K), 0.0057495 secs] [Times: user=0.07 sys=0.01, real=0.00 secs] 
2016-09-25T21:35:25.342-0400: 94.575: [GC (GCLocker Initiated GC) [PSYoungGen: 178838K->35503K(190464K)] 675260K->549585K(714752K), 0.0067359 secs] [Times: user=0.06 sys=0.00, real=0.01 secs] 
2016-09-25T21:35:25.348-0400: 94.582: [Full GC (Ergonomics) [PSYoungGen: 35503K->0K(190464K)] [ParOldGen: 514081K->422622K(524288K)] 549585K->422622K(714752K), [Metaspace: 43831K->43831K(1087488K)], 0.0604932 secs] [Times: user=0.40 sys=0.00, real=0.06 secs] 
2016-09-25T21:35:25.489-0400: 94.723: [GC (GCLocker Initiated GC) [PSYoungGen: 118784K->49262K(187904K)] 541421K->471900K(712192K), 0.0066262 secs] [Times: user=0.06 sys=0.00, real=0.01 secs] 
2016-09-25T21:35:25.588-0400: 94.821: [GC (GCLocker Initiated GC) [PSYoungGen: 168558K->59810K(189440K)] 591204K->483995K(713728K), 0.0067317 secs] [Times: user=0.10 sys=0.00, real=0.01 secs] 
2016-09-25T21:35:25.698-0400: 94.931: [GC (GCLocker Initiated GC) [PSYoungGen: 179106K->36709K(189952K)] 610431K->469218K(714240K), 0.0058414 secs] [Times: user=0.05 sys=0.00, real=0.01 secs] 
2016-09-25T21:35:25.807-0400: 95.041: [GC (GCLocker Initiated GC) [PSYoungGen: 153957K->27185K(189440K)] 597279K->482661K(713728K), 0.0071740 secs] [Times: user=0.04 sys=0.01, real=0.01 secs] 
2016-09-25T21:35:25.912-0400: 95.145: [GC (GCLocker Initiated GC) [PSYoungGen: 144433K->21823K(187392K)] 609449K->498886K(711680K), 0.0367207 secs] [Times: user=0.36 sys=0.00, real=0.04 secs] 
2016-09-25T21:35:26.043-0400: 95.276: [GC (GCLocker Initiated GC) [PSYoungGen: 136511K->41045K(156160K)] 620509K->526417K(680448K), 0.0131342 secs] [Times: user=0.16 sys=0.00, real=0.01 secs] 
2016-09-25T21:35:26.162-0400: 95.396: [GC (GCLocker Initiated GC) [PSYoungGen: 155733K->47563K(187392K)] 643816K->537014K(711680K), 0.0062488 secs] [Times: user=0.06 sys=0.01, real=0.00 secs] 
2016-09-25T21:35:26.269-0400: 95.502: [GC (GCLocker Initiated GC) [PSYoungGen: 164299K->46455K(186368K)] 659166K->542552K(710656K), 0.0155954 secs] [Times: user=0.19 sys=0.00, real=0.02 secs] 
2016-09-25T21:35:26.385-0400: 95.618: [Full GC (Ergonomics) [PSYoungGen: 163191K->0K(186368K)] [ParOldGen: 505715K->440355K(524288K)] 668906K->440355K(710656K), [Metaspace: 43836K->43836K(1087488K)], 0.0635816 secs] [Times: user=0.35 sys=0.01, real=0.06 secs] 
2016-09-25T21:35:26.547-0400: 95.781: [GC (GCLocker Initiated GC) [PSYoungGen: 116736K->38594K(190464K)] 566545K->488403K(714752K), 0.0132670 secs] [Times: user=0.14 sys=0.00, real=0.01 secs] 
2016-09-25T21:35:26.674-0400: 95.907: [GC (GCLocker Initiated GC) [PSYoungGen: 162498K->32710K(190464K)] 619093K->490945K(714752K), 0.0488819 secs] [Times: user=0.46 sys=0.01, real=0.05 secs] 
2016-09-25T21:35:26.834-0400: 96.067: [GC (GCLocker Initiated GC) [PSYoungGen: 156614K->29963K(195072K)] 628388K->511169K(719360K), 0.0251430 secs] [Times: user=0.30 sys=0.00, real=0.03 secs] 
2016-09-25T21:35:26.958-0400: 96.191: [GC (GCLocker Initiated GC) [PSYoungGen: 159499K->19155K(195072K)] 647516K->513793K(719360K), 0.0064701 secs] [Times: user=0.04 sys=0.00, real=0.01 secs] 
2016-09-25T21:35:27.067-0400: 96.300: [GC (GCLocker Initiated GC) [PSYoungGen: 148691K->46293K(195584K)] 648737K->547680K(719872K), 0.0122408 secs] [Times: user=0.17 sys=0.00, real=0.01 secs] 
2016-09-25T21:35:27.175-0400: 96.408: [GC (GCLocker Initiated GC) [PSYoungGen: 175317K->58476K(187904K)] 676800K->561262K(712192K), 0.0102648 secs] [Times: user=0.12 sys=0.00, real=0.01 secs] 
2016-09-25T21:35:27.285-0400: 96.518: [GC (GCLocker Initiated GC) [PSYoungGen: 187500K->50311K(189952K)] 690297K->554396K(714240K), 0.0075627 secs] [Times: user=0.08 sys=0.00, real=0.00 secs] 
2016-09-25T21:35:27.387-0400: 96.620: [GC (GCLocker Initiated GC) [PSYoungGen: 169095K->55653K(174592K)] 676043K->563904K(698880K), 0.0067875 secs] [Times: user=0.08 sys=0.00, real=0.00 secs] 
2016-09-25T21:35:27.490-0400: 96.723: [GC (GCLocker Initiated GC) [PSYoungGen: 174437K->39103K(190464K)] 682802K->548585K(714752K), 0.0058535 secs] [Times: user=0.04 sys=0.01, real=0.01 secs] 
2016-09-25T21:35:27.585-0400: 96.818: [Full GC (Ergonomics) [PSYoungGen: 155839K->0K(190464K)] [ParOldGen: 512255K->454703K(524288K)] 668095K->454703K(714752K), [Metaspace: 43846K->43846K(1087488K)], 0.0627658 secs] [Times: user=0.44 sys=0.00, real=0.06 secs] 
2016-09-25T21:35:27.757-0400: 96.990: [GC (GCLocker Initiated GC) [PSYoungGen: 116736K->33300K(150528K)] 589083K->505648K(674816K), 0.0107930 secs] [Times: user=0.14 sys=0.00, real=0.01 secs] 
2016-09-25T21:35:27.868-0400: 97.101: [GC (GCLocker Initiated GC) [PSYoungGen: 150036K->33854K(188416K)] 626547K->512151K(712704K), 0.0214475 secs] [Times: user=0.26 sys=0.01, real=0.02 secs] 
2016-09-25T21:35:28.003-0400: 97.237: [GC (GCLocker Initiated GC) [PSYoungGen: 152126K->11021K(186880K)] 658874K->518799K(711168K), 0.0083211 secs] [Times: user=0.08 sys=0.00, real=0.00 secs] 
2016-09-25T21:35:28.128-0400: 97.361: [Full GC (Ergonomics) [PSYoungGen: 129293K->0K(186880K)] [ParOldGen: 512576K->434847K(524288K)] 641869K->434847K(711168K), [Metaspace: 43846K->43846K(1087488K)], 0.0726430 secs] [Times: user=0.70 sys=0.00, real=0.07 secs] 
2016-09-25T21:35:28.297-0400: 97.531: [GC (GCLocker Initiated GC) [PSYoungGen: 118272K->38125K(189952K)] 561449K->481302K(714240K), 0.0096617 secs] [Times: user=0.11 sys=0.00, real=0.01 secs] 
2016-09-25T21:35:28.410-0400: 97.643: [GC (GCLocker Initiated GC) [PSYoungGen: 160493K->43287K(190464K)] 606388K->490552K(714752K), 0.0205022 secs] [Times: user=0.27 sys=0.01, real=0.02 secs] 
2016-09-25T21:35:28.525-0400: 97.758: [GC (GCLocker Initiated GC) [PSYoungGen: 165655K->47574K(193024K)] 618419K->501399K(717312K), 0.0055406 secs] [Times: user=0.06 sys=0.00, real=0.00 secs] 
2016-09-25T21:35:28.631-0400: 97.865: [GC (GCLocker Initiated GC) [PSYoungGen: 173526K->37951K(164352K)] 635683K->501246K(688640K), 0.0146172 secs] [Times: user=0.17 sys=0.01, real=0.02 secs] 
2016-09-25T21:35:28.736-0400: 97.969: [GC (GCLocker Initiated GC) [PSYoungGen: 163903K->46196K(192512K)] 633958K->517496K(716800K), 0.0063804 secs] [Times: user=0.06 sys=0.00, real=0.01 secs] 
2016-09-25T21:35:28.834-0400: 98.067: [GC (GCLocker Initiated GC) [PSYoungGen: 173684K->63778K(191488K)] 650503K->541779K(715776K), 0.0077027 secs] [Times: user=0.08 sys=0.01, real=0.00 secs] 
2016-09-25T21:35:28.941-0400: 98.174: [GC (GCLocker Initiated GC) [PSYoungGen: 191266K->44868K(193024K)] 672052K->526811K(717312K), 0.0187097 secs] [Times: user=0.20 sys=0.00, real=0.02 secs] 
2016-09-25T21:35:29.067-0400: 98.300: [GC (GCLocker Initiated GC) [PSYoungGen: 167236K->55843K(178688K)] 654593K->544374K(702976K), 0.0083164 secs] [Times: user=0.09 sys=0.01, real=0.01 secs] 
2016-09-25T21:35:29.171-0400: 98.404: [GC (GCLocker Initiated GC) [PSYoungGen: 178211K->56987K(186368K)] 674960K->554979K(710656K), 0.0055520 secs] [Times: user=0.06 sys=0.01, real=0.01 secs] 
2016-09-25T21:35:29.268-0400: 98.501: [GC (GCLocker Initiated GC) [PSYoungGen: 171675K->50109K(188416K)] 676470K->556045K(712704K), 0.0061062 secs] [Times: user=0.07 sys=0.00, real=0.01 secs] 
2016-09-25T21:35:29.362-0400: 98.595: [GC (GCLocker Initiated GC) [PSYoungGen: 164797K->50189K(185344K)] 677851K->564425K(709632K), 0.0057757 secs] [Times: user=0.07 sys=0.00, real=0.00 secs] 
2016-09-25T21:35:29.453-0400: 98.686: [Full GC (Ergonomics) [PSYoungGen: 165901K->0K(185344K)] [ParOldGen: 519694K->447562K(524288K)] 685596K->447562K(709632K), [Metaspace: 43846K->43846K(1087488K)], 0.0646305 secs] [Times: user=0.51 sys=0.03, real=0.07 secs] 
2016-09-25T21:35:29.605-0400: 98.838: [GC (GCLocker Initiated GC) [PSYoungGen: 115712K->39614K(187392K)] 566187K->490090K(711680K), 0.0084702 secs] [Times: user=0.09 sys=0.00, real=0.00 secs] 
2016-09-25T21:35:29.702-0400: 98.935: [GC (GCLocker Initiated GC) [PSYoungGen: 155326K->20235K(187904K)] 609864K->478895K(712192K), 0.0065648 secs] [Times: user=0.05 sys=0.00, real=0.01 secs] 
2016-09-25T21:35:29.787-0400: 99.020: [GC (GCLocker Initiated GC) [PSYoungGen: 137995K->56876K(175104K)] 596815K->516855K(699392K), 0.0080306 secs] [Times: user=0.11 sys=0.00, real=0.01 secs] 
2016-09-25T21:35:29.892-0400: 99.125: [GC (GCLocker Initiated GC) [PSYoungGen: 174636K->52762K(187904K)] 634896K->514068K(712192K), 0.0070110 secs] [Times: user=0.08 sys=0.01, real=0.01 secs] 
2016-09-25T21:35:29.990-0400: 99.223: [GC (GCLocker Initiated GC) [PSYoungGen: 166426K->41705K(155648K)] 627766K->514843K(679936K), 0.0179048 secs] [Times: user=0.17 sys=0.00, real=0.02 secs] 
2016-09-25T21:35:30.107-0400: 99.340: [GC (GCLocker Initiated GC) [PSYoungGen: 155369K->27317K(185856K)] 643754K->543611K(710144K), 0.0064185 secs] [Times: user=0.07 sys=0.00, real=0.00 secs] 
2016-09-25T21:35:30.114-0400: 99.347: [Full GC (Ergonomics) [PSYoungGen: 27317K->0K(185856K)] [ParOldGen: 516294K->456317K(524288K)] 543611K->456317K(710144K), [Metaspace: 43854K->43854K(1087488K)], 0.0631701 secs] [Times: user=0.55 sys=0.01, real=0.07 secs] 
2016-09-25T21:35:30.271-0400: 99.504: [GC (GCLocker Initiated GC) [PSYoungGen: 113664K->48995K(185856K)] 579469K->514801K(710144K), 0.0113581 secs] [Times: user=0.14 sys=0.00, real=0.02 secs] 
2016-09-25T21:35:30.371-0400: 99.604: [GC (GCLocker Initiated GC) [PSYoungGen: 162659K->24583K(188928K)] 635245K->522726K(713216K), 0.0099788 secs] [Times: user=0.15 sys=0.00, real=0.01 secs] 
2016-09-25T21:35:30.469-0400: 99.702: [Full GC (Ergonomics) [PSYoungGen: 141831K->0K(188928K)] [ParOldGen: 506284K->459406K(524288K)] 648116K->459406K(713216K), [Metaspace: 43854K->43854K(1087488K)], 0.0563340 secs] [Times: user=0.56 sys=0.00, real=0.06 secs] 
2016-09-25T21:35:30.611-0400: 99.845: [GC (GCLocker Initiated GC) [PSYoungGen: 117248K->70818K(188416K)] 576699K->530270K(712704K), 0.0076323 secs] [Times: user=0.09 sys=0.01, real=0.01 secs] 
2016-09-25T21:35:30.702-0400: 99.935: [GC (GCLocker Initiated GC) [PSYoungGen: 188066K->59662K(172032K)] 647922K->519517K(696320K), 0.0103646 secs] [Times: user=0.15 sys=0.00, real=0.01 secs] 
2016-09-25T21:35:30.777-0400: 100.011: [GC (GCLocker Initiated GC) [PSYoungGen: 157966K->53659K(180224K)] 617827K->513520K(704512K), 0.0072158 secs] [Times: user=0.06 sys=0.00, real=0.01 secs] 
2016-09-25T21:35:30.864-0400: 100.097: [GC (GCLocker Initiated GC) [PSYoungGen: 151963K->69560K(171520K)] 618790K->536388K(695808K), 0.0067681 secs] [Times: user=0.09 sys=0.00, real=0.00 secs] 
2016-09-25T21:35:30.956-0400: 100.189: [GC (GCLocker Initiated GC) [PSYoungGen: 159672K->74287K(164864K)] 632064K->546678K(689152K), 0.0063273 secs] [Times: user=0.08 sys=0.00, real=0.01 secs] 
2016-09-25T21:35:31.035-0400: 100.268: [GC (GCLocker Initiated GC) [PSYoungGen: 164399K->51025K(175104K)] 636860K->538086K(699392K), 0.0073374 secs] [Times: user=0.09 sys=0.00, real=0.01 secs] 
2016-09-25T21:35:31.107-0400: 100.340: [GC (GCLocker Initiated GC) [PSYoungGen: 139089K->53994K(142336K)] 629138K->545906K(666624K), 0.0052661 secs] [Times: user=0.08 sys=0.00, real=0.00 secs] 
2016-09-25T21:35:31.172-0400: 100.405: [GC (GCLocker Initiated GC) [PSYoungGen: 142058K->54799K(175104K)] 636808K->549548K(699392K), 0.0106507 secs] [Times: user=0.13 sys=0.00, real=0.02 secs] 
2016-09-25T21:35:31.275-0400: 100.508: [GC (GCLocker Initiated GC) [PSYoungGen: 144911K->26513K(173056K)] 643910K->526356K(697344K), 0.0276153 secs] [Times: user=0.28 sys=0.01, real=0.03 secs] 
2016-09-25T21:35:31.362-0400: 100.595: [GC (GCLocker Initiated GC) [PSYoungGen: 116625K->54192K(176640K)] 619294K->558247K(700928K), 0.0103509 secs] [Times: user=0.11 sys=0.00, real=0.00 secs] 
2016-09-25T21:35:31.459-0400: 100.692: [Full GC (Ergonomics) [PSYoungGen: 148912K->0K(176640K)] [ParOldGen: 508111K->456821K(524288K)] 657024K->456821K(700928K), [Metaspace: 43854K->43854K(1087488K)], 0.0704315 secs] [Times: user=0.48 sys=0.00, real=0.07 secs] 
2016-09-25T21:35:31.606-0400: 100.839: [GC (GCLocker Initiated GC) [PSYoungGen: 94720K->50348K(177152K)] 554276K->509905K(701440K), 0.0107036 secs] [Times: user=0.14 sys=0.00, real=0.01 secs] 
2016-09-25T21:35:31.688-0400: 100.921: [GC (GCLocker Initiated GC) [PSYoungGen: 145068K->44683K(177664K)] 612774K->521701K(701952K), 0.0136122 secs] [Times: user=0.16 sys=0.00, real=0.01 secs] 
2016-09-25T21:35:31.793-0400: 101.026: [GC (GCLocker Initiated GC) [PSYoungGen: 144523K->29833K(177152K)] 631075K->541728K(701440K), 0.0095970 secs] [Times: user=0.08 sys=0.00, real=0.02 secs] 
2016-09-25T21:35:31.803-0400: 101.036: [Full GC (Ergonomics) [PSYoungGen: 29833K->0K(177152K)] [ParOldGen: 511894K->469143K(524288K)] 541728K->469143K(701440K), [Metaspace: 43854K->43854K(1087488K)], 0.0560029 secs] [Times: user=0.46 sys=0.00, real=0.05 secs] 
2016-09-25T21:35:31.935-0400: 101.168: [GC (GCLocker Initiated GC) [PSYoungGen: 99840K->62465K(179200K)] 574420K->537046K(703488K), 0.0064612 secs] [Times: user=0.08 sys=0.00, real=0.00 secs] 
2016-09-25T21:35:32.022-0400: 101.255: [GC (GCLocker Initiated GC) [PSYoungGen: 163841K->66209K(167936K)] 642602K->544971K(692224K), 0.0076181 secs] [Times: user=0.09 sys=0.02, real=0.00 secs] 
2016-09-25T21:35:32.109-0400: 101.342: [GC (GCLocker Initiated GC) [PSYoungGen: 167585K->57484K(179200K)] 646373K->536272K(703488K), 0.0094720 secs] [Times: user=0.11 sys=0.00, real=0.01 secs] 
2016-09-25T21:35:32.191-0400: 101.424: [GC (GCLocker Initiated GC) [PSYoungGen: 152716K->71773K(167424K)] 631672K->550729K(691712K), 0.0126412 secs] [Times: user=0.15 sys=0.00, real=0.02 secs] 
2016-09-25T21:35:32.287-0400: 101.520: [GC (GCLocker Initiated GC) [PSYoungGen: 167005K->46233K(177152K)] 655625K->564028K(701440K), 0.0133192 secs] [Times: user=0.17 sys=0.00, real=0.01 secs] 
2016-09-25T21:35:32.301-0400: 101.534: [Full GC (Ergonomics) [PSYoungGen: 46233K->0K(177152K)] [ParOldGen: 517794K->478864K(524288K)] 564028K->478864K(701440K), [Metaspace: 43854K->43854K(1087488K)], 0.0601143 secs] [Times: user=0.52 sys=0.01, real=0.06 secs] 
2016-09-25T21:35:32.427-0400: 101.660: [GC (GCLocker Initiated GC) [PSYoungGen: 90112K->59422K(150016K)] 569013K->538324K(674304K), 0.0143760 secs] [Times: user=0.06 sys=0.00, real=0.01 secs] 
2016-09-25T21:35:32.518-0400: 101.751: [GC (GCLocker Initiated GC) [PSYoungGen: 149534K->39071K(175104K)] 645995K->535532K(699392K), 0.0077350 secs] [Times: user=0.06 sys=0.01, real=0.01 secs] 
2016-09-25T21:35:32.620-0400: 101.853: [Full GC (Ergonomics) [PSYoungGen: 129695K->0K(175104K)] [ParOldGen: 509972K->462686K(524288K)] 639668K->462686K(699392K), [Metaspace: 43855K->43855K(1087488K)], 0.0830250 secs] [Times: user=0.69 sys=0.02, real=0.09 secs] 
2016-09-25T21:35:32.774-0400: 102.007: [GC (GCLocker Initiated GC) [PSYoungGen: 90624K->47897K(174592K)] 553509K->510782K(698880K), 0.0102984 secs] [Times: user=0.11 sys=0.00, real=0.01 secs] 
2016-09-25T21:35:32.850-0400: 102.083: [GC (GCLocker Initiated GC) [PSYoungGen: 138521K->67449K(172032K)] 601429K->530357K(696320K), 0.0106826 secs] [Times: user=0.14 sys=0.01, real=0.01 secs] 
2016-09-25T21:35:32.934-0400: 102.167: [GC (GCLocker Initiated GC) [PSYoungGen: 158073K->68338K(175104K)] 626406K->536671K(699392K), 0.0063375 secs] [Times: user=0.08 sys=0.00, real=0.01 secs] 
2016-09-25T21:35:33.004-0400: 102.237: [GC (GCLocker Initiated GC) [PSYoungGen: 158962K->86738K(175104K)] 630161K->560637K(699392K), 0.0086226 secs] [Times: user=0.10 sys=0.00, real=0.00 secs] 
2016-09-25T21:35:33.098-0400: 102.331: [GC (GCLocker Initiated GC) [PSYoungGen: 174802K->53999K(175104K)] 666338K->545534K(699392K), 0.0066138 secs] [Times: user=0.06 sys=0.00, real=0.01 secs] 
2016-09-25T21:35:33.168-0400: 102.401: [GC (GCLocker Initiated GC) [PSYoungGen: 142063K->76246K(175104K)] 633619K->567803K(699392K), 0.0077695 secs] [Times: user=0.11 sys=0.00, real=0.01 secs] 
2016-09-25T21:35:33.251-0400: 102.484: [GC (GCLocker Initiated GC) [PSYoungGen: 164310K->43918K(175104K)] 658817K->543214K(699392K), 0.0124036 secs] [Times: user=0.14 sys=0.00, real=0.02 secs] 
2016-09-25T21:35:33.321-0400: 102.554: [GC (GCLocker Initiated GC) --[PSYoungGen: 131982K->131982K(175104K)] 636846K->654832K(699392K), 0.0103096 secs] [Times: user=0.12 sys=0.00, real=0.01 secs] 
2016-09-25T21:35:33.332-0400: 102.565: [Full GC (Ergonomics) [PSYoungGen: 131982K->0K(175104K)] [ParOldGen: 522849K->477589K(524288K)] 654832K->477589K(699392K), [Metaspace: 43855K->43855K(1087488K)], 0.0532588 secs] [Times: user=0.52 sys=0.01, real=0.06 secs] 
2016-09-25T21:35:33.459-0400: 102.692: [GC (GCLocker Initiated GC) [PSYoungGen: 88064K->54129K(175104K)] 565733K->531799K(699392K), 0.0054259 secs] [Times: user=0.07 sys=0.01, real=0.01 secs] 
2016-09-25T21:35:33.527-0400: 102.760: [GC (GCLocker Initiated GC) [PSYoungGen: 142193K->45442K(175104K)] 623936K->527185K(699392K), 0.0122268 secs] [Times: user=0.16 sys=0.01, real=0.01 secs] 
2016-09-25T21:35:33.597-0400: 102.830: [GC (GCLocker Initiated GC) [PSYoungGen: 133506K->64156K(175104K)] 618164K->561946K(699392K), 0.0074892 secs] [Times: user=0.10 sys=0.00, real=0.01 secs] 
2016-09-25T21:35:33.673-0400: 102.906: [Full GC (Ergonomics) [PSYoungGen: 152220K->0K(175104K)] [ParOldGen: 506029K->476065K(524288K)] 658249K->476065K(699392K), [Metaspace: 43855K->43855K(1087488K)], 0.1109070 secs] [Times: user=1.37 sys=0.00, real=0.12 secs] 
2016-09-25T21:35:33.848-0400: 103.082: [GC (GCLocker Initiated GC) [PSYoungGen: 88064K->49815K(175104K)] 564194K->525946K(699392K), 0.0061081 secs] [Times: user=0.06 sys=0.00, real=0.01 secs] 
2016-09-25T21:35:33.916-0400: 103.149: [GC (GCLocker Initiated GC) [PSYoungGen: 137879K->47030K(174080K)] 616726K->538827K(698368K), 0.0073317 secs] [Times: user=0.07 sys=0.00, real=0.01 secs] 
2016-09-25T21:35:33.975-0400: 103.208: [GC (GCLocker Initiated GC) [PSYoungGen: 135094K->52825K(141312K)] 627017K->544748K(665600K), 0.0145167 secs] [Times: user=0.18 sys=0.01, real=0.01 secs] 
2016-09-25T21:35:34.046-0400: 103.279: [GC (GCLocker Initiated GC) [PSYoungGen: 140889K->58619K(175104K)] 632855K->550584K(699392K), 0.0075851 secs] [Times: user=0.08 sys=0.00, real=0.00 secs] 
2016-09-25T21:35:34.110-0400: 103.343: [GC (GCLocker Initiated GC) [PSYoungGen: 149755K->71450K(173568K)] 641723K->563419K(697856K), 0.0071962 secs] [Times: user=0.10 sys=0.00, real=0.01 secs] 
2016-09-25T21:35:34.170-0400: 103.403: [GC (GCLocker Initiated GC) [PSYoungGen: 162586K->75932K(173568K)] 654588K->567934K(697856K), 0.0067583 secs] [Times: user=0.10 sys=0.00, real=0.01 secs] 
2016-09-25T21:35:34.233-0400: 103.466: [GC (GCLocker Initiated GC) [PSYoungGen: 163996K->65869K(175104K)] 656043K->577944K(699392K), 0.0079968 secs] [Times: user=0.11 sys=0.01, real=0.01 secs] 
2016-09-25T21:35:34.241-0400: 103.474: [Full GC (Ergonomics) [PSYoungGen: 65869K->0K(175104K)] [ParOldGen: 512074K->474168K(524288K)] 577944K->474168K(699392K), [Metaspace: 43855K->43855K(1087488K)], 0.0800183 secs] [Times: user=0.85 sys=0.00, real=0.08 secs] 
2016-09-25T21:35:34.376-0400: 103.609: [GC (GCLocker Initiated GC) [PSYoungGen: 88064K->41777K(175104K)] 567636K->521349K(699392K), 0.0098802 secs] [Times: user=0.14 sys=0.00, real=0.01 secs] 
2016-09-25T21:35:34.445-0400: 103.678: [GC (GCLocker Initiated GC) [PSYoungGen: 129841K->43496K(175104K)] 617579K->531234K(699392K), 0.0114563 secs] [Times: user=0.15 sys=0.00, real=0.01 secs] 
2016-09-25T21:35:34.511-0400: 103.744: [GC (GCLocker Initiated GC) [PSYoungGen: 131560K->46912K(175104K)] 622194K->538778K(699392K), 0.0067586 secs] [Times: user=0.08 sys=0.01, real=0.01 secs] 
2016-09-25T21:35:34.579-0400: 103.812: [GC (GCLocker Initiated GC) [PSYoungGen: 134976K->40631K(129024K)] 633623K->539278K(653312K), 0.0054571 secs] [Times: user=0.07 sys=0.00, real=0.01 secs] 
2016-09-25T21:35:34.637-0400: 103.871: [GC (GCLocker Initiated GC) [PSYoungGen: 128695K->46190K(176640K)] 630156K->547651K(700928K), 0.0097986 secs] [Times: user=0.10 sys=0.00, real=0.01 secs] 
2016-09-25T21:35:34.699-0400: 103.932: [GC (GCLocker Initiated GC) [PSYoungGen: 136302K->66889K(174592K)] 640506K->571093K(698880K), 0.0069660 secs] [Times: user=0.10 sys=0.00, real=0.01 secs] 
2016-09-25T21:35:34.762-0400: 103.996: [GC (GCLocker Initiated GC) [PSYoungGen: 157001K->67125K(174592K)] 665292K->575416K(698880K), 0.0074074 secs] [Times: user=0.09 sys=0.00, real=0.00 secs] 
2016-09-25T21:35:34.824-0400: 104.057: [GC (GCLocker Initiated GC) [PSYoungGen: 155189K->85571K(175104K)] 663638K->594995K(699392K), 0.0083474 secs] [Times: user=0.10 sys=0.00, real=0.00 secs] 
2016-09-25T21:35:34.887-0400: 104.120: [GC (GCLocker Initiated GC) --[PSYoungGen: 173635K->173635K(175104K)] 683112K->697323K(699392K), 0.0133175 secs] [Times: user=0.10 sys=0.00, real=0.01 secs] 
2016-09-25T21:35:34.901-0400: 104.134: [Full GC (Ergonomics) [PSYoungGen: 173635K->0K(175104K)] [ParOldGen: 523687K->477782K(524288K)] 697323K->477782K(699392K), [Metaspace: 43855K->43855K(1087488K)], 0.0693479 secs] [Times: user=0.78 sys=0.00, real=0.07 secs] 
2016-09-25T21:35:35.031-0400: 104.264: [GC (GCLocker Initiated GC) [PSYoungGen: 88064K->44238K(175104K)] 572694K->528868K(699392K), 0.0098065 secs] [Times: user=0.10 sys=0.00, real=0.01 secs] 
2016-09-25T21:35:35.099-0400: 104.332: [GC (GCLocker Initiated GC) [PSYoungGen: 132302K->35235K(175104K)] 622362K->525295K(699392K), 0.0102032 secs] [Times: user=0.11 sys=0.00, real=0.01 secs] 
2016-09-25T21:35:35.167-0400: 104.400: [GC (GCLocker Initiated GC) [PSYoungGen: 123299K->42833K(175104K)] 620240K->551649K(699392K), 0.0066368 secs] [Times: user=0.08 sys=0.00, real=0.00 secs] 
2016-09-25T21:35:35.228-0400: 104.461: [GC (GCLocker Initiated GC) [PSYoungGen: 130897K->52187K(175104K)] 639722K->566949K(699392K), 0.0061175 secs] [Times: user=0.08 sys=0.00, real=0.01 secs] 
2016-09-25T21:35:35.234-0400: 104.468: [Full GC (Ergonomics) [PSYoungGen: 52187K->0K(175104K)] [ParOldGen: 514762K->476833K(524288K)] 566949K->476833K(699392K), [Metaspace: 43855K->43855K(1087488K)], 0.0558028 secs] [Times: user=0.53 sys=0.02, real=0.05 secs] 
2016-09-25T21:35:35.345-0400: 104.578: [GC (GCLocker Initiated GC) [PSYoungGen: 88064K->51028K(173056K)] 566371K->529335K(697344K), 0.0111355 secs] [Times: user=0.15 sys=0.00, real=0.01 secs] 
2016-09-25T21:35:35.424-0400: 104.657: [GC (GCLocker Initiated GC) [PSYoungGen: 139092K->63876K(174080K)] 617503K->542287K(698368K), 0.0065155 secs] [Times: user=0.09 sys=0.00, real=0.00 secs] 
2016-09-25T21:35:35.495-0400: 104.728: [GC (GCLocker Initiated GC) [PSYoungGen: 151940K->53596K(171520K)] 633270K->534925K(695808K), 0.0080680 secs] [Times: user=0.07 sys=0.00, real=0.01 secs] 
2016-09-25T21:35:35.578-0400: 104.811: [GC (GCLocker Initiated GC) [PSYoungGen: 143196K->34097K(173568K)] 629954K->520855K(697856K), 0.0125430 secs] [Times: user=0.13 sys=0.01, real=0.01 secs] 
2016-09-25T21:35:35.652-0400: 104.885: [GC (GCLocker Initiated GC) [PSYoungGen: 123697K->68345K(172544K)] 613229K->557878K(696832K), 0.0153424 secs] [Times: user=0.17 sys=0.01, real=0.02 secs] 
2016-09-25T21:35:35.744-0400: 104.977: [GC (GCLocker Initiated GC) [PSYoungGen: 156409K->79863K(175104K)] 655483K->578937K(699392K), 0.0137086 secs] [Times: user=0.19 sys=0.00, real=0.01 secs] 
2016-09-25T21:35:35.814-0400: 105.047: [GC (GCLocker Initiated GC) [PSYoungGen: 167927K->64382K(175104K)] 671054K->587608K(699392K), 0.0150917 secs] [Times: user=0.16 sys=0.01, real=0.02 secs] 
2016-09-25T21:35:35.829-0400: 105.062: [Full GC (Ergonomics) [PSYoungGen: 64382K->0K(175104K)] [ParOldGen: 523226K->486568K(524288K)] 587608K->486568K(699392K), [Metaspace: 43855K->43855K(1087488K)], 0.0744553 secs] [Times: user=0.66 sys=0.00, real=0.08 secs] 
2016-09-25T21:35:35.964-0400: 105.198: [GC (GCLocker Initiated GC) [PSYoungGen: 88064K->61992K(175104K)] 576769K->550705K(699392K), 0.0058057 secs] [Times: user=0.08 sys=0.00, real=0.00 secs] 
2016-09-25T21:35:36.046-0400: 105.280: [GC (GCLocker Initiated GC) [PSYoungGen: 150056K->51695K(175104K)] 648368K->550007K(699392K), 0.0062382 secs] [Times: user=0.06 sys=0.00, real=0.00 secs] 
2016-09-25T21:35:36.119-0400: 105.353: [GC (GCLocker Initiated GC) [PSYoungGen: 139759K->46177K(175104K)] 640847K->561554K(699392K), 0.0070107 secs] [Times: user=0.06 sys=0.01, real=0.01 secs] 
2016-09-25T21:35:36.127-0400: 105.360: [Full GC (Ergonomics) [PSYoungGen: 46177K->0K(175104K)] [ParOldGen: 515377K->482679K(524288K)] 561554K->482679K(699392K), [Metaspace: 43857K->43857K(1087488K)], 0.0649183 secs] [Times: user=0.66 sys=0.01, real=0.06 secs] 
2016-09-25T21:35:36.263-0400: 105.496: [GC (GCLocker Initiated GC) [PSYoungGen: 88064K->32812K(175104K)] 585656K->530405K(699392K), 0.0051126 secs] [Times: user=0.07 sys=0.00, real=0.00 secs] 
2016-09-25T21:35:36.351-0400: 105.584: [Full GC (Ergonomics) [PSYoungGen: 120876K->0K(175104K)] [ParOldGen: 511245K->438730K(524288K)] 632121K->438730K(699392K), [Metaspace: 43857K->43857K(1087488K)], 0.0784691 secs] [Times: user=0.91 sys=0.01, real=0.08 secs] 
2016-09-25T21:35:36.491-0400: 105.724: [GC (GCLocker Initiated GC) [PSYoungGen: 88064K->59419K(175104K)] 529631K->500986K(699392K), 0.0062986 secs] [Times: user=0.07 sys=0.00, real=0.01 secs] 
2016-09-25T21:35:36.575-0400: 105.808: [GC (GCLocker Initiated GC) [PSYoungGen: 147483K->44047K(172032K)] 594535K->491099K(696320K), 0.0054189 secs] [Times: user=0.07 sys=0.00, real=0.00 secs] 
2016-09-25T21:35:36.643-0400: 105.876: [GC (GCLocker Initiated GC) [PSYoungGen: 132111K->54107K(173568K)] 583371K->505368K(697856K), 0.0103321 secs] [Times: user=0.13 sys=0.00, real=0.00 secs] 
2016-09-25T21:35:36.727-0400: 105.960: [GC (GCLocker Initiated GC) [PSYoungGen: 142171K->54618K(172032K)] 593459K->505905K(696320K), 0.0062293 secs] [Times: user=0.08 sys=0.00, real=0.00 secs] 
2016-09-25T21:35:36.796-0400: 106.029: [GC (GCLocker Initiated GC) [PSYoungGen: 148314K->71671K(173568K)] 607960K->531317K(697856K), 0.0060714 secs] [Times: user=0.09 sys=0.00, real=0.00 secs] 
2016-09-25T21:35:36.887-0400: 106.120: [GC (GCLocker Initiated GC) [PSYoungGen: 165367K->64288K(177152K)] 629106K->528027K(701440K), 0.0062886 secs] [Times: user=0.09 sys=0.00, real=0.00 secs] 
2016-09-25T21:35:36.968-0400: 106.201: [GC (GCLocker Initiated GC) [PSYoungGen: 157472K->39187K(177664K)] 623932K->505647K(701952K), 0.0152638 secs] [Times: user=0.16 sys=0.01, real=0.02 secs] 
2016-09-25T21:35:37.047-0400: 106.281: [GC (GCLocker Initiated GC) [PSYoungGen: 132371K->77817K(172544K)] 604372K->549818K(696832K), 0.0073596 secs] [Times: user=0.10 sys=0.00, real=0.01 secs] 
2016-09-25T21:35:37.138-0400: 106.371: [GC (GCLocker Initiated GC) [PSYoungGen: 165881K->52597K(175104K)] 652920K->541185K(699392K), 0.0059101 secs] [Times: user=0.06 sys=0.00, real=0.01 secs] 
2016-09-25T21:35:37.206-0400: 106.439: [GC (GCLocker Initiated GC) [PSYoungGen: 140661K->57419K(171008K)] 629307K->569027K(695296K), 0.0082429 secs] [Times: user=0.09 sys=0.01, real=0.01 secs] 
2016-09-25T21:35:37.215-0400: 106.448: [Full GC (Ergonomics) [PSYoungGen: 57419K->0K(171008K)] [ParOldGen: 511607K->448330K(524288K)] 569027K->448330K(695296K), [Metaspace: 43857K->43857K(1087488K)], 0.0686951 secs] [Times: user=0.66 sys=0.01, real=0.07 secs] 
2016-09-25T21:35:37.354-0400: 106.587: [GC (GCLocker Initiated GC) [PSYoungGen: 88064K->54296K(173056K)] 541572K->507805K(697344K), 0.0096006 secs] [Times: user=0.10 sys=0.00, real=0.02 secs] 
2016-09-25T21:35:37.428-0400: 106.661: [GC (GCLocker Initiated GC) [PSYoungGen: 142360K->65855K(175616K)] 596021K->519516K(699904K), 0.0065308 secs] [Times: user=0.08 sys=0.01, real=0.01 secs] 
2016-09-25T21:35:37.511-0400: 106.744: [GC (Allocation Failure) [PSYoungGen: 159039K->69544K(176640K)] 620840K->531344K(700928K), 0.0061469 secs] [Times: user=0.09 sys=0.00, real=0.01 secs] 
2016-09-25T21:35:37.586-0400: 106.819: [GC (GCLocker Initiated GC) [PSYoungGen: 160211K->68859K(174592K)] 624711K->533360K(698880K), 0.0077556 secs] [Times: user=0.08 sys=0.00, real=0.00 secs] 
2016-09-25T21:35:37.662-0400: 106.895: [GC (GCLocker Initiated GC) [PSYoungGen: 157947K->84491K(174080K)] 622573K->551817K(698368K), 0.0078238 secs] [Times: user=0.08 sys=0.01, real=0.01 secs] 
2016-09-25T21:35:37.746-0400: 106.979: [GC (GCLocker Initiated GC) [PSYoungGen: 173579K->44773K(175104K)] 640949K->512143K(699392K), 0.0077014 secs] [Times: user=0.06 sys=0.00, real=0.00 secs] 
2016-09-25T21:35:37.816-0400: 107.049: [GC (GCLocker Initiated GC) [PSYoungGen: 132837K->82083K(175104K)] 608409K->557656K(699392K), 0.0084047 secs] [Times: user=0.12 sys=0.00, real=0.01 secs] 
2016-09-25T21:35:37.897-0400: 107.130: [GC (GCLocker Initiated GC) [PSYoungGen: 170147K->54233K(175104K)] 648606K->532692K(699392K), 0.0110356 secs] [Times: user=0.13 sys=0.00, real=0.01 secs] 
2016-09-25T21:35:37.976-0400: 107.209: [GC (GCLocker Initiated GC) [PSYoungGen: 142297K->57423K(175104K)] 627515K->570184K(699392K), 0.0082221 secs] [Times: user=0.11 sys=0.00, real=0.01 secs] 
2016-09-25T21:35:37.984-0400: 107.217: [Full GC (Ergonomics) [PSYoungGen: 57423K->0K(175104K)] [ParOldGen: 512761K->452621K(524288K)] 570184K->452621K(699392K), [Metaspace: 43859K->43859K(1087488K)], 0.0667677 secs] [Times: user=0.60 sys=0.01, real=0.06 secs] 
2016-09-25T21:35:38.124-0400: 107.357: [GC (GCLocker Initiated GC) [PSYoungGen: 88064K->50235K(175104K)] 546233K->508405K(699392K), 0.0063707 secs] [Times: user=0.07 sys=0.01, real=0.00 secs] 
2016-09-25T21:35:38.194-0400: 107.427: [GC (GCLocker Initiated GC) [PSYoungGen: 138299K->59081K(175104K)] 599272K->520054K(699392K), 0.0060815 secs] [Times: user=0.07 sys=0.00, real=0.00 secs] 
2016-09-25T21:35:38.271-0400: 107.504: [GC (GCLocker Initiated GC) [PSYoungGen: 147145K->54429K(175104K)] 613537K->520822K(699392K), 0.0063177 secs] [Times: user=0.08 sys=0.00, real=0.01 secs] 
2016-09-25T21:35:38.345-0400: 107.578: [GC (GCLocker Initiated GC) [PSYoungGen: 142493K->53816K(142336K)] 617034K->528356K(666624K), 0.0062598 secs] [Times: user=0.08 sys=0.00, real=0.00 secs] 
2016-09-25T21:35:38.414-0400: 107.647: [GC (GCLocker Initiated GC) [PSYoungGen: 141880K->59914K(175104K)] 616521K->534555K(699392K), 0.0268839 secs] [Times: user=0.31 sys=0.00, real=0.03 secs] 
2016-09-25T21:35:38.520-0400: 107.753: [GC (GCLocker Initiated GC) [PSYoungGen: 150026K->42589K(173056K)] 627473K->520036K(697344K), 0.0063918 secs] [Times: user=0.06 sys=0.00, real=0.01 secs] 
2016-09-25T21:35:38.594-0400: 107.827: [GC (GCLocker Initiated GC) [PSYoungGen: 132701K->69362K(175616K)] 610207K->546868K(699904K), 0.0124323 secs] [Times: user=0.15 sys=0.00, real=0.02 secs] 
2016-09-25T21:35:38.673-0400: 107.906: [GC (GCLocker Initiated GC) [PSYoungGen: 161522K->83282K(175616K)] 644536K->566295K(699904K), 0.0098734 secs] [Times: user=0.15 sys=0.01, real=0.02 secs] 
2016-09-25T21:35:38.748-0400: 107.981: [GC (GCLocker Initiated GC) [PSYoungGen: 175442K->84320K(174592K)] 658592K->586136K(698880K), 0.0096150 secs] [Times: user=0.14 sys=0.00, real=0.01 secs] 
2016-09-25T21:35:38.832-0400: 108.065: [Full GC (Ergonomics) [PSYoungGen: 172384K->0K(174592K)] [ParOldGen: 511474K->459489K(524288K)] 683859K->459489K(698880K), [Metaspace: 43859K->43859K(1087488K)], 0.0634350 secs] [Times: user=0.52 sys=0.00, real=0.07 secs] 
2016-09-25T21:35:38.964-0400: 108.197: [GC (GCLocker Initiated GC) [PSYoungGen: 88064K->53999K(175104K)] 550282K->516218K(699392K), 0.0071461 secs] [Times: user=0.08 sys=0.00, real=0.00 secs] 
2016-09-25T21:35:39.041-0400: 108.275: [GC (GCLocker Initiated GC) [PSYoungGen: 142063K->57410K(175104K)] 609915K->525262K(699392K), 0.0071680 secs] [Times: user=0.10 sys=0.00, real=0.01 secs] 
2016-09-25T21:35:39.114-0400: 108.347: [GC (GCLocker Initiated GC) [PSYoungGen: 145474K->72953K(175104K)] 613389K->540867K(699392K), 0.0064205 secs] [Times: user=0.08 sys=0.01, real=0.01 secs] 
2016-09-25T21:35:39.181-0400: 108.414: [GC (GCLocker Initiated GC) [PSYoungGen: 161017K->68263K(175104K)] 637035K->544281K(699392K), 0.0074188 secs] [Times: user=0.10 sys=0.00, real=0.01 secs] 
2016-09-25T21:35:39.256-0400: 108.489: [GC (GCLocker Initiated GC) [PSYoungGen: 156327K->53857K(175104K)] 640469K->558511K(699392K), 0.0069123 secs] [Times: user=0.08 sys=0.01, real=0.01 secs] 
2016-09-25T21:35:39.263-0400: 108.497: [Full GC (Ergonomics) [PSYoungGen: 53857K->0K(175104K)] [ParOldGen: 504653K->460224K(524288K)] 558511K->460224K(699392K), [Metaspace: 43859K->43859K(1087488K)], 0.0650796 secs] [Times: user=0.64 sys=0.01, real=0.06 secs] 
2016-09-25T21:35:39.402-0400: 108.635: [GC (GCLocker Initiated GC) [PSYoungGen: 88064K->62053K(175104K)] 548383K->522373K(699392K), 0.0067259 secs] [Times: user=0.09 sys=0.01, real=0.00 secs] 
2016-09-25T21:35:39.464-0400: 108.697: [GC (GCLocker Initiated GC) [PSYoungGen: 150117K->60536K(148992K)] 610529K->538011K(673280K), 0.0074928 secs] [Times: user=0.09 sys=0.01, real=0.00 secs] 
2016-09-25T21:35:39.540-0400: 108.773: [GC (GCLocker Initiated GC) [PSYoungGen: 148600K->34090K(174080K)] 631577K->517066K(698368K), 0.0103417 secs] [Times: user=0.10 sys=0.00, real=0.01 secs] 
2016-09-25T21:35:39.619-0400: 108.853: [GC (GCLocker Initiated GC) [PSYoungGen: 121642K->30626K(174592K)] 607358K->523051K(698880K), 0.0053410 secs] [Times: user=0.06 sys=0.00, real=0.01 secs] 
2016-09-25T21:35:39.691-0400: 108.925: [GC (GCLocker Initiated GC) [PSYoungGen: 118178K->33431K(175104K)] 621413K->537224K(699392K), 0.0316221 secs] [Times: user=0.43 sys=0.02, real=0.04 secs] 
2016-09-25T21:35:39.799-0400: 109.032: [GC (GCLocker Initiated GC) [PSYoungGen: 121495K->41607K(175104K)] 625353K->556911K(699392K), 0.0055695 secs] [Times: user=0.06 sys=0.00, real=0.01 secs] 
2016-09-25T21:35:39.804-0400: 109.037: [Full GC (Ergonomics) [PSYoungGen: 41607K->0K(175104K)] [ParOldGen: 515304K->450295K(524288K)] 556911K->450295K(699392K), [Metaspace: 43859K->43859K(1087488K)], 0.0528984 secs] [Times: user=0.48 sys=0.00, real=0.05 secs] 
2016-09-25T21:35:39.927-0400: 109.160: [GC (GCLocker Initiated GC) [PSYoungGen: 88064K->35348K(175104K)] 551992K->499276K(699392K), 0.0104650 secs] [Times: user=0.16 sys=0.00, real=0.01 secs] 
2016-09-25T21:35:40.007-0400: 109.240: [GC (GCLocker Initiated GC) [PSYoungGen: 123412K->47041K(135168K)] 594310K->519073K(659456K), 0.0060597 secs] [Times: user=0.08 sys=0.00, real=0.00 secs] 
2016-09-25T21:35:40.092-0400: 109.325: [GC (GCLocker Initiated GC) [PSYoungGen: 135105K->35609K(174592K)] 618077K->518581K(698880K), 0.0045531 secs] [Times: user=0.06 sys=0.00, real=0.01 secs] 
2016-09-25T21:35:40.161-0400: 109.394: [GC (GCLocker Initiated GC) [PSYoungGen: 124185K->72798K(174080K)] 609901K->558515K(698368K), 0.0092493 secs] [Times: user=0.11 sys=0.00, real=0.01 secs] 
2016-09-25T21:35:40.249-0400: 109.482: [GC (GCLocker Initiated GC) [PSYoungGen: 161374K->41011K(175104K)] 655336K->536352K(699392K), 0.0069829 secs] [Times: user=0.05 sys=0.01, real=0.01 secs] 
2016-09-25T21:35:40.340-0400: 109.573: [GC (GCLocker Initiated GC) [PSYoungGen: 129075K->36392K(175104K)] 629845K->554831K(699392K), 0.0169176 secs] [Times: user=0.24 sys=0.01, real=0.02 secs] 
2016-09-25T21:35:40.357-0400: 109.590: [Full GC (Ergonomics) [PSYoungGen: 36392K->0K(175104K)] [ParOldGen: 518438K->457255K(524288K)] 554831K->457255K(699392K), [Metaspace: 43859K->43859K(1087488K)], 0.0614870 secs] [Times: user=0.56 sys=0.01, real=0.06 secs] 
2016-09-25T21:35:40.495-0400: 109.728: [GC (GCLocker Initiated GC) [PSYoungGen: 88064K->58054K(174080K)] 548111K->518101K(698368K), 0.0070615 secs] [Times: user=0.07 sys=0.00, real=0.00 secs] 
2016-09-25T21:35:40.599-0400: 109.832: [GC (GCLocker Initiated GC) [PSYoungGen: 146118K->30400K(174592K)] 618409K->502691K(698880K), 0.0109549 secs] [Times: user=0.09 sys=0.00, real=0.01 secs] 
2016-09-25T21:35:40.685-0400: 109.918: [GC (GCLocker Initiated GC) [PSYoungGen: 118464K->37715K(171520K)] 596173K->515423K(695808K), 0.0121647 secs] [Times: user=0.12 sys=0.00, real=0.01 secs] 
2016-09-25T21:35:40.777-0400: 110.010: [GC (GCLocker Initiated GC) [PSYoungGen: 126803K->39589K(173568K)] 607222K->520009K(697856K), 0.0097970 secs] [Times: user=0.08 sys=0.01, real=0.01 secs] 
2016-09-25T21:35:40.862-0400: 110.095: [GC (GCLocker Initiated GC) [PSYoungGen: 128677K->55302K(177152K)] 609379K->536005K(701440K), 0.0079449 secs] [Times: user=0.10 sys=0.00, real=0.01 secs] 
2016-09-25T21:35:40.946-0400: 110.179: [GC (GCLocker Initiated GC) [PSYoungGen: 151046K->50537K(177152K)] 640034K->539525K(701440K), 0.0237303 secs] [Times: user=0.29 sys=0.02, real=0.02 secs] 
2016-09-25T21:35:41.044-0400: 110.277: [GC (GCLocker Initiated GC) [PSYoungGen: 146281K->66547K(174592K)] 635376K->559191K(698880K), 0.0083799 secs] [Times: user=0.10 sys=0.00, real=0.00 secs] 
2016-09-25T21:35:41.129-0400: 110.362: [GC (GCLocker Initiated GC) [PSYoungGen: 161779K->61156K(156672K)] 661218K->561428K(680960K), 0.0110814 secs] [Times: user=0.13 sys=0.01, real=0.01 secs] 
2016-09-25T21:35:41.211-0400: 110.444: [GC (GCLocker Initiated GC) [PSYoungGen: 156388K->55657K(179200K)] 656886K->556848K(703488K), 0.0074158 secs] [Times: user=0.07 sys=0.00, real=0.01 secs] 
2016-09-25T21:35:41.287-0400: 110.520: [GC (GCLocker Initiated GC) [PSYoungGen: 150377K->59617K(177664K)] 655935K->565859K(701952K), 0.0084853 secs] [Times: user=0.08 sys=0.00, real=0.01 secs] 
2016-09-25T21:35:41.377-0400: 110.610: [GC (GCLocker Initiated GC) [PSYoungGen: 154337K->63775K(176640K)] 663352K->573541K(700928K), 0.0085176 secs] [Times: user=0.08 sys=0.00, real=0.01 secs] 
2016-09-25T21:35:41.448-0400: 110.681: [GC (GCLocker Initiated GC) [PSYoungGen: 157471K->83199K(177152K)] 667266K->592994K(701440K), 0.0101827 secs] [Times: user=0.11 sys=0.00, real=0.01 secs] 
2016-09-25T21:35:41.547-0400: 110.780: [Full GC (Ergonomics) [PSYoungGen: 176895K->0K(177152K)] [ParOldGen: 523701K->463100K(524288K)] 700596K->463100K(701440K), [Metaspace: 43862K->43862K(1087488K)], 0.0776911 secs] [Times: user=0.47 sys=0.00, real=0.08 secs] 
2016-09-25T21:35:41.706-0400: 110.939: [GC (GCLocker Initiated GC) [PSYoungGen: 93696K->42899K(173056K)] 566286K->515489K(697344K), 0.0110842 secs] [Times: user=0.08 sys=0.00, real=0.01 secs] 
2016-09-25T21:35:41.795-0400: 111.028: [GC (GCLocker Initiated GC) [PSYoungGen: 130963K->43612K(175104K)] 604936K->517585K(699392K), 0.0201486 secs] [Times: user=0.23 sys=0.00, real=0.02 secs] 
2016-09-25T21:35:41.878-0400: 111.111: [GC (GCLocker Initiated GC) [PSYoungGen: 131676K->46773K(175104K)] 611067K->526163K(699392K), 0.0065184 secs] [Times: user=0.06 sys=0.01, real=0.01 secs] 
2016-09-25T21:35:41.954-0400: 111.187: [GC (GCLocker Initiated GC) [PSYoungGen: 134837K->41932K(130048K)] 620414K->527509K(654336K), 0.0089175 secs] [Times: user=0.09 sys=0.00, real=0.02 secs] 
2016-09-25T21:35:42.013-0400: 111.246: [GC (GCLocker Initiated GC) [PSYoungGen: 129996K->49686K(176640K)] 615660K->546911K(700928K), 0.0070907 secs] [Times: user=0.06 sys=0.00, real=0.01 secs] 
2016-09-25T21:35:42.092-0400: 111.326: [GC (GCLocker Initiated GC) [PSYoungGen: 140822K->52242K(173568K)] 638080K->550165K(697856K), 0.0244439 secs] [Times: user=0.33 sys=0.00, real=0.03 secs] 
2016-09-25T21:35:42.173-0400: 111.406: [GC (GCLocker Initiated GC) [PSYoungGen: 143378K->42240K(174592K)] 654952K->563006K(698880K), 0.0072433 secs] [Times: user=0.07 sys=0.00, real=0.01 secs] 
2016-09-25T21:35:42.180-0400: 111.414: [Full GC (Ergonomics) [PSYoungGen: 42240K->0K(174592K)] [ParOldGen: 520766K->463363K(524288K)] 563006K->463363K(698880K), [Metaspace: 43866K->43866K(1087488K)], 0.0600671 secs] [Times: user=0.62 sys=0.01, real=0.06 secs] 
2016-09-25T21:35:42.308-0400: 111.541: [GC (GCLocker Initiated GC) [PSYoungGen: 95232K->33429K(173568K)] 564038K->502236K(697856K), 0.0116340 secs] [Times: user=0.16 sys=0.00, real=0.01 secs] 
2016-09-25T21:35:42.387-0400: 111.620: [GC (GCLocker Initiated GC) [PSYoungGen: 128661K->38623K(181248K)] 600172K->510665K(705536K), 0.0064323 secs] [Times: user=0.06 sys=0.00, real=0.00 secs] 
2016-09-25T21:35:42.474-0400: 111.707: [GC (GCLocker Initiated GC) [PSYoungGen: 143583K->44123K(182272K)] 615689K->516784K(706560K), 0.0252050 secs] [Times: user=0.28 sys=0.00, real=0.03 secs] 
2016-09-25T21:35:42.575-0400: 111.808: [GC (GCLocker Initiated GC) [PSYoungGen: 149083K->48191K(180736K)] 621845K->529663K(705024K), 0.0088648 secs] [Times: user=0.08 sys=0.00, real=0.01 secs] 
2016-09-25T21:35:42.657-0400: 111.890: [GC (GCLocker Initiated GC) [PSYoungGen: 157759K->33586K(182272K)] 645201K->521626K(706560K), 0.0051232 secs] [Times: user=0.05 sys=0.00, real=0.01 secs] 
2016-09-25T21:35:42.734-0400: 111.967: [GC (GCLocker Initiated GC) [PSYoungGen: 143154K->30495K(189440K)] 635388K->523343K(713728K), 0.0097310 secs] [Times: user=0.07 sys=0.00, real=0.02 secs] 
2016-09-25T21:35:42.824-0400: 112.057: [GC (GCLocker Initiated GC) [PSYoungGen: 147231K->50860K(167936K)] 645646K->549808K(692224K), 0.0294817 secs] [Times: user=0.41 sys=0.00, real=0.02 secs] 
2016-09-25T21:35:42.936-0400: 112.170: [GC (GCLocker Initiated GC) [PSYoungGen: 167596K->14424K(184832K)] 676212K->537137K(709120K), 0.0130482 secs] [Times: user=0.14 sys=0.00, real=0.01 secs] 
2016-09-25T21:35:42.950-0400: 112.183: [Full GC (Ergonomics) [PSYoungGen: 14424K->0K(184832K)] [ParOldGen: 522713K->458118K(524288K)] 537137K->458118K(709120K), [Metaspace: 43871K->43871K(1087488K)], 0.0704809 secs] [Times: user=0.54 sys=0.02, real=0.07 secs] 
2016-09-25T21:35:43.101-0400: 112.334: [GC (GCLocker Initiated GC) [PSYoungGen: 112640K->28134K(187392K)] 582971K->498465K(711680K), 0.0140945 secs] [Times: user=0.17 sys=0.01, real=0.02 secs] 
2016-09-25T21:35:43.199-0400: 112.433: [GC (GCLocker Initiated GC) [PSYoungGen: 140774K->49536K(186368K)] 613809K->523273K(710656K), 0.0080304 secs] [Times: user=0.08 sys=0.00, real=0.01 secs] 
2016-09-25T21:35:43.278-0400: 112.511: [GC (GCLocker Initiated GC) [PSYoungGen: 163200K->30572K(187392K)] 642512K->510466K(711680K), 0.0089286 secs] [Times: user=0.07 sys=0.02, real=0.01 secs] 
2016-09-25T21:35:43.368-0400: 112.602: [GC (GCLocker Initiated GC) [PSYoungGen: 144236K->37581K(183296K)] 634995K->528964K(707584K), 0.0233480 secs] [Times: user=0.25 sys=0.00, real=0.02 secs] 
2016-09-25T21:35:43.492-0400: 112.725: [GC (GCLocker Initiated GC) [PSYoungGen: 153293K->33481K(185856K)] 652787K->533685K(710144K), 0.0052543 secs] [Times: user=0.06 sys=0.00, real=0.01 secs] 
2016-09-25T21:35:43.588-0400: 112.821: [GC (GCLocker Initiated GC) [PSYoungGen: 149193K->34789K(187392K)] 652131K->538444K(711680K), 0.0335203 secs] [Times: user=0.39 sys=0.02, real=0.03 secs] 
2016-09-25T21:35:43.717-0400: 112.950: [GC (GCLocker Initiated GC) [PSYoungGen: 158693K->21440K(189952K)] 665069K->541997K(714240K), 0.0275476 secs] [Times: user=0.25 sys=0.00, real=0.03 secs] 
2016-09-25T21:35:43.745-0400: 112.978: [Full GC (Ergonomics) [PSYoungGen: 21440K->0K(189952K)] [ParOldGen: 520557K->463705K(524288K)] 541997K->463705K(714240K), [Metaspace: 43871K->43871K(1087488K)], 0.0531970 secs] [Times: user=0.46 sys=0.00, real=0.05 secs] 
2016-09-25T21:35:43.903-0400: 113.136: [GC (GCLocker Initiated GC) [PSYoungGen: 123904K->22984K(195584K)] 595739K->494819K(719872K), 0.0110068 secs] [Times: user=0.10 sys=0.01, real=0.01 secs] 
2016-09-25T21:35:44.016-0400: 113.250: [GC (GCLocker Initiated GC) [PSYoungGen: 152520K->33749K(163328K)] 632652K->516288K(687616K), 0.0129620 secs] [Times: user=0.16 sys=0.00, real=0.01 secs] 
2016-09-25T21:35:44.133-0400: 113.366: [GC (GCLocker Initiated GC) [PSYoungGen: 163285K->43317K(193536K)] 647203K->528192K(717824K), 0.0240886 secs] [Times: user=0.28 sys=0.00, real=0.03 secs] 
2016-09-25T21:35:44.264-0400: 113.497: [GC (GCLocker Initiated GC) [PSYoungGen: 173365K->34946K(193536K)] 660965K->531721K(717824K), 0.0311053 secs] [Times: user=0.37 sys=0.00, real=0.03 secs] 
2016-09-25T21:35:44.405-0400: 113.638: [GC (GCLocker Initiated GC) [PSYoungGen: 164994K->37948K(197120K)] 667330K->543851K(721408K), 0.0307048 secs] [Times: user=0.36 sys=0.00, real=0.03 secs] 
2016-09-25T21:35:44.537-0400: 113.770: [GC (GCLocker Initiated GC) [PSYoungGen: 174652K->55472K(196096K)] 680636K->562539K(720384K), 0.0065982 secs] [Times: user=0.08 sys=0.00, real=0.01 secs] 
2016-09-25T21:35:44.652-0400: 113.886: [Full GC (Ergonomics) [PSYoungGen: 192176K->0K(196096K)] [ParOldGen: 523316K->470550K(524288K)] 715493K->470550K(720384K), [Metaspace: 43871K->43871K(1087488K)], 0.0671174 secs] [Times: user=0.54 sys=0.02, real=0.07 secs] 
2016-09-25T21:35:44.821-0400: 114.055: [GC (GCLocker Initiated GC) [PSYoungGen: 136704K->63575K(184832K)] 607473K->534344K(709120K), 0.0103164 secs] [Times: user=0.13 sys=0.01, real=0.01 secs] 
2016-09-25T21:35:44.924-0400: 114.157: [GC (GCLocker Initiated GC) [PSYoungGen: 184407K->67585K(188928K)] 657917K->544806K(713216K), 0.0197874 secs] [Times: user=0.28 sys=0.00, real=0.02 secs] 
2016-09-25T21:35:45.043-0400: 114.277: [GC (GCLocker Initiated GC) [PSYoungGen: 188417K->30945K(182784K)] 665765K->541561K(707072K), 0.0095654 secs] [Times: user=0.09 sys=0.00, real=0.00 secs] 
2016-09-25T21:35:45.053-0400: 114.286: [Full GC (Ergonomics) [PSYoungGen: 30945K->0K(182784K)] [ParOldGen: 510615K->459460K(524288K)] 541561K->459460K(707072K), [Metaspace: 43871K->43871K(1087488K)], 0.0651533 secs] [Times: user=0.69 sys=0.01, real=0.07 secs] 
2016-09-25T21:35:45.197-0400: 114.430: [GC (GCLocker Initiated GC) [PSYoungGen: 109568K->50387K(185856K)] 573223K->514042K(710144K), 0.0069094 secs] [Times: user=0.08 sys=0.00, real=0.01 secs] 
2016-09-25T21:35:45.305-0400: 114.538: [GC (GCLocker Initiated GC) [PSYoungGen: 159955K->29753K(183808K)] 633209K->512414K(708096K), 0.0073921 secs] [Times: user=0.07 sys=0.00, real=0.00 secs] 
2016-09-25T21:35:45.400-0400: 114.633: [GC (GCLocker Initiated GC) [PSYoungGen: 139321K->36018K(184832K)] 622042K->518739K(709120K), 0.0199836 secs] [Times: user=0.19 sys=0.00, real=0.02 secs] 
2016-09-25T21:35:45.503-0400: 114.736: [GC (GCLocker Initiated GC) [PSYoungGen: 145586K->60237K(181248K)] 628336K->546690K(705536K), 0.0071678 secs] [Times: user=0.06 sys=0.00, real=0.00 secs] 
2016-09-25T21:35:45.592-0400: 114.825: [GC (GCLocker Initiated GC) [PSYoungGen: 168781K->61729K(170496K)] 657977K->565419K(694784K), 0.0097649 secs] [Times: user=0.12 sys=0.00, real=0.01 secs] 
2016-09-25T21:35:45.602-0400: 114.835: [Full GC (Ergonomics) [PSYoungGen: 61729K->0K(170496K)] [ParOldGen: 503689K->474843K(524288K)] 565419K->474843K(694784K), [Metaspace: 43871K->43871K(1087488K)], 0.0628629 secs] [Times: user=0.44 sys=0.01, real=0.07 secs] 
2016-09-25T21:35:45.781-0400: 115.014: [GC (GCLocker Initiated GC) [PSYoungGen: 108544K->49139K(183808K)] 586328K->526924K(708096K), 0.0135415 secs] [Times: user=0.07 sys=0.01, real=0.02 secs] 
2016-09-25T21:35:45.882-0400: 115.115: [GC (GCLocker Initiated GC) [PSYoungGen: 152563K->44850K(148480K)] 639861K->532148K(672768K), 0.0157797 secs] [Times: user=0.08 sys=0.01, real=0.01 secs] 
2016-09-25T21:35:45.985-0400: 115.218: [GC (GCLocker Initiated GC) [PSYoungGen: 148274K->40148K(180736K)] 635609K->527483K(705024K), 0.0152749 secs] [Times: user=0.16 sys=0.02, real=0.01 secs] 
2016-09-25T21:35:46.065-0400: 115.298: [GC (GCLocker Initiated GC) [PSYoungGen: 145620K->72549K(178688K)] 635766K->570599K(702976K), 0.0197764 secs] [Times: user=0.25 sys=0.01, real=0.02 secs] 
2016-09-25T21:35:46.171-0400: 115.404: [GC (GCLocker Initiated GC) --[PSYoungGen: 178021K->178021K(178688K)] 676104K->701613K(702976K), 0.0150924 secs] [Times: user=0.11 sys=0.02, real=0.02 secs] 
2016-09-25T21:35:46.186-0400: 115.419: [Full GC (Ergonomics) [PSYoungGen: 178021K->0K(178688K)] [ParOldGen: 523592K->473796K(524288K)] 701613K->473796K(702976K), [Metaspace: 43871K->43871K(1087488K)], 0.0581371 secs] [Times: user=0.53 sys=0.01, real=0.06 secs] 
2016-09-25T21:35:46.328-0400: 115.561: [GC (GCLocker Initiated GC) [PSYoungGen: 105472K->32484K(182272K)] 587608K->514620K(706560K), 0.0098947 secs] [Times: user=0.07 sys=0.00, real=0.01 secs] 
2016-09-25T21:35:46.421-0400: 115.654: [GC (GCLocker Initiated GC) [PSYoungGen: 134372K->49845K(152064K)] 619282K->536005K(676352K), 0.0062331 secs] [Times: user=0.05 sys=0.00, real=0.01 secs] 
2016-09-25T21:35:46.508-0400: 115.742: [GC (GCLocker Initiated GC) [PSYoungGen: 151733K->29388K(179712K)] 641977K->525933K(704000K), 0.0230543 secs] [Times: user=0.29 sys=0.00, real=0.02 secs] 
2016-09-25T21:35:46.626-0400: 115.859: [GC (GCLocker Initiated GC) [PSYoungGen: 131276K->24010K(179712K)] 630524K->532148K(704000K), 0.0071655 secs] [Times: user=0.05 sys=0.00, real=0.00 secs] 
2016-09-25T21:35:46.634-0400: 115.867: [Full GC (Ergonomics) [PSYoungGen: 24010K->0K(179712K)] [ParOldGen: 508137K->466650K(524288K)] 532148K->466650K(704000K), [Metaspace: 43871K->43871K(1087488K)], 0.1303101 secs] [Times: user=1.53 sys=0.02, real=0.14 secs] 
2016-09-25T21:35:46.859-0400: 116.092: [GC (GCLocker Initiated GC) [PSYoungGen: 101888K->36015K(180224K)] 579375K->513502K(704512K), 0.0119913 secs] [Times: user=0.12 sys=0.00, real=0.01 secs] 
2016-09-25T21:35:46.962-0400: 116.195: [GC (GCLocker Initiated GC) [PSYoungGen: 142511K->36724K(182272K)] 626948K->521161K(706560K), 0.0177035 secs] [Times: user=0.18 sys=0.00, real=0.02 secs] 
2016-09-25T21:35:47.065-0400: 116.298: [GC (GCLocker Initiated GC) [PSYoungGen: 143220K->36323K(181760K)] 637270K->530373K(706048K), 0.0060047 secs] [Times: user=0.04 sys=0.01, real=0.00 secs] 
2016-09-25T21:35:47.160-0400: 116.393: [GC (GCLocker Initiated GC) [PSYoungGen: 149475K->45490K(183808K)] 647608K->543624K(708096K), 0.0071993 secs] [Times: user=0.05 sys=0.01, real=0.01 secs] 
2016-09-25T21:35:47.256-0400: 116.489: [GC (GCLocker Initiated GC) [PSYoungGen: 158642K->50556K(191488K)] 662203K->554116K(715776K), 0.0082929 secs] [Times: user=0.08 sys=0.00, real=0.01 secs] 
2016-09-25T21:35:47.363-0400: 116.596: [GC (GCLocker Initiated GC) [PSYoungGen: 172412K->61103K(183296K)] 681435K->570126K(707584K), 0.0073388 secs] [Times: user=0.08 sys=0.00, real=0.00 secs] 
2016-09-25T21:35:47.470-0400: 116.703: [GC (GCLocker Initiated GC) [PSYoungGen: 182959K->55307K(185856K)] 692052K->564401K(710144K), 0.0213225 secs] [Times: user=0.27 sys=0.00, real=0.02 secs] 
2016-09-25T21:35:47.591-0400: 116.824: [Full GC (Ergonomics) [PSYoungGen: 166923K->0K(185856K)] [ParOldGen: 514813K->470768K(524288K)] 681736K->470768K(710144K), [Metaspace: 43880K->43880K(1087488K)], 0.0718292 secs] [Times: user=0.51 sys=0.02, real=0.08 secs] 
2016-09-25T21:35:47.731-0400: 116.964: [GC (GCLocker Initiated GC) [PSYoungGen: 111616K->54252K(165888K)] 582419K->525056K(690176K), 0.0100346 secs] [Times: user=0.08 sys=0.00, real=0.01 secs] 
2016-09-25T21:35:52.047-0400: 121.280: [GC (Allocation Failure) [PSYoungGen: 165868K->27629K(186368K)] 636742K->498510K(710656K), 0.0107174 secs] [Times: user=0.06 sys=0.02, real=0.01 secs] 
2016-09-25T21:35:59.082-0400: 128.315: [GC (Allocation Failure) [PSYoungGen: 138221K->52028K(186368K)] 609102K->522917K(710656K), 0.0145608 secs] [Times: user=0.06 sys=0.03, real=0.01 secs] 
2016-09-25T21:36:05.859-0400: 135.092: [GC (Allocation Failure) [PSYoungGen: 162620K->75746K(165888K)] 633509K->551668K(690176K), 0.0241316 secs] [Times: user=0.17 sys=0.02, real=0.03 secs] 
2016-09-25T21:36:11.349-0400: 140.583: [GC (Allocation Failure) [PSYoungGen: 165858K->85988K(176128K)] 641780K->575346K(700416K), 0.0151609 secs] [Times: user=0.13 sys=0.01, real=0.02 secs] 
2016-09-25T21:36:16.749-0400: 145.982: [GC (Allocation Failure) [PSYoungGen: 176100K->32023K(174080K)] 665458K->521381K(698368K), 0.0268649 secs] [Times: user=0.26 sys=0.01, real=0.03 secs] 
