Java HotSpot(TM) 64-Bit Server VM (25.101-b13) for linux-amd64 JRE (1.8.0_101-b13), built on Jun 22 2016 02:59:44 by "java_re" with gcc 4.3.0 20080428 (Red Hat 4.3.0-8)
Memory: 4k page, physical 264122320k(99981704k free), swap 268399612k(268399612k free)
CommandLine flags: -XX:GCLogFileSize=1048576 -XX:+HeapDumpOnOutOfMemoryError -XX:HeapDumpPath=artifacts/heapdump -XX:InitialHeapSize=805306368 -XX:MaxHeapSize=805306368 -XX:NumberOfGCLogFiles=10 -XX:+PrintGC -XX:+PrintGCDateStamps -XX:+PrintGCDetails -XX:+PrintGCTimeStamps -XX:+UseCompressedClassPointers -XX:+UseCompressedOops -XX:+UseGCLogFileRotation -XX:+UseParallelGC 
2016-09-25T21:37:36.821-0400: 2.185: [GC (Metadata GC Threshold) [PSYoungGen: 121898K->15532K(229376K)] 121898K->15620K(753664K), 0.0206371 secs] [Times: user=0.11 sys=0.03, real=0.02 secs] 
2016-09-25T21:37:36.841-0400: 2.206: [Full GC (Metadata GC Threshold) [PSYoungGen: 15532K->0K(229376K)] [ParOldGen: 88K->14601K(356352K)] 15620K->14601K(585728K), [Metaspace: 21073K->21073K(1067008K)], 0.0560147 secs] [Times: user=0.38 sys=0.07, real=0.06 secs] 
2016-09-25T21:37:38.697-0400: 4.062: [GC (Metadata GC Threshold) [PSYoungGen: 123237K->14881K(229376K)] 137838K->29618K(585728K), 0.0175113 secs] [Times: user=0.05 sys=0.07, real=0.02 secs] 
2016-09-25T21:37:38.715-0400: 4.080: [Full GC (Metadata GC Threshold) [PSYoungGen: 14881K->0K(229376K)] [ParOldGen: 14737K->20412K(524288K)] 29618K->20412K(753664K), [Metaspace: 34970K->34970K(1079296K)], 0.0640210 secs] [Times: user=0.46 sys=0.01, real=0.06 secs] 
2016-09-25T21:37:40.378-0400: 5.743: [GC (GCLocker Initiated GC) [PSYoungGen: 196608K->32764K(229376K)] 217023K->67671K(753664K), 0.0128142 secs] [Times: user=0.18 sys=0.00, real=0.01 secs] 
2016-09-25T21:37:40.689-0400: 6.054: [GC (GCLocker Initiated GC) [PSYoungGen: 229372K->30842K(229376K)] 267172K->79450K(753664K), 0.0096900 secs] [Times: user=0.08 sys=0.02, real=0.01 secs] 
2016-09-25T21:37:40.845-0400: 6.209: [GC (GCLocker Initiated GC) [PSYoungGen: 227450K->29695K(226304K)] 285544K->87798K(750592K), 0.0078455 secs] [Times: user=0.10 sys=0.00, real=0.00 secs] 
2016-09-25T21:37:40.975-0400: 6.340: [GC (GCLocker Initiated GC) [PSYoungGen: 226303K->33883K(207872K)] 284554K->111041K(732160K), 0.0092251 secs] [Times: user=0.07 sys=0.02, real=0.01 secs] 
2016-09-25T21:37:41.076-0400: 6.441: [GC (GCLocker Initiated GC) [PSYoungGen: 205915K->43579K(216064K)] 283106K->139678K(740352K), 0.0121968 secs] [Times: user=0.13 sys=0.01, real=0.01 secs] 
2016-09-25T21:37:41.204-0400: 6.569: [GC (GCLocker Initiated GC) [PSYoungGen: 215611K->45261K(199680K)] 314589K->168547K(723968K), 0.0157708 secs] [Times: user=0.15 sys=0.02, real=0.01 secs] 
2016-09-25T21:37:41.317-0400: 6.682: [GC (GCLocker Initiated GC) [PSYoungGen: 198861K->48960K(202752K)] 328932K->185013K(727040K), 0.0196207 secs] [Times: user=0.25 sys=0.01, real=0.02 secs] 
2016-09-25T21:37:41.427-0400: 6.792: [GC (GCLocker Initiated GC) [PSYoungGen: 202560K->58136K(190976K)] 338798K->205737K(715264K), 0.0194948 secs] [Times: user=0.21 sys=0.01, real=0.02 secs] 
2016-09-25T21:37:41.537-0400: 6.902: [GC (GCLocker Initiated GC) [PSYoungGen: 190232K->57743K(189952K)] 337844K->222056K(714240K), 0.0137497 secs] [Times: user=0.16 sys=0.01, real=0.01 secs] 
2016-09-25T21:37:41.638-0400: 7.003: [GC (GCLocker Initiated GC) [PSYoungGen: 189839K->26422K(193024K)] 355600K->214206K(717312K), 0.0126935 secs] [Times: user=0.11 sys=0.02, real=0.01 secs] 
2016-09-25T21:37:41.742-0400: 7.107: [GC (GCLocker Initiated GC) [PSYoungGen: 149302K->60330K(183296K)] 337111K->248692K(707584K), 0.0098188 secs] [Times: user=0.13 sys=0.00, real=0.01 secs] 
2016-09-25T21:37:41.831-0400: 7.196: [GC (GCLocker Initiated GC) [PSYoungGen: 183210K->45494K(188928K)] 374346K->258672K(713216K), 0.0059157 secs] [Times: user=0.08 sys=0.01, real=0.01 secs] 
2016-09-25T21:37:41.908-0400: 7.273: [GC (GCLocker Initiated GC) [PSYoungGen: 160182K->42812K(157696K)] 374897K->282346K(681984K), 0.0072797 secs] [Times: user=0.08 sys=0.02, real=0.01 secs] 
2016-09-25T21:37:41.991-0400: 7.356: [GC (GCLocker Initiated GC) [PSYoungGen: 157500K->46862K(185856K)] 397097K->286893K(710144K), 0.0063343 secs] [Times: user=0.06 sys=0.01, real=0.01 secs] 
2016-09-25T21:37:42.071-0400: 7.436: [GC (GCLocker Initiated GC) [PSYoungGen: 162062K->34616K(185344K)] 402125K->275137K(709632K), 0.0057144 secs] [Times: user=0.03 sys=0.01, real=0.01 secs] 
2016-09-25T21:37:42.154-0400: 7.519: [GC (GCLocker Initiated GC) [PSYoungGen: 149816K->44143K(190464K)] 393102K->312196K(714752K), 0.0066968 secs] [Times: user=0.06 sys=0.02, real=0.01 secs] 
2016-09-25T21:37:42.240-0400: 7.605: [GC (GCLocker Initiated GC) [PSYoungGen: 167023K->53561K(189952K)] 437884K->324869K(714240K), 0.0066564 secs] [Times: user=0.04 sys=0.00, real=0.01 secs] 
2016-09-25T21:37:42.323-0400: 7.687: [GC (GCLocker Initiated GC) [PSYoungGen: 176441K->46875K(194048K)] 447987K->340525K(718336K), 0.0066282 secs] [Times: user=0.06 sys=0.02, real=0.00 secs] 
2016-09-25T21:37:42.411-0400: 7.775: [GC (GCLocker Initiated GC) [PSYoungGen: 171803K->40061K(165376K)] 473661K->342390K(689664K), 0.0136267 secs] [Times: user=0.13 sys=0.00, real=0.02 secs] 
2016-09-25T21:37:42.506-0400: 7.871: [GC (GCLocker Initiated GC) [PSYoungGen: 164989K->46844K(191488K)] 475467K->357809K(715776K), 0.0048447 secs] [Times: user=0.04 sys=0.01, real=0.00 secs] 
2016-09-25T21:37:42.590-0400: 7.955: [GC (GCLocker Initiated GC) [PSYoungGen: 172284K->46812K(190976K)] 483360K->358367K(715264K), 0.0064362 secs] [Times: user=0.05 sys=0.01, real=0.01 secs] 
2016-09-25T21:37:42.676-0400: 8.041: [GC (GCLocker Initiated GC) [PSYoungGen: 172252K->33312K(195584K)] 486536K->366984K(719872K), 0.0093704 secs] [Times: user=0.09 sys=0.01, real=0.01 secs] 
2016-09-25T21:37:42.807-0400: 8.171: [GC (GCLocker Initiated GC) [PSYoungGen: 164384K->37393K(195072K)] 500765K->387763K(719360K), 0.0085094 secs] [Times: user=0.08 sys=0.01, real=0.01 secs] 
2016-09-25T21:37:42.904-0400: 8.269: [GC (GCLocker Initiated GC) [PSYoungGen: 168465K->41475K(195584K)] 521651K->395164K(719872K), 0.0058644 secs] [Times: user=0.04 sys=0.00, real=0.00 secs] 
2016-09-25T21:37:42.989-0400: 8.354: [GC (GCLocker Initiated GC) [PSYoungGen: 176643K->25065K(196096K)] 533107K->398260K(720384K), 0.0067366 secs] [Times: user=0.04 sys=0.00, real=0.01 secs] 
2016-09-25T21:37:43.087-0400: 8.452: [GC (GCLocker Initiated GC) [PSYoungGen: 160233K->31879K(200192K)] 538932K->411088K(724480K), 0.0056403 secs] [Times: user=0.03 sys=0.00, real=0.00 secs] 
2016-09-25T21:37:43.183-0400: 8.548: [GC (GCLocker Initiated GC) [PSYoungGen: 171143K->41393K(180736K)] 553058K->423833K(705024K), 0.0052979 secs] [Times: user=0.06 sys=0.00, real=0.00 secs] 
2016-09-25T21:37:43.278-0400: 8.643: [GC (GCLocker Initiated GC) [PSYoungGen: 180657K->29289K(199680K)] 569876K->419001K(723968K), 0.0051505 secs] [Times: user=0.04 sys=0.00, real=0.01 secs] 
2016-09-25T21:37:43.364-0400: 8.729: [GC (GCLocker Initiated GC) [PSYoungGen: 169577K->29179K(199680K)] 575507K->449164K(723968K), 0.0065519 secs] [Times: user=0.05 sys=0.00, real=0.00 secs] 
2016-09-25T21:37:43.460-0400: 8.825: [GC (GCLocker Initiated GC) [PSYoungGen: 169467K->49479K(198144K)] 589455K->469968K(722432K), 0.0134092 secs] [Times: user=0.15 sys=0.00, real=0.01 secs] 
2016-09-25T21:37:43.557-0400: 8.922: [GC (GCLocker Initiated GC) [PSYoungGen: 188743K->59039K(198656K)] 609259K->482767K(722944K), 0.0067338 secs] [Times: user=0.08 sys=0.00, real=0.01 secs] 
2016-09-25T21:37:43.654-0400: 9.019: [GC (GCLocker Initiated GC) [PSYoungGen: 198303K->41659K(196608K)] 631554K->486227K(720896K), 0.0139299 secs] [Times: user=0.15 sys=0.00, real=0.02 secs] 
2016-09-25T21:37:43.754-0400: 9.119: [GC (GCLocker Initiated GC) [PSYoungGen: 174779K->26625K(197632K)] 620828K->494915K(721920K), 0.0071979 secs] [Times: user=0.07 sys=0.02, real=0.01 secs] 
2016-09-25T21:37:43.857-0400: 9.222: [GC (GCLocker Initiated GC) [PSYoungGen: 159745K->26593K(196608K)] 637664K->523947K(720896K), 0.0057623 secs] [Times: user=0.03 sys=0.03, real=0.01 secs] 
2016-09-25T21:37:43.863-0400: 9.228: [Full GC (Ergonomics) [PSYoungGen: 26593K->0K(196608K)] [ParOldGen: 497354K->48065K(524288K)] 523947K->48065K(720896K), [Metaspace: 43049K->43049K(1085440K)], 0.1986267 secs] [Times: user=2.75 sys=0.02, real=0.19 secs] 
2016-09-25T21:37:44.144-0400: 9.509: [GC (GCLocker Initiated GC) [PSYoungGen: 133120K->31036K(197120K)] 198758K->96675K(721408K), 0.0039866 secs] [Times: user=0.04 sys=0.00, real=0.00 secs] 
2016-09-25T21:37:44.244-0400: 9.609: [GC (GCLocker Initiated GC) [PSYoungGen: 164156K->48161K(196608K)] 232582K->117381K(720896K), 0.0096091 secs] [Times: user=0.13 sys=0.00, real=0.00 secs] 
2016-09-25T21:37:44.355-0400: 9.720: [GC (GCLocker Initiated GC) [PSYoungGen: 181793K->30766K(197632K)] 263094K->112546K(721920K), 0.0180013 secs] [Times: user=0.26 sys=0.00, real=0.01 secs] 
2016-09-25T21:37:44.456-0400: 9.821: [GC (GCLocker Initiated GC) [PSYoungGen: 164398K->57739K(188928K)] 249072K->142983K(713216K), 0.0063663 secs] [Times: user=0.08 sys=0.00, real=0.01 secs] 
2016-09-25T21:37:44.553-0400: 9.917: [GC (GCLocker Initiated GC) [PSYoungGen: 183691K->56389K(182784K)] 271872K->145057K(707072K), 0.0055401 secs] [Times: user=0.06 sys=0.00, real=0.01 secs] 
2016-09-25T21:37:44.634-0400: 9.999: [GC (GCLocker Initiated GC) [PSYoungGen: 182341K->46875K(192000K)] 277792K->142836K(716288K), 0.0063597 secs] [Times: user=0.08 sys=0.00, real=0.00 secs] 
2016-09-25T21:37:44.719-0400: 10.084: [GC (GCLocker Initiated GC) [PSYoungGen: 167707K->30707K(151552K)] 271853K->165072K(675840K), 0.0058133 secs] [Times: user=0.07 sys=0.00, real=0.01 secs] 
2016-09-25T21:37:44.813-0400: 10.178: [GC (GCLocker Initiated GC) [PSYoungGen: 151539K->32098K(192000K)] 300590K->200552K(716288K), 0.0073342 secs] [Times: user=0.10 sys=0.00, real=0.01 secs] 
2016-09-25T21:37:44.900-0400: 10.265: [GC (GCLocker Initiated GC) [PSYoungGen: 154466K->40189K(162816K)] 335301K->221570K(687104K), 0.0054911 secs] [Times: user=0.07 sys=0.00, real=0.01 secs] 
2016-09-25T21:37:44.982-0400: 10.347: [GC (GCLocker Initiated GC) [PSYoungGen: 162557K->53721K(187392K)] 349488K->241163K(711680K), 0.0059942 secs] [Times: user=0.08 sys=0.00, real=0.00 secs] 
2016-09-25T21:37:45.068-0400: 10.433: [GC (GCLocker Initiated GC) [PSYoungGen: 175577K->48161K(189952K)] 372669K->245708K(714240K), 0.0069421 secs] [Times: user=0.05 sys=0.00, real=0.01 secs] 
2016-09-25T21:37:45.150-0400: 10.515: [GC (GCLocker Initiated GC) [PSYoungGen: 170017K->65821K(181248K)] 373054K->269360K(705536K), 0.0060007 secs] [Times: user=0.08 sys=0.01, real=0.01 secs] 
2016-09-25T21:37:45.230-0400: 10.595: [GC (GCLocker Initiated GC) [PSYoungGen: 179485K->53657K(167424K)] 388643K->263286K(691712K), 0.0062864 secs] [Times: user=0.10 sys=0.00, real=0.01 secs] 
2016-09-25T21:37:45.310-0400: 10.675: [GC (GCLocker Initiated GC) [PSYoungGen: 167321K->40156K(189440K)] 390512K->263810K(713728K), 0.0049170 secs] [Times: user=0.06 sys=0.00, real=0.01 secs] 
2016-09-25T21:37:45.392-0400: 10.757: [GC (GCLocker Initiated GC) [PSYoungGen: 154844K->37488K(152576K)] 394821K->291443K(676864K), 0.0109330 secs] [Times: user=0.14 sys=0.01, real=0.02 secs] 
2016-09-25T21:37:45.477-0400: 10.842: [GC (GCLocker Initiated GC) [PSYoungGen: 152176K->60362K(182784K)] 408966K->317614K(707072K), 0.0061106 secs] [Times: user=0.08 sys=0.00, real=0.01 secs] 
2016-09-25T21:37:45.560-0400: 10.925: [GC (GCLocker Initiated GC) [PSYoungGen: 171978K->41493K(185856K)] 437414K->320894K(710144K), 0.0055102 secs] [Times: user=0.07 sys=0.00, real=0.01 secs] 
2016-09-25T21:37:45.648-0400: 11.013: [GC (GCLocker Initiated GC) [PSYoungGen: 153109K->48178K(183808K)] 432535K->328046K(708096K), 0.0058587 secs] [Times: user=0.06 sys=0.01, real=0.00 secs] 
2016-09-25T21:37:45.730-0400: 11.095: [GC (GCLocker Initiated GC) [PSYoungGen: 163890K->41493K(186368K)] 450588K->331348K(710656K), 0.0126163 secs] [Times: user=0.13 sys=0.00, real=0.02 secs] 
2016-09-25T21:37:45.819-0400: 11.183: [GC (GCLocker Initiated GC) [PSYoungGen: 157205K->44078K(185344K)] 449792K->347952K(709632K), 0.0078401 secs] [Times: user=0.07 sys=0.00, real=0.01 secs] 
2016-09-25T21:37:45.918-0400: 11.283: [GC (GCLocker Initiated GC) [PSYoungGen: 166446K->29100K(188928K)] 470449K->360534K(713216K), 0.0168349 secs] [Times: user=0.16 sys=0.01, real=0.02 secs] 
2016-09-25T21:37:46.032-0400: 11.397: [GC (GCLocker Initiated GC) [PSYoungGen: 151468K->33374K(195072K)] 493728K->386888K(719360K), 0.0119032 secs] [Times: user=0.16 sys=0.01, real=0.02 secs] 
2016-09-25T21:37:46.133-0400: 11.498: [GC (GCLocker Initiated GC) [PSYoungGen: 161886K->57675K(186368K)] 522187K->418414K(710656K), 0.0103054 secs] [Times: user=0.09 sys=0.01, real=0.02 secs] 
2016-09-25T21:37:46.240-0400: 11.605: [GC (GCLocker Initiated GC) [PSYoungGen: 186187K->46939K(193536K)] 549805K->440792K(717824K), 0.0076431 secs] [Times: user=0.09 sys=0.00, real=0.01 secs] 
2016-09-25T21:37:46.338-0400: 11.703: [GC (GCLocker Initiated GC) [PSYoungGen: 170843K->49479K(173568K)] 564822K->443929K(697856K), 0.0186835 secs] [Times: user=0.19 sys=0.00, real=0.02 secs] 
2016-09-25T21:37:46.459-0400: 11.823: [GC (GCLocker Initiated GC) [PSYoungGen: 173383K->50861K(192000K)] 570576K->464765K(716288K), 0.0083730 secs] [Times: user=0.11 sys=0.01, real=0.01 secs] 
2016-09-25T21:37:46.557-0400: 11.922: [GC (GCLocker Initiated GC) [PSYoungGen: 174765K->61789K(185856K)] 591384K->478879K(710144K), 0.0085076 secs] [Times: user=0.08 sys=0.00, real=0.01 secs] 
2016-09-25T21:37:46.654-0400: 12.019: [GC (GCLocker Initiated GC) [PSYoungGen: 185693K->40093K(191488K)] 604231K->459126K(715776K), 0.0120779 secs] [Times: user=0.16 sys=0.00, real=0.01 secs] 
2016-09-25T21:37:46.757-0400: 12.122: [GC (GCLocker Initiated GC) [PSYoungGen: 159901K->44207K(164352K)] 589788K->474643K(688640K), 0.0063666 secs] [Times: user=0.06 sys=0.01, real=0.01 secs] 
2016-09-25T21:37:46.854-0400: 12.219: [GC (GCLocker Initiated GC) [PSYoungGen: 164015K->60343K(185344K)] 594547K->491370K(709632K), 0.0092274 secs] [Times: user=0.12 sys=0.00, real=0.02 secs] 
2016-09-25T21:37:46.959-0400: 12.324: [GC (GCLocker Initiated GC) [PSYoungGen: 177079K->39887K(188416K)] 613602K->498481K(712704K), 0.0146393 secs] [Times: user=0.16 sys=0.01, real=0.01 secs] 
2016-09-25T21:37:47.064-0400: 12.429: [GC (GCLocker Initiated GC) [PSYoungGen: 156623K->26529K(189440K)] 623334K->512628K(713728K), 0.0132209 secs] [Times: user=0.13 sys=0.03, real=0.01 secs] 
2016-09-25T21:37:47.155-0400: 12.520: [Full GC (Ergonomics) [PSYoungGen: 145313K->0K(189440K)] [ParOldGen: 489555K->57870K(524288K)] 634868K->57870K(713728K), [Metaspace: 43199K->43199K(1085440K)], 0.0528729 secs] [Times: user=0.37 sys=0.01, real=0.05 secs] 
2016-09-25T21:37:47.292-0400: 12.657: [GC (GCLocker Initiated GC) [PSYoungGen: 118784K->37447K(156672K)] 182124K->100788K(680960K), 0.0108304 secs] [Times: user=0.14 sys=0.00, real=0.02 secs] 
2016-09-25T21:37:47.395-0400: 12.760: [GC (GCLocker Initiated GC) [PSYoungGen: 156231K->50804K(189952K)] 222477K->117600K(714240K), 0.0053134 secs] [Times: user=0.06 sys=0.00, real=0.00 secs] 
2016-09-25T21:37:47.498-0400: 12.863: [GC (GCLocker Initiated GC) [PSYoungGen: 170612K->31848K(189952K)] 249431K->111066K(714240K), 0.0038934 secs] [Times: user=0.04 sys=0.00, real=0.00 secs] 
2016-09-25T21:37:47.583-0400: 12.948: [GC (GCLocker Initiated GC) [PSYoungGen: 151656K->41112K(188416K)] 236388K->126142K(712704K), 0.0155141 secs] [Times: user=0.20 sys=0.01, real=0.01 secs] 
2016-09-25T21:37:47.684-0400: 13.049: [GC (Allocation Failure) [PSYoungGen: 163480K->50722K(189952K)] 256800K->144282K(714240K), 0.0049926 secs] [Times: user=0.07 sys=0.00, real=0.00 secs] 
2016-09-25T21:37:47.689-0400: 13.054: [GC (GCLocker Initiated GC) [PSYoungGen: 50955K->288K(184832K)] 144515K->144226K(709120K), 0.0053158 secs] [Times: user=0.06 sys=0.00, real=0.01 secs] 
2016-09-25T21:37:47.773-0400: 13.138: [GC (GCLocker Initiated GC) [PSYoungGen: 115597K->60299K(177152K)] 262236K->206937K(701440K), 0.0058718 secs] [Times: user=0.07 sys=0.01, real=0.01 secs] 
2016-09-25T21:37:47.862-0400: 13.227: [GC (GCLocker Initiated GC) [PSYoungGen: 177035K->46557K(186368K)] 330479K->201696K(710656K), 0.0060497 secs] [Times: user=0.06 sys=0.00, real=0.01 secs] 
2016-09-25T21:37:47.944-0400: 13.309: [GC (GCLocker Initiated GC) [PSYoungGen: 155613K->33026K(142336K)] 316300K->215563K(666624K), 0.0115444 secs] [Times: user=0.13 sys=0.00, real=0.01 secs] 
2016-09-25T21:37:48.021-0400: 13.386: [GC (GCLocker Initiated GC) [PSYoungGen: 142082K->47942K(183296K)] 327355K->233449K(707584K), 0.0155889 secs] [Times: user=0.19 sys=0.00, real=0.02 secs] 
2016-09-25T21:37:48.106-0400: 13.471: [GC (GCLocker Initiated GC) [PSYoungGen: 157510K->26165K(182784K)] 345750K->225424K(707072K), 0.0077101 secs] [Times: user=0.05 sys=0.00, real=0.00 secs] 
2016-09-25T21:37:48.186-0400: 13.551: [GC (GCLocker Initiated GC) [PSYoungGen: 135733K->50529K(187392K)] 335021K->250049K(711680K), 0.0077719 secs] [Times: user=0.04 sys=0.01, real=0.00 secs] 
2016-09-25T21:37:48.257-0400: 13.622: [GC (GCLocker Initiated GC) [PSYoungGen: 165217K->49194K(187904K)] 364949K->251845K(712192K), 0.0093318 secs] [Times: user=0.06 sys=0.00, real=0.01 secs] 
2016-09-25T21:37:48.343-0400: 13.708: [GC (GCLocker Initiated GC) [PSYoungGen: 163882K->43875K(184832K)] 369384K->263125K(709120K), 0.0098724 secs] [Times: user=0.12 sys=0.00, real=0.00 secs] 
2016-09-25T21:37:48.433-0400: 13.798: [GC (GCLocker Initiated GC) [PSYoungGen: 160099K->46671K(186880K)] 384969K->271768K(711168K), 0.0182697 secs] [Times: user=0.18 sys=0.00, real=0.02 secs] 
2016-09-25T21:37:48.523-0400: 13.888: [GC (GCLocker Initiated GC) [PSYoungGen: 162895K->46493K(188928K)] 397465K->281307K(713216K), 0.0134085 secs] [Times: user=0.16 sys=0.00, real=0.01 secs] 
2016-09-25T21:37:48.620-0400: 13.984: [GC (GCLocker Initiated GC) [PSYoungGen: 168861K->43985K(190464K)] 409112K->295287K(714752K), 0.0125886 secs] [Times: user=0.15 sys=0.00, real=0.01 secs] 
2016-09-25T21:37:48.710-0400: 14.075: [GC (GCLocker Initiated GC) [PSYoungGen: 166353K->54658K(191488K)] 423190K->314485K(715776K), 0.0078966 secs] [Times: user=0.11 sys=0.01, real=0.01 secs] 
2016-09-25T21:37:48.804-0400: 14.168: [GC (GCLocker Initiated GC) [PSYoungGen: 180098K->52053K(193536K)] 448043K->333782K(717824K), 0.0087628 secs] [Times: user=0.10 sys=0.00, real=0.00 secs] 
2016-09-25T21:37:48.916-0400: 14.281: [GC (Allocation Failure) [PSYoungGen: 177493K->39906K(191488K)] 471393K->344897K(715776K), 0.0118304 secs] [Times: user=0.14 sys=0.00, real=0.01 secs] 
2016-09-25T21:37:49.004-0400: 14.369: [GC (GCLocker Initiated GC) [PSYoungGen: 165027K->54724K(192512K)] 472717K->370791K(716800K), 0.0125212 secs] [Times: user=0.09 sys=0.00, real=0.01 secs] 
2016-09-25T21:37:49.099-0400: 14.464: [GC (GCLocker Initiated GC) [PSYoungGen: 180164K->66937K(182272K)] 496328K->383344K(706560K), 0.0062696 secs] [Times: user=0.08 sys=0.00, real=0.01 secs] 
2016-09-25T21:37:49.177-0400: 14.542: [GC (GCLocker Initiated GC) [PSYoungGen: 180601K->50685K(187904K)] 498933K->369306K(712192K), 0.0059059 secs] [Times: user=0.06 sys=0.00, real=0.01 secs] 
2016-09-25T21:37:49.260-0400: 14.625: [GC (GCLocker Initiated GC) [PSYoungGen: 164349K->48019K(181248K)] 491147K->375064K(705536K), 0.0053018 secs] [Times: user=0.06 sys=0.00, real=0.01 secs] 
2016-09-25T21:37:49.367-0400: 14.732: [GC (GCLocker Initiated GC) [PSYoungGen: 163219K->38497K(185344K)] 492989K->379368K(709632K), 0.0072186 secs] [Times: user=0.09 sys=0.01, real=0.01 secs] 
2016-09-25T21:37:49.473-0400: 14.838: [GC (GCLocker Initiated GC) [PSYoungGen: 153697K->68373K(181248K)] 494600K->414997K(705536K), 0.0068173 secs] [Times: user=0.10 sys=0.00, real=0.01 secs] 
2016-09-25T21:37:49.587-0400: 14.952: [GC (GCLocker Initiated GC) [PSYoungGen: 179989K->41378K(186880K)] 532044K->415388K(711168K), 0.0106418 secs] [Times: user=0.13 sys=0.00, real=0.01 secs] 
2016-09-25T21:37:49.677-0400: 15.042: [GC (GCLocker Initiated GC) [PSYoungGen: 152994K->52300K(182784K)] 532414K->432213K(707072K), 0.0058483 secs] [Times: user=0.07 sys=0.00, real=0.01 secs] 
2016-09-25T21:37:49.788-0400: 15.153: [GC (GCLocker Initiated GC) [PSYoungGen: 164940K->57747K(185344K)] 544864K->448998K(709632K), 0.0125581 secs] [Times: user=0.17 sys=0.01, real=0.01 secs] 
2016-09-25T21:37:49.880-0400: 15.245: [GC (GCLocker Initiated GC) [PSYoungGen: 170387K->52276K(187392K)] 561641K->444017K(711680K), 0.0137051 secs] [Times: user=0.18 sys=0.00, real=0.01 secs] 
2016-09-25T21:37:50.026-0400: 15.391: [GC (GCLocker Initiated GC) [PSYoungGen: 167988K->41383K(187904K)] 565275K->439135K(712192K), 0.0136763 secs] [Times: user=0.12 sys=0.00, real=0.01 secs] 
2016-09-25T21:37:50.131-0400: 15.496: [GC (GCLocker Initiated GC) [PSYoungGen: 157095K->46893K(185856K)] 554882K->458710K(710144K), 0.0162451 secs] [Times: user=0.18 sys=0.00, real=0.02 secs] 
2016-09-25T21:37:50.274-0400: 15.639: [GC (GCLocker Initiated GC) [PSYoungGen: 165165K->35895K(187904K)] 582550K->461853K(712192K), 0.0293672 secs] [Times: user=0.33 sys=0.00, real=0.03 secs] 
2016-09-25T21:37:50.412-0400: 15.777: [GC (GCLocker Initiated GC) [PSYoungGen: 154167K->64537K(183808K)] 585555K->507304K(708096K), 0.0113456 secs] [Times: user=0.17 sys=0.01, real=0.02 secs] 
2016-09-25T21:37:50.510-0400: 15.875: [GC (GCLocker Initiated GC) [PSYoungGen: 178201K->42787K(187904K)] 621214K->491719K(712192K), 0.0074701 secs] [Times: user=0.05 sys=0.00, real=0.01 secs] 
2016-09-25T21:37:50.620-0400: 15.985: [GC (GCLocker Initiated GC) [PSYoungGen: 156451K->31862K(187392K)] 607343K->483243K(711680K), 0.0172052 secs] [Times: user=0.14 sys=0.01, real=0.02 secs] 
2016-09-25T21:37:50.735-0400: 16.100: [GC (Allocation Failure) [PSYoungGen: 147062K->47050K(162304K)] 606597K->507109K(686592K), 0.0125423 secs] [Times: user=0.16 sys=0.00, real=0.01 secs] 
2016-09-25T21:37:50.837-0400: 16.202: [GC (GCLocker Initiated GC) [PSYoungGen: 161961K->44233K(189440K)] 626070K->508914K(713728K), 0.0067752 secs] [Times: user=0.08 sys=0.00, real=0.01 secs] 
2016-09-25T21:37:50.941-0400: 16.305: [GC (GCLocker Initiated GC) [PSYoungGen: 163017K->59059K(187392K)] 630448K->527027K(711680K), 0.0084766 secs] [Times: user=0.08 sys=0.00, real=0.01 secs] 
2016-09-25T21:37:51.060-0400: 16.424: [GC (GCLocker Initiated GC) [PSYoungGen: 177843K->48239K(191488K)] 645813K->524806K(715776K), 0.0183285 secs] [Times: user=0.22 sys=0.00, real=0.02 secs] 
2016-09-25T21:37:51.167-0400: 16.532: [GC (GCLocker Initiated GC) [PSYoungGen: 170095K->30601K(190976K)] 649462K->510469K(715264K), 0.0112453 secs] [Times: user=0.11 sys=0.00, real=0.01 secs] 
2016-09-25T21:37:51.272-0400: 16.637: [GC (GCLocker Initiated GC) [PSYoungGen: 152457K->51178K(192512K)] 635235K->548117K(716800K), 0.0112316 secs] [Times: user=0.15 sys=0.00, real=0.02 secs] 
2016-09-25T21:37:51.381-0400: 16.746: [GC (GCLocker Initiated GC) [PSYoungGen: 174570K->59158K(182784K)] 671548K->556750K(707072K), 0.0225610 secs] [Times: user=0.27 sys=0.00, real=0.03 secs] 
2016-09-25T21:37:51.501-0400: 16.865: [GC (GCLocker Initiated GC) [PSYoungGen: 182550K->56441K(188416K)] 680359K->576477K(712704K), 0.0130062 secs] [Times: user=0.15 sys=0.03, real=0.01 secs] 
2016-09-25T21:37:51.514-0400: 16.879: [Full GC (Ergonomics) [PSYoungGen: 56441K->0K(188416K)] [ParOldGen: 520036K->80660K(524288K)] 576477K->80660K(712704K), [Metaspace: 43225K->43225K(1085440K)], 0.0517741 secs] [Times: user=0.27 sys=0.01, real=0.06 secs] 
2016-09-25T21:37:51.659-0400: 17.024: [GC (GCLocker Initiated GC) [PSYoungGen: 116736K->54117K(189440K)] 197645K->135027K(713728K), 0.0125719 secs] [Times: user=0.15 sys=0.01, real=0.01 secs] 
2016-09-25T21:37:51.765-0400: 17.130: [GC (GCLocker Initiated GC) [PSYoungGen: 170853K->53825K(187904K)] 258605K->142572K(712192K), 0.0111854 secs] [Times: user=0.16 sys=0.00, real=0.01 secs] 
2016-09-25T21:37:51.875-0400: 17.240: [GC (GCLocker Initiated GC) [PSYoungGen: 171073K->47164K(188928K)] 266738K->157032K(713216K), 0.0065018 secs] [Times: user=0.06 sys=0.00, real=0.00 secs] 
2016-09-25T21:37:51.983-0400: 17.348: [GC (GCLocker Initiated GC) [PSYoungGen: 164412K->49741K(188416K)] 282517K->171266K(712704K), 0.0072078 secs] [Times: user=0.05 sys=0.00, real=0.00 secs] 
2016-09-25T21:37:52.096-0400: 17.461: [GC (GCLocker Initiated GC) [PSYoungGen: 170573K->44394K(188928K)] 297520K->188194K(713216K), 0.0081815 secs] [Times: user=0.07 sys=0.00, real=0.01 secs] 
2016-09-25T21:37:52.207-0400: 17.572: [GC (GCLocker Initiated GC) [PSYoungGen: 165226K->49901K(191488K)] 314487K->218817K(715776K), 0.0065008 secs] [Times: user=0.08 sys=0.00, real=0.00 secs] 
2016-09-25T21:37:52.320-0400: 17.685: [GC (GCLocker Initiated GC) [PSYoungGen: 176877K->59204K(192512K)] 348730K->231750K(716800K), 0.0160408 secs] [Times: user=0.10 sys=0.01, real=0.02 secs] 
2016-09-25T21:37:52.441-0400: 17.806: [GC (GCLocker Initiated GC) [PSYoungGen: 186180K->48453K(195072K)] 358872K->221859K(719360K), 0.0068340 secs] [Times: user=0.06 sys=0.00, real=0.01 secs] 
2016-09-25T21:37:52.545-0400: 17.910: [GC (GCLocker Initiated GC) [PSYoungGen: 176965K->52455K(194560K)] 350422K->226643K(718848K), 0.0094942 secs] [Times: user=0.05 sys=0.01, real=0.01 secs] 
2016-09-25T21:37:52.661-0400: 18.026: [GC (GCLocker Initiated GC) [PSYoungGen: 180967K->56680K(194048K)] 357895K->266819K(718336K), 0.0121826 secs] [Times: user=0.13 sys=0.00, real=0.01 secs] 
2016-09-25T21:37:52.781-0400: 18.146: [GC (GCLocker Initiated GC) [PSYoungGen: 185192K->36183K(164864K)] 395356K->257934K(689152K), 0.0325523 secs] [Times: user=0.34 sys=0.00, real=0.03 secs] 
2016-09-25T21:37:52.917-0400: 18.282: [GC (GCLocker Initiated GC) [PSYoungGen: 164695K->52548K(195584K)] 386649K->286130K(719872K), 0.0135509 secs] [Times: user=0.14 sys=0.01, real=0.01 secs] 
2016-09-25T21:37:53.039-0400: 18.404: [GC (GCLocker Initiated GC) [PSYoungGen: 180548K->51169K(179200K)] 414371K->296616K(703488K), 0.0061837 secs] [Times: user=0.06 sys=0.00, real=0.01 secs] 
2016-09-25T21:37:53.154-0400: 18.519: [GC (GCLocker Initiated GC) [PSYoungGen: 179169K->55379K(193024K)] 424849K->301903K(717312K), 0.0133632 secs] [Times: user=0.16 sys=0.01, real=0.02 secs] 
2016-09-25T21:37:53.283-0400: 18.648: [GC (GCLocker Initiated GC) [PSYoungGen: 182867K->64791K(192512K)] 429547K->315022K(716800K), 0.0066237 secs] [Times: user=0.08 sys=0.01, real=0.00 secs] 
2016-09-25T21:37:53.406-0400: 18.771: [GC (GCLocker Initiated GC) [PSYoungGen: 192279K->41669K(192512K)] 447939K->319733K(716800K), 0.0084509 secs] [Times: user=0.09 sys=0.01, real=0.01 secs] 
2016-09-25T21:37:53.518-0400: 18.883: [GC (GCLocker Initiated GC) [PSYoungGen: 164549K->51024K(174080K)] 442646K->332495K(698368K), 0.0092807 secs] [Times: user=0.04 sys=0.01, real=0.01 secs] 
2016-09-25T21:37:53.632-0400: 18.997: [GC (Allocation Failure) [PSYoungGen: 173904K->40131K(190976K)] 462154K->350573K(715264K), 0.0057447 secs] [Times: user=0.06 sys=0.00, real=0.01 secs] 
2016-09-25T21:37:53.734-0400: 19.099: [GC (GCLocker Initiated GC) [PSYoungGen: 163011K->49649K(190976K)] 473640K->390552K(715264K), 0.0063506 secs] [Times: user=0.06 sys=0.01, real=0.01 secs] 
2016-09-25T21:37:53.833-0400: 19.197: [GC (GCLocker Initiated GC) [PSYoungGen: 172529K->44121K(193024K)] 513465K->385562K(717312K), 0.0047907 secs] [Times: user=0.05 sys=0.00, real=0.01 secs] 
2016-09-25T21:37:53.951-0400: 19.315: [GC (GCLocker Initiated GC) [PSYoungGen: 171097K->27896K(192512K)] 515251K->388771K(716800K), 0.0051507 secs] [Times: user=0.04 sys=0.00, real=0.01 secs] 
2016-09-25T21:37:54.052-0400: 19.417: [GC (GCLocker Initiated GC) [PSYoungGen: 154872K->13051K(186368K)] 534649K->404116K(710656K), 0.0043774 secs] [Times: user=0.03 sys=0.00, real=0.01 secs] 
2016-09-25T21:37:54.183-0400: 19.548: [GC (GCLocker Initiated GC) [PSYoungGen: 131835K->53678K(172544K)] 523896K->446336K(696832K), 0.0125072 secs] [Times: user=0.13 sys=0.00, real=0.01 secs] 
2016-09-25T21:37:54.280-0400: 19.645: [GC (Allocation Failure) [PSYoungGen: 172462K->40164K(191488K)] 571932K->440142K(715776K), 0.0092406 secs] [Times: user=0.08 sys=0.00, real=0.01 secs] 
2016-09-25T21:37:54.412-0400: 19.777: [GC (GCLocker Initiated GC) [PSYoungGen: 158597K->40164K(159744K)] 561275K->456868K(684032K), 0.0057251 secs] [Times: user=0.08 sys=0.00, real=0.01 secs] 
2016-09-25T21:37:54.508-0400: 19.872: [GC (GCLocker Initiated GC) [PSYoungGen: 159460K->31978K(188416K)] 588389K->461449K(712704K), 0.0060465 secs] [Times: user=0.08 sys=0.01, real=0.01 secs] 
2016-09-25T21:37:54.642-0400: 20.007: [GC (GCLocker Initiated GC) [PSYoungGen: 151786K->44116K(187904K)] 586797K->479583K(712192K), 0.0056892 secs] [Times: user=0.04 sys=0.00, real=0.01 secs] 
2016-09-25T21:37:54.745-0400: 20.110: [GC (GCLocker Initiated GC) [PSYoungGen: 163924K->40062K(192512K)] 602106K->497652K(716800K), 0.0100195 secs] [Times: user=0.10 sys=0.00, real=0.01 secs] 
2016-09-25T21:37:54.867-0400: 20.232: [GC (GCLocker Initiated GC) [PSYoungGen: 167038K->63047K(191488K)] 627357K->523854K(715776K), 0.0072263 secs] [Times: user=0.05 sys=0.00, real=0.01 secs] 
2016-09-25T21:37:54.996-0400: 20.361: [GC (GCLocker Initiated GC) [PSYoungGen: 190023K->49641K(193024K)] 653621K->516462K(717312K), 0.0125144 secs] [Times: user=0.08 sys=0.01, real=0.01 secs] 
2016-09-25T21:37:55.102-0400: 20.467: [GC (GCLocker Initiated GC) [PSYoungGen: 173033K->37295K(160768K)] 641267K->506042K(685056K), 0.0287617 secs] [Times: user=0.34 sys=0.00, real=0.03 secs] 
2016-09-25T21:37:55.252-0400: 20.616: [GC (GCLocker Initiated GC) [PSYoungGen: 160687K->53625K(190464K)] 634904K->544599K(714752K), 0.0094849 secs] [Times: user=0.13 sys=0.00, real=0.01 secs] 
2016-09-25T21:37:55.383-0400: 20.748: [GC (GCLocker Initiated GC) [PSYoungGen: 175993K->44195K(191488K)] 666972K->549193K(715776K), 0.0144497 secs] [Times: user=0.17 sys=0.00, real=0.01 secs] 
2016-09-25T21:37:55.397-0400: 20.762: [Full GC (Ergonomics) [PSYoungGen: 44195K->0K(191488K)] [ParOldGen: 504997K->90846K(524288K)] 549193K->90846K(715776K), [Metaspace: 43230K->43230K(1085440K)], 0.0656878 secs] [Times: user=0.42 sys=0.02, real=0.07 secs] 
2016-09-25T21:37:55.547-0400: 20.912: [GC (GCLocker Initiated GC) [PSYoungGen: 122368K->60657K(187904K)] 213348K->151637K(712192K), 0.0149725 secs] [Times: user=0.18 sys=0.00, real=0.02 secs] 
2016-09-25T21:37:55.652-0400: 21.017: [GC (GCLocker Initiated GC) [PSYoungGen: 181489K->37256K(191488K)] 272710K->129262K(715776K), 0.0352037 secs] [Times: user=0.33 sys=0.00, real=0.04 secs] 
2016-09-25T21:37:55.787-0400: 21.152: [GC (GCLocker Initiated GC) [PSYoungGen: 158088K->41413K(187392K)] 250235K->134126K(711680K), 0.0099774 secs] [Times: user=0.06 sys=0.00, real=0.01 secs] 
2016-09-25T21:37:55.915-0400: 21.280: [GC (GCLocker Initiated GC) [PSYoungGen: 163269K->29433K(189952K)] 266883K->149785K(714240K), 0.0133219 secs] [Times: user=0.15 sys=0.00, real=0.01 secs] 
2016-09-25T21:37:56.026-0400: 21.391: [GC (GCLocker Initiated GC) [PSYoungGen: 151289K->22624K(191488K)] 282746K->154652K(715776K), 0.0076585 secs] [Times: user=0.08 sys=0.00, real=0.01 secs] 
2016-09-25T21:37:56.137-0400: 21.501: [GC (GCLocker Initiated GC) [PSYoungGen: 145504K->42910K(165888K)] 288335K->186270K(690176K), 0.0131626 secs] [Times: user=0.15 sys=0.00, real=0.01 secs] 
2016-09-25T21:37:56.248-0400: 21.613: [GC (GCLocker Initiated GC) [PSYoungGen: 165790K->50979K(190976K)] 319975K->205701K(715264K), 0.0070438 secs] [Times: user=0.08 sys=0.00, real=0.01 secs] 
2016-09-25T21:37:56.347-0400: 21.712: [GC (GCLocker Initiated GC) [PSYoungGen: 174371K->44063K(191488K)] 332019K->210288K(715776K), 0.0127661 secs] [Times: user=0.11 sys=0.00, real=0.01 secs] 
2016-09-25T21:37:56.460-0400: 21.825: [GC (GCLocker Initiated GC) [PSYoungGen: 167455K->60428K(186880K)] 336424K->229900K(711168K), 0.0119407 secs] [Times: user=0.14 sys=0.01, real=0.01 secs] 
2016-09-25T21:37:56.573-0400: 21.938: [GC (GCLocker Initiated GC) [PSYoungGen: 181260K->41563K(191488K)] 358899K->244018K(715776K), 0.0060207 secs] [Times: user=0.08 sys=0.00, real=0.01 secs] 
2016-09-25T21:37:56.695-0400: 22.060: [GC (GCLocker Initiated GC) [PSYoungGen: 162395K->38642K(186368K)] 373188K->249947K(710656K), 0.0074796 secs] [Times: user=0.06 sys=0.00, real=0.01 secs] 
2016-09-25T21:37:56.797-0400: 22.162: [GC (GCLocker Initiated GC) [PSYoungGen: 161522K->60501K(189952K)] 372896K->272413K(714240K), 0.0118628 secs] [Times: user=0.15 sys=0.01, real=0.01 secs] 
2016-09-25T21:37:56.914-0400: 22.279: [GC (GCLocker Initiated GC) [PSYoungGen: 183381K->52414K(190464K)] 400909K->270454K(714752K), 0.0110229 secs] [Times: user=0.15 sys=0.00, real=0.01 secs] 
2016-09-25T21:37:57.040-0400: 22.405: [GC (GCLocker Initiated GC) [PSYoungGen: 172222K->41491K(161792K)] 393889K->263712K(686080K), 0.0077063 secs] [Times: user=0.08 sys=0.01, real=0.01 secs] 
2016-09-25T21:37:57.154-0400: 22.519: [GC (GCLocker Initiated GC) [PSYoungGen: 161299K->40279K(190464K)] 395747K->275190K(714752K), 0.0124805 secs] [Times: user=0.12 sys=0.00, real=0.01 secs] 
2016-09-25T21:37:57.278-0400: 22.642: [GC (GCLocker Initiated GC) [PSYoungGen: 161623K->46815K(189440K)] 396578K->282363K(713728K), 0.0087806 secs] [Times: user=0.10 sys=0.00, real=0.01 secs] 
2016-09-25T21:37:57.385-0400: 22.750: [GC (GCLocker Initiated GC) [PSYoungGen: 168159K->37396K(191488K)] 403838K->295190K(715776K), 0.0241179 secs] [Times: user=0.36 sys=0.00, real=0.02 secs] 
2016-09-25T21:37:57.513-0400: 22.877: [GC (GCLocker Initiated GC) [PSYoungGen: 162836K->57690K(190976K)] 420689K->316112K(715264K), 0.0109188 secs] [Times: user=0.13 sys=0.00, real=0.02 secs] 
2016-09-25T21:37:57.618-0400: 22.982: [GC (GCLocker Initiated GC) [PSYoungGen: 183130K->54952K(190976K)] 441587K->332843K(715264K), 0.0100589 secs] [Times: user=0.14 sys=0.01, real=0.01 secs] 
2016-09-25T21:37:57.718-0400: 23.083: [GC (GCLocker Initiated GC) [PSYoungGen: 177832K->44146K(167424K)] 458457K->341483K(691712K), 0.0060752 secs] [Times: user=0.08 sys=0.00, real=0.01 secs] 
2016-09-25T21:37:57.820-0400: 23.185: [GC (GCLocker Initiated GC) [PSYoungGen: 167026K->51018K(192512K)] 467092K->367845K(716800K), 0.0059638 secs] [Times: user=0.09 sys=0.00, real=0.01 secs] 
2016-09-25T21:37:57.929-0400: 23.293: [GC (GCLocker Initiated GC) [PSYoungGen: 175946K->64508K(189440K)] 498228K->395430K(713728K), 0.0062362 secs] [Times: user=0.09 sys=0.00, real=0.01 secs] 
2016-09-25T21:37:58.053-0400: 23.418: [GC (GCLocker Initiated GC) [PSYoungGen: 189436K->36064K(190464K)] 528544K->386470K(714752K), 0.0220236 secs] [Times: user=0.22 sys=0.00, real=0.03 secs] 
2016-09-25T21:37:58.160-0400: 23.525: [GC (GCLocker Initiated GC) [PSYoungGen: 154848K->36122K(155136K)] 513412K->408710K(679424K), 0.0073873 secs] [Times: user=0.07 sys=0.00, real=0.01 secs] 
2016-09-25T21:37:58.249-0400: 23.614: [GC (GCLocker Initiated GC) [PSYoungGen: 154906K->56291K(188928K)] 527533K->429420K(713216K), 0.0106317 secs] [Times: user=0.14 sys=0.00, real=0.01 secs] 
2016-09-25T21:37:58.342-0400: 23.707: [GC (GCLocker Initiated GC) [PSYoungGen: 174051K->53677K(189952K)] 549893K->443480K(714240K), 0.0080020 secs] [Times: user=0.07 sys=0.01, real=0.01 secs] 
2016-09-25T21:37:58.441-0400: 23.806: [GC (GCLocker Initiated GC) [PSYoungGen: 171437K->57671K(187904K)] 561399K->448139K(712192K), 0.0053806 secs] [Times: user=0.07 sys=0.00, real=0.01 secs] 
2016-09-25T21:37:58.536-0400: 23.901: [GC (GCLocker Initiated GC) [PSYoungGen: 173383K->44197K(160256K)] 574770K->446059K(684544K), 0.0055198 secs] [Times: user=0.07 sys=0.00, real=0.00 secs] 
2016-09-25T21:37:58.635-0400: 23.999: [GC (GCLocker Initiated GC) [PSYoungGen: 159909K->44165K(189952K)] 569888K->454605K(714240K), 0.0051108 secs] [Times: user=0.06 sys=0.00, real=0.00 secs] 
2016-09-25T21:37:58.735-0400: 24.100: [GC (GCLocker Initiated GC) [PSYoungGen: 162437K->46820K(188416K)] 575803K->471472K(712704K), 0.0061145 secs] [Times: user=0.06 sys=0.00, real=0.00 secs] 
2016-09-25T21:37:58.817-0400: 24.181: [GC (GCLocker Initiated GC) [PSYoungGen: 165092K->42847K(189440K)] 600580K->489583K(713728K), 0.0069137 secs] [Times: user=0.09 sys=0.00, real=0.01 secs] 
2016-09-25T21:37:58.923-0400: 24.288: [GC (GCLocker Initiated GC) [PSYoungGen: 164191K->56347K(188416K)] 613786K->506395K(712704K), 0.0092206 secs] [Times: user=0.08 sys=0.00, real=0.00 secs] 
2016-09-25T21:37:59.037-0400: 24.402: [GC (GCLocker Initiated GC) [PSYoungGen: 177691K->64415K(186368K)] 630529K->517722K(710656K), 0.0122175 secs] [Times: user=0.15 sys=0.00, real=0.01 secs] 
2016-09-25T21:37:59.151-0400: 24.516: [GC (GCLocker Initiated GC) [PSYoungGen: 182175K->49437K(189952K)] 640915K->522137K(714240K), 0.0096234 secs] [Times: user=0.11 sys=0.00, real=0.01 secs] 
2016-09-25T21:37:59.261-0400: 24.626: [GC (GCLocker Initiated GC) [PSYoungGen: 167197K->27676K(187904K)] 640929K->509929K(712192K), 0.0069609 secs] [Times: user=0.04 sys=0.01, real=0.01 secs] 
2016-09-25T21:37:59.388-0400: 24.753: [GC (GCLocker Initiated GC) [PSYoungGen: 145436K->29012K(146944K)] 631809K->532029K(671232K), 0.0095531 secs] [Times: user=0.08 sys=0.00, real=0.01 secs] 
2016-09-25T21:37:59.397-0400: 24.762: [Full GC (Ergonomics) [PSYoungGen: 29012K->0K(146944K)] [ParOldGen: 503017K->109025K(524288K)] 532029K->109025K(671232K), [Metaspace: 43253K->43253K(1085440K)], 0.0622437 secs] [Times: user=0.39 sys=0.06, real=0.06 secs] 
2016-09-25T21:37:59.567-0400: 24.932: [GC (GCLocker Initiated GC) [PSYoungGen: 117760K->40224K(190976K)] 229524K->151988K(715264K), 0.0083869 secs] [Times: user=0.08 sys=0.00, real=0.01 secs] 
2016-09-25T21:37:59.664-0400: 25.029: [GC (GCLocker Initiated GC) [PSYoungGen: 158496K->40071K(158720K)] 274347K->156460K(683008K), 0.0066960 secs] [Times: user=0.05 sys=0.00, real=0.00 secs] 
2016-09-25T21:38:05.046-0400: 30.411: [GC (GCLocker Initiated GC) [PSYoungGen: 158343K->48205K(188416K)] 277473K->175899K(712704K), 0.0088740 secs] [Times: user=0.07 sys=0.01, real=0.01 secs] 
2016-09-25T21:38:05.160-0400: 30.524: [GC (GCLocker Initiated GC) [PSYoungGen: 167501K->38735K(187392K)] 306221K->177887K(711680K), 0.0071748 secs] [Times: user=0.08 sys=0.00, real=0.01 secs] 
2016-09-25T21:38:05.276-0400: 30.641: [GC (GCLocker Initiated GC) [PSYoungGen: 158031K->49558K(192512K)] 305398K->197452K(716800K), 0.0053930 secs] [Times: user=0.07 sys=0.00, real=0.00 secs] 
2016-09-25T21:38:05.394-0400: 30.759: [GC (GCLocker Initiated GC) [PSYoungGen: 174998K->37537K(192000K)] 336450K->212951K(716288K), 0.0257804 secs] [Times: user=0.32 sys=0.00, real=0.03 secs] 
2016-09-25T21:38:05.542-0400: 30.907: [GC (GCLocker Initiated GC) [PSYoungGen: 162977K->37142K(194560K)] 338538K->213157K(718848K), 0.0118640 secs] [Times: user=0.10 sys=0.00, real=0.01 secs] 
2016-09-25T21:38:05.667-0400: 31.032: [GC (GCLocker Initiated GC) [PSYoungGen: 166166K->33467K(194048K)] 347722K->215459K(718336K), 0.0066125 secs] [Times: user=0.04 sys=0.00, real=0.00 secs] 
2016-09-25T21:38:05.797-0400: 31.162: [GC (GCLocker Initiated GC) [PSYoungGen: 162491K->43936K(195072K)] 344602K->242722K(719360K), 0.0171149 secs] [Times: user=0.16 sys=0.00, real=0.02 secs] 
2016-09-25T21:38:05.929-0400: 31.294: [GC (GCLocker Initiated GC) [PSYoungGen: 176544K->38613K(195584K)] 378063K->254064K(719872K), 0.0192737 secs] [Times: user=0.22 sys=0.00, real=0.02 secs] 
2016-09-25T21:38:06.051-0400: 31.416: [GC (GCLocker Initiated GC) [PSYoungGen: 171221K->33106K(198656K)] 389404K->254450K(722944K), 0.0255168 secs] [Times: user=0.26 sys=0.00, real=0.03 secs] 
2016-09-25T21:38:06.199-0400: 31.564: [GC (GCLocker Initiated GC) [PSYoungGen: 170322K->60407K(197632K)] 394482K->290473K(721920K), 0.0124017 secs] [Times: user=0.13 sys=0.00, real=0.01 secs] 
2016-09-25T21:38:06.343-0400: 31.708: [GC (GCLocker Initiated GC) [PSYoungGen: 197623K->38886K(197632K)] 438679K->285901K(721920K), 0.0225780 secs] [Times: user=0.20 sys=0.00, real=0.02 secs] 
2016-09-25T21:38:06.490-0400: 31.855: [GC (GCLocker Initiated GC) [PSYoungGen: 172006K->44071K(177664K)] 421953K->294556K(701952K), 0.0161848 secs] [Times: user=0.16 sys=0.00, real=0.02 secs] 
2016-09-25T21:38:06.621-0400: 31.986: [GC (GCLocker Initiated GC) [PSYoungGen: 177191K->56202K(193024K)] 430435K->309908K(717312K), 0.0226052 secs] [Times: user=0.25 sys=0.00, real=0.03 secs] 
2016-09-25T21:38:06.753-0400: 32.118: [GC (GCLocker Initiated GC) [PSYoungGen: 186250K->38574K(196096K)] 440117K->306433K(720384K), 0.0103213 secs] [Times: user=0.10 sys=0.00, real=0.02 secs] 
2016-09-25T21:38:06.873-0400: 32.238: [GC (GCLocker Initiated GC) [PSYoungGen: 168622K->46770K(193024K)] 442059K->320669K(717312K), 0.0206771 secs] [Times: user=0.19 sys=0.01, real=0.02 secs] 
2016-09-25T21:38:06.998-0400: 32.362: [GC (GCLocker Initiated GC) [PSYoungGen: 177842K->61793K(193024K)] 454683K->355336K(717312K), 0.0102462 secs] [Times: user=0.15 sys=0.00, real=0.01 secs] 
2016-09-25T21:38:07.121-0400: 32.486: [GC (GCLocker Initiated GC) [PSYoungGen: 192865K->64481K(184320K)] 486467K->358581K(708608K), 0.0078152 secs] [Times: user=0.10 sys=0.00, real=0.01 secs] 
2016-09-25T21:38:07.235-0400: 32.600: [GC (GCLocker Initiated GC) [PSYoungGen: 180193K->38799K(188928K)] 477183K->352484K(713216K), 0.0102571 secs] [Times: user=0.11 sys=0.00, real=0.01 secs] 
2016-09-25T21:38:07.366-0400: 32.731: [GC (GCLocker Initiated GC) [PSYoungGen: 154511K->41467K(184832K)] 470966K->358401K(709120K), 0.0065173 secs] [Times: user=0.08 sys=0.00, real=0.00 secs] 
2016-09-25T21:38:07.476-0400: 32.840: [GC (GCLocker Initiated GC) [PSYoungGen: 158203K->40008K(187392K)] 479857K->362133K(711680K), 0.0077406 secs] [Times: user=0.04 sys=0.00, real=0.01 secs] 
2016-09-25T21:38:07.574-0400: 32.939: [GC (GCLocker Initiated GC) [PSYoungGen: 156744K->38484K(188416K)] 478899K->366425K(712704K), 0.0108530 secs] [Times: user=0.06 sys=0.00, real=0.01 secs] 
2016-09-25T21:38:07.684-0400: 33.049: [GC (GCLocker Initiated GC) [PSYoungGen: 160852K->36033K(190464K)] 488906K->388792K(714752K), 0.0151729 secs] [Times: user=0.16 sys=0.00, real=0.01 secs] 
2016-09-25T21:38:07.821-0400: 33.186: [GC (GCLocker Initiated GC) [PSYoungGen: 158401K->36097K(192000K)] 513945K->411035K(716288K), 0.0108795 secs] [Times: user=0.14 sys=0.00, real=0.01 secs] 
2016-09-25T21:38:07.941-0400: 33.306: [GC (GCLocker Initiated GC) [PSYoungGen: 163073K->30786K(193536K)] 551604K->419810K(717824K), 0.0050352 secs] [Times: user=0.06 sys=0.00, real=0.01 secs] 
2016-09-25T21:38:08.057-0400: 33.421: [GC (Allocation Failure) [PSYoungGen: 157762K->65751K(182784K)] 546896K->455428K(707072K), 0.0142616 secs] [Times: user=0.19 sys=0.01, real=0.01 secs] 
2016-09-25T21:38:08.191-0400: 33.556: [GC (GCLocker Initiated GC) [PSYoungGen: 182487K->48182K(189440K)] 577564K->462614K(713728K), 0.0063946 secs] [Times: user=0.08 sys=0.00, real=0.01 secs] 
2016-09-25T21:38:08.304-0400: 33.669: [GC (GCLocker Initiated GC) [PSYoungGen: 164918K->37261K(184832K)] 590380K->463174K(709120K), 0.0056991 secs] [Times: user=0.05 sys=0.00, real=0.00 secs] 
2016-09-25T21:38:08.413-0400: 33.778: [GC (GCLocker Initiated GC) [PSYoungGen: 155533K->37394K(187904K)] 589753K->472057K(712192K), 0.0063550 secs] [Times: user=0.05 sys=0.00, real=0.01 secs] 
2016-09-25T21:38:08.545-0400: 33.910: [GC (GCLocker Initiated GC) [PSYoungGen: 155666K->38831K(187392K)] 603854K->487523K(711680K), 0.0232625 secs] [Times: user=0.28 sys=0.00, real=0.02 secs] 
2016-09-25T21:38:08.659-0400: 34.024: [GC (GCLocker Initiated GC) [PSYoungGen: 162735K->33421K(190464K)] 615685K->497746K(714752K), 0.0092404 secs] [Times: user=0.09 sys=0.00, real=0.01 secs] 
2016-09-25T21:38:08.810-0400: 34.175: [GC (GCLocker Initiated GC) [PSYoungGen: 157325K->44163K(192000K)] 632529K->519852K(716288K), 0.0101434 secs] [Times: user=0.08 sys=0.01, real=0.01 secs] 
2016-09-25T21:38:08.929-0400: 34.293: [GC (GCLocker Initiated GC) [PSYoungGen: 173699K->49514K(194048K)] 652123K->528421K(718336K), 0.0274693 secs] [Times: user=0.31 sys=0.00, real=0.03 secs] 
2016-09-25T21:38:09.085-0400: 34.450: [GC (GCLocker Initiated GC) [PSYoungGen: 179050K->54962K(193024K)] 657998K->545240K(717312K), 0.0341848 secs] [Times: user=0.39 sys=0.01, real=0.03 secs] 
2016-09-25T21:38:09.259-0400: 34.623: [GC (GCLocker Initiated GC) [PSYoungGen: 182962K->27756K(156160K)] 673332K->542916K(680448K), 0.0181770 secs] [Times: user=0.17 sys=0.00, real=0.02 secs] 
2016-09-25T21:38:09.277-0400: 34.642: [Full GC (Ergonomics) [PSYoungGen: 27756K->0K(156160K)] [ParOldGen: 515160K->121011K(524288K)] 542916K->121011K(680448K), [Metaspace: 43269K->43269K(1085440K)], 0.0576229 secs] [Times: user=0.26 sys=0.01, real=0.06 secs] 
2016-09-25T21:38:09.470-0400: 34.835: [GC (GCLocker Initiated GC) [PSYoungGen: 128000K->40403K(196608K)] 254575K->166979K(720896K), 0.0114039 secs] [Times: user=0.13 sys=0.00, real=0.01 secs] 
2016-09-25T21:38:09.581-0400: 34.946: [GC (GCLocker Initiated GC) [PSYoungGen: 169427K->45502K(174592K)] 298789K->176948K(698880K), 0.0113050 secs] [Times: user=0.10 sys=0.00, real=0.01 secs] 
2016-09-25T21:38:09.731-0400: 35.096: [GC (GCLocker Initiated GC) [PSYoungGen: 174526K->56398K(190464K)] 308790K->191142K(714752K), 0.0056893 secs] [Times: user=0.07 sys=0.00, real=0.01 secs] 
2016-09-25T21:38:09.859-0400: 35.224: [GC (GCLocker Initiated GC) [PSYoungGen: 182350K->20946K(146944K)] 321341K->171185K(671232K), 0.0219038 secs] [Times: user=0.23 sys=0.00, real=0.02 secs] 
2016-09-25T21:38:10.013-0400: 35.378: [GC (GCLocker Initiated GC) [PSYoungGen: 146898K->22424K(192000K)] 308166K->184124K(716288K), 0.0160543 secs] [Times: user=0.13 sys=0.00, real=0.02 secs] 
2016-09-25T21:38:10.162-0400: 35.527: [GC (GCLocker Initiated GC) [PSYoungGen: 145304K->35860K(159232K)] 309738K->200695K(683520K), 0.0181415 secs] [Times: user=0.14 sys=0.00, real=0.01 secs] 
2016-09-25T21:38:10.275-0400: 35.640: [GC (Allocation Failure) [PSYoungGen: 158740K->26601K(190976K)] 330609K->217850K(715264K), 0.0063540 secs] [Times: user=0.04 sys=0.00, real=0.00 secs] 
2016-09-25T21:38:10.379-0400: 35.743: [GC (GCLocker Initiated GC) [PSYoungGen: 149882K->48111K(190464K)] 343831K->253323K(714752K), 0.0160041 secs] [Times: user=0.17 sys=0.01, real=0.02 secs] 
2016-09-25T21:38:10.512-0400: 35.876: [GC (GCLocker Initiated GC) [PSYoungGen: 172015K->42684K(193536K)] 380157K->251214K(717824K), 0.0251698 secs] [Times: user=0.19 sys=0.00, real=0.03 secs] 
2016-09-25T21:38:10.657-0400: 36.022: [GC (GCLocker Initiated GC) [PSYoungGen: 170684K->42695K(194048K)] 381999K->254398K(718336K), 0.0131750 secs] [Times: user=0.14 sys=0.00, real=0.01 secs] 
2016-09-25T21:38:10.784-0400: 36.149: [GC (GCLocker Initiated GC) [PSYoungGen: 170695K->37352K(193024K)] 382521K->252299K(717312K), 0.0124181 secs] [Times: user=0.09 sys=0.00, real=0.01 secs] 
2016-09-25T21:38:10.931-0400: 36.296: [GC (GCLocker Initiated GC) [PSYoungGen: 168936K->47252K(194048K)] 383886K->262808K(718336K), 0.0073512 secs] [Times: user=0.06 sys=0.01, real=0.01 secs] 
2016-09-25T21:38:11.071-0400: 36.435: [GC (GCLocker Initiated GC) [PSYoungGen: 178836K->28389K(199168K)] 401597K->251957K(723456K), 0.0069969 secs] [Times: user=0.07 sys=0.00, real=0.01 secs] 
2016-09-25T21:38:11.211-0400: 36.576: [GC (GCLocker Initiated GC) [PSYoungGen: 164581K->40648K(177152K)] 396366K->273326K(701440K), 0.0131826 secs] [Times: user=0.20 sys=0.00, real=0.02 secs] 
2016-09-25T21:38:11.390-0400: 36.755: [GC (GCLocker Initiated GC) [PSYoungGen: 176840K->42003K(198144K)] 412292K->291914K(722432K), 0.0102847 secs] [Times: user=0.09 sys=0.01, real=0.01 secs] 
2016-09-25T21:38:11.541-0400: 36.906: [GC (GCLocker Initiated GC) [PSYoungGen: 179219K->26935K(197120K)] 430555K->295455K(721408K), 0.0342638 secs] [Times: user=0.36 sys=0.00, real=0.04 secs] 
2016-09-25T21:38:11.699-0400: 37.064: [GC (GCLocker Initiated GC) [PSYoungGen: 164151K->41724K(201728K)] 432801K->311347K(726016K), 0.0134854 secs] [Times: user=0.13 sys=0.00, real=0.01 secs] 
2016-09-25T21:38:11.865-0400: 37.230: [GC (GCLocker Initiated GC) [PSYoungGen: 183548K->41853K(201216K)] 453293K->315218K(725504K), 0.0140537 secs] [Times: user=0.08 sys=0.01, real=0.01 secs] 
2016-09-25T21:38:12.025-0400: 37.390: [GC (GCLocker Initiated GC) [PSYoungGen: 183677K->20195K(199680K)] 466530K->317453K(723968K), 0.0447152 secs] [Times: user=0.46 sys=0.00, real=0.04 secs] 
2016-09-25T21:38:12.222-0400: 37.587: [GC (GCLocker Initiated GC) [PSYoungGen: 161507K->29830K(201216K)] 472290K->341709K(725504K), 0.0100481 secs] [Times: user=0.08 sys=0.01, real=0.00 secs] 
2016-09-25T21:38:12.389-0400: 37.754: [GC (GCLocker Initiated GC) [PSYoungGen: 171142K->33811K(197632K)] 492522K->372495K(721920K), 0.0177853 secs] [Times: user=0.19 sys=0.00, real=0.02 secs] 
2016-09-25T21:38:12.566-0400: 37.931: [GC (GCLocker Initiated GC) [PSYoungGen: 177171K->24301K(200192K)] 529575K->377676K(724480K), 0.0251905 secs] [Times: user=0.24 sys=0.00, real=0.02 secs] 
2016-09-25T21:38:12.739-0400: 38.104: [GC (GCLocker Initiated GC) [PSYoungGen: 167661K->51216K(197120K)] 521285K->405926K(721408K), 0.0111011 secs] [Times: user=0.10 sys=0.00, real=0.01 secs] 
2016-09-25T21:38:12.896-0400: 38.261: [GC (GCLocker Initiated GC) [PSYoungGen: 191504K->56478K(197120K)] 546386K->412305K(721408K), 0.0392548 secs] [Times: user=0.45 sys=0.00, real=0.04 secs] 
2016-09-25T21:38:13.071-0400: 38.436: [GC (GCLocker Initiated GC) [PSYoungGen: 196766K->25414K(197120K)] 564943K->394239K(721408K), 0.0060135 secs] [Times: user=0.05 sys=0.00, real=0.01 secs] 
2016-09-25T21:38:13.213-0400: 38.577: [GC (GCLocker Initiated GC) [PSYoungGen: 157510K->46816K(179200K)] 529049K->419077K(703488K), 0.0305386 secs] [Times: user=0.30 sys=0.00, real=0.04 secs] 
2016-09-25T21:38:13.363-0400: 38.728: [GC (GCLocker Initiated GC) [PSYoungGen: 178912K->40067K(198144K)] 551418K->413153K(722432K), 0.0319877 secs] [Times: user=0.34 sys=0.00, real=0.03 secs] 
2016-09-25T21:38:13.524-0400: 38.889: [GC (GCLocker Initiated GC) [PSYoungGen: 172163K->54914K(187392K)] 545260K->428608K(711680K), 0.0077715 secs] [Times: user=0.08 sys=0.00, real=0.00 secs] 
2016-09-25T21:38:13.648-0400: 39.012: [GC (GCLocker Initiated GC) [PSYoungGen: 187010K->40061K(197120K)] 560762K->414415K(721408K), 0.0127332 secs] [Times: user=0.11 sys=0.00, real=0.01 secs] 
2016-09-25T21:38:13.789-0400: 39.154: [GC (GCLocker Initiated GC) [PSYoungGen: 169597K->44182K(174080K)] 544408K->433108K(698368K), 0.0086328 secs] [Times: user=0.07 sys=0.00, real=0.01 secs] 
2016-09-25T21:38:13.904-0400: 39.269: [GC (GCLocker Initiated GC) [PSYoungGen: 173718K->41680K(195584K)] 574824K->443399K(719872K), 0.0115806 secs] [Times: user=0.13 sys=0.00, real=0.01 secs] 
2016-09-25T21:38:14.081-0400: 39.446: [GC (GCLocker Initiated GC) [PSYoungGen: 173264K->50915K(193536K)] 580422K->469525K(717824K), 0.0325234 secs] [Times: user=0.31 sys=0.00, real=0.03 secs] 
2016-09-25T21:38:14.274-0400: 39.639: [GC (GCLocker Initiated GC) [PSYoungGen: 182499K->28008K(198144K)] 607936K->475666K(722432K), 0.0142387 secs] [Times: user=0.16 sys=0.01, real=0.02 secs] 
2016-09-25T21:38:14.415-0400: 39.780: [GC (GCLocker Initiated GC) [PSYoungGen: 162152K->45567K(179712K)] 609922K->494010K(704000K), 0.0148591 secs] [Times: user=0.08 sys=0.00, real=0.01 secs] 
2016-09-25T21:38:14.575-0400: 39.940: [GC (GCLocker Initiated GC) [PSYoungGen: 179711K->57911K(190464K)] 628189K->517854K(714752K), 0.0100284 secs] [Times: user=0.13 sys=0.00, real=0.01 secs] 
2016-09-25T21:38:14.741-0400: 40.106: [GC (GCLocker Initiated GC) [PSYoungGen: 184887K->51110K(178176K)] 645048K->525462K(702464K), 0.0145524 secs] [Times: user=0.15 sys=0.00, real=0.02 secs] 
2016-09-25T21:38:14.881-0400: 40.246: [GC (GCLocker Initiated GC) [PSYoungGen: 178086K->51108K(193024K)] 652523K->526265K(717312K), 0.0108152 secs] [Times: user=0.07 sys=0.01, real=0.01 secs] 
2016-09-25T21:38:15.011-0400: 40.375: [GC (GCLocker Initiated GC) [PSYoungGen: 176036K->45788K(171008K)] 651349K->529943K(695296K), 0.0114957 secs] [Times: user=0.13 sys=0.01, real=0.01 secs] 
2016-09-25T21:38:16.819-0400: 42.184: [GC (GCLocker Initiated GC) [PSYoungGen: 170716K->42961K(194560K)] 659078K->532073K(718848K), 0.0083548 secs] [Times: user=0.07 sys=0.01, real=0.01 secs] 
2016-09-25T21:38:16.949-0400: 42.314: [GC (GCLocker Initiated GC) [PSYoungGen: 170449K->48477K(192512K)] 662292K->541111K(716800K), 0.0084635 secs] [Times: user=0.08 sys=0.00, real=0.01 secs] 
2016-09-25T21:38:17.094-0400: 42.459: [GC (GCLocker Initiated GC) [PSYoungGen: 175965K->42995K(195584K)] 668837K->542019K(719872K), 0.0064428 secs] [Times: user=0.06 sys=0.00, real=0.00 secs] 
2016-09-25T21:38:17.252-0400: 42.617: [GC (GCLocker Initiated GC) [PSYoungGen: 174579K->30718K(194560K)] 673635K->541335K(718848K), 0.0072068 secs] [Times: user=0.06 sys=0.00, real=0.01 secs] 
2016-09-25T21:38:17.259-0400: 42.624: [Full GC (Ergonomics) [PSYoungGen: 30718K->0K(194560K)] [ParOldGen: 510617K->151082K(524288K)] 541335K->151082K(718848K), [Metaspace: 43432K->43432K(1085440K)], 0.0850610 secs] [Times: user=0.55 sys=0.01, real=0.09 secs] 
2016-09-25T21:38:17.484-0400: 42.849: [GC (GCLocker Initiated GC) [PSYoungGen: 131584K->59804K(190464K)] 282911K->211132K(714752K), 0.0087834 secs] [Times: user=0.12 sys=0.00, real=0.00 secs] 
2016-09-25T21:38:17.630-0400: 42.995: [GC (GCLocker Initiated GC) [PSYoungGen: 186780K->51065K(194560K)] 338207K->203789K(718848K), 0.0225058 secs] [Times: user=0.27 sys=0.00, real=0.02 secs] 
2016-09-25T21:38:17.794-0400: 43.159: [GC (GCLocker Initiated GC) [PSYoungGen: 178041K->30943K(194560K)] 337835K->199616K(718848K), 0.0197505 secs] [Times: user=0.21 sys=0.00, real=0.01 secs] 
2016-09-25T21:38:17.951-0400: 43.316: [GC (GCLocker Initiated GC) [PSYoungGen: 157919K->41711K(168960K)] 333447K->218003K(693248K), 0.0133516 secs] [Times: user=0.16 sys=0.00, real=0.02 secs] 
2016-09-25T21:38:18.101-0400: 43.466: [GC (GCLocker Initiated GC) [PSYoungGen: 168687K->29434K(193024K)] 350419K->233521K(717312K), 0.0095576 secs] [Times: user=0.09 sys=0.00, real=0.01 secs] 
2016-09-25T21:38:18.229-0400: 43.594: [GC (GCLocker Initiated GC) [PSYoungGen: 156410K->45794K(193024K)] 363249K->253405K(717312K), 0.0164490 secs] [Times: user=0.18 sys=0.01, real=0.02 secs] 
2016-09-25T21:38:18.373-0400: 43.738: [GC (GCLocker Initiated GC) [PSYoungGen: 172770K->57912K(189952K)] 380499K->285353K(714240K), 0.0259644 secs] [Times: user=0.30 sys=0.00, real=0.03 secs] 
2016-09-25T21:38:18.537-0400: 43.902: [GC (GCLocker Initiated GC) [PSYoungGen: 182840K->47095K(193536K)] 413030K->294257K(717824K), 0.0109258 secs] [Times: user=0.13 sys=0.00, real=0.01 secs] 
2016-09-25T21:38:18.665-0400: 44.030: [GC (GCLocker Initiated GC) [PSYoungGen: 172023K->32198K(192000K)] 425990K->286927K(716288K), 0.0047832 secs] [Times: user=0.05 sys=0.00, real=0.00 secs] 
2016-09-25T21:38:18.796-0400: 44.161: [GC (GCLocker Initiated GC) [PSYoungGen: 158662K->41717K(193536K)] 424228K->308039K(717824K), 0.0197870 secs] [Times: user=0.27 sys=0.00, real=0.02 secs] 
2016-09-25T21:38:18.958-0400: 44.323: [GC (GCLocker Initiated GC) [PSYoungGen: 168181K->28120K(194560K)] 437251K->333067K(718848K), 0.0098285 secs] [Times: user=0.12 sys=0.01, real=0.01 secs] 
2016-09-25T21:38:19.090-0400: 44.455: [GC (GCLocker Initiated GC) [PSYoungGen: 157656K->24041K(194560K)] 468088K->354006K(718848K), 0.0090321 secs] [Times: user=0.10 sys=0.01, real=0.01 secs] 
2016-09-25T21:38:19.222-0400: 44.587: [GC (GCLocker Initiated GC) [PSYoungGen: 153577K->51241K(193024K)] 490459K->388798K(717312K), 0.0053575 secs] [Times: user=0.05 sys=0.01, real=0.01 secs] 
2016-09-25T21:38:19.347-0400: 44.712: [GC (GCLocker Initiated GC) [PSYoungGen: 178217K->41698K(168960K)] 515848K->388216K(693248K), 0.0113736 secs] [Times: user=0.08 sys=0.00, real=0.01 secs] 
2016-09-25T21:38:19.507-0400: 44.872: [GC (GCLocker Initiated GC) [PSYoungGen: 168674K->36167K(195072K)] 520771K->405120K(719360K), 0.0236880 secs] [Times: user=0.27 sys=0.00, real=0.02 secs] 
2016-09-25T21:38:19.660-0400: 45.025: [GC (GCLocker Initiated GC) [PSYoungGen: 166215K->51083K(193536K)] 537942K->442376K(717824K), 0.0069756 secs] [Times: user=0.08 sys=0.00, real=0.01 secs] 
2016-09-25T21:38:19.808-0400: 45.173: [GC (GCLocker Initiated GC) [PSYoungGen: 181131K->33379K(197632K)] 576512K->432105K(721920K), 0.0074361 secs] [Times: user=0.05 sys=0.00, real=0.01 secs] 
2016-09-25T21:38:19.962-0400: 45.327: [GC (GCLocker Initiated GC) [PSYoungGen: 165987K->34788K(167424K)] 577144K->446669K(691712K), 0.0063656 secs] [Times: user=0.04 sys=0.00, real=0.00 secs] 
2016-09-25T21:38:20.104-0400: 45.469: [GC (GCLocker Initiated GC) [PSYoungGen: 167396K->42921K(196608K)] 587391K->463571K(720896K), 0.0055674 secs] [Times: user=0.04 sys=0.00, real=0.00 secs] 
2016-09-25T21:38:21.325-0400: 46.690: [GC (GCLocker Initiated GC) [PSYoungGen: 176553K->46940K(195584K)] 597236K->468279K(719872K), 0.0184646 secs] [Times: user=0.19 sys=0.00, real=0.02 secs] 
2016-09-25T21:38:21.503-0400: 46.868: [GC (GCLocker Initiated GC) [PSYoungGen: 180572K->39115K(198144K)] 611590K->487053K(722432K), 0.0122685 secs] [Times: user=0.14 sys=0.01, real=0.01 secs] 
2016-09-25T21:38:21.648-0400: 47.013: [GC (GCLocker Initiated GC) [PSYoungGen: 177355K->59186K(197632K)] 625360K->507988K(721920K), 0.0219632 secs] [Times: user=0.27 sys=0.00, real=0.02 secs] 
2016-09-25T21:38:21.839-0400: 47.204: [GC (GCLocker Initiated GC) [PSYoungGen: 197426K->33573K(197632K)] 649031K->510214K(721920K), 0.0142778 secs] [Times: user=0.18 sys=0.02, real=0.01 secs] 
2016-09-25T21:38:22.018-0400: 47.383: [GC (GCLocker Initiated GC) [PSYoungGen: 166693K->52369K(185856K)] 643587K->546227K(710144K), 0.0305600 secs] [Times: user=0.30 sys=0.04, real=0.03 secs] 
2016-09-25T21:38:22.048-0400: 47.413: [Full GC (Ergonomics) [PSYoungGen: 52369K->0K(185856K)] [ParOldGen: 493858K->172637K(524288K)] 546227K->172637K(710144K), [Metaspace: 43449K->43449K(1085440K)], 0.0695431 secs] [Times: user=0.41 sys=0.05, real=0.07 secs] 
2016-09-25T21:38:22.249-0400: 47.614: [GC (GCLocker Initiated GC) [PSYoungGen: 133120K->65159K(183808K)] 305905K->240645K(708096K), 0.0081312 secs] [Times: user=0.07 sys=0.03, real=0.01 secs] 
2016-09-25T21:38:22.369-0400: 47.734: [GC (GCLocker Initiated GC) [PSYoungGen: 182919K->47065K(189952K)] 361342K->242885K(714240K), 0.0131760 secs] [Times: user=0.16 sys=0.01, real=0.02 secs] 
2016-09-25T21:38:22.505-0400: 47.870: [GC (GCLocker Initiated GC) [PSYoungGen: 164825K->40281K(184832K)] 362496K->238636K(709120K), 0.0059522 secs] [Times: user=0.06 sys=0.00, real=0.00 secs] 
2016-09-25T21:38:22.614-0400: 47.979: [GC (GCLocker Initiated GC) [PSYoungGen: 160089K->49714K(188416K)] 358506K->248774K(712704K), 0.0171680 secs] [Times: user=0.19 sys=0.00, real=0.01 secs] 
2016-09-25T21:38:22.741-0400: 48.106: [GC (GCLocker Initiated GC) [PSYoungGen: 169522K->29710K(193024K)] 376766K->237580K(717312K), 0.0165070 secs] [Times: user=0.16 sys=0.00, real=0.02 secs] 
2016-09-25T21:38:22.872-0400: 48.237: [GC (GCLocker Initiated GC) [PSYoungGen: 154638K->55224K(180224K)] 368009K->269403K(704512K), 0.0074036 secs] [Times: user=0.06 sys=0.00, real=0.01 secs] 
2016-09-25T21:38:23.002-0400: 48.367: [GC (GCLocker Initiated GC) [PSYoungGen: 180152K->52710K(190976K)] 399821K->273259K(715264K), 0.0240562 secs] [Times: user=0.31 sys=0.02, real=0.02 secs] 
2016-09-25T21:38:23.147-0400: 48.512: [GC (GCLocker Initiated GC) [PSYoungGen: 173542K->43180K(164352K)] 396946K->286292K(688640K), 0.0467473 secs] [Times: user=0.15 sys=0.05, real=0.04 secs] 
2016-09-25T21:38:23.305-0400: 48.670: [GC (GCLocker Initiated GC) [PSYoungGen: 164012K->49790K(190464K)] 407208K->307296K(714752K), 0.0088109 secs] [Times: user=0.10 sys=0.01, real=0.01 secs] 
2016-09-25T21:38:23.440-0400: 48.805: [GC (GCLocker Initiated GC) [PSYoungGen: 171646K->39084K(189952K)] 434670K->313675K(714240K), 0.0263705 secs] [Times: user=0.15 sys=0.02, real=0.03 secs] 
2016-09-25T21:38:23.603-0400: 48.968: [GC (GCLocker Initiated GC) [PSYoungGen: 160940K->39084K(192512K)] 443698K->322717K(716800K), 0.0058763 secs] [Times: user=0.06 sys=0.01, real=0.00 secs] 
2016-09-25T21:38:23.749-0400: 49.114: [GC (GCLocker Initiated GC) [PSYoungGen: 166060K->43275K(192512K)] 455140K->336003K(716800K), 0.0061208 secs] [Times: user=0.06 sys=0.01, real=0.01 secs] 
2016-09-25T21:38:23.885-0400: 49.250: [GC (GCLocker Initiated GC) [PSYoungGen: 170251K->52868K(194048K)] 463406K->346968K(718336K), 0.0072629 secs] [Times: user=0.08 sys=0.02, real=0.00 secs] 
2016-09-25T21:38:24.093-0400: 49.457: [GC (GCLocker Initiated GC) [PSYoungGen: 182916K->39142K(195072K)] 483812K->340941K(719360K), 0.0873349 secs] [Times: user=0.31 sys=0.09, real=0.09 secs] 
2016-09-25T21:38:24.289-0400: 49.654: [GC (GCLocker Initiated GC) [PSYoungGen: 169190K->40368K(195072K)] 476560K->354040K(719360K), 0.0132075 secs] [Times: user=0.15 sys=0.03, real=0.01 secs] 
2016-09-25T21:38:24.429-0400: 49.794: [GC (GCLocker Initiated GC) [PSYoungGen: 173488K->36347K(196096K)] 487255K->356461K(720384K), 0.0068137 secs] [Times: user=0.06 sys=0.01, real=0.01 secs] 
2016-09-25T21:38:24.546-0400: 49.911: [GC (GCLocker Initiated GC) [PSYoungGen: 169467K->33669K(198656K)] 500392K->365505K(722944K), 0.0062741 secs] [Times: user=0.06 sys=0.03, real=0.00 secs] 
2016-09-25T21:38:24.667-0400: 50.032: [GC (GCLocker Initiated GC) [PSYoungGen: 170373K->57876K(195072K)] 502305K->393505K(719360K), 0.0162024 secs] [Times: user=0.23 sys=0.00, real=0.02 secs] 
2016-09-25T21:38:24.794-0400: 50.159: [GC (GCLocker Initiated GC) [PSYoungGen: 194580K->37521K(197120K)] 531176K->382913K(721408K), 0.0055247 secs] [Times: user=0.05 sys=0.00, real=0.00 secs] 
2016-09-25T21:38:24.893-0400: 50.258: [GC (GCLocker Initiated GC) [PSYoungGen: 168593K->42836K(174080K)] 514018K->397145K(698368K), 0.0185257 secs] [Times: user=0.21 sys=0.02, real=0.02 secs] 
2016-09-25T21:38:25.009-0400: 50.374: [GC (GCLocker Initiated GC) [PSYoungGen: 173908K->55180K(191488K)] 528309K->410247K(715776K), 0.0245308 secs] [Times: user=0.27 sys=0.00, real=0.02 secs] 
2016-09-25T21:38:25.153-0400: 50.518: [GC (GCLocker Initiated GC) [PSYoungGen: 183692K->46850K(194048K)] 538793K->405287K(718336K), 0.0119341 secs] [Times: user=0.09 sys=0.00, real=0.02 secs] 
2016-09-25T21:38:25.284-0400: 50.649: [GC (GCLocker Initiated GC) [PSYoungGen: 175362K->25466K(195072K)] 536521K->389955K(719360K), 0.0116755 secs] [Times: user=0.11 sys=0.00, real=0.01 secs] 
2016-09-25T21:38:25.411-0400: 50.776: [GC (GCLocker Initiated GC) [PSYoungGen: 156538K->44237K(196608K)] 526661K->414974K(720896K), 0.0548416 secs] [Times: user=0.60 sys=0.01, real=0.06 secs] 
2016-09-25T21:38:25.592-0400: 50.956: [GC (GCLocker Initiated GC) [PSYoungGen: 175309K->42984K(192512K)] 551498K->419882K(716800K), 0.0259140 secs] [Times: user=0.28 sys=0.00, real=0.03 secs] 
2016-09-25T21:38:25.732-0400: 51.097: [GC (GCLocker Initiated GC) [PSYoungGen: 175592K->40316K(194560K)] 555249K->439534K(718848K), 0.0315516 secs] [Times: user=0.39 sys=0.00, real=0.04 secs] 
2016-09-25T21:38:25.875-0400: 51.240: [GC (GCLocker Initiated GC) [PSYoungGen: 172924K->26653K(199680K)] 582961K->437336K(723968K), 0.0090437 secs] [Times: user=0.09 sys=0.00, real=0.01 secs] 
2016-09-25T21:38:25.991-0400: 51.356: [GC (GCLocker Initiated GC) [PSYoungGen: 165917K->60525K(200192K)] 576631K->490902K(724480K), 0.0099433 secs] [Times: user=0.13 sys=0.00, real=0.01 secs] 
2016-09-25T21:38:26.135-0400: 51.500: [GC (GCLocker Initiated GC) [PSYoungGen: 199789K->14392K(185856K)] 638447K->469879K(710144K), 0.0081370 secs] [Times: user=0.08 sys=0.00, real=0.01 secs] 
2016-09-25T21:38:26.245-0400: 51.610: [GC (GCLocker Initiated GC) [PSYoungGen: 138296K->32020K(193024K)] 598810K->514762K(717312K), 0.0092341 secs] [Times: user=0.09 sys=0.01, real=0.01 secs] 
2016-09-25T21:38:26.353-0400: 51.718: [GC (GCLocker Initiated GC) [PSYoungGen: 155924K->34668K(187392K)] 641770K->531868K(711680K), 0.0095112 secs] [Times: user=0.09 sys=0.00, real=0.02 secs] 
2016-09-25T21:38:26.363-0400: 51.728: [Full GC (Ergonomics) [PSYoungGen: 34668K->0K(187392K)] [ParOldGen: 497200K->187716K(524288K)] 531868K->187716K(711680K), [Metaspace: 43452K->43452K(1085440K)], 0.0770543 secs] [Times: user=0.44 sys=0.01, real=0.07 secs] 
2016-09-25T21:38:26.553-0400: 51.918: [GC (GCLocker Initiated GC) [PSYoungGen: 125440K->60624K(190976K)] 318619K->253804K(715264K), 0.0119059 secs] [Times: user=0.14 sys=0.00, real=0.02 secs] 
2016-09-25T21:38:26.685-0400: 52.049: [GC (GCLocker Initiated GC) [PSYoungGen: 186064K->33481K(193024K)] 386123K->253080K(717312K), 0.0207013 secs] [Times: user=0.26 sys=0.00, real=0.02 secs] 
2016-09-25T21:38:26.803-0400: 52.168: [GC (GCLocker Initiated GC) [PSYoungGen: 155337K->32045K(154112K)] 385961K->263206K(678400K), 0.0095160 secs] [Times: user=0.12 sys=0.00, real=0.00 secs] 
2016-09-25T21:38:26.911-0400: 52.276: [GC (GCLocker Initiated GC) [PSYoungGen: 153901K->31800K(190464K)] 393263K->271645K(714752K), 0.0162400 secs] [Times: user=0.15 sys=0.00, real=0.02 secs] 
2016-09-25T21:38:27.026-0400: 52.391: [GC (GCLocker Initiated GC) [PSYoungGen: 154680K->41411K(189440K)] 399988K->287213K(713728K), 0.0184071 secs] [Times: user=0.17 sys=0.01, real=0.02 secs] 
2016-09-25T21:38:27.143-0400: 52.508: [GC (GCLocker Initiated GC) [PSYoungGen: 164291K->56245K(188416K)] 412922K->308088K(712704K), 0.0239412 secs] [Times: user=0.25 sys=0.00, real=0.02 secs] 
2016-09-25T21:38:27.281-0400: 52.646: [GC (GCLocker Initiated GC) [PSYoungGen: 180149K->37159K(192512K)] 438975K->296394K(716800K), 0.0079217 secs] [Times: user=0.07 sys=0.00, real=0.01 secs] 
2016-09-25T21:38:27.390-0400: 52.755: [GC (GCLocker Initiated GC) [PSYoungGen: 161063K->49302K(193536K)] 423018K->311667K(717824K), 0.0051891 secs] [Times: user=0.04 sys=0.00, real=0.01 secs] 
2016-09-25T21:38:27.490-0400: 52.855: [GC (GCLocker Initiated GC) [PSYoungGen: 176790K->27714K(194560K)] 446068K->308126K(718848K), 0.0137360 secs] [Times: user=0.18 sys=0.00, real=0.02 secs] 
2016-09-25T21:38:27.594-0400: 52.959: [GC (GCLocker Initiated GC) [PSYoungGen: 155202K->37223K(190464K)] 443020K->341529K(714752K), 0.0216717 secs] [Times: user=0.18 sys=0.00, real=0.02 secs] 
2016-09-25T21:38:27.715-0400: 53.080: [GC (GCLocker Initiated GC) [PSYoungGen: 165735K->31771K(193024K)] 476794K->375552K(717312K), 0.0088499 secs] [Times: user=0.10 sys=0.00, real=0.01 secs] 
2016-09-25T21:38:27.834-0400: 53.199: [GC (GCLocker Initiated GC) [PSYoungGen: 160283K->45282K(196608K)] 504198K->389516K(720896K), 0.0126813 secs] [Times: user=0.14 sys=0.01, real=0.01 secs] 
2016-09-25T21:38:27.928-0400: 53.293: [GC (GCLocker Initiated GC) [PSYoungGen: 179426K->61554K(196096K)] 526393K->414219K(720384K), 0.0073330 secs] [Times: user=0.10 sys=0.00, real=0.01 secs] 
2016-09-25T21:38:28.038-0400: 53.403: [GC (GCLocker Initiated GC) [PSYoungGen: 195698K->48211K(189952K)] 551104K->412105K(714240K), 0.0137885 secs] [Times: user=0.17 sys=0.00, real=0.01 secs] 
2016-09-25T21:38:28.163-0400: 53.528: [GC (GCLocker Initiated GC) [PSYoungGen: 172115K->30548K(193024K)] 541207K->413615K(717312K), 0.0286212 secs] [Times: user=0.38 sys=0.00, real=0.02 secs] 
2016-09-25T21:38:28.321-0400: 53.685: [GC (GCLocker Initiated GC) [PSYoungGen: 154452K->52170K(190976K)] 537533K->435701K(715264K), 0.0064659 secs] [Times: user=0.08 sys=0.00, real=0.01 secs] 
2016-09-25T21:38:28.424-0400: 53.788: [GC (GCLocker Initiated GC) [PSYoungGen: 175050K->63149K(186368K)] 558679K->457994K(710656K), 0.0104424 secs] [Times: user=0.16 sys=0.00, real=0.01 secs] 
2016-09-25T21:38:28.554-0400: 53.919: [GC (GCLocker Initiated GC) [PSYoungGen: 186029K->57793K(183296K)] 583634K->482914K(707584K), 0.0073161 secs] [Times: user=0.09 sys=0.00, real=0.00 secs] 
2016-09-25T21:38:28.698-0400: 54.063: [GC (GCLocker Initiated GC) [PSYoungGen: 166337K->15605K(124416K)] 603634K->469691K(648704K), 0.0151544 secs] [Times: user=0.18 sys=0.01, real=0.01 secs] 
2016-09-25T21:38:28.839-0400: 54.204: [GC (GCLocker Initiated GC) [PSYoungGen: 124149K->35983K(185856K)] 583794K->496143K(710144K), 0.0143488 secs] [Times: user=0.14 sys=0.00, real=0.01 secs] 
2016-09-25T21:38:28.943-0400: 54.308: [GC (GCLocker Initiated GC) [PSYoungGen: 142991K->34569K(141824K)] 605970K->498047K(666112K), 0.0073714 secs] [Times: user=0.09 sys=0.00, real=0.00 secs] 
2016-09-25T21:38:29.084-0400: 54.449: [GC (GCLocker Initiated GC) [PSYoungGen: 141577K->34602K(183296K)] 611936K->510860K(707584K), 0.0142525 secs] [Times: user=0.13 sys=0.02, real=0.01 secs] 
2016-09-25T21:38:29.195-0400: 54.560: [GC (GCLocker Initiated GC) [PSYoungGen: 143658K->30641K(181248K)] 632265K->530557K(705536K), 0.0107877 secs] [Times: user=0.09 sys=0.01, real=0.01 secs] 
2016-09-25T21:38:29.206-0400: 54.571: [Full GC (Ergonomics) [PSYoungGen: 30641K->0K(181248K)] [ParOldGen: 499915K->200462K(524288K)] 530557K->200462K(705536K), [Metaspace: 43471K->43471K(1085440K)], 0.1037267 secs] [Times: user=0.92 sys=0.02, real=0.10 secs] 
2016-09-25T21:38:29.436-0400: 54.801: [GC (GCLocker Initiated GC) [PSYoungGen: 109056K->47104K(186880K)] 316301K->254350K(711168K), 0.0093959 secs] [Times: user=0.11 sys=0.00, real=0.01 secs] 
2016-09-25T21:38:29.560-0400: 54.925: [GC (GCLocker Initiated GC) [PSYoungGen: 163328K->38908K(186368K)] 375992K->277939K(710656K), 0.0091747 secs] [Times: user=0.13 sys=0.00, real=0.01 secs] 
2016-09-25T21:38:29.674-0400: 55.039: [GC (GCLocker Initiated GC) [PSYoungGen: 155132K->52464K(186880K)] 399593K->297528K(711168K), 0.0054216 secs] [Times: user=0.06 sys=0.00, real=0.01 secs] 
2016-09-25T21:38:29.805-0400: 55.170: [GC (GCLocker Initiated GC) [PSYoungGen: 171760K->26813K(188928K)] 424267K->301692K(713216K), 0.0080246 secs] [Times: user=0.06 sys=0.01, real=0.00 secs] 
2016-09-25T21:38:29.921-0400: 55.286: [GC (GCLocker Initiated GC) [PSYoungGen: 146109K->53792K(188928K)] 421022K->340260K(713216K), 0.0060830 secs] [Times: user=0.06 sys=0.00, real=0.01 secs] 
2016-09-25T21:38:30.051-0400: 55.416: [GC (GCLocker Initiated GC) [PSYoungGen: 173600K->24418K(190976K)] 474932K->342668K(715264K), 0.0182751 secs] [Times: user=0.21 sys=0.00, real=0.02 secs] 
2016-09-25T21:38:30.195-0400: 55.560: [GC (GCLocker Initiated GC) [PSYoungGen: 144226K->40998K(185856K)] 467961K->376705K(710144K), 0.0126284 secs] [Times: user=0.12 sys=0.01, real=0.01 secs] 
2016-09-25T21:38:30.336-0400: 55.701: [GC (GCLocker Initiated GC) [PSYoungGen: 160806K->41981K(188416K)] 501918K->400589K(712704K), 0.0309463 secs] [Times: user=0.35 sys=0.00, real=0.03 secs] 
2016-09-25T21:38:30.485-0400: 55.850: [GC (GCLocker Initiated GC) [PSYoungGen: 161789K->58532K(187392K)] 528588K->426499K(711680K), 0.0081243 secs] [Times: user=0.12 sys=0.01, real=0.00 secs] 
2016-09-25T21:38:30.621-0400: 55.986: [GC (GCLocker Initiated GC) [PSYoungGen: 179364K->62574K(183808K)] 547443K->442741K(708096K), 0.0069516 secs] [Times: user=0.09 sys=0.01, real=0.01 secs] 
2016-09-25T21:38:30.745-0400: 56.110: [GC (GCLocker Initiated GC) [PSYoungGen: 183406K->59717K(181248K)] 563721K->452019K(705536K), 0.0148593 secs] [Times: user=0.21 sys=0.00, real=0.01 secs] 
2016-09-25T21:38:30.856-0400: 56.221: [GC (GCLocker Initiated GC) [PSYoungGen: 165189K->58567K(164352K)] 557561K->452078K(688640K), 0.0195603 secs] [Times: user=0.22 sys=0.00, real=0.02 secs] 
2016-09-25T21:38:31.008-0400: 56.373: [GC (GCLocker Initiated GC) [PSYoungGen: 164039K->40417K(184320K)] 557665K->435161K(708608K), 0.0105110 secs] [Times: user=0.09 sys=0.00, real=0.01 secs] 
2016-09-25T21:38:31.132-0400: 56.497: [GC (GCLocker Initiated GC) [PSYoungGen: 144865K->51495K(156160K)] 542345K->449986K(680448K), 0.0387544 secs] [Times: user=0.42 sys=0.00, real=0.04 secs] 
2016-09-25T21:38:31.266-0400: 56.631: [GC (GCLocker Initiated GC) [PSYoungGen: 155943K->28391K(180224K)] 559979K->444332K(704512K), 0.0079101 secs] [Times: user=0.05 sys=0.00, real=0.01 secs] 
2016-09-25T21:38:31.395-0400: 56.759: [GC (GCLocker Initiated GC) [PSYoungGen: 132327K->21402K(180736K)] 555433K->445611K(705024K), 0.0251802 secs] [Times: user=0.25 sys=0.00, real=0.02 secs] 
2016-09-25T21:38:31.534-0400: 56.899: [GC (GCLocker Initiated GC) [PSYoungGen: 125338K->35097K(181760K)] 553825K->464544K(706048K), 0.0069689 secs] [Times: user=0.05 sys=0.01, real=0.01 secs] 
2016-09-25T21:38:31.642-0400: 57.007: [GC (GCLocker Initiated GC) [PSYoungGen: 143129K->52900K(183296K)] 572657K->491548K(707584K), 0.0160712 secs] [Times: user=0.16 sys=0.00, real=0.01 secs] 
2016-09-25T21:38:31.760-0400: 57.125: [GC (GCLocker Initiated GC) [PSYoungGen: 160932K->33939K(183808K)] 602383K->489890K(708096K), 0.0242696 secs] [Times: user=0.26 sys=0.00, real=0.03 secs] 
2016-09-25T21:38:31.903-0400: 57.268: [GC (GCLocker Initiated GC) [PSYoungGen: 144531K->49053K(184832K)] 607382K->513107K(709120K), 0.0246086 secs] [Times: user=0.28 sys=0.00, real=0.02 secs] 
2016-09-25T21:38:32.046-0400: 57.411: [GC (GCLocker Initiated GC) [PSYoungGen: 159645K->43567K(182272K)] 631870K->519816K(706560K), 0.0295261 secs] [Times: user=0.33 sys=0.00, real=0.03 secs] 
2016-09-25T21:38:32.201-0400: 57.566: [GC (GCLocker Initiated GC) [PSYoungGen: 157743K->24378K(185344K)] 639472K->520764K(709632K), 0.0111207 secs] [Times: user=0.09 sys=0.00, real=0.01 secs] 
2016-09-25T21:38:32.320-0400: 57.685: [GC (GCLocker Initiated GC) [PSYoungGen: 138554K->44709K(187904K)] 635010K->542338K(712192K), 0.0121597 secs] [Times: user=0.12 sys=0.00, real=0.01 secs] 
2016-09-25T21:38:32.446-0400: 57.811: [Full GC (Ergonomics) [PSYoungGen: 164517K->0K(187904K)] [ParOldGen: 502167K->221975K(524288K)] 666685K->221975K(712192K), [Metaspace: 43475K->43475K(1085440K)], 0.0706552 secs] [Times: user=0.37 sys=0.00, real=0.07 secs] 
2016-09-25T21:38:32.628-0400: 57.992: [GC (GCLocker Initiated GC) [PSYoungGen: 119808K->35714K(189440K)] 346037K->261944K(713728K), 0.0197053 secs] [Times: user=0.22 sys=0.00, real=0.02 secs] 
2016-09-25T21:38:32.789-0400: 58.153: [GC (GCLocker Initiated GC) [PSYoungGen: 155522K->47511K(192000K)] 381840K->276887K(716288K), 0.0057364 secs] [Times: user=0.04 sys=0.00, real=0.01 secs] 
2016-09-25T21:38:32.938-0400: 58.302: [GC (GCLocker Initiated GC) [PSYoungGen: 171927K->33097K(192000K)] 418886K->281283K(716288K), 0.0253681 secs] [Times: user=0.29 sys=0.01, real=0.03 secs] 
2016-09-25T21:38:33.125-0400: 58.490: [GC (Allocation Failure) [PSYoungGen: 157513K->32939K(192512K)] 419823K->329200K(716800K), 0.0121032 secs] [Times: user=0.14 sys=0.02, real=0.01 secs] 
2016-09-25T21:38:33.140-0400: 58.505: [GC (GCLocker Initiated GC) [PSYoungGen: 33641K->224K(128512K)] 329902K->335964K(652800K), 0.0098709 secs] [Times: user=0.10 sys=0.00, real=0.01 secs] 
2016-09-25T21:38:33.289-0400: 58.654: [GC (GCLocker Initiated GC) [PSYoungGen: 128143K->54862K(185344K)] 466583K->393318K(709632K), 0.0106651 secs] [Times: user=0.12 sys=0.01, real=0.01 secs] 
2016-09-25T21:38:33.431-0400: 58.796: [GC (GCLocker Initiated GC) [PSYoungGen: 170574K->32942K(188928K)] 524043K->389653K(713216K), 0.0101225 secs] [Times: user=0.09 sys=0.00, real=0.01 secs] 
2016-09-25T21:38:33.599-0400: 58.964: [GC (GCLocker Initiated GC) [PSYoungGen: 148654K->33885K(181760K)] 505394K->391997K(706048K), 0.0050233 secs] [Times: user=0.04 sys=0.00, real=0.01 secs] 
2016-09-25T21:38:33.725-0400: 59.090: [GC (GCLocker Initiated GC) [PSYoungGen: 152157K->40680K(185856K)] 517256K->414933K(710144K), 0.0142505 secs] [Times: user=0.18 sys=0.00, real=0.01 secs] 
2016-09-25T21:38:33.838-0400: 59.203: [GC (GCLocker Initiated GC) [PSYoungGen: 158952K->63545K(182784K)] 533275K->439029K(707072K), 0.0148708 secs] [Times: user=0.16 sys=0.01, real=0.01 secs] 
2016-09-25T21:38:33.986-0400: 59.351: [GC (GCLocker Initiated GC) [PSYoungGen: 180281K->43364K(189440K)] 559996K->434908K(713728K), 0.0096923 secs] [Times: user=0.14 sys=0.00, real=0.01 secs] 
2016-09-25T21:38:34.083-0400: 59.448: [GC (GCLocker Initiated GC) [PSYoungGen: 160100K->42872K(183296K)] 553040K->447606K(707584K), 0.0096777 secs] [Times: user=0.13 sys=0.00, real=0.00 secs] 
2016-09-25T21:38:34.193-0400: 59.558: [GC (GCLocker Initiated GC) [PSYoungGen: 161656K->57862K(187392K)] 569332K->466065K(711680K), 0.0081559 secs] [Times: user=0.08 sys=0.00, real=0.01 secs] 
2016-09-25T21:38:34.299-0400: 59.664: [GC (GCLocker Initiated GC) [PSYoungGen: 176646K->45574K(191488K)] 586298K->455932K(715776K), 0.0086663 secs] [Times: user=0.11 sys=0.00, real=0.01 secs] 
2016-09-25T21:38:34.410-0400: 59.775: [GC (Allocation Failure) [PSYoungGen: 164870K->42996K(162304K)] 587615K->466238K(686592K), 0.0220008 secs] [Times: user=0.28 sys=0.01, real=0.02 secs] 
2016-09-25T21:38:34.435-0400: 59.800: [GC (GCLocker Initiated GC) [PSYoungGen: 43793K->128K(182784K)] 467035K->451007K(707072K), 0.0049208 secs] [Times: user=0.03 sys=0.00, real=0.00 secs] 
2016-09-25T21:38:34.542-0400: 59.907: [GC (GCLocker Initiated GC) [PSYoungGen: 113786K->55058K(169984K)] 567365K->508645K(694272K), 0.0069773 secs] [Times: user=0.10 sys=0.00, real=0.01 secs] 
2016-09-25T21:38:34.654-0400: 60.019: [GC (GCLocker Initiated GC) [PSYoungGen: 169746K->39898K(189952K)] 626214K->496863K(714240K), 0.0091083 secs] [Times: user=0.08 sys=0.01, real=0.02 secs] 
2016-09-25T21:38:34.750-0400: 60.115: [GC (GCLocker Initiated GC) [PSYoungGen: 154586K->45398K(160256K)] 611553K->502841K(684544K), 0.0174117 secs] [Times: user=0.18 sys=0.03, real=0.02 secs] 
2016-09-25T21:38:34.852-0400: 60.217: [GC (GCLocker Initiated GC) [PSYoungGen: 160086K->42700K(187392K)] 622976K->514178K(711680K), 0.0086340 secs] [Times: user=0.09 sys=0.00, real=0.01 secs] 
2016-09-25T21:38:34.964-0400: 60.328: [GC (GCLocker Initiated GC) [PSYoungGen: 159436K->49450K(185344K)] 633654K->534967K(709632K), 0.0119563 secs] [Times: user=0.11 sys=0.01, real=0.01 secs] 
2016-09-25T21:38:35.080-0400: 60.445: [Full GC (Ergonomics) [PSYoungGen: 166186K->0K(185344K)] [ParOldGen: 500519K->243528K(524288K)] 666706K->243528K(709632K), [Metaspace: 43476K->43476K(1085440K)], 0.0814328 secs] [Times: user=0.50 sys=0.01, real=0.08 secs] 
2016-09-25T21:38:35.256-0400: 60.621: [GC (GCLocker Initiated GC) [PSYoungGen: 116736K->46837K(192512K)] 364410K->294512K(716800K), 0.0059079 secs] [Times: user=0.04 sys=0.00, real=0.00 secs] 
2016-09-25T21:38:35.368-0400: 60.733: [GC (GCLocker Initiated GC) [PSYoungGen: 170741K->44366K(192000K)] 418417K->300848K(716288K), 0.0217916 secs] [Times: user=0.32 sys=0.00, real=0.02 secs] 
2016-09-25T21:38:35.501-0400: 60.866: [GC (GCLocker Initiated GC) [PSYoungGen: 168270K->33516K(193024K)] 436958K->302789K(717312K), 0.0067061 secs] [Times: user=0.06 sys=0.00, real=0.01 secs] 
2016-09-25T21:38:35.617-0400: 60.982: [GC (GCLocker Initiated GC) [PSYoungGen: 159980K->49781K(192000K)] 434756K->325201K(716288K), 0.0062574 secs] [Times: user=0.07 sys=0.00, real=0.01 secs] 
2016-09-25T21:38:35.739-0400: 61.104: [GC (GCLocker Initiated GC) [PSYoungGen: 176245K->41602K(193024K)] 457307K->323301K(717312K), 0.0182473 secs] [Times: user=0.18 sys=0.01, real=0.02 secs] 
2016-09-25T21:38:35.876-0400: 61.241: [GC (GCLocker Initiated GC) [PSYoungGen: 172162K->33457K(194560K)] 456631K->318621K(718848K), 0.0108408 secs] [Times: user=0.10 sys=0.01, real=0.01 secs] 
2016-09-25T21:38:36.018-0400: 61.383: [GC (GCLocker Initiated GC) [PSYoungGen: 164017K->29481K(197632K)] 449185K->315419K(721920K), 0.0185229 secs] [Times: user=0.14 sys=0.01, real=0.02 secs] 
2016-09-25T21:38:36.150-0400: 61.515: [GC (GCLocker Initiated GC) [PSYoungGen: 164137K->44567K(198144K)] 454159K->335408K(722432K), 0.0068971 secs] [Times: user=0.06 sys=0.00, real=0.01 secs] 
2016-09-25T21:38:36.285-0400: 61.649: [GC (GCLocker Initiated GC) [PSYoungGen: 179223K->32326K(198144K)] 476861K->336308K(722432K), 0.0059742 secs] [Times: user=0.04 sys=0.00, real=0.00 secs] 
2016-09-25T21:38:36.405-0400: 61.769: [GC (GCLocker Initiated GC) [PSYoungGen: 168518K->37629K(198144K)] 472524K->342591K(722432K), 0.0073961 secs] [Times: user=0.06 sys=0.00, real=0.00 secs] 
2016-09-25T21:38:36.538-0400: 61.903: [GC (GCLocker Initiated GC) [PSYoungGen: 173821K->48687K(196608K)] 481591K->357356K(720896K), 0.0060377 secs] [Times: user=0.06 sys=0.00, real=0.01 secs] 
2016-09-25T21:38:36.674-0400: 62.039: [GC (GCLocker Initiated GC) [PSYoungGen: 185391K->24101K(198144K)] 499606K->339240K(722432K), 0.0051375 secs] [Times: user=0.04 sys=0.00, real=0.00 secs] 
2016-09-25T21:38:36.796-0400: 62.161: [GC (GCLocker Initiated GC) [PSYoungGen: 160805K->54056K(193024K)] 476012K->383738K(717312K), 0.0130629 secs] [Times: user=0.17 sys=0.02, real=0.01 secs] 
2016-09-25T21:38:36.928-0400: 62.293: [GC (GCLocker Initiated GC) [PSYoungGen: 185128K->32489K(196608K)] 522973K->371220K(720896K), 0.0071057 secs] [Times: user=0.07 sys=0.00, real=0.01 secs] 
2016-09-25T21:38:37.049-0400: 62.414: [GC (GCLocker Initiated GC) [PSYoungGen: 163561K->48626K(196608K)] 505114K->391161K(720896K), 0.0058340 secs] [Times: user=0.06 sys=0.00, real=0.01 secs] 
2016-09-25T21:38:37.160-0400: 62.524: [GC (GCLocker Initiated GC) [PSYoungGen: 180722K->26696K(197120K)] 528762K->375584K(721408K), 0.0081092 secs] [Times: user=0.05 sys=0.00, real=0.01 secs] 
2016-09-25T21:38:37.312-0400: 62.677: [GC (GCLocker Initiated GC) [PSYoungGen: 158792K->37624K(193024K)] 511878K->391540K(717312K), 0.0077993 secs] [Times: user=0.07 sys=0.00, real=0.01 secs] 
2016-09-25T21:38:37.452-0400: 62.817: [GC (GCLocker Initiated GC) [PSYoungGen: 169720K->30843K(195072K)] 524436K->402685K(719360K), 0.0090008 secs] [Times: user=0.07 sys=0.01, real=0.01 secs] 
2016-09-25T21:38:37.567-0400: 62.932: [GC (GCLocker Initiated GC) [PSYoungGen: 162939K->40122K(195072K)] 534832K->412807K(719360K), 0.0150125 secs] [Times: user=0.15 sys=0.00, real=0.02 secs] 
2016-09-25T21:38:37.732-0400: 63.097: [GC (GCLocker Initiated GC) [PSYoungGen: 177338K->53754K(197632K)] 550077K->427302K(721920K), 0.0071121 secs] [Times: user=0.06 sys=0.00, real=0.01 secs] 
2016-09-25T21:38:37.897-0400: 63.262: [GC (GCLocker Initiated GC) [PSYoungGen: 190970K->25398K(197632K)] 576674K->411773K(721920K), 0.0058739 secs] [Times: user=0.05 sys=0.00, real=0.01 secs] 
2016-09-25T21:38:38.032-0400: 63.397: [GC (GCLocker Initiated GC) [PSYoungGen: 159542K->34922K(169472K)] 556719K->432830K(693760K), 0.0168673 secs] [Times: user=0.23 sys=0.00, real=0.02 secs] 
2016-09-25T21:38:38.173-0400: 63.538: [GC (GCLocker Initiated GC) [PSYoungGen: 169066K->55048K(192000K)] 572404K->459101K(716288K), 0.0282213 secs] [Times: user=0.33 sys=0.00, real=0.03 secs] 
2016-09-25T21:38:38.337-0400: 63.702: [GC (GCLocker Initiated GC) [PSYoungGen: 185096K->52252K(182784K)] 591878K->470450K(707072K), 0.0078450 secs] [Times: user=0.06 sys=0.00, real=0.01 secs] 
2016-09-25T21:38:38.479-0400: 63.844: [GC (GCLocker Initiated GC) [PSYoungGen: 182300K->30863K(195072K)] 608603K->482122K(719360K), 0.0174324 secs] [Times: user=0.22 sys=0.00, real=0.02 secs] 
2016-09-25T21:38:38.603-0400: 63.968: [GC (GCLocker Initiated GC) [PSYoungGen: 157839K->46858K(174080K)] 609108K->498802K(698368K), 0.0076642 secs] [Times: user=0.06 sys=0.00, real=0.00 secs] 
2016-09-25T21:38:38.721-0400: 64.085: [GC (GCLocker Initiated GC) [PSYoungGen: 173834K->25450K(193536K)] 634165K->486339K(717824K), 0.0162153 secs] [Times: user=0.16 sys=0.01, real=0.02 secs] 
2016-09-25T21:38:38.846-0400: 64.211: [GC (GCLocker Initiated GC) [PSYoungGen: 152426K->49624K(193536K)] 617976K->515852K(717824K), 0.0080740 secs] [Times: user=0.06 sys=0.00, real=0.00 secs] 
2016-09-25T21:38:38.966-0400: 64.331: [GC (GCLocker Initiated GC) [PSYoungGen: 176600K->34840K(193024K)] 649708K->516696K(717312K), 0.0101862 secs] [Times: user=0.13 sys=0.00, real=0.01 secs] 
2016-09-25T21:38:39.087-0400: 64.452: [GC (GCLocker Initiated GC) [PSYoungGen: 162328K->47150K(193536K)] 656564K->542037K(717824K), 0.0059894 secs] [Times: user=0.07 sys=0.00, real=0.00 secs] 
2016-09-25T21:38:39.210-0400: 64.575: [GC (GCLocker Initiated GC) [PSYoungGen: 174638K->40177K(190976K)] 677868K->544074K(715264K), 0.0082236 secs] [Times: user=0.07 sys=0.01, real=0.01 secs] 
2016-09-25T21:38:39.330-0400: 64.695: [GC (GCLocker Initiated GC) [PSYoungGen: 170225K->49659K(193536K)] 674192K->554269K(717824K), 0.0131246 secs] [Times: user=0.13 sys=0.01, real=0.02 secs] 
2016-09-25T21:38:39.457-0400: 64.822: [Full GC (Ergonomics) [PSYoungGen: 179707K->0K(193536K)] [ParOldGen: 511381K->260498K(524288K)] 691088K->260498K(717824K), [Metaspace: 43492K->43492K(1085440K)], 0.0681448 secs] [Times: user=0.42 sys=0.00, real=0.07 secs] 
2016-09-25T21:38:39.645-0400: 65.010: [GC (GCLocker Initiated GC) [PSYoungGen: 130048K->44778K(197632K)] 393275K->308005K(721920K), 0.0099652 secs] [Times: user=0.09 sys=0.01, real=0.01 secs] 
2016-09-25T21:38:39.775-0400: 65.140: [GC (GCLocker Initiated GC) [PSYoungGen: 177898K->36166K(169472K)] 441182K->324816K(693760K), 0.0202662 secs] [Times: user=0.24 sys=0.01, real=0.02 secs] 
2016-09-25T21:38:39.915-0400: 65.280: [GC (GCLocker Initiated GC) [PSYoungGen: 169286K->37486K(197632K)] 458162K->340513K(721920K), 0.0080871 secs] [Times: user=0.05 sys=0.01, real=0.01 secs] 
2016-09-25T21:38:40.068-0400: 65.433: [GC (GCLocker Initiated GC) [PSYoungGen: 172654K->40187K(196096K)] 479746K->374947K(720384K), 0.0107313 secs] [Times: user=0.13 sys=0.00, real=0.01 secs] 
2016-09-25T21:38:40.199-0400: 65.564: [GC (GCLocker Initiated GC) [PSYoungGen: 175355K->13346K(195584K)] 522360K->371748K(719872K), 0.0073055 secs] [Times: user=0.04 sys=0.01, real=0.01 secs] 
2016-09-25T21:38:40.325-0400: 65.690: [GC (GCLocker Initiated GC) [PSYoungGen: 149538K->56417K(193024K)] 510881K->418524K(717312K), 0.0076595 secs] [Times: user=0.11 sys=0.00, real=0.00 secs] 
2016-09-25T21:38:40.449-0400: 65.813: [GC (GCLocker Initiated GC) [PSYoungGen: 192609K->52402K(191488K)] 554810K->415278K(715776K), 0.0133401 secs] [Times: user=0.16 sys=0.00, real=0.01 secs] 
2016-09-25T21:38:40.569-0400: 65.934: [GC (Allocation Failure) [PSYoungGen: 177330K->55169K(180224K)] 542942K->421443K(704512K), 0.0175678 secs] [Times: user=0.27 sys=0.00, real=0.02 secs] 
2016-09-25T21:38:40.587-0400: 65.952: [GC (GCLocker Initiated GC) [PSYoungGen: 56031K->32K(182784K)] 422305K->423810K(707072K), 0.0080878 secs] [Times: user=0.09 sys=0.00, real=0.01 secs] 
2016-09-25T21:38:40.701-0400: 66.066: [GC (GCLocker Initiated GC) [PSYoungGen: 111648K->50087K(161792K)] 535428K->473867K(686080K), 0.0103640 secs] [Times: user=0.12 sys=0.00, real=0.01 secs] 
2016-09-25T21:38:40.806-0400: 66.171: [GC (GCLocker Initiated GC) [PSYoungGen: 161703K->42828K(188416K)] 591125K->473327K(712704K), 0.0113579 secs] [Times: user=0.11 sys=0.00, real=0.01 secs] 
2016-09-25T21:38:40.921-0400: 66.286: [GC (GCLocker Initiated GC) [PSYoungGen: 154956K->48291K(160768K)] 588182K->492959K(685056K), 0.0097597 secs] [Times: user=0.11 sys=0.00, real=0.01 secs] 
2016-09-25T21:38:41.038-0400: 66.403: [GC (GCLocker Initiated GC) [PSYoungGen: 160419K->38617K(187904K)] 607899K->500159K(712192K), 0.0132954 secs] [Times: user=0.15 sys=0.00, real=0.01 secs] 
2016-09-25T21:38:41.148-0400: 66.513: [GC (GCLocker Initiated GC) [PSYoungGen: 153305K->42893K(185344K)] 617784K->507933K(709632K), 0.0175901 secs] [Times: user=0.19 sys=0.00, real=0.02 secs] 
2016-09-25T21:38:41.272-0400: 66.637: [GC (GCLocker Initiated GC) [PSYoungGen: 157581K->42668K(188928K)] 628173K->513821K(713216K), 0.0056454 secs] [Times: user=0.04 sys=0.01, real=0.01 secs] 
2016-09-25T21:38:41.383-0400: 66.748: [GC (GCLocker Initiated GC) [PSYoungGen: 162988K->49740K(186880K)] 642270K->529820K(711168K), 0.0116248 secs] [Times: user=0.17 sys=0.01, real=0.01 secs] 
2016-09-25T21:38:41.499-0400: 66.864: [GC (GCLocker Initiated GC) [PSYoungGen: 170060K->47045K(194560K)] 655681K->533302K(718848K), 0.0119772 secs] [Times: user=0.15 sys=0.00, real=0.01 secs] 
2016-09-25T21:38:41.623-0400: 66.988: [GC (GCLocker Initiated GC) [PSYoungGen: 174533K->44244K(172032K)] 663736K->544908K(696320K), 0.0137787 secs] [Times: user=0.18 sys=0.00, real=0.01 secs] 
2016-09-25T21:38:41.637-0400: 67.002: [Full GC (Ergonomics) [PSYoungGen: 44244K->0K(172032K)] [ParOldGen: 500664K->272985K(524288K)] 544908K->272985K(696320K), [Metaspace: 43535K->43535K(1085440K)], 0.0586869 secs] [Times: user=0.48 sys=0.01, real=0.06 secs] 
2016-09-25T21:38:41.848-0400: 67.213: [GC (GCLocker Initiated GC) [PSYoungGen: 127488K->50123K(193024K)] 403416K->326051K(717312K), 0.0063431 secs] [Times: user=0.08 sys=0.00, real=0.01 secs] 
2016-09-25T21:38:42.003-0400: 67.368: [GC (GCLocker Initiated GC) [PSYoungGen: 178123K->34961K(193536K)] 458555K->316428K(717824K), 0.0084955 secs] [Times: user=0.06 sys=0.00, real=0.00 secs] 
2016-09-25T21:38:42.126-0400: 67.491: [GC (GCLocker Initiated GC) [PSYoungGen: 162961K->48329K(195584K)] 447217K->352183K(719872K), 0.0141051 secs] [Times: user=0.21 sys=0.00, real=0.01 secs] 
2016-09-25T21:38:42.271-0400: 67.636: [GC (GCLocker Initiated GC) [PSYoungGen: 179913K->34999K(196096K)] 489333K->355842K(720384K), 0.0175907 secs] [Times: user=0.24 sys=0.01, real=0.02 secs] 
2016-09-25T21:38:42.428-0400: 67.793: [GC (GCLocker Initiated GC) [PSYoungGen: 166583K->45577K(195584K)] 487432K->367251K(719872K), 0.0203270 secs] [Times: user=0.19 sys=0.00, real=0.02 secs] 
2016-09-25T21:38:42.601-0400: 67.966: [GC (GCLocker Initiated GC) [PSYoungGen: 179209K->37848K(196608K)] 503599K->362953K(720896K), 0.0107362 secs] [Times: user=0.13 sys=0.00, real=0.01 secs] 
2016-09-25T21:38:42.744-0400: 68.109: [GC (GCLocker Initiated GC) [PSYoungGen: 171480K->33730K(198144K)] 503416K->366601K(722432K), 0.0109423 secs] [Times: user=0.06 sys=0.01, real=0.01 secs] 
2016-09-25T21:38:42.886-0400: 68.251: [GC (GCLocker Initiated GC) [PSYoungGen: 170946K->50110K(198656K)] 503923K->384201K(722944K), 0.0147762 secs] [Times: user=0.18 sys=0.00, real=0.01 secs] 
2016-09-25T21:38:43.058-0400: 68.423: [GC (GCLocker Initiated GC) [PSYoungGen: 187326K->48741K(198656K)] 524146K->397375K(722944K), 0.0231843 secs] [Times: user=0.30 sys=0.00, real=0.02 secs] 
2016-09-25T21:38:43.209-0400: 68.574: [GC (GCLocker Initiated GC) [PSYoungGen: 184933K->28441K(164864K)] 541799K->397182K(689152K), 0.0057661 secs] [Times: user=0.03 sys=0.00, real=0.01 secs] 
2016-09-25T21:38:43.336-0400: 68.701: [GC (GCLocker Initiated GC) [PSYoungGen: 164633K->55347K(192512K)] 533613K->425504K(716800K), 0.0062643 secs] [Times: user=0.05 sys=0.00, real=0.01 secs] 
2016-09-25T21:38:43.475-0400: 68.840: [GC (GCLocker Initiated GC) [PSYoungGen: 184371K->35131K(195584K)] 560039K->411778K(719872K), 0.0161724 secs] [Times: user=0.19 sys=0.01, real=0.01 secs] 
2016-09-25T21:38:43.613-0400: 68.978: [GC (GCLocker Initiated GC) [PSYoungGen: 164155K->32304K(192512K)] 548521K->417619K(716800K), 0.0068875 secs] [Times: user=0.05 sys=0.00, real=0.01 secs] 
2016-09-25T21:38:43.735-0400: 69.100: [GC (GCLocker Initiated GC) [PSYoungGen: 162352K->51267K(194560K)] 547710K->437583K(718848K), 0.0109827 secs] [Times: user=0.10 sys=0.00, real=0.01 secs] 
2016-09-25T21:38:43.864-0400: 69.229: [GC (GCLocker Initiated GC) [PSYoungGen: 181315K->45868K(196608K)] 567853K->446871K(720896K), 0.0102141 secs] [Times: user=0.08 sys=0.00, real=0.01 secs] 
2016-09-25T21:38:43.998-0400: 69.362: [GC (Allocation Failure) [PSYoungGen: 176940K->43172K(174592K)] 577983K->445197K(698880K), 0.0221115 secs] [Times: user=0.25 sys=0.01, real=0.02 secs] 
2016-09-25T21:38:44.020-0400: 69.385: [GC (GCLocker Initiated GC) [PSYoungGen: 43832K->32K(188416K)] 445858K->470715K(712704K), 0.0084795 secs] [Times: user=0.11 sys=0.00, real=0.01 secs] 
2016-09-25T21:38:44.145-0400: 69.510: [GC (GCLocker Initiated GC) [PSYoungGen: 124444K->41178K(193536K)] 596478K->513212K(717824K), 0.0122600 secs] [Times: user=0.15 sys=0.00, real=0.01 secs] 
2016-09-25T21:38:44.276-0400: 69.640: [GC (GCLocker Initiated GC) [PSYoungGen: 166106K->37803K(186368K)] 643679K->516908K(710656K), 0.0052997 secs] [Times: user=0.06 sys=0.00, real=0.00 secs] 
2016-09-25T21:38:44.401-0400: 69.766: [GC (GCLocker Initiated GC) [PSYoungGen: 164779K->29628K(190976K)] 646620K->536762K(715264K), 0.0068786 secs] [Times: user=0.06 sys=0.00, real=0.01 secs] 
2016-09-25T21:38:44.408-0400: 69.773: [Full GC (Ergonomics) [PSYoungGen: 29628K->0K(190976K)] [ParOldGen: 507134K->286825K(524288K)] 536762K->286825K(715264K), [Metaspace: 43554K->43554K(1085440K)], 0.0616109 secs] [Times: user=0.36 sys=0.01, real=0.06 secs] 
2016-09-25T21:38:44.592-0400: 69.957: [GC (GCLocker Initiated GC) [PSYoungGen: 126976K->53102K(193024K)] 416553K->342679K(717312K), 0.0136918 secs] [Times: user=0.15 sys=0.00, real=0.02 secs] 
2016-09-25T21:38:44.734-0400: 70.099: [GC (GCLocker Initiated GC) [PSYoungGen: 183150K->24443K(196096K)] 483557K->347844K(720384K), 0.0150927 secs] [Times: user=0.15 sys=0.01, real=0.01 secs] 
2016-09-25T21:38:44.872-0400: 70.237: [GC (GCLocker Initiated GC) [PSYoungGen: 154491K->37813K(189952K)] 480829K->367920K(714240K), 0.0388624 secs] [Times: user=0.44 sys=0.00, real=0.04 secs] 
2016-09-25T21:38:45.037-0400: 70.401: [GC (GCLocker Initiated GC) [PSYoungGen: 167861K->36481K(193024K)] 500704K->370346K(717312K), 0.0099988 secs] [Times: user=0.10 sys=0.01, real=0.01 secs] 
2016-09-25T21:38:45.165-0400: 70.530: [GC (GCLocker Initiated GC) [PSYoungGen: 166529K->42020K(197120K)] 506032K->385188K(721408K), 0.0128442 secs] [Times: user=0.15 sys=0.00, real=0.01 secs] 
2016-09-25T21:38:45.325-0400: 70.690: [GC (GCLocker Initiated GC) [PSYoungGen: 180260K->59659K(198144K)] 523535K->406738K(722432K), 0.0102312 secs] [Times: user=0.14 sys=0.00, real=0.01 secs] 
2016-09-25T21:38:45.463-0400: 70.828: [GC (GCLocker Initiated GC) [PSYoungGen: 197899K->54228K(188928K)] 547708K->407766K(713216K), 0.0103964 secs] [Times: user=0.11 sys=0.00, real=0.00 secs] 
2016-09-25T21:38:45.597-0400: 70.962: [GC (GCLocker Initiated GC) [PSYoungGen: 179156K->44638K(193536K)] 538181K->429069K(717824K), 0.0150253 secs] [Times: user=0.19 sys=0.01, real=0.01 secs] 
2016-09-25T21:38:45.734-0400: 71.099: [GC (GCLocker Initiated GC) [PSYoungGen: 169566K->37793K(188928K)] 555467K->440868K(713216K), 0.0126569 secs] [Times: user=0.11 sys=0.01, real=0.01 secs] 
2016-09-25T21:38:45.873-0400: 71.238: [GC (GCLocker Initiated GC) [PSYoungGen: 164257K->39045K(192000K)] 570273K->446020K(716288K), 0.0058523 secs] [Times: user=0.04 sys=0.00, real=0.01 secs] 
2016-09-25T21:38:45.989-0400: 71.354: [GC (GCLocker Initiated GC) [PSYoungGen: 165509K->58009K(190464K)] 575194K->468643K(714752K), 0.0116630 secs] [Times: user=0.08 sys=0.00, real=0.01 secs] 
2016-09-25T21:38:46.106-0400: 71.471: [GC (GCLocker Initiated GC) [PSYoungGen: 184985K->52689K(179712K)] 595644K->475097K(704000K), 0.0173452 secs] [Times: user=0.18 sys=0.00, real=0.02 secs] 
2016-09-25T21:38:46.253-0400: 71.618: [GC (GCLocker Initiated GC) [PSYoungGen: 179665K->59295K(187392K)] 604857K->488136K(711680K), 0.0239859 secs] [Times: user=0.23 sys=0.00, real=0.03 secs] 
2016-09-25T21:38:46.371-0400: 71.736: [GC (GCLocker Initiated GC) [PSYoungGen: 178079K->45861K(190464K)] 609727K->494642K(714752K), 0.0095534 secs] [Times: user=0.08 sys=0.00, real=0.01 secs] 
2016-09-25T21:38:46.515-0400: 71.880: [GC (GCLocker Initiated GC) [PSYoungGen: 164645K->43122K(185344K)] 613663K->492987K(709632K), 0.0062104 secs] [Times: user=0.04 sys=0.00, real=0.00 secs] 
2016-09-25T21:38:46.633-0400: 71.998: [GC (GCLocker Initiated GC) [PSYoungGen: 163954K->41719K(188416K)] 616603K->495296K(712704K), 0.0124441 secs] [Times: user=0.15 sys=0.00, real=0.02 secs] 
2016-09-25T21:38:46.758-0400: 72.123: [GC (GCLocker Initiated GC) [PSYoungGen: 162551K->47087K(189952K)] 618849K->504164K(714240K), 0.0114340 secs] [Times: user=0.08 sys=0.00, real=0.01 secs] 
2016-09-25T21:38:46.909-0400: 72.274: [GC (GCLocker Initiated GC) [PSYoungGen: 175599K->25422K(193024K)] 632813K->502380K(717312K), 0.0264908 secs] [Times: user=0.25 sys=0.00, real=0.03 secs] 
2016-09-25T21:38:47.079-0400: 72.444: [GC (GCLocker Initiated GC) [PSYoungGen: 153934K->41654K(195072K)] 631124K->525070K(719360K), 0.0137683 secs] [Times: user=0.13 sys=0.00, real=0.01 secs] 
2016-09-25T21:38:47.243-0400: 72.608: [GC (GCLocker Initiated GC) [PSYoungGen: 173238K->30920K(195584K)] 659356K->517888K(719872K), 0.0213975 secs] [Times: user=0.19 sys=0.01, real=0.02 secs] 
2016-09-25T21:38:47.389-0400: 72.754: [Full GC (Ergonomics) [PSYoungGen: 162504K->0K(195584K)] [ParOldGen: 502040K->310761K(524288K)] 664545K->310761K(719872K), [Metaspace: 43554K->43554K(1085440K)], 0.0804566 secs] [Times: user=0.46 sys=0.02, real=0.08 secs] 
2016-09-25T21:38:47.581-0400: 72.946: [GC (GCLocker Initiated GC) [PSYoungGen: 131584K->51640K(195072K)] 453202K->373258K(719360K), 0.0071455 secs] [Times: user=0.09 sys=0.00, real=0.01 secs] 
2016-09-25T21:38:47.702-0400: 73.067: [GC (GCLocker Initiated GC) [PSYoungGen: 182712K->41848K(173056K)] 504361K->365926K(697344K), 0.0115333 secs] [Times: user=0.09 sys=0.00, real=0.01 secs] 
2016-09-25T21:38:47.844-0400: 73.209: [GC (GCLocker Initiated GC) [PSYoungGen: 172920K->63412K(187392K)] 499729K->391097K(711680K), 0.0085453 secs] [Times: user=0.10 sys=0.00, real=0.00 secs] 
2016-09-25T21:38:47.968-0400: 73.333: [GC (GCLocker Initiated GC) [PSYoungGen: 187316K->18568K(142848K)] 523786K->369338K(667136K), 0.0080289 secs] [Times: user=0.07 sys=0.00, real=0.01 secs] 
2016-09-25T21:38:48.089-0400: 73.454: [GC (GCLocker Initiated GC) [PSYoungGen: 142472K->53872K(187904K)] 497321K->431123K(712192K), 0.0095935 secs] [Times: user=0.15 sys=0.00, real=0.01 secs] 
2016-09-25T21:38:48.202-0400: 73.567: [GC (GCLocker Initiated GC) [PSYoungGen: 170608K->52429K(169472K)] 547872K->438479K(693760K), 0.0085695 secs] [Times: user=0.06 sys=0.02, real=0.01 secs] 
2016-09-25T21:38:48.326-0400: 73.691: [GC (GCLocker Initiated GC) [PSYoungGen: 169165K->43004K(192000K)] 558145K->440758K(716288K), 0.0402572 secs] [Times: user=0.40 sys=0.01, real=0.04 secs] 
2016-09-25T21:38:48.459-0400: 73.824: [GC (GCLocker Initiated GC) [PSYoungGen: 161788K->37332K(156160K)] 562271K->438553K(680448K), 0.0076205 secs] [Times: user=0.04 sys=0.00, real=0.01 secs] 
2016-09-25T21:38:48.564-0400: 73.929: [GC (GCLocker Initiated GC) [PSYoungGen: 156116K->42915K(190464K)] 557495K->450296K(714752K), 0.0332749 secs] [Times: user=0.41 sys=0.00, real=0.03 secs] 
2016-09-25T21:38:48.710-0400: 74.075: [GC (GCLocker Initiated GC) [PSYoungGen: 164259K->30807K(187904K)] 579759K->460363K(712192K), 0.0098057 secs] [Times: user=0.12 sys=0.00, real=0.01 secs] 
2016-09-25T21:38:48.826-0400: 74.191: [GC (GCLocker Initiated GC) [PSYoungGen: 152151K->49623K(193024K)] 588502K->486594K(717312K), 0.0077636 secs] [Times: user=0.10 sys=0.00, real=0.00 secs] 
2016-09-25T21:38:48.942-0400: 74.307: [GC (GCLocker Initiated GC) [PSYoungGen: 176087K->57852K(184320K)] 615970K->498286K(708608K), 0.0254305 secs] [Times: user=0.33 sys=0.01, real=0.02 secs] 
2016-09-25T21:38:49.077-0400: 74.442: [GC (GCLocker Initiated GC) [PSYoungGen: 184316K->59175K(186368K)] 624784K->513759K(710656K), 0.0087238 secs] [Times: user=0.11 sys=0.00, real=0.01 secs] 
2016-09-25T21:38:49.176-0400: 74.541: [GC (GCLocker Initiated GC) [PSYoungGen: 175911K->46992K(189440K)] 630527K->526537K(713728K), 0.0089689 secs] [Times: user=0.12 sys=0.00, real=0.01 secs] 
2016-09-25T21:38:49.281-0400: 74.646: [GC (GCLocker Initiated GC) [PSYoungGen: 163728K->30569K(188416K)] 648922K->537944K(712704K), 0.0165019 secs] [Times: user=0.15 sys=0.01, real=0.02 secs] 
2016-09-25T21:38:49.298-0400: 74.663: [Full GC (Ergonomics) [PSYoungGen: 30569K->0K(188416K)] [ParOldGen: 507374K->314648K(524288K)] 537944K->314648K(712704K), [Metaspace: 43557K->43557K(1085440K)], 0.0710986 secs] [Times: user=0.44 sys=0.01, real=0.07 secs] 
2016-09-25T21:38:49.466-0400: 74.831: [GC (GCLocker Initiated GC) [PSYoungGen: 118784K->55189K(189440K)] 436147K->372552K(713728K), 0.0138499 secs] [Times: user=0.16 sys=0.00, real=0.01 secs] 
2016-09-25T21:38:49.584-0400: 74.949: [GC (GCLocker Initiated GC) [PSYoungGen: 173973K->38733K(189952K)] 494089K->378474K(714240K), 0.0117477 secs] [Times: user=0.15 sys=0.00, real=0.01 secs] 
2016-09-25T21:38:49.698-0400: 75.063: [GC (GCLocker Initiated GC) [PSYoungGen: 158029K->42941K(162304K)] 497895K->394164K(686592K), 0.0254733 secs] [Times: user=0.30 sys=0.00, real=0.03 secs] 
2016-09-25T21:38:49.833-0400: 75.198: [GC (GCLocker Initiated GC) [PSYoungGen: 162237K->34681K(190464K)] 520265K->393304K(714752K), 0.0121504 secs] [Times: user=0.14 sys=0.00, real=0.02 secs] 
2016-09-25T21:38:49.950-0400: 75.315: [GC (GCLocker Initiated GC) [PSYoungGen: 156537K->41627K(189440K)] 520607K->425200K(713728K), 0.0105944 secs] [Times: user=0.13 sys=0.00, real=0.01 secs] 
2016-09-25T21:38:50.064-0400: 75.429: [GC (GCLocker Initiated GC) [PSYoungGen: 163483K->34783K(192000K)] 550804K->428096K(716288K), 0.0225534 secs] [Times: user=0.26 sys=0.00, real=0.02 secs] 
2016-09-25T21:38:50.190-0400: 75.555: [GC (GCLocker Initiated GC) [PSYoungGen: 161247K->44262K(191488K)] 557303K->454460K(715776K), 0.0098866 secs] [Times: user=0.13 sys=0.00, real=0.01 secs] 
2016-09-25T21:38:50.325-0400: 75.690: [GC (GCLocker Initiated GC) [PSYoungGen: 170726K->30818K(195072K)] 595933K->464755K(719360K), 0.0083087 secs] [Times: user=0.08 sys=0.00, real=0.00 secs] 
2016-09-25T21:38:50.457-0400: 75.822: [GC (GCLocker Initiated GC) [PSYoungGen: 162402K->18667K(195072K)] 616805K->473700K(719360K), 0.0138496 secs] [Times: user=0.12 sys=0.01, real=0.01 secs] 
2016-09-25T21:38:50.588-0400: 75.953: [GC (GCLocker Initiated GC) [PSYoungGen: 150251K->50885K(193024K)] 607987K->509307K(717312K), 0.0265788 secs] [Times: user=0.25 sys=0.00, real=0.03 secs] 
2016-09-25T21:38:50.734-0400: 76.099: [GC (GCLocker Initiated GC) [PSYoungGen: 178885K->37503K(165888K)] 640797K->499982K(690176K), 0.0169777 secs] [Times: user=0.16 sys=0.01, real=0.01 secs] 
2016-09-25T21:38:50.870-0400: 76.235: [GC (GCLocker Initiated GC) [PSYoungGen: 165503K->21430K(193536K)] 641619K->514496K(717824K), 0.0197187 secs] [Times: user=0.23 sys=0.00, real=0.02 secs] 
2016-09-25T21:38:51.027-0400: 76.392: [Full GC (Ergonomics) [PSYoungGen: 150454K->0K(193536K)] [ParOldGen: 495767K->324657K(524288K)] 646222K->324657K(717824K), [Metaspace: 43558K->43558K(1085440K)], 0.0636032 secs] [Times: user=0.36 sys=0.01, real=0.06 secs] 
2016-09-25T21:38:51.235-0400: 76.600: [GC (GCLocker Initiated GC) [PSYoungGen: 129024K->63731K(193024K)] 459115K->399223K(717312K), 0.0126505 secs] [Times: user=0.15 sys=0.00, real=0.01 secs] 
2016-09-25T21:38:51.391-0400: 76.755: [GC (GCLocker Initiated GC) [PSYoungGen: 192755K->42837K(192000K)] 528320K->382173K(716288K), 0.0283866 secs] [Times: user=0.32 sys=0.00, real=0.03 secs] 
2016-09-25T21:38:51.534-0400: 76.899: [GC (GCLocker Initiated GC) [PSYoungGen: 165717K->33568K(156672K)] 509139K->388521K(680960K), 0.0115877 secs] [Times: user=0.08 sys=0.01, real=0.01 secs] 
2016-09-25T21:38:51.655-0400: 77.020: [GC (GCLocker Initiated GC) [PSYoungGen: 156448K->58146K(185856K)] 516804K->419414K(710144K), 0.0071003 secs] [Times: user=0.09 sys=0.00, real=0.01 secs] 
2016-09-25T21:38:51.805-0400: 77.170: [GC (GCLocker Initiated GC) [PSYoungGen: 175906K->41940K(189952K)] 544272K->411288K(714240K), 0.0070595 secs] [Times: user=0.05 sys=0.01, real=0.00 secs] 
2016-09-25T21:38:51.937-0400: 77.301: [GC (GCLocker Initiated GC) [PSYoungGen: 159700K->39122K(184832K)] 533131K->413601K(709120K), 0.0105027 secs] [Times: user=0.08 sys=0.00, real=0.01 secs] 
2016-09-25T21:38:52.056-0400: 77.421: [GC (Allocation Failure) [PSYoungGen: 159954K->37893K(187904K)] 537187K->418772K(712192K), 0.0108529 secs] [Times: user=0.12 sys=0.02, real=0.01 secs] 
2016-09-25T21:38:52.215-0400: 77.579: [GC (GCLocker Initiated GC) [PSYoungGen: 156144K->32496K(193024K)] 539723K->417134K(717312K), 0.0266664 secs] [Times: user=0.32 sys=0.02, real=0.02 secs] 
2016-09-25T21:38:52.353-0400: 77.718: [GC (GCLocker Initiated GC) [PSYoungGen: 162544K->33951K(194560K)] 552923K->425359K(718848K), 0.0127388 secs] [Times: user=0.15 sys=0.00, real=0.02 secs] 
2016-09-25T21:38:52.463-0400: 77.827: [GC (GCLocker Initiated GC) [PSYoungGen: 163999K->42273K(194560K)] 558183K->437688K(718848K), 0.0204251 secs] [Times: user=0.22 sys=0.00, real=0.02 secs] 
2016-09-25T21:38:52.588-0400: 77.953: [GC (GCLocker Initiated GC) [PSYoungGen: 176929K->31811K(196096K)] 577844K->434155K(720384K), 0.0116493 secs] [Times: user=0.14 sys=0.00, real=0.01 secs] 
2016-09-25T21:38:52.709-0400: 78.073: [GC (GCLocker Initiated GC) [PSYoungGen: 166467K->57535K(192000K)] 568925K->461664K(716288K), 0.0238211 secs] [Times: user=0.33 sys=0.00, real=0.02 secs] 
2016-09-25T21:38:52.842-0400: 78.206: [GC (GCLocker Initiated GC) [PSYoungGen: 188607K->48146K(196608K)] 595682K->465018K(720896K), 0.0067124 secs] [Times: user=0.07 sys=0.00, real=0.01 secs] 
2016-09-25T21:38:52.962-0400: 78.327: [GC (GCLocker Initiated GC) [PSYoungGen: 179218K->49345K(195584K)] 601633K->473486K(719872K), 0.0068184 secs] [Times: user=0.07 sys=0.00, real=0.00 secs] 
2016-09-25T21:38:53.067-0400: 78.432: [GC (GCLocker Initiated GC) [PSYoungGen: 179393K->52078K(182272K)] 607698K->482086K(706560K), 0.0072366 secs] [Times: user=0.08 sys=0.00, real=0.01 secs] 
2016-09-25T21:38:53.184-0400: 78.549: [GC (GCLocker Initiated GC) [PSYoungGen: 182126K->42525K(197120K)] 621702K->483701K(721408K), 0.0100579 secs] [Times: user=0.08 sys=0.00, real=0.00 secs] 
2016-09-25T21:38:53.307-0400: 78.672: [GC (GCLocker Initiated GC) [PSYoungGen: 172061K->19421K(194560K)] 620408K->482957K(718848K), 0.0064573 secs] [Times: user=0.04 sys=0.00, real=0.00 secs] 
2016-09-25T21:38:53.424-0400: 78.789: [GC (GCLocker Initiated GC) [PSYoungGen: 148957K->41404K(194048K)] 618111K->512261K(718336K), 0.0084607 secs] [Times: user=0.08 sys=0.00, real=0.00 secs] 
2016-09-25T21:38:53.548-0400: 78.913: [GC (GCLocker Initiated GC) [PSYoungGen: 171452K->51886K(194560K)] 645054K->527125K(718848K), 0.0249060 secs] [Times: user=0.26 sys=0.01, real=0.02 secs] 
2016-09-25T21:38:53.672-0400: 79.037: [GC (GCLocker Initiated GC) [PSYoungGen: 181934K->30250K(196096K)] 661248K->527396K(720384K), 0.0187514 secs] [Times: user=0.22 sys=0.00, real=0.02 secs] 
2016-09-25T21:38:53.806-0400: 79.171: [GC (GCLocker Initiated GC) [PSYoungGen: 159786K->23460K(195584K)] 662383K->541050K(719872K), 0.0090456 secs] [Times: user=0.09 sys=0.00, real=0.01 secs] 
2016-09-25T21:38:53.815-0400: 79.180: [Full GC (Ergonomics) [PSYoungGen: 23460K->0K(195584K)] [ParOldGen: 517589K->349310K(524288K)] 541050K->349310K(719872K), [Metaspace: 43626K->43626K(1085440K)], 0.0612740 secs] [Times: user=0.42 sys=0.00, real=0.06 secs] 
2016-09-25T21:38:53.969-0400: 79.334: [GC (GCLocker Initiated GC) [PSYoungGen: 129536K->39800K(191488K)] 482910K->393175K(715776K), 0.0137648 secs] [Times: user=0.15 sys=0.00, real=0.02 secs] 
2016-09-25T21:38:54.088-0400: 79.453: [GC (GCLocker Initiated GC) [PSYoungGen: 169336K->42406K(193536K)] 525415K->408274K(717824K), 0.0082365 secs] [Times: user=0.09 sys=0.00, real=0.01 secs] 
2016-09-25T21:38:54.205-0400: 79.570: [GC (GCLocker Initiated GC) [PSYoungGen: 171942K->26137K(197632K)] 545996K->401665K(721920K), 0.0056265 secs] [Times: user=0.04 sys=0.00, real=0.00 secs] 
2016-09-25T21:38:54.307-0400: 79.672: [GC (GCLocker Initiated GC) [PSYoungGen: 161817K->41956K(198144K)] 540074K->424398K(722432K), 0.0054851 secs] [Times: user=0.05 sys=0.00, real=0.00 secs] 
2016-09-25T21:38:54.404-0400: 79.769: [GC (GCLocker Initiated GC) [PSYoungGen: 177636K->22988K(198656K)] 562851K->430915K(722944K), 0.0075867 secs] [Times: user=0.06 sys=0.00, real=0.00 secs] 
2016-09-25T21:38:54.508-0400: 79.873: [GC (GCLocker Initiated GC) [PSYoungGen: 160204K->49950K(187392K)] 568264K->459054K(711680K), 0.0155319 secs] [Times: user=0.15 sys=0.00, real=0.02 secs] 
2016-09-25T21:38:54.625-0400: 79.990: [GC (GCLocker Initiated GC) [PSYoungGen: 187166K->44750K(198144K)] 601674K->460255K(722432K), 0.0059839 secs] [Times: user=0.06 sys=0.00, real=0.00 secs] 
2016-09-25T21:38:54.730-0400: 80.095: [GC (GCLocker Initiated GC) [PSYoungGen: 178382K->28360K(162304K)] 599422K->450526K(686592K), 0.0050953 secs] [Times: user=0.04 sys=0.00, real=0.01 secs] 
2016-09-25T21:38:54.834-0400: 80.199: [GC (GCLocker Initiated GC) [PSYoungGen: 161992K->41989K(198144K)] 592277K->473414K(722432K), 0.0050590 secs] [Times: user=0.03 sys=0.01, real=0.01 secs] 
2016-09-25T21:38:54.935-0400: 80.299: [GC (GCLocker Initiated GC) [PSYoungGen: 176645K->28462K(197120K)] 613637K->482750K(721408K), 0.0064249 secs] [Times: user=0.05 sys=0.00, real=0.00 secs] 
2016-09-25T21:38:55.039-0400: 80.404: [GC (GCLocker Initiated GC) [PSYoungGen: 163118K->41965K(198656K)] 621613K->501482K(722944K), 0.0112147 secs] [Times: user=0.14 sys=0.00, real=0.01 secs] 
2016-09-25T21:38:55.159-0400: 80.524: [GC (GCLocker Initiated GC) [PSYoungGen: 179181K->51714K(198144K)] 644149K->517731K(722432K), 0.0072234 secs] [Times: user=0.09 sys=0.00, real=0.01 secs] 
2016-09-25T21:38:55.273-0400: 80.638: [GC (GCLocker Initiated GC) [PSYoungGen: 188930K->53034K(193024K)] 660399K->525663K(717312K), 0.0063696 secs] [Times: user=0.08 sys=0.01, real=0.01 secs] 
2016-09-25T21:38:55.375-0400: 80.739: [GC (GCLocker Initiated GC) [PSYoungGen: 182058K->55601K(184832K)] 657420K->532145K(709120K), 0.0094726 secs] [Times: user=0.14 sys=0.00, real=0.01 secs] 
2016-09-25T21:38:55.476-0400: 80.841: [GC (GCLocker Initiated GC) [PSYoungGen: 184625K->55475K(188416K)] 663923K->535790K(712704K), 0.0068818 secs] [Times: user=0.09 sys=0.01, real=0.01 secs] 
2016-09-25T21:38:55.580-0400: 80.945: [GC (GCLocker Initiated GC) [PSYoungGen: 174259K->58022K(177152K)] 654685K->539459K(701440K), 0.0058971 secs] [Times: user=0.05 sys=0.00, real=0.01 secs] 
2016-09-25T21:38:55.681-0400: 81.046: [GC (GCLocker Initiated GC) [PSYoungGen: 176806K->31211K(188416K)] 663650K->532549K(712704K), 0.0059140 secs] [Times: user=0.06 sys=0.00, real=0.01 secs] 
2016-09-25T21:38:55.763-0400: 81.128: [GC (GCLocker Initiated GC) [PSYoungGen: 145387K->55325K(169984K)] 646757K->557711K(694272K), 0.0096319 secs] [Times: user=0.13 sys=0.00, real=0.00 secs] 
2016-09-25T21:38:55.863-0400: 81.228: [Full GC (Ergonomics) [PSYoungGen: 169501K->0K(169984K)] [ParOldGen: 510557K->377331K(524288K)] 680059K->377331K(694272K), [Metaspace: 43709K->43709K(1087488K)], 0.0800146 secs] [Times: user=0.70 sys=0.03, real=0.08 secs] 
2016-09-25T21:38:56.032-0400: 81.397: [GC (GCLocker Initiated GC) [PSYoungGen: 114176K->51442K(187392K)] 494260K->431526K(711680K), 0.0072920 secs] [Times: user=0.10 sys=0.00, real=0.01 secs] 
2016-09-25T21:38:56.114-0400: 81.479: [GC (GCLocker Initiated GC) [PSYoungGen: 163570K->44437K(156672K)] 549074K->430985K(680960K), 0.0056203 secs] [Times: user=0.05 sys=0.01, real=0.01 secs] 
2016-09-25T21:38:56.222-0400: 81.587: [GC (GCLocker Initiated GC) [PSYoungGen: 156565K->29522K(183808K)] 548528K->422274K(708096K), 0.0053178 secs] [Times: user=0.06 sys=0.00, real=0.01 secs] 
2016-09-25T21:38:56.300-0400: 81.665: [GC (GCLocker Initiated GC) [PSYoungGen: 141650K->45726K(183808K)] 534441K->439289K(708096K), 0.0067274 secs] [Times: user=0.06 sys=0.00, real=0.01 secs] 
2016-09-25T21:38:56.387-0400: 81.752: [GC (GCLocker Initiated GC) [PSYoungGen: 157854K->40386K(188928K)] 555501K->438777K(713216K), 0.0064650 secs] [Times: user=0.07 sys=0.00, real=0.00 secs] 
2016-09-25T21:38:56.486-0400: 81.851: [GC (GCLocker Initiated GC) [PSYoungGen: 160706K->56659K(188416K)] 564534K->461275K(712704K), 0.0060787 secs] [Times: user=0.09 sys=0.00, real=0.00 secs] 
2016-09-25T21:38:56.585-0400: 81.950: [GC (GCLocker Initiated GC) [PSYoungGen: 176979K->36371K(193024K)] 587235K->466356K(717312K), 0.0061133 secs] [Times: user=0.08 sys=0.00, real=0.00 secs] 
2016-09-25T21:38:56.677-0400: 82.042: [GC (GCLocker Initiated GC) [PSYoungGen: 159251K->44474K(167424K)] 591966K->477972K(691712K), 0.0067664 secs] [Times: user=0.06 sys=0.00, real=0.01 secs] 
2016-09-25T21:38:56.784-0400: 82.149: [GC (Allocation Failure) [PSYoungGen: 167354K->34834K(190976K)] 606355K->496285K(715264K), 0.0065451 secs] [Times: user=0.06 sys=0.00, real=0.00 secs] 
2016-09-25T21:38:56.886-0400: 82.251: [GC (GCLocker Initiated GC) [PSYoungGen: 158677K->41701K(189952K)] 622828K->522816K(714240K), 0.0078272 secs] [Times: user=0.08 sys=0.00, real=0.00 secs] 
2016-09-25T21:38:56.984-0400: 82.349: [GC (GCLocker Initiated GC) [PSYoungGen: 165605K->36432K(194048K)] 653600K->525308K(718336K), 0.0054689 secs] [Times: user=0.05 sys=0.00, real=0.00 secs] 
2016-09-25T21:38:57.086-0400: 82.451: [GC (GCLocker Initiated GC) [PSYoungGen: 166480K->35083K(193024K)] 658119K->527743K(717312K), 0.0063305 secs] [Times: user=0.06 sys=0.00, real=0.00 secs] 
2016-09-25T21:38:57.187-0400: 82.552: [GC (GCLocker Initiated GC) [PSYoungGen: 165131K->46107K(198144K)] 663399K->569712K(722432K), 0.0279856 secs] [Times: user=0.33 sys=0.01, real=0.03 secs] 
2016-09-25T21:38:57.215-0400: 82.580: [Full GC (Ergonomics) [PSYoungGen: 46107K->0K(198144K)] [ParOldGen: 523605K->384772K(524288K)] 569712K->384772K(722432K), [Metaspace: 43764K->43764K(1087488K)], 0.0551608 secs] [Times: user=0.32 sys=0.01, real=0.05 secs] 
2016-09-25T21:38:57.368-0400: 82.733: [GC (GCLocker Initiated GC) [PSYoungGen: 135680K->54347K(197632K)] 520526K->439193K(721920K), 0.0132677 secs] [Times: user=0.16 sys=0.00, real=0.01 secs] 
2016-09-25T21:38:57.484-0400: 82.849: [GC (GCLocker Initiated GC) [PSYoungGen: 190027K->43454K(198144K)] 580326K->455309K(722432K), 0.0071672 secs] [Times: user=0.08 sys=0.00, real=0.00 secs] 
2016-09-25T21:38:57.602-0400: 82.967: [GC (GCLocker Initiated GC) [PSYoungGen: 178622K->27059K(197632K)] 593283K->456360K(721920K), 0.0055867 secs] [Times: user=0.05 sys=0.00, real=0.01 secs] 
2016-09-25T21:38:57.699-0400: 83.064: [GC (GCLocker Initiated GC) [PSYoungGen: 162227K->31159K(199168K)] 594232K->464244K(723456K), 0.0071853 secs] [Times: user=0.06 sys=0.00, real=0.01 secs] 
2016-09-25T21:38:57.811-0400: 83.176: [GC (GCLocker Initiated GC) [PSYoungGen: 166839K->35359K(171520K)] 603967K->473507K(695808K), 0.0206466 secs] [Times: user=0.22 sys=0.00, real=0.02 secs] 
2016-09-25T21:38:57.931-0400: 83.296: [GC (GCLocker Initiated GC) [PSYoungGen: 171039K->40586K(199680K)] 614730K->485391K(723968K), 0.0108027 secs] [Times: user=0.07 sys=0.00, real=0.01 secs] 
2016-09-25T21:38:58.047-0400: 83.412: [GC (GCLocker Initiated GC) [PSYoungGen: 178314K->32507K(197632K)] 625835K->481105K(721920K), 0.0096640 secs] [Times: user=0.08 sys=0.00, real=0.01 secs] 
2016-09-25T21:38:58.163-0400: 83.527: [GC (GCLocker Initiated GC) [PSYoungGen: 170235K->32449K(199680K)] 623441K->486784K(723968K), 0.0113037 secs] [Times: user=0.11 sys=0.00, real=0.00 secs] 
2016-09-25T21:38:58.268-0400: 83.633: [GC (GCLocker Initiated GC) [PSYoungGen: 173249K->47273K(199168K)] 630288K->505439K(723456K), 0.0236842 secs] [Times: user=0.21 sys=0.01, real=0.02 secs] 
2016-09-25T21:38:58.392-0400: 83.757: [GC (GCLocker Initiated GC) [PSYoungGen: 188073K->33680K(202752K)] 646264K->494234K(727040K), 0.0061075 secs] [Times: user=0.06 sys=0.00, real=0.01 secs] 
2016-09-25T21:38:58.513-0400: 83.878: [GC (GCLocker Initiated GC) [PSYoungGen: 178064K->26097K(202752K)] 652241K->520214K(727040K), 0.0055572 secs] [Times: user=0.07 sys=0.00, real=0.01 secs] 
2016-09-25T21:38:58.654-0400: 84.019: [Full GC (Ergonomics) [PSYoungGen: 170481K->0K(202752K)] [ParOldGen: 511743K->361323K(524288K)] 682225K->361323K(727040K), [Metaspace: 43764K->43764K(1087488K)], 0.1888917 secs] [Times: user=2.29 sys=0.02, real=0.19 secs] 
2016-09-25T21:38:58.959-0400: 84.324: [GC (GCLocker Initiated GC) [PSYoungGen: 144384K->49094K(199168K)] 506656K->411367K(723456K), 0.0071276 secs] [Times: user=0.10 sys=0.00, real=0.01 secs] 
2016-09-25T21:38:59.063-0400: 84.428: [GC (GCLocker Initiated GC) [PSYoungGen: 189382K->37912K(201216K)] 554020K->403930K(725504K), 0.0060101 secs] [Times: user=0.06 sys=0.00, real=0.00 secs] 
2016-09-25T21:38:59.166-0400: 84.531: [GC (GCLocker Initiated GC) [PSYoungGen: 178200K->33742K(199168K)] 546920K->417025K(723456K), 0.0135897 secs] [Times: user=0.12 sys=0.01, real=0.01 secs] 
2016-09-25T21:38:59.283-0400: 84.648: [GC (GCLocker Initiated GC) [PSYoungGen: 176078K->48900K(200192K)] 559427K->433272K(724480K), 0.0098580 secs] [Times: user=0.11 sys=0.00, real=0.00 secs] 
2016-09-25T21:38:59.410-0400: 84.775: [GC (GCLocker Initiated GC) [PSYoungGen: 191236K->39511K(202240K)] 589174K->457503K(726528K), 0.0083264 secs] [Times: user=0.09 sys=0.00, real=0.01 secs] 
2016-09-25T21:38:59.516-0400: 84.881: [GC (GCLocker Initiated GC) [PSYoungGen: 183895K->50312K(202240K)] 602022K->485853K(726528K), 0.0078017 secs] [Times: user=0.10 sys=0.00, real=0.01 secs] 
2016-09-25T21:38:59.633-0400: 84.998: [GC (GCLocker Initiated GC) [PSYoungGen: 194696K->40814K(202752K)] 630616K->483224K(727040K), 0.0149620 secs] [Times: user=0.18 sys=0.01, real=0.02 secs] 
2016-09-25T21:38:59.742-0400: 85.107: [GC (GCLocker Initiated GC) [PSYoungGen: 184686K->30982K(202240K)] 629898K->477307K(726528K), 0.0098152 secs] [Times: user=0.07 sys=0.00, real=0.01 secs] 
2016-09-25T21:38:59.851-0400: 85.216: [GC (GCLocker Initiated GC) [PSYoungGen: 174854K->39288K(200192K)] 629297K->494805K(724480K), 0.0055562 secs] [Times: user=0.05 sys=0.00, real=0.01 secs] 
2016-09-25T21:38:59.972-0400: 85.337: [GC (GCLocker Initiated GC) [PSYoungGen: 184696K->44910K(201728K)] 651039K->512389K(726016K), 0.0055746 secs] [Times: user=0.06 sys=0.00, real=0.01 secs] 
2016-09-25T21:39:00.085-0400: 85.450: [GC (GCLocker Initiated GC) [PSYoungGen: 190318K->50014K(201216K)] 657830K->532242K(725504K), 0.0068551 secs] [Times: user=0.08 sys=0.01, real=0.00 secs] 
2016-09-25T21:39:00.190-0400: 85.555: [GC (GCLocker Initiated GC) [PSYoungGen: 194398K->36612K(203264K)] 680689K->542777K(727552K), 0.0070303 secs] [Times: user=0.10 sys=0.00, real=0.01 secs] 
2016-09-25T21:39:00.198-0400: 85.563: [Full GC (Ergonomics) [PSYoungGen: 36612K->0K(203264K)] [ParOldGen: 506164K->368377K(524288K)] 542777K->368377K(727552K), [Metaspace: 43770K->43770K(1087488K)], 0.0566274 secs] [Times: user=0.39 sys=0.00, real=0.06 secs] 
2016-09-25T21:39:00.356-0400: 85.721: [GC (GCLocker Initiated GC) [PSYoungGen: 144384K->46467K(203264K)] 514294K->416377K(727552K), 0.0115976 secs] [Times: user=0.16 sys=0.00, real=0.01 secs] 
2016-09-25T21:39:00.480-0400: 85.845: [GC (GCLocker Initiated GC) [PSYoungGen: 191875K->29757K(203776K)] 561790K->402351K(728064K), 0.0145498 secs] [Times: user=0.15 sys=0.00, real=0.02 secs] 
2016-09-25T21:39:00.600-0400: 85.965: [GC (GCLocker Initiated GC) [PSYoungGen: 175165K->48642K(200704K)] 547795K->422383K(724992K), 0.0069978 secs] [Times: user=0.06 sys=0.01, real=0.01 secs] 
2016-09-25T21:39:00.702-0400: 86.067: [GC (GCLocker Initiated GC) [PSYoungGen: 190978K->41704K(202240K)] 567456K->419158K(726528K), 0.0235473 secs] [Times: user=0.30 sys=0.00, real=0.02 secs] 
2016-09-25T21:39:00.835-0400: 86.200: [GC (GCLocker Initiated GC) [PSYoungGen: 184040K->32230K(201216K)] 564395K->432369K(725504K), 0.0247445 secs] [Times: user=0.34 sys=0.01, real=0.02 secs] 
2016-09-25T21:39:00.961-0400: 86.326: [GC (GCLocker Initiated GC) [PSYoungGen: 176102K->36318K(201728K)] 581714K->442822K(726016K), 0.0054651 secs] [Times: user=0.04 sys=0.02, real=0.01 secs] 
2016-09-25T21:39:01.062-0400: 86.427: [GC (GCLocker Initiated GC) [PSYoungGen: 180190K->41878K(202752K)] 586702K->449287K(727040K), 0.0055470 secs] [Times: user=0.08 sys=0.00, real=0.01 secs] 
2016-09-25T21:39:01.167-0400: 86.532: [GC (GCLocker Initiated GC) [PSYoungGen: 189334K->55537K(203264K)] 599447K->466483K(727552K), 0.0066386 secs] [Times: user=0.08 sys=0.00, real=0.00 secs] 
2016-09-25T21:39:01.273-0400: 86.638: [GC (GCLocker Initiated GC) [PSYoungGen: 202993K->58069K(192000K)] 613997K->478171K(716288K), 0.0102831 secs] [Times: user=0.11 sys=0.01, real=0.02 secs] 
2016-09-25T21:39:01.381-0400: 86.746: [GC (GCLocker Initiated GC) [PSYoungGen: 191189K->37815K(197632K)] 614120K->483328K(721920K), 0.0096836 secs] [Times: user=0.11 sys=0.01, real=0.01 secs] 
2016-09-25T21:39:01.487-0400: 86.852: [GC (GCLocker Initiated GC) [PSYoungGen: 170935K->54091K(194560K)] 621883K->505888K(718848K), 0.0088897 secs] [Times: user=0.10 sys=0.01, real=0.01 secs] 
2016-09-25T21:39:01.592-0400: 86.956: [GC (GCLocker Initiated GC) [PSYoungGen: 185163K->33838K(196608K)] 650578K->527254K(720896K), 0.0064551 secs] [Times: user=0.09 sys=0.00, real=0.01 secs] 
2016-09-25T21:39:01.598-0400: 86.963: [Full GC (Ergonomics) [PSYoungGen: 33838K->0K(196608K)] [ParOldGen: 493416K->387025K(524288K)] 527254K->387025K(720896K), [Metaspace: 43787K->43787K(1087488K)], 0.0622647 secs] [Times: user=0.46 sys=0.01, real=0.06 secs] 
2016-09-25T21:39:01.756-0400: 87.121: [GC (GCLocker Initiated GC) [PSYoungGen: 131072K->37728K(193024K)] 523734K->430391K(717312K), 0.0074131 secs] [Times: user=0.08 sys=0.00, real=0.01 secs] 
2016-09-25T21:39:01.851-0400: 87.216: [GC (GCLocker Initiated GC) [PSYoungGen: 169312K->36477K(195072K)] 563666K->442564K(719360K), 0.0096625 secs] [Times: user=0.14 sys=0.00, real=0.01 secs] 
2016-09-25T21:39:01.959-0400: 87.324: [GC (GCLocker Initiated GC) [PSYoungGen: 168061K->41743K(193536K)] 585181K->459762K(717824K), 0.0102383 secs] [Times: user=0.13 sys=0.00, real=0.01 secs] 
2016-09-25T21:39:02.088-0400: 87.453: [GC (GCLocker Initiated GC) [PSYoungGen: 177935K->24657K(196608K)] 613723K->461327K(720896K), 0.0167093 secs] [Times: user=0.23 sys=0.00, real=0.02 secs] 
2016-09-25T21:39:02.217-0400: 87.581: [GC (GCLocker Initiated GC) [PSYoungGen: 160849K->36585K(199680K)] 602955K->479882K(723968K), 0.0096335 secs] [Times: user=0.08 sys=0.00, real=0.01 secs] 
2016-09-25T21:39:02.338-0400: 87.703: [GC (GCLocker Initiated GC) [PSYoungGen: 176873K->32612K(200192K)] 625745K->482625K(724480K), 0.0053749 secs] [Times: user=0.04 sys=0.00, real=0.01 secs] 
2016-09-25T21:39:02.448-0400: 87.813: [GC (GCLocker Initiated GC) [PSYoungGen: 172900K->55753K(194560K)] 622917K->507076K(718848K), 0.0070473 secs] [Times: user=0.07 sys=0.00, real=0.01 secs] 
2016-09-25T21:39:02.567-0400: 87.932: [GC (GCLocker Initiated GC) [PSYoungGen: 190921K->40747K(198656K)] 642453K->493464K(722944K), 0.0206170 secs] [Times: user=0.24 sys=0.00, real=0.02 secs] 
2016-09-25T21:39:02.684-0400: 88.049: [GC (GCLocker Initiated GC) [PSYoungGen: 175915K->38116K(192512K)] 629990K->493348K(716800K), 0.0122423 secs] [Times: user=0.15 sys=0.00, real=0.01 secs] 
2016-09-25T21:39:02.794-0400: 88.159: [GC (GCLocker Initiated GC) [PSYoungGen: 175332K->52805K(196608K)] 630597K->509320K(720896K), 0.0103618 secs] [Times: user=0.12 sys=0.01, real=0.02 secs] 
2016-09-25T21:39:02.932-0400: 88.297: [GC (GCLocker Initiated GC) [PSYoungGen: 190021K->16787K(195584K)] 660039K->514918K(719872K), 0.0063755 secs] [Times: user=0.08 sys=0.00, real=0.01 secs] 
2016-09-25T21:39:02.939-0400: 88.304: [Full GC (Ergonomics) [PSYoungGen: 16787K->0K(195584K)] [ParOldGen: 498130K->393360K(524288K)] 514918K->393360K(719872K), [Metaspace: 43792K->43792K(1087488K)], 0.0581828 secs] [Times: user=0.38 sys=0.02, real=0.06 secs] 
2016-09-25T21:39:03.095-0400: 88.460: [GC (GCLocker Initiated GC) [PSYoungGen: 133120K->34241K(197632K)] 531891K->433013K(721920K), 0.0098051 secs] [Times: user=0.14 sys=0.00, real=0.01 secs] 
2016-09-25T21:39:03.201-0400: 88.566: [GC (GCLocker Initiated GC) [PSYoungGen: 167361K->43557K(196096K)] 566408K->444013K(720384K), 0.0181922 secs] [Times: user=0.20 sys=0.00, real=0.02 secs] 
2016-09-25T21:39:03.316-0400: 88.681: [GC (GCLocker Initiated GC) [PSYoungGen: 178213K->52991K(197120K)] 584167K->460116K(721408K), 0.0073483 secs] [Times: user=0.12 sys=0.00, real=0.01 secs] 
2016-09-25T21:39:03.423-0400: 88.788: [GC (GCLocker Initiated GC) [PSYoungGen: 187647K->63976K(184832K)] 594808K->477756K(709120K), 0.0087151 secs] [Times: user=0.11 sys=0.01, real=0.00 secs] 
2016-09-25T21:39:03.526-0400: 88.891: [GC (GCLocker Initiated GC) [PSYoungGen: 183784K->32624K(190976K)] 603073K->466681K(715264K), 0.0060808 secs] [Times: user=0.05 sys=0.00, real=0.00 secs] 
2016-09-25T21:39:03.621-0400: 88.986: [GC (GCLocker Initiated GC) [PSYoungGen: 152432K->57082K(185856K)] 586686K->492631K(710144K), 0.0118067 secs] [Times: user=0.16 sys=0.00, real=0.01 secs] 
2016-09-25T21:39:03.725-0400: 89.090: [GC (GCLocker Initiated GC) [PSYoungGen: 172794K->39553K(188928K)] 608384K->476370K(713216K), 0.0253279 secs] [Times: user=0.35 sys=0.01, real=0.02 secs] 
2016-09-25T21:39:03.832-0400: 89.197: [GC (GCLocker Initiated GC) [PSYoungGen: 155265K->46140K(185344K)] 592089K->505845K(709632K), 0.0082601 secs] [Times: user=0.12 sys=0.00, real=0.01 secs] 
2016-09-25T21:39:03.944-0400: 89.309: [GC (GCLocker Initiated GC) [PSYoungGen: 164412K->56070K(187392K)] 629555K->522339K(711680K), 0.0064570 secs] [Times: user=0.08 sys=0.00, real=0.00 secs] 
2016-09-25T21:39:04.050-0400: 89.415: [GC (GCLocker Initiated GC) [PSYoungGen: 174342K->64122K(181760K)] 646085K->540131K(706048K), 0.0075238 secs] [Times: user=0.10 sys=0.00, real=0.01 secs] 
2016-09-25T21:39:04.164-0400: 89.529: [GC (GCLocker Initiated GC) [PSYoungGen: 174714K->35382K(186368K)] 650859K->534653K(710656K), 0.0109307 secs] [Times: user=0.13 sys=0.01, real=0.01 secs] 
2016-09-25T21:39:04.175-0400: 89.540: [Full GC (Ergonomics) [PSYoungGen: 35382K->0K(186368K)] [ParOldGen: 499271K->403760K(524288K)] 534653K->403760K(710656K), [Metaspace: 43811K->43811K(1087488K)], 0.0491929 secs] [Times: user=0.44 sys=0.01, real=0.05 secs] 
2016-09-25T21:39:04.309-0400: 89.673: [GC (GCLocker Initiated GC) [PSYoungGen: 110592K->62818K(180224K)] 516444K->468670K(704512K), 0.0107211 secs] [Times: user=0.14 sys=0.01, real=0.01 secs] 
2016-09-25T21:39:04.406-0400: 89.771: [GC (GCLocker Initiated GC) [PSYoungGen: 168290K->29920K(183808K)] 578198K->454972K(708096K), 0.0134930 secs] [Times: user=0.18 sys=0.00, real=0.01 secs] 
2016-09-25T21:39:04.503-0400: 89.868: [GC (GCLocker Initiated GC) [PSYoungGen: 135392K->33785K(180736K)] 563337K->462925K(705024K), 0.0360474 secs] [Times: user=0.34 sys=0.01, real=0.03 secs] 
2016-09-25T21:39:04.630-0400: 89.995: [GC (GCLocker Initiated GC) [PSYoungGen: 139257K->30818K(182272K)] 573904K->466507K(706560K), 0.0213993 secs] [Times: user=0.22 sys=0.01, real=0.02 secs] 
2016-09-25T21:39:04.728-0400: 90.093: [GC (GCLocker Initiated GC) [PSYoungGen: 136290K->39007K(179712K)] 574750K->481005K(704000K), 0.0058736 secs] [Times: user=0.05 sys=0.00, real=0.00 secs] 
2016-09-25T21:39:04.828-0400: 90.193: [GC (GCLocker Initiated GC) [PSYoungGen: 148575K->30693K(182784K)] 593314K->489811K(707072K), 0.0106521 secs] [Times: user=0.10 sys=0.01, real=0.01 secs] 
2016-09-25T21:39:04.934-0400: 90.299: [GC (GCLocker Initiated GC) [PSYoungGen: 140261K->13167K(185856K)] 604994K->500221K(710144K), 0.0096617 secs] [Times: user=0.08 sys=0.00, real=0.02 secs] 
2016-09-25T21:39:05.038-0400: 90.403: [Full GC (Ergonomics) [PSYoungGen: 126831K->0K(185856K)] [ParOldGen: 494026K->408299K(524288K)] 620858K->408299K(710144K), [Metaspace: 43816K->43816K(1087488K)], 0.0777320 secs] [Times: user=0.54 sys=0.01, real=0.08 secs] 
2016-09-25T21:39:05.200-0400: 90.565: [GC (GCLocker Initiated GC) [PSYoungGen: 113664K->47457K(187904K)] 522073K->455866K(712192K), 0.0132198 secs] [Times: user=0.10 sys=0.00, real=0.01 secs] 
2016-09-25T21:39:05.297-0400: 90.662: [GC (GCLocker Initiated GC) [PSYoungGen: 161121K->46188K(185344K)] 573458K->466592K(709632K), 0.0060740 secs] [Times: user=0.05 sys=0.01, real=0.01 secs] 
2016-09-25T21:39:05.390-0400: 90.754: [GC (GCLocker Initiated GC) [PSYoungGen: 160364K->44568K(186880K)] 583550K->471596K(711168K), 0.0067211 secs] [Times: user=0.05 sys=0.00, real=0.01 secs] 
2016-09-25T21:39:05.491-0400: 90.856: [GC (GCLocker Initiated GC) [PSYoungGen: 158744K->59612K(182784K)] 588601K->490549K(707072K), 0.0075038 secs] [Times: user=0.08 sys=0.00, real=0.01 secs] 
2016-09-25T21:39:05.584-0400: 90.949: [GC (GCLocker Initiated GC) [PSYoungGen: 171228K->38094K(186880K)] 605993K->492825K(711168K), 0.0091070 secs] [Times: user=0.08 sys=0.00, real=0.00 secs] 
2016-09-25T21:39:05.682-0400: 91.047: [GC (GCLocker Initiated GC) [PSYoungGen: 149710K->67780K(176128K)] 608311K->527536K(700416K), 0.0077941 secs] [Times: user=0.09 sys=0.02, real=0.00 secs] 
2016-09-25T21:39:05.777-0400: 91.142: [GC (GCLocker Initiated GC) [PSYoungGen: 171204K->33839K(182784K)] 643208K->517793K(707072K), 0.0096492 secs] [Times: user=0.10 sys=0.00, real=0.01 secs] 
2016-09-25T21:39:05.869-0400: 91.234: [GC (GCLocker Initiated GC) [PSYoungGen: 137263K->33693K(177152K)] 626709K->526878K(701440K), 0.0053532 secs] [Times: user=0.04 sys=0.00, real=0.00 secs] 
2016-09-25T21:39:05.945-0400: 91.310: [GC (GCLocker Initiated GC) [PSYoungGen: 138653K->46021K(180736K)] 635922K->546915K(705024K), 0.0062668 secs] [Times: user=0.07 sys=0.00, real=0.00 secs] 
2016-09-25T21:39:05.952-0400: 91.317: [Full GC (Ergonomics) [PSYoungGen: 46021K->0K(180736K)] [ParOldGen: 500893K->425437K(524288K)] 546915K->425437K(705024K), [Metaspace: 43816K->43816K(1087488K)], 0.0564688 secs] [Times: user=0.47 sys=0.01, real=0.06 secs] 
2016-09-25T21:39:06.095-0400: 91.460: [GC (GCLocker Initiated GC) [PSYoungGen: 104960K->49282K(183808K)] 535972K->480295K(708096K), 0.0120471 secs] [Times: user=0.15 sys=0.00, real=0.01 secs] 
2016-09-25T21:39:06.198-0400: 91.563: [GC (GCLocker Initiated GC) [PSYoungGen: 161922K->35465K(185856K)] 595685K->484206K(710144K), 0.0064786 secs] [Times: user=0.08 sys=0.00, real=0.01 secs] 
2016-09-25T21:39:06.290-0400: 91.655: [GC (GCLocker Initiated GC) [PSYoungGen: 148105K->44671K(184320K)] 596873K->494698K(708608K), 0.0104589 secs] [Times: user=0.12 sys=0.01, real=0.01 secs] 
2016-09-25T21:39:06.396-0400: 91.761: [GC (GCLocker Initiated GC) [PSYoungGen: 161919K->47515K(186880K)] 614668K->522927K(711168K), 0.0068546 secs] [Times: user=0.06 sys=0.01, real=0.01 secs] 
2016-09-25T21:39:06.496-0400: 91.861: [GC (GCLocker Initiated GC) [PSYoungGen: 164763K->50165K(191488K)] 640390K->526951K(715776K), 0.0124153 secs] [Times: user=0.16 sys=0.00, real=0.01 secs] 
2016-09-25T21:39:06.608-0400: 91.973: [GC (GCLocker Initiated GC) [PSYoungGen: 174069K->27331K(192512K)] 657610K->512012K(716800K), 0.0232742 secs] [Times: user=0.26 sys=0.00, real=0.02 secs] 
2016-09-25T21:39:06.746-0400: 92.111: [GC (GCLocker Initiated GC) [PSYoungGen: 151235K->36875K(189952K)] 644135K->531209K(714240K), 0.0058383 secs] [Times: user=0.05 sys=0.00, real=0.00 secs] 
2016-09-25T21:39:06.869-0400: 92.234: [Full GC (Ergonomics) [PSYoungGen: 161291K->0K(189952K)] [ParOldGen: 502504K->434882K(524288K)] 663796K->434882K(714240K), [Metaspace: 43818K->43818K(1087488K)], 0.0629326 secs] [Times: user=0.38 sys=0.01, real=0.06 secs] 
2016-09-25T21:39:07.035-0400: 92.399: [GC (Allocation Failure) [PSYoungGen: 124416K->18140K(191488K)] 568751K->462476K(715776K), 0.0167769 secs] [Times: user=0.15 sys=0.01, real=0.01 secs] 
2016-09-25T21:39:07.146-0400: 92.511: [GC (GCLocker Initiated GC) [PSYoungGen: 139957K->39451K(191488K)] 586993K->488267K(715776K), 0.0105735 secs] [Times: user=0.10 sys=0.00, real=0.01 secs] 
2016-09-25T21:39:07.266-0400: 92.630: [GC (GCLocker Initiated GC) [PSYoungGen: 165915K->30074K(192512K)] 621648K->487034K(716800K), 0.0169258 secs] [Times: user=0.16 sys=0.00, real=0.02 secs] 
2016-09-25T21:39:07.381-0400: 92.746: [GC (GCLocker Initiated GC) [PSYoungGen: 156538K->58588K(187904K)] 618953K->522447K(712192K), 0.0099343 secs] [Times: user=0.14 sys=0.00, real=0.01 secs] 
2016-09-25T21:39:07.489-0400: 92.854: [GC (GCLocker Initiated GC) [PSYoungGen: 181468K->49066K(172032K)] 645415K->514430K(696320K), 0.0064415 secs] [Times: user=0.08 sys=0.00, real=0.01 secs] 
2016-09-25T21:39:07.591-0400: 92.956: [GC (GCLocker Initiated GC) [PSYoungGen: 171946K->51865K(189952K)] 642805K->524093K(714240K), 0.0090804 secs] [Times: user=0.10 sys=0.00, real=0.01 secs] 
2016-09-25T21:39:07.707-0400: 93.072: [GC (GCLocker Initiated GC) [PSYoungGen: 171673K->46207K(166400K)] 644031K->522547K(690688K), 0.0061685 secs] [Times: user=0.05 sys=0.00, real=0.00 secs] 
2016-09-25T21:39:07.810-0400: 93.175: [GC (GCLocker Initiated GC) [PSYoungGen: 166015K->36705K(192000K)] 647947K->538898K(716288K), 0.0192561 secs] [Times: user=0.21 sys=0.00, real=0.02 secs] 
2016-09-25T21:39:07.830-0400: 93.195: [Full GC (Ergonomics) [PSYoungGen: 36705K->0K(192000K)] [ParOldGen: 502193K->420512K(524288K)] 538898K->420512K(716288K), [Metaspace: 43821K->43821K(1087488K)], 0.0821255 secs] [Times: user=0.87 sys=0.02, real=0.08 secs] 
2016-09-25T21:39:08.027-0400: 93.392: [GC (GCLocker Initiated GC) [PSYoungGen: 122368K->46796K(190464K)] 548493K->472921K(714752K), 0.0063971 secs] [Times: user=0.09 sys=0.00, real=0.00 secs] 
2016-09-25T21:39:08.132-0400: 93.497: [GC (GCLocker Initiated GC) [PSYoungGen: 169164K->55834K(188928K)] 596693K->486463K(713216K), 0.0117375 secs] [Times: user=0.17 sys=0.00, real=0.02 secs] 
2016-09-25T21:39:08.249-0400: 93.614: [GC (GCLocker Initiated GC) [PSYoungGen: 177690K->58540K(180736K)] 613871K->496083K(705024K), 0.0090966 secs] [Times: user=0.12 sys=0.00, real=0.01 secs] 
2016-09-25T21:39:08.361-0400: 93.726: [GC (GCLocker Initiated GC) [PSYoungGen: 180396K->47778K(191488K)] 620651K->502893K(715776K), 0.0075687 secs] [Times: user=0.09 sys=0.00, real=0.01 secs] 
2016-09-25T21:39:08.475-0400: 93.840: [GC (GCLocker Initiated GC) [PSYoungGen: 167074K->38271K(157696K)] 629479K->502034K(681984K), 0.0096485 secs] [Times: user=0.11 sys=0.00, real=0.01 secs] 
2016-09-25T21:39:08.580-0400: 93.945: [GC (GCLocker Initiated GC) [PSYoungGen: 157567K->35417K(189952K)] 624057K->514073K(714240K), 0.0191708 secs] [Times: user=0.21 sys=0.00, real=0.02 secs] 
2016-09-25T21:39:08.710-0400: 94.075: [GC (GCLocker Initiated GC) [PSYoungGen: 155737K->39311K(188928K)] 637323K->522155K(713216K), 0.0085777 secs] [Times: user=0.08 sys=0.00, real=0.01 secs] 
2016-09-25T21:39:08.813-0400: 94.177: [GC (GCLocker Initiated GC) [PSYoungGen: 159631K->42111K(191488K)] 647953K->531687K(715776K), 0.0059311 secs] [Times: user=0.07 sys=0.01, real=0.01 secs] 
2016-09-25T21:39:08.932-0400: 94.297: [GC (GCLocker Initiated GC) [PSYoungGen: 168063K->22062K(190976K)] 664441K->533127K(715264K), 0.0053887 secs] [Times: user=0.06 sys=0.00, real=0.01 secs] 
2016-09-25T21:39:08.938-0400: 94.302: [Full GC (Ergonomics) [PSYoungGen: 22062K->0K(190976K)] [ParOldGen: 511064K->423643K(524288K)] 533127K->423643K(715264K), [Metaspace: 43823K->43823K(1087488K)], 0.0556877 secs] [Times: user=0.63 sys=0.00, real=0.05 secs] 
2016-09-25T21:39:09.092-0400: 94.457: [GC (GCLocker Initiated GC) [PSYoungGen: 125952K->61300K(186368K)] 552328K->487677K(710656K), 0.0077564 secs] [Times: user=0.12 sys=0.00, real=0.01 secs] 
2016-09-25T21:39:09.193-0400: 94.558: [GC (GCLocker Initiated GC) [PSYoungGen: 181108K->52935K(173056K)] 607589K->490238K(697344K), 0.0067975 secs] [Times: user=0.09 sys=0.00, real=0.01 secs] 
2016-09-25T21:39:09.306-0400: 94.671: [GC (GCLocker Initiated GC) [PSYoungGen: 172743K->39549K(192000K)] 622270K->511903K(716288K), 0.0084646 secs] [Times: user=0.11 sys=0.01, real=0.01 secs] 
2016-09-25T21:39:09.426-0400: 94.791: [GC (GCLocker Initiated GC) [PSYoungGen: 159357K->30002K(150016K)] 641198K->534672K(674304K), 0.0195724 secs] [Times: user=0.22 sys=0.00, real=0.02 secs] 
2016-09-25T21:39:09.445-0400: 94.810: [Full GC (Ergonomics) [PSYoungGen: 30002K->0K(150016K)] [ParOldGen: 504669K->436248K(524288K)] 534672K->436248K(674304K), [Metaspace: 43823K->43823K(1087488K)], 0.0587990 secs] [Times: user=0.45 sys=0.02, real=0.06 secs] 
2016-09-25T21:39:09.608-0400: 94.973: [GC (GCLocker Initiated GC) [PSYoungGen: 119808K->50560K(188928K)] 556107K->486868K(713216K), 0.0091597 secs] [Times: user=0.10 sys=0.00, real=0.01 secs] 
2016-09-25T21:39:09.708-0400: 95.073: [GC (GCLocker Initiated GC) [PSYoungGen: 169856K->24494K(189440K)] 606467K->503269K(713728K), 0.0076538 secs] [Times: user=0.09 sys=0.00, real=0.01 secs] 
2016-09-25T21:39:09.801-0400: 95.166: [GC (GCLocker Initiated GC) [PSYoungGen: 143790K->47439K(191488K)] 622683K->530151K(715776K), 0.0064992 secs] [Times: user=0.06 sys=0.02, real=0.01 secs] 
2016-09-25T21:39:09.895-0400: 95.260: [Full GC (Ergonomics) [PSYoungGen: 168783K->0K(191488K)] [ParOldGen: 486795K->435102K(524288K)] 655578K->435102K(715776K), [Metaspace: 43827K->43827K(1087488K)], 0.0593485 secs] [Times: user=0.59 sys=0.01, real=0.06 secs] 
2016-09-25T21:39:10.056-0400: 95.421: [GC (GCLocker Initiated GC) [PSYoungGen: 121344K->33121K(154624K)] 560592K->472370K(678912K), 0.0069652 secs] [Times: user=0.09 sys=0.00, real=0.01 secs] 
2016-09-25T21:39:10.149-0400: 95.514: [GC (GCLocker Initiated GC) [PSYoungGen: 154465K->59820K(185344K)] 593843K->499197K(709632K), 0.0079928 secs] [Times: user=0.10 sys=0.00, real=0.01 secs] 
2016-09-25T21:39:10.241-0400: 95.606: [GC (GCLocker Initiated GC) [PSYoungGen: 176556K->48672K(189440K)] 618774K->490890K(713728K), 0.0103623 secs] [Times: user=0.13 sys=0.01, real=0.01 secs] 
2016-09-25T21:39:10.339-0400: 95.704: [GC (GCLocker Initiated GC) [PSYoungGen: 165408K->45818K(184832K)] 617090K->497500K(709120K), 0.0064676 secs] [Times: user=0.08 sys=0.00, real=0.01 secs] 
2016-09-25T21:39:10.432-0400: 95.797: [GC (GCLocker Initiated GC) [PSYoungGen: 163066K->68467K(185856K)] 617602K->528403K(710144K), 0.0074094 secs] [Times: user=0.12 sys=0.00, real=0.01 secs] 
2016-09-25T21:39:10.530-0400: 95.894: [GC (GCLocker Initiated GC) [PSYoungGen: 185715K->49028K(187392K)] 653822K->517136K(711680K), 0.0177867 secs] [Times: user=0.14 sys=0.00, real=0.02 secs] 
2016-09-25T21:39:10.650-0400: 96.015: [GC (GCLocker Initiated GC) [PSYoungGen: 160132K->41890K(153088K)] 629845K->513113K(677376K), 0.0111604 secs] [Times: user=0.11 sys=0.00, real=0.01 secs] 
2016-09-25T21:39:10.748-0400: 96.113: [GC (GCLocker Initiated GC) [PSYoungGen: 152994K->52570K(183808K)] 624272K->524904K(708096K), 0.0169836 secs] [Times: user=0.17 sys=0.00, real=0.02 secs] 
2016-09-25T21:39:10.849-0400: 96.214: [GC (GCLocker Initiated GC) [PSYoungGen: 163674K->66547K(183808K)] 641431K->549347K(708096K), 0.0151327 secs] [Times: user=0.18 sys=0.00, real=0.02 secs] 
2016-09-25T21:39:10.950-0400: 96.315: [GC (GCLocker Initiated GC) [PSYoungGen: 177651K->39769K(186368K)] 660608K->551866K(710656K), 0.0074724 secs] [Times: user=0.09 sys=0.00, real=0.01 secs] 
2016-09-25T21:39:10.958-0400: 96.322: [Full GC (Ergonomics) [PSYoungGen: 39769K->0K(186368K)] [ParOldGen: 512097K->444279K(524288K)] 551866K->444279K(710656K), [Metaspace: 43827K->43827K(1087488K)], 0.0631647 secs] [Times: user=0.55 sys=0.00, real=0.06 secs] 
2016-09-25T21:39:11.105-0400: 96.470: [GC (GCLocker Initiated GC) [PSYoungGen: 109056K->46295K(155648K)] 561448K->498688K(679936K), 0.0094052 secs] [Times: user=0.12 sys=0.01, real=0.01 secs] 
2016-09-25T21:39:11.198-0400: 96.563: [GC (GCLocker Initiated GC) [PSYoungGen: 155351K->58174K(180736K)] 610541K->513363K(705024K), 0.0061310 secs] [Times: user=0.08 sys=0.00, real=0.01 secs] 
2016-09-25T21:39:11.305-0400: 96.670: [GC (GCLocker Initiated GC) [PSYoungGen: 165694K->39510K(182272K)] 631797K->517359K(706560K), 0.0116795 secs] [Times: user=0.17 sys=0.00, real=0.01 secs] 
2016-09-25T21:39:11.397-0400: 96.762: [GC (GCLocker Initiated GC) [PSYoungGen: 147030K->55431K(187392K)] 625081K->550887K(711680K), 0.0094878 secs] [Times: user=0.14 sys=0.00, real=0.01 secs] 
2016-09-25T21:39:11.407-0400: 96.772: [Full GC (Ergonomics) [PSYoungGen: 55431K->0K(187392K)] [ParOldGen: 495456K->454922K(524288K)] 550887K->454922K(711680K), [Metaspace: 43827K->43827K(1087488K)], 0.0492109 secs] [Times: user=0.41 sys=0.00, real=0.05 secs] 
2016-09-25T21:39:11.548-0400: 96.913: [GC (GCLocker Initiated GC) [PSYoungGen: 113664K->65659K(179712K)] 575395K->527390K(704000K), 0.0069402 secs] [Times: user=0.09 sys=0.01, real=0.01 secs] 
2016-09-25T21:39:11.650-0400: 97.015: [GC (GCLocker Initiated GC) [PSYoungGen: 179323K->39467K(185344K)] 649318K->531432K(709632K), 0.0102100 secs] [Times: user=0.13 sys=0.00, real=0.01 secs] 
2016-09-25T21:39:11.660-0400: 97.025: [Full GC (Ergonomics) [PSYoungGen: 39467K->0K(185344K)] [ParOldGen: 491965K->447739K(524288K)] 531432K->447739K(709632K), [Metaspace: 43827K->43827K(1087488K)], 0.0804237 secs] [Times: user=0.92 sys=0.00, real=0.08 secs] 
2016-09-25T21:39:11.831-0400: 97.196: [GC (GCLocker Initiated GC) [PSYoungGen: 107520K->43614K(151552K)] 558100K->494194K(675840K), 0.0099357 secs] [Times: user=0.12 sys=0.00, real=0.01 secs] 
2016-09-25T21:39:11.918-0400: 97.283: [GC (GCLocker Initiated GC) [PSYoungGen: 151134K->57997K(182272K)] 604650K->511513K(706560K), 0.0109070 secs] [Times: user=0.14 sys=0.00, real=0.01 secs] 
2016-09-25T21:39:12.017-0400: 97.382: [GC (GCLocker Initiated GC) [PSYoungGen: 165005K->52179K(182784K)] 626801K->513976K(707072K), 0.0059390 secs] [Times: user=0.05 sys=0.01, real=0.01 secs] 
2016-09-25T21:39:12.115-0400: 97.480: [GC (GCLocker Initiated GC) [PSYoungGen: 159187K->42311K(185344K)] 625105K->508229K(709632K), 0.0057143 secs] [Times: user=0.06 sys=0.00, real=0.00 secs] 
2016-09-25T21:39:12.210-0400: 97.575: [GC (GCLocker Initiated GC) [PSYoungGen: 154439K->22723K(185344K)] 626047K->494330K(709632K), 0.0051980 secs] [Times: user=0.04 sys=0.00, real=0.01 secs] 
2016-09-25T21:39:12.300-0400: 97.665: [GC (GCLocker Initiated GC) [PSYoungGen: 134851K->54578K(186880K)] 606475K->526202K(711168K), 0.0064525 secs] [Times: user=0.04 sys=0.00, real=0.01 secs] 
2016-09-25T21:39:12.395-0400: 97.760: [GC (GCLocker Initiated GC) [PSYoungGen: 166194K->57038K(168960K)] 642407K->533259K(693248K), 0.0066631 secs] [Times: user=0.08 sys=0.00, real=0.00 secs] 
2016-09-25T21:39:12.488-0400: 97.853: [GC (GCLocker Initiated GC) [PSYoungGen: 168654K->42030K(187392K)] 646280K->519655K(711680K), 0.0070486 secs] [Times: user=0.05 sys=0.01, real=0.01 secs] 
2016-09-25T21:39:12.568-0400: 97.933: [GC (GCLocker Initiated GC) [PSYoungGen: 153134K->64354K(175616K)] 633482K->544703K(699904K), 0.0102109 secs] [Times: user=0.13 sys=0.00, real=0.01 secs] 
2016-09-25T21:39:12.670-0400: 98.035: [GC (GCLocker Initiated GC) [PSYoungGen: 175458K->55886K(184320K)] 658526K->538955K(708608K), 0.0068005 secs] [Times: user=0.05 sys=0.00, real=0.01 secs] 
2016-09-25T21:39:12.768-0400: 98.133: [GC (GCLocker Initiated GC) [PSYoungGen: 162382K->47435K(154112K)] 645587K->530639K(678400K), 0.0071628 secs] [Times: user=0.04 sys=0.01, real=0.01 secs] 
2016-09-25T21:39:12.865-0400: 98.230: [GC (GCLocker Initiated GC) [PSYoungGen: 153931K->71413K(175616K)] 639969K->557451K(699904K), 0.0073074 secs] [Times: user=0.09 sys=0.00, real=0.00 secs] 
2016-09-25T21:39:12.945-0400: 98.310: [GC (GCLocker Initiated GC) [PSYoungGen: 171765K->79014K(179712K)] 657832K->578581K(704000K), 0.0079398 secs] [Times: user=0.12 sys=0.00, real=0.00 secs] 
2016-09-25T21:39:13.021-0400: 98.386: [GC (GCLocker Initiated GC) --[PSYoungGen: 179366K->179366K(179712K)] 681721K->703156K(704000K), 0.0137912 secs] [Times: user=0.16 sys=0.01, real=0.02 secs] 
2016-09-25T21:39:13.035-0400: 98.400: [Full GC (Ergonomics) [PSYoungGen: 179366K->0K(179712K)] [ParOldGen: 523790K->455610K(524288K)] 703156K->455610K(704000K), [Metaspace: 43848K->43848K(1087488K)], 0.0670387 secs] [Times: user=0.63 sys=0.00, real=0.06 secs] 
2016-09-25T21:39:13.192-0400: 98.556: [GC (GCLocker Initiated GC) [PSYoungGen: 100352K->34320K(170496K)] 568172K->502141K(694784K), 0.0044023 secs] [Times: user=0.05 sys=0.00, real=0.01 secs] 
2016-09-25T21:39:13.264-0400: 98.628: [GC (GCLocker Initiated GC) [PSYoungGen: 122384K->46886K(175104K)] 592990K->517491K(699392K), 0.0049962 secs] [Times: user=0.05 sys=0.00, real=0.00 secs] 
2016-09-25T21:39:13.347-0400: 98.712: [GC (GCLocker Initiated GC) [PSYoungGen: 134950K->45297K(169472K)] 619283K->529630K(693760K), 0.0086402 secs] [Times: user=0.09 sys=0.00, real=0.01 secs] 
2016-09-25T21:39:13.432-0400: 98.797: [GC (GCLocker Initiated GC) [PSYoungGen: 134897K->51553K(173056K)] 624666K->541323K(697344K), 0.0064461 secs] [Times: user=0.06 sys=0.00, real=0.01 secs] 
2016-09-25T21:39:13.502-0400: 98.867: [GC (GCLocker Initiated GC) [PSYoungGen: 141153K->58944K(177664K)] 639204K->556995K(701952K), 0.0068639 secs] [Times: user=0.04 sys=0.01, real=0.01 secs] 
2016-09-25T21:39:13.592-0400: 98.957: [GC (GCLocker Initiated GC) [PSYoungGen: 156224K->58450K(177664K)] 654297K->556522K(701952K), 0.0154166 secs] [Times: user=0.13 sys=0.00, real=0.02 secs] 
2016-09-25T21:39:13.680-0400: 99.045: [GC (GCLocker Initiated GC) [PSYoungGen: 155730K->70379K(175104K)] 660643K->575293K(699392K), 0.0160240 secs] [Times: user=0.18 sys=0.00, real=0.02 secs] 
2016-09-25T21:39:13.776-0400: 99.141: [Full GC (Ergonomics) [PSYoungGen: 165611K->0K(175104K)] [ParOldGen: 515747K->462542K(524288K)] 681359K->462542K(699392K), [Metaspace: 43854K->43854K(1087488K)], 0.0619953 secs] [Times: user=0.31 sys=0.02, real=0.06 secs] 
2016-09-25T21:39:13.907-0400: 99.272: [GC (GCLocker Initiated GC) [PSYoungGen: 95232K->41864K(178688K)] 557807K->504439K(702976K), 0.0098076 secs] [Times: user=0.07 sys=0.01, real=0.01 secs] 
2016-09-25T21:39:13.988-0400: 99.353: [GC (GCLocker Initiated GC) [PSYoungGen: 137096K->63377K(178176K)] 602379K->528660K(702464K), 0.0107580 secs] [Times: user=0.14 sys=0.01, real=0.01 secs] 
2016-09-25T21:39:14.078-0400: 99.443: [GC (GCLocker Initiated GC) [PSYoungGen: 158609K->62882K(158208K)] 629512K->533784K(682496K), 0.0127329 secs] [Times: user=0.16 sys=0.00, real=0.01 secs] 
2016-09-25T21:39:14.162-0400: 99.527: [GC (GCLocker Initiated GC) [PSYoungGen: 158114K->48508K(179712K)] 629471K->519866K(704000K), 0.0066757 secs] [Times: user=0.07 sys=0.00, real=0.01 secs] 
2016-09-25T21:39:14.247-0400: 99.612: [GC (GCLocker Initiated GC) [PSYoungGen: 144252K->50867K(146944K)] 625073K->531687K(671232K), 0.0058754 secs] [Times: user=0.07 sys=0.00, real=0.00 secs] 
2016-09-25T21:39:14.330-0400: 99.694: [GC (GCLocker Initiated GC) [PSYoungGen: 146611K->43498K(176128K)] 632860K->529747K(700416K), 0.0105130 secs] [Times: user=0.12 sys=0.00, real=0.01 secs] 
2016-09-25T21:39:14.408-0400: 99.773: [GC (GCLocker Initiated GC) [PSYoungGen: 139754K->56469K(175616K)] 626055K->542770K(699904K), 0.0072820 secs] [Times: user=0.08 sys=0.00, real=0.01 secs] 
2016-09-25T21:39:14.504-0400: 99.869: [GC (GCLocker Initiated GC) [PSYoungGen: 152725K->64185K(179200K)] 644809K->556268K(703488K), 0.0086015 secs] [Times: user=0.08 sys=0.00, real=0.00 secs] 
2016-09-25T21:39:14.584-0400: 99.949: [GC (GCLocker Initiated GC) [PSYoungGen: 165561K->78414K(180224K)] 657744K->573298K(704512K), 0.0094096 secs] [Times: user=0.12 sys=0.00, real=0.00 secs] 
2016-09-25T21:39:14.675-0400: 100.040: [GC (GCLocker Initiated GC) [PSYoungGen: 179790K->79611K(169984K)] 677425K->579945K(694272K), 0.0078326 secs] [Times: user=0.10 sys=0.00, real=0.01 secs] 
2016-09-25T21:39:14.756-0400: 100.121: [GC (GCLocker Initiated GC) [PSYoungGen: 167675K->83161K(175104K)] 673449K->588935K(699392K), 0.0123269 secs] [Times: user=0.17 sys=0.00, real=0.01 secs] 
2016-09-25T21:39:14.846-0400: 100.211: [Full GC (Ergonomics) [PSYoungGen: 171225K->0K(175104K)] [ParOldGen: 518060K->472942K(524288K)] 689286K->472942K(699392K), [Metaspace: 43857K->43857K(1087488K)], 0.0631369 secs] [Times: user=0.52 sys=0.03, real=0.06 secs] 
2016-09-25T21:39:14.973-0400: 100.338: [GC (GCLocker Initiated GC) [PSYoungGen: 88064K->51851K(175104K)] 566420K->530207K(699392K), 0.0105814 secs] [Times: user=0.14 sys=0.00, real=0.02 secs] 
2016-09-25T21:39:15.056-0400: 100.421: [GC (GCLocker Initiated GC) [PSYoungGen: 139915K->39082K(175104K)] 624269K->523437K(699392K), 0.0052800 secs] [Times: user=0.05 sys=0.01, real=0.00 secs] 
2016-09-25T21:39:15.131-0400: 100.496: [GC (GCLocker Initiated GC) [PSYoungGen: 127146K->47884K(175104K)] 616974K->537712K(699392K), 0.0209082 secs] [Times: user=0.24 sys=0.00, real=0.02 secs] 
2016-09-25T21:39:15.237-0400: 100.602: [GC (GCLocker Initiated GC) [PSYoungGen: 135948K->46071K(175104K)] 631197K->541319K(699392K), 0.0228080 secs] [Times: user=0.32 sys=0.00, real=0.02 secs] 
2016-09-25T21:39:15.330-0400: 100.695: [GC (GCLocker Initiated GC) [PSYoungGen: 134135K->53619K(175104K)] 629591K->549075K(699392K), 0.0119449 secs] [Times: user=0.14 sys=0.01, real=0.02 secs] 
2016-09-25T21:39:15.422-0400: 100.786: [GC (GCLocker Initiated GC) [PSYoungGen: 141683K->38179K(175104K)] 642729K->539225K(699392K), 0.0121313 secs] [Times: user=0.18 sys=0.00, real=0.01 secs] 
2016-09-25T21:39:15.502-0400: 100.867: [GC (GCLocker Initiated GC) [PSYoungGen: 126243K->57871K(174080K)] 630149K->561777K(698368K), 0.0053215 secs] [Times: user=0.05 sys=0.00, real=0.01 secs] 
2016-09-25T21:39:15.584-0400: 100.949: [GC (GCLocker Initiated GC) [PSYoungGen: 145935K->59710K(174592K)] 652543K->568479K(698880K), 0.0065880 secs] [Times: user=0.07 sys=0.01, real=0.00 secs] 
2016-09-25T21:39:15.660-0400: 101.025: [GC (GCLocker Initiated GC) [PSYoungGen: 147774K->64015K(175104K)] 661971K->579984K(699392K), 0.0063661 secs] [Times: user=0.08 sys=0.00, real=0.01 secs] 
2016-09-25T21:39:15.740-0400: 101.105: [GC (GCLocker Initiated GC) [PSYoungGen: 153615K->69539K(175104K)] 669635K->586341K(699392K), 0.0103697 secs] [Times: user=0.13 sys=0.00, real=0.01 secs] 
2016-09-25T21:39:15.814-0400: 101.179: [Full GC (Ergonomics) [PSYoungGen: 158918K->0K(175104K)] [ParOldGen: 523552K->464525K(524288K)] 682470K->464525K(699392K), [Metaspace: 43858K->43858K(1087488K)], 0.0871483 secs] [Times: user=0.89 sys=0.01, real=0.08 secs] 
2016-09-25T21:39:15.972-0400: 101.337: [GC (GCLocker Initiated GC) [PSYoungGen: 89600K->46151K(175616K)] 556940K->513492K(699904K), 0.0120725 secs] [Times: user=0.16 sys=0.00, real=0.02 secs] 
2016-09-25T21:39:16.055-0400: 101.419: [GC (GCLocker Initiated GC) [PSYoungGen: 134727K->41673K(130560K)] 610222K->517169K(654848K), 0.0062797 secs] [Times: user=0.07 sys=0.00, real=0.00 secs] 
2016-09-25T21:39:16.128-0400: 101.493: [GC (GCLocker Initiated GC) [PSYoungGen: 130249K->46615K(176128K)] 612498K->528863K(700416K), 0.0105448 secs] [Times: user=0.12 sys=0.00, real=0.01 secs] 
2016-09-25T21:39:16.210-0400: 101.575: [GC (GCLocker Initiated GC) [PSYoungGen: 136727K->67645K(174592K)] 627110K->558028K(698880K), 0.0069535 secs] [Times: user=0.09 sys=0.00, real=0.01 secs] 
2016-09-25T21:39:16.285-0400: 101.650: [GC (GCLocker Initiated GC) [PSYoungGen: 157757K->61958K(176640K)] 655083K->564471K(700928K), 0.0066504 secs] [Times: user=0.07 sys=0.00, real=0.00 secs] 
2016-09-25T21:39:16.358-0400: 101.723: [GC (GCLocker Initiated GC) [PSYoungGen: 152070K->52021K(142336K)] 654601K->555482K(666624K), 0.0112127 secs] [Times: user=0.14 sys=0.00, real=0.01 secs] 
2016-09-25T21:39:16.423-0400: 101.788: [GC (GCLocker Initiated GC) [PSYoungGen: 142133K->33387K(172544K)] 648356K->557523K(696832K), 0.0138660 secs] [Times: user=0.17 sys=0.01, real=0.01 secs] 
2016-09-25T21:39:16.437-0400: 101.802: [Full GC (Ergonomics) [PSYoungGen: 33387K->0K(172544K)] [ParOldGen: 524135K->469791K(524288K)] 557523K->469791K(696832K), [Metaspace: 43858K->43858K(1087488K)], 0.0666980 secs] [Times: user=0.55 sys=0.02, real=0.07 secs] 
2016-09-25T21:39:16.571-0400: 101.935: [GC (GCLocker Initiated GC) [PSYoungGen: 89088K->35124K(173568K)] 565770K->511806K(697856K), 0.0050353 secs] [Times: user=0.04 sys=0.00, real=0.01 secs] 
2016-09-25T21:39:16.624-0400: 101.989: [GC (GCLocker Initiated GC) [PSYoungGen: 124212K->54680K(173568K)] 606375K->536843K(697856K), 0.0067113 secs] [Times: user=0.08 sys=0.00, real=0.00 secs] 
2016-09-25T21:39:16.700-0400: 102.065: [GC (GCLocker Initiated GC) [PSYoungGen: 147864K->55108K(175616K)] 635460K->544209K(699904K), 0.0103635 secs] [Times: user=0.15 sys=0.00, real=0.01 secs] 
2016-09-25T21:39:16.758-0400: 102.123: [GC (GCLocker Initiated GC) [PSYoungGen: 148292K->56335K(177664K)] 640134K->567773K(701952K), 0.0059076 secs] [Times: user=0.08 sys=0.00, real=0.01 secs] 
2016-09-25T21:39:16.764-0400: 102.129: [Full GC (Ergonomics) [PSYoungGen: 56335K->0K(177664K)] [ParOldGen: 511437K->477358K(524288K)] 567773K->477358K(701952K), [Metaspace: 43858K->43858K(1087488K)], 0.0565281 secs] [Times: user=0.55 sys=0.00, real=0.05 secs] 
2016-09-25T21:39:16.893-0400: 102.258: [GC (GCLocker Initiated GC) [PSYoungGen: 99328K->59290K(178688K)] 576710K->536673K(702976K), 0.0102732 secs] [Times: user=0.13 sys=0.00, real=0.02 secs] 
2016-09-25T21:39:16.967-0400: 102.331: [GC (Allocation Failure) [PSYoungGen: 158618K->48941K(178688K)] 638809K->529133K(702976K), 0.0058174 secs] [Times: user=0.05 sys=0.00, real=0.00 secs] 
2016-09-25T21:39:16.973-0400: 102.338: [GC (GCLocker Initiated GC) [PSYoungGen: 50150K->44755K(180736K)] 530342K->524946K(705024K), 0.0094997 secs] [Times: user=0.10 sys=0.00, real=0.02 secs] 
2016-09-25T21:39:17.043-0400: 102.408: [GC (GCLocker Initiated GC) [PSYoungGen: 148179K->37529K(183808K)] 633775K->535208K(708096K), 0.0103313 secs] [Times: user=0.12 sys=0.00, real=0.00 secs] 
2016-09-25T21:39:17.128-0400: 102.493: [GC (GCLocker Initiated GC) [PSYoungGen: 146073K->34679K(184832K)] 646619K->535817K(709120K), 0.0118057 secs] [Times: user=0.10 sys=0.00, real=0.01 secs] 
2016-09-25T21:39:17.207-0400: 102.572: [GC (GCLocker Initiated GC) [PSYoungGen: 143223K->65879K(178688K)] 644439K->567737K(702976K), 0.0064814 secs] [Times: user=0.08 sys=0.00, real=0.00 secs] 
2016-09-25T21:39:17.278-0400: 102.643: [GC (GCLocker Initiated GC) [PSYoungGen: 168279K->38637K(182272K)] 672910K->562750K(706560K), 0.0103336 secs] [Times: user=0.08 sys=0.01, real=0.01 secs] 
2016-09-25T21:39:17.289-0400: 102.653: [Full GC (Ergonomics) [PSYoungGen: 38637K->0K(182272K)] [ParOldGen: 524112K->472038K(524288K)] 562750K->472038K(706560K), [Metaspace: 43859K->43859K(1087488K)], 0.1232913 secs] [Times: user=1.38 sys=0.01, real=0.12 secs] 
2016-09-25T21:39:17.488-0400: 102.853: [GC (GCLocker Initiated GC) [PSYoungGen: 102400K->33630K(180736K)] 578545K->509776K(705024K), 0.0048332 secs] [Times: user=0.06 sys=0.00, real=0.00 secs] 
2016-09-25T21:39:17.557-0400: 102.921: [GC (GCLocker Initiated GC) [PSYoungGen: 136542K->44247K(181760K)] 616979K->526815K(706048K), 0.0071528 secs] [Times: user=0.10 sys=0.01, real=0.01 secs] 
2016-09-25T21:39:17.634-0400: 102.999: [GC (GCLocker Initiated GC) [PSYoungGen: 147159K->40284K(181760K)] 642104K->535868K(706048K), 0.0053728 secs] [Times: user=0.07 sys=0.01, real=0.01 secs] 
2016-09-25T21:39:17.716-0400: 103.081: [GC (GCLocker Initiated GC) [PSYoungGen: 147292K->44653K(181760K)] 652373K->549735K(706048K), 0.0076124 secs] [Times: user=0.05 sys=0.02, real=0.01 secs] 
2016-09-25T21:39:17.789-0400: 103.154: [GC (GCLocker Initiated GC) [PSYoungGen: 151661K->53224K(184832K)] 659471K->561034K(709120K), 0.0066922 secs] [Times: user=0.08 sys=0.00, real=0.01 secs] 
2016-09-25T21:39:17.870-0400: 103.235: [Full GC (Ergonomics) [PSYoungGen: 165864K->0K(184832K)] [ParOldGen: 514688K->419792K(524288K)] 680552K->419792K(709120K), [Metaspace: 43859K->43859K(1087488K)], 0.0597346 secs] [Times: user=0.65 sys=0.01, real=0.06 secs] 
2016-09-25T21:39:18.008-0400: 103.373: [GC (GCLocker Initiated GC) [PSYoungGen: 112640K->47423K(184832K)] 536725K->471508K(709120K), 0.0074537 secs] [Times: user=0.10 sys=0.01, real=0.01 secs] 
2016-09-25T21:39:18.092-0400: 103.457: [GC (GCLocker Initiated GC) [PSYoungGen: 160063K->43922K(188416K)] 591028K->474886K(712704K), 0.0072252 secs] [Times: user=0.10 sys=0.00, real=0.01 secs] 
2016-09-25T21:39:18.174-0400: 103.539: [GC (GCLocker Initiated GC) [PSYoungGen: 163218K->51289K(187392K)] 599600K->487671K(711680K), 0.0067303 secs] [Times: user=0.07 sys=0.00, real=0.01 secs] 
2016-09-25T21:39:18.261-0400: 103.626: [GC (GCLocker Initiated GC) [PSYoungGen: 170585K->62910K(186368K)] 607078K->499403K(710656K), 0.0103166 secs] [Times: user=0.13 sys=0.02, real=0.01 secs] 
2016-09-25T21:39:18.358-0400: 103.723: [GC (GCLocker Initiated GC) [PSYoungGen: 181694K->46088K(190464K)] 620649K->485043K(714752K), 0.0079340 secs] [Times: user=0.07 sys=0.00, real=0.01 secs] 
2016-09-25T21:39:18.455-0400: 103.820: [GC (GCLocker Initiated GC) [PSYoungGen: 164872K->68554K(182272K)] 609446K->513128K(706560K), 0.0069707 secs] [Times: user=0.10 sys=0.00, real=0.00 secs] 
2016-09-25T21:39:18.557-0400: 103.922: [GC (GCLocker Initiated GC) [PSYoungGen: 181194K->49046K(187392K)] 625954K->493806K(711680K), 0.0107900 secs] [Times: user=0.09 sys=0.00, real=0.01 secs] 
2016-09-25T21:39:18.656-0400: 104.021: [GC (GCLocker Initiated GC) [PSYoungGen: 161686K->60476K(186368K)] 606628K->505418K(710656K), 0.0088658 secs] [Times: user=0.07 sys=0.00, real=0.01 secs] 
2016-09-25T21:39:18.757-0400: 104.121: [GC (GCLocker Initiated GC) [PSYoungGen: 174140K->66769K(180736K)] 619215K->511844K(705024K), 0.0100198 secs] [Times: user=0.10 sys=0.00, real=0.01 secs] 
2016-09-25T21:39:18.861-0400: 104.226: [GC (GCLocker Initiated GC) [PSYoungGen: 180433K->55493K(185856K)] 629577K->504636K(710144K), 0.0166577 secs] [Times: user=0.18 sys=0.01, real=0.02 secs] 
2016-09-25T21:39:18.956-0400: 104.321: [GC (GCLocker Initiated GC) [PSYoungGen: 163525K->75071K(183296K)] 612679K->526925K(707584K), 0.0076795 secs] [Times: user=0.08 sys=0.00, real=0.01 secs] 
2016-09-25T21:39:19.053-0400: 104.418: [GC (GCLocker Initiated GC) [PSYoungGen: 183103K->65119K(175104K)] 639040K->521056K(699392K), 0.0163255 secs] [Times: user=0.14 sys=0.00, real=0.02 secs] 
2016-09-25T21:39:19.134-0400: 104.499: [GC (GCLocker Initiated GC) [PSYoungGen: 161375K->76525K(173056K)] 617380K->532530K(697344K), 0.0143653 secs] [Times: user=0.16 sys=0.00, real=0.01 secs] 
2016-09-25T21:39:19.226-0400: 104.590: [GC (GCLocker Initiated GC) [PSYoungGen: 172781K->86634K(175104K)] 631522K->548074K(699392K), 0.0164258 secs] [Times: user=0.20 sys=0.00, real=0.01 secs] 
2016-09-25T21:39:19.309-0400: 104.674: [GC (GCLocker Initiated GC) [PSYoungGen: 174698K->62909K(175104K)] 641605K->539455K(699392K), 0.0116857 secs] [Times: user=0.12 sys=0.00, real=0.01 secs] 
2016-09-25T21:39:19.392-0400: 104.757: [GC (GCLocker Initiated GC) [PSYoungGen: 150973K->56826K(175104K)] 639829K->552606K(699392K), 0.0065012 secs] [Times: user=0.06 sys=0.00, real=0.01 secs] 
2016-09-25T21:39:19.458-0400: 104.823: [GC (GCLocker Initiated GC) [PSYoungGen: 144890K->57198K(175104K)] 643452K->570923K(699392K), 0.0083821 secs] [Times: user=0.08 sys=0.01, real=0.01 secs] 
2016-09-25T21:39:19.466-0400: 104.831: [Full GC (Ergonomics) [PSYoungGen: 57198K->0K(175104K)] [ParOldGen: 513725K->429688K(524288K)] 570923K->429688K(699392K), [Metaspace: 43859K->43859K(1087488K)], 0.0591640 secs] [Times: user=0.35 sys=0.01, real=0.06 secs] 
2016-09-25T21:39:19.601-0400: 104.966: [GC (GCLocker Initiated GC) [PSYoungGen: 88064K->29928K(175104K)] 531377K->473241K(699392K), 0.0052512 secs] [Times: user=0.06 sys=0.00, real=0.01 secs] 
2016-09-25T21:39:19.666-0400: 105.030: [GC (GCLocker Initiated GC) [PSYoungGen: 117992K->73800K(175104K)] 561386K->517194K(699392K), 0.0058428 secs] [Times: user=0.08 sys=0.00, real=0.00 secs] 
2016-09-25T21:39:19.750-0400: 105.114: [GC (GCLocker Initiated GC) [PSYoungGen: 161864K->51401K(175104K)] 610717K->500254K(699392K), 0.0136100 secs] [Times: user=0.15 sys=0.01, real=0.02 secs] 
2016-09-25T21:39:19.823-0400: 105.187: [GC (GCLocker Initiated GC) [PSYoungGen: 139465K->83391K(175104K)] 588351K->532277K(699392K), 0.0099200 secs] [Times: user=0.16 sys=0.00, real=0.00 secs] 
2016-09-25T21:39:19.899-0400: 105.264: [GC (GCLocker Initiated GC) [PSYoungGen: 171455K->56946K(175104K)] 621710K->507201K(699392K), 0.0089303 secs] [Times: user=0.09 sys=0.00, real=0.01 secs] 
2016-09-25T21:39:19.986-0400: 105.351: [GC (GCLocker Initiated GC) [PSYoungGen: 145010K->44219K(175104K)] 599464K->501146K(699392K), 0.0083196 secs] [Times: user=0.07 sys=0.00, real=0.01 secs] 
2016-09-25T21:39:20.065-0400: 105.430: [GC (GCLocker Initiated GC) [PSYoungGen: 132283K->51810K(175104K)] 594696K->523642K(699392K), 0.0213031 secs] [Times: user=0.33 sys=0.00, real=0.02 secs] 
2016-09-25T21:39:20.152-0400: 105.517: [GC (GCLocker Initiated GC) [PSYoungGen: 139874K->72723K(175104K)] 612087K->568168K(699392K), 0.0073443 secs] [Times: user=0.10 sys=0.00, real=0.01 secs] 
2016-09-25T21:39:20.216-0400: 105.581: [GC (GCLocker Initiated GC) [PSYoungGen: 160787K->74944K(175104K)] 656254K->574434K(699392K), 0.0079132 secs] [Times: user=0.08 sys=0.01, real=0.01 secs] 
2016-09-25T21:39:20.300-0400: 105.665: [GC (GCLocker Initiated GC) --[PSYoungGen: 163008K->163008K(175104K)] 662549K->685721K(699392K), 0.0253735 secs] [Times: user=0.29 sys=0.00, real=0.03 secs] 
2016-09-25T21:39:20.326-0400: 105.691: [Full GC (Ergonomics) [PSYoungGen: 163008K->0K(175104K)] [ParOldGen: 522713K->434184K(524288K)] 685721K->434184K(699392K), [Metaspace: 43860K->43860K(1087488K)], 0.0674048 secs] [Times: user=0.58 sys=0.02, real=0.06 secs] 
2016-09-25T21:39:20.453-0400: 105.818: [GC (GCLocker Initiated GC) [PSYoungGen: 88064K->36883K(175104K)] 533072K->481892K(699392K), 0.0100634 secs] [Times: user=0.12 sys=0.00, real=0.02 secs] 
2016-09-25T21:39:20.548-0400: 105.913: [GC (GCLocker Initiated GC) [PSYoungGen: 124947K->35076K(175104K)] 575424K->486944K(699392K), 0.0077949 secs] [Times: user=0.11 sys=0.00, real=0.01 secs] 
2016-09-25T21:39:20.632-0400: 105.997: [GC (GCLocker Initiated GC) [PSYoungGen: 123140K->33874K(175104K)] 576365K->488033K(699392K), 0.0073163 secs] [Times: user=0.10 sys=0.00, real=0.01 secs] 
2016-09-25T21:39:20.699-0400: 106.064: [GC (GCLocker Initiated GC) [PSYoungGen: 121938K->51217K(175104K)] 581660K->511998K(699392K), 0.0081854 secs] [Times: user=0.11 sys=0.00, real=0.01 secs] 
2016-09-25T21:39:20.777-0400: 106.141: [GC (GCLocker Initiated GC) [PSYoungGen: 139281K->38918K(175104K)] 602806K->524918K(699392K), 0.0173789 secs] [Times: user=0.24 sys=0.00, real=0.01 secs] 
2016-09-25T21:39:20.861-0400: 106.226: [GC (GCLocker Initiated GC) [PSYoungGen: 126982K->45841K(175104K)] 613138K->551719K(699392K), 0.0064204 secs] [Times: user=0.08 sys=0.00, real=0.01 secs] 
2016-09-25T21:39:20.868-0400: 106.233: [Full GC (Ergonomics) [PSYoungGen: 45841K->0K(175104K)] [ParOldGen: 505877K->422569K(524288K)] 551719K->422569K(699392K), [Metaspace: 43860K->43860K(1087488K)], 0.0654688 secs] [Times: user=0.79 sys=0.01, real=0.06 secs] 
2016-09-25T21:39:21.000-0400: 106.365: [GC (GCLocker Initiated GC) [PSYoungGen: 88064K->63966K(175104K)] 513407K->489309K(699392K), 0.0102708 secs] [Times: user=0.18 sys=0.00, real=0.01 secs] 
2016-09-25T21:39:21.067-0400: 106.432: [GC (GCLocker Initiated GC) [PSYoungGen: 152030K->47049K(175104K)] 577392K->502195K(699392K), 0.0066181 secs] [Times: user=0.09 sys=0.00, real=0.00 secs] 
2016-09-25T21:39:21.148-0400: 106.513: [GC (GCLocker Initiated GC) [PSYoungGen: 135113K->41866K(130048K)] 598384K->505830K(654336K), 0.0061136 secs] [Times: user=0.07 sys=0.01, real=0.01 secs] 
2016-09-25T21:39:21.214-0400: 106.579: [GC (GCLocker Initiated GC) [PSYoungGen: 129930K->59193K(174080K)] 596824K->526930K(698368K), 0.0065355 secs] [Times: user=0.08 sys=0.00, real=0.01 secs] 
2016-09-25T21:39:21.294-0400: 106.659: [GC (GCLocker Initiated GC) [PSYoungGen: 147769K->44286K(173568K)] 618232K->526197K(697856K), 0.0062038 secs] [Times: user=0.08 sys=0.00, real=0.00 secs] 
2016-09-25T21:39:21.360-0400: 106.725: [GC (GCLocker Initiated GC) [PSYoungGen: 132862K->59966K(174592K)] 616163K->543267K(698880K), 0.0108682 secs] [Times: user=0.12 sys=0.00, real=0.01 secs] 
2016-09-25T21:39:21.437-0400: 106.802: [GC (GCLocker Initiated GC) [PSYoungGen: 151614K->66655K(174592K)] 634948K->572260K(698880K), 0.0079382 secs] [Times: user=0.09 sys=0.00, real=0.01 secs] 
2016-09-25T21:39:21.445-0400: 106.810: [Full GC (Ergonomics) [PSYoungGen: 66655K->0K(174592K)] [ParOldGen: 505605K->429943K(524288K)] 572260K->429943K(698880K), [Metaspace: 43860K->43860K(1087488K)], 0.0634599 secs] [Times: user=0.47 sys=0.02, real=0.06 secs] 
2016-09-25T21:39:21.586-0400: 106.951: [GC (Allocation Failure) [PSYoungGen: 91648K->27200K(174592K)] 532446K->467998K(698880K), 0.0111518 secs] [Times: user=0.10 sys=0.02, real=0.01 secs] 
2016-09-25T21:39:21.662-0400: 107.027: [GC (GCLocker Initiated GC) [PSYoungGen: 115342K->38771K(128000K)] 558840K->482269K(652288K), 0.0066618 secs] [Times: user=0.05 sys=0.00, real=0.01 secs] 
2016-09-25T21:39:21.732-0400: 107.097: [GC (GCLocker Initiated GC) [PSYoungGen: 127859K->47405K(178176K)] 579483K->499029K(702464K), 0.0054684 secs] [Times: user=0.06 sys=0.00, real=0.01 secs] 
2016-09-25T21:39:21.809-0400: 107.174: [GC (GCLocker Initiated GC) [PSYoungGen: 140589K->49393K(142848K)] 592362K->501166K(667136K), 0.0080522 secs] [Times: user=0.08 sys=0.00, real=0.01 secs] 
2016-09-25T21:39:21.878-0400: 107.243: [GC (GCLocker Initiated GC) [PSYoungGen: 142577K->62247K(172032K)] 599970K->519640K(696320K), 0.0062502 secs] [Times: user=0.08 sys=0.00, real=0.01 secs] 
2016-09-25T21:39:21.969-0400: 107.333: [GC (GCLocker Initiated GC) [PSYoungGen: 155431K->39908K(174080K)] 618454K->502931K(698368K), 0.0111650 secs] [Times: user=0.13 sys=0.00, real=0.01 secs] 
2016-09-25T21:39:22.041-0400: 107.405: [GC (GCLocker Initiated GC) [PSYoungGen: 133092K->68974K(174592K)] 596132K->532014K(698880K), 0.0058772 secs] [Times: user=0.07 sys=0.01, real=0.01 secs] 
2016-09-25T21:39:22.121-0400: 107.486: [GC (GCLocker Initiated GC) [PSYoungGen: 164206K->58945K(178688K)] 639400K->534139K(702976K), 0.0064745 secs] [Times: user=0.08 sys=0.00, real=0.01 secs] 
2016-09-25T21:39:22.206-0400: 107.570: [GC (GCLocker Initiated GC) [PSYoungGen: 154177K->70477K(171520K)] 632174K->548474K(695808K), 0.0104921 secs] [Times: user=0.14 sys=0.01, real=0.01 secs] 
2016-09-25T21:39:22.270-0400: 107.635: [GC (Allocation Failure) [PSYoungGen: 158541K->83171K(175104K)] 642086K->566716K(699392K), 0.0078314 secs] [Times: user=0.11 sys=0.00, real=0.01 secs] 
2016-09-25T21:39:22.279-0400: 107.644: [GC (GCLocker Initiated GC) [PSYoungGen: 83318K->86858K(175104K)] 566864K->585688K(699392K), 0.0071796 secs] [Times: user=0.10 sys=0.00, real=0.01 secs] 
2016-09-25T21:39:22.360-0400: 107.725: [GC (GCLocker Initiated GC) [PSYoungGen: 174242K->49748K(175104K)] 675772K->568803K(699392K), 0.0069546 secs] [Times: user=0.08 sys=0.00, real=0.01 secs] 
2016-09-25T21:39:22.367-0400: 107.732: [Full GC (Ergonomics) [PSYoungGen: 49748K->0K(175104K)] [ParOldGen: 519054K->433296K(524288K)] 568803K->433296K(699392K), [Metaspace: 43860K->43860K(1087488K)], 0.0567580 secs] [Times: user=0.55 sys=0.00, real=0.06 secs] 
2016-09-25T21:39:22.481-0400: 107.846: [GC (GCLocker Initiated GC) [PSYoungGen: 88064K->47348K(175104K)] 529636K->488920K(699392K), 0.0066840 secs] [Times: user=0.07 sys=0.01, real=0.01 secs] 
2016-09-25T21:39:22.567-0400: 107.932: [GC (GCLocker Initiated GC) [PSYoungGen: 135412K->35656K(175104K)] 577053K->477298K(699392K), 0.0086319 secs] [Times: user=0.08 sys=0.00, real=0.01 secs] 
2016-09-25T21:39:22.636-0400: 108.001: [GC (GCLocker Initiated GC) [PSYoungGen: 123720K->41839K(175104K)] 575041K->493160K(699392K), 0.0075669 secs] [Times: user=0.06 sys=0.00, real=0.01 secs] 
2016-09-25T21:39:22.718-0400: 108.083: [GC (GCLocker Initiated GC) [PSYoungGen: 129903K->45208K(175104K)] 585301K->500605K(699392K), 0.0060562 secs] [Times: user=0.05 sys=0.00, real=0.01 secs] 
2016-09-25T21:39:22.803-0400: 108.168: [GC (GCLocker Initiated GC) [PSYoungGen: 133272K->40315K(175104K)] 595588K->504249K(699392K), 0.0057127 secs] [Times: user=0.05 sys=0.00, real=0.00 secs] 
2016-09-25T21:39:22.879-0400: 108.243: [GC (GCLocker Initiated GC) [PSYoungGen: 128379K->49140K(175104K)] 592558K->528271K(699392K), 0.0067036 secs] [Times: user=0.07 sys=0.00, real=0.01 secs] 
2016-09-25T21:39:22.945-0400: 108.310: [GC (GCLocker Initiated GC) [PSYoungGen: 137204K->22669K(175104K)] 616361K->514068K(699392K), 0.0154747 secs] [Times: user=0.17 sys=0.00, real=0.01 secs] 
2016-09-25T21:39:23.033-0400: 108.398: [GC (GCLocker Initiated GC) [PSYoungGen: 110733K->44262K(132608K)] 604868K->560730K(656896K), 0.0132098 secs] [Times: user=0.16 sys=0.00, real=0.02 secs] 
2016-09-25T21:39:23.046-0400: 108.411: [Full GC (Ergonomics) [PSYoungGen: 44262K->0K(132608K)] [ParOldGen: 516468K->445389K(524288K)] 560730K->445389K(656896K), [Metaspace: 43860K->43860K(1087488K)], 0.0592045 secs] [Times: user=0.36 sys=0.01, real=0.06 secs] 
2016-09-25T21:39:23.181-0400: 108.546: [GC (GCLocker Initiated GC) [PSYoungGen: 88064K->39039K(176128K)] 536154K->487130K(700416K), 0.0110984 secs] [Times: user=0.13 sys=0.00, real=0.01 secs] 
2016-09-25T21:39:23.261-0400: 108.626: [GC (GCLocker Initiated GC) [PSYoungGen: 129151K->52560K(174080K)] 582883K->508642K(698368K), 0.0076167 secs] [Times: user=0.09 sys=0.00, real=0.01 secs] 
2016-09-25T21:39:23.349-0400: 108.714: [GC (GCLocker Initiated GC) [PSYoungGen: 142672K->41695K(176128K)] 604215K->503993K(700416K), 0.0085158 secs] [Times: user=0.09 sys=0.00, real=0.01 secs] 
2016-09-25T21:39:23.430-0400: 108.795: [GC (GCLocker Initiated GC) [PSYoungGen: 135903K->41778K(174080K)] 598306K->523869K(698368K), 0.0057909 secs] [Times: user=0.07 sys=0.01, real=0.01 secs] 
2016-09-25T21:39:23.504-0400: 108.869: [GC (GCLocker Initiated GC) [PSYoungGen: 135986K->53761K(178176K)] 620852K->539402K(702464K), 0.0112531 secs] [Times: user=0.13 sys=0.00, real=0.01 secs] 
2016-09-25T21:39:23.598-0400: 108.962: [GC (GCLocker Initiated GC) [PSYoungGen: 154625K->44243K(177664K)] 642994K->533243K(701952K), 0.0103175 secs] [Times: user=0.11 sys=0.00, real=0.01 secs] 
2016-09-25T21:39:23.679-0400: 109.044: [GC (GCLocker Initiated GC) [PSYoungGen: 145107K->49767K(183296K)] 636819K->563826K(707584K), 0.0093022 secs] [Times: user=0.12 sys=0.01, real=0.01 secs] 
2016-09-25T21:39:23.689-0400: 109.054: [Full GC (Ergonomics) [PSYoungGen: 49767K->0K(183296K)] [ParOldGen: 514059K->447369K(524288K)] 563826K->447369K(707584K), [Metaspace: 43860K->43860K(1087488K)], 0.0658734 secs] [Times: user=0.64 sys=0.00, real=0.07 secs] 
2016-09-25T21:39:23.847-0400: 109.212: [GC (GCLocker Initiated GC) [PSYoungGen: 110080K->51513K(182784K)] 563054K->504488K(707072K), 0.0065274 secs] [Times: user=0.06 sys=0.00, real=0.00 secs] 
2016-09-25T21:39:23.959-0400: 109.324: [GC (GCLocker Initiated GC) [PSYoungGen: 161593K->29507K(186880K)] 624081K->506698K(711168K), 0.0078241 secs] [Times: user=0.06 sys=0.00, real=0.01 secs] 
2016-09-25T21:39:24.057-0400: 109.422: [GC (GCLocker Initiated GC) [PSYoungGen: 144707K->48001K(187904K)] 623384K->526679K(712192K), 0.0067920 secs] [Times: user=0.07 sys=0.00, real=0.01 secs] 
2016-09-25T21:39:24.164-0400: 109.529: [GC (GCLocker Initiated GC) [PSYoungGen: 163201K->45865K(185344K)] 641888K->524552K(709632K), 0.0156160 secs] [Times: user=0.19 sys=0.00, real=0.01 secs] 
2016-09-25T21:39:24.250-0400: 109.615: [GC (GCLocker Initiated GC) [PSYoungGen: 164649K->61868K(186880K)] 648765K->546932K(711168K), 0.0091076 secs] [Times: user=0.11 sys=0.00, real=0.01 secs] 
2016-09-25T21:39:24.343-0400: 109.707: [GC (GCLocker Initiated GC) [PSYoungGen: 180652K->43021K(192000K)] 668530K->539823K(716288K), 0.0172354 secs] [Times: user=0.20 sys=0.00, real=0.01 secs] 
2016-09-25T21:39:24.469-0400: 109.834: [Full GC (Ergonomics) [PSYoungGen: 162829K->0K(192000K)] [ParOldGen: 499535K->441399K(524288K)] 662364K->441399K(716288K), [Metaspace: 43860K->43860K(1087488K)], 0.0752959 secs] [Times: user=0.59 sys=0.02, real=0.08 secs] 
2016-09-25T21:39:24.655-0400: 110.020: [GC (GCLocker Initiated GC) [PSYoungGen: 119808K->18621K(138752K)] 567976K->466789K(663040K), 0.0154520 secs] [Times: user=0.18 sys=0.00, real=0.01 secs] 
2016-09-25T21:39:24.756-0400: 110.121: [GC (GCLocker Initiated GC) [PSYoungGen: 138429K->32818K(189952K)] 593374K->487763K(714240K), 0.0125021 secs] [Times: user=0.13 sys=0.00, real=0.01 secs] 
2016-09-25T21:39:24.857-0400: 110.222: [GC (GCLocker Initiated GC) [PSYoungGen: 150066K->41383K(158720K)] 607888K->503215K(683008K), 0.0062790 secs] [Times: user=0.06 sys=0.00, real=0.01 secs] 
2016-09-25T21:39:24.958-0400: 110.323: [GC (GCLocker Initiated GC) [PSYoungGen: 158631K->46868K(188416K)] 623309K->512100K(712704K), 0.0062693 secs] [Times: user=0.06 sys=0.00, real=0.01 secs] 
2016-09-25T21:39:25.050-0400: 110.415: [GC (GCLocker Initiated GC) [PSYoungGen: 165652K->38831K(186880K)] 634960K->527700K(711168K), 0.0062275 secs] [Times: user=0.05 sys=0.01, real=0.01 secs] 
2016-09-25T21:39:25.133-0400: 110.498: [GC (GCLocker Initiated GC) [PSYoungGen: 157615K->39187K(192512K)] 651920K->533492K(716800K), 0.0064421 secs] [Times: user=0.04 sys=0.00, real=0.01 secs] 
2016-09-25T21:39:25.231-0400: 110.596: [GC (GCLocker Initiated GC) [PSYoungGen: 165139K->56221K(190976K)] 664935K->556017K(715264K), 0.0065198 secs] [Times: user=0.07 sys=0.00, real=0.01 secs] 
2016-09-25T21:39:25.324-0400: 110.689: [Full GC (Ergonomics) [PSYoungGen: 182173K->0K(190976K)] [ParOldGen: 508019K->443220K(524288K)] 690193K->443220K(715264K), [Metaspace: 43863K->43863K(1087488K)], 0.0608295 secs] [Times: user=0.42 sys=0.00, real=0.06 secs] 
2016-09-25T21:39:25.461-0400: 110.826: [GC (GCLocker Initiated GC) [PSYoungGen: 125952K->56580K(189440K)] 571910K->502538K(713728K), 0.0064418 secs] [Times: user=0.06 sys=0.00, real=0.01 secs] 
2016-09-25T21:39:25.552-0400: 110.917: [GC (GCLocker Initiated GC) [PSYoungGen: 178436K->43635K(192000K)] 628473K->493672K(716288K), 0.0101621 secs] [Times: user=0.11 sys=0.00, real=0.02 secs] 
2016-09-25T21:39:25.645-0400: 111.009: [GC (GCLocker Initiated GC) [PSYoungGen: 165491K->65911K(183808K)] 620942K->521362K(708096K), 0.0144131 secs] [Times: user=0.16 sys=0.00, real=0.01 secs] 
2016-09-25T21:39:25.741-0400: 111.106: [GC (GCLocker Initiated GC) [PSYoungGen: 181623K->49009K(188928K)] 640011K->507397K(713216K), 0.0287768 secs] [Times: user=0.25 sys=0.00, real=0.03 secs] 
2016-09-25T21:39:25.857-0400: 111.222: [GC (GCLocker Initiated GC) [PSYoungGen: 164721K->70221K(179200K)] 631230K->536730K(703488K), 0.0095417 secs] [Times: user=0.11 sys=0.00, real=0.01 secs] 
2016-09-25T21:39:25.952-0400: 111.317: [GC (GCLocker Initiated GC) [PSYoungGen: 177741K->63744K(171520K)] 644372K->550702K(695808K), 0.0074584 secs] [Times: user=0.11 sys=0.00, real=0.01 secs] 
2016-09-25T21:39:26.044-0400: 111.408: [GC (GCLocker Initiated GC) [PSYoungGen: 171264K->52390K(184320K)] 662468K->558482K(708608K), 0.0069733 secs] [Times: user=0.08 sys=0.00, real=0.00 secs] 
2016-09-25T21:39:26.051-0400: 111.416: [Full GC (Ergonomics) [PSYoungGen: 52390K->0K(184320K)] [ParOldGen: 506091K->447505K(524288K)] 558482K->447505K(708608K), [Metaspace: 43863K->43863K(1087488K)], 0.0621242 secs] [Times: user=0.52 sys=0.01, real=0.06 secs] 
2016-09-25T21:39:26.210-0400: 111.574: [GC (GCLocker Initiated GC) [PSYoungGen: 104448K->52506K(157184K)] 551989K->500048K(681472K), 0.0059060 secs] [Times: user=0.04 sys=0.00, real=0.01 secs] 
2016-09-25T21:39:26.296-0400: 111.661: [GC (GCLocker Initiated GC) [PSYoungGen: 156954K->70954K(174592K)] 609901K->523902K(698880K), 0.0065809 secs] [Times: user=0.06 sys=0.00, real=0.01 secs] 
2016-09-25T21:39:26.409-0400: 111.774: [GC (GCLocker Initiated GC) [PSYoungGen: 170282K->20713K(120320K)] 628693K->502930K(644608K), 0.0066996 secs] [Times: user=0.04 sys=0.00, real=0.01 secs] 
2016-09-25T21:39:26.502-0400: 111.867: [GC (GCLocker Initiated GC) [PSYoungGen: 120041K->39478K(180224K)] 610199K->529636K(704512K), 0.0060179 secs] [Times: user=0.06 sys=0.00, real=0.01 secs] 
2016-09-25T21:39:26.590-0400: 111.955: [Full GC (Ergonomics) [PSYoungGen: 136246K->0K(180224K)] [ParOldGen: 505105K->448524K(524288K)] 641351K->448524K(704512K), [Metaspace: 43863K->43863K(1087488K)], 0.0913893 secs] [Times: user=0.78 sys=0.03, real=0.09 secs] 
2016-09-25T21:39:26.773-0400: 112.138: [GC (GCLocker Initiated GC) [PSYoungGen: 96768K->32598K(129536K)] 561513K->497343K(653824K), 0.0180022 secs] [Times: user=0.19 sys=0.00, real=0.02 secs] 
2016-09-25T21:39:26.877-0400: 112.242: [GC (GCLocker Initiated GC) [PSYoungGen: 129366K->62836K(176128K)] 594140K->527610K(700416K), 0.0082633 secs] [Times: user=0.08 sys=0.00, real=0.01 secs] 
2016-09-25T21:39:26.966-0400: 112.330: [GC (GCLocker Initiated GC) [PSYoungGen: 157556K->42111K(178176K)] 629285K->513840K(702464K), 0.0078985 secs] [Times: user=0.07 sys=0.00, real=0.00 secs] 
2016-09-25T21:39:27.056-0400: 112.421: [GC (GCLocker Initiated GC) [PSYoungGen: 136831K->42760K(173568K)] 623446K->529374K(697856K), 0.0069059 secs] [Times: user=0.05 sys=0.00, real=0.01 secs] 
2016-09-25T21:39:27.125-0400: 112.490: [GC (GCLocker Initiated GC) [PSYoungGen: 140040K->71798K(176128K)] 626660K->558418K(700416K), 0.0240697 secs] [Times: user=0.29 sys=0.00, real=0.02 secs] 
2016-09-25T21:39:27.232-0400: 112.597: [GC (GCLocker Initiated GC) [PSYoungGen: 169078K->56122K(178688K)] 661102K->548146K(702976K), 0.0094920 secs] [Times: user=0.09 sys=0.00, real=0.01 secs] 
2016-09-25T21:39:27.310-0400: 112.675: [GC (GCLocker Initiated GC) [PSYoungGen: 149818K->69520K(163328K)] 641945K->562731K(687616K), 0.0074819 secs] [Times: user=0.08 sys=0.00, real=0.01 secs] 
2016-09-25T21:39:27.403-0400: 112.768: [GC (GCLocker Initiated GC) [PSYoungGen: 163216K->43683K(176640K)] 663230K->549771K(700928K), 0.0147976 secs] [Times: user=0.16 sys=0.01, real=0.01 secs] 
2016-09-25T21:39:27.492-0400: 112.857: [Full GC (Ergonomics) [PSYoungGen: 133283K->0K(176640K)] [ParOldGen: 511726K->441136K(524288K)] 645010K->441136K(700928K), [Metaspace: 43865K->43865K(1087488K)], 0.0817901 secs] [Times: user=0.78 sys=0.01, real=0.08 secs] 
2016-09-25T21:39:27.658-0400: 113.023: [GC (GCLocker Initiated GC) [PSYoungGen: 89600K->55645K(145408K)] 530769K->496815K(669696K), 0.0095964 secs] [Times: user=0.11 sys=0.01, real=0.01 secs] 
2016-09-25T21:39:27.746-0400: 113.110: [GC (GCLocker Initiated GC) [PSYoungGen: 145245K->69928K(169472K)] 586470K->511153K(693760K), 0.0090862 secs] [Times: user=0.08 sys=0.00, real=0.01 secs] 
2016-09-25T21:39:27.821-0400: 113.186: [GC (GCLocker Initiated GC) [PSYoungGen: 155944K->50229K(173056K)] 600088K->494373K(697344K), 0.0108050 secs] [Times: user=0.06 sys=0.01, real=0.01 secs] 
2016-09-25T21:39:27.914-0400: 113.278: [GC (GCLocker Initiated GC) [PSYoungGen: 136245K->48524K(168960K)] 591236K->503516K(693248K), 0.0145423 secs] [Times: user=0.14 sys=0.01, real=0.02 secs] 
2016-09-25T21:39:28.004-0400: 113.369: [GC (GCLocker Initiated GC) [PSYoungGen: 139148K->64607K(172544K)] 598223K->530239K(696832K), 0.0076308 secs] [Times: user=0.10 sys=0.00, real=0.00 secs] 
2016-09-25T21:39:28.081-0400: 113.445: [GC (GCLocker Initiated GC) [PSYoungGen: 155231K->57851K(178688K)] 623681K->529800K(702976K), 0.0259955 secs] [Times: user=0.32 sys=0.00, real=0.03 secs] 
2016-09-25T21:39:28.187-0400: 113.552: [GC (GCLocker Initiated GC) [PSYoungGen: 154619K->61125K(178688K)] 626605K->550929K(702976K), 0.0075816 secs] [Times: user=0.07 sys=0.01, real=0.01 secs] 
2016-09-25T21:39:28.279-0400: 113.644: [GC (GCLocker Initiated GC) [PSYoungGen: 157893K->34660K(179200K)] 653208K->558872K(703488K), 0.0088214 secs] [Times: user=0.08 sys=0.01, real=0.01 secs] 
2016-09-25T21:39:28.288-0400: 113.653: [Full GC (Ergonomics) [PSYoungGen: 34660K->0K(179200K)] [ParOldGen: 524211K->453112K(524288K)] 558872K->453112K(703488K), [Metaspace: 43869K->43869K(1087488K)], 0.0619384 secs] [Times: user=0.61 sys=0.00, real=0.06 secs] 
2016-09-25T21:39:28.426-0400: 113.791: [GC (GCLocker Initiated GC) [PSYoungGen: 97280K->41924K(139264K)] 553125K->497770K(663552K), 0.0171732 secs] [Times: user=0.21 sys=0.00, real=0.02 secs] 
2016-09-25T21:39:28.526-0400: 113.891: [GC (GCLocker Initiated GC) [PSYoungGen: 139204K->38942K(179712K)] 600597K->520252K(704000K), 0.0139430 secs] [Times: user=0.18 sys=0.00, real=0.01 secs] 
2016-09-25T21:39:28.626-0400: 113.991: [GC (GCLocker Initiated GC) [PSYoungGen: 137246K->37784K(179200K)] 628047K->529447K(703488K), 0.0117546 secs] [Times: user=0.15 sys=0.02, real=0.01 secs] 
2016-09-25T21:39:28.721-0400: 114.086: [GC (GCLocker Initiated GC) [PSYoungGen: 136088K->44442K(178688K)] 631909K->541109K(702976K), 0.0060113 secs] [Times: user=0.04 sys=0.02, real=0.01 secs] 
2016-09-25T21:39:28.804-0400: 114.168: [GC (GCLocker Initiated GC) [PSYoungGen: 145818K->40316K(179200K)] 642517K->556749K(703488K), 0.0073410 secs] [Times: user=0.06 sys=0.00, real=0.00 secs] 
2016-09-25T21:39:28.811-0400: 114.176: [Full GC (Ergonomics) [PSYoungGen: 40316K->0K(179200K)] [ParOldGen: 516433K->454182K(524288K)] 556749K->454182K(703488K), [Metaspace: 43869K->43869K(1087488K)], 0.0640527 secs] [Times: user=0.50 sys=0.00, real=0.07 secs] 
2016-09-25T21:39:28.962-0400: 114.327: [GC (GCLocker Initiated GC) [PSYoungGen: 101376K->33010K(183296K)] 565075K->496709K(707584K), 0.0153790 secs] [Times: user=0.14 sys=0.01, real=0.01 secs] 
2016-09-25T21:39:29.076-0400: 114.441: [GC (GCLocker Initiated GC) [PSYoungGen: 140018K->37616K(183296K)] 606423K->505388K(707584K), 0.0067098 secs] [Times: user=0.04 sys=0.00, real=0.01 secs] 
2016-09-25T21:39:29.174-0400: 114.538: [GC (Allocation Failure) [PSYoungGen: 144624K->39942K(183296K)] 617980K->513298K(707584K), 0.0140205 secs] [Times: user=0.14 sys=0.00, real=0.02 secs] 
2016-09-25T21:39:29.271-0400: 114.636: [GC (GCLocker Initiated GC) [PSYoungGen: 148891K->45356K(183808K)] 624947K->522290K(708096K), 0.0076931 secs] [Times: user=0.08 sys=0.00, real=0.01 secs] 
2016-09-25T21:39:29.376-0400: 114.741: [GC (GCLocker Initiated GC) [PSYoungGen: 156460K->36242K(188416K)] 635098K->515801K(712704K), 0.0095076 secs] [Times: user=0.09 sys=0.00, real=0.01 secs] 
2016-09-25T21:39:29.475-0400: 114.840: [GC (GCLocker Initiated GC) [PSYoungGen: 154514K->48295K(187392K)] 634078K->528790K(711680K), 0.0067007 secs] [Times: user=0.06 sys=0.01, real=0.00 secs] 
2016-09-25T21:39:29.582-0400: 114.947: [GC (GCLocker Initiated GC) [PSYoungGen: 166567K->23970K(189440K)] 660104K->517507K(713728K), 0.0090463 secs] [Times: user=0.10 sys=0.00, real=0.01 secs] 
2016-09-25T21:39:29.683-0400: 115.048: [GC (GCLocker Initiated GC) [PSYoungGen: 145314K->33250K(190976K)] 645734K->533670K(715264K), 0.0163847 secs] [Times: user=0.18 sys=0.00, real=0.01 secs] 
2016-09-25T21:39:29.788-0400: 115.153: [GC (GCLocker Initiated GC) [PSYoungGen: 154594K->49479K(192000K)] 655020K->550978K(716288K), 0.0168565 secs] [Times: user=0.20 sys=0.00, real=0.02 secs] 
2016-09-25T21:39:29.905-0400: 115.270: [Full GC (Ergonomics) [PSYoungGen: 173383K->0K(192000K)] [ParOldGen: 509653K->464427K(524288K)] 683036K->464427K(716288K), [Metaspace: 43876K->43876K(1087488K)], 0.0591220 secs] [Times: user=0.56 sys=0.00, real=0.06 secs] 
2016-09-25T21:39:34.571-0400: 119.935: [GC (Allocation Failure) [PSYoungGen: 123904K->19622K(143872K)] 588333K->484051K(668160K), 0.0245814 secs] [Times: user=0.23 sys=0.01, real=0.03 secs] 
2016-09-25T21:39:42.719-0400: 128.084: [GC (Allocation Failure) [PSYoungGen: 143526K->52333K(188928K)] 607955K->516770K(713216K), 0.0097846 secs] [Times: user=0.08 sys=0.00, real=0.01 secs] 
2016-09-25T21:39:49.997-0400: 135.362: [GC (Allocation Failure) [PSYoungGen: 171117K->71666K(190464K)] 635554K->547642K(714752K), 0.0144624 secs] [Times: user=0.07 sys=0.02, real=0.01 secs] 
2016-09-25T21:39:57.068-0400: 142.433: [GC (Allocation Failure) [PSYoungGen: 190450K->34184K(169984K)] 666426K->512337K(694272K), 0.0076608 secs] [Times: user=0.06 sys=0.00, real=0.01 secs] 
