Java HotSpot(TM) 64-Bit Server VM (25.101-b13) for linux-amd64 JRE (1.8.0_101-b13), built on Jun 22 2016 02:59:44 by "java_re" with gcc 4.3.0 20080428 (Red Hat 4.3.0-8)
Memory: 4k page, physical 264122320k(164212884k free), swap 268399612k(268399612k free)
CommandLine flags: -XX:GCLogFileSize=1048576 -XX:+HeapDumpOnOutOfMemoryError -XX:HeapDumpPath=artifacts/heapdump -XX:InitialHeapSize=805306368 -XX:MaxHeapSize=805306368 -XX:NumberOfGCLogFiles=10 -XX:+PrintGC -XX:+PrintGCDateStamps -XX:+PrintGCDetails -XX:+PrintGCTimeStamps -XX:+UseCompressedClassPointers -XX:+UseCompressedOops -XX:+UseGCLogFileRotation -XX:+UseParallelGC 
2016-09-24T04:24:23.043-0400: 2.189: [GC (Metadata GC Threshold) [PSYoungGen: 121898K->15579K(229376K)] 121898K->15667K(753664K), 0.0226010 secs] [Times: user=0.18 sys=0.02, real=0.02 secs] 
2016-09-24T04:24:23.066-0400: 2.212: [Full GC (Metadata GC Threshold) [PSYoungGen: 15579K->0K(229376K)] [ParOldGen: 88K->14602K(338432K)] 15667K->14602K(567808K), [Metaspace: 21074K->21074K(1067008K)], 0.0394633 secs] [Times: user=0.33 sys=0.00, real=0.04 secs] 
2016-09-24T04:24:24.953-0400: 4.099: [GC (Metadata GC Threshold) [PSYoungGen: 122257K->15558K(229376K)] 136860K->30169K(567808K), 0.0292341 secs] [Times: user=0.24 sys=0.06, real=0.04 secs] 
2016-09-24T04:24:24.982-0400: 4.128: [Full GC (Metadata GC Threshold) [PSYoungGen: 15558K->0K(229376K)] [ParOldGen: 14610K->20913K(524288K)] 30169K->20913K(753664K), [Metaspace: 35068K->35068K(1079296K)], 0.0710854 secs] [Times: user=0.49 sys=0.02, real=0.06 secs] 
2016-09-24T04:24:26.761-0400: 5.907: [GC (GCLocker Initiated GC) [PSYoungGen: 195458K->32755K(229376K)] 219071K->57394K(753664K), 0.0129564 secs] [Times: user=0.12 sys=0.01, real=0.01 secs] 
2016-09-24T04:24:27.042-0400: 6.188: [GC (GCLocker Initiated GC) [PSYoungGen: 229363K->32402K(229376K)] 256743K->139440K(753664K), 0.0148310 secs] [Times: user=0.13 sys=0.06, real=0.02 secs] 
2016-09-24T04:24:27.177-0400: 6.322: [GC (GCLocker Initiated GC) [PSYoungGen: 229010K->32736K(229376K)] 336134K->185326K(753664K), 0.0153518 secs] [Times: user=0.14 sys=0.03, real=0.01 secs] 
2016-09-24T04:24:27.273-0400: 6.418: [GC (GCLocker Initiated GC) [PSYoungGen: 229344K->32145K(158720K)] 387408K->250960K(683008K), 0.0507718 secs] [Times: user=0.53 sys=0.04, real=0.06 secs] 
2016-09-24T04:24:27.381-0400: 6.527: [GC (GCLocker Initiated GC) [PSYoungGen: 158097K->67507K(193536K)] 383896K->329757K(717824K), 0.0154679 secs] [Times: user=0.18 sys=0.01, real=0.02 secs] 
2016-09-24T04:24:27.471-0400: 6.616: [GC (GCLocker Initiated GC) [PSYoungGen: 193459K->66344K(156672K)] 477423K->373327K(680960K), 0.0231769 secs] [Times: user=0.24 sys=0.03, real=0.02 secs] 
2016-09-24T04:24:27.538-0400: 6.684: [GC (GCLocker Initiated GC) [PSYoungGen: 154408K->59071K(175104K)] 469601K->403213K(699392K), 0.0123853 secs] [Times: user=0.11 sys=0.02, real=0.01 secs] 
2016-09-24T04:24:27.593-0400: 6.739: [GC (GCLocker Initiated GC) [PSYoungGen: 147135K->57428K(175104K)] 500957K->446773K(699392K), 0.0158534 secs] [Times: user=0.20 sys=0.00, real=0.02 secs] 
2016-09-24T04:24:27.646-0400: 6.792: [GC (GCLocker Initiated GC) [PSYoungGen: 145492K->53293K(175104K)] 534937K->490425K(699392K), 0.0178770 secs] [Times: user=0.23 sys=0.01, real=0.02 secs] 
2016-09-24T04:24:27.696-0400: 6.842: [GC (GCLocker Initiated GC) [PSYoungGen: 141357K->65586K(175104K)] 583505K->539074K(699392K), 0.0118457 secs] [Times: user=0.13 sys=0.02, real=0.01 secs] 
2016-09-24T04:24:27.708-0400: 6.854: [Full GC (Ergonomics) [PSYoungGen: 65586K->0K(175104K)] [ParOldGen: 473487K->77312K(524288K)] 539074K->77312K(699392K), [Metaspace: 42886K->42866K(1085440K)], 0.2026863 secs] [Times: user=3.04 sys=0.05, real=0.20 secs] 
2016-09-24T04:24:27.955-0400: 7.101: [GC (GCLocker Initiated GC) [PSYoungGen: 88064K->65632K(175104K)] 169290K->146867K(699392K), 0.0067033 secs] [Times: user=0.08 sys=0.00, real=0.01 secs] 
2016-09-24T04:24:27.996-0400: 7.142: [GC (GCLocker Initiated GC) [PSYoungGen: 153696K->54786K(175104K)] 238795K->174094K(699392K), 0.0063867 secs] [Times: user=0.10 sys=0.01, real=0.01 secs] 
2016-09-24T04:24:28.045-0400: 7.191: [GC (GCLocker Initiated GC) [PSYoungGen: 142850K->65571K(175104K)] 273204K->211124K(699392K), 0.0069305 secs] [Times: user=0.12 sys=0.00, real=0.00 secs] 
2016-09-24T04:24:28.079-0400: 7.224: [GC (GCLocker Initiated GC) [PSYoungGen: 153635K->80436K(175104K)] 299277K->237206K(699392K), 0.0069518 secs] [Times: user=0.10 sys=0.01, real=0.01 secs] 
2016-09-24T04:24:28.115-0400: 7.260: [GC (GCLocker Initiated GC) [PSYoungGen: 168500K->80564K(175104K)] 328052K->279584K(699392K), 0.0099430 secs] [Times: user=0.14 sys=0.01, real=0.01 secs] 
2016-09-24T04:24:28.164-0400: 7.309: [GC (GCLocker Initiated GC) [PSYoungGen: 168628K->50881K(175104K)] 371853K->273339K(699392K), 0.0067984 secs] [Times: user=0.06 sys=0.01, real=0.00 secs] 
2016-09-24T04:24:28.195-0400: 7.341: [GC (GCLocker Initiated GC) [PSYoungGen: 138945K->80549K(175104K)] 364139K->334517K(699392K), 0.0077936 secs] [Times: user=0.12 sys=0.00, real=0.01 secs] 
2016-09-24T04:24:28.233-0400: 7.379: [GC (GCLocker Initiated GC) [PSYoungGen: 168613K->62854K(175104K)] 422751K->352476K(699392K), 0.0092182 secs] [Times: user=0.07 sys=0.01, real=0.01 secs] 
2016-09-24T04:24:28.268-0400: 7.414: [GC (GCLocker Initiated GC) [PSYoungGen: 150918K->76578K(175104K)] 451479K->409918K(699392K), 0.0076190 secs] [Times: user=0.10 sys=0.01, real=0.01 secs] 
2016-09-24T04:24:28.316-0400: 7.462: [GC (GCLocker Initiated GC) [PSYoungGen: 164642K->68318K(175104K)] 499482K->421126K(699392K), 0.0069564 secs] [Times: user=0.10 sys=0.00, real=0.01 secs] 
2016-09-24T04:24:28.344-0400: 7.490: [GC (GCLocker Initiated GC) [PSYoungGen: 156382K->85885K(175104K)] 514764K->475716K(699392K), 0.0087629 secs] [Times: user=0.12 sys=0.00, real=0.00 secs] 
2016-09-24T04:24:28.385-0400: 7.531: [GC (GCLocker Initiated GC) [PSYoungGen: 173949K->62935K(175104K)] 566598K->509916K(699392K), 0.0080494 secs] [Times: user=0.11 sys=0.00, real=0.00 secs] 
2016-09-24T04:24:28.424-0400: 7.570: [GC (GCLocker Initiated GC) [PSYoungGen: 150999K->57582K(175104K)] 606190K->553657K(699392K), 0.0079211 secs] [Times: user=0.12 sys=0.00, real=0.00 secs] 
2016-09-24T04:24:28.432-0400: 7.578: [Full GC (Ergonomics) [PSYoungGen: 57582K->0K(175104K)] [ParOldGen: 496075K->82133K(524288K)] 553657K->82133K(699392K), [Metaspace: 42959K->42959K(1085440K)], 0.0525858 secs] [Times: user=0.52 sys=0.00, real=0.06 secs] 
2016-09-24T04:24:28.518-0400: 7.664: [GC (GCLocker Initiated GC) [PSYoungGen: 88064K->61743K(175104K)] 178520K->152207K(699392K), 0.0075734 secs] [Times: user=0.09 sys=0.00, real=0.01 secs] 
2016-09-24T04:24:28.561-0400: 7.706: [GC (GCLocker Initiated GC) [PSYoungGen: 149807K->81850K(175104K)] 244443K->193199K(699392K), 0.0072399 secs] [Times: user=0.07 sys=0.00, real=0.01 secs] 
2016-09-24T04:24:28.598-0400: 7.744: [GC (GCLocker Initiated GC) [PSYoungGen: 169914K->49272K(175104K)] 284626K->181861K(699392K), 0.0067962 secs] [Times: user=0.08 sys=0.00, real=0.01 secs] 
2016-09-24T04:24:28.636-0400: 7.782: [GC (GCLocker Initiated GC) [PSYoungGen: 137336K->53450K(175104K)] 272699K->224237K(699392K), 0.0107248 secs] [Times: user=0.10 sys=0.00, real=0.01 secs] 
2016-09-24T04:24:28.679-0400: 7.824: [GC (GCLocker Initiated GC) [PSYoungGen: 141514K->75068K(175104K)] 317775K->269293K(699392K), 0.0072930 secs] [Times: user=0.10 sys=0.00, real=0.01 secs] 
2016-09-24T04:24:28.719-0400: 7.865: [GC (GCLocker Initiated GC) [PSYoungGen: 163132K->52181K(175104K)] 358198K->277360K(699392K), 0.0064145 secs] [Times: user=0.08 sys=0.00, real=0.01 secs] 
2016-09-24T04:24:28.751-0400: 7.897: [GC (GCLocker Initiated GC) [PSYoungGen: 140245K->57535K(175104K)] 368201K->314223K(699392K), 0.0081317 secs] [Times: user=0.09 sys=0.00, real=0.01 secs] 
2016-09-24T04:24:28.800-0400: 7.945: [GC (GCLocker Initiated GC) [PSYoungGen: 145599K->61681K(175104K)] 418634K->359428K(699392K), 0.0063844 secs] [Times: user=0.10 sys=0.00, real=0.01 secs] 
2016-09-24T04:24:28.834-0400: 7.979: [GC (GCLocker Initiated GC) [PSYoungGen: 149745K->84567K(175104K)] 447767K->403256K(699392K), 0.0078851 secs] [Times: user=0.12 sys=0.00, real=0.01 secs] 
2016-09-24T04:24:28.876-0400: 8.021: [GC (GCLocker Initiated GC) [PSYoungGen: 172631K->77896K(175104K)] 494154K->417299K(699392K), 0.0074874 secs] [Times: user=0.10 sys=0.01, real=0.01 secs] 
2016-09-24T04:24:28.914-0400: 8.060: [GC (GCLocker Initiated GC) [PSYoungGen: 165960K->53482K(175104K)] 508274K->447521K(699392K), 0.0080017 secs] [Times: user=0.09 sys=0.01, real=0.02 secs] 
2016-09-24T04:24:28.950-0400: 8.096: [GC (GCLocker Initiated GC) [PSYoungGen: 141546K->72496K(175104K)] 535808K->500835K(699392K), 0.0075004 secs] [Times: user=0.11 sys=0.00, real=0.01 secs] 
2016-09-24T04:24:28.992-0400: 8.137: [GC (GCLocker Initiated GC) [PSYoungGen: 160560K->63031K(175104K)] 595782K->520257K(699392K), 0.0067627 secs] [Times: user=0.10 sys=0.01, real=0.01 secs] 
2016-09-24T04:24:29.031-0400: 8.177: [GC (GCLocker Initiated GC) [PSYoungGen: 151095K->56182K(175104K)] 611171K->555818K(699392K), 0.0076299 secs] [Times: user=0.10 sys=0.00, real=0.01 secs] 
2016-09-24T04:24:29.039-0400: 8.185: [Full GC (Ergonomics) [PSYoungGen: 56182K->0K(175104K)] [ParOldGen: 499636K->73621K(524288K)] 555818K->73621K(699392K), [Metaspace: 43107K->43107K(1085440K)], 0.0461412 secs] [Times: user=0.39 sys=0.00, real=0.05 secs] 
2016-09-24T04:24:29.115-0400: 8.261: [GC (GCLocker Initiated GC) [PSYoungGen: 88064K->86355K(175104K)] 167206K->168197K(699392K), 0.0081191 secs] [Times: user=0.07 sys=0.01, real=0.01 secs] 
2016-09-24T04:24:29.160-0400: 8.306: [GC (GCLocker Initiated GC) [PSYoungGen: 174419K->61578K(175104K)] 256320K->171276K(699392K), 0.0062206 secs] [Times: user=0.09 sys=0.00, real=0.01 secs] 
2016-09-24T04:24:29.194-0400: 8.340: [GC (GCLocker Initiated GC) [PSYoungGen: 149642K->71394K(175104K)] 270347K->214085K(699392K), 0.0069267 secs] [Times: user=0.10 sys=0.00, real=0.00 secs] 
2016-09-24T04:24:29.238-0400: 8.383: [GC (GCLocker Initiated GC) [PSYoungGen: 159458K->60430K(175104K)] 307768K->235024K(699392K), 0.0061141 secs] [Times: user=0.09 sys=0.00, real=0.01 secs] 
2016-09-24T04:24:29.277-0400: 8.422: [GC (GCLocker Initiated GC) [PSYoungGen: 148494K->50852K(175104K)] 325854K->249033K(699392K), 0.0069216 secs] [Times: user=0.07 sys=0.00, real=0.01 secs] 
2016-09-24T04:24:29.317-0400: 8.462: [GC (GCLocker Initiated GC) [PSYoungGen: 138916K->69976K(175104K)] 337208K->289096K(699392K), 0.0061582 secs] [Times: user=0.08 sys=0.00, real=0.01 secs] 
2016-09-24T04:24:29.350-0400: 8.496: [GC (GCLocker Initiated GC) [PSYoungGen: 158040K->64714K(175104K)] 382733K->327886K(699392K), 0.0071038 secs] [Times: user=0.10 sys=0.00, real=0.01 secs] 
2016-09-24T04:24:29.394-0400: 8.540: [GC (GCLocker Initiated GC) [PSYoungGen: 152778K->40116K(175104K)] 424204K->369093K(699392K), 0.0068056 secs] [Times: user=0.10 sys=0.00, real=0.01 secs] 
2016-09-24T04:24:29.427-0400: 8.573: [GC (GCLocker Initiated GC) [PSYoungGen: 128180K->82236K(175104K)] 457782K->434024K(699392K), 0.0077116 secs] [Times: user=0.12 sys=0.01, real=0.01 secs] 
2016-09-24T04:24:29.463-0400: 8.609: [GC (GCLocker Initiated GC) [PSYoungGen: 170300K->59016K(175104K)] 522229K->460337K(699392K), 0.0072723 secs] [Times: user=0.10 sys=0.00, real=0.00 secs] 
2016-09-24T04:24:29.504-0400: 8.650: [GC (GCLocker Initiated GC) [PSYoungGen: 147080K->64608K(175104K)] 551256K->508528K(699392K), 0.0075961 secs] [Times: user=0.12 sys=0.00, real=0.00 secs] 
2016-09-24T04:24:29.539-0400: 8.684: [GC (GCLocker Initiated GC) [PSYoungGen: 152672K->67308K(175104K)] 596826K->533821K(699392K), 0.0074060 secs] [Times: user=0.08 sys=0.00, real=0.01 secs] 
2016-09-24T04:24:29.546-0400: 8.692: [Full GC (Ergonomics) [PSYoungGen: 67308K->0K(175104K)] [ParOldGen: 466512K->82695K(524288K)] 533821K->82695K(699392K), [Metaspace: 43245K->43245K(1085440K)], 0.0446210 secs] [Times: user=0.37 sys=0.00, real=0.04 secs] 
2016-09-24T04:24:29.623-0400: 8.768: [GC (GCLocker Initiated GC) [PSYoungGen: 88064K->81171K(175104K)] 177742K->170849K(699392K), 0.0095484 secs] [Times: user=0.14 sys=0.00, real=0.00 secs] 
2016-09-24T04:24:29.660-0400: 8.806: [GC (GCLocker Initiated GC) [PSYoungGen: 169235K->71216K(175104K)] 267265K->194643K(699392K), 0.0064995 secs] [Times: user=0.10 sys=0.00, real=0.01 secs] 
2016-09-24T04:24:29.707-0400: 8.853: [GC (GCLocker Initiated GC) [PSYoungGen: 159280K->53740K(175104K)] 299164K->231964K(699392K), 0.0065395 secs] [Times: user=0.09 sys=0.00, real=0.00 secs] 
2016-09-24T04:24:29.755-0400: 8.900: [GC (GCLocker Initiated GC) [PSYoungGen: 141804K->45392K(175104K)] 320104K->264815K(699392K), 0.0061126 secs] [Times: user=0.09 sys=0.00, real=0.00 secs] 
2016-09-24T04:24:29.780-0400: 8.926: [GC (GCLocker Initiated GC) [PSYoungGen: 133456K->85092K(175104K)] 353005K->344246K(699392K), 0.0082147 secs] [Times: user=0.12 sys=0.00, real=0.01 secs] 
2016-09-24T04:24:29.833-0400: 8.979: [GC (GCLocker Initiated GC) [PSYoungGen: 173156K->60366K(175104K)] 439283K->357101K(699392K), 0.0063282 secs] [Times: user=0.09 sys=0.00, real=0.01 secs] 
2016-09-24T04:24:29.867-0400: 9.012: [GC (GCLocker Initiated GC) [PSYoungGen: 148430K->76694K(175104K)] 445305K->402449K(699392K), 0.0079727 secs] [Times: user=0.11 sys=0.00, real=0.01 secs] 
2016-09-24T04:24:29.911-0400: 9.057: [GC (GCLocker Initiated GC) [PSYoungGen: 164758K->61936K(175104K)] 494838K->426396K(699392K), 0.0069621 secs] [Times: user=0.09 sys=0.00, real=0.01 secs] 
2016-09-24T04:24:29.951-0400: 9.097: [GC (GCLocker Initiated GC) [PSYoungGen: 150000K->68436K(175104K)] 514612K->464816K(699392K), 0.0077945 secs] [Times: user=0.12 sys=0.00, real=0.01 secs] 
2016-09-24T04:24:29.996-0400: 9.142: [GC (GCLocker Initiated GC) [PSYoungGen: 156500K->53694K(175104K)] 559667K->491143K(699392K), 0.0070184 secs] [Times: user=0.11 sys=0.00, real=0.01 secs] 
2016-09-24T04:24:30.035-0400: 9.181: [GC (GCLocker Initiated GC) [PSYoungGen: 141758K->65876K(175104K)] 582074K->539221K(699392K), 0.0077196 secs] [Times: user=0.11 sys=0.00, real=0.01 secs] 
2016-09-24T04:24:30.043-0400: 9.188: [Full GC (Ergonomics) [PSYoungGen: 65876K->0K(175104K)] [ParOldGen: 473344K->86492K(524288K)] 539221K->86492K(699392K), [Metaspace: 43255K->43255K(1085440K)], 0.0460627 secs] [Times: user=0.44 sys=0.01, real=0.04 secs] 
2016-09-24T04:24:30.121-0400: 9.267: [GC (GCLocker Initiated GC) [PSYoungGen: 88064K->57886K(175104K)] 182697K->152520K(699392K), 0.0058086 secs] [Times: user=0.05 sys=0.01, real=0.01 secs] 
2016-09-24T04:24:30.162-0400: 9.307: [GC (GCLocker Initiated GC) [PSYoungGen: 145950K->72580K(175104K)] 246147K->192619K(699392K), 0.0066176 secs] [Times: user=0.09 sys=0.00, real=0.01 secs] 
2016-09-24T04:24:30.198-0400: 9.344: [GC (GCLocker Initiated GC) [PSYoungGen: 160644K->73848K(175104K)] 286191K->247248K(699392K), 0.0072965 secs] [Times: user=0.11 sys=0.00, real=0.01 secs] 
2016-09-24T04:24:30.238-0400: 9.384: [GC (GCLocker Initiated GC) [PSYoungGen: 161912K->51040K(175104K)] 336773K->262875K(699392K), 0.0071658 secs] [Times: user=0.11 sys=0.00, real=0.01 secs] 
2016-09-24T04:24:30.277-0400: 9.423: [GC (GCLocker Initiated GC) [PSYoungGen: 139104K->68452K(175104K)] 354289K->310017K(699392K), 0.0070393 secs] [Times: user=0.10 sys=0.00, real=0.01 secs] 
2016-09-24T04:24:30.320-0400: 9.465: [GC (GCLocker Initiated GC) [PSYoungGen: 156516K->55172K(175104K)] 406293K->340541K(699392K), 0.0062095 secs] [Times: user=0.08 sys=0.00, real=0.01 secs] 
2016-09-24T04:24:30.358-0400: 9.504: [GC (GCLocker Initiated GC) [PSYoungGen: 143236K->69752K(175104K)] 432958K->377696K(699392K), 0.0078174 secs] [Times: user=0.10 sys=0.01, real=0.01 secs] 
2016-09-24T04:24:30.400-0400: 9.546: [GC (GCLocker Initiated GC) [PSYoungGen: 157816K->76676K(175104K)] 472605K->412222K(699392K), 0.0070311 secs] [Times: user=0.11 sys=0.00, real=0.01 secs] 
2016-09-24T04:24:30.441-0400: 9.586: [GC (GCLocker Initiated GC) [PSYoungGen: 164740K->60430K(175104K)] 505800K->441260K(699392K), 0.0074221 secs] [Times: user=0.10 sys=0.00, real=0.01 secs] 
2016-09-24T04:24:30.483-0400: 9.629: [GC (GCLocker Initiated GC) [PSYoungGen: 148494K->69912K(175104K)] 536226K->482542K(699392K), 0.0068205 secs] [Times: user=0.09 sys=0.01, real=0.00 secs] 
2016-09-24T04:24:30.523-0400: 9.669: [GC (GCLocker Initiated GC) [PSYoungGen: 157976K->68576K(175104K)] 573333K->508819K(699392K), 0.0073723 secs] [Times: user=0.08 sys=0.00, real=0.00 secs] 
2016-09-24T04:24:30.564-0400: 9.710: [GC (GCLocker Initiated GC) [PSYoungGen: 156640K->82108K(175104K)] 599683K->552847K(699392K), 0.0080678 secs] [Times: user=0.12 sys=0.01, real=0.00 secs] 
2016-09-24T04:24:30.607-0400: 9.752: [Full GC (Ergonomics) [PSYoungGen: 170172K->0K(175104K)] [ParOldGen: 475050K->88136K(524288K)] 645223K->88136K(699392K), [Metaspace: 43323K->43323K(1085440K)], 0.0579647 secs] [Times: user=0.40 sys=0.00, real=0.06 secs] 
2016-09-24T04:24:30.698-0400: 9.844: [GC (GCLocker Initiated GC) [PSYoungGen: 88064K->86698K(175104K)] 184396K->185731K(699392K), 0.0064066 secs] [Times: user=0.08 sys=0.01, real=0.01 secs] 
2016-09-24T04:24:30.746-0400: 9.892: [GC (GCLocker Initiated GC) [PSYoungGen: 174762K->48060K(175104K)] 273912K->192877K(699392K), 0.0068617 secs] [Times: user=0.09 sys=0.00, real=0.00 secs] 
2016-09-24T04:24:30.810-0400: 9.956: [GC (GCLocker Initiated GC) [PSYoungGen: 136124K->80996K(175104K)] 281088K->249341K(699392K), 0.0069549 secs] [Times: user=0.11 sys=0.00, real=0.01 secs] 
2016-09-24T04:24:30.856-0400: 10.002: [GC (GCLocker Initiated GC) [PSYoungGen: 169060K->69926K(175104K)] 344283K->278379K(699392K), 0.0079404 secs] [Times: user=0.13 sys=0.00, real=0.01 secs] 
2016-09-24T04:24:30.895-0400: 10.041: [GC (GCLocker Initiated GC) [PSYoungGen: 157990K->79458K(175104K)] 369405K->321205K(699392K), 0.0083411 secs] [Times: user=0.10 sys=0.00, real=0.01 secs] 
2016-09-24T04:24:30.942-0400: 10.087: [GC (GCLocker Initiated GC) [PSYoungGen: 167522K->69941K(175104K)] 425577K->354259K(699392K), 0.0075466 secs] [Times: user=0.12 sys=0.00, real=0.01 secs] 
2016-09-24T04:24:30.989-0400: 10.135: [GC (GCLocker Initiated GC) [PSYoungGen: 158005K->52298K(175104K)] 446468K->379115K(699392K), 0.0065420 secs] [Times: user=0.10 sys=0.00, real=0.01 secs] 
2016-09-24T04:24:31.022-0400: 10.167: [GC (GCLocker Initiated GC) [PSYoungGen: 140362K->77990K(175104K)] 479435K->435083K(699392K), 0.0073549 secs] [Times: user=0.09 sys=0.00, real=0.01 secs] 
2016-09-24T04:24:31.070-0400: 10.216: [GC (GCLocker Initiated GC) [PSYoungGen: 166054K->46756K(175104K)] 525972K->445086K(699392K), 0.0063488 secs] [Times: user=0.07 sys=0.00, real=0.01 secs] 
2016-09-24T04:24:31.102-0400: 10.248: [GC (GCLocker Initiated GC) [PSYoungGen: 134820K->80726K(175104K)] 535884K->507852K(699392K), 0.0082156 secs] [Times: user=0.11 sys=0.01, real=0.01 secs] 
2016-09-24T04:24:31.143-0400: 10.289: [GC (GCLocker Initiated GC) [PSYoungGen: 168790K->67226K(175104K)] 601727K->514250K(699392K), 0.0069570 secs] [Times: user=0.09 sys=0.00, real=0.00 secs] 
2016-09-24T04:24:31.187-0400: 10.333: [GC (GCLocker Initiated GC) [PSYoungGen: 155290K->64448K(175104K)] 605878K->538606K(699392K), 0.0072754 secs] [Times: user=0.10 sys=0.00, real=0.01 secs] 
2016-09-24T04:24:31.220-0400: 10.366: [Full GC (Ergonomics) [PSYoungGen: 152512K->0K(175104K)] [ParOldGen: 485082K->103484K(524288K)] 637594K->103484K(699392K), [Metaspace: 43327K->43327K(1085440K)], 0.0523110 secs] [Times: user=0.44 sys=0.00, real=0.05 secs] 
2016-09-24T04:24:31.311-0400: 10.456: [GC (GCLocker Initiated GC) [PSYoungGen: 88064K->75440K(175104K)] 191628K->179005K(699392K), 0.0089610 secs] [Times: user=0.13 sys=0.00, real=0.01 secs] 
2016-09-24T04:24:31.350-0400: 10.495: [GC (GCLocker Initiated GC) [PSYoungGen: 163504K->72562K(175104K)] 268641K->194665K(699392K), 0.0074015 secs] [Times: user=0.07 sys=0.00, real=0.01 secs] 
2016-09-24T04:24:31.391-0400: 10.536: [GC (GCLocker Initiated GC) [PSYoungGen: 160626K->71418K(175104K)] 288190K->213118K(699392K), 0.0074523 secs] [Times: user=0.07 sys=0.01, real=0.01 secs] 
2016-09-24T04:24:31.431-0400: 10.576: [GC (GCLocker Initiated GC) [PSYoungGen: 159482K->81952K(175104K)] 302207K->248381K(699392K), 0.0072484 secs] [Times: user=0.10 sys=0.00, real=0.01 secs] 
2016-09-24T04:24:31.465-0400: 10.610: [GC (GCLocker Initiated GC) [PSYoungGen: 170016K->64590K(175104K)] 339383K->276275K(699392K), 0.0073696 secs] [Times: user=0.09 sys=0.00, real=0.00 secs] 
2016-09-24T04:24:31.509-0400: 10.654: [GC (GCLocker Initiated GC) [PSYoungGen: 152654K->57762K(175104K)] 369932K->298650K(699392K), 0.0065368 secs] [Times: user=0.09 sys=0.00, real=0.01 secs] 
2016-09-24T04:24:31.542-0400: 10.687: [GC (GCLocker Initiated GC) [PSYoungGen: 145826K->69926K(175104K)] 394926K->337186K(699392K), 0.0088889 secs] [Times: user=0.07 sys=0.00, real=0.01 secs] 
2016-09-24T04:24:31.588-0400: 10.734: [GC (GCLocker Initiated GC) [PSYoungGen: 157990K->60462K(175104K)] 425343K->355475K(699392K), 0.0060504 secs] [Times: user=0.08 sys=0.00, real=0.01 secs] 
2016-09-24T04:24:31.618-0400: 10.764: [GC (GCLocker Initiated GC) [PSYoungGen: 148526K->72736K(175104K)] 446410K->399524K(699392K), 0.0070356 secs] [Times: user=0.10 sys=0.00, real=0.01 secs] 
2016-09-24T04:24:31.658-0400: 10.804: [GC (GCLocker Initiated GC) [PSYoungGen: 160800K->55062K(175104K)] 493112K->427238K(699392K), 0.0069800 secs] [Times: user=0.09 sys=0.00, real=0.01 secs] 
2016-09-24T04:24:31.700-0400: 10.846: [GC (GCLocker Initiated GC) [PSYoungGen: 143126K->79422K(175104K)] 525008K->471317K(699392K), 0.0068674 secs] [Times: user=0.10 sys=0.01, real=0.01 secs] 
2016-09-24T04:24:31.739-0400: 10.885: [GC (GCLocker Initiated GC) [PSYoungGen: 167486K->71340K(175104K)] 562151K->482919K(699392K), 0.0079836 secs] [Times: user=0.06 sys=0.01, real=0.01 secs] 
2016-09-24T04:24:31.779-0400: 10.925: [GC (GCLocker Initiated GC) [PSYoungGen: 159404K->69880K(175104K)] 573846K->513376K(699392K), 0.0071142 secs] [Times: user=0.11 sys=0.00, real=0.01 secs] 
2016-09-24T04:24:31.819-0400: 10.964: [GC (GCLocker Initiated GC) [PSYoungGen: 157944K->46944K(175104K)] 601573K->531623K(699392K), 0.0086755 secs] [Times: user=0.08 sys=0.00, real=0.01 secs] 
2016-09-24T04:24:31.828-0400: 10.973: [Full GC (Ergonomics) [PSYoungGen: 46944K->0K(175104K)] [ParOldGen: 484679K->99776K(524288K)] 531623K->99776K(699392K), [Metaspace: 43328K->43328K(1085440K)], 0.0509067 secs] [Times: user=0.42 sys=0.00, real=0.05 secs] 
2016-09-24T04:24:31.909-0400: 11.054: [GC (GCLocker Initiated GC) [PSYoungGen: 88064K->75504K(175104K)] 188049K->175490K(699392K), 0.0063695 secs] [Times: user=0.07 sys=0.00, real=0.01 secs] 
2016-09-24T04:24:31.945-0400: 11.091: [GC (GCLocker Initiated GC) [PSYoungGen: 163568K->55076K(175104K)] 263671K->182917K(699392K), 0.0069087 secs] [Times: user=0.07 sys=0.00, real=0.00 secs] 
2016-09-24T04:24:31.988-0400: 11.134: [GC (GCLocker Initiated GC) [PSYoungGen: 143140K->55094K(175104K)] 277898K->220320K(699392K), 0.0062076 secs] [Times: user=0.08 sys=0.00, real=0.01 secs] 
2016-09-24T04:24:32.021-0400: 11.166: [GC (GCLocker Initiated GC) [PSYoungGen: 143158K->68704K(175104K)] 311178K->261667K(699392K), 0.0067805 secs] [Times: user=0.10 sys=0.00, real=0.01 secs] 
2016-09-24T04:24:32.070-0400: 11.216: [GC (GCLocker Initiated GC) [PSYoungGen: 156768K->50994K(175104K)] 356270K->275556K(699392K), 0.0059060 secs] [Times: user=0.08 sys=0.00, real=0.01 secs] 
2016-09-24T04:24:32.094-0400: 11.240: [GC (GCLocker Initiated GC) [PSYoungGen: 139058K->76836K(175104K)] 369179K->334637K(699392K), 0.0078089 secs] [Times: user=0.11 sys=0.00, real=0.01 secs] 
2016-09-24T04:24:32.148-0400: 11.294: [GC (GCLocker Initiated GC) [PSYoungGen: 164900K->44272K(175104K)] 440459K->361103K(699392K), 0.0068339 secs] [Times: user=0.09 sys=0.00, real=0.01 secs] 
2016-09-24T04:24:32.186-0400: 11.332: [GC (GCLocker Initiated GC) [PSYoungGen: 132336K->64480K(175104K)] 456437K->403989K(699392K), 0.0063570 secs] [Times: user=0.09 sys=0.00, real=0.00 secs] 
2016-09-24T04:24:32.223-0400: 11.369: [GC (GCLocker Initiated GC) [PSYoungGen: 152544K->75280K(175104K)] 492181K->447995K(699392K), 0.0070435 secs] [Times: user=0.10 sys=0.00, real=0.00 secs] 
2016-09-24T04:24:32.261-0400: 11.407: [GC (GCLocker Initiated GC) [PSYoungGen: 163344K->71354K(175104K)] 541608K->483942K(699392K), 0.0071473 secs] [Times: user=0.10 sys=0.00, real=0.01 secs] 
2016-09-24T04:24:32.308-0400: 11.454: [GC (GCLocker Initiated GC) [PSYoungGen: 159418K->67148K(175104K)] 577473K->503454K(699392K), 0.0059650 secs] [Times: user=0.09 sys=0.00, real=0.01 secs] 
2016-09-24T04:24:32.342-0400: 11.488: [GC (GCLocker Initiated GC) [PSYoungGen: 155212K->65734K(175104K)] 591618K->524294K(699392K), 0.0083501 secs] [Times: user=0.07 sys=0.00, real=0.01 secs] 
2016-09-24T04:24:32.379-0400: 11.525: [GC (GCLocker Initiated GC) [PSYoungGen: 153798K->64544K(153088K)] 612462K->569678K(677376K), 0.0097649 secs] [Times: user=0.14 sys=0.00, real=0.01 secs] 
2016-09-24T04:24:32.389-0400: 11.535: [Full GC (Ergonomics) [PSYoungGen: 64544K->0K(153088K)] [ParOldGen: 505134K->104155K(524288K)] 569678K->104155K(677376K), [Metaspace: 43342K->43342K(1085440K)], 0.0433022 secs] [Times: user=0.28 sys=0.00, real=0.04 secs] 
2016-09-24T04:24:32.463-0400: 11.608: [GC (GCLocker Initiated GC) [PSYoungGen: 88064K->75486K(172032K)] 195005K->182427K(696320K), 0.0061093 secs] [Times: user=0.06 sys=0.00, real=0.00 secs] 
2016-09-24T04:24:32.505-0400: 11.651: [GC (GCLocker Initiated GC) [PSYoungGen: 162014K->55062K(173568K)] 271853K->202219K(697856K), 0.0099574 secs] [Times: user=0.13 sys=0.00, real=0.01 secs] 
2016-09-24T04:24:32.536-0400: 11.682: [GC (GCLocker Initiated GC) [PSYoungGen: 141590K->85060K(175104K)] 297050K->260114K(699392K), 0.0076001 secs] [Times: user=0.10 sys=0.00, real=0.01 secs] 
2016-09-24T04:24:32.582-0400: 11.728: [GC (GCLocker Initiated GC) [PSYoungGen: 173124K->42848K(175104K)] 356376K->263433K(699392K), 0.0078623 secs] [Times: user=0.07 sys=0.00, real=0.00 secs] 
2016-09-24T04:24:32.618-0400: 11.763: [GC (GCLocker Initiated GC) [PSYoungGen: 130912K->71404K(175104K)] 354427K->313047K(699392K), 0.0063567 secs] [Times: user=0.09 sys=0.00, real=0.01 secs] 
2016-09-24T04:24:32.657-0400: 11.803: [GC (GCLocker Initiated GC) [PSYoungGen: 159468K->55076K(175104K)] 409361K->331351K(699392K), 0.0063595 secs] [Times: user=0.07 sys=0.00, real=0.01 secs] 
2016-09-24T04:24:32.695-0400: 11.841: [GC (GCLocker Initiated GC) [PSYoungGen: 143140K->65748K(175104K)] 426312K->365768K(699392K), 0.0077582 secs] [Times: user=0.08 sys=0.00, real=0.01 secs] 
2016-09-24T04:24:32.735-0400: 11.881: [GC (GCLocker Initiated GC) [PSYoungGen: 153812K->60444K(175104K)] 456662K->400404K(699392K), 0.0075237 secs] [Times: user=0.10 sys=0.00, real=0.01 secs] 
2016-09-24T04:24:32.776-0400: 11.922: [GC (GCLocker Initiated GC) [PSYoungGen: 148508K->71340K(175104K)] 498065K->445762K(699392K), 0.0074541 secs] [Times: user=0.11 sys=0.00, real=0.01 secs] 
2016-09-24T04:24:32.820-0400: 11.965: [GC (GCLocker Initiated GC) [PSYoungGen: 159404K->45562K(175104K)] 546210K->454627K(699392K), 0.0069564 secs] [Times: user=0.06 sys=0.00, real=0.01 secs] 
2016-09-24T04:24:32.853-0400: 11.999: [GC (GCLocker Initiated GC) [PSYoungGen: 133626K->63034K(175104K)] 545546K->502567K(699392K), 0.0086762 secs] [Times: user=0.07 sys=0.00, real=0.01 secs] 
2016-09-24T04:24:32.894-0400: 12.040: [GC (GCLocker Initiated GC) [PSYoungGen: 151098K->59144K(147456K)] 593453K->530503K(671744K), 0.0068942 secs] [Times: user=0.09 sys=0.00, real=0.00 secs] 
2016-09-24T04:24:32.927-0400: 12.073: [GC (GCLocker Initiated GC) [PSYoungGen: 147208K->74214K(172032K)] 622273K->582322K(696320K), 0.0075543 secs] [Times: user=0.10 sys=0.00, real=0.01 secs] 
2016-09-24T04:24:32.935-0400: 12.081: [Full GC (Ergonomics) [PSYoungGen: 74214K->0K(172032K)] [ParOldGen: 508107K->115487K(524288K)] 582322K->115487K(696320K), [Metaspace: 43342K->43342K(1085440K)], 0.0462956 secs] [Times: user=0.41 sys=0.00, real=0.04 secs] 
2016-09-24T04:24:33.013-0400: 12.159: [GC (GCLocker Initiated GC) [PSYoungGen: 86528K->72740K(173568K)] 204784K->191004K(697856K), 0.0056879 secs] [Times: user=0.07 sys=0.00, real=0.01 secs] 
2016-09-24T04:24:33.052-0400: 12.198: [GC (GCLocker Initiated GC) [PSYoungGen: 159268K->82089K(175104K)] 292588K->233734K(699392K), 0.0068565 secs] [Times: user=0.10 sys=0.00, real=0.01 secs] 
2016-09-24T04:24:33.095-0400: 12.241: [GC (GCLocker Initiated GC) [PSYoungGen: 170153K->64415K(175104K)] 327324K->238416K(699392K), 0.0064860 secs] [Times: user=0.09 sys=0.00, real=0.00 secs] 
2016-09-24T04:24:33.132-0400: 12.278: [GC (GCLocker Initiated GC) [PSYoungGen: 152479K->72643K(175104K)] 326627K->267559K(699392K), 0.0066573 secs] [Times: user=0.09 sys=0.00, real=0.01 secs] 
2016-09-24T04:24:33.166-0400: 12.311: [GC (GCLocker Initiated GC) [PSYoungGen: 160707K->61889K(175104K)] 355812K->292680K(699392K), 0.0070065 secs] [Times: user=0.10 sys=0.00, real=0.00 secs] 
2016-09-24T04:24:33.203-0400: 12.349: [GC (GCLocker Initiated GC) [PSYoungGen: 149953K->59345K(175104K)] 392998K->338165K(699392K), 0.0073994 secs] [Times: user=0.11 sys=0.00, real=0.00 secs] 
2016-09-24T04:24:33.248-0400: 12.394: [GC (GCLocker Initiated GC) [PSYoungGen: 147409K->56379K(175104K)] 431714K->369817K(699392K), 0.0070746 secs] [Times: user=0.09 sys=0.00, real=0.01 secs] 
2016-09-24T04:24:33.280-0400: 12.426: [GC (GCLocker Initiated GC) [PSYoungGen: 144443K->83553K(175104K)] 460715K->432787K(699392K), 0.0081729 secs] [Times: user=0.12 sys=0.00, real=0.01 secs] 
2016-09-24T04:24:33.320-0400: 12.466: [GC (GCLocker Initiated GC) [PSYoungGen: 171617K->80647K(175104K)] 521053K->461829K(699392K), 0.0078522 secs] [Times: user=0.12 sys=0.00, real=0.01 secs] 
2016-09-24T04:24:33.359-0400: 12.504: [GC (GCLocker Initiated GC) [PSYoungGen: 168711K->86285K(175104K)] 552864K->485818K(699392K), 0.0078418 secs] [Times: user=0.11 sys=0.01, real=0.01 secs] 
2016-09-24T04:24:33.398-0400: 12.544: [GC (GCLocker Initiated GC) [PSYoungGen: 174349K->83426K(175104K)] 576688K->502704K(699392K), 0.0076330 secs] [Times: user=0.09 sys=0.00, real=0.01 secs] 
2016-09-24T04:24:33.436-0400: 12.581: [GC (GCLocker Initiated GC) [PSYoungGen: 171490K->67289K(175104K)] 596191K->519545K(699392K), 0.0072685 secs] [Times: user=0.10 sys=0.00, real=0.01 secs] 
2016-09-24T04:24:33.478-0400: 12.623: [GC (GCLocker Initiated GC) [PSYoungGen: 155353K->65875K(175104K)] 615853K->552701K(699392K), 0.0071289 secs] [Times: user=0.10 sys=0.00, real=0.01 secs] 
2016-09-24T04:24:33.485-0400: 12.631: [Full GC (Ergonomics) [PSYoungGen: 65875K->0K(175104K)] [ParOldGen: 486825K->112648K(524288K)] 552701K->112648K(699392K), [Metaspace: 43347K->43347K(1085440K)], 0.0482843 secs] [Times: user=0.40 sys=0.00, real=0.04 secs] 
2016-09-24T04:24:33.568-0400: 12.714: [GC (GCLocker Initiated GC) [PSYoungGen: 88064K->86272K(175104K)] 203477K->207085K(699392K), 0.0117977 secs] [Times: user=0.18 sys=0.00, real=0.01 secs] 
2016-09-24T04:24:33.614-0400: 12.759: [GC (GCLocker Initiated GC) [PSYoungGen: 174336K->65889K(175104K)] 303517K->224187K(699392K), 0.0067066 secs] [Times: user=0.09 sys=0.00, real=0.01 secs] 
2016-09-24T04:24:33.643-0400: 12.789: [GC (GCLocker Initiated GC) [PSYoungGen: 153953K->56379K(175104K)] 315137K->261461K(699392K), 0.0067723 secs] [Times: user=0.09 sys=0.00, real=0.00 secs] 
2016-09-24T04:24:33.687-0400: 12.833: [GC (GCLocker Initiated GC) [PSYoungGen: 144443K->60521K(175104K)] 354108K->296394K(699392K), 0.0077363 secs] [Times: user=0.09 sys=0.00, real=0.01 secs] 
2016-09-24T04:24:33.719-0400: 12.865: [GC (GCLocker Initiated GC) [PSYoungGen: 148585K->67152K(175104K)] 384521K->344317K(699392K), 0.0077898 secs] [Times: user=0.11 sys=0.00, real=0.01 secs] 
2016-09-24T04:24:33.772-0400: 12.917: [GC (GCLocker Initiated GC) [PSYoungGen: 155216K->48293K(175104K)] 435864K->379370K(699392K), 0.0069959 secs] [Times: user=0.10 sys=0.00, real=0.01 secs] 
2016-09-24T04:24:33.803-0400: 12.948: [GC (GCLocker Initiated GC) [PSYoungGen: 136357K->63193K(175104K)] 470333K->424745K(699392K), 0.0073514 secs] [Times: user=0.08 sys=0.00, real=0.00 secs] 
2016-09-24T04:24:33.843-0400: 12.989: [GC (GCLocker Initiated GC) [PSYoungGen: 151257K->57807K(175104K)] 518333K->459298K(699392K), 0.0071784 secs] [Times: user=0.08 sys=0.00, real=0.00 secs] 
2016-09-24T04:24:33.879-0400: 13.024: [GC (GCLocker Initiated GC) [PSYoungGen: 145871K->77902K(175104K)] 547567K->500463K(699392K), 0.0071631 secs] [Times: user=0.10 sys=0.00, real=0.01 secs] 
2016-09-24T04:24:33.916-0400: 13.061: [GC (GCLocker Initiated GC) [PSYoungGen: 165966K->56361K(175104K)] 588631K->521385K(699392K), 0.0075270 secs] [Times: user=0.10 sys=0.01, real=0.01 secs] 
2016-09-24T04:24:33.954-0400: 13.100: [GC (GCLocker Initiated GC) [PSYoungGen: 144425K->72707K(175104K)] 609527K->573457K(699392K), 0.0078279 secs] [Times: user=0.10 sys=0.01, real=0.00 secs] 
2016-09-24T04:24:33.962-0400: 13.108: [Full GC (Ergonomics) [PSYoungGen: 72707K->0K(175104K)] [ParOldGen: 500749K->116471K(524288K)] 573457K->116471K(699392K), [Metaspace: 43349K->43349K(1085440K)], 0.0460961 secs] [Times: user=0.38 sys=0.00, real=0.04 secs] 
2016-09-24T04:24:34.034-0400: 13.180: [GC (GCLocker Initiated GC) [PSYoungGen: 88064K->86460K(175104K)] 210071K->212517K(699392K), 0.0091342 secs] [Times: user=0.13 sys=0.00, real=0.01 secs] 
2016-09-24T04:24:34.082-0400: 13.227: [GC (GCLocker Initiated GC) [PSYoungGen: 174524K->55093K(175104K)] 300676K->218670K(699392K), 0.0067900 secs] [Times: user=0.09 sys=0.00, real=0.01 secs] 
2016-09-24T04:24:34.116-0400: 13.262: [GC (GCLocker Initiated GC) [PSYoungGen: 143157K->82185K(175104K)] 310876K->266721K(699392K), 0.0069232 secs] [Times: user=0.10 sys=0.00, real=0.01 secs] 
2016-09-24T04:24:34.158-0400: 13.304: [GC (GCLocker Initiated GC) [PSYoungGen: 170249K->67193K(175104K)] 362944K->286247K(699392K), 0.0069561 secs] [Times: user=0.09 sys=0.01, real=0.01 secs] 
2016-09-24T04:24:34.197-0400: 13.343: [GC (GCLocker Initiated GC) [PSYoungGen: 155257K->64416K(175104K)] 379866K->312578K(699392K), 0.0065400 secs] [Times: user=0.08 sys=0.00, real=0.01 secs] 
2016-09-24T04:24:34.235-0400: 13.380: [GC (GCLocker Initiated GC) [PSYoungGen: 152480K->71275K(175104K)] 400732K->347109K(699392K), 0.0072877 secs] [Times: user=0.11 sys=0.00, real=0.00 secs] 
2016-09-24T04:24:34.274-0400: 13.420: [GC (GCLocker Initiated GC) [PSYoungGen: 159339K->78154K(175104K)] 440702K->380353K(699392K), 0.0068347 secs] [Times: user=0.08 sys=0.00, real=0.01 secs] 
2016-09-24T04:24:34.310-0400: 13.456: [GC (GCLocker Initiated GC) [PSYoungGen: 166218K->79362K(175104K)] 468584K->406800K(699392K), 0.0075523 secs] [Times: user=0.11 sys=0.01, real=0.01 secs] 
2016-09-24T04:24:34.351-0400: 13.497: [GC (GCLocker Initiated GC) [PSYoungGen: 167426K->63272K(175104K)] 500412K->430638K(699392K), 0.0074127 secs] [Times: user=0.11 sys=0.00, real=0.01 secs] 
2016-09-24T04:24:34.384-0400: 13.530: [GC (GCLocker Initiated GC) [PSYoungGen: 151336K->80886K(175104K)] 518739K->480079K(699392K), 0.0076001 secs] [Times: user=0.11 sys=0.00, real=0.00 secs] 
2016-09-24T04:24:34.423-0400: 13.569: [GC (GCLocker Initiated GC) [PSYoungGen: 168950K->67194K(175104K)] 571917K->500620K(699392K), 0.0078028 secs] [Times: user=0.10 sys=0.00, real=0.00 secs] 
2016-09-24T04:24:34.462-0400: 13.608: [GC (GCLocker Initiated GC) [PSYoungGen: 155258K->79549K(175104K)] 594179K->536620K(699392K), 0.0073903 secs] [Times: user=0.10 sys=0.01, real=0.00 secs] 
2016-09-24T04:24:34.501-0400: 13.646: [GC (GCLocker Initiated GC) [PSYoungGen: 167613K->60539K(175104K)] 635680K->548339K(699392K), 0.0066438 secs] [Times: user=0.10 sys=0.00, real=0.01 secs] 
2016-09-24T04:24:34.508-0400: 13.653: [Full GC (Ergonomics) [PSYoungGen: 60539K->0K(175104K)] [ParOldGen: 487799K->120776K(524288K)] 548339K->120776K(699392K), [Metaspace: 43354K->43354K(1085440K)], 0.0458266 secs] [Times: user=0.40 sys=0.00, real=0.04 secs] 
2016-09-24T04:24:34.585-0400: 13.731: [GC (GCLocker Initiated GC) [PSYoungGen: 88064K->85032K(175104K)] 210558K->210226K(699392K), 0.0069723 secs] [Times: user=0.10 sys=0.00, real=0.00 secs] 
2016-09-24T04:24:34.624-0400: 13.769: [GC (GCLocker Initiated GC) [PSYoungGen: 173096K->60351K(175104K)] 298371K->218939K(699392K), 0.0063439 secs] [Times: user=0.09 sys=0.00, real=0.00 secs] 
2016-09-24T04:24:34.653-0400: 13.799: [GC (GCLocker Initiated GC) [PSYoungGen: 148415K->76803K(175104K)] 307203K->265843K(699392K), 0.0070552 secs] [Times: user=0.09 sys=0.01, real=0.01 secs] 
2016-09-24T04:24:34.693-0400: 13.838: [GC (GCLocker Initiated GC) [PSYoungGen: 164867K->53899K(175104K)] 363611K->289816K(699392K), 0.0063483 secs] [Times: user=0.07 sys=0.00, real=0.01 secs] 
2016-09-24T04:24:34.728-0400: 13.873: [GC (GCLocker Initiated GC) [PSYoungGen: 141963K->75421K(175104K)] 383439K->337941K(699392K), 0.0073520 secs] [Times: user=0.09 sys=0.00, real=0.01 secs] 
2016-09-24T04:24:34.769-0400: 13.915: [GC (GCLocker Initiated GC) [PSYoungGen: 163485K->54933K(175104K)] 428796K->360073K(699392K), 0.0078413 secs] [Times: user=0.10 sys=0.00, real=0.01 secs] 
2016-09-24T04:24:34.804-0400: 13.950: [GC (GCLocker Initiated GC) [PSYoungGen: 142997K->69989K(175104K)] 448353K->408307K(699392K), 0.0083705 secs] [Times: user=0.09 sys=0.00, real=0.00 secs] 
2016-09-24T04:24:34.849-0400: 13.995: [GC (GCLocker Initiated GC) [PSYoungGen: 158053K->56347K(175104K)] 496531K->433308K(699392K), 0.0072764 secs] [Times: user=0.11 sys=0.00, real=0.01 secs] 
2016-09-24T04:24:34.880-0400: 14.026: [GC (GCLocker Initiated GC) [PSYoungGen: 144411K->86317K(175104K)] 521480K->491015K(699392K), 0.0080132 secs] [Times: user=0.11 sys=0.00, real=0.01 secs] 
2016-09-24T04:24:34.920-0400: 14.066: [GC (GCLocker Initiated GC) [PSYoungGen: 174381K->82263K(175104K)] 596859K->524371K(699392K), 0.0089573 secs] [Times: user=0.10 sys=0.02, real=0.01 secs] 
2016-09-24T04:24:34.971-0400: 14.117: [GC (GCLocker Initiated GC) [PSYoungGen: 170327K->60429K(175104K)] 615280K->522293K(699392K), 0.0066795 secs] [Times: user=0.10 sys=0.00, real=0.01 secs] 
2016-09-24T04:24:34.999-0400: 14.145: [GC (GCLocker Initiated GC) [PSYoungGen: 148493K->84743K(175104K)] 613216K->567582K(699392K), 0.0084498 secs] [Times: user=0.12 sys=0.00, real=0.01 secs] 
2016-09-24T04:24:35.008-0400: 14.154: [Full GC (Ergonomics) [PSYoungGen: 84743K->0K(175104K)] [ParOldGen: 482838K->129014K(524288K)] 567582K->129014K(699392K), [Metaspace: 43361K->43361K(1085440K)], 0.0472955 secs] [Times: user=0.41 sys=0.00, real=0.05 secs] 
2016-09-24T04:24:35.098-0400: 14.244: [GC (GCLocker Initiated GC) [PSYoungGen: 88064K->65925K(175104K)] 221264K->199126K(699392K), 0.0052373 secs] [Times: user=0.06 sys=0.01, real=0.01 secs] 
2016-09-24T04:24:35.128-0400: 14.274: [GC (GCLocker Initiated GC) [PSYoungGen: 153989K->75311K(175104K)] 287363K->232321K(699392K), 0.0069294 secs] [Times: user=0.10 sys=0.00, real=0.01 secs] 
2016-09-24T04:24:35.178-0400: 14.324: [GC (GCLocker Initiated GC) [PSYoungGen: 163375K->67225K(175104K)] 323259K->256093K(699392K), 0.0085518 secs] [Times: user=0.13 sys=0.00, real=0.01 secs] 
2016-09-24T04:24:35.225-0400: 14.371: [GC (GCLocker Initiated GC) [PSYoungGen: 155289K->46866K(175104K)] 344300K->256746K(699392K), 0.0069189 secs] [Times: user=0.10 sys=0.00, real=0.00 secs] 
2016-09-24T04:24:35.271-0400: 14.417: [GC (GCLocker Initiated GC) [PSYoungGen: 134930K->75339K(175104K)] 355733K->308990K(699392K), 0.0075865 secs] [Times: user=0.10 sys=0.01, real=0.01 secs] 
2016-09-24T04:24:35.314-0400: 14.460: [GC (GCLocker Initiated GC) [PSYoungGen: 163403K->54856K(175104K)] 397193K->339325K(699392K), 0.0611033 secs] [Times: user=1.02 sys=0.06, real=0.07 secs] 
2016-09-24T04:24:35.402-0400: 14.548: [GC (GCLocker Initiated GC) [PSYoungGen: 142920K->67368K(175104K)] 438376K->410650K(699392K), 0.0139070 secs] [Times: user=0.19 sys=0.03, real=0.02 secs] 
2016-09-24T04:24:35.454-0400: 14.600: [GC (GCLocker Initiated GC) [PSYoungGen: 155432K->57697K(175104K)] 504307K->430292K(699392K), 0.0064555 secs] [Times: user=0.10 sys=0.01, real=0.01 secs] 
2016-09-24T04:24:35.488-0400: 14.633: [GC (GCLocker Initiated GC) [PSYoungGen: 145761K->86235K(175104K)] 531943K->486486K(699392K), 0.0112460 secs] [Times: user=0.16 sys=0.01, real=0.01 secs] 
2016-09-24T04:24:35.547-0400: 14.693: [GC (GCLocker Initiated GC) [PSYoungGen: 174299K->59015K(175104K)] 579988K->487005K(699392K), 0.0068822 secs] [Times: user=0.09 sys=0.01, real=0.00 secs] 
2016-09-24T04:24:35.585-0400: 14.731: [GC (GCLocker Initiated GC) [PSYoungGen: 147079K->75549K(175104K)] 577906K->528442K(699392K), 0.0093532 secs] [Times: user=0.12 sys=0.01, real=0.01 secs] 
2016-09-24T04:24:35.631-0400: 14.776: [GC (GCLocker Initiated GC) [PSYoungGen: 163613K->75375K(175104K)] 616777K->560352K(699392K), 0.0086549 secs] [Times: user=0.10 sys=0.02, real=0.01 secs] 
2016-09-24T04:24:35.639-0400: 14.785: [Full GC (Ergonomics) [PSYoungGen: 75375K->0K(175104K)] [ParOldGen: 484976K->125965K(524288K)] 560352K->125965K(699392K), [Metaspace: 43364K->43364K(1085440K)], 0.0506651 secs] [Times: user=0.53 sys=0.06, real=0.05 secs] 
2016-09-24T04:24:35.727-0400: 14.873: [GC (GCLocker Initiated GC) [PSYoungGen: 88064K->77087K(175104K)] 226387K->215410K(699392K), 0.0061314 secs] [Times: user=0.09 sys=0.00, real=0.00 secs] 
2016-09-24T04:24:35.777-0400: 14.923: [GC (GCLocker Initiated GC) [PSYoungGen: 165151K->59001K(175104K)] 306395K->232265K(699392K), 0.0070841 secs] [Times: user=0.10 sys=0.01, real=0.01 secs] 
2016-09-24T04:24:35.810-0400: 14.956: [GC (GCLocker Initiated GC) [PSYoungGen: 147065K->63221K(175104K)] 325828K->268162K(699392K), 0.0073261 secs] [Times: user=0.10 sys=0.00, real=0.01 secs] 
2016-09-24T04:24:35.863-0400: 15.009: [GC (GCLocker Initiated GC) [PSYoungGen: 151285K->51135K(175104K)] 371221K->296048K(699392K), 0.0063827 secs] [Times: user=0.10 sys=0.00, real=0.00 secs] 
2016-09-24T04:24:35.901-0400: 15.047: [GC (GCLocker Initiated GC) [PSYoungGen: 139199K->69879K(175104K)] 386885K->345299K(699392K), 0.0076401 secs] [Times: user=0.09 sys=0.01, real=0.01 secs] 
2016-09-24T04:24:36.019-0400: 15.164: [GC (GCLocker Initiated GC) [PSYoungGen: 157943K->75417K(175104K)] 450995K->379786K(699392K), 0.0070848 secs] [Times: user=0.10 sys=0.00, real=0.01 secs] 
2016-09-24T04:24:36.151-0400: 15.296: [GC (GCLocker Initiated GC) [PSYoungGen: 163481K->50723K(175104K)] 478876K->385625K(699392K), 0.0073361 secs] [Times: user=0.06 sys=0.01, real=0.01 secs] 
2016-09-24T04:24:36.194-0400: 15.339: [GC (GCLocker Initiated GC) [PSYoungGen: 138787K->81933K(175104K)] 473786K->437723K(699392K), 0.0085094 secs] [Times: user=0.09 sys=0.01, real=0.02 secs] 
2016-09-24T04:24:36.241-0400: 15.387: [GC (GCLocker Initiated GC) [PSYoungGen: 169997K->60521K(175104K)] 531288K->468169K(699392K), 0.0091568 secs] [Times: user=0.13 sys=0.01, real=0.01 secs] 
2016-09-24T04:24:36.287-0400: 15.432: [GC (GCLocker Initiated GC) [PSYoungGen: 148585K->58988K(175104K)] 556311K->502479K(699392K), 0.0067753 secs] [Times: user=0.10 sys=0.00, real=0.00 secs] 
2016-09-24T04:24:36.321-0400: 15.466: [GC (GCLocker Initiated GC) [PSYoungGen: 147052K->84945K(175104K)] 605518K->562837K(699392K), 0.0090304 secs] [Times: user=0.09 sys=0.00, real=0.01 secs] 
2016-09-24T04:24:36.330-0400: 15.476: [Full GC (Ergonomics) [PSYoungGen: 84945K->0K(175104K)] [ParOldGen: 477892K->143363K(524288K)] 562837K->143363K(699392K), [Metaspace: 43368K->43368K(1085440K)], 0.0486883 secs] [Times: user=0.36 sys=0.03, real=0.05 secs] 
2016-09-24T04:24:36.506-0400: 15.652: [GC (GCLocker Initiated GC) [PSYoungGen: 88064K->45643K(175104K)] 236934K->194514K(699392K), 0.0046760 secs] [Times: user=0.04 sys=0.02, real=0.00 secs] 
2016-09-24T04:24:36.531-0400: 15.676: [GC (GCLocker Initiated GC) [PSYoungGen: 133707K->78011K(175104K)] 282671K->250650K(699392K), 0.0077019 secs] [Times: user=0.10 sys=0.01, real=0.01 secs] 
2016-09-24T04:24:36.580-0400: 15.725: [GC (GCLocker Initiated GC) [PSYoungGen: 166075K->41497K(175104K)] 344555K->262437K(699392K), 0.0078165 secs] [Times: user=0.06 sys=0.01, real=0.01 secs] 
2016-09-24T04:24:36.613-0400: 15.759: [GC (GCLocker Initiated GC) [PSYoungGen: 129561K->55029K(175104K)] 352534K->309606K(699392K), 0.0075427 secs] [Times: user=0.06 sys=0.00, real=0.01 secs] 
2016-09-24T04:24:36.660-0400: 15.806: [GC (GCLocker Initiated GC) [PSYoungGen: 143093K->76694K(175104K)] 398155K->364857K(699392K), 0.0092954 secs] [Times: user=0.13 sys=0.00, real=0.01 secs] 
2016-09-24T04:24:36.705-0400: 15.850: [GC (GCLocker Initiated GC) [PSYoungGen: 164758K->68575K(175104K)] 458475K->383165K(699392K), 0.0098592 secs] [Times: user=0.10 sys=0.01, real=0.01 secs] 
2016-09-24T04:24:36.753-0400: 15.899: [GC (GCLocker Initiated GC) [PSYoungGen: 156639K->63130K(175104K)] 471454K->405616K(699392K), 0.0076589 secs] [Times: user=0.07 sys=0.01, real=0.01 secs] 
2016-09-24T04:24:36.790-0400: 15.936: [GC (GCLocker Initiated GC) [PSYoungGen: 151194K->79518K(175104K)] 501899K->451067K(699392K), 0.0081095 secs] [Times: user=0.09 sys=0.00, real=0.01 secs] 
2016-09-24T04:24:36.839-0400: 15.985: [GC (GCLocker Initiated GC) [PSYoungGen: 167582K->68562K(175104K)] 539152K->459774K(699392K), 0.0068396 secs] [Times: user=0.07 sys=0.01, real=0.01 secs] 
2016-09-24T04:24:36.874-0400: 16.020: [GC (GCLocker Initiated GC) [PSYoungGen: 156626K->65876K(175104K)] 550638K->492870K(699392K), 0.0075708 secs] [Times: user=0.10 sys=0.01, real=0.00 secs] 
2016-09-24T04:24:36.917-0400: 16.063: [GC (GCLocker Initiated GC) [PSYoungGen: 153940K->79344K(175104K)] 583698K->528614K(699392K), 0.0079314 secs] [Times: user=0.10 sys=0.01, real=0.01 secs] 
2016-09-24T04:24:36.958-0400: 16.103: [GC (GCLocker Initiated GC) [PSYoungGen: 167408K->65766K(175104K)] 616769K->549509K(699392K), 0.0080762 secs] [Times: user=0.07 sys=0.00, real=0.01 secs] 
2016-09-24T04:24:36.966-0400: 16.112: [Full GC (Ergonomics) [PSYoungGen: 65766K->0K(175104K)] [ParOldGen: 483743K->139033K(524288K)] 549509K->139033K(699392K), [Metaspace: 43369K->43369K(1085440K)], 0.0431786 secs] [Times: user=0.42 sys=0.06, real=0.04 secs] 
2016-09-24T04:24:37.038-0400: 16.183: [GC (GCLocker Initiated GC) [PSYoungGen: 88064K->75673K(175104K)] 232665K->220275K(699392K), 0.0104410 secs] [Times: user=0.12 sys=0.01, real=0.01 secs] 
2016-09-24T04:24:37.086-0400: 16.232: [GC (GCLocker Initiated GC) [PSYoungGen: 163737K->44339K(175104K)] 316541K->238605K(699392K), 0.0067110 secs] [Times: user=0.07 sys=0.01, real=0.00 secs] 
2016-09-24T04:24:37.122-0400: 16.268: [GC (GCLocker Initiated GC) [PSYoungGen: 132403K->54997K(175104K)] 326759K->270251K(699392K), 0.0277038 secs] [Times: user=0.36 sys=0.02, real=0.02 secs] 
2016-09-24T04:24:37.190-0400: 16.336: [GC (GCLocker Initiated GC) [PSYoungGen: 143061K->72703K(175104K)] 367894K->317034K(699392K), 0.0111637 secs] [Times: user=0.10 sys=0.01, real=0.01 secs] 
2016-09-24T04:24:37.241-0400: 16.387: [GC (GCLocker Initiated GC) [PSYoungGen: 160767K->57793K(175104K)] 405246K->325935K(699392K), 0.0061884 secs] [Times: user=0.08 sys=0.01, real=0.01 secs] 
2016-09-24T04:24:37.273-0400: 16.418: [GC (GCLocker Initiated GC) [PSYoungGen: 145857K->78103K(175104K)] 414140K->368570K(699392K), 0.0074233 secs] [Times: user=0.09 sys=0.00, real=0.01 secs] 
2016-09-24T04:24:37.318-0400: 16.463: [GC (GCLocker Initiated GC) [PSYoungGen: 166167K->63079K(175104K)] 467598K->390853K(699392K), 0.0137040 secs] [Times: user=0.17 sys=0.02, real=0.01 secs] 
2016-09-24T04:24:37.365-0400: 16.511: [GC (GCLocker Initiated GC) [PSYoungGen: 151143K->50979K(175104K)] 479066K->403901K(699392K), 0.0070209 secs] [Times: user=0.07 sys=0.02, real=0.00 secs] 
2016-09-24T04:24:37.403-0400: 16.549: [GC (GCLocker Initiated GC) [PSYoungGen: 139043K->75467K(175104K)] 501792K->456356K(699392K), 0.0087695 secs] [Times: user=0.09 sys=0.01, real=0.00 secs] 
2016-09-24T04:24:37.442-0400: 16.587: [GC (GCLocker Initiated GC) [PSYoungGen: 163531K->77966K(175104K)] 544535K->473251K(699392K), 0.0082294 secs] [Times: user=0.10 sys=0.01, real=0.01 secs] 
2016-09-24T04:24:37.487-0400: 16.632: [GC (GCLocker Initiated GC) [PSYoungGen: 166030K->59075K(175104K)] 570147K->486671K(699392K), 0.0076855 secs] [Times: user=0.09 sys=0.01, real=0.01 secs] 
2016-09-24T04:24:37.524-0400: 16.670: [GC (GCLocker Initiated GC) [PSYoungGen: 147139K->58938K(175104K)] 577529K->522421K(699392K), 0.0308773 secs] [Times: user=0.47 sys=0.04, real=0.03 secs] 
2016-09-24T04:24:37.590-0400: 16.736: [GC (GCLocker Initiated GC) [PSYoungGen: 147002K->84931K(175104K)] 625447K->572012K(699392K), 0.0071811 secs] [Times: user=0.08 sys=0.01, real=0.01 secs] 
2016-09-24T04:24:37.597-0400: 16.743: [Full GC (Ergonomics) [PSYoungGen: 84931K->0K(175104K)] [ParOldGen: 487080K->146089K(524288K)] 572012K->146089K(699392K), [Metaspace: 43376K->43376K(1085440K)], 0.0521731 secs] [Times: user=0.39 sys=0.06, real=0.05 secs] 
2016-09-24T04:24:37.699-0400: 16.845: [GC (GCLocker Initiated GC) [PSYoungGen: 88064K->70214K(175104K)] 242383K->224534K(699392K), 0.0060688 secs] [Times: user=0.08 sys=0.00, real=0.01 secs] 
2016-09-24T04:24:37.732-0400: 16.878: [GC (GCLocker Initiated GC) [PSYoungGen: 158278K->84730K(175104K)] 315375K->265665K(699392K), 0.0079231 secs] [Times: user=0.10 sys=0.01, real=0.01 secs] 
2016-09-24T04:24:37.776-0400: 16.922: [GC (GCLocker Initiated GC) [PSYoungGen: 172794K->63299K(175104K)] 370044K->277279K(699392K), 0.0057997 secs] [Times: user=0.08 sys=0.00, real=0.00 secs] 
2016-09-24T04:24:37.823-0400: 16.968: [GC (GCLocker Initiated GC) [PSYoungGen: 151363K->63175K(175104K)] 384280K->307567K(699392K), 0.0111193 secs] [Times: user=0.17 sys=0.02, real=0.00 secs] 
2016-09-24T04:24:37.863-0400: 17.009: [GC (GCLocker Initiated GC) [PSYoungGen: 151239K->79248K(175104K)] 403872K->343272K(699392K), 0.0065696 secs] [Times: user=0.09 sys=0.01, real=0.00 secs] 
2016-09-24T04:24:37.902-0400: 17.048: [GC (GCLocker Initiated GC) [PSYoungGen: 167312K->57633K(175104K)] 434162K->361466K(699392K), 0.0066295 secs] [Times: user=0.09 sys=0.01, real=0.00 secs] 
2016-09-24T04:24:37.935-0400: 17.081: [GC (GCLocker Initiated GC) [PSYoungGen: 145697K->61697K(175104K)] 449719K->393189K(699392K), 0.0081087 secs] [Times: user=0.06 sys=0.01, real=0.01 secs] 
2016-09-24T04:24:37.975-0400: 17.121: [GC (GCLocker Initiated GC) [PSYoungGen: 149761K->83458K(175104K)] 486763K->440011K(699392K), 0.0106888 secs] [Times: user=0.06 sys=0.02, real=0.01 secs] 
2016-09-24T04:24:38.021-0400: 17.166: [GC (GCLocker Initiated GC) [PSYoungGen: 171522K->49662K(175104K)] 531011K->443549K(699392K), 0.0069361 secs] [Times: user=0.08 sys=0.01, real=0.01 secs] 
2016-09-24T04:24:38.055-0400: 17.201: [GC (GCLocker Initiated GC) [PSYoungGen: 137726K->86140K(175104K)] 534394K->503669K(699392K), 0.0084177 secs] [Times: user=0.10 sys=0.02, real=0.01 secs] 
2016-09-24T04:24:38.102-0400: 17.247: [GC (GCLocker Initiated GC) [PSYoungGen: 174204K->57698K(175104K)] 595982K->507038K(699392K), 0.0127418 secs] [Times: user=0.14 sys=0.02, real=0.02 secs] 
2016-09-24T04:24:38.143-0400: 17.289: [GC (GCLocker Initiated GC) [PSYoungGen: 145762K->79394K(175104K)] 595283K->549699K(699392K), 0.0099014 secs] [Times: user=0.08 sys=0.01, real=0.00 secs] 
2016-09-24T04:24:38.196-0400: 17.342: [GC (GCLocker Initiated GC) [PSYoungGen: 167458K->67240K(175104K)] 647437K->581578K(699392K), 0.0105455 secs] [Times: user=0.12 sys=0.01, real=0.01 secs] 
2016-09-24T04:24:38.207-0400: 17.352: [Full GC (Ergonomics) [PSYoungGen: 67240K->0K(175104K)] [ParOldGen: 514338K->147622K(524288K)] 581578K->147622K(699392K), [Metaspace: 43384K->43384K(1085440K)], 0.0541869 secs] [Times: user=0.35 sys=0.04, real=0.05 secs] 
2016-09-24T04:24:38.291-0400: 17.437: [GC (GCLocker Initiated GC) [PSYoungGen: 88064K->75440K(175104K)] 241208K->228584K(699392K), 0.0058649 secs] [Times: user=0.07 sys=0.01, real=0.01 secs] 
2016-09-24T04:24:38.327-0400: 17.473: [GC (GCLocker Initiated GC) [PSYoungGen: 163504K->53679K(175104K)] 316797K->245530K(699392K), 0.0068459 secs] [Times: user=0.10 sys=0.00, real=0.00 secs] 
2016-09-24T04:24:38.364-0400: 17.509: [GC (GCLocker Initiated GC) [PSYoungGen: 141743K->84797K(175104K)] 339165K->303018K(699392K), 0.0077184 secs] [Times: user=0.08 sys=0.01, real=0.00 secs] 
2016-09-24T04:24:38.401-0400: 17.547: [GC (GCLocker Initiated GC) [PSYoungGen: 172861K->53679K(175104K)] 396665K->321309K(699392K), 0.0072513 secs] [Times: user=0.09 sys=0.01, real=0.01 secs] 
2016-09-24T04:24:38.441-0400: 17.587: [GC (GCLocker Initiated GC) [PSYoungGen: 141743K->60383K(175104K)] 412263K->359848K(699392K), 0.0066379 secs] [Times: user=0.19 sys=0.02, real=0.01 secs] 
2016-09-24T04:24:38.474-0400: 17.620: [GC (GCLocker Initiated GC) [PSYoungGen: 148447K->60369K(175104K)] 450843K->395741K(699392K), 0.0176244 secs] [Times: user=0.25 sys=0.02, real=0.02 secs] 
2016-09-24T04:24:38.522-0400: 17.668: [GC (GCLocker Initiated GC) [PSYoungGen: 148433K->83490K(175104K)] 486574K->437066K(699392K), 0.0074594 secs] [Times: user=0.10 sys=0.01, real=0.00 secs] 
2016-09-24T04:24:38.558-0400: 17.704: [GC (GCLocker Initiated GC) [PSYoungGen: 171554K->69759K(175104K)] 527862K->440220K(699392K), 0.0080980 secs] [Times: user=0.07 sys=0.02, real=0.01 secs] 
2016-09-24T04:24:38.593-0400: 17.739: [GC (GCLocker Initiated GC) [PSYoungGen: 157823K->79426K(175104K)] 531132K->485604K(699392K), 0.0194142 secs] [Times: user=0.28 sys=0.03, real=0.02 secs] 
2016-09-24T04:24:38.643-0400: 17.789: [GC (GCLocker Initiated GC) [PSYoungGen: 167490K->64466K(175104K)] 576538K->513251K(699392K), 0.0080469 secs] [Times: user=0.11 sys=0.01, real=0.00 secs] 
2016-09-24T04:24:38.686-0400: 17.832: [GC (GCLocker Initiated GC) [PSYoungGen: 152530K->72538K(175104K)] 604111K->554412K(699392K), 0.0083565 secs] [Times: user=0.11 sys=0.01, real=0.01 secs] 
2016-09-24T04:24:38.695-0400: 17.841: [Full GC (Ergonomics) [PSYoungGen: 72538K->0K(175104K)] [ParOldGen: 481874K->150697K(524288K)] 554412K->150697K(699392K), [Metaspace: 43384K->43384K(1085440K)], 0.0483390 secs] [Times: user=0.39 sys=0.05, real=0.05 secs] 
2016-09-24T04:24:38.774-0400: 17.920: [GC (GCLocker Initiated GC) [PSYoungGen: 88064K->83338K(175104K)] 241602K->236877K(699392K), 0.0106642 secs] [Times: user=0.15 sys=0.00, real=0.02 secs] 
2016-09-24T04:24:38.809-0400: 17.955: [GC (GCLocker Initiated GC) [PSYoungGen: 171402K->72541K(175104K)] 327774K->268613K(699392K), 0.0103737 secs] [Times: user=0.09 sys=0.01, real=0.01 secs] 
2016-09-24T04:24:38.856-0400: 18.002: [GC (GCLocker Initiated GC) [PSYoungGen: 160605K->75128K(175104K)] 367544K->301475K(699392K), 0.0122177 secs] [Times: user=0.16 sys=0.01, real=0.01 secs] 
2016-09-24T04:24:38.900-0400: 18.045: [GC (GCLocker Initiated GC) [PSYoungGen: 163192K->50654K(175104K)] 395090K->332916K(699392K), 0.0072748 secs] [Times: user=0.08 sys=0.01, real=0.01 secs] 
2016-09-24T04:24:38.938-0400: 18.083: [GC (GCLocker Initiated GC) [PSYoungGen: 138718K->72400K(175104K)] 431942K->388915K(699392K), 0.0076580 secs] [Times: user=0.08 sys=0.00, real=0.01 secs] 
2016-09-24T04:24:38.983-0400: 18.129: [GC (GCLocker Initiated GC) [PSYoungGen: 160464K->56103K(175104K)] 485275K->392077K(699392K), 0.0066037 secs] [Times: user=0.07 sys=0.00, real=0.00 secs] 
2016-09-24T04:24:39.016-0400: 18.162: [GC (GCLocker Initiated GC) [PSYoungGen: 144167K->69572K(175104K)] 480242K->418089K(699392K), 0.0093589 secs] [Times: user=0.10 sys=0.01, real=0.01 secs] 
2016-09-24T04:24:39.053-0400: 18.199: [GC (GCLocker Initiated GC) [PSYoungGen: 157636K->61440K(175104K)] 506335K->446984K(699392K), 0.0090624 secs] [Times: user=0.08 sys=0.01, real=0.02 secs] 
2016-09-24T04:24:39.095-0400: 18.241: [GC (GCLocker Initiated GC) [PSYoungGen: 149504K->52182K(175104K)] 537866K->477299K(699392K), 0.0129735 secs] [Times: user=0.16 sys=0.01, real=0.01 secs] 
2016-09-24T04:24:39.139-0400: 18.285: [GC (GCLocker Initiated GC) [PSYoungGen: 140246K->63028K(175104K)] 570955K->532013K(699392K), 0.0075741 secs] [Times: user=0.10 sys=0.01, real=0.01 secs] 
2016-09-24T04:24:39.147-0400: 18.293: [Full GC (Ergonomics) [PSYoungGen: 63028K->0K(175104K)] [ParOldGen: 468984K->152313K(524288K)] 532013K->152313K(699392K), [Metaspace: 43385K->43385K(1085440K)], 0.0525795 secs] [Times: user=0.45 sys=0.06, real=0.05 secs] 
2016-09-24T04:24:39.227-0400: 18.373: [GC (GCLocker Initiated GC) [PSYoungGen: 88064K->86091K(175104K)] 240533K->238561K(699392K), 0.0066013 secs] [Times: user=0.09 sys=0.01, real=0.00 secs] 
2016-09-24T04:24:39.264-0400: 18.409: [GC (GCLocker Initiated GC) [PSYoungGen: 174155K->72478K(175104K)] 330735K->260584K(699392K), 0.0070691 secs] [Times: user=0.10 sys=0.00, real=0.00 secs] 
2016-09-24T04:24:39.300-0400: 18.446: [GC (GCLocker Initiated GC) [PSYoungGen: 160542K->58978K(175104K)] 348721K->281331K(699392K), 0.0065053 secs] [Times: user=0.09 sys=0.01, real=0.01 secs] 
2016-09-24T04:24:39.337-0400: 18.483: [GC (GCLocker Initiated GC) [PSYoungGen: 147042K->67032K(175104K)] 375057K->321019K(699392K), 0.0099346 secs] [Times: user=0.08 sys=0.01, real=0.01 secs] 
2016-09-24T04:24:39.375-0400: 18.521: [GC (GCLocker Initiated GC) [PSYoungGen: 155096K->85979K(175104K)] 413336K->364906K(699392K), 0.0075060 secs] [Times: user=0.10 sys=0.01, real=0.01 secs] 
2016-09-24T04:24:39.416-0400: 18.562: [GC (GCLocker Initiated GC) [PSYoungGen: 174043K->72304K(175104K)] 453057K->381452K(699392K), 0.0097225 secs] [Times: user=0.13 sys=0.02, real=0.01 secs] 
2016-09-24T04:24:39.467-0400: 18.612: [GC (GCLocker Initiated GC) [PSYoungGen: 160368K->61475K(175104K)] 477869K->398146K(699392K), 0.0083831 secs] [Times: user=0.07 sys=0.01, real=0.01 secs] 
2016-09-24T04:24:39.508-0400: 18.654: [GC (GCLocker Initiated GC) [PSYoungGen: 149539K->61536K(175104K)] 487600K->417561K(699392K), 0.0073826 secs] [Times: user=0.07 sys=0.01, real=0.01 secs] 
2016-09-24T04:24:39.563-0400: 18.709: [GC (GCLocker Initiated GC) [PSYoungGen: 149600K->53421K(175104K)] 507959K->421559K(699392K), 0.0063139 secs] [Times: user=0.06 sys=0.00, real=0.00 secs] 
2016-09-24T04:24:39.595-0400: 18.741: [GC (GCLocker Initiated GC) [PSYoungGen: 141485K->81722K(175104K)] 517771K->475931K(699392K), 0.0096373 secs] [Times: user=0.10 sys=0.01, real=0.01 secs] 
2016-09-24T04:24:39.651-0400: 18.797: [GC (GCLocker Initiated GC) [PSYoungGen: 169786K->67014K(175104K)] 573606K->498112K(699392K), 0.0076170 secs] [Times: user=0.09 sys=0.00, real=0.01 secs] 
2016-09-24T04:24:39.697-0400: 18.843: [GC (GCLocker Initiated GC) [PSYoungGen: 155078K->54768K(175104K)] 590334K->509246K(699392K), 0.0084304 secs] [Times: user=0.10 sys=0.01, real=0.01 secs] 
2016-09-24T04:24:39.745-0400: 18.891: [GC (GCLocker Initiated GC) [PSYoungGen: 142832K->84500K(175104K)] 601489K->567818K(699392K), 0.0085791 secs] [Times: user=0.10 sys=0.02, real=0.00 secs] 
2016-09-24T04:24:39.754-0400: 18.899: [Full GC (Ergonomics) [PSYoungGen: 84500K->0K(175104K)] [ParOldGen: 483317K->147950K(524288K)] 567818K->147950K(699392K), [Metaspace: 43385K->43385K(1085440K)], 0.2052630 secs] [Times: user=2.99 sys=0.19, real=0.21 secs] 
2016-09-24T04:24:40.017-0400: 19.162: [GC (GCLocker Initiated GC) [PSYoungGen: 88064K->84725K(175104K)] 241630K->238291K(699392K), 0.0104390 secs] [Times: user=0.12 sys=0.01, real=0.01 secs] 
2016-09-24T04:24:40.082-0400: 19.228: [GC (GCLocker Initiated GC) [PSYoungGen: 172789K->68172K(175104K)] 334568K->243876K(699392K), 0.0124198 secs] [Times: user=0.10 sys=0.03, real=0.02 secs] 
2016-09-24T04:24:40.147-0400: 19.292: [GC (GCLocker Initiated GC) [PSYoungGen: 156236K->57550K(175104K)] 338838K->266160K(699392K), 0.0062837 secs] [Times: user=0.10 sys=0.00, real=0.00 secs] 
2016-09-24T04:24:40.183-0400: 19.328: [GC (GCLocker Initiated GC) [PSYoungGen: 145614K->52086K(175104K)] 355653K->270537K(699392K), 0.0083642 secs] [Times: user=0.06 sys=0.02, real=0.00 secs] 
2016-09-24T04:24:40.217-0400: 19.363: [GC (GCLocker Initiated GC) [PSYoungGen: 140150K->67014K(175104K)] 358709K->318379K(699392K), 0.0066921 secs] [Times: user=0.11 sys=0.00, real=0.01 secs] 
2016-09-24T04:24:40.252-0400: 19.397: [GC (GCLocker Initiated GC) [PSYoungGen: 155078K->72446K(175104K)] 409275K->368851K(699392K), 0.0084115 secs] [Times: user=0.14 sys=0.00, real=0.01 secs] 
2016-09-24T04:24:40.294-0400: 19.440: [GC (GCLocker Initiated GC) [PSYoungGen: 160510K->65728K(175104K)] 465235K->407312K(699392K), 0.0078727 secs] [Times: user=0.11 sys=0.01, real=0.01 secs] 
2016-09-24T04:24:40.334-0400: 19.480: [GC (GCLocker Initiated GC) [PSYoungGen: 153792K->62997K(175104K)] 500914K->442954K(699392K), 0.0070508 secs] [Times: user=0.10 sys=0.00, real=0.01 secs] 
2016-09-24T04:24:40.371-0400: 19.517: [GC (GCLocker Initiated GC) [PSYoungGen: 151061K->56040K(175104K)] 533877K->467553K(699392K), 0.0070856 secs] [Times: user=0.06 sys=0.01, real=0.01 secs] 
2016-09-24T04:24:40.406-0400: 19.551: [GC (GCLocker Initiated GC) [PSYoungGen: 144104K->66904K(175104K)] 557003K->493602K(699392K), 0.0097060 secs] [Times: user=0.06 sys=0.08, real=0.01 secs] 
2016-09-24T04:24:40.449-0400: 19.595: [GC (GCLocker Initiated GC) [PSYoungGen: 154968K->62982K(151552K)] 587271K->522690K(675840K), 0.0074444 secs] [Times: user=0.08 sys=0.00, real=0.01 secs] 
2016-09-24T04:24:40.498-0400: 19.644: [Full GC (Ergonomics) [PSYoungGen: 151046K->0K(151552K)] [ParOldGen: 477437K->144272K(524288K)] 628483K->144272K(675840K), [Metaspace: 43385K->43385K(1085440K)], 0.0473387 secs] [Times: user=0.36 sys=0.02, real=0.05 secs] 
2016-09-24T04:24:40.590-0400: 19.735: [GC (GCLocker Initiated GC) [PSYoungGen: 88064K->75216K(172032K)] 236437K->223590K(696320K), 0.0061681 secs] [Times: user=0.07 sys=0.00, real=0.01 secs] 
2016-09-24T04:24:40.628-0400: 19.774: [GC (GCLocker Initiated GC) [PSYoungGen: 161744K->54690K(173568K)] 310242K->226565K(697856K), 0.0066631 secs] [Times: user=0.07 sys=0.00, real=0.01 secs] 
2016-09-24T04:24:40.668-0400: 19.813: [GC (Allocation Failure) [PSYoungGen: 141218K->60171K(172032K)] 322694K->258133K(696320K), 0.0067767 secs] [Times: user=0.09 sys=0.00, real=0.01 secs] 
2016-09-24T04:24:40.705-0400: 19.851: [GC (GCLocker Initiated GC) [PSYoungGen: 148235K->53514K(173568K)] 348915K->284240K(697856K), 0.0072639 secs] [Times: user=0.08 sys=0.00, real=0.00 secs] 
2016-09-24T04:24:40.746-0400: 19.892: [GC (GCLocker Initiated GC) [PSYoungGen: 141578K->62903K(172544K)] 373783K->306215K(696832K), 0.0078464 secs] [Times: user=0.08 sys=0.00, real=0.00 secs] 
2016-09-24T04:24:40.784-0400: 19.930: [GC (GCLocker Initiated GC) [PSYoungGen: 154039K->53354K(174592K)] 400271K->329662K(698880K), 0.0086465 secs] [Times: user=0.07 sys=0.01, real=0.00 secs] 
2016-09-24T04:24:40.832-0400: 19.977: [GC (GCLocker Initiated GC) [PSYoungGen: 144490K->69749K(177664K)] 427684K->388393K(701952K), 0.0079086 secs] [Times: user=0.10 sys=0.00, real=0.01 secs] 
2016-09-24T04:24:40.875-0400: 20.021: [GC (GCLocker Initiated GC) [PSYoungGen: 163957K->46558K(140800K)] 486778K->377805K(665088K), 0.0071769 secs] [Times: user=0.06 sys=0.00, real=0.01 secs] 
2016-09-24T04:24:40.917-0400: 20.063: [GC (GCLocker Initiated GC) [PSYoungGen: 140766K->60072K(179200K)] 473511K->418833K(703488K), 0.0087652 secs] [Times: user=0.09 sys=0.00, real=0.01 secs] 
2016-09-24T04:24:40.964-0400: 20.110: [GC (GCLocker Initiated GC) [PSYoungGen: 154280K->53407K(147968K)] 517249K->458562K(672256K), 0.0087125 secs] [Times: user=0.09 sys=0.01, real=0.00 secs] 
2016-09-24T04:24:41.015-0400: 20.160: [GC (GCLocker Initiated GC) [PSYoungGen: 147615K->54768K(177152K)] 558182K->483193K(701440K), 0.0079952 secs] [Times: user=0.07 sys=0.00, real=0.01 secs] 
2016-09-24T04:24:41.061-0400: 20.207: [GC (GCLocker Initiated GC) [PSYoungGen: 150000K->65456K(176128K)] 581222K->517263K(700416K), 0.0113049 secs] [Times: user=0.09 sys=0.00, real=0.01 secs] 
2016-09-24T04:24:41.118-0400: 20.264: [GC (GCLocker Initiated GC) [PSYoungGen: 160688K->69700K(178176K)] 620690K->542145K(702464K), 0.0090158 secs] [Times: user=0.08 sys=0.00, real=0.01 secs] 
2016-09-24T04:24:41.167-0400: 20.312: [GC (GCLocker Initiated GC) [PSYoungGen: 166980K->45176K(142848K)] 639588K->541124K(667136K), 0.0073590 secs] [Times: user=0.07 sys=0.00, real=0.00 secs] 
2016-09-24T04:24:41.174-0400: 20.320: [Full GC (Ergonomics) [PSYoungGen: 45176K->0K(142848K)] [ParOldGen: 495948K->138410K(524288K)] 541124K->138410K(667136K), [Metaspace: 43390K->43390K(1085440K)], 0.0511484 secs] [Times: user=0.36 sys=0.02, real=0.05 secs] 
2016-09-24T04:24:41.265-0400: 20.411: [GC (GCLocker Initiated GC) [PSYoungGen: 97280K->82091K(171008K)] 238582K->226094K(695296K), 0.0070248 secs] [Times: user=0.08 sys=0.02, real=0.00 secs] 
2016-09-24T04:24:41.305-0400: 20.451: [GC (GCLocker Initiated GC) [PSYoungGen: 170155K->83054K(175104K)] 316937K->251991K(699392K), 0.0102085 secs] [Times: user=0.12 sys=0.01, real=0.01 secs] 
2016-09-24T04:24:41.374-0400: 20.520: [GC (GCLocker Initiated GC) [PSYoungGen: 171118K->46607K(175104K)] 342810K->248211K(699392K), 0.0087695 secs] [Times: user=0.08 sys=0.01, real=0.02 secs] 
2016-09-24T04:24:41.503-0400: 20.649: [GC (GCLocker Initiated GC) [PSYoungGen: 134671K->77687K(175104K)] 337929K->288033K(699392K), 0.0083110 secs] [Times: user=0.12 sys=0.02, real=0.00 secs] 
2016-09-24T04:24:41.651-0400: 20.797: [GC (GCLocker Initiated GC) [PSYoungGen: 165751K->49339K(175104K)] 397917K->287137K(699392K), 0.0141115 secs] [Times: user=0.25 sys=0.02, real=0.02 secs] 
2016-09-24T04:24:41.785-0400: 20.931: [GC (GCLocker Initiated GC) [PSYoungGen: 137403K->30376K(175104K)] 391498K->304988K(699392K), 0.0105093 secs] [Times: user=0.17 sys=0.01, real=0.01 secs] 
2016-09-24T04:24:41.882-0400: 21.028: [GC (GCLocker Initiated GC) [PSYoungGen: 118440K->49171K(175104K)] 395850K->340364K(699392K), 0.0146904 secs] [Times: user=0.19 sys=0.01, real=0.01 secs] 
2016-09-24T04:24:41.966-0400: 21.112: [GC (GCLocker Initiated GC) [PSYoungGen: 137235K->49190K(175104K)] 437984K->363752K(699392K), 0.0122215 secs] [Times: user=0.16 sys=0.00, real=0.01 secs] 
2016-09-24T04:24:42.028-0400: 21.174: [GC (GCLocker Initiated GC) [PSYoungGen: 137254K->41135K(175104K)] 451939K->373683K(699392K), 0.0076008 secs] [Times: user=0.09 sys=0.00, real=0.01 secs] 
2016-09-24T04:24:42.102-0400: 21.248: [GC (GCLocker Initiated GC) [PSYoungGen: 129199K->46685K(175104K)] 482086K->406601K(699392K), 0.0180522 secs] [Times: user=0.13 sys=0.02, real=0.02 secs] 
2016-09-24T04:24:42.233-0400: 21.379: [GC (GCLocker Initiated GC) [PSYoungGen: 134749K->47922K(175104K)] 494755K->417806K(699392K), 0.0089334 secs] [Times: user=0.08 sys=0.00, real=0.01 secs] 
2016-09-24T04:24:42.289-0400: 21.435: [GC (GCLocker Initiated GC) [PSYoungGen: 135986K->64385K(175104K)] 510151K->455028K(699392K), 0.0134463 secs] [Times: user=0.20 sys=0.01, real=0.02 secs] 
2016-09-24T04:24:42.351-0400: 21.497: [GC (GCLocker Initiated GC) [PSYoungGen: 152449K->46582K(175104K)] 554096K->463566K(699392K), 0.0142349 secs] [Times: user=0.17 sys=0.01, real=0.02 secs] 
2016-09-24T04:24:42.470-0400: 21.616: [GC (GCLocker Initiated GC) [PSYoungGen: 134646K->62878K(151040K)] 554573K->496708K(675328K), 0.0734092 secs] [Times: user=0.29 sys=0.08, real=0.08 secs] 
2016-09-24T04:24:42.639-0400: 21.785: [GC (GCLocker Initiated GC) [PSYoungGen: 150942K->42739K(175616K)] 590235K->513475K(699904K), 0.0087087 secs] [Times: user=0.13 sys=0.01, real=0.01 secs] 
2016-09-24T04:24:42.688-0400: 21.834: [GC (GCLocker Initiated GC) [PSYoungGen: 131827K->80373K(174592K)] 605417K->582773K(698880K), 0.0114488 secs] [Times: user=0.15 sys=0.02, real=0.01 secs] 
2016-09-24T04:24:42.699-0400: 21.845: [Full GC (Ergonomics) [PSYoungGen: 80373K->0K(174592K)] [ParOldGen: 502399K->152034K(524288K)] 582773K->152034K(698880K), [Metaspace: 43390K->43390K(1085440K)], 0.0515303 secs] [Times: user=0.56 sys=0.05, real=0.05 secs] 
2016-09-24T04:24:42.880-0400: 22.026: [GC (GCLocker Initiated GC) [PSYoungGen: 89088K->67231K(175104K)] 256107K->234250K(699392K), 0.0091104 secs] [Times: user=0.09 sys=0.01, real=0.01 secs] 
2016-09-24T04:24:42.994-0400: 22.140: [GC (GCLocker Initiated GC) [PSYoungGen: 155295K->71064K(175104K)] 333236K->275289K(699392K), 0.0080298 secs] [Times: user=0.14 sys=0.00, real=0.01 secs] 
2016-09-24T04:24:43.109-0400: 22.254: [GC (GCLocker Initiated GC) [PSYoungGen: 159128K->45313K(175104K)] 378352K->295929K(699392K), 0.0124724 secs] [Times: user=0.18 sys=0.02, real=0.01 secs] 
2016-09-24T04:24:43.230-0400: 22.376: [GC (GCLocker Initiated GC) [PSYoungGen: 133377K->49322K(175104K)] 393490K->323328K(699392K), 0.0069827 secs] [Times: user=0.08 sys=0.01, real=0.01 secs] 
2016-09-24T04:24:43.274-0400: 22.420: [GC (GCLocker Initiated GC) [PSYoungGen: 137386K->57771K(175104K)] 418362K->351196K(699392K), 0.0075885 secs] [Times: user=0.09 sys=0.01, real=0.01 secs] 
2016-09-24T04:24:43.329-0400: 22.475: [GC (GCLocker Initiated GC) [PSYoungGen: 145835K->50719K(139264K)] 447473K->374533K(663552K), 0.0069396 secs] [Times: user=0.11 sys=0.01, real=0.01 secs] 
2016-09-24T04:24:43.363-0400: 22.509: [GC (GCLocker Initiated GC) [PSYoungGen: 138783K->63054K(174592K)] 462743K->411624K(698880K), 0.0745865 secs] [Times: user=0.28 sys=0.08, real=0.07 secs] 
2016-09-24T04:24:43.486-0400: 22.632: [GC (GCLocker Initiated GC) [PSYoungGen: 151630K->42712K(174080K)] 505786K->414901K(698368K), 0.0088540 secs] [Times: user=0.11 sys=0.01, real=0.01 secs] 
2016-09-24T04:24:43.530-0400: 22.675: [GC (GCLocker Initiated GC) [PSYoungGen: 131288K->45593K(175616K)] 503546K->444048K(699904K), 0.0067097 secs] [Times: user=0.09 sys=0.00, real=0.01 secs] 
2016-09-24T04:24:43.568-0400: 22.713: [GC (GCLocker Initiated GC) [PSYoungGen: 137241K->67051K(175616K)] 537166K->476942K(699904K), 0.0212198 secs] [Times: user=0.33 sys=0.02, real=0.02 secs] 
2016-09-24T04:24:43.643-0400: 22.789: [GC (GCLocker Initiated GC) [PSYoungGen: 158699K->56389K(174592K)] 570051K->504848K(698880K), 0.0101059 secs] [Times: user=0.16 sys=0.00, real=0.00 secs] 
2016-09-24T04:24:43.732-0400: 22.877: [Full GC (Ergonomics) [PSYoungGen: 149061K->0K(174592K)] [ParOldGen: 483638K->160354K(524288K)] 632699K->160354K(698880K), [Metaspace: 43402K->43402K(1085440K)], 0.0802394 secs] [Times: user=0.80 sys=0.26, real=0.08 secs] 
2016-09-24T04:24:43.903-0400: 23.049: [GC (GCLocker Initiated GC) [PSYoungGen: 92672K->65787K(175616K)] 257101K->230216K(699904K), 0.0440399 secs] [Times: user=0.22 sys=0.11, real=0.04 secs] 
2016-09-24T04:24:44.009-0400: 23.154: [GC (GCLocker Initiated GC) [PSYoungGen: 158459K->54915K(175104K)] 325786K->237743K(699392K), 0.0101940 secs] [Times: user=0.12 sys=0.01, real=0.01 secs] 
2016-09-24T04:24:44.065-0400: 23.211: [GC (GCLocker Initiated GC) [PSYoungGen: 150147K->69908K(176640K)] 335838K->265452K(700928K), 0.0281671 secs] [Times: user=0.30 sys=0.14, real=0.02 secs] 
2016-09-24T04:24:44.173-0400: 23.319: [GC (GCLocker Initiated GC) [PSYoungGen: 165140K->53638K(178688K)] 362214K->283640K(702976K), 0.0251124 secs] [Times: user=0.34 sys=0.09, real=0.03 secs] 
2016-09-24T04:24:44.276-0400: 23.422: [GC (GCLocker Initiated GC) [PSYoungGen: 149894K->71384K(167936K)] 382736K->329130K(692224K), 0.0168430 secs] [Times: user=0.21 sys=0.08, real=0.01 secs] 
2016-09-24T04:24:44.354-0400: 23.500: [GC (GCLocker Initiated GC) [PSYoungGen: 167640K->83497K(173056K)] 425454K->383917K(697344K), 0.0439935 secs] [Times: user=0.81 sys=0.09, real=0.04 secs] 
2016-09-24T04:24:44.486-0400: 23.632: [GC (GCLocker Initiated GC) [PSYoungGen: 171561K->45416K(175104K)] 475012K->375181K(699392K), 0.0206423 secs] [Times: user=0.34 sys=0.02, real=0.02 secs] 
2016-09-24T04:24:44.550-0400: 23.696: [GC (GCLocker Initiated GC) [PSYoungGen: 133480K->58915K(175104K)] 469317K->404756K(699392K), 0.0117369 secs] [Times: user=0.15 sys=0.01, real=0.01 secs] 
2016-09-24T04:24:44.615-0400: 23.761: [GC (GCLocker Initiated GC) [PSYoungGen: 146979K->38796K(175104K)] 507733K->429867K(699392K), 0.0097735 secs] [Times: user=0.12 sys=0.01, real=0.01 secs] 
2016-09-24T04:24:44.659-0400: 23.804: [GC (GCLocker Initiated GC) [PSYoungGen: 126860K->74057K(175104K)] 523566K->494278K(699392K), 0.0095135 secs] [Times: user=0.15 sys=0.01, real=0.01 secs] 
2016-09-24T04:24:44.705-0400: 23.851: [GC (GCLocker Initiated GC) [PSYoungGen: 162121K->53563K(175104K)] 586618K->497553K(699392K), 0.0068027 secs] [Times: user=0.10 sys=0.00, real=0.00 secs] 
2016-09-24T04:24:44.743-0400: 23.889: [GC (GCLocker Initiated GC) [PSYoungGen: 141627K->68606K(175104K)] 585652K->533422K(699392K), 0.0068243 secs] [Times: user=0.08 sys=0.01, real=0.00 secs] 
2016-09-24T04:24:44.783-0400: 23.929: [GC (GCLocker Initiated GC) [PSYoungGen: 156670K->79689K(175104K)] 625648K->561447K(699392K), 0.0083167 secs] [Times: user=0.11 sys=0.00, real=0.00 secs] 
2016-09-24T04:24:44.829-0400: 23.975: [Full GC (Ergonomics) [PSYoungGen: 167753K->0K(175104K)] [ParOldGen: 484601K->146872K(524288K)] 652354K->146872K(699392K), [Metaspace: 43412K->43412K(1085440K)], 0.0680275 secs] [Times: user=0.37 sys=0.06, real=0.07 secs] 
2016-09-24T04:24:44.929-0400: 24.074: [GC (GCLocker Initiated GC) [PSYoungGen: 88064K->78456K(175104K)] 244566K->234958K(699392K), 0.0069690 secs] [Times: user=0.10 sys=0.00, real=0.01 secs] 
2016-09-24T04:24:44.975-0400: 24.120: [GC (GCLocker Initiated GC) [PSYoungGen: 166520K->56545K(175104K)] 329988K->249401K(699392K), 0.0095517 secs] [Times: user=0.13 sys=0.00, real=0.01 secs] 
2016-09-24T04:24:45.016-0400: 24.162: [GC (GCLocker Initiated GC) [PSYoungGen: 144609K->63201K(175104K)] 337559K->297402K(699392K), 0.0078908 secs] [Times: user=0.12 sys=0.00, real=0.01 secs] 
2016-09-24T04:24:45.058-0400: 24.204: [GC (GCLocker Initiated GC) [PSYoungGen: 151265K->46943K(175104K)] 385592K->322413K(699392K), 0.0074597 secs] [Times: user=0.09 sys=0.00, real=0.01 secs] 
2016-09-24T04:24:45.107-0400: 24.253: [GC (GCLocker Initiated GC) [PSYoungGen: 135007K->49997K(175104K)] 422748K->359961K(699392K), 0.0072796 secs] [Times: user=0.08 sys=0.00, real=0.01 secs] 
2016-09-24T04:24:45.145-0400: 24.291: [GC (GCLocker Initiated GC) [PSYoungGen: 138061K->52188K(175104K)] 453496K->391467K(699392K), 0.0085156 secs] [Times: user=0.08 sys=0.00, real=0.00 secs] 
2016-09-24T04:24:45.192-0400: 24.338: [GC (GCLocker Initiated GC) [PSYoungGen: 140252K->60414K(174080K)] 479593K->434154K(698368K), 0.0071832 secs] [Times: user=0.10 sys=0.02, real=0.01 secs] 
2016-09-24T04:24:45.226-0400: 24.371: [GC (GCLocker Initiated GC) [PSYoungGen: 148478K->82416K(174592K)] 525064K->479830K(698880K), 0.0078054 secs] [Times: user=0.11 sys=0.00, real=0.00 secs] 
2016-09-24T04:24:45.270-0400: 24.416: [GC (GCLocker Initiated GC) [PSYoungGen: 170480K->56422K(175104K)] 580379K->480697K(699392K), 0.0065948 secs] [Times: user=0.11 sys=0.01, real=0.01 secs] 
2016-09-24T04:24:45.310-0400: 24.455: [GC (GCLocker Initiated GC) [PSYoungGen: 144486K->59074K(175104K)] 568860K->508404K(699392K), 0.0066128 secs] [Times: user=0.07 sys=0.01, real=0.01 secs] 
2016-09-24T04:24:45.351-0400: 24.496: [GC (GCLocker Initiated GC) [PSYoungGen: 147138K->63319K(173056K)] 609492K->550513K(697344K), 0.0100997 secs] [Times: user=0.09 sys=0.01, real=0.01 secs] 
2016-09-24T04:24:45.361-0400: 24.507: [Full GC (Ergonomics) [PSYoungGen: 63319K->0K(173056K)] [ParOldGen: 487194K->156647K(524288K)] 550513K->156647K(697344K), [Metaspace: 43413K->43413K(1085440K)], 0.0483676 secs] [Times: user=0.37 sys=0.06, real=0.05 secs] 
2016-09-24T04:24:45.447-0400: 24.593: [GC (GCLocker Initiated GC) [PSYoungGen: 88064K->71588K(174080K)] 253227K->236752K(698368K), 0.0111448 secs] [Times: user=0.15 sys=0.01, real=0.01 secs] 
2016-09-24T04:24:45.498-0400: 24.643: [GC (GCLocker Initiated GC) [PSYoungGen: 159652K->59142K(174080K)] 324893K->248240K(698368K), 0.0159391 secs] [Times: user=0.22 sys=0.01, real=0.01 secs] 
2016-09-24T04:24:45.544-0400: 24.690: [GC (GCLocker Initiated GC) [PSYoungGen: 148230K->80855K(174592K)] 337591K->301926K(698880K), 0.0088001 secs] [Times: user=0.13 sys=0.01, real=0.00 secs] 
2016-09-24T04:24:45.599-0400: 24.744: [GC (GCLocker Initiated GC) [PSYoungGen: 169943K->60674K(175104K)] 396672K->323220K(699392K), 0.0077546 secs] [Times: user=0.11 sys=0.01, real=0.01 secs] 
2016-09-24T04:24:45.640-0400: 24.785: [GC (GCLocker Initiated GC) [PSYoungGen: 148738K->49803K(175104K)] 416726K->352331K(699392K), 0.0066951 secs] [Times: user=0.08 sys=0.01, real=0.01 secs] 
2016-09-24T04:24:45.686-0400: 24.831: [GC (GCLocker Initiated GC) [PSYoungGen: 137867K->74104K(175104K)] 452768K->401866K(699392K), 0.0065779 secs] [Times: user=0.11 sys=0.00, real=0.00 secs] 
2016-09-24T04:24:45.726-0400: 24.871: [GC (GCLocker Initiated GC) [PSYoungGen: 162168K->63188K(175104K)] 490360K->415082K(699392K), 0.0070058 secs] [Times: user=0.09 sys=0.00, real=0.00 secs] 
2016-09-24T04:24:45.768-0400: 24.914: [GC (GCLocker Initiated GC) [PSYoungGen: 151252K->69970K(175104K)] 508689K->455063K(699392K), 0.0074826 secs] [Times: user=0.11 sys=0.00, real=0.01 secs] 
2016-09-24T04:24:45.816-0400: 24.961: [GC (GCLocker Initiated GC) [PSYoungGen: 158034K->55301K(143872K)] 552612K->484226K(668160K), 0.0073318 secs] [Times: user=0.08 sys=0.01, real=0.01 secs] 
2016-09-24T04:24:45.859-0400: 25.004: [GC (GCLocker Initiated GC) [PSYoungGen: 143365K->73920K(174080K)] 575190K->525512K(698368K), 0.0080735 secs] [Times: user=0.21 sys=0.02, real=0.01 secs] 
2016-09-24T04:24:45.900-0400: 25.046: [GC (GCLocker Initiated GC) [PSYoungGen: 161472K->64569K(174592K)] 615894K->554703K(698880K), 0.0081562 secs] [Times: user=0.11 sys=0.00, real=0.01 secs] 
2016-09-24T04:24:45.908-0400: 25.054: [Full GC (Ergonomics) [PSYoungGen: 64569K->0K(174592K)] [ParOldGen: 490133K->158232K(524288K)] 554703K->158232K(698880K), [Metaspace: 43429K->43429K(1085440K)], 0.0508113 secs] [Times: user=0.43 sys=0.05, real=0.05 secs] 
2016-09-24T04:24:45.998-0400: 25.143: [GC (GCLocker Initiated GC) [PSYoungGen: 87552K->68807K(174592K)] 251425K->232680K(698880K), 0.0064922 secs] [Times: user=0.08 sys=0.01, real=0.01 secs] 
2016-09-24T04:24:46.046-0400: 25.191: [GC (GCLocker Initiated GC) [PSYoungGen: 157895K->74138K(174592K)] 330021K->264701K(698880K), 0.0078004 secs] [Times: user=0.07 sys=0.01, real=0.00 secs] 
2016-09-24T04:24:46.102-0400: 25.248: [GC (GCLocker Initiated GC) [PSYoungGen: 163226K->54957K(175616K)] 363313K->273328K(699904K), 0.0067492 secs] [Times: user=0.08 sys=0.01, real=0.01 secs] 
2016-09-24T04:24:47.387-0400: 26.532: [GC (GCLocker Initiated GC) [PSYoungGen: 143533K->64579K(153600K)] 364745K->306678K(677888K), 0.0098707 secs] [Times: user=0.10 sys=0.01, real=0.01 secs] 
2016-09-24T04:24:47.427-0400: 26.572: [GC (GCLocker Initiated GC) [PSYoungGen: 153155K->82100K(170496K)] 395448K->348020K(694784K), 0.0081621 secs] [Times: user=0.12 sys=0.01, real=0.01 secs] 
2016-09-24T04:24:47.482-0400: 26.627: [GC (GCLocker Initiated GC) [PSYoungGen: 168116K->67215K(173056K)] 445005K->377116K(697344K), 0.0105417 secs] [Times: user=0.14 sys=0.03, real=0.01 secs] 
2016-09-24T04:24:47.552-0400: 26.698: [GC (GCLocker Initiated GC) [PSYoungGen: 153231K->49697K(175104K)] 468592K->389919K(699392K), 0.0064843 secs] [Times: user=0.08 sys=0.00, real=0.01 secs] 
2016-09-24T04:24:47.588-0400: 26.734: [GC (GCLocker Initiated GC) [PSYoungGen: 137761K->57708K(145920K)] 487828K->434115K(670208K), 0.0070484 secs] [Times: user=0.09 sys=0.02, real=0.01 secs] 
2016-09-24T04:24:47.637-0400: 26.783: [GC (GCLocker Initiated GC) [PSYoungGen: 145772K->45661K(174080K)] 537178K->471385K(698368K), 0.0079723 secs] [Times: user=0.14 sys=0.00, real=0.01 secs] 
2016-09-24T04:24:47.682-0400: 26.828: [GC (GCLocker Initiated GC) [PSYoungGen: 133213K->45391K(174592K)] 560492K->494970K(698880K), 0.0074719 secs] [Times: user=0.08 sys=0.01, real=0.00 secs] 
2016-09-24T04:24:47.719-0400: 26.865: [GC (GCLocker Initiated GC) [PSYoungGen: 132943K->82372K(175104K)] 600237K->566311K(699392K), 0.0119689 secs] [Times: user=0.14 sys=0.02, real=0.01 secs] 
2016-09-24T04:24:47.731-0400: 26.877: [Full GC (Ergonomics) [PSYoungGen: 82372K->0K(175104K)] [ParOldGen: 483939K->173738K(524288K)] 566311K->173738K(699392K), [Metaspace: 43446K->43446K(1085440K)], 0.0469546 secs] [Times: user=0.42 sys=0.05, real=0.05 secs] 
2016-09-24T04:24:47.826-0400: 26.972: [GC (GCLocker Initiated GC) [PSYoungGen: 88064K->56585K(175104K)] 275424K->243945K(699392K), 0.0096367 secs] [Times: user=0.12 sys=0.02, real=0.01 secs] 
2016-09-24T04:24:47.862-0400: 27.008: [GC (GCLocker Initiated GC) [PSYoungGen: 144649K->75571K(175104K)] 332268K->296510K(699392K), 0.0075750 secs] [Times: user=0.11 sys=0.01, real=0.01 secs] 
2016-09-24T04:24:47.913-0400: 27.059: [GC (GCLocker Initiated GC) [PSYoungGen: 163635K->44283K(175104K)] 399554K->291771K(699392K), 0.0059990 secs] [Times: user=0.05 sys=0.01, real=0.01 secs] 
2016-09-24T04:24:47.962-0400: 27.108: [GC (GCLocker Initiated GC) [PSYoungGen: 132347K->41435K(175104K)] 380030K->319633K(699392K), 0.0097989 secs] [Times: user=0.09 sys=0.01, real=0.00 secs] 
2016-09-24T04:24:48.007-0400: 27.153: [GC (GCLocker Initiated GC) [PSYoungGen: 129499K->79784K(175104K)] 424043K->388388K(699392K), 0.0117686 secs] [Times: user=0.12 sys=0.01, real=0.01 secs] 
2016-09-24T04:24:48.067-0400: 27.213: [GC (GCLocker Initiated GC) [PSYoungGen: 167848K->40115K(175104K)] 480600K->369999K(699392K), 0.0081935 secs] [Times: user=0.05 sys=0.01, real=0.01 secs] 
2016-09-24T04:24:48.106-0400: 27.252: [GC (GCLocker Initiated GC) [PSYoungGen: 128179K->68889K(175104K)] 463693K->421204K(699392K), 0.0080334 secs] [Times: user=0.09 sys=0.01, real=0.01 secs] 
2016-09-24T04:24:48.157-0400: 27.302: [GC (GCLocker Initiated GC) [PSYoungGen: 156953K->63371K(175104K)] 514760K->446359K(699392K), 0.0106971 secs] [Times: user=0.09 sys=0.01, real=0.01 secs] 
2016-09-24T04:24:48.199-0400: 27.345: [GC (GCLocker Initiated GC) [PSYoungGen: 151435K->85050K(175104K)] 534598K->497434K(699392K), 0.0105140 secs] [Times: user=0.11 sys=0.02, real=0.01 secs] 
2016-09-24T04:24:48.250-0400: 27.395: [GC (GCLocker Initiated GC) [PSYoungGen: 173114K->57814K(175104K)] 591083K->503605K(699392K), 0.0066180 secs] [Times: user=0.08 sys=0.01, real=0.01 secs] 
2016-09-24T04:24:48.297-0400: 27.443: [GC (GCLocker Initiated GC) [PSYoungGen: 145878K->71641K(175104K)] 594479K->552034K(699392K), 0.0185253 secs] [Times: user=0.26 sys=0.03, real=0.02 secs] 
2016-09-24T04:24:48.318-0400: 27.464: [Full GC (Ergonomics) [PSYoungGen: 71641K->0K(175104K)] [ParOldGen: 480393K->173125K(524288K)] 552034K->173125K(699392K), [Metaspace: 43446K->43446K(1085440K)], 0.0466951 secs] [Times: user=0.37 sys=0.05, real=0.05 secs] 
2016-09-24T04:24:48.422-0400: 27.568: [GC (GCLocker Initiated GC) [PSYoungGen: 88064K->72251K(175104K)] 268031K->252218K(699392K), 0.0066435 secs] [Times: user=0.07 sys=0.00, real=0.00 secs] 
2016-09-24T04:24:48.469-0400: 27.614: [GC (GCLocker Initiated GC) [PSYoungGen: 160315K->62173K(175104K)] 349785K->285578K(699392K), 0.0235218 secs] [Times: user=0.33 sys=0.04, real=0.02 secs] 
2016-09-24T04:24:48.536-0400: 27.682: [GC (GCLocker Initiated GC) [PSYoungGen: 150237K->53865K(175104K)] 377830K->308123K(699392K), 0.0060643 secs] [Times: user=0.09 sys=0.01, real=0.01 secs] 
2016-09-24T04:24:48.585-0400: 27.731: [GC (GCLocker Initiated GC) [PSYoungGen: 141929K->82597K(175104K)] 396358K->352687K(699392K), 0.0098276 secs] [Times: user=0.14 sys=0.02, real=0.01 secs] 
2016-09-24T04:24:48.637-0400: 27.783: [GC (GCLocker Initiated GC) [PSYoungGen: 170661K->62131K(175104K)] 444187K->375993K(699392K), 0.0099436 secs] [Times: user=0.10 sys=0.02, real=0.01 secs] 
2016-09-24T04:24:48.689-0400: 27.835: [GC (GCLocker Initiated GC) [PSYoungGen: 150195K->74543K(175104K)] 466933K->416535K(699392K), 0.0076284 secs] [Times: user=0.10 sys=0.00, real=0.01 secs] 
2016-09-24T04:24:48.755-0400: 27.900: [GC (GCLocker Initiated GC) [PSYoungGen: 162607K->49834K(175104K)] 513220K->438064K(699392K), 0.0075890 secs] [Times: user=0.12 sys=0.01, real=0.01 secs] 
2016-09-24T04:24:48.813-0400: 27.959: [GC (GCLocker Initiated GC) [PSYoungGen: 137898K->53970K(175104K)] 526508K->478514K(699392K), 0.0148776 secs] [Times: user=0.15 sys=0.02, real=0.02 secs] 
2016-09-24T04:24:48.892-0400: 28.038: [GC (GCLocker Initiated GC) [PSYoungGen: 142034K->54246K(175104K)] 581510K->532335K(699392K), 0.0118571 secs] [Times: user=0.15 sys=0.02, real=0.02 secs] 
2016-09-24T04:24:48.904-0400: 28.050: [Full GC (Ergonomics) [PSYoungGen: 54246K->0K(175104K)] [ParOldGen: 478088K->174794K(524288K)] 532335K->174794K(699392K), [Metaspace: 43456K->43456K(1085440K)], 0.0705466 secs] [Times: user=0.49 sys=0.04, real=0.07 secs] 
2016-09-24T04:24:49.016-0400: 28.162: [GC (GCLocker Initiated GC) [PSYoungGen: 88064K->69165K(175104K)] 266181K->247282K(699392K), 0.0064802 secs] [Times: user=0.09 sys=0.00, real=0.01 secs] 
2016-09-24T04:24:49.056-0400: 28.202: [GC (GCLocker Initiated GC) [PSYoungGen: 157229K->48504K(175104K)] 338112K->257596K(699392K), 0.0084092 secs] [Times: user=0.07 sys=0.00, real=0.01 secs] 
2016-09-24T04:24:49.105-0400: 28.251: [GC (GCLocker Initiated GC) [PSYoungGen: 136568K->55657K(175104K)] 351232K->302385K(699392K), 0.0070384 secs] [Times: user=0.10 sys=0.00, real=0.00 secs] 
2016-09-24T04:24:49.155-0400: 28.301: [GC (GCLocker Initiated GC) [PSYoungGen: 143721K->50137K(175104K)] 393244K->327785K(699392K), 0.0071780 secs] [Times: user=0.06 sys=0.00, real=0.01 secs] 
2016-09-24T04:24:49.194-0400: 28.339: [GC (GCLocker Initiated GC) [PSYoungGen: 138201K->61143K(149504K)] 417329K->356189K(673792K), 0.0073425 secs] [Times: user=0.09 sys=0.00, real=0.01 secs] 
2016-09-24T04:24:49.244-0400: 28.390: [GC (GCLocker Initiated GC) [PSYoungGen: 149207K->48734K(174592K)] 452434K->396568K(698880K), 0.0072077 secs] [Times: user=0.12 sys=0.00, real=0.00 secs] 
2016-09-24T04:24:49.288-0400: 28.434: [GC (GCLocker Initiated GC) [PSYoungGen: 137310K->62301K(174080K)] 485345K->427605K(698368K), 0.0072304 secs] [Times: user=0.09 sys=0.00, real=0.01 secs] 
2016-09-24T04:24:49.328-0400: 28.474: [GC (GCLocker Initiated GC) [PSYoungGen: 150877K->65119K(174592K)] 516319K->465466K(698880K), 0.0074796 secs] [Times: user=0.09 sys=0.00, real=0.01 secs] 
2016-09-24T04:24:49.378-0400: 28.524: [GC (GCLocker Initiated GC) [PSYoungGen: 155743K->47676K(174592K)] 564279K->474935K(698880K), 0.0090368 secs] [Times: user=0.09 sys=0.00, real=0.01 secs] 
2016-09-24T04:24:49.419-0400: 28.565: [GC (GCLocker Initiated GC) [PSYoungGen: 138300K->77223K(171520K)] 565635K->531704K(695808K), 0.0079292 secs] [Times: user=0.11 sys=0.00, real=0.01 secs] 
2016-09-24T04:24:49.469-0400: 28.615: [GC (GCLocker Initiated GC) [PSYoungGen: 165287K->43415K(175104K)] 619895K->538292K(699392K), 0.0092009 secs] [Times: user=0.09 sys=0.00, real=0.01 secs] 
2016-09-24T04:24:49.479-0400: 28.624: [Full GC (Ergonomics) [PSYoungGen: 43415K->0K(175104K)] [ParOldGen: 494877K->173831K(524288K)] 538292K->173831K(699392K), [Metaspace: 43626K->43626K(1087488K)], 0.0479500 secs] [Times: user=0.38 sys=0.00, real=0.05 secs] 
2016-09-24T04:24:49.559-0400: 28.705: [GC (GCLocker Initiated GC) [PSYoungGen: 88064K->77858K(175104K)] 266054K->255848K(699392K), 0.0119045 secs] [Times: user=0.12 sys=0.00, real=0.01 secs] 
2016-09-24T04:24:49.614-0400: 28.760: [GC (GCLocker Initiated GC) [PSYoungGen: 165922K->36595K(175104K)] 352722K->241345K(699392K), 0.0061777 secs] [Times: user=0.05 sys=0.00, real=0.00 secs] 
2016-09-24T04:24:49.646-0400: 28.792: [GC (GCLocker Initiated GC) [PSYoungGen: 124659K->86749K(175104K)] 332222K->306399K(699392K), 0.0080472 secs] [Times: user=0.11 sys=0.01, real=0.01 secs] 
2016-09-24T04:24:49.699-0400: 28.845: [GC (GCLocker Initiated GC) [PSYoungGen: 174813K->50058K(175104K)] 404342K->323922K(699392K), 0.0122930 secs] [Times: user=0.16 sys=0.00, real=0.01 secs] 
2016-09-24T04:24:49.751-0400: 28.896: [GC (GCLocker Initiated GC) [PSYoungGen: 138122K->67718K(175104K)] 418842K->371048K(699392K), 0.0078676 secs] [Times: user=0.08 sys=0.00, real=0.01 secs] 
2016-09-24T04:24:49.797-0400: 28.943: [GC (GCLocker Initiated GC) [PSYoungGen: 155782K->63408K(175104K)] 464718K->408468K(699392K), 0.0076652 secs] [Times: user=0.08 sys=0.01, real=0.01 secs] 
2016-09-24T04:24:49.839-0400: 28.984: [GC (GCLocker Initiated GC) [PSYoungGen: 151472K->69101K(175104K)] 496702K->446357K(699392K), 0.0097166 secs] [Times: user=0.13 sys=0.00, real=0.01 secs] 
2016-09-24T04:24:49.884-0400: 29.029: [GC (GCLocker Initiated GC) [PSYoungGen: 157165K->53023K(175104K)] 535812K->462511K(699392K), 0.0070275 secs] [Times: user=0.08 sys=0.00, real=0.00 secs] 
2016-09-24T04:24:49.922-0400: 29.068: [GC (GCLocker Initiated GC) [PSYoungGen: 141087K->60641K(175104K)] 550609K->503990K(699392K), 0.0084597 secs] [Times: user=0.10 sys=0.01, real=0.01 secs] 
2016-09-24T04:24:49.970-0400: 29.116: [GC (GCLocker Initiated GC) [PSYoungGen: 148705K->72276K(175104K)] 602940K->547642K(699392K), 0.0114671 secs] [Times: user=0.17 sys=0.00, real=0.01 secs] 
2016-09-24T04:24:49.982-0400: 29.127: [Full GC (Ergonomics) [PSYoungGen: 72276K->0K(175104K)] [ParOldGen: 475365K->194214K(524288K)] 547642K->194214K(699392K), [Metaspace: 43640K->43640K(1087488K)], 0.0466870 secs] [Times: user=0.40 sys=0.00, real=0.05 secs] 
2016-09-24T04:24:50.077-0400: 29.222: [GC (GCLocker Initiated GC) [PSYoungGen: 88064K->53106K(175104K)] 283664K->248706K(699392K), 0.0056733 secs] [Times: user=0.10 sys=0.00, real=0.01 secs] 
2016-09-24T04:24:50.110-0400: 29.256: [GC (GCLocker Initiated GC) [PSYoungGen: 141170K->70696K(175104K)] 344978K->282637K(699392K), 0.0065047 secs] [Times: user=0.09 sys=0.00, real=0.01 secs] 
2016-09-24T04:24:50.166-0400: 29.312: [GC (GCLocker Initiated GC) [PSYoungGen: 158760K->51165K(175104K)] 376167K->299635K(699392K), 0.0078061 secs] [Times: user=0.09 sys=0.00, real=0.00 secs] 
2016-09-24T04:24:50.209-0400: 29.354: [GC (GCLocker Initiated GC) [PSYoungGen: 139229K->54100K(175104K)] 393295K->329191K(699392K), 0.0071020 secs] [Times: user=0.07 sys=0.01, real=0.01 secs] 
2016-09-24T04:24:50.252-0400: 29.397: [GC (GCLocker Initiated GC) [PSYoungGen: 142164K->70650K(175104K)] 421350K->363168K(699392K), 0.0107503 secs] [Times: user=0.10 sys=0.00, real=0.02 secs] 
2016-09-24T04:24:50.310-0400: 29.456: [GC (GCLocker Initiated GC) [PSYoungGen: 158714K->36619K(175104K)] 460937K->380730K(699392K), 0.0069614 secs] [Times: user=0.07 sys=0.00, real=0.01 secs] 
2016-09-24T04:24:50.352-0400: 29.498: [GC (GCLocker Initiated GC) [PSYoungGen: 124683K->62369K(175104K)] 468889K->433325K(699392K), 0.0079525 secs] [Times: user=0.10 sys=0.00, real=0.01 secs] 
2016-09-24T04:24:50.403-0400: 29.548: [GC (GCLocker Initiated GC) [PSYoungGen: 150433K->46287K(175104K)] 527042K->453783K(699392K), 0.0069784 secs] [Times: user=0.09 sys=0.00, real=0.00 secs] 
2016-09-24T04:24:50.442-0400: 29.587: [GC (GCLocker Initiated GC) [PSYoungGen: 134351K->60851K(173056K)] 542017K->488666K(697344K), 0.0076988 secs] [Times: user=0.08 sys=0.00, real=0.01 secs] 
2016-09-24T04:24:50.488-0400: 29.633: [GC (GCLocker Initiated GC) [PSYoungGen: 148915K->50207K(174080K)] 578240K->522542K(698368K), 0.0072864 secs] [Times: user=0.10 sys=0.00, real=0.01 secs] 
2016-09-24T04:24:50.495-0400: 29.641: [Full GC (Ergonomics) [PSYoungGen: 50207K->0K(174080K)] [ParOldGen: 472334K->190509K(524288K)] 522542K->190509K(698368K), [Metaspace: 43641K->43641K(1087488K)], 0.0484587 secs] [Times: user=0.42 sys=0.00, real=0.05 secs] 
2016-09-24T04:24:50.576-0400: 29.722: [GC (GCLocker Initiated GC) [PSYoungGen: 88064K->73235K(172544K)] 278765K->263936K(696832K), 0.0073907 secs] [Times: user=0.09 sys=0.00, real=0.01 secs] 
2016-09-24T04:24:50.621-0400: 29.767: [GC (GCLocker Initiated GC) [PSYoungGen: 161299K->73259K(175104K)] 357570K->295139K(699392K), 0.0071944 secs] [Times: user=0.11 sys=0.00, real=0.01 secs] 
2016-09-24T04:24:50.673-0400: 29.819: [GC (GCLocker Initiated GC) [PSYoungGen: 161323K->59722K(175104K)] 387685K->317025K(699392K), 0.0067517 secs] [Times: user=0.10 sys=0.00, real=0.01 secs] 
2016-09-24T04:24:50.712-0400: 29.858: [GC (GCLocker Initiated GC) [PSYoungGen: 147786K->55378K(143872K)] 405381K->334475K(668160K), 0.0065613 secs] [Times: user=0.08 sys=0.00, real=0.01 secs] 
2016-09-24T04:24:50.754-0400: 29.899: [GC (GCLocker Initiated GC) [PSYoungGen: 143442K->58121K(175616K)] 422560K->366627K(699904K), 0.0108185 secs] [Times: user=0.13 sys=0.00, real=0.02 secs] 
2016-09-24T04:24:50.799-0400: 29.945: [GC (GCLocker Initiated GC) [PSYoungGen: 148233K->54466K(173568K)] 463545K->384259K(697856K), 0.0070988 secs] [Times: user=0.08 sys=0.00, real=0.01 secs] 
2016-09-24T04:24:50.852-0400: 29.998: [GC (GCLocker Initiated GC) [PSYoungGen: 144578K->40680K(174080K)] 477555K->393957K(698368K), 0.0072941 secs] [Times: user=0.09 sys=0.01, real=0.01 secs] 
2016-09-24T04:24:50.894-0400: 30.039: [GC (GCLocker Initiated GC) [PSYoungGen: 132840K->58149K(175104K)] 491679K->427565K(699392K), 0.0069150 secs] [Times: user=0.09 sys=0.00, real=0.01 secs] 
2016-09-24T04:24:50.949-0400: 30.095: [GC (GCLocker Initiated GC) [PSYoungGen: 150309K->36791K(176128K)] 531926K->437007K(700416K), 0.0085489 secs] [Times: user=0.08 sys=0.00, real=0.01 secs] 
2016-09-24T04:24:51.000-0400: 30.146: [GC (GCLocker Initiated GC) [PSYoungGen: 132535K->44259K(177664K)] 532850K->466215K(701952K), 0.0143825 secs] [Times: user=0.21 sys=0.00, real=0.02 secs] 
2016-09-24T04:24:51.060-0400: 30.206: [GC (GCLocker Initiated GC) [PSYoungGen: 140003K->55806K(175616K)] 570195K->497445K(699904K), 0.0116606 secs] [Times: user=0.12 sys=0.00, real=0.01 secs] 
2016-09-24T04:24:52.534-0400: 31.679: [GC (Allocation Failure) [PSYoungGen: 155134K->39624K(178176K)] 596775K->526008K(702464K), 2.6032840 secs] [Times: user=0.14 sys=0.02, real=2.61 secs] 
2016-09-24T04:24:55.137-0400: 34.283: [Full GC (Ergonomics) [PSYoungGen: 39624K->0K(178176K)] [ParOldGen: 486383K->204674K(524288K)] 526008K->204674K(702464K), [Metaspace: 43678K->43678K(1087488K)], 0.0657922 secs] [Times: user=0.44 sys=0.01, real=0.07 secs] 
2016-09-24T04:24:55.226-0400: 34.372: [GC (GCLocker Initiated GC) [PSYoungGen: 99328K->78562K(168960K)] 304054K->326488K(693248K), 0.0135349 secs] [Times: user=0.18 sys=0.00, real=0.01 secs] 
2016-09-24T04:24:55.310-0400: 34.456: [GC (GCLocker Initiated GC) [PSYoungGen: 168674K->34847K(125440K)] 433014K->342051K(649728K), 0.0149605 secs] [Times: user=0.20 sys=0.00, real=0.02 secs] 
2016-09-24T04:24:55.357-0400: 34.503: [GC (GCLocker Initiated GC) [PSYoungGen: 124959K->68788K(174592K)] 432276K->394325K(698880K), 0.0086932 secs] [Times: user=0.09 sys=0.00, real=0.01 secs] 
2016-09-24T04:24:55.414-0400: 34.560: [GC (GCLocker Initiated GC) [PSYoungGen: 156852K->40128K(175104K)] 485309K->411347K(699392K), 0.0088309 secs] [Times: user=0.09 sys=0.00, real=0.01 secs] 
2016-09-24T04:24:55.456-0400: 34.602: [GC (GCLocker Initiated GC) [PSYoungGen: 128192K->62057K(175104K)] 499545K->450293K(699392K), 0.0111879 secs] [Times: user=0.12 sys=0.01, real=0.01 secs] 
2016-09-24T04:24:55.517-0400: 34.663: [GC (GCLocker Initiated GC) [PSYoungGen: 150121K->37636K(175104K)] 547926K->476925K(699392K), 0.0088377 secs] [Times: user=0.09 sys=0.00, real=0.01 secs] 
2016-09-24T04:24:55.560-0400: 34.705: [GC (GCLocker Initiated GC) [PSYoungGen: 125700K->50907K(168960K)] 565452K->513173K(693248K), 0.0162003 secs] [Times: user=0.16 sys=0.00, real=0.02 secs] 
2016-09-24T04:24:55.614-0400: 34.760: [Full GC (Ergonomics) [PSYoungGen: 138971K->0K(168960K)] [ParOldGen: 471828K->216565K(524288K)] 610799K->216565K(693248K), [Metaspace: 43679K->43679K(1087488K)], 0.0628829 secs] [Times: user=0.41 sys=0.00, real=0.06 secs] 
2016-09-24T04:24:55.722-0400: 34.868: [GC (GCLocker Initiated GC) [PSYoungGen: 88064K->75509K(172032K)] 304739K->292185K(696320K), 0.0066620 secs] [Times: user=0.07 sys=0.00, real=0.01 secs] 
2016-09-24T04:24:55.757-0400: 34.903: [GC (GCLocker Initiated GC) [PSYoungGen: 163573K->67372K(175104K)] 383160K->318779K(699392K), 0.0085702 secs] [Times: user=0.11 sys=0.00, real=0.01 secs] 
2016-09-24T04:24:55.809-0400: 34.955: [GC (GCLocker Initiated GC) [PSYoungGen: 155436K->57771K(175104K)] 413278K->354250K(699392K), 0.0075479 secs] [Times: user=0.11 sys=0.00, real=0.01 secs] 
2016-09-24T04:24:55.844-0400: 34.990: [GC (GCLocker Initiated GC) [PSYoungGen: 145835K->72900K(175104K)] 442614K->389282K(699392K), 0.0080077 secs] [Times: user=0.12 sys=0.00, real=0.00 secs] 
2016-09-24T04:24:55.894-0400: 35.040: [GC (GCLocker Initiated GC) [PSYoungGen: 160964K->52504K(175104K)] 490998K->411715K(699392K), 0.0065823 secs] [Times: user=0.09 sys=0.00, real=0.00 secs] 
2016-09-24T04:24:55.931-0400: 35.077: [GC (GCLocker Initiated GC) [PSYoungGen: 140568K->72735K(175104K)] 502653K->454545K(699392K), 0.0073954 secs] [Times: user=0.09 sys=0.00, real=0.01 secs] 
2016-09-24T04:24:55.976-0400: 35.121: [GC (GCLocker Initiated GC) [PSYoungGen: 160799K->53914K(175104K)] 548412K->480113K(699392K), 0.0074889 secs] [Times: user=0.09 sys=0.00, real=0.01 secs] 
2016-09-24T04:24:56.018-0400: 35.164: [GC (GCLocker Initiated GC) [PSYoungGen: 141978K->49576K(175104K)] 571049K->498344K(699392K), 0.0076756 secs] [Times: user=0.08 sys=0.01, real=0.01 secs] 
2016-09-24T04:24:56.058-0400: 35.203: [GC (GCLocker Initiated GC) [PSYoungGen: 137640K->42780K(175104K)] 589237K->527457K(699392K), 0.0080133 secs] [Times: user=0.06 sys=0.00, real=0.01 secs] 
2016-09-24T04:24:56.066-0400: 35.212: [Full GC (Ergonomics) [PSYoungGen: 42780K->0K(175104K)] [ParOldGen: 484677K->212660K(524288K)] 527457K->212660K(699392K), [Metaspace: 43680K->43680K(1087488K)], 0.0544288 secs] [Times: user=0.39 sys=0.01, real=0.05 secs] 
2016-09-24T04:24:56.155-0400: 35.301: [GC (GCLocker Initiated GC) [PSYoungGen: 88064K->67662K(175104K)] 304974K->284573K(699392K), 0.0075674 secs] [Times: user=0.06 sys=0.00, real=0.01 secs] 
2016-09-24T04:24:56.204-0400: 35.350: [GC (GCLocker Initiated GC) [PSYoungGen: 155726K->43085K(175104K)] 376741K->288070K(699392K), 0.0062986 secs] [Times: user=0.07 sys=0.00, real=0.00 secs] 
2016-09-24T04:24:56.240-0400: 35.386: [GC (GCLocker Initiated GC) [PSYoungGen: 131149K->68750K(175104K)] 376252K->337639K(699392K), 0.0097651 secs] [Times: user=0.13 sys=0.00, real=0.01 secs] 
2016-09-24T04:24:56.287-0400: 35.432: [GC (GCLocker Initiated GC) [PSYoungGen: 156814K->70084K(175104K)] 431150K->391111K(699392K), 0.0123755 secs] [Times: user=0.14 sys=0.01, real=0.01 secs] 
2016-09-24T04:24:56.333-0400: 35.478: [GC (GCLocker Initiated GC) [PSYoungGen: 158148K->55176K(175104K)] 479239K->393249K(699392K), 0.0123024 secs] [Times: user=0.13 sys=0.00, real=0.02 secs] 
2016-09-24T04:24:56.381-0400: 35.527: [GC (GCLocker Initiated GC) [PSYoungGen: 143240K->71256K(175104K)] 484116K->449499K(699392K), 0.0095309 secs] [Times: user=0.09 sys=0.01, real=0.01 secs] 
2016-09-24T04:24:56.420-0400: 35.565: [GC (GCLocker Initiated GC) [PSYoungGen: 159320K->83767K(175104K)] 545876K->496709K(699392K), 0.0138218 secs] [Times: user=0.15 sys=0.02, real=0.01 secs] 
2016-09-24T04:24:56.476-0400: 35.622: [GC (GCLocker Initiated GC) [PSYoungGen: 171831K->32124K(175104K)] 594319K->464923K(699392K), 0.0142046 secs] [Times: user=0.09 sys=0.00, real=0.01 secs] 
2016-09-24T04:24:56.527-0400: 35.673: [GC (GCLocker Initiated GC) [PSYoungGen: 120188K->71332K(175104K)] 555920K->529499K(699392K), 0.0075364 secs] [Times: user=0.10 sys=0.00, real=0.01 secs] 
2016-09-24T04:24:56.568-0400: 35.714: [GC (GCLocker Initiated GC) [PSYoungGen: 159396K->60687K(175104K)] 620454K->556159K(699392K), 0.0073654 secs] [Times: user=0.11 sys=0.00, real=0.01 secs] 
2016-09-24T04:24:56.576-0400: 35.722: [Full GC (Ergonomics) [PSYoungGen: 60687K->0K(175104K)] [ParOldGen: 495472K->214996K(524288K)] 556159K->214996K(699392K), [Metaspace: 43682K->43682K(1087488K)], 0.0565923 secs] [Times: user=0.39 sys=0.01, real=0.05 secs] 
2016-09-24T04:24:56.664-0400: 35.810: [GC (GCLocker Initiated GC) [PSYoungGen: 88064K->80993K(175104K)] 308636K->301566K(699392K), 0.0105054 secs] [Times: user=0.14 sys=0.01, real=0.01 secs] 
2016-09-24T04:24:56.715-0400: 35.861: [GC (GCLocker Initiated GC) [PSYoungGen: 169057K->67444K(175104K)] 395188K->309260K(699392K), 0.0066190 secs] [Times: user=0.07 sys=0.01, real=0.01 secs] 
2016-09-24T04:24:56.763-0400: 35.909: [GC (GCLocker Initiated GC) [PSYoungGen: 155508K->43195K(175104K)] 410994K->319781K(699392K), 0.0060872 secs] [Times: user=0.07 sys=0.00, real=0.00 secs] 
2016-09-24T04:24:56.803-0400: 35.948: [GC (GCLocker Initiated GC) [PSYoungGen: 131259K->60530K(175104K)] 407982K->353016K(699392K), 0.0065615 secs] [Times: user=0.08 sys=0.00, real=0.00 secs] 
2016-09-24T04:24:56.841-0400: 35.987: [GC (GCLocker Initiated GC) [PSYoungGen: 148594K->78260K(175104K)] 441222K->399976K(699392K), 0.0087205 secs] [Times: user=0.09 sys=0.00, real=0.01 secs] 
2016-09-24T04:24:56.888-0400: 36.034: [GC (GCLocker Initiated GC) [PSYoungGen: 166324K->25319K(175104K)] 494964K->383164K(699392K), 0.0060273 secs] [Times: user=0.06 sys=0.01, real=0.00 secs] 
2016-09-24T04:24:56.930-0400: 36.076: [GC (GCLocker Initiated GC) [PSYoungGen: 113383K->78309K(175104K)] 477625K->455448K(699392K), 0.0072519 secs] [Times: user=0.10 sys=0.00, real=0.01 secs] 
2016-09-24T04:24:58.870-0400: 38.016: [GC (GCLocker Initiated GC) [PSYoungGen: 166373K->57638K(175104K)] 544175K->451133K(699392K), 0.0084797 secs] [Times: user=0.08 sys=0.01, real=0.01 secs] 
2016-09-24T04:24:58.924-0400: 38.069: [GC (GCLocker Initiated GC) [PSYoungGen: 145702K->56466K(175104K)] 542124K->471020K(699392K), 0.0117672 secs] [Times: user=0.11 sys=0.01, real=0.01 secs] 
2016-09-24T04:24:58.981-0400: 38.127: [GC (GCLocker Initiated GC) [PSYoungGen: 144530K->41754K(175104K)] 562232K->475011K(699392K), 0.0151063 secs] [Times: user=0.17 sys=0.00, real=0.02 secs] 
2016-09-24T04:24:59.032-0400: 38.178: [GC (GCLocker Initiated GC) [PSYoungGen: 129818K->52335K(175104K)] 563192K->528494K(699392K), 0.0151355 secs] [Times: user=0.20 sys=0.00, real=0.02 secs] 
2016-09-24T04:24:59.048-0400: 38.194: [Full GC (Ergonomics) [PSYoungGen: 52335K->0K(175104K)] [ParOldGen: 476158K->223070K(524288K)] 528494K->223070K(699392K), [Metaspace: 43687K->43687K(1087488K)], 0.0958643 secs] [Times: user=0.52 sys=0.01, real=0.10 secs] 
2016-09-24T04:24:59.189-0400: 38.335: [GC (GCLocker Initiated GC) [PSYoungGen: 88064K->81273K(175104K)] 321991K->315200K(699392K), 0.0099847 secs] [Times: user=0.13 sys=0.00, real=0.01 secs] 
2016-09-24T04:24:59.255-0400: 38.400: [GC (GCLocker Initiated GC) [PSYoungGen: 169337K->33338K(175104K)] 406213K->288959K(699392K), 0.0093875 secs] [Times: user=0.10 sys=0.00, real=0.01 secs] 
2016-09-24T04:24:59.293-0400: 38.439: [GC (GCLocker Initiated GC) [PSYoungGen: 121402K->52557K(175104K)] 379971K->337467K(699392K), 0.0100531 secs] [Times: user=0.12 sys=0.00, real=0.02 secs] 
2016-09-24T04:24:59.354-0400: 38.500: [GC (GCLocker Initiated GC) [PSYoungGen: 140621K->53773K(175104K)] 428429K->369458K(699392K), 0.0251792 secs] [Times: user=0.35 sys=0.00, real=0.03 secs] 
2016-09-24T04:24:59.419-0400: 38.564: [GC (GCLocker Initiated GC) [PSYoungGen: 141837K->78365K(175104K)] 465827K->421954K(699392K), 0.0126283 secs] [Times: user=0.19 sys=0.00, real=0.01 secs] 
2016-09-24T04:24:59.476-0400: 38.622: [GC (GCLocker Initiated GC) [PSYoungGen: 166429K->47077K(175104K)] 516238K->428858K(699392K), 0.0071304 secs] [Times: user=0.08 sys=0.01, real=0.01 secs] 
2016-09-24T04:24:59.512-0400: 38.658: [GC (GCLocker Initiated GC) [PSYoungGen: 135141K->55105K(175104K)] 522513K->475622K(699392K), 0.0073585 secs] [Times: user=0.10 sys=0.00, real=0.01 secs] 
2016-09-24T04:24:59.568-0400: 38.714: [GC (GCLocker Initiated GC) [PSYoungGen: 143169K->41651K(175104K)] 578746K->495439K(699392K), 0.0101501 secs] [Times: user=0.10 sys=0.00, real=0.01 secs] 
2016-09-24T04:24:59.610-0400: 38.756: [GC (GCLocker Initiated GC) [PSYoungGen: 129715K->60481K(175104K)] 586448K->534329K(699392K), 0.0073254 secs] [Times: user=0.08 sys=0.00, real=0.01 secs] 
2016-09-24T04:24:59.660-0400: 38.806: [Full GC (Ergonomics) [PSYoungGen: 148545K->0K(175104K)] [ParOldGen: 486052K->233584K(524288K)] 634598K->233584K(699392K), [Metaspace: 43693K->43693K(1087488K)], 0.0619884 secs] [Times: user=0.43 sys=0.00, real=0.07 secs] 
2016-09-24T04:24:59.756-0400: 38.902: [GC (GCLocker Initiated GC) [PSYoungGen: 88064K->71481K(175104K)] 321767K->305193K(699392K), 0.0095258 secs] [Times: user=0.09 sys=0.01, real=0.01 secs] 
2016-09-24T04:24:59.814-0400: 38.960: [GC (GCLocker Initiated GC) [PSYoungGen: 159545K->31975K(175104K)] 400123K->292262K(699392K), 0.0293408 secs] [Times: user=0.30 sys=0.00, real=0.03 secs] 
2016-09-24T04:24:59.871-0400: 39.017: [GC (GCLocker Initiated GC) [PSYoungGen: 120039K->67638K(175104K)] 390032K->365309K(699392K), 0.0162012 secs] [Times: user=0.18 sys=0.01, real=0.02 secs] 
2016-09-24T04:24:59.945-0400: 39.090: [GC (GCLocker Initiated GC) [PSYoungGen: 155702K->30516K(175104K)] 461570K->357590K(699392K), 0.0103736 secs] [Times: user=0.10 sys=0.01, real=0.01 secs] 
2016-09-24T04:24:59.978-0400: 39.124: [GC (GCLocker Initiated GC) [PSYoungGen: 118580K->47070K(175104K)] 445773K->399211K(699392K), 0.0068393 secs] [Times: user=0.05 sys=0.00, real=0.01 secs] 
2016-09-24T04:25:00.040-0400: 39.185: [GC (GCLocker Initiated GC) [PSYoungGen: 135134K->49883K(175104K)] 497291K->445283K(699392K), 0.0069963 secs] [Times: user=0.07 sys=0.00, real=0.01 secs] 
2016-09-24T04:25:00.076-0400: 39.222: [GC (GCLocker Initiated GC) [PSYoungGen: 137947K->48265K(172032K)] 533418K->463587K(696320K), 0.0070662 secs] [Times: user=0.07 sys=0.00, real=0.01 secs] 
2016-09-24T04:25:00.120-0400: 39.266: [GC (GCLocker Initiated GC) [PSYoungGen: 136329K->42884K(173568K)] 554504K->494127K(697856K), 0.0121805 secs] [Times: user=0.10 sys=0.00, real=0.01 secs] 
2016-09-24T04:25:00.179-0400: 39.325: [GC (GCLocker Initiated GC) [PSYoungGen: 130948K->44667K(171520K)] 597283K->522568K(695808K), 0.0110802 secs] [Times: user=0.12 sys=0.00, real=0.01 secs] 
2016-09-24T04:25:00.233-0400: 39.379: [Full GC (Ergonomics) [PSYoungGen: 137339K->0K(171520K)] [ParOldGen: 490141K->225036K(524288K)] 627481K->225036K(695808K), [Metaspace: 43742K->43742K(1087488K)], 0.0562375 secs] [Times: user=0.36 sys=0.01, real=0.06 secs] 
2016-09-24T04:25:00.325-0400: 39.471: [GC (GCLocker Initiated GC) [PSYoungGen: 92672K->81175K(174080K)] 325888K->325191K(698368K), 0.0067842 secs] [Times: user=0.11 sys=0.00, real=0.00 secs] 
2016-09-24T04:25:00.372-0400: 39.518: [GC (GCLocker Initiated GC) [PSYoungGen: 173847K->71564K(175104K)] 432806K->342319K(699392K), 0.0098726 secs] [Times: user=0.09 sys=0.00, real=0.01 secs] 
2016-09-24T04:25:00.416-0400: 39.562: [GC (GCLocker Initiated GC) [PSYoungGen: 159628K->63160K(175104K)] 435848K->363193K(699392K), 0.0065947 secs] [Times: user=0.09 sys=0.00, real=0.01 secs] 
2016-09-24T04:25:00.458-0400: 39.604: [GC (GCLocker Initiated GC) [PSYoungGen: 151224K->59157K(175104K)] 454163K->389701K(699392K), 0.0068354 secs] [Times: user=0.08 sys=0.01, real=0.01 secs] 
2016-09-24T04:25:00.503-0400: 39.648: [GC (GCLocker Initiated GC) [PSYoungGen: 147221K->37612K(175104K)] 481166K->391161K(699392K), 0.0066515 secs] [Times: user=0.06 sys=0.00, real=0.00 secs] 
2016-09-24T04:25:00.541-0400: 39.687: [GC (GCLocker Initiated GC) [PSYoungGen: 125676K->74247K(175104K)] 490136K->451655K(699392K), 0.0115441 secs] [Times: user=0.16 sys=0.00, real=0.01 secs] 
2016-09-24T04:25:00.590-0400: 39.736: [GC (GCLocker Initiated GC) [PSYoungGen: 162311K->37413K(175104K)] 547931K->444137K(699392K), 0.0066650 secs] [Times: user=0.06 sys=0.00, real=0.01 secs] 
2016-09-24T04:25:00.635-0400: 39.781: [GC (GCLocker Initiated GC) [PSYoungGen: 125477K->52410K(175104K)] 534956K->493647K(699392K), 0.0083438 secs] [Times: user=0.07 sys=0.00, real=0.01 secs] 
2016-09-24T04:25:00.681-0400: 39.826: [GC (GCLocker Initiated GC) [PSYoungGen: 140474K->52362K(140800K)] 584440K->511920K(665088K), 0.0075013 secs] [Times: user=0.06 sys=0.00, real=0.01 secs] 
2016-09-24T04:25:00.726-0400: 39.872: [GC (GCLocker Initiated GC) [PSYoungGen: 140426K->56646K(177152K)] 612243K->541375K(701440K), 0.0076127 secs] [Times: user=0.08 sys=0.00, real=0.00 secs] 
2016-09-24T04:25:00.784-0400: 39.930: [Full GC (Ergonomics) [PSYoungGen: 147270K->0K(177152K)] [ParOldGen: 492980K->222961K(524288K)] 640250K->222961K(701440K), [Metaspace: 43742K->43742K(1087488K)], 0.1162575 secs] [Times: user=1.14 sys=0.00, real=0.11 secs] 
2016-09-24T04:25:00.955-0400: 40.101: [GC (GCLocker Initiated GC) [PSYoungGen: 90624K->70378K(174592K)] 323188K->302942K(698880K), 0.0095941 secs] [Times: user=0.13 sys=0.00, real=0.01 secs] 
2016-09-24T04:25:01.005-0400: 40.151: [GC (GCLocker Initiated GC) [PSYoungGen: 161002K->56652K(175104K)] 407215K->332186K(699392K), 0.0068996 secs] [Times: user=0.09 sys=0.00, real=0.00 secs] 
2016-09-24T04:25:01.054-0400: 40.200: [GC (GCLocker Initiated GC) [PSYoungGen: 147788K->60640K(175104K)] 428796K->358626K(699392K), 0.0072291 secs] [Times: user=0.08 sys=0.01, real=0.00 secs] 
2016-09-24T04:25:01.093-0400: 40.239: [GC (GCLocker Initiated GC) [PSYoungGen: 151776K->67423K(175616K)] 455321K->398655K(699904K), 0.0071624 secs] [Times: user=0.09 sys=0.00, real=0.01 secs] 
2016-09-24T04:25:01.141-0400: 40.287: [GC (GCLocker Initiated GC) [PSYoungGen: 160095K->51281K(177152K)] 500954K->426683K(701440K), 0.0062491 secs] [Times: user=0.10 sys=0.00, real=0.01 secs] 
2016-09-24T04:25:01.180-0400: 40.326: [GC (GCLocker Initiated GC) [PSYoungGen: 143953K->78414K(171008K)] 522184K->468293K(695296K), 0.0079813 secs] [Times: user=0.10 sys=0.00, real=0.01 secs] 
2016-09-24T04:25:01.232-0400: 40.378: [GC (GCLocker Initiated GC) [PSYoungGen: 166478K->55153K(175104K)] 556450K->485191K(699392K), 0.0072196 secs] [Times: user=0.09 sys=0.01, real=0.01 secs] 
2016-09-24T04:25:01.270-0400: 40.416: [GC (GCLocker Initiated GC) [PSYoungGen: 143217K->78243K(174080K)] 577489K->525410K(698368K), 0.0077758 secs] [Times: user=0.07 sys=0.00, real=0.01 secs] 
2016-09-24T04:25:01.320-0400: 40.466: [GC (GCLocker Initiated GC) [PSYoungGen: 166307K->72736K(175104K)] 621676K->558770K(699392K), 0.0067504 secs] [Times: user=0.10 sys=0.00, real=0.01 secs] 
2016-09-24T04:25:01.327-0400: 40.473: [Full GC (Ergonomics) [PSYoungGen: 72736K->0K(175104K)] [ParOldGen: 486034K->225054K(524288K)] 558770K->225054K(699392K), [Metaspace: 43742K->43742K(1087488K)], 0.0610377 secs] [Times: user=0.54 sys=0.00, real=0.06 secs] 
2016-09-24T04:25:01.423-0400: 40.568: [GC (GCLocker Initiated GC) [PSYoungGen: 88064K->58001K(175104K)] 315889K->285826K(699392K), 0.0067514 secs] [Times: user=0.05 sys=0.00, real=0.00 secs] 
2016-09-24T04:25:01.478-0400: 40.624: [GC (GCLocker Initiated GC) [PSYoungGen: 146065K->44614K(175104K)] 395746K->329054K(699392K), 0.0064322 secs] [Times: user=0.06 sys=0.00, real=0.01 secs] 
2016-09-24T04:25:01.533-0400: 40.678: [GC (GCLocker Initiated GC) [PSYoungGen: 132678K->49979K(175104K)] 429339K->361101K(699392K), 0.0060304 secs] [Times: user=0.07 sys=0.00, real=0.01 secs] 
2016-09-24T04:25:01.568-0400: 40.714: [GC (GCLocker Initiated GC) [PSYoungGen: 138043K->63311K(175104K)] 451978K->398459K(699392K), 0.0072239 secs] [Times: user=0.08 sys=0.00, real=0.01 secs] 
2016-09-24T04:25:01.614-0400: 40.760: [GC (GCLocker Initiated GC) [PSYoungGen: 151375K->35970K(175104K)] 492018K->402962K(699392K), 0.0062991 secs] [Times: user=0.05 sys=0.01, real=0.01 secs] 
2016-09-24T04:25:01.661-0400: 40.806: [GC (GCLocker Initiated GC) [PSYoungGen: 124034K->53916K(142336K)] 495374K->447478K(666624K), 0.0078973 secs] [Times: user=0.10 sys=0.00, real=0.01 secs] 
2016-09-24T04:25:01.710-0400: 40.856: [GC (GCLocker Initiated GC) [PSYoungGen: 141980K->45688K(175104K)] 539698K->460577K(699392K), 0.0081411 secs] [Times: user=0.08 sys=0.00, real=0.01 secs] 
2016-09-24T04:25:01.751-0400: 40.897: [GC (GCLocker Initiated GC) [PSYoungGen: 134776K->53811K(143360K)] 556660K->495326K(667648K), 0.0072085 secs] [Times: user=0.07 sys=0.00, real=0.01 secs] 
2016-09-24T04:25:01.808-0400: 40.954: [GC (GCLocker Initiated GC) [PSYoungGen: 142899K->75521K(168960K)] 592711K->532868K(693248K), 0.0066843 secs] [Times: user=0.08 sys=0.00, real=0.01 secs] 
2016-09-24T04:25:01.852-0400: 40.998: [GC (GCLocker Initiated GC) [PSYoungGen: 162049K->48344K(173568K)] 624971K->541729K(697856K), 0.0077311 secs] [Times: user=0.07 sys=0.00, real=0.01 secs] 
2016-09-24T04:25:01.860-0400: 41.006: [Full GC (Ergonomics) [PSYoungGen: 48344K->0K(173568K)] [ParOldGen: 493384K->227406K(524288K)] 541729K->227406K(697856K), [Metaspace: 43742K->43742K(1087488K)], 0.0640495 secs] [Times: user=0.57 sys=0.00, real=0.07 secs] 
2016-09-24T04:25:01.959-0400: 41.105: [GC (GCLocker Initiated GC) [PSYoungGen: 86528K->66373K(174592K)] 322724K->302569K(698880K), 0.0136659 secs] [Times: user=0.13 sys=0.00, real=0.01 secs] 
2016-09-24T04:25:02.028-0400: 41.174: [GC (GCLocker Initiated GC) [PSYoungGen: 155461K->36274K(125440K)] 398612K->309020K(649728K), 0.0063706 secs] [Times: user=0.07 sys=0.00, real=0.01 secs] 
2016-09-24T04:25:02.069-0400: 41.214: [GC (GCLocker Initiated GC) [PSYoungGen: 125362K->72687K(175104K)] 400883K->365106K(699392K), 0.0070541 secs] [Times: user=0.08 sys=0.01, real=0.01 secs] 
2016-09-24T04:25:02.113-0400: 41.259: [GC (GCLocker Initiated GC) [PSYoungGen: 160751K->59338K(175104K)] 458850K->410781K(699392K), 0.0099592 secs] [Times: user=0.08 sys=0.02, real=0.02 secs] 
2016-09-24T04:25:02.169-0400: 41.314: [GC (GCLocker Initiated GC) [PSYoungGen: 147402K->44120K(175104K)] 501578K->409888K(699392K), 0.0106614 secs] [Times: user=0.08 sys=0.00, real=0.01 secs] 
2016-09-24T04:25:02.208-0400: 41.354: [GC (GCLocker Initiated GC) [PSYoungGen: 132184K->67388K(175104K)] 500813K->470508K(699392K), 0.0158269 secs] [Times: user=0.11 sys=0.01, real=0.02 secs] 
2016-09-24T04:25:02.267-0400: 41.413: [GC (GCLocker Initiated GC) [PSYoungGen: 155452K->44173K(175104K)] 565437K->477782K(699392K), 0.0127621 secs] [Times: user=0.10 sys=0.00, real=0.01 secs] 
2016-09-24T04:25:02.315-0400: 41.461: [GC (GCLocker Initiated GC) [PSYoungGen: 132237K->49760K(138240K)] 571417K->538269K(662528K), 0.0116627 secs] [Times: user=0.11 sys=0.00, real=0.01 secs] 
2016-09-24T04:25:02.327-0400: 41.472: [Full GC (Ergonomics) [PSYoungGen: 49760K->0K(138240K)] [ParOldGen: 488509K->239200K(524288K)] 538269K->239200K(662528K), [Metaspace: 43742K->43742K(1087488K)], 0.0678010 secs] [Times: user=0.40 sys=0.03, real=0.07 secs] 
2016-09-24T04:25:02.435-0400: 41.581: [GC (GCLocker Initiated GC) [PSYoungGen: 88064K->74354K(172032K)] 330106K->316397K(696320K), 0.0124807 secs] [Times: user=0.14 sys=0.01, real=0.01 secs] 
2016-09-24T04:25:02.483-0400: 41.628: [GC (GCLocker Initiated GC) [PSYoungGen: 160882K->59149K(173568K)] 404391K->319728K(697856K), 0.0091195 secs] [Times: user=0.08 sys=0.00, real=0.00 secs] 
2016-09-24T04:25:02.525-0400: 41.671: [GC (GCLocker Initiated GC) [PSYoungGen: 145677K->59132K(169984K)] 409063K->346276K(694272K), 0.0151298 secs] [Times: user=0.22 sys=0.01, real=0.01 secs] 
2016-09-24T04:25:02.573-0400: 41.719: [GC (GCLocker Initiated GC) [PSYoungGen: 147196K->55076K(172544K)] 434469K->360597K(696832K), 0.0091475 secs] [Times: user=0.09 sys=0.02, real=0.02 secs] 
2016-09-24T04:25:02.619-0400: 41.765: [GC (GCLocker Initiated GC) [PSYoungGen: 143140K->56606K(172032K)] 455637K->388768K(696320K), 0.0114350 secs] [Times: user=0.14 sys=0.01, real=0.01 secs] 
2016-09-24T04:25:02.680-0400: 41.826: [GC (GCLocker Initiated GC) [PSYoungGen: 151838K->62034K(175104K)] 486744K->420751K(699392K), 0.0081458 secs] [Times: user=0.09 sys=0.00, real=0.01 secs] 
2016-09-24T04:25:02.728-0400: 41.873: [GC (GCLocker Initiated GC) [PSYoungGen: 157266K->48258K(180736K)] 524239K->434955K(705024K), 0.0070194 secs] [Times: user=0.06 sys=0.00, real=0.01 secs] 
2016-09-24T04:25:02.777-0400: 41.923: [GC (GCLocker Initiated GC) [PSYoungGen: 151170K->52672K(181760K)] 546030K->461756K(706048K), 0.0102861 secs] [Times: user=0.11 sys=0.00, real=0.01 secs] 
2016-09-24T04:25:02.839-0400: 41.985: [GC (GCLocker Initiated GC) [PSYoungGen: 155584K->56578K(179712K)] 568994K->499310K(704000K), 0.0083294 secs] [Times: user=0.09 sys=0.01, real=0.01 secs] 
2016-09-24T04:25:02.890-0400: 42.035: [GC (GCLocker Initiated GC) [PSYoungGen: 162562K->74102K(181248K)] 608106K->531366K(705536K), 0.0093740 secs] [Times: user=0.07 sys=0.01, real=0.01 secs] 
2016-09-24T04:25:02.943-0400: 42.089: [GC (GCLocker Initiated GC) [PSYoungGen: 180086K->49706K(182784K)] 637472K->526594K(707072K), 0.0163866 secs] [Times: user=0.17 sys=0.00, real=0.01 secs] 
2016-09-24T04:25:03.005-0400: 42.151: [GC (GCLocker Initiated GC) [PSYoungGen: 152106K->47002K(149504K)] 631956K->565446K(673792K), 0.0103025 secs] [Times: user=0.10 sys=0.00, real=0.01 secs] 
2016-09-24T04:25:03.016-0400: 42.161: [Full GC (Ergonomics) [PSYoungGen: 47002K->0K(149504K)] [ParOldGen: 518443K->233336K(524288K)] 565446K->233336K(673792K), [Metaspace: 43772K->43772K(1087488K)], 0.0535948 secs] [Times: user=0.40 sys=0.00, real=0.05 secs] 
2016-09-24T04:25:03.116-0400: 42.262: [GC (GCLocker Initiated GC) [PSYoungGen: 102400K->74451K(174080K)] 338538K->310590K(698368K), 0.0076774 secs] [Times: user=0.11 sys=0.00, real=0.01 secs] 
2016-09-24T04:25:03.167-0400: 42.313: [GC (Allocation Failure) [PSYoungGen: 169683K->52315K(178688K)] 409926K->312505K(702976K), 0.0072978 secs] [Times: user=0.06 sys=0.01, real=0.01 secs] 
2016-09-24T04:25:03.206-0400: 42.352: [GC (GCLocker Initiated GC) [PSYoungGen: 147547K->63169K(176128K)] 410453K->349739K(700416K), 0.0074802 secs] [Times: user=0.07 sys=0.00, real=0.00 secs] 
2016-09-24T04:25:03.255-0400: 42.401: [GC (GCLocker Initiated GC) [PSYoungGen: 159937K->70336K(178176K)] 447157K->377097K(702464K), 0.0082144 secs] [Times: user=0.10 sys=0.01, real=0.01 secs] 
2016-09-24T04:25:03.299-0400: 42.445: [GC (GCLocker Initiated GC) [PSYoungGen: 167104K->57653K(178688K)] 474026K->395090K(702976K), 0.0082444 secs] [Times: user=0.10 sys=0.00, real=0.01 secs] 
2016-09-24T04:25:03.349-0400: 42.495: [GC (GCLocker Initiated GC) [PSYoungGen: 153909K->66032K(178176K)] 494229K->421835K(702464K), 0.0095731 secs] [Times: user=0.07 sys=0.00, real=0.01 secs] 
2016-09-24T04:25:03.404-0400: 42.550: [GC (GCLocker Initiated GC) [PSYoungGen: 162288K->52295K(178688K)] 521082K->434920K(702976K), 0.0090236 secs] [Times: user=0.07 sys=0.00, real=0.00 secs] 
2016-09-24T04:25:03.458-0400: 42.604: [GC (GCLocker Initiated GC) [PSYoungGen: 150599K->57869K(179200K)] 537438K->473821K(703488K), 0.0131425 secs] [Times: user=0.08 sys=0.01, real=0.01 secs] 
2016-09-24T04:25:03.514-0400: 42.660: [GC (GCLocker Initiated GC) [PSYoungGen: 156173K->76873K(173568K)] 577707K->507396K(697856K), 0.0077149 secs] [Times: user=0.12 sys=0.00, real=0.01 secs] 
2016-09-24T04:25:03.560-0400: 42.706: [GC (GCLocker Initiated GC) [PSYoungGen: 171081K->82171K(176640K)] 607266K->542136K(700928K), 0.0081352 secs] [Times: user=0.12 sys=0.00, real=0.01 secs] 
2016-09-24T04:25:03.622-0400: 42.767: [GC (GCLocker Initiated GC) [PSYoungGen: 176379K->52403K(173568K)] 644692K->547077K(697856K), 0.0107634 secs] [Times: user=0.08 sys=0.00, real=0.01 secs] 
2016-09-24T04:25:03.632-0400: 42.778: [Full GC (Ergonomics) [PSYoungGen: 52403K->0K(173568K)] [ParOldGen: 494674K->251253K(524288K)] 547077K->251253K(697856K), [Metaspace: 43773K->43773K(1087488K)], 0.0525218 secs] [Times: user=0.34 sys=0.00, real=0.06 secs] 
2016-09-24T04:25:03.739-0400: 42.885: [GC (GCLocker Initiated GC) [PSYoungGen: 88064K->37807K(175104K)] 361076K->310820K(699392K), 0.0060894 secs] [Times: user=0.05 sys=0.01, real=0.01 secs] 
2016-09-24T04:25:03.787-0400: 42.933: [GC (Allocation Failure) [PSYoungGen: 125871K->53467K(175104K)] 398957K->338390K(699392K), 0.0076863 secs] [Times: user=0.06 sys=0.00, real=0.01 secs] 
2016-09-24T04:25:03.832-0400: 42.977: [GC (GCLocker Initiated GC) [PSYoungGen: 141531K->41380K(175104K)] 426469K->363337K(699392K), 0.0199859 secs] [Times: user=0.19 sys=0.00, real=0.02 secs] 
2016-09-24T04:25:03.888-0400: 43.034: [GC (GCLocker Initiated GC) [PSYoungGen: 129444K->68715K(175104K)] 467786K->414403K(699392K), 0.0084759 secs] [Times: user=0.09 sys=0.00, real=0.01 secs] 
2016-09-24T04:25:03.944-0400: 43.090: [GC (GCLocker Initiated GC) [PSYoungGen: 156779K->33452K(175104K)] 518766K->405684K(699392K), 0.0062748 secs] [Times: user=0.05 sys=0.00, real=0.00 secs] 
2016-09-24T04:25:03.989-0400: 43.135: [GC (GCLocker Initiated GC) [PSYoungGen: 121516K->56472K(175104K)] 496504K->457911K(699392K), 0.0089994 secs] [Times: user=0.09 sys=0.01, real=0.01 secs] 
2016-09-24T04:25:04.032-0400: 43.178: [GC (GCLocker Initiated GC) [PSYoungGen: 144536K->64388K(175104K)] 551548K->490942K(699392K), 0.0079004 secs] [Times: user=0.07 sys=0.00, real=0.01 secs] 
2016-09-24T04:25:04.076-0400: 43.222: [GC (GCLocker Initiated GC) [PSYoungGen: 152452K->34898K(175104K)] 583248K->509484K(699392K), 0.0082937 secs] [Times: user=0.07 sys=0.00, real=0.01 secs] 
2016-09-24T04:25:04.122-0400: 43.268: [GC (GCLocker Initiated GC) [PSYoungGen: 122962K->51070K(139264K)] 597709K->556305K(663552K), 0.0101973 secs] [Times: user=0.08 sys=0.01, real=0.01 secs] 
2016-09-24T04:25:04.132-0400: 43.278: [Full GC (Ergonomics) [PSYoungGen: 51070K->0K(139264K)] [ParOldGen: 505235K->250384K(524288K)] 556305K->250384K(663552K), [Metaspace: 43773K->43773K(1087488K)], 0.0595167 secs] [Times: user=0.40 sys=0.00, real=0.06 secs] 
2016-09-24T04:25:04.234-0400: 43.380: [GC (GCLocker Initiated GC) [PSYoungGen: 88064K->51163K(175616K)] 345302K->308402K(699904K), 0.0139897 secs] [Times: user=0.15 sys=0.00, real=0.01 secs] 
2016-09-24T04:25:04.285-0400: 43.431: [GC (GCLocker Initiated GC) [PSYoungGen: 141787K->51112K(173056K)] 399117K->324258K(697344K), 0.0185111 secs] [Times: user=0.09 sys=0.00, real=0.02 secs] 
2016-09-24T04:25:04.344-0400: 43.490: [GC (GCLocker Initiated GC) [PSYoungGen: 141736K->48440K(177152K)] 417755K->378083K(701440K), 0.0081815 secs] [Times: user=0.10 sys=0.00, real=0.00 secs] 
2016-09-24T04:25:04.388-0400: 43.534: [GC (GCLocker Initiated GC) [PSYoungGen: 145208K->59347K(175104K)] 491134K->415517K(699392K), 0.0077663 secs] [Times: user=0.09 sys=0.00, real=0.01 secs] 
2016-09-24T04:25:04.447-0400: 43.593: [GC (GCLocker Initiated GC) [PSYoungGen: 156115K->42852K(182272K)] 518136K->427358K(706560K), 0.0063865 secs] [Times: user=0.06 sys=0.00, real=0.00 secs] 
2016-09-24T04:25:04.486-0400: 43.632: [GC (GCLocker Initiated GC) [PSYoungGen: 146788K->70051K(174080K)] 531420K->483779K(698368K), 0.0084290 secs] [Times: user=0.12 sys=0.00, real=0.01 secs] 
2016-09-24T04:25:04.543-0400: 43.689: [GC (GCLocker Initiated GC) [PSYoungGen: 173987K->71464K(173056K)] 597296K->517139K(697344K), 0.0080253 secs] [Times: user=0.10 sys=0.01, real=0.00 secs] 
2016-09-24T04:25:04.593-0400: 43.738: [GC (GCLocker Initiated GC) [PSYoungGen: 162600K->45461K(176640K)] 612443K->524446K(700928K), 0.0075781 secs] [Times: user=0.07 sys=0.00, real=0.01 secs] 
2016-09-24T04:25:04.600-0400: 43.746: [Full GC (Ergonomics) [PSYoungGen: 45461K->0K(176640K)] [ParOldGen: 478985K->246340K(524288K)] 524446K->246340K(700928K), [Metaspace: 43776K->43776K(1087488K)], 0.0531748 secs] [Times: user=0.45 sys=0.00, real=0.05 secs] 
2016-09-24T04:25:04.694-0400: 43.840: [GC (GCLocker Initiated GC) [PSYoungGen: 91136K->72876K(172032K)] 337589K->319329K(696320K), 0.0103974 secs] [Times: user=0.11 sys=0.00, real=0.02 secs] 
2016-09-24T04:25:04.752-0400: 43.898: [GC (GCLocker Initiated GC) [PSYoungGen: 160940K->68740K(175104K)] 416910K->352628K(699392K), 0.0084939 secs] [Times: user=0.11 sys=0.00, real=0.01 secs] 
2016-09-24T04:25:04.795-0400: 43.941: [GC (GCLocker Initiated GC) [PSYoungGen: 156804K->66058K(175104K)] 450290K->380575K(699392K), 0.0082205 secs] [Times: user=0.11 sys=0.00, real=0.01 secs] 
2016-09-24T04:25:04.844-0400: 43.990: [GC (GCLocker Initiated GC) [PSYoungGen: 154122K->52253K(175104K)] 471510K->390712K(699392K), 0.0087996 secs] [Times: user=0.09 sys=0.00, real=0.00 secs] 
2016-09-24T04:25:04.892-0400: 44.038: [GC (GCLocker Initiated GC) [PSYoungGen: 140317K->45619K(174080K)] 481620K->406447K(698368K), 0.0214559 secs] [Times: user=0.23 sys=0.00, real=0.02 secs] 
2016-09-24T04:25:04.954-0400: 44.100: [GC (GCLocker Initiated GC) [PSYoungGen: 133683K->53654K(141824K)] 497326K->445042K(666112K), 0.0181223 secs] [Times: user=0.17 sys=0.00, real=0.02 secs] 
2016-09-24T04:25:05.011-0400: 44.156: [GC (GCLocker Initiated GC) [PSYoungGen: 141718K->40291K(173568K)] 540111K->475796K(697856K), 0.0102616 secs] [Times: user=0.10 sys=0.00, real=0.01 secs] 
2016-09-24T04:25:05.070-0400: 44.215: [GC (GCLocker Initiated GC) [PSYoungGen: 129891K->45612K(173568K)] 576223K->499500K(697856K), 0.0075713 secs] [Times: user=0.04 sys=0.00, real=0.01 secs] 
2016-09-24T04:25:05.117-0400: 44.263: [GC (GCLocker Initiated GC) [PSYoungGen: 135212K->51075K(174080K)] 595870K->535521K(698368K), 0.0073489 secs] [Times: user=0.10 sys=0.00, real=0.01 secs] 
2016-09-24T04:25:05.125-0400: 44.271: [Full GC (Ergonomics) [PSYoungGen: 51075K->0K(174080K)] [ParOldGen: 484445K->252062K(524288K)] 535521K->252062K(698368K), [Metaspace: 43778K->43778K(1087488K)], 0.0516224 secs] [Times: user=0.44 sys=0.00, real=0.05 secs] 
2016-09-24T04:25:05.204-0400: 44.350: [GC (GCLocker Initiated GC) [PSYoungGen: 95232K->78526K(174080K)] 357002K->342996K(698368K), 0.0096344 secs] [Times: user=0.10 sys=0.00, real=0.00 secs] 
2016-09-24T04:25:05.261-0400: 44.407: [GC (GCLocker Initiated GC) [PSYoungGen: 173758K->51053K(177152K)] 446440K->357255K(701440K), 0.0099436 secs] [Times: user=0.12 sys=0.01, real=0.01 secs] 
2016-09-24T04:25:05.308-0400: 44.453: [GC (GCLocker Initiated GC) [PSYoungGen: 141165K->64803K(175104K)] 457021K->401597K(699392K), 0.0084983 secs] [Times: user=0.12 sys=0.00, real=0.01 secs] 
2016-09-24T04:25:05.349-0400: 44.495: [GC (GCLocker Initiated GC) [PSYoungGen: 154915K->60513K(175616K)] 491926K->422706K(699904K), 0.0196262 secs] [Times: user=0.24 sys=0.00, real=0.02 secs] 
2016-09-24T04:25:05.409-0400: 44.555: [GC (GCLocker Initiated GC) [PSYoungGen: 152161K->57965K(175616K)] 526653K->449426K(699904K), 0.0071292 secs] [Times: user=0.08 sys=0.00, real=0.01 secs] 
2016-09-24T04:25:05.461-0400: 44.606: [GC (GCLocker Initiated GC) [PSYoungGen: 149613K->64459K(175104K)] 542527K->477167K(699392K), 0.0078790 secs] [Times: user=0.12 sys=0.00, real=0.01 secs] 
2016-09-24T04:25:05.501-0400: 44.646: [GC (GCLocker Initiated GC) [PSYoungGen: 158155K->75444K(175616K)] 583166K->510446K(699904K), 0.0072272 secs] [Times: user=0.08 sys=0.00, real=0.01 secs] 
2016-09-24T04:25:05.555-0400: 44.701: [GC (GCLocker Initiated GC) [PSYoungGen: 169140K->40107K(175104K)] 611027K->504299K(699392K), 0.0070635 secs] [Times: user=0.07 sys=0.00, real=0.01 secs] 
2016-09-24T04:25:05.591-0400: 44.737: [GC (GCLocker Initiated GC) [PSYoungGen: 129195K->67152K(156672K)] 593586K->553877K(680960K), 0.0081036 secs] [Times: user=0.07 sys=0.01, real=0.01 secs] 
2016-09-24T04:25:05.600-0400: 44.745: [Full GC (Ergonomics) [PSYoungGen: 67152K->0K(156672K)] [ParOldGen: 486725K->265997K(524288K)] 553877K->265997K(680960K), [Metaspace: 43778K->43778K(1087488K)], 0.0514318 secs] [Times: user=0.35 sys=0.00, real=0.05 secs] 
2016-09-24T04:25:05.696-0400: 44.842: [GC (GCLocker Initiated GC) [PSYoungGen: 89088K->75750K(175104K)] 362062K->348724K(699392K), 0.0105171 secs] [Times: user=0.13 sys=0.00, real=0.01 secs] 
2016-09-24T04:25:05.745-0400: 44.890: [GC (GCLocker Initiated GC) [PSYoungGen: 163814K->72701K(175104K)] 442320K->365803K(699392K), 0.0088515 secs] [Times: user=0.12 sys=0.00, real=0.00 secs] 
2016-09-24T04:25:05.788-0400: 44.934: [GC (GCLocker Initiated GC) [PSYoungGen: 160765K->71363K(175104K)] 456693K->396337K(699392K), 0.0097539 secs] [Times: user=0.11 sys=0.00, real=0.01 secs] 
2016-09-24T04:25:05.832-0400: 44.978: [GC (GCLocker Initiated GC) [PSYoungGen: 159427K->52591K(175104K)] 489868K->412093K(699392K), 0.0073941 secs] [Times: user=0.08 sys=0.00, real=0.01 secs] 
2016-09-24T04:25:05.885-0400: 45.030: [GC (GCLocker Initiated GC) [PSYoungGen: 140655K->53908K(175104K)] 509738K->444057K(699392K), 0.0089362 secs] [Times: user=0.09 sys=0.00, real=0.00 secs] 
2016-09-24T04:25:05.928-0400: 45.074: [GC (GCLocker Initiated GC) [PSYoungGen: 141972K->67315K(175104K)] 535012K->480105K(699392K), 0.0084043 secs] [Times: user=0.08 sys=0.00, real=0.01 secs] 
2016-09-24T04:25:05.978-0400: 45.124: [GC (GCLocker Initiated GC) [PSYoungGen: 155379K->59245K(175104K)] 572259K->505352K(699392K), 0.0068087 secs] [Times: user=0.09 sys=0.00, real=0.01 secs] 
2016-09-24T04:25:06.024-0400: 45.170: [GC (GCLocker Initiated GC) [PSYoungGen: 147309K->49699K(138240K)] 602954K->523565K(662528K), 0.0072393 secs] [Times: user=0.06 sys=0.00, real=0.00 secs] 
2016-09-24T04:25:06.070-0400: 45.216: [GC (GCLocker Initiated GC) [PSYoungGen: 137763K->52335K(176128K)] 619832K->548655K(700416K), 0.0148084 secs] [Times: user=0.17 sys=0.01, real=0.02 secs] 
2016-09-24T04:25:06.085-0400: 45.231: [Full GC (Ergonomics) [PSYoungGen: 52335K->0K(176128K)] [ParOldGen: 496320K->270031K(524288K)] 548655K->270031K(700416K), [Metaspace: 43784K->43784K(1087488K)], 0.0668738 secs] [Times: user=0.43 sys=0.01, real=0.06 secs] 
2016-09-24T04:25:06.195-0400: 45.341: [GC (GCLocker Initiated GC) [PSYoungGen: 89600K->60710K(150528K)] 365098K->336209K(674816K), 0.0162643 secs] [Times: user=0.12 sys=0.00, real=0.01 secs] 
2016-09-24T04:25:06.241-0400: 45.387: [GC (GCLocker Initiated GC) [PSYoungGen: 150310K->51188K(174080K)] 427350K->364274K(698368K), 0.0169459 secs] [Times: user=0.23 sys=0.00, real=0.02 secs] 
2016-09-24T04:25:06.298-0400: 45.443: [GC (GCLocker Initiated GC) [PSYoungGen: 142324K->59041K(173568K)] 455590K->396186K(697856K), 0.0258227 secs] [Times: user=0.28 sys=0.01, real=0.03 secs] 
2016-09-24T04:25:06.377-0400: 45.523: [GC (GCLocker Initiated GC) [PSYoungGen: 150177K->41694K(175616K)] 495513K->401165K(699904K), 0.0065645 secs] [Times: user=0.07 sys=0.00, real=0.01 secs] 
2016-09-24T04:25:06.429-0400: 45.575: [GC (GCLocker Initiated GC) [PSYoungGen: 137438K->57951K(176640K)] 506541K->433232K(700928K), 0.0257974 secs] [Times: user=0.27 sys=0.00, real=0.03 secs] 
2016-09-24T04:25:06.500-0400: 45.646: [GC (GCLocker Initiated GC) [PSYoungGen: 153695K->72571K(176128K)] 537184K->466485K(700416K), 0.0093732 secs] [Times: user=0.12 sys=0.00, real=0.01 secs] 
2016-09-24T04:25:06.550-0400: 45.696: [GC (GCLocker Initiated GC) [PSYoungGen: 169851K->71471K(168960K)] 566791K->478370K(693248K), 0.0094831 secs] [Times: user=0.09 sys=0.00, real=0.01 secs] 
2016-09-24T04:25:06.595-0400: 45.741: [GC (GCLocker Initiated GC) [PSYoungGen: 168751K->63154K(178688K)] 575901K->506272K(702976K), 0.0085242 secs] [Times: user=0.10 sys=0.01, real=0.01 secs] 
2016-09-24T04:25:06.648-0400: 45.793: [GC (GCLocker Initiated GC) [PSYoungGen: 156850K->64739K(158720K)] 605455K->540999K(683008K), 0.0080063 secs] [Times: user=0.11 sys=0.01, real=0.01 secs] 
2016-09-24T04:25:06.692-0400: 45.838: [GC (GCLocker Initiated GC) [PSYoungGen: 158435K->66026K(176640K)] 634856K->578417K(700928K), 0.0088669 secs] [Times: user=0.11 sys=0.01, real=0.01 secs] 
2016-09-24T04:25:06.701-0400: 45.847: [Full GC (Ergonomics) [PSYoungGen: 66026K->0K(176640K)] [ParOldGen: 512390K->272117K(524288K)] 578417K->272117K(700928K), [Metaspace: 43784K->43784K(1087488K)], 0.0523853 secs] [Times: user=0.43 sys=0.01, real=0.05 secs] 
2016-09-24T04:25:06.791-0400: 45.937: [GC (GCLocker Initiated GC) [PSYoungGen: 93696K->59351K(176640K)] 368573K->334229K(700928K), 0.0068653 secs] [Times: user=0.05 sys=0.01, real=0.01 secs] 
2016-09-24T04:25:06.843-0400: 45.989: [GC (GCLocker Initiated GC) [PSYoungGen: 153047K->47083K(176640K)] 433490K->378578K(700928K), 0.0092330 secs] [Times: user=0.11 sys=0.00, real=0.00 secs] 
2016-09-24T04:25:06.896-0400: 46.042: [GC (GCLocker Initiated GC) [PSYoungGen: 142827K->49889K(177152K)] 479786K->411928K(701440K), 0.0079395 secs] [Times: user=0.11 sys=0.00, real=0.01 secs] 
2016-09-24T04:25:06.937-0400: 46.082: [GC (GCLocker Initiated GC) [PSYoungGen: 145633K->78144K(171008K)] 510437K->451930K(695296K), 0.0095161 secs] [Times: user=0.11 sys=0.00, real=0.01 secs] 
2016-09-24T04:25:06.979-0400: 46.125: [GC (GCLocker Initiated GC) [PSYoungGen: 168256K->67377K(176128K)] 544941K->482664K(700416K), 0.0085587 secs] [Times: user=0.10 sys=0.00, real=0.01 secs] 
2016-09-24T04:25:07.019-0400: 46.165: [GC (GCLocker Initiated GC) [PSYoungGen: 157489K->60626K(171008K)] 572901K->520057K(695296K), 0.0082228 secs] [Times: user=0.12 sys=0.00, real=0.01 secs] 
2016-09-24T04:25:07.064-0400: 46.209: [Full GC (Ergonomics) [PSYoungGen: 150738K->0K(171008K)] [ParOldGen: 463690K->271535K(524288K)] 614428K->271535K(695296K), [Metaspace: 43784K->43784K(1087488K)], 0.0502494 secs] [Times: user=0.40 sys=0.00, real=0.04 secs] 
2016-09-24T04:25:07.157-0400: 46.302: [GC (GCLocker Initiated GC) [PSYoungGen: 90112K->67288K(173568K)] 367170K->344347K(697856K), 0.0080923 secs] [Times: user=0.07 sys=0.00, real=0.01 secs] 
2016-09-24T04:25:07.201-0400: 46.347: [GC (GCLocker Initiated GC) [PSYoungGen: 157400K->71170K(175616K)] 437271K->374660K(699904K), 0.0088756 secs] [Times: user=0.09 sys=0.00, real=0.01 secs] 
2016-09-24T04:25:07.253-0400: 46.399: [GC (Allocation Failure) [PSYoungGen: 163330K->40153K(132608K)] 472238K->379431K(656896K), 0.0074102 secs] [Times: user=0.06 sys=0.00, real=0.01 secs] 
2016-09-24T04:25:07.299-0400: 46.444: [GC (GCLocker Initiated GC) [PSYoungGen: 132313K->52399K(176640K)] 474304K->407306K(700928K), 0.0067702 secs] [Times: user=0.06 sys=0.01, real=0.01 secs] 
2016-09-24T04:25:07.354-0400: 46.500: [GC (GCLocker Initiated GC) [PSYoungGen: 142511K->48444K(138752K)] 505615K->429865K(663040K), 0.0078222 secs] [Times: user=0.08 sys=0.01, real=0.01 secs] 
2016-09-24T04:25:07.395-0400: 46.541: [GC (GCLocker Initiated GC) [PSYoungGen: 138556K->67441K(173568K)] 525460K->478113K(697856K), 0.0079864 secs] [Times: user=0.11 sys=0.01, real=0.01 secs] 
2016-09-24T04:25:07.444-0400: 46.590: [GC (GCLocker Initiated GC) [PSYoungGen: 156529K->76867K(174592K)] 578203K->510204K(698880K), 0.0087323 secs] [Times: user=0.09 sys=0.00, real=0.00 secs] 
2016-09-24T04:25:07.497-0400: 46.643: [GC (GCLocker Initiated GC) [PSYoungGen: 165955K->51186K(175104K)] 610169K->520437K(699392K), 0.0221848 secs] [Times: user=0.30 sys=0.00, real=0.02 secs] 
2016-09-24T04:25:07.559-0400: 46.705: [GC (GCLocker Initiated GC) [PSYoungGen: 139250K->44156K(175104K)] 610442K->529640K(699392K), 0.0088581 secs] [Times: user=0.09 sys=0.00, real=0.01 secs] 
2016-09-24T04:25:07.568-0400: 46.714: [Full GC (Ergonomics) [PSYoungGen: 44156K->0K(175104K)] [ParOldGen: 485484K->277090K(524288K)] 529640K->277090K(699392K), [Metaspace: 43791K->43791K(1087488K)], 0.0533390 secs] [Times: user=0.45 sys=0.00, real=0.05 secs] 
2016-09-24T04:25:07.665-0400: 46.811: [GC (GCLocker Initiated GC) [PSYoungGen: 88064K->79654K(175104K)] 374481K->366071K(699392K), 0.0071389 secs] [Times: user=0.10 sys=0.00, real=0.00 secs] 
2016-09-24T04:25:07.697-0400: 46.843: [GC (GCLocker Initiated GC) [PSYoungGen: 167718K->67181K(175104K)] 463830K->403358K(699392K), 0.0086943 secs] [Times: user=0.08 sys=0.00, real=0.01 secs] 
2016-09-24T04:25:07.761-0400: 46.907: [GC (GCLocker Initiated GC) [PSYoungGen: 155245K->37450K(175104K)] 501160K->401622K(699392K), 0.0065394 secs] [Times: user=0.07 sys=0.00, real=0.01 secs] 
2016-09-24T04:25:07.806-0400: 46.952: [GC (GCLocker Initiated GC) [PSYoungGen: 125514K->57578K(175104K)] 489820K->433325K(699392K), 0.0125853 secs] [Times: user=0.09 sys=0.01, real=0.01 secs] 
2016-09-24T04:25:07.863-0400: 47.009: [GC (GCLocker Initiated GC) [PSYoungGen: 145642K->56532K(175104K)] 529675K->462720K(699392K), 0.0203278 secs] [Times: user=0.20 sys=0.00, real=0.02 secs] 
2016-09-24T04:25:07.924-0400: 47.069: [GC (GCLocker Initiated GC) [PSYoungGen: 144596K->38861K(175104K)] 553207K->484798K(699392K), 0.0111205 secs] [Times: user=0.11 sys=0.01, real=0.01 secs] 
2016-09-24T04:25:07.982-0400: 47.127: [GC (GCLocker Initiated GC) [PSYoungGen: 126925K->49652K(173056K)] 575693K->539763K(697344K), 0.0138891 secs] [Times: user=0.11 sys=0.00, real=0.02 secs] 
2016-09-24T04:25:07.996-0400: 47.141: [Full GC (Ergonomics) [PSYoungGen: 49652K->0K(173056K)] [ParOldGen: 490110K->291093K(524288K)] 539763K->291093K(697344K), [Metaspace: 43794K->43794K(1087488K)], 0.0598172 secs] [Times: user=0.47 sys=0.00, real=0.06 secs] 
2016-09-24T04:25:08.105-0400: 47.251: [GC (GCLocker Initiated GC) [PSYoungGen: 88064K->60783K(174080K)] 381927K->354647K(698368K), 0.0064286 secs] [Times: user=0.06 sys=0.01, real=0.00 secs] 
2016-09-24T04:25:08.145-0400: 47.291: [GC (GCLocker Initiated GC) [PSYoungGen: 148847K->64469K(176128K)] 442946K->394788K(700416K), 0.0085431 secs] [Times: user=0.10 sys=0.01, real=0.00 secs] 
2016-09-24T04:25:08.195-0400: 47.341: [GC (GCLocker Initiated GC) [PSYoungGen: 155605K->51121K(142336K)] 494284K->409319K(666624K), 0.0115407 secs] [Times: user=0.13 sys=0.00, real=0.01 secs] 
2016-09-24T04:25:08.243-0400: 47.389: [GC (GCLocker Initiated GC) [PSYoungGen: 142257K->74189K(171520K)] 503301K->450787K(695808K), 0.0075142 secs] [Times: user=0.11 sys=0.00, real=0.00 secs] 
2016-09-24T04:25:08.281-0400: 47.426: [GC (GCLocker Initiated GC) [PSYoungGen: 162253K->78076K(175104K)] 544381K->502891K(699392K), 0.0094369 secs] [Times: user=0.15 sys=0.00, real=0.01 secs] 
2016-09-24T04:25:08.331-0400: 47.477: [GC (GCLocker Initiated GC) [PSYoungGen: 166140K->59212K(175104K)] 599109K->541460K(699392K), 0.0087472 secs] [Times: user=0.13 sys=0.00, real=0.01 secs] 
2016-09-24T04:25:08.340-0400: 47.486: [Full GC (Ergonomics) [PSYoungGen: 59212K->0K(175104K)] [ParOldGen: 482247K->285437K(524288K)] 541460K->285437K(699392K), [Metaspace: 43842K->43842K(1087488K)], 0.0511520 secs] [Times: user=0.52 sys=0.00, real=0.05 secs] 
2016-09-24T04:25:08.420-0400: 47.565: [GC (GCLocker Initiated GC) [PSYoungGen: 88064K->75558K(175104K)] 373585K->361080K(699392K), 0.0116229 secs] [Times: user=0.14 sys=0.01, real=0.01 secs] 
2016-09-24T04:25:08.473-0400: 47.619: [GC (GCLocker Initiated GC) [PSYoungGen: 163622K->68630K(175104K)] 454726K->383491K(699392K), 0.0068086 secs] [Times: user=0.11 sys=0.00, real=0.01 secs] 
2016-09-24T04:25:08.512-0400: 47.658: [GC (GCLocker Initiated GC) [PSYoungGen: 156694K->68737K(175104K)] 482432K->405881K(699392K), 0.0073599 secs] [Times: user=0.12 sys=0.01, real=0.01 secs] 
2016-09-24T04:25:08.560-0400: 47.705: [GC (GCLocker Initiated GC) [PSYoungGen: 156801K->41610K(175104K)] 503496K->409344K(699392K), 0.0062870 secs] [Times: user=0.09 sys=0.00, real=0.01 secs] 
2016-09-24T04:25:08.593-0400: 47.739: [GC (GCLocker Initiated GC) [PSYoungGen: 129674K->72654K(175104K)] 497546K->465500K(699392K), 0.0088633 secs] [Times: user=0.10 sys=0.00, real=0.01 secs] 
2016-09-24T04:25:08.633-0400: 47.779: [GC (GCLocker Initiated GC) [PSYoungGen: 160718K->48240K(175104K)] 556379K->516140K(699392K), 0.0093475 secs] [Times: user=0.15 sys=0.00, real=0.02 secs] 
2016-09-24T04:25:08.643-0400: 47.789: [Full GC (Ergonomics) [PSYoungGen: 48240K->0K(175104K)] [ParOldGen: 467899K->293076K(524288K)] 516140K->293076K(699392K), [Metaspace: 43846K->43846K(1087488K)], 0.0507534 secs] [Times: user=0.50 sys=0.02, real=0.04 secs] 
2016-09-24T04:25:08.724-0400: 47.870: [GC (GCLocker Initiated GC) [PSYoungGen: 88064K->83767K(175104K)] 381404K->377108K(699392K), 0.0072573 secs] [Times: user=0.11 sys=0.00, real=0.00 secs] 
2016-09-24T04:25:08.766-0400: 47.912: [GC (GCLocker Initiated GC) [PSYoungGen: 171831K->80844K(175104K)] 468629K->393424K(699392K), 0.0077942 secs] [Times: user=0.13 sys=0.00, real=0.00 secs] 
2016-09-24T04:25:08.807-0400: 47.953: [GC (GCLocker Initiated GC) [PSYoungGen: 168908K->67192K(175104K)] 485653K->408999K(699392K), 0.0074107 secs] [Times: user=0.11 sys=0.01, real=0.01 secs] 
2016-09-24T04:25:08.849-0400: 47.994: [GC (GCLocker Initiated GC) [PSYoungGen: 155256K->68781K(175104K)] 512067K->454504K(699392K), 0.0076738 secs] [Times: user=0.11 sys=0.00, real=0.01 secs] 
2016-09-24T04:25:09.957-0400: 49.102: [GC (Allocation Failure) [PSYoungGen: 156845K->3995K(175104K)] 542574K->402642K(699392K), 0.0068838 secs] [Times: user=0.06 sys=0.00, real=0.01 secs] 
2016-09-24T04:25:15.928-0400: 55.074: [GC (Allocation Failure) [PSYoungGen: 92059K->25029K(175104K)] 490706K->427208K(699392K), 0.0086219 secs] [Times: user=0.06 sys=0.00, real=0.01 secs] 
2016-09-24T04:25:20.735-0400: 59.881: [GC (Allocation Failure) [PSYoungGen: 113093K->20132K(175104K)] 515272K->446957K(699392K), 0.0142422 secs] [Times: user=0.13 sys=0.01, real=0.01 secs] 
2016-09-24T04:25:25.569-0400: 64.715: [GC (Allocation Failure) [PSYoungGen: 108196K->19940K(175104K)] 535021K->466521K(699392K), 0.0099863 secs] [Times: user=0.07 sys=0.02, real=0.01 secs] 
2016-09-24T04:25:30.379-0400: 69.524: [GC (Allocation Failure) [PSYoungGen: 108004K->20164K(175104K)] 554585K->486318K(699392K), 0.0088968 secs] [Times: user=0.05 sys=0.00, real=0.01 secs] 
2016-09-24T04:25:35.190-0400: 74.336: [GC (Allocation Failure) [PSYoungGen: 108228K->20388K(175104K)] 574382K->506491K(699392K), 0.0086509 secs] [Times: user=0.07 sys=0.01, real=0.01 secs] 
2016-09-24T04:25:35.199-0400: 74.344: [Full GC (Ergonomics) [PSYoungGen: 20388K->0K(175104K)] [ParOldGen: 486102K->222230K(524288K)] 506491K->222230K(699392K), [Metaspace: 43994K->43990K(1087488K)], 0.1236887 secs] [Times: user=0.76 sys=0.02, real=0.13 secs] 
