Java HotSpot(TM) 64-Bit Server VM (25.101-b13) for linux-amd64 JRE (1.8.0_101-b13), built on Jun 22 2016 02:59:44 by "java_re" with gcc 4.3.0 20080428 (Red Hat 4.3.0-8)
Memory: 4k page, physical 264122320k(95206040k free), swap 268399612k(268399612k free)
CommandLine flags: -XX:GCLogFileSize=1048576 -XX:+HeapDumpOnOutOfMemoryError -XX:HeapDumpPath=artifacts/heapdump -XX:InitialHeapSize=805306368 -XX:MaxHeapSize=805306368 -XX:NumberOfGCLogFiles=10 -XX:+PrintGC -XX:+PrintGCDateStamps -XX:+PrintGCDetails -XX:+PrintGCTimeStamps -XX:+UseCompressedClassPointers -XX:+UseCompressedOops -XX:+UseGCLogFileRotation -XX:+UseParallelGC 
2016-09-25T22:18:11.076-0400: 2.227: [GC (Metadata GC Threshold) [PSYoungGen: 125830K->15590K(229376K)] 125830K->15678K(753664K), 0.0232952 secs] [Times: user=0.15 sys=0.03, real=0.02 secs] 
2016-09-25T22:18:11.099-0400: 2.250: [Full GC (Metadata GC Threshold) [PSYoungGen: 15590K->0K(229376K)] [ParOldGen: 88K->14601K(348672K)] 15678K->14601K(578048K), [Metaspace: 21064K->21064K(1067008K)], 0.0523876 secs] [Times: user=0.44 sys=0.00, real=0.05 secs] 
2016-09-25T22:18:13.011-0400: 4.162: [GC (Metadata GC Threshold) [PSYoungGen: 119548K->15100K(229376K)] 134149K->29838K(578048K), 0.0140301 secs] [Times: user=0.11 sys=0.01, real=0.02 secs] 
2016-09-25T22:18:13.025-0400: 4.176: [Full GC (Metadata GC Threshold) [PSYoungGen: 15100K->0K(229376K)] [ParOldGen: 14737K->20579K(524288K)] 29838K->20579K(753664K), [Metaspace: 34969K->34969K(1079296K)], 0.0608740 secs] [Times: user=0.50 sys=0.04, real=0.06 secs] 
2016-09-25T22:18:14.901-0400: 6.052: [GC (GCLocker Initiated GC) [PSYoungGen: 196210K->32762K(229376K)] 219490K->64651K(753664K), 0.0111798 secs] [Times: user=0.11 sys=0.00, real=0.01 secs] 
2016-09-25T22:18:15.056-0400: 6.207: [GC (GCLocker Initiated GC) [PSYoungGen: 229370K->32718K(229376K)] 273483K->79539K(753664K), 0.0073401 secs] [Times: user=0.08 sys=0.02, real=0.01 secs] 
2016-09-25T22:18:15.183-0400: 6.334: [GC (GCLocker Initiated GC) [PSYoungGen: 229326K->32741K(229376K)] 280276K->112325K(753664K), 0.0087836 secs] [Times: user=0.14 sys=0.00, real=0.00 secs] 
2016-09-25T22:18:15.303-0400: 6.454: [GC (GCLocker Initiated GC) [PSYoungGen: 229349K->32738K(142336K)] 317062K->150504K(666624K), 0.0069401 secs] [Times: user=0.06 sys=0.04, real=0.00 secs] 
2016-09-25T22:18:15.374-0400: 6.525: [GC (Allocation Failure) [PSYoungGen: 142306K->61559K(171520K)] 272821K->192081K(695808K), 0.0095399 secs] [Times: user=0.12 sys=0.00, real=0.02 secs] 
2016-09-25T22:18:15.453-0400: 6.604: [GC (GCLocker Initiated GC) [PSYoungGen: 171038K->56805K(175104K)] 304261K->199016K(699392K), 0.0101730 secs] [Times: user=0.13 sys=0.04, real=0.02 secs] 
2016-09-25T22:18:15.512-0400: 6.663: [GC (GCLocker Initiated GC) [PSYoungGen: 148965K->68461K(160768K)] 291217K->230195K(685056K), 0.0162846 secs] [Times: user=0.26 sys=0.02, real=0.02 secs] 
2016-09-25T22:18:15.571-0400: 6.722: [GC (GCLocker Initiated GC) [PSYoungGen: 160621K->81820K(175104K)] 327889K->265716K(699392K), 0.0145765 secs] [Times: user=0.22 sys=0.01, real=0.02 secs] 
2016-09-25T22:18:15.635-0400: 6.786: [GC (GCLocker Initiated GC) [PSYoungGen: 169884K->41157K(175104K)] 359276K->274068K(699392K), 0.0123815 secs] [Times: user=0.12 sys=0.04, real=0.01 secs] 
2016-09-25T22:18:15.690-0400: 6.841: [GC (GCLocker Initiated GC) [PSYoungGen: 129221K->64204K(175104K)] 365080K->313778K(699392K), 0.0110051 secs] [Times: user=0.16 sys=0.00, real=0.01 secs] 
2016-09-25T22:18:15.753-0400: 6.904: [GC (GCLocker Initiated GC) [PSYoungGen: 152268K->51908K(175104K)] 403285K->303165K(699392K), 0.0057890 secs] [Times: user=0.07 sys=0.00, real=0.01 secs] 
2016-09-25T22:18:15.796-0400: 6.947: [GC (GCLocker Initiated GC) [PSYoungGen: 139972K->69604K(175104K)] 391348K->323927K(699392K), 0.0062832 secs] [Times: user=0.07 sys=0.01, real=0.01 secs] 
2016-09-25T22:18:15.850-0400: 7.001: [GC (GCLocker Initiated GC) [PSYoungGen: 157668K->42429K(175104K)] 422860K->315911K(699392K), 0.0071270 secs] [Times: user=0.06 sys=0.01, real=0.01 secs] 
2016-09-25T22:18:15.905-0400: 7.056: [GC (GCLocker Initiated GC) [PSYoungGen: 130493K->41221K(175104K)] 406843K->347568K(699392K), 0.0070713 secs] [Times: user=0.07 sys=0.04, real=0.00 secs] 
2016-09-25T22:18:15.953-0400: 7.104: [GC (GCLocker Initiated GC) [PSYoungGen: 129285K->53404K(175104K)] 441185K->379018K(699392K), 0.0070759 secs] [Times: user=0.08 sys=0.02, real=0.01 secs] 
2016-09-25T22:18:16.008-0400: 7.160: [GC (GCLocker Initiated GC) [PSYoungGen: 141468K->45271K(171008K)] 475372K->409204K(695296K), 0.0069233 secs] [Times: user=0.10 sys=0.01, real=0.01 secs] 
2016-09-25T22:18:16.058-0400: 7.209: [GC (GCLocker Initiated GC) [PSYoungGen: 133335K->66904K(173056K)] 506774K->440558K(697344K), 0.0062065 secs] [Times: user=0.09 sys=0.00, real=0.01 secs] 
2016-09-25T22:18:16.108-0400: 7.259: [GC (GCLocker Initiated GC) [PSYoungGen: 154968K->76354K(175104K)] 531492K->463958K(699392K), 0.0072893 secs] [Times: user=0.09 sys=0.02, real=0.01 secs] 
2016-09-25T22:18:16.164-0400: 7.315: [GC (GCLocker Initiated GC) [PSYoungGen: 164418K->53436K(175104K)] 565581K->456164K(699392K), 0.0057253 secs] [Times: user=0.05 sys=0.00, real=0.00 secs] 
2016-09-25T22:18:16.218-0400: 7.369: [GC (GCLocker Initiated GC) [PSYoungGen: 141500K->68268K(175104K)] 545657K->488889K(699392K), 0.0076914 secs] [Times: user=0.08 sys=0.01, real=0.01 secs] 
2016-09-25T22:18:16.270-0400: 7.422: [GC (GCLocker Initiated GC) [PSYoungGen: 156332K->55987K(175104K)] 577124K->509440K(699392K), 0.0109750 secs] [Times: user=0.12 sys=0.03, real=0.01 secs] 
2016-09-25T22:18:16.325-0400: 7.477: [GC (GCLocker Initiated GC) [PSYoungGen: 144051K->63053K(175104K)] 611244K->546727K(699392K), 0.0073353 secs] [Times: user=0.10 sys=0.01, real=0.00 secs] 
2016-09-25T22:18:16.376-0400: 7.527: [Full GC (Ergonomics) [PSYoungGen: 151117K->0K(175104K)] [ParOldGen: 491902K->59498K(524288K)] 643019K->59498K(699392K), [Metaspace: 42867K->42867K(1085440K)], 0.2123201 secs] [Times: user=3.16 sys=0.01, real=0.21 secs] 
2016-09-25T22:18:16.634-0400: 7.786: [GC (GCLocker Initiated GC) [PSYoungGen: 88064K->76758K(175104K)] 150516K->139211K(699392K), 0.0064725 secs] [Times: user=0.09 sys=0.00, real=0.00 secs] 
2016-09-25T22:18:16.680-0400: 7.831: [GC (GCLocker Initiated GC) [PSYoungGen: 164822K->71084K(175104K)] 227523K->138482K(699392K), 0.0062524 secs] [Times: user=0.09 sys=0.00, real=0.01 secs] 
2016-09-25T22:18:16.733-0400: 7.884: [GC (GCLocker Initiated GC) [PSYoungGen: 159148K->65746K(175104K)] 240088K->149790K(699392K), 0.0106567 secs] [Times: user=0.08 sys=0.00, real=0.02 secs] 
2016-09-25T22:18:16.798-0400: 7.949: [GC (GCLocker Initiated GC) [PSYoungGen: 153810K->44056K(175104K)] 239291K->162412K(699392K), 0.0076975 secs] [Times: user=0.09 sys=0.01, real=0.01 secs] 
2016-09-25T22:18:16.858-0400: 8.009: [GC (GCLocker Initiated GC) [PSYoungGen: 132120K->52216K(175104K)] 253208K->173601K(699392K), 0.0131697 secs] [Times: user=0.16 sys=0.02, real=0.01 secs] 
2016-09-25T22:18:16.913-0400: 8.064: [GC (GCLocker Initiated GC) [PSYoungGen: 140280K->38638K(175104K)] 267164K->193030K(699392K), 0.0097288 secs] [Times: user=0.15 sys=0.00, real=0.02 secs] 
2016-09-25T22:18:16.960-0400: 8.111: [GC (GCLocker Initiated GC) [PSYoungGen: 126702K->80584K(175104K)] 283925K->254389K(699392K), 0.0067023 secs] [Times: user=0.11 sys=0.00, real=0.01 secs] 
2016-09-25T22:18:17.017-0400: 8.168: [GC (GCLocker Initiated GC) [PSYoungGen: 168648K->49438K(175104K)] 342496K->247992K(699392K), 0.0069101 secs] [Times: user=0.10 sys=0.00, real=0.01 secs] 
2016-09-25T22:18:17.065-0400: 8.216: [GC (GCLocker Initiated GC) [PSYoungGen: 137502K->76580K(175104K)] 336147K->276941K(699392K), 0.0065713 secs] [Times: user=0.11 sys=0.00, real=0.00 secs] 
2016-09-25T22:18:17.113-0400: 8.264: [GC (GCLocker Initiated GC) [PSYoungGen: 164644K->77898K(175104K)] 365168K->278906K(699392K), 0.0068605 secs] [Times: user=0.11 sys=0.00, real=0.01 secs] 
2016-09-25T22:18:17.165-0400: 8.317: [GC (GCLocker Initiated GC) [PSYoungGen: 165962K->69720K(175104K)] 366987K->283299K(699392K), 0.0067255 secs] [Times: user=0.09 sys=0.00, real=0.00 secs] 
2016-09-25T22:18:17.211-0400: 8.362: [GC (GCLocker Initiated GC) [PSYoungGen: 157784K->80502K(175104K)] 371481K->309439K(699392K), 0.0068253 secs] [Times: user=0.09 sys=0.00, real=0.01 secs] 
2016-09-25T22:18:17.263-0400: 8.414: [GC (GCLocker Initiated GC) [PSYoungGen: 168566K->53534K(175104K)] 400395K->299275K(699392K), 0.0070451 secs] [Times: user=0.05 sys=0.01, real=0.00 secs] 
2016-09-25T22:18:17.317-0400: 8.468: [GC (GCLocker Initiated GC) [PSYoungGen: 141598K->68370K(175104K)] 390081K->317265K(699392K), 0.0174168 secs] [Times: user=0.17 sys=0.00, real=0.01 secs] 
2016-09-25T22:18:17.377-0400: 8.528: [GC (GCLocker Initiated GC) [PSYoungGen: 156434K->69688K(175104K)] 405441K->337968K(699392K), 0.0067200 secs] [Times: user=0.07 sys=0.01, real=0.01 secs] 
2016-09-25T22:18:17.436-0400: 8.587: [GC (GCLocker Initiated GC) [PSYoungGen: 157752K->33183K(175104K)] 441018K->328957K(699392K), 0.0063218 secs] [Times: user=0.04 sys=0.00, real=0.01 secs] 
2016-09-25T22:18:17.486-0400: 8.637: [GC (GCLocker Initiated GC) [PSYoungGen: 121247K->53346K(175104K)] 417023K->364487K(699392K), 0.0055941 secs] [Times: user=0.07 sys=0.00, real=0.00 secs] 
2016-09-25T22:18:17.539-0400: 8.690: [GC (GCLocker Initiated GC) [PSYoungGen: 141410K->48212K(175104K)] 465085K->372223K(699392K), 0.0052025 secs] [Times: user=0.06 sys=0.00, real=0.01 secs] 
2016-09-25T22:18:17.614-0400: 8.765: [GC (GCLocker Initiated GC) [PSYoungGen: 136276K->58874K(175104K)] 460370K->394306K(699392K), 0.0062715 secs] [Times: user=0.07 sys=0.00, real=0.01 secs] 
2016-09-25T22:18:17.661-0400: 8.812: [GC (GCLocker Initiated GC) [PSYoungGen: 146938K->64430K(175104K)] 485171K->424599K(699392K), 0.0070204 secs] [Times: user=0.11 sys=0.00, real=0.01 secs] 
2016-09-25T22:18:17.711-0400: 8.862: [GC (GCLocker Initiated GC) [PSYoungGen: 152494K->60316K(175104K)] 512717K->449441K(699392K), 0.0078906 secs] [Times: user=0.10 sys=0.01, real=0.01 secs] 
2016-09-25T22:18:17.756-0400: 8.907: [GC (GCLocker Initiated GC) [PSYoungGen: 148380K->72576K(175104K)] 540444K->466402K(699392K), 0.0074758 secs] [Times: user=0.10 sys=0.01, real=0.01 secs] 
2016-09-25T22:18:17.804-0400: 8.955: [GC (GCLocker Initiated GC) [PSYoungGen: 160640K->76438K(175104K)] 554547K->482963K(699392K), 0.0069261 secs] [Times: user=0.09 sys=0.00, real=0.00 secs] 
2016-09-25T22:18:17.850-0400: 9.001: [GC (GCLocker Initiated GC) [PSYoungGen: 164502K->69766K(175104K)] 573817K->509187K(699392K), 0.0075189 secs] [Times: user=0.11 sys=0.00, real=0.01 secs] 
2016-09-25T22:18:17.896-0400: 9.047: [GC (GCLocker Initiated GC) [PSYoungGen: 157830K->81948K(175104K)] 602771K->527341K(699392K), 0.0107929 secs] [Times: user=0.14 sys=0.00, real=0.01 secs] 
2016-09-25T22:18:17.948-0400: 9.099: [GC (GCLocker Initiated GC) [PSYoungGen: 170012K->64366K(175104K)] 623616K->537305K(699392K), 0.0068575 secs] [Times: user=0.09 sys=0.00, real=0.01 secs] 
2016-09-25T22:18:17.995-0400: 9.146: [GC (GCLocker Initiated GC) [PSYoungGen: 152430K->79170K(175104K)] 625469K->562095K(699392K), 0.0074054 secs] [Times: user=0.10 sys=0.00, real=0.01 secs] 
2016-09-25T22:18:18.050-0400: 9.201: [Full GC (Ergonomics) [PSYoungGen: 167234K->0K(175104K)] [ParOldGen: 488509K->65936K(524288K)] 655743K->65936K(699392K), [Metaspace: 43129K->43129K(1085440K)], 0.0540246 secs] [Times: user=0.38 sys=0.00, real=0.06 secs] 
2016-09-25T22:18:18.144-0400: 9.295: [GC (GCLocker Initiated GC) [PSYoungGen: 88064K->74168K(175104K)] 154679K->140784K(699392K), 0.0061803 secs] [Times: user=0.08 sys=0.00, real=0.00 secs] 
2016-09-25T22:18:18.195-0400: 9.346: [GC (GCLocker Initiated GC) [PSYoungGen: 162232K->49406K(175104K)] 235710K->139832K(699392K), 0.0059918 secs] [Times: user=0.07 sys=0.00, real=0.00 secs] 
2016-09-25T22:18:18.240-0400: 9.391: [GC (GCLocker Initiated GC) [PSYoungGen: 137470K->64430K(175104K)] 233375K->182293K(699392K), 0.0070006 secs] [Times: user=0.10 sys=0.00, real=0.01 secs] 
2016-09-25T22:18:18.287-0400: 9.438: [GC (GCLocker Initiated GC) [PSYoungGen: 152494K->77898K(175104K)] 273271K->209950K(699392K), 0.0069716 secs] [Times: user=0.08 sys=0.00, real=0.00 secs] 
2016-09-25T22:18:18.334-0400: 9.485: [GC (GCLocker Initiated GC) [PSYoungGen: 165962K->61666K(175104K)] 300790K->210397K(699392K), 0.0055797 secs] [Times: user=0.07 sys=0.00, real=0.00 secs] 
2016-09-25T22:18:18.390-0400: 9.541: [GC (GCLocker Initiated GC) [PSYoungGen: 149730K->42748K(175104K)] 312217K->216486K(699392K), 0.0097538 secs] [Times: user=0.15 sys=0.00, real=0.01 secs] 
2016-09-25T22:18:18.441-0400: 9.592: [GC (GCLocker Initiated GC) [PSYoungGen: 130812K->76438K(175104K)] 310011K->256095K(699392K), 0.0064753 secs] [Times: user=0.09 sys=0.00, real=0.01 secs] 
2016-09-25T22:18:18.488-0400: 9.639: [GC (GCLocker Initiated GC) [PSYoungGen: 164502K->61652K(175104K)] 347005K->267503K(699392K), 0.0069666 secs] [Times: user=0.08 sys=0.00, real=0.01 secs] 
2016-09-25T22:18:18.534-0400: 9.685: [GC (GCLocker Initiated GC) [PSYoungGen: 149716K->76438K(175104K)] 355703K->293619K(699392K), 0.0065235 secs] [Times: user=0.10 sys=0.00, real=0.00 secs] 
2016-09-25T22:18:18.579-0400: 9.730: [GC (GCLocker Initiated GC) [PSYoungGen: 164502K->67130K(175104K)] 384492K->298254K(699392K), 0.0063623 secs] [Times: user=0.08 sys=0.00, real=0.01 secs] 
2016-09-25T22:18:18.625-0400: 9.776: [GC (GCLocker Initiated GC) [PSYoungGen: 155194K->79248K(175104K)] 389267K->313813K(699392K), 0.0063748 secs] [Times: user=0.09 sys=0.01, real=0.00 secs] 
2016-09-25T22:18:18.674-0400: 9.825: [GC (GCLocker Initiated GC) [PSYoungGen: 167312K->68416K(175104K)] 406060K->307576K(699392K), 0.0060253 secs] [Times: user=0.09 sys=0.01, real=0.00 secs] 
2016-09-25T22:18:18.723-0400: 9.875: [GC (GCLocker Initiated GC) [PSYoungGen: 156480K->62952K(175104K)] 398358K->318757K(699392K), 0.0064964 secs] [Times: user=0.08 sys=0.01, real=0.00 secs] 
2016-09-25T22:18:18.774-0400: 9.925: [GC (GCLocker Initiated GC) [PSYoungGen: 151016K->72516K(175104K)] 406853K->340876K(699392K), 0.0066518 secs] [Times: user=0.10 sys=0.00, real=0.00 secs] 
2016-09-25T22:18:18.816-0400: 9.967: [GC (GCLocker Initiated GC) [PSYoungGen: 160580K->79248K(175104K)] 429099K->348220K(699392K), 0.0090240 secs] [Times: user=0.12 sys=0.00, real=0.01 secs] 
2016-09-25T22:18:18.878-0400: 10.029: [GC (GCLocker Initiated GC) [PSYoungGen: 167312K->46701K(175104K)] 444417K->326878K(699392K), 0.0067418 secs] [Times: user=0.05 sys=0.00, real=0.01 secs] 
2016-09-25T22:18:18.931-0400: 10.082: [GC (GCLocker Initiated GC) [PSYoungGen: 134765K->50564K(175104K)] 417752K->339388K(699392K), 0.0073036 secs] [Times: user=0.06 sys=0.00, real=0.01 secs] 
2016-09-25T22:18:18.976-0400: 10.127: [GC (GCLocker Initiated GC) [PSYoungGen: 138628K->65716K(175104K)] 429725K->357187K(699392K), 0.0137278 secs] [Times: user=0.17 sys=0.00, real=0.01 secs] 
2016-09-25T22:18:19.033-0400: 10.184: [GC (GCLocker Initiated GC) [PSYoungGen: 153780K->49342K(175104K)] 448120K->364400K(699392K), 0.0065593 secs] [Times: user=0.07 sys=0.00, real=0.01 secs] 
2016-09-25T22:18:19.078-0400: 10.229: [GC (GCLocker Initiated GC) [PSYoungGen: 137406K->73816K(175104K)] 457957K->408240K(699392K), 0.0100766 secs] [Times: user=0.15 sys=0.00, real=0.01 secs] 
2016-09-25T22:18:19.127-0400: 10.278: [GC (GCLocker Initiated GC) [PSYoungGen: 161880K->60252K(175104K)] 499033K->409982K(699392K), 0.0058274 secs] [Times: user=0.08 sys=0.00, real=0.00 secs] 
2016-09-25T22:18:19.176-0400: 10.327: [GC (GCLocker Initiated GC) [PSYoungGen: 148316K->63093K(175104K)] 510242K->425415K(699392K), 0.0054005 secs] [Times: user=0.06 sys=0.00, real=0.00 secs] 
2016-09-25T22:18:19.221-0400: 10.372: [GC (GCLocker Initiated GC) [PSYoungGen: 151157K->61634K(173056K)] 521651K->456900K(697344K), 0.0069284 secs] [Times: user=0.11 sys=0.00, real=0.01 secs] 
2016-09-25T22:18:19.267-0400: 10.418: [GC (GCLocker Initiated GC) [PSYoungGen: 149698K->81884K(174080K)] 551978K->484567K(698368K), 0.0085717 secs] [Times: user=0.08 sys=0.00, real=0.01 secs] 
2016-09-25T22:18:19.322-0400: 10.473: [GC (GCLocker Initiated GC) [PSYoungGen: 169948K->58920K(175104K)] 578165K->478356K(699392K), 0.0067805 secs] [Times: user=0.07 sys=0.01, real=0.00 secs] 
2016-09-25T22:18:19.367-0400: 10.518: [GC (GCLocker Initiated GC) [PSYoungGen: 146984K->63002K(175104K)] 566528K->484270K(699392K), 0.0204930 secs] [Times: user=0.29 sys=0.00, real=0.02 secs] 
2016-09-25T22:18:19.424-0400: 10.575: [GC (GCLocker Initiated GC) [PSYoungGen: 151066K->77897K(175104K)] 572455K->511850K(699392K), 0.0071373 secs] [Times: user=0.10 sys=0.01, real=0.00 secs] 
2016-09-25T22:18:19.472-0400: 10.623: [GC (GCLocker Initiated GC) [PSYoungGen: 165961K->76515K(175104K)] 600169K->530042K(699392K), 0.0074069 secs] [Times: user=0.11 sys=0.00, real=0.01 secs] 
2016-09-25T22:18:19.520-0400: 10.671: [GC (GCLocker Initiated GC) [PSYoungGen: 164579K->72419K(175104K)] 620941K->531908K(699392K), 0.0064496 secs] [Times: user=0.09 sys=0.00, real=0.01 secs] 
2016-09-25T22:18:19.565-0400: 10.716: [GC (GCLocker Initiated GC) [PSYoungGen: 160483K->65747K(175104K)] 625559K->554162K(699392K), 0.0074828 secs] [Times: user=0.10 sys=0.00, real=0.00 secs] 
2016-09-25T22:18:19.623-0400: 10.774: [Full GC (Ergonomics) [PSYoungGen: 153811K->0K(175104K)] [ParOldGen: 495247K->73290K(524288K)] 649059K->73290K(699392K), [Metaspace: 43197K->43197K(1085440K)], 0.0489024 secs] [Times: user=0.39 sys=0.03, real=0.04 secs] 
2016-09-25T22:18:19.712-0400: 10.863: [GC (GCLocker Initiated GC) [PSYoungGen: 88064K->67353K(174080K)] 166788K->146078K(698368K), 0.0054748 secs] [Times: user=0.07 sys=0.00, real=0.01 secs] 
2016-09-25T22:18:19.757-0400: 10.908: [GC (GCLocker Initiated GC) [PSYoungGen: 155417K->53533K(174592K)] 237108K->141331K(698880K), 0.0058877 secs] [Times: user=0.06 sys=0.00, real=0.01 secs] 
2016-09-25T22:18:19.803-0400: 10.954: [GC (GCLocker Initiated GC) [PSYoungGen: 141597K->58951K(175104K)] 237561K->158043K(699392K), 0.0052358 secs] [Times: user=0.06 sys=0.00, real=0.00 secs] 
2016-09-25T22:18:19.849-0400: 11.001: [GC (GCLocker Initiated GC) [PSYoungGen: 147527K->73815K(175104K)] 252145K->178782K(699392K), 0.0068571 secs] [Times: user=0.09 sys=0.00, real=0.01 secs] 
2016-09-25T22:18:19.896-0400: 11.047: [GC (GCLocker Initiated GC) [PSYoungGen: 162391K->71083K(175104K)] 273003K->182106K(699392K), 0.0057608 secs] [Times: user=0.08 sys=0.00, real=0.00 secs] 
2016-09-25T22:18:19.938-0400: 11.089: [GC (GCLocker Initiated GC) [PSYoungGen: 159147K->85934K(175104K)] 270335K->198906K(699392K), 0.0070086 secs] [Times: user=0.09 sys=0.00, real=0.01 secs] 
2016-09-25T22:18:19.986-0400: 11.138: [GC (GCLocker Initiated GC) [PSYoungGen: 173998K->61665K(175104K)] 290681K->189591K(699392K), 0.0069665 secs] [Times: user=0.07 sys=0.00, real=0.00 secs] 
2016-09-25T22:18:20.042-0400: 11.193: [GC (GCLocker Initiated GC) [PSYoungGen: 149729K->65683K(175104K)] 289916K->214374K(699392K), 0.0060264 secs] [Times: user=0.08 sys=0.00, real=0.01 secs] 
2016-09-25T22:18:20.091-0400: 11.243: [GC (GCLocker Initiated GC) [PSYoungGen: 153747K->49469K(175104K)] 302861K->220610K(699392K), 0.0058705 secs] [Times: user=0.07 sys=0.00, real=0.01 secs] 
2016-09-25T22:18:20.137-0400: 11.288: [GC (GCLocker Initiated GC) [PSYoungGen: 137533K->72420K(175104K)] 314186K->249429K(699392K), 0.0056407 secs] [Times: user=0.07 sys=0.00, real=0.01 secs] 
2016-09-25T22:18:20.184-0400: 11.335: [GC (GCLocker Initiated GC) [PSYoungGen: 160484K->73861K(175104K)] 340448K->256931K(699392K), 0.0064893 secs] [Times: user=0.09 sys=0.00, real=0.00 secs] 
2016-09-25T22:18:20.230-0400: 11.381: [GC (GCLocker Initiated GC) [PSYoungGen: 161925K->68447K(175104K)] 357268K->264239K(699392K), 0.0056950 secs] [Times: user=0.07 sys=0.00, real=0.01 secs] 
2016-09-25T22:18:20.275-0400: 11.426: [GC (GCLocker Initiated GC) [PSYoungGen: 156511K->67098K(174080K)] 357832K->276937K(698368K), 0.0063114 secs] [Times: user=0.08 sys=0.00, real=0.00 secs] 
2016-09-25T22:18:20.320-0400: 11.472: [GC (GCLocker Initiated GC) [PSYoungGen: 155162K->80630K(174592K)] 373220K->301823K(698880K), 0.0099646 secs] [Times: user=0.15 sys=0.00, real=0.01 secs] 
2016-09-25T22:18:20.381-0400: 11.532: [GC (GCLocker Initiated GC) [PSYoungGen: 168694K->65683K(175104K)] 395331K->311648K(699392K), 0.0096198 secs] [Times: user=0.13 sys=0.00, real=0.01 secs] 
2016-09-25T22:18:20.450-0400: 11.601: [GC (GCLocker Initiated GC) [PSYoungGen: 153747K->50801K(175104K)] 410734K->313607K(699392K), 0.0058347 secs] [Times: user=0.04 sys=0.01, real=0.01 secs] 
2016-09-25T22:18:20.497-0400: 11.648: [GC (GCLocker Initiated GC) [PSYoungGen: 138865K->61711K(175104K)] 416760K->350801K(699392K), 0.0056800 secs] [Times: user=0.07 sys=0.00, real=0.01 secs] 
2016-09-25T22:18:20.543-0400: 11.694: [GC (GCLocker Initiated GC) [PSYoungGen: 149775K->76502K(175104K)] 439119K->367645K(699392K), 0.0068920 secs] [Times: user=0.08 sys=0.00, real=0.00 secs] 
2016-09-25T22:18:20.593-0400: 11.744: [GC (GCLocker Initiated GC) [PSYoungGen: 164566K->65523K(175104K)] 461360K->362635K(699392K), 0.0083921 secs] [Times: user=0.05 sys=0.00, real=0.01 secs] 
2016-09-25T22:18:20.642-0400: 11.793: [GC (GCLocker Initiated GC) [PSYoungGen: 153587K->51977K(175104K)] 453452K->353556K(699392K), 0.0060694 secs] [Times: user=0.03 sys=0.01, real=0.01 secs] 
2016-09-25T22:18:20.683-0400: 11.834: [GC (GCLocker Initiated GC) [PSYoungGen: 140041K->67098K(174080K)] 447136K->389432K(698368K), 0.0062812 secs] [Times: user=0.08 sys=0.00, real=0.00 secs] 
2016-09-25T22:18:20.730-0400: 11.882: [GC (GCLocker Initiated GC) [PSYoungGen: 155162K->73815K(174592K)] 483009K->402089K(698880K), 0.0061669 secs] [Times: user=0.07 sys=0.01, real=0.01 secs] 
2016-09-25T22:18:20.780-0400: 11.931: [GC (GCLocker Initiated GC) [PSYoungGen: 161879K->66955K(173056K)] 490228K->397049K(697344K), 0.0080314 secs] [Times: user=0.06 sys=0.00, real=0.01 secs] 
2016-09-25T22:18:20.829-0400: 11.981: [GC (GCLocker Initiated GC) [PSYoungGen: 155531K->57583K(174080K)] 488443K->396268K(698368K), 0.0136683 secs] [Times: user=0.18 sys=0.01, real=0.02 secs] 
2016-09-25T22:18:20.880-0400: 12.031: [GC (GCLocker Initiated GC) [PSYoungGen: 146159K->68479K(175104K)] 487598K->410361K(699392K), 0.0062907 secs] [Times: user=0.08 sys=0.00, real=0.01 secs] 
2016-09-25T22:18:20.925-0400: 12.077: [GC (GCLocker Initiated GC) [PSYoungGen: 160127K->75165K(176128K)] 504948K->420429K(700416K), 0.0066461 secs] [Times: user=0.09 sys=0.00, real=0.00 secs] 
2016-09-25T22:18:20.987-0400: 12.138: [GC (GCLocker Initiated GC) [PSYoungGen: 166813K->62983K(176128K)] 514890K->411462K(700416K), 0.0137091 secs] [Times: user=0.19 sys=0.00, real=0.01 secs] 
2016-09-25T22:18:21.059-0400: 12.210: [GC (GCLocker Initiated GC) [PSYoungGen: 154631K->53483K(176128K)] 514120K->433649K(700416K), 0.0060935 secs] [Times: user=0.08 sys=0.00, real=0.01 secs] 
2016-09-25T22:18:21.120-0400: 12.271: [GC (GCLocker Initiated GC) [PSYoungGen: 145131K->52183K(176128K)] 537559K->447752K(700416K), 0.0070902 secs] [Times: user=0.08 sys=0.01, real=0.01 secs] 
2016-09-25T22:18:21.183-0400: 12.334: [GC (GCLocker Initiated GC) [PSYoungGen: 143319K->61697K(153088K)] 547226K->479515K(677376K), 0.0083523 secs] [Times: user=0.09 sys=0.00, real=0.00 secs] 
2016-09-25T22:18:21.252-0400: 12.404: [GC (GCLocker Initiated GC) [PSYoungGen: 152833K->72543K(173568K)] 583405K->503494K(697856K), 0.0085815 secs] [Times: user=0.07 sys=0.00, real=0.01 secs] 
2016-09-25T22:18:21.313-0400: 12.464: [GC (GCLocker Initiated GC) [PSYoungGen: 162655K->65669K(175104K)] 599142K->512079K(699392K), 0.0072071 secs] [Times: user=0.08 sys=0.00, real=0.01 secs] 
2016-09-25T22:18:21.365-0400: 12.516: [GC (GCLocker Initiated GC) [PSYoungGen: 155781K->67065K(175104K)] 605070K->531585K(699392K), 0.0088062 secs] [Times: user=0.10 sys=0.01, real=0.00 secs] 
2016-09-25T22:18:21.426-0400: 12.577: [GC (GCLocker Initiated GC) [PSYoungGen: 160761K->59029K(176128K)] 625301K->536158K(700416K), 0.0102106 secs] [Times: user=0.14 sys=0.00, real=0.01 secs] 
2016-09-25T22:18:21.487-0400: 12.638: [GC (GCLocker Initiated GC) [PSYoungGen: 152725K->65825K(177664K)] 636629K->550132K(701952K), 0.0083615 secs] [Times: user=0.11 sys=0.01, real=0.01 secs] 
2016-09-25T22:18:21.546-0400: 12.698: [GC (GCLocker Initiated GC) [PSYoungGen: 164129K->79279K(177664K)] 651249K->577696K(701952K), 0.0073086 secs] [Times: user=0.09 sys=0.01, real=0.00 secs] 
2016-09-25T22:18:21.616-0400: 12.767: [Full GC (Ergonomics) [PSYoungGen: 177583K->0K(177664K)] [ParOldGen: 503910K->87993K(524288K)] 681494K->87993K(701952K), [Metaspace: 43246K->43246K(1085440K)], 0.0554306 secs] [Times: user=0.43 sys=0.01, real=0.05 secs] 
2016-09-25T22:18:21.720-0400: 12.871: [GC (GCLocker Initiated GC) [PSYoungGen: 98304K->74040K(175616K)] 191809K->167545K(699904K), 0.0061243 secs] [Times: user=0.08 sys=0.00, real=0.01 secs] 
2016-09-25T22:18:21.783-0400: 12.934: [GC (GCLocker Initiated GC) [PSYoungGen: 165176K->64319K(155648K)] 258727K->163962K(679936K), 0.0085838 secs] [Times: user=0.07 sys=0.00, real=0.00 secs] 
2016-09-25T22:18:21.840-0400: 12.991: [GC (GCLocker Initiated GC) [PSYoungGen: 155455K->62951K(177152K)] 255134K->191361K(701440K), 0.0071744 secs] [Times: user=0.08 sys=0.00, real=0.01 secs] 
2016-09-25T22:18:21.904-0400: 13.055: [GC (GCLocker Initiated GC) [PSYoungGen: 156135K->81979K(175616K)] 287463K->216418K(699904K), 0.0178885 secs] [Times: user=0.26 sys=0.03, real=0.02 secs] 
2016-09-25T22:18:21.973-0400: 13.124: [GC (GCLocker Initiated GC) [PSYoungGen: 175163K->76515K(174592K)] 309673K->211452K(698880K), 0.0099056 secs] [Times: user=0.12 sys=0.01, real=0.02 secs] 
2016-09-25T22:18:22.036-0400: 13.188: [GC (GCLocker Initiated GC) [PSYoungGen: 164579K->50833K(175104K)] 299597K->210594K(699392K), 0.0121353 secs] [Times: user=0.14 sys=0.01, real=0.01 secs] 
2016-09-25T22:18:22.103-0400: 13.254: [GC (GCLocker Initiated GC) [PSYoungGen: 138897K->45433K(175104K)] 300018K->209657K(699392K), 0.0141240 secs] [Times: user=0.15 sys=0.01, real=0.01 secs] 
2016-09-25T22:18:22.166-0400: 13.317: [GC (GCLocker Initiated GC) [PSYoungGen: 133497K->54645K(175104K)] 297814K->219296K(699392K), 0.0211115 secs] [Times: user=0.19 sys=0.01, real=0.02 secs] 
2016-09-25T22:18:22.224-0400: 13.375: [GC (GCLocker Initiated GC) [PSYoungGen: 142709K->60283K(175104K)] 307453K->255084K(699392K), 0.0104382 secs] [Times: user=0.10 sys=0.00, real=0.01 secs] 
2016-09-25T22:18:22.276-0400: 13.427: [GC (GCLocker Initiated GC) [PSYoungGen: 148347K->58901K(147456K)] 345914K->267672K(671744K), 0.0087336 secs] [Times: user=0.08 sys=0.00, real=0.01 secs] 
2016-09-25T22:18:22.338-0400: 13.490: [GC (GCLocker Initiated GC) [PSYoungGen: 146965K->61588K(176640K)] 355811K->277602K(700928K), 0.0151548 secs] [Times: user=0.16 sys=0.00, real=0.01 secs] 
2016-09-25T22:18:22.405-0400: 13.556: [GC (GCLocker Initiated GC) [PSYoungGen: 151700K->77866K(174592K)] 367865K->298470K(698880K), 0.0085941 secs] [Times: user=0.11 sys=0.02, real=0.00 secs] 
2016-09-25T22:18:22.467-0400: 13.618: [GC (GCLocker Initiated GC) [PSYoungGen: 167978K->63029K(176128K)] 398062K->312442K(700416K), 0.0064972 secs] [Times: user=0.09 sys=0.00, real=0.00 secs] 
2016-09-25T22:18:22.522-0400: 13.673: [GC (GCLocker Initiated GC) [PSYoungGen: 152629K->52073K(175104K)] 404759K->310012K(699392K), 0.0105086 secs] [Times: user=0.06 sys=0.00, real=0.01 secs] 
2016-09-25T22:18:22.578-0400: 13.729: [GC (GCLocker Initiated GC) [PSYoungGen: 141673K->60219K(174592K)] 402471K->321342K(698880K), 0.0069089 secs] [Times: user=0.04 sys=0.01, real=0.01 secs] 
2016-09-25T22:18:22.631-0400: 13.782: [GC (GCLocker Initiated GC) [PSYoungGen: 151355K->61729K(175104K)] 413511K->340513K(699392K), 0.0092180 secs] [Times: user=0.13 sys=0.00, real=0.01 secs] 
2016-09-25T22:18:22.686-0400: 13.837: [GC (GCLocker Initiated GC) [PSYoungGen: 152865K->64365K(176640K)] 439778K->367921K(700928K), 0.0065042 secs] [Times: user=0.09 sys=0.00, real=0.00 secs] 
2016-09-25T22:18:22.740-0400: 13.891: [GC (GCLocker Initiated GC) [PSYoungGen: 160621K->73847K(176640K)] 464182K->380511K(700928K), 0.0139227 secs] [Times: user=0.18 sys=0.00, real=0.02 secs] 
2016-09-25T22:18:22.804-0400: 13.955: [GC (GCLocker Initiated GC) [PSYoungGen: 170103K->80598K(171008K)] 476823K->395845K(695296K), 0.0065259 secs] [Times: user=0.09 sys=0.00, real=0.00 secs] 
2016-09-25T22:18:22.863-0400: 14.014: [GC (GCLocker Initiated GC) [PSYoungGen: 168662K->46801K(175104K)] 483951K->403043K(699392K), 0.0074544 secs] [Times: user=0.07 sys=0.01, real=0.00 secs] 
2016-09-25T22:18:22.922-0400: 14.073: [GC (GCLocker Initiated GC) [PSYoungGen: 134865K->67070K(175104K)] 495243K->439950K(699392K), 0.0059858 secs] [Times: user=0.08 sys=0.00, real=0.01 secs] 
2016-09-25T22:18:22.971-0400: 14.122: [GC (GCLocker Initiated GC) [PSYoungGen: 155134K->73742K(175104K)] 530939K->466204K(699392K), 0.0067585 secs] [Times: user=0.10 sys=0.00, real=0.01 secs] 
2016-09-25T22:18:23.026-0400: 14.177: [GC (GCLocker Initiated GC) [PSYoungGen: 161806K->67038K(175104K)] 554667K->471038K(699392K), 0.0067481 secs] [Times: user=0.09 sys=0.00, real=0.00 secs] 
2016-09-25T22:18:23.086-0400: 14.237: [GC (GCLocker Initiated GC) [PSYoungGen: 155102K->65670K(154112K)] 568622K->495783K(678400K), 0.0091968 secs] [Times: user=0.08 sys=0.02, real=0.01 secs] 
2016-09-25T22:18:23.139-0400: 14.290: [GC (GCLocker Initiated GC) [PSYoungGen: 153734K->34557K(171008K)] 596051K->498866K(695296K), 0.0067963 secs] [Times: user=0.05 sys=0.02, real=0.01 secs] 
2016-09-25T22:18:23.189-0400: 14.340: [GC (GCLocker Initiated GC) [PSYoungGen: 120573K->42609K(173056K)] 594326K->516691K(697344K), 0.0075959 secs] [Times: user=0.07 sys=0.00, real=0.01 secs] 
2016-09-25T22:18:23.239-0400: 14.390: [GC (GCLocker Initiated GC) [PSYoungGen: 128625K->47874K(175104K)] 604229K->533274K(699392K), 0.0134787 secs] [Times: user=0.17 sys=0.00, real=0.01 secs] 
2016-09-25T22:18:23.301-0400: 14.452: [GC (GCLocker Initiated GC) [PSYoungGen: 135938K->65578K(175104K)] 624254K->564952K(699392K), 0.0176274 secs] [Times: user=0.19 sys=0.00, real=0.02 secs] 
2016-09-25T22:18:23.319-0400: 14.470: [Full GC (Ergonomics) [PSYoungGen: 65578K->0K(175104K)] [ParOldGen: 499373K->93529K(524288K)] 564952K->93529K(699392K), [Metaspace: 43253K->43253K(1085440K)], 0.0606147 secs] [Times: user=0.44 sys=0.00, real=0.06 secs] 
2016-09-25T22:18:23.429-0400: 14.580: [GC (GCLocker Initiated GC) [PSYoungGen: 88064K->68520K(175104K)] 187031K->167488K(699392K), 0.0063587 secs] [Times: user=0.08 sys=0.00, real=0.01 secs] 
2016-09-25T22:18:23.484-0400: 14.635: [GC (GCLocker Initiated GC) [PSYoungGen: 156584K->65629K(175104K)] 261101K->182785K(699392K), 0.0100254 secs] [Times: user=0.14 sys=0.00, real=0.01 secs] 
2016-09-25T22:18:23.538-0400: 14.689: [GC (GCLocker Initiated GC) [PSYoungGen: 153693K->65564K(174080K)] 276412K->191262K(698368K), 0.0061908 secs] [Times: user=0.09 sys=0.00, real=0.01 secs] 
2016-09-25T22:18:23.589-0400: 14.740: [GC (GCLocker Initiated GC) [PSYoungGen: 153628K->56040K(174592K)] 284750K->188804K(698880K), 0.0055531 secs] [Times: user=0.06 sys=0.01, real=0.01 secs] 
2016-09-25T22:18:23.641-0400: 14.792: [GC (GCLocker Initiated GC) [PSYoungGen: 144104K->64221K(174592K)] 282365K->202720K(698880K), 0.0056829 secs] [Times: user=0.08 sys=0.00, real=0.01 secs] 
2016-09-25T22:18:23.699-0400: 14.850: [GC (Allocation Failure) [PSYoungGen: 154845K->53372K(174592K)] 298803K->205725K(698880K), 0.0052711 secs] [Times: user=0.06 sys=0.00, real=0.01 secs] 
2016-09-25T22:18:23.705-0400: 14.856: [GC (GCLocker Initiated GC) [PSYoungGen: 57046K->2860K(171008K)] 209398K->217663K(695296K), 0.0050919 secs] [Times: user=0.07 sys=0.00, real=0.00 secs] 
2016-09-25T22:18:23.750-0400: 14.902: [GC (GCLocker Initiated GC) [PSYoungGen: 90924K->79228K(175104K)] 305735K->294056K(699392K), 0.0095429 secs] [Times: user=0.12 sys=0.00, real=0.01 secs] 
2016-09-25T22:18:23.805-0400: 14.956: [GC (GCLocker Initiated GC) [PSYoungGen: 167292K->80387K(175104K)] 384952K->299795K(699392K), 0.0069531 secs] [Times: user=0.08 sys=0.00, real=0.00 secs] 
2016-09-25T22:18:23.861-0400: 15.012: [GC (GCLocker Initiated GC) [PSYoungGen: 168451K->46429K(175104K)] 390624K->272860K(699392K), 0.0140194 secs] [Times: user=0.10 sys=0.01, real=0.02 secs] 
2016-09-25T22:18:23.917-0400: 15.068: [GC (GCLocker Initiated GC) [PSYoungGen: 134493K->70954K(175104K)] 363785K->316660K(699392K), 0.0075378 secs] [Times: user=0.11 sys=0.00, real=0.01 secs] 
2016-09-25T22:18:23.976-0400: 15.127: [GC (GCLocker Initiated GC) [PSYoungGen: 159018K->72350K(175104K)] 407592K->322539K(699392K), 0.0058739 secs] [Times: user=0.07 sys=0.01, real=0.00 secs] 
2016-09-25T22:18:24.023-0400: 15.174: [GC (GCLocker Initiated GC) [PSYoungGen: 160414K->60104K(175104K)] 410731K->324152K(699392K), 0.0087526 secs] [Times: user=0.10 sys=0.00, real=0.00 secs] 
2016-09-25T22:18:24.072-0400: 15.223: [GC (GCLocker Initiated GC) [PSYoungGen: 148168K->61422K(175104K)] 412264K->345984K(699392K), 0.0073182 secs] [Times: user=0.07 sys=0.00, real=0.01 secs] 
2016-09-25T22:18:24.116-0400: 15.267: [GC (GCLocker Initiated GC) [PSYoungGen: 149486K->66904K(175104K)] 436950K->365390K(699392K), 0.0182384 secs] [Times: user=0.20 sys=0.00, real=0.02 secs] 
2016-09-25T22:18:24.176-0400: 15.327: [GC (GCLocker Initiated GC) [PSYoungGen: 154968K->55944K(175104K)] 453509K->360077K(699392K), 0.0113081 secs] [Times: user=0.08 sys=0.00, real=0.01 secs] 
2016-09-25T22:18:24.228-0400: 15.379: [GC (GCLocker Initiated GC) [PSYoungGen: 144008K->59994K(175104K)] 449195K->365405K(699392K), 0.0098414 secs] [Times: user=0.09 sys=0.00, real=0.01 secs] 
2016-09-25T22:18:24.276-0400: 15.428: [GC (GCLocker Initiated GC) [PSYoungGen: 148058K->80418K(175104K)] 453607K->391640K(699392K), 0.0102143 secs] [Times: user=0.15 sys=0.00, real=0.01 secs] 
2016-09-25T22:18:24.322-0400: 15.473: [GC (GCLocker Initiated GC) [PSYoungGen: 168482K->50738K(175104K)] 482412K->383815K(699392K), 0.0133425 secs] [Times: user=0.16 sys=0.00, real=0.01 secs] 
2016-09-25T22:18:24.373-0400: 15.525: [GC (GCLocker Initiated GC) [PSYoungGen: 138802K->64154K(175104K)] 474705K->400289K(699392K), 0.0060589 secs] [Times: user=0.06 sys=0.00, real=0.01 secs] 
2016-09-25T22:18:24.416-0400: 15.567: [GC (GCLocker Initiated GC) [PSYoungGen: 152218K->45112K(175104K)] 491131K->385607K(699392K), 0.0110078 secs] [Times: user=0.10 sys=0.00, real=0.01 secs] 
2016-09-25T22:18:24.485-0400: 15.636: [GC (GCLocker Initiated GC) [PSYoungGen: 133176K->53468K(175104K)] 476519K->422708K(699392K), 0.0111989 secs] [Times: user=0.13 sys=0.00, real=0.01 secs] 
2016-09-25T22:18:24.560-0400: 15.711: [GC (GCLocker Initiated GC) [PSYoungGen: 141532K->53386K(173056K)] 511361K->455880K(697344K), 0.0067722 secs] [Times: user=0.08 sys=0.00, real=0.01 secs] 
2016-09-25T22:18:24.609-0400: 15.760: [GC (GCLocker Initiated GC) [PSYoungGen: 141450K->49307K(174080K)] 558935K->467009K(698368K), 0.0482531 secs] [Times: user=0.55 sys=0.00, real=0.05 secs] 
2016-09-25T22:18:24.727-0400: 15.878: [GC (GCLocker Initiated GC) [PSYoungGen: 137371K->53386K(173568K)] 560521K->482201K(697856K), 0.0187262 secs] [Times: user=0.22 sys=0.00, real=0.02 secs] 
2016-09-25T22:18:24.801-0400: 15.952: [GC (GCLocker Initiated GC) [PSYoungGen: 145034K->39761K(174592K)] 573927K->471545K(698880K), 0.0070779 secs] [Times: user=0.06 sys=0.00, real=0.01 secs] 
2016-09-25T22:18:24.845-0400: 15.996: [GC (GCLocker Initiated GC) [PSYoungGen: 131409K->83150K(171520K)] 565945K->546285K(695808K), 0.0089317 secs] [Times: user=0.13 sys=0.00, real=0.01 secs] 
2016-09-25T22:18:24.918-0400: 16.069: [GC (GCLocker Initiated GC) [PSYoungGen: 171214K->50640K(175104K)] 639994K->539906K(699392K), 0.0097403 secs] [Times: user=0.13 sys=0.00, real=0.01 secs] 
2016-09-25T22:18:24.928-0400: 16.079: [Full GC (Ergonomics) [PSYoungGen: 50640K->0K(175104K)] [ParOldGen: 489266K->100641K(524288K)] 539906K->100641K(699392K), [Metaspace: 43271K->43271K(1085440K)], 0.0647405 secs] [Times: user=0.41 sys=0.00, real=0.06 secs] 
2016-09-25T22:18:25.034-0400: 16.185: [GC (GCLocker Initiated GC) [PSYoungGen: 88064K->69810K(175104K)] 188827K->170582K(699392K), 0.0057732 secs] [Times: user=0.07 sys=0.00, real=0.00 secs] 
2016-09-25T22:18:25.085-0400: 16.236: [GC (GCLocker Initiated GC) [PSYoungGen: 157874K->64236K(175104K)] 265619K->184506K(699392K), 0.0140085 secs] [Times: user=0.15 sys=0.00, real=0.01 secs] 
2016-09-25T22:18:25.174-0400: 16.325: [GC (GCLocker Initiated GC) [PSYoungGen: 152300K->55990K(174080K)] 278113K->192877K(698368K), 0.0109615 secs] [Times: user=0.13 sys=0.00, real=0.02 secs] 
2016-09-25T22:18:25.244-0400: 16.395: [GC (GCLocker Initiated GC) [PSYoungGen: 144054K->64108K(174592K)] 286449K->208068K(698880K), 0.0102990 secs] [Times: user=0.14 sys=0.00, real=0.01 secs] 
2016-09-25T22:18:25.312-0400: 16.463: [GC (GCLocker Initiated GC) [PSYoungGen: 152172K->50608K(173568K)] 298889K->213782K(697856K), 0.0117492 secs] [Times: user=0.11 sys=0.00, real=0.02 secs] 
2016-09-25T22:18:25.415-0400: 16.566: [GC (GCLocker Initiated GC) [PSYoungGen: 140208K->47964K(174592K)] 312364K->244674K(698880K), 0.0113331 secs] [Times: user=0.13 sys=0.00, real=0.01 secs] 
2016-09-25T22:18:25.466-0400: 16.618: [GC (GCLocker Initiated GC) [PSYoungGen: 137564K->74951K(172032K)] 337063K->274723K(696320K), 0.0064117 secs] [Times: user=0.09 sys=0.00, real=0.00 secs] 
2016-09-25T22:18:25.512-0400: 16.663: [GC (GCLocker Initiated GC) [PSYoungGen: 163015K->65607K(175104K)] 365580K->294048K(699392K), 0.0115550 secs] [Times: user=0.19 sys=0.00, real=0.02 secs] 
2016-09-25T22:18:25.591-0400: 16.742: [GC (GCLocker Initiated GC) [PSYoungGen: 153671K->60240K(169984K)] 392998K->299826K(694272K), 0.0145681 secs] [Times: user=0.22 sys=0.01, real=0.02 secs] 
2016-09-25T22:18:25.660-0400: 16.812: [GC (GCLocker Initiated GC) [PSYoungGen: 148304K->77696K(172544K)] 387941K->318954K(696832K), 0.0058987 secs] [Times: user=0.08 sys=0.00, real=0.01 secs] 
2016-09-25T22:18:25.707-0400: 16.858: [GC (GCLocker Initiated GC) [PSYoungGen: 165760K->58871K(175616K)] 409783K->320730K(699904K), 0.0064975 secs] [Times: user=0.08 sys=0.00, real=0.00 secs] 
2016-09-25T22:18:25.779-0400: 16.930: [GC (GCLocker Initiated GC) [PSYoungGen: 147447K->84578K(175104K)] 409552K->352383K(699392K), 0.0105527 secs] [Times: user=0.16 sys=0.00, real=0.01 secs] 
2016-09-25T22:18:25.858-0400: 17.009: [GC (GCLocker Initiated GC) [PSYoungGen: 173154K->77812K(175104K)] 443885K->348812K(699392K), 0.0063371 secs] [Times: user=0.07 sys=0.00, real=0.01 secs] 
2016-09-25T22:18:25.906-0400: 17.057: [GC (GCLocker Initiated GC) [PSYoungGen: 165876K->71006K(175104K)] 440497K->348605K(699392K), 0.0063630 secs] [Times: user=0.06 sys=0.00, real=0.00 secs] 
2016-09-25T22:18:25.967-0400: 17.118: [GC (GCLocker Initiated GC) [PSYoungGen: 159070K->56111K(175104K)] 438093K->351697K(699392K), 0.0206012 secs] [Times: user=0.30 sys=0.00, real=0.02 secs] 
2016-09-25T22:18:26.034-0400: 17.185: [GC (GCLocker Initiated GC) [PSYoungGen: 144175K->68223K(175104K)] 442506K->377624K(699392K), 0.0087963 secs] [Times: user=0.09 sys=0.00, real=0.02 secs] 
2016-09-25T22:18:26.081-0400: 17.233: [GC (GCLocker Initiated GC) [PSYoungGen: 156287K->76385K(175104K)] 465879K->399867K(699392K), 0.0101028 secs] [Times: user=0.14 sys=0.00, real=0.01 secs] 
2016-09-25T22:18:26.144-0400: 17.295: [GC (GCLocker Initiated GC) [PSYoungGen: 164449K->54756K(175104K)] 490867K->400399K(699392K), 0.0095387 secs] [Times: user=0.08 sys=0.00, real=0.00 secs] 
2016-09-25T22:18:26.199-0400: 17.350: [GC (GCLocker Initiated GC) [PSYoungGen: 142820K->73696K(175104K)] 488635K->433374K(699392K), 0.0096454 secs] [Times: user=0.09 sys=0.00, real=0.01 secs] 
2016-09-25T22:18:26.264-0400: 17.415: [GC (GCLocker Initiated GC) [PSYoungGen: 161760K->61631K(175104K)] 524368K->436773K(699392K), 0.0067886 secs] [Times: user=0.06 sys=0.00, real=0.00 secs] 
2016-09-25T22:18:26.330-0400: 17.481: [GC (GCLocker Initiated GC) [PSYoungGen: 149695K->64417K(175104K)] 530438K->448195K(699392K), 0.0225835 secs] [Times: user=0.32 sys=0.00, real=0.02 secs] 
2016-09-25T22:18:26.407-0400: 17.558: [GC (GCLocker Initiated GC) [PSYoungGen: 152481K->60294K(175104K)] 539442K->482834K(699392K), 0.0085388 secs] [Times: user=0.10 sys=0.00, real=0.01 secs] 
2016-09-25T22:18:26.465-0400: 17.616: [GC (Allocation Failure) [PSYoungGen: 148358K->60282K(173056K)] 573739K->507690K(697344K), 0.0091251 secs] [Times: user=0.12 sys=0.00, real=0.01 secs] 
2016-09-25T22:18:26.475-0400: 17.626: [GC (GCLocker Initiated GC) [PSYoungGen: 60289K->0K(174080K)] 507697K->519488K(698368K), 0.0063440 secs] [Times: user=0.06 sys=0.03, real=0.00 secs] 
2016-09-25T22:18:26.481-0400: 17.632: [Full GC (Ergonomics) [PSYoungGen: 0K->0K(174080K)] [ParOldGen: 519488K->100400K(524288K)] 519488K->100400K(698368K), [Metaspace: 43281K->43281K(1085440K)], 0.0506413 secs] [Times: user=0.39 sys=0.00, real=0.05 secs] 
2016-09-25T22:18:26.590-0400: 17.741: [GC (GCLocker Initiated GC) [PSYoungGen: 88002K->63369K(175104K)] 191103K->166470K(699392K), 0.0053002 secs] [Times: user=0.06 sys=0.00, real=0.01 secs] 
2016-09-25T22:18:26.649-0400: 17.800: [GC (GCLocker Initiated GC) [PSYoungGen: 151433K->43001K(175104K)] 273490K->165798K(699392K), 0.0105226 secs] [Times: user=0.15 sys=0.01, real=0.01 secs] 
2016-09-25T22:18:26.715-0400: 17.867: [GC (GCLocker Initiated GC) [PSYoungGen: 131065K->68492K(175104K)] 263436K->201502K(699392K), 0.0092885 secs] [Times: user=0.11 sys=0.00, real=0.01 secs] 
2016-09-25T22:18:26.774-0400: 17.925: [GC (Allocation Failure) [PSYoungGen: 156556K->68436K(175104K)] 295096K->235790K(699392K), 0.0096985 secs] [Times: user=0.13 sys=0.00, real=0.02 secs] 
2016-09-25T22:18:26.785-0400: 17.936: [GC (GCLocker Initiated GC) [PSYoungGen: 71350K->2796K(175104K)] 238704K->234200K(699392K), 0.0078927 secs] [Times: user=0.10 sys=0.00, real=0.00 secs] 
2016-09-25T22:18:26.843-0400: 17.994: [GC (GCLocker Initiated GC) [PSYoungGen: 90860K->71275K(175104K)] 324969K->313501K(699392K), 0.0172765 secs] [Times: user=0.25 sys=0.00, real=0.01 secs] 
2016-09-25T22:18:26.914-0400: 18.065: [GC (GCLocker Initiated GC) [PSYoungGen: 159339K->64388K(175104K)] 412388K->319302K(699392K), 0.0114172 secs] [Times: user=0.14 sys=0.00, real=0.01 secs] 
2016-09-25T22:18:26.982-0400: 18.133: [GC (GCLocker Initiated GC) [PSYoungGen: 152452K->68383K(175104K)] 410129K->330592K(699392K), 0.0092172 secs] [Times: user=0.11 sys=0.00, real=0.01 secs] 
2016-09-25T22:18:27.042-0400: 18.193: [GC (GCLocker Initiated GC) [PSYoungGen: 156447K->67155K(175104K)] 421358K->341950K(699392K), 0.0100755 secs] [Times: user=0.14 sys=0.01, real=0.01 secs] 
2016-09-25T22:18:27.101-0400: 18.253: [GC (GCLocker Initiated GC) [PSYoungGen: 155219K->76573K(175104K)] 432964K->354835K(699392K), 0.0075853 secs] [Times: user=0.07 sys=0.00, real=0.01 secs] 
2016-09-25T22:18:27.165-0400: 18.317: [GC (GCLocker Initiated GC) [PSYoungGen: 164637K->79419K(175104K)] 442997K->369063K(699392K), 0.0102120 secs] [Times: user=0.12 sys=0.00, real=0.01 secs] 
2016-09-25T22:18:27.230-0400: 18.381: [GC (GCLocker Initiated GC) [PSYoungGen: 167483K->53634K(175104K)] 457363K->369668K(699392K), 0.0077946 secs] [Times: user=0.08 sys=0.01, real=0.01 secs] 
2016-09-25T22:18:27.290-0400: 18.441: [GC (GCLocker Initiated GC) [PSYoungGen: 141698K->52341K(175104K)] 463240K->402664K(699392K), 0.0094646 secs] [Times: user=0.11 sys=0.01, real=0.01 secs] 
2016-09-25T22:18:27.350-0400: 18.501: [GC (GCLocker Initiated GC) [PSYoungGen: 140405K->65780K(175104K)] 493584K->430202K(699392K), 0.0092100 secs] [Times: user=0.09 sys=0.01, real=0.01 secs] 
2016-09-25T22:18:27.419-0400: 18.570: [GC (GCLocker Initiated GC) [PSYoungGen: 153844K->71215K(175104K)] 523715K->441553K(699392K), 0.0128097 secs] [Times: user=0.16 sys=0.00, real=0.01 secs] 
2016-09-25T22:18:27.487-0400: 18.638: [GC (GCLocker Initiated GC) [PSYoungGen: 159279K->62997K(175104K)] 532336K->460874K(699392K), 0.0073026 secs] [Times: user=0.10 sys=0.00, real=0.01 secs] 
2016-09-25T22:18:27.558-0400: 18.709: [GC (GCLocker Initiated GC) [PSYoungGen: 151061K->44171K(175104K)] 556280K->449815K(699392K), 0.0079707 secs] [Times: user=0.08 sys=0.00, real=0.01 secs] 
2016-09-25T22:18:27.623-0400: 18.774: [GC (GCLocker Initiated GC) [PSYoungGen: 132235K->53393K(175104K)] 543313K->469020K(699392K), 0.0149954 secs] [Times: user=0.19 sys=0.00, real=0.01 secs] 
2016-09-25T22:18:27.695-0400: 18.846: [GC (Allocation Failure) [PSYoungGen: 141457K->58914K(175104K)] 562728K->490003K(699392K), 0.0072727 secs] [Times: user=0.08 sys=0.00, real=0.01 secs] 
2016-09-25T22:18:27.703-0400: 18.854: [GC (GCLocker Initiated GC) [PSYoungGen: 59158K->0K(175104K)] 490246K->508719K(699392K), 0.0068416 secs] [Times: user=0.10 sys=0.00, real=0.00 secs] 
2016-09-25T22:18:27.710-0400: 18.861: [Full GC (Ergonomics) [PSYoungGen: 0K->0K(175104K)] [ParOldGen: 508719K->118019K(524288K)] 508719K->118019K(699392K), [Metaspace: 43286K->43286K(1085440K)], 0.0534336 secs] [Times: user=0.36 sys=0.01, real=0.06 secs] 
2016-09-25T22:18:27.829-0400: 18.980: [GC (GCLocker Initiated GC) [PSYoungGen: 85592K->42747K(175104K)] 206312K->163467K(699392K), 0.0059321 secs] [Times: user=0.05 sys=0.00, real=0.01 secs] 
2016-09-25T22:18:27.901-0400: 19.052: [GC (GCLocker Initiated GC) [PSYoungGen: 130811K->59012K(175104K)] 256947K->185805K(699392K), 0.0098975 secs] [Times: user=0.14 sys=0.00, real=0.01 secs] 
2016-09-25T22:18:27.965-0400: 19.116: [GC (GCLocker Initiated GC) [PSYoungGen: 147076K->68496K(175104K)] 276627K->198528K(699392K), 0.0127834 secs] [Times: user=0.19 sys=0.00, real=0.01 secs] 
2016-09-25T22:18:28.035-0400: 19.186: [GC (GCLocker Initiated GC) [PSYoungGen: 156560K->61750K(175104K)] 294744K->200401K(699392K), 0.0057063 secs] [Times: user=0.07 sys=0.00, real=0.00 secs] 
2016-09-25T22:18:28.108-0400: 19.259: [GC (GCLocker Initiated GC) [PSYoungGen: 149814K->53527K(175104K)] 292764K->215873K(699392K), 0.0084411 secs] [Times: user=0.10 sys=0.00, real=0.01 secs] 
2016-09-25T22:18:28.190-0400: 19.341: [GC (GCLocker Initiated GC) [PSYoungGen: 141591K->41153K(175104K)] 308184K->208239K(699392K), 0.0097946 secs] [Times: user=0.08 sys=0.00, real=0.01 secs] 
2016-09-25T22:18:28.270-0400: 19.421: [GC (GCLocker Initiated GC) [PSYoungGen: 129217K->48257K(173056K)] 302438K->243483K(697344K), 0.0060700 secs] [Times: user=0.06 sys=0.00, real=0.01 secs] 
2016-09-25T22:18:28.335-0400: 19.486: [GC (GCLocker Initiated GC) [PSYoungGen: 136321K->54959K(174080K)] 337029K->272393K(698368K), 0.0061990 secs] [Times: user=0.07 sys=0.00, real=0.00 secs] 
2016-09-25T22:18:28.400-0400: 19.551: [GC (GCLocker Initiated GC) [PSYoungGen: 143023K->37494K(175104K)] 372825K->267751K(699392K), 0.0057969 secs] [Times: user=0.06 sys=0.01, real=0.01 secs] 
2016-09-25T22:18:28.468-0400: 19.619: [GC (GCLocker Initiated GC) [PSYoungGen: 129142K->53496K(174592K)] 364874K->291135K(698880K), 0.0052415 secs] [Times: user=0.06 sys=0.00, real=0.00 secs] 
2016-09-25T22:18:28.524-0400: 19.675: [GC (GCLocker Initiated GC) [PSYoungGen: 145144K->78022K(168448K)] 385521K->324253K(692736K), 0.0086141 secs] [Times: user=0.10 sys=0.00, real=0.00 secs] 
2016-09-25T22:18:28.586-0400: 19.737: [GC (GCLocker Initiated GC) [PSYoungGen: 166086K->60445K(175104K)] 417802K->323561K(699392K), 0.0092911 secs] [Times: user=0.09 sys=0.01, real=0.01 secs] 
2016-09-25T22:18:28.652-0400: 19.803: [GC (GCLocker Initiated GC) [PSYoungGen: 148509K->68520K(174592K)] 417134K->351194K(698880K), 0.0076470 secs] [Times: user=0.08 sys=0.02, real=0.01 secs] 
2016-09-25T22:18:28.716-0400: 19.867: [GC (GCLocker Initiated GC) [PSYoungGen: 156584K->44035K(175104K)] 442050K->340809K(699392K), 0.0085203 secs] [Times: user=0.08 sys=0.00, real=0.01 secs] 
2016-09-25T22:18:28.775-0400: 19.926: [GC (GCLocker Initiated GC) [PSYoungGen: 132099K->54936K(168960K)] 430369K->364545K(693248K), 0.0080753 secs] [Times: user=0.06 sys=0.01, real=0.01 secs] 
2016-09-25T22:18:28.846-0400: 19.997: [GC (GCLocker Initiated GC) [PSYoungGen: 143000K->46766K(172032K)] 458104K->382672K(696320K), 0.0096061 secs] [Times: user=0.10 sys=0.00, real=0.01 secs] 
2016-09-25T22:18:28.916-0400: 20.068: [GC (GCLocker Initiated GC) [PSYoungGen: 134830K->60604K(175616K)] 473566K->413362K(699904K), 0.0197093 secs] [Times: user=0.28 sys=0.00, real=0.02 secs] 
2016-09-25T22:18:29.003-0400: 20.155: [GC (GCLocker Initiated GC) [PSYoungGen: 156348K->79386K(175616K)] 511850K->443696K(699904K), 0.0065024 secs] [Times: user=0.09 sys=0.01, real=0.00 secs] 
2016-09-25T22:18:29.084-0400: 20.235: [GC (GCLocker Initiated GC) [PSYoungGen: 175130K->44260K(174592K)] 550340K->453833K(698880K), 0.0112756 secs] [Times: user=0.17 sys=0.00, real=0.01 secs] 
2016-09-25T22:18:29.147-0400: 20.298: [GC (GCLocker Initiated GC) [PSYoungGen: 132324K->45825K(134144K)] 554188K->487169K(658432K), 0.0067645 secs] [Times: user=0.10 sys=0.00, real=0.00 secs] 
2016-09-25T22:18:29.215-0400: 20.366: [GC (GCLocker Initiated GC) [PSYoungGen: 133889K->67256K(173568K)] 579343K->513513K(697856K), 0.0054902 secs] [Times: user=0.07 sys=0.00, real=0.00 secs] 
2016-09-25T22:18:29.275-0400: 20.426: [GC (GCLocker Initiated GC) [PSYoungGen: 154808K->59021K(174592K)] 603949K->524997K(698880K), 0.0062666 secs] [Times: user=0.08 sys=0.00, real=0.00 secs] 
2016-09-25T22:18:29.339-0400: 20.490: [GC (GCLocker Initiated GC) [PSYoungGen: 146573K->65834K(174080K)] 615253K->536411K(698368K), 0.0063516 secs] [Times: user=0.06 sys=0.00, real=0.01 secs] 
2016-09-25T22:18:29.396-0400: 20.548: [GC (GCLocker Initiated GC) [PSYoungGen: 154410K->72673K(174592K)] 630465K->549274K(698880K), 0.0058365 secs] [Times: user=0.07 sys=0.00, real=0.01 secs] 
2016-09-25T22:18:29.454-0400: 20.605: [GC (GCLocker Initiated GC) [PSYoungGen: 161249K->49567K(175104K)] 640639K->547110K(699392K), 0.0082676 secs] [Times: user=0.06 sys=0.00, real=0.01 secs] 
2016-09-25T22:18:29.462-0400: 20.613: [Full GC (Ergonomics) [PSYoungGen: 49567K->0K(175104K)] [ParOldGen: 497542K->115867K(524288K)] 547110K->115867K(699392K), [Metaspace: 43290K->43290K(1085440K)], 0.0849350 secs] [Times: user=0.46 sys=0.02, real=0.08 secs] 
2016-09-25T22:18:29.608-0400: 20.759: [GC (GCLocker Initiated GC) [PSYoungGen: 88064K->67859K(175104K)] 206908K->186704K(699392K), 0.0051839 secs] [Times: user=0.06 sys=0.01, real=0.00 secs] 
2016-09-25T22:18:29.661-0400: 20.812: [GC (GCLocker Initiated GC) [PSYoungGen: 155923K->55053K(173056K)] 277512K->199511K(697344K), 0.0058159 secs] [Times: user=0.07 sys=0.00, real=0.01 secs] 
2016-09-25T22:18:29.738-0400: 20.889: [GC (GCLocker Initiated GC) [PSYoungGen: 143117K->49645K(174080K)] 287723K->197508K(698368K), 0.0185420 secs] [Times: user=0.21 sys=0.00, real=0.02 secs] 
2016-09-25T22:18:29.828-0400: 20.979: [GC (GCLocker Initiated GC) [PSYoungGen: 137709K->66001K(176128K)] 291095K->222725K(700416K), 0.0076392 secs] [Times: user=0.09 sys=0.00, real=0.01 secs] 
2016-09-25T22:18:29.885-0400: 21.036: [GC (GCLocker Initiated GC) [PSYoungGen: 157137K->59120K(150528K)] 314203K->231701K(674816K), 0.0056153 secs] [Times: user=0.08 sys=0.00, real=0.00 secs] 
2016-09-25T22:18:29.967-0400: 21.118: [GC (GCLocker Initiated GC) [PSYoungGen: 150256K->82184K(171008K)] 323088K->255606K(695296K), 0.0099530 secs] [Times: user=0.12 sys=0.00, real=0.01 secs] 
2016-09-25T22:18:30.037-0400: 21.188: [GC (GCLocker Initiated GC) [PSYoungGen: 170248K->79490K(175104K)] 346533K->257772K(699392K), 0.0095943 secs] [Times: user=0.14 sys=0.01, real=0.01 secs] 
2016-09-25T22:18:30.094-0400: 21.245: [GC (GCLocker Initiated GC) [PSYoungGen: 167554K->68564K(175104K)] 354144K->263900K(699392K), 0.0081409 secs] [Times: user=0.07 sys=0.00, real=0.01 secs] 
2016-09-25T22:18:30.199-0400: 21.351: [GC (GCLocker Initiated GC) [PSYoungGen: 156628K->78024K(175104K)] 352128K->275521K(699392K), 0.0102324 secs] [Times: user=0.11 sys=0.01, real=0.01 secs] 
2016-09-25T22:18:30.264-0400: 21.415: [GC (GCLocker Initiated GC) [PSYoungGen: 166088K->64741K(175104K)] 363833K->276564K(699392K), 0.0066312 secs] [Times: user=0.07 sys=0.00, real=0.00 secs] 
2016-09-25T22:18:30.320-0400: 21.471: [GC (GCLocker Initiated GC) [PSYoungGen: 152805K->64463K(175104K)] 367350K->279787K(699392K), 0.0093054 secs] [Times: user=0.09 sys=0.00, real=0.01 secs] 
2016-09-25T22:18:30.404-0400: 21.555: [GC (GCLocker Initiated GC) [PSYoungGen: 152527K->71304K(175104K)] 367910K->287260K(699392K), 0.0127488 secs] [Times: user=0.17 sys=0.01, real=0.01 secs] 
2016-09-25T22:18:30.471-0400: 21.622: [GC (GCLocker Initiated GC) [PSYoungGen: 159368K->71368K(175104K)] 378171K->290819K(699392K), 0.0097654 secs] [Times: user=0.14 sys=0.00, real=0.01 secs] 
2016-09-25T22:18:30.533-0400: 21.684: [GC (GCLocker Initiated GC) [PSYoungGen: 159432K->72594K(175104K)] 379160K->302428K(699392K), 0.0097009 secs] [Times: user=0.11 sys=0.00, real=0.02 secs] 
2016-09-25T22:18:30.623-0400: 21.774: [GC (GCLocker Initiated GC) [PSYoungGen: 160658K->68625K(175104K)] 393291K->303140K(699392K), 0.0140330 secs] [Times: user=0.12 sys=0.00, real=0.01 secs] 
2016-09-25T22:18:30.689-0400: 21.841: [GC (GCLocker Initiated GC) [PSYoungGen: 156689K->53496K(175104K)] 391390K->292815K(699392K), 0.0139607 secs] [Times: user=0.15 sys=0.00, real=0.02 secs] 
2016-09-25T22:18:30.753-0400: 21.904: [GC (GCLocker Initiated GC) [PSYoungGen: 141560K->64546K(153088K)] 384985K->316564K(677376K), 0.0145556 secs] [Times: user=0.15 sys=0.00, real=0.02 secs] 
2016-09-25T22:18:30.840-0400: 21.991: [GC (GCLocker Initiated GC) [PSYoungGen: 152610K->56216K(174592K)] 407383K->317068K(698880K), 0.0107160 secs] [Times: user=0.10 sys=0.00, real=0.01 secs] 
2016-09-25T22:18:30.904-0400: 22.055: [GC (GCLocker Initiated GC) [PSYoungGen: 144792K->54922K(174080K)] 407159K->328615K(698368K), 0.0077188 secs] [Times: user=0.06 sys=0.00, real=0.00 secs] 
2016-09-25T22:18:30.958-0400: 22.109: [GC (GCLocker Initiated GC) [PSYoungGen: 143498K->55070K(176128K)] 420058K->347018K(700416K), 0.0226367 secs] [Times: user=0.33 sys=0.01, real=0.02 secs] 
2016-09-25T22:18:31.034-0400: 22.185: [GC (GCLocker Initiated GC) [PSYoungGen: 146206K->34483K(125952K)] 443799K->348858K(650240K), 0.0090322 secs] [Times: user=0.05 sys=0.01, real=0.02 secs] 
2016-09-25T22:18:31.103-0400: 22.254: [GC (GCLocker Initiated GC) [PSYoungGen: 125619K->68452K(175104K)] 442756K->386130K(699392K), 0.0085050 secs] [Times: user=0.08 sys=0.00, real=0.00 secs] 
2016-09-25T22:18:31.167-0400: 22.318: [GC (GCLocker Initiated GC) [PSYoungGen: 156516K->48107K(175104K)] 483774K->383920K(699392K), 0.0097223 secs] [Times: user=0.05 sys=0.00, real=0.01 secs] 
2016-09-25T22:18:31.231-0400: 22.382: [GC (GCLocker Initiated GC) [PSYoungGen: 136171K->57686K(169984K)] 480152K->412965K(694272K), 0.0082159 secs] [Times: user=0.10 sys=0.00, real=0.01 secs] 
2016-09-25T22:18:31.293-0400: 22.444: [GC (GCLocker Initiated GC) [PSYoungGen: 145750K->53604K(172544K)] 506599K->441967K(696832K), 0.0091771 secs] [Times: user=0.12 sys=0.00, real=0.01 secs] 
2016-09-25T22:18:31.352-0400: 22.503: [GC (GCLocker Initiated GC) [PSYoungGen: 141668K->56335K(172544K)] 538164K->453297K(696832K), 0.0102354 secs] [Times: user=0.13 sys=0.00, real=0.01 secs] 
2016-09-25T22:18:31.416-0400: 22.567: [GC (GCLocker Initiated GC) [PSYoungGen: 151055K->76584K(175616K)] 550760K->476778K(699904K), 0.0067838 secs] [Times: user=0.08 sys=0.00, real=0.01 secs] 
2016-09-25T22:18:31.480-0400: 22.631: [GC (GCLocker Initiated GC) [PSYoungGen: 171304K->80646K(173568K)] 572946K->485500K(697856K), 0.0059760 secs] [Times: user=0.09 sys=0.00, real=0.01 secs] 
2016-09-25T22:18:31.537-0400: 22.688: [GC (GCLocker Initiated GC) [PSYoungGen: 168710K->44002K(175104K)] 579040K->479108K(699392K), 0.0103875 secs] [Times: user=0.11 sys=0.00, real=0.01 secs] 
2016-09-25T22:18:31.597-0400: 22.748: [GC (GCLocker Initiated GC) [PSYoungGen: 132066K->68414K(175104K)] 572811K->523053K(699392K), 0.0095831 secs] [Times: user=0.10 sys=0.00, real=0.01 secs] 
2016-09-25T22:18:31.661-0400: 22.812: [GC (GCLocker Initiated GC) [PSYoungGen: 156478K->73868K(175104K)] 616592K->534408K(699392K), 0.0128839 secs] [Times: user=0.19 sys=0.00, real=0.01 secs] 
2016-09-25T22:18:31.736-0400: 22.887: [GC (GCLocker Initiated GC) [PSYoungGen: 161932K->33239K(175104K)] 634792K->522728K(699392K), 0.0089353 secs] [Times: user=0.08 sys=0.00, real=0.01 secs] 
2016-09-25T22:18:31.793-0400: 22.944: [Full GC (Ergonomics) [PSYoungGen: 121303K->0K(175104K)] [ParOldGen: 500326K->133745K(524288K)] 621630K->133745K(699392K), [Metaspace: 43294K->43294K(1085440K)], 0.0574343 secs] [Times: user=0.37 sys=0.02, real=0.06 secs] 
2016-09-25T22:18:31.902-0400: 23.053: [GC (GCLocker Initiated GC) [PSYoungGen: 88064K->84943K(175104K)] 221843K->218723K(699392K), 0.0065847 secs] [Times: user=0.09 sys=0.01, real=0.01 secs] 
2016-09-25T22:18:31.957-0400: 23.108: [GC (GCLocker Initiated GC) [PSYoungGen: 173007K->58995K(175104K)] 309519K->204337K(699392K), 0.0073546 secs] [Times: user=0.12 sys=0.00, real=0.01 secs] 
2016-09-25T22:18:32.028-0400: 23.179: [GC (GCLocker Initiated GC) [PSYoungGen: 147059K->57561K(175104K)] 295122K->216896K(699392K), 0.0060069 secs] [Times: user=0.06 sys=0.00, real=0.01 secs] 
2016-09-25T22:18:32.099-0400: 23.250: [GC (GCLocker Initiated GC) [PSYoungGen: 145625K->53497K(175104K)] 309060K->217296K(699392K), 0.0047402 secs] [Times: user=0.04 sys=0.00, real=0.01 secs] 
2016-09-25T22:18:32.159-0400: 23.310: [GC (GCLocker Initiated GC) [PSYoungGen: 141561K->61663K(175104K)] 310932K->253081K(699392K), 0.0082752 secs] [Times: user=0.12 sys=0.00, real=0.01 secs] 
2016-09-25T22:18:32.222-0400: 23.373: [GC (GCLocker Initiated GC) [PSYoungGen: 149727K->45336K(175104K)] 347984K->257550K(699392K), 0.0063148 secs] [Times: user=0.05 sys=0.00, real=0.01 secs] 
2016-09-25T22:18:32.273-0400: 23.424: [GC (GCLocker Initiated GC) [PSYoungGen: 133400K->58902K(147456K)] 353746K->301282K(671744K), 0.0146808 secs] [Times: user=0.13 sys=0.00, real=0.02 secs] 
2016-09-25T22:18:32.345-0400: 23.497: [GC (GCLocker Initiated GC) [PSYoungGen: 146966K->64392K(175616K)] 394820K->334326K(699904K), 0.0069280 secs] [Times: user=0.09 sys=0.00, real=0.00 secs] 
2016-09-25T22:18:32.404-0400: 23.555: [GC (GCLocker Initiated GC) [PSYoungGen: 153480K->57623K(146944K)] 423501K->345600K(671232K), 0.0095102 secs] [Times: user=0.08 sys=0.00, real=0.00 secs] 
2016-09-25T22:18:32.471-0400: 23.622: [GC (GCLocker Initiated GC) [PSYoungGen: 146711K->58991K(175616K)] 434817K->369157K(699904K), 0.0162249 secs] [Times: user=0.18 sys=0.01, real=0.02 secs] 
2016-09-25T22:18:32.539-0400: 23.690: [GC (GCLocker Initiated GC) [PSYoungGen: 151151K->60276K(173568K)] 461562K->371132K(697856K), 0.0091292 secs] [Times: user=0.11 sys=0.00, real=0.01 secs] 
2016-09-25T22:18:32.597-0400: 23.748: [GC (GCLocker Initiated GC) [PSYoungGen: 152436K->77825K(172032K)] 463544K->394777K(696320K), 0.0105080 secs] [Times: user=0.13 sys=0.01, real=0.01 secs] 
2016-09-25T22:18:32.666-0400: 23.817: [GC (GCLocker Initiated GC) [PSYoungGen: 170497K->56161K(176640K)] 498336K->393868K(700928K), 0.0070313 secs] [Times: user=0.05 sys=0.01, real=0.00 secs] 
2016-09-25T22:18:32.715-0400: 23.867: [GC (GCLocker Initiated GC) [PSYoungGen: 148833K->77891K(171008K)] 486688K->432381K(695296K), 0.0160577 secs] [Times: user=0.24 sys=0.00, real=0.01 secs] 
2016-09-25T22:18:32.793-0400: 23.944: [GC (GCLocker Initiated GC) [PSYoungGen: 165955K->68353K(175104K)] 527331K->430166K(699392K), 0.0098163 secs] [Times: user=0.11 sys=0.01, real=0.02 secs] 
2016-09-25T22:18:32.861-0400: 24.012: [GC (GCLocker Initiated GC) [PSYoungGen: 156417K->81903K(174592K)] 518337K->457777K(698880K), 0.0096380 secs] [Times: user=0.14 sys=0.01, real=0.01 secs] 
2016-09-25T22:18:32.915-0400: 24.066: [GC (GCLocker Initiated GC) [PSYoungGen: 169967K->71185K(175104K)] 548633K->474558K(699392K), 0.0071392 secs] [Times: user=0.10 sys=0.00, real=0.00 secs] 
2016-09-25T22:18:32.982-0400: 24.133: [GC (GCLocker Initiated GC) [PSYoungGen: 159249K->65695K(175104K)] 565410K->488521K(699392K), 0.0082432 secs] [Times: user=0.07 sys=0.00, real=0.01 secs] 
2016-09-25T22:18:33.054-0400: 24.206: [GC (GCLocker Initiated GC) [PSYoungGen: 153759K->34696K(175104K)] 589008K->486577K(699392K), 0.0082079 secs] [Times: user=0.10 sys=0.01, real=0.01 secs] 
2016-09-25T22:18:33.119-0400: 24.270: [GC (GCLocker Initiated GC) [PSYoungGen: 122760K->46798K(175104K)] 592415K->538583K(699392K), 0.0078440 secs] [Times: user=0.07 sys=0.00, real=0.01 secs] 
2016-09-25T22:18:33.127-0400: 24.278: [Full GC (Ergonomics) [PSYoungGen: 46798K->0K(175104K)] [ParOldGen: 491785K->148933K(524288K)] 538583K->148933K(699392K), [Metaspace: 43305K->43305K(1085440K)], 0.0525768 secs] [Times: user=0.36 sys=0.03, real=0.05 secs] 
2016-09-25T22:18:33.251-0400: 24.402: [GC (GCLocker Initiated GC) [PSYoungGen: 88064K->79491K(175104K)] 237079K->228506K(699392K), 0.0084441 secs] [Times: user=0.11 sys=0.00, real=0.01 secs] 
2016-09-25T22:18:33.311-0400: 24.462: [GC (GCLocker Initiated GC) [PSYoungGen: 167555K->81946K(175104K)] 316653K->238481K(699392K), 0.0089278 secs] [Times: user=0.13 sys=0.01, real=0.01 secs] 
2016-09-25T22:18:33.378-0400: 24.529: [GC (GCLocker Initiated GC) [PSYoungGen: 170010K->69771K(175104K)] 332049K->240335K(699392K), 0.0070264 secs] [Times: user=0.07 sys=0.00, real=0.01 secs] 
2016-09-25T22:18:33.446-0400: 24.597: [GC (GCLocker Initiated GC) [PSYoungGen: 157835K->38681K(175104K)] 347374K->231329K(699392K), 0.0076347 secs] [Times: user=0.05 sys=0.01, real=0.00 secs] 
2016-09-25T22:18:33.507-0400: 24.658: [GC (GCLocker Initiated GC) [PSYoungGen: 126745K->68274K(175104K)] 319541K->273685K(699392K), 0.0174734 secs] [Times: user=0.15 sys=0.00, real=0.02 secs] 
2016-09-25T22:18:33.576-0400: 24.727: [GC (GCLocker Initiated GC) [PSYoungGen: 156338K->79285K(175104K)] 364571K->297358K(699392K), 0.0096387 secs] [Times: user=0.11 sys=0.00, real=0.01 secs] 
2016-09-25T22:18:33.627-0400: 24.778: [GC (GCLocker Initiated GC) [PSYoungGen: 167349K->67094K(175104K)] 391073K->304759K(699392K), 0.0066033 secs] [Times: user=0.07 sys=0.00, real=0.00 secs] 
2016-09-25T22:18:33.688-0400: 24.839: [GC (GCLocker Initiated GC) [PSYoungGen: 155158K->60306K(175104K)] 396944K->324123K(699392K), 0.0088677 secs] [Times: user=0.10 sys=0.00, real=0.01 secs] 
2016-09-25T22:18:33.749-0400: 24.900: [GC (GCLocker Initiated GC) [PSYoungGen: 148370K->65623K(175104K)] 414998K->354325K(699392K), 0.0096934 secs] [Times: user=0.14 sys=0.00, real=0.01 secs] 
2016-09-25T22:18:33.808-0400: 24.959: [GC (GCLocker Initiated GC) [PSYoungGen: 153687K->77752K(175104K)] 442541K->368342K(699392K), 0.0090941 secs] [Times: user=0.11 sys=0.00, real=0.01 secs] 
2016-09-25T22:18:33.862-0400: 25.013: [GC (Allocation Failure) [PSYoungGen: 165816K->56291K(175104K)] 459166K->352638K(699392K), 0.0155114 secs] [Times: user=0.17 sys=0.00, real=0.01 secs] 
2016-09-25T22:18:33.878-0400: 25.030: [GC (GCLocker Initiated GC) [PSYoungGen: 56509K->160K(175104K)] 352856K->362017K(699392K), 0.0078519 secs] [Times: user=0.09 sys=0.01, real=0.01 secs] 
2016-09-25T22:18:33.949-0400: 25.100: [GC (GCLocker Initiated GC) [PSYoungGen: 88224K->66065K(175104K)] 451432K->429313K(699392K), 0.0059663 secs] [Times: user=0.07 sys=0.00, real=0.01 secs] 
2016-09-25T22:18:34.004-0400: 25.155: [GC (GCLocker Initiated GC) [PSYoungGen: 154129K->62958K(175104K)] 520317K->431265K(699392K), 0.0080536 secs] [Times: user=0.10 sys=0.00, real=0.00 secs] 
2016-09-25T22:18:34.063-0400: 25.215: [GC (GCLocker Initiated GC) [PSYoungGen: 151022K->58784K(175104K)] 523612K->442608K(699392K), 0.0098009 secs] [Times: user=0.08 sys=0.01, real=0.00 secs] 
2016-09-25T22:18:37.282-0400: 28.433: [GC (GCLocker Initiated GC) [PSYoungGen: 146848K->71141K(175104K)] 536258K->460933K(699392K), 0.0173275 secs] [Times: user=0.23 sys=0.00, real=0.01 secs] 
2016-09-25T22:18:37.357-0400: 28.508: [GC (GCLocker Initiated GC) [PSYoungGen: 159205K->67089K(175104K)] 553125K->464169K(699392K), 0.0127545 secs] [Times: user=0.14 sys=0.01, real=0.01 secs] 
2016-09-25T22:18:37.437-0400: 28.588: [GC (GCLocker Initiated GC) [PSYoungGen: 155153K->62975K(175104K)] 559139K->483579K(699392K), 0.0294753 secs] [Times: user=0.42 sys=0.00, real=0.03 secs] 
2016-09-25T22:18:37.528-0400: 28.679: [GC (GCLocker Initiated GC) [PSYoungGen: 151039K->71252K(175104K)] 574514K->511378K(699392K), 0.0100839 secs] [Times: user=0.11 sys=0.00, real=0.01 secs] 
2016-09-25T22:18:37.613-0400: 28.765: [GC (GCLocker Initiated GC) [PSYoungGen: 159316K->54872K(175104K)] 604891K->502265K(699392K), 0.0059603 secs] [Times: user=0.06 sys=0.01, real=0.01 secs] 
2016-09-25T22:18:37.680-0400: 28.831: [GC (GCLocker Initiated GC) [PSYoungGen: 142936K->71061K(175104K)] 593255K->523170K(699392K), 0.0110676 secs] [Times: user=0.17 sys=0.00, real=0.01 secs] 
2016-09-25T22:18:37.755-0400: 28.906: [GC (GCLocker Initiated GC) [PSYoungGen: 159125K->67094K(175104K)] 615102K->528875K(699392K), 0.0105514 secs] [Times: user=0.15 sys=0.00, real=0.01 secs] 
2016-09-25T22:18:37.823-0400: 28.974: [GC (GCLocker Initiated GC) [PSYoungGen: 155158K->65695K(175104K)] 619738K->541530K(699392K), 0.0141353 secs] [Times: user=0.16 sys=0.00, real=0.01 secs] 
2016-09-25T22:18:37.891-0400: 29.042: [GC (GCLocker Initiated GC) [PSYoungGen: 153759K->65725K(174080K)] 635065K->547430K(698368K), 0.0098192 secs] [Times: user=0.11 sys=0.00, real=0.01 secs] 
2016-09-25T22:18:37.963-0400: 29.114: [GC (GCLocker Initiated GC) [PSYoungGen: 153789K->64441K(152576K)] 635729K->565750K(676864K), 0.0098279 secs] [Times: user=0.09 sys=0.00, real=0.00 secs] 
2016-09-25T22:18:37.973-0400: 29.124: [Full GC (Ergonomics) [PSYoungGen: 64441K->0K(152576K)] [ParOldGen: 501308K->151868K(524288K)] 565750K->151868K(676864K), [Metaspace: 43322K->43322K(1085440K)], 0.0773570 secs] [Times: user=0.57 sys=0.02, real=0.08 secs] 
2016-09-25T22:18:38.128-0400: 29.279: [GC (GCLocker Initiated GC) [PSYoungGen: 88064K->68780K(174080K)] 245562K->226278K(698368K), 0.0068104 secs] [Times: user=0.06 sys=0.00, real=0.01 secs] 
2016-09-25T22:18:38.199-0400: 29.350: [GC (GCLocker Initiated GC) [PSYoungGen: 158380K->64357K(174080K)] 318636K->240276K(698368K), 0.0067247 secs] [Times: user=0.09 sys=0.01, real=0.01 secs] 
2016-09-25T22:18:38.257-0400: 29.409: [GC (GCLocker Initiated GC) [PSYoungGen: 153957K->73950K(174080K)] 329925K->253013K(698368K), 0.0122364 secs] [Times: user=0.16 sys=0.01, real=0.01 secs] 
2016-09-25T22:18:38.334-0400: 29.485: [GC (GCLocker Initiated GC) [PSYoungGen: 165598K->75210K(175616K)] 344884K->255034K(699904K), 0.0076748 secs] [Times: user=0.09 sys=0.00, real=0.01 secs] 
2016-09-25T22:18:38.404-0400: 29.555: [GC (GCLocker Initiated GC) [PSYoungGen: 166858K->64437K(176640K)] 349426K->266361K(700928K), 0.0073910 secs] [Times: user=0.10 sys=0.00, real=0.00 secs] 
2016-09-25T22:18:38.478-0400: 29.629: [GC (GCLocker Initiated GC) [PSYoungGen: 156085K->52092K(176128K)] 358219K->257345K(700416K), 0.0088997 secs] [Times: user=0.06 sys=0.00, real=0.01 secs] 
2016-09-25T22:18:38.569-0400: 29.720: [GC (GCLocker Initiated GC) [PSYoungGen: 143740K->67187K(176128K)] 365274K->289153K(700416K), 0.0085204 secs] [Times: user=0.07 sys=0.01, real=0.01 secs] 
2016-09-25T22:18:38.661-0400: 29.812: [GC (GCLocker Initiated GC) [PSYoungGen: 159859K->49426K(176640K)] 395456K->298984K(700928K), 0.0116278 secs] [Times: user=0.11 sys=0.01, real=0.01 secs] 
2016-09-25T22:18:38.730-0400: 29.882: [GC (GCLocker Initiated GC) [PSYoungGen: 142098K->50759K(177664K)] 391837K->317140K(701952K), 0.0170977 secs] [Times: user=0.24 sys=0.00, real=0.02 secs] 
2016-09-25T22:18:38.802-0400: 29.953: [GC (GCLocker Initiated GC) [PSYoungGen: 143943K->81930K(175616K)] 410405K->363659K(699904K), 0.0189271 secs] [Times: user=0.20 sys=0.02, real=0.02 secs] 
2016-09-25T22:18:38.885-0400: 30.036: [GC (GCLocker Initiated GC) [PSYoungGen: 175114K->75176K(174592K)] 456909K->373637K(698880K), 0.0082822 secs] [Times: user=0.10 sys=0.00, real=0.00 secs] 
2016-09-25T22:18:38.953-0400: 30.104: [GC (GCLocker Initiated GC) [PSYoungGen: 163240K->57586K(175104K)] 464630K->378314K(699392K), 0.0111684 secs] [Times: user=0.10 sys=0.00, real=0.02 secs] 
2016-09-25T22:18:39.022-0400: 30.173: [GC (GCLocker Initiated GC) [PSYoungGen: 145650K->83266K(175104K)] 466582K->404652K(699392K), 0.0105275 secs] [Times: user=0.11 sys=0.01, real=0.01 secs] 
2016-09-25T22:18:39.093-0400: 30.244: [GC (GCLocker Initiated GC) [PSYoungGen: 171330K->65627K(175104K)] 492827K->401068K(699392K), 0.0104004 secs] [Times: user=0.11 sys=0.00, real=0.02 secs] 
2016-09-25T22:18:39.164-0400: 30.315: [GC (GCLocker Initiated GC) [PSYoungGen: 153691K->64356K(175104K)] 491880K->405656K(699392K), 0.0092283 secs] [Times: user=0.08 sys=0.00, real=0.00 secs] 
2016-09-25T22:18:39.229-0400: 30.380: [GC (GCLocker Initiated GC) [PSYoungGen: 152420K->77871K(175104K)] 493767K->435860K(699392K), 0.0119279 secs] [Times: user=0.14 sys=0.00, real=0.01 secs] 
2016-09-25T22:18:39.296-0400: 30.447: [GC (GCLocker Initiated GC) [PSYoungGen: 165935K->63073K(175104K)] 524062K->443184K(699392K), 0.0111179 secs] [Times: user=0.12 sys=0.01, real=0.01 secs] 
2016-09-25T22:18:39.361-0400: 30.513: [GC (GCLocker Initiated GC) [PSYoungGen: 151137K->72428K(175104K)] 539489K->490934K(699392K), 0.0215903 secs] [Times: user=0.26 sys=0.00, real=0.03 secs] 
2016-09-25T22:18:39.443-0400: 30.594: [GC (GCLocker Initiated GC) [PSYoungGen: 160492K->52144K(175104K)] 582761K->480226K(699392K), 0.0186152 secs] [Times: user=0.18 sys=0.00, real=0.01 secs] 
2016-09-25T22:18:39.520-0400: 30.671: [GC (GCLocker Initiated GC) [PSYoungGen: 140208K->70996K(175104K)] 568477K->499716K(699392K), 0.0127833 secs] [Times: user=0.16 sys=0.00, real=0.01 secs] 
2016-09-25T22:18:39.594-0400: 30.745: [GC (GCLocker Initiated GC) [PSYoungGen: 159060K->41236K(175104K)] 587862K->504152K(699392K), 0.0131859 secs] [Times: user=0.14 sys=0.00, real=0.01 secs] 
2016-09-25T22:18:39.658-0400: 30.809: [GC (GCLocker Initiated GC) [PSYoungGen: 129300K->65806K(175104K)] 594971K->534552K(699392K), 0.0068755 secs] [Times: user=0.08 sys=0.00, real=0.01 secs] 
2016-09-25T22:18:39.719-0400: 30.870: [GC (GCLocker Initiated GC) [PSYoungGen: 153870K->62936K(175104K)] 628061K->540297K(699392K), 0.0068077 secs] [Times: user=0.06 sys=0.00, real=0.01 secs] 
2016-09-25T22:18:39.784-0400: 30.935: [GC (GCLocker Initiated GC) [PSYoungGen: 151000K->68426K(156672K)] 633818K->578689K(680960K), 0.0101938 secs] [Times: user=0.14 sys=0.00, real=0.00 secs] 
2016-09-25T22:18:39.794-0400: 30.945: [Full GC (Ergonomics) [PSYoungGen: 68426K->0K(156672K)] [ParOldGen: 510262K->160424K(524288K)] 578689K->160424K(680960K), [Metaspace: 43330K->43330K(1085440K)], 0.0858554 secs] [Times: user=0.66 sys=0.02, real=0.09 secs] 
2016-09-25T22:18:39.955-0400: 31.106: [GC (GCLocker Initiated GC) [PSYoungGen: 88064K->45807K(174080K)] 260674K->218418K(698368K), 0.0110783 secs] [Times: user=0.15 sys=0.00, real=0.01 secs] 
2016-09-25T22:18:40.037-0400: 31.188: [GC (GCLocker Initiated GC) [PSYoungGen: 133359K->48041K(174592K)] 310200K->229713K(698880K), 0.0142238 secs] [Times: user=0.17 sys=0.00, real=0.01 secs] 
2016-09-25T22:18:40.109-0400: 31.260: [GC (GCLocker Initiated GC) [PSYoungGen: 135593K->61689K(171008K)] 320067K->257370K(695296K), 0.0094163 secs] [Times: user=0.12 sys=0.00, real=0.01 secs] 
2016-09-25T22:18:40.171-0400: 31.322: [GC (GCLocker Initiated GC) [PSYoungGen: 149753K->67108K(173056K)] 346413K->280419K(697344K), 0.0068102 secs] [Times: user=0.09 sys=0.00, real=0.01 secs] 
2016-09-25T22:18:40.231-0400: 31.382: [GC (GCLocker Initiated GC) [PSYoungGen: 155172K->71055K(175104K)] 368565K->284862K(699392K), 0.0060834 secs] [Times: user=0.08 sys=0.00, real=0.01 secs] 
2016-09-25T22:18:40.292-0400: 31.443: [GC (GCLocker Initiated GC) [PSYoungGen: 161167K->73885K(164352K)] 377750K->293503K(688640K), 0.0109815 secs] [Times: user=0.15 sys=0.00, real=0.02 secs] 
2016-09-25T22:18:40.370-0400: 31.521: [GC (GCLocker Initiated GC) [PSYoungGen: 163997K->45369K(175104K)] 385047K->274944K(699392K), 0.0091045 secs] [Times: user=0.05 sys=0.01, real=0.01 secs] 
2016-09-25T22:18:40.434-0400: 31.585: [GC (GCLocker Initiated GC) [PSYoungGen: 133433K->68373K(175104K)] 363222K->304013K(699392K), 0.0106739 secs] [Times: user=0.09 sys=0.02, real=0.01 secs] 
2016-09-25T22:18:40.506-0400: 31.657: [GC (GCLocker Initiated GC) [PSYoungGen: 156437K->34439K(175104K)] 399106K->296374K(699392K), 0.0088374 secs] [Times: user=0.08 sys=0.00, real=0.01 secs] 
2016-09-25T22:18:40.581-0400: 31.732: [GC (GCLocker Initiated GC) [PSYoungGen: 122503K->57657K(175104K)] 392595K->338950K(699392K), 0.0092239 secs] [Times: user=0.10 sys=0.00, real=0.01 secs] 
2016-09-25T22:18:40.655-0400: 31.806: [GC (GCLocker Initiated GC) [PSYoungGen: 145721K->46734K(175104K)] 436498K->347437K(699392K), 0.0060270 secs] [Times: user=0.06 sys=0.00, real=0.00 secs] 
2016-09-25T22:18:40.730-0400: 31.881: [GC (GCLocker Initiated GC) [PSYoungGen: 134798K->48113K(136192K)] 442269K->364047K(660480K), 0.0216371 secs] [Times: user=0.28 sys=0.01, real=0.02 secs] 
2016-09-25T22:18:40.812-0400: 31.963: [GC (GCLocker Initiated GC) [PSYoungGen: 136177K->58865K(176128K)] 457565K->391420K(700416K), 0.0118997 secs] [Times: user=0.16 sys=0.01, real=0.02 secs] 
2016-09-25T22:18:40.890-0400: 32.041: [GC (GCLocker Initiated GC) [PSYoungGen: 148977K->33252K(174080K)] 491726K->392584K(698368K), 0.0046879 secs] [Times: user=0.06 sys=0.00, real=0.01 secs] 
2016-09-25T22:18:40.941-0400: 32.092: [GC (GCLocker Initiated GC) [PSYoungGen: 123364K->68291K(173568K)] 485507K->430862K(697856K), 0.0071099 secs] [Times: user=0.09 sys=0.00, real=0.01 secs] 
2016-09-25T22:18:40.998-0400: 32.149: [GC (GCLocker Initiated GC) [PSYoungGen: 156355K->54844K(143360K)] 520317K->439399K(667648K), 0.0075372 secs] [Times: user=0.09 sys=0.00, real=0.01 secs] 
2016-09-25T22:18:41.062-0400: 32.213: [GC (GCLocker Initiated GC) [PSYoungGen: 142908K->56118K(176640K)] 527537K->443867K(700928K), 0.0176927 secs] [Times: user=0.18 sys=0.01, real=0.02 secs] 
2016-09-25T22:18:41.161-0400: 32.312: [GC (GCLocker Initiated GC) [PSYoungGen: 148278K->69791K(174080K)] 536105K->474225K(698368K), 0.0116643 secs] [Times: user=0.13 sys=0.00, real=0.01 secs] 
2016-09-25T22:18:41.228-0400: 32.379: [GC (GCLocker Initiated GC) [PSYoungGen: 161951K->52167K(178688K)] 566481K->467926K(702976K), 0.0132560 secs] [Times: user=0.16 sys=0.00, real=0.01 secs] 
2016-09-25T22:18:41.305-0400: 32.457: [GC (GCLocker Initiated GC) [PSYoungGen: 147911K->65686K(178176K)] 569168K->492722K(702464K), 0.0151869 secs] [Times: user=0.23 sys=0.01, real=0.01 secs] 
2016-09-25T22:18:41.412-0400: 32.563: [GC (GCLocker Initiated GC) [PSYoungGen: 161430K->65620K(178176K)] 593901K->501237K(702464K), 0.0110712 secs] [Times: user=0.13 sys=0.00, real=0.02 secs] 
2016-09-25T22:18:41.476-0400: 32.627: [GC (GCLocker Initiated GC) [PSYoungGen: 160852K->59000K(154624K)] 600647K->510047K(678912K), 0.0130319 secs] [Times: user=0.14 sys=0.01, real=0.01 secs] 
2016-09-25T22:18:41.573-0400: 32.724: [GC (GCLocker Initiated GC) [PSYoungGen: 154232K->68342K(176128K)] 609396K->523919K(700416K), 0.0149786 secs] [Times: user=0.21 sys=0.00, real=0.02 secs] 
2016-09-25T22:18:41.666-0400: 32.817: [GC (GCLocker Initiated GC) [PSYoungGen: 163062K->53523K(177152K)] 624161K->531208K(701440K), 0.0073929 secs] [Times: user=0.09 sys=0.00, real=0.00 secs] 
2016-09-25T22:18:41.720-0400: 32.871: [GC (GCLocker Initiated GC) [PSYoungGen: 148243K->68310K(178688K)] 626138K->568198K(702976K), 0.0090363 secs] [Times: user=0.12 sys=0.00, real=0.01 secs] 
2016-09-25T22:18:41.730-0400: 32.881: [Full GC (Ergonomics) [PSYoungGen: 68310K->0K(178688K)] [ParOldGen: 499887K->173978K(524288K)] 568198K->173978K(702976K), [Metaspace: 43356K->43356K(1085440K)], 0.0995959 secs] [Times: user=0.68 sys=0.03, real=0.10 secs] 
2016-09-25T22:18:41.906-0400: 33.057: [GC (GCLocker Initiated GC) [PSYoungGen: 97280K->61944K(159232K)] 282124K->246789K(683520K), 0.0200610 secs] [Times: user=0.25 sys=0.00, real=0.02 secs] 
2016-09-25T22:18:41.977-0400: 33.128: [GC (GCLocker Initiated GC) [PSYoungGen: 159224K->68371K(178176K)] 344217K->274416K(702464K), 0.0130131 secs] [Times: user=0.13 sys=0.01, real=0.01 secs] 
2016-09-25T22:18:42.078-0400: 33.229: [GC (GCLocker Initiated GC) [PSYoungGen: 165651K->57475K(179200K)] 371788K->276122K(703488K), 0.0119266 secs] [Times: user=0.08 sys=0.00, real=0.01 secs] 
2016-09-25T22:18:42.148-0400: 33.299: [GC (GCLocker Initiated GC) [PSYoungGen: 154755K->58890K(177664K)] 373490K->280724K(701952K), 0.0090901 secs] [Times: user=0.08 sys=0.00, real=0.01 secs] 
2016-09-25T22:18:42.224-0400: 33.375: [GC (GCLocker Initiated GC) [PSYoungGen: 158730K->52213K(178688K)] 386040K->279931K(702976K), 0.0111343 secs] [Times: user=0.13 sys=0.00, real=0.01 secs] 
2016-09-25T22:18:42.325-0400: 33.476: [GC (GCLocker Initiated GC) [PSYoungGen: 152053K->64385K(182784K)] 382545K->314234K(707072K), 0.0105557 secs] [Times: user=0.13 sys=0.01, real=0.01 secs] 
2016-09-25T22:18:42.402-0400: 33.553: [GC (GCLocker Initiated GC) [PSYoungGen: 169345K->60347K(165376K)] 419261K->313394K(689664K), 0.0061010 secs] [Times: user=0.07 sys=0.00, real=0.01 secs] 
2016-09-25T22:18:42.483-0400: 33.634: [GC (GCLocker Initiated GC) [PSYoungGen: 165307K->57647K(184320K)] 421090K->330089K(708608K), 0.0096218 secs] [Times: user=0.13 sys=0.00, real=0.00 secs] 
2016-09-25T22:18:42.596-0400: 33.747: [GC (GCLocker Initiated GC) [PSYoungGen: 165167K->41395K(182784K)] 448643K->338813K(707072K), 0.0155229 secs] [Times: user=0.19 sys=0.00, real=0.01 secs] 
2016-09-25T22:18:42.667-0400: 33.818: [GC (GCLocker Initiated GC) [PSYoungGen: 148915K->67054K(182272K)] 446431K->366383K(706560K), 0.0089693 secs] [Times: user=0.10 sys=0.00, real=0.01 secs] 
2016-09-25T22:18:42.744-0400: 33.895: [GC (GCLocker Initiated GC) [PSYoungGen: 172526K->65813K(171520K)] 477384K->394060K(695808K), 0.0099598 secs] [Times: user=0.14 sys=0.00, real=0.00 secs] 
2016-09-25T22:18:42.822-0400: 33.973: [GC (GCLocker Initiated GC) [PSYoungGen: 171285K->44149K(181760K)] 507754K->405403K(706048K), 0.0110576 secs] [Times: user=0.15 sys=0.00, real=0.01 secs] 
2016-09-25T22:18:42.901-0400: 34.052: [GC (GCLocker Initiated GC) [PSYoungGen: 146549K->63081K(182272K)] 516060K->433037K(706560K), 0.0064148 secs] [Times: user=0.08 sys=0.01, real=0.01 secs] 
2016-09-25T22:18:42.972-0400: 34.124: [GC (GCLocker Initiated GC) [PSYoungGen: 165481K->64387K(182272K)] 535615K->451182K(706560K), 0.0065655 secs] [Times: user=0.08 sys=0.00, real=0.01 secs] 
2016-09-25T22:18:43.062-0400: 34.213: [GC (GCLocker Initiated GC) [PSYoungGen: 167299K->30640K(133632K)] 567611K->431353K(657920K), 0.0068341 secs] [Times: user=0.07 sys=0.00, real=0.01 secs] 
2016-09-25T22:18:43.130-0400: 34.281: [GC (GCLocker Initiated GC) [PSYoungGen: 133552K->64323K(178688K)] 537146K->471165K(702976K), 0.0061108 secs] [Times: user=0.07 sys=0.00, real=0.01 secs] 
2016-09-25T22:18:43.197-0400: 34.348: [GC (GCLocker Initiated GC) [PSYoungGen: 160579K->46768K(143360K)] 577027K->477061K(667648K), 0.0152297 secs] [Times: user=0.18 sys=0.01, real=0.01 secs] 
2016-09-25T22:18:43.287-0400: 34.438: [GC (GCLocker Initiated GC) [PSYoungGen: 143024K->49462K(180224K)] 576069K->496499K(704512K), 0.0214838 secs] [Times: user=0.23 sys=0.00, real=0.02 secs] 
2016-09-25T22:18:43.373-0400: 34.524: [GC (GCLocker Initiated GC) [PSYoungGen: 147766K->54853K(153600K)] 594903K->521268K(677888K), 0.0175165 secs] [Times: user=0.21 sys=0.00, real=0.02 secs] 
2016-09-25T22:18:43.460-0400: 34.611: [GC (GCLocker Initiated GC) [PSYoungGen: 153157K->56149K(180224K)] 619619K->544671K(704512K), 0.0125171 secs] [Times: user=0.17 sys=0.01, real=0.01 secs] 
2016-09-25T22:18:43.519-0400: 34.670: [GC (GCLocker Initiated GC) [PSYoungGen: 158037K->65751K(178176K)] 646809K->579222K(702464K), 0.0096500 secs] [Times: user=0.13 sys=0.00, real=0.01 secs] 
2016-09-25T22:18:43.529-0400: 34.680: [Full GC (Ergonomics) [PSYoungGen: 65751K->0K(178176K)] [ParOldGen: 513470K->172976K(524288K)] 579222K->172976K(702464K), [Metaspace: 43359K->43359K(1085440K)], 0.0693420 secs] [Times: user=0.53 sys=0.01, real=0.07 secs] 
2016-09-25T22:18:43.674-0400: 34.825: [GC (GCLocker Initiated GC) [PSYoungGen: 101888K->72745K(176128K)] 274897K->245755K(700416K), 0.0092410 secs] [Times: user=0.10 sys=0.01, real=0.02 secs] 
2016-09-25T22:18:43.757-0400: 34.908: [GC (GCLocker Initiated GC) [PSYoungGen: 171049K->38796K(137216K)] 353588K->249066K(661504K), 0.0077959 secs] [Times: user=0.06 sys=0.01, real=0.01 secs] 
2016-09-25T22:18:43.826-0400: 34.977: [GC (GCLocker Initiated GC) [PSYoungGen: 137100K->61549K(180224K)] 347404K->283129K(704512K), 0.0098252 secs] [Times: user=0.12 sys=0.01, real=0.01 secs] 
2016-09-25T22:18:43.905-0400: 35.056: [GC (GCLocker Initiated GC) [PSYoungGen: 158829K->67089K(164864K)] 380520K->305363K(689152K), 0.0070881 secs] [Times: user=0.09 sys=0.00, real=0.00 secs] 
2016-09-25T22:18:43.970-0400: 35.121: [GC (GCLocker Initiated GC) [PSYoungGen: 164369K->60384K(180224K)] 405545K->310095K(704512K), 0.0062918 secs] [Times: user=0.08 sys=0.00, real=0.01 secs] 
2016-09-25T22:18:44.037-0400: 35.188: [GC (GCLocker Initiated GC) [PSYoungGen: 157152K->73840K(171008K)] 409748K->337700K(695296K), 0.0096791 secs] [Times: user=0.09 sys=0.00, real=0.01 secs] 
2016-09-25T22:18:44.121-0400: 35.272: [GC (GCLocker Initiated GC) [PSYoungGen: 170608K->61690K(178688K)] 437261K->339571K(702976K), 0.0204751 secs] [Times: user=0.28 sys=0.00, real=0.02 secs] 
2016-09-25T22:18:44.214-0400: 35.365: [GC (GCLocker Initiated GC) [PSYoungGen: 154874K->52137K(145408K)] 445065K->345416K(669696K), 0.0067769 secs] [Times: user=0.05 sys=0.00, real=0.01 secs] 
2016-09-25T22:18:44.287-0400: 35.438: [GC (GCLocker Initiated GC) [PSYoungGen: 145321K->46584K(175616K)] 445453K->360677K(699904K), 0.0073179 secs] [Times: user=0.06 sys=0.00, real=0.01 secs] 
2016-09-25T22:18:44.367-0400: 35.518: [GC (GCLocker Initiated GC) [PSYoungGen: 139768K->65580K(175616K)] 460663K->386855K(699904K), 0.0074891 secs] [Times: user=0.06 sys=0.00, real=0.01 secs] 
2016-09-25T22:18:44.423-0400: 35.574: [GC (GCLocker Initiated GC) [PSYoungGen: 158764K->69791K(176128K)] 482780K->415842K(700416K), 0.0100514 secs] [Times: user=0.10 sys=0.01, real=0.00 secs] 
2016-09-25T22:18:44.488-0400: 35.639: [GC (GCLocker Initiated GC) [PSYoungGen: 162975K->81909K(175104K)] 511764K->450002K(699392K), 0.0077675 secs] [Times: user=0.11 sys=0.00, real=0.01 secs] 
2016-09-25T22:18:44.554-0400: 35.706: [GC (GCLocker Initiated GC) [PSYoungGen: 175093K->58894K(175104K)] 545998K->449096K(699392K), 0.0068734 secs] [Times: user=0.07 sys=0.01, real=0.00 secs] 
2016-09-25T22:18:44.619-0400: 35.770: [GC (GCLocker Initiated GC) [PSYoungGen: 146958K->54864K(143360K)] 539941K->471229K(667648K), 0.0143336 secs] [Times: user=0.17 sys=0.00, real=0.01 secs] 
2016-09-25T22:18:44.689-0400: 35.840: [GC (GCLocker Initiated GC) [PSYoungGen: 142928K->56355K(176128K)] 567482K->509626K(700416K), 0.0102233 secs] [Times: user=0.13 sys=0.00, real=0.01 secs] 
2016-09-25T22:18:44.761-0400: 35.912: [GC (GCLocker Initiated GC) [PSYoungGen: 145955K->53558K(143360K)] 604849K->529129K(667648K), 0.0070017 secs] [Times: user=0.08 sys=0.00, real=0.01 secs] 
2016-09-25T22:18:44.824-0400: 35.975: [GC (GCLocker Initiated GC) [PSYoungGen: 143158K->72458K(171520K)] 618794K->548498K(695808K), 0.0068328 secs] [Times: user=0.10 sys=0.00, real=0.00 secs] 
2016-09-25T22:18:44.885-0400: 36.036: [GC (GCLocker Initiated GC) [PSYoungGen: 160522K->67058K(174080K)] 644674K->551606K(698368K), 0.0088868 secs] [Times: user=0.14 sys=0.00, real=0.00 secs] 
2016-09-25T22:18:44.952-0400: 36.103: [GC (GCLocker Initiated GC) [PSYoungGen: 155122K->68409K(175616K)] 639863K->553529K(699904K), 0.0066021 secs] [Times: user=0.08 sys=0.00, real=0.01 secs] 
2016-09-25T22:18:45.038-0400: 36.189: [Full GC (Ergonomics) [PSYoungGen: 158521K->0K(175616K)] [ParOldGen: 500040K->179766K(524288K)] 658561K->179766K(699904K), [Metaspace: 43485K->43485K(1085440K)], 0.0707749 secs] [Times: user=0.42 sys=0.02, real=0.07 secs] 
2016-09-25T22:18:45.184-0400: 36.335: [GC (GCLocker Initiated GC) [PSYoungGen: 90112K->57737K(147968K)] 278214K->245840K(672256K), 0.0176270 secs] [Times: user=0.18 sys=0.00, real=0.01 secs] 
2016-09-25T22:18:45.258-0400: 36.409: [GC (GCLocker Initiated GC) [PSYoungGen: 147849K->71077K(174080K)] 338814K->266689K(698368K), 0.0115871 secs] [Times: user=0.14 sys=0.00, real=0.01 secs] 
2016-09-25T22:18:45.326-0400: 36.477: [GC (GCLocker Initiated GC) [PSYoungGen: 160677K->53463K(175104K)] 361926K->268609K(699392K), 0.0064988 secs] [Times: user=0.06 sys=0.00, real=0.00 secs] 
2016-09-25T22:18:45.382-0400: 36.533: [GC (GCLocker Initiated GC) [PSYoungGen: 143063K->65696K(174080K)] 361006K->296202K(698368K), 0.0104295 secs] [Times: user=0.11 sys=0.00, real=0.00 secs] 
2016-09-25T22:18:45.451-0400: 36.602: [GC (GCLocker Initiated GC) [PSYoungGen: 157344K->49220K(175616K)] 388023K->280226K(699904K), 0.0172266 secs] [Times: user=0.21 sys=0.01, real=0.02 secs] 
2016-09-25T22:18:45.524-0400: 36.675: [GC (GCLocker Initiated GC) [PSYoungGen: 140868K->62963K(175104K)] 374736K->299935K(699392K), 0.0055704 secs] [Times: user=0.07 sys=0.00, real=0.00 secs] 
2016-09-25T22:18:45.590-0400: 36.741: [GC (GCLocker Initiated GC) [PSYoungGen: 157171K->61701K(176640K)] 399763K->304668K(700928K), 0.0078686 secs] [Times: user=0.12 sys=0.00, real=0.01 secs] 
2016-09-25T22:18:45.664-0400: 36.815: [GC (GCLocker Initiated GC) [PSYoungGen: 155909K->64358K(179200K)] 406979K->318582K(703488K), 0.0062523 secs] [Times: user=0.08 sys=0.00, real=0.00 secs] 
2016-09-25T22:18:45.734-0400: 36.885: [GC (GCLocker Initiated GC) [PSYoungGen: 163686K->67073K(179200K)] 423557K->327324K(703488K), 0.0056573 secs] [Times: user=0.06 sys=0.00, real=0.01 secs] 
2016-09-25T22:18:45.802-0400: 36.953: [GC (GCLocker Initiated GC) [PSYoungGen: 166401K->71050K(179200K)] 426734K->331818K(703488K), 0.0095762 secs] [Times: user=0.12 sys=0.00, real=0.00 secs] 
2016-09-25T22:18:45.873-0400: 37.025: [GC (GCLocker Initiated GC) [PSYoungGen: 170378K->63047K(180736K)] 431196K->335106K(705024K), 0.0062066 secs] [Times: user=0.09 sys=0.00, real=0.01 secs] 
2016-09-25T22:18:45.938-0400: 37.089: [GC (GCLocker Initiated GC) [PSYoungGen: 162375K->57696K(178688K)] 437303K->370850K(702976K), 0.0177877 secs] [Times: user=0.27 sys=0.00, real=0.02 secs] 
2016-09-25T22:18:46.023-0400: 37.174: [GC (GCLocker Initiated GC) [PSYoungGen: 158560K->69876K(179712K)] 471897K->383680K(704000K), 0.0129168 secs] [Times: user=0.14 sys=0.00, real=0.01 secs] 
2016-09-25T22:18:46.088-0400: 37.239: [GC (GCLocker Initiated GC) [PSYoungGen: 170740K->52200K(181760K)] 491429K->373323K(706048K), 0.0076676 secs] [Times: user=0.09 sys=0.00, real=0.01 secs] 
2016-09-25T22:18:46.150-0400: 37.302: [GC (GCLocker Initiated GC) [PSYoungGen: 153576K->61808K(163328K)] 486906K->400975K(687616K), 0.0061758 secs] [Times: user=0.07 sys=0.00, real=0.01 secs] 
2016-09-25T22:18:46.244-0400: 37.395: [GC (GCLocker Initiated GC) [PSYoungGen: 163184K->54887K(180736K)] 507932K->410905K(705024K), 0.0113940 secs] [Times: user=0.10 sys=0.01, real=0.01 secs] 
2016-09-25T22:18:46.335-0400: 37.486: [GC (GCLocker Initiated GC) [PSYoungGen: 156775K->54975K(180224K)] 525091K->423706K(704512K), 0.0056078 secs] [Times: user=0.06 sys=0.00, real=0.00 secs] 
2016-09-25T22:18:46.390-0400: 37.541: [GC (GCLocker Initiated GC) [PSYoungGen: 156863K->64340K(183296K)] 525630K->449802K(707584K), 0.0094652 secs] [Times: user=0.09 sys=0.00, real=0.01 secs] 
2016-09-25T22:18:46.504-0400: 37.655: [GC (GCLocker Initiated GC) [PSYoungGen: 169812K->56412K(182784K)] 563429K->450431K(707072K), 0.0116359 secs] [Times: user=0.11 sys=0.00, real=0.01 secs] 
2016-09-25T22:18:46.589-0400: 37.741: [GC (GCLocker Initiated GC) [PSYoungGen: 161884K->48195K(182784K)] 558658K->467159K(707072K), 0.0082605 secs] [Times: user=0.07 sys=0.00, real=0.01 secs] 
2016-09-25T22:18:46.672-0400: 37.823: [GC (GCLocker Initiated GC) [PSYoungGen: 154691K->67137K(183296K)] 576498K->505529K(707584K), 0.0202775 secs] [Times: user=0.28 sys=0.01, real=0.02 secs] 
2016-09-25T22:18:46.792-0400: 37.943: [GC (GCLocker Initiated GC) [PSYoungGen: 173633K->38552K(180736K)] 617607K->496461K(705024K), 0.0082438 secs] [Times: user=0.06 sys=0.00, real=0.01 secs] 
2016-09-25T22:18:46.861-0400: 38.013: [GC (GCLocker Initiated GC) [PSYoungGen: 140952K->49259K(182272K)] 599256K->509321K(706560K), 0.0093253 secs] [Times: user=0.08 sys=0.00, real=0.01 secs] 
2016-09-25T22:18:46.985-0400: 38.136: [GC (GCLocker Initiated GC) [PSYoungGen: 151659K->56239K(177664K)] 621346K->526337K(701952K), 0.0131628 secs] [Times: user=0.15 sys=0.00, real=0.01 secs] 
2016-09-25T22:18:47.057-0400: 38.208: [GC (GCLocker Initiated GC) [PSYoungGen: 159151K->39975K(180224K)] 641638K->530970K(704512K), 0.0069666 secs] [Times: user=0.06 sys=0.01, real=0.01 secs] 
2016-09-25T22:18:47.155-0400: 38.306: [GC (GCLocker Initiated GC) [PSYoungGen: 142887K->58993K(183808K)] 637566K->554090K(708096K), 0.0101258 secs] [Times: user=0.12 sys=0.00, real=0.01 secs] 
2016-09-25T22:18:47.255-0400: 38.406: [Full GC (Ergonomics) [PSYoungGen: 165489K->0K(183808K)] [ParOldGen: 500636K->189054K(524288K)] 666126K->189054K(708096K), [Metaspace: 43492K->43492K(1085440K)], 0.0746497 secs] [Times: user=0.45 sys=0.02, real=0.07 secs] 
2016-09-25T22:18:47.428-0400: 38.579: [GC (GCLocker Initiated GC) [PSYoungGen: 106496K->49454K(183808K)] 298350K->241308K(708096K), 0.0105701 secs] [Times: user=0.08 sys=0.01, real=0.01 secs] 
2016-09-25T22:18:47.492-0400: 38.643: [GC (GCLocker Initiated GC) [PSYoungGen: 155950K->42870K(183808K)] 356975K->267475K(708096K), 0.0074796 secs] [Times: user=0.08 sys=0.01, real=0.01 secs] 
2016-09-25T22:18:47.585-0400: 38.736: [GC (GCLocker Initiated GC) [PSYoungGen: 150390K->54969K(183808K)] 383151K->288254K(708096K), 0.0092328 secs] [Times: user=0.11 sys=0.01, real=0.00 secs] 
2016-09-25T22:18:47.673-0400: 38.824: [GC (GCLocker Initiated GC) [PSYoungGen: 162489K->71137K(178688K)] 398530K->310263K(702976K), 0.0062349 secs] [Times: user=0.08 sys=0.00, real=0.01 secs] 
2016-09-25T22:18:47.732-0400: 38.883: [GC (GCLocker Initiated GC) [PSYoungGen: 175585K->68426K(173056K)] 414759K->318816K(697344K), 0.0068204 secs] [Times: user=0.09 sys=0.00, real=0.01 secs] 
2016-09-25T22:18:47.794-0400: 38.946: [GC (GCLocker Initiated GC) [PSYoungGen: 172874K->57603K(183296K)] 428816K->330159K(707584K), 0.0096517 secs] [Times: user=0.10 sys=0.01, real=0.01 secs] 
2016-09-25T22:18:47.870-0400: 39.021: [GC (GCLocker Initiated GC) [PSYoungGen: 159491K->65820K(180736K)] 440377K->347169K(705024K), 0.0084733 secs] [Times: user=0.08 sys=0.00, real=0.01 secs] 
2016-09-25T22:18:47.941-0400: 39.093: [GC (GCLocker Initiated GC) [PSYoungGen: 167708K->63011K(181760K)] 451888K->363883K(706048K), 0.0061656 secs] [Times: user=0.09 sys=0.00, real=0.01 secs] 
2016-09-25T22:18:48.010-0400: 39.161: [GC (GCLocker Initiated GC) [PSYoungGen: 164899K->77937K(180224K)] 465941K->384835K(704512K), 0.0070429 secs] [Times: user=0.09 sys=0.00, real=0.01 secs] 
2016-09-25T22:18:48.080-0400: 39.231: [GC (GCLocker Initiated GC) [PSYoungGen: 179825K->50878K(176128K)] 492301K->380020K(700416K), 0.0097137 secs] [Times: user=0.14 sys=0.00, real=0.01 secs] 
2016-09-25T22:18:48.148-0400: 39.299: [GC (GCLocker Initiated GC) [PSYoungGen: 145086K->71110K(165376K)] 474245K->411557K(689664K), 0.0077454 secs] [Times: user=0.11 sys=0.00, real=0.01 secs] 
2016-09-25T22:18:48.204-0400: 39.355: [GC (GCLocker Initiated GC) [PSYoungGen: 165318K->83291K(174080K)] 505878K->424304K(698368K), 0.0096275 secs] [Times: user=0.12 sys=0.01, real=0.00 secs] 
2016-09-25T22:18:48.271-0400: 39.423: [GC (GCLocker Initiated GC) [PSYoungGen: 171355K->62958K(175104K)] 512519K->422129K(699392K), 0.0084996 secs] [Times: user=0.12 sys=0.00, real=0.01 secs] 
2016-09-25T22:18:48.341-0400: 39.492: [GC (GCLocker Initiated GC) [PSYoungGen: 151022K->40228K(175104K)] 517172K->429706K(699392K), 0.0107607 secs] [Times: user=0.14 sys=0.00, real=0.01 secs] 
2016-09-25T22:18:48.410-0400: 39.561: [GC (GCLocker Initiated GC) [PSYoungGen: 128292K->50860K(175104K)] 518035K->457303K(699392K), 0.0079862 secs] [Times: user=0.10 sys=0.01, real=0.01 secs] 
2016-09-25T22:18:48.479-0400: 39.630: [GC (GCLocker Initiated GC) [PSYoungGen: 138924K->61681K(175104K)] 548171K->472684K(699392K), 0.0062444 secs] [Times: user=0.09 sys=0.00, real=0.01 secs] 
2016-09-25T22:18:48.541-0400: 39.692: [GC (GCLocker Initiated GC) [PSYoungGen: 149745K->79330K(175104K)] 563533K->509778K(699392K), 0.0098007 secs] [Times: user=0.17 sys=0.00, real=0.01 secs] 
2016-09-25T22:18:48.601-0400: 39.753: [GC (GCLocker Initiated GC) [PSYoungGen: 167394K->82095K(175104K)] 597977K->513220K(699392K), 0.0075404 secs] [Times: user=0.11 sys=0.00, real=0.01 secs] 
2016-09-25T22:18:48.684-0400: 39.835: [GC (GCLocker Initiated GC) [PSYoungGen: 170159K->72484K(175104K)] 608193K->513777K(699392K), 0.0073393 secs] [Times: user=0.09 sys=0.00, real=0.00 secs] 
2016-09-25T22:18:48.748-0400: 39.899: [GC (GCLocker Initiated GC) [PSYoungGen: 160548K->65902K(175104K)] 607448K->526780K(699392K), 0.0098533 secs] [Times: user=0.14 sys=0.00, real=0.01 secs] 
2016-09-25T22:18:48.830-0400: 39.981: [GC (GCLocker Initiated GC) [PSYoungGen: 153966K->61737K(175104K)] 620291K->528608K(699392K), 0.0088392 secs] [Times: user=0.11 sys=0.00, real=0.01 secs] 
2016-09-25T22:18:48.904-0400: 40.055: [GC (GCLocker Initiated GC) [PSYoungGen: 149801K->56329K(175104K)] 619544K->540087K(699392K), 0.0093586 secs] [Times: user=0.12 sys=0.00, real=0.00 secs] 
2016-09-25T22:18:48.978-0400: 40.129: [GC (GCLocker Initiated GC) [PSYoungGen: 144393K->77966K(175104K)] 628341K->570473K(699392K), 0.0129383 secs] [Times: user=0.17 sys=0.00, real=0.01 secs] 
2016-09-25T22:18:49.042-0400: 40.193: [GC (GCLocker Initiated GC) [PSYoungGen: 166030K->60354K(175104K)] 658670K->576516K(699392K), 0.0134425 secs] [Times: user=0.15 sys=0.00, real=0.02 secs] 
2016-09-25T22:18:49.055-0400: 40.207: [Full GC (Ergonomics) [PSYoungGen: 60354K->0K(175104K)] [ParOldGen: 516162K->201029K(524288K)] 576516K->201029K(699392K), [Metaspace: 43526K->43526K(1085440K)], 0.0637026 secs] [Times: user=0.52 sys=0.01, real=0.06 secs] 
2016-09-25T22:18:50.919-0400: 42.070: [GC (GCLocker Initiated GC) [PSYoungGen: 88064K->43122K(175104K)] 289167K->244226K(699392K), 0.0074739 secs] [Times: user=0.04 sys=0.01, real=0.01 secs] 
2016-09-25T22:18:50.989-0400: 42.140: [GC (GCLocker Initiated GC) [PSYoungGen: 131186K->28082K(175104K)] 336667K->253487K(699392K), 0.0062181 secs] [Times: user=0.04 sys=0.00, real=0.01 secs] 
2016-09-25T22:18:51.062-0400: 42.213: [GC (GCLocker Initiated GC) [PSYoungGen: 116146K->48328K(175104K)] 347170K->290946K(699392K), 0.0064868 secs] [Times: user=0.06 sys=0.00, real=0.01 secs] 
2016-09-25T22:18:51.161-0400: 42.312: [GC (GCLocker Initiated GC) [PSYoungGen: 136392K->47014K(175104K)] 384652K->298524K(699392K), 0.0130314 secs] [Times: user=0.11 sys=0.01, real=0.02 secs] 
2016-09-25T22:18:51.241-0400: 42.392: [GC (GCLocker Initiated GC) [PSYoungGen: 135078K->77938K(175104K)] 386711K->330214K(699392K), 0.0089180 secs] [Times: user=0.07 sys=0.00, real=0.01 secs] 
2016-09-25T22:18:51.305-0400: 42.456: [GC (GCLocker Initiated GC) [PSYoungGen: 166002K->34736K(175104K)] 421194K->313550K(699392K), 0.0116684 secs] [Times: user=0.11 sys=0.00, real=0.01 secs] 
2016-09-25T22:18:51.410-0400: 42.561: [GC (GCLocker Initiated GC) [PSYoungGen: 122798K->45833K(175104K)] 409949K->345704K(699392K), 0.0098290 secs] [Times: user=0.10 sys=0.00, real=0.01 secs] 
2016-09-25T22:18:51.486-0400: 42.638: [GC (GCLocker Initiated GC) [PSYoungGen: 133897K->61968K(175104K)] 448659K->378979K(699392K), 0.0067682 secs] [Times: user=0.09 sys=0.00, real=0.00 secs] 
2016-09-25T22:18:51.566-0400: 42.717: [GC (GCLocker Initiated GC) [PSYoungGen: 150032K->74417K(175104K)] 478017K->403097K(699392K), 0.0131583 secs] [Times: user=0.16 sys=0.00, real=0.01 secs] 
2016-09-25T22:18:51.668-0400: 42.819: [GC (GCLocker Initiated GC) [PSYoungGen: 162481K->63218K(175104K)] 502046K->403447K(699392K), 0.0065020 secs] [Times: user=0.09 sys=0.00, real=0.01 secs] 
2016-09-25T22:18:51.731-0400: 42.882: [GC (GCLocker Initiated GC) [PSYoungGen: 151282K->60474K(175104K)] 494459K->409713K(699392K), 0.0267099 secs] [Times: user=0.27 sys=0.01, real=0.03 secs] 
2016-09-25T22:18:51.867-0400: 43.018: [GC (GCLocker Initiated GC) [PSYoungGen: 148538K->59128K(175104K)] 503259K->414419K(699392K), 0.0100845 secs] [Times: user=0.13 sys=0.00, real=0.01 secs] 
2016-09-25T22:18:51.928-0400: 43.079: [GC (GCLocker Initiated GC) [PSYoungGen: 147192K->55058K(143360K)] 505231K->427275K(667648K), 0.0075926 secs] [Times: user=0.06 sys=0.00, real=0.01 secs] 
2016-09-25T22:18:52.021-0400: 43.172: [GC (GCLocker Initiated GC) [PSYoungGen: 143122K->22250K(173056K)] 518121K->420773K(697344K), 0.0160042 secs] [Times: user=0.16 sys=0.00, real=0.02 secs] 
2016-09-25T22:18:52.104-0400: 43.256: [GC (GCLocker Initiated GC) [PSYoungGen: 109290K->59472K(174080K)] 507943K->461299K(698368K), 0.0242475 secs] [Times: user=0.36 sys=0.00, real=0.02 secs] 
2016-09-25T22:18:52.198-0400: 43.349: [GC (GCLocker Initiated GC) [PSYoungGen: 146512K->60569K(174080K)] 555191K->472898K(698368K), 0.0121159 secs] [Times: user=0.19 sys=0.00, real=0.01 secs] 
2016-09-25T22:18:52.303-0400: 43.454: [GC (GCLocker Initiated GC) [PSYoungGen: 148633K->47132K(174592K)] 573207K->485903K(698880K), 0.0095279 secs] [Times: user=0.11 sys=0.00, real=0.00 secs] 
2016-09-25T22:18:52.363-0400: 43.514: [GC (GCLocker Initiated GC) [PSYoungGen: 135196K->53691K(170496K)] 574138K->493361K(694784K), 0.0095363 secs] [Times: user=0.08 sys=0.00, real=0.00 secs] 
2016-09-25T22:18:52.449-0400: 43.600: [GC (GCLocker Initiated GC) [PSYoungGen: 144315K->45698K(172544K)] 588317K->492953K(696832K), 0.0146531 secs] [Times: user=0.14 sys=0.01, real=0.02 secs] 
2016-09-25T22:18:52.538-0400: 43.689: [GC (GCLocker Initiated GC) [PSYoungGen: 136322K->55004K(175104K)] 589215K->522102K(699392K), 0.0079238 secs] [Times: user=0.09 sys=0.00, real=0.01 secs] 
2016-09-25T22:18:52.607-0400: 43.758: [GC (GCLocker Initiated GC) [PSYoungGen: 154332K->78153K(177664K)] 621594K->545962K(701952K), 0.0086567 secs] [Times: user=0.08 sys=0.01, real=0.01 secs] 
2016-09-25T22:18:52.713-0400: 43.864: [GC (GCLocker Initiated GC) [PSYoungGen: 177481K->68617K(172544K)] 645368K->550727K(696832K), 0.0121711 secs] [Times: user=0.12 sys=0.02, real=0.02 secs] 
2016-09-25T22:18:52.797-0400: 43.948: [GC (GCLocker Initiated GC) [PSYoungGen: 156681K->80736K(175104K)] 638885K->571676K(699392K), 0.0068706 secs] [Times: user=0.09 sys=0.01, real=0.01 secs] 
2016-09-25T22:18:52.861-0400: 44.013: [GC (GCLocker Initiated GC) [PSYoungGen: 168800K->65951K(175104K)] 662579K->581944K(699392K), 0.0067823 secs] [Times: user=0.10 sys=0.00, real=0.01 secs] 
2016-09-25T22:18:52.868-0400: 44.019: [Full GC (Ergonomics) [PSYoungGen: 65951K->0K(175104K)] [ParOldGen: 515992K->214527K(524288K)] 581944K->214527K(699392K), [Metaspace: 43531K->43531K(1085440K)], 0.0557882 secs] [Times: user=0.37 sys=0.02, real=0.06 secs] 
2016-09-25T22:18:52.979-0400: 44.130: [GC (GCLocker Initiated GC) [PSYoungGen: 88064K->75919K(175104K)] 302687K->290543K(699392K), 0.0146068 secs] [Times: user=0.20 sys=0.00, real=0.01 secs] 
2016-09-25T22:18:53.057-0400: 44.208: [GC (GCLocker Initiated GC) [PSYoungGen: 163983K->44327K(175104K)] 384100K->281833K(699392K), 0.0102651 secs] [Times: user=0.14 sys=0.01, real=0.01 secs] 
2016-09-25T22:18:53.133-0400: 44.284: [GC (GCLocker Initiated GC) [PSYoungGen: 132391K->75318K(175104K)] 372655K->317555K(699392K), 0.0058574 secs] [Times: user=0.09 sys=0.00, real=0.01 secs] 
2016-09-25T22:18:53.210-0400: 44.361: [GC (GCLocker Initiated GC) [PSYoungGen: 163382K->51142K(175104K)] 416610K->304893K(699392K), 0.0090869 secs] [Times: user=0.09 sys=0.00, real=0.01 secs] 
2016-09-25T22:18:53.292-0400: 44.443: [GC (GCLocker Initiated GC) [PSYoungGen: 139206K->57858K(175104K)] 400102K->319420K(699392K), 0.0081540 secs] [Times: user=0.11 sys=0.00, real=0.01 secs] 
2016-09-25T22:18:53.368-0400: 44.519: [GC (GCLocker Initiated GC) [PSYoungGen: 145922K->46735K(175104K)] 410319K->322514K(699392K), 0.0071244 secs] [Times: user=0.07 sys=0.01, real=0.01 secs] 
2016-09-25T22:18:53.422-0400: 44.573: [GC (GCLocker Initiated GC) [PSYoungGen: 134799K->55122K(175104K)] 415624K->347174K(699392K), 0.0073475 secs] [Times: user=0.08 sys=0.00, real=0.00 secs] 
2016-09-25T22:18:53.486-0400: 44.638: [GC (GCLocker Initiated GC) [PSYoungGen: 143186K->46896K(175104K)] 439570K->360099K(699392K), 0.0077950 secs] [Times: user=0.09 sys=0.01, real=0.01 secs] 
2016-09-25T22:18:53.558-0400: 44.709: [GC (GCLocker Initiated GC) [PSYoungGen: 134960K->46732K(135168K)] 456410K->370055K(659456K), 0.0095438 secs] [Times: user=0.09 sys=0.00, real=0.01 secs] 
2016-09-25T22:18:53.628-0400: 44.780: [GC (GCLocker Initiated GC) [PSYoungGen: 134796K->40355K(175104K)] 470365K->389896K(699392K), 0.0087540 secs] [Times: user=0.08 sys=0.00, real=0.01 secs] 
2016-09-25T22:18:53.694-0400: 44.846: [GC (GCLocker Initiated GC) [PSYoungGen: 128931K->61804K(174592K)] 488053K->421571K(698880K), 0.0061573 secs] [Times: user=0.09 sys=0.00, real=0.00 secs] 
2016-09-25T22:18:53.766-0400: 44.917: [GC (GCLocker Initiated GC) [PSYoungGen: 150380K->54996K(172032K)] 518460K->424988K(696320K), 0.0060252 secs] [Times: user=0.09 sys=0.00, real=0.00 secs] 
2016-09-25T22:18:53.871-0400: 45.022: [GC (GCLocker Initiated GC) [PSYoungGen: 145620K->76643K(173568K)] 518504K->451402K(697856K), 0.0561142 secs] [Times: user=0.15 sys=0.06, real=0.06 secs] 
2016-09-25T22:18:53.994-0400: 45.145: [GC (GCLocker Initiated GC) [PSYoungGen: 167267K->55057K(176640K)] 547484K->438513K(700928K), 0.0092545 secs] [Times: user=0.10 sys=0.01, real=0.02 secs] 
2016-09-25T22:18:54.101-0400: 45.252: [GC (GCLocker Initiated GC) [PSYoungGen: 144657K->59099K(148992K)] 533910K->450232K(673280K), 0.0661455 secs] [Times: user=0.33 sys=0.07, real=0.07 secs] 
2016-09-25T22:18:54.254-0400: 45.405: [GC (GCLocker Initiated GC) [PSYoungGen: 148699K->33190K(170496K)] 546680K->454647K(694784K), 0.0297181 secs] [Times: user=0.33 sys=0.02, real=0.04 secs] 
2016-09-25T22:18:54.363-0400: 45.514: [GC (GCLocker Initiated GC) [PSYoungGen: 120742K->22344K(172544K)] 550392K->467386K(696832K), 0.0150759 secs] [Times: user=0.18 sys=0.01, real=0.01 secs] 
2016-09-25T22:18:54.515-0400: 45.666: [GC (Allocation Failure) [PSYoungGen: 109896K->42861K(175616K)] 560568K->495332K(699904K), 1.7206173 secs] [Times: user=2.44 sys=0.65, real=1.72 secs] 
2016-09-25T22:18:56.337-0400: 47.488: [GC (GCLocker Initiated GC) [PSYoungGen: 131500K->63181K(175104K)] 586670K->518946K(699392K), 0.0279684 secs] [Times: user=0.47 sys=0.06, real=0.03 secs] 
2016-09-25T22:18:56.437-0400: 47.588: [GC (GCLocker Initiated GC) [PSYoungGen: 152781K->51001K(171520K)] 611324K->512869K(695808K), 0.0076196 secs] [Times: user=0.11 sys=0.01, real=0.01 secs] 
2016-09-25T22:18:56.516-0400: 47.667: [GC (GCLocker Initiated GC) [PSYoungGen: 141113K->57592K(173568K)] 605789K->522759K(697856K), 0.0113570 secs] [Times: user=0.11 sys=0.04, real=0.01 secs] 
2016-09-25T22:18:56.603-0400: 47.754: [GC (GCLocker Initiated GC) [PSYoungGen: 147704K->48144K(172544K)] 618342K->532838K(696832K), 0.0217838 secs] [Times: user=0.31 sys=0.06, real=0.02 secs] 
2016-09-25T22:18:56.695-0400: 47.846: [GC (GCLocker Initiated GC) [PSYoungGen: 144400K->50977K(176128K)] 629098K->555117K(700416K), 0.0099135 secs] [Times: user=0.16 sys=0.01, real=0.01 secs] 
2016-09-25T22:18:56.705-0400: 47.856: [Full GC (Ergonomics) [PSYoungGen: 50977K->0K(176128K)] [ParOldGen: 504140K->220166K(524288K)] 555117K->220166K(700416K), [Metaspace: 43535K->43535K(1085440K)], 0.0988329 secs] [Times: user=0.97 sys=0.10, real=0.10 secs] 
2016-09-25T22:18:56.864-0400: 48.015: [GC (GCLocker Initiated GC) [PSYoungGen: 96256K->73186K(173568K)] 316442K->293373K(697856K), 0.0074508 secs] [Times: user=0.12 sys=0.01, real=0.00 secs] 
2016-09-25T22:18:56.925-0400: 48.076: [GC (GCLocker Initiated GC) [PSYoungGen: 169442K->71340K(167936K)] 397844K->302239K(692224K), 0.0064354 secs] [Times: user=0.08 sys=0.01, real=0.00 secs] 
2016-09-25T22:18:56.986-0400: 48.137: [GC (GCLocker Initiated GC) [PSYoungGen: 167596K->71311K(174592K)] 399214K->314366K(698880K), 0.0067616 secs] [Times: user=0.10 sys=0.00, real=0.00 secs] 
2016-09-25T22:18:57.038-0400: 48.189: [GC (GCLocker Initiated GC) [PSYoungGen: 159375K->68466K(175104K)] 402469K->328334K(699392K), 0.0070021 secs] [Times: user=0.12 sys=0.00, real=0.01 secs] 
2016-09-25T22:18:57.104-0400: 48.255: [GC (GCLocker Initiated GC) [PSYoungGen: 156530K->61735K(175104K)] 421978K->329035K(699392K), 0.0061883 secs] [Times: user=0.07 sys=0.00, real=0.00 secs] 
2016-09-25T22:18:57.160-0400: 48.311: [GC (GCLocker Initiated GC) [PSYoungGen: 149799K->55020K(143360K)] 424038K->341970K(667648K), 0.0062360 secs] [Times: user=0.08 sys=0.00, real=0.01 secs] 
2016-09-25T22:18:57.226-0400: 48.378: [GC (GCLocker Initiated GC) [PSYoungGen: 143084K->44055K(174592K)] 430037K->355921K(698880K), 0.0072034 secs] [Times: user=0.07 sys=0.00, real=0.00 secs] 
2016-09-25T22:18:57.299-0400: 48.450: [GC (GCLocker Initiated GC) [PSYoungGen: 132631K->67428K(174080K)] 450037K->385241K(698368K), 0.0064698 secs] [Times: user=0.07 sys=0.01, real=0.01 secs] 
2016-09-25T22:18:57.370-0400: 48.521: [GC (GCLocker Initiated GC) [PSYoungGen: 156004K->61837K(174592K)] 477909K->395294K(698880K), 0.0071545 secs] [Times: user=0.08 sys=0.00, real=0.01 secs] 
2016-09-25T22:18:57.448-0400: 48.599: [GC (GCLocker Initiated GC) [PSYoungGen: 151949K->57756K(175104K)] 490955K->405444K(699392K), 0.0073643 secs] [Times: user=0.04 sys=0.01, real=0.01 secs] 
2016-09-25T22:18:57.521-0400: 48.672: [GC (GCLocker Initiated GC) [PSYoungGen: 147868K->34710K(173056K)] 501064K->404649K(697344K), 0.0099571 secs] [Times: user=0.07 sys=0.00, real=0.01 secs] 
2016-09-25T22:18:57.593-0400: 48.744: [GC (GCLocker Initiated GC) [PSYoungGen: 125334K->53787K(175104K)] 503460K->451404K(699392K), 0.0060867 secs] [Times: user=0.07 sys=0.00, real=0.01 secs] 
2016-09-25T22:18:57.669-0400: 48.820: [GC (GCLocker Initiated GC) [PSYoungGen: 144411K->57818K(174080K)] 547581K->469793K(698368K), 0.0057905 secs] [Times: user=0.06 sys=0.00, real=0.01 secs] 
2016-09-25T22:18:57.739-0400: 48.891: [GC (GCLocker Initiated GC) [PSYoungGen: 153562K->59137K(175616K)] 571034K->496116K(699904K), 0.0106670 secs] [Times: user=0.08 sys=0.01, real=0.01 secs] 
2016-09-25T22:18:57.810-0400: 48.961: [GC (GCLocker Initiated GC) [PSYoungGen: 154881K->73956K(175104K)] 591953K->514303K(699392K), 0.0114802 secs] [Times: user=0.09 sys=0.00, real=0.01 secs] 
2016-09-25T22:18:57.877-0400: 49.028: [GC (GCLocker Initiated GC) [PSYoungGen: 170212K->72638K(168960K)] 610784K->527326K(693248K), 0.0088578 secs] [Times: user=0.06 sys=0.02, real=0.01 secs] 
2016-09-25T22:18:57.945-0400: 49.096: [GC (GCLocker Initiated GC) [PSYoungGen: 168894K->55236K(178176K)] 629231K->524305K(702464K), 0.0058592 secs] [Times: user=0.06 sys=0.00, real=0.00 secs] 
2016-09-25T22:18:58.008-0400: 49.160: [GC (GCLocker Initiated GC) [PSYoungGen: 147396K->56620K(148992K)] 624630K->534439K(673280K), 0.0088487 secs] [Times: user=0.05 sys=0.00, real=0.01 secs] 
2016-09-25T22:18:58.078-0400: 49.229: [GC (GCLocker Initiated GC) [PSYoungGen: 148780K->74055K(170496K)] 632067K->557976K(694784K), 0.0091675 secs] [Times: user=0.12 sys=0.01, real=0.01 secs] 
2016-09-25T22:18:58.146-0400: 49.297: [GC (GCLocker Initiated GC) [PSYoungGen: 162631K->64479K(174080K)] 652052K->554527K(698368K), 0.0096597 secs] [Times: user=0.08 sys=0.00, real=0.01 secs] 
2016-09-25T22:18:58.214-0400: 49.366: [GC (GCLocker Initiated GC) [PSYoungGen: 153055K->57744K(171520K)] 648677K->575603K(695808K), 0.0068558 secs] [Times: user=0.08 sys=0.00, real=0.00 secs] 
2016-09-25T22:18:58.221-0400: 49.373: [Full GC (Ergonomics) [PSYoungGen: 57744K->0K(171520K)] [ParOldGen: 517858K->241910K(524288K)] 575603K->241910K(695808K), [Metaspace: 43541K->43541K(1085440K)], 0.0967942 secs] [Times: user=0.55 sys=0.03, real=0.10 secs] 
2016-09-25T22:18:58.401-0400: 49.552: [GC (GCLocker Initiated GC) [PSYoungGen: 92160K->61156K(174592K)] 343538K->312534K(698880K), 0.0110680 secs] [Times: user=0.16 sys=0.00, real=0.01 secs] 
2016-09-25T22:18:58.469-0400: 49.620: [GC (GCLocker Initiated GC) [PSYoungGen: 153316K->77976K(173056K)] 404767K->330660K(697344K), 0.0061654 secs] [Times: user=0.09 sys=0.00, real=0.01 secs] 
2016-09-25T22:18:58.539-0400: 49.690: [GC (GCLocker Initiated GC) [PSYoungGen: 170136K->75457K(167936K)] 428448K->335625K(692224K), 0.0104225 secs] [Times: user=0.14 sys=0.00, real=0.01 secs] 
2016-09-25T22:18:58.621-0400: 49.772: [GC (GCLocker Initiated GC) [PSYoungGen: 167617K->56391K(175616K)] 427985K->335004K(699904K), 0.0070358 secs] [Times: user=0.08 sys=0.00, real=0.01 secs] 
2016-09-25T22:18:58.693-0400: 49.844: [GC (GCLocker Initiated GC) [PSYoungGen: 144967K->52329K(141312K)] 429078K->351818K(665600K), 0.0061220 secs] [Times: user=0.06 sys=0.00, real=0.01 secs] 
2016-09-25T22:18:58.768-0400: 49.919: [GC (GCLocker Initiated GC) [PSYoungGen: 140905K->44279K(174080K)] 441757K->353828K(698368K), 0.0069058 secs] [Times: user=0.05 sys=0.01, real=0.01 secs] 
2016-09-25T22:18:58.826-0400: 49.977: [GC (GCLocker Initiated GC) [PSYoungGen: 132343K->65894K(174592K)] 443191K->377363K(698880K), 0.0146181 secs] [Times: user=0.19 sys=0.01, real=0.01 secs] 
2016-09-25T22:18:58.898-0400: 50.049: [GC (GCLocker Initiated GC) [PSYoungGen: 153958K->57660K(171520K)] 470882K->385954K(695808K), 0.0061056 secs] [Times: user=0.08 sys=0.00, real=0.01 secs] 
2016-09-25T22:18:58.961-0400: 50.112: [GC (GCLocker Initiated GC) [PSYoungGen: 147260K->65941K(173568K)] 481204K->413857K(697856K), 0.0066343 secs] [Times: user=0.08 sys=0.00, real=0.01 secs] 
2016-09-25T22:18:59.036-0400: 50.187: [GC (GCLocker Initiated GC) [PSYoungGen: 155541K->45596K(178176K)] 508892K->410352K(702464K), 0.0106651 secs] [Times: user=0.09 sys=0.01, real=0.01 secs] 
2016-09-25T22:18:59.109-0400: 50.260: [GC (GCLocker Initiated GC) [PSYoungGen: 139804K->76711K(171008K)] 504790K->453103K(695296K), 0.0109571 secs] [Times: user=0.15 sys=0.00, real=0.01 secs] 
2016-09-25T22:18:59.187-0400: 50.338: [GC (GCLocker Initiated GC) [PSYoungGen: 170919K->63162K(176128K)] 547411K->456453K(700416K), 0.0067737 secs] [Times: user=0.09 sys=0.00, real=0.00 secs] 
2016-09-25T22:18:59.246-0400: 50.398: [GC (GCLocker Initiated GC) [PSYoungGen: 152250K->65864K(155136K)] 548490K->478925K(679424K), 0.0068191 secs] [Times: user=0.10 sys=0.00, real=0.00 secs] 
2016-09-25T22:18:59.307-0400: 50.458: [GC (GCLocker Initiated GC) [PSYoungGen: 154952K->71264K(173568K)] 568095K->484999K(697856K), 0.0080281 secs] [Times: user=0.11 sys=0.00, real=0.01 secs] 
2016-09-25T22:18:59.390-0400: 50.541: [GC (GCLocker Initiated GC) [PSYoungGen: 159328K->55128K(174592K)] 578697K->502109K(698880K), 0.0087451 secs] [Times: user=0.14 sys=0.00, real=0.01 secs] 
2016-09-25T22:18:59.461-0400: 50.612: [GC (GCLocker Initiated GC) [PSYoungGen: 143192K->59296K(171520K)] 596916K->513628K(695808K), 0.0083618 secs] [Times: user=0.10 sys=0.00, real=0.01 secs] 
2016-09-25T22:18:59.533-0400: 50.684: [GC (GCLocker Initiated GC) [PSYoungGen: 149408K->52366K(173568K)] 611887K->518202K(697856K), 0.0069060 secs] [Times: user=0.06 sys=0.00, real=0.01 secs] 
2016-09-25T22:18:59.606-0400: 50.757: [GC (GCLocker Initiated GC) [PSYoungGen: 142478K->61811K(175104K)] 613792K->545852K(699392K), 0.0096634 secs] [Times: user=0.12 sys=0.01, real=0.01 secs] 
2016-09-25T22:18:59.682-0400: 50.833: [GC (GCLocker Initiated GC) [PSYoungGen: 157555K->71432K(177152K)] 648377K->568202K(701440K), 0.0101821 secs] [Times: user=0.15 sys=0.01, real=0.00 secs] 
2016-09-25T22:18:59.693-0400: 50.844: [Full GC (Ergonomics) [PSYoungGen: 71432K->0K(177152K)] [ParOldGen: 496770K->221571K(524288K)] 568202K->221571K(701440K), [Metaspace: 43543K->43543K(1085440K)], 0.1596119 secs] [Times: user=1.92 sys=0.02, real=0.16 secs] 
2016-09-25T22:18:59.921-0400: 51.072: [GC (GCLocker Initiated GC) [PSYoungGen: 95744K->79874K(171008K)] 317483K->301613K(695296K), 0.0120619 secs] [Times: user=0.16 sys=0.01, real=0.01 secs] 
2016-09-25T22:18:59.988-0400: 51.139: [GC (GCLocker Initiated GC) [PSYoungGen: 167938K->72649K(175104K)] 389827K->296934K(699392K), 0.0088087 secs] [Times: user=0.14 sys=0.00, real=0.01 secs] 
2016-09-25T22:19:00.051-0400: 51.202: [GC (GCLocker Initiated GC) [PSYoungGen: 160713K->69997K(175104K)] 387867K->313953K(699392K), 0.0097112 secs] [Times: user=0.13 sys=0.00, real=0.01 secs] 
2016-09-25T22:19:00.117-0400: 51.269: [GC (GCLocker Initiated GC) [PSYoungGen: 158061K->82067K(175104K)] 404902K->334887K(699392K), 0.0075924 secs] [Times: user=0.11 sys=0.02, real=0.01 secs] 
2016-09-25T22:19:00.182-0400: 51.333: [GC (GCLocker Initiated GC) [PSYoungGen: 170131K->68706K(175104K)] 427199K->337072K(699392K), 0.0097001 secs] [Times: user=0.09 sys=0.00, real=0.01 secs] 
2016-09-25T22:19:00.245-0400: 51.396: [GC (GCLocker Initiated GC) [PSYoungGen: 156770K->72504K(175104K)] 427855K->344114K(699392K), 0.0091992 secs] [Times: user=0.08 sys=0.00, real=0.01 secs] 
2016-09-25T22:19:00.320-0400: 51.472: [GC (GCLocker Initiated GC) [PSYoungGen: 160568K->71269K(175104K)] 434929K->346120K(699392K), 0.0082298 secs] [Times: user=0.11 sys=0.00, real=0.01 secs] 
2016-09-25T22:19:00.401-0400: 51.553: [GC (GCLocker Initiated GC) [PSYoungGen: 159333K->68570K(175104K)] 443697K->353482K(699392K), 0.0102598 secs] [Times: user=0.16 sys=0.00, real=0.01 secs] 
2016-09-25T22:19:00.455-0400: 51.606: [GC (GCLocker Initiated GC) [PSYoungGen: 156634K->68570K(172032K)] 444315K->364925K(696320K), 0.0117381 secs] [Times: user=0.13 sys=0.00, real=0.01 secs] 
2016-09-25T22:19:00.524-0400: 51.675: [GC (GCLocker Initiated GC) [PSYoungGen: 156634K->49606K(173568K)] 457029K->380251K(697856K), 0.0095486 secs] [Times: user=0.12 sys=0.00, real=0.00 secs] 
2016-09-25T22:19:00.613-0400: 51.764: [GC (Allocation Failure) [PSYoungGen: 137670K->54739K(175104K)] 474084K->391679K(699392K), 0.0103128 secs] [Times: user=0.09 sys=0.00, real=0.02 secs] 
2016-09-25T22:19:00.626-0400: 51.777: [GC (GCLocker Initiated GC) [PSYoungGen: 55239K->320K(175104K)] 392179K->403989K(699392K), 0.0099863 secs] [Times: user=0.10 sys=0.00, real=0.01 secs] 
2016-09-25T22:19:00.691-0400: 51.842: [GC (GCLocker Initiated GC) [PSYoungGen: 88384K->66319K(175104K)] 494753K->472705K(699392K), 0.0100107 secs] [Times: user=0.09 sys=0.01, real=0.01 secs] 
2016-09-25T22:19:00.760-0400: 51.911: [GC (GCLocker Initiated GC) [PSYoungGen: 154383K->64438K(175104K)] 566200K->486784K(699392K), 0.0092623 secs] [Times: user=0.11 sys=0.00, real=0.01 secs] 
2016-09-25T22:19:00.865-0400: 52.016: [GC (GCLocker Initiated GC) [PSYoungGen: 152502K->64624K(175104K)] 577631K->490252K(699392K), 0.0066148 secs] [Times: user=0.08 sys=0.02, real=0.00 secs] 
2016-09-25T22:19:00.921-0400: 52.072: [GC (GCLocker Initiated GC) [PSYoungGen: 152688K->61753K(175104K)] 578430K->506971K(699392K), 0.0074833 secs] [Times: user=0.10 sys=0.00, real=0.01 secs] 
2016-09-25T22:19:00.996-0400: 52.147: [GC (GCLocker Initiated GC) [PSYoungGen: 149817K->75291K(175104K)] 597838K->523794K(699392K), 0.0105260 secs] [Times: user=0.13 sys=0.00, real=0.01 secs] 
2016-09-25T22:19:01.091-0400: 52.242: [GC (GCLocker Initiated GC) [PSYoungGen: 163355K->53594K(175104K)] 617403K->517652K(699392K), 0.0064163 secs] [Times: user=0.07 sys=0.00, real=0.01 secs] 
2016-09-25T22:19:01.153-0400: 52.304: [GC (GCLocker Initiated GC) [PSYoungGen: 141658K->57709K(175104K)] 609803K->539898K(699392K), 0.0104582 secs] [Times: user=0.12 sys=0.00, real=0.02 secs] 
2016-09-25T22:19:01.258-0400: 52.409: [Full GC (Ergonomics) [PSYoungGen: 145773K->0K(175104K)] [ParOldGen: 491667K->224917K(524288K)] 637441K->224917K(699392K), [Metaspace: 43545K->43545K(1085440K)], 0.0590250 secs] [Times: user=0.30 sys=0.01, real=0.06 secs] 
2016-09-25T22:19:01.389-0400: 52.540: [GC (GCLocker Initiated GC) [PSYoungGen: 88064K->64928K(175104K)] 314599K->291463K(699392K), 0.0102076 secs] [Times: user=0.12 sys=0.01, real=0.01 secs] 
2016-09-25T22:19:01.469-0400: 52.620: [GC (GCLocker Initiated GC) [PSYoungGen: 152992K->56351K(171008K)] 379634K->313747K(695296K), 0.0079667 secs] [Times: user=0.08 sys=0.00, real=0.01 secs] 
2016-09-25T22:19:01.520-0400: 52.671: [GC (GCLocker Initiated GC) [PSYoungGen: 144415K->64521K(173056K)] 405544K->336902K(697344K), 0.0068828 secs] [Times: user=0.08 sys=0.00, real=0.01 secs] 
2016-09-25T22:19:01.585-0400: 52.736: [GC (GCLocker Initiated GC) [PSYoungGen: 152585K->68534K(177152K)] 432075K->348606K(701440K), 0.0080430 secs] [Times: user=0.12 sys=0.00, real=0.00 secs] 
2016-09-25T22:19:01.676-0400: 52.827: [GC (GCLocker Initiated GC) [PSYoungGen: 161718K->71321K(164864K)] 445956K->356040K(689152K), 0.0126907 secs] [Times: user=0.15 sys=0.01, real=0.01 secs] 
2016-09-25T22:19:01.738-0400: 52.889: [GC (GCLocker Initiated GC) [PSYoungGen: 164505K->69938K(176128K)] 452065K->368883K(700416K), 0.0119571 secs] [Times: user=0.16 sys=0.00, real=0.01 secs] 
2016-09-25T22:19:01.798-0400: 52.949: [GC (GCLocker Initiated GC) [PSYoungGen: 160050K->57752K(147968K)] 464556K->373633K(672256K), 0.0232282 secs] [Times: user=0.33 sys=0.00, real=0.02 secs] 
2016-09-25T22:19:01.900-0400: 53.051: [GC (GCLocker Initiated GC) [PSYoungGen: 147864K->68602K(175104K)] 463845K->401387K(699392K), 0.0111941 secs] [Times: user=0.13 sys=0.01, real=0.01 secs] 
2016-09-25T22:19:01.956-0400: 53.107: [GC (GCLocker Initiated GC) [PSYoungGen: 158714K->75276K(175104K)] 494445K->422372K(699392K), 0.0071326 secs] [Times: user=0.11 sys=0.00, real=0.01 secs] 
2016-09-25T22:19:02.030-0400: 53.181: [GC (GCLocker Initiated GC) [PSYoungGen: 165386K->53736K(175616K)] 522356K->432796K(699904K), 0.0063153 secs] [Times: user=0.09 sys=0.00, real=0.01 secs] 
2016-09-25T22:19:02.102-0400: 53.253: [GC (GCLocker Initiated GC) [PSYoungGen: 142312K->64441K(153088K)] 532351K->455022K(677376K), 0.0058587 secs] [Times: user=0.05 sys=0.01, real=0.01 secs] 
2016-09-25T22:19:02.171-0400: 53.322: [GC (GCLocker Initiated GC) [PSYoungGen: 153017K->55079K(174592K)] 553248K->472061K(698880K), 0.0061907 secs] [Times: user=0.07 sys=0.00, real=0.01 secs] 
2016-09-25T22:19:02.241-0400: 53.392: [GC (GCLocker Initiated GC) [PSYoungGen: 144679K->71346K(173568K)] 572591K->499880K(697856K), 0.0067913 secs] [Times: user=0.08 sys=0.00, real=0.01 secs] 
2016-09-25T22:19:02.308-0400: 53.459: [GC (GCLocker Initiated GC) [PSYoungGen: 160946K->57899K(177152K)] 595726K->512189K(701440K), 0.0120523 secs] [Times: user=0.17 sys=0.00, real=0.01 secs] 
2016-09-25T22:19:02.392-0400: 53.543: [GC (GCLocker Initiated GC) [PSYoungGen: 151083K->65905K(177152K)] 616415K->531867K(701440K), 0.0074229 secs] [Times: user=0.07 sys=0.01, real=0.01 secs] 
2016-09-25T22:19:02.477-0400: 53.628: [GC (GCLocker Initiated GC) [PSYoungGen: 159089K->44310K(175616K)] 629628K->515506K(699904K), 0.0082326 secs] [Times: user=0.11 sys=0.00, real=0.01 secs] 
2016-09-25T22:19:02.548-0400: 53.699: [GC (GCLocker Initiated GC) [PSYoungGen: 136982K->54872K(177152K)] 616332K->548272K(701440K), 0.0185727 secs] [Times: user=0.20 sys=0.01, real=0.02 secs] 
2016-09-25T22:19:02.567-0400: 53.718: [Full GC (Ergonomics) [PSYoungGen: 54872K->0K(177152K)] [ParOldGen: 493399K->238713K(524288K)] 548272K->238713K(701440K), [Metaspace: 43545K->43545K(1085440K)], 0.0652968 secs] [Times: user=0.39 sys=0.02, real=0.06 secs] 
2016-09-25T22:19:02.693-0400: 53.844: [GC (GCLocker Initiated GC) [PSYoungGen: 92672K->71845K(175104K)] 331554K->310727K(699392K), 0.0102531 secs] [Times: user=0.15 sys=0.00, real=0.02 secs] 
2016-09-25T22:19:02.758-0400: 53.909: [GC (GCLocker Initiated GC) [PSYoungGen: 164005K->83494K(176128K)] 405755K->331769K(700416K), 0.0090815 secs] [Times: user=0.14 sys=0.01, real=0.01 secs] 
2016-09-25T22:19:02.816-0400: 53.967: [GC (GCLocker Initiated GC) [PSYoungGen: 175654K->71291K(174080K)] 423992K->322937K(698368K), 0.0100206 secs] [Times: user=0.12 sys=0.00, real=0.01 secs] 
2016-09-25T22:19:02.884-0400: 54.035: [GC (GCLocker Initiated GC) [PSYoungGen: 159355K->71334K(175104K)] 411254K->358976K(699392K), 0.0088786 secs] [Times: user=0.13 sys=0.01, real=0.00 secs] 
2016-09-25T22:19:02.962-0400: 54.114: [GC (GCLocker Initiated GC) [PSYoungGen: 159398K->64525K(175104K)] 449871K->378602K(699392K), 0.0071989 secs] [Times: user=0.10 sys=0.00, real=0.00 secs] 
2016-09-25T22:19:03.028-0400: 54.180: [GC (GCLocker Initiated GC) [PSYoungGen: 152589K->66004K(154112K)] 473527K->387465K(678400K), 0.0058786 secs] [Times: user=0.08 sys=0.00, real=0.01 secs] 
2016-09-25T22:19:03.096-0400: 54.247: [GC (GCLocker Initiated GC) [PSYoungGen: 154068K->66082K(175616K)] 481152K->404650K(699904K), 0.0114212 secs] [Times: user=0.14 sys=0.01, real=0.01 secs] 
2016-09-25T22:19:03.169-0400: 54.320: [GC (GCLocker Initiated GC) [PSYoungGen: 155682K->52506K(174080K)] 501141K->414851K(698368K), 0.0084151 secs] [Times: user=0.13 sys=0.00, real=0.01 secs] 
2016-09-25T22:19:03.237-0400: 54.388: [GC (GCLocker Initiated GC) [PSYoungGen: 142106K->49703K(176640K)] 510013K->419645K(700928K), 0.0083150 secs] [Times: user=0.09 sys=0.00, real=0.01 secs] 
2016-09-25T22:19:03.305-0400: 54.456: [GC (GCLocker Initiated GC) [PSYoungGen: 141351K->59233K(151040K)] 516722K->441953K(675328K), 0.0094023 secs] [Times: user=0.11 sys=0.01, real=0.01 secs] 
2016-09-25T22:19:03.383-0400: 54.534: [GC (GCLocker Initiated GC) [PSYoungGen: 150881K->54010K(176128K)] 537653K->452293K(700416K), 0.0112986 secs] [Times: user=0.12 sys=0.00, real=0.00 secs] 
2016-09-25T22:19:03.461-0400: 54.612: [GC (GCLocker Initiated GC) [PSYoungGen: 146682K->79471K(172544K)] 550436K->485434K(696832K), 0.0068995 secs] [Times: user=0.09 sys=0.00, real=0.01 secs] 
2016-09-25T22:19:03.533-0400: 54.684: [GC (GCLocker Initiated GC) [PSYoungGen: 172143K->78165K(175104K)] 578250K->487575K(699392K), 0.0070544 secs] [Times: user=0.10 sys=0.00, real=0.01 secs] 
2016-09-25T22:19:03.595-0400: 54.746: [GC (GCLocker Initiated GC) [PSYoungGen: 166229K->61919K(175104K)] 578525K->491102K(699392K), 0.0061080 secs] [Times: user=0.09 sys=0.01, real=0.00 secs] 
2016-09-25T22:19:03.666-0400: 54.817: [GC (GCLocker Initiated GC) [PSYoungGen: 149983K->73982K(175104K)] 579183K->505212K(699392K), 0.0087201 secs] [Times: user=0.12 sys=0.00, real=0.01 secs] 
2016-09-25T22:19:03.734-0400: 54.885: [GC (GCLocker Initiated GC) [PSYoungGen: 162046K->55030K(175104K)] 600090K->493627K(699392K), 0.0072991 secs] [Times: user=0.08 sys=0.00, real=0.01 secs] 
2016-09-25T22:19:03.797-0400: 54.948: [GC (GCLocker Initiated GC) [PSYoungGen: 141011K->56432K(175104K)] 585008K->511907K(699392K), 0.0096075 secs] [Times: user=0.12 sys=0.00, real=0.01 secs] 
2016-09-25T22:19:03.866-0400: 55.017: [GC (GCLocker Initiated GC) [PSYoungGen: 144496K->63249K(151552K)] 609495K->528882K(675840K), 0.0090957 secs] [Times: user=0.07 sys=0.01, real=0.01 secs] 
2016-09-25T22:19:03.935-0400: 55.086: [GC (GCLocker Initiated GC) [PSYoungGen: 151313K->76688K(172032K)] 622436K->549870K(696320K), 0.0089644 secs] [Times: user=0.08 sys=0.02, real=0.01 secs] 
2016-09-25T22:19:04.006-0400: 55.157: [GC (GCLocker Initiated GC) [PSYoungGen: 163216K->46805K(173568K)] 636595K->532919K(697856K), 0.0082469 secs] [Times: user=0.06 sys=0.00, real=0.01 secs] 
2016-09-25T22:19:04.060-0400: 55.211: [GC (GCLocker Initiated GC) [PSYoungGen: 133333K->66034K(175104K)] 625049K->558303K(699392K), 0.0092907 secs] [Times: user=0.07 sys=0.01, real=0.01 secs] 
2016-09-25T22:19:04.128-0400: 55.279: [GC (GCLocker Initiated GC) [PSYoungGen: 154098K->65940K(154112K)] 646819K->570271K(678400K), 0.0099098 secs] [Times: user=0.11 sys=0.00, real=0.01 secs] 
2016-09-25T22:19:04.138-0400: 55.289: [Full GC (Ergonomics) [PSYoungGen: 65940K->0K(154112K)] [ParOldGen: 504330K->252725K(524288K)] 570271K->252725K(678400K), [Metaspace: 43553K->43553K(1085440K)], 0.0613151 secs] [Times: user=0.41 sys=0.01, real=0.06 secs] 
2016-09-25T22:19:04.260-0400: 55.411: [GC (GCLocker Initiated GC) [PSYoungGen: 88064K->68929K(174080K)] 349216K->330082K(698368K), 0.0081809 secs] [Times: user=0.13 sys=0.00, real=0.01 secs] 
2016-09-25T22:19:04.333-0400: 55.484: [GC (GCLocker Initiated GC) [PSYoungGen: 156993K->75287K(174080K)] 421039K->344260K(698368K), 0.0097617 secs] [Times: user=0.11 sys=0.00, real=0.02 secs] 
2016-09-25T22:19:04.404-0400: 55.556: [GC (GCLocker Initiated GC) [PSYoungGen: 163351K->60446K(175616K)] 432543K->345045K(699904K), 0.0145183 secs] [Times: user=0.20 sys=0.00, real=0.01 secs] 
2016-09-25T22:19:04.474-0400: 55.625: [GC (GCLocker Initiated GC) [PSYoungGen: 149022K->68613K(157696K)] 433875K->368898K(681984K), 0.0064795 secs] [Times: user=0.09 sys=0.00, real=0.01 secs] 
2016-09-25T22:19:04.546-0400: 55.697: [GC (GCLocker Initiated GC) [PSYoungGen: 157189K->69963K(174080K)] 463122K->387337K(698368K), 0.0095563 secs] [Times: user=0.10 sys=0.00, real=0.01 secs] 
2016-09-25T22:19:04.610-0400: 55.761: [GC (GCLocker Initiated GC) [PSYoungGen: 158539K->80751K(174080K)] 480204K->403041K(698368K), 0.0112727 secs] [Times: user=0.14 sys=0.00, real=0.01 secs] 
2016-09-25T22:19:04.679-0400: 55.830: [GC (GCLocker Initiated GC) [PSYoungGen: 169327K->52233K(175104K)] 497143K->383329K(699392K), 0.0165832 secs] [Times: user=0.14 sys=0.00, real=0.02 secs] 
2016-09-25T22:19:04.749-0400: 55.900: [GC (GCLocker Initiated GC) [PSYoungGen: 140297K->68532K(175104K)] 471552K->411216K(699392K), 0.0066046 secs] [Times: user=0.08 sys=0.00, real=0.01 secs] 
2016-09-25T22:19:04.813-0400: 55.964: [GC (GCLocker Initiated GC) [PSYoungGen: 156596K->83423K(175104K)] 504839K->432194K(699392K), 0.0106963 secs] [Times: user=0.12 sys=0.00, real=0.02 secs] 
2016-09-25T22:19:04.900-0400: 56.051: [GC (GCLocker Initiated GC) [PSYoungGen: 171487K->38780K(175104K)] 521823K->403225K(699392K), 0.0062533 secs] [Times: user=0.06 sys=0.00, real=0.01 secs] 
2016-09-25T22:19:04.955-0400: 56.106: [GC (GCLocker Initiated GC) [PSYoungGen: 126844K->35754K(175104K)] 498453K->415963K(699392K), 0.0071990 secs] [Times: user=0.05 sys=0.00, real=0.01 secs] 
2016-09-25T22:19:05.014-0400: 56.165: [GC (GCLocker Initiated GC) [PSYoungGen: 123818K->63147K(175104K)] 504080K->454672K(699392K), 0.0087838 secs] [Times: user=0.12 sys=0.00, real=0.02 secs] 
2016-09-25T22:19:05.069-0400: 56.220: [GC (GCLocker Initiated GC) [PSYoungGen: 151211K->68614K(175104K)] 542756K->474194K(699392K), 0.0087286 secs] [Times: user=0.11 sys=0.00, real=0.01 secs] 
2016-09-25T22:19:05.150-0400: 56.301: [GC (GCLocker Initiated GC) [PSYoungGen: 156678K->76913K(175104K)] 569090K->489935K(699392K), 0.0118195 secs] [Times: user=0.17 sys=0.00, real=0.01 secs] 
2016-09-25T22:19:05.212-0400: 56.364: [GC (GCLocker Initiated GC) [PSYoungGen: 164977K->48244K(175104K)] 588933K->503983K(699392K), 0.0066680 secs] [Times: user=0.08 sys=0.00, real=0.01 secs] 
2016-09-25T22:19:05.268-0400: 56.419: [GC (GCLocker Initiated GC) [PSYoungGen: 136308K->70146K(175104K)] 599046K->534764K(699392K), 0.0065758 secs] [Times: user=0.08 sys=0.01, real=0.01 secs] 
2016-09-25T22:19:05.349-0400: 56.500: [GC (GCLocker Initiated GC) [PSYoungGen: 158210K->67254K(175104K)] 630950K->552842K(699392K), 0.0093780 secs] [Times: user=0.13 sys=0.00, real=0.01 secs] 
2016-09-25T22:19:05.437-0400: 56.588: [GC (GCLocker Initiated GC) [PSYoungGen: 155318K->65745K(175104K)] 641129K->567017K(699392K), 0.0070743 secs] [Times: user=0.08 sys=0.00, real=0.01 secs] 
2016-09-25T22:19:05.444-0400: 56.596: [Full GC (Ergonomics) [PSYoungGen: 65745K->0K(175104K)] [ParOldGen: 501272K->260310K(524288K)] 567017K->260310K(699392K), [Metaspace: 43553K->43553K(1085440K)], 0.0529433 secs] [Times: user=0.47 sys=0.00, real=0.05 secs] 
2016-09-25T22:19:05.575-0400: 56.726: [GC (GCLocker Initiated GC) [PSYoungGen: 88064K->75870K(175104K)] 353832K->341639K(699392K), 0.0081247 secs] [Times: user=0.12 sys=0.00, real=0.01 secs] 
2016-09-25T22:19:05.667-0400: 56.818: [GC (GCLocker Initiated GC) [PSYoungGen: 163934K->48103K(175104K)] 437841K->337992K(699392K), 0.0245226 secs] [Times: user=0.29 sys=0.00, real=0.02 secs] 
2016-09-25T22:19:05.737-0400: 56.889: [GC (GCLocker Initiated GC) [PSYoungGen: 136167K->71120K(175104K)] 429292K->366176K(699392K), 0.0108630 secs] [Times: user=0.13 sys=0.00, real=0.01 secs] 
2016-09-25T22:19:05.833-0400: 56.984: [GC (GCLocker Initiated GC) [PSYoungGen: 159184K->67069K(175104K)] 462469K->372127K(699392K), 0.0072649 secs] [Times: user=0.11 sys=0.00, real=0.01 secs] 
2016-09-25T22:19:05.911-0400: 57.062: [GC (GCLocker Initiated GC) [PSYoungGen: 155133K->63151K(175104K)] 465736K->382301K(699392K), 0.0225947 secs] [Times: user=0.28 sys=0.00, real=0.02 secs] 
2016-09-25T22:19:06.007-0400: 57.159: [GC (GCLocker Initiated GC) [PSYoungGen: 151215K->59064K(175104K)] 474466K->399070K(699392K), 0.0130071 secs] [Times: user=0.18 sys=0.00, real=0.01 secs] 
2016-09-25T22:19:06.084-0400: 57.235: [GC (GCLocker Initiated GC) [PSYoungGen: 147128K->65719K(172032K)] 495306K->414391K(696320K), 0.0077611 secs] [Times: user=0.06 sys=0.00, real=0.00 secs] 
2016-09-25T22:19:06.166-0400: 57.317: [GC (GCLocker Initiated GC) [PSYoungGen: 153783K->36093K(173568K)] 514718K->417837K(697856K), 0.0151447 secs] [Times: user=0.22 sys=0.00, real=0.01 secs] 
2016-09-25T22:19:06.265-0400: 57.416: [GC (GCLocker Initiated GC) [PSYoungGen: 124157K->56334K(175616K)] 511385K->454875K(699904K), 0.0075712 secs] [Times: user=0.09 sys=0.00, real=0.00 secs] 
2016-09-25T22:19:06.325-0400: 57.476: [GC (GCLocker Initiated GC) [PSYoungGen: 145422K->86014K(175104K)] 546844K->487980K(699392K), 0.0078918 secs] [Times: user=0.10 sys=0.01, real=0.00 secs] 
2016-09-25T22:19:06.427-0400: 57.578: [GC (GCLocker Initiated GC) [PSYoungGen: 175102K->54998K(175104K)] 581478K->461914K(699392K), 0.0104188 secs] [Times: user=0.13 sys=0.00, real=0.01 secs] 
2016-09-25T22:19:06.506-0400: 57.658: [GC (GCLocker Initiated GC) [PSYoungGen: 143062K->53494K(175104K)] 550031K->463688K(699392K), 0.0078868 secs] [Times: user=0.07 sys=0.00, real=0.01 secs] 
2016-09-25T22:19:06.563-0400: 57.714: [GC (GCLocker Initiated GC) [PSYoungGen: 141558K->42657K(175104K)] 551803K->472175K(699392K), 0.0078565 secs] [Times: user=0.06 sys=0.01, real=0.00 secs] 
2016-09-25T22:19:06.650-0400: 57.801: [GC (GCLocker Initiated GC) [PSYoungGen: 130721K->63171K(175104K)] 565839K->500078K(699392K), 0.0136044 secs] [Times: user=0.11 sys=0.01, real=0.02 secs] 
2016-09-25T22:19:06.728-0400: 57.880: [GC (GCLocker Initiated GC) [PSYoungGen: 151235K->50895K(175104K)] 590923K->491038K(699392K), 0.0110553 secs] [Times: user=0.06 sys=0.00, real=0.01 secs] 
2016-09-25T22:19:06.798-0400: 57.949: [GC (GCLocker Initiated GC) [PSYoungGen: 138959K->37144K(175104K)] 587290K->496700K(699392K), 0.0371789 secs] [Times: user=0.20 sys=0.00, real=0.04 secs] 
2016-09-25T22:19:06.909-0400: 58.061: [GC (GCLocker Initiated GC) [PSYoungGen: 125208K->38799K(175104K)] 600043K->527580K(699392K), 0.0113664 secs] [Times: user=0.12 sys=0.00, real=0.01 secs] 
2016-09-25T22:19:06.996-0400: 58.147: [GC (GCLocker Initiated GC) [PSYoungGen: 126863K->72456K(175104K)] 618584K->564713K(699392K), 0.0085890 secs] [Times: user=0.11 sys=0.01, real=0.01 secs] 
2016-09-25T22:19:07.066-0400: 58.217: [GC (GCLocker Initiated GC) [PSYoungGen: 160520K->62978K(175104K)] 653883K->556767K(699392K), 0.0090734 secs] [Times: user=0.12 sys=0.00, real=0.01 secs] 
2016-09-25T22:19:07.140-0400: 58.291: [GC (GCLocker Initiated GC) [PSYoungGen: 151042K->64292K(175104K)] 648900K->562590K(699392K), 0.0085959 secs] [Times: user=0.11 sys=0.00, real=0.01 secs] 
2016-09-25T22:19:07.217-0400: 58.368: [Full GC (Ergonomics) [PSYoungGen: 152356K->0K(175104K)] [ParOldGen: 507860K->266355K(524288K)] 660217K->266355K(699392K), [Metaspace: 43555K->43555K(1085440K)], 0.0747361 secs] [Times: user=0.46 sys=0.02, real=0.07 secs] 
2016-09-25T22:19:07.353-0400: 58.504: [GC (GCLocker Initiated GC) [PSYoungGen: 88064K->64676K(175104K)] 361239K->337852K(699392K), 0.0105227 secs] [Times: user=0.10 sys=0.00, real=0.02 secs] 
2016-09-25T22:19:07.426-0400: 58.577: [GC (GCLocker Initiated GC) [PSYoungGen: 152740K->48150K(175104K)] 435418K->366779K(699392K), 0.0248830 secs] [Times: user=0.31 sys=0.00, real=0.02 secs] 
2016-09-25T22:19:07.506-0400: 58.657: [GC (GCLocker Initiated GC) [PSYoungGen: 136214K->61519K(173056K)] 454874K->380617K(697344K), 0.0197126 secs] [Times: user=0.22 sys=0.01, real=0.02 secs] 
2016-09-25T22:19:07.602-0400: 58.753: [GC (GCLocker Initiated GC) [PSYoungGen: 149583K->62929K(174080K)] 476858K->390517K(698368K), 0.0101778 secs] [Times: user=0.10 sys=0.00, real=0.00 secs] 
2016-09-25T22:19:07.684-0400: 58.835: [GC (GCLocker Initiated GC) [PSYoungGen: 150993K->33045K(173056K)] 485370K->384028K(697344K), 0.0148150 secs] [Times: user=0.13 sys=0.01, real=0.01 secs] 
2016-09-25T22:19:07.756-0400: 58.907: [GC (GCLocker Initiated GC) [PSYoungGen: 121109K->58903K(175104K)] 477706K->415868K(699392K), 0.0068610 secs] [Times: user=0.06 sys=0.00, real=0.01 secs] 
2016-09-25T22:19:07.818-0400: 58.969: [GC (GCLocker Initiated GC) [PSYoungGen: 146967K->50645K(171008K)] 509418K->421506K(695296K), 0.0078699 secs] [Times: user=0.05 sys=0.00, real=0.01 secs] 
2016-09-25T22:19:07.896-0400: 59.047: [GC (GCLocker Initiated GC) [PSYoungGen: 140757K->51885K(173056K)] 521128K->435276K(697344K), 0.0096098 secs] [Times: user=0.08 sys=0.00, real=0.01 secs] 
2016-09-25T22:19:07.966-0400: 59.118: [GC (GCLocker Initiated GC) [PSYoungGen: 141997K->39676K(179200K)] 533561K->445050K(703488K), 0.0122504 secs] [Times: user=0.07 sys=0.00, real=0.01 secs] 
2016-09-25T22:19:08.044-0400: 59.195: [GC (GCLocker Initiated GC) [PSYoungGen: 137980K->39743K(179200K)] 548587K->464131K(703488K), 0.0068583 secs] [Times: user=0.05 sys=0.01, real=0.00 secs] 
2016-09-25T22:19:08.110-0400: 59.261: [GC (GCLocker Initiated GC) [PSYoungGen: 138047K->56169K(178176K)] 565170K->494449K(702464K), 0.0103316 secs] [Times: user=0.12 sys=0.00, real=0.01 secs] 
2016-09-25T22:19:08.183-0400: 59.334: [GC (GCLocker Initiated GC) [PSYoungGen: 156521K->64316K(179712K)] 594887K->502935K(704000K), 0.0062637 secs] [Times: user=0.06 sys=0.00, real=0.00 secs] 
2016-09-25T22:19:08.245-0400: 59.397: [GC (GCLocker Initiated GC) [PSYoungGen: 164668K->42643K(181760K)] 607516K->504763K(706048K), 0.0108873 secs] [Times: user=0.12 sys=0.00, real=0.01 secs] 
2016-09-25T22:19:08.309-0400: 59.460: [GC (GCLocker Initiated GC) [PSYoungGen: 143507K->54824K(156160K)] 608515K->531042K(680448K), 0.0246297 secs] [Times: user=0.24 sys=0.00, real=0.02 secs] 
2016-09-25T22:19:08.390-0400: 59.541: [GC (GCLocker Initiated GC) [PSYoungGen: 155688K->57537K(180224K)] 634662K->558529K(704512K), 0.0110682 secs] [Times: user=0.12 sys=0.01, real=0.01 secs] 
2016-09-25T22:19:08.401-0400: 59.552: [Full GC (Ergonomics) [PSYoungGen: 57537K->0K(180224K)] [ParOldGen: 500992K->273672K(524288K)] 558529K->273672K(704512K), [Metaspace: 43558K->43558K(1085440K)], 0.0552136 secs] [Times: user=0.36 sys=0.00, real=0.06 secs] 
2016-09-25T22:19:08.514-0400: 59.665: [GC (GCLocker Initiated GC) [PSYoungGen: 101888K->63337K(179200K)] 375622K->337071K(703488K), 0.0132294 secs] [Times: user=0.15 sys=0.00, real=0.01 secs] 
2016-09-25T22:19:08.586-0400: 59.737: [GC (GCLocker Initiated GC) [PSYoungGen: 165225K->49519K(183296K)] 444435K->367327K(707584K), 0.0099441 secs] [Times: user=0.15 sys=0.00, real=0.01 secs] 
2016-09-25T22:19:08.662-0400: 59.813: [GC (GCLocker Initiated GC) [PSYoungGen: 155503K->60438K(183296K)] 478744K->413876K(707584K), 0.0094808 secs] [Times: user=0.11 sys=0.02, real=0.01 secs] 
2016-09-25T22:19:08.733-0400: 59.885: [GC (GCLocker Initiated GC) [PSYoungGen: 166422K->45474K(183808K)] 524005K->429186K(708096K), 0.0155401 secs] [Times: user=0.18 sys=0.01, real=0.02 secs] 
2016-09-25T22:19:08.824-0400: 59.975: [GC (GCLocker Initiated GC) [PSYoungGen: 152994K->45442K(184320K)] 544931K->454072K(708608K), 0.0101901 secs] [Times: user=0.14 sys=0.01, real=0.01 secs] 
2016-09-25T22:19:08.893-0400: 60.044: [GC (GCLocker Initiated GC) [PSYoungGen: 152962K->54953K(182784K)] 573400K->483904K(707072K), 0.0073909 secs] [Times: user=0.08 sys=0.00, real=0.01 secs] 
2016-09-25T22:19:08.957-0400: 60.108: [GC (GCLocker Initiated GC) [PSYoungGen: 164521K->61610K(183808K)] 596211K->503243K(708096K), 0.0067615 secs] [Times: user=0.10 sys=0.00, real=0.01 secs] 
2016-09-25T22:19:09.025-0400: 60.176: [GC (GCLocker Initiated GC) [PSYoungGen: 171178K->61572K(185856K)] 612839K->503562K(710144K), 0.0160927 secs] [Times: user=0.23 sys=0.00, real=0.01 secs] 
2016-09-25T22:19:09.110-0400: 60.261: [GC (GCLocker Initiated GC) [PSYoungGen: 172164K->49425K(160256K)] 619660K->508090K(684544K), 0.0076671 secs] [Times: user=0.08 sys=0.00, real=0.01 secs] 
2016-09-25T22:19:09.176-0400: 60.327: [GC (GCLocker Initiated GC) [PSYoungGen: 160017K->52247K(187392K)] 629578K->522172K(711680K), 0.0216162 secs] [Times: user=0.28 sys=0.00, real=0.02 secs] 
2016-09-25T22:19:09.260-0400: 60.411: [GC (GCLocker Initiated GC) [PSYoungGen: 164887K->71149K(183808K)] 634912K->541653K(708096K), 0.0135814 secs] [Times: user=0.20 sys=0.00, real=0.01 secs] 
2016-09-25T22:19:09.335-0400: 60.487: [GC (GCLocker Initiated GC) [PSYoungGen: 183789K->65809K(180736K)] 669170K->575977K(705024K), 0.0071568 secs] [Times: user=0.11 sys=0.01, real=0.01 secs] 
2016-09-25T22:19:09.343-0400: 60.494: [Full GC (Ergonomics) [PSYoungGen: 65809K->0K(180736K)] [ParOldGen: 510167K->288706K(524288K)] 575977K->288706K(705024K), [Metaspace: 43558K->43558K(1085440K)], 0.0555301 secs] [Times: user=0.44 sys=0.01, real=0.05 secs] 
2016-09-25T22:19:09.467-0400: 60.618: [GC (GCLocker Initiated GC) [PSYoungGen: 103424K->51008K(182784K)] 395076K->342661K(707072K), 0.0231317 secs] [Times: user=0.22 sys=0.00, real=0.02 secs] 
2016-09-25T22:19:09.554-0400: 60.705: [GC (GCLocker Initiated GC) [PSYoungGen: 154431K->49589K(180224K)] 451729K->347426K(704512K), 0.0126373 secs] [Times: user=0.18 sys=0.00, real=0.02 secs] 
2016-09-25T22:19:09.626-0400: 60.777: [GC (GCLocker Initiated GC) [PSYoungGen: 154549K->71093K(181760K)] 452456K->369463K(706048K), 0.0100970 secs] [Times: user=0.14 sys=0.00, real=0.01 secs] 
2016-09-25T22:19:09.699-0400: 60.850: [GC (GCLocker Initiated GC) [PSYoungGen: 176053K->60374K(182784K)] 477209K->383584K(707072K), 0.0071982 secs] [Times: user=0.10 sys=0.00, real=0.01 secs] 
2016-09-25T22:19:09.764-0400: 60.915: [GC (GCLocker Initiated GC) [PSYoungGen: 162774K->68416K(171008K)] 486051K->405726K(695296K), 0.0107200 secs] [Times: user=0.16 sys=0.01, real=0.01 secs] 
2016-09-25T22:19:09.835-0400: 60.986: [GC (GCLocker Initiated GC) [PSYoungGen: 170816K->48343K(181248K)] 509486K->403697K(705536K), 0.0105691 secs] [Times: user=0.14 sys=0.00, real=0.01 secs] 
2016-09-25T22:19:09.903-0400: 61.054: [GC (GCLocker Initiated GC) [PSYoungGen: 148183K->54753K(154624K)] 503591K->410652K(678912K), 0.0103123 secs] [Times: user=0.09 sys=0.00, real=0.00 secs] 
2016-09-25T22:19:09.979-0400: 61.130: [GC (GCLocker Initiated GC) [PSYoungGen: 154593K->46780K(179200K)] 513806K->419957K(703488K), 0.0207000 secs] [Times: user=0.19 sys=0.00, real=0.02 secs] 
2016-09-25T22:19:10.060-0400: 61.211: [GC (GCLocker Initiated GC) [PSYoungGen: 147132K->38689K(178688K)] 535240K->427343K(702976K), 0.0076040 secs] [Times: user=0.08 sys=0.00, real=0.01 secs] 
2016-09-25T22:19:10.121-0400: 61.272: [GC (GCLocker Initiated GC) [PSYoungGen: 139041K->53789K(179712K)] 538577K->467412K(704000K), 0.0088120 secs] [Times: user=0.09 sys=0.00, real=0.01 secs] 
2016-09-25T22:19:10.208-0400: 61.359: [GC (GCLocker Initiated GC) [PSYoungGen: 158237K->67110K(181248K)] 574596K->484114K(705536K), 0.0103656 secs] [Times: user=0.11 sys=0.03, real=0.01 secs] 
2016-09-25T22:19:10.298-0400: 61.449: [GC (GCLocker Initiated GC) [PSYoungGen: 171558K->59161K(183808K)] 588720K->476811K(708096K), 0.0095594 secs] [Times: user=0.11 sys=0.00, real=0.01 secs] 
2016-09-25T22:19:10.363-0400: 61.514: [GC (GCLocker Initiated GC) [PSYoungGen: 163609K->45637K(150528K)] 585887K->481935K(674816K), 0.0161583 secs] [Times: user=0.15 sys=0.00, real=0.01 secs] 
2016-09-25T22:19:10.489-0400: 61.640: [GC (GCLocker Initiated GC) [PSYoungGen: 150085K->44281K(182784K)] 595906K->493488K(707072K), 0.0059637 secs] [Times: user=0.07 sys=0.00, real=0.01 secs] 
2016-09-25T22:19:10.553-0400: 61.704: [GC (GCLocker Initiated GC) [PSYoungGen: 149241K->67394K(172544K)] 601191K->528062K(696832K), 0.0067540 secs] [Times: user=0.09 sys=0.00, real=0.01 secs] 
2016-09-25T22:19:10.632-0400: 61.784: [GC (GCLocker Initiated GC) [PSYoungGen: 172354K->60642K(182272K)] 633134K->538371K(706560K), 0.0080072 secs] [Times: user=0.13 sys=0.00, real=0.01 secs] 
2016-09-25T22:19:10.733-0400: 61.884: [GC (GCLocker Initiated GC) [PSYoungGen: 162530K->70012K(172032K)] 643078K->562099K(696320K), 0.0069584 secs] [Times: user=0.08 sys=0.00, real=0.01 secs] 
2016-09-25T22:19:10.824-0400: 61.975: [GC (GCLocker Initiated GC) [PSYoungGen: 171900K->40240K(178688K)] 666762K->538483K(702976K), 0.0111560 secs] [Times: user=0.11 sys=0.01, real=0.01 secs] 
2016-09-25T22:19:10.835-0400: 61.987: [Full GC (Ergonomics) [PSYoungGen: 40240K->0K(178688K)] [ParOldGen: 498243K->281455K(524288K)] 538483K->281455K(702976K), [Metaspace: 43567K->43567K(1085440K)], 0.0706971 secs] [Times: user=0.40 sys=0.01, real=0.07 secs] 
2016-09-25T22:19:10.956-0400: 62.108: [GC (GCLocker Initiated GC) [PSYoungGen: 96256K->60016K(156672K)] 379096K->342857K(680960K), 0.0378834 secs] [Times: user=0.38 sys=0.01, real=0.04 secs] 
2016-09-25T22:19:11.080-0400: 62.231: [GC (GCLocker Initiated GC) [PSYoungGen: 156272K->71245K(174080K)] 439160K->366604K(698368K), 0.0220294 secs] [Times: user=0.22 sys=0.00, real=0.02 secs] 
2016-09-25T22:19:11.149-0400: 62.301: [GC (GCLocker Initiated GC) [PSYoungGen: 163405K->52654K(177152K)] 458990K->367728K(701440K), 0.0155950 secs] [Times: user=0.16 sys=0.00, real=0.02 secs] 
2016-09-25T22:19:11.252-0400: 62.403: [GC (GCLocker Initiated GC) [PSYoungGen: 144814K->48285K(174080K)] 462648K->367080K(698368K), 0.0200029 secs] [Times: user=0.19 sys=0.01, real=0.02 secs] 
2016-09-25T22:19:11.323-0400: 62.474: [GC (GCLocker Initiated GC) [PSYoungGen: 142493K->34718K(176128K)] 464133K->375973K(700416K), 0.0125328 secs] [Times: user=0.14 sys=0.00, real=0.01 secs] 
2016-09-25T22:19:11.421-0400: 62.572: [GC (GCLocker Initiated GC) [PSYoungGen: 128926K->40227K(179712K)] 470265K->391728K(704000K), 0.0127735 secs] [Times: user=0.14 sys=0.01, real=0.01 secs] 
2016-09-25T22:19:11.505-0400: 62.656: [GC (GCLocker Initiated GC) [PSYoungGen: 136995K->62034K(179200K)] 488502K->427806K(703488K), 0.0064675 secs] [Times: user=0.09 sys=0.00, real=0.00 secs] 
2016-09-25T22:19:11.565-0400: 62.716: [GC (GCLocker Initiated GC) [PSYoungGen: 158802K->68944K(173056K)] 527325K->438327K(697344K), 0.0068373 secs] [Times: user=0.09 sys=0.01, real=0.00 secs] 
2016-09-25T22:19:11.632-0400: 62.783: [GC (GCLocker Initiated GC) [PSYoungGen: 159056K->54086K(176128K)] 539284K->456846K(700416K), 0.0069984 secs] [Times: user=0.10 sys=0.00, real=0.01 secs] 
2016-09-25T22:19:11.705-0400: 62.856: [GC (GCLocker Initiated GC) [PSYoungGen: 144198K->62130K(176128K)] 557900K->476796K(700416K), 0.0065600 secs] [Times: user=0.08 sys=0.00, real=0.00 secs] 
2016-09-25T22:19:11.786-0400: 62.937: [GC (GCLocker Initiated GC) [PSYoungGen: 155314K->54063K(176128K)] 575431K->485928K(700416K), 0.0088636 secs] [Times: user=0.09 sys=0.00, real=0.01 secs] 
2016-09-25T22:19:11.870-0400: 63.021: [GC (GCLocker Initiated GC) [PSYoungGen: 147247K->56579K(177152K)] 579116K->492074K(701440K), 0.0080681 secs] [Times: user=0.09 sys=0.01, real=0.01 secs] 
2016-09-25T22:19:11.949-0400: 63.100: [GC (GCLocker Initiated GC) [PSYoungGen: 154883K->59422K(176640K)] 595813K->502475K(700928K), 0.0101674 secs] [Times: user=0.13 sys=0.01, real=0.01 secs] 
2016-09-25T22:19:12.008-0400: 63.159: [GC (GCLocker Initiated GC) [PSYoungGen: 157726K->63573K(181248K)] 600986K->524037K(705536K), 0.0099895 secs] [Times: user=0.12 sys=0.01, real=0.01 secs] 
2016-09-25T22:19:12.101-0400: 63.252: [GC (GCLocker Initiated GC) [PSYoungGen: 167509K->73141K(177152K)] 629397K->538665K(701440K), 0.0097575 secs] [Times: user=0.12 sys=0.01, real=0.01 secs] 
2016-09-25T22:19:12.190-0400: 63.341: [GC (GCLocker Initiated GC) [PSYoungGen: 177077K->55557K(181760K)] 653543K->562810K(706048K), 0.0100629 secs] [Times: user=0.12 sys=0.00, real=0.01 secs] 
2016-09-25T22:19:12.200-0400: 63.351: [Full GC (Ergonomics) [PSYoungGen: 55557K->0K(181760K)] [ParOldGen: 507253K->304886K(524288K)] 562810K->304886K(706048K), [Metaspace: 43567K->43567K(1085440K)], 0.0680676 secs] [Times: user=0.53 sys=0.00, real=0.07 secs] 
2016-09-25T22:19:12.340-0400: 63.491: [GC (GCLocker Initiated GC) [PSYoungGen: 99840K->56435K(156672K)] 407669K->364264K(680960K), 0.0077539 secs] [Times: user=0.08 sys=0.00, real=0.01 secs] 
2016-09-25T22:19:12.424-0400: 63.576: [GC (GCLocker Initiated GC) [PSYoungGen: 156275K->59489K(179712K)] 466843K->376191K(704000K), 0.0080560 secs] [Times: user=0.12 sys=0.00, real=0.00 secs] 
2016-09-25T22:19:12.498-0400: 63.649: [GC (GCLocker Initiated GC) [PSYoungGen: 160865K->71677K(178176K)] 480310K->392105K(702464K), 0.0092144 secs] [Times: user=0.10 sys=0.01, real=0.01 secs] 
2016-09-25T22:19:12.574-0400: 63.725: [GC (GCLocker Initiated GC) [PSYoungGen: 173053K->66305K(181248K)] 496423K->390623K(705536K), 0.0061021 secs] [Times: user=0.08 sys=0.00, real=0.01 secs] 
2016-09-25T22:19:12.672-0400: 63.823: [GC (GCLocker Initiated GC) [PSYoungGen: 167681K->48601K(181760K)] 498872K->380745K(706048K), 0.0127600 secs] [Times: user=0.16 sys=0.00, real=0.02 secs] 
2016-09-25T22:19:12.769-0400: 63.921: [GC (GCLocker Initiated GC) [PSYoungGen: 149977K->43457K(180736K)] 493172K->403778K(705024K), 0.0090208 secs] [Times: user=0.13 sys=0.00, real=0.01 secs] 
2016-09-25T22:19:12.852-0400: 64.003: [GC (GCLocker Initiated GC) [PSYoungGen: 143809K->54224K(154624K)] 510467K->432769K(678912K), 0.0081629 secs] [Times: user=0.09 sys=0.00, real=0.01 secs] 
2016-09-25T22:19:12.931-0400: 64.082: [GC (GCLocker Initiated GC) [PSYoungGen: 154576K->56747K(182272K)] 538599K->452632K(706560K), 0.0092181 secs] [Times: user=0.09 sys=0.00, real=0.01 secs] 
2016-09-25T22:19:13.021-0400: 64.172: [GC (GCLocker Initiated GC) [PSYoungGen: 159659K->58452K(180224K)] 561711K->466813K(704512K), 0.0155472 secs] [Times: user=0.18 sys=0.01, real=0.02 secs] 
2016-09-25T22:19:13.114-0400: 64.265: [GC (GCLocker Initiated GC) [PSYoungGen: 161364K->62207K(181248K)] 572536K->474550K(705536K), 0.0128004 secs] [Times: user=0.16 sys=0.00, real=0.02 secs] 
2016-09-25T22:19:13.189-0400: 64.340: [GC (GCLocker Initiated GC) [PSYoungGen: 167679K->74433K(181248K)] 580167K->509569K(705536K), 0.0214446 secs] [Times: user=0.30 sys=0.00, real=0.02 secs] 
2016-09-25T22:19:13.288-0400: 64.439: [GC (GCLocker Initiated GC) [PSYoungGen: 179905K->70637K(177152K)] 619774K->527791K(701440K), 0.0113755 secs] [Times: user=0.12 sys=0.01, real=0.01 secs] 
2016-09-25T22:19:13.364-0400: 64.515: [GC (GCLocker Initiated GC) [PSYoungGen: 167917K->69098K(166400K)] 626477K->572101K(690688K), 0.0103422 secs] [Times: user=0.17 sys=0.00, real=0.01 secs] 
2016-09-25T22:19:13.374-0400: 64.525: [Full GC (Ergonomics) [PSYoungGen: 69098K->0K(166400K)] [ParOldGen: 503003K->312242K(524288K)] 572101K->312242K(690688K), [Metaspace: 43568K->43568K(1085440K)], 0.0642066 secs] [Times: user=0.43 sys=0.01, real=0.06 secs] 
2016-09-25T22:19:13.517-0400: 64.668: [GC (GCLocker Initiated GC) [PSYoungGen: 97280K->75587K(172544K)] 409599K->387906K(696832K), 0.0125608 secs] [Times: user=0.13 sys=0.01, real=0.01 secs] 
2016-09-25T22:19:13.584-0400: 64.736: [GC (GCLocker Initiated GC) [PSYoungGen: 164675K->70414K(159744K)] 477031K->410619K(684032K), 0.0076078 secs] [Times: user=0.12 sys=0.00, real=0.00 secs] 
2016-09-25T22:19:13.643-0400: 64.794: [GC (GCLocker Initiated GC) [PSYoungGen: 159502K->71762K(175104K)] 502663K->426783K(699392K), 0.0118490 secs] [Times: user=0.15 sys=0.00, real=0.01 secs] 
2016-09-25T22:19:13.720-0400: 64.871: [GC (GCLocker Initiated GC) [PSYoungGen: 159826K->82684K(175104K)] 517808K->441708K(699392K), 0.0071926 secs] [Times: user=0.11 sys=0.00, real=0.01 secs] 
2016-09-25T22:19:13.791-0400: 64.942: [GC (GCLocker Initiated GC) [PSYoungGen: 170748K->63627K(175104K)] 537970K->431873K(699392K), 0.0104200 secs] [Times: user=0.16 sys=0.00, real=0.01 secs] 
2016-09-25T22:19:13.866-0400: 65.017: [GC (GCLocker Initiated GC) [PSYoungGen: 151691K->71753K(175104K)] 520620K->456603K(699392K), 0.0065162 secs] [Times: user=0.09 sys=0.00, real=0.00 secs] 
2016-09-25T22:19:13.942-0400: 65.094: [GC (GCLocker Initiated GC) [PSYoungGen: 159817K->68940K(175104K)] 547533K->469710K(699392K), 0.0103412 secs] [Times: user=0.14 sys=0.00, real=0.00 secs] 
2016-09-25T22:19:14.031-0400: 65.183: [GC (GCLocker Initiated GC) [PSYoungGen: 157004K->67715K(156160K)] 563413K->485860K(680448K), 0.0079293 secs] [Times: user=0.11 sys=0.00, real=0.01 secs] 
2016-09-25T22:19:14.099-0400: 65.250: [GC (Allocation Failure) [PSYoungGen: 155779K->73149K(174080K)] 579386K->497801K(698368K), 0.0171964 secs] [Times: user=0.22 sys=0.00, real=0.02 secs] 
2016-09-25T22:19:14.183-0400: 65.335: [GC (GCLocker Initiated GC) [PSYoungGen: 159348K->67545K(155136K)] 589399K->500010K(679424K), 0.0070223 secs] [Times: user=0.08 sys=0.00, real=0.00 secs] 
2016-09-25T22:19:14.254-0400: 65.405: [GC (GCLocker Initiated GC) [PSYoungGen: 155097K->59557K(174080K)] 592256K->497582K(698368K), 0.0133983 secs] [Times: user=0.14 sys=0.00, real=0.01 secs] 
2016-09-25T22:19:14.341-0400: 65.492: [GC (GCLocker Initiated GC) [PSYoungGen: 148645K->41882K(173568K)] 599054K->506837K(697856K), 0.0107389 secs] [Times: user=0.13 sys=0.00, real=0.01 secs] 
2016-09-25T22:19:14.431-0400: 65.582: [GC (GCLocker Initiated GC) [PSYoungGen: 130970K->62290K(175616K)] 602743K->535141K(699904K), 0.0107726 secs] [Times: user=0.11 sys=0.01, real=0.01 secs] 
2016-09-25T22:19:14.504-0400: 65.655: [GC (GCLocker Initiated GC) [PSYoungGen: 152402K->77110K(175104K)] 633417K->559184K(699392K), 0.0072897 secs] [Times: user=0.09 sys=0.00, real=0.00 secs] 
2016-09-25T22:19:14.573-0400: 65.724: [GC (GCLocker Initiated GC) [PSYoungGen: 167222K->56859K(175104K)] 652025K->567016K(699392K), 0.0213605 secs] [Times: user=0.30 sys=0.01, real=0.02 secs] 
2016-09-25T22:19:14.594-0400: 65.745: [Full GC (Ergonomics) [PSYoungGen: 56859K->0K(175104K)] [ParOldGen: 510156K->326049K(524288K)] 567016K->326049K(699392K), [Metaspace: 43615K->43615K(1085440K)], 0.0715685 secs] [Times: user=0.66 sys=0.01, real=0.07 secs] 
2016-09-25T22:19:14.743-0400: 65.894: [GC (GCLocker Initiated GC) [PSYoungGen: 88064K->62188K(150528K)] 420894K->395018K(674816K), 0.0093652 secs] [Times: user=0.12 sys=0.00, real=0.00 secs] 
2016-09-25T22:19:14.803-0400: 65.954: [GC (GCLocker Initiated GC) [PSYoungGen: 150252K->66403K(175104K)] 489905K->430012K(699392K), 0.0075959 secs] [Times: user=0.11 sys=0.00, real=0.00 secs] 
2016-09-25T22:19:14.879-0400: 66.030: [GC (GCLocker Initiated GC) [PSYoungGen: 156003K->66190K(173568K)] 523824K->445886K(697856K), 0.0132005 secs] [Times: user=0.16 sys=0.00, real=0.01 secs] 
2016-09-25T22:19:14.983-0400: 66.134: [GC (GCLocker Initiated GC) [PSYoungGen: 155790K->53809K(175616K)] 538215K->450700K(699904K), 0.0182182 secs] [Times: user=0.22 sys=0.00, real=0.01 secs] 
2016-09-25T22:19:15.060-0400: 66.211: [GC (GCLocker Initiated GC) [PSYoungGen: 146481K->57129K(175616K)] 548782K->469535K(699904K), 0.0154031 secs] [Times: user=0.10 sys=0.01, real=0.02 secs] 
2016-09-25T22:19:15.164-0400: 66.315: [GC (GCLocker Initiated GC) [PSYoungGen: 149801K->33483K(174080K)] 570496K->455588K(698368K), 0.0116508 secs] [Times: user=0.07 sys=0.01, real=0.01 secs] 
2016-09-25T22:19:15.227-0400: 66.378: [GC (GCLocker Initiated GC) [PSYoungGen: 125643K->48298K(177152K)] 572241K->501034K(701440K), 0.0074012 secs] [Times: user=0.08 sys=0.00, real=0.01 secs] 
2016-09-25T22:19:15.296-0400: 66.447: [GC (GCLocker Initiated GC) [PSYoungGen: 140458K->64693K(175616K)] 597338K->530233K(699904K), 0.0107047 secs] [Times: user=0.10 sys=0.00, real=0.01 secs] 
2016-09-25T22:19:15.384-0400: 66.535: [GC (GCLocker Initiated GC) [PSYoungGen: 157365K->83638K(176640K)] 622981K->560793K(700928K), 0.0140590 secs] [Times: user=0.17 sys=0.00, real=0.01 secs] 
2016-09-25T22:19:15.451-0400: 66.602: [GC (GCLocker Initiated GC) [PSYoungGen: 176310K->78203K(173568K)] 656209K->564120K(697856K), 0.0249119 secs] [Times: user=0.28 sys=0.01, real=0.03 secs] 
2016-09-25T22:19:15.574-0400: 66.725: [GC (GCLocker Initiated GC) [PSYoungGen: 166267K->60533K(175104K)] 652233K->548662K(699392K), 0.0095721 secs] [Times: user=0.14 sys=0.00, real=0.02 secs] 
2016-09-25T22:19:15.633-0400: 66.784: [GC (GCLocker Initiated GC) [PSYoungGen: 148597K->56445K(175104K)] 636819K->568290K(699392K), 0.0100422 secs] [Times: user=0.13 sys=0.00, real=0.02 secs] 
2016-09-25T22:19:15.643-0400: 66.794: [Full GC (Ergonomics) [PSYoungGen: 56445K->0K(175104K)] [ParOldGen: 511844K->329155K(524288K)] 568290K->329155K(699392K), [Metaspace: 43628K->43628K(1085440K)], 0.0898487 secs] [Times: user=0.65 sys=0.02, real=0.08 secs] 
2016-09-25T22:19:15.800-0400: 66.951: [GC (GCLocker Initiated GC) [PSYoungGen: 88064K->79082K(175104K)] 420052K->411071K(699392K), 0.0065960 secs] [Times: user=0.09 sys=0.00, real=0.01 secs] 
2016-09-25T22:19:15.858-0400: 67.009: [GC (GCLocker Initiated GC) [PSYoungGen: 167146K->37803K(175104K)] 512710K->413361K(699392K), 0.0066106 secs] [Times: user=0.07 sys=0.01, real=0.01 secs] 
2016-09-25T22:19:15.946-0400: 67.098: [GC (GCLocker Initiated GC) [PSYoungGen: 125867K->51030K(175104K)] 507059K->450589K(699392K), 0.0132952 secs] [Times: user=0.15 sys=0.00, real=0.01 secs] 
2016-09-25T22:19:16.032-0400: 67.183: [GC (GCLocker Initiated GC) [PSYoungGen: 139094K->51178K(175104K)] 538742K->459525K(699392K), 0.0074038 secs] [Times: user=0.07 sys=0.01, real=0.01 secs] 
2016-09-25T22:19:16.091-0400: 67.243: [GC (GCLocker Initiated GC) [PSYoungGen: 139242K->37336K(175104K)] 551754K->457419K(699392K), 0.0073169 secs] [Times: user=0.06 sys=0.00, real=0.01 secs] 
2016-09-25T22:19:16.175-0400: 67.326: [GC (GCLocker Initiated GC) [PSYoungGen: 125400K->52105K(175104K)] 550912K->486363K(699392K), 0.0136123 secs] [Times: user=0.07 sys=0.00, real=0.01 secs] 
2016-09-25T22:19:16.249-0400: 67.400: [GC (GCLocker Initiated GC) [PSYoungGen: 140169K->60257K(175104K)] 574513K->504496K(699392K), 0.0079570 secs] [Times: user=0.07 sys=0.00, real=0.01 secs] 
2016-09-25T22:19:16.307-0400: 67.458: [GC (GCLocker Initiated GC) [PSYoungGen: 148321K->68655K(175104K)] 595336K->539245K(699392K), 0.0078549 secs] [Times: user=0.12 sys=0.00, real=0.01 secs] 
2016-09-25T22:19:16.377-0400: 67.528: [GC (GCLocker Initiated GC) [PSYoungGen: 156719K->60266K(148480K)] 630135K->543799K(672768K), 0.0139497 secs] [Times: user=0.15 sys=0.00, real=0.01 secs] 
2016-09-25T22:19:16.442-0400: 67.593: [GC (GCLocker Initiated GC) [PSYoungGen: 148330K->64731K(175104K)] 632112K->566504K(699392K), 0.0069372 secs] [Times: user=0.10 sys=0.00, real=0.00 secs] 
2016-09-25T22:19:16.449-0400: 67.600: [Full GC (Ergonomics) [PSYoungGen: 64731K->0K(175104K)] [ParOldGen: 501773K->337176K(524288K)] 566504K->337176K(699392K), [Metaspace: 43628K->43628K(1085440K)], 0.0602972 secs] [Times: user=0.54 sys=0.00, real=0.06 secs] 
2016-09-25T22:19:16.563-0400: 67.714: [GC (GCLocker Initiated GC) [PSYoungGen: 88576K->71792K(174592K)] 428562K->411779K(698880K), 0.0093310 secs] [Times: user=0.10 sys=0.00, real=0.00 secs] 
2016-09-25T22:19:16.633-0400: 67.784: [GC (GCLocker Initiated GC) [PSYoungGen: 160368K->68486K(175104K)] 503137K->412343K(699392K), 0.0088161 secs] [Times: user=0.09 sys=0.00, real=0.01 secs] 
2016-09-25T22:19:16.695-0400: 67.846: [GC (GCLocker Initiated GC) [PSYoungGen: 156550K->56403K(144896K)] 500592K->411790K(669184K), 0.0099155 secs] [Times: user=0.10 sys=0.00, real=0.01 secs] 
2016-09-25T22:19:16.759-0400: 67.910: [GC (GCLocker Initiated GC) [PSYoungGen: 144467K->59229K(177152K)] 504028K->419299K(701440K), 0.0170754 secs] [Times: user=0.22 sys=0.01, real=0.02 secs] 
2016-09-25T22:19:16.833-0400: 67.984: [GC (GCLocker Initiated GC) [PSYoungGen: 149853K->49385K(174592K)] 509984K->434391K(698880K), 0.0124857 secs] [Times: user=0.14 sys=0.00, real=0.02 secs] 
2016-09-25T22:19:16.904-0400: 68.056: [GC (GCLocker Initiated GC) [PSYoungGen: 140009K->69942K(174592K)] 530613K->471708K(698880K), 0.0068343 secs] [Times: user=0.10 sys=0.00, real=0.00 secs] 
2016-09-25T22:19:16.964-0400: 68.115: [GC (GCLocker Initiated GC) [PSYoungGen: 160566K->48279K(175616K)] 565089K->461498K(699904K), 0.0109021 secs] [Times: user=0.06 sys=0.01, real=0.01 secs] 
2016-09-25T22:19:17.035-0400: 68.186: [GC (GCLocker Initiated GC) [PSYoungGen: 138903K->67244K(176128K)] 554915K->497337K(700416K), 0.0107082 secs] [Times: user=0.14 sys=0.00, real=0.01 secs] 
2016-09-25T22:19:17.113-0400: 68.264: [GC (GCLocker Initiated GC) [PSYoungGen: 158380K->41338K(132608K)] 596581K->501657K(656896K), 0.0074815 secs] [Times: user=0.07 sys=0.01, real=0.01 secs] 
2016-09-25T22:19:17.187-0400: 68.338: [GC (GCLocker Initiated GC) [PSYoungGen: 132474K->55022K(178176K)] 600930K->525378K(702464K), 0.0101590 secs] [Times: user=0.14 sys=0.01, real=0.01 secs] 
2016-09-25T22:19:17.261-0400: 68.413: [GC (GCLocker Initiated GC) [PSYoungGen: 147182K->51126K(143360K)] 623079K->551961K(667648K), 0.0065670 secs] [Times: user=0.08 sys=0.01, real=0.01 secs] 
2016-09-25T22:19:17.268-0400: 68.419: [Full GC (Ergonomics) [PSYoungGen: 51126K->0K(143360K)] [ParOldGen: 500834K->336798K(524288K)] 551961K->336798K(667648K), [Metaspace: 43628K->43628K(1085440K)], 0.0695809 secs] [Times: user=0.54 sys=0.01, real=0.07 secs] 
2016-09-25T22:19:17.401-0400: 68.552: [GC (GCLocker Initiated GC) [PSYoungGen: 92160K->60152K(176128K)] 443867K->411859K(700416K), 0.0108851 secs] [Times: user=0.14 sys=0.00, real=0.01 secs] 
2016-09-25T22:19:17.477-0400: 68.628: [GC (GCLocker Initiated GC) [PSYoungGen: 153848K->65923K(174592K)] 509709K->428782K(698880K), 0.0127530 secs] [Times: user=0.18 sys=0.01, real=0.01 secs] 
2016-09-25T22:19:17.550-0400: 68.701: [GC (GCLocker Initiated GC) [PSYoungGen: 159619K->65988K(179200K)] 522668K->435119K(703488K), 0.0105195 secs] [Times: user=0.13 sys=0.00, real=0.01 secs] 
2016-09-25T22:19:17.621-0400: 68.772: [GC (GCLocker Initiated GC) [PSYoungGen: 163268K->82188K(179712K)] 532486K->457491K(704000K), 0.0126877 secs] [Times: user=0.18 sys=0.00, real=0.01 secs] 
2016-09-25T22:19:17.699-0400: 68.850: [GC (GCLocker Initiated GC) [PSYoungGen: 179468K->80807K(170496K)] 563033K->467715K(694784K), 0.0120035 secs] [Times: user=0.10 sys=0.01, real=0.01 secs] 
2016-09-25T22:19:17.784-0400: 68.935: [GC (GCLocker Initiated GC) [PSYoungGen: 168871K->64543K(175104K)] 558615K->471172K(699392K), 0.0145446 secs] [Times: user=0.15 sys=0.01, real=0.01 secs] 
2016-09-25T22:19:17.861-0400: 69.012: [GC (GCLocker Initiated GC) [PSYoungGen: 152607K->72525K(175104K)] 561963K->482573K(699392K), 0.0099243 secs] [Times: user=0.13 sys=0.00, real=0.01 secs] 
2016-09-25T22:19:17.925-0400: 69.076: [GC (GCLocker Initiated GC) [PSYoungGen: 160589K->49560K(175104K)] 576118K->475082K(699392K), 0.0085959 secs] [Times: user=0.09 sys=0.00, real=0.00 secs] 
2016-09-25T22:19:17.989-0400: 69.140: [GC (GCLocker Initiated GC) [PSYoungGen: 137624K->63302K(175104K)] 564686K->507091K(699392K), 0.0092997 secs] [Times: user=0.15 sys=0.00, real=0.01 secs] 
2016-09-25T22:19:18.052-0400: 69.203: [GC (GCLocker Initiated GC) [PSYoungGen: 151366K->53671K(175104K)] 602143K->518637K(699392K), 0.0089902 secs] [Times: user=0.12 sys=0.00, real=0.01 secs] 
2016-09-25T22:19:18.124-0400: 69.275: [GC (GCLocker Initiated GC) [PSYoungGen: 141735K->61806K(171008K)] 609926K->538630K(695296K), 0.0088022 secs] [Times: user=0.12 sys=0.00, real=0.00 secs] 
2016-09-25T22:19:18.191-0400: 69.342: [GC (GCLocker Initiated GC) [PSYoungGen: 149870K->72577K(173056K)] 632162K->556715K(697344K), 0.0072386 secs] [Times: user=0.08 sys=0.00, real=0.01 secs] 
2016-09-25T22:19:18.262-0400: 69.413: [GC (GCLocker Initiated GC) [PSYoungGen: 160641K->59336K(175616K)] 654321K->569731K(699904K), 0.0140540 secs] [Times: user=0.16 sys=0.01, real=0.02 secs] 
2016-09-25T22:19:18.276-0400: 69.427: [Full GC (Ergonomics) [PSYoungGen: 59336K->0K(175616K)] [ParOldGen: 510395K->349091K(524288K)] 569731K->349091K(699904K), [Metaspace: 43629K->43629K(1085440K)], 0.0600185 secs] [Times: user=0.52 sys=0.01, real=0.06 secs] 
2016-09-25T22:19:18.385-0400: 69.536: [GC (GCLocker Initiated GC) [PSYoungGen: 90624K->59561K(175616K)] 443795K->412733K(699904K), 0.0106063 secs] [Times: user=0.08 sys=0.01, real=0.01 secs] 
2016-09-25T22:19:18.459-0400: 69.610: [GC (GCLocker Initiated GC) [PSYoungGen: 150185K->44368K(174592K)] 513005K->416294K(698880K), 0.0268818 secs] [Times: user=0.39 sys=0.00, real=0.03 secs] 
2016-09-25T22:19:18.548-0400: 69.699: [GC (GCLocker Initiated GC) [PSYoungGen: 135504K->50992K(175616K)] 510379K->453564K(699904K), 0.0112807 secs] [Times: user=0.16 sys=0.01, real=0.01 secs] 
2016-09-25T22:19:18.621-0400: 69.772: [GC (GCLocker Initiated GC) [PSYoungGen: 142128K->70053K(175616K)] 547532K->476027K(699904K), 0.0088514 secs] [Times: user=0.12 sys=0.00, real=0.01 secs] 
2016-09-25T22:19:18.689-0400: 69.841: [GC (GCLocker Initiated GC) [PSYoungGen: 162213K->74104K(166400K)] 570923K->483496K(690688K), 0.0065797 secs] [Times: user=0.09 sys=0.01, real=0.01 secs] 
2016-09-25T22:19:18.761-0400: 69.912: [GC (GCLocker Initiated GC) [PSYoungGen: 166264K->60508K(176640K)] 578480K->476068K(700928K), 0.0089917 secs] [Times: user=0.07 sys=0.01, real=0.01 secs] 
2016-09-25T22:19:18.827-0400: 69.978: [GC (GCLocker Initiated GC) [PSYoungGen: 150108K->72754K(175104K)] 571196K->497225K(699392K), 0.0067019 secs] [Times: user=0.09 sys=0.00, real=0.00 secs] 
2016-09-25T22:19:18.888-0400: 70.040: [GC (GCLocker Initiated GC) [PSYoungGen: 162354K->76676K(175104K)] 586900K->514056K(699392K), 0.0097103 secs] [Times: user=0.15 sys=0.00, real=0.01 secs] 
2016-09-25T22:19:18.965-0400: 70.116: [GC (GCLocker Initiated GC) [PSYoungGen: 164740K->56521K(175104K)] 607604K->521566K(699392K), 0.0086192 secs] [Times: user=0.08 sys=0.00, real=0.00 secs] 
2016-09-25T22:19:19.036-0400: 70.187: [GC (GCLocker Initiated GC) [PSYoungGen: 144585K->67161K(175104K)] 609727K->534329K(699392K), 0.0091942 secs] [Times: user=0.13 sys=0.00, real=0.01 secs] 
2016-09-25T22:19:19.101-0400: 70.252: [GC (GCLocker Initiated GC) [PSYoungGen: 155225K->71367K(175104K)] 625189K->552726K(699392K), 0.0068135 secs] [Times: user=0.10 sys=0.00, real=0.01 secs] 
2016-09-25T22:19:19.170-0400: 70.321: [GC (GCLocker Initiated GC) [PSYoungGen: 159431K->34813K(175104K)] 646569K->533397K(699392K), 0.0070994 secs] [Times: user=0.06 sys=0.01, real=0.01 secs] 
2016-09-25T22:19:19.177-0400: 70.328: [Full GC (Ergonomics) [PSYoungGen: 34813K->0K(175104K)] [ParOldGen: 498584K->349159K(524288K)] 533397K->349159K(699392K), [Metaspace: 43640K->43640K(1085440K)], 0.0652532 secs] [Times: user=0.52 sys=0.00, real=0.07 secs] 
2016-09-25T22:19:19.291-0400: 70.442: [GC (GCLocker Initiated GC) [PSYoungGen: 88064K->62111K(175104K)] 442696K->416744K(699392K), 0.0078530 secs] [Times: user=0.07 sys=0.00, real=0.01 secs] 
2016-09-25T22:19:19.356-0400: 70.508: [GC (GCLocker Initiated GC) [PSYoungGen: 150175K->42759K(175104K)] 510323K->411928K(699392K), 0.0096537 secs] [Times: user=0.07 sys=0.00, real=0.01 secs] 
2016-09-25T22:19:19.436-0400: 70.587: [GC (GCLocker Initiated GC) [PSYoungGen: 130823K->52403K(175104K)] 508310K->449443K(699392K), 0.0143880 secs] [Times: user=0.19 sys=0.00, real=0.01 secs] 
2016-09-25T22:19:19.511-0400: 70.662: [GC (GCLocker Initiated GC) [PSYoungGen: 140467K->38780K(175104K)] 540273K->451367K(699392K), 0.0056959 secs] [Times: user=0.05 sys=0.00, real=0.01 secs] 
2016-09-25T22:19:19.561-0400: 70.712: [GC (GCLocker Initiated GC) [PSYoungGen: 126844K->55038K(143360K)] 544979K->476445K(667648K), 0.0223567 secs] [Times: user=0.29 sys=0.00, real=0.03 secs] 
2016-09-25T22:19:19.646-0400: 70.799: [GC (GCLocker Initiated GC) [PSYoungGen: 143102K->52359K(175104K)] 582162K->497409K(699392K), 0.0097804 secs] [Times: user=0.11 sys=0.00, real=0.01 secs] 
2016-09-25T22:19:19.735-0400: 70.886: [GC (GCLocker Initiated GC) [PSYoungGen: 142471K->75260K(173056K)] 587610K->521018K(697344K), 0.0108036 secs] [Times: user=0.10 sys=0.01, real=0.01 secs] 
2016-09-25T22:19:19.805-0400: 70.956: [GC (GCLocker Initiated GC) [PSYoungGen: 165372K->51151K(176640K)] 612497K->520406K(700928K), 0.0064498 secs] [Times: user=0.09 sys=0.00, real=0.00 secs] 
2016-09-25T22:19:19.873-0400: 71.025: [GC (GCLocker Initiated GC) [PSYoungGen: 140751K->61766K(151552K)] 614161K->535736K(675840K), 0.0105185 secs] [Times: user=0.14 sys=0.00, real=0.02 secs] 
2016-09-25T22:19:19.977-0400: 71.128: [GC (GCLocker Initiated GC) [PSYoungGen: 151366K->48076K(175104K)] 633471K->546902K(699392K), 0.0127832 secs] [Times: user=0.11 sys=0.00, real=0.01 secs] 
2016-09-25T22:19:19.990-0400: 71.141: [Full GC (Ergonomics) [PSYoungGen: 48076K->0K(175104K)] [ParOldGen: 498825K->363447K(524288K)] 546902K->363447K(699392K), [Metaspace: 43640K->43640K(1085440K)], 0.0688206 secs] [Times: user=0.54 sys=0.01, real=0.07 secs] 
2016-09-25T22:19:20.140-0400: 71.291: [GC (GCLocker Initiated GC) [PSYoungGen: 90624K->66361K(174080K)] 456954K->432692K(698368K), 0.0107852 secs] [Times: user=0.11 sys=0.01, real=0.01 secs] 
2016-09-25T22:19:20.224-0400: 71.375: [GC (GCLocker Initiated GC) [PSYoungGen: 156985K->41358K(177664K)] 524750K->412904K(701952K), 0.0063797 secs] [Times: user=0.05 sys=0.00, real=0.00 secs] 
2016-09-25T22:19:20.296-0400: 71.447: [GC (GCLocker Initiated GC) [PSYoungGen: 134542K->57877K(151552K)] 511456K->438094K(675840K), 0.0168815 secs] [Times: user=0.11 sys=0.01, real=0.01 secs] 
2016-09-25T22:19:20.397-0400: 71.548: [GC (GCLocker Initiated GC) [PSYoungGen: 151061K->56211K(178176K)] 534136K->439910K(702464K), 0.0083636 secs] [Times: user=0.05 sys=0.00, real=0.01 secs] 
2016-09-25T22:19:20.456-0400: 71.607: [GC (GCLocker Initiated GC) [PSYoungGen: 151955K->49618K(175616K)] 536291K->434526K(699904K), 0.0076934 secs] [Times: user=0.05 sys=0.00, real=0.01 secs] 
2016-09-25T22:19:20.535-0400: 71.686: [GC (GCLocker Initiated GC) [PSYoungGen: 145362K->73883K(174592K)] 530327K->470266K(698880K), 0.0114921 secs] [Times: user=0.17 sys=0.01, real=0.01 secs] 
2016-09-25T22:19:20.622-0400: 71.774: [GC (GCLocker Initiated GC) [PSYoungGen: 169627K->64595K(178688K)] 566023K->472318K(702976K), 0.0068567 secs] [Times: user=0.09 sys=0.00, real=0.00 secs] 
2016-09-25T22:19:20.680-0400: 71.831: [GC (GCLocker Initiated GC) [PSYoungGen: 160339K->75333K(171008K)] 573581K->489216K(695296K), 0.0068865 secs] [Times: user=0.09 sys=0.01, real=0.01 secs] 
2016-09-25T22:19:20.753-0400: 71.904: [GC (GCLocker Initiated GC) [PSYoungGen: 163397K->69965K(175104K)] 580084K->506130K(699392K), 0.0111633 secs] [Times: user=0.17 sys=0.00, real=0.02 secs] 
2016-09-25T22:19:20.834-0400: 71.985: [GC (GCLocker Initiated GC) [PSYoungGen: 158029K->42674K(175104K)] 605101K->498393K(699392K), 0.0066373 secs] [Times: user=0.05 sys=0.00, real=0.01 secs] 
2016-09-25T22:19:20.899-0400: 72.050: [GC (GCLocker Initiated GC) [PSYoungGen: 130738K->48301K(175104K)] 596142K->534499K(699392K), 0.0071531 secs] [Times: user=0.07 sys=0.00, real=0.01 secs] 
2016-09-25T22:19:20.982-0400: 72.133: [GC (GCLocker Initiated GC) [PSYoungGen: 136365K->74017K(175104K)] 625366K->563573K(699392K), 0.0101446 secs] [Times: user=0.15 sys=0.00, real=0.01 secs] 
2016-09-25T22:19:21.055-0400: 72.206: [GC (GCLocker Initiated GC) [PSYoungGen: 162081K->64503K(175104K)] 654459K->565625K(699392K), 0.0083211 secs] [Times: user=0.08 sys=0.00, real=0.01 secs] 
2016-09-25T22:19:21.063-0400: 72.214: [Full GC (Ergonomics) [PSYoungGen: 64503K->0K(175104K)] [ParOldGen: 501122K->372631K(524288K)] 565625K->372631K(699392K), [Metaspace: 43643K->43643K(1087488K)], 0.0460666 secs] [Times: user=0.39 sys=0.00, real=0.04 secs] 
2016-09-25T22:19:21.176-0400: 72.327: [GC (GCLocker Initiated GC) [PSYoungGen: 88064K->60694K(174080K)] 461430K->434061K(698368K), 0.0111141 secs] [Times: user=0.09 sys=0.00, real=0.01 secs] 
2016-09-25T22:19:21.242-0400: 72.394: [GC (GCLocker Initiated GC) [PSYoungGen: 148758K->69743K(174592K)] 522167K->454830K(698880K), 0.0079804 secs] [Times: user=0.11 sys=0.00, real=0.00 secs] 
2016-09-25T22:19:21.314-0400: 72.465: [GC (GCLocker Initiated GC) [PSYoungGen: 157807K->30721K(175104K)] 552572K->458291K(699392K), 0.0072521 secs] [Times: user=0.07 sys=0.01, real=0.01 secs] 
2016-09-25T22:19:21.383-0400: 72.534: [GC (GCLocker Initiated GC) [PSYoungGen: 118785K->50973K(175104K)] 556053K->515790K(699392K), 0.0131184 secs] [Times: user=0.16 sys=0.01, real=0.01 secs] 
2016-09-25T22:19:21.452-0400: 72.603: [GC (GCLocker Initiated GC) [PSYoungGen: 139037K->56340K(171008K)] 607936K->525782K(695296K), 0.0105606 secs] [Times: user=0.15 sys=0.00, real=0.02 secs] 
2016-09-25T22:19:21.525-0400: 72.676: [GC (GCLocker Initiated GC) [PSYoungGen: 144404K->41300K(173056K)] 616638K->528966K(697344K), 0.0072266 secs] [Times: user=0.08 sys=0.00, real=0.00 secs] 
2016-09-25T22:19:21.586-0400: 72.737: [Full GC (Ergonomics) [PSYoungGen: 129364K->0K(173056K)] [ParOldGen: 493214K->369883K(524288K)] 622578K->369883K(697344K), [Metaspace: 43652K->43652K(1087488K)], 0.0622855 secs] [Times: user=0.55 sys=0.01, real=0.06 secs] 
2016-09-25T22:19:21.711-0400: 72.862: [GC (GCLocker Initiated GC) [PSYoungGen: 88064K->67590K(174080K)] 459688K->439215K(698368K), 0.0062016 secs] [Times: user=0.08 sys=0.00, real=0.01 secs] 
2016-09-25T22:19:21.781-0400: 72.932: [GC (GCLocker Initiated GC) [PSYoungGen: 156678K->54991K(144384K)] 531136K->453435K(668672K), 0.0201630 secs] [Times: user=0.29 sys=0.02, real=0.02 secs] 
2016-09-25T22:19:21.871-0400: 73.022: [GC (GCLocker Initiated GC) [PSYoungGen: 144079K->47053K(175616K)] 546666K->451454K(699904K), 0.0127093 secs] [Times: user=0.15 sys=0.01, real=0.02 secs] 
2016-09-25T22:19:21.940-0400: 73.091: [GC (GCLocker Initiated GC) [PSYoungGen: 138701K->56377K(174592K)] 548620K->480485K(698880K), 0.0068098 secs] [Times: user=0.09 sys=0.00, real=0.01 secs] 
2016-09-25T22:19:22.004-0400: 73.155: [GC (GCLocker Initiated GC) [PSYoungGen: 148025K->64478K(174592K)] 572219K->498717K(698880K), 0.0086368 secs] [Times: user=0.09 sys=0.00, real=0.00 secs] 
2016-09-25T22:19:22.062-0400: 73.213: [GC (GCLocker Initiated GC) [PSYoungGen: 158686K->69940K(175616K)] 592965K->507427K(699904K), 0.0062395 secs] [Times: user=0.09 sys=0.00, real=0.01 secs] 
2016-09-25T22:19:22.129-0400: 73.280: [GC (GCLocker Initiated GC) [PSYoungGen: 164148K->69909K(175104K)] 601706K->508029K(699392K), 0.0091080 secs] [Times: user=0.10 sys=0.00, real=0.01 secs] 
2016-09-25T22:19:22.188-0400: 73.339: [GC (GCLocker Initiated GC) [PSYoungGen: 161045K->73959K(165376K)] 599312K->529005K(689664K), 0.0089657 secs] [Times: user=0.11 sys=0.01, real=0.01 secs] 
2016-09-25T22:19:22.251-0400: 73.402: [GC (GCLocker Initiated GC) [PSYoungGen: 165095K->60556K(176640K)] 622928K->556776K(700928K), 0.0106122 secs] [Times: user=0.16 sys=0.01, real=0.01 secs] 
2016-09-25T22:19:22.262-0400: 73.413: [Full GC (Ergonomics) [PSYoungGen: 60556K->0K(176640K)] [ParOldGen: 496220K->379416K(524288K)] 556776K->379416K(700928K), [Metaspace: 43652K->43652K(1087488K)], 0.0626519 secs] [Times: user=0.55 sys=0.00, real=0.07 secs] 
2016-09-25T22:19:22.391-0400: 73.542: [GC (GCLocker Initiated GC) [PSYoungGen: 89600K->56826K(146432K)] 477572K->444798K(670720K), 0.0190691 secs] [Times: user=0.22 sys=0.00, real=0.02 secs] 
2016-09-25T22:19:22.466-0400: 73.618: [GC (GCLocker Initiated GC) [PSYoungGen: 146426K->46863K(173568K)] 539873K->442712K(697856K), 0.0057639 secs] [Times: user=0.04 sys=0.00, real=0.00 secs] 
2016-09-25T22:19:22.535-0400: 73.686: [GC (GCLocker Initiated GC) [PSYoungGen: 136463K->69874K(173568K)] 535140K->482598K(697856K), 0.0089987 secs] [Times: user=0.14 sys=0.00, real=0.01 secs] 
2016-09-25T22:19:22.599-0400: 73.750: [GC (GCLocker Initiated GC) [PSYoungGen: 159474K->59075K(174592K)] 579084K->490012K(698880K), 0.0065717 secs] [Times: user=0.08 sys=0.00, real=0.01 secs] 
2016-09-25T22:19:22.668-0400: 73.819: [GC (GCLocker Initiated GC) [PSYoungGen: 151747K->55090K(175616K)] 585638K->503042K(699904K), 0.0277438 secs] [Times: user=0.34 sys=0.00, real=0.03 secs] 
2016-09-25T22:19:22.746-0400: 73.897: [GC (GCLocker Initiated GC) [PSYoungGen: 147762K->58981K(175616K)] 595749K->507459K(699904K), 0.0132636 secs] [Times: user=0.13 sys=0.00, real=0.01 secs] 
2016-09-25T22:19:22.819-0400: 73.970: [GC (GCLocker Initiated GC) [PSYoungGen: 156773K->76565K(177152K)] 608075K->539198K(701440K), 0.0089782 secs] [Times: user=0.09 sys=0.00, real=0.01 secs] 
2016-09-25T22:19:22.902-0400: 74.053: [GC (GCLocker Initiated GC) [PSYoungGen: 174357K->67243K(178176K)] 641219K->537297K(702464K), 0.0198989 secs] [Times: user=0.25 sys=0.01, real=0.02 secs] 
2016-09-25T22:19:22.981-0400: 74.132: [GC (GCLocker Initiated GC) [PSYoungGen: 161451K->57729K(152064K)] 634287K->555411K(676352K), 0.0067852 secs] [Times: user=0.09 sys=0.00, real=0.01 secs] 
2016-09-25T22:19:22.988-0400: 74.139: [Full GC (Ergonomics) [PSYoungGen: 57729K->0K(152064K)] [ParOldGen: 497682K->362815K(524288K)] 555411K->362815K(676352K), [Metaspace: 43655K->43655K(1087488K)], 0.2296706 secs] [Times: user=3.39 sys=0.02, real=0.23 secs] 
2016-09-25T22:19:23.274-0400: 74.425: [GC (GCLocker Initiated GC) [PSYoungGen: 94208K->74602K(174080K)] 457105K->437500K(698368K), 0.0065086 secs] [Times: user=0.08 sys=0.01, real=0.00 secs] 
2016-09-25T22:19:23.333-0400: 74.484: [GC (GCLocker Initiated GC) [PSYoungGen: 166250K->64449K(176640K)] 529387K->435534K(700928K), 0.0091682 secs] [Times: user=0.09 sys=0.00, real=0.02 secs] 
2016-09-25T22:19:23.415-0400: 74.567: [GC (GCLocker Initiated GC) [PSYoungGen: 156097K->52103K(176128K)] 532774K->433325K(700416K), 0.0093385 secs] [Times: user=0.09 sys=0.01, real=0.01 secs] 
2016-09-25T22:19:23.483-0400: 74.635: [GC (GCLocker Initiated GC) [PSYoungGen: 145799K->64545K(177152K)] 531289K->450559K(701440K), 0.0101122 secs] [Times: user=0.13 sys=0.00, real=0.00 secs] 
2016-09-25T22:19:23.552-0400: 74.703: [GC (GCLocker Initiated GC) [PSYoungGen: 158241K->76728K(173568K)] 549703K->479477K(697856K), 0.0108469 secs] [Times: user=0.10 sys=0.00, real=0.02 secs] 
2016-09-25T22:19:23.613-0400: 74.764: [GC (GCLocker Initiated GC) [PSYoungGen: 167864K->75121K(166400K)] 570631K->482434K(690688K), 0.0070071 secs] [Times: user=0.08 sys=0.00, real=0.01 secs] 
2016-09-25T22:19:23.680-0400: 74.831: [GC (GCLocker Initiated GC) [PSYoungGen: 166257K->53684K(175104K)] 588661K->484675K(699392K), 0.0090626 secs] [Times: user=0.13 sys=0.00, real=0.01 secs] 
2016-09-25T22:19:23.753-0400: 74.904: [GC (GCLocker Initiated GC) [PSYoungGen: 141748K->79299K(175104K)] 575832K->513968K(699392K), 0.0067004 secs] [Times: user=0.09 sys=0.00, real=0.01 secs] 
2016-09-25T22:19:23.813-0400: 74.965: [GC (GCLocker Initiated GC) [PSYoungGen: 167363K->64516K(175104K)] 604021K->512452K(699392K), 0.0129452 secs] [Times: user=0.08 sys=0.01, real=0.02 secs] 
2016-09-25T22:19:23.877-0400: 75.028: [GC (GCLocker Initiated GC) [PSYoungGen: 152580K->64450K(152576K)] 603259K->529167K(676864K), 0.0088728 secs] [Times: user=0.11 sys=0.00, real=0.01 secs] 
2016-09-25T22:19:23.941-0400: 75.092: [GC (GCLocker Initiated GC) [PSYoungGen: 152514K->71202K(173568K)] 617460K->536604K(697856K), 0.0158388 secs] [Times: user=0.20 sys=0.00, real=0.02 secs] 
2016-09-25T22:19:24.020-0400: 75.171: [GC (GCLocker Initiated GC) [PSYoungGen: 158754K->52207K(174080K)] 627105K->521063K(698368K), 0.0092071 secs] [Times: user=0.07 sys=0.00, real=0.01 secs] 
2016-09-25T22:19:24.084-0400: 75.235: [GC (GCLocker Initiated GC) [PSYoungGen: 139759K->71267K(174592K)] 615412K->547411K(698880K), 0.0065328 secs] [Times: user=0.08 sys=0.00, real=0.00 secs] 
2016-09-25T22:19:24.143-0400: 75.294: [GC (GCLocker Initiated GC) [PSYoungGen: 159331K->71136K(175104K)] 635714K->558865K(699392K), 0.0100550 secs] [Times: user=0.15 sys=0.00, real=0.00 secs] 
2016-09-25T22:19:24.214-0400: 75.365: [GC (GCLocker Initiated GC) [PSYoungGen: 159200K->68601K(173056K)] 657782K->567655K(697344K), 0.0067672 secs] [Times: user=0.09 sys=0.00, real=0.01 secs] 
2016-09-25T22:19:24.280-0400: 75.431: [Full GC (Ergonomics) [PSYoungGen: 156665K->0K(173056K)] [ParOldGen: 510053K->383252K(524288K)] 666719K->383252K(697344K), [Metaspace: 43655K->43655K(1087488K)], 0.0588008 secs] [Times: user=0.47 sys=0.02, real=0.06 secs] 
2016-09-25T22:19:24.387-0400: 75.538: [GC (GCLocker Initiated GC) [PSYoungGen: 88064K->48574K(174080K)] 482308K->442819K(698368K), 0.0161367 secs] [Times: user=0.15 sys=0.01, real=0.02 secs] 
2016-09-25T22:19:24.467-0400: 75.618: [GC (GCLocker Initiated GC) [PSYoungGen: 136638K->59183K(174080K)] 536342K->473479K(698368K), 0.0100527 secs] [Times: user=0.13 sys=0.01, real=0.01 secs] 
2016-09-25T22:19:24.556-0400: 75.707: [GC (GCLocker Initiated GC) [PSYoungGen: 148271K->57673K(174592K)] 562737K->479396K(698880K), 0.0237659 secs] [Times: user=0.32 sys=0.00, real=0.02 secs] 
2016-09-25T22:19:24.633-0400: 75.784: [GC (GCLocker Initiated GC) [PSYoungGen: 146761K->82036K(172544K)] 571246K->517804K(696832K), 0.0108050 secs] [Times: user=0.15 sys=0.00, real=0.02 secs] 
2016-09-25T22:19:24.715-0400: 75.866: [GC (GCLocker Initiated GC) [PSYoungGen: 170100K->72488K(175104K)] 605886K->526347K(699392K), 0.0177887 secs] [Times: user=0.19 sys=0.00, real=0.01 secs] 
2016-09-25T22:19:24.788-0400: 75.939: [GC (GCLocker Initiated GC) [PSYoungGen: 160552K->69853K(175104K)] 617254K->537821K(699392K), 0.0068193 secs] [Times: user=0.08 sys=0.00, real=0.01 secs] 
2016-09-25T22:19:24.854-0400: 76.005: [GC (GCLocker Initiated GC) [PSYoungGen: 157917K->37357K(175104K)] 625937K->541052K(699392K), 0.0109148 secs] [Times: user=0.11 sys=0.01, real=0.02 secs] 
2016-09-25T22:19:24.865-0400: 76.016: [Full GC (Ergonomics) [PSYoungGen: 37357K->0K(175104K)] [ParOldGen: 503695K->371943K(524288K)] 541052K->371943K(699392K), [Metaspace: 43659K->43659K(1087488K)], 0.0818907 secs] [Times: user=0.76 sys=0.00, real=0.08 secs] 
2016-09-25T22:19:25.010-0400: 76.161: [GC (GCLocker Initiated GC) [PSYoungGen: 88064K->52944K(175104K)] 466841K->431721K(699392K), 0.0053635 secs] [Times: user=0.08 sys=0.00, real=0.01 secs] 
2016-09-25T22:19:25.058-0400: 76.210: [GC (GCLocker Initiated GC) [PSYoungGen: 141008K->69790K(175104K)] 522524K->452501K(699392K), 0.0106614 secs] [Times: user=0.10 sys=0.01, real=0.01 secs] 
2016-09-25T22:19:25.148-0400: 76.299: [GC (GCLocker Initiated GC) [PSYoungGen: 157854K->65835K(175104K)] 543337K->473450K(699392K), 0.0168749 secs] [Times: user=0.24 sys=0.00, real=0.02 secs] 
2016-09-25T22:19:25.217-0400: 76.368: [GC (GCLocker Initiated GC) [PSYoungGen: 153899K->71140K(175104K)] 567058K->506398K(699392K), 0.0079243 secs] [Times: user=0.09 sys=0.00, real=0.01 secs] 
2016-09-25T22:19:25.292-0400: 76.444: [GC (GCLocker Initiated GC) [PSYoungGen: 159204K->59128K(175104K)] 599939K->519279K(699392K), 0.0111333 secs] [Times: user=0.12 sys=0.00, real=0.02 secs] 
2016-09-25T22:19:25.383-0400: 76.534: [GC (GCLocker Initiated GC) [PSYoungGen: 147192K->61861K(150016K)] 612263K->538298K(674304K), 0.0202412 secs] [Times: user=0.18 sys=0.02, real=0.02 secs] 
2016-09-25T22:19:25.454-0400: 76.605: [GC (GCLocker Initiated GC) [PSYoungGen: 149925K->48057K(173056K)] 626424K->552132K(697344K), 0.0175961 secs] [Times: user=0.25 sys=0.00, real=0.02 secs] 
2016-09-25T22:19:25.472-0400: 76.623: [Full GC (Ergonomics) [PSYoungGen: 48057K->0K(173056K)] [ParOldGen: 504074K->377527K(524288K)] 552132K->377527K(697344K), [Metaspace: 43659K->43659K(1087488K)], 0.0762570 secs] [Times: user=0.59 sys=0.00, real=0.08 secs] 
2016-09-25T22:19:25.641-0400: 76.793: [GC (GCLocker Initiated GC) [PSYoungGen: 87552K->58354K(173568K)] 470564K->441366K(697856K), 0.0114068 secs] [Times: user=0.16 sys=0.00, real=0.01 secs] 
2016-09-25T22:19:25.698-0400: 76.849: [GC (Allocation Failure) [PSYoungGen: 145906K->67430K(174592K)] 531763K->476093K(698880K), 0.0102342 secs] [Times: user=0.10 sys=0.01, real=0.01 secs] 
2016-09-25T22:19:25.709-0400: 76.860: [GC (GCLocker Initiated GC) [PSYoungGen: 68104K->128K(174592K)] 476767K->481277K(698880K), 0.0064970 secs] [Times: user=0.09 sys=0.00, real=0.01 secs] 
2016-09-25T22:19:25.715-0400: 76.866: [Full GC (Ergonomics) [PSYoungGen: 128K->0K(174592K)] [ParOldGen: 481149K->381033K(524288K)] 481277K->381033K(698880K), [Metaspace: 43659K->43659K(1087488K)], 0.0969710 secs] [Times: user=0.57 sys=0.02, real=0.09 secs] 
2016-09-25T22:19:25.881-0400: 77.032: [GC (GCLocker Initiated GC) [PSYoungGen: 90493K->65114K(175104K)] 471901K->446523K(699392K), 0.0187575 secs] [Times: user=0.22 sys=0.01, real=0.02 secs] 
2016-09-25T22:19:25.962-0400: 77.113: [GC (GCLocker Initiated GC) [PSYoungGen: 153178K->50770K(175104K)] 537332K->436172K(699392K), 0.0128049 secs] [Times: user=0.10 sys=0.03, real=0.02 secs] 
2016-09-25T22:19:26.058-0400: 77.210: [GC (GCLocker Initiated GC) [PSYoungGen: 138834K->67089K(175104K)] 527110K->455865K(699392K), 0.0267429 secs] [Times: user=0.33 sys=0.03, real=0.03 secs] 
2016-09-25T22:19:26.136-0400: 77.287: [GC (GCLocker Initiated GC) [PSYoungGen: 155153K->63156K(175104K)] 547111K->471965K(699392K), 0.0077523 secs] [Times: user=0.11 sys=0.00, real=0.01 secs] 
2016-09-25T22:19:26.198-0400: 77.349: [GC (GCLocker Initiated GC) [PSYoungGen: 151220K->59297K(174080K)] 565486K->479523K(698368K), 0.0074928 secs] [Times: user=0.09 sys=0.01, real=0.01 secs] 
2016-09-25T22:19:26.255-0400: 77.406: [GC (GCLocker Initiated GC) [PSYoungGen: 147361K->79657K(174592K)] 570506K->503601K(698880K), 0.0072721 secs] [Times: user=0.09 sys=0.01, real=0.01 secs] 
2016-09-25T22:19:26.312-0400: 77.463: [GC (GCLocker Initiated GC) [PSYoungGen: 167721K->58025K(175104K)] 597117K->499057K(699392K), 0.0071197 secs] [Times: user=0.06 sys=0.01, real=0.01 secs] 
2016-09-25T22:19:26.366-0400: 77.518: [GC (GCLocker Initiated GC) [PSYoungGen: 146089K->77130K(175104K)] 590039K->538205K(699392K), 0.0103630 secs] [Times: user=0.16 sys=0.00, real=0.01 secs] 
2016-09-25T22:19:26.425-0400: 77.576: [GC (GCLocker Initiated GC) [PSYoungGen: 165194K->79655K(175104K)] 626343K->543102K(699392K), 0.0076308 secs] [Times: user=0.11 sys=0.00, real=0.00 secs] 
2016-09-25T22:19:26.483-0400: 77.634: [GC (GCLocker Initiated GC) [PSYoungGen: 167719K->66295K(175104K)] 634045K->555056K(699392K), 0.0072612 secs] [Times: user=0.11 sys=0.01, real=0.00 secs] 
2016-09-25T22:19:26.490-0400: 77.642: [Full GC (Ergonomics) [PSYoungGen: 66295K->0K(175104K)] [ParOldGen: 488760K->390592K(524288K)] 555056K->390592K(699392K), [Metaspace: 43705K->43705K(1087488K)], 0.0512345 secs] [Times: user=0.46 sys=0.01, real=0.05 secs] 
2016-09-25T22:19:26.592-0400: 77.743: [GC (GCLocker Initiated GC) [PSYoungGen: 88063K->61074K(175104K)] 481433K->454443K(699392K), 0.0091934 secs] [Times: user=0.08 sys=0.01, real=0.01 secs] 
2016-09-25T22:19:26.653-0400: 77.804: [GC (GCLocker Initiated GC) [PSYoungGen: 149138K->76922K(175104K)] 542560K->473040K(699392K), 0.0072541 secs] [Times: user=0.10 sys=0.00, real=0.01 secs] 
2016-09-25T22:19:26.702-0400: 77.853: [GC (GCLocker Initiated GC) [PSYoungGen: 164986K->66199K(175104K)] 563901K->471316K(699392K), 0.0076129 secs] [Times: user=0.09 sys=0.00, real=0.01 secs] 
2016-09-25T22:19:26.769-0400: 77.920: [GC (GCLocker Initiated GC) [PSYoungGen: 154263K->64848K(175104K)] 559484K->512882K(699392K), 0.0076385 secs] [Times: user=0.12 sys=0.00, real=0.01 secs] 
2016-09-25T22:19:26.822-0400: 77.973: [GC (GCLocker Initiated GC) [PSYoungGen: 152912K->75809K(175104K)] 603763K->535646K(699392K), 0.0076626 secs] [Times: user=0.12 sys=0.00, real=0.01 secs] 
2016-09-25T22:19:26.879-0400: 78.030: [GC (GCLocker Initiated GC) [PSYoungGen: 163873K->56715K(175104K)] 629359K->544927K(699392K), 0.0116260 secs] [Times: user=0.17 sys=0.00, real=0.01 secs] 
2016-09-25T22:19:26.891-0400: 78.042: [Full GC (Ergonomics) [PSYoungGen: 56715K->0K(175104K)] [ParOldGen: 488212K->398031K(524288K)] 544927K->398031K(699392K), [Metaspace: 43718K->43718K(1087488K)], 0.0506044 secs] [Times: user=0.47 sys=0.01, real=0.05 secs] 
2016-09-25T22:19:26.996-0400: 78.147: [GC (GCLocker Initiated GC) [PSYoungGen: 88064K->69602K(175104K)] 487515K->469054K(699392K), 0.0099621 secs] [Times: user=0.14 sys=0.00, real=0.01 secs] 
2016-09-25T22:19:27.063-0400: 78.214: [GC (GCLocker Initiated GC) [PSYoungGen: 157666K->60658K(175104K)] 562556K->480694K(699392K), 0.0081221 secs] [Times: user=0.08 sys=0.00, real=0.00 secs] 
2016-09-25T22:19:27.123-0400: 78.274: [GC (GCLocker Initiated GC) [PSYoungGen: 148722K->51477K(175104K)] 574217K->488574K(699392K), 0.0068434 secs] [Times: user=0.09 sys=0.00, real=0.00 secs] 
2016-09-25T22:19:27.183-0400: 78.334: [GC (GCLocker Initiated GC) [PSYoungGen: 139541K->64710K(153088K)] 576698K->504192K(677376K), 0.0105720 secs] [Times: user=0.16 sys=0.00, real=0.00 secs] 
2016-09-25T22:19:27.250-0400: 78.401: [GC (GCLocker Initiated GC) [PSYoungGen: 152774K->69049K(174080K)] 595168K->529805K(698368K), 0.0071799 secs] [Times: user=0.10 sys=0.00, real=0.01 secs] 
2016-09-25T22:19:27.317-0400: 78.468: [GC (GCLocker Initiated GC) [PSYoungGen: 157625K->77800K(173568K)] 618563K->538737K(697856K), 0.0074472 secs] [Times: user=0.11 sys=0.00, real=0.01 secs] 
2016-09-25T22:19:27.384-0400: 78.535: [GC (GCLocker Initiated GC) [PSYoungGen: 166376K->59557K(175104K)] 632826K->541274K(699392K), 0.0071316 secs] [Times: user=0.08 sys=0.00, real=0.00 secs] 
2016-09-25T22:19:27.450-0400: 78.601: [Full GC (Ergonomics) [PSYoungGen: 147621K->0K(175104K)] [ParOldGen: 488592K->396576K(524288K)] 636213K->396576K(699392K), [Metaspace: 43730K->43730K(1087488K)], 0.0580553 secs] [Times: user=0.48 sys=0.00, real=0.06 secs] 
2016-09-25T22:19:27.564-0400: 78.715: [GC (GCLocker Initiated GC) [PSYoungGen: 88064K->76475K(175104K)] 485254K->473665K(699392K), 0.0075307 secs] [Times: user=0.12 sys=0.01, real=0.00 secs] 
2016-09-25T22:19:27.628-0400: 78.780: [GC (GCLocker Initiated GC) [PSYoungGen: 164539K->63609K(175104K)] 563721K->467135K(699392K), 0.0108448 secs] [Times: user=0.09 sys=0.00, real=0.01 secs] 
2016-09-25T22:19:27.700-0400: 78.851: [GC (GCLocker Initiated GC) [PSYoungGen: 151673K->68319K(156672K)] 558037K->474691K(680960K), 0.0078550 secs] [Times: user=0.07 sys=0.00, real=0.01 secs] 
2016-09-25T22:19:27.760-0400: 78.911: [GC (GCLocker Initiated GC) [PSYoungGen: 156383K->70600K(174592K)] 563208K->477425K(698880K), 0.0069980 secs] [Times: user=0.09 sys=0.01, real=0.01 secs] 
2016-09-25T22:19:27.823-0400: 78.974: [GC (GCLocker Initiated GC) [PSYoungGen: 159176K->61972K(174080K)] 568752K->471548K(698368K), 0.0064508 secs] [Times: user=0.06 sys=0.00, real=0.00 secs] 
2016-09-25T22:19:27.887-0400: 79.039: [GC (Allocation Failure) [PSYoungGen: 150548K->45427K(173056K)] 568319K->463198K(697344K), 0.0095478 secs] [Times: user=0.10 sys=0.00, real=0.01 secs] 
2016-09-25T22:19:27.951-0400: 79.102: [GC (GCLocker Initiated GC) [PSYoungGen: 133726K->73298K(175104K)] 556897K->496469K(699392K), 0.0065763 secs] [Times: user=0.08 sys=0.00, real=0.01 secs] 
2016-09-25T22:19:28.022-0400: 79.173: [GC (GCLocker Initiated GC) [PSYoungGen: 161874K->56230K(175104K)] 590573K->489301K(699392K), 0.0067049 secs] [Times: user=0.08 sys=0.00, real=0.01 secs] 
2016-09-25T22:19:28.089-0400: 79.240: [GC (GCLocker Initiated GC) [PSYoungGen: 144806K->80238K(175104K)] 577993K->513426K(699392K), 0.0068680 secs] [Times: user=0.10 sys=0.00, real=0.01 secs] 
2016-09-25T22:19:28.160-0400: 79.312: [GC (GCLocker Initiated GC) [PSYoungGen: 168814K->63151K(175104K)] 608884K->507715K(699392K), 0.0083622 secs] [Times: user=0.10 sys=0.00, real=0.01 secs] 
2016-09-25T22:19:28.223-0400: 79.374: [GC (GCLocker Initiated GC) [PSYoungGen: 151215K->71580K(175104K)] 601204K->523461K(699392K), 0.0101342 secs] [Times: user=0.17 sys=0.01, real=0.00 secs] 
2016-09-25T22:19:28.288-0400: 79.439: [GC (GCLocker Initiated GC) [PSYoungGen: 159644K->62501K(175104K)] 615812K->531316K(699392K), 0.0095811 secs] [Times: user=0.10 sys=0.00, real=0.01 secs] 
2016-09-25T22:19:28.345-0400: 79.496: [GC (GCLocker Initiated GC) [PSYoungGen: 150565K->73201K(175104K)] 619506K->543112K(699392K), 0.0064103 secs] [Times: user=0.09 sys=0.00, real=0.00 secs] 
2016-09-25T22:19:28.406-0400: 79.557: [GC (GCLocker Initiated GC) [PSYoungGen: 161265K->71133K(175104K)] 633994K->556448K(699392K), 0.0078089 secs] [Times: user=0.09 sys=0.00, real=0.00 secs] 
2016-09-25T22:19:28.470-0400: 79.621: [GC (GCLocker Initiated GC) [PSYoungGen: 159197K->84838K(175104K)] 647454K->576635K(699392K), 0.0072858 secs] [Times: user=0.13 sys=0.00, real=0.01 secs] 
2016-09-25T22:19:28.531-0400: 79.683: [GC (GCLocker Initiated GC) [PSYoungGen: 172902K->67603K(175104K)] 673032K->583145K(699392K), 0.0170758 secs] [Times: user=0.22 sys=0.00, real=0.02 secs] 
2016-09-25T22:19:28.549-0400: 79.700: [Full GC (Ergonomics) [PSYoungGen: 67603K->0K(175104K)] [ParOldGen: 515541K->423960K(524288K)] 583145K->423960K(699392K), [Metaspace: 43747K->43747K(1087488K)], 0.0749155 secs] [Times: user=0.49 sys=0.01, real=0.08 secs] 
2016-09-25T22:19:28.675-0400: 79.826: [GC (GCLocker Initiated GC) [PSYoungGen: 88064K->68146K(175104K)] 514861K->494944K(699392K), 0.0076272 secs] [Times: user=0.07 sys=0.00, real=0.01 secs] 
2016-09-25T22:19:28.743-0400: 79.894: [GC (GCLocker Initiated GC) [PSYoungGen: 156210K->48810K(175104K)] 589811K->496124K(699392K), 0.0161541 secs] [Times: user=0.20 sys=0.00, real=0.01 secs] 
2016-09-25T22:19:28.813-0400: 79.964: [GC (GCLocker Initiated GC) [PSYoungGen: 136874K->58107K(175104K)] 588338K->511972K(699392K), 0.0141215 secs] [Times: user=0.19 sys=0.01, real=0.02 secs] 
2016-09-25T22:19:28.883-0400: 80.035: [GC (GCLocker Initiated GC) [PSYoungGen: 146171K->47416K(175104K)] 602922K->514580K(699392K), 0.0059973 secs] [Times: user=0.07 sys=0.00, real=0.00 secs] 
2016-09-25T22:19:28.943-0400: 80.094: [GC (GCLocker Initiated GC) [PSYoungGen: 135480K->74511K(175104K)] 605389K->561599K(699392K), 0.0067893 secs] [Times: user=0.09 sys=0.00, real=0.00 secs] 
2016-09-25T22:19:28.998-0400: 80.149: [GC (GCLocker Initiated GC) [PSYoungGen: 162575K->60948K(175104K)] 653885K->579095K(699392K), 0.0072010 secs] [Times: user=0.10 sys=0.00, real=0.01 secs] 
2016-09-25T22:19:29.006-0400: 80.157: [Full GC (Ergonomics) [PSYoungGen: 60948K->0K(175104K)] [ParOldGen: 518146K->413222K(524288K)] 579095K->413222K(699392K), [Metaspace: 43747K->43747K(1087488K)], 0.0633799 secs] [Times: user=0.61 sys=0.00, real=0.06 secs] 
2016-09-25T22:19:29.116-0400: 80.267: [GC (GCLocker Initiated GC) [PSYoungGen: 88064K->72184K(175104K)] 504151K->488271K(699392K), 0.0070417 secs] [Times: user=0.10 sys=0.00, real=0.01 secs] 
2016-09-25T22:19:29.168-0400: 80.319: [GC (GCLocker Initiated GC) [PSYoungGen: 160248K->69079K(175104K)] 579108K->502983K(699392K), 0.0076208 secs] [Times: user=0.13 sys=0.00, real=0.01 secs] 
2016-09-25T22:19:29.226-0400: 80.377: [GC (GCLocker Initiated GC) [PSYoungGen: 157143K->60850K(175104K)] 599222K->503988K(699392K), 0.0069277 secs] [Times: user=0.07 sys=0.00, real=0.00 secs] 
2016-09-25T22:19:29.294-0400: 80.445: [GC (GCLocker Initiated GC) [PSYoungGen: 148914K->51713K(175104K)] 605767K->509520K(699392K), 0.0058000 secs] [Times: user=0.07 sys=0.00, real=0.01 secs] 
2016-09-25T22:19:29.359-0400: 80.511: [GC (GCLocker Initiated GC) [PSYoungGen: 139777K->79420K(175104K)] 597616K->537259K(699392K), 0.0068892 secs] [Times: user=0.09 sys=0.00, real=0.01 secs] 
2016-09-25T22:19:29.408-0400: 80.559: [GC (GCLocker Initiated GC) [PSYoungGen: 167484K->79781K(175104K)] 625417K->547739K(699392K), 0.0071903 secs] [Times: user=0.10 sys=0.00, real=0.01 secs] 
2016-09-25T22:19:29.458-0400: 80.610: [GC (GCLocker Initiated GC) [PSYoungGen: 167845K->59466K(175104K)] 635907K->555513K(699392K), 0.0075876 secs] [Times: user=0.09 sys=0.01, real=0.01 secs] 
2016-09-25T22:19:29.466-0400: 80.617: [Full GC (Ergonomics) [PSYoungGen: 59466K->0K(175104K)] [ParOldGen: 496046K->424956K(524288K)] 555513K->424956K(699392K), [Metaspace: 43747K->43747K(1087488K)], 0.0494506 secs] [Times: user=0.45 sys=0.00, real=0.05 secs] 
2016-09-25T22:19:29.565-0400: 80.716: [GC (GCLocker Initiated GC) [PSYoungGen: 88064K->78942K(175104K)] 518559K->509438K(699392K), 0.0067685 secs] [Times: user=0.10 sys=0.00, real=0.00 secs] 
2016-09-25T22:19:29.631-0400: 80.782: [GC (GCLocker Initiated GC) [PSYoungGen: 167006K->58264K(175104K)] 601585K->501073K(699392K), 0.0066003 secs] [Times: user=0.08 sys=0.00, real=0.01 secs] 
2016-09-25T22:19:29.692-0400: 80.843: [GC (GCLocker Initiated GC) [PSYoungGen: 146328K->54226K(175104K)] 596099K->515817K(699392K), 0.0064778 secs] [Times: user=0.09 sys=0.00, real=0.01 secs] 
2016-09-25T22:19:29.756-0400: 80.907: [GC (GCLocker Initiated GC) [PSYoungGen: 142290K->73094K(175104K)] 612053K->543921K(699392K), 0.0072358 secs] [Times: user=0.10 sys=0.00, real=0.01 secs] 
2016-09-25T22:19:29.814-0400: 80.965: [GC (GCLocker Initiated GC) [PSYoungGen: 161158K->62106K(175104K)] 634805K->567866K(699392K), 0.0073991 secs] [Times: user=0.09 sys=0.01, real=0.01 secs] 
2016-09-25T22:19:29.822-0400: 80.973: [Full GC (Ergonomics) [PSYoungGen: 62106K->0K(175104K)] [ParOldGen: 505760K->432104K(524288K)] 567866K->432104K(699392K), [Metaspace: 43750K->43750K(1087488K)], 0.0555962 secs] [Times: user=0.50 sys=0.00, real=0.06 secs] 
2016-09-25T22:19:29.932-0400: 81.083: [GC (GCLocker Initiated GC) [PSYoungGen: 88064K->68255K(175104K)] 524297K->504488K(699392K), 0.0063170 secs] [Times: user=0.09 sys=0.00, real=0.01 secs] 
2016-09-25T22:19:29.983-0400: 81.134: [GC (GCLocker Initiated GC) [PSYoungGen: 156319K->64838K(175104K)] 592576K->504062K(699392K), 0.0072876 secs] [Times: user=0.09 sys=0.00, real=0.00 secs] 
2016-09-25T22:19:30.036-0400: 81.187: [GC (GCLocker Initiated GC) [PSYoungGen: 152902K->66982K(155136K)] 594977K->509057K(679424K), 0.0064674 secs] [Times: user=0.08 sys=0.00, real=0.01 secs] 
2016-09-25T22:19:30.102-0400: 81.253: [GC (GCLocker Initiated GC) [PSYoungGen: 155046K->61014K(174592K)] 597183K->503151K(698880K), 0.0186310 secs] [Times: user=0.23 sys=0.00, real=0.02 secs] 
2016-09-25T22:19:30.176-0400: 81.327: [GC (GCLocker Initiated GC) [PSYoungGen: 150102K->59853K(173568K)] 594984K->506897K(697856K), 0.0073177 secs] [Times: user=0.07 sys=0.00, real=0.01 secs] 
2016-09-25T22:19:30.230-0400: 81.381: [GC (GCLocker Initiated GC) [PSYoungGen: 148941K->63790K(176128K)] 596139K->514587K(700416K), 0.0092721 secs] [Times: user=0.08 sys=0.00, real=0.01 secs] 
2016-09-25T22:19:30.288-0400: 81.439: [GC (GCLocker Initiated GC) [PSYoungGen: 157486K->51796K(175616K)] 615169K->510356K(699904K), 0.0105976 secs] [Times: user=0.11 sys=0.00, real=0.01 secs] 
2016-09-25T22:19:30.363-0400: 81.514: [GC (GCLocker Initiated GC) [PSYoungGen: 145492K->56386K(178688K)] 610871K->550552K(702976K), 0.0078228 secs] [Times: user=0.09 sys=0.00, real=0.00 secs] 
2016-09-25T22:19:30.371-0400: 81.522: [Full GC (Ergonomics) [PSYoungGen: 56386K->0K(178688K)] [ParOldGen: 494165K->436209K(524288K)] 550552K->436209K(702976K), [Metaspace: 43750K->43750K(1087488K)], 0.0644915 secs] [Times: user=0.46 sys=0.01, real=0.07 secs] 
2016-09-25T22:19:30.496-0400: 81.647: [GC (GCLocker Initiated GC) [PSYoungGen: 97792K->64220K(179200K)] 537326K->503755K(703488K), 0.0055556 secs] [Times: user=0.07 sys=0.00, real=0.00 secs] 
2016-09-25T22:19:30.549-0400: 81.700: [GC (GCLocker Initiated GC) [PSYoungGen: 162012K->73082K(177664K)] 604290K->515360K(701952K), 0.0067366 secs] [Times: user=0.09 sys=0.00, real=0.01 secs] 
2016-09-25T22:19:30.609-0400: 81.760: [GC (GCLocker Initiated GC) [PSYoungGen: 170362K->69759K(167424K)] 612688K->527193K(691712K), 0.0074525 secs] [Times: user=0.11 sys=0.01, real=0.01 secs] 
2016-09-25T22:19:30.663-0400: 81.814: [GC (GCLocker Initiated GC) [PSYoungGen: 167039K->61689K(180736K)] 624528K->538888K(705024K), 0.0070737 secs] [Times: user=0.10 sys=0.00, real=0.00 secs] 
2016-09-25T22:19:30.717-0400: 81.868: [GC (GCLocker Initiated GC) [PSYoungGen: 159481K->75222K(173056K)] 636720K->558822K(697344K), 0.0071451 secs] [Times: user=0.10 sys=0.00, real=0.01 secs] 
2016-09-25T22:19:30.780-0400: 81.931: [GC (GCLocker Initiated GC) [PSYoungGen: 173014K->80861K(172032K)] 662091K->576226K(696320K), 0.0082134 secs] [Times: user=0.11 sys=0.00, real=0.01 secs] 
2016-09-25T22:19:30.788-0400: 81.939: [Full GC (Ergonomics) [PSYoungGen: 80861K->0K(172032K)] [ParOldGen: 495365K->441487K(524288K)] 576226K->441487K(696320K), [Metaspace: 43760K->43760K(1087488K)], 0.0523001 secs] [Times: user=0.48 sys=0.00, real=0.05 secs] 
2016-09-25T22:19:30.890-0400: 82.041: [GC (GCLocker Initiated GC) [PSYoungGen: 88064K->57440K(175104K)] 533627K->503012K(699392K), 0.0055087 secs] [Times: user=0.07 sys=0.00, real=0.01 secs] 
2016-09-25T22:19:30.950-0400: 82.101: [GC (GCLocker Initiated GC) [PSYoungGen: 145504K->51528K(175104K)] 600621K->506653K(699392K), 0.0057029 secs] [Times: user=0.05 sys=0.00, real=0.01 secs] 
2016-09-25T22:19:31.005-0400: 82.156: [GC (GCLocker Initiated GC) [PSYoungGen: 139592K->71527K(175104K)] 594777K->529147K(699392K), 0.0066754 secs] [Times: user=0.08 sys=0.01, real=0.00 secs] 
2016-09-25T22:19:31.056-0400: 82.207: [GC (GCLocker Initiated GC) [PSYoungGen: 159591K->58044K(175104K)] 620165K->538445K(699392K), 0.0065217 secs] [Times: user=0.08 sys=0.00, real=0.01 secs] 
2016-09-25T22:19:31.111-0400: 82.262: [GC (GCLocker Initiated GC) [PSYoungGen: 146108K->69610K(157696K)] 626919K->550422K(681984K), 0.0126134 secs] [Times: user=0.17 sys=0.00, real=0.02 secs] 
2016-09-25T22:19:31.175-0400: 82.326: [GC (GCLocker Initiated GC) [PSYoungGen: 157674K->55886K(175104K)] 643918K->542882K(699392K), 0.0061526 secs] [Times: user=0.06 sys=0.00, real=0.00 secs] 
2016-09-25T22:19:31.226-0400: 82.377: [GC (GCLocker Initiated GC) [PSYoungGen: 144462K->69589K(174592K)] 634271K->560219K(698880K), 0.0073484 secs] [Times: user=0.08 sys=0.00, real=0.00 secs] 
2016-09-25T22:19:31.282-0400: 82.433: [Full GC (Ergonomics) [PSYoungGen: 158165K->0K(174592K)] [ParOldGen: 498778K->456051K(524288K)] 656943K->456051K(698880K), [Metaspace: 43788K->43788K(1087488K)], 0.0580389 secs] [Times: user=0.56 sys=0.00, real=0.06 secs] 
2016-09-25T22:19:31.396-0400: 82.547: [GC (GCLocker Initiated GC) [PSYoungGen: 88576K->76148K(174080K)] 551507K->539079K(698368K), 0.0065385 secs] [Times: user=0.09 sys=0.01, real=0.01 secs] 
2016-09-25T22:19:31.460-0400: 82.611: [GC (GCLocker Initiated GC) [PSYoungGen: 164212K->73121K(175104K)] 635338K->552399K(699392K), 0.0074045 secs] [Times: user=0.11 sys=0.00, real=0.01 secs] 
2016-09-25T22:19:31.521-0400: 82.672: [GC (GCLocker Initiated GC) [PSYoungGen: 161185K->77013K(175104K)] 647309K->564070K(699392K), 0.0069140 secs] [Times: user=0.12 sys=0.00, real=0.01 secs] 
2016-09-25T22:19:31.580-0400: 82.732: [GC (GCLocker Initiated GC) [PSYoungGen: 165077K->54139K(175104K)] 665760K->571987K(699392K), 0.0070016 secs] [Times: user=0.10 sys=0.00, real=0.01 secs] 
2016-09-25T22:19:31.588-0400: 82.739: [Full GC (Ergonomics) [PSYoungGen: 54139K->0K(175104K)] [ParOldGen: 517847K->456785K(524288K)] 571987K->456785K(699392K), [Metaspace: 43793K->43793K(1087488K)], 0.0668800 secs] [Times: user=0.53 sys=0.04, real=0.07 secs] 
2016-09-25T22:19:31.717-0400: 82.868: [GC (GCLocker Initiated GC) [PSYoungGen: 88064K->58389K(175104K)] 547755K->518080K(699392K), 0.0069417 secs] [Times: user=0.06 sys=0.00, real=0.01 secs] 
2016-09-25T22:19:31.771-0400: 82.922: [GC (GCLocker Initiated GC) [PSYoungGen: 146453K->76954K(175104K)] 606180K->539280K(699392K), 0.0071512 secs] [Times: user=0.10 sys=0.00, real=0.01 secs] 
2016-09-25T22:19:31.828-0400: 82.979: [GC (GCLocker Initiated GC) [PSYoungGen: 165018K->50115K(175104K)] 636913K->533755K(699392K), 0.0086222 secs] [Times: user=0.11 sys=0.00, real=0.01 secs] 
2016-09-25T22:19:31.884-0400: 83.036: [GC (GCLocker Initiated GC) [PSYoungGen: 138179K->75464K(175104K)] 624606K->573685K(699392K), 0.0090652 secs] [Times: user=0.13 sys=0.00, real=0.00 secs] 
2016-09-25T22:19:31.943-0400: 83.094: [Full GC (Ergonomics) [PSYoungGen: 163528K->0K(175104K)] [ParOldGen: 501125K->460678K(524288K)] 664653K->460678K(699392K), [Metaspace: 43793K->43793K(1087488K)], 0.0556030 secs] [Times: user=0.52 sys=0.00, real=0.05 secs] 
2016-09-25T22:19:32.055-0400: 83.206: [GC (GCLocker Initiated GC) [PSYoungGen: 88064K->65329K(175104K)] 554322K->531587K(699392K), 0.0063568 secs] [Times: user=0.07 sys=0.01, real=0.00 secs] 
2016-09-25T22:19:32.111-0400: 83.262: [GC (GCLocker Initiated GC) [PSYoungGen: 153393K->63371K(175104K)] 623821K->539279K(699392K), 0.0063772 secs] [Times: user=0.08 sys=0.00, real=0.01 secs] 
2016-09-25T22:19:32.170-0400: 83.321: [GC (GCLocker Initiated GC) [PSYoungGen: 151435K->56519K(175104K)] 627420K->544167K(699392K), 0.0057301 secs] [Times: user=0.07 sys=0.00, real=0.01 secs] 
2016-09-25T22:19:32.226-0400: 83.377: [GC (GCLocker Initiated GC) [PSYoungGen: 144583K->46075K(175104K)] 643301K->548206K(699392K), 0.0054815 secs] [Times: user=0.07 sys=0.00, real=0.00 secs] 
2016-09-25T22:19:32.291-0400: 83.442: [Full GC (Ergonomics) [PSYoungGen: 134139K->0K(175104K)] [ParOldGen: 517136K->459023K(524288K)] 651275K->459023K(699392K), [Metaspace: 43793K->43793K(1087488K)], 0.0522502 secs] [Times: user=0.43 sys=0.00, real=0.06 secs] 
2016-09-25T22:19:32.394-0400: 83.545: [GC (GCLocker Initiated GC) [PSYoungGen: 88064K->58290K(174080K)] 549852K->520078K(698368K), 0.0053077 secs] [Times: user=0.08 sys=0.00, real=0.01 secs] 
2016-09-25T22:19:32.444-0400: 83.596: [GC (GCLocker Initiated GC) [PSYoungGen: 146354K->64422K(174592K)] 611233K->529301K(698880K), 0.0064744 secs] [Times: user=0.08 sys=0.00, real=0.00 secs] 
2016-09-25T22:19:32.498-0400: 83.649: [GC (GCLocker Initiated GC) [PSYoungGen: 152486K->64944K(174592K)] 620117K->532575K(698880K), 0.0067143 secs] [Times: user=0.09 sys=0.00, real=0.01 secs] 
2016-09-25T22:19:32.552-0400: 83.703: [GC (GCLocker Initiated GC) [PSYoungGen: 155568K->80515K(174592K)] 632807K->557755K(698880K), 0.0075511 secs] [Times: user=0.10 sys=0.00, real=0.01 secs] 
2016-09-25T22:19:32.603-0400: 83.754: [GC (GCLocker Initiated GC) [PSYoungGen: 171139K->68788K(175104K)] 648425K->550504K(699392K), 0.0118968 secs] [Times: user=0.13 sys=0.00, real=0.01 secs] 
2016-09-25T22:19:32.663-0400: 83.814: [GC (GCLocker Initiated GC) [PSYoungGen: 156852K->65220K(153600K)] 641329K->556452K(677888K), 0.0128164 secs] [Times: user=0.15 sys=0.00, real=0.01 secs] 
2016-09-25T22:19:32.722-0400: 83.873: [GC (GCLocker Initiated GC) [PSYoungGen: 153284K->58296K(174592K)] 652668K->571934K(698880K), 0.0087247 secs] [Times: user=0.08 sys=0.00, real=0.01 secs] 
2016-09-25T22:19:32.731-0400: 83.882: [Full GC (Ergonomics) [PSYoungGen: 58296K->0K(174592K)] [ParOldGen: 513637K->468966K(524288K)] 571934K->468966K(698880K), [Metaspace: 43793K->43793K(1087488K)], 0.0580279 secs] [Times: user=0.46 sys=0.00, real=0.06 secs] 
2016-09-25T22:19:32.838-0400: 83.989: [GC (GCLocker Initiated GC) [PSYoungGen: 89088K->71869K(173568K)] 563364K->546146K(697856K), 0.0079856 secs] [Times: user=0.12 sys=0.00, real=0.01 secs] 
2016-09-25T22:19:32.893-0400: 84.044: [GC (GCLocker Initiated GC) [PSYoungGen: 160957K->60278K(176128K)] 637966K->537286K(700416K), 0.0180793 secs] [Times: user=0.25 sys=0.00, real=0.02 secs] 
2016-09-25T22:19:32.974-0400: 84.125: [GC (Allocation Failure) [PSYoungGen: 152950K->36782K(129536K)] 635483K->520441K(653824K), 0.0199387 secs] [Times: user=0.24 sys=0.01, real=0.02 secs] 
2016-09-25T22:19:32.997-0400: 84.148: [GC (GCLocker Initiated GC) --[PSYoungGen: 37641K->37641K(129536K)] 521299K->560696K(653824K), 0.0049889 secs] [Times: user=0.04 sys=0.00, real=0.00 secs] 
2016-09-25T22:19:33.002-0400: 84.153: [Full GC (Ergonomics) [PSYoungGen: 37641K->0K(129536K)] [ParOldGen: 523055K->443087K(524288K)] 560696K->443087K(653824K), [Metaspace: 43837K->43837K(1087488K)], 0.0951972 secs] [Times: user=1.08 sys=0.04, real=0.10 secs] 
2016-09-25T22:19:33.158-0400: 84.309: [GC (GCLocker Initiated GC) [PSYoungGen: 92672K->62237K(177664K)] 535763K->505329K(701952K), 0.0066295 secs] [Times: user=0.10 sys=0.00, real=0.01 secs] 
2016-09-25T22:19:33.209-0400: 84.360: [GC (GCLocker Initiated GC) [PSYoungGen: 152861K->61976K(153088K)] 600063K->514259K(677376K), 0.0065983 secs] [Times: user=0.08 sys=0.01, real=0.01 secs] 
2016-09-25T22:19:33.266-0400: 84.417: [GC (GCLocker Initiated GC) [PSYoungGen: 152600K->59402K(174592K)] 611780K->530096K(698880K), 0.0063205 secs] [Times: user=0.09 sys=0.00, real=0.00 secs] 
2016-09-25T22:19:33.327-0400: 84.478: [GC (GCLocker Initiated GC) [PSYoungGen: 151562K->72718K(173056K)] 622319K->556464K(697344K), 0.0072858 secs] [Times: user=0.11 sys=0.00, real=0.01 secs] 
2016-09-25T22:19:33.388-0400: 84.539: [GC (GCLocker Initiated GC) [PSYoungGen: 164878K->82915K(171008K)] 651784K->572554K(695296K), 0.0148392 secs] [Times: user=0.20 sys=0.00, real=0.02 secs] 
2016-09-25T22:19:33.455-0400: 84.606: [GC (GCLocker Initiated GC) --[PSYoungGen: 170979K->170979K(171008K)] 666144K->693277K(695296K), 0.0109694 secs] [Times: user=0.09 sys=0.00, real=0.01 secs] 
2016-09-25T22:19:33.466-0400: 84.617: [Full GC (Ergonomics) [PSYoungGen: 170979K->0K(171008K)] [ParOldGen: 522297K->449465K(524288K)] 693277K->449465K(695296K), [Metaspace: 43844K->43844K(1087488K)], 0.0551314 secs] [Times: user=0.53 sys=0.01, real=0.05 secs] 
2016-09-25T22:19:33.568-0400: 84.719: [GC (GCLocker Initiated GC) [PSYoungGen: 88064K->58088K(175104K)] 541698K->511723K(699392K), 0.0052087 secs] [Times: user=0.08 sys=0.00, real=0.00 secs] 
2016-09-25T22:19:33.623-0400: 84.774: [GC (GCLocker Initiated GC) [PSYoungGen: 146152K->51079K(175104K)] 610765K->532831K(699392K), 0.0059829 secs] [Times: user=0.08 sys=0.00, real=0.00 secs] 
2016-09-25T22:19:33.681-0400: 84.832: [GC (GCLocker Initiated GC) [PSYoungGen: 139143K->74126K(175104K)] 623674K->571496K(699392K), 0.0072101 secs] [Times: user=0.10 sys=0.00, real=0.01 secs] 
2016-09-25T22:19:33.738-0400: 84.889: [Full GC (Ergonomics) [PSYoungGen: 162190K->0K(175104K)] [ParOldGen: 502802K->455484K(524288K)] 664992K->455484K(699392K), [Metaspace: 43875K->43875K(1087488K)], 0.1502208 secs] [Times: user=2.27 sys=0.04, real=0.15 secs] 
2016-09-25T22:19:33.935-0400: 85.086: [GC (GCLocker Initiated GC) [PSYoungGen: 88063K->77236K(175104K)] 543677K->532849K(699392K), 0.0070180 secs] [Times: user=0.09 sys=0.00, real=0.00 secs] 
2016-09-25T22:19:33.985-0400: 85.136: [GC (GCLocker Initiated GC) [PSYoungGen: 165300K->63262K(175104K)] 623753K->534919K(699392K), 0.0069051 secs] [Times: user=0.09 sys=0.00, real=0.00 secs] 
2016-09-25T22:19:34.039-0400: 85.190: [GC (GCLocker Initiated GC) [PSYoungGen: 151326K->62034K(175104K)] 632678K->545338K(699392K), 0.0064749 secs] [Times: user=0.08 sys=0.00, real=0.01 secs] 
2016-09-25T22:19:34.094-0400: 85.245: [GC (GCLocker Initiated GC) [PSYoungGen: 150098K->63103K(151552K)] 639259K->555720K(675840K), 0.0179495 secs] [Times: user=0.10 sys=0.00, real=0.02 secs] 
2016-09-25T22:19:34.157-0400: 85.308: [GC (GCLocker Initiated GC) [PSYoungGen: 151167K->67805K(175104K)] 646591K->563229K(699392K), 0.0146834 secs] [Times: user=0.22 sys=0.00, real=0.01 secs] 
2016-09-25T22:19:34.217-0400: 85.368: [GC (GCLocker Initiated GC) [PSYoungGen: 156893K->83211K(174080K)] 659136K->598953K(698368K), 0.0081896 secs] [Times: user=0.13 sys=0.00, real=0.01 secs] 
2016-09-25T22:19:34.226-0400: 85.377: [Full GC (Ergonomics) [PSYoungGen: 83211K->0K(174080K)] [ParOldGen: 515742K->461505K(524288K)] 598953K->461505K(698368K), [Metaspace: 43878K->43878K(1087488K)], 0.0547835 secs] [Times: user=0.54 sys=0.02, real=0.05 secs] 
2016-09-25T22:19:34.335-0400: 85.486: [GC (GCLocker Initiated GC) [PSYoungGen: 89088K->68954K(175104K)] 556037K->535903K(699392K), 0.0093775 secs] [Times: user=0.10 sys=0.00, real=0.01 secs] 
2016-09-25T22:19:34.394-0400: 85.545: [GC (GCLocker Initiated GC) [PSYoungGen: 157018K->53783K(175104K)] 629516K->527239K(699392K), 0.0095513 secs] [Times: user=0.08 sys=0.00, real=0.02 secs] 
2016-09-25T22:19:34.452-0400: 85.603: [GC (GCLocker Initiated GC) [PSYoungGen: 141847K->57870K(175104K)] 622429K->539240K(699392K), 0.0061200 secs] [Times: user=0.07 sys=0.00, real=0.01 secs] 
2016-09-25T22:19:34.510-0400: 85.661: [GC (GCLocker Initiated GC) [PSYoungGen: 145934K->38746K(175104K)] 627484K->526294K(699392K), 0.0067385 secs] [Times: user=0.06 sys=0.00, real=0.01 secs] 
2016-09-25T22:19:34.563-0400: 85.714: [GC (GCLocker Initiated GC) [PSYoungGen: 126810K->70147K(175104K)] 622715K->566750K(699392K), 0.0065198 secs] [Times: user=0.09 sys=0.00, real=0.00 secs] 
2016-09-25T22:19:34.622-0400: 85.774: [GC (GCLocker Initiated GC) [PSYoungGen: 158211K->56489K(175104K)] 657516K->579561K(699392K), 0.0069666 secs] [Times: user=0.10 sys=0.00, real=0.00 secs] 
2016-09-25T22:19:34.630-0400: 85.781: [Full GC (Ergonomics) [PSYoungGen: 56489K->0K(175104K)] [ParOldGen: 523071K->457181K(524288K)] 579561K->457181K(699392K), [Metaspace: 43878K->43878K(1087488K)], 0.0623582 secs] [Times: user=0.61 sys=0.00, real=0.06 secs] 
2016-09-25T22:19:34.738-0400: 85.889: [GC (GCLocker Initiated GC) [PSYoungGen: 88064K->58121K(174080K)] 550758K->520816K(698368K), 0.0082435 secs] [Times: user=0.11 sys=0.00, real=0.01 secs] 
2016-09-25T22:19:34.793-0400: 85.945: [GC (GCLocker Initiated GC) [PSYoungGen: 146185K->68309K(174592K)] 611637K->533760K(698880K), 0.0099283 secs] [Times: user=0.12 sys=0.01, real=0.02 secs] 
2016-09-25T22:19:34.847-0400: 85.998: [GC (GCLocker Initiated GC) [PSYoungGen: 156373K->70141K(174592K)] 625129K->538896K(698880K), 0.0086201 secs] [Times: user=0.11 sys=0.00, real=0.01 secs] 
2016-09-25T22:19:34.899-0400: 86.050: [GC (GCLocker Initiated GC) [PSYoungGen: 158205K->77381K(175104K)] 629815K->548991K(699392K), 0.0118683 secs] [Times: user=0.16 sys=0.00, real=0.01 secs] 
2016-09-25T22:19:34.956-0400: 86.108: [GC (GCLocker Initiated GC) [PSYoungGen: 165445K->83222K(175104K)] 642536K->570084K(699392K), 0.0072315 secs] [Times: user=0.11 sys=0.00, real=0.01 secs] 
2016-09-25T22:19:35.008-0400: 86.159: [GC (GCLocker Initiated GC) [PSYoungGen: 171286K->77430K(175104K)] 658280K->587132K(699392K), 0.0122535 secs] [Times: user=0.16 sys=0.00, real=0.01 secs] 
2016-09-25T22:19:35.020-0400: 86.172: [Full GC (Ergonomics) [PSYoungGen: 77430K->0K(175104K)] [ParOldGen: 509702K->466006K(524288K)] 587132K->466006K(699392K), [Metaspace: 43881K->43881K(1087488K)], 0.0575029 secs] [Times: user=0.57 sys=0.00, real=0.06 secs] 
2016-09-25T22:19:35.123-0400: 86.274: [GC (Allocation Failure) [PSYoungGen: 88064K->77110K(175104K)] 556978K->546024K(699392K), 0.0066114 secs] [Times: user=0.09 sys=0.01, real=0.00 secs] 
2016-09-25T22:19:35.179-0400: 86.330: [GC (GCLocker Initiated GC) [PSYoungGen: 165174K->72747K(175104K)] 634108K->546768K(699392K), 0.0063447 secs] [Times: user=0.09 sys=0.00, real=0.01 secs] 
2016-09-25T22:19:35.237-0400: 86.388: [GC (GCLocker Initiated GC) [PSYoungGen: 160811K->79676K(175104K)] 640237K->561161K(699392K), 0.0080728 secs] [Times: user=0.11 sys=0.01, real=0.01 secs] 
2016-09-25T22:19:35.298-0400: 86.449: [GC (GCLocker Initiated GC) [PSYoungGen: 167740K->63419K(175104K)] 652037K->549938K(699392K), 0.0065854 secs] [Times: user=0.08 sys=0.00, real=0.01 secs] 
2016-09-25T22:19:35.351-0400: 86.502: [GC (GCLocker Initiated GC) [PSYoungGen: 151483K->60715K(175104K)] 638666K->556821K(699392K), 0.0059041 secs] [Times: user=0.07 sys=0.00, real=0.01 secs] 
2016-09-25T22:19:35.408-0400: 86.559: [GC (GCLocker Initiated GC) [PSYoungGen: 148779K->51143K(175104K)] 647644K->563061K(699392K), 0.0080058 secs] [Times: user=0.09 sys=0.00, real=0.01 secs] 
2016-09-25T22:19:35.416-0400: 86.567: [Full GC (Ergonomics) [PSYoungGen: 51143K->0K(175104K)] [ParOldGen: 511918K->462053K(524288K)] 563061K->462053K(699392K), [Metaspace: 43881K->43881K(1087488K)], 0.0590140 secs] [Times: user=0.59 sys=0.01, real=0.06 secs] 
2016-09-25T22:19:35.530-0400: 86.681: [GC (GCLocker Initiated GC) [PSYoungGen: 88064K->62207K(175104K)] 550141K->524285K(699392K), 0.0077065 secs] [Times: user=0.09 sys=0.00, real=0.01 secs] 
2016-09-25T22:19:35.579-0400: 86.730: [GC (GCLocker Initiated GC) [PSYoungGen: 150271K->53936K(175104K)] 612420K->530578K(699392K), 0.0063903 secs] [Times: user=0.07 sys=0.00, real=0.01 secs] 
2016-09-25T22:19:35.633-0400: 86.784: [GC (GCLocker Initiated GC) [PSYoungGen: 142000K->67500K(175104K)] 618717K->566671K(699392K), 0.0072331 secs] [Times: user=0.12 sys=0.00, real=0.01 secs] 
2016-09-25T22:19:35.641-0400: 86.792: [Full GC (Ergonomics) [PSYoungGen: 67500K->0K(175104K)] [ParOldGen: 499171K->469402K(524288K)] 566671K->469402K(699392K), [Metaspace: 43881K->43881K(1087488K)], 0.0533951 secs] [Times: user=0.51 sys=0.00, real=0.05 secs] 
2016-09-25T22:19:35.752-0400: 86.903: [GC (GCLocker Initiated GC) [PSYoungGen: 88064K->63611K(175104K)] 560397K->535945K(699392K), 0.0109831 secs] [Times: user=0.14 sys=0.01, real=0.02 secs] 
2016-09-25T22:19:35.807-0400: 86.958: [GC (GCLocker Initiated GC) [PSYoungGen: 151675K->66086K(173056K)] 624171K->553249K(697344K), 0.0116529 secs] [Times: user=0.16 sys=0.00, real=0.01 secs] 
2016-09-25T22:19:35.866-0400: 87.017: [GC (GCLocker Initiated GC) [PSYoungGen: 154150K->66786K(174080K)] 649426K->562062K(698368K), 0.0066272 secs] [Times: user=0.08 sys=0.00, real=0.00 secs] 
2016-09-25T22:19:35.921-0400: 87.073: [Full GC (Ergonomics) [PSYoungGen: 154850K->0K(174080K)] [ParOldGen: 498018K->469515K(524288K)] 652869K->469515K(698368K), [Metaspace: 43882K->43882K(1087488K)], 0.0658850 secs] [Times: user=0.58 sys=0.01, real=0.07 secs] 
2016-09-25T22:19:36.032-0400: 87.183: [GC (GCLocker Initiated GC) [PSYoungGen: 88064K->76264K(173568K)] 557670K->545870K(697856K), 0.0068625 secs] [Times: user=0.10 sys=0.00, real=0.01 secs] 
2016-09-25T22:19:36.092-0400: 87.244: [GC (GCLocker Initiated GC) [PSYoungGen: 165352K->74331K(163840K)] 637693K->546672K(688128K), 0.0063175 secs] [Times: user=0.08 sys=0.00, real=0.01 secs] 
2016-09-25T22:19:36.149-0400: 87.300: [GC (Allocation Failure) [PSYoungGen: 163419K->72517K(175104K)] 650799K->559898K(699392K), 0.0077396 secs] [Times: user=0.09 sys=0.01, real=0.01 secs] 
2016-09-25T22:19:36.201-0400: 87.352: [GC (GCLocker Initiated GC) [PSYoungGen: 160581K->64334K(152576K)] 647971K->575536K(676864K), 0.0075587 secs] [Times: user=0.11 sys=0.00, real=0.01 secs] 
2016-09-25T22:19:36.209-0400: 87.360: [Full GC (Ergonomics) [PSYoungGen: 64334K->0K(152576K)] [ParOldGen: 511202K->478007K(524288K)] 575536K->478007K(676864K), [Metaspace: 43882K->43882K(1087488K)], 0.0600085 secs] [Times: user=0.59 sys=0.00, real=0.06 secs] 
2016-09-25T22:19:36.317-0400: 87.468: [GC (GCLocker Initiated GC) [PSYoungGen: 88064K->65238K(175616K)] 567610K->544785K(699904K), 0.0094238 secs] [Times: user=0.13 sys=0.00, real=0.01 secs] 
2016-09-25T22:19:36.378-0400: 87.529: [GC (GCLocker Initiated GC) [PSYoungGen: 154838K->72882K(174080K)] 639983K->558027K(698368K), 0.0068201 secs] [Times: user=0.06 sys=0.01, real=0.01 secs] 
2016-09-25T22:19:36.437-0400: 87.588: [GC (GCLocker Initiated GC) [PSYoungGen: 162482K->83189K(173056K)] 650392K->581899K(697344K), 0.0081882 secs] [Times: user=0.10 sys=0.00, real=0.01 secs] 
2016-09-25T22:19:36.445-0400: 87.596: [Full GC (Ergonomics) [PSYoungGen: 83189K->0K(173056K)] [ParOldGen: 498710K->474466K(524288K)] 581899K->474466K(697344K), [Metaspace: 43882K->43882K(1087488K)], 0.0564056 secs] [Times: user=0.58 sys=0.00, real=0.05 secs] 
2016-09-25T22:19:36.550-0400: 87.701: [GC (GCLocker Initiated GC) [PSYoungGen: 88064K->66467K(175104K)] 568476K->546880K(699392K), 0.0071371 secs] [Times: user=0.07 sys=0.00, real=0.01 secs] 
2016-09-25T22:19:36.605-0400: 87.756: [GC (GCLocker Initiated GC) [PSYoungGen: 154531K->67144K(173056K)] 644523K->557136K(697344K), 0.0070178 secs] [Times: user=0.07 sys=0.00, real=0.00 secs] 
2016-09-25T22:19:36.660-0400: 87.811: [GC (GCLocker Initiated GC) [PSYoungGen: 155208K->85660K(174080K)] 645356K->583909K(698368K), 0.0089464 secs] [Times: user=0.13 sys=0.00, real=0.01 secs] 
2016-09-25T22:19:36.720-0400: 87.871: [Full GC (Ergonomics) [PSYoungGen: 173724K->0K(174080K)] [ParOldGen: 509424K->475205K(524288K)] 683149K->475205K(698368K), [Metaspace: 43884K->43884K(1087488K)], 0.0510947 secs] [Times: user=0.42 sys=0.00, real=0.05 secs] 
2016-09-25T22:19:36.819-0400: 87.970: [GC (Allocation Failure) [PSYoungGen: 88064K->66591K(175104K)] 566083K->544611K(699392K), 0.0097704 secs] [Times: user=0.14 sys=0.00, real=0.01 secs] 
2016-09-25T22:19:36.876-0400: 88.027: [GC (GCLocker Initiated GC) [PSYoungGen: 154125K->74267K(175104K)] 634845K->554987K(699392K), 0.0078114 secs] [Times: user=0.09 sys=0.00, real=0.01 secs] 
2016-09-25T22:19:36.936-0400: 88.088: [GC (GCLocker Initiated GC) [PSYoungGen: 162331K->40555K(175104K)] 651432K->548036K(699392K), 0.0067513 secs] [Times: user=0.06 sys=0.00, real=0.01 secs] 
2016-09-25T22:19:36.943-0400: 88.095: [Full GC (Ergonomics) [PSYoungGen: 40555K->0K(175104K)] [ParOldGen: 507481K->476465K(524288K)] 548036K->476465K(699392K), [Metaspace: 43884K->43884K(1087488K)], 0.0536390 secs] [Times: user=0.49 sys=0.00, real=0.05 secs] 
2016-09-25T22:19:37.049-0400: 88.200: [GC (GCLocker Initiated GC) [PSYoungGen: 88064K->66216K(175104K)] 573572K->551724K(699392K), 0.0089913 secs] [Times: user=0.10 sys=0.00, real=0.01 secs] 
2016-09-25T22:19:37.107-0400: 88.259: [GC (GCLocker Initiated GC) [PSYoungGen: 154280K->58075K(175104K)] 645232K->571547K(699392K), 0.0067446 secs] [Times: user=0.10 sys=0.00, real=0.01 secs] 
2016-09-25T22:19:37.114-0400: 88.265: [Full GC (Ergonomics) [PSYoungGen: 58075K->0K(175104K)] [ParOldGen: 513471K->482055K(524288K)] 571547K->482055K(699392K), [Metaspace: 43888K->43888K(1087488K)], 0.0551126 secs] [Times: user=0.50 sys=0.01, real=0.05 secs] 
2016-09-25T22:19:37.218-0400: 88.369: [GC (GCLocker Initiated GC) [PSYoungGen: 88064K->61626K(175104K)] 575643K->549205K(699392K), 0.0065970 secs] [Times: user=0.10 sys=0.00, real=0.01 secs] 
2016-09-25T22:19:37.273-0400: 88.424: [GC (GCLocker Initiated GC) [PSYoungGen: 149690K->52765K(175104K)] 642784K->558283K(699392K), 0.0065522 secs] [Times: user=0.07 sys=0.00, real=0.01 secs] 
2016-09-25T22:19:37.279-0400: 88.430: [Full GC (Ergonomics) [PSYoungGen: 52765K->0K(175104K)] [ParOldGen: 505518K->486684K(524288K)] 558283K->486684K(699392K), [Metaspace: 43888K->43888K(1087488K)], 0.0677793 secs] [Times: user=0.66 sys=0.00, real=0.07 secs] 
2016-09-25T22:19:37.406-0400: 88.557: [GC (GCLocker Initiated GC) [PSYoungGen: 88064K->62578K(151040K)] 577499K->552013K(675328K), 0.0055811 secs] [Times: user=0.08 sys=0.00, real=0.00 secs] 
2016-09-25T22:19:37.453-0400: 88.604: [GC (GCLocker Initiated GC) [PSYoungGen: 150642K->83719K(173056K)] 641130K->574206K(697344K), 0.0070869 secs] [Times: user=0.09 sys=0.00, real=0.01 secs] 
2016-09-25T22:19:37.511-0400: 88.662: [GC (GCLocker Initiated GC) --[PSYoungGen: 170759K->170759K(173056K)] 665525K->693430K(697344K), 0.0095740 secs] [Times: user=0.09 sys=0.00, real=0.01 secs] 
2016-09-25T22:19:37.520-0400: 88.672: [Full GC (Ergonomics) [PSYoungGen: 170759K->0K(173056K)] [ParOldGen: 522670K->486570K(524288K)] 693430K->486570K(697344K), [Metaspace: 43895K->43895K(1087488K)], 0.0582720 secs] [Times: user=0.57 sys=0.01, real=0.06 secs] 
2016-09-25T22:19:37.630-0400: 88.781: [GC (GCLocker Initiated GC) [PSYoungGen: 87040K->65404K(174080K)] 579259K->557623K(698368K), 0.0065683 secs] [Times: user=0.09 sys=0.00, real=0.01 secs] 
2016-09-25T22:19:37.698-0400: 88.849: [GC (GCLocker Initiated GC) [PSYoungGen: 152444K->66576K(174080K)] 651567K->567172K(698368K), 0.0065600 secs] [Times: user=0.09 sys=0.00, real=0.01 secs] 
2016-09-25T22:19:37.760-0400: 88.911: [GC (GCLocker Initiated GC) [PSYoungGen: 154640K->86346K(174592K)] 655333K->589738K(698880K), 0.0076193 secs] [Times: user=0.10 sys=0.01, real=0.01 secs] 
2016-09-25T22:19:37.768-0400: 88.919: [Full GC (Ergonomics) [PSYoungGen: 86346K->0K(174592K)] [ParOldGen: 503392K->494806K(524288K)] 589738K->494806K(698880K), [Metaspace: 43897K->43897K(1087488K)], 0.0551246 secs] [Times: user=0.53 sys=0.00, real=0.06 secs] 
2016-09-25T22:19:37.874-0400: 89.025: [GC (GCLocker Initiated GC) [PSYoungGen: 88064K->62643K(175104K)] 585729K->560308K(699392K), 0.0131213 secs] [Times: user=0.17 sys=0.01, real=0.02 secs] 
2016-09-25T22:19:37.939-0400: 89.090: [GC (GCLocker Initiated GC) [PSYoungGen: 150707K->55599K(175104K)] 653908K->560253K(699392K), 0.0058809 secs] [Times: user=0.06 sys=0.00, real=0.01 secs] 
2016-09-25T22:19:37.945-0400: 89.096: [Full GC (Ergonomics) [PSYoungGen: 55599K->0K(175104K)] [ParOldGen: 504654K->493809K(524288K)] 560253K->493809K(699392K), [Metaspace: 43897K->43897K(1087488K)], 0.0575204 secs] [Times: user=0.61 sys=0.00, real=0.06 secs] 
2016-09-25T22:19:38.065-0400: 89.216: [GC (GCLocker Initiated GC) [PSYoungGen: 88064K->55860K(175104K)] 584609K->552405K(699392K), 0.0069086 secs] [Times: user=0.05 sys=0.00, real=0.00 secs] 
2016-09-25T22:19:38.121-0400: 89.272: [GC (GCLocker Initiated GC) [PSYoungGen: 143924K->66461K(175104K)] 646024K->571523K(699392K), 0.0068669 secs] [Times: user=0.09 sys=0.00, real=0.01 secs] 
2016-09-25T22:19:38.183-0400: 89.334: [Full GC (Ergonomics) [PSYoungGen: 154525K->0K(175104K)] [ParOldGen: 511990K->493947K(524288K)] 666516K->493947K(699392K), [Metaspace: 43897K->43897K(1087488K)], 0.0551238 secs] [Times: user=0.55 sys=0.01, real=0.05 secs] 
2016-09-25T22:19:38.288-0400: 89.440: [GC (GCLocker Initiated GC) [PSYoungGen: 88064K->85642K(175104K)] 584762K->582341K(699392K), 0.0076993 secs] [Times: user=0.12 sys=0.00, real=0.01 secs] 
2016-09-25T22:19:38.351-0400: 89.502: [GC (GCLocker Initiated GC) [PSYoungGen: 173706K->67829K(175104K)] 672347K->585354K(699392K), 0.0073394 secs] [Times: user=0.10 sys=0.01, real=0.01 secs] 
2016-09-25T22:19:38.358-0400: 89.510: [Full GC (Ergonomics) [PSYoungGen: 67829K->0K(175104K)] [ParOldGen: 517525K->494425K(524288K)] 585354K->494425K(699392K), [Metaspace: 43897K->43897K(1087488K)], 0.0566377 secs] [Times: user=0.55 sys=0.00, real=0.06 secs] 
2016-09-25T22:19:38.465-0400: 89.616: [GC (GCLocker Initiated GC) [PSYoungGen: 88064K->72118K(175104K)] 588165K->572219K(699392K), 0.0059947 secs] [Times: user=0.10 sys=0.00, real=0.00 secs] 
2016-09-25T22:19:38.523-0400: 89.674: [Full GC (Ergonomics) [PSYoungGen: 160182K->0K(175104K)] [ParOldGen: 510960K->495204K(524288K)] 671142K->495204K(699392K), [Metaspace: 43897K->43897K(1087488K)], 0.0737078 secs] [Times: user=0.79 sys=0.00, real=0.07 secs] 
2016-09-25T22:19:38.650-0400: 89.802: [GC (GCLocker Initiated GC) [PSYoungGen: 88064K->63697K(175104K)] 588730K->564364K(699392K), 0.0089331 secs] [Times: user=0.11 sys=0.00, real=0.01 secs] 
2016-09-25T22:19:38.711-0400: 89.862: [Full GC (Ergonomics) [PSYoungGen: 151761K->0K(175104K)] [ParOldGen: 506132K->491546K(524288K)] 657893K->491546K(699392K), [Metaspace: 43897K->43897K(1087488K)], 0.0696130 secs] [Times: user=0.52 sys=0.02, real=0.07 secs] 
2016-09-25T22:19:38.834-0400: 89.986: [GC (GCLocker Initiated GC) [PSYoungGen: 88064K->56169K(175104K)] 585071K->553176K(699392K), 0.0089215 secs] [Times: user=0.07 sys=0.00, real=0.01 secs] 
2016-09-25T22:19:38.899-0400: 90.050: [GC (GCLocker Initiated GC) --[PSYoungGen: 144233K->144233K(175104K)] 641291K->667421K(699392K), 0.0129806 secs] [Times: user=0.12 sys=0.01, real=0.01 secs] 
2016-09-25T22:19:38.912-0400: 90.063: [Full GC (Ergonomics) [PSYoungGen: 144233K->0K(175104K)] [ParOldGen: 523187K->493280K(524288K)] 667421K->493280K(699392K), [Metaspace: 43897K->43897K(1087488K)], 0.0559486 secs] [Times: user=0.53 sys=0.01, real=0.06 secs] 
2016-09-25T22:19:39.023-0400: 90.175: [GC (GCLocker Initiated GC) [PSYoungGen: 88064K->59113K(175104K)] 588298K->559348K(699392K), 0.0059898 secs] [Times: user=0.08 sys=0.00, real=0.00 secs] 
2016-09-25T22:19:39.088-0400: 90.239: [GC (GCLocker Initiated GC) [PSYoungGen: 147177K->63567K(173056K)] 653021K->575232K(697344K), 0.0120918 secs] [Times: user=0.17 sys=0.00, real=0.01 secs] 
2016-09-25T22:19:39.101-0400: 90.252: [Full GC (Ergonomics) [PSYoungGen: 63567K->0K(173056K)] [ParOldGen: 511664K->499333K(524288K)] 575232K->499333K(697344K), [Metaspace: 43897K->43897K(1087488K)], 0.1355890 secs] [Times: user=1.93 sys=0.02, real=0.14 secs] 
2016-09-25T22:19:39.295-0400: 90.446: [GC (GCLocker Initiated GC) [PSYoungGen: 88064K->67973K(174080K)] 594501K->574411K(698368K), 0.0064730 secs] [Times: user=0.08 sys=0.01, real=0.00 secs] 
2016-09-25T22:19:39.354-0400: 90.505: [Full GC (Ergonomics) [PSYoungGen: 156037K->0K(174080K)] [ParOldGen: 509636K->494310K(524288K)] 665674K->494310K(698368K), [Metaspace: 43897K->43897K(1087488K)], 0.0517969 secs] [Times: user=0.42 sys=0.00, real=0.06 secs] 
2016-09-25T22:19:39.450-0400: 90.601: [GC (GCLocker Initiated GC) [PSYoungGen: 88064K->81380K(172544K)] 585223K->578540K(696832K), 0.0070875 secs] [Times: user=0.10 sys=0.00, real=0.01 secs] 
2016-09-25T22:19:39.506-0400: 90.657: [GC (GCLocker Initiated GC) [PSYoungGen: 169444K->78376K(175104K)] 674896K->583829K(699392K), 0.0090602 secs] [Times: user=0.10 sys=0.01, real=0.01 secs] 
2016-09-25T22:19:39.564-0400: 90.716: [GC (GCLocker Initiated GC) --[PSYoungGen: 166440K->166440K(175104K)] 676107K->688942K(699392K), 0.0094666 secs] [Times: user=0.08 sys=0.00, real=0.00 secs] 
2016-09-25T22:19:39.574-0400: 90.725: [Full GC (Ergonomics) [PSYoungGen: 166440K->0K(175104K)] [ParOldGen: 522501K->498096K(524288K)] 688942K->498096K(699392K), [Metaspace: 43897K->43897K(1087488K)], 0.0556604 secs] [Times: user=0.52 sys=0.01, real=0.05 secs] 
2016-09-25T22:19:39.693-0400: 90.844: [GC (GCLocker Initiated GC) [PSYoungGen: 88064K->62821K(175104K)] 594309K->569067K(699392K), 0.0054187 secs] [Times: user=0.07 sys=0.00, real=0.01 secs] 
2016-09-25T22:19:39.761-0400: 90.912: [GC (GCLocker Initiated GC) [PSYoungGen: 150885K->62130K(175104K)] 659923K->575377K(699392K), 0.0071056 secs] [Times: user=0.09 sys=0.00, real=0.01 secs] 
2016-09-25T22:19:39.768-0400: 90.919: [Full GC (Ergonomics) [PSYoungGen: 62130K->0K(175104K)] [ParOldGen: 513246K->497049K(524288K)] 575377K->497049K(699392K), [Metaspace: 43900K->43900K(1087488K)], 0.0545609 secs] [Times: user=0.43 sys=0.01, real=0.06 secs] 
2016-09-25T22:19:39.879-0400: 91.030: [GC (GCLocker Initiated GC) [PSYoungGen: 88064K->56045K(175104K)] 593340K->561321K(699392K), 0.0094031 secs] [Times: user=0.12 sys=0.00, real=0.01 secs] 
2016-09-25T22:19:39.942-0400: 91.093: [GC (GCLocker Initiated GC) --[PSYoungGen: 144109K->144109K(175104K)] 653093K->668086K(699392K), 0.0093233 secs] [Times: user=0.06 sys=0.00, real=0.01 secs] 
2016-09-25T22:19:39.952-0400: 91.103: [Full GC (Ergonomics) [PSYoungGen: 144109K->0K(175104K)] [ParOldGen: 523977K->491844K(524288K)] 668086K->491844K(699392K), [Metaspace: 43900K->43900K(1087488K)], 0.0561890 secs] [Times: user=0.43 sys=0.00, real=0.06 secs] 
2016-09-25T22:19:40.064-0400: 91.215: [GC (GCLocker Initiated GC) [PSYoungGen: 88064K->65340K(153600K)] 582750K->560027K(677888K), 0.0082677 secs] [Times: user=0.10 sys=0.00, real=0.00 secs] 
2016-09-25T22:19:40.125-0400: 91.277: [GC (GCLocker Initiated GC) [PSYoungGen: 153404K->60639K(175104K)] 657642K->564877K(699392K), 0.0084771 secs] [Times: user=0.12 sys=0.00, real=0.00 secs] 
2016-09-25T22:19:40.185-0400: 91.336: [GC (GCLocker Initiated GC) [PSYoungGen: 149727K->66677K(174080K)] 659505K->576455K(698368K), 0.0075389 secs] [Times: user=0.08 sys=0.00, real=0.00 secs] 
2016-09-25T22:19:40.241-0400: 91.392: [Full GC (Ergonomics) [PSYoungGen: 155765K->0K(174080K)] [ParOldGen: 515958K->510988K(524288K)] 671724K->510988K(698368K), [Metaspace: 43900K->43900K(1087488K)], 0.0665021 secs] [Times: user=0.59 sys=0.01, real=0.07 secs] 
2016-09-25T22:19:40.361-0400: 91.512: [Full GC (Ergonomics) [PSYoungGen: 89088K->0K(174080K)] [ParOldGen: 516525K->502143K(524288K)] 605613K->502143K(698368K), [Metaspace: 43900K->43900K(1087488K)], 0.0557097 secs] [Times: user=0.49 sys=0.01, real=0.06 secs] 
2016-09-25T22:19:40.462-0400: 91.613: [GC (GCLocker Initiated GC) [PSYoungGen: 89088K->60742K(175616K)] 596683K->568338K(699904K), 0.0143320 secs] [Times: user=0.15 sys=0.00, real=0.02 secs] 
2016-09-25T22:19:40.522-0400: 91.673: [GC (GCLocker Initiated GC) [PSYoungGen: 152902K->80499K(174592K)] 660583K->588179K(698880K), 0.0070254 secs] [Times: user=0.10 sys=0.00, real=0.00 secs] 
2016-09-25T22:19:40.579-0400: 91.730: [GC (GCLocker Initiated GC) [PSYoungGen: 172659K->66379K(177664K)] 683243K->576964K(701952K), 0.0069258 secs] [Times: user=0.07 sys=0.01, real=0.01 secs] 
2016-09-25T22:19:40.639-0400: 91.791: [GC (GCLocker Initiated GC) [PSYoungGen: 157515K->71033K(175616K)] 670981K->584499K(699904K), 0.0080735 secs] [Times: user=0.07 sys=0.01, real=0.01 secs] 
2016-09-25T22:19:40.695-0400: 91.846: [GC (GCLocker Initiated GC) [PSYoungGen: 162169K->83976K(172544K)] 677047K->601555K(696832K), 0.0076099 secs] [Times: user=0.10 sys=0.00, real=0.01 secs] 
2016-09-25T22:19:40.702-0400: 91.853: [Full GC (Ergonomics) [PSYoungGen: 83976K->0K(172544K)] [ParOldGen: 517578K->505622K(524288K)] 601555K->505622K(696832K), [Metaspace: 43900K->43900K(1087488K)], 0.0509869 secs] [Times: user=0.43 sys=0.01, real=0.04 secs] 
2016-09-25T22:19:40.796-0400: 91.948: [GC (GCLocker Initiated GC) [PSYoungGen: 88064K->78552K(175104K)] 596495K->586983K(699392K), 0.0071347 secs] [Times: user=0.09 sys=0.00, real=0.01 secs] 
2016-09-25T22:19:40.848-0400: 91.999: [GC (GCLocker Initiated GC) [PSYoungGen: 166616K->69860K(175104K)] 680540K->583784K(699392K), 0.0070608 secs] [Times: user=0.08 sys=0.00, real=0.01 secs] 
2016-09-25T22:19:40.900-0400: 92.051: [Full GC (Ergonomics) [PSYoungGen: 157924K->0K(175104K)] [ParOldGen: 519402K->513008K(524288K)] 677327K->513008K(699392K), [Metaspace: 43900K->43900K(1087488K)], 0.0540318 secs] [Times: user=0.49 sys=0.01, real=0.06 secs] 
2016-09-25T22:19:41.000-0400: 92.152: [GC (GCLocker Initiated GC) [PSYoungGen: 88064K->85270K(175104K)] 601225K->598431K(699392K), 0.0064715 secs] [Times: user=0.09 sys=0.00, real=0.01 secs] 
2016-09-25T22:19:41.049-0400: 92.200: [GC (GCLocker Initiated GC) [PSYoungGen: 173334K->85909K(175104K)] 687511K->602786K(699392K), 0.0070346 secs] [Times: user=0.09 sys=0.01, real=0.01 secs] 
2016-09-25T22:19:41.099-0400: 92.250: [Full GC (Ergonomics) [PSYoungGen: 173973K->0K(175104K)] [ParOldGen: 519827K->514898K(524288K)] 693800K->514898K(699392K), [Metaspace: 43900K->43900K(1087488K)], 0.0588203 secs] [Times: user=0.61 sys=0.02, real=0.06 secs] 
2016-09-25T22:19:41.204-0400: 92.355: [Full GC (Ergonomics) [PSYoungGen: 88064K->0K(175104K)] [ParOldGen: 517825K->518132K(524288K)] 605889K->518132K(699392K), [Metaspace: 43900K->43900K(1087488K)], 0.0540564 secs] [Times: user=0.56 sys=0.00, real=0.05 secs] 
2016-09-25T22:19:41.310-0400: 92.461: [Full GC (Ergonomics) [PSYoungGen: 88064K->0K(175104K)] [ParOldGen: 520912K->516023K(524288K)] 608976K->516023K(699392K), [Metaspace: 43900K->43900K(1087488K)], 0.0594319 secs] [Times: user=0.61 sys=0.01, real=0.06 secs] 
2016-09-25T22:19:41.417-0400: 92.568: [Full GC (Ergonomics) [PSYoungGen: 88064K->0K(175104K)] [ParOldGen: 522958K->513999K(524288K)] 611022K->513999K(699392K), [Metaspace: 43900K->43900K(1087488K)], 0.0559118 secs] [Times: user=0.56 sys=0.00, real=0.05 secs] 
2016-09-25T22:19:41.523-0400: 92.674: [GC (GCLocker Initiated GC) [PSYoungGen: 88064K->86523K(175104K)] 602130K->600589K(699392K), 0.0068348 secs] [Times: user=0.09 sys=0.00, real=0.00 secs] 
2016-09-25T22:19:41.593-0400: 92.744: [Full GC (Ergonomics) [PSYoungGen: 174587K->0K(175104K)] [ParOldGen: 523521K->507073K(524288K)] 698108K->507073K(699392K), [Metaspace: 43900K->43900K(1087488K)], 0.0766822 secs] [Times: user=0.75 sys=0.00, real=0.08 secs] 
2016-09-25T22:19:41.720-0400: 92.871: [GC (GCLocker Initiated GC) [PSYoungGen: 88064K->52802K(175104K)] 603375K->568114K(699392K), 0.0058861 secs] [Times: user=0.07 sys=0.00, real=0.01 secs] 
2016-09-25T22:19:41.772-0400: 92.923: [Full GC (Ergonomics) [PSYoungGen: 140866K->0K(175104K)] [ParOldGen: 523557K->513660K(524288K)] 664423K->513660K(699392K), [Metaspace: 43900K->43900K(1087488K)], 0.0592390 secs] [Times: user=0.57 sys=0.00, real=0.06 secs] 
2016-09-25T22:19:41.876-0400: 93.027: [GC (Allocation Failure) [PSYoungGen: 88063K->71787K(175104K)] 604657K->588380K(699392K), 0.0109261 secs] [Times: user=0.15 sys=0.00, real=0.01 secs] 
2016-09-25T22:19:41.937-0400: 93.088: [GC (GCLocker Initiated GC) --[PSYoungGen: 159851K->159851K(175104K)] 676640K->683106K(699392K), 0.0096226 secs] [Times: user=0.09 sys=0.00, real=0.01 secs] 
2016-09-25T22:19:41.947-0400: 93.098: [Full GC (Ergonomics) [PSYoungGen: 159851K->0K(175104K)] [ParOldGen: 523255K->514861K(524288K)] 683106K->514861K(699392K), [Metaspace: 43901K->43901K(1087488K)], 0.0599037 secs] [Times: user=0.64 sys=0.01, real=0.06 secs] 
2016-09-25T22:19:42.052-0400: 93.204: [GC (GCLocker Initiated GC) [PSYoungGen: 88064K->70317K(175104K)] 605796K->588049K(699392K), 0.0065210 secs] [Times: user=0.10 sys=0.00, real=0.01 secs] 
2016-09-25T22:19:42.104-0400: 93.255: [Full GC (Ergonomics) [PSYoungGen: 158381K->0K(175104K)] [ParOldGen: 520681K->518621K(524288K)] 679062K->518621K(699392K), [Metaspace: 43901K->43901K(1087488K)], 0.0594750 secs] [Times: user=0.64 sys=0.01, real=0.06 secs] 
2016-09-25T22:19:42.209-0400: 93.360: [GC (GCLocker Initiated GC) [PSYoungGen: 88064K->86743K(175104K)] 606764K->608143K(699392K), 0.0070614 secs] [Times: user=0.12 sys=0.00, real=0.01 secs] 
2016-09-25T22:19:42.217-0400: 93.368: [Full GC (Ergonomics) [PSYoungGen: 86743K->0K(175104K)] [ParOldGen: 521400K->519169K(524288K)] 608143K->519169K(699392K), [Metaspace: 43901K->43901K(1087488K)], 0.0593893 secs] [Times: user=0.65 sys=0.01, real=0.06 secs] 
2016-09-25T22:19:42.323-0400: 93.475: [Full GC (Ergonomics) [PSYoungGen: 88064K->0K(175104K)] [ParOldGen: 521914K->519659K(524288K)] 609978K->519659K(699392K), [Metaspace: 43901K->43901K(1087488K)], 0.0634702 secs] [Times: user=0.65 sys=0.01, real=0.06 secs] 
2016-09-25T22:19:42.440-0400: 93.591: [Full GC (Ergonomics) [PSYoungGen: 88064K->0K(175104K)] [ParOldGen: 522416K->510946K(524288K)] 610480K->510946K(699392K), [Metaspace: 43901K->43901K(1087488K)], 0.0617912 secs] [Times: user=0.64 sys=0.00, real=0.06 secs] 
2016-09-25T22:19:42.549-0400: 93.700: [GC (GCLocker Initiated GC) [PSYoungGen: 88064K->73114K(175104K)] 604497K->589548K(699392K), 0.0089161 secs] [Times: user=0.12 sys=0.01, real=0.01 secs] 
2016-09-25T22:19:42.605-0400: 93.756: [Full GC (Ergonomics) [PSYoungGen: 161178K->187K(175104K)] [ParOldGen: 521882K->524181K(524288K)] 683060K->524369K(699392K), [Metaspace: 43901K->43901K(1087488K)], 0.0649019 secs] [Times: user=0.65 sys=0.00, real=0.06 secs] 
2016-09-25T22:19:42.726-0400: 93.877: [Full GC (Ergonomics) [PSYoungGen: 86185K->0K(175104K)] [ParOldGen: 524181K->506040K(524288K)] 610366K->506040K(699392K), [Metaspace: 43901K->43901K(1087488K)], 0.0757901 secs] [Times: user=0.86 sys=0.00, real=0.07 secs] 
2016-09-25T22:19:42.803-0400: 93.954: [GC (GCLocker Initiated GC) [PSYoungGen: 2700K->2700K(175104K)] 508740K->508740K(699392K), 0.0033081 secs] [Times: user=0.02 sys=0.01, real=0.00 secs] 
2016-09-25T22:19:42.844-0400: 93.995: [GC (GCLocker Initiated GC) [PSYoungGen: 89838K->70383K(175104K)] 598578K->584523K(699392K), 0.0062916 secs] [Times: user=0.08 sys=0.00, real=0.00 secs] 
2016-09-25T22:19:42.897-0400: 94.048: [GC (GCLocker Initiated GC) [PSYoungGen: 158446K->84873K(175104K)] 672843K->604289K(699392K), 0.0072827 secs] [Times: user=0.10 sys=0.01, real=0.01 secs] 
2016-09-25T22:19:42.905-0400: 94.056: [Full GC (Ergonomics) [PSYoungGen: 84873K->0K(175104K)] [ParOldGen: 519415K->519107K(524288K)] 604289K->519107K(699392K), [Metaspace: 43901K->43901K(1087488K)], 0.0590194 secs] [Times: user=0.41 sys=0.00, real=0.06 secs] 
2016-09-25T22:19:43.012-0400: 94.163: [Full GC (Ergonomics) [PSYoungGen: 88064K->0K(175104K)] [ParOldGen: 519252K->516870K(524288K)] 607316K->516870K(699392K), [Metaspace: 43901K->43901K(1087488K)], 0.0668596 secs] [Times: user=0.72 sys=0.01, real=0.07 secs] 
2016-09-25T22:19:43.136-0400: 94.287: [Full GC (Ergonomics) [PSYoungGen: 88064K->0K(175104K)] [ParOldGen: 522317K->514682K(524288K)] 610381K->514682K(699392K), [Metaspace: 43901K->43901K(1087488K)], 0.0555117 secs] [Times: user=0.58 sys=0.00, real=0.05 secs] 
2016-09-25T22:19:43.243-0400: 94.394: [Full GC (Ergonomics) [PSYoungGen: 88064K->0K(175104K)] [ParOldGen: 517456K->517954K(524288K)] 605520K->517954K(699392K), [Metaspace: 43901K->43901K(1087488K)], 0.0568611 secs] [Times: user=0.56 sys=0.00, real=0.05 secs] 
2016-09-25T22:19:43.354-0400: 94.505: [Full GC (Ergonomics) [PSYoungGen: 88064K->0K(175104K)] [ParOldGen: 520898K->521270K(524288K)] 608962K->521270K(699392K), [Metaspace: 43901K->43901K(1087488K)], 0.0558755 secs] [Times: user=0.48 sys=0.02, real=0.06 secs] 
2016-09-25T22:19:43.468-0400: 94.619: [Full GC (Ergonomics) [PSYoungGen: 87630K->0K(175104K)] [ParOldGen: 523970K->509677K(524288K)] 611600K->509677K(699392K), [Metaspace: 43901K->43901K(1087488K)], 0.0577631 secs] [Times: user=0.58 sys=0.00, real=0.06 secs] 
2016-09-25T22:19:43.568-0400: 94.719: [GC (GCLocker Initiated GC) [PSYoungGen: 88064K->74310K(175104K)] 600555K->586801K(699392K), 0.0087393 secs] [Times: user=0.13 sys=0.00, real=0.01 secs] 
2016-09-25T22:19:43.623-0400: 94.774: [GC (GCLocker Initiated GC) --[PSYoungGen: 162374K->162374K(175104K)] 677600K->686428K(699392K), 0.0093926 secs] [Times: user=0.07 sys=0.00, real=0.00 secs] 
2016-09-25T22:19:43.632-0400: 94.783: [Full GC (Ergonomics) [PSYoungGen: 162374K->0K(175104K)] [ParOldGen: 524053K->512207K(524288K)] 686428K->512207K(699392K), [Metaspace: 43901K->43901K(1087488K)], 0.0554474 secs] [Times: user=0.52 sys=0.00, real=0.06 secs] 
2016-09-25T22:19:43.730-0400: 94.882: [GC (GCLocker Initiated GC) [PSYoungGen: 88064K->66247K(175104K)] 600414K->578597K(699392K), 0.0089179 secs] [Times: user=0.13 sys=0.00, real=0.01 secs] 
2016-09-25T22:19:43.781-0400: 94.932: [GC (GCLocker Initiated GC) [PSYoungGen: 154311K->76627K(175104K)] 669378K->592597K(699392K), 0.0142428 secs] [Times: user=0.18 sys=0.01, real=0.02 secs] 
2016-09-25T22:19:43.843-0400: 94.994: [Full GC (Ergonomics) [PSYoungGen: 164691K->0K(175104K)] [ParOldGen: 518726K->516546K(524288K)] 683418K->516546K(699392K), [Metaspace: 43901K->43901K(1087488K)], 0.0545659 secs] [Times: user=0.49 sys=0.01, real=0.05 secs] 
2016-09-25T22:19:43.944-0400: 95.095: [Full GC (Ergonomics) [PSYoungGen: 88064K->2703K(175104K)] [ParOldGen: 520715K->522303K(524288K)] 608779K->525007K(699392K), [Metaspace: 43908K->43908K(1087488K)], 0.0500480 secs] [Times: user=0.47 sys=0.00, real=0.05 secs] 
2016-09-25T22:19:44.042-0400: 95.193: [Full GC (Ergonomics) [PSYoungGen: 86737K->0K(175104K)] [ParOldGen: 522303K->517372K(524288K)] 609041K->517372K(699392K), [Metaspace: 43908K->43908K(1087488K)], 0.0541475 secs] [Times: user=0.46 sys=0.01, real=0.06 secs] 
2016-09-25T22:19:44.145-0400: 95.296: [Full GC (Ergonomics) [PSYoungGen: 87510K->0K(175104K)] [ParOldGen: 524122K->517918K(524288K)] 611633K->517918K(699392K), [Metaspace: 43908K->43908K(1087488K)], 0.0614437 secs] [Times: user=0.68 sys=0.01, real=0.06 secs] 
2016-09-25T22:19:44.250-0400: 95.402: [Full GC (Ergonomics) [PSYoungGen: 88064K->0K(175104K)] [ParOldGen: 518237K->514422K(524288K)] 606301K->514422K(699392K), [Metaspace: 43908K->43908K(1087488K)], 0.0510440 secs] [Times: user=0.44 sys=0.01, real=0.05 secs] 
2016-09-25T22:19:44.346-0400: 95.497: [GC (GCLocker Initiated GC) [PSYoungGen: 85791K->79617K(175104K)] 602913K->596739K(699392K), 0.0101250 secs] [Times: user=0.15 sys=0.00, real=0.01 secs] 
2016-09-25T22:19:44.402-0400: 95.553: [Full GC (Ergonomics) [PSYoungGen: 167681K->3305K(175104K)] [ParOldGen: 522546K->521740K(524288K)] 690227K->525046K(699392K), [Metaspace: 43908K->43908K(1087488K)], 0.0545582 secs] [Times: user=0.50 sys=0.00, real=0.06 secs] 
2016-09-25T22:19:44.498-0400: 95.649: [Full GC (Ergonomics) [PSYoungGen: 85876K->0K(175104K)] [ParOldGen: 521740K->522816K(524288K)] 607616K->522816K(699392K), [Metaspace: 43908K->43908K(1087488K)], 0.0615327 secs] [Times: user=0.59 sys=0.01, real=0.06 secs] 
2016-09-25T22:19:44.604-0400: 95.755: [Full GC (Ergonomics) [PSYoungGen: 88064K->2700K(175104K)] [ParOldGen: 524171K->523403K(524288K)] 612235K->526103K(699392K), [Metaspace: 43908K->43908K(1087488K)], 0.0492580 secs] [Times: user=0.46 sys=0.00, real=0.04 secs] 
2016-09-25T22:19:44.697-0400: 95.848: [Full GC (Ergonomics) [PSYoungGen: 86703K->0K(175104K)] [ParOldGen: 523403K->523898K(524288K)] 610107K->523898K(699392K), [Metaspace: 43908K->43908K(1087488K)], 0.0559328 secs] [Times: user=0.57 sys=0.01, real=0.05 secs] 
2016-09-25T22:19:44.796-0400: 95.947: [Full GC (Ergonomics) [PSYoungGen: 88064K->0K(175104K)] [ParOldGen: 523924K->518963K(524288K)] 611988K->518963K(699392K), [Metaspace: 43908K->43908K(1087488K)], 0.0495554 secs] [Times: user=0.46 sys=0.01, real=0.05 secs] 
2016-09-25T22:19:44.889-0400: 96.040: [Full GC (Ergonomics) [PSYoungGen: 88064K->2777K(175104K)] [ParOldGen: 523121K->524023K(524288K)] 611185K->526801K(699392K), [Metaspace: 43908K->43908K(1087488K)], 0.0900022 secs] [Times: user=1.12 sys=0.00, real=0.09 secs] 
2016-09-25T22:19:45.026-0400: 96.177: [Full GC (Ergonomics) [PSYoungGen: 88064K->0K(175104K)] [ParOldGen: 524097K->515203K(524288K)] 612161K->515203K(699392K), [Metaspace: 43908K->43908K(1087488K)], 0.0545421 secs] [Times: user=0.53 sys=0.01, real=0.05 secs] 
2016-09-25T22:19:45.127-0400: 96.278: [Full GC (Ergonomics) [PSYoungGen: 88064K->0K(175104K)] [ParOldGen: 519624K->519669K(524288K)] 607688K->519669K(699392K), [Metaspace: 43908K->43908K(1087488K)], 0.0599692 secs] [Times: user=0.46 sys=0.00, real=0.06 secs] 
2016-09-25T22:19:45.230-0400: 96.381: [Full GC (Ergonomics) [PSYoungGen: 88064K->0K(175104K)] [ParOldGen: 523959K->520227K(524288K)] 612023K->520227K(699392K), [Metaspace: 43908K->43908K(1087488K)], 0.0525636 secs] [Times: user=0.42 sys=0.01, real=0.06 secs] 
2016-09-25T22:19:45.328-0400: 96.479: [Full GC (Ergonomics) [PSYoungGen: 88064K->0K(175104K)] [ParOldGen: 523105K->523511K(524288K)] 611169K->523511K(699392K), [Metaspace: 43908K->43908K(1087488K)], 0.0578255 secs] [Times: user=0.56 sys=0.00, real=0.06 secs] 
2016-09-25T22:19:45.431-0400: 96.582: [Full GC (Ergonomics) [PSYoungGen: 88064K->0K(175104K)] [ParOldGen: 523614K->523966K(524288K)] 611678K->523966K(699392K), [Metaspace: 43908K->43908K(1087488K)], 0.0559059 secs] [Times: user=0.53 sys=0.01, real=0.06 secs] 
2016-09-25T22:19:45.528-0400: 96.679: [Full GC (Ergonomics) [PSYoungGen: 88064K->4050K(175104K)] [ParOldGen: 524018K->522527K(524288K)] 612082K->526577K(699392K), [Metaspace: 43908K->43908K(1087488K)], 0.1654238 secs] [Times: user=2.50 sys=0.01, real=0.16 secs] 
2016-09-25T22:19:45.731-0400: 96.883: [Full GC (Ergonomics) [PSYoungGen: 88064K->2713K(175104K)] [ParOldGen: 522554K->524239K(524288K)] 610618K->526953K(699392K), [Metaspace: 43908K->43908K(1087488K)], 0.1605043 secs] [Times: user=2.37 sys=0.01, real=0.16 secs] 
2016-09-25T22:19:45.931-0400: 97.082: [Full GC (Ergonomics) [PSYoungGen: 88064K->8123K(175104K)] [ParOldGen: 524275K->522083K(524288K)] 612339K->530206K(699392K), [Metaspace: 43908K->43908K(1087488K)], 0.1467520 secs] [Times: user=2.13 sys=0.01, real=0.15 secs] 
2016-09-25T22:19:46.124-0400: 97.275: [Full GC (Ergonomics) [PSYoungGen: 87404K->2701K(175104K)] [ParOldGen: 522083K->522389K(524288K)] 609488K->525090K(699392K), [Metaspace: 43908K->43908K(1087488K)], 0.1553721 secs] [Times: user=2.33 sys=0.01, real=0.15 secs] 
2016-09-25T22:19:46.327-0400: 97.478: [Full GC (Ergonomics) [PSYoungGen: 88064K->2700K(175104K)] [ParOldGen: 522431K->522755K(524288K)] 610495K->525456K(699392K), [Metaspace: 43908K->43908K(1087488K)], 0.1630176 secs] [Times: user=2.36 sys=0.01, real=0.16 secs] 
2016-09-25T22:19:46.534-0400: 97.685: [Full GC (Ergonomics) [PSYoungGen: 87043K->2700K(175104K)] [ParOldGen: 522755K->523139K(524288K)] 609798K->525839K(699392K), [Metaspace: 43908K->43908K(1087488K)], 0.1488898 secs] [Times: user=2.11 sys=0.01, real=0.15 secs] 
2016-09-25T22:19:46.728-0400: 97.880: [Full GC (Ergonomics) [PSYoungGen: 86639K->0K(175104K)] [ParOldGen: 523139K->523740K(524288K)] 609778K->523740K(699392K), [Metaspace: 43908K->43908K(1087488K)], 0.0573589 secs] [Times: user=0.46 sys=0.00, real=0.06 secs] 
2016-09-25T22:19:46.834-0400: 97.985: [Full GC (Ergonomics) [PSYoungGen: 86857K->5410K(175104K)] [ParOldGen: 523740K->524038K(524288K)] 610598K->529448K(699392K), [Metaspace: 43908K->43908K(1087488K)], 0.1642800 secs] [Times: user=2.07 sys=0.02, real=0.17 secs] 
2016-09-25T22:19:47.049-0400: 98.200: [Full GC (Ergonomics) [PSYoungGen: 87002K->8120K(175104K)] [ParOldGen: 524038K->521715K(524288K)] 611041K->529835K(699392K), [Metaspace: 43908K->43908K(1087488K)], 0.1450574 secs] [Times: user=2.10 sys=0.00, real=0.14 secs] 
2016-09-25T22:19:47.238-0400: 98.389: [Full GC (Ergonomics) [PSYoungGen: 85610K->6818K(175104K)] [ParOldGen: 521715K->523442K(524288K)] 607325K->530260K(699392K), [Metaspace: 43908K->43908K(1087488K)], 0.1528278 secs] [Times: user=2.19 sys=0.02, real=0.15 secs] 
2016-09-25T22:19:47.439-0400: 98.590: [Full GC (Ergonomics) [PSYoungGen: 87640K->0K(175104K)] [ParOldGen: 523442K->522644K(524288K)] 611082K->522644K(699392K), [Metaspace: 43908K->43908K(1087488K)], 0.0602067 secs] [Times: user=0.51 sys=0.01, real=0.06 secs] 
2016-09-25T22:19:47.538-0400: 98.690: [Full GC (Ergonomics) [PSYoungGen: 88064K->4073K(175104K)] [ParOldGen: 522736K->521590K(524288K)] 610800K->525664K(699392K), [Metaspace: 43908K->43908K(1087488K)], 0.1661725 secs] [Times: user=2.43 sys=0.01, real=0.17 secs] 
2016-09-25T22:19:47.750-0400: 98.901: [Full GC (Ergonomics) [PSYoungGen: 88064K->2823K(175104K)] [ParOldGen: 521595K->522016K(524288K)] 609659K->524840K(699392K), [Metaspace: 43908K->43908K(1087488K)], 0.1499210 secs] [Times: user=2.09 sys=0.01, real=0.15 secs] 
2016-09-25T22:19:47.949-0400: 99.100: [Full GC (Ergonomics) [PSYoungGen: 87465K->5406K(175104K)] [ParOldGen: 522016K->523805K(524288K)] 609482K->529211K(699392K), [Metaspace: 43908K->43908K(1087488K)], 0.1660310 secs] [Times: user=2.51 sys=0.00, real=0.17 secs] 
2016-09-25T22:19:48.158-0400: 99.310: [Full GC (Ergonomics) [PSYoungGen: 87022K->5467K(175104K)] [ParOldGen: 523805K->524167K(524288K)] 610828K->529634K(699392K), [Metaspace: 43909K->43909K(1087488K)], 0.1523849 secs] [Times: user=2.23 sys=0.02, real=0.15 secs] 
2016-09-25T22:19:48.350-0400: 99.501: [Full GC (Ergonomics) [PSYoungGen: 87482K->5536K(175104K)] [ParOldGen: 524167K->523229K(524288K)] 611650K->528766K(699392K), [Metaspace: 43909K->43909K(1087488K)], 0.1478505 secs] [Times: user=2.17 sys=0.00, real=0.15 secs] 
2016-09-25T22:19:48.540-0400: 99.691: [Full GC (Ergonomics) [PSYoungGen: 87656K->6773K(175104K)] [ParOldGen: 523229K->523765K(524288K)] 610885K->530539K(699392K), [Metaspace: 43909K->43909K(1087488K)], 0.1510265 secs] [Times: user=2.10 sys=0.01, real=0.15 secs] 
2016-09-25T22:19:48.739-0400: 99.890: [Full GC (Ergonomics) [PSYoungGen: 85965K->4050K(175104K)] [ParOldGen: 523765K->524187K(524288K)] 609731K->528237K(699392K), [Metaspace: 43909K->43909K(1087488K)], 0.1619790 secs] [Times: user=2.22 sys=0.00, real=0.16 secs] 
2016-09-25T22:19:48.958-0400: 100.109: [Full GC (Ergonomics) [PSYoungGen: 87883K->0K(175104K)] [ParOldGen: 524187K->519326K(524288K)] 612071K->519326K(699392K), [Metaspace: 43909K->43909K(1087488K)], 0.0620201 secs] [Times: user=0.60 sys=0.00, real=0.06 secs] 
2016-09-25T22:19:49.054-0400: 100.205: [Full GC (Ergonomics) [PSYoungGen: 88064K->9605K(175104K)] [ParOldGen: 519384K->522302K(524288K)] 607448K->531908K(699392K), [Metaspace: 43909K->43909K(1087488K)], 0.1564770 secs] [Times: user=2.29 sys=0.00, real=0.16 secs] 
2016-09-25T22:19:49.261-0400: 100.412: [Full GC (Ergonomics) [PSYoungGen: 88064K->13588K(175104K)] [ParOldGen: 522406K->524183K(524288K)] 610470K->537771K(699392K), [Metaspace: 43912K->43912K(1087488K)], 0.1566274 secs] [Times: user=2.32 sys=0.01, real=0.16 secs] 
2016-09-25T22:19:49.463-0400: 100.615: [Full GC (Ergonomics) [PSYoungGen: 87771K->12232K(175104K)] [ParOldGen: 524183K->522885K(524288K)] 611954K->535117K(699392K), [Metaspace: 43912K->43912K(1087488K)], 0.1534021 secs] [Times: user=2.24 sys=0.01, real=0.15 secs] 
2016-09-25T22:19:49.666-0400: 100.817: [Full GC (Ergonomics) [PSYoungGen: 88003K->5548K(175104K)] [ParOldGen: 524235K->521940K(524288K)] 612238K->527488K(699392K), [Metaspace: 43912K->43912K(1087488K)], 0.1579782 secs] [Times: user=2.38 sys=0.01, real=0.16 secs] 
2016-09-25T22:19:49.864-0400: 101.015: [Full GC (Ergonomics) [PSYoungGen: 87617K->9450K(175104K)] [ParOldGen: 521940K->523808K(524288K)] 609558K->533258K(699392K), [Metaspace: 43912K->43912K(1087488K)], 0.1553083 secs] [Times: user=2.29 sys=0.00, real=0.15 secs] 
2016-09-25T22:19:50.068-0400: 101.219: [Full GC (Ergonomics) [PSYoungGen: 87983K->2700K(175104K)] [ParOldGen: 524183K->521591K(524288K)] 612167K->524292K(699392K), [Metaspace: 43912K->43912K(1087488K)], 0.1656590 secs] [Times: user=2.33 sys=0.03, real=0.16 secs] 
2016-09-25T22:19:50.271-0400: 101.422: [Full GC (Ergonomics) [PSYoungGen: 88064K->8199K(175104K)] [ParOldGen: 521677K->523269K(524288K)] 609741K->531469K(699392K), [Metaspace: 43912K->43912K(1087488K)], 0.1535382 secs] [Times: user=2.28 sys=0.01, real=0.16 secs] 
2016-09-25T22:19:50.464-0400: 101.615: [Full GC (Ergonomics) [PSYoungGen: 85595K->12234K(175104K)] [ParOldGen: 523269K->522449K(524288K)] 608865K->534683K(699392K), [Metaspace: 43912K->43912K(1087488K)], 0.1415000 secs] [Times: user=2.02 sys=0.00, real=0.14 secs] 
2016-09-25T22:19:50.654-0400: 101.805: [Full GC (Ergonomics) [PSYoungGen: 88064K->12379K(175104K)] [ParOldGen: 522636K->522774K(524288K)] 610700K->535153K(699392K), [Metaspace: 43912K->43912K(1087488K)], 0.1665953 secs] [Times: user=2.45 sys=0.01, real=0.17 secs] 
2016-09-25T22:19:50.862-0400: 102.013: [Full GC (Ergonomics) [PSYoungGen: 88064K->12172K(175104K)] [ParOldGen: 522842K->523345K(524288K)] 610906K->535517K(699392K), [Metaspace: 43912K->43912K(1087488K)], 0.1620922 secs] [Times: user=2.42 sys=0.02, real=0.16 secs] 
2016-09-25T22:19:51.071-0400: 102.223: [Full GC (Ergonomics) [PSYoungGen: 87586K->9512K(175104K)] [ParOldGen: 523345K->523739K(524288K)] 610931K->533251K(699392K), [Metaspace: 43912K->43912K(1087488K)], 0.1573220 secs] [Times: user=2.30 sys=0.02, real=0.16 secs] 
2016-09-25T22:19:51.276-0400: 102.427: [Full GC (Ergonomics) [PSYoungGen: 88064K->6820K(175104K)] [ParOldGen: 523783K->524081K(524288K)] 611847K->530901K(699392K), [Metaspace: 43912K->43912K(1087488K)], 0.1453252 secs] [Times: user=2.08 sys=0.02, real=0.14 secs] 
2016-09-25T22:19:51.467-0400: 102.618: [Full GC (Ergonomics) [PSYoungGen: 87101K->6940K(175104K)] [ParOldGen: 524081K->523173K(524288K)] 611182K->530113K(699392K), [Metaspace: 43912K->43912K(1087488K)], 0.1851826 secs] [Times: user=2.08 sys=0.05, real=0.18 secs] 
2016-09-25T22:19:51.693-0400: 102.845: [Full GC (Ergonomics) [PSYoungGen: 88064K->9686K(175104K)] [ParOldGen: 523370K->522180K(524288K)] 611434K->531867K(699392K), [Metaspace: 43912K->43912K(1087488K)], 0.1562018 secs] [Times: user=2.33 sys=0.01, real=0.16 secs] 
2016-09-25T22:19:51.891-0400: 103.042: [Full GC (Ergonomics) [PSYoungGen: 88064K->9701K(175104K)] [ParOldGen: 522217K->522546K(524288K)] 610281K->532248K(699392K), [Metaspace: 43912K->43912K(1087488K)], 0.1528597 secs] [Times: user=2.26 sys=0.02, real=0.16 secs] 
2016-09-25T22:19:52.080-0400: 103.231: [Full GC (Ergonomics) [PSYoungGen: 86331K->12499K(175104K)] [ParOldGen: 522546K->521821K(524288K)] 608878K->534321K(699392K), [Metaspace: 43912K->43912K(1087488K)], 0.1507489 secs] [Times: user=2.13 sys=0.02, real=0.15 secs] 
2016-09-25T22:19:52.266-0400: 103.417: [Full GC (Ergonomics) [PSYoungGen: 87744K->17623K(175104K)] [ParOldGen: 521821K->523688K(524288K)] 609565K->541311K(699392K), [Metaspace: 43912K->43912K(1087488K)], 0.1608415 secs] [Times: user=2.37 sys=0.01, real=0.16 secs] 
2016-09-25T22:19:52.471-0400: 103.622: [Full GC (Ergonomics) [PSYoungGen: 87228K->10923K(175104K)] [ParOldGen: 523688K->524034K(524288K)] 610916K->534957K(699392K), [Metaspace: 43912K->43912K(1087488K)], 0.1609263 secs] [Times: user=2.38 sys=0.02, real=0.16 secs] 
2016-09-25T22:19:52.671-0400: 103.822: [Full GC (Ergonomics) [PSYoungGen: 87282K->9688K(175104K)] [ParOldGen: 524034K->522883K(524288K)] 611316K->532572K(699392K), [Metaspace: 43912K->43912K(1087488K)], 0.1571736 secs] [Times: user=2.26 sys=0.01, real=0.16 secs] 
2016-09-25T22:19:52.870-0400: 104.021: [Full GC (Ergonomics) [PSYoungGen: 87891K->8238K(175104K)] [ParOldGen: 524233K->523436K(524288K)] 612125K->531674K(699392K), [Metaspace: 43912K->43912K(1087488K)], 0.1696740 secs] [Times: user=2.40 sys=0.01, real=0.17 secs] 
2016-09-25T22:19:53.078-0400: 104.229: [Full GC (Ergonomics) [PSYoungGen: 88064K->16435K(175104K)] [ParOldGen: 523544K->523815K(524288K)] 611608K->540251K(699392K), [Metaspace: 43912K->43912K(1087488K)], 0.1548726 secs] [Times: user=2.23 sys=0.01, real=0.15 secs] 
2016-09-25T22:19:53.272-0400: 104.423: [Full GC (Ergonomics) [PSYoungGen: 88064K->19118K(175104K)] [ParOldGen: 523821K->524256K(524288K)] 611885K->543374K(699392K), [Metaspace: 43913K->43913K(1087488K)], 0.1563956 secs] [Times: user=2.28 sys=0.03, real=0.16 secs] 
2016-09-25T22:19:53.475-0400: 104.626: [Full GC (Ergonomics) [PSYoungGen: 86016K->16386K(175104K)] [ParOldGen: 524256K->521966K(524288K)] 610272K->538352K(699392K), [Metaspace: 43913K->43913K(1087488K)], 0.1483981 secs] [Times: user=2.12 sys=0.03, real=0.15 secs] 
2016-09-25T22:19:53.661-0400: 104.812: [Full GC (Ergonomics) [PSYoungGen: 86322K->19110K(175104K)] [ParOldGen: 521966K->522328K(524288K)] 608289K->541439K(699392K), [Metaspace: 43913K->43913K(1087488K)], 0.1613732 secs] [Times: user=2.40 sys=0.02, real=0.17 secs] 
2016-09-25T22:19:53.863-0400: 105.014: [Full GC (Ergonomics) [PSYoungGen: 87062K->20440K(175104K)] [ParOldGen: 522328K->524139K(524288K)] 609391K->544579K(699392K), [Metaspace: 43913K->43913K(1087488K)], 0.1551277 secs] [Times: user=2.27 sys=0.01, real=0.15 secs] 
2016-09-25T22:19:54.063-0400: 105.214: [Full GC (Ergonomics) [PSYoungGen: 86965K->16375K(175104K)] [ParOldGen: 524139K->521831K(524288K)] 611104K->538206K(699392K), [Metaspace: 43913K->43913K(1087488K)], 0.1705791 secs] [Times: user=2.51 sys=0.01, real=0.16 secs] 
2016-09-25T22:19:54.275-0400: 105.426: [Full GC (Ergonomics) [PSYoungGen: 88064K->13812K(175104K)] [ParOldGen: 521888K->523386K(524288K)] 609952K->537199K(699392K), [Metaspace: 43915K->43915K(1087488K)], 0.1795907 secs] [Times: user=2.59 sys=0.03, real=0.18 secs] 
2016-09-25T22:19:54.482-0400: 105.633: [Full GC (Ergonomics) [PSYoungGen: 87634K->23289K(175104K)] [ParOldGen: 523386K->522528K(524288K)] 611020K->545817K(699392K), [Metaspace: 43915K->43915K(1087488K)], 0.1477885 secs] [Times: user=2.17 sys=0.03, real=0.15 secs] 
2016-09-25T22:19:54.664-0400: 105.815: [Full GC (Ergonomics) [PSYoungGen: 88064K->20444K(175104K)] [ParOldGen: 522769K->523000K(524288K)] 610833K->543445K(699392K), [Metaspace: 43915K->43915K(1087488K)], 0.1573491 secs] [Times: user=2.29 sys=0.00, real=0.15 secs] 
2016-09-25T22:19:54.865-0400: 106.016: [Full GC (Ergonomics) [PSYoungGen: 86966K->13833K(175104K)] [ParOldGen: 523000K->521906K(524288K)] 609967K->535740K(699392K), [Metaspace: 43915K->43915K(1087488K)], 0.1595866 secs] [Times: user=2.36 sys=0.00, real=0.16 secs] 
2016-09-25T22:19:55.059-0400: 106.210: [Full GC (Ergonomics) [PSYoungGen: 88064K->19185K(175104K)] [ParOldGen: 522031K->522273K(524288K)] 610095K->541459K(699392K), [Metaspace: 43915K->43915K(1087488K)], 0.1554839 secs] [Times: user=2.30 sys=0.01, real=0.16 secs] 
2016-09-25T22:19:55.250-0400: 106.401: [Full GC (Ergonomics) [PSYoungGen: 88064K->23226K(175104K)] [ParOldGen: 523645K->524168K(524288K)] 611709K->547394K(699392K), [Metaspace: 43915K->43915K(1087488K)], 0.1523930 secs] [Times: user=2.24 sys=0.02, real=0.16 secs] 
2016-09-25T22:19:55.439-0400: 106.590: [Full GC (Ergonomics) [PSYoungGen: 86661K->23337K(175104K)] [ParOldGen: 524168K->521678K(524288K)] 610829K->545016K(699392K), [Metaspace: 43915K->43915K(1087488K)], 0.1675298 secs] [Times: user=2.30 sys=0.00, real=0.17 secs] 
2016-09-25T22:19:55.638-0400: 106.789: [Full GC (Ergonomics) [PSYoungGen: 88064K->23276K(175104K)] [ParOldGen: 521777K->522008K(524288K)] 609841K->545285K(699392K), [Metaspace: 43915K->43915K(1087488K)], 0.1586699 secs] [Times: user=2.28 sys=0.01, real=0.16 secs] 
2016-09-25T22:19:55.844-0400: 106.995: [Full GC (Ergonomics) [PSYoungGen: 87857K->16582K(175104K)] [ParOldGen: 523358K->523780K(524288K)] 611215K->540363K(699392K), [Metaspace: 43915K->43915K(1087488K)], 0.1669491 secs] [Times: user=2.38 sys=0.02, real=0.16 secs] 
2016-09-25T22:19:56.047-0400: 107.198: [Full GC (Ergonomics) [PSYoungGen: 86210K->20573K(175104K)] [ParOldGen: 523780K->522832K(524288K)] 609991K->543405K(699392K), [Metaspace: 43915K->43915K(1087488K)], 0.1588228 secs] [Times: user=2.30 sys=0.02, real=0.16 secs] 
2016-09-25T22:19:56.241-0400: 107.392: [Full GC (Ergonomics) [PSYoungGen: 85820K->17866K(175104K)] [ParOldGen: 522832K->523182K(524288K)] 608652K->541049K(699392K), [Metaspace: 43915K->43915K(1087488K)], 0.1571976 secs] [Times: user=2.32 sys=0.04, real=0.16 secs] 
2016-09-25T22:19:56.438-0400: 107.589: [Full GC (Ergonomics) [PSYoungGen: 86175K->26026K(175104K)] [ParOldGen: 523182K->523519K(524288K)] 609357K->549546K(699392K), [Metaspace: 43915K->43915K(1087488K)], 0.1672041 secs] [Times: user=2.40 sys=0.03, real=0.17 secs] 
2016-09-25T22:19:56.649-0400: 107.800: [Full GC (Ergonomics) [PSYoungGen: 87156K->16529K(175104K)] [ParOldGen: 523519K->523971K(524288K)] 610675K->540500K(699392K), [Metaspace: 43915K->43915K(1087488K)], 0.1566587 secs] [Times: user=2.18 sys=0.02, real=0.16 secs] 
2016-09-25T22:19:56.847-0400: 107.998: [Full GC (Ergonomics) [PSYoungGen: 86583K->20664K(175104K)] [ParOldGen: 523971K->524231K(524288K)] 610554K->544896K(699392K), [Metaspace: 43916K->43916K(1087488K)], 0.1599706 secs] [Times: user=2.32 sys=0.00, real=0.16 secs] 
2016-09-25T22:19:57.043-0400: 108.194: [Full GC (Ergonomics) [PSYoungGen: 86900K->23356K(175104K)] [ParOldGen: 524231K->521983K(524288K)] 611132K->545339K(699392K), [Metaspace: 43916K->43916K(1087488K)], 0.1757023 secs] [Times: user=2.42 sys=0.03, real=0.17 secs] 
2016-09-25T22:19:57.261-0400: 108.412: [Full GC (Ergonomics) [PSYoungGen: 88064K->26158K(175104K)] [ParOldGen: 522205K->522185K(524288K)] 610269K->548343K(699392K), [Metaspace: 43916K->43916K(1087488K)], 0.1665744 secs] [Times: user=1.82 sys=0.01, real=0.17 secs] 
2016-09-25T22:19:57.474-0400: 108.625: [Full GC (Ergonomics) [PSYoungGen: 88064K->21830K(175104K)] [ParOldGen: 522197K->524271K(524288K)] 610261K->546101K(699392K), [Metaspace: 43919K->43919K(1087488K)], 0.1775560 secs] [Times: user=2.26 sys=0.01, real=0.18 secs] 
2016-09-25T22:19:57.694-0400: 108.845: [Full GC (Ergonomics) [PSYoungGen: 85469K->27395K(175104K)] [ParOldGen: 524271K->521718K(524288K)] 609740K->549113K(699392K), [Metaspace: 43919K->43919K(1087488K)], 0.1538023 secs] [Times: user=2.00 sys=0.02, real=0.16 secs] 
2016-09-25T22:19:57.885-0400: 109.036: [Full GC (Ergonomics) [PSYoungGen: 88064K->31498K(175104K)] [ParOldGen: 521847K->523321K(524288K)] 609911K->554820K(699392K), [Metaspace: 43919K->43919K(1087488K)], 0.1667012 secs] [Times: user=2.34 sys=0.00, real=0.16 secs] 
2016-09-25T22:19:58.089-0400: 109.240: [Full GC (Ergonomics) [PSYoungGen: 85600K->24892K(175104K)] [ParOldGen: 523321K->522173K(524288K)] 608922K->547065K(699392K), [Metaspace: 43919K->43919K(1087488K)], 0.1594874 secs] [Times: user=2.16 sys=0.02, real=0.16 secs] 
2016-09-25T22:19:58.286-0400: 109.437: [Full GC (Ergonomics) [PSYoungGen: 86369K->26074K(175104K)] [ParOldGen: 522173K->523905K(524288K)] 608543K->549980K(699392K), [Metaspace: 43919K->43919K(1087488K)], 0.1996809 secs] [Times: user=2.55 sys=0.05, real=0.20 secs] 
2016-09-25T22:19:58.520-0400: 109.671: [Full GC (Ergonomics) [PSYoungGen: 88064K->4050K(175104K)] [ParOldGen: 523920K->522709K(524288K)] 611984K->526759K(699392K), [Metaspace: 43919K->43919K(1087488K)], 0.1425194 secs] [Times: user=1.65 sys=0.03, real=0.15 secs] 
2016-09-25T22:19:58.729-0400: 109.880: [Full GC (Ergonomics) [PSYoungGen: 87602K->2700K(175104K)] [ParOldGen: 522709K->521682K(524288K)] 610312K->524382K(699392K), [Metaspace: 43921K->43921K(1087488K)], 0.1525252 secs] [Times: user=2.28 sys=0.00, real=0.15 secs] 
2016-09-25T22:19:58.930-0400: 110.081: [Full GC (Ergonomics) [PSYoungGen: 87420K->0K(175104K)] [ParOldGen: 523032K->519446K(524288K)] 610452K->519446K(699392K), [Metaspace: 43921K->43921K(1087488K)], 0.0614793 secs] [Times: user=0.51 sys=0.01, real=0.06 secs] 
2016-09-25T22:19:59.039-0400: 110.190: [Full GC (Ergonomics) [PSYoungGen: 88064K->0K(175104K)] [ParOldGen: 523295K->521490K(524288K)] 611359K->521490K(699392K), [Metaspace: 43921K->43921K(1087488K)], 0.0609964 secs] [Times: user=0.56 sys=0.00, real=0.06 secs] 
2016-09-25T22:19:59.139-0400: 110.291: [Full GC (Ergonomics) [PSYoungGen: 88064K->5402K(175104K)] [ParOldGen: 521544K->522660K(524288K)] 609608K->528063K(699392K), [Metaspace: 43921K->43921K(1087488K)], 0.1591305 secs] [Times: user=2.14 sys=0.01, real=0.16 secs] 
2016-09-25T22:19:59.348-0400: 110.500: [Full GC (Ergonomics) [PSYoungGen: 88064K->6840K(175104K)] [ParOldGen: 522809K->524233K(524288K)] 610873K->531074K(699392K), [Metaspace: 43921K->43921K(1087488K)], 0.1474133 secs] [Times: user=2.01 sys=0.01, real=0.15 secs] 
2016-09-25T22:19:59.537-0400: 110.688: [Full GC (Ergonomics) [PSYoungGen: 88064K->12218K(175104K)] [ParOldGen: 524287K->521527K(524288K)] 612351K->533745K(699392K), [Metaspace: 43921K->43921K(1087488K)], 0.1677821 secs] [Times: user=2.24 sys=0.02, real=0.17 secs] 
2016-09-25T22:19:59.766-0400: 110.917: [Full GC (Ergonomics) [PSYoungGen: 88064K->2700K(175104K)] [ParOldGen: 521530K->523142K(524288K)] 609594K->525842K(699392K), [Metaspace: 43921K->43921K(1087488K)], 0.1609670 secs] [Times: user=2.04 sys=0.02, real=0.16 secs] 
2016-09-25T22:19:59.977-0400: 111.128: [Full GC (Ergonomics) [PSYoungGen: 87376K->2732K(175104K)] [ParOldGen: 523142K->522098K(524288K)] 610518K->524830K(699392K), [Metaspace: 43921K->43921K(1087488K)], 0.1547792 secs] [Times: user=1.87 sys=0.02, real=0.15 secs] 
2016-09-25T22:20:00.190-0400: 111.341: [Full GC (Ergonomics) [PSYoungGen: 86889K->0K(175104K)] [ParOldGen: 522098K->523877K(524288K)] 608987K->523877K(699392K), [Metaspace: 43921K->43921K(1087488K)], 0.0658836 secs] [Times: user=0.63 sys=0.01, real=0.07 secs] 
2016-09-25T22:20:00.312-0400: 111.463: [Full GC (Ergonomics) [PSYoungGen: 87092K->0K(175104K)] [ParOldGen: 523877K->516299K(524288K)] 610970K->516299K(699392K), [Metaspace: 43921K->43921K(1087488K)], 0.0599856 secs] [Times: user=0.52 sys=0.01, real=0.06 secs] 
2016-09-25T22:20:00.422-0400: 111.573: [GC (GCLocker Initiated GC) [PSYoungGen: 88064K->72880K(175104K)] 604405K->589221K(699392K), 0.0238682 secs] [Times: user=0.36 sys=0.01, real=0.03 secs] 
2016-09-25T22:20:00.491-0400: 111.642: [Full GC (Ergonomics) [PSYoungGen: 160944K->3235K(175104K)] [ParOldGen: 523284K->522791K(524288K)] 684229K->526027K(699392K), [Metaspace: 43921K->43921K(1087488K)], 0.1192464 secs] [Times: user=1.47 sys=0.02, real=0.12 secs] 
2016-09-25T22:20:00.658-0400: 111.809: [Full GC (Ergonomics) [PSYoungGen: 87492K->6752K(175104K)] [ParOldGen: 522791K->523453K(524288K)] 610283K->530206K(699392K), [Metaspace: 43921K->43921K(1087488K)], 0.1599553 secs] [Times: user=2.23 sys=0.02, real=0.16 secs] 
2016-09-25T22:20:00.868-0400: 112.019: [Full GC (Ergonomics) [PSYoungGen: 87958K->2700K(175104K)] [ParOldGen: 523453K->523748K(524288K)] 611412K->526448K(699392K), [Metaspace: 43921K->43921K(1087488K)], 0.1501535 secs] [Times: user=2.07 sys=0.02, real=0.15 secs] 
2016-09-25T22:20:01.066-0400: 112.217: [Full GC (Ergonomics) [PSYoungGen: 88064K->5410K(175104K)] [ParOldGen: 523803K->522566K(524288K)] 611867K->527977K(699392K), [Metaspace: 43921K->43921K(1087488K)], 0.1469220 secs] [Times: user=2.08 sys=0.02, real=0.14 secs] 
2016-09-25T22:20:01.262-0400: 112.413: [Full GC (Ergonomics) [PSYoungGen: 88064K->5481K(175104K)] [ParOldGen: 522618K->522682K(524288K)] 610682K->528164K(699392K), [Metaspace: 43921K->43921K(1087488K)], 0.1562521 secs] [Times: user=1.94 sys=0.01, real=0.15 secs] 
2016-09-25T22:20:01.458-0400: 112.609: [Full GC (Ergonomics) [PSYoungGen: 88064K->5404K(175104K)] [ParOldGen: 522767K->523026K(524288K)] 610831K->528430K(699392K), [Metaspace: 43921K->43921K(1087488K)], 0.1481427 secs] [Times: user=2.06 sys=0.00, real=0.15 secs] 
2016-09-25T22:20:01.651-0400: 112.802: [Full GC (Ergonomics) [PSYoungGen: 88062K->13560K(175104K)] [ParOldGen: 523026K->523265K(524288K)] 611088K->536825K(699392K), [Metaspace: 43923K->43923K(1087488K)], 0.1558071 secs] [Times: user=2.24 sys=0.00, real=0.16 secs] 
2016-09-25T22:20:01.853-0400: 113.005: [Full GC (Ergonomics) [PSYoungGen: 86326K->9606K(175104K)] [ParOldGen: 523265K->521951K(524288K)] 609592K->531558K(699392K), [Metaspace: 43923K->43923K(1087488K)], 0.1592072 secs] [Times: user=1.82 sys=0.01, real=0.16 secs] 
2016-09-25T22:20:02.055-0400: 113.206: [Full GC (Ergonomics) [PSYoungGen: 88015K->6845K(175104K)] [ParOldGen: 521951K->522268K(524288K)] 609966K->529114K(699392K), [Metaspace: 43923K->43923K(1087488K)], 0.1667810 secs] [Times: user=2.01 sys=0.03, real=0.16 secs] 
2016-09-25T22:20:02.269-0400: 113.420: [Full GC (Ergonomics) [PSYoungGen: 88064K->9571K(175104K)] [ParOldGen: 523625K->522571K(524288K)] 611689K->532143K(699392K), [Metaspace: 43923K->43923K(1087488K)], 0.1517353 secs] [Times: user=2.00 sys=0.00, real=0.15 secs] 
2016-09-25T22:20:02.467-0400: 113.619: [Full GC (Ergonomics) [PSYoungGen: 85947K->5458K(175104K)] [ParOldGen: 522571K->524144K(524288K)] 608518K->529602K(699392K), [Metaspace: 43923K->43923K(1087488K)], 0.1506470 secs] [Times: user=2.15 sys=0.01, real=0.15 secs] 
2016-09-25T22:20:02.667-0400: 113.819: [Full GC (Ergonomics) [PSYoungGen: 88064K->9517K(175104K)] [ParOldGen: 524284K->522950K(524288K)] 612348K->532467K(699392K), [Metaspace: 43923K->43923K(1087488K)], 0.1605883 secs] [Times: user=2.28 sys=0.01, real=0.16 secs] 
2016-09-25T22:20:02.872-0400: 114.024: [Full GC (Ergonomics) [PSYoungGen: 87700K->4118K(175104K)] [ParOldGen: 522950K->522012K(524288K)] 610650K->526131K(699392K), [Metaspace: 43923K->43923K(1087488K)], 0.1480280 secs] [Times: user=1.98 sys=0.01, real=0.15 secs] 
2016-09-25T22:20:03.073-0400: 114.224: [Full GC (Ergonomics) [PSYoungGen: 85928K->8308K(175104K)] [ParOldGen: 522012K->522244K(524288K)] 607941K->530552K(699392K), [Metaspace: 43923K->43923K(1087488K)], 0.1592096 secs] [Times: user=1.71 sys=0.02, real=0.16 secs] 
2016-09-25T22:20:03.284-0400: 114.435: [Full GC (Ergonomics) [PSYoungGen: 88064K->8103K(175104K)] [ParOldGen: 523599K->522738K(524288K)] 611663K->530842K(699392K), [Metaspace: 43923K->43923K(1087488K)], 0.1502986 secs] [Times: user=1.68 sys=0.00, real=0.14 secs] 
2016-09-25T22:20:03.480-0400: 114.631: [Full GC (Ergonomics) [PSYoungGen: 87196K->4212K(175104K)] [ParOldGen: 522738K->524283K(524288K)] 609934K->528496K(699392K), [Metaspace: 43931K->43931K(1087488K)], 0.1699669 secs] [Times: user=2.50 sys=0.00, real=0.17 secs] 
2016-09-25T22:20:06.171-0400: 117.322: [Full GC (Ergonomics) [PSYoungGen: 88064K->0K(175104K)] [ParOldGen: 524286K->504515K(524288K)] 612350K->504515K(699392K), [Metaspace: 43968K->43968K(1087488K)], 0.0951348 secs] [Times: user=1.10 sys=0.01, real=0.10 secs] 
2016-09-25T22:20:11.683-0400: 122.834: [GC (Allocation Failure) [PSYoungGen: 88064K->22693K(175104K)] 592579K->527216K(699392K), 0.0225784 secs] [Times: user=0.23 sys=0.00, real=0.02 secs] 
2016-09-25T22:20:16.917-0400: 128.068: [GC (Allocation Failure) --[PSYoungGen: 110757K->110757K(175104K)] 615280K->635029K(699392K), 0.0345722 secs] [Times: user=0.11 sys=0.02, real=0.03 secs] 
2016-09-25T22:20:16.952-0400: 128.103: [Full GC (Ergonomics) [PSYoungGen: 110757K->0K(175104K)] [ParOldGen: 524272K->490904K(524288K)] 635029K->490904K(699392K), [Metaspace: 43988K->43988K(1087488K)], 0.0969944 secs] [Times: user=1.04 sys=0.02, real=0.10 secs] 
2016-09-25T22:20:22.415-0400: 133.566: [GC (Allocation Failure) [PSYoungGen: 88012K->22629K(175104K)] 578917K->513534K(699392K), 0.0301995 secs] [Times: user=0.15 sys=0.05, real=0.03 secs] 
2016-09-25T22:20:27.839-0400: 138.991: [GC (Allocation Failure) [PSYoungGen: 110693K->21893K(175104K)] 601598K->535139K(699392K), 0.0167210 secs] [Times: user=0.05 sys=0.03, real=0.02 secs] 
2016-09-25T22:20:27.856-0400: 139.007: [Full GC (Ergonomics) [PSYoungGen: 21893K->0K(175104K)] [ParOldGen: 513246K->474500K(524288K)] 535139K->474500K(699392K), [Metaspace: 44013K->44013K(1087488K)], 0.1395181 secs] [Times: user=1.25 sys=0.03, real=0.14 secs] 
2016-09-25T22:20:33.236-0400: 144.387: [GC (Allocation Failure) [PSYoungGen: 88064K->23589K(175104K)] 562564K->498090K(699392K), 0.0305175 secs] [Times: user=0.32 sys=0.01, real=0.03 secs] 
