Java HotSpot(TM) 64-Bit Server VM (25.77-b03) for linux-amd64 JRE (1.8.0_77-b03), built on Mar 20 2016 22:00:46 by "java_re" with gcc 4.3.0 20080428 (Red Hat 4.3.0-8)
Memory: 4k page, physical 264122324k(97719688k free), swap 268399612k(268246076k free)
CommandLine flags: -XX:GCLogFileSize=1048576 -XX:+HeapDumpOnOutOfMemoryError -XX:HeapDumpPath=artifacts/heapdump -XX:InitialHeapSize=805306368 -XX:MaxHeapSize=805306368 -XX:NumberOfGCLogFiles=10 -XX:+PrintGC -XX:+PrintGCDateStamps -XX:+PrintGCDetails -XX:+PrintGCTimeStamps -XX:+UseCompressedClassPointers -XX:+UseCompressedOops -XX:+UseGCLogFileRotation -XX:+UseParallelGC 
2016-09-13T19:47:13.024-0400: 2.215: [GC (Metadata GC Threshold) [PSYoungGen: 121898K->15681K(229376K)] 121898K->15761K(753664K), 0.0220487 secs] [Times: user=0.18 sys=0.08, real=0.02 secs] 
2016-09-13T19:47:13.046-0400: 2.237: [Full GC (Metadata GC Threshold) [PSYoungGen: 15681K->0K(229376K)] [ParOldGen: 80K->14597K(338944K)] 15761K->14597K(568320K), [Metaspace: 21056K->21056K(1067008K)], 0.0394732 secs] [Times: user=0.32 sys=0.03, real=0.04 secs] 
2016-09-13T19:47:14.861-0400: 4.051: [GC (Metadata GC Threshold) [PSYoungGen: 125204K->14776K(229376K)] 139802K->29510K(568320K), 0.0176390 secs] [Times: user=0.15 sys=0.04, real=0.02 secs] 
2016-09-13T19:47:14.879-0400: 4.069: [Full GC (Metadata GC Threshold) [PSYoungGen: 14776K->0K(229376K)] [ParOldGen: 14733K->20209K(524288K)] 29510K->20209K(753664K), [Metaspace: 34911K->34911K(1079296K)], 0.0612282 secs] [Times: user=0.52 sys=0.03, real=0.06 secs] 
2016-09-13T19:47:16.389-0400: 5.579: [GC (GCLocker Initiated GC) [PSYoungGen: 196608K->32747K(229376K)] 216819K->73196K(753664K), 0.0134099 secs] [Times: user=0.17 sys=0.03, real=0.01 secs] 
2016-09-13T19:47:16.745-0400: 5.935: [GC (GCLocker Initiated GC) [PSYoungGen: 229355K->29994K(229376K)] 270177K->137649K(753664K), 0.0116258 secs] [Times: user=0.13 sys=0.05, real=0.02 secs] 
2016-09-13T19:47:17.068-0400: 6.259: [GC (GCLocker Initiated GC) [PSYoungGen: 226602K->32750K(229376K)] 334282K->160527K(753664K), 0.0153308 secs] [Times: user=0.22 sys=0.01, real=0.01 secs] 
2016-09-13T19:47:17.501-0400: 6.691: [GC (GCLocker Initiated GC) [PSYoungGen: 229358K->31646K(180224K)] 363565K->178010K(704512K), 0.0164784 secs] [Times: user=0.18 sys=0.00, real=0.02 secs] 
2016-09-13T19:47:17.853-0400: 7.043: [GC (Allocation Failure) [PSYoungGen: 179102K->24500K(204800K)] 331891K->177297K(729088K), 0.0073588 secs] [Times: user=0.09 sys=0.00, real=0.01 secs] 
2016-09-13T19:47:18.203-0400: 7.394: [GC (GCLocker Initiated GC) [PSYoungGen: 171956K->30868K(198144K)] 330828K->189749K(722432K), 0.0105030 secs] [Times: user=0.12 sys=0.01, real=0.01 secs] 
2016-09-13T19:47:18.515-0400: 7.705: [GC (GCLocker Initiated GC) [PSYoungGen: 179860K->40886K(202240K)] 340453K->203987K(726528K), 0.0126426 secs] [Times: user=0.14 sys=0.00, real=0.01 secs] 
2016-09-13T19:47:18.857-0400: 8.048: [GC (GCLocker Initiated GC) [PSYoungGen: 189878K->39054K(207360K)] 353340K->212787K(731648K), 0.0111136 secs] [Times: user=0.11 sys=0.01, real=0.01 secs] 
2016-09-13T19:47:19.227-0400: 8.417: [GC (GCLocker Initiated GC) [PSYoungGen: 191630K->38506K(207360K)] 367254K->214948K(731648K), 0.0109249 secs] [Times: user=0.10 sys=0.03, real=0.02 secs] 
2016-09-13T19:47:19.565-0400: 8.755: [GC (GCLocker Initiated GC) [PSYoungGen: 191082K->19931K(207360K)] 373601K->203067K(731648K), 0.0147093 secs] [Times: user=0.20 sys=0.01, real=0.02 secs] 
2016-09-13T19:47:19.902-0400: 9.092: [GC (Allocation Failure) [PSYoungGen: 172507K->37644K(207360K)] 363396K->229566K(731648K), 0.0064825 secs] [Times: user=0.08 sys=0.00, real=0.01 secs] 
2016-09-13T19:47:20.259-0400: 9.449: [GC (Allocation Failure) [PSYoungGen: 190220K->37346K(206336K)] 382142K->229974K(730624K), 0.0061410 secs] [Times: user=0.06 sys=0.02, real=0.00 secs] 
2016-09-13T19:47:20.603-0400: 9.793: [GC (GCLocker Initiated GC) [PSYoungGen: 186650K->9699K(162304K)] 385353K->208818K(686592K), 0.0074327 secs] [Times: user=0.06 sys=0.00, real=0.01 secs] 
2016-09-13T19:47:20.960-0400: 10.151: [GC (Allocation Failure) [PSYoungGen: 162275K->19325K(206336K)] 369225K->226622K(730624K), 0.0098227 secs] [Times: user=0.13 sys=0.00, real=0.01 secs] 
2016-09-13T19:47:21.226-0400: 10.416: [GC (GCLocker Initiated GC) [PSYoungGen: 168778K->30144K(180224K)] 377594K->239448K(704512K), 0.0099491 secs] [Times: user=0.08 sys=0.05, real=0.02 secs] 
2016-09-13T19:47:21.405-0400: 10.595: [GC (GCLocker Initiated GC) [PSYoungGen: 180160K->38920K(202240K)] 391027K->250421K(726528K), 0.0090035 secs] [Times: user=0.12 sys=0.00, real=0.01 secs] 
2016-09-13T19:47:21.609-0400: 10.799: [GC (GCLocker Initiated GC) [PSYoungGen: 187912K->16158K(203264K)] 405655K->246364K(727552K), 0.0045941 secs] [Times: user=0.05 sys=0.00, real=0.00 secs] 
2016-09-13T19:47:21.798-0400: 10.988: [GC (GCLocker Initiated GC) [PSYoungGen: 165150K->37106K(206848K)] 395381K->267668K(731136K), 0.0147012 secs] [Times: user=0.14 sys=0.01, real=0.01 secs] 
2016-09-13T19:47:22.005-0400: 11.196: [GC (GCLocker Initiated GC) [PSYoungGen: 189682K->38752K(191488K)] 426405K->283358K(715776K), 0.0121642 secs] [Times: user=0.16 sys=0.00, real=0.02 secs] 
2016-09-13T19:47:22.210-0400: 11.401: [GC (GCLocker Initiated GC) [PSYoungGen: 191328K->51088K(196608K)] 436048K->306791K(720896K), 0.0087920 secs] [Times: user=0.10 sys=0.01, real=0.01 secs] 
2016-09-13T19:47:22.412-0400: 11.602: [GC (GCLocker Initiated GC) [PSYoungGen: 192400K->55495K(197120K)] 455888K->319329K(721408K), 0.0115892 secs] [Times: user=0.16 sys=0.01, real=0.01 secs] 
2016-09-13T19:47:22.605-0400: 11.795: [GC (GCLocker Initiated GC) [PSYoungGen: 196807K->28215K(197632K)] 468257K->299846K(721920K), 0.0067187 secs] [Times: user=0.05 sys=0.00, real=0.01 secs] 
2016-09-13T19:47:22.778-0400: 11.968: [GC (GCLocker Initiated GC) [PSYoungGen: 160823K->49415K(182272K)] 432689K->329312K(706560K), 0.0142651 secs] [Times: user=0.15 sys=0.03, real=0.01 secs] 
2016-09-13T19:47:22.958-0400: 12.149: [GC (Allocation Failure) [PSYoungGen: 182023K->51029K(190976K)] 462056K->331350K(715264K), 0.0091561 secs] [Times: user=0.10 sys=0.00, real=0.00 secs] 
2016-09-13T19:47:23.108-0400: 12.299: [GC (GCLocker Initiated GC) [PSYoungGen: 174933K->63152K(187392K)] 456773K->351418K(711680K), 0.0116389 secs] [Times: user=0.17 sys=0.00, real=0.01 secs] 
2016-09-13T19:47:23.287-0400: 12.478: [GC (GCLocker Initiated GC) [PSYoungGen: 187056K->55427K(181248K)] 475348K->343995K(705536K), 0.0097261 secs] [Times: user=0.11 sys=0.00, real=0.02 secs] 
2016-09-13T19:47:23.428-0400: 12.618: [GC (GCLocker Initiated GC) [PSYoungGen: 161923K->49260K(184320K)] 450712K->345899K(708608K), 0.0153515 secs] [Times: user=0.19 sys=0.00, real=0.01 secs] 
2016-09-13T19:47:23.560-0400: 12.750: [GC (GCLocker Initiated GC) [PSYoungGen: 155756K->46224K(180224K)] 458501K->349182K(704512K), 0.0069379 secs] [Times: user=0.08 sys=0.01, real=0.00 secs] 
2016-09-13T19:47:23.718-0400: 12.908: [GC (GCLocker Initiated GC) [PSYoungGen: 153744K->26447K(182784K)] 459834K->335796K(707072K), 0.0307098 secs] [Times: user=0.35 sys=0.02, real=0.03 secs] 
2016-09-13T19:47:23.868-0400: 13.058: [GC (GCLocker Initiated GC) [PSYoungGen: 133967K->40206K(180224K)] 443328K->352881K(704512K), 0.0151095 secs] [Times: user=0.16 sys=0.00, real=0.01 secs] 
2016-09-13T19:47:24.036-0400: 13.226: [GC (GCLocker Initiated GC) [PSYoungGen: 152334K->52458K(183808K)] 466723K->367126K(708096K), 0.0086117 secs] [Times: user=0.11 sys=0.01, real=0.00 secs] 
2016-09-13T19:47:24.173-0400: 13.363: [GC (GCLocker Initiated GC) [PSYoungGen: 164586K->44769K(187392K)] 479549K->367586K(711680K), 0.0227742 secs] [Times: user=0.30 sys=0.02, real=0.03 secs] 
2016-09-13T19:47:24.330-0400: 13.520: [GC (GCLocker Initiated GC) [PSYoungGen: 162529K->40207K(188416K)] 485427K->363342K(712704K), 0.0100255 secs] [Times: user=0.14 sys=0.00, real=0.01 secs] 
2016-09-13T19:47:24.498-0400: 13.688: [GC (Allocation Failure) [PSYoungGen: 157967K->44864K(189952K)] 481348K->377669K(714240K), 0.0079773 secs] [Times: user=0.09 sys=0.01, real=0.00 secs] 
2016-09-13T19:47:24.655-0400: 13.845: [GC (GCLocker Initiated GC) [PSYoungGen: 168256K->43213K(189952K)] 501063K->376233K(714240K), 0.0139742 secs] [Times: user=0.17 sys=0.00, real=0.02 secs] 
2016-09-13T19:47:24.835-0400: 14.026: [GC (GCLocker Initiated GC) [PSYoungGen: 166605K->50939K(192512K)] 499736K->384358K(716800K), 0.0104903 secs] [Times: user=0.12 sys=0.01, real=0.01 secs] 
2016-09-13T19:47:25.016-0400: 14.207: [GC (Allocation Failure) [PSYoungGen: 178939K->29702K(193536K)] 518632K->369687K(717824K), 0.0078714 secs] [Times: user=0.10 sys=0.00, real=0.00 secs] 
2016-09-13T19:47:25.177-0400: 14.367: [GC (GCLocker Initiated GC) [PSYoungGen: 154596K->14297K(191488K)] 500656K->360668K(715776K), 0.0074321 secs] [Times: user=0.06 sys=0.00, real=0.00 secs] 
2016-09-13T19:47:25.336-0400: 14.526: [GC (Allocation Failure) [PSYoungGen: 140249K->47837K(194048K)] 486947K->394843K(718336K), 0.0094294 secs] [Times: user=0.10 sys=0.00, real=0.00 secs] 
2016-09-13T19:47:25.502-0400: 14.692: [GC (GCLocker Initiated GC) [PSYoungGen: 173789K->63121K(181760K)] 520801K->416461K(706048K), 0.0087441 secs] [Times: user=0.11 sys=0.01, real=0.01 secs] 
2016-09-13T19:47:25.667-0400: 14.857: [GC (GCLocker Initiated GC) [PSYoungGen: 176785K->51029K(187904K)] 530430K->404871K(712192K), 0.0071926 secs] [Times: user=0.10 sys=0.00, real=0.01 secs] 
2016-09-13T19:47:25.823-0400: 15.013: [GC (GCLocker Initiated GC) [PSYoungGen: 164693K->31035K(185856K)] 518729K->385398K(710144K), 0.0067814 secs] [Times: user=0.06 sys=0.00, real=0.01 secs] 
2016-09-13T19:47:25.974-0400: 15.164: [GC (GCLocker Initiated GC) [PSYoungGen: 144699K->49387K(186880K)] 499169K->404078K(711168K), 0.0068855 secs] [Times: user=0.07 sys=0.00, real=0.01 secs] 
2016-09-13T19:47:26.108-0400: 15.298: [GC (GCLocker Initiated GC) [PSYoungGen: 163051K->43248K(183296K)] 517926K->404490K(707584K), 0.0236135 secs] [Times: user=0.32 sys=0.00, real=0.02 secs] 
2016-09-13T19:47:26.276-0400: 15.467: [GC (GCLocker Initiated GC) [PSYoungGen: 159472K->49478K(186368K)] 520804K->411062K(710656K), 0.0091263 secs] [Times: user=0.09 sys=0.00, real=0.00 secs] 
2016-09-13T19:47:26.437-0400: 15.627: [GC (GCLocker Initiated GC) [PSYoungGen: 165702K->32773K(190464K)] 527309K->402403K(714752K), 0.0316260 secs] [Times: user=0.45 sys=0.00, real=0.03 secs] 
2016-09-13T19:47:26.615-0400: 15.805: [GC (GCLocker Initiated GC) [PSYoungGen: 155141K->62839K(185344K)] 524968K->439093K(709632K), 0.0104343 secs] [Times: user=0.10 sys=0.01, real=0.01 secs] 
2016-09-13T19:47:26.757-0400: 15.948: [GC (GCLocker Initiated GC) [PSYoungGen: 185207K->50934K(188928K)] 563097K->429002K(713216K), 0.0132654 secs] [Times: user=0.15 sys=0.00, real=0.01 secs] 
2016-09-13T19:47:27.366-0400: 16.556: [GC (GCLocker Initiated GC) [PSYoungGen: 166134K->61410K(176640K)] 547280K->442899K(700928K), 0.0198183 secs] [Times: user=0.18 sys=0.00, real=0.02 secs] 
2016-09-13T19:47:27.552-0400: 16.742: [GC (GCLocker Initiated GC) [PSYoungGen: 176610K->56759K(184320K)] 564272K->444626K(708608K), 0.0143027 secs] [Times: user=0.15 sys=0.00, real=0.01 secs] 
2016-09-13T19:47:27.682-0400: 16.873: [GC (GCLocker Initiated GC) [PSYoungGen: 164279K->66154K(174080K)] 553894K->474255K(698368K), 0.0099123 secs] [Times: user=0.14 sys=0.01, real=0.01 secs] 
2016-09-13T19:47:27.823-0400: 17.013: [GC (Allocation Failure) [PSYoungGen: 173674K->76784K(169472K)] 581889K->524783K(693760K), 0.0133673 secs] [Times: user=0.16 sys=0.01, real=0.02 secs] 
2016-09-13T19:47:27.836-0400: 17.027: [GC (GCLocker Initiated GC) --[PSYoungGen: 76951K->76951K(169472K)] 524950K->598374K(693760K), 0.0117422 secs] [Times: user=0.11 sys=0.05, real=0.01 secs] 
2016-09-13T19:47:27.848-0400: 17.039: [Full GC (Ergonomics) [PSYoungGen: 76951K->0K(169472K)] [ParOldGen: 521422K->44347K(524288K)] 598374K->44347K(693760K), [Metaspace: 44121K->44121K(1087488K)], 0.2012929 secs] [Times: user=2.67 sys=0.02, real=0.20 secs] 
2016-09-13T19:47:28.150-0400: 17.340: [GC (GCLocker Initiated GC) [PSYoungGen: 88064K->82960K(175104K)] 132416K->139463K(699392K), 0.0085404 secs] [Times: user=0.12 sys=0.00, real=0.01 secs] 
2016-09-13T19:47:28.256-0400: 17.446: [GC (GCLocker Initiated GC) [PSYoungGen: 171024K->58470K(175104K)] 233840K->164261K(699392K), 0.0093723 secs] [Times: user=0.12 sys=0.00, real=0.00 secs] 
2016-09-13T19:47:28.367-0400: 17.557: [GC (GCLocker Initiated GC) [PSYoungGen: 146534K->84447K(175104K)] 252608K->221165K(699392K), 0.0136449 secs] [Times: user=0.18 sys=0.00, real=0.02 secs] 
2016-09-13T19:47:28.478-0400: 17.668: [GC (GCLocker Initiated GC) [PSYoungGen: 172511K->63120K(175104K)] 309458K->236802K(699392K), 0.0097376 secs] [Times: user=0.13 sys=0.00, real=0.01 secs] 
2016-09-13T19:47:28.609-0400: 17.799: [GC (GCLocker Initiated GC) [PSYoungGen: 151184K->69100K(175104K)] 324977K->279632K(699392K), 0.0201619 secs] [Times: user=0.24 sys=0.00, real=0.02 secs] 
2016-09-13T19:47:28.735-0400: 17.926: [GC (GCLocker Initiated GC) [PSYoungGen: 157164K->53912K(175104K)] 367707K->301155K(699392K), 0.0107050 secs] [Times: user=0.14 sys=0.00, real=0.01 secs] 
2016-09-13T19:47:28.841-0400: 18.031: [GC (GCLocker Initiated GC) [PSYoungGen: 141976K->70714K(175104K)] 389244K->356274K(699392K), 0.0118479 secs] [Times: user=0.15 sys=0.00, real=0.01 secs] 
2016-09-13T19:47:28.944-0400: 18.134: [GC (GCLocker Initiated GC) [PSYoungGen: 158778K->69223K(175104K)] 444484K->397735K(699392K), 0.0100408 secs] [Times: user=0.14 sys=0.00, real=0.01 secs] 
2016-09-13T19:47:29.058-0400: 18.248: [GC (GCLocker Initiated GC) [PSYoungGen: 157287K->85806K(175104K)] 485823K->469323K(699392K), 0.0138032 secs] [Times: user=0.18 sys=0.01, real=0.01 secs] 
2016-09-13T19:47:29.182-0400: 18.372: [GC (GCLocker Initiated GC) [PSYoungGen: 173870K->59828K(175104K)] 557546K->475607K(699392K), 0.0119720 secs] [Times: user=0.12 sys=0.00, real=0.01 secs] 
2016-09-13T19:47:29.307-0400: 18.497: [GC (GCLocker Initiated GC) [PSYoungGen: 147892K->84191K(175104K)] 563892K->536737K(699392K), 0.0222026 secs] [Times: user=0.24 sys=0.01, real=0.03 secs] 
2016-09-13T19:47:29.458-0400: 18.648: [Full GC (Ergonomics) [PSYoungGen: 172255K->0K(175104K)] [ParOldGen: 460218K->44242K(524288K)] 632474K->44242K(699392K), [Metaspace: 44123K->44123K(1087488K)], 0.0571263 secs] [Times: user=0.41 sys=0.01, real=0.05 secs] 
2016-09-13T19:47:29.631-0400: 18.821: [GC (GCLocker Initiated GC) [PSYoungGen: 88064K->51030K(175104K)] 146001K->108967K(699392K), 0.0062376 secs] [Times: user=0.09 sys=0.00, real=0.01 secs] 
2016-09-13T19:47:29.732-0400: 18.922: [GC (GCLocker Initiated GC) [PSYoungGen: 139094K->52269K(175104K)] 198721K->142630K(699392K), 0.0113265 secs] [Times: user=0.09 sys=0.00, real=0.01 secs] 
2016-09-13T19:47:29.850-0400: 19.040: [GC (GCLocker Initiated GC) [PSYoungGen: 140333K->52420K(175104K)] 230704K->182517K(699392K), 0.0255110 secs] [Times: user=0.30 sys=0.01, real=0.03 secs] 
2016-09-13T19:47:29.975-0400: 19.166: [GC (GCLocker Initiated GC) [PSYoungGen: 140484K->69164K(175104K)] 270777K->247043K(699392K), 0.0132129 secs] [Times: user=0.17 sys=0.01, real=0.02 secs] 
2016-09-13T19:47:30.110-0400: 19.300: [GC (GCLocker Initiated GC) [PSYoungGen: 157228K->26661K(175104K)] 347355K->239756K(699392K), 0.0070880 secs] [Times: user=0.09 sys=0.01, real=0.01 secs] 
2016-09-13T19:47:30.210-0400: 19.400: [GC (GCLocker Initiated GC) [PSYoungGen: 114725K->49361K(175104K)] 327826K->264260K(699392K), 0.0080686 secs] [Times: user=0.10 sys=0.00, real=0.01 secs] 
2016-09-13T19:47:30.328-0400: 19.518: [GC (GCLocker Initiated GC) [PSYoungGen: 137425K->50961K(175104K)] 358625K->278574K(699392K), 0.0074470 secs] [Times: user=0.10 sys=0.00, real=0.00 secs] 
2016-09-13T19:47:30.452-0400: 19.643: [GC (GCLocker Initiated GC) [PSYoungGen: 139025K->52611K(175104K)] 372749K->315512K(699392K), 0.0079560 secs] [Times: user=0.11 sys=0.01, real=0.01 secs] 
2016-09-13T19:47:30.584-0400: 19.774: [GC (GCLocker Initiated GC) [PSYoungGen: 140675K->53980K(175104K)] 403825K->326594K(699392K), 0.0100935 secs] [Times: user=0.15 sys=0.01, real=0.01 secs] 
2016-09-13T19:47:30.702-0400: 19.892: [GC (GCLocker Initiated GC) [PSYoungGen: 142044K->58406K(146944K)] 414759K->331303K(671232K), 0.0073944 secs] [Times: user=0.10 sys=0.00, real=0.01 secs] 
2016-09-13T19:47:30.856-0400: 20.047: [GC (Allocation Failure) [PSYoungGen: 146470K->9766K(173056K)] 431690K->302786K(697344K), 0.0100703 secs] [Times: user=0.10 sys=0.00, real=0.00 secs] 
2016-09-13T19:47:31.007-0400: 20.197: [GC (GCLocker Initiated GC) [PSYoungGen: 96806K->47588K(174080K)] 391344K->342465K(698368K), 0.0112443 secs] [Times: user=0.08 sys=0.00, real=0.02 secs] 
2016-09-13T19:47:31.163-0400: 20.353: [GC (GCLocker Initiated GC) [PSYoungGen: 134628K->37323K(175104K)] 431046K->333853K(699392K), 0.0171580 secs] [Times: user=0.22 sys=0.00, real=0.02 secs] 
2016-09-13T19:47:31.296-0400: 20.486: [GC (GCLocker Initiated GC) [PSYoungGen: 125387K->53854K(142336K)] 421987K->358462K(666624K), 0.0253315 secs] [Times: user=0.34 sys=0.00, real=0.02 secs] 
2016-09-13T19:47:31.451-0400: 20.641: [GC (Allocation Failure) [PSYoungGen: 141918K->28151K(172032K)] 448217K->346792K(696320K), 0.0066154 secs] [Times: user=0.08 sys=0.00, real=0.01 secs] 
2016-09-13T19:47:31.592-0400: 20.783: [GC (GCLocker Initiated GC) [PSYoungGen: 111554K->9831K(172544K)] 436270K->334858K(696832K), 0.0058254 secs] [Times: user=0.07 sys=0.00, real=0.01 secs] 
2016-09-13T19:47:31.721-0400: 20.911: [GC (GCLocker Initiated GC) [PSYoungGen: 97383K->32559K(175616K)] 422467K->360906K(699904K), 0.0084453 secs] [Times: user=0.12 sys=0.00, real=0.01 secs] 
2016-09-13T19:47:31.868-0400: 21.059: [GC (GCLocker Initiated GC) [PSYoungGen: 122159K->43212K(133120K)] 450665K->371876K(657408K), 0.0105829 secs] [Times: user=0.09 sys=0.00, real=0.01 secs] 
2016-09-13T19:47:32.006-0400: 21.196: [GC (Allocation Failure) [PSYoungGen: 132812K->28243K(173056K)] 463037K->358787K(697344K), 0.0259182 secs] [Times: user=0.39 sys=0.00, real=0.03 secs] 
2016-09-13T19:47:32.172-0400: 21.362: [GC (GCLocker Initiated GC) [PSYoungGen: 119891K->38591K(172032K)] 450441K->372369K(696320K), 0.0078762 secs] [Times: user=0.06 sys=0.00, real=0.01 secs] 
2016-09-13T19:47:34.796-0400: 23.986: [GC (GCLocker Initiated GC) [PSYoungGen: 130239K->41825K(178688K)] 474833K->386663K(702976K), 0.0216200 secs] [Times: user=0.24 sys=0.01, real=0.02 secs] 
2016-09-13T19:47:34.964-0400: 24.154: [GC (GCLocker Initiated GC) [PSYoungGen: 145249K->46441K(177152K)] 496487K->397936K(701440K), 0.0206352 secs] [Times: user=0.25 sys=0.00, real=0.02 secs] 
2016-09-13T19:47:35.135-0400: 24.325: [GC (GCLocker Initiated GC) [PSYoungGen: 149865K->62961K(180736K)] 507666K->439353K(705024K), 0.0086303 secs] [Times: user=0.08 sys=0.01, real=0.01 secs] 
2016-09-13T19:47:35.286-0400: 24.477: [GC (GCLocker Initiated GC) [PSYoungGen: 171505K->50710K(185344K)] 554048K->457763K(709632K), 0.0188880 secs] [Times: user=0.18 sys=0.00, real=0.02 secs] 
2016-09-13T19:47:35.435-0400: 24.625: [GC (GCLocker Initiated GC) [PSYoungGen: 159254K->73714K(170496K)] 566426K->519017K(694784K), 0.0121548 secs] [Times: user=0.13 sys=0.01, real=0.01 secs] 
2016-09-13T19:47:35.564-0400: 24.755: [GC (GCLocker Initiated GC) [PSYoungGen: 167922K->64545K(159232K)] 625665K->559070K(683520K), 0.0140153 secs] [Times: user=0.13 sys=0.03, real=0.02 secs] 
2016-09-13T19:47:35.579-0400: 24.769: [Full GC (Ergonomics) [PSYoungGen: 64545K->0K(159232K)] [ParOldGen: 494525K->48965K(524288K)] 559070K->48965K(683520K), [Metaspace: 44198K->44198K(1087488K)], 0.0632230 secs] [Times: user=0.35 sys=0.00, real=0.06 secs] 
2016-09-13T19:47:35.754-0400: 24.945: [GC (GCLocker Initiated GC) [PSYoungGen: 94208K->79949K(174592K)] 144801K->130542K(698880K), 0.0100504 secs] [Times: user=0.14 sys=0.00, real=0.01 secs] 
2016-09-13T19:47:35.892-0400: 25.083: [GC (GCLocker Initiated GC) [PSYoungGen: 168013K->31131K(175104K)] 218824K->134049K(699392K), 0.0094391 secs] [Times: user=0.09 sys=0.01, real=0.01 secs] 
2016-09-13T19:47:35.990-0400: 25.180: [GC (GCLocker Initiated GC) [PSYoungGen: 119195K->69105K(175104K)] 223769K->192201K(699392K), 0.0119736 secs] [Times: user=0.13 sys=0.03, real=0.01 secs] 
2016-09-13T19:47:36.131-0400: 25.321: [GC (GCLocker Initiated GC) [PSYoungGen: 157169K->76624K(175104K)] 280443K->224423K(699392K), 0.0182186 secs] [Times: user=0.19 sys=0.02, real=0.02 secs] 
2016-09-13T19:47:36.267-0400: 25.457: [GC (GCLocker Initiated GC) [PSYoungGen: 164688K->24956K(175104K)] 320128K->223212K(699392K), 0.0092560 secs] [Times: user=0.09 sys=0.00, real=0.02 secs] 
2016-09-13T19:47:36.394-0400: 25.585: [GC (Allocation Failure) [PSYoungGen: 113020K->44767K(175104K)] 311383K->253998K(699392K), 0.0075248 secs] [Times: user=0.08 sys=0.00, real=0.01 secs] 
2016-09-13T19:47:36.523-0400: 25.713: [GC (GCLocker Initiated GC) [PSYoungGen: 132790K->62679K(175104K)] 342080K->293480K(699392K), 0.0142331 secs] [Times: user=0.12 sys=0.00, real=0.02 secs] 
2016-09-13T19:47:36.644-0400: 25.835: [GC (GCLocker Initiated GC) [PSYoungGen: 150743K->28114K(175104K)] 395300K->291034K(699392K), 0.0078444 secs] [Times: user=0.06 sys=0.00, real=0.01 secs] 
2016-09-13T19:47:36.777-0400: 25.967: [GC (GCLocker Initiated GC) [PSYoungGen: 116178K->47991K(175104K)] 379123K->326585K(699392K), 0.0096559 secs] [Times: user=0.14 sys=0.00, real=0.00 secs] 
2016-09-13T19:47:36.893-0400: 26.083: [GC (GCLocker Initiated GC) [PSYoungGen: 136055K->65844K(175104K)] 414675K->363031K(699392K), 0.0128552 secs] [Times: user=0.12 sys=0.01, real=0.01 secs] 
2016-09-13T19:47:37.037-0400: 26.227: [GC (Allocation Failure) [PSYoungGen: 153908K->41789K(175104K)] 451242K->369690K(699392K), 0.0153721 secs] [Times: user=0.15 sys=0.01, real=0.01 secs] 
2016-09-13T19:47:37.155-0400: 26.345: [GC (GCLocker Initiated GC) [PSYoungGen: 129853K->44826K(175104K)] 457759K->391309K(699392K), 0.0153010 secs] [Times: user=0.16 sys=0.00, real=0.02 secs] 
2016-09-13T19:47:37.294-0400: 26.484: [GC (GCLocker Initiated GC) [PSYoungGen: 132890K->55431K(174080K)] 479538K->420654K(698368K), 0.0098345 secs] [Times: user=0.09 sys=0.02, real=0.01 secs] 
2016-09-13T19:47:37.421-0400: 26.611: [GC (GCLocker Initiated GC) [PSYoungGen: 143495K->24954K(174592K)] 514862K->401102K(698880K), 0.0071888 secs] [Times: user=0.05 sys=0.01, real=0.01 secs] 
2016-09-13T19:47:37.553-0400: 26.743: [GC (GCLocker Initiated GC) [PSYoungGen: 113018K->64453K(175104K)] 490899K->442686K(699392K), 0.0141908 secs] [Times: user=0.19 sys=0.00, real=0.01 secs] 
2016-09-13T19:47:39.513-0400: 28.704: [GC (Allocation Failure) [PSYoungGen: 152517K->55619K(175104K)] 530751K->452296K(699392K), 0.0138988 secs] [Times: user=0.12 sys=0.03, real=0.01 secs] 
2016-09-13T19:47:40.237-0400: 29.427: [GC (GCLocker Initiated GC) [PSYoungGen: 143683K->43269K(172032K)] 540362K->440258K(696320K), 0.0553919 secs] [Times: user=0.64 sys=0.00, real=0.05 secs] 
2016-09-13T19:47:40.409-0400: 29.599: [GC (GCLocker Initiated GC) [PSYoungGen: 131333K->55143K(173568K)] 534654K->477007K(697856K), 0.0194595 secs] [Times: user=0.13 sys=0.01, real=0.02 secs] 
2016-09-13T19:47:40.546-0400: 29.736: [GC (GCLocker Initiated GC) [PSYoungGen: 143207K->43377K(171520K)] 565096K->520242K(695808K), 0.0328115 secs] [Times: user=0.38 sys=0.02, real=0.04 secs] 
2016-09-13T19:47:40.579-0400: 29.769: [Full GC (Ergonomics) [PSYoungGen: 43377K->0K(171520K)] [ParOldGen: 476864K->33842K(524288K)] 520242K->33842K(695808K), [Metaspace: 44265K->44265K(1087488K)], 0.0705612 secs] [Times: user=0.39 sys=0.02, real=0.07 secs] 
2016-09-13T19:47:40.784-0400: 29.974: [GC (Allocation Failure) [PSYoungGen: 92672K->43494K(174080K)] 140403K->91225K(698368K), 0.0059930 secs] [Times: user=0.04 sys=0.00, real=0.01 secs] 
2016-09-13T19:47:40.911-0400: 30.102: [GC (GCLocker Initiated GC) [PSYoungGen: 136166K->59802K(180224K)] 185422K->149045K(704512K), 0.0160779 secs] [Times: user=0.15 sys=0.01, real=0.01 secs] 
2016-09-13T19:47:41.059-0400: 30.249: [GC (GCLocker Initiated GC) [PSYoungGen: 160666K->59791K(181248K)] 257553K->181042K(705536K), 0.0235185 secs] [Times: user=0.26 sys=0.00, real=0.02 secs] 
2016-09-13T19:47:41.188-0400: 30.378: [GC (GCLocker Initiated GC) [PSYoungGen: 160655K->67613K(174080K)] 281935K->239324K(698368K), 0.0155976 secs] [Times: user=0.22 sys=0.00, real=0.02 secs] 
2016-09-13T19:47:41.334-0400: 30.525: [GC (GCLocker Initiated GC) [PSYoungGen: 160797K->62988K(156672K)] 335626K->279081K(680960K), 0.0109437 secs] [Times: user=0.11 sys=0.00, real=0.01 secs] 
2016-09-13T19:47:41.480-0400: 30.670: [GC (GCLocker Initiated GC) [PSYoungGen: 156172K->49351K(179712K)] 372450K->306872K(704000K), 0.0243182 secs] [Times: user=0.29 sys=0.01, real=0.02 secs] 
2016-09-13T19:47:41.641-0400: 30.832: [GC (GCLocker Initiated GC) [PSYoungGen: 144071K->76663K(171520K)] 403142K->383072K(695808K), 0.0132872 secs] [Times: user=0.18 sys=0.00, real=0.01 secs] 
2016-09-13T19:47:41.784-0400: 30.974: [GC (GCLocker Initiated GC) [PSYoungGen: 171383K->79854K(175104K)] 489968K->456280K(699392K), 0.0206622 secs] [Times: user=0.28 sys=0.02, real=0.02 secs] 
2016-09-13T19:47:41.918-0400: 31.108: [GC (Allocation Failure) [PSYoungGen: 167918K->59919K(175104K)] 550449K->468538K(699392K), 0.0115641 secs] [Times: user=0.10 sys=0.00, real=0.01 secs] 
2016-09-13T19:47:42.047-0400: 31.237: [GC (GCLocker Initiated GC) [PSYoungGen: 147961K->73783K(175104K)] 558099K->525188K(699392K), 0.0113344 secs] [Times: user=0.15 sys=0.02, real=0.02 secs] 
2016-09-13T19:47:42.058-0400: 31.248: [Full GC (Ergonomics) [PSYoungGen: 73783K->0K(175104K)] [ParOldGen: 451404K->44837K(524288K)] 525188K->44837K(699392K), [Metaspace: 44277K->44277K(1087488K)], 0.0627106 secs] [Times: user=0.44 sys=0.00, real=0.06 secs] 
2016-09-13T19:47:42.228-0400: 31.418: [GC (GCLocker Initiated GC) [PSYoungGen: 88064K->84500K(175104K)] 132970K->135481K(699392K), 0.0101581 secs] [Times: user=0.13 sys=0.00, real=0.01 secs] 
2016-09-13T19:47:42.345-0400: 31.535: [GC (GCLocker Initiated GC) [PSYoungGen: 172564K->63057K(175104K)] 223567K->164543K(699392K), 0.0109200 secs] [Times: user=0.15 sys=0.00, real=0.01 secs] 
2016-09-13T19:47:42.475-0400: 31.666: [GC (GCLocker Initiated GC) [PSYoungGen: 151121K->47900K(175104K)] 252694K->195309K(699392K), 0.0117908 secs] [Times: user=0.16 sys=0.00, real=0.01 secs] 
2016-09-13T19:47:42.609-0400: 31.799: [GC (GCLocker Initiated GC) [PSYoungGen: 135964K->50869K(175104K)] 290993K->242632K(699392K), 0.0156241 secs] [Times: user=0.18 sys=0.00, real=0.01 secs] 
2016-09-13T19:47:42.739-0400: 31.929: [GC (GCLocker Initiated GC) [PSYoungGen: 138933K->56828K(175104K)] 332254K->286816K(699392K), 0.0148943 secs] [Times: user=0.19 sys=0.00, real=0.01 secs] 
2016-09-13T19:47:42.857-0400: 32.048: [GC (GCLocker Initiated GC) [PSYoungGen: 144892K->84346K(175104K)] 374951K->361689K(699392K), 0.0153599 secs] [Times: user=0.22 sys=0.01, real=0.01 secs] 
2016-09-13T19:47:42.982-0400: 32.172: [GC (GCLocker Initiated GC) [PSYoungGen: 172410K->79980K(175104K)] 450042K->394425K(699392K), 0.0114686 secs] [Times: user=0.19 sys=0.00, real=0.01 secs] 
2016-09-13T19:47:43.129-0400: 32.319: [GC (GCLocker Initiated GC) [PSYoungGen: 168044K->58340K(175104K)] 484480K->411483K(699392K), 0.0115578 secs] [Times: user=0.09 sys=0.00, real=0.01 secs] 
2016-09-13T19:47:43.254-0400: 32.444: [GC (GCLocker Initiated GC) [PSYoungGen: 146404K->62988K(175104K)] 511811K->465054K(699392K), 0.0242217 secs] [Times: user=0.26 sys=0.01, real=0.03 secs] 
2016-09-13T19:47:43.383-0400: 32.574: [GC (GCLocker Initiated GC) [PSYoungGen: 151052K->65934K(175104K)] 553232K->510916K(699392K), 0.0130540 secs] [Times: user=0.12 sys=0.00, real=0.02 secs] 
2016-09-13T19:47:43.499-0400: 32.689: [GC (GCLocker Initiated GC) [PSYoungGen: 153998K->81314K(175104K)] 599130K->557121K(699392K), 0.0220952 secs] [Times: user=0.24 sys=0.01, real=0.02 secs] 
2016-09-13T19:47:43.521-0400: 32.711: [Full GC (Ergonomics) [PSYoungGen: 81314K->0K(175104K)] [ParOldGen: 475807K->44810K(524288K)] 557121K->44810K(699392K), [Metaspace: 44280K->44280K(1087488K)], 0.0576567 secs] [Times: user=0.30 sys=0.01, real=0.06 secs] 
2016-09-13T19:47:43.712-0400: 32.902: [GC (GCLocker Initiated GC) [PSYoungGen: 88064K->79666K(175104K)] 132984K->124587K(699392K), 0.0089640 secs] [Times: user=0.08 sys=0.00, real=0.01 secs] 
2016-09-13T19:47:43.832-0400: 33.023: [GC (GCLocker Initiated GC) [PSYoungGen: 167730K->50907K(175104K)] 215951K->163294K(699392K), 0.0117036 secs] [Times: user=0.11 sys=0.01, real=0.01 secs] 
2016-09-13T19:47:43.961-0400: 33.151: [GC (GCLocker Initiated GC) [PSYoungGen: 138971K->49378K(175104K)] 251392K->198491K(699392K), 0.0271647 secs] [Times: user=0.32 sys=0.01, real=0.03 secs] 
2016-09-13T19:47:44.080-0400: 33.270: [GC (GCLocker Initiated GC) [PSYoungGen: 137442K->40174K(175104K)] 286716K->221562K(699392K), 0.0082257 secs] [Times: user=0.06 sys=0.00, real=0.01 secs] 
2016-09-13T19:47:44.200-0400: 33.391: [GC (GCLocker Initiated GC) [PSYoungGen: 128238K->66089K(175104K)] 315740K->279659K(699392K), 0.0223678 secs] [Times: user=0.24 sys=0.00, real=0.02 secs] 
2016-09-13T19:47:44.337-0400: 33.528: [GC (GCLocker Initiated GC) [PSYoungGen: 154153K->47996K(175104K)] 368003K->303275K(699392K), 0.0098275 secs] [Times: user=0.09 sys=0.00, real=0.00 secs] 
2016-09-13T19:47:44.469-0400: 33.659: [GC (GCLocker Initiated GC) [PSYoungGen: 136060K->80968K(175104K)] 391437K->360897K(699392K), 0.0198448 secs] [Times: user=0.17 sys=0.01, real=0.02 secs] 
2016-09-13T19:47:44.610-0400: 33.801: [GC (GCLocker Initiated GC) [PSYoungGen: 169032K->84223K(175104K)] 449199K->423824K(699392K), 0.0283273 secs] [Times: user=0.31 sys=0.00, real=0.03 secs] 
2016-09-13T19:47:44.732-0400: 33.922: [GC (GCLocker Initiated GC) [PSYoungGen: 172287K->75266K(175104K)] 511913K->451618K(699392K), 0.0128862 secs] [Times: user=0.18 sys=0.01, real=0.01 secs] 
2016-09-13T19:47:44.824-0400: 34.015: [GC (GCLocker Initiated GC) [PSYoungGen: 163330K->66222K(175104K)] 541262K->491708K(699392K), 0.0138185 secs] [Times: user=0.20 sys=0.00, real=0.02 secs] 
2016-09-13T19:47:44.948-0400: 34.138: [GC (GCLocker Initiated GC) [PSYoungGen: 154286K->50842K(175104K)] 579951K->519357K(699392K), 0.0119975 secs] [Times: user=0.15 sys=0.00, real=0.01 secs] 
2016-09-13T19:47:44.960-0400: 34.150: [Full GC (Ergonomics) [PSYoungGen: 50842K->0K(175104K)] [ParOldGen: 468515K->32772K(524288K)] 519357K->32772K(699392K), [Metaspace: 44280K->44280K(1087488K)], 0.0610930 secs] [Times: user=0.48 sys=0.01, real=0.06 secs] 
2016-09-13T19:47:45.130-0400: 34.320: [GC (GCLocker Initiated GC) [PSYoungGen: 88064K->69201K(175104K)] 122421K->103558K(699392K), 0.0082177 secs] [Times: user=0.12 sys=0.00, real=0.01 secs] 
2016-09-13T19:47:45.242-0400: 34.432: [GC (Allocation Failure) [PSYoungGen: 157265K->64545K(175104K)] 191644K->163089K(699392K), 0.0125329 secs] [Times: user=0.18 sys=0.00, real=0.01 secs] 
2016-09-13T19:47:45.358-0400: 34.548: [GC (GCLocker Initiated GC) [PSYoungGen: 149857K->70895K(175104K)] 254477K->219828K(699392K), 0.0133893 secs] [Times: user=0.20 sys=0.01, real=0.01 secs] 
2016-09-13T19:47:45.486-0400: 34.677: [GC (GCLocker Initiated GC) [PSYoungGen: 158959K->81282K(175104K)] 308032K->285409K(699392K), 0.0132425 secs] [Times: user=0.19 sys=0.00, real=0.02 secs] 
2016-09-13T19:47:45.608-0400: 34.799: [GC (GCLocker Initiated GC) [PSYoungGen: 169346K->84319K(175104K)] 373680K->329983K(699392K), 0.0120884 secs] [Times: user=0.18 sys=0.01, real=0.01 secs] 
2016-09-13T19:47:45.735-0400: 34.926: [GC (GCLocker Initiated GC) [PSYoungGen: 172383K->69127K(175104K)] 422708K->356128K(699392K), 0.0175702 secs] [Times: user=0.23 sys=0.00, real=0.02 secs] 
2016-09-13T19:47:45.867-0400: 35.058: [GC (GCLocker Initiated GC) [PSYoungGen: 157191K->69095K(175104K)] 445741K->395857K(699392K), 0.0112962 secs] [Times: user=0.11 sys=0.00, real=0.02 secs] 
2016-09-13T19:47:45.989-0400: 35.179: [GC (GCLocker Initiated GC) [PSYoungGen: 157159K->75175K(175104K)] 484041K->455609K(699392K), 0.0125292 secs] [Times: user=0.19 sys=0.00, real=0.01 secs] 
2016-09-13T19:47:46.107-0400: 35.297: [GC (GCLocker Initiated GC) [PSYoungGen: 163239K->81283K(175104K)] 543759K->498593K(699392K), 0.0135726 secs] [Times: user=0.22 sys=0.00, real=0.02 secs] 
2016-09-13T19:47:46.254-0400: 35.444: [GC (GCLocker Initiated GC) [PSYoungGen: 169347K->61597K(175104K)] 588282K->517250K(699392K), 0.0118800 secs] [Times: user=0.15 sys=0.00, real=0.01 secs] 
2016-09-13T19:47:46.383-0400: 35.573: [Full GC (Ergonomics) [PSYoungGen: 149661K->0K(175104K)] [ParOldGen: 457474K->44770K(524288K)] 607136K->44770K(699392K), [Metaspace: 44312K->44312K(1087488K)], 0.0554056 secs] [Times: user=0.37 sys=0.02, real=0.06 secs] 
2016-09-13T19:47:46.542-0400: 35.732: [GC (GCLocker Initiated GC) [PSYoungGen: 88064K->85838K(175104K)] 139089K->150533K(699392K), 0.0121551 secs] [Times: user=0.19 sys=0.00, real=0.01 secs] 
2016-09-13T19:47:46.666-0400: 35.856: [GC (GCLocker Initiated GC) [PSYoungGen: 173902K->51151K(175104K)] 238619K->196709K(699392K), 0.0147820 secs] [Times: user=0.23 sys=0.00, real=0.02 secs] 
2016-09-13T19:47:46.768-0400: 35.958: [GC (GCLocker Initiated GC) [PSYoungGen: 139215K->84293K(175104K)] 284878K->278824K(699392K), 0.0136385 secs] [Times: user=0.21 sys=0.00, real=0.01 secs] 
2016-09-13T19:47:46.891-0400: 36.082: [GC (GCLocker Initiated GC) [PSYoungGen: 172357K->37073K(175104K)] 366979K->269897K(699392K), 0.0119964 secs] [Times: user=0.10 sys=0.01, real=0.01 secs] 
2016-09-13T19:47:47.020-0400: 36.210: [GC (GCLocker Initiated GC) [PSYoungGen: 125137K->47704K(175104K)] 358050K->311327K(699392K), 0.0379657 secs] [Times: user=0.41 sys=0.00, real=0.04 secs] 
2016-09-13T19:47:47.176-0400: 36.366: [GC (GCLocker Initiated GC) [PSYoungGen: 135768K->56945K(175104K)] 400990K->367921K(699392K), 0.0119238 secs] [Times: user=0.12 sys=0.00, real=0.01 secs] 
2016-09-13T19:47:47.290-0400: 36.480: [GC (GCLocker Initiated GC) [PSYoungGen: 145009K->82928K(175104K)] 462135K->436815K(699392K), 0.0125910 secs] [Times: user=0.19 sys=0.00, real=0.01 secs] 
2016-09-13T19:47:47.411-0400: 36.601: [GC (GCLocker Initiated GC) [PSYoungGen: 170992K->65838K(175104K)] 525053K->468709K(699392K), 0.0110325 secs] [Times: user=0.09 sys=0.00, real=0.01 secs] 
2016-09-13T19:47:47.542-0400: 36.732: [GC (GCLocker Initiated GC) [PSYoungGen: 153902K->81250K(175104K)] 556904K->521058K(699392K), 0.0116115 secs] [Times: user=0.14 sys=0.00, real=0.01 secs] 
2016-09-13T19:47:47.666-0400: 36.856: [GC (GCLocker Initiated GC) [PSYoungGen: 169314K->47964K(175104K)] 609250K->526177K(699392K), 0.0113341 secs] [Times: user=0.16 sys=0.00, real=0.02 secs] 
2016-09-13T19:47:47.677-0400: 36.868: [Full GC (Ergonomics) [PSYoungGen: 47964K->0K(175104K)] [ParOldGen: 478212K->34181K(524288K)] 526177K->34181K(699392K), [Metaspace: 44319K->44319K(1087488K)], 0.0570571 secs] [Times: user=0.40 sys=0.00, real=0.05 secs] 
2016-09-13T19:47:47.837-0400: 37.027: [GC (GCLocker Initiated GC) [PSYoungGen: 88064K->84484K(175104K)] 122320K->124816K(699392K), 0.0093830 secs] [Times: user=0.14 sys=0.00, real=0.00 secs] 
2016-09-13T19:47:47.968-0400: 37.158: [GC (Allocation Failure) [PSYoungGen: 172548K->75106K(175104K)] 220635K->163089K(699392K), 0.0227784 secs] [Times: user=0.19 sys=0.00, real=0.02 secs] 
2016-09-13T19:47:48.132-0400: 37.323: [GC (GCLocker Initiated GC) [PSYoungGen: 160710K->46350K(175104K)] 254769K->174124K(699392K), 0.0078549 secs] [Times: user=0.08 sys=0.00, real=0.01 secs] 
2016-09-13T19:47:48.296-0400: 37.486: [GC (GCLocker Initiated GC) [PSYoungGen: 134414K->46126K(175104K)] 268293K->216649K(699392K), 0.0222306 secs] [Times: user=0.22 sys=0.00, real=0.02 secs] 
2016-09-13T19:47:48.441-0400: 37.632: [GC (GCLocker Initiated GC) [PSYoungGen: 134190K->64665K(175104K)] 304850K->281158K(699392K), 0.0156053 secs] [Times: user=0.23 sys=0.02, real=0.02 secs] 
2016-09-13T19:47:48.549-0400: 37.740: [GC (GCLocker Initiated GC) [PSYoungGen: 152729K->84347K(175104K)] 369266K->343697K(699392K), 0.0143961 secs] [Times: user=0.22 sys=0.01, real=0.01 secs] 
2016-09-13T19:47:48.681-0400: 37.872: [GC (GCLocker Initiated GC) [PSYoungGen: 172411K->61719K(175104K)] 432015K->347344K(699392K), 0.0106374 secs] [Times: user=0.18 sys=0.00, real=0.01 secs] 
2016-09-13T19:47:48.818-0400: 38.009: [GC (GCLocker Initiated GC) [PSYoungGen: 149783K->41894K(175104K)] 444578K->373585K(699392K), 0.0077545 secs] [Times: user=0.10 sys=0.00, real=0.00 secs] 
2016-09-13T19:47:48.921-0400: 38.112: [GC (GCLocker Initiated GC) [PSYoungGen: 129958K->62993K(175104K)] 467980K->437695K(699392K), 0.0089473 secs] [Times: user=0.11 sys=0.00, real=0.01 secs] 
2016-09-13T19:47:49.041-0400: 38.232: [GC (GCLocker Initiated GC) [PSYoungGen: 151057K->64602K(175104K)] 525882K->489791K(699392K), 0.0246282 secs] [Times: user=0.32 sys=0.00, real=0.02 secs] 
2016-09-13T19:47:49.206-0400: 38.396: [GC (GCLocker Initiated GC) [PSYoungGen: 152666K->73660K(175104K)] 593294K->557112K(699392K), 0.0199469 secs] [Times: user=0.22 sys=0.00, real=0.02 secs] 
2016-09-13T19:47:49.226-0400: 38.416: [Full GC (Ergonomics) [PSYoungGen: 73660K->0K(175104K)] [ParOldGen: 483452K->53233K(524288K)] 557112K->53233K(699392K), [Metaspace: 44322K->44322K(1087488K)], 0.0612149 secs] [Times: user=0.38 sys=0.02, real=0.06 secs] 
2016-09-13T19:47:49.387-0400: 38.577: [GC (GCLocker Initiated GC) [PSYoungGen: 88064K->81437K(175104K)] 141522K->134895K(699392K), 0.0103057 secs] [Times: user=0.12 sys=0.01, real=0.02 secs] 
2016-09-13T19:47:49.483-0400: 38.673: [GC (GCLocker Initiated GC) [PSYoungGen: 169501K->60114K(175104K)] 223191K->165912K(699392K), 0.0123243 secs] [Times: user=0.18 sys=0.01, real=0.01 secs] 
2016-09-13T19:47:49.592-0400: 38.783: [GC (GCLocker Initiated GC) [PSYoungGen: 148178K->67894K(175104K)] 255606K->193934K(699392K), 0.0103476 secs] [Times: user=0.15 sys=0.00, real=0.01 secs] 
2016-09-13T19:47:49.719-0400: 38.910: [GC (GCLocker Initiated GC) [PSYoungGen: 155958K->61882K(175104K)] 282121K->231012K(699392K), 0.0226040 secs] [Times: user=0.34 sys=0.00, real=0.02 secs] 
2016-09-13T19:47:49.846-0400: 39.036: [GC (GCLocker Initiated GC) [PSYoungGen: 149946K->84419K(175104K)] 319252K->293557K(699392K), 0.0111573 secs] [Times: user=0.17 sys=0.00, real=0.02 secs] 
2016-09-13T19:47:49.959-0400: 39.150: [GC (GCLocker Initiated GC) [PSYoungGen: 172483K->66090K(175104K)] 381757K->327189K(699392K), 0.0114568 secs] [Times: user=0.17 sys=0.00, real=0.01 secs] 
2016-09-13T19:47:50.086-0400: 39.276: [GC (GCLocker Initiated GC) [PSYoungGen: 154154K->70778K(175104K)] 415278K->371725K(699392K), 0.0108722 secs] [Times: user=0.17 sys=0.00, real=0.02 secs] 
2016-09-13T19:47:50.206-0400: 39.396: [GC (GCLocker Initiated GC) [PSYoungGen: 158842K->47619K(175104K)] 461379K->370171K(699392K), 0.0215489 secs] [Times: user=0.15 sys=0.00, real=0.03 secs] 
2016-09-13T19:47:50.345-0400: 39.535: [GC (GCLocker Initiated GC) [PSYoungGen: 135683K->76630K(175104K)] 458278K->437412K(699392K), 0.0192357 secs] [Times: user=0.24 sys=0.00, real=0.02 secs] 
2016-09-13T19:47:50.488-0400: 39.679: [GC (GCLocker Initiated GC) [PSYoungGen: 164694K->49537K(175104K)] 531576K->459211K(699392K), 0.0112926 secs] [Times: user=0.14 sys=0.00, real=0.01 secs] 
2016-09-13T19:47:50.640-0400: 39.830: [GC (GCLocker Initiated GC) [PSYoungGen: 137601K->43158K(175104K)] 547395K->497386K(699392K), 0.0158134 secs] [Times: user=0.19 sys=0.00, real=0.02 secs] 
2016-09-13T19:47:50.765-0400: 39.955: [GC (GCLocker Initiated GC) [PSYoungGen: 131222K->65993K(175104K)] 587003K->558406K(699392K), 0.0109468 secs] [Times: user=0.10 sys=0.01, real=0.02 secs] 
2016-09-13T19:47:50.776-0400: 39.966: [Full GC (Ergonomics) [PSYoungGen: 65993K->0K(175104K)] [ParOldGen: 492413K->38162K(524288K)] 558406K->38162K(699392K), [Metaspace: 44330K->44330K(1087488K)], 0.0612702 secs] [Times: user=0.37 sys=0.01, real=0.06 secs] 
2016-09-13T19:47:50.958-0400: 40.149: [GC (GCLocker Initiated GC) [PSYoungGen: 88064K->86056K(175104K)] 126461K->132047K(699392K), 0.0104479 secs] [Times: user=0.15 sys=0.00, real=0.01 secs] 
2016-09-13T19:47:51.076-0400: 40.267: [GC (GCLocker Initiated GC) [PSYoungGen: 174120K->50812K(175104K)] 220125K->147402K(699392K), 0.0086190 secs] [Times: user=0.11 sys=0.01, real=0.00 secs] 
2016-09-13T19:47:51.216-0400: 40.407: [GC (GCLocker Initiated GC) [PSYoungGen: 138876K->63215K(175104K)] 235580K->208738K(699392K), 0.0101115 secs] [Times: user=0.13 sys=0.00, real=0.00 secs] 
2016-09-13T19:47:51.337-0400: 40.528: [GC (GCLocker Initiated GC) [PSYoungGen: 151279K->69095K(175104K)] 296827K->251488K(699392K), 0.0120584 secs] [Times: user=0.11 sys=0.00, real=0.01 secs] 
2016-09-13T19:47:51.475-0400: 40.665: [GC (GCLocker Initiated GC) [PSYoungGen: 157159K->49136K(175104K)] 339669K->277398K(699392K), 0.0122287 secs] [Times: user=0.10 sys=0.00, real=0.01 secs] 
2016-09-13T19:47:51.600-0400: 40.790: [GC (Allocation Failure) [PSYoungGen: 137200K->41778K(175104K)] 371750K->305465K(699392K), 0.0192668 secs] [Times: user=0.19 sys=0.00, real=0.02 secs] 
2016-09-13T19:47:51.710-0400: 40.900: [GC (GCLocker Initiated GC) [PSYoungGen: 129842K->40057K(175104K)] 393537K->340529K(699392K), 0.0178382 secs] [Times: user=0.18 sys=0.00, real=0.02 secs] 
2016-09-13T19:47:51.835-0400: 41.025: [GC (GCLocker Initiated GC) [PSYoungGen: 128121K->49415K(175104K)] 430142K->388096K(699392K), 0.0153479 secs] [Times: user=0.20 sys=0.00, real=0.02 secs] 
2016-09-13T19:47:51.954-0400: 41.144: [GC (GCLocker Initiated GC) [PSYoungGen: 137479K->76662K(175104K)] 477933K->449341K(699392K), 0.0171871 secs] [Times: user=0.19 sys=0.00, real=0.02 secs] 
2016-09-13T19:47:52.079-0400: 41.269: [GC (GCLocker Initiated GC) [PSYoungGen: 164726K->78148K(175104K)] 537414K->487560K(699392K), 0.0157037 secs] [Times: user=0.22 sys=0.00, real=0.01 secs] 
2016-09-13T19:47:52.202-0400: 41.392: [GC (GCLocker Initiated GC) [PSYoungGen: 166212K->60051K(175104K)] 581730K->506260K(699392K), 0.0226822 secs] [Times: user=0.29 sys=0.00, real=0.02 secs] 
2016-09-13T19:47:52.326-0400: 41.516: [GC (GCLocker Initiated GC) [PSYoungGen: 148115K->51034K(175104K)] 600449K->549294K(699392K), 0.0110838 secs] [Times: user=0.15 sys=0.01, real=0.02 secs] 
2016-09-13T19:47:52.337-0400: 41.527: [Full GC (Ergonomics) [PSYoungGen: 51034K->0K(175104K)] [ParOldGen: 498259K->39751K(524288K)] 549294K->39751K(699392K), [Metaspace: 44335K->44335K(1087488K)], 0.0610560 secs] [Times: user=0.41 sys=0.01, real=0.06 secs] 
2016-09-13T19:47:52.515-0400: 41.705: [GC (GCLocker Initiated GC) [PSYoungGen: 88064K->80139K(175104K)] 129427K->121502K(699392K), 0.0091392 secs] [Times: user=0.12 sys=0.00, real=0.01 secs] 
2016-09-13T19:47:52.664-0400: 41.854: [GC (GCLocker Initiated GC) [PSYoungGen: 168203K->58463K(175104K)] 217186K->153492K(699392K), 0.0207629 secs] [Times: user=0.21 sys=0.00, real=0.02 secs] 
2016-09-13T19:47:52.822-0400: 42.012: [GC (GCLocker Initiated GC) [PSYoungGen: 146527K->56732K(175104K)] 241647K->187157K(699392K), 0.0198208 secs] [Times: user=0.21 sys=0.00, real=0.02 secs] 
2016-09-13T19:47:52.947-0400: 42.138: [GC (GCLocker Initiated GC) [PSYoungGen: 144796K->58431K(175104K)] 281597K->224251K(699392K), 0.0208607 secs] [Times: user=0.20 sys=0.00, real=0.03 secs] 
2016-09-13T19:47:53.073-0400: 42.263: [GC (GCLocker Initiated GC) [PSYoungGen: 146495K->56881K(175104K)] 312528K->262677K(699392K), 0.0105133 secs] [Times: user=0.09 sys=0.00, real=0.01 secs] 
2016-09-13T19:47:53.192-0400: 42.383: [GC (GCLocker Initiated GC) [PSYoungGen: 144945K->79827K(175104K)] 350797K->301234K(699392K), 0.0112605 secs] [Times: user=0.12 sys=0.00, real=0.01 secs] 
2016-09-13T19:47:53.310-0400: 42.500: [GC (GCLocker Initiated GC) [PSYoungGen: 167891K->81468K(175104K)] 389403K->341304K(699392K), 0.0159157 secs] [Times: user=0.22 sys=0.00, real=0.01 secs] 
2016-09-13T19:47:53.444-0400: 42.634: [GC (GCLocker Initiated GC) [PSYoungGen: 169532K->52458K(175104K)] 429479K->350737K(699392K), 0.0110297 secs] [Times: user=0.10 sys=0.00, real=0.01 secs] 
2016-09-13T19:47:53.570-0400: 42.760: [GC (Allocation Failure) [PSYoungGen: 140522K->69036K(175104K)] 439092K->393701K(699392K), 0.0273494 secs] [Times: user=0.31 sys=0.00, real=0.03 secs] 
2016-09-13T19:47:53.733-0400: 42.924: [GC (GCLocker Initiated GC) [PSYoungGen: 153887K->67512K(175104K)] 484627K->435001K(699392K), 0.0222322 secs] [Times: user=0.24 sys=0.00, real=0.02 secs] 
2016-09-13T19:47:53.877-0400: 43.068: [GC (GCLocker Initiated GC) [PSYoungGen: 155576K->50906K(175104K)] 529338K->461359K(699392K), 0.0142536 secs] [Times: user=0.17 sys=0.00, real=0.01 secs] 
2016-09-13T19:47:54.004-0400: 43.194: [GC (GCLocker Initiated GC) [PSYoungGen: 138970K->78148K(175104K)] 549496K->495042K(699392K), 0.0136093 secs] [Times: user=0.12 sys=0.00, real=0.02 secs] 
2016-09-13T19:47:54.149-0400: 43.339: [GC (GCLocker Initiated GC) [PSYoungGen: 166212K->66185K(175104K)] 584841K->518467K(699392K), 0.0119388 secs] [Times: user=0.12 sys=0.00, real=0.01 secs] 
2016-09-13T19:47:54.276-0400: 43.466: [GC (GCLocker Initiated GC) [PSYoungGen: 154249K->81219K(175104K)] 606575K->583914K(699392K), 0.0123782 secs] [Times: user=0.15 sys=0.00, real=0.01 secs] 
2016-09-13T19:47:54.288-0400: 43.479: [Full GC (Ergonomics) [PSYoungGen: 81219K->0K(175104K)] [ParOldGen: 502695K->44282K(524288K)] 583914K->44282K(699392K), [Metaspace: 44357K->44357K(1087488K)], 0.0610447 secs] [Times: user=0.39 sys=0.01, real=0.06 secs] 
2016-09-13T19:47:54.476-0400: 43.667: [GC (GCLocker Initiated GC) [PSYoungGen: 88064K->57231K(175104K)] 138577K->107745K(699392K), 0.0054915 secs] [Times: user=0.06 sys=0.00, real=0.00 secs] 
2016-09-13T19:47:54.605-0400: 43.796: [GC (GCLocker Initiated GC) [PSYoungGen: 145295K->74956K(175104K)] 195899K->170122K(699392K), 0.0302243 secs] [Times: user=0.29 sys=0.01, real=0.04 secs] 
2016-09-13T19:47:54.778-0400: 43.968: [GC (GCLocker Initiated GC) [PSYoungGen: 163020K->51003K(175104K)] 270470K->214869K(699392K), 0.0109743 secs] [Times: user=0.16 sys=0.00, real=0.01 secs] 
2016-09-13T19:47:54.923-0400: 44.113: [GC (GCLocker Initiated GC) [PSYoungGen: 139067K->61655K(175104K)] 303124K->273126K(699392K), 0.0106328 secs] [Times: user=0.17 sys=0.01, real=0.01 secs] 
2016-09-13T19:47:55.059-0400: 44.250: [GC (GCLocker Initiated GC) [PSYoungGen: 149719K->46287K(175104K)] 374995K->302213K(699392K), 0.0113928 secs] [Times: user=0.09 sys=0.00, real=0.01 secs] 
2016-09-13T19:47:55.197-0400: 44.388: [GC (GCLocker Initiated GC) [PSYoungGen: 134351K->62866K(175104K)] 398223K->351272K(699392K), 0.0162317 secs] [Times: user=0.16 sys=0.00, real=0.01 secs] 
2016-09-13T19:47:55.338-0400: 44.528: [GC (GCLocker Initiated GC) [PSYoungGen: 150930K->47862K(175104K)] 442488K->376099K(699392K), 0.0220536 secs] [Times: user=0.22 sys=0.00, real=0.02 secs] 
2016-09-13T19:47:55.465-0400: 44.655: [GC (GCLocker Initiated GC) [PSYoungGen: 135926K->69008K(175104K)] 465773K->438772K(699392K), 0.0185904 secs] [Times: user=0.19 sys=0.00, real=0.02 secs] 
2016-09-13T19:47:55.586-0400: 44.777: [GC (GCLocker Initiated GC) [PSYoungGen: 157072K->78016K(175104K)] 528534K->479999K(699392K), 0.0217627 secs] [Times: user=0.20 sys=0.00, real=0.03 secs] 
2016-09-13T19:47:55.724-0400: 44.915: [GC (GCLocker Initiated GC) [PSYoungGen: 166080K->49446K(175104K)] 574154K->497244K(699392K), 0.0207410 secs] [Times: user=0.19 sys=0.00, real=0.02 secs] 
2016-09-13T19:47:55.847-0400: 45.037: [GC (GCLocker Initiated GC) [PSYoungGen: 137510K->64543K(175104K)] 585525K->550937K(699392K), 0.0133222 secs] [Times: user=0.12 sys=0.00, real=0.02 secs] 
2016-09-13T19:47:55.860-0400: 45.050: [Full GC (Ergonomics) [PSYoungGen: 64543K->0K(175104K)] [ParOldGen: 486394K->47566K(524288K)] 550937K->47566K(699392K), [Metaspace: 44358K->44358K(1087488K)], 0.0564226 secs] [Times: user=0.33 sys=0.01, real=0.06 secs] 
2016-09-13T19:47:56.043-0400: 45.233: [GC (GCLocker Initiated GC) [PSYoungGen: 88064K->67676K(175104K)] 144841K->124453K(699392K), 0.0121999 secs] [Times: user=0.12 sys=0.01, real=0.01 secs] 
2016-09-13T19:47:56.180-0400: 45.371: [GC (GCLocker Initiated GC) [PSYoungGen: 155740K->61633K(175104K)] 212703K->155442K(699392K), 0.0162308 secs] [Times: user=0.18 sys=0.00, real=0.02 secs] 
2016-09-13T19:47:56.315-0400: 45.505: [GC (GCLocker Initiated GC) [PSYoungGen: 149697K->81250K(175104K)] 243764K->212154K(699392K), 0.0151945 secs] [Times: user=0.21 sys=0.00, real=0.02 secs] 
2016-09-13T19:47:56.451-0400: 45.642: [GC (GCLocker Initiated GC) [PSYoungGen: 169314K->58495K(175104K)] 313017K->226732K(699392K), 0.0129216 secs] [Times: user=0.14 sys=0.00, real=0.01 secs] 
2016-09-13T19:47:56.593-0400: 45.783: [GC (GCLocker Initiated GC) [PSYoungGen: 146559K->64522K(175104K)] 315157K->263713K(699392K), 0.0153810 secs] [Times: user=0.14 sys=0.00, real=0.02 secs] 
2016-09-13T19:47:56.740-0400: 45.931: [GC (GCLocker Initiated GC) [PSYoungGen: 152586K->44794K(175104K)] 365547K->294588K(699392K), 0.0196836 secs] [Times: user=0.21 sys=0.00, real=0.02 secs] 
2016-09-13T19:47:56.880-0400: 46.070: [GC (GCLocker Initiated GC) [PSYoungGen: 132858K->59833K(147968K)] 382674K->347941K(672256K), 0.0102662 secs] [Times: user=0.09 sys=0.00, real=0.01 secs] 
2016-09-13T19:47:56.987-0400: 46.178: [GC (GCLocker Initiated GC) [PSYoungGen: 147897K->64570K(175104K)] 436147K->390964K(699392K), 0.0150858 secs] [Times: user=0.18 sys=0.01, real=0.02 secs] 
2016-09-13T19:47:57.116-0400: 46.306: [GC (Allocation Failure) [PSYoungGen: 153658K->57046K(174080K)] 492448K->426507K(698368K), 0.0172225 secs] [Times: user=0.17 sys=0.00, real=0.01 secs] 
2016-09-13T19:47:57.233-0400: 46.424: [GC (GCLocker Initiated GC) [PSYoungGen: 141969K->44894K(174080K)] 517505K->457137K(698368K), 0.0205802 secs] [Times: user=0.23 sys=0.00, real=0.02 secs] 
2016-09-13T19:47:57.388-0400: 46.578: [GC (GCLocker Initiated GC) [PSYoungGen: 135518K->52484K(174592K)] 553939K->493925K(698880K), 0.0095609 secs] [Times: user=0.13 sys=0.00, real=0.01 secs] 
2016-09-13T19:47:57.514-0400: 46.705: [GC (Allocation Failure) [PSYoungGen: 143108K->79699K(171008K)] 584798K->555168K(695296K), 0.0168566 secs] [Times: user=0.17 sys=0.01, real=0.02 secs] 
2016-09-13T19:47:57.531-0400: 46.722: [Full GC (Ergonomics) [PSYoungGen: 79699K->0K(171008K)] [ParOldGen: 475468K->42762K(524288K)] 555168K->42762K(695296K), [Metaspace: 44366K->44366K(1087488K)], 0.0617451 secs] [Times: user=0.36 sys=0.01, real=0.06 secs] 
2016-09-13T19:47:57.679-0400: 46.869: [GC (GCLocker Initiated GC) [PSYoungGen: 88064K->79704K(175104K)] 130829K->122469K(699392K), 0.0143826 secs] [Times: user=0.17 sys=0.00, real=0.01 secs] 
2016-09-13T19:47:57.794-0400: 46.985: [GC (GCLocker Initiated GC) [PSYoungGen: 167768K->52419K(175104K)] 210659K->138101K(699392K), 0.0098871 secs] [Times: user=0.09 sys=0.01, real=0.01 secs] 
2016-09-13T19:47:57.918-0400: 47.108: [GC (GCLocker Initiated GC) [PSYoungGen: 140483K->40297K(175104K)] 244420K->180976K(699392K), 0.0220793 secs] [Times: user=0.26 sys=0.00, real=0.02 secs] 
2016-09-13T19:47:58.063-0400: 47.254: [GC (GCLocker Initiated GC) [PSYoungGen: 128361K->78053K(175104K)] 269244K->257123K(699392K), 0.0191064 secs] [Times: user=0.20 sys=0.00, real=0.02 secs] 
2016-09-13T19:47:58.176-0400: 47.366: [GC (GCLocker Initiated GC) [PSYoungGen: 166117K->64545K(175104K)] 345358K->280472K(699392K), 0.0085490 secs] [Times: user=0.11 sys=0.01, real=0.00 secs] 
2016-09-13T19:47:58.306-0400: 47.496: [GC (GCLocker Initiated GC) [PSYoungGen: 152609K->52607K(175104K)] 386926K->328148K(699392K), 0.0088005 secs] [Times: user=0.13 sys=0.00, real=0.01 secs] 
2016-09-13T19:47:58.423-0400: 47.614: [GC (GCLocker Initiated GC) [PSYoungGen: 140671K->70683K(175104K)] 418037K->389445K(699392K), 0.0094733 secs] [Times: user=0.11 sys=0.01, real=0.01 secs] 
2016-09-13T19:47:58.537-0400: 47.727: [GC (GCLocker Initiated GC) [PSYoungGen: 158747K->85902K(175104K)] 477799K->435629K(699392K), 0.0130121 secs] [Times: user=0.18 sys=0.00, real=0.01 secs] 
2016-09-13T19:47:58.654-0400: 47.845: [GC (GCLocker Initiated GC) [PSYoungGen: 173966K->57194K(175104K)] 526898K->448313K(699392K), 0.0115328 secs] [Times: user=0.16 sys=0.00, real=0.01 secs] 
2016-09-13T19:47:58.772-0400: 47.962: [GC (GCLocker Initiated GC) [PSYoungGen: 145258K->73656K(175104K)] 536446K->501595K(699392K), 0.0103039 secs] [Times: user=0.13 sys=0.00, real=0.01 secs] 
2016-09-13T19:47:58.900-0400: 48.090: [GC (GCLocker Initiated GC) [PSYoungGen: 161720K->64603K(175104K)] 589806K->535472K(699392K), 0.0118734 secs] [Times: user=0.13 sys=0.00, real=0.01 secs] 
2016-09-13T19:47:58.912-0400: 48.102: [Full GC (Ergonomics) [PSYoungGen: 64603K->0K(175104K)] [ParOldGen: 470868K->37102K(524288K)] 535472K->37102K(699392K), [Metaspace: 44367K->44367K(1087488K)], 0.0535496 secs] [Times: user=0.30 sys=0.01, real=0.05 secs] 
2016-09-13T19:47:59.069-0400: 48.259: [GC (GCLocker Initiated GC) [PSYoungGen: 88064K->58405K(175104K)] 131390K->101731K(699392K), 0.0199893 secs] [Times: user=0.25 sys=0.00, real=0.02 secs] 
2016-09-13T19:47:59.219-0400: 48.409: [GC (GCLocker Initiated GC) [PSYoungGen: 146469K->69286K(175104K)] 189896K->176824K(699392K), 0.0123461 secs] [Times: user=0.18 sys=0.00, real=0.01 secs] 
2016-09-13T19:47:59.348-0400: 48.538: [GC (GCLocker Initiated GC) [PSYoungGen: 157350K->64671K(175104K)] 271173K->221292K(699392K), 0.0108544 secs] [Times: user=0.17 sys=0.00, real=0.01 secs] 
2016-09-13T19:47:59.480-0400: 48.670: [GC (GCLocker Initiated GC) [PSYoungGen: 152735K->84351K(175104K)] 309596K->290114K(699392K), 0.0120710 secs] [Times: user=0.17 sys=0.00, real=0.01 secs] 
2016-09-13T19:47:59.595-0400: 48.785: [GC (GCLocker Initiated GC) [PSYoungGen: 172415K->60110K(175104K)] 381321K->323972K(699392K), 0.0105197 secs] [Times: user=0.15 sys=0.00, real=0.01 secs] 
2016-09-13T19:47:59.726-0400: 48.916: [GC (GCLocker Initiated GC) [PSYoungGen: 148174K->60237K(175104K)] 419666K->388172K(699392K), 0.0127813 secs] [Times: user=0.18 sys=0.00, real=0.02 secs] 
2016-09-13T19:47:59.869-0400: 49.059: [GC (GCLocker Initiated GC) [PSYoungGen: 148301K->35528K(175104K)] 476505K->408151K(699392K), 0.0238733 secs] [Times: user=0.28 sys=0.01, real=0.02 secs] 
2016-09-13T19:48:00.013-0400: 49.203: [GC (GCLocker Initiated GC) [PSYoungGen: 123592K->69285K(175104K)] 508421K->490833K(699392K), 0.0094912 secs] [Times: user=0.13 sys=0.00, real=0.01 secs] 
2016-09-13T19:48:00.132-0400: 49.323: [GC (GCLocker Initiated GC) [PSYoungGen: 157349K->85710K(175104K)] 578997K->557832K(699392K), 0.0145823 secs] [Times: user=0.13 sys=0.00, real=0.01 secs] 
2016-09-13T19:48:00.147-0400: 49.338: [Full GC (Ergonomics) [PSYoungGen: 85710K->0K(175104K)] [ParOldGen: 472122K->50777K(524288K)] 557832K->50777K(699392K), [Metaspace: 44371K->44371K(1087488K)], 0.0646068 secs] [Times: user=0.47 sys=0.01, real=0.07 secs] 
2016-09-13T19:48:00.321-0400: 49.511: [GC (GCLocker Initiated GC) [PSYoungGen: 88064K->75298K(175104K)] 146497K->133731K(699392K), 0.0090342 secs] [Times: user=0.07 sys=0.02, real=0.01 secs] 
2016-09-13T19:48:00.432-0400: 49.623: [GC (GCLocker Initiated GC) [PSYoungGen: 163362K->61665K(175104K)] 223392K->170781K(699392K), 0.0110980 secs] [Times: user=0.14 sys=0.00, real=0.01 secs] 
2016-09-13T19:48:00.543-0400: 49.733: [GC (GCLocker Initiated GC) [PSYoungGen: 149729K->63026K(175104K)] 258983K->209069K(699392K), 0.0103037 secs] [Times: user=0.14 sys=0.00, real=0.01 secs] 
2016-09-13T19:48:00.664-0400: 49.854: [GC (GCLocker Initiated GC) [PSYoungGen: 151090K->73721K(175104K)] 298700K->265660K(699392K), 0.0117365 secs] [Times: user=0.14 sys=0.00, real=0.01 secs] 
2016-09-13T19:48:00.779-0400: 49.969: [GC (GCLocker Initiated GC) [PSYoungGen: 161785K->69227K(175104K)] 353930K->304142K(699392K), 0.0112540 secs] [Times: user=0.15 sys=0.01, real=0.01 secs] 
2016-09-13T19:48:00.895-0400: 50.085: [GC (Allocation Failure) [PSYoungGen: 157291K->61534K(175104K)] 392437K->333404K(699392K), 0.0107238 secs] [Times: user=0.13 sys=0.01, real=0.01 secs] 
2016-09-13T19:48:01.011-0400: 50.202: [GC (GCLocker Initiated GC) [PSYoungGen: 144518K->70687K(175104K)] 422463K->385460K(699392K), 0.0101288 secs] [Times: user=0.14 sys=0.00, real=0.01 secs] 
2016-09-13T19:48:01.152-0400: 50.342: [GC (GCLocker Initiated GC) [PSYoungGen: 158751K->50710K(175104K)] 479670K->402285K(699392K), 0.0161908 secs] [Times: user=0.11 sys=0.00, real=0.02 secs] 
2016-09-13T19:48:01.297-0400: 50.488: [GC (GCLocker Initiated GC) [PSYoungGen: 138774K->61442K(175104K)] 490488K->452856K(699392K), 0.0145195 secs] [Times: user=0.11 sys=0.01, real=0.01 secs] 
2016-09-13T19:48:01.455-0400: 50.646: [GC (GCLocker Initiated GC) [PSYoungGen: 149506K->47678K(175104K)] 540951K->475685K(699392K), 0.0224367 secs] [Times: user=0.25 sys=0.00, real=0.03 secs] 
2016-09-13T19:48:01.596-0400: 50.787: [GC (Allocation Failure) [PSYoungGen: 135742K->53843K(175104K)] 570016K->526233K(699392K), 0.0184244 secs] [Times: user=0.20 sys=0.00, real=0.01 secs] 
2016-09-13T19:48:01.615-0400: 50.805: [Full GC (Ergonomics) [PSYoungGen: 53843K->0K(175104K)] [ParOldGen: 472389K->35179K(524288K)] 526233K->35179K(699392K), [Metaspace: 44374K->44374K(1087488K)], 0.0596369 secs] [Times: user=0.35 sys=0.01, real=0.06 secs] 
2016-09-13T19:48:01.826-0400: 51.016: [GC (GCLocker Initiated GC) [PSYoungGen: 83767K->58473K(173056K)] 125021K->99728K(697344K), 0.0290685 secs] [Times: user=0.31 sys=0.00, real=0.03 secs] 
2016-09-13T19:48:01.990-0400: 51.181: [GC (GCLocker Initiated GC) [PSYoungGen: 146537K->64633K(174080K)] 187890K->132078K(698368K), 0.0366604 secs] [Times: user=0.42 sys=0.00, real=0.03 secs] 
2016-09-13T19:48:02.150-0400: 51.341: [GC (GCLocker Initiated GC) [PSYoungGen: 152697K->75179K(172544K)] 220451K->182713K(696832K), 0.0116632 secs] [Times: user=0.14 sys=0.00, real=0.01 secs] 
2016-09-13T19:48:02.304-0400: 51.494: [GC (GCLocker Initiated GC) [PSYoungGen: 163243K->43213K(175104K)] 276922K->201180K(699392K), 0.0104032 secs] [Times: user=0.08 sys=0.00, real=0.01 secs] 
2016-09-13T19:48:02.439-0400: 51.629: [GC (GCLocker Initiated GC) [PSYoungGen: 131277K->55341K(174080K)] 289270K->253149K(698368K), 0.0129029 secs] [Times: user=0.17 sys=0.01, real=0.01 secs] 
2016-09-13T19:48:02.566-0400: 51.756: [GC (GCLocker Initiated GC) [PSYoungGen: 143405K->62828K(174592K)] 341443K->294405K(698880K), 0.0145771 secs] [Times: user=0.11 sys=0.01, real=0.02 secs] 
2016-09-13T19:48:02.673-0400: 51.863: [GC (GCLocker Initiated GC) [PSYoungGen: 150892K->70517K(173568K)] 382614K->335850K(697856K), 0.0152882 secs] [Times: user=0.13 sys=0.00, real=0.02 secs] 
2016-09-13T19:48:02.802-0400: 51.992: [GC (GCLocker Initiated GC) [PSYoungGen: 159093K->76725K(174592K)] 432148K->391110K(698880K), 0.0196536 secs] [Times: user=0.25 sys=0.00, real=0.02 secs] 
2016-09-13T19:48:02.935-0400: 52.125: [GC (GCLocker Initiated GC) [PSYoungGen: 165301K->73624K(175104K)] 479897K->421957K(699392K), 0.0133366 secs] [Times: user=0.12 sys=0.01, real=0.02 secs] 
2016-09-13T19:48:03.067-0400: 52.257: [GC (GCLocker Initiated GC) [PSYoungGen: 161688K->53784K(175104K)] 510315K->433054K(699392K), 0.0229841 secs] [Times: user=0.22 sys=0.00, real=0.03 secs] 
2016-09-13T19:48:03.183-0400: 52.373: [GC (GCLocker Initiated GC) [PSYoungGen: 141848K->67767K(175104K)] 521128K->483805K(699392K), 0.0096486 secs] [Times: user=0.13 sys=0.01, real=0.01 secs] 
2016-09-13T19:48:03.301-0400: 52.492: [GC (GCLocker Initiated GC) [PSYoungGen: 155831K->85901K(175104K)] 575039K->541907K(699392K), 0.0138094 secs] [Times: user=0.13 sys=0.00, real=0.01 secs] 
2016-09-13T19:48:03.427-0400: 52.617: [GC (GCLocker Initiated GC) [PSYoungGen: 173965K->47805K(175104K)] 629998K->543779K(699392K), 0.0180478 secs] [Times: user=0.25 sys=0.00, real=0.02 secs] 
2016-09-13T19:48:03.445-0400: 52.635: [Full GC (Ergonomics) [PSYoungGen: 47805K->0K(175104K)] [ParOldGen: 495973K->34135K(524288K)] 543779K->34135K(699392K), [Metaspace: 44374K->44374K(1087488K)], 0.0587179 secs] [Times: user=0.36 sys=0.02, real=0.06 secs] 
2016-09-13T19:48:03.610-0400: 52.800: [GC (GCLocker Initiated GC) [PSYoungGen: 88064K->72393K(175104K)] 123787K->108116K(699392K), 0.0080106 secs] [Times: user=0.11 sys=0.00, real=0.01 secs] 
2016-09-13T19:48:03.786-0400: 52.976: [GC (GCLocker Initiated GC) [PSYoungGen: 160457K->49224K(175104K)] 203831K->131165K(699392K), 0.0118456 secs] [Times: user=0.08 sys=0.01, real=0.02 secs] 
2016-09-13T19:48:03.924-0400: 53.114: [GC (GCLocker Initiated GC) [PSYoungGen: 137288K->47683K(175104K)] 219365K->167892K(699392K), 0.0414264 secs] [Times: user=0.45 sys=0.01, real=0.04 secs] 
2016-09-13T19:48:04.079-0400: 53.269: [GC (GCLocker Initiated GC) [PSYoungGen: 135747K->60041K(175104K)] 255972K->224481K(699392K), 0.0097422 secs] [Times: user=0.11 sys=0.01, real=0.01 secs] 
2016-09-13T19:48:04.194-0400: 53.384: [GC (GCLocker Initiated GC) [PSYoungGen: 148105K->72237K(175104K)] 312771K->282872K(699392K), 0.0118828 secs] [Times: user=0.18 sys=0.00, real=0.01 secs] 
2016-09-13T19:48:04.338-0400: 53.528: [GC (GCLocker Initiated GC) [PSYoungGen: 160301K->59987K(175104K)] 372577K->308971K(699392K), 0.0133376 secs] [Times: user=0.16 sys=0.00, real=0.01 secs] 
2016-09-13T19:48:04.468-0400: 53.658: [GC (GCLocker Initiated GC) [PSYoungGen: 148051K->50971K(175104K)] 397220K->341411K(699392K), 0.0189938 secs] [Times: user=0.24 sys=0.01, real=0.01 secs] 
2016-09-13T19:48:04.586-0400: 53.776: [GC (GCLocker Initiated GC) [PSYoungGen: 139035K->64512K(175104K)] 429630K->385721K(699392K), 0.0146115 secs] [Times: user=0.12 sys=0.00, real=0.02 secs] 
2016-09-13T19:48:04.717-0400: 53.908: [GC (GCLocker Initiated GC) [PSYoungGen: 152576K->61628K(150016K)] 473905K->419645K(674304K), 0.0217005 secs] [Times: user=0.23 sys=0.00, real=0.02 secs] 
2016-09-13T19:48:04.849-0400: 54.039: [GC (GCLocker Initiated GC) [PSYoungGen: 149692K->75112K(171008K)] 507756K->474561K(695296K), 0.0212433 secs] [Times: user=0.23 sys=0.01, real=0.02 secs] 
2016-09-13T19:48:04.984-0400: 54.174: [GC (GCLocker Initiated GC) [PSYoungGen: 161128K->65966K(173056K)] 568270K->505188K(697344K), 0.0232514 secs] [Times: user=0.26 sys=0.00, real=0.02 secs] 
2016-09-13T19:48:05.126-0400: 54.316: [GC (GCLocker Initiated GC) [PSYoungGen: 151982K->61405K(171008K)] 591350K->517712K(695296K), 0.0162346 secs] [Times: user=0.15 sys=0.01, real=0.02 secs] 
2016-09-13T19:48:05.285-0400: 54.475: [GC (GCLocker Initiated GC) [PSYoungGen: 150493K->64454K(173568K)] 606847K->562080K(697856K), 0.0115596 secs] [Times: user=0.16 sys=0.00, real=0.02 secs] 
2016-09-13T19:48:05.296-0400: 54.487: [Full GC (Ergonomics) [PSYoungGen: 64454K->0K(173568K)] [ParOldGen: 497626K->40189K(524288K)] 562080K->40189K(697856K), [Metaspace: 44374K->44374K(1087488K)], 0.0599515 secs] [Times: user=0.35 sys=0.00, real=0.06 secs] 
2016-09-13T19:48:05.479-0400: 54.670: [GC (GCLocker Initiated GC) [PSYoungGen: 89088K->81533K(170496K)] 135382K->139978K(694784K), 0.0099105 secs] [Times: user=0.13 sys=0.01, real=0.01 secs] 
2016-09-13T19:48:05.601-0400: 54.792: [GC (Allocation Failure) [PSYoungGen: 169597K->82832K(175104K)] 228254K->211878K(699392K), 0.0169357 secs] [Times: user=0.20 sys=0.00, real=0.02 secs] 
2016-09-13T19:48:05.735-0400: 54.925: [GC (GCLocker Initiated GC) [PSYoungGen: 170896K->85902K(175104K)] 299955K->253274K(699392K), 0.0117247 secs] [Times: user=0.17 sys=0.00, real=0.01 secs] 
2016-09-13T19:48:05.838-0400: 55.029: [GC (GCLocker Initiated GC) [PSYoungGen: 173966K->69196K(175104K)] 341375K->273233K(699392K), 0.0101840 secs] [Times: user=0.13 sys=0.00, real=0.01 secs] 
2016-09-13T19:48:05.953-0400: 55.143: [GC (GCLocker Initiated GC) [PSYoungGen: 157260K->85902K(175104K)] 361413K->335966K(699392K), 0.0109025 secs] [Times: user=0.16 sys=0.00, real=0.01 secs] 
2016-09-13T19:48:06.067-0400: 55.258: [GC (GCLocker Initiated GC) [PSYoungGen: 173966K->81373K(175104K)] 424215K->375931K(699392K), 0.0113704 secs] [Times: user=0.17 sys=0.00, real=0.02 secs] 
2016-09-13T19:48:06.216-0400: 55.406: [GC (GCLocker Initiated GC) [PSYoungGen: 169437K->81373K(175104K)] 464164K->412819K(699392K), 0.0107753 secs] [Times: user=0.13 sys=0.01, real=0.00 secs] 
2016-09-13T19:48:06.333-0400: 55.524: [GC (GCLocker Initiated GC) [PSYoungGen: 169437K->64449K(175104K)] 502433K->421986K(699392K), 0.0108861 secs] [Times: user=0.10 sys=0.00, real=0.01 secs] 
2016-09-13T19:48:06.514-0400: 55.704: [GC (GCLocker Initiated GC) [PSYoungGen: 152513K->62961K(175104K)] 523860K->480042K(699392K), 0.0152901 secs] [Times: user=0.17 sys=0.00, real=0.02 secs] 
2016-09-13T19:48:06.651-0400: 55.841: [GC (GCLocker Initiated GC) [PSYoungGen: 151025K->40361K(175104K)] 574236K->503285K(699392K), 0.0113377 secs] [Times: user=0.10 sys=0.00, real=0.01 secs] 
2016-09-13T19:48:06.771-0400: 55.961: [GC (GCLocker Initiated GC) [PSYoungGen: 128425K->61377K(175104K)] 591555K->543000K(699392K), 0.0112857 secs] [Times: user=0.08 sys=0.00, real=0.01 secs] 
2016-09-13T19:48:06.782-0400: 55.973: [Full GC (Ergonomics) [PSYoungGen: 61377K->0K(175104K)] [ParOldGen: 481623K->44842K(524288K)] 543000K->44842K(699392K), [Metaspace: 44374K->44374K(1087488K)], 0.0556105 secs] [Times: user=0.30 sys=0.01, real=0.06 secs] 
2016-09-13T19:48:06.955-0400: 56.145: [GC (GCLocker Initiated GC) [PSYoungGen: 88064K->84410K(175104K)] 148138K->168785K(699392K), 0.0134837 secs] [Times: user=0.18 sys=0.00, real=0.02 secs] 
2016-09-13T19:48:07.078-0400: 56.269: [GC (GCLocker Initiated GC) [PSYoungGen: 172474K->49451K(175104K)] 263105K->199677K(699392K), 0.0105478 secs] [Times: user=0.13 sys=0.01, real=0.01 secs] 
2016-09-13T19:48:07.198-0400: 56.388: [GC (GCLocker Initiated GC) [PSYoungGen: 137515K->29789K(175104K)] 287763K->210749K(699392K), 0.0073700 secs] [Times: user=0.09 sys=0.00, real=0.00 secs] 
2016-09-13T19:48:07.315-0400: 56.505: [GC (GCLocker Initiated GC) [PSYoungGen: 117853K->49329K(175104K)] 299016K->258117K(699392K), 0.0170262 secs] [Times: user=0.19 sys=0.00, real=0.02 secs] 
2016-09-13T19:48:07.439-0400: 56.629: [GC (GCLocker Initiated GC) [PSYoungGen: 137393K->44726K(175104K)] 347725K->273466K(699392K), 0.0104378 secs] [Times: user=0.12 sys=0.01, real=0.01 secs] 
2016-09-13T19:48:07.547-0400: 56.738: [GC (GCLocker Initiated GC) [PSYoungGen: 132790K->49324K(175104K)] 361672K->302744K(699392K), 0.0099380 secs] [Times: user=0.09 sys=0.01, real=0.02 secs] 
2016-09-13T19:48:07.676-0400: 56.866: [GC (GCLocker Initiated GC) [PSYoungGen: 137388K->67676K(175104K)] 396925K->350287K(699392K), 0.0173681 secs] [Times: user=0.22 sys=0.00, real=0.01 secs] 
2016-09-13T19:48:07.807-0400: 56.997: [GC (Allocation Failure) [PSYoungGen: 155740K->50993K(175104K)] 445958K->359748K(699392K), 0.0088123 secs] [Times: user=0.09 sys=0.01, real=0.02 secs] 
2016-09-13T19:48:07.816-0400: 57.006: [GC (GCLocker Initiated GC) [PSYoungGen: 51106K->64K(175104K)] 359861K->368485K(699392K), 0.0078911 secs] [Times: user=0.10 sys=0.00, real=0.00 secs] 
2016-09-13T19:48:07.930-0400: 57.120: [GC (GCLocker Initiated GC) [PSYoungGen: 88128K->86029K(175104K)] 456559K->460544K(699392K), 0.0104748 secs] [Times: user=0.14 sys=0.02, real=0.01 secs] 
2016-09-13T19:48:08.066-0400: 57.257: [GC (GCLocker Initiated GC) [PSYoungGen: 174093K->26639K(175104K)] 556363K->459680K(699392K), 0.0130583 secs] [Times: user=0.14 sys=0.00, real=0.02 secs] 
2016-09-13T19:48:08.230-0400: 57.420: [GC (GCLocker Initiated GC) [PSYoungGen: 114703K->46249K(175104K)] 547865K->479621K(699392K), 0.0245096 secs] [Times: user=0.27 sys=0.00, real=0.02 secs] 
2016-09-13T19:48:08.417-0400: 57.607: [GC (GCLocker Initiated GC) [PSYoungGen: 134313K->23372K(175104K)] 579855K->476826K(699392K), 0.0364372 secs] [Times: user=0.38 sys=0.00, real=0.03 secs] 
2016-09-13T19:48:08.453-0400: 57.644: [Full GC (Ergonomics) [PSYoungGen: 23372K->0K(175104K)] [ParOldGen: 453454K->42551K(524288K)] 476826K->42551K(699392K), [Metaspace: 44376K->44376K(1087488K)], 0.1050368 secs] [Times: user=0.89 sys=0.02, real=0.11 secs] 
2016-09-13T19:48:08.672-0400: 57.863: [GC (GCLocker Initiated GC) [PSYoungGen: 88064K->76725K(175104K)] 130757K->119418K(699392K), 0.0118408 secs] [Times: user=0.09 sys=0.00, real=0.01 secs] 
2016-09-13T19:48:08.790-0400: 57.981: [GC (GCLocker Initiated GC) [PSYoungGen: 164789K->33945K(175104K)] 207700K->119783K(699392K), 0.0099783 secs] [Times: user=0.07 sys=0.01, real=0.01 secs] 
2016-09-13T19:48:08.928-0400: 58.118: [GC (GCLocker Initiated GC) [PSYoungGen: 122009K->32682K(175104K)] 215469K->144656K(699392K), 0.0100684 secs] [Times: user=0.12 sys=0.00, real=0.02 secs] 
2016-09-13T19:48:09.059-0400: 58.250: [GC (Allocation Failure) [PSYoungGen: 120746K->41571K(175104K)] 232743K->178152K(699392K), 0.0107545 secs] [Times: user=0.12 sys=0.00, real=0.01 secs] 
2016-09-13T19:48:09.163-0400: 58.354: [GC (GCLocker Initiated GC) [PSYoungGen: 128275K->61410K(175104K)] 266375K->205764K(699392K), 0.0110742 secs] [Times: user=0.13 sys=0.00, real=0.01 secs] 
2016-09-13T19:48:09.284-0400: 58.474: [GC (GCLocker Initiated GC) [PSYoungGen: 149474K->23528K(175104K)] 299916K->192381K(699392K), 0.0071394 secs] [Times: user=0.09 sys=0.00, real=0.01 secs] 
2016-09-13T19:48:09.412-0400: 58.603: [GC (Allocation Failure) [PSYoungGen: 111592K->49323K(175104K)] 282133K->220105K(699392K), 0.0177801 secs] [Times: user=0.20 sys=0.00, real=0.02 secs] 
2016-09-13T19:48:09.558-0400: 58.748: [GC (GCLocker Initiated GC) [PSYoungGen: 136370K->28152K(175104K)] 313226K->205309K(699392K), 0.0126321 secs] [Times: user=0.14 sys=0.00, real=0.01 secs] 
2016-09-13T19:48:09.715-0400: 58.905: [GC (GCLocker Initiated GC) [PSYoungGen: 116216K->61256K(175104K)] 293707K->257224K(699392K), 0.0182873 secs] [Times: user=0.18 sys=0.00, real=0.02 secs] 
2016-09-13T19:48:09.856-0400: 59.047: [GC (GCLocker Initiated GC) [PSYoungGen: 149320K->47767K(175104K)] 351447K->250005K(699392K), 0.0129629 secs] [Times: user=0.10 sys=0.00, real=0.01 secs] 
2016-09-13T19:48:10.003-0400: 59.193: [GC (GCLocker Initiated GC) [PSYoungGen: 135831K->69133K(175104K)] 339614K->277780K(699392K), 0.0093052 secs] [Times: user=0.12 sys=0.00, real=0.01 secs] 
2016-09-13T19:48:10.146-0400: 59.337: [GC (GCLocker Initiated GC) [PSYoungGen: 157197K->29766K(175104K)] 367385K->252374K(699392K), 0.0121841 secs] [Times: user=0.13 sys=0.01, real=0.02 secs] 
2016-09-13T19:48:10.279-0400: 59.469: [GC (GCLocker Initiated GC) [PSYoungGen: 117830K->41630K(175104K)] 340484K->291910K(699392K), 0.0100349 secs] [Times: user=0.10 sys=0.01, real=0.01 secs] 
2016-09-13T19:48:10.423-0400: 59.613: [GC (GCLocker Initiated GC) [PSYoungGen: 129694K->70433K(175104K)] 381715K->322709K(699392K), 0.0089157 secs] [Times: user=0.08 sys=0.01, real=0.01 secs] 
2016-09-13T19:48:10.585-0400: 59.775: [GC (GCLocker Initiated GC) [PSYoungGen: 158497K->46191K(175104K)] 410954K->301781K(699392K), 0.0096905 secs] [Times: user=0.07 sys=0.00, real=0.01 secs] 
2016-09-13T19:48:10.745-0400: 59.935: [GC (GCLocker Initiated GC) [PSYoungGen: 134255K->29607K(175104K)] 389946K->303678K(699392K), 0.0147300 secs] [Times: user=0.15 sys=0.00, real=0.02 secs] 
2016-09-13T19:48:10.876-0400: 60.067: [GC (GCLocker Initiated GC) [PSYoungGen: 117670K->61538K(175104K)] 399606K->343907K(699392K), 0.0073802 secs] [Times: user=0.08 sys=0.00, real=0.00 secs] 
2016-09-13T19:48:11.021-0400: 60.211: [GC (GCLocker Initiated GC) [PSYoungGen: 149602K->65966K(175104K)] 431999K->366837K(699392K), 0.0189516 secs] [Times: user=0.19 sys=0.00, real=0.02 secs] 
2016-09-13T19:48:11.167-0400: 60.357: [GC (GCLocker Initiated GC) [PSYoungGen: 154030K->49419K(175104K)] 454912K->355141K(699392K), 0.0127795 secs] [Times: user=0.08 sys=0.03, real=0.02 secs] 
2016-09-13T19:48:11.330-0400: 60.521: [GC (GCLocker Initiated GC) [PSYoungGen: 137483K->47773K(136192K)] 455402K->384241K(660480K), 0.0223548 secs] [Times: user=0.22 sys=0.01, real=0.02 secs] 
2016-09-13T19:48:11.485-0400: 60.675: [GC (GCLocker Initiated GC) [PSYoungGen: 135837K->50934K(176128K)] 478674K->398618K(700416K), 0.0163614 secs] [Times: user=0.19 sys=0.01, real=0.02 secs] 
2016-09-13T19:48:11.630-0400: 60.820: [GC (GCLocker Initiated GC) [PSYoungGen: 142070K->29574K(173056K)] 495925K->385208K(697344K), 0.0274660 secs] [Times: user=0.27 sys=0.00, real=0.03 secs] 
2016-09-13T19:48:11.815-0400: 61.006: [GC (GCLocker Initiated GC) [PSYoungGen: 120710K->27748K(177664K)] 482515K->389812K(701952K), 0.0102485 secs] [Times: user=0.08 sys=0.00, real=0.01 secs] 
2016-09-13T19:48:11.966-0400: 61.157: [GC (GCLocker Initiated GC) [PSYoungGen: 122980K->62860K(158208K)] 485067K->425058K(682496K), 0.0228370 secs] [Times: user=0.22 sys=0.00, real=0.03 secs] 
2016-09-13T19:48:12.130-0400: 61.321: [GC (GCLocker Initiated GC) [PSYoungGen: 158092K->41697K(179712K)] 523460K->425501K(704000K), 0.0173748 secs] [Times: user=0.15 sys=0.01, real=0.02 secs] 
2016-09-13T19:48:12.298-0400: 61.488: [GC (GCLocker Initiated GC) [PSYoungGen: 136417K->41661K(136704K)] 526362K->431858K(660992K), 0.0152995 secs] [Times: user=0.12 sys=0.00, real=0.01 secs] 
2016-09-13T19:48:12.461-0400: 61.651: [GC (Allocation Failure) [PSYoungGen: 136381K->11313K(172032K)] 544810K->420017K(696320K), 0.0107413 secs] [Times: user=0.07 sys=0.01, real=0.01 secs] 
2016-09-13T19:48:12.592-0400: 61.783: [GC (GCLocker Initiated GC) [PSYoungGen: 103473K->49569K(174592K)] 512186K->466200K(698880K), 0.0088109 secs] [Times: user=0.10 sys=0.00, real=0.01 secs] 
2016-09-13T19:48:12.709-0400: 61.899: [GC (GCLocker Initiated GC) [PSYoungGen: 141729K->73689K(168960K)] 558399K->490530K(693248K), 0.0101469 secs] [Times: user=0.13 sys=0.00, real=0.01 secs] 
2016-09-13T19:48:12.856-0400: 62.047: [GC (Allocation Failure) [PSYoungGen: 161753K->29793K(175104K)] 584808K->457625K(699392K), 0.0129302 secs] [Times: user=0.15 sys=0.00, real=0.01 secs] 
2016-09-13T19:48:13.018-0400: 62.209: [GC (GCLocker Initiated GC) [PSYoungGen: 117032K->41603K(167936K)] 546383K->471265K(692224K), 0.0195380 secs] [Times: user=0.21 sys=0.00, real=0.02 secs] 
2016-09-13T19:48:13.171-0400: 62.361: [GC (GCLocker Initiated GC) [PSYoungGen: 129667K->41761K(171520K)] 559416K->471704K(695808K), 0.0107449 secs] [Times: user=0.11 sys=0.00, real=0.01 secs] 
2016-09-13T19:48:13.324-0400: 62.514: [GC (GCLocker Initiated GC) [PSYoungGen: 129825K->28061K(177664K)] 573589K->490258K(701952K), 0.0131526 secs] [Times: user=0.12 sys=0.00, real=0.02 secs] 
2016-09-13T19:48:13.519-0400: 62.709: [GC (GCLocker Initiated GC) [PSYoungGen: 126877K->9799K(178176K)] 601324K->484491K(702464K), 0.0154912 secs] [Times: user=0.15 sys=0.00, real=0.01 secs] 
2016-09-13T19:48:13.677-0400: 62.867: [GC (GCLocker Initiated GC) [PSYoungGen: 108615K->53689K(178688K)] 584867K->530202K(702976K), 0.0243605 secs] [Times: user=0.27 sys=0.00, real=0.02 secs] 
2016-09-13T19:48:13.828-0400: 63.019: [GC (GCLocker Initiated GC) [PSYoungGen: 150969K->46436K(143872K)] 627614K->535417K(668160K), 0.0108517 secs] [Times: user=0.11 sys=0.00, real=0.01 secs] 
2016-09-13T19:48:13.987-0400: 63.178: [GC (Allocation Failure) [PSYoungGen: 143716K->8030K(177152K)] 632716K->497297K(701440K), 0.0160588 secs] [Times: user=0.19 sys=0.00, real=0.02 secs] 
2016-09-13T19:48:14.118-0400: 63.309: [GC (Allocation Failure) [PSYoungGen: 104539K->61443K(158720K)] 593807K->553966K(683008K), 0.0087679 secs] [Times: user=0.10 sys=0.00, real=0.00 secs] 
2016-09-13T19:48:14.274-0400: 63.464: [GC (GCLocker Initiated GC) [PSYoungGen: 157379K->41784K(179712K)] 651420K->535980K(704000K), 0.0125848 secs] [Times: user=0.12 sys=0.01, real=0.01 secs] 
2016-09-13T19:48:14.434-0400: 63.624: [GC (GCLocker Initiated GC) [PSYoungGen: 134968K->27992K(121344K)] 630796K->524081K(645632K), 0.0151862 secs] [Times: user=0.15 sys=0.00, real=0.02 secs] 
2016-09-13T19:48:14.590-0400: 63.780: [GC (GCLocker Initiated GC) [PSYoungGen: 121176K->42962K(176128K)] 618928K->540857K(700416K), 0.0219937 secs] [Times: user=0.22 sys=0.00, real=0.02 secs] 
2016-09-13T19:48:14.746-0400: 63.936: [GC (GCLocker Initiated GC) [PSYoungGen: 138706K->69036K(173568K)] 638122K->568642K(697856K), 0.0113160 secs] [Times: user=0.10 sys=0.01, real=0.02 secs] 
2016-09-13T19:48:14.914-0400: 64.104: [GC (GCLocker Initiated GC) [PSYoungGen: 164780K->47768K(179712K)] 664587K->547784K(704000K), 0.0233537 secs] [Times: user=0.22 sys=0.00, real=0.03 secs] 
2016-09-13T19:48:15.060-0400: 64.250: [GC (GCLocker Initiated GC) [PSYoungGen: 143000K->69249K(164864K)] 643245K->569794K(689152K), 0.0090497 secs] [Times: user=0.10 sys=0.00, real=0.01 secs] 
2016-09-13T19:48:15.222-0400: 64.412: [GC (GCLocker Initiated GC) [PSYoungGen: 164481K->70651K(175104K)] 668259K->574576K(699392K), 0.0133953 secs] [Times: user=0.15 sys=0.00, real=0.01 secs] 
2016-09-13T19:48:15.365-0400: 64.555: [GC (GCLocker Initiated GC) [PSYoungGen: 158715K->52420K(175104K)] 662663K->556586K(699392K), 0.0101137 secs] [Times: user=0.13 sys=0.00, real=0.01 secs] 
2016-09-13T19:48:15.507-0400: 64.698: [GC (GCLocker Initiated GC) --[PSYoungGen: 140484K->140484K(175104K)] 644884K->660270K(699392K), 0.0102653 secs] [Times: user=0.10 sys=0.00, real=0.02 secs] 
2016-09-13T19:48:15.518-0400: 64.708: [Full GC (Ergonomics) [PSYoungGen: 140484K->0K(175104K)] [ParOldGen: 519786K->38382K(524288K)] 660270K->38382K(699392K), [Metaspace: 44407K->44407K(1087488K)], 0.0628027 secs] [Times: user=0.41 sys=0.03, real=0.06 secs] 
2016-09-13T19:48:15.706-0400: 64.896: [GC (GCLocker Initiated GC) [PSYoungGen: 88064K->78277K(175104K)] 132540K->122753K(699392K), 0.0082369 secs] [Times: user=0.12 sys=0.00, real=0.01 secs] 
2016-09-13T19:48:15.850-0400: 65.040: [GC (Allocation Failure) [PSYoungGen: 166341K->32917K(175104K)] 217012K->112711K(699392K), 0.0169055 secs] [Times: user=0.22 sys=0.00, real=0.01 secs] 
2016-09-13T19:48:15.989-0400: 65.179: [GC (GCLocker Initiated GC) [PSYoungGen: 120981K->50848K(175104K)] 200784K->131170K(699392K), 0.0079953 secs] [Times: user=0.10 sys=0.00, real=0.01 secs] 
2016-09-13T19:48:16.114-0400: 65.305: [GC (GCLocker Initiated GC) [PSYoungGen: 138912K->56886K(175104K)] 232981K->151140K(699392K), 0.0226612 secs] [Times: user=0.25 sys=0.00, real=0.03 secs] 
2016-09-13T19:48:16.265-0400: 65.455: [GC (GCLocker Initiated GC) [PSYoungGen: 144950K->66154K(175104K)] 240958K->162411K(699392K), 0.0073676 secs] [Times: user=0.10 sys=0.00, real=0.01 secs] 
2016-09-13T19:48:16.418-0400: 65.608: [GC (GCLocker Initiated GC) [PSYoungGen: 154218K->63057K(175104K)] 255109K->170284K(699392K), 0.0283693 secs] [Times: user=0.37 sys=0.00, real=0.02 secs] 
2016-09-13T19:48:16.566-0400: 65.756: [GC (GCLocker Initiated GC) [PSYoungGen: 151121K->47805K(175104K)] 258453K->155362K(699392K), 0.0071285 secs] [Times: user=0.05 sys=0.00, real=0.01 secs] 
2016-09-13T19:48:16.701-0400: 65.891: [GC (GCLocker Initiated GC) [PSYoungGen: 135869K->26415K(175104K)] 255802K->164708K(699392K), 0.0245219 secs] [Times: user=0.28 sys=0.00, real=0.02 secs] 
2016-09-13T19:48:16.860-0400: 66.051: [GC (GCLocker Initiated GC) [PSYoungGen: 114479K->59881K(175104K)] 252959K->198547K(699392K), 0.0079341 secs] [Times: user=0.07 sys=0.00, real=0.01 secs] 
2016-09-13T19:48:16.997-0400: 66.188: [GC (GCLocker Initiated GC) [PSYoungGen: 147945K->43340K(175104K)] 286811K->182565K(699392K), 0.0215519 secs] [Times: user=0.23 sys=0.00, real=0.02 secs] 
2016-09-13T19:48:17.140-0400: 66.330: [GC (GCLocker Initiated GC) [PSYoungGen: 131404K->43276K(169984K)] 273832K->185889K(694272K), 0.0098892 secs] [Times: user=0.07 sys=0.00, real=0.01 secs] 
2016-09-13T19:48:17.279-0400: 66.469: [GC (GCLocker Initiated GC) [PSYoungGen: 131340K->40174K(172544K)] 274089K->183062K(696832K), 0.0126238 secs] [Times: user=0.13 sys=0.00, real=0.01 secs] 
2016-09-13T19:48:17.421-0400: 66.612: [GC (GCLocker Initiated GC) [PSYoungGen: 128238K->46031K(170496K)] 271152K->189197K(694784K), 0.0163309 secs] [Times: user=0.17 sys=0.00, real=0.02 secs] 
2016-09-13T19:48:17.603-0400: 66.794: [GC (GCLocker Initiated GC) [PSYoungGen: 140751K->14234K(174592K)] 290117K->165293K(698880K), 0.0165730 secs] [Times: user=0.18 sys=0.01, real=0.02 secs] 
2016-09-13T19:48:17.762-0400: 66.953: [GC (GCLocker Initiated GC) [PSYoungGen: 108954K->61506K(174592K)] 260192K->212915K(698880K), 0.0208647 secs] [Times: user=0.24 sys=0.00, real=0.02 secs] 
2016-09-13T19:48:17.907-0400: 67.098: [GC (GCLocker Initiated GC) [PSYoungGen: 153666K->52293K(177152K)] 311296K->228432K(701440K), 0.0303322 secs] [Times: user=0.34 sys=0.01, real=0.04 secs] 
2016-09-13T19:48:18.064-0400: 67.254: [GC (GCLocker Initiated GC) [PSYoungGen: 144453K->58623K(176640K)] 322363K->236785K(700928K), 0.0138295 secs] [Times: user=0.16 sys=0.00, real=0.02 secs] 
2016-09-13T19:48:18.219-0400: 67.410: [GC (GCLocker Initiated GC) [PSYoungGen: 152319K->48024K(141824K)] 330704K->226725K(666112K), 0.0077740 secs] [Times: user=0.08 sys=0.00, real=0.00 secs] 
2016-09-13T19:48:18.362-0400: 67.552: [GC (GCLocker Initiated GC) [PSYoungGen: 141720K->49138K(178688K)] 320533K->228192K(702976K), 0.0106524 secs] [Times: user=0.11 sys=0.00, real=0.01 secs] 
2016-09-13T19:48:18.535-0400: 67.725: [GC (Allocation Failure) [PSYoungGen: 147442K->27966K(175616K)] 338901K->243829K(699904K), 0.0222501 secs] [Times: user=0.24 sys=0.01, real=0.03 secs] 
2016-09-13T19:48:18.699-0400: 67.890: [GC (GCLocker Initiated GC) [PSYoungGen: 126139K->55490K(181760K)] 348076K->277649K(706048K), 0.0100483 secs] [Times: user=0.13 sys=0.00, real=0.01 secs] 
2016-09-13T19:48:18.851-0400: 68.042: [GC (GCLocker Initiated GC) [PSYoungGen: 159426K->52660K(182272K)] 381607K->275012K(706560K), 0.0149139 secs] [Times: user=0.17 sys=0.01, real=0.01 secs] 
2016-09-13T19:48:19.031-0400: 68.221: [GC (GCLocker Initiated GC) [PSYoungGen: 156596K->23345K(182272K)] 380597K->255208K(706560K), 0.0059303 secs] [Times: user=0.04 sys=0.00, real=0.01 secs] 
2016-09-13T19:48:19.189-0400: 68.380: [GC (GCLocker Initiated GC) [PSYoungGen: 128305K->26383K(183296K)] 360223K->258494K(707584K), 0.0137344 secs] [Times: user=0.12 sys=0.00, real=0.01 secs] 
2016-09-13T19:48:19.370-0400: 68.560: [GC (GCLocker Initiated GC) [PSYoungGen: 131343K->23340K(183808K)] 371351K->263550K(708096K), 0.0085270 secs] [Times: user=0.07 sys=0.01, real=0.01 secs] 
2016-09-13T19:48:19.542-0400: 68.733: [GC (GCLocker Initiated GC) [PSYoungGen: 128812K->55527K(161280K)] 370568K->297509K(685568K), 0.0095386 secs] [Times: user=0.10 sys=0.00, real=0.01 secs] 
2016-09-13T19:48:19.733-0400: 68.923: [GC (GCLocker Initiated GC) [PSYoungGen: 160999K->44667K(185344K)] 410599K->300552K(709632K), 0.0124900 secs] [Times: user=0.13 sys=0.01, real=0.01 secs] 
2016-09-13T19:48:19.917-0400: 69.108: [GC (Allocation Failure) [PSYoungGen: 150139K->46344K(152064K)] 412257K->311662K(676352K), 0.0165587 secs] [Times: user=0.18 sys=0.00, real=0.01 secs] 
2016-09-13T19:48:20.109-0400: 69.300: [GC (GCLocker Initiated GC) [PSYoungGen: 147868K->27960K(180736K)] 419261K->299605K(705024K), 0.0257414 secs] [Times: user=0.26 sys=0.00, real=0.02 secs] 
2016-09-13T19:48:20.285-0400: 69.476: [GC (GCLocker Initiated GC) [PSYoungGen: 133944K->52202K(180224K)] 405619K->324144K(704512K), 0.0080676 secs] [Times: user=0.05 sys=0.00, real=0.01 secs] 
2016-09-13T19:48:20.436-0400: 69.626: [GC (GCLocker Initiated GC) [PSYoungGen: 158186K->28205K(187392K)] 430229K->306516K(711680K), 0.0142256 secs] [Times: user=0.14 sys=0.01, real=0.01 secs] 
2016-09-13T19:48:20.615-0400: 69.806: [GC (Allocation Failure) [PSYoungGen: 141357K->47645K(161280K)] 419825K->326394K(685568K), 0.0095348 secs] [Times: user=0.07 sys=0.01, real=0.01 secs] 
2016-09-13T19:48:20.805-0400: 69.996: [GC (GCLocker Initiated GC) [PSYoungGen: 160797K->64507K(178688K)] 439554K->345001K(702976K), 0.0079487 secs] [Times: user=0.08 sys=0.00, real=0.01 secs] 
2016-09-13T19:48:20.986-0400: 70.176: [GC (GCLocker Initiated GC) [PSYoungGen: 169979K->49309K(183808K)] 450503K->329996K(708096K), 0.0106852 secs] [Times: user=0.12 sys=0.00, real=0.02 secs] 
2016-09-13T19:48:21.143-0400: 70.333: [GC (GCLocker Initiated GC) [PSYoungGen: 154781K->50779K(180224K)] 435660K->334951K(704512K), 0.0224949 secs] [Times: user=0.19 sys=0.00, real=0.02 secs] 
2016-09-13T19:48:21.325-0400: 70.516: [GC (GCLocker Initiated GC) [PSYoungGen: 157787K->9862K(182784K)] 455749K->314109K(707072K), 0.0042097 secs] [Times: user=0.03 sys=0.00, real=0.01 secs] 
2016-09-13T19:48:21.500-0400: 70.691: [GC (GCLocker Initiated GC) [PSYoungGen: 116870K->28024K(184320K)] 427415K->338736K(708608K), 0.0245174 secs] [Times: user=0.27 sys=0.00, real=0.02 secs] 
2016-09-13T19:48:21.691-0400: 70.882: [GC (Allocation Failure) [PSYoungGen: 133496K->41911K(147456K)] 444507K->353201K(671744K), 0.0137304 secs] [Times: user=0.14 sys=0.01, real=0.01 secs] 
2016-09-13T19:48:21.850-0400: 71.041: [GC (Allocation Failure) [PSYoungGen: 145377K->23553K(179712K)] 456668K->335199K(704000K), 0.0050966 secs] [Times: user=0.05 sys=0.00, real=0.00 secs] 
2016-09-13T19:48:22.018-0400: 71.208: [GC (GCLocker Initiated GC) [PSYoungGen: 127600K->53753K(179712K)] 440764K->367159K(704000K), 0.0075809 secs] [Times: user=0.08 sys=0.00, real=0.00 secs] 
2016-09-13T19:48:22.206-0400: 71.397: [GC (GCLocker Initiated GC) [PSYoungGen: 159225K->50837K(185856K)] 474377K->366084K(710144K), 0.0230243 secs] [Times: user=0.21 sys=0.00, real=0.03 secs] 
2016-09-13T19:48:22.417-0400: 71.607: [GC (GCLocker Initiated GC) [PSYoungGen: 160405K->74984K(184832K)] 489674K->404505K(709120K), 0.0090608 secs] [Times: user=0.08 sys=0.00, real=0.00 secs] 
2016-09-13T19:48:22.574-0400: 71.765: [GC (GCLocker Initiated GC) [PSYoungGen: 184552K->43212K(176640K)] 514221K->415529K(700928K), 0.0176972 secs] [Times: user=0.17 sys=0.00, real=0.02 secs] 
2016-09-13T19:48:22.733-0400: 71.923: [GC (GCLocker Initiated GC) [PSYoungGen: 142540K->23532K(180736K)] 516398K->405194K(705024K), 0.0064597 secs] [Times: user=0.05 sys=0.00, real=0.01 secs] 
2016-09-13T19:48:22.912-0400: 72.102: [GC (GCLocker Initiated GC) [PSYoungGen: 122860K->55303K(178688K)] 504626K->438821K(702976K), 0.0138655 secs] [Times: user=0.11 sys=0.00, real=0.01 secs] 
2016-09-13T19:48:23.074-0400: 72.265: [GC (GCLocker Initiated GC) [PSYoungGen: 152583K->81213K(178688K)] 537767K->472614K(702976K), 0.0169615 secs] [Times: user=0.17 sys=0.00, real=0.02 secs] 
2016-09-13T19:48:23.230-0400: 72.421: [GC (GCLocker Initiated GC) [PSYoungGen: 178493K->44863K(171520K)] 570075K->459570K(695808K), 0.0111547 secs] [Times: user=0.10 sys=0.00, real=0.01 secs] 
2016-09-13T19:48:23.358-0400: 72.548: [GC (GCLocker Initiated GC) [PSYoungGen: 132927K->32607K(175104K)] 547815K->447717K(699392K), 0.0074540 secs] [Times: user=0.06 sys=0.00, real=0.00 secs] 
2016-09-13T19:48:23.503-0400: 72.693: [GC (GCLocker Initiated GC) [PSYoungGen: 120671K->32618K(171520K)] 548080K->460291K(695808K), 0.0132502 secs] [Times: user=0.14 sys=0.01, real=0.02 secs] 
2016-09-13T19:48:23.657-0400: 72.847: [GC (GCLocker Initiated GC) [PSYoungGen: 121194K->26441K(173568K)] 556700K->462180K(697856K), 0.0382466 secs] [Times: user=0.45 sys=0.00, real=0.03 secs] 
2016-09-13T19:48:23.858-0400: 73.049: [GC (GCLocker Initiated GC) [PSYoungGen: 115017K->67395K(172032K)] 550782K->503437K(696320K), 0.0152905 secs] [Times: user=0.19 sys=0.00, real=0.01 secs] 
2016-09-13T19:48:24.005-0400: 73.195: [GC (GCLocker Initiated GC) [PSYoungGen: 155459K->32868K(175104K)] 603720K->488842K(699392K), 0.0104535 secs] [Times: user=0.15 sys=0.00, real=0.01 secs] 
2016-09-13T19:48:24.138-0400: 73.328: [GC (GCLocker Initiated GC) [PSYoungGen: 120932K->70651K(174592K)] 576995K->527006K(698880K), 0.0083606 secs] [Times: user=0.12 sys=0.00, real=0.00 secs] 
2016-09-13T19:48:24.285-0400: 73.475: [GC (GCLocker Initiated GC) [PSYoungGen: 158715K->69132K(175104K)] 615187K->548790K(699392K), 0.0104684 secs] [Times: user=0.15 sys=0.00, real=0.02 secs] 
2016-09-13T19:48:24.415-0400: 73.606: [GC (GCLocker Initiated GC) [PSYoungGen: 157196K->56887K(175104K)] 636879K->544464K(699392K), 0.0091266 secs] [Times: user=0.14 sys=0.00, real=0.01 secs] 
2016-09-13T19:48:24.552-0400: 73.743: [GC (GCLocker Initiated GC) [PSYoungGen: 144951K->50907K(175104K)] 632559K->549372K(699392K), 0.0103609 secs] [Times: user=0.14 sys=0.00, real=0.01 secs] 
2016-09-13T19:48:24.723-0400: 73.913: [GC (GCLocker Initiated GC) --[PSYoungGen: 138971K->138971K(175104K)] 637642K->659197K(699392K), 0.0162226 secs] [Times: user=0.14 sys=0.00, real=0.02 secs] 
2016-09-13T19:48:24.739-0400: 73.929: [Full GC (Ergonomics) [PSYoungGen: 138971K->0K(175104K)] [ParOldGen: 520226K->43568K(524288K)] 659197K->43568K(699392K), [Metaspace: 44478K->44478K(1087488K)], 0.0691503 secs] [Times: user=0.49 sys=0.00, real=0.07 secs] 
2016-09-13T19:48:24.932-0400: 74.123: [GC (GCLocker Initiated GC) [PSYoungGen: 88063K->63025K(175104K)] 131917K->106879K(699392K), 0.0086880 secs] [Times: user=0.10 sys=0.00, real=0.01 secs] 
2016-09-13T19:48:25.023-0400: 74.213: [GC (GCLocker Initiated GC) [PSYoungGen: 151089K->72201K(175104K)] 194962K->136151K(699392K), 0.0128764 secs] [Times: user=0.19 sys=0.00, real=0.02 secs] 
2016-09-13T19:48:25.142-0400: 74.333: [GC (GCLocker Initiated GC) [PSYoungGen: 160265K->40366K(175104K)] 224321K->121335K(699392K), 0.0066116 secs] [Times: user=0.07 sys=0.01, real=0.01 secs] 
2016-09-13T19:48:25.292-0400: 74.482: [GC (GCLocker Initiated GC) [PSYoungGen: 128430K->38533K(175104K)] 209566K->141144K(699392K), 0.0078588 secs] [Times: user=0.06 sys=0.00, real=0.01 secs] 
2016-09-13T19:48:25.438-0400: 74.628: [GC (Allocation Failure) [PSYoungGen: 126597K->28056K(175104K)] 237025K->138628K(699392K), 0.0067490 secs] [Times: user=0.05 sys=0.00, real=0.00 secs] 
2016-09-13T19:48:25.568-0400: 74.759: [GC (Allocation Failure) [PSYoungGen: 116120K->46414K(175104K)] 226692K->157390K(699392K), 0.0092257 secs] [Times: user=0.11 sys=0.00, real=0.01 secs] 
2016-09-13T19:48:25.697-0400: 74.888: [GC (GCLocker Initiated GC) [PSYoungGen: 134478K->44641K(168960K)] 245455K->174140K(693248K), 0.0108538 secs] [Times: user=0.10 sys=0.00, real=0.01 secs] 
2016-09-13T19:48:25.832-0400: 75.023: [GC (GCLocker Initiated GC) [PSYoungGen: 132705K->29484K(172032K)] 262274K->159283K(696320K), 0.0174971 secs] [Times: user=0.18 sys=0.00, real=0.02 secs] 
2016-09-13T19:48:25.988-0400: 75.178: [GC (GCLocker Initiated GC) [PSYoungGen: 117548K->10012K(173568K)] 255178K->152471K(697856K), 0.0105535 secs] [Times: user=0.12 sys=0.00, real=0.02 secs] 
2016-09-13T19:48:26.130-0400: 75.320: [GC (GCLocker Initiated GC) [PSYoungGen: 100124K->29421K(176128K)] 242608K->172016K(700416K), 0.0062039 secs] [Times: user=0.03 sys=0.00, real=0.01 secs] 
2016-09-13T19:48:26.313-0400: 75.504: [GC (GCLocker Initiated GC) [PSYoungGen: 119533K->8189K(174592K)] 268342K->164781K(698880K), 0.0128152 secs] [Times: user=0.09 sys=0.01, real=0.01 secs] 
2016-09-13T19:48:26.462-0400: 75.652: [GC (GCLocker Initiated GC) [PSYoungGen: 99325K->46495K(176128K)] 262170K->209598K(700416K), 0.0216093 secs] [Times: user=0.28 sys=0.00, real=0.02 secs] 
2016-09-13T19:48:26.637-0400: 75.828: [GC (GCLocker Initiated GC) [PSYoungGen: 137631K->32862K(169984K)] 300768K->196367K(694272K), 0.0113297 secs] [Times: user=0.12 sys=0.00, real=0.01 secs] 
2016-09-13T19:48:26.753-0400: 75.944: [GC (Allocation Failure) [PSYoungGen: 126558K->59892K(173568K)] 290154K->223918K(697856K), 0.0177173 secs] [Times: user=0.17 sys=0.00, real=0.02 secs] 
2016-09-13T19:48:26.896-0400: 76.086: [GC (GCLocker Initiated GC) [PSYoungGen: 153588K->38757K(178176K)] 317619K->239459K(702464K), 0.0381542 secs] [Times: user=0.40 sys=0.00, real=0.03 secs] 
2016-09-13T19:48:27.073-0400: 76.263: [GC (GCLocker Initiated GC) [PSYoungGen: 137061K->29484K(178176K)] 337933K->230590K(702464K), 0.0062417 secs] [Times: user=0.06 sys=0.00, real=0.01 secs] 
2016-09-13T19:48:27.231-0400: 76.421: [GC (GCLocker Initiated GC) [PSYoungGen: 127788K->69063K(169984K)] 330667K->272096K(694272K), 0.0263967 secs] [Times: user=0.30 sys=0.00, real=0.03 secs] 
2016-09-13T19:48:27.409-0400: 76.599: [GC (GCLocker Initiated GC) [PSYoungGen: 161223K->23596K(177152K)] 373547K->236071K(701440K), 0.0063419 secs] [Times: user=0.07 sys=0.00, real=0.00 secs] 
2016-09-13T19:48:27.545-0400: 76.736: [GC (GCLocker Initiated GC) [PSYoungGen: 115756K->26537K(172032K)] 334340K->245369K(696320K), 0.0183815 secs] [Times: user=0.28 sys=0.00, real=0.02 secs] 
2016-09-13T19:48:27.699-0400: 76.890: [GC (GCLocker Initiated GC) [PSYoungGen: 119721K->39956K(175104K)] 340135K->268114K(699392K), 0.0259396 secs] [Times: user=0.25 sys=0.00, real=0.02 secs] 
2016-09-13T19:48:27.861-0400: 77.052: [GC (GCLocker Initiated GC) [PSYoungGen: 133140K->11285K(178176K)] 373688K->256586K(702464K), 0.0175601 secs] [Times: user=0.16 sys=0.01, real=0.02 secs] 
2016-09-13T19:48:28.032-0400: 77.223: [GC (GCLocker Initiated GC) [PSYoungGen: 111637K->47672K(179200K)] 356959K->293208K(703488K), 0.0093464 secs] [Times: user=0.07 sys=0.00, real=0.01 secs] 
2016-09-13T19:48:28.218-0400: 77.409: [GC (GCLocker Initiated GC) [PSYoungGen: 148024K->44513K(180224K)] 400007K->298216K(704512K), 0.0089330 secs] [Times: user=0.05 sys=0.00, real=0.00 secs] 
2016-09-13T19:48:28.374-0400: 77.564: [GC (GCLocker Initiated GC) [PSYoungGen: 148961K->46281K(181760K)] 402874K->300333K(706048K), 0.0079583 secs] [Times: user=0.07 sys=0.00, real=0.01 secs] 
2016-09-13T19:48:28.552-0400: 77.743: [GC (GCLocker Initiated GC) [PSYoungGen: 150729K->27959K(181248K)] 404797K->282264K(705536K), 0.0088478 secs] [Times: user=0.06 sys=0.00, real=0.01 secs] 
2016-09-13T19:48:28.707-0400: 77.897: [GC (GCLocker Initiated GC) [PSYoungGen: 136503K->58336K(183296K)] 391073K->313065K(707584K), 0.0192453 secs] [Times: user=0.20 sys=0.00, real=0.02 secs] 
2016-09-13T19:48:28.876-0400: 78.067: [GC (GCLocker Initiated GC) [PSYoungGen: 166880K->55432K(179712K)] 421639K->310397K(704000K), 0.0104416 secs] [Times: user=0.11 sys=0.00, real=0.00 secs] 
2016-09-13T19:48:29.041-0400: 78.231: [GC (GCLocker Initiated GC) [PSYoungGen: 156808K->32836K(134656K)] 413472K->303403K(658944K), 0.0161081 secs] [Times: user=0.20 sys=0.01, real=0.02 secs] 
2016-09-13T19:48:29.225-0400: 78.415: [GC (GCLocker Initiated GC) [PSYoungGen: 134212K->30935K(183296K)] 410891K->307792K(707584K), 0.0076165 secs] [Times: user=0.06 sys=0.00, real=0.01 secs] 
2016-09-13T19:48:29.385-0400: 78.575: [GC (GCLocker Initiated GC) [PSYoungGen: 136407K->27870K(181248K)] 413286K->311036K(705536K), 0.0087373 secs] [Times: user=0.06 sys=0.00, real=0.01 secs] 
2016-09-13T19:48:29.550-0400: 78.741: [GC (Allocation Failure) [PSYoungGen: 133342K->28120K(184320K)] 422829K->330031K(708608K), 0.0073257 secs] [Times: user=0.07 sys=0.01, real=0.01 secs] 
2016-09-13T19:48:29.738-0400: 78.928: [GC (GCLocker Initiated GC) [PSYoungGen: 134017K->26441K(182784K)] 442003K->334600K(707072K), 0.0073434 secs] [Times: user=0.04 sys=0.00, real=0.00 secs] 
2016-09-13T19:48:29.913-0400: 79.103: [GC (GCLocker Initiated GC) [PSYoungGen: 136521K->64410K(177152K)] 444741K->372996K(701440K), 0.0162625 secs] [Times: user=0.13 sys=0.00, real=0.02 secs] 
2016-09-13T19:48:30.109-0400: 79.300: [GC (GCLocker Initiated GC) [PSYoungGen: 170906K->23341K(184320K)] 491953K->346166K(708608K), 0.0164593 secs] [Times: user=0.18 sys=0.00, real=0.01 secs] 
2016-09-13T19:48:30.297-0400: 79.487: [GC (Allocation Failure) [PSYoungGen: 129837K->50869K(183296K)] 452748K->373977K(707584K), 0.0172266 secs] [Times: user=0.24 sys=0.01, real=0.01 secs] 
2016-09-13T19:48:30.450-0400: 79.640: [GC (Allocation Failure) [PSYoungGen: 152982K->26697K(133632K)] 476091K->357590K(657920K), 0.0069968 secs] [Times: user=0.09 sys=0.00, real=0.01 secs] 
2016-09-13T19:48:30.624-0400: 79.814: [GC (GCLocker Initiated GC) [PSYoungGen: 133193K->35490K(186368K)] 464086K->366510K(710656K), 0.0130734 secs] [Times: user=0.14 sys=0.00, real=0.02 secs] 
2016-09-13T19:48:30.828-0400: 80.018: [GC (GCLocker Initiated GC) [PSYoungGen: 146082K->29384K(183296K)] 477104K->360579K(707584K), 0.0123190 secs] [Times: user=0.13 sys=0.00, real=0.01 secs] 
2016-09-13T19:48:31.013-0400: 80.203: [GC (GCLocker Initiated GC) [PSYoungGen: 139976K->32639K(186368K)] 477380K->370206K(710656K), 0.0129753 secs] [Times: user=0.13 sys=0.01, real=0.01 secs] 
2016-09-13T19:48:31.177-0400: 80.367: [GC (GCLocker Initiated GC) [PSYoungGen: 148863K->23749K(183808K)] 489471K->375304K(708096K), 0.0128663 secs] [Times: user=0.13 sys=0.00, real=0.01 secs] 
2016-09-13T19:48:31.387-0400: 80.577: [GC (GCLocker Initiated GC) [PSYoungGen: 139973K->5057K(188928K)] 502207K->367568K(713216K), 0.0422594 secs] [Times: user=0.49 sys=0.00, real=0.05 secs] 
2016-09-13T19:48:31.603-0400: 80.794: [GC (GCLocker Initiated GC) [PSYoungGen: 127425K->34040K(190976K)] 491480K->398248K(715264K), 0.0063123 secs] [Times: user=0.05 sys=0.00, real=0.01 secs] 
2016-09-13T19:48:31.777-0400: 80.967: [GC (GCLocker Initiated GC) [PSYoungGen: 156408K->32549K(188416K)] 520642K->401533K(712704K), 0.0253371 secs] [Times: user=0.28 sys=0.01, real=0.02 secs] 
2016-09-13T19:48:32.006-0400: 81.197: [GC (GCLocker Initiated GC) [PSYoungGen: 160549K->24864K(190464K)] 535611K->410711K(714752K), 0.0059602 secs] [Times: user=0.06 sys=0.01, real=0.01 secs] 
2016-09-13T19:48:32.234-0400: 81.425: [GC (GCLocker Initiated GC) [PSYoungGen: 152864K->31158K(193024K)] 544864K->423435K(717312K), 0.0213010 secs] [Times: user=0.21 sys=0.01, real=0.03 secs] 
2016-09-13T19:48:32.480-0400: 81.670: [GC (GCLocker Initiated GC) [PSYoungGen: 169910K->47800K(196608K)] 562382K->446597K(720896K), 0.0131135 secs] [Times: user=0.12 sys=0.00, real=0.01 secs] 
2016-09-13T19:48:32.687-0400: 81.877: [GC (Allocation Failure) [PSYoungGen: 186552K->35622K(202240K)] 585446K->434777K(726528K), 0.0073448 secs] [Times: user=0.05 sys=0.00, real=0.01 secs] 
2016-09-13T19:48:32.913-0400: 82.103: [GC (GCLocker Initiated GC) [PSYoungGen: 176934K->55207K(196608K)] 576092K->459059K(720896K), 0.0205809 secs] [Times: user=0.15 sys=0.00, real=0.02 secs] 
2016-09-13T19:48:33.122-0400: 82.312: [GC (GCLocker Initiated GC) [PSYoungGen: 196519K->52756K(189952K)] 603481K->459885K(714240K), 0.0170348 secs] [Times: user=0.18 sys=0.01, real=0.02 secs] 
2016-09-13T19:48:33.313-0400: 82.504: [GC (GCLocker Initiated GC) [PSYoungGen: 177684K->66025K(190976K)] 584945K->481214K(715264K), 0.0163310 secs] [Times: user=0.19 sys=0.01, real=0.02 secs] 
2016-09-13T19:48:33.524-0400: 82.714: [GC (GCLocker Initiated GC) [PSYoungGen: 190953K->44544K(184832K)] 606326K->460102K(709120K), 0.0095484 secs] [Times: user=0.09 sys=0.00, real=0.01 secs] 
2016-09-13T19:48:33.730-0400: 82.920: [GC (GCLocker Initiated GC) [PSYoungGen: 158208K->46536K(187904K)] 579855K->468330K(712192K), 0.0077466 secs] [Times: user=0.09 sys=0.00, real=0.01 secs] 
2016-09-13T19:48:33.913-0400: 83.103: [GC (GCLocker Initiated GC) [PSYoungGen: 160200K->52384K(187904K)] 589651K->482134K(712192K), 0.0203763 secs] [Times: user=0.21 sys=0.01, real=0.02 secs] 
2016-09-13T19:48:34.103-0400: 83.293: [GC (GCLocker Initiated GC) [PSYoungGen: 167072K->43211K(158208K)] 604632K->488519K(682496K), 0.0102964 secs] [Times: user=0.08 sys=0.00, real=0.01 secs] 
2016-09-13T19:48:34.298-0400: 83.489: [GC (GCLocker Initiated GC) [PSYoungGen: 157899K->28120K(186880K)] 609360K->484429K(711168K), 0.0226313 secs] [Times: user=0.26 sys=0.00, real=0.02 secs] 
2016-09-13T19:48:34.512-0400: 83.703: [GC (GCLocker Initiated GC) [PSYoungGen: 143832K->32549K(186368K)] 606399K->499897K(710656K), 0.0290210 secs] [Times: user=0.32 sys=0.00, real=0.03 secs] 
2016-09-13T19:48:34.721-0400: 83.911: [GC (GCLocker Initiated GC) [PSYoungGen: 148261K->55298K(186368K)] 617316K->524562K(710656K), 0.0095531 secs] [Times: user=0.08 sys=0.00, real=0.01 secs] 
2016-09-13T19:48:34.911-0400: 84.102: [GC (GCLocker Initiated GC) [PSYoungGen: 172546K->44757K(189440K)] 641938K->514394K(713728K), 0.0100021 secs] [Times: user=0.08 sys=0.00, real=0.01 secs] 
2016-09-13T19:48:35.087-0400: 84.278: [GC (GCLocker Initiated GC) [PSYoungGen: 162005K->26405K(188928K)] 637895K->502555K(713216K), 0.0141856 secs] [Times: user=0.14 sys=0.00, real=0.02 secs] 
2016-09-13T19:48:35.281-0400: 84.471: [GC (GCLocker Initiated GC) [PSYoungGen: 146213K->69100K(188928K)] 622509K->554679K(713216K), 0.0178132 secs] [Times: user=0.18 sys=0.01, real=0.02 secs] 
2016-09-13T19:48:35.472-0400: 84.662: [GC (GCLocker Initiated GC) [PSYoungGen: 188908K->44980K(185856K)] 676217K->539979K(710144K), 0.0174324 secs] [Times: user=0.21 sys=0.00, real=0.02 secs] 
2016-09-13T19:48:35.665-0400: 84.855: [GC (GCLocker Initiated GC) [PSYoungGen: 157620K->62929K(175616K)] 652756K->558454K(699904K), 0.0242741 secs] [Times: user=0.23 sys=0.00, real=0.03 secs] 
2016-09-13T19:48:35.858-0400: 85.048: [GC (GCLocker Initiated GC) [PSYoungGen: 175569K->41920K(185856K)] 674310K->540832K(710144K), 0.0067354 secs] [Times: user=0.08 sys=0.00, real=0.00 secs] 
2016-09-13T19:48:36.068-0400: 85.259: [GC (GCLocker Initiated GC) [PSYoungGen: 148928K->55240K(183296K)] 647860K->554338K(707584K), 0.0218829 secs] [Times: user=0.20 sys=0.00, real=0.02 secs] 
2016-09-13T19:48:36.264-0400: 85.455: [GC (Allocation Failure) [PSYoungGen: 162248K->6858K(178176K)] 667440K->524363K(702464K), 0.0182286 secs] [Times: user=0.19 sys=0.00, real=0.02 secs] 
2016-09-13T19:48:36.283-0400: 85.473: [Full GC (Ergonomics) [PSYoungGen: 6858K->0K(178176K)] [ParOldGen: 517504K->32725K(524288K)] 524363K->32725K(702464K), [Metaspace: 44505K->44505K(1087488K)], 0.0590399 secs] [Times: user=0.29 sys=0.01, real=0.06 secs] 
2016-09-13T19:48:36.469-0400: 85.659: [GC (GCLocker Initiated GC) [PSYoungGen: 99441K->63370K(164864K)] 138241K->102170K(689152K), 0.0123719 secs] [Times: user=0.15 sys=0.00, real=0.01 secs] 
2016-09-13T19:48:36.606-0400: 85.796: [GC (GCLocker Initiated GC) [PSYoungGen: 164746K->52458K(178688K)] 209865K->120857K(702976K), 0.0112509 secs] [Times: user=0.16 sys=0.00, real=0.02 secs] 
2016-09-13T19:48:36.732-0400: 85.922: [GC (GCLocker Initiated GC) [PSYoungGen: 146666K->72233K(166912K)] 215174K->145564K(691200K), 0.0087968 secs] [Times: user=0.11 sys=0.01, real=0.01 secs] 
2016-09-13T19:48:36.867-0400: 86.057: [GC (GCLocker Initiated GC) [PSYoungGen: 166441K->67827K(175104K)] 239803K->167248K(699392K), 0.0171519 secs] [Times: user=0.23 sys=0.01, real=0.02 secs] 
2016-09-13T19:48:37.034-0400: 86.225: [GC (GCLocker Initiated GC) [PSYoungGen: 155891K->28062K(175104K)] 255450K->136917K(699392K), 0.0269687 secs] [Times: user=0.33 sys=0.00, real=0.03 secs] 
2016-09-13T19:48:37.187-0400: 86.378: [GC (GCLocker Initiated GC) [PSYoungGen: 116126K->31126K(175104K)] 225116K->140344K(699392K), 0.0095334 secs] [Times: user=0.10 sys=0.01, real=0.02 secs] 
2016-09-13T19:48:37.298-0400: 86.488: [GC (Allocation Failure) [PSYoungGen: 119190K->40487K(175104K)] 229958K->169698K(699392K), 0.0065570 secs] [Times: user=0.08 sys=0.01, real=0.00 secs] 
2016-09-13T19:48:37.434-0400: 86.624: [GC (GCLocker Initiated GC) [PSYoungGen: 128375K->41789K(168960K)] 259105K->172921K(693248K), 0.0196535 secs] [Times: user=0.19 sys=0.00, real=0.02 secs] 
2016-09-13T19:48:37.580-0400: 86.771: [GC (GCLocker Initiated GC) [PSYoungGen: 129853K->23472K(172032K)] 268625K->162470K(696320K), 0.0141695 secs] [Times: user=0.12 sys=0.00, real=0.01 secs] 
2016-09-13T19:48:37.713-0400: 86.904: [GC (GCLocker Initiated GC) [PSYoungGen: 111536K->64448K(171520K)] 250809K->203981K(695808K), 0.0119129 secs] [Times: user=0.11 sys=0.00, real=0.01 secs] 
2016-09-13T19:48:37.871-0400: 87.062: [GC (GCLocker Initiated GC) [PSYoungGen: 152512K->46345K(175104K)] 293632K->187632K(699392K), 0.0060640 secs] [Times: user=0.05 sys=0.00, real=0.01 secs] 
2016-09-13T19:48:38.028-0400: 87.218: [GC (Allocation Failure) [PSYoungGen: 134409K->26345K(172544K)] 275697K->169338K(696832K), 0.0074956 secs] [Times: user=0.04 sys=0.01, real=0.01 secs] 
2016-09-13T19:48:38.156-0400: 87.346: [GC (GCLocker Initiated GC) [PSYoungGen: 117481K->26260K(174080K)] 260480K->169543K(698368K), 0.0055058 secs] [Times: user=0.03 sys=0.00, real=0.00 secs] 
2016-09-13T19:48:38.312-0400: 87.503: [GC (GCLocker Initiated GC) [PSYoungGen: 117396K->46838K(174592K)] 262345K->191977K(698880K), 0.0226604 secs] [Times: user=0.30 sys=0.00, real=0.02 secs] 
2016-09-13T19:48:38.503-0400: 87.693: [GC (GCLocker Initiated GC) [PSYoungGen: 144118K->23250K(177152K)] 301549K->180875K(701440K), 0.0175543 secs] [Times: user=0.19 sys=0.00, real=0.02 secs] 
2016-09-13T19:48:38.655-0400: 87.845: [GC (Allocation Failure) [PSYoungGen: 120530K->52611K(181760K)] 281432K->213660K(706048K), 0.0173715 secs] [Times: user=0.17 sys=0.01, real=0.02 secs] 
2016-09-13T19:48:38.673-0400: 87.863: [GC (GCLocker Initiated GC) [PSYoungGen: 53075K->128K(102912K)] 214124K->213424K(627200K), 0.0087024 secs] [Times: user=0.07 sys=0.00, real=0.01 secs] 
2016-09-13T19:48:38.819-0400: 88.010: [GC (GCLocker Initiated GC) [PSYoungGen: 99387K->48081K(179200K)] 318759K->267476K(703488K), 0.0281267 secs] [Times: user=0.27 sys=0.00, real=0.02 secs] 
2016-09-13T19:48:38.996-0400: 88.186: [GC (GCLocker Initiated GC) [PSYoungGen: 143825K->24865K(120832K)] 370950K->275386K(645120K), 0.0229780 secs] [Times: user=0.24 sys=0.00, real=0.03 secs] 
2016-09-13T19:48:39.127-0400: 88.317: [GC (GCLocker Initiated GC) [PSYoungGen: 120609K->61505K(171008K)] 372904K->313938K(695296K), 0.0074182 secs] [Times: user=0.05 sys=0.00, real=0.01 secs] 
2016-09-13T19:48:39.265-0400: 88.455: [GC (GCLocker Initiated GC) [PSYoungGen: 152129K->44699K(176128K)] 406156K->298861K(700416K), 0.0069178 secs] [Times: user=0.05 sys=0.01, real=0.01 secs] 
2016-09-13T19:48:39.413-0400: 88.603: [GC (GCLocker Initiated GC) [PSYoungGen: 135323K->37110K(165888K)] 389511K->293029K(690176K), 0.0390387 secs] [Times: user=0.39 sys=0.01, real=0.04 secs] 
2016-09-13T19:48:39.623-0400: 88.814: [GC (GCLocker Initiated GC) [PSYoungGen: 130806K->5312K(172544K)] 396030K->285965K(696832K), 0.0107905 secs] [Times: user=0.13 sys=0.00, real=0.01 secs] 
2016-09-13T19:48:39.755-0400: 88.945: [GC (GCLocker Initiated GC) [PSYoungGen: 99008K->41561K(180224K)] 379848K->322594K(704512K), 0.0104962 secs] [Times: user=0.10 sys=0.00, real=0.01 secs] 
2016-09-13T19:48:39.912-0400: 89.103: [GC (GCLocker Initiated GC) [PSYoungGen: 143961K->43057K(180736K)] 425038K->342615K(705024K), 0.0130821 secs] [Times: user=0.12 sys=0.00, real=0.01 secs] 
2016-09-13T19:48:40.071-0400: 89.261: [GC (GCLocker Initiated GC) [PSYoungGen: 145457K->56913K(179200K)] 445163K->358354K(703488K), 0.0152766 secs] [Times: user=0.15 sys=0.00, real=0.01 secs] 
2016-09-13T19:48:40.251-0400: 89.441: [GC (GCLocker Initiated GC) [PSYoungGen: 159313K->53934K(156672K)] 460834K->355656K(680960K), 0.0182738 secs] [Times: user=0.19 sys=0.00, real=0.02 secs] 
2016-09-13T19:48:40.417-0400: 89.608: [GC (GCLocker Initiated GC) [PSYoungGen: 156334K->46287K(182784K)] 458198K->351390K(707072K), 0.0121612 secs] [Times: user=0.14 sys=0.00, real=0.01 secs] 
2016-09-13T19:48:40.578-0400: 89.768: [GC (Allocation Failure) [PSYoungGen: 147663K->23436K(124928K)] 460676K->336659K(649216K), 0.0251188 secs] [Times: user=0.32 sys=0.01, real=0.02 secs] 
2016-09-13T19:48:40.734-0400: 89.925: [GC (GCLocker Initiated GC) [PSYoungGen: 121919K->32953K(182272K)] 441217K->352456K(706560K), 0.0108215 secs] [Times: user=0.12 sys=0.00, real=0.01 secs] 
2016-09-13T19:48:40.911-0400: 90.101: [GC (GCLocker Initiated GC) [PSYoungGen: 136889K->46312K(179712K)] 464025K->373717K(704000K), 0.0097107 secs] [Times: user=0.05 sys=0.01, real=0.01 secs] 
2016-09-13T19:48:41.096-0400: 90.286: [GC (GCLocker Initiated GC) [PSYoungGen: 150248K->41816K(183808K)] 477761K->369676K(708096K), 0.0279547 secs] [Times: user=0.34 sys=0.00, real=0.03 secs] 
2016-09-13T19:48:41.284-0400: 90.474: [GC (GCLocker Initiated GC) [PSYoungGen: 152408K->49224K(182784K)] 480408K->377543K(707072K), 0.0079819 secs] [Times: user=0.07 sys=0.00, real=0.01 secs] 
2016-09-13T19:48:41.460-0400: 90.650: [GC (GCLocker Initiated GC) [PSYoungGen: 159816K->46255K(188928K)] 494450K->397766K(713216K), 0.0238462 secs] [Times: user=0.27 sys=0.01, real=0.02 secs] 
2016-09-13T19:48:41.659-0400: 90.850: [GC (Allocation Failure) [PSYoungGen: 164015K->46281K(188928K)] 521730K->404230K(713216K), 0.0218164 secs] [Times: user=0.24 sys=0.00, real=0.02 secs] 
2016-09-13T19:48:41.681-0400: 90.872: [GC (GCLocker Initiated GC) [PSYoungGen: 46293K->256K(183808K)] 404241K->401287K(708096K), 0.0067722 secs] [Times: user=0.07 sys=0.00, real=0.01 secs] 
2016-09-13T19:48:41.857-0400: 91.048: [GC (GCLocker Initiated GC) [PSYoungGen: 113920K->73650K(187392K)] 514954K->480776K(711680K), 0.0122399 secs] [Times: user=0.12 sys=0.00, real=0.01 secs] 
2016-09-13T19:48:42.059-0400: 91.249: [GC (GCLocker Initiated GC) [PSYoungGen: 187314K->29453K(173056K)] 600650K->472099K(697344K), 0.0222246 secs] [Times: user=0.20 sys=0.00, real=0.02 secs] 
2016-09-13T19:48:42.231-0400: 91.422: [GC (Allocation Failure) [PSYoungGen: 127757K->23654K(180224K)] 576754K->472880K(704512K), 0.0066095 secs] [Times: user=0.06 sys=0.00, real=0.01 secs] 
2016-09-13T19:48:42.358-0400: 91.548: [GC (GCLocker Initiated GC) [PSYoungGen: 119103K->28185K(173568K)] 574404K->483892K(697856K), 0.0075154 secs] [Times: user=0.07 sys=0.01, real=0.00 secs] 
2016-09-13T19:48:42.512-0400: 91.702: [GC (GCLocker Initiated GC) [PSYoungGen: 128025K->50966K(177664K)] 591487K->514547K(701952K), 0.0097200 secs] [Times: user=0.12 sys=0.01, real=0.01 secs] 
2016-09-13T19:48:42.712-0400: 91.903: [GC (GCLocker Initiated GC) [PSYoungGen: 150806K->23308K(183296K)] 628284K->501015K(707584K), 0.0176753 secs] [Times: user=0.14 sys=0.00, real=0.02 secs] 
2016-09-13T19:48:42.890-0400: 92.080: [GC (GCLocker Initiated GC) [PSYoungGen: 128780K->49224K(183296K)] 606654K->527374K(707584K), 0.0147406 secs] [Times: user=0.13 sys=0.01, real=0.01 secs] 
2016-09-13T19:48:43.071-0400: 92.261: [GC (GCLocker Initiated GC) [PSYoungGen: 154696K->37045K(177152K)] 632947K->517020K(701440K), 0.0150546 secs] [Times: user=0.14 sys=0.00, real=0.01 secs] 
2016-09-13T19:48:43.259-0400: 92.449: [GC (GCLocker Initiated GC) [PSYoungGen: 143541K->15683K(180736K)] 635702K->514191K(705024K), 0.0219886 secs] [Times: user=0.21 sys=0.00, real=0.02 secs] 
2016-09-13T19:48:43.281-0400: 92.471: [Full GC (Ergonomics) [PSYoungGen: 15683K->0K(180736K)] [ParOldGen: 498508K->38920K(524288K)] 514191K->38920K(705024K), [Metaspace: 44519K->44519K(1087488K)], 0.0645783 secs] [Times: user=0.31 sys=0.01, real=0.06 secs] 
2016-09-13T19:48:43.488-0400: 92.678: [GC (GCLocker Initiated GC) [PSYoungGen: 106496K->70869K(169984K)] 153185K->123633K(694272K), 0.0142618 secs] [Times: user=0.15 sys=0.00, real=0.01 secs] 
2016-09-13T19:48:43.651-0400: 92.841: [GC (GCLocker Initiated GC) [PSYoungGen: 166101K->9901K(105472K)] 228118K->104449K(629760K), 0.0230172 secs] [Times: user=0.26 sys=0.00, real=0.02 secs] 
2016-09-13T19:48:43.809-0400: 92.999: [GC (GCLocker Initiated GC) [PSYoungGen: 105133K->52235K(175616K)] 205817K->153057K(699904K), 0.0107393 secs] [Times: user=0.12 sys=0.00, real=0.01 secs] 
2016-09-13T19:48:43.961-0400: 93.151: [GC (GCLocker Initiated GC) [PSYoungGen: 143371K->10022K(176640K)] 251899K->127908K(700928K), 0.0107541 secs] [Times: user=0.11 sys=0.00, real=0.01 secs] 
2016-09-13T19:48:44.099-0400: 93.290: [GC (Allocation Failure) [PSYoungGen: 101158K->23565K(170496K)] 226864K->158770K(694784K), 0.0079953 secs] [Times: user=0.08 sys=0.01, real=0.00 secs] 
2016-09-13T19:48:44.267-0400: 93.458: [GC (GCLocker Initiated GC) [PSYoungGen: 114701K->41634K(173568K)] 249912K->176984K(697856K), 0.0057649 secs] [Times: user=0.06 sys=0.00, real=0.01 secs] 
2016-09-13T19:48:44.432-0400: 93.623: [GC (GCLocker Initiated GC) [PSYoungGen: 132770K->27684K(172544K)] 268194K->163344K(696832K), 0.0156382 secs] [Times: user=0.13 sys=0.00, real=0.02 secs] 
2016-09-13T19:48:44.573-0400: 93.763: [GC (GCLocker Initiated GC) [PSYoungGen: 127012K->31248K(176640K)] 262696K->168613K(700928K), 0.0181952 secs] [Times: user=0.20 sys=0.00, real=0.02 secs] 
2016-09-13T19:48:44.739-0400: 93.930: [GC (GCLocker Initiated GC) [PSYoungGen: 130576K->40185K(181760K)] 267970K->177961K(706048K), 0.0138619 secs] [Times: user=0.14 sys=0.01, real=0.01 secs] 
2016-09-13T19:48:44.910-0400: 94.100: [GC (GCLocker Initiated GC) [PSYoungGen: 151801K->43180K(183296K)] 289593K->187249K(707584K), 0.0197437 secs] [Times: user=0.16 sys=0.00, real=0.02 secs] 
2016-09-13T19:48:45.098-0400: 94.288: [GC (GCLocker Initiated GC) [PSYoungGen: 154796K->44641K(189952K)] 298990K->190646K(714240K), 0.0066456 secs] [Times: user=0.06 sys=0.00, real=0.00 secs] 
2016-09-13T19:48:45.276-0400: 94.467: [GC (GCLocker Initiated GC) [PSYoungGen: 163937K->56812K(176128K)] 311495K->209123K(700416K), 0.0351700 secs] [Times: user=0.27 sys=0.00, real=0.03 secs] 
2016-09-13T19:48:45.459-0400: 94.650: [GC (GCLocker Initiated GC) [PSYoungGen: 176108K->44826K(187904K)] 330000K->209544K(712192K), 0.0066551 secs] [Times: user=0.06 sys=0.01, real=0.00 secs] 
2016-09-13T19:48:45.641-0400: 94.831: [GC (GCLocker Initiated GC) [PSYoungGen: 157466K->34105K(146944K)] 322229K->202063K(671232K), 0.0189033 secs] [Times: user=0.16 sys=0.01, real=0.02 secs] 
2016-09-13T19:48:45.827-0400: 95.018: [GC (GCLocker Initiated GC) [PSYoungGen: 146745K->43271K(185344K)] 314818K->219164K(709632K), 0.0101030 secs] [Times: user=0.09 sys=0.00, real=0.02 secs] 
2016-09-13T19:48:46.020-0400: 95.210: [GC (GCLocker Initiated GC) [PSYoungGen: 157447K->24827K(183808K)] 340962K->208464K(708096K), 0.0057353 secs] [Times: user=0.03 sys=0.00, real=0.00 secs] 
2016-09-13T19:48:46.192-0400: 95.382: [GC (GCLocker Initiated GC) [PSYoungGen: 139003K->26351K(191488K)] 324181K->211773K(715776K), 0.0130040 secs] [Times: user=0.09 sys=0.00, real=0.01 secs] 
2016-09-13T19:48:46.390-0400: 95.580: [GC (GCLocker Initiated GC) [PSYoungGen: 148719K->23277K(190464K)] 335804K->212082K(714752K), 0.0069508 secs] [Times: user=0.05 sys=0.01, real=0.01 secs] 
2016-09-13T19:48:46.584-0400: 95.774: [GC (Allocation Failure) [PSYoungGen: 145645K->21854K(193024K)] 336128K->212452K(717312K), 0.0082709 secs] [Times: user=0.06 sys=0.00, real=0.01 secs] 
2016-09-13T19:48:46.819-0400: 96.009: [GC (GCLocker Initiated GC) [PSYoungGen: 146343K->27971K(192000K)] 338460K->220234K(716288K), 0.0110320 secs] [Times: user=0.10 sys=0.01, real=0.01 secs] 
2016-09-13T19:48:47.005-0400: 96.196: [GC (GCLocker Initiated GC) [PSYoungGen: 153923K->43121K(192512K)] 347908K->237170K(716800K), 0.0298645 secs] [Times: user=0.24 sys=0.00, real=0.03 secs] 
2016-09-13T19:48:47.236-0400: 96.427: [GC (GCLocker Initiated GC) [PSYoungGen: 171633K->58586K(187392K)] 367256K->266482K(711680K), 0.0168292 secs] [Times: user=0.16 sys=0.00, real=0.01 secs] 
2016-09-13T19:48:47.456-0400: 96.647: [GC (GCLocker Initiated GC) [PSYoungGen: 187098K->32581K(194048K)] 402616K->252956K(718336K), 0.0174340 secs] [Times: user=0.18 sys=0.00, real=0.01 secs] 
2016-09-13T19:48:47.669-0400: 96.860: [GC (GCLocker Initiated GC) [PSYoungGen: 155973K->50891K(191488K)] 376436K->271564K(715776K), 0.0137506 secs] [Times: user=0.13 sys=0.00, real=0.01 secs] 
2016-09-13T19:48:47.855-0400: 97.045: [GC (GCLocker Initiated GC) [PSYoungGen: 174283K->41665K(192512K)] 401037K->274786K(716800K), 0.0112767 secs] [Times: user=0.09 sys=0.00, real=0.01 secs] 
2016-09-13T19:48:48.054-0400: 97.245: [GC (GCLocker Initiated GC) [PSYoungGen: 165057K->14509K(192000K)] 410400K->259995K(716288K), 0.0100774 secs] [Times: user=0.09 sys=0.01, real=0.01 secs] 
2016-09-13T19:48:48.263-0400: 97.453: [GC (GCLocker Initiated GC) [PSYoungGen: 137901K->23560K(191488K)] 391193K->281696K(715776K), 0.0182912 secs] [Times: user=0.20 sys=0.01, real=0.02 secs] 
2016-09-13T19:48:48.502-0400: 97.692: [GC (GCLocker Initiated GC) [PSYoungGen: 147464K->14291K(192000K)] 417772K->284699K(716288K), 0.0103722 secs] [Times: user=0.09 sys=0.00, real=0.01 secs] 
2016-09-13T19:48:48.706-0400: 97.896: [GC (GCLocker Initiated GC) [PSYoungGen: 138195K->29571K(187904K)] 421092K->317182K(712192K), 0.0072779 secs] [Times: user=0.08 sys=0.00, real=0.01 secs] 
2016-09-13T19:48:48.913-0400: 98.103: [GC (GCLocker Initiated GC) [PSYoungGen: 155523K->38688K(190976K)] 455347K->344742K(715264K), 0.0066432 secs] [Times: user=0.06 sys=0.00, real=0.01 secs] 
2016-09-13T19:48:49.128-0400: 98.318: [GC (Allocation Failure) [PSYoungGen: 164640K->58214K(185344K)] 470909K->373726K(709632K), 0.0222476 secs] [Times: user=0.22 sys=0.00, real=0.02 secs] 
2016-09-13T19:48:49.151-0400: 98.341: [GC (GCLocker Initiated GC) [PSYoungGen: 58220K->32K(121344K)] 373732K->379661K(645632K), 0.0081447 secs] [Times: user=0.05 sys=0.01, real=0.01 secs] 
2016-09-13T19:48:49.351-0400: 98.542: [GC (GCLocker Initiated GC) [PSYoungGen: 120864K->41941K(189440K)] 500496K->421574K(713728K), 0.0082509 secs] [Times: user=0.08 sys=0.00, real=0.01 secs] 
2016-09-13T19:48:49.517-0400: 98.707: [GC (GCLocker Initiated GC) [PSYoungGen: 158165K->49224K(165888K)] 539389K->441434K(690176K), 0.0090777 secs] [Times: user=0.08 sys=0.00, real=0.00 secs] 
2016-09-13T19:48:49.704-0400: 98.894: [GC (GCLocker Initiated GC) [PSYoungGen: 165448K->47705K(185344K)] 563818K->452347K(709632K), 0.0107556 secs] [Times: user=0.09 sys=0.00, real=0.01 secs] 
2016-09-13T19:48:49.910-0400: 99.100: [GC (Allocation Failure) [PSYoungGen: 158297K->23345K(134144K)] 575338K->449637K(658432K), 0.0296158 secs] [Times: user=0.32 sys=0.01, real=0.03 secs] 
2016-09-13T19:48:50.098-0400: 99.288: [GC (GCLocker Initiated GC) [PSYoungGen: 130969K->29665K(188416K)] 563336K->462233K(712704K), 0.0341477 secs] [Times: user=0.35 sys=0.01, real=0.03 secs] 
2016-09-13T19:48:50.295-0400: 99.486: [GC (GCLocker Initiated GC) [PSYoungGen: 144353K->49446K(185344K)] 577170K->482512K(709632K), 0.0251160 secs] [Times: user=0.25 sys=0.00, real=0.03 secs] 
2016-09-13T19:48:50.485-0400: 99.676: [GC (GCLocker Initiated GC) [PSYoungGen: 164134K->41725K(189952K)] 597265K->475034K(714240K), 0.0073266 secs] [Times: user=0.07 sys=0.00, real=0.01 secs] 
2016-09-13T19:48:50.663-0400: 99.854: [GC (GCLocker Initiated GC) [PSYoungGen: 159997K->32645K(151040K)] 593429K->466219K(675328K), 0.0060252 secs] [Times: user=0.05 sys=0.00, real=0.01 secs] 
2016-09-13T19:48:50.855-0400: 100.045: [GC (GCLocker Initiated GC) [PSYoungGen: 150917K->27934K(189952K)] 590764K->467880K(714240K), 0.0076593 secs] [Times: user=0.05 sys=0.00, real=0.01 secs] 
2016-09-13T19:48:51.059-0400: 100.249: [GC (GCLocker Initiated GC) [PSYoungGen: 149278K->55522K(187904K)] 595330K->514057K(712192K), 0.0186556 secs] [Times: user=0.24 sys=0.00, real=0.02 secs] 
2016-09-13T19:48:51.265-0400: 100.455: [GC (GCLocker Initiated GC) [PSYoungGen: 176866K->44790K(191488K)] 635557K->506721K(715776K), 0.0163587 secs] [Times: user=0.18 sys=0.00, real=0.02 secs] 
2016-09-13T19:48:51.466-0400: 100.656: [GC (GCLocker Initiated GC) [PSYoungGen: 165110K->44735K(165376K)] 633313K->523849K(689664K), 0.0145950 secs] [Times: user=0.14 sys=0.00, real=0.02 secs] 
2016-09-13T19:48:51.661-0400: 100.851: [GC (GCLocker Initiated GC) [PSYoungGen: 165055K->43249K(190976K)] 645768K->524200K(715264K), 0.0216633 secs] [Times: user=0.19 sys=0.00, real=0.02 secs] 
2016-09-13T19:48:51.882-0400: 101.072: [GC (GCLocker Initiated GC) [PSYoungGen: 164593K->60051K(181760K)] 647353K->543025K(706048K), 0.0328049 secs] [Times: user=0.39 sys=0.00, real=0.03 secs] 
2016-09-13T19:48:52.086-0400: 101.276: [GC (GCLocker Initiated GC) [PSYoungGen: 181395K->52478K(186880K)] 664520K->535836K(711168K), 0.0308478 secs] [Times: user=0.38 sys=0.01, real=0.04 secs] 
2016-09-13T19:48:52.265-0400: 101.456: [GC (GCLocker Initiated GC) [PSYoungGen: 166142K->65876K(179712K)] 651108K->551118K(704000K), 0.0156551 secs] [Times: user=0.19 sys=0.00, real=0.02 secs] 
2016-09-13T19:48:52.453-0400: 101.643: [GC (GCLocker Initiated GC) [PSYoungGen: 179540K->41879K(185344K)] 666423K->529027K(709632K), 0.0203526 secs] [Times: user=0.23 sys=0.00, real=0.02 secs] 
2016-09-13T19:48:52.649-0400: 101.840: [GC (GCLocker Initiated GC) [PSYoungGen: 147351K->46531K(152064K)] 634663K->534092K(676352K), 0.0230177 secs] [Times: user=0.24 sys=0.00, real=0.02 secs] 
2016-09-13T19:48:52.824-0400: 102.014: [GC (GCLocker Initiated GC) [PSYoungGen: 152003K->29543K(179712K)] 639587K->517312K(704000K), 0.0091296 secs] [Times: user=0.07 sys=0.01, real=0.01 secs] 
2016-09-13T19:48:52.976-0400: 102.167: [GC (Allocation Failure) [PSYoungGen: 135015K->43122K(179712K)] 624540K->542001K(704000K), 0.0189334 secs] [Times: user=0.19 sys=0.00, real=0.01 secs] 
2016-09-13T19:48:53.130-0400: 102.321: [GC (GCLocker Initiated GC) [PSYoungGen: 148594K->61431K(181248K)] 647482K->560442K(705536K), 0.0105502 secs] [Times: user=0.10 sys=0.00, real=0.01 secs] 
2016-09-13T19:48:53.314-0400: 102.504: [GC (GCLocker Initiated GC) [PSYoungGen: 171511K->65999K(176128K)] 672195K->566829K(700416K), 0.0080933 secs] [Times: user=0.08 sys=0.00, real=0.01 secs] 
2016-09-13T19:48:53.499-0400: 102.689: [GC (GCLocker Initiated GC) [PSYoungGen: 176079K->58526K(180224K)] 677144K->570400K(704512K), 0.0204200 secs] [Times: user=0.17 sys=0.00, real=0.02 secs] 
2016-09-13T19:48:53.519-0400: 102.710: [Full GC (Ergonomics) [PSYoungGen: 58526K->0K(180224K)] [ParOldGen: 511873K->45688K(524288K)] 570400K->45688K(704512K), [Metaspace: 44530K->44530K(1087488K)], 0.0646026 secs] [Times: user=0.48 sys=0.01, real=0.06 secs] 
2016-09-13T19:48:53.724-0400: 102.914: [GC (GCLocker Initiated GC) [PSYoungGen: 100352K->73742K(174592K)] 146057K->119447K(698880K), 0.0098010 secs] [Times: user=0.11 sys=0.00, real=0.01 secs] 
2016-09-13T19:48:53.857-0400: 103.047: [GC (GCLocker Initiated GC) [PSYoungGen: 174094K->60046K(175104K)] 219805K->144191K(699392K), 0.0125966 secs] [Times: user=0.14 sys=0.00, real=0.01 secs] 
2016-09-13T19:48:53.980-0400: 103.171: [GC (GCLocker Initiated GC) [PSYoungGen: 148110K->69132K(175104K)] 232406K->153744K(699392K), 0.0117024 secs] [Times: user=0.10 sys=0.00, real=0.01 secs] 
2016-09-13T19:48:54.103-0400: 103.293: [GC (GCLocker Initiated GC) [PSYoungGen: 157196K->34163K(175104K)] 254125K->135940K(699392K), 0.0104770 secs] [Times: user=0.09 sys=0.01, real=0.01 secs] 
2016-09-13T19:48:54.248-0400: 103.439: [GC (GCLocker Initiated GC) [PSYoungGen: 122227K->25146K(175104K)] 227215K->141080K(699392K), 0.0053475 secs] [Times: user=0.05 sys=0.00, real=0.00 secs] 
2016-09-13T19:48:54.381-0400: 103.572: [GC (GCLocker Initiated GC) [PSYoungGen: 113210K->27870K(175104K)] 230840K->145675K(699392K), 0.0122346 secs] [Times: user=0.15 sys=0.00, real=0.01 secs] 
2016-09-13T19:48:54.513-0400: 103.704: [GC (GCLocker Initiated GC) [PSYoungGen: 115934K->69258K(175104K)] 233806K->187316K(699392K), 0.0097752 secs] [Times: user=0.13 sys=0.00, real=0.01 secs] 
2016-09-13T19:48:54.671-0400: 103.861: [GC (GCLocker Initiated GC) [PSYoungGen: 157322K->44762K(175104K)] 277006K->169271K(699392K), 0.0133865 secs] [Times: user=0.13 sys=0.00, real=0.01 secs] 
2016-09-13T19:48:54.834-0400: 104.025: [GC (GCLocker Initiated GC) [PSYoungGen: 132826K->52389K(175104K)] 258893K->189403K(699392K), 0.0085247 secs] [Times: user=0.08 sys=0.00, real=0.01 secs] 
2016-09-13T19:48:54.992-0400: 104.183: [GC (GCLocker Initiated GC) [PSYoungGen: 140453K->26474K(175104K)] 283650K->177369K(699392K), 0.0226342 secs] [Times: user=0.28 sys=0.00, real=0.02 secs] 
2016-09-13T19:48:55.136-0400: 104.327: [GC (GCLocker Initiated GC) [PSYoungGen: 114538K->63057K(175104K)] 267063K->215869K(699392K), 0.0132185 secs] [Times: user=0.15 sys=0.00, real=0.01 secs] 
2016-09-13T19:48:55.270-0400: 104.460: [GC (GCLocker Initiated GC) [PSYoungGen: 151121K->47864K(172032K)] 303956K->205473K(696320K), 0.0152573 secs] [Times: user=0.17 sys=0.01, real=0.01 secs] 
2016-09-13T19:48:55.406-0400: 104.596: [GC (GCLocker Initiated GC) [PSYoungGen: 135928K->61597K(173568K)] 293686K->230244K(697856K), 0.0078429 secs] [Times: user=0.08 sys=0.00, real=0.01 secs] 
2016-09-13T19:48:55.556-0400: 104.747: [GC (Allocation Failure) [PSYoungGen: 149661K->27870K(175616K)] 318370K->199900K(699904K), 0.0154813 secs] [Times: user=0.19 sys=0.00, real=0.01 secs] 
2016-09-13T19:48:55.696-0400: 104.887: [GC (Allocation Failure) [PSYoungGen: 111299K->23442K(112640K)] 283330K->218578K(636928K), 0.0087606 secs] [Times: user=0.10 sys=0.00, real=0.00 secs] 
2016-09-13T19:48:55.818-0400: 105.008: [GC (GCLocker Initiated GC) [PSYoungGen: 112503K->50907K(177152K)] 309158K->252347K(701440K), 0.0128509 secs] [Times: user=0.17 sys=0.00, real=0.01 secs] 
2016-09-13T19:48:55.975-0400: 105.166: [GC (GCLocker Initiated GC) [PSYoungGen: 141019K->23313K(113664K)] 344025K->226494K(637952K), 0.0148432 secs] [Times: user=0.14 sys=0.00, real=0.02 secs] 
2016-09-13T19:48:56.120-0400: 105.310: [GC (GCLocker Initiated GC) [PSYoungGen: 113425K->32709K(176640K)] 330614K->250173K(700928K), 0.0259878 secs] [Times: user=0.27 sys=0.00, real=0.02 secs] 
2016-09-13T19:48:56.298-0400: 105.489: [GC (GCLocker Initiated GC) [PSYoungGen: 124869K->23341K(174592K)] 348485K->270004K(698880K), 0.0156817 secs] [Times: user=0.17 sys=0.00, real=0.01 secs] 
2016-09-13T19:48:56.459-0400: 105.649: [GC (GCLocker Initiated GC) [PSYoungGen: 115501K->35651K(175104K)] 363840K->284187K(699392K), 0.0288151 secs] [Times: user=0.29 sys=0.01, real=0.03 secs] 
2016-09-13T19:48:56.656-0400: 105.846: [GC (GCLocker Initiated GC) [PSYoungGen: 133443K->14393K(176128K)] 394151K->287520K(700416K), 0.0236368 secs] [Times: user=0.26 sys=0.00, real=0.02 secs] 
2016-09-13T19:48:56.845-0400: 106.035: [GC (GCLocker Initiated GC) [PSYoungGen: 112185K->50710K(181248K)] 385340K->331626K(705536K), 0.0103385 secs] [Times: user=0.09 sys=0.00, real=0.01 secs] 
2016-09-13T19:48:56.985-0400: 106.175: [GC (GCLocker Initiated GC) [PSYoungGen: 153110K->14169K(182272K)] 435570K->302917K(706560K), 0.0125861 secs] [Times: user=0.11 sys=0.00, real=0.02 secs] 
2016-09-13T19:48:57.121-0400: 106.312: [GC (GCLocker Initiated GC) [PSYoungGen: 116569K->26410K(177152K)] 412921K->327560K(701440K), 0.0056961 secs] [Times: user=0.05 sys=0.00, real=0.00 secs] 
2016-09-13T19:48:57.280-0400: 106.470: [GC (GCLocker Initiated GC) [PSYoungGen: 128810K->50838K(179712K)] 429986K->355222K(704000K), 0.0213955 secs] [Times: user=0.19 sys=0.00, real=0.02 secs] 
2016-09-13T19:48:57.461-0400: 106.652: [GC (Allocation Failure) [PSYoungGen: 153238K->9863K(182272K)] 469973K->337383K(706560K), 0.0105720 secs] [Times: user=0.10 sys=0.00, real=0.01 secs] 
2016-09-13T19:48:57.652-0400: 106.842: [GC (GCLocker Initiated GC) [PSYoungGen: 110154K->40051K(143872K)] 443749K->373906K(668160K), 0.0189749 secs] [Times: user=0.17 sys=0.00, real=0.02 secs] 
2016-09-13T19:48:57.829-0400: 107.020: [GC (GCLocker Initiated GC) [PSYoungGen: 143475K->44730K(181248K)] 480600K->382078K(705536K), 0.0128633 secs] [Times: user=0.13 sys=0.00, real=0.01 secs] 
2016-09-13T19:48:58.006-0400: 107.197: [GC (GCLocker Initiated GC) [PSYoungGen: 149178K->9980K(180736K)] 498930K->359886K(705024K), 0.0106988 secs] [Times: user=0.10 sys=0.00, real=0.02 secs] 
2016-09-13T19:48:58.171-0400: 107.361: [GC (GCLocker Initiated GC) [PSYoungGen: 114428K->47614K(183296K)] 464413K->398014K(707584K), 0.0114625 secs] [Times: user=0.11 sys=0.00, real=0.01 secs] 
2016-09-13T19:48:58.321-0400: 107.511: [GC (GCLocker Initiated GC) [PSYoungGen: 154110K->51002K(157696K)] 504526K->407695K(681984K), 0.0168592 secs] [Times: user=0.18 sys=0.00, real=0.02 secs] 
2016-09-13T19:48:58.514-0400: 107.704: [GC (GCLocker Initiated GC) [PSYoungGen: 157498K->38533K(185856K)] 523527K->412436K(710144K), 0.0076244 secs] [Times: user=0.05 sys=0.00, real=0.01 secs] 
2016-09-13T19:48:58.704-0400: 107.894: [GC (Allocation Failure) [PSYoungGen: 145029K->41539K(148480K)] 519108K->415828K(672768K), 0.0212860 secs] [Times: user=0.24 sys=0.00, real=0.02 secs] 
2016-09-13T19:48:58.893-0400: 108.083: [GC (GCLocker Initiated GC) [PSYoungGen: 148035K->43245K(182272K)] 522325K->417673K(706560K), 0.0068706 secs] [Times: user=0.06 sys=0.01, real=0.01 secs] 
2016-09-13T19:48:59.059-0400: 108.249: [GC (GCLocker Initiated GC) [PSYoungGen: 151277K->49101K(180736K)] 527249K->425219K(705024K), 0.0133919 secs] [Times: user=0.14 sys=0.01, real=0.01 secs] 
2016-09-13T19:48:59.242-0400: 108.433: [GC (GCLocker Initiated GC) [PSYoungGen: 157133K->41911K(186368K)] 533375K->430481K(710656K), 0.0081500 secs] [Times: user=0.08 sys=0.00, real=0.01 secs] 
2016-09-13T19:48:59.410-0400: 108.600: [GC (GCLocker Initiated GC) [PSYoungGen: 158135K->42994K(187392K)] 546920K->436807K(711680K), 0.0153376 secs] [Times: user=0.11 sys=0.01, real=0.01 secs] 
2016-09-13T19:48:59.612-0400: 108.803: [GC (GCLocker Initiated GC) [PSYoungGen: 159218K->64474K(180224K)] 553217K->458561K(704512K), 0.0267544 secs] [Times: user=0.27 sys=0.00, real=0.03 secs] 
2016-09-13T19:48:59.802-0400: 108.992: [GC (GCLocker Initiated GC) [PSYoungGen: 175066K->23681K(186368K)] 578313K->427145K(710656K), 0.0104177 secs] [Times: user=0.13 sys=0.00, real=0.01 secs] 
2016-09-13T19:48:59.976-0400: 109.167: [GC (GCLocker Initiated GC) [PSYoungGen: 134273K->41539K(180736K)] 537830K->445305K(705024K), 0.0093974 secs] [Times: user=0.08 sys=0.00, real=0.00 secs] 
2016-09-13T19:49:00.152-0400: 109.342: [GC (GCLocker Initiated GC) [PSYoungGen: 152643K->50902K(183808K)] 556462K->454851K(708096K), 0.0069744 secs] [Times: user=0.06 sys=0.00, real=0.01 secs] 
2016-09-13T19:49:00.308-0400: 109.499: [GC (GCLocker Initiated GC) [PSYoungGen: 162006K->66221K(176640K)] 566204K->475225K(700928K), 0.0103051 secs] [Times: user=0.12 sys=0.01, real=0.01 secs] 
2016-09-13T19:49:00.513-0400: 109.704: [GC (GCLocker Initiated GC) [PSYoungGen: 169645K->23281K(182784K)] 592352K->446240K(707072K), 0.0167316 secs] [Times: user=0.13 sys=0.00, real=0.02 secs] 
2016-09-13T19:49:00.693-0400: 109.883: [GC (GCLocker Initiated GC) [PSYoungGen: 126705K->50928K(181760K)] 549712K->474211K(706048K), 0.0124594 secs] [Times: user=0.13 sys=0.00, real=0.01 secs] 
2016-09-13T19:49:00.857-0400: 110.047: [GC (GCLocker Initiated GC) [PSYoungGen: 154352K->28119K(182272K)] 583849K->468563K(706560K), 0.0099969 secs] [Times: user=0.09 sys=0.00, real=0.00 secs] 
2016-09-13T19:49:01.034-0400: 110.224: [GC (GCLocker Initiated GC) [PSYoungGen: 131543K->44703K(178688K)] 572153K->485514K(702976K), 0.0107496 secs] [Times: user=0.07 sys=0.00, real=0.01 secs] 
2016-09-13T19:49:01.213-0400: 110.403: [GC (GCLocker Initiated GC) [PSYoungGen: 150175K->29416K(180736K)] 597075K->476450K(705024K), 0.0269755 secs] [Times: user=0.33 sys=0.00, real=0.03 secs] 
2016-09-13T19:49:01.408-0400: 110.598: [GC (GCLocker Initiated GC) [PSYoungGen: 134888K->9703K(184832K)] 589592K->473658K(709120K), 0.0121897 secs] [Times: user=0.14 sys=0.00, real=0.01 secs] 
2016-09-13T19:49:01.575-0400: 110.766: [GC (GCLocker Initiated GC) [PSYoungGen: 120295K->44539K(186368K)] 585911K->510314K(710656K), 0.0506008 secs] [Times: user=0.50 sys=0.01, real=0.05 secs] 
2016-09-13T19:49:01.783-0400: 110.973: [GC (GCLocker Initiated GC) [PSYoungGen: 155131K->64448K(175104K)] 620930K->534992K(699392K), 0.0228686 secs] [Times: user=0.23 sys=0.01, real=0.02 secs] 
2016-09-13T19:49:01.933-0400: 111.123: [GC (GCLocker Initiated GC) [PSYoungGen: 164800K->31120K(181248K)] 635396K->514084K(705536K), 0.0206785 secs] [Times: user=0.26 sys=0.00, real=0.02 secs] 
2016-09-13T19:49:02.078-0400: 111.269: [GC (GCLocker Initiated GC) [PSYoungGen: 131472K->47805K(177664K)] 614452K->531022K(701952K), 0.0110413 secs] [Times: user=0.14 sys=0.00, real=0.01 secs] 
2016-09-13T19:49:02.233-0400: 111.423: [GC (GCLocker Initiated GC) [PSYoungGen: 150717K->32613K(180736K)] 634023K->519181K(705024K), 0.0069134 secs] [Times: user=0.06 sys=0.00, real=0.01 secs] 
2016-09-13T19:49:02.400-0400: 111.590: [GC (GCLocker Initiated GC) [PSYoungGen: 135525K->28152K(180736K)] 622095K->522586K(705024K), 0.0211396 secs] [Times: user=0.30 sys=0.00, real=0.02 secs] 
2016-09-13T19:49:02.600-0400: 111.791: [GC (GCLocker Initiated GC) [PSYoungGen: 137208K->32682K(182784K)] 637943K->533650K(707072K), 0.0106301 secs] [Times: user=0.13 sys=0.00, real=0.01 secs] 
2016-09-13T19:49:02.772-0400: 111.963: [GC (GCLocker Initiated GC) --[PSYoungGen: 141738K->141738K(182784K)] 650378K->662785K(707072K), 0.0284007 secs] [Times: user=0.28 sys=0.00, real=0.03 secs] 
2016-09-13T19:49:02.801-0400: 111.991: [Full GC (Ergonomics) [PSYoungGen: 141738K->0K(182784K)] [ParOldGen: 521047K->39646K(524288K)] 662785K->39646K(707072K), [Metaspace: 44542K->44542K(1087488K)], 0.0654097 secs] [Times: user=0.36 sys=0.02, real=0.06 secs] 
2016-09-13T19:49:03.005-0400: 112.195: [GC (GCLocker Initiated GC) [PSYoungGen: 109056K->57162K(182784K)] 148713K->96820K(707072K), 0.0127976 secs] [Times: user=0.16 sys=0.00, real=0.02 secs] 
2016-09-13T19:49:03.161-0400: 112.352: [GC (GCLocker Initiated GC) [PSYoungGen: 168778K->28030K(186880K)] 208461K->90948K(711168K), 0.0118524 secs] [Times: user=0.14 sys=0.00, real=0.01 secs] 
2016-09-13T19:49:03.333-0400: 112.523: [GC (GCLocker Initiated GC) [PSYoungGen: 139646K->29676K(181248K)] 204108K->124716K(705536K), 0.0076319 secs] [Times: user=0.11 sys=0.00, real=0.01 secs] 
2016-09-13T19:49:03.515-0400: 112.705: [GC (GCLocker Initiated GC) [PSYoungGen: 142828K->42007K(184832K)] 250070K->149506K(709120K), 0.0107483 secs] [Times: user=0.14 sys=0.01, real=0.01 secs] 
2016-09-13T19:49:03.698-0400: 112.889: [GC (GCLocker Initiated GC) [PSYoungGen: 155159K->46536K(188928K)] 264390K->168254K(713216K), 0.0106091 secs] [Times: user=0.13 sys=0.01, real=0.01 secs] 
2016-09-13T19:49:03.908-0400: 113.098: [GC (GCLocker Initiated GC) [PSYoungGen: 167368K->23687K(190464K)] 301446K->158006K(714752K), 0.0054323 secs] [Times: user=0.07 sys=0.00, real=0.00 secs] 
2016-09-13T19:49:04.111-0400: 113.301: [GC (GCLocker Initiated GC) [PSYoungGen: 144519K->41725K(188928K)] 282101K->179524K(713216K), 0.0222541 secs] [Times: user=0.22 sys=0.01, real=0.02 secs] 
2016-09-13T19:49:04.327-0400: 113.517: [GC (GCLocker Initiated GC) [PSYoungGen: 165117K->66121K(189952K)] 303033K->204168K(714240K), 0.0100969 secs] [Times: user=0.11 sys=0.00, real=0.02 secs] 
2016-09-13T19:49:04.505-0400: 113.695: [GC (GCLocker Initiated GC) [PSYoungGen: 189513K->60046K(176640K)] 327764K->198580K(700928K), 0.0110584 secs] [Times: user=0.10 sys=0.01, real=0.02 secs] 
2016-09-13T19:49:04.681-0400: 113.871: [GC (GCLocker Initiated GC) [PSYoungGen: 164494K->43213K(183296K)] 303033K->186509K(707584K), 0.0220285 secs] [Times: user=0.24 sys=0.00, real=0.02 secs] 
2016-09-13T19:49:04.857-0400: 114.048: [GC (GCLocker Initiated GC) [PSYoungGen: 147661K->29633K(178176K)] 297072K->179292K(702464K), 0.0050393 secs] [Times: user=0.04 sys=0.00, real=0.00 secs] 
2016-09-13T19:49:05.052-0400: 114.243: [GC (Allocation Failure) [PSYoungGen: 137153K->11258K(182272K)] 293026K->167553K(706560K), 0.0254663 secs] [Times: user=0.26 sys=0.00, real=0.03 secs] 
2016-09-13T19:49:05.243-0400: 114.433: [GC (GCLocker Initiated GC) [PSYoungGen: 118778K->43425K(184832K)] 275073K->210659K(709120K), 0.0091187 secs] [Times: user=0.10 sys=0.00, real=0.01 secs] 
2016-09-13T19:49:05.418-0400: 114.609: [GC (GCLocker Initiated GC) [PSYoungGen: 154529K->41826K(185344K)] 321789K->209394K(709632K), 0.0109533 secs] [Times: user=0.12 sys=0.00, real=0.01 secs] 
2016-09-13T19:49:05.592-0400: 114.783: [GC (GCLocker Initiated GC) [PSYoungGen: 152930K->50844K(185344K)] 320663K->226443K(709632K), 0.0087289 secs] [Times: user=0.10 sys=0.00, real=0.01 secs] 
2016-09-13T19:49:05.771-0400: 114.961: [GC (GCLocker Initiated GC) [PSYoungGen: 163996K->28302K(186368K)] 347295K->217936K(710656K), 0.0067145 secs] [Times: user=0.07 sys=0.01, real=0.01 secs] 
2016-09-13T19:49:05.934-0400: 115.124: [GC (GCLocker Initiated GC) [PSYoungGen: 141454K->53976K(185344K)] 331105K->243928K(709632K), 0.0081553 secs] [Times: user=0.08 sys=0.00, real=0.01 secs] 
2016-09-13T19:49:06.134-0400: 115.324: [GC (GCLocker Initiated GC) [PSYoungGen: 167640K->59955K(174080K)] 359168K->260786K(698368K), 0.0200347 secs] [Times: user=0.26 sys=0.01, real=0.02 secs] 
2016-09-13T19:49:06.330-0400: 115.520: [GC (GCLocker Initiated GC) [PSYoungGen: 173619K->66025K(174080K)] 376140K->268740K(698368K), 0.0184762 secs] [Times: user=0.17 sys=0.00, real=0.02 secs] 
2016-09-13T19:49:06.495-0400: 115.686: [GC (GCLocker Initiated GC) [PSYoungGen: 162281K->46409K(179200K)] 365160K->254129K(703488K), 0.0111384 secs] [Times: user=0.12 sys=0.00, real=0.01 secs] 
2016-09-13T19:49:06.634-0400: 115.825: [GC (GCLocker Initiated GC) [PSYoungGen: 142665K->32555K(174080K)] 350660K->240841K(698368K), 0.0104552 secs] [Times: user=0.11 sys=0.00, real=0.01 secs] 
2016-09-13T19:49:06.805-0400: 115.996: [GC (GCLocker Initiated GC) [PSYoungGen: 131883K->38842K(177664K)] 340195K->247356K(701952K), 0.0074485 secs] [Times: user=0.08 sys=0.00, real=0.01 secs] 
2016-09-13T19:49:06.964-0400: 116.154: [GC (GCLocker Initiated GC) [PSYoungGen: 138170K->28142K(181760K)] 352999K->247777K(706048K), 0.0250416 secs] [Times: user=0.27 sys=0.01, real=0.03 secs] 
2016-09-13T19:49:07.152-0400: 116.342: [GC (Allocation Failure) [PSYoungGen: 136174K->14324K(183296K)] 355986K->234422K(707584K), 0.0077111 secs] [Times: user=0.08 sys=0.00, real=0.01 secs] 
2016-09-13T19:49:07.316-0400: 116.507: [GC (GCLocker Initiated GC) [PSYoungGen: 121925K->46186K(185856K)] 343541K->267965K(710144K), 0.0085553 secs] [Times: user=0.06 sys=0.00, real=0.00 secs] 
2016-09-13T19:49:07.510-0400: 116.700: [GC (GCLocker Initiated GC) [PSYoungGen: 155754K->49319K(185344K)] 377559K->271203K(709632K), 0.0118371 secs] [Times: user=0.11 sys=0.00, real=0.01 secs] 
2016-09-13T19:49:07.661-0400: 116.852: [GC (GCLocker Initiated GC) [PSYoungGen: 158887K->57262K(180736K)] 382362K->282540K(705024K), 0.0157807 secs] [Times: user=0.18 sys=0.00, real=0.02 secs] 
2016-09-13T19:49:07.863-0400: 117.053: [GC (Allocation Failure) [PSYoungGen: 162734K->23368K(183808K)] 388098K->256511K(708096K), 0.0068947 secs] [Times: user=0.06 sys=0.00, real=0.01 secs] 
2016-09-13T19:49:08.048-0400: 117.239: [GC (GCLocker Initiated GC) [PSYoungGen: 128837K->12686K(182272K)] 362077K->246115K(706560K), 0.0256978 secs] [Times: user=0.29 sys=0.00, real=0.02 secs] 
2016-09-13T19:49:08.204-0400: 117.395: [GC (Allocation Failure) [PSYoungGen: 117134K->62828K(167424K)] 350719K->296622K(691712K), 0.0081638 secs] [Times: user=0.07 sys=0.00, real=0.01 secs] 
2016-09-13T19:49:08.354-0400: 117.545: [GC (GCLocker Initiated GC) [PSYoungGen: 167276K->32581K(181248K)] 401073K->266662K(705536K), 0.0218913 secs] [Times: user=0.24 sys=0.00, real=0.03 secs] 
2016-09-13T19:49:08.534-0400: 117.724: [GC (GCLocker Initiated GC) [PSYoungGen: 129861K->50956K(178176K)] 365571K->286884K(702464K), 0.0105369 secs] [Times: user=0.11 sys=0.00, real=0.01 secs] 
2016-09-13T19:49:08.717-0400: 117.907: [GC (GCLocker Initiated GC) [PSYoungGen: 148236K->26346K(179712K)] 391825K->276091K(704000K), 0.0093768 secs] [Times: user=0.10 sys=0.00, real=0.00 secs] 
2016-09-13T19:49:08.902-0400: 118.093: [GC (GCLocker Initiated GC) [PSYoungGen: 125162K->44699K(178176K)] 380984K->300651K(702464K), 0.0174423 secs] [Times: user=0.21 sys=0.01, real=0.02 secs] 
2016-09-13T19:49:09.070-0400: 118.260: [GC (GCLocker Initiated GC) [PSYoungGen: 143515K->35837K(179712K)] 405562K->298061K(704000K), 0.0181121 secs] [Times: user=0.23 sys=0.00, real=0.02 secs] 
2016-09-13T19:49:09.223-0400: 118.413: [GC (GCLocker Initiated GC) [PSYoungGen: 140797K->65933K(179200K)] 403167K->330142K(703488K), 0.0087633 secs] [Times: user=0.07 sys=0.00, real=0.01 secs] 
2016-09-13T19:49:09.376-0400: 118.567: [GC (GCLocker Initiated GC) [PSYoungGen: 170893K->47646K(183296K)] 435138K->316794K(707584K), 0.0101572 secs] [Times: user=0.10 sys=0.00, real=0.00 secs] 
2016-09-13T19:49:09.540-0400: 118.731: [GC (GCLocker Initiated GC) [PSYoungGen: 150046K->40148K(142848K)] 425373K->342998K(667136K), 0.0157548 secs] [Times: user=0.15 sys=0.00, real=0.02 secs] 
2016-09-13T19:49:09.703-0400: 118.893: [GC (GCLocker Initiated GC) [PSYoungGen: 142548K->49261K(178688K)] 445529K->352410K(702976K), 0.0122017 secs] [Times: user=0.11 sys=0.00, real=0.01 secs] 
2016-09-13T19:49:09.891-0400: 119.082: [GC (GCLocker Initiated GC) [PSYoungGen: 152173K->28087K(178176K)] 455341K->335990K(702464K), 0.0060550 secs] [Times: user=0.05 sys=0.00, real=0.01 secs] 
2016-09-13T19:49:10.064-0400: 119.254: [GC (GCLocker Initiated GC) [PSYoungGen: 130999K->27993K(185856K)] 452847K->356229K(710144K), 0.0167497 secs] [Times: user=0.18 sys=0.00, real=0.02 secs] 
2016-09-13T19:49:10.260-0400: 119.450: [GC (GCLocker Initiated GC) [PSYoungGen: 139609K->40212K(152064K)] 473954K->374737K(676352K), 0.0245314 secs] [Times: user=0.34 sys=0.00, real=0.02 secs] 
2016-09-13T19:49:10.446-0400: 119.637: [GC (GCLocker Initiated GC) [PSYoungGen: 151828K->41693K(186880K)] 488062K->388866K(711168K), 0.0079609 secs] [Times: user=0.07 sys=0.00, real=0.01 secs] 
2016-09-13T19:49:10.619-0400: 119.809: [GC (GCLocker Initiated GC) [PSYoungGen: 158429K->46218K(184320K)] 505778K->393726K(708608K), 0.0258558 secs] [Times: user=0.27 sys=0.00, real=0.02 secs] 
2016-09-13T19:49:10.817-0400: 120.007: [GC (GCLocker Initiated GC) [PSYoungGen: 162954K->64417K(182784K)] 510465K->412149K(707072K), 0.0088023 secs] [Times: user=0.09 sys=0.00, real=0.00 secs] 
2016-09-13T19:49:11.002-0400: 120.193: [GC (GCLocker Initiated GC) [PSYoungGen: 180129K->50746K(188928K)] 534138K->404870K(713216K), 0.0100727 secs] [Times: user=0.10 sys=0.00, real=0.01 secs] 
2016-09-13T19:49:11.181-0400: 120.371: [GC (GCLocker Initiated GC) [PSYoungGen: 166458K->44959K(183808K)] 520763K->399579K(708096K), 0.0102813 secs] [Times: user=0.09 sys=0.01, real=0.01 secs] 
2016-09-13T19:49:11.375-0400: 120.566: [GC (Allocation Failure) [PSYoungGen: 160671K->29580K(186368K)] 515540K->384659K(710656K), 0.0139826 secs] [Times: user=0.13 sys=0.02, real=0.02 secs] 
2016-09-13T19:49:11.562-0400: 120.752: [GC (GCLocker Initiated GC) [PSYoungGen: 145292K->67613K(179200K)] 500374K->422857K(703488K), 0.0088098 secs] [Times: user=0.13 sys=0.00, real=0.01 secs] 
2016-09-13T19:49:11.723-0400: 120.913: [GC (GCLocker Initiated GC) [PSYoungGen: 176157K->31183K(185344K)] 531635K->386847K(709632K), 0.0222701 secs] [Times: user=0.24 sys=0.01, real=0.02 secs] 
2016-09-13T19:49:11.914-0400: 121.104: [GC (GCLocker Initiated GC) [PSYoungGen: 139727K->46340K(179712K)] 501487K->408442K(704000K), 0.0096518 secs] [Times: user=0.09 sys=0.01, real=0.01 secs] 
2016-09-13T19:49:12.111-0400: 121.301: [GC (GCLocker Initiated GC) [PSYoungGen: 155396K->53970K(182784K)] 519042K->423941K(707072K), 0.0304380 secs] [Times: user=0.28 sys=0.01, real=0.03 secs] 
2016-09-13T19:49:12.316-0400: 121.506: [GC (GCLocker Initiated GC) [PSYoungGen: 163026K->23378K(186368K)] 533201K->407526K(710656K), 0.0361403 secs] [Times: user=0.42 sys=0.00, real=0.03 secs] 
2016-09-13T19:49:12.501-0400: 121.691: [GC (GCLocker Initiated GC) [PSYoungGen: 134994K->62866K(174592K)] 519379K->451961K(698880K), 0.0223187 secs] [Times: user=0.23 sys=0.00, real=0.02 secs] 
2016-09-13T19:49:12.687-0400: 121.877: [GC (GCLocker Initiated GC) [PSYoungGen: 174482K->32581K(183808K)] 569742K->428112K(708096K), 0.0100637 secs] [Times: user=0.09 sys=0.00, real=0.02 secs] 
2016-09-13T19:49:12.857-0400: 122.047: [GC (GCLocker Initiated GC) [PSYoungGen: 137029K->23464K(182784K)] 546475K->443774K(707072K), 0.0236371 secs] [Times: user=0.26 sys=0.00, real=0.02 secs] 
2016-09-13T19:49:13.033-0400: 122.223: [GC (GCLocker Initiated GC) [PSYoungGen: 127912K->40143K(177664K)] 548263K->460692K(701952K), 0.0116152 secs] [Times: user=0.10 sys=0.00, real=0.01 secs] 
2016-09-13T19:49:13.194-0400: 122.384: [GC (GCLocker Initiated GC) [PSYoungGen: 145615K->33977K(180224K)] 572425K->460933K(704512K), 0.0103867 secs] [Times: user=0.08 sys=0.01, real=0.01 secs] 
2016-09-13T19:49:13.337-0400: 122.527: [GC (GCLocker Initiated GC) [PSYoungGen: 139449K->50838K(187392K)] 566659K->485876K(711680K), 0.0135373 secs] [Times: user=0.12 sys=0.00, real=0.01 secs] 
2016-09-13T19:49:13.537-0400: 122.728: [GC (GCLocker Initiated GC) [PSYoungGen: 165526K->29443K(187904K)] 600589K->464707K(712192K), 0.0324320 secs] [Times: user=0.35 sys=0.00, real=0.03 secs] 
2016-09-13T19:49:13.733-0400: 122.923: [GC (GCLocker Initiated GC) [PSYoungGen: 144131K->61283K(180736K)] 579692K->504577K(705024K), 0.0219523 secs] [Times: user=0.22 sys=0.01, real=0.02 secs] 
2016-09-13T19:49:13.914-0400: 123.105: [GC (GCLocker Initiated GC) [PSYoungGen: 169827K->37233K(185344K)] 619401K->486887K(709632K), 0.0187775 secs] [Times: user=0.22 sys=0.00, real=0.02 secs] 
2016-09-13T19:49:14.105-0400: 123.296: [GC (GCLocker Initiated GC) [PSYoungGen: 145777K->61346K(179712K)] 595664K->511568K(704000K), 0.0180465 secs] [Times: user=0.17 sys=0.00, real=0.02 secs] 
2016-09-13T19:49:14.277-0400: 123.467: [GC (GCLocker Initiated GC) [PSYoungGen: 166818K->62829K(168448K)] 618599K->514744K(692736K), 0.0162646 secs] [Times: user=0.14 sys=0.01, real=0.01 secs] 
2016-09-13T19:49:14.446-0400: 123.636: [GC (GCLocker Initiated GC) [PSYoungGen: 168301K->20330K(179200K)] 623392K->484782K(703488K), 0.0088460 secs] [Times: user=0.07 sys=0.00, real=0.01 secs] 
2016-09-13T19:49:14.613-0400: 123.804: [GC (GCLocker Initiated GC) [PSYoungGen: 117610K->41693K(139264K)] 583821K->508133K(663552K), 0.0068563 secs] [Times: user=0.06 sys=0.00, real=0.01 secs] 
2016-09-13T19:49:14.775-0400: 123.965: [GC (GCLocker Initiated GC) [PSYoungGen: 138973K->26415K(177152K)] 605543K->493128K(701440K), 0.0213159 secs] [Times: user=0.21 sys=0.01, real=0.03 secs] 
2016-09-13T19:49:14.918-0400: 124.109: [GC (GCLocker Initiated GC) [PSYoungGen: 124719K->46122K(176640K)] 591666K->513205K(700928K), 0.0258886 secs] [Times: user=0.25 sys=0.00, real=0.02 secs] 
2016-09-13T19:49:15.125-0400: 124.315: [GC (Allocation Failure) [PSYoungGen: 144426K->40083K(180224K)] 611741K->507669K(704512K), 0.0104566 secs] [Times: user=0.10 sys=0.00, real=0.01 secs] 
2016-09-13T19:49:15.287-0400: 124.477: [GC (GCLocker Initiated GC) [PSYoungGen: 146531K->47736K(180736K)] 615636K->517023K(705024K), 0.0075854 secs] [Times: user=0.05 sys=0.01, real=0.01 secs] 
2016-09-13T19:49:15.423-0400: 124.614: [GC (GCLocker Initiated GC) [PSYoungGen: 155256K->49313K(188416K)] 624610K->518798K(712704K), 0.0205583 secs] [Times: user=0.18 sys=0.01, real=0.02 secs] 
2016-09-13T19:49:15.617-0400: 124.807: [GC (GCLocker Initiated GC) [PSYoungGen: 166049K->29516K(188416K)] 635556K->508526K(712704K), 0.0248153 secs] [Times: user=0.25 sys=0.00, real=0.02 secs] 
2016-09-13T19:49:15.809-0400: 124.999: [GC (GCLocker Initiated GC) [PSYoungGen: 146252K->35715K(187904K)] 625301K->528666K(712192K), 0.0216629 secs] [Times: user=0.28 sys=0.00, real=0.02 secs] 
2016-09-13T19:49:15.985-0400: 125.175: [GC (GCLocker Initiated GC) [PSYoungGen: 155011K->23596K(188928K)] 651018K->528969K(713216K), 0.0068662 secs] [Times: user=0.07 sys=0.00, real=0.01 secs] 
2016-09-13T19:49:16.164-0400: 125.354: [Full GC (Ergonomics) [PSYoungGen: 142892K->0K(188928K)] [ParOldGen: 514487K->34148K(524288K)] 657379K->34148K(713216K), [Metaspace: 44571K->44571K(1087488K)], 0.0615393 secs] [Times: user=0.36 sys=0.00, real=0.06 secs] 
2016-09-13T19:49:16.413-0400: 125.603: [GC (GCLocker Initiated GC) [PSYoungGen: 119296K->22326K(192512K)] 159686K->62717K(716800K), 0.0241872 secs] [Times: user=0.23 sys=0.01, real=0.03 secs] 
2016-09-13T19:49:16.603-0400: 125.793: [GC (GCLocker Initiated GC) [PSYoungGen: 145206K->31153K(154112K)] 191697K->87321K(678400K), 0.0100106 secs] [Times: user=0.09 sys=0.00, real=0.01 secs] 
2016-09-13T19:49:16.795-0400: 125.985: [GC (Allocation Failure) [PSYoungGen: 154033K->29608K(192512K)] 210379K->92192K(716800K), 0.0250457 secs] [Times: user=0.29 sys=0.00, real=0.03 secs] 
2016-09-13T19:49:17.011-0400: 126.201: [GC (GCLocker Initiated GC) [PSYoungGen: 151728K->23564K(190464K)] 220387K->92420K(714752K), 0.0139345 secs] [Times: user=0.12 sys=0.01, real=0.01 secs] 
2016-09-13T19:49:17.209-0400: 126.399: [GC (Allocation Failure) [PSYoungGen: 148492K->41869K(194560K)] 219082K->112734K(718848K), 0.0284976 secs] [Times: user=0.31 sys=0.00, real=0.03 secs] 
2016-09-13T19:49:17.415-0400: 126.605: [GC (GCLocker Initiated GC) [PSYoungGen: 171359K->50812K(194048K)] 242284K->121919K(718336K), 0.0067154 secs] [Times: user=0.08 sys=0.00, real=0.01 secs] 
2016-09-13T19:49:17.616-0400: 126.806: [GC (GCLocker Initiated GC) [PSYoungGen: 180348K->47864K(193024K)] 251682K->119270K(717312K), 0.0200309 secs] [Times: user=0.18 sys=0.01, real=0.02 secs] 
2016-09-13T19:49:17.850-0400: 127.040: [GC (GCLocker Initiated GC) [PSYoungGen: 173816K->46500K(194048K)] 246932K->127569K(718336K), 0.0243042 secs] [Times: user=0.26 sys=0.00, real=0.02 secs] 
2016-09-13T19:49:18.064-0400: 127.255: [GC (GCLocker Initiated GC) [PSYoungGen: 172452K->25179K(193024K)] 267419K->131050K(717312K), 0.0063454 secs] [Times: user=0.07 sys=0.00, real=0.01 secs] 
2016-09-13T19:49:18.271-0400: 127.462: [GC (GCLocker Initiated GC) [PSYoungGen: 151131K->28148K(193536K)] 263255K->140442K(717824K), 0.0070702 secs] [Times: user=0.07 sys=0.00, real=0.01 secs] 
2016-09-13T19:49:18.470-0400: 127.660: [GC (GCLocker Initiated GC) [PSYoungGen: 154100K->43275K(194048K)] 269672K->158985K(718336K), 0.0226308 secs] [Times: user=0.18 sys=0.00, real=0.02 secs] 
2016-09-13T19:49:18.689-0400: 127.879: [GC (GCLocker Initiated GC) [PSYoungGen: 171275K->41789K(194048K)] 287217K->157941K(718336K), 0.0099338 secs] [Times: user=0.10 sys=0.00, real=0.01 secs] 
2016-09-13T19:49:18.883-0400: 128.074: [GC (Allocation Failure) [PSYoungGen: 169789K->43239K(195072K)] 287502K->161228K(719360K), 0.0296435 secs] [Times: user=0.30 sys=0.00, real=0.03 secs] 
2016-09-13T19:49:19.103-0400: 128.293: [GC (GCLocker Initiated GC) [PSYoungGen: 170767K->41629K(194560K)] 294831K->171996K(718848K), 0.0222927 secs] [Times: user=0.23 sys=0.01, real=0.02 secs] 
2016-09-13T19:49:19.317-0400: 128.507: [GC (Allocation Failure) [PSYoungGen: 172189K->46468K(195584K)] 302659K->177222K(719872K), 0.0217141 secs] [Times: user=0.25 sys=0.00, real=0.02 secs] 
2016-09-13T19:49:19.553-0400: 128.744: [GC (GCLocker Initiated GC) [PSYoungGen: 179386K->9942K(196096K)] 316215K->146969K(720384K), 0.0125041 secs] [Times: user=0.10 sys=0.00, real=0.01 secs] 
2016-09-13T19:49:19.773-0400: 128.963: [GC (GCLocker Initiated GC) [PSYoungGen: 143062K->24860K(197120K)] 286393K->168391K(721408K), 0.0169717 secs] [Times: user=0.14 sys=0.00, real=0.02 secs] 
2016-09-13T19:49:19.982-0400: 129.172: [GC (GCLocker Initiated GC) [PSYoungGen: 155932K->27961K(159232K)] 305650K->177802K(683520K), 0.0115981 secs] [Times: user=0.10 sys=0.00, real=0.01 secs] 
2016-09-13T19:49:20.173-0400: 129.364: [GC (GCLocker Initiated GC) [PSYoungGen: 159033K->29515K(196608K)] 308899K->179554K(720896K), 0.0081831 secs] [Times: user=0.06 sys=0.00, real=0.01 secs] 
2016-09-13T19:49:20.443-0400: 129.633: [GC (GCLocker Initiated GC) [PSYoungGen: 162635K->28055K(194560K)] 318777K->184473K(718848K), 0.0103851 secs] [Times: user=0.10 sys=0.01, real=0.01 secs] 
2016-09-13T19:49:20.656-0400: 129.847: [GC (GCLocker Initiated GC) [PSYoungGen: 161175K->25013K(197632K)] 331291K->201543K(721920K), 0.0087381 secs] [Times: user=0.07 sys=0.00, real=0.00 secs] 
2016-09-13T19:49:20.892-0400: 130.083: [GC (GCLocker Initiated GC) [PSYoungGen: 163253K->56791K(196608K)] 339976K->245889K(720896K), 0.0271862 secs] [Times: user=0.27 sys=0.00, real=0.03 secs] 
2016-09-13T19:49:21.129-0400: 130.320: [GC (GCLocker Initiated GC) [PSYoungGen: 195031K->28147K(199168K)] 396392K->229631K(723456K), 0.0120295 secs] [Times: user=0.11 sys=0.00, real=0.01 secs] 
2016-09-13T19:49:21.311-0400: 130.502: [GC (GCLocker Initiated GC) [PSYoungGen: 162291K->59923K(194560K)] 363956K->274006K(718848K), 0.0193493 secs] [Times: user=0.19 sys=0.01, real=0.02 secs] 
2016-09-13T19:49:21.606-0400: 130.796: [GC (GCLocker Initiated GC) [PSYoungGen: 194067K->5184K(186368K)] 420650K->231847K(710656K), 0.0143098 secs] [Times: user=0.16 sys=0.00, real=0.02 secs] 
2016-09-13T19:49:21.786-0400: 130.976: [GC (Allocation Failure) [PSYoungGen: 123968K->46245K(165376K)] 350829K->273265K(689664K), 0.0070028 secs] [Times: user=0.06 sys=0.00, real=0.01 secs] 
2016-09-13T19:49:21.953-0400: 131.144: [GC (GCLocker Initiated GC) [PSYoungGen: 165029K->28178K(192000K)] 392052K->255539K(716288K), 0.0064721 secs] [Times: user=0.07 sys=0.00, real=0.01 secs] 
2016-09-13T19:49:22.162-0400: 131.353: [GC (GCLocker Initiated GC) [PSYoungGen: 147474K->46192K(189440K)] 376650K->275605K(713728K), 0.0160594 secs] [Times: user=0.17 sys=0.00, real=0.02 secs] 
2016-09-13T19:49:22.343-0400: 131.534: [GC (GCLocker Initiated GC) [PSYoungGen: 165488K->43212K(190976K)] 395128K->272990K(715264K), 0.0176911 secs] [Times: user=0.17 sys=0.00, real=0.02 secs] 
2016-09-13T19:49:22.546-0400: 131.737: [GC (GCLocker Initiated GC) [PSYoungGen: 163532K->46653K(190464K)] 395093K->278556K(714752K), 0.0190973 secs] [Times: user=0.19 sys=0.01, real=0.02 secs] 
2016-09-13T19:49:22.728-0400: 131.919: [GC (Allocation Failure) [PSYoungGen: 166973K->49261K(189440K)] 398996K->281589K(713728K), 0.0101663 secs] [Times: user=0.09 sys=0.00, real=0.01 secs] 
2016-09-13T19:49:22.739-0400: 131.929: [GC (GCLocker Initiated GC) [PSYoungGen: 49269K->96K(119296K)] 281597K->287506K(643584K), 0.0075305 secs] [Times: user=0.08 sys=0.00, real=0.00 secs] 
2016-09-13T19:49:22.915-0400: 132.105: [GC (GCLocker Initiated GC) [PSYoungGen: 118880K->74155K(166400K)] 406305K->361589K(690688K), 0.0105992 secs] [Times: user=0.09 sys=0.01, real=0.01 secs] 
2016-09-13T19:49:23.071-0400: 132.261: [GC (GCLocker Initiated GC) [PSYoungGen: 165291K->43090K(176640K)] 452752K->335654K(700928K), 0.0099901 secs] [Times: user=0.09 sys=0.00, real=0.01 secs] 
2016-09-13T19:49:23.229-0400: 132.419: [GC (GCLocker Initiated GC) [PSYoungGen: 134226K->53848K(176640K)] 428328K->364836K(700928K), 0.0105846 secs] [Times: user=0.13 sys=0.01, real=0.01 secs] 
2016-09-13T19:49:23.372-0400: 132.563: [GC (GCLocker Initiated GC) [PSYoungGen: 148056K->50902K(178176K)] 459069K->371235K(702464K), 0.0086580 secs] [Times: user=0.09 sys=0.01, real=0.01 secs] 
2016-09-13T19:49:23.514-0400: 132.705: [GC (GCLocker Initiated GC) [PSYoungGen: 145110K->72169K(171520K)] 465477K->398849K(695808K), 0.0092177 secs] [Times: user=0.11 sys=0.00, real=0.01 secs] 
2016-09-13T19:49:23.667-0400: 132.857: [GC (GCLocker Initiated GC) [PSYoungGen: 160233K->34221K(175104K)] 493024K->376408K(699392K), 0.0074045 secs] [Times: user=0.08 sys=0.01, real=0.01 secs] 
2016-09-13T19:49:23.837-0400: 133.027: [GC (GCLocker Initiated GC) [PSYoungGen: 122285K->58213K(175104K)] 466044K->406768K(699392K), 0.0181848 secs] [Times: user=0.16 sys=0.00, real=0.01 secs] 
2016-09-13T19:49:23.986-0400: 133.176: [GC (GCLocker Initiated GC) [PSYoungGen: 146277K->11195K(175104K)] 496373K->361431K(699392K), 0.0230713 secs] [Times: user=0.24 sys=0.00, real=0.03 secs] 
2016-09-13T19:49:24.132-0400: 133.323: [GC (GCLocker Initiated GC) [PSYoungGen: 99259K->46318K(175104K)] 449698K->396998K(699392K), 0.0246070 secs] [Times: user=0.30 sys=0.00, real=0.03 secs] 
2016-09-13T19:49:24.314-0400: 133.504: [GC (GCLocker Initiated GC) [PSYoungGen: 134382K->32496K(120832K)] 499048K->397396K(645120K), 0.0159857 secs] [Times: user=0.22 sys=0.00, real=0.02 secs] 
2016-09-13T19:49:24.463-0400: 133.654: [GC (GCLocker Initiated GC) [PSYoungGen: 120560K->28211K(174080K)] 499272K->411607K(698368K), 0.0077884 secs] [Times: user=0.08 sys=0.00, real=0.01 secs] 
2016-09-13T19:49:24.599-0400: 133.789: [GC (GCLocker Initiated GC) [PSYoungGen: 118323K->17552K(172032K)] 501863K->406023K(696320K), 0.0183031 secs] [Times: user=0.20 sys=0.00, real=0.02 secs] 
2016-09-13T19:49:24.731-0400: 133.922: [GC (GCLocker Initiated GC) [PSYoungGen: 107664K->62807K(171008K)] 496314K->451631K(695296K), 0.0122364 secs] [Times: user=0.13 sys=0.02, real=0.01 secs] 
2016-09-13T19:49:24.883-0400: 134.074: [GC (GCLocker Initiated GC) [PSYoungGen: 151895K->29575K(175616K)] 546916K->424726K(699904K), 0.0159477 secs] [Times: user=0.18 sys=0.01, real=0.02 secs] 
2016-09-13T19:49:25.040-0400: 134.231: [GC (GCLocker Initiated GC) [PSYoungGen: 118663K->47645K(170496K)] 513845K->455360K(694784K), 0.0113967 secs] [Times: user=0.10 sys=0.00, real=0.01 secs] 
2016-09-13T19:49:25.180-0400: 134.371: [GC (GCLocker Initiated GC) [PSYoungGen: 139293K->17180K(174080K)] 547024K->431211K(698368K), 0.0167665 secs] [Times: user=0.19 sys=0.00, real=0.02 secs] 
2016-09-13T19:49:25.314-0400: 134.504: [GC (GCLocker Initiated GC) [PSYoungGen: 108828K->61469K(171520K)] 523074K->480425K(695808K), 0.0081639 secs] [Times: user=0.07 sys=0.00, real=0.01 secs] 
2016-09-13T19:49:25.468-0400: 134.659: [GC (GCLocker Initiated GC) [PSYoungGen: 150557K->43311K(175616K)] 572810K->465832K(699904K), 0.0078038 secs] [Times: user=0.06 sys=0.00, real=0.01 secs] 
2016-09-13T19:49:25.619-0400: 134.809: [GC (GCLocker Initiated GC) [PSYoungGen: 132399K->70709K(171008K)] 554979K->493514K(695296K), 0.0111990 secs] [Times: user=0.13 sys=0.00, real=0.01 secs] 
2016-09-13T19:49:25.777-0400: 134.967: [GC (GCLocker Initiated GC) [PSYoungGen: 158773K->49224K(175104K)] 581600K->476750K(699392K), 0.0219434 secs] [Times: user=0.23 sys=0.00, real=0.02 secs] 
2016-09-13T19:49:25.908-0400: 135.099: [GC (GCLocker Initiated GC) [PSYoungGen: 137288K->43058K(167936K)] 571192K->501409K(692224K), 0.0096598 secs] [Times: user=0.08 sys=0.00, real=0.01 secs] 
2016-09-13T19:49:26.060-0400: 135.251: [GC (GCLocker Initiated GC) [PSYoungGen: 131122K->31126K(171520K)] 601841K->506556K(695808K), 0.0221023 secs] [Times: user=0.24 sys=0.00, real=0.02 secs] 
2016-09-13T19:49:26.212-0400: 135.402: [GC (Allocation Failure) [PSYoungGen: 119190K->43180K(168960K)] 594687K->518847K(693248K), 0.0089358 secs] [Times: user=0.07 sys=0.00, real=0.01 secs] 
2016-09-13T19:49:26.355-0400: 135.545: [GC (GCLocker Initiated GC) [PSYoungGen: 139948K->32585K(174592K)] 615616K->508521K(698880K), 0.0136468 secs] [Times: user=0.14 sys=0.00, real=0.02 secs] 
2016-09-13T19:49:26.519-0400: 135.710: [GC (GCLocker Initiated GC) [PSYoungGen: 129353K->43152K(176640K)] 606988K->520976K(700928K), 0.0153912 secs] [Times: user=0.14 sys=0.00, real=0.01 secs] 
2016-09-13T19:49:26.735-0400: 135.926: [GC (GCLocker Initiated GC) [PSYoungGen: 151184K->50806K(181248K)] 630560K->530545K(705536K), 0.0072303 secs] [Times: user=0.06 sys=0.00, real=0.01 secs] 
2016-09-13T19:49:26.875-0400: 136.065: [GC (GCLocker Initiated GC) [PSYoungGen: 158838K->52394K(187392K)] 638784K->537050K(711680K), 0.0184755 secs] [Times: user=0.23 sys=0.01, real=0.02 secs] 
2016-09-13T19:49:27.061-0400: 136.251: [GC (GCLocker Initiated GC) [PSYoungGen: 166058K->58462K(172544K)] 650875K->546519K(696832K), 0.0107804 secs] [Times: user=0.06 sys=0.00, real=0.01 secs] 
2016-09-13T19:49:27.257-0400: 136.447: [GC (GCLocker Initiated GC) [PSYoungGen: 172126K->26415K(184832K)] 672419K->527038K(709120K), 0.0110859 secs] [Times: user=0.07 sys=0.00, real=0.01 secs] 
2016-09-13T19:49:27.446-0400: 136.637: [GC (Allocation Failure) [PSYoungGen: 134959K->23466K(185344K)] 637339K->526027K(709632K), 0.0080631 secs] [Times: user=0.08 sys=0.00, real=0.01 secs] 
2016-09-13T19:49:27.601-0400: 136.792: [GC (GCLocker Initiated GC) [PSYoungGen: 127313K->27966K(182272K)] 635950K->536846K(706560K), 0.0337197 secs] [Times: user=0.42 sys=0.00, real=0.03 secs] 
2016-09-13T19:49:27.803-0400: 136.993: [Full GC (Ergonomics) [PSYoungGen: 136510K->0K(182272K)] [ParOldGen: 515181K->40579K(524288K)] 651691K->40579K(706560K), [Metaspace: 44607K->44607K(1087488K)], 0.0656748 secs] [Times: user=0.34 sys=0.02, real=0.07 secs] 
2016-09-13T19:49:28.017-0400: 137.207: [GC (GCLocker Initiated GC) [PSYoungGen: 106521K->70986K(179712K)] 153176K->135865K(704000K), 0.0110400 secs] [Times: user=0.15 sys=0.00, real=0.01 secs] 
2016-09-13T19:49:28.185-0400: 137.375: [GC (GCLocker Initiated GC) [PSYoungGen: 179530K->29671K(180736K)] 250510K->143575K(705024K), 0.0153008 secs] [Times: user=0.17 sys=0.00, real=0.02 secs] 
2016-09-13T19:49:28.353-0400: 137.543: [GC (GCLocker Initiated GC) [PSYoungGen: 127975K->50779K(149504K)] 243431K->168045K(673792K), 0.0146240 secs] [Times: user=0.12 sys=0.00, real=0.01 secs] 
2016-09-13T19:49:28.494-0400: 137.685: [GC (GCLocker Initiated GC) [PSYoungGen: 149083K->44858K(182272K)] 266640K->176384K(706560K), 0.0142846 secs] [Times: user=0.14 sys=0.00, real=0.02 secs] 
2016-09-13T19:49:28.650-0400: 137.840: [GC (GCLocker Initiated GC) [PSYoungGen: 146234K->14420K(179200K)] 277911K->146347K(703488K), 0.0105321 secs] [Times: user=0.13 sys=0.00, real=0.01 secs] 
2016-09-13T19:49:28.804-0400: 137.994: [GC (GCLocker Initiated GC) [PSYoungGen: 115796K->41629K(179712K)] 247859K->173764K(704000K), 0.0339455 secs] [Times: user=0.36 sys=0.00, real=0.04 secs] 
2016-09-13T19:49:29.013-0400: 138.204: [GC (GCLocker Initiated GC) [PSYoungGen: 146589K->14387K(181248K)] 286353K->154460K(705536K), 0.0100985 secs] [Times: user=0.09 sys=0.00, real=0.01 secs] 
2016-09-13T19:49:29.188-0400: 138.379: [GC (Allocation Failure) [PSYoungGen: 119347K->44817K(184320K)] 259462K->194269K(708608K), 0.0089599 secs] [Times: user=0.07 sys=0.00, real=0.01 secs] 
2016-09-13T19:49:29.369-0400: 138.559: [GC (GCLocker Initiated GC) [PSYoungGen: 152670K->6857K(184832K)] 308198K->176317K(709120K), 0.0168349 secs] [Times: user=0.20 sys=0.00, real=0.01 secs] 
2016-09-13T19:49:29.570-0400: 138.760: [GC (GCLocker Initiated GC) [PSYoungGen: 115913K->10085K(184832K)] 293210K->187644K(709120K), 0.0033468 secs] [Times: user=0.03 sys=0.00, real=0.00 secs] 
2016-09-13T19:49:29.729-0400: 138.919: [GC (GCLocker Initiated GC) [PSYoungGen: 117605K->49233K(157184K)] 295211K->226977K(681472K), 0.0122765 secs] [Times: user=0.14 sys=0.01, real=0.01 secs] 
2016-09-13T19:49:29.903-0400: 139.093: [GC (GCLocker Initiated GC) [PSYoungGen: 156753K->29421K(186880K)] 340597K->219526K(711168K), 0.0241142 secs] [Times: user=0.22 sys=0.01, real=0.02 secs] 
2016-09-13T19:49:30.078-0400: 139.269: [GC (GCLocker Initiated GC) [PSYoungGen: 137453K->47832K(183296K)] 327760K->239820K(707584K), 0.0094935 secs] [Times: user=0.08 sys=0.00, real=0.01 secs] 
2016-09-13T19:49:30.238-0400: 139.428: [GC (GCLocker Initiated GC) [PSYoungGen: 155864K->34072K(182272K)] 349395K->233895K(706560K), 0.0310154 secs] [Times: user=0.32 sys=0.00, real=0.03 secs] 
2016-09-13T19:49:30.441-0400: 139.632: [GC (GCLocker Initiated GC) [PSYoungGen: 144664K->46185K(183296K)] 346115K->250855K(707584K), 0.0241933 secs] [Times: user=0.20 sys=0.00, real=0.02 secs] 
2016-09-13T19:49:30.619-0400: 139.809: [GC (GCLocker Initiated GC) [PSYoungGen: 156777K->58527K(180224K)] 363167K->266685K(704512K), 0.0148600 secs] [Times: user=0.15 sys=0.00, real=0.01 secs] 
2016-09-13T19:49:30.782-0400: 139.972: [GC (Allocation Failure) [PSYoungGen: 166047K->32549K(184832K)] 375910K->242630K(709120K), 0.0104221 secs] [Times: user=0.09 sys=0.00, real=0.01 secs] 
2016-09-13T19:49:30.944-0400: 140.135: [GC (GCLocker Initiated GC) [PSYoungGen: 140069K->44766K(180736K)] 350150K->255036K(705024K), 0.0327134 secs] [Times: user=0.36 sys=0.00, real=0.04 secs] 
2016-09-13T19:49:31.125-0400: 140.315: [GC (GCLocker Initiated GC) [PSYoungGen: 154846K->50716K(183808K)] 365197K->261340K(708096K), 0.0085404 secs] [Times: user=0.07 sys=0.00, real=0.01 secs] 
2016-09-13T19:49:31.331-0400: 140.521: [GC (GCLocker Initiated GC) [PSYoungGen: 160796K->41730K(183296K)] 372988K->261636K(707584K), 0.0070710 secs] [Times: user=0.08 sys=0.00, real=0.01 secs] 
2016-09-13T19:49:31.525-0400: 140.715: [GC (GCLocker Initiated GC) [PSYoungGen: 155394K->46281K(185344K)] 387710K->278890K(709632K), 0.0218411 secs] [Times: user=0.25 sys=0.01, real=0.02 secs] 
2016-09-13T19:49:31.748-0400: 140.938: [GC (GCLocker Initiated GC) [PSYoungGen: 159945K->23663K(188928K)] 403369K->290133K(713216K), 0.0082033 secs] [Times: user=0.06 sys=0.00, real=0.01 secs] 
2016-09-13T19:49:31.935-0400: 141.126: [GC (Allocation Failure) [PSYoungGen: 142959K->29415K(189952K)] 409683K->296340K(714240K), 0.0327298 secs] [Times: user=0.36 sys=0.00, real=0.04 secs] 
2016-09-13T19:49:31.968-0400: 141.159: [GC (GCLocker Initiated GC) [PSYoungGen: 29421K->32K(185856K)] 296346K->294719K(710144K), 0.0094053 secs] [Times: user=0.08 sys=0.00, real=0.01 secs] 
2016-09-13T19:49:32.118-0400: 141.308: [GC (GCLocker Initiated GC) [PSYoungGen: 113586K->52542K(169472K)] 414348K->353304K(693760K), 0.0320311 secs] [Times: user=0.29 sys=0.00, real=0.03 secs] 
2016-09-13T19:49:32.319-0400: 141.509: [GC (GCLocker Initiated GC) [PSYoungGen: 169278K->66093K(172032K)] 471797K->375267K(696320K), 0.0134542 secs] [Times: user=0.17 sys=0.00, real=0.01 secs] 
2016-09-13T19:49:32.489-0400: 141.680: [GC (GCLocker Initiated GC) [PSYoungGen: 162349K->44768K(179200K)] 471778K->354339K(703488K), 0.0207168 secs] [Times: user=0.22 sys=0.00, real=0.02 secs] 
2016-09-13T19:49:32.643-0400: 141.834: [GC (GCLocker Initiated GC) [PSYoungGen: 141024K->58565K(175616K)] 450693K->368487K(699904K), 0.0102485 secs] [Times: user=0.15 sys=0.00, real=0.01 secs] 
2016-09-13T19:49:32.769-0400: 141.959: [GC (Allocation Failure) [PSYoungGen: 153797K->49510K(178688K)] 463901K->372104K(702976K), 0.0100037 secs] [Times: user=0.12 sys=0.00, real=0.01 secs] 
2016-09-13T19:49:32.931-0400: 142.121: [GC (GCLocker Initiated GC) [PSYoungGen: 144742K->41821K(169472K)] 468854K->393592K(693760K), 0.0222460 secs] [Times: user=0.26 sys=0.01, real=0.02 secs] 
2016-09-13T19:49:33.102-0400: 142.292: [GC (GCLocker Initiated GC) [PSYoungGen: 138077K->14446K(174592K)] 508265K->384919K(698880K), 0.0049420 secs] [Times: user=0.03 sys=0.00, real=0.00 secs] 
2016-09-13T19:49:33.275-0400: 142.466: [GC (GCLocker Initiated GC) [PSYoungGen: 110702K->59795K(175616K)] 481207K->430481K(699904K), 0.0261430 secs] [Times: user=0.21 sys=0.00, real=0.03 secs] 
2016-09-13T19:49:33.442-0400: 142.633: [GC (GCLocker Initiated GC) [PSYoungGen: 156051K->43212K(179200K)] 527009K->422047K(703488K), 0.0219196 secs] [Times: user=0.20 sys=0.00, real=0.02 secs] 
2016-09-13T19:49:33.591-0400: 142.781: [GC (GCLocker Initiated GC) [PSYoungGen: 139468K->41630K(172032K)] 520006K->422561K(696320K), 0.0166702 secs] [Times: user=0.17 sys=0.00, real=0.02 secs] 
2016-09-13T19:49:33.736-0400: 142.927: [GC (GCLocker Initiated GC) [PSYoungGen: 141470K->62866K(175616K)] 522542K->444068K(699904K), 0.0162389 secs] [Times: user=0.16 sys=0.00, real=0.01 secs] 
2016-09-13T19:49:33.891-0400: 143.082: [GC (GCLocker Initiated GC) [PSYoungGen: 162706K->44890K(183296K)] 543981K->432435K(707584K), 0.0135622 secs] [Times: user=0.14 sys=0.01, real=0.01 secs] 
2016-09-13T19:49:34.078-0400: 143.268: [GC (GCLocker Initiated GC) [PSYoungGen: 149338K->24891K(181760K)] 543216K->423601K(706048K), 0.0071324 secs] [Times: user=0.04 sys=0.00, real=0.00 secs] 
2016-09-13T19:49:34.248-0400: 143.439: [GC (GCLocker Initiated GC) [PSYoungGen: 129339K->14419K(181248K)] 531105K->416470K(705536K), 0.0140954 secs] [Times: user=0.12 sys=0.01, real=0.01 secs] 
2016-09-13T19:49:34.426-0400: 143.616: [GC (GCLocker Initiated GC) [PSYoungGen: 118867K->31094K(182784K)] 528551K->448597K(707072K), 0.0110631 secs] [Times: user=0.09 sys=0.00, real=0.02 secs] 
2016-09-13T19:49:34.596-0400: 143.787: [GC (GCLocker Initiated GC) [PSYoungGen: 135542K->21827K(182784K)] 554607K->447220K(707072K), 0.0072478 secs] [Times: user=0.05 sys=0.00, real=0.00 secs] 
2016-09-13T19:49:34.787-0400: 143.977: [GC (Allocation Failure) [PSYoungGen: 129859K->38501K(182784K)] 556997K->465784K(707072K), 0.0300806 secs] [Times: user=0.29 sys=0.00, real=0.04 secs] 
2016-09-13T19:49:35.002-0400: 144.192: [GC (GCLocker Initiated GC) [PSYoungGen: 143834K->14233K(183808K)] 577192K->447801K(708096K), 0.0098188 secs] [Times: user=0.09 sys=0.00, real=0.01 secs] 
2016-09-13T19:49:35.161-0400: 144.351: [GC (GCLocker Initiated GC) [PSYoungGen: 126361K->58272K(184320K)] 561676K->493798K(708608K), 0.0206639 secs] [Times: user=0.22 sys=0.00, real=0.02 secs] 
2016-09-13T19:49:35.315-0400: 144.506: [GC (GCLocker Initiated GC) [PSYoungGen: 170400K->66062K(171520K)] 606190K->502041K(695808K), 0.0223390 secs] [Times: user=0.27 sys=0.01, real=0.03 secs] 
2016-09-13T19:49:35.480-0400: 144.671: [GC (Allocation Failure) [PSYoungGen: 160270K->59923K(154624K)] 596478K->496360K(678912K), 0.0173888 secs] [Times: user=0.16 sys=0.00, real=0.02 secs] 
2016-09-13T19:49:35.633-0400: 144.823: [GC (GCLocker Initiated GC) [PSYoungGen: 154024K->26287K(177152K)] 591979K->464436K(701440K), 0.0304185 secs] [Times: user=0.35 sys=0.01, real=0.03 secs] 
2016-09-13T19:49:35.801-0400: 144.991: [GC (GCLocker Initiated GC) [PSYoungGen: 116399K->23313K(113664K)] 562389K->469521K(637952K), 0.0120587 secs] [Times: user=0.12 sys=0.00, real=0.01 secs] 
2016-09-13T19:49:35.936-0400: 145.127: [GC (GCLocker Initiated GC) [PSYoungGen: 113425K->76471K(169984K)] 561212K->524533K(694272K), 0.0238371 secs] [Times: user=0.23 sys=0.01, real=0.02 secs] 
2016-09-13T19:49:36.072-0400: 145.262: [GC (GCLocker Initiated GC) [PSYoungGen: 162999K->46351K(173568K)] 612778K->547996K(697856K), 0.0109591 secs] [Times: user=0.09 sys=0.00, real=0.01 secs] 
2016-09-13T19:49:36.083-0400: 145.273: [Full GC (Ergonomics) [PSYoungGen: 46351K->0K(173568K)] [ParOldGen: 501645K->42628K(524288K)] 547996K->42628K(697856K), [Metaspace: 44628K->44628K(1087488K)], 0.0694606 secs] [Times: user=0.35 sys=0.01, real=0.07 secs] 
2016-09-13T19:49:36.267-0400: 145.458: [GC (GCLocker Initiated GC) [PSYoungGen: 86528K->69068K(175104K)] 130766K->113306K(699392K), 0.0078040 secs] [Times: user=0.06 sys=0.01, real=0.01 secs] 
2016-09-13T19:49:36.382-0400: 145.573: [GC (GCLocker Initiated GC) [PSYoungGen: 157132K->47992K(175104K)] 201584K->120186K(699392K), 0.0084921 secs] [Times: user=0.10 sys=0.00, real=0.01 secs] 
2016-09-13T19:49:36.531-0400: 145.722: [GC (GCLocker Initiated GC) [PSYoungGen: 136056K->26643K(175104K)] 209849K->123388K(699392K), 0.0107083 secs] [Times: user=0.09 sys=0.00, real=0.01 secs] 
2016-09-13T19:49:36.675-0400: 145.866: [GC (GCLocker Initiated GC) [PSYoungGen: 114707K->46154K(134656K)] 211670K->143339K(658944K), 0.0165211 secs] [Times: user=0.17 sys=0.00, real=0.02 secs] 
2016-09-13T19:49:36.816-0400: 146.006: [GC (GCLocker Initiated GC) [PSYoungGen: 134218K->21767K(173568K)] 240604K->128326K(697856K), 0.0292181 secs] [Times: user=0.34 sys=0.00, real=0.02 secs] 
2016-09-13T19:49:36.959-0400: 146.149: [GC (GCLocker Initiated GC) [PSYoungGen: 109831K->53912K(173568K)] 218049K->162389K(697856K), 0.0101406 secs] [Times: user=0.11 sys=0.00, real=0.01 secs] 
2016-09-13T19:49:37.090-0400: 146.281: [GC (GCLocker Initiated GC) [PSYoungGen: 141976K->41789K(168448K)] 252105K->177930K(692736K), 0.0079095 secs] [Times: user=0.06 sys=0.00, real=0.01 secs] 
2016-09-13T19:49:37.239-0400: 146.430: [GC (Allocation Failure) [PSYoungGen: 132925K->41634K(172544K)] 272271K->181166K(696832K), 0.0419072 secs] [Times: user=0.43 sys=0.00, real=0.04 secs] 
2016-09-13T19:49:37.414-0400: 146.604: [GC (Allocation Failure) [PSYoungGen: 132770K->63078K(176128K)] 272302K->202732K(700416K), 0.0079279 secs] [Times: user=0.07 sys=0.00, real=0.01 secs] 
2016-09-13T19:49:37.555-0400: 146.746: [GC (GCLocker Initiated GC) [PSYoungGen: 161382K->43121K(180224K)] 301039K->183038K(704512K), 0.0184855 secs] [Times: user=0.22 sys=0.00, real=0.02 secs] 
2016-09-13T19:49:37.714-0400: 146.904: [GC (GCLocker Initiated GC) [PSYoungGen: 141425K->50874K(177664K)] 284419K->212401K(701952K), 0.0085082 secs] [Times: user=0.08 sys=0.00, real=0.01 secs] 
2016-09-13T19:49:37.899-0400: 147.090: [GC (GCLocker Initiated GC) [PSYoungGen: 152762K->11451K(179200K)] 321893K->194489K(703488K), 0.0192009 secs] [Times: user=0.21 sys=0.01, real=0.02 secs] 
2016-09-13T19:49:38.088-0400: 147.279: [GC (GCLocker Initiated GC) [PSYoungGen: 113339K->44666K(182272K)] 296409K->230984K(706560K), 0.0279342 secs] [Times: user=0.38 sys=0.00, real=0.03 secs] 
2016-09-13T19:49:38.257-0400: 147.447: [GC (GCLocker Initiated GC) [PSYoungGen: 149626K->32528K(182272K)] 342161K->240500K(706560K), 0.0107761 secs] [Times: user=0.14 sys=0.00, real=0.00 secs] 
2016-09-13T19:49:38.432-0400: 147.622: [GC (GCLocker Initiated GC) [PSYoungGen: 137488K->25178K(183296K)] 353243K->253187K(707584K), 0.0106399 secs] [Times: user=0.13 sys=0.00, real=0.01 secs] 
2016-09-13T19:49:38.586-0400: 147.776: [GC (GCLocker Initiated GC) [PSYoungGen: 133210K->34041K(182784K)] 362782K->263889K(707072K), 0.0174560 secs] [Times: user=0.19 sys=0.00, real=0.02 secs] 
2016-09-13T19:49:38.760-0400: 147.951: [GC (GCLocker Initiated GC) [PSYoungGen: 142073K->37104K(184320K)] 372016K->279406K(708608K), 0.0187998 secs] [Times: user=0.20 sys=0.01, real=0.02 secs] 
2016-09-13T19:49:38.956-0400: 148.147: [GC (Allocation Failure) [PSYoungGen: 152304K->12710K(184320K)] 406879K->267545K(708608K), 0.0059837 secs] [Times: user=0.04 sys=0.00, real=0.00 secs] 
2016-09-13T19:49:39.149-0400: 148.340: [GC (GCLocker Initiated GC) [PSYoungGen: 127910K->46409K(190464K)] 382748K->305982K(714752K), 0.0206797 secs] [Times: user=0.22 sys=0.00, real=0.02 secs] 
2016-09-13T19:49:39.330-0400: 148.520: [GC (Allocation Failure) [PSYoungGen: 166217K->46382K(190976K)] 425802K->306176K(715264K), 0.0123614 secs] [Times: user=0.10 sys=0.00, real=0.01 secs] 
2016-09-13T19:49:39.522-0400: 148.713: [GC (GCLocker Initiated GC) [PSYoungGen: 166190K->62993K(179712K)] 425999K->329060K(704000K), 0.0154983 secs] [Times: user=0.16 sys=0.00, real=0.02 secs] 
2016-09-13T19:49:39.713-0400: 148.904: [GC (GCLocker Initiated GC) [PSYoungGen: 171537K->46436K(185344K)] 445428K->320552K(709632K), 0.0073585 secs] [Times: user=0.09 sys=0.00, real=0.01 secs] 
2016-09-13T19:49:39.904-0400: 149.095: [GC (GCLocker Initiated GC) [PSYoungGen: 154980K->46415K(181760K)] 429373K->321174K(706048K), 0.0208259 secs] [Times: user=0.20 sys=0.00, real=0.02 secs] 
2016-09-13T19:49:40.104-0400: 149.294: [GC (GCLocker Initiated GC) [PSYoungGen: 156495K->14265K(184320K)] 443685K->301688K(708608K), 0.0047667 secs] [Times: user=0.03 sys=0.00, real=0.01 secs] 
2016-09-13T19:49:40.272-0400: 149.463: [GC (GCLocker Initiated GC) [PSYoungGen: 124345K->49196K(185856K)] 413456K->343073K(710144K), 0.0286914 secs] [Times: user=0.32 sys=0.00, real=0.03 secs] 
2016-09-13T19:49:40.463-0400: 149.653: [GC (Allocation Failure) [PSYoungGen: 159788K->23490K(134144K)] 459940K->323780K(658432K), 0.0055644 secs] [Times: user=0.04 sys=0.00, real=0.01 secs] 
2016-09-13T19:49:40.651-0400: 149.841: [GC (GCLocker Initiated GC) [PSYoungGen: 132281K->14391K(185344K)] 438646K->321012K(709632K), 0.0040396 secs] [Times: user=0.03 sys=0.01, real=0.00 secs] 
2016-09-13T19:49:40.831-0400: 150.022: [GC (GCLocker Initiated GC) [PSYoungGen: 124983K->37206K(147968K)] 431632K->344175K(672256K), 0.0123856 secs] [Times: user=0.11 sys=0.02, real=0.01 secs] 
2016-09-13T19:49:41.029-0400: 150.220: [GC (GCLocker Initiated GC) [PSYoungGen: 147798K->24923K(185344K)] 460896K->350454K(709632K), 0.0238851 secs] [Times: user=0.23 sys=0.01, real=0.02 secs] 
2016-09-13T19:49:41.243-0400: 150.433: [GC (GCLocker Initiated GC) [PSYoungGen: 138587K->62738K(183808K)] 464130K->391645K(708096K), 0.0090039 secs] [Times: user=0.07 sys=0.00, real=0.01 secs] 
2016-09-13T19:49:41.402-0400: 150.592: [GC (GCLocker Initiated GC) [PSYoungGen: 176402K->41603K(187392K)] 513073K->378452K(711680K), 0.0066767 secs] [Times: user=0.04 sys=0.00, real=0.01 secs] 
2016-09-13T19:49:41.589-0400: 150.780: [GC (Allocation Failure) [PSYoungGen: 152195K->5238K(185344K)] 496730K->349946K(709632K), 0.0195914 secs] [Times: user=0.22 sys=0.00, real=0.02 secs] 
2016-09-13T19:49:41.757-0400: 150.948: [GC (GCLocker Initiated GC) [PSYoungGen: 111474K->23489K(184832K)] 462257K->374482K(709120K), 0.0102639 secs] [Times: user=0.10 sys=0.00, real=0.01 secs] 
2016-09-13T19:49:41.949-0400: 151.140: [GC (GCLocker Initiated GC) [PSYoungGen: 134593K->6634K(185344K)] 497783K->370004K(709632K), 0.0119406 secs] [Times: user=0.12 sys=0.00, real=0.01 secs] 
2016-09-13T19:49:42.144-0400: 151.334: [GC (GCLocker Initiated GC) [PSYoungGen: 117738K->30967K(180224K)] 487382K->400828K(704512K), 0.0337896 secs] [Times: user=0.35 sys=0.00, real=0.04 secs] 
2016-09-13T19:49:42.327-0400: 151.517: [GC (GCLocker Initiated GC) [PSYoungGen: 144119K->52267K(183808K)] 514100K->423937K(708096K), 0.0068374 secs] [Times: user=0.06 sys=0.00, real=0.01 secs] 
2016-09-13T19:49:42.530-0400: 151.720: [GC (GCLocker Initiated GC) [PSYoungGen: 165419K->41666K(188416K)] 538617K->424222K(712704K), 0.0228561 secs] [Times: user=0.26 sys=0.00, real=0.02 secs] 
2016-09-13T19:49:42.705-0400: 151.895: [GC (GCLocker Initiated GC) [PSYoungGen: 155842K->43431K(157696K)] 544564K->432421K(681984K), 0.0280035 secs] [Times: user=0.36 sys=0.00, real=0.03 secs] 
2016-09-13T19:49:42.913-0400: 152.104: [GC (GCLocker Initiated GC) [PSYoungGen: 157607K->32581K(190976K)] 558780K->433891K(715264K), 0.0150770 secs] [Times: user=0.12 sys=0.01, real=0.02 secs] 
2016-09-13T19:49:43.111-0400: 152.302: [GC (GCLocker Initiated GC) [PSYoungGen: 150341K->27998K(145920K)] 559449K->446495K(670208K), 0.0194514 secs] [Times: user=0.19 sys=0.00, real=0.02 secs] 
2016-09-13T19:49:43.323-0400: 152.513: [GC (GCLocker Initiated GC) [PSYoungGen: 145758K->46158K(185856K)] 564347K->464952K(710144K), 0.0085200 secs] [Times: user=0.05 sys=0.00, real=0.01 secs] 
2016-09-13T19:49:43.512-0400: 152.702: [GC (GCLocker Initiated GC) [PSYoungGen: 164430K->34286K(186880K)] 590891K->465619K(711168K), 0.0097130 secs] [Times: user=0.10 sys=0.00, real=0.01 secs] 
2016-09-13T19:49:43.713-0400: 152.903: [GC (GCLocker Initiated GC) [PSYoungGen: 152558K->40301K(192512K)] 596212K->491798K(716800K), 0.0164749 secs] [Times: user=0.19 sys=0.01, real=0.02 secs] 
2016-09-13T19:49:43.918-0400: 153.108: [GC (GCLocker Initiated GC) [PSYoungGen: 167277K->61566K(188928K)] 618776K->524008K(713216K), 0.0210548 secs] [Times: user=0.26 sys=0.01, real=0.02 secs] 
2016-09-13T19:49:44.135-0400: 153.325: [GC (GCLocker Initiated GC) [PSYoungGen: 188542K->32427K(193536K)] 651006K->495038K(717824K), 0.0300211 secs] [Times: user=0.39 sys=0.00, real=0.03 secs] 
2016-09-13T19:49:44.341-0400: 153.532: [GC (GCLocker Initiated GC) [PSYoungGen: 154795K->28238K(151040K)] 623582K->510789K(675328K), 0.0076126 secs] [Times: user=0.07 sys=0.01, real=0.01 secs] 
2016-09-13T19:49:44.523-0400: 153.714: [GC (GCLocker Initiated GC) [PSYoungGen: 150606K->55526K(185344K)] 633269K->538599K(709632K), 0.0086570 secs] [Times: user=0.10 sys=0.00, real=0.01 secs] 
2016-09-13T19:49:44.736-0400: 153.926: [GC (GCLocker Initiated GC) [PSYoungGen: 173798K->47672K(189440K)] 658488K->543136K(713728K), 0.0193313 secs] [Times: user=0.22 sys=0.00, real=0.01 secs] 
2016-09-13T19:49:44.930-0400: 154.120: [GC (GCLocker Initiated GC) [PSYoungGen: 165944K->61278K(180736K)] 661551K->560095K(705024K), 0.0110812 secs] [Times: user=0.09 sys=0.01, real=0.01 secs] 
2016-09-13T19:49:45.113-0400: 154.303: [GC (GCLocker Initiated GC) [PSYoungGen: 170846K->66217K(176128K)] 672868K->576004K(700416K), 0.0193721 secs] [Times: user=0.23 sys=0.00, real=0.02 secs] 
2016-09-13T19:49:45.133-0400: 154.323: [Full GC (Ergonomics) [PSYoungGen: 66217K->0K(176128K)] [ParOldGen: 509786K->50177K(524288K)] 576004K->50177K(700416K), [Metaspace: 44646K->44646K(1087488K)], 0.0676836 secs] [Times: user=0.38 sys=0.02, real=0.07 secs] 
2016-09-13T19:49:45.348-0400: 154.538: [GC (GCLocker Initiated GC) [PSYoungGen: 109568K->38969K(183296K)] 165931K->95333K(707584K), 0.0177799 secs] [Times: user=0.21 sys=0.00, real=0.01 secs] 
2016-09-13T19:49:45.521-0400: 154.712: [GC (GCLocker Initiated GC) [PSYoungGen: 140345K->40153K(141824K)] 202816K->112126K(666112K), 0.0101738 secs] [Times: user=0.12 sys=0.00, real=0.01 secs] 
2016-09-13T19:49:45.661-0400: 154.852: [GC (GCLocker Initiated GC) [PSYoungGen: 141529K->52543K(177664K)] 222844K->141619K(701952K), 0.0151914 secs] [Times: user=0.16 sys=0.00, real=0.02 secs] 
2016-09-13T19:49:45.805-0400: 154.995: [GC (GCLocker Initiated GC) [PSYoungGen: 153919K->41757K(177664K)] 244756K->132741K(701952K), 0.0125480 secs] [Times: user=0.12 sys=0.00, real=0.02 secs] 
2016-09-13T19:49:45.977-0400: 155.168: [GC (GCLocker Initiated GC) [PSYoungGen: 143133K->23473K(182784K)] 241824K->122417K(707072K), 0.0085281 secs] [Times: user=0.09 sys=0.00, real=0.00 secs] 
2016-09-13T19:49:46.137-0400: 155.328: [GC (GCLocker Initiated GC) [PSYoungGen: 132529K->47992K(183296K)] 231661K->147357K(707584K), 0.0069741 secs] [Times: user=0.07 sys=0.01, real=0.00 secs] 
2016-09-13T19:49:46.323-0400: 155.513: [GC (GCLocker Initiated GC) [PSYoungGen: 157048K->35718K(184320K)] 257952K->141377K(708608K), 0.0069976 secs] [Times: user=0.08 sys=0.00, real=0.01 secs] 
2016-09-13T19:49:46.527-0400: 155.718: [GC (GCLocker Initiated GC) [PSYoungGen: 150406K->69096K(183808K)] 259139K->181083K(708096K), 0.0170259 secs] [Times: user=0.21 sys=0.00, real=0.02 secs] 
2016-09-13T19:49:46.707-0400: 155.897: [GC (GCLocker Initiated GC) [PSYoungGen: 183784K->29798K(184832K)] 308106K->164914K(709120K), 0.0065964 secs] [Times: user=0.07 sys=0.00, real=0.01 secs] 
2016-09-13T19:49:46.886-0400: 156.077: [GC (GCLocker Initiated GC) [PSYoungGen: 136294K->46383K(153088K)] 273037K->183489K(677376K), 0.0096555 secs] [Times: user=0.11 sys=0.00, real=0.02 secs] 
2016-09-13T19:49:47.058-0400: 156.248: [GC (GCLocker Initiated GC) [PSYoungGen: 152879K->44854K(184320K)] 290012K->182134K(708608K), 0.0092638 secs] [Times: user=0.09 sys=0.01, real=0.00 secs] 
2016-09-13T19:49:47.260-0400: 156.450: [GC (GCLocker Initiated GC) [PSYoungGen: 153910K->11195K(181760K)] 297287K->156147K(706048K), 0.0157939 secs] [Times: user=0.14 sys=0.00, real=0.02 secs] 
2016-09-13T19:49:47.463-0400: 156.653: [GC (GCLocker Initiated GC) [PSYoungGen: 120251K->29762K(187904K)] 271654K->193458K(712192K), 0.0100524 secs] [Times: user=0.10 sys=0.00, real=0.01 secs] 
2016-09-13T19:49:47.648-0400: 156.838: [GC (GCLocker Initiated GC) [PSYoungGen: 142914K->34040K(147456K)] 306635K->202644K(671744K), 0.0291373 secs] [Times: user=0.31 sys=0.00, real=0.03 secs] 
2016-09-13T19:49:47.828-0400: 157.018: [GC (GCLocker Initiated GC) [PSYoungGen: 147192K->41789K(186880K)] 317504K->218457K(711168K), 0.0128153 secs] [Times: user=0.10 sys=0.01, real=0.01 secs] 
2016-09-13T19:49:48.008-0400: 157.198: [GC (GCLocker Initiated GC) [PSYoungGen: 157501K->25024K(184832K)] 341914K->209694K(709120K), 0.0103670 secs] [Times: user=0.08 sys=0.00, real=0.01 secs] 
2016-09-13T19:49:48.220-0400: 157.410: [GC (GCLocker Initiated GC) [PSYoungGen: 140736K->29479K(190976K)] 334615K->223552K(715264K), 0.0153967 secs] [Times: user=0.13 sys=0.00, real=0.01 secs] 
2016-09-13T19:49:48.421-0400: 157.612: [GC (GCLocker Initiated GC) [PSYoungGen: 153383K->47864K(190464K)] 347508K->246806K(714752K), 0.0082312 secs] [Times: user=0.07 sys=0.00, real=0.01 secs] 
2016-09-13T19:49:48.616-0400: 157.806: [GC (GCLocker Initiated GC) [PSYoungGen: 171768K->46276K(194048K)] 370729K->245446K(718336K), 0.0256712 secs] [Times: user=0.25 sys=0.00, real=0.02 secs] 
2016-09-13T19:49:48.816-0400: 158.006: [GC (Allocation Failure) [PSYoungGen: 172228K->43053K(169472K)] 371464K->247031K(693760K), 0.0147772 secs] [Times: user=0.13 sys=0.01, real=0.01 secs] 
2016-09-13T19:49:49.024-0400: 158.214: [GC (GCLocker Initiated GC) [PSYoungGen: 169005K->49160K(191488K)] 372991K->256314K(715776K), 0.0510190 secs] [Times: user=0.55 sys=0.00, real=0.05 secs] 
2016-09-13T19:49:49.269-0400: 158.459: [GC (GCLocker Initiated GC) [PSYoungGen: 174088K->46276K(192512K)] 381265K->253682K(716800K), 0.0102325 secs] [Times: user=0.10 sys=0.00, real=0.01 secs] 
2016-09-13T19:49:49.452-0400: 158.642: [GC (GCLocker Initiated GC) [PSYoungGen: 171204K->24859K(194048K)] 392621K->252603K(718336K), 0.0165982 secs] [Times: user=0.16 sys=0.00, real=0.02 secs] 
2016-09-13T19:49:49.667-0400: 158.857: [GC (GCLocker Initiated GC) [PSYoungGen: 152347K->31403K(194560K)] 386276K->265648K(718848K), 0.0256618 secs] [Times: user=0.33 sys=0.00, real=0.03 secs] 
2016-09-13T19:49:49.890-0400: 159.081: [GC (GCLocker Initiated GC) [PSYoungGen: 158891K->64577K(182784K)] 393340K->300868K(707072K), 0.0114679 secs] [Times: user=0.13 sys=0.00, real=0.01 secs] 
2016-09-13T19:49:50.082-0400: 159.273: [GC (GCLocker Initiated GC) [PSYoungGen: 181313K->60078K(177152K)] 420645K->299530K(701440K), 0.0144716 secs] [Times: user=0.09 sys=0.00, real=0.02 secs] 
2016-09-13T19:49:50.265-0400: 159.456: [GC (GCLocker Initiated GC) [PSYoungGen: 176814K->29538K(186368K)] 422369K->275191K(710656K), 0.0114903 secs] [Times: user=0.08 sys=0.01, real=0.02 secs] 
2016-09-13T19:49:50.440-0400: 159.630: [GC (GCLocker Initiated GC) [PSYoungGen: 139106K->41696K(151552K)] 384949K->293949K(675840K), 0.0173785 secs] [Times: user=0.15 sys=0.00, real=0.02 secs] 
2016-09-13T19:49:50.652-0400: 159.843: [GC (GCLocker Initiated GC) [PSYoungGen: 151264K->9676K(179200K)] 421908K->280575K(703488K), 0.0051572 secs] [Times: user=0.03 sys=0.00, real=0.01 secs] 
2016-09-13T19:49:50.822-0400: 160.012: [GC (GCLocker Initiated GC) [PSYoungGen: 116684K->24981K(181760K)] 389142K->297641K(706048K), 0.0148592 secs] [Times: user=0.13 sys=0.01, real=0.02 secs] 
2016-09-13T19:49:51.006-0400: 160.196: [GC (GCLocker Initiated GC) [PSYoungGen: 131989K->23467K(184320K)] 410824K->311648K(708608K), 0.0086883 secs] [Times: user=0.09 sys=0.00, real=0.01 secs] 
2016-09-13T19:49:51.192-0400: 160.383: [GC (Allocation Failure) [PSYoungGen: 137643K->20117K(186368K)] 427355K->310062K(710656K), 0.0057421 secs] [Times: user=0.04 sys=0.00, real=0.01 secs] 
2016-09-13T19:49:51.375-0400: 160.565: [GC (GCLocker Initiated GC) [PSYoungGen: 132929K->29479K(182784K)] 428949K->325587K(707072K), 0.0188076 secs] [Times: user=0.20 sys=0.00, real=0.02 secs] 
2016-09-13T19:49:51.568-0400: 160.758: [GC (GCLocker Initiated GC) [PSYoungGen: 148263K->46318K(186880K)] 444541K->342785K(711168K), 0.0064687 secs] [Times: user=0.05 sys=0.00, real=0.00 secs] 
2016-09-13T19:49:51.760-0400: 160.950: [GC (GCLocker Initiated GC) [PSYoungGen: 165102K->27897K(190464K)] 469208K->332146K(714752K), 0.0133423 secs] [Times: user=0.14 sys=0.00, real=0.01 secs] 
2016-09-13T19:49:51.964-0400: 161.154: [GC (GCLocker Initiated GC) [PSYoungGen: 152313K->10059K(191488K)] 465694K->338833K(715776K), 0.0215447 secs] [Times: user=0.30 sys=0.00, real=0.02 secs] 
2016-09-13T19:49:52.189-0400: 161.379: [GC (GCLocker Initiated GC) [PSYoungGen: 134475K->46160K(190976K)] 463432K->375512K(715264K), 0.0274423 secs] [Times: user=0.35 sys=0.00, real=0.03 secs] 
2016-09-13T19:49:52.403-0400: 161.594: [GC (GCLocker Initiated GC) [PSYoungGen: 169040K->44666K(167936K)] 498652K->374327K(692224K), 0.0269130 secs] [Times: user=0.28 sys=0.01, real=0.03 secs] 
2016-09-13T19:49:52.621-0400: 161.811: [GC (GCLocker Initiated GC) [PSYoungGen: 167546K->35779K(195072K)] 503304K->371778K(719360K), 0.0062432 secs] [Times: user=0.07 sys=0.00, real=0.00 secs] 
2016-09-13T19:49:52.789-0400: 161.980: [GC (GCLocker Initiated GC) [PSYoungGen: 160707K->32745K(157696K)] 498392K->387331K(681984K), 0.0083468 secs] [Times: user=0.10 sys=0.00, real=0.01 secs] 
2016-09-13T19:49:53.010-0400: 162.200: [GC (GCLocker Initiated GC) [PSYoungGen: 157673K->29644K(192000K)] 518515K->390678K(716288K), 0.0069288 secs] [Times: user=0.07 sys=0.00, real=0.01 secs] 
2016-09-13T19:49:53.255-0400: 162.446: [GC (GCLocker Initiated GC) [PSYoungGen: 157132K->9861K(189440K)] 536659K->389566K(713728K), 0.0086227 secs] [Times: user=0.08 sys=0.00, real=0.01 secs] 
2016-09-13T19:49:53.468-0400: 162.658: [GC (GCLocker Initiated GC) [PSYoungGen: 137349K->29571K(195584K)] 523191K->415724K(719872K), 0.0074253 secs] [Times: user=0.08 sys=0.00, real=0.00 secs] 
2016-09-13T19:49:53.668-0400: 162.859: [GC (GCLocker Initiated GC) [PSYoungGen: 166275K->50966K(197120K)] 552482K->446506K(721408K), 0.0089712 secs] [Times: user=0.09 sys=0.00, real=0.01 secs] 
2016-09-13T19:49:53.888-0400: 163.078: [GC (GCLocker Initiated GC) [PSYoungGen: 187670K->41858K(197120K)] 584902K->453041K(721408K), 0.0076462 secs] [Times: user=0.08 sys=0.00, real=0.01 secs] 
2016-09-13T19:49:54.113-0400: 163.303: [GC (GCLocker Initiated GC) [PSYoungGen: 173954K->31030K(163328K)] 597486K->454700K(687616K), 0.0201375 secs] [Times: user=0.16 sys=0.00, real=0.02 secs] 
2016-09-13T19:49:54.342-0400: 163.533: [GC (Allocation Failure) [PSYoungGen: 163126K->46373K(192512K)] 586819K->476308K(716800K), 0.0090344 secs] [Times: user=0.11 sys=0.01, real=0.01 secs] 
2016-09-13T19:49:54.593-0400: 163.783: [GC (Allocation Failure) [PSYoungGen: 176421K->26383K(194560K)] 606356K->462599K(718848K), 0.0069517 secs] [Times: user=0.07 sys=0.00, real=0.01 secs] 
2016-09-13T19:49:54.763-0400: 163.953: [GC (GCLocker Initiated GC) [PSYoungGen: 151669K->32553K(192000K)] 593960K->475010K(716288K), 0.0189903 secs] [Times: user=0.16 sys=0.01, real=0.02 secs] 
2016-09-13T19:49:55.000-0400: 164.190: [GC (GCLocker Initiated GC) [PSYoungGen: 167209K->43244K(195072K)] 609719K->485948K(719360K), 0.0201093 secs] [Times: user=0.21 sys=0.00, real=0.02 secs] 
2016-09-13T19:49:55.206-0400: 164.397: [GC (GCLocker Initiated GC) [PSYoungGen: 177900K->50875K(194048K)] 626711K->499888K(718336K), 0.0236982 secs] [Times: user=0.26 sys=0.00, real=0.03 secs] 
2016-09-13T19:49:55.445-0400: 164.636: [GC (GCLocker Initiated GC) [PSYoungGen: 183995K->51056K(184320K)] 633052K->518498K(708608K), 0.0086253 secs] [Times: user=0.08 sys=0.00, real=0.01 secs] 
2016-09-13T19:49:55.641-0400: 164.832: [GC (GCLocker Initiated GC) [PSYoungGen: 184176K->31131K(196608K)] 651670K->503414K(720896K), 0.0089216 secs] [Times: user=0.08 sys=0.00, real=0.01 secs] 
2016-09-13T19:49:55.846-0400: 165.036: [GC (Allocation Failure) [PSYoungGen: 160667K->27988K(157696K)] 633128K->500529K(681984K), 0.0091745 secs] [Times: user=0.08 sys=0.00, real=0.01 secs] 
2016-09-13T19:49:56.056-0400: 165.246: [GC (GCLocker Initiated GC) [PSYoungGen: 155642K->44576K(193024K)] 634258K->523381K(717312K), 0.0404717 secs] [Times: user=0.46 sys=0.00, real=0.04 secs] 
2016-09-13T19:49:56.303-0400: 165.493: [GC (GCLocker Initiated GC) [PSYoungGen: 173600K->17425K(193536K)] 664574K->508535K(717824K), 0.0041451 secs] [Times: user=0.03 sys=0.00, real=0.00 secs] 
2016-09-13T19:49:56.515-0400: 165.705: [GC (GCLocker Initiated GC) [PSYoungGen: 146449K->26537K(195072K)] 651420K->540905K(719360K), 0.0148354 secs] [Times: user=0.14 sys=0.00, real=0.02 secs] 
2016-09-13T19:49:56.530-0400: 165.720: [Full GC (Ergonomics) [PSYoungGen: 26537K->0K(195072K)] [ParOldGen: 514367K->47222K(524288K)] 540905K->47222K(719360K), [Metaspace: 44657K->44657K(1087488K)], 0.0690050 secs] [Times: user=0.36 sys=0.01, real=0.07 secs] 
2016-09-13T19:49:56.789-0400: 165.979: [GC (GCLocker Initiated GC) [PSYoungGen: 132608K->37627K(196096K)] 185924K->90943K(720384K), 0.0220340 secs] [Times: user=0.25 sys=0.00, real=0.02 secs] 
2016-09-13T19:49:56.985-0400: 166.176: [GC (GCLocker Initiated GC) [PSYoungGen: 170235K->12651K(197120K)] 223573K->80005K(721408K), 0.0190402 secs] [Times: user=0.18 sys=0.00, real=0.02 secs] 
2016-09-13T19:49:57.186-0400: 166.376: [GC (GCLocker Initiated GC) [PSYoungGen: 147819K->46281K(181760K)] 215299K->127568K(706048K), 0.0232728 secs] [Times: user=0.24 sys=0.00, real=0.03 secs] 
2016-09-13T19:49:57.421-0400: 166.612: [GC (GCLocker Initiated GC) [PSYoungGen: 181449K->34233K(200192K)] 262762K->120417K(724480K), 0.0103262 secs] [Times: user=0.12 sys=0.00, real=0.01 secs] 
2016-09-13T19:49:57.626-0400: 166.816: [GC (GCLocker Initiated GC) [PSYoungGen: 169401K->41752K(197120K)] 255616K->132674K(721408K), 0.0100097 secs] [Times: user=0.07 sys=0.00, real=0.02 secs] 
2016-09-13T19:49:57.849-0400: 167.040: [GC (GCLocker Initiated GC) [PSYoungGen: 176920K->19098K(197120K)] 273934K->120969K(721408K), 0.0152678 secs] [Times: user=0.21 sys=0.01, real=0.01 secs] 
2016-09-13T19:49:58.053-0400: 167.243: [GC (Allocation Failure) [PSYoungGen: 154266K->29792K(197120K)] 256142K->141014K(721408K), 0.0100941 secs] [Times: user=0.11 sys=0.00, real=0.01 secs] 
2016-09-13T19:49:58.308-0400: 167.498: [GC (GCLocker Initiated GC) [PSYoungGen: 160075K->11350K(197120K)] 277372K->129002K(721408K), 0.0181549 secs] [Times: user=0.13 sys=0.00, real=0.01 secs] 
2016-09-13T19:49:58.557-0400: 167.747: [GC (GCLocker Initiated GC) [PSYoungGen: 148566K->40201K(198144K)] 267860K->159661K(722432K), 0.0468818 secs] [Times: user=0.45 sys=0.00, real=0.04 secs] 
2016-09-13T19:49:58.792-0400: 167.983: [GC (GCLocker Initiated GC) [PSYoungGen: 177417K->31184K(195584K)] 298553K->152604K(719872K), 0.0061000 secs] [Times: user=0.05 sys=0.00, real=0.01 secs] 
2016-09-13T19:49:58.993-0400: 168.183: [GC (GCLocker Initiated GC) [PSYoungGen: 170960K->26437K(198144K)] 295443K->150992K(722432K), 0.0395842 secs] [Times: user=0.39 sys=0.00, real=0.04 secs] 
2016-09-13T19:49:59.211-0400: 168.401: [GC (GCLocker Initiated GC) [PSYoungGen: 166213K->51033K(196096K)] 291047K->197359K(720384K), 0.0282132 secs] [Times: user=0.32 sys=0.01, real=0.03 secs] 
2016-09-13T19:49:59.442-0400: 168.633: [GC (GCLocker Initiated GC) [PSYoungGen: 190297K->46128K(185856K)] 336771K->192799K(710144K), 0.0108083 secs] [Times: user=0.08 sys=0.01, real=0.01 secs] 
2016-09-13T19:49:59.709-0400: 168.900: [GC (GCLocker Initiated GC) [PSYoungGen: 185392K->43244K(197632K)] 333724K->191789K(721920K), 0.0129738 secs] [Times: user=0.14 sys=0.00, real=0.01 secs] 
2016-09-13T19:49:59.901-0400: 169.091: [GC (GCLocker Initiated GC) [PSYoungGen: 177388K->13087K(147456K)] 345771K->187756K(671744K), 0.0248699 secs] [Times: user=0.33 sys=0.00, real=0.02 secs] 
2016-09-13T19:50:00.144-0400: 169.335: [GC (GCLocker Initiated GC) [PSYoungGen: 147231K->48055K(193024K)] 322116K->230916K(717312K), 0.0245875 secs] [Times: user=0.31 sys=0.00, real=0.03 secs] 
2016-09-13T19:50:00.339-0400: 169.530: [GC (GCLocker Initiated GC) [PSYoungGen: 176055K->59791K(187904K)] 359019K->242897K(712192K), 0.0293553 secs] [Times: user=0.31 sys=0.00, real=0.03 secs] 
2016-09-13T19:50:00.530-0400: 169.721: [GC (GCLocker Initiated GC) [PSYoungGen: 187791K->32645K(191488K)] 371101K->216102K(715776K), 0.0306580 secs] [Times: user=0.35 sys=0.00, real=0.03 secs] 
2016-09-13T19:50:00.702-0400: 169.892: [GC (GCLocker Initiated GC) [PSYoungGen: 150917K->63020K(181760K)] 334676K->251569K(706048K), 0.0080700 secs] [Times: user=0.08 sys=0.00, real=0.01 secs] 
2016-09-13T19:50:00.912-0400: 170.102: [GC (GCLocker Initiated GC) [PSYoungGen: 181292K->23528K(186368K)] 377454K->219836K(710656K), 0.0210139 secs] [Times: user=0.25 sys=0.00, real=0.02 secs] 
2016-09-13T19:50:01.094-0400: 170.284: [GC (Allocation Failure) [PSYoungGen: 133096K->46432K(156160K)] 329512K->243010K(680448K), 0.0084089 secs] [Times: user=0.09 sys=0.00, real=0.01 secs] 
2016-09-13T19:50:01.251-0400: 170.442: [GC (GCLocker Initiated GC) [PSYoungGen: 156000K->44730K(186368K)] 352584K->241430K(710656K), 0.0108027 secs] [Times: user=0.09 sys=0.00, real=0.01 secs] 
2016-09-13T19:50:01.485-0400: 170.676: [GC (GCLocker Initiated GC) [PSYoungGen: 155834K->40109K(151552K)] 354254K->238840K(675840K), 0.0082575 secs] [Times: user=0.05 sys=0.00, real=0.01 secs] 
2016-09-13T19:50:01.665-0400: 170.855: [GC (GCLocker Initiated GC) [PSYoungGen: 151213K->31024K(185344K)] 349995K->230062K(709632K), 0.0097124 secs] [Times: user=0.10 sys=0.00, real=0.01 secs] 
2016-09-13T19:50:01.828-0400: 171.019: [GC (GCLocker Initiated GC) [PSYoungGen: 145712K->46383K(183808K)] 346482K->247511K(708096K), 0.0089389 secs] [Times: user=0.12 sys=0.00, real=0.01 secs] 
2016-09-13T19:50:02.011-0400: 171.201: [GC (GCLocker Initiated GC) [PSYoungGen: 161071K->28094K(192000K)] 368421K->240184K(716288K), 0.0083072 secs] [Times: user=0.06 sys=0.00, real=0.01 secs] 
2016-09-13T19:50:02.210-0400: 171.401: [GC (GCLocker Initiated GC) [PSYoungGen: 151486K->50966K(191488K)] 363612K->263280K(715776K), 0.0178471 secs] [Times: user=0.22 sys=0.00, real=0.02 secs] 
2016-09-13T19:50:02.426-0400: 171.616: [GC (GCLocker Initiated GC) [PSYoungGen: 174358K->41758K(191488K)] 386687K->264945K(715776K), 0.0070288 secs] [Times: user=0.07 sys=0.00, real=0.01 secs] 
2016-09-13T19:50:02.615-0400: 171.805: [GC (GCLocker Initiated GC) [PSYoungGen: 166174K->35869K(192000K)] 395598K->265456K(716288K), 0.0124143 secs] [Times: user=0.17 sys=0.00, real=0.02 secs] 
2016-09-13T19:50:02.824-0400: 172.014: [GC (GCLocker Initiated GC) [PSYoungGen: 160285K->53940K(190464K)] 389910K->291569K(714752K), 0.0088723 secs] [Times: user=0.10 sys=0.01, real=0.01 secs] 
2016-09-13T19:50:03.028-0400: 172.219: [GC (GCLocker Initiated GC) [PSYoungGen: 178868K->46409K(193024K)] 416561K->296454K(717312K), 0.0075629 secs] [Times: user=0.07 sys=0.01, real=0.01 secs] 
2016-09-13T19:50:03.225-0400: 172.416: [GC (GCLocker Initiated GC) [PSYoungGen: 171337K->46377K(192512K)] 421404K->305865K(716800K), 0.0110462 secs] [Times: user=0.13 sys=0.00, real=0.02 secs] 
2016-09-13T19:50:03.425-0400: 172.615: [GC (GCLocker Initiated GC) [PSYoungGen: 172841K->28089K(193536K)] 433915K->300035K(717824K), 0.0139089 secs] [Times: user=0.12 sys=0.00, real=0.02 secs] 
2016-09-13T19:50:03.632-0400: 172.823: [GC (GCLocker Initiated GC) [PSYoungGen: 154553K->31221K(192512K)] 428164K->308047K(716800K), 0.0080968 secs] [Times: user=0.07 sys=0.00, real=0.01 secs] 
2016-09-13T19:50:03.862-0400: 173.053: [GC (GCLocker Initiated GC) [PSYoungGen: 159733K->44705K(194048K)] 442709K->327965K(718336K), 0.0071803 secs] [Times: user=0.06 sys=0.00, real=0.01 secs] 
2016-09-13T19:50:04.059-0400: 173.250: [GC (GCLocker Initiated GC) [PSYoungGen: 173217K->64570K(183808K)] 456486K->348042K(708096K), 0.0109957 secs] [Times: user=0.12 sys=0.01, real=0.01 secs] 
2016-09-13T19:50:04.249-0400: 173.440: [GC (Allocation Failure) [PSYoungGen: 183354K->28205K(190464K)] 466966K->311954K(714752K), 0.0083354 secs] [Times: user=0.08 sys=0.00, real=0.01 secs] 
2016-09-13T19:50:04.449-0400: 173.640: [GC (Allocation Failure) [PSYoungGen: 146477K->5052K(184832K)] 430227K->293673K(709120K), 0.0109927 secs] [Times: user=0.10 sys=0.00, real=0.01 secs] 
2016-09-13T19:50:04.646-0400: 173.837: [GC (GCLocker Initiated GC) [PSYoungGen: 118716K->41566K(187904K)] 407343K->330280K(712192K), 0.0203018 secs] [Times: user=0.21 sys=0.00, real=0.02 secs] 
2016-09-13T19:50:04.823-0400: 174.013: [GC (Allocation Failure) [PSYoungGen: 155230K->41725K(182784K)] 447168K->333853K(707072K), 0.0094397 secs] [Times: user=0.09 sys=0.00, real=0.01 secs] 
2016-09-13T19:50:05.002-0400: 174.193: [GC (GCLocker Initiated GC) [PSYoungGen: 151418K->28211K(185856K)] 449621K->326679K(710144K), 0.0108165 secs] [Times: user=0.13 sys=0.00, real=0.01 secs] 
2016-09-13T19:50:05.190-0400: 174.380: [GC (GCLocker Initiated GC) [PSYoungGen: 143923K->46383K(191488K)] 442643K->345344K(715776K), 0.0089797 secs] [Times: user=0.13 sys=0.00, real=0.01 secs] 
2016-09-13T19:50:05.405-0400: 174.596: [GC (GCLocker Initiated GC) [PSYoungGen: 169775K->15816K(192512K)] 474836K->320981K(716800K), 0.0078389 secs] [Times: user=0.07 sys=0.00, real=0.01 secs] 
2016-09-13T19:50:05.603-0400: 174.793: [GC (Allocation Failure) [PSYoungGen: 139208K->44794K(192512K)] 444535K->356367K(716800K), 0.0132360 secs] [Times: user=0.14 sys=0.00, real=0.02 secs] 
2016-09-13T19:50:05.822-0400: 175.012: [GC (GCLocker Initiated GC) [PSYoungGen: 165210K->32745K(155648K)] 482858K->350598K(679936K), 0.0111237 secs] [Times: user=0.15 sys=0.00, real=0.01 secs] 
2016-09-13T19:50:06.013-0400: 175.203: [GC (GCLocker Initiated GC) [PSYoungGen: 155625K->63141K(181760K)] 475175K->383011K(706048K), 0.0152343 secs] [Times: user=0.16 sys=0.00, real=0.02 secs] 
2016-09-13T19:50:06.211-0400: 175.401: [GC (Allocation Failure) [PSYoungGen: 177829K->41635K(188416K)] 503895K->367993K(712704K), 0.0102946 secs] [Times: user=0.12 sys=0.00, real=0.01 secs] 
2016-09-13T19:50:06.391-0400: 175.582: [GC (GCLocker Initiated GC) [PSYoungGen: 155206K->17428K(187392K)] 483082K->345478K(711680K), 0.0176933 secs] [Times: user=0.18 sys=0.01, real=0.02 secs] 
2016-09-13T19:50:06.591-0400: 175.781: [GC (GCLocker Initiated GC) [PSYoungGen: 134164K->20340K(188928K)] 462239K->353275K(713216K), 0.0108652 secs] [Times: user=0.11 sys=0.00, real=0.01 secs] 
2016-09-13T19:50:06.746-0400: 175.936: [GC (GCLocker Initiated GC) [PSYoungGen: 137076K->51118K(185856K)] 470030K->391865K(710144K), 0.0139798 secs] [Times: user=0.20 sys=0.00, real=0.02 secs] 
2016-09-13T19:50:06.916-0400: 176.106: [GC (GCLocker Initiated GC) [PSYoungGen: 165806K->46409K(188416K)] 508093K->389083K(712704K), 0.0070010 secs] [Times: user=0.10 sys=0.00, real=0.00 secs] 
2016-09-13T19:50:07.160-0400: 176.350: [GC (GCLocker Initiated GC) [PSYoungGen: 161097K->24956K(185856K)] 510129K->374228K(710144K), 0.0185473 secs] [Times: user=0.17 sys=0.00, real=0.02 secs] 
2016-09-13T19:50:07.318-0400: 176.509: [GC (GCLocker Initiated GC) [PSYoungGen: 140156K->55426K(171008K)] 489612K->405037K(695296K), 0.0136725 secs] [Times: user=0.14 sys=0.00, real=0.01 secs] 
2016-09-13T19:50:07.512-0400: 176.702: [GC (GCLocker Initiated GC) [PSYoungGen: 170626K->29637K(188928K)] 528062K->387204K(713216K), 0.0094038 secs] [Times: user=0.08 sys=0.01, real=0.01 secs] 
2016-09-13T19:50:07.727-0400: 176.917: [GC (GCLocker Initiated GC) [PSYoungGen: 142789K->43084K(156672K)] 503523K->404059K(680960K), 0.0183906 secs] [Times: user=0.16 sys=0.01, real=0.02 secs] 
2016-09-13T19:50:07.903-0400: 177.094: [GC (GCLocker Initiated GC) [PSYoungGen: 156236K->24988K(185856K)] 529478K->398439K(710144K), 0.0098613 secs] [Times: user=0.08 sys=0.01, real=0.01 secs] 
2016-09-13T19:50:08.096-0400: 177.286: [GC (Allocation Failure) [PSYoungGen: 139164K->41633K(184832K)] 512780K->415380K(709120K), 0.0073863 secs] [Times: user=0.09 sys=0.00, real=0.00 secs] 
2016-09-13T19:50:08.261-0400: 177.452: [GC (GCLocker Initiated GC) [PSYoungGen: 155809K->46154K(188928K)] 529559K->420176K(713216K), 0.0093585 secs] [Times: user=0.12 sys=0.00, real=0.01 secs] 
2016-09-13T19:50:08.465-0400: 177.655: [GC (Allocation Failure) [PSYoungGen: 165962K->46308K(188928K)] 540225K->420776K(713216K), 0.0070390 secs] [Times: user=0.07 sys=0.00, real=0.01 secs] 
2016-09-13T19:50:08.652-0400: 177.842: [GC (GCLocker Initiated GC) [PSYoungGen: 164513K->24892K(192000K)] 545056K->405569K(716288K), 0.0095650 secs] [Times: user=0.08 sys=0.00, real=0.01 secs] 
2016-09-13T19:50:08.866-0400: 178.056: [GC (Allocation Failure) [PSYoungGen: 148796K->46649K(192512K)] 529550K->427657K(716800K), 0.0077500 secs] [Times: user=0.08 sys=0.00, real=0.01 secs] 
2016-09-13T19:50:09.063-0400: 178.253: [GC (GCLocker Initiated GC) [PSYoungGen: 166049K->27987K(191488K)] 553132K->415271K(715776K), 0.0127522 secs] [Times: user=0.14 sys=0.00, real=0.02 secs] 
2016-09-13T19:50:09.281-0400: 178.471: [GC (GCLocker Initiated GC) [PSYoungGen: 152915K->47837K(192512K)] 540221K->435377K(716800K), 0.0132601 secs] [Times: user=0.15 sys=0.00, real=0.01 secs] 
2016-09-13T19:50:09.483-0400: 178.673: [GC (GCLocker Initiated GC) [PSYoungGen: 172765K->61187K(183296K)] 560580K->455204K(707584K), 0.0106669 secs] [Times: user=0.07 sys=0.01, real=0.01 secs] 
2016-09-13T19:50:09.675-0400: 178.865: [GC (GCLocker Initiated GC) [PSYoungGen: 175875K->61506K(176640K)] 570015K->457394K(700928K), 0.0142427 secs] [Times: user=0.18 sys=0.00, real=0.02 secs] 
2016-09-13T19:50:09.870-0400: 179.060: [GC (GCLocker Initiated GC) [PSYoungGen: 176194K->14670K(181760K)] 584396K->423105K(706048K), 0.0100270 secs] [Times: user=0.13 sys=0.00, real=0.01 secs] 
2016-09-13T19:50:10.058-0400: 179.249: [GC (Allocation Failure) [PSYoungGen: 118094K->41688K(145408K)] 526704K->450413K(669696K), 0.0267276 secs] [Times: user=0.30 sys=0.00, real=0.02 secs] 
2016-09-13T19:50:10.216-0400: 179.406: [GC (GCLocker Initiated GC) [PSYoungGen: 143648K->64879K(174592K)] 553892K->475277K(698880K), 0.0099678 secs] [Times: user=0.14 sys=0.00, real=0.00 secs] 
2016-09-13T19:50:10.406-0400: 179.597: [GC (Allocation Failure) [PSYoungGen: 163183K->23663K(180224K)] 587557K->448263K(704512K), 0.0073232 secs] [Times: user=0.09 sys=0.00, real=0.01 secs] 
2016-09-13T19:50:10.574-0400: 179.764: [GC (GCLocker Initiated GC) [PSYoungGen: 121865K->38618K(172032K)] 547984K->464973K(696320K), 0.0192331 secs] [Times: user=0.22 sys=0.00, real=0.02 secs] 
2016-09-13T19:50:10.720-0400: 179.910: [GC (GCLocker Initiated GC) [PSYoungGen: 137946K->47684K(176640K)] 565933K->494137K(700928K), 0.0090101 secs] [Times: user=0.11 sys=0.00, real=0.01 secs] 
2016-09-13T19:50:10.873-0400: 180.064: [GC (GCLocker Initiated GC) [PSYoungGen: 147012K->41851K(177664K)] 595249K->490259K(701952K), 0.0103650 secs] [Times: user=0.10 sys=0.00, real=0.01 secs] 
2016-09-13T19:50:11.055-0400: 180.246: [GC (GCLocker Initiated GC) [PSYoungGen: 150395K->9767K(181760K)] 611093K->470698K(706048K), 0.0148958 secs] [Times: user=0.13 sys=0.01, real=0.02 secs] 
2016-09-13T19:50:11.255-0400: 180.445: [GC (GCLocker Initiated GC) [PSYoungGen: 118311K->41789K(186880K)] 585537K->509260K(711168K), 0.0078166 secs] [Times: user=0.09 sys=0.00, real=0.01 secs] 
2016-09-13T19:50:11.436-0400: 180.627: [GC (GCLocker Initiated GC) [PSYoungGen: 155453K->35746K(149504K)] 624524K->505018K(673792K), 0.0075586 secs] [Times: user=0.07 sys=0.00, real=0.00 secs] 
2016-09-13T19:50:11.616-0400: 180.807: [GC (GCLocker Initiated GC) [PSYoungGen: 149410K->55368K(182784K)] 618714K->535651K(707072K), 0.0211672 secs] [Times: user=0.28 sys=0.00, real=0.02 secs] 
2016-09-13T19:50:11.828-0400: 181.018: [GC (GCLocker Initiated GC) [PSYoungGen: 168008K->31163K(185856K)] 648397K->523799K(710144K), 0.0067582 secs] [Times: user=0.07 sys=0.00, real=0.00 secs] 
2016-09-13T19:50:11.995-0400: 181.186: [GC (GCLocker Initiated GC) [PSYoungGen: 143803K->37106K(181248K)] 638114K->531584K(705536K), 0.0065793 secs] [Times: user=0.06 sys=0.00, real=0.01 secs] 
2016-09-13T19:50:12.176-0400: 181.366: [GC (Allocation Failure) [PSYoungGen: 154354K->11317K(185856K)] 648884K->512101K(710144K), 0.0164052 secs] [Times: user=0.15 sys=0.00, real=0.01 secs] 
2016-09-13T19:50:12.346-0400: 181.536: [GC (GCLocker Initiated GC) [PSYoungGen: 127331K->24987K(192000K)] 629634K->535136K(716288K), 0.0057361 secs] [Times: user=0.04 sys=0.01, real=0.01 secs] 
2016-09-13T19:50:12.352-0400: 181.542: [Full GC (Ergonomics) [PSYoungGen: 24987K->0K(192000K)] [ParOldGen: 510149K->34117K(524288K)] 535136K->34117K(716288K), [Metaspace: 44661K->44661K(1087488K)], 0.0648320 secs] [Times: user=0.32 sys=0.01, real=0.07 secs] 
2016-09-13T19:50:12.607-0400: 181.797: [GC (GCLocker Initiated GC) [PSYoungGen: 123392K->37137K(160768K)] 163824K->77569K(685056K), 0.0097309 secs] [Times: user=0.07 sys=0.01, real=0.02 secs] 
2016-09-13T19:50:12.808-0400: 181.998: [GC (GCLocker Initiated GC) [PSYoungGen: 160529K->32580K(193536K)] 201038K->88644K(717824K), 0.0166635 secs] [Times: user=0.16 sys=0.00, real=0.01 secs] 
2016-09-13T19:50:13.022-0400: 182.212: [GC (GCLocker Initiated GC) [PSYoungGen: 160068K->50901K(190976K)] 216209K->107326K(715264K), 0.0084178 secs] [Times: user=0.07 sys=0.00, real=0.01 secs] 
2016-09-13T19:50:13.210-0400: 182.400: [GC (GCLocker Initiated GC) [PSYoungGen: 178389K->29512K(197120K)] 234833K->86253K(721408K), 0.0307343 secs] [Times: user=0.29 sys=0.00, real=0.03 secs] 
2016-09-13T19:50:13.411-0400: 182.601: [GC (GCLocker Initiated GC) [PSYoungGen: 160072K->43282K(174080K)] 219876K->110925K(698368K), 0.0462412 secs] [Times: user=0.48 sys=0.00, real=0.05 secs] 
2016-09-13T19:50:13.655-0400: 182.845: [GC (GCLocker Initiated GC) [PSYoungGen: 173842K->61443K(184320K)] 243185K->130996K(708608K), 0.0154824 secs] [Times: user=0.17 sys=0.00, real=0.02 secs] 
2016-09-13T19:50:13.818-0400: 183.008: [GC (Allocation Failure) [PSYoungGen: 181251K->52384K(172544K)] 250821K->122085K(696832K), 0.0359702 secs] [Times: user=0.38 sys=0.00, real=0.03 secs] 
2016-09-13T19:50:14.003-0400: 183.193: [GC (GCLocker Initiated GC) [PSYoungGen: 172192K->64576K(177152K)] 241896K->142044K(701440K), 0.0074026 secs] [Times: user=0.08 sys=0.00, real=0.01 secs] 
2016-09-13T19:50:14.150-0400: 183.341: [GC (GCLocker Initiated GC) [PSYoungGen: 169024K->29415K(183296K)] 252754K->113323K(707584K), 0.0143593 secs] [Times: user=0.14 sys=0.00, real=0.01 secs] 
2016-09-13T19:50:14.318-0400: 183.508: [GC (GCLocker Initiated GC) [PSYoungGen: 133863K->28214K(179712K)] 219468K->114028K(704000K), 0.0118889 secs] [Times: user=0.12 sys=0.00, real=0.01 secs] 
2016-09-13T19:50:14.492-0400: 183.683: [GC (GCLocker Initiated GC) [PSYoungGen: 134198K->64442K(170496K)] 221683K->152171K(694784K), 0.0182473 secs] [Times: user=0.18 sys=0.00, real=0.02 secs] 
2016-09-13T19:50:14.668-0400: 183.858: [GC (GCLocker Initiated GC) [PSYoungGen: 170426K->46250K(183296K)] 258240K->137253K(707584K), 0.0207404 secs] [Times: user=0.16 sys=0.00, real=0.02 secs] 
2016-09-13T19:50:14.847-0400: 184.037: [GC (GCLocker Initiated GC) [PSYoungGen: 148138K->14265K(180736K)] 251408K->117739K(705024K), 0.0155645 secs] [Times: user=0.20 sys=0.01, real=0.02 secs] 
2016-09-13T19:50:15.032-0400: 184.223: [GC (GCLocker Initiated GC) [PSYoungGen: 116153K->41793K(177664K)] 219712K->148698K(701952K), 0.0074542 secs] [Times: user=0.06 sys=0.00, real=0.01 secs] 
2016-09-13T19:50:15.205-0400: 184.395: [GC (Allocation Failure) [PSYoungGen: 144705K->34218K(179712K)] 257791K->147666K(704000K), 0.0119916 secs] [Times: user=0.15 sys=0.00, real=0.02 secs] 
2016-09-13T19:50:15.353-0400: 184.544: [GC (GCLocker Initiated GC) [PSYoungGen: 137130K->47959K(184832K)] 250590K->172270K(709120K), 0.0064574 secs] [Times: user=0.09 sys=0.00, real=0.01 secs] 
2016-09-13T19:50:15.527-0400: 184.718: [GC (GCLocker Initiated GC) [PSYoungGen: 159063K->46217K(184832K)] 283589K->170928K(709120K), 0.0206938 secs] [Times: user=0.20 sys=0.00, real=0.03 secs] 
2016-09-13T19:50:15.711-0400: 184.901: [GC (GCLocker Initiated GC) [PSYoungGen: 157321K->64698K(178176K)] 282209K->189893K(702464K), 0.0106213 secs] [Times: user=0.13 sys=0.00, real=0.01 secs] 
2016-09-13T19:50:15.890-0400: 185.081: [GC (Allocation Failure) [PSYoungGen: 170170K->26446K(183808K)] 303132K->159609K(708096K), 0.0303957 secs] [Times: user=0.31 sys=0.00, real=0.03 secs] 
2016-09-13T19:50:16.104-0400: 185.294: [GC (GCLocker Initiated GC) [PSYoungGen: 131918K->59923K(178176K)] 265098K->193329K(702464K), 0.0081530 secs] [Times: user=0.05 sys=0.00, real=0.01 secs] 
2016-09-13T19:50:16.251-0400: 185.441: [GC (GCLocker Initiated GC) [PSYoungGen: 160275K->69191K(169984K)] 293795K->202920K(694272K), 0.0139010 secs] [Times: user=0.15 sys=0.01, real=0.01 secs] 
2016-09-13T19:50:16.407-0400: 185.598: [GC (Allocation Failure) [PSYoungGen: 169543K->16028K(174592K)] 309511K->157807K(698880K), 0.0161508 secs] [Times: user=0.14 sys=0.00, real=0.02 secs] 
2016-09-13T19:50:16.540-0400: 185.731: [GC (GCLocker Initiated GC) [PSYoungGen: 104092K->44613K(133120K)] 245872K->186661K(657408K), 0.0079298 secs] [Times: user=0.07 sys=0.00, real=0.01 secs] 
2016-09-13T19:50:16.690-0400: 185.880: [GC (GCLocker Initiated GC) [PSYoungGen: 132677K->25019K(173568K)] 288536K->199253K(697856K), 0.0238710 secs] [Times: user=0.23 sys=0.00, real=0.02 secs] 
2016-09-13T19:50:16.858-0400: 186.048: [GC (Allocation Failure) [PSYoungGen: 114619K->24859K(172544K)] 294972K->205480K(696832K), 0.0156377 secs] [Times: user=0.18 sys=0.00, real=0.01 secs] 
2016-09-13T19:50:17.010-0400: 186.200: [GC (GCLocker Initiated GC) [PSYoungGen: 114459K->52171K(176128K)] 295083K->236093K(700416K), 0.0274102 secs] [Times: user=0.30 sys=0.00, real=0.03 secs] 
2016-09-13T19:50:17.189-0400: 186.380: [GC (Allocation Failure) [PSYoungGen: 146891K->41602K(176640K)] 331168K->225967K(700928K), 0.0072321 secs] [Times: user=0.06 sys=0.00, real=0.01 secs] 
2016-09-13T19:50:17.323-0400: 186.513: [GC (GCLocker Initiated GC) [PSYoungGen: 134999K->26447K(178688K)] 320883K->212442K(702976K), 0.0109806 secs] [Times: user=0.09 sys=0.00, real=0.01 secs] 
2016-09-13T19:50:17.489-0400: 186.680: [GC (GCLocker Initiated GC) [PSYoungGen: 126799K->32640K(177152K)] 326482K->232470K(701440K), 0.0166986 secs] [Times: user=0.18 sys=0.00, real=0.01 secs] 
2016-09-13T19:50:17.669-0400: 186.859: [GC (GCLocker Initiated GC) [PSYoungGen: 132992K->49446K(180736K)] 334541K->257142K(705024K), 0.0317486 secs] [Times: user=0.39 sys=0.00, real=0.03 secs] 
2016-09-13T19:50:17.875-0400: 187.065: [GC (GCLocker Initiated GC) [PSYoungGen: 155942K->41694K(181248K)] 369878K->255839K(705536K), 0.0148482 secs] [Times: user=0.18 sys=0.00, real=0.02 secs] 
2016-09-13T19:50:18.035-0400: 187.226: [GC (GCLocker Initiated GC) [PSYoungGen: 148190K->27923K(186368K)] 362357K->242146K(710656K), 0.0139046 secs] [Times: user=0.13 sys=0.01, real=0.02 secs] 
2016-09-13T19:50:18.237-0400: 187.427: [GC (Allocation Failure) [PSYoungGen: 142099K->21954K(185344K)] 362523K->244176K(709632K), 0.0079913 secs] [Times: user=0.06 sys=0.01, real=0.00 secs] 
2016-09-13T19:50:18.415-0400: 187.605: [GC (GCLocker Initiated GC) [PSYoungGen: 136130K->46345K(189440K)] 358357K->268854K(713728K), 0.0261484 secs] [Times: user=0.34 sys=0.00, real=0.03 secs] 
2016-09-13T19:50:18.600-0400: 187.790: [GC (GCLocker Initiated GC) [PSYoungGen: 165129K->23501K(189440K)] 389307K->247952K(713728K), 0.0062630 secs] [Times: user=0.08 sys=0.00, real=0.00 secs] 
2016-09-13T19:50:18.769-0400: 187.959: [GC (GCLocker Initiated GC) [PSYoungGen: 142285K->44576K(190976K)] 366984K->269472K(715264K), 0.0104732 secs] [Times: user=0.08 sys=0.00, real=0.01 secs] 
2016-09-13T19:50:18.978-0400: 188.168: [GC (GCLocker Initiated GC) [PSYoungGen: 165920K->47709K(190976K)] 391065K->291296K(715264K), 0.0090862 secs] [Times: user=0.07 sys=0.00, real=0.00 secs] 
2016-09-13T19:50:19.163-0400: 188.354: [GC (GCLocker Initiated GC) [PSYoungGen: 169053K->44545K(190976K)] 412717K->288386K(715264K), 0.0075061 secs] [Times: user=0.06 sys=0.00, real=0.01 secs] 
2016-09-13T19:50:19.359-0400: 188.549: [GC (GCLocker Initiated GC) [PSYoungGen: 166913K->46218K(191488K)] 411087K->290473K(715776K), 0.0074112 secs] [Times: user=0.06 sys=0.00, real=0.00 secs] 
2016-09-13T19:50:19.591-0400: 188.782: [GC (GCLocker Initiated GC) [PSYoungGen: 168586K->31030K(189952K)] 414393K->276967K(714240K), 0.0103361 secs] [Times: user=0.12 sys=0.00, real=0.01 secs] 
2016-09-13T19:50:19.785-0400: 188.975: [GC (GCLocker Initiated GC) [PSYoungGen: 154934K->43089K(191488K)] 401005K->295453K(715776K), 0.0125444 secs] [Times: user=0.13 sys=0.00, real=0.02 secs] 
2016-09-13T19:50:19.948-0400: 189.138: [GC (GCLocker Initiated GC) [PSYoungGen: 166993K->53716K(189952K)] 419578K->307939K(714240K), 0.0273387 secs] [Times: user=0.28 sys=0.00, real=0.02 secs] 
2016-09-13T19:50:20.141-0400: 189.331: [GC (GCLocker Initiated GC) [PSYoungGen: 177620K->43365K(193024K)] 431889K->305465K(717312K), 0.0165384 secs] [Times: user=0.17 sys=0.00, real=0.02 secs] 
2016-09-13T19:50:20.390-0400: 189.580: [GC (GCLocker Initiated GC) [PSYoungGen: 167269K->29447K(190976K)] 429396K->291865K(715264K), 0.0277863 secs] [Times: user=0.26 sys=0.00, real=0.03 secs] 
2016-09-13T19:50:20.595-0400: 189.785: [GC (Allocation Failure) [PSYoungGen: 155399K->14414K(192512K)] 424067K->286278K(716800K), 0.0039750 secs] [Times: user=0.03 sys=0.01, real=0.01 secs] 
2016-09-13T19:50:20.784-0400: 189.975: [GC (Allocation Failure) [PSYoungGen: 140366K->27961K(194048K)] 412230K->299956K(718336K), 0.0223276 secs] [Times: user=0.28 sys=0.00, real=0.02 secs] 
2016-09-13T19:50:20.971-0400: 190.161: [GC (GCLocker Initiated GC) [PSYoungGen: 155449K->28270K(194048K)] 427447K->300520K(718336K), 0.0101081 secs] [Times: user=0.14 sys=0.00, real=0.01 secs] 
2016-09-13T19:50:21.183-0400: 190.373: [GC (GCLocker Initiated GC) [PSYoungGen: 155758K->37047K(192000K)] 428041K->309622K(716288K), 0.0058826 secs] [Times: user=0.05 sys=0.00, real=0.01 secs] 
2016-09-13T19:50:21.398-0400: 190.589: [GC (Allocation Failure) [PSYoungGen: 167607K->32773K(193024K)] 440360K->320833K(717312K), 0.0137838 secs] [Times: user=0.18 sys=0.00, real=0.01 secs] 
2016-09-13T19:50:21.613-0400: 190.804: [GC (GCLocker Initiated GC) [PSYoungGen: 161824K->40148K(199168K)] 451404K->329979K(723456K), 0.0274962 secs] [Times: user=0.33 sys=0.00, real=0.03 secs] 
2016-09-13T19:50:21.849-0400: 191.040: [GC (GCLocker Initiated GC) [PSYoungGen: 178900K->56695K(195584K)] 469098K->346941K(719872K), 0.0222247 secs] [Times: user=0.20 sys=0.00, real=0.02 secs] 
2016-09-13T19:50:22.056-0400: 191.247: [GC (GCLocker Initiated GC) [PSYoungGen: 195447K->46280K(196096K)] 485908K->336848K(720384K), 0.0181502 secs] [Times: user=0.18 sys=0.00, real=0.01 secs] 
2016-09-13T19:50:22.298-0400: 191.489: [GC (GCLocker Initiated GC) [PSYoungGen: 177352K->5178K(136704K)] 480236K->308247K(660992K), 0.0177749 secs] [Times: user=0.17 sys=0.00, real=0.02 secs] 
2016-09-13T19:50:22.490-0400: 191.681: [GC (GCLocker Initiated GC) [PSYoungGen: 136250K->61406K(181248K)] 439561K->366493K(705536K), 0.0134790 secs] [Times: user=0.14 sys=0.00, real=0.01 secs] 
2016-09-13T19:50:22.685-0400: 191.875: [GC (GCLocker Initiated GC) [PSYoungGen: 174046K->49287K(162304K)] 479281K->354653K(686592K), 0.0077648 secs] [Times: user=0.07 sys=0.00, real=0.01 secs] 
2016-09-13T19:50:22.876-0400: 192.066: [GC (GCLocker Initiated GC) [PSYoungGen: 161927K->64384K(175616K)] 467309K->374453K(699904K), 0.0172400 secs] [Times: user=0.16 sys=0.00, real=0.01 secs] 
2016-09-13T19:50:23.038-0400: 192.229: [GC (GCLocker Initiated GC) [PSYoungGen: 164736K->31184K(181248K)] 474989K->350725K(705536K), 0.0095928 secs] [Times: user=0.08 sys=0.00, real=0.01 secs] 
2016-09-13T19:50:23.190-0400: 192.381: [GC (GCLocker Initiated GC) [PSYoungGen: 131536K->24796K(177152K)] 451178K->344595K(701440K), 0.0241972 secs] [Times: user=0.25 sys=0.00, real=0.02 secs] 
2016-09-13T19:50:23.366-0400: 192.556: [GC (GCLocker Initiated GC) [PSYoungGen: 127196K->26447K(180224K)] 448608K->358570K(704512K), 0.0057835 secs] [Times: user=0.04 sys=0.00, real=0.01 secs] 
2016-09-13T19:50:23.517-0400: 192.707: [GC (GCLocker Initiated GC) [PSYoungGen: 128847K->46159K(180736K)] 462536K->380049K(705024K), 0.0080162 secs] [Times: user=0.08 sys=0.00, real=0.00 secs] 
2016-09-13T19:50:23.699-0400: 192.889: [GC (GCLocker Initiated GC) [PSYoungGen: 154191K->23472K(183296K)] 501831K->371389K(707584K), 0.0074842 secs] [Times: user=0.07 sys=0.00, real=0.00 secs] 
2016-09-13T19:50:23.884-0400: 193.074: [GC (GCLocker Initiated GC) [PSYoungGen: 131504K->46185K(185856K)] 479454K->394450K(710144K), 0.0197570 secs] [Times: user=0.24 sys=0.00, real=0.02 secs] 
2016-09-13T19:50:24.099-0400: 193.290: [GC (GCLocker Initiated GC) [PSYoungGen: 158825K->29420K(142336K)] 514777K->394694K(666624K), 0.0075839 secs] [Times: user=0.05 sys=0.00, real=0.00 secs] 
2016-09-13T19:50:24.269-0400: 193.459: [GC (Allocation Failure) [PSYoungGen: 142060K->40387K(188416K)] 507468K->405913K(712704K), 0.0108122 secs] [Times: user=0.10 sys=0.01, real=0.01 secs] 
2016-09-13T19:50:24.454-0400: 193.644: [GC (GCLocker Initiated GC) [PSYoungGen: 157123K->40142K(186368K)] 522650K->405914K(710656K), 0.0143879 secs] [Times: user=0.17 sys=0.00, real=0.02 secs] 
2016-09-13T19:50:24.674-0400: 193.864: [GC (GCLocker Initiated GC) [PSYoungGen: 156878K->14456K(187392K)] 535012K->392874K(711680K), 0.0272861 secs] [Times: user=0.30 sys=0.00, real=0.03 secs] 
2016-09-13T19:50:24.876-0400: 194.066: [GC (Allocation Failure) [PSYoungGen: 134264K->46154K(188416K)] 512810K->424843K(712704K), 0.0097913 secs] [Times: user=0.09 sys=0.00, real=0.00 secs] 
2016-09-13T19:50:25.063-0400: 194.254: [GC (GCLocker Initiated GC) [PSYoungGen: 162138K->26446K(190976K)] 546902K->415987K(715264K), 0.0235730 secs] [Times: user=0.23 sys=0.01, real=0.02 secs] 
2016-09-13T19:50:25.279-0400: 194.469: [GC (GCLocker Initiated GC) [PSYoungGen: 150862K->28119K(192000K)] 542095K->419606K(716288K), 0.0111359 secs] [Times: user=0.14 sys=0.00, real=0.01 secs] 
2016-09-13T19:50:25.457-0400: 194.648: [GC (GCLocker Initiated GC) [PSYoungGen: 152535K->49447K(190976K)] 544147K->441284K(715264K), 0.0120897 secs] [Times: user=0.14 sys=0.00, real=0.01 secs] 
2016-09-13T19:50:25.666-0400: 194.857: [GC (GCLocker Initiated GC) [PSYoungGen: 174887K->49387K(175104K)] 566951K->441640K(699392K), 0.0266510 secs] [Times: user=0.30 sys=0.00, real=0.03 secs] 
2016-09-13T19:50:25.879-0400: 195.069: [GC (GCLocker Initiated GC) [PSYoungGen: 174827K->41571K(194048K)] 568613K->443188K(718336K), 0.0107613 secs] [Times: user=0.09 sys=0.00, real=0.01 secs] 
2016-09-13T19:50:26.078-0400: 195.268: [GC (GCLocker Initiated GC) [PSYoungGen: 165987K->47896K(192512K)] 567607K->452751K(716800K), 0.0190029 secs] [Times: user=0.14 sys=0.00, real=0.02 secs] 
2016-09-13T19:50:26.267-0400: 195.457: [GC (GCLocker Initiated GC) [PSYoungGen: 172312K->44608K(193536K)] 577184K->449646K(717824K), 0.0085831 secs] [Times: user=0.09 sys=0.00, real=0.01 secs] 
2016-09-13T19:50:26.473-0400: 195.664: [GC (Allocation Failure) [PSYoungGen: 169536K->47741K(193024K)] 574776K->457747K(717312K), 0.0212084 secs] [Times: user=0.20 sys=0.00, real=0.02 secs] 
2016-09-13T19:50:26.666-0400: 195.856: [GC (GCLocker Initiated GC) [PSYoungGen: 172669K->43243K(191488K)] 582677K->457966K(715776K), 0.0112973 secs] [Times: user=0.11 sys=0.00, real=0.02 secs] 
2016-09-13T19:50:26.875-0400: 196.066: [GC (GCLocker Initiated GC) [PSYoungGen: 169195K->44672K(192512K)] 584124K->459862K(716800K), 0.0231766 secs] [Times: user=0.24 sys=0.01, real=0.03 secs] 
2016-09-13T19:50:27.090-0400: 196.281: [GC (GCLocker Initiated GC) [PSYoungGen: 170624K->29916K(194560K)] 598086K->457573K(718848K), 0.0125967 secs] [Times: user=0.10 sys=0.00, real=0.01 secs] 
2016-09-13T19:50:27.300-0400: 196.490: [GC (GCLocker Initiated GC) [PSYoungGen: 159964K->50715K(195072K)] 587656K->478674K(719360K), 0.0074885 secs] [Times: user=0.06 sys=0.01, real=0.01 secs] 
2016-09-13T19:50:27.515-0400: 196.705: [GC (GCLocker Initiated GC) [PSYoungGen: 180763K->28034K(196096K)] 610397K->470036K(720384K), 0.0341420 secs] [Times: user=0.40 sys=0.02, real=0.04 secs] 
2016-09-13T19:50:27.736-0400: 196.926: [GC (GCLocker Initiated GC) [PSYoungGen: 157570K->49320K(179200K)] 599642K->491535K(703488K), 0.0187224 secs] [Times: user=0.23 sys=0.01, real=0.01 secs] 
2016-09-13T19:50:27.960-0400: 197.150: [GC (GCLocker Initiated GC) [PSYoungGen: 178856K->27875K(195584K)] 621090K->476248K(719872K), 0.0072072 secs] [Times: user=0.06 sys=0.00, real=0.00 secs] 
2016-09-13T19:50:28.171-0400: 197.362: [GC (GCLocker Initiated GC) [PSYoungGen: 156387K->23372K(195072K)] 607890K->476517K(719360K), 0.0201999 secs] [Times: user=0.19 sys=0.00, real=0.02 secs] 
2016-09-13T19:50:28.345-0400: 197.535: [GC (GCLocker Initiated GC) [PSYoungGen: 151884K->17234K(194560K)] 606735K->490628K(718848K), 0.0188748 secs] [Times: user=0.17 sys=0.01, real=0.02 secs] 
2016-09-13T19:50:28.558-0400: 197.748: [GC (GCLocker Initiated GC) [PSYoungGen: 145234K->44634K(173056K)] 620379K->519902K(697344K), 0.0103290 secs] [Times: user=0.08 sys=0.00, real=0.01 secs] 
2016-09-13T19:50:28.774-0400: 197.964: [GC (GCLocker Initiated GC) [PSYoungGen: 172634K->24896K(195584K)] 649689K->502144K(719872K), 0.0056102 secs] [Times: user=0.04 sys=0.01, real=0.01 secs] 
2016-09-13T19:50:28.997-0400: 198.187: [GC (GCLocker Initiated GC) [PSYoungGen: 152896K->28147K(156160K)] 630149K->505650K(680448K), 0.0210408 secs] [Times: user=0.22 sys=0.00, real=0.02 secs] 
2016-09-13T19:50:29.222-0400: 198.412: [GC (GCLocker Initiated GC) [PSYoungGen: 156147K->29607K(194560K)] 642878K->516535K(718848K), 0.0064533 secs] [Times: user=0.08 sys=0.00, real=0.01 secs] 
2016-09-13T19:50:29.427-0400: 198.618: [GC (GCLocker Initiated GC) [PSYoungGen: 159655K->46345K(192512K)] 646812K->556533K(716800K), 0.0109738 secs] [Times: user=0.13 sys=0.00, real=0.02 secs] 
2016-09-13T19:50:29.438-0400: 198.629: [Full GC (Ergonomics) [PSYoungGen: 46345K->0K(192512K)] [ParOldGen: 510187K->39310K(524288K)] 556533K->39310K(716800K), [Metaspace: 44678K->44678K(1087488K)], 0.0613347 secs] [Times: user=0.46 sys=0.02, real=0.06 secs] 
2016-09-13T19:50:29.664-0400: 198.855: [GC (GCLocker Initiated GC) [PSYoungGen: 130048K->63269K(182784K)] 172621K->175705K(707072K), 0.0125965 secs] [Times: user=0.17 sys=0.02, real=0.02 secs] 
2016-09-13T19:50:29.841-0400: 199.031: [GC (GCLocker Initiated GC) [PSYoungGen: 182053K->37627K(190464K)] 294511K->154946K(714752K), 0.0068883 secs] [Times: user=0.10 sys=0.00, real=0.00 secs] 
2016-09-13T19:50:30.015-0400: 199.205: [GC (GCLocker Initiated GC) [PSYoungGen: 156411K->32767K(182272K)] 273769K->159737K(706560K), 0.0064792 secs] [Times: user=0.06 sys=0.00, real=0.01 secs] 
2016-09-13T19:50:30.203-0400: 199.394: [GC (GCLocker Initiated GC) [PSYoungGen: 154623K->37355K(187904K)] 281612K->164778K(712192K), 0.0136777 secs] [Times: user=0.17 sys=0.00, real=0.02 secs] 
2016-09-13T19:50:30.410-0400: 199.600: [GC (Allocation Failure) [PSYoungGen: 159211K->47773K(195584K)] 286913K->181760K(719872K), 0.0251821 secs] [Times: user=0.35 sys=0.00, real=0.02 secs] 
2016-09-13T19:50:30.644-0400: 199.835: [GC (GCLocker Initiated GC) [PSYoungGen: 178309K->9767K(142848K)] 318371K->149901K(667136K), 0.0167824 secs] [Times: user=0.15 sys=0.00, real=0.02 secs] 
2016-09-13T19:50:30.854-0400: 200.044: [GC (Allocation Failure) [PSYoungGen: 142375K->20527K(195584K)] 294714K->173151K(719872K), 0.0038318 secs] [Times: user=0.03 sys=0.00, real=0.01 secs] 
2016-09-13T19:50:31.088-0400: 200.278: [GC (GCLocker Initiated GC) [PSYoungGen: 149039K->41848K(170496K)] 301665K->199208K(694784K), 0.0131541 secs] [Times: user=0.13 sys=0.01, real=0.01 secs] 
2016-09-13T19:50:31.301-0400: 200.491: [GC (GCLocker Initiated GC) [PSYoungGen: 170360K->46473K(193536K)] 327915K->204270K(717824K), 0.0083871 secs] [Times: user=0.10 sys=0.01, real=0.01 secs] 
2016-09-13T19:50:31.494-0400: 200.685: [GC (GCLocker Initiated GC) [PSYoungGen: 173960K->41944K(194560K)] 334969K->203336K(718848K), 0.0055661 secs] [Times: user=0.07 sys=0.00, real=0.01 secs] 
2016-09-13T19:50:31.722-0400: 200.912: [GC (GCLocker Initiated GC) [PSYoungGen: 169432K->53785K(189440K)] 330853K->215287K(713728K), 0.0161333 secs] [Times: user=0.13 sys=0.00, real=0.02 secs] 
2016-09-13T19:50:31.899-0400: 201.090: [GC (GCLocker Initiated GC) [PSYoungGen: 176665K->28274K(192512K)] 344343K->211267K(716800K), 0.0068671 secs] [Times: user=0.08 sys=0.01, real=0.00 secs] 
2016-09-13T19:50:32.101-0400: 201.292: [GC (GCLocker Initiated GC) [PSYoungGen: 151154K->43275K(189440K)] 344964K->237499K(713728K), 0.0083024 secs] [Times: user=0.09 sys=0.00, real=0.01 secs] 
2016-09-13T19:50:32.306-0400: 201.497: [GC (GCLocker Initiated GC) [PSYoungGen: 167179K->47928K(191488K)] 367650K->253197K(715776K), 0.0288547 secs] [Times: user=0.26 sys=0.00, real=0.03 secs] 
2016-09-13T19:50:32.527-0400: 201.717: [GC (GCLocker Initiated GC) [PSYoungGen: 171832K->61347K(182784K)] 378682K->274556K(707072K), 0.0115489 secs] [Times: user=0.11 sys=0.02, real=0.02 secs] 
2016-09-13T19:50:32.723-0400: 201.913: [GC (GCLocker Initiated GC) [PSYoungGen: 176035K->44730K(188416K)] 395600K->264410K(712704K), 0.0107317 secs] [Times: user=0.07 sys=0.00, real=0.01 secs] 
2016-09-13T19:50:32.900-0400: 202.090: [GC (Allocation Failure) [PSYoungGen: 159418K->46217K(184320K)] 387006K->278637K(708608K), 0.0249844 secs] [Times: user=0.25 sys=0.00, real=0.02 secs] 
2016-09-13T19:50:33.099-0400: 202.289: [GC (GCLocker Initiated GC) [PSYoungGen: 162953K->61469K(187392K)] 395384K->294160K(711680K), 0.0097027 secs] [Times: user=0.10 sys=0.00, real=0.01 secs] 
2016-09-13T19:50:33.301-0400: 202.491: [GC (GCLocker Initiated GC) [PSYoungGen: 178205K->5270K(180224K)] 420237K->247527K(704512K), 0.0043145 secs] [Times: user=0.02 sys=0.00, real=0.00 secs] 
2016-09-13T19:50:33.483-0400: 202.673: [GC (GCLocker Initiated GC) [PSYoungGen: 110742K->44736K(183808K)] 353124K->287335K(708096K), 0.0087782 secs] [Times: user=0.10 sys=0.00, real=0.01 secs] 
2016-09-13T19:50:33.654-0400: 202.845: [GC (GCLocker Initiated GC) [PSYoungGen: 150208K->14601K(183808K)] 405133K->269648K(708096K), 0.0071796 secs] [Times: user=0.06 sys=0.00, real=0.01 secs] 
2016-09-13T19:50:33.854-0400: 203.044: [GC (GCLocker Initiated GC) [PSYoungGen: 122121K->9645K(117248K)] 389418K->277151K(641536K), 0.0276961 secs] [Times: user=0.24 sys=0.00, real=0.03 secs] 
2016-09-13T19:50:34.048-0400: 203.239: [GC (GCLocker Initiated GC) [PSYoungGen: 117165K->12832K(184832K)] 396930K->292736K(709120K), 0.0094053 secs] [Times: user=0.08 sys=0.00, real=0.01 secs] 
2016-09-13T19:50:34.231-0400: 203.422: [GC (Allocation Failure) [PSYoungGen: 119840K->26633K(134144K)] 399928K->313009K(658432K), 0.0115830 secs] [Times: user=0.13 sys=0.01, real=0.01 secs] 
2016-09-13T19:50:34.402-0400: 203.593: [GC (GCLocker Initiated GC) [PSYoungGen: 129810K->14292K(182272K)] 422260K->306976K(706560K), 0.0152904 secs] [Times: user=0.17 sys=0.00, real=0.02 secs] 
2016-09-13T19:50:34.577-0400: 203.768: [GC (GCLocker Initiated GC) [PSYoungGen: 122324K->27998K(181248K)] 416759K->322552K(705536K), 0.0053593 secs] [Times: user=0.05 sys=0.00, real=0.00 secs] 
2016-09-13T19:50:34.746-0400: 203.936: [GC (Allocation Failure) [PSYoungGen: 136030K->26473K(185856K)] 439866K->330496K(710144K), 0.0108818 secs] [Times: user=0.10 sys=0.00, real=0.02 secs] 
2016-09-13T19:50:34.956-0400: 204.146: [GC (GCLocker Initiated GC) [PSYoungGen: 144233K->14387K(183808K)] 448258K->318712K(708096K), 0.0207474 secs] [Times: user=0.27 sys=0.00, real=0.02 secs] 
2016-09-13T19:50:35.137-0400: 204.328: [GC (Allocation Failure) [PSYoungGen: 132147K->52480K(186880K)] 436584K->357174K(711168K), 0.0099669 secs] [Times: user=0.14 sys=0.00, real=0.00 secs] 
2016-09-13T19:50:35.335-0400: 204.526: [GC (GCLocker Initiated GC) [PSYoungGen: 174336K->32420K(192000K)] 479036K->340273K(716288K), 0.0498602 secs] [Times: user=0.47 sys=0.00, real=0.05 secs] 
2016-09-13T19:50:35.553-0400: 204.743: [GC (GCLocker Initiated GC) [PSYoungGen: 154276K->47672K(189952K)] 462161K->355785K(714240K), 0.0071475 secs] [Times: user=0.06 sys=0.00, real=0.01 secs] 
2016-09-13T19:50:35.749-0400: 204.939: [GC (GCLocker Initiated GC) [PSYoungGen: 170552K->46228K(169472K)] 478691K->368327K(693760K), 0.0101238 secs] [Times: user=0.10 sys=0.00, real=0.01 secs] 
2016-09-13T19:50:35.931-0400: 205.121: [GC (GCLocker Initiated GC) [PSYoungGen: 169108K->43248K(191488K)] 491271K->373222K(715776K), 0.0125208 secs] [Times: user=0.12 sys=0.00, real=0.01 secs] 
2016-09-13T19:50:36.121-0400: 205.311: [GC (GCLocker Initiated GC) [PSYoungGen: 163568K->52393K(173056K)] 493562K->382678K(697344K), 0.0143098 secs] [Times: user=0.15 sys=0.00, real=0.01 secs] 
2016-09-13T19:50:36.335-0400: 205.525: [GC (GCLocker Initiated GC) [PSYoungGen: 172713K->23250K(189952K)] 509408K->369275K(714240K), 0.0077256 secs] [Times: user=0.07 sys=0.00, real=0.01 secs] 
2016-09-13T19:50:36.506-0400: 205.696: [GC (GCLocker Initiated GC) [PSYoungGen: 139474K->50683K(166912K)] 485592K->396915K(691200K), 0.0169029 secs] [Times: user=0.14 sys=0.00, real=0.02 secs] 
2016-09-13T19:50:36.699-0400: 205.889: [GC (GCLocker Initiated GC) [PSYoungGen: 166907K->62961K(175616K)] 514786K->421721K(699904K), 0.0079201 secs] [Times: user=0.07 sys=0.00, real=0.00 secs] 
2016-09-13T19:50:36.866-0400: 206.056: [GC (GCLocker Initiated GC) [PSYoungGen: 164337K->44762K(181760K)] 523320K->406985K(706048K), 0.0074729 secs] [Times: user=0.06 sys=0.00, real=0.01 secs] 
2016-09-13T19:50:37.052-0400: 206.242: [GC (GCLocker Initiated GC) [PSYoungGen: 146138K->11286K(181760K)] 520661K->385931K(706048K), 0.0061303 secs] [Times: user=0.04 sys=0.00, real=0.01 secs] 
2016-09-13T19:50:37.226-0400: 206.416: [GC (GCLocker Initiated GC) [PSYoungGen: 114710K->27928K(131584K)] 489378K->402797K(655872K), 0.0264865 secs] [Times: user=0.27 sys=0.01, real=0.03 secs] 
2016-09-13T19:50:37.442-0400: 206.632: [GC (Allocation Failure) [PSYoungGen: 131352K->2082K(179712K)] 512447K->392475K(704000K), 0.0108600 secs] [Times: user=0.05 sys=0.01, real=0.01 secs] 
2016-09-13T19:50:37.594-0400: 206.785: [GC (GCLocker Initiated GC) [PSYoungGen: 104994K->32676K(135680K)] 495390K->427892K(659968K), 0.0130945 secs] [Times: user=0.14 sys=0.00, real=0.01 secs] 
2016-09-13T19:50:37.747-0400: 206.937: [GC (GCLocker Initiated GC) [PSYoungGen: 135588K->29574K(184320K)] 536969K->431223K(708608K), 0.0219911 secs] [Times: user=0.23 sys=0.00, real=0.03 secs] 
2016-09-13T19:50:37.920-0400: 207.111: [GC (GCLocker Initiated GC) [PSYoungGen: 140166K->64511K(180736K)] 541842K->480152K(705024K), 0.0175187 secs] [Times: user=0.17 sys=0.00, real=0.02 secs] 
2016-09-13T19:50:38.109-0400: 207.299: [GC (GCLocker Initiated GC) [PSYoungGen: 175103K->26605K(186368K)] 602927K->462265K(710656K), 0.0093591 secs] [Times: user=0.07 sys=0.00, real=0.01 secs] 
2016-09-13T19:50:38.319-0400: 207.509: [GC (GCLocker Initiated GC) [PSYoungGen: 134637K->29389K(137728K)] 576384K->471394K(662016K), 0.0227675 secs] [Times: user=0.24 sys=0.00, real=0.02 secs] 
2016-09-13T19:50:38.500-0400: 207.690: [GC (GCLocker Initiated GC) [PSYoungGen: 137421K->15937K(181760K)] 593234K->471904K(706048K), 0.0109798 secs] [Times: user=0.11 sys=0.00, real=0.01 secs] 
2016-09-13T19:50:38.683-0400: 207.873: [GC (GCLocker Initiated GC) [PSYoungGen: 124993K->41762K(180736K)] 582691K->505856K(705024K), 0.0174363 secs] [Times: user=0.18 sys=0.00, real=0.02 secs] 
2016-09-13T19:50:38.860-0400: 208.050: [GC (GCLocker Initiated GC) [PSYoungGen: 150818K->41597K(189440K)] 614924K->505912K(713728K), 0.0187969 secs] [Times: user=0.19 sys=0.00, real=0.02 secs] 
2016-09-13T19:50:39.076-0400: 208.267: [GC (Allocation Failure) [PSYoungGen: 159869K->5269K(188928K)] 636655K->482265K(713216K), 0.0036221 secs] [Times: user=0.03 sys=0.00, real=0.00 secs] 
2016-09-13T19:50:39.255-0400: 208.445: [GC (GCLocker Initiated GC) [PSYoungGen: 123541K->40079K(190464K)] 600540K->517284K(714752K), 0.0134650 secs] [Times: user=0.10 sys=0.00, real=0.02 secs] 
2016-09-13T19:50:39.467-0400: 208.658: [GC (GCLocker Initiated GC) [PSYoungGen: 158863K->31061K(150016K)] 642232K->514603K(674304K), 0.0138179 secs] [Times: user=0.15 sys=0.00, real=0.02 secs] 
2016-09-13T19:50:39.645-0400: 208.836: [GC (GCLocker Initiated GC) [PSYoungGen: 149845K->44762K(185856K)] 633400K->534631K(710144K), 0.0148016 secs] [Times: user=0.14 sys=0.01, real=0.02 secs] 
2016-09-13T19:50:39.855-0400: 209.045: [GC (GCLocker Initiated GC) [PSYoungGen: 163034K->31036K(186880K)] 652931K->524180K(711168K), 0.0232691 secs] [Times: user=0.33 sys=0.00, real=0.03 secs] 
2016-09-13T19:50:40.056-0400: 209.246: [GC (GCLocker Initiated GC) [PSYoungGen: 149308K->14606K(191488K)] 654651K->536834K(715776K), 0.0049164 secs] [Times: user=0.05 sys=0.00, real=0.00 secs] 
2016-09-13T19:50:40.061-0400: 209.251: [Full GC (Ergonomics) [PSYoungGen: 14606K->0K(191488K)] [ParOldGen: 522228K->39980K(524288K)] 536834K->39980K(715776K), [Metaspace: 44686K->44686K(1087488K)], 0.0575287 secs] [Times: user=0.40 sys=0.01, real=0.06 secs] 
2016-09-13T19:50:40.280-0400: 209.470: [GC (GCLocker Initiated GC) [PSYoungGen: 125952K->64729K(190976K)] 167707K->124710K(715264K), 0.0188915 secs] [Times: user=0.21 sys=0.01, real=0.02 secs] 
2016-09-13T19:50:40.470-0400: 209.660: [GC (GCLocker Initiated GC) [PSYoungGen: 190681K->41976K(186880K)] 250688K->129698K(711168K), 0.0230441 secs] [Times: user=0.29 sys=0.00, real=0.02 secs] 
2016-09-13T19:50:40.667-0400: 209.857: [GC (GCLocker Initiated GC) [PSYoungGen: 157688K->66062K(182272K)] 245491K->163295K(706560K), 0.0082699 secs] [Times: user=0.12 sys=0.00, real=0.01 secs] 
2016-09-13T19:50:40.854-0400: 210.044: [GC (GCLocker Initiated GC) [PSYoungGen: 181773K->14515K(180224K)] 291396K->124363K(704512K), 0.0105085 secs] [Times: user=0.12 sys=0.00, real=0.01 secs] 
2016-09-13T19:50:41.015-0400: 210.205: [GC (GCLocker Initiated GC) [PSYoungGen: 114867K->37329K(137728K)] 226265K->148948K(662016K), 0.0095223 secs] [Times: user=0.11 sys=0.00, real=0.01 secs] 
2016-09-13T19:50:41.196-0400: 210.387: [GC (GCLocker Initiated GC) [PSYoungGen: 137681K->27870K(180736K)] 252385K->147251K(705024K), 0.0250704 secs] [Times: user=0.27 sys=0.00, real=0.02 secs] 
2016-09-13T19:50:41.375-0400: 210.566: [GC (GCLocker Initiated GC) [PSYoungGen: 131806K->9677K(178176K)] 258817K->141366K(702464K), 0.0040623 secs] [Times: user=0.02 sys=0.00, real=0.01 secs] 
2016-09-13T19:50:41.515-0400: 210.706: [GC (GCLocker Initiated GC) [PSYoungGen: 113613K->46191K(185344K)] 245400K->185817K(709632K), 0.0101156 secs] [Times: user=0.08 sys=0.00, real=0.01 secs] 
2016-09-13T19:50:41.700-0400: 210.891: [GC (GCLocker Initiated GC) [PSYoungGen: 156783K->23627K(134656K)] 299507K->178759K(658944K), 0.0110288 secs] [Times: user=0.13 sys=0.00, real=0.01 secs] 
2016-09-13T19:50:41.912-0400: 211.102: [GC (GCLocker Initiated GC) [PSYoungGen: 134219K->41911K(186368K)] 295497K->203430K(710656K), 0.0126393 secs] [Times: user=0.14 sys=0.00, real=0.01 secs] 
2016-09-13T19:50:42.101-0400: 211.291: [GC (GCLocker Initiated GC) [PSYoungGen: 155063K->55586K(185344K)] 316610K->221997K(709632K), 0.0087618 secs] [Times: user=0.10 sys=0.00, real=0.01 secs] 
2016-09-13T19:50:42.266-0400: 211.457: [GC (GCLocker Initiated GC) [PSYoungGen: 168738K->43276K(186880K)] 335322K->222251K(711168K), 0.0083335 secs] [Times: user=0.09 sys=0.00, real=0.01 secs] 
2016-09-13T19:50:42.457-0400: 211.648: [GC (GCLocker Initiated GC) [PSYoungGen: 153356K->29736K(140288K)] 338663K->215319K(664576K), 0.0071443 secs] [Times: user=0.06 sys=0.00, real=0.00 secs] 
2016-09-13T19:50:42.649-0400: 211.839: [GC (GCLocker Initiated GC) [PSYoungGen: 139816K->14387K(182784K)] 337552K->212262K(707072K), 0.0093944 secs] [Times: user=0.12 sys=0.00, real=0.01 secs] 
2016-09-13T19:50:42.848-0400: 212.038: [GC (Allocation Failure) [PSYoungGen: 124467K->9698K(182784K)] 334715K->220214K(707072K), 0.0172039 secs] [Times: user=0.21 sys=0.00, real=0.01 secs] 
2016-09-13T19:50:43.034-0400: 212.225: [GC (GCLocker Initiated GC) [PSYoungGen: 119778K->24801K(184320K)] 330296K->235579K(708608K), 0.0095544 secs] [Times: user=0.07 sys=0.00, real=0.01 secs] 
2016-09-13T19:50:43.255-0400: 212.445: [GC (GCLocker Initiated GC) [PSYoungGen: 141537K->23618K(186880K)] 366083K->248284K(711168K), 0.0182280 secs] [Times: user=0.20 sys=0.00, real=0.02 secs] 
2016-09-13T19:50:43.448-0400: 212.638: [GC (GCLocker Initiated GC) [PSYoungGen: 140354K->47677K(188416K)] 371223K->278634K(712704K), 0.0093022 secs] [Times: user=0.05 sys=0.00, real=0.01 secs] 
2016-09-13T19:50:43.655-0400: 212.845: [GC (Allocation Failure) [PSYoungGen: 169021K->25205K(191488K)] 400039K->256401K(715776K), 0.0113507 secs] [Times: user=0.11 sys=0.00, real=0.01 secs] 
2016-09-13T19:50:43.844-0400: 213.034: [GC (GCLocker Initiated GC) [PSYoungGen: 142534K->9805K(191488K)] 379804K->254880K(715776K), 0.0101675 secs] [Times: user=0.11 sys=0.00, real=0.01 secs] 
2016-09-13T19:50:44.039-0400: 213.229: [GC (GCLocker Initiated GC) [PSYoungGen: 134221K->31095K(192000K)] 379321K->276290K(716288K), 0.0126426 secs] [Times: user=0.13 sys=0.01, real=0.01 secs] 
2016-09-13T19:50:44.254-0400: 213.444: [GC (Allocation Failure) [PSYoungGen: 155511K->10081K(192512K)] 412964K->281425K(716800K), 0.0167974 secs] [Times: user=0.24 sys=0.00, real=0.02 secs] 
2016-09-13T19:50:44.457-0400: 213.647: [GC (GCLocker Initiated GC) [PSYoungGen: 138081K->46437K(192000K)] 409428K->318170K(716288K), 0.0122513 secs] [Times: user=0.15 sys=0.00, real=0.01 secs] 
2016-09-13T19:50:44.666-0400: 213.856: [GC (GCLocker Initiated GC) [PSYoungGen: 174437K->41726K(192512K)] 447700K->315052K(716800K), 0.0064960 secs] [Times: user=0.04 sys=0.01, real=0.01 secs] 
2016-09-13T19:50:44.866-0400: 214.057: [GC (GCLocker Initiated GC) [PSYoungGen: 166654K->44799K(169984K)] 440159K->324517K(694272K), 0.0118188 secs] [Times: user=0.12 sys=0.00, real=0.02 secs] 
2016-09-13T19:50:45.062-0400: 214.252: [GC (GCLocker Initiated GC) [PSYoungGen: 169727K->44725K(190976K)] 449626K->324776K(715264K), 0.0281117 secs] [Times: user=0.31 sys=0.00, real=0.03 secs] 
2016-09-13T19:50:45.266-0400: 214.456: [GC (GCLocker Initiated GC) [PSYoungGen: 165557K->43025K(191488K)] 445802K->323521K(715776K), 0.0190726 secs] [Times: user=0.18 sys=0.00, real=0.02 secs] 
2016-09-13T19:50:45.457-0400: 214.647: [GC (GCLocker Initiated GC) [PSYoungGen: 163857K->40238K(189440K)] 444605K->321125K(713728K), 0.0123335 secs] [Times: user=0.12 sys=0.00, real=0.01 secs] 
2016-09-13T19:50:45.650-0400: 214.841: [GC (GCLocker Initiated GC) [PSYoungGen: 161070K->32740K(153600K)] 448210K->327840K(677888K), 0.0223260 secs] [Times: user=0.30 sys=0.01, real=0.02 secs] 
2016-09-13T19:50:45.866-0400: 215.056: [GC (Allocation Failure) [PSYoungGen: 153572K->40202K(190976K)] 448825K->335665K(715264K), 0.0103423 secs] [Times: user=0.08 sys=0.01, real=0.02 secs] 
2016-09-13T19:50:46.051-0400: 215.241: [GC (GCLocker Initiated GC) [PSYoungGen: 165130K->47864K(189952K)] 460598K->343479K(714240K), 0.0233585 secs] [Times: user=0.21 sys=0.01, real=0.02 secs] 
2016-09-13T19:50:46.285-0400: 215.475: [GC (GCLocker Initiated GC) [PSYoungGen: 172792K->34163K(194048K)] 468424K->330052K(718336K), 0.0276035 secs] [Times: user=0.31 sys=0.00, real=0.03 secs] 
2016-09-13T19:50:46.498-0400: 215.688: [GC (GCLocker Initiated GC) [PSYoungGen: 164211K->52330K(194560K)] 460125K->350015K(718848K), 0.0057998 secs] [Times: user=0.05 sys=0.00, real=0.00 secs] 
2016-09-13T19:50:46.699-0400: 215.889: [GC (GCLocker Initiated GC) [PSYoungGen: 182378K->34036K(195072K)] 492305K->347152K(719360K), 0.0100439 secs] [Times: user=0.08 sys=0.00, real=0.01 secs] 
2016-09-13T19:50:46.900-0400: 216.090: [GC (GCLocker Initiated GC) [PSYoungGen: 163572K->41570K(194560K)] 478217K->364073K(718848K), 0.0089186 secs] [Times: user=0.07 sys=0.00, real=0.01 secs] 
2016-09-13T19:50:47.109-0400: 216.299: [GC (GCLocker Initiated GC) [PSYoungGen: 171106K->44517K(195584K)] 495340K->368960K(719872K), 0.0072458 secs] [Times: user=0.04 sys=0.00, real=0.01 secs] 
2016-09-13T19:50:47.334-0400: 216.524: [GC (GCLocker Initiated GC) [PSYoungGen: 176101K->41789K(195584K)] 502255K->368098K(719872K), 0.0064042 secs] [Times: user=0.07 sys=0.00, real=0.01 secs] 
2016-09-13T19:50:47.534-0400: 216.724: [GC (Allocation Failure) [PSYoungGen: 173373K->41698K(197120K)] 500037K->368580K(721408K), 0.0190116 secs] [Times: user=0.27 sys=0.00, real=0.02 secs] 
2016-09-13T19:50:47.744-0400: 216.934: [GC (Allocation Failure) [PSYoungGen: 175609K->24769K(196608K)] 502491K->351785K(720896K), 0.0222406 secs] [Times: user=0.23 sys=0.00, real=0.02 secs] 
2016-09-13T19:50:47.984-0400: 217.174: [GC (GCLocker Initiated GC) [PSYoungGen: 159937K->44570K(199680K)] 488481K->373229K(723968K), 0.0413264 secs] [Times: user=0.42 sys=0.00, real=0.04 secs] 
2016-09-13T19:50:48.220-0400: 217.410: [GC (GCLocker Initiated GC) [PSYoungGen: 182810K->29612K(167936K)] 513060K->360162K(692224K), 0.0166762 secs] [Times: user=0.17 sys=0.01, real=0.02 secs] 
2016-09-13T19:50:48.459-0400: 217.649: [GC (Allocation Failure) [PSYoungGen: 167852K->5265K(195072K)] 512308K->349785K(719360K), 0.0158312 secs] [Times: user=0.17 sys=0.01, real=0.01 secs] 
2016-09-13T19:50:48.686-0400: 217.876: [GC (GCLocker Initiated GC) [PSYoungGen: 136761K->50684K(184832K)] 487356K->401491K(709120K), 0.0155129 secs] [Times: user=0.16 sys=0.00, real=0.02 secs] 
2016-09-13T19:50:48.899-0400: 218.089: [GC (GCLocker Initiated GC) [PSYoungGen: 184828K->34131K(197632K)] 548066K->397433K(721920K), 0.0108371 secs] [Times: user=0.08 sys=0.01, real=0.01 secs] 
2016-09-13T19:50:49.122-0400: 218.313: [GC (GCLocker Initiated GC) [PSYoungGen: 164691K->51034K(195072K)] 528242K->414766K(719360K), 0.0072615 secs] [Times: user=0.08 sys=0.00, real=0.01 secs] 
2016-09-13T19:50:49.331-0400: 218.522: [GC (GCLocker Initiated GC) [PSYoungGen: 181594K->23595K(195584K)] 547017K->389252K(719872K), 0.0058699 secs] [Times: user=0.06 sys=0.00, real=0.01 secs] 
2016-09-13T19:50:49.545-0400: 218.735: [GC (GCLocker Initiated GC) [PSYoungGen: 152107K->9640K(138240K)] 520829K->378493K(662528K), 0.0159906 secs] [Times: user=0.18 sys=0.00, real=0.02 secs] 
2016-09-13T19:50:49.765-0400: 218.956: [GC (GCLocker Initiated GC) [PSYoungGen: 138152K->10017K(193024K)] 513154K->391182K(717312K), 0.0072503 secs] [Times: user=0.06 sys=0.01, real=0.01 secs] 
2016-09-13T19:50:49.980-0400: 219.170: [GC (GCLocker Initiated GC) [PSYoungGen: 134945K->26506K(151552K)] 517810K->409695K(675840K), 0.0059284 secs] [Times: user=0.06 sys=0.00, real=0.00 secs] 
2016-09-13T19:50:50.196-0400: 219.387: [GC (GCLocker Initiated GC) [PSYoungGen: 151434K->40047K(190976K)] 536393K->425120K(715264K), 0.0162202 secs] [Times: user=0.19 sys=0.00, real=0.01 secs] 
2016-09-13T19:50:50.383-0400: 219.573: [GC (GCLocker Initiated GC) [PSYoungGen: 165487K->35745K(190976K)] 550694K->421200K(715264K), 0.0054523 secs] [Times: user=0.06 sys=0.00, real=0.01 secs] 
2016-09-13T19:50:50.560-0400: 219.750: [GC (Allocation Failure) [PSYoungGen: 161185K->35650K(194048K)] 546760K->429107K(718336K), 0.0171002 secs] [Times: user=0.19 sys=0.00, real=0.02 secs] 
2016-09-13T19:50:50.796-0400: 219.987: [GC (GCLocker Initiated GC) [PSYoungGen: 168258K->8066K(194560K)] 561716K->409303K(718848K), 0.0150487 secs] [Times: user=0.17 sys=0.00, real=0.01 secs] 
2016-09-13T19:50:51.014-0400: 220.204: [GC (GCLocker Initiated GC) [PSYoungGen: 140674K->28337K(195072K)] 543608K->431454K(719360K), 0.0074659 secs] [Times: user=0.08 sys=0.00, real=0.01 secs] 
2016-09-13T19:50:51.244-0400: 220.435: [GC (GCLocker Initiated GC) [PSYoungGen: 165553K->9826K(197120K)] 580996K->425666K(721408K), 0.0178714 secs] [Times: user=0.22 sys=0.00, real=0.02 secs] 
2016-09-13T19:50:51.503-0400: 220.694: [GC (GCLocker Initiated GC) [PSYoungGen: 147042K->25136K(197632K)] 570555K->448875K(721920K), 0.0144228 secs] [Times: user=0.16 sys=0.00, real=0.02 secs] 
2016-09-13T19:50:51.717-0400: 220.907: [GC (GCLocker Initiated GC) [PSYoungGen: 166960K->32682K(199680K)] 590754K->456645K(723968K), 0.0109206 secs] [Times: user=0.13 sys=0.00, real=0.01 secs] 
2016-09-13T19:50:51.979-0400: 221.169: [GC (Allocation Failure) [PSYoungGen: 174506K->29629K(198144K)] 600068K->455358K(722432K), 0.0132548 secs] [Times: user=0.15 sys=0.01, real=0.01 secs] 
2016-09-13T19:50:52.190-0400: 221.381: [GC (GCLocker Initiated GC) [PSYoungGen: 177068K->32677K(201728K)] 604316K->466186K(726016K), 0.0151163 secs] [Times: user=0.19 sys=0.00, real=0.01 secs] 
2016-09-13T19:50:52.418-0400: 221.608: [GC (GCLocker Initiated GC) [PSYoungGen: 180133K->23554K(203776K)] 613674K->457298K(728064K), 0.0183030 secs] [Times: user=0.25 sys=0.01, real=0.02 secs] 
2016-09-13T19:50:52.664-0400: 221.854: [GC (GCLocker Initiated GC) [PSYoungGen: 178178K->50971K(205824K)] 612091K->486780K(730112K), 0.0249615 secs] [Times: user=0.32 sys=0.00, real=0.03 secs] 
2016-09-13T19:50:52.924-0400: 222.115: [GC (GCLocker Initiated GC) [PSYoungGen: 205595K->38495K(201728K)] 641765K->479368K(726016K), 0.0282845 secs] [Times: user=0.28 sys=0.01, real=0.03 secs] 
2016-09-13T19:50:53.144-0400: 222.334: [GC (GCLocker Initiated GC) [PSYoungGen: 183903K->28055K(203776K)] 626314K->470710K(728064K), 0.0115542 secs] [Times: user=0.12 sys=0.00, real=0.01 secs] 
2016-09-13T19:50:53.409-0400: 222.599: [GC (GCLocker Initiated GC) [PSYoungGen: 173463K->28023K(199680K)] 623829K->487873K(723968K), 0.0218787 secs] [Times: user=0.21 sys=0.00, real=0.02 secs] 
2016-09-13T19:50:53.649-0400: 222.839: [GC (GCLocker Initiated GC) [PSYoungGen: 175479K->34164K(201728K)] 641630K->500557K(726016K), 0.0050364 secs] [Times: user=0.04 sys=0.00, real=0.00 secs] 
2016-09-13T19:50:53.880-0400: 223.070: [GC (Allocation Failure) [PSYoungGen: 181620K->46121K(202752K)] 648197K->514340K(727040K), 0.0128474 secs] [Times: user=0.09 sys=0.00, real=0.01 secs] 
2016-09-13T19:50:54.105-0400: 223.296: [GC (GCLocker Initiated GC) [PSYoungGen: 195625K->46185K(196096K)] 663844K->522207K(720384K), 0.0176868 secs] [Times: user=0.16 sys=0.00, real=0.02 secs] 
2016-09-13T19:50:54.381-0400: 223.572: [GC (GCLocker Initiated GC) [PSYoungGen: 195689K->41689K(202752K)] 674888K->521156K(727040K), 0.0338806 secs] [Times: user=0.38 sys=0.00, real=0.03 secs] 
2016-09-13T19:50:54.620-0400: 223.810: [GC (GCLocker Initiated GC) [PSYoungGen: 185049K->26541K(169984K)] 666049K->525897K(694272K), 0.0067164 secs] [Times: user=0.05 sys=0.00, real=0.00 secs] 
2016-09-13T19:50:54.856-0400: 224.047: [Full GC (Ergonomics) [PSYoungGen: 169901K->0K(169984K)] [ParOldGen: 511687K->40210K(524288K)] 681588K->40210K(694272K), [Metaspace: 44687K->44687K(1087488K)], 0.0621845 secs] [Times: user=0.31 sys=0.01, real=0.06 secs] 
2016-09-13T19:50:55.128-0400: 224.319: [GC (GCLocker Initiated GC) [PSYoungGen: 143360K->54034K(193536K)] 183589K->94264K(717824K), 0.0202939 secs] [Times: user=0.23 sys=0.00, real=0.02 secs] 
2016-09-13T19:50:55.314-0400: 224.504: [GC (Allocation Failure) [PSYoungGen: 189202K->40307K(198656K)] 234080K->109951K(722944K), 0.0070180 secs] [Times: user=0.06 sys=0.00, real=0.01 secs] 
2016-09-13T19:50:55.321-0400: 224.512: [GC (GCLocker Initiated GC) [PSYoungGen: 40322K->32K(192512K)] 109966K->111327K(716800K), 0.0207169 secs] [Times: user=0.25 sys=0.00, real=0.02 secs] 
2016-09-13T19:50:55.525-0400: 224.715: [GC (Allocation Failure) [PSYoungGen: 125713K->29946K(196096K)] 237009K->141242K(720384K), 0.0097074 secs] [Times: user=0.09 sys=0.00, real=0.01 secs] 
2016-09-13T19:50:55.720-0400: 224.911: [GC (GCLocker Initiated GC) [PSYoungGen: 154347K->23591K(192512K)] 271717K->150567K(716800K), 0.0165323 secs] [Times: user=0.21 sys=0.01, real=0.02 secs] 
2016-09-13T19:50:55.952-0400: 225.143: [GC (GCLocker Initiated GC) [PSYoungGen: 156711K->23569K(194560K)] 285395K->152597K(718848K), 0.0115467 secs] [Times: user=0.12 sys=0.00, real=0.01 secs] 
2016-09-13T19:50:56.146-0400: 225.337: [GC (GCLocker Initiated GC) [PSYoungGen: 156689K->35932K(198144K)] 285882K->165432K(722432K), 0.0108341 secs] [Times: user=0.15 sys=0.00, real=0.02 secs] 
2016-09-13T19:50:56.415-0400: 225.605: [GC (GCLocker Initiated GC) [PSYoungGen: 176732K->28121K(199680K)] 312323K->171552K(723968K), 0.0108547 secs] [Times: user=0.13 sys=0.00, real=0.01 secs] 
2016-09-13T19:50:56.630-0400: 225.820: [GC (GCLocker Initiated GC) [PSYoungGen: 168921K->34073K(200704K)] 312369K->180713K(724992K), 0.0125025 secs] [Times: user=0.11 sys=0.00, real=0.01 secs] 
2016-09-13T19:50:56.871-0400: 226.061: [GC (GCLocker Initiated GC) [PSYoungGen: 180505K->44698K(201728K)] 327155K->193003K(726016K), 0.0114168 secs] [Times: user=0.12 sys=0.00, real=0.01 secs] 
2016-09-13T19:50:57.105-0400: 226.295: [GC (GCLocker Initiated GC) [PSYoungGen: 191130K->9864K(201216K)] 353126K->181198K(725504K), 0.0113107 secs] [Times: user=0.12 sys=0.00, real=0.02 secs] 
2016-09-13T19:50:57.381-0400: 226.571: [GC (GCLocker Initiated GC) [PSYoungGen: 153224K->41938K(185344K)] 326297K->225829K(709632K), 0.0131931 secs] [Times: user=0.13 sys=0.00, real=0.01 secs] 
2016-09-13T19:50:57.614-0400: 226.805: [GC (GCLocker Initiated GC) [PSYoungGen: 185298K->56977K(188928K)] 370936K->248982K(713216K), 0.0199872 secs] [Times: user=0.22 sys=0.00, real=0.02 secs] 
2016-09-13T19:50:57.814-0400: 227.004: [GC (GCLocker Initiated GC) [PSYoungGen: 184977K->5306K(133632K)] 386227K->206619K(657920K), 0.0121755 secs] [Times: user=0.13 sys=0.00, real=0.01 secs] 
2016-09-13T19:50:58.018-0400: 227.208: [GC (Allocation Failure) [PSYoungGen: 133306K->28274K(196608K)] 334807K->230256K(720896K), 0.0098563 secs] [Times: user=0.13 sys=0.01, real=0.01 secs] 
2016-09-13T19:50:58.212-0400: 227.402: [GC (GCLocker Initiated GC) [PSYoungGen: 155762K->27934K(155648K)] 357747K->231784K(679936K), 0.0192525 secs] [Times: user=0.19 sys=0.00, real=0.02 secs] 
2016-09-13T19:50:58.445-0400: 227.636: [GC (GCLocker Initiated GC) [PSYoungGen: 155422K->9640K(189440K)] 371483K->225824K(713728K), 0.0118069 secs] [Times: user=0.15 sys=0.00, real=0.02 secs] 
2016-09-13T19:50:58.650-0400: 227.840: [GC (GCLocker Initiated GC) [PSYoungGen: 136616K->38623K(189952K)] 354430K->256611K(714240K), 0.0089467 secs] [Times: user=0.07 sys=0.00, real=0.01 secs] 
2016-09-13T19:50:58.857-0400: 228.047: [GC (GCLocker Initiated GC) [PSYoungGen: 165599K->47865K(192512K)] 383825K->266292K(716800K), 0.0183481 secs] [Times: user=0.23 sys=0.00, real=0.01 secs] 
2016-09-13T19:50:59.075-0400: 228.265: [GC (GCLocker Initiated GC) [PSYoungGen: 176889K->44699K(174080K)] 395338K->269354K(698368K), 0.0348649 secs] [Times: user=0.34 sys=0.00, real=0.04 secs] 
2016-09-13T19:50:59.295-0400: 228.485: [GC (GCLocker Initiated GC) [PSYoungGen: 173723K->28121K(196608K)] 404474K->272684K(720896K), 0.0077845 secs] [Times: user=0.10 sys=0.00, real=0.01 secs] 
2016-09-13T19:50:59.498-0400: 228.688: [GC (GCLocker Initiated GC) [PSYoungGen: 156633K->41724K(194048K)] 408959K->294247K(718336K), 0.0088409 secs] [Times: user=0.11 sys=0.00, real=0.00 secs] 
2016-09-13T19:50:59.699-0400: 228.890: [GC (GCLocker Initiated GC) [PSYoungGen: 170236K->44925K(193024K)] 430486K->305435K(717312K), 0.0099792 secs] [Times: user=0.08 sys=0.00, real=0.01 secs] 
2016-09-13T19:50:59.945-0400: 229.135: [GC (Allocation Failure) [PSYoungGen: 172413K->5153K(133120K)] 439112K->276756K(657408K), 0.0048019 secs] [Times: user=0.04 sys=0.00, real=0.01 secs] 
2016-09-13T19:51:00.154-0400: 229.344: [GC (GCLocker Initiated GC) [PSYoungGen: 132641K->14292K(194560K)] 404247K->285986K(718848K), 0.0098302 secs] [Times: user=0.11 sys=0.00, real=0.01 secs] 
2016-09-13T19:51:00.358-0400: 229.548: [GC (GCLocker Initiated GC) [PSYoungGen: 140244K->37297K(163328K)] 411969K->309243K(687616K), 0.0108946 secs] [Times: user=0.10 sys=0.00, real=0.01 secs] 
2016-09-13T19:51:00.572-0400: 229.762: [GC (GCLocker Initiated GC) [PSYoungGen: 163249K->30961K(195584K)] 436782K->307725K(719872K), 0.0294907 secs] [Times: user=0.33 sys=0.00, real=0.03 secs] 
2016-09-13T19:51:00.794-0400: 229.984: [GC (GCLocker Initiated GC) [PSYoungGen: 159985K->10076K(192512K)] 444469K->308516K(716800K), 0.0152271 secs] [Times: user=0.18 sys=0.00, real=0.02 secs] 
2016-09-13T19:51:01.011-0400: 230.201: [GC (GCLocker Initiated GC) [PSYoungGen: 139100K->47550K(191488K)] 440727K->349372K(715776K), 0.0098947 secs] [Times: user=0.08 sys=0.00, real=0.01 secs] 
2016-09-13T19:51:01.210-0400: 230.401: [GC (GCLocker Initiated GC) [PSYoungGen: 175550K->64789K(193024K)] 477513K->385139K(717312K), 0.0208771 secs] [Times: user=0.29 sys=0.00, real=0.02 secs] 
2016-09-13T19:51:01.411-0400: 230.602: [GC (GCLocker Initiated GC) [PSYoungGen: 192789K->18881K(181760K)] 520758K->383600K(706048K), 0.0100794 secs] [Times: user=0.10 sys=0.01, real=0.01 secs] 
2016-09-13T19:51:01.618-0400: 230.808: [GC (Allocation Failure) [PSYoungGen: 131521K->23532K(187392K)] 502654K->402430K(711680K), 0.0221720 secs] [Times: user=0.25 sys=0.00, real=0.02 secs] 
2016-09-13T19:51:01.803-0400: 230.993: [GC (GCLocker Initiated GC) [PSYoungGen: 136172K->46249K(187392K)] 515076K->425429K(711680K), 0.0234678 secs] [Times: user=0.22 sys=0.00, real=0.02 secs] 
2016-09-13T19:51:01.981-0400: 231.171: [GC (GCLocker Initiated GC) [PSYoungGen: 161961K->46032K(161792K)] 541145K->425358K(686080K), 0.0121454 secs] [Times: user=0.09 sys=0.00, real=0.01 secs] 
2016-09-13T19:51:02.159-0400: 231.349: [GC (GCLocker Initiated GC) [PSYoungGen: 161744K->9740K(187904K)] 542608K->390668K(712192K), 0.0138026 secs] [Times: user=0.15 sys=0.00, real=0.01 secs] 
2016-09-13T19:51:02.340-0400: 231.530: [GC (GCLocker Initiated GC) [PSYoungGen: 123404K->26409K(140288K)] 512056K->415251K(664576K), 0.0134498 secs] [Times: user=0.12 sys=0.00, real=0.01 secs] 
2016-09-13T19:51:02.529-0400: 231.719: [GC (GCLocker Initiated GC) [PSYoungGen: 140073K->41666K(184832K)] 529136K->432433K(709120K), 0.0063059 secs] [Times: user=0.04 sys=0.00, real=0.00 secs] 
2016-09-13T19:51:02.707-0400: 231.898: [GC (GCLocker Initiated GC) [PSYoungGen: 155330K->59907K(184832K)] 546189K->450944K(709120K), 0.0258891 secs] [Times: user=0.22 sys=0.01, real=0.03 secs] 
2016-09-13T19:51:02.896-0400: 232.086: [GC (GCLocker Initiated GC) [PSYoungGen: 173571K->46373K(184832K)] 570959K->444002K(709120K), 0.0287996 secs] [Times: user=0.33 sys=0.00, real=0.02 secs] 
2016-09-13T19:51:03.096-0400: 232.287: [GC (Allocation Failure) [PSYoungGen: 153893K->50934K(158720K)] 551535K->448774K(683008K), 0.0154584 secs] [Times: user=0.19 sys=0.00, real=0.01 secs] 
2016-09-13T19:51:03.294-0400: 232.484: [GC (GCLocker Initiated GC) [PSYoungGen: 155747K->24988K(185344K)] 559662K->439725K(709632K), 0.0112295 secs] [Times: user=0.12 sys=0.00, real=0.01 secs] 
2016-09-13T19:51:03.454-0400: 232.644: [GC (GCLocker Initiated GC) [PSYoungGen: 131484K->43404K(150016K)] 552324K->464489K(674304K), 0.0075463 secs] [Times: user=0.07 sys=0.00, real=0.01 secs] 
2016-09-13T19:51:03.610-0400: 232.800: [GC (GCLocker Initiated GC) [PSYoungGen: 149900K->29707K(184320K)] 571028K->464828K(708608K), 0.0103133 secs] [Times: user=0.13 sys=0.00, real=0.01 secs] 
2016-09-13T19:51:03.816-0400: 233.007: [GC (GCLocker Initiated GC) [PSYoungGen: 138763K->37100K(181760K)] 579987K->490699K(706048K), 0.0113800 secs] [Times: user=0.10 sys=0.00, real=0.01 secs] 
2016-09-13T19:51:03.994-0400: 233.185: [GC (GCLocker Initiated GC) [PSYoungGen: 146156K->46064K(183808K)] 600043K->504653K(708096K), 0.0090933 secs] [Times: user=0.06 sys=0.00, real=0.01 secs] 
2016-09-13T19:51:04.150-0400: 233.340: [GC (GCLocker Initiated GC) [PSYoungGen: 160240K->28054K(183808K)] 620477K->488406K(708096K), 0.0184729 secs] [Times: user=0.19 sys=0.00, real=0.02 secs] 
2016-09-13T19:51:04.341-0400: 233.531: [GC (GCLocker Initiated GC) [PSYoungGen: 142230K->23373K(191488K)] 604510K->485870K(715776K), 0.0169556 secs] [Times: user=0.16 sys=0.00, real=0.02 secs] 
2016-09-13T19:51:04.546-0400: 233.736: [GC (GCLocker Initiated GC) [PSYoungGen: 147277K->12650K(190976K)] 609874K->475434K(715264K), 0.0346763 secs] [Times: user=0.38 sys=0.00, real=0.04 secs] 
2016-09-13T19:51:04.735-0400: 233.925: [GC (Allocation Failure) [PSYoungGen: 136554K->44635K(193024K)] 599612K->512380K(717312K), 0.0234690 secs] [Times: user=0.23 sys=0.00, real=0.03 secs] 
2016-09-13T19:51:04.943-0400: 234.133: [GC (Allocation Failure) [PSYoungGen: 169563K->38597K(163840K)] 637308K->506597K(688128K), 0.0377938 secs] [Times: user=0.37 sys=0.00, real=0.04 secs] 
2016-09-13T19:51:05.176-0400: 234.366: [GC (GCLocker Initiated GC) [PSYoungGen: 161023K->11222K(192000K)] 635099K->485542K(716288K), 0.0116424 secs] [Times: user=0.10 sys=0.00, real=0.01 secs] 
2016-09-13T19:51:05.392-0400: 234.583: [GC (GCLocker Initiated GC) [PSYoungGen: 136150K->21699K(192512K)] 618251K->503959K(716800K), 0.0239244 secs] [Times: user=0.22 sys=0.00, real=0.03 secs] 
2016-09-13T19:51:05.614-0400: 234.804: [GC (Allocation Failure) [PSYoungGen: 146627K->5210K(192512K)] 642707K->501396K(716800K), 0.0095530 secs] [Times: user=0.08 sys=0.00, real=0.01 secs] 
2016-09-13T19:51:05.819-0400: 235.009: [GC (GCLocker Initiated GC) [PSYoungGen: 130864K->43085K(193536K)] 628569K->541066K(717824K), 0.0308585 secs] [Times: user=0.32 sys=0.00, real=0.03 secs] 
2016-09-13T19:51:06.040-0400: 235.230: [GC (GCLocker Initiated GC) [PSYoungGen: 169549K->56758K(181248K)] 667562K->554942K(705536K), 0.0139254 secs] [Times: user=0.15 sys=0.00, real=0.01 secs] 
2016-09-13T19:51:06.203-0400: 235.394: [GC (GCLocker Initiated GC) [PSYoungGen: 169398K->23404K(187392K)] 673679K->535422K(711680K), 0.0241652 secs] [Times: user=0.23 sys=0.00, real=0.02 secs] 
2016-09-13T19:51:06.228-0400: 235.418: [Full GC (Ergonomics) [PSYoungGen: 23404K->0K(187392K)] [ParOldGen: 512017K->39059K(524288K)] 535422K->39059K(711680K), [Metaspace: 44695K->44695K(1087488K)], 0.0667220 secs] [Times: user=0.50 sys=0.00, real=0.06 secs] 
2016-09-13T19:51:06.454-0400: 235.644: [GC (GCLocker Initiated GC) [PSYoungGen: 112640K->70873K(169472K)] 152060K->136113K(693760K), 0.0111530 secs] [Times: user=0.14 sys=0.00, real=0.01 secs] 
2016-09-13T19:51:06.589-0400: 235.779: [GC (GCLocker Initiated GC) [PSYoungGen: 168153K->31067K(179712K)] 235095K->145522K(704000K), 0.0088969 secs] [Times: user=0.06 sys=0.00, real=0.01 secs] 
2016-09-13T19:51:06.699-0400: 235.889: [GC (GCLocker Initiated GC) [PSYoungGen: 128347K->69160K(166400K)] 242830K->183853K(690688K), 0.0252639 secs] [Times: user=0.33 sys=0.01, real=0.02 secs] 
2016-09-13T19:51:06.855-0400: 236.045: [GC (GCLocker Initiated GC) [PSYoungGen: 157224K->31131K(175104K)] 278029K->165834K(699392K), 0.0071800 secs] [Times: user=0.11 sys=0.00, real=0.01 secs] 
2016-09-13T19:51:06.995-0400: 236.186: [GC (GCLocker Initiated GC) [PSYoungGen: 119195K->35901K(163328K)] 253926K->183005K(687616K), 0.0071195 secs] [Times: user=0.08 sys=0.00, real=0.01 secs] 
2016-09-13T19:51:07.136-0400: 236.326: [GC (GCLocker Initiated GC) [PSYoungGen: 127549K->43313K(171008K)] 276291K->199934K(695296K), 0.0129782 secs] [Times: user=0.15 sys=0.01, real=0.02 secs] 
2016-09-13T19:51:07.292-0400: 236.483: [GC (Allocation Failure) [PSYoungGen: 134961K->41688K(175616K)] 299432K->206302K(699904K), 0.0134020 secs] [Times: user=0.14 sys=0.00, real=0.01 secs] 
2016-09-13T19:51:07.463-0400: 236.653: [GC (GCLocker Initiated GC) [PSYoungGen: 147160K->46344K(180224K)] 311779K->211283K(704512K), 0.0099898 secs] [Times: user=0.10 sys=0.00, real=0.01 secs] 
2016-09-13T19:51:07.651-0400: 236.841: [GC (GCLocker Initiated GC) [PSYoungGen: 151816K->6603K(184320K)] 330465K->185437K(708608K), 0.0188771 secs] [Times: user=0.18 sys=0.00, real=0.02 secs] 
2016-09-13T19:51:07.859-0400: 237.050: [GC (GCLocker Initiated GC) [PSYoungGen: 117195K->6707K(117760K)] 302183K->199519K(642048K), 0.0240294 secs] [Times: user=0.26 sys=0.01, real=0.02 secs] 
2016-09-13T19:51:08.054-0400: 237.245: [GC (Allocation Failure) [PSYoungGen: 117299K->5233K(184320K)] 323922K->221158K(708608K), 0.0038178 secs] [Times: user=0.02 sys=0.00, real=0.01 secs] 
2016-09-13T19:51:08.239-0400: 237.429: [GC (GCLocker Initiated GC) [PSYoungGen: 112239K->40200K(147968K)] 329683K->257891K(672256K), 0.0447984 secs] [Times: user=0.50 sys=0.00, real=0.04 secs] 
2016-09-13T19:51:08.431-0400: 237.622: [GC (GCLocker Initiated GC) [PSYoungGen: 147720K->40233K(185344K)] 367047K->259840K(709632K), 0.0173345 secs] [Times: user=0.14 sys=0.00, real=0.02 secs] 
2016-09-13T19:51:08.592-0400: 237.782: [GC (GCLocker Initiated GC) [PSYoungGen: 149289K->43116K(184320K)] 370602K->264681K(708608K), 0.0330488 secs] [Times: user=0.37 sys=0.00, real=0.03 secs] 
2016-09-13T19:51:08.766-0400: 237.957: [GC (GCLocker Initiated GC) [PSYoungGen: 152172K->41847K(185856K)] 376896K->266781K(710144K), 0.0097205 secs] [Times: user=0.08 sys=0.00, real=0.02 secs] 
2016-09-13T19:51:08.924-0400: 238.115: [GC (Allocation Failure) [PSYoungGen: 153463K->49384K(185344K)] 378419K->274404K(709632K), 0.0117475 secs] [Times: user=0.12 sys=0.00, real=0.02 secs] 
2016-09-13T19:51:09.100-0400: 238.290: [GC (GCLocker Initiated GC) [PSYoungGen: 161000K->61379K(175104K)] 386023K->294167K(699392K), 0.0076065 secs] [Times: user=0.07 sys=0.00, real=0.00 secs] 
2016-09-13T19:51:09.259-0400: 238.449: [GC (GCLocker Initiated GC) [PSYoungGen: 160707K->46463K(180736K)] 393497K->279324K(705024K), 0.0173630 secs] [Times: user=0.16 sys=0.00, real=0.02 secs] 
2016-09-13T19:51:09.451-0400: 238.641: [GC (GCLocker Initiated GC) [PSYoungGen: 145791K->9837K(180224K)] 391018K->255407K(704512K), 0.0333729 secs] [Times: user=0.38 sys=0.00, real=0.03 secs] 
2016-09-13T19:51:09.629-0400: 238.820: [GC (GCLocker Initiated GC) [PSYoungGen: 110189K->38847K(139264K)] 355937K->284754K(663552K), 0.0103382 secs] [Times: user=0.11 sys=0.00, real=0.01 secs] 
2016-09-13T19:51:09.807-0400: 238.998: [GC (GCLocker Initiated GC) [PSYoungGen: 139199K->23472K(180224K)] 392826K->283329K(704512K), 0.0226605 secs] [Times: user=0.24 sys=0.00, real=0.03 secs] 
2016-09-13T19:51:10.014-0400: 239.204: [GC (GCLocker Initiated GC) [PSYoungGen: 126384K->5515K(178688K)] 400053K->279381K(702976K), 0.0064988 secs] [Times: user=0.06 sys=0.00, real=0.01 secs] 
2016-09-13T19:51:10.198-0400: 239.388: [GC (Allocation Failure) [PSYoungGen: 108427K->26320K(180224K)] 382446K->300564K(704512K), 0.0125422 secs] [Times: user=0.12 sys=0.00, real=0.01 secs] 
2016-09-13T19:51:10.353-0400: 239.543: [GC (GCLocker Initiated GC) [PSYoungGen: 133428K->23431K(182784K)] 413747K->303864K(707072K), 0.0100211 secs] [Times: user=0.08 sys=0.01, real=0.01 secs] 
2016-09-13T19:51:10.501-0400: 239.691: [GC (GCLocker Initiated GC) [PSYoungGen: 132999K->44794K(186880K)] 415208K->327256K(711168K), 0.0145695 secs] [Times: user=0.15 sys=0.00, real=0.01 secs] 
2016-09-13T19:51:10.699-0400: 239.889: [GC (GCLocker Initiated GC) [PSYoungGen: 161530K->29388K(188416K)] 456197K->324288K(712704K), 0.0139746 secs] [Times: user=0.14 sys=0.00, real=0.01 secs] 
2016-09-13T19:51:10.902-0400: 240.092: [GC (GCLocker Initiated GC) [PSYoungGen: 146124K->43021K(187904K)] 447383K->352075K(712192K), 0.0096583 secs] [Times: user=0.07 sys=0.00, real=0.01 secs] 
2016-09-13T19:51:11.129-0400: 240.319: [GC (GCLocker Initiated GC) [PSYoungGen: 162829K->27870K(188416K)] 473415K->338578K(712704K), 0.0323168 secs] [Times: user=0.30 sys=0.00, real=0.03 secs] 
2016-09-13T19:51:11.323-0400: 240.513: [GC (GCLocker Initiated GC) [PSYoungGen: 147678K->64602K(178688K)] 458511K->390881K(702976K), 0.0111483 secs] [Times: user=0.14 sys=0.00, real=0.01 secs] 
2016-09-13T19:51:11.493-0400: 240.684: [GC (GCLocker Initiated GC) [PSYoungGen: 177242K->49637K(162304K)] 503705K->376349K(686592K), 0.0082179 secs] [Times: user=0.09 sys=0.00, real=0.01 secs] 
2016-09-13T19:51:11.673-0400: 240.864: [GC (GCLocker Initiated GC) [PSYoungGen: 162277K->47737K(186368K)] 489272K->375009K(710656K), 0.0099339 secs] [Times: user=0.10 sys=0.00, real=0.01 secs] 
2016-09-13T19:51:11.848-0400: 241.039: [GC (GCLocker Initiated GC) [PSYoungGen: 158329K->32890K(143872K)] 491703K->375473K(668160K), 0.0072486 secs] [Times: user=0.09 sys=0.01, real=0.01 secs] 
2016-09-13T19:51:12.046-0400: 241.236: [GC (GCLocker Initiated GC) [PSYoungGen: 143482K->20404K(184320K)] 492162K->373983K(708608K), 0.0243757 secs] [Times: user=0.27 sys=0.00, real=0.03 secs] 
2016-09-13T19:51:12.229-0400: 241.419: [GC (GCLocker Initiated GC) [PSYoungGen: 131508K->28179K(183808K)] 486647K->391111K(708096K), 0.0342317 secs] [Times: user=0.44 sys=0.00, real=0.03 secs] 
2016-09-13T19:51:12.439-0400: 241.629: [GC (GCLocker Initiated GC) [PSYoungGen: 139283K->46191K(185856K)] 505415K->412461K(710144K), 0.0102889 secs] [Times: user=0.11 sys=0.00, real=0.01 secs] 
2016-09-13T19:51:12.612-0400: 241.803: [GC (GCLocker Initiated GC) [PSYoungGen: 161903K->25147K(186368K)] 534276K->397690K(710656K), 0.0105984 secs] [Times: user=0.12 sys=0.00, real=0.01 secs] 
2016-09-13T19:51:12.799-0400: 241.990: [GC (GCLocker Initiated GC) [PSYoungGen: 140859K->6820K(188928K)] 516465K->391874K(713216K), 0.0188984 secs] [Times: user=0.21 sys=0.01, real=0.02 secs] 
2016-09-13T19:51:13.005-0400: 242.196: [GC (GCLocker Initiated GC) [PSYoungGen: 126628K->5179K(190464K)] 519300K->407263K(714752K), 0.0042657 secs] [Times: user=0.03 sys=0.00, real=0.01 secs] 
2016-09-13T19:51:13.196-0400: 242.386: [GC (GCLocker Initiated GC) [PSYoungGen: 124987K->5151K(190464K)] 528625K->418103K(714752K), 0.0321004 secs] [Times: user=0.31 sys=0.01, real=0.03 secs] 
2016-09-13T19:51:13.417-0400: 242.607: [GC (GCLocker Initiated GC) [PSYoungGen: 123935K->62897K(181760K)] 537102K->482380K(706048K), 0.0077008 secs] [Times: user=0.07 sys=0.00, real=0.00 secs] 
2016-09-13T19:51:13.594-0400: 242.784: [GC (GCLocker Initiated GC) [PSYoungGen: 181681K->32522K(186368K)] 601189K->452314K(710656K), 0.0224842 secs] [Times: user=0.24 sys=0.00, real=0.03 secs] 
2016-09-13T19:51:13.775-0400: 242.965: [GC (Allocation Failure) [PSYoungGen: 138506K->3601K(181760K)] 567443K->449521K(706048K), 0.0150185 secs] [Times: user=0.14 sys=0.00, real=0.02 secs] 
2016-09-13T19:51:13.952-0400: 243.142: [GC (GCLocker Initiated GC) [PSYoungGen: 109585K->28014K(181248K)] 555506K->474151K(705536K), 0.0150013 secs] [Times: user=0.18 sys=0.01, real=0.01 secs] 
2016-09-13T19:51:14.111-0400: 243.301: [GC (GCLocker Initiated GC) [PSYoungGen: 138094K->55394K(181760K)] 585892K->503389K(706048K), 0.0142529 secs] [Times: user=0.16 sys=0.00, real=0.01 secs] 
2016-09-13T19:51:14.299-0400: 243.489: [GC (GCLocker Initiated GC) [PSYoungGen: 165474K->35719K(187392K)] 627172K->499169K(711680K), 0.0064159 secs] [Times: user=0.06 sys=0.00, real=0.00 secs] 
2016-09-13T19:51:14.486-0400: 243.676: [GC (GCLocker Initiated GC) [PSYoungGen: 146311K->43307K(184832K)] 611521K->517764K(709120K), 0.0304483 secs] [Times: user=0.40 sys=0.00, real=0.04 secs] 
2016-09-13T19:51:14.690-0400: 243.881: [GC (GCLocker Initiated GC) [PSYoungGen: 153899K->46127K(185344K)] 628650K->521146K(709632K), 0.0074509 secs] [Times: user=0.04 sys=0.00, real=0.01 secs] 
2016-09-13T19:51:14.859-0400: 244.050: [GC (GCLocker Initiated GC) [PSYoungGen: 156719K->52107K(162816K)] 631764K->527279K(687104K), 0.0216512 secs] [Times: user=0.22 sys=0.00, real=0.02 secs] 
2016-09-13T19:51:15.050-0400: 244.241: [GC (GCLocker Initiated GC) [PSYoungGen: 162699K->14541K(184832K)] 637880K->497487K(709120K), 0.0103343 secs] [Times: user=0.10 sys=0.00, real=0.01 secs] 
2016-09-13T19:51:15.216-0400: 244.406: [GC (GCLocker Initiated GC) [PSYoungGen: 121549K->43397K(150528K)] 606183K->528248K(674816K), 0.0253928 secs] [Times: user=0.27 sys=0.00, real=0.02 secs] 
2016-09-13T19:51:15.420-0400: 244.611: [GC (GCLocker Initiated GC) [PSYoungGen: 150405K->33972K(187904K)] 635278K->518989K(712192K), 0.0347184 secs] [Times: user=0.34 sys=0.00, real=0.03 secs] 
2016-09-13T19:51:15.606-0400: 244.797: [GC (GCLocker Initiated GC) [PSYoungGen: 145076K->34131K(145408K)] 636252K->528507K(669696K), 0.0275097 secs] [Times: user=0.28 sys=0.00, real=0.03 secs] 
2016-09-13T19:51:15.774-0400: 244.964: [GC (GCLocker Initiated GC) [PSYoungGen: 145235K->6798K(180736K)] 641131K->515144K(705024K), 0.0107094 secs] [Times: user=0.09 sys=0.00, real=0.01 secs] 
2016-09-13T19:51:15.785-0400: 244.975: [Full GC (Ergonomics) [PSYoungGen: 6798K->0K(180736K)] [ParOldGen: 508346K->28882K(524288K)] 515144K->28882K(705024K), [Metaspace: 44701K->44701K(1087488K)], 0.0654738 secs] [Times: user=0.37 sys=0.01, real=0.07 secs] 
2016-09-13T19:51:16.008-0400: 245.199: [GC (Allocation Failure) [PSYoungGen: 111616K->34322K(181760K)] 146771K->69477K(706048K), 0.0104295 secs] [Times: user=0.09 sys=0.01, real=0.01 secs] 
2016-09-13T19:51:16.144-0400: 245.334: [GC (GCLocker Initiated GC) [PSYoungGen: 145938K->28182K(188928K)] 187168K->75946K(713216K), 0.0171522 secs] [Times: user=0.18 sys=0.00, real=0.02 secs] 
2016-09-13T19:51:16.315-0400: 245.505: [GC (GCLocker Initiated GC) [PSYoungGen: 153110K->44703K(189440K)] 201063K->92900K(713728K), 0.0179569 secs] [Times: user=0.16 sys=0.00, real=0.02 secs] 
2016-09-13T19:51:16.530-0400: 245.720: [GC (GCLocker Initiated GC) [PSYoungGen: 169631K->28083K(194048K)] 223970K->82631K(718336K), 0.0338827 secs] [Times: user=0.38 sys=0.01, real=0.03 secs] 
2016-09-13T19:51:16.759-0400: 245.949: [GC (GCLocker Initiated GC) [PSYoungGen: 159667K->41698K(195072K)] 217408K->99665K(719360K), 0.0096655 secs] [Times: user=0.09 sys=0.00, real=0.01 secs] 
2016-09-13T19:51:16.996-0400: 246.186: [GC (GCLocker Initiated GC) [PSYoungGen: 173282K->20441K(197120K)] 231341K->78588K(721408K), 0.0176258 secs] [Times: user=0.19 sys=0.00, real=0.01 secs] 
2016-09-13T19:51:17.215-0400: 246.406: [GC (GCLocker Initiated GC) [PSYoungGen: 155097K->25109K(197632K)] 220954K->97113K(721920K), 0.0175912 secs] [Times: user=0.18 sys=0.01, real=0.02 secs] 
2016-09-13T19:51:17.435-0400: 246.625: [GC (GCLocker Initiated GC) [PSYoungGen: 159765K->46504K(195584K)] 233434K->120406K(719872K), 0.0096340 secs] [Times: user=0.12 sys=0.00, real=0.01 secs] 
2016-09-13T19:51:17.655-0400: 246.845: [GC (Allocation Failure) [PSYoungGen: 180648K->19099K(198144K)] 266722K->110010K(722432K), 0.0060555 secs] [Times: user=0.07 sys=0.00, real=0.01 secs] 
2016-09-13T19:51:17.868-0400: 247.058: [GC (GCLocker Initiated GC) [PSYoungGen: 152159K->41730K(197120K)] 244588K->144978K(721408K), 0.0131985 secs] [Times: user=0.14 sys=0.00, real=0.01 secs] 
2016-09-13T19:51:18.087-0400: 247.277: [GC (GCLocker Initiated GC) [PSYoungGen: 175874K->46090K(180736K)] 279346K->149665K(705024K), 0.0129941 secs] [Times: user=0.08 sys=0.00, real=0.02 secs] 
2016-09-13T19:51:18.299-0400: 247.489: [GC (GCLocker Initiated GC) [PSYoungGen: 180234K->60014K(183296K)] 283826K->166798K(707584K), 0.0263004 secs] [Times: user=0.28 sys=0.00, real=0.02 secs] 
2016-09-13T19:51:18.502-0400: 247.693: [GC (GCLocker Initiated GC) [PSYoungGen: 177774K->11196K(129024K)] 298246K->131862K(653312K), 0.0029425 secs] [Times: user=0.01 sys=0.00, real=0.00 secs] 
2016-09-13T19:51:18.706-0400: 247.896: [GC (GCLocker Initiated GC) [PSYoungGen: 128956K->41884K(189952K)] 259021K->182735K(714240K), 0.0173636 secs] [Times: user=0.18 sys=0.00, real=0.02 secs] 
2016-09-13T19:51:18.907-0400: 248.097: [GC (GCLocker Initiated GC) [PSYoungGen: 159132K->28131K(145408K)] 307781K->177054K(669696K), 0.0128861 secs] [Times: user=0.18 sys=0.00, real=0.02 secs] 
2016-09-13T19:51:19.118-0400: 248.308: [GC (GCLocker Initiated GC) [PSYoungGen: 145379K->58654K(181248K)] 296017K->209431K(705536K), 0.0109082 secs] [Times: user=0.10 sys=0.00, real=0.01 secs] 
2016-09-13T19:51:19.326-0400: 248.516: [GC (GCLocker Initiated GC) [PSYoungGen: 170270K->41697K(186880K)] 324218K->195983K(711168K), 0.0106120 secs] [Times: user=0.08 sys=0.00, real=0.02 secs] 
2016-09-13T19:51:19.506-0400: 248.696: [GC (GCLocker Initiated GC) [PSYoungGen: 153313K->53812K(183808K)] 309143K->209836K(708096K), 0.0213526 secs] [Times: user=0.22 sys=0.00, real=0.02 secs] 
2016-09-13T19:51:19.674-0400: 248.864: [GC (GCLocker Initiated GC) [PSYoungGen: 164404K->69318K(180224K)] 320467K->239319K(704512K), 0.0109801 secs] [Times: user=0.15 sys=0.01, real=0.01 secs] 
2016-09-13T19:51:19.847-0400: 249.038: [GC (GCLocker Initiated GC) [PSYoungGen: 179910K->17575K(177152K)] 362225K->200137K(701440K), 0.0075434 secs] [Times: user=0.08 sys=0.00, real=0.01 secs] 
2016-09-13T19:51:20.010-0400: 249.200: [GC (GCLocker Initiated GC) [PSYoungGen: 112807K->26415K(121856K)] 295455K->213792K(646144K), 0.0173806 secs] [Times: user=0.15 sys=0.00, real=0.01 secs] 
2016-09-13T19:51:20.175-0400: 249.365: [GC (GCLocker Initiated GC) [PSYoungGen: 121647K->39988K(181760K)] 310744K->230821K(706048K), 0.0117005 secs] [Times: user=0.09 sys=0.01, real=0.01 secs] 
2016-09-13T19:51:20.331-0400: 249.521: [GC (GCLocker Initiated GC) [PSYoungGen: 140340K->9677K(178176K)] 343376K->212834K(702464K), 0.0161418 secs] [Times: user=0.17 sys=0.00, real=0.01 secs] 
2016-09-13T19:51:20.497-0400: 249.688: [GC (GCLocker Initiated GC) [PSYoungGen: 110029K->70714K(166400K)] 313444K->274276K(690688K), 0.0103970 secs] [Times: user=0.09 sys=0.01, real=0.01 secs] 
2016-09-13T19:51:20.660-0400: 249.851: [GC (Allocation Failure) [PSYoungGen: 158778K->40077K(175104K)] 362554K->244031K(699392K), 0.0231160 secs] [Times: user=0.25 sys=0.00, real=0.02 secs] 
2016-09-13T19:51:20.817-0400: 250.007: [GC (GCLocker Initiated GC) [PSYoungGen: 128141K->43185K(164864K)] 332101K->247543K(689152K), 0.0238935 secs] [Times: user=0.27 sys=0.00, real=0.02 secs] 
2016-09-13T19:51:20.974-0400: 250.164: [GC (GCLocker Initiated GC) [PSYoungGen: 135345K->23345K(172032K)] 347539K->235756K(696320K), 0.0100372 secs] [Times: user=0.07 sys=0.00, real=0.01 secs] 
2016-09-13T19:51:21.102-0400: 250.292: [GC (GCLocker Initiated GC) [PSYoungGen: 115505K->50844K(182272K)] 327942K->263580K(706560K), 0.0385361 secs] [Times: user=0.47 sys=0.00, real=0.04 secs] 
2016-09-13T19:51:21.280-0400: 250.471: [GC (GCLocker Initiated GC) [PSYoungGen: 154268K->49351K(182784K)] 367074K->272951K(707072K), 0.0152205 secs] [Times: user=0.16 sys=0.00, real=0.01 secs] 
2016-09-13T19:51:21.449-0400: 250.640: [GC (GCLocker Initiated GC) [PSYoungGen: 152775K->9932K(180736K)] 390312K->259852K(705024K), 0.0085749 secs] [Times: user=0.10 sys=0.00, real=0.01 secs] 
2016-09-13T19:51:21.631-0400: 250.822: [GC (GCLocker Initiated GC) [PSYoungGen: 111308K->38630K(140288K)] 361256K->288812K(664576K), 0.0081598 secs] [Times: user=0.07 sys=0.00, real=0.01 secs] 
2016-09-13T19:51:21.796-0400: 250.986: [GC (GCLocker Initiated GC) [PSYoungGen: 140006K->8120K(178176K)] 390279K->261636K(702464K), 0.0219226 secs] [Times: user=0.21 sys=0.00, real=0.02 secs] 
2016-09-13T19:51:22.007-0400: 251.197: [GC (GCLocker Initiated GC) [PSYoungGen: 109496K->23559K(179200K)] 366233K->280579K(703488K), 0.0168438 secs] [Times: user=0.15 sys=0.00, real=0.02 secs] 
2016-09-13T19:51:22.149-0400: 251.339: [GC (GCLocker Initiated GC) [PSYoungGen: 124935K->65898K(170496K)] 382083K->323181K(694784K), 0.0299508 secs] [Times: user=0.30 sys=0.00, real=0.03 secs] 
2016-09-13T19:51:22.288-0400: 251.479: [GC (Allocation Failure) [PSYoungGen: 161130K->32554K(178688K)] 424681K->351134K(702976K), 0.0210921 secs] [Times: user=0.21 sys=0.00, real=0.02 secs] 
2016-09-13T19:51:22.444-0400: 251.634: [GC (GCLocker Initiated GC) [PSYoungGen: 123641K->9954K(174592K)] 448296K->334850K(698880K), 0.0259996 secs] [Times: user=0.37 sys=0.00, real=0.03 secs] 
2016-09-13T19:51:22.633-0400: 251.823: [GC (GCLocker Initiated GC) [PSYoungGen: 109282K->41761K(178688K)] 434253K->366934K(702976K), 0.0106208 secs] [Times: user=0.08 sys=0.00, real=0.01 secs] 
2016-09-13T19:51:22.803-0400: 251.994: [GC (GCLocker Initiated GC) [PSYoungGen: 141089K->9864K(181248K)] 478610K->347658K(705536K), 0.0102114 secs] [Times: user=0.14 sys=0.00, real=0.01 secs] 
2016-09-13T19:51:22.956-0400: 252.146: [GC (GCLocker Initiated GC) [PSYoungGen: 114824K->9858K(182784K)] 461926K->357130K(707072K), 0.0103630 secs] [Times: user=0.12 sys=0.00, real=0.00 secs] 
2016-09-13T19:51:23.120-0400: 252.310: [GC (GCLocker Initiated GC) [PSYoungGen: 114818K->46291K(182272K)] 462092K->393695K(706560K), 0.0254835 secs] [Times: user=0.30 sys=0.00, real=0.02 secs] 
2016-09-13T19:51:23.299-0400: 252.489: [GC (GCLocker Initiated GC) [PSYoungGen: 151763K->72259K(178176K)] 499355K->420093K(702464K), 0.0083725 secs] [Times: user=0.11 sys=0.01, real=0.00 secs] 
2016-09-13T19:51:23.467-0400: 252.658: [GC (Allocation Failure) [PSYoungGen: 177731K->47922K(172032K)] 525850K->396340K(696320K), 0.0336897 secs] [Times: user=0.32 sys=0.01, real=0.04 secs] 
2016-09-13T19:51:23.661-0400: 252.851: [GC (GCLocker Initiated GC) [PSYoungGen: 135986K->27933K(175104K)] 484407K->376473K(699392K), 0.0247224 secs] [Times: user=0.27 sys=0.01, real=0.02 secs] 
2016-09-13T19:51:23.801-0400: 252.991: [GC (GCLocker Initiated GC) [PSYoungGen: 115997K->49387K(174592K)] 464741K->398408K(698880K), 0.0131800 secs] [Times: user=0.11 sys=0.01, real=0.01 secs] 
2016-09-13T19:51:23.932-0400: 253.122: [GC (GCLocker Initiated GC) [PSYoungGen: 140011K->62897K(175104K)] 489109K->412236K(699392K), 0.0213958 secs] [Times: user=0.23 sys=0.00, real=0.02 secs] 
2016-09-13T19:51:24.101-0400: 253.292: [GC (GCLocker Initiated GC) [PSYoungGen: 153521K->40078K(175104K)] 510693K->443038K(699392K), 0.0129380 secs] [Times: user=0.12 sys=0.00, real=0.01 secs] 
2016-09-13T19:51:24.262-0400: 253.452: [GC (GCLocker Initiated GC) [PSYoungGen: 130702K->37355K(128000K)] 545846K->452741K(652288K), 0.0148163 secs] [Times: user=0.17 sys=0.01, real=0.02 secs] 
2016-09-13T19:51:24.399-0400: 253.589: [GC (Allocation Failure) [PSYoungGen: 127979K->26601K(175104K)] 543390K->454453K(699392K), 0.0096083 secs] [Times: user=0.10 sys=0.00, real=0.01 secs] 
2016-09-13T19:51:24.528-0400: 253.718: [GC (GCLocker Initiated GC) [PSYoungGen: 121321K->44678K(173568K)] 549176K->477453K(697856K), 0.0209847 secs] [Times: user=0.20 sys=0.00, real=0.02 secs] 
2016-09-13T19:51:24.697-0400: 253.888: [GC (GCLocker Initiated GC) [PSYoungGen: 139398K->32739K(180224K)] 578336K->477946K(704512K), 0.0141319 secs] [Times: user=0.15 sys=0.00, real=0.01 secs] 
2016-09-13T19:51:24.896-0400: 254.087: [GC (GCLocker Initiated GC) [PSYoungGen: 138723K->5242K(180224K)] 602381K->469223K(704512K), 0.0110794 secs] [Times: user=0.12 sys=0.01, real=0.00 secs] 
2016-09-13T19:51:25.076-0400: 254.266: [GC (GCLocker Initiated GC) [PSYoungGen: 111226K->44858K(186368K)] 575310K->512335K(710656K), 0.0126316 secs] [Times: user=0.10 sys=0.01, real=0.01 secs] 
2016-09-13T19:51:25.246-0400: 254.436: [GC (GCLocker Initiated GC) [PSYoungGen: 154938K->37297K(147456K)] 628516K->511132K(671744K), 0.0100968 secs] [Times: user=0.10 sys=0.00, real=0.02 secs] 
2016-09-13T19:51:25.442-0400: 254.633: [GC (GCLocker Initiated GC) [PSYoungGen: 147377K->34169K(185344K)] 621252K->523489K(709632K), 0.0099440 secs] [Times: user=0.12 sys=0.00, real=0.01 secs] 
2016-09-13T19:51:25.626-0400: 254.816: [GC (GCLocker Initiated GC) [PSYoungGen: 147321K->46382K(182272K)] 639858K->549784K(706560K), 0.0102807 secs] [Times: user=0.10 sys=0.00, real=0.02 secs] 
2016-09-13T19:51:25.636-0400: 254.827: [Full GC (Ergonomics) [PSYoungGen: 46382K->0K(182272K)] [ParOldGen: 503402K->42600K(524288K)] 549784K->42600K(706560K), [Metaspace: 44709K->44709K(1087488K)], 0.0578519 secs] [Times: user=0.32 sys=0.01, real=0.05 secs] 
2016-09-13T19:51:25.862-0400: 255.052: [GC (GCLocker Initiated GC) [PSYoungGen: 113152K->69253K(175104K)] 155774K->111876K(699392K), 0.0148956 secs] [Times: user=0.19 sys=0.01, real=0.02 secs] 
2016-09-13T19:51:26.028-0400: 255.218: [GC (GCLocker Initiated GC) [PSYoungGen: 174725K->46414K(183808K)] 220566K->139822K(708096K), 0.0133437 secs] [Times: user=0.18 sys=0.00, real=0.01 secs] 
2016-09-13T19:51:26.200-0400: 255.390: [GC (GCLocker Initiated GC) [PSYoungGen: 151886K->14510K(183296K)] 246860K->109718K(707584K), 0.0037635 secs] [Times: user=0.04 sys=0.00, real=0.00 secs] 
2016-09-13T19:51:26.347-0400: 255.538: [GC (GCLocker Initiated GC) [PSYoungGen: 121006K->75351K(182272K)] 216493K->183288K(706560K), 0.0198503 secs] [Times: user=0.25 sys=0.00, real=0.02 secs] 
2016-09-13T19:51:26.500-0400: 255.690: [GC (GCLocker Initiated GC) [PSYoungGen: 181847K->46617K(172032K)] 291478K->174723K(696320K), 0.0098114 secs] [Times: user=0.15 sys=0.00, real=0.01 secs] 
2016-09-13T19:51:26.669-0400: 255.859: [GC (GCLocker Initiated GC) [PSYoungGen: 138777K->28420K(177152K)] 273150K->163159K(701440K), 0.0060532 secs] [Times: user=0.09 sys=0.01, real=0.00 secs] 
2016-09-13T19:51:26.815-0400: 256.005: [GC (GCLocker Initiated GC) [PSYoungGen: 120580K->58565K(174080K)] 256865K->195072K(698368K), 0.0101049 secs] [Times: user=0.11 sys=0.00, real=0.01 secs] 
2016-09-13T19:51:26.987-0400: 256.177: [GC (GCLocker Initiated GC) [PSYoungGen: 149701K->23777K(176640K)] 287880K->177433K(700928K), 0.0090942 secs] [Times: user=0.13 sys=0.00, real=0.02 secs] 
2016-09-13T19:51:27.098-0400: 256.288: [GC (GCLocker Initiated GC) [PSYoungGen: 114913K->78155K(172544K)] 268605K->232171K(696832K), 0.0081097 secs] [Times: user=0.10 sys=0.00, real=0.00 secs] 
2016-09-13T19:51:27.247-0400: 256.438: [GC (GCLocker Initiated GC) [PSYoungGen: 166219K->32990K(175104K)] 326332K->206974K(699392K), 0.0068744 secs] [Times: user=0.08 sys=0.00, real=0.01 secs] 
2016-09-13T19:51:27.410-0400: 256.600: [GC (GCLocker Initiated GC) [PSYoungGen: 121054K->14428K(175104K)] 302825K->204262K(699392K), 0.0076210 secs] [Times: user=0.09 sys=0.00, real=0.01 secs] 
2016-09-13T19:51:27.572-0400: 256.763: [GC (Allocation Failure) [PSYoungGen: 102492K->28184K(175104K)] 292561K->218357K(699392K), 0.0104852 secs] [Times: user=0.14 sys=0.00, real=0.01 secs] 
2016-09-13T19:51:27.707-0400: 256.897: [GC (GCLocker Initiated GC) [PSYoungGen: 116248K->50907K(175104K)] 306451K->241418K(699392K), 0.0062786 secs] [Times: user=0.08 sys=0.00, real=0.01 secs] 
2016-09-13T19:51:27.850-0400: 257.040: [GC (GCLocker Initiated GC) [PSYoungGen: 138971K->14538K(175104K)] 341703K->217459K(699392K), 0.0037935 secs] [Times: user=0.04 sys=0.00, real=0.00 secs] 
2016-09-13T19:51:27.995-0400: 257.185: [GC (Allocation Failure) [PSYoungGen: 102602K->12906K(174080K)] 307318K->222498K(698368K), 0.0047404 secs] [Times: user=0.04 sys=0.00, real=0.01 secs] 
2016-09-13T19:51:28.113-0400: 257.303: [GC (GCLocker Initiated GC) [PSYoungGen: 100970K->46196K(174592K)] 310563K->262148K(698880K), 0.0123010 secs] [Times: user=0.13 sys=0.00, real=0.01 secs] 
2016-09-13T19:51:28.266-0400: 257.456: [GC (GCLocker Initiated GC) [PSYoungGen: 134260K->46373K(174080K)] 350275K->262630K(698368K), 0.0068442 secs] [Times: user=0.09 sys=0.00, real=0.01 secs] 
2016-09-13T19:51:28.425-0400: 257.616: [GC (GCLocker Initiated GC) [PSYoungGen: 136485K->35619K(125952K)] 352767K->252114K(650240K), 0.0078473 secs] [Times: user=0.08 sys=0.01, real=0.01 secs] 
2016-09-13T19:51:28.559-0400: 257.749: [GC (Allocation Failure) [PSYoungGen: 125731K->34233K(177152K)] 342234K->260062K(701440K), 0.0069527 secs] [Times: user=0.07 sys=0.00, real=0.00 secs] 
2016-09-13T19:51:28.707-0400: 257.897: [GC (GCLocker Initiated GC) [PSYoungGen: 131513K->51155K(173568K)] 357345K->284862K(697856K), 0.0081328 secs] [Times: user=0.11 sys=0.00, real=0.01 secs] 
2016-09-13T19:51:28.880-0400: 258.070: [GC (GCLocker Initiated GC) [PSYoungGen: 148435K->44662K(183808K)] 382193K->278614K(708096K), 0.0153988 secs] [Times: user=0.15 sys=0.00, real=0.01 secs] 
2016-09-13T19:51:29.073-0400: 258.263: [GC (GCLocker Initiated GC) [PSYoungGen: 152694K->31066K(183808K)] 392941K->271468K(708096K), 0.0241880 secs] [Times: user=0.25 sys=0.00, real=0.03 secs] 
2016-09-13T19:51:29.256-0400: 258.446: [GC (GCLocker Initiated GC) [PSYoungGen: 139098K->35746K(182272K)] 385718K->282583K(706560K), 0.0068781 secs] [Times: user=0.07 sys=0.00, real=0.00 secs] 
2016-09-13T19:51:29.445-0400: 258.635: [GC (Allocation Failure) [PSYoungGen: 148386K->29543K(183296K)] 395257K->284249K(707584K), 0.0078788 secs] [Times: user=0.08 sys=0.00, real=0.01 secs] 
2016-09-13T19:51:29.614-0400: 258.805: [GC (GCLocker Initiated GC) [PSYoungGen: 142183K->31130K(188416K)] 396891K->298257K(712704K), 0.0117544 secs] [Times: user=0.14 sys=0.00, real=0.01 secs] 
2016-09-13T19:51:29.819-0400: 259.009: [GC (GCLocker Initiated GC) [PSYoungGen: 154010K->30939K(189440K)] 421318K->298472K(713728K), 0.0130848 secs] [Times: user=0.08 sys=0.00, real=0.01 secs] 
2016-09-13T19:51:30.017-0400: 259.207: [GC (GCLocker Initiated GC) [PSYoungGen: 153819K->33977K(191488K)] 421438K->301660K(715776K), 0.0118847 secs] [Times: user=0.12 sys=0.00, real=0.01 secs] 
2016-09-13T19:51:30.227-0400: 259.417: [GC (GCLocker Initiated GC) [PSYoungGen: 165049K->29452K(193024K)] 432910K->306549K(717312K), 0.0074888 secs] [Times: user=0.07 sys=0.00, real=0.01 secs] 
2016-09-13T19:51:30.449-0400: 259.639: [GC (GCLocker Initiated GC) [PSYoungGen: 160524K->23400K(199168K)] 443771K->306848K(723456K), 0.0112511 secs] [Times: user=0.12 sys=0.00, real=0.01 secs] 
2016-09-13T19:51:30.667-0400: 259.857: [GC (GCLocker Initiated GC) [PSYoungGen: 163176K->46159K(199680K)] 446880K->329904K(723968K), 0.0220213 secs] [Times: user=0.20 sys=0.00, real=0.03 secs] 
2016-09-13T19:51:30.899-0400: 260.090: [GC (GCLocker Initiated GC) [PSYoungGen: 185935K->50747K(194048K)] 475766K->340650K(718336K), 0.0163148 secs] [Times: user=0.19 sys=0.00, real=0.02 secs] 
2016-09-13T19:51:31.113-0400: 260.303: [GC (GCLocker Initiated GC) [PSYoungGen: 182843K->44704K(197120K)] 474290K->336274K(721408K), 0.0284467 secs] [Times: user=0.29 sys=0.00, real=0.03 secs] 
2016-09-13T19:51:31.314-0400: 260.504: [GC (Allocation Failure) [PSYoungGen: 176800K->48055K(194048K)] 468565K->352244K(718336K), 0.0082165 secs] [Times: user=0.10 sys=0.00, real=0.01 secs] 
2016-09-13T19:51:31.524-0400: 260.714: [GC (GCLocker Initiated GC) [PSYoungGen: 177079K->47836K(177152K)] 481274K->352256K(701440K), 0.0167704 secs] [Times: user=0.19 sys=0.00, real=0.02 secs] 
2016-09-13T19:51:31.744-0400: 260.934: [GC (GCLocker Initiated GC) [PSYoungGen: 176860K->6729K(188928K)] 488927K->319040K(713216K), 0.0127443 secs] [Times: user=0.13 sys=0.00, real=0.02 secs] 
2016-09-13T19:51:31.948-0400: 261.138: [GC (GCLocker Initiated GC) [PSYoungGen: 128585K->38437K(192000K)] 442578K->352682K(716288K), 0.0183301 secs] [Times: user=0.18 sys=0.00, real=0.01 secs] 
2016-09-13T19:51:32.165-0400: 261.355: [GC (Allocation Failure) [PSYoungGen: 160293K->14298K(192000K)] 474717K->328880K(716288K), 0.0053189 secs] [Times: user=0.04 sys=0.00, real=0.01 secs] 
2016-09-13T19:51:32.352-0400: 261.542: [GC (Allocation Failure) [PSYoungGen: 134406K->12809K(192512K)] 448989K->327546K(716800K), 0.0130148 secs] [Times: user=0.11 sys=0.01, real=0.01 secs] 
2016-09-13T19:51:32.540-0400: 261.730: [GC (GCLocker Initiated GC) [PSYoungGen: 135363K->28024K(188416K)] 456175K->348971K(712704K), 0.0211006 secs] [Times: user=0.22 sys=0.00, real=0.02 secs] 
2016-09-13T19:51:32.742-0400: 261.932: [GC (Allocation Failure) [PSYoungGen: 153464K->23378K(190976K)] 476252K->346410K(715264K), 0.0087793 secs] [Times: user=0.10 sys=0.00, real=0.01 secs] 
2016-09-13T19:51:32.949-0400: 262.139: [GC (GCLocker Initiated GC) [PSYoungGen: 148818K->26352K(190976K)] 471855K->349469K(715264K), 0.0223158 secs] [Times: user=0.24 sys=0.00, real=0.02 secs] 
2016-09-13T19:51:33.176-0400: 262.366: [GC (GCLocker Initiated GC) [PSYoungGen: 159472K->31062K(194048K)] 484136K->355864K(718336K), 0.0404338 secs] [Times: user=0.43 sys=0.01, real=0.04 secs] 
2016-09-13T19:51:33.411-0400: 262.602: [GC (GCLocker Initiated GC) [PSYoungGen: 164182K->9868K(201216K)] 496631K->354716K(725504K), 0.0039555 secs] [Times: user=0.04 sys=0.01, real=0.00 secs] 
2016-09-13T19:51:33.648-0400: 262.838: [GC (GCLocker Initiated GC) [PSYoungGen: 152716K->27955K(171008K)] 503749K->379103K(695296K), 0.0115038 secs] [Times: user=0.11 sys=0.01, real=0.01 secs] 
2016-09-13T19:51:33.883-0400: 263.074: [GC (GCLocker Initiated GC) [PSYoungGen: 170803K->46500K(196608K)] 521953K->397973K(720896K), 0.0107306 secs] [Times: user=0.11 sys=0.01, real=0.01 secs] 
2016-09-13T19:51:34.100-0400: 263.291: [GC (GCLocker Initiated GC) [PSYoungGen: 187300K->29548K(200704K)] 546418K->388918K(724992K), 0.0086790 secs] [Times: user=0.05 sys=0.00, real=0.01 secs] 
2016-09-13T19:51:34.339-0400: 263.530: [GC (GCLocker Initiated GC) [PSYoungGen: 170348K->20334K(198656K)] 537654K->396962K(722944K), 0.0278945 secs] [Times: user=0.23 sys=0.01, real=0.02 secs] 
2016-09-13T19:51:34.598-0400: 263.789: [GC (GCLocker Initiated GC) [PSYoungGen: 165230K->15598K(201216K)] 541941K->392486K(725504K), 0.0434370 secs] [Times: user=0.51 sys=0.00, real=0.04 secs] 
2016-09-13T19:51:34.889-0400: 264.080: [GC (GCLocker Initiated GC) [PSYoungGen: 160494K->29610K(201216K)] 539007K->414279K(725504K), 0.0195353 secs] [Times: user=0.17 sys=0.00, real=0.02 secs] 
2016-09-13T19:51:35.088-0400: 264.279: [GC (GCLocker Initiated GC) [PSYoungGen: 179626K->52602K(202752K)] 564438K->457478K(727040K), 0.0084858 secs] [Times: user=0.09 sys=0.00, real=0.01 secs] 
2016-09-13T19:51:35.302-0400: 264.492: [GC (GCLocker Initiated GC) [PSYoungGen: 202618K->55462K(188416K)] 607672K->471491K(712704K), 0.0273474 secs] [Times: user=0.26 sys=0.01, real=0.03 secs] 
2016-09-13T19:51:35.500-0400: 264.690: [GC (GCLocker Initiated GC) [PSYoungGen: 184486K->47737K(177152K)] 600540K->465527K(701440K), 0.0096601 secs] [Times: user=0.08 sys=0.00, real=0.01 secs] 
2016-09-13T19:51:35.712-0400: 264.902: [GC (GCLocker Initiated GC) [PSYoungGen: 176761K->55517K(184320K)] 594680K->476545K(708608K), 0.0206334 secs] [Times: user=0.22 sys=0.01, real=0.02 secs] 
2016-09-13T19:51:35.910-0400: 265.100: [GC (GCLocker Initiated GC) [PSYoungGen: 171229K->69217K(185344K)] 592428K->501364K(709632K), 0.0119758 secs] [Times: user=0.16 sys=0.00, real=0.01 secs] 
2016-09-13T19:51:36.112-0400: 265.302: [GC (GCLocker Initiated GC) [PSYoungGen: 184929K->5088K(172032K)] 624941K->445285K(696320K), 0.0035839 secs] [Times: user=0.03 sys=0.00, real=0.00 secs] 
2016-09-13T19:51:36.269-0400: 265.459: [GC (GCLocker Initiated GC) [PSYoungGen: 100320K->55459K(151040K)] 540548K->495952K(675328K), 0.0090655 secs] [Times: user=0.13 sys=0.00, real=0.01 secs] 
2016-09-13T19:51:36.427-0400: 265.618: [GC (Allocation Failure) [PSYoungGen: 150691K->23430K(178688K)] 592720K->473183K(702976K), 0.0179093 secs] [Times: user=0.16 sys=0.01, real=0.02 secs] 
2016-09-13T19:51:36.591-0400: 265.781: [GC (GCLocker Initiated GC) [PSYoungGen: 116614K->28030K(121344K)] 566372K->478129K(645632K), 0.0105660 secs] [Times: user=0.11 sys=0.01, real=0.01 secs] 
2016-09-13T19:51:36.713-0400: 265.904: [GC (GCLocker Initiated GC) [PSYoungGen: 121214K->52299K(172032K)] 572865K->508676K(696320K), 0.0202618 secs] [Times: user=0.25 sys=0.00, real=0.02 secs] 
2016-09-13T19:51:36.866-0400: 266.056: [GC (GCLocker Initiated GC) [PSYoungGen: 143947K->51030K(173568K)] 600454K->515326K(697856K), 0.0096834 secs] [Times: user=0.14 sys=0.00, real=0.01 secs] 
2016-09-13T19:51:37.037-0400: 266.228: [GC (GCLocker Initiated GC) [PSYoungGen: 142678K->28152K(175616K)] 607065K->492848K(699904K), 0.0081531 secs] [Times: user=0.08 sys=0.01, real=0.00 secs] 
2016-09-13T19:51:37.189-0400: 266.380: [GC (GCLocker Initiated GC) [PSYoungGen: 125944K->28025K(177664K)] 590737K->493161K(701952K), 0.0077334 secs] [Times: user=0.07 sys=0.01, real=0.01 secs] 
2016-09-13T19:51:37.320-0400: 266.510: [GC (Allocation Failure) [PSYoungGen: 125817K->43120K(179712K)] 591272K->508740K(704000K), 0.0197203 secs] [Times: user=0.20 sys=0.00, real=0.02 secs] 
2016-09-13T19:51:37.500-0400: 266.691: [GC (GCLocker Initiated GC) [PSYoungGen: 148080K->64416K(169472K)] 613713K->530258K(693760K), 0.0130450 secs] [Times: user=0.15 sys=0.00, real=0.01 secs] 
2016-09-13T19:51:37.666-0400: 266.856: [GC (Allocation Failure) [PSYoungGen: 169376K->44826K(182784K)] 635396K->511039K(707072K), 0.0076001 secs] [Times: user=0.05 sys=0.00, real=0.01 secs] 
2016-09-13T19:51:37.848-0400: 267.038: [GC (GCLocker Initiated GC) [PSYoungGen: 145201K->26415K(127488K)] 612933K->494391K(651776K), 0.0115668 secs] [Times: user=0.09 sys=0.00, real=0.01 secs] 
2016-09-13T19:51:38.030-0400: 267.220: [GC (GCLocker Initiated GC) [PSYoungGen: 127279K->40138K(182784K)] 595611K->508558K(707072K), 0.0133851 secs] [Times: user=0.15 sys=0.00, real=0.01 secs] 
2016-09-13T19:51:38.207-0400: 267.397: [GC (GCLocker Initiated GC) [PSYoungGen: 144586K->27966K(179200K)] 620685K->504203K(703488K), 0.0140962 secs] [Times: user=0.14 sys=0.00, real=0.02 secs] 
2016-09-13T19:51:38.358-0400: 267.548: [GC (Allocation Failure) [PSYoungGen: 132414K->44703K(183296K)] 608819K->521341K(707584K), 0.0102190 secs] [Times: user=0.09 sys=0.00, real=0.01 secs] 
2016-09-13T19:51:38.524-0400: 267.715: [GC (GCLocker Initiated GC) [PSYoungGen: 154783K->43334K(182272K)] 631421K->520217K(706560K), 0.0116542 secs] [Times: user=0.11 sys=0.00, real=0.02 secs] 
2016-09-13T19:51:38.698-0400: 267.888: [GC (GCLocker Initiated GC) [PSYoungGen: 153414K->47709K(186880K)] 636481K->531001K(711168K), 0.0096649 secs] [Times: user=0.08 sys=0.00, real=0.00 secs] 
2016-09-13T19:51:38.899-0400: 268.090: [GC (GCLocker Initiated GC) [PSYoungGen: 164445K->38505K(186880K)] 650833K->534152K(711168K), 0.0301552 secs] [Times: user=0.30 sys=0.00, real=0.03 secs] 
2016-09-13T19:51:39.107-0400: 268.297: [GC (GCLocker Initiated GC) [PSYoungGen: 155241K->47740K(189440K)] 658664K->551365K(713728K), 0.0133113 secs] [Times: user=0.11 sys=0.00, real=0.02 secs] 
2016-09-13T19:51:39.307-0400: 268.498: [GC (Allocation Failure) [PSYoungGen: 169596K->26627K(189440K)] 680822K->537975K(713728K), 0.0357454 secs] [Times: user=0.40 sys=0.00, real=0.04 secs] 
2016-09-13T19:51:39.530-0400: 268.721: [GC (GCLocker Initiated GC) [PSYoungGen: 148483K->32485K(191488K)] 659835K->544192K(715776K), 0.0064109 secs] [Times: user=0.05 sys=0.00, real=0.01 secs] 
2016-09-13T19:51:39.712-0400: 268.902: [GC (GCLocker Initiated GC) [PSYoungGen: 159461K->56854K(184320K)] 671227K->568782K(708608K), 0.0291350 secs] [Times: user=0.33 sys=0.00, real=0.03 secs] 
2016-09-13T19:51:39.926-0400: 269.116: [GC (GCLocker Initiated GC) --[PSYoungGen: 183830K->183830K(184320K)] 695839K->706609K(708608K), 0.0235298 secs] [Times: user=0.22 sys=0.00, real=0.03 secs] 
2016-09-13T19:51:39.949-0400: 269.140: [Full GC (Ergonomics) [PSYoungGen: 183830K->0K(184320K)] [ParOldGen: 522778K->47771K(524288K)] 706609K->47771K(708608K), [Metaspace: 44753K->44753K(1087488K)], 0.0569357 secs] [Times: user=0.30 sys=0.01, real=0.05 secs] 
2016-09-13T19:51:40.149-0400: 269.339: [GC (Allocation Failure) [PSYoungGen: 126976K->40392K(195072K)] 180947K->94363K(719360K), 0.0137470 secs] [Times: user=0.15 sys=0.00, real=0.01 secs] 
2016-09-13T19:51:40.339-0400: 269.529: [GC (GCLocker Initiated GC) [PSYoungGen: 165320K->44890K(169984K)] 219297K->114473K(694272K), 0.0071369 secs] [Times: user=0.06 sys=0.00, real=0.00 secs] 
2016-09-13T19:51:40.542-0400: 269.732: [GC (GCLocker Initiated GC) [PSYoungGen: 169818K->31003K(192000K)] 247031K->108453K(716288K), 0.0270675 secs] [Times: user=0.28 sys=0.00, real=0.03 secs] 
2016-09-13T19:51:40.743-0400: 269.934: [GC (Allocation Failure) [PSYoungGen: 156955K->41598K(190976K)] 234716K->128688K(715264K), 0.0146669 secs] [Times: user=0.14 sys=0.01, real=0.02 secs] 
2016-09-13T19:51:40.950-0400: 270.140: [GC (GCLocker Initiated GC) [PSYoungGen: 162046K->29606K(195072K)] 255211K->122961K(719360K), 0.0054974 secs] [Times: user=0.04 sys=0.00, real=0.00 secs] 
2016-09-13T19:51:41.155-0400: 270.346: [GC (Allocation Failure) [PSYoungGen: 161190K->29639K(194560K)] 254687K->123345K(718848K), 0.0065586 secs] [Times: user=0.07 sys=0.00, real=0.01 secs] 
2016-09-13T19:51:41.383-0400: 270.573: [GC (GCLocker Initiated GC) [PSYoungGen: 161223K->28147K(198144K)] 254932K->122156K(722432K), 0.0093173 secs] [Times: user=0.10 sys=0.00, real=0.01 secs] 
2016-09-13T19:51:41.625-0400: 270.815: [GC (GCLocker Initiated GC) [PSYoungGen: 164339K->38687K(197632K)] 261537K->136129K(721920K), 0.0087551 secs] [Times: user=0.06 sys=0.00, real=0.01 secs] 
2016-09-13T19:51:41.831-0400: 271.021: [GC (GCLocker Initiated GC) [PSYoungGen: 174879K->28121K(198656K)] 272382K->126011K(722944K), 0.0103125 secs] [Times: user=0.15 sys=0.00, real=0.01 secs] 
2016-09-13T19:51:42.053-0400: 271.243: [GC (GCLocker Initiated GC) [PSYoungGen: 167385K->46186K(198144K)] 265521K->144468K(722432K), 0.0079841 secs] [Times: user=0.06 sys=0.00, real=0.01 secs] 
2016-09-13T19:51:42.278-0400: 271.468: [GC (GCLocker Initiated GC) [PSYoungGen: 185450K->46376K(199680K)] 283842K->144966K(723968K), 0.0135263 secs] [Times: user=0.12 sys=0.00, real=0.01 secs] 
2016-09-13T19:51:42.498-0400: 271.688: [GC (GCLocker Initiated GC) [PSYoungGen: 185640K->47672K(187392K)] 285775K->148090K(711680K), 0.0142573 secs] [Times: user=0.10 sys=0.00, real=0.01 secs] 
2016-09-13T19:51:42.739-0400: 271.930: [GC (GCLocker Initiated GC) [PSYoungGen: 186936K->5174K(192512K)] 299854K->125864K(716800K), 0.0093560 secs] [Times: user=0.06 sys=0.01, real=0.01 secs] 
2016-09-13T19:51:42.942-0400: 272.132: [GC (GCLocker Initiated GC) [PSYoungGen: 135222K->47804K(178176K)] 256029K->168815K(702464K), 0.0069790 secs] [Times: user=0.05 sys=0.00, real=0.01 secs] 
2016-09-13T19:51:43.189-0400: 272.380: [GC (Allocation Failure) [PSYoungGen: 177852K->9731K(191488K)] 304958K->136963K(715776K), 0.0193246 secs] [Times: user=0.21 sys=0.00, real=0.02 secs] 
2016-09-13T19:51:43.417-0400: 272.608: [GC (GCLocker Initiated GC) [PSYoungGen: 133635K->27966K(152064K)] 260871K->164394K(676352K), 0.0230532 secs] [Times: user=0.23 sys=0.00, real=0.02 secs] 
2016-09-13T19:51:43.610-0400: 272.800: [GC (GCLocker Initiated GC) [PSYoungGen: 151870K->31158K(194560K)] 294461K->179991K(718848K), 0.0113744 secs] [Times: user=0.12 sys=0.00, real=0.01 secs] 
2016-09-13T19:51:43.860-0400: 273.050: [GC (GCLocker Initiated GC) [PSYoungGen: 159158K->12872K(192000K)] 321683K->181677K(716288K), 0.0291725 secs] [Times: user=0.29 sys=0.00, real=0.03 secs] 
2016-09-13T19:51:44.086-0400: 273.277: [GC (GCLocker Initiated GC) [PSYoungGen: 140872K->39892K(196608K)] 309859K->215278K(720896K), 0.0060982 secs] [Times: user=0.04 sys=0.00, real=0.01 secs] 
2016-09-13T19:51:44.273-0400: 273.464: [GC (Allocation Failure) [PSYoungGen: 171988K->25019K(196096K)] 353621K->206782K(720384K), 0.0274931 secs] [Times: user=0.26 sys=0.00, real=0.03 secs] 
2016-09-13T19:51:44.482-0400: 273.672: [GC (GCLocker Initiated GC) [PSYoungGen: 157115K->46531K(193536K)] 338881K->228534K(717824K), 0.0271958 secs] [Times: user=0.33 sys=0.00, real=0.03 secs] 
2016-09-13T19:51:44.690-0400: 273.880: [GC (GCLocker Initiated GC) [PSYoungGen: 177603K->31372K(196096K)] 373519K->227549K(720384K), 0.0107595 secs] [Times: user=0.11 sys=0.00, real=0.01 secs] 
2016-09-13T19:51:44.899-0400: 274.089: [GC (GCLocker Initiated GC) [PSYoungGen: 162444K->46314K(194560K)] 358648K->248682K(718848K), 0.0258418 secs] [Times: user=0.30 sys=0.00, real=0.02 secs] 
2016-09-13T19:51:45.153-0400: 274.343: [GC (Allocation Failure) [PSYoungGen: 178922K->8120K(196608K)] 381312K->212144K(720896K), 0.0217472 secs] [Times: user=0.21 sys=0.00, real=0.02 secs] 
2016-09-13T19:51:45.353-0400: 274.544: [GC (GCLocker Initiated GC) [PSYoungGen: 140728K->24924K(195584K)] 344754K->236836K(719872K), 0.0237322 secs] [Times: user=0.24 sys=0.00, real=0.03 secs] 
2016-09-13T19:51:45.598-0400: 274.789: [GC (GCLocker Initiated GC) [PSYoungGen: 157532K->23436K(196096K)] 371140K->237249K(720384K), 0.0269553 secs] [Times: user=0.30 sys=0.00, real=0.02 secs] 
2016-09-13T19:51:45.818-0400: 275.009: [GC (GCLocker Initiated GC) [PSYoungGen: 156044K->47924K(193536K)] 379158K->271263K(717824K), 0.0067660 secs] [Times: user=0.06 sys=0.00, real=0.00 secs] 
2016-09-13T19:51:46.019-0400: 275.209: [GC (GCLocker Initiated GC) [PSYoungGen: 180020K->23536K(197120K)] 412712K->256458K(721408K), 0.0048999 secs] [Times: user=0.04 sys=0.00, real=0.00 secs] 
2016-09-13T19:51:46.220-0400: 275.410: [GC (GCLocker Initiated GC) [PSYoungGen: 155632K->23527K(191488K)] 388556K->256644K(715776K), 0.0095860 secs] [Times: user=0.09 sys=0.00, real=0.01 secs] 
2016-09-13T19:51:46.440-0400: 275.630: [GC (GCLocker Initiated GC) [PSYoungGen: 157671K->24795K(195072K)] 390810K->258104K(719360K), 0.0130097 secs] [Times: user=0.10 sys=0.00, real=0.01 secs] 
2016-09-13T19:51:46.651-0400: 275.841: [GC (Allocation Failure) [PSYoungGen: 158939K->27938K(194560K)] 398570K->276908K(718848K), 0.0262966 secs] [Times: user=0.25 sys=0.00, real=0.03 secs] 
2016-09-13T19:51:46.887-0400: 276.077: [GC (GCLocker Initiated GC) [PSYoungGen: 167151K->32580K(198656K)] 422196K->287826K(722944K), 0.0262159 secs] [Times: user=0.25 sys=0.00, real=0.03 secs] 
2016-09-13T19:51:47.128-0400: 276.318: [GC (Allocation Failure) [PSYoungGen: 174916K->11254K(205312K)] 442493K->279115K(729600K), 0.0106730 secs] [Times: user=0.09 sys=0.00, real=0.01 secs] 
2016-09-13T19:51:47.397-0400: 276.588: [GC (GCLocker Initiated GC) [PSYoungGen: 162294K->23313K(206336K)] 430155K->298904K(730624K), 0.0094066 secs] [Times: user=0.07 sys=0.00, real=0.00 secs] 
2016-09-13T19:51:47.644-0400: 276.835: [GC (GCLocker Initiated GC) [PSYoungGen: 174353K->24860K(203264K)] 450119K->300732K(727552K), 0.0057207 secs] [Times: user=0.05 sys=0.00, real=0.01 secs] 
2016-09-13T19:51:47.889-0400: 277.079: [GC (GCLocker Initiated GC) [PSYoungGen: 177948K->41570K(204800K)] 455348K->319043K(729088K), 0.0238497 secs] [Times: user=0.27 sys=0.01, real=0.02 secs] 
2016-09-13T19:51:48.112-0400: 277.302: [GC (GCLocker Initiated GC) [PSYoungGen: 194658K->37327K(206848K)] 472161K->315019K(731136K), 0.0109773 secs] [Times: user=0.08 sys=0.00, real=0.01 secs] 
2016-09-13T19:51:48.359-0400: 277.550: [GC (GCLocker Initiated GC) [PSYoungGen: 189903K->41726K(194560K)] 469213K->330591K(718848K), 0.0258619 secs] [Times: user=0.26 sys=0.01, real=0.02 secs] 
2016-09-13T19:51:48.622-0400: 277.813: [GC (GCLocker Initiated GC) [PSYoungGen: 194302K->23436K(206336K)] 484738K->314018K(730624K), 0.0078939 secs] [Times: user=0.06 sys=0.00, real=0.01 secs] 
2016-09-13T19:51:48.862-0400: 278.052: [GC (GCLocker Initiated GC) [PSYoungGen: 172940K->46154K(196096K)] 463544K->336944K(720384K), 0.0095471 secs] [Times: user=0.07 sys=0.00, real=0.01 secs] 
2016-09-13T19:51:49.098-0400: 278.289: [GC (GCLocker Initiated GC) [PSYoungGen: 195658K->29330K(205312K)] 492565K->335429K(729600K), 0.0226630 secs] [Times: user=0.20 sys=0.00, real=0.02 secs] 
2016-09-13T19:51:49.361-0400: 278.551: [GC (GCLocker Initiated GC) [PSYoungGen: 175762K->18726K(165376K)] 481883K->324962K(689664K), 0.0320270 secs] [Times: user=0.30 sys=0.00, real=0.03 secs] 
2016-09-13T19:51:49.603-0400: 278.793: [GC (GCLocker Initiated GC) [PSYoungGen: 165158K->32698K(204288K)] 477497K->348163K(728576K), 0.0062929 secs] [Times: user=0.04 sys=0.01, real=0.01 secs] 
2016-09-13T19:51:49.829-0400: 279.020: [GC (GCLocker Initiated GC) [PSYoungGen: 180666K->26469K(202752K)] 496161K->351404K(727040K), 0.0166763 secs] [Times: user=0.16 sys=0.00, real=0.01 secs] 
2016-09-13T19:51:50.075-0400: 279.265: [GC (GCLocker Initiated GC) [PSYoungGen: 174437K->43181K(201728K)] 501092K->376115K(726016K), 0.0098260 secs] [Times: user=0.09 sys=0.00, real=0.01 secs] 
2016-09-13T19:51:50.307-0400: 279.497: [GC (GCLocker Initiated GC) [PSYoungGen: 191661K->52292K(201216K)] 526326K->394631K(725504K), 0.0298731 secs] [Times: user=0.31 sys=0.00, real=0.04 secs] 
2016-09-13T19:51:50.555-0400: 279.745: [GC (Allocation Failure) [PSYoungGen: 200772K->41720K(200192K)] 543371K->384520K(724480K), 0.0233445 secs] [Times: user=0.26 sys=0.01, real=0.03 secs] 
2016-09-13T19:51:50.774-0400: 279.965: [GC (GCLocker Initiated GC) [PSYoungGen: 180984K->47704K(187392K)] 523791K->390748K(711680K), 0.0230792 secs] [Times: user=0.24 sys=0.00, real=0.03 secs] 
2016-09-13T19:51:51.004-0400: 280.195: [GC (GCLocker Initiated GC) [PSYoungGen: 186968K->40268K(199680K)] 530015K->383525K(723968K), 0.0239051 secs] [Times: user=0.25 sys=0.00, real=0.03 secs] 
2016-09-13T19:51:51.250-0400: 280.441: [GC (GCLocker Initiated GC) [PSYoungGen: 176460K->12872K(149504K)] 532065K->368654K(673792K), 0.0047129 secs] [Times: user=0.04 sys=0.00, real=0.00 secs] 
2016-09-13T19:51:51.464-0400: 280.654: [GC (GCLocker Initiated GC) [PSYoungGen: 149064K->44790K(196096K)] 504947K->405475K(720384K), 0.0172352 secs] [Times: user=0.20 sys=0.00, real=0.02 secs] 
2016-09-13T19:51:51.694-0400: 280.884: [GC (GCLocker Initiated GC) [PSYoungGen: 176886K->41602K(197120K)] 539290K->405707K(721408K), 0.0294931 secs] [Times: user=0.30 sys=0.00, real=0.03 secs] 
2016-09-13T19:51:51.899-0400: 281.089: [GC (GCLocker Initiated GC) [PSYoungGen: 173698K->56822K(187392K)] 539548K->422830K(711680K), 0.0156458 secs] [Times: user=0.15 sys=0.00, real=0.01 secs] 
2016-09-13T19:51:52.098-0400: 281.288: [GC (GCLocker Initiated GC) [PSYoungGen: 179702K->41820K(192512K)] 556526K->418783K(716800K), 0.0089135 secs] [Times: user=0.08 sys=0.00, real=0.00 secs] 
2016-09-13T19:51:52.299-0400: 281.489: [GC (GCLocker Initiated GC) [PSYoungGen: 164700K->44577K(188928K)] 547776K->427796K(713216K), 0.0139343 secs] [Times: user=0.13 sys=0.00, real=0.01 secs] 
2016-09-13T19:51:52.503-0400: 281.693: [GC (GCLocker Initiated GC) [PSYoungGen: 168993K->32521K(191488K)] 555322K->420483K(715776K), 0.0209123 secs] [Times: user=0.21 sys=0.00, real=0.02 secs] 
2016-09-13T19:51:52.717-0400: 281.908: [GC (GCLocker Initiated GC) [PSYoungGen: 156937K->29542K(192000K)] 544974K->417777K(716288K), 0.0068065 secs] [Times: user=0.06 sys=0.00, real=0.00 secs] 
2016-09-13T19:51:52.921-0400: 282.112: [GC (GCLocker Initiated GC) [PSYoungGen: 159078K->44635K(194048K)] 547361K->433178K(718336K), 0.0115606 secs] [Times: user=0.10 sys=0.00, real=0.01 secs] 
2016-09-13T19:51:53.119-0400: 282.309: [GC (GCLocker Initiated GC) [PSYoungGen: 174171K->44580K(196608K)] 562828K->439517K(720896K), 0.0178532 secs] [Times: user=0.17 sys=0.00, real=0.02 secs] 
2016-09-13T19:51:53.357-0400: 282.547: [GC (GCLocker Initiated GC) [PSYoungGen: 177700K->12682K(145920K)] 574178K->418466K(670208K), 0.0151850 secs] [Times: user=0.15 sys=0.00, real=0.01 secs] 
2016-09-13T19:51:53.554-0400: 282.744: [GC (GCLocker Initiated GC) [PSYoungGen: 145802K->27896K(197632K)] 551694K->440006K(721920K), 0.0095039 secs] [Times: user=0.08 sys=0.00, real=0.01 secs] 
2016-09-13T19:51:53.783-0400: 282.973: [GC (GCLocker Initiated GC) [PSYoungGen: 159480K->28083K(159744K)] 571864K->440672K(684032K), 0.0205801 secs] [Times: user=0.21 sys=0.01, real=0.02 secs] 
2016-09-13T19:51:54.040-0400: 283.231: [GC (GCLocker Initiated GC) [PSYoungGen: 159667K->23281K(195584K)] 578686K->442545K(719872K), 0.0501868 secs] [Times: user=0.52 sys=0.00, real=0.05 secs] 
2016-09-13T19:51:54.275-0400: 283.466: [GC (GCLocker Initiated GC) [PSYoungGen: 155889K->12955K(194560K)] 588875K->446059K(718848K), 0.0334682 secs] [Times: user=0.41 sys=0.01, real=0.04 secs] 
2016-09-13T19:51:54.500-0400: 283.691: [GC (GCLocker Initiated GC) [PSYoungGen: 145563K->56821K(186368K)] 581985K->495033K(710656K), 0.0107476 secs] [Times: user=0.09 sys=0.01, real=0.01 secs] 
2016-09-13T19:51:54.693-0400: 283.883: [GC (GCLocker Initiated GC) [PSYoungGen: 180725K->50683K(174592K)] 619085K->489276K(698880K), 0.0152547 secs] [Times: user=0.14 sys=0.00, real=0.02 secs] 
2016-09-13T19:51:54.871-0400: 284.062: [GC (GCLocker Initiated GC) [PSYoungGen: 174587K->43026K(191488K)] 613206K->481847K(715776K), 0.0164928 secs] [Times: user=0.14 sys=0.00, real=0.02 secs] 
2016-09-13T19:51:55.065-0400: 284.255: [GC (GCLocker Initiated GC) [PSYoungGen: 162834K->38555K(158720K)] 603326K->480646K(683008K), 0.0094280 secs] [Times: user=0.08 sys=0.00, real=0.01 secs] 
2016-09-13T19:51:55.256-0400: 284.447: [GC (GCLocker Initiated GC) [PSYoungGen: 158363K->46218K(187392K)] 600728K->488663K(711680K), 0.0388015 secs] [Times: user=0.44 sys=0.00, real=0.03 secs] 
2016-09-13T19:51:55.462-0400: 284.652: [GC (GCLocker Initiated GC) [PSYoungGen: 165514K->34168K(187904K)] 614104K->482970K(712192K), 0.0238218 secs] [Times: user=0.26 sys=0.00, real=0.02 secs] 
2016-09-13T19:51:55.663-0400: 284.853: [GC (Allocation Failure) [PSYoungGen: 153464K->41597K(192512K)] 602386K->499912K(716800K), 0.0128794 secs] [Times: user=0.12 sys=0.00, real=0.02 secs] 
2016-09-13T19:51:55.856-0400: 285.046: [GC (GCLocker Initiated GC) [PSYoungGen: 167035K->30967K(191488K)] 631425K->495542K(715776K), 0.0167572 secs] [Times: user=0.13 sys=0.00, real=0.01 secs] 
2016-09-13T19:51:56.092-0400: 285.282: [GC (GCLocker Initiated GC) [PSYoungGen: 157431K->50870K(192000K)] 623550K->517160K(716288K), 0.0180570 secs] [Times: user=0.17 sys=0.00, real=0.02 secs] 
2016-09-13T19:51:56.304-0400: 285.495: [GC (GCLocker Initiated GC) [PSYoungGen: 179382K->44730K(194560K)] 647296K->520448K(718848K), 0.0125604 secs] [Times: user=0.10 sys=0.01, real=0.02 secs] 
2016-09-13T19:51:56.493-0400: 285.683: [GC (GCLocker Initiated GC) [PSYoungGen: 173242K->29452K(193536K)] 661236K->517639K(717824K), 0.0148298 secs] [Times: user=0.18 sys=0.00, real=0.02 secs] 
2016-09-13T19:51:56.710-0400: 285.900: [GC (GCLocker Initiated GC) [PSYoungGen: 160012K->32649K(195072K)] 654484K->527291K(719360K), 0.0105031 secs] [Times: user=0.11 sys=0.00, real=0.01 secs] 
2016-09-13T19:51:56.928-0400: 286.118: [GC (GCLocker Initiated GC) [PSYoungGen: 163209K->46068K(197120K)] 657914K->540974K(721408K), 0.0072422 secs] [Times: user=0.05 sys=0.00, real=0.00 secs] 
2016-09-13T19:51:57.148-0400: 286.339: [GC (GCLocker Initiated GC) [PSYoungGen: 180212K->5211K(139776K)] 682738K->507876K(664064K), 0.0211086 secs] [Times: user=0.25 sys=0.00, real=0.02 secs] 
2016-09-13T19:51:57.371-0400: 286.562: [GC (Allocation Failure) [PSYoungGen: 139355K->23676K(196608K)] 643697K->528236K(720896K), 0.0143075 secs] [Times: user=0.12 sys=0.00, real=0.01 secs] 
2016-09-13T19:51:57.603-0400: 286.793: [GC (GCLocker Initiated GC) [PSYoungGen: 151674K->30998K(161280K)] 662308K->541850K(685568K), 0.0178312 secs] [Times: user=0.12 sys=0.01, real=0.02 secs] 
2016-09-13T19:51:57.824-0400: 287.015: [GC (GCLocker Initiated GC) [PSYoungGen: 161046K->26378K(195072K)] 671925K->537393K(719360K), 0.0203543 secs] [Times: user=0.19 sys=0.01, real=0.02 secs] 
2016-09-13T19:51:58.048-0400: 287.239: [Full GC (Ergonomics) [PSYoungGen: 158474K->0K(195072K)] [ParOldGen: 523290K->39008K(524288K)] 681765K->39008K(719360K), [Metaspace: 44756K->44756K(1087488K)], 0.0660329 secs] [Times: user=0.36 sys=0.01, real=0.06 secs] 
2016-09-13T19:51:58.300-0400: 287.491: [GC (GCLocker Initiated GC) [PSYoungGen: 127328K->50805K(193024K)] 172412K->95888K(717312K), 0.0252347 secs] [Times: user=0.26 sys=0.00, real=0.02 secs] 
2016-09-13T19:51:58.484-0400: 287.674: [GC (GCLocker Initiated GC) [PSYoungGen: 182901K->45013K(196096K)] 228165K->121103K(720384K), 0.0270032 secs] [Times: user=0.30 sys=0.01, real=0.03 secs] 
2016-09-13T19:51:58.671-0400: 287.862: [GC (GCLocker Initiated GC) [PSYoungGen: 176085K->43216K(196608K)] 252356K->119593K(720896K), 0.0095636 secs] [Times: user=0.08 sys=0.00, real=0.01 secs] 
2016-09-13T19:51:58.899-0400: 288.089: [GC (GCLocker Initiated GC) [PSYoungGen: 174288K->26442K(194560K)] 264483K->116781K(718848K), 0.0219707 secs] [Times: user=0.24 sys=0.01, real=0.02 secs] 
2016-09-13T19:51:59.145-0400: 288.335: [GC (GCLocker Initiated GC) [PSYoungGen: 157514K->9990K(195584K)] 254035K->106665K(719872K), 0.0098069 secs] [Times: user=0.11 sys=0.00, real=0.01 secs] 
2016-09-13T19:51:59.372-0400: 288.562: [GC (GCLocker Initiated GC) [PSYoungGen: 141062K->7993K(195072K)] 239284K->106310K(719360K), 0.0184519 secs] [Times: user=0.13 sys=0.01, real=0.02 secs] 
2016-09-13T19:51:59.568-0400: 288.758: [GC (GCLocker Initiated GC) [PSYoungGen: 137017K->6734K(136192K)] 238461K->114458K(660480K), 0.0210360 secs] [Times: user=0.20 sys=0.00, real=0.02 secs] 
2016-09-13T19:51:59.781-0400: 288.971: [GC (GCLocker Initiated GC) [PSYoungGen: 135758K->43493K(190976K)] 245221K->153142K(715264K), 0.0166761 secs] [Times: user=0.19 sys=0.00, real=0.02 secs] 
2016-09-13T19:51:59.963-0400: 289.153: [GC (Allocation Failure) [PSYoungGen: 167397K->41794K(165888K)] 280217K->154961K(690176K), 0.0063921 secs] [Times: user=0.07 sys=0.00, real=0.01 secs] 
2016-09-13T19:51:59.969-0400: 289.160: [GC (GCLocker Initiated GC) [PSYoungGen: 42527K->32K(189440K)] 155693K->154642K(713728K), 0.0050516 secs] [Times: user=0.06 sys=0.00, real=0.00 secs] 
2016-09-13T19:52:00.147-0400: 289.337: [GC (GCLocker Initiated GC) [PSYoungGen: 119092K->37323K(190976K)] 275221K->193452K(715264K), 0.0073946 secs] [Times: user=0.05 sys=0.00, real=0.01 secs] 
2016-09-13T19:52:00.344-0400: 289.535: [GC (GCLocker Initiated GC) [PSYoungGen: 157131K->43154K(188928K)] 313567K->210601K(713216K), 0.0135592 secs] [Times: user=0.17 sys=0.00, real=0.02 secs] 
2016-09-13T19:52:00.567-0400: 289.757: [GC (Allocation Failure) [PSYoungGen: 161938K->11313K(190464K)] 331006K->180503K(714752K), 0.0350460 secs] [Times: user=0.33 sys=0.01, real=0.04 secs] 
2016-09-13T19:52:00.768-0400: 289.958: [GC (Allocation Failure) [PSYoungGen: 128815K->27838K(181760K)] 298005K->197230K(706048K), 0.0184191 secs] [Times: user=0.14 sys=0.00, real=0.01 secs] 
2016-09-13T19:52:00.929-0400: 290.119: [GC (GCLocker Initiated GC) [PSYoungGen: 147646K->27896K(186368K)] 318556K->198930K(710656K), 0.0049114 secs] [Times: user=0.03 sys=0.01, real=0.00 secs] 
2016-09-13T19:52:01.175-0400: 290.365: [GC (GCLocker Initiated GC) [PSYoungGen: 147704K->5115K(195584K)] 326336K->183932K(719872K), 0.0141417 secs] [Times: user=0.12 sys=0.01, real=0.02 secs] 
2016-09-13T19:52:01.374-0400: 290.565: [GC (GCLocker Initiated GC) [PSYoungGen: 138235K->47801K(181248K)] 317082K->226932K(705536K), 0.0096171 secs] [Times: user=0.10 sys=0.00, real=0.01 secs] 
2016-09-13T19:52:01.609-0400: 290.799: [GC (GCLocker Initiated GC) [PSYoungGen: 180921K->20239K(197120K)] 366130K->211630K(721408K), 0.0138674 secs] [Times: user=0.12 sys=0.00, real=0.01 secs] 
2016-09-13T19:52:01.848-0400: 291.038: [GC (GCLocker Initiated GC) [PSYoungGen: 149775K->5174K(194560K)] 354993K->210639K(718848K), 0.0076648 secs] [Times: user=0.06 sys=0.00, real=0.01 secs] 
2016-09-13T19:52:02.060-0400: 291.251: [GC (GCLocker Initiated GC) [PSYoungGen: 134710K->29479K(194560K)] 346493K->241401K(718848K), 0.0064341 secs] [Times: user=0.04 sys=0.00, real=0.00 secs] 
2016-09-13T19:52:02.258-0400: 291.448: [GC (Allocation Failure) [PSYoungGen: 161575K->24923K(194560K)] 379800K->243416K(718848K), 0.0273214 secs] [Times: user=0.27 sys=0.00, real=0.02 secs] 
2016-09-13T19:52:02.483-0400: 291.673: [GC (GCLocker Initiated GC) [PSYoungGen: 157019K->43180K(192512K)] 375518K->261939K(716800K), 0.0126630 secs] [Times: user=0.11 sys=0.00, real=0.02 secs] 
2016-09-13T19:52:02.699-0400: 291.889: [GC (GCLocker Initiated GC) [PSYoungGen: 176812K->27924K(196096K)] 407819K->259081K(720384K), 0.0187640 secs] [Times: user=0.20 sys=0.00, real=0.02 secs] 
2016-09-13T19:52:02.909-0400: 292.100: [GC (GCLocker Initiated GC) [PSYoungGen: 161556K->31003K(196608K)] 392735K->262387K(720896K), 0.0376163 secs] [Times: user=0.40 sys=0.00, real=0.03 secs] 
2016-09-13T19:52:03.145-0400: 292.335: [GC (GCLocker Initiated GC) [PSYoungGen: 171803K->46282K(198144K)] 403447K->278046K(722432K), 0.0061748 secs] [Times: user=0.05 sys=0.01, real=0.01 secs] 
2016-09-13T19:52:03.365-0400: 292.555: [GC (GCLocker Initiated GC) [PSYoungGen: 187082K->32555K(202752K)] 419044K->264580K(727040K), 0.0124418 secs] [Times: user=0.12 sys=0.00, real=0.02 secs] 
2016-09-13T19:52:03.598-0400: 292.788: [GC (GCLocker Initiated GC) [PSYoungGen: 173867K->14610K(156160K)] 407589K->248553K(680448K), 0.0217467 secs] [Times: user=0.26 sys=0.01, real=0.02 secs] 
2016-09-13T19:52:03.851-0400: 293.041: [GC (GCLocker Initiated GC) [PSYoungGen: 155922K->14255K(200704K)] 402038K->260636K(724992K), 0.0178869 secs] [Times: user=0.21 sys=0.00, real=0.02 secs] 
2016-09-13T19:52:04.088-0400: 293.278: [GC (GCLocker Initiated GC) [PSYoungGen: 156079K->46595K(188928K)] 404173K->307034K(713216K), 0.0092002 secs] [Times: user=0.13 sys=0.00, real=0.01 secs] 
2016-09-13T19:52:04.307-0400: 293.498: [GC (GCLocker Initiated GC) [PSYoungGen: 188419K->43308K(195584K)] 452169K->307276K(719872K), 0.0135943 secs] [Times: user=0.15 sys=0.00, real=0.02 secs] 
2016-09-13T19:52:04.529-0400: 293.720: [GC (GCLocker Initiated GC) [PSYoungGen: 176428K->47773K(181248K)] 440421K->311905K(705536K), 0.0138815 secs] [Times: user=0.13 sys=0.01, real=0.01 secs] 
2016-09-13T19:52:04.742-0400: 293.933: [GC (Allocation Failure) [PSYoungGen: 180893K->23565K(196608K)] 446704K->304770K(720896K), 0.0068863 secs] [Times: user=0.08 sys=0.00, real=0.01 secs] 
2016-09-13T19:52:04.982-0400: 294.172: [GC (GCLocker Initiated GC) [PSYoungGen: 151707K->27934K(157184K)] 434431K->310879K(681472K), 0.0227947 secs] [Times: user=0.23 sys=0.00, real=0.02 secs] 
2016-09-13T19:52:05.193-0400: 294.383: [GC (GCLocker Initiated GC) [PSYoungGen: 156958K->14323K(191488K)] 446162K->303664K(715776K), 0.0036483 secs] [Times: user=0.02 sys=0.00, real=0.01 secs] 
2016-09-13T19:52:05.379-0400: 294.569: [GC (GCLocker Initiated GC) [PSYoungGen: 143347K->28270K(191488K)] 432775K->317958K(715776K), 0.0102577 secs] [Times: user=0.10 sys=0.00, real=0.01 secs] 
2016-09-13T19:52:05.631-0400: 294.821: [GC (GCLocker Initiated GC) [PSYoungGen: 157294K->27998K(196608K)] 453247K->324168K(720896K), 0.0147636 secs] [Times: user=0.19 sys=0.00, real=0.01 secs] 
2016-09-13T19:52:05.872-0400: 295.062: [GC (GCLocker Initiated GC) [PSYoungGen: 168286K->38559K(196608K)] 470659K->340973K(720896K), 0.0208562 secs] [Times: user=0.19 sys=0.01, real=0.02 secs] 
2016-09-13T19:52:06.084-0400: 295.274: [GC (Allocation Failure) [PSYoungGen: 178847K->27966K(201728K)] 482805K->332149K(726016K), 0.0071213 secs] [Times: user=0.07 sys=0.00, real=0.01 secs] 
2016-09-13T19:52:06.299-0400: 295.490: [GC (GCLocker Initiated GC) [PSYoungGen: 175770K->44799K(203264K)] 486028K->365901K(727552K), 0.0193754 secs] [Times: user=0.22 sys=0.00, real=0.02 secs] 
2016-09-13T19:52:06.545-0400: 295.735: [GC (Allocation Failure) [PSYoungGen: 193279K->5308K(200192K)] 522146K->334480K(724480K), 0.0066654 secs] [Times: user=0.07 sys=0.00, real=0.01 secs] 
2016-09-13T19:52:06.801-0400: 295.992: [GC (GCLocker Initiated GC) [PSYoungGen: 146260K->8216K(202240K)] 481507K->343629K(726528K), 0.0112983 secs] [Times: user=0.09 sys=0.00, real=0.01 secs] 
2016-09-13T19:52:07.047-0400: 296.237: [GC (GCLocker Initiated GC) [PSYoungGen: 150552K->11286K(201216K)] 498290K->359190K(725504K), 0.0037335 secs] [Times: user=0.02 sys=0.00, real=0.01 secs] 
2016-09-13T19:52:07.266-0400: 296.457: [GC (Allocation Failure) [PSYoungGen: 153622K->49356K(192000K)] 501777K->397615K(716288K), 0.0166434 secs] [Times: user=0.15 sys=0.00, real=0.02 secs] 
2016-09-13T19:52:07.497-0400: 296.688: [GC (GCLocker Initiated GC) [PSYoungGen: 191692K->43089K(193024K)] 539957K->391410K(717312K), 0.0318277 secs] [Times: user=0.29 sys=0.01, real=0.03 secs] 
2016-09-13T19:52:07.702-0400: 296.892: [GC (GCLocker Initiated GC) [PSYoungGen: 171089K->51034K(179200K)] 521109K->401209K(703488K), 0.0073972 secs] [Times: user=0.08 sys=0.00, real=0.01 secs] 
2016-09-13T19:52:33.196-0400: 322.387: [GC (Allocation Failure) [PSYoungGen: 179034K->2083K(188928K)] 529211K->352461K(713216K), 0.0457130 secs] [Times: user=0.48 sys=0.00, real=0.04 secs] 
