Java HotSpot(TM) 64-Bit Server VM (25.101-b13) for linux-amd64 JRE (1.8.0_101-b13), built on Jun 22 2016 02:59:44 by "java_re" with gcc 4.3.0 20080428 (Red Hat 4.3.0-8)
Memory: 4k page, physical 264122320k(101324376k free), swap 268399612k(268399612k free)
CommandLine flags: -XX:GCLogFileSize=1048576 -XX:+HeapDumpOnOutOfMemoryError -XX:HeapDumpPath=artifacts/heapdump -XX:InitialHeapSize=805306368 -XX:MaxHeapSize=805306368 -XX:NumberOfGCLogFiles=10 -XX:+PrintGC -XX:+PrintGCDateStamps -XX:+PrintGCDetails -XX:+PrintGCTimeStamps -XX:+UseCompressedClassPointers -XX:+UseCompressedOops -XX:+UseGCLogFileRotation -XX:+UseParallelGC 
2016-09-25T21:26:28.443-0400: 2.208: [GC (Metadata GC Threshold) [PSYoungGen: 121898K->15441K(229376K)] 121898K->15521K(753664K), 0.0198707 secs] [Times: user=0.09 sys=0.03, real=0.02 secs] 
2016-09-25T21:26:28.463-0400: 2.228: [Full GC (Metadata GC Threshold) [PSYoungGen: 15441K->0K(229376K)] [ParOldGen: 80K->14603K(364032K)] 15521K->14603K(593408K), [Metaspace: 21069K->21069K(1067008K)], 0.0676604 secs] [Times: user=0.51 sys=0.01, real=0.06 secs] 
2016-09-25T21:26:30.365-0400: 4.130: [GC (Metadata GC Threshold) [PSYoungGen: 123239K->14949K(229376K)] 137842K->29689K(593408K), 0.0162216 secs] [Times: user=0.04 sys=0.09, real=0.01 secs] 
2016-09-25T21:26:30.382-0400: 4.147: [Full GC (Metadata GC Threshold) [PSYoungGen: 14949K->0K(229376K)] [ParOldGen: 14739K->20412K(524288K)] 29689K->20412K(753664K), [Metaspace: 34969K->34969K(1079296K)], 0.0707057 secs] [Times: user=0.52 sys=0.01, real=0.07 secs] 
2016-09-25T21:26:32.028-0400: 5.793: [GC (Allocation Failure) [PSYoungGen: 196608K->32765K(229376K)] 217020K->70754K(753664K), 0.0155082 secs] [Times: user=0.19 sys=0.02, real=0.02 secs] 
2016-09-25T21:26:32.320-0400: 6.085: [GC (GCLocker Initiated GC) [PSYoungGen: 228098K->30361K(229376K)] 268787K->76458K(753664K), 0.0082112 secs] [Times: user=0.06 sys=0.03, real=0.01 secs] 
2016-09-25T21:26:32.454-0400: 6.220: [GC (GCLocker Initiated GC) [PSYoungGen: 226969K->31962K(228864K)] 273160K->86262K(753152K), 0.0065145 secs] [Times: user=0.08 sys=0.00, real=0.00 secs] 
2016-09-25T21:26:32.592-0400: 6.357: [GC (GCLocker Initiated GC) [PSYoungGen: 228570K->32327K(203264K)] 285781K->97645K(727552K), 0.0068731 secs] [Times: user=0.06 sys=0.00, real=0.01 secs] 
2016-09-25T21:26:32.739-0400: 6.504: [GC (Allocation Failure) [PSYoungGen: 202311K->9583K(179712K)] 279834K->87114K(704000K), 0.0051473 secs] [Times: user=0.05 sys=0.00, real=0.01 secs] 
2016-09-25T21:26:32.873-0400: 6.638: [GC (GCLocker Initiated GC) [PSYoungGen: 179567K->46429K(201728K)] 259798K->129368K(726016K), 0.0104200 secs] [Times: user=0.10 sys=0.00, real=0.02 secs] 
2016-09-25T21:26:32.987-0400: 6.752: [GC (GCLocker Initiated GC) [PSYoungGen: 200029K->45109K(199168K)] 283217K->128305K(723456K), 0.0066491 secs] [Times: user=0.08 sys=0.00, real=0.00 secs] 
2016-09-25T21:26:33.102-0400: 6.867: [GC (GCLocker Initiated GC) [PSYoungGen: 198709K->46664K(198144K)] 282039K->130002K(722432K), 0.0110392 secs] [Times: user=0.14 sys=0.01, real=0.01 secs] 
2016-09-25T21:26:33.201-0400: 6.966: [GC (GCLocker Initiated GC) [PSYoungGen: 186952K->45088K(185856K)] 275778K->136953K(710144K), 0.0178733 secs] [Times: user=0.18 sys=0.00, real=0.02 secs] 
2016-09-25T21:26:33.312-0400: 7.077: [GC (GCLocker Initiated GC) [PSYoungGen: 185376K->58306K(186880K)] 280006K->153476K(711168K), 0.0195139 secs] [Times: user=0.21 sys=0.00, real=0.02 secs] 
2016-09-25T21:26:33.416-0400: 7.181: [GC (GCLocker Initiated GC) [PSYoungGen: 182210K->62505K(186880K)] 284185K->173098K(711168K), 0.0147589 secs] [Times: user=0.15 sys=0.00, real=0.01 secs] 
2016-09-25T21:26:33.512-0400: 7.278: [GC (GCLocker Initiated GC) [PSYoungGen: 186409K->51664K(183808K)] 301992K->178485K(708096K), 0.0066144 secs] [Times: user=0.05 sys=0.01, real=0.01 secs] 
2016-09-25T21:26:33.590-0400: 7.355: [GC (GCLocker Initiated GC) [PSYoungGen: 160208K->39529K(148480K)] 292460K->218235K(672768K), 0.0086278 secs] [Times: user=0.10 sys=0.02, real=0.01 secs] 
2016-09-25T21:26:33.678-0400: 7.443: [GC (GCLocker Initiated GC) [PSYoungGen: 148073K->57874K(179712K)] 326941K->261936K(704000K), 0.0145780 secs] [Times: user=0.12 sys=0.00, real=0.01 secs] 
2016-09-25T21:26:33.769-0400: 7.534: [GC (GCLocker Initiated GC) [PSYoungGen: 164370K->45447K(183296K)] 371264K->266638K(707584K), 0.0070682 secs] [Times: user=0.07 sys=0.01, real=0.01 secs] 
2016-09-25T21:26:33.850-0400: 7.615: [GC (GCLocker Initiated GC) [PSYoungGen: 151943K->33201K(179712K)] 381312K->265679K(704000K), 0.0072598 secs] [Times: user=0.08 sys=0.00, real=0.01 secs] 
2016-09-25T21:26:33.927-0400: 7.693: [GC (GCLocker Initiated GC) [PSYoungGen: 143793K->37251K(183296K)] 376420K->297288K(707584K), 0.0104686 secs] [Times: user=0.11 sys=0.01, real=0.01 secs] 
2016-09-25T21:26:34.006-0400: 7.771: [GC (GCLocker Initiated GC) [PSYoungGen: 147843K->46683K(187392K)] 410742K->315384K(711680K), 0.0283597 secs] [Times: user=0.40 sys=0.01, real=0.03 secs] 
2016-09-25T21:26:34.112-0400: 7.877: [GC (GCLocker Initiated GC) [PSYoungGen: 165979K->60330K(179712K)] 435756K->330586K(704000K), 0.0055039 secs] [Times: user=0.07 sys=0.00, real=0.01 secs] 
2016-09-25T21:26:34.199-0400: 7.964: [GC (GCLocker Initiated GC) [PSYoungGen: 179626K->33407K(189440K)] 456677K->327148K(713728K), 0.0055208 secs] [Times: user=0.08 sys=0.00, real=0.01 secs] 
2016-09-25T21:26:34.277-0400: 8.042: [GC (GCLocker Initiated GC) [PSYoungGen: 149119K->50816K(188416K)] 445597K->347741K(712704K), 0.0067649 secs] [Times: user=0.06 sys=0.00, real=0.01 secs] 
2016-09-25T21:26:34.395-0400: 8.160: [GC (GCLocker Initiated GC) [PSYoungGen: 166528K->19684K(187392K)] 468893K->341366K(711680K), 0.0232387 secs] [Times: user=0.21 sys=0.01, real=0.02 secs] 
2016-09-25T21:26:34.502-0400: 8.267: [GC (GCLocker Initiated GC) [PSYoungGen: 134372K->33281K(148480K)] 458833K->385275K(672768K), 0.0104578 secs] [Times: user=0.11 sys=0.01, real=0.01 secs] 
2016-09-25T21:26:34.583-0400: 8.348: [GC (GCLocker Initiated GC) [PSYoungGen: 147969K->59011K(182272K)] 500742K->412265K(706560K), 0.0055725 secs] [Times: user=0.06 sys=0.00, real=0.00 secs] 
2016-09-25T21:26:34.655-0400: 8.421: [GC (GCLocker Initiated GC) [PSYoungGen: 169603K->41461K(186368K)] 533883K->425091K(710656K), 0.0179843 secs] [Times: user=0.25 sys=0.00, real=0.01 secs] 
2016-09-25T21:26:34.749-0400: 8.514: [GC (GCLocker Initiated GC) [PSYoungGen: 152053K->35979K(181760K)] 547876K->432235K(706048K), 0.0049728 secs] [Times: user=0.04 sys=0.00, real=0.00 secs] 
2016-09-25T21:26:34.829-0400: 8.594: [GC (GCLocker Initiated GC) [PSYoungGen: 150155K->44111K(184320K)] 554711K->470746K(708608K), 0.0067936 secs] [Times: user=0.06 sys=0.00, real=0.01 secs] 
2016-09-25T21:26:34.931-0400: 8.696: [GC (GCLocker Initiated GC) [PSYoungGen: 158287K->40157K(185856K)] 599849K->482190K(710144K), 0.0158543 secs] [Times: user=0.18 sys=0.01, real=0.02 secs] 
2016-09-25T21:26:35.032-0400: 8.797: [GC (GCLocker Initiated GC) [PSYoungGen: 163549K->49498K(189440K)] 605615K->505551K(713728K), 0.0061698 secs] [Times: user=0.07 sys=0.01, real=0.01 secs] 
2016-09-25T21:26:35.108-0400: 8.873: [GC (GCLocker Initiated GC) [PSYoungGen: 172890K->53658K(191488K)] 631728K->531862K(715776K), 0.0077835 secs] [Times: user=0.10 sys=0.01, real=0.01 secs] 
2016-09-25T21:26:35.194-0400: 8.959: [GC (GCLocker Initiated GC) [PSYoungGen: 178586K->60407K(185344K)] 656902K->558144K(709632K), 0.0069963 secs] [Times: user=0.09 sys=0.01, real=0.01 secs] 
2016-09-25T21:26:35.201-0400: 8.966: [Full GC (Ergonomics) [PSYoungGen: 60407K->0K(185344K)] [ParOldGen: 497736K->51342K(524288K)] 558144K->51342K(709632K), [Metaspace: 43015K->43011K(1085440K)], 0.1952222 secs] [Times: user=2.61 sys=0.08, real=0.20 secs] 
2016-09-25T21:26:35.483-0400: 9.248: [GC (GCLocker Initiated GC) [PSYoungGen: 124928K->55167K(187904K)] 184409K->114648K(712192K), 0.0064747 secs] [Times: user=0.08 sys=0.00, real=0.00 secs] 
2016-09-25T21:26:35.565-0400: 9.330: [GC (GCLocker Initiated GC) [PSYoungGen: 170879K->60439K(176640K)] 233152K->139632K(700928K), 0.0085974 secs] [Times: user=0.12 sys=0.00, real=0.00 secs] 
2016-09-25T21:26:35.652-0400: 9.417: [GC (GCLocker Initiated GC) [PSYoungGen: 176151K->60329K(182272K)] 255357K->156238K(706560K), 0.0073140 secs] [Times: user=0.10 sys=0.00, real=0.01 secs] 
2016-09-25T21:26:35.731-0400: 9.496: [GC (GCLocker Initiated GC) [PSYoungGen: 166825K->38839K(184320K)] 271070K->157049K(708608K), 0.0048330 secs] [Times: user=0.05 sys=0.00, real=0.01 secs] 
2016-09-25T21:26:35.812-0400: 9.578: [GC (GCLocker Initiated GC) [PSYoungGen: 145335K->44052K(178176K)] 269033K->168229K(702464K), 0.0054804 secs] [Times: user=0.07 sys=0.00, real=0.01 secs] 
2016-09-25T21:26:35.880-0400: 9.646: [GC (GCLocker Initiated GC) [PSYoungGen: 151572K->57616K(181760K)] 275812K->182259K(706048K), 0.0046257 secs] [Times: user=0.06 sys=0.00, real=0.01 secs] 
2016-09-25T21:26:35.961-0400: 9.726: [GC (GCLocker Initiated GC) [PSYoungGen: 165136K->52229K(186880K)] 289857K->196262K(711168K), 0.0064616 secs] [Times: user=0.08 sys=0.00, real=0.01 secs] 
2016-09-25T21:26:36.037-0400: 9.802: [GC (GCLocker Initiated GC) [PSYoungGen: 164869K->41507K(186880K)] 317103K->215814K(711168K), 0.0063649 secs] [Times: user=0.08 sys=0.00, real=0.01 secs] 
2016-09-25T21:26:36.118-0400: 9.884: [GC (GCLocker Initiated GC) [PSYoungGen: 154147K->36043K(187392K)] 339330K->221728K(711680K), 0.0047970 secs] [Times: user=0.06 sys=0.00, real=0.01 secs] 
2016-09-25T21:26:36.196-0400: 9.961: [GC (GCLocker Initiated GC) [PSYoungGen: 150219K->57643K(186880K)] 341340K->249242K(711168K), 0.0095718 secs] [Times: user=0.13 sys=0.00, real=0.01 secs] 
2016-09-25T21:26:36.276-0400: 10.041: [GC (GCLocker Initiated GC) [PSYoungGen: 171819K->49497K(186880K)] 366499K->252756K(711168K), 0.0061649 secs] [Times: user=0.06 sys=0.00, real=0.01 secs] 
2016-09-25T21:26:36.354-0400: 10.119: [GC (GCLocker Initiated GC) [PSYoungGen: 164697K->41429K(187392K)] 373412K->250601K(711680K), 0.0098975 secs] [Times: user=0.14 sys=0.00, real=0.02 secs] 
2016-09-25T21:26:36.438-0400: 10.203: [GC (GCLocker Initiated GC) [PSYoungGen: 156629K->33375K(188928K)] 375296K->252483K(713216K), 0.0046164 secs] [Times: user=0.05 sys=0.00, real=0.01 secs] 
2016-09-25T21:26:36.517-0400: 10.282: [GC (GCLocker Initiated GC) [PSYoungGen: 151647K->37329K(188928K)] 376283K->262435K(713216K), 0.0054190 secs] [Times: user=0.04 sys=0.00, real=0.01 secs] 
2016-09-25T21:26:36.599-0400: 10.364: [GC (GCLocker Initiated GC) [PSYoungGen: 155601K->30515K(189952K)] 386292K->269752K(714240K), 0.0089323 secs] [Times: user=0.07 sys=0.00, real=0.01 secs] 
2016-09-25T21:26:36.694-0400: 10.459: [GC (GCLocker Initiated GC) [PSYoungGen: 150835K->37265K(190464K)] 393940K->280816K(714752K), 0.0124353 secs] [Times: user=0.11 sys=0.00, real=0.01 secs] 
2016-09-25T21:26:36.777-0400: 10.542: [GC (GCLocker Initiated GC) [PSYoungGen: 157585K->53611K(189952K)] 403933K->308570K(714240K), 0.0155165 secs] [Times: user=0.22 sys=0.00, real=0.01 secs] 
2016-09-25T21:26:36.882-0400: 10.647: [GC (GCLocker Initiated GC) [PSYoungGen: 174955K->48257K(190976K)] 436748K->324039K(715264K), 0.0065356 secs] [Times: user=0.07 sys=0.01, real=0.01 secs] 
2016-09-25T21:26:36.971-0400: 10.736: [GC (GCLocker Initiated GC) [PSYoungGen: 169601K->44221K(188416K)] 450817K->325944K(712704K), 0.0108828 secs] [Times: user=0.15 sys=0.00, real=0.01 secs] 
2016-09-25T21:26:37.059-0400: 10.824: [GC (GCLocker Initiated GC) [PSYoungGen: 168125K->35914K(190464K)] 452757K->323709K(714752K), 0.0053700 secs] [Times: user=0.04 sys=0.00, real=0.01 secs] 
2016-09-25T21:26:37.140-0400: 10.906: [GC (GCLocker Initiated GC) [PSYoungGen: 159818K->50764K(195584K)] 447851K->344643K(719872K), 0.0173278 secs] [Times: user=0.17 sys=0.00, real=0.02 secs] 
2016-09-25T21:26:37.244-0400: 11.010: [GC (Allocation Failure) [PSYoungGen: 180812K->34739K(196096K)] 484252K->338656K(720384K), 0.0043931 secs] [Times: user=0.04 sys=0.00, real=0.00 secs] 
2016-09-25T21:26:37.326-0400: 11.091: [GC (GCLocker Initiated GC) [PSYoungGen: 163870K->44143K(193024K)] 470488K->367517K(717312K), 0.0056578 secs] [Times: user=0.07 sys=0.00, real=0.00 secs] 
2016-09-25T21:26:37.424-0400: 11.189: [GC (GCLocker Initiated GC) [PSYoungGen: 174703K->49542K(194560K)] 500786K->376081K(718848K), 0.0116527 secs] [Times: user=0.15 sys=0.00, real=0.01 secs] 
2016-09-25T21:26:37.538-0400: 11.303: [GC (GCLocker Initiated GC) [PSYoungGen: 180102K->44142K(194048K)] 506848K->371398K(718336K), 0.0054779 secs] [Times: user=0.03 sys=0.00, real=0.01 secs] 
2016-09-25T21:26:37.641-0400: 11.406: [GC (GCLocker Initiated GC) [PSYoungGen: 178286K->52224K(196096K)] 513665K->388065K(720384K), 0.0266451 secs] [Times: user=0.32 sys=0.01, real=0.03 secs] 
2016-09-25T21:26:37.756-0400: 11.521: [GC (GCLocker Initiated GC) [PSYoungGen: 186368K->46842K(198656K)] 522242K->407565K(722944K), 0.0124155 secs] [Times: user=0.13 sys=0.03, real=0.01 secs] 
2016-09-25T21:26:37.864-0400: 11.629: [GC (GCLocker Initiated GC) [PSYoungGen: 183546K->34564K(198656K)] 544320K->406616K(722944K), 0.0179479 secs] [Times: user=0.16 sys=0.00, real=0.01 secs] 
2016-09-25T21:26:37.984-0400: 11.750: [GC (GCLocker Initiated GC) [PSYoungGen: 171268K->52321K(197632K)] 548755K->449210K(721920K), 0.0084131 secs] [Times: user=0.11 sys=0.00, real=0.00 secs] 
2016-09-25T21:26:38.105-0400: 11.870: [GC (GCLocker Initiated GC) [PSYoungGen: 187489K->30767K(166400K)] 599387K->470222K(690688K), 0.0055407 secs] [Times: user=0.07 sys=0.01, real=0.00 secs] 
2016-09-25T21:26:38.210-0400: 11.975: [GC (GCLocker Initiated GC) [PSYoungGen: 165935K->41489K(199680K)] 610997K->487082K(723968K), 0.0061042 secs] [Times: user=0.05 sys=0.00, real=0.01 secs] 
2016-09-25T21:26:38.306-0400: 12.072: [GC (GCLocker Initiated GC) [PSYoungGen: 177169K->52161K(198144K)] 624081K->502266K(722432K), 0.0094860 secs] [Times: user=0.06 sys=0.00, real=0.01 secs] 
2016-09-25T21:26:38.427-0400: 12.193: [GC (GCLocker Initiated GC) [PSYoungGen: 187841K->48115K(198656K)] 637971K->498761K(722944K), 0.0058265 secs] [Times: user=0.06 sys=0.00, real=0.00 secs] 
2016-09-25T21:26:38.535-0400: 12.300: [GC (GCLocker Initiated GC) [PSYoungGen: 182771K->26414K(161280K)] 636154K->493722K(685568K), 0.0130811 secs] [Times: user=0.12 sys=0.00, real=0.01 secs] 
2016-09-25T21:26:38.660-0400: 12.426: [GC (GCLocker Initiated GC) [PSYoungGen: 161070K->42756K(199680K)] 640584K->525518K(723968K), 0.0171426 secs] [Times: user=0.19 sys=0.00, real=0.02 secs] 
2016-09-25T21:26:38.775-0400: 12.541: [GC (GCLocker Initiated GC) [PSYoungGen: 177924K->49621K(197632K)] 668900K->554692K(721920K), 0.0090475 secs] [Times: user=0.06 sys=0.02, real=0.01 secs] 
2016-09-25T21:26:38.784-0400: 12.550: [Full GC (Ergonomics) [PSYoungGen: 49621K->0K(197632K)] [ParOldGen: 505070K->68876K(524288K)] 554692K->68876K(721920K), [Metaspace: 43182K->43182K(1085440K)], 0.0487431 secs] [Times: user=0.36 sys=0.01, real=0.04 secs] 
2016-09-25T21:26:38.935-0400: 12.700: [GC (GCLocker Initiated GC) [PSYoungGen: 135168K->59217K(190976K)] 204218K->128268K(715264K), 0.0061768 secs] [Times: user=0.08 sys=0.00, real=0.00 secs] 
2016-09-25T21:26:39.018-0400: 12.783: [GC (GCLocker Initiated GC) [PSYoungGen: 187217K->41571K(195072K)] 256332K->124889K(719360K), 0.0230209 secs] [Times: user=0.34 sys=0.01, real=0.02 secs] 
2016-09-25T21:26:39.126-0400: 12.891: [GC (GCLocker Initiated GC) [PSYoungGen: 169571K->61743K(188416K)] 252988K->153787K(712704K), 0.0091191 secs] [Times: user=0.14 sys=0.00, real=0.01 secs] 
2016-09-25T21:26:39.226-0400: 12.991: [GC (GCLocker Initiated GC) [PSYoungGen: 184623K->37179K(192512K)] 279370K->135076K(716800K), 0.0145675 secs] [Times: user=0.14 sys=0.01, real=0.01 secs] 
2016-09-25T21:26:39.337-0400: 13.103: [GC (GCLocker Initiated GC) [PSYoungGen: 160059K->56068K(189952K)] 258152K->154540K(714240K), 0.0057836 secs] [Times: user=0.05 sys=0.01, real=0.01 secs] 
2016-09-25T21:26:39.421-0400: 13.186: [GC (GCLocker Initiated GC) [PSYoungGen: 176900K->34394K(191488K)] 278179K->149408K(715776K), 0.0137754 secs] [Times: user=0.17 sys=0.00, real=0.02 secs] 
2016-09-25T21:26:39.514-0400: 13.279: [GC (GCLocker Initiated GC) [PSYoungGen: 155226K->53356K(190976K)] 278414K->184939K(715264K), 0.0062237 secs] [Times: user=0.07 sys=0.00, real=0.01 secs] 
2016-09-25T21:26:39.607-0400: 13.373: [GC (GCLocker Initiated GC) [PSYoungGen: 174188K->37221K(158208K)] 314012K->196201K(682496K), 0.0127578 secs] [Times: user=0.14 sys=0.00, real=0.01 secs] 
2016-09-25T21:26:39.721-0400: 13.487: [GC (GCLocker Initiated GC) [PSYoungGen: 158053K->33092K(190976K)] 333297K->208587K(715264K), 0.0053603 secs] [Times: user=0.04 sys=0.01, real=0.01 secs] 
2016-09-25T21:26:39.816-0400: 13.581: [GC (GCLocker Initiated GC) [PSYoungGen: 154436K->41210K(162816K)] 338044K->241302K(687104K), 0.0214575 secs] [Times: user=0.31 sys=0.00, real=0.02 secs] 
2016-09-25T21:26:39.933-0400: 13.698: [GC (GCLocker Initiated GC) [PSYoungGen: 162554K->30491K(190976K)] 376371K->255367K(715264K), 0.0139889 secs] [Times: user=0.14 sys=0.02, real=0.02 secs] 
2016-09-25T21:26:40.026-0400: 13.791: [GC (GCLocker Initiated GC) [PSYoungGen: 153883K->50721K(190464K)] 382867K->279965K(714752K), 0.0212320 secs] [Times: user=0.24 sys=0.01, real=0.02 secs] 
2016-09-25T21:26:40.139-0400: 13.905: [GC (GCLocker Initiated GC) [PSYoungGen: 174113K->41207K(192000K)] 411685K->279030K(716288K), 0.0217004 secs] [Times: user=0.26 sys=0.00, real=0.02 secs] 
2016-09-25T21:26:40.250-0400: 14.015: [GC (GCLocker Initiated GC) [PSYoungGen: 168183K->45289K(193024K)] 411490K->288871K(717312K), 0.0072658 secs] [Times: user=0.08 sys=0.00, real=0.01 secs] 
2016-09-25T21:26:40.340-0400: 14.105: [GC (GCLocker Initiated GC) [PSYoungGen: 172265K->31617K(195584K)] 419908K->290279K(719872K), 0.0137048 secs] [Times: user=0.12 sys=0.00, real=0.01 secs] 
2016-09-25T21:26:40.454-0400: 14.219: [GC (GCLocker Initiated GC) [PSYoungGen: 162689K->49324K(195584K)] 430835K->317747K(719872K), 0.0097958 secs] [Times: user=0.14 sys=0.01, real=0.02 secs] 
2016-09-25T21:26:40.561-0400: 14.326: [GC (GCLocker Initiated GC) [PSYoungGen: 180396K->33060K(196608K)] 452487K->316244K(720896K), 0.0063073 secs] [Times: user=0.07 sys=0.00, real=0.01 secs] 
2016-09-25T21:26:40.646-0400: 14.412: [GC (GCLocker Initiated GC) [PSYoungGen: 166180K->37110K(197120K)] 454867K->350397K(721408K), 0.0099615 secs] [Times: user=0.12 sys=0.01, real=0.01 secs] 
2016-09-25T21:26:40.774-0400: 14.539: [GC (GCLocker Initiated GC) [PSYoungGen: 170230K->33043K(196608K)] 486367K->362970K(720896K), 0.0062886 secs] [Times: user=0.06 sys=0.01, real=0.01 secs] 
2016-09-25T21:26:40.884-0400: 14.650: [GC (GCLocker Initiated GC) [PSYoungGen: 168211K->33028K(197120K)] 506443K->382351K(721408K), 0.0114448 secs] [Times: user=0.11 sys=0.01, real=0.01 secs] 
2016-09-25T21:26:41.005-0400: 14.770: [GC (GCLocker Initiated GC) [PSYoungGen: 168196K->42592K(198144K)] 521591K->396279K(722432K), 0.0072058 secs] [Times: user=0.08 sys=0.00, real=0.00 secs] 
2016-09-25T21:26:41.110-0400: 14.876: [GC (GCLocker Initiated GC) [PSYoungGen: 181344K->34379K(199168K)] 539139K->397845K(723456K), 0.0170033 secs] [Times: user=0.14 sys=0.00, real=0.02 secs] 
2016-09-25T21:26:41.225-0400: 14.990: [GC (GCLocker Initiated GC) [PSYoungGen: 173131K->48017K(200704K)] 542000K->425268K(724992K), 0.0056085 secs] [Times: user=0.05 sys=0.00, real=0.00 secs] 
2016-09-25T21:26:41.341-0400: 15.106: [GC (GCLocker Initiated GC) [PSYoungGen: 189329K->49350K(190976K)] 569314K->429631K(715264K), 0.0132305 secs] [Times: user=0.14 sys=0.01, real=0.02 secs] 
2016-09-25T21:26:41.466-0400: 15.231: [GC (GCLocker Initiated GC) [PSYoungGen: 190662K->45527K(200704K)] 573672K->455929K(724992K), 0.0109685 secs] [Times: user=0.15 sys=0.00, real=0.01 secs] 
2016-09-25T21:26:41.612-0400: 15.377: [GC (GCLocker Initiated GC) [PSYoungGen: 184279K->41432K(180224K)] 601619K->467343K(704512K), 0.0057862 secs] [Times: user=0.04 sys=0.00, real=0.01 secs] 
2016-09-25T21:26:41.722-0400: 15.487: [GC (GCLocker Initiated GC) [PSYoungGen: 180184K->59138K(193536K)] 611556K->491106K(717824K), 0.0148436 secs] [Times: user=0.19 sys=0.00, real=0.02 secs] 
2016-09-25T21:26:41.850-0400: 15.615: [GC (GCLocker Initiated GC) [PSYoungGen: 193282K->53722K(187904K)] 625483K->502754K(712192K), 0.0060895 secs] [Times: user=0.08 sys=0.01, real=0.01 secs] 
2016-09-25T21:26:41.978-0400: 15.743: [GC (GCLocker Initiated GC) [PSYoungGen: 187866K->53630K(194048K)] 636933K->503364K(718336K), 0.0095450 secs] [Times: user=0.07 sys=0.00, real=0.01 secs] 
2016-09-25T21:26:42.084-0400: 15.850: [GC (Allocation Failure) [PSYoungGen: 181630K->37530K(195072K)] 631390K->514862K(719360K), 0.0094401 secs] [Times: user=0.12 sys=0.00, real=0.00 secs] 
2016-09-25T21:26:42.190-0400: 15.955: [GC (GCLocker Initiated GC) [PSYoungGen: 164058K->34825K(193536K)] 644090K->528941K(717824K), 0.0056539 secs] [Times: user=0.06 sys=0.00, real=0.01 secs] 
2016-09-25T21:26:42.196-0400: 15.961: [Full GC (Ergonomics) [PSYoungGen: 34825K->0K(193536K)] [ParOldGen: 494115K->67019K(524288K)] 528941K->67019K(717824K), [Metaspace: 43215K->43215K(1085440K)], 0.0526328 secs] [Times: user=0.42 sys=0.01, real=0.05 secs] 
2016-09-25T21:26:42.357-0400: 16.122: [GC (GCLocker Initiated GC) [PSYoungGen: 128512K->24189K(194560K)] 210490K->106168K(718848K), 0.0143495 secs] [Times: user=0.16 sys=0.00, real=0.01 secs] 
2016-09-25T21:26:42.472-0400: 16.237: [GC (GCLocker Initiated GC) [PSYoungGen: 152701K->53773K(190976K)] 240159K->142062K(715264K), 0.0096503 secs] [Times: user=0.14 sys=0.00, real=0.01 secs] 
2016-09-25T21:26:42.581-0400: 16.346: [GC (GCLocker Initiated GC) [PSYoungGen: 177677K->55157K(179200K)] 271605K->149687K(703488K), 0.0051416 secs] [Times: user=0.07 sys=0.00, real=0.01 secs] 
2016-09-25T21:26:42.683-0400: 16.448: [GC (GCLocker Initiated GC) [PSYoungGen: 179061K->42691K(193536K)] 273769K->140648K(717824K), 0.0098721 secs] [Times: user=0.10 sys=0.00, real=0.00 secs] 
2016-09-25T21:26:42.794-0400: 16.559: [GC (GCLocker Initiated GC) [PSYoungGen: 165571K->38868K(161792K)] 266406K->153795K(686080K), 0.0049040 secs] [Times: user=0.04 sys=0.00, real=0.01 secs] 
2016-09-25T21:26:42.900-0400: 16.665: [GC (GCLocker Initiated GC) [PSYoungGen: 161748K->25124K(189440K)] 282107K->151423K(713728K), 0.0341981 secs] [Times: user=0.35 sys=0.00, real=0.03 secs] 
2016-09-25T21:26:43.029-0400: 16.794: [GC (GCLocker Initiated GC) [PSYoungGen: 147492K->61873K(184320K)] 276538K->191504K(708608K), 0.0100129 secs] [Times: user=0.11 sys=0.00, real=0.01 secs] 
2016-09-25T21:26:43.141-0400: 16.906: [GC (GCLocker Initiated GC) [PSYoungGen: 184241K->28134K(189952K)] 322197K->177493K(714240K), 0.0126677 secs] [Times: user=0.12 sys=0.00, real=0.01 secs] 
2016-09-25T21:26:43.276-0400: 17.041: [GC (GCLocker Initiated GC) [PSYoungGen: 145382K->48329K(165888K)] 301730K->205307K(690176K), 0.0053709 secs] [Times: user=0.05 sys=0.00, real=0.00 secs] 
2016-09-25T21:26:43.375-0400: 17.140: [GC (GCLocker Initiated GC) [PSYoungGen: 165577K->41496K(191488K)] 328042K->204553K(715776K), 0.0061028 secs] [Times: user=0.06 sys=0.00, real=0.00 secs] 
2016-09-25T21:26:43.482-0400: 17.247: [GC (GCLocker Initiated GC) [PSYoungGen: 161304K->48171K(188928K)] 327209K->222764K(713216K), 0.0121835 secs] [Times: user=0.09 sys=0.00, real=0.01 secs] 
2016-09-25T21:26:43.593-0400: 17.358: [GC (GCLocker Initiated GC) [PSYoungGen: 167979K->48360K(190464K)] 345287K->239792K(714752K), 0.0104133 secs] [Times: user=0.12 sys=0.00, real=0.02 secs] 
2016-09-25T21:26:43.703-0400: 17.469: [GC (GCLocker Initiated GC) [PSYoungGen: 170216K->42984K(189952K)] 364350K->251280K(714240K), 0.0103815 secs] [Times: user=0.10 sys=0.00, real=0.00 secs] 
2016-09-25T21:26:43.813-0400: 17.579: [GC (GCLocker Initiated GC) [PSYoungGen: 164840K->45799K(192512K)] 382679K->264332K(716800K), 0.0147635 secs] [Times: user=0.18 sys=0.00, real=0.02 secs] 
2016-09-25T21:26:43.934-0400: 17.699: [GC (GCLocker Initiated GC) [PSYoungGen: 172775K->49860K(190976K)] 391553K->272044K(715264K), 0.0256857 secs] [Times: user=0.28 sys=0.01, real=0.03 secs] 
2016-09-25T21:26:44.070-0400: 17.836: [GC (GCLocker Initiated GC) [PSYoungGen: 176836K->47075K(197120K)] 401754K->272733K(721408K), 0.0051758 secs] [Times: user=0.05 sys=0.00, real=0.01 secs] 
2016-09-25T21:26:44.193-0400: 17.958: [GC (GCLocker Initiated GC) [PSYoungGen: 180707K->49724K(197120K)] 406380K->276132K(721408K), 0.0130562 secs] [Times: user=0.13 sys=0.00, real=0.02 secs] 
2016-09-25T21:26:44.332-0400: 18.098: [GC (GCLocker Initiated GC) [PSYoungGen: 183356K->43024K(195584K)] 409767K->270231K(719872K), 0.0282548 secs] [Times: user=0.36 sys=0.01, real=0.03 secs] 
2016-09-25T21:26:44.467-0400: 18.232: [GC (GCLocker Initiated GC) [PSYoungGen: 178192K->59365K(194560K)] 405436K->290122K(718848K), 0.0109949 secs] [Times: user=0.14 sys=0.01, real=0.01 secs] 
2016-09-25T21:26:44.603-0400: 18.368: [GC (GCLocker Initiated GC) [PSYoungGen: 194533K->16013K(189440K)] 432404K->278995K(713728K), 0.0077171 secs] [Times: user=0.08 sys=0.00, real=0.00 secs] 
2016-09-25T21:26:44.715-0400: 18.480: [GC (GCLocker Initiated GC) [PSYoungGen: 139917K->45636K(193024K)] 408428K->320414K(717312K), 0.0083574 secs] [Times: user=0.06 sys=0.00, real=0.01 secs] 
2016-09-25T21:26:44.829-0400: 18.594: [GC (GCLocker Initiated GC) [PSYoungGen: 169540K->53868K(192000K)] 444405K->337638K(716288K), 0.0136979 secs] [Times: user=0.15 sys=0.00, real=0.02 secs] 
2016-09-25T21:26:44.960-0400: 18.726: [GC (GCLocker Initiated GC) [PSYoungGen: 178796K->51361K(193536K)] 468165K->360440K(717824K), 0.0083607 secs] [Times: user=0.11 sys=0.00, real=0.01 secs] 
2016-09-25T21:26:45.072-0400: 18.837: [GC (GCLocker Initiated GC) [PSYoungGen: 176289K->32141K(193536K)] 493469K->360924K(717824K), 0.0158160 secs] [Times: user=0.20 sys=0.00, real=0.02 secs] 
2016-09-25T21:26:45.191-0400: 18.956: [GC (GCLocker Initiated GC) [PSYoungGen: 157069K->52506K(177664K)] 491498K->387771K(701952K), 0.0073754 secs] [Times: user=0.09 sys=0.00, real=0.01 secs] 
2016-09-25T21:26:45.303-0400: 19.068: [GC (GCLocker Initiated GC) [PSYoungGen: 177434K->52483K(192512K)] 514081K->389872K(716800K), 0.0094383 secs] [Times: user=0.11 sys=0.00, real=0.00 secs] 
2016-09-25T21:26:45.400-0400: 19.165: [GC (GCLocker Initiated GC) [PSYoungGen: 175363K->30589K(153600K)] 518719K->388124K(677888K), 0.0337482 secs] [Times: user=0.34 sys=0.01, real=0.03 secs] 
2016-09-25T21:26:45.557-0400: 19.322: [GC (GCLocker Initiated GC) [PSYoungGen: 153469K->45568K(194048K)] 520693K->413329K(718336K), 0.0096778 secs] [Times: user=0.11 sys=0.00, real=0.01 secs] 
2016-09-25T21:26:45.674-0400: 19.440: [GC (GCLocker Initiated GC) [PSYoungGen: 169472K->48023K(172032K)] 537405K->416454K(696320K), 0.0107726 secs] [Times: user=0.11 sys=0.00, real=0.01 secs] 
2016-09-25T21:26:45.809-0400: 19.574: [GC (GCLocker Initiated GC) [PSYoungGen: 171927K->29197K(190464K)] 552615K->410346K(714752K), 0.0052258 secs] [Times: user=0.03 sys=0.00, real=0.00 secs] 
2016-09-25T21:26:45.933-0400: 19.699: [GC (GCLocker Initiated GC) [PSYoungGen: 152589K->48208K(190976K)] 539166K->435361K(715264K), 0.0117073 secs] [Times: user=0.11 sys=0.00, real=0.02 secs] 
2016-09-25T21:26:46.037-0400: 19.803: [GC (GCLocker Initiated GC) [PSYoungGen: 171600K->39881K(190464K)] 561634K->438493K(714752K), 0.0110840 secs] [Times: user=0.10 sys=0.00, real=0.01 secs] 
2016-09-25T21:26:46.184-0400: 19.949: [GC (GCLocker Initiated GC) [PSYoungGen: 167369K->48074K(192512K)] 566110K->447323K(716800K), 0.0061950 secs] [Times: user=0.05 sys=0.00, real=0.00 secs] 
2016-09-25T21:26:46.290-0400: 20.055: [GC (GCLocker Initiated GC) [PSYoungGen: 175562K->37333K(195072K)] 577558K->453325K(719360K), 0.0134303 secs] [Times: user=0.09 sys=0.00, real=0.02 secs] 
2016-09-25T21:26:46.418-0400: 20.183: [GC (GCLocker Initiated GC) [PSYoungGen: 169429K->45341K(196096K)] 585458K->475361K(720384K), 0.0300210 secs] [Times: user=0.29 sys=0.01, real=0.03 secs] 
2016-09-25T21:26:46.578-0400: 20.343: [GC (GCLocker Initiated GC) [PSYoungGen: 177437K->33283K(197632K)] 607498K->496287K(721920K), 0.0170563 secs] [Times: user=0.14 sys=0.01, real=0.02 secs] 
2016-09-25T21:26:46.704-0400: 20.469: [GC (GCLocker Initiated GC) [PSYoungGen: 168451K->53487K(197632K)] 631655K->533415K(721920K), 0.0404239 secs] [Times: user=0.34 sys=0.00, real=0.04 secs] 
2016-09-25T21:26:46.872-0400: 20.637: [GC (GCLocker Initiated GC) [PSYoungGen: 188655K->21178K(194560K)] 675501K->527489K(718848K), 0.0375129 secs] [Times: user=0.39 sys=0.00, real=0.04 secs] 
2016-09-25T21:26:46.910-0400: 20.675: [Full GC (Ergonomics) [PSYoungGen: 21178K->0K(194560K)] [ParOldGen: 506310K->91873K(524288K)] 527489K->91873K(718848K), [Metaspace: 43224K->43224K(1085440K)], 0.0599449 secs] [Times: user=0.30 sys=0.03, real=0.06 secs] 
2016-09-25T21:26:47.080-0400: 20.845: [GC (GCLocker Initiated GC) [PSYoungGen: 130048K->37722K(196096K)] 228682K->136357K(720384K), 0.0081447 secs] [Times: user=0.08 sys=0.00, real=0.01 secs] 
2016-09-25T21:26:47.196-0400: 20.961: [GC (GCLocker Initiated GC) [PSYoungGen: 167770K->64489K(174080K)] 269219K->180267K(698368K), 0.0127199 secs] [Times: user=0.15 sys=0.01, real=0.01 secs] 
2016-09-25T21:26:47.297-0400: 21.062: [GC (GCLocker Initiated GC) [PSYoungGen: 174057K->38715K(185856K)] 292571K->171240K(710144K), 0.0055471 secs] [Times: user=0.05 sys=0.00, real=0.01 secs] 
2016-09-25T21:26:47.399-0400: 21.164: [GC (GCLocker Initiated GC) [PSYoungGen: 148283K->48153K(180736K)] 290276K->193328K(705024K), 0.0050796 secs] [Times: user=0.05 sys=0.00, real=0.01 secs] 
2016-09-25T21:26:47.512-0400: 21.277: [GC (GCLocker Initiated GC) [PSYoungGen: 159769K->37385K(184320K)] 314415K->192502K(708608K), 0.0094290 secs] [Times: user=0.13 sys=0.00, real=0.01 secs] 
2016-09-25T21:26:47.627-0400: 21.392: [GC (GCLocker Initiated GC) [PSYoungGen: 149001K->26556K(187904K)] 316382K->207956K(712192K), 0.0249713 secs] [Times: user=0.28 sys=0.00, real=0.02 secs] 
2016-09-25T21:26:47.749-0400: 21.514: [GC (GCLocker Initiated GC) [PSYoungGen: 144828K->44227K(189440K)] 330622K->230559K(713728K), 0.0202754 secs] [Times: user=0.23 sys=0.00, real=0.02 secs] 
2016-09-25T21:26:47.882-0400: 21.647: [GC (GCLocker Initiated GC) [PSYoungGen: 162499K->32016K(189440K)] 355711K->225775K(713728K), 0.0045357 secs] [Times: user=0.05 sys=0.00, real=0.01 secs] 
2016-09-25T21:26:48.009-0400: 21.774: [GC (GCLocker Initiated GC) [PSYoungGen: 153872K->13207K(189952K)] 362493K->233145K(714240K), 0.0042165 secs] [Times: user=0.04 sys=0.00, real=0.00 secs] 
2016-09-25T21:26:48.115-0400: 21.880: [GC (GCLocker Initiated GC) [PSYoungGen: 135063K->34492K(190976K)] 363175K->273919K(715264K), 0.0059695 secs] [Times: user=0.04 sys=0.00, real=0.00 secs] 
2016-09-25T21:26:48.215-0400: 21.980: [GC (GCLocker Initiated GC) [PSYoungGen: 158396K->32139K(191488K)] 410199K->303312K(715776K), 0.0237748 secs] [Times: user=0.27 sys=0.02, real=0.02 secs] 
2016-09-25T21:26:48.333-0400: 22.098: [GC (GCLocker Initiated GC) [PSYoungGen: 156043K->45327K(193536K)] 427459K->317273K(717824K), 0.0085546 secs] [Times: user=0.08 sys=0.00, real=0.01 secs] 
2016-09-25T21:26:48.438-0400: 22.203: [GC (GCLocker Initiated GC) [PSYoungGen: 172815K->49528K(193536K)] 450298K->327499K(717824K), 0.0373601 secs] [Times: user=0.45 sys=0.00, real=0.04 secs] 
2016-09-25T21:26:48.568-0400: 22.333: [GC (GCLocker Initiated GC) [PSYoungGen: 177016K->38578K(191488K)] 455236K->325370K(715776K), 0.0078476 secs] [Times: user=0.07 sys=0.00, real=0.01 secs] 
2016-09-25T21:26:48.671-0400: 22.436: [GC (GCLocker Initiated GC) [PSYoungGen: 167090K->50732K(193024K)] 453916K->338055K(717312K), 0.0137511 secs] [Times: user=0.16 sys=0.01, real=0.02 secs] 
2016-09-25T21:26:48.787-0400: 22.553: [GC (GCLocker Initiated GC) [PSYoungGen: 179244K->56389K(189440K)] 466798K->371469K(713728K), 0.0065627 secs] [Times: user=0.08 sys=0.00, real=0.00 secs] 
2016-09-25T21:26:48.890-0400: 22.655: [GC (GCLocker Initiated GC) [PSYoungGen: 179269K->68599K(191488K)] 494557K->392538K(715776K), 0.0082033 secs] [Times: user=0.12 sys=0.01, real=0.01 secs] 
2016-09-25T21:26:48.993-0400: 22.758: [GC (GCLocker Initiated GC) [PSYoungGen: 191479K->42689K(184320K)] 520201K->382719K(708608K), 0.0117894 secs] [Times: user=0.09 sys=0.00, real=0.02 secs] 
2016-09-25T21:26:49.095-0400: 22.861: [GC (GCLocker Initiated GC) [PSYoungGen: 156353K->63076K(177152K)] 499149K->406439K(701440K), 0.0053569 secs] [Times: user=0.06 sys=0.00, real=0.00 secs] 
2016-09-25T21:26:49.201-0400: 22.967: [GC (GCLocker Initiated GC) [PSYoungGen: 176740K->49503K(186368K)] 520172K->401532K(710656K), 0.0060693 secs] [Times: user=0.06 sys=0.00, real=0.01 secs] 
2016-09-25T21:26:49.295-0400: 23.060: [GC (GCLocker Initiated GC) [PSYoungGen: 158047K->56354K(184320K)] 510135K->422485K(708608K), 0.0146938 secs] [Times: user=0.22 sys=0.01, real=0.01 secs] 
2016-09-25T21:26:55.553-0400: 29.318: [GC (GCLocker Initiated GC) [PSYoungGen: 164898K->37252K(185344K)] 537833K->426887K(709632K), 0.0117258 secs] [Times: user=0.14 sys=0.00, real=0.02 secs] 
2016-09-25T21:26:55.687-0400: 29.452: [GC (GCLocker Initiated GC) [PSYoungGen: 146820K->18279K(128000K)] 554220K->439645K(652288K), 0.0157640 secs] [Times: user=0.14 sys=0.00, real=0.02 secs] 
2016-09-25T21:26:55.817-0400: 29.582: [GC (GCLocker Initiated GC) [PSYoungGen: 127847K->48181K(186368K)] 549257K->470136K(710656K), 0.0306349 secs] [Times: user=0.30 sys=0.03, real=0.03 secs] 
2016-09-25T21:26:55.962-0400: 29.727: [GC (GCLocker Initiated GC) [PSYoungGen: 157237K->30530K(139776K)] 590056K->477308K(664064K), 0.0082498 secs] [Times: user=0.07 sys=0.01, real=0.01 secs] 
2016-09-25T21:26:56.080-0400: 29.845: [GC (GCLocker Initiated GC) [PSYoungGen: 139586K->38645K(185856K)] 602798K->502311K(710144K), 0.0116710 secs] [Times: user=0.09 sys=0.01, real=0.01 secs] 
2016-09-25T21:26:56.205-0400: 29.970: [GC (GCLocker Initiated GC) [PSYoungGen: 149749K->42880K(183808K)] 619061K->512716K(708096K), 0.0234993 secs] [Times: user=0.26 sys=0.01, real=0.02 secs] 
2016-09-25T21:26:56.336-0400: 30.102: [GC (GCLocker Initiated GC) [PSYoungGen: 153984K->34531K(185856K)] 629461K->521294K(710144K), 0.0092361 secs] [Times: user=0.05 sys=0.02, real=0.01 secs] 
2016-09-25T21:26:56.457-0400: 30.223: [GC (GCLocker Initiated GC) [PSYoungGen: 150755K->31756K(184320K)] 645830K->527228K(708608K), 0.0058627 secs] [Times: user=0.05 sys=0.01, real=0.01 secs] 
2016-09-25T21:26:56.587-0400: 30.352: [Full GC (Ergonomics) [PSYoungGen: 147980K->0K(184320K)] [ParOldGen: 500878K->105008K(524288K)] 648859K->105008K(708608K), [Metaspace: 43251K->43251K(1085440K)], 0.0775024 secs] [Times: user=0.42 sys=0.00, real=0.08 secs] 
2016-09-25T21:26:56.773-0400: 30.538: [GC (GCLocker Initiated GC) [PSYoungGen: 116224K->22673K(192000K)] 231996K->138446K(716288K), 0.0110420 secs] [Times: user=0.13 sys=0.00, real=0.02 secs] 
2016-09-25T21:26:56.893-0400: 30.658: [GC (GCLocker Initiated GC) [PSYoungGen: 147089K->19728K(192000K)] 283319K->157989K(716288K), 0.0173772 secs] [Times: user=0.19 sys=0.00, real=0.02 secs] 
2016-09-25T21:26:57.016-0400: 30.782: [GC (GCLocker Initiated GC) [PSYoungGen: 144144K->49514K(190976K)] 289184K->195039K(715264K), 0.0091973 secs] [Times: user=0.07 sys=0.01, real=0.01 secs] 
2016-09-25T21:26:57.142-0400: 30.907: [GC (GCLocker Initiated GC) [PSYoungGen: 172394K->38669K(161792K)] 323509K->192929K(686080K), 0.0260082 secs] [Times: user=0.28 sys=0.00, real=0.03 secs] 
2016-09-25T21:26:57.292-0400: 31.057: [GC (GCLocker Initiated GC) [PSYoungGen: 161549K->40083K(193024K)] 321435K->200422K(717312K), 0.0241067 secs] [Times: user=0.29 sys=0.00, real=0.03 secs] 
2016-09-25T21:26:57.432-0400: 31.197: [GC (GCLocker Initiated GC) [PSYoungGen: 166547K->57569K(190976K)] 328674K->220157K(715264K), 0.0099459 secs] [Times: user=0.10 sys=0.00, real=0.02 secs] 
2016-09-25T21:26:57.571-0400: 31.336: [GC (GCLocker Initiated GC) [PSYoungGen: 184033K->41388K(195072K)] 346687K->231519K(719360K), 0.0144422 secs] [Times: user=0.14 sys=0.00, real=0.02 secs] 
2016-09-25T21:26:57.707-0400: 31.473: [GC (GCLocker Initiated GC) [PSYoungGen: 167852K->59028K(185856K)] 364763K->256395K(710144K), 0.0133019 secs] [Times: user=0.15 sys=0.00, real=0.01 secs] 
2016-09-25T21:26:57.825-0400: 31.590: [GC (GCLocker Initiated GC) [PSYoungGen: 185492K->46767K(192512K)] 385796K->261101K(716800K), 0.0086464 secs] [Times: user=0.09 sys=0.01, real=0.00 secs] 
2016-09-25T21:26:57.939-0400: 31.704: [GC (GCLocker Initiated GC) [PSYoungGen: 168111K->43905K(165376K)] 385197K->261435K(689664K), 0.0174806 secs] [Times: user=0.17 sys=0.00, real=0.02 secs] 
2016-09-25T21:26:58.065-0400: 31.831: [GC (GCLocker Initiated GC) [PSYoungGen: 165249K->60362K(184832K)] 385554K->308156K(709120K), 0.0120977 secs] [Times: user=0.16 sys=0.01, real=0.01 secs] 
2016-09-25T21:26:58.184-0400: 31.949: [GC (GCLocker Initiated GC) [PSYoungGen: 177610K->37343K(188928K)] 432167K->305874K(713216K), 0.0221325 secs] [Times: user=0.25 sys=0.00, real=0.02 secs] 
2016-09-25T21:26:58.321-0400: 32.087: [GC (GCLocker Initiated GC) [PSYoungGen: 154591K->37415K(185856K)] 439325K->322618K(710144K), 0.0107413 secs] [Times: user=0.12 sys=0.00, real=0.01 secs] 
2016-09-25T21:26:58.440-0400: 32.206: [GC (GCLocker Initiated GC) [PSYoungGen: 157735K->56166K(188928K)] 442942K->349931K(713216K), 0.0086014 secs] [Times: user=0.11 sys=0.00, real=0.01 secs] 
2016-09-25T21:26:58.561-0400: 32.326: [GC (GCLocker Initiated GC) [PSYoungGen: 176486K->59007K(185344K)] 475674K->358619K(709632K), 0.0087039 secs] [Times: user=0.10 sys=0.00, real=0.01 secs] 
2016-09-25T21:26:58.677-0400: 32.443: [GC (GCLocker Initiated GC) [PSYoungGen: 173695K->35962K(188416K)] 476158K->355110K(712704K), 0.0103438 secs] [Times: user=0.12 sys=0.00, real=0.01 secs] 
2016-09-25T21:26:58.776-0400: 32.541: [GC (GCLocker Initiated GC) [PSYoungGen: 150650K->58965K(184320K)] 472503K->381296K(708608K), 0.0086914 secs] [Times: user=0.13 sys=0.00, real=0.01 secs] 
2016-09-25T21:26:58.887-0400: 32.652: [GC (GCLocker Initiated GC) [PSYoungGen: 170581K->44116K(186880K)] 494365K->368351K(711168K), 0.0080772 secs] [Times: user=0.07 sys=0.01, real=0.01 secs] 
2016-09-25T21:26:58.996-0400: 32.762: [GC (GCLocker Initiated GC) [PSYoungGen: 155732K->38492K(183808K)] 482710K->365851K(708096K), 0.0073163 secs] [Times: user=0.04 sys=0.00, real=0.01 secs] 
2016-09-25T21:26:59.120-0400: 32.885: [GC (GCLocker Initiated GC) [PSYoungGen: 152668K->18254K(185344K)] 490830K->375688K(709632K), 0.0084815 secs] [Times: user=0.06 sys=0.00, real=0.01 secs] 
2016-09-25T21:26:59.265-0400: 33.030: [GC (GCLocker Initiated GC) [PSYoungGen: 132430K->35888K(188928K)] 492605K->396504K(713216K), 0.0086740 secs] [Times: user=0.09 sys=0.01, real=0.00 secs] 
2016-09-25T21:26:59.392-0400: 33.158: [GC (GCLocker Initiated GC) [PSYoungGen: 153648K->42716K(160768K)] 514510K->403990K(685056K), 0.0209900 secs] [Times: user=0.22 sys=0.02, real=0.02 secs] 
2016-09-25T21:26:59.515-0400: 33.280: [GC (GCLocker Initiated GC) [PSYoungGen: 160476K->29089K(188928K)] 525016K->394071K(713216K), 0.0217712 secs] [Times: user=0.20 sys=0.00, real=0.02 secs] 
2016-09-25T21:26:59.676-0400: 33.441: [GC (GCLocker Initiated GC) [PSYoungGen: 149409K->31841K(188416K)] 519891K->402775K(712704K), 0.0055081 secs] [Times: user=0.04 sys=0.00, real=0.00 secs] 
2016-09-25T21:26:59.782-0400: 33.547: [GC (GCLocker Initiated GC) [PSYoungGen: 152161K->52264K(190464K)] 525824K->426382K(714752K), 0.0121162 secs] [Times: user=0.10 sys=0.00, real=0.01 secs] 
2016-09-25T21:26:59.935-0400: 33.700: [GC (GCLocker Initiated GC) [PSYoungGen: 175656K->13046K(136704K)] 561980K->421430K(660992K), 0.0112028 secs] [Times: user=0.11 sys=0.00, real=0.01 secs] 
2016-09-25T21:27:00.072-0400: 33.837: [GC (GCLocker Initiated GC) [PSYoungGen: 136438K->49535K(189952K)] 552966K->466582K(714240K), 0.0094480 secs] [Times: user=0.10 sys=0.00, real=0.01 secs] 
2016-09-25T21:27:00.184-0400: 33.949: [GC (GCLocker Initiated GC) [PSYoungGen: 168319K->64384K(183296K)] 588204K->484724K(707584K), 0.0067104 secs] [Times: user=0.06 sys=0.00, real=0.00 secs] 
2016-09-25T21:27:00.332-0400: 34.097: [GC (GCLocker Initiated GC) [PSYoungGen: 183168K->41562K(187904K)] 614531K->473395K(712192K), 0.0077427 secs] [Times: user=0.09 sys=0.01, real=0.01 secs] 
2016-09-25T21:27:00.440-0400: 34.205: [GC (GCLocker Initiated GC) [PSYoungGen: 151642K->34556K(144896K)] 598552K->481912K(669184K), 0.0090902 secs] [Times: user=0.06 sys=0.00, real=0.01 secs] 
2016-09-25T21:27:00.589-0400: 34.354: [GC (GCLocker Initiated GC) [PSYoungGen: 144636K->36050K(184320K)] 605605K->497473K(708608K), 0.0051771 secs] [Times: user=0.05 sys=0.00, real=0.00 secs] 
2016-09-25T21:27:00.684-0400: 34.449: [GC (GCLocker Initiated GC) [PSYoungGen: 148178K->53572K(182272K)] 612538K->518450K(706560K), 0.0063161 secs] [Times: user=0.08 sys=0.00, real=0.00 secs] 
2016-09-25T21:27:00.798-0400: 34.563: [GC (GCLocker Initiated GC) [PSYoungGen: 165700K->32061K(190464K)] 645481K->512276K(714752K), 0.0049994 secs] [Times: user=0.05 sys=0.00, real=0.01 secs] 
2016-09-25T21:27:00.915-0400: 34.680: [GC (GCLocker Initiated GC) [PSYoungGen: 151357K->60335K(179712K)] 631604K->541052K(704000K), 0.0071718 secs] [Times: user=0.10 sys=0.00, real=0.01 secs] 
2016-09-25T21:27:01.029-0400: 34.795: [GC (GCLocker Initiated GC) [PSYoungGen: 179631K->31927K(188416K)] 663196K->532186K(712704K), 0.0119309 secs] [Times: user=0.15 sys=0.01, real=0.01 secs] 
2016-09-25T21:27:01.132-0400: 34.897: [Full GC (Ergonomics) [PSYoungGen: 145591K->0K(188416K)] [ParOldGen: 502993K->116131K(524288K)] 648584K->116131K(712704K), [Metaspace: 43261K->43261K(1085440K)], 0.0945099 secs] [Times: user=0.58 sys=0.02, real=0.10 secs] 
2016-09-25T21:27:01.326-0400: 35.091: [GC (GCLocker Initiated GC) [PSYoungGen: 113664K->52381K(187392K)] 229798K->168515K(711680K), 0.0125097 secs] [Times: user=0.11 sys=0.01, real=0.01 secs] 
2016-09-25T21:27:01.444-0400: 35.209: [GC (GCLocker Initiated GC) [PSYoungGen: 166045K->49565K(187904K)] 289056K->182659K(712192K), 0.0070524 secs] [Times: user=0.09 sys=0.00, real=0.00 secs] 
2016-09-25T21:27:01.553-0400: 35.318: [GC (GCLocker Initiated GC) [PSYoungGen: 163741K->48262K(162816K)] 302380K->187370K(687104K), 0.0164841 secs] [Times: user=0.23 sys=0.00, real=0.02 secs] 
2016-09-25T21:27:01.674-0400: 35.440: [GC (GCLocker Initiated GC) [PSYoungGen: 162438K->49460K(188416K)] 307147K->194656K(712704K), 0.0075498 secs] [Times: user=0.08 sys=0.00, real=0.00 secs] 
2016-09-25T21:27:01.799-0400: 35.564: [GC (GCLocker Initiated GC) [PSYoungGen: 165172K->31996K(187392K)] 318470K->185754K(711680K), 0.0047577 secs] [Times: user=0.04 sys=0.00, real=0.01 secs] 
2016-09-25T21:27:01.911-0400: 35.677: [GC (GCLocker Initiated GC) [PSYoungGen: 147708K->42745K(186880K)] 309688K->205227K(711168K), 0.0083515 secs] [Times: user=0.08 sys=0.00, real=0.01 secs] 
2016-09-25T21:27:02.023-0400: 35.788: [GC (GCLocker Initiated GC) [PSYoungGen: 162041K->42769K(187904K)] 330075K->219278K(712192K), 0.0088160 secs] [Times: user=0.06 sys=0.00, real=0.00 secs] 
2016-09-25T21:27:02.139-0400: 35.904: [GC (GCLocker Initiated GC) [PSYoungGen: 162065K->64472K(184832K)] 341337K->244247K(709120K), 0.0093424 secs] [Times: user=0.09 sys=0.00, real=0.01 secs] 
2016-09-25T21:27:02.259-0400: 36.024: [GC (GCLocker Initiated GC) [PSYoungGen: 183256K->59112K(178176K)] 365898K->263824K(702464K), 0.0117619 secs] [Times: user=0.12 sys=0.00, real=0.01 secs] 
2016-09-25T21:27:02.382-0400: 36.147: [GC (GCLocker Initiated GC) [PSYoungGen: 177896K->34887K(188928K)] 394923K->252416K(713216K), 0.0152375 secs] [Times: user=0.18 sys=0.00, real=0.02 secs] 
2016-09-25T21:27:02.498-0400: 36.264: [GC (GCLocker Initiated GC) [PSYoungGen: 149575K->40078K(155136K)] 378142K->269152K(679424K), 0.0077604 secs] [Times: user=0.06 sys=0.00, real=0.01 secs] 
2016-09-25T21:27:02.630-0400: 36.395: [GC (GCLocker Initiated GC) [PSYoungGen: 154766K->46818K(188416K)] 386781K->279313K(712704K), 0.0264238 secs] [Times: user=0.33 sys=0.01, real=0.03 secs] 
2016-09-25T21:27:02.773-0400: 36.538: [GC (GCLocker Initiated GC) [PSYoungGen: 163554K->48242K(186368K)] 396280K->281414K(710656K), 0.0060589 secs] [Times: user=0.05 sys=0.00, real=0.01 secs] 
2016-09-25T21:27:02.901-0400: 36.666: [GC (GCLocker Initiated GC) [PSYoungGen: 164978K->42505K(190464K)] 403621K->281571K(714752K), 0.0262065 secs] [Times: user=0.26 sys=0.00, real=0.03 secs] 
2016-09-25T21:27:03.028-0400: 36.793: [GC (GCLocker Initiated GC) [PSYoungGen: 165385K->41356K(189440K)] 408531K->303801K(713728K), 0.0234128 secs] [Times: user=0.28 sys=0.00, real=0.02 secs] 
2016-09-25T21:27:03.155-0400: 36.920: [GC (GCLocker Initiated GC) [PSYoungGen: 164236K->57673K(189952K)] 426714K->334139K(714240K), 0.0166084 secs] [Times: user=0.23 sys=0.00, real=0.01 secs] 
2016-09-25T21:27:03.282-0400: 37.047: [GC (GCLocker Initiated GC) [PSYoungGen: 182601K->42738K(193024K)] 459121K->338595K(717312K), 0.0449269 secs] [Times: user=0.44 sys=0.01, real=0.05 secs] 
2016-09-25T21:27:03.448-0400: 37.213: [GC (GCLocker Initiated GC) [PSYoungGen: 167666K->37413K(190464K)] 470372K->359484K(714752K), 0.0101305 secs] [Times: user=0.09 sys=0.00, real=0.01 secs] 
2016-09-25T21:27:03.596-0400: 37.361: [GC (GCLocker Initiated GC) [PSYoungGen: 164901K->15431K(193024K)] 488370K->339351K(717312K), 0.0195170 secs] [Times: user=0.16 sys=0.01, real=0.02 secs] 
2016-09-25T21:27:03.729-0400: 37.494: [GC (GCLocker Initiated GC) [PSYoungGen: 142919K->44068K(194560K)] 472349K->373920K(718848K), 0.0094831 secs] [Times: user=0.07 sys=0.01, real=0.01 secs] 
2016-09-25T21:27:03.854-0400: 37.619: [GC (GCLocker Initiated GC) [PSYoungGen: 171044K->31730K(193536K)] 503672K->364770K(717824K), 0.0329971 secs] [Times: user=0.33 sys=0.00, real=0.03 secs] 
2016-09-25T21:27:03.992-0400: 37.757: [GC (GCLocker Initiated GC) [PSYoungGen: 158706K->64521K(183808K)] 491820K->406183K(708096K), 0.0085507 secs] [Times: user=0.08 sys=0.00, real=0.01 secs] 
2016-09-25T21:27:04.132-0400: 37.898: [GC (GCLocker Initiated GC) [PSYoungGen: 182281K->41408K(189952K)] 530741K->414736K(714240K), 0.0208483 secs] [Times: user=0.26 sys=0.00, real=0.02 secs] 
2016-09-25T21:27:04.243-0400: 38.008: [GC (GCLocker Initiated GC) [PSYoungGen: 159168K->34853K(185344K)] 539457K->439902K(709632K), 0.0073638 secs] [Times: user=0.10 sys=0.00, real=0.00 secs] 
2016-09-25T21:27:04.394-0400: 38.159: [GC (GCLocker Initiated GC) [PSYoungGen: 155173K->44392K(188928K)] 560283K->450053K(713216K), 0.0131859 secs] [Times: user=0.07 sys=0.00, real=0.01 secs] 
2016-09-25T21:27:04.513-0400: 38.278: [GC (GCLocker Initiated GC) [PSYoungGen: 164712K->63423K(184320K)] 573098K->483426K(708608K), 0.0101076 secs] [Times: user=0.12 sys=0.00, real=0.02 secs] 
2016-09-25T21:27:04.675-0400: 38.441: [GC (GCLocker Initiated GC) [PSYoungGen: 181183K->41796K(189952K)] 603934K->486990K(714240K), 0.0080069 secs] [Times: user=0.11 sys=0.00, real=0.01 secs] 
2016-09-25T21:27:04.811-0400: 38.576: [GC (GCLocker Initiated GC) [PSYoungGen: 159556K->47206K(185344K)] 610172K->498678K(709632K), 0.0127924 secs] [Times: user=0.12 sys=0.01, real=0.02 secs] 
2016-09-25T21:27:04.962-0400: 38.728: [GC (GCLocker Initiated GC) [PSYoungGen: 167526K->40524K(188928K)] 627158K->517271K(713216K), 0.0079735 secs] [Times: user=0.08 sys=0.00, real=0.00 secs] 
2016-09-25T21:27:05.129-0400: 38.894: [GC (GCLocker Initiated GC) [PSYoungGen: 160844K->40369K(188928K)] 640382K->520801K(713216K), 0.0236981 secs] [Times: user=0.28 sys=0.00, real=0.02 secs] 
2016-09-25T21:27:05.289-0400: 39.054: [GC (GCLocker Initiated GC) [PSYoungGen: 167345K->58250K(192000K)] 650606K->542442K(716288K), 0.0110559 secs] [Times: user=0.16 sys=0.00, real=0.01 secs] 
2016-09-25T21:27:05.428-0400: 39.193: [GC (GCLocker Initiated GC) [PSYoungGen: 185226K->62198K(186368K)] 672151K->550059K(710656K), 0.0253691 secs] [Times: user=0.36 sys=0.00, real=0.02 secs] 
2016-09-25T21:27:06.530-0400: 40.295: [Full GC (Ergonomics) [PSYoungGen: 179958K->0K(186368K)] [ParOldGen: 496016K->132770K(524288K)] 675974K->132770K(710656K), [Metaspace: 43402K->43402K(1085440K)], 0.0666674 secs] [Times: user=0.49 sys=0.00, real=0.07 secs] 
2016-09-25T21:27:06.737-0400: 40.503: [GC (GCLocker Initiated GC) [PSYoungGen: 117760K->50522K(189952K)] 253471K->186234K(714240K), 0.0055595 secs] [Times: user=0.06 sys=0.00, real=0.01 secs] 
2016-09-25T21:27:06.871-0400: 40.636: [GC (GCLocker Initiated GC) [PSYoungGen: 168282K->32298K(188928K)] 313544K->178969K(713216K), 0.0135355 secs] [Times: user=0.12 sys=0.00, real=0.02 secs] 
2016-09-25T21:27:07.022-0400: 40.787: [GC (GCLocker Initiated GC) [PSYoungGen: 151082K->49876K(189952K)] 297946K->208445K(714240K), 0.0110747 secs] [Times: user=0.11 sys=0.00, real=0.01 secs] 
2016-09-25T21:27:07.149-0400: 40.914: [GC (GCLocker Initiated GC) [PSYoungGen: 168660K->41856K(187904K)] 329978K->217526K(712192K), 0.0071750 secs] [Times: user=0.09 sys=0.00, real=0.01 secs] 
2016-09-25T21:27:07.288-0400: 41.053: [GC (GCLocker Initiated GC) [PSYoungGen: 162688K->57897K(189440K)] 338569K->234630K(713728K), 0.0081199 secs] [Times: user=0.11 sys=0.00, real=0.01 secs] 
2016-09-25T21:27:07.434-0400: 41.199: [GC (GCLocker Initiated GC) [PSYoungGen: 178729K->25538K(188416K)] 367616K->228674K(712704K), 0.0287438 secs] [Times: user=0.35 sys=0.00, real=0.04 secs] 
2016-09-25T21:27:07.579-0400: 41.344: [GC (GCLocker Initiated GC) [PSYoungGen: 143298K->26496K(144384K)] 349200K->233156K(668672K), 0.0049494 secs] [Times: user=0.03 sys=0.00, real=0.01 secs] 
2016-09-25T21:27:07.705-0400: 41.470: [GC (GCLocker Initiated GC) [PSYoungGen: 144256K->52395K(188416K)] 356423K->265168K(712704K), 0.0103637 secs] [Times: user=0.12 sys=0.00, real=0.01 secs] 
2016-09-25T21:27:07.842-0400: 41.607: [GC (GCLocker Initiated GC) [PSYoungGen: 168107K->33250K(148992K)] 380950K->246700K(673280K), 0.0149382 secs] [Times: user=0.14 sys=0.00, real=0.02 secs] 
2016-09-25T21:27:07.976-0400: 41.741: [GC (GCLocker Initiated GC) [PSYoungGen: 148962K->31967K(189440K)] 367921K->251488K(713728K), 0.0134340 secs] [Times: user=0.15 sys=0.00, real=0.01 secs] 
2016-09-25T21:27:08.097-0400: 41.862: [GC (GCLocker Initiated GC) [PSYoungGen: 149215K->53665K(188416K)] 368915K->282070K(712704K), 0.0208337 secs] [Times: user=0.22 sys=0.00, real=0.02 secs] 
2016-09-25T21:27:08.244-0400: 42.009: [GC (GCLocker Initiated GC) [PSYoungGen: 170913K->50930K(189440K)] 407594K->288162K(713728K), 0.0110705 secs] [Times: user=0.09 sys=0.00, real=0.01 secs] 
2016-09-25T21:27:08.391-0400: 42.156: [GC (GCLocker Initiated GC) [PSYoungGen: 167666K->38783K(155648K)] 404907K->287436K(679936K), 0.0170403 secs] [Times: user=0.14 sys=0.00, real=0.02 secs] 
2016-09-25T21:27:08.539-0400: 42.304: [GC (GCLocker Initiated GC) [PSYoungGen: 155519K->38694K(189440K)] 404181K->287915K(713728K), 0.0165455 secs] [Times: user=0.20 sys=0.00, real=0.02 secs] 
2016-09-25T21:27:08.679-0400: 42.444: [GC (GCLocker Initiated GC) [PSYoungGen: 157478K->40181K(187392K)] 406925K->301043K(711680K), 0.0113777 secs] [Times: user=0.14 sys=0.00, real=0.01 secs] 
2016-09-25T21:27:08.822-0400: 42.587: [GC (GCLocker Initiated GC) [PSYoungGen: 158965K->30897K(189952K)] 431025K->314395K(714240K), 0.0087679 secs] [Times: user=0.10 sys=0.00, real=0.01 secs] 
2016-09-25T21:27:08.944-0400: 42.709: [GC (GCLocker Initiated GC) [PSYoungGen: 154289K->37551K(189440K)] 445986K->338081K(713728K), 0.0207988 secs] [Times: user=0.27 sys=0.00, real=0.02 secs] 
2016-09-25T21:27:09.094-0400: 42.860: [GC (GCLocker Initiated GC) [PSYoungGen: 160943K->16130K(192512K)] 485882K->371398K(716800K), 0.0092753 secs] [Times: user=0.09 sys=0.01, real=0.01 secs] 
2016-09-25T21:27:09.228-0400: 42.993: [GC (GCLocker Initiated GC) [PSYoungGen: 144130K->45714K(194048K)] 504969K->420813K(718336K), 0.0067681 secs] [Times: user=0.07 sys=0.00, real=0.01 secs] 
2016-09-25T21:27:09.361-0400: 43.127: [GC (GCLocker Initiated GC) [PSYoungGen: 173714K->38976K(190976K)] 558313K->424235K(715264K), 0.0489799 secs] [Times: user=0.53 sys=0.01, real=0.05 secs] 
2016-09-25T21:27:09.554-0400: 43.319: [GC (GCLocker Initiated GC) [PSYoungGen: 169024K->49774K(193536K)] 557198K->438772K(717824K), 0.0106229 secs] [Times: user=0.09 sys=0.00, real=0.02 secs] 
2016-09-25T21:27:09.712-0400: 43.477: [GC (GCLocker Initiated GC) [PSYoungGen: 179822K->55335K(190976K)] 574261K->450573K(715264K), 0.0076381 secs] [Times: user=0.09 sys=0.00, real=0.01 secs] 
2016-09-25T21:27:09.833-0400: 43.598: [GC (GCLocker Initiated GC) [PSYoungGen: 181287K->49808K(176128K)] 576601K->445937K(700416K), 0.0143183 secs] [Times: user=0.17 sys=0.01, real=0.02 secs] 
2016-09-25T21:27:09.969-0400: 43.734: [GC (GCLocker Initiated GC) [PSYoungGen: 175760K->47045K(194560K)] 571910K->462912K(718848K), 0.0272655 secs] [Times: user=0.33 sys=0.00, real=0.03 secs] 
2016-09-25T21:27:10.107-0400: 43.872: [GC (GCLocker Initiated GC) [PSYoungGen: 172997K->36150K(162304K)] 594316K->474429K(686592K), 0.0248438 secs] [Times: user=0.24 sys=0.00, real=0.02 secs] 
2016-09-25T21:27:10.276-0400: 44.042: [GC (GCLocker Initiated GC) [PSYoungGen: 162102K->52542K(191488K)] 603121K->494355K(715776K), 0.0166344 secs] [Times: user=0.19 sys=0.01, real=0.01 secs] 
2016-09-25T21:27:10.404-0400: 44.169: [GC (GCLocker Initiated GC) [PSYoungGen: 177470K->41807K(192512K)] 622000K->506023K(716800K), 0.0113014 secs] [Times: user=0.14 sys=0.00, real=0.01 secs] 
2016-09-25T21:27:11.501-0400: 45.266: [GC (GCLocker Initiated GC) [PSYoungGen: 166735K->32037K(193536K)] 633691K->502464K(717824K), 0.0247447 secs] [Times: user=0.12 sys=0.01, real=0.03 secs] 
2016-09-25T21:27:11.695-0400: 45.460: [GC (GCLocker Initiated GC) [PSYoungGen: 160037K->59294K(187392K)] 633256K->533300K(711680K), 0.0273342 secs] [Times: user=0.31 sys=0.03, real=0.03 secs] 
2016-09-25T21:27:11.905-0400: 45.670: [GC (Allocation Failure) [PSYoungGen: 187294K->47208K(194048K)] 666769K->551795K(718336K), 0.0154301 secs] [Times: user=0.20 sys=0.01, real=0.01 secs] 
2016-09-25T21:27:11.921-0400: 45.686: [Full GC (Ergonomics) [PSYoungGen: 47208K->0K(194048K)] [ParOldGen: 504587K->160441K(524288K)] 551795K->160441K(718336K), [Metaspace: 43435K->43435K(1085440K)], 0.0672869 secs] [Times: user=0.48 sys=0.03, real=0.07 secs] 
2016-09-25T21:27:12.124-0400: 45.890: [GC (GCLocker Initiated GC) [PSYoungGen: 123887K->47599K(172544K)] 287029K->210740K(696832K), 0.0066056 secs] [Times: user=0.07 sys=0.00, real=0.00 secs] 
2016-09-25T21:27:12.275-0400: 46.040: [GC (GCLocker Initiated GC) [PSYoungGen: 172527K->26554K(191488K)] 339816K->200450K(715776K), 0.0090829 secs] [Times: user=0.09 sys=0.00, real=0.01 secs] 
2016-09-25T21:27:12.425-0400: 46.191: [GC (GCLocker Initiated GC) [PSYoungGen: 150970K->34928K(192000K)] 330356K->228494K(716288K), 0.0069707 secs] [Times: user=0.08 sys=0.00, real=0.00 secs] 
2016-09-25T21:27:12.539-0400: 46.305: [GC (GCLocker Initiated GC) [PSYoungGen: 159344K->66161K(182272K)] 355688K->265855K(706560K), 0.0082394 secs] [Times: user=0.11 sys=0.00, real=0.01 secs] 
2016-09-25T21:27:12.681-0400: 46.446: [GC (GCLocker Initiated GC) [PSYoungGen: 181873K->44376K(188928K)] 391236K->278853K(713216K), 0.0162123 secs] [Times: user=0.22 sys=0.00, real=0.02 secs] 
2016-09-25T21:27:12.797-0400: 46.562: [GC (GCLocker Initiated GC) [PSYoungGen: 160088K->56464K(187904K)] 394712K->305277K(712192K), 0.0094742 secs] [Times: user=0.11 sys=0.00, real=0.01 secs] 
2016-09-25T21:27:12.917-0400: 46.682: [GC (GCLocker Initiated GC) [PSYoungGen: 174224K->57791K(175616K)] 428579K->312764K(699904K), 0.0093358 secs] [Times: user=0.14 sys=0.00, real=0.01 secs] 
2016-09-25T21:27:13.032-0400: 46.798: [GC (GCLocker Initiated GC) [PSYoungGen: 175551K->52457K(188416K)] 438653K->335142K(712704K), 0.0069211 secs] [Times: user=0.10 sys=0.02, real=0.01 secs] 
2016-09-25T21:27:13.170-0400: 46.935: [GC (GCLocker Initiated GC) [PSYoungGen: 166633K->44259K(158720K)] 454760K->343871K(683008K), 0.0053417 secs] [Times: user=0.08 sys=0.00, real=0.01 secs] 
2016-09-25T21:27:13.285-0400: 47.050: [GC (GCLocker Initiated GC) [PSYoungGen: 158435K->43075K(187904K)] 460877K->346113K(712192K), 0.0090648 secs] [Times: user=0.09 sys=0.02, real=0.01 secs] 
2016-09-25T21:27:13.385-0400: 47.150: [GC (GCLocker Initiated GC) [PSYoungGen: 159299K->48381K(185856K)] 467855K->371049K(710144K), 0.0082602 secs] [Times: user=0.11 sys=0.00, real=0.00 secs] 
2016-09-25T21:27:13.534-0400: 47.299: [GC (GCLocker Initiated GC) [PSYoungGen: 164605K->40154K(189952K)] 489995K->371588K(714240K), 0.0051490 secs] [Times: user=0.04 sys=0.01, real=0.00 secs] 
2016-09-25T21:27:13.682-0400: 47.447: [GC (GCLocker Initiated GC) [PSYoungGen: 162010K->34629K(188928K)] 496358K->380421K(713216K), 0.0065803 secs] [Times: user=0.05 sys=0.01, real=0.01 secs] 
2016-09-25T21:27:13.807-0400: 47.572: [GC (GCLocker Initiated GC) [PSYoungGen: 156485K->38710K(194048K)] 513295K->396151K(718336K), 0.0068851 secs] [Times: user=0.05 sys=0.00, real=0.00 secs] 
2016-09-25T21:27:13.994-0400: 47.759: [GC (GCLocker Initiated GC) [PSYoungGen: 166710K->44201K(194048K)] 524214K->402359K(718336K), 0.0436361 secs] [Times: user=0.33 sys=0.04, real=0.04 secs] 
2016-09-25T21:27:14.155-0400: 47.920: [GC (Allocation Failure) [PSYoungGen: 172201K->28371K(193536K)] 549467K->408970K(717824K), 0.0127278 secs] [Times: user=0.16 sys=0.00, real=0.01 secs] 
2016-09-25T21:27:14.286-0400: 48.051: [GC (GCLocker Initiated GC) [PSYoungGen: 157736K->40189K(194048K)] 541035K->424292K(718336K), 0.0183700 secs] [Times: user=0.24 sys=0.04, real=0.02 secs] 
2016-09-25T21:27:14.412-0400: 48.177: [GC (GCLocker Initiated GC) [PSYoungGen: 169725K->52532K(195072K)] 554070K->437548K(719360K), 0.0159902 secs] [Times: user=0.24 sys=0.02, real=0.02 secs] 
2016-09-25T21:27:14.542-0400: 48.308: [GC (GCLocker Initiated GC) [PSYoungGen: 184628K->59256K(191488K)] 569681K->444997K(715776K), 0.0088499 secs] [Times: user=0.10 sys=0.01, real=0.00 secs] 
2016-09-25T21:27:14.656-0400: 48.421: [GC (GCLocker Initiated GC) [PSYoungGen: 191352K->41699K(195584K)] 579255K->446560K(719872K), 0.0065468 secs] [Times: user=0.09 sys=0.00, real=0.01 secs] 
2016-09-25T21:27:14.777-0400: 48.542: [GC (GCLocker Initiated GC) [PSYoungGen: 169187K->48337K(176128K)] 574156K->454001K(700416K), 0.0122471 secs] [Times: user=0.19 sys=0.00, real=0.01 secs] 
2016-09-25T21:27:14.889-0400: 48.654: [GC (GCLocker Initiated GC) [PSYoungGen: 175825K->40151K(194048K)] 584344K->449293K(718336K), 0.0052637 secs] [Times: user=0.04 sys=0.00, real=0.01 secs] 
2016-09-25T21:27:15.023-0400: 48.788: [GC (GCLocker Initiated GC) [PSYoungGen: 168663K->40485K(193024K)] 584584K->457103K(717312K), 0.0073880 secs] [Times: user=0.07 sys=0.01, real=0.00 secs] 
2016-09-25T21:27:15.148-0400: 48.913: [GC (GCLocker Initiated GC) [PSYoungGen: 168997K->33465K(195584K)] 588367K->469820K(719872K), 0.0066081 secs] [Times: user=0.04 sys=0.00, real=0.01 secs] 
2016-09-25T21:27:15.265-0400: 49.031: [GC (GCLocker Initiated GC) [PSYoungGen: 165561K->37523K(195584K)] 601918K->485378K(719872K), 0.0178788 secs] [Times: user=0.20 sys=0.00, real=0.02 secs] 
2016-09-25T21:27:15.404-0400: 49.170: [GC (GCLocker Initiated GC) [PSYoungGen: 169619K->41574K(197120K)] 617532K->490240K(721408K), 0.0170829 secs] [Times: user=0.15 sys=0.01, real=0.01 secs] 
2016-09-25T21:27:15.546-0400: 49.311: [GC (GCLocker Initiated GC) [PSYoungGen: 178278K->40395K(197120K)] 627047K->492690K(721408K), 0.0089721 secs] [Times: user=0.08 sys=0.00, real=0.01 secs] 
2016-09-25T21:27:15.677-0400: 49.442: [GC (GCLocker Initiated GC) [PSYoungGen: 177099K->35136K(200704K)] 636229K->511520K(724992K), 0.0222212 secs] [Times: user=0.29 sys=0.00, real=0.02 secs] 
2016-09-25T21:27:15.827-0400: 49.592: [GC (GCLocker Initiated GC) [PSYoungGen: 176960K->42072K(200192K)] 662826K->547767K(724480K), 0.0076711 secs] [Times: user=0.11 sys=0.00, real=0.01 secs] 
2016-09-25T21:27:15.835-0400: 49.600: [Full GC (Ergonomics) [PSYoungGen: 42072K->0K(200192K)] [ParOldGen: 505695K->173962K(524288K)] 547767K->173962K(724480K), [Metaspace: 43441K->43441K(1085440K)], 0.0630726 secs] [Times: user=0.36 sys=0.01, real=0.06 secs] 
2016-09-25T21:27:16.027-0400: 49.792: [GC (GCLocker Initiated GC) [PSYoungGen: 141824K->39458K(202240K)] 318693K->216328K(726528K), 0.0264158 secs] [Times: user=0.33 sys=0.00, real=0.02 secs] 
2016-09-25T21:27:16.211-0400: 49.977: [GC (GCLocker Initiated GC) [PSYoungGen: 185890K->12371K(202240K)] 376344K->214891K(726528K), 0.0078527 secs] [Times: user=0.08 sys=0.00, real=0.01 secs] 
2016-09-25T21:27:16.360-0400: 50.125: [GC (GCLocker Initiated GC) [PSYoungGen: 158803K->41737K(203776K)] 361348K->245493K(728064K), 0.0182498 secs] [Times: user=0.19 sys=0.00, real=0.02 secs] 
2016-09-25T21:27:16.511-0400: 50.277: [GC (GCLocker Initiated GC) [PSYoungGen: 186121K->35066K(179712K)] 394130K->246700K(704000K), 0.0176270 secs] [Times: user=0.19 sys=0.00, real=0.02 secs] 
2016-09-25T21:27:16.650-0400: 50.415: [GC (GCLocker Initiated GC) [PSYoungGen: 179450K->37697K(203776K)] 393913K->253172K(728064K), 0.0078343 secs] [Times: user=0.07 sys=0.00, real=0.01 secs] 
2016-09-25T21:27:16.788-0400: 50.553: [GC (GCLocker Initiated GC) [PSYoungGen: 184129K->47433K(201728K)] 401358K->265685K(726016K), 0.0193389 secs] [Times: user=0.22 sys=0.00, real=0.02 secs] 
2016-09-25T21:27:16.939-0400: 50.705: [GC (GCLocker Initiated GC) [PSYoungGen: 193865K->29764K(205312K)] 425694K->267974K(729600K), 0.0057413 secs] [Times: user=0.04 sys=0.00, real=0.01 secs] 
2016-09-25T21:27:17.098-0400: 50.864: [GC (Allocation Failure) [PSYoungGen: 177732K->36246K(184320K)] 421359K->280887K(708608K), 0.0075108 secs] [Times: user=0.04 sys=0.00, real=0.01 secs] 
2016-09-25T21:27:17.231-0400: 50.996: [GC (GCLocker Initiated GC) [PSYoungGen: 184214K->47275K(201216K)] 430205K->307601K(725504K), 0.0061648 secs] [Times: user=0.06 sys=0.00, real=0.01 secs] 
2016-09-25T21:27:17.374-0400: 51.139: [GC (GCLocker Initiated GC) [PSYoungGen: 193195K->41848K(203264K)] 461856K->311348K(727552K), 0.0247743 secs] [Times: user=0.30 sys=0.00, real=0.03 secs] 
2016-09-25T21:27:17.540-0400: 51.305: [GC (GCLocker Initiated GC) [PSYoungGen: 187768K->43006K(203776K)] 464057K->319994K(728064K), 0.0219521 secs] [Times: user=0.22 sys=0.01, real=0.02 secs] 
2016-09-25T21:27:17.701-0400: 51.466: [GC (GCLocker Initiated GC) [PSYoungGen: 191486K->40388K(204800K)] 470551K->320221K(729088K), 0.0146764 secs] [Times: user=0.20 sys=0.00, real=0.02 secs] 
2016-09-25T21:27:17.834-0400: 51.599: [GC (GCLocker Initiated GC) [PSYoungGen: 188868K->47002K(204288K)] 471485K->330378K(728576K), 0.0112448 secs] [Times: user=0.08 sys=0.00, real=0.01 secs] 
2016-09-25T21:27:17.958-0400: 51.724: [GC (GCLocker Initiated GC) [PSYoungGen: 196506K->53874K(203776K)] 480007K->359715K(728064K), 0.0075397 secs] [Times: user=0.09 sys=0.01, real=0.01 secs] 
2016-09-25T21:27:18.122-0400: 51.887: [GC (GCLocker Initiated GC) [PSYoungGen: 203378K->40376K(204288K)] 518804K->367298K(728576K), 0.0205961 secs] [Times: user=0.26 sys=0.00, real=0.03 secs] 
2016-09-25T21:27:18.296-0400: 52.061: [GC (GCLocker Initiated GC) [PSYoungGen: 186296K->22481K(168448K)] 518678K->355600K(692736K), 0.0201958 secs] [Times: user=0.18 sys=0.00, real=0.02 secs] 
2016-09-25T21:27:18.418-0400: 52.183: [GC (GCLocker Initiated GC) [PSYoungGen: 168401K->29307K(202752K)] 505808K->367379K(727040K), 0.0220118 secs] [Times: user=0.12 sys=0.00, real=0.02 secs] 
2016-09-25T21:27:18.596-0400: 52.361: [GC (GCLocker Initiated GC) [PSYoungGen: 172667K->59127K(202752K)] 516176K->411453K(727040K), 0.0070001 secs] [Times: user=0.07 sys=0.00, real=0.01 secs] 
2016-09-25T21:27:18.771-0400: 52.536: [GC (GCLocker Initiated GC) [PSYoungGen: 202487K->41585K(195584K)] 557548K->410766K(719872K), 0.0109382 secs] [Times: user=0.10 sys=0.00, real=0.01 secs] 
2016-09-25T21:27:18.925-0400: 52.691: [GC (GCLocker Initiated GC) [PSYoungGen: 177777K->34567K(199168K)] 555095K->412506K(723456K), 0.0073446 secs] [Times: user=0.06 sys=0.00, real=0.00 secs] 
2016-09-25T21:27:19.044-0400: 52.809: [GC (GCLocker Initiated GC) [PSYoungGen: 170759K->36155K(195072K)] 563650K->456592K(719360K), 0.0120854 secs] [Times: user=0.10 sys=0.01, real=0.01 secs] 
2016-09-25T21:27:19.191-0400: 52.956: [GC (GCLocker Initiated GC) [PSYoungGen: 173371K->22379K(197632K)] 603298K->452809K(721920K), 0.0272671 secs] [Times: user=0.24 sys=0.00, real=0.03 secs] 
2016-09-25T21:27:19.369-0400: 53.134: [GC (GCLocker Initiated GC) [PSYoungGen: 159595K->30486K(200704K)] 590027K->466834K(724992K), 0.0260868 secs] [Times: user=0.25 sys=0.00, real=0.03 secs] 
2016-09-25T21:27:19.499-0400: 53.265: [GC (GCLocker Initiated GC) [PSYoungGen: 170774K->28005K(200704K)] 616912K->474664K(724992K), 0.0240526 secs] [Times: user=0.28 sys=0.00, real=0.03 secs] 
2016-09-25T21:27:19.642-0400: 53.407: [GC (GCLocker Initiated GC) [PSYoungGen: 168293K->38629K(199680K)] 623277K->494228K(723968K), 0.0076748 secs] [Times: user=0.07 sys=0.00, real=0.01 secs] 
2016-09-25T21:27:19.773-0400: 53.538: [GC (Allocation Failure) [PSYoungGen: 180965K->42817K(200192K)] 639285K->512436K(724480K), 0.0087934 secs] [Times: user=0.10 sys=0.01, real=0.02 secs] 
2016-09-25T21:27:19.892-0400: 53.658: [GC (GCLocker Initiated GC) [PSYoungGen: 185153K->31771K(202752K)] 654776K->512715K(727040K), 0.0213981 secs] [Times: user=0.24 sys=0.00, real=0.02 secs] 
2016-09-25T21:27:20.027-0400: 53.792: [GC (GCLocker Initiated GC) [PSYoungGen: 177691K->26281K(203264K)] 668170K->517056K(727552K), 0.0055150 secs] [Times: user=0.03 sys=0.00, real=0.00 secs] 
2016-09-25T21:27:20.142-0400: 53.907: [GC (GCLocker Initiated GC) [PSYoungGen: 172201K->47816K(200192K)] 668417K->544297K(724480K), 0.0169860 secs] [Times: user=0.14 sys=0.00, real=0.01 secs] 
2016-09-25T21:27:20.266-0400: 54.032: [Full GC (Ergonomics) [PSYoungGen: 191176K->0K(200192K)] [ParOldGen: 501913K->190104K(524288K)] 693090K->190104K(724480K), [Metaspace: 43449K->43449K(1085440K)], 0.0750452 secs] [Times: user=0.49 sys=0.00, real=0.07 secs] 
2016-09-25T21:27:20.452-0400: 54.217: [GC (GCLocker Initiated GC) [PSYoungGen: 143360K->41338K(202752K)] 333621K->231600K(727040K), 0.0050310 secs] [Times: user=0.04 sys=0.01, real=0.01 secs] 
2016-09-25T21:27:20.561-0400: 54.326: [GC (GCLocker Initiated GC) [PSYoungGen: 184698K->42543K(201216K)] 374993K->236004K(725504K), 0.0052156 secs] [Times: user=0.04 sys=0.00, real=0.01 secs] 
2016-09-25T21:27:20.685-0400: 54.450: [GC (GCLocker Initiated GC) [PSYoungGen: 186415K->40025K(202240K)] 385518K->247583K(726528K), 0.0071852 secs] [Times: user=0.06 sys=0.00, real=0.00 secs] 
2016-09-25T21:27:20.832-0400: 54.597: [GC (GCLocker Initiated GC) [PSYoungGen: 183897K->25412K(203776K)] 400310K->242405K(728064K), 0.0059799 secs] [Times: user=0.05 sys=0.00, real=0.01 secs] 
2016-09-25T21:27:20.966-0400: 54.731: [GC (GCLocker Initiated GC) [PSYoungGen: 171844K->40308K(203776K)] 394288K->263486K(728064K), 0.0091474 secs] [Times: user=0.10 sys=0.00, real=0.01 secs] 
2016-09-25T21:27:21.111-0400: 54.876: [GC (GCLocker Initiated GC) [PSYoungGen: 186740K->34965K(202240K)] 419370K->284418K(726528K), 0.0125247 secs] [Times: user=0.16 sys=0.01, real=0.02 secs] 
2016-09-25T21:27:21.279-0400: 55.045: [GC (GCLocker Initiated GC) [PSYoungGen: 182933K->41595K(203264K)] 435152K->294517K(727552K), 0.0152970 secs] [Times: user=0.21 sys=0.00, real=0.02 secs] 
2016-09-25T21:27:21.415-0400: 55.180: [GC (GCLocker Initiated GC) [PSYoungGen: 189563K->55121K(197632K)] 445345K->314242K(721920K), 0.0199050 secs] [Times: user=0.25 sys=0.00, real=0.02 secs] 
2016-09-25T21:27:21.563-0400: 55.328: [GC (GCLocker Initiated GC) [PSYoungGen: 197457K->37386K(202240K)] 462112K->310748K(726528K), 0.0062697 secs] [Times: user=0.06 sys=0.01, real=0.00 secs] 
2016-09-25T21:27:21.688-0400: 55.453: [GC (GCLocker Initiated GC) [PSYoungGen: 179722K->38800K(196608K)] 453273K->323782K(720896K), 0.0085259 secs] [Times: user=0.10 sys=0.00, real=0.01 secs] 
2016-09-25T21:27:21.844-0400: 55.609: [GC (GCLocker Initiated GC) [PSYoungGen: 182672K->34934K(200192K)] 482731K->338293K(724480K), 0.0114547 secs] [Times: user=0.12 sys=0.01, real=0.01 secs] 
2016-09-25T21:27:22.012-0400: 55.778: [GC (GCLocker Initiated GC) [PSYoungGen: 178806K->37890K(201728K)] 497052K->357048K(726016K), 0.0055566 secs] [Times: user=0.06 sys=0.00, real=0.01 secs] 
2016-09-25T21:27:22.188-0400: 55.953: [GC (GCLocker Initiated GC) [PSYoungGen: 188418K->49063K(204288K)] 517173K->378698K(728576K), 0.0069335 secs] [Times: user=0.09 sys=0.00, real=0.01 secs] 
2016-09-25T21:27:22.355-0400: 56.120: [GC (GCLocker Initiated GC) [PSYoungGen: 199591K->26291K(204800K)] 534742K->376156K(729088K), 0.0282943 secs] [Times: user=0.29 sys=0.00, real=0.03 secs] 
2016-09-25T21:27:22.516-0400: 56.281: [GC (GCLocker Initiated GC) [PSYoungGen: 174771K->41081K(189952K)] 524730K->411490K(714240K), 0.0154191 secs] [Times: user=0.15 sys=0.01, real=0.01 secs] 
2016-09-25T21:27:22.697-0400: 56.462: [GC (GCLocker Initiated GC) [PSYoungGen: 189561K->40906K(205312K)] 559979K->415500K(729600K), 0.0057944 secs] [Times: user=0.04 sys=0.00, real=0.01 secs] 
2016-09-25T21:27:22.874-0400: 56.639: [GC (GCLocker Initiated GC) [PSYoungGen: 190410K->45136K(204800K)] 567789K->434783K(729088K), 0.0211452 secs] [Times: user=0.27 sys=0.00, real=0.03 secs] 
2016-09-25T21:27:23.068-0400: 56.834: [GC (GCLocker Initiated GC) [PSYoungGen: 194640K->50530K(201216K)] 584360K->441739K(725504K), 0.0065636 secs] [Times: user=0.08 sys=0.00, real=0.01 secs] 
2016-09-25T21:27:23.236-0400: 57.001: [GC (GCLocker Initiated GC) [PSYoungGen: 195938K->43981K(203776K)] 599312K->448781K(728064K), 0.0143076 secs] [Times: user=0.17 sys=0.01, real=0.01 secs] 
2016-09-25T21:27:23.409-0400: 57.174: [GC (GCLocker Initiated GC) [PSYoungGen: 189389K->55967K(196096K)] 594376K->489546K(720384K), 0.0115137 secs] [Times: user=0.16 sys=0.02, real=0.01 secs] 
2016-09-25T21:27:23.576-0400: 57.342: [GC (GCLocker Initiated GC) [PSYoungGen: 194207K->29954K(200192K)] 632355K->483034K(724480K), 0.0308905 secs] [Times: user=0.26 sys=0.00, real=0.03 secs] 
2016-09-25T21:27:23.748-0400: 57.513: [GC (GCLocker Initiated GC) [PSYoungGen: 168194K->40913K(196096K)] 622484K->515395K(720384K), 0.0135384 secs] [Times: user=0.14 sys=0.00, real=0.01 secs] 
2016-09-25T21:27:23.931-0400: 57.696: [GC (GCLocker Initiated GC) [PSYoungGen: 179153K->50415K(198144K)] 656386K->537231K(722432K), 0.0067197 secs] [Times: user=0.06 sys=0.00, real=0.01 secs] 
2016-09-25T21:27:24.079-0400: 57.845: [GC (GCLocker Initiated GC) [PSYoungGen: 188655K->35410K(201216K)] 682513K->530571K(725504K), 0.0074253 secs] [Times: user=0.06 sys=0.00, real=0.01 secs] 
2016-09-25T21:27:24.243-0400: 58.008: [Full GC (Ergonomics) [PSYoungGen: 175186K->0K(201216K)] [ParOldGen: 502083K->220129K(524288K)] 677269K->220129K(725504K), [Metaspace: 43473K->43473K(1085440K)], 0.0630487 secs] [Times: user=0.45 sys=0.01, real=0.06 secs] 
2016-09-25T21:27:24.448-0400: 58.213: [GC (GCLocker Initiated GC) [PSYoungGen: 139776K->40480K(180736K)] 365450K->266154K(705024K), 0.0104930 secs] [Times: user=0.12 sys=0.01, real=0.01 secs] 
2016-09-25T21:27:24.602-0400: 58.368: [GC (GCLocker Initiated GC) [PSYoungGen: 180256K->51842K(196608K)] 408738K->310962K(720896K), 0.0250820 secs] [Times: user=0.33 sys=0.00, real=0.02 secs] 
2016-09-25T21:27:24.774-0400: 58.539: [GC (GCLocker Initiated GC) [PSYoungGen: 189570K->45090K(198656K)] 448726K->321850K(722944K), 0.0102744 secs] [Times: user=0.13 sys=0.00, real=0.01 secs] 
2016-09-25T21:27:24.917-0400: 58.682: [GC (GCLocker Initiated GC) [PSYoungGen: 182818K->41357K(197632K)] 466370K->326303K(721920K), 0.0108363 secs] [Times: user=0.14 sys=0.01, real=0.01 secs] 
2016-09-25T21:27:25.067-0400: 58.832: [GC (GCLocker Initiated GC) [PSYoungGen: 182157K->53097K(199680K)] 469835K->342423K(723968K), 0.0210712 secs] [Times: user=0.27 sys=0.00, real=0.02 secs] 
2016-09-25T21:27:25.245-0400: 59.011: [GC (GCLocker Initiated GC) [PSYoungGen: 193897K->54790K(196096K)] 483330K->345613K(720384K), 0.0134746 secs] [Times: user=0.12 sys=0.00, real=0.01 secs] 
2016-09-25T21:27:25.407-0400: 59.173: [GC (GCLocker Initiated GC) [PSYoungGen: 189958K->43614K(198656K)] 486302K->341454K(722944K), 0.0124140 secs] [Times: user=0.10 sys=0.00, real=0.01 secs] 
2016-09-25T21:27:25.563-0400: 59.328: [GC (GCLocker Initiated GC) [PSYoungGen: 178782K->42263K(194560K)] 476660K->341520K(718848K), 0.0111034 secs] [Times: user=0.11 sys=0.01, real=0.00 secs] 
2016-09-25T21:27:25.715-0400: 59.480: [GC (GCLocker Initiated GC) [PSYoungGen: 178967K->36830K(197120K)] 483691K->348301K(721408K), 0.0051313 secs] [Times: user=0.03 sys=0.00, real=0.00 secs] 
2016-09-25T21:27:25.850-0400: 59.615: [GC (GCLocker Initiated GC) [PSYoungGen: 173534K->33991K(201728K)] 490639K->366118K(726016K), 0.0109516 secs] [Times: user=0.08 sys=0.00, real=0.01 secs] 
2016-09-25T21:27:26.006-0400: 59.772: [GC (GCLocker Initiated GC) [PSYoungGen: 175303K->31058K(201728K)] 515674K->372700K(726016K), 0.0160165 secs] [Times: user=0.16 sys=0.00, real=0.02 secs] 
2016-09-25T21:27:26.155-0400: 59.920: [GC (GCLocker Initiated GC) [PSYoungGen: 172370K->35052K(200704K)] 518073K->381913K(724992K), 0.0127547 secs] [Times: user=0.12 sys=0.00, real=0.01 secs] 
2016-09-25T21:27:26.277-0400: 60.042: [GC (GCLocker Initiated GC) [PSYoungGen: 176364K->28151K(201216K)] 530998K->397283K(725504K), 0.0084543 secs] [Times: user=0.08 sys=0.01, real=0.01 secs] 
2016-09-25T21:27:26.410-0400: 60.175: [GC (GCLocker Initiated GC) [PSYoungGen: 169463K->44251K(202240K)] 538630K->414169K(726528K), 0.0098982 secs] [Times: user=0.09 sys=0.01, real=0.01 secs] 
2016-09-25T21:27:26.529-0400: 60.294: [GC (GCLocker Initiated GC) [PSYoungGen: 186587K->31919K(174592K)] 563366K->409389K(698880K), 0.0236836 secs] [Times: user=0.24 sys=0.00, real=0.02 secs] 
2016-09-25T21:27:26.672-0400: 60.437: [GC (GCLocker Initiated GC) [PSYoungGen: 174255K->49637K(199168K)] 551888K->427892K(723456K), 0.0091480 secs] [Times: user=0.12 sys=0.00, real=0.01 secs] 
2016-09-25T21:27:26.805-0400: 60.571: [GC (GCLocker Initiated GC) [PSYoungGen: 189925K->23898K(164352K)] 576336K->410802K(688640K), 0.0223124 secs] [Times: user=0.19 sys=0.00, real=0.02 secs] 
2016-09-25T21:27:26.956-0400: 60.722: [GC (GCLocker Initiated GC) [PSYoungGen: 164186K->44164K(200704K)] 553868K->434529K(724992K), 0.0213590 secs] [Times: user=0.24 sys=0.00, real=0.02 secs] 
2016-09-25T21:27:27.110-0400: 60.875: [GC (GCLocker Initiated GC) [PSYoungGen: 182916K->32016K(171008K)] 577611K->448859K(695296K), 0.0114289 secs] [Times: user=0.14 sys=0.01, real=0.01 secs] 
2016-09-25T21:27:27.238-0400: 61.003: [GC (GCLocker Initiated GC) [PSYoungGen: 170768K->53638K(194560K)] 591887K->480708K(718848K), 0.0260747 secs] [Times: user=0.29 sys=0.01, real=0.03 secs] 
2016-09-25T21:27:27.404-0400: 61.170: [GC (GCLocker Initiated GC) [PSYoungGen: 187782K->41309K(198144K)] 621832K->475906K(722432K), 0.0094376 secs] [Times: user=0.07 sys=0.00, real=0.00 secs] 
2016-09-25T21:27:27.547-0400: 61.313: [GC (GCLocker Initiated GC) [PSYoungGen: 175453K->23893K(197632K)] 616812K->473881K(721920K), 0.0089454 secs] [Times: user=0.07 sys=0.00, real=0.01 secs] 
2016-09-25T21:27:27.695-0400: 61.460: [GC (GCLocker Initiated GC) [PSYoungGen: 160085K->41560K(198656K)] 610199K->503153K(722944K), 0.0127348 secs] [Times: user=0.14 sys=0.01, real=0.01 secs] 
2016-09-25T21:27:27.855-0400: 61.620: [GC (GCLocker Initiated GC) [PSYoungGen: 177752K->59376K(190464K)] 641922K->524254K(714752K), 0.0098203 secs] [Times: user=0.15 sys=0.00, real=0.01 secs] 
2016-09-25T21:27:28.010-0400: 61.775: [GC (GCLocker Initiated GC) [PSYoungGen: 188400K->35079K(195584K)] 664114K->535938K(719872K), 0.0137485 secs] [Times: user=0.20 sys=0.00, real=0.02 secs] 
2016-09-25T21:27:28.024-0400: 61.789: [Full GC (Ergonomics) [PSYoungGen: 35079K->0K(195584K)] [ParOldGen: 500859K->243474K(524288K)] 535938K->243474K(719872K), [Metaspace: 43489K->43489K(1085440K)], 0.0590825 secs] [Times: user=0.51 sys=0.00, real=0.06 secs] 
2016-09-25T21:27:28.248-0400: 62.013: [GC (GCLocker Initiated GC) [PSYoungGen: 129024K->55347K(190976K)] 372631K->298955K(715264K), 0.0355951 secs] [Times: user=0.36 sys=0.00, real=0.04 secs] 
2016-09-25T21:27:28.430-0400: 62.195: [GC (GCLocker Initiated GC) [PSYoungGen: 181299K->41656K(194048K)] 424963K->287569K(718336K), 0.0369085 secs] [Times: user=0.41 sys=0.02, real=0.04 secs] 
2016-09-25T21:27:28.587-0400: 62.352: [GC (GCLocker Initiated GC) [PSYoungGen: 167608K->43249K(190464K)] 413701K->319846K(714752K), 0.0102516 secs] [Times: user=0.10 sys=0.00, real=0.01 secs] 
2016-09-25T21:27:28.731-0400: 62.496: [GC (GCLocker Initiated GC) [PSYoungGen: 171761K->49779K(192512K)] 448399K->329980K(716800K), 0.0077097 secs] [Times: user=0.07 sys=0.00, real=0.01 secs] 
2016-09-25T21:27:28.850-0400: 62.615: [GC (GCLocker Initiated GC) [PSYoungGen: 178291K->40585K(195584K)] 458566K->348783K(719872K), 0.0102688 secs] [Times: user=0.10 sys=0.00, real=0.01 secs] 
2016-09-25T21:27:28.989-0400: 62.755: [GC (GCLocker Initiated GC) [PSYoungGen: 174217K->26896K(196608K)] 491987K->367135K(720896K), 0.0097119 secs] [Times: user=0.06 sys=0.00, real=0.01 secs] 
2016-09-25T21:27:29.130-0400: 62.896: [GC (GCLocker Initiated GC) [PSYoungGen: 160528K->39016K(195584K)] 508903K->396440K(719872K), 0.0411240 secs] [Times: user=0.45 sys=0.01, real=0.04 secs] 
2016-09-25T21:27:29.304-0400: 63.069: [GC (GCLocker Initiated GC) [PSYoungGen: 174696K->36377K(197120K)] 534873K->397490K(721408K), 0.0229459 secs] [Times: user=0.23 sys=0.00, real=0.02 secs] 
2016-09-25T21:27:29.459-0400: 63.224: [GC (GCLocker Initiated GC) [PSYoungGen: 172057K->49938K(198656K)] 538575K->417526K(722944K), 0.0237980 secs] [Times: user=0.25 sys=0.00, real=0.03 secs] 
2016-09-25T21:27:29.608-0400: 63.373: [GC (GCLocker Initiated GC) [PSYoungGen: 188178K->59551K(198144K)] 555910K->430976K(722432K), 0.0068826 secs] [Times: user=0.09 sys=0.00, real=0.01 secs] 
2016-09-25T21:27:29.736-0400: 63.501: [GC (GCLocker Initiated GC) [PSYoungGen: 197791K->47166K(195072K)] 569244K->435712K(719360K), 0.0097920 secs] [Times: user=0.12 sys=0.00, real=0.01 secs] 
2016-09-25T21:27:29.874-0400: 63.639: [GC (GCLocker Initiated GC) [PSYoungGen: 178238K->29742K(161280K)] 579142K->431472K(685568K), 0.0080662 secs] [Times: user=0.09 sys=0.00, real=0.01 secs] 
2016-09-25T21:27:30.009-0400: 63.774: [GC (GCLocker Initiated GC) [PSYoungGen: 160814K->56590K(189952K)] 565263K->461937K(714240K), 0.0167462 secs] [Times: user=0.20 sys=0.00, real=0.02 secs] 
2016-09-25T21:27:30.141-0400: 63.906: [GC (GCLocker Initiated GC) [PSYoungGen: 180494K->17342K(141312K)] 596808K->450584K(665600K), 0.0143318 secs] [Times: user=0.14 sys=0.00, real=0.02 secs] 
2016-09-25T21:27:30.269-0400: 64.034: [GC (GCLocker Initiated GC) [PSYoungGen: 141246K->33415K(193024K)] 579897K->486380K(717312K), 0.0070298 secs] [Times: user=0.06 sys=0.00, real=0.01 secs] 
2016-09-25T21:27:30.397-0400: 64.162: [GC (GCLocker Initiated GC) [PSYoungGen: 155783K->63237K(185856K)] 611478K->519603K(710144K), 0.0094411 secs] [Times: user=0.10 sys=0.00, real=0.01 secs] 
2016-09-25T21:27:30.516-0400: 64.281: [GC (GCLocker Initiated GC) [PSYoungGen: 185605K->47037K(188928K)] 644912K->509749K(713216K), 0.0080687 secs] [Times: user=0.08 sys=0.00, real=0.01 secs] 
2016-09-25T21:27:30.638-0400: 64.403: [GC (GCLocker Initiated GC) [PSYoungGen: 161213K->53793K(187392K)] 630866K->524078K(711680K), 0.0115998 secs] [Times: user=0.15 sys=0.00, real=0.01 secs] 
2016-09-25T21:27:30.758-0400: 64.523: [GC (GCLocker Initiated GC) [PSYoungGen: 167969K->34576K(186880K)] 641149K->508330K(711168K), 0.0099580 secs] [Times: user=0.05 sys=0.00, real=0.01 secs] 
2016-09-25T21:27:30.874-0400: 64.639: [GC (GCLocker Initiated GC) [PSYoungGen: 149264K->35929K(187392K)] 625819K->513078K(711680K), 0.0206185 secs] [Times: user=0.20 sys=0.00, real=0.03 secs] 
2016-09-25T21:27:30.987-0400: 64.752: [GC (GCLocker Initiated GC) [PSYoungGen: 150617K->34499K(187392K)] 627799K->512190K(711680K), 0.0203464 secs] [Times: user=0.18 sys=0.01, real=0.02 secs] 
2016-09-25T21:27:31.106-0400: 64.871: [GC (GCLocker Initiated GC) [PSYoungGen: 152771K->31943K(187904K)] 630477K->531750K(712192K), 0.0165982 secs] [Times: user=0.15 sys=0.00, real=0.02 secs] 
2016-09-25T21:27:31.122-0400: 64.888: [Full GC (Ergonomics) [PSYoungGen: 31943K->0K(187904K)] [ParOldGen: 499807K->258829K(524288K)] 531750K->258829K(712192K), [Metaspace: 43497K->43497K(1085440K)], 0.0675592 secs] [Times: user=0.36 sys=0.02, real=0.06 secs] 
2016-09-25T21:27:31.315-0400: 65.080: [GC (GCLocker Initiated GC) [PSYoungGen: 118272K->41839K(187904K)] 386620K->310188K(712192K), 0.0075130 secs] [Times: user=0.06 sys=0.01, real=0.01 secs] 
2016-09-25T21:27:31.448-0400: 65.213: [GC (GCLocker Initiated GC) [PSYoungGen: 165743K->30691K(189952K)] 447803K->313610K(714240K), 0.0069064 secs] [Times: user=0.06 sys=0.00, real=0.01 secs] 
2016-09-25T21:27:31.574-0400: 65.340: [GC (GCLocker Initiated GC) [PSYoungGen: 154595K->57886K(188416K)] 443063K->347089K(712704K), 0.0064719 secs] [Times: user=0.08 sys=0.01, real=0.00 secs] 
2016-09-25T21:27:31.697-0400: 65.462: [GC (GCLocker Initiated GC) [PSYoungGen: 180766K->57889K(181248K)] 476957K->354706K(705536K), 0.0070966 secs] [Times: user=0.09 sys=0.00, real=0.01 secs] 
2016-09-25T21:27:31.816-0400: 65.581: [GC (GCLocker Initiated GC) [PSYoungGen: 180769K->57731K(184320K)] 477667K->355274K(708608K), 0.0115381 secs] [Times: user=0.13 sys=0.00, real=0.01 secs] 
2016-09-25T21:27:31.931-0400: 65.696: [GC (GCLocker Initiated GC) [PSYoungGen: 169347K->31825K(186880K)] 469617K->335363K(711168K), 0.0326250 secs] [Times: user=0.32 sys=0.00, real=0.04 secs] 
2016-09-25T21:27:32.060-0400: 65.825: [GC (GCLocker Initiated GC) [PSYoungGen: 143441K->51011K(185856K)] 447196K->368849K(710144K), 0.0063873 secs] [Times: user=0.06 sys=0.00, real=0.01 secs] 
2016-09-25T21:27:32.155-0400: 65.920: [GC (GCLocker Initiated GC) [PSYoungGen: 163651K->34650K(186880K)] 486900K->358440K(711168K), 0.0273841 secs] [Times: user=0.30 sys=0.00, real=0.03 secs] 
2016-09-25T21:27:32.309-0400: 66.074: [GC (GCLocker Initiated GC) [PSYoungGen: 147290K->41431K(183296K)] 473820K->368565K(707584K), 0.0060804 secs] [Times: user=0.04 sys=0.01, real=0.01 secs] 
2016-09-25T21:27:32.409-0400: 66.174: [GC (GCLocker Initiated GC) [PSYoungGen: 156631K->45517K(185344K)] 483786K->400284K(709632K), 0.0149190 secs] [Times: user=0.16 sys=0.00, real=0.02 secs] 
2016-09-25T21:27:32.541-0400: 66.306: [GC (GCLocker Initiated GC) [PSYoungGen: 160717K->51080K(191488K)] 516612K->410275K(715776K), 0.0068915 secs] [Times: user=0.08 sys=0.00, real=0.01 secs] 
2016-09-25T21:27:32.671-0400: 66.436: [GC (GCLocker Initiated GC) [PSYoungGen: 174472K->56450K(180224K)] 536433K->419044K(704512K), 0.0125871 secs] [Times: user=0.15 sys=0.00, real=0.02 secs] 
2016-09-25T21:27:32.806-0400: 66.572: [GC (GCLocker Initiated GC) [PSYoungGen: 179842K->36235K(192000K)] 542531K->418421K(716288K), 0.0110804 secs] [Times: user=0.18 sys=0.00, real=0.01 secs] 
2016-09-25T21:27:32.938-0400: 66.703: [GC (GCLocker Initiated GC) [PSYoungGen: 157067K->45619K(166912K)] 539278K->428477K(691200K), 0.0065271 secs] [Times: user=0.08 sys=0.00, real=0.01 secs] 
2016-09-25T21:27:33.066-0400: 66.831: [GC (GCLocker Initiated GC) [PSYoungGen: 166451K->52340K(188416K)] 549321K->435783K(712704K), 0.0219938 secs] [Times: user=0.24 sys=0.00, real=0.02 secs] 
2016-09-25T21:27:33.188-0400: 66.954: [GC (GCLocker Initiated GC) [PSYoungGen: 172660K->31988K(188928K)] 556299K->427051K(713216K), 0.0234319 secs] [Times: user=0.21 sys=0.00, real=0.02 secs] 
2016-09-25T21:27:33.343-0400: 67.108: [GC (GCLocker Initiated GC) [PSYoungGen: 152308K->56418K(189440K)] 550148K->454852K(713728K), 0.0121187 secs] [Times: user=0.15 sys=0.01, real=0.01 secs] 
2016-09-25T21:27:33.480-0400: 67.245: [GC (GCLocker Initiated GC) [PSYoungGen: 177250K->38839K(191488K)] 575687K->451372K(715776K), 0.0154396 secs] [Times: user=0.19 sys=0.01, real=0.02 secs] 
2016-09-25T21:27:33.613-0400: 67.378: [GC (GCLocker Initiated GC) [PSYoungGen: 159671K->22810K(189952K)] 587159K->450873K(714240K), 0.0139578 secs] [Times: user=0.14 sys=0.01, real=0.02 secs] 
2016-09-25T21:27:33.736-0400: 67.501: [GC (GCLocker Initiated GC) [PSYoungGen: 143642K->37299K(158208K)] 574470K->468847K(682496K), 0.0056079 secs] [Times: user=0.04 sys=0.00, real=0.00 secs] 
2016-09-25T21:27:33.854-0400: 67.619: [GC (GCLocker Initiated GC) [PSYoungGen: 158131K->49610K(190976K)] 589692K->481755K(715264K), 0.0055565 secs] [Times: user=0.06 sys=0.00, real=0.01 secs] 
2016-09-25T21:27:33.987-0400: 67.752: [GC (Allocation Failure) [PSYoungGen: 171978K->30876K(190976K)] 615105K->482680K(715264K), 0.0058083 secs] [Times: user=0.05 sys=0.00, real=0.00 secs] 
2016-09-25T21:27:34.103-0400: 67.868: [GC (GCLocker Initiated GC) [PSYoungGen: 153244K->45874K(192000K)] 605056K->498369K(716288K), 0.0116230 secs] [Times: user=0.10 sys=0.00, real=0.01 secs] 
2016-09-25T21:27:34.215-0400: 67.980: [GC (GCLocker Initiated GC) [PSYoungGen: 171314K->41374K(192512K)] 626646K->497315K(716800K), 0.0239150 secs] [Times: user=0.25 sys=0.00, real=0.02 secs] 
2016-09-25T21:27:34.356-0400: 68.121: [GC (GCLocker Initiated GC) [PSYoungGen: 166814K->37329K(194048K)] 625788K->496857K(718336K), 0.0177871 secs] [Times: user=0.19 sys=0.01, real=0.01 secs] 
2016-09-25T21:27:34.483-0400: 68.248: [GC (GCLocker Initiated GC) [PSYoungGen: 166865K->42985K(193024K)] 631825K->511300K(717312K), 0.0139471 secs] [Times: user=0.15 sys=0.00, real=0.01 secs] 
2016-09-25T21:27:34.620-0400: 68.385: [GC (GCLocker Initiated GC) [PSYoungGen: 172521K->52483K(193536K)] 646269K->526966K(717824K), 0.0248130 secs] [Times: user=0.29 sys=0.00, real=0.03 secs] 
2016-09-25T21:27:34.772-0400: 68.537: [GC (GCLocker Initiated GC) [PSYoungGen: 184579K->40494K(195584K)] 659075K->537429K(719872K), 0.0135608 secs] [Times: user=0.14 sys=0.00, real=0.02 secs] 
2016-09-25T21:27:34.914-0400: 68.679: [Full GC (Ergonomics) [PSYoungGen: 172590K->0K(195584K)] [ParOldGen: 506530K->272694K(524288K)] 679120K->272694K(719872K), [Metaspace: 43547K->43547K(1085440K)], 0.0713255 secs] [Times: user=0.38 sys=0.02, real=0.08 secs] 
2016-09-25T21:27:35.114-0400: 68.879: [GC (GCLocker Initiated GC) [PSYoungGen: 132096K->59809K(190976K)] 404823K->335237K(715264K), 0.0091314 secs] [Times: user=0.07 sys=0.02, real=0.02 secs] 
2016-09-25T21:27:35.250-0400: 69.015: [GC (GCLocker Initiated GC) [PSYoungGen: 188833K->29525K(195584K)] 464913K->327045K(719872K), 0.0075885 secs] [Times: user=0.07 sys=0.00, real=0.01 secs] 
2016-09-25T21:27:35.388-0400: 69.153: [GC (GCLocker Initiated GC) [PSYoungGen: 158549K->21362K(192512K)] 475174K->338763K(716800K), 0.0064903 secs] [Times: user=0.06 sys=0.00, real=0.01 secs] 
2016-09-25T21:27:35.532-0400: 69.297: [GC (GCLocker Initiated GC) [PSYoungGen: 147314K->37593K(163840K)] 473135K->364270K(688128K), 0.0084762 secs] [Times: user=0.09 sys=0.01, real=0.01 secs] 
2016-09-25T21:27:35.673-0400: 69.438: [GC (GCLocker Initiated GC) [PSYoungGen: 163545K->38910K(196096K)] 498448K->374564K(720384K), 0.0215024 secs] [Times: user=0.22 sys=0.00, real=0.03 secs] 
2016-09-25T21:27:35.835-0400: 69.600: [GC (GCLocker Initiated GC) [PSYoungGen: 168958K->47185K(193536K)] 504937K->384010K(717824K), 0.0155940 secs] [Times: user=0.12 sys=0.00, real=0.01 secs] 
2016-09-25T21:27:35.981-0400: 69.747: [GC (GCLocker Initiated GC) [PSYoungGen: 177233K->28331K(197120K)] 520811K->383699K(721408K), 0.0130268 secs] [Times: user=0.11 sys=0.00, real=0.02 secs] 
2016-09-25T21:27:36.117-0400: 69.882: [GC (GCLocker Initiated GC) [PSYoungGen: 161451K->60914K(194048K)] 516851K->417374K(718336K), 0.0282605 secs] [Times: user=0.30 sys=0.00, real=0.03 secs] 
2016-09-25T21:27:36.295-0400: 70.060: [GC (GCLocker Initiated GC) [PSYoungGen: 194034K->47361K(193024K)] 550552K->412982K(717312K), 0.0072567 secs] [Times: user=0.06 sys=0.00, real=0.01 secs] 
2016-09-25T21:27:36.422-0400: 70.187: [GC (GCLocker Initiated GC) [PSYoungGen: 172289K->49951K(193536K)] 538059K->430198K(717824K), 0.0060908 secs] [Times: user=0.05 sys=0.00, real=0.01 secs] 
2016-09-25T21:27:36.546-0400: 70.311: [GC (GCLocker Initiated GC) [PSYoungGen: 174879K->46203K(191488K)] 557951K->446475K(715776K), 0.0091424 secs] [Times: user=0.10 sys=0.00, real=0.01 secs] 
2016-09-25T21:27:36.673-0400: 70.438: [GC (GCLocker Initiated GC) [PSYoungGen: 171131K->43233K(192512K)] 574136K->463421K(716800K), 0.0270667 secs] [Times: user=0.31 sys=0.00, real=0.03 secs] 
2016-09-25T21:27:36.834-0400: 70.599: [GC (GCLocker Initiated GC) [PSYoungGen: 168161K->40404K(193024K)] 592411K->465605K(717312K), 0.0207939 secs] [Times: user=0.25 sys=0.01, real=0.03 secs] 
2016-09-25T21:27:36.964-0400: 70.730: [GC (GCLocker Initiated GC) [PSYoungGen: 169940K->29668K(193024K)] 598157K->469682K(717312K), 0.0114160 secs] [Times: user=0.11 sys=0.00, real=0.01 secs] 
2016-09-25T21:27:37.130-0400: 70.896: [GC (GCLocker Initiated GC) [PSYoungGen: 159204K->52542K(194560K)] 599239K->493552K(718848K), 0.0099455 secs] [Times: user=0.09 sys=0.00, real=0.01 secs] 
2016-09-25T21:27:37.283-0400: 71.048: [GC (GCLocker Initiated GC) [PSYoungGen: 183614K->48600K(196608K)] 624745K->490597K(720896K), 0.0095622 secs] [Times: user=0.08 sys=0.00, real=0.00 secs] 
2016-09-25T21:27:37.415-0400: 71.180: [GC (GCLocker Initiated GC) [PSYoungGen: 179672K->35173K(194560K)] 628505K->485095K(718848K), 0.0094823 secs] [Times: user=0.07 sys=0.01, real=0.01 secs] 
2016-09-25T21:27:37.567-0400: 71.333: [GC (GCLocker Initiated GC) [PSYoungGen: 166245K->35186K(195584K)] 624258K->494270K(719872K), 0.0334941 secs] [Times: user=0.36 sys=0.00, real=0.03 secs] 
2016-09-25T21:27:37.750-0400: 71.515: [GC (GCLocker Initiated GC) [PSYoungGen: 166258K->56860K(191488K)] 633523K->525237K(715776K), 0.0097267 secs] [Times: user=0.13 sys=0.00, real=0.01 secs] 
2016-09-25T21:27:37.916-0400: 71.681: [GC (GCLocker Initiated GC) [PSYoungGen: 184860K->38143K(195072K)] 656010K->526499K(719360K), 0.0071459 secs] [Times: user=0.07 sys=0.01, real=0.01 secs] 
2016-09-25T21:27:38.068-0400: 71.834: [GC (GCLocker Initiated GC) [PSYoungGen: 166143K->45994K(191488K)] 657406K->559937K(715776K), 0.0106561 secs] [Times: user=0.11 sys=0.01, real=0.01 secs] 
2016-09-25T21:27:38.079-0400: 71.845: [Full GC (Ergonomics) [PSYoungGen: 45994K->0K(191488K)] [ParOldGen: 513943K->287837K(524288K)] 559937K->287837K(715776K), [Metaspace: 43557K->43557K(1085440K)], 0.0662988 secs] [Times: user=0.52 sys=0.02, real=0.07 secs] 
2016-09-25T21:27:38.288-0400: 72.053: [GC (GCLocker Initiated GC) [PSYoungGen: 129536K->28441K(194048K)] 424156K->323061K(718336K), 0.0281980 secs] [Times: user=0.24 sys=0.01, real=0.03 secs] 
2016-09-25T21:27:38.419-0400: 72.184: [GC (GCLocker Initiated GC) [PSYoungGen: 157977K->45957K(196096K)] 458226K->360955K(720384K), 0.0166586 secs] [Times: user=0.18 sys=0.00, real=0.02 secs] 
2016-09-25T21:27:38.567-0400: 72.333: [GC (GCLocker Initiated GC) [PSYoungGen: 178565K->52954K(185856K)] 499033K->374405K(710144K), 0.0081978 secs] [Times: user=0.08 sys=0.00, real=0.01 secs] 
2016-09-25T21:27:38.716-0400: 72.481: [GC (GCLocker Initiated GC) [PSYoungGen: 185562K->23096K(194048K)] 511069K->365876K(718336K), 0.0081806 secs] [Times: user=0.08 sys=0.00, real=0.01 secs] 
2016-09-25T21:27:38.842-0400: 72.608: [GC (GCLocker Initiated GC) [PSYoungGen: 151096K->47230K(195072K)] 496998K->394189K(719360K), 0.0088887 secs] [Times: user=0.10 sys=0.00, real=0.00 secs] 
2016-09-25T21:27:38.972-0400: 72.738: [GC (GCLocker Initiated GC) [PSYoungGen: 175230K->56821K(188928K)] 533122K->415627K(713216K), 0.0087172 secs] [Times: user=0.09 sys=0.00, real=0.01 secs] 
2016-09-25T21:27:39.097-0400: 72.862: [GC (GCLocker Initiated GC) [PSYoungGen: 178677K->33766K(192000K)] 548302K->423219K(716288K), 0.0069952 secs] [Times: user=0.08 sys=0.00, real=0.01 secs] 
2016-09-25T21:27:39.236-0400: 73.001: [GC (GCLocker Initiated GC) [PSYoungGen: 155622K->51297K(192000K)] 550630K->447159K(716288K), 0.0103491 secs] [Times: user=0.12 sys=0.00, real=0.01 secs] 
2016-09-25T21:27:39.363-0400: 73.128: [GC (GCLocker Initiated GC) [PSYoungGen: 174177K->40802K(163840K)] 575480K->442988K(688128K), 0.0206989 secs] [Times: user=0.25 sys=0.00, real=0.02 secs] 
2016-09-25T21:27:39.504-0400: 73.270: [GC (GCLocker Initiated GC) [PSYoungGen: 163682K->38983K(193024K)] 568635K->444815K(717312K), 0.0134611 secs] [Times: user=0.12 sys=0.00, real=0.01 secs] 
2016-09-25T21:27:39.641-0400: 73.406: [GC (GCLocker Initiated GC) [PSYoungGen: 164423K->32452K(190976K)] 570633K->461189K(715264K), 0.0180053 secs] [Times: user=0.19 sys=0.00, real=0.02 secs] 
2016-09-25T21:27:39.769-0400: 73.534: [GC (GCLocker Initiated GC) [PSYoungGen: 157892K->47232K(194048K)] 592103K->482453K(718336K), 0.0099393 secs] [Times: user=0.15 sys=0.00, real=0.01 secs] 
2016-09-25T21:27:39.910-0400: 73.675: [GC (GCLocker Initiated GC) [PSYoungGen: 176256K->33868K(194048K)] 621108K->479556K(718336K), 0.0076725 secs] [Times: user=0.07 sys=0.00, real=0.01 secs] 
2016-09-25T21:27:40.042-0400: 73.807: [GC (GCLocker Initiated GC) [PSYoungGen: 162892K->33765K(196096K)] 611443K->494144K(720384K), 0.0132958 secs] [Times: user=0.15 sys=0.00, real=0.01 secs] 
2016-09-25T21:27:40.183-0400: 73.948: [GC (GCLocker Initiated GC) [PSYoungGen: 166885K->24119K(196096K)] 634045K->500216K(720384K), 0.0129409 secs] [Times: user=0.11 sys=0.00, real=0.01 secs] 
2016-09-25T21:27:40.312-0400: 74.077: [GC (GCLocker Initiated GC) [PSYoungGen: 157239K->36300K(195584K)] 636052K->540390K(719872K), 0.0057197 secs] [Times: user=0.06 sys=0.00, real=0.01 secs] 
2016-09-25T21:27:40.318-0400: 74.083: [Full GC (Ergonomics) [PSYoungGen: 36300K->0K(195584K)] [ParOldGen: 504090K->302954K(524288K)] 540390K->302954K(719872K), [Metaspace: 43558K->43558K(1085440K)], 0.0705951 secs] [Times: user=0.62 sys=0.01, real=0.07 secs] 
2016-09-25T21:27:40.507-0400: 74.272: [GC (GCLocker Initiated GC) [PSYoungGen: 135680K->40985K(197120K)] 443786K->349091K(721408K), 0.0048945 secs] [Times: user=0.05 sys=0.00, real=0.00 secs] 
2016-09-25T21:27:40.619-0400: 74.384: [GC (GCLocker Initiated GC) [PSYoungGen: 176665K->41584K(197120K)] 484850K->352490K(721408K), 0.0288974 secs] [Times: user=0.32 sys=0.00, real=0.03 secs] 
2016-09-25T21:27:40.792-0400: 74.558: [GC (GCLocker Initiated GC) [PSYoungGen: 181872K->24286K(199168K)] 501091K->363129K(723456K), 0.0150458 secs] [Times: user=0.18 sys=0.00, real=0.02 secs] 
2016-09-25T21:27:40.928-0400: 74.693: [GC (GCLocker Initiated GC) [PSYoungGen: 164574K->43002K(202752K)] 508825K->388133K(727040K), 0.0117867 secs] [Times: user=0.11 sys=0.01, real=0.01 secs] 
2016-09-25T21:27:41.081-0400: 74.846: [GC (GCLocker Initiated GC) [PSYoungGen: 185850K->44446K(202240K)] 536455K->395811K(726528K), 0.0075558 secs] [Times: user=0.07 sys=0.00, real=0.01 secs] 
2016-09-25T21:27:41.212-0400: 74.977: [GC (GCLocker Initiated GC) [PSYoungGen: 187294K->34835K(200192K)] 544099K->392430K(724480K), 0.0114063 secs] [Times: user=0.11 sys=0.00, real=0.02 secs] 
2016-09-25T21:27:41.362-0400: 75.128: [GC (GCLocker Initiated GC) [PSYoungGen: 177683K->47244K(201216K)] 535422K->405748K(725504K), 0.0273779 secs] [Times: user=0.34 sys=0.00, real=0.02 secs] 
2016-09-25T21:27:41.503-0400: 75.268: [GC (GCLocker Initiated GC) [PSYoungGen: 190092K->37510K(201728K)] 548609K->396787K(726016K), 0.0059954 secs] [Times: user=0.04 sys=0.01, real=0.00 secs] 
2016-09-25T21:27:41.628-0400: 75.393: [GC (GCLocker Initiated GC) [PSYoungGen: 181894K->33546K(202240K)] 541387K->407351K(726528K), 0.0101808 secs] [Times: user=0.08 sys=0.00, real=0.01 secs] 
2016-09-25T21:27:41.752-0400: 75.517: [GC (GCLocker Initiated GC) [PSYoungGen: 177930K->37471K(201728K)] 554449K->414705K(726016K), 0.0129645 secs] [Times: user=0.13 sys=0.00, real=0.02 secs] 
2016-09-25T21:27:41.920-0400: 75.685: [GC (GCLocker Initiated GC) [PSYoungGen: 184927K->41554K(202752K)] 562214K->424974K(727040K), 0.0064737 secs] [Times: user=0.05 sys=0.00, real=0.01 secs] 
2016-09-25T21:27:42.068-0400: 75.833: [GC (GCLocker Initiated GC) [PSYoungGen: 189010K->46871K(204288K)] 575192K->433787K(728576K), 0.0305677 secs] [Times: user=0.31 sys=0.00, real=0.03 secs] 
2016-09-25T21:27:42.212-0400: 75.977: [GC (GCLocker Initiated GC) [PSYoungGen: 196375K->44210K(205824K)] 583447K->437341K(730112K), 0.0132757 secs] [Times: user=0.12 sys=0.00, real=0.02 secs] 
2016-09-25T21:27:42.389-0400: 76.154: [GC (GCLocker Initiated GC) [PSYoungGen: 193714K->26893K(204800K)] 599082K->449160K(729088K), 0.0145789 secs] [Times: user=0.18 sys=0.01, real=0.02 secs] 
2016-09-25T21:27:42.550-0400: 76.316: [GC (GCLocker Initiated GC) [PSYoungGen: 175373K->55152K(203776K)] 597854K->486483K(728064K), 0.0109208 secs] [Times: user=0.11 sys=0.00, real=0.01 secs] 
2016-09-25T21:27:42.722-0400: 76.487: [GC (GCLocker Initiated GC) [PSYoungGen: 203632K->39049K(201728K)] 643113K->479234K(726016K), 0.0102560 secs] [Times: user=0.09 sys=0.00, real=0.01 secs] 
2016-09-25T21:27:42.859-0400: 76.624: [GC (GCLocker Initiated GC) [PSYoungGen: 182409K->40117K(183808K)] 625368K->483788K(708096K), 0.0139689 secs] [Times: user=0.10 sys=0.00, real=0.01 secs] 
2016-09-25T21:27:43.007-0400: 76.772: [GC (GCLocker Initiated GC) [PSYoungGen: 183477K->38955K(203264K)] 632645K->488825K(727552K), 0.0116968 secs] [Times: user=0.13 sys=0.00, real=0.01 secs] 
2016-09-25T21:27:43.189-0400: 76.954: [GC (GCLocker Initiated GC) [PSYoungGen: 184875K->37772K(201728K)] 640320K->504725K(726016K), 0.0125262 secs] [Times: user=0.12 sys=0.02, real=0.01 secs] 
2016-09-25T21:27:43.395-0400: 77.160: [GC (GCLocker Initiated GC) [PSYoungGen: 183692K->30902K(203776K)] 650778K->506972K(728064K), 0.0211149 secs] [Times: user=0.24 sys=0.00, real=0.02 secs] 
2016-09-25T21:27:43.533-0400: 77.299: [GC (GCLocker Initiated GC) [PSYoungGen: 179894K->35105K(203776K)] 661382K->528203K(728064K), 0.0070606 secs] [Times: user=0.05 sys=0.00, real=0.01 secs] 
2016-09-25T21:27:43.652-0400: 77.417: [GC (GCLocker Initiated GC) [PSYoungGen: 184097K->42397K(206336K)] 680031K->555702K(730624K), 0.0221834 secs] [Times: user=0.26 sys=0.01, real=0.03 secs] 
2016-09-25T21:27:43.674-0400: 77.440: [Full GC (Ergonomics) [PSYoungGen: 42397K->0K(206336K)] [ParOldGen: 513304K->324626K(524288K)] 555702K->324626K(730624K), [Metaspace: 43613K->43613K(1085440K)], 0.0547860 secs] [Times: user=0.35 sys=0.01, real=0.05 secs] 
2016-09-25T21:27:43.860-0400: 77.625: [GC (GCLocker Initiated GC) [PSYoungGen: 152576K->28092K(206336K)] 486785K->362301K(730624K), 0.0195490 secs] [Times: user=0.22 sys=0.01, real=0.02 secs] 
2016-09-25T21:27:43.992-0400: 77.757: [GC (GCLocker Initiated GC) [PSYoungGen: 180668K->35494K(206848K)] 521964K->378776K(731136K), 0.0145371 secs] [Times: user=0.17 sys=0.00, real=0.02 secs] 
2016-09-25T21:27:44.134-0400: 77.899: [GC (GCLocker Initiated GC) [PSYoungGen: 189606K->51977K(206336K)] 532999K->402203K(730624K), 0.0070766 secs] [Times: user=0.10 sys=0.00, real=0.00 secs] 
2016-09-25T21:27:44.254-0400: 78.020: [GC (GCLocker Initiated GC) [PSYoungGen: 206089K->53423K(197120K)] 556389K->421502K(721408K), 0.0253835 secs] [Times: user=0.30 sys=0.01, real=0.02 secs] 
2016-09-25T21:27:44.398-0400: 78.163: [GC (GCLocker Initiated GC) [PSYoungGen: 194735K->30137K(201728K)] 562826K->405117K(726016K), 0.0052100 secs] [Times: user=0.05 sys=0.00, real=0.01 secs] 
2016-09-25T21:27:44.509-0400: 78.275: [GC (GCLocker Initiated GC) [PSYoungGen: 171449K->31761K(199680K)] 554560K->416315K(723968K), 0.0122799 secs] [Times: user=0.10 sys=0.00, real=0.01 secs] 
2016-09-25T21:27:44.622-0400: 78.387: [GC (GCLocker Initiated GC) [PSYoungGen: 173073K->49125K(200704K)] 560404K->438045K(724992K), 0.0059328 secs] [Times: user=0.05 sys=0.00, real=0.01 secs] 
2016-09-25T21:27:44.755-0400: 78.520: [GC (GCLocker Initiated GC) [PSYoungGen: 190437K->43757K(201728K)] 579394K->434125K(726016K), 0.0054752 secs] [Times: user=0.06 sys=0.01, real=0.00 secs] 
2016-09-25T21:27:44.866-0400: 78.631: [GC (GCLocker Initiated GC) [PSYoungGen: 184045K->32127K(172544K)] 585417K->445885K(696832K), 0.0127000 secs] [Times: user=0.15 sys=0.00, real=0.01 secs] 
2016-09-25T21:27:45.016-0400: 78.781: [GC (GCLocker Initiated GC) [PSYoungGen: 172415K->29117K(200192K)] 591914K->461218K(724480K), 0.0176355 secs] [Times: user=0.20 sys=0.00, real=0.01 secs] 
2016-09-25T21:27:45.146-0400: 78.911: [GC (GCLocker Initiated GC) [PSYoungGen: 169405K->27942K(200192K)] 616366K->476548K(724480K), 0.0054733 secs] [Times: user=0.04 sys=0.00, real=0.00 secs] 
2016-09-25T21:27:45.260-0400: 79.025: [GC (GCLocker Initiated GC) [PSYoungGen: 168230K->49371K(198656K)] 625045K->508118K(722944K), 0.0106288 secs] [Times: user=0.11 sys=0.00, real=0.01 secs] 
2016-09-25T21:27:45.386-0400: 79.152: [GC (GCLocker Initiated GC) [PSYoungGen: 188635K->53163K(192512K)] 647453K->513526K(716800K), 0.0152964 secs] [Times: user=0.18 sys=0.00, real=0.01 secs] 
2016-09-25T21:27:45.522-0400: 79.288: [GC (GCLocker Initiated GC) [PSYoungGen: 192427K->21169K(195584K)] 663783K->510412K(719872K), 0.0065524 secs] [Times: user=0.06 sys=0.00, real=0.00 secs] 
2016-09-25T21:27:45.625-0400: 79.390: [GC (GCLocker Initiated GC) [PSYoungGen: 152241K->46353K(177664K)] 641720K->537661K(701952K), 0.0257000 secs] [Times: user=0.29 sys=0.00, real=0.02 secs] 
2016-09-25T21:27:45.753-0400: 79.518: [GC (GCLocker Initiated GC) [PSYoungGen: 177425K->43746K(197120K)] 671474K->539278K(721408K), 0.0124365 secs] [Times: user=0.14 sys=0.00, real=0.02 secs] 
2016-09-25T21:27:45.873-0400: 79.639: [GC (GCLocker Initiated GC) [PSYoungGen: 174818K->31216K(162304K)] 675984K->536537K(686592K), 0.0166115 secs] [Times: user=0.20 sys=0.00, real=0.02 secs] 
2016-09-25T21:27:45.890-0400: 79.655: [Full GC (Ergonomics) [PSYoungGen: 31216K->0K(162304K)] [ParOldGen: 505321K->350313K(524288K)] 536537K->350313K(686592K), [Metaspace: 43678K->43678K(1087488K)], 0.0585002 secs] [Times: user=0.53 sys=0.00, real=0.06 secs] 
2016-09-25T21:27:46.047-0400: 79.813: [GC (GCLocker Initiated GC) [PSYoungGen: 131072K->57500K(189952K)] 481599K->408028K(714240K), 0.0093491 secs] [Times: user=0.14 sys=0.00, real=0.01 secs] 
2016-09-25T21:27:46.149-0400: 79.914: [GC (GCLocker Initiated GC) [PSYoungGen: 183452K->54457K(180736K)] 534105K->409424K(705024K), 0.0076019 secs] [Times: user=0.12 sys=0.00, real=0.01 secs] 
2016-09-25T21:27:46.262-0400: 80.027: [GC (GCLocker Initiated GC) [PSYoungGen: 180409K->47586K(192000K)] 535613K->404069K(716288K), 0.0061946 secs] [Times: user=0.06 sys=0.00, real=0.01 secs] 
2016-09-25T21:27:46.372-0400: 80.137: [GC (GCLocker Initiated GC) [PSYoungGen: 168930K->35145K(156672K)] 528178K->395608K(680960K), 0.0220790 secs] [Times: user=0.20 sys=0.00, real=0.03 secs] 
2016-09-25T21:27:46.494-0400: 80.259: [GC (GCLocker Initiated GC) [PSYoungGen: 156489K->40841K(192512K)] 517042K->402505K(716800K), 0.0049676 secs] [Times: user=0.03 sys=0.01, real=0.01 secs] 
2016-09-25T21:27:46.593-0400: 80.359: [GC (GCLocker Initiated GC) [PSYoungGen: 164745K->45128K(189952K)] 534548K->416191K(714240K), 0.0104246 secs] [Times: user=0.10 sys=0.00, real=0.02 secs] 
2016-09-25T21:27:46.707-0400: 80.472: [GC (GCLocker Initiated GC) [PSYoungGen: 169032K->37951K(194048K)] 542797K->413007K(718336K), 0.0088180 secs] [Times: user=0.10 sys=0.00, real=0.01 secs] 
2016-09-25T21:27:46.824-0400: 80.589: [GC (GCLocker Initiated GC) [PSYoungGen: 166975K->35454K(192512K)] 552915K->422543K(716800K), 0.0067422 secs] [Times: user=0.06 sys=0.00, real=0.00 secs] 
2016-09-25T21:27:46.926-0400: 80.691: [GC (GCLocker Initiated GC) [PSYoungGen: 164478K->53034K(193024K)] 551581K->441498K(717312K), 0.0059757 secs] [Times: user=0.06 sys=0.00, real=0.00 secs] 
2016-09-25T21:27:47.043-0400: 80.808: [GC (GCLocker Initiated GC) [PSYoungGen: 184106K->47696K(195584K)] 572651K->445587K(719872K), 0.0071496 secs] [Times: user=0.09 sys=0.01, real=0.00 secs] 
2016-09-25T21:27:47.140-0400: 80.905: [GC (GCLocker Initiated GC) [PSYoungGen: 178768K->55705K(192512K)] 576904K->455141K(716800K), 0.0074841 secs] [Times: user=0.10 sys=0.00, real=0.01 secs] 
2016-09-25T21:27:47.242-0400: 81.008: [GC (GCLocker Initiated GC) [PSYoungGen: 183705K->65146K(193536K)] 584528K->467098K(717824K), 0.0071522 secs] [Times: user=0.08 sys=0.01, real=0.00 secs] 
2016-09-25T21:27:47.357-0400: 81.122: [GC (GCLocker Initiated GC) [PSYoungGen: 193146K->55700K(183296K)] 600550K->483236K(707584K), 0.0078910 secs] [Times: user=0.11 sys=0.00, real=0.01 secs] 
2016-09-25T21:27:47.454-0400: 81.219: [GC (GCLocker Initiated GC) [PSYoungGen: 170388K->49897K(188416K)] 598016K->492197K(712704K), 0.0216337 secs] [Times: user=0.25 sys=0.00, real=0.03 secs] 
2016-09-25T21:27:47.560-0400: 81.325: [GC (GCLocker Initiated GC) [PSYoungGen: 164585K->47361K(181760K)] 612289K->496049K(706048K), 0.0098839 secs] [Times: user=0.16 sys=0.01, real=0.01 secs] 
2016-09-25T21:27:47.670-0400: 81.435: [GC (GCLocker Initiated GC) [PSYoungGen: 163585K->32129K(185856K)] 619494K->489018K(710144K), 0.0117773 secs] [Times: user=0.14 sys=0.00, real=0.02 secs] 
2016-09-25T21:27:47.773-0400: 81.538: [GC (GCLocker Initiated GC) [PSYoungGen: 148353K->39010K(189952K)] 606202K->511063K(714240K), 0.0069324 secs] [Times: user=0.07 sys=0.01, real=0.01 secs] 
2016-09-25T21:27:47.878-0400: 81.643: [GC (GCLocker Initiated GC) [PSYoungGen: 161378K->49837K(190976K)] 633619K->525637K(715264K), 0.0063311 secs] [Times: user=0.06 sys=0.01, real=0.01 secs] 
2016-09-25T21:27:47.986-0400: 81.751: [GC (GCLocker Initiated GC) [PSYoungGen: 172205K->41668K(189952K)] 648019K->520898K(714240K), 0.0054707 secs] [Times: user=0.06 sys=0.00, real=0.00 secs] 
2016-09-25T21:27:48.089-0400: 81.854: [GC (GCLocker Initiated GC) [PSYoungGen: 167108K->45756K(192000K)] 651779K->531275K(716288K), 0.0051650 secs] [Times: user=0.05 sys=0.00, real=0.00 secs] 
2016-09-25T21:27:48.183-0400: 81.948: [GC (GCLocker Initiated GC) [PSYoungGen: 171196K->38945K(194560K)] 659523K->533446K(718848K), 0.0068743 secs] [Times: user=0.05 sys=0.01, real=0.00 secs] 
2016-09-25T21:27:48.293-0400: 82.059: [GC (GCLocker Initiated GC) [PSYoungGen: 170017K->33797K(195072K)] 667247K->542732K(719360K), 0.0084402 secs] [Times: user=0.07 sys=0.00, real=0.01 secs] 
2016-09-25T21:27:48.302-0400: 82.067: [Full GC (Ergonomics) [PSYoungGen: 33797K->0K(195072K)] [ParOldGen: 508935K->367022K(524288K)] 542732K->367022K(719360K), [Metaspace: 43785K->43785K(1087488K)], 0.0538553 secs] [Times: user=0.49 sys=0.00, real=0.06 secs] 
2016-09-25T21:27:48.461-0400: 82.226: [GC (GCLocker Initiated GC) [PSYoungGen: 131072K->28579K(197120K)] 504977K->402485K(721408K), 0.0046919 secs] [Times: user=0.05 sys=0.00, real=0.01 secs] 
2016-09-25T21:27:48.564-0400: 82.329: [GC (GCLocker Initiated GC) [PSYoungGen: 161699K->45972K(179200K)] 541154K->428043K(703488K), 0.0063093 secs] [Times: user=0.07 sys=0.00, real=0.00 secs] 
2016-09-25T21:27:48.673-0400: 82.438: [GC (GCLocker Initiated GC) [PSYoungGen: 179092K->39298K(198656K)] 565218K->442514K(722944K), 0.0200732 secs] [Times: user=0.26 sys=0.01, real=0.02 secs] 
2016-09-25T21:27:48.808-0400: 82.573: [GC (GCLocker Initiated GC) [PSYoungGen: 174466K->39390K(197120K)] 580388K->446282K(721408K), 0.0097099 secs] [Times: user=0.12 sys=0.00, real=0.01 secs] 
2016-09-25T21:27:48.933-0400: 82.698: [GC (GCLocker Initiated GC) [PSYoungGen: 174558K->29903K(196608K)] 584177K->440640K(720896K), 0.0252748 secs] [Times: user=0.27 sys=0.00, real=0.03 secs] 
2016-09-25T21:27:49.054-0400: 82.820: [GC (GCLocker Initiated GC) [PSYoungGen: 166095K->28308K(197120K)] 580917K->444251K(721408K), 0.0050295 secs] [Times: user=0.05 sys=0.00, real=0.00 secs] 
2016-09-25T21:27:49.152-0400: 82.917: [GC (GCLocker Initiated GC) [PSYoungGen: 164500K->47275K(200192K)] 580453K->472395K(724480K), 0.0058284 secs] [Times: user=0.04 sys=0.01, real=0.01 secs] 
2016-09-25T21:27:49.267-0400: 83.032: [GC (GCLocker Initiated GC) [PSYoungGen: 186539K->50254K(189952K)] 614385K->479139K(714240K), 0.0053270 secs] [Times: user=0.08 sys=0.01, real=0.00 secs] 
2016-09-25T21:27:49.385-0400: 83.150: [GC (GCLocker Initiated GC) [PSYoungGen: 189518K->42127K(200704K)] 626643K->480426K(724992K), 0.0058541 secs] [Times: user=0.07 sys=0.00, real=0.00 secs] 
2016-09-25T21:27:49.501-0400: 83.267: [GC (GCLocker Initiated GC) [PSYoungGen: 179855K->34018K(172032K)] 627619K->482873K(696320K), 0.0066132 secs] [Times: user=0.07 sys=0.00, real=0.01 secs] 
2016-09-25T21:27:49.609-0400: 83.374: [GC (GCLocker Initiated GC) [PSYoungGen: 171746K->48904K(196608K)] 631607K->509958K(720896K), 0.0059995 secs] [Times: user=0.05 sys=0.00, real=0.01 secs] 
2016-09-25T21:27:49.718-0400: 83.483: [GC (GCLocker Initiated GC) [PSYoungGen: 185096K->49038K(198144K)] 649246K->514266K(722432K), 0.0062584 secs] [Times: user=0.08 sys=0.00, real=0.01 secs] 
2016-09-25T21:27:49.841-0400: 83.607: [GC (GCLocker Initiated GC) [PSYoungGen: 185230K->34123K(199680K)] 661741K->511827K(723968K), 0.0105881 secs] [Times: user=0.16 sys=0.00, real=0.01 secs] 
2016-09-25T21:27:49.961-0400: 83.726: [GC (GCLocker Initiated GC) [PSYoungGen: 171851K->59659K(197632K)] 649583K->543962K(721920K), 0.0096244 secs] [Times: user=0.14 sys=0.00, real=0.01 secs] 
2016-09-25T21:27:50.088-0400: 83.853: [GC (GCLocker Initiated GC) [PSYoungGen: 197387K->38118K(196608K)] 685814K->549258K(720896K), 0.0061429 secs] [Times: user=0.07 sys=0.01, real=0.01 secs] 
2016-09-25T21:27:50.094-0400: 83.859: [Full GC (Ergonomics) [PSYoungGen: 38118K->0K(196608K)] [ParOldGen: 511140K->382146K(524288K)] 549258K->382146K(720896K), [Metaspace: 43786K->43786K(1087488K)], 0.0762678 secs] [Times: user=0.55 sys=0.01, real=0.07 secs] 
2016-09-25T21:27:50.271-0400: 84.037: [GC (GCLocker Initiated GC) [PSYoungGen: 132096K->36851K(168960K)] 525272K->430027K(693248K), 0.0109263 secs] [Times: user=0.14 sys=0.00, real=0.02 secs] 
2016-09-25T21:27:50.373-0400: 84.138: [GC (GCLocker Initiated GC) [PSYoungGen: 168947K->41731K(198656K)] 562226K->437647K(722944K), 0.0088876 secs] [Times: user=0.09 sys=0.00, real=0.01 secs] 
2016-09-25T21:27:50.473-0400: 84.239: [GC (GCLocker Initiated GC) [PSYoungGen: 176387K->44651K(196608K)] 572337K->441503K(720896K), 0.0072423 secs] [Times: user=0.06 sys=0.00, real=0.01 secs] 
2016-09-25T21:27:50.588-0400: 84.353: [GC (GCLocker Initiated GC) [PSYoungGen: 179307K->44801K(198144K)] 581584K->472446K(722432K), 0.0111231 secs] [Times: user=0.13 sys=0.01, real=0.01 secs] 
2016-09-25T21:27:50.693-0400: 84.458: [GC (GCLocker Initiated GC) [PSYoungGen: 182017K->39366K(197120K)] 612510K->489848K(721408K), 0.0067125 secs] [Times: user=0.08 sys=0.00, real=0.01 secs] 
2016-09-25T21:27:50.799-0400: 84.564: [GC (GCLocker Initiated GC) [PSYoungGen: 176582K->39211K(201216K)] 629783K->493466K(725504K), 0.0121945 secs] [Times: user=0.10 sys=0.00, real=0.01 secs] 
2016-09-25T21:27:50.927-0400: 84.692: [GC (GCLocker Initiated GC) [PSYoungGen: 181547K->46190K(200192K)] 637275K->513840K(724480K), 0.0063063 secs] [Times: user=0.08 sys=0.00, real=0.00 secs] 
2016-09-25T21:27:51.039-0400: 84.804: [GC (GCLocker Initiated GC) [PSYoungGen: 188526K->35350K(203776K)] 663019K->511027K(728064K), 0.0053656 secs] [Times: user=0.06 sys=0.01, real=0.01 secs] 
2016-09-25T21:27:51.152-0400: 84.917: [GC (GCLocker Initiated GC) [PSYoungGen: 181270K->31159K(203264K)] 663885K->514766K(727552K), 0.0112077 secs] [Times: user=0.12 sys=0.01, real=0.02 secs] 
2016-09-25T21:27:51.275-0400: 85.040: [GC (GCLocker Initiated GC) [PSYoungGen: 177079K->55617K(197120K)] 663470K->543147K(721408K), 0.0164664 secs] [Times: user=0.25 sys=0.00, real=0.01 secs] 
2016-09-25T21:27:51.402-0400: 85.167: [GC (GCLocker Initiated GC) [PSYoungGen: 194881K->33756K(200704K)] 685201K->535933K(724992K), 0.0241461 secs] [Times: user=0.28 sys=0.00, real=0.03 secs] 
2016-09-25T21:27:51.426-0400: 85.191: [Full GC (Ergonomics) [PSYoungGen: 33756K->0K(200704K)] [ParOldGen: 502176K->360366K(524288K)] 535933K->360366K(724992K), [Metaspace: 43793K->43793K(1087488K)], 0.1066590 secs] [Times: user=1.20 sys=0.01, real=0.10 secs] 
2016-09-25T21:27:51.638-0400: 85.403: [GC (GCLocker Initiated GC) [PSYoungGen: 139264K->48883K(199168K)] 499811K->409431K(723456K), 0.0058070 secs] [Times: user=0.05 sys=0.00, real=0.01 secs] 
2016-09-25T21:27:51.746-0400: 85.511: [GC (GCLocker Initiated GC) [PSYoungGen: 187123K->38178K(176640K)] 555898K->408202K(700928K), 0.0071888 secs] [Times: user=0.06 sys=0.01, real=0.00 secs] 
2016-09-25T21:27:51.867-0400: 85.632: [GC (GCLocker Initiated GC) [PSYoungGen: 176418K->58308K(192512K)] 549189K->434918K(716800K), 0.0085552 secs] [Times: user=0.11 sys=0.01, real=0.01 secs] 
2016-09-25T21:27:51.967-0400: 85.732: [GC (GCLocker Initiated GC) [PSYoungGen: 190404K->27009K(159232K)] 568377K->416854K(683520K), 0.0128328 secs] [Times: user=0.14 sys=0.01, real=0.01 secs] 
2016-09-25T21:27:52.075-0400: 85.840: [GC (GCLocker Initiated GC) [PSYoungGen: 159105K->43252K(198656K)] 552236K->437430K(722944K), 0.0075597 secs] [Times: user=0.08 sys=0.01, real=0.01 secs] 
2016-09-25T21:27:52.174-0400: 85.939: [GC (GCLocker Initiated GC) [PSYoungGen: 176372K->43192K(176640K)] 578678K->446420K(700928K), 0.0059526 secs] [Times: user=0.07 sys=0.01, real=0.01 secs] 
2016-09-25T21:27:52.287-0400: 86.052: [GC (GCLocker Initiated GC) [PSYoungGen: 176312K->37606K(196096K)] 587758K->449897K(720384K), 0.0063546 secs] [Times: user=0.06 sys=0.00, real=0.00 secs] 
2016-09-25T21:27:52.406-0400: 86.171: [GC (GCLocker Initiated GC) [PSYoungGen: 171750K->30891K(195072K)] 586770K->446747K(719360K), 0.0217667 secs] [Times: user=0.29 sys=0.00, real=0.02 secs] 
2016-09-25T21:27:52.547-0400: 86.312: [GC (Allocation Failure) [PSYoungGen: 165035K->4119K(193024K)] 598648K->438691K(717312K), 0.0055793 secs] [Times: user=0.08 sys=0.00, real=0.00 secs] 
2016-09-25T21:27:52.651-0400: 86.416: [GC (GCLocker Initiated GC) [PSYoungGen: 136215K->53748K(185856K)] 570791K->489252K(710144K), 0.0058747 secs] [Times: user=0.07 sys=0.00, real=0.01 secs] 
2016-09-25T21:27:52.749-0400: 86.515: [GC (GCLocker Initiated GC) [PSYoungGen: 185844K->51064K(190464K)] 621408K->487341K(714752K), 0.0140948 secs] [Times: user=0.18 sys=0.00, real=0.02 secs] 
2016-09-25T21:27:52.855-0400: 86.620: [GC (GCLocker Initiated GC) [PSYoungGen: 172920K->40431K(162304K)] 609217K->504482K(686592K), 0.0087543 secs] [Times: user=0.11 sys=0.00, real=0.01 secs] 
2016-09-25T21:27:52.947-0400: 86.712: [GC (GCLocker Initiated GC) [PSYoungGen: 162287K->43131K(191488K)] 631790K->513418K(715776K), 0.0093919 secs] [Times: user=0.13 sys=0.00, real=0.01 secs] 
2016-09-25T21:27:53.038-0400: 86.803: [GC (GCLocker Initiated GC) [PSYoungGen: 167547K->39002K(190464K)] 640620K->512884K(714752K), 0.0101873 secs] [Times: user=0.10 sys=0.00, real=0.01 secs] 
2016-09-25T21:27:53.127-0400: 86.892: [GC (GCLocker Initiated GC) [PSYoungGen: 163418K->60703K(187392K)] 640075K->538241K(711680K), 0.0093921 secs] [Times: user=0.10 sys=0.00, real=0.01 secs] 
2016-09-25T21:27:53.244-0400: 87.009: [GC (GCLocker Initiated GC) [PSYoungGen: 184607K->40558K(192512K)] 667559K->524322K(716800K), 0.0059885 secs] [Times: user=0.06 sys=0.00, real=0.00 secs] 
2016-09-25T21:27:53.342-0400: 87.107: [GC (GCLocker Initiated GC) [PSYoungGen: 164462K->51389K(193536K)] 651397K->539291K(717824K), 0.0058549 secs] [Times: user=0.07 sys=0.01, real=0.00 secs] 
2016-09-25T21:27:53.446-0400: 87.212: [GC (GCLocker Initiated GC) [PSYoungGen: 178365K->29684K(194560K)] 673042K->530696K(718848K), 0.0097109 secs] [Times: user=0.10 sys=0.01, real=0.01 secs] 
2016-09-25T21:27:53.567-0400: 87.333: [Full GC (Ergonomics) [PSYoungGen: 156660K->0K(194560K)] [ParOldGen: 513187K->373455K(524288K)] 669847K->373455K(718848K), [Metaspace: 43808K->43808K(1087488K)], 0.2140516 secs] [Times: user=2.62 sys=0.01, real=0.21 secs] 
2016-09-25T21:27:53.876-0400: 87.641: [GC (GCLocker Initiated GC) [PSYoungGen: 126976K->39486K(189952K)] 507212K->419723K(714240K), 0.0111823 secs] [Times: user=0.16 sys=0.00, real=0.01 secs] 
2016-09-25T21:27:54.003-0400: 87.769: [GC (GCLocker Initiated GC) [PSYoungGen: 166974K->48872K(192512K)] 548154K->431282K(716800K), 0.0094394 secs] [Times: user=0.13 sys=0.00, real=0.00 secs] 
2016-09-25T21:27:54.117-0400: 87.882: [GC (GCLocker Initiated GC) [PSYoungGen: 176360K->52743K(193536K)] 561526K->439028K(717824K), 0.0071121 secs] [Times: user=0.06 sys=0.00, real=0.01 secs] 
2016-09-25T21:27:54.222-0400: 87.988: [GC (GCLocker Initiated GC) [PSYoungGen: 180743K->48615K(195072K)] 572443K->441392K(719360K), 0.0097271 secs] [Times: user=0.09 sys=0.00, real=0.00 secs] 
2016-09-25T21:27:54.332-0400: 88.097: [GC (GCLocker Initiated GC) [PSYoungGen: 176615K->33868K(193536K)] 569511K->441325K(717824K), 0.0192451 secs] [Times: user=0.21 sys=0.00, real=0.02 secs] 
2016-09-25T21:27:54.452-0400: 88.217: [GC (GCLocker Initiated GC) [PSYoungGen: 162380K->39152K(194560K)] 569868K->447709K(718848K), 0.0054684 secs] [Times: user=0.04 sys=0.00, real=0.01 secs] 
2016-09-25T21:27:54.552-0400: 88.317: [GC (GCLocker Initiated GC) [PSYoungGen: 167664K->35176K(194560K)] 578977K->463786K(718848K), 0.0098301 secs] [Times: user=0.10 sys=0.00, real=0.01 secs] 
2016-09-25T21:27:54.661-0400: 88.426: [GC (GCLocker Initiated GC) [PSYoungGen: 166760K->38010K(195072K)] 599565K->471858K(719360K), 0.0050605 secs] [Times: user=0.04 sys=0.00, real=0.01 secs] 
2016-09-25T21:27:54.780-0400: 88.545: [GC (GCLocker Initiated GC) [PSYoungGen: 169594K->28368K(197632K)] 610327K->470096K(721920K), 0.0077091 secs] [Times: user=0.06 sys=0.00, real=0.01 secs] 
2016-09-25T21:27:54.880-0400: 88.645: [GC (GCLocker Initiated GC) [PSYoungGen: 164048K->37923K(197632K)] 608494K->505065K(721920K), 0.0062247 secs] [Times: user=0.06 sys=0.01, real=0.01 secs] 
2016-09-25T21:27:54.990-0400: 88.755: [GC (GCLocker Initiated GC) [PSYoungGen: 173603K->40703K(197632K)] 646156K->535959K(721920K), 0.0074047 secs] [Times: user=0.06 sys=0.01, real=0.01 secs] 
2016-09-25T21:27:55.108-0400: 88.874: [Full GC (Ergonomics) [PSYoungGen: 180479K->0K(197632K)] [ParOldGen: 512842K->388651K(524288K)] 693321K->388651K(721920K), [Metaspace: 43812K->43812K(1087488K)], 0.0680790 secs] [Times: user=0.61 sys=0.00, real=0.07 secs] 
2016-09-25T21:27:55.287-0400: 89.053: [GC (GCLocker Initiated GC) [PSYoungGen: 139776K->53296K(198144K)] 531736K->445257K(722432K), 0.0064424 secs] [Times: user=0.08 sys=0.01, real=0.00 secs] 
2016-09-25T21:27:55.401-0400: 89.166: [GC (GCLocker Initiated GC) [PSYoungGen: 193072K->52994K(196096K)] 587951K->452136K(720384K), 0.0108054 secs] [Times: user=0.14 sys=0.00, real=0.01 secs] 
2016-09-25T21:27:55.522-0400: 89.288: [GC (GCLocker Initiated GC) [PSYoungGen: 187138K->35576K(198144K)] 586736K->447204K(722432K), 0.0088068 secs] [Times: user=0.10 sys=0.00, real=0.00 secs] 
2016-09-25T21:27:55.639-0400: 89.404: [GC (GCLocker Initiated GC) [PSYoungGen: 169720K->32575K(196096K)] 581576K->445645K(720384K), 0.0129794 secs] [Times: user=0.14 sys=0.00, real=0.01 secs] 
2016-09-25T21:27:55.756-0400: 89.521: [GC (GCLocker Initiated GC) [PSYoungGen: 167743K->44741K(197632K)] 583896K->462203K(721920K), 0.0104903 secs] [Times: user=0.12 sys=0.00, real=0.01 secs] 
2016-09-25T21:27:55.861-0400: 89.626: [GC (GCLocker Initiated GC) [PSYoungGen: 179909K->55807K(194048K)] 601491K->478551K(718336K), 0.0232227 secs] [Times: user=0.32 sys=0.01, real=0.03 secs] 
2016-09-25T21:27:55.979-0400: 89.744: [GC (GCLocker Initiated GC) [PSYoungGen: 187903K->51610K(183808K)] 610675K->489107K(708096K), 0.0089853 secs] [Times: user=0.11 sys=0.00, real=0.01 secs] 
2016-09-25T21:27:56.094-0400: 89.859: [GC (GCLocker Initiated GC) [PSYoungGen: 183706K->44900K(197632K)] 625320K->487644K(721920K), 0.0247123 secs] [Times: user=0.31 sys=0.00, real=0.03 secs] 
2016-09-25T21:27:56.210-0400: 89.975: [GC (GCLocker Initiated GC) [PSYoungGen: 176484K->26856K(196096K)] 621934K->487000K(720384K), 0.0178986 secs] [Times: user=0.19 sys=0.00, real=0.02 secs] 
2016-09-25T21:27:56.317-0400: 90.083: [GC (GCLocker Initiated GC) [PSYoungGen: 158440K->44523K(195584K)] 618653K->505654K(719872K), 0.0094908 secs] [Times: user=0.11 sys=0.00, real=0.01 secs] 
2016-09-25T21:27:56.437-0400: 90.202: [GC (GCLocker Initiated GC) [PSYoungGen: 176619K->62299K(194560K)] 637800K->529867K(718848K), 0.0134287 secs] [Times: user=0.19 sys=0.01, real=0.01 secs] 
2016-09-25T21:27:56.561-0400: 90.327: [GC (GCLocker Initiated GC) [PSYoungGen: 194395K->33786K(192512K)] 662075K->532258K(716800K), 0.0057553 secs] [Times: user=0.06 sys=0.01, real=0.01 secs] 
2016-09-25T21:27:56.567-0400: 90.332: [Full GC (Ergonomics) [PSYoungGen: 33786K->0K(192512K)] [ParOldGen: 498471K->396065K(524288K)] 532258K->396065K(716800K), [Metaspace: 43814K->43814K(1087488K)], 0.0588618 secs] [Times: user=0.51 sys=0.02, real=0.06 secs] 
2016-09-25T21:27:56.727-0400: 90.493: [GC (GCLocker Initiated GC) [PSYoungGen: 124928K->43705K(168960K)] 526395K->445173K(693248K), 0.0140300 secs] [Times: user=0.16 sys=0.01, real=0.01 secs] 
2016-09-25T21:27:56.850-0400: 90.615: [GC (Allocation Failure) [PSYoungGen: 168633K->24344K(190976K)] 586508K->445065K(715264K), 0.0139757 secs] [Times: user=0.15 sys=0.00, real=0.02 secs] 
2016-09-25T21:27:56.966-0400: 90.731: [GC (GCLocker Initiated GC) [PSYoungGen: 148658K->25606K(192000K)] 572079K->450108K(716288K), 0.0054193 secs] [Times: user=0.05 sys=0.00, real=0.00 secs] 
2016-09-25T21:27:57.065-0400: 90.830: [GC (GCLocker Initiated GC) [PSYoungGen: 150534K->32329K(193024K)] 581815K->464645K(717312K), 0.0119541 secs] [Times: user=0.11 sys=0.00, real=0.01 secs] 
2016-09-25T21:27:57.170-0400: 90.936: [GC (GCLocker Initiated GC) [PSYoungGen: 160329K->40608K(194048K)] 598082K->498244K(718336K), 0.0107084 secs] [Times: user=0.11 sys=0.00, real=0.01 secs] 
2016-09-25T21:27:57.284-0400: 91.049: [GC (GCLocker Initiated GC) [PSYoungGen: 168608K->50171K(193536K)] 629059K->514381K(717824K), 0.0091433 secs] [Times: user=0.07 sys=0.00, real=0.00 secs] 
2016-09-25T21:27:57.396-0400: 91.161: [GC (GCLocker Initiated GC) [PSYoungGen: 179707K->43474K(195072K)] 644007K->508960K(719360K), 0.0061282 secs] [Times: user=0.05 sys=0.00, real=0.00 secs] 
2016-09-25T21:27:57.504-0400: 91.270: [GC (GCLocker Initiated GC) [PSYoungGen: 173010K->50200K(195072K)] 638663K->517093K(719360K), 0.0067268 secs] [Times: user=0.06 sys=0.01, real=0.00 secs] 
2016-09-25T21:27:57.614-0400: 91.379: [GC (GCLocker Initiated GC) [PSYoungGen: 181272K->40785K(172032K)] 653597K->514358K(696320K), 0.0218035 secs] [Times: user=0.23 sys=0.00, real=0.03 secs] 
2016-09-25T21:27:57.748-0400: 91.513: [GC (GCLocker Initiated GC) [PSYoungGen: 171857K->32983K(196096K)] 648164K->526813K(720384K), 0.0247908 secs] [Times: user=0.25 sys=0.01, real=0.02 secs] 
2016-09-25T21:27:57.878-0400: 91.643: [Full GC (Ergonomics) [PSYoungGen: 166103K->0K(196096K)] [ParOldGen: 504646K->408576K(524288K)] 670749K->408576K(720384K), [Metaspace: 43820K->43820K(1087488K)], 0.0680926 secs] [Times: user=0.54 sys=0.01, real=0.07 secs] 
2016-09-25T21:27:58.061-0400: 91.826: [GC (GCLocker Initiated GC) [PSYoungGen: 133120K->32875K(195584K)] 547209K->446964K(719872K), 0.0066145 secs] [Times: user=0.06 sys=0.00, real=0.01 secs] 
2016-09-25T21:27:58.170-0400: 91.935: [GC (GCLocker Initiated GC) [PSYoungGen: 165995K->50113K(196608K)] 580109K->468424K(720896K), 0.0076126 secs] [Times: user=0.05 sys=0.01, real=0.01 secs] 
2016-09-25T21:27:58.286-0400: 92.051: [GC (GCLocker Initiated GC) [PSYoungGen: 185281K->38210K(198144K)] 603602K->479340K(722432K), 0.0066232 secs] [Times: user=0.07 sys=0.00, real=0.00 secs] 
2016-09-25T21:27:58.408-0400: 92.174: [GC (GCLocker Initiated GC) [PSYoungGen: 173378K->30631K(198144K)] 625323K->494656K(722432K), 0.0053512 secs] [Times: user=0.07 sys=0.00, real=0.00 secs] 
2016-09-25T21:27:58.525-0400: 92.290: [GC (GCLocker Initiated GC) [PSYoungGen: 168359K->47552K(198656K)] 639252K->519870K(722944K), 0.0083626 secs] [Times: user=0.09 sys=0.00, real=0.00 secs] 
2016-09-25T21:27:58.671-0400: 92.437: [GC (GCLocker Initiated GC) [PSYoungGen: 185280K->27563K(200192K)] 657629K->520176K(724480K), 0.0086373 secs] [Times: user=0.09 sys=0.00, real=0.01 secs] 
2016-09-25T21:27:58.783-0400: 92.548: [Full GC (Ergonomics) [PSYoungGen: 165803K->0K(200192K)] [ParOldGen: 495419K->420301K(524288K)] 661223K->420301K(724480K), [Metaspace: 43822K->43822K(1087488K)], 0.0643446 secs] [Times: user=0.49 sys=0.01, real=0.06 secs] 
2016-09-25T21:27:58.958-0400: 92.723: [GC (GCLocker Initiated GC) [PSYoungGen: 138240K->51064K(189440K)] 561311K->474136K(713728K), 0.0054966 secs] [Times: user=0.07 sys=0.00, real=0.01 secs] 
2016-09-25T21:27:59.081-0400: 92.846: [GC (GCLocker Initiated GC) [PSYoungGen: 189304K->50722K(195072K)] 613810K->477253K(719360K), 0.0248990 secs] [Times: user=0.34 sys=0.00, real=0.03 secs] 
2016-09-25T21:27:59.214-0400: 92.979: [GC (GCLocker Initiated GC) [PSYoungGen: 181794K->47684K(196608K)] 617942K->485275K(720896K), 0.0119018 secs] [Times: user=0.17 sys=0.00, real=0.02 secs] 
2016-09-25T21:27:59.338-0400: 93.103: [GC (GCLocker Initiated GC) [PSYoungGen: 178756K->39733K(192512K)] 628624K->507138K(716800K), 0.0075899 secs] [Times: user=0.08 sys=0.01, real=0.01 secs] 
2016-09-25T21:27:59.464-0400: 93.229: [GC (GCLocker Initiated GC) [PSYoungGen: 170805K->46315K(194560K)] 643690K->520522K(718848K), 0.0065770 secs] [Times: user=0.07 sys=0.00, real=0.00 secs] 
2016-09-25T21:27:59.569-0400: 93.334: [GC (GCLocker Initiated GC) [PSYoungGen: 177387K->42002K(194048K)] 651824K->517724K(718336K), 0.0191672 secs] [Times: user=0.17 sys=0.00, real=0.02 secs] 
2016-09-25T21:27:59.699-0400: 93.464: [GC (GCLocker Initiated GC) [PSYoungGen: 177682K->21837K(196608K)] 660225K->505553K(720896K), 0.0129692 secs] [Times: user=0.11 sys=0.00, real=0.01 secs] 
2016-09-25T21:27:59.817-0400: 93.582: [GC (GCLocker Initiated GC) [PSYoungGen: 157517K->50677K(195584K)] 642613K->537169K(719872K), 0.0106916 secs] [Times: user=0.13 sys=0.00, real=0.01 secs] 
2016-09-25T21:27:59.939-0400: 93.704: [GC (GCLocker Initiated GC) [PSYoungGen: 183797K->27256K(197632K)] 675826K->523378K(721920K), 0.0056229 secs] [Times: user=0.05 sys=0.00, real=0.01 secs] 
2016-09-25T21:28:00.045-0400: 93.810: [GC (GCLocker Initiated GC) [PSYoungGen: 160376K->57335K(189440K)] 659232K->573765K(713728K), 0.0075430 secs] [Times: user=0.10 sys=0.01, real=0.00 secs] 
2016-09-25T21:28:00.053-0400: 93.818: [Full GC (Ergonomics) [PSYoungGen: 57335K->0K(189440K)] [ParOldGen: 516429K->433180K(524288K)] 573765K->433180K(713728K), [Metaspace: 43823K->43823K(1087488K)], 0.0648309 secs] [Times: user=0.58 sys=0.01, real=0.07 secs] 
2016-09-25T21:28:00.217-0400: 93.982: [GC (GCLocker Initiated GC) [PSYoungGen: 124928K->65553K(190976K)] 558174K->498800K(715264K), 0.0065700 secs] [Times: user=0.08 sys=0.01, real=0.01 secs] 
2016-09-25T21:28:00.329-0400: 94.094: [GC (GCLocker Initiated GC) [PSYoungGen: 190481K->44896K(188928K)] 626445K->501335K(713216K), 0.0059777 secs] [Times: user=0.07 sys=0.00, real=0.01 secs] 
2016-09-25T21:28:00.440-0400: 94.205: [GC (GCLocker Initiated GC) [PSYoungGen: 162656K->31333K(189952K)] 628557K->498426K(714240K), 0.0072160 secs] [Times: user=0.07 sys=0.00, real=0.01 secs] 
2016-09-25T21:28:00.544-0400: 94.309: [GC (GCLocker Initiated GC) [PSYoungGen: 149093K->43469K(184832K)] 621660K->517365K(709120K), 0.0116870 secs] [Times: user=0.13 sys=0.01, real=0.01 secs] 
2016-09-25T21:28:00.654-0400: 94.419: [GC (GCLocker Initiated GC) [PSYoungGen: 162253K->28620K(187392K)] 644265K->517211K(711680K), 0.0048825 secs] [Times: user=0.04 sys=0.00, real=0.01 secs] 
2016-09-25T21:28:00.755-0400: 94.520: [GC (GCLocker Initiated GC) [PSYoungGen: 147404K->42234K(188416K)] 641416K->548363K(712704K), 0.0067325 secs] [Times: user=0.07 sys=0.00, real=0.00 secs] 
2016-09-25T21:28:00.762-0400: 94.527: [Full GC (Ergonomics) [PSYoungGen: 42234K->0K(188416K)] [ParOldGen: 506128K->437490K(524288K)] 548363K->437490K(712704K), [Metaspace: 43829K->43829K(1087488K)], 0.0553672 secs] [Times: user=0.39 sys=0.02, real=0.06 secs] 
2016-09-25T21:28:00.916-0400: 94.681: [GC (GCLocker Initiated GC) [PSYoungGen: 124928K->46594K(190976K)] 569177K->490844K(715264K), 0.0074201 secs] [Times: user=0.10 sys=0.00, real=0.01 secs] 
2016-09-25T21:28:01.031-0400: 94.796: [GC (GCLocker Initiated GC) [PSYoungGen: 171522K->32531K(194560K)] 620243K->486756K(718848K), 0.0146281 secs] [Times: user=0.18 sys=0.00, real=0.02 secs] 
2016-09-25T21:28:01.145-0400: 94.910: [GC (GCLocker Initiated GC) [PSYoungGen: 163091K->52933K(183808K)] 620098K->521997K(708096K), 0.0070158 secs] [Times: user=0.08 sys=0.01, real=0.00 secs] 
2016-09-25T21:28:01.254-0400: 95.020: [GC (GCLocker Initiated GC) [PSYoungGen: 183493K->48903K(195072K)] 655496K->532868K(719360K), 0.0110734 secs] [Times: user=0.14 sys=0.00, real=0.01 secs] 
2016-09-25T21:28:01.393-0400: 95.158: [GC (GCLocker Initiated GC) [PSYoungGen: 176903K->31167K(159232K)] 664929K->520366K(683520K), 0.0049034 secs] [Times: user=0.05 sys=0.00, real=0.01 secs] 
2016-09-25T21:28:01.506-0400: 95.271: [GC (GCLocker Initiated GC) [PSYoungGen: 159167K->33890K(195584K)] 651208K->529778K(719872K), 0.0055545 secs] [Times: user=0.05 sys=0.01, real=0.00 secs] 
2016-09-25T21:28:01.615-0400: 95.380: [GC (GCLocker Initiated GC) [PSYoungGen: 162914K->50044K(194560K)] 658882K->547198K(718848K), 0.0082512 secs] [Times: user=0.08 sys=0.00, real=0.01 secs] 
2016-09-25T21:28:01.732-0400: 95.497: [GC (GCLocker Initiated GC) [PSYoungGen: 179068K->35335K(194560K)] 682174K->539397K(718848K), 0.0067617 secs] [Times: user=0.07 sys=0.00, real=0.01 secs] 
2016-09-25T21:28:01.739-0400: 95.504: [Full GC (Ergonomics) [PSYoungGen: 35335K->0K(194560K)] [ParOldGen: 504061K->421280K(524288K)] 539397K->421280K(718848K), [Metaspace: 43842K->43842K(1087488K)], 0.0781638 secs] [Times: user=1.03 sys=0.01, real=0.08 secs] 
2016-09-25T21:28:01.941-0400: 95.706: [GC (GCLocker Initiated GC) [PSYoungGen: 130048K->25194K(195072K)] 558362K->453509K(719360K), 0.0039728 secs] [Times: user=0.05 sys=0.01, real=0.01 secs] 
2016-09-25T21:28:02.053-0400: 95.818: [GC (GCLocker Initiated GC) [PSYoungGen: 155242K->58880K(187392K)] 590345K->493983K(711680K), 0.0065812 secs] [Times: user=0.07 sys=0.01, real=0.01 secs] 
2016-09-25T21:28:02.154-0400: 95.919: [GC (GCLocker Initiated GC) [PSYoungGen: 180736K->62679K(184832K)] 622623K->504566K(709120K), 0.0092955 secs] [Times: user=0.11 sys=0.01, real=0.01 secs] 
2016-09-25T21:28:02.261-0400: 96.026: [GC (GCLocker Initiated GC) [PSYoungGen: 184535K->72940K(171520K)] 631892K->535553K(695808K), 0.0143471 secs] [Times: user=0.14 sys=0.00, real=0.02 secs] 
2016-09-25T21:28:02.361-0400: 96.126: [GC (GCLocker Initiated GC) [PSYoungGen: 169196K->52545K(179200K)] 639992K->533882K(703488K), 0.0179873 secs] [Times: user=0.26 sys=0.01, real=0.02 secs] 
2016-09-25T21:28:02.456-0400: 96.221: [GC (GCLocker Initiated GC) [PSYoungGen: 148801K->32383K(175616K)] 634323K->544415K(699904K), 0.0057381 secs] [Times: user=0.06 sys=0.00, real=0.00 secs] 
2016-09-25T21:28:02.462-0400: 96.227: [Full GC (Ergonomics) [PSYoungGen: 32383K->0K(175616K)] [ParOldGen: 512032K->427969K(524288K)] 544415K->427969K(699904K), [Metaspace: 43842K->43842K(1087488K)], 0.0579576 secs] [Times: user=0.40 sys=0.02, real=0.05 secs] 
2016-09-25T21:28:02.597-0400: 96.362: [GC (GCLocker Initiated GC) [PSYoungGen: 97792K->62731K(178176K)] 527177K->492117K(702464K), 0.0091368 secs] [Times: user=0.13 sys=0.00, real=0.01 secs] 
2016-09-25T21:28:02.689-0400: 96.455: [GC (GCLocker Initiated GC) [PSYoungGen: 160523K->24210K(177664K)] 595624K->466164K(701952K), 0.0111900 secs] [Times: user=0.13 sys=0.00, real=0.01 secs] 
2016-09-25T21:28:02.777-0400: 96.542: [GC (GCLocker Initiated GC) [PSYoungGen: 118418K->49855K(144384K)] 560389K->492871K(668672K), 0.0083331 secs] [Times: user=0.09 sys=0.00, real=0.01 secs] 
2016-09-25T21:28:02.857-0400: 96.622: [GC (GCLocker Initiated GC) [PSYoungGen: 144063K->48754K(178176K)] 592492K->514175K(702464K), 0.0069623 secs] [Times: user=0.08 sys=0.00, real=0.01 secs] 
2016-09-25T21:28:02.957-0400: 96.723: [GC (GCLocker Initiated GC) [PSYoungGen: 145522K->44717K(176128K)] 616535K->516785K(700416K), 0.0054473 secs] [Times: user=0.05 sys=0.00, real=0.01 secs] 
2016-09-25T21:28:03.046-0400: 96.811: [GC (GCLocker Initiated GC) [PSYoungGen: 141485K->58213K(176128K)] 613630K->531395K(700416K), 0.0086046 secs] [Times: user=0.12 sys=0.00, real=0.01 secs] 
2016-09-25T21:28:03.123-0400: 96.889: [GC (GCLocker Initiated GC) [PSYoungGen: 158053K->43129K(177664K)] 631313K->517333K(701952K), 0.0064435 secs] [Times: user=0.06 sys=0.00, real=0.00 secs] 
2016-09-25T21:28:03.215-0400: 96.980: [GC (GCLocker Initiated GC) [PSYoungGen: 142969K->39386K(182272K)] 628612K->525996K(706560K), 0.0076004 secs] [Times: user=0.08 sys=0.00, real=0.01 secs] 
2016-09-25T21:28:03.316-0400: 97.081: [GC (GCLocker Initiated GC) [PSYoungGen: 148442K->45959K(182784K)] 637754K->549900K(707072K), 0.0058854 secs] [Times: user=0.06 sys=0.00, real=0.01 secs] 
2016-09-25T21:28:03.322-0400: 97.088: [Full GC (Ergonomics) [PSYoungGen: 45959K->0K(182784K)] [ParOldGen: 503941K->439126K(524288K)] 549900K->439126K(707072K), [Metaspace: 43842K->43842K(1087488K)], 0.0602030 secs] [Times: user=0.53 sys=0.00, real=0.06 secs] 
2016-09-25T21:28:03.474-0400: 97.240: [GC (GCLocker Initiated GC) [PSYoungGen: 109056K->35607K(187392K)] 553817K->480369K(711680K), 0.0087571 secs] [Times: user=0.07 sys=0.01, real=0.01 secs] 
2016-09-25T21:28:03.588-0400: 97.353: [GC (GCLocker Initiated GC) [PSYoungGen: 151831K->46049K(186368K)] 603364K->499015K(710656K), 0.0248117 secs] [Times: user=0.35 sys=0.00, real=0.02 secs] 
2016-09-25T21:28:03.714-0400: 97.479: [GC (GCLocker Initiated GC) [PSYoungGen: 162273K->43439K(189952K)] 620660K->521889K(714240K), 0.0098282 secs] [Times: user=0.15 sys=0.00, real=0.02 secs] 
2016-09-25T21:28:03.821-0400: 97.586: [GC (GCLocker Initiated GC) [PSYoungGen: 166319K->40632K(188928K)] 644809K->536455K(713216K), 0.0061671 secs] [Times: user=0.07 sys=0.00, real=0.01 secs] 
2016-09-25T21:28:03.924-0400: 97.689: [GC (GCLocker Initiated GC) [PSYoungGen: 163512K->43604K(194560K)] 659351K->562133K(718848K), 0.0063619 secs] [Times: user=0.08 sys=0.01, real=0.00 secs] 
2016-09-25T21:28:03.930-0400: 97.695: [Full GC (Ergonomics) [PSYoungGen: 43604K->0K(194560K)] [ParOldGen: 518529K->447038K(524288K)] 562133K->447038K(718848K), [Metaspace: 43847K->43847K(1087488K)], 0.0592729 secs] [Times: user=0.55 sys=0.00, real=0.06 secs] 
2016-09-25T21:28:04.087-0400: 97.852: [GC (GCLocker Initiated GC) [PSYoungGen: 130560K->54883K(193536K)] 580351K->504675K(717824K), 0.0066951 secs] [Times: user=0.09 sys=0.01, real=0.00 secs] 
2016-09-25T21:28:04.204-0400: 97.969: [GC (GCLocker Initiated GC) [PSYoungGen: 185443K->47768K(198144K)] 643449K->507519K(722432K), 0.0057859 secs] [Times: user=0.07 sys=0.00, real=0.00 secs] 
2016-09-25T21:28:04.318-0400: 98.083: [GC (GCLocker Initiated GC) [PSYoungGen: 180888K->47685K(181248K)] 647702K->514499K(705536K), 0.0066935 secs] [Times: user=0.07 sys=0.00, real=0.01 secs] 
2016-09-25T21:28:04.435-0400: 98.201: [GC (GCLocker Initiated GC) [PSYoungGen: 180805K->62397K(190976K)] 650348K->537341K(715264K), 0.0077384 secs] [Times: user=0.09 sys=0.02, real=0.01 secs] 
2016-09-25T21:28:04.548-0400: 98.314: [GC (GCLocker Initiated GC) [PSYoungGen: 190397K->55310K(183808K)] 675083K->539995K(708096K), 0.0058963 secs] [Times: user=0.07 sys=0.00, real=0.01 secs] 
2016-09-25T21:28:04.650-0400: 98.415: [GC (GCLocker Initiated GC) [PSYoungGen: 183310K->42561K(195072K)] 674788K->534039K(719360K), 0.0146952 secs] [Times: user=0.18 sys=0.00, real=0.02 secs] 
2016-09-25T21:28:04.766-0400: 98.531: [GC (GCLocker Initiated GC) [PSYoungGen: 169537K->55885K(183296K)] 662432K->552796K(707584K), 0.0139686 secs] [Times: user=0.13 sys=0.02, real=0.01 secs] 
2016-09-25T21:28:04.888-0400: 98.653: [Full GC (Ergonomics) [PSYoungGen: 182861K->0K(183296K)] [ParOldGen: 500993K->453577K(524288K)] 683855K->453577K(707584K), [Metaspace: 43847K->43847K(1087488K)], 0.0761542 secs] [Times: user=0.68 sys=0.02, real=0.08 secs] 
2016-09-25T21:28:05.069-0400: 98.834: [GC (GCLocker Initiated GC) [PSYoungGen: 126976K->41068K(194560K)] 582129K->496221K(718848K), 0.0065530 secs] [Times: user=0.05 sys=0.00, real=0.01 secs] 
2016-09-25T21:28:05.181-0400: 98.946: [GC (GCLocker Initiated GC) [PSYoungGen: 167020K->47786K(174080K)] 631750K->512517K(698368K), 0.0260377 secs] [Times: user=0.33 sys=0.01, real=0.03 secs] 
2016-09-25T21:28:05.315-0400: 99.080: [GC (GCLocker Initiated GC) [PSYoungGen: 173738K->28466K(189952K)] 647926K->502654K(714240K), 0.0093395 secs] [Times: user=0.07 sys=0.01, real=0.01 secs] 
2016-09-25T21:28:05.427-0400: 99.193: [GC (GCLocker Initiated GC) [PSYoungGen: 152882K->44816K(191488K)] 636681K->547532K(715776K), 0.0065016 secs] [Times: user=0.09 sys=0.00, real=0.00 secs] 
2016-09-25T21:28:05.434-0400: 99.199: [Full GC (Ergonomics) [PSYoungGen: 44816K->0K(191488K)] [ParOldGen: 502715K->460898K(524288K)] 547532K->460898K(715776K), [Metaspace: 43847K->43847K(1087488K)], 0.0573485 secs] [Times: user=0.55 sys=0.00, real=0.06 secs] 
2016-09-25T21:28:05.598-0400: 99.363: [GC (GCLocker Initiated GC) [PSYoungGen: 124416K->50633K(194048K)] 589411K->515628K(718336K), 0.0057822 secs] [Times: user=0.08 sys=0.00, real=0.01 secs] 
2016-09-25T21:28:05.709-0400: 99.474: [GC (GCLocker Initiated GC) [PSYoungGen: 180169K->59898K(189440K)] 650809K->530538K(713728K), 0.0061899 secs] [Times: user=0.08 sys=0.00, real=0.01 secs] 
2016-09-25T21:28:05.807-0400: 99.572: [GC (GCLocker Initiated GC) [PSYoungGen: 189434K->43291K(195072K)] 660246K->514103K(719360K), 0.0065632 secs] [Times: user=0.06 sys=0.00, real=0.00 secs] 
2016-09-25T21:28:05.910-0400: 99.676: [GC (GCLocker Initiated GC) [PSYoungGen: 169755K->56545K(193536K)] 640666K->527456K(717824K), 0.0112282 secs] [Times: user=0.16 sys=0.01, real=0.01 secs] 
2016-09-25T21:28:06.033-0400: 99.798: [GC (GCLocker Initiated GC) [PSYoungGen: 183009K->49575K(193536K)] 655285K->521851K(717824K), 0.0069369 secs] [Times: user=0.05 sys=0.01, real=0.01 secs] 
2016-09-25T21:28:06.138-0400: 99.903: [GC (GCLocker Initiated GC) [PSYoungGen: 176039K->44000K(193536K)] 653726K->521687K(717824K), 0.0056529 secs] [Times: user=0.06 sys=0.01, real=0.01 secs] 
2016-09-25T21:28:06.256-0400: 100.022: [GC (GCLocker Initiated GC) [PSYoungGen: 170464K->49216K(193024K)] 653554K->532307K(717312K), 0.0057114 secs] [Times: user=0.06 sys=0.01, real=0.01 secs] 
2016-09-25T21:28:06.368-0400: 100.133: [GC (GCLocker Initiated GC) [PSYoungGen: 178240K->63904K(193024K)] 666763K->557827K(717312K), 0.0070401 secs] [Times: user=0.08 sys=0.00, real=0.01 secs] 
2016-09-25T21:28:06.472-0400: 100.237: [GC (GCLocker Initiated GC) --[PSYoungGen: 192928K->192928K(193024K)] 686892K->716592K(717312K), 0.0119061 secs] [Times: user=0.11 sys=0.01, real=0.02 secs] 
2016-09-25T21:28:06.484-0400: 100.249: [Full GC (Ergonomics) [PSYoungGen: 192928K->0K(193024K)] [ParOldGen: 523664K->471109K(524288K)] 716592K->471109K(717312K), [Metaspace: 43854K->43854K(1087488K)], 0.0588542 secs] [Times: user=0.42 sys=0.00, real=0.06 secs] 
2016-09-25T21:28:06.651-0400: 100.417: [GC (GCLocker Initiated GC) [PSYoungGen: 129024K->54896K(193024K)] 602854K->528726K(717312K), 0.0056651 secs] [Times: user=0.05 sys=0.00, real=0.01 secs] 
2016-09-25T21:28:06.765-0400: 100.531: [GC (GCLocker Initiated GC) [PSYoungGen: 178800K->55941K(193024K)] 652697K->529838K(717312K), 0.0109249 secs] [Times: user=0.13 sys=0.00, real=0.01 secs] 
2016-09-25T21:28:06.878-0400: 100.643: [GC (GCLocker Initiated GC) [PSYoungGen: 179845K->46372K(190976K)] 664640K->531167K(715264K), 0.0066588 secs] [Times: user=0.06 sys=0.00, real=0.01 secs] 
2016-09-25T21:28:06.990-0400: 100.755: [GC (GCLocker Initiated GC) [PSYoungGen: 170276K->63418K(187392K)] 655124K->548266K(711680K), 0.0061935 secs] [Times: user=0.06 sys=0.00, real=0.01 secs] 
2016-09-25T21:28:07.105-0400: 100.870: [GC (GCLocker Initiated GC) [PSYoungGen: 187322K->69960K(180736K)] 677714K->571152K(705024K), 0.0069909 secs] [Times: user=0.10 sys=0.00, real=0.00 secs] 
2016-09-25T21:28:07.194-0400: 100.959: [GC (GCLocker Initiated GC) [PSYoungGen: 179528K->62638K(172544K)] 680936K->564045K(696832K), 0.0094398 secs] [Times: user=0.06 sys=0.02, real=0.02 secs] 
2016-09-25T21:28:07.285-0400: 101.050: [GC (GCLocker Initiated GC) [PSYoungGen: 172206K->59654K(185344K)] 680408K->567857K(709632K), 0.0077629 secs] [Times: user=0.06 sys=0.00, real=0.00 secs] 
2016-09-25T21:28:07.384-0400: 101.149: [Full GC (Ergonomics) [PSYoungGen: 167686K->0K(185344K)] [ParOldGen: 515169K->459617K(524288K)] 682856K->459617K(709632K), [Metaspace: 43855K->43855K(1087488K)], 0.0819488 secs] [Times: user=0.71 sys=0.01, real=0.08 secs] 
2016-09-25T21:28:07.546-0400: 101.311: [GC (GCLocker Initiated GC) [PSYoungGen: 108032K->66403K(174592K)] 567688K->526059K(698880K), 0.0069229 secs] [Times: user=0.09 sys=0.01, real=0.00 secs] 
2016-09-25T21:28:07.632-0400: 101.397: [GC (GCLocker Initiated GC) [PSYoungGen: 174435K->67255K(179200K)] 634139K->526959K(703488K), 0.0064549 secs] [Times: user=0.08 sys=0.00, real=0.01 secs] 
2016-09-25T21:28:07.708-0400: 101.473: [GC (GCLocker Initiated GC) [PSYoungGen: 167607K->80156K(180736K)] 627382K->550731K(705024K), 0.0067257 secs] [Times: user=0.10 sys=0.01, real=0.01 secs] 
2016-09-25T21:28:07.792-0400: 101.557: [GC (GCLocker Initiated GC) [PSYoungGen: 180508K->76889K(169472K)] 651161K->547542K(693760K), 0.0085551 secs] [Times: user=0.09 sys=0.00, real=0.01 secs] 
2016-09-25T21:28:07.866-0400: 101.632: [GC (GCLocker Initiated GC) [PSYoungGen: 164953K->85622K(175104K)] 638380K->564449K(699392K), 0.0104786 secs] [Times: user=0.15 sys=0.00, real=0.01 secs] 
2016-09-25T21:28:07.943-0400: 101.708: [GC (GCLocker Initiated GC) [PSYoungGen: 173686K->85061K(175104K)] 660666K->574741K(699392K), 0.0074145 secs] [Times: user=0.08 sys=0.00, real=0.00 secs] 
2016-09-25T21:28:08.015-0400: 101.780: [GC (GCLocker Initiated GC) [PSYoungGen: 173125K->85458K(175104K)] 662814K->596747K(699392K), 0.0076098 secs] [Times: user=0.12 sys=0.00, real=0.01 secs] 
2016-09-25T21:28:08.023-0400: 101.788: [Full GC (Ergonomics) [PSYoungGen: 85458K->0K(175104K)] [ParOldGen: 511289K->460546K(524288K)] 596747K->460546K(699392K), [Metaspace: 43855K->43855K(1087488K)], 0.0540893 secs] [Times: user=0.53 sys=0.02, real=0.05 secs] 
2016-09-25T21:28:08.128-0400: 101.893: [GC (GCLocker Initiated GC) [PSYoungGen: 88064K->62157K(175104K)] 548681K->522775K(699392K), 0.0080130 secs] [Times: user=0.12 sys=0.00, real=0.01 secs] 
2016-09-25T21:28:08.206-0400: 101.971: [GC (GCLocker Initiated GC) [PSYoungGen: 150221K->39625K(175104K)] 613570K->502974K(699392K), 0.0100620 secs] [Times: user=0.16 sys=0.00, real=0.01 secs] 
2016-09-25T21:28:08.277-0400: 102.042: [GC (GCLocker Initiated GC) [PSYoungGen: 127689K->40128K(175104K)] 591123K->503562K(699392K), 0.0060215 secs] [Times: user=0.04 sys=0.01, real=0.01 secs] 
2016-09-25T21:28:08.341-0400: 102.106: [GC (GCLocker Initiated GC) [PSYoungGen: 128192K->37915K(175104K)] 596706K->506429K(699392K), 0.0077953 secs] [Times: user=0.09 sys=0.00, real=0.01 secs] 
2016-09-25T21:28:08.406-0400: 102.171: [GC (GCLocker Initiated GC) [PSYoungGen: 125979K->50513K(175104K)] 594651K->519185K(699392K), 0.0082925 secs] [Times: user=0.09 sys=0.01, real=0.00 secs] 
2016-09-25T21:28:08.469-0400: 102.234: [GC (GCLocker Initiated GC) [PSYoungGen: 138577K->59204K(175104K)] 610005K->530632K(699392K), 0.0076086 secs] [Times: user=0.07 sys=0.00, real=0.01 secs] 
2016-09-25T21:28:08.548-0400: 102.314: [GC (GCLocker Initiated GC) [PSYoungGen: 147268K->35489K(175104K)] 628312K->517875K(699392K), 0.0170766 secs] [Times: user=0.20 sys=0.00, real=0.02 secs] 
2016-09-25T21:28:08.632-0400: 102.398: [GC (GCLocker Initiated GC) [PSYoungGen: 123553K->35227K(175104K)] 612767K->528283K(699392K), 0.0118539 secs] [Times: user=0.14 sys=0.00, real=0.02 secs] 
2016-09-25T21:28:08.709-0400: 102.474: [GC (GCLocker Initiated GC) [PSYoungGen: 123291K->57573K(175104K)] 616381K->567991K(699392K), 0.0075133 secs] [Times: user=0.08 sys=0.00, real=0.01 secs] 
2016-09-25T21:28:08.716-0400: 102.481: [Full GC (Ergonomics) [PSYoungGen: 57573K->0K(175104K)] [ParOldGen: 510417K->465495K(524288K)] 567991K->465495K(699392K), [Metaspace: 43855K->43855K(1087488K)], 0.0693311 secs] [Times: user=0.60 sys=0.01, real=0.07 secs] 
2016-09-25T21:28:08.844-0400: 102.609: [GC (GCLocker Initiated GC) [PSYoungGen: 88064K->56689K(175104K)] 556373K->524999K(699392K), 0.0129721 secs] [Times: user=0.16 sys=0.00, real=0.01 secs] 
2016-09-25T21:28:08.918-0400: 102.683: [GC (GCLocker Initiated GC) [PSYoungGen: 144753K->45811K(175104K)] 614219K->528354K(699392K), 0.0114499 secs] [Times: user=0.16 sys=0.00, real=0.01 secs] 
2016-09-25T21:28:08.989-0400: 102.754: [GC (GCLocker Initiated GC) [PSYoungGen: 133875K->47061K(135168K)] 619168K->533061K(659456K), 0.0059441 secs] [Times: user=0.04 sys=0.01, real=0.01 secs] 
2016-09-25T21:28:09.063-0400: 102.828: [GC (GCLocker Initiated GC) [PSYoungGen: 135125K->56513K(177152K)] 626673K->548688K(701440K), 0.0059381 secs] [Times: user=0.07 sys=0.00, real=0.00 secs] 
2016-09-25T21:28:09.149-0400: 102.915: [GC (GCLocker Initiated GC) [PSYoungGen: 147137K->20098K(174592K)] 650182K->537342K(698880K), 0.0136817 secs] [Times: user=0.17 sys=0.00, real=0.02 secs] 
2016-09-25T21:28:09.163-0400: 102.928: [Full GC (Ergonomics) [PSYoungGen: 20098K->0K(174592K)] [ParOldGen: 517244K->468726K(524288K)] 537342K->468726K(698880K), [Metaspace: 43855K->43855K(1087488K)], 0.0503113 secs] [Times: user=0.38 sys=0.00, real=0.04 secs] 
2016-09-25T21:28:09.280-0400: 103.046: [GC (GCLocker Initiated GC) [PSYoungGen: 90624K->69018K(175104K)] 559469K->537863K(699392K), 0.0071148 secs] [Times: user=0.10 sys=0.00, real=0.01 secs] 
2016-09-25T21:28:09.360-0400: 103.126: [GC (GCLocker Initiated GC) [PSYoungGen: 157082K->59249K(175104K)] 626001K->531902K(699392K), 0.0054307 secs] [Times: user=0.08 sys=0.00, real=0.01 secs] 
2016-09-25T21:28:09.428-0400: 103.193: [GC (GCLocker Initiated GC) [PSYoungGen: 147313K->26586K(175104K)] 622909K->532620K(699392K), 0.0068233 secs] [Times: user=0.06 sys=0.00, real=0.01 secs] 
2016-09-25T21:28:09.435-0400: 103.200: [Full GC (Ergonomics) [PSYoungGen: 26586K->0K(175104K)] [ParOldGen: 506034K->473312K(524288K)] 532620K->473312K(699392K), [Metaspace: 43855K->43855K(1087488K)], 0.0523906 secs] [Times: user=0.54 sys=0.01, real=0.05 secs] 
2016-09-25T21:28:09.558-0400: 103.323: [GC (GCLocker Initiated GC) [PSYoungGen: 88064K->40539K(175104K)] 566851K->519327K(699392K), 0.0062626 secs] [Times: user=0.04 sys=0.00, real=0.01 secs] 
2016-09-25T21:28:09.634-0400: 103.399: [GC (GCLocker Initiated GC) [PSYoungGen: 128603K->32157K(174080K)] 610142K->549916K(698368K), 0.0063646 secs] [Times: user=0.08 sys=0.00, real=0.01 secs] 
2016-09-25T21:28:09.640-0400: 103.405: [Full GC (Ergonomics) [PSYoungGen: 32157K->0K(174080K)] [ParOldGen: 517759K->430555K(524288K)] 549916K->430555K(698368K), [Metaspace: 43855K->43855K(1087488K)], 0.0674274 secs] [Times: user=0.75 sys=0.00, real=0.07 secs] 
2016-09-25T21:28:09.770-0400: 103.535: [GC (GCLocker Initiated GC) [PSYoungGen: 88064K->57253K(174592K)] 521554K->490743K(698880K), 0.0053841 secs] [Times: user=0.07 sys=0.00, real=0.01 secs] 
2016-09-25T21:28:09.860-0400: 103.625: [GC (GCLocker Initiated GC) [PSYoungGen: 145317K->44606K(169472K)] 581540K->480828K(693760K), 0.0061309 secs] [Times: user=0.07 sys=0.00, real=0.01 secs] 
2016-09-25T21:28:09.926-0400: 103.692: [GC (GCLocker Initiated GC) [PSYoungGen: 133694K->57351K(172544K)] 572861K->496519K(696832K), 0.0065798 secs] [Times: user=0.07 sys=0.00, real=0.00 secs] 
2016-09-25T21:28:10.018-0400: 103.783: [GC (Allocation Failure) [PSYoungGen: 146439K->32604K(176640K)] 599288K->485453K(700928K), 0.0081156 secs] [Times: user=0.08 sys=0.00, real=0.01 secs] 
2016-09-25T21:28:10.097-0400: 103.862: [GC (GCLocker Initiated GC) [PSYoungGen: 127836K->38482K(177664K)] 580752K->491398K(701952K), 0.0196615 secs] [Times: user=0.18 sys=0.01, real=0.02 secs] 
2016-09-25T21:28:10.193-0400: 103.958: [GC (GCLocker Initiated GC) [PSYoungGen: 133714K->48776K(176640K)] 590738K->505801K(700928K), 0.0100214 secs] [Times: user=0.12 sys=0.01, real=0.02 secs] 
2016-09-25T21:28:10.280-0400: 104.045: [GC (GCLocker Initiated GC) [PSYoungGen: 148104K->55024K(177664K)] 616155K->523075K(701952K), 0.0117239 secs] [Times: user=0.16 sys=0.00, real=0.01 secs] 
2016-09-25T21:28:10.364-0400: 104.130: [GC (GCLocker Initiated GC) [PSYoungGen: 154352K->39311K(180224K)] 624911K->509871K(704512K), 0.0064391 secs] [Times: user=0.05 sys=0.00, real=0.00 secs] 
2016-09-25T21:28:10.458-0400: 104.224: [GC (GCLocker Initiated GC) [PSYoungGen: 145295K->67503K(173568K)] 618953K->541160K(697856K), 0.0070821 secs] [Times: user=0.09 sys=0.00, real=0.01 secs] 
2016-09-25T21:28:10.535-0400: 104.301: [GC (GCLocker Initiated GC) [PSYoungGen: 173487K->80198K(169472K)] 647179K->553889K(693760K), 0.0127533 secs] [Times: user=0.15 sys=0.01, real=0.01 secs] 
2016-09-25T21:28:10.612-0400: 104.377: [GC (GCLocker Initiated GC) [PSYoungGen: 168262K->71223K(175104K)] 644765K->549172K(699392K), 0.0101386 secs] [Times: user=0.12 sys=0.00, real=0.02 secs] 
2016-09-25T21:28:10.692-0400: 104.457: [GC (GCLocker Initiated GC) [PSYoungGen: 159287K->63609K(175104K)] 644071K->549972K(699392K), 0.0196054 secs] [Times: user=0.27 sys=0.00, real=0.02 secs] 
2016-09-25T21:28:10.782-0400: 104.548: [GC (GCLocker Initiated GC) [PSYoungGen: 151673K->55934K(175104K)] 650222K->556135K(699392K), 0.0122295 secs] [Times: user=0.14 sys=0.00, real=0.01 secs] 
2016-09-25T21:28:10.851-0400: 104.617: [GC (GCLocker Initiated GC) [PSYoungGen: 143998K->74030K(175104K)] 648577K->582820K(699392K), 0.0076120 secs] [Times: user=0.08 sys=0.00, real=0.01 secs] 
2016-09-25T21:28:10.859-0400: 104.624: [Full GC (Ergonomics) [PSYoungGen: 74030K->0K(175104K)] [ParOldGen: 508789K->441989K(524288K)] 582820K->441989K(699392K), [Metaspace: 43855K->43855K(1087488K)], 0.0646400 secs] [Times: user=0.49 sys=0.01, real=0.07 secs] 
2016-09-25T21:28:10.990-0400: 104.755: [GC (Allocation Failure) [PSYoungGen: 88064K->50057K(175104K)] 535534K->497528K(699392K), 0.0052460 secs] [Times: user=0.06 sys=0.00, real=0.01 secs] 
2016-09-25T21:28:10.996-0400: 104.761: [GC (GCLocker Initiated GC) [PSYoungGen: 50580K->49961K(175104K)] 498051K->497432K(699392K), 0.0051963 secs] [Times: user=0.07 sys=0.00, real=0.00 secs] 
2016-09-25T21:28:11.071-0400: 104.837: [GC (GCLocker Initiated GC) [PSYoungGen: 136485K->37010K(175104K)] 586656K->487181K(699392K), 0.0057959 secs] [Times: user=0.05 sys=0.01, real=0.01 secs] 
2016-09-25T21:28:11.150-0400: 104.915: [GC (GCLocker Initiated GC) [PSYoungGen: 125074K->58706K(174080K)] 580683K->515280K(698368K), 0.0219829 secs] [Times: user=0.29 sys=0.00, real=0.02 secs] 
2016-09-25T21:28:11.242-0400: 105.007: [GC (GCLocker Initiated GC) [PSYoungGen: 146770K->55907K(144384K)] 611624K->521462K(668672K), 0.0067273 secs] [Times: user=0.07 sys=0.00, real=0.00 secs] 
2016-09-25T21:28:11.326-0400: 105.091: [GC (GCLocker Initiated GC) [PSYoungGen: 143971K->32313K(172544K)] 612235K->529122K(696832K), 0.0064731 secs] [Times: user=0.08 sys=0.00, real=0.00 secs] 
2016-09-25T21:28:11.391-0400: 105.156: [GC (GCLocker Initiated GC) [PSYoungGen: 120889K->40173K(173568K)] 620529K->540583K(697856K), 0.0139261 secs] [Times: user=0.18 sys=0.00, real=0.02 secs] 
2016-09-25T21:28:11.480-0400: 105.245: [Full GC (Ergonomics) [PSYoungGen: 128749K->0K(173568K)] [ParOldGen: 508857K->432760K(524288K)] 637606K->432760K(697856K), [Metaspace: 43856K->43856K(1087488K)], 0.1129536 secs] [Times: user=1.25 sys=0.02, real=0.11 secs] 
2016-09-25T21:28:11.656-0400: 105.421: [GC (GCLocker Initiated GC) [PSYoungGen: 88576K->67796K(172544K)] 526791K->506012K(696832K), 0.0075572 secs] [Times: user=0.09 sys=0.00, real=0.01 secs] 
2016-09-25T21:28:11.748-0400: 105.513: [GC (GCLocker Initiated GC) [PSYoungGen: 156884K->14750K(103936K)] 604633K->489227K(628224K), 0.0105407 secs] [Times: user=0.11 sys=0.00, real=0.01 secs] 
2016-09-25T21:28:11.833-0400: 105.598: [GC (GCLocker Initiated GC) [PSYoungGen: 103838K->40562K(175104K)] 582394K->520065K(699392K), 0.0078459 secs] [Times: user=0.11 sys=0.01, real=0.01 secs] 
2016-09-25T21:28:11.907-0400: 105.672: [GC (GCLocker Initiated GC) [PSYoungGen: 128626K->42541K(131072K)] 610924K->524839K(655360K), 0.0070124 secs] [Times: user=0.07 sys=0.00, real=0.00 secs] 
2016-09-25T21:28:11.999-0400: 105.764: [GC (GCLocker Initiated GC) [PSYoungGen: 130605K->37784K(174080K)] 618325K->525505K(698368K), 0.0067218 secs] [Times: user=0.07 sys=0.00, real=0.01 secs] 
2016-09-25T21:28:12.071-0400: 105.836: [GC (GCLocker Initiated GC) [PSYoungGen: 127896K->50427K(172032K)] 618401K->540932K(696320K), 0.0125993 secs] [Times: user=0.10 sys=0.01, real=0.02 secs] 
2016-09-25T21:28:12.145-0400: 105.911: [GC (GCLocker Initiated GC) [PSYoungGen: 140539K->62004K(173568K)] 633799K->555264K(697856K), 0.0073660 secs] [Times: user=0.07 sys=0.00, real=0.00 secs] 
2016-09-25T21:28:12.225-0400: 105.990: [GC (GCLocker Initiated GC) [PSYoungGen: 155700K->50596K(176128K)] 651804K->546701K(700416K), 0.0151446 secs] [Times: user=0.16 sys=0.00, real=0.01 secs] 
2016-09-25T21:28:12.312-0400: 106.077: [GC (GCLocker Initiated GC) [PSYoungGen: 144292K->78288K(167936K)] 643230K->585326K(692224K), 0.0122113 secs] [Times: user=0.18 sys=0.00, real=0.02 secs] 
2016-09-25T21:28:12.324-0400: 106.089: [Full GC (Ergonomics) [PSYoungGen: 78288K->0K(167936K)] [ParOldGen: 507037K->444530K(524288K)] 585326K->444530K(692224K), [Metaspace: 43856K->43856K(1087488K)], 0.0499965 secs] [Times: user=0.41 sys=0.00, real=0.04 secs] 
2016-09-25T21:28:12.438-0400: 106.204: [GC (GCLocker Initiated GC) [PSYoungGen: 88064K->63705K(175104K)] 535381K->511023K(699392K), 0.0100888 secs] [Times: user=0.15 sys=0.01, real=0.01 secs] 
2016-09-25T21:28:12.522-0400: 106.287: [GC (GCLocker Initiated GC) [PSYoungGen: 151769K->54843K(172032K)] 605915K->508989K(696320K), 0.0049598 secs] [Times: user=0.06 sys=0.00, real=0.01 secs] 
2016-09-25T21:28:12.589-0400: 106.354: [GC (GCLocker Initiated GC) [PSYoungGen: 142907K->64961K(173568K)] 602619K->524673K(697856K), 0.0062590 secs] [Times: user=0.08 sys=0.00, real=0.01 secs] 
2016-09-25T21:28:12.672-0400: 106.437: [GC (GCLocker Initiated GC) [PSYoungGen: 153025K->61504K(175616K)] 618331K->526811K(699904K), 0.0159810 secs] [Times: user=0.22 sys=0.00, real=0.02 secs] 
2016-09-25T21:28:12.748-0400: 106.513: [GC (GCLocker Initiated GC) [PSYoungGen: 150080K->67621K(175104K)] 615778K->533319K(699392K), 0.0062550 secs] [Times: user=0.08 sys=0.00, real=0.01 secs] 
2016-09-25T21:28:12.820-0400: 106.585: [GC (GCLocker Initiated GC) [PSYoungGen: 156197K->69379K(175104K)] 624797K->537979K(699392K), 0.0061176 secs] [Times: user=0.08 sys=0.00, real=0.01 secs] 
2016-09-25T21:28:12.903-0400: 106.668: [GC (GCLocker Initiated GC) [PSYoungGen: 157443K->57537K(145920K)] 632859K->550860K(670208K), 0.0078991 secs] [Times: user=0.08 sys=0.01, real=0.00 secs] 
2016-09-25T21:28:12.977-0400: 106.743: [GC (GCLocker Initiated GC) [PSYoungGen: 145601K->62175K(175616K)] 639020K->555594K(699904K), 0.0076463 secs] [Times: user=0.07 sys=0.01, real=0.01 secs] 
2016-09-25T21:28:13.064-0400: 106.829: [GC (GCLocker Initiated GC) [PSYoungGen: 151263K->72274K(174592K)] 652847K->573859K(698880K), 0.0077050 secs] [Times: user=0.08 sys=0.00, real=0.00 secs] 
2016-09-25T21:28:13.147-0400: 106.912: [GC (GCLocker Initiated GC) [PSYoungGen: 161362K->52584K(175616K)] 665725K->571781K(699904K), 0.0126126 secs] [Times: user=0.14 sys=0.00, real=0.01 secs] 
2016-09-25T21:28:13.160-0400: 106.925: [Full GC (Ergonomics) [PSYoungGen: 52584K->0K(175616K)] [ParOldGen: 519196K->446577K(524288K)] 571781K->446577K(699904K), [Metaspace: 43858K->43858K(1087488K)], 0.0572155 secs] [Times: user=0.49 sys=0.01, real=0.06 secs] 
2016-09-25T21:28:13.289-0400: 107.054: [GC (GCLocker Initiated GC) [PSYoungGen: 89088K->57797K(146944K)] 535851K->504561K(671232K), 0.0264506 secs] [Times: user=0.37 sys=0.00, real=0.03 secs] 
2016-09-25T21:28:13.390-0400: 107.155: [GC (GCLocker Initiated GC) [PSYoungGen: 146885K->47679K(173568K)] 596565K->497359K(697856K), 0.0057381 secs] [Times: user=0.06 sys=0.00, real=0.01 secs] 
2016-09-25T21:28:13.458-0400: 107.223: [GC (GCLocker Initiated GC) [PSYoungGen: 137791K->82050K(173056K)] 587720K->537379K(697344K), 0.0102590 secs] [Times: user=0.15 sys=0.01, real=0.01 secs] 
2016-09-25T21:28:13.540-0400: 107.305: [GC (GCLocker Initiated GC) [PSYoungGen: 172162K->63830K(175104K)] 634596K->526265K(699392K), 0.0068423 secs] [Times: user=0.10 sys=0.00, real=0.01 secs] 
2016-09-25T21:28:13.607-0400: 107.372: [GC (GCLocker Initiated GC) [PSYoungGen: 151894K->58389K(146944K)] 614606K->543398K(671232K), 0.0076088 secs] [Times: user=0.08 sys=0.00, real=0.01 secs] 
2016-09-25T21:28:13.691-0400: 107.457: [GC (GCLocker Initiated GC) [PSYoungGen: 146453K->47574K(173568K)] 638279K->550958K(697856K), 0.0103276 secs] [Times: user=0.14 sys=0.00, real=0.01 secs] 
2016-09-25T21:28:13.702-0400: 107.467: [Full GC (Ergonomics) [PSYoungGen: 47574K->0K(173568K)] [ParOldGen: 503384K->451598K(524288K)] 550958K->451598K(697856K), [Metaspace: 43858K->43858K(1087488K)], 0.0650125 secs] [Times: user=0.64 sys=0.00, real=0.07 secs] 
2016-09-25T21:28:13.826-0400: 107.591: [GC (Allocation Failure) [PSYoungGen: 88064K->44479K(173568K)] 542518K->498934K(697856K), 0.0093348 secs] [Times: user=0.11 sys=0.00, real=0.01 secs] 
2016-09-25T21:28:13.836-0400: 107.601: [GC (GCLocker Initiated GC) [PSYoungGen: 44635K->52707K(174080K)] 499089K->507162K(698368K), 0.0061867 secs] [Times: user=0.07 sys=0.00, real=0.01 secs] 
2016-09-25T21:28:13.924-0400: 107.689: [GC (GCLocker Initiated GC) [PSYoungGen: 144173K->35931K(175104K)] 604027K->495785K(699392K), 0.0116293 secs] [Times: user=0.11 sys=0.00, real=0.01 secs] 
2016-09-25T21:28:14.015-0400: 107.780: [GC (GCLocker Initiated GC) [PSYoungGen: 127579K->39814K(178176K)] 594295K->508866K(702464K), 0.0052045 secs] [Times: user=0.07 sys=0.00, real=0.00 secs] 
2016-09-25T21:28:14.097-0400: 107.862: [GC (GCLocker Initiated GC) [PSYoungGen: 134022K->41231K(135680K)] 615347K->523358K(659968K), 0.0080277 secs] [Times: user=0.10 sys=0.00, real=0.01 secs] 
2016-09-25T21:28:14.178-0400: 107.943: [GC (GCLocker Initiated GC) [PSYoungGen: 135439K->38901K(178176K)] 620330K->528168K(702464K), 0.0097515 secs] [Times: user=0.09 sys=0.01, real=0.01 secs] 
2016-09-25T21:28:14.262-0400: 108.027: [GC (GCLocker Initiated GC) [PSYoungGen: 134133K->44471K(177152K)] 626148K->561559K(701440K), 0.0067981 secs] [Times: user=0.08 sys=0.01, real=0.01 secs] 
2016-09-25T21:28:14.269-0400: 108.034: [Full GC (Ergonomics) [PSYoungGen: 44471K->0K(177152K)] [ParOldGen: 517087K->458636K(524288K)] 561559K->458636K(701440K), [Metaspace: 43858K->43858K(1087488K)], 0.0605701 secs] [Times: user=0.50 sys=0.00, real=0.06 secs] 
2016-09-25T21:28:14.411-0400: 108.177: [GC (GCLocker Initiated GC) [PSYoungGen: 95232K->54301K(178176K)] 554162K->513231K(702464K), 0.0147389 secs] [Times: user=0.21 sys=0.00, real=0.02 secs] 
2016-09-25T21:28:14.505-0400: 108.270: [GC (GCLocker Initiated GC) [PSYoungGen: 152605K->44439K(177152K)] 619873K->523734K(701440K), 0.0126341 secs] [Times: user=0.18 sys=0.00, real=0.01 secs] 
2016-09-25T21:28:14.602-0400: 108.367: [GC (GCLocker Initiated GC) [PSYoungGen: 142743K->36219K(180224K)] 630207K->524434K(704512K), 0.0294539 secs] [Times: user=0.35 sys=0.00, real=0.03 secs] 
2016-09-25T21:28:14.710-0400: 108.476: [GC (GCLocker Initiated GC) [PSYoungGen: 139643K->49812K(180224K)] 630666K->541673K(704512K), 0.0093527 secs] [Times: user=0.10 sys=0.00, real=0.01 secs] 
2016-09-25T21:28:14.796-0400: 108.562: [GC (GCLocker Initiated GC) [PSYoungGen: 153236K->40506K(183808K)] 647839K->546705K(708096K), 0.0179920 secs] [Times: user=0.22 sys=0.00, real=0.02 secs] 
2016-09-25T21:28:14.815-0400: 108.580: [Full GC (Ergonomics) [PSYoungGen: 40506K->0K(183808K)] [ParOldGen: 506198K->450624K(524288K)] 546705K->450624K(708096K), [Metaspace: 43859K->43859K(1087488K)], 0.0719677 secs] [Times: user=0.77 sys=0.00, real=0.07 secs] 
2016-09-25T21:28:14.978-0400: 108.743: [GC (GCLocker Initiated GC) [PSYoungGen: 109568K->54356K(182784K)] 562972K->507760K(707072K), 0.0072092 secs] [Times: user=0.08 sys=0.00, real=0.01 secs] 
2016-09-25T21:28:15.069-0400: 108.834: [GC (GCLocker Initiated GC) [PSYoungGen: 163924K->26685K(186880K)] 621414K->485336K(711168K), 0.0139949 secs] [Times: user=0.14 sys=0.00, real=0.02 secs] 
2016-09-25T21:28:15.177-0400: 108.942: [GC (GCLocker Initiated GC) [PSYoungGen: 140349K->28300K(142336K)] 607114K->509384K(666624K), 0.0088715 secs] [Times: user=0.11 sys=0.01, real=0.01 secs] 
2016-09-25T21:28:15.278-0400: 109.043: [GC (GCLocker Initiated GC) [PSYoungGen: 141964K->41903K(189952K)] 631232K->531999K(714240K), 0.0098660 secs] [Times: user=0.12 sys=0.00, real=0.01 secs] 
2016-09-25T21:28:15.376-0400: 109.141: [GC (GCLocker Initiated GC) [PSYoungGen: 157103K->52654K(187392K)] 647259K->543733K(711680K), 0.0135922 secs] [Times: user=0.17 sys=0.00, real=0.01 secs] 
2016-09-25T21:28:15.482-0400: 109.248: [GC (GCLocker Initiated GC) [PSYoungGen: 167854K->36352K(188416K)] 667072K->536429K(712704K), 0.0100160 secs] [Times: user=0.10 sys=0.00, real=0.00 secs] 
2016-09-25T21:28:15.577-0400: 109.342: [GC (GCLocker Initiated GC) [PSYoungGen: 152576K->70051K(186368K)] 652737K->579269K(710656K), 0.0144785 secs] [Times: user=0.20 sys=0.00, real=0.01 secs] 
2016-09-25T21:28:15.591-0400: 109.357: [Full GC (Ergonomics) [PSYoungGen: 70051K->0K(186368K)] [ParOldGen: 509217K->453261K(524288K)] 579269K->453261K(710656K), [Metaspace: 43859K->43859K(1087488K)], 0.0660119 secs] [Times: user=0.49 sys=0.02, real=0.07 secs] 
2016-09-25T21:28:15.734-0400: 109.499: [GC (GCLocker Initiated GC) [PSYoungGen: 116224K->34827K(184320K)] 569529K->488133K(708608K), 0.0252464 secs] [Times: user=0.27 sys=0.00, real=0.03 secs] 
2016-09-25T21:28:15.855-0400: 109.620: [GC (GCLocker Initiated GC) [PSYoungGen: 143371K->30701K(185344K)] 599425K->514618K(709632K), 0.0090101 secs] [Times: user=0.09 sys=0.00, real=0.01 secs] 
2016-09-25T21:28:15.953-0400: 109.718: [GC (GCLocker Initiated GC) [PSYoungGen: 139245K->36336K(181760K)] 631343K->542634K(706048K), 0.0092496 secs] [Times: user=0.11 sys=0.00, real=0.01 secs] 
2016-09-25T21:28:15.962-0400: 109.727: [Full GC (Ergonomics) [PSYoungGen: 36336K->0K(181760K)] [ParOldGen: 506298K->457886K(524288K)] 542634K->457886K(706048K), [Metaspace: 43863K->43863K(1087488K)], 0.0511000 secs] [Times: user=0.45 sys=0.00, real=0.05 secs] 
2016-09-25T21:28:16.105-0400: 109.870: [GC (GCLocker Initiated GC) [PSYoungGen: 109056K->55319K(183808K)] 567027K->513291K(708096K), 0.0138414 secs] [Times: user=0.17 sys=0.00, real=0.01 secs] 
2016-09-25T21:28:16.186-0400: 109.951: [GC (GCLocker Initiated GC) [PSYoungGen: 164375K->58525K(182272K)] 622462K->516611K(706560K), 0.0097382 secs] [Times: user=0.10 sys=0.00, real=0.01 secs] 
2016-09-25T21:28:16.277-0400: 110.042: [GC (GCLocker Initiated GC) [PSYoungGen: 165021K->38310K(184320K)] 631295K->518886K(708608K), 0.0062401 secs] [Times: user=0.07 sys=0.01, real=0.01 secs] 
2016-09-25T21:28:16.372-0400: 110.137: [GC (GCLocker Initiated GC) [PSYoungGen: 144806K->64606K(177664K)] 628181K->547982K(701952K), 0.0090701 secs] [Times: user=0.08 sys=0.00, real=0.01 secs] 
2016-09-25T21:28:16.466-0400: 110.231: [GC (GCLocker Initiated GC) [PSYoungGen: 165982K->67997K(169472K)] 652111K->554126K(693760K), 0.0069758 secs] [Times: user=0.07 sys=0.01, real=0.00 secs] 
2016-09-25T21:28:16.545-0400: 110.310: [GC (GCLocker Initiated GC) [PSYoungGen: 169373K->82139K(172544K)] 658264K->579130K(696832K), 0.0077500 secs] [Times: user=0.09 sys=0.01, real=0.00 secs] 
2016-09-25T21:28:16.625-0400: 110.390: [Full GC (Ergonomics) [PSYoungGen: 170203K->0K(172544K)] [ParOldGen: 512041K->464922K(524288K)] 682245K->464922K(696832K), [Metaspace: 43863K->43863K(1087488K)], 0.0680003 secs] [Times: user=0.46 sys=0.02, real=0.06 secs] 
2016-09-25T21:28:16.766-0400: 110.532: [GC (GCLocker Initiated GC) [PSYoungGen: 88064K->36337K(175104K)] 555856K->504130K(699392K), 0.0060927 secs] [Times: user=0.05 sys=0.00, real=0.00 secs] 
2016-09-25T21:28:16.849-0400: 110.615: [GC (GCLocker Initiated GC) [PSYoungGen: 124401K->32765K(175104K)] 599062K->507426K(699392K), 0.0054552 secs] [Times: user=0.05 sys=0.00, real=0.01 secs] 
2016-09-25T21:28:16.921-0400: 110.687: [GC (GCLocker Initiated GC) [PSYoungGen: 120829K->54364K(175104K)] 595507K->529912K(699392K), 0.0102024 secs] [Times: user=0.15 sys=0.00, real=0.01 secs] 
2016-09-25T21:28:17.009-0400: 110.774: [GC (GCLocker Initiated GC) [PSYoungGen: 142428K->44329K(173056K)] 627507K->530673K(697344K), 0.0112304 secs] [Times: user=0.10 sys=0.00, real=0.01 secs] 
2016-09-25T21:28:17.093-0400: 110.858: [GC (GCLocker Initiated GC) [PSYoungGen: 132393K->42255K(174080K)] 618764K->528626K(698368K), 0.0059657 secs] [Times: user=0.05 sys=0.01, real=0.01 secs] 
2016-09-25T21:28:17.178-0400: 110.943: [GC (GCLocker Initiated GC) [PSYoungGen: 130319K->37224K(174592K)] 624940K->531844K(698880K), 0.0098368 secs] [Times: user=0.09 sys=0.01, real=0.01 secs] 
2016-09-25T21:28:17.279-0400: 111.044: [GC (GCLocker Initiated GC) [PSYoungGen: 129896K->37731K(174592K)] 627284K->535119K(698880K), 0.0086485 secs] [Times: user=0.08 sys=0.01, real=0.01 secs] 
2016-09-25T21:28:17.351-0400: 111.116: [GC (GCLocker Initiated GC) [PSYoungGen: 130403K->58715K(176640K)] 630644K->558956K(700928K), 0.0071620 secs] [Times: user=0.08 sys=0.00, real=0.01 secs] 
2016-09-25T21:28:17.425-0400: 111.190: [GC (GCLocker Initiated GC) [PSYoungGen: 155483K->52475K(178176K)] 658481K->555481K(702464K), 0.0073518 secs] [Times: user=0.06 sys=0.01, real=0.00 secs] 
2016-09-25T21:28:17.506-0400: 111.271: [GC (Allocation Failure) [PSYoungGen: 149243K->40800K(176640K)] 655023K->546580K(700928K), 0.0094420 secs] [Times: user=0.08 sys=0.01, real=0.01 secs] 
2016-09-25T21:28:17.516-0400: 111.281: [GC (GCLocker Initiated GC) [PSYoungGen: 41483K->54557K(178688K)] 547262K->560336K(702976K), 0.0062567 secs] [Times: user=0.07 sys=0.00, real=0.01 secs] 
2016-09-25T21:28:17.597-0400: 111.362: [Full GC (Ergonomics) [PSYoungGen: 154191K->0K(178688K)] [ParOldGen: 511179K->459966K(524288K)] 665370K->459966K(702976K), [Metaspace: 43866K->43866K(1087488K)], 0.0733820 secs] [Times: user=0.70 sys=0.00, real=0.07 secs] 
2016-09-25T21:28:17.750-0400: 111.516: [GC (GCLocker Initiated GC) [PSYoungGen: 100864K->58142K(182784K)] 560878K->518157K(707072K), 0.0059271 secs] [Times: user=0.08 sys=0.00, real=0.01 secs] 
2016-09-25T21:28:17.839-0400: 111.605: [GC (GCLocker Initiated GC) [PSYoungGen: 163614K->72414K(178176K)] 625030K->533830K(702464K), 0.0144216 secs] [Times: user=0.20 sys=0.01, real=0.01 secs] 
2016-09-25T21:28:17.938-0400: 111.703: [GC (GCLocker Initiated GC) [PSYoungGen: 177886K->67718K(172032K)] 646162K->535994K(696320K), 0.0068345 secs] [Times: user=0.08 sys=0.01, real=0.01 secs] 
2016-09-25T21:28:18.016-0400: 111.781: [GC (GCLocker Initiated GC) [PSYoungGen: 155782K->70792K(175104K)] 624154K->539164K(699392K), 0.0087360 secs] [Times: user=0.08 sys=0.00, real=0.01 secs] 
2016-09-25T21:28:18.097-0400: 111.862: [GC (GCLocker Initiated GC) [PSYoungGen: 158856K->48402K(175104K)] 640736K->546785K(699392K), 0.0139849 secs] [Times: user=0.06 sys=0.02, real=0.01 secs] 
2016-09-25T21:28:18.169-0400: 111.934: [GC (GCLocker Initiated GC) [PSYoungGen: 136466K->66667K(175104K)] 634927K->585354K(699392K), 0.0071036 secs] [Times: user=0.10 sys=0.00, real=0.01 secs] 
2016-09-25T21:28:18.176-0400: 111.941: [Full GC (Ergonomics) [PSYoungGen: 66667K->0K(175104K)] [ParOldGen: 518687K->463791K(524288K)] 585354K->463791K(699392K), [Metaspace: 43868K->43868K(1087488K)], 0.0710948 secs] [Times: user=0.58 sys=0.00, real=0.07 secs] 
2016-09-25T21:28:18.331-0400: 112.096: [GC (GCLocker Initiated GC) [PSYoungGen: 88064K->49861K(174080K)] 551889K->513686K(698368K), 0.0141654 secs] [Times: user=0.13 sys=0.00, real=0.02 secs] 
2016-09-25T21:28:18.420-0400: 112.185: [GC (GCLocker Initiated GC) [PSYoungGen: 137925K->24196K(174592K)] 607279K->502655K(698880K), 0.0197113 secs] [Times: user=0.24 sys=0.01, real=0.02 secs] 
2016-09-25T21:28:18.514-0400: 112.279: [GC (GCLocker Initiated GC) [PSYoungGen: 112258K->44385K(174080K)] 594334K->538011K(698368K), 0.0094708 secs] [Times: user=0.12 sys=0.01, real=0.01 secs] 
2016-09-25T21:28:18.593-0400: 112.358: [GC (GCLocker Initiated GC) [PSYoungGen: 132961K->49642K(138240K)] 626669K->543943K(662528K), 0.0087884 secs] [Times: user=0.11 sys=0.01, real=0.01 secs] 
2016-09-25T21:28:18.667-0400: 112.432: [GC (GCLocker Initiated GC) [PSYoungGen: 138218K->38805K(174592K)] 637974K->560772K(698880K), 0.0083886 secs] [Times: user=0.09 sys=0.00, real=0.01 secs] 
2016-09-25T21:28:18.675-0400: 112.441: [Full GC (Ergonomics) [PSYoungGen: 38805K->0K(174592K)] [ParOldGen: 521966K->469392K(524288K)] 560772K->469392K(698880K), [Metaspace: 43868K->43868K(1087488K)], 0.0503767 secs] [Times: user=0.39 sys=0.00, real=0.05 secs] 
2016-09-25T21:28:18.815-0400: 112.580: [GC (GCLocker Initiated GC) [PSYoungGen: 91648K->47351K(173568K)] 561418K->517122K(697856K), 0.0061835 secs] [Times: user=0.06 sys=0.00, real=0.00 secs] 
2016-09-25T21:28:18.899-0400: 112.664: [GC (GCLocker Initiated GC) [PSYoungGen: 138999K->38793K(177152K)] 616891K->517618K(701440K), 0.0052594 secs] [Times: user=0.05 sys=0.00, real=0.01 secs] 
2016-09-25T21:28:18.984-0400: 112.749: [GC (GCLocker Initiated GC) [PSYoungGen: 137097K->40981K(176128K)] 618670K->522554K(700416K), 0.0060671 secs] [Times: user=0.05 sys=0.00, real=0.00 secs] 
2016-09-25T21:28:19.059-0400: 112.825: [GC (GCLocker Initiated GC) [PSYoungGen: 139285K->45574K(180736K)] 620890K->527180K(705024K), 0.0057499 secs] [Times: user=0.05 sys=0.00, real=0.01 secs] 
2016-09-25T21:28:19.137-0400: 112.902: [GC (GCLocker Initiated GC) [PSYoungGen: 153094K->57173K(181248K)] 640139K->544218K(705536K), 0.0122220 secs] [Times: user=0.08 sys=0.01, real=0.01 secs] 
2016-09-25T21:28:19.249-0400: 113.014: [GC (Allocation Failure) [PSYoungGen: 164693K->37017K(187904K)] 654568K->527543K(712192K), 0.0083043 secs] [Times: user=0.06 sys=0.01, real=0.01 secs] 
2016-09-25T21:28:19.258-0400: 113.023: [GC (GCLocker Initiated GC) [PSYoungGen: 37392K->47759K(161280K)] 527918K->538285K(685568K), 0.0071206 secs] [Times: user=0.07 sys=0.01, real=0.01 secs] 
2016-09-25T21:28:19.345-0400: 113.111: [GC (GCLocker Initiated GC) [PSYoungGen: 160911K->21761K(182784K)] 651438K->529901K(707072K), 0.0161052 secs] [Times: user=0.19 sys=0.00, real=0.01 secs] 
2016-09-25T21:28:19.362-0400: 113.127: [Full GC (Ergonomics) [PSYoungGen: 21761K->0K(182784K)] [ParOldGen: 508139K->460844K(524288K)] 529901K->460844K(707072K), [Metaspace: 43868K->43868K(1087488K)], 0.0680970 secs] [Times: user=0.60 sys=0.01, real=0.07 secs] 
2016-09-25T21:28:19.502-0400: 113.267: [GC (GCLocker Initiated GC) [PSYoungGen: 111104K->56992K(184832K)] 577380K->523269K(709120K), 0.0069324 secs] [Times: user=0.04 sys=0.02, real=0.01 secs] 
2016-09-25T21:28:19.611-0400: 113.376: [GC (GCLocker Initiated GC) [PSYoungGen: 168096K->34788K(187392K)] 641258K->507950K(711680K), 0.0064606 secs] [Times: user=0.08 sys=0.00, real=0.01 secs] 
2016-09-25T21:28:19.696-0400: 113.462: [GC (GCLocker Initiated GC) [PSYoungGen: 147428K->45844K(158720K)] 623361K->523793K(683008K), 0.0053921 secs] [Times: user=0.06 sys=0.00, real=0.00 secs] 
2016-09-25T21:28:19.795-0400: 113.560: [GC (GCLocker Initiated GC) [PSYoungGen: 158484K->42070K(186880K)] 640571K->541212K(711168K), 0.0078424 secs] [Times: user=0.07 sys=0.02, real=0.01 secs] 
2016-09-25T21:28:19.902-0400: 113.667: [Full GC (Ergonomics) [PSYoungGen: 157270K->0K(186880K)] [ParOldGen: 504633K->460784K(524288K)] 661904K->460784K(711168K), [Metaspace: 43868K->43868K(1087488K)], 0.0779206 secs] [Times: user=0.77 sys=0.01, real=0.08 secs] 
2016-09-25T21:28:20.079-0400: 113.844: [GC (GCLocker Initiated GC) [PSYoungGen: 115200K->42120K(184832K)] 581430K->508350K(709120K), 0.0101304 secs] [Times: user=0.15 sys=0.00, real=0.01 secs] 
2016-09-25T21:28:20.176-0400: 113.942: [GC (GCLocker Initiated GC) [PSYoungGen: 157320K->44631K(190464K)] 626346K->514806K(714752K), 0.0061026 secs] [Times: user=0.05 sys=0.00, real=0.01 secs] 
2016-09-25T21:28:20.270-0400: 114.035: [GC (GCLocker Initiated GC) [PSYoungGen: 167511K->60407K(188416K)] 637738K->530634K(712704K), 0.0092980 secs] [Times: user=0.10 sys=0.01, real=0.01 secs] 
2016-09-25T21:28:20.368-0400: 114.134: [GC (GCLocker Initiated GC) [PSYoungGen: 183287K->49065K(194048K)] 659017K->524795K(718336K), 0.0230037 secs] [Times: user=0.26 sys=0.00, real=0.02 secs] 
2016-09-25T21:28:20.496-0400: 114.262: [GC (GCLocker Initiated GC) [PSYoungGen: 173993K->54376K(193024K)] 649814K->531156K(717312K), 0.0071839 secs] [Times: user=0.07 sys=0.00, real=0.01 secs] 
2016-09-25T21:28:20.595-0400: 114.360: [GC (GCLocker Initiated GC) [PSYoungGen: 179304K->58466K(189440K)] 658939K->539011K(713728K), 0.0101160 secs] [Times: user=0.13 sys=0.00, real=0.01 secs] 
2016-09-25T21:28:20.704-0400: 114.469: [GC (GCLocker Initiated GC) [PSYoungGen: 179298K->51875K(191488K)] 662585K->536090K(715776K), 0.0224172 secs] [Times: user=0.25 sys=0.00, real=0.02 secs] 
2016-09-25T21:28:20.838-0400: 114.603: [GC (GCLocker Initiated GC) [PSYoungGen: 172707K->39757K(188928K)] 662568K->541304K(713216K), 0.0061561 secs] [Times: user=0.06 sys=0.00, real=0.01 secs] 
2016-09-25T21:28:20.936-0400: 114.701: [GC (GCLocker Initiated GC) [PSYoungGen: 161101K->57422K(190464K)] 665452K->562635K(714752K), 0.0065399 secs] [Times: user=0.05 sys=0.00, real=0.01 secs] 
2016-09-25T21:28:21.035-0400: 114.800: [GC (GCLocker Initiated GC) [PSYoungGen: 178766K->54170K(191488K)] 684164K->559568K(715776K), 0.0094798 secs] [Times: user=0.09 sys=0.01, real=0.01 secs] 
2016-09-25T21:28:21.128-0400: 114.893: [GC (GCLocker Initiated GC) [PSYoungGen: 175002K->52120K(173056K)] 680446K->557564K(697344K), 0.0070239 secs] [Times: user=0.06 sys=0.01, real=0.01 secs] 
2016-09-25T21:28:21.239-0400: 115.004: [Full GC (Ergonomics) [PSYoungGen: 172952K->0K(173056K)] [ParOldGen: 517809K->476576K(524288K)] 690762K->476576K(697344K), [Metaspace: 43868K->43868K(1087488K)], 0.0578698 secs] [Times: user=0.39 sys=0.03, real=0.06 secs] 
2016-09-25T21:28:21.403-0400: 115.169: [GC (GCLocker Initiated GC) [PSYoungGen: 120832K->35365K(189952K)] 606901K->521435K(714240K), 0.0232435 secs] [Times: user=0.33 sys=0.00, real=0.02 secs] 
2016-09-25T21:28:21.520-0400: 115.285: [GC (GCLocker Initiated GC) [PSYoungGen: 155685K->38910K(190464K)] 642456K->525680K(714752K), 0.0065204 secs] [Times: user=0.06 sys=0.00, real=0.01 secs] 
2016-09-25T21:28:21.643-0400: 115.408: [GC (GCLocker Initiated GC) [PSYoungGen: 159230K->20998K(188416K)] 658166K->519935K(712704K), 0.0050973 secs] [Times: user=0.03 sys=0.01, real=0.00 secs] 
2016-09-25T21:28:21.756-0400: 115.521: [GC (Allocation Failure) [PSYoungGen: 139782K->33165K(190464K)] 641623K->535006K(714752K), 0.0067707 secs] [Times: user=0.07 sys=0.00, real=0.01 secs] 
2016-09-25T21:28:21.861-0400: 115.626: [GC (GCLocker Initiated GC) [PSYoungGen: 149643K->35230K(186880K)] 654184K->539771K(711168K), 0.0071517 secs] [Times: user=0.06 sys=0.00, real=0.01 secs] 
2016-09-25T21:28:21.976-0400: 115.742: [GC (GCLocker Initiated GC) [PSYoungGen: 154526K->40268K(188928K)] 666053K->551796K(713216K), 0.0190974 secs] [Times: user=0.22 sys=0.00, real=0.02 secs] 
2016-09-25T21:28:22.094-0400: 115.859: [GC (GCLocker Initiated GC) [PSYoungGen: 159564K->58931K(187392K)] 671127K->570494K(711680K), 0.0070270 secs] [Times: user=0.08 sys=0.01, real=0.01 secs] 
2016-09-25T21:28:22.190-0400: 115.955: [GC (GCLocker Initiated GC) [PSYoungGen: 178739K->47643K(190976K)] 693127K->562032K(715264K), 0.0077605 secs] [Times: user=0.08 sys=0.00, real=0.01 secs] 
2016-09-25T21:28:22.288-0400: 116.053: [Full GC (Ergonomics) [PSYoungGen: 167451K->0K(190976K)] [ParOldGen: 518471K->479866K(524288K)] 685923K->479866K(715264K), [Metaspace: 43877K->43877K(1087488K)], 0.0655670 secs] [Times: user=0.55 sys=0.00, real=0.06 secs] 
2016-09-25T21:28:23.193-0400: 116.958: [GC (Allocation Failure) [PSYoungGen: 119808K->6506K(184320K)] 599741K->486447K(708608K), 0.0104567 secs] [Times: user=0.09 sys=0.00, real=0.02 secs] 
2016-09-25T21:28:30.479-0400: 124.244: [GC (Allocation Failure) [PSYoungGen: 121194K->36817K(188416K)] 601135K->516758K(712704K), 0.0071499 secs] [Times: user=0.04 sys=0.00, real=0.01 secs] 
2016-09-25T21:28:37.594-0400: 131.359: [GC (Allocation Failure) [PSYoungGen: 151505K->67577K(177664K)] 631446K->547518K(701952K), 0.0118829 secs] [Times: user=0.07 sys=0.01, real=0.02 secs] 
2016-09-25T21:28:44.064-0400: 137.829: [GC (Allocation Failure) [PSYoungGen: 174073K->77819K(184320K)] 654014K->571939K(708608K), 0.0171196 secs] [Times: user=0.16 sys=0.01, real=0.01 secs] 
2016-09-25T21:28:50.481-0400: 144.246: [GC (Allocation Failure) [PSYoungGen: 184315K->77819K(165888K)] 678435K->600338K(690176K), 0.0210114 secs] [Times: user=0.18 sys=0.02, real=0.02 secs] 
2016-09-25T21:28:50.502-0400: 144.267: [Full GC (Ergonomics) [PSYoungGen: 77819K->0K(165888K)] [ParOldGen: 522519K->383032K(524288K)] 600338K->383032K(690176K), [Metaspace: 43960K->43956K(1087488K)], 0.0899585 secs] [Times: user=0.64 sys=0.00, real=0.09 secs] 
