Java HotSpot(TM) 64-Bit Server VM (25.101-b13) for linux-amd64 JRE (1.8.0_101-b13), built on Jun 22 2016 02:59:44 by "java_re" with gcc 4.3.0 20080428 (Red Hat 4.3.0-8)
Memory: 4k page, physical 264122320k(238590100k free), swap 268399612k(268399612k free)
CommandLine flags: -XX:GCLogFileSize=1048576 -XX:+HeapDumpOnOutOfMemoryError -XX:HeapDumpPath=artifacts/heapdump -XX:InitialHeapSize=805306368 -XX:MaxHeapSize=805306368 -XX:NumberOfGCLogFiles=10 -XX:+PrintGC -XX:+PrintGCDateStamps -XX:+PrintGCDetails -XX:+PrintGCTimeStamps -XX:+UseCompressedClassPointers -XX:+UseCompressedOops -XX:+UseGCLogFileRotation -XX:+UseParallelGC 
2016-09-24T02:36:06.456-0400: 2.200: [GC (Metadata GC Threshold) [PSYoungGen: 121898K->15554K(229376K)] 121898K->15642K(753664K), 0.0202102 secs] [Times: user=0.14 sys=0.00, real=0.02 secs] 
2016-09-24T02:36:06.477-0400: 2.220: [Full GC (Metadata GC Threshold) [PSYoungGen: 15554K->0K(229376K)] [ParOldGen: 88K->14600K(346624K)] 15642K->14600K(576000K), [Metaspace: 21076K->21076K(1067008K)], 0.0433363 secs] [Times: user=0.35 sys=0.03, real=0.04 secs] 
2016-09-24T02:36:08.284-0400: 4.027: [GC (Metadata GC Threshold) [PSYoungGen: 125205K->15096K(229376K)] 139805K->29833K(576000K), 0.0160957 secs] [Times: user=0.10 sys=0.03, real=0.01 secs] 
2016-09-24T02:36:08.300-0400: 4.043: [Full GC (Metadata GC Threshold) [PSYoungGen: 15096K->0K(229376K)] [ParOldGen: 14736K->20412K(524288K)] 29833K->20412K(753664K), [Metaspace: 34973K->34973K(1079296K)], 0.0632744 secs] [Times: user=0.51 sys=0.03, real=0.07 secs] 
2016-09-24T02:36:09.963-0400: 5.706: [GC (GCLocker Initiated GC) [PSYoungGen: 196608K->32748K(229376K)] 217024K->76057K(753664K), 0.0188610 secs] [Times: user=0.18 sys=0.01, real=0.01 secs] 
2016-09-24T02:36:10.216-0400: 5.960: [GC (GCLocker Initiated GC) [PSYoungGen: 229356K->31018K(229376K)] 274048K->89218K(753664K), 0.0073033 secs] [Times: user=0.06 sys=0.02, real=0.01 secs] 
2016-09-24T02:36:10.360-0400: 6.103: [GC (GCLocker Initiated GC) [PSYoungGen: 227626K->32652K(229376K)] 293963K->117897K(753664K), 0.0065506 secs] [Times: user=0.05 sys=0.03, real=0.01 secs] 
2016-09-24T02:36:10.494-0400: 6.237: [GC (GCLocker Initiated GC) [PSYoungGen: 229260K->32745K(171008K)] 314534K->143750K(695296K), 0.0074420 secs] [Times: user=0.08 sys=0.02, real=0.01 secs] 
2016-09-24T02:36:10.590-0400: 6.334: [GC (GCLocker Initiated GC) [PSYoungGen: 170985K->61283K(199680K)] 293017K->186024K(723968K), 0.0154312 secs] [Times: user=0.23 sys=0.00, real=0.02 secs] 
2016-09-24T02:36:10.706-0400: 6.449: [GC (GCLocker Initiated GC) [PSYoungGen: 199523K->50798K(178176K)] 339191K->190474K(702464K), 0.0103203 secs] [Times: user=0.16 sys=0.00, real=0.01 secs] 
2016-09-24T02:36:10.800-0400: 6.543: [GC (Allocation Failure) [PSYoungGen: 166510K->73174K(188928K)] 319782K->238093K(713216K), 0.0111135 secs] [Times: user=0.14 sys=0.03, real=0.01 secs] 
2016-09-24T02:36:10.882-0400: 6.625: [GC (GCLocker Initiated GC) [PSYoungGen: 187707K->55575K(168448K)] 358026K->245372K(692736K), 0.0076193 secs] [Times: user=0.09 sys=0.01, real=0.01 secs] 
2016-09-24T02:36:10.959-0400: 6.702: [GC (GCLocker Initiated GC) [PSYoungGen: 150807K->35937K(178688K)] 340637K->247817K(702976K), 0.0088494 secs] [Times: user=0.07 sys=0.02, real=0.01 secs] 
2016-09-24T02:36:11.032-0400: 6.775: [GC (GCLocker Initiated GC) [PSYoungGen: 131169K->64255K(173568K)] 356782K->290272K(697856K), 0.0060948 secs] [Times: user=0.09 sys=0.00, real=0.01 secs] 
2016-09-24T02:36:11.112-0400: 6.855: [GC (GCLocker Initiated GC) [PSYoungGen: 156415K->37214K(177152K)] 393471K->298938K(701440K), 0.0070589 secs] [Times: user=0.10 sys=0.01, real=0.01 secs] 
2016-09-24T02:36:11.198-0400: 6.942: [GC (GCLocker Initiated GC) [PSYoungGen: 129374K->15574K(176640K)] 408675K->295091K(700928K), 0.0044642 secs] [Times: user=0.05 sys=0.00, real=0.01 secs] 
2016-09-24T02:36:11.275-0400: 7.018: [GC (GCLocker Initiated GC) [PSYoungGen: 109782K->30473K(124928K)] 397205K->318311K(649216K), 0.0122630 secs] [Times: user=0.17 sys=0.01, real=0.01 secs] 
2016-09-24T02:36:11.344-0400: 7.088: [GC (GCLocker Initiated GC) [PSYoungGen: 124681K->35856K(181248K)] 412520K->334846K(705536K), 0.0056253 secs] [Times: user=0.05 sys=0.01, real=0.00 secs] 
2016-09-24T02:36:11.429-0400: 7.172: [GC (GCLocker Initiated GC) [PSYoungGen: 135184K->27646K(177664K)] 439598K->332431K(701952K), 0.0090747 secs] [Times: user=0.07 sys=0.00, real=0.01 secs] 
2016-09-24T02:36:11.499-0400: 7.242: [GC (GCLocker Initiated GC) [PSYoungGen: 126974K->34552K(180736K)] 437294K->345198K(705024K), 0.0061136 secs] [Times: user=0.05 sys=0.00, real=0.01 secs] 
2016-09-24T02:36:11.578-0400: 7.321: [GC (GCLocker Initiated GC) [PSYoungGen: 139512K->44162K(178688K)] 455643K->376967K(702976K), 0.0065213 secs] [Times: user=0.09 sys=0.00, real=0.01 secs] 
2016-09-24T02:36:11.661-0400: 7.404: [GC (GCLocker Initiated GC) [PSYoungGen: 149122K->31865K(186368K)] 496992K->388285K(710656K), 0.0062546 secs] [Times: user=0.04 sys=0.01, real=0.01 secs] 
2016-09-24T02:36:11.740-0400: 7.483: [GC (Allocation Failure) [PSYoungGen: 146553K->61758K(184832K)] 505803K->421486K(709120K), 0.0058879 secs] [Times: user=0.07 sys=0.00, real=0.01 secs] 
2016-09-24T02:36:11.821-0400: 7.564: [GC (GCLocker Initiated GC) [PSYoungGen: 175838K->29325K(187904K)] 536917K->407091K(712192K), 0.0052728 secs] [Times: user=0.04 sys=0.02, real=0.01 secs] 
2016-09-24T02:36:11.896-0400: 7.639: [GC (GCLocker Initiated GC) [PSYoungGen: 141453K->49438K(186368K)] 522043K->430515K(710656K), 0.0058638 secs] [Times: user=0.07 sys=0.00, real=0.00 secs] 
2016-09-24T02:36:11.958-0400: 7.701: [GC (GCLocker Initiated GC) [PSYoungGen: 161566K->50816K(185856K)] 542708K->434984K(710144K), 0.0139582 secs] [Times: user=0.12 sys=0.00, real=0.01 secs] 
2016-09-24T02:36:12.038-0400: 7.781: [GC (GCLocker Initiated GC) [PSYoungGen: 162432K->68430K(180224K)] 546636K->453060K(704512K), 0.0095342 secs] [Times: user=0.11 sys=0.01, real=0.01 secs] 
2016-09-24T02:36:12.119-0400: 7.862: [GC (GCLocker Initiated GC) [PSYoungGen: 180046K->36140K(182784K)] 570089K->453657K(707072K), 0.0055620 secs] [Times: user=0.07 sys=0.00, real=0.01 secs] 
2016-09-24T02:36:12.197-0400: 7.940: [GC (GCLocker Initiated GC) [PSYoungGen: 137516K->50866K(152576K)] 557748K->485094K(676864K), 0.0071870 secs] [Times: user=0.07 sys=0.03, real=0.01 secs] 
2016-09-24T02:36:12.296-0400: 8.039: [GC (GCLocker Initiated GC) [PSYoungGen: 152242K->44113K(182784K)] 591908K->484159K(707072K), 0.0066735 secs] [Times: user=0.04 sys=0.00, real=0.01 secs] 
2016-09-24T02:36:12.375-0400: 8.119: [GC (GCLocker Initiated GC) [PSYoungGen: 148561K->32011K(179712K)] 592260K->511364K(704000K), 0.0070285 secs] [Times: user=0.09 sys=0.01, real=0.01 secs] 
2016-09-24T02:36:12.449-0400: 8.192: [GC (GCLocker Initiated GC) [PSYoungGen: 136459K->45498K(184320K)] 618521K->536125K(708608K), 0.0093551 secs] [Times: user=0.12 sys=0.00, real=0.01 secs] 
2016-09-24T02:36:12.459-0400: 8.202: [Full GC (Ergonomics) [PSYoungGen: 45498K->0K(184320K)] [ParOldGen: 490627K->46269K(524288K)] 536125K->46269K(708608K), [Metaspace: 42909K->42909K(1085440K)], 0.1800252 secs] [Times: user=2.11 sys=0.02, real=0.18 secs] 
2016-09-24T02:36:12.728-0400: 8.471: [GC (GCLocker Initiated GC) [PSYoungGen: 111104K->59236K(182784K)] 157412K->105544K(707072K), 0.0139452 secs] [Times: user=0.19 sys=0.00, real=0.01 secs] 
2016-09-24T02:36:12.832-0400: 8.575: [GC (GCLocker Initiated GC) [PSYoungGen: 170340K->43983K(187904K)] 222109K->101842K(712192K), 0.0076778 secs] [Times: user=0.07 sys=0.00, real=0.01 secs] 
2016-09-24T02:36:12.915-0400: 8.658: [GC (GCLocker Initiated GC) [PSYoungGen: 159183K->38839K(187392K)] 222508K->124236K(711680K), 0.0050753 secs] [Times: user=0.06 sys=0.00, real=0.00 secs] 
2016-09-24T02:36:12.998-0400: 8.741: [GC (GCLocker Initiated GC) [PSYoungGen: 154039K->44034K(186880K)] 250353K->146195K(711168K), 0.0063075 secs] [Times: user=0.06 sys=0.00, real=0.01 secs] 
2016-09-24T02:36:13.081-0400: 8.824: [GC (GCLocker Initiated GC) [PSYoungGen: 163330K->52307K(187392K)] 273826K->163237K(711680K), 0.0108489 secs] [Times: user=0.12 sys=0.00, real=0.01 secs] 
2016-09-24T02:36:13.176-0400: 8.920: [GC (GCLocker Initiated GC) [PSYoungGen: 171603K->48290K(192512K)] 289521K->166687K(716800K), 0.0047090 secs] [Times: user=0.06 sys=0.00, real=0.00 secs] 
2016-09-24T02:36:13.261-0400: 9.004: [GC (GCLocker Initiated GC) [PSYoungGen: 173730K->53625K(193024K)] 297734K->178125K(717312K), 0.0047582 secs] [Times: user=0.06 sys=0.00, real=0.01 secs] 
2016-09-24T02:36:13.341-0400: 9.085: [GC (GCLocker Initiated GC) [PSYoungGen: 179065K->33087K(194048K)] 306354K->171639K(718336K), 0.0057287 secs] [Times: user=0.04 sys=0.01, real=0.01 secs] 
2016-09-24T02:36:13.425-0400: 9.168: [GC (Allocation Failure) [PSYoungGen: 159039K->38839K(164864K)] 300346K->204957K(689152K), 0.0061176 secs] [Times: user=0.07 sys=0.00, real=0.00 secs] 
2016-09-24T02:36:13.431-0400: 9.175: [GC (GCLocker Initiated GC) [PSYoungGen: 38843K->0K(184832K)] 204961K->215362K(709120K), 0.0046811 secs] [Times: user=0.06 sys=0.00, real=0.01 secs] 
2016-09-24T02:36:13.522-0400: 9.265: [GC (GCLocker Initiated GC) [PSYoungGen: 117760K->49863K(167936K)] 335824K->267928K(692224K), 0.0053634 secs] [Times: user=0.06 sys=0.01, real=0.01 secs] 
2016-09-24T02:36:13.601-0400: 9.345: [GC (GCLocker Initiated GC) [PSYoungGen: 167623K->52197K(187392K)] 385701K->271010K(711680K), 0.0051644 secs] [Times: user=0.06 sys=0.00, real=0.01 secs] 
2016-09-24T02:36:13.680-0400: 9.423: [GC (GCLocker Initiated GC) [PSYoungGen: 166885K->49498K(188416K)] 388483K->282368K(712704K), 0.0055253 secs] [Times: user=0.07 sys=0.00, real=0.01 secs] 
2016-09-24T02:36:13.757-0400: 9.500: [GC (GCLocker Initiated GC) [PSYoungGen: 164186K->50989K(187904K)] 399880K->314181K(712192K), 0.0062172 secs] [Times: user=0.08 sys=0.00, real=0.01 secs] 
2016-09-24T02:36:13.835-0400: 9.578: [GC (GCLocker Initiated GC) [PSYoungGen: 165677K->48289K(163328K)] 437206K->320321K(687616K), 0.0048041 secs] [Times: user=0.06 sys=0.00, real=0.00 secs] 
2016-09-24T02:36:13.913-0400: 9.656: [GC (GCLocker Initiated GC) [PSYoungGen: 162977K->46843K(188928K)] 444477K->328846K(713216K), 0.0117362 secs] [Times: user=0.16 sys=0.00, real=0.02 secs] 
2016-09-24T02:36:13.998-0400: 9.742: [GC (GCLocker Initiated GC) [PSYoungGen: 163579K->46875K(187392K)] 447036K->330835K(711680K), 0.0051122 secs] [Times: user=0.06 sys=0.00, real=0.01 secs] 
2016-09-24T02:36:14.077-0400: 9.821: [GC (GCLocker Initiated GC) [PSYoungGen: 163611K->50911K(188928K)] 453186K->340957K(713216K), 0.0052015 secs] [Times: user=0.06 sys=0.00, real=0.01 secs] 
2016-09-24T02:36:14.158-0400: 9.902: [GC (GCLocker Initiated GC) [PSYoungGen: 170719K->21000K(188416K)] 475638K->326304K(712704K), 0.0048429 secs] [Times: user=0.02 sys=0.00, real=0.01 secs] 
2016-09-24T02:36:14.246-0400: 9.989: [GC (GCLocker Initiated GC) [PSYoungGen: 140808K->44207K(191488K)] 453084K->373185K(715776K), 0.0137583 secs] [Times: user=0.18 sys=0.01, real=0.01 secs] 
2016-09-24T02:36:14.334-0400: 10.077: [GC (GCLocker Initiated GC) [PSYoungGen: 167087K->59025K(182272K)] 498803K->391227K(706560K), 0.0134238 secs] [Times: user=0.16 sys=0.00, real=0.02 secs] 
2016-09-24T02:36:14.427-0400: 10.170: [GC (GCLocker Initiated GC) [PSYoungGen: 181905K->55007K(187392K)] 519671K->406775K(711680K), 0.0074472 secs] [Times: user=0.07 sys=0.00, real=0.01 secs] 
2016-09-24T02:36:14.508-0400: 10.252: [GC (GCLocker Initiated GC) [PSYoungGen: 170719K->49543K(188928K)] 527965K->407259K(713216K), 0.0058361 secs] [Times: user=0.06 sys=0.00, real=0.01 secs] 
2016-09-24T02:36:14.593-0400: 10.336: [GC (GCLocker Initiated GC) [PSYoungGen: 165255K->52307K(188928K)] 537886K->436233K(713216K), 0.0223833 secs] [Times: user=0.35 sys=0.01, real=0.03 secs] 
2016-09-24T02:36:14.687-0400: 10.431: [GC (GCLocker Initiated GC) [PSYoungGen: 169555K->42651K(160256K)] 553658K->429909K(684544K), 0.0067393 secs] [Times: user=0.06 sys=0.00, real=0.01 secs] 
2016-09-24T02:36:14.772-0400: 10.516: [GC (GCLocker Initiated GC) [PSYoungGen: 159899K->68539K(180224K)] 549962K->459091K(704512K), 0.0072212 secs] [Times: user=0.08 sys=0.00, real=0.01 secs] 
2016-09-24T02:36:14.859-0400: 10.602: [GC (GCLocker Initiated GC) [PSYoungGen: 179131K->60283K(171008K)] 569717K->459472K(695296K), 0.0067408 secs] [Times: user=0.09 sys=0.00, real=0.01 secs] 
2016-09-24T02:36:14.937-0400: 10.680: [GC (GCLocker Initiated GC) [PSYoungGen: 170875K->51020K(186880K)] 575564K->480412K(711168K), 0.0063419 secs] [Times: user=0.08 sys=0.00, real=0.01 secs] 
2016-09-24T02:36:15.019-0400: 10.763: [GC (GCLocker Initiated GC) [PSYoungGen: 160588K->72447K(182272K)] 592837K->505206K(706560K), 0.0057312 secs] [Times: user=0.08 sys=0.00, real=0.01 secs] 
2016-09-24T02:36:15.117-0400: 10.861: [GC (GCLocker Initiated GC) [PSYoungGen: 182015K->46848K(183296K)] 620257K->485538K(707584K), 0.0047532 secs] [Times: user=0.06 sys=0.00, real=0.01 secs] 
2016-09-24T02:36:15.179-0400: 10.923: [GC (GCLocker Initiated GC) [PSYoungGen: 150272K->44193K(147968K)] 597270K->513256K(672256K), 0.0054220 secs] [Times: user=0.06 sys=0.01, real=0.01 secs] 
2016-09-24T02:36:15.258-0400: 11.001: [GC (GCLocker Initiated GC) [PSYoungGen: 147617K->38806K(181248K)] 633116K->535579K(705536K), 0.0083340 secs] [Times: user=0.06 sys=0.04, real=0.01 secs] 
2016-09-24T02:36:15.266-0400: 11.010: [Full GC (Ergonomics) [PSYoungGen: 38806K->0K(181248K)] [ParOldGen: 496772K->69017K(524288K)] 535579K->69017K(705536K), [Metaspace: 43165K->43165K(1085440K)], 0.0469873 secs] [Times: user=0.36 sys=0.06, real=0.04 secs] 
2016-09-24T02:36:15.388-0400: 11.131: [GC (GCLocker Initiated GC) [PSYoungGen: 103936K->54993K(180736K)] 175748K->126813K(705024K), 0.0050076 secs] [Times: user=0.07 sys=0.00, real=0.00 secs] 
2016-09-24T02:36:15.469-0400: 11.212: [GC (GCLocker Initiated GC) [PSYoungGen: 158929K->27897K(183296K)] 241611K->128658K(707584K), 0.0066965 secs] [Times: user=0.08 sys=0.01, real=0.01 secs] 
2016-09-24T02:36:15.545-0400: 11.288: [GC (GCLocker Initiated GC) [PSYoungGen: 134905K->53533K(184320K)] 235778K->154815K(708608K), 0.0048378 secs] [Times: user=0.05 sys=0.01, real=0.00 secs] 
2016-09-24T02:36:15.629-0400: 11.372: [GC (GCLocker Initiated GC) [PSYoungGen: 160541K->49465K(179200K)] 264556K->153866K(703488K), 0.0061318 secs] [Times: user=0.07 sys=0.01, real=0.01 secs] 
2016-09-24T02:36:15.701-0400: 11.444: [GC (GCLocker Initiated GC) [PSYoungGen: 157497K->46829K(182272K)] 264665K->165237K(706560K), 0.0100573 secs] [Times: user=0.12 sys=0.01, real=0.01 secs] 
2016-09-24T02:36:15.777-0400: 11.521: [GC (GCLocker Initiated GC) [PSYoungGen: 154861K->48179K(183296K)] 278777K->180685K(707584K), 0.0057175 secs] [Times: user=0.05 sys=0.02, real=0.01 secs] 
2016-09-24T02:36:15.861-0400: 11.605: [GC (GCLocker Initiated GC) [PSYoungGen: 164403K->64347K(185856K)] 296942K->197335K(710144K), 0.0049657 secs] [Times: user=0.05 sys=0.01, real=0.01 secs] 
2016-09-24T02:36:15.937-0400: 11.680: [GC (GCLocker Initiated GC) [PSYoungGen: 180571K->57739K(186880K)] 316294K->210119K(711168K), 0.0060514 secs] [Times: user=0.06 sys=0.01, real=0.01 secs] 
2016-09-24T02:36:16.031-0400: 11.774: [GC (GCLocker Initiated GC) [PSYoungGen: 171403K->48225K(162304K)] 329429K->225630K(686592K), 0.0124854 secs] [Times: user=0.17 sys=0.01, real=0.02 secs] 
2016-09-24T02:36:16.134-0400: 11.877: [GC (GCLocker Initiated GC) [PSYoungGen: 161889K->40221K(187392K)] 346074K->224877K(711680K), 0.0048281 secs] [Times: user=0.06 sys=0.01, real=0.01 secs] 
2016-09-24T02:36:16.225-0400: 11.968: [GC (GCLocker Initiated GC) [PSYoungGen: 155421K->54979K(186880K)] 340322K->240375K(711168K), 0.0109830 secs] [Times: user=0.12 sys=0.01, real=0.01 secs] 
2016-09-24T02:36:16.312-0400: 12.055: [GC (GCLocker Initiated GC) [PSYoungGen: 170179K->53657K(188928K)] 360998K->244894K(713216K), 0.0052115 secs] [Times: user=0.16 sys=0.01, real=0.01 secs] 
2016-09-24T02:36:16.397-0400: 12.140: [GC (GCLocker Initiated GC) [PSYoungGen: 172441K->34661K(189440K)] 371848K->234531K(713728K), 0.0062628 secs] [Times: user=0.04 sys=0.01, real=0.01 secs] 
2016-09-24T02:36:16.499-0400: 12.243: [GC (GCLocker Initiated GC) [PSYoungGen: 153445K->57643K(188416K)] 361654K->266363K(712704K), 0.0105431 secs] [Times: user=0.14 sys=0.01, real=0.01 secs] 
2016-09-24T02:36:16.599-0400: 12.343: [GC (GCLocker Initiated GC) [PSYoungGen: 174379K->54806K(189440K)] 383195K->274900K(713728K), 0.0067208 secs] [Times: user=0.07 sys=0.01, real=0.01 secs] 
2016-09-24T02:36:16.680-0400: 12.424: [GC (GCLocker Initiated GC) [PSYoungGen: 171542K->71148K(178688K)] 394375K->299772K(702976K), 0.0091412 secs] [Times: user=0.09 sys=0.01, real=0.01 secs] 
2016-09-24T02:36:16.766-0400: 12.509: [GC (GCLocker Initiated GC) [PSYoungGen: 177644K->31886K(138752K)] 421349K->294937K(663040K), 0.0080507 secs] [Times: user=0.04 sys=0.01, real=0.01 secs] 
2016-09-24T02:36:16.847-0400: 12.590: [GC (GCLocker Initiated GC) [PSYoungGen: 138382K->41341K(184832K)] 408259K->311614K(709120K), 0.0061729 secs] [Times: user=0.08 sys=0.00, real=0.00 secs] 
2016-09-24T02:36:16.917-0400: 12.660: [GC (GCLocker Initiated GC) [PSYoungGen: 147325K->43916K(150016K)] 423097K->319995K(674304K), 0.0053457 secs] [Times: user=0.04 sys=0.01, real=0.01 secs] 
2016-09-24T02:36:17.005-0400: 12.749: [GC (GCLocker Initiated GC) [PSYoungGen: 149900K->28908K(180224K)] 434310K->313582K(704512K), 0.0077175 secs] [Times: user=0.06 sys=0.00, real=0.00 secs] 
2016-09-24T02:36:17.081-0400: 12.824: [GC (GCLocker Initiated GC) [PSYoungGen: 133868K->34390K(181248K)] 432184K->333011K(705536K), 0.0040396 secs] [Times: user=0.05 sys=0.00, real=0.01 secs] 
2016-09-24T02:36:17.154-0400: 12.897: [GC (GCLocker Initiated GC) [PSYoungGen: 139350K->46557K(180736K)] 447461K->354907K(705024K), 0.0134765 secs] [Times: user=0.19 sys=0.01, real=0.02 secs] 
2016-09-24T02:36:17.231-0400: 12.974: [GC (GCLocker Initiated GC) [PSYoungGen: 157149K->41189K(183296K)] 468267K->366063K(707584K), 0.0057994 secs] [Times: user=0.06 sys=0.01, real=0.01 secs] 
2016-09-24T02:36:17.290-0400: 13.033: [GC (GCLocker Initiated GC) [PSYoungGen: 151781K->60107K(185856K)] 476780K->385346K(710144K), 0.0216699 secs] [Times: user=0.32 sys=0.02, real=0.02 secs] 
2016-09-24T02:36:17.406-0400: 13.149: [GC (GCLocker Initiated GC) [PSYoungGen: 174795K->53436K(188416K)] 500088K->387085K(712704K), 0.0069081 secs] [Times: user=0.07 sys=0.01, real=0.00 secs] 
2016-09-24T02:36:17.496-0400: 13.239: [GC (GCLocker Initiated GC) [PSYoungGen: 168124K->37078K(186368K)] 515453K->384651K(710656K), 0.0062057 secs] [Times: user=0.05 sys=0.01, real=0.01 secs] 
2016-09-24T02:36:17.572-0400: 13.315: [GC (GCLocker Initiated GC) [PSYoungGen: 151766K->54658K(187392K)] 504758K->407924K(711680K), 0.0128363 secs] [Times: user=0.19 sys=0.01, real=0.02 secs] 
2016-09-24T02:36:17.653-0400: 13.396: [GC (GCLocker Initiated GC) [PSYoungGen: 169346K->35772K(188928K)] 529541K->396202K(713216K), 0.0044550 secs] [Times: user=0.06 sys=0.01, real=0.01 secs] 
2016-09-24T02:36:17.728-0400: 13.472: [GC (GCLocker Initiated GC) [PSYoungGen: 151996K->35856K(152576K)] 529997K->414132K(676864K), 0.0044010 secs] [Times: user=0.05 sys=0.00, real=0.00 secs] 
2016-09-24T02:36:17.803-0400: 13.546: [GC (GCLocker Initiated GC) [PSYoungGen: 152080K->37107K(189440K)] 544071K->440182K(713728K), 0.0072296 secs] [Times: user=0.09 sys=0.01, real=0.00 secs] 
2016-09-24T02:36:17.890-0400: 13.633: [GC (GCLocker Initiated GC) [PSYoungGen: 154867K->53264K(188416K)] 557971K->456570K(712704K), 0.0066974 secs] [Times: user=0.05 sys=0.02, real=0.01 secs] 
2016-09-24T02:36:17.990-0400: 13.734: [GC (Allocation Failure) [PSYoungGen: 171024K->35696K(189952K)] 585278K->458260K(714240K), 0.0061697 secs] [Times: user=0.05 sys=0.00, real=0.01 secs] 
2016-09-24T02:36:18.070-0400: 13.813: [GC (GCLocker Initiated GC) [PSYoungGen: 153477K->50610K(190464K)] 581441K->478811K(714752K), 0.0065381 secs] [Times: user=0.06 sys=0.00, real=0.01 secs] 
2016-09-24T02:36:18.149-0400: 13.892: [GC (GCLocker Initiated GC) [PSYoungGen: 170930K->33156K(190976K)] 614207K->476644K(715264K), 0.0047122 secs] [Times: user=0.05 sys=0.01, real=0.00 secs] 
2016-09-24T02:36:18.225-0400: 13.968: [GC (GCLocker Initiated GC) [PSYoungGen: 155012K->26293K(191488K)] 609530K->481094K(715776K), 0.0037631 secs] [Times: user=0.05 sys=0.00, real=0.00 secs] 
2016-09-24T02:36:18.298-0400: 14.042: [GC (GCLocker Initiated GC) [PSYoungGen: 148149K->47743K(190976K)] 602970K->502822K(715264K), 0.0079317 secs] [Times: user=0.04 sys=0.01, real=0.01 secs] 
2016-09-24T02:36:18.390-0400: 14.134: [GC (GCLocker Initiated GC) [PSYoungGen: 170111K->62944K(185344K)] 630656K->526425K(709632K), 0.0089518 secs] [Times: user=0.11 sys=0.01, real=0.01 secs] 
2016-09-24T02:36:18.493-0400: 14.236: [GC (GCLocker Initiated GC) [PSYoungGen: 185312K->46606K(189952K)] 651513K->537429K(714240K), 0.0106462 secs] [Times: user=0.14 sys=0.02, real=0.02 secs] 
2016-09-24T02:36:18.578-0400: 14.322: [GC (GCLocker Initiated GC) [PSYoungGen: 162318K->38510K(154624K)] 662342K->555069K(678912K), 0.0096502 secs] [Times: user=0.12 sys=0.02, real=0.01 secs] 
2016-09-24T02:36:18.588-0400: 14.332: [Full GC (Ergonomics) [PSYoungGen: 38510K->0K(154624K)] [ParOldGen: 516558K->66052K(524288K)] 555069K->66052K(678912K), [Metaspace: 43212K->43212K(1085440K)], 0.1280348 secs] [Times: user=1.41 sys=0.14, real=0.13 secs] 
2016-09-24T02:36:18.787-0400: 14.530: [GC (GCLocker Initiated GC) [PSYoungGen: 115712K->53589K(184832K)] 182963K->120840K(709120K), 0.0049806 secs] [Times: user=0.05 sys=0.01, real=0.00 secs] 
2016-09-24T02:36:18.869-0400: 14.612: [GC (GCLocker Initiated GC) [PSYoungGen: 168277K->47992K(185856K)] 240950K->121100K(710144K), 0.0049000 secs] [Times: user=0.04 sys=0.01, real=0.01 secs] 
2016-09-24T02:36:18.963-0400: 14.706: [GC (GCLocker Initiated GC) [PSYoungGen: 162680K->23656K(188928K)] 246723K->108015K(713216K), 0.0044411 secs] [Times: user=0.01 sys=0.00, real=0.00 secs] 
2016-09-24T02:36:19.053-0400: 14.797: [GC (GCLocker Initiated GC) [PSYoungGen: 142952K->27902K(190464K)] 242326K->149307K(714752K), 0.0238388 secs] [Times: user=0.30 sys=0.04, real=0.03 secs] 
2016-09-24T02:36:19.174-0400: 14.917: [GC (GCLocker Initiated GC) [PSYoungGen: 147198K->51017K(189440K)] 274008K->178346K(713728K), 0.0093825 secs] [Times: user=0.12 sys=0.02, real=0.02 secs] 
2016-09-24T02:36:19.281-0400: 15.025: [GC (GCLocker Initiated GC) [PSYoungGen: 169801K->60441K(179712K)] 306630K->197817K(704000K), 0.0079640 secs] [Times: user=0.10 sys=0.01, real=0.01 secs] 
2016-09-24T02:36:19.400-0400: 15.144: [GC (GCLocker Initiated GC) [PSYoungGen: 179225K->56364K(183808K)] 316707K->197083K(708096K), 0.0076157 secs] [Times: user=0.09 sys=0.01, real=0.01 secs] 
2016-09-24T02:36:19.502-0400: 15.245: [GC (GCLocker Initiated GC) [PSYoungGen: 164908K->45631K(154624K)] 316479K->197736K(678912K), 0.0057394 secs] [Times: user=0.06 sys=0.00, real=0.01 secs] 
2016-09-24T02:36:19.633-0400: 15.377: [GC (GCLocker Initiated GC) [PSYoungGen: 154175K->21119K(182784K)] 314519K->198160K(707072K), 0.0119220 secs] [Times: user=0.11 sys=0.02, real=0.02 secs] 
2016-09-24T02:36:19.758-0400: 15.502: [GC (GCLocker Initiated GC) [PSYoungGen: 130175K->26360K(183808K)] 309999K->206621K(708096K), 0.0056723 secs] [Times: user=0.03 sys=0.00, real=0.01 secs] 
2016-09-24T02:36:19.836-0400: 15.580: [GC (GCLocker Initiated GC) [PSYoungGen: 135416K->52268K(186368K)] 315714K->246593K(710656K), 0.0066852 secs] [Times: user=0.06 sys=0.01, real=0.01 secs] 
2016-09-24T02:36:19.932-0400: 15.675: [GC (GCLocker Initiated GC) [PSYoungGen: 163884K->18612K(130560K)] 373148K->255427K(654848K), 0.0064725 secs] [Times: user=0.06 sys=0.02, real=0.01 secs] 
2016-09-24T02:36:20.027-0400: 15.771: [GC (GCLocker Initiated GC) [PSYoungGen: 130228K->34650K(188416K)] 378011K->293791K(712704K), 0.0046876 secs] [Times: user=0.05 sys=0.00, real=0.00 secs] 
2016-09-24T02:36:20.123-0400: 15.867: [GC (GCLocker Initiated GC) [PSYoungGen: 146778K->30458K(142848K)] 415390K->299594K(667136K), 0.0160615 secs] [Times: user=0.23 sys=0.01, real=0.01 secs] 
2016-09-24T02:36:20.228-0400: 15.971: [GC (Allocation Failure) [PSYoungGen: 142586K->33378K(186368K)] 417221K->316624K(710656K), 0.0046351 secs] [Times: user=0.05 sys=0.01, real=0.00 secs] 
2016-09-24T02:36:20.324-0400: 16.068: [GC (GCLocker Initiated GC) [PSYoungGen: 146489K->51032K(183808K)] 435134K->359116K(708096K), 0.0095364 secs] [Times: user=0.16 sys=0.00, real=0.00 secs] 
2016-09-24T02:36:20.416-0400: 16.159: [GC (GCLocker Initiated GC) [PSYoungGen: 165720K->45645K(192000K)] 480290K->360808K(716288K), 0.0074878 secs] [Times: user=0.11 sys=0.01, real=0.01 secs] 
2016-09-24T02:36:20.509-0400: 16.252: [GC (Allocation Failure) [PSYoungGen: 166477K->48236K(190976K)] 481844K->377694K(715264K), 0.0422495 secs] [Times: user=0.28 sys=0.04, real=0.04 secs] 
2016-09-24T02:36:20.684-0400: 16.427: [GC (GCLocker Initiated GC) [PSYoungGen: 169068K->32034K(189952K)] 498528K->372849K(714240K), 0.0120793 secs] [Times: user=0.16 sys=0.01, real=0.01 secs] 
2016-09-24T02:36:20.784-0400: 16.527: [GC (GCLocker Initiated GC) [PSYoungGen: 153890K->44269K(190464K)] 497455K->388402K(714752K), 0.0109568 secs] [Times: user=0.17 sys=0.01, real=0.01 secs] 
2016-09-24T02:36:20.902-0400: 16.645: [GC (GCLocker Initiated GC) [PSYoungGen: 166125K->45446K(192000K)] 512986K->392936K(716288K), 0.0252987 secs] [Times: user=0.25 sys=0.01, real=0.03 secs] 
2016-09-24T02:36:21.085-0400: 16.829: [GC (GCLocker Initiated GC) [PSYoungGen: 171398K->45629K(192512K)] 518915K->404610K(716800K), 0.0176362 secs] [Times: user=0.06 sys=0.02, real=0.02 secs] 
2016-09-24T02:36:21.231-0400: 16.974: [GC (GCLocker Initiated GC) [PSYoungGen: 171581K->52500K(193024K)] 533414K->423089K(717312K), 0.0230041 secs] [Times: user=0.26 sys=0.01, real=0.03 secs] 
2016-09-24T02:36:21.437-0400: 17.181: [GC (GCLocker Initiated GC) [PSYoungGen: 179476K->41595K(168960K)] 555670K->418517K(693248K), 0.0678972 secs] [Times: user=0.37 sys=0.07, real=0.07 secs] 
2016-09-24T02:36:21.623-0400: 17.367: [GC (GCLocker Initiated GC) [PSYoungGen: 168571K->40313K(195072K)] 545663K->428996K(719360K), 0.0124664 secs] [Times: user=0.16 sys=0.01, real=0.01 secs] 
2016-09-24T02:36:21.747-0400: 17.491: [GC (GCLocker Initiated GC) [PSYoungGen: 170361K->29369K(193536K)] 561781K->434987K(717824K), 0.0093208 secs] [Times: user=0.09 sys=0.02, real=0.01 secs] 
2016-09-24T02:36:21.861-0400: 17.604: [GC (GCLocker Initiated GC) [PSYoungGen: 159417K->15925K(194560K)] 576046K->435961K(718848K), 0.0129916 secs] [Times: user=0.13 sys=0.04, real=0.01 secs] 
2016-09-24T02:36:21.983-0400: 17.726: [GC (GCLocker Initiated GC) [PSYoungGen: 146997K->36062K(167424K)] 569761K->459686K(691712K), 0.0068628 secs] [Times: user=0.08 sys=0.00, real=0.00 secs] 
2016-09-24T02:36:22.094-0400: 17.838: [GC (GCLocker Initiated GC) [PSYoungGen: 167134K->37571K(198144K)] 596273K->467392K(722432K), 0.0139727 secs] [Times: user=0.14 sys=0.00, real=0.01 secs] 
2016-09-24T02:36:22.220-0400: 17.963: [GC (GCLocker Initiated GC) [PSYoungGen: 172739K->28331K(196096K)] 610778K->491543K(720384K), 0.0158803 secs] [Times: user=0.21 sys=0.02, real=0.02 secs] 
2016-09-24T02:36:22.346-0400: 18.090: [GC (GCLocker Initiated GC) [PSYoungGen: 163499K->37712K(199168K)] 632293K->507326K(723456K), 0.0084838 secs] [Times: user=0.08 sys=0.00, real=0.01 secs] 
2016-09-24T02:36:22.473-0400: 18.216: [GC (GCLocker Initiated GC) [PSYoungGen: 178000K->37635K(198656K)] 647676K->508213K(722944K), 0.0054162 secs] [Times: user=0.04 sys=0.02, real=0.01 secs] 
2016-09-24T02:36:22.580-0400: 18.324: [GC (GCLocker Initiated GC) [PSYoungGen: 177923K->45877K(200192K)] 651286K->541689K(724480K), 0.0054590 secs] [Times: user=0.06 sys=0.00, real=0.01 secs] 
2016-09-24T02:36:22.586-0400: 18.329: [Full GC (Ergonomics) [PSYoungGen: 45877K->0K(200192K)] [ParOldGen: 495812K->81808K(524288K)] 541689K->81808K(724480K), [Metaspace: 43219K->43219K(1085440K)], 0.0520303 secs] [Times: user=0.29 sys=0.07, real=0.05 secs] 
2016-09-24T02:36:22.746-0400: 18.490: [GC (GCLocker Initiated GC) [PSYoungGen: 143872K->31501K(201216K)] 232551K->120181K(725504K), 0.0133252 secs] [Times: user=0.13 sys=0.01, real=0.01 secs] 
2016-09-24T02:36:22.864-0400: 18.608: [GC (GCLocker Initiated GC) [PSYoungGen: 175373K->48501K(201216K)] 265493K->140215K(725504K), 0.0122935 secs] [Times: user=0.15 sys=0.01, real=0.01 secs] 
2016-09-24T02:36:22.979-0400: 18.722: [GC (GCLocker Initiated GC) [PSYoungGen: 192885K->34796K(203264K)] 284783K->127433K(727552K), 0.0066277 secs] [Times: user=0.03 sys=0.01, real=0.01 secs] 
2016-09-24T02:36:23.087-0400: 18.830: [GC (GCLocker Initiated GC) [PSYoungGen: 179180K->50958K(198656K)] 274576K->147008K(722944K), 0.0056701 secs] [Times: user=0.04 sys=0.00, real=0.00 secs] 
2016-09-24T02:36:23.202-0400: 18.946: [GC (GCLocker Initiated GC) [PSYoungGen: 192270K->31926K(201728K)] 293710K->133957K(726016K), 0.0227848 secs] [Times: user=0.19 sys=0.03, real=0.02 secs] 
2016-09-24T02:36:23.346-0400: 19.089: [GC (GCLocker Initiated GC) [PSYoungGen: 173238K->40176K(197632K)] 284836K->152386K(721920K), 0.0047369 secs] [Times: user=0.04 sys=0.00, real=0.00 secs] 
2016-09-24T02:36:23.446-0400: 19.189: [GC (GCLocker Initiated GC) [PSYoungGen: 182512K->34566K(200192K)] 297663K->150311K(724480K), 0.0049534 secs] [Times: user=0.03 sys=0.00, real=0.00 secs] 
2016-09-24T02:36:23.555-0400: 19.298: [GC (GCLocker Initiated GC) [PSYoungGen: 176902K->42824K(203264K)] 292653K->159158K(727552K), 0.0053770 secs] [Times: user=0.05 sys=0.00, real=0.00 secs] 
2016-09-24T02:36:23.674-0400: 19.417: [GC (GCLocker Initiated GC) [PSYoungGen: 190280K->47029K(204288K)] 309403K->166742K(728576K), 0.0046465 secs] [Times: user=0.06 sys=0.01, real=0.01 secs] 
2016-09-24T02:36:23.806-0400: 19.549: [GC (GCLocker Initiated GC) [PSYoungGen: 194485K->37434K(203264K)] 314314K->157848K(727552K), 0.0097570 secs] [Times: user=0.07 sys=0.01, real=0.01 secs] 
2016-09-24T02:36:23.917-0400: 19.661: [GC (GCLocker Initiated GC) [PSYoungGen: 184890K->52268K(200192K)] 308067K->186893K(724480K), 0.0056509 secs] [Times: user=0.05 sys=0.01, real=0.01 secs] 
2016-09-24T02:36:24.031-0400: 19.774: [GC (Allocation Failure) [PSYoungGen: 199724K->38637K(204288K)] 334519K->176676K(728576K), 0.0125300 secs] [Times: user=0.10 sys=0.03, real=0.02 secs] 
2016-09-24T02:36:24.143-0400: 19.886: [GC (GCLocker Initiated GC) [PSYoungGen: 183533K->44129K(202752K)] 321576K->204361K(727040K), 0.0071820 secs] [Times: user=0.04 sys=0.02, real=0.00 secs] 
2016-09-24T02:36:32.828-0400: 28.572: [GC (GCLocker Initiated GC) [PSYoungGen: 189025K->50892K(200192K)] 349409K->211837K(724480K), 0.0070360 secs] [Times: user=0.05 sys=0.01, real=0.01 secs] 
2016-09-24T02:36:32.969-0400: 28.712: [GC (GCLocker Initiated GC) [PSYoungGen: 193228K->38122K(202240K)] 356918K->202353K(726528K), 0.0062698 secs] [Times: user=0.04 sys=0.00, real=0.01 secs] 
2016-09-24T02:36:33.096-0400: 28.839: [GC (GCLocker Initiated GC) [PSYoungGen: 180458K->33975K(200192K)] 347485K->231847K(724480K), 0.0071214 secs] [Times: user=0.04 sys=0.01, real=0.01 secs] 
2016-09-24T02:36:33.217-0400: 28.961: [GC (GCLocker Initiated GC) [PSYoungGen: 177335K->33875K(201728K)] 380826K->241152K(726016K), 0.0075441 secs] [Times: user=0.08 sys=0.00, real=0.01 secs] 
2016-09-24T02:36:33.353-0400: 29.097: [GC (GCLocker Initiated GC) [PSYoungGen: 177235K->44576K(203264K)] 384722K->253202K(727552K), 0.0052260 secs] [Times: user=0.05 sys=0.01, real=0.01 secs] 
2016-09-24T02:36:33.472-0400: 29.216: [GC (GCLocker Initiated GC) [PSYoungGen: 190496K->36708K(182784K)] 409968K->257251K(707072K), 0.0055335 secs] [Times: user=0.05 sys=0.00, real=0.01 secs] 
2016-09-24T02:36:33.605-0400: 29.348: [GC (GCLocker Initiated GC) [PSYoungGen: 182628K->44616K(202752K)] 403215K->266435K(727040K), 0.0065248 secs] [Times: user=0.07 sys=0.00, real=0.00 secs] 
2016-09-24T02:36:33.744-0400: 29.487: [GC (GCLocker Initiated GC) [PSYoungGen: 191048K->46061K(203264K)] 412901K->279809K(727552K), 0.0100398 secs] [Times: user=0.10 sys=0.00, real=0.01 secs] 
2016-09-24T02:36:33.876-0400: 29.619: [GC (GCLocker Initiated GC) [PSYoungGen: 192493K->43293K(204288K)] 426308K->283595K(728576K), 0.0098525 secs] [Times: user=0.09 sys=0.01, real=0.01 secs] 
2016-09-24T02:36:34.005-0400: 29.748: [GC (GCLocker Initiated GC) [PSYoungGen: 191773K->36525K(204800K)] 434923K->283458K(729088K), 0.0199212 secs] [Times: user=0.18 sys=0.01, real=0.02 secs] 
2016-09-24T02:36:34.162-0400: 29.905: [GC (GCLocker Initiated GC) [PSYoungGen: 185005K->29846K(205312K)] 438699K->284597K(729600K), 0.0139247 secs] [Times: user=0.13 sys=0.00, real=0.02 secs] 
2016-09-24T02:36:34.322-0400: 30.065: [GC (GCLocker Initiated GC) [PSYoungGen: 179350K->24395K(174080K)] 436891K->283104K(698368K), 0.0149134 secs] [Times: user=0.13 sys=0.00, real=0.02 secs] 
2016-09-24T02:36:34.465-0400: 30.208: [GC (GCLocker Initiated GC) [PSYoungGen: 173899K->39257K(206336K)] 432641K->301807K(730624K), 0.0279558 secs] [Times: user=0.28 sys=0.00, real=0.02 secs] 
2016-09-24T02:36:34.610-0400: 30.353: [GC (GCLocker Initiated GC) [PSYoungGen: 188761K->43413K(205312K)] 454159K->318033K(729600K), 0.0157969 secs] [Times: user=0.09 sys=0.03, real=0.02 secs] 
2016-09-24T02:36:34.729-0400: 30.472: [GC (GCLocker Initiated GC) [PSYoungGen: 192917K->48786K(202240K)] 467636K->330140K(726528K), 0.0103378 secs] [Times: user=0.11 sys=0.01, real=0.01 secs] 
2016-09-24T02:36:34.835-0400: 30.579: [GC (GCLocker Initiated GC) [PSYoungGen: 195218K->43576K(204288K)] 482006K->331444K(728576K), 0.0107236 secs] [Times: user=0.10 sys=0.01, real=0.01 secs] 
2016-09-24T02:36:34.969-0400: 30.713: [GC (GCLocker Initiated GC) [PSYoungGen: 190008K->55710K(196608K)] 480600K->347442K(720896K), 0.0193553 secs] [Times: user=0.28 sys=0.01, real=0.02 secs] 
2016-09-24T02:36:35.100-0400: 30.843: [GC (GCLocker Initiated GC) [PSYoungGen: 194974K->39411K(200704K)] 492111K->356686K(724992K), 0.0100876 secs] [Times: user=0.14 sys=0.01, real=0.01 secs] 
2016-09-24T02:36:35.222-0400: 30.966: [GC (GCLocker Initiated GC) [PSYoungGen: 178675K->32478K(198144K)] 502702K->357619K(722432K), 0.0095059 secs] [Times: user=0.11 sys=0.00, real=0.00 secs] 
2016-09-24T02:36:35.338-0400: 31.082: [GC (GCLocker Initiated GC) [PSYoungGen: 173278K->37869K(200192K)] 507885K->373585K(724480K), 0.0146022 secs] [Times: user=0.17 sys=0.00, real=0.01 secs] 
2016-09-24T02:36:35.443-0400: 31.187: [GC (GCLocker Initiated GC) [PSYoungGen: 178669K->36392K(199680K)] 514395K->373129K(723968K), 0.0063514 secs] [Times: user=0.04 sys=0.00, real=0.00 secs] 
2016-09-24T02:36:35.548-0400: 31.291: [GC (GCLocker Initiated GC) [PSYoungGen: 180776K->46019K(201728K)] 517649K->383880K(726016K), 0.0107707 secs] [Times: user=0.13 sys=0.00, real=0.01 secs] 
2016-09-24T02:36:35.668-0400: 31.411: [GC (GCLocker Initiated GC) [PSYoungGen: 190403K->40597K(201216K)] 533687K->384894K(725504K), 0.0077897 secs] [Times: user=0.06 sys=0.00, real=0.01 secs] 
2016-09-24T02:36:35.780-0400: 31.524: [GC (GCLocker Initiated GC) [PSYoungGen: 187541K->27054K(202752K)] 539943K->396686K(727040K), 0.0094747 secs] [Times: user=0.08 sys=0.00, real=0.01 secs] 
2016-09-24T02:36:35.906-0400: 31.650: [GC (GCLocker Initiated GC) [PSYoungGen: 173998K->39174K(204288K)] 543648K->420683K(728576K), 0.0193436 secs] [Times: user=0.20 sys=0.00, real=0.02 secs] 
2016-09-24T02:36:36.019-0400: 31.763: [GC (GCLocker Initiated GC) [PSYoungGen: 188678K->36584K(204800K)] 572995K->438171K(729088K), 0.0120595 secs] [Times: user=0.12 sys=0.02, real=0.01 secs] 
2016-09-24T02:36:36.142-0400: 31.885: [GC (GCLocker Initiated GC) [PSYoungGen: 186088K->44614K(204800K)] 591789K->451342K(729088K), 0.0204755 secs] [Times: user=0.21 sys=0.00, real=0.02 secs] 
2016-09-24T02:36:36.277-0400: 32.021: [GC (GCLocker Initiated GC) [PSYoungGen: 195654K->39162K(205824K)] 602422K->452416K(730112K), 0.0065830 secs] [Times: user=0.08 sys=0.00, real=0.01 secs] 
2016-09-24T02:36:36.387-0400: 32.131: [GC (GCLocker Initiated GC) [PSYoungGen: 190202K->35048K(206848K)] 603503K->449302K(731136K), 0.0136434 secs] [Times: user=0.13 sys=0.00, real=0.01 secs] 
2016-09-24T02:36:36.510-0400: 32.253: [GC (GCLocker Initiated GC) [PSYoungGen: 189160K->39155K(206848K)] 611735K->465408K(731136K), 0.0215225 secs] [Times: user=0.24 sys=0.00, real=0.02 secs] 
2016-09-24T02:36:36.646-0400: 32.389: [GC (GCLocker Initiated GC) [PSYoungGen: 193267K->40415K(208384K)] 619554K->467738K(732672K), 0.0134613 secs] [Times: user=0.15 sys=0.00, real=0.01 secs] 
2016-09-24T02:36:36.778-0400: 32.522: [GC (GCLocker Initiated GC) [PSYoungGen: 197599K->48614K(207872K)] 625092K->477109K(732160K), 0.0101444 secs] [Times: user=0.12 sys=0.00, real=0.01 secs] 
2016-09-24T02:36:36.910-0400: 32.653: [GC (GCLocker Initiated GC) [PSYoungGen: 205798K->16076K(203264K)] 643278K->478718K(727552K), 0.0422398 secs] [Times: user=0.53 sys=0.00, real=0.04 secs] 
2016-09-24T02:36:37.054-0400: 32.798: [GC (GCLocker Initiated GC) [PSYoungGen: 166604K->55291K(205824K)] 629282K->531050K(730112K), 0.0150140 secs] [Times: user=0.17 sys=0.01, real=0.01 secs] 
2016-09-24T02:36:37.186-0400: 32.929: [GC (GCLocker Initiated GC) [PSYoungGen: 205819K->20265K(194560K)] 692361K->534707K(718848K), 0.0076420 secs] [Times: user=0.07 sys=0.01, real=0.00 secs] 
2016-09-24T02:36:37.194-0400: 32.937: [Full GC (Ergonomics) [PSYoungGen: 20265K->0K(194560K)] [ParOldGen: 514441K->122219K(524288K)] 534707K->122219K(718848K), [Metaspace: 43526K->43526K(1085440K)], 0.0789386 secs] [Times: user=0.51 sys=0.05, real=0.08 secs] 
2016-09-24T02:36:37.390-0400: 33.134: [GC (GCLocker Initiated GC) [PSYoungGen: 138240K->40564K(200192K)] 267373K->169705K(724480K), 0.0110299 secs] [Times: user=0.13 sys=0.01, real=0.01 secs] 
2016-09-24T02:36:37.517-0400: 33.260: [GC (GCLocker Initiated GC) [PSYoungGen: 178804K->38863K(194560K)] 307978K->179803K(718848K), 0.0073797 secs] [Times: user=0.07 sys=0.00, real=0.01 secs] 
2016-09-24T02:36:37.621-0400: 33.364: [GC (GCLocker Initiated GC) [PSYoungGen: 178639K->30753K(198144K)] 325192K->191549K(722432K), 0.0278966 secs] [Times: user=0.34 sys=0.01, real=0.03 secs] 
2016-09-24T02:36:37.764-0400: 33.507: [GC (GCLocker Initiated GC) [PSYoungGen: 170529K->24156K(203264K)] 347534K->201950K(727552K), 0.0085909 secs] [Times: user=0.09 sys=0.00, real=0.00 secs] 
2016-09-24T02:36:37.874-0400: 33.617: [GC (GCLocker Initiated GC) [PSYoungGen: 170076K->32233K(178176K)] 347910K->210938K(702464K), 0.0073938 secs] [Times: user=0.07 sys=0.00, real=0.01 secs] 
2016-09-24T02:36:37.973-0400: 33.717: [GC (GCLocker Initiated GC) [PSYoungGen: 178153K->32322K(204800K)] 357014K->239110K(729088K), 0.0176334 secs] [Times: user=0.18 sys=0.01, real=0.02 secs] 
2016-09-24T02:36:38.095-0400: 33.838: [GC (GCLocker Initiated GC) [PSYoungGen: 180802K->36264K(203264K)] 394429K->250811K(727552K), 0.0246482 secs] [Times: user=0.22 sys=0.01, real=0.02 secs] 
2016-09-24T02:36:38.236-0400: 33.979: [GC (GCLocker Initiated GC) [PSYoungGen: 184744K->24276K(204288K)] 401997K->264021K(728576K), 0.0088986 secs] [Times: user=0.07 sys=0.00, real=0.01 secs] 
2016-09-24T02:36:38.346-0400: 34.090: [GC (GCLocker Initiated GC) [PSYoungGen: 175316K->32453K(204288K)] 419684K->277859K(728576K), 0.0208235 secs] [Times: user=0.22 sys=0.01, real=0.02 secs] 
2016-09-24T02:36:38.478-0400: 34.222: [GC (GCLocker Initiated GC) [PSYoungGen: 183493K->36461K(207872K)] 431611K->296334K(732160K), 0.0105468 secs] [Times: user=0.12 sys=0.01, real=0.01 secs] 
2016-09-24T02:36:38.613-0400: 34.356: [GC (GCLocker Initiated GC) [PSYoungGen: 192621K->44736K(207360K)] 455293K->308385K(731648K), 0.0064391 secs] [Times: user=0.06 sys=0.00, real=0.01 secs] 
2016-09-24T02:36:38.718-0400: 34.461: [GC (Allocation Failure) [PSYoungGen: 200896K->32374K(209408K)] 469523K->302058K(733696K), 0.0088042 secs] [Times: user=0.07 sys=0.01, real=0.01 secs] 
2016-09-24T02:36:38.727-0400: 34.471: [GC (GCLocker Initiated GC) [PSYoungGen: 32410K->96K(157696K)] 302094K->310134K(681984K), 0.0120082 secs] [Times: user=0.14 sys=0.00, real=0.01 secs] 
2016-09-24T02:36:38.845-0400: 34.589: [GC (GCLocker Initiated GC) [PSYoungGen: 157280K->42215K(202752K)] 467327K->352287K(727040K), 0.0055803 secs] [Times: user=0.06 sys=0.00, real=0.00 secs] 
2016-09-24T02:36:38.957-0400: 34.701: [GC (GCLocker Initiated GC) [PSYoungGen: 188647K->39272K(204288K)] 505512K->357404K(728576K), 0.0095519 secs] [Times: user=0.10 sys=0.00, real=0.01 secs] 
2016-09-24T02:36:39.074-0400: 34.817: [GC (GCLocker Initiated GC) [PSYoungGen: 185704K->33827K(199168K)] 509284K->358488K(723456K), 0.0104633 secs] [Times: user=0.12 sys=0.00, real=0.02 secs] 
2016-09-24T02:36:39.175-0400: 34.919: [GC (GCLocker Initiated GC) [PSYoungGen: 180259K->36681K(201728K)] 518531K->384120K(726016K), 0.0112896 secs] [Times: user=0.13 sys=0.01, real=0.01 secs] 
2016-09-24T02:36:39.282-0400: 35.026: [GC (GCLocker Initiated GC) [PSYoungGen: 183113K->44583K(204288K)] 530558K->393008K(728576K), 0.0077276 secs] [Times: user=0.07 sys=0.00, real=0.00 secs] 
2016-09-24T02:36:39.404-0400: 35.147: [GC (GCLocker Initiated GC) [PSYoungGen: 194087K->44864K(194560K)] 548147K->399883K(718848K), 0.0116922 secs] [Times: user=0.14 sys=0.00, real=0.01 secs] 
2016-09-24T02:36:39.518-0400: 35.261: [GC (GCLocker Initiated GC) [PSYoungGen: 194368K->56936K(193024K)] 552120K->415808K(717312K), 0.0070443 secs] [Times: user=0.07 sys=0.02, real=0.01 secs] 
2016-09-24T02:36:39.621-0400: 35.365: [GC (Allocation Failure) [PSYoungGen: 192104K->31235K(198656K)] 553679K->396576K(722944K), 0.0049413 secs] [Times: user=0.05 sys=0.01, real=0.01 secs] 
2016-09-24T02:36:39.716-0400: 35.460: [GC (GCLocker Initiated GC) [PSYoungGen: 166403K->48535K(196608K)] 531748K->414887K(720896K), 0.0118258 secs] [Times: user=0.13 sys=0.00, real=0.01 secs] 
2016-09-24T02:36:39.822-0400: 35.566: [GC (GCLocker Initiated GC) [PSYoungGen: 182679K->31137K(198144K)] 565442K->414753K(722432K), 0.0113641 secs] [Times: user=0.10 sys=0.00, real=0.00 secs] 
2016-09-24T02:36:39.924-0400: 35.668: [GC (GCLocker Initiated GC) [PSYoungGen: 165281K->41581K(196096K)] 548940K->426181K(720384K), 0.0087426 secs] [Times: user=0.08 sys=0.00, real=0.00 secs] 
2016-09-24T02:36:40.032-0400: 35.775: [GC (GCLocker Initiated GC) [PSYoungGen: 177261K->33816K(197120K)] 561902K->435482K(721408K), 0.0095660 secs] [Times: user=0.08 sys=0.00, real=0.01 secs] 
2016-09-24T02:36:40.134-0400: 35.877: [GC (GCLocker Initiated GC) [PSYoungGen: 169496K->25786K(200192K)] 576631K->460841K(724480K), 0.0143224 secs] [Times: user=0.15 sys=0.00, real=0.02 secs] 
2016-09-24T02:36:40.262-0400: 36.005: [GC (GCLocker Initiated GC) [PSYoungGen: 166074K->32483K(200192K)] 601153K->468599K(724480K), 0.0085551 secs] [Times: user=0.07 sys=0.01, real=0.00 secs] 
2016-09-24T02:36:40.371-0400: 36.114: [GC (GCLocker Initiated GC) [PSYoungGen: 172771K->42130K(200704K)] 617017K->506309K(724992K), 0.0075338 secs] [Times: user=0.10 sys=0.01, real=0.01 secs] 
2016-09-24T02:36:40.472-0400: 36.216: [GC (GCLocker Initiated GC) [PSYoungGen: 184466K->39185K(200704K)] 648720K->526156K(724992K), 0.0110455 secs] [Times: user=0.12 sys=0.01, real=0.02 secs] 
2016-09-24T02:36:40.578-0400: 36.321: [GC (GCLocker Initiated GC) [PSYoungGen: 181521K->27021K(202240K)] 668517K->533894K(726528K), 0.0063323 secs] [Times: user=0.07 sys=0.00, real=0.01 secs] 
2016-09-24T02:36:40.584-0400: 36.328: [Full GC (Ergonomics) [PSYoungGen: 27021K->0K(202240K)] [ParOldGen: 506873K->149613K(524288K)] 533894K->149613K(726528K), [Metaspace: 43586K->43586K(1085440K)], 0.0843626 secs] [Times: user=0.55 sys=0.02, real=0.08 secs] 
2016-09-24T02:36:40.791-0400: 36.534: [GC (GCLocker Initiated GC) [PSYoungGen: 145408K->54498K(200192K)] 300458K->212249K(724480K), 0.0100765 secs] [Times: user=0.12 sys=0.00, real=0.01 secs] 
2016-09-24T02:36:40.904-0400: 36.647: [GC (GCLocker Initiated GC) [PSYoungGen: 199906K->30965K(201728K)] 357762K->211853K(726016K), 0.0096496 secs] [Times: user=0.10 sys=0.00, real=0.00 secs] 
2016-09-24T02:36:41.005-0400: 36.749: [GC (GCLocker Initiated GC) [PSYoungGen: 171253K->49884K(190464K)] 357724K->237356K(714752K), 0.0077497 secs] [Times: user=0.08 sys=0.00, real=0.00 secs] 
2016-09-24T02:36:41.131-0400: 36.874: [GC (GCLocker Initiated GC) [PSYoungGen: 190172K->26784K(199680K)] 384545K->221921K(723968K), 0.0226808 secs] [Times: user=0.27 sys=0.00, real=0.02 secs] 
2016-09-24T02:36:41.248-0400: 36.991: [GC (GCLocker Initiated GC) [PSYoungGen: 163488K->29526K(166400K)] 365390K->232194K(690688K), 0.0057237 secs] [Times: user=0.04 sys=0.00, real=0.00 secs] 
2016-09-24T02:36:41.354-0400: 37.097: [GC (GCLocker Initiated GC) [PSYoungGen: 166230K->33608K(199168K)] 368978K->237269K(723456K), 0.0258589 secs] [Times: user=0.27 sys=0.00, real=0.03 secs] 
2016-09-24T02:36:41.482-0400: 37.225: [GC (GCLocker Initiated GC) [PSYoungGen: 171848K->59333K(197632K)] 375652K->264073K(721920K), 0.0116269 secs] [Times: user=0.16 sys=0.00, real=0.01 secs] 
2016-09-24T02:36:41.596-0400: 37.340: [GC (GCLocker Initiated GC) [PSYoungGen: 197573K->49904K(192512K)] 402342K->255524K(716800K), 0.0057213 secs] [Times: user=0.06 sys=0.00, real=0.00 secs] 
2016-09-24T02:36:41.699-0400: 37.442: [GC (GCLocker Initiated GC) [PSYoungGen: 177904K->37633K(195072K)] 386410K->257668K(719360K), 0.0165485 secs] [Times: user=0.19 sys=0.00, real=0.02 secs] 
2016-09-24T02:36:41.805-0400: 37.548: [GC (GCLocker Initiated GC) [PSYoungGen: 165633K->26751K(195072K)] 400655K->262500K(719360K), 0.0083510 secs] [Times: user=0.11 sys=0.00, real=0.00 secs] 
2016-09-24T02:36:41.920-0400: 37.664: [GC (GCLocker Initiated GC) [PSYoungGen: 157311K->39218K(195072K)] 398653K->292109K(719360K), 0.0124350 secs] [Times: user=0.17 sys=0.01, real=0.01 secs] 
2016-09-24T02:36:42.038-0400: 37.781: [GC (GCLocker Initiated GC) [PSYoungGen: 169778K->33791K(196096K)] 436351K->301173K(720384K), 0.0063783 secs] [Times: user=0.06 sys=0.00, real=0.01 secs] 
2016-09-24T02:36:42.159-0400: 37.903: [GC (Allocation Failure) [PSYoungGen: 168447K->43744K(195072K)] 448748K->325139K(719360K), 0.0105626 secs] [Times: user=0.10 sys=0.00, real=0.01 secs] 
2016-09-24T02:36:42.171-0400: 37.914: [GC (GCLocker Initiated GC) [PSYoungGen: 47141K->2988K(193536K)] 328537K->327808K(717824K), 0.0052194 secs] [Times: user=0.05 sys=0.01, real=0.01 secs] 
2016-09-24T02:36:42.275-0400: 38.018: [GC (GCLocker Initiated GC) [PSYoungGen: 136108K->50586K(183808K)] 460932K->375434K(708096K), 0.0098415 secs] [Times: user=0.07 sys=0.00, real=0.01 secs] 
2016-09-24T02:36:42.395-0400: 38.139: [GC (GCLocker Initiated GC) [PSYoungGen: 183706K->31647K(197120K)] 512616K->362168K(721408K), 0.0076138 secs] [Times: user=0.08 sys=0.00, real=0.01 secs] 
2016-09-24T02:36:42.504-0400: 38.247: [GC (GCLocker Initiated GC) [PSYoungGen: 161695K->54536K(184832K)] 497662K->392122K(709120K), 0.0068420 secs] [Times: user=0.08 sys=0.00, real=0.00 secs] 
2016-09-24T02:36:42.617-0400: 38.361: [GC (GCLocker Initiated GC) [PSYoungGen: 184584K->45222K(193536K)] 529017K->399113K(717824K), 0.0121556 secs] [Times: user=0.17 sys=0.00, real=0.01 secs] 
2016-09-24T02:36:42.733-0400: 38.477: [GC (GCLocker Initiated GC) [PSYoungGen: 169638K->43518K(167936K)] 526302K->401708K(692224K), 0.0077648 secs] [Times: user=0.07 sys=0.00, real=0.01 secs] 
2016-09-24T02:36:42.834-0400: 38.577: [GC (GCLocker Initiated GC) [PSYoungGen: 167934K->44937K(192512K)] 526321K->404656K(716800K), 0.0200256 secs] [Times: user=0.24 sys=0.00, real=0.02 secs] 
2016-09-24T02:36:42.955-0400: 38.698: [GC (GCLocker Initiated GC) [PSYoungGen: 169865K->50690K(192000K)] 535054K->417263K(716288K), 0.0127066 secs] [Times: user=0.18 sys=0.00, real=0.01 secs] 
2016-09-24T02:36:43.073-0400: 38.817: [GC (GCLocker Initiated GC) [PSYoungGen: 175618K->54608K(188928K)] 544913K->425373K(713216K), 0.0144041 secs] [Times: user=0.19 sys=0.01, real=0.02 secs] 
2016-09-24T02:36:43.191-0400: 38.934: [GC (GCLocker Initiated GC) [PSYoungGen: 175440K->54342K(175616K)] 546350K->426614K(699904K), 0.0094462 secs] [Times: user=0.09 sys=0.00, real=0.01 secs] 
2016-09-24T02:36:43.304-0400: 39.047: [GC (GCLocker Initiated GC) [PSYoungGen: 175174K->46601K(191488K)] 554706K->443705K(715776K), 0.0074279 secs] [Times: user=0.11 sys=0.00, real=0.00 secs] 
2016-09-24T02:36:43.403-0400: 39.146: [GC (GCLocker Initiated GC) [PSYoungGen: 165897K->35396K(155136K)] 567059K->462389K(679424K), 0.0064551 secs] [Times: user=0.08 sys=0.00, real=0.00 secs] 
2016-09-24T02:36:43.497-0400: 39.241: [GC (GCLocker Initiated GC) [PSYoungGen: 154692K->47658K(189952K)] 589854K->483962K(714240K), 0.0060185 secs] [Times: user=0.05 sys=0.00, real=0.01 secs] 
2016-09-24T02:36:43.603-0400: 39.347: [GC (GCLocker Initiated GC) [PSYoungGen: 167978K->51578K(188928K)] 609778K->494604K(713216K), 0.0115783 secs] [Times: user=0.15 sys=0.01, real=0.01 secs] 
2016-09-24T02:36:43.700-0400: 39.444: [GC (GCLocker Initiated GC) [PSYoungGen: 171898K->36487K(192000K)] 617828K->483592K(716288K), 0.0071346 secs] [Times: user=0.08 sys=0.00, real=0.01 secs] 
2016-09-24T02:36:43.804-0400: 39.547: [GC (GCLocker Initiated GC) [PSYoungGen: 160903K->54289K(192512K)] 610882K->505343K(716800K), 0.0093613 secs] [Times: user=0.11 sys=0.00, real=0.00 secs] 
2016-09-24T02:36:43.908-0400: 39.651: [GC (GCLocker Initiated GC) [PSYoungGen: 178705K->62339K(184320K)] 629814K->536207K(708608K), 0.0086446 secs] [Times: user=0.11 sys=0.00, real=0.01 secs] 
2016-09-24T02:36:43.997-0400: 39.741: [GC (GCLocker Initiated GC) [PSYoungGen: 177027K->47425K(188416K)] 653634K->546733K(712704K), 0.0069789 secs] [Times: user=0.10 sys=0.00, real=0.01 secs] 
2016-09-24T02:36:44.004-0400: 39.748: [Full GC (Ergonomics) [PSYoungGen: 47425K->0K(188416K)] [ParOldGen: 499308K->187173K(524288K)] 546733K->187173K(712704K), [Metaspace: 43618K->43618K(1087488K)], 0.0632662 secs] [Times: user=0.53 sys=0.00, real=0.06 secs] 
2016-09-24T02:36:44.161-0400: 39.904: [GC (GCLocker Initiated GC) [PSYoungGen: 114688K->35592K(185856K)] 309973K->230878K(710144K), 0.0053586 secs] [Times: user=0.07 sys=0.00, real=0.01 secs] 
2016-09-24T02:36:44.267-0400: 40.010: [GC (GCLocker Initiated GC) [PSYoungGen: 152840K->36494K(187904K)] 360335K->246669K(712192K), 0.0142815 secs] [Times: user=0.18 sys=0.00, real=0.01 secs] 
2016-09-24T02:36:44.378-0400: 40.122: [GC (GCLocker Initiated GC) [PSYoungGen: 153742K->31225K(190464K)] 374818K->266851K(714752K), 0.0076853 secs] [Times: user=0.06 sys=0.00, real=0.01 secs] 
2016-09-24T02:36:44.490-0400: 40.233: [GC (GCLocker Initiated GC) [PSYoungGen: 153081K->25835K(191488K)] 395468K->269355K(715776K), 0.0045837 secs] [Times: user=0.02 sys=0.01, real=0.01 secs] 
2016-09-24T02:36:44.585-0400: 40.329: [GC (GCLocker Initiated GC) [PSYoungGen: 147691K->46126K(190464K)] 399323K->298965K(714752K), 0.0052031 secs] [Times: user=0.05 sys=0.00, real=0.00 secs] 
2016-09-24T02:36:44.697-0400: 40.441: [GC (GCLocker Initiated GC) [PSYoungGen: 169006K->44881K(191488K)] 427480K->304411K(715776K), 0.0061912 secs] [Times: user=0.05 sys=0.01, real=0.01 secs] 
2016-09-24T02:36:44.793-0400: 40.536: [GC (GCLocker Initiated GC) [PSYoungGen: 167761K->63593K(183808K)] 430024K->327025K(708096K), 0.0092803 secs] [Times: user=0.12 sys=0.00, real=0.02 secs] 
2016-09-24T02:36:44.900-0400: 40.643: [GC (GCLocker Initiated GC) [PSYoungGen: 180329K->41916K(189440K)] 446711K->314695K(713728K), 0.0264013 secs] [Times: user=0.28 sys=0.01, real=0.03 secs] 
2016-09-24T02:36:45.031-0400: 40.774: [GC (GCLocker Initiated GC) [PSYoungGen: 158652K->42254K(182784K)] 440890K->325580K(707072K), 0.0053703 secs] [Times: user=0.06 sys=0.00, real=0.01 secs] 
2016-09-24T02:36:45.135-0400: 40.878: [GC (GCLocker Initiated GC) [PSYoungGen: 161550K->47506K(187392K)] 447628K->334850K(711680K), 0.0107719 secs] [Times: user=0.13 sys=0.01, real=0.01 secs] 
2016-09-24T02:36:45.249-0400: 40.993: [GC (GCLocker Initiated GC) [PSYoungGen: 166802K->52998K(193024K)] 454192K->363147K(717312K), 0.0067667 secs] [Times: user=0.09 sys=0.01, real=0.01 secs] 
2016-09-24T02:36:45.359-0400: 41.102: [GC (GCLocker Initiated GC) [PSYoungGen: 178950K->53019K(179200K)] 491845K->375232K(703488K), 0.0098939 secs] [Times: user=0.09 sys=0.01, real=0.01 secs] 
2016-09-24T02:36:45.479-0400: 41.222: [GC (GCLocker Initiated GC) [PSYoungGen: 178971K->22936K(190464K)] 503942K->368046K(714752K), 0.0212981 secs] [Times: user=0.23 sys=0.01, real=0.02 secs] 
2016-09-24T02:36:45.621-0400: 41.364: [GC (GCLocker Initiated GC) [PSYoungGen: 144792K->51479K(173568K)] 492617K->413884K(697856K), 0.0123001 secs] [Times: user=0.17 sys=0.02, real=0.01 secs] 
2016-09-24T02:36:45.746-0400: 41.490: [GC (GCLocker Initiated GC) [PSYoungGen: 173335K->39150K(193536K)] 538640K->405488K(717824K), 0.0098954 secs] [Times: user=0.14 sys=0.00, real=0.01 secs] 
2016-09-24T02:36:45.874-0400: 41.617: [GC (GCLocker Initiated GC) [PSYoungGen: 162030K->44826K(167936K)] 539204K->423022K(692224K), 0.0163154 secs] [Times: user=0.22 sys=0.00, real=0.02 secs] 
2016-09-24T02:36:46.003-0400: 41.746: [GC (GCLocker Initiated GC) [PSYoungGen: 167706K->14890K(186368K)] 556724K->418522K(710656K), 0.0086122 secs] [Times: user=0.10 sys=0.00, real=0.00 secs] 
2016-09-24T02:36:46.113-0400: 41.856: [GC (GCLocker Initiated GC) [PSYoungGen: 134698K->58340K(178176K)] 541101K->465909K(702464K), 0.0063255 secs] [Times: user=0.08 sys=0.01, real=0.01 secs] 
2016-09-24T02:36:46.213-0400: 41.957: [GC (GCLocker Initiated GC) [PSYoungGen: 178148K->61040K(181760K)] 585790K->469835K(706048K), 0.0094298 secs] [Times: user=0.11 sys=0.01, real=0.02 secs] 
2016-09-24T02:36:46.309-0400: 42.053: [GC (GCLocker Initiated GC) [PSYoungGen: 169584K->46242K(185344K)] 582472K->476529K(709632K), 0.0156470 secs] [Times: user=0.22 sys=0.00, real=0.02 secs] 
2016-09-24T02:36:46.411-0400: 42.154: [GC (GCLocker Initiated GC) [PSYoungGen: 154786K->35262K(181248K)] 587934K->469559K(705536K), 0.0193826 secs] [Times: user=0.27 sys=0.00, real=0.02 secs] 
2016-09-24T02:36:46.517-0400: 42.260: [GC (GCLocker Initiated GC) [PSYoungGen: 146366K->42044K(183808K)] 588829K->488295K(708096K), 0.0103619 secs] [Times: user=0.11 sys=0.00, real=0.01 secs] 
2016-09-24T02:36:46.616-0400: 42.359: [GC (GCLocker Initiated GC) [PSYoungGen: 153148K->35489K(187392K)] 609211K->514248K(711680K), 0.0106901 secs] [Times: user=0.14 sys=0.00, real=0.01 secs] 
2016-09-24T02:36:46.725-0400: 42.468: [GC (GCLocker Initiated GC) [PSYoungGen: 154785K->56927K(188416K)] 641681K->544887K(712704K), 0.0106739 secs] [Times: user=0.13 sys=0.01, real=0.01 secs] 
2016-09-24T02:36:46.832-0400: 42.576: [GC (GCLocker Initiated GC) [PSYoungGen: 176223K->66425K(179200K)] 664203K->571758K(703488K), 0.0129859 secs] [Times: user=0.19 sys=0.00, real=0.02 secs] 
2016-09-24T02:36:46.845-0400: 42.589: [Full GC (Ergonomics) [PSYoungGen: 66425K->0K(179200K)] [ParOldGen: 505333K->210704K(524288K)] 571758K->210704K(703488K), [Metaspace: 43638K->43638K(1087488K)], 0.0575950 secs] [Times: user=0.45 sys=0.01, real=0.06 secs] 
2016-09-24T02:36:48.919-0400: 44.662: [GC (GCLocker Initiated GC) [PSYoungGen: 107520K->30268K(184832K)] 325097K->247854K(709120K), 0.0444953 secs] [Times: user=0.46 sys=0.02, real=0.05 secs] 
2016-09-24T02:36:49.077-0400: 44.820: [GC (GCLocker Initiated GC) [PSYoungGen: 137788K->17490K(182272K)] 367527K->251551K(706560K), 0.0078393 secs] [Times: user=0.08 sys=0.00, real=0.01 secs] 
2016-09-24T02:36:49.187-0400: 44.931: [GC (GCLocker Initiated GC) [PSYoungGen: 122962K->41677K(147456K)] 357029K->276770K(671744K), 0.0067204 secs] [Times: user=0.05 sys=0.00, real=0.00 secs] 
2016-09-24T02:36:49.291-0400: 45.035: [GC (GCLocker Initiated GC) [PSYoungGen: 147149K->32526K(183296K)] 388836K->275086K(707584K), 0.0125654 secs] [Times: user=0.11 sys=0.00, real=0.02 secs] 
2016-09-24T02:36:49.405-0400: 45.148: [GC (GCLocker Initiated GC) [PSYoungGen: 141070K->47304K(181760K)] 383640K->291006K(706048K), 0.0055659 secs] [Times: user=0.05 sys=0.00, real=0.00 secs] 
2016-09-24T02:36:49.501-0400: 45.244: [GC (GCLocker Initiated GC) [PSYoungGen: 155848K->54089K(184832K)] 399560K->298717K(709120K), 0.0062352 secs] [Times: user=0.07 sys=0.00, real=0.01 secs] 
2016-09-24T02:36:49.610-0400: 45.353: [GC (GCLocker Initiated GC) [PSYoungGen: 166729K->47313K(186368K)] 411390K->303732K(710656K), 0.0060832 secs] [Times: user=0.06 sys=0.01, real=0.01 secs] 
2016-09-24T02:36:49.702-0400: 45.445: [GC (GCLocker Initiated GC) [PSYoungGen: 159953K->43141K(183296K)] 416413K->300567K(707584K), 0.0060440 secs] [Times: user=0.05 sys=0.00, real=0.01 secs] 
2016-09-24T02:36:49.804-0400: 45.547: [GC (GCLocker Initiated GC) [PSYoungGen: 159365K->44744K(185856K)] 419494K->308592K(710144K), 0.0094128 secs] [Times: user=0.09 sys=0.01, real=0.00 secs] 
2016-09-24T02:36:49.913-0400: 45.656: [GC (GCLocker Initiated GC) [PSYoungGen: 160968K->32536K(190976K)] 432941K->305525K(715264K), 0.0106808 secs] [Times: user=0.12 sys=0.00, real=0.02 secs] 
2016-09-24T02:36:50.032-0400: 45.776: [GC (GCLocker Initiated GC) [PSYoungGen: 157464K->31084K(192000K)] 430462K->318708K(716288K), 0.0192621 secs] [Times: user=0.20 sys=0.01, real=0.02 secs] 
2016-09-24T02:36:50.174-0400: 45.917: [GC (GCLocker Initiated GC) [PSYoungGen: 156012K->32409K(192512K)] 450415K->327789K(716800K), 0.0052789 secs] [Times: user=0.04 sys=0.01, real=0.01 secs] 
2016-09-24T02:36:50.292-0400: 46.035: [GC (GCLocker Initiated GC) [PSYoungGen: 160921K->25890K(194048K)] 463078K->353418K(718336K), 0.0066253 secs] [Times: user=0.06 sys=0.01, real=0.01 secs] 
2016-09-24T02:36:50.421-0400: 46.165: [GC (GCLocker Initiated GC) [PSYoungGen: 154402K->27074K(195584K)] 488709K->362611K(719872K), 0.0145431 secs] [Times: user=0.14 sys=0.00, real=0.02 secs] 
2016-09-24T02:36:50.559-0400: 46.303: [GC (GCLocker Initiated GC) [PSYoungGen: 158146K->37905K(169472K)] 493697K->374633K(693760K), 0.0059670 secs] [Times: user=0.04 sys=0.00, real=0.01 secs] 
2016-09-24T02:36:50.689-0400: 46.432: [GC (GCLocker Initiated GC) [PSYoungGen: 168977K->40670K(196608K)] 505748K->378552K(720896K), 0.0080917 secs] [Times: user=0.06 sys=0.00, real=0.01 secs] 
2016-09-24T02:36:50.818-0400: 46.562: [GC (GCLocker Initiated GC) [PSYoungGen: 174814K->43662K(195072K)] 519456K->400240K(719360K), 0.0062895 secs] [Times: user=0.08 sys=0.00, real=0.01 secs] 
2016-09-24T02:36:50.934-0400: 46.677: [GC (GCLocker Initiated GC) [PSYoungGen: 177806K->58292K(192000K)] 534390K->416184K(716288K), 0.0063224 secs] [Times: user=0.06 sys=0.01, real=0.01 secs] 
2016-09-24T02:36:51.048-0400: 46.791: [GC (GCLocker Initiated GC) [PSYoungGen: 189364K->54322K(185856K)] 547437K->413491K(710144K), 0.0055283 secs] [Times: user=0.07 sys=0.00, real=0.00 secs] 
2016-09-24T02:36:51.155-0400: 46.899: [GC (GCLocker Initiated GC) [PSYoungGen: 185394K->35485K(195072K)] 552700K->403943K(719360K), 0.0084825 secs] [Times: user=0.09 sys=0.00, real=0.01 secs] 
2016-09-24T02:36:51.266-0400: 47.009: [GC (GCLocker Initiated GC) [PSYoungGen: 161949K->62570K(189440K)] 533200K->443163K(713728K), 0.0070172 secs] [Times: user=0.09 sys=0.01, real=0.00 secs] 
2016-09-24T02:36:51.367-0400: 47.111: [GC (GCLocker Initiated GC) [PSYoungGen: 189034K->19152K(186880K)] 576383K->426624K(711168K), 0.0059794 secs] [Times: user=0.05 sys=0.01, real=0.00 secs] 
2016-09-24T02:36:51.467-0400: 47.211: [GC (GCLocker Initiated GC) [PSYoungGen: 133840K->33889K(148992K)] 549414K->461385K(673280K), 0.0062656 secs] [Times: user=0.07 sys=0.01, real=0.00 secs] 
2016-09-24T02:36:51.560-0400: 47.304: [GC (GCLocker Initiated GC) [PSYoungGen: 148577K->48996K(187904K)] 580206K->481674K(712192K), 0.0053278 secs] [Times: user=0.05 sys=0.01, real=0.01 secs] 
2016-09-24T02:36:51.656-0400: 47.400: [GC (GCLocker Initiated GC) [PSYoungGen: 165220K->47638K(187904K)] 600602K->484286K(712192K), 0.0136871 secs] [Times: user=0.18 sys=0.00, real=0.01 secs] 
2016-09-24T02:36:51.775-0400: 47.519: [GC (GCLocker Initiated GC) [PSYoungGen: 163862K->44530K(186880K)] 608737K->490606K(711168K), 0.0129835 secs] [Times: user=0.19 sys=0.00, real=0.01 secs] 
2016-09-24T02:36:51.895-0400: 47.638: [GC (GCLocker Initiated GC) [PSYoungGen: 163826K->29787K(188416K)] 620763K->495801K(712704K), 0.0061141 secs] [Times: user=0.06 sys=0.00, real=0.00 secs] 
2016-09-24T02:36:52.010-0400: 47.753: [GC (GCLocker Initiated GC) [PSYoungGen: 149083K->35187K(188416K)] 615160K->502413K(712704K), 0.0383706 secs] [Times: user=0.48 sys=0.00, real=0.04 secs] 
2016-09-24T02:36:53.263-0400: 49.007: [GC (GCLocker Initiated GC) [PSYoungGen: 159603K->32723K(190976K)] 629563K->506412K(715264K), 0.0067159 secs] [Times: user=0.05 sys=0.01, real=0.00 secs] 
2016-09-24T02:36:53.387-0400: 49.131: [GC (GCLocker Initiated GC) [PSYoungGen: 157139K->39550K(189440K)] 630860K->519840K(713728K), 0.0084749 secs] [Times: user=0.08 sys=0.00, real=0.01 secs] 
2016-09-24T02:36:53.519-0400: 49.263: [GC (GCLocker Initiated GC) [PSYoungGen: 169598K->46434K(193024K)] 652669K->544404K(717312K), 0.0067556 secs] [Times: user=0.07 sys=0.01, real=0.01 secs] 
2016-09-24T02:36:53.649-0400: 49.392: [GC (GCLocker Initiated GC) [PSYoungGen: 176482K->50423K(196096K)] 674679K->560864K(720384K), 0.0280901 secs] [Times: user=0.32 sys=0.01, real=0.03 secs] 
2016-09-24T02:36:53.677-0400: 49.420: [Full GC (Ergonomics) [PSYoungGen: 50423K->0K(196096K)] [ParOldGen: 510440K->194124K(524288K)] 560864K->194124K(720384K), [Metaspace: 43663K->43663K(1087488K)], 0.0935676 secs] [Times: user=0.46 sys=0.04, real=0.09 secs] 
2016-09-24T02:36:53.894-0400: 49.637: [GC (GCLocker Initiated GC) [PSYoungGen: 133120K->52531K(185856K)] 327251K->246663K(710144K), 0.0062965 secs] [Times: user=0.08 sys=0.00, real=0.01 secs] 
2016-09-24T02:36:54.043-0400: 49.786: [GC (GCLocker Initiated GC) [PSYoungGen: 185651K->47839K(196096K)] 379809K->243997K(720384K), 0.0064580 secs] [Times: user=0.08 sys=0.01, real=0.00 secs] 
2016-09-24T02:36:54.162-0400: 49.905: [GC (GCLocker Initiated GC) [PSYoungGen: 177375K->39623K(169472K)] 375002K->252202K(693760K), 0.0258341 secs] [Times: user=0.34 sys=0.00, real=0.03 secs] 
2016-09-24T02:36:54.296-0400: 50.039: [GC (GCLocker Initiated GC) [PSYoungGen: 169159K->36721K(195584K)] 385798K->273691K(719872K), 0.0099207 secs] [Times: user=0.12 sys=0.00, real=0.01 secs] 
2016-09-24T02:36:54.413-0400: 50.157: [GC (GCLocker Initiated GC) [PSYoungGen: 167793K->39426K(194048K)] 407499K->280329K(718336K), 0.0135824 secs] [Times: user=0.14 sys=0.01, real=0.02 secs] 
2016-09-24T02:36:54.544-0400: 50.287: [GC (GCLocker Initiated GC) [PSYoungGen: 170498K->38080K(197120K)] 411454K->296382K(721408K), 0.0070737 secs] [Times: user=0.06 sys=0.00, real=0.00 secs] 
2016-09-24T02:36:54.664-0400: 50.407: [GC (GCLocker Initiated GC) [PSYoungGen: 173760K->41969K(196096K)] 432515K->301817K(720384K), 0.0066035 secs] [Times: user=0.06 sys=0.00, real=0.00 secs] 
2016-09-24T02:36:54.779-0400: 50.523: [GC (GCLocker Initiated GC) [PSYoungGen: 177649K->36527K(199168K)] 440348K->313843K(723456K), 0.0126738 secs] [Times: user=0.15 sys=0.00, real=0.01 secs] 
2016-09-24T02:36:54.905-0400: 50.649: [GC (GCLocker Initiated GC) [PSYoungGen: 177327K->39322K(198656K)] 460080K->325794K(722944K), 0.0263611 secs] [Times: user=0.32 sys=0.00, real=0.02 secs] 
2016-09-24T02:36:55.045-0400: 50.788: [GC (GCLocker Initiated GC) [PSYoungGen: 180122K->31119K(202240K)] 469334K->337757K(726528K), 0.0100356 secs] [Times: user=0.08 sys=0.01, real=0.01 secs] 
2016-09-24T02:36:55.184-0400: 50.928: [GC (GCLocker Initiated GC) [PSYoungGen: 177039K->42048K(202240K)] 483713K->374106K(726528K), 0.0060574 secs] [Times: user=0.07 sys=0.01, real=0.00 secs] 
2016-09-24T02:36:55.306-0400: 51.049: [GC (GCLocker Initiated GC) [PSYoungGen: 187968K->54265K(199168K)] 522808K->392865K(723456K), 0.0072518 secs] [Times: user=0.08 sys=0.01, real=0.00 secs] 
2016-09-24T02:36:55.442-0400: 51.186: [GC (GCLocker Initiated GC) [PSYoungGen: 197625K->23338K(166912K)] 544338K->387458K(691200K), 0.0192624 secs] [Times: user=0.25 sys=0.01, real=0.01 secs] 
2016-09-24T02:36:55.575-0400: 51.319: [GC (GCLocker Initiated GC) [PSYoungGen: 166698K->48939K(199168K)] 530962K->414453K(723456K), 0.0100609 secs] [Times: user=0.11 sys=0.01, real=0.01 secs] 
2016-09-24T02:36:55.699-0400: 51.442: [GC (GCLocker Initiated GC) [PSYoungGen: 187179K->46129K(200192K)] 558130K->418249K(724480K), 0.0054733 secs] [Times: user=0.05 sys=0.01, real=0.01 secs] 
2016-09-24T02:36:55.810-0400: 51.554: [GC (GCLocker Initiated GC) [PSYoungGen: 184369K->28438K(200192K)] 568858K->441026K(724480K), 0.0289192 secs] [Times: user=0.35 sys=0.00, real=0.03 secs] 
2016-09-24T02:36:55.941-0400: 51.685: [GC (GCLocker Initiated GC) [PSYoungGen: 166678K->43464K(181760K)] 587436K->465276K(706048K), 0.0146821 secs] [Times: user=0.20 sys=0.00, real=0.02 secs] 
2016-09-24T02:36:56.068-0400: 51.811: [GC (GCLocker Initiated GC) [PSYoungGen: 181704K->44512K(200192K)] 603594K->472780K(724480K), 0.0160751 secs] [Times: user=0.19 sys=0.00, real=0.02 secs] 
2016-09-24T02:36:56.203-0400: 51.947: [GC (GCLocker Initiated GC) [PSYoungGen: 183264K->36571K(175616K)] 625058K->490221K(699904K), 0.0062737 secs] [Times: user=0.06 sys=0.00, real=0.00 secs] 
2016-09-24T02:36:56.328-0400: 52.071: [GC (GCLocker Initiated GC) [PSYoungGen: 175323K->26841K(198656K)] 634458K->497752K(722944K), 0.0088877 secs] [Times: user=0.08 sys=0.00, real=0.01 secs] 
2016-09-24T02:36:56.450-0400: 52.193: [GC (GCLocker Initiated GC) [PSYoungGen: 166105K->41761K(199168K)] 637033K->513553K(723456K), 0.0067265 secs] [Times: user=0.06 sys=0.00, real=0.01 secs] 
2016-09-24T02:36:56.558-0400: 52.301: [GC (GCLocker Initiated GC) [PSYoungGen: 181025K->54132K(196096K)] 652842K->543196K(720384K), 0.0067103 secs] [Times: user=0.09 sys=0.00, real=0.01 secs] 
2016-09-24T02:36:56.670-0400: 52.413: [Full GC (Ergonomics) [PSYoungGen: 191348K->0K(196096K)] [ParOldGen: 503951K->221160K(524288K)] 695300K->221160K(720384K), [Metaspace: 43664K->43664K(1087488K)], 0.0788043 secs] [Times: user=0.52 sys=0.03, real=0.08 secs] 
2016-09-24T02:36:56.850-0400: 52.593: [GC (GCLocker Initiated GC) [PSYoungGen: 137216K->39084K(199680K)] 363900K->265769K(723968K), 0.0058764 secs] [Times: user=0.04 sys=0.00, real=0.01 secs] 
2016-09-24T02:36:56.953-0400: 52.697: [GC (GCLocker Initiated GC) [PSYoungGen: 176300K->55170K(194560K)] 403008K->282758K(718848K), 0.0061389 secs] [Times: user=0.06 sys=0.01, real=0.01 secs] 
2016-09-24T02:36:57.047-0400: 52.790: [GC (GCLocker Initiated GC) [PSYoungGen: 189314K->63159K(197632K)] 419679K->310448K(721920K), 0.0070997 secs] [Times: user=0.09 sys=0.01, real=0.00 secs] 
2016-09-24T02:36:57.143-0400: 52.886: [GC (GCLocker Initiated GC) [PSYoungGen: 197303K->33501K(188416K)] 444672K->289574K(712704K), 0.0057756 secs] [Times: user=0.05 sys=0.01, real=0.00 secs] 
2016-09-24T02:36:57.234-0400: 52.977: [GC (GCLocker Initiated GC) [PSYoungGen: 157405K->46992K(193024K)] 419063K->322848K(717312K), 0.0057263 secs] [Times: user=0.06 sys=0.00, real=0.01 secs] 
2016-09-24T02:36:57.321-0400: 53.065: [GC (GCLocker Initiated GC) [PSYoungGen: 170896K->30713K(191488K)] 450879K->316753K(715776K), 0.0064130 secs] [Times: user=0.06 sys=0.00, real=0.01 secs] 
2016-09-24T02:36:57.425-0400: 53.168: [GC (GCLocker Initiated GC) [PSYoungGen: 156153K->24110K(193024K)] 457074K->325649K(717312K), 0.0108274 secs] [Times: user=0.14 sys=0.00, real=0.01 secs] 
2016-09-24T02:36:57.543-0400: 53.287: [GC (GCLocker Initiated GC) [PSYoungGen: 149550K->50122K(192000K)] 457923K->359243K(716288K), 0.0051538 secs] [Times: user=0.06 sys=0.00, real=0.00 secs] 
2016-09-24T02:36:57.656-0400: 53.399: [GC (GCLocker Initiated GC) [PSYoungGen: 174026K->46034K(193024K)] 489934K->371101K(717312K), 0.0105192 secs] [Times: user=0.10 sys=0.01, real=0.01 secs] 
2016-09-24T02:36:57.768-0400: 53.512: [GC (GCLocker Initiated GC) [PSYoungGen: 169938K->36303K(189952K)] 497709K->370477K(714240K), 0.0098067 secs] [Times: user=0.08 sys=0.00, real=0.01 secs] 
2016-09-24T02:36:57.882-0400: 53.625: [GC (GCLocker Initiated GC) [PSYoungGen: 161231K->26846K(191488K)] 498116K->364663K(715776K), 0.0067288 secs] [Times: user=0.06 sys=0.00, real=0.01 secs] 
2016-09-24T02:36:57.993-0400: 53.737: [GC (GCLocker Initiated GC) [PSYoungGen: 151774K->33533K(192000K)] 489727K->372482K(716288K), 0.0121441 secs] [Times: user=0.09 sys=0.01, real=0.02 secs] 
2016-09-24T02:36:58.109-0400: 53.852: [GC (GCLocker Initiated GC) [PSYoungGen: 163069K->25587K(194048K)] 507514K->379057K(718336K), 0.0115598 secs] [Times: user=0.10 sys=0.00, real=0.01 secs] 
2016-09-24T02:36:58.222-0400: 53.965: [GC (GCLocker Initiated GC) [PSYoungGen: 155123K->32248K(194560K)] 512652K->396223K(718848K), 0.0216070 secs] [Times: user=0.22 sys=0.01, real=0.03 secs] 
2016-09-24T02:36:58.352-0400: 54.096: [GC (GCLocker Initiated GC) [PSYoungGen: 165368K->30930K(196096K)] 537572K->404100K(720384K), 0.0213960 secs] [Times: user=0.27 sys=0.00, real=0.02 secs] 
2016-09-24T02:36:58.490-0400: 54.233: [GC (GCLocker Initiated GC) [PSYoungGen: 164050K->29823K(196096K)] 547604K->414279K(720384K), 0.0153539 secs] [Times: user=0.14 sys=0.00, real=0.02 secs] 
2016-09-24T02:36:58.616-0400: 54.359: [GC (GCLocker Initiated GC) [PSYoungGen: 167551K->45907K(197632K)] 554757K->447702K(721920K), 0.0104660 secs] [Times: user=0.11 sys=0.00, real=0.01 secs] 
2016-09-24T02:36:58.748-0400: 54.491: [GC (GCLocker Initiated GC) [PSYoungGen: 183635K->36867K(198656K)] 592209K->446557K(722944K), 0.0078392 secs] [Times: user=0.08 sys=0.01, real=0.01 secs] 
2016-09-24T02:36:58.884-0400: 54.627: [GC (GCLocker Initiated GC) [PSYoungGen: 177667K->15261K(199680K)] 601425K->464590K(723968K), 0.0085146 secs] [Times: user=0.07 sys=0.00, real=0.00 secs] 
2016-09-24T02:36:59.021-0400: 54.765: [GC (GCLocker Initiated GC) [PSYoungGen: 156061K->39943K(202240K)] 608105K->493500K(726528K), 0.0057216 secs] [Times: user=0.06 sys=0.00, real=0.01 secs] 
2016-09-24T02:36:59.173-0400: 54.917: [GC (GCLocker Initiated GC) [PSYoungGen: 181767K->32203K(174080K)] 638109K->490320K(698368K), 0.0089760 secs] [Times: user=0.07 sys=0.00, real=0.02 secs] 
2016-09-24T02:36:59.320-0400: 55.064: [GC (GCLocker Initiated GC) [PSYoungGen: 174027K->37255K(201216K)] 632273K->497541K(725504K), 0.0114772 secs] [Times: user=0.09 sys=0.00, real=0.01 secs] 
2016-09-24T02:36:59.461-0400: 55.204: [GC (GCLocker Initiated GC) [PSYoungGen: 180615K->30634K(199680K)] 651706K->506316K(723968K), 0.0244570 secs] [Times: user=0.27 sys=0.00, real=0.03 secs] 
2016-09-24T02:36:59.627-0400: 55.370: [GC (GCLocker Initiated GC) [PSYoungGen: 173994K->33088K(203776K)] 649726K->510888K(728064K), 0.0270114 secs] [Times: user=0.28 sys=0.01, real=0.02 secs] 
2016-09-24T02:36:59.792-0400: 55.536: [GC (GCLocker Initiated GC) [PSYoungGen: 183104K->29459K(203264K)] 669116K->517214K(727552K), 0.0128668 secs] [Times: user=0.11 sys=0.00, real=0.02 secs] 
2016-09-24T02:36:59.935-0400: 55.678: [GC (GCLocker Initiated GC) [PSYoungGen: 179475K->30790K(207872K)] 675550K->529011K(732160K), 0.0194609 secs] [Times: user=0.19 sys=0.01, real=0.02 secs] 
2016-09-24T02:37:00.123-0400: 55.866: [Full GC (Ergonomics) [PSYoungGen: 186950K->0K(207872K)] [ParOldGen: 511838K->239304K(524288K)] 698789K->239304K(732160K), [Metaspace: 43664K->43664K(1087488K)], 0.0871260 secs] [Times: user=0.56 sys=0.00, real=0.08 secs] 
2016-09-24T02:37:00.364-0400: 56.108: [GC (GCLocker Initiated GC) [PSYoungGen: 156160K->42214K(207360K)] 400929K->286984K(731648K), 0.0127993 secs] [Times: user=0.12 sys=0.00, real=0.01 secs] 
2016-09-24T02:37:00.530-0400: 56.274: [GC (GCLocker Initiated GC) [PSYoungGen: 198374K->36163K(209408K)] 443163K->285062K(733696K), 0.0173741 secs] [Times: user=0.16 sys=0.00, real=0.02 secs] 
2016-09-24T02:37:00.690-0400: 56.433: [GC (GCLocker Initiated GC) [PSYoungGen: 194371K->41424K(209408K)] 443295K->292473K(733696K), 0.0071142 secs] [Times: user=0.05 sys=0.01, real=0.01 secs] 
2016-09-24T02:37:00.865-0400: 56.609: [GC (GCLocker Initiated GC) [PSYoungGen: 199632K->27074K(209920K)] 460621K->290001K(734208K), 0.0054331 secs] [Times: user=0.04 sys=0.01, real=0.00 secs] 
2016-09-24T02:37:01.032-0400: 56.775: [GC (GCLocker Initiated GC) [PSYoungGen: 184770K->32294K(190464K)] 450528K->300210K(714752K), 0.0135276 secs] [Times: user=0.13 sys=0.00, real=0.02 secs] 
2016-09-24T02:37:01.183-0400: 56.926: [GC (GCLocker Initiated GC) [PSYoungGen: 189990K->39201K(208384K)] 462091K->313439K(732672K), 0.0088880 secs] [Times: user=0.06 sys=0.00, real=0.00 secs] 
2016-09-24T02:37:01.335-0400: 57.078: [GC (GCLocker Initiated GC) [PSYoungGen: 196897K->48411K(206336K)] 471168K->327749K(730624K), 0.0053491 secs] [Times: user=0.06 sys=0.00, real=0.00 secs] 
2016-09-24T02:37:01.496-0400: 57.240: [GC (GCLocker Initiated GC) [PSYoungGen: 206107K->46051K(203776K)] 488256K->357215K(728064K), 0.0068771 secs] [Times: user=0.07 sys=0.01, real=0.01 secs] 
2016-09-24T02:37:01.646-0400: 57.389: [GC (Allocation Failure) [PSYoungGen: 195555K->36495K(205824K)] 516401K->359648K(730112K), 0.0066297 secs] [Times: user=0.06 sys=0.00, real=0.00 secs] 
2016-09-24T02:37:01.654-0400: 57.397: [GC (GCLocker Initiated GC) [PSYoungGen: 39725K->2956K(199680K)] 362877K->367740K(723968K), 0.0100906 secs] [Times: user=0.12 sys=0.00, real=0.02 secs] 
2016-09-24T02:37:01.815-0400: 57.559: [GC (GCLocker Initiated GC) [PSYoungGen: 147597K->29940K(203776K)] 516432K->398791K(728064K), 0.0109482 secs] [Times: user=0.09 sys=0.00, real=0.01 secs] 
2016-09-24T02:37:01.958-0400: 57.702: [GC (GCLocker Initiated GC) [PSYoungGen: 175348K->42996K(203264K)] 549618K->420022K(727552K), 0.0217546 secs] [Times: user=0.25 sys=0.00, real=0.02 secs] 
2016-09-24T02:37:02.119-0400: 57.863: [GC (GCLocker Initiated GC) [PSYoungGen: 189428K->18584K(165376K)] 580881K->414816K(689664K), 0.0085065 secs] [Times: user=0.06 sys=0.00, real=0.01 secs] 
2016-09-24T02:37:02.261-0400: 58.004: [GC (GCLocker Initiated GC) [PSYoungGen: 165016K->49526K(196608K)] 568049K->454742K(720896K), 0.0103123 secs] [Times: user=0.15 sys=0.00, real=0.01 secs] 
2016-09-24T02:37:02.388-0400: 58.132: [GC (GCLocker Initiated GC) [PSYoungGen: 187766K->60285K(198656K)] 595715K->475367K(722944K), 0.0125868 secs] [Times: user=0.17 sys=0.01, real=0.01 secs] 
2016-09-24T02:37:02.535-0400: 58.278: [GC (GCLocker Initiated GC) [PSYoungGen: 198525K->55114K(181248K)] 620458K->500337K(705536K), 0.0124223 secs] [Times: user=0.15 sys=0.02, real=0.01 secs] 
2016-09-24T02:37:02.658-0400: 58.401: [GC (GCLocker Initiated GC) [PSYoungGen: 172874K->35307K(189952K)] 623507K->506597K(714240K), 0.0073019 secs] [Times: user=0.06 sys=0.00, real=0.01 secs] 
2016-09-24T02:37:02.743-0400: 58.487: [GC (GCLocker Initiated GC) [PSYoungGen: 153067K->56491K(185344K)] 627092K->531697K(709632K), 0.0063915 secs] [Times: user=0.06 sys=0.00, real=0.00 secs] 
2016-09-24T02:37:02.850-0400: 58.593: [GC (GCLocker Initiated GC) [PSYoungGen: 172203K->36344K(188928K)] 647468K->512318K(713216K), 0.0101420 secs] [Times: user=0.09 sys=0.01, real=0.01 secs] 
2016-09-24T02:37:02.960-0400: 58.704: [GC (GCLocker Initiated GC) [PSYoungGen: 152056K->45934K(185856K)] 633463K->552429K(710144K), 0.0065824 secs] [Times: user=0.08 sys=0.00, real=0.01 secs] 
2016-09-24T02:37:02.967-0400: 58.710: [Full GC (Ergonomics) [PSYoungGen: 45934K->0K(185856K)] [ParOldGen: 506494K->197050K(524288K)] 552429K->197050K(710144K), [Metaspace: 43677K->43677K(1087488K)], 0.0763837 secs] [Times: user=0.51 sys=0.01, real=0.08 secs] 
2016-09-24T02:37:03.157-0400: 58.901: [GC (GCLocker Initiated GC) [PSYoungGen: 118272K->25629K(187904K)] 330246K->237604K(712192K), 0.0053384 secs] [Times: user=0.03 sys=0.00, real=0.01 secs] 
2016-09-24T02:37:03.272-0400: 59.016: [GC (GCLocker Initiated GC) [PSYoungGen: 143901K->39382K(186368K)] 358638K->276904K(710656K), 0.0135030 secs] [Times: user=0.17 sys=0.00, real=0.02 secs] 
2016-09-24T02:37:03.376-0400: 59.119: [GC (GCLocker Initiated GC) [PSYoungGen: 162262K->54084K(189440K)] 399987K->292767K(713728K), 0.0115628 secs] [Times: user=0.13 sys=0.00, real=0.01 secs] 
2016-09-24T02:37:03.488-0400: 59.231: [GC (GCLocker Initiated GC) [PSYoungGen: 176964K->23015K(192512K)] 427801K->274832K(716800K), 0.0132077 secs] [Times: user=0.16 sys=0.00, real=0.01 secs] 
2016-09-24T02:37:03.609-0400: 59.352: [GC (GCLocker Initiated GC) [PSYoungGen: 145895K->55427K(178688K)] 397722K->308117K(702976K), 0.0221968 secs] [Times: user=0.31 sys=0.00, real=0.02 secs] 
2016-09-24T02:37:03.738-0400: 59.482: [GC (GCLocker Initiated GC) [PSYoungGen: 178307K->60792K(181248K)] 431052K->322505K(705536K), 0.0091822 secs] [Times: user=0.07 sys=0.00, real=0.01 secs] 
2016-09-24T02:37:03.842-0400: 59.585: [GC (GCLocker Initiated GC) [PSYoungGen: 169336K->64791K(173568K)] 431085K->338244K(697856K), 0.0144522 secs] [Times: user=0.18 sys=0.00, real=0.02 secs] 
2016-09-24T02:37:03.950-0400: 59.693: [GC (GCLocker Initiated GC) [PSYoungGen: 173335K->20058K(179200K)] 453713K->328241K(703488K), 0.0115561 secs] [Times: user=0.15 sys=0.00, real=0.01 secs] 
2016-09-24T02:37:04.045-0400: 59.788: [GC (GCLocker Initiated GC) [PSYoungGen: 117338K->32348K(130048K)] 431872K->366765K(654336K), 0.0211212 secs] [Times: user=0.26 sys=0.00, real=0.02 secs] 
2016-09-24T02:37:04.137-0400: 59.881: [GC (GCLocker Initiated GC) [PSYoungGen: 129628K->54916K(176128K)] 464088K->390146K(700416K), 0.0072318 secs] [Times: user=0.06 sys=0.00, real=0.01 secs] 
2016-09-24T02:37:04.230-0400: 59.974: [GC (GCLocker Initiated GC) [PSYoungGen: 151172K->47030K(177664K)] 486439K->382901K(701952K), 0.0167835 secs] [Times: user=0.16 sys=0.00, real=0.02 secs] 
2016-09-24T02:37:04.332-0400: 60.075: [GC (Allocation Failure) [PSYoungGen: 143286K->22739K(179712K)] 482038K->383966K(704000K), 0.0143079 secs] [Times: user=0.13 sys=0.00, real=0.02 secs] 
2016-09-24T02:37:04.346-0400: 60.090: [GC (GCLocker Initiated GC) [PSYoungGen: 23080K->0K(179712K)] 384306K->398716K(704000K), 0.0079578 secs] [Times: user=0.07 sys=0.00, real=0.01 secs] 
2016-09-24T02:37:04.432-0400: 60.175: [GC (GCLocker Initiated GC) [PSYoungGen: 98359K->49091K(180224K)] 499775K->450508K(704512K), 0.0100612 secs] [Times: user=0.09 sys=0.00, real=0.01 secs] 
2016-09-24T02:37:04.538-0400: 60.281: [GC (GCLocker Initiated GC) [PSYoungGen: 147395K->28304K(126976K)] 551713K->436922K(651264K), 0.0104935 secs] [Times: user=0.08 sys=0.01, real=0.01 secs] 
2016-09-24T02:37:04.647-0400: 60.390: [GC (GCLocker Initiated GC) [PSYoungGen: 126608K->60867K(173056K)] 535308K->470638K(697344K), 0.0256054 secs] [Times: user=0.35 sys=0.00, real=0.02 secs] 
2016-09-24T02:37:04.754-0400: 60.497: [GC (GCLocker Initiated GC) [PSYoungGen: 154563K->39459K(177664K)] 571141K->473335K(701952K), 0.0137378 secs] [Times: user=0.18 sys=0.00, real=0.02 secs] 
2016-09-24T02:37:04.856-0400: 60.600: [GC (GCLocker Initiated GC) [PSYoungGen: 133155K->59489K(174592K)] 567034K->494500K(698880K), 0.0057466 secs] [Times: user=0.08 sys=0.00, real=0.00 secs] 
2016-09-24T02:37:04.945-0400: 60.689: [GC (GCLocker Initiated GC) [PSYoungGen: 154721K->47497K(178176K)] 597971K->491674K(702464K), 0.0054664 secs] [Times: user=0.07 sys=0.01, real=0.00 secs] 
2016-09-24T02:37:05.042-0400: 60.786: [GC (GCLocker Initiated GC) [PSYoungGen: 142729K->33900K(173568K)] 592419K->495443K(697856K), 0.0082600 secs] [Times: user=0.10 sys=0.01, real=0.00 secs] 
2016-09-24T02:37:05.131-0400: 60.874: [GC (GCLocker Initiated GC) [PSYoungGen: 132204K->52930K(177152K)] 599184K->520994K(701440K), 0.0074654 secs] [Times: user=0.10 sys=0.00, real=0.01 secs] 
2016-09-24T02:37:05.243-0400: 60.986: [GC (GCLocker Initiated GC) [PSYoungGen: 151234K->55567K(180736K)] 622035K->527454K(705024K), 0.0051961 secs] [Times: user=0.07 sys=0.00, real=0.00 secs] 
2016-09-24T02:37:05.333-0400: 61.076: [GC (GCLocker Initiated GC) [PSYoungGen: 156943K->55565K(157184K)] 631581K->547434K(681472K), 0.0063311 secs] [Times: user=0.08 sys=0.02, real=0.01 secs] 
2016-09-24T02:37:05.339-0400: 61.083: [Full GC (Ergonomics) [PSYoungGen: 55565K->0K(157184K)] [ParOldGen: 491868K->214026K(524288K)] 547434K->214026K(681472K), [Metaspace: 43696K->43696K(1087488K)], 0.0605281 secs] [Times: user=0.39 sys=0.01, real=0.06 secs] 
2016-09-24T02:37:05.497-0400: 61.240: [GC (GCLocker Initiated GC) [PSYoungGen: 101376K->53154K(181760K)] 315587K->267365K(706048K), 0.0073605 secs] [Times: user=0.10 sys=0.00, real=0.01 secs] 
2016-09-24T02:37:05.580-0400: 61.323: [GC (GCLocker Initiated GC) [PSYoungGen: 154018K->43322K(144384K)] 373765K->264467K(668672K), 0.0090762 secs] [Times: user=0.13 sys=0.00, real=0.01 secs] 
2016-09-24T02:37:05.683-0400: 61.426: [GC (GCLocker Initiated GC) [PSYoungGen: 144186K->62247K(175104K)] 365416K->284461K(699392K), 0.0103191 secs] [Times: user=0.14 sys=0.00, real=0.00 secs] 
2016-09-24T02:37:05.781-0400: 61.525: [GC (GCLocker Initiated GC) [PSYoungGen: 160039K->37919K(178176K)] 389191K->281596K(702464K), 0.0070499 secs] [Times: user=0.07 sys=0.00, real=0.01 secs] 
2016-09-24T02:37:05.884-0400: 61.628: [GC (GCLocker Initiated GC) [PSYoungGen: 135711K->24166K(181248K)] 383681K->273117K(705536K), 0.0191657 secs] [Times: user=0.17 sys=0.01, real=0.02 secs] 
2016-09-24T02:37:05.994-0400: 61.737: [GC (GCLocker Initiated GC) [PSYoungGen: 127078K->36438K(139776K)] 381461K->302669K(664064K), 0.0123201 secs] [Times: user=0.11 sys=0.00, real=0.02 secs] 
2016-09-24T02:37:06.100-0400: 61.843: [GC (GCLocker Initiated GC) [PSYoungGen: 139350K->48681K(183296K)] 413818K->326812K(707584K), 0.0169241 secs] [Times: user=0.19 sys=0.00, real=0.02 secs] 
2016-09-24T02:37:06.211-0400: 61.955: [GC (Allocation Failure) [PSYoungGen: 154665K->32576K(181760K)] 438750K->320385K(706048K), 0.0190741 secs] [Times: user=0.20 sys=0.01, real=0.02 secs] 
2016-09-24T02:37:06.306-0400: 62.049: [GC (GCLocker Initiated GC) [PSYoungGen: 138560K->26656K(184320K)] 426371K->321026K(708608K), 0.0215819 secs] [Times: user=0.20 sys=0.00, real=0.02 secs] 
2016-09-24T02:37:06.428-0400: 62.171: [GC (GCLocker Initiated GC) [PSYoungGen: 136224K->41795K(183808K)] 433339K->339700K(708096K), 0.0099232 secs] [Times: user=0.11 sys=0.01, real=0.01 secs] 
2016-09-24T02:37:06.526-0400: 62.269: [GC (GCLocker Initiated GC) [PSYoungGen: 151363K->51187K(183808K)] 449283K->349986K(708096K), 0.0062561 secs] [Times: user=0.06 sys=0.00, real=0.00 secs] 
2016-09-24T02:37:06.629-0400: 62.372: [GC (GCLocker Initiated GC) [PSYoungGen: 163827K->36626K(184320K)] 470811K->355215K(708608K), 0.0139924 secs] [Times: user=0.16 sys=0.00, real=0.02 secs] 
2016-09-24T02:37:06.749-0400: 62.492: [GC (GCLocker Initiated GC) [PSYoungGen: 149266K->44762K(188928K)] 473358K->380717K(713216K), 0.0294958 secs] [Times: user=0.41 sys=0.00, real=0.03 secs] 
2016-09-24T02:37:06.890-0400: 62.633: [GC (GCLocker Initiated GC) [PSYoungGen: 165594K->39361K(188928K)] 507056K->381817K(713216K), 0.0235861 secs] [Times: user=0.31 sys=0.02, real=0.02 secs] 
2016-09-24T02:37:07.019-0400: 62.762: [GC (GCLocker Initiated GC) [PSYoungGen: 160193K->33850K(193024K)] 508270K->396604K(717312K), 0.0249724 secs] [Times: user=0.26 sys=0.00, real=0.03 secs] 
2016-09-24T02:37:07.153-0400: 62.896: [GC (GCLocker Initiated GC) [PSYoungGen: 160826K->54213K(192000K)] 523806K->418227K(716288K), 0.0119607 secs] [Times: user=0.11 sys=0.01, real=0.02 secs] 
2016-09-24T02:37:07.267-0400: 63.010: [GC (GCLocker Initiated GC) [PSYoungGen: 181189K->48783K(194560K)] 545303K->414060K(718848K), 0.0071944 secs] [Times: user=0.06 sys=0.00, real=0.00 secs] 
2016-09-24T02:37:07.378-0400: 63.121: [GC (GCLocker Initiated GC) [PSYoungGen: 175759K->24165K(151552K)] 541096K->406763K(675840K), 0.0085320 secs] [Times: user=0.06 sys=0.01, real=0.01 secs] 
2016-09-24T02:37:07.495-0400: 63.239: [GC (GCLocker Initiated GC) [PSYoungGen: 151141K->55474K(188928K)] 533831K->439212K(713216K), 0.0073658 secs] [Times: user=0.08 sys=0.01, real=0.01 secs] 
2016-09-24T02:37:07.596-0400: 63.339: [GC (GCLocker Initiated GC) [PSYoungGen: 176306K->36320K(191488K)] 565525K->429161K(715776K), 0.0093208 secs] [Times: user=0.09 sys=0.00, real=0.01 secs] 
2016-09-24T02:37:07.705-0400: 63.449: [GC (GCLocker Initiated GC) [PSYoungGen: 157152K->26904K(190464K)] 558317K->439753K(714752K), 0.0064023 secs] [Times: user=0.05 sys=0.00, real=0.00 secs] 
2016-09-24T02:37:07.817-0400: 63.560: [GC (GCLocker Initiated GC) [PSYoungGen: 149272K->35225K(191488K)] 570372K->457331K(715776K), 0.0115513 secs] [Times: user=0.11 sys=0.00, real=0.01 secs] 
2016-09-24T02:37:07.934-0400: 63.677: [GC (GCLocker Initiated GC) [PSYoungGen: 157593K->50202K(190976K)] 583943K->477643K(715264K), 0.0268293 secs] [Times: user=0.39 sys=0.01, real=0.03 secs] 
2016-09-24T02:37:08.067-0400: 63.810: [GC (GCLocker Initiated GC) [PSYoungGen: 174106K->40915K(192000K)] 611332K->479320K(716288K), 0.0113456 secs] [Times: user=0.13 sys=0.01, real=0.01 secs] 
2016-09-24T02:37:08.185-0400: 63.929: [GC (GCLocker Initiated GC) [PSYoungGen: 164819K->33880K(192512K)] 615377K->485522K(716800K), 0.0162786 secs] [Times: user=0.18 sys=0.01, real=0.01 secs] 
2016-09-24T02:37:08.325-0400: 64.068: [GC (GCLocker Initiated GC) [PSYoungGen: 162392K->46098K(192512K)] 620611K->505461K(716800K), 0.0227672 secs] [Times: user=0.27 sys=0.01, real=0.02 secs] 
2016-09-24T02:37:08.453-0400: 64.197: [GC (GCLocker Initiated GC) [PSYoungGen: 174610K->39060K(194048K)] 634051K->513157K(718336K), 0.0074389 secs] [Times: user=0.06 sys=0.01, real=0.01 secs] 
2016-09-24T02:37:08.593-0400: 64.337: [GC (GCLocker Initiated GC) [PSYoungGen: 173204K->33952K(196096K)] 652803K->536227K(720384K), 0.0099654 secs] [Times: user=0.09 sys=0.03, real=0.02 secs] 
2016-09-24T02:37:08.603-0400: 64.347: [Full GC (Ergonomics) [PSYoungGen: 33952K->0K(196096K)] [ParOldGen: 502275K->235765K(524288K)] 536227K->235765K(720384K), [Metaspace: 43696K->43696K(1087488K)], 0.0617379 secs] [Times: user=0.47 sys=0.02, real=0.06 secs] 
2016-09-24T02:37:08.781-0400: 64.524: [GC (GCLocker Initiated GC) [PSYoungGen: 134144K->31892K(198144K)] 378022K->275771K(722432K), 0.0188456 secs] [Times: user=0.25 sys=0.00, real=0.02 secs] 
2016-09-24T02:37:08.926-0400: 64.669: [GC (GCLocker Initiated GC) [PSYoungGen: 171156K->42141K(199680K)] 420473K->293146K(723968K), 0.0069054 secs] [Times: user=0.09 sys=0.00, real=0.00 secs] 
2016-09-24T02:37:09.041-0400: 64.784: [GC (GCLocker Initiated GC) [PSYoungGen: 181405K->58376K(192512K)] 432418K->310590K(716800K), 0.0064001 secs] [Times: user=0.08 sys=0.00, real=0.01 secs] 
2016-09-24T02:37:09.160-0400: 64.903: [GC (GCLocker Initiated GC) [PSYoungGen: 191496K->48963K(182272K)] 450499K->309057K(706560K), 0.0053210 secs] [Times: user=0.06 sys=0.00, real=0.01 secs] 
2016-09-24T02:37:09.289-0400: 65.032: [GC (GCLocker Initiated GC) [PSYoungGen: 182083K->35466K(198144K)] 450298K->304834K(722432K), 0.0069910 secs] [Times: user=0.08 sys=0.00, real=0.01 secs] 
2016-09-24T02:37:09.411-0400: 65.154: [GC (GCLocker Initiated GC) [PSYoungGen: 168586K->46073K(179200K)] 437997K->316704K(703488K), 0.0133350 secs] [Times: user=0.16 sys=0.00, real=0.02 secs] 
2016-09-24T02:37:09.535-0400: 65.278: [GC (GCLocker Initiated GC) [PSYoungGen: 179193K->54333K(194560K)] 449902K->326205K(718848K), 0.0061248 secs] [Times: user=0.05 sys=0.01, real=0.00 secs] 
2016-09-24T02:37:09.646-0400: 65.389: [GC (GCLocker Initiated GC) [PSYoungGen: 185405K->64908K(196096K)] 457446K->359704K(720384K), 0.0098360 secs] [Times: user=0.13 sys=0.02, real=0.01 secs] 
2016-09-24T02:37:09.761-0400: 65.504: [GC (GCLocker Initiated GC) [PSYoungGen: 195980K->36588K(186880K)] 490810K->332379K(711168K), 0.0061929 secs] [Times: user=0.05 sys=0.01, real=0.01 secs] 
2016-09-24T02:37:09.873-0400: 65.616: [GC (GCLocker Initiated GC) [PSYoungGen: 157420K->32473K(191488K)] 457397K->347015K(715776K), 0.0265889 secs] [Times: user=0.33 sys=0.01, real=0.03 secs] 
2016-09-24T02:37:10.019-0400: 65.762: [GC (GCLocker Initiated GC) [PSYoungGen: 153305K->43565K(185856K)] 474677K->366072K(710144K), 0.0058392 secs] [Times: user=0.06 sys=0.00, real=0.01 secs] 
2016-09-24T02:37:10.146-0400: 65.889: [GC (GCLocker Initiated GC) [PSYoungGen: 164909K->66503K(187904K)] 487444K->390201K(712192K), 0.0095207 secs] [Times: user=0.12 sys=0.00, real=0.01 secs] 
2016-09-24T02:37:10.266-0400: 66.009: [GC (GCLocker Initiated GC) [PSYoungGen: 187847K->42179K(190976K)] 515212K->392367K(715264K), 0.0084767 secs] [Times: user=0.09 sys=0.02, real=0.01 secs] 
2016-09-24T02:37:10.385-0400: 66.128: [GC (GCLocker Initiated GC) [PSYoungGen: 159427K->34039K(151552K)] 513795K->405902K(675840K), 0.0085768 secs] [Times: user=0.10 sys=0.01, real=0.00 secs] 
2016-09-24T02:37:10.496-0400: 66.239: [GC (Allocation Failure) [PSYoungGen: 151287K->37961K(189440K)] 528575K->416376K(713728K), 0.0110778 secs] [Times: user=0.17 sys=0.00, real=0.01 secs] 
2016-09-24T02:37:10.617-0400: 66.360: [GC (GCLocker Initiated GC) [PSYoungGen: 154331K->37923K(187904K)] 535447K->441782K(712192K), 0.0076256 secs] [Times: user=0.10 sys=0.00, real=0.01 secs] 
2016-09-24T02:37:10.731-0400: 66.474: [GC (GCLocker Initiated GC) [PSYoungGen: 156707K->49901K(189952K)] 560793K->454980K(714240K), 0.0292436 secs] [Times: user=0.38 sys=0.00, real=0.03 secs] 
2016-09-24T02:37:10.856-0400: 66.599: [GC (GCLocker Initiated GC) [PSYoungGen: 172269K->39212K(189952K)] 582769K->453274K(714240K), 0.0089958 secs] [Times: user=0.10 sys=0.00, real=0.01 secs] 
2016-09-24T02:37:10.968-0400: 66.711: [GC (GCLocker Initiated GC) [PSYoungGen: 161580K->39359K(193024K)] 578433K->465373K(717312K), 0.0237786 secs] [Times: user=0.29 sys=0.00, real=0.02 secs] 
2016-09-24T02:37:11.097-0400: 66.841: [GC (GCLocker Initiated GC) [PSYoungGen: 167871K->38137K(193024K)] 594122K->465781K(717312K), 0.0118884 secs] [Times: user=0.08 sys=0.02, real=0.01 secs] 
2016-09-24T02:37:11.226-0400: 66.969: [GC (GCLocker Initiated GC) [PSYoungGen: 166649K->47729K(196096K)] 599740K->482187K(720384K), 0.0113290 secs] [Times: user=0.09 sys=0.00, real=0.01 secs] 
2016-09-24T02:37:11.367-0400: 67.111: [GC (GCLocker Initiated GC) [PSYoungGen: 180849K->41012K(196096K)] 615335K->476952K(720384K), 0.0126358 secs] [Times: user=0.13 sys=0.00, real=0.01 secs] 
2016-09-24T02:37:11.504-0400: 67.248: [GC (GCLocker Initiated GC) [PSYoungGen: 174132K->24988K(196608K)] 615512K->492186K(720896K), 0.0193625 secs] [Times: user=0.20 sys=0.00, real=0.02 secs] 
2016-09-24T02:37:11.642-0400: 67.386: [GC (GCLocker Initiated GC) [PSYoungGen: 160156K->51718K(197632K)] 627391K->523259K(721920K), 0.0195735 secs] [Times: user=0.20 sys=0.01, real=0.02 secs] 
2016-09-24T02:37:11.781-0400: 67.525: [GC (GCLocker Initiated GC) [PSYoungGen: 186886K->24825K(196608K)] 664064K->530419K(720896K), 0.0284911 secs] [Times: user=0.28 sys=0.00, real=0.03 secs] 
2016-09-24T02:37:11.810-0400: 67.553: [Full GC (Ergonomics) [PSYoungGen: 24825K->0K(196608K)] [ParOldGen: 505594K->267025K(524288K)] 530419K->267025K(720896K), [Metaspace: 43755K->43755K(1087488K)], 0.0797162 secs] [Times: user=0.54 sys=0.03, real=0.08 secs] 
2016-09-24T02:37:12.006-0400: 67.750: [GC (GCLocker Initiated GC) [PSYoungGen: 132096K->22605K(155136K)] 408592K->299101K(679424K), 0.0254983 secs] [Times: user=0.32 sys=0.00, real=0.02 secs] 
2016-09-24T02:37:12.145-0400: 67.888: [GC (GCLocker Initiated GC) [PSYoungGen: 154701K->53226K(190464K)] 431201K->331641K(714752K), 0.0053482 secs] [Times: user=0.08 sys=0.01, real=0.00 secs] 
2016-09-24T02:37:12.263-0400: 68.006: [GC (GCLocker Initiated GC) [PSYoungGen: 178154K->49239K(174592K)] 462098K->334629K(698880K), 0.0077730 secs] [Times: user=0.10 sys=0.01, real=0.00 secs] 
2016-09-24T02:37:12.381-0400: 68.125: [GC (GCLocker Initiated GC) [PSYoungGen: 174167K->38420K(195584K)] 464987K->330669K(719872K), 0.0079913 secs] [Times: user=0.07 sys=0.00, real=0.01 secs] 
2016-09-24T02:37:12.505-0400: 68.248: [GC (GCLocker Initiated GC) [PSYoungGen: 164884K->28736K(155648K)] 463895K->329145K(679936K), 0.0140693 secs] [Times: user=0.14 sys=0.01, real=0.01 secs] 
2016-09-24T02:37:12.629-0400: 68.373: [GC (GCLocker Initiated GC) [PSYoungGen: 155200K->38348K(195072K)] 462559K->347187K(719360K), 0.0096267 secs] [Times: user=0.09 sys=0.01, real=0.01 secs] 
2016-09-24T02:37:12.761-0400: 68.505: [GC (GCLocker Initiated GC) [PSYoungGen: 167372K->50367K(192512K)] 478916K->363338K(716800K), 0.0134156 secs] [Times: user=0.13 sys=0.00, real=0.02 secs] 
2016-09-24T02:37:12.898-0400: 68.642: [GC (GCLocker Initiated GC) [PSYoungGen: 179391K->53133K(192512K)] 492534K->367708K(716800K), 0.0119561 secs] [Times: user=0.11 sys=0.00, real=0.01 secs] 
2016-09-24T02:37:13.020-0400: 68.763: [GC (GCLocker Initiated GC) [PSYoungGen: 180109K->44871K(194560K)] 497465K->363732K(718848K), 0.0279435 secs] [Times: user=0.33 sys=0.01, real=0.03 secs] 
2016-09-24T02:37:13.163-0400: 68.907: [GC (GCLocker Initiated GC) [PSYoungGen: 171847K->34007K(192000K)] 493439K->367710K(716288K), 0.0067245 secs] [Times: user=0.05 sys=0.01, real=0.00 secs] 
2016-09-24T02:37:13.281-0400: 69.025: [GC (GCLocker Initiated GC) [PSYoungGen: 162519K->32752K(193536K)] 501627K->373155K(717824K), 0.0137119 secs] [Times: user=0.11 sys=0.00, real=0.02 secs] 
2016-09-24T02:37:13.415-0400: 69.158: [GC (GCLocker Initiated GC) [PSYoungGen: 161264K->26237K(197120K)] 512617K->379013K(721408K), 0.0248261 secs] [Times: user=0.27 sys=0.00, real=0.02 secs] 
2016-09-24T02:37:13.565-0400: 69.309: [GC (GCLocker Initiated GC) [PSYoungGen: 159357K->54381K(187904K)] 514944K->411561K(712192K), 0.0076737 secs] [Times: user=0.05 sys=0.00, real=0.00 secs] 
2016-09-24T02:37:13.710-0400: 69.454: [GC (GCLocker Initiated GC) [PSYoungGen: 187501K->42483K(196608K)] 544700K->414673K(720896K), 0.0140864 secs] [Times: user=0.17 sys=0.01, real=0.02 secs] 
2016-09-24T02:37:13.849-0400: 69.592: [GC (GCLocker Initiated GC) [PSYoungGen: 171507K->15374K(194560K)] 553672K->399114K(718848K), 0.0121700 secs] [Times: user=0.11 sys=0.00, real=0.01 secs] 
2016-09-24T02:37:13.973-0400: 69.716: [GC (GCLocker Initiated GC) [PSYoungGen: 144398K->36636K(192512K)] 530903K->424460K(716800K), 0.0134850 secs] [Times: user=0.14 sys=0.02, real=0.02 secs] 
2016-09-24T02:37:14.097-0400: 69.840: [GC (GCLocker Initiated GC) [PSYoungGen: 165660K->36861K(193536K)] 564294K->436663K(717824K), 0.0131171 secs] [Times: user=0.15 sys=0.00, real=0.01 secs] 
2016-09-24T02:37:14.229-0400: 69.972: [GC (GCLocker Initiated GC) [PSYoungGen: 165885K->43643K(197120K)] 568600K->447743K(721408K), 0.0098540 secs] [Times: user=0.08 sys=0.00, real=0.01 secs] 
2016-09-24T02:37:14.356-0400: 70.100: [GC (GCLocker Initiated GC) [PSYoungGen: 178299K->45099K(196608K)] 587883K->456148K(720896K), 0.0089605 secs] [Times: user=0.09 sys=0.00, real=0.01 secs] 
2016-09-24T02:37:14.485-0400: 70.228: [GC (GCLocker Initiated GC) [PSYoungGen: 179755K->47883K(198144K)] 590883K->460598K(722432K), 0.0236783 secs] [Times: user=0.26 sys=0.01, real=0.02 secs] 
2016-09-24T02:37:14.627-0400: 70.371: [GC (GCLocker Initiated GC) [PSYoungGen: 184075K->22195K(158720K)] 602310K->460800K(683008K), 0.0121066 secs] [Times: user=0.11 sys=0.00, real=0.01 secs] 
2016-09-24T02:37:14.759-0400: 70.503: [GC (GCLocker Initiated GC) [PSYoungGen: 158387K->42113K(199168K)] 597025K->482360K(723456K), 0.0353025 secs] [Times: user=0.33 sys=0.00, real=0.04 secs] 
2016-09-24T02:37:14.916-0400: 70.659: [GC (GCLocker Initiated GC) [PSYoungGen: 177281K->36995K(172544K)] 625638K->497524K(696832K), 0.0307705 secs] [Times: user=0.45 sys=0.01, real=0.03 secs] 
2016-09-24T02:37:15.073-0400: 70.817: [GC (GCLocker Initiated GC) [PSYoungGen: 172163K->47816K(194048K)] 635423K->512531K(718336K), 0.0060602 secs] [Times: user=0.06 sys=0.00, real=0.01 secs] 
2016-09-24T02:37:15.187-0400: 70.930: [GC (GCLocker Initiated GC) [PSYoungGen: 181448K->50269K(195584K)] 646404K->516660K(719872K), 0.0200580 secs] [Times: user=0.20 sys=0.00, real=0.02 secs] 
2016-09-24T02:37:15.325-0400: 71.068: [GC (GCLocker Initiated GC) [PSYoungGen: 183901K->44962K(199168K)] 658447K->520793K(723456K), 0.0087183 secs] [Times: user=0.06 sys=0.01, real=0.00 secs] 
2016-09-24T02:37:15.455-0400: 71.199: [GC (GCLocker Initiated GC) [PSYoungGen: 180642K->44965K(180736K)] 656518K->530395K(705024K), 0.0246584 secs] [Times: user=0.25 sys=0.00, real=0.02 secs] 
2016-09-24T02:37:15.588-0400: 71.331: [GC (GCLocker Initiated GC) [PSYoungGen: 180645K->35218K(199168K)] 666209K->527611K(723456K), 0.0280249 secs] [Times: user=0.27 sys=0.00, real=0.03 secs] 
2016-09-24T02:37:15.731-0400: 71.475: [GC (Allocation Failure) [PSYoungGen: 171922K->54525K(191488K)] 665739K->549601K(715776K), 0.0104810 secs] [Times: user=0.13 sys=0.00, real=0.01 secs] 
2016-09-24T02:37:15.742-0400: 71.486: [GC (GCLocker Initiated GC) --[PSYoungGen: 55690K->55690K(191488K)] 550767K->579242K(715776K), 0.0056381 secs] [Times: user=0.07 sys=0.00, real=0.00 secs] 
2016-09-24T02:37:15.748-0400: 71.492: [Full GC (Ergonomics) [PSYoungGen: 55690K->0K(191488K)] [ParOldGen: 523551K->244697K(524288K)] 579242K->244697K(715776K), [Metaspace: 43763K->43763K(1087488K)], 0.0716098 secs] [Times: user=0.56 sys=0.01, real=0.07 secs] 
2016-09-24T02:37:15.935-0400: 71.678: [GC (GCLocker Initiated GC) [PSYoungGen: 136704K->54857K(192512K)] 381405K->299559K(716800K), 0.0099229 secs] [Times: user=0.12 sys=0.01, real=0.01 secs] 
2016-09-24T02:37:16.048-0400: 71.791: [GC (GCLocker Initiated GC) [PSYoungGen: 182857K->45960K(195072K)] 427738K->293869K(719360K), 0.0066144 secs] [Times: user=0.06 sys=0.00, real=0.01 secs] 
2016-09-24T02:37:16.155-0400: 71.898: [GC (GCLocker Initiated GC) [PSYoungGen: 173960K->55636K(192512K)] 422097K->304919K(716800K), 0.0227337 secs] [Times: user=0.32 sys=0.01, real=0.02 secs] 
2016-09-24T02:37:16.296-0400: 72.040: [GC (GCLocker Initiated GC) [PSYoungGen: 182612K->53068K(180224K)] 437325K->308897K(704512K), 0.0065924 secs] [Times: user=0.05 sys=0.00, real=0.01 secs] 
2016-09-24T02:37:16.411-0400: 72.155: [GC (GCLocker Initiated GC) [PSYoungGen: 180044K->19157K(189440K)] 441284K->305961K(713728K), 0.0081165 secs] [Times: user=0.07 sys=0.00, real=0.01 secs] 
2016-09-24T02:37:16.522-0400: 72.265: [GC (GCLocker Initiated GC) [PSYoungGen: 139989K->46088K(191488K)] 429515K->336894K(715776K), 0.0079730 secs] [Times: user=0.07 sys=0.00, real=0.01 secs] 
2016-09-24T02:37:16.660-0400: 72.403: [GC (GCLocker Initiated GC) [PSYoungGen: 166920K->38043K(187904K)] 464580K->336889K(712192K), 0.0095336 secs] [Times: user=0.10 sys=0.00, real=0.01 secs] 
2016-09-24T02:37:16.786-0400: 72.529: [GC (GCLocker Initiated GC) [PSYoungGen: 160411K->21697K(189952K)] 474201K->344748K(714240K), 0.0162808 secs] [Times: user=0.18 sys=0.00, real=0.02 secs] 
2016-09-24T02:37:16.902-0400: 72.646: [GC (GCLocker Initiated GC) [PSYoungGen: 144065K->25440K(193536K)] 480712K->376674K(717824K), 0.0091247 secs] [Times: user=0.07 sys=0.01, real=0.00 secs] 
2016-09-24T02:37:17.012-0400: 72.755: [GC (GCLocker Initiated GC) [PSYoungGen: 150368K->50068K(175104K)] 508643K->409283K(699392K), 0.0116990 secs] [Times: user=0.16 sys=0.00, real=0.02 secs] 
2016-09-24T02:37:17.121-0400: 72.864: [GC (GCLocker Initiated GC) [PSYoungGen: 174996K->33620K(194560K)] 537035K->396623K(718848K), 0.0060001 secs] [Times: user=0.05 sys=0.00, real=0.01 secs] 
2016-09-24T02:37:17.227-0400: 72.970: [GC (GCLocker Initiated GC) [PSYoungGen: 158548K->22880K(192512K)] 527139K->392371K(716800K), 0.0061133 secs] [Times: user=0.04 sys=0.01, real=0.00 secs] 
2016-09-24T02:37:17.337-0400: 73.080: [GC (Allocation Failure) [PSYoungGen: 147808K->33682K(190976K)] 525472K->412250K(715264K), 0.0107920 secs] [Times: user=0.11 sys=0.00, real=0.01 secs] 
2016-09-24T02:37:17.447-0400: 73.191: [GC (GCLocker Initiated GC) [PSYoungGen: 160146K->29849K(192000K)] 538721K->420130K(716288K), 0.0068820 secs] [Times: user=0.05 sys=0.00, real=0.01 secs] 
2016-09-24T02:37:17.552-0400: 73.295: [GC (GCLocker Initiated GC) [PSYoungGen: 156313K->47281K(194560K)] 552056K->443976K(718848K), 0.0300530 secs] [Times: user=0.34 sys=0.00, real=0.04 secs] 
2016-09-24T02:37:17.684-0400: 73.428: [GC (GCLocker Initiated GC) [PSYoungGen: 177841K->36636K(167424K)] 578613K->454541K(691712K), 0.0109017 secs] [Times: user=0.12 sys=0.00, real=0.01 secs] 
2016-09-24T02:37:17.807-0400: 73.551: [GC (GCLocker Initiated GC) [PSYoungGen: 167196K->41882K(196608K)] 587860K->463650K(720896K), 0.0090823 secs] [Times: user=0.08 sys=0.00, real=0.01 secs] 
2016-09-24T02:37:17.931-0400: 73.674: [GC (GCLocker Initiated GC) [PSYoungGen: 175514K->37866K(195584K)] 597311K->471541K(719872K), 0.0133339 secs] [Times: user=0.13 sys=0.00, real=0.02 secs] 
2016-09-24T02:37:18.054-0400: 73.797: [GC (GCLocker Initiated GC) [PSYoungGen: 171498K->20218K(195584K)] 606602K->480670K(719872K), 0.0062629 secs] [Times: user=0.06 sys=0.00, real=0.01 secs] 
2016-09-24T02:37:18.173-0400: 73.917: [GC (GCLocker Initiated GC) [PSYoungGen: 156410K->29601K(196608K)] 622304K->496517K(720896K), 0.0065914 secs] [Times: user=0.05 sys=0.00, real=0.01 secs] 
2016-09-24T02:37:18.289-0400: 74.033: [GC (GCLocker Initiated GC) [PSYoungGen: 165793K->29628K(198656K)] 642534K->507412K(722944K), 0.0177124 secs] [Times: user=0.18 sys=0.00, real=0.02 secs] 
2016-09-24T02:37:18.424-0400: 74.168: [GC (GCLocker Initiated GC) [PSYoungGen: 171964K->41770K(200192K)] 649761K->520549K(724480K), 0.0068067 secs] [Times: user=0.05 sys=0.01, real=0.00 secs] 
2016-09-24T02:37:18.559-0400: 74.302: [GC (GCLocker Initiated GC) [PSYoungGen: 184106K->28772K(201728K)] 676426K->535558K(726016K), 0.0095826 secs] [Times: user=0.07 sys=0.00, real=0.01 secs] 
2016-09-24T02:37:18.568-0400: 74.312: [Full GC (Ergonomics) [PSYoungGen: 28772K->0K(201728K)] [ParOldGen: 506785K->270662K(524288K)] 535558K->270662K(726016K), [Metaspace: 43763K->43763K(1087488K)], 0.0641796 secs] [Times: user=0.33 sys=0.00, real=0.06 secs] 
2016-09-24T02:37:18.744-0400: 74.488: [GC (GCLocker Initiated GC) [PSYoungGen: 145920K->56826K(202752K)] 416633K->327539K(727040K), 0.0161461 secs] [Times: user=0.18 sys=0.00, real=0.01 secs] 
2016-09-24T02:37:18.894-0400: 74.637: [GC (GCLocker Initiated GC) [PSYoungGen: 202746K->32742K(199680K)] 478872K->312612K(723968K), 0.0061968 secs] [Times: user=0.06 sys=0.00, real=0.01 secs] 
2016-09-24T02:37:19.024-0400: 74.767: [GC (GCLocker Initiated GC) [PSYoungGen: 173030K->24584K(201216K)] 461059K->313953K(725504K), 0.0180546 secs] [Times: user=0.18 sys=0.00, real=0.02 secs] 
2016-09-24T02:37:19.155-0400: 74.898: [GC (GCLocker Initiated GC) [PSYoungGen: 164872K->32460K(197120K)] 454450K->323272K(721408K), 0.0151205 secs] [Times: user=0.14 sys=0.00, real=0.01 secs] 
2016-09-24T02:37:19.292-0400: 75.036: [GC (GCLocker Initiated GC) [PSYoungGen: 172748K->49218K(199168K)] 467848K->345488K(723456K), 0.0115689 secs] [Times: user=0.10 sys=0.01, real=0.02 secs] 
2016-09-24T02:37:19.418-0400: 75.162: [GC (GCLocker Initiated GC) [PSYoungGen: 189506K->42392K(200704K)] 485814K->340212K(724992K), 0.0218597 secs] [Times: user=0.26 sys=0.00, real=0.02 secs] 
2016-09-24T02:37:19.556-0400: 75.300: [GC (GCLocker Initiated GC) [PSYoungGen: 181656K->26180K(165888K)] 482198K->333575K(690176K), 0.0092016 secs] [Times: user=0.07 sys=0.00, real=0.01 secs] 
2016-09-24T02:37:19.690-0400: 75.433: [GC (GCLocker Initiated GC) [PSYoungGen: 165444K->31559K(201728K)] 472938K->348753K(726016K), 0.0218101 secs] [Times: user=0.25 sys=0.00, real=0.02 secs] 
2016-09-24T02:37:19.827-0400: 75.570: [GC (GCLocker Initiated GC) [PSYoungGen: 172359K->38430K(179712K)] 492367K->359801K(704000K), 0.0102656 secs] [Times: user=0.09 sys=0.00, real=0.01 secs] 
2016-09-24T02:37:19.959-0400: 75.702: [GC (GCLocker Initiated GC) [PSYoungGen: 179230K->43994K(198656K)] 500828K->367243K(722944K), 0.0065617 secs] [Times: user=0.06 sys=0.00, real=0.01 secs] 
2016-09-24T02:37:20.084-0400: 75.828: [GC (GCLocker Initiated GC) [PSYoungGen: 184794K->57309K(198144K)] 508188K->390531K(722432K), 0.0132090 secs] [Times: user=0.13 sys=0.00, real=0.01 secs] 
2016-09-24T02:37:20.226-0400: 75.970: [GC (GCLocker Initiated GC) [PSYoungGen: 198109K->27824K(198656K)] 541239K->391397K(722944K), 0.0411864 secs] [Times: user=0.39 sys=0.00, real=0.04 secs] 
2016-09-24T02:37:20.387-0400: 76.130: [GC (GCLocker Initiated GC) [PSYoungGen: 162480K->61703K(196608K)] 530252K->439389K(720896K), 0.0068460 secs] [Times: user=0.10 sys=0.00, real=0.00 secs] 
2016-09-24T02:37:20.533-0400: 76.276: [GC (GCLocker Initiated GC) [PSYoungGen: 196359K->22180K(187392K)] 579141K->422858K(711680K), 0.0110211 secs] [Times: user=0.12 sys=0.00, real=0.02 secs] 
2016-09-24T02:37:20.657-0400: 76.400: [GC (GCLocker Initiated GC) [PSYoungGen: 144036K->26112K(192000K)] 552939K->436666K(716288K), 0.0274768 secs] [Times: user=0.33 sys=0.00, real=0.03 secs] 
2016-09-24T02:37:20.803-0400: 76.546: [GC (GCLocker Initiated GC) [PSYoungGen: 147968K->25799K(188416K)] 563924K->443223K(712704K), 0.0057368 secs] [Times: user=0.06 sys=0.00, real=0.00 secs] 
2016-09-24T02:37:20.912-0400: 76.656: [GC (GCLocker Initiated GC) [PSYoungGen: 149191K->39735K(190976K)] 570679K->462427K(715264K), 0.0062510 secs] [Times: user=0.05 sys=0.01, real=0.01 secs] 
2016-09-24T02:37:21.027-0400: 76.770: [GC (GCLocker Initiated GC) [PSYoungGen: 163127K->35685K(187392K)] 588644K->462641K(711680K), 0.0119784 secs] [Times: user=0.11 sys=0.00, real=0.01 secs] 
2016-09-24T02:37:21.154-0400: 76.897: [GC (GCLocker Initiated GC) [PSYoungGen: 164197K->45415K(191488K)] 593855K->476617K(715776K), 0.0058624 secs] [Times: user=0.07 sys=0.00, real=0.01 secs] 
2016-09-24T02:37:21.273-0400: 77.016: [GC (GCLocker Initiated GC) [PSYoungGen: 173927K->47771K(196096K)] 607873K->483315K(720384K), 0.0093232 secs] [Times: user=0.11 sys=0.00, real=0.02 secs] 
2016-09-24T02:37:21.399-0400: 77.143: [GC (GCLocker Initiated GC) [PSYoungGen: 179867K->35647K(167936K)] 615426K->491489K(692224K), 0.0063953 secs] [Times: user=0.04 sys=0.02, real=0.01 secs] 
2016-09-24T02:37:21.522-0400: 77.265: [GC (GCLocker Initiated GC) [PSYoungGen: 167743K->38409K(198656K)] 630442K->513333K(722944K), 0.0091772 secs] [Times: user=0.11 sys=0.00, real=0.01 secs] 
2016-09-24T02:37:21.642-0400: 77.386: [GC (GCLocker Initiated GC) [PSYoungGen: 174089K->58670K(196096K)] 649046K->554022K(720384K), 0.0092791 secs] [Times: user=0.13 sys=0.00, real=0.00 secs] 
2016-09-24T02:37:21.779-0400: 77.523: [Full GC (Ergonomics) [PSYoungGen: 194350K->0K(196096K)] [ParOldGen: 499549K->296723K(524288K)] 693899K->296723K(720384K), [Metaspace: 43763K->43763K(1087488K)], 0.0832027 secs] [Times: user=0.80 sys=0.04, real=0.09 secs] 
2016-09-24T02:37:21.980-0400: 77.723: [GC (GCLocker Initiated GC) [PSYoungGen: 135680K->56037K(189952K)] 432450K->352815K(714240K), 0.0106319 secs] [Times: user=0.13 sys=0.01, real=0.01 secs] 
2016-09-24T02:37:22.102-0400: 77.846: [GC (GCLocker Initiated GC) [PSYoungGen: 179941K->55891K(180224K)] 479436K->361018K(704512K), 0.0059018 secs] [Times: user=0.07 sys=0.00, real=0.00 secs] 
2016-09-24T02:37:22.208-0400: 77.952: [GC (GCLocker Initiated GC) [PSYoungGen: 179795K->42085K(193024K)] 487654K->354056K(717312K), 0.0139403 secs] [Times: user=0.17 sys=0.00, real=0.02 secs] 
2016-09-24T02:37:22.351-0400: 78.095: [GC (GCLocker Initiated GC) [PSYoungGen: 163429K->54136K(190464K)] 475433K->372645K(714752K), 0.0143913 secs] [Times: user=0.18 sys=0.00, real=0.02 secs] 
2016-09-24T02:37:22.481-0400: 78.224: [GC (GCLocker Initiated GC) [PSYoungGen: 175480K->39238K(191488K)] 503468K->370893K(715776K), 0.0075354 secs] [Times: user=0.07 sys=0.00, real=0.01 secs] 
2016-09-24T02:37:22.596-0400: 78.339: [GC (GCLocker Initiated GC) [PSYoungGen: 161606K->35178K(191488K)] 496072K->389653K(715776K), 0.0079634 secs] [Times: user=0.06 sys=0.01, real=0.01 secs] 
2016-09-24T02:37:22.701-0400: 78.445: [GC (GCLocker Initiated GC) [PSYoungGen: 157546K->55553K(188928K)] 512062K->427329K(713216K), 0.0071049 secs] [Times: user=0.10 sys=0.00, real=0.01 secs] 
2016-09-24T02:37:22.804-0400: 78.548: [GC (GCLocker Initiated GC) [PSYoungGen: 176897K->50062K(191488K)] 551420K->433735K(715776K), 0.0075162 secs] [Times: user=0.07 sys=0.01, real=0.00 secs] 
2016-09-24T02:37:22.913-0400: 78.656: [GC (GCLocker Initiated GC) [PSYoungGen: 171406K->21430K(189440K)] 557911K->419781K(713728K), 0.0171172 secs] [Times: user=0.22 sys=0.00, real=0.02 secs] 
2016-09-24T02:37:23.022-0400: 78.765: [GC (GCLocker Initiated GC) [PSYoungGen: 141238K->52603K(172544K)] 542460K->454734K(696832K), 0.0105934 secs] [Times: user=0.13 sys=0.00, real=0.01 secs] 
2016-09-24T02:37:23.131-0400: 78.874: [GC (GCLocker Initiated GC) [PSYoungGen: 172411K->55404K(186880K)] 574696K->463960K(711168K), 0.0064956 secs] [Times: user=0.08 sys=0.00, real=0.01 secs] 
2016-09-24T02:37:23.227-0400: 78.970: [GC (GCLocker Initiated GC) [PSYoungGen: 170092K->45825K(160768K)] 586890K->463467K(685056K), 0.0205353 secs] [Times: user=0.23 sys=0.01, real=0.02 secs] 
2016-09-24T02:37:23.355-0400: 79.098: [GC (GCLocker Initiated GC) [PSYoungGen: 160513K->28550K(187392K)] 587629K->475441K(711680K), 0.0062088 secs] [Times: user=0.06 sys=0.00, real=0.00 secs] 
2016-09-24T02:37:23.463-0400: 79.206: [GC (GCLocker Initiated GC) [PSYoungGen: 144774K->25650K(187392K)] 596312K->480902K(711680K), 0.0213829 secs] [Times: user=0.23 sys=0.00, real=0.02 secs] 
2016-09-24T02:37:23.575-0400: 79.318: [GC (GCLocker Initiated GC) [PSYoungGen: 141874K->30740K(188416K)] 597134K->492406K(712704K), 0.0142124 secs] [Times: user=0.16 sys=0.00, real=0.01 secs] 
2016-09-24T02:37:23.673-0400: 79.416: [GC (GCLocker Initiated GC) [PSYoungGen: 150036K->64991K(184320K)] 611779K->527534K(708608K), 0.0089825 secs] [Times: user=0.10 sys=0.01, real=0.01 secs] 
2016-09-24T02:37:23.777-0400: 79.520: [GC (GCLocker Initiated GC) [PSYoungGen: 184287K->54064K(183808K)] 647078K->525929K(708096K), 0.0144728 secs] [Times: user=0.19 sys=0.01, real=0.01 secs] 
2016-09-24T02:37:23.884-0400: 79.627: [GC (GCLocker Initiated GC) [PSYoungGen: 161584K->40438K(147968K)] 640259K->520039K(672256K), 0.0065361 secs] [Times: user=0.06 sys=0.00, real=0.00 secs] 
2016-09-24T02:37:23.983-0400: 79.727: [GC (GCLocker Initiated GC) [PSYoungGen: 147958K->33766K(184832K)] 630279K->517038K(709120K), 0.0119758 secs] [Times: user=0.16 sys=0.00, real=0.01 secs] 
2016-09-24T02:37:24.066-0400: 79.809: [GC (GCLocker Initiated GC) [PSYoungGen: 143846K->52413K(183296K)] 627138K->536654K(707584K), 0.0249839 secs] [Times: user=0.33 sys=0.00, real=0.02 secs] 
2016-09-24T02:37:24.185-0400: 79.928: [GC (GCLocker Initiated GC) [PSYoungGen: 162493K->36175K(186880K)] 649676K->540215K(711168K), 0.0228798 secs] [Times: user=0.30 sys=0.00, real=0.02 secs] 
2016-09-24T02:37:24.208-0400: 79.951: [Full GC (Ergonomics) [PSYoungGen: 36175K->0K(186880K)] [ParOldGen: 504039K->323925K(524288K)] 540215K->323925K(711168K), [Metaspace: 43765K->43765K(1087488K)], 0.0673169 secs] [Times: user=0.50 sys=0.02, real=0.07 secs] 
2016-09-24T02:37:24.366-0400: 80.109: [GC (GCLocker Initiated GC) [PSYoungGen: 115200K->47452K(187392K)] 441904K->374156K(711680K), 0.0071660 secs] [Times: user=0.06 sys=0.00, real=0.00 secs] 
2016-09-24T02:37:24.479-0400: 80.222: [GC (GCLocker Initiated GC) [PSYoungGen: 162652K->33887K(188928K)] 494915K->368756K(713216K), 0.0056403 secs] [Times: user=0.05 sys=0.00, real=0.01 secs] 
2016-09-24T02:37:24.574-0400: 80.318: [GC (GCLocker Initiated GC) [PSYoungGen: 153183K->58074K(188928K)] 488065K->393913K(713216K), 0.0057755 secs] [Times: user=0.07 sys=0.00, real=0.00 secs] 
2016-09-24T02:37:24.674-0400: 80.418: [GC (GCLocker Initiated GC) [PSYoungGen: 177370K->37783K(190976K)] 513280K->374538K(715264K), 0.0131346 secs] [Times: user=0.15 sys=0.00, real=0.01 secs] 
2016-09-24T02:37:24.788-0400: 80.532: [GC (GCLocker Initiated GC) [PSYoungGen: 156055K->39071K(157696K)] 498430K->382475K(681984K), 0.0180699 secs] [Times: user=0.19 sys=0.01, real=0.02 secs] 
2016-09-24T02:37:24.932-0400: 80.675: [GC (GCLocker Initiated GC) [PSYoungGen: 157343K->33785K(188416K)] 510264K->387649K(712704K), 0.0107255 secs] [Times: user=0.10 sys=0.01, real=0.02 secs] 
2016-09-24T02:37:25.056-0400: 80.800: [GC (GCLocker Initiated GC) [PSYoungGen: 153081K->58133K(187392K)] 509678K->415710K(711680K), 0.0089260 secs] [Times: user=0.08 sys=0.00, real=0.01 secs] 
2016-09-24T02:37:25.189-0400: 80.932: [GC (GCLocker Initiated GC) [PSYoungGen: 177429K->35364K(192000K)] 537802K->407554K(716288K), 0.0068564 secs] [Times: user=0.06 sys=0.00, real=0.01 secs] 
2016-09-24T02:37:25.300-0400: 81.043: [GC (GCLocker Initiated GC) [PSYoungGen: 156196K->40574K(161792K)] 531191K->416670K(686080K), 0.0057021 secs] [Times: user=0.06 sys=0.00, real=0.01 secs] 
2016-09-24T02:37:25.410-0400: 81.154: [GC (GCLocker Initiated GC) [PSYoungGen: 161406K->38943K(189952K)] 542950K->421395K(714240K), 0.0071419 secs] [Times: user=0.06 sys=0.00, real=0.01 secs] 
2016-09-24T02:37:25.513-0400: 81.256: [GC (GCLocker Initiated GC) [PSYoungGen: 161311K->17439K(188416K)] 550720K->421115K(712704K), 0.0138856 secs] [Times: user=0.15 sys=0.00, real=0.02 secs] 
2016-09-24T02:37:25.632-0400: 81.375: [GC (GCLocker Initiated GC) [PSYoungGen: 139807K->40548K(192512K)] 546397K->448130K(716800K), 0.0200538 secs] [Times: user=0.25 sys=0.00, real=0.02 secs] 
2016-09-24T02:37:25.756-0400: 81.499: [GC (Allocation Failure) [PSYoungGen: 169060K->41906K(193536K)] 576737K->450597K(717824K), 0.0057646 secs] [Times: user=0.05 sys=0.00, real=0.00 secs] 
2016-09-24T02:37:25.858-0400: 81.601: [GC (GCLocker Initiated GC) [PSYoungGen: 168198K->39151K(193536K)] 579589K->451515K(717824K), 0.0104408 secs] [Times: user=0.09 sys=0.00, real=0.01 secs] 
2016-09-24T02:37:25.979-0400: 81.723: [GC (GCLocker Initiated GC) [PSYoungGen: 172783K->43167K(195072K)] 585197K->456564K(719360K), 0.0069529 secs] [Times: user=0.04 sys=0.00, real=0.01 secs] 
2016-09-24T02:37:26.094-0400: 81.837: [GC (GCLocker Initiated GC) [PSYoungGen: 176799K->43250K(198144K)] 590217K->460413K(722432K), 0.0063805 secs] [Times: user=0.05 sys=0.00, real=0.01 secs] 
2016-09-24T02:37:26.223-0400: 81.967: [GC (GCLocker Initiated GC) [PSYoungGen: 183538K->11040K(199680K)] 618361K->446879K(723968K), 0.0076057 secs] [Times: user=0.08 sys=0.00, real=0.00 secs] 
2016-09-24T02:37:26.339-0400: 82.083: [GC (GCLocker Initiated GC) [PSYoungGen: 151328K->52670K(193536K)] 592601K->495038K(717824K), 0.0065148 secs] [Times: user=0.06 sys=0.00, real=0.01 secs] 
2016-09-24T02:37:26.450-0400: 82.193: [GC (GCLocker Initiated GC) [PSYoungGen: 183742K->52864K(184320K)] 628851K->498878K(708608K), 0.0066288 secs] [Times: user=0.07 sys=0.00, real=0.01 secs] 
2016-09-24T02:37:26.556-0400: 82.299: [GC (GCLocker Initiated GC) [PSYoungGen: 183936K->59518K(184832K)] 630032K->522851K(709120K), 0.0078431 secs] [Times: user=0.09 sys=0.02, real=0.01 secs] 
2016-09-24T02:37:26.666-0400: 82.409: [GC (GCLocker Initiated GC) [PSYoungGen: 176254K->43323K(189440K)] 642664K->510633K(713728K), 0.0096255 secs] [Times: user=0.13 sys=0.00, real=0.01 secs] 
2016-09-24T02:37:26.766-0400: 82.509: [GC (GCLocker Initiated GC) [PSYoungGen: 160059K->39218K(183808K)] 632783K->512927K(708096K), 0.0113419 secs] [Times: user=0.08 sys=0.00, real=0.01 secs] 
2016-09-24T02:37:26.886-0400: 82.630: [GC (GCLocker Initiated GC) [PSYoungGen: 159026K->40653K(187392K)] 636648K->519246K(711680K), 0.0136915 secs] [Times: user=0.16 sys=0.00, real=0.01 secs] 
2016-09-24T02:37:26.991-0400: 82.734: [GC (GCLocker Initiated GC) [PSYoungGen: 160461K->63639K(185344K)] 639128K->551414K(709632K), 0.0080364 secs] [Times: user=0.09 sys=0.02, real=0.01 secs] 
2016-09-24T02:37:27.089-0400: 82.833: [GC (GCLocker Initiated GC) [PSYoungGen: 183447K->44412K(190976K)] 671251K->546647K(715264K), 0.0087509 secs] [Times: user=0.10 sys=0.00, real=0.01 secs] 
2016-09-24T02:37:27.201-0400: 82.944: [GC (GCLocker Initiated GC) [PSYoungGen: 164220K->49981K(187392K)] 669180K->555825K(711680K), 0.0073095 secs] [Times: user=0.10 sys=0.01, real=0.01 secs] 
2016-09-24T02:37:27.303-0400: 83.046: [Full GC (Ergonomics) [PSYoungGen: 172349K->0K(187392K)] [ParOldGen: 510016K->290074K(524288K)] 682365K->290074K(711680K), [Metaspace: 43790K->43790K(1087488K)], 0.0973463 secs] [Times: user=0.71 sys=0.02, real=0.09 secs] 
2016-09-24T02:37:27.509-0400: 83.253: [GC (GCLocker Initiated GC) [PSYoungGen: 122368K->48814K(190464K)] 412620K->339066K(714752K), 0.0062595 secs] [Times: user=0.05 sys=0.00, real=0.01 secs] 
2016-09-24T02:37:27.609-0400: 83.352: [GC (GCLocker Initiated GC) [PSYoungGen: 171182K->43283K(189440K)] 461455K->349546K(713728K), 0.0109364 secs] [Times: user=0.12 sys=0.00, real=0.01 secs] 
2016-09-24T02:37:27.735-0400: 83.478: [GC (GCLocker Initiated GC) [PSYoungGen: 169747K->43381K(192000K)] 478795K->353366K(716288K), 0.0104075 secs] [Times: user=0.10 sys=0.01, real=0.01 secs] 
2016-09-24T02:37:27.847-0400: 83.590: [GC (GCLocker Initiated GC) [PSYoungGen: 169845K->35067K(194560K)] 482633K->348923K(718848K), 0.0169402 secs] [Times: user=0.14 sys=0.01, real=0.02 secs] 
2016-09-24T02:37:27.972-0400: 83.715: [GC (GCLocker Initiated GC) [PSYoungGen: 167675K->40697K(196096K)] 481689K->374569K(720384K), 0.0101087 secs] [Times: user=0.10 sys=0.00, real=0.01 secs] 
2016-09-24T02:37:28.087-0400: 83.830: [GC (GCLocker Initiated GC) [PSYoungGen: 173305K->35070K(198656K)] 511365K->374141K(722944K), 0.0099413 secs] [Times: user=0.08 sys=0.00, real=0.01 secs] 
2016-09-24T02:37:28.201-0400: 83.944: [GC (GCLocker Initiated GC) [PSYoungGen: 171774K->52688K(198656K)] 513686K->406423K(722944K), 0.0226949 secs] [Times: user=0.26 sys=0.01, real=0.03 secs] 
2016-09-24T02:37:28.332-0400: 84.075: [GC (GCLocker Initiated GC) [PSYoungGen: 189392K->43260K(198656K)] 543204K->414211K(722944K), 0.0104750 secs] [Times: user=0.12 sys=0.01, real=0.01 secs] 
2016-09-24T02:37:28.469-0400: 84.213: [GC (GCLocker Initiated GC) [PSYoungGen: 179964K->32419K(198656K)] 556340K->409814K(722944K), 0.0143642 secs] [Times: user=0.16 sys=0.00, real=0.02 secs] 
2016-09-24T02:37:28.598-0400: 84.341: [GC (GCLocker Initiated GC) [PSYoungGen: 169123K->26985K(199168K)] 548297K->415252K(723456K), 0.0204057 secs] [Times: user=0.22 sys=0.01, real=0.02 secs] 
2016-09-24T02:37:28.726-0400: 84.469: [GC (GCLocker Initiated GC) [PSYoungGen: 164201K->60829K(198144K)] 552857K->450467K(722432K), 0.0126602 secs] [Times: user=0.15 sys=0.00, real=0.01 secs] 
2016-09-24T02:37:28.854-0400: 84.598: [GC (GCLocker Initiated GC) [PSYoungGen: 198045K->50042K(189952K)] 587693K->451431K(714240K), 0.0088813 secs] [Times: user=0.09 sys=0.01, real=0.01 secs] 
2016-09-24T02:37:28.961-0400: 84.704: [GC (GCLocker Initiated GC) [PSYoungGen: 175994K->47348K(194048K)] 582814K->463310K(718336K), 0.0085415 secs] [Times: user=0.06 sys=0.01, real=0.01 secs] 
2016-09-24T02:37:29.071-0400: 84.814: [GC (GCLocker Initiated GC) [PSYoungGen: 173300K->54039K(193024K)] 589343K->471050K(717312K), 0.0151280 secs] [Times: user=0.17 sys=0.01, real=0.02 secs] 
2016-09-24T02:37:29.188-0400: 84.931: [GC (GCLocker Initiated GC) [PSYoungGen: 179991K->47134K(194048K)] 599743K->467872K(718336K), 0.0157217 secs] [Times: user=0.16 sys=0.00, real=0.02 secs] 
2016-09-24T02:37:29.303-0400: 85.046: [GC (GCLocker Initiated GC) [PSYoungGen: 173086K->43252K(189952K)] 602108K->473164K(714240K), 0.0184121 secs] [Times: user=0.19 sys=0.00, real=0.01 secs] 
2016-09-24T02:37:29.439-0400: 85.183: [GC (GCLocker Initiated GC) [PSYoungGen: 170228K->49910K(192000K)] 600262K->480970K(716288K), 0.0097681 secs] [Times: user=0.07 sys=0.01, real=0.01 secs] 
2016-09-24T02:37:29.549-0400: 85.292: [GC (GCLocker Initiated GC) [PSYoungGen: 176886K->37700K(196096K)] 609830K->471593K(720384K), 0.0210355 secs] [Times: user=0.18 sys=0.00, real=0.02 secs] 
2016-09-24T02:37:29.679-0400: 85.423: [GC (GCLocker Initiated GC) [PSYoungGen: 169796K->20214K(152576K)] 618761K->483626K(676864K), 0.0082485 secs] [Times: user=0.07 sys=0.00, real=0.01 secs] 
2016-09-24T02:37:29.808-0400: 85.552: [GC (GCLocker Initiated GC) [PSYoungGen: 152310K->33388K(196608K)] 626749K->508758K(720896K), 0.0085431 secs] [Times: user=0.08 sys=0.00, real=0.01 secs] 
2016-09-24T02:37:29.914-0400: 85.657: [GC (GCLocker Initiated GC) [PSYoungGen: 163436K->32296K(162816K)] 645188K->525583K(687104K), 0.0070769 secs] [Times: user=0.05 sys=0.00, real=0.01 secs] 
2016-09-24T02:37:30.029-0400: 85.772: [GC (Allocation Failure) [PSYoungGen: 162344K->36182K(197120K)] 661263K->549384K(721408K), 0.0104094 secs] [Times: user=0.10 sys=0.00, real=0.01 secs] 
2016-09-24T02:37:30.039-0400: 85.783: [Full GC (Ergonomics) [PSYoungGen: 36182K->0K(197120K)] [ParOldGen: 513202K->314983K(524288K)] 549384K->314983K(721408K), [Metaspace: 43798K->43798K(1087488K)], 0.0990205 secs] [Times: user=0.75 sys=0.01, real=0.10 secs] 
2016-09-24T02:37:30.240-0400: 85.984: [GC (GCLocker Initiated GC) [PSYoungGen: 132096K->54153K(195072K)] 447083K->369141K(719360K), 0.0063636 secs] [Times: user=0.07 sys=0.00, real=0.01 secs] 
2016-09-24T02:37:30.345-0400: 86.088: [GC (GCLocker Initiated GC) [PSYoungGen: 186249K->56666K(189952K)] 501334K->374097K(714240K), 0.0081136 secs] [Times: user=0.10 sys=0.00, real=0.00 secs] 
2016-09-24T02:37:30.445-0400: 86.189: [GC (GCLocker Initiated GC) [PSYoungGen: 180570K->37731K(193024K)] 504874K->376379K(717312K), 0.0077538 secs] [Times: user=0.08 sys=0.00, real=0.00 secs] 
2016-09-24T02:37:30.547-0400: 86.290: [GC (GCLocker Initiated GC) [PSYoungGen: 161635K->48432K(190464K)] 500301K->387893K(714752K), 0.0057340 secs] [Times: user=0.06 sys=0.00, real=0.00 secs] 
2016-09-24T02:37:30.633-0400: 86.377: [GC (GCLocker Initiated GC) [PSYoungGen: 173872K->41651K(192512K)] 516101K->400770K(716800K), 0.0063523 secs] [Times: user=0.06 sys=0.00, real=0.01 secs] 
2016-09-24T02:37:30.746-0400: 86.490: [GC (GCLocker Initiated GC) [PSYoungGen: 167091K->40494K(192000K)] 529021K->403197K(716288K), 0.0126967 secs] [Times: user=0.16 sys=0.01, real=0.01 secs] 
2016-09-24T02:37:30.853-0400: 86.596: [GC (GCLocker Initiated GC) [PSYoungGen: 170542K->51465K(193536K)] 533259K->425883K(717824K), 0.0059405 secs] [Times: user=0.07 sys=0.00, real=0.01 secs] 
2016-09-24T02:37:30.981-0400: 86.725: [GC (GCLocker Initiated GC) [PSYoungGen: 181513K->43211K(195584K)] 555993K->418679K(719872K), 0.0107634 secs] [Times: user=0.12 sys=0.01, real=0.01 secs] 
2016-09-24T02:37:31.111-0400: 86.854: [GC (GCLocker Initiated GC) [PSYoungGen: 177355K->46219K(196608K)] 555535K->438892K(720896K), 0.0059705 secs] [Times: user=0.08 sys=0.00, real=0.01 secs] 
2016-09-24T02:37:31.225-0400: 86.969: [GC (GCLocker Initiated GC) [PSYoungGen: 180363K->47340K(199680K)] 573045K->441139K(723968K), 0.0061496 secs] [Times: user=0.07 sys=0.00, real=0.00 secs] 
2016-09-24T02:37:31.351-0400: 87.095: [GC (GCLocker Initiated GC) [PSYoungGen: 185580K->44831K(183296K)] 579460K->450655K(707584K), 0.0066524 secs] [Times: user=0.06 sys=0.00, real=0.01 secs] 
2016-09-24T02:37:31.477-0400: 87.220: [GC (GCLocker Initiated GC) [PSYoungGen: 183071K->47501K(199680K)] 591961K->457510K(723968K), 0.0148714 secs] [Times: user=0.17 sys=0.00, real=0.01 secs] 
2016-09-24T02:37:31.605-0400: 87.348: [GC (GCLocker Initiated GC) [PSYoungGen: 187277K->47381K(199168K)] 597493K->458774K(723456K), 0.0065935 secs] [Times: user=0.07 sys=0.00, real=0.00 secs] 
2016-09-24T02:37:31.732-0400: 87.475: [GC (GCLocker Initiated GC) [PSYoungGen: 187157K->55790K(197120K)] 599980K->469749K(721408K), 0.0085981 secs] [Times: user=0.10 sys=0.00, real=0.01 secs] 
2016-09-24T02:37:31.858-0400: 87.601: [GC (GCLocker Initiated GC) [PSYoungGen: 194030K->55735K(194048K)] 608074K->484525K(718336K), 0.0095828 secs] [Times: user=0.12 sys=0.01, real=0.01 secs] 
2016-09-24T02:37:31.993-0400: 87.736: [GC (GCLocker Initiated GC) [PSYoungGen: 193975K->40800K(199168K)] 622839K->470895K(723456K), 0.0104181 secs] [Times: user=0.13 sys=0.00, real=0.02 secs] 
2016-09-24T02:37:32.121-0400: 87.864: [GC (GCLocker Initiated GC) [PSYoungGen: 175968K->20564K(156160K)] 611774K->457660K(680448K), 0.0071158 secs] [Times: user=0.06 sys=0.00, real=0.01 secs] 
2016-09-24T02:37:32.249-0400: 87.992: [GC (GCLocker Initiated GC) [PSYoungGen: 155732K->26101K(195072K)] 606348K->488669K(719360K), 0.0109924 secs] [Times: user=0.14 sys=0.00, real=0.01 secs] 
2016-09-24T02:37:32.367-0400: 88.110: [GC (GCLocker Initiated GC) [PSYoungGen: 155125K->55633K(184832K)] 625908K->527794K(709120K), 0.0084748 secs] [Times: user=0.08 sys=0.01, real=0.01 secs] 
2016-09-24T02:37:32.488-0400: 88.231: [GC (GCLocker Initiated GC) [PSYoungGen: 184657K->53125K(190976K)] 659633K->542803K(715264K), 0.0077983 secs] [Times: user=0.09 sys=0.00, real=0.01 secs] 
2016-09-24T02:37:32.603-0400: 88.347: [GC (GCLocker Initiated GC) [PSYoungGen: 174981K->44690K(166912K)] 672836K->543802K(691200K), 0.0110499 secs] [Times: user=0.13 sys=0.00, real=0.01 secs] 
2016-09-24T02:37:32.727-0400: 88.471: [Full GC (Ergonomics) [PSYoungGen: 166546K->0K(166912K)] [ParOldGen: 507222K->305604K(524288K)] 673768K->305604K(691200K), [Metaspace: 43801K->43801K(1087488K)], 0.2553160 secs] [Times: user=2.84 sys=0.03, real=0.26 secs] 
2016-09-24T02:37:33.090-0400: 88.834: [GC (GCLocker Initiated GC) [PSYoungGen: 121856K->50877K(190976K)] 432918K->361940K(715264K), 0.0108458 secs] [Times: user=0.13 sys=0.00, real=0.01 secs] 
2016-09-24T02:37:33.202-0400: 88.945: [GC (GCLocker Initiated GC) [PSYoungGen: 173757K->40956K(190976K)] 490349K->359353K(715264K), 0.0059595 secs] [Times: user=0.05 sys=0.00, real=0.01 secs] 
2016-09-24T02:37:33.316-0400: 89.059: [GC (GCLocker Initiated GC) [PSYoungGen: 163836K->33997K(193024K)] 483617K->365929K(717312K), 0.0115949 secs] [Times: user=0.14 sys=0.02, real=0.01 secs] 
2016-09-24T02:37:33.427-0400: 89.171: [GC (GCLocker Initiated GC) [PSYoungGen: 160461K->39685K(192512K)] 500522K->408079K(716800K), 0.0062993 secs] [Times: user=0.06 sys=0.00, real=0.00 secs] 
2016-09-24T02:37:33.536-0400: 89.279: [GC (GCLocker Initiated GC) [PSYoungGen: 166149K->43489K(194048K)] 542877K->421511K(718336K), 0.0320122 secs] [Times: user=0.38 sys=0.00, real=0.03 secs] 
2016-09-24T02:37:33.677-0400: 89.421: [GC (GCLocker Initiated GC) [PSYoungGen: 175073K->32679K(194048K)] 557158K->416091K(718336K), 0.0053656 secs] [Times: user=0.04 sys=0.00, real=0.01 secs] 
2016-09-24T02:37:33.789-0400: 89.533: [GC (GCLocker Initiated GC) [PSYoungGen: 164263K->24537K(197632K)] 561310K->422813K(721920K), 0.0225744 secs] [Times: user=0.32 sys=0.00, real=0.02 secs] 
2016-09-24T02:37:33.905-0400: 89.648: [GC (GCLocker Initiated GC) [PSYoungGen: 159705K->60788K(196096K)] 558170K->460353K(720384K), 0.0071507 secs] [Times: user=0.06 sys=0.00, real=0.00 secs] 
2016-09-24T02:37:34.031-0400: 89.775: [GC (GCLocker Initiated GC) [PSYoungGen: 195956K->47517K(192000K)] 600950K->453579K(716288K), 0.0180635 secs] [Times: user=0.20 sys=0.00, real=0.02 secs] 
2016-09-24T02:37:34.152-0400: 89.895: [GC (GCLocker Initiated GC) [PSYoungGen: 173469K->40540K(194048K)] 582319K->450488K(718336K), 0.0192423 secs] [Times: user=0.17 sys=0.00, real=0.02 secs] 
2016-09-24T02:37:34.276-0400: 90.019: [GC (GCLocker Initiated GC) [PSYoungGen: 166492K->39450K(189952K)] 587419K->483103K(714240K), 0.0078368 secs] [Times: user=0.07 sys=0.00, real=0.01 secs] 
2016-09-24T02:37:34.390-0400: 90.133: [GC (GCLocker Initiated GC) [PSYoungGen: 167450K->36647K(192000K)] 616540K->486931K(716288K), 0.0133537 secs] [Times: user=0.16 sys=0.00, real=0.02 secs] 
2016-09-24T02:37:34.513-0400: 90.256: [GC (GCLocker Initiated GC) [PSYoungGen: 164647K->29724K(197120K)] 624546K->490786K(721408K), 0.0127153 secs] [Times: user=0.14 sys=0.00, real=0.02 secs] 
2016-09-24T02:37:34.627-0400: 90.371: [GC (GCLocker Initiated GC) [PSYoungGen: 164892K->55714K(190976K)] 628692K->520544K(715264K), 0.0079123 secs] [Times: user=0.06 sys=0.01, real=0.01 secs] 
2016-09-24T02:37:34.759-0400: 90.502: [GC (GCLocker Initiated GC) [PSYoungGen: 190882K->40751K(198144K)] 665268K->516272K(722432K), 0.0064173 secs] [Times: user=0.05 sys=0.01, real=0.01 secs] 
2016-09-24T02:37:34.880-0400: 90.623: [GC (GCLocker Initiated GC) [PSYoungGen: 172847K->38243K(170496K)] 657862K->524442K(694784K), 0.0084310 secs] [Times: user=0.09 sys=0.00, real=0.01 secs] 
2016-09-24T02:37:34.997-0400: 90.740: [GC (GCLocker Initiated GC) [PSYoungGen: 170339K->26014K(194048K)] 662246K->535426K(718336K), 0.0085249 secs] [Times: user=0.10 sys=0.00, real=0.01 secs] 
2016-09-24T02:37:35.005-0400: 90.749: [Full GC (Ergonomics) [PSYoungGen: 26014K->0K(194048K)] [ParOldGen: 509411K->261851K(524288K)] 535426K->261851K(718336K), [Metaspace: 43821K->43821K(1087488K)], 0.0610142 secs] [Times: user=0.57 sys=0.01, real=0.06 secs] 
2016-09-24T02:37:35.176-0400: 90.920: [GC (GCLocker Initiated GC) [PSYoungGen: 131584K->57420K(194560K)] 400307K->326143K(718848K), 0.0080803 secs] [Times: user=0.12 sys=0.00, real=0.01 secs] 
2016-09-24T02:37:35.289-0400: 91.032: [GC (GCLocker Initiated GC) [PSYoungGen: 189004K->61244K(184832K)] 457799K->334247K(709120K), 0.0129815 secs] [Times: user=0.16 sys=0.01, real=0.01 secs] 
2016-09-24T02:37:35.396-0400: 91.139: [GC (GCLocker Initiated GC) [PSYoungGen: 179004K->52820K(171008K)] 457490K->332580K(695296K), 0.0153246 secs] [Times: user=0.17 sys=0.00, real=0.01 secs] 
2016-09-24T02:37:35.506-0400: 91.249: [GC (GCLocker Initiated GC) [PSYoungGen: 170580K->54281K(188416K)] 453109K->337978K(712704K), 0.0059327 secs] [Times: user=0.06 sys=0.00, real=0.00 secs] 
2016-09-24T02:37:35.606-0400: 91.350: [GC (GCLocker Initiated GC) [PSYoungGen: 169993K->39255K(155136K)] 459105K->329509K(679424K), 0.0111646 secs] [Times: user=0.13 sys=0.01, real=0.01 secs] 
2016-09-24T02:37:35.721-0400: 91.464: [GC (GCLocker Initiated GC) [PSYoungGen: 154967K->35430K(188928K)] 447933K->329548K(713216K), 0.0051193 secs] [Times: user=0.06 sys=0.01, real=0.01 secs] 
2016-09-24T02:37:35.815-0400: 91.558: [GC (GCLocker Initiated GC) [PSYoungGen: 152678K->26851K(187904K)] 449647K->324956K(712192K), 0.0056734 secs] [Times: user=0.02 sys=0.01, real=0.00 secs] 
2016-09-24T02:37:35.909-0400: 91.652: [GC (GCLocker Initiated GC) [PSYoungGen: 144099K->36622K(187904K)] 442219K->335719K(712192K), 0.0112092 secs] [Times: user=0.13 sys=0.00, real=0.01 secs] 
2016-09-24T02:37:36.023-0400: 91.766: [GC (GCLocker Initiated GC) [PSYoungGen: 156942K->50381K(189440K)] 461538K->356328K(713728K), 0.0057495 secs] [Times: user=0.07 sys=0.00, real=0.00 secs] 
2016-09-24T02:37:36.136-0400: 91.879: [GC (GCLocker Initiated GC) [PSYoungGen: 170701K->41066K(188416K)] 490169K->361811K(712704K), 0.0061189 secs] [Times: user=0.06 sys=0.00, real=0.00 secs] 
2016-09-24T02:37:36.239-0400: 91.982: [GC (GCLocker Initiated GC) [PSYoungGen: 164458K->63946K(187392K)] 487985K->388853K(711680K), 0.0065768 secs] [Times: user=0.07 sys=0.01, real=0.01 secs] 
2016-09-24T02:37:36.353-0400: 92.096: [GC (GCLocker Initiated GC) [PSYoungGen: 187338K->52990K(188416K)] 513639K->380593K(712704K), 0.0057833 secs] [Times: user=0.07 sys=0.00, real=0.01 secs] 
2016-09-24T02:37:36.457-0400: 92.201: [GC (GCLocker Initiated GC) [PSYoungGen: 168702K->23290K(139264K)] 501342K->370769K(663552K), 0.0092007 secs] [Times: user=0.08 sys=0.00, real=0.01 secs] 
2016-09-24T02:37:36.569-0400: 92.313: [GC (GCLocker Initiated GC) [PSYoungGen: 139002K->32479K(189440K)] 491885K->386693K(713728K), 0.0141540 secs] [Times: user=0.14 sys=0.00, real=0.02 secs] 
2016-09-24T02:37:36.675-0400: 92.419: [GC (GCLocker Initiated GC) [PSYoungGen: 147679K->42171K(157696K)] 508727K->404391K(681984K), 0.0214686 secs] [Times: user=0.26 sys=0.00, real=0.02 secs] 
2016-09-24T02:37:36.791-0400: 92.535: [GC (GCLocker Initiated GC) [PSYoungGen: 157371K->36816K(186368K)] 530445K->411162K(710656K), 0.0229573 secs] [Times: user=0.28 sys=0.01, real=0.03 secs] 
2016-09-24T02:37:36.919-0400: 92.662: [GC (GCLocker Initiated GC) [PSYoungGen: 153552K->44611K(184832K)] 530600K->422843K(709120K), 0.0145725 secs] [Times: user=0.15 sys=0.00, real=0.01 secs] 
2016-09-24T02:37:37.036-0400: 92.780: [GC (GCLocker Initiated GC) [PSYoungGen: 161347K->27300K(190976K)] 551949K->418985K(715264K), 0.0233371 secs] [Times: user=0.30 sys=0.00, real=0.02 secs] 
2016-09-24T02:37:37.167-0400: 92.910: [GC (GCLocker Initiated GC) [PSYoungGen: 151716K->39355K(190976K)] 548806K->437727K(715264K), 0.0094249 secs] [Times: user=0.09 sys=0.00, real=0.01 secs] 
2016-09-24T02:37:37.277-0400: 93.020: [GC (GCLocker Initiated GC) [PSYoungGen: 163771K->42164K(194048K)] 562243K->441895K(718336K), 0.0231192 secs] [Times: user=0.24 sys=0.00, real=0.02 secs] 
2016-09-24T02:37:37.409-0400: 93.153: [GC (GCLocker Initiated GC) [PSYoungGen: 172724K->51820K(193024K)] 575202K->463702K(717312K), 0.0076748 secs] [Times: user=0.08 sys=0.00, real=0.01 secs] 
2016-09-24T02:37:37.523-0400: 93.266: [GC (GCLocker Initiated GC) [PSYoungGen: 182380K->46290K(198144K)] 597203K->465101K(722432K), 0.0284801 secs] [Times: user=0.29 sys=0.00, real=0.02 secs] 
2016-09-24T02:37:37.662-0400: 93.405: [GC (GCLocker Initiated GC) [PSYoungGen: 179922K->44911K(178688K)] 598746K->465091K(702976K), 0.0304557 secs] [Times: user=0.34 sys=0.00, real=0.03 secs] 
2016-09-24T02:37:37.815-0400: 93.558: [GC (GCLocker Initiated GC) [PSYoungGen: 178543K->22232K(195584K)] 612594K->457658K(719872K), 0.0103565 secs] [Times: user=0.11 sys=0.00, real=0.01 secs] 
2016-09-24T02:37:37.936-0400: 93.679: [GC (GCLocker Initiated GC) [PSYoungGen: 154840K->59858K(192512K)] 590393K->496923K(716800K), 0.0083953 secs] [Times: user=0.12 sys=0.00, real=0.01 secs] 
2016-09-24T02:37:38.060-0400: 93.803: [GC (GCLocker Initiated GC) [PSYoungGen: 192466K->31365K(194048K)] 629541K->469744K(718336K), 0.0108134 secs] [Times: user=0.13 sys=0.00, real=0.01 secs] 
2016-09-24T02:37:38.160-0400: 93.903: [GC (GCLocker Initiated GC) [PSYoungGen: 156293K->50186K(193024K)] 594686K->500652K(717312K), 0.0095521 secs] [Times: user=0.10 sys=0.01, real=0.01 secs] 
2016-09-24T02:37:38.261-0400: 94.005: [GC (GCLocker Initiated GC) [PSYoungGen: 175114K->62547K(183808K)] 628331K->516877K(708096K), 0.0085093 secs] [Times: user=0.11 sys=0.00, real=0.01 secs] 
2016-09-24T02:37:38.354-0400: 94.097: [GC (GCLocker Initiated GC) [PSYoungGen: 177235K->52845K(167936K)] 634430K->511271K(692224K), 0.0077489 secs] [Times: user=0.06 sys=0.00, real=0.01 secs] 
2016-09-24T02:37:38.454-0400: 94.197: [GC (GCLocker Initiated GC) [PSYoungGen: 167533K->36502K(189440K)] 625979K->496012K(713728K), 0.0205890 secs] [Times: user=0.26 sys=0.00, real=0.03 secs] 
2016-09-24T02:37:38.566-0400: 94.309: [GC (GCLocker Initiated GC) [PSYoungGen: 151702K->48760K(164352K)] 611469K->509609K(688640K), 0.0104767 secs] [Times: user=0.11 sys=0.00, real=0.01 secs] 
2016-09-24T02:37:38.666-0400: 94.410: [GC (GCLocker Initiated GC) [PSYoungGen: 163960K->33927K(187904K)] 631623K->524260K(712192K), 0.0111999 secs] [Times: user=0.13 sys=0.00, real=0.01 secs] 
2016-09-24T02:37:38.758-0400: 94.501: [GC (GCLocker Initiated GC) [PSYoungGen: 150151K->52797K(186880K)] 640584K->557761K(711168K), 0.0102310 secs] [Times: user=0.14 sys=0.00, real=0.01 secs] 
2016-09-24T02:37:38.768-0400: 94.511: [Full GC (Ergonomics) [PSYoungGen: 52797K->0K(186880K)] [ParOldGen: 504963K->305668K(524288K)] 557761K->305668K(711168K), [Metaspace: 43835K->43835K(1087488K)], 0.0726669 secs] [Times: user=0.68 sys=0.01, real=0.07 secs] 
2016-09-24T02:37:38.927-0400: 94.670: [GC (GCLocker Initiated GC) [PSYoungGen: 116224K->62875K(181760K)] 430028K->376679K(706048K), 0.0055311 secs] [Times: user=0.07 sys=0.00, real=0.00 secs] 
2016-09-24T02:37:39.024-0400: 94.767: [GC (GCLocker Initiated GC) [PSYoungGen: 173467K->45980K(186368K)] 488635K->377635K(710656K), 0.0072426 secs] [Times: user=0.06 sys=0.00, real=0.00 secs] 
2016-09-24T02:37:39.122-0400: 94.865: [GC (GCLocker Initiated GC) [PSYoungGen: 156572K->29652K(184832K)] 492516K->366706K(709120K), 0.0258540 secs] [Times: user=0.23 sys=0.01, real=0.03 secs] 
2016-09-24T02:37:39.247-0400: 94.991: [GC (GCLocker Initiated GC) [PSYoungGen: 143316K->38058K(186368K)] 484732K->399421K(710656K), 0.0105262 secs] [Times: user=0.14 sys=0.01, real=0.01 secs] 
2016-09-24T02:37:39.350-0400: 95.094: [GC (GCLocker Initiated GC) [PSYoungGen: 151722K->28089K(189440K)] 515925K->393476K(713728K), 0.0134763 secs] [Times: user=0.13 sys=0.01, real=0.02 secs] 
2016-09-24T02:37:39.452-0400: 95.195: [GC (GCLocker Initiated GC) [PSYoungGen: 146361K->24245K(189440K)] 514459K->401245K(713728K), 0.0237540 secs] [Times: user=0.27 sys=0.00, real=0.03 secs] 
2016-09-24T02:37:39.585-0400: 95.328: [GC (GCLocker Initiated GC) [PSYoungGen: 142517K->31184K(188416K)] 524019K->413725K(712704K), 0.0055764 secs] [Times: user=0.06 sys=0.00, real=0.00 secs] 
2016-09-24T02:37:39.674-0400: 95.417: [GC (GCLocker Initiated GC) [PSYoungGen: 150480K->39177K(189440K)] 533030K->422955K(713728K), 0.0067679 secs] [Times: user=0.06 sys=0.00, real=0.01 secs] 
2016-09-24T02:37:39.771-0400: 95.514: [GC (GCLocker Initiated GC) [PSYoungGen: 158473K->44748K(190976K)] 544973K->432280K(715264K), 0.0163973 secs] [Times: user=0.22 sys=0.01, real=0.02 secs] 
2016-09-24T02:37:39.913-0400: 95.657: [GC (GCLocker Initiated GC) [PSYoungGen: 168652K->35513K(189952K)] 562983K->431017K(714240K), 0.0047837 secs] [Times: user=0.05 sys=0.00, real=0.01 secs] 
2016-09-24T02:37:40.020-0400: 95.764: [GC (GCLocker Initiated GC) [PSYoungGen: 159417K->28356K(194048K)] 560354K->430544K(718336K), 0.0227248 secs] [Times: user=0.27 sys=0.00, real=0.03 secs] 
2016-09-24T02:37:40.138-0400: 95.882: [GC (GCLocker Initiated GC) [PSYoungGen: 157892K->44876K(193536K)] 560102K->475266K(717824K), 0.0065026 secs] [Times: user=0.08 sys=0.00, real=0.01 secs] 
2016-09-24T02:37:40.245-0400: 95.988: [GC (GCLocker Initiated GC) [PSYoungGen: 174412K->44982K(197632K)] 609256K->497214K(721920K), 0.0073424 secs] [Times: user=0.09 sys=0.01, real=0.00 secs] 
2016-09-24T02:37:40.344-0400: 96.087: [GC (GCLocker Initiated GC) [PSYoungGen: 179126K->62337K(196608K)] 631376K->515825K(720896K), 0.0067912 secs] [Times: user=0.09 sys=0.01, real=0.00 secs] 
2016-09-24T02:37:40.461-0400: 96.205: [GC (GCLocker Initiated GC) [PSYoungGen: 196481K->25632K(188416K)] 654045K->484247K(712704K), 0.0049847 secs] [Times: user=0.04 sys=0.00, real=0.01 secs] 
2016-09-24T02:37:40.566-0400: 96.309: [GC (GCLocker Initiated GC) [PSYoungGen: 148512K->41816K(192512K)] 609489K->503870K(716800K), 0.0112660 secs] [Times: user=0.10 sys=0.01, real=0.01 secs] 
2016-09-24T02:37:40.673-0400: 96.416: [GC (GCLocker Initiated GC) [PSYoungGen: 164696K->39405K(185856K)] 634912K->518717K(710144K), 0.0064132 secs] [Times: user=0.05 sys=0.00, real=0.01 secs] 
2016-09-24T02:37:40.773-0400: 96.517: [GC (GCLocker Initiated GC) [PSYoungGen: 164845K->63738K(189952K)] 644237K->552387K(714240K), 0.0087069 secs] [Times: user=0.10 sys=0.00, real=0.02 secs] 
2016-09-24T02:37:40.877-0400: 96.621: [Full GC (Ergonomics) [PSYoungGen: 189178K->0K(189952K)] [ParOldGen: 500840K->325630K(524288K)] 690019K->325630K(714240K), [Metaspace: 43847K->43847K(1087488K)], 0.0629505 secs] [Times: user=0.40 sys=0.01, real=0.06 secs] 
2016-09-24T02:37:41.033-0400: 96.776: [GC (GCLocker Initiated GC) [PSYoungGen: 125440K->68173K(177664K)] 453876K->396610K(701952K), 0.0189084 secs] [Times: user=0.25 sys=0.00, real=0.02 secs] 
2016-09-24T02:37:41.142-0400: 96.886: [GC (GCLocker Initiated GC) [PSYoungGen: 174669K->35166K(184320K)] 515353K->378711K(708608K), 0.0094792 secs] [Times: user=0.09 sys=0.00, real=0.00 secs] 
2016-09-24T02:37:41.244-0400: 96.987: [GC (GCLocker Initiated GC) [PSYoungGen: 141662K->37945K(178688K)] 500108K->397519K(702976K), 0.0180396 secs] [Times: user=0.24 sys=0.00, real=0.01 secs] 
2016-09-24T02:37:41.350-0400: 97.093: [GC (GCLocker Initiated GC) [PSYoungGen: 145977K->31036K(182272K)] 507017K->395847K(706560K), 0.0144277 secs] [Times: user=0.15 sys=0.00, real=0.02 secs] 
2016-09-24T02:37:41.450-0400: 97.194: [GC (GCLocker Initiated GC) [PSYoungGen: 139068K->56843K(184832K)] 506700K->425556K(709120K), 0.0172231 secs] [Times: user=0.26 sys=0.00, real=0.02 secs] 
2016-09-24T02:37:41.547-0400: 97.290: [GC (GCLocker Initiated GC) [PSYoungGen: 168459K->41913K(153600K)] 542585K->417004K(677888K), 0.0057402 secs] [Times: user=0.06 sys=0.00, real=0.00 secs] 
2016-09-24T02:37:41.643-0400: 97.386: [GC (GCLocker Initiated GC) [PSYoungGen: 153529K->36400K(187904K)] 531620K->415423K(712192K), 0.0091433 secs] [Times: user=0.11 sys=0.00, real=0.00 secs] 
2016-09-24T02:37:41.742-0400: 97.486: [GC (GCLocker Initiated GC) [PSYoungGen: 151600K->55457K(186368K)] 537410K->442199K(710656K), 0.0064704 secs] [Times: user=0.09 sys=0.00, real=0.00 secs] 
2016-09-24T02:37:41.844-0400: 97.587: [GC (GCLocker Initiated GC) [PSYoungGen: 170657K->35398K(189952K)] 565529K->444675K(714240K), 0.0075005 secs] [Times: user=0.06 sys=0.00, real=0.00 secs] 
2016-09-24T02:37:41.945-0400: 97.688: [GC (GCLocker Initiated GC) [PSYoungGen: 153158K->29884K(189440K)] 571992K->471478K(713728K), 0.0093513 secs] [Times: user=0.09 sys=0.01, real=0.00 secs] 
2016-09-24T02:37:42.049-0400: 97.793: [GC (GCLocker Initiated GC) [PSYoungGen: 147644K->47322K(189440K)] 594673K->495502K(713728K), 0.0103786 secs] [Times: user=0.12 sys=0.00, real=0.01 secs] 
2016-09-24T02:37:42.154-0400: 97.897: [GC (GCLocker Initiated GC) [PSYoungGen: 166618K->28615K(189440K)] 622918K->488621K(713728K), 0.0087688 secs] [Times: user=0.08 sys=0.01, real=0.02 secs] 
2016-09-24T02:37:42.259-0400: 98.003: [GC (GCLocker Initiated GC) [PSYoungGen: 147911K->42127K(187392K)] 610650K->522329K(711680K), 0.0062835 secs] [Times: user=0.08 sys=0.00, real=0.01 secs] 
2016-09-24T02:37:42.354-0400: 98.097: [GC (GCLocker Initiated GC) [PSYoungGen: 164495K->42185K(189440K)] 644804K->548021K(713728K), 0.0098535 secs] [Times: user=0.13 sys=0.01, real=0.02 secs] 
2016-09-24T02:37:42.364-0400: 98.107: [Full GC (Ergonomics) [PSYoungGen: 42185K->0K(189440K)] [ParOldGen: 505835K->337185K(524288K)] 548021K->337185K(713728K), [Metaspace: 43847K->43847K(1087488K)], 0.0576319 secs] [Times: user=0.44 sys=0.01, real=0.05 secs] 
2016-09-24T02:37:42.511-0400: 98.254: [GC (GCLocker Initiated GC) [PSYoungGen: 122368K->41172K(189952K)] 459664K->378469K(714240K), 0.0054855 secs] [Times: user=0.06 sys=0.00, real=0.01 secs] 
2016-09-24T02:37:42.614-0400: 98.357: [GC (GCLocker Initiated GC) [PSYoungGen: 171220K->34105K(192512K)] 516791K->391955K(716800K), 0.0106377 secs] [Times: user=0.10 sys=0.00, real=0.02 secs] 
2016-09-24T02:37:42.720-0400: 98.463: [GC (GCLocker Initiated GC) [PSYoungGen: 164153K->51592K(196096K)] 524724K->413388K(720384K), 0.0053052 secs] [Times: user=0.06 sys=0.00, real=0.01 secs] 
2016-09-24T02:37:42.820-0400: 98.564: [GC (GCLocker Initiated GC) [PSYoungGen: 185736K->58309K(192512K)] 547603K->440277K(716800K), 0.0065034 secs] [Times: user=0.09 sys=0.00, real=0.01 secs] 
2016-09-24T02:37:42.930-0400: 98.674: [GC (GCLocker Initiated GC) [PSYoungGen: 192453K->31428K(194560K)] 578537K->437517K(718848K), 0.0070841 secs] [Times: user=0.06 sys=0.00, real=0.01 secs] 
2016-09-24T02:37:43.041-0400: 98.785: [GC (GCLocker Initiated GC) [PSYoungGen: 158404K->49104K(194560K)] 571405K->463369K(718848K), 0.0058898 secs] [Times: user=0.07 sys=0.00, real=0.01 secs] 
2016-09-24T02:37:43.145-0400: 98.889: [GC (GCLocker Initiated GC) [PSYoungGen: 176080K->62513K(185344K)] 593056K->480789K(709632K), 0.0077361 secs] [Times: user=0.11 sys=0.00, real=0.00 secs] 
2016-09-24T02:37:43.251-0400: 98.995: [GC (GCLocker Initiated GC) [PSYoungGen: 180273K->47721K(189952K)] 606783K->475425K(714240K), 0.0222751 secs] [Times: user=0.31 sys=0.00, real=0.02 secs] 
2016-09-24T02:37:43.373-0400: 99.116: [GC (GCLocker Initiated GC) [PSYoungGen: 165481K->44594K(183296K)] 593382K->489980K(707584K), 0.0070507 secs] [Times: user=0.06 sys=0.00, real=0.01 secs] 
2016-09-24T02:37:43.469-0400: 99.212: [GC (GCLocker Initiated GC) [PSYoungGen: 163890K->48984K(187392K)] 614711K->511663K(711680K), 0.0071456 secs] [Times: user=0.08 sys=0.00, real=0.01 secs] 
2016-09-24T02:37:43.570-0400: 99.313: [GC (GCLocker Initiated GC) [PSYoungGen: 168280K->47732K(190464K)] 640539K->521237K(714752K), 0.0055776 secs] [Times: user=0.06 sys=0.00, real=0.01 secs] 
2016-09-24T02:37:43.671-0400: 99.415: [GC (GCLocker Initiated GC) [PSYoungGen: 174196K->53101K(192512K)] 653346K->533524K(716800K), 0.0055228 secs] [Times: user=0.08 sys=0.00, real=0.01 secs] 
2016-09-24T02:37:43.790-0400: 99.533: [GC (GCLocker Initiated GC) [PSYoungGen: 179565K->28674K(193536K)] 665420K->515818K(717824K), 0.0195575 secs] [Times: user=0.22 sys=0.01, real=0.02 secs] 
2016-09-24T02:37:43.919-0400: 99.662: [GC (GCLocker Initiated GC) [PSYoungGen: 155650K->33883K(194560K)] 642802K->522238K(718848K), 0.0085885 secs] [Times: user=0.08 sys=0.00, real=0.01 secs] 
2016-09-24T02:37:44.047-0400: 99.790: [GC (GCLocker Initiated GC) [PSYoungGen: 160859K->53071K(192512K)] 652449K->548588K(716800K), 0.0062071 secs] [Times: user=0.08 sys=0.00, real=0.00 secs] 
2016-09-24T02:37:44.152-0400: 99.896: [GC (GCLocker Initiated GC) [PSYoungGen: 177999K->51633K(193536K)] 673532K->564681K(717824K), 0.0072346 secs] [Times: user=0.09 sys=0.01, real=0.01 secs] 
2016-09-24T02:37:44.160-0400: 99.903: [Full GC (Ergonomics) [PSYoungGen: 51633K->0K(193536K)] [ParOldGen: 513048K->317078K(524288K)] 564681K->317078K(717824K), [Metaspace: 43867K->43867K(1087488K)], 0.0788027 secs] [Times: user=0.82 sys=0.00, real=0.08 secs] 
2016-09-24T02:37:44.327-0400: 100.071: [GC (GCLocker Initiated GC) [PSYoungGen: 124928K->50821K(193536K)] 444785K->370679K(717824K), 0.0055173 secs] [Times: user=0.06 sys=0.00, real=0.00 secs] 
2016-09-24T02:37:44.433-0400: 100.177: [GC (GCLocker Initiated GC) [PSYoungGen: 175749K->38064K(163328K)] 498390K->362382K(687616K), 0.0100276 secs] [Times: user=0.10 sys=0.00, real=0.02 secs] 
2016-09-24T02:37:44.537-0400: 100.281: [GC (GCLocker Initiated GC) [PSYoungGen: 162992K->48833K(193536K)] 487436K->385363K(717824K), 0.0150785 secs] [Times: user=0.19 sys=0.00, real=0.01 secs] 
2016-09-24T02:37:44.646-0400: 100.390: [GC (GCLocker Initiated GC) [PSYoungGen: 174785K->44911K(192512K)] 511343K->407041K(716800K), 0.0075090 secs] [Times: user=0.09 sys=0.00, real=0.00 secs] 
2016-09-24T02:37:44.749-0400: 100.492: [GC (GCLocker Initiated GC) [PSYoungGen: 170863K->36509K(192512K)] 541107K->426884K(716800K), 0.0117107 secs] [Times: user=0.11 sys=0.01, real=0.01 secs] 
2016-09-24T02:37:44.857-0400: 100.601: [GC (GCLocker Initiated GC) [PSYoungGen: 164509K->28662K(192512K)] 572584K->437874K(716800K), 0.0064996 secs] [Times: user=0.06 sys=0.01, real=0.01 secs] 
2016-09-24T02:37:44.946-0400: 100.689: [GC (GCLocker Initiated GC) [PSYoungGen: 156662K->57961K(189952K)] 566071K->468470K(714240K), 0.0066769 secs] [Times: user=0.08 sys=0.00, real=0.00 secs] 
2016-09-24T02:37:45.032-0400: 100.775: [GC (GCLocker Initiated GC) [PSYoungGen: 182889K->55375K(180736K)] 596254K->482981K(705024K), 0.0068148 secs] [Times: user=0.09 sys=0.00, real=0.01 secs] 
2016-09-24T02:37:45.115-0400: 100.859: [GC (GCLocker Initiated GC) [PSYoungGen: 180303K->68730K(179712K)] 607927K->502657K(704000K), 0.0069098 secs] [Times: user=0.09 sys=0.01, real=0.01 secs] 
2016-09-24T02:37:45.209-0400: 100.953: [GC (GCLocker Initiated GC) [PSYoungGen: 178298K->40062K(185856K)] 612324K->490961K(710144K), 0.0164697 secs] [Times: user=0.21 sys=0.00, real=0.02 secs] 
2016-09-24T02:37:45.287-0400: 101.031: [GC (GCLocker Initiated GC) [PSYoungGen: 149630K->53680K(183296K)] 606168K->510709K(707584K), 0.0065200 secs] [Times: user=0.06 sys=0.00, real=0.00 secs] 
2016-09-24T02:37:45.366-0400: 101.110: [GC (GCLocker Initiated GC) [PSYoungGen: 164784K->53680K(185344K)] 629916K->519304K(709632K), 0.0089914 secs] [Times: user=0.12 sys=0.01, real=0.01 secs] 
2016-09-24T02:37:45.451-0400: 101.194: [GC (GCLocker Initiated GC) [PSYoungGen: 164784K->40216K(184832K)] 645283K->521248K(709120K), 0.0096163 secs] [Times: user=0.13 sys=0.00, real=0.01 secs] 
2016-09-24T02:37:45.535-0400: 101.278: [GC (GCLocker Initiated GC) [PSYoungGen: 153880K->40307K(186368K)] 649941K->558653K(710656K), 0.0057170 secs] [Times: user=0.08 sys=0.00, real=0.00 secs] 
2016-09-24T02:37:45.541-0400: 101.284: [Full GC (Ergonomics) [PSYoungGen: 40307K->0K(186368K)] [ParOldGen: 518345K->336436K(524288K)] 558653K->336436K(710656K), [Metaspace: 43871K->43871K(1087488K)], 0.0600358 secs] [Times: user=0.47 sys=0.01, real=0.06 secs] 
2016-09-24T02:37:45.677-0400: 101.420: [GC (GCLocker Initiated GC) [PSYoungGen: 113664K->41685K(185856K)] 461087K->389108K(710144K), 0.0048570 secs] [Times: user=0.06 sys=0.00, real=0.00 secs] 
2016-09-24T02:37:45.758-0400: 101.502: [GC (Allocation Failure) [PSYoungGen: 159445K->70003K(187904K)] 506945K->423600K(712192K), 0.0075779 secs] [Times: user=0.11 sys=0.00, real=0.01 secs] 
2016-09-24T02:37:45.840-0400: 101.583: [GC (GCLocker Initiated GC) [PSYoungGen: 187763K->37510K(184832K)] 541364K->413379K(709120K), 0.0060078 secs] [Times: user=0.08 sys=0.00, real=0.01 secs] 
2016-09-24T02:37:45.920-0400: 101.663: [GC (GCLocker Initiated GC) [PSYoungGen: 148102K->40252K(186368K)] 530787K->423536K(710656K), 0.0050304 secs] [Times: user=0.06 sys=0.00, real=0.01 secs] 
2016-09-24T02:37:45.996-0400: 101.739: [GC (GCLocker Initiated GC) [PSYoungGen: 150844K->69920K(176640K)] 534172K->453835K(700928K), 0.0068309 secs] [Times: user=0.10 sys=0.00, real=0.01 secs] 
2016-09-24T02:37:46.071-0400: 101.814: [GC (GCLocker Initiated GC) [PSYoungGen: 172320K->32078K(182272K)] 565755K->453069K(706560K), 0.0086035 secs] [Times: user=0.07 sys=0.00, real=0.01 secs] 
2016-09-24T02:37:46.149-0400: 101.892: [GC (GCLocker Initiated GC) [PSYoungGen: 134478K->53655K(180224K)] 560924K->480712K(704512K), 0.0060137 secs] [Times: user=0.06 sys=0.00, real=0.01 secs] 
2016-09-24T02:37:46.227-0400: 101.970: [GC (GCLocker Initiated GC) [PSYoungGen: 156055K->41537K(181248K)] 586033K->488238K(705536K), 0.0072479 secs] [Times: user=0.07 sys=0.00, real=0.00 secs] 
2016-09-24T02:37:46.312-0400: 102.056: [GC (GCLocker Initiated GC) [PSYoungGen: 143937K->14581K(179712K)] 605628K->476919K(704000K), 0.0113328 secs] [Times: user=0.11 sys=0.01, real=0.02 secs] 
2016-09-24T02:37:46.397-0400: 102.140: [GC (GCLocker Initiated GC) [PSYoungGen: 117493K->38769K(182272K)] 580400K->502436K(706560K), 0.0071142 secs] [Times: user=0.08 sys=0.00, real=0.01 secs] 
2016-09-24T02:37:46.481-0400: 102.224: [GC (GCLocker Initiated GC) [PSYoungGen: 141681K->31855K(180736K)] 613476K->504313K(705024K), 0.0159398 secs] [Times: user=0.15 sys=0.00, real=0.02 secs] 
2016-09-24T02:37:46.581-0400: 102.324: [GC (GCLocker Initiated GC) [PSYoungGen: 137839K->40278K(181760K)] 619773K->525501K(706048K), 0.0194247 secs] [Times: user=0.20 sys=0.00, real=0.02 secs] 
2016-09-24T02:37:46.689-0400: 102.433: [GC (GCLocker Initiated GC) [PSYoungGen: 146262K->32275K(184832K)] 637478K->540491K(709120K), 0.0242017 secs] [Times: user=0.23 sys=0.00, real=0.02 secs] 
2016-09-24T02:37:46.714-0400: 102.457: [Full GC (Ergonomics) [PSYoungGen: 32275K->0K(184832K)] [ParOldGen: 508216K->334693K(524288K)] 540491K->334693K(709120K), [Metaspace: 43871K->43871K(1087488K)], 0.0681781 secs] [Times: user=0.57 sys=0.00, real=0.07 secs] 
2016-09-24T02:37:46.872-0400: 102.615: [GC (GCLocker Initiated GC) [PSYoungGen: 113152K->51455K(184320K)] 458823K->397126K(708608K), 0.0101963 secs] [Times: user=0.14 sys=0.00, real=0.01 secs] 
2016-09-24T02:37:46.969-0400: 102.713: [GC (GCLocker Initiated GC) [PSYoungGen: 164607K->52744K(187904K)] 515880K->405058K(712192K), 0.0055624 secs] [Times: user=0.07 sys=0.00, real=0.01 secs] 
2016-09-24T02:37:47.058-0400: 102.802: [GC (GCLocker Initiated GC) [PSYoungGen: 168456K->48814K(188928K)] 524856K->406114K(713216K), 0.0060559 secs] [Times: user=0.09 sys=0.00, real=0.01 secs] 
2016-09-24T02:37:47.155-0400: 102.899: [GC (GCLocker Initiated GC) [PSYoungGen: 164526K->40616K(184832K)] 531287K->408398K(709120K), 0.0184544 secs] [Times: user=0.26 sys=0.00, real=0.01 secs] 
2016-09-24T02:37:47.267-0400: 103.011: [GC (GCLocker Initiated GC) [PSYoungGen: 157352K->42057K(186880K)] 533380K->419127K(711168K), 0.0058350 secs] [Times: user=0.07 sys=0.01, real=0.00 secs] 
2016-09-24T02:37:47.360-0400: 103.104: [GC (GCLocker Initiated GC) [PSYoungGen: 158793K->18665K(189952K)] 537509K->409210K(714240K), 0.0072836 secs] [Times: user=0.05 sys=0.00, real=0.01 secs] 
2016-09-24T02:37:47.459-0400: 103.202: [GC (GCLocker Initiated GC) [PSYoungGen: 141033K->20112K(191488K)] 535700K->434626K(715776K), 0.0350534 secs] [Times: user=0.34 sys=0.00, real=0.04 secs] 
2016-09-24T02:37:47.593-0400: 103.337: [GC (GCLocker Initiated GC) [PSYoungGen: 142480K->32478K(189952K)] 566540K->460178K(714240K), 0.0262166 secs] [Times: user=0.24 sys=0.00, real=0.03 secs] 
2016-09-24T02:37:47.713-0400: 103.456: [GC (GCLocker Initiated GC) [PSYoungGen: 155358K->35037K(190976K)] 587138K->475897K(715264K), 0.0087486 secs] [Times: user=0.09 sys=0.01, real=0.01 secs] 
2016-09-24T02:37:47.815-0400: 103.558: [GC (GCLocker Initiated GC) [PSYoungGen: 157917K->29364K(193024K)] 607107K->479554K(717312K), 0.0237470 secs] [Times: user=0.25 sys=0.01, real=0.02 secs] 
2016-09-24T02:37:47.945-0400: 103.688: [GC (GCLocker Initiated GC) [PSYoungGen: 157364K->41668K(192512K)] 607558K->492604K(716800K), 0.0107295 secs] [Times: user=0.10 sys=0.00, real=0.01 secs] 
2016-09-24T02:37:48.039-0400: 103.782: [GC (GCLocker Initiated GC) [PSYoungGen: 169668K->52750K(192512K)] 620611K->504533K(716800K), 0.0105036 secs] [Times: user=0.12 sys=0.00, real=0.01 secs] 
2016-09-24T02:37:48.150-0400: 103.894: [GC (GCLocker Initiated GC) [PSYoungGen: 181774K->36509K(195584K)] 633565K->489294K(719872K), 0.0098015 secs] [Times: user=0.09 sys=0.00, real=0.01 secs] 
2016-09-24T02:37:48.248-0400: 103.992: [GC (GCLocker Initiated GC) [PSYoungGen: 165533K->47440K(195072K)] 618352K->501348K(719360K), 0.0138038 secs] [Times: user=0.15 sys=0.00, real=0.02 secs] 
2016-09-24T02:37:48.368-0400: 104.111: [GC (GCLocker Initiated GC) [PSYoungGen: 178512K->43668K(196096K)] 632538K->501589K(720384K), 0.0127093 secs] [Times: user=0.14 sys=0.00, real=0.01 secs] 
2016-09-24T02:37:48.485-0400: 104.228: [GC (GCLocker Initiated GC) [PSYoungGen: 174740K->40862K(193024K)] 638239K->505676K(717312K), 0.0069955 secs] [Times: user=0.06 sys=0.00, real=0.00 secs] 
2016-09-24T02:37:48.586-0400: 104.329: [GC (GCLocker Initiated GC) [PSYoungGen: 173982K->38204K(195072K)] 638798K->517969K(719360K), 0.0213147 secs] [Times: user=0.26 sys=0.00, real=0.02 secs] 
2016-09-24T02:37:48.707-0400: 104.450: [GC (GCLocker Initiated GC) [PSYoungGen: 171324K->42126K(198144K)] 651090K->523198K(722432K), 0.0079179 secs] [Times: user=0.07 sys=0.00, real=0.01 secs] 
2016-09-24T02:37:48.819-0400: 104.563: [GC (GCLocker Initiated GC) [PSYoungGen: 182414K->42123K(199168K)] 663519K->524430K(723456K), 0.0068038 secs] [Times: user=0.06 sys=0.00, real=0.01 secs] 
2016-09-24T02:37:48.930-0400: 104.674: [GC (GCLocker Initiated GC) [PSYoungGen: 182411K->34005K(201216K)] 672944K->531217K(725504K), 0.0075823 secs] [Times: user=0.08 sys=0.00, real=0.01 secs] 
2016-09-24T02:37:49.064-0400: 104.807: [GC (GCLocker Initiated GC) [PSYoungGen: 179413K->51510K(202240K)] 679365K->552659K(726528K), 0.0072770 secs] [Times: user=0.06 sys=0.00, real=0.00 secs] 
2016-09-24T02:37:49.179-0400: 104.922: [GC (GCLocker Initiated GC) [PSYoungGen: 196918K->31313K(202752K)] 700779K->536310K(727040K), 0.0140020 secs] [Times: user=0.11 sys=0.00, real=0.01 secs] 
2016-09-24T02:37:49.296-0400: 105.040: [GC (GCLocker Initiated GC) [PSYoungGen: 174161K->48533K(191488K)] 679235K->554852K(715776K), 0.0178797 secs] [Times: user=0.20 sys=0.00, real=0.02 secs] 
2016-09-24T02:37:49.418-0400: 105.162: [GC (GCLocker Initiated GC) [PSYoungGen: 191381K->41932K(202752K)] 697807K->562861K(727040K), 0.0276373 secs] [Times: user=0.31 sys=0.00, real=0.03 secs] 
2016-09-24T02:37:49.446-0400: 105.189: [Full GC (Ergonomics) [PSYoungGen: 41932K->0K(202752K)] [ParOldGen: 520929K->365653K(524288K)] 562861K->365653K(727040K), [Metaspace: 43871K->43871K(1087488K)], 0.0803992 secs] [Times: user=0.42 sys=0.01, real=0.08 secs] 
2016-09-24T02:37:49.642-0400: 105.385: [GC (GCLocker Initiated GC) [PSYoungGen: 141824K->32857K(175104K)] 510369K->401403K(699392K), 0.0551530 secs] [Times: user=0.52 sys=0.00, real=0.06 secs] 
2016-09-24T02:37:49.802-0400: 105.545: [GC (GCLocker Initiated GC) [PSYoungGen: 174681K->41986K(201728K)] 544576K->413432K(726016K), 0.0150458 secs] [Times: user=0.14 sys=0.00, real=0.02 secs] 
2016-09-24T02:37:49.928-0400: 105.671: [GC (GCLocker Initiated GC) [PSYoungGen: 184834K->44592K(200704K)] 559013K->422540K(724992K), 0.0195835 secs] [Times: user=0.20 sys=0.00, real=0.02 secs] 
2016-09-24T02:37:50.049-0400: 105.793: [GC (GCLocker Initiated GC) [PSYoungGen: 187440K->44609K(202752K)] 568112K->428997K(727040K), 0.0107536 secs] [Times: user=0.11 sys=0.00, real=0.01 secs] 
2016-09-24T02:37:50.159-0400: 105.902: [GC (GCLocker Initiated GC) [PSYoungGen: 190017K->34955K(202752K)] 577257K->423195K(727040K), 0.0140934 secs] [Times: user=0.12 sys=0.01, real=0.01 secs] 
2016-09-24T02:37:50.288-0400: 106.032: [GC (GCLocker Initiated GC) [PSYoungGen: 180363K->39226K(202240K)] 579423K->439259K(726528K), 0.0124663 secs] [Times: user=0.18 sys=0.00, real=0.01 secs] 
2016-09-24T02:37:50.414-0400: 106.158: [GC (GCLocker Initiated GC) [PSYoungGen: 187194K->54269K(203264K)] 587264K->476917K(727552K), 0.0103259 secs] [Times: user=0.14 sys=0.00, real=0.01 secs] 
2016-09-24T02:37:50.543-0400: 106.287: [GC (GCLocker Initiated GC) [PSYoungGen: 202237K->46288K(203264K)] 633301K->489283K(727552K), 0.0210120 secs] [Times: user=0.28 sys=0.02, real=0.02 secs] 
2016-09-24T02:37:50.665-0400: 106.408: [GC (GCLocker Initiated GC) [PSYoungGen: 190672K->56935K(201728K)] 636425K->517447K(726016K), 0.0153188 secs] [Times: user=0.20 sys=0.00, real=0.01 secs] 
2016-09-24T02:37:50.786-0400: 106.530: [GC (GCLocker Initiated GC) [PSYoungGen: 201319K->43454K(200704K)] 664565K->523957K(724992K), 0.0084330 secs] [Times: user=0.08 sys=0.01, real=0.01 secs] 
2016-09-24T02:37:50.916-0400: 106.659: [GC (GCLocker Initiated GC) [PSYoungGen: 183742K->38049K(201216K)] 664396K->541499K(725504K), 0.0108359 secs] [Times: user=0.13 sys=0.00, real=0.01 secs] 
2016-09-24T02:37:50.927-0400: 106.671: [Full GC (Ergonomics) [PSYoungGen: 38049K->0K(201216K)] [ParOldGen: 503450K->368800K(524288K)] 541499K->368800K(725504K), [Metaspace: 43871K->43871K(1087488K)], 0.0752198 secs] [Times: user=0.54 sys=0.00, real=0.08 secs] 
2016-09-24T02:37:51.114-0400: 106.857: [GC (GCLocker Initiated GC) [PSYoungGen: 140288K->34360K(200192K)] 515870K->409942K(724480K), 0.0049395 secs] [Times: user=0.03 sys=0.00, real=0.01 secs] 
2016-09-24T02:37:51.215-0400: 106.958: [GC (Allocation Failure) [PSYoungGen: 175160K->58277K(199168K)] 553497K->438215K(723456K), 0.0060139 secs] [Times: user=0.07 sys=0.00, real=0.00 secs] 
2016-09-24T02:37:51.334-0400: 107.078: [GC (GCLocker Initiated GC) [PSYoungGen: 199077K->26870K(195072K)] 579015K->424082K(719360K), 0.0252212 secs] [Times: user=0.29 sys=0.00, real=0.02 secs] 
2016-09-24T02:37:51.476-0400: 107.220: [GC (GCLocker Initiated GC) [PSYoungGen: 158966K->35315K(197120K)] 566440K->443809K(721408K), 0.0142451 secs] [Times: user=0.18 sys=0.01, real=0.01 secs] 
2016-09-24T02:37:51.596-0400: 107.340: [GC (GCLocker Initiated GC) [PSYoungGen: 167411K->43335K(193024K)] 578634K->466428K(717312K), 0.0106732 secs] [Times: user=0.14 sys=0.00, real=0.01 secs] 
2016-09-24T02:37:51.702-0400: 107.445: [GC (GCLocker Initiated GC) [PSYoungGen: 176455K->24329K(195584K)] 610473K->459344K(719872K), 0.0069363 secs] [Times: user=0.04 sys=0.00, real=0.00 secs] 
2016-09-24T02:37:51.796-0400: 107.539: [GC (GCLocker Initiated GC) [PSYoungGen: 157449K->43086K(197632K)] 593960K->480648K(721920K), 0.0063712 secs] [Times: user=0.04 sys=0.00, real=0.01 secs] 
2016-09-24T02:37:51.894-0400: 107.638: [GC (GCLocker Initiated GC) [PSYoungGen: 179278K->54054K(190464K)] 619662K->511577K(714752K), 0.0207280 secs] [Times: user=0.30 sys=0.00, real=0.02 secs] 
2016-09-24T02:37:52.030-0400: 107.773: [GC (Allocation Failure) [PSYoungGen: 190246K->32596K(197632K)] 662790K->505991K(721920K), 0.0047967 secs] [Times: user=0.06 sys=0.00, real=0.01 secs] 
2016-09-24T02:37:52.134-0400: 107.877: [GC (GCLocker Initiated GC) [PSYoungGen: 164633K->45834K(178688K)] 640728K->522953K(702976K), 0.0062344 secs] [Times: user=0.07 sys=0.00, real=0.01 secs] 
2016-09-24T02:37:52.239-0400: 107.982: [GC (GCLocker Initiated GC) [PSYoungGen: 178442K->31013K(197120K)] 669108K->522515K(721408K), 0.0044398 secs] [Times: user=0.05 sys=0.01, real=0.01 secs] 
2016-09-24T02:37:52.350-0400: 108.093: [GC (GCLocker Initiated GC) [PSYoungGen: 164133K->38898K(172032K)] 661073K->536575K(696320K), 0.0141802 secs] [Times: user=0.13 sys=0.00, real=0.02 secs] 
2016-09-24T02:37:52.453-0400: 108.196: [GC (GCLocker Initiated GC) --[PSYoungGen: 172018K->172018K(172032K)] 669712K->694828K(696320K), 0.0261647 secs] [Times: user=0.26 sys=0.01, real=0.03 secs] 
2016-09-24T02:37:52.479-0400: 108.223: [Full GC (Ergonomics) [PSYoungGen: 172018K->0K(172032K)] [ParOldGen: 522809K->344222K(524288K)] 694828K->344222K(696320K), [Metaspace: 43871K->43871K(1087488K)], 0.0714781 secs] [Times: user=0.56 sys=0.02, real=0.07 secs] 
2016-09-24T02:37:52.639-0400: 108.382: [GC (GCLocker Initiated GC) [PSYoungGen: 133120K->37608K(198144K)] 484124K->388613K(722432K), 0.0131446 secs] [Times: user=0.18 sys=0.00, real=0.01 secs] 
2016-09-24T02:37:52.745-0400: 108.488: [GC (GCLocker Initiated GC) [PSYoungGen: 174312K->40237K(196096K)] 530750K->421729K(720384K), 0.0074735 secs] [Times: user=0.11 sys=0.00, real=0.00 secs] 
2016-09-24T02:37:52.837-0400: 108.580: [GC (GCLocker Initiated GC) [PSYoungGen: 176941K->47009K(198144K)] 558652K->432058K(722432K), 0.0055452 secs] [Times: user=0.05 sys=0.00, real=0.01 secs] 
2016-09-24T02:37:52.936-0400: 108.679: [GC (GCLocker Initiated GC) [PSYoungGen: 187297K->41516K(199168K)] 575097K->429923K(723456K), 0.0054348 secs] [Times: user=0.05 sys=0.00, real=0.00 secs] 
2016-09-24T02:37:53.028-0400: 108.772: [GC (GCLocker Initiated GC) [PSYoungGen: 181804K->21296K(201216K)] 578015K->447896K(725504K), 0.0064085 secs] [Times: user=0.05 sys=0.00, real=0.01 secs] 
2016-09-24T02:37:53.136-0400: 108.879: [GC (GCLocker Initiated GC) [PSYoungGen: 165168K->32210K(202752K)] 603948K->471692K(727040K), 0.0066045 secs] [Times: user=0.08 sys=0.00, real=0.01 secs] 
2016-09-24T02:37:53.235-0400: 108.979: [GC (GCLocker Initiated GC) [PSYoungGen: 176082K->55244K(195072K)] 618376K->498268K(719360K), 0.0083415 secs] [Times: user=0.08 sys=0.00, real=0.01 secs] 
2016-09-24T02:37:53.333-0400: 109.076: [GC (GCLocker Initiated GC) [PSYoungGen: 192460K->41520K(199680K)] 640918K->493400K(723968K), 0.0064713 secs] [Times: user=0.05 sys=0.01, real=0.01 secs] 
2016-09-24T02:37:53.435-0400: 109.179: [GC (GCLocker Initiated GC) [PSYoungGen: 178736K->37394K(195072K)] 630629K->489961K(719360K), 0.0061371 secs] [Times: user=0.05 sys=0.01, real=0.00 secs] 
2016-09-24T02:37:53.533-0400: 109.276: [GC (GCLocker Initiated GC) [PSYoungGen: 176146K->43108K(198144K)] 631454K->499064K(722432K), 0.0102904 secs] [Times: user=0.10 sys=0.01, real=0.02 secs] 
2016-09-24T02:37:53.643-0400: 109.387: [GC (GCLocker Initiated GC) [PSYoungGen: 181860K->36439K(199680K)] 643339K->498739K(723968K), 0.0068832 secs] [Times: user=0.06 sys=0.00, real=0.00 secs] 
2016-09-24T02:37:53.765-0400: 109.509: [GC (GCLocker Initiated GC) [PSYoungGen: 180823K->32362K(201728K)] 652778K->505184K(726016K), 0.0116223 secs] [Times: user=0.11 sys=0.01, real=0.01 secs] 
2016-09-24T02:37:53.895-0400: 109.638: [GC (GCLocker Initiated GC) [PSYoungGen: 176746K->39072K(201216K)] 655005K->518335K(725504K), 0.0182329 secs] [Times: user=0.21 sys=0.00, real=0.01 secs] 
2016-09-24T02:37:54.028-0400: 109.772: [GC (GCLocker Initiated GC) [PSYoungGen: 187040K->40524K(203264K)] 666332K->520647K(727552K), 0.0085989 secs] [Times: user=0.06 sys=0.00, real=0.01 secs] 
2016-09-24T02:37:54.157-0400: 109.900: [GC (GCLocker Initiated GC) [PSYoungGen: 188492K->39225K(202752K)] 678107K->554178K(727040K), 0.0191433 secs] [Times: user=0.16 sys=0.02, real=0.02 secs] 
2016-09-24T02:37:54.176-0400: 109.919: [Full GC (Ergonomics) [PSYoungGen: 39225K->0K(202752K)] [ParOldGen: 514953K->360447K(524288K)] 554178K->360447K(727040K), [Metaspace: 43874K->43874K(1087488K)], 0.0773698 secs] [Times: user=0.54 sys=0.02, real=0.07 secs] 
2016-09-24T02:37:54.373-0400: 110.116: [GC (GCLocker Initiated GC) [PSYoungGen: 152576K->48879K(205312K)] 518546K->414849K(729600K), 0.0140530 secs] [Times: user=0.16 sys=0.01, real=0.02 secs] 
2016-09-24T02:37:54.515-0400: 110.258: [GC (GCLocker Initiated GC) [PSYoungGen: 201455K->31223K(207360K)] 574341K->405186K(731648K), 0.0118635 secs] [Times: user=0.16 sys=0.00, real=0.01 secs] 
2016-09-24T02:37:54.633-0400: 110.376: [GC (GCLocker Initiated GC) [PSYoungGen: 183799K->51480K(204288K)] 566096K->434884K(728576K), 0.0118902 secs] [Times: user=0.14 sys=0.00, real=0.02 secs] 
2016-09-24T02:37:54.767-0400: 110.510: [GC (GCLocker Initiated GC) [PSYoungGen: 204056K->36717K(205312K)] 591521K->425207K(729600K), 0.0092399 secs] [Times: user=0.11 sys=0.00, real=0.01 secs] 
2016-09-24T02:37:54.898-0400: 110.642: [GC (GCLocker Initiated GC) [PSYoungGen: 184173K->46323K(204288K)] 580869K->455020K(728576K), 0.0089497 secs] [Times: user=0.11 sys=0.01, real=0.01 secs] 
2016-09-24T02:37:55.038-0400: 110.781: [GC (GCLocker Initiated GC) [PSYoungGen: 193779K->40857K(202752K)] 609460K->457743K(727040K), 0.0095565 secs] [Times: user=0.11 sys=0.00, real=0.01 secs] 
2016-09-24T02:37:55.162-0400: 110.905: [GC (GCLocker Initiated GC) [PSYoungGen: 188825K->40811K(203776K)] 615210K->468391K(728064K), 0.0057727 secs] [Times: user=0.08 sys=0.00, real=0.01 secs] 
2016-09-24T02:37:55.289-0400: 111.033: [GC (GCLocker Initiated GC) [PSYoungGen: 188779K->52845K(200704K)] 621774K->487046K(724992K), 0.0094241 secs] [Times: user=0.10 sys=0.00, real=0.01 secs] 
2016-09-24T02:37:55.414-0400: 111.157: [GC (GCLocker Initiated GC) [PSYoungGen: 199277K->48926K(195584K)] 633507K->489725K(719872K), 0.0256231 secs] [Times: user=0.25 sys=0.00, real=0.02 secs] 
2016-09-24T02:37:55.567-0400: 111.310: [GC (GCLocker Initiated GC) [PSYoungGen: 195358K->41011K(204800K)] 636192K->507413K(729088K), 0.0085506 secs] [Times: user=0.09 sys=0.00, real=0.01 secs] 
2016-09-24T02:37:55.690-0400: 111.434: [GC (GCLocker Initiated GC) [PSYoungGen: 186931K->25947K(203264K)] 662794K->503175K(727552K), 0.0093222 secs] [Times: user=0.06 sys=0.01, real=0.01 secs] 
2016-09-24T02:37:55.808-0400: 111.551: [GC (GCLocker Initiated GC) [PSYoungGen: 171867K->48881K(201216K)] 654553K->533014K(725504K), 0.0230471 secs] [Times: user=0.18 sys=0.00, real=0.02 secs] 
2016-09-24T02:37:55.944-0400: 111.687: [GC (GCLocker Initiated GC) [PSYoungGen: 191217K->33918K(202240K)] 680783K->530067K(726528K), 0.0089206 secs] [Times: user=0.07 sys=0.01, real=0.00 secs] 
2016-09-24T02:37:56.067-0400: 111.810: [Full GC (Ergonomics) [PSYoungGen: 176254K->0K(202240K)] [ParOldGen: 502923K->371014K(524288K)] 679178K->371014K(726528K), [Metaspace: 43880K->43880K(1087488K)], 0.0703227 secs] [Times: user=0.52 sys=0.01, real=0.07 secs] 
2016-09-24T02:37:56.240-0400: 111.983: [GC (GCLocker Initiated GC) [PSYoungGen: 142336K->49062K(200704K)] 518752K->425479K(724992K), 0.0091073 secs] [Times: user=0.12 sys=0.01, real=0.01 secs] 
2016-09-24T02:37:56.364-0400: 112.107: [GC (GCLocker Initiated GC) [PSYoungGen: 190374K->59650K(201216K)] 566824K->441506K(725504K), 0.0079190 secs] [Times: user=0.09 sys=0.00, real=0.00 secs] 
2016-09-24T02:37:56.488-0400: 112.231: [GC (GCLocker Initiated GC) [PSYoungGen: 200962K->31037K(192000K)] 585539K->430227K(716288K), 0.0078114 secs] [Times: user=0.07 sys=0.00, real=0.01 secs] 
2016-09-24T02:37:56.614-0400: 112.357: [GC (GCLocker Initiated GC) [PSYoungGen: 162109K->36706K(196608K)] 566944K->445289K(720896K), 0.0153028 secs] [Times: user=0.16 sys=0.00, real=0.02 secs] 
2016-09-24T02:37:56.751-0400: 112.495: [GC (Allocation Failure) [PSYoungGen: 167778K->40710K(190976K)] 583241K->457395K(715264K), 0.0103374 secs] [Times: user=0.10 sys=0.00, real=0.01 secs] 
2016-09-24T02:37:56.876-0400: 112.620: [GC (GCLocker Initiated GC) [PSYoungGen: 173318K->40940K(194560K)] 590004K->472318K(718848K), 0.0094174 secs] [Times: user=0.10 sys=0.00, real=0.01 secs] 
2016-09-24T02:37:56.983-0400: 112.726: [GC (GCLocker Initiated GC) [PSYoungGen: 173548K->46230K(198656K)] 604929K->478978K(722944K), 0.0199395 secs] [Times: user=0.20 sys=0.01, real=0.02 secs] 
2016-09-24T02:37:57.111-0400: 112.854: [GC (GCLocker Initiated GC) [PSYoungGen: 186518K->58630K(199168K)] 619304K->492665K(723456K), 0.0101766 secs] [Times: user=0.10 sys=0.01, real=0.01 secs] 
2016-09-24T02:37:57.232-0400: 112.975: [GC (GCLocker Initiated GC) [PSYoungGen: 198918K->42152K(199680K)] 635801K->483119K(723968K), 0.0064935 secs] [Times: user=0.05 sys=0.01, real=0.01 secs] 
2016-09-24T02:37:57.344-0400: 113.087: [GC (GCLocker Initiated GC) [PSYoungGen: 178856K->40866K(177664K)] 625313K->488630K(701952K), 0.0078322 secs] [Times: user=0.07 sys=0.00, real=0.00 secs] 
2016-09-24T02:37:57.461-0400: 113.204: [GC (GCLocker Initiated GC) [PSYoungGen: 177570K->39615K(198656K)] 628171K->491539K(722944K), 0.0066175 secs] [Times: user=0.07 sys=0.00, real=0.01 secs] 
2016-09-24T02:37:57.565-0400: 113.309: [GC (GCLocker Initiated GC) [PSYoungGen: 177343K->51598K(197632K)] 629308K->504867K(721920K), 0.0069860 secs] [Times: user=0.08 sys=0.00, real=0.00 secs] 
2016-09-24T02:37:57.688-0400: 113.431: [GC (GCLocker Initiated GC) [PSYoungGen: 189326K->44686K(200704K)] 642614K->499221K(724992K), 0.0114594 secs] [Times: user=0.07 sys=0.00, real=0.01 secs] 
2016-09-24T02:37:57.813-0400: 113.556: [GC (GCLocker Initiated GC) [PSYoungGen: 185486K->38333K(200704K)] 642394K->496391K(724992K), 0.0302565 secs] [Times: user=0.31 sys=0.01, real=0.04 secs] 
2016-09-24T02:37:57.964-0400: 113.707: [GC (GCLocker Initiated GC) [PSYoungGen: 179133K->40853K(200704K)] 637221K->513764K(724992K), 0.0102625 secs] [Times: user=0.10 sys=0.00, real=0.00 secs] 
2016-09-24T02:37:58.088-0400: 113.831: [GC (GCLocker Initiated GC) [PSYoungGen: 183701K->35516K(201216K)] 659554K->539648K(725504K), 0.0121140 secs] [Times: user=0.13 sys=0.00, real=0.01 secs] 
2016-09-24T02:37:58.100-0400: 113.844: [Full GC (Ergonomics) [PSYoungGen: 35516K->0K(201216K)] [ParOldGen: 504132K->392811K(524288K)] 539648K->392811K(725504K), [Metaspace: 43880K->43880K(1087488K)], 0.0606146 secs] [Times: user=0.43 sys=0.01, real=0.06 secs] 
2016-09-24T02:37:58.275-0400: 114.019: [GC (GCLocker Initiated GC) [PSYoungGen: 142848K->54795K(198144K)] 535912K->447860K(722432K), 0.0281492 secs] [Times: user=0.19 sys=0.02, real=0.03 secs] 
2016-09-24T02:37:58.416-0400: 114.159: [GC (GCLocker Initiated GC) [PSYoungGen: 195083K->50460K(190976K)] 593718K->468391K(715264K), 0.0228124 secs] [Times: user=0.10 sys=0.03, real=0.02 secs] 
2016-09-24T02:37:58.566-0400: 114.309: [GC (GCLocker Initiated GC) [PSYoungGen: 190748K->43741K(201728K)] 611505K->465830K(726016K), 0.0090581 secs] [Times: user=0.09 sys=0.01, real=0.01 secs] 
2016-09-24T02:37:58.690-0400: 114.433: [GC (GCLocker Initiated GC) [PSYoungGen: 183517K->37009K(177152K)] 608338K->463225K(701440K), 0.0074738 secs] [Times: user=0.08 sys=0.00, real=0.01 secs] 
2016-09-24T02:37:58.811-0400: 114.554: [GC (GCLocker Initiated GC) [PSYoungGen: 176785K->35450K(199680K)] 603096K->463143K(723968K), 0.0070732 secs] [Times: user=0.05 sys=0.01, real=0.01 secs] 
2016-09-24T02:37:58.943-0400: 114.687: [GC (GCLocker Initiated GC) [PSYoungGen: 175226K->40701K(199680K)] 603007K->480703K(723968K), 0.0061262 secs] [Times: user=0.06 sys=0.00, real=0.00 secs] 
2016-09-24T02:37:59.067-0400: 114.810: [GC (GCLocker Initiated GC) [PSYoungGen: 180477K->13933K(197632K)] 626279K->479818K(721920K), 0.0053592 secs] [Times: user=0.05 sys=0.00, real=0.00 secs] 
2016-09-24T02:37:59.214-0400: 114.957: [GC (GCLocker Initiated GC) [PSYoungGen: 153197K->17589K(157184K)] 625029K->490877K(681472K), 0.0078603 secs] [Times: user=0.04 sys=0.00, real=0.01 secs] 
2016-09-24T02:37:59.338-0400: 115.081: [GC (GCLocker Initiated GC) [PSYoungGen: 156853K->20660K(198144K)] 632845K->519473K(722432K), 0.0130374 secs] [Times: user=0.10 sys=0.00, real=0.01 secs] 
2016-09-24T02:37:59.351-0400: 115.094: [Full GC (Ergonomics) [PSYoungGen: 20660K->0K(198144K)] [ParOldGen: 498813K->374940K(524288K)] 519473K->374940K(722432K), [Metaspace: 43880K->43880K(1087488K)], 0.0757449 secs] [Times: user=0.60 sys=0.02, real=0.08 secs] 
2016-09-24T02:37:59.540-0400: 115.283: [GC (GCLocker Initiated GC) [PSYoungGen: 135168K->50877K(186368K)] 512825K->428535K(710656K), 0.0065012 secs] [Times: user=0.07 sys=0.00, real=0.01 secs] 
2016-09-24T02:38:02.711-0400: 118.454: [GC (Allocation Failure) [PSYoungGen: 186045K->13665K(193536K)] 563709K->404038K(717824K), 0.0061932 secs] [Times: user=0.05 sys=0.01, real=0.01 secs] 
2016-09-24T02:38:10.810-0400: 126.554: [GC (Allocation Failure) [PSYoungGen: 140641K->33831K(161280K)] 531014K->437518K(685568K), 0.0088786 secs] [Times: user=0.06 sys=0.01, real=0.01 secs] 
2016-09-24T02:38:18.572-0400: 134.315: [GC (Allocation Failure) [PSYoungGen: 160807K->64495K(179200K)] 564494K->471062K(703488K), 0.0171333 secs] [Times: user=0.16 sys=0.01, real=0.02 secs] 
2016-09-24T02:38:25.529-0400: 141.272: [GC (Allocation Failure) [PSYoungGen: 179156K->30919K(188416K)] 585723K->501693K(712704K), 0.0163300 secs] [Times: user=0.12 sys=0.00, real=0.02 secs] 
