Java HotSpot(TM) 64-Bit Server VM (25.101-b13) for linux-amd64 JRE (1.8.0_101-b13), built on Jun 22 2016 02:59:44 by "java_re" with gcc 4.3.0 20080428 (Red Hat 4.3.0-8)
Memory: 4k page, physical 264122320k(249838856k free), swap 268399612k(268399612k free)
CommandLine flags: -XX:GCLogFileSize=1048576 -XX:+HeapDumpOnOutOfMemoryError -XX:HeapDumpPath=artifacts/heapdump -XX:InitialHeapSize=805306368 -XX:MaxHeapSize=805306368 -XX:NumberOfGCLogFiles=10 -XX:+PrintGC -XX:+PrintGCDateStamps -XX:+PrintGCDetails -XX:+PrintGCTimeStamps -XX:+UseCompressedClassPointers -XX:+UseCompressedOops -XX:+UseGCLogFileRotation -XX:+UseParallelGC 
2016-09-24T02:06:57.856-0400: 2.198: [GC (Metadata GC Threshold) [PSYoungGen: 121898K->15552K(229376K)] 121898K->15640K(753664K), 0.0198872 secs] [Times: user=0.11 sys=0.02, real=7.14 secs] 
2016-09-24T02:07:04.996-0400: 9.339: [Full GC (Metadata GC Threshold) [PSYoungGen: 15552K->0K(229376K)] [ParOldGen: 88K->14602K(300032K)] 15640K->14602K(529408K), [Metaspace: 21078K->21078K(1067008K)], 0.0658372 secs] [Times: user=0.42 sys=0.00, real=0.06 secs] 
2016-09-24T02:07:06.811-0400: 11.154: [GC (Metadata GC Threshold) [PSYoungGen: 126189K->15031K(229376K)] 140792K->29770K(529408K), 0.0148921 secs] [Times: user=0.10 sys=0.01, real=0.02 secs] 
2016-09-24T02:07:06.826-0400: 11.169: [Full GC (Metadata GC Threshold) [PSYoungGen: 15031K->0K(229376K)] [ParOldGen: 14738K->20409K(524288K)] 29770K->20409K(753664K), [Metaspace: 35050K->35050K(1079296K)], 0.0529562 secs] [Times: user=0.45 sys=0.00, real=0.05 secs] 
2016-09-24T02:07:08.417-0400: 12.760: [GC (GCLocker Initiated GC) [PSYoungGen: 196608K->32766K(229376K)] 217021K->62236K(753664K), 0.0156384 secs] [Times: user=0.17 sys=0.03, real=0.01 secs] 
2016-09-24T02:07:08.702-0400: 13.045: [GC (GCLocker Initiated GC) [PSYoungGen: 229374K->32743K(229376K)] 261621K->65345K(753664K), 0.0150759 secs] [Times: user=0.14 sys=0.00, real=0.02 secs] 
2016-09-24T02:07:08.885-0400: 13.228: [GC (GCLocker Initiated GC) [PSYoungGen: 229351K->31920K(228864K)] 264685K->75362K(753152K), 0.0194372 secs] [Times: user=0.16 sys=0.00, real=0.02 secs] 
2016-09-24T02:07:09.052-0400: 13.394: [GC (GCLocker Initiated GC) [PSYoungGen: 228528K->33254K(195072K)] 274703K->87705K(719360K), 0.0285607 secs] [Times: user=0.28 sys=0.01, real=0.03 secs] 
2016-09-24T02:07:09.225-0400: 13.568: [GC (GCLocker Initiated GC) [PSYoungGen: 195046K->46057K(207872K)] 261870K->112889K(732160K), 0.0266641 secs] [Times: user=0.28 sys=0.02, real=0.02 secs] 
2016-09-24T02:07:09.391-0400: 13.734: [GC (GCLocker Initiated GC) [PSYoungGen: 207849K->40562K(202752K)] 278779K->119811K(727040K), 0.0109053 secs] [Times: user=0.11 sys=0.01, real=0.01 secs] 
2016-09-24T02:07:09.527-0400: 13.870: [GC (GCLocker Initiated GC) [PSYoungGen: 189042K->37471K(205312K)] 268332K->144321K(729600K), 0.0133891 secs] [Times: user=0.14 sys=0.01, real=0.01 secs] 
2016-09-24T02:07:09.667-0400: 14.010: [GC (GCLocker Initiated GC) [PSYoungGen: 185951K->41764K(204288K)] 299692K->166811K(728576K), 0.0064127 secs] [Times: user=0.04 sys=0.02, real=0.00 secs] 
2016-09-24T02:07:09.799-0400: 14.142: [GC (GCLocker Initiated GC) [PSYoungGen: 190244K->38648K(205312K)] 315382K->178059K(729600K), 0.0238941 secs] [Times: user=0.25 sys=0.01, real=0.03 secs] 
2016-09-24T02:07:09.962-0400: 14.304: [GC (GCLocker Initiated GC) [PSYoungGen: 187128K->30640K(201728K)] 334672K->178688K(726016K), 0.0238153 secs] [Times: user=0.25 sys=0.00, real=0.03 secs] 
2016-09-24T02:07:10.127-0400: 14.469: [GC (Allocation Failure) [PSYoungGen: 179632K->12929K(203776K)] 334521K->179150K(728064K), 0.0236576 secs] [Times: user=0.23 sys=0.01, real=0.02 secs] 
2016-09-24T02:07:10.268-0400: 14.611: [GC (GCLocker Initiated GC) [PSYoungGen: 161327K->13057K(203776K)] 328898K->202799K(728064K), 0.0060293 secs] [Times: user=0.03 sys=0.03, real=0.01 secs] 
2016-09-24T02:07:10.394-0400: 14.737: [GC (GCLocker Initiated GC) [PSYoungGen: 160513K->23907K(171520K)] 357072K->221014K(695808K), 0.0046510 secs] [Times: user=0.03 sys=0.00, real=0.01 secs] 
2016-09-24T02:07:10.521-0400: 14.864: [GC (GCLocker Initiated GC) [PSYoungGen: 171363K->33262K(205824K)] 368506K->230922K(730112K), 0.0280330 secs] [Times: user=0.30 sys=0.00, real=0.03 secs] 
2016-09-24T02:07:10.676-0400: 15.019: [GC (GCLocker Initiated GC) [PSYoungGen: 183278K->26557K(204288K)] 386372K->238269K(728576K), 0.0053782 secs] [Times: user=0.03 sys=0.01, real=0.00 secs] 
2016-09-24T02:07:10.853-0400: 15.195: [GC (GCLocker Initiated GC) [PSYoungGen: 176573K->23971K(206336K)] 391101K->255262K(730624K), 0.0065496 secs] [Times: user=0.04 sys=0.01, real=0.01 secs] 
2016-09-24T02:07:11.001-0400: 15.344: [GC (GCLocker Initiated GC) [PSYoungGen: 177571K->34561K(204800K)] 411651K->271926K(729088K), 0.0103546 secs] [Times: user=0.08 sys=0.01, real=0.01 secs] 
2016-09-24T02:07:11.136-0400: 15.479: [GC (GCLocker Initiated GC) [PSYoungGen: 188161K->41567K(206848K)] 428360K->282353K(731136K), 0.0111309 secs] [Times: user=0.13 sys=0.00, real=0.01 secs] 
2016-09-24T02:07:11.270-0400: 15.613: [GC (GCLocker Initiated GC) [PSYoungGen: 197215K->33339K(208896K)] 440940K->277603K(733184K), 0.0088339 secs] [Times: user=0.08 sys=0.00, real=0.01 secs] 
2016-09-24T02:07:11.405-0400: 15.747: [GC (GCLocker Initiated GC) [PSYoungGen: 188987K->32117K(203776K)] 441443K->285144K(728064K), 0.0088252 secs] [Times: user=0.11 sys=0.00, real=0.00 secs] 
2016-09-24T02:07:11.555-0400: 15.898: [GC (GCLocker Initiated GC) [PSYoungGen: 188789K->38707K(206848K)] 441950K->292447K(731136K), 0.0091583 secs] [Times: user=0.10 sys=0.00, real=0.01 secs] 
2016-09-24T02:07:11.687-0400: 16.029: [GC (GCLocker Initiated GC) [PSYoungGen: 195379K->30735K(209920K)] 452028K->287939K(734208K), 0.0189359 secs] [Times: user=0.22 sys=0.00, real=0.02 secs] 
2016-09-24T02:07:11.826-0400: 16.169: [GC (GCLocker Initiated GC) [PSYoungGen: 191503K->40057K(210432K)] 448915K->298048K(734720K), 0.0077897 secs] [Times: user=0.07 sys=0.00, real=0.00 secs] 
2016-09-24T02:07:11.969-0400: 16.312: [GC (GCLocker Initiated GC) [PSYoungGen: 200825K->48284K(203264K)] 458919K->315074K(727552K), 0.0140742 secs] [Times: user=0.14 sys=0.02, real=0.02 secs] 
2016-09-24T02:07:12.112-0400: 16.455: [GC (GCLocker Initiated GC) [PSYoungGen: 200860K->18598K(171520K)] 476245K->316185K(695808K), 0.0053512 secs] [Times: user=0.04 sys=0.02, real=0.01 secs] 
2016-09-24T02:07:12.247-0400: 16.589: [GC (GCLocker Initiated GC) [PSYoungGen: 171174K->14310K(204800K)] 483736K->327456K(729088K), 0.0285371 secs] [Times: user=0.33 sys=0.00, real=0.03 secs] 
2016-09-24T02:07:12.389-0400: 16.732: [GC (GCLocker Initiated GC) [PSYoungGen: 163814K->53638K(203264K)] 476997K->367383K(727552K), 0.0112553 secs] [Times: user=0.13 sys=0.00, real=0.01 secs] 
2016-09-24T02:07:12.547-0400: 16.890: [GC (GCLocker Initiated GC) [PSYoungGen: 203142K->22666K(199168K)] 522322K->355887K(723456K), 0.0049459 secs] [Times: user=0.05 sys=0.01, real=0.00 secs] 
2016-09-24T02:07:12.683-0400: 17.026: [GC (GCLocker Initiated GC) [PSYoungGen: 162954K->37471K(201216K)] 504292K->379346K(725504K), 0.0051648 secs] [Times: user=0.03 sys=0.00, real=0.00 secs] 
2016-09-24T02:07:12.805-0400: 17.148: [GC (GCLocker Initiated GC) [PSYoungGen: 177759K->33357K(195584K)] 522576K->394931K(719872K), 0.0075913 secs] [Times: user=0.05 sys=0.03, real=0.00 secs] 
2016-09-24T02:07:12.947-0400: 17.290: [GC (GCLocker Initiated GC) [PSYoungGen: 174157K->22442K(198656K)] 547985K->396771K(722944K), 0.0138586 secs] [Times: user=0.16 sys=0.00, real=0.01 secs] 
2016-09-24T02:07:13.086-0400: 17.429: [GC (GCLocker Initiated GC) [PSYoungGen: 163242K->21110K(202240K)] 543055K->414978K(726528K), 0.0130902 secs] [Times: user=0.12 sys=0.01, real=0.01 secs] 
2016-09-24T02:07:13.219-0400: 17.562: [GC (GCLocker Initiated GC) [PSYoungGen: 168566K->25238K(203776K)] 569378K->434665K(728064K), 0.0214920 secs] [Times: user=0.18 sys=0.00, real=0.02 secs] 
2016-09-24T02:07:13.365-0400: 17.707: [GC (GCLocker Initiated GC) [PSYoungGen: 172694K->30560K(200704K)] 585008K->443420K(724992K), 0.0211059 secs] [Times: user=0.20 sys=0.02, real=0.02 secs] 
2016-09-24T02:07:13.516-0400: 17.859: [GC (GCLocker Initiated GC) [PSYoungGen: 181600K->31988K(203264K)] 599885K->450797K(727552K), 0.0323029 secs] [Times: user=0.36 sys=0.03, real=0.03 secs] 
2016-09-24T02:07:13.673-0400: 18.016: [GC (GCLocker Initiated GC) [PSYoungGen: 183028K->14611K(209408K)] 619515K->467869K(733696K), 0.0139201 secs] [Times: user=0.17 sys=0.02, real=0.02 secs] 
2016-09-24T02:07:13.825-0400: 18.167: [GC (GCLocker Initiated GC) [PSYoungGen: 173331K->36121K(195072K)] 626598K->490003K(719360K), 0.0162272 secs] [Times: user=0.19 sys=0.02, real=0.01 secs] 
2016-09-24T02:07:13.973-0400: 18.316: [GC (GCLocker Initiated GC) [PSYoungGen: 194841K->27920K(211968K)] 654156K->498569K(736256K), 0.0063315 secs] [Times: user=0.06 sys=0.01, real=0.01 secs] 
2016-09-24T02:07:14.116-0400: 18.459: [GC (GCLocker Initiated GC) [PSYoungGen: 187664K->32020K(192000K)] 666430K->511386K(716288K), 0.0245316 secs] [Times: user=0.25 sys=0.03, real=0.02 secs] 
2016-09-24T02:07:14.274-0400: 18.617: [GC (GCLocker Initiated GC) [PSYoungGen: 191764K->18566K(208896K)] 682012K->525600K(733184K), 0.0131778 secs] [Times: user=0.12 sys=0.01, real=0.01 secs] 
2016-09-24T02:07:14.288-0400: 18.630: [Full GC (Ergonomics) [PSYoungGen: 18566K->0K(208896K)] [ParOldGen: 507033K->49169K(524288K)] 525600K->49169K(733184K), [Metaspace: 43097K->43097K(1085440K)], 0.1839060 secs] [Times: user=2.29 sys=0.14, real=0.18 secs] 
2016-09-24T02:07:14.616-0400: 18.959: [GC (GCLocker Initiated GC) [PSYoungGen: 159744K->12214K(208896K)] 225335K->77806K(733184K), 0.0029819 secs] [Times: user=0.02 sys=0.01, real=0.00 secs] 
2016-09-24T02:07:14.744-0400: 19.087: [GC (GCLocker Initiated GC) [PSYoungGen: 171958K->40216K(207360K)] 237590K->106671K(731648K), 0.0257982 secs] [Times: user=0.29 sys=0.02, real=0.02 secs] 
2016-09-24T02:07:14.915-0400: 19.258: [GC (Allocation Failure) [PSYoungGen: 197912K->9228K(167424K)] 270421K->82286K(691712K), 0.0032568 secs] [Times: user=0.03 sys=0.00, real=0.00 secs] 
2016-09-24T02:07:15.030-0400: 19.372: [GC (GCLocker Initiated GC) [PSYoungGen: 166434K->46582K(199680K)] 242192K->122972K(723968K), 0.0121195 secs] [Times: user=0.12 sys=0.01, real=0.01 secs] 
2016-09-24T02:07:15.152-0400: 19.495: [GC (GCLocker Initiated GC) [PSYoungGen: 193014K->43985K(190464K)] 269447K->120753K(714752K), 0.0156047 secs] [Times: user=0.15 sys=0.02, real=0.02 secs] 
2016-09-24T02:07:15.300-0400: 19.643: [GC (GCLocker Initiated GC) [PSYoungGen: 190417K->42431K(198144K)] 269984K->133067K(722432K), 0.0130343 secs] [Times: user=0.13 sys=0.02, real=0.01 secs] 
2016-09-24T02:07:15.421-0400: 19.764: [GC (GCLocker Initiated GC) [PSYoungGen: 179647K->30249K(167936K)] 275704K->137356K(692224K), 0.0284966 secs] [Times: user=0.35 sys=0.03, real=0.03 secs] 
2016-09-24T02:07:15.645-0400: 19.988: [GC (GCLocker Initiated GC) [PSYoungGen: 167465K->41050K(197120K)] 277392K->151220K(721408K), 0.0059614 secs] [Times: user=0.04 sys=0.01, real=0.00 secs] 
2016-09-24T02:07:15.775-0400: 20.118: [GC (GCLocker Initiated GC) [PSYoungGen: 178778K->32996K(198144K)] 294538K->167942K(722432K), 0.0230796 secs] [Times: user=0.23 sys=0.03, real=0.02 secs] 
2016-09-24T02:07:24.125-0400: 28.468: [GC (GCLocker Initiated GC) [PSYoungGen: 170724K->15431K(199680K)] 317892K->162851K(723968K), 0.0289051 secs] [Times: user=0.34 sys=0.04, real=0.02 secs] 
2016-09-24T02:07:24.281-0400: 28.624: [GC (Allocation Failure) [PSYoungGen: 157255K->20724K(200192K)] 307609K->171290K(724480K), 0.0097687 secs] [Times: user=0.09 sys=0.01, real=0.01 secs] 
2016-09-24T02:07:24.498-0400: 28.841: [GC (Allocation Failure) [PSYoungGen: 161332K->11274K(203264K)] 311898K->162060K(727552K), 0.0141469 secs] [Times: user=0.09 sys=0.02, real=0.01 secs] 
2016-09-24T02:07:24.699-0400: 29.042: [GC (GCLocker Initiated GC) [PSYoungGen: 156697K->27468K(173568K)] 310184K->181176K(697856K), 0.1137479 secs] [Times: user=0.29 sys=0.19, real=0.11 secs] 
2016-09-24T02:07:24.959-0400: 29.302: [GC (GCLocker Initiated GC) [PSYoungGen: 173388K->26188K(204800K)] 330038K->183048K(729088K), 0.0054665 secs] [Times: user=0.06 sys=0.00, real=0.01 secs] 
2016-09-24T02:07:25.092-0400: 29.435: [GC (GCLocker Initiated GC) [PSYoungGen: 176204K->34384K(202240K)] 336005K->205254K(726528K), 0.0266790 secs] [Times: user=0.37 sys=0.01, real=0.03 secs] 
2016-09-24T02:07:25.270-0400: 29.613: [GC (Allocation Failure) [PSYoungGen: 184400K->34270K(207360K)] 357983K->208099K(731648K), 0.0137142 secs] [Times: user=0.17 sys=0.02, real=0.02 secs] 
2016-09-24T02:07:25.444-0400: 29.787: [GC (GCLocker Initiated GC) [PSYoungGen: 189406K->23592K(207360K)] 363239K->211187K(731648K), 0.0106186 secs] [Times: user=0.11 sys=0.01, real=0.01 secs] 
2016-09-24T02:07:25.639-0400: 29.982: [GC (GCLocker Initiated GC) [PSYoungGen: 178728K->31775K(208896K)] 366370K->219699K(733184K), 0.0251469 secs] [Times: user=0.25 sys=0.04, real=0.03 secs] 
2016-09-24T02:07:25.846-0400: 30.189: [GC (GCLocker Initiated GC) [PSYoungGen: 190495K->44369K(208384K)] 378434K->232750K(732672K), 0.0441624 secs] [Times: user=0.50 sys=0.06, real=0.04 secs] 
2016-09-24T02:07:26.050-0400: 30.392: [GC (Allocation Failure) [PSYoungGen: 203089K->18470K(208896K)] 394229K->223703K(733184K), 0.0179099 secs] [Times: user=0.16 sys=0.02, real=0.02 secs] 
2016-09-24T02:07:26.232-0400: 30.575: [GC (GCLocker Initiated GC) [PSYoungGen: 173060K->37474K(208384K)] 380993K->267672K(732672K), 0.0149891 secs] [Times: user=0.13 sys=0.01, real=0.02 secs] 
2016-09-24T02:07:26.407-0400: 30.750: [GC (GCLocker Initiated GC) [PSYoungGen: 192610K->33368K(207360K)] 423050K->264424K(731648K), 0.0133201 secs] [Times: user=0.11 sys=0.02, real=0.01 secs] 
2016-09-24T02:07:26.592-0400: 30.935: [GC (GCLocker Initiated GC) [PSYoungGen: 188504K->41572K(197120K)] 423640K->277348K(721408K), 0.0235908 secs] [Times: user=0.26 sys=0.01, real=0.03 secs] 
2016-09-24T02:07:26.785-0400: 31.128: [GC (GCLocker Initiated GC) [PSYoungGen: 196708K->16003K(206336K)] 447523K->286390K(730624K), 0.0120180 secs] [Times: user=0.07 sys=0.02, real=0.01 secs] 
2016-09-24T02:07:26.961-0400: 31.304: [GC (GCLocker Initiated GC) [PSYoungGen: 167555K->33261K(184832K)] 438082K->304484K(709120K), 0.0263824 secs] [Times: user=0.24 sys=0.03, real=0.03 secs] 
2016-09-24T02:07:27.145-0400: 31.488: [GC (GCLocker Initiated GC) [PSYoungGen: 184813K->36106K(205824K)] 456286K->308168K(730112K), 0.0143617 secs] [Times: user=0.12 sys=0.02, real=0.01 secs] 
2016-09-24T02:07:27.384-0400: 31.727: [GC (GCLocker Initiated GC) [PSYoungGen: 188170K->30638K(205824K)] 460236K->303382K(730112K), 0.0106455 secs] [Times: user=0.09 sys=0.01, real=0.01 secs] 
2016-09-24T02:07:27.576-0400: 31.919: [GC (GCLocker Initiated GC) [PSYoungGen: 182702K->25707K(206848K)] 464906K->308633K(731136K), 0.0171296 secs] [Times: user=0.19 sys=0.00, real=0.01 secs] 
2016-09-24T02:07:27.772-0400: 32.115: [GC (GCLocker Initiated GC) [PSYoungGen: 181867K->24133K(206336K)] 464797K->318678K(730624K), 0.0091019 secs] [Times: user=0.06 sys=0.02, real=0.01 secs] 
2016-09-24T02:07:27.964-0400: 32.307: [GC (GCLocker Initiated GC) [PSYoungGen: 180293K->21462K(210944K)] 478891K->320786K(735232K), 0.0164516 secs] [Times: user=0.15 sys=0.02, real=0.01 secs] 
2016-09-24T02:07:28.168-0400: 32.511: [GC (GCLocker Initiated GC) [PSYoungGen: 183254K->32456K(210432K)] 485280K->335350K(734720K), 0.0268416 secs] [Times: user=0.24 sys=0.02, real=0.03 secs] 
2016-09-24T02:07:28.380-0400: 32.723: [GC (GCLocker Initiated GC) [PSYoungGen: 194248K->41846K(207872K)] 503925K->352410K(732160K), 0.0216208 secs] [Times: user=0.21 sys=0.04, real=0.02 secs] 
2016-09-24T02:07:28.605-0400: 32.948: [GC (GCLocker Initiated GC) [PSYoungGen: 201590K->20106K(210944K)] 517582K->355936K(735232K), 0.0329173 secs] [Times: user=0.29 sys=0.04, real=0.03 secs] 
2016-09-24T02:07:28.842-0400: 33.184: [GC (GCLocker Initiated GC) [PSYoungGen: 179850K->35302K(210432K)] 518567K->385785K(734720K), 0.0100867 secs] [Times: user=0.11 sys=0.01, real=0.01 secs] 
2016-09-24T02:07:29.096-0400: 33.439: [GC (GCLocker Initiated GC) [PSYoungGen: 195558K->24340K(210944K)] 554217K->384064K(735232K), 0.0257918 secs] [Times: user=0.26 sys=0.04, real=0.03 secs] 
2016-09-24T02:07:29.370-0400: 33.713: [GC (GCLocker Initiated GC) [PSYoungGen: 184596K->25944K(208896K)] 547041K->389427K(733184K), 0.0328314 secs] [Times: user=0.37 sys=0.00, real=0.04 secs] 
2016-09-24T02:07:29.609-0400: 33.951: [GC (GCLocker Initiated GC) [PSYoungGen: 187736K->25327K(209920K)] 556668K->406127K(734208K), 0.0236820 secs] [Times: user=0.25 sys=0.01, real=0.02 secs] 
2016-09-24T02:07:29.802-0400: 34.145: [GC (GCLocker Initiated GC) [PSYoungGen: 187119K->46485K(205824K)] 568053K->429166K(730112K), 0.0083869 secs] [Times: user=0.06 sys=0.01, real=0.00 secs] 
2016-09-24T02:07:29.974-0400: 34.317: [GC (GCLocker Initiated GC) [PSYoungGen: 205205K->35379K(210432K)] 587915K->422340K(734720K), 0.0141536 secs] [Times: user=0.14 sys=0.00, real=0.02 secs] 
2016-09-24T02:07:30.162-0400: 34.505: [GC (GCLocker Initiated GC) [PSYoungGen: 194099K->18025K(210432K)] 587966K->437533K(734720K), 0.0145749 secs] [Times: user=0.12 sys=0.02, real=0.01 secs] 
2016-09-24T02:07:30.353-0400: 34.696: [GC (GCLocker Initiated GC) [PSYoungGen: 176745K->23562K(182784K)] 599053K->463536K(707072K), 0.0274255 secs] [Times: user=0.28 sys=0.01, real=0.03 secs] 
2016-09-24T02:07:30.551-0400: 34.893: [GC (GCLocker Initiated GC) [PSYoungGen: 182282K->20848K(210432K)] 622340K->475856K(734720K), 0.0061007 secs] [Times: user=0.05 sys=0.00, real=0.01 secs] 
2016-09-24T02:07:30.707-0400: 35.050: [GC (GCLocker Initiated GC) [PSYoungGen: 180592K->24789K(209408K)] 645273K->509774K(733696K), 0.0254653 secs] [Times: user=0.32 sys=0.00, real=0.02 secs] 
2016-09-24T02:07:30.925-0400: 35.267: [Full GC (Ergonomics) [PSYoungGen: 184533K->0K(209408K)] [ParOldGen: 497140K->77846K(524288K)] 681674K->77846K(733696K), [Metaspace: 43360K->43360K(1085440K)], 0.0750476 secs] [Times: user=0.32 sys=0.03, real=0.07 secs] 
2016-09-24T02:07:31.185-0400: 35.528: [GC (GCLocker Initiated GC) [PSYoungGen: 159744K->28873K(210944K)] 245779K->114909K(735232K), 0.0125028 secs] [Times: user=0.14 sys=0.00, real=0.01 secs] 
2016-09-24T02:07:31.366-0400: 35.709: [GC (GCLocker Initiated GC) [PSYoungGen: 192201K->19240K(209920K)] 285068K->113604K(734208K), 0.0213377 secs] [Times: user=0.24 sys=0.00, real=0.02 secs] 
2016-09-24T02:07:31.553-0400: 35.896: [GC (GCLocker Initiated GC) [PSYoungGen: 182568K->43527K(206848K)] 276961K->144738K(731136K), 0.0150557 secs] [Times: user=0.16 sys=0.01, real=0.02 secs] 
2016-09-24T02:07:31.737-0400: 36.080: [GC (GCLocker Initiated GC) [PSYoungGen: 204295K->27345K(211456K)] 311006K->146149K(735744K), 0.0172426 secs] [Times: user=0.14 sys=0.00, real=0.02 secs] 
2016-09-24T02:07:31.918-0400: 36.261: [GC (GCLocker Initiated GC) [PSYoungGen: 188113K->39511K(209408K)] 312376K->165261K(733696K), 0.0292332 secs] [Times: user=0.34 sys=0.01, real=0.03 secs] 
2016-09-24T02:07:32.119-0400: 36.462: [GC (GCLocker Initiated GC) [PSYoungGen: 200279K->23304K(211456K)] 328817K->166702K(735744K), 0.0121742 secs] [Times: user=0.10 sys=0.01, real=0.01 secs] 
2016-09-24T02:07:32.307-0400: 36.650: [GC (GCLocker Initiated GC) [PSYoungGen: 184072K->12460K(210432K)] 334454K->180435K(734720K), 0.0105810 secs] [Times: user=0.08 sys=0.00, real=0.01 secs] 
2016-09-24T02:07:32.467-0400: 36.810: [GC (GCLocker Initiated GC) [PSYoungGen: 173228K->35284K(196096K)] 343928K->207356K(720384K), 0.0134204 secs] [Times: user=0.12 sys=0.00, real=0.01 secs] 
2016-09-24T02:07:32.637-0400: 36.980: [GC (GCLocker Initiated GC) [PSYoungGen: 196052K->16164K(211456K)] 370852K->211071K(735744K), 0.0182771 secs] [Times: user=0.22 sys=0.00, real=0.02 secs] 
2016-09-24T02:07:32.803-0400: 37.146: [GC (Allocation Failure) [PSYoungGen: 176420K->27134K(187392K)] 374155K->236703K(711680K), 0.0102762 secs] [Times: user=0.10 sys=0.00, real=0.00 secs] 
2016-09-24T02:07:32.814-0400: 37.156: [GC (GCLocker Initiated GC) [PSYoungGen: 27507K->96K(206336K)] 237076K->245806K(730624K), 0.0048101 secs] [Times: user=0.04 sys=0.00, real=0.01 secs] 
2016-09-24T02:07:32.966-0400: 37.309: [GC (GCLocker Initiated GC) [PSYoungGen: 157463K->32588K(208896K)] 405873K->281007K(733184K), 0.0131149 secs] [Times: user=0.14 sys=0.02, real=0.01 secs] 
2016-09-24T02:07:33.121-0400: 37.464: [GC (GCLocker Initiated GC) [PSYoungGen: 190284K->39109K(205824K)] 438711K->288730K(730112K), 0.0140102 secs] [Times: user=0.14 sys=0.00, real=0.02 secs] 
2016-09-24T02:07:33.283-0400: 37.626: [GC (GCLocker Initiated GC) [PSYoungGen: 193733K->46293K(201216K)] 443471K->297060K(725504K), 0.0133866 secs] [Times: user=0.15 sys=0.00, real=0.01 secs] 
2016-09-24T02:07:33.435-0400: 37.778: [GC (GCLocker Initiated GC) [PSYoungGen: 200917K->35460K(203776K)] 454559K->290325K(728064K), 0.0120893 secs] [Times: user=0.09 sys=0.00, real=0.01 secs] 
2016-09-24T02:07:33.591-0400: 37.934: [GC (GCLocker Initiated GC) [PSYoungGen: 180868K->40875K(186368K)] 435744K->297045K(710656K), 0.0191498 secs] [Times: user=0.24 sys=0.00, real=0.02 secs] 
2016-09-24T02:07:33.776-0400: 38.119: [GC (GCLocker Initiated GC) [PSYoungGen: 186283K->35417K(203776K)] 445250K->295546K(728064K), 0.0121506 secs] [Times: user=0.12 sys=0.00, real=0.01 secs] 
2016-09-24T02:07:33.930-0400: 38.273: [GC (GCLocker Initiated GC) [PSYoungGen: 179801K->25791K(170496K)] 441284K->288533K(694784K), 0.0063567 secs] [Times: user=0.07 sys=0.00, real=0.01 secs] 
2016-09-24T02:07:34.065-0400: 38.407: [GC (GCLocker Initiated GC) [PSYoungGen: 170175K->32474K(203264K)] 435631K->299085K(727552K), 0.0091854 secs] [Times: user=0.08 sys=0.00, real=0.00 secs] 
2016-09-24T02:07:34.203-0400: 38.546: [GC (GCLocker Initiated GC) [PSYoungGen: 178906K->50115K(201216K)] 445643K->318060K(725504K), 0.0117922 secs] [Times: user=0.15 sys=0.00, real=0.01 secs] 
2016-09-24T02:07:34.364-0400: 38.707: [GC (GCLocker Initiated GC) [PSYoungGen: 196547K->27308K(204288K)] 470007K->328907K(728576K), 0.0068504 secs] [Times: user=0.06 sys=0.01, real=0.00 secs] 
2016-09-24T02:07:34.497-0400: 38.840: [GC (GCLocker Initiated GC) [PSYoungGen: 171692K->36558K(181248K)] 473343K->358342K(705536K), 0.0196301 secs] [Times: user=0.25 sys=0.00, real=0.02 secs] 
2016-09-24T02:07:34.649-0400: 38.992: [GC (GCLocker Initiated GC) [PSYoungGen: 180942K->37939K(201216K)] 508159K->366295K(725504K), 0.0140180 secs] [Times: user=0.18 sys=0.00, real=0.02 secs] 
2016-09-24T02:07:34.799-0400: 39.142: [GC (GCLocker Initiated GC) [PSYoungGen: 182323K->23262K(201216K)] 522954K->378555K(725504K), 0.0125194 secs] [Times: user=0.14 sys=0.00, real=0.01 secs] 
2016-09-24T02:07:34.945-0400: 39.287: [GC (GCLocker Initiated GC) [PSYoungGen: 167646K->27075K(203264K)] 523084K->383695K(727552K), 0.0259913 secs] [Times: user=0.25 sys=0.00, real=0.02 secs] 
2016-09-24T02:07:35.129-0400: 39.472: [GC (GCLocker Initiated GC) [PSYoungGen: 176579K->35571K(203776K)] 534340K->394485K(728064K), 0.0186700 secs] [Times: user=0.21 sys=0.00, real=0.02 secs] 
2016-09-24T02:07:35.293-0400: 39.636: [GC (GCLocker Initiated GC) [PSYoungGen: 185075K->17587K(207872K)] 548066K->392687K(732160K), 0.0067014 secs] [Times: user=0.05 sys=0.00, real=0.01 secs] 
2016-09-24T02:07:35.432-0400: 39.775: [GC (GCLocker Initiated GC) [PSYoungGen: 171699K->32733K(186880K)] 554933K->417210K(711168K), 0.0214767 secs] [Times: user=0.23 sys=0.01, real=0.02 secs] 
2016-09-24T02:07:35.585-0400: 39.928: [GC (GCLocker Initiated GC) [PSYoungGen: 186845K->33827K(207872K)] 576789K->441158K(732160K), 0.0071924 secs] [Times: user=0.06 sys=0.00, real=0.00 secs] 
2016-09-24T02:07:35.747-0400: 40.090: [GC (GCLocker Initiated GC) [PSYoungGen: 189475K->35479K(206848K)] 602208K->452028K(731136K), 0.0167038 secs] [Times: user=0.19 sys=0.01, real=0.02 secs] 
2016-09-24T02:07:35.903-0400: 40.246: [GC (GCLocker Initiated GC) [PSYoungGen: 191127K->40581K(207872K)] 613229K->463840K(732160K), 0.0144131 secs] [Times: user=0.16 sys=0.00, real=0.01 secs] 
2016-09-24T02:07:36.078-0400: 40.421: [GC (GCLocker Initiated GC) [PSYoungGen: 197253K->23096K(209408K)] 621868K->462170K(733696K), 0.0218233 secs] [Times: user=0.27 sys=0.01, real=0.02 secs] 
2016-09-24T02:07:36.233-0400: 40.576: [GC (GCLocker Initiated GC) [PSYoungGen: 179768K->24255K(206848K)] 628376K->473887K(731136K), 0.0097905 secs] [Times: user=0.07 sys=0.01, real=0.02 secs] 
2016-09-24T02:07:36.390-0400: 40.733: [GC (GCLocker Initiated GC) [PSYoungGen: 181439K->32646K(208384K)] 636505K->488665K(732672K), 0.0089454 secs] [Times: user=0.08 sys=0.00, real=0.01 secs] 
2016-09-24T02:07:36.536-0400: 40.878: [GC (GCLocker Initiated GC) [PSYoungGen: 189830K->38080K(210944K)] 648632K->498023K(735232K), 0.0078346 secs] [Times: user=0.07 sys=0.00, real=0.01 secs] 
2016-09-24T02:07:36.689-0400: 41.032: [GC (GCLocker Initiated GC) [PSYoungGen: 198848K->40814K(201728K)] 661728K->504948K(726016K), 0.0107403 secs] [Times: user=0.12 sys=0.00, real=0.01 secs] 
2016-09-24T02:07:36.848-0400: 41.191: [GC (GCLocker Initiated GC) [PSYoungGen: 201582K->36604K(210432K)] 665936K->502158K(734720K), 0.0189432 secs] [Times: user=0.20 sys=0.00, real=0.02 secs] 
2016-09-24T02:07:37.003-0400: 41.346: [GC (GCLocker Initiated GC) [PSYoungGen: 194812K->46118K(204800K)] 660470K->512984K(729088K), 0.0073008 secs] [Times: user=0.08 sys=0.01, real=0.00 secs] 
2016-09-24T02:07:37.166-0400: 41.509: [GC (GCLocker Initiated GC) [PSYoungGen: 204326K->44864K(203264K)] 674058K->515748K(727552K), 0.0180108 secs] [Times: user=0.19 sys=0.00, real=0.02 secs] 
2016-09-24T02:07:37.309-0400: 41.652: [GC (GCLocker Initiated GC) [PSYoungGen: 193344K->32458K(205312K)] 665805K->506118K(729600K), 0.0072128 secs] [Times: user=0.07 sys=0.00, real=0.01 secs] 
2016-09-24T02:07:37.439-0400: 41.782: [GC (GCLocker Initiated GC) [PSYoungGen: 180938K->42183K(205312K)] 657450K->519847K(729600K), 0.0112840 secs] [Times: user=0.13 sys=0.00, real=0.01 secs] 
2016-09-24T02:07:37.585-0400: 41.928: [GC (GCLocker Initiated GC) [PSYoungGen: 192199K->50199K(200704K)] 671246K->530401K(724992K), 0.0113156 secs] [Times: user=0.14 sys=0.00, real=0.01 secs] 
2016-09-24T02:07:37.740-0400: 42.083: [GC (GCLocker Initiated GC) [PSYoungGen: 200215K->29935K(203776K)] 685846K->543773K(728064K), 0.0101712 secs] [Times: user=0.09 sys=0.00, real=0.01 secs] 
2016-09-24T02:07:37.751-0400: 42.093: [Full GC (Ergonomics) [PSYoungGen: 29935K->0K(203776K)] [ParOldGen: 513838K->124917K(524288K)] 543773K->124917K(728064K), [Metaspace: 43535K->43535K(1085440K)], 0.0703686 secs] [Times: user=0.40 sys=0.02, real=0.07 secs] 
2016-09-24T02:07:37.949-0400: 42.292: [GC (GCLocker Initiated GC) [PSYoungGen: 144896K->40995K(186368K)] 272664K->168763K(710656K), 0.0065066 secs] [Times: user=0.05 sys=0.00, real=0.01 secs] 
2016-09-24T02:07:38.092-0400: 42.435: [GC (Allocation Failure) [PSYoungGen: 185891K->8569K(199168K)] 321851K->145902K(723456K), 0.0119073 secs] [Times: user=0.14 sys=0.00, real=0.02 secs] 
2016-09-24T02:07:38.252-0400: 42.595: [GC (GCLocker Initiated GC) [PSYoungGen: 149881K->31179K(201728K)] 287217K->169799K(726016K), 0.0064509 secs] [Times: user=0.04 sys=0.00, real=0.01 secs] 
2016-09-24T02:07:38.378-0400: 42.721: [GC (GCLocker Initiated GC) [PSYoungGen: 172491K->47548K(198656K)] 311147K->187451K(722944K), 0.0177423 secs] [Times: user=0.20 sys=0.00, real=0.02 secs] 
2016-09-24T02:07:38.540-0400: 42.883: [GC (GCLocker Initiated GC) [PSYoungGen: 187836K->16725K(157184K)] 344040K->201057K(681472K), 0.0052876 secs] [Times: user=0.06 sys=0.01, real=0.01 secs] 
2016-09-24T02:07:38.683-0400: 43.026: [GC (GCLocker Initiated GC) [PSYoungGen: 157013K->34814K(202752K)] 341374K->220478K(727040K), 0.0218285 secs] [Times: user=0.28 sys=0.00, real=0.02 secs] 
2016-09-24T02:07:38.826-0400: 43.169: [GC (GCLocker Initiated GC) [PSYoungGen: 176126K->30908K(172544K)] 361979K->228393K(696832K), 0.0232323 secs] [Times: user=0.24 sys=0.00, real=0.02 secs] 
2016-09-24T02:07:38.983-0400: 43.326: [GC (GCLocker Initiated GC) [PSYoungGen: 172220K->34952K(200704K)] 375124K->238712K(724992K), 0.0102310 secs] [Times: user=0.10 sys=0.01, real=0.00 secs] 
2016-09-24T02:07:39.119-0400: 43.462: [GC (GCLocker Initiated GC) [PSYoungGen: 178312K->32440K(198656K)] 387497K->245175K(722944K), 0.0054826 secs] [Times: user=0.05 sys=0.01, real=0.01 secs] 
2016-09-24T02:07:39.246-0400: 43.588: [GC (GCLocker Initiated GC) [PSYoungGen: 175800K->36596K(203264K)] 388546K->250331K(727552K), 0.0182952 secs] [Times: user=0.19 sys=0.00, real=0.02 secs] 
2016-09-24T02:07:39.391-0400: 43.734: [GC (GCLocker Initiated GC) [PSYoungGen: 186612K->39450K(202752K)] 400349K->254155K(727040K), 0.0059018 secs] [Times: user=0.06 sys=0.00, real=0.01 secs] 
2016-09-24T02:07:39.531-0400: 43.873: [GC (Allocation Failure) [PSYoungGen: 189466K->23171K(208896K)] 413646K->248465K(733184K), 0.0082271 secs] [Times: user=0.07 sys=0.01, real=0.01 secs] 
2016-09-24T02:07:39.681-0400: 44.024: [GC (GCLocker Initiated GC) [PSYoungGen: 179136K->28638K(184832K)] 405779K->256421K(709120K), 0.0105787 secs] [Times: user=0.09 sys=0.00, real=0.01 secs] 
2016-09-24T02:07:39.833-0400: 44.176: [GC (GCLocker Initiated GC) [PSYoungGen: 184798K->26062K(208896K)] 415359K->258053K(733184K), 0.0080325 secs] [Times: user=0.06 sys=0.00, real=0.01 secs] 
2016-09-24T02:07:39.991-0400: 44.334: [GC (GCLocker Initiated GC) [PSYoungGen: 183246K->31631K(208384K)] 420688K->270467K(732672K), 0.0091921 secs] [Times: user=0.09 sys=0.00, real=0.01 secs] 
2016-09-24T02:07:40.173-0400: 44.515: [GC (GCLocker Initiated GC) [PSYoungGen: 188815K->35952K(208384K)] 430380K->279064K(732672K), 0.0081879 secs] [Times: user=0.07 sys=0.00, real=0.01 secs] 
2016-09-24T02:07:40.340-0400: 44.683: [GC (GCLocker Initiated GC) [PSYoungGen: 195184K->31853K(208384K)] 443795K->282410K(732672K), 0.0294884 secs] [Times: user=0.34 sys=0.00, real=0.03 secs] 
2016-09-24T02:07:40.548-0400: 44.891: [GC (GCLocker Initiated GC) [PSYoungGen: 191085K->24044K(211968K)] 449750K->284565K(736256K), 0.0113361 secs] [Times: user=0.12 sys=0.00, real=0.01 secs] 
2016-09-24T02:07:40.718-0400: 45.061: [GC (GCLocker Initiated GC) [PSYoungGen: 188396K->42915K(211456K)] 451735K->308243K(735744K), 0.0164591 secs] [Times: user=0.20 sys=0.00, real=0.02 secs] 
2016-09-24T02:07:40.903-0400: 45.246: [GC (GCLocker Initiated GC) [PSYoungGen: 207267K->32079K(213504K)] 474817K->317789K(737792K), 0.0062677 secs] [Times: user=0.07 sys=0.00, real=0.00 secs] 
2016-09-24T02:07:41.067-0400: 45.410: [GC (GCLocker Initiated GC) [PSYoungGen: 195407K->20906K(211968K)] 483819K->311201K(736256K), 0.0111739 secs] [Times: user=0.12 sys=0.00, real=0.01 secs] 
2016-09-24T02:07:41.227-0400: 45.570: [GC (GCLocker Initiated GC) [PSYoungGen: 184234K->30482K(211968K)] 479961K->327887K(736256K), 0.0179679 secs] [Times: user=0.22 sys=0.00, real=0.02 secs] 
2016-09-24T02:07:41.403-0400: 45.746: [GC (GCLocker Initiated GC) [PSYoungGen: 195346K->26315K(211968K)] 498357K->333678K(736256K), 0.0055365 secs] [Times: user=0.03 sys=0.00, real=0.00 secs] 
2016-09-24T02:07:41.552-0400: 45.895: [GC (GCLocker Initiated GC) [PSYoungGen: 191179K->40925K(211456K)] 498577K->349962K(735744K), 0.0156945 secs] [Times: user=0.18 sys=0.00, real=0.02 secs] 
2016-09-24T02:07:41.743-0400: 46.085: [GC (GCLocker Initiated GC) [PSYoungGen: 205789K->34041K(213504K)] 524376K->353939K(737792K), 0.0110844 secs] [Times: user=0.13 sys=0.01, real=0.00 secs] 
2016-09-24T02:07:41.920-0400: 46.263: [GC (Allocation Failure) [PSYoungGen: 198905K->25767K(211968K)] 524392K->360539K(736256K), 0.0196614 secs] [Times: user=0.22 sys=0.01, real=0.02 secs] 
2016-09-24T02:07:41.941-0400: 46.284: [GC (GCLocker Initiated GC) [PSYoungGen: 25796K->128K(165888K)] 360568K->378137K(690176K), 0.0129249 secs] [Times: user=0.06 sys=0.02, real=0.02 secs] 
2016-09-24T02:07:42.110-0400: 46.453: [GC (GCLocker Initiated GC) [PSYoungGen: 165504K->27320K(212992K)] 543517K->405342K(737280K), 0.0217649 secs] [Times: user=0.21 sys=0.02, real=0.02 secs] 
2016-09-24T02:07:42.280-0400: 46.623: [GC (GCLocker Initiated GC) [PSYoungGen: 189112K->30144K(192000K)] 569846K->412165K(716288K), 0.0101078 secs] [Times: user=0.09 sys=0.00, real=0.01 secs] 
2016-09-24T02:07:42.449-0400: 46.792: [GC (GCLocker Initiated GC) [PSYoungGen: 191936K->27447K(210944K)] 574055K->411032K(735232K), 0.0130446 secs] [Times: user=0.13 sys=0.00, real=0.02 secs] 
2016-09-24T02:07:42.613-0400: 46.955: [GC (GCLocker Initiated GC) [PSYoungGen: 190775K->42653K(209408K)] 579882K->433277K(733696K), 0.0076671 secs] [Times: user=0.09 sys=0.00, real=0.01 secs] 
2016-09-24T02:07:42.781-0400: 47.124: [GC (GCLocker Initiated GC) [PSYoungGen: 205981K->20822K(212992K)] 599309K->415751K(737280K), 0.0182200 secs] [Times: user=0.15 sys=0.00, real=0.02 secs] 
2016-09-24T02:07:42.953-0400: 47.295: [GC (GCLocker Initiated GC) [PSYoungGen: 184150K->27842K(191488K)] 584564K->429851K(715776K), 0.0120612 secs] [Times: user=0.13 sys=0.00, real=0.02 secs] 
2016-09-24T02:07:43.144-0400: 47.486: [GC (GCLocker Initiated GC) [PSYoungGen: 191170K->39975K(207872K)] 595882K->446415K(732160K), 0.0121876 secs] [Times: user=0.14 sys=0.00, real=0.01 secs] 
2016-09-24T02:07:43.309-0400: 47.652: [GC (GCLocker Initiated GC) [PSYoungGen: 200743K->49491K(210432K)] 607264K->457828K(734720K), 0.0095497 secs] [Times: user=0.09 sys=0.02, real=0.01 secs] 
2016-09-24T02:07:43.491-0400: 47.833: [GC (GCLocker Initiated GC) [PSYoungGen: 210259K->21065K(205312K)] 622737K->446024K(729600K), 0.0088636 secs] [Times: user=0.09 sys=0.00, real=0.01 secs] 
2016-09-24T02:07:43.644-0400: 47.987: [GC (GCLocker Initiated GC) [PSYoungGen: 174665K->32709K(207872K)] 602406K->462199K(732160K), 0.0139196 secs] [Times: user=0.14 sys=0.00, real=0.01 secs] 
2016-09-24T02:07:43.811-0400: 48.154: [GC (GCLocker Initiated GC) [PSYoungGen: 186309K->19568K(206848K)] 629377K->480240K(731136K), 0.0062493 secs] [Times: user=0.04 sys=0.00, real=0.01 secs] 
2016-09-24T02:07:43.985-0400: 48.327: [GC (GCLocker Initiated GC) [PSYoungGen: 174704K->42630K(198144K)] 638157K->507765K(722432K), 0.0114285 secs] [Times: user=0.15 sys=0.00, real=0.01 secs] 
2016-09-24T02:07:44.949-0400: 49.292: [GC (GCLocker Initiated GC) [PSYoungGen: 197766K->39707K(205824K)] 662909K->506492K(730112K), 0.0084701 secs] [Times: user=0.08 sys=0.00, real=0.01 secs] 
2016-09-24T02:07:45.100-0400: 49.443: [GC (GCLocker Initiated GC) [PSYoungGen: 190235K->49160K(200192K)] 657164K->517557K(724480K), 0.0104267 secs] [Times: user=0.13 sys=0.01, real=0.01 secs] 
2016-09-24T02:07:45.264-0400: 49.607: [GC (GCLocker Initiated GC) [PSYoungGen: 199688K->57442K(189952K)] 670829K->532729K(714240K), 0.0069626 secs] [Times: user=0.09 sys=0.01, real=0.00 secs] 
2016-09-24T02:07:45.403-0400: 49.746: [GC (GCLocker Initiated GC) [PSYoungGen: 187490K->7269K(137728K)] 675116K->501882K(662016K), 0.0131129 secs] [Times: user=0.17 sys=0.00, real=0.01 secs] 
2016-09-24T02:07:45.545-0400: 49.888: [GC (GCLocker Initiated GC) [PSYoungGen: 137317K->36550K(196096K)] 633811K->534346K(720384K), 0.0168645 secs] [Times: user=0.22 sys=0.00, real=0.01 secs] 
2016-09-24T02:07:45.679-0400: 50.022: [GC (GCLocker Initiated GC) [PSYoungGen: 164550K->36355K(164864K)] 662456K->535327K(689152K), 0.0065457 secs] [Times: user=0.05 sys=0.00, real=0.01 secs] 
2016-09-24T02:07:45.813-0400: 50.155: [GC (GCLocker Initiated GC) [PSYoungGen: 164355K->39355K(192000K)] 666269K->555752K(716288K), 0.0067700 secs] [Times: user=0.08 sys=0.02, real=0.01 secs] 
2016-09-24T02:07:45.820-0400: 50.162: [Full GC (Ergonomics) [PSYoungGen: 39355K->0K(192000K)] [ParOldGen: 516396K->142423K(524288K)] 555752K->142423K(716288K), [Metaspace: 43564K->43564K(1085440K)], 0.0808183 secs] [Times: user=0.53 sys=0.05, real=0.08 secs] 
2016-09-24T02:07:46.036-0400: 50.379: [GC (GCLocker Initiated GC) [PSYoungGen: 128512K->24694K(191488K)] 280413K->176596K(715776K), 0.0045606 secs] [Times: user=0.05 sys=0.00, real=0.00 secs] 
2016-09-24T02:07:46.175-0400: 50.518: [GC (GCLocker Initiated GC) [PSYoungGen: 153206K->15287K(196608K)] 317411K->182114K(720896K), 0.0044539 secs] [Times: user=0.03 sys=0.00, real=0.00 secs] 
2016-09-24T02:07:46.303-0400: 50.646: [GC (GCLocker Initiated GC) [PSYoungGen: 150455K->40856K(197120K)] 317300K->209033K(721408K), 0.0184865 secs] [Times: user=0.22 sys=0.00, real=0.01 secs] 
2016-09-24T02:07:46.433-0400: 50.776: [GC (GCLocker Initiated GC) [PSYoungGen: 176024K->51697K(191488K)] 344228K->226487K(715776K), 0.0097337 secs] [Times: user=0.07 sys=0.02, real=0.02 secs] 
2016-09-24T02:07:46.579-0400: 50.922: [GC (GCLocker Initiated GC) [PSYoungGen: 180721K->39784K(195584K)] 361024K->221441K(719872K), 0.0129004 secs] [Times: user=0.18 sys=0.00, real=0.01 secs] 
2016-09-24T02:07:46.724-0400: 51.067: [GC (GCLocker Initiated GC) [PSYoungGen: 168808K->38278K(190976K)] 355920K->226707K(715264K), 0.0090679 secs] [Times: user=0.11 sys=0.01, real=0.00 secs] 
2016-09-24T02:07:46.854-0400: 51.197: [GC (GCLocker Initiated GC) [PSYoungGen: 168838K->27263K(194048K)] 357278K->217027K(718336K), 0.0056059 secs] [Times: user=0.03 sys=0.00, real=0.01 secs] 
2016-09-24T02:07:46.975-0400: 51.318: [GC (GCLocker Initiated GC) [PSYoungGen: 157823K->41031K(197120K)] 350390K->245675K(721408K), 0.0073275 secs] [Times: user=0.08 sys=0.00, real=0.01 secs] 
2016-09-24T02:07:47.115-0400: 51.458: [GC (GCLocker Initiated GC) [PSYoungGen: 177735K->41101K(198656K)] 387838K->252709K(722944K), 0.0206459 secs] [Times: user=0.25 sys=0.00, real=0.02 secs] 
2016-09-24T02:07:47.271-0400: 51.614: [GC (GCLocker Initiated GC) [PSYoungGen: 177805K->41352K(198656K)] 394871K->259929K(722944K), 0.0119670 secs] [Times: user=0.14 sys=0.01, real=0.02 secs] 
2016-09-24T02:07:47.426-0400: 51.769: [GC (GCLocker Initiated GC) [PSYoungGen: 180104K->34734K(199680K)] 409491K->265675K(723968K), 0.0176596 secs] [Times: user=0.22 sys=0.01, real=0.02 secs] 
2016-09-24T02:07:47.587-0400: 51.929: [GC (GCLocker Initiated GC) [PSYoungGen: 173486K->26412K(200704K)] 415241K->269879K(724992K), 0.0051842 secs] [Times: user=0.04 sys=0.00, real=0.00 secs] 
2016-09-24T02:07:47.733-0400: 52.075: [GC (GCLocker Initiated GC) [PSYoungGen: 168236K->41518K(200192K)] 414429K->289431K(724480K), 0.0094155 secs] [Times: user=0.06 sys=0.02, real=0.02 secs] 
2016-09-24T02:07:47.880-0400: 52.223: [GC (GCLocker Initiated GC) [PSYoungGen: 183342K->41130K(203264K)] 436808K->296316K(727552K), 0.0057220 secs] [Times: user=0.06 sys=0.02, real=0.01 secs] 
2016-09-24T02:07:48.028-0400: 52.371: [GC (GCLocker Initiated GC) [PSYoungGen: 186538K->43900K(203264K)] 441809K->300654K(727552K), 0.0104040 secs] [Times: user=0.13 sys=0.00, real=0.01 secs] 
2016-09-24T02:07:48.188-0400: 52.531: [GC (GCLocker Initiated GC) [PSYoungGen: 189308K->33012K(202752K)] 448774K->294206K(727040K), 0.0065386 secs] [Times: user=0.07 sys=0.00, real=0.01 secs] 
2016-09-24T02:07:48.365-0400: 52.707: [GC (GCLocker Initiated GC) [PSYoungGen: 178932K->26397K(203264K)] 452316K->301320K(727552K), 0.0081014 secs] [Times: user=0.06 sys=0.00, real=0.00 secs] 
2016-09-24T02:07:48.522-0400: 52.865: [GC (GCLocker Initiated GC) [PSYoungGen: 172317K->33117K(201728K)] 455370K->325999K(726016K), 0.0170753 secs] [Times: user=0.21 sys=0.02, real=0.01 secs] 
2016-09-24T02:07:48.689-0400: 53.032: [GC (GCLocker Initiated GC) [PSYoungGen: 181085K->24804K(203264K)] 476679K->348953K(727552K), 0.0073032 secs] [Times: user=0.06 sys=0.00, real=0.01 secs] 
2016-09-24T02:07:48.854-0400: 53.197: [GC (GCLocker Initiated GC) [PSYoungGen: 172772K->20839K(206848K)] 503950K->353527K(731136K), 0.0104791 secs] [Times: user=0.13 sys=0.01, real=0.02 secs] 
2016-09-24T02:07:49.010-0400: 53.353: [GC (GCLocker Initiated GC) [PSYoungGen: 172391K->44978K(196608K)] 505114K->379088K(720896K), 0.0073021 secs] [Times: user=0.09 sys=0.00, real=0.01 secs] 
2016-09-24T02:07:51.854-0400: 56.196: [GC (GCLocker Initiated GC) [PSYoungGen: 196530K->35537K(206336K)] 533429K->373678K(730624K), 0.0202699 secs] [Times: user=0.22 sys=0.01, real=0.02 secs] 
2016-09-24T02:07:52.040-0400: 56.383: [GC (GCLocker Initiated GC) [PSYoungGen: 184529K->41047K(204800K)] 522907K->380876K(729088K), 0.0116711 secs] [Times: user=0.15 sys=0.00, real=0.01 secs] 
2016-09-24T02:07:52.212-0400: 56.555: [GC (GCLocker Initiated GC) [PSYoungGen: 190039K->25958K(205824K)] 538043K->375379K(730112K), 0.0112493 secs] [Times: user=0.14 sys=0.00, real=0.02 secs] 
2016-09-24T02:07:52.376-0400: 56.719: [GC (GCLocker Initiated GC) [PSYoungGen: 175462K->21749K(205312K)] 530361K->377922K(729600K), 0.0120376 secs] [Times: user=0.15 sys=0.00, real=0.01 secs] 
2016-09-24T02:07:52.542-0400: 56.884: [GC (GCLocker Initiated GC) [PSYoungGen: 171253K->46241K(200704K)] 531535K->407558K(724992K), 0.0100953 secs] [Times: user=0.13 sys=0.02, real=0.01 secs] 
2016-09-24T02:07:52.698-0400: 57.041: [GC (GCLocker Initiated GC) [PSYoungGen: 191649K->34137K(203776K)] 553069K->407624K(728064K), 0.0130844 secs] [Times: user=0.15 sys=0.00, real=0.01 secs] 
2016-09-24T02:07:52.853-0400: 57.196: [GC (GCLocker Initiated GC) [PSYoungGen: 179545K->43585K(202752K)] 553109K->418447K(727040K), 0.0073584 secs] [Times: user=0.08 sys=0.00, real=0.01 secs] 
2016-09-24T02:07:52.997-0400: 57.340: [GC (GCLocker Initiated GC) [PSYoungGen: 190529K->43492K(190464K)] 565488K->419650K(714752K), 0.0105260 secs] [Times: user=0.11 sys=0.00, real=0.01 secs] 
2016-09-24T02:07:53.149-0400: 57.491: [GC (GCLocker Initiated GC) [PSYoungGen: 190436K->40454K(204800K)] 566627K->417798K(729088K), 0.0059237 secs] [Times: user=0.07 sys=0.00, real=0.01 secs] 
2016-09-24T02:07:53.313-0400: 57.656: [GC (GCLocker Initiated GC) [PSYoungGen: 186886K->12140K(158720K)] 572334K->425577K(683008K), 0.0065534 secs] [Times: user=0.07 sys=0.00, real=0.01 secs] 
2016-09-24T02:07:53.459-0400: 57.801: [GC (GCLocker Initiated GC) [PSYoungGen: 158572K->20182K(202752K)] 585638K->448117K(727040K), 0.0062200 secs] [Times: user=0.04 sys=0.00, real=0.01 secs] 
2016-09-24T02:07:53.601-0400: 57.944: [GC (GCLocker Initiated GC) [PSYoungGen: 163542K->29670K(173056K)] 594370K->461513K(697344K), 0.0157690 secs] [Times: user=0.19 sys=0.00, real=0.02 secs] 
2016-09-24T02:07:53.751-0400: 58.094: [GC (GCLocker Initiated GC) [PSYoungGen: 173030K->32341K(203264K)] 607591K->467826K(727552K), 0.0061942 secs] [Times: user=0.05 sys=0.00, real=0.01 secs] 
2016-09-24T02:07:53.891-0400: 58.233: [GC (GCLocker Initiated GC) [PSYoungGen: 178261K->32390K(200704K)] 613772K->468823K(724992K), 0.0061499 secs] [Times: user=0.05 sys=0.00, real=0.01 secs] 
2016-09-24T02:07:54.030-0400: 58.373: [GC (GCLocker Initiated GC) [PSYoungGen: 178310K->29994K(204288K)] 621702K->493323K(728576K), 0.0270236 secs] [Times: user=0.37 sys=0.01, real=0.03 secs] 
2016-09-24T02:07:54.202-0400: 58.545: [GC (GCLocker Initiated GC) [PSYoungGen: 181546K->48796K(202752K)] 644952K->513336K(727040K), 0.0065631 secs] [Times: user=0.08 sys=0.00, real=0.01 secs] 
2016-09-24T02:07:54.355-0400: 58.697: [GC (GCLocker Initiated GC) [PSYoungGen: 200348K->52944K(196608K)] 664931K->532103K(720896K), 0.0082784 secs] [Times: user=0.12 sys=0.00, real=0.01 secs] 
2016-09-24T02:07:54.515-0400: 58.857: [GC (GCLocker Initiated GC) [PSYoungGen: 194256K->27225K(201728K)] 678785K->512864K(726016K), 0.0137964 secs] [Times: user=0.13 sys=0.00, real=0.01 secs] 
2016-09-24T02:07:54.683-0400: 59.026: [GC (GCLocker Initiated GC) [PSYoungGen: 168537K->38178K(198656K)] 659809K->530690K(722944K), 0.0075252 secs] [Times: user=0.08 sys=0.00, real=0.00 secs] 
2016-09-24T02:07:54.842-0400: 59.185: [GC (Allocation Failure) [PSYoungGen: 180514K->42236K(200704K)] 675959K->538944K(724992K), 0.0253283 secs] [Times: user=0.30 sys=0.00, real=0.03 secs] 
2016-09-24T02:07:55.022-0400: 59.365: [GC (GCLocker Initiated GC) [PSYoungGen: 182833K->44904K(201728K)] 682240K->545616K(726016K), 0.0091150 secs] [Times: user=0.13 sys=0.00, real=0.00 secs] 
2016-09-24T02:07:55.221-0400: 59.564: [GC (GCLocker Initiated GC) [PSYoungGen: 188264K->33077K(176640K)] 691749K->537794K(700928K), 0.0238017 secs] [Times: user=0.30 sys=0.00, real=0.03 secs] 
2016-09-24T02:07:55.409-0400: 59.752: [GC (GCLocker Initiated GC) [PSYoungGen: 176437K->40138K(202752K)] 681242K->546610K(727040K), 0.0060452 secs] [Times: user=0.10 sys=0.00, real=0.01 secs] 
2016-09-24T02:07:55.415-0400: 59.758: [Full GC (Ergonomics) [PSYoungGen: 40138K->0K(202752K)] [ParOldGen: 506472K->98927K(524288K)] 546610K->98927K(727040K), [Metaspace: 43594K->43594K(1085440K)], 0.0737825 secs] [Times: user=0.63 sys=0.00, real=0.07 secs] 
2016-09-24T02:07:55.653-0400: 59.996: [GC (GCLocker Initiated GC) [PSYoungGen: 144896K->43465K(202240K)] 243842K->142411K(726528K), 0.0076813 secs] [Times: user=0.06 sys=0.02, real=0.01 secs] 
2016-09-24T02:07:55.829-0400: 60.171: [GC (GCLocker Initiated GC) [PSYoungGen: 188361K->36217K(201216K)] 290118K->143135K(725504K), 0.0156005 secs] [Times: user=0.18 sys=0.00, real=0.02 secs] 
2016-09-24T02:07:56.019-0400: 60.362: [GC (GCLocker Initiated GC) [PSYoungGen: 183161K->50025K(202752K)] 292790K->161817K(727040K), 0.0092214 secs] [Times: user=0.13 sys=0.00, real=0.01 secs] 
2016-09-24T02:07:56.234-0400: 60.577: [GC (GCLocker Initiated GC) [PSYoungGen: 196969K->14688K(199168K)] 320993K->140966K(723456K), 0.0107076 secs] [Times: user=0.13 sys=0.01, real=0.01 secs] 
2016-09-24T02:07:56.425-0400: 60.768: [GC (GCLocker Initiated GC) [PSYoungGen: 154976K->40645K(201216K)] 282855K->170670K(725504K), 0.0055286 secs] [Times: user=0.06 sys=0.00, real=0.00 secs] 
2016-09-24T02:07:56.648-0400: 60.991: [GC (GCLocker Initiated GC) [PSYoungGen: 180933K->21516K(201216K)] 329888K->172587K(725504K), 0.0101083 secs] [Times: user=0.08 sys=0.00, real=0.01 secs] 
2016-09-24T02:07:56.856-0400: 61.198: [GC (GCLocker Initiated GC) [PSYoungGen: 162828K->24325K(165888K)] 326056K->189905K(690176K), 0.0128051 secs] [Times: user=0.14 sys=0.01, real=0.01 secs] 
2016-09-24T02:07:57.045-0400: 61.388: [GC (GCLocker Initiated GC) [PSYoungGen: 165637K->33719K(203264K)] 333946K->204337K(727552K), 0.0092853 secs] [Times: user=0.09 sys=0.01, real=0.01 secs] 
2016-09-24T02:07:57.230-0400: 61.573: [GC (GCLocker Initiated GC) [PSYoungGen: 177591K->23617K(201216K)] 348216K->201871K(725504K), 0.0341017 secs] [Times: user=0.37 sys=0.01, real=0.04 secs] 
2016-09-24T02:07:57.452-0400: 61.795: [GC (GCLocker Initiated GC) [PSYoungGen: 167489K->33609K(202752K)] 345745K->213674K(727040K), 0.0056046 secs] [Times: user=0.06 sys=0.00, real=0.01 secs] 
2016-09-24T02:07:57.646-0400: 61.988: [GC (GCLocker Initiated GC) [PSYoungGen: 181065K->29716K(202240K)] 361230K->211984K(726528K), 0.0222982 secs] [Times: user=0.27 sys=0.00, real=0.02 secs] 
2016-09-24T02:07:57.873-0400: 62.216: [GC (GCLocker Initiated GC) [PSYoungGen: 177172K->33697K(205824K)] 359447K->220963K(730112K), 0.0070549 secs] [Times: user=0.06 sys=0.00, real=0.01 secs] 
2016-09-24T02:07:58.086-0400: 62.429: [GC (GCLocker Initiated GC) [PSYoungGen: 187297K->25320K(204800K)] 374649K->214927K(729088K), 0.0216485 secs] [Times: user=0.18 sys=0.00, real=0.02 secs] 
2016-09-24T02:07:58.290-0400: 62.633: [GC (GCLocker Initiated GC) [PSYoungGen: 178920K->25225K(209920K)] 369124K->217592K(734208K), 0.0259431 secs] [Times: user=0.26 sys=0.00, real=0.03 secs] 
2016-09-24T02:07:58.504-0400: 62.847: [GC (GCLocker Initiated GC) [PSYoungGen: 184457K->43376K(209408K)] 376976K->237850K(733696K), 0.0117510 secs] [Times: user=0.14 sys=0.00, real=0.01 secs] 
2016-09-24T02:07:58.718-0400: 63.061: [GC (GCLocker Initiated GC) [PSYoungGen: 202608K->21873K(209408K)] 405263K->242985K(733696K), 0.0201617 secs] [Times: user=0.26 sys=0.00, real=0.02 secs] 
2016-09-24T02:07:58.915-0400: 63.258: [GC (GCLocker Initiated GC) [PSYoungGen: 178545K->7757K(164864K)] 409113K->251650K(689152K), 0.0135530 secs] [Times: user=0.13 sys=0.00, real=0.01 secs] 
2016-09-24T02:07:59.105-0400: 63.448: [GC (GCLocker Initiated GC) [PSYoungGen: 164429K->32960K(208896K)] 413728K->284264K(733184K), 0.0142390 secs] [Times: user=0.15 sys=0.00, real=0.01 secs] 
2016-09-24T02:07:59.290-0400: 63.633: [GC (GCLocker Initiated GC) [PSYoungGen: 187584K->17822K(207872K)] 441606K->273442K(732160K), 0.0099692 secs] [Times: user=0.11 sys=0.00, real=0.01 secs] 
2016-09-24T02:07:59.462-0400: 63.805: [GC (GCLocker Initiated GC) [PSYoungGen: 172446K->21833K(206848K)] 433500K->295021K(731136K), 0.0065700 secs] [Times: user=0.05 sys=0.00, real=0.01 secs] 
2016-09-24T02:07:59.624-0400: 63.967: [GC (GCLocker Initiated GC) [PSYoungGen: 177481K->23193K(207360K)] 453374K->313865K(731648K), 0.0182920 secs] [Times: user=0.19 sys=0.00, real=0.02 secs] 
2016-09-24T02:07:59.795-0400: 64.137: [GC (GCLocker Initiated GC) [PSYoungGen: 178841K->49053K(200704K)] 475009K->349202K(724992K), 0.0062268 secs] [Times: user=0.09 sys=0.00, real=0.00 secs] 
2016-09-24T02:07:59.964-0400: 64.306: [GC (GCLocker Initiated GC) [PSYoungGen: 199581K->16435K(206336K)] 506509K->338138K(730624K), 0.0256439 secs] [Times: user=0.25 sys=0.01, real=0.02 secs] 
2016-09-24T02:08:00.135-0400: 64.478: [GC (GCLocker Initiated GC) [PSYoungGen: 166963K->30214K(202752K)] 496769K->361254K(727040K), 0.0104821 secs] [Times: user=0.13 sys=0.01, real=0.01 secs] 
2016-09-24T02:08:00.295-0400: 64.638: [GC (GCLocker Initiated GC) [PSYoungGen: 181254K->35589K(204800K)] 515000K->370634K(729088K), 0.0070533 secs] [Times: user=0.08 sys=0.01, real=0.01 secs] 
2016-09-24T02:08:00.450-0400: 64.792: [GC (GCLocker Initiated GC) [PSYoungGen: 186629K->24784K(205312K)] 527081K->366452K(729600K), 0.0259270 secs] [Times: user=0.33 sys=0.02, real=0.03 secs] 
2016-09-24T02:08:00.631-0400: 64.974: [GC (GCLocker Initiated GC) [PSYoungGen: 179408K->50375K(205312K)] 525192K->400437K(729600K), 0.0061088 secs] [Times: user=0.09 sys=0.00, real=0.01 secs] 
2016-09-24T02:08:00.799-0400: 65.142: [GC (GCLocker Initiated GC) [PSYoungGen: 204999K->26071K(206336K)] 557802K->382821K(730624K), 0.0070421 secs] [Times: user=0.08 sys=0.00, real=0.01 secs] 
2016-09-24T02:08:00.957-0400: 65.300: [GC (GCLocker Initiated GC) [PSYoungGen: 175575K->54595K(204288K)] 532354K->412641K(728576K), 0.0056730 secs] [Times: user=0.07 sys=0.00, real=0.01 secs] 
2016-09-24T02:08:01.117-0400: 65.459: [GC (GCLocker Initiated GC) [PSYoungGen: 204099K->27663K(199168K)] 566345K->402135K(723456K), 0.0085103 secs] [Times: user=0.08 sys=0.00, real=0.01 secs] 
2016-09-24T02:08:01.270-0400: 65.613: [GC (GCLocker Initiated GC) [PSYoungGen: 168975K->24740K(201728K)] 547582K->404952K(726016K), 0.0137339 secs] [Times: user=0.15 sys=0.00, real=0.02 secs] 
2016-09-24T02:08:01.438-0400: 65.780: [GC (GCLocker Initiated GC) [PSYoungGen: 166052K->19279K(199680K)] 553053K->407798K(723968K), 0.0169656 secs] [Times: user=0.20 sys=0.01, real=0.02 secs] 
2016-09-24T02:08:01.607-0400: 65.950: [GC (GCLocker Initiated GC) [PSYoungGen: 162127K->49326K(192512K)] 553373K->442037K(716800K), 0.0060657 secs] [Times: user=0.06 sys=0.00, real=0.00 secs] 
2016-09-24T02:08:01.779-0400: 66.122: [GC (GCLocker Initiated GC) [PSYoungGen: 192174K->34373K(201728K)] 585111K->445067K(726016K), 0.0067214 secs] [Times: user=0.08 sys=0.01, real=0.01 secs] 
2016-09-24T02:08:01.922-0400: 66.265: [GC (GCLocker Initiated GC) [PSYoungGen: 173637K->33025K(172544K)] 587037K->447894K(696832K), 0.0057023 secs] [Times: user=0.06 sys=0.00, real=0.01 secs] 
2016-09-24T02:08:02.063-0400: 66.405: [GC (GCLocker Initiated GC) [PSYoungGen: 172289K->30221K(199168K)] 592695K->452154K(723456K), 0.0080156 secs] [Times: user=0.07 sys=0.00, real=0.00 secs] 
2016-09-24T02:08:02.199-0400: 66.542: [GC (GCLocker Initiated GC) [PSYoungGen: 171533K->32826K(197120K)] 599105K->464458K(721408K), 0.0083757 secs] [Times: user=0.08 sys=0.00, real=0.01 secs] 
2016-09-24T02:08:02.344-0400: 66.687: [GC (GCLocker Initiated GC) [PSYoungGen: 174138K->32696K(203264K)] 608523K->468451K(727552K), 0.0340313 secs] [Times: user=0.38 sys=0.00, real=0.03 secs] 
2016-09-24T02:08:02.532-0400: 66.875: [GC (GCLocker Initiated GC) [PSYoungGen: 182712K->49158K(201728K)] 621274K->488982K(726016K), 0.0063939 secs] [Times: user=0.07 sys=0.00, real=0.01 secs] 
2016-09-24T02:08:02.685-0400: 67.027: [GC (GCLocker Initiated GC) [PSYoungGen: 199174K->50386K(198144K)] 639006K->491654K(722432K), 0.0103196 secs] [Times: user=0.15 sys=0.01, real=0.01 secs] 
2016-09-24T02:08:02.823-0400: 67.166: [GC (GCLocker Initiated GC) [PSYoungGen: 192722K->39332K(202240K)] 636909K->484792K(726528K), 0.0057892 secs] [Times: user=0.03 sys=0.00, real=0.00 secs] 
2016-09-24T02:08:02.966-0400: 67.309: [GC (GCLocker Initiated GC) [PSYoungGen: 181668K->35413K(197120K)] 629944K->484868K(721408K), 0.0178673 secs] [Times: user=0.19 sys=0.01, real=0.02 secs] 
2016-09-24T02:08:03.126-0400: 67.468: [GC (Allocation Failure) [PSYoungGen: 178773K->29049K(200192K)] 635202K->486789K(724480K), 0.0128828 secs] [Times: user=0.18 sys=0.00, real=0.01 secs] 
2016-09-24T02:08:03.271-0400: 67.614: [GC (GCLocker Initiated GC) [PSYoungGen: 171991K->33002K(201216K)] 632432K->494867K(725504K), 0.0129471 secs] [Times: user=0.17 sys=0.01, real=0.02 secs] 
2016-09-24T02:08:03.425-0400: 67.768: [GC (GCLocker Initiated GC) [PSYoungGen: 182506K->53098K(202752K)] 647104K->527040K(727040K), 0.0079454 secs] [Times: user=0.10 sys=0.00, real=0.00 secs] 
2016-09-24T02:08:03.575-0400: 67.918: [GC (GCLocker Initiated GC) [PSYoungGen: 202602K->29924K(204288K)] 676626K->521434K(728576K), 0.0076170 secs] [Times: user=0.08 sys=0.01, real=0.01 secs] 
2016-09-24T02:08:03.716-0400: 68.059: [GC (GCLocker Initiated GC) [PSYoungGen: 175332K->48859K(194560K)] 666942K->541723K(718848K), 0.0083123 secs] [Times: user=0.06 sys=0.00, real=0.01 secs] 
2016-09-24T02:08:03.859-0400: 68.202: [GC (GCLocker Initiated GC) [PSYoungGen: 194267K->19131K(199680K)] 695256K->540341K(723968K), 0.0131653 secs] [Times: user=0.18 sys=0.00, real=0.01 secs] 
2016-09-24T02:08:03.872-0400: 68.215: [Full GC (Ergonomics) [PSYoungGen: 19131K->0K(199680K)] [ParOldGen: 521210K->138783K(524288K)] 540341K->138783K(723968K), [Metaspace: 43611K->43611K(1085440K)], 0.0707597 secs] [Times: user=0.68 sys=0.01, real=0.08 secs] 
2016-09-24T02:08:04.112-0400: 68.455: [GC (GCLocker Initiated GC) [PSYoungGen: 139264K->32952K(172544K)] 280756K->174445K(696832K), 0.0097742 secs] [Times: user=0.14 sys=0.01, real=0.01 secs] 
2016-09-24T02:08:04.255-0400: 68.598: [GC (GCLocker Initiated GC) [PSYoungGen: 172216K->27231K(200704K)] 313713K->170158K(724992K), 0.0087214 secs] [Times: user=0.10 sys=0.00, real=0.01 secs] 
2016-09-24T02:08:04.395-0400: 68.738: [GC (GCLocker Initiated GC) [PSYoungGen: 168543K->39415K(199680K)] 311488K->183540K(723968K), 0.0104032 secs] [Times: user=0.12 sys=0.00, real=0.01 secs] 
2016-09-24T02:08:04.527-0400: 68.870: [GC (GCLocker Initiated GC) [PSYoungGen: 180727K->50312K(198144K)] 327604K->214684K(722432K), 0.0087749 secs] [Times: user=0.13 sys=0.00, real=0.01 secs] 
2016-09-24T02:08:04.667-0400: 69.010: [GC (GCLocker Initiated GC) [PSYoungGen: 190600K->29618K(201216K)] 357678K->200539K(725504K), 0.0077504 secs] [Times: user=0.07 sys=0.02, real=0.01 secs] 
2016-09-24T02:08:04.809-0400: 69.152: [GC (GCLocker Initiated GC) [PSYoungGen: 169906K->39680K(198144K)] 346415K->217217K(722432K), 0.0051008 secs] [Times: user=0.06 sys=0.01, real=0.01 secs] 
2016-09-24T02:08:04.949-0400: 69.291: [GC (GCLocker Initiated GC) [PSYoungGen: 180992K->28750K(200192K)] 366743K->215827K(724480K), 0.0282531 secs] [Times: user=0.32 sys=0.00, real=0.03 secs] 
2016-09-24T02:08:05.117-0400: 69.460: [GC (GCLocker Initiated GC) [PSYoungGen: 170062K->43633K(202240K)] 359862K->234751K(726528K), 0.0055270 secs] [Times: user=0.07 sys=0.00, real=0.01 secs] 
2016-09-24T02:08:05.270-0400: 69.613: [GC (GCLocker Initiated GC) [PSYoungGen: 188017K->40994K(203264K)] 381845K->236060K(727552K), 0.0178576 secs] [Times: user=0.25 sys=0.01, real=0.02 secs] 
2016-09-24T02:08:05.427-0400: 69.769: [GC (GCLocker Initiated GC) [PSYoungGen: 185378K->43599K(202752K)] 383214K->242862K(727040K), 0.0088484 secs] [Times: user=0.12 sys=0.00, real=0.01 secs] 
2016-09-24T02:08:05.573-0400: 69.915: [GC (GCLocker Initiated GC) [PSYoungGen: 187983K->34305K(179200K)] 392880K->253939K(703488K), 0.0097106 secs] [Times: user=0.12 sys=0.00, real=0.02 secs] 
2016-09-24T02:08:05.727-0400: 70.070: [GC (GCLocker Initiated GC) [PSYoungGen: 178689K->32795K(202752K)] 398449K->253956K(727040K), 0.0238211 secs] [Times: user=0.32 sys=0.01, real=0.02 secs] 
2016-09-24T02:08:05.894-0400: 70.236: [GC (GCLocker Initiated GC) [PSYoungGen: 178715K->49270K(201728K)] 399880K->271924K(726016K), 0.0140312 secs] [Times: user=0.06 sys=0.02, real=0.02 secs] 
2016-09-24T02:08:06.072-0400: 70.415: [GC (GCLocker Initiated GC) [PSYoungGen: 195190K->25250K(202752K)] 428677K->260301K(727040K), 0.0174688 secs] [Times: user=0.19 sys=0.01, real=0.02 secs] 
2016-09-24T02:08:06.230-0400: 70.573: [GC (GCLocker Initiated GC) [PSYoungGen: 169634K->33353K(178176K)] 410283K->300211K(702464K), 0.0063210 secs] [Times: user=0.07 sys=0.00, real=0.01 secs] 
2016-09-24T02:08:06.403-0400: 70.746: [GC (GCLocker Initiated GC) [PSYoungGen: 177737K->42726K(202240K)] 447346K->314081K(726528K), 0.0093602 secs] [Times: user=0.12 sys=0.00, real=0.00 secs] 
2016-09-24T02:08:06.576-0400: 70.919: [GC (GCLocker Initiated GC) [PSYoungGen: 187622K->22585K(202240K)] 471163K->307904K(726528K), 0.0050001 secs] [Times: user=0.03 sys=0.00, real=0.00 secs] 
2016-09-24T02:08:06.738-0400: 71.081: [GC (GCLocker Initiated GC) [PSYoungGen: 167481K->35836K(201216K)] 452808K->323163K(725504K), 0.0125478 secs] [Times: user=0.15 sys=0.00, real=0.01 secs] 
2016-09-24T02:08:06.931-0400: 71.274: [GC (Allocation Failure) [PSYoungGen: 182780K->13181K(202752K)] 487872K->319903K(727040K), 0.0170329 secs] [Times: user=0.19 sys=0.00, real=0.02 secs] 
2016-09-24T02:08:06.948-0400: 71.291: [GC (GCLocker Initiated GC) [PSYoungGen: 13189K->64K(197632K)] 319910K->322527K(721920K), 0.0031241 secs] [Times: user=0.03 sys=0.00, real=0.00 secs] 
2016-09-24T02:08:07.106-0400: 71.448: [GC (GCLocker Initiated GC) [PSYoungGen: 140352K->49146K(189440K)] 462819K->371622K(713728K), 0.0058339 secs] [Times: user=0.07 sys=0.01, real=0.00 secs] 
2016-09-24T02:08:07.251-0400: 71.594: [GC (GCLocker Initiated GC) [PSYoungGen: 189434K->41201K(197120K)] 514616K->367790K(721408K), 0.0063222 secs] [Times: user=0.08 sys=0.01, real=0.01 secs] 
2016-09-24T02:08:07.400-0400: 71.743: [GC (GCLocker Initiated GC) [PSYoungGen: 173297K->31790K(164352K)] 509436K->369352K(688640K), 0.0060010 secs] [Times: user=0.05 sys=0.00, real=0.01 secs] 
2016-09-24T02:08:07.555-0400: 71.898: [GC (GCLocker Initiated GC) [PSYoungGen: 163886K->38507K(194560K)] 501458K->377673K(718848K), 0.0166984 secs] [Times: user=0.18 sys=0.00, real=0.01 secs] 
2016-09-24T02:08:07.708-0400: 72.051: [GC (GCLocker Initiated GC) [PSYoungGen: 171115K->42630K(194048K)] 513050K->386214K(718336K), 0.0062346 secs] [Times: user=0.10 sys=0.00, real=0.01 secs] 
2016-09-24T02:08:07.876-0400: 72.219: [GC (GCLocker Initiated GC) [PSYoungGen: 175238K->21107K(200192K)] 529506K->377000K(724480K), 0.0106474 secs] [Times: user=0.15 sys=0.01, real=0.01 secs] 
2016-09-24T02:08:08.033-0400: 72.376: [GC (Allocation Failure) [PSYoungGen: 159859K->35867K(175104K)] 521173K->398800K(699392K), 0.0050822 secs] [Times: user=0.03 sys=0.02, real=0.01 secs] 
2016-09-24T02:08:08.179-0400: 72.522: [GC (GCLocker Initiated GC) [PSYoungGen: 174051K->27807K(201216K)] 539683K->416669K(725504K), 0.0239208 secs] [Times: user=0.23 sys=0.00, real=0.03 secs] 
2016-09-24T02:08:08.350-0400: 72.693: [GC (GCLocker Initiated GC) [PSYoungGen: 169119K->37254K(199168K)] 562702K->432570K(723456K), 0.0081834 secs] [Times: user=0.09 sys=0.00, real=0.01 secs] 
2016-09-24T02:08:08.503-0400: 72.845: [GC (GCLocker Initiated GC) [PSYoungGen: 178566K->27878K(202752K)] 582003K->443845K(727040K), 0.0073659 secs] [Times: user=0.06 sys=0.01, real=0.00 secs] 
2016-09-24T02:08:08.664-0400: 73.007: [GC (GCLocker Initiated GC) [PSYoungGen: 173798K->30294K(201728K)] 589838K->448062K(726016K), 0.0057872 secs] [Times: user=0.04 sys=0.01, real=0.00 secs] 
2016-09-24T02:08:08.818-0400: 73.161: [GC (GCLocker Initiated GC) [PSYoungGen: 176214K->26409K(204288K)] 596690K->448645K(728576K), 0.0056669 secs] [Times: user=0.05 sys=0.00, real=0.01 secs] 
2016-09-24T02:08:08.979-0400: 73.322: [GC (GCLocker Initiated GC) [PSYoungGen: 176937K->34344K(203264K)] 599206K->458130K(727552K), 0.0065500 secs] [Times: user=0.04 sys=0.00, real=0.01 secs] 
2016-09-24T02:08:09.140-0400: 73.483: [GC (Allocation Failure) [PSYoungGen: 184872K->11749K(205824K)] 613994K->453351K(730112K), 0.0050790 secs] [Times: user=0.03 sys=0.00, real=0.01 secs] 
2016-09-24T02:08:09.297-0400: 73.640: [GC (Allocation Failure) [PSYoungGen: 165861K->23273K(207360K)] 607463K->466675K(731648K), 0.0073267 secs] [Times: user=0.07 sys=0.00, real=0.01 secs] 
2016-09-24T02:08:09.446-0400: 73.789: [GC (GCLocker Initiated GC) [PSYoungGen: 177385K->35853K(208384K)] 623487K->483404K(732672K), 0.0094065 secs] [Times: user=0.09 sys=0.00, real=0.01 secs] 
2016-09-24T02:08:09.607-0400: 73.950: [GC (GCLocker Initiated GC) [PSYoungGen: 192525K->34288K(208896K)] 644206K->487501K(733184K), 0.0065991 secs] [Times: user=0.03 sys=0.00, real=0.00 secs] 
2016-09-24T02:08:09.766-0400: 74.109: [GC (GCLocker Initiated GC) [PSYoungGen: 190960K->38436K(209408K)] 644306K->493382K(733696K), 0.0083170 secs] [Times: user=0.08 sys=0.00, real=0.01 secs] 
2016-09-24T02:08:09.922-0400: 74.265: [GC (GCLocker Initiated GC) [PSYoungGen: 196132K->25115K(183296K)] 651107K->498021K(707584K), 0.0159093 secs] [Times: user=0.14 sys=0.01, real=0.01 secs] 
2016-09-24T02:08:10.103-0400: 74.446: [GC (GCLocker Initiated GC) [PSYoungGen: 182811K->19548K(209408K)] 669409K->507743K(733696K), 0.0158940 secs] [Times: user=0.14 sys=0.00, real=0.01 secs] 
2016-09-24T02:08:10.285-0400: 74.628: [GC (GCLocker Initiated GC) [PSYoungGen: 177756K->15573K(209408K)] 669339K->508818K(733696K), 0.0107591 secs] [Times: user=0.09 sys=0.00, real=0.01 secs] 
2016-09-24T02:08:10.443-0400: 74.786: [GC (GCLocker Initiated GC) [PSYoungGen: 173781K->27278K(206848K)] 669732K->524842K(731136K), 0.0052794 secs] [Times: user=0.04 sys=0.00, real=0.00 secs] 
2016-09-24T02:08:10.603-0400: 74.946: [GC (GCLocker Initiated GC) [PSYoungGen: 187022K->25949K(208896K)] 688711K->528970K(733184K), 0.0146031 secs] [Times: user=0.15 sys=0.00, real=0.01 secs] 
2016-09-24T02:08:10.780-0400: 75.122: [Full GC (Ergonomics) [PSYoungGen: 185693K->0K(208896K)] [ParOldGen: 508453K->204106K(524288K)] 694147K->204106K(733184K), [Metaspace: 43675K->43675K(1087488K)], 0.0868101 secs] [Times: user=0.46 sys=0.06, real=0.09 secs] 
2016-09-24T02:08:11.022-0400: 75.364: [GC (GCLocker Initiated GC) [PSYoungGen: 159744K->35841K(212480K)] 369291K->245388K(736768K), 0.0067433 secs] [Times: user=0.07 sys=0.00, real=0.01 secs] 
2016-09-24T02:08:11.194-0400: 75.537: [GC (GCLocker Initiated GC) [PSYoungGen: 200705K->31429K(213504K)] 410257K->253357K(737792K), 0.0110824 secs] [Times: user=0.13 sys=0.01, real=0.02 secs] 
2016-09-24T02:08:11.359-0400: 75.702: [GC (GCLocker Initiated GC) [PSYoungGen: 196293K->31385K(211456K)] 421013K->257330K(735744K), 0.0060168 secs] [Times: user=0.04 sys=0.01, real=0.01 secs] 
2016-09-24T02:08:11.521-0400: 75.864: [GC (GCLocker Initiated GC) [PSYoungGen: 197273K->24987K(212480K)] 434065K->282124K(736768K), 0.0101771 secs] [Times: user=0.14 sys=0.00, real=0.01 secs] 
2016-09-24T02:08:11.689-0400: 76.031: [GC (GCLocker Initiated GC) [PSYoungGen: 190875K->28856K(212480K)] 448139K->287605K(736768K), 0.0231473 secs] [Times: user=0.25 sys=0.00, real=0.02 secs] 
2016-09-24T02:08:11.858-0400: 76.201: [GC (GCLocker Initiated GC) [PSYoungGen: 198840K->25931K(214016K)] 463204K->291704K(738304K), 0.0043446 secs] [Times: user=0.03 sys=0.00, real=0.01 secs] 
2016-09-24T02:08:12.041-0400: 76.384: [GC (GCLocker Initiated GC) [PSYoungGen: 195915K->11207K(216064K)] 475550K->303025K(740352K), 0.0064348 secs] [Times: user=0.07 sys=0.00, real=0.01 secs] 
2016-09-24T02:08:12.246-0400: 76.589: [GC (GCLocker Initiated GC) [PSYoungGen: 184263K->27685K(217600K)] 481640K->326404K(741888K), 0.0169731 secs] [Times: user=0.18 sys=0.00, real=0.02 secs] 
2016-09-24T02:08:12.422-0400: 76.765: [GC (GCLocker Initiated GC) [PSYoungGen: 200741K->20836K(216576K)] 506215K->330669K(740864K), 0.0176577 secs] [Times: user=0.20 sys=0.00, real=0.01 secs] 
2016-09-24T02:08:12.616-0400: 76.959: [GC (GCLocker Initiated GC) [PSYoungGen: 195428K->37266K(217088K)] 510755K->354273K(741376K), 0.0056105 secs] [Times: user=0.04 sys=0.00, real=0.00 secs] 
2016-09-24T02:08:12.793-0400: 77.136: [GC (GCLocker Initiated GC) [PSYoungGen: 211858K->38448K(211968K)] 528914K->357230K(736256K), 0.0065932 secs] [Times: user=0.05 sys=0.00, real=0.01 secs] 
2016-09-24T02:08:12.963-0400: 77.306: [GC (GCLocker Initiated GC) [PSYoungGen: 205360K->25195K(214528K)] 529571K->351060K(738816K), 0.0212578 secs] [Times: user=0.16 sys=0.00, real=0.02 secs] 
2016-09-24T02:08:13.156-0400: 77.499: [GC (GCLocker Initiated GC) [PSYoungGen: 192107K->25358K(210432K)] 526221K->361382K(734720K), 0.0045897 secs] [Times: user=0.04 sys=0.00, real=0.00 secs] 
2016-09-24T02:08:13.334-0400: 77.676: [GC (GCLocker Initiated GC) [PSYoungGen: 193806K->19773K(212992K)] 533888K->361975K(737280K), 0.0072555 secs] [Times: user=0.05 sys=0.00, real=0.01 secs] 
2016-09-24T02:08:13.502-0400: 77.845: [GC (GCLocker Initiated GC) [PSYoungGen: 188221K->24017K(215552K)] 545832K->383651K(739840K), 0.0047686 secs] [Times: user=0.04 sys=0.00, real=0.01 secs] 
2016-09-24T02:08:13.691-0400: 78.034: [GC (GCLocker Initiated GC) [PSYoungGen: 197073K->21600K(216576K)] 569084K->395500K(740864K), 0.0285999 secs] [Times: user=0.25 sys=0.00, real=0.03 secs] 
2016-09-24T02:08:13.905-0400: 78.248: [GC (GCLocker Initiated GC) [PSYoungGen: 194656K->33506K(217600K)] 571262K->412501K(741888K), 0.0062890 secs] [Times: user=0.05 sys=0.00, real=0.00 secs] 
2016-09-24T02:08:14.084-0400: 78.427: [GC (GCLocker Initiated GC) [PSYoungGen: 208610K->26895K(202240K)] 588552K->409037K(726528K), 0.0206198 secs] [Times: user=0.23 sys=0.00, real=0.02 secs] 
2016-09-24T02:08:14.279-0400: 78.622: [GC (GCLocker Initiated GC) [PSYoungGen: 201999K->25411K(219136K)] 589768K->415310K(743424K), 0.0055256 secs] [Times: user=0.04 sys=0.00, real=0.01 secs] 
2016-09-24T02:08:14.480-0400: 78.823: [GC (GCLocker Initiated GC) [PSYoungGen: 202563K->36266K(218112K)] 595312K->431125K(742400K), 0.0111291 secs] [Times: user=0.10 sys=0.00, real=0.01 secs] 
2016-09-24T02:08:14.683-0400: 79.026: [GC (GCLocker Initiated GC) [PSYoungGen: 213418K->18688K(219136K)] 618276K->441966K(743424K), 0.0182147 secs] [Times: user=0.18 sys=0.00, real=0.01 secs] 
2016-09-24T02:08:14.875-0400: 79.218: [GC (GCLocker Initiated GC) [PSYoungGen: 194816K->34578K(210944K)] 618123K->459925K(735232K), 0.0047288 secs] [Times: user=0.04 sys=0.00, real=0.00 secs] 
2016-09-24T02:08:15.067-0400: 79.410: [GC (GCLocker Initiated GC) [PSYoungGen: 210706K->34707K(216064K)] 636086K->464629K(740352K), 0.0049790 secs] [Times: user=0.04 sys=0.00, real=0.00 secs] 
2016-09-24T02:08:15.227-0400: 79.570: [GC (GCLocker Initiated GC) [PSYoungGen: 206739K->27512K(199680K)] 641776K->480801K(723968K), 0.0072711 secs] [Times: user=0.07 sys=0.00, real=0.01 secs] 
2016-09-24T02:08:15.385-0400: 79.728: [GC (GCLocker Initiated GC) [PSYoungGen: 199544K->40801K(212480K)] 655638K->498446K(736768K), 0.0139047 secs] [Times: user=0.14 sys=0.01, real=0.01 secs] 
2016-09-24T02:08:15.558-0400: 79.901: [GC (GCLocker Initiated GC) [PSYoungGen: 209761K->32741K(215552K)] 668985K->493193K(739840K), 0.0184362 secs] [Times: user=0.21 sys=0.00, real=0.02 secs] 
2016-09-24T02:08:15.730-0400: 80.073: [GC (GCLocker Initiated GC) [PSYoungGen: 201701K->38090K(212992K)] 662230K->499942K(737280K), 0.0128580 secs] [Times: user=0.13 sys=0.00, real=0.02 secs] 
2016-09-24T02:08:15.896-0400: 80.239: [GC (GCLocker Initiated GC) [PSYoungGen: 205002K->30055K(214528K)] 666921K->493326K(738816K), 0.0127153 secs] [Times: user=0.11 sys=0.00, real=0.01 secs] 
2016-09-24T02:08:16.063-0400: 80.406: [GC (GCLocker Initiated GC) [PSYoungGen: 196967K->22009K(214528K)] 667222K->493585K(738816K), 0.0193053 secs] [Times: user=0.18 sys=0.01, real=0.02 secs] 
2016-09-24T02:08:16.234-0400: 80.576: [GC (GCLocker Initiated GC) [PSYoungGen: 190457K->29910K(214528K)] 662066K->502950K(738816K), 0.0095381 secs] [Times: user=0.08 sys=0.01, real=0.02 secs] 
2016-09-24T02:08:16.398-0400: 80.741: [GC (GCLocker Initiated GC) [PSYoungGen: 198358K->21867K(214528K)] 674310K->512624K(738816K), 0.0130421 secs] [Times: user=0.11 sys=0.01, real=0.01 secs] 
2016-09-24T02:08:16.574-0400: 80.917: [GC (Allocation Failure) [PSYoungGen: 191851K->27272K(214528K)] 685534K->522220K(738816K), 0.0050274 secs] [Times: user=0.03 sys=0.00, real=0.00 secs] 
2016-09-24T02:08:16.580-0400: 80.923: [GC (GCLocker Initiated GC) --[PSYoungGen: 28087K->28087K(214528K)] 523035K->551497K(738816K), 0.0047287 secs] [Times: user=0.05 sys=0.00, real=0.01 secs] 
2016-09-24T02:08:16.585-0400: 80.928: [Full GC (Ergonomics) [PSYoungGen: 28087K->0K(214528K)] [ParOldGen: 523410K->142879K(524288K)] 551497K->142879K(738816K), [Metaspace: 43697K->43697K(1087488K)], 0.0621164 secs] [Times: user=0.54 sys=0.02, real=0.06 secs] 
2016-09-24T02:08:16.806-0400: 81.149: [GC (GCLocker Initiated GC) [PSYoungGen: 169984K->25019K(216576K)] 314217K->169252K(740864K), 0.0067958 secs] [Times: user=0.05 sys=0.00, real=0.00 secs] 
2016-09-24T02:08:16.972-0400: 81.315: [GC (GCLocker Initiated GC) [PSYoungGen: 198587K->42200K(216064K)] 343057K->189554K(740352K), 0.0189525 secs] [Times: user=0.26 sys=0.00, real=0.02 secs] 
2016-09-24T02:08:17.158-0400: 81.501: [GC (GCLocker Initiated GC) [PSYoungGen: 215768K->32942K(216576K)] 363132K->181430K(740864K), 0.0374820 secs] [Times: user=0.39 sys=0.01, real=0.04 secs] 
2016-09-24T02:08:17.358-0400: 81.700: [GC (GCLocker Initiated GC) [PSYoungGen: 203438K->21888K(216064K)] 358257K->178111K(740352K), 0.0055625 secs] [Times: user=0.03 sys=0.00, real=0.01 secs] 
2016-09-24T02:08:17.527-0400: 81.870: [GC (GCLocker Initiated GC) [PSYoungGen: 192384K->22016K(216064K)] 354015K->185005K(740352K), 0.0052404 secs] [Times: user=0.05 sys=0.00, real=0.00 secs] 
2016-09-24T02:08:17.698-0400: 82.040: [GC (GCLocker Initiated GC) [PSYoungGen: 193024K->28851K(200192K)] 364178K->201459K(724480K), 0.0094504 secs] [Times: user=0.06 sys=0.00, real=0.01 secs] 
2016-09-24T02:08:17.870-0400: 82.213: [GC (GCLocker Initiated GC) [PSYoungGen: 199859K->22045K(215552K)] 378042K->201775K(739840K), 0.0102531 secs] [Times: user=0.09 sys=0.00, real=0.01 secs] 
2016-09-24T02:08:18.066-0400: 82.409: [GC (Allocation Failure) [PSYoungGen: 194077K->19250K(215552K)] 376509K->203069K(739840K), 0.0179505 secs] [Times: user=0.19 sys=0.00, real=0.02 secs] 
2016-09-24T02:08:18.240-0400: 82.583: [GC (GCLocker Initiated GC) [PSYoungGen: 191282K->42373K(211456K)] 377801K->233053K(735744K), 0.0073321 secs] [Times: user=0.08 sys=0.00, real=0.01 secs] 
2016-09-24T02:08:18.412-0400: 82.755: [GC (Allocation Failure) [PSYoungGen: 210309K->24845K(215040K)] 405250K->221259K(739328K), 0.0201698 secs] [Times: user=0.20 sys=0.00, real=0.02 secs] 
2016-09-24T02:08:18.589-0400: 82.932: [GC (GCLocker Initiated GC) [PSYoungGen: 191846K->21954K(212992K)] 389610K->221173K(737280K), 0.0189815 secs] [Times: user=0.12 sys=0.01, real=0.02 secs] 
2016-09-24T02:08:18.761-0400: 83.104: [GC (GCLocker Initiated GC) [PSYoungGen: 190914K->43792K(212992K)] 395577K->252508K(737280K), 0.0086900 secs] [Times: user=0.09 sys=0.01, real=0.01 secs] 
2016-09-24T02:08:18.925-0400: 83.268: [GC (GCLocker Initiated GC) [PSYoungGen: 212752K->41052K(206848K)] 421522K->272806K(731136K), 0.0060703 secs] [Times: user=0.06 sys=0.00, real=0.00 secs] 
2016-09-24T02:08:19.075-0400: 83.417: [GC (GCLocker Initiated GC) [PSYoungGen: 198748K->25850K(209920K)] 430582K->269810K(734208K), 0.0108871 secs] [Times: user=0.14 sys=0.00, real=0.01 secs] 
2016-09-24T02:08:19.236-0400: 83.579: [GC (GCLocker Initiated GC) [PSYoungGen: 183546K->23500K(206336K)] 438432K->301272K(730624K), 0.0153344 secs] [Times: user=0.19 sys=0.01, real=0.01 secs] 
2016-09-24T02:08:19.400-0400: 83.743: [GC (GCLocker Initiated GC) [PSYoungGen: 182732K->25851K(208896K)] 463377K->307844K(733184K), 0.0111364 secs] [Times: user=0.11 sys=0.00, real=0.01 secs] 
2016-09-24T02:08:19.568-0400: 83.911: [GC (Allocation Failure) [PSYoungGen: 185083K->16262K(212480K)] 473829K->308996K(736768K), 0.0088485 secs] [Times: user=0.06 sys=0.01, real=0.01 secs] 
2016-09-24T02:08:19.724-0400: 84.067: [GC (GCLocker Initiated GC) [PSYoungGen: 180614K->33944K(212992K)] 473383K->327934K(737280K), 0.0179271 secs] [Times: user=0.20 sys=0.00, real=0.01 secs] 
2016-09-24T02:08:19.893-0400: 84.236: [GC (GCLocker Initiated GC) [PSYoungGen: 198296K->30153K(211456K)] 497860K->330781K(735744K), 0.0244855 secs] [Times: user=0.25 sys=0.00, real=0.03 secs] 
2016-09-24T02:08:20.070-0400: 84.413: [GC (GCLocker Initiated GC) [PSYoungGen: 195017K->23040K(212480K)] 501080K->330475K(736768K), 0.0096234 secs] [Times: user=0.09 sys=0.00, real=0.01 secs] 
2016-09-24T02:08:20.231-0400: 84.574: [GC (GCLocker Initiated GC) [PSYoungGen: 187904K->23067K(212480K)] 496920K->333235K(736768K), 0.0045702 secs] [Times: user=0.02 sys=0.01, real=0.01 secs] 
2016-09-24T02:08:20.388-0400: 84.731: [GC (GCLocker Initiated GC) [PSYoungGen: 191003K->44962K(212992K)] 501189K->369900K(737280K), 0.0192669 secs] [Times: user=0.29 sys=0.01, real=0.02 secs] 
2016-09-24T02:08:20.564-0400: 84.906: [GC (GCLocker Initiated GC) [PSYoungGen: 212898K->47678K(201728K)] 537880K->373877K(726016K), 0.0136530 secs] [Times: user=0.16 sys=0.00, real=0.01 secs] 
2016-09-24T02:08:20.732-0400: 85.075: [GC (GCLocker Initiated GC) [PSYoungGen: 200254K->21873K(207360K)] 531982K->373799K(731648K), 0.0110701 secs] [Times: user=0.11 sys=0.00, real=0.02 secs] 
2016-09-24T02:08:20.877-0400: 85.220: [GC (GCLocker Initiated GC) [PSYoungGen: 174449K->27121K(202752K)] 526507K->380458K(727040K), 0.0098559 secs] [Times: user=0.09 sys=0.00, real=0.01 secs] 
2016-09-24T02:08:21.018-0400: 85.361: [GC (Allocation Failure) [PSYoungGen: 180209K->24341K(205312K)] 540407K->385681K(729600K), 0.0156873 secs] [Times: user=0.15 sys=0.00, real=0.01 secs] 
2016-09-24T02:08:21.168-0400: 85.511: [GC (GCLocker Initiated GC) [PSYoungGen: 177429K->31165K(205824K)] 538770K->401717K(730112K), 0.0146560 secs] [Times: user=0.16 sys=0.00, real=0.02 secs] 
2016-09-24T02:08:21.318-0400: 85.661: [GC (GCLocker Initiated GC) [PSYoungGen: 189885K->40869K(208384K)] 571277K->423422K(732672K), 0.0107503 secs] [Times: user=0.12 sys=0.00, real=0.01 secs] 
2016-09-24T02:08:21.473-0400: 85.816: [GC (GCLocker Initiated GC) [PSYoungGen: 199589K->24543K(211456K)] 586266K->431343K(735744K), 0.0058340 secs] [Times: user=0.05 sys=0.00, real=0.01 secs] 
2016-09-24T02:08:21.629-0400: 85.972: [GC (GCLocker Initiated GC) [PSYoungGen: 184287K->15171K(210432K)] 603264K->435398K(734720K), 0.0041435 secs] [Times: user=0.03 sys=0.00, real=0.00 secs] 
2016-09-24T02:08:21.765-0400: 86.108: [GC (GCLocker Initiated GC) [PSYoungGen: 174915K->46122K(202752K)] 599660K->472290K(727040K), 0.0063915 secs] [Times: user=0.08 sys=0.00, real=0.00 secs] 
2016-09-24T02:08:21.903-0400: 86.246: [GC (GCLocker Initiated GC) [PSYoungGen: 197674K->13523K(165376K)] 631946K->465106K(689664K), 0.0103390 secs] [Times: user=0.07 sys=0.00, real=0.00 secs] 
2016-09-24T02:08:22.038-0400: 86.381: [GC (GCLocker Initiated GC) [PSYoungGen: 165075K->37949K(204288K)] 616668K->490659K(728576K), 0.0138433 secs] [Times: user=0.15 sys=0.00, real=0.01 secs] 
2016-09-24T02:08:22.189-0400: 86.532: [GC (GCLocker Initiated GC) [PSYoungGen: 186429K->30162K(178688K)] 639143K->497411K(702976K), 0.0109344 secs] [Times: user=0.10 sys=0.00, real=0.01 secs] 
2016-09-24T02:08:22.333-0400: 86.676: [GC (GCLocker Initiated GC) [PSYoungGen: 178642K->16411K(204288K)] 658208K->497266K(728576K), 0.0044594 secs] [Times: user=0.04 sys=0.00, real=0.01 secs] 
2016-09-24T02:08:22.484-0400: 86.826: [GC (GCLocker Initiated GC) [PSYoungGen: 166427K->46405K(203776K)] 652714K->534030K(728064K), 0.0077568 secs] [Times: user=0.10 sys=0.00, real=0.00 secs] 
2016-09-24T02:08:22.649-0400: 86.992: [GC (GCLocker Initiated GC) [PSYoungGen: 196421K->19158K(204800K)] 693530K->531078K(729088K), 0.0052603 secs] [Times: user=0.05 sys=0.00, real=0.01 secs] 
2016-09-24T02:08:22.655-0400: 86.998: [Full GC (Ergonomics) [PSYoungGen: 19158K->0K(204800K)] [ParOldGen: 511919K->129754K(524288K)] 531078K->129754K(729088K), [Metaspace: 43709K->43709K(1087488K)], 0.0624957 secs] [Times: user=0.49 sys=0.03, real=0.06 secs] 
2016-09-24T02:08:22.863-0400: 87.206: [GC (GCLocker Initiated GC) [PSYoungGen: 146432K->30196K(176640K)] 276257K->160021K(700928K), 0.0052062 secs] [Times: user=0.03 sys=0.00, real=0.00 secs] 
2016-09-24T02:08:23.002-0400: 87.345: [GC (GCLocker Initiated GC) [PSYoungGen: 176628K->26005K(203264K)] 308421K->159419K(727552K), 0.0222999 secs] [Times: user=0.22 sys=0.01, real=0.03 secs] 
2016-09-24T02:08:23.166-0400: 87.509: [GC (GCLocker Initiated GC) [PSYoungGen: 174485K->27374K(201216K)] 310675K->164973K(725504K), 0.0122780 secs] [Times: user=0.14 sys=0.00, real=0.01 secs] 
2016-09-24T02:08:23.327-0400: 87.670: [GC (GCLocker Initiated GC) [PSYoungGen: 175854K->24645K(206848K)] 313481K->166440K(731136K), 0.0113355 secs] [Times: user=0.10 sys=0.00, real=0.01 secs] 
2016-09-24T02:08:23.482-0400: 87.825: [GC (GCLocker Initiated GC) [PSYoungGen: 180805K->32966K(205312K)] 330731K->184243K(729600K), 0.0061941 secs] [Times: user=0.05 sys=0.00, real=0.01 secs] 
2016-09-24T02:08:23.646-0400: 87.988: [GC (GCLocker Initiated GC) [PSYoungGen: 189126K->27478K(211456K)] 340407K->180331K(735744K), 0.0126472 secs] [Times: user=0.16 sys=0.00, real=0.01 secs] 
2016-09-24T02:08:23.820-0400: 88.162: [GC (GCLocker Initiated GC) [PSYoungGen: 191318K->29262K(210944K)] 349575K->188931K(735232K), 0.0102049 secs] [Times: user=0.09 sys=0.00, real=0.01 secs] 
2016-09-24T02:08:23.983-0400: 88.326: [GC (GCLocker Initiated GC) [PSYoungGen: 193102K->30453K(214016K)] 355504K->194581K(738304K), 0.0043769 secs] [Times: user=0.03 sys=0.00, real=0.00 secs] 
2016-09-24T02:08:24.174-0400: 88.517: [GC (GCLocker Initiated GC) [PSYoungGen: 198901K->25644K(212992K)] 370933K->199499K(737280K), 0.0375721 secs] [Times: user=0.42 sys=0.01, real=0.03 secs] 
2016-09-24T02:08:24.393-0400: 88.736: [GC (GCLocker Initiated GC) [PSYoungGen: 194092K->17297K(215040K)] 380312K->205684K(739328K), 0.0069130 secs] [Times: user=0.04 sys=0.00, real=0.01 secs] 
2016-09-24T02:08:24.571-0400: 88.913: [GC (GCLocker Initiated GC) [PSYoungGen: 188817K->27860K(215552K)] 379881K->221043K(739840K), 0.0122424 secs] [Times: user=0.10 sys=0.00, real=0.02 secs] 
2016-09-24T02:08:24.761-0400: 89.104: [GC (GCLocker Initiated GC) [PSYoungGen: 199380K->33189K(216576K)] 392576K->236368K(740864K), 0.0239905 secs] [Times: user=0.27 sys=0.00, real=0.03 secs] 
2016-09-24T02:08:24.955-0400: 89.298: [GC (GCLocker Initiated GC) [PSYoungGen: 207269K->33091K(217088K)] 410466K->238075K(741376K), 0.0122389 secs] [Times: user=0.08 sys=0.01, real=0.01 secs] 
2016-09-24T02:08:25.140-0400: 89.482: [GC (GCLocker Initiated GC) [PSYoungGen: 207171K->13011K(216576K)] 419620K->243413K(740864K), 0.0286455 secs] [Times: user=0.25 sys=0.00, real=0.03 secs] 
2016-09-24T02:08:25.349-0400: 89.691: [GC (GCLocker Initiated GC) [PSYoungGen: 186067K->33254K(206336K)] 419202K->268320K(730624K), 0.0049132 secs] [Times: user=0.05 sys=0.00, real=0.00 secs] 
2016-09-24T02:08:25.526-0400: 89.869: [GC (GCLocker Initiated GC) [PSYoungGen: 206310K->18186K(217088K)] 444120K->257720K(741376K), 0.0045535 secs] [Times: user=0.03 sys=0.00, real=0.00 secs] 
2016-09-24T02:08:25.694-0400: 90.037: [GC (GCLocker Initiated GC) [PSYoungGen: 190218K->31786K(217088K)] 435267K->289349K(741376K), 0.0051100 secs] [Times: user=0.04 sys=0.01, real=0.01 secs] 
2016-09-24T02:08:25.878-0400: 90.221: [GC (GCLocker Initiated GC) [PSYoungGen: 203818K->30537K(216064K)] 464114K->308668K(740352K), 0.0070491 secs] [Times: user=0.07 sys=0.00, real=0.01 secs] 
2016-09-24T02:08:26.050-0400: 90.393: [GC (GCLocker Initiated GC) [PSYoungGen: 202569K->41145K(213504K)] 480733K->326576K(737792K), 0.0057757 secs] [Times: user=0.05 sys=0.00, real=0.01 secs] 
2016-09-24T02:08:26.233-0400: 90.576: [GC (GCLocker Initiated GC) [PSYoungGen: 213177K->23696K(215040K)] 504235K->332605K(739328K), 0.0280705 secs] [Times: user=0.25 sys=0.00, real=0.03 secs] 
2016-09-24T02:08:26.436-0400: 90.779: [GC (GCLocker Initiated GC) [PSYoungGen: 190608K->41344K(208384K)] 499546K->352090K(732672K), 0.0282017 secs] [Times: user=0.24 sys=0.00, real=0.03 secs] 
2016-09-24T02:08:26.633-0400: 90.976: [GC (GCLocker Initiated GC) [PSYoungGen: 208256K->25625K(213504K)] 524492K->368035K(737792K), 0.0103595 secs] [Times: user=0.11 sys=0.00, real=0.02 secs] 
2016-09-24T02:08:26.820-0400: 91.163: [GC (GCLocker Initiated GC) [PSYoungGen: 188953K->30643K(194048K)] 534100K->377800K(718336K), 0.0055547 secs] [Times: user=0.04 sys=0.00, real=0.01 secs] 
2016-09-24T02:08:26.977-0400: 91.320: [GC (GCLocker Initiated GC) [PSYoungGen: 193971K->23392K(210944K)] 543859K->375261K(735232K), 0.0058431 secs] [Times: user=0.04 sys=0.00, real=0.01 secs] 
2016-09-24T02:08:27.159-0400: 91.502: [GC (Allocation Failure) [PSYoungGen: 187232K->27749K(210432K)] 543299K->385376K(734720K), 0.0054042 secs] [Times: user=0.03 sys=0.01, real=0.01 secs] 
2016-09-24T02:08:27.334-0400: 91.676: [GC (GCLocker Initiated GC) [PSYoungGen: 191589K->18440K(213504K)] 549220K->391423K(737792K), 0.0110271 secs] [Times: user=0.09 sys=0.00, real=0.02 secs] 
2016-09-24T02:08:27.507-0400: 91.850: [GC (GCLocker Initiated GC) [PSYoungGen: 186888K->32045K(213504K)] 563928K->411029K(737792K), 0.0085030 secs] [Times: user=0.08 sys=0.00, real=0.01 secs] 
2016-09-24T02:08:27.689-0400: 92.032: [GC (GCLocker Initiated GC) [PSYoungGen: 200493K->19847K(216064K)] 593039K->414330K(740352K), 0.0054085 secs] [Times: user=0.04 sys=0.00, real=0.01 secs] 
2016-09-24T02:08:27.882-0400: 92.225: [GC (GCLocker Initiated GC) [PSYoungGen: 191879K->27806K(216576K)] 586372K->424300K(740864K), 0.0072004 secs] [Times: user=0.06 sys=0.00, real=0.01 secs] 
2016-09-24T02:08:28.050-0400: 92.393: [GC (GCLocker Initiated GC) [PSYoungGen: 199838K->41406K(210944K)] 596406K->442438K(735232K), 0.0095213 secs] [Times: user=0.09 sys=0.01, real=0.01 secs] 
2016-09-24T02:08:28.228-0400: 92.571: [GC (GCLocker Initiated GC) [PSYoungGen: 209342K->17085K(215040K)] 618629K->444412K(739328K), 0.0090255 secs] [Times: user=0.06 sys=0.00, real=0.01 secs] 
2016-09-24T02:08:28.407-0400: 92.750: [GC (Allocation Failure) [PSYoungGen: 185021K->33357K(215040K)] 617777K->468044K(739328K), 0.0120704 secs] [Times: user=0.12 sys=0.00, real=0.01 secs] 
2016-09-24T02:08:28.577-0400: 92.919: [GC (GCLocker Initiated GC) [PSYoungGen: 201293K->31922K(200192K)] 635980K->474028K(724480K), 0.0142621 secs] [Times: user=0.14 sys=0.01, real=0.01 secs] 
2016-09-24T02:08:28.762-0400: 93.105: [GC (GCLocker Initiated GC) [PSYoungGen: 199858K->39777K(210432K)] 641968K->483781K(734720K), 0.0055320 secs] [Times: user=0.05 sys=0.01, real=0.01 secs] 
2016-09-24T02:08:28.929-0400: 93.272: [GC (GCLocker Initiated GC) [PSYoungGen: 203617K->22706K(212992K)] 659914K->480660K(737280K), 0.0069369 secs] [Times: user=0.06 sys=0.01, real=0.01 secs] 
2016-09-24T02:08:29.096-0400: 93.439: [GC (GCLocker Initiated GC) [PSYoungGen: 186546K->41124K(208384K)] 647228K->503609K(732672K), 0.0275085 secs] [Times: user=0.25 sys=0.00, real=0.03 secs] 
2016-09-24T02:08:29.277-0400: 93.620: [GC (GCLocker Initiated GC) [PSYoungGen: 200868K->31786K(210944K)] 663357K->509501K(735232K), 0.0079983 secs] [Times: user=0.07 sys=0.01, real=0.01 secs] 
2016-09-24T02:08:29.431-0400: 93.774: [GC (GCLocker Initiated GC) [PSYoungGen: 191530K->46735K(204288K)] 672033K->528924K(728576K), 0.0180695 secs] [Times: user=0.19 sys=0.00, real=0.02 secs] 
2016-09-24T02:08:29.591-0400: 93.933: [GC (GCLocker Initiated GC) [PSYoungGen: 201359K->24619K(208384K)] 689118K->514083K(732672K), 0.0134940 secs] [Times: user=0.15 sys=0.01, real=0.02 secs] 
2016-09-24T02:08:29.754-0400: 94.097: [GC (GCLocker Initiated GC) [PSYoungGen: 179243K->23252K(206336K)] 668905K->514407K(730624K), 0.0179366 secs] [Times: user=0.16 sys=0.00, real=0.01 secs] 
2016-09-24T02:08:29.917-0400: 94.260: [GC (GCLocker Initiated GC) [PSYoungGen: 178900K->50746K(206848K)] 670093K->545987K(731136K), 0.0157458 secs] [Times: user=0.20 sys=0.00, real=0.01 secs] 
2016-09-24T02:08:30.087-0400: 94.430: [GC (GCLocker Initiated GC) --[PSYoungGen: 206394K->206394K(206848K)] 701664K->730378K(731136K), 0.0159473 secs] [Times: user=0.14 sys=0.00, real=0.02 secs] 
2016-09-24T02:08:30.103-0400: 94.446: [Full GC (Ergonomics) [PSYoungGen: 206394K->0K(206848K)] [ParOldGen: 523984K->161982K(524288K)] 730378K->161982K(731136K), [Metaspace: 43715K->43715K(1087488K)], 0.0584487 secs] [Times: user=0.37 sys=0.01, real=0.05 secs] 
2016-09-24T02:08:30.316-0400: 94.658: [GC (GCLocker Initiated GC) [PSYoungGen: 155648K->34761K(205824K)] 323063K->202176K(730112K), 0.0100251 secs] [Times: user=0.07 sys=0.00, real=0.01 secs] 
2016-09-24T02:08:30.469-0400: 94.812: [GC (GCLocker Initiated GC) [PSYoungGen: 185289K->23379K(206336K)] 355589K->206496K(730624K), 0.0225336 secs] [Times: user=0.19 sys=0.00, real=0.02 secs] 
2016-09-24T02:08:30.627-0400: 94.970: [GC (GCLocker Initiated GC) [PSYoungGen: 173907K->20680K(205312K)] 358463K->206775K(729600K), 0.0067585 secs] [Times: user=0.06 sys=0.01, real=0.00 secs] 
2016-09-24T02:08:30.771-0400: 95.114: [GC (GCLocker Initiated GC) [PSYoungGen: 171720K->32861K(205824K)] 363284K->225958K(730112K), 0.0168298 secs] [Times: user=0.15 sys=0.00, real=0.02 secs] 
2016-09-24T02:08:30.929-0400: 95.271: [GC (GCLocker Initiated GC) [PSYoungGen: 183901K->49061K(199680K)] 377239K->243882K(723968K), 0.0132507 secs] [Times: user=0.12 sys=0.00, real=0.01 secs] 
2016-09-24T02:08:31.090-0400: 95.433: [GC (GCLocker Initiated GC) [PSYoungGen: 195493K->25855K(204288K)] 390365K->222258K(728576K), 0.0225207 secs] [Times: user=0.23 sys=0.01, real=0.02 secs] 
2016-09-24T02:08:31.267-0400: 95.610: [GC (GCLocker Initiated GC) [PSYoungGen: 172287K->16630K(202752K)] 377551K->223249K(727040K), 0.0298281 secs] [Times: user=0.32 sys=0.00, real=0.03 secs] 
2016-09-24T02:08:31.472-0400: 95.815: [GC (GCLocker Initiated GC) [PSYoungGen: 164598K->12736K(204288K)] 387921K->237463K(728576K), 0.0172639 secs] [Times: user=0.15 sys=0.00, real=0.02 secs] 
2016-09-24T02:08:31.639-0400: 95.982: [GC (Allocation Failure) [PSYoungGen: 160704K->23948K(202240K)] 394884K->259785K(726528K), 0.0211412 secs] [Times: user=0.21 sys=0.01, real=0.02 secs] 
2016-09-24T02:08:31.661-0400: 96.004: [GC (GCLocker Initiated GC) [PSYoungGen: 27295K->2924K(203776K)] 263131K->270385K(728064K), 0.0045094 secs] [Times: user=0.04 sys=0.00, real=0.01 secs] 
2016-09-24T02:08:31.804-0400: 96.147: [GC (GCLocker Initiated GC) [PSYoungGen: 149474K->37357K(203264K)] 419635K->307534K(727552K), 0.0243656 secs] [Times: user=0.30 sys=0.00, real=0.02 secs] 
2016-09-24T02:08:31.977-0400: 96.320: [GC (GCLocker Initiated GC) [PSYoungGen: 183789K->24978K(171520K)] 459413K->302467K(695808K), 0.0205132 secs] [Times: user=0.26 sys=0.00, real=0.02 secs] 
2016-09-24T02:08:32.149-0400: 96.491: [GC (GCLocker Initiated GC) [PSYoungGen: 171410K->24704K(205312K)] 457357K->312143K(729600K), 0.0151714 secs] [Times: user=0.21 sys=0.00, real=0.02 secs] 
2016-09-24T02:08:32.308-0400: 96.651: [GC (GCLocker Initiated GC) [PSYoungGen: 174720K->44999K(202752K)] 467651K->339380K(727040K), 0.0125755 secs] [Times: user=0.13 sys=0.00, real=0.01 secs] 
2016-09-24T02:08:32.462-0400: 96.805: [GC (GCLocker Initiated GC) [PSYoungGen: 195015K->38373K(203264K)] 489483K->347861K(727552K), 0.0096429 secs] [Times: user=0.09 sys=0.00, real=0.01 secs] 
2016-09-24T02:08:32.617-0400: 96.960: [GC (GCLocker Initiated GC) [PSYoungGen: 184805K->28830K(175616K)] 494389K->353509K(699904K), 0.0136687 secs] [Times: user=0.15 sys=0.00, real=0.01 secs] 
2016-09-24T02:08:32.778-0400: 97.121: [GC (GCLocker Initiated GC) [PSYoungGen: 175262K->20652K(204288K)] 502655K->352303K(728576K), 0.0284643 secs] [Times: user=0.32 sys=0.00, real=0.03 secs] 
2016-09-24T02:08:32.956-0400: 97.299: [GC (GCLocker Initiated GC) [PSYoungGen: 169644K->34131K(202752K)] 501364K->367420K(727040K), 0.0274668 secs] [Times: user=0.27 sys=0.00, real=0.03 secs] 
2016-09-24T02:08:33.126-0400: 97.468: [GC (GCLocker Initiated GC) [PSYoungGen: 183123K->22133K(206848K)] 523289K->363662K(731136K), 0.0045996 secs] [Times: user=0.04 sys=0.00, real=0.00 secs] 
2016-09-24T02:08:33.274-0400: 97.616: [GC (GCLocker Initiated GC) [PSYoungGen: 176757K->19495K(206848K)] 521007K->376164K(731136K), 0.0097047 secs] [Times: user=0.10 sys=0.00, real=0.02 secs] 
2016-09-24T02:08:33.432-0400: 97.775: [GC (GCLocker Initiated GC) [PSYoungGen: 174119K->33291K(208896K)] 533655K->413480K(733184K), 0.0064434 secs] [Times: user=0.08 sys=0.00, real=0.01 secs] 
2016-09-24T02:08:33.607-0400: 97.950: [GC (GCLocker Initiated GC) [PSYoungGen: 190987K->33342K(208896K)] 579326K->423362K(733184K), 0.0092083 secs] [Times: user=0.08 sys=0.00, real=0.01 secs] 
2016-09-24T02:08:33.767-0400: 98.110: [GC (GCLocker Initiated GC) [PSYoungGen: 191038K->27590K(207360K)] 583760K->438500K(731648K), 0.0056158 secs] [Times: user=0.06 sys=0.00, real=0.00 secs] 
2016-09-24T02:08:33.922-0400: 98.265: [GC (GCLocker Initiated GC) [PSYoungGen: 187846K->14190K(208896K)] 613785K->441709K(733184K), 0.0055197 secs] [Times: user=0.06 sys=0.00, real=0.01 secs] 
2016-09-24T02:08:34.070-0400: 98.413: [GC (GCLocker Initiated GC) [PSYoungGen: 174446K->32821K(212992K)] 610213K->470099K(737280K), 0.0091888 secs] [Times: user=0.05 sys=0.01, real=0.01 secs] 
2016-09-24T02:08:34.231-0400: 98.574: [GC (GCLocker Initiated GC) [PSYoungGen: 196661K->35774K(199680K)] 636854K->477293K(723968K), 0.0053233 secs] [Times: user=0.05 sys=0.01, real=0.01 secs] 
2016-09-24T02:08:34.411-0400: 98.754: [GC (Allocation Failure) [PSYoungGen: 199614K->48089K(201728K)] 643862K->493865K(726016K), 0.0066982 secs] [Times: user=0.08 sys=0.00, real=0.01 secs] 
2016-09-24T02:08:34.556-0400: 98.899: [GC (GCLocker Initiated GC) [PSYoungGen: 197340K->27231K(206848K)] 645816K->501599K(731136K), 0.0091515 secs] [Times: user=0.08 sys=0.00, real=0.01 secs] 
2016-09-24T02:08:34.717-0400: 99.060: [GC (GCLocker Initiated GC) [PSYoungGen: 178783K->25668K(201728K)] 655857K->504108K(726016K), 0.0102260 secs] [Times: user=0.11 sys=0.01, real=0.01 secs] 
2016-09-24T02:08:34.877-0400: 99.219: [GC (GCLocker Initiated GC) [PSYoungGen: 179268K->20372K(205312K)] 663112K->505271K(729600K), 0.0272417 secs] [Times: user=0.21 sys=0.00, real=0.03 secs] 
2016-09-24T02:08:35.046-0400: 99.389: [GC (GCLocker Initiated GC) [PSYoungGen: 173972K->32583K(207872K)] 664472K->524325K(732160K), 0.0050929 secs] [Times: user=0.05 sys=0.01, real=0.00 secs] 
2016-09-24T02:08:35.184-0400: 99.527: [GC (GCLocker Initiated GC) [PSYoungGen: 191815K->29753K(209408K)] 683582K->533436K(733696K), 0.0252735 secs] [Times: user=0.31 sys=0.00, real=0.02 secs] 
2016-09-24T02:08:35.210-0400: 99.553: [Full GC (Ergonomics) [PSYoungGen: 29753K->0K(209408K)] [ParOldGen: 503682K->156862K(524288K)] 533436K->156862K(733696K), [Metaspace: 43722K->43722K(1087488K)], 0.0609800 secs] [Times: user=0.43 sys=0.02, real=0.06 secs] 
2016-09-24T02:08:35.414-0400: 99.757: [GC (GCLocker Initiated GC) [PSYoungGen: 159232K->41178K(208384K)] 321687K->203634K(732672K), 0.0073058 secs] [Times: user=0.11 sys=0.00, real=0.01 secs] 
2016-09-24T02:08:35.567-0400: 99.909: [GC (GCLocker Initiated GC) [PSYoungGen: 200922K->27063K(210944K)] 367316K->194809K(735232K), 0.0095274 secs] [Times: user=0.11 sys=0.00, real=0.01 secs] 
2016-09-24T02:08:35.724-0400: 100.067: [GC (GCLocker Initiated GC) [PSYoungGen: 186807K->30025K(205824K)] 357261K->201551K(730112K), 0.0136231 secs] [Times: user=0.15 sys=0.00, real=0.01 secs] 
2016-09-24T02:08:35.874-0400: 100.217: [GC (GCLocker Initiated GC) [PSYoungGen: 191305K->38092K(208896K)] 362870K->210915K(733184K), 0.0113910 secs] [Times: user=0.11 sys=0.00, real=0.01 secs] 
2016-09-24T02:08:36.021-0400: 100.364: [GC (GCLocker Initiated GC) [PSYoungGen: 199372K->25803K(214016K)] 378554K->206109K(738304K), 0.0055076 secs] [Times: user=0.05 sys=0.00, real=0.01 secs] 
2016-09-24T02:08:36.181-0400: 100.524: [GC (GCLocker Initiated GC) [PSYoungGen: 191179K->13771K(179200K)] 383641K->207375K(703488K), 0.0113402 secs] [Times: user=0.10 sys=0.00, real=0.01 secs] 
2016-09-24T02:08:36.339-0400: 100.682: [GC (GCLocker Initiated GC) [PSYoungGen: 179147K->27209K(215040K)] 372858K->222308K(739328K), 0.0105674 secs] [Times: user=0.10 sys=0.00, real=0.01 secs] 
2016-09-24T02:08:36.496-0400: 100.839: [GC (GCLocker Initiated GC) [PSYoungGen: 193097K->39495K(205824K)] 388282K->238682K(730112K), 0.0049545 secs] [Times: user=0.04 sys=0.00, real=0.00 secs] 
2016-09-24T02:08:36.652-0400: 100.995: [GC (GCLocker Initiated GC) [PSYoungGen: 205383K->15280K(211456K)] 411386K->241498K(735744K), 0.0210969 secs] [Times: user=0.22 sys=0.01, real=0.02 secs] 
2016-09-24T02:08:36.822-0400: 101.164: [GC (GCLocker Initiated GC) [PSYoungGen: 177072K->35739K(197632K)] 403438K->263565K(721920K), 0.0048889 secs] [Times: user=0.04 sys=0.00, real=0.01 secs] 
2016-09-24T02:08:36.979-0400: 101.322: [GC (GCLocker Initiated GC) [PSYoungGen: 197531K->21841K(212480K)] 428160K->259340K(736768K), 0.0052109 secs] [Times: user=0.04 sys=0.01, real=0.01 secs] 
2016-09-24T02:08:37.133-0400: 101.476: [GC (GCLocker Initiated GC) [PSYoungGen: 183633K->17967K(180224K)] 424235K->270737K(704512K), 0.0048167 secs] [Times: user=0.04 sys=0.00, real=0.01 secs] 
2016-09-24T02:08:37.293-0400: 101.635: [GC (GCLocker Initiated GC) [PSYoungGen: 179759K->23328K(212480K)] 432736K->283192K(736768K), 0.0131232 secs] [Times: user=0.11 sys=0.00, real=0.02 secs] 
2016-09-24T02:08:37.458-0400: 101.801: [GC (GCLocker Initiated GC) [PSYoungGen: 186656K->30271K(210944K)] 451922K->296978K(735232K), 0.0048835 secs] [Times: user=0.03 sys=0.01, real=0.01 secs] 
2016-09-24T02:08:37.619-0400: 101.962: [GC (GCLocker Initiated GC) [PSYoungGen: 193599K->24665K(212992K)] 468495K->301066K(737280K), 0.0051157 secs] [Times: user=0.04 sys=0.00, real=0.01 secs] 
2016-09-24T02:08:37.779-0400: 102.122: [GC (GCLocker Initiated GC) [PSYoungGen: 191577K->27327K(212480K)] 467980K->305085K(736768K), 0.0160702 secs] [Times: user=0.14 sys=0.01, real=0.02 secs] 
2016-09-24T02:08:37.944-0400: 102.287: [GC (GCLocker Initiated GC) [PSYoungGen: 194239K->42383K(209920K)] 474726K->326934K(734208K), 0.0076149 secs] [Times: user=0.07 sys=0.01, real=0.00 secs] 
2016-09-24T02:08:38.104-0400: 102.447: [GC (GCLocker Initiated GC) [PSYoungGen: 208783K->13943K(180736K)] 501601K->324524K(705024K), 0.0062416 secs] [Times: user=0.07 sys=0.00, real=0.00 secs] 
2016-09-24T02:08:38.279-0400: 102.621: [GC (GCLocker Initiated GC) [PSYoungGen: 180343K->15830K(214016K)] 505776K->342641K(738304K), 0.0326447 secs] [Times: user=0.38 sys=0.00, real=0.03 secs] 
2016-09-24T02:08:38.488-0400: 102.831: [GC (GCLocker Initiated GC) [PSYoungGen: 181206K->19452K(184832K)] 513538K->353469K(709120K), 0.0157743 secs] [Times: user=0.09 sys=0.01, real=0.02 secs] 
2016-09-24T02:08:38.677-0400: 103.019: [GC (GCLocker Initiated GC) [PSYoungGen: 184828K->23523K(214528K)] 521529K->364563K(738816K), 0.0271333 secs] [Times: user=0.22 sys=0.00, real=0.03 secs] 
2016-09-24T02:08:38.847-0400: 103.190: [GC (GCLocker Initiated GC) [PSYoungGen: 190947K->40936K(212480K)] 532019K->383708K(736768K), 0.0245548 secs] [Times: user=0.26 sys=0.00, real=0.02 secs] 
2016-09-24T02:08:39.037-0400: 103.380: [GC (GCLocker Initiated GC) [PSYoungGen: 208360K->30433K(214016K)] 551253K->390993K(738304K), 0.0133429 secs] [Times: user=0.15 sys=0.00, real=0.01 secs] 
2016-09-24T02:08:39.215-0400: 103.557: [GC (GCLocker Initiated GC) [PSYoungGen: 195297K->14195K(212992K)] 570862K->391396K(737280K), 0.0071471 secs] [Times: user=0.08 sys=0.00, real=0.00 secs] 
2016-09-24T02:08:39.371-0400: 103.714: [GC (Allocation Failure) [PSYoungGen: 179059K->30204K(213504K)] 558968K->411630K(737792K), 0.0112757 secs] [Times: user=0.14 sys=0.00, real=0.02 secs] 
2016-09-24T02:08:39.383-0400: 103.726: [GC (GCLocker Initiated GC) [PSYoungGen: 34443K->2988K(168448K)] 415869K->417030K(692736K), 0.0057637 secs] [Times: user=0.06 sys=0.00, real=0.00 secs] 
2016-09-24T02:08:39.546-0400: 103.889: [GC (GCLocker Initiated GC) [PSYoungGen: 168364K->33156K(210432K)] 582410K->447218K(734720K), 0.0101388 secs] [Times: user=0.12 sys=0.00, real=0.01 secs] 
2016-09-24T02:08:39.700-0400: 104.043: [GC (GCLocker Initiated GC) [PSYoungGen: 193924K->30197K(211456K)] 607991K->445954K(735744K), 0.0246040 secs] [Times: user=0.25 sys=0.01, real=0.03 secs] 
2016-09-24T02:08:39.875-0400: 104.217: [GC (GCLocker Initiated GC) [PSYoungGen: 190965K->31158K(209920K)] 617595K->459155K(734208K), 0.0175564 secs] [Times: user=0.17 sys=0.01, real=0.01 secs] 
2016-09-24T02:08:40.059-0400: 104.402: [GC (GCLocker Initiated GC) [PSYoungGen: 192438K->46461K(207872K)] 623236K->478437K(732160K), 0.0060223 secs] [Times: user=0.06 sys=0.00, real=0.01 secs] 
2016-09-24T02:08:40.202-0400: 104.545: [GC (GCLocker Initiated GC) [PSYoungGen: 207741K->27447K(209920K)] 646691K->484100K(734208K), 0.0098246 secs] [Times: user=0.11 sys=0.00, real=0.00 secs] 
2016-09-24T02:08:40.346-0400: 104.689: [GC (GCLocker Initiated GC) [PSYoungGen: 183095K->24396K(180224K)] 649284K->491893K(704512K), 0.0202173 secs] [Times: user=0.22 sys=0.00, real=0.02 secs] 
2016-09-24T02:08:40.504-0400: 104.847: [GC (GCLocker Initiated GC) [PSYoungGen: 180044K->27172K(208896K)] 650427K->498707K(733184K), 0.0217016 secs] [Times: user=0.25 sys=0.00, real=0.02 secs] 
2016-09-24T02:08:40.672-0400: 105.015: [GC (GCLocker Initiated GC) [PSYoungGen: 185380K->29817K(206336K)] 665045K->510655K(730624K), 0.0098553 secs] [Times: user=0.07 sys=0.00, real=0.01 secs] 
2016-09-24T02:08:40.820-0400: 105.162: [GC (GCLocker Initiated GC) [PSYoungGen: 188025K->22987K(211456K)] 674347K->534798K(735744K), 0.0060332 secs] [Times: user=0.07 sys=0.00, real=0.01 secs] 
2016-09-24T02:08:40.826-0400: 105.169: [Full GC (Ergonomics) [PSYoungGen: 22987K->0K(211456K)] [ParOldGen: 511811K->107711K(524288K)] 534798K->107711K(735744K), [Metaspace: 43736K->43736K(1087488K)], 0.0582060 secs] [Times: user=0.45 sys=0.02, real=0.06 secs] 
2016-09-24T02:08:41.017-0400: 105.360: [GC (GCLocker Initiated GC) [PSYoungGen: 164352K->33864K(210432K)] 272215K->141727K(734720K), 0.0054629 secs] [Times: user=0.03 sys=0.00, real=0.01 secs] 
2016-09-24T02:08:41.169-0400: 105.512: [GC (GCLocker Initiated GC) [PSYoungGen: 198216K->27231K(213504K)] 312026K->153051K(737792K), 0.0115998 secs] [Times: user=0.15 sys=0.00, real=0.01 secs] 
2016-09-24T02:08:41.327-0400: 105.670: [GC (GCLocker Initiated GC) [PSYoungGen: 196703K->25889K(214528K)] 328031K->171842K(738816K), 0.0327741 secs] [Times: user=0.30 sys=0.00, real=0.03 secs] 
2016-09-24T02:08:41.501-0400: 105.844: [GC (GCLocker Initiated GC) [PSYoungGen: 195361K->19115K(216576K)] 352341K->188158K(740864K), 0.0082456 secs] [Times: user=0.08 sys=0.00, real=0.01 secs] 
2016-09-24T02:08:41.657-0400: 106.000: [GC (GCLocker Initiated GC) [PSYoungGen: 192171K->42217K(215552K)] 361370K->223415K(739840K), 0.0114675 secs] [Times: user=0.14 sys=0.00, real=0.01 secs] 
2016-09-24T02:08:41.817-0400: 106.160: [GC (GCLocker Initiated GC) [PSYoungGen: 215273K->24750K(216064K)] 401925K->215390K(740352K), 0.0064232 secs] [Times: user=0.06 sys=0.00, real=0.01 secs] 
2016-09-24T02:08:41.966-0400: 106.309: [GC (GCLocker Initiated GC) [PSYoungGen: 194222K->28311K(198144K)] 393103K->228466K(722432K), 0.0371318 secs] [Times: user=0.42 sys=0.00, real=0.04 secs] 
2016-09-24T02:08:42.156-0400: 106.499: [GC (GCLocker Initiated GC) [PSYoungGen: 197783K->34116K(213504K)] 400648K->238101K(737792K), 0.0088963 secs] [Times: user=0.11 sys=0.00, real=0.01 secs] 
2016-09-24T02:08:42.301-0400: 106.643: [GC (GCLocker Initiated GC) [PSYoungGen: 203076K->31220K(214016K)] 408547K->237880K(738304K), 0.0052088 secs] [Times: user=0.04 sys=0.00, real=0.01 secs] 
2016-09-24T02:08:42.446-0400: 106.788: [GC (GCLocker Initiated GC) [PSYoungGen: 200180K->23344K(216064K)] 409575K->244706K(740352K), 0.0099486 secs] [Times: user=0.11 sys=0.00, real=0.01 secs] 
2016-09-24T02:08:42.620-0400: 106.963: [GC (GCLocker Initiated GC) [PSYoungGen: 195888K->26241K(216576K)] 426929K->258483K(740864K), 0.0102190 secs] [Times: user=0.13 sys=0.01, real=0.01 secs] 
2016-09-24T02:08:42.782-0400: 107.124: [GC (GCLocker Initiated GC) [PSYoungGen: 198785K->23605K(217600K)] 433964K->260265K(741888K), 0.0178679 secs] [Times: user=0.22 sys=0.00, real=0.02 secs] 
2016-09-24T02:08:42.964-0400: 107.307: [GC (GCLocker Initiated GC) [PSYoungGen: 198709K->31648K(217088K)] 435378K->269774K(741376K), 0.0193776 secs] [Times: user=0.19 sys=0.00, real=0.02 secs] 
2016-09-24T02:08:43.144-0400: 107.486: [GC (GCLocker Initiated GC) [PSYoungGen: 206752K->26116K(218624K)] 444953K->265853K(742912K), 0.0199300 secs] [Times: user=0.19 sys=0.00, real=0.02 secs] 
2016-09-24T02:08:43.309-0400: 107.652: [GC (GCLocker Initiated GC) [PSYoungGen: 204292K->39514K(218112K)] 444090K->286120K(742400K), 0.0104829 secs] [Times: user=0.11 sys=0.00, real=0.01 secs] 
2016-09-24T02:08:43.495-0400: 107.838: [GC (GCLocker Initiated GC) [PSYoungGen: 217690K->22314K(218624K)] 476554K->282549K(742912K), 0.0138615 secs] [Times: user=0.13 sys=0.00, real=0.01 secs] 
2016-09-24T02:08:43.694-0400: 108.036: [GC (Allocation Failure) [PSYoungGen: 196906K->19589K(218112K)] 463919K->288226K(742400K), 0.0180448 secs] [Times: user=0.26 sys=0.00, real=0.02 secs] 
2016-09-24T02:08:43.712-0400: 108.055: [GC (GCLocker Initiated GC) [PSYoungGen: 22730K->160K(212480K)] 291367K->296247K(736768K), 0.0046924 secs] [Times: user=0.06 sys=0.00, real=0.01 secs] 
2016-09-24T02:08:43.862-0400: 108.205: [GC (GCLocker Initiated GC) [PSYoungGen: 169120K->45576K(215040K)] 466563K->353843K(739328K), 0.0062629 secs] [Times: user=0.10 sys=0.00, real=0.00 secs] 
2016-09-24T02:08:44.048-0400: 108.391: [GC (GCLocker Initiated GC) [PSYoungGen: 214536K->11351K(204800K)] 530910K->332225K(729088K), 0.0089428 secs] [Times: user=0.07 sys=0.00, real=0.01 secs] 
2016-09-24T02:08:44.234-0400: 108.576: [GC (GCLocker Initiated GC) [PSYoungGen: 169047K->31449K(209920K)] 489936K->354015K(734208K), 0.0058771 secs] [Times: user=0.04 sys=0.00, real=0.01 secs] 
2016-09-24T02:08:44.385-0400: 108.728: [GC (GCLocker Initiated GC) [PSYoungGen: 189145K->27633K(205824K)] 514443K->367932K(730112K), 0.0063634 secs] [Times: user=0.05 sys=0.00, real=0.00 secs] 
2016-09-24T02:08:44.548-0400: 108.891: [GC (GCLocker Initiated GC) [PSYoungGen: 185329K->19411K(207872K)] 540515K->376300K(732160K), 0.0111545 secs] [Times: user=0.09 sys=0.01, real=0.01 secs] 
2016-09-24T02:08:44.734-0400: 109.077: [GC (GCLocker Initiated GC) [PSYoungGen: 177107K->12403K(211456K)] 540783K->399308K(735744K), 0.0202317 secs] [Times: user=0.19 sys=0.03, real=0.03 secs] 
2016-09-24T02:08:44.907-0400: 109.250: [GC (GCLocker Initiated GC) [PSYoungGen: 175731K->46646K(210432K)] 562670K->445732K(734720K), 0.0061017 secs] [Times: user=0.06 sys=0.00, real=0.00 secs] 
2016-09-24T02:08:45.068-0400: 109.411: [GC (GCLocker Initiated GC) [PSYoungGen: 209974K->20775K(208384K)] 615839K->436268K(732672K), 0.0066856 secs] [Times: user=0.05 sys=0.00, real=0.01 secs] 
2016-09-24T02:08:45.228-0400: 109.571: [GC (GCLocker Initiated GC) [PSYoungGen: 177447K->37033K(194048K)] 601096K->473085K(718336K), 0.0076283 secs] [Times: user=0.08 sys=0.00, real=0.01 secs] 
2016-09-24T02:08:45.404-0400: 109.747: [GC (GCLocker Initiated GC) [PSYoungGen: 193705K->33073K(208384K)] 629767K->484240K(732672K), 0.0057415 secs] [Times: user=0.04 sys=0.00, real=0.00 secs] 
2016-09-24T02:08:45.556-0400: 109.899: [GC (GCLocker Initiated GC) [PSYoungGen: 187185K->34439K(207872K)] 646514K->495263K(732160K), 0.0195484 secs] [Times: user=0.21 sys=0.00, real=0.02 secs] 
2016-09-24T02:08:45.733-0400: 110.076: [GC (GCLocker Initiated GC) [PSYoungGen: 188551K->22377K(205824K)] 654808K->506505K(730112K), 0.0072600 secs] [Times: user=0.06 sys=0.02, real=0.01 secs] 
2016-09-24T02:08:45.908-0400: 110.251: [GC (GCLocker Initiated GC) [PSYoungGen: 177001K->31546K(206848K)] 661133K->517309K(731136K), 0.0055984 secs] [Times: user=0.04 sys=0.00, real=0.00 secs] 
2016-09-24T02:08:46.070-0400: 110.412: [GC (GCLocker Initiated GC) [PSYoungGen: 186170K->34369K(209920K)] 674684K->524440K(734208K), 0.0059318 secs] [Times: user=0.04 sys=0.00, real=0.01 secs] 
2016-09-24T02:08:46.251-0400: 110.594: [GC (GCLocker Initiated GC) [PSYoungGen: 193089K->35978K(209920K)] 688576K->533130K(734208K), 0.0051281 secs] [Times: user=0.04 sys=0.00, real=0.01 secs] 
2016-09-24T02:08:46.442-0400: 110.785: [Full GC (Ergonomics) [PSYoungGen: 194698K->0K(209920K)] [ParOldGen: 499912K->153564K(524288K)] 694610K->153564K(734208K), [Metaspace: 43766K->43766K(1087488K)], 0.0535204 secs] [Times: user=0.24 sys=0.02, real=0.06 secs] 
2016-09-24T02:08:46.658-0400: 111.001: [GC (GCLocker Initiated GC) [PSYoungGen: 158720K->30844K(208384K)] 316834K->188959K(732672K), 0.0134860 secs] [Times: user=0.10 sys=0.00, real=0.01 secs] 
2016-09-24T02:08:46.828-0400: 111.170: [GC (GCLocker Initiated GC) [PSYoungGen: 190076K->30286K(209408K)] 353646K->196111K(733696K), 0.0116687 secs] [Times: user=0.13 sys=0.00, real=0.01 secs] 
2016-09-24T02:08:47.020-0400: 111.363: [GC (GCLocker Initiated GC) [PSYoungGen: 189518K->32996K(211456K)] 360809K->205744K(735744K), 0.0089644 secs] [Times: user=0.11 sys=0.00, real=0.01 secs] 
2016-09-24T02:08:47.202-0400: 111.545: [GC (GCLocker Initiated GC) [PSYoungGen: 196324K->34682K(210944K)] 369096K->208952K(735232K), 0.0095253 secs] [Times: user=0.11 sys=0.00, real=0.01 secs] 
2016-09-24T02:08:47.381-0400: 111.723: [GC (Allocation Failure) [PSYoungGen: 198010K->17184K(213504K)] 374998K->206719K(737792K), 0.0148270 secs] [Times: user=0.14 sys=0.00, real=0.02 secs] 
2016-09-24T02:08:47.577-0400: 111.920: [GC (GCLocker Initiated GC) [PSYoungGen: 182300K->26547K(192512K)] 373184K->235727K(716800K), 0.0267973 secs] [Times: user=0.32 sys=0.01, real=0.03 secs] 
2016-09-24T02:08:47.786-0400: 112.129: [GC (GCLocker Initiated GC) [PSYoungGen: 192435K->34684K(212480K)] 407043K->251188K(736768K), 0.0103327 secs] [Times: user=0.10 sys=0.00, real=0.01 secs] 
2016-09-24T02:08:47.954-0400: 112.296: [GC (GCLocker Initiated GC) [PSYoungGen: 200572K->33342K(212992K)] 422492K->262586K(737280K), 0.0073724 secs] [Times: user=0.06 sys=0.00, real=0.01 secs] 
2016-09-24T02:08:48.148-0400: 112.491: [GC (GCLocker Initiated GC) [PSYoungGen: 199230K->22451K(214016K)] 443359K->268464K(738304K), 0.0047167 secs] [Times: user=0.04 sys=0.00, real=0.00 secs] 
2016-09-24T02:08:48.347-0400: 112.690: [GC (GCLocker Initiated GC) [PSYoungGen: 190387K->33633K(214528K)] 447209K->292360K(738816K), 0.0043337 secs] [Times: user=0.03 sys=0.00, real=0.00 secs] 
2016-09-24T02:08:48.503-0400: 112.846: [GC (GCLocker Initiated GC) [PSYoungGen: 201569K->34220K(215552K)] 460325K->295143K(739840K), 0.0056311 secs] [Times: user=0.03 sys=0.00, real=0.00 secs] 
2016-09-24T02:08:48.676-0400: 113.018: [GC (GCLocker Initiated GC) [PSYoungGen: 203180K->22104K(191488K)] 469554K->295395K(715776K), 0.0155698 secs] [Times: user=0.15 sys=0.00, real=0.01 secs] 
2016-09-24T02:08:48.848-0400: 113.191: [GC (GCLocker Initiated GC) [PSYoungGen: 191064K->22213K(215552K)] 472688K->305431K(739840K), 0.0233315 secs] [Times: user=0.24 sys=0.00, real=0.02 secs] 
2016-09-24T02:08:49.048-0400: 113.391: [GC (GCLocker Initiated GC) [PSYoungGen: 191685K->33963K(215040K)] 475096K->318964K(739328K), 0.0056378 secs] [Times: user=0.05 sys=0.00, real=0.00 secs] 
2016-09-24T02:08:49.231-0400: 113.574: [GC (GCLocker Initiated GC) [PSYoungGen: 203435K->18267K(216064K)] 495244K->322093K(740352K), 0.0052750 secs] [Times: user=0.04 sys=0.01, real=0.01 secs] 
2016-09-24T02:08:49.394-0400: 113.736: [GC (GCLocker Initiated GC) [PSYoungGen: 188251K->26245K(196608K)] 500251K->350708K(720896K), 0.0189842 secs] [Times: user=0.23 sys=0.00, real=0.02 secs] 
2016-09-24T02:08:49.565-0400: 113.908: [GC (GCLocker Initiated GC) [PSYoungGen: 196229K->21913K(215040K)] 524762K->365526K(739328K), 0.0100252 secs] [Times: user=0.08 sys=0.01, real=0.01 secs] 
2016-09-24T02:08:49.722-0400: 114.065: [GC (GCLocker Initiated GC) [PSYoungGen: 192409K->26049K(214528K)] 541433K->376336K(738816K), 0.0284570 secs] [Times: user=0.33 sys=0.01, real=0.02 secs] 
2016-09-24T02:08:49.901-0400: 114.244: [GC (GCLocker Initiated GC) [PSYoungGen: 196545K->34207K(215040K)] 552250K->391248K(739328K), 0.0053023 secs] [Times: user=0.03 sys=0.00, real=0.01 secs] 
2016-09-24T02:08:50.074-0400: 114.417: [GC (GCLocker Initiated GC) [PSYoungGen: 206751K->22125K(216064K)] 568034K->395626K(740352K), 0.0115340 secs] [Times: user=0.09 sys=0.01, real=0.01 secs] 
2016-09-24T02:08:50.252-0400: 114.594: [GC (GCLocker Initiated GC) [PSYoungGen: 194669K->11218K(217088K)] 584518K->402708K(741376K), 0.0061216 secs] [Times: user=0.06 sys=0.00, real=0.01 secs] 
2016-09-24T02:08:50.409-0400: 114.752: [GC (GCLocker Initiated GC) [PSYoungGen: 185298K->20193K(218112K)] 582198K->418445K(742400K), 0.0220137 secs] [Times: user=0.21 sys=0.00, real=0.02 secs] 
2016-09-24T02:08:50.589-0400: 114.932: [GC (GCLocker Initiated GC) [PSYoungGen: 194273K->32702K(216576K)] 592528K->432047K(740864K), 0.0207408 secs] [Times: user=0.25 sys=0.00, real=0.02 secs] 
2016-09-24T02:08:50.752-0400: 115.095: [GC (GCLocker Initiated GC) [PSYoungGen: 205758K->25819K(199168K)] 610667K->431890K(723456K), 0.0185001 secs] [Times: user=0.19 sys=0.00, real=0.02 secs] 
2016-09-24T02:08:50.915-0400: 115.258: [GC (GCLocker Initiated GC) [PSYoungGen: 198875K->35286K(214528K)] 610554K->448207K(738816K), 0.0202960 secs] [Times: user=0.24 sys=0.00, real=0.02 secs] 
2016-09-24T02:08:56.772-0400: 121.114: [GC (Allocation Failure) [PSYoungGen: 207318K->25215K(216576K)] 620310K->439391K(740864K), 0.0154012 secs] [Times: user=0.11 sys=0.00, real=0.02 secs] 
