Java HotSpot(TM) 64-Bit Server VM (25.101-b13) for linux-amd64 JRE (1.8.0_101-b13), built on Jun 22 2016 02:59:44 by "java_re" with gcc 4.3.0 20080428 (Red Hat 4.3.0-8)
Memory: 4k page, physical 264122320k(94805976k free), swap 268399612k(268399612k free)
CommandLine flags: -XX:GCLogFileSize=1048576 -XX:+HeapDumpOnOutOfMemoryError -XX:HeapDumpPath=artifacts/heapdump -XX:InitialHeapSize=805306368 -XX:MaxHeapSize=805306368 -XX:NumberOfGCLogFiles=10 -XX:+PrintGC -XX:+PrintGCDateStamps -XX:+PrintGCDetails -XX:+PrintGCTimeStamps -XX:+UseCompressedClassPointers -XX:+UseCompressedOops -XX:+UseGCLogFileRotation -XX:+UseParallelGC 
2016-09-25T22:21:55.976-0400: 2.186: [GC (Metadata GC Threshold) [PSYoungGen: 125830K->15425K(229376K)] 125830K->15513K(753664K), 0.0332599 secs] [Times: user=0.21 sys=0.02, real=0.03 secs] 
2016-09-25T22:21:56.009-0400: 2.220: [Full GC (Metadata GC Threshold) [PSYoungGen: 15425K->0K(229376K)] [ParOldGen: 88K->14601K(325120K)] 15513K->14601K(554496K), [Metaspace: 21068K->21068K(1067008K)], 0.0451313 secs] [Times: user=0.25 sys=0.05, real=0.05 secs] 
2016-09-25T22:21:57.892-0400: 4.102: [GC (Metadata GC Threshold) [PSYoungGen: 121516K->15258K(229376K)] 136118K->29996K(554496K), 0.0153127 secs] [Times: user=0.11 sys=0.00, real=0.02 secs] 
2016-09-25T22:21:57.907-0400: 4.118: [Full GC (Metadata GC Threshold) [PSYoungGen: 15258K->0K(229376K)] [ParOldGen: 14738K->20663K(524288K)] 29996K->20663K(753664K), [Metaspace: 35058K->35058K(1079296K)], 0.0721517 secs] [Times: user=0.65 sys=0.00, real=0.07 secs] 
2016-09-25T22:21:59.614-0400: 5.825: [GC (GCLocker Initiated GC) [PSYoungGen: 196608K->32762K(229376K)] 217275K->87895K(753664K), 0.0288523 secs] [Times: user=0.35 sys=0.01, real=0.03 secs] 
2016-09-25T22:21:59.790-0400: 6.000: [GC (GCLocker Initiated GC) [PSYoungGen: 229370K->32761K(229376K)] 292674K->109798K(753664K), 0.0142002 secs] [Times: user=0.09 sys=0.02, real=0.02 secs] 
2016-09-25T22:21:59.905-0400: 6.115: [GC (GCLocker Initiated GC) [PSYoungGen: 229369K->32736K(229376K)] 314614K->153435K(753664K), 0.0082684 secs] [Times: user=0.11 sys=0.00, real=0.00 secs] 
2016-09-25T22:22:00.020-0400: 6.230: [GC (GCLocker Initiated GC) [PSYoungGen: 229344K->32080K(133120K)] 352814K->220358K(657408K), 0.0114813 secs] [Times: user=0.12 sys=0.04, real=0.01 secs] 
2016-09-25T22:22:00.099-0400: 6.309: [GC (GCLocker Initiated GC) [PSYoungGen: 132432K->79418K(180224K)] 331752K->289546K(704512K), 0.0108820 secs] [Times: user=0.17 sys=0.02, real=0.01 secs] 
2016-09-25T22:22:00.158-0400: 6.368: [GC (GCLocker Initiated GC) [PSYoungGen: 179770K->71588K(169984K)] 389997K->288408K(694272K), 0.0086695 secs] [Times: user=0.12 sys=0.00, real=0.01 secs] 
2016-09-25T22:22:00.198-0400: 6.408: [GC (GCLocker Initiated GC) [PSYoungGen: 159652K->84702K(175104K)] 379268K->310371K(699392K), 0.0091654 secs] [Times: user=0.13 sys=0.00, real=0.01 secs] 
2016-09-25T22:22:00.251-0400: 6.461: [GC (GCLocker Initiated GC) [PSYoungGen: 172766K->45521K(175104K)] 401254K->312141K(699392K), 0.0102579 secs] [Times: user=0.10 sys=0.02, real=0.01 secs] 
2016-09-25T22:22:00.303-0400: 6.513: [GC (GCLocker Initiated GC) [PSYoungGen: 133585K->35809K(175104K)] 405727K->348867K(699392K), 0.0104179 secs] [Times: user=0.16 sys=0.01, real=0.00 secs] 
2016-09-25T22:22:00.354-0400: 6.564: [GC (GCLocker Initiated GC) [PSYoungGen: 123873K->50768K(175104K)] 442495K->399344K(699392K), 0.0072827 secs] [Times: user=0.08 sys=0.03, real=0.01 secs] 
2016-09-25T22:22:00.396-0400: 6.606: [GC (GCLocker Initiated GC) [PSYoungGen: 138832K->54690K(175104K)] 490145K->429270K(699392K), 0.0155843 secs] [Times: user=0.19 sys=0.00, real=0.01 secs] 
2016-09-25T22:22:00.461-0400: 6.671: [GC (GCLocker Initiated GC) [PSYoungGen: 142754K->42636K(175104K)] 529603K->439210K(699392K), 0.0058130 secs] [Times: user=0.08 sys=0.00, real=0.01 secs] 
2016-09-25T22:22:00.511-0400: 6.721: [GC (GCLocker Initiated GC) [PSYoungGen: 130700K->62918K(175104K)] 534167K->472098K(699392K), 0.0078138 secs] [Times: user=0.11 sys=0.00, real=0.01 secs] 
2016-09-25T22:22:00.559-0400: 6.770: [GC (GCLocker Initiated GC) [PSYoungGen: 150982K->83185K(175104K)] 563085K->511753K(699392K), 0.0098446 secs] [Times: user=0.12 sys=0.04, real=0.01 secs] 
2016-09-25T22:22:00.616-0400: 6.827: [GC (GCLocker Initiated GC) [PSYoungGen: 171249K->52054K(175104K)] 607999K->499867K(699392K), 0.0134584 secs] [Times: user=0.21 sys=0.02, real=0.01 secs] 
2016-09-25T22:22:00.676-0400: 6.887: [GC (GCLocker Initiated GC) [PSYoungGen: 140118K->36950K(175104K)] 596040K->509264K(699392K), 0.0142207 secs] [Times: user=0.21 sys=0.00, real=0.01 secs] 
2016-09-25T22:22:00.736-0400: 6.946: [Full GC (Ergonomics) [PSYoungGen: 125014K->0K(175104K)] [ParOldGen: 480466K->57075K(524288K)] 605480K->57075K(699392K), [Metaspace: 42864K->42856K(1085440K)], 0.1948958 secs] [Times: user=2.82 sys=0.00, real=0.19 secs] 
2016-09-25T22:22:00.969-0400: 7.180: [GC (GCLocker Initiated GC) [PSYoungGen: 88064K->85932K(175104K)] 145252K->145828K(699392K), 0.0088427 secs] [Times: user=0.14 sys=0.00, real=0.01 secs] 
2016-09-25T22:22:01.019-0400: 7.229: [GC (GCLocker Initiated GC) [PSYoungGen: 173996K->68239K(175104K)] 239416K->165171K(699392K), 0.0097969 secs] [Times: user=0.12 sys=0.01, real=0.01 secs] 
2016-09-25T22:22:01.063-0400: 7.273: [GC (GCLocker Initiated GC) [PSYoungGen: 156303K->64250K(175104K)] 253522K->179299K(699392K), 0.0088235 secs] [Times: user=0.13 sys=0.01, real=0.00 secs] 
2016-09-25T22:22:01.107-0400: 7.317: [GC (GCLocker Initiated GC) [PSYoungGen: 152314K->73700K(175104K)] 270202K->198657K(699392K), 0.0079012 secs] [Times: user=0.10 sys=0.01, real=0.01 secs] 
2016-09-25T22:22:01.164-0400: 7.374: [GC (GCLocker Initiated GC) [PSYoungGen: 161764K->33185K(175104K)] 295033K->197750K(699392K), 0.0202830 secs] [Times: user=0.29 sys=0.00, real=0.02 secs] 
2016-09-25T22:22:01.223-0400: 7.433: [GC (GCLocker Initiated GC) [PSYoungGen: 121249K->61457K(175104K)] 291324K->235855K(699392K), 0.0092688 secs] [Times: user=0.14 sys=0.00, real=0.00 secs] 
2016-09-25T22:22:01.274-0400: 7.485: [GC (GCLocker Initiated GC) [PSYoungGen: 149521K->57514K(175104K)] 333573K->245839K(699392K), 0.0087422 secs] [Times: user=0.12 sys=0.01, real=0.01 secs] 
2016-09-25T22:22:01.322-0400: 7.532: [GC (GCLocker Initiated GC) [PSYoungGen: 145578K->61436K(175104K)] 333949K->270359K(699392K), 0.0067231 secs] [Times: user=0.07 sys=0.00, real=0.01 secs] 
2016-09-25T22:22:01.371-0400: 7.581: [GC (GCLocker Initiated GC) [PSYoungGen: 149500K->65720K(175104K)] 361226K->284459K(699392K), 0.0144843 secs] [Times: user=0.19 sys=0.00, real=0.02 secs] 
2016-09-25T22:22:01.422-0400: 7.633: [GC (GCLocker Initiated GC) [PSYoungGen: 153784K->58892K(175104K)] 372636K->303838K(699392K), 0.0081706 secs] [Times: user=0.12 sys=0.00, real=0.00 secs] 
2016-09-25T22:22:01.467-0400: 7.677: [GC (GCLocker Initiated GC) [PSYoungGen: 146956K->71152K(175104K)] 397475K->335494K(699392K), 0.0091033 secs] [Times: user=0.12 sys=0.00, real=0.01 secs] 
2016-09-25T22:22:01.517-0400: 7.728: [GC (GCLocker Initiated GC) [PSYoungGen: 159216K->42560K(175104K)] 426381K->324988K(699392K), 0.0067782 secs] [Times: user=0.06 sys=0.00, real=0.01 secs] 
2016-09-25T22:22:01.565-0400: 7.775: [GC (GCLocker Initiated GC) [PSYoungGen: 130624K->49516K(175104K)] 429490K->358211K(699392K), 0.0102517 secs] [Times: user=0.12 sys=0.00, real=0.01 secs] 
2016-09-25T22:22:01.619-0400: 7.829: [GC (GCLocker Initiated GC) [PSYoungGen: 137580K->65922K(175104K)] 462696K->392880K(699392K), 0.0084873 secs] [Times: user=0.12 sys=0.00, real=0.01 secs] 
2016-09-25T22:22:01.667-0400: 7.877: [GC (GCLocker Initiated GC) [PSYoungGen: 153986K->71149K(175104K)] 489225K->408267K(699392K), 0.0065909 secs] [Times: user=0.10 sys=0.00, real=0.00 secs] 
2016-09-25T22:22:01.717-0400: 7.927: [GC (GCLocker Initiated GC) [PSYoungGen: 159213K->67052K(175104K)] 500618K->419677K(699392K), 0.0067881 secs] [Times: user=0.10 sys=0.00, real=0.01 secs] 
2016-09-25T22:22:01.762-0400: 7.973: [GC (GCLocker Initiated GC) [PSYoungGen: 155116K->50930K(175104K)] 518229K->427909K(699392K), 0.0067784 secs] [Times: user=0.06 sys=0.00, real=0.00 secs] 
2016-09-25T22:22:01.808-0400: 8.018: [GC (GCLocker Initiated GC) [PSYoungGen: 138994K->69862K(175104K)] 526867K->458243K(699392K), 0.0058915 secs] [Times: user=0.07 sys=0.01, real=0.00 secs] 
2016-09-25T22:22:01.849-0400: 8.059: [GC (GCLocker Initiated GC) [PSYoungGen: 157926K->53488K(175104K)] 546523K->465463K(699392K), 0.0080009 secs] [Times: user=0.06 sys=0.00, real=0.01 secs] 
2016-09-25T22:22:01.891-0400: 8.101: [GC (GCLocker Initiated GC) [PSYoungGen: 141552K->65716K(175104K)] 559165K->494503K(699392K), 0.0137416 secs] [Times: user=0.16 sys=0.00, real=0.02 secs] 
2016-09-25T22:22:01.950-0400: 8.160: [GC (GCLocker Initiated GC) [PSYoungGen: 153780K->56330K(144896K)] 586722K->508608K(669184K), 0.0064788 secs] [Times: user=0.08 sys=0.00, real=0.01 secs] 
2016-09-25T22:22:02.004-0400: 8.215: [GC (GCLocker Initiated GC) [PSYoungGen: 144394K->73788K(172032K)] 596720K->537342K(696320K), 0.0067584 secs] [Times: user=0.09 sys=0.00, real=0.00 secs] 
2016-09-25T22:22:02.045-0400: 8.256: [GC (GCLocker Initiated GC) [PSYoungGen: 160316K->73926K(173568K)] 623905K->559523K(697856K), 0.0080879 secs] [Times: user=0.10 sys=0.00, real=0.00 secs] 
2016-09-25T22:22:02.099-0400: 8.309: [Full GC (Ergonomics) [PSYoungGen: 160454K->0K(173568K)] [ParOldGen: 499327K->71623K(524288K)] 659781K->71623K(697856K), [Metaspace: 43117K->43117K(1085440K)], 0.0575390 secs] [Times: user=0.50 sys=0.00, real=0.06 secs] 
2016-09-25T22:22:02.215-0400: 8.425: [GC (GCLocker Initiated GC) [PSYoungGen: 86528K->70086K(175104K)] 160967K->144533K(699392K), 0.0097956 secs] [Times: user=0.10 sys=0.00, real=0.01 secs] 
2016-09-25T22:22:02.272-0400: 8.482: [GC (GCLocker Initiated GC) [PSYoungGen: 158150K->57538K(175104K)] 235308K->163882K(699392K), 0.0066932 secs] [Times: user=0.09 sys=0.00, real=0.01 secs] 
2016-09-25T22:22:02.310-0400: 8.520: [GC (GCLocker Initiated GC) [PSYoungGen: 145602K->80566K(175104K)] 254846K->201016K(699392K), 0.0068635 secs] [Times: user=0.08 sys=0.00, real=0.01 secs] 
2016-09-25T22:22:02.361-0400: 8.572: [GC (GCLocker Initiated GC) [PSYoungGen: 168630K->67066K(175104K)] 297362K->224574K(699392K), 0.0080988 secs] [Times: user=0.12 sys=0.00, real=0.01 secs] 
2016-09-25T22:22:02.407-0400: 8.617: [GC (GCLocker Initiated GC) [PSYoungGen: 155130K->61730K(175104K)] 319391K->243965K(699392K), 0.0093752 secs] [Times: user=0.14 sys=0.00, real=0.01 secs] 
2016-09-25T22:22:02.460-0400: 8.670: [GC (GCLocker Initiated GC) [PSYoungGen: 149794K->68480K(175104K)] 338865K->263434K(699392K), 0.0070514 secs] [Times: user=0.08 sys=0.01, real=0.01 secs] 
2016-09-25T22:22:02.508-0400: 8.718: [GC (GCLocker Initiated GC) [PSYoungGen: 156544K->63034K(173056K)] 354340K->276164K(697344K), 0.0127949 secs] [Times: user=0.18 sys=0.01, real=0.01 secs] 
2016-09-25T22:22:02.569-0400: 8.779: [GC (GCLocker Initiated GC) [PSYoungGen: 151098K->46922K(174080K)] 366977K->275384K(698368K), 0.0185274 secs] [Times: user=0.26 sys=0.00, real=0.02 secs] 
2016-09-25T22:22:02.625-0400: 8.835: [GC (GCLocker Initiated GC) [PSYoungGen: 134986K->71042K(175104K)] 363622K->325851K(699392K), 0.0133010 secs] [Times: user=0.10 sys=0.00, real=0.01 secs] 
2016-09-25T22:22:02.677-0400: 8.887: [GC (GCLocker Initiated GC) [PSYoungGen: 159106K->57616K(145920K)] 419365K->318277K(670208K), 0.0062826 secs] [Times: user=0.06 sys=0.00, real=0.01 secs] 
2016-09-25T22:22:02.725-0400: 8.935: [GC (GCLocker Initiated GC) [PSYoungGen: 145680K->65652K(175104K)] 413221K->347137K(699392K), 0.0083946 secs] [Times: user=0.08 sys=0.00, real=0.00 secs] 
2016-09-25T22:22:02.772-0400: 8.982: [GC (GCLocker Initiated GC) [PSYoungGen: 154740K->75134K(174080K)] 438998K->362520K(698368K), 0.0078930 secs] [Times: user=0.10 sys=0.00, real=0.01 secs] 
2016-09-25T22:22:02.824-0400: 9.034: [GC (GCLocker Initiated GC) [PSYoungGen: 164222K->83266K(175104K)] 454358K->375163K(699392K), 0.0066772 secs] [Times: user=0.09 sys=0.01, real=0.00 secs] 
2016-09-25T22:22:02.879-0400: 9.089: [GC (GCLocker Initiated GC) [PSYoungGen: 171330K->64458K(175104K)] 475639K->369179K(699392K), 0.0113364 secs] [Times: user=0.17 sys=0.00, real=0.01 secs] 
2016-09-25T22:22:02.965-0400: 9.176: [GC (GCLocker Initiated GC) [PSYoungGen: 152522K->58984K(175104K)] 466730K->399316K(699392K), 0.0068319 secs] [Times: user=0.10 sys=0.01, real=0.00 secs] 
2016-09-25T22:22:03.014-0400: 9.224: [GC (GCLocker Initiated GC) [PSYoungGen: 147048K->27806K(175104K)] 492848K->398360K(699392K), 0.0070444 secs] [Times: user=0.05 sys=0.01, real=0.01 secs] 
2016-09-25T22:22:03.060-0400: 9.270: [GC (GCLocker Initiated GC) [PSYoungGen: 115870K->84588K(175104K)] 489456K->461248K(699392K), 0.0066952 secs] [Times: user=0.09 sys=0.01, real=0.01 secs] 
2016-09-25T22:22:03.093-0400: 9.303: [GC (GCLocker Initiated GC) [PSYoungGen: 172652K->84570K(175104K)] 549348K->479239K(699392K), 0.0079576 secs] [Times: user=0.10 sys=0.00, real=0.01 secs] 
2016-09-25T22:22:03.141-0400: 9.352: [GC (GCLocker Initiated GC) [PSYoungGen: 172634K->80676K(175104K)] 578258K->486689K(699392K), 0.0063857 secs] [Times: user=0.09 sys=0.00, real=0.01 secs] 
2016-09-25T22:22:03.200-0400: 9.411: [GC (GCLocker Initiated GC) [PSYoungGen: 168740K->83330K(175104K)] 584313K->502052K(699392K), 0.0076889 secs] [Times: user=0.12 sys=0.00, real=0.01 secs] 
2016-09-25T22:22:03.259-0400: 9.469: [GC (GCLocker Initiated GC) [PSYoungGen: 171394K->49406K(175104K)] 596966K->497018K(699392K), 0.0064944 secs] [Times: user=0.08 sys=0.01, real=0.01 secs] 
2016-09-25T22:22:03.303-0400: 9.514: [GC (GCLocker Initiated GC) [PSYoungGen: 137470K->68544K(175104K)] 590731K->537076K(699392K), 0.0071288 secs] [Times: user=0.10 sys=0.00, real=0.00 secs] 
2016-09-25T22:22:03.353-0400: 9.564: [GC (GCLocker Initiated GC) [PSYoungGen: 156608K->77898K(175104K)] 630720K->553843K(699392K), 0.0062220 secs] [Times: user=0.09 sys=0.00, real=0.01 secs] 
2016-09-25T22:22:03.407-0400: 9.617: [GC (GCLocker Initiated GC) [PSYoungGen: 165962K->65684K(175104K)] 647405K->561067K(699392K), 0.0068114 secs] [Times: user=0.11 sys=0.00, real=0.00 secs] 
2016-09-25T22:22:03.414-0400: 9.624: [Full GC (Ergonomics) [PSYoungGen: 65684K->0K(175104K)] [ParOldGen: 495383K->71249K(524288K)] 561067K->71249K(699392K), [Metaspace: 43290K->43290K(1085440K)], 0.0552408 secs] [Times: user=0.43 sys=0.01, real=0.05 secs] 
2016-09-25T22:22:03.507-0400: 9.717: [GC (GCLocker Initiated GC) [PSYoungGen: 88064K->75550K(175104K)] 166188K->153674K(699392K), 0.0057888 secs] [Times: user=0.08 sys=0.00, real=0.00 secs] 
2016-09-25T22:22:03.557-0400: 9.768: [GC (GCLocker Initiated GC) [PSYoungGen: 163614K->72544K(175104K)] 248588K->162292K(699392K), 0.0137164 secs] [Times: user=0.18 sys=0.00, real=0.01 secs] 
2016-09-25T22:22:03.616-0400: 9.827: [GC (GCLocker Initiated GC) [PSYoungGen: 160608K->61556K(175104K)] 258703K->173673K(699392K), 0.0062333 secs] [Times: user=0.07 sys=0.00, real=0.01 secs] 
2016-09-25T22:22:03.655-0400: 9.865: [GC (GCLocker Initiated GC) [PSYoungGen: 149620K->76566K(175104K)] 261893K->191913K(699392K), 0.0098450 secs] [Times: user=0.14 sys=0.00, real=0.01 secs] 
2016-09-25T22:22:03.702-0400: 9.912: [GC (GCLocker Initiated GC) [PSYoungGen: 164630K->49452K(175104K)] 285488K->189668K(699392K), 0.0098028 secs] [Times: user=0.11 sys=0.01, real=0.01 secs] 
2016-09-25T22:22:03.744-0400: 9.954: [GC (GCLocker Initiated GC) [PSYoungGen: 137516K->56220K(175104K)] 277917K->226758K(699392K), 0.0152713 secs] [Times: user=0.19 sys=0.01, real=0.01 secs] 
2016-09-25T22:22:03.790-0400: 10.000: [GC (GCLocker Initiated GC) [PSYoungGen: 144284K->84680K(175104K)] 314886K->262494K(699392K), 0.0093219 secs] [Times: user=0.11 sys=0.00, real=0.01 secs] 
2016-09-25T22:22:03.839-0400: 10.050: [GC (GCLocker Initiated GC) [PSYoungGen: 172744K->69816K(175104K)] 350648K->271162K(699392K), 0.0070587 secs] [Times: user=0.09 sys=0.00, real=0.01 secs] 
2016-09-25T22:22:03.882-0400: 10.093: [GC (GCLocker Initiated GC) [PSYoungGen: 157880K->67130K(175104K)] 362036K->302790K(699392K), 0.0073792 secs] [Times: user=0.11 sys=0.00, real=0.00 secs] 
2016-09-25T22:22:03.923-0400: 10.133: [GC (GCLocker Initiated GC) [PSYoungGen: 155194K->77944K(175104K)] 395072K->318289K(699392K), 0.0063119 secs] [Times: user=0.09 sys=0.00, real=0.00 secs] 
2016-09-25T22:22:03.970-0400: 10.181: [GC (GCLocker Initiated GC) [PSYoungGen: 166008K->46706K(175104K)] 409188K->310658K(699392K), 0.0069847 secs] [Times: user=0.06 sys=0.01, real=0.01 secs] 
2016-09-25T22:22:04.014-0400: 10.225: [GC (GCLocker Initiated GC) [PSYoungGen: 134770K->68512K(175104K)] 406943K->358617K(699392K), 0.0065080 secs] [Times: user=0.09 sys=0.00, real=0.00 secs] 
2016-09-25T22:22:04.056-0400: 10.266: [GC (GCLocker Initiated GC) [PSYoungGen: 156576K->64348K(175104K)] 451531K->367878K(699392K), 0.0104744 secs] [Times: user=0.15 sys=0.00, real=0.01 secs] 
2016-09-25T22:22:04.108-0400: 10.318: [GC (GCLocker Initiated GC) [PSYoungGen: 152412K->80552K(175104K)] 458778K->390091K(699392K), 0.0070762 secs] [Times: user=0.11 sys=0.00, real=0.01 secs] 
2016-09-25T22:22:04.164-0400: 10.375: [GC (GCLocker Initiated GC) [PSYoungGen: 168616K->42605K(175104K)] 487688K->371489K(699392K), 0.0061340 secs] [Times: user=0.05 sys=0.00, real=0.00 secs] 
2016-09-25T22:22:04.205-0400: 10.415: [GC (GCLocker Initiated GC) [PSYoungGen: 130669K->71134K(175104K)] 459672K->410014K(699392K), 0.0070750 secs] [Times: user=0.08 sys=0.00, real=0.00 secs] 
2016-09-25T22:22:04.246-0400: 10.456: [GC (GCLocker Initiated GC) [PSYoungGen: 159198K->72434K(175104K)] 498110K->430712K(699392K), 0.0080083 secs] [Times: user=0.10 sys=0.00, real=0.00 secs] 
2016-09-25T22:22:04.297-0400: 10.507: [GC (GCLocker Initiated GC) [PSYoungGen: 160498K->75198K(175104K)] 524385K->440870K(699392K), 0.0067729 secs] [Times: user=0.10 sys=0.00, real=0.01 secs] 
2016-09-25T22:22:04.346-0400: 10.557: [GC (GCLocker Initiated GC) [PSYoungGen: 163262K->61744K(175104K)] 539781K->444183K(699392K), 0.0053334 secs] [Times: user=0.07 sys=0.00, real=0.00 secs] 
2016-09-25T22:22:04.396-0400: 10.606: [GC (GCLocker Initiated GC) [PSYoungGen: 149808K->68370K(175104K)] 540407K->471576K(699392K), 0.0075862 secs] [Times: user=0.09 sys=0.01, real=0.01 secs] 
2016-09-25T22:22:04.441-0400: 10.651: [GC (GCLocker Initiated GC) [PSYoungGen: 156434K->67066K(175104K)] 569184K->492411K(699392K), 0.0067114 secs] [Times: user=0.10 sys=0.00, real=0.01 secs] 
2016-09-25T22:22:04.486-0400: 10.696: [GC (GCLocker Initiated GC) [PSYoungGen: 155130K->61711K(175104K)] 595467K->505192K(699392K), 0.0071185 secs] [Times: user=0.05 sys=0.00, real=0.00 secs] 
2016-09-25T22:22:04.537-0400: 10.748: [GC (GCLocker Initiated GC) [PSYoungGen: 149775K->73802K(175104K)] 593300K->524526K(699392K), 0.0081546 secs] [Times: user=0.08 sys=0.00, real=0.01 secs] 
2016-09-25T22:22:04.583-0400: 10.793: [GC (GCLocker Initiated GC) [PSYoungGen: 161866K->73879K(175104K)] 620881K->537335K(699392K), 0.0064389 secs] [Times: user=0.08 sys=0.00, real=0.00 secs] 
2016-09-25T22:22:04.632-0400: 10.842: [GC (GCLocker Initiated GC) [PSYoungGen: 161943K->71102K(175104K)] 625457K->537794K(699392K), 0.0065628 secs] [Times: user=0.09 sys=0.00, real=0.01 secs] 
2016-09-25T22:22:04.678-0400: 10.888: [GC (GCLocker Initiated GC) [PSYoungGen: 159166K->65889K(154112K)] 638153K->556034K(678400K), 0.0070081 secs] [Times: user=0.09 sys=0.00, real=0.01 secs] 
2016-09-25T22:22:04.725-0400: 10.936: [Full GC (Ergonomics) [PSYoungGen: 153953K->0K(154112K)] [ParOldGen: 502416K->82862K(524288K)] 656370K->82862K(678400K), [Metaspace: 43291K->43291K(1085440K)], 0.0483496 secs] [Times: user=0.42 sys=0.00, real=0.04 secs] 
2016-09-25T22:22:04.814-0400: 11.024: [GC (GCLocker Initiated GC) [PSYoungGen: 88064K->64589K(176128K)] 177730K->154255K(700416K), 0.0066381 secs] [Times: user=0.08 sys=0.00, real=0.01 secs] 
2016-09-25T22:22:04.857-0400: 11.067: [GC (GCLocker Initiated GC) [PSYoungGen: 154189K->82011K(174592K)] 249373K->187328K(698880K), 0.0068313 secs] [Times: user=0.09 sys=0.00, real=0.01 secs] 
2016-09-25T22:22:04.901-0400: 11.111: [GC (GCLocker Initiated GC) [PSYoungGen: 171611K->65747K(175104K)] 282476K->190557K(699392K), 0.0062832 secs] [Times: user=0.09 sys=0.00, real=0.01 secs] 
2016-09-25T22:22:04.945-0400: 11.155: [GC (GCLocker Initiated GC) [PSYoungGen: 153811K->84615K(175104K)] 281460K->238361K(699392K), 0.0088369 secs] [Times: user=0.13 sys=0.00, real=0.00 secs] 
2016-09-25T22:22:04.994-0400: 11.204: [GC (GCLocker Initiated GC) [PSYoungGen: 172679K->54947K(175104K)] 334772K->240421K(699392K), 0.0062108 secs] [Times: user=0.06 sys=0.01, real=0.01 secs] 
2016-09-25T22:22:05.040-0400: 11.250: [GC (GCLocker Initiated GC) [PSYoungGen: 143011K->67052K(175104K)] 331294K->259867K(699392K), 0.0248680 secs] [Times: user=0.35 sys=0.00, real=0.03 secs] 
2016-09-25T22:22:05.102-0400: 11.312: [GC (GCLocker Initiated GC) [PSYoungGen: 155116K->82071K(175104K)] 354866K->289016K(699392K), 0.0109189 secs] [Times: user=0.10 sys=0.00, real=0.01 secs] 
2016-09-25T22:22:05.160-0400: 11.370: [GC (GCLocker Initiated GC) [PSYoungGen: 170135K->71069K(175104K)] 379975K->293516K(699392K), 0.0067211 secs] [Times: user=0.08 sys=0.00, real=0.01 secs] 
2016-09-25T22:22:05.210-0400: 11.420: [GC (GCLocker Initiated GC) [PSYoungGen: 159133K->72451K(175104K)] 381612K->304753K(699392K), 0.0068662 secs] [Times: user=0.09 sys=0.01, real=0.01 secs] 
2016-09-25T22:22:05.252-0400: 11.463: [GC (GCLocker Initiated GC) [PSYoungGen: 160515K->77897K(175104K)] 393076K->320290K(699392K), 0.0073849 secs] [Times: user=0.10 sys=0.00, real=0.01 secs] 
2016-09-25T22:22:05.297-0400: 11.507: [GC (GCLocker Initiated GC) [PSYoungGen: 165961K->73879K(175104K)] 412555K->322314K(699392K), 0.0063319 secs] [Times: user=0.09 sys=0.00, real=0.01 secs] 
2016-09-25T22:22:05.343-0400: 11.553: [GC (GCLocker Initiated GC) [PSYoungGen: 161943K->67033K(175104K)] 418569K->334966K(699392K), 0.0067180 secs] [Times: user=0.09 sys=0.00, real=0.00 secs] 
2016-09-25T22:22:05.384-0400: 11.594: [GC (GCLocker Initiated GC) [PSYoungGen: 155097K->80501K(175104K)] 427200K->375994K(699392K), 0.0075001 secs] [Times: user=0.07 sys=0.01, real=0.00 secs] 
2016-09-25T22:22:05.426-0400: 11.636: [GC (GCLocker Initiated GC) [PSYoungGen: 168565K->82044K(175104K)] 468214K->406420K(699392K), 0.0082823 secs] [Times: user=0.12 sys=0.00, real=0.00 secs] 
2016-09-25T22:22:05.483-0400: 11.693: [GC (GCLocker Initiated GC) [PSYoungGen: 170108K->43909K(175104K)] 502736K->398621K(699392K), 0.0106618 secs] [Times: user=0.13 sys=0.00, real=0.00 secs] 
2016-09-25T22:22:05.530-0400: 11.740: [GC (GCLocker Initiated GC) [PSYoungGen: 131973K->64461K(175104K)] 496157K->458727K(699392K), 0.0083784 secs] [Times: user=0.11 sys=0.01, real=0.01 secs] 
2016-09-25T22:22:05.571-0400: 11.781: [GC (GCLocker Initiated GC) [PSYoungGen: 152525K->84698K(175104K)] 548234K->482247K(699392K), 0.0101197 secs] [Times: user=0.13 sys=0.00, real=0.01 secs] 
2016-09-25T22:22:05.617-0400: 11.827: [GC (GCLocker Initiated GC) [PSYoungGen: 172762K->61633K(175104K)] 575889K->489482K(699392K), 0.0071218 secs] [Times: user=0.10 sys=0.00, real=0.01 secs] 
2016-09-25T22:22:05.670-0400: 11.880: [GC (GCLocker Initiated GC) [PSYoungGen: 149697K->67143K(175104K)] 591153K->510384K(699392K), 0.0051382 secs] [Times: user=0.07 sys=0.00, real=0.01 secs] 
2016-09-25T22:22:05.713-0400: 11.924: [GC (GCLocker Initiated GC) [PSYoungGen: 155207K->69797K(175104K)] 604768K->540081K(699392K), 0.0073868 secs] [Times: user=0.10 sys=0.00, real=0.01 secs] 
2016-09-25T22:22:05.755-0400: 11.965: [GC (GCLocker Initiated GC) [PSYoungGen: 157861K->68480K(175104K)] 633611K->563557K(699392K), 0.0084819 secs] [Times: user=0.11 sys=0.00, real=0.01 secs] 
2016-09-25T22:22:05.764-0400: 11.974: [Full GC (Ergonomics) [PSYoungGen: 68480K->0K(175104K)] [ParOldGen: 495077K->89546K(524288K)] 563557K->89546K(699392K), [Metaspace: 43315K->43315K(1085440K)], 0.0442823 secs] [Times: user=0.37 sys=0.00, real=0.04 secs] 
2016-09-25T22:22:05.851-0400: 12.062: [GC (GCLocker Initiated GC) [PSYoungGen: 88064K->64635K(175104K)] 192548K->169119K(699392K), 0.0055823 secs] [Times: user=0.06 sys=0.00, real=0.01 secs] 
2016-09-25T22:22:05.898-0400: 12.108: [GC (GCLocker Initiated GC) [PSYoungGen: 152699K->57537K(175104K)] 265373K->173632K(699392K), 0.0133464 secs] [Times: user=0.19 sys=0.00, real=0.01 secs] 
2016-09-25T22:22:05.947-0400: 12.158: [GC (GCLocker Initiated GC) [PSYoungGen: 145601K->77865K(175104K)] 270016K->214819K(699392K), 0.0072683 secs] [Times: user=0.10 sys=0.00, real=0.01 secs] 
2016-09-25T22:22:05.998-0400: 12.208: [GC (GCLocker Initiated GC) [PSYoungGen: 165929K->60269K(175104K)] 304351K->204526K(699392K), 0.0056695 secs] [Times: user=0.06 sys=0.01, real=0.01 secs] 
2016-09-25T22:22:06.039-0400: 12.249: [GC (GCLocker Initiated GC) [PSYoungGen: 148333K->71101K(175104K)] 298023K->223856K(699392K), 0.0099020 secs] [Times: user=0.15 sys=0.00, real=0.01 secs] 
2016-09-25T22:22:06.085-0400: 12.295: [GC (GCLocker Initiated GC) [PSYoungGen: 159165K->85965K(175104K)] 314737K->243292K(699392K), 0.0100424 secs] [Times: user=0.14 sys=0.00, real=0.01 secs] 
2016-09-25T22:22:06.143-0400: 12.353: [GC (GCLocker Initiated GC) [PSYoungGen: 174029K->77944K(175104K)] 342310K->257452K(699392K), 0.0075093 secs] [Times: user=0.10 sys=0.01, real=0.00 secs] 
2016-09-25T22:22:06.193-0400: 12.403: [GC (GCLocker Initiated GC) [PSYoungGen: 166008K->49640K(175104K)] 362036K->262333K(699392K), 0.0088563 secs] [Times: user=0.13 sys=0.00, real=0.01 secs] 
2016-09-25T22:22:06.246-0400: 12.457: [GC (GCLocker Initiated GC) [PSYoungGen: 137704K->46628K(175104K)] 350456K->266604K(699392K), 0.0065131 secs] [Times: user=0.07 sys=0.00, real=0.00 secs] 
2016-09-25T22:22:06.289-0400: 12.499: [GC (GCLocker Initiated GC) [PSYoungGen: 134692K->62951K(175104K)] 357457K->306260K(699392K), 0.0074952 secs] [Times: user=0.06 sys=0.00, real=0.01 secs] 
2016-09-25T22:22:06.333-0400: 12.543: [GC (GCLocker Initiated GC) [PSYoungGen: 151015K->65934K(175104K)] 402538K->339541K(699392K), 0.0090381 secs] [Times: user=0.13 sys=0.00, real=0.01 secs] 
2016-09-25T22:22:06.379-0400: 12.589: [GC (GCLocker Initiated GC) [PSYoungGen: 153998K->84633K(175104K)] 427761K->364340K(699392K), 0.0063490 secs] [Times: user=0.09 sys=0.00, real=0.01 secs] 
2016-09-25T22:22:06.421-0400: 12.631: [GC (GCLocker Initiated GC) [PSYoungGen: 172697K->75243K(175104K)] 460676K->382519K(699392K), 0.0071024 secs] [Times: user=0.10 sys=0.00, real=0.01 secs] 
2016-09-25T22:22:06.469-0400: 12.680: [GC (GCLocker Initiated GC) [PSYoungGen: 163307K->71083K(175104K)] 476096K->405945K(699392K), 0.0069915 secs] [Times: user=0.09 sys=0.00, real=0.01 secs] 
2016-09-25T22:22:06.527-0400: 12.737: [GC (GCLocker Initiated GC) [PSYoungGen: 159147K->41493K(175104K)] 500920K->410677K(699392K), 0.0070841 secs] [Times: user=0.07 sys=0.00, real=0.00 secs] 
2016-09-25T22:22:06.580-0400: 12.790: [GC (GCLocker Initiated GC) [PSYoungGen: 129557K->60347K(175104K)] 506858K->451685K(699392K), 0.0093370 secs] [Times: user=0.10 sys=0.00, real=0.01 secs] 
2016-09-25T22:22:06.648-0400: 12.858: [GC (GCLocker Initiated GC) [PSYoungGen: 148411K->46705K(175104K)] 553262K->464206K(699392K), 0.0061225 secs] [Times: user=0.09 sys=0.00, real=0.00 secs] 
2016-09-25T22:22:06.700-0400: 12.910: [GC (GCLocker Initiated GC) [PSYoungGen: 134769K->65541K(175104K)] 552399K->487571K(699392K), 0.0123829 secs] [Times: user=0.09 sys=0.00, real=0.01 secs] 
2016-09-25T22:22:06.758-0400: 12.968: [GC (GCLocker Initiated GC) [PSYoungGen: 153603K->77893K(175104K)] 586677K->520830K(699392K), 0.0089197 secs] [Times: user=0.07 sys=0.00, real=0.01 secs] 
2016-09-25T22:22:06.819-0400: 13.029: [GC (GCLocker Initiated GC) [PSYoungGen: 165957K->57597K(175104K)] 623783K->517294K(699392K), 0.0104311 secs] [Times: user=0.14 sys=0.00, real=0.01 secs] 
2016-09-25T22:22:06.879-0400: 13.089: [GC (GCLocker Initiated GC) [PSYoungGen: 145661K->48073K(175104K)] 608167K->515078K(699392K), 0.0113027 secs] [Times: user=0.16 sys=0.00, real=0.01 secs] 
2016-09-25T22:22:06.927-0400: 13.138: [GC (GCLocker Initiated GC) [PSYoungGen: 136137K->80565K(175104K)] 605910K->557459K(699392K), 0.0105574 secs] [Times: user=0.11 sys=0.00, real=0.01 secs] 
2016-09-25T22:22:06.983-0400: 13.194: [GC (GCLocker Initiated GC) [PSYoungGen: 168629K->60347K(175104K)] 652454K->554053K(699392K), 0.0066096 secs] [Times: user=0.09 sys=0.00, real=0.00 secs] 
2016-09-25T22:22:07.033-0400: 13.244: [Full GC (Ergonomics) [PSYoungGen: 148411K->0K(175104K)] [ParOldGen: 499152K->94953K(524288K)] 647563K->94953K(699392K), [Metaspace: 43322K->43322K(1085440K)], 0.0520130 secs] [Times: user=0.32 sys=0.00, real=0.06 secs] 
2016-09-25T22:22:07.130-0400: 13.340: [GC (GCLocker Initiated GC) [PSYoungGen: 88064K->76932K(175104K)] 190054K->178922K(699392K), 0.0066714 secs] [Times: user=0.09 sys=0.00, real=0.01 secs] 
2016-09-25T22:22:07.191-0400: 13.401: [GC (GCLocker Initiated GC) [PSYoungGen: 164996K->63093K(175104K)] 285974K->184875K(699392K), 0.0052659 secs] [Times: user=0.06 sys=0.00, real=0.01 secs] 
2016-09-25T22:22:07.250-0400: 13.460: [GC (GCLocker Initiated GC) [PSYoungGen: 151157K->64366K(175104K)] 289393K->221983K(699392K), 0.0071633 secs] [Times: user=0.10 sys=0.00, real=0.01 secs] 
2016-09-25T22:22:07.309-0400: 13.519: [GC (GCLocker Initiated GC) [PSYoungGen: 152430K->71225K(175104K)] 327621K->246836K(699392K), 0.0065826 secs] [Times: user=0.10 sys=0.00, real=0.01 secs] 
2016-09-25T22:22:07.355-0400: 13.565: [GC (GCLocker Initiated GC) [PSYoungGen: 159289K->71038K(175104K)] 340373K->255279K(699392K), 0.0059223 secs] [Times: user=0.06 sys=0.00, real=0.00 secs] 
2016-09-25T22:22:07.407-0400: 13.617: [GC (GCLocker Initiated GC) [PSYoungGen: 159102K->57725K(175104K)] 346135K->276215K(699392K), 0.0071208 secs] [Times: user=0.10 sys=0.00, real=0.00 secs] 
2016-09-25T22:22:07.458-0400: 13.668: [GC (GCLocker Initiated GC) [PSYoungGen: 145789K->68525K(175104K)] 369815K->294384K(699392K), 0.0058319 secs] [Times: user=0.08 sys=0.00, real=0.01 secs] 
2016-09-25T22:22:07.520-0400: 13.730: [GC (GCLocker Initiated GC) [PSYoungGen: 156589K->48119K(175104K)] 394810K->308473K(699392K), 0.0059374 secs] [Times: user=0.07 sys=0.00, real=0.01 secs] 
2016-09-25T22:22:07.568-0400: 13.778: [GC (GCLocker Initiated GC) [PSYoungGen: 136183K->69829K(175104K)] 403312K->340016K(699392K), 0.0090211 secs] [Times: user=0.12 sys=0.00, real=0.01 secs] 
2016-09-25T22:22:07.617-0400: 13.827: [GC (GCLocker Initiated GC) [PSYoungGen: 157893K->61652K(150016K)] 428122K->356688K(674304K), 0.0064459 secs] [Times: user=0.08 sys=0.00, real=0.01 secs] 
2016-09-25T22:22:07.667-0400: 13.878: [GC (GCLocker Initiated GC) [PSYoungGen: 149716K->49337K(174080K)] 451702K->353031K(698368K), 0.0056542 secs] [Times: user=0.04 sys=0.00, real=0.00 secs] 
2016-09-25T22:22:07.725-0400: 13.935: [GC (GCLocker Initiated GC) [PSYoungGen: 136889K->77833K(174592K)] 448832K->391583K(698880K), 0.0067205 secs] [Times: user=0.09 sys=0.01, real=0.00 secs] 
2016-09-25T22:22:07.779-0400: 13.989: [GC (GCLocker Initiated GC) [PSYoungGen: 165385K->84634K(175104K)] 481988K->411098K(699392K), 0.0108211 secs] [Times: user=0.15 sys=0.00, real=0.01 secs] 
2016-09-25T22:22:07.829-0400: 14.040: [GC (GCLocker Initiated GC) [PSYoungGen: 172698K->64411K(175104K)] 514145K->422408K(699392K), 0.0066735 secs] [Times: user=0.10 sys=0.00, real=0.01 secs] 
2016-09-25T22:22:07.886-0400: 14.096: [GC (GCLocker Initiated GC) [PSYoungGen: 152475K->58951K(175104K)] 515934K->441772K(699392K), 0.0096396 secs] [Times: user=0.10 sys=0.01, real=0.01 secs] 
2016-09-25T22:22:07.935-0400: 14.146: [GC (GCLocker Initiated GC) [PSYoungGen: 147015K->69893K(175104K)] 535354K->478903K(699392K), 0.0072511 secs] [Times: user=0.09 sys=0.00, real=0.01 secs] 
2016-09-25T22:22:07.995-0400: 14.205: [GC (GCLocker Initiated GC) [PSYoungGen: 157957K->54947K(175104K)] 572415K->495594K(699392K), 0.0066326 secs] [Times: user=0.08 sys=0.00, real=0.00 secs] 
2016-09-25T22:22:08.044-0400: 14.254: [GC (GCLocker Initiated GC) [PSYoungGen: 143011K->63016K(175104K)] 591836K->524454K(699392K), 0.0079813 secs] [Times: user=0.12 sys=0.00, real=0.00 secs] 
2016-09-25T22:22:08.095-0400: 14.305: [GC (GCLocker Initiated GC) [PSYoungGen: 151080K->57602K(174080K)] 612618K->522308K(698368K), 0.0076780 secs] [Times: user=0.05 sys=0.00, real=0.01 secs] 
2016-09-25T22:22:08.143-0400: 14.353: [GC (GCLocker Initiated GC) [PSYoungGen: 145666K->84584K(174592K)] 613234K->567479K(698880K), 0.0078399 secs] [Times: user=0.11 sys=0.00, real=0.00 secs] 
2016-09-25T22:22:08.192-0400: 14.402: [GC (GCLocker Initiated GC) [PSYoungGen: 172648K->75211K(175104K)] 659800K->573583K(699392K), 0.0089181 secs] [Times: user=0.13 sys=0.00, real=0.01 secs] 
2016-09-25T22:22:08.201-0400: 14.411: [Full GC (Ergonomics) [PSYoungGen: 75211K->0K(175104K)] [ParOldGen: 498371K->102059K(524288K)] 573583K->102059K(699392K), [Metaspace: 43331K->43331K(1085440K)], 0.0483324 secs] [Times: user=0.36 sys=0.00, real=0.05 secs] 
2016-09-25T22:22:08.288-0400: 14.498: [GC (GCLocker Initiated GC) [PSYoungGen: 88064K->54997K(175104K)] 193275K->160209K(699392K), 0.0052764 secs] [Times: user=0.07 sys=0.00, real=0.00 secs] 
2016-09-25T22:22:08.337-0400: 14.547: [GC (GCLocker Initiated GC) [PSYoungGen: 143061K->65844K(175104K)] 257751K->183814K(699392K), 0.0074335 secs] [Times: user=0.08 sys=0.00, real=0.01 secs] 
2016-09-25T22:22:08.389-0400: 14.599: [GC (GCLocker Initiated GC) [PSYoungGen: 153908K->80488K(175104K)] 274641K->211250K(699392K), 0.0068683 secs] [Times: user=0.09 sys=0.00, real=0.01 secs] 
2016-09-25T22:22:08.440-0400: 14.650: [GC (GCLocker Initiated GC) [PSYoungGen: 168552K->71134K(175104K)] 299406K->228011K(699392K), 0.0066368 secs] [Times: user=0.09 sys=0.00, real=0.01 secs] 
2016-09-25T22:22:08.487-0400: 14.697: [GC (GCLocker Initiated GC) [PSYoungGen: 159198K->84661K(175104K)] 317545K->262338K(699392K), 0.0084530 secs] [Times: user=0.12 sys=0.00, real=0.01 secs] 
2016-09-25T22:22:08.545-0400: 14.755: [GC (GCLocker Initiated GC) [PSYoungGen: 172725K->65715K(175104K)] 358609K->262840K(699392K), 0.0060736 secs] [Times: user=0.07 sys=0.00, real=0.00 secs] 
2016-09-25T22:22:08.593-0400: 14.803: [GC (GCLocker Initiated GC) [PSYoungGen: 153779K->69642K(175104K)] 356481K->276809K(699392K), 0.0060599 secs] [Times: user=0.06 sys=0.00, real=0.01 secs] 
2016-09-25T22:22:08.645-0400: 14.855: [GC (GCLocker Initiated GC) [PSYoungGen: 157706K->72346K(175104K)] 370350K->290743K(699392K), 0.0075213 secs] [Times: user=0.08 sys=0.01, real=0.00 secs] 
2016-09-25T22:22:08.693-0400: 14.904: [GC (GCLocker Initiated GC) [PSYoungGen: 160410K->71073K(175104K)] 387013K->311549K(699392K), 0.0065790 secs] [Times: user=0.08 sys=0.01, real=0.01 secs] 
2016-09-25T22:22:08.740-0400: 14.951: [GC (GCLocker Initiated GC) [PSYoungGen: 159137K->72442K(175104K)] 405336K->340628K(699392K), 0.0082454 secs] [Times: user=0.11 sys=0.00, real=0.01 secs] 
2016-09-25T22:22:08.786-0400: 14.997: [GC (GCLocker Initiated GC) [PSYoungGen: 160506K->66963K(175104K)] 434134K->354385K(699392K), 0.0115196 secs] [Times: user=0.16 sys=0.00, real=0.01 secs] 
2016-09-25T22:22:08.844-0400: 15.054: [GC (GCLocker Initiated GC) [PSYoungGen: 155027K->46710K(175104K)] 461442K->377720K(699392K), 0.0079268 secs] [Times: user=0.11 sys=0.00, real=0.00 secs] 
2016-09-25T22:22:08.898-0400: 15.108: [GC (GCLocker Initiated GC) [PSYoungGen: 134774K->54845K(175104K)] 474012K->398433K(699392K), 0.0050715 secs] [Times: user=0.05 sys=0.00, real=0.01 secs] 
2016-09-25T22:22:08.943-0400: 15.153: [GC (GCLocker Initiated GC) [PSYoungGen: 142909K->62913K(175104K)] 494800K->425959K(699392K), 0.0086659 secs] [Times: user=0.07 sys=0.00, real=0.00 secs] 
2016-09-25T22:22:08.995-0400: 15.206: [GC (GCLocker Initiated GC) [PSYoungGen: 150977K->60260K(148480K)] 518319K->464404K(672768K), 0.0119267 secs] [Times: user=0.14 sys=0.00, real=0.01 secs] 
2016-09-25T22:22:09.045-0400: 15.255: [GC (GCLocker Initiated GC) [PSYoungGen: 148324K->81814K(173056K)] 552528K->499895K(697344K), 0.0072613 secs] [Times: user=0.11 sys=0.00, real=0.00 secs] 
2016-09-25T22:22:09.096-0400: 15.306: [GC (GCLocker Initiated GC) [PSYoungGen: 168854K->60200K(174080K)] 592412K->509667K(698368K), 0.0124369 secs] [Times: user=0.17 sys=0.00, real=0.01 secs] 
2016-09-25T22:22:09.154-0400: 15.364: [GC (GCLocker Initiated GC) [PSYoungGen: 147240K->58690K(175104K)] 602165K->517895K(699392K), 0.0087856 secs] [Times: user=0.11 sys=0.00, real=0.02 secs] 
2016-09-25T22:22:09.211-0400: 15.421: [GC (GCLocker Initiated GC) [PSYoungGen: 146754K->80418K(175104K)] 611487K->552132K(699392K), 0.0068358 secs] [Times: user=0.08 sys=0.01, real=0.01 secs] 
2016-09-25T22:22:09.258-0400: 15.468: [GC (GCLocker Initiated GC) [PSYoungGen: 168482K->69476K(175104K)] 643079K->549670K(699392K), 0.0111368 secs] [Times: user=0.11 sys=0.00, real=0.01 secs] 
2016-09-25T22:22:09.315-0400: 15.525: [Full GC (Ergonomics) [PSYoungGen: 157540K->0K(175104K)] [ParOldGen: 488468K->112135K(524288K)] 646009K->112135K(699392K), [Metaspace: 43337K->43337K(1085440K)], 0.0584818 secs] [Times: user=0.36 sys=0.00, real=0.05 secs] 
2016-09-25T22:22:09.420-0400: 15.630: [GC (GCLocker Initiated GC) [PSYoungGen: 88064K->67078K(175104K)] 202905K->181920K(699392K), 0.0103173 secs] [Times: user=0.14 sys=0.01, real=0.01 secs] 
2016-09-25T22:22:09.468-0400: 15.678: [GC (GCLocker Initiated GC) [PSYoungGen: 155142K->77654K(175104K)] 270074K->199760K(699392K), 0.0069559 secs] [Times: user=0.07 sys=0.00, real=0.01 secs] 
2016-09-25T22:22:09.510-0400: 15.720: [GC (GCLocker Initiated GC) [PSYoungGen: 165718K->68268K(175104K)] 290631K->209612K(699392K), 0.0079040 secs] [Times: user=0.07 sys=0.00, real=0.01 secs] 
2016-09-25T22:22:09.565-0400: 15.775: [GC (GCLocker Initiated GC) [PSYoungGen: 156332K->72304K(175104K)] 305843K->228821K(699392K), 0.0066442 secs] [Times: user=0.10 sys=0.00, real=0.00 secs] 
2016-09-25T22:22:09.615-0400: 15.826: [GC (GCLocker Initiated GC) [PSYoungGen: 160368K->53418K(175104K)] 330619K->253618K(699392K), 0.0060003 secs] [Times: user=0.07 sys=0.00, real=0.00 secs] 
2016-09-25T22:22:09.657-0400: 15.868: [GC (GCLocker Initiated GC) [PSYoungGen: 141482K->68222K(173056K)] 347740K->274713K(697344K), 0.0055651 secs] [Times: user=0.06 sys=0.01, real=0.01 secs] 
2016-09-25T22:22:09.706-0400: 15.916: [GC (GCLocker Initiated GC) [PSYoungGen: 156286K->54640K(174080K)] 369611K->284447K(698368K), 0.0093353 secs] [Times: user=0.13 sys=0.01, real=0.01 secs] 
2016-09-25T22:22:09.755-0400: 15.965: [GC (GCLocker Initiated GC) [PSYoungGen: 142704K->64250K(172544K)] 381996K->317239K(696832K), 0.0086889 secs] [Times: user=0.08 sys=0.00, real=0.01 secs] 
2016-09-25T22:22:09.804-0400: 16.014: [GC (GCLocker Initiated GC) [PSYoungGen: 153850K->65490K(174080K)] 416473K->354076K(698368K), 0.0071284 secs] [Times: user=0.09 sys=0.00, real=0.00 secs] 
2016-09-25T22:22:09.855-0400: 16.065: [GC (GCLocker Initiated GC) [PSYoungGen: 155090K->51972K(177152K)] 443800K->367976K(701440K), 0.0104260 secs] [Times: user=0.14 sys=0.00, real=0.01 secs] 
2016-09-25T22:22:09.908-0400: 16.118: [GC (GCLocker Initiated GC) [PSYoungGen: 146180K->77815K(172032K)] 467803K->399645K(696320K), 0.0088052 secs] [Times: user=0.11 sys=0.00, real=0.01 secs] 
2016-09-25T22:22:09.954-0400: 16.164: [GC (GCLocker Initiated GC) [PSYoungGen: 172023K->62868K(177152K)] 496649K->398625K(701440K), 0.0074741 secs] [Times: user=0.06 sys=0.01, real=0.01 secs] 
2016-09-25T22:22:09.998-0400: 16.208: [GC (GCLocker Initiated GC) [PSYoungGen: 153492K->57436K(148480K)] 494861K->424740K(672768K), 0.0071181 secs] [Times: user=0.10 sys=0.00, real=0.01 secs] 
2016-09-25T22:22:10.038-0400: 16.249: [GC (GCLocker Initiated GC) [PSYoungGen: 148060K->69682K(175104K)] 521568K->458321K(699392K), 0.0068624 secs] [Times: user=0.09 sys=0.01, real=0.01 secs] 
2016-09-25T22:22:10.095-0400: 16.306: [GC (GCLocker Initiated GC) [PSYoungGen: 160306K->64218K(175104K)] 561230K->474905K(699392K), 0.0106638 secs] [Times: user=0.13 sys=0.01, real=0.01 secs] 
2016-09-25T22:22:10.170-0400: 16.381: [GC (GCLocker Initiated GC) [PSYoungGen: 154842K->70936K(175104K)] 565698K->486095K(699392K), 0.0097484 secs] [Times: user=0.14 sys=0.00, real=0.01 secs] 
2016-09-25T22:22:10.224-0400: 16.434: [GC (Allocation Failure) [PSYoungGen: 163608K->69683K(175616K)] 584304K->501433K(699904K), 0.0085849 secs] [Times: user=0.11 sys=0.01, real=0.00 secs] 
2016-09-25T22:22:10.272-0400: 16.482: [GC (GCLocker Initiated GC) [PSYoungGen: 161777K->74957K(176128K)] 597577K->523182K(700416K), 0.0087347 secs] [Times: user=0.07 sys=0.00, real=0.01 secs] 
2016-09-25T22:22:10.322-0400: 16.532: [GC (GCLocker Initiated GC) [PSYoungGen: 168141K->74986K(168448K)] 619153K->528971K(692736K), 0.0095171 secs] [Times: user=0.10 sys=0.00, real=0.01 secs] 
2016-09-25T22:22:10.389-0400: 16.600: [GC (GCLocker Initiated GC) [PSYoungGen: 168170K->61518K(177152K)] 626291K->530703K(701440K), 0.0114797 secs] [Times: user=0.16 sys=0.00, real=0.01 secs] 
2016-09-25T22:22:10.452-0400: 16.662: [GC (GCLocker Initiated GC) [PSYoungGen: 153166K->55816K(176640K)] 622424K->529374K(700928K), 0.0116981 secs] [Times: user=0.12 sys=0.00, real=0.02 secs] 
2016-09-25T22:22:10.500-0400: 16.710: [GC (GCLocker Initiated GC) [PSYoungGen: 147464K->53293K(176128K)] 626496K->555506K(700416K), 0.0079620 secs] [Times: user=0.09 sys=0.00, real=0.01 secs] 
2016-09-25T22:22:10.508-0400: 16.718: [Full GC (Ergonomics) [PSYoungGen: 53293K->0K(176128K)] [ParOldGen: 502213K->110312K(524288K)] 555506K->110312K(700416K), [Metaspace: 43346K->43346K(1085440K)], 0.0553489 secs] [Times: user=0.35 sys=0.00, real=0.06 secs] 
2016-09-25T22:22:10.622-0400: 16.832: [GC (GCLocker Initiated GC) [PSYoungGen: 91136K->72513K(163840K)] 201624K->183002K(688128K), 0.0097206 secs] [Times: user=0.10 sys=0.01, real=0.01 secs] 
2016-09-25T22:22:10.681-0400: 16.892: [GC (GCLocker Initiated GC) [PSYoungGen: 163649K->76336K(174592K)] 276924K->204933K(698880K), 0.0070767 secs] [Times: user=0.10 sys=0.00, real=0.01 secs] 
2016-09-25T22:22:10.726-0400: 16.937: [GC (GCLocker Initiated GC) [PSYoungGen: 164400K->64186K(175104K)] 295762K->216083K(699392K), 0.0090672 secs] [Times: user=0.12 sys=0.00, real=0.01 secs] 
2016-09-25T22:22:10.772-0400: 16.982: [GC (GCLocker Initiated GC) [PSYoungGen: 152250K->73654K(174592K)] 304192K->242028K(698880K), 0.0100575 secs] [Times: user=0.14 sys=0.00, real=0.02 secs] 
2016-09-25T22:22:10.834-0400: 17.045: [GC (GCLocker Initiated GC) [PSYoungGen: 161718K->50608K(175104K)] 335597K->254476K(699392K), 0.0093270 secs] [Times: user=0.13 sys=0.00, real=0.01 secs] 
2016-09-25T22:22:10.905-0400: 17.115: [GC (GCLocker Initiated GC) [PSYoungGen: 138672K->62807K(173056K)] 356285K->282010K(697344K), 0.0108489 secs] [Times: user=0.12 sys=0.00, real=0.01 secs] 
2016-09-25T22:22:10.956-0400: 17.166: [GC (GCLocker Initiated GC) [PSYoungGen: 150871K->64236K(174080K)] 380969K->295925K(698368K), 0.0063364 secs] [Times: user=0.08 sys=0.00, real=0.00 secs] 
2016-09-25T22:22:11.017-0400: 17.227: [GC (GCLocker Initiated GC) [PSYoungGen: 152300K->38476K(172544K)] 400264K->288039K(696832K), 0.0153773 secs] [Times: user=0.20 sys=0.00, real=0.01 secs] 
2016-09-25T22:22:11.095-0400: 17.306: [GC (GCLocker Initiated GC) [PSYoungGen: 126540K->42366K(175104K)] 376165K->311126K(699392K), 0.0117441 secs] [Times: user=0.12 sys=0.01, real=0.01 secs] 
2016-09-25T22:22:11.151-0400: 17.361: [GC (GCLocker Initiated GC) [PSYoungGen: 130430K->51946K(174080K)] 404675K->337227K(698368K), 0.0103938 secs] [Times: user=0.12 sys=0.00, real=0.01 secs] 
2016-09-25T22:22:11.206-0400: 17.417: [GC (GCLocker Initiated GC) [PSYoungGen: 140010K->45282K(174592K)] 433510K->355214K(698880K), 0.0091615 secs] [Times: user=0.10 sys=0.01, real=0.01 secs] 
2016-09-25T22:22:11.291-0400: 17.501: [GC (GCLocker Initiated GC) [PSYoungGen: 133346K->52084K(171520K)] 455667K->399066K(695808K), 0.0115861 secs] [Times: user=0.20 sys=0.00, real=0.02 secs] 
2016-09-25T22:22:11.359-0400: 17.570: [GC (GCLocker Initiated GC) [PSYoungGen: 141172K->54842K(173568K)] 499026K->427811K(697856K), 0.0065286 secs] [Times: user=0.10 sys=0.00, real=0.01 secs] 
2016-09-25T22:22:11.410-0400: 17.620: [GC (GCLocker Initiated GC) [PSYoungGen: 143930K->51960K(174592K)] 526350K->449534K(698880K), 0.0065962 secs] [Times: user=0.06 sys=0.01, real=0.01 secs] 
2016-09-25T22:22:11.485-0400: 17.695: [GC (GCLocker Initiated GC) [PSYoungGen: 147192K->51978K(176128K)] 555709K->460822K(700416K), 0.0144641 secs] [Times: user=0.18 sys=0.00, real=0.01 secs] 
2016-09-25T22:22:11.572-0400: 17.782: [GC (GCLocker Initiated GC) [PSYoungGen: 147210K->50527K(178176K)] 556082K->478604K(702464K), 0.0085900 secs] [Times: user=0.08 sys=0.00, real=0.01 secs] 
2016-09-25T22:22:11.620-0400: 17.831: [GC (GCLocker Initiated GC) [PSYoungGen: 152415K->54712K(179712K)] 583240K->499281K(704000K), 0.0163481 secs] [Times: user=0.22 sys=0.00, real=0.02 secs] 
2016-09-25T22:22:11.690-0400: 17.900: [GC (GCLocker Initiated GC) [PSYoungGen: 156600K->54849K(181760K)] 609360K->530981K(706048K), 0.0094282 secs] [Times: user=0.10 sys=0.00, real=0.01 secs] 
2016-09-25T22:22:11.747-0400: 17.957: [GC (GCLocker Initiated GC) [PSYoungGen: 163393K->73905K(182784K)] 639685K->569455K(707072K), 0.0126281 secs] [Times: user=0.15 sys=0.00, real=0.01 secs] 
2016-09-25T22:22:11.759-0400: 17.970: [Full GC (Ergonomics) [PSYoungGen: 73905K->0K(182784K)] [ParOldGen: 495550K->116725K(524288K)] 569455K->116725K(707072K), [Metaspace: 43357K->43357K(1085440K)], 0.0611545 secs] [Times: user=0.49 sys=0.01, real=0.06 secs] 
2016-09-25T22:22:11.873-0400: 18.084: [GC (GCLocker Initiated GC) [PSYoungGen: 108544K->76888K(173056K)] 228128K->204573K(697344K), 0.0115652 secs] [Times: user=0.15 sys=0.00, real=0.02 secs] 
2016-09-25T22:22:11.934-0400: 18.145: [GC (GCLocker Initiated GC) [PSYoungGen: 171096K->67157K(161792K)] 308414K->205276K(686080K), 0.0069893 secs] [Times: user=0.06 sys=0.00, real=0.00 secs] 
2016-09-25T22:22:11.996-0400: 18.206: [GC (GCLocker Initiated GC) [PSYoungGen: 161365K->63093K(178688K)] 313197K->223472K(702976K), 0.0104312 secs] [Times: user=0.12 sys=0.00, real=0.01 secs] 
2016-09-25T22:22:12.065-0400: 18.275: [GC (GCLocker Initiated GC) [PSYoungGen: 157301K->52170K(146432K)] 324665K->233499K(670720K), 0.0083857 secs] [Times: user=0.08 sys=0.00, real=0.00 secs] 
2016-09-25T22:22:12.123-0400: 18.333: [GC (GCLocker Initiated GC) [PSYoungGen: 146378K->73868K(173568K)] 330450K->271862K(697856K), 0.0067157 secs] [Times: user=0.08 sys=0.00, real=0.00 secs] 
2016-09-25T22:22:12.187-0400: 18.397: [GC (GCLocker Initiated GC) [PSYoungGen: 165004K->60378K(176640K)] 372627K->272538K(700928K), 0.0056085 secs] [Times: user=0.08 sys=0.00, real=0.00 secs] 
2016-09-25T22:22:12.245-0400: 18.456: [GC (GCLocker Initiated GC) [PSYoungGen: 151514K->65644K(175104K)] 366436K->294572K(699392K), 0.0066807 secs] [Times: user=0.07 sys=0.01, real=0.00 secs] 
2016-09-25T22:22:12.303-0400: 18.514: [GC (GCLocker Initiated GC) [PSYoungGen: 159340K->65690K(176128K)] 391083K->303257K(700416K), 0.0074435 secs] [Times: user=0.07 sys=0.00, real=0.00 secs] 
2016-09-25T22:22:12.360-0400: 18.571: [GC (GCLocker Initiated GC) [PSYoungGen: 159386K->61770K(176128K)] 403818K->306629K(700416K), 0.0080255 secs] [Times: user=0.06 sys=0.00, real=0.01 secs] 
2016-09-25T22:22:12.423-0400: 18.633: [GC (GCLocker Initiated GC) [PSYoungGen: 159562K->46891K(178176K)] 408477K->326086K(702464K), 0.0092395 secs] [Times: user=0.08 sys=0.00, real=0.00 secs] 
2016-09-25T22:22:12.489-0400: 18.699: [GC (GCLocker Initiated GC) [PSYoungGen: 144683K->79333K(171008K)] 436166K->382152K(695296K), 0.0068736 secs] [Times: user=0.09 sys=0.00, real=0.01 secs] 
2016-09-25T22:22:12.543-0400: 18.753: [GC (GCLocker Initiated GC) [PSYoungGen: 169445K->65761K(176128K)] 483280K->393584K(700416K), 0.0159241 secs] [Times: user=0.22 sys=0.01, real=0.01 secs] 
2016-09-25T22:22:12.610-0400: 18.821: [GC (GCLocker Initiated GC) [PSYoungGen: 155873K->61603K(171008K)] 486503K->414330K(695296K), 0.0079347 secs] [Times: user=0.07 sys=0.00, real=0.01 secs] 
2016-09-25T22:22:12.666-0400: 18.876: [GC (GCLocker Initiated GC) [PSYoungGen: 152739K->68464K(174080K)] 507228K->439566K(698368K), 0.0133921 secs] [Times: user=0.15 sys=0.00, real=0.01 secs] 
2016-09-25T22:22:12.729-0400: 18.939: [GC (GCLocker Initiated GC) [PSYoungGen: 159600K->68480K(179200K)] 536215K->469943K(703488K), 0.0306538 secs] [Times: user=0.44 sys=0.01, real=0.03 secs] 
2016-09-25T22:22:12.817-0400: 19.027: [GC (GCLocker Initiated GC) [PSYoungGen: 164736K->71177K(167936K)] 570472K->480032K(692224K), 0.0127646 secs] [Times: user=0.16 sys=0.00, real=0.01 secs] 
2016-09-25T22:22:12.875-0400: 19.086: [GC (GCLocker Initiated GC) [PSYoungGen: 167433K->80712K(172032K)] 576374K->492841K(696320K), 0.0089923 secs] [Times: user=0.09 sys=0.00, real=0.01 secs] 
2016-09-25T22:22:12.932-0400: 19.142: [GC (GCLocker Initiated GC) [PSYoungGen: 168776K->57677K(175104K)] 583809K->501567K(699392K), 0.0066561 secs] [Times: user=0.08 sys=0.01, real=0.01 secs] 
2016-09-25T22:22:12.985-0400: 19.195: [GC (GCLocker Initiated GC) [PSYoungGen: 145741K->82041K(175104K)] 595257K->533356K(699392K), 0.0075475 secs] [Times: user=0.10 sys=0.00, real=0.00 secs] 
2016-09-25T22:22:13.036-0400: 19.246: [GC (GCLocker Initiated GC) [PSYoungGen: 170105K->68453K(175104K)] 621714K->532781K(699392K), 0.0094008 secs] [Times: user=0.12 sys=0.00, real=0.01 secs] 
2016-09-25T22:22:13.094-0400: 19.304: [GC (GCLocker Initiated GC) [PSYoungGen: 156517K->77872K(175104K)] 621084K->552355K(699392K), 0.0069486 secs] [Times: user=0.09 sys=0.00, real=0.01 secs] 
2016-09-25T22:22:13.136-0400: 19.347: [GC (GCLocker Initiated GC) [PSYoungGen: 165936K->72627K(175104K)] 645936K->566512K(699392K), 0.0089656 secs] [Times: user=0.14 sys=0.00, real=0.01 secs] 
2016-09-25T22:22:13.146-0400: 19.356: [Full GC (Ergonomics) [PSYoungGen: 72627K->0K(175104K)] [ParOldGen: 493885K->130618K(524288K)] 566512K->130618K(699392K), [Metaspace: 43360K->43360K(1085440K)], 0.0512872 secs] [Times: user=0.42 sys=0.01, real=0.05 secs] 
2016-09-25T22:22:13.246-0400: 19.457: [GC (GCLocker Initiated GC) [PSYoungGen: 88064K->64752K(175104K)] 221538K->198226K(699392K), 0.0218554 secs] [Times: user=0.31 sys=0.00, real=0.02 secs] 
2016-09-25T22:22:13.328-0400: 19.538: [GC (GCLocker Initiated GC) [PSYoungGen: 152816K->50869K(175104K)] 294622K->194902K(699392K), 0.0090167 secs] [Times: user=0.13 sys=0.00, real=0.01 secs] 
2016-09-25T22:22:13.390-0400: 19.600: [GC (GCLocker Initiated GC) [PSYoungGen: 138933K->61711K(175104K)] 285837K->221276K(699392K), 0.0064375 secs] [Times: user=0.10 sys=0.00, real=0.01 secs] 
2016-09-25T22:22:13.439-0400: 19.649: [GC (GCLocker Initiated GC) [PSYoungGen: 149775K->73916K(175104K)] 312223K->254331K(699392K), 0.0087521 secs] [Times: user=0.06 sys=0.01, real=0.01 secs] 
2016-09-25T22:22:13.494-0400: 19.704: [GC (GCLocker Initiated GC) [PSYoungGen: 161980K->69898K(175104K)] 357368K->295553K(699392K), 0.0093172 secs] [Times: user=0.09 sys=0.00, real=0.02 secs] 
2016-09-25T22:22:13.557-0400: 19.767: [GC (GCLocker Initiated GC) [PSYoungGen: 157962K->49556K(175104K)] 391731K->308177K(699392K), 0.0178048 secs] [Times: user=0.26 sys=0.01, real=0.02 secs] 
2016-09-25T22:22:13.618-0400: 19.828: [GC (GCLocker Initiated GC) [PSYoungGen: 137620K->86100K(175104K)] 396356K->353411K(699392K), 0.0107120 secs] [Times: user=0.09 sys=0.01, real=0.01 secs] 
2016-09-25T22:22:13.676-0400: 19.886: [GC (GCLocker Initiated GC) [PSYoungGen: 174164K->63161K(175104K)] 449693K->370202K(699392K), 0.0168263 secs] [Times: user=0.19 sys=0.01, real=0.01 secs] 
2016-09-25T22:22:13.743-0400: 19.953: [GC (GCLocker Initiated GC) [PSYoungGen: 151225K->68496K(175104K)] 463671K->382747K(699392K), 0.0063793 secs] [Times: user=0.07 sys=0.00, real=0.00 secs] 
2016-09-25T22:22:13.804-0400: 20.014: [GC (GCLocker Initiated GC) [PSYoungGen: 156560K->53715K(175104K)] 483054K->383489K(699392K), 0.0088839 secs] [Times: user=0.10 sys=0.00, real=0.00 secs] 
2016-09-25T22:22:13.868-0400: 20.079: [GC (Allocation Failure) [PSYoungGen: 141779K->82068K(175104K)] 481084K->427275K(699392K), 0.0077251 secs] [Times: user=0.10 sys=0.00, real=0.01 secs] 
2016-09-25T22:22:13.925-0400: 20.135: [GC (GCLocker Initiated GC) [PSYoungGen: 169035K->53592K(175104K)] 516941K->420978K(699392K), 0.0067991 secs] [Times: user=0.09 sys=0.01, real=0.00 secs] 
2016-09-25T22:22:13.979-0400: 20.189: [GC (GCLocker Initiated GC) [PSYoungGen: 141656K->56352K(175104K)] 521227K->439105K(699392K), 0.0083205 secs] [Times: user=0.09 sys=0.00, real=0.01 secs] 
2016-09-25T22:22:14.037-0400: 20.247: [GC (GCLocker Initiated GC) [PSYoungGen: 144416K->77965K(175104K)] 527304K->480275K(699392K), 0.0070644 secs] [Times: user=0.10 sys=0.00, real=0.01 secs] 
2016-09-25T22:22:14.090-0400: 20.300: [GC (GCLocker Initiated GC) [PSYoungGen: 166029K->61838K(175104K)] 571094K->487661K(699392K), 0.0080454 secs] [Times: user=0.12 sys=0.00, real=0.01 secs] 
2016-09-25T22:22:14.152-0400: 20.362: [GC (GCLocker Initiated GC) [PSYoungGen: 149902K->42778K(175104K)] 575776K->482676K(699392K), 0.0098306 secs] [Times: user=0.07 sys=0.01, real=0.01 secs] 
2016-09-25T22:22:14.210-0400: 20.421: [GC (GCLocker Initiated GC) [PSYoungGen: 130842K->67313K(175104K)] 570992K->541786K(699392K), 0.0089060 secs] [Times: user=0.14 sys=0.00, real=0.01 secs] 
2016-09-25T22:22:14.272-0400: 20.483: [GC (GCLocker Initiated GC) [PSYoungGen: 155377K->72649K(175104K)] 629903K->554624K(699392K), 0.0067267 secs] [Times: user=0.09 sys=0.00, real=0.01 secs] 
2016-09-25T22:22:14.329-0400: 20.539: [Full GC (Ergonomics) [PSYoungGen: 160713K->0K(175104K)] [ParOldGen: 488922K->127543K(524288K)] 649635K->127543K(699392K), [Metaspace: 43370K->43370K(1085440K)], 0.0655781 secs] [Times: user=0.40 sys=0.02, real=0.07 secs] 
2016-09-25T22:22:14.438-0400: 20.648: [GC (GCLocker Initiated GC) [PSYoungGen: 88064K->79858K(175104K)] 215741K->207535K(699392K), 0.0062365 secs] [Times: user=0.09 sys=0.00, real=0.01 secs] 
2016-09-25T22:22:14.492-0400: 20.702: [GC (GCLocker Initiated GC) [PSYoungGen: 167922K->72613K(175104K)] 295644K->221690K(699392K), 0.0067261 secs] [Times: user=0.09 sys=0.00, real=0.01 secs] 
2016-09-25T22:22:14.548-0400: 20.758: [GC (GCLocker Initiated GC) [PSYoungGen: 160677K->72850K(175104K)] 317613K->249253K(699392K), 0.0101646 secs] [Times: user=0.12 sys=0.00, real=0.01 secs] 
2016-09-25T22:22:14.609-0400: 20.820: [GC (GCLocker Initiated GC) [PSYoungGen: 160914K->67121K(175104K)] 348226K->255180K(699392K), 0.0081830 secs] [Times: user=0.11 sys=0.00, real=0.01 secs] 
2016-09-25T22:22:14.668-0400: 20.878: [GC (GCLocker Initiated GC) [PSYoungGen: 155185K->55110K(175104K)] 351368K->288290K(699392K), 0.0101543 secs] [Times: user=0.14 sys=0.00, real=0.01 secs] 
2016-09-25T22:22:14.726-0400: 20.936: [GC (GCLocker Initiated GC) [PSYoungGen: 143174K->86152K(175104K)] 379111K->324005K(699392K), 0.0109806 secs] [Times: user=0.11 sys=0.00, real=0.01 secs] 
2016-09-25T22:22:14.797-0400: 21.007: [GC (GCLocker Initiated GC) [PSYoungGen: 174216K->45531K(175104K)] 426753K->299967K(699392K), 0.0063966 secs] [Times: user=0.04 sys=0.00, real=0.01 secs] 
2016-09-25T22:22:14.855-0400: 21.065: [GC (GCLocker Initiated GC) [PSYoungGen: 133595K->57723K(175104K)] 396167K->333122K(699392K), 0.0062910 secs] [Times: user=0.08 sys=0.00, real=0.00 secs] 
2016-09-25T22:22:14.917-0400: 21.127: [GC (GCLocker Initiated GC) [PSYoungGen: 145787K->49641K(175104K)] 430709K->337781K(699392K), 0.0073956 secs] [Times: user=0.08 sys=0.00, real=0.01 secs] 
2016-09-25T22:22:14.978-0400: 21.188: [GC (GCLocker Initiated GC) [PSYoungGen: 137705K->69927K(175104K)] 431392K->364223K(699392K), 0.0101430 secs] [Times: user=0.11 sys=0.00, real=0.01 secs] 
2016-09-25T22:22:15.038-0400: 21.248: [GC (GCLocker Initiated GC) [PSYoungGen: 157991K->46789K(175104K)] 457731K->375500K(699392K), 0.0151301 secs] [Times: user=0.22 sys=0.01, real=0.02 secs] 
2016-09-25T22:22:15.104-0400: 21.315: [GC (GCLocker Initiated GC) [PSYoungGen: 134853K->64613K(175104K)] 466349K->406037K(699392K), 0.0068197 secs] [Times: user=0.09 sys=0.00, real=0.00 secs] 
2016-09-25T22:22:15.152-0400: 21.362: [GC (GCLocker Initiated GC) [PSYoungGen: 152677K->51195K(175104K)] 502251K->421628K(699392K), 0.0056622 secs] [Times: user=0.08 sys=0.00, real=0.01 secs] 
2016-09-25T22:22:15.199-0400: 21.409: [GC (GCLocker Initiated GC) [PSYoungGen: 139259K->78076K(175104K)] 509725K->450657K(699392K), 0.0068748 secs] [Times: user=0.10 sys=0.00, real=0.01 secs] 
2016-09-25T22:22:15.254-0400: 21.464: [GC (GCLocker Initiated GC) [PSYoungGen: 166140K->33480K(175104K)] 544216K->439193K(699392K), 0.0062858 secs] [Times: user=0.06 sys=0.01, real=0.01 secs] 
2016-09-25T22:22:15.314-0400: 21.524: [GC (GCLocker Initiated GC) [PSYoungGen: 121544K->85154K(175104K)] 527380K->509244K(699392K), 0.0160030 secs] [Times: user=0.23 sys=0.01, real=0.02 secs] 
2016-09-25T22:22:15.398-0400: 21.608: [GC (GCLocker Initiated GC) [PSYoungGen: 173218K->64583K(175104K)] 601481K->511289K(699392K), 0.0095652 secs] [Times: user=0.12 sys=0.00, real=0.01 secs] 
2016-09-25T22:22:15.451-0400: 21.661: [GC (GCLocker Initiated GC) [PSYoungGen: 152647K->56399K(175104K)] 608922K->537627K(699392K), 0.0074167 secs] [Times: user=0.08 sys=0.00, real=0.01 secs] 
2016-09-25T22:22:15.520-0400: 21.730: [Full GC (Ergonomics) [PSYoungGen: 144463K->0K(175104K)] [ParOldGen: 488118K->140039K(524288K)] 632581K->140039K(699392K), [Metaspace: 43370K->43370K(1085440K)], 0.0839336 secs] [Times: user=0.54 sys=0.01, real=0.09 secs] 
2016-09-25T22:22:15.653-0400: 21.863: [GC (GCLocker Initiated GC) [PSYoungGen: 88064K->59564K(175104K)] 233522K->205023K(699392K), 0.0095565 secs] [Times: user=0.14 sys=0.00, real=0.02 secs] 
2016-09-25T22:22:15.699-0400: 21.909: [GC (GCLocker Initiated GC) [PSYoungGen: 147628K->74115K(175104K)] 298600K->228869K(699392K), 0.0133415 secs] [Times: user=0.16 sys=0.00, real=0.01 secs] 
2016-09-25T22:22:15.793-0400: 22.003: [GC (GCLocker Initiated GC) [PSYoungGen: 162179K->45705K(175104K)] 325134K->256750K(699392K), 0.0086386 secs] [Times: user=0.11 sys=0.01, real=0.01 secs] 
2016-09-25T22:22:15.853-0400: 22.064: [GC (GCLocker Initiated GC) [PSYoungGen: 133769K->68790K(175104K)] 353134K->303688K(699392K), 0.0070341 secs] [Times: user=0.10 sys=0.00, real=0.01 secs] 
2016-09-25T22:22:15.912-0400: 22.122: [GC (GCLocker Initiated GC) [PSYoungGen: 156854K->71302K(175104K)] 397368K->316664K(699392K), 0.0102324 secs] [Times: user=0.10 sys=0.00, real=0.02 secs] 
2016-09-25T22:22:16.000-0400: 22.210: [GC (GCLocker Initiated GC) [PSYoungGen: 159366K->61860K(175104K)] 404772K->326840K(699392K), 0.0104406 secs] [Times: user=0.14 sys=0.00, real=0.01 secs] 
2016-09-25T22:22:16.060-0400: 22.270: [GC (GCLocker Initiated GC) [PSYoungGen: 149924K->78404K(175104K)] 417633K->348197K(699392K), 0.0063335 secs] [Times: user=0.09 sys=0.00, real=0.01 secs] 
2016-09-25T22:22:16.110-0400: 22.321: [GC (GCLocker Initiated GC) [PSYoungGen: 166468K->69986K(175104K)] 439051K->356994K(699392K), 0.0085460 secs] [Times: user=0.07 sys=0.00, real=0.01 secs] 
2016-09-25T22:22:16.191-0400: 22.401: [GC (GCLocker Initiated GC) [PSYoungGen: 158050K->51087K(175104K)] 450675K->361918K(699392K), 0.0148458 secs] [Times: user=0.13 sys=0.00, real=0.02 secs] 
2016-09-25T22:22:16.272-0400: 22.482: [GC (GCLocker Initiated GC) [PSYoungGen: 139151K->71370K(175104K)] 458262K->400627K(699392K), 0.0079094 secs] [Times: user=0.10 sys=0.00, real=0.01 secs] 
2016-09-25T22:22:16.326-0400: 22.536: [GC (GCLocker Initiated GC) [PSYoungGen: 159434K->61920K(175104K)] 495483K->413501K(699392K), 0.0062772 secs] [Times: user=0.09 sys=0.00, real=0.00 secs] 
2016-09-25T22:22:16.397-0400: 22.607: [GC (GCLocker Initiated GC) [PSYoungGen: 149984K->56400K(175104K)] 508672K->441428K(699392K), 0.0112625 secs] [Times: user=0.15 sys=0.00, real=0.01 secs] 
2016-09-25T22:22:16.478-0400: 22.688: [GC (GCLocker Initiated GC) [PSYoungGen: 144464K->50874K(175104K)] 529534K->456780K(699392K), 0.0059783 secs] [Times: user=0.08 sys=0.00, real=0.01 secs] 
2016-09-25T22:22:16.523-0400: 22.733: [GC (GCLocker Initiated GC) [PSYoungGen: 138938K->67250K(175104K)] 547596K->487204K(699392K), 0.0101309 secs] [Times: user=0.15 sys=0.00, real=0.00 secs] 
2016-09-25T22:22:16.567-0400: 22.777: [GC (GCLocker Initiated GC) [PSYoungGen: 155314K->74282K(175104K)] 578102K->512548K(699392K), 0.0073187 secs] [Times: user=0.10 sys=0.00, real=0.01 secs] 
2016-09-25T22:22:16.647-0400: 22.857: [GC (GCLocker Initiated GC) [PSYoungGen: 162346K->53828K(175104K)] 609643K->542406K(699392K), 0.0109866 secs] [Times: user=0.13 sys=0.01, real=0.01 secs] 
2016-09-25T22:22:16.658-0400: 22.868: [Full GC (Ergonomics) [PSYoungGen: 53828K->0K(175104K)] [ParOldGen: 488578K->150088K(524288K)] 542406K->150088K(699392K), [Metaspace: 43370K->43370K(1085440K)], 0.0636944 secs] [Times: user=0.54 sys=0.01, real=0.06 secs] 
2016-09-25T22:22:16.768-0400: 22.979: [GC (GCLocker Initiated GC) [PSYoungGen: 88064K->60680K(174080K)] 239518K->212134K(698368K), 0.0082542 secs] [Times: user=0.11 sys=0.00, real=0.01 secs] 
2016-09-25T22:22:16.818-0400: 23.029: [GC (GCLocker Initiated GC) [PSYoungGen: 148744K->66113K(174592K)] 307009K->226408K(698880K), 0.0058367 secs] [Times: user=0.07 sys=0.01, real=0.01 secs] 
2016-09-25T22:22:16.877-0400: 23.087: [GC (GCLocker Initiated GC) [PSYoungGen: 154177K->65820K(174080K)] 317358K->229810K(698368K), 0.0062712 secs] [Times: user=0.08 sys=0.00, real=0.01 secs] 
2016-09-25T22:22:16.933-0400: 23.143: [GC (GCLocker Initiated GC) [PSYoungGen: 155932K->71174K(174592K)] 322753K->257463K(698880K), 0.0063701 secs] [Times: user=0.09 sys=0.00, real=0.01 secs] 
2016-09-25T22:22:16.992-0400: 23.202: [GC (GCLocker Initiated GC) [PSYoungGen: 161286K->65813K(175616K)] 347706K->254085K(699904K), 0.0060951 secs] [Times: user=0.08 sys=0.01, real=0.01 secs] 
2016-09-25T22:22:17.057-0400: 23.268: [GC (GCLocker Initiated GC) [PSYoungGen: 157973K->64248K(176128K)] 353051K->274734K(700416K), 0.0059680 secs] [Times: user=0.08 sys=0.00, real=0.01 secs] 
2016-09-25T22:22:17.109-0400: 23.320: [GC (GCLocker Initiated GC) [PSYoungGen: 156408K->69892K(176128K)] 372380K->291694K(700416K), 0.0059257 secs] [Times: user=0.09 sys=0.00, real=0.01 secs] 
2016-09-25T22:22:17.169-0400: 23.379: [GC (GCLocker Initiated GC) [PSYoungGen: 164100K->76613K(176640K)] 388735K->326078K(700928K), 0.0095350 secs] [Times: user=0.15 sys=0.00, real=0.01 secs] 
2016-09-25T22:22:17.237-0400: 23.447: [GC (GCLocker Initiated GC) [PSYoungGen: 170821K->64428K(178176K)] 423066K->349530K(702464K), 0.0069187 secs] [Times: user=0.11 sys=0.00, real=0.01 secs] 
2016-09-25T22:22:17.289-0400: 23.499: [GC (GCLocker Initiated GC) [PSYoungGen: 158124K->53693K(177152K)] 448758K->371846K(701440K), 0.0069010 secs] [Times: user=0.08 sys=0.01, real=0.01 secs] 
2016-09-25T22:22:17.344-0400: 23.554: [GC (GCLocker Initiated GC) [PSYoungGen: 147389K->45486K(175616K)] 467315K->391577K(699904K), 0.0151530 secs] [Times: user=0.20 sys=0.00, real=0.01 secs] 
2016-09-25T22:22:17.413-0400: 23.623: [GC (GCLocker Initiated GC) [PSYoungGen: 137646K->58966K(177152K)] 486593K->408421K(701440K), 0.0063340 secs] [Times: user=0.06 sys=0.00, real=0.01 secs] 
2016-09-25T22:22:17.482-0400: 23.692: [GC (GCLocker Initiated GC) [PSYoungGen: 151126K->49623K(177152K)] 515603K->430824K(701440K), 0.0065400 secs] [Times: user=0.10 sys=0.00, real=0.01 secs] 
2016-09-25T22:22:17.544-0400: 23.754: [GC (GCLocker Initiated GC) [PSYoungGen: 143319K->54919K(177152K)] 535457K->451634K(701440K), 0.0055339 secs] [Times: user=0.06 sys=0.00, real=0.00 secs] 
2016-09-25T22:22:17.604-0400: 23.814: [GC (GCLocker Initiated GC) [PSYoungGen: 148615K->52214K(177664K)] 552190K->473815K(701952K), 0.0084470 secs] [Times: user=0.12 sys=0.01, real=0.00 secs] 
2016-09-25T22:22:17.663-0400: 23.873: [GC (GCLocker Initiated GC) [PSYoungGen: 148470K->56364K(177664K)] 575583K->483895K(701952K), 0.0084926 secs] [Times: user=0.09 sys=0.00, real=0.00 secs] 
2016-09-25T22:22:17.717-0400: 23.927: [GC (GCLocker Initiated GC) [PSYoungGen: 152620K->61603K(179712K)] 580275K->514112K(704000K), 0.0096698 secs] [Times: user=0.10 sys=0.01, real=0.01 secs] 
2016-09-25T22:22:17.776-0400: 23.986: [GC (GCLocker Initiated GC) [PSYoungGen: 161955K->67178K(179200K)] 617283K->541827K(703488K), 0.0096516 secs] [Times: user=0.14 sys=0.01, real=0.01 secs] 
2016-09-25T22:22:17.839-0400: 24.049: [GC (GCLocker Initiated GC) [PSYoungGen: 167530K->58932K(180224K)] 642354K->562690K(704512K), 0.0131269 secs] [Times: user=0.17 sys=0.01, real=0.01 secs] 
2016-09-25T22:22:17.853-0400: 24.063: [Full GC (Ergonomics) [PSYoungGen: 58932K->0K(180224K)] [ParOldGen: 503758K->158855K(524288K)] 562690K->158855K(704512K), [Metaspace: 43381K->43381K(1085440K)], 0.0603524 secs] [Times: user=0.49 sys=0.01, real=0.06 secs] 
2016-09-25T22:22:17.976-0400: 24.187: [GC (GCLocker Initiated GC) [PSYoungGen: 103424K->70363K(181248K)] 267891K->234831K(705536K), 0.0061896 secs] [Times: user=0.09 sys=0.00, real=0.01 secs] 
2016-09-25T22:22:18.036-0400: 24.247: [GC (GCLocker Initiated GC) [PSYoungGen: 173787K->76542K(174080K)] 346416K->250236K(698368K), 0.0095985 secs] [Times: user=0.14 sys=0.00, real=0.01 secs] 
2016-09-25T22:22:18.110-0400: 24.321: [GC (GCLocker Initiated GC) [PSYoungGen: 170750K->57527K(178176K)] 344542K->234441K(702464K), 0.0060285 secs] [Times: user=0.05 sys=0.00, real=0.01 secs] 
2016-09-25T22:22:18.161-0400: 24.372: [GC (GCLocker Initiated GC) [PSYoungGen: 151735K->62983K(173568K)] 336851K->249851K(697856K), 0.0098573 secs] [Times: user=0.13 sys=0.00, real=0.01 secs] 
2016-09-25T22:22:18.222-0400: 24.432: [GC (GCLocker Initiated GC) [PSYoungGen: 158727K->61644K(176640K)] 348444K->253153K(700928K), 0.0093739 secs] [Times: user=0.06 sys=0.01, real=0.01 secs] 
2016-09-25T22:22:18.292-0400: 24.503: [GC (GCLocker Initiated GC) [PSYoungGen: 157388K->55046K(178688K)] 360351K->277339K(702976K), 0.0056623 secs] [Times: user=0.07 sys=0.00, real=0.01 secs] 
2016-09-25T22:22:18.353-0400: 24.563: [GC (GCLocker Initiated GC) [PSYoungGen: 156934K->76676K(178688K)] 386083K->311782K(702976K), 0.0132974 secs] [Times: user=0.16 sys=0.00, real=0.02 secs] 
2016-09-25T22:22:18.420-0400: 24.630: [GC (GCLocker Initiated GC) [PSYoungGen: 178564K->64217K(180736K)] 424511K->313320K(705024K), 0.0282101 secs] [Times: user=0.41 sys=0.01, real=0.03 secs] 
2016-09-25T22:22:18.512-0400: 24.722: [GC (GCLocker Initiated GC) [PSYoungGen: 162521K->56307K(154624K)] 415748K->327563K(678912K), 0.0110997 secs] [Times: user=0.12 sys=0.00, real=0.02 secs] 
2016-09-25T22:22:18.585-0400: 24.795: [GC (GCLocker Initiated GC) [PSYoungGen: 154611K->59116K(179712K)] 438188K->356669K(704000K), 0.0066030 secs] [Times: user=0.09 sys=0.00, real=0.00 secs] 
2016-09-25T22:22:18.643-0400: 24.853: [GC (GCLocker Initiated GC) [PSYoungGen: 158444K->75224K(178688K)] 456135K->388263K(702976K), 0.0073872 secs] [Times: user=0.09 sys=0.00, real=0.00 secs] 
2016-09-25T22:22:18.700-0400: 24.910: [GC (GCLocker Initiated GC) [PSYoungGen: 174552K->60342K(181248K)] 487657K->395501K(705536K), 0.0067739 secs] [Times: user=0.08 sys=0.00, real=0.01 secs] 
2016-09-25T22:22:18.761-0400: 24.971: [GC (GCLocker Initiated GC) [PSYoungGen: 159158K->49255K(179712K)] 494357K->394334K(704000K), 0.0069319 secs] [Times: user=0.06 sys=0.00, real=0.01 secs] 
2016-09-25T22:22:18.823-0400: 25.033: [GC (GCLocker Initiated GC) [PSYoungGen: 148071K->58931K(179200K)] 493283K->423514K(703488K), 0.0058339 secs] [Times: user=0.08 sys=0.00, real=0.00 secs] 
2016-09-25T22:22:18.880-0400: 25.090: [GC (GCLocker Initiated GC) [PSYoungGen: 158259K->77979K(177664K)] 524318K->444526K(701952K), 0.0068837 secs] [Times: user=0.10 sys=0.01, real=0.01 secs] 
2016-09-25T22:22:18.942-0400: 25.152: [GC (GCLocker Initiated GC) [PSYoungGen: 177307K->79308K(172544K)] 549499K->462833K(696832K), 0.0066440 secs] [Times: user=0.10 sys=0.00, real=0.01 secs] 
2016-09-25T22:22:22.124-0400: 28.334: [GC (GCLocker Initiated GC) [PSYoungGen: 167372K->75352K(175104K)] 559097K->470249K(699392K), 0.0108301 secs] [Times: user=0.08 sys=0.04, real=0.01 secs] 
2016-09-25T22:22:22.185-0400: 28.395: [GC (GCLocker Initiated GC) [PSYoungGen: 163416K->61653K(175104K)] 561124K->477458K(699392K), 0.0073204 secs] [Times: user=0.08 sys=0.01, real=0.00 secs] 
2016-09-25T22:22:22.251-0400: 28.461: [GC (GCLocker Initiated GC) [PSYoungGen: 149717K->60353K(175104K)] 569668K->492917K(699392K), 0.0063946 secs] [Times: user=0.08 sys=0.00, real=0.01 secs] 
2016-09-25T22:22:22.314-0400: 28.524: [GC (GCLocker Initiated GC) [PSYoungGen: 148417K->73909K(175104K)] 586527K->534092K(699392K), 0.0079882 secs] [Times: user=0.11 sys=0.00, real=0.01 secs] 
2016-09-25T22:22:22.379-0400: 28.589: [GC (GCLocker Initiated GC) [PSYoungGen: 161973K->73846K(175104K)] 625106K->564516K(699392K), 0.0109152 secs] [Times: user=0.11 sys=0.01, real=0.01 secs] 
2016-09-25T22:22:22.390-0400: 28.600: [Full GC (Ergonomics) [PSYoungGen: 73846K->0K(175104K)] [ParOldGen: 490670K->169265K(524288K)] 564516K->169265K(699392K), [Metaspace: 43408K->43408K(1085440K)], 0.0749595 secs] [Times: user=0.46 sys=0.01, real=0.08 secs] 
2016-09-25T22:22:22.524-0400: 28.735: [GC (GCLocker Initiated GC) [PSYoungGen: 88064K->72780K(175104K)] 260285K->245002K(699392K), 0.0090125 secs] [Times: user=0.10 sys=0.00, real=0.00 secs] 
2016-09-25T22:22:22.604-0400: 28.814: [GC (GCLocker Initiated GC) [PSYoungGen: 160844K->49524K(175104K)] 343879K->246749K(699392K), 0.0073553 secs] [Times: user=0.06 sys=0.00, real=0.00 secs] 
2016-09-25T22:22:22.659-0400: 28.870: [GC (GCLocker Initiated GC) [PSYoungGen: 137588K->57463K(175104K)] 334898K->256599K(699392K), 0.0087815 secs] [Times: user=0.08 sys=0.00, real=0.01 secs] 
2016-09-25T22:22:22.725-0400: 28.935: [GC (GCLocker Initiated GC) [PSYoungGen: 145527K->62953K(151040K)] 344720K->285555K(675328K), 0.0193700 secs] [Times: user=0.21 sys=0.00, real=0.02 secs] 
2016-09-25T22:22:22.802-0400: 29.012: [GC (GCLocker Initiated GC) [PSYoungGen: 151017K->61720K(176128K)] 373757K->306433K(700416K), 0.0155357 secs] [Times: user=0.18 sys=0.00, real=0.01 secs] 
2016-09-25T22:22:22.867-0400: 29.077: [GC (GCLocker Initiated GC) [PSYoungGen: 151320K->61771K(151552K)] 396209K->334126K(675840K), 0.0127557 secs] [Times: user=0.09 sys=0.01, real=0.01 secs] 
2016-09-25T22:22:22.934-0400: 29.144: [GC (GCLocker Initiated GC) [PSYoungGen: 151371K->56141K(175104K)] 429900K->336505K(699392K), 0.0204111 secs] [Times: user=0.23 sys=0.01, real=0.03 secs] 
2016-09-25T22:22:23.015-0400: 29.225: [GC (GCLocker Initiated GC) [PSYoungGen: 147789K->56117K(174080K)] 430921K->351822K(698368K), 0.0149050 secs] [Times: user=0.11 sys=0.01, real=0.01 secs] 
2016-09-25T22:22:23.085-0400: 29.295: [GC (GCLocker Initiated GC) [PSYoungGen: 147765K->54792K(178688K)] 447600K->372585K(702976K), 0.0191760 secs] [Times: user=0.20 sys=0.01, real=0.02 secs] 
2016-09-25T22:22:23.157-0400: 29.367: [GC (GCLocker Initiated GC) [PSYoungGen: 151560K->73872K(178176K)] 473471K->398955K(702464K), 0.0104349 secs] [Times: user=0.09 sys=0.00, real=0.01 secs] 
2016-09-25T22:22:23.234-0400: 29.445: [GC (GCLocker Initiated GC) [PSYoungGen: 170640K->67162K(178688K)] 498637K->407849K(702976K), 0.0191550 secs] [Times: user=0.25 sys=0.01, real=0.01 secs] 
2016-09-25T22:22:23.326-0400: 29.536: [GC (GCLocker Initiated GC) [PSYoungGen: 161882K->59133K(154112K)] 510894K->423414K(678400K), 0.0099387 secs] [Times: user=0.11 sys=0.00, real=0.01 secs] 
2016-09-25T22:22:23.399-0400: 29.610: [GC (GCLocker Initiated GC) [PSYoungGen: 153853K->56319K(177152K)] 526374K->434815K(701440K), 0.0125026 secs] [Times: user=0.13 sys=0.00, real=0.01 secs] 
2016-09-25T22:22:23.476-0400: 29.686: [GC (GCLocker Initiated GC) [PSYoungGen: 151551K->72449K(176640K)] 530171K->456967K(700928K), 0.0091223 secs] [Times: user=0.11 sys=0.00, real=0.01 secs] 
2016-09-25T22:22:23.541-0400: 29.751: [GC (GCLocker Initiated GC) [PSYoungGen: 167681K->76590K(173568K)] 555037K->487403K(697856K), 0.0163890 secs] [Times: user=0.21 sys=0.00, real=0.02 secs] 
2016-09-25T22:22:23.602-0400: 29.813: [GC (GCLocker Initiated GC) [PSYoungGen: 166702K->73944K(164352K)] 585860K->508422K(688640K), 0.0078262 secs] [Times: user=0.10 sys=0.00, real=0.00 secs] 
2016-09-25T22:22:23.668-0400: 29.878: [GC (GCLocker Initiated GC) [PSYoungGen: 164056K->62980K(176128K)] 601313K->519677K(700416K), 0.0172853 secs] [Times: user=0.21 sys=0.00, real=0.02 secs] 
2016-09-25T22:22:23.753-0400: 29.963: [GC (GCLocker Initiated GC) [PSYoungGen: 152068K->52293K(175104K)] 627805K->547298K(699392K), 0.0114956 secs] [Times: user=0.11 sys=0.01, real=0.02 secs] 
2016-09-25T22:22:23.765-0400: 29.975: [Full GC (Ergonomics) [PSYoungGen: 52293K->0K(175104K)] [ParOldGen: 495004K->176018K(524288K)] 547298K->176018K(699392K), [Metaspace: 43408K->43408K(1085440K)], 0.0728978 secs] [Times: user=0.37 sys=0.01, real=0.07 secs] 
2016-09-25T22:22:23.890-0400: 30.100: [GC (GCLocker Initiated GC) [PSYoungGen: 89088K->77942K(174080K)] 265239K->254094K(698368K), 0.0089400 secs] [Times: user=0.11 sys=0.00, real=0.01 secs] 
2016-09-25T22:22:23.944-0400: 30.155: [GC (GCLocker Initiated GC) [PSYoungGen: 166006K->57570K(175104K)] 347799K->247983K(699392K), 0.0130825 secs] [Times: user=0.14 sys=0.00, real=0.01 secs] 
2016-09-25T22:22:24.027-0400: 30.237: [GC (GCLocker Initiated GC) [PSYoungGen: 145634K->39794K(175104K)] 339025K->244438K(699392K), 0.0076347 secs] [Times: user=0.05 sys=0.00, real=0.01 secs] 
2016-09-25T22:22:24.075-0400: 30.285: [GC (GCLocker Initiated GC) [PSYoungGen: 127858K->67083K(175104K)] 340714K->292461K(699392K), 0.0071790 secs] [Times: user=0.08 sys=0.01, real=0.01 secs] 
2016-09-25T22:22:24.130-0400: 30.340: [GC (GCLocker Initiated GC) [PSYoungGen: 155147K->75119K(175104K)] 383310K->323985K(699392K), 0.0098984 secs] [Times: user=0.08 sys=0.00, real=0.01 secs] 
2016-09-25T22:22:24.197-0400: 30.408: [GC (GCLocker Initiated GC) [PSYoungGen: 163183K->75206K(175104K)] 416142K->334010K(699392K), 0.0071921 secs] [Times: user=0.09 sys=0.00, real=0.01 secs] 
2016-09-25T22:22:24.268-0400: 30.478: [GC (GCLocker Initiated GC) [PSYoungGen: 163270K->50722K(175104K)] 433014K->329023K(699392K), 0.0121976 secs] [Times: user=0.14 sys=0.00, real=0.01 secs] 
2016-09-25T22:22:24.337-0400: 30.547: [GC (GCLocker Initiated GC) [PSYoungGen: 138786K->73885K(175104K)] 419947K->358177K(699392K), 0.0089929 secs] [Times: user=0.09 sys=0.00, real=0.01 secs] 
2016-09-25T22:22:24.410-0400: 30.620: [GC (GCLocker Initiated GC) [PSYoungGen: 161949K->61744K(175104K)] 448984K->360127K(699392K), 0.0071678 secs] [Times: user=0.09 sys=0.00, real=0.01 secs] 
2016-09-25T22:22:24.468-0400: 30.678: [GC (GCLocker Initiated GC) [PSYoungGen: 149808K->86112K(175104K)] 448342K->386478K(699392K), 0.0065737 secs] [Times: user=0.09 sys=0.00, real=0.01 secs] 
2016-09-25T22:22:24.518-0400: 30.728: [GC (GCLocker Initiated GC) [PSYoungGen: 174176K->75235K(175104K)] 474607K->405892K(699392K), 0.0073617 secs] [Times: user=0.10 sys=0.00, real=0.01 secs] 
2016-09-25T22:22:24.577-0400: 30.787: [GC (GCLocker Initiated GC) [PSYoungGen: 163299K->57630K(175104K)] 493958K->422472K(699392K), 0.0094729 secs] [Times: user=0.10 sys=0.00, real=0.01 secs] 
2016-09-25T22:22:24.645-0400: 30.855: [GC (GCLocker Initiated GC) [PSYoungGen: 145694K->53508K(175104K)] 513466K->425783K(699392K), 0.0092330 secs] [Times: user=0.08 sys=0.00, real=0.00 secs] 
2016-09-25T22:22:24.707-0400: 30.917: [GC (GCLocker Initiated GC) [PSYoungGen: 141572K->53473K(175104K)] 520776K->434565K(699392K), 0.0123818 secs] [Times: user=0.12 sys=0.00, real=0.01 secs] 
2016-09-25T22:22:24.759-0400: 30.969: [GC (GCLocker Initiated GC) [PSYoungGen: 141537K->86038K(175104K)] 522728K->473172K(699392K), 0.0106079 secs] [Times: user=0.15 sys=0.01, real=0.01 secs] 
2016-09-25T22:22:24.822-0400: 31.032: [GC (GCLocker Initiated GC) [PSYoungGen: 174102K->85977K(175104K)] 562712K->489885K(699392K), 0.0090220 secs] [Times: user=0.10 sys=0.00, real=0.01 secs] 
2016-09-25T22:22:24.884-0400: 31.095: [GC (GCLocker Initiated GC) [PSYoungGen: 174041K->42728K(175104K)] 587503K->476895K(699392K), 0.0089705 secs] [Times: user=0.11 sys=0.00, real=0.00 secs] 
2016-09-25T22:22:24.953-0400: 31.163: [GC (GCLocker Initiated GC) [PSYoungGen: 130792K->60453K(175104K)] 581294K->511425K(699392K), 0.0094016 secs] [Times: user=0.12 sys=0.01, real=0.02 secs] 
2016-09-25T22:22:25.018-0400: 31.228: [GC (GCLocker Initiated GC) [PSYoungGen: 148517K->62995K(175104K)] 599569K->518701K(699392K), 0.0063452 secs] [Times: user=0.06 sys=0.00, real=0.01 secs] 
2016-09-25T22:22:25.069-0400: 31.279: [GC (GCLocker Initiated GC) [PSYoungGen: 151059K->64396K(175104K)] 610926K->538130K(699392K), 0.0078400 secs] [Times: user=0.08 sys=0.00, real=0.01 secs] 
2016-09-25T22:22:25.125-0400: 31.335: [GC (GCLocker Initiated GC) [PSYoungGen: 152460K->73828K(175104K)] 631742K->577973K(699392K), 0.0109049 secs] [Times: user=0.14 sys=0.00, real=0.01 secs] 
2016-09-25T22:22:25.136-0400: 31.347: [Full GC (Ergonomics) [PSYoungGen: 73828K->0K(175104K)] [ParOldGen: 504144K->183344K(524288K)] 577973K->183344K(699392K), [Metaspace: 43423K->43423K(1085440K)], 0.0665639 secs] [Times: user=0.55 sys=0.00, real=0.07 secs] 
2016-09-25T22:22:25.262-0400: 31.472: [GC (GCLocker Initiated GC) [PSYoungGen: 88064K->54035K(175104K)] 279513K->245484K(699392K), 0.0050950 secs] [Times: user=0.06 sys=0.02, real=0.01 secs] 
2016-09-25T22:22:25.325-0400: 31.535: [GC (GCLocker Initiated GC) [PSYoungGen: 142099K->73830K(175104K)] 339195K->274460K(699392K), 0.0064719 secs] [Times: user=0.08 sys=0.01, real=0.00 secs] 
2016-09-25T22:22:25.379-0400: 31.589: [GC (GCLocker Initiated GC) [PSYoungGen: 161894K->64415K(175104K)] 362706K->271077K(699392K), 0.0237130 secs] [Times: user=0.34 sys=0.00, real=0.03 secs] 
2016-09-25T22:22:25.448-0400: 31.659: [GC (GCLocker Initiated GC) [PSYoungGen: 152479K->62982K(175104K)] 361953K->282372K(699392K), 0.0217132 secs] [Times: user=0.29 sys=0.00, real=0.02 secs] 
2016-09-25T22:22:25.517-0400: 31.727: [GC (GCLocker Initiated GC) [PSYoungGen: 151046K->44138K(175104K)] 375857K->297765K(699392K), 0.0065235 secs] [Times: user=0.08 sys=0.00, real=0.01 secs] 
2016-09-25T22:22:25.573-0400: 31.783: [GC (GCLocker Initiated GC) [PSYoungGen: 132202K->86054K(175104K)] 385892K->344328K(699392K), 0.0101145 secs] [Times: user=0.09 sys=0.01, real=0.02 secs] 
2016-09-25T22:22:25.637-0400: 31.847: [GC (GCLocker Initiated GC) [PSYoungGen: 174118K->72609K(175104K)] 437856K->358474K(699392K), 0.0088150 secs] [Times: user=0.10 sys=0.00, real=0.01 secs] 
2016-09-25T22:22:25.705-0400: 31.915: [GC (GCLocker Initiated GC) [PSYoungGen: 160673K->44158K(175104K)] 448042K->359025K(699392K), 0.0113674 secs] [Times: user=0.15 sys=0.00, real=0.01 secs] 
2016-09-25T22:22:25.759-0400: 31.970: [GC (GCLocker Initiated GC) [PSYoungGen: 132222K->56213K(175104K)] 449900K->383843K(699392K), 0.0095447 secs] [Times: user=0.12 sys=0.01, real=0.01 secs] 
2016-09-25T22:22:25.813-0400: 32.023: [GC (GCLocker Initiated GC) [PSYoungGen: 144277K->68581K(175104K)] 480086K->404781K(699392K), 0.0062047 secs] [Times: user=0.07 sys=0.01, real=0.01 secs] 
2016-09-25T22:22:25.877-0400: 32.088: [GC (GCLocker Initiated GC) [PSYoungGen: 156645K->64435K(175104K)] 513234K->435077K(699392K), 0.0063784 secs] [Times: user=0.07 sys=0.00, real=0.01 secs] 
2016-09-25T22:22:25.963-0400: 32.173: [GC (GCLocker Initiated GC) [PSYoungGen: 152499K->49408K(175104K)] 531272K->439446K(699392K), 0.0123769 secs] [Times: user=0.12 sys=0.01, real=0.01 secs] 
2016-09-25T22:22:26.036-0400: 32.246: [GC (GCLocker Initiated GC) [PSYoungGen: 137472K->72510K(175104K)] 530387K->469899K(699392K), 0.0074267 secs] [Times: user=0.10 sys=0.00, real=0.01 secs] 
2016-09-25T22:22:26.090-0400: 32.300: [GC (GCLocker Initiated GC) [PSYoungGen: 160574K->38563K(175104K)] 560726K->468914K(699392K), 0.0065165 secs] [Times: user=0.08 sys=0.00, real=0.01 secs] 
2016-09-25T22:22:26.143-0400: 32.353: [GC (GCLocker Initiated GC) [PSYoungGen: 126627K->71222K(175104K)] 557105K->516889K(699392K), 0.0129312 secs] [Times: user=0.15 sys=0.00, real=0.01 secs] 
2016-09-25T22:22:26.218-0400: 32.428: [GC (GCLocker Initiated GC) [PSYoungGen: 159286K->72554K(175104K)] 610413K->556664K(699392K), 0.0108867 secs] [Times: user=0.18 sys=0.00, real=0.01 secs] 
2016-09-25T22:22:26.229-0400: 32.439: [Full GC (Ergonomics) [PSYoungGen: 72554K->0K(175104K)] [ParOldGen: 484109K->186175K(524288K)] 556664K->186175K(699392K), [Metaspace: 43424K->43424K(1085440K)], 0.0714382 secs] [Times: user=0.60 sys=0.03, real=0.07 secs] 
2016-09-25T22:22:26.353-0400: 32.564: [GC (GCLocker Initiated GC) [PSYoungGen: 88064K->83580K(175104K)] 277027K->272544K(699392K), 0.0120307 secs] [Times: user=0.12 sys=0.01, real=0.02 secs] 
2016-09-25T22:22:26.438-0400: 32.648: [GC (GCLocker Initiated GC) [PSYoungGen: 171644K->72527K(175104K)] 364737K->293362K(699392K), 0.0121668 secs] [Times: user=0.13 sys=0.00, real=0.01 secs] 
2016-09-25T22:22:26.512-0400: 32.723: [GC (GCLocker Initiated GC) [PSYoungGen: 160591K->50857K(175104K)] 388478K->302191K(699392K), 0.0068606 secs] [Times: user=0.09 sys=0.00, real=0.01 secs] 
2016-09-25T22:22:26.573-0400: 32.784: [GC (GCLocker Initiated GC) [PSYoungGen: 138921K->60310K(175104K)] 397216K->329809K(699392K), 0.0083778 secs] [Times: user=0.10 sys=0.02, real=0.01 secs] 
2016-09-25T22:22:26.655-0400: 32.866: [GC (GCLocker Initiated GC) [PSYoungGen: 148374K->57682K(175104K)] 421748K->342265K(699392K), 0.0101788 secs] [Times: user=0.12 sys=0.00, real=0.01 secs] 
2016-09-25T22:22:26.723-0400: 32.933: [GC (GCLocker Initiated GC) [PSYoungGen: 145746K->56145K(175104K)] 430551K->358967K(699392K), 0.0078597 secs] [Times: user=0.05 sys=0.01, real=0.00 secs] 
2016-09-25T22:22:26.767-0400: 32.977: [GC (GCLocker Initiated GC) [PSYoungGen: 144209K->69872K(175104K)] 451844K->386002K(699392K), 0.0070855 secs] [Times: user=0.07 sys=0.00, real=0.00 secs] 
2016-09-25T22:22:26.834-0400: 33.044: [GC (GCLocker Initiated GC) [PSYoungGen: 157936K->52163K(175104K)] 479605K->387867K(699392K), 0.0096126 secs] [Times: user=0.12 sys=0.00, real=0.02 secs] 
2016-09-25T22:22:26.901-0400: 33.111: [GC (GCLocker Initiated GC) [PSYoungGen: 140227K->81978K(175104K)] 478701K->422185K(699392K), 0.0101264 secs] [Times: user=0.15 sys=0.01, real=0.01 secs] 
2016-09-25T22:22:26.966-0400: 33.176: [GC (GCLocker Initiated GC) [PSYoungGen: 170042K->63021K(175104K)] 521179K->445650K(699392K), 0.0074056 secs] [Times: user=0.11 sys=0.00, real=0.00 secs] 
2016-09-25T22:22:27.017-0400: 33.227: [GC (GCLocker Initiated GC) [PSYoungGen: 151085K->53514K(175104K)] 536565K->454317K(699392K), 0.0066410 secs] [Times: user=0.08 sys=0.01, real=0.01 secs] 
2016-09-25T22:22:27.085-0400: 33.295: [GC (GCLocker Initiated GC) [PSYoungGen: 141578K->52209K(175104K)] 547793K->477744K(699392K), 0.0103426 secs] [Times: user=0.13 sys=0.00, real=0.01 secs] 
2016-09-25T22:22:27.155-0400: 33.365: [GC (GCLocker Initiated GC) [PSYoungGen: 140273K->71172K(175104K)] 566025K->498695K(699392K), 0.0134958 secs] [Times: user=0.08 sys=0.00, real=0.01 secs] 
2016-09-25T22:22:27.210-0400: 33.420: [GC (GCLocker Initiated GC) [PSYoungGen: 159236K->54864K(175104K)] 586903K->520847K(699392K), 0.0074532 secs] [Times: user=0.09 sys=0.00, real=0.01 secs] 
2016-09-25T22:22:27.264-0400: 33.474: [GC (GCLocker Initiated GC) [PSYoungGen: 142928K->55016K(175104K)] 614476K->552618K(699392K), 0.0071939 secs] [Times: user=0.10 sys=0.00, real=0.00 secs] 
2016-09-25T22:22:27.271-0400: 33.481: [Full GC (Ergonomics) [PSYoungGen: 55016K->0K(175104K)] [ParOldGen: 497602K->188311K(524288K)] 552618K->188311K(699392K), [Metaspace: 43434K->43434K(1085440K)], 0.0738855 secs] [Times: user=0.48 sys=0.00, real=0.08 secs] 
2016-09-25T22:22:27.415-0400: 33.625: [GC (GCLocker Initiated GC) [PSYoungGen: 88064K->83578K(175104K)] 279198K->274712K(699392K), 0.0064405 secs] [Times: user=0.08 sys=0.00, real=0.00 secs] 
2016-09-25T22:22:27.462-0400: 33.672: [GC (GCLocker Initiated GC) [PSYoungGen: 171642K->56149K(175104K)] 365571K->268368K(699392K), 0.0241531 secs] [Times: user=0.34 sys=0.01, real=0.03 secs] 
2016-09-25T22:22:27.524-0400: 33.734: [GC (GCLocker Initiated GC) [PSYoungGen: 144213K->68459K(175104K)] 359258K->301421K(699392K), 0.0063997 secs] [Times: user=0.08 sys=0.01, real=0.00 secs] 
2016-09-25T22:22:27.579-0400: 33.789: [GC (GCLocker Initiated GC) [PSYoungGen: 156523K->45426K(175104K)] 396335K->303239K(699392K), 0.0094053 secs] [Times: user=0.10 sys=0.00, real=0.01 secs] 
2016-09-25T22:22:27.632-0400: 33.843: [GC (GCLocker Initiated GC) [PSYoungGen: 133490K->53475K(175104K)] 397032K->320089K(699392K), 0.0111515 secs] [Times: user=0.10 sys=0.03, real=0.02 secs] 
2016-09-25T22:22:27.698-0400: 33.908: [GC (GCLocker Initiated GC) [PSYoungGen: 141539K->47973K(175104K)] 410977K->332774K(699392K), 0.0063315 secs] [Times: user=0.05 sys=0.00, real=0.01 secs] 
2016-09-25T22:22:27.753-0400: 33.963: [GC (GCLocker Initiated GC) [PSYoungGen: 136037K->79240K(175104K)] 421029K->365929K(699392K), 0.0066649 secs] [Times: user=0.09 sys=0.00, real=0.01 secs] 
2016-09-25T22:22:27.806-0400: 34.017: [GC (GCLocker Initiated GC) [PSYoungGen: 167304K->69801K(175104K)] 454176K->359832K(699392K), 0.0167846 secs] [Times: user=0.21 sys=0.01, real=0.02 secs] 
2016-09-25T22:22:27.872-0400: 34.082: [GC (GCLocker Initiated GC) [PSYoungGen: 157865K->69692K(175104K)] 453409K->381859K(699392K), 0.0070861 secs] [Times: user=0.08 sys=0.00, real=0.01 secs] 
2016-09-25T22:22:27.935-0400: 34.145: [GC (GCLocker Initiated GC) [PSYoungGen: 157756K->67056K(175104K)] 479527K->394613K(699392K), 0.0059333 secs] [Times: user=0.08 sys=0.00, real=0.00 secs] 
2016-09-25T22:22:27.994-0400: 34.204: [GC (GCLocker Initiated GC) [PSYoungGen: 155120K->64452K(175104K)] 494928K->422212K(699392K), 0.0065805 secs] [Times: user=0.07 sys=0.00, real=0.00 secs] 
2016-09-25T22:22:28.063-0400: 34.273: [GC (GCLocker Initiated GC) [PSYoungGen: 152516K->45513K(175104K)] 533250K->449663K(699392K), 0.0057924 secs] [Times: user=0.08 sys=0.00, real=0.00 secs] 
2016-09-25T22:22:28.118-0400: 34.328: [GC (GCLocker Initiated GC) [PSYoungGen: 133577K->61568K(175104K)] 537980K->481305K(699392K), 0.0095810 secs] [Times: user=0.09 sys=0.00, real=0.01 secs] 
2016-09-25T22:22:28.172-0400: 34.383: [GC (GCLocker Initiated GC) [PSYoungGen: 149631K->68331K(175104K)] 572320K->492708K(699392K), 0.0066365 secs] [Times: user=0.06 sys=0.01, real=0.01 secs] 
2016-09-25T22:22:28.235-0400: 34.446: [GC (Allocation Failure) [PSYoungGen: 156395K->52141K(173056K)] 587596K->505345K(697344K), 0.0128550 secs] [Times: user=0.15 sys=0.00, real=0.01 secs] 
2016-09-25T22:22:28.251-0400: 34.461: [GC (GCLocker Initiated GC) [PSYoungGen: 61107K->8292K(174080K)] 514311K->525538K(698368K), 0.0074598 secs] [Times: user=0.08 sys=0.01, real=0.01 secs] 
2016-09-25T22:22:28.259-0400: 34.469: [Full GC (Ergonomics) [PSYoungGen: 8292K->0K(174080K)] [ParOldGen: 517246K->198273K(524288K)] 525538K->198273K(698368K), [Metaspace: 43435K->43435K(1085440K)], 0.0674114 secs] [Times: user=0.51 sys=0.00, real=0.07 secs] 
2016-09-25T22:22:28.381-0400: 34.591: [GC (GCLocker Initiated GC) [PSYoungGen: 85823K->75367K(175104K)] 286797K->276341K(699392K), 0.0105875 secs] [Times: user=0.16 sys=0.00, real=0.01 secs] 
2016-09-25T22:22:28.431-0400: 34.642: [GC (GCLocker Initiated GC) [PSYoungGen: 163431K->63056K(175104K)] 364508K->276936K(699392K), 0.0055478 secs] [Times: user=0.06 sys=0.00, real=0.01 secs] 
2016-09-25T22:22:28.483-0400: 34.694: [GC (GCLocker Initiated GC) [PSYoungGen: 151120K->61758K(175104K)] 373150K->294928K(699392K), 0.0338910 secs] [Times: user=0.38 sys=0.01, real=0.03 secs] 
2016-09-25T22:22:28.566-0400: 34.776: [GC (GCLocker Initiated GC) [PSYoungGen: 149822K->71017K(175104K)] 387276K->308942K(699392K), 0.0090981 secs] [Times: user=0.10 sys=0.01, real=0.01 secs] 
2016-09-25T22:22:28.633-0400: 34.844: [GC (GCLocker Initiated GC) [PSYoungGen: 159081K->60213K(175104K)] 397040K->322937K(699392K), 0.0122853 secs] [Times: user=0.18 sys=0.00, real=0.02 secs] 
2016-09-25T22:22:28.700-0400: 34.910: [GC (GCLocker Initiated GC) [PSYoungGen: 148277K->52264K(175104K)] 416506K->338361K(699392K), 0.0057438 secs] [Times: user=0.08 sys=0.00, real=0.01 secs] 
2016-09-25T22:22:28.755-0400: 34.966: [GC (GCLocker Initiated GC) [PSYoungGen: 140328K->65637K(175104K)] 433240K->360343K(699392K), 0.0071296 secs] [Times: user=0.07 sys=0.00, real=0.01 secs] 
2016-09-25T22:22:28.829-0400: 35.039: [GC (GCLocker Initiated GC) [PSYoungGen: 153701K->48131K(175104K)] 460610K->366260K(699392K), 0.0055710 secs] [Times: user=0.07 sys=0.00, real=0.01 secs] 
2016-09-25T22:22:28.884-0400: 35.094: [GC (GCLocker Initiated GC) [PSYoungGen: 136195K->66988K(175104K)] 462445K->411221K(699392K), 0.0145525 secs] [Times: user=0.18 sys=0.00, real=0.01 secs] 
2016-09-25T22:22:28.952-0400: 35.162: [GC (GCLocker Initiated GC) [PSYoungGen: 155052K->73834K(175104K)] 502052K->422574K(699392K), 0.0061058 secs] [Times: user=0.08 sys=0.00, real=0.01 secs] 
2016-09-25T22:22:29.006-0400: 35.216: [GC (GCLocker Initiated GC) [PSYoungGen: 161898K->71091K(175104K)] 513439K->454087K(699392K), 0.0080067 secs] [Times: user=0.08 sys=0.01, real=0.01 secs] 
2016-09-25T22:22:29.056-0400: 35.267: [GC (GCLocker Initiated GC) [PSYoungGen: 159155K->68467K(175104K)] 545039K->477695K(699392K), 0.0065299 secs] [Times: user=0.07 sys=0.00, real=0.01 secs] 
2016-09-25T22:22:29.107-0400: 35.317: [GC (GCLocker Initiated GC) [PSYoungGen: 156531K->67073K(175104K)] 565830K->491678K(699392K), 0.0092985 secs] [Times: user=0.12 sys=0.00, real=0.01 secs] 
2016-09-25T22:22:29.176-0400: 35.386: [GC (GCLocker Initiated GC) [PSYoungGen: 155137K->56146K(175104K)] 587921K->492000K(699392K), 0.0069520 secs] [Times: user=0.06 sys=0.00, real=0.01 secs] 
2016-09-25T22:22:29.241-0400: 35.451: [GC (GCLocker Initiated GC) [PSYoungGen: 144210K->56297K(174080K)] 584927K->520349K(698368K), 0.0096795 secs] [Times: user=0.10 sys=0.00, real=0.01 secs] 
2016-09-25T22:22:29.281-0400: 35.491: [GC (GCLocker Initiated GC) [PSYoungGen: 144361K->65680K(174592K)] 608477K->551860K(698880K), 0.0108709 secs] [Times: user=0.14 sys=0.00, real=0.01 secs] 
2016-09-25T22:22:29.292-0400: 35.502: [Full GC (Ergonomics) [PSYoungGen: 65680K->0K(174592K)] [ParOldGen: 486179K->177820K(524288K)] 551860K->177820K(698880K), [Metaspace: 43454K->43454K(1085440K)], 0.1758934 secs] [Times: user=2.46 sys=0.01, real=0.18 secs] 
2016-09-25T22:22:29.519-0400: 35.729: [GC (GCLocker Initiated GC) [PSYoungGen: 88064K->77060K(173568K)] 270102K->259099K(697856K), 0.0113578 secs] [Times: user=0.18 sys=0.00, real=0.01 secs] 
2016-09-25T22:22:29.586-0400: 35.796: [GC (GCLocker Initiated GC) [PSYoungGen: 165124K->52172K(175104K)] 359485K->267706K(699392K), 0.0153888 secs] [Times: user=0.22 sys=0.01, real=0.01 secs] 
2016-09-25T22:22:29.661-0400: 35.871: [GC (GCLocker Initiated GC) [PSYoungGen: 140236K->65436K(174080K)] 358711K->286987K(698368K), 0.0083202 secs] [Times: user=0.11 sys=0.00, real=0.01 secs] 
2016-09-25T22:22:29.721-0400: 35.931: [GC (GCLocker Initiated GC) [PSYoungGen: 153500K->49332K(174592K)] 376414K->282064K(698880K), 0.0074868 secs] [Times: user=0.07 sys=0.01, real=0.01 secs] 
2016-09-25T22:22:29.771-0400: 35.981: [GC (GCLocker Initiated GC) [PSYoungGen: 137396K->67119K(174592K)] 375772K->307200K(698880K), 0.0064090 secs] [Times: user=0.08 sys=0.00, real=0.01 secs] 
2016-09-25T22:22:29.841-0400: 36.052: [GC (GCLocker Initiated GC) [PSYoungGen: 156207K->58977K(175104K)] 401930K->315976K(699392K), 0.0060724 secs] [Times: user=0.05 sys=0.01, real=0.01 secs] 
2016-09-25T22:22:29.897-0400: 36.108: [GC (GCLocker Initiated GC) [PSYoungGen: 148065K->68437K(175104K)] 407880K->340811K(699392K), 0.0088575 secs] [Times: user=0.10 sys=0.00, real=0.01 secs] 
2016-09-25T22:22:29.958-0400: 36.169: [GC (GCLocker Initiated GC) [PSYoungGen: 159061K->41117K(175104K)] 436971K->323515K(699392K), 0.0060015 secs] [Times: user=0.05 sys=0.00, real=0.01 secs] 
2016-09-25T22:22:30.026-0400: 36.236: [GC (GCLocker Initiated GC) [PSYoungGen: 131741K->67120K(176128K)] 420944K->358042K(700416K), 0.0066910 secs] [Times: user=0.08 sys=0.00, real=0.00 secs] 
2016-09-25T22:22:30.075-0400: 36.285: [GC (GCLocker Initiated GC) [PSYoungGen: 157232K->62942K(153088K)] 455118K->366710K(677376K), 0.0096115 secs] [Times: user=0.05 sys=0.01, real=0.01 secs] 
2016-09-25T22:22:30.142-0400: 36.352: [GC (GCLocker Initiated GC) [PSYoungGen: 153054K->56224K(175104K)] 462289K->391539K(699392K), 0.0070444 secs] [Times: user=0.08 sys=0.00, real=0.00 secs] 
2016-09-25T22:22:30.212-0400: 36.422: [GC (GCLocker Initiated GC) [PSYoungGen: 147360K->60403K(174080K)] 485555K->400342K(698368K), 0.0065761 secs] [Times: user=0.07 sys=0.01, real=0.01 secs] 
2016-09-25T22:22:30.265-0400: 36.475: [GC (GCLocker Initiated GC) [PSYoungGen: 151539K->67012K(175104K)] 491567K->425073K(699392K), 0.0066342 secs] [Times: user=0.10 sys=0.00, real=0.00 secs] 
2016-09-25T22:22:30.327-0400: 36.538: [GC (GCLocker Initiated GC) [PSYoungGen: 161732K->52252K(175616K)] 529445K->443312K(699904K), 0.0084485 secs] [Times: user=0.11 sys=0.00, real=0.01 secs] 
2016-09-25T22:22:30.386-0400: 36.596: [GC (GCLocker Initiated GC) [PSYoungGen: 146972K->57467K(178176K)] 540853K->453138K(702464K), 0.0070705 secs] [Times: user=0.07 sys=0.01, real=0.00 secs] 
2016-09-25T22:22:30.450-0400: 36.660: [GC (GCLocker Initiated GC) [PSYoungGen: 158331K->64211K(179712K)] 556894K->465805K(704000K), 0.0120173 secs] [Times: user=0.13 sys=0.00, real=0.02 secs] 
2016-09-25T22:22:30.511-0400: 36.721: [GC (GCLocker Initiated GC) [PSYoungGen: 165075K->76541K(175104K)] 566743K->481373K(699392K), 0.0067031 secs] [Times: user=0.09 sys=0.01, real=0.01 secs] 
2016-09-25T22:22:30.563-0400: 36.773: [GC (GCLocker Initiated GC) [PSYoungGen: 172797K->76554K(173056K)] 580527K->514441K(697344K), 0.0083238 secs] [Times: user=0.11 sys=0.01, real=0.00 secs] 
2016-09-25T22:22:30.628-0400: 36.838: [GC (GCLocker Initiated GC) [PSYoungGen: 172810K->71110K(175104K)] 610888K->513708K(699392K), 0.0100178 secs] [Times: user=0.08 sys=0.00, real=0.01 secs] 
2016-09-25T22:22:30.682-0400: 36.892: [GC (GCLocker Initiated GC) [PSYoungGen: 160198K->67231K(156672K)] 611010K->529249K(680960K), 0.0066159 secs] [Times: user=0.09 sys=0.00, real=0.01 secs] 
2016-09-25T22:22:30.748-0400: 36.959: [GC (GCLocker Initiated GC) [PSYoungGen: 156319K->60309K(176128K)] 626465K->543170K(700416K), 0.0106762 secs] [Times: user=0.16 sys=0.00, real=0.01 secs] 
2016-09-25T22:22:30.811-0400: 37.021: [Full GC (Ergonomics) [PSYoungGen: 150933K->0K(176128K)] [ParOldGen: 492416K->195624K(524288K)] 643350K->195624K(700416K), [Metaspace: 43580K->43580K(1085440K)], 0.0602151 secs] [Times: user=0.48 sys=0.01, real=0.06 secs] 
2016-09-25T22:22:30.913-0400: 37.123: [GC (GCLocker Initiated GC) [PSYoungGen: 90624K->56515K(175104K)] 294455K->260346K(699392K), 0.0100706 secs] [Times: user=0.13 sys=0.00, real=0.02 secs] 
2016-09-25T22:22:30.968-0400: 37.178: [GC (GCLocker Initiated GC) [PSYoungGen: 147139K->64359K(176128K)] 356452K->277056K(700416K), 0.0055282 secs] [Times: user=0.07 sys=0.00, real=0.00 secs] 
2016-09-25T22:22:31.045-0400: 37.255: [GC (GCLocker Initiated GC) [PSYoungGen: 158055K->49618K(175616K)] 383633K->279650K(699904K), 0.0072205 secs] [Times: user=0.09 sys=0.00, real=0.00 secs] 
2016-09-25T22:22:31.119-0400: 37.329: [GC (GCLocker Initiated GC) [PSYoungGen: 143314K->81884K(170496K)] 373476K->322050K(694784K), 0.0122534 secs] [Times: user=0.17 sys=0.01, real=0.01 secs] 
2016-09-25T22:22:31.174-0400: 37.385: [GC (GCLocker Initiated GC) [PSYoungGen: 169948K->69759K(175104K)] 410322K->346935K(699392K), 0.0079465 secs] [Times: user=0.11 sys=0.01, real=0.01 secs] 
2016-09-25T22:22:31.224-0400: 37.434: [GC (GCLocker Initiated GC) [PSYoungGen: 157823K->69887K(175104K)] 437882K->361167K(699392K), 0.0102901 secs] [Times: user=0.12 sys=0.00, real=0.01 secs] 
2016-09-25T22:22:31.300-0400: 37.510: [GC (GCLocker Initiated GC) [PSYoungGen: 157951K->68441K(156672K)] 456156K->386031K(680960K), 0.0103069 secs] [Times: user=0.14 sys=0.02, real=0.01 secs] 
2016-09-25T22:22:31.372-0400: 37.582: [GC (GCLocker Initiated GC) [PSYoungGen: 156505K->57417K(174592K)] 478252K->395745K(698880K), 0.0083834 secs] [Times: user=0.09 sys=0.00, real=0.01 secs] 
2016-09-25T22:22:31.421-0400: 37.632: [GC (GCLocker Initiated GC) [PSYoungGen: 145993K->52209K(174080K)] 493871K->419392K(698368K), 0.0063380 secs] [Times: user=0.07 sys=0.00, real=0.01 secs] 
2016-09-25T22:22:31.497-0400: 37.707: [GC (GCLocker Initiated GC) [PSYoungGen: 140785K->68396K(176128K)] 510832K->441540K(700416K), 0.0108953 secs] [Times: user=0.13 sys=0.01, real=0.01 secs] 
2016-09-25T22:22:31.574-0400: 37.784: [GC (GCLocker Initiated GC) [PSYoungGen: 159020K->67072K(158208K)] 533617K->442053K(682496K), 0.0060335 secs] [Times: user=0.07 sys=0.00, real=0.01 secs] 
2016-09-25T22:22:31.618-0400: 37.828: [GC (GCLocker Initiated GC) [PSYoungGen: 157696K->64391K(177664K)] 538920K->467681K(701952K), 0.0065154 secs] [Times: user=0.09 sys=0.00, real=0.01 secs] 
2016-09-25T22:22:31.670-0400: 37.880: [GC (GCLocker Initiated GC) [PSYoungGen: 157575K->80527K(175616K)] 566450K->508724K(699904K), 0.0108557 secs] [Times: user=0.18 sys=0.00, real=0.01 secs] 
2016-09-25T22:22:31.760-0400: 37.970: [GC (GCLocker Initiated GC) [PSYoungGen: 173711K->72523K(174592K)] 611433K->528240K(698880K), 0.0116065 secs] [Times: user=0.12 sys=0.01, real=0.01 secs] 
2016-09-25T22:22:31.821-0400: 38.031: [GC (GCLocker Initiated GC) [PSYoungGen: 160587K->67027K(155136K)] 620593K->551778K(679424K), 0.0063477 secs] [Times: user=0.10 sys=0.00, real=0.01 secs] 
2016-09-25T22:22:31.877-0400: 38.089: [Full GC (Ergonomics) [PSYoungGen: 155091K->0K(155136K)] [ParOldGen: 496258K->186094K(524288K)] 651349K->186094K(679424K), [Metaspace: 43583K->43583K(1085440K)], 0.0783531 secs] [Times: user=0.55 sys=0.01, real=0.08 secs] 
2016-09-25T22:22:32.021-0400: 38.231: [GC (GCLocker Initiated GC) [PSYoungGen: 88064K->49841K(172544K)] 290442K->252220K(696832K), 0.0100797 secs] [Times: user=0.13 sys=0.00, real=0.01 secs] 
2016-09-25T22:22:32.097-0400: 38.307: [GC (GCLocker Initiated GC) [PSYoungGen: 137393K->44089K(173568K)] 354447K->269959K(697856K), 0.0089083 secs] [Times: user=0.10 sys=0.00, real=0.01 secs] 
2016-09-25T22:22:32.181-0400: 38.391: [GC (GCLocker Initiated GC) [PSYoungGen: 131641K->64237K(174080K)] 360328K->294731K(698368K), 0.0213044 secs] [Times: user=0.28 sys=0.00, real=0.03 secs] 
2016-09-25T22:22:32.255-0400: 38.465: [GC (GCLocker Initiated GC) [PSYoungGen: 153325K->61658K(174592K)] 386644K->300711K(698880K), 0.0058638 secs] [Times: user=0.06 sys=0.00, real=0.00 secs] 
2016-09-25T22:22:32.312-0400: 38.522: [GC (GCLocker Initiated GC) [PSYoungGen: 150746K->53622K(175616K)] 395367K->325671K(699904K), 0.0104074 secs] [Times: user=0.12 sys=0.01, real=0.02 secs] 
2016-09-25T22:22:32.386-0400: 38.596: [GC (GCLocker Initiated GC) [PSYoungGen: 145782K->53430K(175104K)] 420624K->344941K(699392K), 0.0116694 secs] [Times: user=0.12 sys=0.00, real=0.01 secs] 
2016-09-25T22:22:32.448-0400: 38.659: [GC (GCLocker Initiated GC) [PSYoungGen: 145590K->79286K(170496K)] 439915K->375365K(694784K), 0.0071226 secs] [Times: user=0.08 sys=0.00, real=0.01 secs] 
2016-09-25T22:22:32.491-0400: 38.702: [GC (GCLocker Initiated GC) [PSYoungGen: 167350K->75160K(175104K)] 463773K->390921K(699392K), 0.0071730 secs] [Times: user=0.10 sys=0.00, real=0.01 secs] 
2016-09-25T22:22:32.536-0400: 38.747: [GC (GCLocker Initiated GC) [PSYoungGen: 163224K->58870K(175104K)] 479084K->400827K(699392K), 0.0064270 secs] [Times: user=0.08 sys=0.00, real=0.01 secs] 
2016-09-25T22:22:32.596-0400: 38.806: [GC (GCLocker Initiated GC) [PSYoungGen: 146934K->71131K(175104K)] 490377K->424388K(699392K), 0.0137402 secs] [Times: user=0.21 sys=0.00, real=0.01 secs] 
2016-09-25T22:22:32.653-0400: 38.864: [GC (GCLocker Initiated GC) [PSYoungGen: 159195K->68346K(175104K)] 513851K->439629K(699392K), 0.0100628 secs] [Times: user=0.14 sys=0.00, real=0.02 secs] 
2016-09-25T22:22:32.715-0400: 38.926: [GC (GCLocker Initiated GC) [PSYoungGen: 156410K->70998K(175104K)] 530400K->446752K(699392K), 0.0097388 secs] [Times: user=0.09 sys=0.00, real=0.01 secs] 
2016-09-25T22:22:32.772-0400: 38.982: [GC (GCLocker Initiated GC) [PSYoungGen: 159062K->71143K(175104K)] 535803K->457760K(699392K), 0.0077804 secs] [Times: user=0.11 sys=0.00, real=0.01 secs] 
2016-09-25T22:22:32.822-0400: 39.033: [GC (GCLocker Initiated GC) [PSYoungGen: 159207K->67049K(155136K)] 548644K->462341K(679424K), 0.0097205 secs] [Times: user=0.12 sys=0.00, real=0.00 secs] 
2016-09-25T22:22:32.874-0400: 39.085: [GC (GCLocker Initiated GC) [PSYoungGen: 155113K->73799K(172544K)] 551955K->475126K(696832K), 0.0100385 secs] [Times: user=0.11 sys=0.01, real=0.01 secs] 
2016-09-25T22:22:32.937-0400: 39.147: [GC (GCLocker Initiated GC) [PSYoungGen: 160839K->80567K(173568K)] 567755K->489317K(697856K), 0.0092338 secs] [Times: user=0.12 sys=0.01, real=0.01 secs] 
2016-09-25T22:22:32.999-0400: 39.209: [GC (GCLocker Initiated GC) [PSYoungGen: 167607K->64320K(175104K)] 579172K->493855K(699392K), 0.0089688 secs] [Times: user=0.13 sys=0.00, real=0.01 secs] 
2016-09-25T22:22:33.059-0400: 39.269: [GC (GCLocker Initiated GC) [PSYoungGen: 152384K->57397K(175104K)] 582091K->488804K(699392K), 0.0088967 secs] [Times: user=0.06 sys=0.01, real=0.01 secs] 
2016-09-25T22:22:33.116-0400: 39.326: [GC (GCLocker Initiated GC) [PSYoungGen: 145461K->73828K(175104K)] 579729K->512562K(699392K), 0.0092669 secs] [Times: user=0.11 sys=0.00, real=0.01 secs] 
2016-09-25T22:22:33.184-0400: 39.394: [GC (GCLocker Initiated GC) [PSYoungGen: 161892K->65818K(154112K)] 608814K->523956K(678400K), 0.0086777 secs] [Times: user=0.13 sys=0.00, real=0.00 secs] 
2016-09-25T22:22:33.252-0400: 39.462: [GC (GCLocker Initiated GC) [PSYoungGen: 153882K->38689K(174080K)] 628432K->531251K(698368K), 0.0076292 secs] [Times: user=0.07 sys=0.00, real=0.01 secs] 
2016-09-25T22:22:33.315-0400: 39.525: [Full GC (Ergonomics) [PSYoungGen: 126241K->0K(174080K)] [ParOldGen: 503471K->199675K(524288K)] 629712K->199675K(698368K), [Metaspace: 43587K->43587K(1085440K)], 0.0572584 secs] [Times: user=0.38 sys=0.01, real=0.05 secs] 
2016-09-25T22:22:33.414-0400: 39.624: [GC (GCLocker Initiated GC) [PSYoungGen: 87552K->72713K(174592K)] 290042K->275203K(698880K), 0.0081606 secs] [Times: user=0.10 sys=0.00, real=0.01 secs] 
2016-09-25T22:22:33.464-0400: 39.674: [GC (GCLocker Initiated GC) [PSYoungGen: 160265K->67137K(175104K)] 365521K->296002K(699392K), 0.0083847 secs] [Times: user=0.12 sys=0.00, real=0.00 secs] 
2016-09-25T22:22:33.513-0400: 39.723: [GC (GCLocker Initiated GC) [PSYoungGen: 155201K->85974K(175104K)] 384220K->319534K(699392K), 0.0084053 secs] [Times: user=0.14 sys=0.00, real=0.01 secs] 
2016-09-25T22:22:33.577-0400: 39.787: [GC (GCLocker Initiated GC) [PSYoungGen: 174038K->50766K(175104K)] 411393K->312857K(699392K), 0.0056600 secs] [Times: user=0.06 sys=0.00, real=0.01 secs] 
2016-09-25T22:22:33.625-0400: 39.835: [GC (GCLocker Initiated GC) [PSYoungGen: 138830K->79264K(175104K)] 403721K->358087K(699392K), 0.0072193 secs] [Times: user=0.10 sys=0.00, real=0.00 secs] 
2016-09-25T22:22:33.680-0400: 39.890: [GC (GCLocker Initiated GC) [PSYoungGen: 167328K->61759K(175104K)] 457568K->376734K(699392K), 0.0102300 secs] [Times: user=0.11 sys=0.00, real=0.01 secs] 
2016-09-25T22:22:33.740-0400: 39.951: [GC (GCLocker Initiated GC) [PSYoungGen: 149823K->77846K(175104K)] 464993K->398921K(699392K), 0.0067551 secs] [Times: user=0.07 sys=0.01, real=0.01 secs] 
2016-09-25T22:22:33.793-0400: 40.003: [GC (GCLocker Initiated GC) [PSYoungGen: 165910K->73850K(175104K)] 487217K->407639K(699392K), 0.0085454 secs] [Times: user=0.10 sys=0.00, real=0.01 secs] 
2016-09-25T22:22:33.842-0400: 40.052: [GC (GCLocker Initiated GC) [PSYoungGen: 161914K->63033K(175104K)] 498594K->404249K(699392K), 0.0069339 secs] [Times: user=0.07 sys=0.00, real=0.01 secs] 
2016-09-25T22:22:33.899-0400: 40.109: [GC (Allocation Failure) [PSYoungGen: 151097K->77924K(175104K)] 497820K->426514K(699392K), 0.0231344 secs] [Times: user=0.35 sys=0.01, real=0.02 secs] 
2016-09-25T22:22:33.969-0400: 40.180: [GC (GCLocker Initiated GC) [PSYoungGen: 165988K->71029K(175104K)] 514591K->429544K(699392K), 0.0116121 secs] [Times: user=0.15 sys=0.00, real=0.01 secs] 
2016-09-25T22:22:34.033-0400: 40.243: [GC (GCLocker Initiated GC) [PSYoungGen: 159093K->75162K(175104K)] 520420K->439554K(699392K), 0.0097764 secs] [Times: user=0.09 sys=0.01, real=0.02 secs] 
2016-09-25T22:22:34.086-0400: 40.296: [GC (GCLocker Initiated GC) [PSYoungGen: 163226K->57529K(175104K)] 529031K->448074K(699392K), 0.0086698 secs] [Times: user=0.12 sys=0.00, real=0.01 secs] 
2016-09-25T22:22:34.141-0400: 40.352: [GC (GCLocker Initiated GC) [PSYoungGen: 145593K->73831K(175104K)] 543115K->471710K(699392K), 0.0099565 secs] [Times: user=0.14 sys=0.01, real=0.01 secs] 
2016-09-25T22:22:34.200-0400: 40.410: [GC (GCLocker Initiated GC) [PSYoungGen: 161895K->62924K(175104K)] 565277K->489674K(699392K), 0.0092426 secs] [Times: user=0.09 sys=0.00, real=0.01 secs] 
2016-09-25T22:22:34.251-0400: 40.461: [GC (GCLocker Initiated GC) [PSYoungGen: 150988K->50753K(175104K)] 581802K->491368K(699392K), 0.0070517 secs] [Times: user=0.06 sys=0.00, real=0.01 secs] 
2016-09-25T22:22:34.303-0400: 40.513: [GC (GCLocker Initiated GC) [PSYoungGen: 138817K->60255K(175104K)] 582308K->524431K(699392K), 0.0062942 secs] [Times: user=0.09 sys=0.00, real=0.00 secs] 
2016-09-25T22:22:34.367-0400: 40.578: [GC (GCLocker Initiated GC) [PSYoungGen: 148319K->60298K(175104K)] 622054K->535735K(699392K), 0.0085957 secs] [Times: user=0.11 sys=0.00, real=0.01 secs] 
2016-09-25T22:22:34.424-0400: 40.634: [GC (GCLocker Initiated GC) [PSYoungGen: 148362K->39952K(175104K)] 636074K->553780K(699392K), 0.0072987 secs] [Times: user=0.08 sys=0.01, real=0.00 secs] 
2016-09-25T22:22:34.433-0400: 40.644: [Full GC (Ergonomics) [PSYoungGen: 39952K->0K(175104K)] [ParOldGen: 513827K->205807K(524288K)] 553780K->205807K(699392K), [Metaspace: 43588K->43588K(1085440K)], 0.0655020 secs] [Times: user=0.39 sys=0.00, real=0.07 secs] 
2016-09-25T22:22:36.544-0400: 42.755: [GC (GCLocker Initiated GC) [PSYoungGen: 88064K->39010K(175104K)] 296635K->247581K(699392K), 0.0193702 secs] [Times: user=0.19 sys=0.00, real=0.02 secs] 
2016-09-25T22:22:36.611-0400: 42.821: [GC (GCLocker Initiated GC) [PSYoungGen: 127074K->60319K(175104K)] 335688K->296616K(699392K), 0.0070762 secs] [Times: user=0.08 sys=0.01, real=0.01 secs] 
2016-09-25T22:22:36.707-0400: 42.917: [GC (GCLocker Initiated GC) [PSYoungGen: 148383K->60332K(173056K)] 390142K->334947K(697344K), 0.0092450 secs] [Times: user=0.15 sys=0.01, real=0.01 secs] 
2016-09-25T22:22:36.786-0400: 42.996: [GC (GCLocker Initiated GC) [PSYoungGen: 148396K->73713K(174080K)] 425810K->356971K(698368K), 0.0079792 secs] [Times: user=0.09 sys=0.00, real=0.01 secs] 
2016-09-25T22:22:36.842-0400: 43.052: [GC (GCLocker Initiated GC) [PSYoungGen: 161777K->67081K(175104K)] 457294K->384563K(699392K), 0.0070121 secs] [Times: user=0.10 sys=0.00, real=0.01 secs] 
2016-09-25T22:22:36.913-0400: 43.123: [GC (GCLocker Initiated GC) [PSYoungGen: 155145K->61654K(150016K)] 482121K->418748K(674304K), 0.0117370 secs] [Times: user=0.19 sys=0.01, real=0.02 secs] 
2016-09-25T22:22:36.995-0400: 43.205: [GC (GCLocker Initiated GC) [PSYoungGen: 149718K->68364K(173568K)] 506875K->448902K(697856K), 0.0184674 secs] [Times: user=0.26 sys=0.00, real=0.01 secs] 
2016-09-25T22:22:37.059-0400: 43.269: [GC (GCLocker Initiated GC) [PSYoungGen: 156428K->61669K(173568K)] 541099K->483178K(697856K), 0.0101137 secs] [Times: user=0.09 sys=0.00, real=0.01 secs] 
2016-09-25T22:22:37.130-0400: 43.340: [GC (GCLocker Initiated GC) [PSYoungGen: 149733K->61669K(174592K)] 573995K->509375K(698880K), 0.0131055 secs] [Times: user=0.16 sys=0.00, real=0.02 secs] 
2016-09-25T22:22:37.223-0400: 43.433: [GC (GCLocker Initiated GC) [PSYoungGen: 154853K->63158K(174592K)] 602643K->527564K(698880K), 0.0108261 secs] [Times: user=0.10 sys=0.01, real=0.00 secs] 
2016-09-25T22:22:37.284-0400: 43.494: [GC (GCLocker Initiated GC) [PSYoungGen: 156342K->75262K(176128K)] 628966K->567329K(700416K), 0.0073163 secs] [Times: user=0.10 sys=0.00, real=0.00 secs] 
2016-09-25T22:22:37.291-0400: 43.501: [Full GC (Ergonomics) [PSYoungGen: 75262K->0K(176128K)] [ParOldGen: 492067K->217513K(524288K)] 567329K->217513K(700416K), [Metaspace: 43588K->43588K(1085440K)], 0.0539649 secs] [Times: user=0.44 sys=0.00, real=0.06 secs] 
2016-09-25T22:22:37.432-0400: 43.642: [GC (GCLocker Initiated GC) [PSYoungGen: 96256K->71498K(167936K)] 320738K->295980K(692224K), 0.0117341 secs] [Times: user=0.12 sys=0.01, real=0.02 secs] 
2016-09-25T22:22:37.519-0400: 43.730: [GC (GCLocker Initiated GC) [PSYoungGen: 167754K->52089K(178176K)] 399148K->285595K(702464K), 0.0076190 secs] [Times: user=0.06 sys=0.00, real=0.01 secs] 
2016-09-25T22:22:37.579-0400: 43.789: [GC (GCLocker Initiated GC) [PSYoungGen: 146297K->53532K(147968K)] 379880K->305118K(672256K), 0.0098226 secs] [Times: user=0.12 sys=0.00, real=0.01 secs] 
2016-09-25T22:22:37.660-0400: 43.870: [GC (GCLocker Initiated GC) [PSYoungGen: 147740K->73768K(173568K)] 402178K->348858K(697856K), 0.0140355 secs] [Times: user=0.13 sys=0.01, real=0.02 secs] 
2016-09-25T22:22:37.750-0400: 43.960: [GC (GCLocker Initiated GC) [PSYoungGen: 163880K->67029K(176128K)] 444572K->356170K(700416K), 0.0092053 secs] [Times: user=0.09 sys=0.01, real=0.01 secs] 
2016-09-25T22:22:37.818-0400: 44.029: [GC (GCLocker Initiated GC) [PSYoungGen: 157141K->61661K(171008K)] 449055K->356842K(695296K), 0.0064411 secs] [Times: user=0.07 sys=0.01, real=0.01 secs] 
2016-09-25T22:22:37.883-0400: 44.093: [GC (GCLocker Initiated GC) [PSYoungGen: 152797K->72550K(174080K)] 448070K->380359K(698368K), 0.0157975 secs] [Times: user=0.11 sys=0.02, real=0.01 secs] 
2016-09-25T22:22:37.977-0400: 44.187: [GC (GCLocker Initiated GC) [PSYoungGen: 163686K->63318K(177664K)] 471574K->397477K(701952K), 0.0113660 secs] [Times: user=0.15 sys=0.03, real=0.01 secs] 
2016-09-25T22:22:38.072-0400: 44.282: [GC (GCLocker Initiated GC) [PSYoungGen: 158038K->82373K(177152K)] 499037K->424038K(701440K), 0.0065631 secs] [Times: user=0.10 sys=0.00, real=0.01 secs] 
2016-09-25T22:22:38.138-0400: 44.348: [GC (GCLocker Initiated GC) [PSYoungGen: 177093K->60498K(174080K)] 521588K->426100K(698368K), 0.0069670 secs] [Times: user=0.11 sys=0.00, real=0.01 secs] 
2016-09-25T22:22:38.196-0400: 44.406: [GC (GCLocker Initiated GC) [PSYoungGen: 149586K->57835K(175616K)] 515429K->437748K(699904K), 0.0065954 secs] [Times: user=0.08 sys=0.01, real=0.01 secs] 
2016-09-25T22:22:38.258-0400: 44.468: [GC (GCLocker Initiated GC) [PSYoungGen: 146923K->67474K(173056K)] 529647K->463156K(697344K), 0.0066492 secs] [Times: user=0.09 sys=0.01, real=0.01 secs] 
2016-09-25T22:22:38.320-0400: 44.530: [GC (GCLocker Initiated GC) [PSYoungGen: 157586K->64517K(174592K)] 556139K->474758K(698880K), 0.0076003 secs] [Times: user=0.09 sys=0.00, real=0.01 secs] 
2016-09-25T22:22:38.387-0400: 44.597: [GC (GCLocker Initiated GC) [PSYoungGen: 154629K->56742K(176640K)] 569128K->473218K(700928K), 0.0086816 secs] [Times: user=0.07 sys=0.00, real=0.01 secs] 
2016-09-25T22:22:38.449-0400: 44.659: [GC (GCLocker Initiated GC) [PSYoungGen: 151462K->68769K(177152K)] 569343K->487490K(701440K), 0.0100519 secs] [Times: user=0.10 sys=0.00, real=0.01 secs] 
2016-09-25T22:22:38.514-0400: 44.724: [GC (GCLocker Initiated GC) [PSYoungGen: 163489K->43086K(175616K)] 586319K->472193K(699904K), 0.0064560 secs] [Times: user=0.06 sys=0.00, real=0.01 secs] 
2016-09-25T22:22:38.579-0400: 44.790: [GC (GCLocker Initiated GC) [PSYoungGen: 136270K->63403K(177664K)] 572290K->524412K(701952K), 0.0073521 secs] [Times: user=0.10 sys=0.00, real=0.01 secs] 
2016-09-25T22:22:38.646-0400: 44.857: [GC (GCLocker Initiated GC) [PSYoungGen: 156587K->68605K(177152K)] 620491K->534698K(701440K), 0.0067734 secs] [Times: user=0.07 sys=0.00, real=0.00 secs] 
2016-09-25T22:22:38.699-0400: 44.909: [GC (GCLocker Initiated GC) [PSYoungGen: 163325K->82273K(177152K)] 629445K->561200K(701440K), 0.0072415 secs] [Times: user=0.11 sys=0.00, real=0.01 secs] 
2016-09-25T22:22:38.764-0400: 44.974: [GC (GCLocker Initiated GC) [PSYoungGen: 176993K->66046K(175104K)] 658688K->548494K(699392K), 0.0090479 secs] [Times: user=0.08 sys=0.00, real=0.00 secs] 
2016-09-25T22:22:38.829-0400: 45.039: [GC (GCLocker Initiated GC) [PSYoungGen: 156158K->76746K(166912K)] 641446K->564238K(691200K), 0.0071308 secs] [Times: user=0.08 sys=0.00, real=0.01 secs] 
2016-09-25T22:22:38.898-0400: 45.109: [Full GC (Ergonomics) [PSYoungGen: 166858K->0K(166912K)] [ParOldGen: 502579K->226791K(524288K)] 669438K->226791K(691200K), [Metaspace: 43588K->43588K(1085440K)], 0.0716547 secs] [Times: user=0.40 sys=0.02, real=0.07 secs] 
2016-09-25T22:22:39.029-0400: 45.239: [GC (GCLocker Initiated GC) [PSYoungGen: 90112K->71793K(175104K)] 318258K->299939K(699392K), 0.0095997 secs] [Times: user=0.12 sys=0.01, real=0.01 secs] 
2016-09-25T22:22:39.084-0400: 45.294: [GC (GCLocker Initiated GC) [PSYoungGen: 159857K->56430K(175104K)] 393633K->292573K(699392K), 0.0071183 secs] [Times: user=0.07 sys=0.01, real=0.00 secs] 
2016-09-25T22:22:39.140-0400: 45.350: [GC (GCLocker Initiated GC) [PSYoungGen: 144494K->64664K(172032K)] 383504K->308408K(696320K), 0.0111844 secs] [Times: user=0.10 sys=0.01, real=0.01 secs] 
2016-09-25T22:22:39.239-0400: 45.449: [GC (GCLocker Initiated GC) [PSYoungGen: 152728K->55148K(173568K)] 399249K->314505K(697856K), 0.0422059 secs] [Times: user=0.10 sys=0.04, real=0.04 secs] 
2016-09-25T22:22:39.381-0400: 45.591: [GC (GCLocker Initiated GC) [PSYoungGen: 143212K->51093K(175616K)] 408098K->338447K(699904K), 0.0080863 secs] [Times: user=0.11 sys=0.01, real=0.01 secs] 
2016-09-25T22:22:39.442-0400: 45.652: [GC (GCLocker Initiated GC) [PSYoungGen: 141205K->38719K(129024K)] 428592K->333479K(653312K), 0.0057743 secs] [Times: user=0.06 sys=0.01, real=0.01 secs] 
2016-09-25T22:22:39.543-0400: 45.753: [GC (GCLocker Initiated GC) [PSYoungGen: 128831K->71447K(175104K)] 425076K->375089K(699392K), 0.0114302 secs] [Times: user=0.15 sys=0.01, real=0.00 secs] 
2016-09-25T22:22:39.619-0400: 45.829: [GC (GCLocker Initiated GC) [PSYoungGen: 159511K->86292K(175104K)] 467514K->403411K(699392K), 0.0089869 secs] [Times: user=0.13 sys=0.01, real=0.01 secs] 
2016-09-25T22:22:39.703-0400: 45.914: [GC (GCLocker Initiated GC) [PSYoungGen: 174356K->42820K(175104K)] 499665K->397193K(699392K), 0.0118214 secs] [Times: user=0.13 sys=0.01, real=0.01 secs] 
2016-09-25T22:22:39.791-0400: 46.001: [GC (GCLocker Initiated GC) [PSYoungGen: 130884K->30935K(175104K)] 501597K->421135K(699392K), 0.0075163 secs] [Times: user=0.07 sys=0.00, real=0.01 secs] 
2016-09-25T22:22:39.865-0400: 46.075: [GC (GCLocker Initiated GC) [PSYoungGen: 118999K->44180K(175104K)] 516247K->455731K(699392K), 0.0082336 secs] [Times: user=0.09 sys=0.00, real=0.00 secs] 
2016-09-25T22:22:39.964-0400: 46.174: [GC (GCLocker Initiated GC) [PSYoungGen: 132244K->64526K(175104K)] 543852K->479462K(699392K), 0.0130998 secs] [Times: user=0.16 sys=0.01, real=0.01 secs] 
2016-09-25T22:22:40.073-0400: 46.283: [GC (GCLocker Initiated GC) [PSYoungGen: 152590K->64651K(175104K)] 570265K->507322K(699392K), 0.0096099 secs] [Times: user=0.13 sys=0.02, real=0.02 secs] 
2016-09-25T22:22:40.161-0400: 46.371: [GC (GCLocker Initiated GC) [PSYoungGen: 152715K->72880K(175104K)] 603530K->541934K(699392K), 0.0102656 secs] [Times: user=0.14 sys=0.01, real=0.01 secs] 
2016-09-25T22:22:41.198-0400: 47.408: [GC (GCLocker Initiated GC) [PSYoungGen: 160944K->68671K(175104K)] 632792K->561627K(699392K), 0.0128213 secs] [Times: user=0.15 sys=0.07, real=0.01 secs] 
2016-09-25T22:22:41.211-0400: 47.421: [Full GC (Ergonomics) [PSYoungGen: 68671K->0K(175104K)] [ParOldGen: 492955K->230587K(524288K)] 561627K->230587K(699392K), [Metaspace: 43614K->43614K(1085440K)], 0.0860641 secs] [Times: user=1.01 sys=0.20, real=0.09 secs] 
2016-09-25T22:22:41.371-0400: 47.581: [GC (GCLocker Initiated GC) [PSYoungGen: 88064K->43634K(175104K)] 335094K->290665K(699392K), 0.0078888 secs] [Times: user=0.06 sys=0.02, real=0.01 secs] 
2016-09-25T22:22:41.453-0400: 47.664: [GC (GCLocker Initiated GC) [PSYoungGen: 131698K->34703K(175104K)] 386877K->303560K(699392K), 0.0163249 secs] [Times: user=0.18 sys=0.02, real=0.02 secs] 
2016-09-25T22:22:41.531-0400: 47.741: [GC (GCLocker Initiated GC) [PSYoungGen: 122767K->34599K(175104K)] 394418K->343349K(699392K), 0.0108401 secs] [Times: user=0.12 sys=0.01, real=0.02 secs] 
2016-09-25T22:22:41.603-0400: 47.813: [GC (GCLocker Initiated GC) [PSYoungGen: 122663K->39941K(175104K)] 434793K->388995K(699392K), 0.0209148 secs] [Times: user=0.25 sys=0.04, real=0.02 secs] 
2016-09-25T22:22:41.671-0400: 47.881: [GC (GCLocker Initiated GC) [PSYoungGen: 128005K->57868K(175104K)] 479832K->415638K(699392K), 0.0103000 secs] [Times: user=0.12 sys=0.01, real=0.01 secs] 
2016-09-25T22:22:41.733-0400: 47.943: [GC (GCLocker Initiated GC) [PSYoungGen: 145932K->79450K(175104K)] 509351K->443485K(699392K), 0.0083362 secs] [Times: user=0.14 sys=0.00, real=0.01 secs] 
2016-09-25T22:22:41.785-0400: 47.996: [GC (GCLocker Initiated GC) [PSYoungGen: 167514K->78021K(175104K)] 539738K->456247K(699392K), 0.0065897 secs] [Times: user=0.09 sys=0.00, real=0.00 secs] 
2016-09-25T22:22:41.840-0400: 48.050: [GC (GCLocker Initiated GC) [PSYoungGen: 166085K->53826K(175104K)] 555354K->474654K(699392K), 0.0070927 secs] [Times: user=0.10 sys=0.00, real=0.01 secs] 
2016-09-25T22:22:41.896-0400: 48.106: [GC (GCLocker Initiated GC) [PSYoungGen: 141890K->61927K(175104K)] 566852K->488895K(699392K), 0.0064377 secs] [Times: user=0.08 sys=0.00, real=0.01 secs] 
2016-09-25T22:22:41.946-0400: 48.156: [GC (GCLocker Initiated GC) [PSYoungGen: 149991K->53597K(175104K)] 579697K->512303K(699392K), 0.0066122 secs] [Times: user=0.09 sys=0.01, real=0.00 secs] 
2016-09-25T22:22:41.991-0400: 48.201: [GC (GCLocker Initiated GC) [PSYoungGen: 141661K->73975K(175104K)] 601836K->535943K(699392K), 0.0156933 secs] [Times: user=0.22 sys=0.01, real=0.02 secs] 
2016-09-25T22:22:42.046-0400: 48.256: [GC (GCLocker Initiated GC) [PSYoungGen: 162039K->61792K(175104K)] 624077K->558214K(699392K), 0.0078010 secs] [Times: user=0.08 sys=0.01, real=0.01 secs] 
2016-09-25T22:22:42.054-0400: 48.264: [Full GC (Ergonomics) [PSYoungGen: 61792K->0K(175104K)] [ParOldGen: 496422K->236161K(524288K)] 558214K->236161K(699392K), [Metaspace: 43619K->43619K(1085440K)], 0.0603935 secs] [Times: user=0.50 sys=0.01, real=0.06 secs] 
2016-09-25T22:22:42.166-0400: 48.377: [GC (GCLocker Initiated GC) [PSYoungGen: 88064K->82528K(175104K)] 330623K->325088K(699392K), 0.0099120 secs] [Times: user=0.14 sys=0.00, real=0.01 secs] 
2016-09-25T22:22:42.227-0400: 48.438: [GC (GCLocker Initiated GC) [PSYoungGen: 170592K->56272K(175104K)] 420004K->325567K(699392K), 0.0097373 secs] [Times: user=0.09 sys=0.00, real=0.01 secs] 
2016-09-25T22:22:42.285-0400: 48.495: [GC (GCLocker Initiated GC) [PSYoungGen: 144336K->56267K(175104K)] 415135K->346448K(699392K), 0.0085249 secs] [Times: user=0.08 sys=0.00, real=0.00 secs] 
2016-09-25T22:22:42.341-0400: 48.551: [GC (GCLocker Initiated GC) [PSYoungGen: 144331K->67068K(175104K)] 437386K->360624K(699392K), 0.0211868 secs] [Times: user=0.27 sys=0.00, real=0.02 secs] 
2016-09-25T22:22:42.408-0400: 48.618: [GC (GCLocker Initiated GC) [PSYoungGen: 155132K->76458K(175104K)] 451581K->384185K(699392K), 0.0088966 secs] [Times: user=0.10 sys=0.00, real=0.01 secs] 
2016-09-25T22:22:42.467-0400: 48.677: [GC (GCLocker Initiated GC) [PSYoungGen: 164522K->59130K(175104K)] 480387K->386253K(699392K), 0.0087410 secs] [Times: user=0.11 sys=0.00, real=0.01 secs] 
2016-09-25T22:22:42.532-0400: 48.742: [GC (GCLocker Initiated GC) [PSYoungGen: 147194K->79320K(175104K)] 474436K->409866K(699392K), 0.0069042 secs] [Times: user=0.09 sys=0.01, real=0.01 secs] 
2016-09-25T22:22:42.572-0400: 48.783: [GC (GCLocker Initiated GC) [PSYoungGen: 167384K->83437K(175104K)] 498063K->437642K(699392K), 0.0106384 secs] [Times: user=0.14 sys=0.01, real=0.02 secs] 
2016-09-25T22:22:42.633-0400: 48.843: [GC (GCLocker Initiated GC) [PSYoungGen: 171501K->78038K(175104K)] 525933K->442547K(699392K), 0.0101083 secs] [Times: user=0.12 sys=0.00, real=0.02 secs] 
2016-09-25T22:22:42.692-0400: 48.902: [GC (GCLocker Initiated GC) [PSYoungGen: 166102K->83498K(175104K)] 532054K->451408K(699392K), 0.0085332 secs] [Times: user=0.09 sys=0.00, real=0.01 secs] 
2016-09-25T22:22:42.758-0400: 48.968: [GC (GCLocker Initiated GC) [PSYoungGen: 171562K->40111K(175104K)] 544966K->457324K(699392K), 0.0089280 secs] [Times: user=0.08 sys=0.00, real=0.01 secs] 
2016-09-25T22:22:42.822-0400: 49.032: [GC (GCLocker Initiated GC) [PSYoungGen: 128175K->48245K(175104K)] 549538K->474154K(699392K), 0.0092238 secs] [Times: user=0.06 sys=0.00, real=0.01 secs] 
2016-09-25T22:22:42.887-0400: 49.097: [GC (GCLocker Initiated GC) [PSYoungGen: 136309K->56232K(175104K)] 571849K->505907K(699392K), 0.0101425 secs] [Times: user=0.07 sys=0.00, real=0.01 secs] 
2016-09-25T22:22:42.953-0400: 49.163: [GC (GCLocker Initiated GC) [PSYoungGen: 144296K->65751K(175104K)] 594125K->520161K(699392K), 0.0065278 secs] [Times: user=0.08 sys=0.00, real=0.01 secs] 
2016-09-25T22:22:43.008-0400: 49.218: [GC (GCLocker Initiated GC) [PSYoungGen: 153815K->49600K(175104K)] 614444K->539083K(699392K), 0.0061085 secs] [Times: user=0.09 sys=0.00, real=0.00 secs] 
2016-09-25T22:22:43.014-0400: 49.224: [Full GC (Ergonomics) [PSYoungGen: 49600K->0K(175104K)] [ParOldGen: 489482K->232946K(524288K)] 539083K->232946K(699392K), [Metaspace: 43622K->43622K(1085440K)], 0.0675389 secs] [Times: user=0.59 sys=0.02, real=0.07 secs] 
2016-09-25T22:22:43.127-0400: 49.337: [GC (GCLocker Initiated GC) [PSYoungGen: 88064K->78509K(175104K)] 322514K->312960K(699392K), 0.0090188 secs] [Times: user=0.13 sys=0.00, real=0.01 secs] 
2016-09-25T22:22:43.191-0400: 49.401: [GC (GCLocker Initiated GC) [PSYoungGen: 166573K->49719K(175104K)] 407066K->307492K(699392K), 0.0077641 secs] [Times: user=0.10 sys=0.00, real=0.01 secs] 
2016-09-25T22:22:43.250-0400: 49.460: [GC (GCLocker Initiated GC) [PSYoungGen: 137783K->76559K(175104K)] 399728K->348527K(699392K), 0.0093660 secs] [Times: user=0.15 sys=0.00, real=0.01 secs] 
2016-09-25T22:22:43.315-0400: 49.525: [GC (GCLocker Initiated GC) [PSYoungGen: 164623K->45735K(175104K)] 443131K->354451K(699392K), 0.0082142 secs] [Times: user=0.08 sys=0.00, real=0.01 secs] 
2016-09-25T22:22:43.374-0400: 49.585: [GC (GCLocker Initiated GC) [PSYoungGen: 133799K->74008K(175104K)] 449335K->390224K(699392K), 0.0065150 secs] [Times: user=0.08 sys=0.00, real=0.00 secs] 
2016-09-25T22:22:43.442-0400: 49.652: [GC (GCLocker Initiated GC) [PSYoungGen: 162072K->57842K(175104K)] 489331K->395251K(699392K), 0.0056661 secs] [Times: user=0.07 sys=0.00, real=0.01 secs] 
2016-09-25T22:22:43.504-0400: 49.715: [GC (GCLocker Initiated GC) [PSYoungGen: 145906K->51186K(175104K)] 499548K->405385K(699392K), 0.0053096 secs] [Times: user=0.06 sys=0.01, real=0.00 secs] 
2016-09-25T22:22:43.575-0400: 49.785: [GC (GCLocker Initiated GC) [PSYoungGen: 139250K->52441K(175104K)] 504359K->420956K(699392K), 0.0050322 secs] [Times: user=0.07 sys=0.00, real=0.00 secs] 
2016-09-25T22:22:43.639-0400: 49.849: [GC (GCLocker Initiated GC) [PSYoungGen: 140505K->65907K(175104K)] 515825K->455360K(699392K), 0.0071609 secs] [Times: user=0.10 sys=0.00, real=0.01 secs] 
2016-09-25T22:22:43.712-0400: 49.922: [GC (GCLocker Initiated GC) [PSYoungGen: 153971K->56632K(175104K)] 554262K->477784K(699392K), 0.0060697 secs] [Times: user=0.08 sys=0.00, real=0.01 secs] 
2016-09-25T22:22:43.766-0400: 49.976: [GC (GCLocker Initiated GC) [PSYoungGen: 144696K->56420K(175104K)] 567413K->515000K(699392K), 0.0074846 secs] [Times: user=0.10 sys=0.00, real=0.00 secs] 
2016-09-25T22:22:43.820-0400: 50.030: [GC (GCLocker Initiated GC) [PSYoungGen: 144484K->86141K(175104K)] 605847K->552120K(699392K), 0.0066693 secs] [Times: user=0.07 sys=0.00, real=0.01 secs] 
2016-09-25T22:22:43.875-0400: 50.085: [GC (GCLocker Initiated GC) [PSYoungGen: 174205K->65854K(175104K)] 640193K->562177K(699392K), 0.0075961 secs] [Times: user=0.09 sys=0.01, real=0.01 secs] 
2016-09-25T22:22:43.883-0400: 50.093: [Full GC (Ergonomics) [PSYoungGen: 65854K->0K(175104K)] [ParOldGen: 496322K->246083K(524288K)] 562177K->246083K(699392K), [Metaspace: 43622K->43622K(1085440K)], 0.0606955 secs] [Times: user=0.48 sys=0.00, real=0.06 secs] 
2016-09-25T22:22:44.001-0400: 50.211: [GC (GCLocker Initiated GC) [PSYoungGen: 88064K->62770K(175104K)] 342278K->316984K(699392K), 0.0073332 secs] [Times: user=0.10 sys=0.00, real=0.01 secs] 
2016-09-25T22:22:44.064-0400: 50.274: [GC (GCLocker Initiated GC) [PSYoungGen: 150834K->49591K(175104K)] 405078K->308010K(699392K), 0.0250310 secs] [Times: user=0.37 sys=0.00, real=0.02 secs] 
2016-09-25T22:22:44.139-0400: 50.349: [GC (GCLocker Initiated GC) [PSYoungGen: 137655K->61856K(175104K)] 405533K->333001K(699392K), 0.0074998 secs] [Times: user=0.11 sys=0.01, real=0.01 secs] 
2016-09-25T22:22:44.193-0400: 50.403: [GC (GCLocker Initiated GC) [PSYoungGen: 149920K->84870K(175104K)] 421151K->364851K(699392K), 0.0101780 secs] [Times: user=0.12 sys=0.00, real=0.02 secs] 
2016-09-25T22:22:44.250-0400: 50.460: [GC (GCLocker Initiated GC) [PSYoungGen: 172934K->80789K(175104K)] 454000K->398920K(699392K), 0.0102239 secs] [Times: user=0.15 sys=0.00, real=0.01 secs] 
2016-09-25T22:22:44.322-0400: 50.533: [GC (GCLocker Initiated GC) [PSYoungGen: 168853K->49752K(175104K)] 489730K->400979K(699392K), 0.0062364 secs] [Times: user=0.08 sys=0.00, real=0.00 secs] 
2016-09-25T22:22:44.386-0400: 50.596: [GC (GCLocker Initiated GC) [PSYoungGen: 137816K->75517K(175104K)] 494536K->441029K(699392K), 0.0065264 secs] [Times: user=0.09 sys=0.00, real=0.00 secs] 
2016-09-25T22:22:44.451-0400: 50.661: [GC (GCLocker Initiated GC) [PSYoungGen: 163581K->55076K(175104K)] 531851K->437613K(699392K), 0.0057430 secs] [Times: user=0.06 sys=0.00, real=0.01 secs] 
2016-09-25T22:22:44.512-0400: 50.723: [GC (GCLocker Initiated GC) [PSYoungGen: 143140K->59221K(175104K)] 531214K->452077K(699392K), 0.0068995 secs] [Times: user=0.05 sys=0.00, real=0.01 secs] 
2016-09-25T22:22:44.580-0400: 50.790: [GC (GCLocker Initiated GC) [PSYoungGen: 147285K->34698K(175104K)] 548414K->452790K(699392K), 0.0064110 secs] [Times: user=0.05 sys=0.00, real=0.01 secs] 
2016-09-25T22:22:44.640-0400: 50.850: [GC (GCLocker Initiated GC) [PSYoungGen: 122762K->60604K(175104K)] 547749K->488958K(699392K), 0.0082376 secs] [Times: user=0.12 sys=0.00, real=0.01 secs] 
2016-09-25T22:22:44.696-0400: 50.906: [GC (GCLocker Initiated GC) [PSYoungGen: 148668K->68493K(175104K)] 580180K->501982K(699392K), 0.0078626 secs] [Times: user=0.11 sys=0.00, real=0.01 secs] 
2016-09-25T22:22:44.753-0400: 50.963: [GC (GCLocker Initiated GC) [PSYoungGen: 156557K->61775K(175104K)] 591451K->499914K(699392K), 0.0103067 secs] [Times: user=0.11 sys=0.01, real=0.02 secs] 
2016-09-25T22:22:44.811-0400: 51.021: [GC (GCLocker Initiated GC) [PSYoungGen: 149839K->63208K(174080K)] 589367K->512771K(698368K), 0.0072395 secs] [Times: user=0.08 sys=0.00, real=0.01 secs] 
2016-09-25T22:22:44.881-0400: 51.091: [GC (GCLocker Initiated GC) [PSYoungGen: 151272K->57988K(174592K)] 614543K->542094K(698880K), 0.0100896 secs] [Times: user=0.13 sys=0.01, real=0.01 secs] 
2016-09-25T22:22:44.949-0400: 51.159: [GC (GCLocker Initiated GC) [PSYoungGen: 146052K->56522K(173568K)] 632996K->548252K(697856K), 0.0083865 secs] [Times: user=0.08 sys=0.00, real=0.01 secs] 
2016-09-25T22:22:44.957-0400: 51.168: [Full GC (Ergonomics) [PSYoungGen: 56522K->0K(173568K)] [ParOldGen: 491729K->247894K(524288K)] 548252K->247894K(697856K), [Metaspace: 43622K->43622K(1085440K)], 0.0571059 secs] [Times: user=0.45 sys=0.00, real=0.06 secs] 
2016-09-25T22:22:45.069-0400: 51.279: [GC (GCLocker Initiated GC) [PSYoungGen: 90624K->71411K(174080K)] 341309K->322096K(698368K), 0.0082641 secs] [Times: user=0.09 sys=0.00, real=0.01 secs] 
2016-09-25T22:22:45.119-0400: 51.329: [GC (GCLocker Initiated GC) [PSYoungGen: 162035K->49645K(177152K)] 412771K->343054K(701440K), 0.0146777 secs] [Times: user=0.18 sys=0.01, real=0.01 secs] 
2016-09-25T22:22:45.189-0400: 51.399: [GC (GCLocker Initiated GC) [PSYoungGen: 141805K->62301K(154624K)] 448960K->386309K(678912K), 0.0174895 secs] [Times: user=0.23 sys=0.00, real=0.02 secs] 
2016-09-25T22:22:45.274-0400: 51.484: [GC (GCLocker Initiated GC) [PSYoungGen: 154461K->72691K(173056K)] 481315K->401767K(697344K), 0.0101783 secs] [Times: user=0.15 sys=0.00, real=0.02 secs] 
2016-09-25T22:22:45.330-0400: 51.541: [GC (GCLocker Initiated GC) [PSYoungGen: 162803K->52556K(175104K)] 500026K->391766K(699392K), 0.0074259 secs] [Times: user=0.06 sys=0.00, real=0.01 secs] 
2016-09-25T22:22:45.385-0400: 51.595: [GC (GCLocker Initiated GC) [PSYoungGen: 142668K->53823K(174592K)] 487466K->419635K(698880K), 0.0075111 secs] [Times: user=0.06 sys=0.00, real=0.00 secs] 
2016-09-25T22:22:45.456-0400: 51.666: [GC (GCLocker Initiated GC) [PSYoungGen: 146495K->80890K(173568K)] 517735K->460859K(697856K), 0.0109092 secs] [Times: user=0.14 sys=0.01, real=0.01 secs] 
2016-09-25T22:22:45.554-0400: 51.765: [GC (GCLocker Initiated GC) [PSYoungGen: 173562K->65957K(175104K)] 561846K->456311K(699392K), 0.0065788 secs] [Times: user=0.08 sys=0.01, real=0.00 secs] 
2016-09-25T22:22:45.612-0400: 51.822: [GC (GCLocker Initiated GC) [PSYoungGen: 154021K->52426K(175104K)] 552537K->452964K(699392K), 0.0051585 secs] [Times: user=0.07 sys=0.00, real=0.01 secs] 
2016-09-25T22:22:45.666-0400: 51.876: [GC (GCLocker Initiated GC) [PSYoungGen: 140490K->79438K(175104K)] 541074K->484711K(699392K), 0.0113373 secs] [Times: user=0.16 sys=0.00, real=0.01 secs] 
2016-09-25T22:22:45.761-0400: 51.971: [GC (GCLocker Initiated GC) [PSYoungGen: 167502K->51076K(175104K)] 578766K->472447K(699392K), 0.0110771 secs] [Times: user=0.11 sys=0.00, real=0.01 secs] 
2016-09-25T22:22:45.818-0400: 52.028: [GC (GCLocker Initiated GC) [PSYoungGen: 139140K->73943K(175104K)] 563317K->508236K(699392K), 0.0074766 secs] [Times: user=0.10 sys=0.00, real=0.01 secs] 
2016-09-25T22:22:45.868-0400: 52.079: [GC (GCLocker Initiated GC) [PSYoungGen: 162007K->70087K(175104K)] 599164K->517253K(699392K), 0.0077583 secs] [Times: user=0.10 sys=0.00, real=0.01 secs] 
2016-09-25T22:22:45.946-0400: 52.156: [GC (GCLocker Initiated GC) [PSYoungGen: 158151K->68738K(175104K)] 611048K->539926K(699392K), 0.0108282 secs] [Times: user=0.16 sys=0.01, real=0.01 secs] 
2016-09-25T22:22:46.031-0400: 52.241: [GC (GCLocker Initiated GC) [PSYoungGen: 156802K->57743K(175104K)] 640211K->554044K(699392K), 0.0061510 secs] [Times: user=0.08 sys=0.00, real=0.01 secs] 
2016-09-25T22:22:46.037-0400: 52.247: [Full GC (Ergonomics) [PSYoungGen: 57743K->0K(175104K)] [ParOldGen: 496301K->267984K(524288K)] 554044K->267984K(699392K), [Metaspace: 43622K->43622K(1085440K)], 0.0635026 secs] [Times: user=0.48 sys=0.00, real=0.06 secs] 
2016-09-25T22:22:46.188-0400: 52.399: [GC (GCLocker Initiated GC) [PSYoungGen: 88064K->74702K(175104K)] 365665K->352304K(699392K), 0.0115205 secs] [Times: user=0.13 sys=0.00, real=0.01 secs] 
2016-09-25T22:22:46.247-0400: 52.457: [GC (GCLocker Initiated GC) [PSYoungGen: 162766K->83378K(175104K)] 446197K->373539K(699392K), 0.0068150 secs] [Times: user=0.10 sys=0.00, real=0.00 secs] 
2016-09-25T22:22:46.306-0400: 52.517: [GC (GCLocker Initiated GC) [PSYoungGen: 171442K->65743K(175104K)] 464366K->365949K(699392K), 0.0099471 secs] [Times: user=0.11 sys=0.01, real=0.01 secs] 
2016-09-25T22:22:46.392-0400: 52.602: [GC (GCLocker Initiated GC) [PSYoungGen: 153807K->59242K(175104K)] 458495K->387334K(699392K), 0.0100924 secs] [Times: user=0.16 sys=0.00, real=0.02 secs] 
2016-09-25T22:22:46.457-0400: 52.667: [GC (GCLocker Initiated GC) [PSYoungGen: 147306K->71133K(175104K)] 476797K->413486K(699392K), 0.0064844 secs] [Times: user=0.11 sys=0.00, real=0.01 secs] 
2016-09-25T22:22:46.497-0400: 52.707: [GC (GCLocker Initiated GC) [PSYoungGen: 159197K->65851K(175104K)] 504454K->438641K(699392K), 0.0071820 secs] [Times: user=0.11 sys=0.00, real=0.01 secs] 
2016-09-25T22:22:46.571-0400: 52.782: [GC (GCLocker Initiated GC) [PSYoungGen: 153915K->65803K(173056K)] 529595K->456921K(697344K), 0.0101263 secs] [Times: user=0.15 sys=0.00, real=0.01 secs] 
2016-09-25T22:22:46.651-0400: 52.862: [GC (GCLocker Initiated GC) [PSYoungGen: 153867K->53699K(174080K)] 556317K->458055K(698368K), 0.0096626 secs] [Times: user=0.14 sys=0.00, real=0.01 secs] 
2016-09-25T22:22:46.713-0400: 52.923: [GC (GCLocker Initiated GC) [PSYoungGen: 141763K->54882K(175616K)] 551775K->476254K(699904K), 0.0060253 secs] [Times: user=0.08 sys=0.00, real=0.01 secs] 
2016-09-25T22:22:46.790-0400: 53.001: [GC (GCLocker Initiated GC) [PSYoungGen: 144482K->67134K(157184K)] 566516K->503077K(681472K), 0.0101324 secs] [Times: user=0.11 sys=0.00, real=0.01 secs] 
2016-09-25T22:22:46.865-0400: 53.075: [GC (GCLocker Initiated GC) [PSYoungGen: 156734K->56234K(175616K)] 595440K->508912K(699904K), 0.0090982 secs] [Times: user=0.12 sys=0.00, real=0.01 secs] 
2016-09-25T22:22:46.915-0400: 53.126: [GC (GCLocker Initiated GC) [PSYoungGen: 146858K->60422K(175104K)] 602357K->533895K(699392K), 0.0074783 secs] [Times: user=0.06 sys=0.01, real=0.01 secs] 
2016-09-25T22:22:46.968-0400: 53.178: [GC (GCLocker Initiated GC) [PSYoungGen: 151046K->67338K(176128K)] 631338K->556416K(700416K), 0.0069538 secs] [Times: user=0.08 sys=0.00, real=0.01 secs] 
2016-09-25T22:22:47.039-0400: 53.250: [GC (GCLocker Initiated GC) [PSYoungGen: 160522K->78075K(175616K)] 655150K->573474K(699904K), 0.0067335 secs] [Times: user=0.09 sys=0.00, real=0.01 secs] 
2016-09-25T22:22:47.110-0400: 53.320: [Full GC (Ergonomics) [PSYoungGen: 171259K->0K(175616K)] [ParOldGen: 503569K->272305K(524288K)] 674828K->272305K(699904K), [Metaspace: 43622K->43622K(1085440K)], 0.0644956 secs] [Times: user=0.38 sys=0.01, real=0.07 secs] 
2016-09-25T22:22:47.231-0400: 53.441: [GC (GCLocker Initiated GC) [PSYoungGen: 93184K->59784K(177664K)] 368275K->334876K(701952K), 0.0137689 secs] [Times: user=0.18 sys=0.00, real=0.02 secs] 
2016-09-25T22:22:47.300-0400: 53.511: [GC (GCLocker Initiated GC) [PSYoungGen: 151432K->67240K(159232K)] 433458K->362648K(683520K), 0.0121425 secs] [Times: user=0.13 sys=0.01, real=0.01 secs] 
2016-09-25T22:22:47.361-0400: 53.571: [GC (GCLocker Initiated GC) [PSYoungGen: 158888K->69908K(174592K)] 461136K->384859K(698880K), 0.0064980 secs] [Times: user=0.08 sys=0.01, real=0.01 secs] 
2016-09-25T22:22:47.424-0400: 53.634: [GC (GCLocker Initiated GC) [PSYoungGen: 161044K->71296K(175104K)] 488328K->399150K(699392K), 0.0092915 secs] [Times: user=0.11 sys=0.00, real=0.00 secs] 
2016-09-25T22:22:47.488-0400: 53.698: [GC (GCLocker Initiated GC) [PSYoungGen: 162432K->81989K(172032K)] 490457K->418738K(696320K), 0.0094099 secs] [Times: user=0.13 sys=0.01, real=0.01 secs] 
2016-09-25T22:22:47.560-0400: 53.770: [GC (GCLocker Initiated GC) [PSYoungGen: 170053K->50939K(175104K)] 508260K->412609K(699392K), 0.0084290 secs] [Times: user=0.10 sys=0.01, real=0.01 secs] 
2016-09-25T22:22:47.612-0400: 53.823: [GC (GCLocker Initiated GC) [PSYoungGen: 139003K->71387K(175104K)] 504961K->440571K(699392K), 0.0082016 secs] [Times: user=0.12 sys=0.00, real=0.01 secs] 
2016-09-25T22:22:47.662-0400: 53.873: [GC (GCLocker Initiated GC) [PSYoungGen: 159451K->71157K(175104K)] 528808K->457445K(699392K), 0.0065462 secs] [Times: user=0.09 sys=0.00, real=0.00 secs] 
2016-09-25T22:22:47.726-0400: 53.936: [GC (GCLocker Initiated GC) [PSYoungGen: 159221K->74087K(175104K)] 546544K->482178K(699392K), 0.0074946 secs] [Times: user=0.10 sys=0.01, real=0.00 secs] 
2016-09-25T22:22:47.784-0400: 53.994: [GC (GCLocker Initiated GC) [PSYoungGen: 162151K->63159K(175104K)] 577035K->489535K(699392K), 0.0067265 secs] [Times: user=0.09 sys=0.00, real=0.00 secs] 
2016-09-25T22:22:47.838-0400: 54.049: [GC (GCLocker Initiated GC) [PSYoungGen: 151223K->61880K(174080K)] 583188K->505207K(698368K), 0.0065472 secs] [Times: user=0.09 sys=0.00, real=0.01 secs] 
2016-09-25T22:22:47.902-0400: 54.112: [GC (GCLocker Initiated GC) [PSYoungGen: 149944K->54792K(174592K)] 600182K->515036K(698880K), 0.0124057 secs] [Times: user=0.14 sys=0.00, real=0.02 secs] 
2016-09-25T22:22:47.965-0400: 54.175: [GC (GCLocker Initiated GC) [PSYoungGen: 142856K->64477K(171520K)] 609898K->531912K(695808K), 0.0073618 secs] [Times: user=0.07 sys=0.00, real=0.01 secs] 
2016-09-25T22:22:48.026-0400: 54.236: [GC (GCLocker Initiated GC) [PSYoungGen: 153565K->83346K(173568K)] 626495K->559522K(697856K), 0.0123880 secs] [Times: user=0.12 sys=0.00, real=0.01 secs] 
2016-09-25T22:22:48.092-0400: 54.302: [GC (GCLocker Initiated GC) [PSYoungGen: 172434K->67050K(175104K)] 654230K->553432K(699392K), 0.0100208 secs] [Times: user=0.07 sys=0.00, real=0.01 secs] 
2016-09-25T22:22:48.157-0400: 54.368: [GC (GCLocker Initiated GC) [PSYoungGen: 155114K->60486K(148992K)] 641574K->567768K(673280K), 0.0075774 secs] [Times: user=0.09 sys=0.00, real=0.01 secs] 
2016-09-25T22:22:48.165-0400: 54.375: [Full GC (Ergonomics) [PSYoungGen: 60486K->0K(148992K)] [ParOldGen: 507282K->277080K(524288K)] 567768K->277080K(673280K), [Metaspace: 43625K->43625K(1085440K)], 0.0521013 secs] [Times: user=0.37 sys=0.00, real=0.05 secs] 
2016-09-25T22:22:48.266-0400: 54.476: [GC (GCLocker Initiated GC) [PSYoungGen: 88064K->77396K(174080K)] 370681K->360014K(698368K), 0.0127822 secs] [Times: user=0.18 sys=0.00, real=0.01 secs] 
2016-09-25T22:22:48.330-0400: 54.541: [GC (GCLocker Initiated GC) [PSYoungGen: 164948K->55155K(174592K)] 450332K->364830K(698880K), 0.0089641 secs] [Times: user=0.12 sys=0.00, real=0.01 secs] 
2016-09-25T22:22:48.392-0400: 54.602: [GC (GCLocker Initiated GC) [PSYoungGen: 142707K->61816K(175104K)] 458434K->386301K(699392K), 0.0260439 secs] [Times: user=0.34 sys=0.01, real=0.03 secs] 
2016-09-25T22:22:48.470-0400: 54.680: [GC (GCLocker Initiated GC) [PSYoungGen: 149880K->66911K(155136K)] 477082K->408223K(679424K), 0.0102309 secs] [Times: user=0.12 sys=0.00, real=0.01 secs] 
2016-09-25T22:22:48.543-0400: 54.753: [GC (GCLocker Initiated GC) [PSYoungGen: 154975K->60593K(174592K)] 507261K->414646K(698880K), 0.0166335 secs] [Times: user=0.21 sys=0.00, real=0.01 secs] 
2016-09-25T22:22:48.616-0400: 54.827: [GC (GCLocker Initiated GC) [PSYoungGen: 149681K->56349K(173568K)] 506486K->416515K(697856K), 0.0072467 secs] [Times: user=0.10 sys=0.00, real=0.01 secs] 
2016-09-25T22:22:48.670-0400: 54.880: [GC (GCLocker Initiated GC) [PSYoungGen: 145437K->64477K(175104K)] 506260K->437965K(699392K), 0.0098962 secs] [Times: user=0.11 sys=0.00, real=0.01 secs] 
2016-09-25T22:22:48.733-0400: 54.944: [GC (GCLocker Initiated GC) [PSYoungGen: 158173K->70012K(175616K)] 534412K->464508K(699904K), 0.0066811 secs] [Times: user=0.09 sys=0.00, real=0.01 secs] 
2016-09-25T22:22:48.789-0400: 54.999: [GC (GCLocker Initiated GC) [PSYoungGen: 163708K->82282K(170496K)] 561116K->496540K(694784K), 0.0080408 secs] [Times: user=0.08 sys=0.04, real=0.01 secs] 
2016-09-25T22:22:48.861-0400: 55.071: [GC (GCLocker Initiated GC) [PSYoungGen: 170346K->46951K(175104K)] 596889K->475474K(699392K), 0.0116680 secs] [Times: user=0.15 sys=0.00, real=0.01 secs] 
2016-09-25T22:22:48.928-0400: 55.138: [GC (GCLocker Initiated GC) [PSYoungGen: 135015K->73939K(175104K)] 567636K->507147K(699392K), 0.0091637 secs] [Times: user=0.12 sys=0.00, real=0.01 secs] 
2016-09-25T22:22:48.986-0400: 55.196: [GC (GCLocker Initiated GC) [PSYoungGen: 162003K->73870K(175104K)] 595300K->515881K(699392K), 0.0086804 secs] [Times: user=0.13 sys=0.00, real=0.01 secs] 
2016-09-25T22:22:49.043-0400: 55.253: [GC (GCLocker Initiated GC) [PSYoungGen: 161934K->63396K(175104K)] 612269K->552077K(699392K), 0.0080548 secs] [Times: user=0.11 sys=0.01, real=0.00 secs] 
2016-09-25T22:22:49.051-0400: 55.261: [Full GC (Ergonomics) [PSYoungGen: 63396K->0K(175104K)] [ParOldGen: 488680K->291344K(524288K)] 552077K->291344K(699392K), [Metaspace: 43625K->43625K(1085440K)], 0.0607123 secs] [Times: user=0.46 sys=0.01, real=0.06 secs] 
2016-09-25T22:22:49.169-0400: 55.379: [GC (GCLocker Initiated GC) [PSYoungGen: 88064K->74667K(175104K)] 384967K->371571K(699392K), 0.0060600 secs] [Times: user=0.09 sys=0.00, real=0.01 secs] 
2016-09-25T22:22:49.228-0400: 55.438: [GC (GCLocker Initiated GC) [PSYoungGen: 162731K->67265K(175104K)] 462375K->369513K(699392K), 0.0061297 secs] [Times: user=0.08 sys=0.00, real=0.01 secs] 
2016-09-25T22:22:49.286-0400: 55.497: [GC (GCLocker Initiated GC) [PSYoungGen: 155329K->65807K(154112K)] 460309K->375488K(678400K), 0.0085850 secs] [Times: user=0.10 sys=0.00, real=0.01 secs] 
2016-09-25T22:22:49.344-0400: 55.555: [GC (GCLocker Initiated GC) [PSYoungGen: 153871K->79592K(172032K)] 470413K->396661K(696320K), 0.0090490 secs] [Times: user=0.08 sys=0.01, real=0.00 secs] 
2016-09-25T22:22:49.413-0400: 55.624: [GC (GCLocker Initiated GC) [PSYoungGen: 166120K->64493K(173568K)] 483299K->404004K(697856K), 0.0061361 secs] [Times: user=0.06 sys=0.02, real=0.01 secs] 
2016-09-25T22:22:49.467-0400: 55.677: [GC (GCLocker Initiated GC) [PSYoungGen: 151021K->63509K(173056K)] 500056K->442713K(697344K), 0.0090326 secs] [Times: user=0.14 sys=0.00, real=0.01 secs] 
2016-09-25T22:22:49.522-0400: 55.732: [GC (GCLocker Initiated GC) [PSYoungGen: 151573K->49659K(174080K)] 531310K->453171K(698368K), 0.0117858 secs] [Times: user=0.13 sys=0.00, real=0.01 secs] 
2016-09-25T22:22:49.579-0400: 55.789: [GC (GCLocker Initiated GC) [PSYoungGen: 137723K->63139K(174080K)] 542666K->470067K(698368K), 0.0139751 secs] [Times: user=0.16 sys=0.01, real=0.01 secs] 
2016-09-25T22:22:49.647-0400: 55.858: [GC (GCLocker Initiated GC) [PSYoungGen: 152227K->57902K(174592K)] 571382K->504665K(698880K), 0.0085017 secs] [Times: user=0.12 sys=0.00, real=0.01 secs] 
2016-09-25T22:22:49.709-0400: 55.919: [GC (GCLocker Initiated GC) [PSYoungGen: 146990K->75309K(173568K)] 596481K->526856K(697856K), 0.0069506 secs] [Times: user=0.09 sys=0.00, real=0.01 secs] 
2016-09-25T22:22:49.769-0400: 55.980: [GC (GCLocker Initiated GC) [PSYoungGen: 164397K->67254K(175616K)] 618749K->527593K(699904K), 0.0063049 secs] [Times: user=0.07 sys=0.00, real=0.01 secs] 
2016-09-25T22:22:49.830-0400: 56.040: [GC (GCLocker Initiated GC) [PSYoungGen: 156342K->36201K(173056K)] 621087K->532721K(697344K), 0.0103253 secs] [Times: user=0.10 sys=0.00, real=0.01 secs] 
2016-09-25T22:22:49.841-0400: 56.051: [Full GC (Ergonomics) [PSYoungGen: 36201K->0K(173056K)] [ParOldGen: 496519K->284405K(524288K)] 532721K->284405K(697344K), [Metaspace: 43625K->43625K(1085440K)], 0.0553731 secs] [Times: user=0.46 sys=0.00, real=0.06 secs] 
2016-09-25T22:22:49.944-0400: 56.154: [GC (GCLocker Initiated GC) [PSYoungGen: 88064K->78698K(175104K)] 375360K->365994K(699392K), 0.0059655 secs] [Times: user=0.08 sys=0.00, real=0.00 secs] 
2016-09-25T22:22:49.998-0400: 56.208: [GC (GCLocker Initiated GC) [PSYoungGen: 166762K->48614K(175104K)] 466273K->369619K(699392K), 0.0079599 secs] [Times: user=0.07 sys=0.00, real=0.01 secs] 
2016-09-25T22:22:50.058-0400: 56.268: [GC (GCLocker Initiated GC) [PSYoungGen: 136678K->71375K(175104K)] 459061K->397366K(699392K), 0.0061709 secs] [Times: user=0.08 sys=0.00, real=0.01 secs] 
2016-09-25T22:22:50.122-0400: 56.332: [GC (GCLocker Initiated GC) [PSYoungGen: 159439K->52350K(175104K)] 488261K->387219K(699392K), 0.0135375 secs] [Times: user=0.14 sys=0.01, real=0.02 secs] 
2016-09-25T22:22:50.176-0400: 56.386: [GC (GCLocker Initiated GC) [PSYoungGen: 140414K->66099K(175104K)] 480790K->420569K(699392K), 0.0138287 secs] [Times: user=0.16 sys=0.00, real=0.01 secs] 
2016-09-25T22:22:50.236-0400: 56.446: [GC (GCLocker Initiated GC) [PSYoungGen: 154163K->79479K(175104K)] 511483K->439008K(699392K), 0.0067746 secs] [Times: user=0.09 sys=0.00, real=0.01 secs] 
2016-09-25T22:22:50.293-0400: 56.503: [GC (GCLocker Initiated GC) [PSYoungGen: 167543K->56573K(175104K)] 538130K->448133K(699392K), 0.0068447 secs] [Times: user=0.07 sys=0.00, real=0.01 secs] 
2016-09-25T22:22:50.380-0400: 56.591: [GC (GCLocker Initiated GC) [PSYoungGen: 144637K->52619K(175104K)] 547029K->467896K(699392K), 0.0096891 secs] [Times: user=0.12 sys=0.01, real=0.01 secs] 
2016-09-25T22:22:50.452-0400: 56.662: [GC (GCLocker Initiated GC) [PSYoungGen: 140683K->50938K(175104K)] 556038K->480529K(699392K), 0.0075440 secs] [Times: user=0.07 sys=0.00, real=0.01 secs] 
2016-09-25T22:22:50.509-0400: 56.719: [GC (GCLocker Initiated GC) [PSYoungGen: 139002K->64537K(175104K)] 572893K->504456K(699392K), 0.0231711 secs] [Times: user=0.30 sys=0.00, real=0.02 secs] 
2016-09-25T22:22:50.611-0400: 56.821: [GC (GCLocker Initiated GC) [PSYoungGen: 152601K->63319K(151552K)] 599305K->513515K(675840K), 0.0160561 secs] [Times: user=0.16 sys=0.00, real=0.02 secs] 
2016-09-25T22:22:50.688-0400: 56.898: [GC (GCLocker Initiated GC) [PSYoungGen: 151383K->70110K(173056K)] 606038K->532285K(697344K), 0.0217386 secs] [Times: user=0.33 sys=0.01, real=0.02 secs] 
2016-09-25T22:22:50.771-0400: 56.981: [GC (GCLocker Initiated GC) [PSYoungGen: 157150K->34772K(174080K)] 622083K->527370K(698368K), 0.0136054 secs] [Times: user=0.13 sys=0.01, real=0.02 secs] 
2016-09-25T22:22:50.785-0400: 56.995: [Full GC (Ergonomics) [PSYoungGen: 34772K->0K(174080K)] [ParOldGen: 492597K->292161K(524288K)] 527370K->292161K(698368K), [Metaspace: 43625K->43625K(1085440K)], 0.0828318 secs] [Times: user=0.53 sys=0.00, real=0.08 secs] 
2016-09-25T22:22:50.909-0400: 57.119: [GC (GCLocker Initiated GC) [PSYoungGen: 87040K->81812K(175104K)] 379314K->374086K(699392K), 0.0112239 secs] [Times: user=0.15 sys=0.00, real=0.01 secs] 
2016-09-25T22:22:51.008-0400: 57.218: [GC (GCLocker Initiated GC) [PSYoungGen: 169876K->65018K(175104K)] 469110K->380684K(699392K), 0.0118908 secs] [Times: user=0.13 sys=0.00, real=0.01 secs] 
2016-09-25T22:22:51.079-0400: 57.289: [GC (GCLocker Initiated GC) [PSYoungGen: 153082K->38895K(175104K)] 468832K->367613K(699392K), 0.0266073 secs] [Times: user=0.31 sys=0.00, real=0.03 secs] 
2016-09-25T22:22:51.168-0400: 57.378: [GC (GCLocker Initiated GC) [PSYoungGen: 126959K->48424K(175104K)] 466554K->388803K(699392K), 0.0132938 secs] [Times: user=0.13 sys=0.00, real=0.01 secs] 
2016-09-25T22:22:51.262-0400: 57.473: [GC (GCLocker Initiated GC) [PSYoungGen: 136488K->41288K(175104K)] 476934K->394699K(699392K), 0.0077305 secs] [Times: user=0.05 sys=0.00, real=0.00 secs] 
2016-09-25T22:22:51.315-0400: 57.525: [GC (GCLocker Initiated GC) [PSYoungGen: 129352K->68755K(175104K)] 488365K->448550K(699392K), 0.0158339 secs] [Times: user=0.20 sys=0.00, real=0.01 secs] 
2016-09-25T22:22:51.407-0400: 57.618: [GC (GCLocker Initiated GC) [PSYoungGen: 156819K->73960K(175104K)] 539473K->458739K(699392K), 0.0233061 secs] [Times: user=0.29 sys=0.01, real=0.02 secs] 
2016-09-25T22:22:51.500-0400: 57.710: [GC (GCLocker Initiated GC) [PSYoungGen: 162024K->57755K(175104K)] 552350K->467689K(699392K), 0.0104339 secs] [Times: user=0.14 sys=0.00, real=0.01 secs] 
2016-09-25T22:22:51.558-0400: 57.768: [GC (GCLocker Initiated GC) [PSYoungGen: 145819K->56737K(175104K)] 558656K->487715K(699392K), 0.0070117 secs] [Times: user=0.08 sys=0.00, real=0.01 secs] 
2016-09-25T22:22:51.636-0400: 57.846: [GC (GCLocker Initiated GC) [PSYoungGen: 144801K->65891K(175104K)] 575844K->520747K(699392K), 0.0099457 secs] [Times: user=0.15 sys=0.00, real=0.01 secs] 
2016-09-25T22:22:51.715-0400: 57.925: [GC (GCLocker Initiated GC) [PSYoungGen: 153955K->39125K(175104K)] 612913K->509442K(699392K), 0.0081185 secs] [Times: user=0.09 sys=0.00, real=0.01 secs] 
2016-09-25T22:22:51.772-0400: 57.983: [GC (GCLocker Initiated GC) [PSYoungGen: 127189K->55211K(143360K)] 602992K->548047K(667648K), 0.0069427 secs] [Times: user=0.08 sys=0.00, real=0.01 secs] 
2016-09-25T22:22:51.780-0400: 57.990: [Full GC (Ergonomics) [PSYoungGen: 55211K->0K(143360K)] [ParOldGen: 492835K->302146K(524288K)] 548047K->302146K(667648K), [Metaspace: 43625K->43625K(1085440K)], 0.0621652 secs] [Times: user=0.48 sys=0.00, real=0.06 secs] 
2016-09-25T22:22:51.892-0400: 58.102: [GC (GCLocker Initiated GC) [PSYoungGen: 88064K->57023K(177152K)] 390337K->359296K(701440K), 0.0079976 secs] [Times: user=0.07 sys=0.00, real=0.01 secs] 
2016-09-25T22:22:51.955-0400: 58.165: [GC (GCLocker Initiated GC) [PSYoungGen: 147647K->48399K(174592K)] 455499K->383110K(698880K), 0.0097009 secs] [Times: user=0.08 sys=0.00, real=0.01 secs] 
2016-09-25T22:22:52.017-0400: 58.228: [GC (GCLocker Initiated GC) [PSYoungGen: 139023K->30515K(173056K)] 477866K->395805K(697344K), 0.0114726 secs] [Times: user=0.09 sys=0.01, real=0.01 secs] 
2016-09-25T22:22:52.099-0400: 58.310: [GC (GCLocker Initiated GC) [PSYoungGen: 120627K->70066K(174592K)] 491336K->449451K(698880K), 0.0199926 secs] [Times: user=0.20 sys=0.00, real=0.02 secs] 
2016-09-25T22:22:52.180-0400: 58.391: [GC (GCLocker Initiated GC) [PSYoungGen: 160178K->49425K(176128K)] 542411K->444392K(700416K), 0.0318735 secs] [Times: user=0.36 sys=0.00, real=0.03 secs] 
2016-09-25T22:22:52.264-0400: 58.474: [GC (GCLocker Initiated GC) [PSYoungGen: 139025K->52238K(142336K)] 538104K->466679K(666624K), 0.0254797 secs] [Times: user=0.26 sys=0.00, real=0.02 secs] 
2016-09-25T22:22:52.342-0400: 58.553: [GC (GCLocker Initiated GC) [PSYoungGen: 141838K->69858K(170496K)] 556671K->485309K(694784K), 0.0078537 secs] [Times: user=0.09 sys=0.00, real=0.00 secs] 
2016-09-25T22:22:52.410-0400: 58.620: [GC (GCLocker Initiated GC) [PSYoungGen: 157410K->61723K(173056K)] 578372K->496741K(697344K), 0.0079183 secs] [Times: user=0.07 sys=0.01, real=0.01 secs] 
2016-09-25T22:22:52.476-0400: 58.686: [GC (GCLocker Initiated GC) [PSYoungGen: 149275K->60568K(173056K)] 585542K->516232K(697344K), 0.0073993 secs] [Times: user=0.10 sys=0.00, real=0.01 secs] 
2016-09-25T22:22:52.536-0400: 58.746: [GC (GCLocker Initiated GC) [PSYoungGen: 152216K->67360K(175104K)] 616125K->533250K(699392K), 0.0234207 secs] [Times: user=0.22 sys=0.01, real=0.02 secs] 
2016-09-25T22:22:52.626-0400: 58.837: [GC (GCLocker Initiated GC) [PSYoungGen: 159008K->55113K(175616K)] 634357K->539288K(699904K), 0.0138580 secs] [Times: user=0.17 sys=0.01, real=0.01 secs] 
2016-09-25T22:22:52.700-0400: 58.910: [GC (GCLocker Initiated GC) [PSYoungGen: 149321K->57520K(176640K)] 636445K->546529K(700928K), 0.0290060 secs] [Times: user=0.35 sys=0.01, real=0.03 secs] 
2016-09-25T22:22:52.780-0400: 58.991: [GC (GCLocker Initiated GC) [PSYoungGen: 151728K->60409K(177664K)] 642164K->552735K(701952K), 0.0085633 secs] [Times: user=0.07 sys=0.00, real=0.01 secs] 
2016-09-25T22:22:52.849-0400: 59.059: [Full GC (Ergonomics) [PSYoungGen: 159737K->0K(177664K)] [ParOldGen: 497803K->311613K(524288K)] 657541K->311613K(701952K), [Metaspace: 43625K->43625K(1085440K)], 0.0707903 secs] [Times: user=0.40 sys=0.01, real=0.07 secs] 
2016-09-25T22:22:52.991-0400: 59.201: [GC (GCLocker Initiated GC) [PSYoungGen: 99328K->60980K(178176K)] 413673K->375325K(702464K), 0.0135076 secs] [Times: user=0.18 sys=0.00, real=0.02 secs] 
2016-09-25T22:22:53.073-0400: 59.283: [GC (GCLocker Initiated GC) [PSYoungGen: 160308K->49801K(182784K)] 474705K->368082K(707072K), 0.0061569 secs] [Times: user=0.07 sys=0.00, real=0.01 secs] 
2016-09-25T22:22:53.146-0400: 59.356: [GC (GCLocker Initiated GC) [PSYoungGen: 155273K->42847K(182784K)] 473645K->386224K(707072K), 0.0158657 secs] [Times: user=0.08 sys=0.00, real=0.01 secs] 
2016-09-25T22:22:53.231-0400: 59.442: [GC (GCLocker Initiated GC) [PSYoungGen: 148319K->49567K(183296K)] 497201K->404414K(707584K), 0.0128179 secs] [Times: user=0.10 sys=0.00, real=0.02 secs] 
2016-09-25T22:22:53.307-0400: 59.517: [GC (GCLocker Initiated GC) [PSYoungGen: 156575K->76660K(183808K)] 514188K->447030K(708096K), 0.0118748 secs] [Times: user=0.13 sys=0.01, real=0.01 secs] 
2016-09-25T22:22:53.392-0400: 59.602: [GC (GCLocker Initiated GC) [PSYoungGen: 183668K->49502K(177664K)] 559475K->431265K(701952K), 0.0141246 secs] [Times: user=0.14 sys=0.00, real=0.02 secs] 
2016-09-25T22:22:53.469-0400: 59.679: [GC (GCLocker Initiated GC) [PSYoungGen: 148830K->50904K(180736K)] 540134K->461698K(705024K), 0.0163509 secs] [Times: user=0.16 sys=0.01, real=0.02 secs] 
2016-09-25T22:22:53.562-0400: 59.772: [GC (GCLocker Initiated GC) [PSYoungGen: 150232K->52116K(176128K)] 566628K->485314K(700416K), 0.0109346 secs] [Times: user=0.09 sys=0.01, real=0.01 secs] 
2016-09-25T22:22:53.641-0400: 59.851: [GC (GCLocker Initiated GC) [PSYoungGen: 152980K->56099K(179200K)] 588957K->496678K(703488K), 0.0074716 secs] [Times: user=0.07 sys=0.00, real=0.01 secs] 
2016-09-25T22:22:53.725-0400: 59.935: [GC (GCLocker Initiated GC) [PSYoungGen: 156963K->52252K(179712K)] 604463K->500173K(704000K), 0.0073780 secs] [Times: user=0.07 sys=0.00, real=0.00 secs] 
2016-09-25T22:22:53.790-0400: 60.000: [GC (GCLocker Initiated GC) [PSYoungGen: 159772K->48082K(182272K)] 611788K->508741K(706560K), 0.0067997 secs] [Times: user=0.06 sys=0.01, real=0.01 secs] 
2016-09-25T22:22:53.860-0400: 60.071: [GC (GCLocker Initiated GC) [PSYoungGen: 155602K->46649K(185856K)] 616314K->525451K(710144K), 0.0072833 secs] [Times: user=0.07 sys=0.00, real=0.01 secs] 
2016-09-25T22:22:53.936-0400: 60.146: [GC (GCLocker Initiated GC) [PSYoungGen: 159801K->64442K(177664K)] 641341K->559935K(701952K), 0.0338209 secs] [Times: user=0.33 sys=0.00, real=0.03 secs] 
2016-09-25T22:22:53.970-0400: 60.180: [Full GC (Ergonomics) [PSYoungGen: 64442K->0K(177664K)] [ParOldGen: 495493K->312171K(524288K)] 559935K->312171K(701952K), [Metaspace: 43631K->43631K(1085440K)], 0.0765248 secs] [Times: user=0.37 sys=0.00, real=0.08 secs] 
2016-09-25T22:22:54.118-0400: 60.329: [GC (GCLocker Initiated GC) [PSYoungGen: 113152K->44868K(186880K)] 440408K->372125K(711168K), 0.0140072 secs] [Times: user=0.12 sys=0.00, real=0.01 secs] 
2016-09-25T22:22:54.203-0400: 60.413: [GC (GCLocker Initiated GC) [PSYoungGen: 155972K->30525K(141824K)] 490161K->367275K(666112K), 0.0186393 secs] [Times: user=0.14 sys=0.01, real=0.01 secs] 
2016-09-25T22:22:54.286-0400: 60.497: [GC (GCLocker Initiated GC) [PSYoungGen: 141629K->53513K(186880K)] 483882K->408437K(711168K), 0.0125416 secs] [Times: user=0.10 sys=0.00, real=0.01 secs] 
2016-09-25T22:22:54.357-0400: 60.567: [GC (GCLocker Initiated GC) [PSYoungGen: 163081K->52086K(161792K)] 520806K->410258K(686080K), 0.0162635 secs] [Times: user=0.14 sys=0.00, real=0.01 secs] 
2016-09-25T22:22:54.416-0400: 60.627: [GC (GCLocker Initiated GC) [PSYoungGen: 161654K->53594K(184320K)] 525307K->425828K(708608K), 0.0168901 secs] [Times: user=0.12 sys=0.00, real=0.01 secs] 
2016-09-25T22:22:54.507-0400: 60.717: [GC (GCLocker Initiated GC) [PSYoungGen: 164698K->43963K(182784K)] 539779K->422225K(707072K), 0.0119280 secs] [Times: user=0.09 sys=0.00, real=0.01 secs] 
2016-09-25T22:22:54.574-0400: 60.784: [GC (GCLocker Initiated GC) [PSYoungGen: 155067K->52054K(188928K)] 533410K->433564K(713216K), 0.0139589 secs] [Times: user=0.12 sys=0.00, real=0.02 secs] 
2016-09-25T22:22:54.655-0400: 60.866: [GC (GCLocker Initiated GC) [PSYoungGen: 170838K->57552K(188416K)] 559256K->446404K(712704K), 0.0106129 secs] [Times: user=0.09 sys=0.00, real=0.01 secs] 
2016-09-25T22:22:54.739-0400: 60.949: [GC (GCLocker Initiated GC) [PSYoungGen: 176336K->41261K(192000K)] 565406K->433533K(716288K), 0.0356135 secs] [Times: user=0.36 sys=0.00, real=0.04 secs] 
2016-09-25T22:22:54.849-0400: 61.059: [GC (GCLocker Initiated GC) [PSYoungGen: 163117K->35786K(157696K)] 569842K->442937K(681984K), 0.0169264 secs] [Times: user=0.14 sys=0.00, real=0.02 secs] 
2016-09-25T22:22:54.931-0400: 61.141: [GC (GCLocker Initiated GC) [PSYoungGen: 157642K->62977K(185344K)] 573139K->478920K(709632K), 0.0125331 secs] [Times: user=0.12 sys=0.00, real=0.02 secs] 
2016-09-25T22:22:55.016-0400: 61.226: [GC (GCLocker Initiated GC) [PSYoungGen: 177665K->46633K(188416K)] 605829K->476552K(712704K), 0.0186272 secs] [Times: user=0.22 sys=0.00, real=0.02 secs] 
2016-09-25T22:22:55.103-0400: 61.313: [GC (GCLocker Initiated GC) [PSYoungGen: 161321K->35897K(186880K)] 599380K->474371K(711168K), 0.0228596 secs] [Times: user=0.24 sys=0.01, real=0.02 secs] 
2016-09-25T22:22:55.182-0400: 61.392: [GC (GCLocker Initiated GC) [PSYoungGen: 152121K->44095K(188416K)] 596138K->515606K(712704K), 0.0063344 secs] [Times: user=0.06 sys=0.01, real=0.01 secs] 
2016-09-25T22:22:55.275-0400: 61.485: [GC (GCLocker Initiated GC) [PSYoungGen: 160319K->43972K(186880K)] 635927K->538874K(711168K), 0.0153713 secs] [Times: user=0.12 sys=0.00, real=0.01 secs] 
2016-09-25T22:22:55.362-0400: 61.572: [Full GC (Ergonomics) [PSYoungGen: 163268K->0K(186880K)] [ParOldGen: 500450K->303807K(524288K)] 663719K->303807K(711168K), [Metaspace: 43631K->43631K(1085440K)], 0.2196551 secs] [Times: user=2.95 sys=0.05, real=0.22 secs] 
2016-09-25T22:22:55.667-0400: 61.877: [GC (GCLocker Initiated GC) [PSYoungGen: 119296K->67288K(186880K)] 425871K->379264K(711168K), 0.0210463 secs] [Times: user=0.26 sys=0.00, real=0.02 secs] 
2016-09-25T22:22:55.765-0400: 61.976: [GC (GCLocker Initiated GC) [PSYoungGen: 186584K->54821K(188416K)] 502666K->381015K(712704K), 0.0286583 secs] [Times: user=0.35 sys=0.01, real=0.02 secs] 
2016-09-25T22:22:55.878-0400: 62.089: [GC (GCLocker Initiated GC) [PSYoungGen: 168997K->53632K(167936K)] 497942K->415519K(692224K), 0.0126941 secs] [Times: user=0.14 sys=0.02, real=0.01 secs] 
2016-09-25T22:22:55.955-0400: 62.166: [GC (GCLocker Initiated GC) [PSYoungGen: 167808K->72447K(178176K)] 529776K->440294K(702464K), 0.0152763 secs] [Times: user=0.16 sys=0.00, real=0.01 secs] 
2016-09-25T22:22:56.015-0400: 62.226: [GC (GCLocker Initiated GC) [PSYoungGen: 177919K->69696K(175616K)] 547257K->442176K(699904K), 0.0092244 secs] [Times: user=0.10 sys=0.00, real=0.01 secs] 
2016-09-25T22:22:56.112-0400: 62.322: [GC (GCLocker Initiated GC) [PSYoungGen: 175168K->52064K(182272K)] 547774K->449380K(706560K), 0.0244285 secs] [Times: user=0.18 sys=0.01, real=0.03 secs] 
2016-09-25T22:22:56.194-0400: 62.404: [GC (GCLocker Initiated GC) [PSYoungGen: 151904K->63025K(179712K)] 554717K->482415K(704000K), 0.0127363 secs] [Times: user=0.14 sys=0.00, real=0.02 secs] 
2016-09-25T22:22:56.273-0400: 62.483: [GC (GCLocker Initiated GC) [PSYoungGen: 162865K->58923K(181248K)] 585034K->511161K(705536K), 0.0114778 secs] [Times: user=0.13 sys=0.01, real=0.02 secs] 
2016-09-25T22:22:56.364-0400: 62.574: [GC (GCLocker Initiated GC) [PSYoungGen: 159787K->47909K(180224K)] 616167K->516751K(704512K), 0.0120709 secs] [Times: user=0.10 sys=0.00, real=0.01 secs] 
2016-09-25T22:22:56.428-0400: 62.638: [GC (GCLocker Initiated GC) [PSYoungGen: 148773K->49164K(181248K)] 617727K->522449K(705536K), 0.0070281 secs] [Times: user=0.06 sys=0.00, real=0.01 secs] 
2016-09-25T22:22:56.501-0400: 62.711: [GC (GCLocker Initiated GC) [PSYoungGen: 153100K->42674K(180736K)] 639241K->530420K(705024K), 0.0397969 secs] [Times: user=0.43 sys=0.00, real=0.04 secs] 
2016-09-25T22:22:56.612-0400: 62.822: [Full GC (Ergonomics) [PSYoungGen: 146610K->0K(180736K)] [ParOldGen: 493295K->310051K(524288K)] 639905K->310051K(705024K), [Metaspace: 43631K->43631K(1085440K)], 0.0505434 secs] [Times: user=0.36 sys=0.01, real=0.06 secs] 
2016-09-25T22:22:56.714-0400: 62.924: [GC (GCLocker Initiated GC) [PSYoungGen: 103936K->76477K(173056K)] 414135K->392084K(697344K), 0.0212484 secs] [Times: user=0.17 sys=0.00, real=0.03 secs] 
2016-09-25T22:22:56.792-0400: 63.002: [GC (GCLocker Initiated GC) [PSYoungGen: 172733K->58870K(179200K)] 493900K->399428K(703488K), 0.0102800 secs] [Times: user=0.12 sys=0.00, real=0.02 secs] 
2016-09-25T22:22:56.852-0400: 63.063: [GC (GCLocker Initiated GC) [PSYoungGen: 155126K->65620K(177664K)] 501177K->416069K(701952K), 0.0152817 secs] [Times: user=0.20 sys=0.00, real=0.02 secs] 
2016-09-25T22:22:56.930-0400: 63.140: [GC (GCLocker Initiated GC) [PSYoungGen: 161876K->62952K(179200K)] 515215K->436893K(703488K), 0.0135295 secs] [Times: user=0.15 sys=0.00, real=0.02 secs] 
2016-09-25T22:22:56.998-0400: 63.209: [GC (GCLocker Initiated GC) [PSYoungGen: 159208K->54779K(174592K)] 537345K->453527K(698880K), 0.0103034 secs] [Times: user=0.13 sys=0.00, real=0.01 secs] 
2016-09-25T22:22:57.061-0400: 63.272: [GC (GCLocker Initiated GC) [PSYoungGen: 151547K->73662K(177152K)] 553100K->494418K(701440K), 0.0103853 secs] [Times: user=0.11 sys=0.00, real=0.01 secs] 
2016-09-25T22:22:57.120-0400: 63.330: [GC (GCLocker Initiated GC) [PSYoungGen: 170430K->72433K(173056K)] 591237K->507052K(697344K), 0.0072738 secs] [Times: user=0.09 sys=0.00, real=0.01 secs] 
2016-09-25T22:22:57.184-0400: 63.394: [GC (GCLocker Initiated GC) [PSYoungGen: 161521K->57587K(175616K)] 600257K->518299K(699904K), 0.0074801 secs] [Times: user=0.10 sys=0.00, real=0.00 secs] 
2016-09-25T22:22:57.241-0400: 63.451: [GC (GCLocker Initiated GC) [PSYoungGen: 146675K->56156K(172032K)] 610122K->534894K(696320K), 0.0089718 secs] [Times: user=0.10 sys=0.00, real=0.01 secs] 
2016-09-25T22:22:57.295-0400: 63.505: [GC (GCLocker Initiated GC) [PSYoungGen: 147292K->81967K(174080K)] 626238K->569419K(698368K), 0.0102870 secs] [Times: user=0.10 sys=0.02, real=0.01 secs] 
2016-09-25T22:22:57.350-0400: 63.560: [GC (GCLocker Initiated GC) [PSYoungGen: 173103K->84603K(175104K)] 660673K->576703K(699392K), 0.0097689 secs] [Times: user=0.08 sys=0.02, real=0.01 secs] 
2016-09-25T22:22:57.413-0400: 63.624: [Full GC (Ergonomics) [PSYoungGen: 172667K->0K(175104K)] [ParOldGen: 501659K->318392K(524288K)] 674326K->318392K(699392K), [Metaspace: 43645K->43645K(1085440K)], 0.0672641 secs] [Times: user=0.46 sys=0.03, real=0.07 secs] 
2016-09-25T22:22:57.529-0400: 63.739: [GC (GCLocker Initiated GC) [PSYoungGen: 88064K->71378K(175104K)] 409341K->392655K(699392K), 0.0092554 secs] [Times: user=0.07 sys=0.00, real=0.01 secs] 
2016-09-25T22:22:57.582-0400: 63.792: [GC (GCLocker Initiated GC) [PSYoungGen: 159442K->72509K(175104K)] 483602K->405571K(699392K), 0.0100430 secs] [Times: user=0.10 sys=0.00, real=0.01 secs] 
2016-09-25T22:22:57.643-0400: 63.853: [GC (GCLocker Initiated GC) [PSYoungGen: 160573K->54896K(175104K)] 493684K->412770K(699392K), 0.0095770 secs] [Times: user=0.11 sys=0.01, real=0.00 secs] 
2016-09-25T22:22:57.687-0400: 63.897: [GC (GCLocker Initiated GC) [PSYoungGen: 142960K->76809K(175104K)] 501085K->439469K(699392K), 0.0100436 secs] [Times: user=0.12 sys=0.00, real=0.01 secs] 
2016-09-25T22:22:57.757-0400: 63.967: [GC (GCLocker Initiated GC) [PSYoungGen: 164873K->71344K(175104K)] 531651K->452303K(699392K), 0.0125845 secs] [Times: user=0.16 sys=0.00, real=0.01 secs] 
2016-09-25T22:22:57.827-0400: 64.038: [GC (GCLocker Initiated GC) [PSYoungGen: 159408K->73885K(175104K)] 547200K->462325K(699392K), 0.0070994 secs] [Times: user=0.10 sys=0.00, real=0.01 secs] 
2016-09-25T22:22:57.889-0400: 64.099: [GC (GCLocker Initiated GC) [PSYoungGen: 161949K->74013K(175104K)] 557164K->479195K(699392K), 0.0093453 secs] [Times: user=0.14 sys=0.00, real=0.01 secs] 
2016-09-25T22:22:57.956-0400: 64.166: [GC (GCLocker Initiated GC) [PSYoungGen: 162077K->56495K(175104K)] 578130K->492032K(699392K), 0.0084884 secs] [Times: user=0.14 sys=0.01, real=0.01 secs] 
2016-09-25T22:22:58.015-0400: 64.225: [GC (GCLocker Initiated GC) [PSYoungGen: 144559K->60422K(175104K)] 580117K->531757K(699392K), 0.0095528 secs] [Times: user=0.14 sys=0.00, real=0.01 secs] 
2016-09-25T22:22:58.071-0400: 64.281: [GC (GCLocker Initiated GC) [PSYoungGen: 148486K->75450K(175104K)] 625275K->552742K(699392K), 0.0095615 secs] [Times: user=0.14 sys=0.00, real=0.01 secs] 
2016-09-25T22:22:58.149-0400: 64.359: [GC (GCLocker Initiated GC) [PSYoungGen: 163514K->72600K(175104K)] 648083K->559223K(699392K), 0.0095316 secs] [Times: user=0.15 sys=0.00, real=0.01 secs] 
2016-09-25T22:22:58.221-0400: 64.431: [Full GC (Ergonomics) [PSYoungGen: 160664K->0K(175104K)] [ParOldGen: 489571K->317888K(524288K)] 650236K->317888K(699392K), [Metaspace: 43648K->43648K(1087488K)], 0.0659329 secs] [Times: user=0.52 sys=0.00, real=0.07 secs] 
2016-09-25T22:22:58.342-0400: 64.553: [GC (GCLocker Initiated GC) [PSYoungGen: 88064K->65008K(175104K)] 405982K->382927K(699392K), 0.0065957 secs] [Times: user=0.08 sys=0.00, real=0.00 secs] 
2016-09-25T22:22:58.392-0400: 64.603: [GC (GCLocker Initiated GC) [PSYoungGen: 153072K->75205K(175104K)] 471149K->398434K(699392K), 0.0095378 secs] [Times: user=0.08 sys=0.01, real=0.01 secs] 
2016-09-25T22:22:58.452-0400: 64.663: [GC (GCLocker Initiated GC) [PSYoungGen: 163269K->49580K(175104K)] 493288K->403072K(699392K), 0.0070851 secs] [Times: user=0.09 sys=0.00, real=0.01 secs] 
2016-09-25T22:22:58.513-0400: 64.723: [GC (GCLocker Initiated GC) [PSYoungGen: 137644K->64443K(175104K)] 493899K->422643K(699392K), 0.0091715 secs] [Times: user=0.10 sys=0.01, real=0.02 secs] 
2016-09-25T22:22:58.568-0400: 64.778: [GC (GCLocker Initiated GC) [PSYoungGen: 152507K->71397K(175104K)] 514626K->442049K(699392K), 0.0104690 secs] [Times: user=0.15 sys=0.00, real=0.01 secs] 
2016-09-25T22:22:58.632-0400: 64.842: [GC (GCLocker Initiated GC) [PSYoungGen: 159461K->54991K(175104K)] 530161K->452091K(699392K), 0.0065753 secs] [Times: user=0.09 sys=0.01, real=0.01 secs] 
2016-09-25T22:22:58.700-0400: 64.911: [GC (GCLocker Initiated GC) [PSYoungGen: 143055K->65913K(175104K)] 545648K->471726K(699392K), 0.0069689 secs] [Times: user=0.07 sys=0.01, real=0.01 secs] 
2016-09-25T22:22:58.775-0400: 64.985: [GC (GCLocker Initiated GC) [PSYoungGen: 153977K->52496K(175104K)] 570741K->492787K(699392K), 0.0093023 secs] [Times: user=0.09 sys=0.01, real=0.01 secs] 
2016-09-25T22:22:58.849-0400: 65.060: [GC (GCLocker Initiated GC) [PSYoungGen: 140560K->72537K(175104K)] 580912K->521745K(699392K), 0.0077114 secs] [Times: user=0.08 sys=0.02, real=0.01 secs] 
2016-09-25T22:22:58.922-0400: 65.132: [GC (GCLocker Initiated GC) [PSYoungGen: 160601K->56611K(175104K)] 624879K->521443K(699392K), 0.0056744 secs] [Times: user=0.06 sys=0.00, real=0.01 secs] 
2016-09-25T22:22:58.984-0400: 65.194: [GC (GCLocker Initiated GC) [PSYoungGen: 144675K->64525K(171008K)] 615122K->538429K(695296K), 0.0101269 secs] [Times: user=0.11 sys=0.00, real=0.00 secs] 
2016-09-25T22:22:59.061-0400: 65.271: [GC (GCLocker Initiated GC) [PSYoungGen: 152589K->47229K(173056K)] 637469K->544958K(697344K), 0.0083632 secs] [Times: user=0.11 sys=0.01, real=0.01 secs] 
2016-09-25T22:22:59.069-0400: 65.280: [Full GC (Ergonomics) [PSYoungGen: 47229K->0K(173056K)] [ParOldGen: 497729K->320333K(524288K)] 544958K->320333K(697344K), [Metaspace: 43692K->43692K(1087488K)], 0.0632252 secs] [Times: user=0.47 sys=0.00, real=0.06 secs] 
2016-09-25T22:22:59.187-0400: 65.397: [GC (GCLocker Initiated GC) [PSYoungGen: 88064K->58044K(174592K)] 411148K->381129K(698880K), 0.0125064 secs] [Times: user=0.15 sys=0.01, real=0.01 secs] 
2016-09-25T22:22:59.256-0400: 65.467: [GC (GCLocker Initiated GC) [PSYoungGen: 149692K->73206K(175616K)] 478299K->402668K(699904K), 0.0094234 secs] [Times: user=0.13 sys=0.00, real=0.01 secs] 
2016-09-25T22:22:59.321-0400: 65.531: [GC (GCLocker Initiated GC) [PSYoungGen: 164854K->69995K(175104K)] 497051K->430416K(699392K), 0.0112412 secs] [Times: user=0.19 sys=0.00, real=0.01 secs] 
2016-09-25T22:22:59.385-0400: 65.596: [GC (GCLocker Initiated GC) [PSYoungGen: 159083K->65073K(154624K)] 519578K->449231K(678912K), 0.0111829 secs] [Times: user=0.12 sys=0.00, real=0.01 secs] 
2016-09-25T22:22:59.450-0400: 65.660: [GC (GCLocker Initiated GC) [PSYoungGen: 154161K->59528K(175104K)] 552012K->463994K(699392K), 0.0096052 secs] [Times: user=0.10 sys=0.00, real=0.01 secs] 
2016-09-25T22:22:59.528-0400: 65.738: [GC (GCLocker Initiated GC) [PSYoungGen: 150152K->75798K(174080K)] 554668K->482797K(698368K), 0.0072719 secs] [Times: user=0.10 sys=0.01, real=0.01 secs] 
2016-09-25T22:22:59.600-0400: 65.811: [GC (GCLocker Initiated GC) [PSYoungGen: 166422K->70211K(176128K)] 573469K->482359K(700416K), 0.0067690 secs] [Times: user=0.08 sys=0.00, real=0.01 secs] 
2016-09-25T22:22:59.674-0400: 65.884: [GC (GCLocker Initiated GC) [PSYoungGen: 160323K->39070K(129536K)] 577923K->466997K(653824K), 0.0053740 secs] [Times: user=0.05 sys=0.00, real=0.01 secs] 
2016-09-25T22:22:59.724-0400: 65.935: [GC (GCLocker Initiated GC) [PSYoungGen: 129182K->70554K(175104K)] 560017K->514441K(699392K), 0.0144502 secs] [Times: user=0.16 sys=0.00, real=0.01 secs] 
2016-09-25T22:22:59.808-0400: 66.018: [GC (GCLocker Initiated GC) [PSYoungGen: 158618K->62217K(150528K)] 603967K->514230K(674816K), 0.0122009 secs] [Times: user=0.14 sys=0.00, real=0.01 secs] 
2016-09-25T22:22:59.882-0400: 66.092: [GC (GCLocker Initiated GC) [PSYoungGen: 150281K->70121K(174592K)] 602723K->541332K(698880K), 0.0098370 secs] [Times: user=0.15 sys=0.00, real=0.01 secs] 
2016-09-25T22:22:59.955-0400: 66.165: [GC (GCLocker Initiated GC) [PSYoungGen: 158185K->56973K(174592K)] 643110K->542641K(698880K), 0.0072786 secs] [Times: user=0.11 sys=0.00, real=0.00 secs] 
2016-09-25T22:23:00.019-0400: 66.229: [GC (GCLocker Initiated GC) [PSYoungGen: 145037K->63488K(172544K)] 637503K->561030K(696832K), 0.0067901 secs] [Times: user=0.09 sys=0.00, real=0.01 secs] 
2016-09-25T22:23:00.026-0400: 66.236: [Full GC (Ergonomics) [PSYoungGen: 63488K->0K(172544K)] [ParOldGen: 497542K->332146K(524288K)] 561030K->332146K(696832K), [Metaspace: 43699K->43699K(1087488K)], 0.0653313 secs] [Times: user=0.48 sys=0.01, real=0.06 secs] 
2016-09-25T22:23:00.168-0400: 66.379: [GC (GCLocker Initiated GC) [PSYoungGen: 90112K->82687K(173568K)] 425090K->425765K(697856K), 0.0113768 secs] [Times: user=0.15 sys=0.01, real=0.01 secs] 
2016-09-25T22:23:00.246-0400: 66.456: [GC (GCLocker Initiated GC) [PSYoungGen: 172799K->86725K(175104K)] 522261K->441460K(699392K), 0.0084259 secs] [Times: user=0.14 sys=0.00, real=0.01 secs] 
2016-09-25T22:23:00.325-0400: 66.536: [GC (GCLocker Initiated GC) [PSYoungGen: 174789K->45734K(175104K)] 536504K->420745K(699392K), 0.0217555 secs] [Times: user=0.22 sys=0.02, real=0.02 secs] 
2016-09-25T22:23:00.425-0400: 66.635: [GC (GCLocker Initiated GC) [PSYoungGen: 133798K->78442K(175104K)] 511571K->458462K(699392K), 0.0079204 secs] [Times: user=0.10 sys=0.00, real=0.00 secs] 
2016-09-25T22:23:00.484-0400: 66.694: [GC (GCLocker Initiated GC) [PSYoungGen: 166506K->69149K(175104K)] 555712K->474095K(699392K), 0.0078835 secs] [Times: user=0.12 sys=0.01, real=0.00 secs] 
2016-09-25T22:23:00.558-0400: 66.768: [GC (GCLocker Initiated GC) [PSYoungGen: 157213K->60640K(175104K)] 565006K->487168K(699392K), 0.0114714 secs] [Times: user=0.17 sys=0.01, real=0.01 secs] 
2016-09-25T22:23:00.641-0400: 66.851: [GC (GCLocker Initiated GC) [PSYoungGen: 148704K->38961K(175104K)] 575275K->474345K(699392K), 0.0070827 secs] [Times: user=0.06 sys=0.00, real=0.01 secs] 
2016-09-25T22:23:00.701-0400: 66.912: [GC (GCLocker Initiated GC) [PSYoungGen: 127025K->74757K(175104K)] 567857K->521935K(699392K), 0.0097469 secs] [Times: user=0.13 sys=0.00, real=0.01 secs] 
2016-09-25T22:23:00.790-0400: 67.000: [GC (GCLocker Initiated GC) [PSYoungGen: 162821K->67908K(175104K)] 612911K->550361K(699392K), 0.0150157 secs] [Times: user=0.21 sys=0.00, real=0.02 secs] 
2016-09-25T22:23:00.867-0400: 67.077: [GC (GCLocker Initiated GC) [PSYoungGen: 155972K->65134K(175104K)] 645387K->555859K(699392K), 0.0102479 secs] [Times: user=0.16 sys=0.00, real=0.01 secs] 
2016-09-25T22:23:00.952-0400: 67.162: [Full GC (Ergonomics) [PSYoungGen: 153198K->0K(175104K)] [ParOldGen: 500344K->342118K(524288K)] 653543K->342118K(699392K), [Metaspace: 43699K->43699K(1087488K)], 0.0801867 secs] [Times: user=0.63 sys=0.01, real=0.08 secs] 
2016-09-25T22:23:01.085-0400: 67.295: [GC (GCLocker Initiated GC) [PSYoungGen: 88064K->71668K(175104K)] 438426K->422030K(699392K), 0.0074405 secs] [Times: user=0.11 sys=0.01, real=0.00 secs] 
2016-09-25T22:23:01.162-0400: 67.372: [GC (GCLocker Initiated GC) [PSYoungGen: 159732K->62436K(175104K)] 517000K->442276K(699392K), 0.0138865 secs] [Times: user=0.17 sys=0.00, real=0.02 secs] 
2016-09-25T22:23:01.264-0400: 67.474: [GC (GCLocker Initiated GC) [PSYoungGen: 150500K->58421K(175104K)] 541372K->488137K(699392K), 0.0091398 secs] [Times: user=0.11 sys=0.00, real=0.00 secs] 
2016-09-25T22:23:01.340-0400: 67.550: [GC (GCLocker Initiated GC) [PSYoungGen: 146485K->74591K(175104K)] 588061K->521401K(699392K), 0.0118299 secs] [Times: user=0.16 sys=0.01, real=0.01 secs] 
2016-09-25T22:23:01.437-0400: 67.647: [GC (GCLocker Initiated GC) [PSYoungGen: 162655K->41742K(175104K)] 614092K->514458K(699392K), 0.0125698 secs] [Times: user=0.16 sys=0.00, real=0.01 secs] 
2016-09-25T22:23:01.511-0400: 67.721: [GC (GCLocker Initiated GC) [PSYoungGen: 129806K->56652K(175104K)] 612028K->549090K(699392K), 0.0065493 secs] [Times: user=0.09 sys=0.00, real=0.01 secs] 
2016-09-25T22:23:01.518-0400: 67.728: [Full GC (Ergonomics) [PSYoungGen: 56652K->0K(175104K)] [ParOldGen: 492438K->347595K(524288K)] 549090K->347595K(699392K), [Metaspace: 43699K->43699K(1087488K)], 0.0585447 secs] [Times: user=0.41 sys=0.01, real=0.06 secs] 
2016-09-25T22:23:01.630-0400: 67.840: [GC (GCLocker Initiated GC) [PSYoungGen: 88064K->81007K(175104K)] 435714K->428658K(699392K), 0.0075505 secs] [Times: user=0.10 sys=0.00, real=0.01 secs] 
2016-09-25T22:23:01.686-0400: 67.896: [GC (GCLocker Initiated GC) [PSYoungGen: 169071K->52604K(175104K)] 516811K->426867K(699392K), 0.0098106 secs] [Times: user=0.11 sys=0.00, real=0.01 secs] 
2016-09-25T22:23:01.758-0400: 67.968: [GC (GCLocker Initiated GC) [PSYoungGen: 140668K->72299K(175104K)] 516181K->455449K(699392K), 0.0088552 secs] [Times: user=0.07 sys=0.01, real=0.01 secs] 
2016-09-25T22:23:01.836-0400: 68.046: [GC (GCLocker Initiated GC) [PSYoungGen: 160363K->37474K(175104K)] 548339K->440480K(699392K), 0.0078493 secs] [Times: user=0.06 sys=0.01, real=0.01 secs] 
2016-09-25T22:23:01.902-0400: 68.113: [GC (GCLocker Initiated GC) [PSYoungGen: 125538K->63346K(175104K)] 528645K->479346K(699392K), 0.0107862 secs] [Times: user=0.12 sys=0.00, real=0.00 secs] 
2016-09-25T22:23:01.976-0400: 68.187: [GC (GCLocker Initiated GC) [PSYoungGen: 151410K->50003K(175104K)] 575588K->500738K(699392K), 0.0089755 secs] [Times: user=0.08 sys=0.00, real=0.01 secs] 
2016-09-25T22:23:02.043-0400: 68.253: [GC (GCLocker Initiated GC) [PSYoungGen: 138067K->50189K(175104K)] 595606K->518190K(699392K), 0.0304912 secs] [Times: user=0.38 sys=0.00, real=0.02 secs] 
2016-09-25T22:23:02.126-0400: 68.337: [GC (GCLocker Initiated GC) [PSYoungGen: 138253K->59390K(175104K)] 606504K->541088K(699392K), 0.0184712 secs] [Times: user=0.18 sys=0.00, real=0.02 secs] 
2016-09-25T22:23:02.211-0400: 68.421: [GC (GCLocker Initiated GC) [PSYoungGen: 147454K->51581K(139776K)] 629736K->544233K(664064K), 0.0090714 secs] [Times: user=0.11 sys=0.00, real=0.01 secs] 
2016-09-25T22:23:02.220-0400: 68.431: [Full GC (Ergonomics) [PSYoungGen: 51581K->0K(139776K)] [ParOldGen: 492652K->351707K(524288K)] 544233K->351707K(664064K), [Metaspace: 43699K->43699K(1087488K)], 0.0536625 secs] [Times: user=0.46 sys=0.00, real=0.05 secs] 
2016-09-25T22:23:02.326-0400: 68.536: [GC (GCLocker Initiated GC) [PSYoungGen: 88064K->85079K(172032K)] 439817K->450333K(696320K), 0.0101368 secs] [Times: user=0.12 sys=0.00, real=0.01 secs] 
2016-09-25T22:23:02.391-0400: 68.601: [GC (GCLocker Initiated GC) [PSYoungGen: 171607K->51749K(173568K)] 543633K->465138K(697856K), 0.0079231 secs] [Times: user=0.12 sys=0.01, real=0.01 secs] 
2016-09-25T22:23:02.450-0400: 68.660: [GC (GCLocker Initiated GC) [PSYoungGen: 138277K->74578K(175104K)] 551782K->490768K(699392K), 0.0062600 secs] [Times: user=0.09 sys=0.00, real=0.01 secs] 
2016-09-25T22:23:02.516-0400: 68.727: [GC (GCLocker Initiated GC) [PSYoungGen: 162642K->50355K(175104K)] 592453K->494863K(699392K), 0.0087686 secs] [Times: user=0.13 sys=0.00, real=0.01 secs] 
2016-09-25T22:23:02.580-0400: 68.790: [GC (GCLocker Initiated GC) [PSYoungGen: 138419K->79549K(175104K)] 584400K->530839K(699392K), 0.0100710 secs] [Times: user=0.11 sys=0.00, real=0.01 secs] 
2016-09-25T22:23:02.650-0400: 68.860: [GC (GCLocker Initiated GC) [PSYoungGen: 167613K->55564K(175104K)] 626300K->525876K(699392K), 0.0093325 secs] [Times: user=0.10 sys=0.01, real=0.01 secs] 
2016-09-25T22:23:02.717-0400: 68.927: [GC (GCLocker Initiated GC) [PSYoungGen: 143628K->56504K(175104K)] 616743K->533334K(699392K), 0.0059835 secs] [Times: user=0.06 sys=0.01, real=0.01 secs] 
2016-09-25T22:23:02.771-0400: 68.981: [GC (GCLocker Initiated GC) [PSYoungGen: 144568K->70355K(175104K)] 624187K->554718K(699392K), 0.0081927 secs] [Times: user=0.08 sys=0.00, real=0.01 secs] 
2016-09-25T22:23:02.832-0400: 69.042: [GC (GCLocker Initiated GC) [PSYoungGen: 158419K->72051K(175104K)] 645572K->577747K(699392K), 0.0088579 secs] [Times: user=0.13 sys=0.00, real=0.01 secs] 
2016-09-25T22:23:02.841-0400: 69.051: [Full GC (Ergonomics) [PSYoungGen: 72051K->0K(175104K)] [ParOldGen: 505695K->377105K(524288K)] 577747K->377105K(699392K), [Metaspace: 43699K->43699K(1087488K)], 0.0690411 secs] [Times: user=0.48 sys=0.02, real=0.07 secs] 
2016-09-25T22:23:02.977-0400: 69.187: [GC (GCLocker Initiated GC) [PSYoungGen: 88064K->60513K(175104K)] 472133K->444583K(699392K), 0.0099690 secs] [Times: user=0.09 sys=0.00, real=0.01 secs] 
2016-09-25T22:23:03.050-0400: 69.260: [GC (GCLocker Initiated GC) [PSYoungGen: 148577K->76134K(175104K)] 538125K->478537K(699392K), 0.0138009 secs] [Times: user=0.15 sys=0.01, real=0.02 secs] 
2016-09-25T22:23:03.130-0400: 69.340: [GC (Allocation Failure) [PSYoungGen: 164198K->60962K(175104K)] 574931K->486534K(699392K), 0.0121446 secs] [Times: user=0.10 sys=0.00, real=0.02 secs] 
2016-09-25T22:23:03.143-0400: 69.353: [GC (GCLocker Initiated GC) [PSYoungGen: 66467K->5432K(175104K)] 492039K->498289K(699392K), 0.0099961 secs] [Times: user=0.10 sys=0.01, real=0.00 secs] 
2016-09-25T22:23:03.153-0400: 69.364: [Full GC (Ergonomics) [PSYoungGen: 5432K->0K(175104K)] [ParOldGen: 492857K->379669K(524288K)] 498289K->379669K(699392K), [Metaspace: 43702K->43702K(1087488K)], 0.0540434 secs] [Times: user=0.46 sys=0.00, real=0.06 secs] 
2016-09-25T22:23:03.268-0400: 69.478: [GC (GCLocker Initiated GC) [PSYoungGen: 85624K->74985K(175104K)] 467993K->457354K(699392K), 0.0123670 secs] [Times: user=0.19 sys=0.00, real=0.01 secs] 
2016-09-25T22:23:03.340-0400: 69.550: [GC (GCLocker Initiated GC) [PSYoungGen: 163049K->68691K(175104K)] 545634K->459607K(699392K), 0.0065076 secs] [Times: user=0.08 sys=0.01, real=0.01 secs] 
2016-09-25T22:23:03.390-0400: 69.600: [GC (GCLocker Initiated GC) [PSYoungGen: 156755K->67746K(175104K)] 550602K->473047K(699392K), 0.0115741 secs] [Times: user=0.13 sys=0.01, real=0.01 secs] 
2016-09-25T22:23:03.473-0400: 69.683: [GC (GCLocker Initiated GC) [PSYoungGen: 155810K->66272K(175104K)] 572161K->501309K(699392K), 0.0102966 secs] [Times: user=0.14 sys=0.01, real=0.02 secs] 
2016-09-25T22:23:03.549-0400: 69.759: [GC (GCLocker Initiated GC) [PSYoungGen: 154336K->50234K(175104K)] 596472K->496006K(699392K), 0.0152888 secs] [Times: user=0.20 sys=0.00, real=0.02 secs] 
2016-09-25T22:23:03.630-0400: 69.840: [GC (GCLocker Initiated GC) [PSYoungGen: 138298K->51676K(175104K)] 595490K->510109K(699392K), 0.0068610 secs] [Times: user=0.09 sys=0.00, real=0.01 secs] 
2016-09-25T22:23:03.692-0400: 69.902: [GC (GCLocker Initiated GC) [PSYoungGen: 139740K->57738K(175104K)] 600757K->538817K(699392K), 0.0073935 secs] [Times: user=0.11 sys=0.00, real=0.01 secs] 
2016-09-25T22:23:03.751-0400: 69.961: [Full GC (Ergonomics) [PSYoungGen: 145802K->0K(175104K)] [ParOldGen: 486633K->378068K(524288K)] 632436K->378068K(699392K), [Metaspace: 43702K->43702K(1087488K)], 0.0640912 secs] [Times: user=0.57 sys=0.01, real=0.07 secs] 
2016-09-25T22:23:03.880-0400: 70.090: [GC (GCLocker Initiated GC) [PSYoungGen: 88064K->68559K(175104K)] 466250K->446745K(699392K), 0.0061090 secs] [Times: user=0.08 sys=0.00, real=0.01 secs] 
2016-09-25T22:23:03.940-0400: 70.151: [GC (GCLocker Initiated GC) [PSYoungGen: 156623K->74921K(175104K)] 537850K->479685K(699392K), 0.0078308 secs] [Times: user=0.11 sys=0.00, real=0.01 secs] 
2016-09-25T22:23:04.010-0400: 70.220: [GC (GCLocker Initiated GC) [PSYoungGen: 162985K->74126K(175104K)] 573260K->487235K(699392K), 0.0215742 secs] [Times: user=0.25 sys=0.00, real=0.02 secs] 
2016-09-25T22:23:04.094-0400: 70.304: [GC (GCLocker Initiated GC) [PSYoungGen: 162190K->49885K(175104K)] 576074K->471305K(699392K), 0.0064941 secs] [Times: user=0.05 sys=0.01, real=0.01 secs] 
2016-09-25T22:23:04.153-0400: 70.363: [GC (GCLocker Initiated GC) [PSYoungGen: 137949K->60528K(175104K)] 562540K->496703K(699392K), 0.0115111 secs] [Times: user=0.11 sys=0.00, real=0.02 secs] 
2016-09-25T22:23:04.213-0400: 70.423: [GC (GCLocker Initiated GC) [PSYoungGen: 148592K->72963K(175104K)] 587540K->522161K(699392K), 0.0093827 secs] [Times: user=0.07 sys=0.00, real=0.02 secs] 
2016-09-25T22:23:04.284-0400: 70.495: [GC (GCLocker Initiated GC) [PSYoungGen: 161027K->63615K(175104K)] 622625K->531436K(699392K), 0.0140922 secs] [Times: user=0.19 sys=0.00, real=0.01 secs] 
2016-09-25T22:23:04.356-0400: 70.566: [GC (GCLocker Initiated GC) [PSYoungGen: 151679K->59248K(175104K)] 624971K->537585K(699392K), 0.0128566 secs] [Times: user=0.15 sys=0.00, real=0.01 secs] 
2016-09-25T22:23:04.428-0400: 70.638: [GC (GCLocker Initiated GC) [PSYoungGen: 147312K->61993K(171008K)] 633916K->552143K(695296K), 0.0142640 secs] [Times: user=0.20 sys=0.00, real=0.02 secs] 
2016-09-25T22:23:04.498-0400: 70.709: [Full GC (Ergonomics) [PSYoungGen: 150057K->0K(171008K)] [ParOldGen: 502386K->388612K(524288K)] 652443K->388612K(695296K), [Metaspace: 43711K->43711K(1087488K)], 0.0623615 secs] [Times: user=0.36 sys=0.01, real=0.06 secs] 
2016-09-25T22:23:04.612-0400: 70.822: [GC (GCLocker Initiated GC) [PSYoungGen: 88064K->66816K(173056K)] 479509K->458262K(697344K), 0.0111936 secs] [Times: user=0.09 sys=0.00, real=0.02 secs] 
2016-09-25T22:23:04.684-0400: 70.894: [GC (GCLocker Initiated GC) [PSYoungGen: 154880K->48459K(177152K)] 550417K->457718K(701440K), 0.0156427 secs] [Times: user=0.20 sys=0.00, real=0.01 secs] 
2016-09-25T22:23:04.741-0400: 70.952: [GC (GCLocker Initiated GC) [PSYoungGen: 141643K->78056K(171520K)] 553611K->493486K(695808K), 0.0078535 secs] [Times: user=0.09 sys=0.00, real=0.01 secs] 
2016-09-25T22:23:04.793-0400: 71.003: [GC (GCLocker Initiated GC) [PSYoungGen: 171240K->72491K(175104K)] 586764K->503411K(699392K), 0.0089134 secs] [Times: user=0.10 sys=0.01, real=0.01 secs] 
2016-09-25T22:23:04.852-0400: 71.062: [GC (GCLocker Initiated GC) [PSYoungGen: 160555K->69843K(175104K)] 593008K->523027K(699392K), 0.0094933 secs] [Times: user=0.13 sys=0.00, real=0.01 secs] 
2016-09-25T22:23:04.923-0400: 71.134: [GC (GCLocker Initiated GC) [PSYoungGen: 157907K->57621K(175104K)] 616568K->541063K(699392K), 0.0116638 secs] [Times: user=0.15 sys=0.02, real=0.01 secs] 
2016-09-25T22:23:05.001-0400: 71.212: [GC (GCLocker Initiated GC) [PSYoungGen: 145685K->41462K(175104K)] 634593K->560588K(699392K), 0.0065826 secs] [Times: user=0.09 sys=0.01, real=0.01 secs] 
2016-09-25T22:23:05.008-0400: 71.218: [Full GC (Ergonomics) [PSYoungGen: 41462K->0K(175104K)] [ParOldGen: 519125K->383386K(524288K)] 560588K->383386K(699392K), [Metaspace: 43711K->43711K(1087488K)], 0.0550455 secs] [Times: user=0.54 sys=0.00, real=0.06 secs] 
2016-09-25T22:23:05.120-0400: 71.330: [GC (GCLocker Initiated GC) [PSYoungGen: 88064K->67524K(175104K)] 475562K->455023K(699392K), 0.0106582 secs] [Times: user=0.13 sys=0.00, real=0.01 secs] 
2016-09-25T22:23:05.200-0400: 71.410: [GC (GCLocker Initiated GC) [PSYoungGen: 155588K->76490K(175104K)] 548593K->494777K(699392K), 0.0094654 secs] [Times: user=0.10 sys=0.00, real=0.01 secs] 
2016-09-25T22:23:05.257-0400: 71.468: [GC (GCLocker Initiated GC) [PSYoungGen: 164554K->56253K(175104K)] 582928K->496642K(699392K), 0.0066119 secs] [Times: user=0.08 sys=0.00, real=0.01 secs] 
2016-09-25T22:23:05.302-0400: 71.513: [GC (GCLocker Initiated GC) [PSYoungGen: 144317K->71212K(175104K)] 587514K->516182K(699392K), 0.0111862 secs] [Times: user=0.12 sys=0.00, real=0.00 secs] 
2016-09-25T22:23:05.385-0400: 71.595: [GC (GCLocker Initiated GC) [PSYoungGen: 159276K->84758K(175104K)] 607122K->541324K(699392K), 0.0122458 secs] [Times: user=0.16 sys=0.01, real=0.01 secs] 
2016-09-25T22:23:05.463-0400: 71.674: [GC (GCLocker Initiated GC) [PSYoungGen: 172822K->37486K(175104K)] 640531K->515108K(699392K), 0.0054387 secs] [Times: user=0.07 sys=0.00, real=0.00 secs] 
2016-09-25T22:23:05.549-0400: 71.760: [GC (GCLocker Initiated GC) [PSYoungGen: 125550K->56146K(175104K)] 605984K->538485K(699392K), 0.0142526 secs] [Times: user=0.08 sys=0.01, real=0.02 secs] 
2016-09-25T22:23:05.619-0400: 71.829: [GC (GCLocker Initiated GC) [PSYoungGen: 144210K->64363K(175104K)] 626636K->566041K(699392K), 0.0078800 secs] [Times: user=0.11 sys=0.00, real=0.01 secs] 
2016-09-25T22:23:05.627-0400: 71.837: [Full GC (Ergonomics) [PSYoungGen: 64363K->0K(175104K)] [ParOldGen: 501677K->383639K(524288K)] 566041K->383639K(699392K), [Metaspace: 43711K->43711K(1087488K)], 0.0546196 secs] [Times: user=0.46 sys=0.00, real=0.05 secs] 
2016-09-25T22:23:05.751-0400: 71.961: [GC (GCLocker Initiated GC) [PSYoungGen: 88064K->84956K(175104K)] 474485K->476777K(699392K), 0.0149898 secs] [Times: user=0.19 sys=0.00, real=0.02 secs] 
2016-09-25T22:23:05.832-0400: 72.042: [GC (GCLocker Initiated GC) [PSYoungGen: 173020K->53670K(175104K)] 576904K->466429K(699392K), 0.0071962 secs] [Times: user=0.09 sys=0.00, real=0.01 secs] 
2016-09-25T22:23:05.882-0400: 72.093: [GC (GCLocker Initiated GC) [PSYoungGen: 141734K->72466K(175104K)] 557350K->499478K(699392K), 0.0086124 secs] [Times: user=0.11 sys=0.01, real=0.00 secs] 
2016-09-25T22:23:05.948-0400: 72.158: [GC (GCLocker Initiated GC) [PSYoungGen: 160530K->61718K(175104K)] 590414K->505578K(699392K), 0.0135341 secs] [Times: user=0.15 sys=0.00, real=0.01 secs] 
2016-09-25T22:23:06.030-0400: 72.240: [GC (GCLocker Initiated GC) [PSYoungGen: 149782K->59136K(175104K)] 597748K->515669K(699392K), 0.0125358 secs] [Times: user=0.15 sys=0.01, real=0.02 secs] 
2016-09-25T22:23:06.083-0400: 72.294: [GC (GCLocker Initiated GC) [PSYoungGen: 147200K->79365K(175104K)] 603920K->552879K(699392K), 0.0082588 secs] [Times: user=0.12 sys=0.00, real=0.00 secs] 
2016-09-25T22:23:06.137-0400: 72.347: [GC (GCLocker Initiated GC) [PSYoungGen: 167429K->71201K(175104K)] 643883K->550900K(699392K), 0.0167955 secs] [Times: user=0.21 sys=0.00, real=0.01 secs] 
2016-09-25T22:23:06.233-0400: 72.444: [GC (GCLocker Initiated GC) [PSYoungGen: 159265K->67077K(175104K)] 644469K->554131K(699392K), 0.0110449 secs] [Times: user=0.17 sys=0.00, real=0.02 secs] 
2016-09-25T22:23:06.296-0400: 72.506: [GC (GCLocker Initiated GC) [PSYoungGen: 155141K->63197K(175104K)] 649008K->571004K(699392K), 0.0078481 secs] [Times: user=0.11 sys=0.00, real=0.01 secs] 
2016-09-25T22:23:06.304-0400: 72.514: [Full GC (Ergonomics) [PSYoungGen: 63197K->0K(175104K)] [ParOldGen: 507806K->392262K(524288K)] 571004K->392262K(699392K), [Metaspace: 43712K->43712K(1087488K)], 0.0680380 secs] [Times: user=0.57 sys=0.00, real=0.06 secs] 
2016-09-25T22:23:06.421-0400: 72.631: [GC (GCLocker Initiated GC) [PSYoungGen: 88064K->84969K(175104K)] 480510K->477416K(699392K), 0.0100710 secs] [Times: user=0.15 sys=0.00, real=0.01 secs] 
2016-09-25T22:23:06.482-0400: 72.692: [GC (GCLocker Initiated GC) [PSYoungGen: 173033K->67024K(175104K)] 566908K->480595K(699392K), 0.0089228 secs] [Times: user=0.13 sys=0.00, real=0.00 secs] 
2016-09-25T22:23:06.536-0400: 72.746: [GC (GCLocker Initiated GC) [PSYoungGen: 155088K->69884K(175104K)] 571477K->505600K(699392K), 0.0115036 secs] [Times: user=0.13 sys=0.01, real=0.01 secs] 
2016-09-25T22:23:06.598-0400: 72.808: [GC (GCLocker Initiated GC) [PSYoungGen: 157948K->77985K(175104K)] 593735K->534700K(699392K), 0.0098142 secs] [Times: user=0.16 sys=0.00, real=0.01 secs] 
2016-09-25T22:23:06.670-0400: 72.880: [GC (GCLocker Initiated GC) [PSYoungGen: 166049K->78017K(175104K)] 622888K->547572K(699392K), 0.0095097 secs] [Times: user=0.15 sys=0.00, real=0.01 secs] 
2016-09-25T22:23:06.740-0400: 72.950: [GC (GCLocker Initiated GC) [PSYoungGen: 166081K->34560K(175104K)] 638808K->526734K(699392K), 0.0116026 secs] [Times: user=0.15 sys=0.00, real=0.01 secs] 
2016-09-25T22:23:06.793-0400: 73.004: [Full GC (Ergonomics) [PSYoungGen: 122624K->0K(175104K)] [ParOldGen: 494995K->394646K(524288K)] 617620K->394646K(699392K), [Metaspace: 43714K->43714K(1087488K)], 0.0565813 secs] [Times: user=0.55 sys=0.00, real=0.06 secs] 
2016-09-25T22:23:06.893-0400: 73.104: [GC (GCLocker Initiated GC) [PSYoungGen: 88064K->78577K(175104K)] 485601K->476114K(699392K), 0.0074916 secs] [Times: user=0.09 sys=0.00, real=0.01 secs] 
2016-09-25T22:23:06.955-0400: 73.165: [GC (GCLocker Initiated GC) [PSYoungGen: 166641K->59145K(175104K)] 565586K->486297K(699392K), 0.0079155 secs] [Times: user=0.08 sys=0.00, real=0.01 secs] 
2016-09-25T22:23:07.028-0400: 73.238: [GC (GCLocker Initiated GC) [PSYoungGen: 147209K->49748K(175104K)] 582639K->506001K(699392K), 0.0074529 secs] [Times: user=0.09 sys=0.01, real=0.01 secs] 
2016-09-25T22:23:07.089-0400: 73.299: [GC (GCLocker Initiated GC) [PSYoungGen: 137812K->52247K(175104K)] 596923K->513391K(699392K), 0.0066179 secs] [Times: user=0.06 sys=0.00, real=0.01 secs] 
2016-09-25T22:23:07.158-0400: 73.369: [GC (GCLocker Initiated GC) [PSYoungGen: 140311K->45680K(175104K)] 610955K->546627K(699392K), 0.0098798 secs] [Times: user=0.11 sys=0.00, real=0.01 secs] 
2016-09-25T22:23:07.169-0400: 73.379: [Full GC (Ergonomics) [PSYoungGen: 45680K->0K(175104K)] [ParOldGen: 500947K->396904K(524288K)] 546627K->396904K(699392K), [Metaspace: 43714K->43714K(1087488K)], 0.0647970 secs] [Times: user=0.55 sys=0.01, real=0.06 secs] 
2016-09-25T22:23:07.293-0400: 73.503: [GC (GCLocker Initiated GC) [PSYoungGen: 88064K->51511K(175104K)] 487830K->451277K(699392K), 0.0063001 secs] [Times: user=0.05 sys=0.00, real=0.01 secs] 
2016-09-25T22:23:07.340-0400: 73.551: [GC (GCLocker Initiated GC) [PSYoungGen: 139575K->82135K(175104K)] 542213K->491455K(699392K), 0.0104802 secs] [Times: user=0.15 sys=0.00, real=0.01 secs] 
2016-09-25T22:23:07.414-0400: 73.625: [GC (GCLocker Initiated GC) [PSYoungGen: 170199K->59286K(175104K)] 590345K->511177K(699392K), 0.0087213 secs] [Times: user=0.11 sys=0.01, real=0.01 secs] 
2016-09-25T22:23:07.481-0400: 73.691: [GC (GCLocker Initiated GC) [PSYoungGen: 147350K->73012K(175104K)] 608832K->535162K(699392K), 0.0096298 secs] [Times: user=0.12 sys=0.00, real=0.01 secs] 
2016-09-25T22:23:07.554-0400: 73.765: [GC (GCLocker Initiated GC) [PSYoungGen: 161076K->48393K(175104K)] 638119K->545230K(699392K), 0.0063360 secs] [Times: user=0.09 sys=0.00, real=0.00 secs] 
2016-09-25T22:23:07.561-0400: 73.771: [Full GC (Ergonomics) [PSYoungGen: 48393K->0K(175104K)] [ParOldGen: 496836K->405124K(524288K)] 545230K->405124K(699392K), [Metaspace: 43714K->43714K(1087488K)], 0.0742497 secs] [Times: user=0.65 sys=0.01, real=0.08 secs] 
2016-09-25T22:23:07.699-0400: 73.909: [GC (GCLocker Initiated GC) [PSYoungGen: 88064K->58358K(175104K)] 502835K->473130K(699392K), 0.0099308 secs] [Times: user=0.13 sys=0.00, real=0.01 secs] 
2016-09-25T22:23:07.757-0400: 73.968: [GC (GCLocker Initiated GC) [PSYoungGen: 146422K->53700K(175104K)] 570700K->479108K(699392K), 0.0089823 secs] [Times: user=0.09 sys=0.00, real=0.01 secs] 
2016-09-25T22:23:07.817-0400: 74.028: [GC (GCLocker Initiated GC) [PSYoungGen: 141764K->64503K(175104K)] 567191K->496012K(699392K), 0.0080838 secs] [Times: user=0.08 sys=0.01, real=0.01 secs] 
2016-09-25T22:23:07.888-0400: 74.098: [GC (GCLocker Initiated GC) [PSYoungGen: 152567K->74081K(175104K)] 592283K->517134K(699392K), 0.0096481 secs] [Times: user=0.12 sys=0.00, real=0.01 secs] 
2016-09-25T22:23:07.955-0400: 74.166: [GC (GCLocker Initiated GC) [PSYoungGen: 162145K->57815K(175104K)] 612055K->517904K(699392K), 0.0132926 secs] [Times: user=0.19 sys=0.00, real=0.01 secs] 
2016-09-25T22:23:08.018-0400: 74.228: [GC (GCLocker Initiated GC) [PSYoungGen: 145879K->74114K(175104K)] 606057K->539024K(699392K), 0.0076212 secs] [Times: user=0.08 sys=0.01, real=0.01 secs] 
2016-09-25T22:23:08.089-0400: 74.299: [GC (GCLocker Initiated GC) [PSYoungGen: 162178K->55053K(175104K)] 627220K->551915K(699392K), 0.0073759 secs] [Times: user=0.10 sys=0.00, real=0.01 secs] 
2016-09-25T22:23:08.096-0400: 74.307: [Full GC (Ergonomics) [PSYoungGen: 55053K->0K(175104K)] [ParOldGen: 496862K->400900K(524288K)] 551915K->400900K(699392K), [Metaspace: 43715K->43715K(1087488K)], 0.0548302 secs] [Times: user=0.48 sys=0.00, real=0.05 secs] 
2016-09-25T22:23:08.202-0400: 74.412: [GC (GCLocker Initiated GC) [PSYoungGen: 88064K->77709K(175104K)] 494452K->484098K(699392K), 0.0077857 secs] [Times: user=0.09 sys=0.00, real=0.01 secs] 
2016-09-25T22:23:08.268-0400: 74.478: [GC (GCLocker Initiated GC) [PSYoungGen: 165773K->52513K(175104K)] 581701K->484888K(699392K), 0.0105181 secs] [Times: user=0.13 sys=0.00, real=0.01 secs] 
2016-09-25T22:23:08.332-0400: 74.542: [GC (GCLocker Initiated GC) [PSYoungGen: 140577K->83531K(175104K)] 578471K->532926K(699392K), 0.0086439 secs] [Times: user=0.15 sys=0.00, real=0.01 secs] 
2016-09-25T22:23:08.405-0400: 74.616: [GC (GCLocker Initiated GC) [PSYoungGen: 171595K->59392K(175104K)] 635903K->543285K(699392K), 0.0167542 secs] [Times: user=0.28 sys=0.01, real=0.02 secs] 
2016-09-25T22:23:08.489-0400: 74.699: [GC (GCLocker Initiated GC) [PSYoungGen: 147456K->69841K(175104K)] 631407K->558636K(699392K), 0.0097950 secs] [Times: user=0.10 sys=0.01, real=0.01 secs] 
2016-09-25T22:23:08.553-0400: 74.763: [Full GC (Ergonomics) [PSYoungGen: 157905K->0K(175104K)] [ParOldGen: 494236K->406974K(524288K)] 652141K->406974K(699392K), [Metaspace: 43715K->43715K(1087488K)], 0.0556294 secs] [Times: user=0.48 sys=0.01, real=0.06 secs] 
2016-09-25T22:23:08.666-0400: 74.876: [GC (GCLocker Initiated GC) [PSYoungGen: 88064K->70899K(175104K)] 499792K->482627K(699392K), 0.0133559 secs] [Times: user=0.20 sys=0.00, real=0.01 secs] 
2016-09-25T22:23:08.726-0400: 74.936: [GC (GCLocker Initiated GC) [PSYoungGen: 158963K->53707K(175104K)] 573483K->496812K(699392K), 0.0096736 secs] [Times: user=0.14 sys=0.00, real=0.01 secs] 
2016-09-25T22:23:08.782-0400: 74.992: [GC (GCLocker Initiated GC) [PSYoungGen: 141771K->72895K(175104K)] 587623K->523354K(699392K), 0.0112273 secs] [Times: user=0.11 sys=0.00, real=0.01 secs] 
2016-09-25T22:23:08.850-0400: 75.060: [GC (GCLocker Initiated GC) [PSYoungGen: 160959K->74181K(175104K)] 611634K->548659K(699392K), 0.0117871 secs] [Times: user=0.15 sys=0.01, real=0.01 secs] 
2016-09-25T22:23:08.926-0400: 75.136: [GC (GCLocker Initiated GC) [PSYoungGen: 162245K->58010K(175104K)] 642185K->561717K(699392K), 0.0190041 secs] [Times: user=0.29 sys=0.00, real=0.02 secs] 
2016-09-25T22:23:08.945-0400: 75.155: [Full GC (Ergonomics) [PSYoungGen: 58010K->0K(175104K)] [ParOldGen: 503706K->406069K(524288K)] 561717K->406069K(699392K), [Metaspace: 43715K->43715K(1087488K)], 0.2488961 secs] [Times: user=3.71 sys=0.00, real=0.24 secs] 
2016-09-25T22:23:09.261-0400: 75.471: [GC (GCLocker Initiated GC) [PSYoungGen: 88064K->77392K(175104K)] 505175K->494504K(699392K), 0.0073209 secs] [Times: user=0.10 sys=0.01, real=0.01 secs] 
2016-09-25T22:23:09.328-0400: 75.538: [GC (GCLocker Initiated GC) [PSYoungGen: 165456K->63285K(175104K)] 590787K->491238K(699392K), 0.0084911 secs] [Times: user=0.12 sys=0.01, real=0.01 secs] 
2016-09-25T22:23:09.390-0400: 75.601: [GC (GCLocker Initiated GC) [PSYoungGen: 151349K->64636K(175104K)] 582258K->516508K(699392K), 0.0077039 secs] [Times: user=0.10 sys=0.01, real=0.01 secs] 
2016-09-25T22:23:09.448-0400: 75.658: [GC (GCLocker Initiated GC) [PSYoungGen: 152700K->59200K(175104K)] 604715K->515963K(699392K), 0.0068884 secs] [Times: user=0.08 sys=0.00, real=0.01 secs] 
2016-09-25T22:23:09.504-0400: 75.715: [GC (GCLocker Initiated GC) [PSYoungGen: 147264K->59100K(175104K)] 606761K->544889K(699392K), 0.0162547 secs] [Times: user=0.20 sys=0.01, real=0.01 secs] 
2016-09-25T22:23:09.521-0400: 75.731: [Full GC (Ergonomics) [PSYoungGen: 59100K->0K(175104K)] [ParOldGen: 485788K->408707K(524288K)] 544889K->408707K(699392K), [Metaspace: 43715K->43715K(1087488K)], 0.0587133 secs] [Times: user=0.46 sys=0.00, real=0.06 secs] 
2016-09-25T22:23:09.630-0400: 75.840: [GC (GCLocker Initiated GC) [PSYoungGen: 88064K->70731K(175104K)] 502278K->484946K(699392K), 0.0091481 secs] [Times: user=0.13 sys=0.00, real=0.01 secs] 
2016-09-25T22:23:09.689-0400: 75.899: [GC (GCLocker Initiated GC) [PSYoungGen: 158795K->84769K(175104K)] 573131K->515305K(699392K), 0.0084309 secs] [Times: user=0.13 sys=0.00, real=0.01 secs] 
2016-09-25T22:23:09.749-0400: 75.959: [GC (GCLocker Initiated GC) [PSYoungGen: 172833K->84161K(175104K)] 616976K->547159K(699392K), 0.0081928 secs] [Times: user=0.13 sys=0.00, real=0.01 secs] 
2016-09-25T22:23:09.803-0400: 76.013: [GC (GCLocker Initiated GC) [PSYoungGen: 172225K->61800K(175104K)] 637990K->554498K(699392K), 0.0084876 secs] [Times: user=0.11 sys=0.00, real=0.00 secs] 
2016-09-25T22:23:09.812-0400: 76.022: [Full GC (Ergonomics) [PSYoungGen: 61800K->0K(175104K)] [ParOldGen: 492697K->413560K(524288K)] 554498K->413560K(699392K), [Metaspace: 43715K->43715K(1087488K)], 0.0912726 secs] [Times: user=0.83 sys=0.01, real=0.10 secs] 
2016-09-25T22:23:09.963-0400: 76.173: [GC (GCLocker Initiated GC) [PSYoungGen: 88064K->73331K(175104K)] 508473K->493741K(699392K), 0.0105091 secs] [Times: user=0.15 sys=0.01, real=0.00 secs] 
2016-09-25T22:23:10.014-0400: 76.224: [GC (GCLocker Initiated GC) [PSYoungGen: 161395K->60381K(175104K)] 584695K->503906K(699392K), 0.0072185 secs] [Times: user=0.10 sys=0.00, real=0.00 secs] 
2016-09-25T22:23:10.086-0400: 76.296: [GC (GCLocker Initiated GC) [PSYoungGen: 148445K->59062K(175104K)] 594880K->527590K(699392K), 0.0190597 secs] [Times: user=0.23 sys=0.00, real=0.02 secs] 
2016-09-25T22:23:10.165-0400: 76.375: [GC (GCLocker Initiated GC) [PSYoungGen: 147126K->72401K(175104K)] 618471K->556444K(699392K), 0.0099654 secs] [Times: user=0.07 sys=0.00, real=0.01 secs] 
2016-09-25T22:23:10.219-0400: 76.429: [Full GC (Ergonomics) [PSYoungGen: 160465K->0K(175104K)] [ParOldGen: 489564K->413111K(524288K)] 650030K->413111K(699392K), [Metaspace: 43715K->43715K(1087488K)], 0.0848221 secs] [Times: user=0.57 sys=0.01, real=0.09 secs] 
2016-09-25T22:23:10.368-0400: 76.578: [GC (GCLocker Initiated GC) [PSYoungGen: 88064K->85096K(175104K)] 503949K->503682K(699392K), 0.0076225 secs] [Times: user=0.11 sys=0.00, real=0.01 secs] 
2016-09-25T22:23:10.428-0400: 76.639: [GC (GCLocker Initiated GC) [PSYoungGen: 173160K->40070K(175104K)] 595832K->487889K(699392K), 0.0126289 secs] [Times: user=0.16 sys=0.01, real=0.01 secs] 
2016-09-25T22:23:10.517-0400: 76.727: [GC (GCLocker Initiated GC) [PSYoungGen: 128134K->59130K(175104K)] 578708K->514170K(699392K), 0.0213101 secs] [Times: user=0.20 sys=0.00, real=0.02 secs] 
2016-09-25T22:23:10.576-0400: 76.786: [GC (GCLocker Initiated GC) [PSYoungGen: 147194K->75206K(175104K)] 602297K->543115K(699392K), 0.0071476 secs] [Times: user=0.10 sys=0.00, real=0.01 secs] 
2016-09-25T22:23:10.628-0400: 76.839: [GC (GCLocker Initiated GC) [PSYoungGen: 163270K->67295K(175104K)] 643574K->572376K(699392K), 0.0075654 secs] [Times: user=0.11 sys=0.00, real=0.01 secs] 
2016-09-25T22:23:10.639-0400: 76.849: [Full GC (Ergonomics) [PSYoungGen: 67295K->0K(175104K)] [ParOldGen: 505080K->423143K(524288K)] 572376K->423143K(699392K), [Metaspace: 43715K->43715K(1087488K)], 0.0890962 secs] [Times: user=0.62 sys=0.02, real=0.09 secs] 
2016-09-25T22:23:10.782-0400: 76.992: [GC (GCLocker Initiated GC) [PSYoungGen: 88064K->83591K(175104K)] 518088K->513616K(699392K), 0.0084059 secs] [Times: user=0.09 sys=0.00, real=0.01 secs] 
2016-09-25T22:23:10.839-0400: 77.052: [GC (GCLocker Initiated GC) [PSYoungGen: 171655K->56338K(175104K)] 617951K->508803K(699392K), 0.0137843 secs] [Times: user=0.13 sys=0.00, real=0.01 secs] 
2016-09-25T22:23:10.936-0400: 77.146: [GC (GCLocker Initiated GC) [PSYoungGen: 144402K->54987K(175104K)] 607780K->532453K(699392K), 0.0101435 secs] [Times: user=0.13 sys=0.00, real=0.01 secs] 
2016-09-25T22:23:10.999-0400: 77.209: [GC (GCLocker Initiated GC) [PSYoungGen: 143051K->41296K(175104K)] 623280K->527402K(699392K), 0.0072115 secs] [Times: user=0.05 sys=0.00, real=0.01 secs] 
2016-09-25T22:23:11.049-0400: 77.259: [GC (GCLocker Initiated GC) [PSYoungGen: 129360K->84532K(175104K)] 618262K->577992K(699392K), 0.0115682 secs] [Times: user=0.18 sys=0.00, real=0.01 secs] 
2016-09-25T22:23:11.061-0400: 77.271: [Full GC (Ergonomics) [PSYoungGen: 84532K->0K(175104K)] [ParOldGen: 493459K->414253K(524288K)] 577992K->414253K(699392K), [Metaspace: 43715K->43715K(1087488K)], 0.0833901 secs] [Times: user=0.68 sys=0.01, real=0.09 secs] 
2016-09-25T22:23:11.197-0400: 77.407: [GC (GCLocker Initiated GC) [PSYoungGen: 88064K->73015K(175104K)] 502374K->487326K(699392K), 0.0079532 secs] [Times: user=0.08 sys=0.01, real=0.01 secs] 
2016-09-25T22:23:11.256-0400: 77.467: [GC (GCLocker Initiated GC) [PSYoungGen: 161079K->73923K(175104K)] 583664K->517668K(699392K), 0.0124213 secs] [Times: user=0.16 sys=0.01, real=0.01 secs] 
2016-09-25T22:23:11.341-0400: 77.552: [GC (GCLocker Initiated GC) [PSYoungGen: 161987K->57531K(175104K)] 605791K->504504K(699392K), 0.0130670 secs] [Times: user=0.09 sys=0.01, real=0.02 secs] 
2016-09-25T22:23:11.421-0400: 77.631: [GC (GCLocker Initiated GC) [PSYoungGen: 145595K->57594K(175104K)] 598206K->520206K(699392K), 0.0333845 secs] [Times: user=0.49 sys=0.01, real=0.03 secs] 
2016-09-25T22:23:11.507-0400: 77.717: [GC (Allocation Failure) [PSYoungGen: 145658K->49687K(175104K)] 612610K->527960K(699392K), 0.0070556 secs] [Times: user=0.08 sys=0.00, real=0.00 secs] 
2016-09-25T22:23:11.574-0400: 77.784: [GC (GCLocker Initiated GC) [PSYoungGen: 136851K->51134K(175104K)] 619175K->535319K(699392K), 0.0089685 secs] [Times: user=0.12 sys=0.01, real=0.01 secs] 
2016-09-25T22:23:11.622-0400: 77.832: [GC (GCLocker Initiated GC) [PSYoungGen: 139198K->63155K(175104K)] 623496K->552247K(699392K), 0.0082418 secs] [Times: user=0.09 sys=0.00, real=0.01 secs] 
2016-09-25T22:23:11.678-0400: 77.888: [GC (GCLocker Initiated GC) [PSYoungGen: 151219K->60777K(175104K)] 643132K->570931K(699392K), 0.0080116 secs] [Times: user=0.10 sys=0.00, real=0.01 secs] 
2016-09-25T22:23:11.686-0400: 77.897: [Full GC (Ergonomics) [PSYoungGen: 60777K->0K(175104K)] [ParOldGen: 510153K->426493K(524288K)] 570931K->426493K(699392K), [Metaspace: 43760K->43760K(1087488K)], 0.0806550 secs] [Times: user=0.66 sys=0.00, real=0.08 secs] 
2016-09-25T22:23:11.812-0400: 78.023: [GC (GCLocker Initiated GC) [PSYoungGen: 88064K->67816K(175104K)] 520017K->499770K(699392K), 0.0076693 secs] [Times: user=0.11 sys=0.00, real=0.01 secs] 
2016-09-25T22:23:11.873-0400: 78.083: [GC (GCLocker Initiated GC) [PSYoungGen: 155880K->70131K(175104K)] 593376K->508844K(699392K), 0.0125220 secs] [Times: user=0.19 sys=0.01, real=0.02 secs] 
2016-09-25T22:23:11.935-0400: 78.146: [GC (GCLocker Initiated GC) [PSYoungGen: 158195K->61840K(150016K)] 599688K->524463K(674304K), 0.0071240 secs] [Times: user=0.10 sys=0.00, real=0.01 secs] 
2016-09-25T22:23:11.983-0400: 78.193: [GC (GCLocker Initiated GC) [PSYoungGen: 149904K->85592K(174080K)] 615424K->553813K(698368K), 0.0070623 secs] [Times: user=0.11 sys=0.00, real=0.00 secs] 
2016-09-25T22:23:12.039-0400: 78.249: [GC (GCLocker Initiated GC) [PSYoungGen: 173144K->57950K(174592K)] 648135K->557254K(698880K), 0.0078129 secs] [Times: user=0.09 sys=0.01, real=0.01 secs] 
2016-09-25T22:23:12.046-0400: 78.257: [Full GC (Ergonomics) [PSYoungGen: 57950K->0K(174592K)] [ParOldGen: 499304K->423786K(524288K)] 557254K->423786K(698880K), [Metaspace: 43767K->43767K(1087488K)], 0.0601914 secs] [Times: user=0.32 sys=0.00, real=0.06 secs] 
2016-09-25T22:23:12.154-0400: 78.365: [GC (GCLocker Initiated GC) [PSYoungGen: 87552K->69264K(175104K)] 515622K->497334K(699392K), 0.0065972 secs] [Times: user=0.11 sys=0.00, real=0.00 secs] 
2016-09-25T22:23:12.204-0400: 78.414: [GC (GCLocker Initiated GC) [PSYoungGen: 157328K->74248K(175104K)] 590902K->509081K(699392K), 0.0069883 secs] [Times: user=0.11 sys=0.00, real=0.00 secs] 
2016-09-25T22:23:12.256-0400: 78.466: [GC (GCLocker Initiated GC) [PSYoungGen: 162312K->56603K(175104K)] 602767K->512784K(699392K), 0.0060534 secs] [Times: user=0.09 sys=0.00, real=0.01 secs] 
2016-09-25T22:23:12.315-0400: 78.525: [GC (GCLocker Initiated GC) [PSYoungGen: 144667K->76884K(175104K)] 606366K->548782K(699392K), 0.0120242 secs] [Times: user=0.17 sys=0.00, real=0.01 secs] 
2016-09-25T22:23:12.372-0400: 78.582: [GC (GCLocker Initiated GC) [PSYoungGen: 164948K->65987K(175104K)] 646373K->550931K(699392K), 0.0157285 secs] [Times: user=0.22 sys=0.00, real=0.02 secs] 
2016-09-25T22:23:12.431-0400: 78.642: [GC (GCLocker Initiated GC) [PSYoungGen: 154051K->68720K(175104K)] 645884K->574712K(699392K), 0.0084344 secs] [Times: user=0.13 sys=0.01, real=0.01 secs] 
2016-09-25T22:23:12.440-0400: 78.650: [Full GC (Ergonomics) [PSYoungGen: 68720K->0K(175104K)] [ParOldGen: 505991K->433000K(524288K)] 574712K->433000K(699392K), [Metaspace: 43785K->43785K(1087488K)], 0.0547131 secs] [Times: user=0.55 sys=0.00, real=0.06 secs] 
2016-09-25T22:23:12.545-0400: 78.755: [GC (GCLocker Initiated GC) [PSYoungGen: 88064K->52581K(175104K)] 521314K->485840K(699392K), 0.0096967 secs] [Times: user=0.09 sys=0.00, real=0.01 secs] 
2016-09-25T22:23:12.596-0400: 78.806: [GC (GCLocker Initiated GC) [PSYoungGen: 140645K->49754K(175104K)] 574060K->502986K(699392K), 0.0086120 secs] [Times: user=0.07 sys=0.00, real=0.01 secs] 
2016-09-25T22:23:12.650-0400: 78.860: [GC (GCLocker Initiated GC) [PSYoungGen: 137818K->59367K(175104K)] 593793K->544530K(699392K), 0.0075583 secs] [Times: user=0.11 sys=0.00, real=0.01 secs] 
2016-09-25T22:23:12.706-0400: 78.916: [Full GC (Ergonomics) [PSYoungGen: 147431K->0K(175104K)] [ParOldGen: 496165K->435133K(524288K)] 643596K->435133K(699392K), [Metaspace: 43793K->43793K(1087488K)], 0.0531249 secs] [Times: user=0.47 sys=0.00, real=0.05 secs] 
2016-09-25T22:23:12.818-0400: 79.029: [GC (GCLocker Initiated GC) [PSYoungGen: 88064K->59752K(147968K)] 527499K->499188K(672256K), 0.0064263 secs] [Times: user=0.08 sys=0.01, real=0.01 secs] 
2016-09-25T22:23:12.864-0400: 79.075: [GC (GCLocker Initiated GC) [PSYoungGen: 147816K->58888K(175104K)] 590760K->501832K(699392K), 0.0100197 secs] [Times: user=0.12 sys=0.00, real=0.01 secs] 
2016-09-25T22:23:12.910-0400: 79.121: [GC (GCLocker Initiated GC) [PSYoungGen: 148488K->83802K(173568K)] 591494K->543008K(697856K), 0.0087488 secs] [Times: user=0.12 sys=0.00, real=0.01 secs] 
2016-09-25T22:23:12.960-0400: 79.170: [GC (GCLocker Initiated GC) [PSYoungGen: 173402K->78021K(175104K)] 635412K->560106K(699392K), 0.0085961 secs] [Times: user=0.12 sys=0.00, real=0.01 secs] 
2016-09-25T22:23:13.010-0400: 79.220: [GC (GCLocker Initiated GC) [PSYoungGen: 166085K->84257K(175104K)] 650963K->583806K(699392K), 0.0087584 secs] [Times: user=0.12 sys=0.01, real=0.01 secs] 
2016-09-25T22:23:13.018-0400: 79.229: [Full GC (Ergonomics) [PSYoungGen: 84257K->0K(175104K)] [ParOldGen: 499548K->435550K(524288K)] 583806K->435550K(699392K), [Metaspace: 43793K->43793K(1087488K)], 0.0545204 secs] [Times: user=0.54 sys=0.00, real=0.05 secs] 
2016-09-25T22:23:13.119-0400: 79.329: [GC (GCLocker Initiated GC) [PSYoungGen: 88064K->66505K(175104K)] 526356K->504798K(699392K), 0.0093273 secs] [Times: user=0.13 sys=0.00, real=0.01 secs] 
2016-09-25T22:23:13.173-0400: 79.384: [GC (GCLocker Initiated GC) [PSYoungGen: 154569K->79848K(175104K)] 595564K->523450K(699392K), 0.0075840 secs] [Times: user=0.12 sys=0.01, real=0.01 secs] 
2016-09-25T22:23:13.224-0400: 79.434: [GC (GCLocker Initiated GC) [PSYoungGen: 167912K->74094K(175104K)] 615646K->522920K(699392K), 0.0066148 secs] [Times: user=0.09 sys=0.00, real=0.00 secs] 
2016-09-25T22:23:13.274-0400: 79.485: [GC (GCLocker Initiated GC) [PSYoungGen: 162158K->59179K(175104K)] 613752K->542521K(699392K), 0.0079609 secs] [Times: user=0.12 sys=0.01, real=0.01 secs] 
2016-09-25T22:23:13.337-0400: 79.547: [Full GC (Ergonomics) [PSYoungGen: 147243K->0K(175104K)] [ParOldGen: 490171K->426550K(524288K)] 637415K->426550K(699392K), [Metaspace: 43795K->43795K(1087488K)], 0.0536425 secs] [Times: user=0.45 sys=0.00, real=0.05 secs] 
2016-09-25T22:23:13.426-0400: 79.636: [GC (GCLocker Initiated GC) [PSYoungGen: 88064K->85532K(175104K)] 514735K->512204K(699392K), 0.0100944 secs] [Times: user=0.15 sys=0.01, real=0.01 secs] 
2016-09-25T22:23:13.476-0400: 79.686: [GC (GCLocker Initiated GC) [PSYoungGen: 173596K->74288K(175104K)] 607185K->525421K(699392K), 0.0082977 secs] [Times: user=0.11 sys=0.01, real=0.01 secs] 
2016-09-25T22:23:13.535-0400: 79.745: [GC (GCLocker Initiated GC) [PSYoungGen: 162352K->55288K(175104K)] 618976K->531643K(699392K), 0.0102778 secs] [Times: user=0.14 sys=0.01, real=0.01 secs] 
2016-09-25T22:23:13.585-0400: 79.795: [GC (GCLocker Initiated GC) [PSYoungGen: 143352K->57954K(175104K)] 619778K->537864K(699392K), 0.0087016 secs] [Times: user=0.08 sys=0.00, real=0.00 secs] 
2016-09-25T22:23:13.645-0400: 79.856: [GC (GCLocker Initiated GC) [PSYoungGen: 146018K->57828K(175104K)] 628686K->554830K(699392K), 0.0069204 secs] [Times: user=0.10 sys=0.00, real=0.00 secs] 
2016-09-25T22:23:13.652-0400: 79.863: [Full GC (Ergonomics) [PSYoungGen: 57828K->0K(175104K)] [ParOldGen: 497001K->433714K(524288K)] 554830K->433714K(699392K), [Metaspace: 43795K->43795K(1087488K)], 0.0566650 secs] [Times: user=0.44 sys=0.01, real=0.06 secs] 
2016-09-25T22:23:13.748-0400: 79.958: [GC (GCLocker Initiated GC) [PSYoungGen: 88064K->80228K(175104K)] 524588K->516753K(699392K), 0.0079343 secs] [Times: user=0.11 sys=0.00, real=0.01 secs] 
2016-09-25T22:23:13.796-0400: 80.006: [GC (GCLocker Initiated GC) [PSYoungGen: 168292K->71390K(175104K)] 604915K->524326K(699392K), 0.0078750 secs] [Times: user=0.12 sys=0.00, real=0.01 secs] 
2016-09-25T22:23:13.852-0400: 80.062: [GC (GCLocker Initiated GC) [PSYoungGen: 159454K->68789K(175104K)] 618017K->542917K(699392K), 0.0072495 secs] [Times: user=0.10 sys=0.00, real=0.01 secs] 
2016-09-25T22:23:13.904-0400: 80.114: [GC (GCLocker Initiated GC) [PSYoungGen: 156853K->81100K(175104K)] 632453K->558922K(699392K), 0.0073804 secs] [Times: user=0.12 sys=0.00, real=0.00 secs] 
2016-09-25T22:23:13.950-0400: 80.160: [GC (GCLocker Initiated GC) [PSYoungGen: 169164K->48347K(175104K)] 651107K->544744K(699392K), 0.0102492 secs] [Times: user=0.16 sys=0.00, real=0.01 secs] 
2016-09-25T22:23:13.961-0400: 80.171: [Full GC (Ergonomics) [PSYoungGen: 48347K->0K(175104K)] [ParOldGen: 496396K->439395K(524288K)] 544744K->439395K(699392K), [Metaspace: 43795K->43795K(1087488K)], 0.0546445 secs] [Times: user=0.52 sys=0.01, real=0.06 secs] 
2016-09-25T22:23:14.064-0400: 80.274: [GC (GCLocker Initiated GC) [PSYoungGen: 88064K->62618K(175104K)] 538288K->512842K(699392K), 0.0056690 secs] [Times: user=0.07 sys=0.01, real=0.00 secs] 
2016-09-25T22:23:14.120-0400: 80.330: [GC (GCLocker Initiated GC) [PSYoungGen: 150682K->54037K(175104K)] 602267K->509729K(699392K), 0.0062284 secs] [Times: user=0.07 sys=0.00, real=0.01 secs] 
2016-09-25T22:23:14.160-0400: 80.371: [GC (GCLocker Initiated GC) [PSYoungGen: 142101K->83716K(175104K)] 599357K->541926K(699392K), 0.0076602 secs] [Times: user=0.09 sys=0.00, real=0.01 secs] 
2016-09-25T22:23:14.221-0400: 80.431: [GC (GCLocker Initiated GC) [PSYoungGen: 171780K->63532K(175104K)] 638333K->539071K(699392K), 0.0068735 secs] [Times: user=0.10 sys=0.00, real=0.01 secs] 
2016-09-25T22:23:14.283-0400: 80.493: [GC (GCLocker Initiated GC) [PSYoungGen: 151596K->58056K(175104K)] 638115K->545429K(699392K), 0.0065725 secs] [Times: user=0.09 sys=0.00, real=0.00 secs] 
2016-09-25T22:23:14.339-0400: 80.549: [Full GC (Ergonomics) [PSYoungGen: 146120K->0K(175104K)] [ParOldGen: 498241K->446157K(524288K)] 644362K->446157K(699392K), [Metaspace: 43811K->43811K(1087488K)], 0.0500529 secs] [Times: user=0.45 sys=0.00, real=0.05 secs] 
2016-09-25T22:23:14.434-0400: 80.644: [GC (GCLocker Initiated GC) [PSYoungGen: 87740K->57004K(175104K)] 537947K->507212K(699392K), 0.0091842 secs] [Times: user=0.13 sys=0.00, real=0.01 secs] 
2016-09-25T22:23:14.478-0400: 80.688: [GC (GCLocker Initiated GC) [PSYoungGen: 145068K->53728K(175104K)] 598160K->510662K(699392K), 0.0067326 secs] [Times: user=0.07 sys=0.01, real=0.01 secs] 
2016-09-25T22:23:14.532-0400: 80.742: [GC (Allocation Failure) [PSYoungGen: 141792K->75512K(175104K)] 601461K->537238K(699392K), 0.0071787 secs] [Times: user=0.11 sys=0.00, real=0.01 secs] 
2016-09-25T22:23:14.575-0400: 80.786: [GC (GCLocker Initiated GC) [PSYoungGen: 161901K->66071K(175104K)] 626327K->536718K(699392K), 0.0067710 secs] [Times: user=0.09 sys=0.00, real=0.01 secs] 
2016-09-25T22:23:14.620-0400: 80.830: [GC (GCLocker Initiated GC) [PSYoungGen: 154135K->79604K(175104K)] 624957K->552591K(699392K), 0.0073109 secs] [Times: user=0.10 sys=0.01, real=0.01 secs] 
2016-09-25T22:23:14.679-0400: 80.889: [GC (GCLocker Initiated GC) [PSYoungGen: 167668K->46129K(175104K)] 650312K->541668K(699392K), 0.0078774 secs] [Times: user=0.11 sys=0.00, real=0.01 secs] 
2016-09-25T22:23:14.734-0400: 80.944: [GC (GCLocker Initiated GC) [PSYoungGen: 134193K->48315K(175104K)] 632603K->551691K(699392K), 0.0122855 secs] [Times: user=0.14 sys=0.01, real=0.02 secs] 
2016-09-25T22:23:14.746-0400: 80.957: [Full GC (Ergonomics) [PSYoungGen: 48315K->0K(175104K)] [ParOldGen: 503376K->444918K(524288K)] 551691K->444918K(699392K), [Metaspace: 43811K->43811K(1087488K)], 0.0530351 secs] [Times: user=0.48 sys=0.00, real=0.05 secs] 
2016-09-25T22:23:14.843-0400: 81.054: [GC (GCLocker Initiated GC) [PSYoungGen: 88064K->66940K(175104K)] 542464K->521340K(699392K), 0.0071895 secs] [Times: user=0.11 sys=0.00, real=0.00 secs] 
2016-09-25T22:23:14.894-0400: 81.104: [GC (GCLocker Initiated GC) [PSYoungGen: 155004K->61957K(175104K)] 616207K->530212K(699392K), 0.0070525 secs] [Times: user=0.09 sys=0.00, real=0.00 secs] 
2016-09-25T22:23:14.948-0400: 81.158: [GC (GCLocker Initiated GC) [PSYoungGen: 150021K->56494K(175104K)] 623695K->532269K(699392K), 0.0073109 secs] [Times: user=0.09 sys=0.00, real=0.01 secs] 
2016-09-25T22:23:15.007-0400: 81.217: [GC (GCLocker Initiated GC) [PSYoungGen: 144558K->49841K(175104K)] 631547K->540358K(699392K), 0.0081349 secs] [Times: user=0.10 sys=0.00, real=0.01 secs] 
2016-09-25T22:23:15.069-0400: 81.279: [GC (GCLocker Initiated GC) [PSYoungGen: 137905K->67507K(175104K)] 631305K->563026K(699392K), 0.0067384 secs] [Times: user=0.09 sys=0.00, real=0.01 secs] 
2016-09-25T22:23:15.121-0400: 81.332: [GC (GCLocker Initiated GC) [PSYoungGen: 155571K->44378K(175104K)] 662120K->566638K(699392K), 0.0081108 secs] [Times: user=0.10 sys=0.00, real=0.01 secs] 
2016-09-25T22:23:15.130-0400: 81.340: [Full GC (Ergonomics) [PSYoungGen: 44378K->0K(175104K)] [ParOldGen: 522260K->457040K(524288K)] 566638K->457040K(699392K), [Metaspace: 43830K->43830K(1087488K)], 0.0610915 secs] [Times: user=0.52 sys=0.03, real=0.06 secs] 
2016-09-25T22:23:15.242-0400: 81.452: [GC (GCLocker Initiated GC) [PSYoungGen: 88064K->68033K(175104K)] 550641K->530611K(699392K), 0.0069200 secs] [Times: user=0.09 sys=0.00, real=0.01 secs] 
2016-09-25T22:23:15.301-0400: 81.511: [GC (GCLocker Initiated GC) [PSYoungGen: 156097K->56527K(144896K)] 621415K->542128K(669184K), 0.0076214 secs] [Times: user=0.12 sys=0.00, real=0.01 secs] 
2016-09-25T22:23:15.352-0400: 81.562: [GC (GCLocker Initiated GC) [PSYoungGen: 144591K->62851K(176640K)] 641200K->559459K(700928K), 0.0064694 secs] [Times: user=0.08 sys=0.01, real=0.01 secs] 
2016-09-25T22:23:15.404-0400: 81.615: [Full GC (Ergonomics) [PSYoungGen: 152963K->0K(176640K)] [ParOldGen: 502246K->459362K(524288K)] 655209K->459362K(700928K), [Metaspace: 43830K->43830K(1087488K)], 0.0570011 secs] [Times: user=0.51 sys=0.01, real=0.05 secs] 
2016-09-25T22:23:15.518-0400: 81.728: [GC (GCLocker Initiated GC) [PSYoungGen: 90112K->43699K(174592K)] 555075K->508663K(698880K), 0.0060727 secs] [Times: user=0.06 sys=0.00, real=0.01 secs] 
2016-09-25T22:23:15.568-0400: 81.778: [GC (GCLocker Initiated GC) [PSYoungGen: 133811K->75701K(173568K)] 602920K->544809K(697856K), 0.0068430 secs] [Times: user=0.10 sys=0.00, real=0.01 secs] 
2016-09-25T22:23:15.620-0400: 81.831: [GC (GCLocker Initiated GC) [PSYoungGen: 163765K->74952K(175104K)] 642476K->553663K(699392K), 0.0087918 secs] [Times: user=0.11 sys=0.00, real=0.01 secs] 
2016-09-25T22:23:15.684-0400: 81.894: [GC (Allocation Failure) [PSYoungGen: 163016K->62947K(175104K)] 644616K->552148K(699392K), 0.0065028 secs] [Times: user=0.09 sys=0.00, real=0.00 secs] 
2016-09-25T22:23:15.742-0400: 81.952: [GC (GCLocker Initiated GC) [PSYoungGen: 151011K->38875K(175104K)] 648318K->559412K(699392K), 0.0116092 secs] [Times: user=0.14 sys=0.00, real=0.00 secs] 
2016-09-25T22:23:15.754-0400: 81.964: [Full GC (Ergonomics) [PSYoungGen: 38875K->0K(175104K)] [ParOldGen: 520536K->462735K(524288K)] 559412K->462735K(699392K), [Metaspace: 43830K->43830K(1087488K)], 0.0555303 secs] [Times: user=0.58 sys=0.02, real=0.06 secs] 
2016-09-25T22:23:15.865-0400: 82.076: [GC (GCLocker Initiated GC) [PSYoungGen: 88064K->51536K(175104K)] 557633K->521105K(699392K), 0.0061416 secs] [Times: user=0.08 sys=0.00, real=0.00 secs] 
2016-09-25T22:23:15.913-0400: 82.123: [GC (GCLocker Initiated GC) [PSYoungGen: 139600K->45767K(175104K)] 614694K->535523K(699392K), 0.0135998 secs] [Times: user=0.20 sys=0.00, real=0.02 secs] 
2016-09-25T22:23:15.972-0400: 82.182: [GC (GCLocker Initiated GC) --[PSYoungGen: 133831K->133831K(175104K)] 629121K->657010K(699392K), 0.0101391 secs] [Times: user=0.09 sys=0.00, real=0.02 secs] 
2016-09-25T22:23:15.982-0400: 82.193: [Full GC (Ergonomics) [PSYoungGen: 133831K->0K(175104K)] [ParOldGen: 523178K->464895K(524288K)] 657010K->464895K(699392K), [Metaspace: 43830K->43830K(1087488K)], 0.0544570 secs] [Times: user=0.48 sys=0.00, real=0.05 secs] 
2016-09-25T22:23:16.087-0400: 82.297: [GC (GCLocker Initiated GC) [PSYoungGen: 88064K->77701K(175104K)] 553094K->542731K(699392K), 0.0090150 secs] [Times: user=0.14 sys=0.00, real=0.01 secs] 
2016-09-25T22:23:16.147-0400: 82.357: [GC (GCLocker Initiated GC) [PSYoungGen: 165765K->45766K(175104K)] 643013K->544861K(699392K), 0.0062866 secs] [Times: user=0.09 sys=0.00, real=0.00 secs] 
2016-09-25T22:23:16.153-0400: 82.363: [Full GC (Ergonomics) [PSYoungGen: 45766K->0K(175104K)] [ParOldGen: 499095K->463662K(524288K)] 544861K->463662K(699392K), [Metaspace: 43830K->43830K(1087488K)], 0.0562054 secs] [Times: user=0.56 sys=0.01, real=0.06 secs] 
2016-09-25T22:23:16.253-0400: 82.463: [GC (GCLocker Initiated GC) [PSYoungGen: 88064K->85640K(175104K)] 551771K->557448K(699392K), 0.0182718 secs] [Times: user=0.14 sys=0.00, real=0.02 secs] 
2016-09-25T22:23:16.323-0400: 82.533: [GC (GCLocker Initiated GC) [PSYoungGen: 173704K->54014K(175104K)] 649718K->549026K(699392K), 0.0104177 secs] [Times: user=0.09 sys=0.01, real=0.00 secs] 
2016-09-25T22:23:16.333-0400: 82.543: [Full GC (Ergonomics) [PSYoungGen: 54014K->0K(175104K)] [ParOldGen: 495012K->454577K(524288K)] 549026K->454577K(699392K), [Metaspace: 43830K->43830K(1087488K)], 0.1185921 secs] [Times: user=1.58 sys=0.00, real=0.12 secs] 
2016-09-25T22:23:16.495-0400: 82.705: [GC (GCLocker Initiated GC) [PSYoungGen: 88064K->80508K(175104K)] 546825K->539270K(699392K), 0.0068389 secs] [Times: user=0.10 sys=0.00, real=0.01 secs] 
2016-09-25T22:23:16.555-0400: 82.765: [GC (GCLocker Initiated GC) [PSYoungGen: 168572K->59556K(175104K)] 642300K->537728K(699392K), 0.0075204 secs] [Times: user=0.09 sys=0.00, real=0.01 secs] 
2016-09-25T22:23:16.614-0400: 82.824: [GC (GCLocker Initiated GC) [PSYoungGen: 147620K->74297K(175104K)] 625889K->565774K(699392K), 0.0071947 secs] [Times: user=0.12 sys=0.00, real=0.01 secs] 
2016-09-25T22:23:16.671-0400: 82.881: [Full GC (Ergonomics) [PSYoungGen: 162361K->0K(175104K)] [ParOldGen: 496926K->463441K(524288K)] 659287K->463441K(699392K), [Metaspace: 43834K->43834K(1087488K)], 0.0634931 secs] [Times: user=0.51 sys=0.00, real=0.07 secs] 
2016-09-25T22:23:16.785-0400: 82.995: [GC (GCLocker Initiated GC) [PSYoungGen: 88064K->61396K(175104K)] 561070K->534402K(699392K), 0.0165843 secs] [Times: user=0.19 sys=0.00, real=0.01 secs] 
2016-09-25T22:23:16.852-0400: 83.062: [GC (GCLocker Initiated GC) [PSYoungGen: 149460K->52516K(175104K)] 622633K->528659K(699392K), 0.0069902 secs] [Times: user=0.06 sys=0.00, real=0.01 secs] 
2016-09-25T22:23:16.905-0400: 83.115: [GC (GCLocker Initiated GC) [PSYoungGen: 140580K->62312K(175104K)] 622190K->558422K(699392K), 0.0079638 secs] [Times: user=0.13 sys=0.00, real=0.00 secs] 
2016-09-25T22:23:16.958-0400: 83.168: [Full GC (Ergonomics) [PSYoungGen: 150376K->0K(175104K)] [ParOldGen: 498814K->458802K(524288K)] 649191K->458802K(699392K), [Metaspace: 43865K->43865K(1087488K)], 0.0557983 secs] [Times: user=0.53 sys=0.01, real=0.05 secs] 
2016-09-25T22:23:17.064-0400: 83.274: [GC (GCLocker Initiated GC) [PSYoungGen: 88064K->69517K(175104K)] 551418K->532872K(699392K), 0.0067369 secs] [Times: user=0.11 sys=0.00, real=0.00 secs] 
2016-09-25T22:23:17.113-0400: 83.324: [GC (GCLocker Initiated GC) [PSYoungGen: 157581K->65013K(175104K)] 623895K->543688K(699392K), 0.0103362 secs] [Times: user=0.16 sys=0.00, real=0.02 secs] 
2016-09-25T22:23:17.171-0400: 83.381: [GC (GCLocker Initiated GC) [PSYoungGen: 153077K->75596K(175104K)] 631903K->560843K(699392K), 0.0084172 secs] [Times: user=0.12 sys=0.00, real=0.01 secs] 
2016-09-25T22:23:17.230-0400: 83.440: [GC (GCLocker Initiated GC) [PSYoungGen: 163660K->48844K(175104K)] 657078K->551243K(699392K), 0.0070113 secs] [Times: user=0.11 sys=0.00, real=0.01 secs] 
2016-09-25T22:23:17.237-0400: 83.448: [Full GC (Ergonomics) [PSYoungGen: 48844K->0K(175104K)] [ParOldGen: 502399K->465033K(524288K)] 551243K->465033K(699392K), [Metaspace: 43865K->43865K(1087488K)], 0.0608869 secs] [Times: user=0.58 sys=0.00, real=0.06 secs] 
2016-09-25T22:23:17.352-0400: 83.562: [GC (Allocation Failure) [PSYoungGen: 88064K->69291K(175104K)] 561266K->542494K(699392K), 0.0103611 secs] [Times: user=0.16 sys=0.00, real=0.02 secs] 
2016-09-25T22:23:17.402-0400: 83.613: [GC (GCLocker Initiated GC) [PSYoungGen: 157355K->64998K(175104K)] 630561K->542239K(699392K), 0.0249219 secs] [Times: user=0.29 sys=0.00, real=0.02 secs] 
2016-09-25T22:23:17.473-0400: 83.683: [GC (GCLocker Initiated GC) [PSYoungGen: 153062K->60916K(173056K)] 635954K->554178K(697344K), 0.0073778 secs] [Times: user=0.11 sys=0.00, real=0.01 secs] 
2016-09-25T22:23:17.535-0400: 83.745: [Full GC (Ergonomics) [PSYoungGen: 148980K->0K(173056K)] [ParOldGen: 506855K->479351K(524288K)] 655835K->479351K(697344K), [Metaspace: 43865K->43865K(1087488K)], 0.0534319 secs] [Times: user=0.43 sys=0.00, real=0.05 secs] 
2016-09-25T22:23:17.641-0400: 83.851: [GC (GCLocker Initiated GC) [PSYoungGen: 88064K->59732K(174080K)] 567522K->539191K(698368K), 0.0099805 secs] [Times: user=0.10 sys=0.01, real=0.01 secs] 
2016-09-25T22:23:17.698-0400: 83.909: [GC (GCLocker Initiated GC) [PSYoungGen: 147796K->76980K(172544K)] 634075K->563258K(696832K), 0.0068115 secs] [Times: user=0.10 sys=0.00, real=0.01 secs] 
2016-09-25T22:23:17.759-0400: 83.969: [GC (GCLocker Initiated GC) [PSYoungGen: 165044K->75481K(175104K)] 656888K->580614K(699392K), 0.0087738 secs] [Times: user=0.12 sys=0.00, real=0.01 secs] 
2016-09-25T22:23:17.768-0400: 83.978: [Full GC (Ergonomics) [PSYoungGen: 75481K->0K(175104K)] [ParOldGen: 505132K->476273K(524288K)] 580614K->476273K(699392K), [Metaspace: 43865K->43865K(1087488K)], 0.0531623 secs] [Times: user=0.46 sys=0.00, real=0.05 secs] 
2016-09-25T22:23:17.879-0400: 84.089: [GC (GCLocker Initiated GC) [PSYoungGen: 88064K->57333K(175104K)] 567171K->536441K(699392K), 0.0086964 secs] [Times: user=0.12 sys=0.00, real=0.01 secs] 
2016-09-25T22:23:17.942-0400: 84.152: [GC (GCLocker Initiated GC) [PSYoungGen: 145397K->47339K(175104K)] 633035K->537854K(699392K), 0.0070133 secs] [Times: user=0.06 sys=0.01, real=0.01 secs] 
2016-09-25T22:23:17.982-0400: 84.193: [GC (GCLocker Initiated GC) [PSYoungGen: 135403K->71574K(175104K)] 625988K->567232K(699392K), 0.0076846 secs] [Times: user=0.09 sys=0.00, real=0.00 secs] 
2016-09-25T22:23:18.040-0400: 84.251: [GC (GCLocker Initiated GC) --[PSYoungGen: 159638K->159638K(175104K)] 663491K->681987K(699392K), 0.0107261 secs] [Times: user=0.12 sys=0.00, real=0.01 secs] 
2016-09-25T22:23:18.051-0400: 84.261: [Full GC (Ergonomics) [PSYoungGen: 159638K->0K(175104K)] [ParOldGen: 522349K->482684K(524288K)] 681987K->482684K(699392K), [Metaspace: 43865K->43865K(1087488K)], 0.0600649 secs] [Times: user=0.50 sys=0.00, real=0.06 secs] 
2016-09-25T22:23:18.165-0400: 84.375: [GC (GCLocker Initiated GC) [PSYoungGen: 88064K->49322K(175104K)] 574911K->536169K(699392K), 0.0193034 secs] [Times: user=0.26 sys=0.00, real=0.02 secs] 
2016-09-25T22:23:18.238-0400: 84.449: [GC (GCLocker Initiated GC) [PSYoungGen: 137386K->45907K(175104K)] 639170K->554851K(699392K), 0.0146799 secs] [Times: user=0.12 sys=0.00, real=0.01 secs] 
2016-09-25T22:23:18.253-0400: 84.463: [Full GC (Ergonomics) [PSYoungGen: 45907K->0K(175104K)] [ParOldGen: 508943K->484479K(524288K)] 554851K->484479K(699392K), [Metaspace: 43865K->43865K(1087488K)], 0.0530924 secs] [Times: user=0.41 sys=0.00, real=0.06 secs] 
2016-09-25T22:23:18.361-0400: 84.571: [GC (GCLocker Initiated GC) [PSYoungGen: 88064K->59872K(175104K)] 579318K->551127K(699392K), 0.0121764 secs] [Times: user=0.18 sys=0.00, real=0.01 secs] 
2016-09-25T22:23:18.420-0400: 84.631: [GC (GCLocker Initiated GC) [PSYoungGen: 147936K->60623K(169984K)] 642145K->554832K(694272K), 0.0098522 secs] [Times: user=0.11 sys=0.00, real=0.01 secs] 
2016-09-25T22:23:18.476-0400: 84.687: [GC (GCLocker Initiated GC) [PSYoungGen: 148687K->81662K(172544K)] 642918K->575893K(696832K), 0.0077990 secs] [Times: user=0.09 sys=0.00, real=0.01 secs] 
2016-09-25T22:23:18.521-0400: 84.731: [GC (GCLocker Initiated GC) [PSYoungGen: 169726K->85720K(175104K)] 664028K->583521K(699392K), 0.0081495 secs] [Times: user=0.09 sys=0.00, real=0.01 secs] 
2016-09-25T22:23:18.585-0400: 84.795: [Full GC (Ergonomics) [PSYoungGen: 173784K->0K(175104K)] [ParOldGen: 509997K->485998K(524288K)] 683781K->485998K(699392K), [Metaspace: 43865K->43865K(1087488K)], 0.0517584 secs] [Times: user=0.41 sys=0.00, real=0.05 secs] 
2016-09-25T22:23:18.687-0400: 84.897: [GC (GCLocker Initiated GC) [PSYoungGen: 88064K->54822K(175104K)] 591701K->558459K(699392K), 0.0068898 secs] [Times: user=0.09 sys=0.00, real=0.00 secs] 
2016-09-25T22:23:18.745-0400: 84.956: [GC (GCLocker Initiated GC) [PSYoungGen: 142886K->70163K(175104K)] 649439K->579766K(699392K), 0.0071061 secs] [Times: user=0.08 sys=0.00, real=0.00 secs] 
2016-09-25T22:23:18.806-0400: 85.016: [Full GC (Ergonomics) [PSYoungGen: 158227K->0K(175104K)] [ParOldGen: 521847K->486041K(524288K)] 680074K->486041K(699392K), [Metaspace: 43865K->43865K(1087488K)], 0.0559254 secs] [Times: user=0.52 sys=0.00, real=0.06 secs] 
2016-09-25T22:23:18.913-0400: 85.124: [GC (GCLocker Initiated GC) [PSYoungGen: 88064K->82000K(175104K)] 582277K->576214K(699392K), 0.0076377 secs] [Times: user=0.12 sys=0.00, real=0.01 secs] 
2016-09-25T22:23:18.971-0400: 85.181: [GC (GCLocker Initiated GC) [PSYoungGen: 170064K->47558K(175104K)] 669915K->556037K(699392K), 0.0059850 secs] [Times: user=0.06 sys=0.00, real=0.01 secs] 
2016-09-25T22:23:19.025-0400: 85.236: [Full GC (Ergonomics) [PSYoungGen: 135622K->0K(175104K)] [ParOldGen: 511319K->485908K(524288K)] 646941K->485908K(699392K), [Metaspace: 43865K->43865K(1087488K)], 0.0606947 secs] [Times: user=0.56 sys=0.01, real=0.06 secs] 
2016-09-25T22:23:19.130-0400: 85.341: [GC (GCLocker Initiated GC) [PSYoungGen: 88064K->71010K(175104K)] 574117K->557063K(699392K), 0.0072121 secs] [Times: user=0.09 sys=0.00, real=0.01 secs] 
2016-09-25T22:23:19.180-0400: 85.390: [GC (GCLocker Initiated GC) [PSYoungGen: 159074K->85185K(175104K)] 645234K->583704K(699392K), 0.0078801 secs] [Times: user=0.12 sys=0.00, real=0.01 secs] 
2016-09-25T22:23:19.232-0400: 85.442: [GC (GCLocker Initiated GC) [PSYoungGen: 173249K->78594K(175104K)] 674568K->601188K(699392K), 0.0084773 secs] [Times: user=0.12 sys=0.00, real=0.01 secs] 
2016-09-25T22:23:19.241-0400: 85.451: [Full GC (Ergonomics) [PSYoungGen: 78594K->0K(175104K)] [ParOldGen: 522593K->499327K(524288K)] 601188K->499327K(699392K), [Metaspace: 43865K->43865K(1087488K)], 0.0596366 secs] [Times: user=0.58 sys=0.00, real=0.06 secs] 
2016-09-25T22:23:19.352-0400: 85.562: [GC (GCLocker Initiated GC) [PSYoungGen: 88064K->84761K(175104K)] 587480K->584177K(699392K), 0.0073194 secs] [Times: user=0.11 sys=0.00, real=0.01 secs] 
2016-09-25T22:23:19.406-0400: 85.616: [GC (GCLocker Initiated GC) [PSYoungGen: 172825K->55269K(175104K)] 672764K->577365K(699392K), 0.0072374 secs] [Times: user=0.10 sys=0.00, real=0.00 secs] 
2016-09-25T22:23:19.414-0400: 85.624: [Full GC (Ergonomics) [PSYoungGen: 55269K->0K(175104K)] [ParOldGen: 522095K->483312K(524288K)] 577365K->483312K(699392K), [Metaspace: 43865K->43865K(1087488K)], 0.0651513 secs] [Times: user=0.62 sys=0.00, real=0.07 secs] 
2016-09-25T22:23:19.519-0400: 85.729: [GC (GCLocker Initiated GC) [PSYoungGen: 88064K->57080K(175104K)] 571407K->540424K(699392K), 0.0065972 secs] [Times: user=0.08 sys=0.00, real=0.01 secs] 
2016-09-25T22:23:19.560-0400: 85.770: [GC (GCLocker Initiated GC) [PSYoungGen: 145144K->76052K(175104K)] 631368K->571714K(699392K), 0.0094722 secs] [Times: user=0.10 sys=0.00, real=0.01 secs] 
2016-09-25T22:23:19.623-0400: 85.833: [Full GC (Ergonomics) [PSYoungGen: 164116K->0K(175104K)] [ParOldGen: 505224K->503415K(524288K)] 669340K->503415K(699392K), [Metaspace: 43865K->43865K(1087488K)], 0.0574473 secs] [Times: user=0.57 sys=0.00, real=0.05 secs] 
2016-09-25T22:23:19.739-0400: 85.949: [Full GC (Ergonomics) [PSYoungGen: 88064K->0K(175104K)] [ParOldGen: 503586K->493279K(524288K)] 591650K->493279K(699392K), [Metaspace: 43873K->43873K(1087488K)], 0.0567047 secs] [Times: user=0.57 sys=0.00, real=0.06 secs] 
2016-09-25T22:23:19.844-0400: 86.054: [Full GC (Ergonomics) [PSYoungGen: 88064K->0K(175104K)] [ParOldGen: 504372K->494397K(524288K)] 592436K->494397K(699392K), [Metaspace: 43873K->43873K(1087488K)], 0.0705062 secs] [Times: user=0.82 sys=0.00, real=0.07 secs] 
2016-09-25T22:23:19.958-0400: 86.169: [GC (GCLocker Initiated GC) [PSYoungGen: 88064K->68054K(175104K)] 582764K->562755K(699392K), 0.0064902 secs] [Times: user=0.08 sys=0.00, real=0.01 secs] 
2016-09-25T22:23:20.010-0400: 86.220: [GC (GCLocker Initiated GC) [PSYoungGen: 156118K->66191K(175104K)] 650918K->567843K(699392K), 0.0073940 secs] [Times: user=0.10 sys=0.00, real=0.01 secs] 
2016-09-25T22:23:20.069-0400: 86.279: [Full GC (Ergonomics) [PSYoungGen: 154255K->0K(175104K)] [ParOldGen: 516693K->494239K(524288K)] 670949K->494239K(699392K), [Metaspace: 43873K->43873K(1087488K)], 0.0525725 secs] [Times: user=0.49 sys=0.01, real=0.05 secs] 
2016-09-25T22:23:20.171-0400: 86.381: [Full GC (Ergonomics) [PSYoungGen: 88064K->0K(175104K)] [ParOldGen: 502481K->492248K(524288K)] 590545K->492248K(699392K), [Metaspace: 43873K->43873K(1087488K)], 0.0530965 secs] [Times: user=0.50 sys=0.00, real=0.06 secs] 
2016-09-25T22:23:20.271-0400: 86.481: [GC (GCLocker Initiated GC) [PSYoungGen: 88064K->64472K(175104K)] 585723K->562132K(699392K), 0.0100538 secs] [Times: user=0.16 sys=0.01, real=0.01 secs] 
2016-09-25T22:23:20.329-0400: 86.540: [GC (GCLocker Initiated GC) [PSYoungGen: 152536K->70173K(175104K)] 651631K->575186K(699392K), 0.0103295 secs] [Times: user=0.17 sys=0.00, real=0.01 secs] 
2016-09-25T22:23:20.340-0400: 86.550: [Full GC (Ergonomics) [PSYoungGen: 70173K->0K(175104K)] [ParOldGen: 505012K->483179K(524288K)] 575186K->483179K(699392K), [Metaspace: 43915K->43915K(1087488K)], 0.0525974 secs] [Times: user=0.53 sys=0.01, real=0.05 secs] 
2016-09-25T22:23:20.433-0400: 86.643: [GC (GCLocker Initiated GC) [PSYoungGen: 88064K->85712K(175104K)] 571249K->568897K(699392K), 0.0103412 secs] [Times: user=0.16 sys=0.00, real=0.02 secs] 
2016-09-25T22:23:20.486-0400: 86.696: [GC (GCLocker Initiated GC) [PSYoungGen: 173776K->59384K(175104K)] 665097K->564379K(699392K), 0.0101137 secs] [Times: user=0.13 sys=0.00, real=0.01 secs] 
2016-09-25T22:23:20.496-0400: 86.706: [Full GC (Ergonomics) [PSYoungGen: 59384K->0K(175104K)] [ParOldGen: 504994K->501056K(524288K)] 564379K->501056K(699392K), [Metaspace: 43915K->43915K(1087488K)], 0.0514147 secs] [Times: user=0.45 sys=0.00, real=0.05 secs] 
2016-09-25T22:23:20.600-0400: 86.811: [Full GC (Ergonomics) [PSYoungGen: 88064K->0K(175104K)] [ParOldGen: 503811K->496346K(524288K)] 591875K->496346K(699392K), [Metaspace: 43915K->43915K(1087488K)], 0.0582123 secs] [Times: user=0.56 sys=0.00, real=0.06 secs] 
2016-09-25T22:23:20.706-0400: 86.916: [GC (GCLocker Initiated GC) [PSYoungGen: 88064K->51722K(175104K)] 587176K->550835K(699392K), 0.0051903 secs] [Times: user=0.07 sys=0.00, real=0.00 secs] 
2016-09-25T22:23:20.757-0400: 86.968: [Full GC (Ergonomics) [PSYoungGen: 139786K->0K(175104K)] [ParOldGen: 504938K->489558K(524288K)] 644724K->489558K(699392K), [Metaspace: 43919K->43919K(1087488K)], 0.1131093 secs] [Times: user=1.61 sys=0.02, real=0.11 secs] 
2016-09-25T22:23:20.924-0400: 87.134: [GC (GCLocker Initiated GC) [PSYoungGen: 88064K->71960K(175104K)] 577682K->561579K(699392K), 0.0086208 secs] [Times: user=0.09 sys=0.01, real=0.00 secs] 
2016-09-25T22:23:20.974-0400: 87.184: [GC (GCLocker Initiated GC) [PSYoungGen: 160024K->79872K(175104K)] 659130K->588326K(699392K), 0.0074619 secs] [Times: user=0.09 sys=0.00, real=0.00 secs] 
2016-09-25T22:23:20.982-0400: 87.192: [Full GC (Ergonomics) [PSYoungGen: 79872K->0K(175104K)] [ParOldGen: 508453K->500552K(524288K)] 588326K->500552K(699392K), [Metaspace: 43920K->43920K(1087488K)], 0.0579275 secs] [Times: user=0.61 sys=0.02, real=0.06 secs] 
2016-09-25T22:23:21.089-0400: 87.299: [GC (GCLocker Initiated GC) [PSYoungGen: 88064K->65429K(175104K)] 588841K->566206K(699392K), 0.0075300 secs] [Times: user=0.08 sys=0.01, real=0.01 secs] 
2016-09-25T22:23:21.142-0400: 87.353: [GC (GCLocker Initiated GC) [PSYoungGen: 153493K->59387K(175104K)] 657219K->579463K(699392K), 0.0104776 secs] [Times: user=0.14 sys=0.00, real=0.00 secs] 
2016-09-25T22:23:21.153-0400: 87.363: [Full GC (Ergonomics) [PSYoungGen: 59387K->0K(175104K)] [ParOldGen: 520075K->493831K(524288K)] 579463K->493831K(699392K), [Metaspace: 43924K->43924K(1087488K)], 0.0584192 secs] [Times: user=0.54 sys=0.02, real=0.06 secs] 
2016-09-25T22:23:21.256-0400: 87.466: [GC (GCLocker Initiated GC) [PSYoungGen: 88064K->51594K(175104K)] 584652K->548182K(699392K), 0.0073843 secs] [Times: user=0.07 sys=0.00, real=0.01 secs] 
2016-09-25T22:23:21.307-0400: 87.517: [GC (GCLocker Initiated GC) [PSYoungGen: 139658K->64934K(175104K)] 639035K->579143K(699392K), 0.0077013 secs] [Times: user=0.10 sys=0.00, real=0.01 secs] 
2016-09-25T22:23:21.315-0400: 87.525: [Full GC (Ergonomics) [PSYoungGen: 64934K->0K(175104K)] [ParOldGen: 514209K->497888K(524288K)] 579143K->497888K(699392K), [Metaspace: 43924K->43924K(1087488K)], 0.0509856 secs] [Times: user=0.48 sys=0.02, real=0.05 secs] 
2016-09-25T22:23:21.414-0400: 87.624: [Full GC (Ergonomics) [PSYoungGen: 88064K->0K(175104K)] [ParOldGen: 502105K->497428K(524288K)] 590169K->497428K(699392K), [Metaspace: 43927K->43927K(1087488K)], 0.0525731 secs] [Times: user=0.48 sys=0.01, real=0.06 secs] 
2016-09-25T22:23:21.520-0400: 87.730: [Full GC (Ergonomics) [PSYoungGen: 88064K->0K(175104K)] [ParOldGen: 508464K->502285K(524288K)] 596528K->502285K(699392K), [Metaspace: 43927K->43927K(1087488K)], 0.0560698 secs] [Times: user=0.56 sys=0.02, real=0.06 secs] 
2016-09-25T22:23:21.631-0400: 87.841: [Full GC (Ergonomics) [PSYoungGen: 88064K->0K(175104K)] [ParOldGen: 505093K->502981K(524288K)] 593157K->502981K(699392K), [Metaspace: 43927K->43927K(1087488K)], 0.0604154 secs] [Times: user=0.63 sys=0.00, real=0.06 secs] 
2016-09-25T22:23:21.743-0400: 87.954: [Full GC (Ergonomics) [PSYoungGen: 88064K->0K(175104K)] [ParOldGen: 505693K->506644K(524288K)] 593757K->506644K(699392K), [Metaspace: 43927K->43927K(1087488K)], 0.0567685 secs] [Times: user=0.56 sys=0.01, real=0.05 secs] 
2016-09-25T22:23:21.846-0400: 88.056: [Full GC (Ergonomics) [PSYoungGen: 88064K->0K(175104K)] [ParOldGen: 509394K->498004K(524288K)] 597458K->498004K(699392K), [Metaspace: 43927K->43927K(1087488K)], 0.0530145 secs] [Times: user=0.47 sys=0.02, real=0.05 secs] 
2016-09-25T22:23:21.942-0400: 88.152: [GC (GCLocker Initiated GC) [PSYoungGen: 88064K->74423K(175104K)] 586108K->572468K(699392K), 0.0077976 secs] [Times: user=0.10 sys=0.00, real=0.01 secs] 
2016-09-25T22:23:21.985-0400: 88.196: [Full GC (Ergonomics) [PSYoungGen: 162487K->0K(175104K)] [ParOldGen: 502139K->503443K(524288K)] 664627K->503443K(699392K), [Metaspace: 43927K->43927K(1087488K)], 0.0642211 secs] [Times: user=0.63 sys=0.01, real=0.06 secs] 
2016-09-25T22:23:22.091-0400: 88.301: [Full GC (Ergonomics) [PSYoungGen: 88064K->0K(175104K)] [ParOldGen: 508918K->506894K(524288K)] 596982K->506894K(699392K), [Metaspace: 43927K->43927K(1087488K)], 0.0587257 secs] [Times: user=0.58 sys=0.01, real=0.06 secs] 
2016-09-25T22:23:22.207-0400: 88.417: [Full GC (Ergonomics) [PSYoungGen: 88064K->0K(175104K)] [ParOldGen: 509657K->502230K(524288K)] 597721K->502230K(699392K), [Metaspace: 43927K->43927K(1087488K)], 0.0620921 secs] [Times: user=0.48 sys=0.03, real=0.06 secs] 
2016-09-25T22:23:22.328-0400: 88.538: [Full GC (Ergonomics) [PSYoungGen: 88064K->0K(175104K)] [ParOldGen: 505017K->505614K(524288K)] 593081K->505614K(699392K), [Metaspace: 43927K->43927K(1087488K)], 0.0641472 secs] [Times: user=0.69 sys=0.03, real=0.06 secs] 
2016-09-25T22:23:22.444-0400: 88.655: [Full GC (Ergonomics) [PSYoungGen: 88064K->0K(175104K)] [ParOldGen: 512372K->503643K(524288K)] 600436K->503643K(699392K), [Metaspace: 43927K->43927K(1087488K)], 0.0551361 secs] [Times: user=0.51 sys=0.00, real=0.05 secs] 
2016-09-25T22:23:22.552-0400: 88.762: [Full GC (Ergonomics) [PSYoungGen: 88064K->0K(175104K)] [ParOldGen: 510415K->507166K(524288K)] 598479K->507166K(699392K), [Metaspace: 43927K->43927K(1087488K)], 0.0684133 secs] [Times: user=0.58 sys=0.03, real=0.07 secs] 
2016-09-25T22:23:22.666-0400: 88.876: [Full GC (Ergonomics) [PSYoungGen: 88064K->0K(175104K)] [ParOldGen: 512615K->510685K(524288K)] 600679K->510685K(699392K), [Metaspace: 43927K->43927K(1087488K)], 0.0598384 secs] [Times: user=0.60 sys=0.01, real=0.06 secs] 
2016-09-25T22:23:22.778-0400: 88.988: [Full GC (Ergonomics) [PSYoungGen: 88064K->0K(175104K)] [ParOldGen: 510938K->511458K(524288K)] 599002K->511458K(699392K), [Metaspace: 43927K->43927K(1087488K)], 0.0547236 secs] [Times: user=0.54 sys=0.01, real=0.05 secs] 
2016-09-25T22:23:22.886-0400: 89.096: [Full GC (Ergonomics) [PSYoungGen: 88064K->0K(175104K)] [ParOldGen: 522324K->512272K(524288K)] 610388K->512272K(699392K), [Metaspace: 43927K->43927K(1087488K)], 0.0578982 secs] [Times: user=0.54 sys=0.00, real=0.06 secs] 
2016-09-25T22:23:22.995-0400: 89.205: [Full GC (Ergonomics) [PSYoungGen: 88064K->0K(175104K)] [ParOldGen: 513644K->507572K(524288K)] 601708K->507572K(699392K), [Metaspace: 43927K->43927K(1087488K)], 0.0548459 secs] [Times: user=0.55 sys=0.01, real=0.05 secs] 
2016-09-25T22:23:23.096-0400: 89.306: [Full GC (Ergonomics) [PSYoungGen: 88064K->0K(175104K)] [ParOldGen: 507642K->505484K(524288K)] 595706K->505484K(699392K), [Metaspace: 43927K->43927K(1087488K)], 0.0544464 secs] [Times: user=0.56 sys=0.00, real=0.05 secs] 
2016-09-25T22:23:23.183-0400: 89.393: [Full GC (Ergonomics) [PSYoungGen: 88064K->0K(175104K)] [ParOldGen: 505585K->517119K(524288K)] 593649K->517119K(699392K), [Metaspace: 43927K->43927K(1087488K)], 0.0579030 secs] [Times: user=0.54 sys=0.01, real=0.05 secs] 
2016-09-25T22:23:23.292-0400: 89.502: [Full GC (Ergonomics) [PSYoungGen: 88064K->0K(175104K)] [ParOldGen: 519921K->511278K(524288K)] 607985K->511278K(699392K), [Metaspace: 43927K->43927K(1087488K)], 0.0965553 secs] [Times: user=1.16 sys=0.01, real=0.10 secs] 
2016-09-25T22:23:23.430-0400: 89.640: [Full GC (Ergonomics) [PSYoungGen: 88064K->0K(175104K)] [ParOldGen: 514123K->514607K(524288K)] 602187K->514607K(699392K), [Metaspace: 43927K->43927K(1087488K)], 0.0567434 secs] [Times: user=0.54 sys=0.00, real=0.06 secs] 
2016-09-25T22:23:23.525-0400: 89.735: [Full GC (Ergonomics) [PSYoungGen: 88064K->0K(175104K)] [ParOldGen: 514620K->507030K(524288K)] 602684K->507030K(699392K), [Metaspace: 43927K->43927K(1087488K)], 0.0548639 secs] [Times: user=0.52 sys=0.00, real=0.05 secs] 
2016-09-25T22:23:23.615-0400: 89.825: [Full GC (Ergonomics) [PSYoungGen: 88064K->0K(175104K)] [ParOldGen: 509853K->513190K(524288K)] 597917K->513190K(699392K), [Metaspace: 43927K->43927K(1087488K)], 0.0634764 secs] [Times: user=0.66 sys=0.01, real=0.06 secs] 
2016-09-25T22:23:23.729-0400: 89.939: [Full GC (Ergonomics) [PSYoungGen: 88064K->0K(175104K)] [ParOldGen: 522711K->511228K(524288K)] 610775K->511228K(699392K), [Metaspace: 43930K->43930K(1087488K)], 0.0573275 secs] [Times: user=0.50 sys=0.00, real=0.06 secs] 
2016-09-25T22:23:23.832-0400: 90.042: [Full GC (Ergonomics) [PSYoungGen: 88064K->0K(175104K)] [ParOldGen: 518015K->512026K(524288K)] 606079K->512026K(699392K), [Metaspace: 43930K->43930K(1087488K)], 0.0586137 secs] [Times: user=0.57 sys=0.01, real=0.06 secs] 
2016-09-25T22:23:23.942-0400: 90.152: [Full GC (Ergonomics) [PSYoungGen: 88064K->0K(175104K)] [ParOldGen: 512823K->511359K(524288K)] 600887K->511359K(699392K), [Metaspace: 43930K->43930K(1087488K)], 0.0551866 secs] [Times: user=0.51 sys=0.01, real=0.06 secs] 
2016-09-25T22:23:24.039-0400: 90.249: [Full GC (Ergonomics) [PSYoungGen: 88064K->0K(175104K)] [ParOldGen: 514155K->513347K(524288K)] 602219K->513347K(699392K), [Metaspace: 43930K->43930K(1087488K)], 0.0716300 secs] [Times: user=0.61 sys=0.00, real=0.07 secs] 
2016-09-25T22:23:24.158-0400: 90.368: [Full GC (Ergonomics) [PSYoungGen: 88064K->0K(175104K)] [ParOldGen: 513396K->510090K(524288K)] 601460K->510090K(699392K), [Metaspace: 43932K->43932K(1087488K)], 0.0602317 secs] [Times: user=0.52 sys=0.01, real=0.06 secs] 
2016-09-25T22:23:24.255-0400: 90.465: [Full GC (Ergonomics) [PSYoungGen: 88064K->0K(175104K)] [ParOldGen: 518425K->522943K(524288K)] 606489K->522943K(699392K), [Metaspace: 43932K->43932K(1087488K)], 0.0592439 secs] [Times: user=0.61 sys=0.00, real=0.06 secs] 
2016-09-25T22:23:24.366-0400: 90.576: [Full GC (Ergonomics) [PSYoungGen: 86391K->0K(175104K)] [ParOldGen: 522943K->523719K(524288K)] 609334K->523719K(699392K), [Metaspace: 43942K->43942K(1087488K)], 0.0758065 secs] [Times: user=0.76 sys=0.00, real=0.07 secs] 
2016-09-25T22:23:24.494-0400: 90.704: [Full GC (Ergonomics) [PSYoungGen: 87028K->0K(175104K)] [ParOldGen: 523719K->518901K(524288K)] 610747K->518901K(699392K), [Metaspace: 43942K->43942K(1087488K)], 0.0642452 secs] [Times: user=0.70 sys=0.00, real=0.07 secs] 
2016-09-25T22:23:24.606-0400: 90.817: [Full GC (Ergonomics) [PSYoungGen: 86457K->0K(175104K)] [ParOldGen: 521601K->516804K(524288K)] 608058K->516804K(699392K), [Metaspace: 43942K->43942K(1087488K)], 0.0621686 secs] [Times: user=0.63 sys=0.01, real=0.06 secs] 
2016-09-25T22:23:24.716-0400: 90.926: [Full GC (Ergonomics) [PSYoungGen: 88064K->0K(175104K)] [ParOldGen: 520949K->512234K(524288K)] 609013K->512234K(699392K), [Metaspace: 43942K->43942K(1087488K)], 0.0554233 secs] [Times: user=0.53 sys=0.00, real=0.05 secs] 
2016-09-25T22:23:24.816-0400: 91.026: [Full GC (Ergonomics) [PSYoungGen: 88064K->0K(175104K)] [ParOldGen: 513639K->518390K(524288K)] 601703K->518390K(699392K), [Metaspace: 43942K->43942K(1087488K)], 0.0556057 secs] [Times: user=0.57 sys=0.00, real=0.05 secs] 
2016-09-25T22:23:24.919-0400: 91.129: [Full GC (Ergonomics) [PSYoungGen: 88064K->0K(175104K)] [ParOldGen: 522551K->510922K(524288K)] 610615K->510922K(699392K), [Metaspace: 43942K->43942K(1087488K)], 0.0576369 secs] [Times: user=0.56 sys=0.00, real=0.06 secs] 
2016-09-25T22:23:25.008-0400: 91.218: [Full GC (Ergonomics) [PSYoungGen: 88064K->5400K(175104K)] [ParOldGen: 512460K->522994K(524288K)] 600524K->528395K(699392K), [Metaspace: 43942K->43942K(1087488K)], 0.1000962 secs] [Times: user=1.32 sys=0.01, real=0.10 secs] 
2016-09-25T22:23:25.154-0400: 91.364: [Full GC (Ergonomics) [PSYoungGen: 87280K->0K(175104K)] [ParOldGen: 522994K->523555K(524288K)] 610275K->523555K(699392K), [Metaspace: 43942K->43942K(1087488K)], 0.0633267 secs] [Times: user=0.64 sys=0.01, real=0.07 secs] 
2016-09-25T22:23:25.271-0400: 91.481: [Full GC (Ergonomics) [PSYoungGen: 88064K->0K(175104K)] [ParOldGen: 523737K->513346K(524288K)] 611801K->513346K(699392K), [Metaspace: 43942K->43942K(1087488K)], 0.0561654 secs] [Times: user=0.48 sys=0.01, real=0.06 secs] 
2016-09-25T22:23:25.369-0400: 91.580: [Full GC (Ergonomics) [PSYoungGen: 88064K->2700K(175104K)] [ParOldGen: 513607K->522134K(524288K)] 601671K->524834K(699392K), [Metaspace: 43942K->43942K(1087488K)], 0.0678356 secs] [Times: user=0.69 sys=0.00, real=0.07 secs] 
2016-09-25T22:23:25.481-0400: 91.692: [Full GC (Ergonomics) [PSYoungGen: 88064K->0K(175104K)] [ParOldGen: 523998K->518786K(524288K)] 612062K->518786K(699392K), [Metaspace: 43942K->43942K(1087488K)], 0.0639521 secs] [Times: user=0.58 sys=0.00, real=0.07 secs] 
2016-09-25T22:23:25.598-0400: 91.808: [Full GC (Ergonomics) [PSYoungGen: 88064K->0K(175104K)] [ParOldGen: 519858K->511549K(524288K)] 607922K->511549K(699392K), [Metaspace: 43942K->43942K(1087488K)], 0.0659302 secs] [Times: user=0.59 sys=0.01, real=0.07 secs] 
2016-09-25T22:23:25.705-0400: 91.915: [Full GC (Ergonomics) [PSYoungGen: 88064K->0K(175104K)] [ParOldGen: 515690K->521471K(524288K)] 603754K->521471K(699392K), [Metaspace: 43942K->43942K(1087488K)], 0.0559269 secs] [Times: user=0.53 sys=0.01, real=0.05 secs] 
2016-09-25T22:23:25.804-0400: 92.015: [Full GC (Ergonomics) [PSYoungGen: 88064K->1351K(175104K)] [ParOldGen: 524286K->523509K(524288K)] 612350K->524860K(699392K), [Metaspace: 43942K->43942K(1087488K)], 0.0548768 secs] [Times: user=0.54 sys=0.00, real=0.05 secs] 
2016-09-25T22:23:25.908-0400: 92.118: [Full GC (Ergonomics) [PSYoungGen: 88064K->2700K(175104K)] [ParOldGen: 523576K->522846K(524288K)] 611640K->525546K(699392K), [Metaspace: 43942K->43942K(1087488K)], 0.0591056 secs] [Times: user=0.57 sys=0.00, real=0.06 secs] 
2016-09-25T22:23:26.009-0400: 92.220: [Full GC (Ergonomics) [PSYoungGen: 87305K->2703K(175104K)] [ParOldGen: 522846K->521798K(524288K)] 610151K->524502K(699392K), [Metaspace: 43942K->43942K(1087488K)], 0.1083693 secs] [Times: user=1.37 sys=0.02, real=0.11 secs] 
2016-09-25T22:23:26.163-0400: 92.374: [Full GC (Ergonomics) [PSYoungGen: 87638K->0K(175104K)] [ParOldGen: 521798K->516870K(524288K)] 609437K->516870K(699392K), [Metaspace: 43942K->43942K(1087488K)], 0.0593084 secs] [Times: user=0.62 sys=0.00, real=0.06 secs] 
2016-09-25T22:23:26.257-0400: 92.467: [Full GC (Ergonomics) [PSYoungGen: 88064K->5409K(175104K)] [ParOldGen: 519671K->522633K(524288K)] 607735K->528042K(699392K), [Metaspace: 43942K->43942K(1087488K)], 0.1570768 secs] [Times: user=2.30 sys=0.01, real=0.16 secs] 
2016-09-25T22:23:26.455-0400: 92.666: [Full GC (Ergonomics) [PSYoungGen: 87988K->2700K(175104K)] [ParOldGen: 522821K->521772K(524288K)] 610809K->524472K(699392K), [Metaspace: 43942K->43942K(1087488K)], 0.1549449 secs] [Times: user=2.31 sys=0.00, real=0.15 secs] 
2016-09-25T22:23:26.655-0400: 92.865: [Full GC (Ergonomics) [PSYoungGen: 88064K->0K(175104K)] [ParOldGen: 524211K->519472K(524288K)] 612275K->519472K(699392K), [Metaspace: 43942K->43942K(1087488K)], 0.0565680 secs] [Times: user=0.53 sys=0.00, real=0.05 secs] 
2016-09-25T22:23:26.750-0400: 92.961: [Full GC (Ergonomics) [PSYoungGen: 88064K->0K(175104K)] [ParOldGen: 519534K->521214K(524288K)] 607598K->521214K(699392K), [Metaspace: 43943K->43943K(1087488K)], 0.0555775 secs] [Times: user=0.56 sys=0.00, real=0.06 secs] 
2016-09-25T22:23:26.852-0400: 93.062: [Full GC (Ergonomics) [PSYoungGen: 87787K->1352K(175104K)] [ParOldGen: 523914K->523125K(524288K)] 611702K->524478K(699392K), [Metaspace: 43943K->43943K(1087488K)], 0.0602270 secs] [Times: user=0.62 sys=0.00, real=0.06 secs] 
2016-09-25T22:23:26.951-0400: 93.161: [Full GC (Ergonomics) [PSYoungGen: 88063K->0K(175104K)] [ParOldGen: 523707K->523872K(524288K)] 611771K->523872K(699392K), [Metaspace: 43943K->43943K(1087488K)], 0.0559316 secs] [Times: user=0.44 sys=0.01, real=0.06 secs] 
2016-09-25T22:23:27.053-0400: 93.263: [Full GC (Ergonomics) [PSYoungGen: 87572K->0K(175104K)] [ParOldGen: 523872K->521637K(524288K)] 611444K->521637K(699392K), [Metaspace: 43943K->43943K(1087488K)], 0.0581669 secs] [Times: user=0.58 sys=0.01, real=0.06 secs] 
2016-09-25T22:23:27.156-0400: 93.366: [Full GC (Ergonomics) [PSYoungGen: 87391K->0K(175104K)] [ParOldGen: 521637K->523523K(524288K)] 609028K->523523K(699392K), [Metaspace: 43943K->43943K(1087488K)], 0.0585448 secs] [Times: user=0.57 sys=0.01, real=0.06 secs] 
2016-09-25T22:23:27.259-0400: 93.469: [Full GC (Ergonomics) [PSYoungGen: 88064K->0K(175104K)] [ParOldGen: 523555K->521177K(524288K)] 611619K->521177K(699392K), [Metaspace: 43943K->43943K(1087488K)], 0.0601845 secs] [Times: user=0.56 sys=0.00, real=0.06 secs] 
2016-09-25T22:23:27.353-0400: 93.563: [Full GC (Ergonomics) [PSYoungGen: 88064K->9466K(175104K)] [ParOldGen: 521404K->522090K(524288K)] 609468K->531557K(699392K), [Metaspace: 43943K->43943K(1087488K)], 0.1129420 secs] [Times: user=1.53 sys=0.00, real=0.12 secs] 
2016-09-25T22:23:27.507-0400: 93.718: [Full GC (Ergonomics) [PSYoungGen: 88064K->5483K(175104K)] [ParOldGen: 522223K->523667K(524288K)] 610287K->529151K(699392K), [Metaspace: 43943K->43943K(1087488K)], 0.1618754 secs] [Times: user=2.29 sys=0.00, real=0.16 secs] 
2016-09-25T22:23:27.712-0400: 93.922: [Full GC (Ergonomics) [PSYoungGen: 88063K->2701K(175104K)] [ParOldGen: 523752K->524118K(524288K)] 611816K->526819K(699392K), [Metaspace: 43943K->43943K(1087488K)], 0.1462846 secs] [Times: user=2.16 sys=0.00, real=0.15 secs] 
2016-09-25T22:23:27.899-0400: 94.109: [Full GC (Ergonomics) [PSYoungGen: 87231K->2772K(175104K)] [ParOldGen: 524118K->523199K(524288K)] 611349K->525971K(699392K), [Metaspace: 43943K->43943K(1087488K)], 0.1500227 secs] [Times: user=2.20 sys=0.02, real=0.15 secs] 
2016-09-25T22:23:28.090-0400: 94.300: [Full GC (Ergonomics) [PSYoungGen: 88033K->4050K(175104K)] [ParOldGen: 523199K->523598K(524288K)] 611232K->527648K(699392K), [Metaspace: 43943K->43943K(1087488K)], 0.1458048 secs] [Times: user=2.15 sys=0.01, real=0.15 secs] 
2016-09-25T22:23:28.275-0400: 94.485: [Full GC (Ergonomics) [PSYoungGen: 87025K->2703K(175104K)] [ParOldGen: 523598K->522572K(524288K)] 610623K->525275K(699392K), [Metaspace: 43943K->43943K(1087488K)], 0.1431643 secs] [Times: user=2.05 sys=0.01, real=0.14 secs] 
2016-09-25T22:23:28.457-0400: 94.667: [Full GC (Ergonomics) [PSYoungGen: 88064K->9456K(175104K)] [ParOldGen: 522814K->521731K(524288K)] 610878K->531187K(699392K), [Metaspace: 43943K->43943K(1087488K)], 0.1463681 secs] [Times: user=2.13 sys=0.02, real=0.15 secs] 
2016-09-25T22:23:28.652-0400: 94.862: [Full GC (Ergonomics) [PSYoungGen: 88064K->2767K(175104K)] [ParOldGen: 523115K->523431K(524288K)] 611179K->526199K(699392K), [Metaspace: 43943K->43943K(1087488K)], 0.1588402 secs] [Times: user=2.39 sys=0.01, real=0.16 secs] 
2016-09-25T22:23:28.855-0400: 95.065: [Full GC (Ergonomics) [PSYoungGen: 88064K->4051K(175104K)] [ParOldGen: 523447K->522549K(524288K)] 611511K->526600K(699392K), [Metaspace: 43944K->43944K(1087488K)], 0.1440807 secs] [Times: user=2.11 sys=0.00, real=0.14 secs] 
2016-09-25T22:23:29.041-0400: 95.252: [Full GC (Ergonomics) [PSYoungGen: 88064K->0K(175104K)] [ParOldGen: 522552K->523176K(524288K)] 610616K->523176K(699392K), [Metaspace: 43944K->43944K(1087488K)], 0.0610933 secs] [Times: user=0.65 sys=0.00, real=0.07 secs] 
2016-09-25T22:23:29.145-0400: 95.355: [Full GC (Ergonomics) [PSYoungGen: 87249K->1350K(175104K)] [ParOldGen: 523176K->523417K(524288K)] 610426K->524767K(699392K), [Metaspace: 43944K->43944K(1087488K)], 0.1690729 secs] [Times: user=2.39 sys=0.01, real=0.17 secs] 
2016-09-25T22:23:29.352-0400: 95.562: [Full GC (Ergonomics) [PSYoungGen: 88064K->6823K(175104K)] [ParOldGen: 523536K->523710K(524288K)] 611600K->530533K(699392K), [Metaspace: 43944K->43944K(1087488K)], 0.1557097 secs] [Times: user=2.31 sys=0.01, real=0.16 secs] 
2016-09-25T22:23:29.544-0400: 95.754: [Full GC (Ergonomics) [PSYoungGen: 88064K->15013K(175104K)] [ParOldGen: 523826K->524149K(524288K)] 611890K->539162K(699392K), [Metaspace: 43944K->43944K(1087488K)], 0.1635608 secs] [Times: user=2.46 sys=0.02, real=0.16 secs] 
2016-09-25T22:23:29.742-0400: 95.952: [Full GC (Ergonomics) [PSYoungGen: 86808K->13561K(175104K)] [ParOldGen: 524149K->523169K(524288K)] 610957K->536730K(699392K), [Metaspace: 43944K->43944K(1087488K)], 0.1543439 secs] [Times: user=2.27 sys=0.02, real=0.16 secs] 
2016-09-25T22:23:29.936-0400: 96.146: [Full GC (Ergonomics) [PSYoungGen: 88064K->6823K(175104K)] [ParOldGen: 523237K->522166K(524288K)] 611301K->528989K(699392K), [Metaspace: 43944K->43944K(1087488K)], 0.1491410 secs] [Times: user=2.16 sys=0.01, real=0.15 secs] 
2016-09-25T22:23:30.120-0400: 96.331: [Full GC (Ergonomics) [PSYoungGen: 88064K->5407K(175104K)] [ParOldGen: 522216K->523906K(524288K)] 610280K->529314K(699392K), [Metaspace: 43944K->43944K(1087488K)], 0.1650507 secs] [Times: user=2.42 sys=0.02, real=0.17 secs] 
2016-09-25T22:23:30.322-0400: 96.533: [Full GC (Ergonomics) [PSYoungGen: 87469K->8289K(175104K)] [ParOldGen: 523906K->524274K(524288K)] 611376K->532563K(699392K), [Metaspace: 43944K->43944K(1087488K)], 0.1554698 secs] [Times: user=2.23 sys=0.01, real=0.15 secs] 
2016-09-25T22:23:30.524-0400: 96.734: [Full GC (Ergonomics) [PSYoungGen: 86767K->5595K(175104K)] [ParOldGen: 524274K->521994K(524288K)] 611041K->527590K(699392K), [Metaspace: 43944K->43944K(1087488K)], 0.1493295 secs] [Times: user=2.22 sys=0.01, real=0.14 secs] 
2016-09-25T22:23:30.709-0400: 96.920: [Full GC (Ergonomics) [PSYoungGen: 88064K->6887K(175104K)] [ParOldGen: 522018K->523739K(524288K)] 610082K->530627K(699392K), [Metaspace: 43944K->43944K(1087488K)], 0.1527084 secs] [Times: user=2.25 sys=0.01, real=0.16 secs] 
2016-09-25T22:23:30.895-0400: 97.106: [Full GC (Ergonomics) [PSYoungGen: 88064K->16354K(175104K)] [ParOldGen: 523840K->522766K(524288K)] 611904K->539120K(699392K), [Metaspace: 43944K->43944K(1087488K)], 0.1578472 secs] [Times: user=2.25 sys=0.01, real=0.15 secs] 
2016-09-25T22:23:31.088-0400: 97.298: [Full GC (Ergonomics) [PSYoungGen: 86123K->10887K(175104K)] [ParOldGen: 522766K->523240K(524288K)] 608889K->534127K(699392K), [Metaspace: 43944K->43944K(1087488K)], 0.1559816 secs] [Times: user=2.23 sys=0.01, real=0.16 secs] 
2016-09-25T22:23:31.285-0400: 97.496: [Full GC (Ergonomics) [PSYoungGen: 86565K->8181K(175104K)] [ParOldGen: 523240K->523653K(524288K)] 609805K->531834K(699392K), [Metaspace: 43946K->43946K(1087488K)], 0.1435336 secs] [Times: user=2.10 sys=0.01, real=0.14 secs] 
2016-09-25T22:23:31.465-0400: 97.675: [Full GC (Ergonomics) [PSYoungGen: 88064K->10961K(175104K)] [ParOldGen: 523774K->523898K(524288K)] 611838K->534860K(699392K), [Metaspace: 43946K->43946K(1087488K)], 0.1548732 secs] [Times: user=2.19 sys=0.02, real=0.15 secs] 
2016-09-25T22:23:31.654-0400: 97.865: [Full GC (Ergonomics) [PSYoungGen: 87053K->16448K(175104K)] [ParOldGen: 523898K->524235K(524288K)] 610951K->540684K(699392K), [Metaspace: 43946K->43946K(1087488K)], 0.1610946 secs] [Times: user=2.24 sys=0.03, real=0.16 secs] 
2016-09-25T22:23:31.845-0400: 98.055: [Full GC (Ergonomics) [PSYoungGen: 87550K->13564K(175104K)] [ParOldGen: 524235K->522022K(524288K)] 611786K->535587K(699392K), [Metaspace: 43946K->43946K(1087488K)], 0.1568197 secs] [Times: user=2.31 sys=0.02, real=0.15 secs] 
2016-09-25T22:23:32.042-0400: 98.252: [Full GC (Ergonomics) [PSYoungGen: 88064K->9532K(175104K)] [ParOldGen: 522047K->523677K(524288K)] 610111K->533209K(699392K), [Metaspace: 43946K->43946K(1087488K)], 0.1512637 secs] [Times: user=2.22 sys=0.01, real=0.15 secs] 
2016-09-25T22:23:32.231-0400: 98.441: [Full GC (Ergonomics) [PSYoungGen: 88064K->12325K(175104K)] [ParOldGen: 523771K->523982K(524288K)] 611835K->536308K(699392K), [Metaspace: 43946K->43946K(1087488K)], 0.1645614 secs] [Times: user=2.44 sys=0.02, real=0.17 secs] 
2016-09-25T22:23:32.437-0400: 98.647: [Full GC (Ergonomics) [PSYoungGen: 86273K->10956K(175104K)] [ParOldGen: 523982K->523094K(524288K)] 610255K->534050K(699392K), [Metaspace: 43946K->43946K(1087488K)], 0.1660899 secs] [Times: user=2.39 sys=0.00, real=0.17 secs] 
2016-09-25T22:23:32.641-0400: 98.851: [Full GC (Ergonomics) [PSYoungGen: 88064K->9579K(175104K)] [ParOldGen: 523153K->523134K(524288K)] 611217K->532713K(699392K), [Metaspace: 43946K->43946K(1087488K)], 0.1544067 secs] [Times: user=2.29 sys=0.00, real=0.16 secs] 
2016-09-25T22:23:32.838-0400: 99.048: [Full GC (Ergonomics) [PSYoungGen: 87028K->6751K(175104K)] [ParOldGen: 523134K->522374K(524288K)] 610162K->529126K(699392K), [Metaspace: 43946K->43946K(1087488K)], 0.1556711 secs] [Times: user=2.27 sys=0.00, real=0.15 secs] 
2016-09-25T22:23:33.036-0400: 99.246: [Full GC (Ergonomics) [PSYoungGen: 88064K->10977K(175104K)] [ParOldGen: 522396K->523841K(524288K)] 610460K->534819K(699392K), [Metaspace: 43946K->43946K(1087488K)], 0.1664284 secs] [Times: user=2.39 sys=0.02, real=0.17 secs] 
2016-09-25T22:23:33.243-0400: 99.453: [Full GC (Ergonomics) [PSYoungGen: 88064K->17724K(175104K)] [ParOldGen: 523908K->522964K(524288K)] 611972K->540689K(699392K), [Metaspace: 43946K->43946K(1087488K)], 0.1562705 secs] [Times: user=2.31 sys=0.02, real=0.15 secs] 
2016-09-25T22:23:33.439-0400: 99.649: [Full GC (Ergonomics) [PSYoungGen: 88064K->5595K(175104K)] [ParOldGen: 522985K->522135K(524288K)] 611049K->527731K(699392K), [Metaspace: 43946K->43946K(1087488K)], 0.1538337 secs] [Times: user=2.25 sys=0.01, real=0.15 secs] 
2016-09-25T22:23:33.627-0400: 99.837: [Full GC (Ergonomics) [PSYoungGen: 86717K->13720K(175104K)] [ParOldGen: 522135K->522289K(524288K)] 608852K->536009K(699392K), [Metaspace: 43946K->43946K(1087488K)], 0.1464229 secs] [Times: user=2.13 sys=0.01, real=0.14 secs] 
2016-09-25T22:23:33.809-0400: 100.019: [Full GC (Ergonomics) [PSYoungGen: 87252K->19149K(175104K)] [ParOldGen: 523639K->522817K(524288K)] 610891K->541966K(699392K), [Metaspace: 43946K->43946K(1087488K)], 0.1530888 secs] [Times: user=2.24 sys=0.01, real=0.15 secs] 
2016-09-25T22:23:34.002-0400: 100.212: [Full GC (Ergonomics) [PSYoungGen: 87727K->10965K(175104K)] [ParOldGen: 524167K->523093K(524288K)] 611894K->534058K(699392K), [Metaspace: 43946K->43946K(1087488K)], 0.1431607 secs] [Times: user=2.07 sys=0.02, real=0.14 secs] 
2016-09-25T22:23:34.176-0400: 100.386: [Full GC (Ergonomics) [PSYoungGen: 88064K->23273K(175104K)] [ParOldGen: 523162K->522018K(524288K)] 611226K->545291K(699392K), [Metaspace: 43946K->43946K(1087488K)], 0.1644124 secs] [Times: user=2.35 sys=0.00, real=0.16 secs] 
2016-09-25T22:23:34.379-0400: 100.589: [Full GC (Ergonomics) [PSYoungGen: 86396K->13695K(175104K)] [ParOldGen: 522018K->523791K(524288K)] 608415K->537486K(699392K), [Metaspace: 43946K->43946K(1087488K)], 0.1672694 secs] [Times: user=2.41 sys=0.02, real=0.17 secs] 
2016-09-25T22:23:34.578-0400: 100.789: [Full GC (Ergonomics) [PSYoungGen: 88064K->19004K(175104K)] [ParOldGen: 524001K->524248K(524288K)] 612065K->543253K(699392K), [Metaspace: 43946K->43946K(1087488K)], 0.1518681 secs] [Times: user=2.05 sys=0.03, real=0.15 secs] 
2016-09-25T22:23:34.768-0400: 100.978: [Full GC (Ergonomics) [PSYoungGen: 88064K->21875K(175104K)] [ParOldGen: 524288K->521755K(524288K)] 612352K->543630K(699392K), [Metaspace: 43946K->43946K(1087488K)], 0.1658340 secs] [Times: user=2.45 sys=0.02, real=0.16 secs] 
2016-09-25T22:23:34.972-0400: 101.183: [Full GC (Ergonomics) [PSYoungGen: 88064K->8361K(175104K)] [ParOldGen: 522758K->523364K(524288K)] 610822K->531725K(699392K), [Metaspace: 43946K->43946K(1087488K)], 0.1518715 secs] [Times: user=2.27 sys=0.00, real=0.16 secs] 
2016-09-25T22:23:35.150-0400: 101.360: [Full GC (Ergonomics) [PSYoungGen: 88064K->25942K(175104K)] [ParOldGen: 524080K->522571K(524288K)] 612144K->548513K(699392K), [Metaspace: 43946K->43946K(1087488K)], 0.1546981 secs] [Times: user=2.30 sys=0.01, real=0.16 secs] 
2016-09-25T22:23:35.344-0400: 101.554: [Full GC (Ergonomics) [PSYoungGen: 85455K->16334K(175104K)] [ParOldGen: 522571K->522866K(524288K)] 608026K->539200K(699392K), [Metaspace: 43946K->43946K(1087488K)], 0.1549886 secs] [Times: user=2.28 sys=0.00, real=0.15 secs] 
2016-09-25T22:23:35.530-0400: 101.740: [Full GC (Ergonomics) [PSYoungGen: 86878K->26010K(175104K)] [ParOldGen: 522866K->521710K(524288K)] 609745K->547720K(699392K), [Metaspace: 43946K->43946K(1087488K)], 0.1491505 secs] [Times: user=2.19 sys=0.00, real=0.15 secs] 
2016-09-25T22:23:35.714-0400: 101.924: [Full GC (Ergonomics) [PSYoungGen: 88064K->19153K(175104K)] [ParOldGen: 523116K->523454K(524288K)] 611180K->542607K(699392K), [Metaspace: 43946K->43946K(1087488K)], 0.1627182 secs] [Times: user=2.32 sys=0.01, real=0.17 secs] 
2016-09-25T22:23:35.919-0400: 102.129: [Full GC (Ergonomics) [PSYoungGen: 85812K->16563K(175104K)] [ParOldGen: 523454K->523729K(524288K)] 609266K->540293K(699392K), [Metaspace: 43946K->43946K(1087488K)], 0.1524547 secs] [Times: user=2.25 sys=0.01, real=0.15 secs] 
2016-09-25T22:23:36.105-0400: 102.315: [Full GC (Ergonomics) [PSYoungGen: 88064K->23287K(175104K)] [ParOldGen: 523837K->522760K(524288K)] 611901K->546047K(699392K), [Metaspace: 43946K->43946K(1087488K)], 0.1538430 secs] [Times: user=2.27 sys=0.01, real=0.15 secs] 
2016-09-25T22:23:36.295-0400: 102.505: [Full GC (Ergonomics) [PSYoungGen: 86366K->16357K(175104K)] [ParOldGen: 522760K->523376K(524288K)] 609126K->539733K(699392K), [Metaspace: 43946K->43946K(1087488K)], 0.1677820 secs] [Times: user=2.40 sys=0.02, real=0.17 secs] 
2016-09-25T22:23:36.501-0400: 102.711: [Full GC (Ergonomics) [PSYoungGen: 88064K->19297K(175104K)] [ParOldGen: 523404K->522083K(524288K)] 611468K->541381K(699392K), [Metaspace: 43946K->43946K(1087488K)], 0.1518242 secs] [Times: user=2.22 sys=0.01, real=0.15 secs] 
2016-09-25T22:23:36.685-0400: 102.895: [Full GC (Ergonomics) [PSYoungGen: 87114K->25860K(175104K)] [ParOldGen: 522083K->524083K(524288K)] 609197K->549944K(699392K), [Metaspace: 43949K->43949K(1087488K)], 0.1519914 secs] [Times: user=2.22 sys=0.00, real=0.15 secs] 
2016-09-25T22:23:36.873-0400: 103.083: [Full GC (Ergonomics) [PSYoungGen: 87187K->11080K(175104K)] [ParOldGen: 524083K->523044K(524288K)] 611271K->534124K(699392K), [Metaspace: 43949K->43949K(1087488K)], 0.1489318 secs] [Times: user=2.19 sys=0.02, real=0.15 secs] 
2016-09-25T22:23:37.056-0400: 103.266: [Full GC (Ergonomics) [PSYoungGen: 87888K->18005K(175104K)] [ParOldGen: 523044K->523253K(524288K)] 610932K->541259K(699392K), [Metaspace: 43949K->43949K(1087488K)], 0.1474230 secs] [Times: user=2.19 sys=0.01, real=0.15 secs] 
2016-09-25T22:23:37.241-0400: 103.451: [Full GC (Ergonomics) [PSYoungGen: 85413K->19159K(175104K)] [ParOldGen: 523253K->523808K(524288K)] 608667K->542967K(699392K), [Metaspace: 43949K->43949K(1087488K)], 0.1612329 secs] [Times: user=2.39 sys=0.01, real=0.17 secs] 
2016-09-25T22:23:37.434-0400: 103.645: [Full GC (Ergonomics) [PSYoungGen: 88064K->23446K(175104K)] [ParOldGen: 523939K->522599K(524288K)] 612003K->546045K(699392K), [Metaspace: 43949K->43949K(1087488K)], 0.1603583 secs] [Times: user=2.34 sys=0.03, real=0.16 secs] 
2016-09-25T22:23:37.636-0400: 103.847: [Full GC (Ergonomics) [PSYoungGen: 86137K->23171K(175104K)] [ParOldGen: 522599K->523189K(524288K)] 608736K->546360K(699392K), [Metaspace: 43949K->43949K(1087488K)], 0.1608627 secs] [Times: user=2.37 sys=0.00, real=0.16 secs] 
2016-09-25T22:23:37.837-0400: 104.047: [Full GC (Ergonomics) [PSYoungGen: 88064K->20793K(175104K)] [ParOldGen: 523285K->523279K(524288K)] 611349K->544073K(699392K), [Metaspace: 43949K->43949K(1087488K)], 0.1562711 secs] [Times: user=2.19 sys=0.01, real=0.15 secs] 
2016-09-25T22:23:38.026-0400: 104.236: [Full GC (Ergonomics) [PSYoungGen: 88064K->26036K(175104K)] [ParOldGen: 523616K->523950K(524288K)] 611680K->549986K(699392K), [Metaspace: 43955K->43955K(1087488K)], 0.1569090 secs] [Times: user=2.35 sys=0.00, real=0.16 secs] 
2016-09-25T22:23:38.222-0400: 104.432: [Full GC (Ergonomics) [PSYoungGen: 88064K->17890K(175104K)] [ParOldGen: 523973K->522984K(524288K)] 612037K->540874K(699392K), [Metaspace: 43955K->43955K(1087488K)], 0.1529889 secs] [Times: user=2.29 sys=0.01, real=0.16 secs] 
2016-09-25T22:23:38.405-0400: 104.615: [Full GC (Ergonomics) [PSYoungGen: 88064K->20785K(175104K)] [ParOldGen: 523807K->523571K(524288K)] 611871K->544356K(699392K), [Metaspace: 43955K->43955K(1087488K)], 0.1643740 secs] [Times: user=2.49 sys=0.02, real=0.16 secs] 
2016-09-25T22:23:38.600-0400: 104.810: [Full GC (Ergonomics) [PSYoungGen: 88064K->23473K(175104K)] [ParOldGen: 523990K->523865K(524288K)] 612054K->547339K(699392K), [Metaspace: 43955K->43955K(1087488K)], 0.1578236 secs] [Times: user=2.30 sys=0.00, real=0.16 secs] 
2016-09-25T22:23:38.801-0400: 105.011: [Full GC (Ergonomics) [PSYoungGen: 87753K->18212K(175104K)] [ParOldGen: 523865K->523150K(524288K)] 611618K->541362K(699392K), [Metaspace: 43955K->43955K(1087488K)], 0.1517614 secs] [Times: user=2.23 sys=0.02, real=0.15 secs] 
2016-09-25T22:23:38.984-0400: 105.194: [Full GC (Ergonomics) [PSYoungGen: 88064K->24841K(175104K)] [ParOldGen: 523211K->522017K(524288K)] 611275K->546858K(699392K), [Metaspace: 43955K->43955K(1087488K)], 0.1544289 secs] [Times: user=2.28 sys=0.01, real=0.15 secs] 
2016-09-25T22:23:39.183-0400: 105.394: [Full GC (Ergonomics) [PSYoungGen: 88064K->22273K(175104K)] [ParOldGen: 522077K->522322K(524288K)] 610141K->544596K(699392K), [Metaspace: 43957K->43957K(1087488K)], 0.1860634 secs] [Times: user=2.40 sys=0.03, real=0.18 secs] 
2016-09-25T22:23:39.406-0400: 105.617: [Full GC (Ergonomics) [PSYoungGen: 88064K->25067K(175104K)] [ParOldGen: 522336K->522793K(524288K)] 610400K->547860K(699392K), [Metaspace: 43957K->43957K(1087488K)], 0.1532970 secs] [Times: user=2.25 sys=0.01, real=0.15 secs] 
2016-09-25T22:23:39.595-0400: 105.805: [Full GC (Ergonomics) [PSYoungGen: 88064K->27592K(175104K)] [ParOldGen: 522802K->523615K(524288K)] 610866K->551207K(699392K), [Metaspace: 43957K->43957K(1087488K)], 0.1601841 secs] [Times: user=2.36 sys=0.00, real=0.16 secs] 
2016-09-25T22:23:39.790-0400: 106.000: [Full GC (Ergonomics) [PSYoungGen: 86849K->19633K(175104K)] [ParOldGen: 523615K->523933K(524288K)] 610464K->543566K(699392K), [Metaspace: 43965K->43965K(1087488K)], 0.1595417 secs] [Times: user=2.20 sys=0.02, real=0.16 secs] 
2016-09-25T22:23:39.997-0400: 106.207: [Full GC (Ergonomics) [PSYoungGen: 88064K->32052K(175104K)] [ParOldGen: 524028K->522832K(524288K)] 612092K->554884K(699392K), [Metaspace: 43965K->43965K(1087488K)], 0.1520787 secs] [Times: user=2.20 sys=0.02, real=0.15 secs] 
2016-09-25T22:23:40.182-0400: 106.392: [Full GC (Ergonomics) [PSYoungGen: 86959K->25272K(175104K)] [ParOldGen: 524182K->522010K(524288K)] 611141K->547283K(699392K), [Metaspace: 43965K->43965K(1087488K)], 0.1596319 secs] [Times: user=2.36 sys=0.00, real=0.16 secs] 
2016-09-25T22:23:40.369-0400: 106.579: [Full GC (Ergonomics) [PSYoungGen: 86726K->30620K(175104K)] [ParOldGen: 522010K->522616K(524288K)] 608736K->553236K(699392K), [Metaspace: 43965K->43965K(1087488K)], 0.1529241 secs] [Times: user=2.26 sys=0.00, real=0.16 secs] 
2016-09-25T22:23:40.555-0400: 106.766: [Full GC (Ergonomics) [PSYoungGen: 87571K->25335K(175104K)] [ParOldGen: 523966K->522879K(524288K)] 611538K->548214K(699392K), [Metaspace: 43965K->43965K(1087488K)], 0.1524269 secs] [Times: user=2.25 sys=0.03, real=0.15 secs] 
2016-09-25T22:23:40.741-0400: 106.951: [Full GC (Ergonomics) [PSYoungGen: 86893K->30702K(175104K)] [ParOldGen: 522879K->523479K(524288K)] 609772K->554181K(699392K), [Metaspace: 43965K->43965K(1087488K)], 0.1499597 secs] [Times: user=2.17 sys=0.00, real=0.15 secs] 
2016-09-25T22:23:40.920-0400: 107.131: [Full GC (Ergonomics) [PSYoungGen: 88064K->33262K(175104K)] [ParOldGen: 523563K->524037K(524288K)] 611627K->557299K(699392K), [Metaspace: 43965K->43965K(1087488K)], 0.1590679 secs] [Times: user=2.33 sys=0.00, real=0.16 secs] 
2016-09-25T22:23:41.113-0400: 107.324: [Full GC (Ergonomics) [PSYoungGen: 88064K->30580K(175104K)] [ParOldGen: 524054K->521826K(524288K)] 612118K->552407K(699392K), [Metaspace: 43965K->43965K(1087488K)], 0.1612224 secs] [Times: user=2.25 sys=0.01, real=0.17 secs] 
2016-09-25T22:23:41.301-0400: 107.511: [Full GC (Ergonomics) [PSYoungGen: 88064K->35962K(175104K)] [ParOldGen: 522362K->522374K(524288K)] 610426K->558337K(699392K), [Metaspace: 43968K->43968K(1087488K)], 0.1577044 secs] [Times: user=2.36 sys=0.00, real=0.16 secs] 
2016-09-25T22:23:41.493-0400: 107.703: [Full GC (Ergonomics) [PSYoungGen: 88064K->27736K(175104K)] [ParOldGen: 523739K->522875K(524288K)] 611803K->550612K(699392K), [Metaspace: 43968K->43968K(1087488K)], 0.1582996 secs] [Times: user=2.32 sys=0.00, real=0.16 secs] 
2016-09-25T22:23:41.680-0400: 107.890: [Full GC (Ergonomics) [PSYoungGen: 85940K->34781K(175104K)] [ParOldGen: 522875K->521802K(524288K)] 608816K->556583K(699392K), [Metaspace: 43969K->43969K(1087488K)], 0.1554406 secs] [Times: user=2.27 sys=0.00, real=0.16 secs] 
2016-09-25T22:23:41.871-0400: 108.081: [Full GC (Ergonomics) [PSYoungGen: 87522K->33285K(175104K)] [ParOldGen: 523152K->523717K(524288K)] 610675K->557002K(699392K), [Metaspace: 43970K->43970K(1087488K)], 0.1707213 secs] [Times: user=2.49 sys=0.02, real=0.17 secs] 
2016-09-25T22:23:42.068-0400: 108.279: [Full GC (Ergonomics) [PSYoungGen: 88064K->40300K(175104K)] [ParOldGen: 523817K->522442K(524288K)] 611881K->562742K(699392K), [Metaspace: 43970K->43970K(1087488K)], 0.1591452 secs] [Times: user=2.10 sys=0.01, real=0.16 secs] 
2016-09-25T22:23:42.257-0400: 108.467: [Full GC (Ergonomics) [PSYoungGen: 88064K->32274K(175104K)] [ParOldGen: 522748K->521632K(524288K)] 610812K->553906K(699392K), [Metaspace: 43970K->43970K(1087488K)], 0.1664346 secs] [Times: user=2.44 sys=0.01, real=0.17 secs] 
2016-09-25T22:23:42.454-0400: 108.664: [Full GC (Ergonomics) [PSYoungGen: 87249K->33669K(175104K)] [ParOldGen: 521632K->521772K(524288K)] 608881K->555441K(699392K), [Metaspace: 43970K->43970K(1087488K)], 0.1653046 secs] [Times: user=2.20 sys=0.02, real=0.17 secs] 
2016-09-25T22:23:42.650-0400: 108.860: [Full GC (Ergonomics) [PSYoungGen: 88064K->30609K(175104K)] [ParOldGen: 521836K->523922K(524288K)] 609900K->554532K(699392K), [Metaspace: 43970K->43970K(1087488K)], 0.1700536 secs] [Times: user=2.44 sys=0.02, real=0.17 secs] 
2016-09-25T22:23:42.848-0400: 109.059: [Full GC (Ergonomics) [PSYoungGen: 85446K->36153K(175104K)] [ParOldGen: 523922K->522744K(524288K)] 609369K->558898K(699392K), [Metaspace: 43970K->43970K(1087488K)], 0.1771733 secs] [Times: user=2.04 sys=0.01, real=0.18 secs] 
2016-09-25T22:23:43.054-0400: 109.264: [Full GC (Ergonomics) [PSYoungGen: 87893K->36257K(175104K)] [ParOldGen: 522744K->523061K(524288K)] 610637K->559318K(699392K), [Metaspace: 43970K->43970K(1087488K)], 0.1746170 secs] [Times: user=2.30 sys=0.02, real=0.18 secs] 
2016-09-25T22:23:43.264-0400: 109.474: [Full GC (Ergonomics) [PSYoungGen: 88064K->38959K(175104K)] [ParOldGen: 523213K->523396K(524288K)] 611277K->562355K(699392K), [Metaspace: 43970K->43970K(1087488K)], 0.1629390 secs] [Times: user=2.06 sys=0.03, real=0.16 secs] 
2016-09-25T22:23:43.463-0400: 109.673: [Full GC (Ergonomics) [PSYoungGen: 85989K->36307K(175104K)] [ParOldGen: 523396K->523742K(524288K)] 609386K->560050K(699392K), [Metaspace: 43970K->43970K(1087488K)], 0.1681212 secs] [Times: user=2.49 sys=0.01, real=0.16 secs] 
2016-09-25T22:23:43.657-0400: 109.868: [Full GC (Ergonomics) [PSYoungGen: 88064K->39036K(175104K)] [ParOldGen: 524175K->524218K(524288K)] 612239K->563254K(699392K), [Metaspace: 43970K->43970K(1087488K)], 0.1653614 secs] [Times: user=2.22 sys=0.00, real=0.17 secs] 
2016-09-25T22:23:43.867-0400: 110.077: [Full GC (Ergonomics) [PSYoungGen: 87612K->30763K(175104K)] [ParOldGen: 524218K->523405K(524288K)] 611830K->554168K(699392K), [Metaspace: 43970K->43970K(1087488K)], 0.1732723 secs] [Times: user=1.92 sys=0.01, real=0.17 secs] 
2016-09-25T22:23:44.073-0400: 110.283: [Full GC (Ergonomics) [PSYoungGen: 85622K->35081K(175104K)] [ParOldGen: 523405K->523469K(524288K)] 609027K->558551K(699392K), [Metaspace: 43970K->43970K(1087488K)], 0.1579440 secs] [Times: user=2.29 sys=0.03, real=0.16 secs] 
2016-09-25T22:23:44.271-0400: 110.481: [Full GC (Ergonomics) [PSYoungGen: 85534K->32485K(175104K)] [ParOldGen: 523469K->523754K(524288K)] 609004K->556239K(699392K), [Metaspace: 43970K->43970K(1087488K)], 0.1725160 secs] [Times: user=2.14 sys=0.00, real=0.18 secs] 
2016-09-25T22:23:44.474-0400: 110.684: [Full GC (Ergonomics) [PSYoungGen: 87674K->40393K(175104K)] [ParOldGen: 523754K->523975K(524288K)] 611429K->564369K(699392K), [Metaspace: 43970K->43970K(1087488K)], 0.1648261 secs] [Times: user=2.15 sys=0.00, real=0.16 secs] 
2016-09-25T22:23:44.662-0400: 110.873: [Full GC (Ergonomics) [PSYoungGen: 88064K->40665K(175104K)] [ParOldGen: 524091K->524144K(524288K)] 612155K->564810K(699392K), [Metaspace: 43970K->43970K(1087488K)], 0.1685700 secs] [Times: user=2.07 sys=0.02, real=0.16 secs] 
2016-09-25T22:23:44.859-0400: 111.069: [Full GC (Ergonomics) [PSYoungGen: 88017K->38540K(175104K)] [ParOldGen: 524144K->524027K(524288K)] 612161K->562568K(699392K), [Metaspace: 43970K->43970K(1087488K)], 0.1614497 secs] [Times: user=1.98 sys=0.02, real=0.16 secs] 
2016-09-25T22:23:45.049-0400: 111.259: [Full GC (Ergonomics) [PSYoungGen: 88064K->38898K(175104K)] [ParOldGen: 524098K->523932K(524288K)] 612162K->562830K(699392K), [Metaspace: 43970K->43970K(1087488K)], 0.1625719 secs] [Times: user=2.30 sys=0.00, real=0.16 secs] 
2016-09-25T22:23:45.235-0400: 111.445: [Full GC (Ergonomics) [PSYoungGen: 87748K->42182K(175104K)] [ParOldGen: 523932K->523836K(524288K)] 611680K->566018K(699392K), [Metaspace: 43970K->43970K(1087488K)], 0.1564765 secs] [Times: user=2.11 sys=0.01, real=0.15 secs] 
2016-09-25T22:23:45.427-0400: 111.637: [Full GC (Ergonomics) [PSYoungGen: 87126K->30481K(175104K)] [ParOldGen: 523836K->523738K(524288K)] 610962K->554220K(699392K), [Metaspace: 43970K->43970K(1087488K)], 0.1627363 secs] [Times: user=2.31 sys=0.01, real=0.16 secs] 
2016-09-25T22:23:45.618-0400: 111.829: [Full GC (Ergonomics) [PSYoungGen: 86586K->37114K(175104K)] [ParOldGen: 523738K->524264K(524288K)] 610325K->561378K(699392K), [Metaspace: 43970K->43970K(1087488K)], 0.1800304 secs] [Times: user=2.46 sys=0.02, real=0.18 secs] 
2016-09-25T22:23:45.825-0400: 112.035: [Full GC (Ergonomics) [PSYoungGen: 88064K->33507K(175104K)] [ParOldGen: 524287K->524170K(524288K)] 612351K->557678K(699392K), [Metaspace: 43970K->43970K(1087488K)], 0.1738026 secs] [Times: user=2.25 sys=0.01, real=0.17 secs] 
2016-09-25T22:23:46.035-0400: 112.246: [Full GC (Ergonomics) [PSYoungGen: 88064K->31546K(175104K)] [ParOldGen: 524186K->524064K(524288K)] 612250K->555610K(699392K), [Metaspace: 43970K->43970K(1087488K)], 0.2377844 secs] [Times: user=3.18 sys=0.00, real=0.23 secs] 
2016-09-25T22:23:46.321-0400: 112.531: [Full GC (Ergonomics) [PSYoungGen: 87523K->36081K(175104K)] [ParOldGen: 524064K->523959K(524288K)] 611588K->560040K(699392K), [Metaspace: 43970K->43970K(1087488K)], 0.1739615 secs] [Times: user=2.51 sys=0.02, real=0.18 secs] 
2016-09-25T22:23:46.520-0400: 112.730: [Full GC (Ergonomics) [PSYoungGen: 88064K->34722K(175104K)] [ParOldGen: 524220K->521948K(524288K)] 612284K->556671K(699392K), [Metaspace: 43970K->43970K(1087488K)], 0.1979800 secs] [Times: user=2.81 sys=0.04, real=0.20 secs] 
2016-09-25T22:23:46.748-0400: 112.958: [Full GC (Ergonomics) [PSYoungGen: 88063K->19384K(175104K)] [ParOldGen: 521965K->524233K(524288K)] 610029K->543617K(699392K), [Metaspace: 43972K->43972K(1087488K)], 0.1503185 secs] [Times: user=2.04 sys=0.01, real=0.15 secs] 
2016-09-25T22:23:46.937-0400: 113.147: [Full GC (Ergonomics) [PSYoungGen: 88064K->20571K(175104K)] [ParOldGen: 524287K->523540K(524288K)] 612351K->544111K(699392K), [Metaspace: 43972K->43972K(1087488K)], 0.1568610 secs] [Times: user=2.08 sys=0.02, real=0.16 secs] 
2016-09-25T22:23:47.136-0400: 113.346: [Full GC (Ergonomics) [PSYoungGen: 86349K->21982K(175104K)] [ParOldGen: 523540K->524204K(524288K)] 609890K->546187K(699392K), [Metaspace: 43972K->43972K(1087488K)], 0.1817396 secs] [Times: user=2.00 sys=0.02, real=0.18 secs] 
2016-09-25T22:23:47.358-0400: 113.568: [Full GC (Ergonomics) [PSYoungGen: 87853K->18210K(175104K)] [ParOldGen: 524204K->522966K(524288K)] 612058K->541176K(699392K), [Metaspace: 43972K->43972K(1087488K)], 0.1710953 secs] [Times: user=2.08 sys=0.01, real=0.17 secs] 
2016-09-25T22:23:47.565-0400: 113.775: [Full GC (Ergonomics) [PSYoungGen: 88064K->24776K(175104K)] [ParOldGen: 523020K->523667K(524288K)] 611084K->548443K(699392K), [Metaspace: 43972K->43972K(1087488K)], 0.1607348 secs] [Times: user=2.23 sys=0.03, real=0.16 secs] 
2016-09-25T22:23:47.758-0400: 113.969: [Full GC (Ergonomics) [PSYoungGen: 88064K->20741K(175104K)] [ParOldGen: 523729K->524077K(524288K)] 611793K->544818K(699392K), [Metaspace: 43972K->43972K(1087488K)], 0.1667081 secs] [Times: user=2.37 sys=0.04, real=0.17 secs] 
2016-09-25T22:23:47.966-0400: 114.176: [Full GC (Ergonomics) [PSYoungGen: 87689K->23464K(175104K)] [ParOldGen: 524077K->523259K(524288K)] 611766K->546723K(699392K), [Metaspace: 43972K->43972K(1087488K)], 0.1950086 secs] [Times: user=2.64 sys=0.03, real=0.19 secs] 
2016-09-25T22:23:48.198-0400: 114.408: [Full GC (Ergonomics) [PSYoungGen: 86296K->19340K(175104K)] [ParOldGen: 523259K->523887K(524288K)] 609555K->543228K(699392K), [Metaspace: 43972K->43972K(1087488K)], 0.1522520 secs] [Times: user=2.14 sys=0.01, real=0.15 secs] 
2016-09-25T22:23:48.395-0400: 114.605: [Full GC (Ergonomics) [PSYoungGen: 86729K->23509K(175104K)] [ParOldGen: 523887K->522840K(524288K)] 610616K->546349K(699392K), [Metaspace: 43972K->43972K(1087488K)], 0.1872813 secs] [Times: user=2.62 sys=0.01, real=0.19 secs] 
2016-09-25T22:23:48.617-0400: 114.828: [Full GC (Ergonomics) [PSYoungGen: 88064K->24885K(175104K)] [ParOldGen: 522901K->521964K(524288K)] 610965K->546850K(699392K), [Metaspace: 43972K->43972K(1087488K)], 0.1596932 secs] [Times: user=2.30 sys=0.02, real=0.16 secs] 
2016-09-25T22:23:48.820-0400: 115.030: [Full GC (Ergonomics) [PSYoungGen: 88064K->20796K(175104K)] [ParOldGen: 523357K->523997K(524288K)] 611421K->544794K(699392K), [Metaspace: 43980K->43980K(1087488K)], 0.1885960 secs] [Times: user=2.86 sys=0.01, real=0.19 secs] 
2016-09-25T22:23:49.047-0400: 115.257: [Full GC (Ergonomics) [PSYoungGen: 87992K->23501K(175104K)] [ParOldGen: 523997K->521647K(524288K)] 611989K->545148K(699392K), [Metaspace: 43980K->43980K(1087488K)], 0.1727623 secs] [Times: user=2.47 sys=0.01, real=0.17 secs] 
2016-09-25T22:23:49.807-0400: 116.018: [Full GC (Ergonomics) [PSYoungGen: 88064K->0K(175104K)] [ParOldGen: 521718K->510591K(524288K)] 609782K->510591K(699392K), [Metaspace: 44013K->44013K(1087488K)], 0.0654077 secs] [Times: user=0.70 sys=0.02, real=0.06 secs] 
2016-09-25T22:23:55.655-0400: 121.865: [Full GC (Ergonomics) [PSYoungGen: 88064K->0K(175104K)] [ParOldGen: 510591K->515305K(524288K)] 598655K->515305K(699392K), [Metaspace: 44023K->44023K(1087488K)], 0.1358391 secs] [Times: user=1.33 sys=0.02, real=0.13 secs] 
2016-09-25T22:24:01.127-0400: 127.337: [Full GC (Ergonomics) [PSYoungGen: 88064K->0K(175104K)] [ParOldGen: 515305K->515881K(524288K)] 603369K->515881K(699392K), [Metaspace: 44025K->44025K(1087488K)], 0.1822224 secs] [Times: user=1.17 sys=0.07, real=0.18 secs] 
2016-09-25T22:24:06.855-0400: 133.065: [Full GC (Ergonomics) [PSYoungGen: 88064K->0K(175104K)] [ParOldGen: 515881K->511184K(524288K)] 603945K->511184K(699392K), [Metaspace: 44033K->44033K(1087488K)], 0.1041257 secs] [Times: user=0.76 sys=0.01, real=0.10 secs] 
2016-09-25T22:24:12.157-0400: 138.368: [Full GC (Ergonomics) [PSYoungGen: 88064K->0K(175104K)] [ParOldGen: 511184K->488539K(524288K)] 599248K->488539K(699392K), [Metaspace: 44058K->44058K(1087488K)], 0.1304759 secs] [Times: user=1.13 sys=0.08, real=0.13 secs] 
2016-09-25T22:24:17.496-0400: 143.706: [GC (Allocation Failure) [PSYoungGen: 88064K->21701K(175104K)] 576603K->510248K(699392K), 0.0133128 secs] [Times: user=0.12 sys=0.01, real=0.01 secs] 
