Java HotSpot(TM) 64-Bit Server VM (25.77-b03) for linux-amd64 JRE (1.8.0_77-b03), built on Mar 20 2016 22:00:46 by "java_re" with gcc 4.3.0 20080428 (Red Hat 4.3.0-8)
Memory: 4k page, physical 264122324k(97692812k free), swap 268399612k(268246076k free)
CommandLine flags: -XX:GCLogFileSize=1048576 -XX:+HeapDumpOnOutOfMemoryError -XX:HeapDumpPath=artifacts/heapdump -XX:InitialHeapSize=805306368 -XX:MaxHeapSize=805306368 -XX:NumberOfGCLogFiles=10 -XX:+PrintGC -XX:+PrintGCDateStamps -XX:+PrintGCDetails -XX:+PrintGCTimeStamps -XX:+UseCompressedClassPointers -XX:+UseCompressedOops -XX:+UseGCLogFileRotation -XX:+UseParallelGC 
2016-09-13T20:18:09.228-0400: 2.213: [GC (Metadata GC Threshold) [PSYoungGen: 121897K->15491K(229376K)] 121897K->15579K(753664K), 0.0197731 secs] [Times: user=0.09 sys=0.03, real=0.02 secs] 
2016-09-13T20:18:09.248-0400: 2.233: [Full GC (Metadata GC Threshold) [PSYoungGen: 15491K->0K(229376K)] [ParOldGen: 88K->14597K(347648K)] 15579K->14597K(577024K), [Metaspace: 21051K->21051K(1067008K)], 0.0435438 secs] [Times: user=0.33 sys=0.00, real=0.04 secs] 
2016-09-13T20:18:18.299-0400: 11.284: [GC (Metadata GC Threshold) [PSYoungGen: 126187K->14749K(229376K)] 140784K->29483K(577024K), 0.0159528 secs] [Times: user=0.04 sys=0.07, real=0.01 secs] 
2016-09-13T20:18:18.315-0400: 11.300: [Full GC (Metadata GC Threshold) [PSYoungGen: 14749K->0K(229376K)] [ParOldGen: 14733K->20208K(524288K)] 29483K->20208K(753664K), [Metaspace: 34906K->34906K(1079296K)], 0.0549028 secs] [Times: user=0.34 sys=0.02, real=0.06 secs] 
2016-09-13T20:18:19.803-0400: 12.788: [GC (GCLocker Initiated GC) [PSYoungGen: 196608K->32759K(229376K)] 216818K->65841K(753664K), 0.0125450 secs] [Times: user=0.14 sys=0.02, real=0.02 secs] 
2016-09-13T20:18:20.197-0400: 13.181: [GC (GCLocker Initiated GC) [PSYoungGen: 229367K->29748K(229376K)] 262572K->75111K(753664K), 0.0085035 secs] [Times: user=0.12 sys=0.00, real=0.00 secs] 
2016-09-13T20:18:20.490-0400: 13.475: [GC (Allocation Failure) [PSYoungGen: 226356K->31395K(228352K)] 272080K->107502K(752640K), 0.0230553 secs] [Times: user=0.34 sys=0.00, real=0.02 secs] 
2016-09-13T20:18:20.514-0400: 13.498: [GC (GCLocker Initiated GC) [PSYoungGen: 31684K->28454K(210944K)] 107790K->141018K(735232K), 0.0089383 secs] [Times: user=0.12 sys=0.02, real=0.01 secs] 
2016-09-13T20:18:20.891-0400: 13.875: [GC (GCLocker Initiated GC) [PSYoungGen: 201416K->10516K(187904K)] 320056K->129164K(712192K), 0.0226530 secs] [Times: user=0.23 sys=0.00, real=0.02 secs] 
2016-09-13T20:18:21.256-0400: 14.240: [GC (GCLocker Initiated GC) [PSYoungGen: 187668K->37948K(210944K)] 306677K->161928K(735232K), 0.0095815 secs] [Times: user=0.09 sys=0.00, real=0.00 secs] 
2016-09-13T20:18:21.654-0400: 14.639: [GC (GCLocker Initiated GC) [PSYoungGen: 204860K->1498K(168448K)] 341339K->138393K(692736K), 0.0128084 secs] [Times: user=0.12 sys=0.00, real=0.01 secs] 
2016-09-13T20:18:22.052-0400: 15.037: [GC (Allocation Failure) [PSYoungGen: 168410K->37833K(207360K)] 305661K->175926K(731648K), 0.0222527 secs] [Times: user=0.19 sys=0.00, real=0.02 secs] 
2016-09-13T20:18:22.379-0400: 15.363: [GC (GCLocker Initiated GC) [PSYoungGen: 195529K->18929K(209920K)] 333628K->158053K(734208K), 0.0180138 secs] [Times: user=0.16 sys=0.00, real=0.02 secs] 
2016-09-13T20:18:22.807-0400: 15.792: [GC (GCLocker Initiated GC) [PSYoungGen: 176625K->920K(208384K)] 334318K->159070K(732672K), 0.0198684 secs] [Times: user=0.23 sys=0.00, real=0.02 secs] 
2016-09-13T20:18:23.120-0400: 16.105: [GC (GCLocker Initiated GC) [PSYoungGen: 158616K->49245K(207360K)] 318583K->215653K(731648K), 0.0211559 secs] [Times: user=0.17 sys=0.01, real=0.02 secs] 
2016-09-13T20:18:23.491-0400: 16.476: [GC (GCLocker Initiated GC) [PSYoungGen: 206941K->19185K(203264K)] 387139K->199788K(727552K), 0.0198941 secs] [Times: user=0.22 sys=0.00, real=0.02 secs] 
2016-09-13T20:18:23.858-0400: 16.842: [GC (GCLocker Initiated GC) [PSYoungGen: 167665K->18961K(205312K)] 354423K->206151K(729600K), 0.0220065 secs] [Times: user=0.24 sys=0.02, real=0.02 secs] 
2016-09-13T20:18:24.238-0400: 17.222: [GC (GCLocker Initiated GC) [PSYoungGen: 167441K->49378K(195072K)] 356292K->244761K(719360K), 0.0266648 secs] [Times: user=0.31 sys=0.01, real=0.02 secs] 
2016-09-13T20:18:24.552-0400: 17.537: [GC (GCLocker Initiated GC) [PSYoungGen: 189666K->19478K(201216K)] 398757K->228915K(725504K), 0.0258140 secs] [Times: user=0.27 sys=0.00, real=0.03 secs] 
2016-09-13T20:18:24.735-0400: 17.719: [GC (GCLocker Initiated GC) [PSYoungGen: 159766K->43342K(197120K)] 378499K->271784K(721408K), 0.0136119 secs] [Times: user=0.10 sys=0.03, real=0.02 secs] 
2016-09-13T20:18:24.890-0400: 17.875: [GC (GCLocker Initiated GC) [PSYoungGen: 181582K->35746K(200192K)] 422202K->276744K(724480K), 0.0088166 secs] [Times: user=0.07 sys=0.01, real=0.01 secs] 
2016-09-13T20:18:25.082-0400: 18.066: [GC (Allocation Failure) [PSYoungGen: 173986K->44917K(194560K)] 415004K->287757K(718848K), 0.0110089 secs] [Times: user=0.11 sys=0.00, real=0.01 secs] 
2016-09-13T20:18:25.253-0400: 18.237: [GC (GCLocker Initiated GC) [PSYoungGen: 178037K->46409K(179712K)] 420880K->295697K(704000K), 0.0095738 secs] [Times: user=0.07 sys=0.01, real=0.01 secs] 
2016-09-13T20:18:25.446-0400: 18.431: [GC (GCLocker Initiated GC) [PSYoungGen: 179529K->10149K(195072K)] 442535K->273434K(719360K), 0.0063187 secs] [Times: user=0.06 sys=0.00, real=0.01 secs] 
2016-09-13T20:18:25.627-0400: 18.611: [GC (GCLocker Initiated GC) [PSYoungGen: 138149K->47772K(176128K)] 401616K->311479K(700416K), 0.0179118 secs] [Times: user=0.18 sys=0.00, real=0.02 secs] 
2016-09-13T20:18:25.799-0400: 18.784: [GC (Allocation Failure) [PSYoungGen: 175772K->23629K(194560K)] 439641K->287766K(718848K), 0.0129455 secs] [Times: user=0.15 sys=0.00, real=0.01 secs] 
2016-09-13T20:18:25.962-0400: 18.946: [GC (GCLocker Initiated GC) [PSYoungGen: 148045K->14202K(138752K)] 412185K->278574K(663040K), 0.0057515 secs] [Times: user=0.04 sys=0.00, real=0.00 secs] 
2016-09-13T20:18:26.140-0400: 19.125: [GC (GCLocker Initiated GC) [PSYoungGen: 138618K->29420K(194560K)] 404681K->304801K(718848K), 0.0251739 secs] [Times: user=0.25 sys=0.00, real=0.02 secs] 
2016-09-13T20:18:26.318-0400: 19.303: [GC (GCLocker Initiated GC) [PSYoungGen: 157420K->49197K(190976K)] 446499K->338527K(715264K), 0.0086355 secs] [Times: user=0.05 sys=0.00, real=0.00 secs] 
2016-09-13T20:18:26.487-0400: 19.472: [GC (Allocation Failure) [PSYoungGen: 177197K->32704K(196608K)] 472653K->339012K(720896K), 0.0132979 secs] [Times: user=0.17 sys=0.01, real=0.02 secs] 
2016-09-13T20:18:26.663-0400: 19.648: [GC (GCLocker Initiated GC) [PSYoungGen: 163264K->47895K(195072K)] 469575K->354553K(719360K), 0.0099588 secs] [Times: user=0.14 sys=0.00, real=0.01 secs] 
2016-09-13T20:18:26.861-0400: 19.846: [GC (GCLocker Initiated GC) [PSYoungGen: 178455K->32741K(194048K)] 486832K->341492K(718336K), 0.0223391 secs] [Times: user=0.27 sys=0.00, real=0.02 secs] 
2016-09-13T20:18:27.038-0400: 20.022: [GC (GCLocker Initiated GC) [PSYoungGen: 163301K->34105K(194560K)] 472060K->343136K(718848K), 0.0068862 secs] [Times: user=0.08 sys=0.00, real=0.00 secs] 
2016-09-13T20:18:27.210-0400: 20.195: [GC (GCLocker Initiated GC) [PSYoungGen: 164665K->12838K(195584K)] 479860K->334392K(719872K), 0.0190729 secs] [Times: user=0.21 sys=0.02, real=0.02 secs] 
2016-09-13T20:18:27.410-0400: 20.395: [GC (GCLocker Initiated GC) [PSYoungGen: 146982K->20527K(196096K)] 474764K->359236K(720384K), 0.0130923 secs] [Times: user=0.18 sys=0.00, real=0.01 secs] 
2016-09-13T20:18:27.601-0400: 20.586: [GC (GCLocker Initiated GC) [PSYoungGen: 154671K->29706K(195072K)] 496634K->378017K(719360K), 0.0090283 secs] [Times: user=0.07 sys=0.02, real=0.01 secs] 
2016-09-13T20:18:27.774-0400: 20.758: [GC (Allocation Failure) [PSYoungGen: 169482K->57136K(197120K)] 517980K->448426K(721408K), 0.0133959 secs] [Times: user=0.17 sys=0.02, real=0.01 secs] 
2016-09-13T20:18:27.948-0400: 20.933: [GC (GCLocker Initiated GC) [PSYoungGen: 196912K->41726K(197120K)] 588205K->475879K(721408K), 0.0110270 secs] [Times: user=0.10 sys=0.02, real=0.01 secs] 
2016-09-13T20:18:28.127-0400: 21.112: [GC (GCLocker Initiated GC) [PSYoungGen: 173822K->31158K(163328K)] 614119K->471735K(687616K), 0.0129409 secs] [Times: user=0.17 sys=0.00, real=0.02 secs] 
2016-09-13T20:18:28.304-0400: 21.289: [GC (GCLocker Initiated GC) [PSYoungGen: 163254K->26543K(196608K)] 606930K->470443K(720896K), 0.0060284 secs] [Times: user=0.06 sys=0.00, real=0.01 secs] 
2016-09-13T20:18:28.488-0400: 21.473: [GC (GCLocker Initiated GC) [PSYoungGen: 160687K->28184K(194560K)] 618434K->486233K(718848K), 0.0077988 secs] [Times: user=0.09 sys=0.01, real=0.01 secs] 
2016-09-13T20:18:28.680-0400: 21.665: [GC (GCLocker Initiated GC) [PSYoungGen: 162328K->44730K(195584K)] 620715K->503357K(719872K), 0.0174056 secs] [Times: user=0.20 sys=0.00, real=0.02 secs] 
2016-09-13T20:18:28.864-0400: 21.848: [GC (GCLocker Initiated GC) [PSYoungGen: 181946K->53972K(191488K)] 640599K->512991K(715776K), 0.0080831 secs] [Times: user=0.10 sys=0.01, real=0.01 secs] 
2016-09-13T20:18:29.057-0400: 22.042: [GC (GCLocker Initiated GC) [PSYoungGen: 191188K->9677K(193536K)] 662391K->484165K(717824K), 0.0044674 secs] [Times: user=0.02 sys=0.01, real=0.00 secs] 
2016-09-13T20:18:29.228-0400: 22.213: [GC (GCLocker Initiated GC) [PSYoungGen: 137677K->35624K(163840K)] 612299K->522713K(688128K), 0.0134242 secs] [Times: user=0.16 sys=0.00, real=0.01 secs] 
2016-09-13T20:18:29.404-0400: 22.388: [Full GC (Ergonomics) [PSYoungGen: 163624K->0K(163840K)] [ParOldGen: 497767K->35782K(524288K)] 661392K->35782K(688128K), [Metaspace: 44082K->44082K(1087488K)], 0.1852663 secs] [Times: user=2.39 sys=0.01, real=0.19 secs] 
2016-09-13T20:18:29.735-0400: 22.719: [GC (GCLocker Initiated GC) [PSYoungGen: 128000K->60365K(183296K)] 164070K->145036K(707584K), 0.0094102 secs] [Times: user=0.12 sys=0.01, real=0.01 secs] 
2016-09-13T20:18:29.863-0400: 22.848: [GC (GCLocker Initiated GC) [PSYoungGen: 179149K->48023K(166912K)] 270079K->148662K(691200K), 0.0074251 secs] [Times: user=0.09 sys=0.01, real=0.01 secs] 
2016-09-13T20:18:29.992-0400: 22.976: [GC (GCLocker Initiated GC) [PSYoungGen: 166807K->38694K(192512K)] 267583K->139853K(716800K), 0.0093029 secs] [Times: user=0.12 sys=0.00, real=0.01 secs] 
2016-09-13T20:18:30.144-0400: 23.129: [GC (Allocation Failure) [PSYoungGen: 158502K->31221K(151040K)] 259848K->140365K(675328K), 0.0080539 secs] [Times: user=0.08 sys=0.00, real=0.01 secs] 
2016-09-13T20:18:34.711-0400: 27.695: [GC (GCLocker Initiated GC) [PSYoungGen: 151029K->29420K(189440K)] 260176K->145041K(713728K), 0.0263061 secs] [Times: user=0.26 sys=0.01, real=0.03 secs] 
2016-09-13T20:18:34.871-0400: 27.855: [GC (GCLocker Initiated GC) [PSYoungGen: 151276K->49420K(187392K)] 268650K->167039K(711680K), 0.0113914 secs] [Times: user=0.13 sys=0.00, real=0.01 secs] 
2016-09-13T20:18:35.009-0400: 27.994: [GC (GCLocker Initiated GC) [PSYoungGen: 171276K->64666K(180224K)] 292124K->219235K(704512K), 0.0118318 secs] [Times: user=0.11 sys=0.01, real=0.01 secs] 
2016-09-13T20:18:35.140-0400: 28.124: [GC (GCLocker Initiated GC) [PSYoungGen: 177306K->66249K(179200K)] 333601K->247163K(703488K), 0.0113127 secs] [Times: user=0.13 sys=0.00, real=0.01 secs] 
2016-09-13T20:18:35.279-0400: 28.264: [GC (GCLocker Initiated GC) [PSYoungGen: 178889K->76847K(168960K)] 359996K->306937K(693248K), 0.0104168 secs] [Times: user=0.10 sys=0.00, real=0.01 secs] 
2016-09-13T20:18:35.386-0400: 28.371: [GC (GCLocker Initiated GC) [PSYoungGen: 164911K->56860K(175104K)] 396549K->343540K(699392K), 0.0104832 secs] [Times: user=0.16 sys=0.00, real=0.02 secs] 
2016-09-13T20:18:35.494-0400: 28.478: [GC (GCLocker Initiated GC) [PSYoungGen: 144924K->69195K(175104K)] 437913K->389708K(699392K), 0.0092965 secs] [Times: user=0.11 sys=0.00, real=0.01 secs] 
2016-09-13T20:18:35.610-0400: 28.594: [GC (Allocation Failure) [PSYoungGen: 157259K->37202K(175104K)] 479316K->377799K(699392K), 0.0070660 secs] [Times: user=0.10 sys=0.00, real=0.01 secs] 
2016-09-13T20:18:35.713-0400: 28.697: [GC (GCLocker Initiated GC) [PSYoungGen: 125152K->53886K(175104K)] 467268K->423710K(699392K), 0.0105697 secs] [Times: user=0.15 sys=0.01, real=0.01 secs] 
2016-09-13T20:18:35.824-0400: 28.808: [GC (GCLocker Initiated GC) [PSYoungGen: 141950K->84352K(175104K)] 514839K->499952K(699392K), 0.0099920 secs] [Times: user=0.14 sys=0.00, real=0.01 secs] 
2016-09-13T20:18:35.948-0400: 28.933: [GC (GCLocker Initiated GC) [PSYoungGen: 172416K->46472K(175104K)] 588237K->485375K(699392K), 0.0088274 secs] [Times: user=0.10 sys=0.00, real=0.01 secs] 
2016-09-13T20:18:36.061-0400: 29.045: [GC (GCLocker Initiated GC) [PSYoungGen: 134536K->55532K(175104K)] 581220K->520831K(699392K), 0.0073511 secs] [Times: user=0.09 sys=0.01, real=0.01 secs] 
2016-09-13T20:18:36.204-0400: 29.189: [Full GC (Ergonomics) [PSYoungGen: 143596K->0K(175104K)] [ParOldGen: 471466K->37932K(524288K)] 615062K->37932K(699392K), [Metaspace: 44101K->44101K(1087488K)], 0.0576844 secs] [Times: user=0.26 sys=0.01, real=0.06 secs] 
2016-09-13T20:18:36.399-0400: 29.384: [GC (Allocation Failure) [PSYoungGen: 87100K->82869K(175104K)] 125032K->126876K(699392K), 0.0089564 secs] [Times: user=0.10 sys=0.00, real=0.01 secs] 
2016-09-13T20:18:36.531-0400: 29.515: [GC (GCLocker Initiated GC) [PSYoungGen: 170933K->46595K(175104K)] 214946K->136579K(699392K), 0.0082391 secs] [Times: user=0.12 sys=0.00, real=0.01 secs] 
2016-09-13T20:18:36.658-0400: 29.643: [GC (GCLocker Initiated GC) [PSYoungGen: 134659K->23623K(175104K)] 236974K->126285K(699392K), 0.0062769 secs] [Times: user=0.08 sys=0.00, real=0.00 secs] 
2016-09-13T20:18:36.791-0400: 29.776: [GC (GCLocker Initiated GC) [PSYoungGen: 111687K->34291K(175104K)] 217412K->140282K(699392K), 0.0064003 secs] [Times: user=0.08 sys=0.00, real=0.01 secs] 
2016-09-13T20:18:36.916-0400: 29.900: [GC (GCLocker Initiated GC) [PSYoungGen: 122355K->67708K(175104K)] 230042K->181777K(699392K), 0.0188588 secs] [Times: user=0.21 sys=0.01, real=0.01 secs] 
2016-09-13T20:18:37.064-0400: 30.049: [GC (GCLocker Initiated GC) [PSYoungGen: 155772K->44635K(175104K)] 271614K->160742K(699392K), 0.0096272 secs] [Times: user=0.10 sys=0.01, real=0.01 secs] 
2016-09-13T20:18:37.222-0400: 30.206: [GC (GCLocker Initiated GC) [PSYoungGen: 132699K->44545K(175104K)] 250382K->162401K(699392K), 0.0193728 secs] [Times: user=0.21 sys=0.00, real=0.02 secs] 
2016-09-13T20:18:37.394-0400: 30.378: [GC (Allocation Failure) [PSYoungGen: 132609K->28151K(175104K)] 252156K->153968K(699392K), 0.0133432 secs] [Times: user=0.16 sys=0.01, real=0.01 secs] 
2016-09-13T20:18:37.554-0400: 30.538: [GC (GCLocker Initiated GC) [PSYoungGen: 114785K->41665K(175104K)] 242120K->169301K(699392K), 0.0221634 secs] [Times: user=0.27 sys=0.00, real=0.03 secs] 
2016-09-13T20:18:37.696-0400: 30.680: [GC (GCLocker Initiated GC) [PSYoungGen: 129729K->64449K(175104K)] 257493K->192429K(699392K), 0.0134032 secs] [Times: user=0.13 sys=0.01, real=0.01 secs] 
2016-09-13T20:18:37.811-0400: 30.795: [GC (GCLocker Initiated GC) [PSYoungGen: 152513K->52489K(175104K)] 280576K->180723K(699392K), 0.0110033 secs] [Times: user=0.16 sys=0.00, real=0.01 secs] 
2016-09-13T20:18:37.933-0400: 30.917: [GC (GCLocker Initiated GC) [PSYoungGen: 140553K->69191K(175104K)] 269026K->197897K(699392K), 0.0095920 secs] [Times: user=0.11 sys=0.00, real=0.01 secs] 
2016-09-13T20:18:38.073-0400: 31.057: [GC (Allocation Failure) [PSYoungGen: 157255K->34286K(175104K)] 286159K->181570K(699392K), 0.0077558 secs] [Times: user=0.06 sys=0.01, real=0.01 secs] 
2016-09-13T20:18:38.212-0400: 31.197: [GC (GCLocker Initiated GC) [PSYoungGen: 121006K->44758K(133120K)] 269809K->193845K(657408K), 0.0153381 secs] [Times: user=0.16 sys=0.00, real=0.02 secs] 
2016-09-13T20:18:38.356-0400: 31.340: [GC (GCLocker Initiated GC) [PSYoungGen: 132822K->41665K(177152K)] 282074K->191040K(701440K), 0.0149401 secs] [Times: user=0.15 sys=0.00, real=0.02 secs] 
2016-09-13T20:18:38.504-0400: 31.488: [GC (GCLocker Initiated GC) [PSYoungGen: 132289K->46345K(137216K)] 287758K->220264K(661504K), 0.0316456 secs] [Times: user=0.40 sys=0.00, real=0.03 secs] 
2016-09-13T20:18:38.673-0400: 31.658: [GC (GCLocker Initiated GC) [PSYoungGen: 136969K->62992K(170496K)] 314121K->240552K(694784K), 0.0162449 secs] [Times: user=0.15 sys=0.01, real=0.02 secs] 
2016-09-13T20:18:38.833-0400: 31.817: [GC (GCLocker Initiated GC) [PSYoungGen: 152592K->34170K(172544K)] 331696K->218040K(696832K), 0.0067331 secs] [Times: user=0.06 sys=0.01, real=0.01 secs] 
2016-09-13T20:18:38.969-0400: 31.954: [GC (GCLocker Initiated GC) [PSYoungGen: 123770K->34135K(176640K)] 313844K->230513K(700928K), 0.0073051 secs] [Times: user=0.05 sys=0.00, real=0.01 secs] 
2016-09-13T20:18:39.121-0400: 32.105: [GC (Allocation Failure) [PSYoungGen: 130903K->29612K(178176K)] 328954K->234043K(702464K), 0.0080746 secs] [Times: user=0.08 sys=0.01, real=0.01 secs] 
2016-09-13T20:18:39.285-0400: 32.270: [GC (Allocation Failure) [PSYoungGen: 126380K->44689K(173056K)] 330811K->250768K(697344K), 0.0139951 secs] [Times: user=0.15 sys=0.01, real=0.02 secs] 
2016-09-13T20:18:39.449-0400: 32.434: [GC (Allocation Failure) [PSYoungGen: 143052K->9980K(177152K)] 349132K->216198K(701440K), 0.0151182 secs] [Times: user=0.18 sys=0.00, real=0.01 secs] 
2016-09-13T20:18:39.603-0400: 32.587: [GC (GCLocker Initiated GC) [PSYoungGen: 105801K->50752K(182272K)] 318094K->263409K(706560K), 0.0107121 secs] [Times: user=0.11 sys=0.02, real=0.01 secs] 
2016-09-13T20:18:39.776-0400: 32.761: [GC (GCLocker Initiated GC) [PSYoungGen: 153152K->14360K(117248K)] 365810K->227227K(641536K), 0.0113085 secs] [Times: user=0.13 sys=0.00, real=0.00 secs] 
2016-09-13T20:18:39.924-0400: 32.908: [GC (GCLocker Initiated GC) [PSYoungGen: 116760K->46064K(183296K)] 329764K->259379K(707584K), 0.0070137 secs] [Times: user=0.06 sys=0.00, real=0.01 secs] 
2016-09-13T20:18:40.085-0400: 33.069: [GC (GCLocker Initiated GC) [PSYoungGen: 148464K->51024K(181248K)] 361996K->264676K(705536K), 0.0202080 secs] [Times: user=0.23 sys=0.01, real=0.02 secs] 
2016-09-13T20:18:40.271-0400: 33.255: [GC (GCLocker Initiated GC) [PSYoungGen: 153424K->67580K(171520K)] 367235K->281717K(695808K), 0.0235897 secs] [Times: user=0.25 sys=0.00, real=0.02 secs] 
2016-09-13T20:18:40.436-0400: 33.421: [GC (GCLocker Initiated GC) [PSYoungGen: 159740K->47954K(177152K)] 374058K->262482K(701440K), 0.0144956 secs] [Times: user=0.16 sys=0.00, real=0.01 secs] 
2016-09-13T20:18:40.589-0400: 33.573: [GC (GCLocker Initiated GC) [PSYoungGen: 140114K->35495K(170496K)] 360965K->256662K(694784K), 0.0111176 secs] [Times: user=0.09 sys=0.00, real=0.01 secs] 
2016-09-13T20:18:40.726-0400: 33.711: [GC (GCLocker Initiated GC) [PSYoungGen: 130215K->70645K(175104K)] 351449K->298153K(699392K), 0.0105344 secs] [Times: user=0.11 sys=0.01, real=0.02 secs] 
2016-09-13T20:18:40.878-0400: 33.863: [GC (GCLocker Initiated GC) [PSYoungGen: 165365K->43467K(178176K)] 392970K->277553K(702464K), 0.0191148 secs] [Times: user=0.22 sys=0.00, real=0.02 secs] 
2016-09-13T20:18:41.044-0400: 34.029: [GC (GCLocker Initiated GC) [PSYoungGen: 136139K->33823K(126976K)] 370247K->274255K(651264K), 0.0093411 secs] [Times: user=0.08 sys=0.00, real=0.01 secs] 
2016-09-13T20:18:41.180-0400: 34.165: [GC (GCLocker Initiated GC) [PSYoungGen: 126495K->49542K(177152K)] 367135K->304061K(701440K), 0.0082367 secs] [Times: user=0.07 sys=0.00, real=0.01 secs] 
2016-09-13T20:18:41.330-0400: 34.315: [GC (GCLocker Initiated GC) [PSYoungGen: 145286K->55581K(175104K)] 399972K->310609K(699392K), 0.0180598 secs] [Times: user=0.20 sys=0.00, real=0.02 secs] 
2016-09-13T20:18:41.500-0400: 34.485: [GC (Allocation Failure) [PSYoungGen: 151325K->27956K(181248K)] 414100K->290819K(705536K), 0.0066902 secs] [Times: user=0.05 sys=0.00, real=0.00 secs] 
2016-09-13T20:18:41.672-0400: 34.656: [GC (GCLocker Initiated GC) [PSYoungGen: 129332K->64416K(165888K)] 392198K->327503K(690176K), 0.0195168 secs] [Times: user=0.22 sys=0.00, real=0.02 secs] 
2016-09-13T20:18:41.836-0400: 34.821: [GC (GCLocker Initiated GC) [PSYoungGen: 165792K->28088K(179200K)] 430420K->292926K(703488K), 0.0059677 secs] [Times: user=0.06 sys=0.00, real=0.00 secs] 
2016-09-13T20:18:41.994-0400: 34.978: [GC (Allocation Failure) [PSYoungGen: 123832K->6575K(102400K)] 390286K->276276K(626688K), 0.0094713 secs] [Times: user=0.11 sys=0.00, real=0.01 secs] 
2016-09-13T20:18:42.136-0400: 35.120: [GC (GCLocker Initiated GC) [PSYoungGen: 102316K->60015K(173568K)] 372023K->329912K(697856K), 0.0088718 secs] [Times: user=0.10 sys=0.00, real=0.00 secs] 
2016-09-13T20:18:42.292-0400: 35.277: [GC (GCLocker Initiated GC) [PSYoungGen: 148079K->53939K(175104K)] 418003K->323967K(699392K), 0.0073799 secs] [Times: user=0.08 sys=0.00, real=0.01 secs] 
2016-09-13T20:18:42.443-0400: 35.428: [GC (GCLocker Initiated GC) [PSYoungGen: 142003K->55309K(175104K)] 412158K->330371K(699392K), 0.0138851 secs] [Times: user=0.15 sys=0.00, real=0.02 secs] 
2016-09-13T20:18:42.598-0400: 35.582: [GC (GCLocker Initiated GC) [PSYoungGen: 143373K->26537K(114688K)] 426052K->316954K(638976K), 0.0267315 secs] [Times: user=0.29 sys=0.01, real=0.02 secs] 
2016-09-13T20:18:42.744-0400: 35.729: [GC (GCLocker Initiated GC) [PSYoungGen: 114601K->59827K(174080K)] 405261K->355304K(698368K), 0.0128101 secs] [Times: user=0.11 sys=0.00, real=0.02 secs] 
2016-09-13T20:18:42.904-0400: 35.888: [GC (GCLocker Initiated GC) [PSYoungGen: 147379K->47582K(135168K)] 449121K->349509K(659456K), 0.0166029 secs] [Times: user=0.15 sys=0.01, real=0.02 secs] 
2016-09-13T20:18:43.051-0400: 36.036: [GC (GCLocker Initiated GC) [PSYoungGen: 135134K->46376K(176640K)] 437192K->348670K(700928K), 0.0143959 secs] [Times: user=0.14 sys=0.00, real=0.01 secs] 
2016-09-13T20:18:43.188-0400: 36.172: [GC (GCLocker Initiated GC) [PSYoungGen: 138024K->52451K(173568K)] 440350K->355077K(697856K), 0.0227020 secs] [Times: user=0.26 sys=0.00, real=0.02 secs] 
2016-09-13T20:18:43.347-0400: 36.332: [GC (GCLocker Initiated GC) [PSYoungGen: 144099K->6639K(173056K)] 459099K->344680K(697344K), 0.0168941 secs] [Times: user=0.17 sys=0.00, real=0.02 secs] 
2016-09-13T20:18:43.511-0400: 36.496: [GC (GCLocker Initiated GC) [PSYoungGen: 98799K->12742K(176128K)] 455099K->369200K(700416K), 0.0115554 secs] [Times: user=0.12 sys=0.01, real=0.01 secs] 
2016-09-13T20:18:43.669-0400: 36.654: [GC (GCLocker Initiated GC) [PSYoungGen: 104902K->46154K(175104K)] 461439K->412009K(699392K), 0.0145718 secs] [Times: user=0.16 sys=0.00, real=0.01 secs] 
2016-09-13T20:18:43.814-0400: 36.799: [GC (GCLocker Initiated GC) [PSYoungGen: 139338K->50778K(176128K)] 505327K->421654K(700416K), 0.0102060 secs] [Times: user=0.09 sys=0.00, real=0.01 secs] 
2016-09-13T20:18:43.971-0400: 36.956: [GC (GCLocker Initiated GC) [PSYoungGen: 143962K->27934K(175616K)] 522606K->406835K(699904K), 0.0312192 secs] [Times: user=0.33 sys=0.01, real=0.03 secs] 
2016-09-13T20:18:44.118-0400: 37.102: [GC (GCLocker Initiated GC) [PSYoungGen: 124702K->65903K(162816K)] 503631K->444970K(687104K), 0.0156566 secs] [Times: user=0.13 sys=0.00, real=0.01 secs] 
2016-09-13T20:18:44.292-0400: 37.276: [GC (GCLocker Initiated GC) [PSYoungGen: 162671K->43243K(179712K)] 543325K->427072K(704000K), 0.0294497 secs] [Times: user=0.27 sys=0.00, real=0.03 secs] 
2016-09-13T20:18:44.483-0400: 37.468: [GC (GCLocker Initiated GC) [PSYoungGen: 136427K->37174K(130560K)] 526479K->427460K(654848K), 0.0159606 secs] [Times: user=0.20 sys=0.00, real=0.02 secs] 
2016-09-13T20:18:44.610-0400: 37.594: [GC (GCLocker Initiated GC) [PSYoungGen: 130358K->73725K(164864K)] 520835K->475106K(689152K), 0.0097437 secs] [Times: user=0.11 sys=0.00, real=0.01 secs] 
2016-09-13T20:18:44.737-0400: 37.722: [GC (GCLocker Initiated GC) [PSYoungGen: 159229K->64538K(172544K)] 560642K->472252K(696832K), 0.0079788 secs] [Times: user=0.08 sys=0.00, real=0.00 secs] 
2016-09-13T20:18:44.882-0400: 37.867: [GC (GCLocker Initiated GC) [PSYoungGen: 150042K->29638K(175104K)] 563886K->468058K(699392K), 0.0104688 secs] [Times: user=0.10 sys=0.00, real=0.01 secs] 
2016-09-13T20:18:45.041-0400: 38.026: [GC (GCLocker Initiated GC) [PSYoungGen: 117702K->50683K(138752K)] 556256K->489548K(663040K), 0.0095516 secs] [Times: user=0.09 sys=0.00, real=0.01 secs] 
2016-09-13T20:18:45.175-0400: 38.160: [GC (GCLocker Initiated GC) [PSYoungGen: 138747K->38533K(177152K)] 579393K->493089K(701440K), 0.0112570 secs] [Times: user=0.09 sys=0.00, real=0.01 secs] 
2016-09-13T20:18:45.338-0400: 38.323: [GC (GCLocker Initiated GC) [PSYoungGen: 129157K->52171K(142848K)] 591353K->514584K(667136K), 0.0244537 secs] [Times: user=0.24 sys=0.00, real=0.02 secs] 
2016-09-13T20:18:45.499-0400: 38.484: [GC (GCLocker Initiated GC) [PSYoungGen: 142795K->24864K(174080K)] 611356K->501142K(698368K), 0.0149118 secs] [Times: user=0.14 sys=0.00, real=0.01 secs] 
2016-09-13T20:18:45.659-0400: 38.644: [GC (GCLocker Initiated GC) [PSYoungGen: 116512K->46218K(174080K)] 594358K->525814K(698368K), 0.0156288 secs] [Times: user=0.16 sys=0.01, real=0.01 secs] 
2016-09-13T20:18:45.819-0400: 38.804: [GC (GCLocker Initiated GC) [PSYoungGen: 137866K->50933K(177152K)] 617487K->530783K(701440K), 0.0083818 secs] [Times: user=0.06 sys=0.00, real=0.01 secs] 
2016-09-13T20:18:45.982-0400: 38.967: [GC (GCLocker Initiated GC) [PSYoungGen: 148725K->5402K(176640K)] 634756K->497927K(700928K), 0.0170053 secs] [Times: user=0.20 sys=0.01, real=0.02 secs] 
2016-09-13T20:18:46.125-0400: 39.110: [GC (GCLocker Initiated GC) [PSYoungGen: 103194K->46160K(181248K)] 595838K->539130K(705536K), 0.0145456 secs] [Times: user=0.18 sys=0.00, real=0.02 secs] 
2016-09-13T20:18:46.274-0400: 39.259: [GC (GCLocker Initiated GC) [PSYoungGen: 146512K->66029K(166400K)] 639722K->559403K(690688K), 0.0205661 secs] [Times: user=0.21 sys=0.00, real=0.02 secs] 
2016-09-13T20:18:46.456-0400: 39.441: [GC (GCLocker Initiated GC) [PSYoungGen: 166381K->32517K(179200K)] 671974K->538287K(703488K), 0.0286305 secs] [Times: user=0.26 sys=0.00, real=0.02 secs] 
2016-09-13T20:18:46.642-0400: 39.627: [GC (GCLocker Initiated GC) [PSYoungGen: 126725K->61250K(155648K)] 632635K->567275K(679936K), 0.0097738 secs] [Times: user=0.08 sys=0.00, real=0.01 secs] 
2016-09-13T20:18:46.785-0400: 39.770: [Full GC (Ergonomics) [PSYoungGen: 155458K->0K(155648K)] [ParOldGen: 515318K->38720K(524288K)] 670777K->38720K(679936K), [Metaspace: 44286K->44286K(1087488K)], 0.0722780 secs] [Times: user=0.35 sys=0.01, real=0.08 secs] 
2016-09-13T20:18:46.974-0400: 39.959: [GC (GCLocker Initiated GC) [PSYoungGen: 94208K->72233K(174080K)] 132950K->110975K(698368K), 0.0078692 secs] [Times: user=0.07 sys=0.00, real=0.01 secs] 
2016-09-13T20:18:47.101-0400: 40.085: [GC (Allocation Failure) [PSYoungGen: 160297K->61506K(175104K)] 199341K->113055K(699392K), 0.0190595 secs] [Times: user=0.19 sys=0.00, real=0.02 secs] 
2016-09-13T20:18:47.223-0400: 40.207: [GC (GCLocker Initiated GC) [PSYoungGen: 149570K->41692K(175104K)] 201122K->93445K(699392K), 0.0170941 secs] [Times: user=0.14 sys=0.00, real=0.02 secs] 
2016-09-13T20:18:47.360-0400: 40.345: [GC (GCLocker Initiated GC) [PSYoungGen: 129756K->47804K(136192K)] 181643K->99908K(660480K), 0.0129465 secs] [Times: user=0.08 sys=0.01, real=0.01 secs] 
2016-09-13T20:18:47.508-0400: 40.493: [GC (Allocation Failure) [PSYoungGen: 135868K->26537K(173568K)] 200236K->109407K(697856K), 0.0070355 secs] [Times: user=0.07 sys=0.00, real=0.00 secs] 
2016-09-13T20:18:47.515-0400: 40.500: [GC (GCLocker Initiated GC) [PSYoungGen: 26540K->96K(173568K)] 109410K->110743K(697856K), 0.0059713 secs] [Times: user=0.05 sys=0.00, real=0.01 secs] 
2016-09-13T20:18:47.667-0400: 40.651: [GC (GCLocker Initiated GC) [PSYoungGen: 88160K->38596K(174080K)] 198810K->149247K(698368K), 0.0155031 secs] [Times: user=0.16 sys=0.00, real=0.02 secs] 
2016-09-13T20:18:47.804-0400: 40.788: [GC (GCLocker Initiated GC) [PSYoungGen: 128196K->23341K(174592K)] 244924K->155662K(698880K), 0.0053766 secs] [Times: user=0.04 sys=0.00, real=0.01 secs] 
2016-09-13T20:18:47.944-0400: 40.928: [GC (GCLocker Initiated GC) [PSYoungGen: 112941K->61378K(171520K)] 247024K->195658K(695808K), 0.0069117 secs] [Times: user=0.06 sys=0.00, real=0.01 secs] 
2016-09-13T20:18:48.091-0400: 41.075: [GC (GCLocker Initiated GC) [PSYoungGen: 149442K->44699K(175104K)] 283817K->197450K(699392K), 0.0311040 secs] [Times: user=0.33 sys=0.00, real=0.03 secs] 
2016-09-13T20:18:48.261-0400: 41.246: [GC (GCLocker Initiated GC) [PSYoungGen: 132763K->47709K(170496K)] 285557K->206767K(694784K), 0.0101261 secs] [Times: user=0.08 sys=0.00, real=0.01 secs] 
2016-09-13T20:18:48.414-0400: 41.399: [GC (GCLocker Initiated GC) [PSYoungGen: 138845K->40238K(173056K)] 305653K->211875K(697344K), 0.0167181 secs] [Times: user=0.20 sys=0.00, real=0.02 secs] 
2016-09-13T20:18:48.578-0400: 41.563: [GC (GCLocker Initiated GC) [PSYoungGen: 131374K->28034K(179200K)] 303251K->204669K(703488K), 0.0111277 secs] [Times: user=0.09 sys=0.01, real=0.01 secs] 
2016-09-13T20:18:48.736-0400: 41.721: [GC (GCLocker Initiated GC) [PSYoungGen: 129922K->18907K(179200K)] 312694K->220079K(703488K), 0.0171326 secs] [Times: user=0.14 sys=0.01, real=0.01 secs] 
2016-09-13T20:18:48.881-0400: 41.865: [GC (GCLocker Initiated GC) [PSYoungGen: 120795K->43280K(180736K)] 325183K->247873K(705024K), 0.0147230 secs] [Times: user=0.15 sys=0.00, real=0.01 secs] 
2016-09-13T20:18:49.059-0400: 42.043: [GC (GCLocker Initiated GC) [PSYoungGen: 150800K->44795K(182784K)] 355644K->249912K(707072K), 0.0063771 secs] [Times: user=0.07 sys=0.00, real=0.00 secs] 
2016-09-13T20:18:49.239-0400: 42.223: [GC (GCLocker Initiated GC) [PSYoungGen: 152315K->28089K(183296K)] 359182K->235127K(707584K), 0.0111758 secs] [Times: user=0.14 sys=0.00, real=0.01 secs] 
2016-09-13T20:18:49.402-0400: 42.387: [GC (Allocation Failure) [PSYoungGen: 141241K->44832K(185344K)] 348365K->252127K(709632K), 0.0095218 secs] [Times: user=0.13 sys=0.00, real=0.01 secs] 
2016-09-13T20:18:49.602-0400: 42.587: [GC (GCLocker Initiated GC) [PSYoungGen: 157658K->28180K(186880K)] 371027K->253949K(711168K), 0.0082224 secs] [Times: user=0.10 sys=0.01, real=0.01 secs] 
2016-09-13T20:18:49.816-0400: 42.801: [GC (Allocation Failure) [PSYoungGen: 146964K->26378K(188928K)] 379034K->258630K(713216K), 0.0238237 secs] [Times: user=0.23 sys=0.00, real=0.02 secs] 
2016-09-13T20:18:50.002-0400: 42.987: [GC (GCLocker Initiated GC) [PSYoungGen: 142433K->32585K(187392K)] 380760K->271101K(711680K), 0.0184011 secs] [Times: user=0.17 sys=0.00, real=0.02 secs] 
2016-09-13T20:18:50.214-0400: 43.198: [GC (GCLocker Initiated GC) [PSYoungGen: 155977K->24988K(189952K)] 400745K->269985K(714240K), 0.0087139 secs] [Times: user=0.07 sys=0.00, real=0.01 secs] 
2016-09-13T20:18:50.426-0400: 43.411: [GC (GCLocker Initiated GC) [PSYoungGen: 148380K->34036K(188416K)] 399490K->285211K(712704K), 0.0065383 secs] [Times: user=0.04 sys=0.00, real=0.01 secs] 
2016-09-13T20:18:50.632-0400: 43.617: [GC (GCLocker Initiated GC) [PSYoungGen: 164084K->30967K(192512K)] 415432K->286951K(716800K), 0.0311986 secs] [Times: user=0.32 sys=0.00, real=0.03 secs] 
2016-09-13T20:18:50.868-0400: 43.852: [GC (GCLocker Initiated GC) [PSYoungGen: 161015K->46319K(197632K)] 423384K->316445K(721920K), 0.0196144 secs] [Times: user=0.25 sys=0.00, real=0.01 secs] 
2016-09-13T20:18:51.109-0400: 44.094: [GC (GCLocker Initiated GC) [PSYoungGen: 183535K->17526K(155136K)] 467410K->301565K(679424K), 0.0097108 secs] [Times: user=0.12 sys=0.00, real=0.01 secs] 
2016-09-13T20:18:51.308-0400: 44.293: [GC (GCLocker Initiated GC) [PSYoungGen: 154742K->58400K(186880K)] 440325K->359412K(711168K), 0.0205324 secs] [Times: user=0.23 sys=0.01, real=0.02 secs] 
2016-09-13T20:18:51.513-0400: 44.498: [GC (GCLocker Initiated GC) [PSYoungGen: 182304K->56759K(180736K)] 483548K->361179K(705024K), 0.0077937 secs] [Times: user=0.08 sys=0.00, real=0.01 secs] 
2016-09-13T20:18:51.748-0400: 44.732: [GC (GCLocker Initiated GC) [PSYoungGen: 180663K->50998K(186880K)] 486681K->357104K(711168K), 0.0224116 secs] [Times: user=0.28 sys=0.00, real=0.03 secs] 
2016-09-13T20:18:51.965-0400: 44.950: [GC (GCLocker Initiated GC) [PSYoungGen: 164662K->41598K(155648K)] 473995K->351207K(679936K), 0.0147472 secs] [Times: user=0.09 sys=0.01, real=0.02 secs] 
2016-09-13T20:18:52.103-0400: 45.088: [GC (GCLocker Initiated GC) [PSYoungGen: 155262K->61500K(181248K)] 465109K->371528K(705536K), 0.0078389 secs] [Times: user=0.06 sys=0.00, real=0.01 secs] 
2016-09-13T20:18:52.272-0400: 45.257: [GC (GCLocker Initiated GC) [PSYoungGen: 171068K->41597K(185856K)] 482645K->353375K(710144K), 0.0147681 secs] [Times: user=0.11 sys=0.00, real=0.01 secs] 
2016-09-13T20:18:52.461-0400: 45.446: [GC (Allocation Failure) [PSYoungGen: 151165K->46032K(181248K)] 469209K->364213K(705536K), 0.0125534 secs] [Times: user=0.12 sys=0.00, real=0.01 secs] 
2016-09-13T20:18:52.647-0400: 45.632: [GC (GCLocker Initiated GC) [PSYoungGen: 157803K->28056K(184320K)] 477504K->347813K(708608K), 0.0164678 secs] [Times: user=0.14 sys=0.00, real=0.02 secs] 
2016-09-13T20:18:52.836-0400: 45.821: [GC (GCLocker Initiated GC) [PSYoungGen: 140696K->47800K(188928K)] 462004K->369270K(713216K), 0.0149583 secs] [Times: user=0.17 sys=0.00, real=0.01 secs] 
2016-09-13T20:18:53.031-0400: 46.016: [GC (GCLocker Initiated GC) [PSYoungGen: 167096K->47831K(189952K)] 490121K->375680K(714240K), 0.0079265 secs] [Times: user=0.06 sys=0.01, real=0.01 secs] 
2016-09-13T20:18:53.215-0400: 46.200: [GC (Allocation Failure) [PSYoungGen: 167127K->44763K(186880K)] 495242K->379175K(711168K), 0.0179772 secs] [Times: user=0.18 sys=0.00, real=0.02 secs] 
2016-09-13T20:18:53.450-0400: 46.435: [GC (GCLocker Initiated GC) [PSYoungGen: 163800K->14451K(189440K)] 504286K->355085K(713728K), 0.0175938 secs] [Times: user=0.20 sys=0.00, real=0.02 secs] 
2016-09-13T20:18:53.649-0400: 46.633: [GC (GCLocker Initiated GC) [PSYoungGen: 135795K->47795K(192000K)] 476641K->388938K(716288K), 0.0117930 secs] [Times: user=0.11 sys=0.00, real=0.01 secs] 
2016-09-13T20:18:53.810-0400: 46.795: [GC (GCLocker Initiated GC) [PSYoungGen: 169139K->50806K(172544K)] 510478K->392445K(696832K), 0.0139713 secs] [Times: user=0.15 sys=0.00, real=0.01 secs] 
2016-09-13T20:18:54.016-0400: 47.001: [GC (GCLocker Initiated GC) [PSYoungGen: 172150K->61502K(181760K)] 515576K->412772K(706048K), 0.0193144 secs] [Times: user=0.21 sys=0.01, real=0.01 secs] 
2016-09-13T20:18:54.198-0400: 47.183: [GC (GCLocker Initiated GC) [PSYoungGen: 172094K->29739K(186368K)] 524977K->382686K(710656K), 0.0266663 secs] [Times: user=0.32 sys=0.00, real=0.02 secs] 
2016-09-13T20:18:54.387-0400: 47.371: [GC (GCLocker Initiated GC) [PSYoungGen: 140331K->28083K(183296K)] 494973K->382957K(707584K), 0.0096700 secs] [Times: user=0.10 sys=0.00, real=0.02 secs] 
2016-09-13T20:18:54.570-0400: 47.555: [GC (GCLocker Initiated GC) [PSYoungGen: 139699K->46122K(185344K)] 499320K->405866K(709632K), 0.0078137 secs] [Times: user=0.06 sys=0.00, real=0.01 secs] 
2016-09-13T20:18:54.730-0400: 47.715: [GC (GCLocker Initiated GC) [PSYoungGen: 157738K->61660K(180224K)] 517666K->421734K(704512K), 0.0172380 secs] [Times: user=0.20 sys=0.00, real=0.01 secs] 
2016-09-13T20:18:54.917-0400: 47.901: [GC (GCLocker Initiated GC) [PSYoungGen: 169180K->28056K(184832K)] 543104K->402217K(709120K), 0.0081066 secs] [Times: user=0.08 sys=0.00, real=0.00 secs] 
2016-09-13T20:18:55.113-0400: 48.097: [GC (GCLocker Initiated GC) [PSYoungGen: 135576K->32776K(179712K)] 521985K->419446K(704000K), 0.0131401 secs] [Times: user=0.15 sys=0.00, real=0.01 secs] 
2016-09-13T20:18:55.299-0400: 48.284: [GC (GCLocker Initiated GC) [PSYoungGen: 141320K->49319K(182784K)] 528174K->436366K(707072K), 0.0083551 secs] [Times: user=0.06 sys=0.00, real=0.00 secs] 
2016-09-13T20:18:55.474-0400: 48.458: [GC (GCLocker Initiated GC) [PSYoungGen: 157863K->47710K(185856K)] 546470K->436472K(710144K), 0.0133122 secs] [Times: user=0.13 sys=0.00, real=0.01 secs] 
2016-09-13T20:18:55.699-0400: 48.683: [GC (GCLocker Initiated GC) [PSYoungGen: 161374K->23313K(186880K)] 550145K->415244K(711168K), 0.0122871 secs] [Times: user=0.12 sys=0.00, real=0.01 secs] 
2016-09-13T20:18:55.894-0400: 48.879: [GC (GCLocker Initiated GC) [PSYoungGen: 136977K->38750K(183808K)] 536669K->440204K(708096K), 0.0208073 secs] [Times: user=0.20 sys=0.00, real=0.02 secs] 
2016-09-13T20:18:56.066-0400: 49.051: [GC (Allocation Failure) [PSYoungGen: 154462K->32639K(186368K)] 563750K->442333K(710656K), 0.0104947 secs] [Times: user=0.09 sys=0.01, real=0.02 secs] 
2016-09-13T20:18:56.252-0400: 49.236: [GC (GCLocker Initiated GC) [PSYoungGen: 147929K->9581K(189440K)] 563698K->425668K(713728K), 0.0184380 secs] [Times: user=0.15 sys=0.00, real=0.02 secs] 
2016-09-13T20:18:56.456-0400: 49.440: [GC (GCLocker Initiated GC) [PSYoungGen: 130413K->12841K(134144K)] 558689K->441335K(658432K), 0.0184551 secs] [Times: user=0.20 sys=0.00, real=0.02 secs] 
2016-09-13T20:18:56.659-0400: 49.644: [GC (GCLocker Initiated GC) [PSYoungGen: 133673K->26537K(193024K)] 568530K->461670K(717312K), 0.0101071 secs] [Times: user=0.09 sys=0.00, real=0.01 secs] 
2016-09-13T20:18:56.863-0400: 49.848: [GC (GCLocker Initiated GC) [PSYoungGen: 147881K->41534K(163328K)] 584773K->478635K(687616K), 0.0077715 secs] [Times: user=0.06 sys=0.00, real=0.01 secs] 
2016-09-13T20:18:57.064-0400: 50.049: [GC (GCLocker Initiated GC) [PSYoungGen: 162878K->44826K(189440K)] 600149K->482326K(713728K), 0.0236872 secs] [Times: user=0.26 sys=0.00, real=0.03 secs] 
2016-09-13T20:18:57.543-0400: 50.528: [GC (GCLocker Initiated GC) [PSYoungGen: 165658K->5238K(189952K)] 610759K->450686K(714240K), 0.0474236 secs] [Times: user=0.50 sys=0.00, real=0.05 secs] 
2016-09-13T20:18:57.762-0400: 50.747: [GC (GCLocker Initiated GC) [PSYoungGen: 126070K->59950K(178176K)] 573397K->507480K(702464K), 0.0108270 secs] [Times: user=0.10 sys=0.00, real=0.01 secs] 
2016-09-13T20:18:57.912-0400: 50.897: [GC (GCLocker Initiated GC) [PSYoungGen: 167470K->50902K(158720K)] 621256K->504964K(683008K), 0.0105334 secs] [Times: user=0.11 sys=0.00, real=0.01 secs] 
2016-09-13T20:18:58.030-0400: 51.015: [GC (GCLocker Initiated GC) [PSYoungGen: 158422K->76938K(166912K)] 612598K->552618K(691200K), 0.0099869 secs] [Times: user=0.14 sys=0.00, real=0.01 secs] 
2016-09-13T20:18:58.144-0400: 51.128: [GC (GCLocker Initiated GC) [PSYoungGen: 165002K->58336K(175104K)] 640747K->538831K(699392K), 0.0095471 secs] [Times: user=0.06 sys=0.01, real=0.01 secs] 
2016-09-13T20:18:58.273-0400: 51.258: [GC (GCLocker Initiated GC) [PSYoungGen: 146400K->29420K(175104K)] 626918K->534393K(699392K), 0.0200329 secs] [Times: user=0.22 sys=0.00, real=0.02 secs] 
2016-09-13T20:18:58.409-0400: 51.394: [Full GC (Ergonomics) [PSYoungGen: 117484K->0K(175104K)] [ParOldGen: 511360K->43561K(524288K)] 628845K->43561K(699392K), [Metaspace: 44328K->44328K(1087488K)], 0.0601871 secs] [Times: user=0.49 sys=0.00, real=0.06 secs] 
2016-09-13T20:18:58.586-0400: 51.571: [GC (GCLocker Initiated GC) [PSYoungGen: 86579K->68907K(175104K)] 131659K->113988K(699392K), 0.0112860 secs] [Times: user=0.09 sys=0.00, real=0.02 secs] 
2016-09-13T20:18:58.708-0400: 51.692: [GC (GCLocker Initiated GC) [PSYoungGen: 156971K->44890K(175104K)] 202344K->125533K(699392K), 0.0166795 secs] [Times: user=0.17 sys=0.00, real=0.01 secs] 
2016-09-13T20:18:58.849-0400: 51.833: [GC (GCLocker Initiated GC) [PSYoungGen: 132954K->58438K(175104K)] 213689K->139399K(699392K), 0.0067694 secs] [Times: user=0.08 sys=0.00, real=0.00 secs] 
2016-09-13T20:18:58.999-0400: 51.984: [GC (Allocation Failure) [PSYoungGen: 146502K->8184K(175104K)] 228989K->95351K(699392K), 0.0099857 secs] [Times: user=0.10 sys=0.00, real=0.01 secs] 
2016-09-13T20:18:59.109-0400: 52.094: [GC (GCLocker Initiated GC) [PSYoungGen: 95837K->44708K(175104K)] 184523K->136723K(699392K), 0.0099844 secs] [Times: user=0.10 sys=0.00, real=0.01 secs] 
2016-09-13T20:18:59.256-0400: 52.240: [GC (GCLocker Initiated GC) [PSYoungGen: 132772K->5334K(175104K)] 238705K->111517K(699392K), 0.0039568 secs] [Times: user=0.04 sys=0.00, real=0.00 secs] 
2016-09-13T20:18:59.393-0400: 52.378: [GC (GCLocker Initiated GC) [PSYoungGen: 93398K->28121K(116224K)] 199611K->134556K(640512K), 0.0099376 secs] [Times: user=0.12 sys=0.00, real=0.01 secs] 
2016-09-13T20:18:59.521-0400: 52.505: [GC (GCLocker Initiated GC) [PSYoungGen: 116185K->46132K(176128K)] 222753K->162042K(700416K), 0.0124771 secs] [Times: user=0.14 sys=0.00, real=0.01 secs] 
2016-09-13T20:18:59.693-0400: 52.678: [GC (GCLocker Initiated GC) [PSYoungGen: 135732K->43116K(133120K)] 251759K->162374K(657408K), 0.0082323 secs] [Times: user=0.08 sys=0.00, real=0.01 secs] 
2016-09-13T20:18:59.865-0400: 52.850: [GC (GCLocker Initiated GC) [PSYoungGen: 132713K->5020K(171008K)] 265874K->138417K(695296K), 0.0200959 secs] [Times: user=0.20 sys=0.00, real=0.02 secs] 
2016-09-13T20:19:00.032-0400: 53.016: [GC (GCLocker Initiated GC) [PSYoungGen: 94108K->41442K(172544K)] 227597K->175104K(696832K), 0.0098166 secs] [Times: user=0.09 sys=0.00, real=0.01 secs] 
2016-09-13T20:19:00.187-0400: 53.171: [GC (GCLocker Initiated GC) [PSYoungGen: 130530K->32367K(172544K)] 265745K->167818K(696832K), 0.0124941 secs] [Times: user=0.12 sys=0.00, real=0.02 secs] 
2016-09-13T20:19:00.318-0400: 53.303: [GC (GCLocker Initiated GC) [PSYoungGen: 130159K->29576K(175104K)] 267372K->174581K(699392K), 0.0109842 secs] [Times: user=0.14 sys=0.00, real=0.01 secs] 
2016-09-13T20:19:00.460-0400: 53.445: [GC (GCLocker Initiated GC) [PSYoungGen: 127368K->46563K(184320K)] 272625K->192089K(708608K), 0.0083540 secs] [Times: user=0.12 sys=0.01, real=0.01 secs] 
2016-09-13T20:19:00.649-0400: 53.634: [GC (GCLocker Initiated GC) [PSYoungGen: 156643K->5652K(184320K)] 315843K->165140K(708608K), 0.0130956 secs] [Times: user=0.16 sys=0.00, real=0.01 secs] 
2016-09-13T20:19:00.848-0400: 53.833: [GC (GCLocker Initiated GC) [PSYoungGen: 115732K->20495K(185344K)] 287396K->192305K(709632K), 0.0045758 secs] [Times: user=0.04 sys=0.00, real=0.00 secs] 
2016-09-13T20:19:01.056-0400: 54.041: [GC (GCLocker Initiated GC) [PSYoungGen: 132623K->17457K(185856K)] 310688K->207915K(710144K), 0.0134386 secs] [Times: user=0.11 sys=0.00, real=0.01 secs] 
2016-09-13T20:19:01.263-0400: 54.248: [GC (GCLocker Initiated GC) [PSYoungGen: 129585K->9863K(187392K)] 332226K->212788K(711680K), 0.0146935 secs] [Times: user=0.14 sys=0.00, real=0.02 secs] 
2016-09-13T20:19:01.450-0400: 54.434: [GC (GCLocker Initiated GC) [PSYoungGen: 126087K->69290K(185856K)] 329187K->275877K(710144K), 0.0204673 secs] [Times: user=0.21 sys=0.00, real=0.02 secs] 
2016-09-13T20:19:01.648-0400: 54.633: [GC (GCLocker Initiated GC) [PSYoungGen: 185514K->5211K(174592K)] 404393K->228958K(698880K), 0.0034915 secs] [Times: user=0.03 sys=0.00, real=0.00 secs] 
2016-09-13T20:19:01.804-0400: 54.789: [GC (GCLocker Initiated GC) [PSYoungGen: 103515K->12837K(180224K)] 335010K->244534K(704512K), 0.0319927 secs] [Times: user=0.31 sys=0.00, real=0.04 secs] 
2016-09-13T20:19:02.005-0400: 54.990: [GC (GCLocker Initiated GC) [PSYoungGen: 111141K->38438K(175616K)] 346168K->273537K(699904K), 0.0064426 secs] [Times: user=0.04 sys=0.00, real=0.01 secs] 
2016-09-13T20:19:02.151-0400: 55.135: [GC (GCLocker Initiated GC) [PSYoungGen: 139302K->75334K(176640K)] 382275K->318496K(700928K), 0.0180987 secs] [Times: user=0.21 sys=0.00, real=0.02 secs] 
2016-09-13T20:19:02.316-0400: 55.301: [GC (GCLocker Initiated GC) [PSYoungGen: 176198K->32645K(177152K)] 419391K->330806K(701440K), 0.0096059 secs] [Times: user=0.10 sys=0.00, real=0.00 secs] 
2016-09-13T20:19:02.468-0400: 55.453: [GC (GCLocker Initiated GC) [PSYoungGen: 124293K->52395K(144384K)] 422462K->361405K(668672K), 0.0106432 secs] [Times: user=0.12 sys=0.00, real=0.01 secs] 
2016-09-13T20:19:02.607-0400: 55.592: [GC (GCLocker Initiated GC) [PSYoungGen: 144043K->29575K(179200K)] 454645K->341776K(703488K), 0.0070959 secs] [Times: user=0.06 sys=0.00, real=0.01 secs] 
2016-09-13T20:19:02.783-0400: 55.768: [GC (GCLocker Initiated GC) [PSYoungGen: 121735K->29480K(121856K)] 433955K->341921K(646144K), 0.0197691 secs] [Times: user=0.18 sys=0.00, real=0.02 secs] 
2016-09-13T20:19:02.905-0400: 55.889: [GC (GCLocker Initiated GC) [PSYoungGen: 121640K->44768K(171520K)] 434307K->365141K(695808K), 0.0246817 secs] [Times: user=0.25 sys=0.00, real=0.03 secs] 
2016-09-13T20:19:03.057-0400: 56.041: [GC (GCLocker Initiated GC) [PSYoungGen: 137440K->43148K(171008K)] 457836K->363666K(695296K), 0.0066461 secs] [Times: user=0.06 sys=0.00, real=0.00 secs] 
2016-09-13T20:19:03.206-0400: 56.191: [GC (GCLocker Initiated GC) [PSYoungGen: 135820K->46159K(181760K)] 456510K->374710K(706048K), 0.0086197 secs] [Times: user=0.09 sys=0.00, real=0.01 secs] 
2016-09-13T20:19:03.372-0400: 56.357: [GC (GCLocker Initiated GC) [PSYoungGen: 151119K->27993K(181760K)] 481415K->358432K(706048K), 0.0123006 secs] [Times: user=0.13 sys=0.00, real=0.01 secs] 
2016-09-13T20:19:03.549-0400: 56.534: [GC (GCLocker Initiated GC) [PSYoungGen: 132953K->23804K(183808K)] 471252K->362265K(708096K), 0.0072377 secs] [Times: user=0.07 sys=0.01, real=0.01 secs] 
2016-09-13T20:19:03.730-0400: 56.715: [GC (Allocation Failure) [PSYoungGen: 133884K->27998K(182784K)] 478594K->372976K(707072K), 0.0185321 secs] [Times: user=0.23 sys=0.01, real=0.02 secs] 
2016-09-13T20:19:03.904-0400: 56.889: [GC (GCLocker Initiated GC) [PSYoungGen: 138078K->49291K(183808K)] 483056K->394459K(708096K), 0.0068587 secs] [Times: user=0.05 sys=0.01, real=0.01 secs] 
2016-09-13T20:19:04.099-0400: 57.083: [GC (GCLocker Initiated GC) [PSYoungGen: 162955K->52383K(185856K)] 508155K->397886K(710144K), 0.0325284 secs] [Times: user=0.34 sys=0.00, real=0.03 secs] 
2016-09-13T20:19:04.299-0400: 57.283: [GC (GCLocker Initiated GC) [PSYoungGen: 166047K->46154K(187904K)] 517735K->404110K(712192K), 0.0107817 secs] [Times: user=0.10 sys=0.00, real=0.01 secs] 
2016-09-13T20:19:04.473-0400: 57.458: [GC (GCLocker Initiated GC) [PSYoungGen: 159306K->44794K(158208K)] 517463K->409180K(682496K), 0.0317566 secs] [Times: user=0.36 sys=0.00, real=0.03 secs] 
2016-09-13T20:19:04.672-0400: 57.657: [GC (GCLocker Initiated GC) [PSYoungGen: 157946K->44731K(186880K)] 523876K->410863K(711168K), 0.0258104 secs] [Times: user=0.27 sys=0.00, real=0.03 secs] 
2016-09-13T20:19:04.865-0400: 57.849: [GC (GCLocker Initiated GC) [PSYoungGen: 158907K->64352K(178688K)] 525308K->435447K(702976K), 0.0106279 secs] [Times: user=0.07 sys=0.01, real=0.01 secs] 
2016-09-13T20:19:05.053-0400: 58.038: [GC (GCLocker Initiated GC) [PSYoungGen: 178528K->18944K(184320K)] 555790K->396490K(708608K), 0.0100014 secs] [Times: user=0.08 sys=0.00, real=0.01 secs] 
2016-09-13T20:19:05.218-0400: 58.203: [GC (GCLocker Initiated GC) [PSYoungGen: 125440K->31030K(137728K)] 503041K->416427K(662016K), 0.0077274 secs] [Times: user=0.07 sys=0.00, real=0.00 secs] 
2016-09-13T20:19:05.400-0400: 58.385: [GC (GCLocker Initiated GC) [PSYoungGen: 137526K->9768K(181248K)] 524445K->396912K(705536K), 0.0050652 secs] [Times: user=0.04 sys=0.00, real=0.00 secs] 
2016-09-13T20:19:05.559-0400: 58.543: [GC (GCLocker Initiated GC) [PSYoungGen: 115240K->59859K(165376K)] 502562K->447367K(689664K), 0.0133694 secs] [Times: user=0.15 sys=0.00, real=0.01 secs] 
2016-09-13T20:19:05.762-0400: 58.747: [GC (GCLocker Initiated GC) [PSYoungGen: 165331K->5084K(178176K)] 565216K->423363K(702464K), 0.0060809 secs] [Times: user=0.06 sys=0.00, real=0.01 secs] 
2016-09-13T20:19:05.936-0400: 58.921: [GC (GCLocker Initiated GC) [PSYoungGen: 101340K->46191K(179200K)] 525723K->470756K(703488K), 0.0430762 secs] [Times: user=0.43 sys=0.00, real=0.04 secs] 
2016-09-13T20:19:06.134-0400: 59.119: [GC (GCLocker Initiated GC) [PSYoungGen: 142447K->24927K(173568K)] 573304K->460617K(697856K), 0.0126994 secs] [Times: user=0.11 sys=0.00, real=0.01 secs] 
2016-09-13T20:19:06.268-0400: 59.253: [GC (GCLocker Initiated GC) [PSYoungGen: 121695K->50620K(176640K)] 557411K->486521K(700928K), 0.0124555 secs] [Times: user=0.12 sys=0.01, real=0.01 secs] 
2016-09-13T20:19:06.415-0400: 59.400: [GC (Allocation Failure) [PSYoungGen: 147388K->47677K(181248K)] 583375K->491437K(705536K), 0.0290901 secs] [Times: user=0.33 sys=0.00, real=0.03 secs] 
2016-09-13T20:19:06.580-0400: 59.565: [GC (GCLocker Initiated GC) [PSYoungGen: 148029K->40265K(140800K)] 593309K->488748K(665088K), 0.0076917 secs] [Times: user=0.06 sys=0.00, real=0.01 secs] 
2016-09-13T20:19:06.712-0400: 59.697: [GC (GCLocker Initiated GC) [PSYoungGen: 140617K->46414K(178176K)] 590626K->496731K(702464K), 0.0148741 secs] [Times: user=0.17 sys=0.00, real=0.01 secs] 
2016-09-13T20:19:06.892-0400: 59.876: [GC (GCLocker Initiated GC) [PSYoungGen: 147278K->28088K(177664K)] 609913K->490957K(701952K), 0.0091207 secs] [Times: user=0.09 sys=0.01, real=0.01 secs] 
2016-09-13T20:19:07.072-0400: 60.056: [GC (GCLocker Initiated GC) [PSYoungGen: 128952K->43248K(183808K)] 591847K->506451K(708096K), 0.0145288 secs] [Times: user=0.14 sys=0.00, real=0.01 secs] 
2016-09-13T20:19:07.246-0400: 60.231: [GC (GCLocker Initiated GC) [PSYoungGen: 152816K->32736K(182784K)] 623639K->519000K(707072K), 0.0101687 secs] [Times: user=0.11 sys=0.00, real=0.02 secs] 
2016-09-13T20:19:07.447-0400: 60.432: [GC (GCLocker Initiated GC) [PSYoungGen: 142304K->16029K(184832K)] 640845K->529920K(709120K), 0.0108010 secs] [Times: user=0.10 sys=0.00, real=0.02 secs] 
2016-09-13T20:19:07.458-0400: 60.443: [Full GC (Ergonomics) [PSYoungGen: 16029K->0K(184832K)] [ParOldGen: 513891K->36792K(524288K)] 529920K->36792K(709120K), [Metaspace: 44358K->44358K(1087488K)], 0.0555520 secs] [Times: user=0.36 sys=0.01, real=0.05 secs] 
2016-09-13T20:19:07.663-0400: 60.647: [GC (GCLocker Initiated GC) [PSYoungGen: 114176K->67735K(182272K)] 151063K->110697K(706560K), 0.0078624 secs] [Times: user=0.07 sys=0.01, real=0.01 secs] 
2016-09-13T20:19:07.837-0400: 60.822: [GC (GCLocker Initiated GC) [PSYoungGen: 181911K->20334K(183808K)] 224880K->95624K(708096K), 0.0068746 secs] [Times: user=0.04 sys=0.00, real=0.00 secs] 
2016-09-13T20:19:08.008-0400: 60.993: [GC (GCLocker Initiated GC) [PSYoungGen: 124782K->38630K(143360K)] 206174K->120395K(667648K), 0.0064269 secs] [Times: user=0.07 sys=0.00, real=0.00 secs] 
2016-09-13T20:19:08.188-0400: 61.172: [GC (GCLocker Initiated GC) [PSYoungGen: 143078K->41757K(181248K)] 224847K->138924K(705536K), 0.0071275 secs] [Times: user=0.08 sys=0.00, real=0.01 secs] 
2016-09-13T20:19:08.333-0400: 61.318: [GC (GCLocker Initiated GC) [PSYoungGen: 148253K->51237K(179200K)] 245628K->148869K(703488K), 0.0071369 secs] [Times: user=0.08 sys=0.00, real=0.01 secs] 
2016-09-13T20:19:08.516-0400: 61.501: [GC (GCLocker Initiated GC) [PSYoungGen: 157733K->32741K(186368K)] 255529K->135351K(710656K), 0.0062760 secs] [Times: user=0.08 sys=0.00, real=0.00 secs] 
2016-09-13T20:19:08.695-0400: 61.680: [GC (GCLocker Initiated GC) [PSYoungGen: 147429K->60074K(175104K)] 250294K->167752K(699392K), 0.0098546 secs] [Times: user=0.14 sys=0.01, real=0.01 secs] 
2016-09-13T20:19:08.899-0400: 61.883: [GC (GCLocker Initiated GC) [PSYoungGen: 174762K->46345K(186880K)] 284172K->155852K(711168K), 0.0112090 secs] [Times: user=0.14 sys=0.00, real=0.01 secs] 
2016-09-13T20:19:09.068-0400: 62.052: [GC (Allocation Failure) [PSYoungGen: 156425K->50874K(185344K)] 266038K->160759K(709632K), 0.0213943 secs] [Times: user=0.20 sys=0.00, real=0.02 secs] 
2016-09-13T20:19:09.246-0400: 62.230: [GC (GCLocker Initiated GC) [PSYoungGen: 158018K->28296K(185856K)] 273978K->159697K(710144K), 0.0219277 secs] [Times: user=0.29 sys=0.00, real=0.03 secs] 
2016-09-13T20:19:09.447-0400: 62.432: [GC (GCLocker Initiated GC) [PSYoungGen: 139400K->14737K(185856K)] 284582K->160360K(710144K), 0.0107662 secs] [Times: user=0.15 sys=0.00, real=0.02 secs] 
2016-09-13T20:19:09.662-0400: 62.647: [GC (GCLocker Initiated GC) [PSYoungGen: 125841K->32804K(182272K)] 283795K->190992K(706560K), 0.0079079 secs] [Times: user=0.08 sys=0.00, real=0.01 secs] 
2016-09-13T20:19:09.849-0400: 62.834: [GC (GCLocker Initiated GC) [PSYoungGen: 144420K->41635K(184320K)] 310323K->207819K(708608K), 0.0065576 secs] [Times: user=0.07 sys=0.00, real=0.01 secs] 
2016-09-13T20:19:10.033-0400: 63.018: [GC (GCLocker Initiated GC) [PSYoungGen: 153251K->29611K(186368K)] 319678K->196235K(710656K), 0.0265469 secs] [Times: user=0.36 sys=0.00, real=0.03 secs] 
2016-09-13T20:19:10.224-0400: 63.208: [GC (GCLocker Initiated GC) [PSYoungGen: 148395K->51210K(187904K)] 315270K->218342K(712192K), 0.0100095 secs] [Times: user=0.14 sys=0.00, real=0.01 secs] 
2016-09-13T20:19:10.406-0400: 63.391: [GC (GCLocker Initiated GC) [PSYoungGen: 169994K->11322K(188928K)] 344929K->186517K(713216K), 0.0119115 secs] [Times: user=0.09 sys=0.00, real=0.02 secs] 
2016-09-13T20:19:10.607-0400: 63.592: [GC (GCLocker Initiated GC) [PSYoungGen: 129082K->9830K(128000K)] 310531K->191472K(652288K), 0.0114683 secs] [Times: user=0.11 sys=0.00, real=0.02 secs] 
2016-09-13T20:19:10.806-0400: 63.791: [GC (GCLocker Initiated GC) [PSYoungGen: 127590K->12894K(189440K)] 315485K->201120K(713728K), 0.0034522 secs] [Times: user=0.02 sys=0.00, real=0.01 secs] 
2016-09-13T20:19:11.010-0400: 63.994: [GC (GCLocker Initiated GC) [PSYoungGen: 129118K->14632K(131072K)] 325058K->210904K(655360K), 0.0236910 secs] [Times: user=0.22 sys=0.00, real=0.02 secs] 
2016-09-13T20:19:11.219-0400: 64.204: [GC (GCLocker Initiated GC) [PSYoungGen: 130856K->46249K(185344K)] 327203K->242888K(709632K), 0.0239036 secs] [Times: user=0.25 sys=0.00, real=0.02 secs] 
2016-09-13T20:19:11.407-0400: 64.392: [GC (GCLocker Initiated GC) [PSYoungGen: 160425K->27928K(187392K)] 358650K->235542K(711680K), 0.0062406 secs] [Times: user=0.05 sys=0.01, real=0.01 secs] 
2016-09-13T20:19:11.610-0400: 64.594: [GC (GCLocker Initiated GC) [PSYoungGen: 142104K->61447K(177152K)] 362164K->293940K(701440K), 0.0236799 secs] [Times: user=0.26 sys=0.00, real=0.02 secs] 
2016-09-13T20:19:11.808-0400: 64.793: [GC (GCLocker Initiated GC) [PSYoungGen: 168967K->5371K(113152K)] 407639K->298959K(637440K), 0.0248772 secs] [Times: user=0.27 sys=0.00, real=0.02 secs] 
2016-09-13T20:19:11.977-0400: 64.962: [GC (GCLocker Initiated GC) [PSYoungGen: 112891K->18944K(186880K)] 408090K->318933K(711168K), 0.0111140 secs] [Times: user=0.11 sys=0.00, real=0.01 secs] 
2016-09-13T20:19:12.120-0400: 65.105: [GC (GCLocker Initiated GC) [PSYoungGen: 128000K->43149K(184320K)] 428069K->354083K(708608K), 0.0146501 secs] [Times: user=0.15 sys=0.00, real=0.01 secs] 
2016-09-13T20:19:12.299-0400: 65.284: [GC (GCLocker Initiated GC) [PSYoungGen: 152205K->50874K(181248K)] 463255K->362138K(705536K), 0.0106314 secs] [Times: user=0.10 sys=0.00, real=0.01 secs] 
2016-09-13T20:19:12.489-0400: 65.473: [GC (GCLocker Initiated GC) [PSYoungGen: 156346K->44603K(183808K)] 467621K->356159K(708096K), 0.0295003 secs] [Times: user=0.31 sys=0.00, real=0.03 secs] 
2016-09-13T20:19:12.660-0400: 65.645: [GC (GCLocker Initiated GC) [PSYoungGen: 150075K->50656K(180736K)] 461653K->363883K(705024K), 0.0087130 secs] [Times: user=0.07 sys=0.00, real=0.01 secs] 
2016-09-13T20:19:12.809-0400: 65.794: [GC (GCLocker Initiated GC) [PSYoungGen: 153056K->31211K(133632K)] 466498K->355431K(657920K), 0.0081136 secs] [Times: user=0.07 sys=0.00, real=0.01 secs] 
2016-09-13T20:19:12.984-0400: 65.968: [GC (GCLocker Initiated GC) [PSYoungGen: 133611K->46159K(180224K)] 459516K->372415K(704512K), 0.0135576 secs] [Times: user=0.13 sys=0.00, real=0.02 secs] 
2016-09-13T20:19:13.142-0400: 66.127: [GC (GCLocker Initiated GC) [PSYoungGen: 150095K->23472K(180224K)] 485695K->359192K(704512K), 0.0047844 secs] [Times: user=0.04 sys=0.00, real=0.00 secs] 
2016-09-13T20:19:13.320-0400: 66.305: [GC (GCLocker Initiated GC) [PSYoungGen: 127408K->23249K(184320K)] 469208K->365164K(708608K), 0.0098668 secs] [Times: user=0.07 sys=0.00, real=0.01 secs] 
2016-09-13T20:19:13.519-0400: 66.504: [GC (GCLocker Initiated GC) [PSYoungGen: 134353K->27838K(183808K)] 476287K->369973K(708096K), 0.0202704 secs] [Times: user=0.21 sys=0.00, real=0.02 secs] 
2016-09-13T20:19:13.711-0400: 66.696: [GC (GCLocker Initiated GC) [PSYoungGen: 138942K->46280K(184320K)] 487389K->396440K(708608K), 0.0200999 secs] [Times: user=0.17 sys=0.00, real=0.02 secs] 
2016-09-13T20:19:13.898-0400: 66.882: [GC (GCLocker Initiated GC) [PSYoungGen: 160968K->29543K(185856K)] 523381K->392232K(710144K), 0.0191463 secs] [Times: user=0.17 sys=0.00, real=0.02 secs] 
2016-09-13T20:19:14.099-0400: 67.083: [GC (GCLocker Initiated GC) [PSYoungGen: 144231K->46217K(188416K)] 513127K->415317K(712704K), 0.0068663 secs] [Times: user=0.05 sys=0.00, real=0.00 secs] 
2016-09-13T20:19:14.298-0400: 67.283: [GC (GCLocker Initiated GC) [PSYoungGen: 166537K->43185K(189440K)] 535718K->417222K(713728K), 0.0092931 secs] [Times: user=0.09 sys=0.01, real=0.01 secs] 
2016-09-13T20:19:14.499-0400: 67.483: [GC (GCLocker Initiated GC) [PSYoungGen: 163505K->27993K(189440K)] 545289K->410018K(713728K), 0.0103519 secs] [Times: user=0.12 sys=0.00, real=0.01 secs] 
2016-09-13T20:19:14.699-0400: 67.684: [GC (GCLocker Initiated GC) [PSYoungGen: 152409K->47677K(191488K)] 540544K->439054K(715776K), 0.0183861 secs] [Times: user=0.16 sys=0.00, real=0.02 secs] 
2016-09-13T20:19:14.898-0400: 67.883: [GC (GCLocker Initiated GC) [PSYoungGen: 172093K->58533K(184320K)] 563694K->451854K(708608K), 0.0097787 secs] [Times: user=0.09 sys=0.00, real=0.01 secs] 
2016-09-13T20:19:15.091-0400: 68.076: [GC (GCLocker Initiated GC) [PSYoungGen: 174245K->40079K(188928K)] 573802K->447499K(713216K), 0.0291551 secs] [Times: user=0.29 sys=0.00, real=0.03 secs] 
2016-09-13T20:19:15.307-0400: 68.292: [GC (GCLocker Initiated GC) [PSYoungGen: 155791K->23314K(185856K)] 564858K->432453K(710144K), 0.0239410 secs] [Times: user=0.25 sys=0.00, real=0.03 secs] 
2016-09-13T20:19:15.499-0400: 68.483: [GC (GCLocker Initiated GC) [PSYoungGen: 141586K->23685K(188416K)] 559969K->442230K(712704K), 0.0102347 secs] [Times: user=0.11 sys=0.00, real=0.01 secs] 
2016-09-13T20:19:15.700-0400: 68.684: [GC (GCLocker Initiated GC) [PSYoungGen: 141957K->32549K(185856K)] 560524K->451487K(710144K), 0.0318803 secs] [Times: user=0.31 sys=0.00, real=0.03 secs] 
2016-09-13T20:19:15.918-0400: 68.903: [GC (GCLocker Initiated GC) [PSYoungGen: 155429K->47768K(189440K)] 575907K->476074K(713728K), 0.0117924 secs] [Times: user=0.11 sys=0.00, real=0.01 secs] 
2016-09-13T20:19:16.102-0400: 69.087: [GC (GCLocker Initiated GC) [PSYoungGen: 170648K->23345K(195072K)] 600538K->455014K(719360K), 0.0125798 secs] [Times: user=0.12 sys=0.00, real=0.01 secs] 
2016-09-13T20:19:16.298-0400: 69.283: [GC (GCLocker Initiated GC) [PSYoungGen: 150833K->47673K(175616K)] 590136K->487220K(699904K), 0.0076374 secs] [Times: user=0.06 sys=0.01, real=0.00 secs] 
2016-09-13T20:19:16.503-0400: 69.488: [GC (GCLocker Initiated GC) [PSYoungGen: 175161K->44545K(194048K)] 614741K->488878K(718336K), 0.0229546 secs] [Times: user=0.20 sys=0.01, real=0.02 secs] 
2016-09-13T20:19:16.701-0400: 69.686: [GC (GCLocker Initiated GC) [PSYoungGen: 169985K->44667K(170496K)] 615859K->492116K(694784K), 0.0169606 secs] [Times: user=0.15 sys=0.00, real=0.02 secs] 
2016-09-13T20:19:16.898-0400: 69.883: [GC (GCLocker Initiated GC) [PSYoungGen: 170107K->64532K(180224K)] 617562K->525802K(704512K), 0.0230165 secs] [Times: user=0.24 sys=0.01, real=0.02 secs] 
2016-09-13T20:19:17.117-0400: 70.102: [GC (GCLocker Initiated GC) [PSYoungGen: 177172K->49292K(187392K)] 638477K->515567K(711680K), 0.0251056 secs] [Times: user=0.27 sys=0.01, real=0.02 secs] 
2016-09-13T20:19:17.302-0400: 70.287: [GC (Allocation Failure) [PSYoungGen: 161932K->43213K(181760K)] 628240K->511198K(706048K), 0.0107128 secs] [Times: user=0.09 sys=0.00, real=0.01 secs] 
2016-09-13T20:19:17.514-0400: 70.498: [GC (GCLocker Initiated GC) [PSYoungGen: 154799K->46255K(184832K)] 628859K->525049K(709120K), 0.0110085 secs] [Times: user=0.10 sys=0.00, real=0.01 secs] 
2016-09-13T20:19:17.692-0400: 70.677: [GC (GCLocker Initiated GC) [PSYoungGen: 159407K->5269K(184832K)] 652088K->498119K(709120K), 0.0076100 secs] [Times: user=0.07 sys=0.00, real=0.01 secs] 
2016-09-13T20:19:17.892-0400: 70.877: [GC (GCLocker Initiated GC) [PSYoungGen: 119957K->49164K(164352K)] 613168K->542628K(688640K), 0.0209530 secs] [Times: user=0.16 sys=0.00, real=0.02 secs] 
2016-09-13T20:19:18.086-0400: 71.070: [GC (GCLocker Initiated GC) [PSYoungGen: 163852K->29475K(189440K)] 663416K->529181K(713728K), 0.0216413 secs] [Times: user=0.24 sys=0.00, real=0.02 secs] 
2016-09-13T20:19:18.259-0400: 71.243: [GC (Allocation Failure) [PSYoungGen: 144675K->32581K(147968K)] 650515K->550835K(672256K), 0.0089655 secs] [Times: user=0.09 sys=0.00, real=0.01 secs] 
2016-09-13T20:19:18.268-0400: 71.252: [Full GC (Ergonomics) [PSYoungGen: 32581K->0K(147968K)] [ParOldGen: 518254K->37043K(524288K)] 550835K->37043K(672256K), [Metaspace: 44378K->44378K(1087488K)], 0.0529048 secs] [Times: user=0.29 sys=0.01, real=0.05 secs] 
2016-09-13T20:19:18.468-0400: 71.452: [GC (GCLocker Initiated GC) [PSYoungGen: 115200K->64549K(178688K)] 152248K->113748K(702976K), 0.0074134 secs] [Times: user=0.07 sys=0.00, real=0.00 secs] 
2016-09-13T20:19:18.633-0400: 71.618: [GC (GCLocker Initiated GC) [PSYoungGen: 173093K->31248K(185344K)] 222302K->86828K(709632K), 0.0066612 secs] [Times: user=0.09 sys=0.00, real=0.01 secs] 
2016-09-13T20:19:18.808-0400: 71.793: [GC (GCLocker Initiated GC) [PSYoungGen: 139792K->11227K(184320K)] 201472K->79367K(708608K), 0.0053519 secs] [Times: user=0.03 sys=0.01, real=0.00 secs] 
2016-09-13T20:19:18.979-0400: 71.964: [GC (GCLocker Initiated GC) [PSYoungGen: 120795K->50843K(160768K)] 189044K->126908K(685056K), 0.0083722 secs] [Times: user=0.09 sys=0.01, real=0.01 secs] 
2016-09-13T20:19:19.148-0400: 72.133: [GC (GCLocker Initiated GC) [PSYoungGen: 160411K->5247K(180736K)] 245761K->90842K(705024K), 0.0083558 secs] [Times: user=0.10 sys=0.00, real=0.01 secs] 
2016-09-13T20:19:19.325-0400: 72.310: [GC (GCLocker Initiated GC) [PSYoungGen: 108671K->46282K(182784K)] 194431K->132381K(707072K), 0.0084817 secs] [Times: user=0.09 sys=0.00, real=0.01 secs] 
2016-09-13T20:19:19.499-0400: 72.483: [GC (GCLocker Initiated GC) [PSYoungGen: 149706K->38757K(176128K)] 242038K->131310K(700416K), 0.0097468 secs] [Times: user=0.11 sys=0.00, real=0.01 secs] 
2016-09-13T20:19:19.675-0400: 72.660: [GC (GCLocker Initiated GC) [PSYoungGen: 142693K->46282K(179712K)] 235419K->139218K(704000K), 0.0133286 secs] [Times: user=0.14 sys=0.01, real=0.02 secs] 
2016-09-13T20:19:19.851-0400: 72.836: [GC (GCLocker Initiated GC) [PSYoungGen: 150218K->28264K(181760K)] 249320K->127572K(706048K), 0.0096300 secs] [Times: user=0.11 sys=0.01, real=0.01 secs] 
2016-09-13T20:19:20.060-0400: 73.045: [GC (GCLocker Initiated GC) [PSYoungGen: 139368K->46345K(184320K)] 246405K->153623K(708608K), 0.0222267 secs] [Times: user=0.26 sys=0.00, real=0.02 secs] 
2016-09-13T20:19:20.242-0400: 73.227: [GC (GCLocker Initiated GC) [PSYoungGen: 157449K->40547K(183808K)] 264755K->148078K(708096K), 0.0075664 secs] [Times: user=0.08 sys=0.00, real=0.01 secs] 
2016-09-13T20:19:20.446-0400: 73.430: [GC (GCLocker Initiated GC) [PSYoungGen: 156259K->28030K(186368K)] 276088K->158929K(710656K), 0.0067147 secs] [Times: user=0.08 sys=0.00, real=0.01 secs] 
2016-09-13T20:19:20.656-0400: 73.640: [GC (GCLocker Initiated GC) [PSYoungGen: 143742K->27998K(187392K)] 282491K->166910K(711680K), 0.0094217 secs] [Times: user=0.10 sys=0.00, real=0.00 secs] 
2016-09-13T20:19:20.839-0400: 73.823: [GC (GCLocker Initiated GC) [PSYoungGen: 150366K->32613K(189952K)] 289392K->171809K(714240K), 0.0105989 secs] [Times: user=0.12 sys=0.01, real=0.01 secs] 
2016-09-13T20:19:21.026-0400: 74.011: [GC (Allocation Failure) [PSYoungGen: 154981K->34282K(189440K)] 294199K->173580K(713728K), 0.0103612 secs] [Times: user=0.11 sys=0.01, real=0.02 secs] 
2016-09-13T20:19:21.244-0400: 74.228: [GC (GCLocker Initiated GC) [PSYoungGen: 162087K->7967K(192000K)] 307460K->154973K(716288K), 0.0114860 secs] [Times: user=0.09 sys=0.00, real=0.01 secs] 
2016-09-13T20:19:21.446-0400: 74.431: [GC (GCLocker Initiated GC) [PSYoungGen: 137503K->32676K(195072K)] 290690K->186033K(719360K), 0.0064090 secs] [Times: user=0.05 sys=0.00, real=0.01 secs] 
2016-09-13T20:19:21.664-0400: 74.649: [GC (GCLocker Initiated GC) [PSYoungGen: 168356K->33945K(196608K)] 321739K->187571K(720896K), 0.0174975 secs] [Times: user=0.14 sys=0.00, real=0.02 secs] 
2016-09-13T20:19:21.890-0400: 74.875: [GC (Allocation Failure) [PSYoungGen: 169625K->43089K(199680K)] 331027K->207731K(723968K), 0.0231752 secs] [Times: user=0.21 sys=0.00, real=0.02 secs] 
2016-09-13T20:19:22.148-0400: 75.132: [GC (Allocation Failure) [PSYoungGen: 183889K->41756K(200704K)] 348531K->206536K(724992K), 0.0308151 secs] [Times: user=0.31 sys=0.01, real=0.04 secs] 
2016-09-13T20:19:22.380-0400: 75.365: [GC (GCLocker Initiated GC) [PSYoungGen: 182556K->26437K(200704K)] 347339K->191567K(724992K), 0.0129898 secs] [Times: user=0.12 sys=0.01, real=0.01 secs] 
2016-09-13T20:19:22.599-0400: 75.584: [GC (GCLocker Initiated GC) [PSYoungGen: 168261K->18785K(201216K)] 333413K->184083K(725504K), 0.0113642 secs] [Times: user=0.09 sys=0.00, real=0.01 secs] 
2016-09-13T20:19:22.825-0400: 75.810: [GC (GCLocker Initiated GC) [PSYoungGen: 160609K->25135K(199680K)] 327520K->193770K(723968K), 0.0159482 secs] [Times: user=0.14 sys=0.00, real=0.02 secs] 
2016-09-13T20:19:23.050-0400: 76.035: [GC (GCLocker Initiated GC) [PSYoungGen: 168495K->43117K(201216K)] 337155K->211904K(725504K), 0.0237974 secs] [Times: user=0.22 sys=0.00, real=0.02 secs] 
2016-09-13T20:19:23.288-0400: 76.272: [GC (GCLocker Initiated GC) [PSYoungGen: 186477K->43026K(200704K)] 355302K->217998K(724992K), 0.0369745 secs] [Times: user=0.35 sys=0.01, real=0.03 secs] 
2016-09-13T20:19:23.529-0400: 76.514: [GC (Allocation Failure) [PSYoungGen: 184338K->9826K(151552K)] 365653K->191272K(675840K), 0.0128920 secs] [Times: user=0.13 sys=0.00, real=0.01 secs] 
2016-09-13T20:19:23.757-0400: 76.741: [GC (Allocation Failure) [PSYoungGen: 151138K->27902K(202752K)] 332584K->209462K(727040K), 0.0264642 secs] [Times: user=0.26 sys=0.00, real=0.02 secs] 
2016-09-13T20:19:23.971-0400: 76.956: [GC (GCLocker Initiated GC) [PSYoungGen: 168702K->31057K(172032K)] 350263K->212837K(696320K), 0.0107700 secs] [Times: user=0.11 sys=0.00, real=0.01 secs] 
2016-09-13T20:19:24.216-0400: 77.201: [GC (GCLocker Initiated GC) [PSYoungGen: 171857K->42032K(196096K)] 356833K->227221K(720384K), 0.0192649 secs] [Times: user=0.19 sys=0.00, real=0.02 secs] 
2016-09-13T20:19:24.449-0400: 77.433: [GC (GCLocker Initiated GC) [PSYoungGen: 181296K->32421K(197632K)] 372711K->224050K(721920K), 0.0405037 secs] [Times: user=0.46 sys=0.00, real=0.04 secs] 
2016-09-13T20:19:24.684-0400: 77.669: [GC (GCLocker Initiated GC) [PSYoungGen: 171685K->43461K(200704K)] 363506K->238474K(724992K), 0.0169060 secs] [Times: user=0.18 sys=0.01, real=0.02 secs] 
2016-09-13T20:19:24.911-0400: 77.895: [GC (GCLocker Initiated GC) [PSYoungGen: 188357K->19034K(202752K)] 395545K->226487K(727040K), 0.0034505 secs] [Times: user=0.03 sys=0.00, real=0.00 secs] 
2016-09-13T20:19:25.159-0400: 78.144: [GC (GCLocker Initiated GC) [PSYoungGen: 163930K->23496K(201216K)] 379337K->248232K(725504K), 0.0048114 secs] [Times: user=0.04 sys=0.00, real=0.00 secs] 
2016-09-13T20:19:25.402-0400: 78.387: [GC (GCLocker Initiated GC) [PSYoungGen: 169928K->14579K(202752K)] 400887K->245627K(727040K), 0.0183765 secs] [Times: user=0.24 sys=0.00, real=0.02 secs] 
2016-09-13T20:19:25.657-0400: 78.642: [GC (GCLocker Initiated GC) [PSYoungGen: 161011K->32517K(203264K)] 398310K->270178K(727552K), 0.0080445 secs] [Times: user=0.10 sys=0.00, real=0.00 secs] 
2016-09-13T20:19:25.901-0400: 78.885: [GC (GCLocker Initiated GC) [PSYoungGen: 181509K->25055K(204288K)] 426794K->273476K(728576K), 0.0232927 secs] [Times: user=0.27 sys=0.00, real=0.02 secs] 
2016-09-13T20:19:26.151-0400: 79.135: [GC (GCLocker Initiated GC) [PSYoungGen: 174047K->24955K(204800K)] 427121K->278297K(729088K), 0.0172565 secs] [Times: user=0.20 sys=0.00, real=0.02 secs] 
2016-09-13T20:19:26.419-0400: 79.403: [GC (Allocation Failure) [PSYoungGen: 178555K->5398K(205312K)] 438199K->288138K(729600K), 0.0097859 secs] [Times: user=0.11 sys=0.01, real=0.01 secs] 
2016-09-13T20:19:26.648-0400: 79.633: [GC (GCLocker Initiated GC) [PSYoungGen: 158998K->46536K(199168K)] 441744K->329501K(723456K), 0.0090102 secs] [Times: user=0.10 sys=0.00, real=0.01 secs] 
2016-09-13T20:19:26.902-0400: 79.886: [GC (GCLocker Initiated GC) [PSYoungGen: 191944K->41662K(187392K)] 488628K->338563K(711680K), 0.0114035 secs] [Times: user=0.14 sys=0.00, real=0.01 secs] 
2016-09-13T20:19:27.148-0400: 80.133: [GC (GCLocker Initiated GC) [PSYoungGen: 187070K->8248K(200704K)] 484107K->317566K(724992K), 0.0278550 secs] [Times: user=0.30 sys=0.01, real=0.03 secs] 
2016-09-13T20:19:27.364-0400: 80.348: [GC (GCLocker Initiated GC) [PSYoungGen: 148536K->26373K(166912K)] 457856K->335886K(691200K), 0.0057036 secs] [Times: user=0.05 sys=0.00, real=0.01 secs] 
2016-09-13T20:19:27.605-0400: 80.590: [GC (GCLocker Initiated GC) [PSYoungGen: 166661K->25024K(201216K)] 477892K->336409K(725504K), 0.0203002 secs] [Times: user=0.20 sys=0.01, real=0.02 secs] 
2016-09-13T20:19:27.856-0400: 80.840: [GC (GCLocker Initiated GC) [PSYoungGen: 168384K->20617K(198656K)] 491935K->344355K(722944K), 0.0042238 secs] [Times: user=0.04 sys=0.00, real=0.00 secs] 
2016-09-13T20:19:28.125-0400: 81.109: [GC (GCLocker Initiated GC) [PSYoungGen: 163977K->28088K(204288K)] 495356K->362664K(728576K), 0.0291304 secs] [Times: user=0.28 sys=0.00, real=0.03 secs] 
2016-09-13T20:19:28.361-0400: 81.345: [GC (Allocation Failure) [PSYoungGen: 179640K->47700K(202752K)] 514459K->388853K(727040K), 0.0076296 secs] [Times: user=0.06 sys=0.01, real=0.01 secs] 
2016-09-13T20:19:28.597-0400: 81.582: [GC (GCLocker Initiated GC) [PSYoungGen: 199252K->32922K(206848K)] 540408K->397137K(731136K), 0.0083453 secs] [Times: user=0.11 sys=0.00, real=0.00 secs] 
2016-09-13T20:19:28.861-0400: 81.845: [GC (Allocation Failure) [PSYoungGen: 182938K->8121K(205312K)] 559386K->384774K(729600K), 0.0218652 secs] [Times: user=0.19 sys=0.01, real=0.02 secs] 
2016-09-13T20:19:28.883-0400: 81.867: [GC (GCLocker Initiated GC) [PSYoungGen: 8362K->64K(201728K)] 385014K->386290K(726016K), 0.0028233 secs] [Times: user=0.03 sys=0.00, real=0.00 secs] 
2016-09-13T20:19:29.108-0400: 82.092: [GC (GCLocker Initiated GC) [PSYoungGen: 142160K->52482K(198144K)] 534462K->456934K(722432K), 0.0109526 secs] [Times: user=0.11 sys=0.00, real=0.01 secs] 
2016-09-13T20:19:29.355-0400: 82.339: [GC (GCLocker Initiated GC) [PSYoungGen: 197890K->9895K(197120K)] 608512K->449756K(721408K), 0.0288738 secs] [Times: user=0.36 sys=0.01, real=0.03 secs] 
2016-09-13T20:19:29.567-0400: 82.551: [GC (Allocation Failure) [PSYoungGen: 143015K->41502K(175104K)] 583113K->481706K(699392K), 0.0079421 secs] [Times: user=0.05 sys=0.00, real=0.01 secs] 
2016-09-13T20:19:29.750-0400: 82.734: [GC (Allocation Failure) [PSYoungGen: 174622K->27870K(199168K)] 614826K->468255K(723456K), 0.0054292 secs] [Times: user=0.05 sys=0.00, real=0.00 secs] 
2016-09-13T20:19:29.974-0400: 82.959: [GC (GCLocker Initiated GC) [PSYoungGen: 160286K->46217K(195584K)] 602190K->488390K(719872K), 0.0114525 secs] [Times: user=0.09 sys=0.00, real=0.01 secs] 
2016-09-13T20:19:30.218-0400: 83.203: [GC (GCLocker Initiated GC) [PSYoungGen: 178825K->47704K(189440K)] 622556K->491644K(713728K), 0.0220368 secs] [Times: user=0.22 sys=0.00, real=0.02 secs] 
2016-09-13T20:19:30.440-0400: 83.425: [GC (Allocation Failure) [PSYoungGen: 170584K->20276K(192512K)] 620948K->478510K(716800K), 0.0236656 secs] [Times: user=0.20 sys=0.01, real=0.02 secs] 
2016-09-13T20:19:30.623-0400: 83.608: [GC (GCLocker Initiated GC) [PSYoungGen: 141768K->26437K(185344K)] 601521K->486301K(709632K), 0.0073021 secs] [Times: user=0.06 sys=0.00, real=0.01 secs] 
2016-09-13T20:19:30.820-0400: 83.805: [GC (GCLocker Initiated GC) [PSYoungGen: 151365K->47862K(189440K)] 611335K->508029K(713728K), 0.0255186 secs] [Times: user=0.28 sys=0.00, real=0.02 secs] 
2016-09-13T20:19:31.027-0400: 84.012: [GC (GCLocker Initiated GC) [PSYoungGen: 172790K->26506K(195072K)] 636263K->490267K(719360K), 0.0175715 secs] [Times: user=0.20 sys=0.00, real=0.02 secs] 
2016-09-13T20:19:31.255-0400: 84.239: [GC (Allocation Failure) [PSYoungGen: 156042K->26473K(156160K)] 626046K->502674K(680448K), 0.0131564 secs] [Times: user=0.11 sys=0.00, real=0.02 secs] 
2016-09-13T20:19:31.451-0400: 84.436: [GC (GCLocker Initiated GC) [PSYoungGen: 156009K->43117K(192512K)] 632213K->519660K(716800K), 0.0208428 secs] [Times: user=0.18 sys=0.01, real=0.02 secs] 
2016-09-13T20:19:31.660-0400: 84.644: [GC (GCLocker Initiated GC) [PSYoungGen: 173165K->26473K(194048K)] 655818K->509250K(718336K), 0.0053107 secs] [Times: user=0.04 sys=0.00, real=0.00 secs] 
2016-09-13T20:19:31.860-0400: 84.845: [GC (Allocation Failure) [PSYoungGen: 156521K->39956K(196608K)] 639395K->524616K(720896K), 0.0249923 secs] [Times: user=0.26 sys=0.00, real=0.02 secs] 
2016-09-13T20:19:32.082-0400: 85.066: [GC (GCLocker Initiated GC) [PSYoungGen: 175124K->50806K(186368K)] 659790K->535622K(710656K), 0.0246854 secs] [Times: user=0.24 sys=0.01, real=0.02 secs] 
2016-09-13T20:19:32.301-0400: 85.285: [GC (GCLocker Initiated GC) [PSYoungGen: 185974K->61404K(182272K)] 671146K->546699K(706560K), 0.0162794 secs] [Times: user=0.15 sys=0.00, real=0.02 secs] 
2016-09-13T20:19:32.507-0400: 85.492: [GC (GCLocker Initiated GC) [PSYoungGen: 178140K->46032K(189440K)] 665111K->533259K(713728K), 0.0258793 secs] [Times: user=0.29 sys=0.00, real=0.03 secs] 
2016-09-13T20:19:32.707-0400: 85.691: [GC (GCLocker Initiated GC) [PSYoungGen: 162768K->40019K(184320K)] 657849K->535174K(708608K), 0.0102686 secs] [Times: user=0.08 sys=0.00, real=0.02 secs] 
2016-09-13T20:19:32.915-0400: 85.900: [GC (GCLocker Initiated GC) [PSYoungGen: 156755K->44571K(186880K)] 651927K->539953K(711168K), 0.0175393 secs] [Times: user=0.20 sys=0.01, real=0.02 secs] 
2016-09-13T20:19:33.114-0400: 86.098: [GC (GCLocker Initiated GC) [PSYoungGen: 161307K->53593K(187904K)] 659948K->560017K(712192K), 0.0081296 secs] [Times: user=0.07 sys=0.00, real=0.01 secs] 
2016-09-13T20:19:33.288-0400: 86.272: [GC (GCLocker Initiated GC) [PSYoungGen: 172377K->44789K(190464K)] 678934K->551394K(714752K), 0.0284446 secs] [Times: user=0.38 sys=0.01, real=0.03 secs] 
2016-09-13T20:19:33.489-0400: 86.474: [Full GC (Ergonomics) [PSYoungGen: 163573K->0K(190464K)] [ParOldGen: 512711K->39094K(524288K)] 676284K->39094K(714752K), [Metaspace: 44480K->44480K(1087488K)], 0.0587964 secs] [Times: user=0.36 sys=0.01, real=0.06 secs] 
2016-09-13T20:19:33.702-0400: 86.686: [GC (GCLocker Initiated GC) [PSYoungGen: 118784K->69408K(176128K)] 160994K->119212K(700416K), 0.0161061 secs] [Times: user=0.17 sys=0.00, real=0.02 secs] 
2016-09-13T20:19:33.848-0400: 86.833: [GC (GCLocker Initiated GC) [PSYoungGen: 174880K->49404K(183808K)] 224706K->110337K(708096K), 0.0141754 secs] [Times: user=0.14 sys=0.01, real=0.01 secs] 
2016-09-13T20:19:34.041-0400: 87.026: [GC (GCLocker Initiated GC) [PSYoungGen: 154876K->41475K(177152K)] 215934K->110387K(701440K), 0.0122083 secs] [Times: user=0.10 sys=0.00, real=0.01 secs] 
2016-09-13T20:19:34.199-0400: 87.183: [GC (Allocation Failure) [PSYoungGen: 148483K->32741K(181248K)] 217487K->101899K(705536K), 0.0085433 secs] [Times: user=0.10 sys=0.00, real=0.00 secs] 
2016-09-13T20:19:34.365-0400: 87.350: [GC (GCLocker Initiated GC) [PSYoungGen: 139438K->9837K(183808K)] 210115K->92972K(708096K), 0.0097078 secs] [Times: user=0.13 sys=0.00, real=0.01 secs] 
2016-09-13T20:19:34.537-0400: 87.521: [GC (GCLocker Initiated GC) [PSYoungGen: 120429K->53881K(164864K)] 203574K->137316K(689152K), 0.0070418 secs] [Times: user=0.10 sys=0.00, real=0.00 secs] 
2016-09-13T20:19:34.725-0400: 87.710: [GC (GCLocker Initiated GC) [PSYoungGen: 164473K->28180K(186368K)] 255600K->127111K(710656K), 0.0208674 secs] [Times: user=0.27 sys=0.00, real=0.02 secs] 
2016-09-13T20:19:34.908-0400: 87.893: [GC (GCLocker Initiated GC) [PSYoungGen: 137236K->23686K(133120K)] 240859K->127554K(657408K), 0.0107865 secs] [Times: user=0.13 sys=0.00, real=0.01 secs] 
2016-09-13T20:19:35.099-0400: 88.083: [GC (GCLocker Initiated GC) [PSYoungGen: 132742K->32677K(186368K)] 244394K->144767K(710656K), 0.0141864 secs] [Times: user=0.15 sys=0.00, real=0.01 secs] 
2016-09-13T20:19:35.288-0400: 88.273: [GC (Allocation Failure) [PSYoungGen: 144293K->25051K(183808K)] 268736K->149617K(708096K), 0.0069314 secs] [Times: user=0.05 sys=0.00, real=0.00 secs] 
2016-09-13T20:19:35.465-0400: 88.450: [GC (GCLocker Initiated GC) [PSYoungGen: 136667K->46319K(185344K)] 261234K->177242K(709632K), 0.0074691 secs] [Times: user=0.07 sys=0.01, real=0.01 secs] 
2016-09-13T20:19:35.695-0400: 88.680: [GC (GCLocker Initiated GC) [PSYoungGen: 161007K->11227K(185856K)] 304241K->154738K(710144K), 0.0217950 secs] [Times: user=0.19 sys=0.00, real=0.03 secs] 
2016-09-13T20:19:35.876-0400: 88.861: [GC (GCLocker Initiated GC) [PSYoungGen: 125915K->47948K(187904K)] 269697K->191853K(712192K), 0.0243948 secs] [Times: user=0.23 sys=0.00, real=0.02 secs] 
2016-09-13T20:19:36.075-0400: 89.060: [GC (GCLocker Initiated GC) [PSYoungGen: 163660K->64475K(180224K)] 309205K->210253K(704512K), 0.0112107 secs] [Times: user=0.11 sys=0.00, real=0.01 secs] 
2016-09-13T20:19:36.256-0400: 89.240: [GC (GCLocker Initiated GC) [PSYoungGen: 180187K->46095K(183296K)] 332069K->198075K(707584K), 0.0224615 secs] [Times: user=0.22 sys=0.00, real=0.02 secs] 
2016-09-13T20:19:36.446-0400: 89.430: [GC (GCLocker Initiated GC) [PSYoungGen: 149007K->29483K(132608K)] 307092K->196965K(656896K), 0.0110825 secs] [Times: user=0.11 sys=0.00, real=0.02 secs] 
2016-09-13T20:19:36.612-0400: 89.597: [GC (GCLocker Initiated GC) [PSYoungGen: 132395K->41725K(182272K)] 300109K->209648K(706560K), 0.0101601 secs] [Times: user=0.09 sys=0.00, real=0.01 secs] 
2016-09-13T20:19:36.795-0400: 89.779: [GC (GCLocker Initiated GC) [PSYoungGen: 147197K->41730K(179712K)] 316941K->219227K(704000K), 0.0092472 secs] [Times: user=0.09 sys=0.00, real=0.01 secs] 
2016-09-13T20:19:36.947-0400: 89.932: [GC (Allocation Failure) [PSYoungGen: 147202K->32490K(184832K)] 324791K->210256K(709120K), 0.0157620 secs] [Times: user=0.14 sys=0.01, real=0.02 secs] 
2016-09-13T20:19:37.139-0400: 90.124: [GC (GCLocker Initiated GC) [PSYoungGen: 143510K->26532K(182784K)] 327351K->218130K(707072K), 0.0172439 secs] [Times: user=0.16 sys=0.00, real=0.02 secs] 
2016-09-13T20:19:37.304-0400: 90.288: [GC (GCLocker Initiated GC) [PSYoungGen: 139684K->58399K(184320K)] 331305K->250229K(708608K), 0.0119269 secs] [Times: user=0.10 sys=0.00, real=0.02 secs] 
2016-09-13T20:19:37.500-0400: 90.485: [GC (GCLocker Initiated GC) [PSYoungGen: 174111K->28082K(188928K)] 379862K->240117K(713216K), 0.0123974 secs] [Times: user=0.12 sys=0.00, real=0.01 secs] 
2016-09-13T20:19:37.686-0400: 90.670: [GC (GCLocker Initiated GC) [PSYoungGen: 143794K->44639K(185344K)] 355963K->257052K(709632K), 0.0161195 secs] [Times: user=0.14 sys=0.00, real=0.02 secs] 
2016-09-13T20:19:37.899-0400: 90.884: [GC (GCLocker Initiated GC) [PSYoungGen: 161887K->33977K(187904K)] 386479K->258763K(712192K), 0.0146636 secs] [Times: user=0.10 sys=0.01, real=0.01 secs] 
2016-09-13T20:19:38.109-0400: 91.094: [GC (GCLocker Initiated GC) [PSYoungGen: 151225K->38463K(184832K)] 379162K->269608K(709120K), 0.0437196 secs] [Times: user=0.37 sys=0.00, real=0.04 secs] 
2016-09-13T20:19:38.338-0400: 91.322: [GC (GCLocker Initiated GC) [PSYoungGen: 161343K->64411K(188416K)] 392537K->295897K(712704K), 0.0309909 secs] [Times: user=0.32 sys=0.00, real=0.03 secs] 
2016-09-13T20:19:38.508-0400: 91.493: [GC (GCLocker Initiated GC) [PSYoungGen: 187291K->61591K(180736K)] 420630K->295042K(705024K), 0.0137362 secs] [Times: user=0.15 sys=0.00, real=0.01 secs] 
2016-09-13T20:19:38.680-0400: 91.664: [GC (GCLocker Initiated GC) [PSYoungGen: 170135K->41757K(185344K)] 403644K->275533K(709632K), 0.0382329 secs] [Times: user=0.46 sys=0.00, real=0.04 secs] 
2016-09-13T20:19:38.876-0400: 91.861: [GC (GCLocker Initiated GC) [PSYoungGen: 150301K->61538K(180224K)] 385710K->297122K(704512K), 0.0100443 secs] [Times: user=0.10 sys=0.00, real=0.00 secs] 
2016-09-13T20:19:39.053-0400: 92.038: [GC (GCLocker Initiated GC) [PSYoungGen: 168034K->28087K(184320K)] 411281K->271449K(708608K), 0.0218457 secs] [Times: user=0.24 sys=0.01, real=0.02 secs] 
2016-09-13T20:19:39.229-0400: 92.213: [GC (GCLocker Initiated GC) [PSYoungGen: 134583K->31094K(180736K)] 379489K->276134K(705024K), 0.0054006 secs] [Times: user=0.04 sys=0.01, real=0.00 secs] 
2016-09-13T20:19:39.371-0400: 92.356: [GC (GCLocker Initiated GC) [PSYoungGen: 138102K->28275K(182784K)] 383267K->284388K(707072K), 0.0262103 secs] [Times: user=0.30 sys=0.00, real=0.03 secs] 
2016-09-13T20:19:39.541-0400: 92.526: [GC (Allocation Failure) [PSYoungGen: 135283K->39988K(179200K)] 391604K->296568K(703488K), 0.0077965 secs] [Times: user=0.06 sys=0.00, real=0.01 secs] 
2016-09-13T20:19:39.722-0400: 92.706: [GC (GCLocker Initiated GC) [PSYoungGen: 145677K->28024K(183296K)] 408333K->295559K(707584K), 0.0339441 secs] [Times: user=0.39 sys=0.01, real=0.03 secs] 
2016-09-13T20:19:39.916-0400: 92.900: [GC (GCLocker Initiated GC) [PSYoungGen: 139640K->37391K(183296K)] 407315K->305260K(707584K), 0.0059078 secs] [Times: user=0.06 sys=0.00, real=0.00 secs] 
2016-09-13T20:19:40.114-0400: 93.099: [GC (GCLocker Initiated GC) [PSYoungGen: 157199K->63052K(187392K)] 425281K->337418K(711680K), 0.0082075 secs] [Times: user=0.10 sys=0.00, real=0.01 secs] 
2016-09-13T20:19:40.300-0400: 93.285: [GC (GCLocker Initiated GC) [PSYoungGen: 182860K->27993K(189440K)] 458798K->304199K(713728K), 0.0121504 secs] [Times: user=0.11 sys=0.00, real=0.01 secs] 
2016-09-13T20:19:40.500-0400: 93.485: [GC (GCLocker Initiated GC) [PSYoungGen: 143705K->29602K(145408K)] 433767K->321420K(669696K), 0.0118452 secs] [Times: user=0.11 sys=0.00, real=0.01 secs] 
2016-09-13T20:19:40.699-0400: 93.684: [GC (GCLocker Initiated GC) [PSYoungGen: 145314K->27960K(187904K)] 449447K->332338K(712192K), 0.0146359 secs] [Times: user=0.13 sys=0.00, real=0.01 secs] 
2016-09-13T20:19:40.899-0400: 93.883: [GC (GCLocker Initiated GC) [PSYoungGen: 144696K->59827K(186880K)] 451236K->368088K(711168K), 0.0193061 secs] [Times: user=0.19 sys=0.00, real=0.02 secs] 
2016-09-13T20:19:41.100-0400: 94.085: [GC (GCLocker Initiated GC) [PSYoungGen: 176563K->23464K(187904K)] 492750K->339852K(712192K), 0.0112147 secs] [Times: user=0.11 sys=0.00, real=0.01 secs] 
2016-09-13T20:19:41.299-0400: 94.284: [GC (GCLocker Initiated GC) [PSYoungGen: 136616K->28030K(141312K)] 460633K->352324K(665600K), 0.0259416 secs] [Times: user=0.25 sys=0.00, real=0.02 secs] 
2016-09-13T20:19:41.501-0400: 94.486: [GC (GCLocker Initiated GC) [PSYoungGen: 141182K->26415K(187392K)] 479335K->373898K(711680K), 0.0217423 secs] [Times: user=0.23 sys=0.00, real=0.02 secs] 
2016-09-13T20:19:41.700-0400: 94.685: [GC (GCLocker Initiated GC) [PSYoungGen: 141103K->46159K(185856K)] 494892K->400102K(710144K), 0.0087944 secs] [Times: user=0.08 sys=0.00, real=0.01 secs] 
2016-09-13T20:19:41.909-0400: 94.894: [GC (GCLocker Initiated GC) [PSYoungGen: 160847K->26448K(189440K)] 516501K->382304K(713728K), 0.0111728 secs] [Times: user=0.12 sys=0.00, real=0.01 secs] 
2016-09-13T20:19:42.095-0400: 95.080: [GC (GCLocker Initiated GC) [PSYoungGen: 146256K->26659K(189440K)] 514558K->395068K(713728K), 0.0206840 secs] [Times: user=0.17 sys=0.01, real=0.03 secs] 
2016-09-13T20:19:42.298-0400: 95.282: [GC (GCLocker Initiated GC) [PSYoungGen: 146467K->43026K(191488K)] 514978K->411875K(715776K), 0.0096318 secs] [Times: user=0.08 sys=0.00, real=0.00 secs] 
2016-09-13T20:19:42.502-0400: 95.486: [GC (GCLocker Initiated GC) [PSYoungGen: 166418K->15965K(190976K)] 548958K->398710K(715264K), 0.0223114 secs] [Times: user=0.23 sys=0.00, real=0.02 secs] 
2016-09-13T20:19:42.710-0400: 95.695: [GC (GCLocker Initiated GC) [PSYoungGen: 139357K->67486K(176640K)] 522133K->464157K(700928K), 0.0099915 secs] [Times: user=0.10 sys=0.01, real=0.01 secs] 
2016-09-13T20:19:42.899-0400: 95.883: [GC (GCLocker Initiated GC) [PSYoungGen: 176030K->41853K(185344K)] 584885K->463045K(709632K), 0.0087468 secs] [Times: user=0.12 sys=0.00, real=0.00 secs] 
2016-09-13T20:19:43.081-0400: 96.066: [GC (GCLocker Initiated GC) [PSYoungGen: 150397K->44730K(181248K)] 571611K->475325K(705536K), 0.0125249 secs] [Times: user=0.09 sys=0.00, real=0.01 secs] 
2016-09-13T20:19:43.271-0400: 96.256: [GC (GCLocker Initiated GC) [PSYoungGen: 155322K->44827K(184320K)] 587472K->486390K(708608K), 0.0355860 secs] [Times: user=0.44 sys=0.00, real=0.03 secs] 
2016-09-13T20:19:43.467-0400: 96.452: [GC (GCLocker Initiated GC) [PSYoungGen: 155419K->38683K(180736K)] 597331K->488375K(705024K), 0.0168405 secs] [Times: user=0.18 sys=0.02, real=0.02 secs] 
2016-09-13T20:19:43.657-0400: 96.641: [GC (GCLocker Initiated GC) [PSYoungGen: 154907K->15656K(185344K)] 610699K->471488K(709632K), 0.0074552 secs] [Times: user=0.06 sys=0.00, real=0.00 secs] 
2016-09-13T20:19:43.842-0400: 96.826: [GC (Allocation Failure) [PSYoungGen: 131880K->26468K(190976K)] 587735K->491589K(715264K), 0.0151385 secs] [Times: user=0.13 sys=0.00, real=0.02 secs] 
2016-09-13T20:19:44.053-0400: 97.038: [GC (GCLocker Initiated GC) [PSYoungGen: 149348K->41666K(191488K)] 615988K->510101K(715776K), 0.0224143 secs] [Times: user=0.24 sys=0.00, real=0.02 secs] 
2016-09-13T20:19:44.250-0400: 97.235: [GC (GCLocker Initiated GC) [PSYoungGen: 164546K->34223K(188928K)] 639265K->509167K(713216K), 0.0104089 secs] [Times: user=0.11 sys=0.00, real=0.01 secs] 
2016-09-13T20:19:44.450-0400: 97.434: [GC (GCLocker Initiated GC) [PSYoungGen: 160175K->14296K(190976K)] 647445K->501821K(715264K), 0.0123308 secs] [Times: user=0.12 sys=0.00, real=0.01 secs] 
2016-09-13T20:19:44.657-0400: 97.641: [GC (GCLocker Initiated GC) [PSYoungGen: 140248K->41634K(196608K)] 629314K->530886K(720896K), 0.0078042 secs] [Times: user=0.05 sys=0.00, real=0.00 secs] 
2016-09-13T20:19:44.898-0400: 97.883: [GC (GCLocker Initiated GC) [PSYoungGen: 172706K->46090K(177664K)] 661987K->535451K(701952K), 0.0081734 secs] [Times: user=0.06 sys=0.00, real=0.00 secs] 
2016-09-13T20:19:45.102-0400: 98.086: [GC (GCLocker Initiated GC) [PSYoungGen: 177162K->43179K(196096K)] 674136K->541743K(720384K), 0.0189014 secs] [Times: user=0.21 sys=0.00, real=0.02 secs] 
2016-09-13T20:19:45.326-0400: 98.311: [GC (GCLocker Initiated GC) [PSYoungGen: 172715K->51032K(180736K)] 671403K->549938K(705024K), 0.0169553 secs] [Times: user=0.22 sys=0.00, real=0.02 secs] 
2016-09-13T20:19:45.530-0400: 98.514: [GC (GCLocker Initiated GC) [PSYoungGen: 180568K->9640K(189440K)] 685551K->515049K(713728K), 0.0041179 secs] [Times: user=0.03 sys=0.00, real=0.00 secs] 
2016-09-13T20:19:45.706-0400: 98.690: [GC (GCLocker Initiated GC) [PSYoungGen: 130472K->50773K(172032K)] 635906K->556321K(696320K), 0.0175381 secs] [Times: user=0.16 sys=0.00, real=0.02 secs] 
2016-09-13T20:19:45.916-0400: 98.901: [GC (GCLocker Initiated GC) [PSYoungGen: 171605K->62924K(177152K)] 677411K->576630K(701440K), 0.0107339 secs] [Times: user=0.10 sys=0.00, real=0.00 secs] 
2016-09-13T20:19:45.927-0400: 98.912: [Full GC (Ergonomics) [PSYoungGen: 62924K->0K(177152K)] [ParOldGen: 513705K->45608K(524288K)] 576630K->45608K(701440K), [Metaspace: 44500K->44500K(1087488K)], 0.0564026 secs] [Times: user=0.24 sys=0.01, real=0.06 secs] 
2016-09-13T20:19:46.106-0400: 99.090: [GC (GCLocker Initiated GC) [PSYoungGen: 104448K->64877K(169472K)] 156200K->116629K(693760K), 0.0080851 secs] [Times: user=0.08 sys=0.00, real=0.01 secs] 
2016-09-13T20:19:46.262-0400: 99.247: [GC (Allocation Failure) [PSYoungGen: 169325K->46749K(180224K)] 221346K->114395K(704512K), 0.0104307 secs] [Times: user=0.14 sys=0.01, real=0.01 secs] 
2016-09-13T20:19:46.428-0400: 99.412: [GC (GCLocker Initiated GC) [PSYoungGen: 141899K->32799K(129024K)] 211064K->102296K(653312K), 0.0144589 secs] [Times: user=0.19 sys=0.01, real=0.01 secs] 
2016-09-13T20:19:46.606-0400: 99.591: [GC (Allocation Failure) [PSYoungGen: 128543K->9768K(173056K)] 210437K->91766K(697344K), 0.0251441 secs] [Times: user=0.28 sys=0.00, real=0.03 secs] 
2016-09-13T20:19:46.785-0400: 99.769: [GC (GCLocker Initiated GC) [PSYoungGen: 103464K->28025K(175104K)] 185464K->114803K(699392K), 0.0096285 secs] [Times: user=0.10 sys=0.00, real=0.01 secs] 
2016-09-13T20:19:46.923-0400: 99.908: [GC (Allocation Failure) [PSYoungGen: 121721K->46350K(179200K)] 214780K->139555K(703488K), 0.0218860 secs] [Times: user=0.25 sys=0.00, real=0.02 secs] 
2016-09-13T20:19:46.945-0400: 99.930: [GC (GCLocker Initiated GC) [PSYoungGen: 46503K->64K(179712K)] 139709K->137776K(704000K), 0.0054920 secs] [Times: user=0.03 sys=0.00, real=0.01 secs] 
2016-09-13T20:19:47.089-0400: 100.074: [GC (GCLocker Initiated GC) [PSYoungGen: 101952K->55494K(175616K)] 239670K->193213K(699904K), 0.0113057 secs] [Times: user=0.11 sys=0.01, real=0.01 secs] 
2016-09-13T20:19:47.233-0400: 100.217: [GC (GCLocker Initiated GC) [PSYoungGen: 150726K->47742K(178688K)] 288472K->194963K(702976K), 0.0225397 secs] [Times: user=0.26 sys=0.00, real=0.02 secs] 
2016-09-13T20:19:47.392-0400: 100.377: [GC (Allocation Failure) [PSYoungGen: 142974K->29675K(172032K)] 291887K->186435K(696320K), 0.0067377 secs] [Times: user=0.08 sys=0.00, real=0.01 secs] 
2016-09-13T20:19:47.543-0400: 100.527: [GC (GCLocker Initiated GC) [PSYoungGen: 125419K->46377K(175616K)] 282179K->209481K(699904K), 0.0177108 secs] [Times: user=0.23 sys=0.00, real=0.02 secs] 
2016-09-13T20:19:47.688-0400: 100.673: [GC (GCLocker Initiated GC) [PSYoungGen: 142121K->52480K(180736K)] 311393K->222051K(705024K), 0.0103531 secs] [Times: user=0.14 sys=0.00, real=0.01 secs] 
2016-09-13T20:19:47.860-0400: 100.845: [GC (GCLocker Initiated GC) [PSYoungGen: 153856K->43340K(144896K)] 324994K->217669K(669184K), 0.0100786 secs] [Times: user=0.11 sys=0.00, real=0.01 secs] 
2016-09-13T20:19:48.044-0400: 101.029: [GC (Allocation Failure) [PSYoungGen: 144716K->9927K(178688K)] 325246K->202849K(702976K), 0.0059321 secs] [Times: user=0.07 sys=0.00, real=0.01 secs] 
2016-09-13T20:19:48.202-0400: 101.187: [GC (GCLocker Initiated GC) [PSYoungGen: 107366K->11036K(180224K)] 306362K->210269K(704512K), 0.0229551 secs] [Times: user=0.27 sys=0.01, real=0.02 secs] 
2016-09-13T20:19:48.403-0400: 101.387: [GC (GCLocker Initiated GC) [PSYoungGen: 111900K->10167K(181760K)] 323408K->221877K(706048K), 0.0034504 secs] [Times: user=0.04 sys=0.00, real=0.00 secs] 
2016-09-13T20:19:48.552-0400: 101.537: [GC (Allocation Failure) [PSYoungGen: 113591K->46566K(182272K)] 325609K->258951K(706560K), 0.0098098 secs] [Times: user=0.13 sys=0.00, real=0.01 secs] 
2016-09-13T20:19:48.562-0400: 101.547: [GC (GCLocker Initiated GC) [PSYoungGen: 47211K->32K(180224K)] 259595K->258676K(704512K), 0.0069319 secs] [Times: user=0.10 sys=0.00, real=0.01 secs] 
2016-09-13T20:19:48.704-0400: 101.688: [GC (GCLocker Initiated GC) [PSYoungGen: 100384K->64693K(165376K)] 359031K->323341K(689664K), 0.0083915 secs] [Times: user=0.11 sys=0.00, real=0.01 secs] 
2016-09-13T20:19:48.879-0400: 101.864: [GC (Allocation Failure) [PSYoungGen: 165045K->41756K(176128K)] 424003K->319369K(700416K), 0.0097603 secs] [Times: user=0.09 sys=0.01, real=0.01 secs] 
2016-09-13T20:19:49.020-0400: 102.004: [GC (GCLocker Initiated GC) [PSYoungGen: 130844K->37270K(126464K)] 408460K->315274K(650752K), 0.0072044 secs] [Times: user=0.10 sys=0.00, real=0.00 secs] 
2016-09-13T20:19:49.205-0400: 102.190: [GC (GCLocker Initiated GC) [PSYoungGen: 126358K->19014K(173056K)] 411981K->304783K(697344K), 0.0192491 secs] [Times: user=0.23 sys=0.00, real=0.02 secs] 
2016-09-13T20:19:49.335-0400: 102.320: [GC (Allocation Failure) [PSYoungGen: 110150K->47742K(171008K)] 396141K->336974K(695296K), 0.0083820 secs] [Times: user=0.11 sys=0.00, real=0.01 secs] 
2016-09-13T20:19:49.483-0400: 102.468: [GC (GCLocker Initiated GC) [PSYoungGen: 138878K->51093K(178176K)] 428118K->366405K(702464K), 0.0106753 secs] [Times: user=0.16 sys=0.00, real=0.01 secs] 
2016-09-13T20:19:49.654-0400: 102.638: [GC (GCLocker Initiated GC) [PSYoungGen: 148373K->14515K(179712K)] 476013K->342494K(704000K), 0.0040091 secs] [Times: user=0.02 sys=0.00, real=0.01 secs] 
2016-09-13T20:19:49.823-0400: 102.808: [GC (Allocation Failure) [PSYoungGen: 111795K->40142K(174080K)] 440067K->368479K(698368K), 0.0208252 secs] [Times: user=0.25 sys=0.01, real=0.02 secs] 
2016-09-13T20:19:49.996-0400: 102.981: [GC (GCLocker Initiated GC) [PSYoungGen: 137355K->32645K(177152K)] 467211K->362801K(701440K), 0.0160363 secs] [Times: user=0.23 sys=0.00, real=0.01 secs] 
2016-09-13T20:19:50.180-0400: 103.165: [GC (Allocation Failure) [PSYoungGen: 130949K->17303K(182272K)] 461124K->347558K(706560K), 0.0043913 secs] [Times: user=0.03 sys=0.01, real=0.00 secs] 
2016-09-13T20:19:50.318-0400: 103.302: [GC (GCLocker Initiated GC) [PSYoungGen: 125847K->34137K(182272K)] 456103K->369079K(706560K), 0.0159559 secs] [Times: user=0.21 sys=0.00, real=0.01 secs] 
2016-09-13T20:19:50.479-0400: 103.464: [GC (GCLocker Initiated GC) [PSYoungGen: 142681K->47859K(182784K)] 477649K->383068K(707072K), 0.0107378 secs] [Times: user=0.11 sys=0.00, real=0.01 secs] 
2016-09-13T20:19:50.659-0400: 103.643: [GC (GCLocker Initiated GC) [PSYoungGen: 160499K->28094K(184832K)] 501858K->383496K(709120K), 0.0070708 secs] [Times: user=0.10 sys=0.00, real=0.00 secs] 
2016-09-13T20:19:50.855-0400: 103.839: [GC (GCLocker Initiated GC) [PSYoungGen: 140734K->9868K(188928K)] 510068K->379372K(713216K), 0.0099873 secs] [Times: user=0.10 sys=0.00, real=0.01 secs] 
2016-09-13T20:19:51.064-0400: 104.049: [GC (GCLocker Initiated GC) [PSYoungGen: 129164K->23218K(189440K)] 505026K->399203K(713728K), 0.0151698 secs] [Times: user=0.12 sys=0.00, real=0.02 secs] 
2016-09-13T20:19:51.261-0400: 104.245: [GC (GCLocker Initiated GC) [PSYoungGen: 142514K->41629K(189440K)] 518826K->418071K(713728K), 0.0220425 secs] [Times: user=0.21 sys=0.01, real=0.02 secs] 
2016-09-13T20:19:51.458-0400: 104.442: [GC (GCLocker Initiated GC) [PSYoungGen: 163485K->50966K(189952K)] 541589K->429343K(714240K), 0.0109182 secs] [Times: user=0.10 sys=0.00, real=0.01 secs] 
2016-09-13T20:19:51.655-0400: 104.640: [GC (GCLocker Initiated GC) [PSYoungGen: 172822K->28155K(190976K)] 557298K->420485K(715264K), 0.0141020 secs] [Times: user=0.12 sys=0.01, real=0.02 secs] 
2016-09-13T20:19:51.859-0400: 104.843: [GC (Allocation Failure) [PSYoungGen: 150011K->46160K(190464K)] 542515K->438881K(714752K), 0.0094738 secs] [Times: user=0.09 sys=0.00, real=0.01 secs] 
2016-09-13T20:19:52.056-0400: 105.041: [GC (GCLocker Initiated GC) [PSYoungGen: 168016K->46500K(190976K)] 560739K->439370K(715264K), 0.0089567 secs] [Times: user=0.09 sys=0.00, real=0.00 secs] 
2016-09-13T20:19:52.254-0400: 105.239: [GC (GCLocker Initiated GC) [PSYoungGen: 167332K->32682K(153600K)] 566467K->432050K(677888K), 0.0072637 secs] [Times: user=0.08 sys=0.00, real=0.01 secs] 
2016-09-13T20:19:52.462-0400: 105.446: [GC (GCLocker Initiated GC) [PSYoungGen: 153514K->51084K(186880K)] 552983K->450707K(711168K), 0.0153326 secs] [Times: user=0.17 sys=0.00, real=0.02 secs] 
2016-09-13T20:19:52.652-0400: 105.637: [GC (GCLocker Initiated GC) [PSYoungGen: 169868K->46282K(189440K)] 569594K->458345K(713728K), 0.0076113 secs] [Times: user=0.12 sys=0.00, real=0.01 secs] 
2016-09-13T20:19:52.848-0400: 105.832: [GC (GCLocker Initiated GC) [PSYoungGen: 165066K->32704K(186368K)] 583428K->451178K(710656K), 0.0090578 secs] [Times: user=0.12 sys=0.00, real=0.01 secs] 
2016-09-13T20:19:53.067-0400: 106.052: [GC (GCLocker Initiated GC) [PSYoungGen: 153536K->63020K(184320K)] 572148K->490900K(708608K), 0.0188482 secs] [Times: user=0.23 sys=0.00, real=0.02 secs] 
2016-09-13T20:19:53.270-0400: 106.254: [GC (GCLocker Initiated GC) [PSYoungGen: 183852K->40308K(190976K)] 617832K->474489K(715264K), 0.0060768 secs] [Times: user=0.08 sys=0.00, real=0.01 secs] 
2016-09-13T20:19:53.459-0400: 106.443: [GC (GCLocker Initiated GC) [PSYoungGen: 156532K->16098K(187392K)] 602880K->476381K(711680K), 0.0045876 secs] [Times: user=0.05 sys=0.00, real=0.00 secs] 
2016-09-13T20:19:53.659-0400: 106.644: [GC (GCLocker Initiated GC) [PSYoungGen: 132322K->26441K(189440K)] 598702K->497595K(713728K), 0.0109475 secs] [Times: user=0.12 sys=0.00, real=0.01 secs] 
2016-09-13T20:19:53.870-0400: 106.854: [GC (GCLocker Initiated GC) [PSYoungGen: 144201K->46378K(188416K)] 615536K->530038K(712704K), 0.0098035 secs] [Times: user=0.11 sys=0.00, real=0.01 secs] 
2016-09-13T20:19:54.056-0400: 107.040: [GC (Allocation Failure) [PSYoungGen: 164138K->43090K(188928K)] 649525K->528591K(713216K), 0.0088440 secs] [Times: user=0.08 sys=0.01, real=0.00 secs] 
2016-09-13T20:19:54.250-0400: 107.235: [GC (GCLocker Initiated GC) [PSYoungGen: 161338K->14483K(189952K)] 652915K->510810K(714240K), 0.0046696 secs] [Times: user=0.05 sys=0.00, real=0.00 secs] 
2016-09-13T20:19:54.445-0400: 107.430: [GC (GCLocker Initiated GC) [PSYoungGen: 134803K->29484K(188416K)] 631184K->526059K(712704K), 0.0092651 secs] [Times: user=0.10 sys=0.00, real=0.01 secs] 
2016-09-13T20:19:54.645-0400: 107.630: [GC (GCLocker Initiated GC) [PSYoungGen: 151340K->26473K(189952K)] 655684K->531014K(714240K), 0.0135788 secs] [Times: user=0.13 sys=0.00, real=0.02 secs] 
2016-09-13T20:19:54.849-0400: 107.833: [Full GC (Ergonomics) [PSYoungGen: 148329K->0K(189952K)] [ParOldGen: 512315K->38494K(524288K)] 660645K->38494K(714240K), [Metaspace: 44523K->44523K(1087488K)], 0.0546858 secs] [Times: user=0.28 sys=0.01, real=0.05 secs] 
2016-09-13T20:19:55.061-0400: 108.046: [GC (GCLocker Initiated GC) [PSYoungGen: 120478K->64665K(180224K)] 160491K->110753K(704512K), 0.0284739 secs] [Times: user=0.29 sys=0.00, real=0.03 secs] 
2016-09-13T20:19:55.249-0400: 108.233: [GC (GCLocker Initiated GC) [PSYoungGen: 178329K->25337K(187904K)] 230497K->109869K(712192K), 0.0072570 secs] [Times: user=0.10 sys=0.00, real=0.01 secs] 
2016-09-13T20:19:55.436-0400: 108.420: [GC (Allocation Failure) [PSYoungGen: 139001K->28183K(182272K)] 223688K->113147K(706560K), 0.0066076 secs] [Times: user=0.08 sys=0.00, real=0.00 secs] 
2016-09-13T20:19:55.611-0400: 108.595: [GC (GCLocker Initiated GC) [PSYoungGen: 143383K->32645K(185856K)] 228350K->117940K(710144K), 0.0080503 secs] [Times: user=0.09 sys=0.00, real=0.01 secs] 
2016-09-13T20:19:55.806-0400: 108.790: [GC (GCLocker Initiated GC) [PSYoungGen: 147845K->12809K(191488K)] 240781K->105985K(715776K), 0.0135503 secs] [Times: user=0.17 sys=0.00, real=0.02 secs] 
2016-09-13T20:19:56.021-0400: 109.006: [GC (GCLocker Initiated GC) [PSYoungGen: 136713K->30967K(155136K)] 230023K->127481K(679424K), 0.0104961 secs] [Times: user=0.10 sys=0.01, real=0.01 secs] 
2016-09-13T20:19:56.219-0400: 109.204: [GC (GCLocker Initiated GC) [PSYoungGen: 154871K->24896K(192512K)] 253014K->124681K(716800K), 0.0084904 secs] [Times: user=0.07 sys=0.00, real=0.00 secs] 
2016-09-13T20:19:56.417-0400: 109.401: [GC (GCLocker Initiated GC) [PSYoungGen: 152896K->29697K(190976K)] 252862K->129864K(715264K), 0.0401644 secs] [Times: user=0.43 sys=0.00, real=0.04 secs] 
2016-09-13T20:19:56.662-0400: 109.647: [GC (GCLocker Initiated GC) [PSYoungGen: 157697K->43085K(193024K)] 258045K->143693K(717312K), 0.0184132 secs] [Times: user=0.12 sys=0.00, real=0.02 secs] 
2016-09-13T20:19:56.847-0400: 109.831: [GC (GCLocker Initiated GC) [PSYoungGen: 176205K->47705K(194560K)] 276949K->148505K(718848K), 0.0083409 secs] [Times: user=0.07 sys=0.00, real=0.01 secs] 
2016-09-13T20:19:57.066-0400: 110.050: [GC (GCLocker Initiated GC) [PSYoungGen: 180825K->45012K(196096K)] 281651K->152116K(720384K), 0.0247246 secs] [Times: user=0.32 sys=0.00, real=0.03 secs] 
2016-09-13T20:19:57.273-0400: 110.258: [GC (GCLocker Initiated GC) [PSYoungGen: 177108K->44826K(177152K)] 284232K->162953K(701440K), 0.0055979 secs] [Times: user=0.05 sys=0.00, real=0.01 secs] 
2016-09-13T20:19:57.469-0400: 110.454: [GC (GCLocker Initiated GC) [PSYoungGen: 176922K->43148K(196608K)] 295317K->163220K(720896K), 0.0253054 secs] [Times: user=0.23 sys=0.00, real=0.02 secs] 
2016-09-13T20:19:57.699-0400: 110.683: [GC (GCLocker Initiated GC) [PSYoungGen: 173708K->32516K(163328K)] 301576K->160621K(687616K), 0.0075250 secs] [Times: user=0.04 sys=0.00, real=0.00 secs] 
2016-09-13T20:19:57.904-0400: 110.889: [GC (Allocation Failure) [PSYoungGen: 163076K->58394K(188416K)] 291404K->188458K(712704K), 0.0083764 secs] [Times: user=0.04 sys=0.01, real=0.01 secs] 
2016-09-13T20:19:58.101-0400: 111.085: [GC (GCLocker Initiated GC) [PSYoungGen: 183322K->64633K(189952K)] 313393K->194914K(714240K), 0.0222568 secs] [Times: user=0.23 sys=0.00, real=0.02 secs] 
2016-09-13T20:19:58.320-0400: 111.305: [GC (GCLocker Initiated GC) [PSYoungGen: 189561K->26410K(184832K)] 319875K->156969K(709120K), 0.0250873 secs] [Times: user=0.23 sys=0.00, real=0.02 secs] 
2016-09-13T20:19:58.510-0400: 111.495: [GC (GCLocker Initiated GC) [PSYoungGen: 139050K->62988K(176128K)] 269911K->203148K(700416K), 0.0072197 secs] [Times: user=0.08 sys=0.00, real=0.01 secs] 
2016-09-13T20:19:58.678-0400: 111.663: [GC (GCLocker Initiated GC) [PSYoungGen: 175628K->51246K(182784K)] 315905K->191694K(707072K), 0.0067889 secs] [Times: user=0.08 sys=0.00, real=0.00 secs] 
2016-09-13T20:19:58.854-0400: 111.839: [GC (GCLocker Initiated GC) [PSYoungGen: 154158K->32485K(135680K)] 300697K->179242K(659968K), 0.0058802 secs] [Times: user=0.06 sys=0.00, real=0.01 secs] 
2016-09-13T20:19:59.034-0400: 112.019: [GC (GCLocker Initiated GC) [PSYoungGen: 135397K->29798K(181248K)] 283837K->190633K(705536K), 0.0110035 secs] [Times: user=0.13 sys=0.00, real=0.01 secs] 
2016-09-13T20:19:59.208-0400: 112.192: [GC (Allocation Failure) [PSYoungGen: 133734K->27865K(180224K)] 300819K->195109K(704512K), 0.0052069 secs] [Times: user=0.04 sys=0.00, real=0.00 secs] 
2016-09-13T20:19:59.356-0400: 112.341: [GC (GCLocker Initiated GC) [PSYoungGen: 130563K->46319K(184320K)] 299326K->219898K(708608K), 0.0074403 secs] [Times: user=0.08 sys=0.00, real=0.00 secs] 
2016-09-13T20:19:59.539-0400: 112.523: [GC (GCLocker Initiated GC) [PSYoungGen: 155887K->21949K(183296K)] 335756K->201978K(707584K), 0.0121897 secs] [Times: user=0.09 sys=0.00, real=0.01 secs] 
2016-09-13T20:19:59.731-0400: 112.716: [GC (GCLocker Initiated GC) [PSYoungGen: 131517K->38565K(182272K)] 313343K->220643K(706560K), 0.0138774 secs] [Times: user=0.12 sys=0.00, real=0.01 secs] 
2016-09-13T20:19:59.902-0400: 112.887: [GC (Allocation Failure) [PSYoungGen: 153253K->46224K(184832K)] 336944K->230148K(709120K), 0.0099673 secs] [Times: user=0.15 sys=0.00, real=0.01 secs] 
2016-09-13T20:20:00.087-0400: 113.071: [GC (GCLocker Initiated GC) [PSYoungGen: 159492K->46314K(191488K)] 344935K->231888K(715776K), 0.0206735 secs] [Times: user=0.21 sys=0.00, real=0.02 secs] 
2016-09-13T20:20:00.309-0400: 113.293: [GC (GCLocker Initiated GC) [PSYoungGen: 168682K->23345K(192000K)] 355869K->210662K(716288K), 0.0075297 secs] [Times: user=0.05 sys=0.00, real=0.01 secs] 
2016-09-13T20:20:00.492-0400: 113.477: [GC (GCLocker Initiated GC) [PSYoungGen: 145713K->60046K(182784K)] 333370K->247952K(707072K), 0.0112134 secs] [Times: user=0.11 sys=0.01, real=0.01 secs] 
2016-09-13T20:20:00.676-0400: 113.661: [GC (GCLocker Initiated GC) [PSYoungGen: 173710K->48013K(187904K)] 361800K->236380K(712192K), 0.0299451 secs] [Times: user=0.38 sys=0.00, real=0.02 secs] 
2016-09-13T20:20:00.886-0400: 113.870: [GC (GCLocker Initiated GC) [PSYoungGen: 161677K->41857K(181248K)] 350083K->242738K(705536K), 0.0139118 secs] [Times: user=0.22 sys=0.00, real=0.02 secs] 
2016-09-13T20:20:01.054-0400: 114.038: [GC (GCLocker Initiated GC) [PSYoungGen: 156033K->51120K(184832K)] 356924K->256817K(709120K), 0.0075869 secs] [Times: user=0.11 sys=0.00, real=0.01 secs] 
2016-09-13T20:20:01.254-0400: 114.239: [GC (GCLocker Initiated GC) [PSYoungGen: 165296K->9864K(185344K)] 383232K->228009K(709632K), 0.0101640 secs] [Times: user=0.13 sys=0.00, real=0.01 secs] 
2016-09-13T20:20:01.448-0400: 114.433: [GC (GCLocker Initiated GC) [PSYoungGen: 123528K->9995K(123904K)] 355526K->254321K(648192K), 0.0056278 secs] [Times: user=0.04 sys=0.00, real=0.00 secs] 
2016-09-13T20:20:01.657-0400: 114.641: [GC (GCLocker Initiated GC) [PSYoungGen: 123659K->5056K(184320K)] 380137K->261736K(708608K), 0.0201896 secs] [Times: user=0.21 sys=0.00, real=0.02 secs] 
2016-09-13T20:20:01.857-0400: 114.842: [GC (Allocation Failure) [PSYoungGen: 113600K->23618K(132608K)] 378114K->288366K(656896K), 0.0077759 secs] [Times: user=0.10 sys=0.00, real=0.00 secs] 
2016-09-13T20:20:02.036-0400: 115.021: [GC (GCLocker Initiated GC) [PSYoungGen: 132162K->24891K(186880K)] 396910K->289820K(711168K), 0.0124804 secs] [Times: user=0.11 sys=0.00, real=0.01 secs] 
2016-09-13T20:20:02.250-0400: 115.235: [GC (Allocation Failure) [PSYoungGen: 137531K->23341K(183808K)] 414954K->301032K(708096K), 0.0124021 secs] [Times: user=0.11 sys=0.01, real=0.01 secs] 
2016-09-13T20:20:02.417-0400: 115.402: [GC (GCLocker Initiated GC) [PSYoungGen: 135981K->29666K(187392K)] 413675K->307514K(711680K), 0.0114728 secs] [Times: user=0.13 sys=0.00, real=0.01 secs] 
2016-09-13T20:20:02.631-0400: 115.616: [GC (Allocation Failure) [PSYoungGen: 149986K->41847K(185344K)] 428044K->320279K(709632K), 0.0069009 secs] [Times: user=0.07 sys=0.00, real=0.01 secs] 
2016-09-13T20:20:02.639-0400: 115.623: [GC (GCLocker Initiated GC) [PSYoungGen: 42043K->96K(192512K)] 320476K->320080K(716800K), 0.0067157 secs] [Times: user=0.08 sys=0.01, real=0.00 secs] 
2016-09-13T20:20:02.843-0400: 115.827: [GC (GCLocker Initiated GC) [PSYoungGen: 127072K->64729K(192000K)] 447058K->415092K(716288K), 0.0144309 secs] [Times: user=0.18 sys=0.00, real=0.02 secs] 
2016-09-13T20:20:03.040-0400: 116.025: [GC (GCLocker Initiated GC) [PSYoungGen: 191705K->38848K(181760K)] 542121K->415551K(706048K), 0.0079089 secs] [Times: user=0.11 sys=0.00, real=0.01 secs] 
2016-09-13T20:20:03.209-0400: 116.193: [GC (GCLocker Initiated GC) [PSYoungGen: 150464K->41731K(186880K)] 529073K->434251K(711168K), 0.0165597 secs] [Times: user=0.20 sys=0.00, real=0.01 secs] 
2016-09-13T20:20:03.390-0400: 116.375: [GC (GCLocker Initiated GC) [PSYoungGen: 153347K->46186K(186880K)] 546089K->439031K(711168K), 0.0213557 secs] [Times: user=0.25 sys=0.00, real=0.02 secs] 
2016-09-13T20:20:03.608-0400: 116.593: [GC (GCLocker Initiated GC) [PSYoungGen: 158826K->9735K(122880K)] 559411K->410442K(647168K), 0.0055739 secs] [Times: user=0.04 sys=0.00, real=0.00 secs] 
2016-09-13T20:20:03.784-0400: 116.769: [GC (GCLocker Initiated GC) [PSYoungGen: 122375K->9803K(187392K)] 526270K->413950K(711680K), 0.0127561 secs] [Times: user=0.14 sys=0.00, real=0.02 secs] 
2016-09-13T20:20:03.951-0400: 116.935: [GC (GCLocker Initiated GC) [PSYoungGen: 121931K->29384K(141824K)] 532310K->439946K(666112K), 0.0098124 secs] [Times: user=0.09 sys=0.01, real=0.01 secs] 
2016-09-13T20:20:04.158-0400: 117.143: [GC (GCLocker Initiated GC) [PSYoungGen: 141512K->43249K(182272K)] 552096K->454023K(706560K), 0.0272893 secs] [Times: user=0.30 sys=0.00, real=0.02 secs] 
2016-09-13T20:20:04.348-0400: 117.333: [GC (GCLocker Initiated GC) [PSYoungGen: 154865K->26506K(182784K)] 567172K->448225K(707072K), 0.0216644 secs] [Times: user=0.24 sys=0.00, real=0.02 secs] 
2016-09-13T20:20:04.515-0400: 117.500: [GC (GCLocker Initiated GC) [PSYoungGen: 138122K->56912K(181760K)] 560016K->485078K(706048K), 0.0090616 secs] [Times: user=0.08 sys=0.00, real=0.01 secs] 
2016-09-13T20:20:04.686-0400: 117.671: [GC (GCLocker Initiated GC) [PSYoungGen: 170576K->40142K(187904K)] 598832K->468719K(712192K), 0.0261969 secs] [Times: user=0.26 sys=0.00, real=0.03 secs] 
2016-09-13T20:20:04.902-0400: 117.886: [GC (GCLocker Initiated GC) [PSYoungGen: 153806K->65935K(174080K)] 582572K->494927K(698368K), 0.0182240 secs] [Times: user=0.23 sys=0.00, real=0.02 secs] 
2016-09-13T20:20:05.056-0400: 118.040: [GC (GCLocker Initiated GC) [PSYoungGen: 167311K->55581K(157184K)] 602410K->490810K(681472K), 0.0147382 secs] [Times: user=0.16 sys=0.00, real=0.01 secs] 
2016-09-13T20:20:05.212-0400: 118.197: [GC (Allocation Failure) [PSYoungGen: 156957K->44698K(181248K)] 592300K->484851K(705536K), 0.0072773 secs] [Times: user=0.05 sys=0.00, real=0.01 secs] 
2016-09-13T20:20:05.352-0400: 118.336: [GC (GCLocker Initiated GC) [PSYoungGen: 142774K->40116K(138752K)] 584445K->485026K(663040K), 0.0143448 secs] [Times: user=0.14 sys=0.01, real=0.01 secs] 
2016-09-13T20:20:05.513-0400: 118.497: [GC (Allocation Failure) [PSYoungGen: 138420K->46064K(176640K)] 584929K->492724K(700928K), 0.0070892 secs] [Times: user=0.06 sys=0.00, real=0.01 secs] 
2016-09-13T20:20:05.689-0400: 118.674: [GC (GCLocker Initiated GC) [PSYoungGen: 145904K->46127K(175104K)] 592567K->497551K(699392K), 0.0320510 secs] [Times: user=0.34 sys=0.00, real=0.03 secs] 
2016-09-13T20:20:05.878-0400: 118.862: [GC (GCLocker Initiated GC) [PSYoungGen: 145967K->31067K(185344K)] 603477K->488787K(709632K), 0.0109434 secs] [Times: user=0.11 sys=0.01, real=0.01 secs] 
2016-09-13T20:20:06.056-0400: 119.041: [GC (Allocation Failure) [PSYoungGen: 142683K->5393K(184320K)] 614273K->484787K(708608K), 0.0293742 secs] [Times: user=0.30 sys=0.00, real=0.02 secs] 
2016-09-13T20:20:06.246-0400: 119.231: [GC (GCLocker Initiated GC) [PSYoungGen: 111609K->34072K(184832K)] 597077K->519761K(709120K), 0.0071176 secs] [Times: user=0.06 sys=0.00, real=0.01 secs] 
2016-09-13T20:20:06.468-0400: 119.453: [GC (GCLocker Initiated GC) [PSYoungGen: 148248K->23217K(185856K)] 640039K->515203K(710144K), 0.0188633 secs] [Times: user=0.17 sys=0.00, real=0.01 secs] 
2016-09-13T20:20:06.657-0400: 119.641: [GC (GCLocker Initiated GC) [PSYoungGen: 137393K->56784K(182784K)] 629493K->549144K(707072K), 0.0289643 secs] [Times: user=0.27 sys=0.01, real=0.02 secs] 
2016-09-13T20:20:06.846-0400: 119.830: [GC (GCLocker Initiated GC) [PSYoungGen: 169424K->46376K(187392K)] 663415K->540619K(711680K), 0.0138398 secs] [Times: user=0.14 sys=0.01, real=0.02 secs] 
2016-09-13T20:20:07.011-0400: 119.996: [GC (GCLocker Initiated GC) [PSYoungGen: 159016K->62770K(177152K)] 653499K->557532K(701440K), 0.0148397 secs] [Times: user=0.14 sys=0.00, real=0.01 secs] 
2016-09-13T20:20:07.158-0400: 120.143: [GC (GCLocker Initiated GC) [PSYoungGen: 165170K->41657K(182272K)] 661714K->538347K(706560K), 0.0096978 secs] [Times: user=0.08 sys=0.00, real=0.01 secs] 
2016-09-13T20:20:07.306-0400: 120.291: [GC (GCLocker Initiated GC) [PSYoungGen: 144057K->30940K(176128K)] 640754K->527777K(700416K), 0.0228594 secs] [Times: user=0.26 sys=0.00, real=0.03 secs] 
2016-09-13T20:20:07.498-0400: 120.482: [GC (GCLocker Initiated GC) [PSYoungGen: 136412K->29479K(180224K)] 645503K->543347K(704512K), 0.0119641 secs] [Times: user=0.12 sys=0.00, real=0.01 secs] 
2016-09-13T20:20:07.510-0400: 120.494: [Full GC (Ergonomics) [PSYoungGen: 29479K->0K(180224K)] [ParOldGen: 513868K->46504K(524288K)] 543347K->46504K(704512K), [Metaspace: 44547K->44547K(1087488K)], 0.0546339 secs] [Times: user=0.29 sys=0.01, real=0.05 secs] 
2016-09-13T20:20:07.714-0400: 120.699: [GC (GCLocker Initiated GC) [PSYoungGen: 105472K->46536K(185344K)] 158077K->99150K(709632K), 0.0074604 secs] [Times: user=0.10 sys=0.00, real=0.01 secs] 
2016-09-13T20:20:07.876-0400: 120.861: [GC (Allocation Failure) [PSYoungGen: 161224K->43277K(187392K)] 214075K->111825K(711680K), 0.0081076 secs] [Times: user=0.11 sys=0.00, real=0.00 secs] 
2016-09-13T20:20:08.060-0400: 121.045: [GC (GCLocker Initiated GC) [PSYoungGen: 157093K->41916K(184320K)] 227159K->112129K(708608K), 0.0064127 secs] [Times: user=0.07 sys=0.00, real=0.00 secs] 
2016-09-13T20:20:08.251-0400: 121.236: [GC (GCLocker Initiated GC) [PSYoungGen: 160700K->34291K(186880K)] 238558K->112461K(711168K), 0.0102386 secs] [Times: user=0.11 sys=0.00, real=0.01 secs] 
2016-09-13T20:20:08.454-0400: 121.438: [GC (GCLocker Initiated GC) [PSYoungGen: 153075K->23749K(193024K)] 238898K->122038K(717312K), 0.0146407 secs] [Times: user=0.20 sys=0.00, real=0.02 secs] 
2016-09-13T20:20:08.666-0400: 121.651: [GC (GCLocker Initiated GC) [PSYoungGen: 151237K->46344K(194048K)] 249831K->145222K(718336K), 0.0339354 secs] [Times: user=0.32 sys=0.00, real=0.04 secs] 
2016-09-13T20:20:08.885-0400: 121.869: [GC (GCLocker Initiated GC) [PSYoungGen: 173832K->40046K(191488K)] 272785K->139192K(715776K), 0.0168856 secs] [Times: user=0.15 sys=0.01, real=0.02 secs] 
2016-09-13T20:20:09.088-0400: 122.073: [GC (GCLocker Initiated GC) [PSYoungGen: 169070K->23281K(193536K)] 274646K->129094K(717824K), 0.0134405 secs] [Times: user=0.11 sys=0.00, real=0.01 secs] 
2016-09-13T20:20:09.317-0400: 122.302: [GC (GCLocker Initiated GC) [PSYoungGen: 152305K->38501K(193536K)] 264195K->150627K(717824K), 0.0135732 secs] [Times: user=0.10 sys=0.00, real=0.01 secs] 
2016-09-13T20:20:09.524-0400: 122.509: [GC (GCLocker Initiated GC) [PSYoungGen: 171621K->29384K(195584K)] 289849K->147779K(719872K), 0.0160426 secs] [Times: user=0.18 sys=0.01, real=0.02 secs] 
2016-09-13T20:20:09.741-0400: 122.726: [GC (GCLocker Initiated GC) [PSYoungGen: 162504K->23408K(197632K)] 286976K->155730K(721920K), 0.0264549 secs] [Times: user=0.27 sys=0.00, real=0.03 secs] 
2016-09-13T20:20:09.970-0400: 122.955: [GC (GCLocker Initiated GC) [PSYoungGen: 161648K->26505K(199168K)] 294006K->159073K(723456K), 0.0131117 secs] [Times: user=0.14 sys=0.00, real=0.01 secs] 
2016-09-13T20:20:10.210-0400: 123.194: [GC (GCLocker Initiated GC) [PSYoungGen: 164745K->15842K(201216K)] 303522K->154945K(725504K), 0.0037342 secs] [Times: user=0.03 sys=0.00, real=0.00 secs] 
2016-09-13T20:20:10.458-0400: 123.442: [GC (Allocation Failure) [PSYoungGen: 157154K->9885K(151552K)] 308574K->161539K(675840K), 0.0236409 secs] [Times: user=0.25 sys=0.00, real=0.02 secs] 
2016-09-13T20:20:10.690-0400: 123.675: [GC (GCLocker Initiated GC) [PSYoungGen: 149648K->46464K(195072K)] 307377K->204304K(719360K), 0.0068674 secs] [Times: user=0.08 sys=0.00, real=0.01 secs] 
2016-09-13T20:20:10.909-0400: 123.894: [GC (GCLocker Initiated GC) [PSYoungGen: 179584K->52330K(185856K)] 339043K->212010K(710144K), 0.0360808 secs] [Times: user=0.35 sys=0.00, real=0.03 secs] 
2016-09-13T20:20:11.134-0400: 124.119: [GC (GCLocker Initiated GC) [PSYoungGen: 185450K->28151K(195584K)] 346827K->197266K(719872K), 0.0219327 secs] [Times: user=0.22 sys=0.00, real=0.03 secs] 
2016-09-13T20:20:11.349-0400: 124.333: [GC (GCLocker Initiated GC) [PSYoungGen: 154615K->26442K(153088K)] 323869K->195831K(677376K), 0.0097915 secs] [Times: user=0.12 sys=0.00, real=0.01 secs] 
2016-09-13T20:20:11.541-0400: 124.526: [GC (GCLocker Initiated GC) [PSYoungGen: 152906K->32618K(194560K)] 323971K->203903K(718848K), 0.0084959 secs] [Times: user=0.08 sys=0.01, real=0.01 secs] 
2016-09-13T20:20:11.744-0400: 124.729: [GC (Allocation Failure) [PSYoungGen: 162666K->23649K(190976K)] 340365K->201499K(715264K), 0.0216125 secs] [Times: user=0.29 sys=0.00, real=0.02 secs] 
2016-09-13T20:20:11.958-0400: 124.942: [GC (GCLocker Initiated GC) [PSYoungGen: 153697K->51156K(192000K)] 331550K->229391K(716288K), 0.0065183 secs] [Times: user=0.08 sys=0.00, real=0.00 secs] 
2016-09-13T20:20:12.170-0400: 125.155: [GC (GCLocker Initiated GC) [PSYoungGen: 183252K->28116K(196608K)] 361501K->206453K(720896K), 0.0089450 secs] [Times: user=0.10 sys=0.00, real=0.01 secs] 
2016-09-13T20:20:12.396-0400: 125.381: [GC (Allocation Failure) [PSYoungGen: 160212K->29479K(191488K)] 338696K->209538K(715776K), 0.0281974 secs] [Times: user=0.28 sys=0.00, real=0.02 secs] 
2016-09-13T20:20:12.425-0400: 125.409: [GC (GCLocker Initiated GC) [PSYoungGen: 30387K->192K(195584K)] 210447K->214232K(719872K), 0.0049843 secs] [Times: user=0.04 sys=0.00, real=0.01 secs] 
2016-09-13T20:20:12.633-0400: 125.618: [GC (GCLocker Initiated GC) [PSYoungGen: 135872K->28055K(199168K)] 349912K->242119K(723456K), 0.0277192 secs] [Times: user=0.22 sys=0.01, real=0.03 secs] 
2016-09-13T20:20:12.865-0400: 125.850: [GC (Allocation Failure) [PSYoungGen: 167319K->41694K(199168K)] 383118K->265564K(723456K), 0.0221971 secs] [Times: user=0.23 sys=0.00, real=0.03 secs] 
2016-09-13T20:20:13.077-0400: 126.061: [GC (GCLocker Initiated GC) [PSYoungGen: 180958K->49288K(193536K)] 404831K->273241K(717824K), 0.0067268 secs] [Times: user=0.06 sys=0.01, real=0.00 secs] 
2016-09-13T20:20:13.298-0400: 126.283: [GC (GCLocker Initiated GC) [PSYoungGen: 181384K->23474K(197120K)] 419437K->266329K(721408K), 0.0069512 secs] [Times: user=0.07 sys=0.00, real=0.00 secs] 
2016-09-13T20:20:13.502-0400: 126.486: [GC (GCLocker Initiated GC) [PSYoungGen: 155570K->56982K(186368K)] 404561K->306160K(710656K), 0.0106344 secs] [Times: user=0.16 sys=0.01, real=0.01 secs] 
2016-09-13T20:20:13.702-0400: 126.687: [GC (GCLocker Initiated GC) [PSYoungGen: 179862K->62929K(185856K)] 429073K->318416K(710144K), 0.0083706 secs] [Times: user=0.07 sys=0.00, real=0.01 secs] 
2016-09-13T20:20:13.899-0400: 126.884: [GC (GCLocker Initiated GC) [PSYoungGen: 185809K->66122K(171520K)] 441323K->335496K(695808K), 0.0099352 secs] [Times: user=0.12 sys=0.00, real=0.01 secs] 
2016-09-13T20:20:14.076-0400: 127.061: [GC (GCLocker Initiated GC) [PSYoungGen: 161354K->38502K(178688K)] 430865K->309654K(702976K), 0.0127859 secs] [Times: user=0.13 sys=0.00, real=0.01 secs] 
2016-09-13T20:20:14.244-0400: 127.229: [GC (GCLocker Initiated GC) [PSYoungGen: 133734K->49483K(175616K)] 405020K->320975K(699904K), 0.0098164 secs] [Times: user=0.08 sys=0.00, real=0.01 secs] 
2016-09-13T20:20:14.407-0400: 127.392: [GC (GCLocker Initiated GC) [PSYoungGen: 148811K->32831K(178688K)] 426439K->310787K(702976K), 0.0216596 secs] [Times: user=0.30 sys=0.00, real=0.03 secs] 
2016-09-13T20:20:14.616-0400: 127.600: [GC (GCLocker Initiated GC) [PSYoungGen: 132159K->23505K(180224K)] 417926K->314070K(704512K), 0.0060719 secs] [Times: user=0.08 sys=0.00, real=0.00 secs] 
2016-09-13T20:20:14.793-0400: 127.777: [GC (Allocation Failure) [PSYoungGen: 129489K->38528K(181760K)] 421631K->330796K(706048K), 0.0084154 secs] [Times: user=0.07 sys=0.00, real=0.01 secs] 
2016-09-13T20:20:14.918-0400: 127.902: [GC (GCLocker Initiated GC) [PSYoungGen: 143943K->67708K(174592K)] 437730K->361799K(698880K), 0.0094258 secs] [Times: user=0.14 sys=0.00, real=0.00 secs] 
2016-09-13T20:20:15.071-0400: 128.056: [GC (GCLocker Initiated GC) [PSYoungGen: 170108K->51002K(182272K)] 464422K->345578K(706560K), 0.0094241 secs] [Times: user=0.14 sys=0.00, real=0.01 secs] 
2016-09-13T20:20:15.256-0400: 128.241: [GC (GCLocker Initiated GC) [PSYoungGen: 153402K->15907K(180736K)] 460307K->323096K(705024K), 0.0119429 secs] [Times: user=0.13 sys=0.00, real=0.01 secs] 
2016-09-13T20:20:15.458-0400: 128.442: [GC (GCLocker Initiated GC) [PSYoungGen: 117283K->28088K(129536K)] 424526K->343045K(653824K), 0.0076423 secs] [Times: user=0.08 sys=0.00, real=0.00 secs] 
2016-09-13T20:20:15.617-0400: 128.601: [GC (GCLocker Initiated GC) [PSYoungGen: 129464K->47741K(181248K)] 444441K->362994K(705536K), 0.0090761 secs] [Times: user=0.09 sys=0.00, real=0.00 secs] 
2016-09-13T20:20:15.765-0400: 128.749: [GC (GCLocker Initiated GC) [PSYoungGen: 150653K->44927K(180736K)] 467595K->372659K(705024K), 0.0089508 secs] [Times: user=0.12 sys=0.00, real=0.01 secs] 
2016-09-13T20:20:15.911-0400: 128.896: [GC (GCLocker Initiated GC) [PSYoungGen: 147839K->44736K(182784K)] 475593K->372708K(707072K), 0.0130921 secs] [Times: user=0.16 sys=0.00, real=0.01 secs] 
2016-09-13T20:20:16.115-0400: 129.100: [GC (GCLocker Initiated GC) [PSYoungGen: 152256K->44635K(181760K)] 480513K->379169K(706048K), 0.0217614 secs] [Times: user=0.26 sys=0.00, real=0.03 secs] 
2016-09-13T20:20:16.308-0400: 129.293: [GC (GCLocker Initiated GC) [PSYoungGen: 152155K->23754K(184832K)] 500370K->372190K(709120K), 0.0048995 secs] [Times: user=0.05 sys=0.00, real=0.00 secs] 
2016-09-13T20:20:16.499-0400: 129.484: [GC (GCLocker Initiated GC) [PSYoungGen: 136394K->32672K(184832K)] 498532K->394985K(709120K), 0.0073627 secs] [Times: user=0.08 sys=0.00, real=0.00 secs] 
2016-09-13T20:20:16.687-0400: 129.671: [GC (GCLocker Initiated GC) [PSYoungGen: 145312K->28220K(188416K)] 515402K->412125K(712704K), 0.0085457 secs] [Times: user=0.09 sys=0.01, real=0.01 secs] 
2016-09-13T20:20:16.884-0400: 129.869: [GC (GCLocker Initiated GC) [PSYoungGen: 147516K->28180K(187904K)] 531435K->412353K(712192K), 0.0069590 secs] [Times: user=0.08 sys=0.01, real=0.01 secs] 
2016-09-13T20:20:17.082-0400: 130.067: [GC (Allocation Failure) [PSYoungGen: 147476K->43245K(192000K)] 531685K->427569K(716288K), 0.0143861 secs] [Times: user=0.15 sys=0.00, real=0.02 secs] 
2016-09-13T20:20:17.277-0400: 130.261: [GC (GCLocker Initiated GC) [PSYoungGen: 167060K->38847K(191488K)] 552903K->427939K(715776K), 0.0079461 secs] [Times: user=0.08 sys=0.00, real=0.00 secs] 
2016-09-13T20:20:17.480-0400: 130.465: [GC (Allocation Failure) [PSYoungGen: 163775K->41662K(193536K)] 553161K->431329K(717824K), 0.0107406 secs] [Times: user=0.08 sys=0.00, real=0.01 secs] 
2016-09-13T20:20:17.492-0400: 130.476: [GC (GCLocker Initiated GC) [PSYoungGen: 41674K->32K(192512K)] 431342K->429581K(716800K), 0.0063108 secs] [Times: user=0.07 sys=0.00, real=0.01 secs] 
2016-09-13T20:20:17.686-0400: 130.671: [GC (Allocation Failure) [PSYoungGen: 129568K->52610K(187904K)] 559117K->482160K(712192K), 0.0150766 secs] [Times: user=0.17 sys=0.00, real=0.02 secs] 
2016-09-13T20:20:17.886-0400: 130.871: [GC (GCLocker Initiated GC) [PSYoungGen: 170525K->23755K(191488K)] 606149K->487096K(715776K), 0.0081439 secs] [Times: user=0.10 sys=0.00, real=0.01 secs] 
2016-09-13T20:20:18.073-0400: 131.057: [GC (GCLocker Initiated GC) [PSYoungGen: 144587K->47678K(189952K)] 607956K->511241K(714240K), 0.0073111 secs] [Times: user=0.06 sys=0.00, real=0.01 secs] 
2016-09-13T20:20:18.277-0400: 131.261: [GC (GCLocker Initiated GC) [PSYoungGen: 168510K->43026K(191488K)] 632302K->514534K(715776K), 0.0144791 secs] [Times: user=0.16 sys=0.00, real=0.01 secs] 
2016-09-13T20:20:18.486-0400: 131.470: [GC (GCLocker Initiated GC) [PSYoungGen: 163858K->27971K(187904K)] 643133K->507334K(712192K), 0.0071919 secs] [Times: user=0.06 sys=0.01, real=0.01 secs] 
2016-09-13T20:20:18.683-0400: 131.667: [GC (GCLocker Initiated GC) [PSYoungGen: 149827K->43212K(189952K)] 629439K->527460K(714240K), 0.0144280 secs] [Times: user=0.14 sys=0.00, real=0.02 secs] 
2016-09-13T20:20:18.883-0400: 131.868: [GC (GCLocker Initiated GC) [PSYoungGen: 165068K->44704K(193536K)] 651051K->530904K(717824K), 0.0236199 secs] [Times: user=0.26 sys=0.00, real=0.02 secs] 
2016-09-13T20:20:19.082-0400: 132.066: [GC (GCLocker Initiated GC) [PSYoungGen: 171168K->53972K(180736K)] 657438K->540405K(705024K), 0.0075811 secs] [Times: user=0.10 sys=0.00, real=0.01 secs] 
2016-09-13T20:20:19.300-0400: 132.284: [GC (GCLocker Initiated GC) [PSYoungGen: 180436K->41880K(193536K)] 674586K->548350K(717824K), 0.0109013 secs] [Times: user=0.13 sys=0.00, real=0.01 secs] 
2016-09-13T20:20:19.311-0400: 132.295: [Full GC (Ergonomics) [PSYoungGen: 41880K->0K(193536K)] [ParOldGen: 506470K->43468K(524288K)] 548350K->43468K(717824K), [Metaspace: 44559K->44559K(1087488K)], 0.0549560 secs] [Times: user=0.45 sys=0.01, real=0.05 secs] 
2016-09-13T20:20:19.513-0400: 132.498: [GC (GCLocker Initiated GC) [PSYoungGen: 122880K->67768K(190976K)] 167915K->129517K(715264K), 0.0106314 secs] [Times: user=0.16 sys=0.00, real=0.01 secs] 
2016-09-13T20:20:19.698-0400: 132.683: [GC (GCLocker Initiated GC) [PSYoungGen: 190648K->43429K(186880K)] 253942K->128325K(711168K), 0.0088476 secs] [Times: user=0.10 sys=0.00, real=0.00 secs] 
2016-09-13T20:20:19.891-0400: 132.875: [GC (GCLocker Initiated GC) [PSYoungGen: 159141K->31195K(188928K)] 256424K->133421K(713216K), 0.0146877 secs] [Times: user=0.19 sys=0.00, real=0.01 secs] 
2016-09-13T20:20:20.099-0400: 133.083: [GC (GCLocker Initiated GC) [PSYoungGen: 146907K->23346K(187904K)] 255331K->131834K(712192K), 0.0149427 secs] [Times: user=0.11 sys=0.00, real=0.01 secs] 
2016-09-13T20:20:20.287-0400: 133.271: [GC (GCLocker Initiated GC) [PSYoungGen: 140082K->38751K(155648K)] 248776K->147618K(679936K), 0.0118222 secs] [Times: user=0.06 sys=0.00, real=0.02 secs] 
2016-09-13T20:20:20.493-0400: 133.477: [GC (GCLocker Initiated GC) [PSYoungGen: 155487K->38692K(190976K)] 270561K->153992K(715264K), 0.0163513 secs] [Times: user=0.15 sys=0.00, real=0.02 secs] 
2016-09-13T20:20:20.693-0400: 133.677: [GC (GCLocker Initiated GC) [PSYoungGen: 160548K->54003K(187904K)] 282057K->175738K(712192K), 0.0114710 secs] [Times: user=0.16 sys=0.00, real=0.01 secs] 
2016-09-13T20:20:20.899-0400: 133.884: [GC (GCLocker Initiated GC) [PSYoungGen: 175859K->43218K(194048K)] 305436K->180631K(718336K), 0.0129771 secs] [Times: user=0.17 sys=0.00, real=0.01 secs] 
2016-09-13T20:20:21.107-0400: 134.092: [GC (GCLocker Initiated GC) [PSYoungGen: 169170K->25114K(193024K)] 308193K->164201K(717312K), 0.0058945 secs] [Times: user=0.03 sys=0.01, real=0.01 secs] 
2016-09-13T20:20:21.304-0400: 134.289: [GC (GCLocker Initiated GC) [PSYoungGen: 151066K->64320K(181760K)] 290385K->203899K(706048K), 0.0244916 secs] [Times: user=0.21 sys=0.00, real=0.03 secs] 
2016-09-13T20:20:21.498-0400: 134.482: [GC (GCLocker Initiated GC) [PSYoungGen: 179008K->47955K(188416K)] 318673K->187716K(712704K), 0.0281518 secs] [Times: user=0.37 sys=0.00, real=0.02 secs] 
2016-09-13T20:20:21.698-0400: 134.683: [GC (GCLocker Initiated GC) [PSYoungGen: 162643K->49448K(186368K)] 310038K->197096K(710656K), 0.0053147 secs] [Times: user=0.04 sys=0.00, real=0.00 secs] 
2016-09-13T20:20:21.879-0400: 134.863: [GC (GCLocker Initiated GC) [PSYoungGen: 165160K->44635K(187904K)] 312830K->195474K(712192K), 0.0242543 secs] [Times: user=0.26 sys=0.00, real=0.02 secs] 
2016-09-13T20:20:22.075-0400: 135.060: [GC (GCLocker Initiated GC) [PSYoungGen: 160347K->43180K(185344K)] 311302K->198814K(709632K), 0.0165268 secs] [Times: user=0.16 sys=0.00, real=0.02 secs] 
2016-09-13T20:20:22.275-0400: 135.260: [GC (GCLocker Initiated GC) [PSYoungGen: 162988K->52325K(187392K)] 318647K->208269K(711680K), 0.0138201 secs] [Times: user=0.14 sys=0.00, real=0.02 secs] 
2016-09-13T20:20:22.460-0400: 135.444: [GC (GCLocker Initiated GC) [PSYoungGen: 172133K->20334K(189952K)] 335817K->196299K(714240K), 0.0088204 secs] [Times: user=0.07 sys=0.00, real=0.01 secs] 
2016-09-13T20:20:22.673-0400: 135.657: [GC (GCLocker Initiated GC) [PSYoungGen: 142190K->38559K(160768K)] 318179K->219356K(685056K), 0.0242915 secs] [Times: user=0.23 sys=0.00, real=0.03 secs] 
2016-09-13T20:20:22.891-0400: 135.876: [GC (GCLocker Initiated GC) [PSYoungGen: 160415K->27902K(191488K)] 348825K->216513K(715776K), 0.0146418 secs] [Times: user=0.15 sys=0.00, real=0.01 secs] 
2016-09-13T20:20:23.099-0400: 136.083: [GC (GCLocker Initiated GC) [PSYoungGen: 151806K->35432K(191488K)] 346666K->231934K(715776K), 0.0227914 secs] [Times: user=0.22 sys=0.00, real=0.02 secs] 
2016-09-13T20:20:23.299-0400: 136.283: [GC (GCLocker Initiated GC) [PSYoungGen: 159336K->46414K(192512K)] 356067K->255481K(716800K), 0.0062631 secs] [Times: user=0.04 sys=0.01, real=0.00 secs] 
2016-09-13T20:20:23.507-0400: 136.491: [GC (GCLocker Initiated GC) [PSYoungGen: 173390K->24956K(192512K)] 394753K->246470K(716800K), 0.0272126 secs] [Times: user=0.29 sys=0.00, real=0.03 secs] 
2016-09-13T20:20:23.699-0400: 136.683: [GC (GCLocker Initiated GC) [PSYoungGen: 151932K->62956K(184320K)] 373683K->284972K(708608K), 0.0218660 secs] [Times: user=0.22 sys=0.00, real=0.02 secs] 
2016-09-13T20:20:23.901-0400: 136.885: [GC (GCLocker Initiated GC) [PSYoungGen: 181740K->59795K(178688K)] 403883K->282100K(702976K), 0.0165667 secs] [Times: user=0.15 sys=0.00, real=0.02 secs] 
2016-09-13T20:20:24.108-0400: 137.093: [GC (GCLocker Initiated GC) [PSYoungGen: 178579K->12990K(182272K)] 414575K->249254K(706560K), 0.0272384 secs] [Times: user=0.30 sys=0.01, real=0.02 secs] 
2016-09-13T20:20:24.298-0400: 137.282: [GC (GCLocker Initiated GC) [PSYoungGen: 119486K->47740K(184320K)] 355810K->287441K(708608K), 0.0186301 secs] [Times: user=0.19 sys=0.00, real=0.02 secs] 
2016-09-13T20:20:24.471-0400: 137.455: [GC (GCLocker Initiated GC) [PSYoungGen: 154236K->46250K(180224K)] 394029K->286226K(704512K), 0.0104075 secs] [Times: user=0.09 sys=0.00, real=0.01 secs] 
2016-09-13T20:20:24.650-0400: 137.635: [GC (GCLocker Initiated GC) [PSYoungGen: 153770K->11445K(182784K)] 405979K->272972K(707072K), 0.0256283 secs] [Times: user=0.27 sys=0.00, real=0.03 secs] 
2016-09-13T20:20:24.850-0400: 137.834: [GC (GCLocker Initiated GC) [PSYoungGen: 118965K->27934K(184320K)] 388277K->303609K(708608K), 0.0105033 secs] [Times: user=0.08 sys=0.00, real=0.01 secs] 
2016-09-13T20:20:25.061-0400: 138.046: [GC (Allocation Failure) [PSYoungGen: 138014K->28084K(184832K)] 420016K->310240K(709120K), 0.0101852 secs] [Times: user=0.11 sys=0.00, real=0.01 secs] 
2016-09-13T20:20:25.232-0400: 138.217: [GC (GCLocker Initiated GC) [PSYoungGen: 138164K->29415K(183808K)] 420322K->311763K(708096K), 0.0133169 secs] [Times: user=0.13 sys=0.00, real=0.01 secs] 
2016-09-13T20:20:25.403-0400: 138.387: [GC (GCLocker Initiated GC) [PSYoungGen: 144103K->54035K(184832K)] 426473K->336714K(709120K), 0.0069651 secs] [Times: user=0.10 sys=0.00, real=0.01 secs] 
2016-09-13T20:20:25.567-0400: 138.551: [GC (GCLocker Initiated GC) [PSYoungGen: 168723K->26384K(189952K)] 451404K->315365K(714240K), 0.0142040 secs] [Times: user=0.18 sys=0.00, real=0.02 secs] 
2016-09-13T20:20:25.772-0400: 138.757: [GC (GCLocker Initiated GC) [PSYoungGen: 142608K->51029K(188416K)] 431764K->340372K(712704K), 0.0085449 secs] [Times: user=0.13 sys=0.01, real=0.01 secs] 
2016-09-13T20:20:25.948-0400: 138.933: [GC (GCLocker Initiated GC) [PSYoungGen: 167253K->43430K(188416K)] 458257K->337714K(712704K), 0.0084917 secs] [Times: user=0.08 sys=0.00, real=0.01 secs] 
2016-09-13T20:20:26.144-0400: 139.129: [GC (Allocation Failure) [PSYoungGen: 159654K->21731K(188416K)] 460211K->325487K(712704K), 0.0166663 secs] [Times: user=0.20 sys=0.00, real=0.02 secs] 
2016-09-13T20:20:26.329-0400: 139.313: [GC (GCLocker Initiated GC) [PSYoungGen: 133718K->28088K(186368K)] 443549K->338074K(710656K), 0.0068943 secs] [Times: user=0.08 sys=0.00, real=0.00 secs] 
2016-09-13T20:20:26.514-0400: 139.499: [GC (GCLocker Initiated GC) [PSYoungGen: 146360K->44699K(187904K)] 456356K->354904K(712192K), 0.0114708 secs] [Times: user=0.06 sys=0.00, real=0.01 secs] 
2016-09-13T20:20:26.729-0400: 139.714: [GC (GCLocker Initiated GC) [PSYoungGen: 162971K->61534K(180224K)] 474814K->381221K(704512K), 0.0098820 secs] [Times: user=0.12 sys=0.00, real=0.01 secs] 
2016-09-13T20:20:26.912-0400: 139.896: [GC (GCLocker Initiated GC) [PSYoungGen: 172126K->44922K(186368K)] 493516K->366458K(710656K), 0.0066992 secs] [Times: user=0.07 sys=0.00, real=0.01 secs] 
2016-09-13T20:20:27.094-0400: 140.079: [GC (GCLocker Initiated GC) [PSYoungGen: 155514K->51020K(185856K)] 483263K->379098K(710144K), 0.0076742 secs] [Times: user=0.10 sys=0.00, real=0.01 secs] 
2016-09-13T20:20:27.261-0400: 140.246: [GC (GCLocker Initiated GC) [PSYoungGen: 163148K->46312K(186880K)] 491437K->382284K(711168K), 0.0074815 secs] [Times: user=0.05 sys=0.00, real=0.01 secs] 
2016-09-13T20:20:27.459-0400: 140.443: [GC (GCLocker Initiated GC) [PSYoungGen: 158440K->49288K(186880K)] 494518K->385626K(711168K), 0.0097405 secs] [Times: user=0.09 sys=0.00, real=0.01 secs] 
2016-09-13T20:20:27.668-0400: 140.653: [GC (GCLocker Initiated GC) [PSYoungGen: 162952K->60014K(174080K)] 499292K->402599K(698368K), 0.0138879 secs] [Times: user=0.19 sys=0.00, real=0.01 secs] 
2016-09-13T20:20:27.851-0400: 140.835: [GC (GCLocker Initiated GC) [PSYoungGen: 173678K->18971K(183296K)] 528497K->374090K(707584K), 0.0047018 secs] [Times: user=0.04 sys=0.00, real=0.00 secs] 
2016-09-13T20:20:28.024-0400: 141.008: [GC (GCLocker Initiated GC) [PSYoungGen: 125467K->37175K(143872K)] 480743K->403319K(668160K), 0.0080383 secs] [Times: user=0.09 sys=0.00, real=0.01 secs] 
2016-09-13T20:20:28.203-0400: 141.187: [GC (GCLocker Initiated GC) [PSYoungGen: 143671K->31312K(183808K)] 515901K->411263K(708096K), 0.0072190 secs] [Times: user=0.08 sys=0.01, real=0.01 secs] 
2016-09-13T20:20:28.377-0400: 141.362: [GC (Allocation Failure) [PSYoungGen: 140368K->41698K(182272K)] 522021K->431170K(706560K), 0.0078038 secs] [Times: user=0.07 sys=0.00, real=0.00 secs] 
2016-09-13T20:20:28.529-0400: 141.514: [GC (GCLocker Initiated GC) [PSYoungGen: 144913K->26474K(185856K)] 540459K->422238K(710144K), 0.0066922 secs] [Times: user=0.05 sys=0.00, real=0.01 secs] 
2016-09-13T20:20:28.720-0400: 141.705: [GC (GCLocker Initiated GC) [PSYoungGen: 141674K->61409K(184832K)] 537661K->457535K(709120K), 0.0112695 secs] [Times: user=0.09 sys=0.00, real=0.01 secs] 
2016-09-13T20:20:28.908-0400: 141.892: [GC (GCLocker Initiated GC) [PSYoungGen: 176609K->65903K(175616K)] 572965K->462495K(699904K), 0.0169572 secs] [Times: user=0.20 sys=0.00, real=0.02 secs] 
2016-09-13T20:20:29.098-0400: 142.083: [GC (GCLocker Initiated GC) [PSYoungGen: 166255K->23719K(181248K)] 572130K->434434K(705536K), 0.0056839 secs] [Times: user=0.07 sys=0.00, real=0.00 secs] 
2016-09-13T20:20:29.258-0400: 142.242: [GC (GCLocker Initiated GC) [PSYoungGen: 124071K->50934K(179712K)] 534814K->461911K(704000K), 0.0100414 secs] [Times: user=0.12 sys=0.00, real=0.01 secs] 
2016-09-13T20:20:29.435-0400: 142.419: [GC (GCLocker Initiated GC) [PSYoungGen: 151798K->37333K(180736K)] 562811K->462281K(705024K), 0.0100112 secs] [Times: user=0.12 sys=0.00, real=0.01 secs] 
2016-09-13T20:20:29.599-0400: 142.584: [GC (GCLocker Initiated GC) [PSYoungGen: 138197K->40275K(177664K)] 564716K->479276K(701952K), 0.0079743 secs] [Times: user=0.11 sys=0.00, real=0.00 secs] 
2016-09-13T20:20:29.754-0400: 142.739: [GC (GCLocker Initiated GC) [PSYoungGen: 145235K->5307K(179200K)] 593555K->467608K(703488K), 0.0050637 secs] [Times: user=0.06 sys=0.00, real=0.01 secs] 
2016-09-13T20:20:29.913-0400: 142.897: [GC (GCLocker Initiated GC) [PSYoungGen: 110267K->41507K(184832K)] 572666K->504182K(709120K), 0.0105872 secs] [Times: user=0.10 sys=0.00, real=0.01 secs] 
2016-09-13T20:20:30.100-0400: 143.085: [GC (GCLocker Initiated GC) [PSYoungGen: 152099K->63142K(174080K)] 614996K->526201K(698368K), 0.0201208 secs] [Times: user=0.25 sys=0.00, real=0.02 secs] 
2016-09-13T20:20:30.323-0400: 143.308: [GC (GCLocker Initiated GC) [PSYoungGen: 173734K->27992K(183808K)] 650627K->505086K(708096K), 0.0066935 secs] [Times: user=0.06 sys=0.01, real=0.01 secs] 
2016-09-13T20:20:30.506-0400: 143.490: [GC (GCLocker Initiated GC) [PSYoungGen: 131928K->44667K(148992K)] 616721K->532789K(673280K), 0.0092868 secs] [Times: user=0.09 sys=0.00, real=0.01 secs] 
2016-09-13T20:20:30.665-0400: 143.650: [GC (GCLocker Initiated GC) [PSYoungGen: 148603K->46441K(181248K)] 636896K->540881K(705536K), 0.0082505 secs] [Times: user=0.09 sys=0.00, real=0.01 secs] 
2016-09-13T20:20:30.838-0400: 143.823: [GC (GCLocker Initiated GC) [PSYoungGen: 151401K->37297K(180224K)] 645942K->541199K(704512K), 0.0178737 secs] [Times: user=0.25 sys=0.00, real=0.02 secs] 
2016-09-13T20:20:31.008-0400: 143.993: [GC (GCLocker Initiated GC) [PSYoungGen: 142257K->32741K(184320K)] 647860K->547780K(708608K), 0.0093798 secs] [Times: user=0.13 sys=0.00, real=0.01 secs] 
2016-09-13T20:20:31.018-0400: 144.002: [Full GC (Ergonomics) [PSYoungGen: 32741K->0K(184320K)] [ParOldGen: 515039K->35080K(524288K)] 547780K->35080K(708608K), [Metaspace: 44594K->44594K(1087488K)], 0.0478966 secs] [Times: user=0.35 sys=0.01, real=0.04 secs] 
2016-09-13T20:20:31.218-0400: 144.203: [GC (GCLocker Initiated GC) [PSYoungGen: 112128K->69259K(182784K)] 147353K->124229K(707072K), 0.0115832 secs] [Times: user=0.17 sys=0.00, real=0.01 secs] 
2016-09-13T20:20:31.408-0400: 144.393: [GC (GCLocker Initiated GC) [PSYoungGen: 181387K->10077K(179712K)] 248638K->118852K(704000K), 0.0072864 secs] [Times: user=0.10 sys=0.00, real=0.01 secs] 
2016-09-13T20:20:31.556-0400: 144.541: [GC (Allocation Failure) [PSYoungGen: 111453K->46256K(181760K)] 221883K->161561K(706048K), 0.0064608 secs] [Times: user=0.08 sys=0.00, real=0.00 secs] 
2016-09-13T20:20:31.700-0400: 144.684: [GC (GCLocker Initiated GC) [PSYoungGen: 147632K->64602K(173056K)] 262945K->184634K(697344K), 0.0183904 secs] [Times: user=0.23 sys=0.00, real=0.02 secs] 
2016-09-13T20:20:31.860-0400: 144.844: [GC (GCLocker Initiated GC) [PSYoungGen: 158810K->35682K(178176K)] 278993K->156066K(702464K), 0.0089974 secs] [Times: user=0.09 sys=0.00, real=0.01 secs] 
2016-09-13T20:20:32.013-0400: 144.998: [GC (GCLocker Initiated GC) [PSYoungGen: 129890K->29506K(173056K)] 250391K->150203K(697344K), 0.0100469 secs] [Times: user=0.09 sys=0.00, real=0.01 secs] 
2016-09-13T20:20:32.185-0400: 145.169: [GC (Allocation Failure) [PSYoungGen: 126786K->34105K(176640K)] 247513K->155053K(700928K), 0.0154367 secs] [Times: user=0.22 sys=0.01, real=0.02 secs] 
2016-09-13T20:20:32.320-0400: 145.305: [GC (GCLocker Initiated GC) [PSYoungGen: 131385K->50844K(182784K)] 252336K->182652K(707072K), 0.0081912 secs] [Times: user=0.11 sys=0.00, real=0.01 secs] 
2016-09-13T20:20:32.499-0400: 145.484: [GC (GCLocker Initiated GC) [PSYoungGen: 157340K->46536K(183296K)] 295462K->184845K(707584K), 0.0074306 secs] [Times: user=0.10 sys=0.00, real=0.00 secs] 
2016-09-13T20:20:32.688-0400: 145.673: [GC (Allocation Failure) [PSYoungGen: 153032K->53972K(182784K)] 291363K->192618K(707072K), 0.0094908 secs] [Times: user=0.13 sys=0.00, real=0.01 secs] 
2016-09-13T20:20:32.854-0400: 145.839: [GC (GCLocker Initiated GC) [PSYoungGen: 161492K->46441K(184320K)] 300202K->198948K(708608K), 0.0075013 secs] [Times: user=0.11 sys=0.00, real=0.01 secs] 
2016-09-13T20:20:33.038-0400: 146.023: [GC (GCLocker Initiated GC) [PSYoungGen: 153961K->27928K(184832K)] 306493K->180720K(709120K), 0.0049680 secs] [Times: user=0.04 sys=0.00, real=0.00 secs] 
2016-09-13T20:20:33.203-0400: 146.188: [GC (GCLocker Initiated GC) [PSYoungGen: 138520K->34041K(184832K)] 291465K->190209K(709120K), 0.0070561 secs] [Times: user=0.04 sys=0.01, real=0.01 secs] 
2016-09-13T20:20:33.407-0400: 146.392: [GC (GCLocker Initiated GC) [PSYoungGen: 144633K->29416K(186880K)] 306903K->191824K(711168K), 0.0066023 secs] [Times: user=0.04 sys=0.00, real=0.01 secs] 
2016-09-13T20:20:33.614-0400: 146.599: [GC (GCLocker Initiated GC) [PSYoungGen: 144104K->29697K(185856K)] 312791K->200190K(710144K), 0.0070711 secs] [Times: user=0.08 sys=0.00, real=0.01 secs] 
2016-09-13T20:20:33.794-0400: 146.778: [GC (GCLocker Initiated GC) [PSYoungGen: 144385K->29421K(189440K)] 314959K->204825K(713728K), 0.0073306 secs] [Times: user=0.03 sys=0.00, real=0.01 secs] 
2016-09-13T20:20:33.966-0400: 146.950: [GC (GCLocker Initiated GC) [PSYoungGen: 149741K->29512K(188416K)] 325275K->217382K(712704K), 0.0235027 secs] [Times: user=0.25 sys=0.00, real=0.03 secs] 
2016-09-13T20:20:34.168-0400: 147.153: [GC (GCLocker Initiated GC) [PSYoungGen: 149832K->32650K(192000K)] 337901K->220831K(716288K), 0.0055971 secs] [Times: user=0.06 sys=0.00, real=0.00 secs] 
2016-09-13T20:20:34.407-0400: 147.391: [GC (GCLocker Initiated GC) [PSYoungGen: 159626K->32617K(191488K)] 347829K->221104K(715776K), 0.0165067 secs] [Times: user=0.16 sys=0.00, real=0.02 secs] 
2016-09-13T20:20:34.619-0400: 147.604: [GC (GCLocker Initiated GC) [PSYoungGen: 159593K->58586K(188416K)] 348471K->273603K(712704K), 0.0101058 secs] [Times: user=0.13 sys=0.00, real=0.01 secs] 
2016-09-13T20:20:34.822-0400: 147.807: [GC (GCLocker Initiated GC) [PSYoungGen: 184538K->32778K(194048K)] 399577K->255785K(718336K), 0.0072429 secs] [Times: user=0.10 sys=0.00, real=0.01 secs] 
2016-09-13T20:20:35.008-0400: 147.992: [GC (GCLocker Initiated GC) [PSYoungGen: 158730K->47992K(194048K)] 381989K->282214K(718336K), 0.0215066 secs] [Times: user=0.30 sys=0.00, real=0.02 secs] 
2016-09-13T20:20:35.247-0400: 148.231: [GC (GCLocker Initiated GC) [PSYoungGen: 175992K->34009K(162304K)] 410236K->268333K(686592K), 0.0393894 secs] [Times: user=0.44 sys=0.00, real=0.04 secs] 
2016-09-13T20:20:35.455-0400: 148.440: [GC (GCLocker Initiated GC) [PSYoungGen: 162009K->20527K(193536K)] 402433K->265612K(717824K), 0.0106803 secs] [Times: user=0.12 sys=0.00, real=0.01 secs] 
2016-09-13T20:20:35.647-0400: 148.632: [GC (GCLocker Initiated GC) [PSYoungGen: 149039K->35964K(194048K)] 394302K->292111K(718336K), 0.0078716 secs] [Times: user=0.10 sys=0.00, real=0.01 secs] 
2016-09-13T20:20:35.837-0400: 148.821: [GC (GCLocker Initiated GC) [PSYoungGen: 164476K->32650K(195072K)] 420628K->292203K(719360K), 0.0075072 secs] [Times: user=0.08 sys=0.00, real=0.00 secs] 
2016-09-13T20:20:36.058-0400: 149.043: [GC (Allocation Failure) [PSYoungGen: 165770K->14514K(194048K)] 437501K->286465K(718336K), 0.0090846 secs] [Times: user=0.09 sys=0.00, real=0.00 secs] 
2016-09-13T20:20:36.280-0400: 149.265: [GC (GCLocker Initiated GC) [PSYoungGen: 147634K->47650K(196096K)] 419588K->325927K(720384K), 0.0128295 secs] [Times: user=0.11 sys=0.01, real=0.01 secs] 
2016-09-13T20:20:36.515-0400: 149.500: [GC (GCLocker Initiated GC) [PSYoungGen: 181794K->9613K(143872K)] 467667K->295704K(668160K), 0.0059758 secs] [Times: user=0.03 sys=0.00, real=0.01 secs] 
2016-09-13T20:20:36.753-0400: 149.737: [GC (GCLocker Initiated GC) [PSYoungGen: 143757K->9858K(194560K)] 442227K->308501K(718848K), 0.0194324 secs] [Times: user=0.21 sys=0.00, real=0.02 secs] 
2016-09-13T20:20:36.954-0400: 149.939: [GC (GCLocker Initiated GC) [PSYoungGen: 138882K->57063K(186368K)] 437550K->355989K(710656K), 0.0099976 secs] [Times: user=0.13 sys=0.00, real=0.01 secs] 
2016-09-13T20:20:37.167-0400: 150.151: [GC (GCLocker Initiated GC) [PSYoungGen: 186087K->11158K(189440K)] 485249K->315058K(713728K), 0.0233952 secs] [Times: user=0.18 sys=0.00, real=0.03 secs] 
2016-09-13T20:20:37.345-0400: 150.329: [GC (Allocation Failure) [PSYoungGen: 127894K->21790K(138752K)] 431846K->331952K(663040K), 0.0125993 secs] [Times: user=0.13 sys=0.00, real=0.02 secs] 
2016-09-13T20:20:37.534-0400: 150.518: [GC (GCLocker Initiated GC) [PSYoungGen: 138508K->44609K(185856K)] 448734K->354965K(710144K), 0.0236948 secs] [Times: user=0.28 sys=0.00, real=0.03 secs] 
2016-09-13T20:20:37.729-0400: 150.714: [GC (GCLocker Initiated GC) [PSYoungGen: 160321K->64639K(180736K)] 472246K->376759K(705024K), 0.0072997 secs] [Times: user=0.08 sys=0.00, real=0.01 secs] 
2016-09-13T20:20:37.913-0400: 150.897: [GC (GCLocker Initiated GC) [PSYoungGen: 180351K->52362K(178176K)] 500251K->372559K(702464K), 0.0104815 secs] [Times: user=0.11 sys=0.00, real=0.01 secs] 
2016-09-13T20:20:38.084-0400: 151.068: [GC (GCLocker Initiated GC) [PSYoungGen: 150666K->44954K(180224K)] 472493K->371507K(704512K), 0.0066110 secs] [Times: user=0.06 sys=0.00, real=0.01 secs] 
2016-09-13T20:20:38.292-0400: 151.277: [GC (GCLocker Initiated GC) [PSYoungGen: 143258K->38566K(171520K)] 473037K->368703K(695808K), 0.0111210 secs] [Times: user=0.10 sys=0.00, real=0.01 secs] 
2016-09-13T20:20:38.454-0400: 151.439: [GC (GCLocker Initiated GC) [PSYoungGen: 138406K->23708K(176128K)] 480844K->366309K(700416K), 0.0063660 secs] [Times: user=0.06 sys=0.00, real=0.01 secs] 
2016-09-13T20:20:38.593-0400: 151.578: [GC (GCLocker Initiated GC) [PSYoungGen: 123548K->31093K(179200K)] 466201K->374131K(703488K), 0.0069610 secs] [Times: user=0.06 sys=0.00, real=0.01 secs] 
2016-09-13T20:20:38.813-0400: 151.798: [GC (GCLocker Initiated GC) [PSYoungGen: 142197K->11068K(183296K)] 491497K->360495K(707584K), 0.0045209 secs] [Times: user=0.03 sys=0.00, real=0.01 secs] 
2016-09-13T20:20:38.986-0400: 151.971: [GC (GCLocker Initiated GC) [PSYoungGen: 122172K->44635K(189440K)] 473199K->395817K(713728K), 0.0094400 secs] [Times: user=0.07 sys=0.00, real=0.02 secs] 
2016-09-13T20:20:39.164-0400: 152.149: [GC (GCLocker Initiated GC) [PSYoungGen: 161371K->24987K(141824K)] 518650K->384008K(666112K), 0.0406172 secs] [Times: user=0.39 sys=0.00, real=0.04 secs] 
2016-09-13T20:20:39.366-0400: 152.351: [GC (GCLocker Initiated GC) [PSYoungGen: 141723K->32458K(190976K)] 500937K->397940K(715264K), 0.0065270 secs] [Times: user=0.04 sys=0.00, real=0.01 secs] 
2016-09-13T20:20:39.544-0400: 152.528: [GC (GCLocker Initiated GC) [PSYoungGen: 152778K->66126K(186880K)] 518272K->433310K(711168K), 0.0140558 secs] [Times: user=0.15 sys=0.00, real=0.02 secs] 
2016-09-13T20:20:39.736-0400: 152.721: [GC (GCLocker Initiated GC) [PSYoungGen: 186446K->46255K(185856K)] 553904K->423058K(710144K), 0.0088146 secs] [Times: user=0.10 sys=0.00, real=0.00 secs] 
2016-09-13T20:20:39.912-0400: 152.897: [GC (GCLocker Initiated GC) [PSYoungGen: 156847K->50678K(161280K)] 533697K->427738K(685568K), 0.0450799 secs] [Times: user=0.44 sys=0.00, real=0.05 secs] 
2016-09-13T20:20:40.144-0400: 153.129: [GC (GCLocker Initiated GC) [PSYoungGen: 161270K->70709K(169984K)] 538360K->458601K(694272K), 0.0090278 secs] [Times: user=0.10 sys=0.00, real=0.01 secs] 
2016-09-13T20:20:40.291-0400: 153.276: [GC (GCLocker Initiated GC) [PSYoungGen: 163893K->66185K(159744K)] 551871K->463492K(684032K), 0.0106195 secs] [Times: user=0.12 sys=0.00, real=0.01 secs] 
2016-09-13T20:20:40.444-0400: 153.428: [GC (GCLocker Initiated GC) [PSYoungGen: 159369K->52171K(175104K)] 556841K->449868K(699392K), 0.0080926 secs] [Times: user=0.07 sys=0.00, real=0.01 secs] 
2016-09-13T20:20:40.604-0400: 153.589: [GC (GCLocker Initiated GC) [PSYoungGen: 140235K->5310K(175104K)] 551698K->421535K(699392K), 0.0105335 secs] [Times: user=0.12 sys=0.00, real=0.01 secs] 
2016-09-13T20:20:40.745-0400: 153.729: [GC (GCLocker Initiated GC) [PSYoungGen: 93374K->55149K(175104K)] 509627K->471781K(699392K), 0.0306711 secs] [Times: user=0.33 sys=0.00, real=0.03 secs] 
2016-09-13T20:20:40.891-0400: 153.875: [GC (GCLocker Initiated GC) [PSYoungGen: 143213K->54067K(175104K)] 560029K->499973K(699392K), 0.0109051 secs] [Times: user=0.13 sys=0.01, real=0.01 secs] 
2016-09-13T20:20:41.012-0400: 153.997: [GC (GCLocker Initiated GC) [PSYoungGen: 142131K->49357K(175104K)] 589690K->503331K(699392K), 0.0094250 secs] [Times: user=0.12 sys=0.00, real=0.01 secs] 
2016-09-13T20:20:41.154-0400: 154.139: [GC (GCLocker Initiated GC) [PSYoungGen: 137421K->32677K(120832K)] 597509K->499065K(645120K), 0.0242453 secs] [Times: user=0.28 sys=0.01, real=0.03 secs] 
2016-09-13T20:20:41.314-0400: 154.298: [GC (GCLocker Initiated GC) [PSYoungGen: 120741K->23377K(173568K)] 593245K->517480K(697856K), 0.0287328 secs] [Times: user=0.35 sys=0.00, real=0.03 secs] 
2016-09-13T20:20:41.460-0400: 154.445: [GC (GCLocker Initiated GC) [PSYoungGen: 111953K->35718K(173056K)] 607591K->531613K(697344K), 0.0103052 secs] [Times: user=0.09 sys=0.00, real=0.01 secs] 
2016-09-13T20:20:41.596-0400: 154.581: [GC (GCLocker Initiated GC) [PSYoungGen: 124294K->27929K(175104K)] 620211K->528683K(699392K), 0.0099914 secs] [Times: user=0.07 sys=0.00, real=0.00 secs] 
2016-09-13T20:20:41.723-0400: 154.707: [GC (GCLocker Initiated GC) [PSYoungGen: 122137K->47836K(173568K)] 624451K->551930K(697856K), 0.0175619 secs] [Times: user=0.20 sys=0.00, real=0.02 secs] 
2016-09-13T20:20:41.740-0400: 154.725: [Full GC (Ergonomics) [PSYoungGen: 47836K->0K(173568K)] [ParOldGen: 504093K->40118K(524288K)] 551930K->40118K(697856K), [Metaspace: 44622K->44622K(1087488K)], 0.0663700 secs] [Times: user=0.43 sys=0.00, real=0.06 secs] 
2016-09-13T20:20:41.947-0400: 154.932: [GC (GCLocker Initiated GC) [PSYoungGen: 94208K->57237K(177664K)] 134421K->97451K(701952K), 0.0169103 secs] [Times: user=0.22 sys=0.00, real=0.02 secs] 
2016-09-13T20:20:42.106-0400: 155.090: [GC (GCLocker Initiated GC) [PSYoungGen: 156565K->47991K(180224K)] 196800K->103945K(704512K), 0.0106323 secs] [Times: user=0.14 sys=0.00, real=0.02 secs] 
2016-09-13T20:20:42.264-0400: 155.249: [GC (GCLocker Initiated GC) [PSYoungGen: 147319K->29670K(177152K)] 215471K->104060K(701440K), 0.0234000 secs] [Times: user=0.23 sys=0.00, real=0.03 secs] 
2016-09-13T20:20:42.417-0400: 155.402: [GC (GCLocker Initiated GC) [PSYoungGen: 131558K->64574K(166912K)] 205988K->139221K(691200K), 0.0419510 secs] [Times: user=0.47 sys=0.00, real=0.04 secs] 
2016-09-13T20:20:42.624-0400: 155.608: [GC (GCLocker Initiated GC) [PSYoungGen: 166462K->38651K(182272K)] 248719K->127244K(706560K), 0.0221822 secs] [Times: user=0.23 sys=0.00, real=0.02 secs] 
2016-09-13T20:20:42.774-0400: 155.758: [GC (GCLocker Initiated GC) [PSYoungGen: 137979K->46350K(145920K)] 228228K->141340K(670208K), 0.0062942 secs] [Times: user=0.05 sys=0.00, real=0.01 secs] 
2016-09-13T20:20:42.898-0400: 155.883: [GC (GCLocker Initiated GC) [PSYoungGen: 145678K->37200K(179200K)] 240694K->150627K(703488K), 0.0077973 secs] [Times: user=0.07 sys=0.00, real=0.00 secs] 
2016-09-13T20:20:43.078-0400: 156.063: [GC (GCLocker Initiated GC) [PSYoungGen: 139088K->61410K(176640K)] 252758K->179904K(700928K), 0.0265614 secs] [Times: user=0.27 sys=0.00, real=0.02 secs] 
2016-09-13T20:20:43.255-0400: 156.240: [GC (Allocation Failure) [PSYoungGen: 163298K->46282K(184320K)] 281814K->165007K(708608K), 0.0062052 secs] [Times: user=0.06 sys=0.00, real=0.01 secs] 
2016-09-13T20:20:43.462-0400: 156.446: [GC (GCLocker Initiated GC) [PSYoungGen: 153802K->41789K(149504K)] 272529K->168280K(673792K), 0.0180441 secs] [Times: user=0.20 sys=0.00, real=0.02 secs] 
2016-09-13T20:20:43.647-0400: 156.632: [GC (Allocation Failure) [PSYoungGen: 149309K->52292K(182784K)] 277472K->180582K(707072K), 0.0148455 secs] [Times: user=0.17 sys=0.00, real=0.02 secs] 
2016-09-13T20:20:43.808-0400: 156.793: [GC (GCLocker Initiated GC) [PSYoungGen: 159340K->28113K(182784K)] 293705K->162730K(707072K), 0.0297200 secs] [Times: user=0.33 sys=0.00, real=0.03 secs] 
2016-09-13T20:20:43.978-0400: 156.963: [GC (Allocation Failure) [PSYoungGen: 137681K->41720K(183296K)] 272502K->176793K(707584K), 0.0374740 secs] [Times: user=0.39 sys=0.01, real=0.04 secs] 
2016-09-13T20:20:44.159-0400: 157.144: [GC (GCLocker Initiated GC) [PSYoungGen: 156920K->64512K(185856K)] 292014K->218099K(710144K), 0.0260550 secs] [Times: user=0.26 sys=0.00, real=0.02 secs] 
2016-09-13T20:20:44.350-0400: 157.334: [GC (GCLocker Initiated GC) [PSYoungGen: 179712K->41879K(188416K)] 341032K->203393K(712704K), 0.0133313 secs] [Times: user=0.16 sys=0.00, real=0.01 secs] 
2016-09-13T20:20:44.518-0400: 157.503: [GC (GCLocker Initiated GC) [PSYoungGen: 154519K->60083K(173056K)] 317732K->223692K(697344K), 0.0216331 secs] [Times: user=0.30 sys=0.00, real=0.02 secs] 
2016-09-13T20:20:44.712-0400: 157.697: [GC (GCLocker Initiated GC) [PSYoungGen: 172723K->60082K(181760K)] 344043K->231563K(706048K), 0.0108076 secs] [Times: user=0.11 sys=0.00, real=0.01 secs] 
2016-09-13T20:20:44.882-0400: 157.866: [GC (GCLocker Initiated GC) [PSYoungGen: 165554K->40297K(183808K)] 340150K->215123K(708096K), 0.0303307 secs] [Times: user=0.35 sys=0.00, real=0.03 secs] 
2016-09-13T20:20:45.064-0400: 158.049: [GC (GCLocker Initiated GC) [PSYoungGen: 145769K->30999K(182272K)] 326812K->212224K(706560K), 0.0277568 secs] [Times: user=0.27 sys=0.01, real=0.03 secs] 
2016-09-13T20:20:45.257-0400: 158.241: [GC (GCLocker Initiated GC) [PSYoungGen: 138007K->52516K(183296K)] 319747K->240475K(707584K), 0.0103414 secs] [Times: user=0.14 sys=0.00, real=0.00 secs] 
2016-09-13T20:20:45.433-0400: 158.418: [GC (GCLocker Initiated GC) [PSYoungGen: 159524K->28211K(185344K)] 353722K->222701K(709632K), 0.0056691 secs] [Times: user=0.06 sys=0.00, real=0.01 secs] 
2016-09-13T20:20:45.639-0400: 158.624: [GC (GCLocker Initiated GC) [PSYoungGen: 137779K->46287K(156160K)] 333972K->242697K(680448K), 0.0121623 secs] [Times: user=0.14 sys=0.00, real=0.01 secs] 
2016-09-13T20:20:45.804-0400: 158.789: [GC (Allocation Failure) [PSYoungGen: 155855K->43212K(186368K)] 358390K->245870K(710656K), 0.0288096 secs] [Times: user=0.25 sys=0.00, real=0.03 secs] 
2016-09-13T20:20:45.992-0400: 158.977: [GC (GCLocker Initiated GC) [PSYoungGen: 155852K->43334K(183808K)] 358512K->253905K(708096K), 0.0084112 secs] [Times: user=0.07 sys=0.00, real=0.01 secs] 
2016-09-13T20:20:46.147-0400: 159.131: [GC (GCLocker Initiated GC) [PSYoungGen: 155974K->41725K(187904K)] 366821K->271097K(712192K), 0.0107812 secs] [Times: user=0.11 sys=0.00, real=0.02 secs] 
2016-09-13T20:20:46.330-0400: 159.315: [GC (GCLocker Initiated GC) [PSYoungGen: 161021K->38757K(185856K)] 390578K->268524K(710144K), 0.0127148 secs] [Times: user=0.13 sys=0.00, real=0.01 secs] 
2016-09-13T20:20:46.534-0400: 159.519: [GC (GCLocker Initiated GC) [PSYoungGen: 158053K->64378K(186368K)] 387872K->300482K(710656K), 0.0159432 secs] [Times: user=0.13 sys=0.01, real=0.02 secs] 
2016-09-13T20:20:46.713-0400: 159.698: [GC (GCLocker Initiated GC) [PSYoungGen: 185210K->50843K(191488K)] 421510K->291982K(715776K), 0.0217402 secs] [Times: user=0.22 sys=0.00, real=0.02 secs] 
2016-09-13T20:20:46.939-0400: 159.924: [GC (GCLocker Initiated GC) [PSYoungGen: 171675K->29544K(190976K)] 419058K->278533K(715264K), 0.0402486 secs] [Times: user=0.44 sys=0.00, real=0.04 secs] 
2016-09-13T20:20:47.117-0400: 160.102: [GC (Allocation Failure) [PSYoungGen: 150376K->49483K(191488K)] 399581K->305051K(715776K), 0.0134691 secs] [Times: user=0.15 sys=0.00, real=0.01 secs] 
2016-09-13T20:20:47.131-0400: 160.116: [GC (GCLocker Initiated GC) [PSYoungGen: 49673K->64K(181760K)] 305241K->307819K(706048K), 0.0136951 secs] [Times: user=0.15 sys=0.00, real=0.01 secs] 
2016-09-13T20:20:47.298-0400: 160.283: [GC (GCLocker Initiated GC) [PSYoungGen: 106479K->40371K(186880K)] 420310K->354202K(711168K), 0.0078892 secs] [Times: user=0.06 sys=0.01, real=0.00 secs] 
2016-09-13T20:20:47.473-0400: 160.457: [GC (GCLocker Initiated GC) [PSYoungGen: 151987K->40173K(179200K)] 467448K->365189K(703488K), 0.0195514 secs] [Times: user=0.17 sys=0.00, real=0.02 secs] 
2016-09-13T20:20:47.664-0400: 160.649: [GC (GCLocker Initiated GC) [PSYoungGen: 155373K->40180K(183808K)] 480548K->365639K(708096K), 0.0145211 secs] [Times: user=0.12 sys=0.00, real=0.02 secs] 
2016-09-13T20:20:47.857-0400: 160.842: [GC (GCLocker Initiated GC) [PSYoungGen: 155380K->12710K(192000K)] 493128K->350522K(716288K), 0.0122144 secs] [Times: user=0.11 sys=0.00, real=0.01 secs] 
2016-09-13T20:20:48.089-0400: 161.074: [GC (GCLocker Initiated GC) [PSYoungGen: 138662K->63056K(189440K)] 476580K->408829K(713728K), 0.0079640 secs] [Times: user=0.07 sys=0.00, real=0.01 secs] 
2016-09-13T20:20:48.273-0400: 161.257: [GC (GCLocker Initiated GC) [PSYoungGen: 189008K->40232K(190976K)] 534874K->392421K(715264K), 0.0288144 secs] [Times: user=0.28 sys=0.00, real=0.03 secs] 
2016-09-13T20:20:48.476-0400: 161.461: [GC (Allocation Failure) [PSYoungGen: 158504K->41534K(160256K)] 510695K->398691K(684544K), 0.0223007 secs] [Times: user=0.22 sys=0.00, real=0.02 secs] 
2016-09-13T20:20:48.662-0400: 161.647: [GC (GCLocker Initiated GC) [PSYoungGen: 159806K->29389K(187904K)] 516966K->386688K(712192K), 0.0140866 secs] [Times: user=0.12 sys=0.00, real=0.02 secs] 
2016-09-13T20:20:48.852-0400: 161.837: [GC (GCLocker Initiated GC) [PSYoungGen: 148685K->49346K(186880K)] 507528K->408343K(711168K), 0.0100339 secs] [Times: user=0.07 sys=0.00, real=0.01 secs] 
2016-09-13T20:20:49.065-0400: 162.050: [GC (Allocation Failure) [PSYoungGen: 168642K->12746K(189440K)] 535401K->388806K(713728K), 0.0049519 secs] [Times: user=0.03 sys=0.01, real=0.01 secs] 
2016-09-13T20:20:49.251-0400: 162.236: [GC (GCLocker Initiated GC) [PSYoungGen: 129307K->32667K(153600K)] 511443K->421044K(677888K), 0.0104350 secs] [Times: user=0.12 sys=0.00, real=0.01 secs] 
2016-09-13T20:20:49.454-0400: 162.439: [GC (Allocation Failure) [PSYoungGen: 153499K->9831K(189440K)] 554098K->410683K(713728K), 0.0152471 secs] [Times: user=0.17 sys=0.01, real=0.02 secs] 
2016-09-13T20:20:49.694-0400: 162.679: [GC (GCLocker Initiated GC) [PSYoungGen: 131175K->50742K(172544K)] 532050K->453321K(696832K), 0.0115757 secs] [Times: user=0.07 sys=0.00, real=0.01 secs] 
2016-09-13T20:20:49.882-0400: 162.866: [GC (GCLocker Initiated GC) [PSYoungGen: 172086K->32607K(193024K)] 574778K->435501K(717312K), 0.0233371 secs] [Times: user=0.21 sys=0.00, real=0.02 secs] 
2016-09-13T20:20:50.114-0400: 163.099: [GC (GCLocker Initiated GC) [PSYoungGen: 153439K->56754K(177664K)] 556381K->459904K(701952K), 0.0268792 secs] [Times: user=0.28 sys=0.00, real=0.03 secs] 
2016-09-13T20:20:50.302-0400: 163.287: [GC (GCLocker Initiated GC) [PSYoungGen: 177586K->47736K(188416K)] 586954K->461792K(712704K), 0.0178608 secs] [Times: user=0.17 sys=0.00, real=0.02 secs] 
2016-09-13T20:20:50.482-0400: 163.466: [GC (GCLocker Initiated GC) [PSYoungGen: 162424K->26691K(141824K)] 582592K->456259K(666112K), 0.0099727 secs] [Times: user=0.09 sys=0.00, real=0.01 secs] 
2016-09-13T20:20:50.663-0400: 163.648: [GC (GCLocker Initiated GC) [PSYoungGen: 141379K->11250K(185856K)] 583248K->457896K(710144K), 0.0276815 secs] [Times: user=0.25 sys=0.00, real=0.03 secs] 
2016-09-13T20:20:50.858-0400: 163.843: [GC (GCLocker Initiated GC) [PSYoungGen: 124914K->9708K(186880K)] 577640K->462639K(711168K), 0.0247558 secs] [Times: user=0.25 sys=0.01, real=0.02 secs] 
2016-09-13T20:20:51.058-0400: 164.042: [GC (GCLocker Initiated GC) [PSYoungGen: 123372K->58398K(177152K)] 576361K->511664K(701440K), 0.0155616 secs] [Times: user=0.14 sys=0.00, real=0.01 secs] 
2016-09-13T20:20:51.255-0400: 164.239: [GC (GCLocker Initiated GC) [PSYoungGen: 161822K->28275K(182784K)] 629028K->500387K(707072K), 0.0068242 secs] [Times: user=0.08 sys=0.00, real=0.01 secs] 
2016-09-13T20:20:51.428-0400: 164.413: [GC (Allocation Failure) [PSYoungGen: 131699K->32680K(173568K)] 603998K->505329K(697856K), 0.0073151 secs] [Times: user=0.04 sys=0.00, real=0.00 secs] 
2016-09-13T20:20:51.597-0400: 164.582: [GC (GCLocker Initiated GC) [PSYoungGen: 135152K->26442K(179200K)] 613876K->505455K(703488K), 0.0214951 secs] [Times: user=0.17 sys=0.00, real=0.02 secs] 
2016-09-13T20:20:51.752-0400: 164.737: [GC (GCLocker Initiated GC) [PSYoungGen: 133450K->67703K(174080K)] 612592K->547082K(698368K), 0.0088038 secs] [Times: user=0.07 sys=0.01, real=0.01 secs] 
2016-09-13T20:20:51.914-0400: 164.899: [GC (GCLocker Initiated GC) [PSYoungGen: 172151K->64571K(169472K)] 651752K->544399K(693760K), 0.0244051 secs] [Times: user=0.31 sys=0.00, real=0.03 secs] 
2016-09-13T20:20:52.097-0400: 165.082: [GC (Allocation Failure) [PSYoungGen: 169019K->23436K(179200K)] 658025K->517195K(703488K), 0.0201080 secs] [Times: user=0.20 sys=0.00, real=0.02 secs] 
2016-09-13T20:20:52.277-0400: 165.261: [GC (GCLocker Initiated GC) [PSYoungGen: 117644K->46223K(140800K)] 611406K->540131K(665088K), 0.0224868 secs] [Times: user=0.24 sys=0.00, real=0.02 secs] 
2016-09-13T20:20:52.455-0400: 165.440: [GC (GCLocker Initiated GC) [PSYoungGen: 140431K->27774K(178688K)] 640439K->527976K(702976K), 0.0123059 secs] [Times: user=0.09 sys=0.01, real=0.02 secs] 
2016-09-13T20:20:52.626-0400: 165.610: [GC (GCLocker Initiated GC) [PSYoungGen: 124542K->31029K(176128K)] 630864K->546601K(700416K), 0.0064141 secs] [Times: user=0.05 sys=0.00, real=0.01 secs] 
2016-09-13T20:20:52.632-0400: 165.617: [Full GC (Ergonomics) [PSYoungGen: 31029K->0K(176128K)] [ParOldGen: 515572K->39775K(524288K)] 546601K->39775K(700416K), [Metaspace: 44641K->44641K(1087488K)], 0.0635481 secs] [Times: user=0.31 sys=0.01, real=0.07 secs] 
2016-09-13T20:20:52.810-0400: 165.794: [GC (GCLocker Initiated GC) [PSYoungGen: 96768K->75488K(165376K)] 136554K->115274K(689664K), 0.0093203 secs] [Times: user=0.08 sys=0.00, real=0.01 secs] 
2016-09-13T20:20:52.933-0400: 165.918: [GC (GCLocker Initiated GC) [PSYoungGen: 164576K->50870K(175616K)] 204411K->133748K(699904K), 0.0219534 secs] [Times: user=0.27 sys=0.00, real=0.02 secs] 
2016-09-13T20:20:53.053-0400: 166.038: [GC (GCLocker Initiated GC) [PSYoungGen: 139958K->50905K(173056K)] 222962K->159988K(697344K), 0.0181528 secs] [Times: user=0.14 sys=0.00, real=0.02 secs] 
2016-09-13T20:20:53.208-0400: 166.193: [GC (Allocation Failure) [PSYoungGen: 140505K->28094K(174592K)] 261967K->168096K(698880K), 0.0141851 secs] [Times: user=0.18 sys=0.00, real=0.01 secs] 
2016-09-13T20:20:53.359-0400: 166.344: [GC (GCLocker Initiated GC) [PSYoungGen: 117694K->14388K(176128K)] 257697K->154649K(700416K), 0.0033588 secs] [Times: user=0.02 sys=0.00, real=0.00 secs] 
2016-09-13T20:20:53.512-0400: 166.497: [GC (GCLocker Initiated GC) [PSYoungGen: 107572K->41507K(135168K)] 255610K->189691K(659456K), 0.0067381 secs] [Times: user=0.04 sys=0.00, real=0.01 secs] 
2016-09-13T20:20:53.668-0400: 166.653: [GC (GCLocker Initiated GC) [PSYoungGen: 134691K->44889K(177152K)] 292049K->202443K(701440K), 0.0211639 secs] [Times: user=0.21 sys=0.00, real=0.02 secs] 
2016-09-13T20:20:53.835-0400: 166.820: [GC (GCLocker Initiated GC) [PSYoungGen: 142169K->41853K(175616K)] 299975K->222886K(699904K), 0.0099544 secs] [Times: user=0.12 sys=0.00, real=0.01 secs] 
2016-09-13T20:20:53.972-0400: 166.956: [GC (GCLocker Initiated GC) [PSYoungGen: 139133K->31195K(181248K)] 321871K->214323K(705536K), 0.0092496 secs] [Times: user=0.08 sys=0.00, real=0.01 secs] 
2016-09-13T20:20:54.138-0400: 167.123: [GC (GCLocker Initiated GC) [PSYoungGen: 137179K->64633K(179200K)] 320519K->248241K(703488K), 0.0080298 secs] [Times: user=0.05 sys=0.00, real=0.00 secs] 
2016-09-13T20:20:54.313-0400: 167.298: [GC (GCLocker Initiated GC) [PSYoungGen: 170617K->43053K(185856K)] 355921K->228605K(710144K), 0.0187947 secs] [Times: user=0.15 sys=0.00, real=0.02 secs] 
2016-09-13T20:20:54.517-0400: 167.502: [GC (GCLocker Initiated GC) [PSYoungGen: 149549K->50651K(182784K)] 344280K->245579K(707072K), 0.0247899 secs] [Times: user=0.22 sys=0.01, real=0.02 secs] 
2016-09-13T20:20:54.689-0400: 167.673: [GC (GCLocker Initiated GC) [PSYoungGen: 157147K->41816K(181760K)] 352224K->237079K(706048K), 0.0124256 secs] [Times: user=0.10 sys=0.00, real=0.01 secs] 
2016-09-13T20:20:54.859-0400: 167.843: [GC (GCLocker Initiated GC) [PSYoungGen: 151384K->5174K(182272K)] 358810K->212927K(706560K), 0.0031638 secs] [Times: user=0.01 sys=0.01, real=0.00 secs] 
2016-09-13T20:20:55.053-0400: 168.038: [GC (GCLocker Initiated GC) [PSYoungGen: 114742K->27870K(187392K)] 322503K->235843K(711680K), 0.0260832 secs] [Times: user=0.24 sys=0.00, real=0.03 secs] 
2016-09-13T20:20:55.250-0400: 168.235: [GC (GCLocker Initiated GC) [PSYoungGen: 139486K->46309K(185856K)] 347489K->259004K(710144K), 0.0129498 secs] [Times: user=0.13 sys=0.00, real=0.01 secs] 
2016-09-13T20:20:55.437-0400: 168.421: [GC (GCLocker Initiated GC) [PSYoungGen: 157925K->26505K(186368K)] 376781K->248605K(710656K), 0.0061371 secs] [Times: user=0.05 sys=0.00, real=0.00 secs] 
2016-09-13T20:20:55.619-0400: 168.604: [GC (GCLocker Initiated GC) [PSYoungGen: 140169K->53817K(185856K)] 363827K->279235K(710144K), 0.0208209 secs] [Times: user=0.23 sys=0.00, real=0.02 secs] 
2016-09-13T20:20:55.817-0400: 168.802: [GC (GCLocker Initiated GC) [PSYoungGen: 167481K->44927K(188416K)] 400724K->288979K(712704K), 0.0141975 secs] [Times: user=0.16 sys=0.01, real=0.01 secs] 
2016-09-13T20:20:55.980-0400: 168.965: [GC (GCLocker Initiated GC) [PSYoungGen: 158079K->23594K(137216K)] 405225K->271016K(661504K), 0.0210150 secs] [Times: user=0.21 sys=0.00, real=0.02 secs] 
2016-09-13T20:20:56.182-0400: 169.167: [GC (GCLocker Initiated GC) [PSYoungGen: 136746K->28019K(188416K)] 390481K->282073K(712704K), 0.0071106 secs] [Times: user=0.07 sys=0.00, real=0.01 secs] 
2016-09-13T20:20:56.360-0400: 169.345: [GC (GCLocker Initiated GC) [PSYoungGen: 143219K->27924K(186368K)] 404878K->294325K(710656K), 0.0151825 secs] [Times: user=0.14 sys=0.00, real=0.02 secs] 
2016-09-13T20:20:56.552-0400: 169.537: [GC (GCLocker Initiated GC) [PSYoungGen: 143124K->26792K(188416K)] 415603K->299476K(712704K), 0.0150525 secs] [Times: user=0.15 sys=0.00, real=0.01 secs] 
2016-09-13T20:20:56.769-0400: 169.754: [GC (GCLocker Initiated GC) [PSYoungGen: 146088K->24960K(186880K)] 420438K->299575K(711168K), 0.0120244 secs] [Times: user=0.11 sys=0.00, real=0.01 secs] 
2016-09-13T20:20:56.958-0400: 169.942: [GC (GCLocker Initiated GC) [PSYoungGen: 144256K->41598K(192000K)] 420510K->317983K(716288K), 0.0076816 secs] [Times: user=0.06 sys=0.00, real=0.00 secs] 
2016-09-13T20:20:57.165-0400: 170.150: [GC (Allocation Failure) [PSYoungGen: 167550K->23489K(191488K)] 450360K->306430K(715776K), 0.0103948 secs] [Times: user=0.09 sys=0.00, real=0.01 secs] 
2016-09-13T20:20:57.361-0400: 170.346: [GC (GCLocker Initiated GC) [PSYoungGen: 149441K->43243K(194560K)] 432392K->326454K(718848K), 0.0156886 secs] [Times: user=0.16 sys=0.00, real=0.02 secs] 
2016-09-13T20:20:57.590-0400: 170.574: [GC (GCLocker Initiated GC) [PSYoungGen: 173291K->9798K(195072K)] 462829K->299601K(719360K), 0.0083103 secs] [Times: user=0.06 sys=0.00, real=0.01 secs] 
2016-09-13T20:20:57.815-0400: 170.800: [GC (GCLocker Initiated GC) [PSYoungGen: 139846K->41566K(195072K)] 429889K->331849K(719360K), 0.0333760 secs] [Times: user=0.35 sys=0.00, real=0.04 secs] 
2016-09-13T20:20:58.041-0400: 171.026: [GC (GCLocker Initiated GC) [PSYoungGen: 170590K->44945K(174080K)] 461065K->335508K(698368K), 0.0068915 secs] [Times: user=0.08 sys=0.00, real=0.01 secs] 
2016-09-13T20:20:58.225-0400: 171.210: [GC (GCLocker Initiated GC) [PSYoungGen: 173969K->52484K(188416K)] 466076K->344755K(712704K), 0.0101485 secs] [Times: user=0.12 sys=0.01, real=0.02 secs] 
2016-09-13T20:20:58.426-0400: 171.411: [GC (GCLocker Initiated GC) [PSYoungGen: 173316K->41603K(191488K)] 467281K->346484K(715776K), 0.0103153 secs] [Times: user=0.11 sys=0.00, real=0.02 secs] 
2016-09-13T20:20:58.631-0400: 171.616: [GC (GCLocker Initiated GC) [PSYoungGen: 162435K->51083K(188416K)] 469043K->357936K(712704K), 0.0088052 secs] [Times: user=0.10 sys=0.02, real=0.01 secs] 
2016-09-13T20:20:58.827-0400: 171.811: [GC (GCLocker Initiated GC) [PSYoungGen: 169867K->50710K(169984K)] 476773K->362363K(694272K), 0.0149970 secs] [Times: user=0.16 sys=0.00, real=0.02 secs] 
2016-09-13T20:20:59.015-0400: 171.999: [GC (GCLocker Initiated GC) [PSYoungGen: 169494K->53912K(185344K)] 481201K->376546K(709632K), 0.0080192 secs] [Times: user=0.08 sys=0.00, real=0.01 secs] 
2016-09-13T20:20:59.175-0400: 172.159: [GC (Allocation Failure) [PSYoungGen: 166552K->31189K(187392K)] 490877K->364958K(711680K), 0.0107051 secs] [Times: user=0.08 sys=0.01, real=0.01 secs] 
2016-09-13T20:20:59.387-0400: 172.372: [GC (GCLocker Initiated GC) [PSYoungGen: 143829K->28206K(183808K)] 477598K->362201K(708096K), 0.0053093 secs] [Times: user=0.06 sys=0.00, real=0.01 secs] 
2016-09-13T20:20:59.561-0400: 172.546: [GC (GCLocker Initiated GC) [PSYoungGen: 142382K->40143K(185856K)] 476566K->374481K(710144K), 0.0242058 secs] [Times: user=0.31 sys=0.00, real=0.02 secs] 
2016-09-13T20:20:59.743-0400: 172.728: [GC (GCLocker Initiated GC) [PSYoungGen: 154319K->46383K(189952K)] 491797K->384039K(714240K), 0.0075166 secs] [Times: user=0.09 sys=0.00, real=0.01 secs] 
2016-09-13T20:20:59.945-0400: 172.929: [GC (Allocation Failure) [PSYoungGen: 167215K->9795K(189952K)] 511029K->353843K(714240K), 0.0279591 secs] [Times: user=0.35 sys=0.00, real=0.03 secs] 
2016-09-13T20:21:00.165-0400: 173.149: [GC (GCLocker Initiated GC) [PSYoungGen: 129135K->9862K(188928K)] 479258K->360183K(713216K), 0.0074666 secs] [Times: user=0.07 sys=0.00, real=0.01 secs] 
2016-09-13T20:21:00.341-0400: 173.325: [GC (GCLocker Initiated GC) [PSYoungGen: 127622K->41693K(189952K)] 479643K->394037K(714240K), 0.0080158 secs] [Times: user=0.06 sys=0.01, real=0.01 secs] 
2016-09-13T20:21:00.548-0400: 173.533: [GC (GCLocker Initiated GC) [PSYoungGen: 159453K->49260K(186880K)] 511876K->401916K(711168K), 0.0101416 secs] [Times: user=0.10 sys=0.00, real=0.01 secs] 
2016-09-13T20:21:00.737-0400: 173.721: [GC (GCLocker Initiated GC) [PSYoungGen: 164972K->59949K(176128K)] 517889K->413005K(700416K), 0.0168856 secs] [Times: user=0.18 sys=0.00, real=0.01 secs] 
2016-09-13T20:21:00.936-0400: 173.921: [GC (Allocation Failure) [PSYoungGen: 175661K->38591K(187904K)] 528724K->395023K(712192K), 0.0283303 secs] [Times: user=0.26 sys=0.00, real=0.02 secs] 
2016-09-13T20:21:01.108-0400: 174.093: [GC (GCLocker Initiated GC) [PSYoungGen: 148159K->41474K(151552K)] 504597K->402720K(675840K), 0.0081923 secs] [Times: user=0.06 sys=0.01, real=0.01 secs] 
2016-09-13T20:21:01.282-0400: 174.267: [GC (GCLocker Initiated GC) [PSYoungGen: 151042K->56816K(177664K)] 512611K->418600K(701952K), 0.0106311 secs] [Times: user=0.11 sys=0.00, real=0.01 secs] 
2016-09-13T20:21:01.443-0400: 174.428: [GC (GCLocker Initiated GC) [PSYoungGen: 162800K->40307K(181248K)] 524660K->402475K(705536K), 0.0131102 secs] [Times: user=0.14 sys=0.00, real=0.02 secs] 
2016-09-13T20:21:01.612-0400: 174.597: [GC (GCLocker Initiated GC) [PSYoungGen: 146291K->26415K(185856K)] 516170K->402473K(710144K), 0.0170126 secs] [Times: user=0.15 sys=0.00, real=0.02 secs] 
2016-09-13T20:21:01.813-0400: 174.798: [GC (GCLocker Initiated GC) [PSYoungGen: 141615K->40116K(186368K)] 519416K->425720K(710656K), 0.0180867 secs] [Times: user=0.17 sys=0.00, real=0.02 secs] 
2016-09-13T20:21:01.995-0400: 174.980: [GC (Allocation Failure) [PSYoungGen: 155316K->38374K(188416K)] 542603K->428908K(712704K), 0.0139026 secs] [Times: user=0.10 sys=0.00, real=0.02 secs] 
2016-09-13T20:21:02.175-0400: 175.159: [GC (GCLocker Initiated GC) [PSYoungGen: 161254K->34072K(188416K)] 551789K->424761K(712704K), 0.0230433 secs] [Times: user=0.22 sys=0.00, real=0.03 secs] 
2016-09-13T20:21:02.422-0400: 175.407: [GC (Allocation Failure) [PSYoungGen: 156952K->30871K(195072K)] 553738K->427819K(719360K), 0.0120168 secs] [Times: user=0.10 sys=0.00, real=0.01 secs] 
2016-09-13T20:21:02.662-0400: 175.646: [GC (GCLocker Initiated GC) [PSYoungGen: 163479K->58437K(191488K)] 560432K->466251K(715776K), 0.0110167 secs] [Times: user=0.11 sys=0.00, real=0.01 secs] 
2016-09-13T20:21:02.852-0400: 175.837: [GC (GCLocker Initiated GC) [PSYoungGen: 191045K->32925K(196096K)] 600559K->442673K(720384K), 0.0066723 secs] [Times: user=0.07 sys=0.00, real=0.01 secs] 
2016-09-13T20:21:03.059-0400: 176.044: [GC (GCLocker Initiated GC) [PSYoungGen: 161437K->9916K(138752K)] 585219K->433932K(663040K), 0.0287979 secs] [Times: user=0.23 sys=0.00, real=0.03 secs] 
2016-09-13T20:21:03.273-0400: 176.258: [GC (GCLocker Initiated GC) [PSYoungGen: 138428K->26564K(195072K)] 568700K->457013K(719360K), 0.0056876 secs] [Times: user=0.04 sys=0.00, real=0.01 secs] 
2016-09-13T20:21:03.470-0400: 176.455: [GC (GCLocker Initiated GC) [PSYoungGen: 153028K->52202K(178688K)] 583500K->482870K(702976K), 0.0093743 secs] [Times: user=0.05 sys=0.01, real=0.01 secs] 
2016-09-13T20:21:03.672-0400: 176.657: [GC (GCLocker Initiated GC) [PSYoungGen: 178666K->46377K(192000K)] 609468K->486542K(716288K), 0.0191243 secs] [Times: user=0.23 sys=0.00, real=0.02 secs] 
2016-09-13T20:21:03.887-0400: 176.872: [GC (GCLocker Initiated GC) [PSYoungGen: 168233K->43116K(165376K)] 608428K->483472K(689664K), 0.0136615 secs] [Times: user=0.13 sys=0.00, real=0.02 secs] 
2016-09-13T20:21:04.065-0400: 177.049: [GC (GCLocker Initiated GC) [PSYoungGen: 164972K->55495K(186880K)] 605518K->496275K(711168K), 0.0081894 secs] [Times: user=0.10 sys=0.00, real=0.01 secs] 
2016-09-13T20:21:04.258-0400: 177.243: [GC (GCLocker Initiated GC) [PSYoungGen: 173255K->46313K(189952K)] 614284K->496672K(714240K), 0.0171175 secs] [Times: user=0.21 sys=0.00, real=0.01 secs] 
2016-09-13T20:21:04.461-0400: 177.446: [GC (GCLocker Initiated GC) [PSYoungGen: 164073K->9800K(185856K)] 626639K->472599K(710144K), 0.0037157 secs] [Times: user=0.03 sys=0.01, real=0.00 secs] 
2016-09-13T20:21:04.695-0400: 177.679: [GC (GCLocker Initiated GC) [PSYoungGen: 124488K->41725K(188416K)] 588885K->509298K(712704K), 0.0153697 secs] [Times: user=0.18 sys=0.00, real=0.02 secs] 
2016-09-13T20:21:04.855-0400: 177.839: [GC (GCLocker Initiated GC) [PSYoungGen: 156413K->46410K(186880K)] 625599K->520450K(711168K), 0.0084232 secs] [Times: user=0.10 sys=0.00, real=0.01 secs] 
2016-09-13T20:21:05.053-0400: 178.038: [GC (GCLocker Initiated GC) [PSYoungGen: 163146K->11540K(187904K)] 649371K->497920K(712192K), 0.0045113 secs] [Times: user=0.03 sys=0.00, real=0.01 secs] 
2016-09-13T20:21:05.254-0400: 178.239: [GC (GCLocker Initiated GC) [PSYoungGen: 128276K->56759K(181248K)] 614916K->543703K(705536K), 0.0159055 secs] [Times: user=0.18 sys=0.00, real=0.02 secs] 
2016-09-13T20:21:05.464-0400: 178.449: [GC (GCLocker Initiated GC) [PSYoungGen: 165303K->23749K(185344K)] 660073K->518623K(709632K), 0.0106968 secs] [Times: user=0.15 sys=0.00, real=0.01 secs] 
2016-09-13T20:21:05.661-0400: 178.645: [GC (Allocation Failure) [PSYoungGen: 132293K->14515K(183808K)] 645473K->527843K(708096K), 0.0090688 secs] [Times: user=0.06 sys=0.00, real=0.01 secs] 
2016-09-13T20:21:05.835-0400: 178.820: [GC (GCLocker Initiated GC) [PSYoungGen: 124595K->27960K(185344K)] 637924K->546090K(709632K), 0.0248148 secs] [Times: user=0.28 sys=0.00, real=0.03 secs] 
2016-09-13T20:21:05.860-0400: 178.845: [Full GC (Ergonomics) [PSYoungGen: 27960K->0K(185344K)] [ParOldGen: 518129K->35677K(524288K)] 546090K->35677K(709632K), [Metaspace: 44642K->44642K(1087488K)], 0.0615931 secs] [Times: user=0.38 sys=0.01, real=0.06 secs] 
2016-09-13T20:21:06.054-0400: 179.039: [GC (GCLocker Initiated GC) [PSYoungGen: 110080K->70868K(169472K)] 147429K->126443K(693760K), 0.0103193 secs] [Times: user=0.15 sys=0.00, real=0.01 secs] 
2016-09-13T20:21:06.203-0400: 179.188: [GC (GCLocker Initiated GC) [PSYoungGen: 168148K->29639K(179712K)] 229837K->137389K(704000K), 0.0177953 secs] [Times: user=0.18 sys=0.00, real=0.02 secs] 
2016-09-13T20:21:06.365-0400: 179.350: [GC (GCLocker Initiated GC) [PSYoungGen: 126919K->70772K(167424K)] 237796K->187959K(691712K), 0.0140257 secs] [Times: user=0.17 sys=0.00, real=0.02 secs] 
2016-09-13T20:21:06.474-0400: 179.459: [GC (GCLocker Initiated GC) [PSYoungGen: 158836K->49324K(175104K)] 276048K->195759K(699392K), 0.0309882 secs] [Times: user=0.41 sys=0.00, real=0.03 secs] 
2016-09-13T20:21:06.612-0400: 179.596: [GC (GCLocker Initiated GC) [PSYoungGen: 137388K->52584K(174080K)] 284057K->208662K(698368K), 0.0099514 secs] [Times: user=0.14 sys=0.00, real=0.01 secs] 
2016-09-13T20:21:06.747-0400: 179.732: [GC (GCLocker Initiated GC) [PSYoungGen: 141672K->58374K(175104K)] 297782K->214710K(699392K), 0.0103072 secs] [Times: user=0.13 sys=0.00, real=0.02 secs] 
2016-09-13T20:21:06.905-0400: 179.890: [GC (GCLocker Initiated GC) [PSYoungGen: 147462K->50902K(175104K)] 303855K->233335K(699392K), 0.0202325 secs] [Times: user=0.19 sys=0.00, real=0.02 secs] 
2016-09-13T20:21:07.051-0400: 180.035: [GC (GCLocker Initiated GC) [PSYoungGen: 139990K->16007K(175104K)] 328515K->207869K(699392K), 0.0039504 secs] [Times: user=0.02 sys=0.00, real=0.00 secs] 
2016-09-13T20:21:07.183-0400: 180.168: [GC (GCLocker Initiated GC) [PSYoungGen: 105095K->24769K(173568K)] 296970K->216869K(697856K), 0.0068116 secs] [Times: user=0.05 sys=0.00, real=0.01 secs] 
2016-09-13T20:21:07.318-0400: 180.302: [GC (GCLocker Initiated GC) [PSYoungGen: 114369K->78334K(174592K)] 306503K->275328K(698880K), 0.0094349 secs] [Times: user=0.11 sys=0.00, real=0.00 secs] 
2016-09-13T20:21:07.484-0400: 180.468: [GC (GCLocker Initiated GC) [PSYoungGen: 167934K->52516K(175104K)] 364970K->263478K(699392K), 0.0230581 secs] [Times: user=0.26 sys=0.01, real=0.02 secs] 
2016-09-13T20:21:07.644-0400: 180.629: [GC (GCLocker Initiated GC) [PSYoungGen: 140580K->50993K(175104K)] 351614K->274411K(699392K), 0.0071903 secs] [Times: user=0.08 sys=0.00, real=0.01 secs] 
2016-09-13T20:21:07.814-0400: 180.799: [GC (GCLocker Initiated GC) [PSYoungGen: 139057K->23409K(175104K)] 374869K->259352K(699392K), 0.0119366 secs] [Times: user=0.13 sys=0.00, real=0.01 secs] 
2016-09-13T20:21:07.969-0400: 180.954: [GC (GCLocker Initiated GC) [PSYoungGen: 111473K->61474K(175104K)] 350654K->300872K(699392K), 0.0111215 secs] [Times: user=0.09 sys=0.00, real=0.01 secs] 
2016-09-13T20:21:08.137-0400: 181.122: [GC (GCLocker Initiated GC) [PSYoungGen: 149538K->6859K(175104K)] 407314K->283030K(699392K), 0.0064346 secs] [Times: user=0.06 sys=0.00, real=0.00 secs] 
2016-09-13T20:21:08.274-0400: 181.259: [GC (GCLocker Initiated GC) [PSYoungGen: 94923K->28030K(175104K)] 371250K->304556K(699392K), 0.0337914 secs] [Times: user=0.42 sys=0.00, real=0.04 secs] 
2016-09-13T20:21:08.408-0400: 181.392: [GC (Allocation Failure) [PSYoungGen: 116094K->52299K(175104K)] 392670K->329060K(699392K), 0.0116983 secs] [Times: user=0.11 sys=0.01, real=0.02 secs] 
2016-09-13T20:21:08.527-0400: 181.511: [GC (GCLocker Initiated GC) [PSYoungGen: 140363K->66093K(175104K)] 417133K->358334K(699392K), 0.0147308 secs] [Times: user=0.16 sys=0.00, real=0.02 secs] 
2016-09-13T20:21:08.678-0400: 181.663: [GC (GCLocker Initiated GC) [PSYoungGen: 154157K->47836K(175104K)] 446585K->358773K(699392K), 0.0223822 secs] [Times: user=0.24 sys=0.00, real=0.02 secs] 
2016-09-13T20:21:08.833-0400: 181.817: [GC (Allocation Failure) [PSYoungGen: 135900K->43181K(131584K)] 447164K->356244K(655872K), 0.0085399 secs] [Times: user=0.06 sys=0.00, real=0.01 secs] 
2016-09-13T20:21:08.972-0400: 181.956: [GC (GCLocker Initiated GC) [PSYoungGen: 131245K->32463K(176640K)] 444318K->345742K(700928K), 0.0099334 secs] [Times: user=0.10 sys=0.00, real=0.01 secs] 
2016-09-13T20:21:09.139-0400: 182.124: [GC (GCLocker Initiated GC) [PSYoungGen: 122575K->29697K(120320K)] 443565K->350845K(644608K), 0.0072700 secs] [Times: user=0.05 sys=0.00, real=0.00 secs] 
2016-09-13T20:21:09.295-0400: 182.280: [GC (GCLocker Initiated GC) [PSYoungGen: 119809K->59732K(171008K)] 441095K->381294K(695296K), 0.0219221 secs] [Times: user=0.22 sys=0.01, real=0.03 secs] 
2016-09-13T20:21:09.444-0400: 182.428: [GC (GCLocker Initiated GC) [PSYoungGen: 148308K->58272K(173568K)] 469910K->380063K(697856K), 0.0198017 secs] [Times: user=0.21 sys=0.01, real=0.02 secs] 
2016-09-13T20:21:09.591-0400: 182.575: [GC (GCLocker Initiated GC) [PSYoungGen: 146848K->50746K(174592K)] 468673K->375778K(698880K), 0.0078820 secs] [Times: user=0.07 sys=0.00, real=0.01 secs] 
2016-09-13T20:21:09.729-0400: 182.713: [GC (GCLocker Initiated GC) [PSYoungGen: 141370K->47645K(175104K)] 466617K->398987K(699392K), 0.0083426 secs] [Times: user=0.06 sys=0.00, real=0.01 secs] 
2016-09-13T20:21:09.866-0400: 182.851: [GC (GCLocker Initiated GC) [PSYoungGen: 138269K->57131K(174592K)] 489680K->408799K(698880K), 0.0086843 secs] [Times: user=0.11 sys=0.00, real=0.01 secs] 
2016-09-13T20:21:10.006-0400: 182.991: [GC (Allocation Failure) [PSYoungGen: 150315K->58490K(175104K)] 502103K->416504K(699392K), 0.0083493 secs] [Times: user=0.09 sys=0.00, real=0.01 secs] 
2016-09-13T20:21:10.143-0400: 183.127: [GC (Allocation Failure) [PSYoungGen: 151674K->41697K(176128K)] 509688K->399905K(700416K), 0.0140988 secs] [Times: user=0.14 sys=0.01, real=0.02 secs] 
2016-09-13T20:21:10.297-0400: 183.282: [GC (GCLocker Initiated GC) [PSYoungGen: 138977K->25018K(177664K)] 497188K->401710K(701952K), 0.0081426 secs] [Times: user=0.06 sys=0.00, real=0.00 secs] 
2016-09-13T20:21:10.456-0400: 183.440: [GC (GCLocker Initiated GC) [PSYoungGen: 122298K->69068K(169984K)] 499132K->446143K(694272K), 0.0084104 secs] [Times: user=0.08 sys=0.00, real=0.00 secs] 
2016-09-13T20:21:10.612-0400: 183.596: [GC (Allocation Failure) [PSYoungGen: 158156K->50966K(175616K)] 535469K->428516K(699904K), 0.0079872 secs] [Times: user=0.11 sys=0.00, real=0.01 secs] 
2016-09-13T20:21:10.620-0400: 183.605: [GC (GCLocker Initiated GC) [PSYoungGen: 51095K->96K(172032K)] 428645K->429797K(696320K), 0.0069104 secs] [Times: user=0.10 sys=0.00, real=0.00 secs] 
2016-09-13T20:21:10.757-0400: 183.741: [GC (GCLocker Initiated GC) [PSYoungGen: 88160K->85970K(175104K)] 517879K->527847K(699392K), 0.0134031 secs] [Times: user=0.19 sys=0.00, real=0.01 secs] 
2016-09-13T20:21:10.912-0400: 183.897: [GC (GCLocker Initiated GC) [PSYoungGen: 174034K->44705K(175104K)] 626678K->522018K(699392K), 0.0110394 secs] [Times: user=0.12 sys=0.01, real=0.01 secs] 
2016-09-13T20:21:11.071-0400: 184.056: [Full GC (Ergonomics) [PSYoungGen: 132769K->0K(175104K)] [ParOldGen: 491154K->40561K(524288K)] 623923K->40561K(699392K), [Metaspace: 44642K->44642K(1087488K)], 0.0770606 secs] [Times: user=0.46 sys=0.02, real=0.08 secs] 
2016-09-13T20:21:11.288-0400: 184.272: [GC (GCLocker Initiated GC) [PSYoungGen: 88064K->78185K(175104K)] 128915K->119037K(699392K), 0.0177217 secs] [Times: user=0.22 sys=0.00, real=0.01 secs] 
2016-09-13T20:21:11.446-0400: 184.431: [GC (GCLocker Initiated GC) [PSYoungGen: 166249K->32709K(175104K)] 213450K->107568K(699392K), 0.0101609 secs] [Times: user=0.11 sys=0.00, real=0.02 secs] 
2016-09-13T20:21:11.546-0400: 184.531: [GC (GCLocker Initiated GC) [PSYoungGen: 120773K->69104K(175104K)] 195742K->144334K(699392K), 0.0140313 secs] [Times: user=0.21 sys=0.00, real=0.02 secs] 
2016-09-13T20:21:11.677-0400: 184.662: [GC (GCLocker Initiated GC) [PSYoungGen: 157168K->63116K(175104K)] 232425K->156886K(699392K), 0.0107183 secs] [Times: user=0.12 sys=0.00, real=0.01 secs] 
2016-09-13T20:21:11.799-0400: 184.784: [GC (GCLocker Initiated GC) [PSYoungGen: 151180K->38597K(175104K)] 244995K->137279K(699392K), 0.0061501 secs] [Times: user=0.05 sys=0.00, real=0.00 secs] 
2016-09-13T20:21:11.924-0400: 184.908: [GC (GCLocker Initiated GC) [PSYoungGen: 126661K->50938K(175104K)] 225368K->160558K(699392K), 0.0076484 secs] [Times: user=0.08 sys=0.00, real=0.01 secs] 
2016-09-13T20:21:12.070-0400: 185.055: [GC (GCLocker Initiated GC) [PSYoungGen: 139002K->41821K(175104K)] 250257K->156493K(699392K), 0.0147757 secs] [Times: user=0.15 sys=0.00, real=0.01 secs] 
2016-09-13T20:21:12.237-0400: 185.221: [GC (GCLocker Initiated GC) [PSYoungGen: 129885K->44640K(175104K)] 246347K->161346K(699392K), 0.0093745 secs] [Times: user=0.08 sys=0.00, real=0.00 secs] 
2016-09-13T20:21:12.384-0400: 185.369: [GC (Allocation Failure) [PSYoungGen: 132704K->23591K(175104K)] 257235K->148277K(699392K), 0.0045667 secs] [Times: user=0.04 sys=0.00, real=0.01 secs] 
2016-09-13T20:21:12.513-0400: 185.498: [GC (GCLocker Initiated GC) [PSYoungGen: 105697K->44545K(169984K)] 236458K->175515K(694272K), 0.0091049 secs] [Times: user=0.07 sys=0.00, real=0.01 secs] 
2016-09-13T20:21:12.672-0400: 185.657: [GC (Allocation Failure) [PSYoungGen: 132609K->10108K(172544K)] 275863K->153524K(696832K), 0.0069508 secs] [Times: user=0.08 sys=0.00, real=0.01 secs] 
2016-09-13T20:21:12.817-0400: 185.802: [GC (GCLocker Initiated GC) [PSYoungGen: 98172K->46224K(174080K)] 241591K->190064K(698368K), 0.0075397 secs] [Times: user=0.10 sys=0.00, real=0.00 secs] 
2016-09-13T20:21:12.968-0400: 185.952: [GC (GCLocker Initiated GC) [PSYoungGen: 136848K->23569K(174592K)] 289889K->176813K(698880K), 0.0062156 secs] [Times: user=0.08 sys=0.00, real=0.00 secs] 
2016-09-13T20:21:13.118-0400: 186.103: [GC (GCLocker Initiated GC) [PSYoungGen: 114193K->46409K(173056K)] 267577K->199990K(697344K), 0.0069353 secs] [Times: user=0.06 sys=0.01, real=0.00 secs] 
2016-09-13T20:21:13.296-0400: 186.281: [GC (GCLocker Initiated GC) [PSYoungGen: 141129K->59955K(175616K)] 296415K->219957K(699904K), 0.0133341 secs] [Times: user=0.15 sys=0.00, real=0.01 secs] 
2016-09-13T20:21:13.463-0400: 186.448: [GC (GCLocker Initiated GC) [PSYoungGen: 154675K->43467K(176128K)] 320793K->209810K(700416K), 0.0103654 secs] [Times: user=0.13 sys=0.01, real=0.01 secs] 
2016-09-13T20:21:13.616-0400: 186.600: [GC (GCLocker Initiated GC) [PSYoungGen: 140747K->28184K(177152K)] 313212K->214780K(701440K), 0.0067964 secs] [Times: user=0.09 sys=0.00, real=0.00 secs] 
2016-09-13T20:21:13.769-0400: 186.754: [GC (GCLocker Initiated GC) [PSYoungGen: 125464K->23844K(181248K)] 321373K->219986K(705536K), 0.0061606 secs] [Times: user=0.07 sys=0.00, real=0.00 secs] 
2016-09-13T20:21:13.927-0400: 186.912: [GC (GCLocker Initiated GC) [PSYoungGen: 127268K->53945K(181760K)] 323449K->250368K(706048K), 0.0230499 secs] [Times: user=0.34 sys=0.00, real=0.03 secs] 
2016-09-13T20:21:14.113-0400: 187.097: [GC (GCLocker Initiated GC) [PSYoungGen: 157369K->49505K(183296K)] 353945K->260011K(707584K), 0.0078001 secs] [Times: user=0.10 sys=0.00, real=0.01 secs] 
2016-09-13T20:21:14.299-0400: 187.283: [GC (GCLocker Initiated GC) [PSYoungGen: 153441K->29388K(133632K)] 363958K->240113K(657920K), 0.0227719 secs] [Times: user=0.21 sys=0.00, real=0.02 secs] 
2016-09-13T20:21:14.491-0400: 187.476: [GC (GCLocker Initiated GC) [PSYoungGen: 133324K->32645K(183296K)] 345582K->251161K(707584K), 0.0105583 secs] [Times: user=0.11 sys=0.00, real=0.01 secs] 
2016-09-13T20:21:14.655-0400: 187.639: [GC (GCLocker Initiated GC) [PSYoungGen: 138629K->23628K(181248K)] 371003K->265285K(705536K), 0.0069472 secs] [Times: user=0.08 sys=0.00, real=0.01 secs] 
2016-09-13T20:21:14.858-0400: 187.843: [GC (GCLocker Initiated GC) [PSYoungGen: 129612K->53880K(182272K)] 377372K->301948K(706560K), 0.0079308 secs] [Times: user=0.08 sys=0.00, real=0.00 secs] 
2016-09-13T20:21:15.027-0400: 188.012: [GC (GCLocker Initiated GC) [PSYoungGen: 161400K->35837K(184320K)] 411238K->288953K(708608K), 0.0179251 secs] [Times: user=0.13 sys=0.00, real=0.02 secs] 
2016-09-13T20:21:15.218-0400: 188.203: [GC (GCLocker Initiated GC) [PSYoungGen: 143357K->14355K(183296K)] 402570K->273795K(707584K), 0.0098370 secs] [Times: user=0.09 sys=0.00, real=0.01 secs] 
2016-09-13T20:21:15.393-0400: 188.377: [GC (Allocation Failure) [PSYoungGen: 123923K->2109K(184320K)] 386514K->277067K(708608K), 0.0176083 secs] [Times: user=0.19 sys=0.00, real=0.02 secs] 
2016-09-13T20:21:15.542-0400: 188.527: [GC (GCLocker Initiated GC) [PSYoungGen: 111542K->46319K(184320K)] 388019K->322962K(708608K), 0.0139649 secs] [Times: user=0.14 sys=0.00, real=0.02 secs] 
2016-09-13T20:21:15.734-0400: 188.719: [GC (GCLocker Initiated GC) [PSYoungGen: 153839K->32639K(140288K)] 442833K->321843K(664576K), 0.0225494 secs] [Times: user=0.22 sys=0.00, real=0.03 secs] 
2016-09-13T20:21:15.923-0400: 188.907: [GC (GCLocker Initiated GC) [PSYoungGen: 140159K->31121K(184320K)] 430903K->322074K(708608K), 0.0103117 secs] [Times: user=0.10 sys=0.00, real=0.01 secs] 
2016-09-13T20:21:16.114-0400: 189.099: [GC (GCLocker Initiated GC) [PSYoungGen: 142225K->27897K(181248K)] 440918K->329808K(705536K), 0.0360345 secs] [Times: user=0.33 sys=0.00, real=0.04 secs] 
2016-09-13T20:21:16.297-0400: 189.282: [GC (Allocation Failure) [PSYoungGen: 139001K->28152K(188928K)] 447129K->336434K(713216K), 0.0133556 secs] [Times: user=0.17 sys=0.00, real=0.01 secs] 
2016-09-13T20:21:16.476-0400: 189.461: [GC (GCLocker Initiated GC) [PSYoungGen: 149496K->49288K(186368K)] 457784K->357793K(710656K), 0.0101425 secs] [Times: user=0.09 sys=0.00, real=0.00 secs] 
2016-09-13T20:21:16.698-0400: 189.683: [GC (GCLocker Initiated GC) [PSYoungGen: 170632K->61411K(180736K)] 479296K->370222K(705024K), 0.0106205 secs] [Times: user=0.11 sys=0.00, real=0.01 secs] 
2016-09-13T20:21:16.865-0400: 189.850: [GC (GCLocker Initiated GC) [PSYoungGen: 174051K->41911K(187392K)] 484559K->352475K(711680K), 0.0074100 secs] [Times: user=0.05 sys=0.00, real=0.01 secs] 
2016-09-13T20:21:17.065-0400: 190.050: [GC (Allocation Failure) [PSYoungGen: 154551K->9768K(187392K)] 477502K->333200K(711680K), 0.0040923 secs] [Times: user=0.02 sys=0.00, real=0.01 secs] 
2016-09-13T20:21:17.251-0400: 190.236: [GC (GCLocker Initiated GC) [PSYoungGen: 122942K->21944K(136704K)] 452449K->351597K(660992K), 0.0245402 secs] [Times: user=0.35 sys=0.00, real=0.03 secs] 
2016-09-13T20:21:17.456-0400: 190.441: [GC (GCLocker Initiated GC) [PSYoungGen: 136632K->46224K(186880K)] 472432K->382265K(711168K), 0.0110952 secs] [Times: user=0.12 sys=0.00, real=0.00 secs] 
2016-09-13T20:21:17.656-0400: 190.641: [GC (GCLocker Initiated GC) [PSYoungGen: 160912K->14233K(187904K)] 504700K->358144K(712192K), 0.0254731 secs] [Times: user=0.30 sys=0.00, real=0.02 secs] 
2016-09-13T20:21:17.860-0400: 190.844: [GC (GCLocker Initiated GC) [PSYoungGen: 128921K->11505K(188416K)] 486523K->376906K(712704K), 0.0045085 secs] [Times: user=0.02 sys=0.00, real=0.00 secs] 
2016-09-13T20:21:18.056-0400: 191.041: [GC (GCLocker Initiated GC) [PSYoungGen: 127729K->6730K(188928K)] 506862K->389177K(713216K), 0.0045715 secs] [Times: user=0.02 sys=0.00, real=0.00 secs] 
2016-09-13T20:21:18.265-0400: 191.250: [GC (Allocation Failure) [PSYoungGen: 122954K->9640K(187392K)] 517722K->404535K(711680K), 0.0055514 secs] [Times: user=0.03 sys=0.00, real=0.01 secs] 
2016-09-13T20:21:18.451-0400: 191.436: [GC (GCLocker Initiated GC) [PSYoungGen: 124741K->28180K(188416K)] 525711K->438441K(712704K), 0.0107452 secs] [Times: user=0.14 sys=0.00, real=0.01 secs] 
2016-09-13T20:21:18.664-0400: 191.649: [GC (GCLocker Initiated GC) [PSYoungGen: 145428K->23463K(186368K)] 563447K->441628K(710656K), 0.0174561 secs] [Times: user=0.15 sys=0.00, real=0.02 secs] 
2016-09-13T20:21:18.871-0400: 191.856: [GC (GCLocker Initiated GC) [PSYoungGen: 146855K->44640K(187392K)] 566720K->464699K(711680K), 0.0072197 secs] [Times: user=0.06 sys=0.00, real=0.01 secs] 
2016-09-13T20:21:19.078-0400: 192.063: [GC (GCLocker Initiated GC) [PSYoungGen: 168032K->47895K(188928K)] 588286K->468390K(713216K), 0.0216064 secs] [Times: user=0.24 sys=0.00, real=0.02 secs] 
2016-09-13T20:21:19.293-0400: 192.278: [GC (GCLocker Initiated GC) [PSYoungGen: 169751K->62961K(184832K)] 591952K->485407K(709120K), 0.0334491 secs] [Times: user=0.35 sys=0.00, real=0.03 secs] 
2016-09-13T20:21:19.504-0400: 192.489: [GC (GCLocker Initiated GC) [PSYoungGen: 184817K->46192K(181760K)] 608834K->470375K(706048K), 0.0327085 secs] [Times: user=0.37 sys=0.00, real=0.04 secs] 
2016-09-13T20:21:19.689-0400: 192.674: [GC (GCLocker Initiated GC) [PSYoungGen: 150640K->46281K(183296K)] 581113K->476859K(707584K), 0.0117399 secs] [Times: user=0.13 sys=0.00, real=0.01 secs] 
2016-09-13T20:21:19.856-0400: 192.841: [GC (GCLocker Initiated GC) [PSYoungGen: 150729K->52260K(180224K)] 581462K->483166K(704512K), 0.0252256 secs] [Times: user=0.24 sys=0.00, real=0.02 secs] 
2016-09-13T20:21:20.008-0400: 192.993: [GC (GCLocker Initiated GC) [PSYoungGen: 153636K->69037K(170496K)] 584588K->504836K(694784K), 0.0087440 secs] [Times: user=0.09 sys=0.00, real=0.01 secs] 
2016-09-13T20:21:20.158-0400: 193.142: [GC (GCLocker Initiated GC) [PSYoungGen: 170413K->64571K(175104K)] 606468K->512979K(699392K), 0.0087877 secs] [Times: user=0.10 sys=0.00, real=0.00 secs] 
2016-09-13T20:21:20.294-0400: 193.279: [GC (GCLocker Initiated GC) [PSYoungGen: 152635K->55554K(175104K)] 601071K->522401K(699392K), 0.0122421 secs] [Times: user=0.14 sys=0.01, real=0.01 secs] 
2016-09-13T20:21:20.442-0400: 193.426: [GC (GCLocker Initiated GC) [PSYoungGen: 143618K->44794K(175104K)] 613681K->522668K(699392K), 0.0151874 secs] [Times: user=0.15 sys=0.00, real=0.02 secs] 
2016-09-13T20:21:20.599-0400: 193.584: [GC (GCLocker Initiated GC) [PSYoungGen: 132858K->14291K(175104K)] 616985K->498711K(699392K), 0.0100442 secs] [Times: user=0.09 sys=0.00, real=0.01 secs] 
2016-09-13T20:21:20.749-0400: 193.733: [GC (Allocation Failure) [PSYoungGen: 102353K->27838K(172032K)] 586971K->512673K(696320K), 0.0078315 secs] [Times: user=0.07 sys=0.00, real=0.01 secs] 
2016-09-13T20:21:20.888-0400: 193.872: [GC (GCLocker Initiated GC) [PSYoungGen: 115902K->46249K(173568K)] 600739K->531371K(697856K), 0.0104163 secs] [Times: user=0.09 sys=0.00, real=0.01 secs] 
2016-09-13T20:21:21.039-0400: 194.024: [GC (GCLocker Initiated GC) [PSYoungGen: 134313K->70400K(171520K)] 622519K->558874K(695808K), 0.0087960 secs] [Times: user=0.07 sys=0.00, real=0.01 secs] 
2016-09-13T20:21:21.205-0400: 194.190: [GC (GCLocker Initiated GC) [PSYoungGen: 158464K->28184K(175104K)] 654607K->535217K(699392K), 0.0230013 secs] [Times: user=0.30 sys=0.00, real=0.03 secs] 
2016-09-13T20:21:21.342-0400: 194.327: [GC (GCLocker Initiated GC) [PSYoungGen: 116248K->84191K(175104K)] 623475K->600815K(699392K), 0.0102613 secs] [Times: user=0.11 sys=0.00, real=0.01 secs] 
2016-09-13T20:21:21.353-0400: 194.337: [Full GC (Ergonomics) [PSYoungGen: 84191K->0K(175104K)] [ParOldGen: 516623K->42132K(524288K)] 600815K->42132K(699392K), [Metaspace: 44653K->44653K(1087488K)], 0.0589804 secs] [Times: user=0.35 sys=0.01, real=0.06 secs] 
2016-09-13T20:21:21.532-0400: 194.517: [GC (GCLocker Initiated GC) [PSYoungGen: 88064K->41730K(175104K)] 130228K->83894K(699392K), 0.0074854 secs] [Times: user=0.05 sys=0.01, real=0.01 secs] 
2016-09-13T20:21:21.665-0400: 194.650: [GC (GCLocker Initiated GC) [PSYoungGen: 129794K->41666K(175104K)] 184324K->114810K(699392K), 0.0129849 secs] [Times: user=0.18 sys=0.00, real=0.02 secs] 
2016-09-13T20:21:21.785-0400: 194.770: [GC (GCLocker Initiated GC) [PSYoungGen: 129730K->54003K(175104K)] 203150K->127699K(699392K), 0.0072624 secs] [Times: user=0.08 sys=0.00, real=0.01 secs] 
2016-09-13T20:21:21.935-0400: 194.920: [GC (GCLocker Initiated GC) [PSYoungGen: 142067K->32836K(175104K)] 222011K->123825K(699392K), 0.0065578 secs] [Times: user=0.07 sys=0.00, real=0.01 secs] 
2016-09-13T20:21:22.073-0400: 195.058: [GC (GCLocker Initiated GC) [PSYoungGen: 120900K->64697K(175104K)] 212171K->160854K(699392K), 0.0099068 secs] [Times: user=0.14 sys=0.00, real=0.01 secs] 
2016-09-13T20:21:22.216-0400: 195.201: [GC (GCLocker Initiated GC) [PSYoungGen: 152761K->51088K(175104K)] 248993K->152248K(699392K), 0.0101379 secs] [Times: user=0.14 sys=0.00, real=0.00 secs] 
2016-09-13T20:21:22.354-0400: 195.339: [GC (Allocation Failure) [PSYoungGen: 139152K->29857K(118272K)] 246529K->149857K(642560K), 0.0075664 secs] [Times: user=0.10 sys=0.00, real=0.01 secs] 
2016-09-13T20:21:22.512-0400: 195.496: [GC (GCLocker Initiated GC) [PSYoungGen: 117921K->47806K(177664K)] 237926K->195486K(701952K), 0.0252916 secs] [Times: user=0.33 sys=0.00, real=0.03 secs] 
2016-09-13T20:21:22.663-0400: 195.648: [GC (GCLocker Initiated GC) [PSYoungGen: 138942K->47646K(139264K)] 286673K->195548K(663552K), 0.0074593 secs] [Times: user=0.05 sys=0.01, real=0.01 secs] 
2016-09-13T20:21:22.795-0400: 195.780: [GC (GCLocker Initiated GC) [PSYoungGen: 138782K->34349K(174080K)] 286706K->199149K(698368K), 0.0138243 secs] [Times: user=0.13 sys=0.00, real=0.02 secs] 
2016-09-13T20:21:22.922-0400: 195.907: [GC (GCLocker Initiated GC) [PSYoungGen: 128045K->78218K(172544K)] 292872K->254071K(696832K), 0.0117295 secs] [Times: user=0.18 sys=0.00, real=0.01 secs] 
2016-09-13T20:21:23.105-0400: 196.089: [GC (GCLocker Initiated GC) [PSYoungGen: 171914K->46378K(178176K)] 347792K->233055K(702464K), 0.0286828 secs] [Times: user=0.37 sys=0.00, real=0.03 secs] 
2016-09-13T20:21:23.261-0400: 196.245: [GC (GCLocker Initiated GC) [PSYoungGen: 137514K->51029K(142336K)] 330280K->254729K(666624K), 0.0090382 secs] [Times: user=0.12 sys=0.00, real=0.01 secs] 
2016-09-13T20:21:23.399-0400: 196.384: [GC (GCLocker Initiated GC) [PSYoungGen: 142165K->32805K(174080K)] 346038K->246202K(698368K), 0.0079581 secs] [Times: user=0.10 sys=0.00, real=0.00 secs] 
2016-09-13T20:21:23.524-0400: 196.508: [GC (GCLocker Initiated GC) [PSYoungGen: 124965K->52399K(173056K)] 340005K->269231K(697344K), 0.0078221 secs] [Times: user=0.10 sys=0.00, real=0.01 secs] 
2016-09-13T20:21:23.681-0400: 196.665: [GC (GCLocker Initiated GC) [PSYoungGen: 144559K->50902K(179200K)] 361458K->275628K(703488K), 0.0103895 secs] [Times: user=0.14 sys=0.00, real=0.01 secs] 
2016-09-13T20:21:23.862-0400: 196.846: [GC (GCLocker Initiated GC) [PSYoungGen: 152278K->61410K(179200K)] 377140K->289551K(703488K), 0.0142730 secs] [Times: user=0.09 sys=0.00, real=0.02 secs] 
2016-09-13T20:21:24.036-0400: 197.021: [GC (GCLocker Initiated GC) [PSYoungGen: 162786K->28211K(181248K)] 390958K->256651K(705536K), 0.0076848 secs] [Times: user=0.08 sys=0.00, real=0.00 secs] 
2016-09-13T20:21:24.195-0400: 197.180: [GC (Allocation Failure) [PSYoungGen: 129587K->9985K(111616K)] 365741K->246530K(635904K), 0.0185251 secs] [Times: user=0.19 sys=0.00, real=0.02 secs] 
2016-09-13T20:21:24.363-0400: 197.348: [GC (GCLocker Initiated GC) [PSYoungGen: 107397K->28158K(180224K)] 350017K->275681K(704512K), 0.0072052 secs] [Times: user=0.08 sys=0.00, real=0.01 secs] 
2016-09-13T20:21:24.512-0400: 197.496: [GC (GCLocker Initiated GC) [PSYoungGen: 124926K->67486K(164352K)] 372486K->315339K(688640K), 0.0082348 secs] [Times: user=0.10 sys=0.00, real=0.01 secs] 
2016-09-13T20:21:24.657-0400: 197.642: [GC (GCLocker Initiated GC) [PSYoungGen: 164254K->46563K(178176K)] 412241K->303857K(702464K), 0.0092750 secs] [Times: user=0.14 sys=0.00, real=0.00 secs] 
2016-09-13T20:21:24.841-0400: 197.826: [GC (GCLocker Initiated GC) [PSYoungGen: 137699K->43212K(134656K)] 395045K->300814K(658944K), 0.0083730 secs] [Times: user=0.10 sys=0.00, real=0.01 secs] 
2016-09-13T20:21:24.994-0400: 197.979: [GC (Allocation Failure) [PSYoungGen: 134348K->11255K(169472K)] 398040K->275094K(693760K), 0.0038176 secs] [Times: user=0.03 sys=0.00, real=0.01 secs] 
2016-09-13T20:21:25.112-0400: 198.097: [GC (GCLocker Initiated GC) [PSYoungGen: 95307K->50937K(171520K)] 365221K->325636K(695808K), 0.0175361 secs] [Times: user=0.21 sys=0.01, real=0.02 secs] 
2016-09-13T20:21:25.269-0400: 198.253: [GC (GCLocker Initiated GC) [PSYoungGen: 140025K->28121K(176128K)] 420958K->309288K(700416K), 0.0065096 secs] [Times: user=0.08 sys=0.00, real=0.00 secs] 
2016-09-13T20:21:25.437-0400: 198.422: [GC (GCLocker Initiated GC) [PSYoungGen: 125913K->34109K(178176K)] 408624K->317049K(702464K), 0.0070887 secs] [Times: user=0.08 sys=0.00, real=0.00 secs] 
2016-09-13T20:21:25.582-0400: 198.567: [GC (GCLocker Initiated GC) [PSYoungGen: 131901K->29639K(179712K)] 415098K->323674K(704000K), 0.0074100 secs] [Times: user=0.07 sys=0.00, real=0.01 secs] 
2016-09-13T20:21:25.739-0400: 198.724: [GC (GCLocker Initiated GC) [PSYoungGen: 134087K->41761K(180224K)] 428409K->336441K(704512K), 0.0101253 secs] [Times: user=0.10 sys=0.00, real=0.01 secs] 
2016-09-13T20:21:25.915-0400: 198.900: [GC (GCLocker Initiated GC) [PSYoungGen: 146209K->62994K(178688K)] 442593K->359544K(702976K), 0.0137020 secs] [Times: user=0.17 sys=0.00, real=0.02 secs] 
2016-09-13T20:21:26.101-0400: 199.086: [GC (GCLocker Initiated GC) [PSYoungGen: 168466K->29607K(183808K)] 477241K->338446K(708096K), 0.0122727 secs] [Times: user=0.14 sys=0.00, real=0.01 secs] 
2016-09-13T20:21:26.313-0400: 199.298: [GC (GCLocker Initiated GC) [PSYoungGen: 135079K->24891K(180224K)] 457863K->347840K(704512K), 0.0384312 secs] [Times: user=0.42 sys=0.00, real=0.04 secs] 
2016-09-13T20:21:26.487-0400: 199.471: [GC (GCLocker Initiated GC) [PSYoungGen: 131899K->46468K(182784K)] 455071K->369807K(707072K), 0.0143352 secs] [Times: user=0.16 sys=0.01, real=0.02 secs] 
2016-09-13T20:21:26.666-0400: 199.651: [GC (GCLocker Initiated GC) [PSYoungGen: 153476K->19103K(185344K)] 488990K->354843K(709632K), 0.0042867 secs] [Times: user=0.04 sys=0.00, real=0.01 secs] 
2016-09-13T20:21:26.864-0400: 199.849: [GC (GCLocker Initiated GC) [PSYoungGen: 130719K->15870K(186368K)] 478693K->371659K(710656K), 0.0218844 secs] [Times: user=0.29 sys=0.00, real=0.02 secs] 
2016-09-13T20:21:27.079-0400: 200.064: [GC (GCLocker Initiated GC) [PSYoungGen: 127486K->59956K(177152K)] 483407K->426755K(701440K), 0.0094033 secs] [Times: user=0.11 sys=0.00, real=0.01 secs] 
2016-09-13T20:21:27.233-0400: 200.218: [GC (GCLocker Initiated GC) [PSYoungGen: 162356K->37329K(182272K)] 529391K->404593K(706560K), 0.0079122 secs] [Times: user=0.09 sys=0.00, real=0.01 secs] 
2016-09-13T20:21:27.409-0400: 200.393: [GC (GCLocker Initiated GC) [PSYoungGen: 139729K->20645K(180224K)] 519168K->400342K(704512K), 0.0047960 secs] [Times: user=0.05 sys=0.00, real=0.00 secs] 
2016-09-13T20:21:27.575-0400: 200.560: [GC (GCLocker Initiated GC) [PSYoungGen: 127141K->44767K(181760K)] 507078K->429465K(706048K), 0.0081870 secs] [Times: user=0.09 sys=0.00, real=0.01 secs] 
2016-09-13T20:21:27.734-0400: 200.719: [GC (GCLocker Initiated GC) [PSYoungGen: 151263K->55463K(181760K)] 535993K->440450K(706048K), 0.0083146 secs] [Times: user=0.10 sys=0.00, real=0.01 secs] 
2016-09-13T20:21:27.911-0400: 200.896: [GC (GCLocker Initiated GC) [PSYoungGen: 162983K->43025K(184832K)] 548003K->431350K(709120K), 0.0264000 secs] [Times: user=0.25 sys=0.00, real=0.03 secs] 
2016-09-13T20:21:28.098-0400: 201.083: [GC (GCLocker Initiated GC) [PSYoungGen: 150545K->44795K(180736K)] 538886K->442542K(705024K), 0.0238635 secs] [Times: user=0.32 sys=0.01, real=0.02 secs] 
2016-09-13T20:21:28.266-0400: 201.251: [GC (GCLocker Initiated GC) [PSYoungGen: 154363K->52548K(183296K)] 552223K->450547K(707584K), 0.0168216 secs] [Times: user=0.16 sys=0.00, real=0.02 secs] 
2016-09-13T20:21:28.453-0400: 201.438: [GC (Allocation Failure) [PSYoungGen: 162116K->23501K(187392K)] 566522K->432692K(711680K), 0.0139270 secs] [Times: user=0.20 sys=0.00, real=0.01 secs] 
2016-09-13T20:21:28.650-0400: 201.635: [GC (Allocation Failure) [PSYoungGen: 135629K->37110K(149504K)] 544820K->446381K(673792K), 0.0079021 secs] [Times: user=0.07 sys=0.00, real=0.01 secs] 
2016-09-13T20:21:28.863-0400: 201.847: [GC (GCLocker Initiated GC) [PSYoungGen: 148102K->53688K(181760K)] 558891K->464667K(706048K), 0.0158550 secs] [Times: user=0.19 sys=0.00, real=0.02 secs] 
2016-09-13T20:21:29.041-0400: 202.025: [GC (GCLocker Initiated GC) [PSYoungGen: 163768K->52261K(183808K)] 576520K->465148K(708096K), 0.0379560 secs] [Times: user=0.34 sys=0.00, real=0.04 secs] 
2016-09-13T20:21:29.244-0400: 202.229: [GC (GCLocker Initiated GC) [PSYoungGen: 162341K->65993K(176128K)] 575392K->485340K(700416K), 0.0259057 secs] [Times: user=0.23 sys=0.01, real=0.03 secs] 
2016-09-13T20:21:29.416-0400: 202.401: [GC (GCLocker Initiated GC) [PSYoungGen: 167369K->41757K(181760K)] 586900K->466027K(706048K), 0.0217775 secs] [Times: user=0.26 sys=0.00, real=0.02 secs] 
2016-09-13T20:21:29.555-0400: 202.540: [GC (GCLocker Initiated GC) [PSYoungGen: 143133K->59892K(179712K)] 567478K->502668K(704000K), 0.0108686 secs] [Times: user=0.08 sys=0.00, real=0.01 secs] 
2016-09-13T20:21:29.708-0400: 202.693: [GC (GCLocker Initiated GC) [PSYoungGen: 162292K->26573K(182272K)] 608278K->495444K(706560K), 0.0116054 secs] [Times: user=0.13 sys=0.00, real=0.01 secs] 
2016-09-13T20:21:29.912-0400: 202.897: [GC (GCLocker Initiated GC) [PSYoungGen: 128973K->29452K(179200K)] 611669K->518417K(703488K), 0.0135975 secs] [Times: user=0.15 sys=0.00, real=0.01 secs] 
2016-09-13T20:21:30.058-0400: 203.042: [GC (GCLocker Initiated GC) [PSYoungGen: 131852K->35736K(180736K)] 626918K->530993K(705024K), 0.0129741 secs] [Times: user=0.18 sys=0.00, real=0.01 secs] 
2016-09-13T20:21:30.218-0400: 203.203: [GC (GCLocker Initiated GC) [PSYoungGen: 138136K->61447K(178176K)] 633519K->558629K(702464K), 0.0077872 secs] [Times: user=0.09 sys=0.00, real=0.00 secs] 
2016-09-13T20:21:30.370-0400: 203.355: [GC (GCLocker Initiated GC) [PSYoungGen: 163847K->49447K(182272K)] 661317K->554776K(706560K), 0.0074455 secs] [Times: user=0.10 sys=0.00, real=0.01 secs] 
2016-09-13T20:21:30.378-0400: 203.363: [Full GC (Ergonomics) [PSYoungGen: 49447K->0K(182272K)] [ParOldGen: 505328K->41023K(524288K)] 554776K->41023K(706560K), [Metaspace: 44660K->44660K(1087488K)], 0.0604389 secs] [Times: user=0.35 sys=0.01, real=0.06 secs] 
2016-09-13T20:21:30.558-0400: 203.542: [GC (Allocation Failure) [PSYoungGen: 102400K->61760K(177664K)] 145061K->104422K(701952K), 0.0079772 secs] [Times: user=0.11 sys=0.00, real=0.00 secs] 
2016-09-13T20:21:30.698-0400: 203.683: [GC (GCLocker Initiated GC) [PSYoungGen: 161088K->44795K(180736K)] 205269K->106192K(705024K), 0.0116865 secs] [Times: user=0.14 sys=0.00, real=0.01 secs] 
2016-09-13T20:21:30.872-0400: 203.856: [GC (GCLocker Initiated GC) [PSYoungGen: 144123K->64571K(176640K)] 205665K->126283K(700928K), 0.0080953 secs] [Times: user=0.11 sys=0.00, real=0.01 secs] 
2016-09-13T20:21:31.039-0400: 204.024: [GC (GCLocker Initiated GC) [PSYoungGen: 162875K->49537K(180224K)] 224800K->111707K(704512K), 0.0102436 secs] [Times: user=0.13 sys=0.00, real=0.01 secs] 
2016-09-13T20:21:31.222-0400: 204.206: [GC (GCLocker Initiated GC) [PSYoungGen: 147841K->34291K(177152K)] 216120K->107384K(701440K), 0.0075950 secs] [Times: user=0.07 sys=0.00, real=0.01 secs] 
2016-09-13T20:21:31.402-0400: 204.386: [GC (GCLocker Initiated GC) [PSYoungGen: 135155K->23499K(179200K)] 214348K->107434K(703488K), 0.0137328 secs] [Times: user=0.12 sys=0.00, real=0.01 secs] 
2016-09-13T20:21:31.560-0400: 204.544: [GC (GCLocker Initiated GC) [PSYoungGen: 124363K->8407K(177664K)] 208381K->100365K(701952K), 0.0103483 secs] [Times: user=0.11 sys=0.00, real=0.01 secs] 
2016-09-13T20:21:31.694-0400: 204.678: [GC (GCLocker Initiated GC) [PSYoungGen: 106711K->50875K(180224K)] 198862K->143334K(704512K), 0.0084240 secs] [Times: user=0.10 sys=0.00, real=0.01 secs] 
2016-09-13T20:21:31.854-0400: 204.838: [GC (GCLocker Initiated GC) [PSYoungGen: 149179K->5307K(175616K)] 253930K->119420K(699904K), 0.0097045 secs] [Times: user=0.13 sys=0.00, real=0.01 secs] 
2016-09-13T20:21:32.053-0400: 205.038: [GC (GCLocker Initiated GC) [PSYoungGen: 99515K->5180K(99840K)] 225864K->131739K(624128K), 0.0102187 secs] [Times: user=0.13 sys=0.00, real=0.01 secs] 
2016-09-13T20:21:32.220-0400: 205.205: [GC (GCLocker Initiated GC) [PSYoungGen: 99388K->37174K(181248K)] 233577K->171577K(705536K), 0.0098330 secs] [Times: user=0.12 sys=0.00, real=0.01 secs] 
2016-09-13T20:21:32.369-0400: 205.354: [GC (Allocation Failure) [PSYoungGen: 133430K->23695K(120320K)] 267838K->172112K(644608K), 0.0099494 secs] [Times: user=0.14 sys=0.00, real=0.01 secs] 
2016-09-13T20:21:32.546-0400: 205.530: [GC (GCLocker Initiated GC) [PSYoungGen: 114299K->28246K(177152K)] 268791K->183042K(701440K), 0.0098064 secs] [Times: user=0.13 sys=0.00, real=0.01 secs] 
2016-09-13T20:21:32.707-0400: 205.692: [GC (GCLocker Initiated GC) [PSYoungGen: 127574K->40276K(174080K)] 288543K->201442K(698368K), 0.0110977 secs] [Times: user=0.15 sys=0.00, real=0.02 secs] 
2016-09-13T20:21:32.859-0400: 205.844: [GC (Allocation Failure) [PSYoungGen: 139604K->11537K(182784K)] 314488K->198911K(707072K), 0.0042503 secs] [Times: user=0.05 sys=0.00, real=0.00 secs] 
2016-09-13T20:21:33.034-0400: 206.018: [GC (Allocation Failure) [PSYoungGen: 121105K->41852K(182784K)] 308479K->231077K(707072K), 0.0147268 secs] [Times: user=0.14 sys=0.00, real=0.02 secs] 
2016-09-13T20:21:33.231-0400: 206.215: [GC (GCLocker Initiated GC) [PSYoungGen: 151420K->46213K(187392K)] 340646K->235574K(711680K), 0.0351446 secs] [Times: user=0.36 sys=0.00, real=0.03 secs] 
2016-09-13T20:21:33.416-0400: 206.400: [GC (GCLocker Initiated GC) [PSYoungGen: 160901K->49196K(164352K)] 350382K->238883K(688640K), 0.0182617 secs] [Times: user=0.17 sys=0.00, real=0.01 secs] 
2016-09-13T20:21:33.589-0400: 206.573: [GC (GCLocker Initiated GC) [PSYoungGen: 163884K->27998K(189440K)] 353700K->227175K(713728K), 0.0106931 secs] [Times: user=0.10 sys=0.00, real=0.01 secs] 
2016-09-13T20:21:33.766-0400: 206.750: [GC (GCLocker Initiated GC) [PSYoungGen: 142174K->15847K(130048K)] 342891K->218293K(654336K), 0.0277338 secs] [Times: user=0.31 sys=0.00, real=0.03 secs] 
2016-09-13T20:21:33.946-0400: 206.931: [GC (Allocation Failure) [PSYoungGen: 130023K->27966K(189440K)] 332533K->238320K(713728K), 0.0064585 secs] [Times: user=0.06 sys=0.00, real=0.01 secs] 
2016-09-13T20:21:34.129-0400: 207.113: [GC (GCLocker Initiated GC) [PSYoungGen: 143720K->58437K(186368K)] 355593K->276547K(710656K), 0.0078572 secs] [Times: user=0.06 sys=0.00, real=0.01 secs] 
2016-09-13T20:21:34.331-0400: 207.315: [GC (GCLocker Initiated GC) [PSYoungGen: 175685K->64608K(173568K)] 393936K->283093K(697856K), 0.0080767 secs] [Times: user=0.10 sys=0.00, real=0.01 secs] 
2016-09-13T20:21:34.507-0400: 207.491: [GC (GCLocker Initiated GC) [PSYoungGen: 162912K->52629K(151040K)] 383059K->273002K(675328K), 0.0077034 secs] [Times: user=0.10 sys=0.00, real=0.01 secs] 
2016-09-13T20:21:34.655-0400: 207.640: [GC (GCLocker Initiated GC) [PSYoungGen: 150933K->44954K(181248K)] 377582K->282444K(705536K), 0.0093375 secs] [Times: user=0.13 sys=0.00, real=0.01 secs] 
2016-09-13T20:21:34.825-0400: 207.810: [GC (GCLocker Initiated GC) [PSYoungGen: 143258K->61688K(160256K)] 380774K->299453K(684544K), 0.0082711 secs] [Times: user=0.11 sys=0.01, real=0.01 secs] 
2016-09-13T20:21:34.978-0400: 207.963: [GC (GCLocker Initiated GC) [PSYoungGen: 159992K->46351K(180224K)] 397851K->299663K(704512K), 0.0082923 secs] [Times: user=0.12 sys=0.00, real=0.00 secs] 
2016-09-13T20:21:35.150-0400: 208.135: [GC (GCLocker Initiated GC) [PSYoungGen: 141583K->32682K(128000K)] 394951K->286334K(652288K), 0.0075773 secs] [Times: user=0.09 sys=0.00, real=0.01 secs] 
2016-09-13T20:21:35.317-0400: 208.302: [GC (GCLocker Initiated GC) [PSYoungGen: 127914K->63020K(171008K)] 383303K->323108K(695296K), 0.0108870 secs] [Times: user=0.12 sys=0.00, real=0.01 secs] 
2016-09-13T20:21:35.453-0400: 208.438: [GC (GCLocker Initiated GC) [PSYoungGen: 154156K->64666K(175104K)] 414492K->329832K(699392K), 0.0107432 secs] [Times: user=0.15 sys=0.00, real=0.01 secs] 
2016-09-13T20:21:35.603-0400: 208.588: [GC (Allocation Failure) [PSYoungGen: 155802K->31126K(176128K)] 427188K->302772K(700416K), 0.0131332 secs] [Times: user=0.16 sys=0.01, real=0.02 secs] 
2016-09-13T20:21:35.731-0400: 208.716: [GC (GCLocker Initiated GC) [PSYoungGen: 120214K->46228K(135680K)] 391863K->318251K(659968K), 0.0107718 secs] [Times: user=0.10 sys=0.00, real=0.01 secs] 
2016-09-13T20:21:35.877-0400: 208.861: [GC (GCLocker Initiated GC) [PSYoungGen: 135316K->53972K(171520K)] 407364K->344452K(695808K), 0.0084520 secs] [Times: user=0.12 sys=0.00, real=0.00 secs] 
2016-09-13T20:21:36.035-0400: 209.020: [GC (GCLocker Initiated GC) [PSYoungGen: 143060K->46281K(171520K)] 435232K->346269K(695808K), 0.0286003 secs] [Times: user=0.33 sys=0.00, real=0.03 secs] 
2016-09-13T20:21:36.196-0400: 209.181: [GC (GCLocker Initiated GC) [PSYoungGen: 135369K->40211K(177152K)] 435718K->343931K(701440K), 0.0067484 secs] [Times: user=0.05 sys=0.00, real=0.00 secs] 
2016-09-13T20:21:36.340-0400: 209.324: [GC (GCLocker Initiated GC) [PSYoungGen: 140051K->43154K(176128K)] 445307K->348691K(700416K), 0.0100991 secs] [Times: user=0.10 sys=0.00, real=0.01 secs] 
2016-09-13T20:21:36.494-0400: 209.479: [GC (GCLocker Initiated GC) [PSYoungGen: 142994K->57168K(180736K)] 448587K->363021K(705024K), 0.0078050 secs] [Times: user=0.08 sys=0.00, real=0.01 secs] 
2016-09-13T20:21:36.667-0400: 209.651: [GC (Allocation Failure) [PSYoungGen: 164176K->32645K(182272K)] 476275K->352651K(706560K), 0.0072223 secs] [Times: user=0.09 sys=0.00, real=0.01 secs] 
2016-09-13T20:21:36.871-0400: 209.855: [GC (GCLocker Initiated GC) [PSYoungGen: 139653K->23531K(186368K)] 465734K->355916K(710656K), 0.0057406 secs] [Times: user=0.06 sys=0.00, real=0.01 secs] 
2016-09-13T20:21:37.058-0400: 210.043: [GC (GCLocker Initiated GC) [PSYoungGen: 135147K->32803K(144896K)] 475344K->373284K(669184K), 0.0075446 secs] [Times: user=0.08 sys=0.00, real=0.00 secs] 
2016-09-13T20:21:37.281-0400: 210.266: [GC (GCLocker Initiated GC) [PSYoungGen: 144419K->23405K(185856K)] 490978K->370099K(710144K), 0.0254899 secs] [Times: user=0.22 sys=0.00, real=0.02 secs] 
2016-09-13T20:21:37.462-0400: 210.447: [GC (GCLocker Initiated GC) [PSYoungGen: 135533K->50747K(185856K)] 482389K->397675K(710144K), 0.0234318 secs] [Times: user=0.21 sys=0.00, real=0.02 secs] 
2016-09-13T20:21:37.707-0400: 210.692: [GC (GCLocker Initiated GC) [PSYoungGen: 162875K->46280K(186880K)] 509960K->393472K(711168K), 0.0064251 secs] [Times: user=0.04 sys=0.00, real=0.01 secs] 
2016-09-13T20:21:37.881-0400: 210.866: [GC (GCLocker Initiated GC) [PSYoungGen: 160456K->46122K(187392K)] 507883K->393837K(711680K), 0.0318689 secs] [Times: user=0.33 sys=0.01, real=0.03 secs] 
2016-09-13T20:21:38.063-0400: 211.048: [GC (GCLocker Initiated GC) [PSYoungGen: 160298K->43175K(184832K)] 515645K->398629K(709120K), 0.0220579 secs] [Times: user=0.27 sys=0.01, real=0.02 secs] 
2016-09-13T20:21:38.248-0400: 211.233: [GC (Allocation Failure) [PSYoungGen: 160423K->34286K(186368K)] 521977K->395986K(710656K), 0.0108305 secs] [Times: user=0.11 sys=0.00, real=0.01 secs] 
2016-09-13T20:21:38.403-0400: 211.388: [GC (GCLocker Initiated GC) [PSYoungGen: 151534K->34199K(190976K)] 513237K->412959K(715264K), 0.0340612 secs] [Times: user=0.36 sys=0.01, real=0.04 secs] 
2016-09-13T20:21:38.612-0400: 211.596: [GC (GCLocker Initiated GC) [PSYoungGen: 159639K->43116K(192000K)] 538430K->422116K(716288K), 0.0148228 secs] [Times: user=0.11 sys=0.00, real=0.01 secs] 
2016-09-13T20:21:38.808-0400: 211.792: [GC (GCLocker Initiated GC) [PSYoungGen: 168556K->37174K(192000K)] 547581K->427080K(716288K), 0.0099767 secs] [Times: user=0.10 sys=0.00, real=0.01 secs] 
2016-09-13T20:21:39.007-0400: 211.992: [GC (GCLocker Initiated GC) [PSYoungGen: 167734K->24981K(193536K)] 563871K->431900K(717824K), 0.0240823 secs] [Times: user=0.25 sys=0.01, real=0.03 secs] 
2016-09-13T20:21:39.218-0400: 212.203: [GC (GCLocker Initiated GC) [PSYoungGen: 155541K->41630K(196608K)] 564151K->450421K(720896K), 0.0097662 secs] [Times: user=0.10 sys=0.00, real=0.01 secs] 
2016-09-13T20:21:39.442-0400: 212.426: [GC (Allocation Failure) [PSYoungGen: 177310K->32485K(197632K)] 586201K->441491K(721920K), 0.0132690 secs] [Times: user=0.12 sys=0.00, real=0.01 secs] 
2016-09-13T20:21:39.655-0400: 212.639: [GC (GCLocker Initiated GC) [PSYoungGen: 168165K->26532K(200192K)] 577177K->443348K(724480K), 0.0103338 secs] [Times: user=0.09 sys=0.00, real=0.01 secs] 
2016-09-13T20:21:39.868-0400: 212.852: [GC (GCLocker Initiated GC) [PSYoungGen: 165796K->44794K(200192K)] 582831K->462017K(724480K), 0.0076771 secs] [Times: user=0.07 sys=0.00, real=0.00 secs] 
2016-09-13T20:21:40.117-0400: 213.101: [GC (GCLocker Initiated GC) [PSYoungGen: 184058K->41821K(200192K)] 604494K->462385K(724480K), 0.0257928 secs] [Times: user=0.32 sys=0.00, real=0.02 secs] 
2016-09-13T20:21:40.323-0400: 213.308: [GC (GCLocker Initiated GC) [PSYoungGen: 182109K->55388K(196096K)] 602739K->482224K(720384K), 0.0149844 secs] [Times: user=0.13 sys=0.01, real=0.02 secs] 
2016-09-13T20:21:40.545-0400: 213.529: [GC (GCLocker Initiated GC) [PSYoungGen: 195676K->28056K(198144K)] 622583K->455263K(722432K), 0.0295825 secs] [Times: user=0.35 sys=0.00, real=0.03 secs] 
2016-09-13T20:21:40.780-0400: 213.765: [GC (GCLocker Initiated GC) [PSYoungGen: 161688K->46218K(197632K)] 588982K->473780K(721920K), 0.0211661 secs] [Times: user=0.24 sys=0.00, real=0.02 secs] 
2016-09-13T20:21:41.000-0400: 213.984: [GC (Allocation Failure) [PSYoungGen: 179850K->11222K(193024K)] 613556K->444976K(717312K), 0.0048053 secs] [Times: user=0.03 sys=0.00, real=0.00 secs] 
2016-09-13T20:21:41.220-0400: 214.204: [GC (GCLocker Initiated GC) [PSYoungGen: 139946K->58245K(187392K)] 575219K->501297K(711680K), 0.0280286 secs] [Times: user=0.26 sys=0.00, real=0.03 secs] 
2016-09-13T20:21:41.459-0400: 214.443: [GC (GCLocker Initiated GC) [PSYoungGen: 187269K->43117K(192000K)] 631990K->487965K(716288K), 0.0100006 secs] [Times: user=0.07 sys=0.01, real=0.01 secs] 
2016-09-13T20:21:41.622-0400: 214.607: [GC (GCLocker Initiated GC) [PSYoungGen: 163437K->49287K(190464K)] 608466K->500546K(714752K), 0.0102521 secs] [Times: user=0.09 sys=0.00, real=0.01 secs] 
2016-09-13T20:21:41.820-0400: 214.804: [GC (GCLocker Initiated GC) [PSYoungGen: 169607K->64374K(180224K)] 621120K->515959K(704512K), 0.0091926 secs] [Times: user=0.06 sys=0.00, real=0.01 secs] 
2016-09-13T20:21:42.015-0400: 214.999: [GC (Allocation Failure) [PSYoungGen: 173942K->47800K(185856K)] 633253K->507250K(710144K), 0.0079794 secs] [Times: user=0.06 sys=0.00, real=0.01 secs] 
2016-09-13T20:21:42.207-0400: 215.191: [GC (GCLocker Initiated GC) [PSYoungGen: 157368K->34067K(181248K)] 616857K->511991K(705536K), 0.0186805 secs] [Times: user=0.20 sys=0.00, real=0.02 secs] 
2016-09-13T20:21:42.404-0400: 215.389: [GC (GCLocker Initiated GC) [PSYoungGen: 145171K->67608K(179200K)] 629269K->558123K(703488K), 0.0258634 secs] [Times: user=0.27 sys=0.00, real=0.03 secs] 
2016-09-13T20:21:42.616-0400: 215.601: [GC (GCLocker Initiated GC) --[PSYoungGen: 178712K->178712K(179200K)] 675327K->699786K(703488K), 0.0292872 secs] [Times: user=0.27 sys=0.00, real=0.02 secs] 
2016-09-13T20:21:42.646-0400: 215.631: [Full GC (Ergonomics) [PSYoungGen: 178712K->0K(179200K)] [ParOldGen: 521073K->35094K(524288K)] 699786K->35094K(703488K), [Metaspace: 44669K->44669K(1087488K)], 0.0648894 secs] [Times: user=0.27 sys=0.00, real=0.07 secs] 
2016-09-13T20:21:42.853-0400: 215.837: [GC (GCLocker Initiated GC) [PSYoungGen: 111104K->78489K(167936K)] 152314K->125775K(692224K), 0.0124530 secs] [Times: user=0.10 sys=0.00, real=0.01 secs] 
2016-09-13T20:21:42.970-0400: 215.955: [GC (GCLocker Initiated GC) [PSYoungGen: 166553K->43245K(175104K)] 213879K->129164K(699392K), 0.0109679 secs] [Times: user=0.13 sys=0.00, real=0.01 secs] 
2016-09-13T20:21:43.102-0400: 216.086: [GC (GCLocker Initiated GC) [PSYoungGen: 131309K->66004K(173568K)] 217380K->175176K(697856K), 0.0098091 secs] [Times: user=0.11 sys=0.00, real=0.01 secs] 
2016-09-13T20:21:43.235-0400: 216.220: [GC (GCLocker Initiated GC) [PSYoungGen: 154068K->47677K(136192K)] 264937K->163319K(660480K), 0.0072635 secs] [Times: user=0.04 sys=0.01, real=0.01 secs] 
2016-09-13T20:21:43.346-0400: 216.330: [GC (GCLocker Initiated GC) [PSYoungGen: 135741K->41881K(177152K)] 257538K->163902K(701440K), 0.0070604 secs] [Times: user=0.08 sys=0.00, real=0.01 secs] 
2016-09-13T20:21:43.475-0400: 216.460: [GC (GCLocker Initiated GC) [PSYoungGen: 134041K->50997K(174592K)] 256196K->193215K(698880K), 0.0078079 secs] [Times: user=0.08 sys=0.00, real=0.01 secs] 
2016-09-13T20:21:43.619-0400: 216.603: [GC (GCLocker Initiated GC) [PSYoungGen: 143157K->43026K(177152K)] 286912K->193269K(701440K), 0.0165729 secs] [Times: user=0.15 sys=0.00, real=0.01 secs] 
2016-09-13T20:21:43.795-0400: 216.779: [GC (GCLocker Initiated GC) [PSYoungGen: 140306K->9645K(175104K)] 298445K->167865K(699392K), 0.0105224 secs] [Times: user=0.10 sys=0.00, real=0.01 secs] 
2016-09-13T20:21:43.935-0400: 216.920: [GC (GCLocker Initiated GC) [PSYoungGen: 106925K->61283K(176128K)] 265162K->219608K(700416K), 0.0146481 secs] [Times: user=0.14 sys=0.00, real=0.02 secs] 
2016-09-13T20:21:44.116-0400: 217.101: [GC (GCLocker Initiated GC) [PSYoungGen: 155491K->50843K(178176K)] 313900K->216992K(702464K), 0.0116006 secs] [Times: user=0.11 sys=0.01, real=0.01 secs] 
2016-09-13T20:21:44.253-0400: 217.237: [GC (GCLocker Initiated GC) [PSYoungGen: 145051K->31030K(175616K)] 318950K->208235K(699904K), 0.0102412 secs] [Times: user=0.10 sys=0.00, real=0.01 secs] 
2016-09-13T20:21:44.417-0400: 217.402: [GC (GCLocker Initiated GC) [PSYoungGen: 126774K->40110K(177152K)] 304004K->222043K(701440K), 0.0093610 secs] [Times: user=0.07 sys=0.00, real=0.00 secs] 
2016-09-13T20:21:44.570-0400: 217.554: [GC (GCLocker Initiated GC) [PSYoungGen: 135854K->26510K(179200K)] 323962K->219466K(703488K), 0.0070227 secs] [Times: user=0.05 sys=0.00, real=0.01 secs] 
2016-09-13T20:21:44.742-0400: 217.727: [GC (GCLocker Initiated GC) [PSYoungGen: 127374K->31066K(179200K)] 320372K->224250K(703488K), 0.0274181 secs] [Times: user=0.25 sys=0.00, real=0.03 secs] 
2016-09-13T20:21:44.922-0400: 217.907: [GC (GCLocker Initiated GC) [PSYoungGen: 131930K->46185K(181248K)] 332969K->253559K(705536K), 0.0145847 secs] [Times: user=0.15 sys=0.01, real=0.02 secs] 
2016-09-13T20:21:45.092-0400: 218.076: [GC (GCLocker Initiated GC) [PSYoungGen: 153193K->46509K(181760K)] 360616K->254216K(706048K), 0.0082237 secs] [Times: user=0.10 sys=0.01, real=0.01 secs] 
2016-09-13T20:21:45.274-0400: 218.259: [GC (GCLocker Initiated GC) [PSYoungGen: 153517K->32831K(185344K)] 367488K->247149K(709632K), 0.0096421 secs] [Times: user=0.10 sys=0.00, real=0.01 secs] 
2016-09-13T20:21:45.461-0400: 218.446: [GC (GCLocker Initiated GC) [PSYoungGen: 147007K->52419K(185856K)] 367583K->273107K(710144K), 0.0129606 secs] [Times: user=0.10 sys=0.00, real=0.01 secs] 
2016-09-13T20:21:45.686-0400: 218.670: [GC (Allocation Failure) [PSYoungGen: 166595K->40205K(186368K)] 393708K->267495K(710656K), 0.0101770 secs] [Times: user=0.09 sys=0.00, real=0.02 secs] 
2016-09-13T20:21:45.863-0400: 218.847: [GC (GCLocker Initiated GC) [PSYoungGen: 157965K->47768K(187904K)] 385261K->275387K(712192K), 0.0158427 secs] [Times: user=0.13 sys=0.00, real=0.02 secs] 
2016-09-13T20:21:46.059-0400: 219.043: [GC (GCLocker Initiated GC) [PSYoungGen: 165528K->8189K(186368K)] 405420K->248341K(710656K), 0.0517459 secs] [Times: user=0.55 sys=0.00, real=0.05 secs] 
2016-09-13T20:21:46.289-0400: 219.273: [GC (GCLocker Initiated GC) [PSYoungGen: 124925K->29606K(189440K)] 372678K->277628K(713728K), 0.0176865 secs] [Times: user=0.18 sys=0.00, real=0.01 secs] 
2016-09-13T20:21:46.470-0400: 219.454: [GC (GCLocker Initiated GC) [PSYoungGen: 146342K->28024K(184832K)] 394457K->283974K(709120K), 0.0189564 secs] [Times: user=0.21 sys=0.00, real=0.02 secs] 
2016-09-13T20:21:46.655-0400: 219.640: [GC (GCLocker Initiated GC) [PSYoungGen: 146296K->43180K(187904K)] 410023K->307183K(712192K), 0.0180404 secs] [Times: user=0.19 sys=0.00, real=0.02 secs] 
2016-09-13T20:21:46.865-0400: 219.850: [GC (GCLocker Initiated GC) [PSYoungGen: 161452K->27897K(188416K)] 433229K->318181K(712704K), 0.0323392 secs] [Times: user=0.34 sys=0.01, real=0.04 secs] 
2016-09-13T20:21:47.083-0400: 220.068: [GC (GCLocker Initiated GC) [PSYoungGen: 151801K->27987K(190976K)] 442169K->318552K(715264K), 0.0066434 secs] [Times: user=0.06 sys=0.00, real=0.01 secs] 
2016-09-13T20:21:47.262-0400: 220.247: [GC (GCLocker Initiated GC) [PSYoungGen: 151891K->23803K(192000K)] 451737K->323984K(716288K), 0.0380601 secs] [Times: user=0.47 sys=0.01, real=0.04 secs] 
2016-09-13T20:21:47.502-0400: 220.486: [GC (GCLocker Initiated GC) [PSYoungGen: 152827K->24981K(194048K)] 466883K->339290K(718336K), 0.0202470 secs] [Times: user=0.21 sys=0.00, real=0.02 secs] 
2016-09-13T20:21:47.712-0400: 220.696: [GC (GCLocker Initiated GC) [PSYoungGen: 154005K->58495K(186368K)] 469858K->374459K(710656K), 0.0157582 secs] [Times: user=0.16 sys=0.01, real=0.02 secs] 
2016-09-13T20:21:47.913-0400: 220.897: [GC (GCLocker Initiated GC) [PSYoungGen: 181375K->43117K(192512K)] 504963K->369877K(716800K), 0.0080179 secs] [Times: user=0.07 sys=0.00, real=0.01 secs] 
2016-09-13T20:21:48.134-0400: 221.119: [GC (GCLocker Initiated GC) [PSYoungGen: 165997K->39924K(187904K)] 499061K->379103K(712192K), 0.0400747 secs] [Times: user=0.40 sys=0.00, real=0.04 secs] 
2016-09-13T20:21:48.366-0400: 221.350: [GC (Allocation Failure) [PSYoungGen: 163316K->41570K(190464K)] 502851K->381235K(714752K), 0.0081040 secs] [Times: user=0.08 sys=0.00, real=0.01 secs] 
2016-09-13T20:21:48.531-0400: 221.515: [GC (GCLocker Initiated GC) [PSYoungGen: 164962K->43339K(193024K)] 504630K->383224K(717312K), 0.0164460 secs] [Times: user=0.17 sys=0.01, real=0.01 secs] 
2016-09-13T20:21:48.730-0400: 221.715: [GC (GCLocker Initiated GC) [PSYoungGen: 172875K->56822K(186368K)] 512854K->397000K(710656K), 0.0103897 secs] [Times: user=0.08 sys=0.01, real=0.01 secs] 
2016-09-13T20:21:48.928-0400: 221.913: [GC (GCLocker Initiated GC) [PSYoungGen: 186358K->46407K(193536K)] 526676K->392986K(717824K), 0.0184231 secs] [Times: user=0.16 sys=0.00, real=0.01 secs] 
2016-09-13T20:21:49.118-0400: 222.103: [GC (GCLocker Initiated GC) [PSYoungGen: 170823K->46160K(171008K)] 517427K->397600K(695296K), 0.0228693 secs] [Times: user=0.24 sys=0.00, real=0.02 secs] 
2016-09-13T20:21:49.358-0400: 222.343: [GC (Allocation Failure) [PSYoungGen: 170576K->21917K(190976K)] 528374K->384410K(715264K), 0.0110335 secs] [Times: user=0.08 sys=0.00, real=0.01 secs] 
2016-09-13T20:21:49.568-0400: 222.553: [GC (GCLocker Initiated GC) [PSYoungGen: 144688K->24923K(192000K)] 513256K->393684K(716288K), 0.0167008 secs] [Times: user=0.15 sys=0.00, real=0.01 secs] 
2016-09-13T20:21:49.751-0400: 222.736: [GC (Allocation Failure) [PSYoungGen: 148315K->50902K(190976K)] 517135K->419979K(715264K), 0.0105158 secs] [Times: user=0.11 sys=0.00, real=0.01 secs] 
2016-09-13T20:21:49.948-0400: 222.933: [GC (GCLocker Initiated GC) [PSYoungGen: 172592K->27929K(192512K)] 543188K->409374K(716800K), 0.0163278 secs] [Times: user=0.18 sys=0.00, real=0.01 secs] 
2016-09-13T20:21:50.164-0400: 223.148: [GC (GCLocker Initiated GC) [PSYoungGen: 150809K->26559K(189952K)] 540088K->415976K(714240K), 0.0112041 secs] [Times: user=0.09 sys=0.00, real=0.01 secs] 
2016-09-13T20:21:50.362-0400: 223.346: [GC (GCLocker Initiated GC) [PSYoungGen: 150463K->46281K(191488K)] 539965K->440475K(715776K), 0.0158715 secs] [Times: user=0.14 sys=0.00, real=0.02 secs] 
2016-09-13T20:21:50.582-0400: 223.567: [GC (GCLocker Initiated GC) [PSYoungGen: 170185K->23405K(194048K)] 566077K->425573K(718336K), 0.0055535 secs] [Times: user=0.05 sys=0.00, real=0.00 secs] 
2016-09-13T20:21:50.768-0400: 223.752: [GC (GCLocker Initiated GC) [PSYoungGen: 149869K->29479K(156160K)] 552216K->432023K(680448K), 0.0376332 secs] [Times: user=0.42 sys=0.00, real=0.03 secs] 
2016-09-13T20:21:51.000-0400: 223.984: [GC (Allocation Failure) [PSYoungGen: 155943K->44762K(192000K)] 558786K->447781K(716288K), 0.0356149 secs] [Times: user=0.40 sys=0.01, real=0.03 secs] 
2016-09-13T20:21:51.214-0400: 224.199: [GC (GCLocker Initiated GC) [PSYoungGen: 169925K->64607K(191488K)] 574462K->469412K(715776K), 0.0218477 secs] [Times: user=0.24 sys=0.00, real=0.03 secs] 
2016-09-13T20:21:51.434-0400: 224.419: [GC (GCLocker Initiated GC) [PSYoungGen: 191071K->44731K(188416K)] 597527K->451382K(712704K), 0.0071230 secs] [Times: user=0.06 sys=0.01, real=0.01 secs] 
2016-09-13T20:21:51.620-0400: 224.605: [GC (GCLocker Initiated GC) [PSYoungGen: 162491K->37042K(155136K)] 569165K->443779K(679424K), 0.0066195 secs] [Times: user=0.05 sys=0.00, real=0.00 secs] 
2016-09-13T20:21:51.809-0400: 224.794: [GC (GCLocker Initiated GC) [PSYoungGen: 154802K->18912K(187392K)] 567668K->436555K(711680K), 0.0118979 secs] [Times: user=0.14 sys=0.00, real=0.01 secs] 
2016-09-13T20:21:51.988-0400: 224.973: [GC (Allocation Failure) [PSYoungGen: 137184K->20527K(188416K)] 554970K->450663K(712704K), 0.0197797 secs] [Times: user=0.27 sys=0.00, real=0.02 secs] 
2016-09-13T20:21:52.188-0400: 225.173: [GC (GCLocker Initiated GC) [PSYoungGen: 136820K->28151K(187392K)] 573030K->473727K(711680K), 0.0072307 secs] [Times: user=0.07 sys=0.00, real=0.00 secs] 
2016-09-13T20:21:52.362-0400: 225.347: [GC (GCLocker Initiated GC) [PSYoungGen: 150519K->52355K(189952K)] 597685K->499829K(714240K), 0.0305662 secs] [Times: user=0.31 sys=0.00, real=0.03 secs] 
2016-09-13T20:21:52.595-0400: 225.580: [GC (GCLocker Initiated GC) [PSYoungGen: 174723K->26447K(193024K)] 622322K->480413K(717312K), 0.0112869 secs] [Times: user=0.11 sys=0.00, real=0.01 secs] 
2016-09-13T20:21:52.817-0400: 225.802: [GC (GCLocker Initiated GC) [PSYoungGen: 148815K->67641K(190464K)] 605853K->531011K(714752K), 0.0176645 secs] [Times: user=0.19 sys=0.00, real=0.01 secs] 
2016-09-13T20:21:53.010-0400: 225.995: [GC (GCLocker Initiated GC) [PSYoungGen: 190009K->70645K(162816K)] 656609K->546463K(687104K), 0.0099218 secs] [Times: user=0.10 sys=0.00, real=0.01 secs] 
2016-09-13T20:21:53.138-0400: 226.122: [GC (GCLocker Initiated GC) [PSYoungGen: 161781K->84399K(175616K)] 637910K->585112K(699904K), 0.0186393 secs] [Times: user=0.21 sys=0.00, real=0.02 secs] 
2016-09-13T20:21:53.282-0400: 226.267: [GC (GCLocker Initiated GC) --[PSYoungGen: 175535K->175535K(175616K)] 676304K->694742K(699904K), 0.0285599 secs] [Times: user=0.25 sys=0.00, real=0.03 secs] 
2016-09-13T20:21:53.311-0400: 226.295: [Full GC (Ergonomics) [PSYoungGen: 175535K->0K(175616K)] [ParOldGen: 519206K->37137K(524288K)] 694742K->37137K(699904K), [Metaspace: 44670K->44670K(1087488K)], 0.0664397 secs] [Times: user=0.33 sys=0.01, real=0.07 secs] 
2016-09-13T20:21:53.488-0400: 226.473: [GC (GCLocker Initiated GC) [PSYoungGen: 91136K->61815K(174592K)] 128463K->99142K(698880K), 0.0211983 secs] [Times: user=0.27 sys=0.01, real=0.02 secs] 
2016-09-13T20:21:53.624-0400: 226.608: [GC (GCLocker Initiated GC) [PSYoungGen: 149879K->31040K(175104K)] 201024K->105475K(699392K), 0.0071214 secs] [Times: user=0.08 sys=0.00, real=0.01 secs] 
2016-09-13T20:21:53.749-0400: 226.734: [GC (GCLocker Initiated GC) [PSYoungGen: 119104K->66148K(175104K)] 193653K->140859K(699392K), 0.0082832 secs] [Times: user=0.07 sys=0.00, real=0.01 secs] 
2016-09-13T20:21:53.902-0400: 226.887: [GC (GCLocker Initiated GC) [PSYoungGen: 154212K->29612K(175104K)] 230620K->132191K(699392K), 0.0114226 secs] [Times: user=0.12 sys=0.00, real=0.01 secs] 
2016-09-13T20:21:54.035-0400: 227.020: [GC (GCLocker Initiated GC) [PSYoungGen: 117676K->41661K(175104K)] 220571K->144780K(699392K), 0.0128174 secs] [Times: user=0.13 sys=0.00, real=0.02 secs] 
2016-09-13T20:21:54.151-0400: 227.136: [GC (GCLocker Initiated GC) [PSYoungGen: 129725K->41570K(175104K)] 232934K->145008K(699392K), 0.0204069 secs] [Times: user=0.18 sys=0.00, real=0.02 secs] 
2016-09-13T20:21:54.299-0400: 227.283: [GC (GCLocker Initiated GC) [PSYoungGen: 129634K->37174K(172032K)] 240765K->166830K(696320K), 0.0137873 secs] [Times: user=0.14 sys=0.01, real=0.01 secs] 
2016-09-13T20:21:54.469-0400: 227.453: [GC (GCLocker Initiated GC) [PSYoungGen: 125238K->9925K(173568K)] 267099K->159637K(697856K), 0.0111045 secs] [Times: user=0.12 sys=0.00, real=0.01 secs] 
2016-09-13T20:21:54.637-0400: 227.622: [GC (GCLocker Initiated GC) [PSYoungGen: 97989K->32736K(172032K)] 253801K->188946K(696320K), 0.0080676 secs] [Times: user=0.09 sys=0.00, real=0.00 secs] 
2016-09-13T20:21:54.786-0400: 227.770: [GC (Allocation Failure) [PSYoungGen: 122336K->26384K(173568K)] 278806K->190625K(697856K), 0.0253691 secs] [Times: user=0.27 sys=0.01, real=0.03 secs] 
2016-09-13T20:21:54.943-0400: 227.928: [GC (GCLocker Initiated GC) [PSYoungGen: 115984K->49074K(177664K)] 280238K->219657K(701952K), 0.0068522 secs] [Times: user=0.06 sys=0.00, real=0.01 secs] 
2016-09-13T20:21:55.084-0400: 228.069: [GC (GCLocker Initiated GC) [PSYoungGen: 145330K->29634K(177664K)] 322211K->206661K(701952K), 0.0244378 secs] [Times: user=0.28 sys=0.01, real=0.03 secs] 
2016-09-13T20:21:55.255-0400: 228.240: [GC (GCLocker Initiated GC) [PSYoungGen: 125890K->32651K(176640K)] 316656K->223646K(700928K), 0.0140030 secs] [Times: user=0.17 sys=0.00, real=0.02 secs] 
2016-09-13T20:21:55.433-0400: 228.418: [GC (GCLocker Initiated GC) [PSYoungGen: 134027K->42006K(177664K)] 326771K->244049K(701952K), 0.0149577 secs] [Times: user=0.13 sys=0.00, real=0.02 secs] 
2016-09-13T20:21:55.604-0400: 228.589: [GC (GCLocker Initiated GC) [PSYoungGen: 143382K->9805K(182784K)] 351572K->218205K(707072K), 0.0055267 secs] [Times: user=0.03 sys=0.00, real=0.01 secs] 
2016-09-13T20:21:55.784-0400: 228.769: [GC (GCLocker Initiated GC) [PSYoungGen: 118861K->46058K(184320K)] 330343K->257825K(708608K), 0.0369345 secs] [Times: user=0.33 sys=0.00, real=0.04 secs] 
2016-09-13T20:21:55.965-0400: 228.950: [GC (GCLocker Initiated GC) [PSYoungGen: 155114K->43275K(183808K)] 366945K->262838K(708096K), 0.0184567 secs] [Times: user=0.20 sys=0.00, real=0.02 secs] 
2016-09-13T20:21:56.125-0400: 229.110: [GC (GCLocker Initiated GC) [PSYoungGen: 154891K->61410K(173056K)] 376179K->284494K(697344K), 0.0140473 secs] [Times: user=0.13 sys=0.00, real=0.02 secs] 
2016-09-13T20:21:56.311-0400: 229.296: [GC (GCLocker Initiated GC) [PSYoungGen: 173026K->43244K(185856K)] 403907K->274231K(710144K), 0.0157749 secs] [Times: user=0.16 sys=0.00, real=0.01 secs] 
2016-09-13T20:21:56.487-0400: 229.471: [GC (Allocation Failure) [PSYoungGen: 150252K->46473K(153600K)] 382998K->279477K(677888K), 0.0087283 secs] [Times: user=0.11 sys=0.00, real=0.01 secs] 
2016-09-13T20:21:56.663-0400: 229.648: [GC (GCLocker Initiated GC) [PSYoungGen: 153481K->44731K(184320K)] 386487K->277954K(708608K), 0.0140923 secs] [Times: user=0.12 sys=0.01, real=0.02 secs] 
2016-09-13T20:21:56.878-0400: 229.862: [GC (GCLocker Initiated GC) [PSYoungGen: 153787K->41570K(182272K)] 393206K->281135K(706560K), 0.0237745 secs] [Times: user=0.22 sys=0.00, real=0.02 secs] 
2016-09-13T20:21:57.053-0400: 230.038: [GC (GCLocker Initiated GC) [PSYoungGen: 150626K->32458K(185344K)] 391900K->273859K(709632K), 0.0155330 secs] [Times: user=0.12 sys=0.01, real=0.02 secs] 
2016-09-13T20:21:57.257-0400: 230.242: [GC (GCLocker Initiated GC) [PSYoungGen: 147658K->31188K(183808K)] 395306K->286569K(708096K), 0.0254308 secs] [Times: user=0.25 sys=0.00, real=0.02 secs] 
2016-09-13T20:21:57.464-0400: 230.448: [GC (GCLocker Initiated GC) [PSYoungGen: 146388K->20425K(190464K)] 406548K->280849K(714752K), 0.0054823 secs] [Times: user=0.04 sys=0.00, real=0.01 secs] 
2016-09-13T20:21:57.637-0400: 230.622: [GC (GCLocker Initiated GC) [PSYoungGen: 143305K->52452K(190976K)] 403760K->313078K(715264K), 0.0161119 secs] [Times: user=0.16 sys=0.00, real=0.01 secs] 
2016-09-13T20:21:57.835-0400: 230.819: [GC (GCLocker Initiated GC) [PSYoungGen: 175332K->43148K(192000K)] 437669K->311702K(716288K), 0.0151393 secs] [Times: user=0.14 sys=0.00, real=0.02 secs] 
2016-09-13T20:21:58.057-0400: 231.042: [GC (GCLocker Initiated GC) [PSYoungGen: 166028K->50774K(191488K)] 436247K->321219K(715776K), 0.0200494 secs] [Times: user=0.18 sys=0.00, real=0.02 secs] 
2016-09-13T20:21:58.244-0400: 231.229: [GC (GCLocker Initiated GC) [PSYoungGen: 173654K->50710K(189952K)] 445655K->322834K(714240K), 0.0099181 secs] [Times: user=0.08 sys=0.00, real=0.01 secs] 
2016-09-13T20:21:58.432-0400: 231.416: [GC (GCLocker Initiated GC) [PSYoungGen: 170518K->43213K(163328K)] 444245K->329318K(687616K), 0.0143675 secs] [Times: user=0.16 sys=0.00, real=0.01 secs] 
2016-09-13T20:21:58.642-0400: 231.627: [GC (GCLocker Initiated GC) [PSYoungGen: 163021K->67581K(179200K)] 449281K->357073K(703488K), 0.0156460 secs] [Times: user=0.16 sys=0.00, real=0.02 secs] 
2016-09-13T20:21:58.830-0400: 231.814: [GC (GCLocker Initiated GC) [PSYoungGen: 178173K->47677K(186368K)] 467871K->349668K(710656K), 0.0115240 secs] [Times: user=0.08 sys=0.01, real=0.01 secs] 
2016-09-13T20:21:59.013-0400: 231.998: [GC (GCLocker Initiated GC) [PSYoungGen: 158269K->41597K(179200K)] 469628K->353157K(703488K), 0.0225608 secs] [Times: user=0.22 sys=0.00, real=0.03 secs] 
2016-09-13T20:21:59.210-0400: 232.195: [GC (GCLocker Initiated GC) [PSYoungGen: 154237K->28342K(183808K)] 473427K->347742K(708096K), 0.0105349 secs] [Times: user=0.12 sys=0.00, real=0.01 secs] 
2016-09-13T20:21:59.396-0400: 232.381: [GC (GCLocker Initiated GC) [PSYoungGen: 140982K->64570K(179712K)] 465046K->388922K(704000K), 0.0152352 secs] [Times: user=0.14 sys=0.00, real=0.01 secs] 
2016-09-13T20:21:59.564-0400: 232.549: [GC (GCLocker Initiated GC) [PSYoungGen: 173114K->55336K(164352K)] 499223K->436224K(688640K), 0.0250629 secs] [Times: user=0.28 sys=0.00, real=0.03 secs] 
2016-09-13T20:21:59.735-0400: 232.719: [GC (GCLocker Initiated GC) [PSYoungGen: 163880K->23812K(183808K)] 546421K->406433K(708096K), 0.0059015 secs] [Times: user=0.08 sys=0.00, real=0.01 secs] 
2016-09-13T20:21:59.895-0400: 232.880: [GC (GCLocker Initiated GC) [PSYoungGen: 130308K->55400K(162304K)] 513035K->438420K(686592K), 0.0077659 secs] [Times: user=0.09 sys=0.01, real=0.01 secs] 
2016-09-13T20:22:00.071-0400: 233.055: [GC (GCLocker Initiated GC) [PSYoungGen: 161896K->35846K(184832K)] 544941K->426679K(709120K), 0.0085463 secs] [Times: user=0.11 sys=0.01, real=0.01 secs] 
2016-09-13T20:22:00.258-0400: 233.243: [GC (GCLocker Initiated GC) [PSYoungGen: 141830K->11255K(117248K)] 544835K->428233K(641536K), 0.0053217 secs] [Times: user=0.04 sys=0.00, real=0.00 secs] 
2016-09-13T20:22:00.425-0400: 233.409: [GC (GCLocker Initiated GC) [PSYoungGen: 117239K->28034K(184320K)] 535780K->454355K(708608K), 0.0092338 secs] [Times: user=0.09 sys=0.01, real=0.01 secs] 
2016-09-13T20:22:00.593-0400: 233.578: [GC (GCLocker Initiated GC) [PSYoungGen: 132994K->32395K(137728K)] 559396K->458972K(662016K), 0.0319974 secs] [Times: user=0.33 sys=0.00, real=0.03 secs] 
2016-09-13T20:22:00.788-0400: 233.773: [GC (GCLocker Initiated GC) [PSYoungGen: 137355K->20397K(180736K)] 571540K->463850K(705024K), 0.0211264 secs] [Times: user=0.20 sys=0.00, real=0.02 secs] 
2016-09-13T20:22:00.970-0400: 233.954: [GC (GCLocker Initiated GC) [PSYoungGen: 125869K->44513K(180224K)] 580109K->499017K(704512K), 0.0152293 secs] [Times: user=0.14 sys=0.00, real=0.01 secs] 
2016-09-13T20:22:01.126-0400: 234.111: [GC (GCLocker Initiated GC) [PSYoungGen: 149985K->46255K(186368K)] 604743K->501159K(710656K), 0.0145325 secs] [Times: user=0.18 sys=0.00, real=0.02 secs] 
2016-09-13T20:22:01.312-0400: 234.297: [GC (GCLocker Initiated GC) [PSYoungGen: 158895K->47831K(185856K)] 615412K->504566K(710144K), 0.0108682 secs] [Times: user=0.11 sys=0.00, real=0.01 secs] 
2016-09-13T20:22:01.510-0400: 234.494: [GC (GCLocker Initiated GC) [PSYoungGen: 160471K->52133K(185856K)] 618982K->515523K(710144K), 0.0175278 secs] [Times: user=0.18 sys=0.00, real=0.01 secs] 
2016-09-13T20:22:01.698-0400: 234.683: [GC (GCLocker Initiated GC) [PSYoungGen: 164773K->49569K(187392K)] 628283K->513241K(711680K), 0.0099820 secs] [Times: user=0.11 sys=0.01, real=0.01 secs] 
2016-09-13T20:22:01.880-0400: 234.865: [GC (GCLocker Initiated GC) [PSYoungGen: 162209K->56918K(182784K)] 625888K->520897K(707072K), 0.0123578 secs] [Times: user=0.11 sys=0.00, real=0.01 secs] 
2016-09-13T20:22:02.055-0400: 235.039: [GC (GCLocker Initiated GC) [PSYoungGen: 165462K->55621K(164352K)] 635691K->526107K(688640K), 0.0084780 secs] [Times: user=0.10 sys=0.00, real=0.01 secs] 
2016-09-13T20:22:02.238-0400: 235.223: [GC (GCLocker Initiated GC) [PSYoungGen: 164165K->47805K(185856K)] 634762K->523184K(710144K), 0.0211210 secs] [Times: user=0.19 sys=0.00, real=0.02 secs] 
2016-09-13T20:22:02.423-0400: 235.407: [GC (GCLocker Initiated GC) [PSYoungGen: 155325K->59732K(183808K)] 632469K->536998K(708096K), 0.0112048 secs] [Times: user=0.08 sys=0.00, real=0.01 secs] 
2016-09-13T20:22:02.610-0400: 235.594: [GC (Allocation Failure) [PSYoungGen: 167252K->5429K(175616K)] 659800K->498091K(699904K), 0.0115024 secs] [Times: user=0.16 sys=0.00, real=0.01 secs] 
2016-09-13T20:22:02.787-0400: 235.772: [GC (GCLocker Initiated GC) [PSYoungGen: 102045K->33919K(179712K)] 600782K->533085K(704000K), 0.0148553 secs] [Times: user=0.14 sys=0.00, real=0.02 secs] 
2016-09-13T20:22:02.922-0400: 235.907: [GC (GCLocker Initiated GC) [PSYoungGen: 131199K->49191K(176128K)] 630477K->548565K(700416K), 0.0285103 secs] [Times: user=0.34 sys=0.00, real=0.03 secs] 
2016-09-13T20:22:03.101-0400: 236.086: [GC (GCLocker Initiated GC) [PSYoungGen: 149031K->26384K(178688K)] 656025K->544293K(702976K), 0.0202268 secs] [Times: user=0.20 sys=0.01, real=0.02 secs] 
2016-09-13T20:22:03.121-0400: 236.106: [Full GC (Ergonomics) [PSYoungGen: 26384K->0K(178688K)] [ParOldGen: 517909K->42001K(524288K)] 544293K->42001K(702976K), [Metaspace: 44676K->44676K(1087488K)], 0.0656940 secs] [Times: user=0.30 sys=0.00, real=0.06 secs] 
2016-09-13T20:22:03.312-0400: 236.296: [GC (Allocation Failure) [PSYoungGen: 99840K->57009K(179200K)] 141903K->99072K(703488K), 0.0080952 secs] [Times: user=0.07 sys=0.00, real=0.01 secs] 
2016-09-13T20:22:03.450-0400: 236.435: [GC (GCLocker Initiated GC) [PSYoungGen: 155437K->29638K(181760K)] 203575K->94985K(706048K), 0.0236335 secs] [Times: user=0.27 sys=0.00, real=0.02 secs] 
2016-09-13T20:22:03.628-0400: 236.613: [GC (GCLocker Initiated GC) [PSYoungGen: 131014K->21821K(180224K)] 202460K->93496K(704512K), 0.0065089 secs] [Times: user=0.05 sys=0.00, real=0.00 secs] 
2016-09-13T20:22:03.815-0400: 236.800: [GC (GCLocker Initiated GC) [PSYoungGen: 125245K->27838K(181248K)] 210732K->113541K(705536K), 0.0269471 secs] [Times: user=0.27 sys=0.01, real=0.03 secs] 
2016-09-13T20:22:04.000-0400: 236.985: [GC (GCLocker Initiated GC) [PSYoungGen: 131262K->28246K(179712K)] 217133K->118899K(704000K), 0.0176701 secs] [Times: user=0.23 sys=0.00, real=0.02 secs] 
2016-09-13T20:22:04.160-0400: 237.145: [GC (GCLocker Initiated GC) [PSYoungGen: 136278K->64570K(181760K)] 226948K->155500K(706048K), 0.0148919 secs] [Times: user=0.17 sys=0.00, real=0.01 secs] 
2016-09-13T20:22:04.339-0400: 237.324: [GC (GCLocker Initiated GC) [PSYoungGen: 172602K->32555K(184320K)] 263549K->152642K(708608K), 0.0362700 secs] [Times: user=0.36 sys=0.00, real=0.03 secs] 
2016-09-13T20:22:04.519-0400: 237.504: [GC (Allocation Failure) [PSYoungGen: 136491K->40212K(144384K)] 265934K->178977K(668672K), 0.0103647 secs] [Times: user=0.09 sys=0.00, real=0.01 secs] 
2016-09-13T20:22:04.684-0400: 237.669: [GC (GCLocker Initiated GC) [PSYoungGen: 144148K->46436K(178688K)] 282916K->185355K(702976K), 0.0088840 secs] [Times: user=0.07 sys=0.00, real=0.01 secs] 
2016-09-13T20:22:04.856-0400: 237.840: [GC (GCLocker Initiated GC) [PSYoungGen: 150884K->46132K(178176K)] 289829K->185340K(702464K), 0.0081479 secs] [Times: user=0.09 sys=0.01, real=0.01 secs] 
2016-09-13T20:22:05.034-0400: 238.019: [GC (GCLocker Initiated GC) [PSYoungGen: 150580K->34232K(184832K)] 289947K->188977K(709120K), 0.0115078 secs] [Times: user=0.13 sys=0.00, real=0.01 secs] 
2016-09-13T20:22:05.214-0400: 238.199: [GC (GCLocker Initiated GC) [PSYoungGen: 149944K->35869K(185856K)] 313864K->199999K(710144K), 0.0055136 secs] [Times: user=0.05 sys=0.00, real=0.01 secs] 
2016-09-13T20:22:05.369-0400: 238.354: [GC (GCLocker Initiated GC) [PSYoungGen: 151581K->37301K(187904K)] 315772K->215369K(712192K), 0.0096355 secs] [Times: user=0.13 sys=0.00, real=0.01 secs] 
2016-09-13T20:22:05.591-0400: 238.575: [GC (GCLocker Initiated GC) [PSYoungGen: 161205K->9799K(189440K)] 339353K->192689K(713728K), 0.0062652 secs] [Times: user=0.03 sys=0.00, real=0.01 secs] 
2016-09-13T20:22:05.792-0400: 238.776: [GC (GCLocker Initiated GC) [PSYoungGen: 133703K->28342K(194560K)] 319857K->214737K(718848K), 0.0052808 secs] [Times: user=0.06 sys=0.00, real=0.01 secs] 
2016-09-13T20:22:06.004-0400: 238.989: [GC (GCLocker Initiated GC) [PSYoungGen: 156342K->27960K(194048K)] 342763K->214648K(718336K), 0.0250719 secs] [Times: user=0.20 sys=0.00, real=0.03 secs] 
2016-09-13T20:22:06.235-0400: 239.219: [GC (GCLocker Initiated GC) [PSYoungGen: 155960K->49282K(191488K)] 344210K->239268K(715776K), 0.0062851 secs] [Times: user=0.05 sys=0.00, real=0.01 secs] 
2016-09-13T20:22:06.418-0400: 239.403: [GC (GCLocker Initiated GC) [PSYoungGen: 176258K->66029K(193024K)] 366340K->262392K(717312K), 0.0110032 secs] [Times: user=0.09 sys=0.01, real=0.01 secs] 
2016-09-13T20:22:06.626-0400: 239.611: [GC (GCLocker Initiated GC) [PSYoungGen: 193005K->43212K(185856K)] 389572K->241511K(710144K), 0.0219185 secs] [Times: user=0.20 sys=0.01, real=0.03 secs] 
2016-09-13T20:22:06.827-0400: 239.811: [GC (GCLocker Initiated GC) [PSYoungGen: 159948K->60042K(177152K)] 358258K->258668K(701440K), 0.0090750 secs] [Times: user=0.10 sys=0.00, real=0.02 secs] 
2016-09-13T20:22:07.016-0400: 240.000: [GC (GCLocker Initiated GC) [PSYoungGen: 176778K->12932K(182784K)] 387579K->223938K(707072K), 0.0115767 secs] [Times: user=0.08 sys=0.01, real=0.01 secs] 
2016-09-13T20:22:07.198-0400: 240.183: [GC (GCLocker Initiated GC) [PSYoungGen: 118404K->28094K(133632K)] 331007K->250164K(657920K), 0.0275577 secs] [Times: user=0.28 sys=0.00, real=0.02 secs] 
2016-09-13T20:22:07.371-0400: 240.355: [GC (GCLocker Initiated GC) [PSYoungGen: 133566K->49451K(182272K)] 355761K->276460K(706560K), 0.0148400 secs] [Times: user=0.15 sys=0.01, real=0.01 secs] 
2016-09-13T20:22:07.559-0400: 240.543: [GC (GCLocker Initiated GC) [PSYoungGen: 155435K->43281K(182784K)] 382514K->270577K(707072K), 0.0107367 secs] [Times: user=0.10 sys=0.00, real=0.01 secs] 
2016-09-13T20:22:07.731-0400: 240.716: [GC (GCLocker Initiated GC) [PSYoungGen: 149265K->46346K(184320K)] 376743K->274034K(708608K), 0.0062179 secs] [Times: user=0.07 sys=0.00, real=0.01 secs] 
2016-09-13T20:22:07.925-0400: 240.909: [GC (GCLocker Initiated GC) [PSYoungGen: 156426K->41821K(183808K)] 397886K->283475K(708096K), 0.0069957 secs] [Times: user=0.07 sys=0.00, real=0.01 secs] 
2016-09-13T20:22:08.100-0400: 241.084: [GC (GCLocker Initiated GC) [PSYoungGen: 151901K->12810K(183808K)] 405983K->267070K(708096K), 0.0224140 secs] [Times: user=0.18 sys=0.00, real=0.02 secs] 
2016-09-13T20:22:08.298-0400: 241.282: [GC (Allocation Failure) [PSYoungGen: 125450K->43339K(185344K)] 379925K->302591K(709632K), 0.0088041 secs] [Times: user=0.09 sys=0.00, real=0.00 secs] 
2016-09-13T20:22:08.497-0400: 241.481: [GC (Allocation Failure) [PSYoungGen: 150779K->11222K(187904K)] 410031K->270750K(712192K), 0.0210490 secs] [Times: user=0.21 sys=0.00, real=0.02 secs] 
2016-09-13T20:22:08.696-0400: 241.681: [GC (GCLocker Initiated GC) [PSYoungGen: 127958K->46346K(163328K)] 387487K->306124K(687616K), 0.0074583 secs] [Times: user=0.10 sys=0.00, real=0.00 secs] 
2016-09-13T20:22:08.859-0400: 241.844: [GC (GCLocker Initiated GC) [PSYoungGen: 163082K->20686K(189952K)] 429109K->286933K(714240K), 0.0084282 secs] [Times: user=0.06 sys=0.00, real=0.01 secs] 
2016-09-13T20:22:09.034-0400: 242.019: [GC (GCLocker Initiated GC) [PSYoungGen: 137422K->43154K(160256K)] 405501K->322217K(684544K), 0.0211209 secs] [Times: user=0.25 sys=0.00, real=0.02 secs] 
2016-09-13T20:22:09.225-0400: 242.210: [GC (Allocation Failure) [PSYoungGen: 159890K->40047K(189440K)] 439204K->319476K(713728K), 0.0122717 secs] [Times: user=0.11 sys=0.00, real=0.02 secs] 
2016-09-13T20:22:09.238-0400: 242.223: [GC (GCLocker Initiated GC) [PSYoungGen: 40053K->0K(187904K)] 319482K->322380K(712192K), 0.0077373 secs] [Times: user=0.05 sys=0.00, real=0.00 secs] 
2016-09-13T20:22:09.409-0400: 242.393: [GC (GCLocker Initiated GC) [PSYoungGen: 118268K->70708K(169472K)] 440654K->411320K(693760K), 0.0103201 secs] [Times: user=0.10 sys=0.01, real=0.01 secs] 
2016-09-13T20:22:09.557-0400: 242.542: [GC (Allocation Failure) [PSYoungGen: 167988K->11257K(179712K)] 508623K->396342K(704000K), 0.0193444 secs] [Times: user=0.17 sys=0.00, real=0.02 secs] 
2016-09-13T20:22:09.715-0400: 242.700: [GC (GCLocker Initiated GC) [PSYoungGen: 108537K->65999K(169984K)] 493644K->451348K(694272K), 0.0102478 secs] [Times: user=0.10 sys=0.00, real=0.01 secs] 
2016-09-13T20:22:09.870-0400: 242.854: [GC (GCLocker Initiated GC) [PSYoungGen: 154063K->46287K(175104K)] 547160K->439621K(699392K), 0.0232267 secs] [Times: user=0.27 sys=0.01, real=0.02 secs] 
2016-09-13T20:22:10.025-0400: 243.010: [GC (Allocation Failure) [PSYoungGen: 134351K->46218K(172032K)] 527922K->440015K(696320K), 0.0075133 secs] [Times: user=0.08 sys=0.01, real=0.01 secs] 
2016-09-13T20:22:10.170-0400: 243.154: [GC (GCLocker Initiated GC) [PSYoungGen: 134042K->28088K(173568K)] 533914K->428247K(697856K), 0.0066016 secs] [Times: user=0.06 sys=0.00, real=0.01 secs] 
2016-09-13T20:22:10.314-0400: 243.298: [GC (GCLocker Initiated GC) [PSYoungGen: 116152K->46159K(174592K)] 522505K->452795K(698880K), 0.0119407 secs] [Times: user=0.09 sys=0.00, real=0.01 secs] 
2016-09-13T20:22:10.461-0400: 243.446: [GC (GCLocker Initiated GC) [PSYoungGen: 139855K->40265K(175104K)] 548256K->448910K(699392K), 0.0071068 secs] [Times: user=0.06 sys=0.00, real=0.01 secs] 
2016-09-13T20:22:10.616-0400: 243.601: [GC (GCLocker Initiated GC) [PSYoungGen: 133961K->43026K(178176K)] 542655K->451988K(702464K), 0.0145197 secs] [Times: user=0.13 sys=0.01, real=0.01 secs] 
2016-09-13T20:22:10.787-0400: 243.772: [GC (GCLocker Initiated GC) [PSYoungGen: 145426K->23409K(177664K)] 557483K->440161K(701952K), 0.0067232 secs] [Times: user=0.04 sys=0.01, real=0.01 secs] 
2016-09-13T20:22:10.979-0400: 243.964: [GC (GCLocker Initiated GC) [PSYoungGen: 125809K->5084K(184320K)] 548711K->428216K(708608K), 0.0071197 secs] [Times: user=0.05 sys=0.00, real=0.00 secs] 
2016-09-13T20:22:11.145-0400: 244.129: [GC (Allocation Failure) [PSYoungGen: 114652K->41689K(185856K)] 538134K->465368K(710144K), 0.0175769 secs] [Times: user=0.15 sys=0.00, real=0.02 secs] 
2016-09-13T20:22:11.329-0400: 244.313: [GC (GCLocker Initiated GC) [PSYoungGen: 149857K->44830K(185856K)] 575054K->470233K(710144K), 0.0077610 secs] [Times: user=0.07 sys=0.00, real=0.01 secs] 
2016-09-13T20:22:11.512-0400: 244.496: [GC (GCLocker Initiated GC) [PSYoungGen: 155934K->67326K(178688K)] 584686K->496236K(702976K), 0.0220974 secs] [Times: user=0.21 sys=0.00, real=0.02 secs] 
2016-09-13T20:22:11.685-0400: 244.670: [GC (GCLocker Initiated GC) [PSYoungGen: 178430K->46567K(181248K)] 607427K->475753K(705536K), 0.0073508 secs] [Times: user=0.08 sys=0.00, real=0.01 secs] 
2016-09-13T20:22:11.853-0400: 244.838: [GC (GCLocker Initiated GC) [PSYoungGen: 145383K->49388K(148480K)] 576259K->480587K(672768K), 0.0083130 secs] [Times: user=0.10 sys=0.00, real=0.01 secs] 
2016-09-13T20:22:12.036-0400: 245.021: [GC (Allocation Failure) [PSYoungGen: 148204K->23457K(180224K)] 587201K->462584K(704512K), 0.0142105 secs] [Times: user=0.14 sys=0.00, real=0.01 secs] 
2016-09-13T20:22:12.227-0400: 245.211: [GC (GCLocker Initiated GC) [PSYoungGen: 123297K->41783K(141824K)] 562424K->481178K(666112K), 0.0081830 secs] [Times: user=0.08 sys=0.00, real=0.01 secs] 
2016-09-13T20:22:12.378-0400: 245.362: [GC (GCLocker Initiated GC) [PSYoungGen: 141623K->37233K(181760K)] 581043K->476946K(706048K), 0.0077414 secs] [Times: user=0.10 sys=0.00, real=0.00 secs] 
2016-09-13T20:22:12.513-0400: 245.498: [GC (GCLocker Initiated GC) [PSYoungGen: 142705K->69067K(178688K)] 590074K->528918K(702976K), 0.0099986 secs] [Times: user=0.12 sys=0.00, real=0.01 secs] 
2016-09-13T20:22:12.699-0400: 245.684: [GC (GCLocker Initiated GC) [PSYoungGen: 174539K->29635K(183296K)] 640599K->502015K(707584K), 0.0093928 secs] [Times: user=0.10 sys=0.00, real=0.01 secs] 
2016-09-13T20:22:12.883-0400: 245.868: [GC (Allocation Failure) [PSYoungGen: 132035K->58341K(160768K)] 604563K->535678K(685056K), 0.0126591 secs] [Times: user=0.11 sys=0.00, real=0.02 secs] 
2016-09-13T20:22:13.050-0400: 246.035: [GC (GCLocker Initiated GC) [PSYoungGen: 155268K->32794K(182784K)] 638680K->516302K(707072K), 0.0113007 secs] [Times: user=0.15 sys=0.00, real=0.01 secs] 
2016-09-13T20:22:13.208-0400: 246.193: [GC (GCLocker Initiated GC) [PSYoungGen: 134170K->44736K(146432K)] 617810K->528598K(670720K), 0.0114030 secs] [Times: user=0.13 sys=0.00, real=0.01 secs] 
2016-09-13T20:22:13.361-0400: 246.345: [GC (GCLocker Initiated GC) [PSYoungGen: 146112K->27838K(179200K)] 636074K->518009K(703488K), 0.0159577 secs] [Times: user=0.13 sys=0.00, real=0.02 secs] 
2016-09-13T20:22:13.531-0400: 246.516: [GC (GCLocker Initiated GC) [PSYoungGen: 130238K->29484K(178176K)] 622109K->530693K(702464K), 0.0180022 secs] [Times: user=0.17 sys=0.00, real=0.02 secs] 
2016-09-13T20:22:13.713-0400: 246.698: [Full GC (Ergonomics) [PSYoungGen: 131884K->0K(178176K)] [ParOldGen: 516539K->46834K(524288K)] 648424K->46834K(702464K), [Metaspace: 44682K->44682K(1087488K)], 0.3169771 secs] [Times: user=3.66 sys=0.01, real=0.32 secs] 
2016-09-13T20:22:14.168-0400: 247.153: [GC (GCLocker Initiated GC) [PSYoungGen: 102400K->52701K(182272K)] 149356K->99658K(706560K), 0.0154335 secs] [Times: user=0.15 sys=0.00, real=0.01 secs] 
2016-09-13T20:22:14.305-0400: 247.289: [GC (GCLocker Initiated GC) [PSYoungGen: 160733K->63020K(171520K)] 207987K->121533K(695808K), 0.0096133 secs] [Times: user=0.12 sys=0.00, real=0.01 secs] 
2016-09-13T20:22:14.444-0400: 247.428: [GC (GCLocker Initiated GC) [PSYoungGen: 171052K->15869K(179712K)] 229588K->74550K(704000K), 0.0137057 secs] [Times: user=0.17 sys=0.00, real=0.02 secs] 
2016-09-13T20:22:14.570-0400: 247.554: [GC (GCLocker Initiated GC) [PSYoungGen: 115197K->32549K(132096K)] 174028K->93074K(656384K), 0.0047673 secs] [Times: user=0.04 sys=0.00, real=0.00 secs] 
2016-09-13T20:22:14.706-0400: 247.691: [GC (GCLocker Initiated GC) [PSYoungGen: 131877K->50934K(178176K)] 192648K->111850K(702464K), 0.0258295 secs] [Times: user=0.28 sys=0.00, real=0.03 secs] 
2016-09-13T20:22:14.899-0400: 247.884: [GC (GCLocker Initiated GC) [PSYoungGen: 150774K->44736K(178688K)] 213355K->107547K(702976K), 0.0247884 secs] [Times: user=0.28 sys=0.00, real=0.02 secs] 
2016-09-13T20:22:15.062-0400: 248.047: [GC (GCLocker Initiated GC) [PSYoungGen: 144576K->43212K(178688K)] 207649K->106569K(702976K), 0.0487904 secs] [Times: user=0.55 sys=0.01, real=0.05 secs] 
2016-09-13T20:22:15.251-0400: 248.236: [GC (GCLocker Initiated GC) [PSYoungGen: 149708K->15810K(180224K)] 225444K->91799K(704512K), 0.0098513 secs] [Times: user=0.08 sys=0.00, real=0.01 secs] 
2016-09-13T20:22:15.449-0400: 248.434: [GC (GCLocker Initiated GC) [PSYoungGen: 122306K->27961K(186368K)] 210662K->116468K(710656K), 0.0094669 secs] [Times: user=0.07 sys=0.00, real=0.01 secs] 
2016-09-13T20:22:15.642-0400: 248.627: [GC (GCLocker Initiated GC) [PSYoungGen: 141625K->47646K(186880K)] 230149K->136277K(711168K), 0.0244308 secs] [Times: user=0.25 sys=0.01, real=0.02 secs] 
2016-09-13T20:22:15.822-0400: 248.807: [GC (GCLocker Initiated GC) [PSYoungGen: 161310K->29521K(185856K)] 251484K->121376K(710144K), 0.0250605 secs] [Times: user=0.27 sys=0.00, real=0.02 secs] 
2016-09-13T20:22:16.030-0400: 249.014: [GC (GCLocker Initiated GC) [PSYoungGen: 145233K->41666K(187392K)] 238841K->146140K(711680K), 0.0095487 secs] [Times: user=0.10 sys=0.01, real=0.01 secs] 
2016-09-13T20:22:16.200-0400: 249.185: [GC (GCLocker Initiated GC) [PSYoungGen: 157378K->35650K(185856K)] 263373K->141776K(710144K), 0.0109632 secs] [Times: user=0.13 sys=0.00, real=0.01 secs] 
2016-09-13T20:22:16.397-0400: 249.381: [GC (GCLocker Initiated GC) [PSYoungGen: 156482K->49414K(187904K)] 262634K->155881K(712192K), 0.0082223 secs] [Times: user=0.09 sys=0.00, real=0.00 secs] 
2016-09-13T20:22:16.570-0400: 249.555: [GC (GCLocker Initiated GC) [PSYoungGen: 170246K->26671K(194560K)] 276883K->153380K(718848K), 0.0086849 secs] [Times: user=0.10 sys=0.00, real=0.01 secs] 
2016-09-13T20:22:16.782-0400: 249.767: [GC (GCLocker Initiated GC) [PSYoungGen: 153135K->35715K(162304K)] 282915K->165662K(686592K), 0.0098552 secs] [Times: user=0.13 sys=0.00, real=0.01 secs] 
2016-09-13T20:22:17.006-0400: 249.990: [GC (GCLocker Initiated GC) [PSYoungGen: 162179K->40205K(193536K)] 292238K->171996K(717824K), 0.0143518 secs] [Times: user=0.12 sys=0.01, real=0.02 secs] 
2016-09-13T20:22:17.209-0400: 250.194: [GC (Allocation Failure) [PSYoungGen: 168717K->46441K(191488K)] 302052K->184629K(715776K), 0.0129751 secs] [Times: user=0.16 sys=0.00, real=0.01 secs] 
2016-09-13T20:22:17.404-0400: 250.389: [GC (GCLocker Initiated GC) [PSYoungGen: 174953K->34287K(196096K)] 313144K->180336K(720384K), 0.0150719 secs] [Times: user=0.21 sys=0.01, real=0.02 secs] 
2016-09-13T20:22:17.639-0400: 250.624: [GC (GCLocker Initiated GC) [PSYoungGen: 169455K->28088K(197120K)] 315685K->174521K(721408K), 0.0055588 secs] [Times: user=0.05 sys=0.01, real=0.00 secs] 
2016-09-13T20:22:17.853-0400: 250.838: [GC (Allocation Failure) [PSYoungGen: 163256K->9921K(196608K)] 322099K->168949K(720896K), 0.0236527 secs] [Times: user=0.20 sys=0.00, real=0.03 secs] 
2016-09-13T20:22:18.087-0400: 251.072: [GC (GCLocker Initiated GC) [PSYoungGen: 139211K->27929K(198656K)] 304315K->193207K(722944K), 0.0214901 secs] [Times: user=0.21 sys=0.01, real=0.03 secs] 
2016-09-13T20:22:18.299-0400: 251.284: [GC (GCLocker Initiated GC) [PSYoungGen: 163097K->61591K(184832K)] 328424K->233132K(709120K), 0.0217823 secs] [Times: user=0.20 sys=0.02, real=0.02 secs] 
2016-09-13T20:22:18.498-0400: 251.483: [GC (GCLocker Initiated GC) [PSYoungGen: 184471K->46281K(192512K)] 356093K->219713K(716800K), 0.0120901 secs] [Times: user=0.13 sys=0.00, real=0.01 secs] 
2016-09-13T20:22:18.687-0400: 251.672: [GC (GCLocker Initiated GC) [PSYoungGen: 169161K->37323K(186368K)] 348683K->218589K(710656K), 0.0109973 secs] [Times: user=0.12 sys=0.00, real=0.02 secs] 
2016-09-13T20:22:18.926-0400: 251.911: [GC (GCLocker Initiated GC) [PSYoungGen: 160203K->28098K(189440K)] 347800K->215940K(713728K), 0.0197518 secs] [Times: user=0.15 sys=0.00, real=0.02 secs] 
2016-09-13T20:22:19.104-0400: 252.089: [GC (GCLocker Initiated GC) [PSYoungGen: 150978K->44667K(194560K)] 340409K->234225K(718848K), 0.0158441 secs] [Times: user=0.16 sys=0.00, real=0.02 secs] 
2016-09-13T20:22:19.318-0400: 252.303: [GC (GCLocker Initiated GC) [PSYoungGen: 174715K->46504K(195584K)] 364415K->247171K(719872K), 0.0071327 secs] [Times: user=0.06 sys=0.00, real=0.00 secs] 
2016-09-13T20:22:19.529-0400: 252.514: [GC (GCLocker Initiated GC) [PSYoungGen: 176552K->43340K(195072K)] 378972K->249109K(719360K), 0.0183149 secs] [Times: user=0.20 sys=0.00, real=0.02 secs] 
2016-09-13T20:22:19.723-0400: 252.708: [GC (GCLocker Initiated GC) [PSYoungGen: 173900K->47869K(195584K)] 379887K->254019K(719872K), 0.0131613 secs] [Times: user=0.16 sys=0.00, real=0.02 secs] 
2016-09-13T20:22:19.971-0400: 252.955: [GC (GCLocker Initiated GC) [PSYoungGen: 178429K->23495K(196096K)] 393944K->239132K(720384K), 0.0070825 secs] [Times: user=0.05 sys=0.00, real=0.01 secs] 
2016-09-13T20:22:20.188-0400: 253.173: [GC (GCLocker Initiated GC) [PSYoungGen: 153543K->24864K(155136K)] 370755K->242336K(679424K), 0.0133956 secs] [Times: user=0.11 sys=0.00, real=0.01 secs] 
2016-09-13T20:22:20.412-0400: 253.397: [GC (GCLocker Initiated GC) [PSYoungGen: 154912K->32677K(197632K)] 380012K->257943K(721920K), 0.0048001 secs] [Times: user=0.04 sys=0.00, real=0.01 secs] 
2016-09-13T20:22:20.627-0400: 253.612: [GC (GCLocker Initiated GC) [PSYoungGen: 164773K->28147K(160256K)] 390065K->255160K(684544K), 0.0064326 secs] [Times: user=0.03 sys=0.01, real=0.01 secs] 
2016-09-13T20:22:20.843-0400: 253.828: [GC (GCLocker Initiated GC) [PSYoungGen: 160243K->17552K(194560K)] 393504K->258616K(718848K), 0.0245321 secs] [Times: user=0.28 sys=0.00, real=0.03 secs] 
2016-09-13T20:22:21.048-0400: 254.033: [GC (GCLocker Initiated GC) [PSYoungGen: 150160K->43270K(195072K)] 391333K->284548K(719360K), 0.0231170 secs] [Times: user=0.23 sys=0.01, real=0.02 secs] 
2016-09-13T20:22:21.271-0400: 254.255: [GC (GCLocker Initiated GC) [PSYoungGen: 175878K->40142K(199168K)] 417368K->286381K(723456K), 0.0066821 secs] [Times: user=0.06 sys=0.00, real=0.01 secs] 
2016-09-13T20:22:21.502-0400: 254.487: [GC (GCLocker Initiated GC) [PSYoungGen: 176846K->46254K(183296K)] 430946K->300543K(707584K), 0.0072072 secs] [Times: user=0.07 sys=0.00, real=0.01 secs] 
2016-09-13T20:22:21.742-0400: 254.727: [GC (Allocation Failure) [PSYoungGen: 182958K->5614K(194048K)] 444866K->267689K(718336K), 0.0121148 secs] [Times: user=0.14 sys=0.01, real=0.01 secs] 
2016-09-13T20:22:21.943-0400: 254.928: [GC (GCLocker Initiated GC) [PSYoungGen: 135662K->40174K(196096K)] 397738K->302557K(720384K), 0.0069381 secs] [Times: user=0.04 sys=0.01, real=0.01 secs] 
2016-09-13T20:22:22.145-0400: 255.130: [GC (GCLocker Initiated GC) [PSYoungGen: 170222K->9922K(194560K)] 432607K->272532K(718848K), 0.0274266 secs] [Times: user=0.31 sys=0.00, real=0.03 secs] 
2016-09-13T20:22:22.346-0400: 255.331: [GC (GCLocker Initiated GC) [PSYoungGen: 138946K->23468K(152576K)] 406268K->291058K(676864K), 0.0066579 secs] [Times: user=0.06 sys=0.00, real=0.01 secs] 
2016-09-13T20:22:22.572-0400: 255.556: [GC (GCLocker Initiated GC) [PSYoungGen: 152492K->49261K(190464K)] 420294K->317202K(714752K), 0.0069646 secs] [Times: user=0.05 sys=0.00, real=0.01 secs] 
2016-09-13T20:22:22.779-0400: 255.764: [GC (Allocation Failure) [PSYoungGen: 175213K->25077K(194048K)] 443241K->293220K(718336K), 0.0110619 secs] [Times: user=0.08 sys=0.00, real=0.01 secs] 
2016-09-13T20:22:22.985-0400: 255.970: [GC (GCLocker Initiated GC) [PSYoungGen: 150917K->20425K(190976K)] 420579K->293353K(715264K), 0.0239584 secs] [Times: user=0.21 sys=0.00, real=0.03 secs] 
2016-09-13T20:22:23.192-0400: 256.177: [GC (GCLocker Initiated GC) [PSYoungGen: 148937K->35859K(193024K)] 421896K->309065K(717312K), 0.0066703 secs] [Times: user=0.07 sys=0.00, real=0.01 secs] 
2016-09-13T20:22:23.403-0400: 256.387: [GC (GCLocker Initiated GC) [PSYoungGen: 164371K->19098K(195072K)] 443674K->313776K(719360K), 0.0069918 secs] [Times: user=0.08 sys=0.00, real=0.01 secs] 
2016-09-13T20:22:23.661-0400: 256.645: [GC (GCLocker Initiated GC) [PSYoungGen: 153754K->44795K(196608K)] 450056K->348932K(720896K), 0.0270384 secs] [Times: user=0.22 sys=0.00, real=0.03 secs] 
2016-09-13T20:22:23.869-0400: 256.854: [GC (GCLocker Initiated GC) [PSYoungGen: 179451K->51052K(189952K)] 483822K->355511K(714240K), 0.0267427 secs] [Times: user=0.28 sys=0.01, real=0.03 secs] 
2016-09-13T20:22:24.051-0400: 257.035: [GC (GCLocker Initiated GC) [PSYoungGen: 177004K->49477K(175616K)] 481469K->354163K(699904K), 0.0217817 secs] [Times: user=0.27 sys=0.01, real=0.02 secs] 
2016-09-13T20:22:24.260-0400: 257.245: [GC (GCLocker Initiated GC) [PSYoungGen: 175429K->41789K(192512K)] 480353K->351707K(716800K), 0.0064101 secs] [Times: user=0.06 sys=0.00, real=0.00 secs] 
2016-09-13T20:22:24.450-0400: 257.435: [GC (Allocation Failure) [PSYoungGen: 163645K->31072K(153088K)] 473770K->341439K(677376K), 0.0079288 secs] [Times: user=0.08 sys=0.00, real=0.01 secs] 
2016-09-13T20:22:24.644-0400: 257.628: [GC (GCLocker Initiated GC) [PSYoungGen: 152928K->26638K(190464K)] 463297K->340227K(714752K), 0.0161598 secs] [Times: user=0.20 sys=0.00, real=0.02 secs] 
2016-09-13T20:22:24.854-0400: 257.839: [GC (GCLocker Initiated GC) [PSYoungGen: 150030K->14424K(188928K)] 469708K->334344K(713216K), 0.0123266 secs] [Times: user=0.12 sys=0.00, real=0.01 secs] 
2016-09-13T20:22:25.055-0400: 258.040: [GC (GCLocker Initiated GC) [PSYoungGen: 137816K->23622K(195072K)] 465640K->359249K(719360K), 0.0153867 secs] [Times: user=0.16 sys=0.00, real=0.02 secs] 
2016-09-13T20:22:25.277-0400: 258.261: [GC (GCLocker Initiated GC) [PSYoungGen: 154694K->40079K(195072K)] 490353K->375897K(719360K), 0.0072572 secs] [Times: user=0.05 sys=0.00, real=0.00 secs] 
2016-09-13T20:22:25.485-0400: 258.470: [GC (GCLocker Initiated GC) [PSYoungGen: 171151K->55459K(187904K)] 506994K->391566K(712192K), 0.0083490 secs] [Times: user=0.09 sys=0.00, real=0.01 secs] 
2016-09-13T20:22:25.692-0400: 258.676: [GC (GCLocker Initiated GC) [PSYoungGen: 179363K->48019K(172032K)] 517019K->390402K(696320K), 0.0076994 secs] [Times: user=0.07 sys=0.01, real=0.01 secs] 
2016-09-13T20:22:25.887-0400: 258.872: [GC (Allocation Failure) [PSYoungGen: 171923K->26573K(193024K)] 520557K->389086K(717312K), 0.0168135 secs] [Times: user=0.13 sys=0.00, real=0.02 secs] 
2016-09-13T20:22:26.086-0400: 259.070: [GC (GCLocker Initiated GC) [PSYoungGen: 143201K->31194K(153600K)] 511789K->400007K(677888K), 0.0079682 secs] [Times: user=0.07 sys=0.00, real=0.01 secs] 
2016-09-13T20:22:26.300-0400: 259.285: [GC (GCLocker Initiated GC) [PSYoungGen: 153562K->34286K(191488K)] 528642K->409548K(715776K), 0.0160678 secs] [Times: user=0.18 sys=0.00, real=0.02 secs] 
2016-09-13T20:22:26.498-0400: 259.483: [GC (GCLocker Initiated GC) [PSYoungGen: 159726K->46222K(188416K)] 541297K->427915K(712704K), 0.0101645 secs] [Times: user=0.06 sys=0.00, real=0.01 secs] 
2016-09-13T20:22:26.723-0400: 259.708: [GC (GCLocker Initiated GC) [PSYoungGen: 171662K->23745K(198144K)] 561060K->413361K(722432K), 0.0096355 secs] [Times: user=0.10 sys=0.01, real=0.01 secs] 
2016-09-13T20:22:26.922-0400: 259.906: [GC (GCLocker Initiated GC) [PSYoungGen: 157377K->46531K(180224K)] 547035K->436540K(704512K), 0.0070482 secs] [Times: user=0.07 sys=0.00, real=0.01 secs] 
2016-09-13T20:22:27.174-0400: 260.159: [GC (GCLocker Initiated GC) [PSYoungGen: 180163K->32619K(199168K)] 570350K->422988K(723456K), 0.0222259 secs] [Times: user=0.30 sys=0.00, real=0.03 secs] 
2016-09-13T20:22:27.396-0400: 260.381: [GC (Allocation Failure) [PSYoungGen: 166251K->28030K(161792K)] 556785K->418628K(686080K), 0.0051986 secs] [Times: user=0.03 sys=0.00, real=0.00 secs] 
2016-09-13T20:22:27.588-0400: 260.572: [GC (GCLocker Initiated GC) [PSYoungGen: 161662K->29602K(196608K)] 552267K->426444K(720896K), 0.0108079 secs] [Times: user=0.08 sys=0.00, real=0.02 secs] 
2016-09-13T20:22:27.814-0400: 260.799: [GC (Allocation Failure) [PSYoungGen: 164770K->29448K(195072K)] 563310K->428240K(719360K), 0.0219787 secs] [Times: user=0.21 sys=0.00, real=0.03 secs] 
2016-09-13T20:22:28.041-0400: 261.026: [GC (GCLocker Initiated GC) [PSYoungGen: 164616K->26377K(199680K)] 563408K->425250K(723968K), 0.0060672 secs] [Times: user=0.04 sys=0.00, real=0.01 secs] 
2016-09-13T20:22:28.251-0400: 261.236: [GC (GCLocker Initiated GC) [PSYoungGen: 168201K->27997K(198656K)] 573417K->433385K(722944K), 0.0307742 secs] [Times: user=0.29 sys=0.00, real=0.03 secs] 
2016-09-13T20:22:28.499-0400: 261.483: [GC (GCLocker Initiated GC) [PSYoungGen: 169821K->31067K(203264K)] 587720K->449215K(727552K), 0.0187443 secs] [Times: user=0.24 sys=0.01, real=0.02 secs] 
2016-09-13T20:22:28.756-0400: 261.740: [GC (Allocation Failure) [PSYoungGen: 180571K->41507K(202752K)] 598962K->460042K(727040K), 0.0180327 secs] [Times: user=0.16 sys=0.00, real=0.01 secs] 
2016-09-13T20:22:29.002-0400: 261.986: [GC (GCLocker Initiated GC) [PSYoungGen: 190414K->19041K(207360K)] 615024K->443738K(731648K), 0.0105909 secs] [Times: user=0.12 sys=0.00, real=0.01 secs] 
2016-09-13T20:22:29.247-0400: 262.231: [GC (GCLocker Initiated GC) [PSYoungGen: 171617K->29639K(182272K)] 602464K->460649K(706560K), 0.0229993 secs] [Times: user=0.20 sys=0.00, real=0.03 secs] 
2016-09-13T20:22:29.489-0400: 262.473: [GC (GCLocker Initiated GC) [PSYoungGen: 182215K->52356K(198656K)] 613253K->495757K(722944K), 0.0310022 secs] [Times: user=0.30 sys=0.01, real=0.03 secs] 
2016-09-13T20:22:29.746-0400: 262.730: [GC (GCLocker Initiated GC) [PSYoungGen: 197764K->23653K(203776K)] 644281K->479417K(728064K), 0.0073563 secs] [Times: user=0.07 sys=0.00, real=0.01 secs] 
2016-09-13T20:22:29.989-0400: 262.973: [GC (GCLocker Initiated GC) [PSYoungGen: 169061K->25141K(201216K)] 624923K->499603K(725504K), 0.0068002 secs] [Times: user=0.06 sys=0.00, real=0.00 secs] 
2016-09-13T20:22:30.224-0400: 263.208: [GC (Allocation Failure) [PSYoungGen: 171061K->23368K(202752K)] 647211K->499711K(727040K), 0.0189393 secs] [Times: user=0.18 sys=0.00, real=0.02 secs] 
2016-09-13T20:22:30.460-0400: 263.445: [GC (GCLocker Initiated GC) [PSYoungGen: 168401K->41811K(203264K)] 646263K->519828K(727552K), 0.0067466 secs] [Times: user=0.09 sys=0.00, real=0.00 secs] 
2016-09-13T20:22:30.698-0400: 263.683: [GC (GCLocker Initiated GC) [PSYoungGen: 189267K->23606K(204800K)] 682663K->517156K(729088K), 0.0062589 secs] [Times: user=0.07 sys=0.00, real=0.00 secs] 
2016-09-13T20:22:30.946-0400: 263.931: [GC (GCLocker Initiated GC) [PSYoungGen: 171062K->41699K(203776K)] 666393K->537248K(728064K), 0.0072252 secs] [Times: user=0.09 sys=0.00, real=0.01 secs] 
2016-09-13T20:22:31.218-0400: 264.203: [GC (GCLocker Initiated GC) [PSYoungGen: 189155K->17584K(204800K)] 691037K->519679K(729088K), 0.0037104 secs] [Times: user=0.04 sys=0.00, real=0.00 secs] 
2016-09-13T20:22:31.448-0400: 264.433: [Full GC (Ergonomics) [PSYoungGen: 165040K->0K(204800K)] [ParOldGen: 515928K->39808K(524288K)] 680969K->39808K(729088K), [Metaspace: 44695K->44695K(1087488K)], 0.0589781 secs] [Times: user=0.26 sys=0.01, real=0.05 secs] 
2016-09-13T20:22:31.741-0400: 264.725: [GC (GCLocker Initiated GC) [PSYoungGen: 147456K->55739K(191488K)] 187450K->95734K(715776K), 0.0104459 secs] [Times: user=0.12 sys=0.00, real=0.01 secs] 
2016-09-13T20:22:31.951-0400: 264.936: [GC (GCLocker Initiated GC) [PSYoungGen: 189883K->32709K(198144K)] 236106K->100644K(722432K), 0.0136582 secs] [Times: user=0.15 sys=0.00, real=0.01 secs] 
2016-09-13T20:22:32.149-0400: 265.134: [GC (Allocation Failure) [PSYoungGen: 166853K->5147K(197120K)] 237855K->76280K(721408K), 0.0309082 secs] [Times: user=0.24 sys=0.00, real=0.03 secs] 
2016-09-13T20:22:32.374-0400: 265.359: [GC (GCLocker Initiated GC) [PSYoungGen: 141339K->31035K(167424K)] 212475K->102389K(691712K), 0.0227355 secs] [Times: user=0.23 sys=0.00, real=0.03 secs] 
2016-09-13T20:22:32.607-0400: 265.591: [GC (GCLocker Initiated GC) [PSYoungGen: 167227K->14378K(198144K)] 244674K->91888K(722432K), 0.0093894 secs] [Times: user=0.08 sys=0.00, real=0.02 secs] 
2016-09-13T20:22:32.838-0400: 265.823: [GC (Allocation Failure) [PSYoungGen: 152618K->27992K(198144K)] 230282K->110500K(722432K), 0.0128620 secs] [Times: user=0.12 sys=0.00, real=0.01 secs] 
2016-09-13T20:22:33.045-0400: 266.030: [GC (GCLocker Initiated GC) [PSYoungGen: 163259K->24981K(200192K)] 251842K->118397K(724480K), 0.0159115 secs] [Times: user=0.17 sys=0.00, real=0.02 secs] 
2016-09-13T20:22:33.279-0400: 266.264: [GC (GCLocker Initiated GC) [PSYoungGen: 169365K->49132K(199168K)] 263041K->142950K(723456K), 0.0204628 secs] [Times: user=0.19 sys=0.00, real=0.02 secs] 
2016-09-13T20:22:33.521-0400: 266.506: [GC (GCLocker Initiated GC) [PSYoungGen: 193516K->23495K(203776K)] 295121K->131301K(728064K), 0.0324274 secs] [Times: user=0.28 sys=0.00, real=0.03 secs] 
2016-09-13T20:22:33.756-0400: 266.741: [GC (GCLocker Initiated GC) [PSYoungGen: 167367K->46191K(190464K)] 275425K->154462K(714752K), 0.0058838 secs] [Times: user=0.05 sys=0.00, real=0.00 secs] 
2016-09-13T20:22:34.003-0400: 266.987: [GC (GCLocker Initiated GC) [PSYoungGen: 190063K->28115K(203264K)] 304446K->142578K(727552K), 0.0156526 secs] [Times: user=0.14 sys=0.00, real=0.02 secs] 
2016-09-13T20:22:34.266-0400: 267.250: [GC (GCLocker Initiated GC) [PSYoungGen: 169939K->46127K(188416K)] 286046K->162364K(712704K), 0.0223497 secs] [Times: user=0.21 sys=0.00, real=0.03 secs] 
2016-09-13T20:22:34.494-0400: 267.479: [GC (GCLocker Initiated GC) [PSYoungGen: 187951K->55677K(188928K)] 304214K->173660K(713216K), 0.0231081 secs] [Times: user=0.26 sys=0.00, real=0.03 secs] 
2016-09-13T20:22:34.698-0400: 267.683: [GC (GCLocker Initiated GC) [PSYoungGen: 182653K->27961K(194560K)] 314419K->164576K(718848K), 0.0047402 secs] [Times: user=0.03 sys=0.00, real=0.00 secs] 
2016-09-13T20:22:34.896-0400: 267.881: [GC (GCLocker Initiated GC) [PSYoungGen: 154937K->60237K(183296K)] 291672K->201766K(707584K), 0.0099567 secs] [Times: user=0.14 sys=0.00, real=0.00 secs] 
2016-09-13T20:22:35.103-0400: 268.088: [GC (Allocation Failure) [PSYoungGen: 177997K->32677K(189952K)] 320001K->175057K(714240K), 0.0128476 secs] [Times: user=0.16 sys=0.01, real=0.02 secs] 
2016-09-13T20:22:35.303-0400: 268.288: [GC (Allocation Failure) [PSYoungGen: 150437K->46256K(187904K)] 292817K->188782K(712192K), 0.0188669 secs] [Times: user=0.19 sys=0.00, real=0.02 secs] 
2016-09-13T20:22:35.485-0400: 268.470: [GC (GCLocker Initiated GC) [PSYoungGen: 163534K->28147K(190464K)] 312135K->176926K(714752K), 0.0193625 secs] [Times: user=0.24 sys=0.00, real=0.02 secs] 
2016-09-13T20:22:35.682-0400: 268.666: [GC (Allocation Failure) [PSYoungGen: 148979K->55649K(186880K)] 297935K->204913K(711168K), 0.0072660 secs] [Times: user=0.07 sys=0.00, real=0.01 secs] 
2016-09-13T20:22:35.851-0400: 268.836: [GC (GCLocker Initiated GC) [PSYoungGen: 173902K->46478K(190464K)] 324684K->205191K(714752K), 0.0081862 secs] [Times: user=0.10 sys=0.00, real=0.01 secs] 
2016-09-13T20:22:36.049-0400: 269.034: [GC (GCLocker Initiated GC) [PSYoungGen: 165262K->46440K(189440K)] 325720K->207183K(713728K), 0.0089044 secs] [Times: user=0.09 sys=0.00, real=0.01 secs] 
2016-09-13T20:22:36.259-0400: 269.243: [GC (Allocation Failure) [PSYoungGen: 165224K->46181K(189952K)] 325989K->207080K(714240K), 0.0106497 secs] [Times: user=0.09 sys=0.01, real=0.01 secs] 
2016-09-13T20:22:36.454-0400: 269.439: [GC (GCLocker Initiated GC) [PSYoungGen: 164206K->46223K(190464K)] 326624K->214945K(714752K), 0.0159789 secs] [Times: user=0.16 sys=0.00, real=0.02 secs] 
2016-09-13T20:22:36.653-0400: 269.637: [GC (GCLocker Initiated GC) [PSYoungGen: 167055K->56790K(177664K)] 338934K->228937K(701952K), 0.0250491 secs] [Times: user=0.23 sys=0.00, real=0.03 secs] 
2016-09-13T20:22:36.846-0400: 269.830: [GC (GCLocker Initiated GC) [PSYoungGen: 177622K->32734K(190976K)] 355992K->211290K(715264K), 0.0310230 secs] [Times: user=0.30 sys=0.00, real=0.04 secs] 
2016-09-13T20:22:37.049-0400: 270.034: [GC (GCLocker Initiated GC) [PSYoungGen: 151518K->24956K(189952K)] 336306K->209953K(714240K), 0.0164030 secs] [Times: user=0.18 sys=0.01, real=0.01 secs] 
2016-09-13T20:22:37.251-0400: 270.236: [GC (GCLocker Initiated GC) [PSYoungGen: 143740K->21758K(189952K)] 334951K->213076K(714240K), 0.0091844 secs] [Times: user=0.07 sys=0.01, real=0.01 secs] 
2016-09-13T20:22:37.458-0400: 270.443: [GC (GCLocker Initiated GC) [PSYoungGen: 140542K->10016K(129024K)] 345671K->215267K(653312K), 0.0301937 secs] [Times: user=0.31 sys=0.00, real=0.03 secs] 
2016-09-13T20:22:37.703-0400: 270.688: [GC (GCLocker Initiated GC) [PSYoungGen: 128800K->38464K(192000K)] 346384K->256371K(716288K), 0.0135380 secs] [Times: user=0.11 sys=0.00, real=0.02 secs] 
2016-09-13T20:22:37.901-0400: 270.886: [GC (GCLocker Initiated GC) [PSYoungGen: 157760K->43307K(162816K)] 377302K->262964K(687104K), 0.0410216 secs] [Times: user=0.42 sys=0.00, real=0.04 secs] 
2016-09-13T20:22:38.091-0400: 271.076: [GC (GCLocker Initiated GC) [PSYoungGen: 162603K->34105K(192000K)] 388357K->260209K(716288K), 0.0120669 secs] [Times: user=0.13 sys=0.01, real=0.01 secs] 
2016-09-13T20:22:38.277-0400: 271.262: [GC (Allocation Failure) [PSYoungGen: 156473K->50934K(188928K)] 382652K->286330K(713216K), 0.0333192 secs] [Times: user=0.36 sys=0.00, real=0.03 secs] 
2016-09-13T20:22:38.486-0400: 271.471: [GC (GCLocker Initiated GC) [PSYoungGen: 173302K->46218K(193024K)] 408761K->289422K(717312K), 0.0096673 secs] [Times: user=0.08 sys=0.00, real=0.02 secs] 
2016-09-13T20:22:38.673-0400: 271.658: [GC (GCLocker Initiated GC) [PSYoungGen: 170122K->47676K(172032K)] 413454K->291115K(696320K), 0.0332668 secs] [Times: user=0.31 sys=0.01, real=0.03 secs] 
2016-09-13T20:22:38.885-0400: 271.870: [GC (GCLocker Initiated GC) [PSYoungGen: 171580K->40174K(195584K)] 415033K->283852K(719872K), 0.0069834 secs] [Times: user=0.06 sys=0.00, real=0.01 secs] 
2016-09-13T20:22:39.077-0400: 272.061: [GC (GCLocker Initiated GC) [PSYoungGen: 166126K->42006K(168448K)] 412905K->289053K(692736K), 0.0277964 secs] [Times: user=0.32 sys=0.00, real=0.02 secs] 
2016-09-13T20:22:39.298-0400: 272.282: [GC (GCLocker Initiated GC) [PSYoungGen: 167958K->40153K(193536K)] 427192K->299750K(717824K), 0.0195758 secs] [Times: user=0.24 sys=0.00, real=0.02 secs] 
2016-09-13T20:22:39.502-0400: 272.486: [GC (Allocation Failure) [PSYoungGen: 168665K->25077K(190976K)] 429889K->298548K(715264K), 0.0366014 secs] [Times: user=0.45 sys=0.01, real=0.04 secs] 
2016-09-13T20:22:39.724-0400: 272.708: [GC (GCLocker Initiated GC) [PSYoungGen: 153589K->41880K(198656K)] 427066K->315656K(722944K), 0.0082802 secs] [Times: user=0.09 sys=0.00, real=0.01 secs] 
2016-09-13T20:22:39.948-0400: 272.933: [GC (GCLocker Initiated GC) [PSYoungGen: 177560K->44539K(197632K)] 451355K->318579K(721920K), 0.0078848 secs] [Times: user=0.07 sys=0.00, real=0.01 secs] 
2016-09-13T20:22:40.177-0400: 273.161: [GC (GCLocker Initiated GC) [PSYoungGen: 180219K->23345K(198144K)] 463509K->309811K(722432K), 0.0165031 secs] [Times: user=0.17 sys=0.00, real=0.01 secs] 
2016-09-13T20:22:40.401-0400: 273.385: [GC (GCLocker Initiated GC) [PSYoungGen: 160049K->32521K(198656K)] 448109K->338948K(722944K), 0.0338432 secs] [Times: user=0.34 sys=0.01, real=0.03 secs] 
2016-09-13T20:22:40.633-0400: 273.618: [GC (GCLocker Initiated GC) [PSYoungGen: 169225K->59982K(189440K)] 475825K->407798K(713728K), 0.0111389 secs] [Times: user=0.08 sys=0.01, real=0.01 secs] 
2016-09-13T20:22:40.842-0400: 273.827: [GC (Allocation Failure) [PSYoungGen: 189006K->28215K(195584K)] 538525K->396148K(719872K), 0.0147995 secs] [Times: user=0.16 sys=0.00, real=0.02 secs] 
2016-09-13T20:22:41.041-0400: 274.026: [GC (GCLocker Initiated GC) [PSYoungGen: 157239K->27929K(193024K)] 525174K->396082K(717312K), 0.0190561 secs] [Times: user=0.18 sys=0.00, real=0.02 secs] 
2016-09-13T20:22:41.269-0400: 274.253: [GC (GCLocker Initiated GC) [PSYoungGen: 157465K->50620K(194560K)] 525643K->418936K(718848K), 0.0576333 secs] [Times: user=0.60 sys=0.01, real=0.05 secs] 
2016-09-13T20:22:41.501-0400: 274.486: [GC (GCLocker Initiated GC) [PSYoungGen: 180156K->26319K(195584K)] 554793K->408606K(719872K), 0.0144050 secs] [Times: user=0.13 sys=0.00, real=0.02 secs] 
2016-09-13T20:22:41.681-0400: 274.666: [GC (GCLocker Initiated GC) [PSYoungGen: 154831K->46403K(195072K)] 537140K->428859K(719360K), 0.0070762 secs] [Times: user=0.05 sys=0.01, real=0.01 secs] 
2016-09-13T20:22:41.858-0400: 274.843: [GC (GCLocker Initiated GC) [PSYoungGen: 174915K->41629K(192000K)] 557631K->427830K(716288K), 0.0177981 secs] [Times: user=0.18 sys=0.00, real=0.02 secs] 
2016-09-13T20:22:42.098-0400: 275.082: [GC (GCLocker Initiated GC) [PSYoungGen: 170141K->24891K(193536K)] 571777K->426670K(717824K), 0.0073699 secs] [Times: user=0.05 sys=0.00, real=0.00 secs] 
2016-09-13T20:22:42.335-0400: 275.319: [GC (Allocation Failure) [PSYoungGen: 153403K->34073K(193024K)] 555207K->435999K(717312K), 0.0228155 secs] [Times: user=0.24 sys=0.00, real=0.03 secs] 
2016-09-13T20:22:42.528-0400: 275.512: [GC (GCLocker Initiated GC) [PSYoungGen: 166169K->44731K(195072K)] 568098K->452895K(719360K), 0.0129603 secs] [Times: user=0.11 sys=0.00, real=0.02 secs] 
2016-09-13T20:22:42.719-0400: 275.703: [GC (GCLocker Initiated GC) [PSYoungGen: 176827K->50810K(194048K)] 585049K->459186K(718336K), 0.0127292 secs] [Times: user=0.12 sys=0.00, real=0.01 secs] 
2016-09-13T20:22:42.952-0400: 275.937: [GC (GCLocker Initiated GC) [PSYoungGen: 181882K->27902K(196608K)] 596616K->448963K(720896K), 0.0128147 secs] [Times: user=0.12 sys=0.01, real=0.01 secs] 
2016-09-13T20:22:43.193-0400: 276.178: [GC (GCLocker Initiated GC) [PSYoungGen: 158974K->35655K(191488K)] 580057K->456988K(715776K), 0.0068743 secs] [Times: user=0.07 sys=0.00, real=0.01 secs] 
2016-09-13T20:22:43.412-0400: 276.397: [GC (GCLocker Initiated GC) [PSYoungGen: 167751K->28115K(194560K)] 595307K->463474K(718848K), 0.0072063 secs] [Times: user=0.08 sys=0.00, real=0.01 secs] 
2016-09-13T20:22:43.612-0400: 276.597: [GC (GCLocker Initiated GC) [PSYoungGen: 160211K->43153K(198656K)] 597133K->489413K(722944K), 0.0326007 secs] [Times: user=0.34 sys=0.00, real=0.03 secs] 
2016-09-13T20:22:43.855-0400: 276.840: [GC (Allocation Failure) [PSYoungGen: 181393K->9948K(148480K)] 639994K->468656K(672768K), 0.0092614 secs] [Times: user=0.08 sys=0.00, real=0.01 secs] 
2016-09-13T20:22:44.065-0400: 277.050: [GC (GCLocker Initiated GC) [PSYoungGen: 148188K->43021K(198144K)] 606901K->506542K(722432K), 0.0127549 secs] [Times: user=0.11 sys=0.00, real=0.02 secs] 
2016-09-13T20:22:44.299-0400: 277.284: [GC (GCLocker Initiated GC) [PSYoungGen: 177165K->38501K(173056K)] 648519K->510001K(697344K), 0.0127658 secs] [Times: user=0.10 sys=0.00, real=0.01 secs] 
2016-09-13T20:22:44.505-0400: 277.490: [GC (GCLocker Initiated GC) [PSYoungGen: 172642K->44794K(196096K)] 646017K->518361K(720384K), 0.0132031 secs] [Times: user=0.14 sys=0.00, real=0.02 secs] 
2016-09-13T20:22:44.742-0400: 277.726: [GC (GCLocker Initiated GC) [PSYoungGen: 178426K->24864K(196608K)] 653703K->504989K(720896K), 0.0091331 secs] [Times: user=0.07 sys=0.01, real=0.01 secs] 
2016-09-13T20:22:44.964-0400: 277.949: [GC (Allocation Failure) [PSYoungGen: 158496K->5270K(194560K)] 646393K->493214K(718848K), 0.0232685 secs] [Times: user=0.23 sys=0.01, real=0.02 secs] 
2016-09-13T20:22:45.184-0400: 278.169: [GC (GCLocker Initiated GC) [PSYoungGen: 136109K->29480K(161792K)] 625573K->519169K(686080K), 0.0297727 secs] [Times: user=0.30 sys=0.00, real=0.03 secs] 
2016-09-13T20:22:45.424-0400: 278.409: [GC (GCLocker Initiated GC) [PSYoungGen: 161576K->38527K(197120K)] 651502K->528526K(721408K), 0.0178189 secs] [Times: user=0.16 sys=0.00, real=0.02 secs] 
2016-09-13T20:22:45.695-0400: 278.680: [GC (GCLocker Initiated GC) [PSYoungGen: 173695K->5174K(196608K)] 682162K->513892K(720896K), 0.0359507 secs] [Times: user=0.36 sys=0.01, real=0.04 secs] 
2016-09-13T20:22:45.890-0400: 278.875: [GC (GCLocker Initiated GC) [PSYoungGen: 140342K->63174K(181248K)] 649357K->579950K(705536K), 0.0092642 secs] [Times: user=0.08 sys=0.01, real=0.01 secs] 
2016-09-13T20:22:45.899-0400: 278.884: [Full GC (Ergonomics) [PSYoungGen: 63174K->0K(181248K)] [ParOldGen: 516775K->47787K(524288K)] 579950K->47787K(705536K), [Metaspace: 44737K->44737K(1087488K)], 0.0571518 secs] [Times: user=0.25 sys=0.01, real=0.06 secs] 
2016-09-13T20:22:46.092-0400: 279.077: [GC (GCLocker Initiated GC) [PSYoungGen: 117760K->49729K(167936K)] 177871K->109840K(692224K), 0.0240584 secs] [Times: user=0.26 sys=0.00, real=0.03 secs] 
2016-09-13T20:22:46.273-0400: 279.257: [GC (GCLocker Initiated GC) [PSYoungGen: 167489K->41821K(188928K)] 227772K->120898K(713216K), 0.0166794 secs] [Times: user=0.16 sys=0.00, real=0.02 secs] 
2016-09-13T20:22:46.456-0400: 279.441: [GC (GCLocker Initiated GC) [PSYoungGen: 155997K->41661K(156160K)] 236875K->122697K(680448K), 0.0289260 secs] [Times: user=0.31 sys=0.00, real=0.02 secs] 
2016-09-13T20:22:46.661-0400: 279.646: [GC (GCLocker Initiated GC) [PSYoungGen: 155837K->11441K(185344K)] 250715K->106493K(709632K), 0.0214468 secs] [Times: user=0.26 sys=0.00, real=0.02 secs] 
2016-09-13T20:22:46.865-0400: 279.850: [GC (GCLocker Initiated GC) [PSYoungGen: 125105K->58495K(172544K)] 220361K->160045K(696832K), 0.0380673 secs] [Times: user=0.43 sys=0.00, real=0.04 secs] 
2016-09-13T20:22:47.068-0400: 280.052: [GC (GCLocker Initiated GC) [PSYoungGen: 172159K->41792K(186368K)] 275278K->145144K(710656K), 0.0093795 secs] [Times: user=0.08 sys=0.01, real=0.02 secs] 
2016-09-13T20:22:47.227-0400: 280.212: [GC (GCLocker Initiated GC) [PSYoungGen: 150336K->32735K(141312K)] 253750K->136448K(665600K), 0.0182089 secs] [Times: user=0.20 sys=0.00, real=0.02 secs] 
2016-09-13T20:22:47.399-0400: 280.384: [GC (GCLocker Initiated GC) [PSYoungGen: 141279K->32613K(183296K)] 245015K->144167K(707584K), 0.0140306 secs] [Times: user=0.15 sys=0.00, real=0.01 secs] 
2016-09-13T20:22:47.564-0400: 280.549: [GC (GCLocker Initiated GC) [PSYoungGen: 143717K->46408K(180736K)] 255423K->164471K(705024K), 0.0125988 secs] [Times: user=0.15 sys=0.00, real=0.02 secs] 
2016-09-13T20:22:47.750-0400: 280.734: [GC (GCLocker Initiated GC) [PSYoungGen: 157512K->41790K(190976K)] 275896K->160442K(715264K), 0.0063652 secs] [Times: user=0.07 sys=0.00, real=0.01 secs] 
2016-09-13T20:22:47.921-0400: 280.906: [GC (GCLocker Initiated GC) [PSYoungGen: 163646K->50939K(190464K)] 282560K->169949K(714752K), 0.0098375 secs] [Times: user=0.13 sys=0.00, real=0.01 secs] 
2016-09-13T20:22:48.153-0400: 281.138: [GC (Allocation Failure) [PSYoungGen: 172795K->5398K(186880K)] 299676K->132484K(711168K), 0.0405610 secs] [Times: user=0.38 sys=0.00, real=0.04 secs] 
2016-09-13T20:22:48.362-0400: 281.347: [GC (GCLocker Initiated GC) [PSYoungGen: 122134K->23495K(189440K)] 249225K->150855K(713728K), 0.0182001 secs] [Times: user=0.17 sys=0.00, real=0.02 secs] 
2016-09-13T20:22:48.529-0400: 281.514: [GC (Allocation Failure) [PSYoungGen: 140231K->27960K(183296K)] 267794K->155691K(707584K), 0.0120461 secs] [Times: user=0.12 sys=0.00, real=0.01 secs] 
2016-09-13T20:22:48.713-0400: 281.698: [GC (GCLocker Initiated GC) [PSYoungGen: 146232K->47614K(186880K)] 273966K->175459K(711168K), 0.0156768 secs] [Times: user=0.12 sys=0.01, real=0.02 secs] 
2016-09-13T20:22:48.899-0400: 281.884: [GC (GCLocker Initiated GC) [PSYoungGen: 165886K->46307K(189952K)] 299904K->180431K(714240K), 0.0146370 secs] [Times: user=0.12 sys=0.00, real=0.01 secs] 
2016-09-13T20:22:49.099-0400: 282.084: [GC (GCLocker Initiated GC) [PSYoungGen: 166115K->47673K(167936K)] 306361K->188234K(692224K), 0.0173306 secs] [Times: user=0.15 sys=0.01, real=0.02 secs] 
2016-09-13T20:22:49.299-0400: 282.283: [GC (GCLocker Initiated GC) [PSYoungGen: 167481K->47736K(189440K)] 315663K->200613K(713728K), 0.0071675 secs] [Times: user=0.06 sys=0.00, real=0.00 secs] 
2016-09-13T20:22:49.498-0400: 282.483: [GC (GCLocker Initiated GC) [PSYoungGen: 165496K->64473K(182272K)] 318511K->219208K(706560K), 0.0084940 secs] [Times: user=0.06 sys=0.00, real=0.00 secs] 
2016-09-13T20:22:49.698-0400: 282.683: [GC (GCLocker Initiated GC) [PSYoungGen: 182233K->44577K(185856K)] 338521K->202714K(710144K), 0.0095181 secs] [Times: user=0.10 sys=0.01, real=0.00 secs] 
2016-09-13T20:22:49.886-0400: 282.871: [GC (GCLocker Initiated GC) [PSYoungGen: 152097K->46195K(154112K)] 310312K->206043K(678400K), 0.0303468 secs] [Times: user=0.31 sys=0.00, real=0.04 secs] 
2016-09-13T20:22:50.047-0400: 283.032: [GC (GCLocker Initiated GC) [PSYoungGen: 153715K->41662K(184832K)] 313589K->201761K(709120K), 0.0095103 secs] [Times: user=0.06 sys=0.02, real=0.02 secs] 
2016-09-13T20:22:50.240-0400: 283.225: [GC (GCLocker Initiated GC) [PSYoungGen: 152254K->32554K(181760K)] 312375K->195917K(706048K), 0.0179067 secs] [Times: user=0.19 sys=0.00, real=0.02 secs] 
2016-09-13T20:22:50.415-0400: 283.400: [GC (GCLocker Initiated GC) [PSYoungGen: 143146K->38714K(188416K)] 306574K->208451K(712704K), 0.0109885 secs] [Times: user=0.11 sys=0.00, real=0.01 secs] 
2016-09-13T20:22:50.614-0400: 283.599: [GC (GCLocker Initiated GC) [PSYoungGen: 158010K->46154K(186880K)] 327939K->226999K(711168K), 0.0100098 secs] [Times: user=0.08 sys=0.00, real=0.01 secs] 
2016-09-13T20:22:50.805-0400: 283.789: [GC (GCLocker Initiated GC) [PSYoungGen: 165450K->32649K(193024K)] 352551K->219888K(717312K), 0.0088219 secs] [Times: user=0.08 sys=0.00, real=0.01 secs] 
2016-09-13T20:22:51.013-0400: 283.998: [GC (GCLocker Initiated GC) [PSYoungGen: 159113K->28030K(192000K)] 346362K->215421K(716288K), 0.0247036 secs] [Times: user=0.31 sys=0.00, real=0.03 secs] 
2016-09-13T20:22:51.241-0400: 284.226: [GC (GCLocker Initiated GC) [PSYoungGen: 154494K->55490K(190464K)] 342055K->243182K(714752K), 0.0124824 secs] [Times: user=0.13 sys=0.00, real=0.01 secs] 
2016-09-13T20:22:51.447-0400: 284.432: [GC (GCLocker Initiated GC) [PSYoungGen: 180418K->25082K(193536K)] 380503K->225427K(717824K), 0.0126310 secs] [Times: user=0.13 sys=0.00, real=0.02 secs] 
2016-09-13T20:22:51.656-0400: 284.641: [GC (Allocation Failure) [PSYoungGen: 150010K->9895K(189440K)] 362953K->223130K(713728K), 0.0244624 secs] [Times: user=0.24 sys=0.00, real=0.02 secs] 
2016-09-13T20:22:51.845-0400: 284.830: [GC (Allocation Failure) [PSYoungGen: 124973K->28238K(191488K)] 338208K->246311K(715776K), 0.0060391 secs] [Times: user=0.07 sys=0.00, real=0.01 secs] 
2016-09-13T20:22:52.039-0400: 285.024: [GC (Allocation Failure) [PSYoungGen: 147633K->28221K(187392K)] 365705K->246464K(711680K), 0.0096031 secs] [Times: user=0.12 sys=0.00, real=0.01 secs] 
2016-09-13T20:22:52.232-0400: 285.216: [GC (GCLocker Initiated GC) [PSYoungGen: 151101K->25084K(189440K)] 369347K->243523K(713728K), 0.0086083 secs] [Times: user=0.06 sys=0.01, real=0.01 secs] 
2016-09-13T20:22:52.427-0400: 285.412: [GC (GCLocker Initiated GC) [PSYoungGen: 147964K->34163K(188928K)] 366425K->252787K(713216K), 0.0071557 secs] [Times: user=0.08 sys=0.00, real=0.01 secs] 
2016-09-13T20:22:52.650-0400: 285.635: [GC (GCLocker Initiated GC) [PSYoungGen: 164723K->9959K(192512K)] 395791K->250306K(716800K), 0.0152271 secs] [Times: user=0.20 sys=0.00, real=0.01 secs] 
2016-09-13T20:22:52.862-0400: 285.847: [GC (Allocation Failure) [PSYoungGen: 140519K->45081K(195584K)] 382594K->287236K(719872K), 0.0129763 secs] [Times: user=0.16 sys=0.00, real=0.01 secs] 
2016-09-13T20:22:53.109-0400: 286.094: [GC (GCLocker Initiated GC) [PSYoungGen: 177177K->47740K(180224K)] 419335K->289970K(704512K), 0.0174062 secs] [Times: user=0.15 sys=0.00, real=0.01 secs] 
2016-09-13T20:22:53.299-0400: 286.284: [GC (GCLocker Initiated GC) [PSYoungGen: 179836K->66117K(177152K)] 422152K->308575K(701440K), 0.0081843 secs] [Times: user=0.06 sys=0.01, real=0.00 secs] 
2016-09-13T20:22:53.465-0400: 286.450: [GC (GCLocker Initiated GC) [PSYoungGen: 175685K->43152K(185856K)] 418324K->286130K(710144K), 0.0416915 secs] [Times: user=0.48 sys=0.00, real=0.04 secs] 
2016-09-13T20:22:53.664-0400: 286.649: [GC (Allocation Failure) [PSYoungGen: 152720K->44730K(181760K)] 395887K->288041K(706048K), 0.0070420 secs] [Times: user=0.04 sys=0.00, real=0.01 secs] 
2016-09-13T20:22:53.673-0400: 286.658: [GC (GCLocker Initiated GC) [PSYoungGen: 44737K->288K(184832K)] 288048K->291083K(709120K), 0.0092332 secs] [Times: user=0.09 sys=0.01, real=0.01 secs] 
2016-09-13T20:22:53.853-0400: 286.837: [GC (GCLocker Initiated GC) [PSYoungGen: 107431K->31056K(184832K)] 404301K->327926K(709120K), 0.0049331 secs] [Times: user=0.03 sys=0.00, real=0.01 secs] 
2016-09-13T20:22:54.035-0400: 287.019: [GC (GCLocker Initiated GC) [PSYoungGen: 143696K->20590K(185344K)] 440624K->345410K(709632K), 0.0096408 secs] [Times: user=0.11 sys=0.00, real=0.01 secs] 
2016-09-13T20:22:54.219-0400: 287.203: [GC (GCLocker Initiated GC) [PSYoungGen: 133230K->43063K(188416K)] 459798K->369825K(712704K), 0.0182332 secs] [Times: user=0.22 sys=0.00, real=0.02 secs] 
2016-09-13T20:22:54.409-0400: 287.394: [GC (Allocation Failure) [PSYoungGen: 160311K->12741K(188416K)] 494739K->350286K(712704K), 0.0072671 secs] [Times: user=0.04 sys=0.01, real=0.01 secs] 
2016-09-13T20:22:54.600-0400: 287.584: [GC (GCLocker Initiated GC) [PSYoungGen: 129989K->29734K(183808K)] 467535K->375147K(708096K), 0.0133741 secs] [Times: user=0.14 sys=0.00, real=0.01 secs] 
2016-09-13T20:22:54.795-0400: 287.780: [GC (GCLocker Initiated GC) [PSYoungGen: 149542K->47828K(187392K)] 494983K->393592K(711680K), 0.0132321 secs] [Times: user=0.12 sys=0.00, real=0.02 secs] 
2016-09-13T20:22:54.977-0400: 287.962: [GC (Allocation Failure) [PSYoungGen: 167636K->26441K(192000K)] 513446K->393645K(716288K), 0.0071030 secs] [Times: user=0.06 sys=0.00, real=0.00 secs] 
2016-09-13T20:22:55.168-0400: 288.153: [GC (GCLocker Initiated GC) [PSYoungGen: 150857K->28142K(192000K)] 518064K->395567K(716288K), 0.0140140 secs] [Times: user=0.12 sys=0.00, real=0.01 secs] 
2016-09-13T20:22:55.384-0400: 288.369: [GC (GCLocker Initiated GC) [PSYoungGen: 152558K->28120K(192000K)] 520005K->395730K(716288K), 0.0100305 secs] [Times: user=0.10 sys=0.00, real=0.01 secs] 
2016-09-13T20:22:55.571-0400: 288.556: [GC (GCLocker Initiated GC) [PSYoungGen: 157656K->23341K(192000K)] 525285K->397270K(716288K), 0.0106589 secs] [Times: user=0.11 sys=0.00, real=0.01 secs] 
2016-09-13T20:22:55.792-0400: 288.777: [GC (Allocation Failure) [PSYoungGen: 152877K->9862K(197632K)] 526820K->393155K(721920K), 0.0126587 secs] [Times: user=0.12 sys=0.00, real=0.01 secs] 
2016-09-13T20:22:56.005-0400: 288.989: [GC (GCLocker Initiated GC) [PSYoungGen: 146566K->35746K(198144K)] 529859K->428514K(722432K), 0.0222848 secs] [Times: user=0.23 sys=0.00, real=0.02 secs] 
2016-09-13T20:22:56.291-0400: 289.276: [GC (GCLocker Initiated GC) [PSYoungGen: 172450K->9853K(200704K)] 577561K->415205K(724992K), 0.0104816 secs] [Times: user=0.12 sys=0.00, real=0.01 secs] 
2016-09-13T20:22:56.513-0400: 289.497: [GC (GCLocker Initiated GC) [PSYoungGen: 149629K->27987K(167936K)] 568933K->447355K(692224K), 0.0204175 secs] [Times: user=0.18 sys=0.00, real=0.02 secs] 
2016-09-13T20:22:56.756-0400: 289.740: [GC (GCLocker Initiated GC) [PSYoungGen: 167763K->54062K(190976K)] 587293K->485888K(715264K), 0.0127048 secs] [Times: user=0.11 sys=0.01, real=0.01 secs] 
2016-09-13T20:22:56.958-0400: 289.942: [GC (GCLocker Initiated GC) [PSYoungGen: 187182K->28370K(197632K)] 626672K->468102K(721920K), 0.0101914 secs] [Times: user=0.13 sys=0.00, real=0.01 secs] 
2016-09-13T20:22:57.184-0400: 290.169: [GC (GCLocker Initiated GC) [PSYoungGen: 161490K->17458K(192512K)] 607316K->468211K(716800K), 0.0101759 secs] [Times: user=0.13 sys=0.00, real=0.01 secs] 
2016-09-13T20:22:57.413-0400: 290.398: [GC (GCLocker Initiated GC) [PSYoungGen: 153650K->50966K(196608K)] 604425K->509522K(720896K), 0.0160034 secs] [Times: user=0.20 sys=0.00, real=0.02 secs] 
2016-09-13T20:22:57.646-0400: 290.631: [GC (GCLocker Initiated GC) [PSYoungGen: 187158K->14670K(197120K)] 657890K->499273K(721408K), 0.0105335 secs] [Times: user=0.14 sys=0.00, real=0.02 secs] 
2016-09-13T20:22:57.857-0400: 290.842: [GC (Allocation Failure) [PSYoungGen: 146254K->26564K(158208K)] 637149K->519188K(682496K), 0.0120208 secs] [Times: user=0.11 sys=0.01, real=0.01 secs] 
2016-09-13T20:22:58.082-0400: 291.067: [GC (GCLocker Initiated GC) [PSYoungGen: 158148K->44667K(190976K)] 650774K->537519K(715264K), 0.0139098 secs] [Times: user=0.13 sys=0.00, real=0.02 secs] 
2016-09-13T20:22:58.279-0400: 291.264: [GC (GCLocker Initiated GC) [PSYoungGen: 173691K->41660K(193536K)] 666708K->534791K(717824K), 0.0215772 secs] [Times: user=0.22 sys=0.01, real=0.02 secs] 
2016-09-13T20:22:58.498-0400: 291.483: [GC (GCLocker Initiated GC) [PSYoungGen: 170684K->24918K(194048K)] 671585K->526091K(718336K), 0.0186007 secs] [Times: user=0.18 sys=0.00, real=0.02 secs] 
2016-09-13T20:22:58.718-0400: 291.703: [GC (Allocation Failure) [PSYoungGen: 157526K->55176K(187904K)] 658953K->556741K(712192K), 0.0251740 secs] [Times: user=0.27 sys=0.00, real=0.02 secs] 
2016-09-13T20:22:58.930-0400: 291.915: [Full GC (Ergonomics) [PSYoungGen: 185272K->0K(187904K)] [ParOldGen: 507640K->48195K(524288K)] 692913K->48195K(712192K), [Metaspace: 44740K->44740K(1087488K)], 0.0687148 secs] [Times: user=0.43 sys=0.00, real=0.07 secs] 
2016-09-13T20:22:59.176-0400: 292.161: [GC (GCLocker Initiated GC) [PSYoungGen: 132608K->26755K(195584K)] 182347K->76494K(719872K), 0.0118608 secs] [Times: user=0.11 sys=0.00, real=0.01 secs] 
2016-09-13T20:22:59.370-0400: 292.354: [GC (GCLocker Initiated GC) [PSYoungGen: 153731K->46250K(193536K)] 203577K->113264K(717824K), 0.0112907 secs] [Times: user=0.11 sys=0.00, real=0.01 secs] 
2016-09-13T20:22:59.582-0400: 292.566: [GC (GCLocker Initiated GC) [PSYoungGen: 173226K->23244K(194048K)] 240388K->95061K(718336K), 0.0225765 secs] [Times: user=0.18 sys=0.00, real=0.02 secs] 
2016-09-13T20:22:59.803-0400: 292.788: [GC (GCLocker Initiated GC) [PSYoungGen: 150732K->28341K(156160K)] 228816K->106710K(680448K), 0.0084583 secs] [Times: user=0.09 sys=0.00, real=0.01 secs] 
2016-09-13T20:22:59.993-0400: 292.977: [GC (GCLocker Initiated GC) [PSYoungGen: 155829K->30935K(196096K)] 235857K->111155K(720384K), 0.0116604 secs] [Times: user=0.10 sys=0.00, real=0.01 secs] 
2016-09-13T20:23:00.222-0400: 293.207: [GC (GCLocker Initiated GC) [PSYoungGen: 163031K->38805K(193024K)] 244959K->131535K(717312K), 0.0184193 secs] [Times: user=0.19 sys=0.00, real=0.02 secs] 
2016-09-13T20:23:00.434-0400: 293.418: [GC (GCLocker Initiated GC) [PSYoungGen: 170901K->55490K(190464K)] 263874K->148756K(714752K), 0.0065981 secs] [Times: user=0.08 sys=0.01, real=0.01 secs] 
2016-09-13T20:23:00.637-0400: 293.622: [GC (Allocation Failure) [PSYoungGen: 185538K->23782K(196096K)] 281973K->120473K(720384K), 0.0060511 secs] [Times: user=0.06 sys=0.00, real=0.00 secs] 
2016-09-13T20:23:00.643-0400: 293.628: [GC (GCLocker Initiated GC) [PSYoungGen: 23791K->128K(192000K)] 120482K->120215K(716288K), 0.0048613 secs] [Times: user=0.06 sys=0.01, real=0.01 secs] 
2016-09-13T20:23:00.845-0400: 293.829: [GC (GCLocker Initiated GC) [PSYoungGen: 127104K->53783K(181248K)] 247191K->173879K(705536K), 0.0178411 secs] [Times: user=0.16 sys=0.00, real=0.02 secs] 
2016-09-13T20:23:01.077-0400: 294.062: [GC (GCLocker Initiated GC) [PSYoungGen: 180759K->8567K(189440K)] 314666K->180837K(713728K), 0.0099149 secs] [Times: user=0.12 sys=0.00, real=0.00 secs] 
2016-09-13T20:23:01.257-0400: 294.242: [GC (Allocation Failure) [PSYoungGen: 125303K->40141K(157184K)] 299183K->217304K(681472K), 0.0257006 secs] [Times: user=0.23 sys=0.00, real=0.02 secs] 
2016-09-13T20:23:01.453-0400: 294.437: [GC (GCLocker Initiated GC) [PSYoungGen: 152230K->14578K(189952K)] 335467K->198186K(714240K), 0.0124807 secs] [Times: user=0.17 sys=0.00, real=0.01 secs] 
2016-09-13T20:23:01.661-0400: 294.645: [GC (GCLocker Initiated GC) [PSYoungGen: 132338K->5115K(188928K)] 329787K->202734K(713216K), 0.0103725 secs] [Times: user=0.11 sys=0.00, real=0.01 secs] 
2016-09-13T20:23:01.856-0400: 294.840: [GC (GCLocker Initiated GC) [PSYoungGen: 122875K->23532K(184832K)] 328401K->229275K(709120K), 0.0067306 secs] [Times: user=0.05 sys=0.00, real=0.00 secs] 
2016-09-13T20:23:02.051-0400: 295.035: [GC (GCLocker Initiated GC) [PSYoungGen: 143340K->31031K(187392K)] 355203K->243028K(711680K), 0.0184106 secs] [Times: user=0.19 sys=0.00, real=0.02 secs] 
2016-09-13T20:23:02.296-0400: 295.281: [GC (GCLocker Initiated GC) [PSYoungGen: 150839K->8216K(193536K)] 376527K->238584K(717824K), 0.0116693 secs] [Times: user=0.11 sys=0.00, real=0.01 secs] 
2016-09-13T20:23:02.501-0400: 295.485: [GC (Allocation Failure) [PSYoungGen: 137752K->21794K(194048K)] 371178K->256967K(718336K), 0.0097507 secs] [Times: user=0.04 sys=0.00, real=0.01 secs] 
2016-09-13T20:23:02.705-0400: 295.689: [GC (GCLocker Initiated GC) [PSYoungGen: 151330K->58490K(183296K)] 386506K->299950K(707584K), 0.0230128 secs] [Times: user=0.23 sys=0.00, real=0.03 secs] 
2016-09-13T20:23:02.904-0400: 295.889: [GC (GCLocker Initiated GC) [PSYoungGen: 180346K->46415K(168448K)] 423551K->289944K(692736K), 0.0118008 secs] [Times: user=0.15 sys=0.01, real=0.02 secs] 
2016-09-13T20:23:03.107-0400: 296.092: [GC (GCLocker Initiated GC) [PSYoungGen: 168271K->44762K(187392K)] 419679K->296333K(711680K), 0.0103346 secs] [Times: user=0.10 sys=0.00, real=0.02 secs] 
2016-09-13T20:23:03.310-0400: 296.295: [GC (GCLocker Initiated GC) [PSYoungGen: 159450K->40211K(188416K)] 414290K->296872K(712704K), 0.0082597 secs] [Times: user=0.05 sys=0.00, real=0.01 secs] 
2016-09-13T20:23:03.481-0400: 296.466: [GC (GCLocker Initiated GC) [PSYoungGen: 154899K->47705K(186368K)] 411605K->304766K(710656K), 0.0171875 secs] [Times: user=0.20 sys=0.00, real=0.02 secs] 
2016-09-13T20:23:03.662-0400: 296.647: [GC (GCLocker Initiated GC) [PSYoungGen: 161369K->51147K(164864K)] 418469K->313072K(689152K), 0.0095452 secs] [Times: user=0.14 sys=0.00, real=0.01 secs] 
2016-09-13T20:23:04.656-0400: 297.640: [GC (Allocation Failure) [PSYoungGen: 164811K->1956K(182272K)] 426737K->270143K(706560K), 0.0149172 secs] [Times: user=0.10 sys=0.00, real=0.01 secs] 
