Java HotSpot(TM) 64-Bit Server VM (25.77-b03) for linux-amd64 JRE (1.8.0_77-b03), built on Mar 20 2016 22:00:46 by "java_re" with gcc 4.3.0 20080428 (Red Hat 4.3.0-8)
Memory: 4k page, physical 264122324k(96855352k free), swap 268399612k(268246128k free)
CommandLine flags: -XX:GCLogFileSize=1048576 -XX:+HeapDumpOnOutOfMemoryError -XX:HeapDumpPath=artifacts/heapdump -XX:InitialHeapSize=805306368 -XX:MaxHeapSize=805306368 -XX:NumberOfGCLogFiles=10 -XX:+PrintGC -XX:+PrintGCDateStamps -XX:+PrintGCDetails -XX:+PrintGCTimeStamps -XX:+UseCompressedClassPointers -XX:+UseCompressedOops -XX:+UseGCLogFileRotation -XX:+UseParallelGC 
2016-09-15T12:06:30.314-0400: 2.128: [GC (Metadata GC Threshold) [PSYoungGen: 121898K->15666K(229376K)] 121898K->15746K(753664K), 0.0209118 secs] [Times: user=0.17 sys=0.03, real=0.02 secs] 
2016-09-15T12:06:30.335-0400: 2.149: [Full GC (Metadata GC Threshold) [PSYoungGen: 15666K->0K(229376K)] [ParOldGen: 80K->14597K(339968K)] 15746K->14597K(569344K), [Metaspace: 21050K->21050K(1067008K)], 0.0382582 secs] [Times: user=0.31 sys=0.02, real=0.04 secs] 
2016-09-15T12:06:32.091-0400: 3.905: [GC (Metadata GC Threshold) [PSYoungGen: 121716K->14833K(229376K)] 136313K->29566K(569344K), 0.0160957 secs] [Times: user=0.09 sys=0.05, real=0.01 secs] 
2016-09-15T12:06:32.107-0400: 3.921: [Full GC (Metadata GC Threshold) [PSYoungGen: 14833K->0K(229376K)] [ParOldGen: 14733K->20286K(524288K)] 29566K->20286K(753664K), [Metaspace: 35082K->35082K(1079296K)], 0.0653115 secs] [Times: user=0.49 sys=0.03, real=0.07 secs] 
2016-09-15T12:06:33.719-0400: 5.532: [GC (GCLocker Initiated GC) [PSYoungGen: 196580K->24108K(229376K)] 222942K->50478K(753664K), 0.0089627 secs] [Times: user=0.11 sys=0.00, real=0.00 secs] 
2016-09-15T12:06:34.703-0400: 6.517: [GC (GCLocker Initiated GC) [PSYoungGen: 220716K->27376K(229376K)] 247447K->66265K(753664K), 0.0210487 secs] [Times: user=0.24 sys=0.02, real=0.02 secs] 
2016-09-15T12:06:35.782-0400: 7.596: [GC (GCLocker Initiated GC) [PSYoungGen: 223984K->27698K(224768K)] 263234K->79106K(749056K), 0.0193525 secs] [Times: user=0.28 sys=0.00, real=0.02 secs] 
2016-09-15T12:06:36.853-0400: 8.667: [GC (Allocation Failure) [PSYoungGen: 224306K->21621K(230400K)] 288208K->85531K(754688K), 0.0074732 secs] [Times: user=0.09 sys=0.00, real=0.01 secs] 
2016-09-15T12:06:37.908-0400: 9.722: [GC (Allocation Failure) [PSYoungGen: 218199K->21515K(218624K)] 282109K->85433K(742912K), 0.0063132 secs] [Times: user=0.07 sys=0.00, real=0.00 secs] 
2016-09-15T12:06:38.352-0400: 10.166: [GC (GCLocker Initiated GC) [PSYoungGen: 218122K->28173K(225792K)] 282046K->158929K(750080K), 0.0094652 secs] [Times: user=0.11 sys=0.03, real=0.01 secs] 
2016-09-15T12:06:38.621-0400: 10.435: [GC (GCLocker Initiated GC) [PSYoungGen: 223245K->28508K(227328K)] 354251K->256722K(751616K), 0.0107125 secs] [Times: user=0.12 sys=0.03, real=0.01 secs] 
2016-09-15T12:06:38.857-0400: 10.671: [GC (GCLocker Initiated GC) [PSYoungGen: 223580K->33775K(186368K)] 464008K->323188K(710656K), 0.0142380 secs] [Times: user=0.15 sys=0.02, real=0.01 secs] 
2016-09-15T12:06:39.075-0400: 10.889: [GC (Allocation Failure) [PSYoungGen: 186351K->52096K(204800K)] 482188K->408691K(729088K), 0.0126004 secs] [Times: user=0.09 sys=0.02, real=0.02 secs] 
2016-09-15T12:06:39.285-0400: 11.099: [GC (GCLocker Initiated GC) [PSYoungGen: 204672K->52124K(188416K)] 561269K->457329K(712704K), 0.0113561 secs] [Times: user=0.11 sys=0.02, real=0.02 secs] 
2016-09-15T12:06:39.485-0400: 11.299: [GC (GCLocker Initiated GC) [PSYoungGen: 183196K->62066K(193536K)] 594535K->512280K(717824K), 0.0110876 secs] [Times: user=0.15 sys=0.01, real=0.02 secs] 
2016-09-15T12:06:39.496-0400: 11.310: [Full GC (Ergonomics) [PSYoungGen: 62066K->0K(193536K)] [ParOldGen: 450214K->44755K(524288K)] 512280K->44755K(717824K), [Metaspace: 43495K->43495K(1085440K)], 0.1681008 secs] [Times: user=2.29 sys=0.01, real=0.16 secs] 
2016-09-15T12:06:39.816-0400: 11.630: [GC (GCLocker Initiated GC) [PSYoungGen: 131072K->68049K(168960K)] 188176K->167686K(693248K), 0.0101245 secs] [Times: user=0.13 sys=0.01, real=0.00 secs] 
2016-09-15T12:06:39.951-0400: 11.765: [GC (GCLocker Initiated GC) [PSYoungGen: 168401K->80231K(180736K)] 274823K->247403K(705024K), 0.0108408 secs] [Times: user=0.16 sys=0.00, real=0.01 secs] 
2016-09-15T12:06:40.083-0400: 11.897: [GC (GCLocker Initiated GC) [PSYoungGen: 180583K->80427K(169472K)] 347814K->296258K(693760K), 0.0121232 secs] [Times: user=0.16 sys=0.01, real=0.01 secs] 
2016-09-15T12:06:40.213-0400: 12.027: [GC (GCLocker Initiated GC) [PSYoungGen: 168491K->86698K(175104K)] 384655K->400062K(699392K), 0.0133986 secs] [Times: user=0.23 sys=0.00, real=0.01 secs] 
2016-09-15T12:06:40.331-0400: 12.145: [GC (GCLocker Initiated GC) [PSYoungGen: 174762K->85890K(175104K)] 488364K->454870K(699392K), 0.0119286 secs] [Times: user=0.14 sys=0.01, real=0.01 secs] 
2016-09-15T12:06:40.467-0400: 12.281: [GC (GCLocker Initiated GC) [PSYoungGen: 173954K->73704K(175104K)] 549208K->503917K(699392K), 0.0102034 secs] [Times: user=0.14 sys=0.01, real=0.02 secs] 
2016-09-15T12:06:40.478-0400: 12.291: [Full GC (Ergonomics) [PSYoungGen: 73704K->0K(175104K)] [ParOldGen: 430213K->57339K(524288K)] 503917K->57339K(699392K), [Metaspace: 43526K->43526K(1085440K)], 0.0463120 secs] [Times: user=0.37 sys=0.00, real=0.04 secs] 
2016-09-15T12:06:40.652-0400: 12.466: [GC (GCLocker Initiated GC) [PSYoungGen: 88064K->86078K(175104K)] 145478K->192101K(699392K), 0.0107461 secs] [Times: user=0.16 sys=0.00, real=0.01 secs] 
2016-09-15T12:06:40.782-0400: 12.596: [GC (Allocation Failure) [PSYoungGen: 174142K->55447K(175104K)] 280268K->253450K(699392K), 0.0113285 secs] [Times: user=0.18 sys=0.00, real=0.01 secs] 
2016-09-15T12:06:40.794-0400: 12.608: [GC (GCLocker Initiated GC) [PSYoungGen: 56129K->64K(175104K)] 254132K->253464K(699392K), 0.0057266 secs] [Times: user=0.08 sys=0.00, real=0.01 secs] 
2016-09-15T12:06:40.907-0400: 12.721: [GC (GCLocker Initiated GC) [PSYoungGen: 87981K->74487K(175104K)] 347456K->333979K(699392K), 0.0094004 secs] [Times: user=0.14 sys=0.00, real=0.02 secs] 
2016-09-15T12:06:41.031-0400: 12.845: [GC (GCLocker Initiated GC) [PSYoungGen: 162551K->73508K(175104K)] 422803K->353040K(699392K), 0.0102909 secs] [Times: user=0.14 sys=0.00, real=0.01 secs] 
2016-09-15T12:06:41.167-0400: 12.981: [GC (Allocation Failure) [PSYoungGen: 161572K->43137K(175104K)] 447528K->347422K(699392K), 0.0097799 secs] [Times: user=0.10 sys=0.00, real=0.02 secs] 
2016-09-15T12:06:41.287-0400: 13.100: [GC (GCLocker Initiated GC) [PSYoungGen: 131201K->73772K(175104K)] 435486K->396557K(699392K), 0.0101381 secs] [Times: user=0.12 sys=0.00, real=0.02 secs] 
2016-09-15T12:06:41.418-0400: 13.232: [GC (Allocation Failure) [PSYoungGen: 161836K->85726K(175104K)] 484775K->433272K(699392K), 0.0100729 secs] [Times: user=0.16 sys=0.00, real=0.01 secs] 
2016-09-15T12:06:41.515-0400: 13.328: [GC (Allocation Failure) [PSYoungGen: 173790K->79619K(175104K)] 521336K->469982K(699392K), 0.0102689 secs] [Times: user=0.14 sys=0.00, real=0.01 secs] 
2016-09-15T12:06:41.649-0400: 13.463: [GC (GCLocker Initiated GC) [PSYoungGen: 167683K->85758K(175104K)] 558052K->506777K(699392K), 0.0149834 secs] [Times: user=0.18 sys=0.00, real=0.01 secs] 
2016-09-15T12:06:41.780-0400: 13.594: [GC (GCLocker Initiated GC) [PSYoungGen: 173822K->73904K(175104K)] 600924K->501306K(699392K), 0.0089272 secs] [Times: user=0.12 sys=0.00, real=0.01 secs] 
2016-09-15T12:06:41.908-0400: 13.722: [Full GC (Ergonomics) [PSYoungGen: 161968K->0K(175104K)] [ParOldGen: 433693K->51344K(524288K)] 595661K->51344K(699392K), [Metaspace: 43684K->43684K(1085440K)], 0.0534502 secs] [Times: user=0.48 sys=0.01, real=0.05 secs] 
2016-09-15T12:06:42.070-0400: 13.884: [GC (GCLocker Initiated GC) [PSYoungGen: 88064K->73964K(175104K)] 139580K->125480K(699392K), 0.0082199 secs] [Times: user=0.12 sys=0.00, real=0.01 secs] 
2016-09-15T12:06:42.200-0400: 14.014: [GC (GCLocker Initiated GC) [PSYoungGen: 162028K->55415K(175104K)] 219695K->150111K(699392K), 0.0087515 secs] [Times: user=0.13 sys=0.00, real=0.01 secs] 
2016-09-15T12:06:42.327-0400: 14.141: [GC (GCLocker Initiated GC) [PSYoungGen: 143479K->55415K(175104K)] 244510K->180874K(699392K), 0.0084876 secs] [Times: user=0.11 sys=0.00, real=0.02 secs] 
2016-09-15T12:06:42.454-0400: 14.268: [GC (GCLocker Initiated GC) [PSYoungGen: 143479K->85986K(175104K)] 269098K->230121K(699392K), 0.0101826 secs] [Times: user=0.12 sys=0.00, real=0.01 secs] 
2016-09-15T12:06:42.596-0400: 14.410: [GC (GCLocker Initiated GC) [PSYoungGen: 174050K->49212K(175104K)] 318413K->248542K(699392K), 0.0120100 secs] [Times: user=0.13 sys=0.00, real=0.01 secs] 
2016-09-15T12:06:42.715-0400: 14.529: [GC (GCLocker Initiated GC) [PSYoungGen: 137276K->85986K(175104K)] 336715K->346499K(699392K), 0.0118503 secs] [Times: user=0.17 sys=0.00, real=0.01 secs] 
2016-09-15T12:06:42.841-0400: 14.655: [GC (Allocation Failure) [PSYoungGen: 174050K->85790K(175104K)] 440724K->407587K(699392K), 0.0119731 secs] [Times: user=0.16 sys=0.01, real=0.01 secs] 
2016-09-15T12:06:42.970-0400: 14.784: [GC (GCLocker Initiated GC) [PSYoungGen: 173854K->55611K(175104K)] 495657K->426353K(699392K), 0.0124922 secs] [Times: user=0.18 sys=0.02, real=0.01 secs] 
2016-09-15T12:06:43.095-0400: 14.909: [GC (GCLocker Initiated GC) [PSYoungGen: 143675K->79779K(175104K)] 514583K->469392K(699392K), 0.0117361 secs] [Times: user=0.17 sys=0.00, real=0.01 secs] 
2016-09-15T12:06:43.245-0400: 15.059: [GC (Allocation Failure) [PSYoungGen: 167843K->55415K(175104K)] 564202K->494467K(699392K), 0.0113976 secs] [Times: user=0.14 sys=0.02, real=0.02 secs] 
2016-09-15T12:06:43.256-0400: 15.070: [Full GC (Ergonomics) [PSYoungGen: 55415K->0K(175104K)] [ParOldGen: 439051K->51407K(524288K)] 494467K->51407K(699392K), [Metaspace: 43735K->43735K(1087488K)], 0.0507917 secs] [Times: user=0.41 sys=0.00, real=0.04 secs] 
2016-09-15T12:06:43.421-0400: 15.235: [GC (GCLocker Initiated GC) [PSYoungGen: 88064K->86078K(175104K)] 139482K->180022K(699392K), 0.0107140 secs] [Times: user=0.13 sys=0.01, real=0.01 secs] 
2016-09-15T12:06:43.549-0400: 15.362: [GC (GCLocker Initiated GC) [PSYoungGen: 174142K->85986K(175104K)] 268217K->217083K(699392K), 0.0111387 secs] [Times: user=0.15 sys=0.01, real=0.01 secs] 
2016-09-15T12:06:43.674-0400: 15.488: [GC (Allocation Failure) [PSYoungGen: 174050K->86018K(175104K)] 305200K->296271K(699392K), 0.0140433 secs] [Times: user=0.18 sys=0.01, real=0.02 secs] 
2016-09-15T12:06:43.798-0400: 15.611: [GC (GCLocker Initiated GC) [PSYoungGen: 169164K->55579K(175104K)] 385493K->320838K(699392K), 0.0077294 secs] [Times: user=0.11 sys=0.00, real=0.00 secs] 
2016-09-15T12:06:43.920-0400: 15.734: [GC (GCLocker Initiated GC) [PSYoungGen: 143643K->55579K(175104K)] 415185K->327757K(699392K), 0.0077717 secs] [Times: user=0.11 sys=0.00, real=0.01 secs] 
2016-09-15T12:06:44.061-0400: 15.875: [GC (GCLocker Initiated GC) [PSYoungGen: 143643K->37026K(175104K)] 421993K->352150K(699392K), 0.0074458 secs] [Times: user=0.11 sys=0.00, real=0.01 secs] 
2016-09-15T12:06:44.217-0400: 16.031: [GC (GCLocker Initiated GC) [PSYoungGen: 125090K->19360K(175104K)] 459064K->353478K(699392K), 0.0086046 secs] [Times: user=0.14 sys=0.00, real=0.00 secs] 
2016-09-15T12:06:44.340-0400: 16.154: [GC (GCLocker Initiated GC) [PSYoungGen: 107424K->55155K(175104K)] 448256K->396606K(699392K), 0.0110240 secs] [Times: user=0.14 sys=0.00, real=0.01 secs] 
2016-09-15T12:06:44.471-0400: 16.285: [GC (GCLocker Initiated GC) [PSYoungGen: 143219K->85954K(175104K)] 496861K->457981K(699392K), 0.0085517 secs] [Times: user=0.13 sys=0.00, real=0.01 secs] 
2016-09-15T12:06:44.579-0400: 16.392: [GC (GCLocker Initiated GC) [PSYoungGen: 174018K->85954K(175104K)] 552263K->507071K(699392K), 0.0107089 secs] [Times: user=0.16 sys=0.00, real=0.01 secs] 
2016-09-15T12:06:44.695-0400: 16.509: [GC (GCLocker Initiated GC) [PSYoungGen: 174018K->67565K(175104K)] 601509K->531994K(699392K), 0.0109170 secs] [Times: user=0.14 sys=0.01, real=0.01 secs] 
2016-09-15T12:06:44.706-0400: 16.520: [Full GC (Ergonomics) [PSYoungGen: 67565K->0K(175104K)] [ParOldGen: 464429K->57510K(524288K)] 531994K->57510K(699392K), [Metaspace: 43783K->43783K(1087488K)], 0.0625032 secs] [Times: user=0.44 sys=0.02, real=0.07 secs] 
2016-09-15T12:06:44.895-0400: 16.709: [GC (GCLocker Initiated GC) [PSYoungGen: 88064K->73672K(175104K)] 157872K->143480K(699392K), 0.0103868 secs] [Times: user=0.09 sys=0.00, real=0.01 secs] 
2016-09-15T12:06:45.064-0400: 16.878: [GC (GCLocker Initiated GC) [PSYoungGen: 161736K->43297K(175104K)] 250034K->150112K(699392K), 0.0081297 secs] [Times: user=0.08 sys=0.00, real=0.01 secs] 
2016-09-15T12:06:45.203-0400: 17.017: [GC (GCLocker Initiated GC) [PSYoungGen: 131361K->79847K(175104K)] 250367K->205228K(699392K), 0.0130654 secs] [Times: user=0.12 sys=0.00, real=0.02 secs] 
2016-09-15T12:06:45.347-0400: 17.161: [GC (GCLocker Initiated GC) [PSYoungGen: 167911K->73508K(175104K)] 293367K->247887K(699392K), 0.0201472 secs] [Times: user=0.28 sys=0.01, real=0.02 secs] 
2016-09-15T12:06:45.508-0400: 17.322: [GC (GCLocker Initiated GC) [PSYoungGen: 161572K->55155K(175104K)] 336211K->248147K(699392K), 0.0065245 secs] [Times: user=0.10 sys=0.00, real=0.00 secs] 
2016-09-15T12:06:45.647-0400: 17.461: [GC (GCLocker Initiated GC) [PSYoungGen: 143219K->67337K(175104K)] 342579K->266785K(699392K), 0.0179028 secs] [Times: user=0.22 sys=0.00, real=0.02 secs] 
2016-09-15T12:06:45.753-0400: 17.567: [GC (GCLocker Initiated GC) [PSYoungGen: 155401K->73836K(175104K)] 354992K->297886K(699392K), 0.0086281 secs] [Times: user=0.14 sys=0.00, real=0.01 secs] 
2016-09-15T12:06:45.866-0400: 17.680: [GC (GCLocker Initiated GC) [PSYoungGen: 161900K->86314K(175104K)] 392342K->341372K(699392K), 0.0104071 secs] [Times: user=0.14 sys=0.01, real=0.02 secs] 
2016-09-15T12:06:45.989-0400: 17.803: [GC (Allocation Failure) [PSYoungGen: 174378K->37485K(175104K)] 429494K->329359K(699392K), 0.0117582 secs] [Times: user=0.12 sys=0.00, real=0.01 secs] 
2016-09-15T12:06:46.088-0400: 17.902: [GC (GCLocker Initiated GC) [PSYoungGen: 125549K->61458K(175104K)] 417432K->383851K(699392K), 0.0120320 secs] [Times: user=0.17 sys=0.01, real=0.01 secs] 
2016-09-15T12:06:46.212-0400: 18.026: [GC (GCLocker Initiated GC) [PSYoungGen: 149522K->85790K(175104K)] 478116K->420711K(699392K), 0.0098117 secs] [Times: user=0.15 sys=0.00, real=0.01 secs] 
2016-09-15T12:06:46.367-0400: 18.181: [GC (GCLocker Initiated GC) [PSYoungGen: 173854K->18872K(175104K)] 527344K->403013K(699392K), 0.0096021 secs] [Times: user=0.08 sys=0.01, real=0.02 secs] 
2016-09-15T12:06:46.512-0400: 18.326: [GC (GCLocker Initiated GC) [PSYoungGen: 106936K->55451K(175104K)] 491258K->440032K(699392K), 0.0186934 secs] [Times: user=0.19 sys=0.00, real=0.02 secs] 
2016-09-15T12:06:46.658-0400: 18.472: [GC (Allocation Failure) [PSYoungGen: 143515K->55383K(175104K)] 534520K->464717K(699392K), 0.0095313 secs] [Times: user=0.14 sys=0.00, real=0.00 secs] 
2016-09-15T12:06:46.777-0400: 18.591: [GC (GCLocker Initiated GC) [PSYoungGen: 143447K->73836K(175104K)] 552787K->501544K(699392K), 0.0087502 secs] [Times: user=0.12 sys=0.00, real=0.00 secs] 
2016-09-15T12:06:46.875-0400: 18.689: [GC (GCLocker Initiated GC) [PSYoungGen: 161900K->79779K(175104K)] 589975K->544635K(699392K), 0.0111580 secs] [Times: user=0.16 sys=0.01, real=0.01 secs] 
2016-09-15T12:06:47.013-0400: 18.827: [Full GC (Ergonomics) [PSYoungGen: 167843K->0K(175104K)] [ParOldGen: 471292K->58023K(524288K)] 639135K->58023K(699392K), [Metaspace: 43833K->43833K(1087488K)], 0.0741044 secs] [Times: user=0.61 sys=0.01, real=0.07 secs] 
2016-09-15T12:06:47.187-0400: 19.000: [GC (GCLocker Initiated GC) [PSYoungGen: 88064K->86406K(175104K)] 146431K->169073K(699392K), 0.0105394 secs] [Times: user=0.14 sys=0.00, real=0.02 secs] 
2016-09-15T12:06:47.297-0400: 19.111: [GC (GCLocker Initiated GC) [PSYoungGen: 174470K->85822K(175104K)] 257202K->272901K(699392K), 0.0133199 secs] [Times: user=0.20 sys=0.00, real=0.01 secs] 
2016-09-15T12:06:47.423-0400: 19.237: [GC (Allocation Failure) [PSYoungGen: 173886K->61394K(175104K)] 361191K->267020K(699392K), 0.0116864 secs] [Times: user=0.10 sys=0.01, real=0.01 secs] 
2016-09-15T12:06:47.539-0400: 19.353: [GC (GCLocker Initiated GC) [PSYoungGen: 149454K->85954K(175104K)] 355086K->316216K(699392K), 0.0125412 secs] [Times: user=0.15 sys=0.00, real=0.01 secs] 
2016-09-15T12:06:47.663-0400: 19.477: [GC (GCLocker Initiated GC) [PSYoungGen: 174018K->67437K(175104K)] 404417K->334726K(699392K), 0.0153087 secs] [Times: user=0.14 sys=0.01, real=0.02 secs] 
2016-09-15T12:06:47.802-0400: 19.616: [GC (GCLocker Initiated GC) [PSYoungGen: 155501K->55515K(175104K)] 428896K->329178K(699392K), 0.0105666 secs] [Times: user=0.14 sys=0.01, real=0.01 secs] 
2016-09-15T12:06:47.919-0400: 19.733: [GC (GCLocker Initiated GC) [PSYoungGen: 143579K->73640K(175104K)] 423425K->372206K(699392K), 0.0103439 secs] [Times: user=0.13 sys=0.00, real=0.01 secs] 
2016-09-15T12:06:48.045-0400: 19.859: [GC (GCLocker Initiated GC) [PSYoungGen: 161704K->85954K(175104K)] 460558K->415335K(699392K), 0.0111817 secs] [Times: user=0.15 sys=0.00, real=0.02 secs] 
2016-09-15T12:06:48.177-0400: 19.990: [GC (GCLocker Initiated GC) [PSYoungGen: 174018K->73608K(175104K)] 509701K->409918K(699392K), 0.0105922 secs] [Times: user=0.13 sys=0.00, real=0.00 secs] 
2016-09-15T12:06:48.317-0400: 20.131: [GC (GCLocker Initiated GC) [PSYoungGen: 161672K->37026K(175104K)] 498408K->428588K(699392K), 0.0085788 secs] [Times: user=0.13 sys=0.00, real=0.00 secs] 
2016-09-15T12:06:48.428-0400: 20.241: [GC (Allocation Failure) [PSYoungGen: 125090K->85694K(175104K)] 516895K->477603K(699392K), 0.0113435 secs] [Times: user=0.11 sys=0.00, real=0.02 secs] 
2016-09-15T12:06:48.554-0400: 20.368: [GC (GCLocker Initiated GC) [PSYoungGen: 168318K->73672K(175104K)] 566303K->514520K(699392K), 0.0247991 secs] [Times: user=0.35 sys=0.00, real=0.03 secs] 
2016-09-15T12:06:48.700-0400: 20.514: [GC (GCLocker Initiated GC) [PSYoungGen: 161736K->55287K(175104K)] 608679K->538807K(699392K), 0.0084606 secs] [Times: user=0.10 sys=0.01, real=0.01 secs] 
2016-09-15T12:06:48.709-0400: 20.523: [Full GC (Ergonomics) [PSYoungGen: 55287K->0K(175104K)] [ParOldGen: 483520K->51783K(524288K)] 538807K->51783K(699392K), [Metaspace: 43849K->43849K(1087488K)], 0.0571426 secs] [Times: user=0.37 sys=0.01, real=0.05 secs] 
2016-09-15T12:06:48.873-0400: 20.687: [GC (GCLocker Initiated GC) [PSYoungGen: 88064K->86110K(175104K)] 139889K->174385K(699392K), 0.0133869 secs] [Times: user=0.20 sys=0.00, real=0.01 secs] 
2016-09-15T12:06:49.019-0400: 20.833: [GC (GCLocker Initiated GC) [PSYoungGen: 174174K->43041K(175104K)] 268622K->198910K(699392K), 0.0196306 secs] [Times: user=0.21 sys=0.01, real=0.02 secs] 
2016-09-15T12:06:49.170-0400: 20.984: [GC (GCLocker Initiated GC) [PSYoungGen: 131105K->36770K(175104K)] 287016K->217257K(699392K), 0.0084988 secs] [Times: user=0.08 sys=0.00, real=0.01 secs] 
2016-09-15T12:06:49.315-0400: 21.129: [GC (GCLocker Initiated GC) [PSYoungGen: 124834K->18769K(175104K)] 311499K->278462K(699392K), 0.0372749 secs] [Times: user=0.38 sys=0.00, real=0.04 secs] 
2016-09-15T12:06:49.468-0400: 21.282: [GC (Allocation Failure) [PSYoungGen: 106833K->49312K(175104K)] 372721K->327469K(699392K), 0.0233924 secs] [Times: user=0.20 sys=0.00, real=0.02 secs] 
2016-09-15T12:06:49.611-0400: 21.424: [GC (GCLocker Initiated GC) [PSYoungGen: 135366K->55255K(175104K)] 419598K->339903K(699392K), 0.0097537 secs] [Times: user=0.08 sys=0.01, real=0.01 secs] 
2016-09-15T12:06:49.720-0400: 21.533: [GC (GCLocker Initiated GC) [PSYoungGen: 143319K->85790K(175104K)] 434095K->400986K(699392K), 0.0138630 secs] [Times: user=0.16 sys=0.00, real=0.01 secs] 
2016-09-15T12:06:49.847-0400: 21.661: [GC (Allocation Failure) [PSYoungGen: 173854K->49244K(175104K)] 495239K->431694K(699392K), 0.0230441 secs] [Times: user=0.32 sys=0.00, real=0.03 secs] 
2016-09-15T12:06:49.993-0400: 21.806: [GC (GCLocker Initiated GC) [PSYoungGen: 137308K->73608K(175104K)] 519759K->480838K(699392K), 0.0137746 secs] [Times: user=0.17 sys=0.00, real=0.01 secs] 
2016-09-15T12:06:50.114-0400: 21.928: [GC (GCLocker Initiated GC) [PSYoungGen: 161672K->55415K(175104K)] 575136K->505636K(699392K), 0.0114947 secs] [Times: user=0.15 sys=0.01, real=0.01 secs] 
2016-09-15T12:06:50.125-0400: 21.939: [Full GC (Ergonomics) [PSYoungGen: 55415K->0K(175104K)] [ParOldGen: 450221K->57654K(524288K)] 505636K->57654K(699392K), [Metaspace: 43897K->43897K(1087488K)], 0.0564112 secs] [Times: user=0.39 sys=0.01, real=0.06 secs] 
2016-09-15T12:06:50.300-0400: 22.114: [GC (GCLocker Initiated GC) [PSYoungGen: 88064K->86210K(175104K)] 145810K->150039K(699392K), 0.0093884 secs] [Times: user=0.12 sys=0.00, real=0.01 secs] 
2016-09-15T12:06:50.413-0400: 22.227: [GC (Allocation Failure) [PSYoungGen: 174274K->79847K(175104K)] 238133K->180728K(699392K), 0.0109666 secs] [Times: user=0.15 sys=0.00, real=0.01 secs] 
2016-09-15T12:06:50.546-0400: 22.360: [GC (GCLocker Initiated GC) [PSYoungGen: 167911K->55155K(175104K)] 268793K->199222K(699392K), 0.0099325 secs] [Times: user=0.14 sys=0.00, real=0.02 secs] 
2016-09-15T12:06:50.692-0400: 22.506: [GC (GCLocker Initiated GC) [PSYoungGen: 143219K->73540K(175104K)] 299669K->248350K(699392K), 0.0085240 secs] [Times: user=0.11 sys=0.01, real=0.01 secs] 
2016-09-15T12:06:50.817-0400: 22.631: [GC (GCLocker Initiated GC) [PSYoungGen: 161604K->85822K(175104K)] 336624K->303535K(699392K), 0.0102468 secs] [Times: user=0.16 sys=0.01, real=0.00 secs] 
2016-09-15T12:06:50.928-0400: 22.742: [GC (GCLocker Initiated GC) [PSYoungGen: 173886K->49472K(175104K)] 391641K->273593K(699392K), 0.0153954 secs] [Times: user=0.11 sys=0.00, real=0.01 secs] 
2016-09-15T12:06:51.045-0400: 22.859: [GC (GCLocker Initiated GC) [PSYoungGen: 137536K->85822K(175104K)] 361705K->364825K(699392K), 0.0117402 secs] [Times: user=0.17 sys=0.00, real=0.02 secs] 
2016-09-15T12:06:51.156-0400: 22.969: [GC (GCLocker Initiated GC) [PSYoungGen: 173886K->55447K(175104K)] 452894K->395505K(699392K), 0.0101023 secs] [Times: user=0.15 sys=0.00, real=0.01 secs] 
2016-09-15T12:06:51.278-0400: 23.092: [GC (GCLocker Initiated GC) [PSYoungGen: 143509K->85886K(175104K)] 483928K->450969K(699392K), 0.0097931 secs] [Times: user=0.15 sys=0.00, real=0.01 secs] 
2016-09-15T12:06:51.418-0400: 23.232: [GC (GCLocker Initiated GC) [PSYoungGen: 173950K->86118K(175104K)] 545155K->475691K(699392K), 0.0098427 secs] [Times: user=0.15 sys=0.00, real=0.01 secs] 
2016-09-15T12:06:51.515-0400: 23.329: [GC (GCLocker Initiated GC) [PSYoungGen: 174182K->85790K(175104K)] 564116K->530707K(699392K), 0.0109122 secs] [Times: user=0.17 sys=0.00, real=0.01 secs] 
2016-09-15T12:06:51.526-0400: 23.340: [Full GC (Ergonomics) [PSYoungGen: 85790K->0K(175104K)] [ParOldGen: 444917K->57854K(524288K)] 530707K->57854K(699392K), [Metaspace: 43914K->43914K(1087488K)], 0.0475236 secs] [Times: user=0.46 sys=0.00, real=0.05 secs] 
2016-09-15T12:06:51.689-0400: 23.503: [GC (GCLocker Initiated GC) [PSYoungGen: 88064K->73996K(175104K)] 158267K->144199K(699392K), 0.0071246 secs] [Times: user=0.10 sys=0.01, real=0.01 secs] 
2016-09-15T12:06:51.818-0400: 23.632: [GC (GCLocker Initiated GC) [PSYoungGen: 162060K->79519K(175104K)] 232629K->199556K(699392K), 0.0216438 secs] [Times: user=0.32 sys=0.00, real=0.02 secs] 
2016-09-15T12:06:51.948-0400: 23.762: [GC (GCLocker Initiated GC) [PSYoungGen: 167583K->85954K(175104K)] 287797K->212402K(699392K), 0.0106908 secs] [Times: user=0.12 sys=0.00, real=0.01 secs] 
2016-09-15T12:06:52.078-0400: 23.892: [GC (Allocation Failure) [PSYoungGen: 174018K->79747K(175104K)] 300793K->255586K(699392K), 0.0103707 secs] [Times: user=0.15 sys=0.00, real=0.01 secs] 
2016-09-15T12:06:52.212-0400: 24.025: [GC (GCLocker Initiated GC) [PSYoungGen: 167811K->74000K(175104K)] 343655K->268197K(699392K), 0.0099947 secs] [Times: user=0.11 sys=0.00, real=0.01 secs] 
2016-09-15T12:06:52.316-0400: 24.130: [GC (GCLocker Initiated GC) [PSYoungGen: 162064K->74000K(175104K)] 356560K->287053K(699392K), 0.0086835 secs] [Times: user=0.12 sys=0.00, real=0.00 secs] 
2016-09-15T12:06:52.453-0400: 24.267: [GC (GCLocker Initiated GC) [PSYoungGen: 162064K->74196K(175104K)] 381468K->311977K(699392K), 0.0083488 secs] [Times: user=0.14 sys=0.00, real=0.01 secs] 
2016-09-15T12:06:52.586-0400: 24.400: [GC (GCLocker Initiated GC) [PSYoungGen: 162260K->73576K(175104K)] 400217K->348462K(699392K), 0.0102379 secs] [Times: user=0.13 sys=0.00, real=0.02 secs] 
2016-09-15T12:06:52.713-0400: 24.527: [GC (GCLocker Initiated GC) [PSYoungGen: 161640K->55515K(175104K)] 436696K->367125K(699392K), 0.0120215 secs] [Times: user=0.11 sys=0.00, real=0.01 secs] 
2016-09-15T12:06:52.852-0400: 24.665: [GC (GCLocker Initiated GC) [PSYoungGen: 143579K->74295K(175104K)] 461619K->392635K(699392K), 0.0117907 secs] [Times: user=0.14 sys=0.00, real=0.01 secs] 
2016-09-15T12:06:52.980-0400: 24.794: [GC (GCLocker Initiated GC) [PSYoungGen: 162359K->85822K(175104K)] 480920K->410593K(699392K), 0.0118053 secs] [Times: user=0.16 sys=0.00, real=0.01 secs] 
2016-09-15T12:06:55.905-0400: 27.719: [GC (GCLocker Initiated GC) [PSYoungGen: 173886K->55319K(175104K)] 504975K->410812K(699392K), 0.0234595 secs] [Times: user=0.27 sys=0.00, real=0.03 secs] 
2016-09-15T12:06:56.041-0400: 27.855: [GC (GCLocker Initiated GC) [PSYoungGen: 143383K->85626K(175104K)] 499041K->471966K(699392K), 0.0114815 secs] [Times: user=0.15 sys=0.01, real=0.01 secs] 
2016-09-15T12:06:56.185-0400: 27.999: [GC (Allocation Failure) [PSYoungGen: 173690K->86018K(175104K)] 572317K->545539K(699392K), 0.0124863 secs] [Times: user=0.19 sys=0.00, real=0.02 secs] 
2016-09-15T12:06:56.198-0400: 28.012: [Full GC (Ergonomics) [PSYoungGen: 86018K->0K(175104K)] [ParOldGen: 459521K->58214K(524288K)] 545539K->58214K(699392K), [Metaspace: 43919K->43919K(1087488K)], 0.0487794 secs] [Times: user=0.41 sys=0.01, real=0.04 secs] 
2016-09-15T12:06:56.352-0400: 28.165: [GC (GCLocker Initiated GC) [PSYoungGen: 88064K->86274K(175104K)] 146284K->168794K(699392K), 0.0108137 secs] [Times: user=0.16 sys=0.01, real=0.01 secs] 
2016-09-15T12:06:56.487-0400: 28.301: [GC (GCLocker Initiated GC) [PSYoungGen: 174338K->73836K(175104K)] 263294K->212088K(699392K), 0.0120096 secs] [Times: user=0.14 sys=0.01, real=0.02 secs] 
2016-09-15T12:06:56.614-0400: 28.428: [GC (GCLocker Initiated GC) [PSYoungGen: 161900K->85822K(175104K)] 300395K->273209K(699392K), 0.0110135 secs] [Times: user=0.14 sys=0.01, real=0.01 secs] 
2016-09-15T12:06:56.750-0400: 28.564: [GC (Allocation Failure) [PSYoungGen: 173886K->85822K(175104K)] 361432K->334277K(699392K), 0.0135332 secs] [Times: user=0.19 sys=0.00, real=0.01 secs] 
2016-09-15T12:06:56.888-0400: 28.702: [GC (GCLocker Initiated GC) [PSYoungGen: 169542K->79619K(175104K)] 424072K->376966K(699392K), 0.0230740 secs] [Times: user=0.28 sys=0.00, real=0.02 secs] 
2016-09-15T12:06:57.036-0400: 28.850: [GC (GCLocker Initiated GC) [PSYoungGen: 167683K->73508K(175104K)] 465088K->425904K(699392K), 0.0119188 secs] [Times: user=0.15 sys=0.00, real=0.01 secs] 
2016-09-15T12:06:57.150-0400: 28.964: [GC (GCLocker Initiated GC) [PSYoungGen: 161572K->85566K(175104K)] 520236K->480783K(699392K), 0.0151434 secs] [Times: user=0.12 sys=0.01, real=0.01 secs] 
2016-09-15T12:06:57.313-0400: 29.127: [GC (GCLocker Initiated GC) [PSYoungGen: 173630K->55383K(175104K)] 574964K->536016K(699392K), 0.0168246 secs] [Times: user=0.20 sys=0.00, real=0.02 secs] 
2016-09-15T12:06:57.330-0400: 29.144: [Full GC (Ergonomics) [PSYoungGen: 55383K->0K(175104K)] [ParOldGen: 480633K->51794K(524288K)] 536016K->51794K(699392K), [Metaspace: 43925K->43925K(1087488K)], 0.0584444 secs] [Times: user=0.38 sys=0.01, real=0.06 secs] 
2016-09-15T12:06:57.511-0400: 29.325: [GC (GCLocker Initiated GC) [PSYoungGen: 88064K->86178K(175104K)] 139945K->156284K(699392K), 0.0140343 secs] [Times: user=0.17 sys=0.03, real=0.01 secs] 
2016-09-15T12:06:57.643-0400: 29.457: [GC (GCLocker Initiated GC) [PSYoungGen: 174242K->85822K(175104K)] 244513K->241878K(699392K), 0.0281383 secs] [Times: user=0.39 sys=0.00, real=0.03 secs] 
2016-09-15T12:06:57.822-0400: 29.636: [GC (Allocation Failure) [PSYoungGen: 173886K->67337K(175104K)] 342420K->290861K(699392K), 0.0105548 secs] [Times: user=0.13 sys=0.01, real=0.01 secs] 
2016-09-15T12:06:57.951-0400: 29.764: [GC (GCLocker Initiated GC) [PSYoungGen: 151990K->85594K(175104K)] 381590K->351819K(699392K), 0.0117672 secs] [Times: user=0.15 sys=0.01, real=0.01 secs] 
2016-09-15T12:06:58.065-0400: 29.879: [GC (GCLocker Initiated GC) [PSYoungGen: 173658K->85530K(175104K)] 439925K->412682K(699392K), 0.0206125 secs] [Times: user=0.24 sys=0.00, real=0.02 secs] 
2016-09-15T12:06:58.181-0400: 29.994: [GC (GCLocker Initiated GC) [PSYoungGen: 173594K->85954K(175104K)] 500917K->468111K(699392K), 0.0118307 secs] [Times: user=0.14 sys=0.01, real=0.01 secs] 
2016-09-15T12:06:58.300-0400: 30.114: [GC (GCLocker Initiated GC) [PSYoungGen: 174018K->85890K(175104K)] 556223K->523094K(699392K), 0.0123738 secs] [Times: user=0.19 sys=0.00, real=0.01 secs] 
2016-09-15T12:06:58.312-0400: 30.126: [Full GC (Ergonomics) [PSYoungGen: 85890K->0K(175104K)] [ParOldGen: 437204K->58799K(524288K)] 523094K->58799K(699392K), [Metaspace: 43937K->43937K(1087488K)], 0.0513793 secs] [Times: user=0.35 sys=0.02, real=0.05 secs] 
2016-09-15T12:06:58.451-0400: 30.264: [GC (GCLocker Initiated GC) [PSYoungGen: 88064K->86078K(175104K)] 147096K->169410K(699392K), 0.0158253 secs] [Times: user=0.23 sys=0.01, real=0.01 secs] 
2016-09-15T12:06:58.568-0400: 30.381: [GC (GCLocker Initiated GC) [PSYoungGen: 174142K->67729K(175104K)] 257689K->218681K(699392K), 0.0154414 secs] [Times: user=0.21 sys=0.00, real=0.02 secs] 
2016-09-15T12:06:58.685-0400: 30.499: [GC (GCLocker Initiated GC) [PSYoungGen: 155793K->73640K(175104K)] 312884K->303954K(699392K), 0.0276915 secs] [Times: user=0.39 sys=0.00, real=0.03 secs] 
2016-09-15T12:06:58.817-0400: 30.631: [GC (GCLocker Initiated GC) [PSYoungGen: 161704K->79779K(175104K)] 398180K->401449K(699392K), 0.0208659 secs] [Times: user=0.29 sys=0.00, real=0.02 secs] 
2016-09-15T12:06:58.959-0400: 30.773: [GC (GCLocker Initiated GC) [PSYoungGen: 167843K->86150K(175104K)] 489719K->456786K(699392K), 0.0115199 secs] [Times: user=0.17 sys=0.01, real=0.01 secs] 
2016-09-15T12:06:59.063-0400: 30.877: [GC (GCLocker Initiated GC) [PSYoungGen: 174214K->85690K(175104K)] 544908K->511507K(699392K), 0.0139819 secs] [Times: user=0.16 sys=0.00, real=0.02 secs] 
2016-09-15T12:06:59.077-0400: 30.891: [Full GC (Ergonomics) [PSYoungGen: 85690K->0K(175104K)] [ParOldGen: 425817K->64131K(524288K)] 511507K->64131K(699392K), [Metaspace: 43937K->43937K(1087488K)], 0.0450268 secs] [Times: user=0.46 sys=0.01, real=0.04 secs] 
2016-09-15T12:06:59.230-0400: 31.043: [GC (GCLocker Initiated GC) [PSYoungGen: 88064K->86662K(175104K)] 158524K->181422K(699392K), 0.0110812 secs] [Times: user=0.17 sys=0.00, real=0.01 secs] 
2016-09-15T12:06:59.357-0400: 31.171: [GC (GCLocker Initiated GC) [PSYoungGen: 174726K->85758K(175104K)] 269769K->242567K(699392K), 0.0117395 secs] [Times: user=0.20 sys=0.01, real=0.01 secs] 
2016-09-15T12:06:59.470-0400: 31.283: [GC (GCLocker Initiated GC) [PSYoungGen: 173822K->73540K(175104K)] 336748K->321832K(699392K), 0.0134325 secs] [Times: user=0.23 sys=0.00, real=0.01 secs] 
2016-09-15T12:06:59.579-0400: 31.393: [GC (GCLocker Initiated GC) [PSYoungGen: 161604K->85922K(175104K)] 416220K->407523K(699392K), 0.0129359 secs] [Times: user=0.16 sys=0.01, real=0.01 secs] 
2016-09-15T12:06:59.707-0400: 31.521: [GC (GCLocker Initiated GC) [PSYoungGen: 173986K->67601K(175104K)] 501704K->468682K(699392K), 0.0112259 secs] [Times: user=0.18 sys=0.00, real=0.02 secs] 
2016-09-15T12:06:59.835-0400: 31.648: [GC (GCLocker Initiated GC) [PSYoungGen: 155665K->61490K(175104K)] 557040K->517848K(699392K), 0.0112328 secs] [Times: user=0.15 sys=0.01, real=0.01 secs] 
2016-09-15T12:06:59.846-0400: 31.660: [Full GC (Ergonomics) [PSYoungGen: 61490K->0K(175104K)] [ParOldGen: 456358K->52183K(524288K)] 517848K->52183K(699392K), [Metaspace: 43955K->43955K(1087488K)], 0.0496268 secs] [Times: user=0.35 sys=0.03, real=0.06 secs] 
2016-09-15T12:07:00.009-0400: 31.823: [GC (GCLocker Initiated GC) [PSYoungGen: 88064K->86242K(175104K)] 140485K->181188K(699392K), 0.0130976 secs] [Times: user=0.18 sys=0.00, real=0.01 secs] 
2016-09-15T12:07:00.122-0400: 31.935: [GC (GCLocker Initiated GC) [PSYoungGen: 174306K->85986K(175104K)] 269294K->230146K(699392K), 0.0244423 secs] [Times: user=0.40 sys=0.02, real=0.02 secs] 
2016-09-15T12:07:00.258-0400: 32.072: [GC (GCLocker Initiated GC) [PSYoungGen: 174050K->79779K(175104K)] 324618K->309645K(699392K), 0.0157891 secs] [Times: user=0.25 sys=0.00, real=0.01 secs] 
2016-09-15T12:07:00.378-0400: 32.192: [GC (GCLocker Initiated GC) [PSYoungGen: 167843K->73640K(175104K)] 404550K->328723K(699392K), 0.0098352 secs] [Times: user=0.15 sys=0.00, real=0.01 secs] 
2016-09-15T12:07:00.486-0400: 32.300: [GC (GCLocker Initiated GC) [PSYoungGen: 161704K->85758K(175104K)] 417014K->377825K(699392K), 0.0123930 secs] [Times: user=0.19 sys=0.01, real=0.02 secs] 
2016-09-15T12:07:00.625-0400: 32.439: [GC (GCLocker Initiated GC) [PSYoungGen: 173822K->61522K(175104K)] 466015K->396367K(699392K), 0.0111318 secs] [Times: user=0.14 sys=0.00, real=0.02 secs] 
2016-09-15T12:07:00.747-0400: 32.561: [GC (Allocation Failure) [PSYoungGen: 149586K->73580K(175104K)] 484535K->433088K(699392K), 0.0236526 secs] [Times: user=0.22 sys=0.01, real=0.03 secs] 
2016-09-15T12:07:00.895-0400: 32.709: [GC (GCLocker Initiated GC) [PSYoungGen: 161644K->55091K(175104K)] 521158K->469548K(699392K), 0.0218251 secs] [Times: user=0.19 sys=0.01, real=0.03 secs] 
2016-09-15T12:07:01.023-0400: 32.836: [GC (GCLocker Initiated GC) [PSYoungGen: 143155K->85790K(175104K)] 557693K->530806K(699392K), 0.0112371 secs] [Times: user=0.13 sys=0.00, real=0.01 secs] 
2016-09-15T12:07:01.034-0400: 32.848: [Full GC (Ergonomics) [PSYoungGen: 85790K->0K(175104K)] [ParOldGen: 445016K->58310K(524288K)] 530806K->58310K(699392K), [Metaspace: 43981K->43981K(1087488K)], 0.0541512 secs] [Times: user=0.29 sys=0.01, real=0.06 secs] 
2016-09-15T12:07:01.197-0400: 33.011: [GC (GCLocker Initiated GC) [PSYoungGen: 88064K->86338K(175104K)] 146506K->169080K(699392K), 0.0295002 secs] [Times: user=0.35 sys=0.00, real=0.02 secs] 
2016-09-15T12:07:01.333-0400: 33.147: [GC (GCLocker Initiated GC) [PSYoungGen: 174402K->49276K(175104K)] 263423K->224323K(699392K), 0.0110259 secs] [Times: user=0.13 sys=0.01, real=0.01 secs] 
2016-09-15T12:07:01.449-0400: 33.263: [GC (GCLocker Initiated GC) [PSYoungGen: 137340K->73580K(175104K)] 312574K->267303K(699392K), 0.0105149 secs] [Times: user=0.08 sys=0.01, real=0.01 secs] 
2016-09-15T12:07:01.586-0400: 33.399: [GC (GCLocker Initiated GC) [PSYoungGen: 161644K->37581K(175104K)] 367649K->292495K(699392K), 0.0098099 secs] [Times: user=0.14 sys=0.00, real=0.01 secs] 
2016-09-15T12:07:01.717-0400: 33.531: [GC (GCLocker Initiated GC) [PSYoungGen: 125645K->37126K(175104K)] 392975K->304722K(699392K), 0.0098308 secs] [Times: user=0.12 sys=0.00, real=0.00 secs] 
2016-09-15T12:07:01.849-0400: 33.662: [GC (GCLocker Initiated GC) [PSYoungGen: 125190K->85762K(175104K)] 392973K->353665K(699392K), 0.0095304 secs] [Times: user=0.07 sys=0.00, real=0.01 secs] 
2016-09-15T12:07:01.994-0400: 33.808: [GC (GCLocker Initiated GC) [PSYoungGen: 173826K->49212K(175104K)] 448111K->360394K(699392K), 0.0126759 secs] [Times: user=0.11 sys=0.00, real=0.01 secs] 
2016-09-15T12:07:02.140-0400: 33.954: [GC (Allocation Failure) [PSYoungGen: 137276K->67537K(175104K)] 448701K->397290K(699392K), 0.0159615 secs] [Times: user=0.16 sys=0.00, real=0.02 secs] 
2016-09-15T12:07:02.259-0400: 34.073: [GC (GCLocker Initiated GC) [PSYoungGen: 152362K->61266K(175104K)] 488191K->415563K(699392K), 0.0266215 secs] [Times: user=0.27 sys=0.01, real=0.02 secs] 
2016-09-15T12:07:02.406-0400: 34.219: [GC (GCLocker Initiated GC) [PSYoungGen: 149330K->55419K(175104K)] 509945K->416137K(699392K), 0.0112737 secs] [Times: user=0.15 sys=0.00, real=0.02 secs] 
2016-09-15T12:07:02.556-0400: 34.370: [GC (GCLocker Initiated GC) [PSYoungGen: 143483K->73672K(175104K)] 510632K->459353K(699392K), 0.0084610 secs] [Times: user=0.11 sys=0.00, real=0.00 secs] 
2016-09-15T12:07:02.691-0400: 34.505: [GC (GCLocker Initiated GC) [PSYoungGen: 161736K->67729K(175104K)] 547778K->490372K(699392K), 0.0101752 secs] [Times: user=0.11 sys=0.00, real=0.01 secs] 
2016-09-15T12:07:02.823-0400: 34.637: [GC (GCLocker Initiated GC) [PSYoungGen: 155793K->86018K(175104K)] 578797K->533474K(699392K), 0.0112258 secs] [Times: user=0.15 sys=0.01, real=0.01 secs] 
2016-09-15T12:07:02.835-0400: 34.648: [Full GC (Ergonomics) [PSYoungGen: 86018K->0K(175104K)] [ParOldGen: 447456K->64778K(524288K)] 533474K->64778K(699392K), [Metaspace: 44042K->44042K(1087488K)], 0.0481855 secs] [Times: user=0.35 sys=0.01, real=0.05 secs] 
2016-09-15T12:07:03.004-0400: 34.818: [GC (GCLocker Initiated GC) [PSYoungGen: 88064K->86282K(175104K)] 165196K->169489K(699392K), 0.0082294 secs] [Times: user=0.10 sys=0.00, real=0.01 secs] 
2016-09-15T12:07:03.099-0400: 34.913: [GC (GCLocker Initiated GC) [PSYoungGen: 174346K->61262K(175104K)] 263917K->218106K(699392K), 0.0114569 secs] [Times: user=0.12 sys=0.00, real=0.01 secs] 
2016-09-15T12:07:03.245-0400: 35.059: [GC (GCLocker Initiated GC) [PSYoungGen: 149326K->49735K(175104K)] 318372K->273568K(699392K), 0.0148294 secs] [Times: user=0.10 sys=0.00, real=0.02 secs] 
2016-09-15T12:07:03.406-0400: 35.220: [GC (GCLocker Initiated GC) [PSYoungGen: 137799K->37617K(175104K)] 374132K->292926K(699392K), 0.0062952 secs] [Times: user=0.05 sys=0.00, real=0.01 secs] 
2016-09-15T12:07:03.529-0400: 35.343: [GC (GCLocker Initiated GC) [PSYoungGen: 125681K->55127K(175104K)] 393271K->322804K(699392K), 0.0075525 secs] [Times: user=0.05 sys=0.01, real=0.01 secs] 
2016-09-15T12:07:03.664-0400: 35.478: [GC (GCLocker Initiated GC) [PSYoungGen: 143191K->55223K(175104K)] 411117K->341470K(699392K), 0.0103142 secs] [Times: user=0.07 sys=0.00, real=0.01 secs] 
2016-09-15T12:07:03.822-0400: 35.635: [GC (Allocation Failure) [PSYoungGen: 143287K->37194K(175104K)] 435706K->378505K(699392K), 0.0122840 secs] [Times: user=0.15 sys=0.00, real=0.01 secs] 
2016-09-15T12:07:03.943-0400: 35.757: [GC (GCLocker Initiated GC) [PSYoungGen: 120691K->55123K(175104K)] 468077K->445661K(699392K), 0.0099581 secs] [Times: user=0.11 sys=0.00, real=0.01 secs] 
2016-09-15T12:07:04.082-0400: 35.896: [GC (GCLocker Initiated GC) [PSYoungGen: 143187K->85822K(175104K)] 534086K->482948K(699392K), 0.0111560 secs] [Times: user=0.14 sys=0.00, real=0.01 secs] 
2016-09-15T12:07:04.223-0400: 36.036: [GC (GCLocker Initiated GC) [PSYoungGen: 173886K->55287K(175104K)] 577252K->458905K(699392K), 0.0096450 secs] [Times: user=0.12 sys=0.00, real=0.01 secs] 
2016-09-15T12:07:04.352-0400: 36.166: [GC (Allocation Failure) [PSYoungGen: 143351K->73640K(175104K)] 547324K->477725K(699392K), 0.0094333 secs] [Times: user=0.09 sys=0.00, real=0.01 secs] 
2016-09-15T12:07:04.495-0400: 36.309: [GC (GCLocker Initiated GC) [PSYoungGen: 159512K->36934K(175104K)] 569673K->477564K(699392K), 0.0154423 secs] [Times: user=0.15 sys=0.00, real=0.02 secs] 
2016-09-15T12:07:04.631-0400: 36.445: [GC (GCLocker Initiated GC) [PSYoungGen: 124998K->55383K(175104K)] 565631K->496291K(699392K), 0.0220372 secs] [Times: user=0.25 sys=0.00, real=0.02 secs] 
2016-09-15T12:07:04.755-0400: 36.569: [GC (Allocation Failure) [PSYoungGen: 143447K->85726K(175104K)] 584408K->551123K(699392K), 0.0102388 secs] [Times: user=0.15 sys=0.00, real=0.01 secs] 
2016-09-15T12:07:04.765-0400: 36.579: [Full GC (Ergonomics) [PSYoungGen: 85726K->0K(175104K)] [ParOldGen: 465397K->52704K(524288K)] 551123K->52704K(699392K), [Metaspace: 44118K->44118K(1087488K)], 0.0530372 secs] [Times: user=0.34 sys=0.01, real=0.06 secs] 
2016-09-15T12:07:04.924-0400: 36.737: [GC (GCLocker Initiated GC) [PSYoungGen: 88064K->86242K(175104K)] 140769K->157172K(699392K), 0.0130288 secs] [Times: user=0.18 sys=0.00, real=0.02 secs] 
2016-09-15T12:07:05.047-0400: 36.861: [GC (GCLocker Initiated GC) [PSYoungGen: 174306K->79715K(175104K)] 245273K->187867K(699392K), 0.0122624 secs] [Times: user=0.17 sys=0.00, real=0.02 secs] 
2016-09-15T12:07:05.183-0400: 36.997: [GC (GCLocker Initiated GC) [PSYoungGen: 167779K->49767K(175104K)] 282182K->212931K(699392K), 0.0147632 secs] [Times: user=0.20 sys=0.00, real=0.02 secs] 
2016-09-15T12:07:05.314-0400: 37.128: [GC (GCLocker Initiated GC) [PSYoungGen: 137831K->67697K(175104K)] 301025K->249414K(699392K), 0.0097486 secs] [Times: user=0.12 sys=0.00, real=0.01 secs] 
2016-09-15T12:07:05.454-0400: 37.268: [GC (Allocation Failure) [PSYoungGen: 155761K->79747K(175104K)] 343740K->286071K(699392K), 0.0103706 secs] [Times: user=0.13 sys=0.00, real=0.01 secs] 
2016-09-15T12:07:05.602-0400: 37.416: [GC (GCLocker Initiated GC) [PSYoungGen: 167336K->37098K(175104K)] 379736K->249764K(699392K), 0.0210437 secs] [Times: user=0.28 sys=0.00, real=0.02 secs] 
2016-09-15T12:07:07.537-0400: 39.350: [GC (GCLocker Initiated GC) [PSYoungGen: 125162K->55223K(175104K)] 343951K->274419K(699392K), 0.0130921 secs] [Times: user=0.10 sys=0.00, real=0.01 secs] 
2016-09-15T12:07:07.692-0400: 39.506: [GC (Allocation Failure) [PSYoungGen: 143287K->43009K(175104K)] 362536K->317257K(699392K), 0.0133451 secs] [Times: user=0.11 sys=0.00, real=0.01 secs] 
2016-09-15T12:07:07.838-0400: 39.652: [GC (Allocation Failure) [PSYoungGen: 126876K->42973K(175104K)] 401124K->360045K(699392K), 0.0327524 secs] [Times: user=0.32 sys=0.00, real=0.03 secs] 
2016-09-15T12:07:08.001-0400: 39.814: [GC (GCLocker Initiated GC) [PSYoungGen: 131032K->79487K(175104K)] 448111K->414918K(699392K), 0.0111896 secs] [Times: user=0.11 sys=0.01, real=0.01 secs] 
2016-09-15T12:07:08.122-0400: 39.935: [GC (GCLocker Initiated GC) [PSYoungGen: 167551K->79455K(175104K)] 503011K->469710K(699392K), 0.0190108 secs] [Times: user=0.18 sys=0.00, real=0.02 secs] 
2016-09-15T12:07:08.279-0400: 40.093: [GC (Allocation Failure) [PSYoungGen: 167519K->61462K(175104K)] 563924K->506594K(699392K), 0.0135746 secs] [Times: user=0.14 sys=0.01, real=0.01 secs] 
2016-09-15T12:07:08.293-0400: 40.107: [Full GC (Ergonomics) [PSYoungGen: 61462K->0K(175104K)] [ParOldGen: 445132K->52589K(524288K)] 506594K->52589K(699392K), [Metaspace: 44131K->44131K(1087488K)], 0.0572045 secs] [Times: user=0.26 sys=0.01, real=0.06 secs] 
2016-09-15T12:07:08.464-0400: 40.278: [GC (GCLocker Initiated GC) [PSYoungGen: 88064K->86014K(175104K)] 140658K->150758K(699392K), 0.0251236 secs] [Times: user=0.26 sys=0.00, real=0.03 secs] 
2016-09-15T12:07:08.596-0400: 40.410: [GC (GCLocker Initiated GC) [PSYoungGen: 174078K->86150K(175104K)] 244962K->242819K(699392K), 0.0144641 secs] [Times: user=0.22 sys=0.01, real=0.01 secs] 
2016-09-15T12:07:08.723-0400: 40.537: [GC (GCLocker Initiated GC) [PSYoungGen: 174214K->86018K(175104K)] 330963K->328313K(699392K), 0.0153874 secs] [Times: user=0.25 sys=0.00, real=0.02 secs] 
2016-09-15T12:07:08.848-0400: 40.662: [GC (GCLocker Initiated GC) [PSYoungGen: 174082K->79943K(175104K)] 422673K->365143K(699392K), 0.0122654 secs] [Times: user=0.17 sys=0.00, real=0.01 secs] 
2016-09-15T12:07:08.976-0400: 40.789: [GC (GCLocker Initiated GC) [PSYoungGen: 168007K->73476K(175104K)] 453305K->419824K(699392K), 0.0140409 secs] [Times: user=0.17 sys=0.02, real=0.01 secs] 
2016-09-15T12:07:09.103-0400: 40.917: [GC (GCLocker Initiated GC) [PSYoungGen: 161540K->73772K(175104K)] 520219K->505519K(699392K), 0.0131394 secs] [Times: user=0.18 sys=0.00, real=0.02 secs] 
2016-09-15T12:07:09.116-0400: 40.930: [Full GC (Ergonomics) [PSYoungGen: 73772K->0K(175104K)] [ParOldGen: 431747K->64317K(524288K)] 505519K->64317K(699392K), [Metaspace: 44136K->44136K(1087488K)], 0.0510253 secs] [Times: user=0.38 sys=0.00, real=0.04 secs] 
2016-09-15T12:07:09.295-0400: 41.109: [GC (GCLocker Initiated GC) [PSYoungGen: 88064K->86178K(175104K)] 152417K->168756K(699392K), 0.0099716 secs] [Times: user=0.11 sys=0.01, real=0.01 secs] 
2016-09-15T12:07:09.438-0400: 41.252: [GC (GCLocker Initiated GC) [PSYoungGen: 174242K->43365K(175104K)] 257031K->199758K(699392K), 0.0183333 secs] [Times: user=0.20 sys=0.00, real=0.02 secs] 
2016-09-15T12:07:09.591-0400: 41.405: [GC (GCLocker Initiated GC) [PSYoungGen: 131429K->30795K(175104K)] 287829K->205647K(699392K), 0.0089317 secs] [Times: user=0.07 sys=0.00, real=0.01 secs] 
2016-09-15T12:07:09.745-0400: 41.559: [GC (GCLocker Initiated GC) [PSYoungGen: 118859K->61330K(175104K)] 293753K->272802K(699392K), 0.0113755 secs] [Times: user=0.08 sys=0.00, real=0.02 secs] 
2016-09-15T12:07:09.885-0400: 41.699: [GC (GCLocker Initiated GC) [PSYoungGen: 149394K->55775K(175104K)] 373214K->340497K(699392K), 0.0095548 secs] [Times: user=0.11 sys=0.00, real=0.01 secs] 
2016-09-15T12:07:10.009-0400: 41.822: [GC (GCLocker Initiated GC) [PSYoungGen: 143839K->55579K(175104K)] 446889K->383236K(699392K), 0.0094695 secs] [Times: user=0.10 sys=0.00, real=0.01 secs] 
2016-09-15T12:07:10.108-0400: 41.922: [GC (GCLocker Initiated GC) [PSYoungGen: 143643K->73544K(175104K)] 477458K->425875K(699392K), 0.0234556 secs] [Times: user=0.31 sys=0.01, real=0.02 secs] 
2016-09-15T12:07:10.248-0400: 42.062: [GC (GCLocker Initiated GC) [PSYoungGen: 161608K->74359K(175104K)] 520224K->433127K(699392K), 0.0100674 secs] [Times: user=0.14 sys=0.00, real=0.01 secs] 
2016-09-15T12:07:10.372-0400: 42.186: [GC (Allocation Failure) [PSYoungGen: 162423K->55351K(175104K)] 527347K->439142K(699392K), 0.0082884 secs] [Times: user=0.13 sys=0.00, real=0.01 secs] 
2016-09-15T12:07:10.496-0400: 42.310: [GC (GCLocker Initiated GC) [PSYoungGen: 143415K->67469K(175104K)] 527206K->469581K(699392K), 0.0099268 secs] [Times: user=0.09 sys=0.00, real=0.00 secs] 
2016-09-15T12:07:10.612-0400: 42.426: [GC (GCLocker Initiated GC) [PSYoungGen: 155533K->85922K(175104K)] 557782K->512794K(699392K), 0.0180705 secs] [Times: user=0.24 sys=0.00, real=0.02 secs] 
2016-09-15T12:07:10.740-0400: 42.554: [GC (GCLocker Initiated GC) [PSYoungGen: 173986K->85822K(175104K)] 600978K->598344K(699392K), 0.0145735 secs] [Times: user=0.21 sys=0.01, real=0.01 secs] 
2016-09-15T12:07:10.755-0400: 42.569: [Full GC (Ergonomics) [PSYoungGen: 85822K->0K(175104K)] [ParOldGen: 512522K->58470K(524288K)] 598344K->58470K(699392K), [Metaspace: 44138K->44138K(1087488K)], 0.0493833 secs] [Times: user=0.27 sys=0.01, real=0.05 secs] 
2016-09-15T12:07:10.927-0400: 42.741: [GC (GCLocker Initiated GC) [PSYoungGen: 88064K->73868K(175104K)] 146589K->132393K(699392K), 0.0129670 secs] [Times: user=0.10 sys=0.00, real=0.02 secs] 
2016-09-15T12:07:11.045-0400: 42.859: [GC (Allocation Failure) [PSYoungGen: 161932K->37030K(175104K)] 220554K->163188K(699392K), 0.0106471 secs] [Times: user=0.08 sys=0.00, real=0.02 secs] 
2016-09-15T12:07:11.202-0400: 43.016: [GC (GCLocker Initiated GC) [PSYoungGen: 124536K->36902K(175104K)] 256769K->169387K(699392K), 0.0146083 secs] [Times: user=0.13 sys=0.00, real=0.02 secs] 
2016-09-15T12:07:11.341-0400: 43.155: [GC (GCLocker Initiated GC) [PSYoungGen: 124966K->67501K(175104K)] 263842K->206668K(699392K), 0.0146383 secs] [Times: user=0.13 sys=0.00, real=0.02 secs] 
2016-09-15T12:07:11.471-0400: 43.284: [GC (GCLocker Initiated GC) [PSYoungGen: 155565K->49212K(175104K)] 307159K->237367K(699392K), 0.0121740 secs] [Times: user=0.11 sys=0.01, real=0.01 secs] 
2016-09-15T12:07:11.603-0400: 43.416: [GC (Allocation Failure) [PSYoungGen: 137276K->37521K(175104K)] 337666K->238032K(699392K), 0.0057108 secs] [Times: user=0.06 sys=0.01, real=0.01 secs] 
2016-09-15T12:07:11.700-0400: 43.514: [GC (GCLocker Initiated GC) [PSYoungGen: 122269K->73608K(175104K)] 328855K->323361K(699392K), 0.0173312 secs] [Times: user=0.25 sys=0.00, real=0.02 secs] 
2016-09-15T12:07:11.827-0400: 43.641: [GC (GCLocker Initiated GC) [PSYoungGen: 161672K->85854K(175104K)] 411607K->414932K(699392K), 0.0160738 secs] [Times: user=0.25 sys=0.01, real=0.02 secs] 
2016-09-15T12:07:11.964-0400: 43.777: [GC (GCLocker Initiated GC) [PSYoungGen: 173918K->73804K(175104K)] 509175K->446006K(699392K), 0.0124409 secs] [Times: user=0.18 sys=0.00, real=0.02 secs] 
2016-09-15T12:07:12.068-0400: 43.882: [GC (GCLocker Initiated GC) [PSYoungGen: 161868K->85658K(175104K)] 534157K->549544K(699392K), 0.0220713 secs] [Times: user=0.33 sys=0.00, real=0.02 secs] 
2016-09-15T12:07:12.090-0400: 43.904: [Full GC (Ergonomics) [PSYoungGen: 85658K->0K(175104K)] [ParOldGen: 463886K->58330K(524288K)] 549544K->58330K(699392K), [Metaspace: 44144K->44144K(1087488K)], 0.0467834 secs] [Times: user=0.30 sys=0.00, real=0.05 secs] 
2016-09-15T12:07:12.237-0400: 44.051: [GC (GCLocker Initiated GC) [PSYoungGen: 88064K->86242K(175104K)] 146549K->169027K(699392K), 0.0119603 secs] [Times: user=0.18 sys=0.00, real=0.01 secs] 
2016-09-15T12:07:12.355-0400: 44.169: [GC (GCLocker Initiated GC) [PSYoungGen: 174306K->61394K(175104K)] 257150K->224097K(699392K), 0.0137864 secs] [Times: user=0.22 sys=0.00, real=0.02 secs] 
2016-09-15T12:07:12.478-0400: 44.292: [GC (GCLocker Initiated GC) [PSYoungGen: 149458K->85986K(175104K)] 318283K->303711K(699392K), 0.0119092 secs] [Times: user=0.19 sys=0.00, real=0.01 secs] 
2016-09-15T12:07:12.631-0400: 44.445: [GC (Allocation Failure) [PSYoungGen: 174050K->85594K(175104K)] 391817K->352277K(699392K), 0.0174579 secs] [Times: user=0.20 sys=0.00, real=0.02 secs] 
2016-09-15T12:07:12.775-0400: 44.589: [GC (GCLocker Initiated GC) [PSYoungGen: 173658K->30663K(175104K)] 440341K->352124K(699392K), 0.0189517 secs] [Times: user=0.20 sys=0.00, real=0.02 secs] 
2016-09-15T12:07:12.885-0400: 44.699: [GC (GCLocker Initiated GC) [PSYoungGen: 118727K->85694K(175104K)] 440370K->431741K(699392K), 0.0202861 secs] [Times: user=0.24 sys=0.00, real=0.02 secs] 
2016-09-15T12:07:13.015-0400: 44.829: [GC (GCLocker Initiated GC) [PSYoungGen: 173758K->79615K(175104K)] 526056K->486903K(699392K), 0.0121632 secs] [Times: user=0.18 sys=0.00, real=0.01 secs] 
2016-09-15T12:07:13.142-0400: 44.956: [GC (GCLocker Initiated GC) [PSYoungGen: 167679K->74000K(175104K)] 581248K->530269K(699392K), 0.0113357 secs] [Times: user=0.17 sys=0.00, real=0.01 secs] 
2016-09-15T12:07:13.153-0400: 44.967: [Full GC (Ergonomics) [PSYoungGen: 74000K->0K(175104K)] [ParOldGen: 456269K->51679K(524288K)] 530269K->51679K(699392K), [Metaspace: 44148K->44148K(1087488K)], 0.0701569 secs] [Times: user=0.65 sys=0.00, real=0.07 secs] 
2016-09-15T12:07:13.319-0400: 45.133: [GC (GCLocker Initiated GC) [PSYoungGen: 88064K->86110K(175104K)] 140110K->162456K(699392K), 0.0109866 secs] [Times: user=0.16 sys=0.00, real=0.01 secs] 
2016-09-15T12:07:13.450-0400: 45.263: [GC (GCLocker Initiated GC) [PSYoungGen: 174174K->73868K(175104K)] 250735K->187442K(699392K), 0.0122543 secs] [Times: user=0.18 sys=0.01, real=0.01 secs] 
2016-09-15T12:07:13.576-0400: 45.390: [GC (Allocation Failure) [PSYoungGen: 161932K->55515K(175104K)] 275862K->187797K(699392K), 0.0101479 secs] [Times: user=0.11 sys=0.00, real=0.00 secs] 
2016-09-15T12:07:13.708-0400: 45.521: [GC (GCLocker Initiated GC) [PSYoungGen: 138919K->55743K(175104K)] 277277K->212641K(699392K), 0.0103324 secs] [Times: user=0.16 sys=0.00, real=0.01 secs] 
2016-09-15T12:07:13.844-0400: 45.658: [GC (GCLocker Initiated GC) [PSYoungGen: 143807K->73868K(175104K)] 300892K->249297K(699392K), 0.0213755 secs] [Times: user=0.21 sys=0.00, real=0.02 secs] 
2016-09-15T12:07:13.980-0400: 45.794: [GC (GCLocker Initiated GC) [PSYoungGen: 161932K->73840K(175104K)] 337471K->279889K(699392K), 0.0199609 secs] [Times: user=0.24 sys=0.00, real=0.02 secs] 
2016-09-15T12:07:14.109-0400: 45.922: [GC (GCLocker Initiated GC) [PSYoungGen: 161904K->30859K(175104K)] 368230K->261760K(699392K), 0.0067242 secs] [Times: user=0.05 sys=0.01, real=0.00 secs] 
2016-09-15T12:07:14.231-0400: 46.045: [GC (GCLocker Initiated GC) [PSYoungGen: 118923K->73576K(175104K)] 349945K->322959K(699392K), 0.0218535 secs] [Times: user=0.29 sys=0.00, real=0.02 secs] 
2016-09-15T12:07:14.339-0400: 46.153: [GC (GCLocker Initiated GC) [PSYoungGen: 161640K->85822K(175104K)] 417453K->384632K(699392K), 0.0119664 secs] [Times: user=0.15 sys=0.00, real=0.01 secs] 
2016-09-15T12:07:14.487-0400: 46.300: [GC (GCLocker Initiated GC) [PSYoungGen: 173886K->86182K(175104K)] 472811K->427948K(699392K), 0.0124979 secs] [Times: user=0.15 sys=0.00, real=0.02 secs] 
2016-09-15T12:07:14.600-0400: 46.413: [GC (GCLocker Initiated GC) [PSYoungGen: 174246K->61458K(175104K)] 516266K->446295K(699392K), 0.0132050 secs] [Times: user=0.16 sys=0.00, real=0.01 secs] 
2016-09-15T12:07:14.715-0400: 46.529: [GC (GCLocker Initiated GC) [PSYoungGen: 149522K->85986K(175104K)] 534518K->519922K(699392K), 0.0120232 secs] [Times: user=0.19 sys=0.00, real=0.01 secs] 
2016-09-15T12:07:14.845-0400: 46.659: [GC (Allocation Failure) [PSYoungGen: 174050K->80011K(175104K)] 608033K->550752K(699392K), 0.0169434 secs] [Times: user=0.19 sys=0.00, real=0.02 secs] 
2016-09-15T12:07:14.862-0400: 46.676: [Full GC (Ergonomics) [PSYoungGen: 80011K->0K(175104K)] [ParOldGen: 470741K->45709K(524288K)] 550752K->45709K(699392K), [Metaspace: 44156K->44156K(1087488K)], 0.0505642 secs] [Times: user=0.23 sys=0.02, real=0.05 secs] 
2016-09-15T12:07:15.027-0400: 46.841: [GC (Allocation Failure) [PSYoungGen: 88064K->85950K(175104K)] 133773K->137735K(699392K), 0.0169484 secs] [Times: user=0.20 sys=0.00, real=0.02 secs] 
2016-09-15T12:07:15.156-0400: 46.970: [GC (GCLocker Initiated GC) [PSYoungGen: 174014K->67533K(175104K)] 225804K->174554K(699392K), 0.0178083 secs] [Times: user=0.21 sys=0.00, real=0.01 secs] 
2016-09-15T12:07:15.285-0400: 47.099: [GC (GCLocker Initiated GC) [PSYoungGen: 155597K->43073K(175104K)] 262850K->205253K(699392K), 0.0138501 secs] [Times: user=0.16 sys=0.00, real=0.02 secs] 
2016-09-15T12:07:15.411-0400: 47.225: [GC (GCLocker Initiated GC) [PSYoungGen: 131137K->55355K(175104K)] 293599K->248280K(699392K), 0.0124811 secs] [Times: user=0.12 sys=0.00, real=0.01 secs] 
2016-09-15T12:07:15.526-0400: 47.340: [GC (GCLocker Initiated GC) [PSYoungGen: 143419K->79619K(175104K)] 336408K->297364K(699392K), 0.0100295 secs] [Times: user=0.13 sys=0.00, real=0.02 secs] 
2016-09-15T12:07:15.650-0400: 47.464: [GC (GCLocker Initiated GC) [PSYoungGen: 167683K->73968K(175104K)] 391634K->371135K(699392K), 0.0131370 secs] [Times: user=0.22 sys=0.00, real=0.01 secs] 
2016-09-15T12:07:15.808-0400: 47.622: [GC (GCLocker Initiated GC) [PSYoungGen: 162032K->37126K(175104K)] 477530K->371320K(699392K), 0.0091492 secs] [Times: user=0.13 sys=0.00, real=0.01 secs] 
2016-09-15T12:07:15.952-0400: 47.766: [GC (GCLocker Initiated GC) [PSYoungGen: 125190K->55223K(175104K)] 465720K->396004K(699392K), 0.0163408 secs] [Times: user=0.21 sys=0.00, real=0.02 secs] 
2016-09-15T12:07:16.111-0400: 47.925: [GC (GCLocker Initiated GC) [PSYoungGen: 143287K->18933K(175104K)] 496770K->390924K(699392K), 0.0114385 secs] [Times: user=0.18 sys=0.00, real=0.01 secs] 
2016-09-15T12:07:16.254-0400: 48.068: [GC (Allocation Failure) [PSYoungGen: 106997K->37485K(175104K)] 497541K->428321K(699392K), 0.0085398 secs] [Times: user=0.11 sys=0.00, real=0.01 secs] 
2016-09-15T12:07:16.377-0400: 48.191: [GC (GCLocker Initiated GC) [PSYoungGen: 124070K->55351K(175104K)] 520980K->470597K(699392K), 0.0270326 secs] [Times: user=0.35 sys=0.00, real=0.02 secs] 
2016-09-15T12:07:16.523-0400: 48.337: [GC (GCLocker Initiated GC) [PSYoungGen: 143415K->79751K(175104K)] 558670K->495094K(699392K), 0.0282836 secs] [Times: user=0.40 sys=0.00, real=0.03 secs] 
2016-09-15T12:07:16.710-0400: 48.523: [GC (Allocation Failure) [PSYoungGen: 167815K->79651K(175104K)] 583200K->531769K(699392K), 0.0112946 secs] [Times: user=0.11 sys=0.01, real=0.01 secs] 
2016-09-15T12:07:16.721-0400: 48.535: [Full GC (Ergonomics) [PSYoungGen: 79651K->0K(175104K)] [ParOldGen: 452118K->45292K(524288K)] 531769K->45292K(699392K), [Metaspace: 44161K->44161K(1087488K)], 0.0482476 secs] [Times: user=0.34 sys=0.01, real=0.05 secs] 
2016-09-15T12:07:16.882-0400: 48.696: [GC (GCLocker Initiated GC) [PSYoungGen: 88064K->86078K(175104K)] 133362K->173901K(699392K), 0.0144554 secs] [Times: user=0.21 sys=0.00, real=0.02 secs] 
2016-09-15T12:07:17.009-0400: 48.823: [GC (GCLocker Initiated GC) [PSYoungGen: 174142K->67629K(175104K)] 262135K->229109K(699392K), 0.0133187 secs] [Times: user=0.20 sys=0.00, real=0.01 secs] 
2016-09-15T12:07:17.132-0400: 48.946: [GC (GCLocker Initiated GC) [PSYoungGen: 155691K->73868K(175104K)] 323608K->260169K(699392K), 0.0096905 secs] [Times: user=0.14 sys=0.00, real=0.01 secs] 
2016-09-15T12:07:17.254-0400: 49.068: [GC (GCLocker Initiated GC) [PSYoungGen: 161932K->67633K(175104K)] 348449K->309124K(699392K), 0.0209083 secs] [Times: user=0.21 sys=0.01, real=0.02 secs] 
2016-09-15T12:07:17.378-0400: 49.192: [GC (GCLocker Initiated GC) [PSYoungGen: 155697K->55351K(175104K)] 397449K->358145K(699392K), 0.0111003 secs] [Times: user=0.12 sys=0.00, real=0.01 secs] 
2016-09-15T12:07:17.479-0400: 49.293: [GC (GCLocker Initiated GC) [PSYoungGen: 143415K->73448K(175104K)] 446381K->394906K(699392K), 0.0099260 secs] [Times: user=0.07 sys=0.00, real=0.01 secs] 
2016-09-15T12:07:17.615-0400: 49.429: [GC (GCLocker Initiated GC) [PSYoungGen: 161512K->49244K(175104K)] 495397K->401614K(699392K), 0.0178240 secs] [Times: user=0.21 sys=0.00, real=0.02 secs] 
2016-09-15T12:07:17.729-0400: 49.543: [GC (GCLocker Initiated GC) [PSYoungGen: 137308K->73444K(175104K)] 489809K->468794K(699392K), 0.0123793 secs] [Times: user=0.20 sys=0.00, real=0.01 secs] 
2016-09-15T12:07:17.862-0400: 49.676: [GC (GCLocker Initiated GC) [PSYoungGen: 161508K->85954K(175104K)] 557023K->499821K(699392K), 0.0242439 secs] [Times: user=0.33 sys=0.00, real=0.02 secs] 
2016-09-15T12:07:17.987-0400: 49.801: [GC (GCLocker Initiated GC) [PSYoungGen: 174018K->61458K(175104K)] 588078K->554965K(699392K), 0.0116232 secs] [Times: user=0.18 sys=0.01, real=0.02 secs] 
2016-09-15T12:07:17.999-0400: 49.812: [Full GC (Ergonomics) [PSYoungGen: 61458K->0K(175104K)] [ParOldGen: 493507K->51622K(524288K)] 554965K->51622K(699392K), [Metaspace: 44193K->44193K(1087488K)], 0.0443244 secs] [Times: user=0.39 sys=0.00, real=0.04 secs] 
2016-09-15T12:07:18.145-0400: 49.959: [GC (GCLocker Initiated GC) [PSYoungGen: 88064K->86826K(175104K)] 145833K->150670K(699392K), 0.0110346 secs] [Times: user=0.18 sys=0.00, real=0.02 secs] 
2016-09-15T12:07:18.278-0400: 50.092: [GC (GCLocker Initiated GC) [PSYoungGen: 174890K->55970K(175104K)] 251140K->151765K(699392K), 0.0081906 secs] [Times: user=0.12 sys=0.00, real=0.00 secs] 
2016-09-15T12:07:18.419-0400: 50.233: [GC (GCLocker Initiated GC) [PSYoungGen: 144034K->55223K(175104K)] 246271K->175952K(699392K), 0.0169235 secs] [Times: user=0.15 sys=0.00, real=0.02 secs] 
2016-09-15T12:07:18.556-0400: 50.370: [GC (GCLocker Initiated GC) [PSYoungGen: 143287K->55579K(175104K)] 270340K->200968K(699392K), 0.0145974 secs] [Times: user=0.18 sys=0.00, real=0.01 secs] 
2016-09-15T12:07:18.671-0400: 50.485: [GC (GCLocker Initiated GC) [PSYoungGen: 143643K->61426K(175104K)] 295216K->225416K(699392K), 0.0326776 secs] [Times: user=0.40 sys=0.00, real=0.03 secs] 
2016-09-15T12:07:18.814-0400: 50.628: [GC (GCLocker Initiated GC) [PSYoungGen: 149490K->85954K(175104K)] 313657K->250256K(699392K), 0.0077956 secs] [Times: user=0.08 sys=0.00, real=0.01 secs] 
2016-09-15T12:07:18.949-0400: 50.763: [GC (GCLocker Initiated GC) [PSYoungGen: 174018K->73508K(175104K)] 338428K->293245K(699392K), 0.0118313 secs] [Times: user=0.17 sys=0.01, real=0.01 secs] 
2016-09-15T12:07:19.096-0400: 50.910: [GC (GCLocker Initiated GC) [PSYoungGen: 161572K->55351K(175104K)] 393803K->305927K(699392K), 0.0096475 secs] [Times: user=0.10 sys=0.00, real=0.00 secs] 
2016-09-15T12:07:19.238-0400: 51.052: [GC (GCLocker Initiated GC) [PSYoungGen: 143415K->55807K(175104K)] 400270K->331194K(699392K), 0.0177029 secs] [Times: user=0.20 sys=0.00, real=0.02 secs] 
2016-09-15T12:07:19.360-0400: 51.174: [GC (GCLocker Initiated GC) [PSYoungGen: 143871K->85662K(175104K)] 419462K->373687K(699392K), 0.0169240 secs] [Times: user=0.16 sys=0.00, real=0.02 secs] 
2016-09-15T12:07:19.507-0400: 51.321: [GC (GCLocker Initiated GC) [PSYoungGen: 173726K->55351K(175104K)] 467923K->392192K(699392K), 0.0082669 secs] [Times: user=0.08 sys=0.00, real=0.02 secs] 
2016-09-15T12:07:19.651-0400: 51.465: [GC (GCLocker Initiated GC) [PSYoungGen: 143415K->49280K(175104K)] 492745K->398877K(699392K), 0.0102811 secs] [Times: user=0.10 sys=0.00, real=0.01 secs] 
2016-09-15T12:07:19.761-0400: 51.575: [GC (GCLocker Initiated GC) [PSYoungGen: 137344K->85758K(175104K)] 487017K->447865K(699392K), 0.0133694 secs] [Times: user=0.18 sys=0.00, real=0.01 secs] 
2016-09-15T12:07:19.881-0400: 51.694: [GC (GCLocker Initiated GC) [PSYoungGen: 173822K->73804K(175104K)] 542209K->515431K(699392K), 0.0247611 secs] [Times: user=0.36 sys=0.00, real=0.02 secs] 
2016-09-15T12:07:19.905-0400: 51.719: [Full GC (Ergonomics) [PSYoungGen: 73804K->0K(175104K)] [ParOldGen: 441627K->51847K(524288K)] 515431K->51847K(699392K), [Metaspace: 44193K->44193K(1087488K)], 0.0495654 secs] [Times: user=0.32 sys=0.01, real=0.05 secs] 
2016-09-15T12:07:20.068-0400: 51.882: [GC (Allocation Failure) [PSYoungGen: 88064K->86242K(175104K)] 140360K->162839K(699392K), 0.0129790 secs] [Times: user=0.18 sys=0.00, real=0.01 secs] 
2016-09-15T12:07:20.185-0400: 51.998: [GC (GCLocker Initiated GC) [PSYoungGen: 172012K->67533K(175104K)] 254684K->187382K(699392K), 0.0097772 secs] [Times: user=0.12 sys=0.00, real=0.01 secs] 
2016-09-15T12:07:20.296-0400: 52.110: [GC (GCLocker Initiated GC) [PSYoungGen: 155597K->73540K(175104K)] 275516K->212000K(699392K), 0.0089788 secs] [Times: user=0.13 sys=0.00, real=0.00 secs] 
2016-09-15T12:07:20.418-0400: 52.231: [GC (GCLocker Initiated GC) [PSYoungGen: 161604K->86086K(175104K)] 300167K->236918K(699392K), 0.0104410 secs] [Times: user=0.10 sys=0.00, real=0.01 secs] 
2016-09-15T12:07:20.562-0400: 52.375: [GC (GCLocker Initiated GC) [PSYoungGen: 174150K->49212K(175104K)] 331318K->243098K(699392K), 0.0132667 secs] [Times: user=0.13 sys=0.00, real=0.01 secs] 
2016-09-15T12:07:20.683-0400: 52.496: [GC (GCLocker Initiated GC) [PSYoungGen: 137276K->79947K(175104K)] 331186K->286275K(699392K), 0.0093895 secs] [Times: user=0.08 sys=0.00, real=0.01 secs] 
2016-09-15T12:07:20.817-0400: 52.630: [GC (GCLocker Initiated GC) [PSYoungGen: 168011K->79619K(175104K)] 374443K->310610K(699392K), 0.0098596 secs] [Times: user=0.10 sys=0.00, real=0.00 secs] 
2016-09-15T12:07:20.951-0400: 52.765: [GC (Allocation Failure) [PSYoungGen: 167683K->73772K(175104K)] 398985K->335600K(699392K), 0.0117032 secs] [Times: user=0.12 sys=0.01, real=0.01 secs] 
2016-09-15T12:07:21.091-0400: 52.904: [GC (GCLocker Initiated GC) [PSYoungGen: 161836K->55255K(175104K)] 423670K->353798K(699392K), 0.0166505 secs] [Times: user=0.16 sys=0.00, real=0.01 secs] 
2016-09-15T12:07:21.254-0400: 53.068: [GC (Allocation Failure) [PSYoungGen: 143319K->37421K(175104K)] 454250K->366705K(699392K), 0.0074517 secs] [Times: user=0.06 sys=0.00, real=0.01 secs] 
2016-09-15T12:07:21.372-0400: 53.186: [GC (GCLocker Initiated GC) [PSYoungGen: 125485K->73608K(175104K)] 454774K->421397K(699392K), 0.0176117 secs] [Times: user=0.20 sys=0.00, real=0.02 secs] 
2016-09-15T12:07:21.495-0400: 53.309: [GC (GCLocker Initiated GC) [PSYoungGen: 161672K->55255K(175104K)] 509514K->451817K(699392K), 0.0198463 secs] [Times: user=0.23 sys=0.00, real=0.02 secs] 
2016-09-15T12:07:21.609-0400: 53.423: [GC (GCLocker Initiated GC) [PSYoungGen: 143319K->79943K(175104K)] 552078K->525484K(699392K), 0.0159816 secs] [Times: user=0.20 sys=0.01, real=0.01 secs] 
2016-09-15T12:07:21.732-0400: 53.546: [GC (GCLocker Initiated GC) [PSYoungGen: 168007K->79715K(175104K)] 613629K->574416K(699392K), 0.0181694 secs] [Times: user=0.25 sys=0.00, real=0.02 secs] 
2016-09-15T12:07:21.751-0400: 53.565: [Full GC (Ergonomics) [PSYoungGen: 79715K->0K(175104K)] [ParOldGen: 494701K->51881K(524288K)] 574416K->51881K(699392K), [Metaspace: 44195K->44195K(1087488K)], 0.0543694 secs] [Times: user=0.42 sys=0.00, real=0.05 secs] 
2016-09-15T12:07:21.927-0400: 53.741: [GC (GCLocker Initiated GC) [PSYoungGen: 88064K->86078K(175104K)] 139987K->180526K(699392K), 0.0129097 secs] [Times: user=0.19 sys=0.00, real=0.02 secs] 
2016-09-15T12:07:22.067-0400: 53.881: [GC (GCLocker Initiated GC) [PSYoungGen: 174142K->73704K(175104K)] 268850K->241884K(699392K), 0.0140556 secs] [Times: user=0.21 sys=0.01, real=0.02 secs] 
2016-09-15T12:07:22.198-0400: 54.011: [GC (GCLocker Initiated GC) [PSYoungGen: 161768K->61786K(175104K)] 336171K->254737K(699392K), 0.0118231 secs] [Times: user=0.18 sys=0.00, real=0.01 secs] 
2016-09-15T12:07:22.320-0400: 54.133: [GC (GCLocker Initiated GC) [PSYoungGen: 149850K->55479K(175104K)] 355251K->285660K(699392K), 0.0108208 secs] [Times: user=0.17 sys=0.00, real=0.01 secs] 
2016-09-15T12:07:22.468-0400: 54.282: [GC (GCLocker Initiated GC) [PSYoungGen: 143543K->49020K(175104K)] 373878K->291592K(699392K), 0.0266410 secs] [Times: user=0.21 sys=0.00, real=0.02 secs] 
2016-09-15T12:07:22.597-0400: 54.411: [GC (GCLocker Initiated GC) [PSYoungGen: 137084K->85794K(175104K)] 380017K->335062K(699392K), 0.0278211 secs] [Times: user=0.26 sys=0.00, real=0.02 secs] 
2016-09-15T12:07:22.740-0400: 54.554: [GC (Allocation Failure) [PSYoungGen: 173858K->43009K(175104K)] 429405K->329182K(699392K), 0.0322142 secs] [Times: user=0.32 sys=0.01, real=0.03 secs] 
2016-09-15T12:07:22.874-0400: 54.688: [GC (GCLocker Initiated GC) [PSYoungGen: 131073K->55319K(175104K)] 417252K->396432K(699392K), 0.0132207 secs] [Times: user=0.10 sys=0.00, real=0.01 secs] 
2016-09-15T12:07:23.017-0400: 54.831: [GC (GCLocker Initiated GC) [PSYoungGen: 143383K->67733K(175104K)] 484863K->427713K(699392K), 0.0188978 secs] [Times: user=0.16 sys=0.00, real=0.02 secs] 
2016-09-15T12:07:23.166-0400: 54.980: [GC (GCLocker Initiated GC) [PSYoungGen: 155797K->73512K(175104K)] 516139K->452698K(699392K), 0.0140873 secs] [Times: user=0.14 sys=0.00, real=0.02 secs] 
2016-09-15T12:07:23.272-0400: 55.086: [GC (GCLocker Initiated GC) [PSYoungGen: 161576K->85598K(175104K)] 540961K->489371K(699392K), 0.0140000 secs] [Times: user=0.09 sys=0.00, real=0.01 secs] 
2016-09-15T12:07:23.403-0400: 55.217: [GC (GCLocker Initiated GC) [PSYoungGen: 173662K->74523K(175104K)] 577790K->509187K(699392K), 0.0103715 secs] [Times: user=0.13 sys=0.00, real=0.01 secs] 
2016-09-15T12:07:23.512-0400: 55.326: [GC (GCLocker Initiated GC) --[PSYoungGen: 162587K->162587K(175104K)] 609538K->683238K(699392K), 0.0150143 secs] [Times: user=0.21 sys=0.01, real=0.01 secs] 
2016-09-15T12:07:23.527-0400: 55.341: [Full GC (Ergonomics) [PSYoungGen: 162587K->0K(175104K)] [ParOldGen: 520650K->70195K(524288K)] 683238K->70195K(699392K), [Metaspace: 44198K->44198K(1087488K)], 0.0513685 secs] [Times: user=0.31 sys=0.01, real=0.06 secs] 
2016-09-15T12:07:23.694-0400: 55.508: [GC (GCLocker Initiated GC) [PSYoungGen: 88064K->74971K(175104K)] 164403K->151311K(699392K), 0.0105752 secs] [Times: user=0.13 sys=0.01, real=0.01 secs] 
2016-09-15T12:07:23.809-0400: 55.623: [GC (Allocation Failure) [PSYoungGen: 163035K->85822K(175104K)] 245554K->199847K(699392K), 0.0120828 secs] [Times: user=0.18 sys=0.00, real=0.01 secs] 
2016-09-15T12:07:23.961-0400: 55.775: [GC (GCLocker Initiated GC) [PSYoungGen: 171748K->18901K(175104K)] 291848K->187760K(699392K), 0.0069571 secs] [Times: user=0.09 sys=0.00, real=0.01 secs] 
2016-09-15T12:07:24.083-0400: 55.897: [GC (GCLocker Initiated GC) [PSYoungGen: 106965K->61722K(175104K)] 275840K->230888K(699392K), 0.0207081 secs] [Times: user=0.21 sys=0.00, real=0.02 secs] 
2016-09-15T12:07:24.218-0400: 56.032: [GC (GCLocker Initiated GC) [PSYoungGen: 149786K->79715K(175104K)] 319184K->267826K(699392K), 0.0170003 secs] [Times: user=0.18 sys=0.01, real=0.01 secs] 
2016-09-15T12:07:24.349-0400: 56.162: [GC (GCLocker Initiated GC) [PSYoungGen: 167779K->55778K(175104K)] 368379K->280782K(699392K), 0.0208785 secs] [Times: user=0.20 sys=0.00, real=0.02 secs] 
2016-09-15T12:07:24.485-0400: 56.299: [GC (Allocation Failure) [PSYoungGen: 143842K->79619K(175104K)] 369101K->323533K(699392K), 0.0181116 secs] [Times: user=0.19 sys=0.00, real=0.02 secs] 
2016-09-15T12:07:24.627-0400: 56.441: [GC (GCLocker Initiated GC) [PSYoungGen: 167683K->55255K(175104K)] 411603K->329638K(699392K), 0.0080679 secs] [Times: user=0.08 sys=0.00, real=0.01 secs] 
2016-09-15T12:07:24.729-0400: 56.543: [GC (GCLocker Initiated GC) [PSYoungGen: 143319K->85662K(175104K)] 418075K->360529K(699392K), 0.0227890 secs] [Times: user=0.24 sys=0.01, real=0.02 secs] 
2016-09-15T12:07:24.879-0400: 56.693: [GC (GCLocker Initiated GC) [PSYoungGen: 173726K->73576K(175104K)] 454929K->391512K(699392K), 0.0242721 secs] [Times: user=0.30 sys=0.00, real=0.02 secs] 
2016-09-15T12:07:25.018-0400: 56.832: [GC (Allocation Failure) [PSYoungGen: 161640K->73740K(175104K)] 479881K->410490K(699392K), 0.0122050 secs] [Times: user=0.12 sys=0.00, real=0.01 secs] 
2016-09-15T12:07:25.031-0400: 56.845: [GC (GCLocker Initiated GC) [PSYoungGen: 73749K->32K(175104K)] 410499K->410216K(699392K), 0.0076628 secs] [Times: user=0.08 sys=0.00, real=0.01 secs] 
2016-09-15T12:07:25.161-0400: 56.975: [GC (GCLocker Initiated GC) [PSYoungGen: 88096K->85630K(175104K)] 498285K->507970K(699392K), 0.0378383 secs] [Times: user=0.42 sys=0.00, real=0.04 secs] 
2016-09-15T12:07:25.314-0400: 57.127: [GC (GCLocker Initiated GC) [PSYoungGen: 173694K->49244K(175104K)] 596271K->526772K(699392K), 0.0255065 secs] [Times: user=0.27 sys=0.00, real=0.03 secs] 
2016-09-15T12:07:25.339-0400: 57.153: [Full GC (Ergonomics) [PSYoungGen: 49244K->0K(175104K)] [ParOldGen: 477528K->51817K(524288K)] 526772K->51817K(699392K), [Metaspace: 44204K->44204K(1087488K)], 0.0558805 secs] [Times: user=0.39 sys=0.01, real=0.05 secs] 
2016-09-15T12:07:25.506-0400: 57.320: [GC (GCLocker Initiated GC) [PSYoungGen: 88064K->85758K(175104K)] 140192K->143961K(699392K), 0.0088041 secs] [Times: user=0.13 sys=0.00, real=0.01 secs] 
2016-09-15T12:07:25.649-0400: 57.463: [GC (GCLocker Initiated GC) [PSYoungGen: 173822K->55611K(175104K)] 238450K->157176K(699392K), 0.0087679 secs] [Times: user=0.13 sys=0.00, real=0.01 secs] 
2016-09-15T12:07:25.803-0400: 57.617: [GC (GCLocker Initiated GC) [PSYoungGen: 143675K->37194K(175104K)] 251485K->163489K(699392K), 0.0199835 secs] [Times: user=0.14 sys=0.00, real=0.02 secs] 
2016-09-15T12:07:25.952-0400: 57.765: [GC (GCLocker Initiated GC) [PSYoungGen: 125258K->36998K(175104K)] 264053K->194317K(699392K), 0.0070528 secs] [Times: user=0.09 sys=0.00, real=0.01 secs] 
2016-09-15T12:07:26.094-0400: 57.908: [GC (GCLocker Initiated GC) [PSYoungGen: 125062K->55579K(175104K)] 282467K->213111K(699392K), 0.0147324 secs] [Times: user=0.17 sys=0.00, real=0.02 secs] 
2016-09-15T12:07:26.227-0400: 58.041: [GC (GCLocker Initiated GC) [PSYoungGen: 143643K->79715K(175104K)] 301374K->255791K(699392K), 0.0212982 secs] [Times: user=0.28 sys=0.00, real=0.03 secs] 
2016-09-15T12:07:26.361-0400: 58.175: [GC (GCLocker Initiated GC) [PSYoungGen: 167779K->74391K(175104K)] 350094K->293317K(699392K), 0.0136601 secs] [Times: user=0.20 sys=0.01, real=0.01 secs] 
2016-09-15T12:07:26.482-0400: 58.295: [GC (GCLocker Initiated GC) [PSYoungGen: 162455K->86050K(175104K)] 381439K->366115K(699392K), 0.0123491 secs] [Times: user=0.19 sys=0.00, real=0.01 secs] 
2016-09-15T12:07:26.608-0400: 58.422: [GC (GCLocker Initiated GC) [PSYoungGen: 174114K->43461K(175104K)] 466583K->421452K(699392K), 0.0130625 secs] [Times: user=0.19 sys=0.00, real=0.01 secs] 
2016-09-15T12:07:26.718-0400: 58.532: [GC (GCLocker Initiated GC) [PSYoungGen: 131525K->55415K(175104K)] 515633K->476281K(699392K), 0.0112598 secs] [Times: user=0.17 sys=0.00, real=0.01 secs] 
2016-09-15T12:07:26.847-0400: 58.661: [GC (GCLocker Initiated GC) [PSYoungGen: 143479K->55643K(175104K)] 570524K->501065K(699392K), 0.0080659 secs] [Times: user=0.12 sys=0.00, real=0.01 secs] 
2016-09-15T12:07:26.856-0400: 58.669: [Full GC (Ergonomics) [PSYoungGen: 55643K->0K(175104K)] [ParOldGen: 445422K->45562K(524288K)] 501065K->45562K(699392K), [Metaspace: 44208K->44208K(1087488K)], 0.0490574 secs] [Times: user=0.36 sys=0.02, real=0.05 secs] 
2016-09-15T12:07:27.010-0400: 58.824: [GC (GCLocker Initiated GC) [PSYoungGen: 88064K->86694K(175104K)] 133982K->175138K(699392K), 0.0109167 secs] [Times: user=0.17 sys=0.01, real=0.01 secs] 
2016-09-15T12:07:27.127-0400: 58.940: [GC (GCLocker Initiated GC) [PSYoungGen: 174758K->73640K(175104K)] 263350K->224302K(699392K), 0.0124043 secs] [Times: user=0.18 sys=0.00, real=0.02 secs] 
2016-09-15T12:07:27.288-0400: 59.102: [GC (GCLocker Initiated GC) [PSYoungGen: 161704K->74000K(175104K)] 324558K->273464K(699392K), 0.0089750 secs] [Times: user=0.13 sys=0.00, real=0.01 secs] 
2016-09-15T12:07:27.406-0400: 59.220: [GC (GCLocker Initiated GC) [PSYoungGen: 162064K->79715K(175104K)] 367728K->322300K(699392K), 0.0110928 secs] [Times: user=0.14 sys=0.01, real=0.02 secs] 
2016-09-15T12:07:27.527-0400: 59.341: [GC (GCLocker Initiated GC) [PSYoungGen: 167779K->61622K(175104K)] 410551K->347211K(699392K), 0.0129246 secs] [Times: user=0.10 sys=0.00, real=0.02 secs] 
2016-09-15T12:07:27.641-0400: 59.455: [GC (GCLocker Initiated GC) [PSYoungGen: 149686K->86150K(175104K)] 435322K->438911K(699392K), 0.0145487 secs] [Times: user=0.20 sys=0.00, real=0.02 secs] 
2016-09-15T12:07:27.775-0400: 59.589: [GC (GCLocker Initiated GC) [PSYoungGen: 174214K->85562K(175104K)] 527140K->493651K(699392K), 0.0127348 secs] [Times: user=0.21 sys=0.00, real=0.02 secs] 
2016-09-15T12:07:27.895-0400: 59.708: [GC (GCLocker Initiated GC) [PSYoungGen: 173626K->73868K(175104K)] 587853K->548997K(699392K), 0.0133590 secs] [Times: user=0.18 sys=0.00, real=0.02 secs] 
2016-09-15T12:07:27.908-0400: 59.722: [Full GC (Ergonomics) [PSYoungGen: 73868K->0K(175104K)] [ParOldGen: 475129K->51863K(524288K)] 548997K->51863K(699392K), [Metaspace: 44228K->44228K(1087488K)], 0.0527486 secs] [Times: user=0.38 sys=0.02, real=0.05 secs] 
2016-09-15T12:07:28.066-0400: 59.880: [GC (Allocation Failure) [PSYoungGen: 88064K->86210K(175104K)] 139952K->162398K(699392K), 0.0113002 secs] [Times: user=0.17 sys=0.01, real=0.02 secs] 
2016-09-15T12:07:28.217-0400: 60.031: [GC (GCLocker Initiated GC) [PSYoungGen: 170380K->55479K(175104K)] 252644K->180839K(699392K), 0.0112076 secs] [Times: user=0.16 sys=0.00, real=0.01 secs] 
2016-09-15T12:07:28.322-0400: 60.136: [GC (GCLocker Initiated GC) [PSYoungGen: 143543K->67337K(175104K)] 269057K->193174K(699392K), 0.0097485 secs] [Times: user=0.14 sys=0.00, real=0.01 secs] 
2016-09-15T12:07:28.433-0400: 60.246: [GC (GCLocker Initiated GC) [PSYoungGen: 155401K->86509K(175104K)] 281397K->255199K(699392K), 0.0137227 secs] [Times: user=0.19 sys=0.00, real=0.01 secs] 
2016-09-15T12:07:28.547-0400: 60.360: [GC (GCLocker Initiated GC) [PSYoungGen: 174573K->79747K(175104K)] 349609K->291908K(699392K), 0.0118435 secs] [Times: user=0.20 sys=0.01, real=0.02 secs] 
2016-09-15T12:07:28.676-0400: 60.490: [GC (Allocation Failure) [PSYoungGen: 167811K->86314K(175104K)] 380276K->335373K(699392K), 0.0111417 secs] [Times: user=0.14 sys=0.00, real=0.00 secs] 
2016-09-15T12:07:28.805-0400: 60.618: [GC (GCLocker Initiated GC) [PSYoungGen: 174378K->61522K(175104K)] 423449K->347350K(699392K), 0.0097837 secs] [Times: user=0.10 sys=0.00, real=0.01 secs] 
2016-09-15T12:07:28.926-0400: 60.740: [GC (Allocation Failure) [PSYoungGen: 149584K->73936K(175104K)] 441837K->366324K(699392K), 0.0086418 secs] [Times: user=0.09 sys=0.00, real=0.01 secs] 
2016-09-15T12:07:29.067-0400: 60.881: [GC (GCLocker Initiated GC) [PSYoungGen: 162000K->49116K(175104K)] 454400K->378389K(699392K), 0.0141389 secs] [Times: user=0.13 sys=0.01, real=0.02 secs] 
2016-09-15T12:07:29.208-0400: 61.022: [GC (GCLocker Initiated GC) [PSYoungGen: 137180K->37226K(175104K)] 478925K->397315K(699392K), 0.0087708 secs] [Times: user=0.08 sys=0.00, real=0.01 secs] 
2016-09-15T12:07:29.334-0400: 61.148: [GC (GCLocker Initiated GC) [PSYoungGen: 125290K->55842K(175104K)] 491602K->422446K(699392K), 0.0103241 secs] [Times: user=0.14 sys=0.01, real=0.01 secs] 
2016-09-15T12:07:29.461-0400: 61.274: [GC (GCLocker Initiated GC) [PSYoungGen: 143906K->85822K(175104K)] 516627K->501195K(699392K), 0.0105434 secs] [Times: user=0.13 sys=0.00, real=0.01 secs] 
2016-09-15T12:07:29.618-0400: 61.432: [GC (Allocation Failure) [PSYoungGen: 173886K->55191K(175104K)] 589373K->543681K(699392K), 0.0123442 secs] [Times: user=0.11 sys=0.01, real=0.01 secs] 
2016-09-15T12:07:29.631-0400: 61.444: [Full GC (Ergonomics) [PSYoungGen: 55191K->0K(175104K)] [ParOldGen: 488490K->46081K(524288K)] 543681K->46081K(699392K), [Metaspace: 44252K->44252K(1087488K)], 0.0489626 secs] [Times: user=0.29 sys=0.00, real=0.05 secs] 
2016-09-15T12:07:29.773-0400: 61.587: [GC (GCLocker Initiated GC) [PSYoungGen: 86283K->85982K(175104K)] 138440K->150288K(699392K), 0.0167938 secs] [Times: user=0.19 sys=0.01, real=0.02 secs] 
2016-09-15T12:07:29.900-0400: 61.714: [GC (GCLocker Initiated GC) [PSYoungGen: 174046K->73868K(175104K)] 238439K->187424K(699392K), 0.0217574 secs] [Times: user=0.29 sys=0.00, real=0.02 secs] 
2016-09-15T12:07:30.026-0400: 61.840: [GC (GCLocker Initiated GC) [PSYoungGen: 161932K->85986K(175104K)] 275626K->260761K(699392K), 0.0123277 secs] [Times: user=0.17 sys=0.00, real=0.02 secs] 
2016-09-15T12:07:30.138-0400: 61.952: [GC (Allocation Failure) [PSYoungGen: 174050K->73704K(175104K)] 355250K->328308K(699392K), 0.0123058 secs] [Times: user=0.19 sys=0.01, real=0.01 secs] 
2016-09-15T12:07:30.261-0400: 62.075: [GC (GCLocker Initiated GC) [PSYoungGen: 158529K->74000K(175104K)] 419209K->353211K(699392K), 0.0116152 secs] [Times: user=0.19 sys=0.00, real=0.01 secs] 
2016-09-15T12:07:30.410-0400: 62.223: [GC (Allocation Failure) [PSYoungGen: 162064K->42973K(175104K)] 447481K->346719K(699392K), 0.0097632 secs] [Times: user=0.09 sys=0.00, real=0.01 secs] 
2016-09-15T12:07:30.519-0400: 62.333: [GC (GCLocker Initiated GC) [PSYoungGen: 131037K->86018K(175104K)] 434789K->426364K(699392K), 0.0121329 secs] [Times: user=0.16 sys=0.00, real=0.01 secs] 
2016-09-15T12:07:30.665-0400: 62.479: [GC (GCLocker Initiated GC) [PSYoungGen: 174082K->37421K(175104K)] 520743K->420996K(699392K), 0.0101347 secs] [Times: user=0.11 sys=0.00, real=0.01 secs] 
2016-09-15T12:07:30.811-0400: 62.625: [GC (Allocation Failure) [PSYoungGen: 125485K->55223K(175104K)] 521409K->451241K(699392K), 0.0147216 secs] [Times: user=0.16 sys=0.00, real=0.01 secs] 
2016-09-15T12:07:30.912-0400: 62.726: [GC (GCLocker Initiated GC) [PSYoungGen: 143287K->67501K(175104K)] 539311K->506317K(699392K), 0.0170328 secs] [Times: user=0.16 sys=0.00, real=0.02 secs] 
2016-09-15T12:07:31.046-0400: 62.859: [GC (Allocation Failure) [PSYoungGen: 155565K->61266K(175104K)] 594518K->536937K(699392K), 0.0193008 secs] [Times: user=0.16 sys=0.00, real=0.02 secs] 
2016-09-15T12:07:31.065-0400: 62.879: [Full GC (Ergonomics) [PSYoungGen: 61266K->0K(175104K)] [ParOldGen: 475671K->52369K(524288K)] 536937K->52369K(699392K), [Metaspace: 44258K->44258K(1087488K)], 0.0510176 secs] [Times: user=0.24 sys=0.01, real=0.06 secs] 
2016-09-15T12:07:31.227-0400: 63.040: [GC (GCLocker Initiated GC) [PSYoungGen: 88064K->86046K(175104K)] 140439K->162722K(699392K), 0.0105909 secs] [Times: user=0.12 sys=0.00, real=0.02 secs] 
2016-09-15T12:07:31.369-0400: 63.182: [GC (GCLocker Initiated GC) [PSYoungGen: 174110K->36966K(175104K)] 250945K->175082K(699392K), 0.0481618 secs] [Times: user=0.54 sys=0.00, real=0.05 secs] 
2016-09-15T12:07:31.501-0400: 63.315: [GC (GCLocker Initiated GC) [PSYoungGen: 125030K->55123K(175104K)] 269286K->266488K(699392K), 0.0107597 secs] [Times: user=0.11 sys=0.01, real=0.01 secs] 
2016-09-15T12:07:31.618-0400: 63.432: [GC (GCLocker Initiated GC) [PSYoungGen: 143187K->86282K(175104K)] 354739K->304028K(699392K), 0.0100316 secs] [Times: user=0.11 sys=0.00, real=0.01 secs] 
2016-09-15T12:07:31.727-0400: 63.540: [GC (GCLocker Initiated GC) [PSYoungGen: 174346K->73608K(175104K)] 392386K->310336K(699392K), 0.0102025 secs] [Times: user=0.13 sys=0.00, real=0.02 secs] 
2016-09-15T12:07:31.871-0400: 63.684: [GC (GCLocker Initiated GC) [PSYoungGen: 161672K->55579K(175104K)] 410766K->365559K(699392K), 0.0096244 secs] [Times: user=0.11 sys=0.00, real=0.01 secs] 
2016-09-15T12:07:32.013-0400: 63.827: [GC (GCLocker Initiated GC) [PSYoungGen: 143643K->61266K(175104K)] 453815K->371862K(699392K), 0.0148118 secs] [Times: user=0.15 sys=0.00, real=0.02 secs] 
2016-09-15T12:07:32.136-0400: 63.949: [GC (GCLocker Initiated GC) [PSYoungGen: 149330K->61426K(175104K)] 460142K->415078K(699392K), 0.0217456 secs] [Times: user=0.26 sys=0.01, real=0.03 secs] 
2016-09-15T12:07:32.266-0400: 64.080: [GC (GCLocker Initiated GC) [PSYoungGen: 149490K->61658K(175104K)] 503190K->439957K(699392K), 0.0100037 secs] [Times: user=0.09 sys=0.00, real=0.02 secs] 
2016-09-15T12:07:32.432-0400: 64.246: [GC (GCLocker Initiated GC) [PSYoungGen: 149722K->30990K(175104K)] 540359K->458486K(699392K), 0.0341644 secs] [Times: user=0.27 sys=0.00, real=0.03 secs] 
2016-09-15T12:07:32.584-0400: 64.398: [GC (Allocation Failure) [PSYoungGen: 119054K->67437K(175104K)] 552857K->501530K(699392K), 0.0325252 secs] [Times: user=0.28 sys=0.00, real=0.04 secs] 
2016-09-15T12:07:32.728-0400: 64.541: [GC (GCLocker Initiated GC) [PSYoungGen: 155501K->55419K(175104K)] 589600K->538229K(699392K), 0.0177669 secs] [Times: user=0.17 sys=0.01, real=0.01 secs] 
2016-09-15T12:07:32.746-0400: 64.559: [Full GC (Ergonomics) [PSYoungGen: 55419K->0K(175104K)] [ParOldGen: 482810K->46063K(524288K)] 538229K->46063K(699392K), [Metaspace: 44262K->44262K(1087488K)], 0.0535313 secs] [Times: user=0.28 sys=0.00, real=0.06 secs] 
2016-09-15T12:07:32.897-0400: 64.711: [GC (Allocation Failure) [PSYoungGen: 88064K->67273K(175104K)] 134359K->113569K(699392K), 0.0102918 secs] [Times: user=0.08 sys=0.01, real=0.00 secs] 
2016-09-15T12:07:33.004-0400: 64.818: [GC (GCLocker Initiated GC) [PSYoungGen: 155337K->67765K(175104K)] 201633K->168847K(699392K), 0.0161435 secs] [Times: user=0.17 sys=0.00, real=0.02 secs] 
2016-09-15T12:07:33.135-0400: 64.949: [GC (GCLocker Initiated GC) [PSYoungGen: 155829K->67729K(175104K)] 257177K->206007K(699392K), 0.0136326 secs] [Times: user=0.13 sys=0.01, real=0.02 secs] 
2016-09-15T12:07:33.256-0400: 65.070: [GC (GCLocker Initiated GC) [PSYoungGen: 155793K->85890K(175104K)] 294426K->249115K(699392K), 0.0244843 secs] [Times: user=0.26 sys=0.00, real=0.02 secs] 
2016-09-15T12:07:33.379-0400: 65.193: [GC (GCLocker Initiated GC) [PSYoungGen: 173954K->42945K(175104K)] 337304K->230862K(699392K), 0.0205685 secs] [Times: user=0.22 sys=0.00, real=0.02 secs] 
2016-09-15T12:07:33.518-0400: 65.332: [GC (GCLocker Initiated GC) [PSYoungGen: 131009K->73804K(175104K)] 319231K->280371K(699392K), 0.0122902 secs] [Times: user=0.16 sys=0.00, real=0.01 secs] 
2016-09-15T12:07:33.647-0400: 65.461: [GC (GCLocker Initiated GC) [PSYoungGen: 161868K->79683K(175104K)] 374737K->329137K(699392K), 0.0150925 secs] [Times: user=0.22 sys=0.01, real=0.02 secs] 
2016-09-15T12:07:33.795-0400: 65.609: [GC (Allocation Failure) [PSYoungGen: 167747K->43660K(175104K)] 417422K->342055K(699392K), 0.0087085 secs] [Times: user=0.10 sys=0.01, real=0.01 secs] 
2016-09-15T12:07:33.898-0400: 65.712: [GC (GCLocker Initiated GC) [PSYoungGen: 131724K->79683K(175104K)] 430125K->403019K(699392K), 0.0109342 secs] [Times: user=0.10 sys=0.01, real=0.01 secs] 
2016-09-15T12:07:34.047-0400: 65.861: [GC (GCLocker Initiated GC) [PSYoungGen: 167747K->73640K(175104K)] 497284K->457956K(699392K), 0.0325951 secs] [Times: user=0.44 sys=0.00, real=0.04 secs] 
2016-09-15T12:07:34.200-0400: 66.014: [GC (GCLocker Initiated GC) [PSYoungGen: 161704K->55383K(175104K)] 552115K->464162K(699392K), 0.0102939 secs] [Times: user=0.12 sys=0.00, real=0.01 secs] 
2016-09-15T12:07:34.316-0400: 66.130: [GC (GCLocker Initiated GC) [PSYoungGen: 143447K->73836K(175104K)] 558516K->507266K(699392K), 0.0151160 secs] [Times: user=0.21 sys=0.00, real=0.01 secs] 
2016-09-15T12:07:34.435-0400: 66.248: [GC (GCLocker Initiated GC) [PSYoungGen: 161900K->85986K(175104K)] 595360K->568362K(699392K), 0.0125706 secs] [Times: user=0.20 sys=0.00, real=0.01 secs] 
2016-09-15T12:07:34.447-0400: 66.261: [Full GC (Ergonomics) [PSYoungGen: 85986K->0K(175104K)] [ParOldGen: 482376K->52322K(524288K)] 568362K->52322K(699392K), [Metaspace: 44307K->44307K(1087488K)], 0.0498028 secs] [Times: user=0.36 sys=0.01, real=0.06 secs] 
2016-09-15T12:07:34.610-0400: 66.424: [GC (GCLocker Initiated GC) [PSYoungGen: 88064K->86078K(175104K)] 146497K->162737K(699392K), 0.0168543 secs] [Times: user=0.22 sys=0.00, real=0.01 secs] 
2016-09-15T12:07:34.730-0400: 66.544: [GC (GCLocker Initiated GC) [PSYoungGen: 174142K->43265K(175104K)] 251111K->236223K(699392K), 0.0128916 secs] [Times: user=0.18 sys=0.00, real=0.01 secs] 
2016-09-15T12:07:34.854-0400: 66.668: [GC (Allocation Failure) [PSYoungGen: 131329K->86150K(175104K)] 324419K->334066K(699392K), 0.0130875 secs] [Times: user=0.19 sys=0.00, real=0.01 secs] 
2016-09-15T12:07:34.990-0400: 66.803: [GC (GCLocker Initiated GC) [PSYoungGen: 174214K->73772K(175104K)] 422136K->376668K(699392K), 0.0111069 secs] [Times: user=0.15 sys=0.01, real=0.01 secs] 
2016-09-15T12:07:35.121-0400: 66.935: [GC (GCLocker Initiated GC) [PSYoungGen: 161836K->55483K(175104K)] 470956K->383104K(699392K), 0.0163956 secs] [Times: user=0.18 sys=0.00, real=0.02 secs] 
2016-09-15T12:07:35.259-0400: 67.072: [GC (GCLocker Initiated GC) [PSYoungGen: 143547K->61394K(175104K)] 477938K->444513K(699392K), 0.0191142 secs] [Times: user=0.24 sys=0.00, real=0.02 secs] 
2016-09-15T12:07:35.407-0400: 67.221: [GC (GCLocker Initiated GC) [PSYoungGen: 149458K->67565K(175104K)] 538845K->457219K(699392K), 0.0261682 secs] [Times: user=0.32 sys=0.00, real=0.03 secs] 
2016-09-15T12:07:35.542-0400: 67.355: [GC (GCLocker Initiated GC) [PSYoungGen: 155629K->85630K(175104K)] 545331K->487742K(699392K), 0.0111418 secs] [Times: user=0.09 sys=0.00, real=0.01 secs] 
2016-09-15T12:07:35.678-0400: 67.492: [GC (GCLocker Initiated GC) [PSYoungGen: 173694K->55387K(175104K)] 575959K->512626K(699392K), 0.0180664 secs] [Times: user=0.19 sys=0.00, real=0.02 secs] 
2016-09-15T12:07:35.696-0400: 67.510: [Full GC (Ergonomics) [PSYoungGen: 55387K->0K(175104K)] [ParOldGen: 457239K->46244K(524288K)] 512626K->46244K(699392K), [Metaspace: 44307K->44307K(1087488K)], 0.0495053 secs] [Times: user=0.21 sys=0.01, real=0.04 secs] 
2016-09-15T12:07:35.859-0400: 67.673: [GC (GCLocker Initiated GC) [PSYoungGen: 88064K->86210K(175104K)] 134624K->150995K(699392K), 0.0215479 secs] [Times: user=0.22 sys=0.00, real=0.02 secs] 
2016-09-15T12:07:36.009-0400: 67.822: [GC (GCLocker Initiated GC) [PSYoungGen: 174274K->36738K(175104K)] 245159K->162797K(699392K), 0.0159171 secs] [Times: user=0.12 sys=0.01, real=0.01 secs] 
2016-09-15T12:07:36.128-0400: 67.942: [GC (GCLocker Initiated GC) [PSYoungGen: 124802K->61526K(175104K)] 250886K->199863K(699392K), 0.0161702 secs] [Times: user=0.16 sys=0.00, real=0.01 secs] 
2016-09-15T12:07:36.238-0400: 68.052: [GC (GCLocker Initiated GC) [PSYoungGen: 149590K->55255K(175104K)] 294070K->266875K(699392K), 0.0255207 secs] [Times: user=0.26 sys=0.01, real=0.02 secs] 
2016-09-15T12:07:36.357-0400: 68.171: [GC (GCLocker Initiated GC) [PSYoungGen: 143319K->79683K(175104K)] 355054K->309927K(699392K), 0.0178086 secs] [Times: user=0.22 sys=0.00, real=0.01 secs] 
2016-09-15T12:07:36.501-0400: 68.315: [GC (GCLocker Initiated GC) [PSYoungGen: 167747K->67533K(175104K)] 404695K->371409K(699392K), 0.0160578 secs] [Times: user=0.17 sys=0.00, real=0.02 secs] 
2016-09-15T12:07:36.652-0400: 68.466: [GC (GCLocker Initiated GC) [PSYoungGen: 155597K->73348K(175104K)] 465635K->402059K(699392K), 0.0109481 secs] [Times: user=0.13 sys=0.00, real=0.01 secs] 
2016-09-15T12:07:36.794-0400: 68.608: [GC (Allocation Failure) [PSYoungGen: 161412K->49244K(175104K)] 496385K->439028K(699392K), 0.0253479 secs] [Times: user=0.28 sys=0.00, real=0.03 secs] 
2016-09-15T12:07:36.942-0400: 68.756: [GC (GCLocker Initiated GC) [PSYoungGen: 137308K->43261K(175104K)] 527256K->469802K(699392K), 0.0185852 secs] [Times: user=0.19 sys=0.00, real=0.02 secs] 
2016-09-15T12:07:37.067-0400: 68.880: [GC (GCLocker Initiated GC) [PSYoungGen: 131325K->85626K(175104K)] 557908K->536637K(699392K), 0.0103159 secs] [Times: user=0.12 sys=0.01, real=0.02 secs] 
2016-09-15T12:07:37.077-0400: 68.891: [Full GC (Ergonomics) [PSYoungGen: 85626K->0K(175104K)] [ParOldGen: 451011K->52658K(524288K)] 536637K->52658K(699392K), [Metaspace: 44319K->44319K(1087488K)], 0.0559967 secs] [Times: user=0.38 sys=0.00, real=0.05 secs] 
2016-09-15T12:07:37.250-0400: 69.064: [GC (GCLocker Initiated GC) [PSYoungGen: 88064K->86146K(175104K)] 140842K->138924K(699392K), 0.0103555 secs] [Times: user=0.08 sys=0.01, real=0.01 secs] 
2016-09-15T12:07:37.394-0400: 69.207: [GC (GCLocker Initiated GC) [PSYoungGen: 174210K->73444K(175104K)] 227063K->163811K(699392K), 0.0137507 secs] [Times: user=0.17 sys=0.01, real=0.01 secs] 
2016-09-15T12:07:37.543-0400: 69.357: [GC (GCLocker Initiated GC) [PSYoungGen: 161508K->67369K(175104K)] 252040K->212703K(699392K), 0.0126061 secs] [Times: user=0.15 sys=0.01, real=0.02 secs] 
2016-09-15T12:07:37.670-0400: 69.484: [GC (GCLocker Initiated GC) [PSYoungGen: 155433K->73412K(175104K)] 300770K->218884K(699392K), 0.0122004 secs] [Times: user=0.15 sys=0.01, real=0.01 secs] 
2016-09-15T12:07:37.779-0400: 69.593: [GC (GCLocker Initiated GC) [PSYoungGen: 161476K->85954K(175104K)] 307012K->237685K(699392K), 0.0147206 secs] [Times: user=0.19 sys=0.00, real=0.01 secs] 
2016-09-15T12:07:37.911-0400: 69.725: [GC (Allocation Failure) [PSYoungGen: 174018K->74196K(175104K)] 332140K->275135K(699392K), 0.0175034 secs] [Times: user=0.19 sys=0.01, real=0.02 secs] 
2016-09-15T12:07:38.028-0400: 69.842: [GC (GCLocker Initiated GC) [PSYoungGen: 161125K->79487K(175104K)] 368139K->323586K(699392K), 0.0107812 secs] [Times: user=0.11 sys=0.00, real=0.01 secs] 
2016-09-15T12:07:38.152-0400: 69.966: [GC (GCLocker Initiated GC) [PSYoungGen: 167551K->37325K(175104K)] 417898K->306018K(699392K), 0.0081254 secs] [Times: user=0.06 sys=0.00, real=0.01 secs] 
2016-09-15T12:07:38.276-0400: 70.090: [GC (GCLocker Initiated GC) [PSYoungGen: 125389K->79359K(175104K)] 394282K->348682K(699392K), 0.0206511 secs] [Times: user=0.19 sys=0.01, real=0.02 secs] 
2016-09-15T12:07:38.407-0400: 70.221: [GC (GCLocker Initiated GC) [PSYoungGen: 167423K->85790K(175104K)] 436811K->403889K(699392K), 0.0327420 secs] [Times: user=0.36 sys=0.02, real=0.04 secs] 
2016-09-15T12:07:38.555-0400: 70.369: [GC (GCLocker Initiated GC) [PSYoungGen: 173854K->67505K(175104K)] 498262K->404306K(699392K), 0.0111704 secs] [Times: user=0.07 sys=0.00, real=0.01 secs] 
2016-09-15T12:07:38.713-0400: 70.527: [GC (GCLocker Initiated GC) [PSYoungGen: 155569K->43105K(175104K)] 498549K->422982K(699392K), 0.0078351 secs] [Times: user=0.06 sys=0.01, real=0.01 secs] 
2016-09-15T12:07:38.842-0400: 70.656: [GC (GCLocker Initiated GC) [PSYoungGen: 131169K->85630K(175104K)] 511324K->478227K(699392K), 0.0106259 secs] [Times: user=0.07 sys=0.01, real=0.01 secs] 
2016-09-15T12:07:38.994-0400: 70.807: [GC (GCLocker Initiated GC) [PSYoungGen: 173694K->37094K(175104K)] 572408K->478616K(699392K), 0.0218652 secs] [Times: user=0.24 sys=0.01, real=0.02 secs] 
2016-09-15T12:07:39.109-0400: 70.923: [GC (GCLocker Initiated GC) [PSYoungGen: 125158K->85498K(175104K)] 566734K->533432K(699392K), 0.0264738 secs] [Times: user=0.27 sys=0.00, real=0.03 secs] 
2016-09-15T12:07:39.136-0400: 70.950: [Full GC (Ergonomics) [PSYoungGen: 85498K->0K(175104K)] [ParOldGen: 447934K->52317K(524288K)] 533432K->52317K(699392K), [Metaspace: 44319K->44319K(1087488K)], 0.0673468 secs] [Times: user=0.44 sys=0.00, real=0.06 secs] 
2016-09-15T12:07:39.301-0400: 71.115: [GC (Allocation Failure) [PSYoungGen: 88064K->86602K(175104K)] 140400K->163238K(699392K), 0.0108315 secs] [Times: user=0.15 sys=0.00, real=0.01 secs] 
2016-09-15T12:07:39.434-0400: 71.248: [GC (GCLocker Initiated GC) [PSYoungGen: 174666K->73672K(175104K)] 251303K->205892K(699392K), 0.0114901 secs] [Times: user=0.18 sys=0.01, real=0.01 secs] 
2016-09-15T12:07:39.555-0400: 71.369: [GC (GCLocker Initiated GC) [PSYoungGen: 161736K->80075K(175104K)] 300084K->218739K(699392K), 0.0075931 secs] [Times: user=0.09 sys=0.01, real=0.01 secs] 
2016-09-15T12:07:39.686-0400: 71.500: [GC (GCLocker Initiated GC) [PSYoungGen: 168139K->55251K(175104K)] 313122K->261316K(699392K), 0.0098430 secs] [Times: user=0.14 sys=0.00, real=0.02 secs] 
2016-09-15T12:07:39.833-0400: 71.647: [GC (GCLocker Initiated GC) [PSYoungGen: 143315K->79879K(175104K)] 361582K->298250K(699392K), 0.0074981 secs] [Times: user=0.08 sys=0.01, real=0.01 secs] 
2016-09-15T12:07:39.950-0400: 71.764: [GC (GCLocker Initiated GC) [PSYoungGen: 167943K->55874K(175104K)] 386624K->305246K(699392K), 0.0085242 secs] [Times: user=0.08 sys=0.00, real=0.01 secs] 
2016-09-15T12:07:40.075-0400: 71.889: [GC (Allocation Failure) [PSYoungGen: 143938K->85694K(175104K)] 393593K->359939K(699392K), 0.0185159 secs] [Times: user=0.21 sys=0.00, real=0.02 secs] 
2016-09-15T12:07:40.203-0400: 72.017: [GC (GCLocker Initiated GC) [PSYoungGen: 168462K->55415K(175104K)] 448782K->372313K(699392K), 0.0080785 secs] [Times: user=0.09 sys=0.00, real=0.01 secs] 
2016-09-15T12:07:40.326-0400: 72.140: [GC (GCLocker Initiated GC) [PSYoungGen: 143479K->55387K(175104K)] 460631K->390892K(699392K), 0.0215533 secs] [Times: user=0.20 sys=0.00, real=0.02 secs] 
2016-09-15T12:07:40.452-0400: 72.265: [GC (GCLocker Initiated GC) [PSYoungGen: 143451K->61490K(175104K)] 485106K->458292K(699392K), 0.0266005 secs] [Times: user=0.30 sys=0.00, real=0.03 secs] 
2016-09-15T12:07:40.613-0400: 72.427: [GC (GCLocker Initiated GC) [PSYoungGen: 149554K->37194K(175104K)] 552545K->458693K(699392K), 0.0175465 secs] [Times: user=0.18 sys=0.00, real=0.02 secs] 
2016-09-15T12:07:40.753-0400: 72.567: [GC (GCLocker Initiated GC) [PSYoungGen: 125258K->36902K(175104K)] 552948K->483380K(699392K), 0.0109927 secs] [Times: user=0.09 sys=0.01, real=0.01 secs] 
2016-09-15T12:07:40.879-0400: 72.693: [GC (GCLocker Initiated GC) [PSYoungGen: 124966K->67661K(175104K)] 571492K->538614K(699392K), 0.0095049 secs] [Times: user=0.08 sys=0.00, real=0.01 secs] 
2016-09-15T12:07:40.888-0400: 72.702: [Full GC (Ergonomics) [PSYoungGen: 67661K->0K(175104K)] [ParOldGen: 470953K->58949K(524288K)] 538614K->58949K(699392K), [Metaspace: 44321K->44321K(1087488K)], 0.0547834 secs] [Times: user=0.35 sys=0.00, real=0.05 secs] 
2016-09-15T12:07:41.047-0400: 72.861: [GC (GCLocker Initiated GC) [PSYoungGen: 88064K->86498K(175104K)] 153164K->181973K(699392K), 0.0109207 secs] [Times: user=0.16 sys=0.00, real=0.02 secs] 
2016-09-15T12:07:41.158-0400: 72.972: [GC (GCLocker Initiated GC) [PSYoungGen: 174562K->55415K(175104K)] 276457K->249434K(699392K), 0.0119326 secs] [Times: user=0.20 sys=0.00, real=0.01 secs] 
2016-09-15T12:07:41.285-0400: 73.099: [GC (GCLocker Initiated GC) [PSYoungGen: 143479K->79715K(175104K)] 337574K->292163K(699392K), 0.0108879 secs] [Times: user=0.17 sys=0.00, real=0.02 secs] 
2016-09-15T12:07:41.406-0400: 73.220: [GC (GCLocker Initiated GC) [PSYoungGen: 167779K->67665K(175104K)] 386439K->341167K(699392K), 0.0122325 secs] [Times: user=0.18 sys=0.00, real=0.02 secs] 
2016-09-15T12:07:41.533-0400: 73.347: [GC (GCLocker Initiated GC) [PSYoungGen: 155729K->73476K(175104K)] 429548K->378133K(699392K), 0.0117519 secs] [Times: user=0.17 sys=0.00, real=0.01 secs] 
2016-09-15T12:07:41.653-0400: 73.467: [GC (GCLocker Initiated GC) [PSYoungGen: 161540K->73572K(175104K)] 472281K->420914K(699392K), 0.0119391 secs] [Times: user=0.20 sys=0.00, real=0.01 secs] 
2016-09-15T12:07:41.762-0400: 73.576: [GC (Allocation Failure) [PSYoungGen: 161636K->74231K(175104K)] 509272K->421995K(699392K), 0.0098128 secs] [Times: user=0.15 sys=0.00, real=0.01 secs] 
2016-09-15T12:07:41.880-0400: 73.693: [GC (GCLocker Initiated GC) [PSYoungGen: 160674K->74000K(175104K)] 514513K->446535K(699392K), 0.0108352 secs] [Times: user=0.17 sys=0.01, real=0.01 secs] 
2016-09-15T12:07:42.021-0400: 73.835: [GC (GCLocker Initiated GC) [PSYoungGen: 162064K->73480K(175104K)] 534601K->446113K(699392K), 0.0152106 secs] [Times: user=0.16 sys=0.00, real=0.02 secs] 
2016-09-15T12:07:42.140-0400: 73.954: [GC (GCLocker Initiated GC) [PSYoungGen: 161544K->86445K(175104K)] 534438K->483956K(699392K), 0.0118456 secs] [Times: user=0.17 sys=0.00, real=0.01 secs] 
2016-09-15T12:07:42.277-0400: 74.091: [GC (Allocation Failure) [PSYoungGen: 174509K->79847K(175104K)] 578243K->520658K(699392K), 0.0110191 secs] [Times: user=0.15 sys=0.00, real=0.01 secs] 
2016-09-15T12:07:42.289-0400: 74.102: [GC (GCLocker Initiated GC) [PSYoungGen: 80065K->64K(175104K)] 520876K->520760K(699392K), 0.0099121 secs] [Times: user=0.11 sys=0.00, real=0.01 secs] 
2016-09-15T12:07:42.299-0400: 74.112: [Full GC (Ergonomics) [PSYoungGen: 64K->0K(175104K)] [ParOldGen: 520696K->52701K(524288K)] 520760K->52701K(699392K), [Metaspace: 44321K->44321K(1087488K)], 0.0549969 secs] [Times: user=0.34 sys=0.01, real=0.05 secs] 
2016-09-15T12:07:42.462-0400: 74.276: [GC (GCLocker Initiated GC) [PSYoungGen: 88064K->55447K(175104K)] 140770K->108154K(699392K), 0.0065072 secs] [Times: user=0.04 sys=0.00, real=0.01 secs] 
2016-09-15T12:07:42.604-0400: 74.418: [GC (Allocation Failure) [PSYoungGen: 143511K->61458K(175104K)] 202418K->157526K(699392K), 0.0164707 secs] [Times: user=0.19 sys=0.00, real=0.02 secs] 
2016-09-15T12:07:42.718-0400: 74.532: [GC (GCLocker Initiated GC) [PSYoungGen: 149522K->73444K(175104K)] 245596K->188050K(699392K), 0.0228529 secs] [Times: user=0.28 sys=0.00, real=0.02 secs] 
2016-09-15T12:07:42.846-0400: 74.659: [GC (GCLocker Initiated GC) [PSYoungGen: 161508K->85822K(175104K)] 276190K->243156K(699392K), 0.0123044 secs] [Times: user=0.12 sys=0.01, real=0.02 secs] 
2016-09-15T12:07:42.972-0400: 74.786: [GC (Allocation Failure) [PSYoungGen: 173886K->55775K(175104K)] 343541K->274353K(699392K), 0.0112826 secs] [Times: user=0.19 sys=0.00, real=0.01 secs] 
2016-09-15T12:07:43.103-0400: 74.916: [GC (GCLocker Initiated GC) [PSYoungGen: 143839K->49408K(175104K)] 362423K->304569K(699392K), 0.0106660 secs] [Times: user=0.12 sys=0.00, real=0.01 secs] 
2016-09-15T12:07:43.224-0400: 75.038: [GC (GCLocker Initiated GC) [PSYoungGen: 137472K->73544K(175104K)] 398817K->347307K(699392K), 0.0125132 secs] [Times: user=0.13 sys=0.00, real=0.02 secs] 
2016-09-15T12:07:43.345-0400: 75.158: [GC (Allocation Failure) [PSYoungGen: 161608K->37162K(175104K)] 447686K->341561K(699392K), 0.0145537 secs] [Times: user=0.15 sys=0.00, real=0.02 secs] 
2016-09-15T12:07:43.480-0400: 75.294: [GC (Allocation Failure) [PSYoungGen: 125226K->73608K(175104K)] 429625K->378502K(699392K), 0.0128528 secs] [Times: user=0.17 sys=0.00, real=0.01 secs] 
2016-09-15T12:07:43.617-0400: 75.431: [GC (GCLocker Initiated GC) [PSYoungGen: 161127K->73740K(175104K)] 472097K->384993K(699392K), 0.0104200 secs] [Times: user=0.10 sys=0.01, real=0.00 secs] 
2016-09-15T12:07:43.752-0400: 75.566: [GC (GCLocker Initiated GC) [PSYoungGen: 161804K->42941K(175104K)] 479212K->378865K(699392K), 0.0205537 secs] [Times: user=0.24 sys=0.00, real=0.02 secs] 
2016-09-15T12:07:43.878-0400: 75.692: [GC (GCLocker Initiated GC) [PSYoungGen: 131005K->85794K(175104K)] 473075K->427967K(699392K), 0.0091739 secs] [Times: user=0.09 sys=0.00, real=0.00 secs] 
2016-09-15T12:07:44.037-0400: 75.851: [GC (GCLocker Initiated GC) [PSYoungGen: 173858K->61266K(175104K)] 516096K->446460K(699392K), 0.0168245 secs] [Times: user=0.14 sys=0.00, real=0.01 secs] 
2016-09-15T12:07:44.178-0400: 75.992: [GC (GCLocker Initiated GC) [PSYoungGen: 149330K->49312K(175104K)] 534678K->477460K(699392K), 0.0232727 secs] [Times: user=0.23 sys=0.00, real=0.02 secs] 
2016-09-15T12:07:44.322-0400: 76.136: [GC (GCLocker Initiated GC) [PSYoungGen: 137376K->55583K(175104K)] 571955K->526895K(699392K), 0.0169597 secs] [Times: user=0.18 sys=0.00, real=0.02 secs] 
2016-09-15T12:07:44.340-0400: 76.153: [Full GC (Ergonomics) [PSYoungGen: 55583K->0K(175104K)] [ParOldGen: 471312K->52874K(524288K)] 526895K->52874K(699392K), [Metaspace: 44322K->44322K(1087488K)], 0.0562195 secs] [Times: user=0.29 sys=0.01, real=0.06 secs] 
2016-09-15T12:07:44.494-0400: 76.308: [GC (GCLocker Initiated GC) [PSYoungGen: 88064K->73804K(175104K)] 141209K->126950K(699392K), 0.0080793 secs] [Times: user=0.11 sys=0.00, real=0.01 secs] 
2016-09-15T12:07:44.617-0400: 76.431: [GC (GCLocker Initiated GC) [PSYoungGen: 161868K->73740K(175104K)] 215273K->163911K(699392K), 0.0103213 secs] [Times: user=0.14 sys=0.00, real=0.00 secs] 
2016-09-15T12:07:44.735-0400: 76.548: [GC (GCLocker Initiated GC) [PSYoungGen: 161804K->85822K(175104K)] 258137K->206778K(699392K), 0.0105883 secs] [Times: user=0.15 sys=0.00, real=0.01 secs] 
2016-09-15T12:07:44.861-0400: 76.675: [GC (Allocation Failure) [PSYoungGen: 173886K->85790K(175104K)] 301020K->249666K(699392K), 0.0106453 secs] [Times: user=0.13 sys=0.00, real=0.01 secs] 
2016-09-15T12:07:45.013-0400: 76.827: [GC (GCLocker Initiated GC) [PSYoungGen: 172009K->36834K(175104K)] 341960K->249569K(699392K), 0.0129437 secs] [Times: user=0.11 sys=0.01, real=0.01 secs] 
2016-09-15T12:07:45.129-0400: 76.943: [GC (GCLocker Initiated GC) [PSYoungGen: 124898K->73836K(175104K)] 337776K->286897K(699392K), 0.0077968 secs] [Times: user=0.10 sys=0.00, real=0.01 secs] 
2016-09-15T12:07:45.238-0400: 77.052: [GC (GCLocker Initiated GC) [PSYoungGen: 161900K->85790K(175104K)] 375212K->360175K(699392K), 0.0149096 secs] [Times: user=0.21 sys=0.00, real=0.01 secs] 
2016-09-15T12:07:45.348-0400: 77.162: [GC (GCLocker Initiated GC) [PSYoungGen: 173854K->85790K(175104K)] 448522K->415629K(699392K), 0.0138451 secs] [Times: user=0.21 sys=0.00, real=0.01 secs] 
2016-09-15T12:07:45.467-0400: 77.280: [GC (GCLocker Initiated GC) [PSYoungGen: 173854K->73704K(175104K)] 504060K->458917K(699392K), 0.0134624 secs] [Times: user=0.20 sys=0.00, real=0.02 secs] 
2016-09-15T12:07:45.605-0400: 77.419: [GC (GCLocker Initiated GC) [PSYoungGen: 161768K->73644K(175104K)] 559173K->489401K(699392K), 0.0098328 secs] [Times: user=0.16 sys=0.01, real=0.01 secs] 
2016-09-15T12:07:45.713-0400: 77.527: [GC (GCLocker Initiated GC) [PSYoungGen: 161708K->73576K(175104K)] 577642K->544485K(699392K), 0.0119780 secs] [Times: user=0.20 sys=0.00, real=0.01 secs] 
2016-09-15T12:07:45.725-0400: 77.539: [Full GC (Ergonomics) [PSYoungGen: 73576K->0K(175104K)] [ParOldGen: 470909K->46791K(524288K)] 544485K->46791K(699392K), [Metaspace: 44322K->44322K(1087488K)], 0.0544909 secs] [Times: user=0.39 sys=0.00, real=0.06 secs] 
2016-09-15T12:07:45.889-0400: 77.703: [GC (Allocation Failure) [PSYoungGen: 88064K->86210K(175104K)] 141224K->145445K(699392K), 0.0091771 secs] [Times: user=0.14 sys=0.00, real=0.01 secs] 
2016-09-15T12:07:46.019-0400: 77.833: [GC (GCLocker Initiated GC) [PSYoungGen: 174274K->73772K(175104K)] 233515K->169994K(699392K), 0.0120927 secs] [Times: user=0.15 sys=0.00, real=0.01 secs] 
2016-09-15T12:07:46.134-0400: 77.948: [GC (GCLocker Initiated GC) [PSYoungGen: 161836K->79715K(175104K)] 264203K->200615K(699392K), 0.0209760 secs] [Times: user=0.28 sys=0.00, real=0.02 secs] 
2016-09-15T12:07:46.278-0400: 78.092: [GC (GCLocker Initiated GC) [PSYoungGen: 167779K->61818K(175104K)] 294974K->255950K(699392K), 0.0354577 secs] [Times: user=0.48 sys=0.00, real=0.03 secs] 
2016-09-15T12:07:46.443-0400: 78.257: [GC (Allocation Failure) [PSYoungGen: 149882K->79683K(175104K)] 350216K->298533K(699392K), 0.0137696 secs] [Times: user=0.18 sys=0.00, real=0.02 secs] 
2016-09-15T12:07:46.458-0400: 78.272: [GC (GCLocker Initiated GC) [PSYoungGen: 79699K->160K(175104K)] 298549K->298379K(699392K), 0.0070265 secs] [Times: user=0.11 sys=0.00, real=0.00 secs] 
2016-09-15T12:07:46.593-0400: 78.406: [GC (GCLocker Initiated GC) [PSYoungGen: 88224K->86242K(175104K)] 386449K->390558K(699392K), 0.0124682 secs] [Times: user=0.18 sys=0.01, real=0.01 secs] 
2016-09-15T12:07:46.699-0400: 78.513: [GC (GCLocker Initiated GC) [PSYoungGen: 174306K->73900K(175104K)] 485031K->421826K(699392K), 0.0123084 secs] [Times: user=0.18 sys=0.01, real=0.01 secs] 
2016-09-15T12:07:46.840-0400: 78.654: [GC (Allocation Failure) [PSYoungGen: 161962K->73644K(175104K)] 510244K->440402K(699392K), 0.0192450 secs] [Times: user=0.22 sys=0.00, real=0.02 secs] 
2016-09-15T12:07:46.967-0400: 78.781: [GC (GCLocker Initiated GC) [PSYoungGen: 161708K->73608K(175104K)] 528467K->458883K(699392K), 0.0113352 secs] [Times: user=0.12 sys=0.00, real=0.02 secs] 
2016-09-15T12:07:47.091-0400: 78.905: [GC (GCLocker Initiated GC) [PSYoungGen: 161672K->55287K(175104K)] 547218K->477386K(699392K), 0.0230084 secs] [Times: user=0.26 sys=0.01, real=0.02 secs] 
2016-09-15T12:07:47.237-0400: 79.050: [GC (GCLocker Initiated GC) [PSYoungGen: 143351K->86054K(175104K)] 565481K->526537K(699392K), 0.0107993 secs] [Times: user=0.13 sys=0.01, real=0.00 secs] 
2016-09-15T12:07:47.335-0400: 79.149: [GC (GCLocker Initiated GC) [PSYoungGen: 174118K->85790K(175104K)] 614799K->587553K(699392K), 0.0138410 secs] [Times: user=0.18 sys=0.01, real=0.02 secs] 
2016-09-15T12:07:47.349-0400: 79.163: [Full GC (Ergonomics) [PSYoungGen: 85790K->0K(175104K)] [ParOldGen: 501763K->57762K(524288K)] 587553K->57762K(699392K), [Metaspace: 44322K->44322K(1087488K)], 0.1377233 secs] [Times: user=1.70 sys=0.01, real=0.13 secs] 
2016-09-15T12:07:47.612-0400: 79.426: [GC (GCLocker Initiated GC) [PSYoungGen: 88064K->74192K(175104K)] 152161K->138289K(699392K), 0.0098616 secs] [Times: user=0.12 sys=0.00, real=0.01 secs] 
2016-09-15T12:07:47.732-0400: 79.546: [GC (GCLocker Initiated GC) [PSYoungGen: 162256K->85726K(175104K)] 226676K->175493K(699392K), 0.0140526 secs] [Times: user=0.17 sys=0.00, real=0.01 secs] 
2016-09-15T12:07:47.840-0400: 79.654: [GC (GCLocker Initiated GC) [PSYoungGen: 173790K->85922K(175104K)] 263784K->242861K(699392K), 0.0126879 secs] [Times: user=0.16 sys=0.00, real=0.01 secs] 
2016-09-15T12:07:47.964-0400: 79.778: [GC (GCLocker Initiated GC) [PSYoungGen: 173986K->38109K(175104K)] 337198K->237915K(699392K), 0.0100949 secs] [Times: user=0.12 sys=0.00, real=0.01 secs] 
2016-09-15T12:07:48.089-0400: 79.903: [GC (GCLocker Initiated GC) [PSYoungGen: 126173K->30759K(175104K)] 338317K->280112K(699392K), 0.0089511 secs] [Times: user=0.08 sys=0.00, real=0.01 secs] 
2016-09-15T12:07:48.221-0400: 80.035: [GC (GCLocker Initiated GC) [PSYoungGen: 118823K->55583K(175104K)] 368206K->323311K(699392K), 0.0143079 secs] [Times: user=0.13 sys=0.00, real=0.01 secs] 
2016-09-15T12:07:48.337-0400: 80.151: [GC (GCLocker Initiated GC) [PSYoungGen: 143647K->85498K(175104K)] 411428K->408425K(699392K), 0.0141690 secs] [Times: user=0.15 sys=0.00, real=0.01 secs] 
2016-09-15T12:07:48.457-0400: 80.271: [GC (GCLocker Initiated GC) [PSYoungGen: 173562K->73708K(175104K)] 496586K->451534K(699392K), 0.0224474 secs] [Times: user=0.22 sys=0.00, real=0.02 secs] 
2016-09-15T12:07:48.609-0400: 80.422: [GC (Allocation Failure) [PSYoungGen: 161772K->61718K(175104K)] 539724K->470320K(699392K), 0.0170926 secs] [Times: user=0.18 sys=0.00, real=0.01 secs] 
2016-09-15T12:07:48.720-0400: 80.533: [GC (GCLocker Initiated GC) [PSYoungGen: 149782K->37162K(175104K)] 558385K->494724K(699392K), 0.0291965 secs] [Times: user=0.29 sys=0.00, real=0.03 secs] 
2016-09-15T12:07:48.749-0400: 80.563: [Full GC (Ergonomics) [PSYoungGen: 37162K->0K(175104K)] [ParOldGen: 457562K->45691K(524288K)] 494724K->45691K(699392K), [Metaspace: 44325K->44325K(1087488K)], 0.0548990 secs] [Times: user=0.26 sys=0.01, real=0.05 secs] 
2016-09-15T12:07:48.915-0400: 80.729: [GC (GCLocker Initiated GC) [PSYoungGen: 88064K->74028K(175104K)] 146165K->132129K(699392K), 0.0092101 secs] [Times: user=0.09 sys=0.00, real=0.01 secs] 
2016-09-15T12:07:49.045-0400: 80.859: [GC (Allocation Failure) [PSYoungGen: 162092K->73576K(175104K)] 226343K->156624K(699392K), 0.0098625 secs] [Times: user=0.11 sys=0.00, real=0.01 secs] 
2016-09-15T12:07:49.177-0400: 80.991: [GC (GCLocker Initiated GC) [PSYoungGen: 161640K->61262K(175104K)] 244693K->187156K(699392K), 0.0155740 secs] [Times: user=0.21 sys=0.01, real=0.01 secs] 
2016-09-15T12:07:49.306-0400: 81.120: [GC (GCLocker Initiated GC) [PSYoungGen: 149326K->85822K(175104K)] 281337K->242300K(699392K), 0.0110151 secs] [Times: user=0.16 sys=0.00, real=0.02 secs] 
2016-09-15T12:07:49.441-0400: 81.255: [GC (GCLocker Initiated GC) [PSYoungGen: 173886K->85594K(175104K)] 330440K->278866K(699392K), 0.0108531 secs] [Times: user=0.11 sys=0.00, real=0.01 secs] 
2016-09-15T12:07:49.564-0400: 81.378: [GC (GCLocker Initiated GC) [PSYoungGen: 173658K->43233K(175104K)] 373304K->303788K(699392K), 0.0256631 secs] [Times: user=0.32 sys=0.01, real=0.03 secs] 
2016-09-15T12:07:49.686-0400: 81.500: [GC (GCLocker Initiated GC) [PSYoungGen: 131297K->73640K(175104K)] 392052K->352911K(699392K), 0.0091702 secs] [Times: user=0.14 sys=0.00, real=0.01 secs] 
2016-09-15T12:07:49.821-0400: 81.635: [GC (GCLocker Initiated GC) [PSYoungGen: 161704K->55615K(175104K)] 441101K->353364K(699392K), 0.0098210 secs] [Times: user=0.11 sys=0.00, real=0.01 secs] 
2016-09-15T12:07:49.923-0400: 81.737: [GC (GCLocker Initiated GC) [PSYoungGen: 143679K->85726K(175104K)] 441633K->408607K(699392K), 0.0109874 secs] [Times: user=0.14 sys=0.00, real=0.01 secs] 
2016-09-15T12:07:50.055-0400: 81.869: [GC (Allocation Failure) [PSYoungGen: 173790K->85986K(175104K)] 502951K->451740K(699392K), 0.0120174 secs] [Times: user=0.16 sys=0.01, real=0.01 secs] 
2016-09-15T12:07:50.182-0400: 81.996: [GC (GCLocker Initiated GC) [PSYoungGen: 169782K->55351K(175104K)] 541611K->463946K(699392K), 0.0097011 secs] [Times: user=0.11 sys=0.00, real=0.01 secs] 
2016-09-15T12:07:50.297-0400: 82.111: [GC (GCLocker Initiated GC) [PSYoungGen: 143415K->55155K(175104K)] 552107K->506656K(699392K), 0.0093716 secs] [Times: user=0.10 sys=0.00, real=0.00 secs] 
2016-09-15T12:07:50.416-0400: 82.229: [Full GC (Ergonomics) [PSYoungGen: 143219K->0K(175104K)] [ParOldGen: 457875K->51890K(524288K)] 601094K->51890K(699392K), [Metaspace: 44332K->44332K(1087488K)], 0.0649494 secs] [Times: user=0.45 sys=0.00, real=0.06 secs] 
2016-09-15T12:07:50.601-0400: 82.415: [GC (Allocation Failure) [PSYoungGen: 87483K->86146K(175104K)] 139373K->144111K(699392K), 0.0097831 secs] [Times: user=0.12 sys=0.00, real=0.01 secs] 
2016-09-15T12:07:50.697-0400: 82.511: [GC (GCLocker Initiated GC) [PSYoungGen: 170108K->73608K(175104K)] 234148K->192887K(699392K), 0.0129487 secs] [Times: user=0.18 sys=0.00, real=0.01 secs] 
2016-09-15T12:07:50.836-0400: 82.650: [GC (GCLocker Initiated GC) [PSYoungGen: 161672K->85790K(175104K)] 281262K->223928K(699392K), 0.0115938 secs] [Times: user=0.16 sys=0.00, real=0.00 secs] 
2016-09-15T12:07:50.986-0400: 82.800: [GC (Allocation Failure) [PSYoungGen: 173854K->61458K(175104K)] 312017K->230304K(699392K), 0.0109532 secs] [Times: user=0.14 sys=0.01, real=0.02 secs] 
2016-09-15T12:07:51.113-0400: 82.927: [GC (Allocation Failure) [PSYoungGen: 149522K->73444K(175104K)] 318368K->285138K(699392K), 0.0127023 secs] [Times: user=0.18 sys=0.00, real=0.01 secs] 
2016-09-15T12:07:51.245-0400: 83.058: [GC (GCLocker Initiated GC) [PSYoungGen: 161044K->55091K(175104K)] 378814K->291172K(699392K), 0.0113885 secs] [Times: user=0.07 sys=0.00, real=0.02 secs] 
2016-09-15T12:07:51.374-0400: 83.188: [GC (GCLocker Initiated GC) [PSYoungGen: 143155K->55383K(175104K)] 379261K->321984K(699392K), 0.0147933 secs] [Times: user=0.17 sys=0.00, real=0.02 secs] 
2016-09-15T12:07:51.474-0400: 83.288: [GC (GCLocker Initiated GC) [PSYoungGen: 143447K->85858K(175104K)] 410157K->377151K(699392K), 0.0178407 secs] [Times: user=0.22 sys=0.00, real=0.02 secs] 
2016-09-15T12:07:51.601-0400: 83.415: [GC (GCLocker Initiated GC) [PSYoungGen: 173922K->61754K(175104K)] 471319K->401975K(699392K), 0.0100503 secs] [Times: user=0.09 sys=0.00, real=0.01 secs] 
2016-09-15T12:07:51.727-0400: 83.541: [GC (Allocation Failure) [PSYoungGen: 149818K->55223K(175104K)] 502501K->426407K(699392K), 0.0218089 secs] [Times: user=0.22 sys=0.00, real=0.03 secs] 
2016-09-15T12:07:51.861-0400: 83.675: [GC (GCLocker Initiated GC) [PSYoungGen: 143287K->48984K(175104K)] 514599K->456825K(699392K), 0.0172709 secs] [Times: user=0.15 sys=0.00, real=0.02 secs] 
2016-09-15T12:07:51.995-0400: 83.809: [GC (GCLocker Initiated GC) [PSYoungGen: 137048K->37553K(175104K)] 551241K->470099K(699392K), 0.0239742 secs] [Times: user=0.29 sys=0.00, real=0.03 secs] 
2016-09-15T12:07:52.104-0400: 83.918: [GC (GCLocker Initiated GC) [PSYoungGen: 125617K->73608K(175104K)] 564443K->513232K(699392K), 0.0110858 secs] [Times: user=0.13 sys=0.00, real=0.01 secs] 
2016-09-15T12:07:52.215-0400: 84.029: [GC (Allocation Failure) [PSYoungGen: 161672K->73840K(175104K)] 607441K->538109K(699392K), 0.0096754 secs] [Times: user=0.11 sys=0.00, real=0.01 secs] 
2016-09-15T12:07:52.225-0400: 84.039: [Full GC (Ergonomics) [PSYoungGen: 73840K->0K(175104K)] [ParOldGen: 464269K->51933K(524288K)] 538109K->51933K(699392K), [Metaspace: 44345K->44345K(1087488K)], 0.0525856 secs] [Times: user=0.29 sys=0.00, real=0.06 secs] 
2016-09-15T12:07:52.378-0400: 84.192: [GC (Allocation Failure) [PSYoungGen: 88064K->85918K(175104K)] 139997K->150002K(699392K), 0.0107258 secs] [Times: user=0.10 sys=0.00, real=0.01 secs] 
2016-09-15T12:07:52.494-0400: 84.308: [GC (GCLocker Initiated GC) [PSYoungGen: 173515K->67861K(175104K)] 243674K->162851K(699392K), 0.0113558 secs] [Times: user=0.10 sys=0.00, real=0.01 secs] 
2016-09-15T12:07:52.659-0400: 84.473: [GC (GCLocker Initiated GC) [PSYoungGen: 155925K->55191K(175104K)] 257241K->175147K(699392K), 0.0266806 secs] [Times: user=0.26 sys=0.00, real=0.02 secs] 
2016-09-15T12:07:52.799-0400: 84.613: [GC (GCLocker Initiated GC) [PSYoungGen: 143255K->85726K(175104K)] 263348K->224140K(699392K), 0.0125363 secs] [Times: user=0.12 sys=0.00, real=0.01 secs] 
2016-09-15T12:07:52.918-0400: 84.732: [GC (GCLocker Initiated GC) [PSYoungGen: 173790K->55611K(175104K)] 318634K->261333K(699392K), 0.0249300 secs] [Times: user=0.26 sys=0.00, real=0.02 secs] 
2016-09-15T12:07:53.050-0400: 84.864: [GC (GCLocker Initiated GC) [PSYoungGen: 143675K->85922K(175104K)] 349674K->298295K(699392K), 0.0167459 secs] [Times: user=0.19 sys=0.00, real=0.01 secs] 
2016-09-15T12:07:53.188-0400: 85.002: [GC (GCLocker Initiated GC) [PSYoungGen: 173986K->73480K(175104K)] 386446K->304440K(699392K), 0.0221623 secs] [Times: user=0.23 sys=0.00, real=0.02 secs] 
2016-09-15T12:07:53.315-0400: 85.129: [GC (Allocation Failure) [PSYoungGen: 161544K->36870K(175104K)] 398929K->298627K(699392K), 0.0373765 secs] [Times: user=0.29 sys=0.00, real=0.04 secs] 
2016-09-15T12:07:53.477-0400: 85.290: [GC (GCLocker Initiated GC) [PSYoungGen: 124934K->86218K(175104K)] 386697K->354363K(699392K), 0.0081332 secs] [Times: user=0.08 sys=0.01, real=0.00 secs] 
2016-09-15T12:07:53.614-0400: 85.428: [GC (GCLocker Initiated GC) [PSYoungGen: 174282K->48920K(175104K)] 449474K->342744K(699392K), 0.0148458 secs] [Times: user=0.17 sys=0.00, real=0.02 secs] 
2016-09-15T12:07:53.730-0400: 85.544: [GC (GCLocker Initiated GC) [PSYoungGen: 136984K->85822K(175104K)] 430985K->392108K(699392K), 0.0104536 secs] [Times: user=0.10 sys=0.01, real=0.01 secs] 
2016-09-15T12:07:53.865-0400: 85.679: [GC (GCLocker Initiated GC) [PSYoungGen: 173886K->67405K(175104K)] 486350K->446798K(699392K), 0.0194030 secs] [Times: user=0.16 sys=0.00, real=0.02 secs] 
2016-09-15T12:07:54.012-0400: 85.826: [GC (GCLocker Initiated GC) [PSYoungGen: 155469K->73644K(175104K)] 535027K->453461K(699392K), 0.0214890 secs] [Times: user=0.22 sys=0.00, real=0.02 secs] 
2016-09-15T12:07:54.164-0400: 85.978: [GC (Allocation Failure) [PSYoungGen: 161708K->79491K(175104K)] 541572K->459631K(699392K), 0.0231579 secs] [Times: user=0.23 sys=0.00, real=0.02 secs] 
2016-09-15T12:07:54.286-0400: 86.100: [GC (GCLocker Initiated GC) [PSYoungGen: 163104K->61230K(175104K)] 549319K->490261K(699392K), 0.0100629 secs] [Times: user=0.09 sys=0.00, real=0.02 secs] 
2016-09-15T12:07:54.431-0400: 86.245: [GC (GCLocker Initiated GC) [PSYoungGen: 149294K->67341K(175104K)] 578462K->514830K(699392K), 0.0098708 secs] [Times: user=0.08 sys=0.00, real=0.01 secs] 
2016-09-15T12:07:54.536-0400: 86.350: [GC (GCLocker Initiated GC) [PSYoungGen: 155405K->79391K(175104K)] 602936K->527189K(699392K), 0.0156198 secs] [Times: user=0.15 sys=0.00, real=0.01 secs] 
2016-09-15T12:07:54.676-0400: 86.490: [GC (GCLocker Initiated GC) --[PSYoungGen: 167455K->167455K(175104K)] 621805K->688726K(699392K), 0.0461612 secs] [Times: user=0.44 sys=0.01, real=0.04 secs] 
2016-09-15T12:07:54.722-0400: 86.536: [Full GC (Ergonomics) [PSYoungGen: 167455K->0K(175104K)] [ParOldGen: 521271K->52702K(524288K)] 688726K->52702K(699392K), [Metaspace: 44360K->44360K(1087488K)], 0.0549929 secs] [Times: user=0.32 sys=0.01, real=0.06 secs] 
2016-09-15T12:07:54.908-0400: 86.722: [GC (GCLocker Initiated GC) [PSYoungGen: 88064K->86374K(175104K)] 146882K->151267K(699392K), 0.0106526 secs] [Times: user=0.13 sys=0.00, real=0.01 secs] 
2016-09-15T12:07:55.029-0400: 86.842: [GC (GCLocker Initiated GC) [PSYoungGen: 174438K->61426K(175104K)] 251764K->169650K(699392K), 0.0148677 secs] [Times: user=0.16 sys=0.00, real=0.01 secs] 
2016-09-15T12:07:55.156-0400: 86.970: [GC (GCLocker Initiated GC) [PSYoungGen: 149490K->55515K(175104K)] 257862K->206539K(699392K), 0.0093675 secs] [Times: user=0.09 sys=0.00, real=0.00 secs] 
2016-09-15T12:07:55.265-0400: 87.079: [GC (GCLocker Initiated GC) [PSYoungGen: 143579K->79651K(175104K)] 294779K->249360K(699392K), 0.0215854 secs] [Times: user=0.28 sys=0.00, real=0.02 secs] 
2016-09-15T12:07:55.404-0400: 87.218: [GC (GCLocker Initiated GC) [PSYoungGen: 167715K->67469K(175104K)] 337549K->273841K(699392K), 0.0103419 secs] [Times: user=0.12 sys=0.00, real=0.01 secs] 
2016-09-15T12:07:55.524-0400: 87.337: [GC (GCLocker Initiated GC) [PSYoungGen: 155533K->61754K(175104K)] 362159K->304950K(699392K), 0.0132392 secs] [Times: user=0.13 sys=0.00, real=0.02 secs] 
2016-09-15T12:07:55.679-0400: 87.493: [GC (GCLocker Initiated GC) [PSYoungGen: 149818K->55123K(175104K)] 399304K->323265K(699392K), 0.0097484 secs] [Times: user=0.10 sys=0.00, real=0.01 secs] 
2016-09-15T12:07:55.806-0400: 87.620: [GC (GCLocker Initiated GC) [PSYoungGen: 143187K->73644K(175104K)] 417704K->348280K(699392K), 0.0180165 secs] [Times: user=0.19 sys=0.00, real=0.02 secs] 
2016-09-15T12:07:55.936-0400: 87.750: [GC (GCLocker Initiated GC) [PSYoungGen: 161708K->73836K(175104K)] 442741K->373401K(699392K), 0.0160687 secs] [Times: user=0.20 sys=0.00, real=0.01 secs] 
2016-09-15T12:07:56.066-0400: 87.879: [GC (GCLocker Initiated GC) [PSYoungGen: 161900K->55451K(175104K)] 473815K->403935K(699392K), 0.0171738 secs] [Times: user=0.20 sys=0.00, real=0.02 secs] 
2016-09-15T12:07:56.198-0400: 88.012: [GC (GCLocker Initiated GC) [PSYoungGen: 143515K->55419K(175104K)] 492001K->422413K(699392K), 0.0210061 secs] [Times: user=0.28 sys=0.00, real=0.02 secs] 
2016-09-15T12:07:56.318-0400: 88.131: [GC (GCLocker Initiated GC) [PSYoungGen: 143483K->85886K(175104K)] 510571K->495619K(699392K), 0.0124147 secs] [Times: user=0.18 sys=0.00, real=0.01 secs] 
2016-09-15T12:07:56.430-0400: 88.244: [GC (GCLocker Initiated GC) [PSYoungGen: 173950K->73608K(175104K)] 583830K->538455K(699392K), 0.0110468 secs] [Times: user=0.12 sys=0.00, real=0.01 secs] 
2016-09-15T12:07:56.441-0400: 88.255: [Full GC (Ergonomics) [PSYoungGen: 73608K->0K(175104K)] [ParOldGen: 464847K->52357K(524288K)] 538455K->52357K(699392K), [Metaspace: 44360K->44360K(1087488K)], 0.0533482 secs] [Times: user=0.38 sys=0.01, real=0.05 secs] 
2016-09-15T12:07:56.602-0400: 88.416: [GC (GCLocker Initiated GC) [PSYoungGen: 88064K->86110K(175104K)] 140469K->187115K(699392K), 0.0121222 secs] [Times: user=0.20 sys=0.00, real=0.01 secs] 
2016-09-15T12:07:56.726-0400: 88.540: [GC (GCLocker Initiated GC) [PSYoungGen: 174174K->55675K(175104K)] 287539K->260745K(699392K), 0.0134528 secs] [Times: user=0.21 sys=0.00, real=0.02 secs] 
2016-09-15T12:07:56.894-0400: 88.708: [GC (GCLocker Initiated GC) [PSYoungGen: 143739K->37030K(175104K)] 355015K->266838K(699392K), 0.0066090 secs] [Times: user=0.05 sys=0.01, real=0.01 secs] 
2016-09-15T12:07:57.021-0400: 88.835: [GC (GCLocker Initiated GC) [PSYoungGen: 125094K->61134K(175104K)] 354926K->291225K(699392K), 0.0147467 secs] [Times: user=0.14 sys=0.01, real=0.02 secs] 
2016-09-15T12:07:57.141-0400: 88.955: [GC (GCLocker Initiated GC) [PSYoungGen: 149198K->85790K(175104K)] 385390K->346409K(699392K), 0.0102627 secs] [Times: user=0.10 sys=0.00, real=0.01 secs] 
2016-09-15T12:07:57.280-0400: 89.094: [GC (Allocation Failure) [PSYoungGen: 173854K->43301K(175104K)] 446956K->347045K(699392K), 0.0208573 secs] [Times: user=0.23 sys=0.00, real=0.02 secs] 
2016-09-15T12:07:57.417-0400: 89.231: [GC (GCLocker Initiated GC) [PSYoungGen: 131365K->55579K(175104K)] 441184K->365846K(699392K), 0.0142353 secs] [Times: user=0.18 sys=0.00, real=0.01 secs] 
2016-09-15T12:07:57.535-0400: 89.349: [GC (GCLocker Initiated GC) [PSYoungGen: 143643K->67437K(175104K)] 454237K->396548K(699392K), 0.0089746 secs] [Times: user=0.08 sys=0.00, real=0.01 secs] 
2016-09-15T12:07:57.664-0400: 89.478: [GC (Allocation Failure) [PSYoungGen: 155501K->85594K(175104K)] 484654K->463623K(699392K), 0.0160970 secs] [Times: user=0.18 sys=0.00, real=0.02 secs] 
2016-09-15T12:07:57.802-0400: 89.616: [GC (GCLocker Initiated GC) [PSYoungGen: 170824K->61526K(175104K)] 554928K->451801K(699392K), 0.0105391 secs] [Times: user=0.10 sys=0.00, real=0.01 secs] 
2016-09-15T12:07:57.919-0400: 89.733: [GC (GCLocker Initiated GC) [PSYoungGen: 149590K->61362K(175104K)] 540041K->470321K(699392K), 0.0181391 secs] [Times: user=0.19 sys=0.00, real=0.02 secs] 
2016-09-15T12:07:58.046-0400: 89.860: [GC (Allocation Failure) [PSYoungGen: 149426K->55387K(175104K)] 564770K->477058K(699392K), 0.0095983 secs] [Times: user=0.07 sys=0.00, real=0.02 secs] 
2016-09-15T12:07:58.188-0400: 90.002: [GC (GCLocker Initiated GC) [PSYoungGen: 143451K->43173K(175104K)] 565128K->483350K(699392K), 0.0210632 secs] [Times: user=0.18 sys=0.00, real=0.02 secs] 
2016-09-15T12:07:58.312-0400: 90.126: [GC (GCLocker Initiated GC) [PSYoungGen: 131237K->49016K(175104K)] 571579K->526068K(699392K), 0.0095731 secs] [Times: user=0.08 sys=0.00, real=0.01 secs] 
2016-09-15T12:07:58.322-0400: 90.136: [Full GC (Ergonomics) [PSYoungGen: 49016K->0K(175104K)] [ParOldGen: 477052K->51861K(524288K)] 526068K->51861K(699392K), [Metaspace: 44360K->44360K(1087488K)], 0.0487922 secs] [Times: user=0.26 sys=0.00, real=0.05 secs] 
2016-09-15T12:07:58.493-0400: 90.307: [GC (Allocation Failure) [PSYoungGen: 88064K->62202K(175104K)] 146091K->120230K(699392K), 0.0233113 secs] [Times: user=0.28 sys=0.00, real=0.03 secs] 
2016-09-15T12:07:58.645-0400: 90.459: [GC (GCLocker Initiated GC) [PSYoungGen: 150266K->49048K(175104K)] 208299K->150534K(699392K), 0.0117567 secs] [Times: user=0.11 sys=0.00, real=0.02 secs] 
2016-09-15T12:07:58.785-0400: 90.599: [GC (GCLocker Initiated GC) [PSYoungGen: 137112K->85922K(175104K)] 238640K->187593K(699392K), 0.0186451 secs] [Times: user=0.20 sys=0.00, real=0.02 secs] 
2016-09-15T12:07:58.899-0400: 90.713: [GC (GCLocker Initiated GC) [PSYoungGen: 173986K->55351K(175104K)] 275744K->242458K(699392K), 0.0338400 secs] [Times: user=0.38 sys=0.00, real=0.03 secs] 
2016-09-15T12:07:59.048-0400: 90.862: [GC (GCLocker Initiated GC) [PSYoungGen: 143414K->68024K(175104K)] 330866K->316354K(699392K), 0.0146035 secs] [Times: user=0.17 sys=0.00, real=0.01 secs] 
2016-09-15T12:07:59.159-0400: 90.973: [GC (GCLocker Initiated GC) [PSYoungGen: 156088K->55579K(175104K)] 410597K->328587K(699392K), 0.0138643 secs] [Times: user=0.13 sys=0.00, real=0.01 secs] 
2016-09-15T12:07:59.269-0400: 91.083: [GC (GCLocker Initiated GC) [PSYoungGen: 143643K->85822K(175104K)] 416839K->468700K(699392K), 0.0146379 secs] [Times: user=0.20 sys=0.01, real=0.01 secs] 
2016-09-15T12:07:59.409-0400: 91.223: [GC (GCLocker Initiated GC) [PSYoungGen: 173886K->85790K(175104K)] 556990K->505660K(699392K), 0.0114684 secs] [Times: user=0.13 sys=0.00, real=0.01 secs] 
2016-09-15T12:07:59.420-0400: 91.234: [Full GC (Ergonomics) [PSYoungGen: 85790K->0K(175104K)] [ParOldGen: 419869K->52141K(524288K)] 505660K->52141K(699392K), [Metaspace: 44362K->44362K(1087488K)], 0.0530366 secs] [Times: user=0.28 sys=0.01, real=0.05 secs] 
2016-09-15T12:07:59.598-0400: 91.412: [GC (GCLocker Initiated GC) [PSYoungGen: 88064K->86114K(175104K)] 146339K->162614K(699392K), 0.0101527 secs] [Times: user=0.10 sys=0.00, real=0.01 secs] 
2016-09-15T12:07:59.716-0400: 91.530: [GC (GCLocker Initiated GC) [PSYoungGen: 174178K->49212K(175104K)] 257087K->199658K(699392K), 0.0312135 secs] [Times: user=0.35 sys=0.00, real=0.02 secs] 
2016-09-15T12:07:59.846-0400: 91.659: [GC (GCLocker Initiated GC) [PSYoungGen: 137276K->73480K(175104K)] 287781K->248404K(699392K), 0.0104610 secs] [Times: user=0.09 sys=0.00, real=0.02 secs] 
2016-09-15T12:07:59.955-0400: 91.769: [GC (GCLocker Initiated GC) [PSYoungGen: 161544K->55291K(175104K)] 336672K->254979K(699392K), 0.0302394 secs] [Times: user=0.31 sys=0.00, real=0.03 secs] 
2016-09-15T12:08:00.098-0400: 91.912: [GC (GCLocker Initiated GC) [PSYoungGen: 143355K->85758K(175104K)] 349160K->304013K(699392K), 0.0140481 secs] [Times: user=0.16 sys=0.00, real=0.01 secs] 
2016-09-15T12:08:00.250-0400: 92.064: [GC (GCLocker Initiated GC) [PSYoungGen: 173822K->55283K(175104K)] 398195K->340729K(699392K), 0.0173790 secs] [Times: user=0.24 sys=0.00, real=0.02 secs] 
2016-09-15T12:08:00.404-0400: 92.218: [GC (GCLocker Initiated GC) [PSYoungGen: 143347K->73444K(175104K)] 434910K->413758K(699392K), 0.0127884 secs] [Times: user=0.20 sys=0.00, real=0.02 secs] 
2016-09-15T12:08:00.500-0400: 92.314: [GC (GCLocker Initiated GC) [PSYoungGen: 161508K->80075K(175104K)] 508024K->463185K(699392K), 0.0165992 secs] [Times: user=0.21 sys=0.00, real=0.02 secs] 
2016-09-15T12:08:00.647-0400: 92.461: [GC (GCLocker Initiated GC) [PSYoungGen: 168139K->55383K(175104K)] 569532K->475300K(699392K), 0.0098140 secs] [Times: user=0.12 sys=0.01, real=0.02 secs] 
2016-09-15T12:08:00.774-0400: 92.587: [GC (GCLocker Initiated GC) [PSYoungGen: 143447K->55351K(175104K)] 563599K->512237K(699392K), 0.0090541 secs] [Times: user=0.08 sys=0.00, real=0.01 secs] 
2016-09-15T12:08:00.783-0400: 92.597: [Full GC (Ergonomics) [PSYoungGen: 55351K->0K(175104K)] [ParOldGen: 456886K->46135K(524288K)] 512237K->46135K(699392K), [Metaspace: 44362K->44362K(1087488K)], 0.0519884 secs] [Times: user=0.38 sys=0.00, real=0.05 secs] 
2016-09-15T12:08:00.934-0400: 92.748: [GC (Allocation Failure) [PSYoungGen: 88064K->74448K(175104K)] 140624K->127008K(699392K), 0.0074948 secs] [Times: user=0.07 sys=0.00, real=0.01 secs] 
2016-09-15T12:08:01.066-0400: 92.880: [GC (GCLocker Initiated GC) [PSYoungGen: 159383K->55643K(175104K)] 218018K->151900K(699392K), 0.0112148 secs] [Times: user=0.15 sys=0.00, real=0.02 secs] 
2016-09-15T12:08:01.212-0400: 93.026: [GC (GCLocker Initiated GC) [PSYoungGen: 143707K->37030K(175104K)] 252150K->163957K(699392K), 0.0198421 secs] [Times: user=0.15 sys=0.00, real=0.02 secs] 
2016-09-15T12:08:01.368-0400: 93.182: [GC (Allocation Failure) [PSYoungGen: 125094K->25171K(175104K)] 258435K->213535K(699392K), 0.0229169 secs] [Times: user=0.22 sys=0.01, real=0.02 secs] 
2016-09-15T12:08:01.498-0400: 93.312: [GC (GCLocker Initiated GC) [PSYoungGen: 113182K->55059K(175104K)] 301674K->262027K(699392K), 0.0246526 secs] [Times: user=0.23 sys=0.00, real=0.02 secs] 
2016-09-15T12:08:01.631-0400: 93.445: [GC (GCLocker Initiated GC) [PSYoungGen: 143123K->86086K(175104K)] 350211K->323668K(699392K), 0.0102860 secs] [Times: user=0.10 sys=0.00, real=0.01 secs] 
2016-09-15T12:08:01.724-0400: 93.538: [GC (Allocation Failure) [PSYoungGen: 174150K->67405K(175104K)] 411903K->335966K(699392K), 0.0157148 secs] [Times: user=0.15 sys=0.00, real=0.02 secs] 
2016-09-15T12:08:01.741-0400: 93.554: [GC (GCLocker Initiated GC) [PSYoungGen: 67414K->32K(175104K)] 335976K->360278K(699392K), 0.0089778 secs] [Times: user=0.09 sys=0.00, real=0.01 secs] 
2016-09-15T12:08:01.853-0400: 93.667: [GC (Allocation Failure) [PSYoungGen: 83015K->56586K(175104K)] 443261K->416833K(699392K), 0.0070339 secs] [Times: user=0.06 sys=0.00, real=0.01 secs] 
2016-09-15T12:08:02.000-0400: 93.814: [GC (GCLocker Initiated GC) [PSYoungGen: 144650K->73476K(175104K)] 504902K->434999K(699392K), 0.0097929 secs] [Times: user=0.13 sys=0.00, real=0.01 secs] 
2016-09-15T12:08:02.142-0400: 93.956: [GC (GCLocker Initiated GC) [PSYoungGen: 161540K->85694K(175104K)] 523094K->483849K(699392K), 0.0126065 secs] [Times: user=0.12 sys=0.00, real=0.01 secs] 
2016-09-15T12:08:02.265-0400: 94.079: [GC (GCLocker Initiated GC) [PSYoungGen: 173758K->73412K(175104K)] 571972K->532683K(699392K), 0.0161799 secs] [Times: user=0.16 sys=0.00, real=0.02 secs] 
2016-09-15T12:08:02.281-0400: 94.095: [Full GC (Ergonomics) [PSYoungGen: 73412K->0K(175104K)] [ParOldGen: 459271K->52221K(524288K)] 532683K->52221K(699392K), [Metaspace: 44362K->44362K(1087488K)], 0.0532881 secs] [Times: user=0.33 sys=0.01, real=0.05 secs] 
2016-09-15T12:08:02.438-0400: 94.252: [GC (GCLocker Initiated GC) [PSYoungGen: 88064K->86466K(175104K)] 140394K->181322K(699392K), 0.0193717 secs] [Times: user=0.26 sys=0.00, real=0.02 secs] 
2016-09-15T12:08:02.559-0400: 94.373: [GC (GCLocker Initiated GC) [PSYoungGen: 174530K->37549K(175104K)] 281689K->212689K(699392K), 0.0105033 secs] [Times: user=0.13 sys=0.01, real=0.01 secs] 
2016-09-15T12:08:02.704-0400: 94.518: [GC (GCLocker Initiated GC) [PSYoungGen: 125613K->55351K(175104K)] 307150K->255404K(699392K), 0.0114095 secs] [Times: user=0.15 sys=0.00, real=0.02 secs] 
2016-09-15T12:08:02.853-0400: 94.667: [GC (GCLocker Initiated GC) [PSYoungGen: 143415K->61006K(175104K)] 343784K->261438K(699392K), 0.0182689 secs] [Times: user=0.15 sys=0.00, real=0.02 secs] 
2016-09-15T12:08:02.976-0400: 94.790: [GC (GCLocker Initiated GC) [PSYoungGen: 149070K->73772K(175104K)] 349684K->317063K(699392K), 0.0103658 secs] [Times: user=0.13 sys=0.00, real=0.00 secs] 
2016-09-15T12:08:03.097-0400: 94.911: [GC (GCLocker Initiated GC) [PSYoungGen: 161836K->55579K(175104K)] 411535K->342207K(699392K), 0.0098397 secs] [Times: user=0.14 sys=0.00, real=0.00 secs] 
2016-09-15T12:08:03.208-0400: 95.021: [GC (Allocation Failure) [PSYoungGen: 143643K->73968K(175104K)] 430351K->360796K(699392K), 0.0070684 secs] [Times: user=0.09 sys=0.00, real=0.00 secs] 
2016-09-15T12:08:03.314-0400: 95.128: [GC (GCLocker Initiated GC) [PSYoungGen: 162032K->73476K(175104K)] 448866K->397084K(699392K), 0.0159232 secs] [Times: user=0.23 sys=0.00, real=0.02 secs] 
2016-09-15T12:08:03.451-0400: 95.265: [GC (Allocation Failure) [PSYoungGen: 161540K->67861K(175104K)] 491455K->434362K(699392K), 0.0123939 secs] [Times: user=0.18 sys=0.01, real=0.01 secs] 
2016-09-15T12:08:03.464-0400: 95.278: [GC (GCLocker Initiated GC) [PSYoungGen: 68473K->128K(175104K)] 434974K->433970K(699392K), 0.0093222 secs] [Times: user=0.14 sys=0.00, real=0.01 secs] 
2016-09-15T12:08:03.580-0400: 95.394: [GC (GCLocker Initiated GC) [PSYoungGen: 83928K->86538K(175104K)] 523846K->532538K(699392K), 0.0122344 secs] [Times: user=0.18 sys=0.00, real=0.01 secs] 
2016-09-15T12:08:03.592-0400: 95.406: [Full GC (Ergonomics) [PSYoungGen: 86538K->0K(175104K)] [ParOldGen: 446000K->46267K(524288K)] 532538K->46267K(699392K), [Metaspace: 44365K->44365K(1087488K)], 0.0560836 secs] [Times: user=0.35 sys=0.00, real=0.06 secs] 
2016-09-15T12:08:03.751-0400: 95.565: [GC (GCLocker Initiated GC) [PSYoungGen: 88064K->86146K(175104K)] 134379K->156761K(699392K), 0.0093921 secs] [Times: user=0.13 sys=0.01, real=0.01 secs] 
2016-09-15T12:08:03.859-0400: 95.673: [GC (GCLocker Initiated GC) [PSYoungGen: 174210K->85854K(175104K)] 244873K->211780K(699392K), 0.0108351 secs] [Times: user=0.15 sys=0.00, real=0.01 secs] 
2016-09-15T12:08:04.000-0400: 95.814: [GC (GCLocker Initiated GC) [PSYoungGen: 173918K->55579K(175104K)] 306091K->254900K(699392K), 0.0120878 secs] [Times: user=0.17 sys=0.01, real=0.01 secs] 
2016-09-15T12:08:04.122-0400: 95.935: [GC (GCLocker Initiated GC) [PSYoungGen: 143643K->73444K(175104K)] 349062K->309554K(699392K), 0.0102063 secs] [Times: user=0.11 sys=0.00, real=0.01 secs] 
2016-09-15T12:08:04.246-0400: 96.060: [GC (GCLocker Initiated GC) [PSYoungGen: 161508K->73968K(175104K)] 403981K->334801K(699392K), 0.0157153 secs] [Times: user=0.18 sys=0.00, real=0.02 secs] 
2016-09-15T12:08:04.383-0400: 96.197: [GC (GCLocker Initiated GC) [PSYoungGen: 162032K->55515K(175104K)] 428954K->323065K(699392K), 0.0146513 secs] [Times: user=0.16 sys=0.00, real=0.02 secs] 
2016-09-15T12:08:04.513-0400: 96.327: [GC (Allocation Failure) [PSYoungGen: 143579K->61262K(175104K)] 411344K->347559K(699392K), 0.0086064 secs] [Times: user=0.09 sys=0.00, real=0.01 secs] 
2016-09-15T12:08:04.678-0400: 96.492: [GC (GCLocker Initiated GC) [PSYoungGen: 148552K->37258K(175104K)] 440925K->354034K(699392K), 0.0216141 secs] [Times: user=0.22 sys=0.00, real=0.02 secs] 
2016-09-15T12:08:04.820-0400: 96.634: [GC (GCLocker Initiated GC) [PSYoungGen: 125322K->48920K(175104K)] 442105K->365962K(699392K), 0.0184382 secs] [Times: user=0.12 sys=0.01, real=0.02 secs] 
2016-09-15T12:08:04.936-0400: 96.750: [GC (GCLocker Initiated GC) [PSYoungGen: 136984K->67665K(175104K)] 460305K->403256K(699392K), 0.0088980 secs] [Times: user=0.07 sys=0.00, real=0.00 secs] 
2016-09-15T12:08:05.078-0400: 96.892: [GC (GCLocker Initiated GC) [PSYoungGen: 155729K->86022K(175104K)] 491418K->476873K(699392K), 0.0133436 secs] [Times: user=0.16 sys=0.00, real=0.01 secs] 
2016-09-15T12:08:05.223-0400: 97.037: [GC (Allocation Failure) [PSYoungGen: 174083K->43496K(175104K)] 577423K->507878K(699392K), 0.0315638 secs] [Times: user=0.36 sys=0.00, real=0.03 secs] 
2016-09-15T12:08:05.255-0400: 97.068: [Full GC (Ergonomics) [PSYoungGen: 43496K->0K(175104K)] [ParOldGen: 464381K->52631K(524288K)] 507878K->52631K(699392K), [Metaspace: 44366K->44366K(1087488K)], 0.0581836 secs] [Times: user=0.38 sys=0.01, real=0.06 secs] 
2016-09-15T12:08:05.411-0400: 97.224: [GC (GCLocker Initiated GC) [PSYoungGen: 88064K->85626K(175104K)] 140707K->162569K(699392K), 0.0144035 secs] [Times: user=0.16 sys=0.01, real=0.01 secs] 
2016-09-15T12:08:05.509-0400: 97.323: [GC (Allocation Failure) [PSYoungGen: 173690K->73968K(175104K)] 251313K->224650K(699392K), 0.0122232 secs] [Times: user=0.16 sys=0.00, real=0.01 secs] 
2016-09-15T12:08:05.627-0400: 97.441: [GC (GCLocker Initiated GC) [PSYoungGen: 160401K->86282K(175104K)] 317158K->310827K(699392K), 0.0134408 secs] [Times: user=0.18 sys=0.01, real=0.02 secs] 
2016-09-15T12:08:05.760-0400: 97.574: [GC (Allocation Failure) [PSYoungGen: 174346K->37190K(175104K)] 411307K->329454K(699392K), 0.0104694 secs] [Times: user=0.16 sys=0.00, real=0.01 secs] 
2016-09-15T12:08:05.880-0400: 97.694: [GC (GCLocker Initiated GC) [PSYoungGen: 124642K->73968K(175104K)] 422981K->390651K(699392K), 0.0116408 secs] [Times: user=0.17 sys=0.00, real=0.01 secs] 
2016-09-15T12:08:06.027-0400: 97.841: [GC (GCLocker Initiated GC) [PSYoungGen: 162032K->73612K(175104K)] 479076K->402910K(699392K), 0.0108935 secs] [Times: user=0.07 sys=0.01, real=0.02 secs] 
2016-09-15T12:08:06.143-0400: 97.956: [GC (GCLocker Initiated GC) [PSYoungGen: 161676K->73904K(175104K)] 503216K->415744K(699392K), 0.0099372 secs] [Times: user=0.13 sys=0.01, real=0.01 secs] 
2016-09-15T12:08:06.261-0400: 98.075: [GC (GCLocker Initiated GC) [PSYoungGen: 161968K->86050K(175104K)] 504169K->470935K(699392K), 0.0130573 secs] [Times: user=0.20 sys=0.00, real=0.01 secs] 
2016-09-15T12:08:06.400-0400: 98.214: [GC (Allocation Failure) [PSYoungGen: 174114K->49411K(175104K)] 559237K->453011K(699392K), 0.0216705 secs] [Times: user=0.24 sys=0.01, real=0.02 secs] 
2016-09-15T12:08:06.508-0400: 98.322: [GC (GCLocker Initiated GC) [PSYoungGen: 132575K->55251K(175104K)] 542250K->483450K(699392K), 0.0079550 secs] [Times: user=0.10 sys=0.00, real=0.01 secs] 
2016-09-15T12:08:06.633-0400: 98.447: [GC (GCLocker Initiated GC) [PSYoungGen: 143315K->85858K(175104K)] 571573K->550678K(699392K), 0.0234117 secs] [Times: user=0.26 sys=0.00, real=0.03 secs] 
2016-09-15T12:08:06.656-0400: 98.470: [Full GC (Ergonomics) [PSYoungGen: 85858K->0K(175104K)] [ParOldGen: 464820K->52834K(524288K)] 550678K->52834K(699392K), [Metaspace: 44366K->44366K(1087488K)], 0.0566269 secs] [Times: user=0.33 sys=0.02, real=0.05 secs] 
2016-09-15T12:08:06.798-0400: 98.612: [GC (GCLocker Initiated GC) [PSYoungGen: 88064K->86402K(175104K)] 140900K->157463K(699392K), 0.0160775 secs] [Times: user=0.20 sys=0.00, real=0.01 secs] 
2016-09-15T12:08:06.905-0400: 98.719: [GC (GCLocker Initiated GC) [PSYoungGen: 174466K->61426K(175104K)] 245602K->206430K(699392K), 0.0115119 secs] [Times: user=0.11 sys=0.01, real=0.02 secs] 
2016-09-15T12:08:07.023-0400: 98.837: [GC (GCLocker Initiated GC) [PSYoungGen: 149487K->86018K(175104K)] 294841K->255972K(699392K), 0.0120671 secs] [Times: user=0.17 sys=0.00, real=0.01 secs] 
2016-09-15T12:08:07.144-0400: 98.958: [GC (Allocation Failure) [PSYoungGen: 174082K->61522K(175104K)] 344245K->287011K(699392K), 0.0113883 secs] [Times: user=0.16 sys=0.01, real=0.02 secs] 
2016-09-15T12:08:07.267-0400: 99.081: [GC (GCLocker Initiated GC) [PSYoungGen: 145450K->74164K(175104K)] 377015K->305872K(699392K), 0.0077538 secs] [Times: user=0.10 sys=0.00, real=0.01 secs] 
2016-09-15T12:08:07.409-0400: 99.223: [GC (GCLocker Initiated GC) [PSYoungGen: 162228K->49340K(175104K)] 400300K->305912K(699392K), 0.0124352 secs] [Times: user=0.14 sys=0.00, real=0.01 secs] 
2016-09-15T12:08:07.517-0400: 99.331: [GC (GCLocker Initiated GC) [PSYoungGen: 137404K->73772K(175104K)] 400356K->336836K(699392K), 0.0087607 secs] [Times: user=0.08 sys=0.00, real=0.00 secs] 
2016-09-15T12:08:07.667-0400: 99.481: [GC (GCLocker Initiated GC) [PSYoungGen: 161836K->61522K(175104K)] 431330K->367913K(699392K), 0.0178818 secs] [Times: user=0.19 sys=0.01, real=0.02 secs] 
2016-09-15T12:08:07.815-0400: 99.629: [GC (GCLocker Initiated GC) [PSYoungGen: 149586K->43009K(175104K)] 468460K->361971K(699392K), 0.0222544 secs] [Times: user=0.23 sys=0.00, real=0.03 secs] 
2016-09-15T12:08:07.957-0400: 99.770: [GC (GCLocker Initiated GC) [PSYoungGen: 131073K->55579K(175104K)] 450233K->393280K(699392K), 0.0099615 secs] [Times: user=0.14 sys=0.00, real=0.00 secs] 
2016-09-15T12:08:08.085-0400: 99.899: [GC (GCLocker Initiated GC) [PSYoungGen: 143643K->74132K(175104K)] 493524K->442553K(699392K), 0.0145800 secs] [Times: user=0.15 sys=0.00, real=0.02 secs] 
2016-09-15T12:08:08.215-0400: 100.028: [GC (GCLocker Initiated GC) [PSYoungGen: 162196K->61526K(175104K)] 537031K->485213K(699392K), 0.0105228 secs] [Times: user=0.08 sys=0.00, real=0.01 secs] 
2016-09-15T12:08:08.350-0400: 100.164: [GC (Allocation Failure) [PSYoungGen: 149590K->55159K(175104K)] 573554K->497599K(699392K), 0.0137702 secs] [Times: user=0.12 sys=0.00, real=0.01 secs] 
2016-09-15T12:08:08.494-0400: 100.308: [GC (GCLocker Initiated GC) [PSYoungGen: 143093K->43333K(175104K)] 591608K->534649K(699392K), 0.0222485 secs] [Times: user=0.22 sys=0.01, real=0.03 secs] 
2016-09-15T12:08:08.517-0400: 100.330: [Full GC (Ergonomics) [PSYoungGen: 43333K->0K(175104K)] [ParOldGen: 491315K->46764K(524288K)] 534649K->46764K(699392K), [Metaspace: 44367K->44367K(1087488K)], 0.0513282 secs] [Times: user=0.32 sys=0.01, real=0.05 secs] 
2016-09-15T12:08:08.682-0400: 100.496: [GC (GCLocker Initiated GC) [PSYoungGen: 88064K->85694K(175104K)] 140939K->138569K(699392K), 0.0082496 secs] [Times: user=0.10 sys=0.00, real=0.01 secs] 
2016-09-15T12:08:08.811-0400: 100.625: [GC (GCLocker Initiated GC) [PSYoungGen: 173758K->79683K(175104K)] 232756K->187594K(699392K), 0.0115003 secs] [Times: user=0.14 sys=0.01, real=0.01 secs] 
2016-09-15T12:08:08.928-0400: 100.742: [GC (GCLocker Initiated GC) [PSYoungGen: 167747K->79879K(175104K)] 275840K->236872K(699392K), 0.0120819 secs] [Times: user=0.16 sys=0.00, real=0.01 secs] 
2016-09-15T12:08:09.053-0400: 100.867: [GC (Allocation Failure) [PSYoungGen: 167943K->73544K(175104K)] 325123K->303916K(699392K), 0.0212138 secs] [Times: user=0.22 sys=0.00, real=0.02 secs] 
2016-09-15T12:08:09.191-0400: 101.005: [GC (Allocation Failure) [PSYoungGen: 158895K->55515K(175104K)] 389267K->304231K(699392K), 0.0088815 secs] [Times: user=0.08 sys=0.01, real=0.01 secs] 
2016-09-15T12:08:09.287-0400: 101.100: [GC (GCLocker Initiated GC) [PSYoungGen: 139478K->55447K(175104K)] 394270K->328771K(699392K), 0.0140961 secs] [Times: user=0.16 sys=0.00, real=0.02 secs] 
2016-09-15T12:08:09.417-0400: 101.231: [GC (GCLocker Initiated GC) [PSYoungGen: 143511K->85890K(175104K)] 416877K->402064K(699392K), 0.0118554 secs] [Times: user=0.12 sys=0.00, real=0.01 secs] 
2016-09-15T12:08:09.551-0400: 101.365: [GC (GCLocker Initiated GC) [PSYoungGen: 173954K->42941K(175104K)] 496318K->420263K(699392K), 0.0336238 secs] [Times: user=0.37 sys=0.00, real=0.03 secs] 
2016-09-15T12:08:09.699-0400: 101.513: [GC (Allocation Failure) [PSYoungGen: 131005K->49568K(175104K)] 508364K->487836K(699392K), 0.0117660 secs] [Times: user=0.19 sys=0.00, real=0.01 secs] 
2016-09-15T12:08:09.711-0400: 101.525: [Full GC (Ergonomics) [PSYoungGen: 49568K->0K(175104K)] [ParOldGen: 438268K->46949K(524288K)] 487836K->46949K(699392K), [Metaspace: 44367K->44367K(1087488K)], 0.0553155 secs] [Times: user=0.47 sys=0.01, real=0.05 secs] 
2016-09-15T12:08:09.860-0400: 101.673: [GC (GCLocker Initiated GC) [PSYoungGen: 88064K->85854K(175104K)] 135019K->157109K(699392K), 0.0125196 secs] [Times: user=0.18 sys=0.00, real=0.01 secs] 
2016-09-15T12:08:10.000-0400: 101.814: [GC (GCLocker Initiated GC) [PSYoungGen: 173918K->86086K(175104K)] 245425K->182365K(699392K), 0.0120425 secs] [Times: user=0.17 sys=0.01, real=0.01 secs] 
2016-09-15T12:08:10.126-0400: 101.940: [GC (GCLocker Initiated GC) [PSYoungGen: 174150K->85822K(175104K)] 270627K->231379K(699392K), 0.0132979 secs] [Times: user=0.22 sys=0.00, real=0.02 secs] 
2016-09-15T12:08:10.280-0400: 102.094: [GC (GCLocker Initiated GC) [PSYoungGen: 173886K->67565K(175104K)] 319563K->274135K(699392K), 0.0126849 secs] [Times: user=0.14 sys=0.01, real=0.01 secs] 
2016-09-15T12:08:10.443-0400: 102.257: [GC (Allocation Failure) [PSYoungGen: 155629K->37226K(175104K)] 380443K->286615K(699392K), 0.0198651 secs] [Times: user=0.20 sys=0.00, real=0.02 secs] 
2016-09-15T12:08:10.579-0400: 102.393: [GC (GCLocker Initiated GC) [PSYoungGen: 119852K->55287K(175104K)] 375317K->311019K(699392K), 0.0066593 secs] [Times: user=0.05 sys=0.00, real=0.00 secs] 
2016-09-15T12:08:10.698-0400: 102.511: [GC (GCLocker Initiated GC) [PSYoungGen: 143351K->24784K(175104K)] 399416K->311312K(699392K), 0.0158137 secs] [Times: user=0.14 sys=0.00, real=0.01 secs] 
2016-09-15T12:08:10.838-0400: 102.652: [GC (Allocation Failure) [PSYoungGen: 112847K->49767K(175104K)] 411835K->367256K(699392K), 0.0263555 secs] [Times: user=0.30 sys=0.01, real=0.02 secs] 
2016-09-15T12:08:10.972-0400: 102.785: [GC (GCLocker Initiated GC) [PSYoungGen: 134798K->55287K(175104K)] 458362K->397867K(699392K), 0.0090615 secs] [Times: user=0.09 sys=0.00, real=0.01 secs] 
2016-09-15T12:08:11.095-0400: 102.909: [GC (GCLocker Initiated GC) [PSYoungGen: 143351K->55419K(175104K)] 492115K->422683K(699392K), 0.0196174 secs] [Times: user=0.22 sys=0.00, real=0.02 secs] 
2016-09-15T12:08:11.262-0400: 103.076: [GC (GCLocker Initiated GC) [PSYoungGen: 143483K->37030K(175104K)] 517116K->411078K(699392K), 0.0144311 secs] [Times: user=0.12 sys=0.00, real=0.02 secs] 
2016-09-15T12:08:11.373-0400: 103.187: [GC (GCLocker Initiated GC) [PSYoungGen: 125094K->55159K(175104K)] 499191K->429515K(699392K), 0.0089812 secs] [Times: user=0.06 sys=0.00, real=0.01 secs] 
2016-09-15T12:08:11.465-0400: 103.278: [GC (GCLocker Initiated GC) [PSYoungGen: 143223K->85858K(175104K)] 517659K->503103K(699392K), 0.0125908 secs] [Times: user=0.12 sys=0.00, real=0.02 secs] 
2016-09-15T12:08:11.574-0400: 103.388: [GC (Allocation Failure) [PSYoungGen: 173922K->79555K(175104K)] 591522K->533857K(699392K), 0.0228038 secs] [Times: user=0.21 sys=0.00, real=0.03 secs] 
2016-09-15T12:08:11.597-0400: 103.411: [Full GC (Ergonomics) [PSYoungGen: 79555K->0K(175104K)] [ParOldGen: 454302K->47264K(524288K)] 533857K->47264K(699392K), [Metaspace: 44368K->44368K(1087488K)], 0.0495258 secs] [Times: user=0.23 sys=0.01, real=0.04 secs] 
2016-09-15T12:08:11.750-0400: 103.564: [GC (GCLocker Initiated GC) [PSYoungGen: 82712K->73768K(175104K)] 136052K->127107K(699392K), 0.0097007 secs] [Times: user=0.09 sys=0.00, real=0.01 secs] 
2016-09-15T12:08:11.861-0400: 103.675: [GC (GCLocker Initiated GC) [PSYoungGen: 161832K->73608K(175104K)] 215432K->139913K(699392K), 0.0114416 secs] [Times: user=0.12 sys=0.00, real=0.01 secs] 
2016-09-15T12:08:12.009-0400: 103.823: [GC (GCLocker Initiated GC) [PSYoungGen: 161672K->67665K(175104K)] 234094K->158588K(699392K), 0.0082917 secs] [Times: user=0.09 sys=0.00, real=0.01 secs] 
2016-09-15T12:08:12.114-0400: 103.927: [GC (GCLocker Initiated GC) [PSYoungGen: 155729K->61134K(175104K)] 246777K->189056K(699392K), 0.0164652 secs] [Times: user=0.14 sys=0.00, real=0.02 secs] 
2016-09-15T12:08:12.259-0400: 104.072: [GC (Allocation Failure) [PSYoungGen: 149198K->55383K(175104K)] 283220K->268523K(699392K), 0.0119396 secs] [Times: user=0.17 sys=0.00, real=0.01 secs] 
2016-09-15T12:08:12.377-0400: 104.191: [GC (GCLocker Initiated GC) [PSYoungGen: 143447K->73544K(175104K)] 356587K->323426K(699392K), 0.0108334 secs] [Times: user=0.15 sys=0.00, real=0.01 secs] 
2016-09-15T12:08:12.487-0400: 104.301: [GC (GCLocker Initiated GC) [PSYoungGen: 161608K->85790K(175104K)] 411705K->378728K(699392K), 0.0125014 secs] [Times: user=0.19 sys=0.02, real=0.02 secs] 
2016-09-15T12:08:12.618-0400: 104.431: [GC (GCLocker Initiated GC) [PSYoungGen: 173854K->73640K(175104K)] 466846K->427698K(699392K), 0.0114248 secs] [Times: user=0.16 sys=0.00, real=0.01 secs] 
2016-09-15T12:08:12.738-0400: 104.552: [GC (GCLocker Initiated GC) [PSYoungGen: 161704K->85954K(175104K)] 515815K->464688K(699392K), 0.0108699 secs] [Times: user=0.18 sys=0.00, real=0.01 secs] 
2016-09-15T12:08:12.853-0400: 104.667: [GC (GCLocker Initiated GC) [PSYoungGen: 174018K->85822K(175104K)] 552934K->532042K(699392K), 0.0133639 secs] [Times: user=0.22 sys=0.00, real=0.01 secs] 
2016-09-15T12:08:12.866-0400: 104.680: [Full GC (Ergonomics) [PSYoungGen: 85822K->0K(175104K)] [ParOldGen: 446220K->53235K(524288K)] 532042K->53235K(699392K), [Metaspace: 44374K->44374K(1087488K)], 0.0542234 secs] [Times: user=0.44 sys=0.02, real=0.06 secs] 
2016-09-15T12:08:13.056-0400: 104.870: [GC (GCLocker Initiated GC) [PSYoungGen: 88064K->74060K(175104K)] 159874K->145870K(699392K), 0.0095365 secs] [Times: user=0.16 sys=0.00, real=0.00 secs] 
2016-09-15T12:08:13.206-0400: 105.020: [GC (GCLocker Initiated GC) [PSYoungGen: 162122K->55547K(175104K)] 240363K->171129K(699392K), 0.0091622 secs] [Times: user=0.10 sys=0.00, real=0.01 secs] 
2016-09-15T12:08:13.366-0400: 105.180: [GC (Allocation Failure) [PSYoungGen: 143611K->37517K(175104K)] 271687K->183922K(699392K), 0.0186362 secs] [Times: user=0.20 sys=0.01, real=0.02 secs] 
2016-09-15T12:08:13.484-0400: 105.298: [GC (GCLocker Initiated GC) [PSYoungGen: 125581K->73412K(175104K)] 271992K->219926K(699392K), 0.0113435 secs] [Times: user=0.12 sys=0.00, real=0.01 secs] 
2016-09-15T12:08:13.620-0400: 105.434: [GC (GCLocker Initiated GC) [PSYoungGen: 161476K->49408K(175104K)] 314168K->220428K(699392K), 0.0074774 secs] [Times: user=0.05 sys=0.01, real=0.01 secs] 
2016-09-15T12:08:13.726-0400: 105.540: [GC (GCLocker Initiated GC) [PSYoungGen: 137472K->73508K(175104K)] 308551K->281500K(699392K), 0.0113866 secs] [Times: user=0.15 sys=0.00, real=0.02 secs] 
2016-09-15T12:08:13.868-0400: 105.682: [GC (Allocation Failure) [PSYoungGen: 161572K->61882K(175104K)] 375793K->337044K(699392K), 0.0121975 secs] [Times: user=0.16 sys=0.00, real=0.01 secs] 
2016-09-15T12:08:14.002-0400: 105.816: [GC (GCLocker Initiated GC) [PSYoungGen: 144544K->55187K(175104K)] 425781K->337051K(699392K), 0.0114608 secs] [Times: user=0.16 sys=0.00, real=0.01 secs] 
2016-09-15T12:08:14.121-0400: 105.935: [GC (GCLocker Initiated GC) [PSYoungGen: 143251K->86182K(175104K)] 425392K->374558K(699392K), 0.0096172 secs] [Times: user=0.12 sys=0.00, real=0.01 secs] 
2016-09-15T12:08:14.293-0400: 106.106: [GC (GCLocker Initiated GC) [PSYoungGen: 174246K->36802K(175104K)] 474965K->368155K(699392K), 0.0092614 secs] [Times: user=0.07 sys=0.01, real=0.01 secs] 
2016-09-15T12:08:14.439-0400: 106.253: [GC (GCLocker Initiated GC) [PSYoungGen: 124866K->61654K(175104K)] 468439K->429646K(699392K), 0.0246776 secs] [Times: user=0.26 sys=0.00, real=0.02 secs] 
2016-09-15T12:08:14.580-0400: 106.394: [GC (Allocation Failure) [PSYoungGen: 149718K->43756K(175104K)] 524034K->466809K(699392K), 0.0097059 secs] [Times: user=0.12 sys=0.00, real=0.01 secs] 
2016-09-15T12:08:14.675-0400: 106.489: [GC (GCLocker Initiated GC) [PSYoungGen: 130944K->86150K(175104K)] 560072K->558125K(699392K), 0.0133141 secs] [Times: user=0.22 sys=0.01, real=0.02 secs] 
2016-09-15T12:08:14.689-0400: 106.503: [Full GC (Ergonomics) [PSYoungGen: 86150K->0K(175104K)] [ParOldGen: 471975K->59124K(524288K)] 558125K->59124K(699392K), [Metaspace: 44375K->44375K(1087488K)], 0.0546973 secs] [Times: user=0.44 sys=0.01, real=0.05 secs] 
2016-09-15T12:08:14.845-0400: 106.658: [GC (GCLocker Initiated GC) [PSYoungGen: 88064K->86242K(175104K)] 147404K->151658K(699392K), 0.0117371 secs] [Times: user=0.18 sys=0.00, real=0.02 secs] 
2016-09-15T12:08:14.958-0400: 106.772: [GC (GCLocker Initiated GC) [PSYoungGen: 174306K->62042K(175104K)] 246040K->189038K(699392K), 0.0118610 secs] [Times: user=0.15 sys=0.00, real=0.01 secs] 
2016-09-15T12:08:15.082-0400: 106.896: [GC (Allocation Failure) [PSYoungGen: 150106K->73968K(175104K)] 277457K->220420K(699392K), 0.0122323 secs] [Times: user=0.18 sys=0.00, real=0.01 secs] 
2016-09-15T12:08:15.243-0400: 107.057: [GC (GCLocker Initiated GC) [PSYoungGen: 162032K->55027K(175104K)] 308484K->201575K(699392K), 0.0066666 secs] [Times: user=0.07 sys=0.01, real=0.01 secs] 
2016-09-15T12:08:15.414-0400: 107.228: [GC (GCLocker Initiated GC) [PSYoungGen: 143091K->36898K(175104K)] 295716K->189659K(699392K), 0.0151903 secs] [Times: user=0.20 sys=0.00, real=0.02 secs] 
2016-09-15T12:08:15.560-0400: 107.374: [GC (GCLocker Initiated GC) [PSYoungGen: 124962K->37421K(175104K)] 290200K->202771K(699392K), 0.0063093 secs] [Times: user=0.07 sys=0.00, real=0.00 secs] 
2016-09-15T12:08:15.695-0400: 107.508: [GC (GCLocker Initiated GC) [PSYoungGen: 125485K->49212K(175104K)] 297271K->239301K(699392K), 0.0111583 secs] [Times: user=0.09 sys=0.00, real=0.01 secs] 
2016-09-15T12:08:15.855-0400: 107.669: [GC (GCLocker Initiated GC) [PSYoungGen: 137276K->56102K(175104K)] 333751K->252713K(699392K), 0.0116076 secs] [Times: user=0.15 sys=0.00, real=0.01 secs] 
2016-09-15T12:08:16.004-0400: 107.818: [GC (GCLocker Initiated GC) [PSYoungGen: 144166K->67533K(175104K)] 346950K->288824K(699392K), 0.0110845 secs] [Times: user=0.11 sys=0.00, real=0.01 secs] 
2016-09-15T12:08:16.137-0400: 107.950: [GC (GCLocker Initiated GC) [PSYoungGen: 155597K->55387K(175104K)] 383034K->325444K(699392K), 0.0214716 secs] [Times: user=0.20 sys=0.00, real=0.02 secs] 
2016-09-15T12:08:16.276-0400: 108.090: [GC (GCLocker Initiated GC) [PSYoungGen: 143451K->55383K(175104K)] 413869K->405092K(699392K), 0.0229069 secs] [Times: user=0.23 sys=0.00, real=0.02 secs] 
2016-09-15T12:08:16.407-0400: 108.221: [GC (GCLocker Initiated GC) [PSYoungGen: 143447K->55551K(175104K)] 499279K->435942K(699392K), 0.0103843 secs] [Times: user=0.08 sys=0.01, real=0.02 secs] 
2016-09-15T12:08:16.516-0400: 108.330: [GC (GCLocker Initiated GC) [PSYoungGen: 143615K->79747K(175104K)] 524053K->539804K(699392K), 0.0264654 secs] [Times: user=0.31 sys=0.01, real=0.02 secs] 
2016-09-15T12:08:16.543-0400: 108.356: [Full GC (Ergonomics) [PSYoungGen: 79747K->0K(175104K)] [ParOldGen: 460057K->66097K(524288K)] 539804K->66097K(699392K), [Metaspace: 44381K->44381K(1087488K)], 0.0526521 secs] [Times: user=0.26 sys=0.00, real=0.05 secs] 
2016-09-15T12:08:16.682-0400: 108.496: [GC (GCLocker Initiated GC) [PSYoungGen: 88064K->81039K(175104K)] 160440K->177715K(699392K), 0.0169040 secs] [Times: user=0.20 sys=0.00, real=0.02 secs] 
2016-09-15T12:08:16.789-0400: 108.603: [GC (GCLocker Initiated GC) [PSYoungGen: 169103K->73704K(175104K)] 265805K->256884K(699392K), 0.0137498 secs] [Times: user=0.21 sys=0.00, real=0.01 secs] 
2016-09-15T12:08:16.904-0400: 108.718: [GC (GCLocker Initiated GC) [PSYoungGen: 161768K->80271K(175104K)] 345170K->318647K(699392K), 0.0141485 secs] [Times: user=0.22 sys=0.00, real=0.02 secs] 
2016-09-15T12:08:17.028-0400: 108.842: [GC (GCLocker Initiated GC) [PSYoungGen: 168335K->85854K(175104K)] 407050K->386299K(699392K), 0.0146251 secs] [Times: user=0.24 sys=0.00, real=0.01 secs] 
2016-09-15T12:08:17.157-0400: 108.971: [GC (GCLocker Initiated GC) [PSYoungGen: 173918K->67469K(175104K)] 486549K->416842K(699392K), 0.0114284 secs] [Times: user=0.17 sys=0.00, real=0.01 secs] 
2016-09-15T12:08:17.279-0400: 109.093: [GC (GCLocker Initiated GC) [PSYoungGen: 155533K->73384K(175104K)] 504970K->459531K(699392K), 0.0115186 secs] [Times: user=0.09 sys=0.00, real=0.01 secs] 
2016-09-15T12:08:17.414-0400: 109.228: [GC (GCLocker Initiated GC) [PSYoungGen: 161448K->43101K(175104K)] 560089K->502595K(699392K), 0.0122971 secs] [Times: user=0.15 sys=0.01, real=0.01 secs] 
2016-09-15T12:08:17.427-0400: 109.241: [Full GC (Ergonomics) [PSYoungGen: 43101K->0K(175104K)] [ParOldGen: 459494K->53225K(524288K)] 502595K->53225K(699392K), [Metaspace: 44381K->44381K(1087488K)], 0.0475538 secs] [Times: user=0.40 sys=0.01, real=0.05 secs] 
2016-09-15T12:08:17.577-0400: 109.391: [GC (GCLocker Initiated GC) [PSYoungGen: 88064K->86406K(175104K)] 141538K->158105K(699392K), 0.0098183 secs] [Times: user=0.12 sys=0.00, real=0.00 secs] 
2016-09-15T12:08:17.691-0400: 109.504: [GC (GCLocker Initiated GC) [PSYoungGen: 174470K->86018K(175104K)] 246211K->231551K(699392K), 0.0175328 secs] [Times: user=0.27 sys=0.00, real=0.02 secs] 
2016-09-15T12:08:17.813-0400: 109.627: [GC (GCLocker Initiated GC) [PSYoungGen: 174082K->73640K(175104K)] 325731K->268466K(699392K), 0.0120524 secs] [Times: user=0.16 sys=0.00, real=0.01 secs] 
2016-09-15T12:08:17.920-0400: 109.734: [GC (GCLocker Initiated GC) [PSYoungGen: 161704K->85790K(175104K)] 356818K->329836K(699392K), 0.0122698 secs] [Times: user=0.16 sys=0.01, real=0.01 secs] 
2016-09-15T12:08:18.042-0400: 109.856: [GC (GCLocker Initiated GC) [PSYoungGen: 173854K->86182K(175104K)] 417907K->373224K(699392K), 0.0117462 secs] [Times: user=0.16 sys=0.00, real=0.01 secs] 
2016-09-15T12:08:18.167-0400: 109.981: [GC (Allocation Failure) [PSYoungGen: 174245K->55287K(175104K)] 467712K->349357K(699392K), 0.0072415 secs] [Times: user=0.09 sys=0.00, real=0.01 secs] 
2016-09-15T12:08:18.292-0400: 110.106: [GC (GCLocker Initiated GC) [PSYoungGen: 140070K->73836K(175104K)] 440216K->392529K(699392K), 0.0113667 secs] [Times: user=0.17 sys=0.00, real=0.01 secs] 
2016-09-15T12:08:18.415-0400: 110.229: [GC (GCLocker Initiated GC) [PSYoungGen: 161900K->80043K(175104K)] 486980K->405250K(699392K), 0.0099502 secs] [Times: user=0.14 sys=0.00, real=0.01 secs] 
2016-09-15T12:08:18.544-0400: 110.358: [GC (GCLocker Initiated GC) [PSYoungGen: 168107K->55383K(175104K)] 493490K->423590K(699392K), 0.0103319 secs] [Times: user=0.15 sys=0.00, real=0.01 secs] 
2016-09-15T12:08:18.667-0400: 110.481: [GC (GCLocker Initiated GC) [PSYoungGen: 143447K->73772K(175104K)] 517973K->448549K(699392K), 0.0080112 secs] [Times: user=0.08 sys=0.00, real=0.01 secs] 
2016-09-15T12:08:18.807-0400: 110.621: [GC (GCLocker Initiated GC) [PSYoungGen: 161836K->36998K(175104K)] 554897K->448551K(699392K), 0.0262963 secs] [Times: user=0.30 sys=0.01, real=0.03 secs] 
2016-09-15T12:08:18.946-0400: 110.760: [GC (GCLocker Initiated GC) [PSYoungGen: 125062K->55091K(175104K)] 542696K->473000K(699392K), 0.0172361 secs] [Times: user=0.19 sys=0.00, real=0.02 secs] 
2016-09-15T12:08:19.081-0400: 110.895: [GC (GCLocker Initiated GC) [PSYoungGen: 143155K->61394K(175104K)] 561274K->497874K(699392K), 0.0140300 secs] [Times: user=0.15 sys=0.00, real=0.01 secs] 
2016-09-15T12:08:19.224-0400: 111.038: [GC (Allocation Failure) [PSYoungGen: 149458K->55351K(175104K)] 592160K->516570K(699392K), 0.0138415 secs] [Times: user=0.16 sys=0.00, real=0.02 secs] 
2016-09-15T12:08:19.238-0400: 111.052: [Full GC (Ergonomics) [PSYoungGen: 55351K->0K(175104K)] [ParOldGen: 461219K->47182K(524288K)] 516570K->47182K(699392K), [Metaspace: 44388K->44388K(1087488K)], 0.0507236 secs] [Times: user=0.24 sys=0.02, real=0.05 secs] 
2016-09-15T12:08:19.410-0400: 111.224: [GC (GCLocker Initiated GC) [PSYoungGen: 86969K->85918K(175104K)] 140226K->157400K(699392K), 0.0161981 secs] [Times: user=0.18 sys=0.00, real=0.01 secs] 
2016-09-15T12:08:19.530-0400: 111.344: [GC (GCLocker Initiated GC) [PSYoungGen: 173982K->73476K(175104K)] 245568K->200317K(699392K), 0.0160926 secs] [Times: user=0.20 sys=0.00, real=0.01 secs] 
2016-09-15T12:08:19.659-0400: 111.473: [GC (GCLocker Initiated GC) [PSYoungGen: 161540K->43073K(175104K)] 288404K->206506K(699392K), 0.0094534 secs] [Times: user=0.10 sys=0.01, real=0.01 secs] 
2016-09-15T12:08:19.785-0400: 111.599: [GC (GCLocker Initiated GC) [PSYoungGen: 131137K->73676K(175104K)] 300828K->243846K(699392K), 0.0094394 secs] [Times: user=0.12 sys=0.00, real=0.01 secs] 
2016-09-15T12:08:19.890-0400: 111.703: [GC (GCLocker Initiated GC) [PSYoungGen: 161740K->85854K(175104K)] 338039K->299066K(699392K), 0.0191397 secs] [Times: user=0.26 sys=0.00, real=0.02 secs] 
2016-09-15T12:08:20.038-0400: 111.852: [GC (GCLocker Initiated GC) [PSYoungGen: 173918K->61917K(175104K)] 393995K->367189K(699392K), 0.0155647 secs] [Times: user=0.20 sys=0.00, real=0.01 secs] 
2016-09-15T12:08:20.157-0400: 111.971: [GC (GCLocker Initiated GC) [PSYoungGen: 149981K->85758K(175104K)] 455295K->416030K(699392K), 0.0201116 secs] [Times: user=0.30 sys=0.00, real=0.02 secs] 
2016-09-15T12:08:20.287-0400: 112.100: [GC (GCLocker Initiated GC) [PSYoungGen: 173822K->61490K(175104K)] 510205K->446765K(699392K), 0.0172968 secs] [Times: user=0.22 sys=0.01, real=0.02 secs] 
2016-09-15T12:08:20.445-0400: 112.259: [GC (GCLocker Initiated GC) [PSYoungGen: 149554K->37226K(175104K)] 553281K->471595K(699392K), 0.0075573 secs] [Times: user=0.08 sys=0.00, real=0.01 secs] 
2016-09-15T12:08:20.573-0400: 112.386: [GC (GCLocker Initiated GC) [PSYoungGen: 125290K->55259K(175104K)] 560020K->490233K(699392K), 0.0150620 secs] [Times: user=0.11 sys=0.00, real=0.02 secs] 
2016-09-15T12:08:20.683-0400: 112.497: [GC (GCLocker Initiated GC) [PSYoungGen: 143323K->49080K(175104K)] 578506K->508814K(699392K), 0.0100862 secs] [Times: user=0.09 sys=0.00, real=0.01 secs] 
2016-09-15T12:08:20.693-0400: 112.507: [Full GC (Ergonomics) [PSYoungGen: 49080K->0K(175104K)] [ParOldGen: 459734K->51848K(524288K)] 508814K->51848K(699392K), [Metaspace: 44388K->44388K(1087488K)], 0.0721304 secs] [Times: user=0.54 sys=0.01, real=0.07 secs] 
2016-09-15T12:08:20.855-0400: 112.669: [GC (GCLocker Initiated GC) [PSYoungGen: 88064K->80555K(175104K)] 152115K->144606K(699392K), 0.0071619 secs] [Times: user=0.06 sys=0.00, real=0.01 secs] 
2016-09-15T12:08:20.999-0400: 112.813: [GC (Allocation Failure) [PSYoungGen: 168619K->37354K(175104K)] 239067K->145267K(699392K), 0.0222842 secs] [Times: user=0.33 sys=0.00, real=0.02 secs] 
2016-09-15T12:08:21.125-0400: 112.938: [GC (GCLocker Initiated GC) [PSYoungGen: 123143K->55415K(175104K)] 237132K->194011K(699392K), 0.0080681 secs] [Times: user=0.11 sys=0.00, real=0.01 secs] 
2016-09-15T12:08:21.263-0400: 113.076: [GC (GCLocker Initiated GC) [PSYoungGen: 143479K->67925K(175104K)] 300397K->243384K(699392K), 0.0278716 secs] [Times: user=0.31 sys=0.01, real=0.03 secs] 
2016-09-15T12:08:21.416-0400: 113.230: [GC (GCLocker Initiated GC) [PSYoungGen: 155989K->49340K(175104K)] 331490K->273592K(699392K), 0.0135931 secs] [Times: user=0.15 sys=0.00, real=0.01 secs] 
2016-09-15T12:08:21.521-0400: 113.335: [GC (GCLocker Initiated GC) [PSYoungGen: 137404K->49248K(175104K)] 361978K->292307K(699392K), 0.0143318 secs] [Times: user=0.14 sys=0.01, real=0.01 secs] 
2016-09-15T12:08:21.665-0400: 113.479: [GC (Allocation Failure) [PSYoungGen: 137312K->67597K(175104K)] 392853K->365955K(699392K), 0.0104185 secs] [Times: user=0.14 sys=0.00, real=0.01 secs] 
2016-09-15T12:08:21.801-0400: 113.615: [GC (GCLocker Initiated GC) [PSYoungGen: 154206K->55547K(175104K)] 458639K->378348K(699392K), 0.0078995 secs] [Times: user=0.10 sys=0.00, real=0.01 secs] 
2016-09-15T12:08:21.913-0400: 113.727: [GC (GCLocker Initiated GC) [PSYoungGen: 143611K->80011K(175104K)] 478756K->433672K(699392K), 0.0101315 secs] [Times: user=0.13 sys=0.00, real=0.01 secs] 
2016-09-15T12:08:22.035-0400: 113.849: [GC (GCLocker Initiated GC) [PSYoungGen: 168075K->85986K(175104K)] 521873K->494594K(699392K), 0.0127499 secs] [Times: user=0.17 sys=0.00, real=0.02 secs] 
2016-09-15T12:08:22.164-0400: 113.978: [GC (Allocation Failure) [PSYoungGen: 174050K->61358K(175104K)] 582806K->488811K(699392K), 0.0099018 secs] [Times: user=0.13 sys=0.00, real=0.01 secs] 
2016-09-15T12:08:22.283-0400: 114.096: [GC (GCLocker Initiated GC) [PSYoungGen: 149422K->73868K(175104K)] 576880K->550102K(699392K), 0.0127805 secs] [Times: user=0.20 sys=0.00, real=0.01 secs] 
2016-09-15T12:08:22.296-0400: 114.109: [Full GC (Ergonomics) [PSYoungGen: 73868K->0K(175104K)] [ParOldGen: 476234K->52494K(524288K)] 550102K->52494K(699392K), [Metaspace: 44390K->44390K(1087488K)], 0.0519499 secs] [Times: user=0.36 sys=0.01, real=0.05 secs] 
2016-09-15T12:08:22.452-0400: 114.265: [GC (GCLocker Initiated GC) [PSYoungGen: 88064K->86438K(175104K)] 146675K->181499K(699392K), 0.0117362 secs] [Times: user=0.18 sys=0.00, real=0.01 secs] 
2016-09-15T12:08:22.599-0400: 114.413: [GC (Allocation Failure) [PSYoungGen: 174502K->55579K(175104K)] 275926K->194205K(699392K), 0.0084742 secs] [Times: user=0.11 sys=0.00, real=0.01 secs] 
2016-09-15T12:08:22.725-0400: 114.538: [GC (GCLocker Initiated GC) [PSYoungGen: 139188K->37549K(175104K)] 283890K->182722K(699392K), 0.0062997 secs] [Times: user=0.09 sys=0.00, real=0.01 secs] 
2016-09-15T12:08:22.843-0400: 114.656: [GC (GCLocker Initiated GC) [PSYoungGen: 125613K->85886K(175104K)] 270895K->267753K(699392K), 0.0154835 secs] [Times: user=0.17 sys=0.00, real=0.02 secs] 
2016-09-15T12:08:22.963-0400: 114.776: [GC (GCLocker Initiated GC) [PSYoungGen: 173950K->49180K(175104K)] 361940K->279986K(699392K), 0.0223114 secs] [Times: user=0.24 sys=0.01, real=0.02 secs] 
2016-09-15T12:08:23.101-0400: 114.914: [GC (Allocation Failure) [PSYoungGen: 137244K->55451K(175104K)] 380432K->341440K(699392K), 0.0110681 secs] [Times: user=0.11 sys=0.00, real=0.01 secs] 
2016-09-15T12:08:23.112-0400: 114.926: [GC (GCLocker Initiated GC) [PSYoungGen: 55455K->32K(175104K)] 341444K->341222K(699392K), 0.0105574 secs] [Times: user=0.08 sys=0.00, real=0.01 secs] 
2016-09-15T12:08:23.244-0400: 115.058: [GC (GCLocker Initiated GC) [PSYoungGen: 83485K->73448K(175104K)] 430750K->420713K(699392K), 0.0238980 secs] [Times: user=0.23 sys=0.00, real=0.03 secs] 
2016-09-15T12:08:23.383-0400: 115.197: [GC (GCLocker Initiated GC) [PSYoungGen: 161512K->55355K(175104K)] 514933K->421342K(699392K), 0.0173693 secs] [Times: user=0.15 sys=0.01, real=0.02 secs] 
2016-09-15T12:08:23.503-0400: 115.317: [GC (GCLocker Initiated GC) [PSYoungGen: 143419K->43005K(175104K)] 515819K->458214K(699392K), 0.0183003 secs] [Times: user=0.20 sys=0.00, real=0.02 secs] 
2016-09-15T12:08:23.657-0400: 115.471: [GC (GCLocker Initiated GC) [PSYoungGen: 131069K->73580K(175104K)] 552472K->495087K(699392K), 0.0150669 secs] [Times: user=0.14 sys=0.00, real=0.01 secs] 
2016-09-15T12:08:23.814-0400: 115.627: [GC (GCLocker Initiated GC) [PSYoungGen: 161644K->48920K(175104K)] 583434K->477208K(699392K), 0.0071809 secs] [Times: user=0.05 sys=0.00, real=0.01 secs] 
2016-09-15T12:08:23.930-0400: 115.744: [GC (GCLocker Initiated GC) [PSYoungGen: 136984K->85466K(175104K)] 565337K->532163K(699392K), 0.0258084 secs] [Times: user=0.25 sys=0.00, real=0.03 secs] 
2016-09-15T12:08:24.073-0400: 115.887: [Full GC (Ergonomics) [PSYoungGen: 173530K->0K(175104K)] [ParOldGen: 452903K->52542K(524288K)] 626434K->52542K(699392K), [Metaspace: 44390K->44390K(1087488K)], 0.0551157 secs] [Times: user=0.31 sys=0.00, real=0.06 secs] 
2016-09-15T12:08:24.238-0400: 116.052: [GC (GCLocker Initiated GC) [PSYoungGen: 88064K->86110K(175104K)] 140715K->187362K(699392K), 0.0128726 secs] [Times: user=0.21 sys=0.00, real=0.01 secs] 
2016-09-15T12:08:24.341-0400: 116.155: [GC (GCLocker Initiated GC) [PSYoungGen: 174174K->73936K(175104K)] 275536K->230561K(699392K), 0.0145670 secs] [Times: user=0.20 sys=0.01, real=0.02 secs] 
2016-09-15T12:08:24.469-0400: 116.283: [GC (GCLocker Initiated GC) [PSYoungGen: 162000K->74000K(175104K)] 318655K->291885K(699392K), 0.0147932 secs] [Times: user=0.21 sys=0.00, real=0.01 secs] 
2016-09-15T12:08:24.592-0400: 116.406: [GC (Allocation Failure) [PSYoungGen: 162064K->74164K(175104K)] 380304K->310804K(699392K), 0.0112684 secs] [Times: user=0.18 sys=0.00, real=0.01 secs] 
2016-09-15T12:08:24.710-0400: 116.524: [GC (Allocation Failure) [PSYoungGen: 162066K->73864K(175104K)] 398706K->347598K(699392K), 0.0122808 secs] [Times: user=0.19 sys=0.00, real=0.01 secs] 
2016-09-15T12:08:24.844-0400: 116.658: [GC (GCLocker Initiated GC) [PSYoungGen: 161239K->61526K(175104K)] 441049K->359687K(699392K), 0.0142417 secs] [Times: user=0.15 sys=0.00, real=0.02 secs] 
2016-09-15T12:08:24.991-0400: 116.805: [GC (GCLocker Initiated GC) [PSYoungGen: 149590K->73444K(175104K)] 448112K->390835K(699392K), 0.0110475 secs] [Times: user=0.17 sys=0.00, real=0.01 secs] 
2016-09-15T12:08:25.099-0400: 116.913: [GC (GCLocker Initiated GC) [PSYoungGen: 161508K->85854K(175104K)] 485028K->439892K(699392K), 0.0110690 secs] [Times: user=0.17 sys=0.00, real=0.01 secs] 
2016-09-15T12:08:25.232-0400: 117.046: [GC (GCLocker Initiated GC) [PSYoungGen: 173918K->85854K(175104K)] 528144K->513288K(699392K), 0.0148160 secs] [Times: user=0.22 sys=0.00, real=0.01 secs] 
2016-09-15T12:08:25.346-0400: 117.160: [GC (GCLocker Initiated GC) [PSYoungGen: 173918K->67697K(175104K)] 601427K->525896K(699392K), 0.0101379 secs] [Times: user=0.13 sys=0.00, real=0.02 secs] 
2016-09-15T12:08:25.356-0400: 117.170: [Full GC (Ergonomics) [PSYoungGen: 67697K->0K(175104K)] [ParOldGen: 458199K->46286K(524288K)] 525896K->46286K(699392K), [Metaspace: 44394K->44394K(1087488K)], 0.0456191 secs] [Times: user=0.38 sys=0.00, real=0.04 secs] 
2016-09-15T12:08:25.507-0400: 117.321: [GC (GCLocker Initiated GC) [PSYoungGen: 88064K->79875K(175104K)] 140747K->132558K(699392K), 0.0098676 secs] [Times: user=0.11 sys=0.00, real=0.02 secs] 
2016-09-15T12:08:25.636-0400: 117.450: [GC (Allocation Failure) [PSYoungGen: 167939K->85922K(175104K)] 220921K->188044K(699392K), 0.0114451 secs] [Times: user=0.14 sys=0.00, real=0.00 secs] 
2016-09-15T12:08:25.757-0400: 117.571: [GC (Allocation Failure) [PSYoungGen: 173986K->61262K(175104K)] 276108K->206224K(699392K), 0.0113357 secs] [Times: user=0.16 sys=0.00, real=0.01 secs] 
2016-09-15T12:08:25.876-0400: 117.690: [GC (GCLocker Initiated GC) [PSYoungGen: 149326K->85922K(175104K)] 294295K->237101K(699392K), 0.0084773 secs] [Times: user=0.09 sys=0.00, real=0.00 secs] 
2016-09-15T12:08:26.023-0400: 117.836: [GC (GCLocker Initiated GC) [PSYoungGen: 173986K->85790K(175104K)] 325241K->267907K(699392K), 0.0095202 secs] [Times: user=0.11 sys=0.00, real=0.01 secs] 
2016-09-15T12:08:26.133-0400: 117.947: [GC (GCLocker Initiated GC) [PSYoungGen: 173854K->61394K(175104K)] 356013K->286361K(699392K), 0.0133110 secs] [Times: user=0.14 sys=0.00, real=0.01 secs] 
2016-09-15T12:08:26.264-0400: 118.078: [GC (GCLocker Initiated GC) [PSYoungGen: 149458K->73836K(175104K)] 374567K->359855K(699392K), 0.0166480 secs] [Times: user=0.22 sys=0.00, real=0.02 secs] 
2016-09-15T12:08:26.418-0400: 118.232: [GC (GCLocker Initiated GC) [PSYoungGen: 161900K->85594K(175104K)] 454142K->402436K(699392K), 0.0111822 secs] [Times: user=0.16 sys=0.00, real=0.01 secs] 
2016-09-15T12:08:26.537-0400: 118.351: [GC (GCLocker Initiated GC) [PSYoungGen: 173658K->79879K(175104K)] 490743K->445715K(699392K), 0.0254572 secs] [Times: user=0.35 sys=0.00, real=0.02 secs] 
2016-09-15T12:08:26.675-0400: 118.488: [GC (GCLocker Initiated GC) [PSYoungGen: 167943K->55611K(175104K)] 533971K->476614K(699392K), 0.0119163 secs] [Times: user=0.16 sys=0.00, real=0.01 secs] 
2016-09-15T12:08:26.779-0400: 118.592: [GC (GCLocker Initiated GC) [PSYoungGen: 143675K->85726K(175104K)] 564966K->513228K(699392K), 0.0104151 secs] [Times: user=0.14 sys=0.00, real=0.01 secs] 
2016-09-15T12:08:26.882-0400: 118.696: [GC (GCLocker Initiated GC) [PSYoungGen: 173790K->85954K(175104K)] 601384K->568546K(699392K), 0.0116978 secs] [Times: user=0.15 sys=0.00, real=0.01 secs] 
2016-09-15T12:08:26.894-0400: 118.707: [Full GC (Ergonomics) [PSYoungGen: 85954K->0K(175104K)] [ParOldGen: 482592K->52990K(524288K)] 568546K->52990K(699392K), [Metaspace: 44395K->44395K(1087488K)], 0.0548776 secs] [Times: user=0.41 sys=0.01, real=0.06 secs] 
2016-09-15T12:08:27.040-0400: 118.854: [GC (GCLocker Initiated GC) [PSYoungGen: 88064K->86046K(175104K)] 141403K->181911K(699392K), 0.0200478 secs] [Times: user=0.27 sys=0.00, real=0.02 secs] 
2016-09-15T12:08:27.164-0400: 118.978: [GC (GCLocker Initiated GC) [PSYoungGen: 174110K->73804K(175104K)] 270246K->237501K(699392K), 0.0126799 secs] [Times: user=0.15 sys=0.00, real=0.02 secs] 
2016-09-15T12:08:27.274-0400: 119.088: [GC (GCLocker Initiated GC) [PSYoungGen: 161868K->85954K(175104K)] 325618K->304539K(699392K), 0.0121861 secs] [Times: user=0.17 sys=0.01, real=0.01 secs] 
2016-09-15T12:08:27.414-0400: 119.228: [GC (GCLocker Initiated GC) [PSYoungGen: 174018K->85822K(175104K)] 398736K->371942K(699392K), 0.0118475 secs] [Times: user=0.18 sys=0.00, real=0.01 secs] 
2016-09-15T12:08:27.540-0400: 119.354: [GC (GCLocker Initiated GC) [PSYoungGen: 173886K->85986K(175104K)] 460098K->415038K(699392K), 0.0109752 secs] [Times: user=0.13 sys=0.01, real=0.01 secs] 
2016-09-15T12:08:27.690-0400: 119.504: [GC (GCLocker Initiated GC) [PSYoungGen: 174050K->43041K(175104K)] 509225K->433323K(699392K), 0.0126465 secs] [Times: user=0.12 sys=0.00, real=0.01 secs] 
2016-09-15T12:08:27.853-0400: 119.667: [GC (GCLocker Initiated GC) [PSYoungGen: 131105K->73476K(175104K)] 527829K->500890K(699392K), 0.0120811 secs] [Times: user=0.15 sys=0.00, real=0.01 secs] 
2016-09-15T12:08:28.006-0400: 119.820: [Full GC (Ergonomics) [PSYoungGen: 161540K->0K(175104K)] [ParOldGen: 439605K->46483K(524288K)] 601145K->46483K(699392K), [Metaspace: 44395K->44395K(1087488K)], 0.0587032 secs] [Times: user=0.35 sys=0.03, real=0.06 secs] 
2016-09-15T12:08:28.160-0400: 119.974: [GC (GCLocker Initiated GC) [PSYoungGen: 88064K->85658K(175104K)] 134594K->174714K(699392K), 0.0145996 secs] [Times: user=0.20 sys=0.00, real=0.01 secs] 
2016-09-15T12:08:28.299-0400: 120.113: [GC (GCLocker Initiated GC) [PSYoungGen: 173722K->55743K(175104K)] 263084K->278914K(699392K), 0.0150286 secs] [Times: user=0.22 sys=0.01, real=0.01 secs] 
2016-09-15T12:08:28.421-0400: 120.235: [GC (GCLocker Initiated GC) [PSYoungGen: 143807K->85790K(175104K)] 367099K->352227K(699392K), 0.0122851 secs] [Times: user=0.17 sys=0.00, real=0.01 secs] 
2016-09-15T12:08:28.544-0400: 120.357: [GC (GCLocker Initiated GC) [PSYoungGen: 173854K->67533K(175104K)] 446475K->394972K(699392K), 0.0165985 secs] [Times: user=0.22 sys=0.00, real=0.02 secs] 
2016-09-15T12:08:28.664-0400: 120.478: [GC (Allocation Failure) [PSYoungGen: 155597K->86705K(175104K)] 489153K->475104K(699392K), 0.0127207 secs] [Times: user=0.19 sys=0.01, real=0.02 secs] 
2016-09-15T12:08:28.802-0400: 120.615: [GC (GCLocker Initiated GC) [PSYoungGen: 174170K->43429K(175104K)] 568644K->523792K(699392K), 0.0120725 secs] [Times: user=0.19 sys=0.00, real=0.01 secs] 
2016-09-15T12:08:28.814-0400: 120.628: [Full GC (Ergonomics) [PSYoungGen: 43429K->0K(175104K)] [ParOldGen: 480363K->53433K(524288K)] 523792K->53433K(699392K), [Metaspace: 44395K->44395K(1087488K)], 0.0560916 secs] [Times: user=0.55 sys=0.01, real=0.06 secs] 
2016-09-15T12:08:28.962-0400: 120.776: [GC (GCLocker Initiated GC) [PSYoungGen: 88064K->86210K(175104K)] 141561K->164007K(699392K), 0.0109132 secs] [Times: user=0.15 sys=0.00, real=0.01 secs] 
2016-09-15T12:08:29.074-0400: 120.888: [GC (GCLocker Initiated GC) [PSYoungGen: 174274K->49372K(175104K)] 252210K->231162K(699392K), 0.0156549 secs] [Times: user=0.22 sys=0.00, real=0.02 secs] 
2016-09-15T12:08:29.206-0400: 121.020: [GC (GCLocker Initiated GC) [PSYoungGen: 137436K->85658K(175104K)] 325393K->285893K(699392K), 0.0104355 secs] [Times: user=0.16 sys=0.00, real=0.02 secs] 
2016-09-15T12:08:29.314-0400: 121.128: [GC (GCLocker Initiated GC) [PSYoungGen: 173722K->67793K(175104K)] 374273K->347478K(699392K), 0.0131869 secs] [Times: user=0.14 sys=0.00, real=0.01 secs] 
2016-09-15T12:08:29.430-0400: 121.244: [GC (GCLocker Initiated GC) [PSYoungGen: 155857K->67565K(175104K)] 435701K->384119K(699392K), 0.0100746 secs] [Times: user=0.10 sys=0.00, real=0.01 secs] 
2016-09-15T12:08:29.582-0400: 121.396: [GC (Allocation Failure) [PSYoungGen: 155629K->54963K(175104K)] 472202K->389841K(699392K), 0.0096144 secs] [Times: user=0.07 sys=0.00, real=0.01 secs] 
2016-09-15T12:08:29.687-0400: 121.501: [GC (GCLocker Initiated GC) [PSYoungGen: 140938K->73476K(175104K)] 481891K->438856K(699392K), 0.0108615 secs] [Times: user=0.11 sys=0.00, real=0.02 secs] 
2016-09-15T12:08:29.815-0400: 121.628: [GC (GCLocker Initiated GC) [PSYoungGen: 161540K->85986K(175104K)] 533217K->482099K(699392K), 0.0125774 secs] [Times: user=0.12 sys=0.01, real=0.01 secs] 
2016-09-15T12:08:29.954-0400: 121.768: [GC (Allocation Failure) [PSYoungGen: 174050K->37094K(175104K)] 582657K->476335K(699392K), 0.0125446 secs] [Times: user=0.12 sys=0.00, real=0.01 secs] 
2016-09-15T12:08:29.967-0400: 121.781: [Full GC (Ergonomics) [PSYoungGen: 37094K->0K(175104K)] [ParOldGen: 439241K->46754K(524288K)] 476335K->46754K(699392K), [Metaspace: 44395K->44395K(1087488K)], 0.0536687 secs] [Times: user=0.23 sys=0.00, real=0.06 secs] 
2016-09-15T12:08:30.125-0400: 121.939: [GC (GCLocker Initiated GC) [PSYoungGen: 86154K->73864K(175104K)] 138983K->126693K(699392K), 0.0214774 secs] [Times: user=0.23 sys=0.00, real=0.02 secs] 
2016-09-15T12:08:30.249-0400: 122.063: [GC (GCLocker Initiated GC) [PSYoungGen: 161928K->79979K(175104K)] 215085K->152088K(699392K), 0.0100157 secs] [Times: user=0.09 sys=0.00, real=0.01 secs] 
2016-09-15T12:08:30.393-0400: 122.207: [GC (Allocation Failure) [PSYoungGen: 168043K->55383K(175104K)] 246490K->176810K(699392K), 0.0093490 secs] [Times: user=0.10 sys=0.00, real=0.01 secs] 
2016-09-15T12:08:30.494-0400: 122.308: [GC (GCLocker Initiated GC) [PSYoungGen: 143447K->79619K(175104K)] 264880K->201295K(699392K), 0.0168739 secs] [Times: user=0.17 sys=0.00, real=0.02 secs] 
2016-09-15T12:08:30.649-0400: 122.463: [GC (GCLocker Initiated GC) [PSYoungGen: 167683K->61330K(175104K)] 295611K->219696K(699392K), 0.0139666 secs] [Times: user=0.07 sys=0.00, real=0.01 secs] 
2016-09-15T12:08:30.782-0400: 122.596: [GC (GCLocker Initiated GC) [PSYoungGen: 149394K->73576K(175104K)] 308121K->269077K(699392K), 0.0114326 secs] [Times: user=0.15 sys=0.00, real=0.01 secs] 
2016-09-15T12:08:30.901-0400: 122.715: [GC (GCLocker Initiated GC) [PSYoungGen: 161640K->55579K(175104K)] 363481K->275945K(699392K), 0.0081801 secs] [Times: user=0.10 sys=0.00, real=0.01 secs] 
2016-09-15T12:08:31.040-0400: 122.853: [GC (GCLocker Initiated GC) [PSYoungGen: 143643K->67501K(175104K)] 364247K->306441K(699392K), 0.0145297 secs] [Times: user=0.14 sys=0.01, real=0.01 secs] 
2016-09-15T12:08:31.187-0400: 123.001: [GC (Allocation Failure) [PSYoungGen: 155565K->37062K(175104K)] 395119K->301044K(699392K), 0.0103976 secs] [Times: user=0.14 sys=0.01, real=0.02 secs] 
2016-09-15T12:08:31.286-0400: 123.100: [GC (GCLocker Initiated GC) [PSYoungGen: 121862K->73444K(175104K)] 391919K->343808K(699392K), 0.0099326 secs] [Times: user=0.13 sys=0.00, real=0.02 secs] 
2016-09-15T12:08:31.436-0400: 123.249: [GC (GCLocker Initiated GC) [PSYoungGen: 161508K->85662K(175104K)] 431920K->374394K(699392K), 0.0230693 secs] [Times: user=0.23 sys=0.00, real=0.03 secs] 
2016-09-15T12:08:31.543-0400: 123.357: [GC (GCLocker Initiated GC) [PSYoungGen: 173726K->85790K(175104K)] 462528K->399168K(699392K), 0.0137954 secs] [Times: user=0.15 sys=0.00, real=0.02 secs] 
2016-09-15T12:08:31.654-0400: 123.467: [GC (GCLocker Initiated GC) [PSYoungGen: 173854K->67729K(175104K)] 493646K->466647K(699392K), 0.0252969 secs] [Times: user=0.33 sys=0.00, real=0.03 secs] 
2016-09-15T12:08:31.810-0400: 123.623: [GC (GCLocker Initiated GC) [PSYoungGen: 155793K->49116K(175104K)] 566992K->478956K(699392K), 0.0071680 secs] [Times: user=0.06 sys=0.00, real=0.01 secs] 
2016-09-15T12:08:31.909-0400: 123.723: [GC (GCLocker Initiated GC) [PSYoungGen: 137180K->85662K(175104K)] 567067K->558350K(699392K), 0.0160868 secs] [Times: user=0.15 sys=0.00, real=0.01 secs] 
2016-09-15T12:08:31.925-0400: 123.739: [Full GC (Ergonomics) [PSYoungGen: 85662K->0K(175104K)] [ParOldGen: 472688K->52747K(524288K)] 558350K->52747K(699392K), [Metaspace: 44403K->44403K(1087488K)], 0.0554172 secs] [Times: user=0.39 sys=0.01, real=0.06 secs] 
2016-09-15T12:08:32.088-0400: 123.902: [GC (GCLocker Initiated GC) [PSYoungGen: 88064K->86274K(175104K)] 140864K->145149K(699392K), 0.0103182 secs] [Times: user=0.11 sys=0.00, real=0.01 secs] 
2016-09-15T12:08:32.209-0400: 124.023: [GC (GCLocker Initiated GC) [PSYoungGen: 174337K->73508K(175104K)] 233568K->206639K(699392K), 0.0128061 secs] [Times: user=0.17 sys=0.00, real=0.01 secs] 
2016-09-15T12:08:32.345-0400: 124.159: [GC (GCLocker Initiated GC) [PSYoungGen: 161572K->55547K(175104K)] 294845K->225413K(699392K), 0.0161418 secs] [Times: user=0.22 sys=0.00, real=0.02 secs] 
2016-09-15T12:08:32.468-0400: 124.282: [GC (GCLocker Initiated GC) [PSYoungGen: 143611K->73608K(175104K)] 313557K->262071K(699392K), 0.0091793 secs] [Times: user=0.12 sys=0.00, real=0.01 secs] 
2016-09-15T12:08:32.609-0400: 124.423: [GC (GCLocker Initiated GC) [PSYoungGen: 161672K->73544K(175104K)] 350378K->262518K(699392K), 0.0149424 secs] [Times: user=0.15 sys=0.00, real=0.01 secs] 
2016-09-15T12:08:32.744-0400: 124.558: [GC (GCLocker Initiated GC) [PSYoungGen: 161608K->55383K(175104K)] 350943K->281459K(699392K), 0.0086926 secs] [Times: user=0.10 sys=0.00, real=0.01 secs] 
2016-09-15T12:08:32.867-0400: 124.681: [GC (GCLocker Initiated GC) [PSYoungGen: 143447K->73936K(175104K)] 369862K->318703K(699392K), 0.0099153 secs] [Times: user=0.12 sys=0.01, real=0.02 secs] 
2016-09-15T12:08:32.996-0400: 124.810: [GC (GCLocker Initiated GC) [PSYoungGen: 162000K->67437K(175104K)] 406804K->330733K(699392K), 0.0242527 secs] [Times: user=0.29 sys=0.01, real=0.02 secs] 
2016-09-15T12:08:33.143-0400: 124.957: [GC (GCLocker Initiated GC) [PSYoungGen: 155501K->61490K(175104K)] 424914K->391797K(699392K), 0.0122758 secs] [Times: user=0.15 sys=0.00, real=0.02 secs] 
2016-09-15T12:08:33.279-0400: 125.093: [GC (GCLocker Initiated GC) [PSYoungGen: 149554K->73608K(175104K)] 486129K->428692K(699392K), 0.0111989 secs] [Times: user=0.17 sys=0.01, real=0.01 secs] 
2016-09-15T12:08:33.437-0400: 125.251: [GC (GCLocker Initiated GC) [PSYoungGen: 161672K->85626K(175104K)] 522879K->477531K(699392K), 0.0116674 secs] [Times: user=0.13 sys=0.02, real=0.01 secs] 
2016-09-15T12:08:33.567-0400: 125.381: [GC (GCLocker Initiated GC) [PSYoungGen: 173690K->85922K(175104K)] 565716K->538865K(699392K), 0.0130241 secs] [Times: user=0.16 sys=0.00, real=0.02 secs] 
2016-09-15T12:08:33.580-0400: 125.394: [Full GC (Ergonomics) [PSYoungGen: 85922K->0K(175104K)] [ParOldGen: 452943K->40562K(524288K)] 538865K->40562K(699392K), [Metaspace: 44403K->44403K(1087488K)], 0.0594172 secs] [Times: user=0.39 sys=0.01, real=0.06 secs] 
2016-09-15T12:08:33.770-0400: 125.584: [GC (GCLocker Initiated GC) [PSYoungGen: 88064K->74028K(175104K)] 134965K->120929K(699392K), 0.0147920 secs] [Times: user=0.16 sys=0.01, real=0.01 secs] 
2016-09-15T12:08:33.908-0400: 125.722: [GC (GCLocker Initiated GC) [PSYoungGen: 162092K->37354K(175104K)] 227562K->140485K(699392K), 0.0111399 secs] [Times: user=0.13 sys=0.00, real=0.01 secs] 
2016-09-15T12:08:34.061-0400: 125.875: [GC (GCLocker Initiated GC) [PSYoungGen: 125418K->55970K(175104K)] 234979K->165652K(699392K), 0.0226177 secs] [Times: user=0.28 sys=0.01, real=0.02 secs] 
2016-09-15T12:08:34.213-0400: 126.027: [GC (GCLocker Initiated GC) [PSYoungGen: 144034K->55255K(175104K)] 259816K->189536K(699392K), 0.0118099 secs] [Times: user=0.13 sys=0.00, real=0.01 secs] 
2016-09-15T12:08:34.334-0400: 126.148: [GC (GCLocker Initiated GC) [PSYoungGen: 143319K->73640K(175104K)] 283918K->214383K(699392K), 0.0100354 secs] [Times: user=0.14 sys=0.00, real=0.01 secs] 
2016-09-15T12:08:34.466-0400: 126.280: [GC (GCLocker Initiated GC) [PSYoungGen: 161704K->85854K(175104K)] 302500K->245190K(699392K), 0.0113322 secs] [Times: user=0.16 sys=0.00, real=0.02 secs] 
2016-09-15T12:08:34.608-0400: 126.422: [GC (GCLocker Initiated GC) [PSYoungGen: 173918K->67341K(175104K)] 339399K->269515K(699392K), 0.0157113 secs] [Times: user=0.16 sys=0.00, real=0.01 secs] 
2016-09-15T12:08:34.761-0400: 126.575: [GC (GCLocker Initiated GC) [PSYoungGen: 155405K->37030K(175104K)] 363909K->263862K(699392K), 0.0145485 secs] [Times: user=0.19 sys=0.01, real=0.02 secs] 
2016-09-15T12:08:34.891-0400: 126.705: [GC (GCLocker Initiated GC) [PSYoungGen: 125094K->55547K(175104K)] 358311K->294943K(699392K), 0.0176814 secs] [Times: user=0.21 sys=0.00, real=0.02 secs] 
2016-09-15T12:08:35.021-0400: 126.835: [GC (GCLocker Initiated GC) [PSYoungGen: 143611K->67373K(175104K)] 383188K->325443K(699392K), 0.0097928 secs] [Times: user=0.10 sys=0.00, real=0.01 secs] 
2016-09-15T12:08:35.145-0400: 126.959: [GC (GCLocker Initiated GC) [PSYoungGen: 155437K->43233K(175104K)] 413566K->319690K(699392K), 0.0100374 secs] [Times: user=0.08 sys=0.00, real=0.01 secs] 
2016-09-15T12:08:35.262-0400: 127.076: [GC (GCLocker Initiated GC) [PSYoungGen: 131297K->73740K(175104K)] 407785K->405218K(699392K), 0.0109066 secs] [Times: user=0.11 sys=0.00, real=0.01 secs] 
2016-09-15T12:08:35.412-0400: 127.226: [GC (GCLocker Initiated GC) [PSYoungGen: 161804K->55451K(175104K)] 505591K->436120K(699392K), 0.0155903 secs] [Times: user=0.19 sys=0.00, real=0.02 secs] 
2016-09-15T12:08:35.551-0400: 127.365: [GC (GCLocker Initiated GC) [PSYoungGen: 143515K->61394K(175104K)] 530414K->466786K(699392K), 0.0160926 secs] [Times: user=0.19 sys=0.00, real=0.01 secs] 
2016-09-15T12:08:35.689-0400: 127.503: [GC (GCLocker Initiated GC) [PSYoungGen: 149458K->55775K(175104K)] 561273K->516334K(699392K), 0.0159015 secs] [Times: user=0.21 sys=0.00, real=0.01 secs] 
2016-09-15T12:08:35.705-0400: 127.519: [Full GC (Ergonomics) [PSYoungGen: 55775K->0K(175104K)] [ParOldGen: 460559K->47248K(524288K)] 516334K->47248K(699392K), [Metaspace: 44404K->44404K(1087488K)], 0.0533696 secs] [Times: user=0.34 sys=0.02, real=0.06 secs] 
2016-09-15T12:08:35.869-0400: 127.683: [GC (GCLocker Initiated GC) [PSYoungGen: 88064K->86150K(175104K)] 135437K->139598K(699392K), 0.0089927 secs] [Times: user=0.12 sys=0.00, real=0.01 secs] 
2016-09-15T12:08:36.008-0400: 127.822: [GC (GCLocker Initiated GC) [PSYoungGen: 174214K->85790K(175104K)] 233790K->188167K(699392K), 0.0148354 secs] [Times: user=0.16 sys=0.00, real=0.01 secs] 
2016-09-15T12:08:36.129-0400: 127.943: [GC (GCLocker Initiated GC) [PSYoungGen: 173854K->85922K(175104K)] 276452K->219202K(699392K), 0.0094007 secs] [Times: user=0.10 sys=0.00, real=0.01 secs] 
2016-09-15T12:08:36.259-0400: 128.073: [GC (Allocation Failure) [PSYoungGen: 173986K->55287K(175104K)] 313517K->231527K(699392K), 0.0165056 secs] [Times: user=0.19 sys=0.00, real=0.02 secs] 
2016-09-15T12:08:36.428-0400: 128.242: [GC (GCLocker Initiated GC) [PSYoungGen: 143351K->67537K(175104K)] 319597K->243886K(699392K), 0.0127708 secs] [Times: user=0.14 sys=0.00, real=0.01 secs] 
2016-09-15T12:08:36.545-0400: 128.359: [GC (GCLocker Initiated GC) [PSYoungGen: 155601K->85854K(175104K)] 332082K->281039K(699392K), 0.0122282 secs] [Times: user=0.19 sys=0.01, real=0.02 secs] 
2016-09-15T12:08:36.691-0400: 128.505: [GC (GCLocker Initiated GC) [PSYoungGen: 173918K->37485K(175104K)] 381279K->311839K(699392K), 0.0108210 secs] [Times: user=0.16 sys=0.00, real=0.01 secs] 
2016-09-15T12:08:36.803-0400: 128.617: [GC (Allocation Failure) [PSYoungGen: 125549K->85662K(175104K)] 400051K->366521K(699392K), 0.0214058 secs] [Times: user=0.22 sys=0.00, real=0.02 secs] 
2016-09-15T12:08:36.935-0400: 128.749: [GC (GCLocker Initiated GC) [PSYoungGen: 173726K->25107K(175104K)] 454592K->391143K(699392K), 0.0141299 secs] [Times: user=0.16 sys=0.00, real=0.02 secs] 
2016-09-15T12:08:37.069-0400: 128.883: [GC (GCLocker Initiated GC) [PSYoungGen: 113171K->73772K(175104K)] 485537K->464645K(699392K), 0.0102337 secs] [Times: user=0.12 sys=0.00, real=0.01 secs] 
2016-09-15T12:08:37.196-0400: 129.010: [GC (GCLocker Initiated GC) [PSYoungGen: 161836K->55383K(175104K)] 559134K->471033K(699392K), 0.0214886 secs] [Times: user=0.23 sys=0.00, real=0.02 secs] 
2016-09-15T12:08:37.325-0400: 129.139: [GC (GCLocker Initiated GC) [PSYoungGen: 143447K->55451K(175104K)] 571389K->483497K(699392K), 0.0259718 secs] [Times: user=0.29 sys=0.00, real=0.03 secs] 
2016-09-15T12:08:37.483-0400: 129.297: [GC (GCLocker Initiated GC) [PSYoungGen: 143515K->61266K(175104K)] 577689K->495699K(699392K), 0.0099537 secs] [Times: user=0.09 sys=0.00, real=0.01 secs] 
2016-09-15T12:08:37.622-0400: 129.436: [GC (GCLocker Initiated GC) [PSYoungGen: 149330K->79719K(175104K)] 584024K->520748K(699392K), 0.0107055 secs] [Times: user=0.08 sys=0.00, real=0.01 secs] 
2016-09-15T12:08:37.761-0400: 129.575: [GC (Allocation Failure) [PSYoungGen: 167783K->49116K(175104K)] 608842K->520981K(699392K), 0.0159282 secs] [Times: user=0.14 sys=0.00, real=0.02 secs] 
2016-09-15T12:08:37.777-0400: 129.591: [Full GC (Ergonomics) [PSYoungGen: 49116K->0K(175104K)] [ParOldGen: 471865K->41208K(524288K)] 520981K->41208K(699392K), [Metaspace: 44404K->44404K(1087488K)], 0.0616439 secs] [Times: user=0.36 sys=0.02, real=0.06 secs] 
2016-09-15T12:08:37.923-0400: 129.737: [GC (GCLocker Initiated GC) [PSYoungGen: 88064K->86242K(175104K)] 129283K->151762K(699392K), 0.0281736 secs] [Times: user=0.35 sys=0.00, real=0.03 secs] 
2016-09-15T12:08:38.061-0400: 129.875: [GC (GCLocker Initiated GC) [PSYoungGen: 174306K->61426K(175104K)] 246121K->170239K(699392K), 0.0243526 secs] [Times: user=0.27 sys=0.00, real=0.02 secs] 
2016-09-15T12:08:38.206-0400: 130.020: [GC (Allocation Failure) [PSYoungGen: 149490K->55579K(175104K)] 264727K->207550K(699392K), 0.0092176 secs] [Times: user=0.08 sys=0.00, real=0.01 secs] 
2016-09-15T12:08:38.340-0400: 130.154: [GC (GCLocker Initiated GC) [PSYoungGen: 143643K->55219K(175104K)] 295614K->207497K(699392K), 0.0094207 secs] [Times: user=0.12 sys=0.01, real=0.01 secs] 
2016-09-15T12:08:38.440-0400: 130.254: [GC (GCLocker Initiated GC) [PSYoungGen: 143283K->86018K(175104K)] 295625K->262804K(699392K), 0.0141651 secs] [Times: user=0.17 sys=0.00, real=0.01 secs] 
2016-09-15T12:08:38.578-0400: 130.391: [GC (GCLocker Initiated GC) [PSYoungGen: 174080K->36934K(175104K)] 363366K->244876K(699392K), 0.0126379 secs] [Times: user=0.13 sys=0.00, real=0.01 secs] 
2016-09-15T12:08:38.686-0400: 130.500: [GC (GCLocker Initiated GC) [PSYoungGen: 124998K->85694K(175104K)] 333088K->293903K(699392K), 0.0152253 secs] [Times: user=0.15 sys=0.00, real=0.02 secs] 
2016-09-15T12:08:38.836-0400: 130.650: [GC (GCLocker Initiated GC) [PSYoungGen: 173758K->30891K(175104K)] 388274K->288200K(699392K), 0.0093042 secs] [Times: user=0.08 sys=0.00, real=0.00 secs] 
2016-09-15T12:08:38.950-0400: 130.764: [GC (GCLocker Initiated GC) [PSYoungGen: 118955K->85594K(175104K)] 376289K->367691K(699392K), 0.0179678 secs] [Times: user=0.19 sys=0.00, real=0.02 secs] 
2016-09-15T12:08:39.093-0400: 130.906: [GC (GCLocker Initiated GC) [PSYoungGen: 173658K->43205K(175104K)] 455908K->386309K(699392K), 0.0245318 secs] [Times: user=0.25 sys=0.00, real=0.03 secs] 
2016-09-15T12:08:39.210-0400: 131.024: [GC (GCLocker Initiated GC) [PSYoungGen: 131269K->67341K(175104K)] 474482K->441189K(699392K), 0.0101083 secs] [Times: user=0.09 sys=0.00, real=0.01 secs] 
2016-09-15T12:08:39.330-0400: 131.144: [GC (GCLocker Initiated GC) [PSYoungGen: 155405K->55842K(175104K)] 529415K->478776K(699392K), 0.0244620 secs] [Times: user=0.28 sys=0.00, real=0.02 secs] 
2016-09-15T12:08:39.458-0400: 131.272: [GC (GCLocker Initiated GC) [PSYoungGen: 143906K->55319K(175104K)] 573259K->527636K(699392K), 0.0223418 secs] [Times: user=0.23 sys=0.00, real=0.02 secs] 
2016-09-15T12:08:39.481-0400: 131.295: [Full GC (Ergonomics) [PSYoungGen: 55319K->0K(175104K)] [ParOldGen: 472317K->59186K(524288K)] 527636K->59186K(699392K), [Metaspace: 44408K->44408K(1087488K)], 0.0521653 secs] [Times: user=0.29 sys=0.01, real=0.05 secs] 
2016-09-15T12:08:39.633-0400: 131.446: [GC (GCLocker Initiated GC) [PSYoungGen: 88064K->86438K(175104K)] 147409K->170091K(699392K), 0.0102386 secs] [Times: user=0.11 sys=0.01, real=0.01 secs] 
2016-09-15T12:08:39.769-0400: 131.583: [GC (GCLocker Initiated GC) [PSYoungGen: 174502K->55287K(175104K)] 264278K->212608K(699392K), 0.0098741 secs] [Times: user=0.10 sys=0.00, real=0.01 secs] 
2016-09-15T12:08:39.896-0400: 131.710: [GC (GCLocker Initiated GC) [PSYoungGen: 143351K->37322K(175104K)] 312930K->249710K(699392K), 0.0102352 secs] [Times: user=0.10 sys=0.00, real=0.00 secs] 
2016-09-15T12:08:40.044-0400: 131.858: [GC (GCLocker Initiated GC) [PSYoungGen: 125386K->79683K(175104K)] 338028K->311006K(699392K), 0.0202732 secs] [Times: user=0.23 sys=0.01, real=0.02 secs] 
2016-09-15T12:08:40.159-0400: 131.973: [GC (Allocation Failure) [PSYoungGen: 167747K->55255K(175104K)] 399128K->317311K(699392K), 0.0186190 secs] [Times: user=0.19 sys=0.01, real=0.02 secs] 
2016-09-15T12:08:40.282-0400: 132.096: [GC (GCLocker Initiated GC) [PSYoungGen: 143313K->49084K(175104K)] 405375K->347855K(699392K), 0.0103518 secs] [Times: user=0.07 sys=0.00, real=0.01 secs] 
2016-09-15T12:08:40.413-0400: 132.226: [GC (GCLocker Initiated GC) [PSYoungGen: 137148K->79751K(175104K)] 436252K->397200K(699392K), 0.0183543 secs] [Times: user=0.20 sys=0.00, real=0.02 secs] 
2016-09-15T12:08:40.549-0400: 132.363: [GC (GCLocker Initiated GC) [PSYoungGen: 167815K->43073K(175104K)] 491537K->409728K(699392K), 0.0100908 secs] [Times: user=0.08 sys=0.00, real=0.01 secs] 
2016-09-15T12:08:40.665-0400: 132.479: [GC (GCLocker Initiated GC) [PSYoungGen: 131137K->85954K(175104K)] 497896K->477164K(699392K), 0.0112733 secs] [Times: user=0.14 sys=0.00, real=0.02 secs] 
2016-09-15T12:08:40.809-0400: 132.623: [GC (GCLocker Initiated GC) [PSYoungGen: 174018K->73480K(175104K)] 565281K->483252K(699392K), 0.0298926 secs] [Times: user=0.35 sys=0.01, real=0.03 secs] 
2016-09-15T12:08:40.936-0400: 132.750: [GC (Allocation Failure) [PSYoungGen: 161544K->73804K(175104K)] 577572K->526574K(699392K), 0.0114203 secs] [Times: user=0.13 sys=0.00, real=0.01 secs] 
2016-09-15T12:08:41.080-0400: 132.894: [GC (GCLocker Initiated GC) [PSYoungGen: 157436K->55283K(175104K)] 616281K->575185K(699392K), 0.0153679 secs] [Times: user=0.19 sys=0.00, real=0.01 secs] 
2016-09-15T12:08:41.095-0400: 132.909: [Full GC (Ergonomics) [PSYoungGen: 55283K->0K(175104K)] [ParOldGen: 519902K->47095K(524288K)] 575185K->47095K(699392K), [Metaspace: 44417K->44417K(1087488K)], 0.0510666 secs] [Times: user=0.28 sys=0.01, real=0.05 secs] 
2016-09-15T12:08:41.271-0400: 133.085: [GC (GCLocker Initiated GC) [PSYoungGen: 88064K->85982K(175104K)] 141303K->145296K(699392K), 0.0151575 secs] [Times: user=0.19 sys=0.00, real=0.01 secs] 
2016-09-15T12:08:41.387-0400: 133.201: [GC (GCLocker Initiated GC) [PSYoungGen: 174046K->73412K(175104K)] 233536K->169932K(699392K), 0.0108318 secs] [Times: user=0.14 sys=0.00, real=0.02 secs] 
2016-09-15T12:08:41.499-0400: 133.312: [GC (GCLocker Initiated GC) [PSYoungGen: 161476K->86118K(175104K)] 264191K->207201K(699392K), 0.0111856 secs] [Times: user=0.16 sys=0.00, real=0.01 secs] 
2016-09-15T12:08:41.650-0400: 133.463: [GC (Allocation Failure) [PSYoungGen: 174182K->19292K(175104K)] 313790K->208128K(699392K), 0.0103912 secs] [Times: user=0.16 sys=0.00, real=0.01 secs] 
2016-09-15T12:08:41.792-0400: 133.606: [GC (GCLocker Initiated GC) [PSYoungGen: 107356K->55711K(175104K)] 296198K->244648K(699392K), 0.0067048 secs] [Times: user=0.09 sys=0.00, real=0.01 secs] 
2016-09-15T12:08:41.906-0400: 133.720: [GC (GCLocker Initiated GC) [PSYoungGen: 143775K->55515K(175104K)] 339148K->269420K(699392K), 0.0103872 secs] [Times: user=0.09 sys=0.01, real=0.02 secs] 
2016-09-15T12:08:42.038-0400: 133.852: [GC (GCLocker Initiated GC) [PSYoungGen: 143579K->61362K(175104K)] 363769K->300053K(699392K), 0.0150613 secs] [Times: user=0.15 sys=0.00, real=0.01 secs] 
2016-09-15T12:08:42.155-0400: 133.968: [GC (GCLocker Initiated GC) [PSYoungGen: 149426K->61458K(175104K)] 388126K->318486K(699392K), 0.0270722 secs] [Times: user=0.31 sys=0.00, real=0.03 secs] 
2016-09-15T12:08:42.297-0400: 134.111: [GC (GCLocker Initiated GC) [PSYoungGen: 149522K->55746K(175104K)] 412941K->349833K(699392K), 0.0082969 secs] [Times: user=0.09 sys=0.00, real=0.00 secs] 
2016-09-15T12:08:42.441-0400: 134.255: [GC (GCLocker Initiated GC) [PSYoungGen: 143810K->85530K(175104K)] 437955K->404258K(699392K), 0.0197889 secs] [Times: user=0.18 sys=0.00, real=0.02 secs] 
2016-09-15T12:08:42.593-0400: 134.407: [GC (GCLocker Initiated GC) [PSYoungGen: 173594K->49312K(175104K)] 498648K->404836K(699392K), 0.0110050 secs] [Times: user=0.10 sys=0.00, real=0.01 secs] 
2016-09-15T12:08:42.730-0400: 134.543: [GC (GCLocker Initiated GC) [PSYoungGen: 137376K->61230K(175104K)] 499084K->423237K(699392K), 0.0070075 secs] [Times: user=0.07 sys=0.00, real=0.01 secs] 
2016-09-15T12:08:42.837-0400: 134.651: [GC (GCLocker Initiated GC) [PSYoungGen: 149294K->73448K(175104K)] 511344K->447743K(699392K), 0.0260781 secs] [Times: user=0.31 sys=0.00, real=0.02 secs] 
2016-09-15T12:08:42.984-0400: 134.798: [GC (GCLocker Initiated GC) [PSYoungGen: 161512K->55643K(175104K)] 548256K->515619K(699392K), 0.0120261 secs] [Times: user=0.18 sys=0.00, real=0.02 secs] 
2016-09-15T12:08:42.996-0400: 134.810: [Full GC (Ergonomics) [PSYoungGen: 55643K->0K(175104K)] [ParOldGen: 459976K->53733K(524288K)] 515619K->53733K(699392K), [Metaspace: 44418K->44418K(1087488K)], 0.0492829 secs] [Times: user=0.31 sys=0.01, real=0.04 secs] 
2016-09-15T12:08:43.141-0400: 134.955: [GC (GCLocker Initiated GC) [PSYoungGen: 88064K->86110K(175104K)] 141818K->145939K(699392K), 0.0099840 secs] [Times: user=0.15 sys=0.00, real=0.01 secs] 
2016-09-15T12:08:43.248-0400: 135.062: [GC (GCLocker Initiated GC) [PSYoungGen: 174174K->85986K(175104K)] 240377K->177061K(699392K), 0.0108879 secs] [Times: user=0.17 sys=0.00, real=0.01 secs] 
2016-09-15T12:08:43.390-0400: 135.204: [GC (GCLocker Initiated GC) [PSYoungGen: 174050K->73444K(175104K)] 265222K->201694K(699392K), 0.0105828 secs] [Times: user=0.14 sys=0.01, real=0.01 secs] 
2016-09-15T12:08:43.505-0400: 135.319: [GC (GCLocker Initiated GC) [PSYoungGen: 161508K->55059K(175104K)] 295881K->213843K(699392K), 0.0094603 secs] [Times: user=0.09 sys=0.00, real=0.01 secs] 
2016-09-15T12:08:43.640-0400: 135.454: [GC (Allocation Failure) [PSYoungGen: 143123K->85854K(175104K)] 302027K->287387K(699392K), 0.0108030 secs] [Times: user=0.11 sys=0.00, real=0.01 secs] 
2016-09-15T12:08:43.749-0400: 135.562: [GC (GCLocker Initiated GC) [PSYoungGen: 173918K->79715K(175104K)] 375463K->299808K(699392K), 0.0088241 secs] [Times: user=0.10 sys=0.00, real=0.01 secs] 
2016-09-15T12:08:43.869-0400: 135.682: [GC (GCLocker Initiated GC) [PSYoungGen: 167779K->85694K(175104K)] 388088K->336637K(699392K), 0.0221404 secs] [Times: user=0.19 sys=0.00, real=0.02 secs] 
2016-09-15T12:08:44.006-0400: 135.820: [GC (GCLocker Initiated GC) [PSYoungGen: 173758K->73576K(175104K)] 431087K->331172K(699392K), 0.0088808 secs] [Times: user=0.08 sys=0.00, real=0.01 secs] 
2016-09-15T12:08:44.117-0400: 135.931: [GC (GCLocker Initiated GC) [PSYoungGen: 161640K->85694K(175104K)] 419302K->373858K(699392K), 0.0122437 secs] [Times: user=0.14 sys=0.00, real=0.01 secs] 
2016-09-15T12:08:44.250-0400: 136.064: [GC (GCLocker Initiated GC) [PSYoungGen: 173758K->73868K(175104K)] 474288K->435283K(699392K), 0.0132799 secs] [Times: user=0.22 sys=0.00, real=0.01 secs] 
2016-09-15T12:08:44.406-0400: 136.220: [GC (GCLocker Initiated GC) [PSYoungGen: 161932K->37222K(175104K)] 541754K->472190K(699392K), 0.0088431 secs] [Times: user=0.13 sys=0.00, real=0.01 secs] 
2016-09-15T12:08:44.544-0400: 136.358: [GC (GCLocker Initiated GC) [PSYoungGen: 125286K->36902K(175104K)] 560357K->472224K(699392K), 0.0076621 secs] [Times: user=0.06 sys=0.00, real=0.01 secs] 
2016-09-15T12:08:44.646-0400: 136.460: [GC (GCLocker Initiated GC) [PSYoungGen: 124966K->85758K(175104K)] 560318K->527289K(699392K), 0.0152769 secs] [Times: user=0.19 sys=0.00, real=0.02 secs] 
2016-09-15T12:08:44.771-0400: 136.584: [GC (GCLocker Initiated GC) [PSYoungGen: 173822K->61330K(175104K)] 615563K->545879K(699392K), 0.0287535 secs] [Times: user=0.30 sys=0.00, real=0.03 secs] 
2016-09-15T12:08:44.799-0400: 136.613: [Full GC (Ergonomics) [PSYoungGen: 61330K->0K(175104K)] [ParOldGen: 484549K->47359K(524288K)] 545879K->47359K(699392K), [Metaspace: 44424K->44424K(1087488K)], 0.0609366 secs] [Times: user=0.42 sys=0.02, real=0.06 secs] 
2016-09-15T12:08:44.966-0400: 136.780: [GC (GCLocker Initiated GC) [PSYoungGen: 88064K->74256K(175104K)] 147818K->134011K(699392K), 0.0074379 secs] [Times: user=0.07 sys=0.00, real=0.01 secs] 
2016-09-15T12:08:45.090-0400: 136.904: [GC (GCLocker Initiated GC) [PSYoungGen: 162320K->24848K(175104K)] 234446K->134275K(699392K), 0.0200419 secs] [Times: user=0.21 sys=0.00, real=0.02 secs] 
2016-09-15T12:08:45.239-0400: 137.053: [GC (Allocation Failure) [PSYoungGen: 112912K->61458K(175104K)] 222509K->219963K(699392K), 0.0182094 secs] [Times: user=0.19 sys=0.00, real=0.02 secs] 
2016-09-15T12:08:45.349-0400: 137.163: [GC (GCLocker Initiated GC) [PSYoungGen: 149522K->55419K(175104K)] 308033K->232446K(699392K), 0.0344796 secs] [Times: user=0.39 sys=0.00, real=0.03 secs] 
2016-09-15T12:08:45.491-0400: 137.305: [GC (GCLocker Initiated GC) [PSYoungGen: 143483K->49180K(175104K)] 326633K->269196K(699392K), 0.0099063 secs] [Times: user=0.06 sys=0.00, real=0.01 secs] 
2016-09-15T12:08:45.641-0400: 137.455: [GC (GCLocker Initiated GC) [PSYoungGen: 137244K->61626K(175104K)] 363483K->336585K(699392K), 0.0098210 secs] [Times: user=0.07 sys=0.00, real=0.01 secs] 
2016-09-15T12:08:45.758-0400: 137.572: [GC (GCLocker Initiated GC) [PSYoungGen: 149690K->42909K(175104K)] 424691K->342829K(699392K), 0.0154399 secs] [Times: user=0.14 sys=0.00, real=0.01 secs] 
2016-09-15T12:08:45.898-0400: 137.712: [GC (GCLocker Initiated GC) [PSYoungGen: 130973K->43301K(175104K)] 443163K->404195K(699392K), 0.0163371 secs] [Times: user=0.16 sys=0.00, real=0.01 secs] 
2016-09-15T12:08:46.050-0400: 137.863: [GC (GCLocker Initiated GC) [PSYoungGen: 131365K->61070K(175104K)] 492621K->446877K(699392K), 0.0164223 secs] [Times: user=0.16 sys=0.00, real=0.01 secs] 
2016-09-15T12:08:46.165-0400: 137.979: [GC (Allocation Failure) [PSYoungGen: 149134K->73644K(175104K)] 535218K->459832K(699392K), 0.0072541 secs] [Times: user=0.08 sys=0.00, real=0.01 secs] 
2016-09-15T12:08:46.173-0400: 137.987: [GC (GCLocker Initiated GC) [PSYoungGen: 74107K->0K(175104K)] 460295K->453397K(699392K), 0.0091852 secs] [Times: user=0.10 sys=0.00, real=0.01 secs] 
2016-09-15T12:08:46.182-0400: 137.996: [Full GC (Ergonomics) [PSYoungGen: 0K->0K(175104K)] [ParOldGen: 453397K->47375K(524288K)] 453397K->47375K(699392K), [Metaspace: 44425K->44425K(1087488K)], 0.0573514 secs] [Times: user=0.38 sys=0.01, real=0.06 secs] 
2016-09-15T12:08:46.328-0400: 138.141: [GC (GCLocker Initiated GC) [PSYoungGen: 85052K->73864K(175104K)] 138502K->127314K(699392K), 0.0116932 secs] [Times: user=0.15 sys=0.00, real=0.02 secs] 
2016-09-15T12:08:46.432-0400: 138.246: [GC (GCLocker Initiated GC) [PSYoungGen: 161928K->85954K(175104K)] 215426K->176458K(699392K), 0.0118389 secs] [Times: user=0.15 sys=0.00, real=0.01 secs] 
2016-09-15T12:08:46.549-0400: 138.363: [GC (Allocation Failure) [PSYoungGen: 174018K->55383K(175104K)] 264804K->201168K(699392K), 0.0140427 secs] [Times: user=0.19 sys=0.00, real=0.01 secs] 
2016-09-15T12:08:46.684-0400: 138.498: [GC (GCLocker Initiated GC) [PSYoungGen: 143447K->86346K(175104K)] 289233K->256755K(699392K), 0.0110370 secs] [Times: user=0.14 sys=0.00, real=0.01 secs] 
2016-09-15T12:08:46.833-0400: 138.646: [GC (GCLocker Initiated GC) [PSYoungGen: 174410K->55287K(175104K)] 357202K->256735K(699392K), 0.0078263 secs] [Times: user=0.07 sys=0.01, real=0.01 secs] 
2016-09-15T12:08:46.963-0400: 138.777: [GC (Allocation Failure) [PSYoungGen: 143351K->73576K(175104K)] 350939K->281439K(699392K), 0.0123216 secs] [Times: user=0.15 sys=0.00, real=0.02 secs] 
2016-09-15T12:08:46.976-0400: 138.790: [GC (GCLocker Initiated GC) [PSYoungGen: 74437K->96K(175104K)] 282301K->256872K(699392K), 0.0062903 secs] [Times: user=0.04 sys=0.00, real=0.00 secs] 
2016-09-15T12:08:47.087-0400: 138.901: [GC (GCLocker Initiated GC) [PSYoungGen: 82226K->67825K(175104K)] 345077K->330708K(699392K), 0.0104521 secs] [Times: user=0.09 sys=0.00, real=0.02 secs] 
2016-09-15T12:08:47.220-0400: 139.033: [GC (Allocation Failure) [PSYoungGen: 155889K->67925K(175104K)] 418987K->368216K(699392K), 0.0150349 secs] [Times: user=0.15 sys=0.00, real=0.01 secs] 
2016-09-15T12:08:47.334-0400: 139.148: [GC (GCLocker Initiated GC) [PSYoungGen: 155989K->73640K(175104K)] 456291K->386228K(699392K), 0.0088266 secs] [Times: user=0.09 sys=0.00, real=0.01 secs] 
2016-09-15T12:08:47.462-0400: 139.275: [GC (GCLocker Initiated GC) [PSYoungGen: 161704K->86022K(175104K)] 474642K->435693K(699392K), 0.0110000 secs] [Times: user=0.11 sys=0.00, real=0.01 secs] 
2016-09-15T12:08:47.600-0400: 139.414: [GC (GCLocker Initiated GC) [PSYoungGen: 174086K->55547K(175104K)] 523877K->423855K(699392K), 0.0137801 secs] [Times: user=0.13 sys=0.00, real=0.01 secs] 
2016-09-15T12:08:47.713-0400: 139.527: [GC (GCLocker Initiated GC) [PSYoungGen: 143611K->67373K(175104K)] 524088K->466334K(699392K), 0.0189427 secs] [Times: user=0.18 sys=0.00, real=0.02 secs] 
2016-09-15T12:08:47.848-0400: 139.662: [GC (GCLocker Initiated GC) [PSYoungGen: 155437K->61526K(175104K)] 560739K->515556K(699392K), 0.0105735 secs] [Times: user=0.10 sys=0.00, real=0.01 secs] 
2016-09-15T12:08:47.859-0400: 139.673: [Full GC (Ergonomics) [PSYoungGen: 61526K->0K(175104K)] [ParOldGen: 454029K->53841K(524288K)] 515556K->53841K(699392K), [Metaspace: 44425K->44425K(1087488K)], 0.0740134 secs] [Times: user=0.53 sys=0.01, real=0.07 secs] 
2016-09-15T12:08:48.054-0400: 139.868: [GC (GCLocker Initiated GC) [PSYoungGen: 88064K->86018K(175104K)] 142244K->164498K(699392K), 0.0141185 secs] [Times: user=0.18 sys=0.01, real=0.02 secs] 
2016-09-15T12:08:48.175-0400: 139.989: [GC (GCLocker Initiated GC) [PSYoungGen: 174082K->55874K(175104K)] 252732K->171455K(699392K), 0.0100206 secs] [Times: user=0.13 sys=0.00, real=0.01 secs] 
2016-09-15T12:08:48.298-0400: 140.112: [GC (GCLocker Initiated GC) [PSYoungGen: 143938K->43073K(175104K)] 271811K->189429K(699392K), 0.0210041 secs] [Times: user=0.26 sys=0.00, real=0.02 secs] 
2016-09-15T12:08:48.442-0400: 140.256: [GC (GCLocker Initiated GC) [PSYoungGen: 131137K->18968K(175104K)] 283576K->171463K(699392K), 0.0097673 secs] [Times: user=0.16 sys=0.00, real=0.01 secs] 
2016-09-15T12:08:48.545-0400: 140.359: [GC (GCLocker Initiated GC) [PSYoungGen: 107032K->73576K(175104K)] 259877K->226719K(699392K), 0.0072836 secs] [Times: user=0.08 sys=0.01, real=0.01 secs] 
2016-09-15T12:08:48.668-0400: 140.482: [GC (GCLocker Initiated GC) [PSYoungGen: 161638K->85726K(175104K)] 321212K->251618K(699392K), 0.0093113 secs] [Times: user=0.07 sys=0.00, real=0.01 secs] 
2016-09-15T12:08:48.818-0400: 140.632: [GC (GCLocker Initiated GC) [PSYoungGen: 173790K->73576K(175104K)] 339684K->276203K(699392K), 0.0105595 secs] [Times: user=0.12 sys=0.01, real=0.01 secs] 
2016-09-15T12:08:48.949-0400: 140.763: [GC (GCLocker Initiated GC) [PSYoungGen: 161640K->61298K(175104K)] 370390K->288361K(699392K), 0.0097077 secs] [Times: user=0.08 sys=0.00, real=0.01 secs] 
2016-09-15T12:08:49.078-0400: 140.892: [GC (GCLocker Initiated GC) [PSYoungGen: 149362K->55938K(175104K)] 376702K->344172K(699392K), 0.0146243 secs] [Times: user=0.19 sys=0.00, real=0.01 secs] 
2016-09-15T12:08:49.204-0400: 141.018: [GC (GCLocker Initiated GC) [PSYoungGen: 144001K->86214K(175104K)] 438659K->387411K(699392K), 0.0088272 secs] [Times: user=0.12 sys=0.00, real=0.01 secs] 
2016-09-15T12:08:49.329-0400: 141.143: [GC (GCLocker Initiated GC) [PSYoungGen: 174278K->73704K(175104K)] 481603K->435847K(699392K), 0.0107600 secs] [Times: user=0.13 sys=0.00, real=0.01 secs] 
2016-09-15T12:08:49.457-0400: 141.271: [GC (GCLocker Initiated GC) [PSYoungGen: 161768K->73608K(175104K)] 524178K->502987K(699392K), 0.0130441 secs] [Times: user=0.21 sys=0.00, real=0.01 secs] 
2016-09-15T12:08:49.580-0400: 141.394: [GC (Allocation Failure) [PSYoungGen: 161672K->67501K(175104K)] 591165K->509452K(699392K), 0.0083060 secs] [Times: user=0.07 sys=0.00, real=0.01 secs] 
2016-09-15T12:08:49.588-0400: 141.402: [Full GC (Ergonomics) [PSYoungGen: 67501K->0K(175104K)] [ParOldGen: 441950K->47756K(524288K)] 509452K->47756K(699392K), [Metaspace: 44440K->44440K(1087488K)], 0.0511627 secs] [Times: user=0.35 sys=0.02, real=0.05 secs] 
2016-09-15T12:08:49.731-0400: 141.545: [GC (GCLocker Initiated GC) [PSYoungGen: 88064K->86078K(175104K)] 135826K->139915K(699392K), 0.0110575 secs] [Times: user=0.15 sys=0.00, real=0.01 secs] 
2016-09-15T12:08:49.849-0400: 141.663: [GC (GCLocker Initiated GC) [PSYoungGen: 174142K->73836K(175104K)] 228016K->164911K(699392K), 0.0115542 secs] [Times: user=0.17 sys=0.01, real=0.01 secs] 
2016-09-15T12:08:49.973-0400: 141.787: [GC (GCLocker Initiated GC) [PSYoungGen: 161900K->85658K(175104K)] 253017K->207786K(699392K), 0.0118650 secs] [Times: user=0.17 sys=0.01, real=0.01 secs] 
2016-09-15T12:08:50.097-0400: 141.910: [GC (GCLocker Initiated GC) [PSYoungGen: 173722K->55579K(175104K)] 302056K->281296K(699392K), 0.0147536 secs] [Times: user=0.23 sys=0.00, real=0.01 secs] 
2016-09-15T12:08:50.239-0400: 142.053: [GC (GCLocker Initiated GC) [PSYoungGen: 143643K->85658K(175104K)] 369419K->354275K(699392K), 0.0124083 secs] [Times: user=0.18 sys=0.01, real=0.01 secs] 
2016-09-15T12:08:50.367-0400: 142.181: [GC (GCLocker Initiated GC) [PSYoungGen: 173722K->86086K(175104K)] 442386K->403509K(699392K), 0.0139547 secs] [Times: user=0.21 sys=0.01, real=0.02 secs] 
2016-09-15T12:08:50.489-0400: 142.303: [GC (Allocation Failure) [PSYoungGen: 174150K->55579K(175104K)] 503899K->440303K(699392K), 0.0117773 secs] [Times: user=0.18 sys=0.00, real=0.01 secs] 
2016-09-15T12:08:50.628-0400: 142.442: [GC (GCLocker Initiated GC) [PSYoungGen: 143643K->73608K(175104K)] 528372K->458637K(699392K), 0.0076976 secs] [Times: user=0.11 sys=0.00, real=0.01 secs] 
2016-09-15T12:08:50.739-0400: 142.553: [GC (GCLocker Initiated GC) [PSYoungGen: 161672K->55351K(175104K)] 547023K->477303K(699392K), 0.0108336 secs] [Times: user=0.15 sys=0.00, real=0.01 secs] 
2016-09-15T12:08:50.864-0400: 142.678: [GC (GCLocker Initiated GC) [PSYoungGen: 143415K->73804K(175104K)] 571786K->520536K(699392K), 0.0111837 secs] [Times: user=0.12 sys=0.00, real=0.01 secs] 
2016-09-15T12:08:50.875-0400: 142.689: [Full GC (Ergonomics) [PSYoungGen: 73804K->0K(175104K)] [ParOldGen: 446732K->53933K(524288K)] 520536K->53933K(699392K), [Metaspace: 44440K->44440K(1087488K)], 0.0570094 secs] [Times: user=0.38 sys=0.02, real=0.06 secs] 
2016-09-15T12:08:51.046-0400: 142.860: [GC (GCLocker Initiated GC) [PSYoungGen: 88064K->86506K(175104K)] 142113K->146630K(699392K), 0.0100134 secs] [Times: user=0.16 sys=0.00, real=0.02 secs] 
2016-09-15T12:08:51.212-0400: 143.026: [GC (Allocation Failure) [PSYoungGen: 174570K->85790K(175104K)] 240900K->195373K(699392K), 0.0200787 secs] [Times: user=0.21 sys=0.00, real=0.02 secs] 
2016-09-15T12:08:51.353-0400: 143.167: [GC (Allocation Failure) [PSYoungGen: 173852K->30923K(175104K)] 283436K->177223K(699392K), 0.0089037 secs] [Times: user=0.08 sys=0.00, real=0.01 secs] 
2016-09-15T12:08:51.470-0400: 143.284: [GC (GCLocker Initiated GC) [PSYoungGen: 117463K->67533K(175104K)] 269838K->220168K(699392K), 0.0102107 secs] [Times: user=0.09 sys=0.00, real=0.01 secs] 
2016-09-15T12:08:51.634-0400: 143.448: [GC (Allocation Failure) [PSYoungGen: 155597K->67337K(175104K)] 314405K->244637K(699392K), 0.0451384 secs] [Times: user=0.48 sys=0.00, real=0.05 secs] 
2016-09-15T12:08:51.797-0400: 143.611: [GC (GCLocker Initiated GC) [PSYoungGen: 155401K->43397K(175104K)] 332707K->269446K(699392K), 0.0098544 secs] [Times: user=0.14 sys=0.00, real=0.00 secs] 
2016-09-15T12:08:51.896-0400: 143.710: [GC (GCLocker Initiated GC) [PSYoungGen: 131461K->85822K(175104K)] 363935K->342904K(699392K), 0.0119040 secs] [Times: user=0.18 sys=0.00, real=0.01 secs] 
2016-09-15T12:08:52.046-0400: 143.860: [GC (GCLocker Initiated GC) [PSYoungGen: 173886K->55515K(175104K)] 437062K->337199K(699392K), 0.0082073 secs] [Times: user=0.08 sys=0.00, real=0.01 secs] 
2016-09-15T12:08:52.206-0400: 144.019: [GC (GCLocker Initiated GC) [PSYoungGen: 143579K->18837K(175104K)] 449834K->373796K(699392K), 0.0072378 secs] [Times: user=0.05 sys=0.00, real=0.01 secs] 
2016-09-15T12:08:52.331-0400: 144.144: [GC (GCLocker Initiated GC) [PSYoungGen: 106901K->85822K(175104K)] 467989K->459367K(699392K), 0.0106188 secs] [Times: user=0.16 sys=0.00, real=0.01 secs] 
2016-09-15T12:08:52.463-0400: 144.277: [GC (GCLocker Initiated GC) [PSYoungGen: 173886K->73868K(175104K)] 553560K->508353K(699392K), 0.0114038 secs] [Times: user=0.14 sys=0.00, real=0.01 secs] 
2016-09-15T12:08:52.605-0400: 144.418: [GC (Allocation Failure) [PSYoungGen: 161932K->67821K(175104K)] 596598K->557446K(699392K), 0.0320339 secs] [Times: user=0.40 sys=0.00, real=0.04 secs] 
2016-09-15T12:08:52.637-0400: 144.451: [Full GC (Ergonomics) [PSYoungGen: 67821K->0K(175104K)] [ParOldGen: 489624K->53943K(524288K)] 557446K->53943K(699392K), [Metaspace: 44444K->44444K(1087488K)], 0.0580673 secs] [Times: user=0.34 sys=0.01, real=0.05 secs] 
2016-09-15T12:08:52.838-0400: 144.651: [GC (GCLocker Initiated GC) [PSYoungGen: 82366K->85854K(175104K)] 142385K->145872K(699392K), 0.0329047 secs] [Times: user=0.37 sys=0.01, real=0.03 secs] 
2016-09-15T12:08:52.990-0400: 144.804: [GC (GCLocker Initiated GC) [PSYoungGen: 173918K->55123K(175104K)] 233947K->158217K(699392K), 0.0123254 secs] [Times: user=0.14 sys=0.00, real=0.01 secs] 
2016-09-15T12:08:53.114-0400: 144.927: [GC (Allocation Failure) [PSYoungGen: 143187K->79583K(175104K)] 252448K->207236K(699392K), 0.0101027 secs] [Times: user=0.16 sys=0.01, real=0.01 secs] 
2016-09-15T12:08:53.232-0400: 145.046: [GC (GCLocker Initiated GC) [PSYoungGen: 167647K->85986K(175104K)] 295306K->280622K(699392K), 0.0134291 secs] [Times: user=0.22 sys=0.00, real=0.01 secs] 
2016-09-15T12:08:53.334-0400: 145.148: [GC (GCLocker Initiated GC) [PSYoungGen: 174050K->49152K(175104K)] 368873K->256368K(699392K), 0.0097516 secs] [Times: user=0.04 sys=0.00, real=0.01 secs] 
2016-09-15T12:08:53.452-0400: 145.266: [GC (GCLocker Initiated GC) [PSYoungGen: 137216K->73804K(175104K)] 350666K->335998K(699392K), 0.0126351 secs] [Times: user=0.16 sys=0.01, real=0.01 secs] 
2016-09-15T12:08:53.579-0400: 145.393: [GC (GCLocker Initiated GC) [PSYoungGen: 161868K->55874K(175104K)] 430319K->324461K(699392K), 0.0099110 secs] [Times: user=0.13 sys=0.02, real=0.01 secs] 
2016-09-15T12:08:53.690-0400: 145.504: [GC (GCLocker Initiated GC) [PSYoungGen: 143938K->55219K(175104K)] 412613K->342246K(699392K), 0.0102893 secs] [Times: user=0.15 sys=0.01, real=0.01 secs] 
2016-09-15T12:08:53.824-0400: 145.638: [GC (Allocation Failure) [PSYoungGen: 143283K->74100K(175104K)] 442613K->373533K(699392K), 0.0108591 secs] [Times: user=0.13 sys=0.00, real=0.01 secs] 
2016-09-15T12:08:53.963-0400: 145.777: [GC (GCLocker Initiated GC) [PSYoungGen: 162164K->43105K(175104K)] 461603K->379597K(699392K), 0.0217061 secs] [Times: user=0.21 sys=0.00, real=0.02 secs] 
2016-09-15T12:08:54.090-0400: 145.904: [GC (GCLocker Initiated GC) [PSYoungGen: 131169K->55319K(175104K)] 480010K->428564K(699392K), 0.0168519 secs] [Times: user=0.15 sys=0.00, real=0.01 secs] 
2016-09-15T12:08:54.242-0400: 146.055: [GC (GCLocker Initiated GC) [PSYoungGen: 143383K->43464K(175104K)] 529139K->459724K(699392K), 0.0167567 secs] [Times: user=0.18 sys=0.00, real=0.02 secs] 
2016-09-15T12:08:54.382-0400: 146.196: [GC (GCLocker Initiated GC) [PSYoungGen: 131528K->55255K(175104K)] 548149K->472306K(699392K), 0.0079017 secs] [Times: user=0.05 sys=0.01, real=0.01 secs] 
2016-09-15T12:08:54.505-0400: 146.318: [GC (GCLocker Initiated GC) [PSYoungGen: 143319K->73576K(175104K)] 560709K->509310K(699392K), 0.0307019 secs] [Times: user=0.32 sys=0.00, real=0.03 secs] 
2016-09-15T12:08:54.654-0400: 146.468: [GC (GCLocker Initiated GC) [PSYoungGen: 161640K->43041K(175104K)] 597478K->503266K(699392K), 0.0213161 secs] [Times: user=0.19 sys=0.01, real=0.02 secs] 
2016-09-15T12:08:54.675-0400: 146.489: [Full GC (Ergonomics) [PSYoungGen: 43041K->0K(175104K)] [ParOldGen: 460225K->52350K(524288K)] 503266K->52350K(699392K), [Metaspace: 44444K->44444K(1087488K)], 0.0844157 secs] [Times: user=0.68 sys=0.00, real=0.09 secs] 
2016-09-15T12:08:54.893-0400: 146.707: [GC (GCLocker Initiated GC) [PSYoungGen: 88064K->86470K(175104K)] 140775K->163481K(699392K), 0.0134994 secs] [Times: user=0.21 sys=0.00, real=0.01 secs] 
2016-09-15T12:08:55.007-0400: 146.821: [GC (GCLocker Initiated GC) [PSYoungGen: 174534K->85822K(175104K)] 251861K->224970K(699392K), 0.0137093 secs] [Times: user=0.21 sys=0.01, real=0.02 secs] 
2016-09-15T12:08:55.132-0400: 146.946: [GC (GCLocker Initiated GC) [PSYoungGen: 173886K->73640K(175104K)] 313222K->273877K(699392K), 0.0128292 secs] [Times: user=0.17 sys=0.00, real=0.01 secs] 
2016-09-15T12:08:55.245-0400: 147.059: [GC (GCLocker Initiated GC) [PSYoungGen: 161704K->86346K(175104K)] 368092K->347569K(699392K), 0.0156080 secs] [Times: user=0.25 sys=0.00, real=0.02 secs] 
2016-09-15T12:08:55.374-0400: 147.188: [GC (GCLocker Initiated GC) [PSYoungGen: 174410K->73768K(175104K)] 435646K->414638K(699392K), 0.0141626 secs] [Times: user=0.20 sys=0.00, real=0.02 secs] 
2016-09-15T12:08:55.473-0400: 147.287: [GC (GCLocker Initiated GC) [PSYoungGen: 161832K->80043K(175104K)] 502867K->457687K(699392K), 0.0119248 secs] [Times: user=0.17 sys=0.00, real=0.01 secs] 
2016-09-15T12:08:55.604-0400: 147.418: [GC (GCLocker Initiated GC) [PSYoungGen: 168107K->73736K(175104K)] 552194K->476847K(699392K), 0.0110963 secs] [Times: user=0.18 sys=0.00, real=0.01 secs] 
2016-09-15T12:08:55.715-0400: 147.528: [GC (GCLocker Initiated GC) [PSYoungGen: 161800K->55287K(175104K)] 571263K->483071K(699392K), 0.0118975 secs] [Times: user=0.14 sys=0.00, real=0.01 secs] 
2016-09-15T12:08:55.847-0400: 147.661: [GC (GCLocker Initiated GC) [PSYoungGen: 143347K->61882K(175104K)] 577562K->532713K(699392K), 0.0124218 secs] [Times: user=0.15 sys=0.00, real=0.02 secs] 
2016-09-15T12:08:55.860-0400: 147.674: [Full GC (Ergonomics) [PSYoungGen: 61882K->0K(175104K)] [ParOldGen: 470831K->52312K(524288K)] 532713K->52312K(699392K), [Metaspace: 44444K->44444K(1087488K)], 0.0588809 secs] [Times: user=0.38 sys=0.02, real=0.06 secs] 
2016-09-15T12:08:56.027-0400: 147.840: [GC (GCLocker Initiated GC) [PSYoungGen: 88064K->86018K(175104K)] 140480K->162734K(699392K), 0.0159703 secs] [Times: user=0.23 sys=0.00, real=0.02 secs] 
2016-09-15T12:08:56.179-0400: 147.993: [GC (Allocation Failure) [PSYoungGen: 174082K->37389K(175104K)] 263236K->163293K(699392K), 0.0089358 secs] [Times: user=0.07 sys=0.01, real=0.01 secs] 
2016-09-15T12:08:56.293-0400: 148.107: [GC (GCLocker Initiated GC) [PSYoungGen: 124495K->74000K(175104K)] 256474K->206450K(699392K), 0.0075120 secs] [Times: user=0.07 sys=0.00, real=0.01 secs] 
2016-09-15T12:08:56.448-0400: 148.262: [GC (GCLocker Initiated GC) [PSYoungGen: 162064K->55551K(175104K)] 300956K->212755K(699392K), 0.0070021 secs] [Times: user=0.05 sys=0.00, real=0.00 secs] 
2016-09-15T12:08:56.576-0400: 148.390: [GC (GCLocker Initiated GC) [PSYoungGen: 143615K->61394K(175104K)] 307176K->225231K(699392K), 0.0093758 secs] [Times: user=0.07 sys=0.00, real=0.00 secs] 
2016-09-15T12:08:56.692-0400: 148.506: [GC (GCLocker Initiated GC) [PSYoungGen: 149458K->61558K(175104K)] 319731K->250160K(699392K), 0.0133095 secs] [Times: user=0.10 sys=0.00, real=0.01 secs] 
2016-09-15T12:08:56.836-0400: 148.649: [GC (GCLocker Initiated GC) [PSYoungGen: 149622K->67633K(175104K)] 338416K->293137K(699392K), 0.0337846 secs] [Times: user=0.38 sys=0.01, real=0.04 secs] 
2016-09-15T12:08:56.976-0400: 148.790: [GC (GCLocker Initiated GC) [PSYoungGen: 155697K->49116K(175104K)] 381479K->293367K(699392K), 0.0108536 secs] [Times: user=0.08 sys=0.00, real=0.00 secs] 
2016-09-15T12:08:57.070-0400: 148.884: [GC (GCLocker Initiated GC) [PSYoungGen: 137180K->79459K(175104K)] 381478K->348161K(699392K), 0.0119806 secs] [Times: user=0.08 sys=0.00, real=0.01 secs] 
2016-09-15T12:08:57.205-0400: 149.018: [GC (GCLocker Initiated GC) [PSYoungGen: 167523K->67373K(175104K)] 436356K->372916K(699392K), 0.0209002 secs] [Times: user=0.17 sys=0.00, real=0.02 secs] 
2016-09-15T12:08:57.317-0400: 149.130: [GC (GCLocker Initiated GC) [PSYoungGen: 155437K->79683K(175104K)] 461151K->416055K(699392K), 0.0139914 secs] [Times: user=0.12 sys=0.00, real=0.01 secs] 
2016-09-15T12:08:57.471-0400: 149.284: [GC (GCLocker Initiated GC) [PSYoungGen: 167747K->37098K(175104K)] 510427K->422398K(699392K), 0.0250879 secs] [Times: user=0.23 sys=0.01, real=0.03 secs] 
2016-09-15T12:08:57.625-0400: 149.439: [GC (GCLocker Initiated GC) [PSYoungGen: 125162K->55155K(175104K)] 516887K->447140K(699392K), 0.0122588 secs] [Times: user=0.11 sys=0.00, real=0.02 secs] 
2016-09-15T12:08:57.745-0400: 149.559: [GC (GCLocker Initiated GC) [PSYoungGen: 143219K->73412K(175104K)] 535352K->465688K(699392K), 0.0120806 secs] [Times: user=0.13 sys=0.01, real=0.02 secs] 
2016-09-15T12:08:57.859-0400: 149.673: [GC (GCLocker Initiated GC) [PSYoungGen: 161476K->85922K(175104K)] 554053K->527234K(699392K), 0.0123899 secs] [Times: user=0.11 sys=0.00, real=0.01 secs] 
2016-09-15T12:08:57.978-0400: 149.792: [GC (Allocation Failure) [PSYoungGen: 173986K->85794K(175104K)] 615446K->545771K(699392K), 0.0103636 secs] [Times: user=0.12 sys=0.00, real=0.01 secs] 
2016-09-15T12:08:57.989-0400: 149.803: [Full GC (Ergonomics) [PSYoungGen: 85794K->0K(175104K)] [ParOldGen: 459977K->46487K(524288K)] 545771K->46487K(699392K), [Metaspace: 44446K->44446K(1087488K)], 0.0529753 secs] [Times: user=0.28 sys=0.02, real=0.05 secs] 
2016-09-15T12:08:58.120-0400: 149.933: [GC (GCLocker Initiated GC) [PSYoungGen: 88064K->86306K(175104K)] 134557K->151024K(699392K), 0.0092812 secs] [Times: user=0.13 sys=0.00, real=0.01 secs] 
2016-09-15T12:08:58.247-0400: 150.061: [GC (GCLocker Initiated GC) [PSYoungGen: 174370K->73804K(175104K)] 245479K->182114K(699392K), 0.0111793 secs] [Times: user=0.17 sys=0.00, real=0.02 secs] 
2016-09-15T12:08:58.404-0400: 150.217: [GC (GCLocker Initiated GC) [PSYoungGen: 161868K->36994K(175104K)] 276825K->170779K(699392K), 0.0116751 secs] [Times: user=0.14 sys=0.00, real=0.01 secs] 
2016-09-15T12:08:58.526-0400: 150.339: [GC (GCLocker Initiated GC) [PSYoungGen: 125058K->80075K(175104K)] 265178K->220330K(699392K), 0.0075011 secs] [Times: user=0.10 sys=0.00, real=0.01 secs] 
2016-09-15T12:08:58.657-0400: 150.471: [GC (GCLocker Initiated GC) [PSYoungGen: 168139K->73572K(175104K)] 314533K->256700K(699392K), 0.0105991 secs] [Times: user=0.11 sys=0.00, real=0.01 secs] 
2016-09-15T12:08:58.790-0400: 150.604: [GC (Allocation Failure) [PSYoungGen: 161636K->49180K(175104K)] 350942K->275040K(699392K), 0.0098007 secs] [Times: user=0.08 sys=0.00, real=0.01 secs] 
2016-09-15T12:08:58.903-0400: 150.717: [GC (GCLocker Initiated GC) [PSYoungGen: 133117K->55515K(175104K)] 365052K->324207K(699392K), 0.0139927 secs] [Times: user=0.16 sys=0.00, real=0.02 secs] 
2016-09-15T12:08:59.041-0400: 150.854: [GC (GCLocker Initiated GC) [PSYoungGen: 143579K->79587K(175104K)] 412319K->366976K(699392K), 0.0211400 secs] [Times: user=0.24 sys=0.00, real=0.02 secs] 
2016-09-15T12:08:59.186-0400: 151.000: [GC (Allocation Failure) [PSYoungGen: 167651K->19096K(175104K)] 467494K->379810K(699392K), 0.0194682 secs] [Times: user=0.28 sys=0.00, real=0.02 secs] 
2016-09-15T12:08:59.313-0400: 151.127: [GC (GCLocker Initiated GC) [PSYoungGen: 107160K->85822K(175104K)] 467875K->452918K(699392K), 0.0093806 secs] [Times: user=0.11 sys=0.00, real=0.01 secs] 
2016-09-15T12:08:59.442-0400: 151.255: [GC (GCLocker Initiated GC) [PSYoungGen: 173886K->61718K(175104K)] 541153K->465570K(699392K), 0.0102051 secs] [Times: user=0.14 sys=0.00, real=0.01 secs] 
2016-09-15T12:08:59.557-0400: 151.370: [GC (GCLocker Initiated GC) [PSYoungGen: 149782K->37258K(175104K)] 560054K->466023K(699392K), 0.0067058 secs] [Times: user=0.06 sys=0.00, real=0.00 secs] 
2016-09-15T12:08:59.660-0400: 151.473: [GC (GCLocker Initiated GC) [PSYoungGen: 125322K->73576K(175104K)] 554107K->520869K(699392K), 0.0116869 secs] [Times: user=0.11 sys=0.01, real=0.01 secs] 
2016-09-15T12:08:59.796-0400: 151.609: [GC (Allocation Failure) [PSYoungGen: 161640K->73512K(175104K)] 608991K->539380K(699392K), 0.0189406 secs] [Times: user=0.22 sys=0.00, real=0.02 secs] 
2016-09-15T12:08:59.815-0400: 151.628: [Full GC (Ergonomics) [PSYoungGen: 73512K->0K(175104K)] [ParOldGen: 465868K->40484K(524288K)] 539380K->40484K(699392K), [Metaspace: 44461K->44461K(1087488K)], 0.0539968 secs] [Times: user=0.29 sys=0.00, real=0.06 secs] 
2016-09-15T12:08:59.976-0400: 151.790: [GC (GCLocker Initiated GC) [PSYoungGen: 88064K->79907K(175104K)] 128548K->120391K(699392K), 0.0096563 secs] [Times: user=0.11 sys=0.00, real=0.00 secs] 
2016-09-15T12:09:00.086-0400: 151.900: [GC (GCLocker Initiated GC) [PSYoungGen: 167971K->73572K(175104K)] 208514K->138954K(699392K), 0.0095499 secs] [Times: user=0.09 sys=0.00, real=0.02 secs] 
2016-09-15T12:09:00.227-0400: 152.041: [GC (Allocation Failure) [PSYoungGen: 161636K->30923K(175104K)] 227261K->151343K(699392K), 0.0103308 secs] [Times: user=0.10 sys=0.00, real=0.02 secs] 
2016-09-15T12:09:00.336-0400: 152.150: [GC (Allocation Failure) [PSYoungGen: 118987K->73316K(175104K)] 239412K->193993K(699392K), 0.0253944 secs] [Times: user=0.29 sys=0.00, real=0.02 secs] 
2016-09-15T12:09:00.362-0400: 152.176: [GC (GCLocker Initiated GC) [PSYoungGen: 73325K->32K(175104K)] 194003K->212080K(699392K), 0.0133634 secs] [Times: user=0.17 sys=0.00, real=0.01 secs] 
2016-09-15T12:09:00.478-0400: 152.292: [GC (GCLocker Initiated GC) [PSYoungGen: 88092K->86538K(175104K)] 300146K->304667K(699392K), 0.0106914 secs] [Times: user=0.15 sys=0.00, real=0.01 secs] 
2016-09-15T12:09:00.613-0400: 152.427: [GC (GCLocker Initiated GC) [PSYoungGen: 174602K->79943K(175104K)] 411048K->335662K(699392K), 0.0086655 secs] [Times: user=0.11 sys=0.00, real=0.01 secs] 
2016-09-15T12:09:00.713-0400: 152.527: [GC (GCLocker Initiated GC) [PSYoungGen: 168007K->85986K(175104K)] 424087K->384750K(699392K), 0.0126242 secs] [Times: user=0.19 sys=0.00, real=0.01 secs] 
2016-09-15T12:09:00.835-0400: 152.649: [GC (GCLocker Initiated GC) [PSYoungGen: 174050K->85822K(175104K)] 472862K->451767K(699392K), 0.0137954 secs] [Times: user=0.21 sys=0.00, real=0.02 secs] 
2016-09-15T12:09:00.950-0400: 152.764: [GC (GCLocker Initiated GC) [PSYoungGen: 173886K->61522K(175104K)] 540787K->489513K(699392K), 0.0115655 secs] [Times: user=0.19 sys=0.00, real=0.01 secs] 
2016-09-15T12:09:00.962-0400: 152.776: [Full GC (Ergonomics) [PSYoungGen: 61522K->0K(175104K)] [ParOldGen: 427990K->46809K(524288K)] 489513K->46809K(699392K), [Metaspace: 44461K->44461K(1087488K)], 0.0549062 secs] [Times: user=0.45 sys=0.01, real=0.06 secs] 
2016-09-15T12:09:01.134-0400: 152.948: [GC (GCLocker Initiated GC) [PSYoungGen: 88064K->73672K(175104K)] 147222K->132830K(699392K), 0.0161211 secs] [Times: user=0.20 sys=0.00, real=0.02 secs] 
2016-09-15T12:09:01.262-0400: 153.076: [GC (GCLocker Initiated GC) [PSYoungGen: 161736K->73672K(175104K)] 221566K->170276K(699392K), 0.0100141 secs] [Times: user=0.14 sys=0.00, real=0.01 secs] 
2016-09-15T12:09:01.393-0400: 153.206: [GC (GCLocker Initiated GC) [PSYoungGen: 161736K->61330K(175104K)] 264463K->182377K(699392K), 0.0099960 secs] [Times: user=0.08 sys=0.00, real=0.01 secs] 
2016-09-15T12:09:01.506-0400: 153.320: [GC (GCLocker Initiated GC) [PSYoungGen: 149394K->73900K(175104K)] 276624K->255941K(699392K), 0.0251769 secs] [Times: user=0.35 sys=0.00, real=0.03 secs] 
2016-09-15T12:09:01.669-0400: 153.483: [GC (GCLocker Initiated GC) [PSYoungGen: 161964K->73576K(175104K)] 350391K->280487K(699392K), 0.0161379 secs] [Times: user=0.18 sys=0.00, real=0.01 secs] 
2016-09-15T12:09:01.799-0400: 153.613: [GC (Allocation Failure) [PSYoungGen: 161640K->73644K(175104K)] 368688K->280795K(699392K), 0.0168125 secs] [Times: user=0.17 sys=0.01, real=0.02 secs] 
2016-09-15T12:09:01.910-0400: 153.724: [GC (GCLocker Initiated GC) [PSYoungGen: 161708K->73640K(175104K)] 368865K->323614K(699392K), 0.0143037 secs] [Times: user=0.17 sys=0.00, real=0.01 secs] 
2016-09-15T12:09:02.025-0400: 153.839: [GC (GCLocker Initiated GC) [PSYoungGen: 161704K->86018K(175104K)] 412006K->348745K(699392K), 0.0088132 secs] [Times: user=0.07 sys=0.00, real=0.01 secs] 
2016-09-15T12:09:02.161-0400: 153.975: [GC (GCLocker Initiated GC) [PSYoungGen: 174082K->31019K(175104K)] 442937K->354825K(699392K), 0.0331227 secs] [Times: user=0.40 sys=0.00, real=0.03 secs] 
2016-09-15T12:09:02.291-0400: 154.104: [GC (GCLocker Initiated GC) [PSYoungGen: 119083K->61654K(175104K)] 448987K->446369K(699392K), 0.0239425 secs] [Times: user=0.28 sys=0.00, real=0.02 secs] 
2016-09-15T12:09:02.427-0400: 154.241: [GC (GCLocker Initiated GC) [PSYoungGen: 149718K->79747K(175104K)] 534481K->513589K(699392K), 0.0234814 secs] [Times: user=0.28 sys=0.00, real=0.03 secs] 
2016-09-15T12:09:02.451-0400: 154.265: [Full GC (Ergonomics) [PSYoungGen: 79747K->0K(175104K)] [ParOldGen: 433842K->52440K(524288K)] 513589K->52440K(699392K), [Metaspace: 44465K->44465K(1087488K)], 0.0599894 secs] [Times: user=0.39 sys=0.01, real=0.06 secs] 
2016-09-15T12:09:02.625-0400: 154.439: [GC (GCLocker Initiated GC) [PSYoungGen: 88064K->86374K(175104K)] 146632K->163168K(699392K), 0.0099561 secs] [Times: user=0.12 sys=0.00, real=0.01 secs] 
2016-09-15T12:09:02.768-0400: 154.582: [GC (GCLocker Initiated GC) [PSYoungGen: 174438K->24684K(175104K)] 263608K->187441K(699392K), 0.0093239 secs] [Times: user=0.08 sys=0.00, real=0.01 secs] 
2016-09-15T12:09:02.882-0400: 154.696: [GC (GCLocker Initiated GC) [PSYoungGen: 112748K->85790K(175104K)] 275547K->291258K(699392K), 0.0121930 secs] [Times: user=0.18 sys=0.00, real=0.01 secs] 
2016-09-15T12:09:03.011-0400: 154.825: [GC (Allocation Failure) [PSYoungGen: 173854K->37286K(175104K)] 385545K->316110K(699392K), 0.0110137 secs] [Times: user=0.15 sys=0.00, real=0.01 secs] 
2016-09-15T12:09:03.123-0400: 154.937: [GC (GCLocker Initiated GC) [PSYoungGen: 125350K->85954K(175104K)] 404179K->407616K(699392K), 0.0118828 secs] [Times: user=0.14 sys=0.00, real=0.01 secs] 
2016-09-15T12:09:03.261-0400: 155.075: [GC (GCLocker Initiated GC) [PSYoungGen: 174018K->85822K(175104K)] 501875K->468474K(699392K), 0.0124027 secs] [Times: user=0.17 sys=0.00, real=0.01 secs] 
2016-09-15T12:09:03.390-0400: 155.204: [GC (GCLocker Initiated GC) [PSYoungGen: 173886K->55615K(175104K)] 562661K->474884K(699392K), 0.0102789 secs] [Times: user=0.11 sys=0.01, real=0.01 secs] 
2016-09-15T12:09:03.512-0400: 155.326: [GC (GCLocker Initiated GC) [PSYoungGen: 143679K->61458K(175104K)] 563102K->548177K(699392K), 0.0132662 secs] [Times: user=0.19 sys=0.00, real=0.01 secs] 
2016-09-15T12:09:03.525-0400: 155.339: [Full GC (Ergonomics) [PSYoungGen: 61458K->0K(175104K)] [ParOldGen: 486719K->46555K(524288K)] 548177K->46555K(699392K), [Metaspace: 44465K->44465K(1087488K)], 0.0558578 secs] [Times: user=0.41 sys=0.00, real=0.06 secs] 
2016-09-15T12:09:03.705-0400: 155.519: [GC (GCLocker Initiated GC) [PSYoungGen: 88064K->86178K(175104K)] 134650K->144914K(699392K), 0.0099341 secs] [Times: user=0.15 sys=0.00, real=0.01 secs] 
2016-09-15T12:09:03.870-0400: 155.684: [GC (GCLocker Initiated GC) [PSYoungGen: 174242K->55155K(175104K)] 239391K->139233K(699392K), 0.0084260 secs] [Times: user=0.08 sys=0.00, real=0.01 secs] 
2016-09-15T12:09:04.003-0400: 155.817: [GC (GCLocker Initiated GC) [PSYoungGen: 143219K->85758K(175104K)] 227401K->182225K(699392K), 0.0159917 secs] [Times: user=0.20 sys=0.00, real=0.02 secs] 
2016-09-15T12:09:04.116-0400: 155.930: [GC (GCLocker Initiated GC) [PSYoungGen: 173822K->79519K(175104K)] 276412K->218850K(699392K), 0.0128182 secs] [Times: user=0.13 sys=0.00, real=0.01 secs] 
2016-09-15T12:09:04.249-0400: 156.063: [GC (GCLocker Initiated GC) [PSYoungGen: 167583K->55743K(175104K)] 325371K->268342K(699392K), 0.0161106 secs] [Times: user=0.20 sys=0.00, real=0.01 secs] 
2016-09-15T12:09:04.382-0400: 156.196: [GC (GCLocker Initiated GC) [PSYoungGen: 143807K->55383K(175104K)] 362530K->293302K(699392K), 0.0076084 secs] [Times: user=0.10 sys=0.01, real=0.01 secs] 
2016-09-15T12:09:04.478-0400: 156.292: [GC (GCLocker Initiated GC) [PSYoungGen: 143447K->67729K(175104K)] 387729K->330380K(699392K), 0.0101452 secs] [Times: user=0.09 sys=0.01, real=0.01 secs] 
2016-09-15T12:09:04.600-0400: 156.414: [GC (GCLocker Initiated GC) [PSYoungGen: 155793K->73772K(175104K)] 418670K->355346K(699392K), 0.0091565 secs] [Times: user=0.14 sys=0.00, real=0.01 secs] 
2016-09-15T12:09:04.711-0400: 156.525: [GC (GCLocker Initiated GC) [PSYoungGen: 161836K->61198K(175104K)] 443458K->373290K(699392K), 0.0267964 secs] [Times: user=0.34 sys=0.00, real=0.03 secs] 
2016-09-15T12:09:04.857-0400: 156.671: [GC (GCLocker Initiated GC) [PSYoungGen: 149262K->86018K(175104K)] 473698K->447063K(699392K), 0.0129324 secs] [Times: user=0.18 sys=0.00, real=0.01 secs] 
2016-09-15T12:09:05.003-0400: 156.817: [GC (GCLocker Initiated GC) [PSYoungGen: 174082K->55383K(175104K)] 541350K->465828K(699392K), 0.0100078 secs] [Times: user=0.15 sys=0.00, real=0.01 secs] 
2016-09-15T12:09:05.103-0400: 156.916: [GC (GCLocker Initiated GC) [PSYoungGen: 143447K->79683K(175104K)] 560076K->502538K(699392K), 0.0087018 secs] [Times: user=0.10 sys=0.00, real=0.01 secs] 
2016-09-15T12:09:05.246-0400: 157.060: [GC (GCLocker Initiated GC) [PSYoungGen: 167747K->61626K(175104K)] 596781K->497003K(699392K), 0.0097619 secs] [Times: user=0.08 sys=0.00, real=0.02 secs] 
2016-09-15T12:09:05.379-0400: 157.193: [Full GC (Ergonomics) [PSYoungGen: 149690K->0K(175104K)] [ParOldGen: 453867K->47001K(524288K)] 603557K->47001K(699392K), [Metaspace: 44473K->44473K(1087488K)], 0.0553965 secs] [Times: user=0.32 sys=0.01, real=0.05 secs] 
2016-09-15T12:09:05.549-0400: 157.363: [GC (GCLocker Initiated GC) [PSYoungGen: 87260K->61362K(175104K)] 140336K->114438K(699392K), 0.0099123 secs] [Times: user=0.10 sys=0.00, real=0.01 secs] 
2016-09-15T12:09:05.665-0400: 157.479: [GC (Allocation Failure) [PSYoungGen: 149426K->55319K(175104K)] 214996K->139561K(699392K), 0.0157512 secs] [Times: user=0.19 sys=0.00, real=0.02 secs] 
2016-09-15T12:09:05.797-0400: 157.611: [GC (GCLocker Initiated GC) [PSYoungGen: 143383K->67309K(175104K)] 227631K->151824K(699392K), 0.0096649 secs] [Times: user=0.09 sys=0.00, real=0.00 secs] 
2016-09-15T12:09:05.906-0400: 157.720: [GC (GCLocker Initiated GC) [PSYoungGen: 155373K->55447K(175104K)] 246129K->170778K(699392K), 0.0073217 secs] [Times: user=0.08 sys=0.00, real=0.01 secs] 
2016-09-15T12:09:06.049-0400: 157.863: [GC (GCLocker Initiated GC) [PSYoungGen: 143511K->37066K(175104K)] 264986K->158629K(699392K), 0.0176316 secs] [Times: user=0.19 sys=0.01, real=0.01 secs] 
2016-09-15T12:09:06.183-0400: 157.997: [GC (GCLocker Initiated GC) [PSYoungGen: 125130K->85658K(175104K)] 246717K->213792K(699392K), 0.0089894 secs] [Times: user=0.11 sys=0.01, real=0.01 secs] 
2016-09-15T12:09:06.293-0400: 158.107: [GC (GCLocker Initiated GC) [PSYoungGen: 173722K->67633K(175104K)] 302005K->250726K(699392K), 0.0188580 secs] [Times: user=0.22 sys=0.00, real=0.02 secs] 
2016-09-15T12:09:06.444-0400: 158.258: [GC (GCLocker Initiated GC) [PSYoungGen: 155697K->55251K(175104K)] 351144K->311756K(699392K), 0.0106477 secs] [Times: user=0.13 sys=0.00, real=0.01 secs] 
2016-09-15T12:09:06.605-0400: 158.419: [GC (GCLocker Initiated GC) [PSYoungGen: 143315K->49376K(175104K)] 405914K->330295K(699392K), 0.0070927 secs] [Times: user=0.06 sys=0.00, real=0.01 secs] 
2016-09-15T12:09:06.716-0400: 158.530: [GC (GCLocker Initiated GC) [PSYoungGen: 137440K->67241K(175104K)] 418473K->360856K(699392K), 0.0154966 secs] [Times: user=0.16 sys=0.00, real=0.01 secs] 
2016-09-15T12:09:06.850-0400: 158.664: [GC (GCLocker Initiated GC) [PSYoungGen: 155305K->61266K(175104K)] 449101K->403766K(699392K), 0.0229688 secs] [Times: user=0.25 sys=0.02, real=0.02 secs] 
2016-09-15T12:09:06.987-0400: 158.800: [GC (GCLocker Initiated GC) [PSYoungGen: 149330K->73544K(175104K)] 492202K->434933K(699392K), 0.0226296 secs] [Times: user=0.25 sys=0.00, real=0.03 secs] 
2016-09-15T12:09:07.114-0400: 158.928: [GC (Allocation Failure) [PSYoungGen: 161608K->55387K(175104K)] 535312K->447419K(699392K), 0.0144695 secs] [Times: user=0.14 sys=0.01, real=0.02 secs] 
2016-09-15T12:09:07.244-0400: 159.057: [GC (GCLocker Initiated GC) [PSYoungGen: 139914K->49344K(175104K)] 538022K->447727K(699392K), 0.0197862 secs] [Times: user=0.19 sys=0.01, real=0.02 secs] 
2016-09-15T12:09:07.409-0400: 159.223: [GC (GCLocker Initiated GC) [PSYoungGen: 137408K->36866K(175104K)] 548088K->466203K(699392K), 0.0113069 secs] [Times: user=0.12 sys=0.00, real=0.01 secs] 
2016-09-15T12:09:07.535-0400: 159.349: [GC (GCLocker Initiated GC) [PSYoungGen: 124930K->61266K(175104K)] 560646K->497078K(699392K), 0.0306405 secs] [Times: user=0.33 sys=0.00, real=0.03 secs] 
2016-09-15T12:09:07.704-0400: 159.518: [GC (GCLocker Initiated GC) [PSYoungGen: 149330K->49244K(175104K)] 591354K->528009K(699392K), 0.0085900 secs] [Times: user=0.09 sys=0.01, real=0.01 secs] 
2016-09-15T12:09:07.713-0400: 159.527: [Full GC (Ergonomics) [PSYoungGen: 49244K->0K(175104K)] [ParOldGen: 478765K->52945K(524288K)] 528009K->52945K(699392K), [Metaspace: 44475K->44475K(1087488K)], 0.0545783 secs] [Times: user=0.38 sys=0.01, real=0.06 secs] 
2016-09-15T12:09:07.896-0400: 159.710: [GC (GCLocker Initiated GC) [PSYoungGen: 88064K->56134K(174080K)] 159544K->127615K(698368K), 0.0065253 secs] [Times: user=0.08 sys=0.00, real=0.00 secs] 
2016-09-15T12:09:08.042-0400: 159.856: [GC (GCLocker Initiated GC) [PSYoungGen: 144198K->73640K(174592K)] 215900K->164357K(698880K), 0.0099556 secs] [Times: user=0.13 sys=0.00, real=0.01 secs] 
2016-09-15T12:09:08.165-0400: 159.978: [GC (GCLocker Initiated GC) [PSYoungGen: 161704K->73740K(175104K)] 252687K->164843K(699392K), 0.0170810 secs] [Times: user=0.20 sys=0.00, real=0.02 secs] 
2016-09-15T12:09:08.293-0400: 160.107: [GC (GCLocker Initiated GC) [PSYoungGen: 161804K->67501K(175104K)] 252949K->183401K(699392K), 0.0177495 secs] [Times: user=0.22 sys=0.00, real=0.02 secs] 
2016-09-15T12:09:08.427-0400: 160.241: [GC (GCLocker Initiated GC) [PSYoungGen: 155565K->73640K(175104K)] 271586K->244463K(699392K), 0.0111028 secs] [Times: user=0.15 sys=0.00, real=0.02 secs] 
2016-09-15T12:09:08.544-0400: 160.358: [GC (Allocation Failure) [PSYoungGen: 161704K->55515K(175104K)] 332630K->293597K(699392K), 0.0119493 secs] [Times: user=0.16 sys=0.00, real=0.02 secs] 
2016-09-15T12:09:08.668-0400: 160.481: [GC (GCLocker Initiated GC) [PSYoungGen: 143579K->85790K(175104K)] 381667K->342395K(699392K), 0.0174518 secs] [Times: user=0.25 sys=0.00, real=0.01 secs] 
2016-09-15T12:09:08.811-0400: 160.625: [GC (GCLocker Initiated GC) [PSYoungGen: 173854K->73968K(175104K)] 430640K->349130K(699392K), 0.0101272 secs] [Times: user=0.12 sys=0.01, real=0.01 secs] 
2016-09-15T12:09:08.917-0400: 160.731: [GC (GCLocker Initiated GC) [PSYoungGen: 162032K->73804K(175104K)] 443373K->373990K(699392K), 0.0085546 secs] [Times: user=0.10 sys=0.01, real=0.00 secs] 
2016-09-15T12:09:09.054-0400: 160.868: [GC (GCLocker Initiated GC) [PSYoungGen: 161868K->80107K(175104K)] 462269K->417141K(699392K), 0.0138928 secs] [Times: user=0.20 sys=0.00, real=0.02 secs] 
2016-09-15T12:09:09.224-0400: 161.038: [GC (GCLocker Initiated GC) [PSYoungGen: 168171K->61294K(175104K)] 505410K->417190K(699392K), 0.0084730 secs] [Times: user=0.08 sys=0.00, real=0.01 secs] 
2016-09-15T12:09:09.366-0400: 161.180: [GC (GCLocker Initiated GC) [PSYoungGen: 149358K->55123K(175104K)] 511532K->417425K(699392K), 0.0161475 secs] [Times: user=0.16 sys=0.00, real=0.02 secs] 
2016-09-15T12:09:09.498-0400: 161.311: [GC (GCLocker Initiated GC) [PSYoungGen: 143187K->73448K(175104K)] 505614K->435978K(699392K), 0.0195681 secs] [Times: user=0.20 sys=0.00, real=0.02 secs] 
2016-09-15T12:09:09.661-0400: 161.474: [GC (GCLocker Initiated GC) [PSYoungGen: 161512K->55123K(175104K)] 530159K->442239K(699392K), 0.0155091 secs] [Times: user=0.15 sys=0.01, real=0.02 secs] 
2016-09-15T12:09:09.809-0400: 161.623: [GC (GCLocker Initiated GC) [PSYoungGen: 143187K->36998K(175104K)] 548598K->460721K(699392K), 0.0271174 secs] [Times: user=0.26 sys=0.01, real=0.03 secs] 
2016-09-15T12:09:09.952-0400: 161.766: [GC (GCLocker Initiated GC) [PSYoungGen: 125062K->61494K(175104K)] 548933K->521911K(699392K), 0.0253559 secs] [Times: user=0.23 sys=0.00, real=0.03 secs] 
2016-09-15T12:09:10.088-0400: 161.902: [GC (GCLocker Initiated GC) [PSYoungGen: 149558K->73480K(175104K)] 610297K->558794K(699392K), 0.0128355 secs] [Times: user=0.12 sys=0.00, real=0.01 secs] 
2016-09-15T12:09:10.101-0400: 161.915: [Full GC (Ergonomics) [PSYoungGen: 73480K->0K(175104K)] [ParOldGen: 485314K->53447K(524288K)] 558794K->53447K(699392K), [Metaspace: 44483K->44483K(1087488K)], 0.0645153 secs] [Times: user=0.39 sys=0.00, real=0.06 secs] 
2016-09-15T12:09:10.269-0400: 162.083: [GC (GCLocker Initiated GC) [PSYoungGen: 88064K->79847K(175104K)] 141608K->133391K(699392K), 0.0159024 secs] [Times: user=0.17 sys=0.00, real=0.01 secs] 
2016-09-15T12:09:10.374-0400: 162.188: [GC (GCLocker Initiated GC) [PSYoungGen: 167911K->55323K(175104K)] 221666K->157953K(699392K), 0.0176481 secs] [Times: user=0.13 sys=0.00, real=0.02 secs] 
2016-09-15T12:09:10.494-0400: 162.308: [GC (GCLocker Initiated GC) [PSYoungGen: 143387K->43173K(175104K)] 258260K->207062K(699392K), 0.0261379 secs] [Times: user=0.21 sys=0.00, real=0.03 secs] 
2016-09-15T12:09:10.639-0400: 162.453: [GC (GCLocker Initiated GC) [PSYoungGen: 131237K->73836K(175104K)] 301399K->292897K(699392K), 0.0268126 secs] [Times: user=0.26 sys=0.01, real=0.02 secs] 
2016-09-15T12:09:10.777-0400: 162.591: [GC (GCLocker Initiated GC) [PSYoungGen: 161900K->85726K(175104K)] 381137K->329603K(699392K), 0.0219666 secs] [Times: user=0.24 sys=0.00, real=0.02 secs] 
2016-09-15T12:09:10.917-0400: 162.730: [GC (GCLocker Initiated GC) [PSYoungGen: 173790K->61522K(175104K)] 417854K->360380K(699392K), 0.0204261 secs] [Times: user=0.27 sys=0.00, real=0.02 secs] 
2016-09-15T12:09:11.057-0400: 162.871: [GC (GCLocker Initiated GC) [PSYoungGen: 149586K->73868K(175104K)] 448805K->391620K(699392K), 0.0112042 secs] [Times: user=0.17 sys=0.00, real=0.01 secs] 
2016-09-15T12:09:11.196-0400: 163.009: [GC (GCLocker Initiated GC) [PSYoungGen: 161932K->73576K(175104K)] 479860K->410052K(699392K), 0.0093638 secs] [Times: user=0.14 sys=0.00, real=0.01 secs] 
2016-09-15T12:09:11.301-0400: 163.115: [GC (GCLocker Initiated GC) [PSYoungGen: 161640K->79747K(175104K)] 498185K->434653K(699392K), 0.0109137 secs] [Times: user=0.16 sys=0.02, real=0.01 secs] 
2016-09-15T12:09:11.438-0400: 163.252: [GC (GCLocker Initiated GC) [PSYoungGen: 167811K->85954K(175104K)] 522910K->453510K(699392K), 0.0107873 secs] [Times: user=0.13 sys=0.00, real=0.01 secs] 
2016-09-15T12:09:11.571-0400: 163.385: [GC (Allocation Failure) [PSYoungGen: 174018K->79455K(175104K)] 541694K->465804K(699392K), 0.0165209 secs] [Times: user=0.19 sys=0.01, real=0.02 secs] 
2016-09-15T12:09:11.697-0400: 163.510: [GC (GCLocker Initiated GC) [PSYoungGen: 164755K->67793K(175104K)] 557179K->502861K(699392K), 0.0116242 secs] [Times: user=0.11 sys=0.00, real=0.01 secs] 
2016-09-15T12:09:11.850-0400: 163.664: [GC (GCLocker Initiated GC) [PSYoungGen: 155857K->67341K(175104K)] 597121K->514939K(699392K), 0.0186146 secs] [Times: user=0.18 sys=0.00, real=0.02 secs] 
2016-09-15T12:09:11.981-0400: 163.795: [GC (GCLocker Initiated GC) [PSYoungGen: 155405K->73836K(175104K)] 603156K->570363K(699392K), 0.0137245 secs] [Times: user=0.16 sys=0.01, real=0.01 secs] 
2016-09-15T12:09:11.995-0400: 163.809: [Full GC (Ergonomics) [PSYoungGen: 73836K->0K(175104K)] [ParOldGen: 496527K->47293K(524288K)] 570363K->47293K(699392K), [Metaspace: 44484K->44484K(1087488K)], 0.0585782 secs] [Times: user=0.33 sys=0.02, real=0.06 secs] 
2016-09-15T12:09:12.168-0400: 163.982: [GC (GCLocker Initiated GC) [PSYoungGen: 88064K->85954K(175104K)] 135550K->139515K(699392K), 0.0088877 secs] [Times: user=0.12 sys=0.00, real=0.01 secs] 
2016-09-15T12:09:12.325-0400: 164.139: [GC (GCLocker Initiated GC) [PSYoungGen: 174018K->55447K(175104K)] 233690K->170094K(699392K), 0.0239221 secs] [Times: user=0.27 sys=0.00, real=0.03 secs] 
2016-09-15T12:09:12.494-0400: 164.308: [GC (GCLocker Initiated GC) [PSYoungGen: 143511K->61526K(175104K)] 264494K->231408K(699392K), 0.0204554 secs] [Times: user=0.21 sys=0.00, real=0.02 secs] 
2016-09-15T12:09:12.656-0400: 164.470: [GC (GCLocker Initiated GC) [PSYoungGen: 149590K->73672K(175104K)] 319719K->262317K(699392K), 0.0121016 secs] [Times: user=0.13 sys=0.00, real=0.01 secs] 
2016-09-15T12:09:12.810-0400: 164.624: [GC (GCLocker Initiated GC) [PSYoungGen: 161736K->37094K(175104K)] 362741K->256552K(699392K), 0.0085956 secs] [Times: user=0.05 sys=0.00, real=0.01 secs] 
2016-09-15T12:09:12.951-0400: 164.764: [GC (GCLocker Initiated GC) [PSYoungGen: 125158K->36998K(175104K)] 344622K->256729K(699392K), 0.0256905 secs] [Times: user=0.29 sys=0.01, real=0.03 secs] 
2016-09-15T12:09:13.083-0400: 164.897: [GC (GCLocker Initiated GC) [PSYoungGen: 125062K->79555K(175104K)] 345064K->318058K(699392K), 0.0297816 secs] [Times: user=0.35 sys=0.00, real=0.03 secs] 
2016-09-15T12:09:13.230-0400: 165.044: [GC (GCLocker Initiated GC) [PSYoungGen: 167619K->79815K(175104K)] 406214K->349085K(699392K), 0.0121957 secs] [Times: user=0.13 sys=0.00, real=0.01 secs] 
2016-09-15T12:09:13.370-0400: 165.183: [GC (Allocation Failure) [PSYoungGen: 167879K->49084K(175104K)] 437487K->343244K(699392K), 0.0089962 secs] [Times: user=0.08 sys=0.00, real=0.01 secs] 
2016-09-15T12:09:13.472-0400: 165.286: [GC (GCLocker Initiated GC) [PSYoungGen: 137148K->86018K(175104K)] 431308K->386537K(699392K), 0.0131901 secs] [Times: user=0.18 sys=0.00, real=0.01 secs] 
2016-09-15T12:09:13.647-0400: 165.461: [GC (GCLocker Initiated GC) [PSYoungGen: 174082K->49244K(175104K)] 486838K->380516K(699392K), 0.0100816 secs] [Times: user=0.11 sys=0.00, real=0.02 secs] 
2016-09-15T12:09:13.792-0400: 165.606: [GC (GCLocker Initiated GC) [PSYoungGen: 137308K->49112K(175104K)] 474780K->417243K(699392K), 0.0174765 secs] [Times: user=0.20 sys=0.01, real=0.02 secs] 
2016-09-15T12:09:13.920-0400: 165.734: [GC (GCLocker Initiated GC) [PSYoungGen: 137176K->55711K(175104K)] 517778K->472923K(699392K), 0.0103940 secs] [Times: user=0.16 sys=0.00, real=0.01 secs] 
2016-09-15T12:09:14.066-0400: 165.880: [GC (GCLocker Initiated GC) [PSYoungGen: 143775K->73544K(175104K)] 561230K->491454K(699392K), 0.0088000 secs] [Times: user=0.10 sys=0.00, real=0.01 secs] 
2016-09-15T12:09:14.208-0400: 166.022: [GC (GCLocker Initiated GC) [PSYoungGen: 161608K->73576K(175104K)] 585674K->515971K(699392K), 0.0092100 secs] [Times: user=0.08 sys=0.00, real=0.01 secs] 
2016-09-15T12:09:14.334-0400: 166.148: [GC (GCLocker Initiated GC) [PSYoungGen: 161640K->61330K(175104K)] 610214K->552549K(699392K), 0.0176971 secs] [Times: user=0.17 sys=0.00, real=0.02 secs] 
2016-09-15T12:09:14.352-0400: 166.165: [Full GC (Ergonomics) [PSYoungGen: 61330K->0K(175104K)] [ParOldGen: 491218K->53467K(524288K)] 552549K->53467K(699392K), [Metaspace: 44494K->44494K(1087488K)], 0.0606146 secs] [Times: user=0.32 sys=0.01, real=0.06 secs] 
2016-09-15T12:09:14.577-0400: 166.391: [GC (GCLocker Initiated GC) [PSYoungGen: 88064K->61554K(175104K)] 141607K->115097K(699392K), 0.0064129 secs] [Times: user=0.05 sys=0.00, real=0.00 secs] 
2016-09-15T12:09:14.692-0400: 166.505: [GC (GCLocker Initiated GC) [PSYoungGen: 149618K->61558K(175104K)] 209272K->146051K(699392K), 0.0085004 secs] [Times: user=0.08 sys=0.01, real=0.01 secs] 
2016-09-15T12:09:14.793-0400: 166.607: [GC (GCLocker Initiated GC) [PSYoungGen: 149622K->55483K(175104K)] 234476K->152731K(699392K), 0.0186332 secs] [Times: user=0.16 sys=0.00, real=0.02 secs] 
2016-09-15T12:09:14.923-0400: 166.737: [GC (GCLocker Initiated GC) [PSYoungGen: 143547K->55319K(175104K)] 247231K->177503K(699392K), 0.0157847 secs] [Times: user=0.15 sys=0.00, real=0.02 secs] 
2016-09-15T12:09:15.076-0400: 166.890: [GC (GCLocker Initiated GC) [PSYoungGen: 143383K->55127K(175104K)] 271790K->183606K(699392K), 0.0061041 secs] [Times: user=0.06 sys=0.00, real=0.00 secs] 
2016-09-15T12:09:15.212-0400: 167.026: [GC (GCLocker Initiated GC) [PSYoungGen: 143191K->73676K(175104K)] 277909K->208670K(699392K), 0.0171777 secs] [Times: user=0.17 sys=0.00, real=0.02 secs] 
2016-09-15T12:09:15.371-0400: 167.185: [GC (GCLocker Initiated GC) [PSYoungGen: 161740K->18840K(175104K)] 302811K->178396K(699392K), 0.0061365 secs] [Times: user=0.04 sys=0.01, real=0.01 secs] 
2016-09-15T12:09:15.491-0400: 167.305: [GC (GCLocker Initiated GC) [PSYoungGen: 106904K->73936K(175104K)] 266534K->234005K(699392K), 0.0098439 secs] [Times: user=0.12 sys=0.00, real=0.01 secs] 
2016-09-15T12:09:15.625-0400: 167.438: [GC (GCLocker Initiated GC) [PSYoungGen: 162000K->55643K(175104K)] 334535K->246726K(699392K), 0.0104168 secs] [Times: user=0.15 sys=0.00, real=0.01 secs] 
2016-09-15T12:09:15.732-0400: 167.546: [GC (GCLocker Initiated GC) [PSYoungGen: 143707K->85822K(175104K)] 334967K->283488K(699392K), 0.0106336 secs] [Times: user=0.15 sys=0.00, real=0.01 secs] 
2016-09-15T12:09:15.883-0400: 167.697: [GC (GCLocker Initiated GC) [PSYoungGen: 173886K->73672K(175104K)] 371662K->308189K(699392K), 0.0110932 secs] [Times: user=0.12 sys=0.01, real=0.01 secs] 
2016-09-15T12:09:16.005-0400: 167.819: [GC (GCLocker Initiated GC) [PSYoungGen: 161736K->85790K(175104K)] 396604K->327049K(699392K), 0.0092293 secs] [Times: user=0.13 sys=0.00, real=0.01 secs] 
2016-09-15T12:09:16.145-0400: 167.959: [GC (Allocation Failure) [PSYoungGen: 173854K->43169K(175104K)] 415125K->302948K(699392K), 0.0065552 secs] [Times: user=0.06 sys=0.00, real=0.01 secs] 
2016-09-15T12:09:16.276-0400: 168.090: [GC (GCLocker Initiated GC) [PSYoungGen: 129149K->73868K(175104K)] 395004K->370405K(699392K), 0.0132700 secs] [Times: user=0.17 sys=0.00, real=0.01 secs] 
2016-09-15T12:09:16.446-0400: 168.260: [GC (GCLocker Initiated GC) [PSYoungGen: 161932K->37194K(175104K)] 470625K->364404K(699392K), 0.0122949 secs] [Times: user=0.17 sys=0.01, real=0.02 secs] 
2016-09-15T12:09:16.607-0400: 168.420: [GC (GCLocker Initiated GC) [PSYoungGen: 125258K->67273K(175104K)] 464839K->406982K(699392K), 0.0068141 secs] [Times: user=0.09 sys=0.00, real=0.01 secs] 
2016-09-15T12:09:16.717-0400: 168.531: [GC (Allocation Failure) [PSYoungGen: 155337K->67569K(175104K)] 495121K->413555K(699392K), 0.0123846 secs] [Times: user=0.11 sys=0.00, real=0.01 secs] 
2016-09-15T12:09:16.730-0400: 168.544: [GC (GCLocker Initiated GC) [PSYoungGen: 67580K->256K(175104K)] 413566K->413576K(699392K), 0.0067513 secs] [Times: user=0.05 sys=0.00, real=0.01 secs] 
2016-09-15T12:09:16.874-0400: 168.688: [GC (GCLocker Initiated GC) [PSYoungGen: 87822K->73252K(175104K)] 507217K->492679K(699392K), 0.0272140 secs] [Times: user=0.25 sys=0.00, real=0.03 secs] 
2016-09-15T12:09:17.016-0400: 168.830: [GC (Allocation Failure) [PSYoungGen: 161316K->61558K(175104K)] 580768K->529761K(699392K), 0.0222082 secs] [Times: user=0.23 sys=0.00, real=0.02 secs] 
2016-09-15T12:09:17.039-0400: 168.853: [Full GC (Ergonomics) [PSYoungGen: 61558K->0K(175104K)] [ParOldGen: 468203K->53933K(524288K)] 529761K->53933K(699392K), [Metaspace: 44497K->44497K(1087488K)], 0.0613032 secs] [Times: user=0.33 sys=0.00, real=0.06 secs] 
2016-09-15T12:09:17.234-0400: 169.048: [GC (GCLocker Initiated GC) [PSYoungGen: 88064K->86082K(175104K)] 142002K->158245K(699392K), 0.0120418 secs] [Times: user=0.12 sys=0.00, real=0.01 secs] 
2016-09-15T12:09:17.374-0400: 169.187: [GC (Allocation Failure) [PSYoungGen: 174146K->24880K(175104K)] 258725K->164806K(699392K), 0.0114368 secs] [Times: user=0.09 sys=0.00, real=0.01 secs] 
2016-09-15T12:09:17.385-0400: 169.199: [GC (GCLocker Initiated GC) [PSYoungGen: 25470K->128K(175104K)] 165396K->176824K(699392K), 0.0056574 secs] [Times: user=0.04 sys=0.00, real=0.01 secs] 
2016-09-15T12:09:17.495-0400: 169.309: [GC (GCLocker Initiated GC) [PSYoungGen: 88192K->61754K(175104K)] 264888K->238450K(699392K), 0.0142411 secs] [Times: user=0.16 sys=0.00, real=0.02 secs] 
2016-09-15T12:09:17.641-0400: 169.455: [GC (GCLocker Initiated GC) [PSYoungGen: 149818K->55255K(175104K)] 339003K->275247K(699392K), 0.0129865 secs] [Times: user=0.12 sys=0.00, real=0.01 secs] 
2016-09-15T12:09:17.748-0400: 169.562: [GC (GCLocker Initiated GC) [PSYoungGen: 143317K->55415K(175104K)] 363551K->275777K(699392K), 0.0097948 secs] [Times: user=0.11 sys=0.00, real=0.01 secs] 
2016-09-15T12:09:17.896-0400: 169.710: [GC (GCLocker Initiated GC) [PSYoungGen: 143479K->43237K(175104K)] 370243K->288502K(699392K), 0.0149222 secs] [Times: user=0.16 sys=0.00, real=0.01 secs] 
2016-09-15T12:09:18.060-0400: 169.873: [GC (GCLocker Initiated GC) [PSYoungGen: 131301K->85562K(175104K)] 376590K->337366K(699392K), 0.0238699 secs] [Times: user=0.23 sys=0.00, real=0.02 secs] 
2016-09-15T12:09:18.207-0400: 170.021: [GC (GCLocker Initiated GC) [PSYoungGen: 173626K->36802K(175104K)] 425981K->337861K(699392K), 0.0102388 secs] [Times: user=0.08 sys=0.00, real=0.02 secs] 
2016-09-15T12:09:18.322-0400: 170.135: [GC (GCLocker Initiated GC) [PSYoungGen: 124866K->61266K(175104K)] 432165K->368653K(699392K), 0.0153603 secs] [Times: user=0.14 sys=0.00, real=0.02 secs] 
2016-09-15T12:09:18.467-0400: 170.281: [GC (GCLocker Initiated GC) [PSYoungGen: 149330K->30955K(175104K)] 474966K->423528K(699392K), 0.0174307 secs] [Times: user=0.17 sys=0.00, real=0.02 secs] 
2016-09-15T12:09:18.603-0400: 170.417: [GC (GCLocker Initiated GC) [PSYoungGen: 119019K->85758K(175104K)] 511645K->490826K(699392K), 0.0196141 secs] [Times: user=0.23 sys=0.00, real=0.02 secs] 
2016-09-15T12:09:18.739-0400: 170.553: [GC (GCLocker Initiated GC) [PSYoungGen: 173822K->61462K(175104K)] 579056K->509504K(699392K), 0.0176530 secs] [Times: user=0.17 sys=0.00, real=0.02 secs] 
2016-09-15T12:09:18.757-0400: 170.571: [Full GC (Ergonomics) [PSYoungGen: 61462K->0K(175104K)] [ParOldGen: 448042K->53903K(524288K)] 509504K->53903K(699392K), [Metaspace: 44497K->44497K(1087488K)], 0.0544912 secs] [Times: user=0.26 sys=0.00, real=0.05 secs] 
2016-09-15T12:09:18.948-0400: 170.762: [GC (GCLocker Initiated GC) [PSYoungGen: 88064K->61554K(175104K)] 142137K->115627K(699392K), 0.0106339 secs] [Times: user=0.10 sys=0.00, real=0.01 secs] 
2016-09-15T12:09:19.079-0400: 170.893: [GC (GCLocker Initiated GC) [PSYoungGen: 149618K->85594K(175104K)] 203806K->158547K(699392K), 0.0216698 secs] [Times: user=0.21 sys=0.01, real=0.02 secs] 
2016-09-15T12:09:19.223-0400: 171.036: [GC (GCLocker Initiated GC) [PSYoungGen: 173658K->43301K(175104K)] 246978K->171415K(699392K), 0.0229435 secs] [Times: user=0.21 sys=0.00, real=0.02 secs] 
2016-09-15T12:09:19.412-0400: 171.226: [GC (GCLocker Initiated GC) [PSYoungGen: 131365K->30990K(175104K)] 271968K->190063K(699392K), 0.0069921 secs] [Times: user=0.05 sys=0.00, real=0.01 secs] 
2016-09-15T12:09:19.540-0400: 171.354: [GC (GCLocker Initiated GC) [PSYoungGen: 119054K->61266K(175104K)] 284260K->226535K(699392K), 0.0214569 secs] [Times: user=0.18 sys=0.00, real=0.02 secs] 
2016-09-15T12:09:19.680-0400: 171.493: [GC (GCLocker Initiated GC) [PSYoungGen: 149330K->79619K(175104K)] 314652K->305834K(699392K), 0.0201399 secs] [Times: user=0.22 sys=0.00, real=0.02 secs] 
2016-09-15T12:09:19.824-0400: 171.638: [GC (Allocation Failure) [PSYoungGen: 167683K->67633K(175104K)] 394214K->318748K(699392K), 0.0096532 secs] [Times: user=0.08 sys=0.00, real=0.01 secs] 
2016-09-15T12:09:19.969-0400: 171.783: [GC (GCLocker Initiated GC) [PSYoungGen: 152236K->36998K(175104K)] 409426K->331077K(699392K), 0.0250159 secs] [Times: user=0.26 sys=0.00, real=0.02 secs] 
2016-09-15T12:09:20.124-0400: 171.938: [GC (Allocation Failure) [PSYoungGen: 125058K->55483K(175104K)] 431631K->362175K(699392K), 0.0141516 secs] [Times: user=0.15 sys=0.01, real=0.02 secs] 
2016-09-15T12:09:20.279-0400: 172.093: [GC (GCLocker Initiated GC) [PSYoungGen: 143547K->67469K(175104K)] 450241K->392655K(699392K), 0.0291475 secs] [Times: user=0.32 sys=0.00, real=0.03 secs] 
2016-09-15T12:09:20.429-0400: 172.243: [GC (GCLocker Initiated GC) [PSYoungGen: 155533K->67373K(175104K)] 480756K->410924K(699392K), 0.0120174 secs] [Times: user=0.09 sys=0.00, real=0.01 secs] 
2016-09-15T12:09:20.579-0400: 172.393: [GC (Allocation Failure) [PSYoungGen: 155437K->37130K(175104K)] 499136K->423450K(699392K), 0.0192884 secs] [Times: user=0.20 sys=0.00, real=0.02 secs] 
2016-09-15T12:09:20.680-0400: 172.493: [GC (GCLocker Initiated GC) [PSYoungGen: 119244K->73740K(175104K)] 511639K->466434K(699392K), 0.0126601 secs] [Times: user=0.13 sys=0.01, real=0.01 secs] 
2016-09-15T12:09:20.817-0400: 172.630: [GC (Allocation Failure) [PSYoungGen: 161804K->73740K(175104K)] 560822K->472869K(699392K), 0.0164213 secs] [Times: user=0.15 sys=0.00, real=0.01 secs] 
2016-09-15T12:09:20.947-0400: 172.761: [GC (GCLocker Initiated GC) [PSYoungGen: 161804K->73740K(175104K)] 560939K->509812K(699392K), 0.0109123 secs] [Times: user=0.11 sys=0.00, real=0.02 secs] 
2016-09-15T12:09:21.084-0400: 172.898: [GC (GCLocker Initiated GC) [PSYoungGen: 161804K->43301K(175104K)] 604099K->534644K(699392K), 0.0212838 secs] [Times: user=0.24 sys=0.01, real=0.02 secs] 
2016-09-15T12:09:21.105-0400: 172.919: [Full GC (Ergonomics) [PSYoungGen: 43301K->0K(175104K)] [ParOldGen: 491343K->48361K(524288K)] 534644K->48361K(699392K), [Metaspace: 44497K->44497K(1087488K)], 0.0515404 secs] [Times: user=0.25 sys=0.01, real=0.06 secs] 
2016-09-15T12:09:21.274-0400: 173.088: [GC (Allocation Failure) [PSYoungGen: 88064K->79747K(175104K)] 148829K->140512K(699392K), 0.0069555 secs] [Times: user=0.06 sys=0.00, real=0.01 secs] 
2016-09-15T12:09:21.415-0400: 173.228: [GC (GCLocker Initiated GC) [PSYoungGen: 167811K->49212K(175104K)] 228582K->146864K(699392K), 0.0109780 secs] [Times: user=0.10 sys=0.00, real=0.01 secs] 
2016-09-15T12:09:21.555-0400: 173.368: [GC (GCLocker Initiated GC) [PSYoungGen: 137276K->55223K(175104K)] 241179K->177447K(699392K), 0.0344041 secs] [Times: user=0.32 sys=0.00, real=0.04 secs] 
2016-09-15T12:09:21.697-0400: 173.510: [GC (GCLocker Initiated GC) [PSYoungGen: 143287K->73968K(175104K)] 265574K->214632K(699392K), 0.0111246 secs] [Times: user=0.16 sys=0.00, real=0.01 secs] 
2016-09-15T12:09:21.862-0400: 173.676: [GC (GCLocker Initiated GC) [PSYoungGen: 162032K->36930K(175104K)] 314949K->208315K(699392K), 0.0086051 secs] [Times: user=0.09 sys=0.00, real=0.01 secs] 
2016-09-15T12:09:22.013-0400: 173.826: [GC (GCLocker Initiated GC) [PSYoungGen: 124994K->73476K(175104K)] 302496K->251089K(699392K), 0.0097773 secs] [Times: user=0.11 sys=0.00, real=0.01 secs] 
2016-09-15T12:09:22.117-0400: 173.930: [GC (GCLocker Initiated GC) [PSYoungGen: 161540K->61462K(175104K)] 339196K->287837K(699392K), 0.0097902 secs] [Times: user=0.08 sys=0.00, real=0.00 secs] 
2016-09-15T12:09:22.250-0400: 174.063: [GC (GCLocker Initiated GC) [PSYoungGen: 149526K->55255K(175104K)] 381998K->306196K(699392K), 0.0219352 secs] [Times: user=0.18 sys=0.00, real=0.02 secs] 
2016-09-15T12:09:22.397-0400: 174.211: [GC (GCLocker Initiated GC) [PSYoungGen: 143319K->67437K(175104K)] 394425K->373477K(699392K), 0.0230219 secs] [Times: user=0.26 sys=0.00, real=0.02 secs] 
2016-09-15T12:09:22.526-0400: 174.340: [GC (GCLocker Initiated GC) [PSYoungGen: 155501K->73840K(175104K)] 467916K->392449K(699392K), 0.0084092 secs] [Times: user=0.09 sys=0.00, real=0.01 secs] 
2016-09-15T12:09:22.691-0400: 174.505: [GC (GCLocker Initiated GC) [PSYoungGen: 161904K->55059K(175104K)] 486607K->380162K(699392K), 0.0069203 secs] [Times: user=0.06 sys=0.00, real=0.01 secs] 
2016-09-15T12:09:22.811-0400: 174.625: [GC (GCLocker Initiated GC) [PSYoungGen: 143123K->79751K(175104K)] 468519K->429551K(699392K), 0.0119322 secs] [Times: user=0.12 sys=0.00, real=0.01 secs] 
2016-09-15T12:09:22.945-0400: 174.759: [GC (Allocation Failure) [PSYoungGen: 167815K->79683K(175104K)] 517758K->448158K(699392K), 0.0255837 secs] [Times: user=0.31 sys=0.00, real=0.03 secs] 
2016-09-15T12:09:23.093-0400: 174.907: [GC (GCLocker Initiated GC) [PSYoungGen: 166409K->55611K(175104K)] 540959K->479077K(699392K), 0.0155077 secs] [Times: user=0.22 sys=0.01, real=0.02 secs] 
2016-09-15T12:09:23.262-0400: 175.075: [GC (GCLocker Initiated GC) [PSYoungGen: 143675K->36998K(175104K)] 573296K->467035K(699392K), 0.0051770 secs] [Times: user=0.06 sys=0.00, real=0.00 secs] 
2016-09-15T12:09:23.435-0400: 175.249: [GC (Allocation Failure) [PSYoungGen: 125062K->54995K(175104K)] 555241K->485269K(699392K), 0.0239697 secs] [Times: user=0.23 sys=0.00, real=0.03 secs] 
2016-09-15T12:09:23.561-0400: 175.375: [GC (GCLocker Initiated GC) [PSYoungGen: 143059K->85466K(175104K)] 573339K->521940K(699392K), 0.0212290 secs] [Times: user=0.25 sys=0.00, real=0.02 secs] 
2016-09-15T12:09:23.706-0400: 175.520: [GC (GCLocker Initiated GC) [PSYoungGen: 173530K->30955K(175104K)] 616390K->510384K(699392K), 0.0108411 secs] [Times: user=0.11 sys=0.00, real=0.02 secs] 
2016-09-15T12:09:23.717-0400: 175.531: [Full GC (Ergonomics) [PSYoungGen: 30955K->0K(175104K)] [ParOldGen: 479429K->42211K(524288K)] 510384K->42211K(699392K), [Metaspace: 44497K->44497K(1087488K)], 0.0526930 secs] [Times: user=0.25 sys=0.00, real=0.05 secs] 
2016-09-15T12:09:23.872-0400: 175.686: [GC (GCLocker Initiated GC) [PSYoungGen: 88064K->86046K(175104K)] 130642K->134699K(699392K), 0.0145645 secs] [Times: user=0.16 sys=0.00, real=0.01 secs] 
2016-09-15T12:09:24.003-0400: 175.817: [GC (GCLocker Initiated GC) [PSYoungGen: 174110K->79651K(175104K)] 222984K->165514K(699392K), 0.0177208 secs] [Times: user=0.19 sys=0.00, real=0.02 secs] 
2016-09-15T12:09:24.108-0400: 175.922: [GC (GCLocker Initiated GC) [PSYoungGen: 167715K->73708K(175104K)] 253688K->184248K(699392K), 0.0170698 secs] [Times: user=0.15 sys=0.01, real=0.01 secs] 
2016-09-15T12:09:24.247-0400: 176.061: [GC (GCLocker Initiated GC) [PSYoungGen: 161772K->49376K(175104K)] 278743K->227208K(699392K), 0.0144150 secs] [Times: user=0.13 sys=0.00, real=0.02 secs] 
2016-09-15T12:09:24.430-0400: 176.244: [GC (GCLocker Initiated GC) [PSYoungGen: 137440K->73316K(175104K)] 315481K->270186K(699392K), 0.0168122 secs] [Times: user=0.18 sys=0.00, real=0.01 secs] 
2016-09-15T12:09:24.546-0400: 176.360: [GC (GCLocker Initiated GC) [PSYoungGen: 161380K->85498K(175104K)] 358309K->294689K(699392K), 0.0187905 secs] [Times: user=0.20 sys=0.00, real=0.02 secs] 
2016-09-15T12:09:24.667-0400: 176.481: [GC (GCLocker Initiated GC) [PSYoungGen: 173562K->79655K(175104K)] 382873K->331603K(699392K), 0.0179384 secs] [Times: user=0.15 sys=0.00, real=0.02 secs] 
2016-09-15T12:09:24.789-0400: 176.603: [GC (GCLocker Initiated GC) [PSYoungGen: 167719K->73512K(175104K)] 419882K->374543K(699392K), 0.0190922 secs] [Times: user=0.20 sys=0.00, real=0.02 secs] 
2016-09-15T12:09:24.927-0400: 176.741: [GC (Allocation Failure) [PSYoungGen: 161576K->43041K(175104K)] 462643K->392983K(699392K), 0.0146778 secs] [Times: user=0.15 sys=0.01, real=0.02 secs] 
2016-09-15T12:09:25.092-0400: 176.906: [GC (GCLocker Initiated GC) [PSYoungGen: 129222K->30631K(175104K)] 485239K->417267K(699392K), 0.0114830 secs] [Times: user=0.11 sys=0.00, real=0.01 secs] 
2016-09-15T12:09:25.202-0400: 177.016: [GC (GCLocker Initiated GC) [PSYoungGen: 118695K->67209K(175104K)] 505378K->454004K(699392K), 0.0103532 secs] [Times: user=0.10 sys=0.00, real=0.01 secs] 
2016-09-15T12:09:25.315-0400: 177.129: [GC (GCLocker Initiated GC) [PSYoungGen: 155273K->67501K(175104K)] 548900K->515947K(699392K), 0.0257587 secs] [Times: user=0.26 sys=0.00, real=0.03 secs] 
2016-09-15T12:09:25.341-0400: 177.155: [Full GC (Ergonomics) [PSYoungGen: 67501K->0K(175104K)] [ParOldGen: 448446K->54664K(524288K)] 515947K->54664K(699392K), [Metaspace: 44502K->44502K(1087488K)], 0.0519761 secs] [Times: user=0.30 sys=0.00, real=0.05 secs] 
2016-09-15T12:09:25.504-0400: 177.318: [GC (GCLocker Initiated GC) [PSYoungGen: 88064K->73512K(175104K)] 154909K->140357K(699392K), 0.0128687 secs] [Times: user=0.15 sys=0.00, real=0.02 secs] 
2016-09-15T12:09:25.641-0400: 177.454: [GC (Allocation Failure) [PSYoungGen: 161576K->43073K(175104K)] 229138K->153584K(699392K), 0.0096061 secs] [Times: user=0.09 sys=0.01, real=0.01 secs] 
2016-09-15T12:09:25.743-0400: 177.557: [GC (GCLocker Initiated GC) [PSYoungGen: 131137K->48952K(175104K)] 241648K->177963K(699392K), 0.0124772 secs] [Times: user=0.14 sys=0.00, real=0.01 secs] 
2016-09-15T12:09:25.846-0400: 177.660: [GC (GCLocker Initiated GC) [PSYoungGen: 137016K->86250K(175104K)] 266238K->258117K(699392K), 0.0161524 secs] [Times: user=0.23 sys=0.01, real=0.02 secs] 
2016-09-15T12:09:25.996-0400: 177.810: [GC (Allocation Failure) [PSYoungGen: 174314K->49080K(175104K)] 346205K->276118K(699392K), 0.0208255 secs] [Times: user=0.29 sys=0.00, real=0.02 secs] 
2016-09-15T12:09:26.104-0400: 177.918: [GC (GCLocker Initiated GC) [PSYoungGen: 132423K->61426K(175104K)] 365536K->331117K(699392K), 0.0098108 secs] [Times: user=0.12 sys=0.00, real=0.01 secs] 
2016-09-15T12:09:26.240-0400: 178.054: [GC (GCLocker Initiated GC) [PSYoungGen: 149490K->79619K(175104K)] 419547K->368177K(699392K), 0.0209510 secs] [Times: user=0.23 sys=0.00, real=0.02 secs] 
2016-09-15T12:09:26.409-0400: 178.223: [GC (GCLocker Initiated GC) [PSYoungGen: 167683K->37354K(175104K)] 462357K->368769K(699392K), 0.0094941 secs] [Times: user=0.12 sys=0.00, real=0.01 secs] 
2016-09-15T12:09:26.507-0400: 178.321: [GC (GCLocker Initiated GC) [PSYoungGen: 125418K->86282K(175104K)] 456924K->442567K(699392K), 0.0116958 secs] [Times: user=0.18 sys=0.00, real=0.02 secs] 
2016-09-15T12:09:26.632-0400: 178.446: [GC (GCLocker Initiated GC) [PSYoungGen: 174346K->85954K(175104K)] 530830K->485450K(699392K), 0.0132272 secs] [Times: user=0.19 sys=0.00, real=0.01 secs] 
2016-09-15T12:09:26.750-0400: 178.563: [GC (GCLocker Initiated GC) [PSYoungGen: 174018K->67729K(175104K)] 585752K->497987K(699392K), 0.0104022 secs] [Times: user=0.15 sys=0.00, real=0.01 secs] 
2016-09-15T12:09:26.876-0400: 178.690: [GC (GCLocker Initiated GC) [PSYoungGen: 155793K->73772K(175104K)] 592431K->553071K(699392K), 0.0115805 secs] [Times: user=0.16 sys=0.00, real=0.00 secs] 
2016-09-15T12:09:26.888-0400: 178.701: [Full GC (Ergonomics) [PSYoungGen: 73772K->0K(175104K)] [ParOldGen: 479298K->54438K(524288K)] 553071K->54438K(699392K), [Metaspace: 44502K->44502K(1087488K)], 0.0544808 secs] [Times: user=0.40 sys=0.01, real=0.05 secs] 
2016-09-15T12:09:27.072-0400: 178.886: [GC (GCLocker Initiated GC) [PSYoungGen: 88064K->85822K(175104K)] 148832K->146590K(699392K), 0.0088084 secs] [Times: user=0.07 sys=0.00, real=0.01 secs] 
2016-09-15T12:09:27.211-0400: 179.025: [GC (GCLocker Initiated GC) [PSYoungGen: 173886K->55611K(175104K)] 235015K->171714K(699392K), 0.0127709 secs] [Times: user=0.14 sys=0.01, real=0.01 secs] 
2016-09-15T12:09:27.346-0400: 179.160: [GC (GCLocker Initiated GC) [PSYoungGen: 143675K->56166K(175104K)] 266023K->196884K(699392K), 0.0120397 secs] [Times: user=0.17 sys=0.00, real=0.02 secs] 
2016-09-15T12:09:27.457-0400: 179.271: [GC (GCLocker Initiated GC) [PSYoungGen: 144230K->73736K(175104K)] 291071K->239108K(699392K), 0.0098412 secs] [Times: user=0.13 sys=0.00, real=0.00 secs] 
2016-09-15T12:09:27.588-0400: 179.401: [GC (GCLocker Initiated GC) [PSYoungGen: 161800K->43237K(175104K)] 333497K->233246K(699392K), 0.0087499 secs] [Times: user=0.06 sys=0.00, real=0.01 secs] 
2016-09-15T12:09:27.710-0400: 179.524: [GC (GCLocker Initiated GC) [PSYoungGen: 131301K->55842K(175104K)] 327746K->289038K(699392K), 0.0145586 secs] [Times: user=0.17 sys=0.00, real=0.01 secs] 
2016-09-15T12:09:27.859-0400: 179.672: [GC (Allocation Failure) [PSYoungGen: 143906K->36866K(175104K)] 383369K->294837K(699392K), 0.0102262 secs] [Times: user=0.10 sys=0.00, real=0.01 secs] 
2016-09-15T12:09:27.966-0400: 179.780: [GC (GCLocker Initiated GC) [PSYoungGen: 124930K->85790K(175104K)] 382906K->350001K(699392K), 0.0211103 secs] [Times: user=0.29 sys=0.00, real=0.02 secs] 
2016-09-15T12:09:28.089-0400: 179.903: [GC (GCLocker Initiated GC) [PSYoungGen: 173854K->85758K(175104K)] 438112K->386766K(699392K), 0.0120644 secs] [Times: user=0.14 sys=0.01, real=0.01 secs] 
2016-09-15T12:09:28.208-0400: 180.022: [GC (GCLocker Initiated GC) [PSYoungGen: 173822K->85954K(175104K)] 474889K->466295K(699392K), 0.0121264 secs] [Times: user=0.14 sys=0.01, real=0.01 secs] 
2016-09-15T12:09:28.309-0400: 180.123: [GC (GCLocker Initiated GC) [PSYoungGen: 174018K->55255K(175104K)] 560707K->496754K(699392K), 0.0125393 secs] [Times: user=0.13 sys=0.00, real=0.01 secs] 
2016-09-15T12:09:28.322-0400: 180.135: [Full GC (Ergonomics) [PSYoungGen: 55255K->0K(175104K)] [ParOldGen: 441499K->54482K(524288K)] 496754K->54482K(699392K), [Metaspace: 44502K->44502K(1087488K)], 0.0551123 secs] [Times: user=0.29 sys=0.02, real=0.06 secs] 
2016-09-15T12:09:28.480-0400: 180.294: [GC (GCLocker Initiated GC) [PSYoungGen: 88064K->62141K(175104K)] 154722K->128808K(699392K), 0.0070708 secs] [Times: user=0.06 sys=0.00, real=0.00 secs] 
2016-09-15T12:09:28.605-0400: 180.419: [GC (GCLocker Initiated GC) [PSYoungGen: 150205K->43173K(175104K)] 229298K->141178K(699392K), 0.0109041 secs] [Times: user=0.10 sys=0.00, real=0.02 secs] 
2016-09-15T12:09:28.713-0400: 180.527: [GC (GCLocker Initiated GC) [PSYoungGen: 131237K->73672K(175104K)] 229295K->220817K(699392K), 0.0121218 secs] [Times: user=0.15 sys=0.00, real=0.01 secs] 
2016-09-15T12:09:28.840-0400: 180.653: [GC (GCLocker Initiated GC) [PSYoungGen: 161736K->49995K(175104K)] 321309K->246334K(699392K), 0.0096400 secs] [Times: user=0.12 sys=0.00, real=0.01 secs] 
2016-09-15T12:09:28.968-0400: 180.782: [GC (Allocation Failure) [PSYoungGen: 138059K->73772K(175104K)] 340806K->295363K(699392K), 0.0208357 secs] [Times: user=0.20 sys=0.00, real=0.02 secs] 
2016-09-15T12:09:29.098-0400: 180.912: [GC (GCLocker Initiated GC) [PSYoungGen: 158989K->24816K(175104K)] 386655K->289027K(699392K), 0.0299869 secs] [Times: user=0.28 sys=0.01, real=0.03 secs] 
2016-09-15T12:09:29.245-0400: 181.059: [GC (GCLocker Initiated GC) [PSYoungGen: 112880K->55451K(175104K)] 389446K->332284K(699392K), 0.0180266 secs] [Times: user=0.15 sys=0.00, real=0.02 secs] 
2016-09-15T12:09:29.405-0400: 181.219: [GC (GCLocker Initiated GC) [PSYoungGen: 143515K->67437K(175104K)] 420681K->363112K(699392K), 0.0194126 secs] [Times: user=0.21 sys=0.01, real=0.02 secs] 
2016-09-15T12:09:29.539-0400: 181.353: [GC (GCLocker Initiated GC) [PSYoungGen: 155501K->61266K(175104K)] 451431K->375508K(699392K), 0.0136025 secs] [Times: user=0.10 sys=0.00, real=0.01 secs] 
2016-09-15T12:09:29.674-0400: 181.488: [GC (GCLocker Initiated GC) [PSYoungGen: 149330K->79847K(175104K)] 463765K->449093K(699392K), 0.0120547 secs] [Times: user=0.16 sys=0.00, real=0.01 secs] 
2016-09-15T12:09:29.800-0400: 181.614: [GC (GCLocker Initiated GC) [PSYoungGen: 167911K->73804K(175104K)] 537339K->473874K(699392K), 0.0103109 secs] [Times: user=0.10 sys=0.00, real=0.01 secs] 
2016-09-15T12:09:29.906-0400: 181.720: [GC (Allocation Failure) [PSYoungGen: 161868K->85822K(175104K)] 562271K->510677K(699392K), 0.0132954 secs] [Times: user=0.10 sys=0.00, real=0.02 secs] 
2016-09-15T12:09:30.059-0400: 181.873: [GC (GCLocker Initiated GC) [PSYoungGen: 171180K->36934K(175104K)] 602110K->486340K(699392K), 0.0139181 secs] [Times: user=0.12 sys=0.00, real=0.01 secs] 
2016-09-15T12:09:30.196-0400: 182.010: [GC (Allocation Failure) [PSYoungGen: 124998K->73544K(175104K)] 574552K->523358K(699392K), 0.0310266 secs] [Times: user=0.26 sys=0.00, real=0.02 secs] 
2016-09-15T12:09:30.358-0400: 182.172: [GC (GCLocker Initiated GC) [PSYoungGen: 159165K->43073K(175104K)] 615054K->547673K(699392K), 0.0267603 secs] [Times: user=0.25 sys=0.00, real=0.02 secs] 
2016-09-15T12:09:30.385-0400: 182.199: [Full GC (Ergonomics) [PSYoungGen: 43073K->0K(175104K)] [ParOldGen: 504600K->48634K(524288K)] 547673K->48634K(699392K), [Metaspace: 44508K->44508K(1087488K)], 0.0543505 secs] [Times: user=0.29 sys=0.01, real=0.06 secs] 
2016-09-15T12:09:30.554-0400: 182.367: [GC (GCLocker Initiated GC) [PSYoungGen: 88064K->86274K(175104K)] 136773K->165358K(699392K), 0.0121599 secs] [Times: user=0.18 sys=0.00, real=0.01 secs] 
2016-09-15T12:09:30.664-0400: 182.478: [GC (GCLocker Initiated GC) [PSYoungGen: 174338K->85854K(175104K)] 253789K->220716K(699392K), 0.0119403 secs] [Times: user=0.17 sys=0.01, real=0.02 secs] 
2016-09-15T12:09:30.806-0400: 182.620: [GC (GCLocker Initiated GC) [PSYoungGen: 173918K->73672K(175104K)] 315221K->251725K(699392K), 0.0113809 secs] [Times: user=0.16 sys=0.00, real=0.02 secs] 
2016-09-15T12:09:30.936-0400: 182.750: [GC (GCLocker Initiated GC) [PSYoungGen: 161736K->55643K(175104K)] 346035K->258294K(699392K), 0.0098673 secs] [Times: user=0.15 sys=0.01, real=0.00 secs] 
2016-09-15T12:09:31.062-0400: 182.876: [GC (GCLocker Initiated GC) [PSYoungGen: 143707K->73544K(175104K)] 352603K->300941K(699392K), 0.0101957 secs] [Times: user=0.10 sys=0.01, real=0.01 secs] 
2016-09-15T12:09:31.210-0400: 183.024: [GC (GCLocker Initiated GC) [PSYoungGen: 161608K->49475K(175104K)] 395099K->283242K(699392K), 0.0152257 secs] [Times: user=0.17 sys=0.00, real=0.01 secs] 
2016-09-15T12:09:31.342-0400: 183.156: [GC (GCLocker Initiated GC) [PSYoungGen: 137539K->61266K(175104K)] 377519K->325960K(699392K), 0.0178936 secs] [Times: user=0.14 sys=0.00, real=0.02 secs] 
2016-09-15T12:09:31.496-0400: 183.309: [GC (GCLocker Initiated GC) [PSYoungGen: 149330K->49212K(175104K)] 414101K->356783K(699392K), 0.0212744 secs] [Times: user=0.23 sys=0.00, real=0.02 secs] 
2016-09-15T12:09:31.633-0400: 183.447: [GC (Allocation Failure) [PSYoungGen: 137276K->73348K(175104K)] 444967K->381299K(699392K), 0.0123284 secs] [Times: user=0.08 sys=0.00, real=0.01 secs] 
2016-09-15T12:09:31.763-0400: 183.577: [GC (GCLocker Initiated GC) [PSYoungGen: 161412K->67437K(175104K)] 469363K->424139K(699392K), 0.0181665 secs] [Times: user=0.19 sys=0.00, real=0.02 secs] 
2016-09-15T12:09:31.896-0400: 183.710: [GC (GCLocker Initiated GC) [PSYoungGen: 155501K->49212K(175104K)] 518303K->460881K(699392K), 0.0125170 secs] [Times: user=0.13 sys=0.00, real=0.01 secs] 
2016-09-15T12:09:32.045-0400: 183.859: [GC (GCLocker Initiated GC) [PSYoungGen: 137276K->73480K(175104K)] 549005K->521763K(699392K), 0.0109821 secs] [Times: user=0.09 sys=0.00, real=0.02 secs] 
2016-09-15T12:09:32.176-0400: 183.990: [GC (GCLocker Initiated GC) [PSYoungGen: 161544K->61558K(175104K)] 610054K->577192K(699392K), 0.0224711 secs] [Times: user=0.29 sys=0.00, real=0.02 secs] 
2016-09-15T12:09:32.198-0400: 184.012: [Full GC (Ergonomics) [PSYoungGen: 61558K->0K(175104K)] [ParOldGen: 515634K->48850K(524288K)] 577192K->48850K(699392K), [Metaspace: 44508K->44508K(1087488K)], 0.0548007 secs] [Times: user=0.28 sys=0.01, real=0.05 secs] 
2016-09-15T12:09:32.373-0400: 184.186: [GC (GCLocker Initiated GC) [PSYoungGen: 88064K->74487K(175104K)] 149229K->135653K(699392K), 0.0066006 secs] [Times: user=0.06 sys=0.00, real=0.01 secs] 
2016-09-15T12:09:32.505-0400: 184.319: [GC (GCLocker Initiated GC) [PSYoungGen: 162551K->43041K(175104K)] 224010K->123412K(699392K), 0.0113786 secs] [Times: user=0.10 sys=0.00, real=0.02 secs] 
2016-09-15T12:09:32.651-0400: 184.465: [GC (GCLocker Initiated GC) [PSYoungGen: 131105K->61330K(175104K)] 217767K->154171K(699392K), 0.0381900 secs] [Times: user=0.39 sys=0.00, real=0.04 secs] 
2016-09-15T12:09:32.817-0400: 184.631: [GC (GCLocker Initiated GC) [PSYoungGen: 149394K->67633K(175104K)] 248414K->184989K(699392K), 0.0219203 secs] [Times: user=0.24 sys=0.00, real=0.02 secs] 
2016-09-15T12:09:32.958-0400: 184.772: [GC (Allocation Failure) [PSYoungGen: 155697K->37158K(175104K)] 285547K->191600K(699392K), 0.0101040 secs] [Times: user=0.09 sys=0.00, real=0.01 secs] 
2016-09-15T12:09:33.084-0400: 184.898: [GC (GCLocker Initiated GC) [PSYoungGen: 125222K->61426K(175104K)] 279664K->234376K(699392K), 0.0159716 secs] [Times: user=0.17 sys=0.00, real=0.02 secs] 
2016-09-15T12:09:33.217-0400: 185.031: [GC (GCLocker Initiated GC) [PSYoungGen: 149490K->85922K(175104K)] 322515K->277308K(699392K), 0.0224613 secs] [Times: user=0.28 sys=0.00, real=0.02 secs] 
2016-09-15T12:09:33.346-0400: 185.160: [GC (GCLocker Initiated GC) [PSYoungGen: 173986K->61490K(175104K)] 365425K->314150K(699392K), 0.0214307 secs] [Times: user=0.25 sys=0.00, real=0.03 secs] 
2016-09-15T12:09:33.495-0400: 185.309: [GC (Allocation Failure) [PSYoungGen: 149554K->18741K(175104K)] 408443K->332564K(699392K), 0.0157550 secs] [Times: user=0.15 sys=0.00, real=0.02 secs] 
2016-09-15T12:09:33.628-0400: 185.442: [GC (GCLocker Initiated GC) [PSYoungGen: 106805K->79815K(175104K)] 420629K->412131K(699392K), 0.0099738 secs] [Times: user=0.08 sys=0.00, real=0.01 secs] 
2016-09-15T12:09:33.744-0400: 185.558: [GC (GCLocker Initiated GC) [PSYoungGen: 167879K->73316K(175104K)] 500344K->424305K(699392K), 0.0309918 secs] [Times: user=0.33 sys=0.00, real=0.03 secs] 
2016-09-15T12:09:33.909-0400: 185.722: [GC (GCLocker Initiated GC) [PSYoungGen: 161380K->55579K(175104K)] 524612K->467515K(699392K), 0.0408468 secs] [Times: user=0.46 sys=0.00, real=0.04 secs] 
2016-09-15T12:09:34.087-0400: 185.901: [GC (Allocation Failure) [PSYoungGen: 143643K->49148K(175104K)] 555834K->504295K(699392K), 0.0366183 secs] [Times: user=0.36 sys=0.00, real=0.04 secs] 
2016-09-15T12:09:34.124-0400: 185.938: [Full GC (Ergonomics) [PSYoungGen: 49148K->0K(175104K)] [ParOldGen: 455147K->46444K(524288K)] 504295K->46444K(699392K), [Metaspace: 44509K->44509K(1087488K)], 0.1151259 secs] [Times: user=1.04 sys=0.02, real=0.12 secs] 
2016-09-15T12:09:34.368-0400: 186.182: [GC (GCLocker Initiated GC) [PSYoungGen: 88064K->86178K(175104K)] 134514K->156928K(699392K), 0.0096605 secs] [Times: user=0.09 sys=0.00, real=0.01 secs] 
2016-09-15T12:09:34.480-0400: 186.294: [GC (GCLocker Initiated GC) [PSYoungGen: 174242K->85986K(175104K)] 245045K->212067K(699392K), 0.0162656 secs] [Times: user=0.21 sys=0.00, real=0.02 secs] 
2016-09-15T12:09:34.614-0400: 186.428: [GC (GCLocker Initiated GC) [PSYoungGen: 174050K->67305K(175104K)] 300169K->260548K(699392K), 0.0179849 secs] [Times: user=0.24 sys=0.00, real=0.02 secs] 
2016-09-15T12:09:34.744-0400: 186.557: [GC (GCLocker Initiated GC) [PSYoungGen: 155369K->73576K(175104K)] 348671K->333847K(699392K), 0.0111084 secs] [Times: user=0.13 sys=0.01, real=0.01 secs] 
2016-09-15T12:09:34.863-0400: 186.676: [GC (GCLocker Initiated GC) [PSYoungGen: 161640K->55283K(175104K)] 421915K->382698K(699392K), 0.0134398 secs] [Times: user=0.18 sys=0.00, real=0.02 secs] 
2016-09-15T12:09:34.995-0400: 186.809: [GC (GCLocker Initiated GC) [PSYoungGen: 143347K->55483K(175104K)] 483026K->395298K(699392K), 0.0102354 secs] [Times: user=0.11 sys=0.00, real=0.01 secs] 
2016-09-15T12:09:35.130-0400: 186.944: [GC (GCLocker Initiated GC) [PSYoungGen: 143547K->43041K(175104K)] 489776K->413993K(699392K), 0.0108522 secs] [Times: user=0.07 sys=0.00, real=0.01 secs] 
2016-09-15T12:09:35.253-0400: 187.067: [GC (GCLocker Initiated GC) [PSYoungGen: 131105K->73512K(175104K)] 502099K->462827K(699392K), 0.0113317 secs] [Times: user=0.11 sys=0.00, real=0.01 secs] 
2016-09-15T12:09:35.395-0400: 187.209: [GC (Allocation Failure) [PSYoungGen: 161576K->49376K(175104K)] 557164K->463316K(699392K), 0.0133087 secs] [Times: user=0.18 sys=0.00, real=0.02 secs] 
2016-09-15T12:09:35.517-0400: 187.331: [GC (GCLocker Initiated GC) [PSYoungGen: 136495K->55287K(175104K)] 556511K->506305K(699392K), 0.0098656 secs] [Times: user=0.12 sys=0.00, real=0.00 secs] 
2016-09-15T12:09:35.527-0400: 187.341: [Full GC (Ergonomics) [PSYoungGen: 55287K->0K(175104K)] [ParOldGen: 451018K->46721K(524288K)] 506305K->46721K(699392K), [Metaspace: 44509K->44509K(1087488K)], 0.0566900 secs] [Times: user=0.34 sys=0.01, real=0.06 secs] 
2016-09-15T12:09:35.692-0400: 187.506: [GC (GCLocker Initiated GC) [PSYoungGen: 88064K->85790K(175104K)] 134883K->150834K(699392K), 0.0110166 secs] [Times: user=0.12 sys=0.00, real=0.01 secs] 
2016-09-15T12:09:35.855-0400: 187.669: [GC (Allocation Failure) [PSYoungGen: 173854K->18965K(175104K)] 263486K->181781K(699392K), 0.0102180 secs] [Times: user=0.09 sys=0.01, real=0.01 secs] 
2016-09-15T12:09:36.012-0400: 187.826: [GC (GCLocker Initiated GC) [PSYoungGen: 102984K->55775K(175104K)] 271875K->224965K(699392K), 0.0061668 secs] [Times: user=0.08 sys=0.00, real=0.01 secs] 
2016-09-15T12:09:36.135-0400: 187.949: [GC (GCLocker Initiated GC) [PSYoungGen: 143839K->55970K(175104K)] 325324K->237583K(699392K), 0.0066386 secs] [Times: user=0.07 sys=0.00, real=0.01 secs] 
2016-09-15T12:09:36.289-0400: 188.103: [GC (GCLocker Initiated GC) [PSYoungGen: 144034K->30791K(175104K)] 337894K->243299K(699392K), 0.0074790 secs] [Times: user=0.07 sys=0.00, real=0.01 secs] 
2016-09-15T12:09:36.425-0400: 188.239: [GC (Allocation Failure) [PSYoungGen: 118855K->85954K(175104K)] 331483K->323017K(699392K), 0.0117826 secs] [Times: user=0.17 sys=0.01, real=0.02 secs] 
2016-09-15T12:09:36.554-0400: 188.368: [GC (GCLocker Initiated GC) [PSYoungGen: 174018K->55447K(175104K)] 411087K->347514K(699392K), 0.0113239 secs] [Times: user=0.19 sys=0.00, real=0.01 secs] 
2016-09-15T12:09:36.679-0400: 188.493: [GC (GCLocker Initiated GC) [PSYoungGen: 143511K->85854K(175104K)] 441734K->390428K(699392K), 0.0102536 secs] [Times: user=0.16 sys=0.00, real=0.01 secs] 
2016-09-15T12:09:36.841-0400: 188.654: [GC (GCLocker Initiated GC) [PSYoungGen: 173918K->55123K(175104K)] 478534K->414706K(699392K), 0.0106011 secs] [Times: user=0.11 sys=0.00, real=0.01 secs] 
2016-09-15T12:09:36.961-0400: 188.775: [GC (GCLocker Initiated GC) [PSYoungGen: 143187K->85658K(175104K)] 502807K->500097K(699392K), 0.0138836 secs] [Times: user=0.17 sys=0.00, real=0.01 secs] 
2016-09-15T12:09:37.088-0400: 188.902: [GC (GCLocker Initiated GC) [PSYoungGen: 173722K->49340K(175104K)] 600365K->542952K(699392K), 0.0110527 secs] [Times: user=0.16 sys=0.00, real=0.01 secs] 
2016-09-15T12:09:37.099-0400: 188.913: [Full GC (Ergonomics) [PSYoungGen: 49340K->0K(175104K)] [ParOldGen: 493612K->46754K(524288K)] 542952K->46754K(699392K), [Metaspace: 44509K->44509K(1087488K)], 0.0565459 secs] [Times: user=0.48 sys=0.02, real=0.05 secs] 
2016-09-15T12:09:37.276-0400: 189.090: [GC (GCLocker Initiated GC) [PSYoungGen: 88064K->86865K(175104K)] 141215K->146092K(699392K), 0.0108371 secs] [Times: user=0.15 sys=0.00, real=0.00 secs] 
2016-09-15T12:09:37.411-0400: 189.225: [GC (GCLocker Initiated GC) [PSYoungGen: 174929K->79523K(175104K)] 234203K->163776K(699392K), 0.0140414 secs] [Times: user=0.12 sys=0.00, real=0.01 secs] 
2016-09-15T12:09:37.530-0400: 189.344: [GC (GCLocker Initiated GC) [PSYoungGen: 167587K->61362K(175104K)] 252078K->188481K(699392K), 0.0168462 secs] [Times: user=0.15 sys=0.00, real=0.01 secs] 
2016-09-15T12:09:37.671-0400: 189.485: [GC (GCLocker Initiated GC) [PSYoungGen: 149426K->73644K(175104K)] 276657K->237608K(699392K), 0.0222768 secs] [Times: user=0.21 sys=0.00, real=0.02 secs] 
2016-09-15T12:09:37.840-0400: 189.654: [GC (GCLocker Initiated GC) [PSYoungGen: 161708K->49603K(175104K)] 338155K->244544K(699392K), 0.0165503 secs] [Times: user=0.14 sys=0.00, real=0.02 secs] 
2016-09-15T12:09:38.011-0400: 189.825: [GC (GCLocker Initiated GC) [PSYoungGen: 137667K->48952K(175104K)] 338702K->250245K(699392K), 0.0064989 secs] [Times: user=0.05 sys=0.01, real=0.01 secs] 
2016-09-15T12:09:38.148-0400: 189.962: [GC (Allocation Failure) [PSYoungGen: 137016K->54995K(175104K)] 338351K->286793K(699392K), 0.0099975 secs] [Times: user=0.07 sys=0.00, real=0.01 secs] 
2016-09-15T12:09:38.274-0400: 190.088: [GC (GCLocker Initiated GC) [PSYoungGen: 139999K->61326K(175104K)] 377872K->354009K(699392K), 0.0240881 secs] [Times: user=0.31 sys=0.00, real=0.03 secs] 
2016-09-15T12:09:38.405-0400: 190.219: [GC (GCLocker Initiated GC) [PSYoungGen: 149390K->74555K(175104K)] 448492K->373802K(699392K), 0.0123419 secs] [Times: user=0.17 sys=0.00, real=0.02 secs] 
2016-09-15T12:09:38.542-0400: 190.356: [GC (GCLocker Initiated GC) [PSYoungGen: 162619K->85530K(175104K)] 462025K->409683K(699392K), 0.0235540 secs] [Times: user=0.32 sys=0.01, real=0.02 secs] 
2016-09-15T12:09:38.655-0400: 190.469: [GC (GCLocker Initiated GC) [PSYoungGen: 173594K->67665K(175104K)] 503892K->471014K(699392K), 0.0135387 secs] [Times: user=0.20 sys=0.00, real=0.02 secs] 
2016-09-15T12:09:38.794-0400: 190.608: [GC (Allocation Failure) [PSYoungGen: 155729K->79783K(175104K)] 559198K->483724K(699392K), 0.0098044 secs] [Times: user=0.14 sys=0.00, real=0.01 secs] 
2016-09-15T12:09:38.918-0400: 190.732: [GC (GCLocker Initiated GC) [PSYoungGen: 162415K->55155K(175104K)] 572432K->526392K(699392K), 0.0114826 secs] [Times: user=0.17 sys=0.00, real=0.01 secs] 
2016-09-15T12:09:38.930-0400: 190.743: [Full GC (Ergonomics) [PSYoungGen: 55155K->0K(175104K)] [ParOldGen: 471237K->46662K(524288K)] 526392K->46662K(699392K), [Metaspace: 44511K->44511K(1087488K)], 0.0488921 secs] [Times: user=0.39 sys=0.00, real=0.05 secs] 
2016-09-15T12:09:39.096-0400: 190.910: [GC (GCLocker Initiated GC) [PSYoungGen: 88064K->86210K(175104K)] 140860K->151156K(699392K), 0.0092717 secs] [Times: user=0.12 sys=0.00, real=0.00 secs] 
2016-09-15T12:09:39.232-0400: 191.046: [GC (GCLocker Initiated GC) [PSYoungGen: 174274K->79715K(175104K)] 239430K->212260K(699392K), 0.0112367 secs] [Times: user=0.16 sys=0.00, real=0.01 secs] 
2016-09-15T12:09:39.347-0400: 191.161: [GC (Allocation Failure) [PSYoungGen: 167779K->73708K(175104K)] 300500K->255337K(699392K), 0.0108369 secs] [Times: user=0.14 sys=0.00, real=0.02 secs] 
2016-09-15T12:09:39.474-0400: 191.288: [GC (GCLocker Initiated GC) [PSYoungGen: 161772K->55415K(175104K)] 343407K->298115K(699392K), 0.0104916 secs] [Times: user=0.16 sys=0.01, real=0.01 secs] 
2016-09-15T12:09:39.608-0400: 191.422: [GC (GCLocker Initiated GC) [PSYoungGen: 143479K->85598K(175104K)] 386282K->340811K(699392K), 0.0186382 secs] [Times: user=0.15 sys=0.00, real=0.01 secs] 
2016-09-15T12:09:39.733-0400: 191.547: [GC (GCLocker Initiated GC) [PSYoungGen: 173662K->67533K(175104K)] 429214K->384158K(699392K), 0.0120234 secs] [Times: user=0.12 sys=0.00, real=0.01 secs] 
2016-09-15T12:09:39.891-0400: 191.704: [GC (GCLocker Initiated GC) [PSYoungGen: 155597K->55547K(175104K)] 478769K->409370K(699392K), 0.0096578 secs] [Times: user=0.11 sys=0.00, real=0.01 secs] 
2016-09-15T12:09:40.025-0400: 191.839: [GC (GCLocker Initiated GC) [PSYoungGen: 143611K->79747K(175104K)] 497553K->434153K(699392K), 0.0147021 secs] [Times: user=0.15 sys=0.01, real=0.02 secs] 
2016-09-15T12:09:40.150-0400: 191.964: [GC (Allocation Failure) [PSYoungGen: 167811K->31022K(175104K)] 528569K->404174K(699392K), 0.0131638 secs] [Times: user=0.11 sys=0.00, real=0.01 secs] 
2016-09-15T12:09:40.164-0400: 191.978: [GC (GCLocker Initiated GC) [PSYoungGen: 31543K->128K(175104K)] 404694K->410253K(699392K), 0.0064128 secs] [Times: user=0.06 sys=0.00, real=0.01 secs] 
2016-09-15T12:09:40.288-0400: 192.102: [GC (GCLocker Initiated GC) [PSYoungGen: 87880K->73676K(175104K)] 504081K->489876K(699392K), 0.0129205 secs] [Times: user=0.12 sys=0.00, real=0.01 secs] 
2016-09-15T12:09:40.446-0400: 192.259: [GC (GCLocker Initiated GC) [PSYoungGen: 161740K->36866K(175104K)] 590669K->484272K(699392K), 0.0144726 secs] [Times: user=0.14 sys=0.00, real=0.02 secs] 
2016-09-15T12:09:40.460-0400: 192.274: [Full GC (Ergonomics) [PSYoungGen: 36866K->0K(175104K)] [ParOldGen: 447406K->46829K(524288K)] 484272K->46829K(699392K), [Metaspace: 44511K->44511K(1087488K)], 0.0569383 secs] [Times: user=0.31 sys=0.00, real=0.06 secs] 
2016-09-15T12:09:40.630-0400: 192.444: [GC (GCLocker Initiated GC) [PSYoungGen: 88064K->85922K(175104K)] 135108K->132967K(699392K), 0.0296313 secs] [Times: user=0.35 sys=0.00, real=0.03 secs] 
2016-09-15T12:09:40.785-0400: 192.599: [GC (Allocation Failure) [PSYoungGen: 173986K->43201K(175104K)] 221207K->145364K(699392K), 0.0096306 secs] [Times: user=0.10 sys=0.00, real=0.01 secs] 
2016-09-15T12:09:40.917-0400: 192.731: [GC (GCLocker Initiated GC) [PSYoungGen: 129321K->55419K(175104K)] 237559K->169820K(699392K), 0.0142341 secs] [Times: user=0.14 sys=0.00, real=0.01 secs] 
2016-09-15T12:09:41.059-0400: 192.873: [GC (GCLocker Initiated GC) [PSYoungGen: 143483K->85566K(175104K)] 257948K->218688K(699392K), 0.0128960 secs] [Times: user=0.12 sys=0.00, real=0.01 secs] 
2016-09-15T12:09:41.201-0400: 193.015: [GC (Allocation Failure) [PSYoungGen: 173630K->37062K(175104K)] 307511K->219655K(699392K), 0.0083162 secs] [Times: user=0.08 sys=0.00, real=0.01 secs] 
2016-09-15T12:09:41.301-0400: 193.115: [GC (GCLocker Initiated GC) [PSYoungGen: 121379K->67337K(175104K)] 310047K->274513K(699392K), 0.0106930 secs] [Times: user=0.10 sys=0.00, real=0.01 secs] 
2016-09-15T12:09:41.427-0400: 193.241: [GC (GCLocker Initiated GC) [PSYoungGen: 155401K->85890K(175104K)] 362894K->342094K(699392K), 0.0324631 secs] [Times: user=0.35 sys=0.01, real=0.04 secs] 
2016-09-15T12:09:41.587-0400: 193.400: [GC (Allocation Failure) [PSYoungGen: 173954K->55483K(175104K)] 442436K->348525K(699392K), 0.0150328 secs] [Times: user=0.15 sys=0.00, real=0.02 secs] 
2016-09-15T12:09:41.745-0400: 193.559: [GC (GCLocker Initiated GC) [PSYoungGen: 138420K->55803K(175104K)] 437537K->355367K(699392K), 0.0109222 secs] [Times: user=0.09 sys=0.00, real=0.02 secs] 
2016-09-15T12:09:41.911-0400: 193.725: [GC (GCLocker Initiated GC) [PSYoungGen: 143867K->48888K(175104K)] 449559K->361162K(699392K), 0.0166832 secs] [Times: user=0.17 sys=0.01, real=0.02 secs] 
2016-09-15T12:09:42.055-0400: 193.869: [GC (GCLocker Initiated GC) [PSYoungGen: 136952K->43237K(175104K)] 449341K->386105K(699392K), 0.0220142 secs] [Times: user=0.21 sys=0.01, real=0.03 secs] 
2016-09-15T12:09:42.190-0400: 194.004: [GC (GCLocker Initiated GC) [PSYoungGen: 131301K->43301K(175104K)] 480605K->459886K(699392K), 0.0165002 secs] [Times: user=0.13 sys=0.00, real=0.01 secs] 
2016-09-15T12:09:42.300-0400: 194.114: [GC (GCLocker Initiated GC) [PSYoungGen: 131365K->67601K(175104K)] 548176K->502912K(699392K), 0.0260533 secs] [Times: user=0.28 sys=0.00, real=0.02 secs] 
2016-09-15T12:09:42.437-0400: 194.250: [Full GC (Ergonomics) [PSYoungGen: 155665K->0K(175104K)] [ParOldGen: 447812K->53160K(524288K)] 603477K->53160K(699392K), [Metaspace: 44511K->44511K(1087488K)], 0.0803536 secs] [Times: user=0.62 sys=0.02, real=0.08 secs] 
2016-09-15T12:09:42.625-0400: 194.439: [GC (GCLocker Initiated GC) [PSYoungGen: 88064K->86274K(175104K)] 153455K->182040K(699392K), 0.0171712 secs] [Times: user=0.24 sys=0.00, real=0.02 secs] 
2016-09-15T12:09:42.723-0400: 194.537: [GC (Allocation Failure) [PSYoungGen: 174338K->85922K(175104K)] 270275K->261569K(699392K), 0.0136535 secs] [Times: user=0.15 sys=0.00, real=0.02 secs] 
2016-09-15T12:09:42.737-0400: 194.551: [GC (GCLocker Initiated GC) [PSYoungGen: 85933K->64K(175104K)] 261581K->285637K(699392K), 0.0099219 secs] [Times: user=0.14 sys=0.00, real=0.00 secs] 
2016-09-15T12:09:42.861-0400: 194.675: [GC (GCLocker Initiated GC) [PSYoungGen: 87465K->85986K(175104K)] 379114K->383710K(699392K), 0.0110523 secs] [Times: user=0.16 sys=0.00, real=0.01 secs] 
2016-09-15T12:09:42.969-0400: 194.783: [GC (GCLocker Initiated GC) [PSYoungGen: 174050K->73640K(175104K)] 477963K->396406K(699392K), 0.0107592 secs] [Times: user=0.15 sys=0.00, real=0.01 secs] 
2016-09-15T12:09:43.101-0400: 194.915: [GC (GCLocker Initiated GC) [PSYoungGen: 161704K->73612K(175104K)] 490738K->420982K(699392K), 0.0218217 secs] [Times: user=0.27 sys=0.00, real=0.02 secs] 
2016-09-15T12:09:43.257-0400: 195.071: [GC (GCLocker Initiated GC) [PSYoungGen: 161676K->18805K(175104K)] 533657K->433759K(699392K), 0.0165295 secs] [Times: user=0.16 sys=0.00, real=0.01 secs] 
2016-09-15T12:09:43.411-0400: 195.225: [Full GC (Ergonomics) [PSYoungGen: 106869K->0K(175104K)] [ParOldGen: 427308K->59402K(524288K)] 534177K->59402K(699392K), [Metaspace: 44511K->44511K(1087488K)], 0.0603102 secs] [Times: user=0.33 sys=0.01, real=0.06 secs] 
2016-09-15T12:09:43.581-0400: 195.395: [GC (GCLocker Initiated GC) [PSYoungGen: 88064K->86278K(175104K)] 147507K->163946K(699392K), 0.0223162 secs] [Times: user=0.25 sys=0.00, real=0.02 secs] 
2016-09-15T12:09:43.705-0400: 195.519: [GC (GCLocker Initiated GC) [PSYoungGen: 174342K->61326K(175104K)] 252158K->230971K(699392K), 0.0177613 secs] [Times: user=0.25 sys=0.00, real=0.02 secs] 
2016-09-15T12:09:43.826-0400: 195.639: [GC (GCLocker Initiated GC) [PSYoungGen: 149390K->67925K(175104K)] 319065K->304585K(699392K), 0.0121521 secs] [Times: user=0.19 sys=0.00, real=0.02 secs] 
2016-09-15T12:09:43.947-0400: 195.761: [GC (GCLocker Initiated GC) [PSYoungGen: 155989K->74000K(175104K)] 392679K->329582K(699392K), 0.0107954 secs] [Times: user=0.16 sys=0.00, real=0.02 secs] 
2016-09-15T12:09:44.074-0400: 195.888: [GC (GCLocker Initiated GC) [PSYoungGen: 162064K->85758K(175104K)] 423769K->390443K(699392K), 0.0160617 secs] [Times: user=0.21 sys=0.00, real=0.02 secs] 
2016-09-15T12:09:44.203-0400: 196.016: [GC (Allocation Failure) [PSYoungGen: 173822K->61590K(175104K)] 478538K->402875K(699392K), 0.0114396 secs] [Times: user=0.08 sys=0.01, real=0.01 secs] 
2016-09-15T12:09:44.344-0400: 196.158: [GC (GCLocker Initiated GC) [PSYoungGen: 149654K->55251K(175104K)] 490939K->451511K(699392K), 0.0189103 secs] [Times: user=0.27 sys=0.00, real=0.02 secs] 
2016-09-15T12:09:44.477-0400: 196.291: [GC (GCLocker Initiated GC) [PSYoungGen: 143315K->85498K(175104K)] 539625K->481919K(699392K), 0.0079167 secs] [Times: user=0.09 sys=0.00, real=0.00 secs] 
2016-09-15T12:09:44.579-0400: 196.393: [GC (GCLocker Initiated GC) [PSYoungGen: 173562K->85858K(175104K)] 570086K->518976K(699392K), 0.0207336 secs] [Times: user=0.30 sys=0.00, real=0.02 secs] 
2016-09-15T12:09:44.600-0400: 196.414: [Full GC (Ergonomics) [PSYoungGen: 85858K->0K(175104K)] [ParOldGen: 433118K->53524K(524288K)] 518976K->53524K(699392K), [Metaspace: 44511K->44511K(1087488K)], 0.0563598 secs] [Times: user=0.38 sys=0.02, real=0.06 secs] 
2016-09-15T12:09:44.784-0400: 196.598: [GC (Allocation Failure) [PSYoungGen: 88064K->86630K(175104K)] 147901K->146467K(699392K), 0.0103916 secs] [Times: user=0.12 sys=0.01, real=0.01 secs] 
2016-09-15T12:09:44.898-0400: 196.712: [GC (GCLocker Initiated GC) [PSYoungGen: 174694K->73672K(175104K)] 234537K->171128K(699392K), 0.0125823 secs] [Times: user=0.20 sys=0.00, real=0.01 secs] 
2016-09-15T12:09:45.003-0400: 196.817: [GC (GCLocker Initiated GC) [PSYoungGen: 161736K->73936K(175104K)] 259199K->189783K(699392K), 0.0115246 secs] [Times: user=0.17 sys=0.01, real=0.01 secs] 
2016-09-15T12:09:45.131-0400: 196.945: [GC (GCLocker Initiated GC) [PSYoungGen: 162000K->85822K(175104K)] 278191K->227129K(699392K), 0.0122025 secs] [Times: user=0.19 sys=0.01, real=0.01 secs] 
2016-09-15T12:09:45.276-0400: 197.090: [GC (GCLocker Initiated GC) [PSYoungGen: 173886K->67761K(175104K)] 315486K->264344K(699392K), 0.0113915 secs] [Times: user=0.16 sys=0.00, real=0.00 secs] 
2016-09-15T12:09:45.417-0400: 197.231: [GC (GCLocker Initiated GC) [PSYoungGen: 155825K->67373K(175104K)] 352477K->282525K(699392K), 0.0095291 secs] [Times: user=0.08 sys=0.00, real=0.00 secs] 
2016-09-15T12:09:45.542-0400: 197.355: [GC (GCLocker Initiated GC) [PSYoungGen: 155437K->79555K(175104K)] 370648K->313094K(699392K), 0.0172042 secs] [Times: user=0.19 sys=0.00, real=0.02 secs] 
2016-09-15T12:09:45.681-0400: 197.495: [GC (GCLocker Initiated GC) [PSYoungGen: 167619K->55611K(175104K)] 407583K->350558K(699392K), 0.0115029 secs] [Times: user=0.12 sys=0.00, real=0.01 secs] 
2016-09-15T12:09:45.862-0400: 197.675: [GC (GCLocker Initiated GC) [PSYoungGen: 143675K->67277K(175104K)] 450808K->393082K(699392K), 0.0088848 secs] [Times: user=0.08 sys=0.00, real=0.01 secs] 
2016-09-15T12:09:46.006-0400: 197.820: [GC (GCLocker Initiated GC) [PSYoungGen: 155341K->37126K(175104K)] 499632K->430292K(699392K), 0.0230753 secs] [Times: user=0.28 sys=0.01, real=0.03 secs] 
2016-09-15T12:09:46.132-0400: 197.946: [GC (GCLocker Initiated GC) [PSYoungGen: 125190K->61362K(175104K)] 518729K->455013K(699392K), 0.0101511 secs] [Times: user=0.09 sys=0.00, real=0.01 secs] 
2016-09-15T12:09:46.265-0400: 198.079: [GC (GCLocker Initiated GC) [PSYoungGen: 149426K->73708K(175104K)] 549507K->510530K(699392K), 0.0142388 secs] [Times: user=0.14 sys=0.01, real=0.02 secs] 
2016-09-15T12:09:46.413-0400: 198.226: [Full GC (Ergonomics) [PSYoungGen: 161772K->0K(175104K)] [ParOldGen: 443253K->53406K(524288K)] 605025K->53406K(699392K), [Metaspace: 44512K->44512K(1087488K)], 0.0619828 secs] [Times: user=0.34 sys=0.01, real=0.06 secs] 
2016-09-15T12:09:46.604-0400: 198.418: [GC (GCLocker Initiated GC) [PSYoungGen: 88064K->86086K(175104K)] 147771K->151868K(699392K), 0.0184999 secs] [Times: user=0.21 sys=0.00, real=0.02 secs] 
2016-09-15T12:09:46.733-0400: 198.546: [GC (GCLocker Initiated GC) [PSYoungGen: 174150K->55383K(175104K)] 246805K->183021K(699392K), 0.0166155 secs] [Times: user=0.18 sys=0.00, real=0.02 secs] 
2016-09-15T12:09:46.866-0400: 198.680: [GC (GCLocker Initiated GC) [PSYoungGen: 143447K->85790K(175104K)] 271296K->244305K(699392K), 0.0100950 secs] [Times: user=0.12 sys=0.00, real=0.02 secs] 
2016-09-15T12:09:47.016-0400: 198.829: [GC (GCLocker Initiated GC) [PSYoungGen: 173854K->55319K(175104K)] 344869K->262888K(699392K), 0.0079662 secs] [Times: user=0.08 sys=0.00, real=0.01 secs] 
2016-09-15T12:09:47.162-0400: 198.975: [GC (GCLocker Initiated GC) [PSYoungGen: 143383K->36802K(175104K)] 357029K->250707K(699392K), 0.0179341 secs] [Times: user=0.18 sys=0.01, real=0.02 secs] 
2016-09-15T12:09:47.287-0400: 199.101: [GC (GCLocker Initiated GC) [PSYoungGen: 124866K->67405K(175104K)] 339048K->293833K(699392K), 0.0096709 secs] [Times: user=0.07 sys=0.00, real=0.02 secs] 
2016-09-15T12:09:47.428-0400: 199.242: [GC (GCLocker Initiated GC) [PSYoungGen: 155469K->79751K(175104K)] 382162K->324781K(699392K), 0.0204896 secs] [Times: user=0.22 sys=0.00, real=0.02 secs] 
2016-09-15T12:09:47.540-0400: 199.354: [GC (GCLocker Initiated GC) [PSYoungGen: 167815K->37062K(175104K)] 412893K->331179K(699392K), 0.0200126 secs] [Times: user=0.21 sys=0.00, real=0.02 secs] 
2016-09-15T12:09:47.675-0400: 199.489: [GC (GCLocker Initiated GC) [PSYoungGen: 125126K->86022K(175104K)] 419347K->416820K(699392K), 0.0111192 secs] [Times: user=0.12 sys=0.00, real=0.01 secs] 
2016-09-15T12:09:47.813-0400: 199.626: [GC (Allocation Failure) [PSYoungGen: 174086K->43201K(175104K)] 511208K->435454K(699392K), 0.0122447 secs] [Times: user=0.11 sys=0.00, real=0.01 secs] 
2016-09-15T12:09:47.921-0400: 199.735: [GC (GCLocker Initiated GC) [PSYoungGen: 131265K->67633K(175104K)] 523519K->484478K(699392K), 0.0171892 secs] [Times: user=0.18 sys=0.00, real=0.02 secs] 
2016-09-15T12:09:48.059-0400: 199.873: [GC (GCLocker Initiated GC) [PSYoungGen: 155694K->61294K(175104K)] 578970K->509293K(699392K), 0.0269622 secs] [Times: user=0.28 sys=0.01, real=0.02 secs] 
2016-09-15T12:09:48.224-0400: 200.037: [GC (GCLocker Initiated GC) [PSYoungGen: 149358K->61398K(175104K)] 597684K->509828K(699392K), 0.0075128 secs] [Times: user=0.06 sys=0.00, real=0.01 secs] 
2016-09-15T12:09:48.356-0400: 200.170: [GC (GCLocker Initiated GC) [PSYoungGen: 149462K->54963K(175104K)] 597934K->522067K(699392K), 0.0085248 secs] [Times: user=0.06 sys=0.00, real=0.00 secs] 
2016-09-15T12:09:48.365-0400: 200.179: [Full GC (Ergonomics) [PSYoungGen: 54963K->0K(175104K)] [ParOldGen: 467104K->41093K(524288K)] 522067K->41093K(699392K), [Metaspace: 44512K->44512K(1087488K)], 0.0542400 secs] [Times: user=0.27 sys=0.01, real=0.06 secs] 
2016-09-15T12:09:48.517-0400: 200.331: [GC (GCLocker Initiated GC) [PSYoungGen: 88064K->79811K(175104K)] 129168K->120915K(699392K), 0.0282562 secs] [Times: user=0.28 sys=0.00, real=0.02 secs] 
2016-09-15T12:09:48.663-0400: 200.477: [GC (GCLocker Initiated GC) [PSYoungGen: 167875K->73544K(175104K)] 209245K->133638K(699392K), 0.0162611 secs] [Times: user=0.16 sys=0.00, real=0.02 secs] 
2016-09-15T12:09:48.812-0400: 200.626: [GC (GCLocker Initiated GC) [PSYoungGen: 161608K->55515K(175104K)] 234050K->176833K(699392K), 0.0086770 secs] [Times: user=0.09 sys=0.00, real=0.01 secs] 
2016-09-15T12:09:48.942-0400: 200.756: [GC (GCLocker Initiated GC) [PSYoungGen: 143579K->55383K(175104K)] 265107K->177202K(699392K), 0.0090886 secs] [Times: user=0.11 sys=0.00, real=0.01 secs] 
2016-09-15T12:09:49.080-0400: 200.894: [GC (GCLocker Initiated GC) [PSYoungGen: 143447K->49276K(175104K)] 265286K->207685K(699392K), 0.0108277 secs] [Times: user=0.13 sys=0.01, real=0.01 secs] 
2016-09-15T12:09:49.213-0400: 201.027: [GC (Allocation Failure) [PSYoungGen: 137340K->55583K(175104K)] 308782K->257699K(699392K), 0.0188171 secs] [Times: user=0.17 sys=0.01, real=0.02 secs] 
2016-09-15T12:09:49.333-0400: 201.147: [GC (GCLocker Initiated GC) [PSYoungGen: 143647K->30695K(175104K)] 351844K->269674K(699392K), 0.0455782 secs] [Times: user=0.50 sys=0.00, real=0.05 secs] 
2016-09-15T12:09:49.475-0400: 201.289: [GC (GCLocker Initiated GC) [PSYoungGen: 118759K->79783K(175104K)] 357892K->331178K(699392K), 0.0096183 secs] [Times: user=0.09 sys=0.00, real=0.01 secs] 
2016-09-15T12:09:49.612-0400: 201.426: [GC (Allocation Failure) [PSYoungGen: 167847K->61722K(175104K)] 425442K->338153K(699392K), 0.0253693 secs] [Times: user=0.28 sys=0.00, real=0.03 secs] 
2016-09-15T12:09:49.768-0400: 201.582: [GC (GCLocker Initiated GC) [PSYoungGen: 149786K->73608K(175104K)] 426223K->368717K(699392K), 0.0090529 secs] [Times: user=0.10 sys=0.00, real=0.01 secs] 
2016-09-15T12:09:49.898-0400: 201.712: [GC (GCLocker Initiated GC) [PSYoungGen: 161672K->55611K(175104K)] 469203K->381659K(699392K), 0.0166045 secs] [Times: user=0.16 sys=0.00, real=0.01 secs] 
2016-09-15T12:09:50.051-0400: 201.865: [GC (GCLocker Initiated GC) [PSYoungGen: 143675K->73576K(175104K)] 475941K->424350K(699392K), 0.0095138 secs] [Times: user=0.09 sys=0.00, real=0.01 secs] 
2016-09-15T12:09:50.179-0400: 201.993: [GC (GCLocker Initiated GC) [PSYoungGen: 161640K->55483K(175104K)] 512764K->424935K(699392K), 0.0075659 secs] [Times: user=0.09 sys=0.00, real=0.00 secs] 
2016-09-15T12:09:50.285-0400: 202.099: [GC (GCLocker Initiated GC) [PSYoungGen: 143547K->67697K(175104K)] 519334K->461993K(699392K), 0.0094947 secs] [Times: user=0.09 sys=0.00, real=0.01 secs] 
2016-09-15T12:09:50.413-0400: 202.227: [GC (GCLocker Initiated GC) [PSYoungGen: 155761K->55711K(175104K)] 556404K->456473K(699392K), 0.0103441 secs] [Times: user=0.15 sys=0.00, real=0.01 secs] 
2016-09-15T12:09:50.530-0400: 202.344: [GC (GCLocker Initiated GC) [PSYoungGen: 143775K->73508K(175104K)] 550851K->481056K(699392K), 0.0077367 secs] [Times: user=0.11 sys=0.00, real=0.01 secs] 
2016-09-15T12:09:50.649-0400: 202.463: [GC (GCLocker Initiated GC) [PSYoungGen: 161572K->85758K(175104K)] 569184K->529971K(699392K), 0.0118404 secs] [Times: user=0.15 sys=0.00, real=0.01 secs] 
2016-09-15T12:09:50.774-0400: 202.588: [GC (GCLocker Initiated GC) [PSYoungGen: 173822K->55351K(175104K)] 618928K->543297K(699392K), 0.0115714 secs] [Times: user=0.15 sys=0.00, real=0.01 secs] 
2016-09-15T12:09:50.786-0400: 202.600: [Full GC (Ergonomics) [PSYoungGen: 55351K->0K(175104K)] [ParOldGen: 487946K->41704K(524288K)] 543297K->41704K(699392K), [Metaspace: 44528K->44528K(1087488K)], 0.0524585 secs] [Times: user=0.30 sys=0.00, real=0.06 secs] 
2016-09-15T12:09:50.943-0400: 202.756: [GC (GCLocker Initiated GC) [PSYoungGen: 88064K->85954K(175104K)] 130123K->134089K(699392K), 0.0101805 secs] [Times: user=0.16 sys=0.00, real=0.01 secs] 
2016-09-15T12:09:51.076-0400: 202.890: [GC (GCLocker Initiated GC) [PSYoungGen: 174018K->73640K(175104K)] 222396K->140698K(699392K), 0.0087504 secs] [Times: user=0.10 sys=0.01, real=0.00 secs] 
2016-09-15T12:09:51.215-0400: 203.029: [GC (GCLocker Initiated GC) [PSYoungGen: 161704K->37190K(175104K)] 247326K->123087K(699392K), 0.0058062 secs] [Times: user=0.07 sys=0.01, real=0.01 secs] 
2016-09-15T12:09:51.324-0400: 203.138: [GC (GCLocker Initiated GC) [PSYoungGen: 125254K->73508K(175104K)] 211181K->159758K(699392K), 0.0094706 secs] [Times: user=0.13 sys=0.00, real=0.01 secs] 
2016-09-15T12:09:51.452-0400: 203.265: [GC (GCLocker Initiated GC) [PSYoungGen: 161572K->80135K(175104K)] 247852K->221218K(699392K), 0.0116575 secs] [Times: user=0.15 sys=0.00, real=0.01 secs] 
2016-09-15T12:09:51.578-0400: 203.392: [GC (GCLocker Initiated GC) [PSYoungGen: 168199K->85690K(175104K)] 309352K->282253K(699392K), 0.0119768 secs] [Times: user=0.18 sys=0.00, real=0.01 secs] 
2016-09-15T12:09:51.685-0400: 203.499: [GC (GCLocker Initiated GC) [PSYoungGen: 173754K->85790K(175104K)] 370444K->349465K(699392K), 0.0132561 secs] [Times: user=0.23 sys=0.00, real=0.02 secs] 
2016-09-15T12:09:51.819-0400: 203.633: [GC (GCLocker Initiated GC) [PSYoungGen: 173854K->73804K(175104K)] 437721K->356204K(699392K), 0.0106004 secs] [Times: user=0.16 sys=0.00, real=0.01 secs] 
2016-09-15T12:09:51.924-0400: 203.738: [GC (GCLocker Initiated GC) [PSYoungGen: 161868K->85658K(175104K)] 444304K->404704K(699392K), 0.0117087 secs] [Times: user=0.16 sys=0.00, real=0.01 secs] 
2016-09-15T12:09:52.048-0400: 203.862: [GC (GCLocker Initiated GC) [PSYoungGen: 173722K->61818K(175104K)] 492814K->441828K(699392K), 0.0116919 secs] [Times: user=0.18 sys=0.00, real=0.01 secs] 
2016-09-15T12:09:52.165-0400: 203.979: [GC (GCLocker Initiated GC) [PSYoungGen: 149882K->79715K(175104K)] 536037K->484878K(699392K), 0.0114320 secs] [Times: user=0.12 sys=0.00, real=0.02 secs] 
2016-09-15T12:09:52.280-0400: 204.094: [GC (GCLocker Initiated GC) [PSYoungGen: 167779K->73704K(175104K)] 573062K->527739K(699392K), 0.0121029 secs] [Times: user=0.18 sys=0.01, real=0.01 secs] 
2016-09-15T12:09:52.292-0400: 204.106: [Full GC (Ergonomics) [PSYoungGen: 73704K->0K(175104K)] [ParOldGen: 454035K->53751K(524288K)] 527739K->53751K(699392K), [Metaspace: 44534K->44534K(1087488K)], 0.0417765 secs] [Times: user=0.34 sys=0.00, real=0.04 secs] 
2016-09-15T12:09:52.441-0400: 204.255: [GC (Allocation Failure) [PSYoungGen: 88064K->86438K(175104K)] 142109K->164791K(699392K), 0.0114435 secs] [Times: user=0.17 sys=0.00, real=0.01 secs] 
2016-09-15T12:09:52.573-0400: 204.387: [GC (GCLocker Initiated GC) [PSYoungGen: 170505K->37386K(175104K)] 254934K->165387K(699392K), 0.0102996 secs] [Times: user=0.15 sys=0.00, real=0.01 secs] 
2016-09-15T12:09:52.704-0400: 204.518: [GC (GCLocker Initiated GC) [PSYoungGen: 125450K->37581K(175104K)] 271693K->184321K(699392K), 0.0055471 secs] [Times: user=0.08 sys=0.00, real=0.01 secs] 
2016-09-15T12:09:52.838-0400: 204.652: [GC (GCLocker Initiated GC) [PSYoungGen: 125645K->74196K(175104K)] 278680K->227358K(699392K), 0.0085155 secs] [Times: user=0.11 sys=0.00, real=0.00 secs] 
2016-09-15T12:09:52.966-0400: 204.780: [GC (GCLocker Initiated GC) [PSYoungGen: 162260K->85790K(175104K)] 315531K->245443K(699392K), 0.0098806 secs] [Times: user=0.12 sys=0.00, real=0.02 secs] 
2016-09-15T12:09:53.078-0400: 204.892: [GC (GCLocker Initiated GC) [PSYoungGen: 173854K->85886K(175104K)] 333745K->325084K(699392K), 0.0137931 secs] [Times: user=0.21 sys=0.00, real=0.01 secs] 
2016-09-15T12:09:53.206-0400: 205.020: [GC (GCLocker Initiated GC) [PSYoungGen: 173950K->79811K(175104K)] 425435K->368062K(699392K), 0.0109380 secs] [Times: user=0.16 sys=0.00, real=0.02 secs] 
2016-09-15T12:09:53.318-0400: 205.132: [GC (GCLocker Initiated GC) [PSYoungGen: 167875K->85986K(175104K)] 456425K->429542K(699392K), 0.0126245 secs] [Times: user=0.21 sys=0.00, real=0.01 secs] 
2016-09-15T12:09:53.452-0400: 205.265: [GC (GCLocker Initiated GC) [PSYoungGen: 174050K->73672K(175104K)] 517749K->478429K(699392K), 0.0121302 secs] [Times: user=0.19 sys=0.00, real=0.01 secs] 
2016-09-15T12:09:53.584-0400: 205.398: [GC (GCLocker Initiated GC) [PSYoungGen: 161736K->73740K(175104K)] 566523K->478819K(699392K), 0.0098240 secs] [Times: user=0.14 sys=0.00, real=0.01 secs] 
2016-09-15T12:09:53.697-0400: 205.511: [GC (GCLocker Initiated GC) [PSYoungGen: 161804K->61394K(175104K)] 567228K->503512K(699392K), 0.0146146 secs] [Times: user=0.12 sys=0.01, real=0.01 secs] 
2016-09-15T12:09:53.712-0400: 205.526: [Full GC (Ergonomics) [PSYoungGen: 61394K->0K(175104K)] [ParOldGen: 442118K->53932K(524288K)] 503512K->53932K(699392K), [Metaspace: 44539K->44539K(1087488K)], 0.0467510 secs] [Times: user=0.44 sys=0.00, real=0.05 secs] 
2016-09-15T12:09:53.854-0400: 205.667: [GC (GCLocker Initiated GC) [PSYoungGen: 88064K->86274K(175104K)] 142296K->164806K(699392K), 0.0123641 secs] [Times: user=0.18 sys=0.01, real=0.01 secs] 
2016-09-15T12:09:53.994-0400: 205.808: [GC (GCLocker Initiated GC) [PSYoungGen: 174338K->55743K(175104K)] 253236K->172007K(699392K), 0.0117176 secs] [Times: user=0.19 sys=0.00, real=0.01 secs] 
2016-09-15T12:09:54.109-0400: 205.923: [GC (GCLocker Initiated GC) [PSYoungGen: 143807K->73836K(175104K)] 260393K->208799K(699392K), 0.0111518 secs] [Times: user=0.16 sys=0.01, real=0.01 secs] 
2016-09-15T12:09:54.260-0400: 206.073: [GC (GCLocker Initiated GC) [PSYoungGen: 161900K->86150K(175104K)] 297184K->246230K(699392K), 0.0114614 secs] [Times: user=0.16 sys=0.00, real=0.01 secs] 
2016-09-15T12:09:54.415-0400: 206.228: [GC (GCLocker Initiated GC) [PSYoungGen: 174214K->85690K(175104K)] 340416K->288626K(699392K), 0.0113659 secs] [Times: user=0.17 sys=0.00, real=0.01 secs] 
2016-09-15T12:09:54.529-0400: 206.343: [GC (GCLocker Initiated GC) [PSYoungGen: 173754K->85790K(175104K)] 376934K->349863K(699392K), 0.0122273 secs] [Times: user=0.20 sys=0.00, real=0.01 secs] 
2016-09-15T12:09:54.690-0400: 206.504: [GC (GCLocker Initiated GC) [PSYoungGen: 173854K->18997K(175104K)] 462560K->374828K(699392K), 0.0101105 secs] [Times: user=0.14 sys=0.00, real=0.01 secs] 
2016-09-15T12:09:54.837-0400: 206.651: [GC (GCLocker Initiated GC) [PSYoungGen: 107061K->85726K(175104K)] 462922K->466187K(699392K), 0.0114455 secs] [Times: user=0.18 sys=0.00, real=0.01 secs] 
2016-09-15T12:09:54.965-0400: 206.778: [GC (Allocation Failure) [PSYoungGen: 173790K->67861K(175104K)] 560429K->509318K(699392K), 0.0108779 secs] [Times: user=0.17 sys=0.00, real=0.01 secs] 
2016-09-15T12:09:54.976-0400: 206.789: [Full GC (Ergonomics) [PSYoungGen: 67861K->0K(175104K)] [ParOldGen: 441457K->47825K(524288K)] 509318K->47825K(699392K), [Metaspace: 44539K->44539K(1087488K)], 0.0451382 secs] [Times: user=0.40 sys=0.01, real=0.04 secs] 
2016-09-15T12:09:55.129-0400: 206.943: [GC (GCLocker Initiated GC) [PSYoungGen: 88064K->73896K(175104K)] 135895K->121727K(699392K), 0.0088028 secs] [Times: user=0.13 sys=0.00, real=0.01 secs] 
2016-09-15T12:09:55.271-0400: 207.085: [GC (GCLocker Initiated GC) [PSYoungGen: 161960K->55515K(175104K)] 216025K->128352K(699392K), 0.0093182 secs] [Times: user=0.14 sys=0.00, real=0.01 secs] 
2016-09-15T12:09:55.408-0400: 207.222: [GC (GCLocker Initiated GC) [PSYoungGen: 143579K->85790K(175104K)] 216621K->171430K(699392K), 0.0119047 secs] [Times: user=0.14 sys=0.00, real=0.01 secs] 
2016-09-15T12:09:55.550-0400: 207.364: [GC (GCLocker Initiated GC) [PSYoungGen: 173849K->25075K(175104K)] 271989K->178174K(699392K), 0.0146324 secs] [Times: user=0.16 sys=0.00, real=0.01 secs] 
2016-09-15T12:09:55.696-0400: 207.509: [GC (GCLocker Initiated GC) [PSYoungGen: 113139K->55415K(175104K)] 272494K->215076K(699392K), 0.0085068 secs] [Times: user=0.12 sys=0.01, real=0.01 secs] 
2016-09-15T12:09:55.834-0400: 207.648: [GC (GCLocker Initiated GC) [PSYoungGen: 143479K->73836K(175104K)] 303451K->252168K(699392K), 0.0105971 secs] [Times: user=0.17 sys=0.00, real=0.01 secs] 
2016-09-15T12:09:55.948-0400: 207.762: [GC (Allocation Failure) [PSYoungGen: 161900K->85822K(175104K)] 340280K->294908K(699392K), 0.0119309 secs] [Times: user=0.18 sys=0.00, real=0.01 secs] 
2016-09-15T12:09:56.088-0400: 207.901: [GC (GCLocker Initiated GC) [PSYoungGen: 173886K->67597K(175104K)] 382972K->349899K(699392K), 0.0104755 secs] [Times: user=0.16 sys=0.00, real=0.01 secs] 
2016-09-15T12:09:56.224-0400: 208.038: [GC (GCLocker Initiated GC) [PSYoungGen: 155661K->73836K(175104K)] 444203K->362669K(699392K), 0.0151648 secs] [Times: user=0.16 sys=0.00, real=0.02 secs] 
2016-09-15T12:09:56.355-0400: 208.169: [GC (GCLocker Initiated GC) [PSYoungGen: 161900K->43237K(175104K)] 456845K->356690K(699392K), 0.0098170 secs] [Times: user=0.09 sys=0.00, real=0.01 secs] 
2016-09-15T12:09:56.490-0400: 208.304: [GC (GCLocker Initiated GC) [PSYoungGen: 131301K->49212K(175104K)] 450999K->417801K(699392K), 0.0107849 secs] [Times: user=0.13 sys=0.00, real=0.01 secs] 
2016-09-15T12:09:56.640-0400: 208.454: [GC (GCLocker Initiated GC) [PSYoungGen: 137276K->67437K(175104K)] 506226K->436647K(699392K), 0.0201432 secs] [Times: user=0.18 sys=0.00, real=0.02 secs] 
2016-09-15T12:09:56.778-0400: 208.592: [GC (GCLocker Initiated GC) [PSYoungGen: 155501K->55383K(175104K)] 531086K->449468K(699392K), 0.0182260 secs] [Times: user=0.22 sys=0.00, real=0.02 secs] 
2016-09-15T12:09:56.913-0400: 208.727: [GC (GCLocker Initiated GC) [PSYoungGen: 143447K->49344K(175104K)] 543642K->468024K(699392K), 0.0115273 secs] [Times: user=0.12 sys=0.00, real=0.01 secs] 
2016-09-15T12:09:57.046-0400: 208.860: [GC (GCLocker Initiated GC) [PSYoungGen: 137408K->61362K(175104K)] 556142K->498441K(699392K), 0.0403785 secs] [Times: user=0.42 sys=0.00, real=0.04 secs] 
2016-09-15T12:09:57.209-0400: 209.023: [Full GC (Ergonomics) [PSYoungGen: 149426K->0K(175104K)] [ParOldGen: 449522K->53616K(524288K)] 598948K->53616K(699392K), [Metaspace: 44540K->44540K(1087488K)], 0.0557703 secs] [Times: user=0.24 sys=0.01, real=0.05 secs] 
2016-09-15T12:09:57.398-0400: 209.211: [GC (GCLocker Initiated GC) [PSYoungGen: 88064K->85986K(175104K)] 141716K->176088K(699392K), 0.0129897 secs] [Times: user=0.14 sys=0.00, real=0.01 secs] 
2016-09-15T12:09:57.536-0400: 209.350: [GC (GCLocker Initiated GC) [PSYoungGen: 174050K->43365K(175104K)] 276517K->200775K(699392K), 0.0113292 secs] [Times: user=0.08 sys=0.00, real=0.00 secs] 
2016-09-15T12:09:57.668-0400: 209.482: [GC (GCLocker Initiated GC) [PSYoungGen: 131429K->55387K(175104K)] 289127K->213344K(699392K), 0.0246455 secs] [Times: user=0.24 sys=0.00, real=0.02 secs] 
2016-09-15T12:09:57.844-0400: 209.657: [GC (GCLocker Initiated GC) [PSYoungGen: 143451K->37649K(175104K)] 319788K->232487K(699392K), 0.0189049 secs] [Times: user=0.20 sys=0.00, real=0.02 secs] 
2016-09-15T12:09:58.000-0400: 209.814: [GC (GCLocker Initiated GC) [PSYoungGen: 125713K->61298K(175104K)] 326680K->262704K(699392K), 0.0114628 secs] [Times: user=0.11 sys=0.00, real=0.01 secs] 
2016-09-15T12:09:58.122-0400: 209.935: [GC (Allocation Failure) [PSYoungGen: 149362K->61394K(175104K)] 357456K->306066K(699392K), 0.0106189 secs] [Times: user=0.11 sys=0.00, real=0.01 secs] 
2016-09-15T12:09:58.261-0400: 210.075: [GC (GCLocker Initiated GC) [PSYoungGen: 149199K->49116K(175104K)] 399946K->318355K(699392K), 0.0130887 secs] [Times: user=0.12 sys=0.00, real=0.01 secs] 
2016-09-15T12:09:58.400-0400: 210.214: [GC (GCLocker Initiated GC) [PSYoungGen: 137180K->73644K(175104K)] 406449K->343181K(699392K), 0.0278485 secs] [Times: user=0.28 sys=0.00, real=0.03 secs] 
2016-09-15T12:09:58.530-0400: 210.344: [GC (GCLocker Initiated GC) [PSYoungGen: 161708K->61362K(175104K)] 431248K->361561K(699392K), 0.0220398 secs] [Times: user=0.24 sys=0.00, real=0.02 secs] 
2016-09-15T12:09:58.654-0400: 210.468: [GC (GCLocker Initiated GC) [PSYoungGen: 149426K->61298K(175104K)] 449885K->398450K(699392K), 0.0270156 secs] [Times: user=0.24 sys=0.00, real=0.03 secs] 
2016-09-15T12:09:58.813-0400: 210.627: [GC (GCLocker Initiated GC) [PSYoungGen: 149362K->37130K(175104K)] 492665K->417127K(699392K), 0.0096564 secs] [Times: user=0.05 sys=0.00, real=0.01 secs] 
2016-09-15T12:09:58.945-0400: 210.758: [GC (Allocation Failure) [PSYoungGen: 125194K->49048K(175104K)] 505305K->490193K(699392K), 0.0107085 secs] [Times: user=0.09 sys=0.01, real=0.01 secs] 
2016-09-15T12:09:59.073-0400: 210.886: [GC (GCLocker Initiated GC) [PSYoungGen: 137112K->85890K(175104K)] 578263K->563619K(699392K), 0.0168366 secs] [Times: user=0.19 sys=0.00, real=0.02 secs] 
2016-09-15T12:09:59.089-0400: 210.903: [Full GC (Ergonomics) [PSYoungGen: 85890K->0K(175104K)] [ParOldGen: 477728K->53843K(524288K)] 563619K->53843K(699392K), [Metaspace: 44540K->44540K(1087488K)], 0.0532835 secs] [Times: user=0.24 sys=0.01, real=0.05 secs] 
2016-09-15T12:09:59.289-0400: 211.103: [GC (GCLocker Initiated GC) [PSYoungGen: 88064K->55419K(175104K)] 154911K->122266K(699392K), 0.0091160 secs] [Times: user=0.10 sys=0.00, real=0.01 secs] 
2016-09-15T12:09:59.418-0400: 211.232: [GC (GCLocker Initiated GC) [PSYoungGen: 143483K->67565K(175104K)] 210557K->183522K(699392K), 0.0185679 secs] [Times: user=0.20 sys=0.00, real=0.02 secs] 
2016-09-15T12:09:59.565-0400: 211.379: [GC (Allocation Failure) [PSYoungGen: 155629K->24752K(175104K)] 271590K->195647K(699392K), 0.0223217 secs] [Times: user=0.22 sys=0.00, real=0.02 secs] 
2016-09-15T12:09:59.695-0400: 211.508: [GC (GCLocker Initiated GC) [PSYoungGen: 112816K->73544K(175104K)] 283717K->244573K(699392K), 0.0201524 secs] [Times: user=0.21 sys=0.00, real=0.02 secs] 
2016-09-15T12:09:59.847-0400: 211.661: [GC (GCLocker Initiated GC) [PSYoungGen: 161608K->55451K(175104K)] 338782K->269350K(699392K), 0.0100010 secs] [Times: user=0.08 sys=0.00, real=0.02 secs] 
2016-09-15T12:10:00.011-0400: 211.824: [GC (GCLocker Initiated GC) [PSYoungGen: 143515K->73576K(175104K)] 357422K->306000K(699392K), 0.0139725 secs] [Times: user=0.18 sys=0.00, real=0.01 secs] 
2016-09-15T12:10:00.156-0400: 211.970: [GC (GCLocker Initiated GC) [PSYoungGen: 161640K->55155K(175104K)] 394290K->288121K(699392K), 0.0064360 secs] [Times: user=0.09 sys=0.00, real=0.00 secs] 
2016-09-15T12:10:00.276-0400: 212.090: [GC (GCLocker Initiated GC) [PSYoungGen: 143219K->73836K(175104K)] 382548K->313316K(699392K), 0.0080836 secs] [Times: user=0.11 sys=0.00, real=0.00 secs] 
2016-09-15T12:10:00.412-0400: 212.226: [GC (GCLocker Initiated GC) [PSYoungGen: 161900K->55579K(175104K)] 413869K->326056K(699392K), 0.0139815 secs] [Times: user=0.19 sys=0.01, real=0.01 secs] 
2016-09-15T12:10:00.534-0400: 212.348: [GC (GCLocker Initiated GC) [PSYoungGen: 143643K->61586K(175104K)] 414442K->350721K(699392K), 0.0102220 secs] [Times: user=0.11 sys=0.01, real=0.01 secs] 
2016-09-15T12:10:00.673-0400: 212.486: [GC (GCLocker Initiated GC) [PSYoungGen: 149650K->55579K(175104K)] 445104K->399776K(699392K), 0.0130679 secs] [Times: user=0.17 sys=0.00, real=0.01 secs] 
2016-09-15T12:10:00.813-0400: 212.627: [GC (GCLocker Initiated GC) [PSYoungGen: 143643K->55483K(173056K)] 500334K->412630K(697344K), 0.0120263 secs] [Times: user=0.14 sys=0.00, real=0.01 secs] 
2016-09-15T12:10:00.971-0400: 212.784: [GC (Allocation Failure) [PSYoungGen: 143547K->37194K(174080K)] 500825K->394927K(698368K), 0.0229555 secs] [Times: user=0.24 sys=0.01, real=0.02 secs] 
2016-09-15T12:10:01.087-0400: 212.901: [GC (GCLocker Initiated GC) [PSYoungGen: 119563K->73608K(175104K)] 483371K->455753K(699392K), 0.0265651 secs] [Times: user=0.29 sys=0.00, real=0.03 secs] 
2016-09-15T12:10:01.259-0400: 213.073: [GC (GCLocker Initiated GC) [PSYoungGen: 161672K->49312K(175104K)] 543988K->462098K(699392K), 0.0097809 secs] [Times: user=0.08 sys=0.00, real=0.01 secs] 
2016-09-15T12:10:01.367-0400: 213.181: [GC (GCLocker Initiated GC) [PSYoungGen: 137376K->85790K(175104K)] 550399K->505188K(699392K), 0.0200120 secs] [Times: user=0.22 sys=0.00, real=0.02 secs] 
2016-09-15T12:10:01.493-0400: 213.307: [GC (Allocation Failure) [PSYoungGen: 173854K->55419K(175104K)] 599671K->499557K(699392K), 0.0135272 secs] [Times: user=0.15 sys=0.00, real=0.01 secs] 
2016-09-15T12:10:01.612-0400: 213.426: [GC (GCLocker Initiated GC) [PSYoungGen: 143483K->85790K(175104K)] 587622K->554513K(699392K), 0.0098057 secs] [Times: user=0.10 sys=0.00, real=0.01 secs] 
2016-09-15T12:10:01.622-0400: 213.436: [Full GC (Ergonomics) [PSYoungGen: 85790K->0K(175104K)] [ParOldGen: 468723K->60032K(524288K)] 554513K->60032K(699392K), [Metaspace: 44540K->44540K(1087488K)], 0.0586381 secs] [Times: user=0.32 sys=0.01, real=0.06 secs] 
2016-09-15T12:10:01.798-0400: 213.611: [GC (GCLocker Initiated GC) [PSYoungGen: 88064K->86865K(175104K)] 154207K->159084K(699392K), 0.0095859 secs] [Times: user=0.13 sys=0.00, real=0.00 secs] 
2016-09-15T12:10:01.919-0400: 213.733: [GC (GCLocker Initiated GC) [PSYoungGen: 174929K->67893K(175104K)] 247509K->196195K(699392K), 0.0105743 secs] [Times: user=0.12 sys=0.01, real=0.01 secs] 
2016-09-15T12:10:02.070-0400: 213.884: [GC (GCLocker Initiated GC) [PSYoungGen: 155957K->55611K(175104K)] 296539K->214570K(699392K), 0.0132592 secs] [Times: user=0.15 sys=0.00, real=0.01 secs] 
2016-09-15T12:10:02.226-0400: 214.040: [GC (GCLocker Initiated GC) [PSYoungGen: 143675K->73412K(175104K)] 308757K->238809K(699392K), 0.0069529 secs] [Times: user=0.08 sys=0.00, real=0.01 secs] 
2016-09-15T12:10:02.358-0400: 214.172: [GC (GCLocker Initiated GC) [PSYoungGen: 161476K->37258K(175104K)] 333303K->257797K(699392K), 0.0178622 secs] [Times: user=0.18 sys=0.00, real=0.02 secs] 
2016-09-15T12:10:02.514-0400: 214.327: [GC (GCLocker Initiated GC) [PSYoungGen: 125322K->73544K(175104K)] 346026K->306853K(699392K), 0.0165066 secs] [Times: user=0.18 sys=0.00, real=0.02 secs] 
2016-09-15T12:10:02.644-0400: 214.457: [GC (Allocation Failure) [PSYoungGen: 161608K->67501K(175104K)] 394942K->343604K(699392K), 0.0228508 secs] [Times: user=0.21 sys=0.00, real=0.02 secs] 
2016-09-15T12:10:02.766-0400: 214.579: [GC (GCLocker Initiated GC) [PSYoungGen: 155565K->55419K(175104K)] 431668K->374346K(699392K), 0.0182221 secs] [Times: user=0.17 sys=0.00, real=0.02 secs] 
2016-09-15T12:10:02.913-0400: 214.727: [GC (GCLocker Initiated GC) [PSYoungGen: 143483K->37094K(175104K)] 480940K->393215K(699392K), 0.0122051 secs] [Times: user=0.12 sys=0.00, real=0.01 secs] 
2016-09-15T12:10:03.049-0400: 214.863: [GC (GCLocker Initiated GC) [PSYoungGen: 125158K->61426K(175104K)] 481551K->417954K(699392K), 0.0097712 secs] [Times: user=0.09 sys=0.01, real=0.01 secs] 
2016-09-15T12:10:03.166-0400: 214.980: [GC (GCLocker Initiated GC) [PSYoungGen: 149490K->73676K(175104K)] 512130K->436427K(699392K), 0.0105476 secs] [Times: user=0.10 sys=0.00, real=0.02 secs] 
2016-09-15T12:10:03.291-0400: 215.105: [GC (GCLocker Initiated GC) [PSYoungGen: 161740K->67501K(175104K)] 524758K->467408K(699392K), 0.0108975 secs] [Times: user=0.08 sys=0.01, real=0.01 secs] 
2016-09-15T12:10:03.402-0400: 215.216: [GC (GCLocker Initiated GC) [PSYoungGen: 155565K->85890K(175104K)] 555609K->492097K(699392K), 0.0192453 secs] [Times: user=0.22 sys=0.00, real=0.02 secs] 
2016-09-15T12:10:03.522-0400: 215.335: [GC (GCLocker Initiated GC) [PSYoungGen: 173954K->55447K(175104K)] 580280K->534989K(699392K), 0.0117292 secs] [Times: user=0.14 sys=0.01, real=0.01 secs] 
2016-09-15T12:10:03.533-0400: 215.347: [Full GC (Ergonomics) [PSYoungGen: 55447K->0K(175104K)] [ParOldGen: 479542K->54030K(524288K)] 534989K->54030K(699392K), [Metaspace: 44540K->44540K(1087488K)], 0.0545677 secs] [Times: user=0.34 sys=0.01, real=0.06 secs] 
2016-09-15T12:10:03.719-0400: 215.533: [GC (GCLocker Initiated GC) [PSYoungGen: 88064K->86374K(175104K)] 148401K->152786K(699392K), 0.0100133 secs] [Times: user=0.15 sys=0.00, real=0.01 secs] 
2016-09-15T12:10:03.844-0400: 215.658: [GC (GCLocker Initiated GC) [PSYoungGen: 174438K->73672K(175104K)] 241070K->177802K(699392K), 0.0135303 secs] [Times: user=0.20 sys=0.00, real=0.02 secs] 
2016-09-15T12:10:03.973-0400: 215.787: [GC (Allocation Failure) [PSYoungGen: 161736K->73640K(175104K)] 265952K->214450K(699392K), 0.0108462 secs] [Times: user=0.13 sys=0.00, real=0.01 secs] 
2016-09-15T12:10:04.080-0400: 215.894: [GC (GCLocker Initiated GC) [PSYoungGen: 156585K->61594K(175104K)] 303470K->238965K(699392K), 0.0247335 secs] [Times: user=0.19 sys=0.01, real=0.02 secs] 
2016-09-15T12:10:04.217-0400: 216.031: [GC (GCLocker Initiated GC) [PSYoungGen: 149658K->73608K(175104K)] 327261K->269696K(699392K), 0.0174547 secs] [Times: user=0.20 sys=0.00, real=0.01 secs] 
2016-09-15T12:10:04.338-0400: 216.152: [GC (Allocation Failure) [PSYoungGen: 161672K->67601K(175104K)] 370097K->294346K(699392K), 0.0320804 secs] [Times: user=0.41 sys=0.00, real=0.03 secs] 
2016-09-15T12:10:04.473-0400: 216.287: [GC (GCLocker Initiated GC) [PSYoungGen: 153914K->30955K(175104K)] 386734K->312635K(699392K), 0.0083878 secs] [Times: user=0.07 sys=0.00, real=0.01 secs] 
2016-09-15T12:10:04.610-0400: 216.424: [GC (GCLocker Initiated GC) [PSYoungGen: 119019K->85790K(175104K)] 400848K->392046K(699392K), 0.0107586 secs] [Times: user=0.13 sys=0.01, real=0.01 secs] 
2016-09-15T12:10:04.733-0400: 216.546: [GC (GCLocker Initiated GC) [PSYoungGen: 173854K->61458K(175104K)] 480114K->404287K(699392K), 0.0093833 secs] [Times: user=0.08 sys=0.00, real=0.01 secs] 
2016-09-15T12:10:04.863-0400: 216.677: [GC (GCLocker Initiated GC) [PSYoungGen: 149522K->73508K(175104K)] 492494K->453253K(699392K), 0.0155415 secs] [Times: user=0.21 sys=0.00, real=0.02 secs] 
2016-09-15T12:10:04.984-0400: 216.798: [GC (Allocation Failure) [PSYoungGen: 161572K->79783K(175104K)] 541493K->478073K(699392K), 0.0096552 secs] [Times: user=0.10 sys=0.00, real=0.01 secs] 
2016-09-15T12:10:05.089-0400: 216.903: [GC (GCLocker Initiated GC) [PSYoungGen: 167847K->61590K(175104K)] 566137K->496817K(699392K), 0.0101367 secs] [Times: user=0.12 sys=0.01, real=0.01 secs] 
2016-09-15T12:10:05.211-0400: 217.024: [GC (GCLocker Initiated GC) [PSYoungGen: 149654K->79555K(175104K)] 584974K->533360K(699392K), 0.0093806 secs] [Times: user=0.08 sys=0.00, real=0.01 secs] 
2016-09-15T12:10:05.349-0400: 217.163: [Full GC (Ergonomics) [PSYoungGen: 167619K->0K(175104K)] [ParOldGen: 466057K->48503K(524288K)] 633676K->48503K(699392K), [Metaspace: 44540K->44540K(1087488K)], 0.0767173 secs] [Times: user=0.52 sys=0.01, real=0.07 secs] 
2016-09-15T12:10:05.552-0400: 217.366: [GC (GCLocker Initiated GC) [PSYoungGen: 88064K->86178K(175104K)] 136598K->140787K(699392K), 0.0097608 secs] [Times: user=0.13 sys=0.00, real=0.01 secs] 
2016-09-15T12:10:05.677-0400: 217.491: [GC (GCLocker Initiated GC) [PSYoungGen: 174242K->85626K(175104K)] 229033K->207945K(699392K), 0.0125882 secs] [Times: user=0.18 sys=0.00, real=0.01 secs] 
2016-09-15T12:10:05.813-0400: 217.626: [GC (GCLocker Initiated GC) [PSYoungGen: 173690K->55579K(175104K)] 308364K->190380K(699392K), 0.0135498 secs] [Times: user=0.16 sys=0.01, real=0.01 secs] 
2016-09-15T12:10:05.928-0400: 217.742: [GC (GCLocker Initiated GC) [PSYoungGen: 143643K->80143K(175104K)] 284544K->221312K(699392K), 0.0137986 secs] [Times: user=0.14 sys=0.00, real=0.01 secs] 
2016-09-15T12:10:06.055-0400: 217.869: [GC (Allocation Failure) [PSYoungGen: 168207K->73640K(175104K)] 315705K->294362K(699392K), 0.0310035 secs] [Times: user=0.35 sys=0.00, real=0.03 secs] 
2016-09-15T12:10:06.197-0400: 218.011: [GC (GCLocker Initiated GC) [PSYoungGen: 161700K->73576K(175104K)] 382428K->312648K(699392K), 0.0107528 secs] [Times: user=0.10 sys=0.00, real=0.01 secs] 
2016-09-15T12:10:06.315-0400: 218.129: [GC (GCLocker Initiated GC) [PSYoungGen: 161640K->73868K(175104K)] 401073K->337720K(699392K), 0.0310832 secs] [Times: user=0.43 sys=0.00, real=0.03 secs] 
2016-09-15T12:10:06.452-0400: 218.266: [GC (Allocation Failure) [PSYoungGen: 161932K->85854K(175104K)] 426140K->374661K(699392K), 0.0120730 secs] [Times: user=0.19 sys=0.01, real=0.01 secs] 
2016-09-15T12:10:06.573-0400: 218.387: [GC (GCLocker Initiated GC) [PSYoungGen: 170997K->25171K(175104K)] 465880K->338359K(699392K), 0.0105588 secs] [Times: user=0.08 sys=0.00, real=0.01 secs] 
2016-09-15T12:10:06.689-0400: 218.503: [GC (GCLocker Initiated GC) [PSYoungGen: 113235K->73672K(175104K)] 426660K->405973K(699392K), 0.0106169 secs] [Times: user=0.14 sys=0.00, real=0.01 secs] 
2016-09-15T12:10:06.813-0400: 218.627: [GC (GCLocker Initiated GC) [PSYoungGen: 161736K->86050K(175104K)] 494218K->443148K(699392K), 0.0103914 secs] [Times: user=0.16 sys=0.00, real=0.01 secs] 
2016-09-15T12:10:06.938-0400: 218.752: [GC (GCLocker Initiated GC) [PSYoungGen: 174114K->85854K(175104K)] 543409K->479905K(699392K), 0.0173628 secs] [Times: user=0.24 sys=0.00, real=0.02 secs] 
2016-09-15T12:10:07.082-0400: 218.895: [GC (GCLocker Initiated GC) [PSYoungGen: 173918K->67437K(175104K)] 568100K->534655K(699392K), 0.0129831 secs] [Times: user=0.15 sys=0.00, real=0.01 secs] 
2016-09-15T12:10:07.095-0400: 218.909: [Full GC (Ergonomics) [PSYoungGen: 67437K->0K(175104K)] [ParOldGen: 467217K->48146K(524288K)] 534655K->48146K(699392K), [Metaspace: 44543K->44543K(1087488K)], 0.0544126 secs] [Times: user=0.36 sys=0.01, real=0.06 secs] 
2016-09-15T12:10:07.246-0400: 219.060: [GC (GCLocker Initiated GC) [PSYoungGen: 88064K->86078K(175104K)] 142507K->146596K(699392K), 0.0100813 secs] [Times: user=0.12 sys=0.00, real=0.02 secs] 
2016-09-15T12:10:07.372-0400: 219.185: [GC (Allocation Failure) [PSYoungGen: 174142K->79979K(175104K)] 234897K->177732K(699392K), 0.0104432 secs] [Times: user=0.12 sys=0.00, real=0.01 secs] 
2016-09-15T12:10:07.466-0400: 219.280: [GC (GCLocker Initiated GC) [PSYoungGen: 162659K->61522K(175104K)] 266487K->202255K(699392K), 0.0135130 secs] [Times: user=0.16 sys=0.00, real=0.02 secs] 
2016-09-15T12:10:07.602-0400: 219.416: [GC (GCLocker Initiated GC) [PSYoungGen: 149586K->85922K(175104K)] 302505K->238977K(699392K), 0.0117186 secs] [Times: user=0.15 sys=0.00, real=0.01 secs] 
2016-09-15T12:10:07.751-0400: 219.565: [GC (Allocation Failure) [PSYoungGen: 173986K->49340K(175104K)] 333169K->257446K(699392K), 0.0078376 secs] [Times: user=0.07 sys=0.01, real=0.01 secs] 
2016-09-15T12:10:07.870-0400: 219.683: [GC (GCLocker Initiated GC) [PSYoungGen: 137404K->73380K(175104K)] 345517K->312167K(699392K), 0.0099555 secs] [Times: user=0.08 sys=0.00, real=0.01 secs] 
2016-09-15T12:10:07.979-0400: 219.793: [GC (GCLocker Initiated GC) [PSYoungGen: 161444K->85698K(175104K)] 400408K->324757K(699392K), 0.0167580 secs] [Times: user=0.14 sys=0.00, real=0.02 secs] 
2016-09-15T12:10:08.091-0400: 219.905: [GC (GCLocker Initiated GC) [PSYoungGen: 173762K->49248K(175104K)] 412997K->325200K(699392K), 0.0111358 secs] [Times: user=0.07 sys=0.00, real=0.01 secs] 
2016-09-15T12:10:08.229-0400: 220.043: [GC (GCLocker Initiated GC) [PSYoungGen: 137312K->73284K(175104K)] 419477K->361776K(699392K), 0.0321054 secs] [Times: user=0.34 sys=0.01, real=0.03 secs] 
2016-09-15T12:10:08.371-0400: 220.185: [GC (GCLocker Initiated GC) [PSYoungGen: 161348K->79719K(175104K)] 449921K->368403K(699392K), 0.0216014 secs] [Times: user=0.23 sys=0.00, real=0.02 secs] 
2016-09-15T12:10:08.499-0400: 220.312: [GC (GCLocker Initiated GC) [PSYoungGen: 167783K->61362K(175104K)] 462785K->399141K(699392K), 0.0144008 secs] [Times: user=0.14 sys=0.00, real=0.01 secs] 
2016-09-15T12:10:08.640-0400: 220.454: [GC (GCLocker Initiated GC) [PSYoungGen: 149426K->67473K(175104K)] 487459K->405766K(699392K), 0.0294019 secs] [Times: user=0.28 sys=0.00, real=0.03 secs] 
2016-09-15T12:10:08.786-0400: 220.599: [GC (GCLocker Initiated GC) [PSYoungGen: 155537K->43073K(175104K)] 494068K->406163K(699392K), 0.0113092 secs] [Times: user=0.10 sys=0.00, real=0.02 secs] 
2016-09-15T12:10:08.901-0400: 220.714: [GC (Allocation Failure) [PSYoungGen: 131137K->55447K(175104K)] 500523K->455352K(699392K), 0.0255954 secs] [Times: user=0.27 sys=0.00, real=0.02 secs] 
2016-09-15T12:10:09.048-0400: 220.862: [GC (GCLocker Initiated GC) [PSYoungGen: 143511K->73644K(175104K)] 543421K->473821K(699392K), 0.0247462 secs] [Times: user=0.23 sys=0.00, real=0.02 secs] 
2016-09-15T12:10:09.220-0400: 221.034: [GC (GCLocker Initiated GC) [PSYoungGen: 161708K->85726K(175104K)] 568038K->535193K(699392K), 0.0106698 secs] [Times: user=0.11 sys=0.00, real=0.01 secs] 
2016-09-15T12:10:09.340-0400: 221.154: [GC (GCLocker Initiated GC) [PSYoungGen: 173790K->67569K(175104K)] 623512K->541858K(699392K), 0.0242960 secs] [Times: user=0.25 sys=0.00, real=0.02 secs] 
2016-09-15T12:10:09.365-0400: 221.178: [Full GC (Ergonomics) [PSYoungGen: 67569K->0K(175104K)] [ParOldGen: 474289K->48418K(524288K)] 541858K->48418K(699392K), [Metaspace: 44543K->44543K(1087488K)], 0.0623763 secs] [Times: user=0.39 sys=0.02, real=0.06 secs] 
2016-09-15T12:10:09.556-0400: 221.370: [GC (Allocation Failure) [PSYoungGen: 88064K->86014K(175104K)] 136517K->140543K(699392K), 0.0126689 secs] [Times: user=0.15 sys=0.01, real=0.01 secs] 
2016-09-15T12:10:09.701-0400: 221.514: [GC (GCLocker Initiated GC) [PSYoungGen: 174078K->49212K(175104K)] 228612K->146811K(699392K), 0.0124725 secs] [Times: user=0.11 sys=0.00, real=0.01 secs] 
2016-09-15T12:10:09.830-0400: 221.644: [GC (GCLocker Initiated GC) [PSYoungGen: 137276K->85530K(175104K)] 235001K->219996K(699392K), 0.0331187 secs] [Times: user=0.40 sys=0.01, real=0.03 secs] 
2016-09-15T12:10:09.975-0400: 221.789: [GC (GCLocker Initiated GC) [PSYoungGen: 173594K->55451K(175104K)] 314194K->238688K(699392K), 0.0325462 secs] [Times: user=0.36 sys=0.01, real=0.04 secs] 
2016-09-15T12:10:10.138-0400: 221.952: [GC (GCLocker Initiated GC) [PSYoungGen: 143515K->43432K(175104K)] 333014K->233199K(699392K), 0.0168974 secs] [Times: user=0.18 sys=0.00, real=0.01 secs] 
2016-09-15T12:10:10.295-0400: 222.109: [GC (GCLocker Initiated GC) [PSYoungGen: 131496K->73640K(175104K)] 327477K->288277K(699392K), 0.0086061 secs] [Times: user=0.08 sys=0.00, real=0.01 secs] 
2016-09-15T12:10:10.442-0400: 222.255: [GC (GCLocker Initiated GC) [PSYoungGen: 161704K->73772K(175104K)] 382536K->312964K(699392K), 0.0232124 secs] [Times: user=0.31 sys=0.00, real=0.02 secs] 
2016-09-15T12:10:10.574-0400: 222.388: [GC (GCLocker Initiated GC) [PSYoungGen: 161836K->43073K(175104K)] 401165K->319128K(699392K), 0.0190455 secs] [Times: user=0.18 sys=0.00, real=0.02 secs] 
2016-09-15T12:10:10.715-0400: 222.529: [GC (GCLocker Initiated GC) [PSYoungGen: 131137K->85790K(175104K)] 407368K->398599K(699392K), 0.0117392 secs] [Times: user=0.14 sys=0.00, real=0.01 secs] 
2016-09-15T12:10:10.817-0400: 222.630: [GC (GCLocker Initiated GC) [PSYoungGen: 173854K->67693K(175104K)] 486783K->453813K(699392K), 0.0156167 secs] [Times: user=0.22 sys=0.00, real=0.01 secs] 
2016-09-15T12:10:10.956-0400: 222.770: [GC (GCLocker Initiated GC) [PSYoungGen: 155757K->55383K(175104K)] 548073K->478381K(699392K), 0.0106767 secs] [Times: user=0.12 sys=0.00, real=0.00 secs] 
2016-09-15T12:10:11.100-0400: 222.913: [GC (GCLocker Initiated GC) [PSYoungGen: 143447K->55583K(175104K)] 566801K->497273K(699392K), 0.0090255 secs] [Times: user=0.09 sys=0.01, real=0.01 secs] 
2016-09-15T12:10:11.257-0400: 223.071: [GC (GCLocker Initiated GC) [PSYoungGen: 143647K->85594K(175104K)] 591465K->533508K(699392K), 0.0096093 secs] [Times: user=0.10 sys=0.00, real=0.00 secs] 
2016-09-15T12:10:11.404-0400: 223.218: [Full GC (Ergonomics) [PSYoungGen: 173658K->0K(175104K)] [ParOldGen: 460179K->53154K(524288K)] 633837K->53154K(699392K), [Metaspace: 44544K->44544K(1087488K)], 0.0651269 secs] [Times: user=0.40 sys=0.01, real=0.07 secs] 
2016-09-15T12:10:11.592-0400: 223.405: [GC (GCLocker Initiated GC) [PSYoungGen: 88064K->86114K(175104K)] 141321K->151521K(699392K), 0.0085975 secs] [Times: user=0.08 sys=0.00, real=0.01 secs] 
2016-09-15T12:10:11.717-0400: 223.531: [GC (GCLocker Initiated GC) [PSYoungGen: 174178K->61622K(175104K)] 239783K->188525K(699392K), 0.0200158 secs] [Times: user=0.22 sys=0.00, real=0.02 secs] 
2016-09-15T12:10:11.844-0400: 223.658: [GC (GCLocker Initiated GC) [PSYoungGen: 149686K->73740K(175104K)] 276760K->219470K(699392K), 0.0169354 secs] [Times: user=0.19 sys=0.00, real=0.02 secs] 
2016-09-15T12:10:11.991-0400: 223.804: [GC (GCLocker Initiated GC) [PSYoungGen: 161804K->67501K(175104K)] 307794K->231828K(699392K), 0.0098345 secs] [Times: user=0.11 sys=0.00, real=0.01 secs] 
2016-09-15T12:10:12.125-0400: 223.939: [GC (GCLocker Initiated GC) [PSYoungGen: 155565K->73772K(175104K)] 320219K->274988K(699392K), 0.0155765 secs] [Times: user=0.19 sys=0.00, real=0.02 secs] 
2016-09-15T12:10:12.272-0400: 224.086: [GC (Allocation Failure) [PSYoungGen: 161836K->55415K(175104K)] 363296K->305602K(699392K), 0.0170647 secs] [Times: user=0.22 sys=0.00, real=0.02 secs] 
2016-09-15T12:10:12.290-0400: 224.103: [GC (GCLocker Initiated GC) [PSYoungGen: 55726K->224K(175104K)] 305914K->305636K(699392K), 0.0094231 secs] [Times: user=0.11 sys=0.01, real=0.01 secs] 
2016-09-15T12:10:12.433-0400: 224.247: [GC (GCLocker Initiated GC) [PSYoungGen: 84326K->80363K(175104K)] 395813K->391858K(699392K), 0.0159584 secs] [Times: user=0.16 sys=0.00, real=0.02 secs] 
2016-09-15T12:10:12.554-0400: 224.368: [GC (GCLocker Initiated GC) [PSYoungGen: 168427K->67533K(175104K)] 480289K->428963K(699392K), 0.0159103 secs] [Times: user=0.18 sys=0.00, real=0.02 secs] 
2016-09-15T12:10:12.694-0400: 224.508: [GC (GCLocker Initiated GC) [PSYoungGen: 155597K->37517K(175104K)] 529258K->466005K(699392K), 0.0160163 secs] [Times: user=0.20 sys=0.00, real=0.02 secs] 
2016-09-15T12:10:12.840-0400: 224.653: [GC (Allocation Failure) [PSYoungGen: 125581K->55027K(175104K)] 560410K->490098K(699392K), 0.0145492 secs] [Times: user=0.18 sys=0.00, real=0.01 secs] 
2016-09-15T12:10:12.976-0400: 224.790: [GC (Allocation Failure) [PSYoungGen: 143091K->55547K(175104K)] 578162K->490754K(699392K), 0.0095564 secs] [Times: user=0.12 sys=0.01, real=0.00 secs] 
2016-09-15T12:10:13.100-0400: 224.913: [GC (GCLocker Initiated GC) [PSYoungGen: 143611K->73412K(175104K)] 578818K->509074K(699392K), 0.0088981 secs] [Times: user=0.10 sys=0.00, real=0.01 secs] 
2016-09-15T12:10:13.265-0400: 225.079: [GC (GCLocker Initiated GC) [PSYoungGen: 161476K->85626K(175104K)] 597326K->539861K(699392K), 0.0186808 secs] [Times: user=0.23 sys=0.00, real=0.02 secs] 
2016-09-15T12:10:13.284-0400: 225.098: [Full GC (Ergonomics) [PSYoungGen: 85626K->0K(175104K)] [ParOldGen: 454234K->47083K(524288K)] 539861K->47083K(699392K), [Metaspace: 44544K->44544K(1087488K)], 0.0627352 secs] [Times: user=0.42 sys=0.02, real=0.06 secs] 
2016-09-15T12:10:13.454-0400: 225.268: [GC (Allocation Failure) [PSYoungGen: 88064K->86182K(175104K)] 141369K->145563K(699392K), 0.0110531 secs] [Times: user=0.08 sys=0.00, real=0.01 secs] 
2016-09-15T12:10:13.466-0400: 225.279: [GC (GCLocker Initiated GC) [PSYoungGen: 86200K->160K(175104K)] 145581K->169886K(699392K), 0.0091600 secs] [Times: user=0.10 sys=0.00, real=0.01 secs] 
2016-09-15T12:10:13.598-0400: 225.411: [GC (GCLocker Initiated GC) [PSYoungGen: 88224K->67537K(175104K)] 257956K->237269K(699392K), 0.0067544 secs] [Times: user=0.06 sys=0.00, real=0.00 secs] 
2016-09-15T12:10:13.695-0400: 225.509: [GC (Allocation Failure) [PSYoungGen: 155601K->42977K(175104K)] 325622K->262053K(699392K), 0.0192113 secs] [Times: user=0.22 sys=0.01, real=0.02 secs] 
2016-09-15T12:10:13.847-0400: 225.661: [GC (GCLocker Initiated GC) [PSYoungGen: 128281K->43009K(175104K)] 353433K->286637K(699392K), 0.0182167 secs] [Times: user=0.15 sys=0.01, real=0.02 secs] 
2016-09-15T12:10:14.010-0400: 225.824: [GC (GCLocker Initiated GC) [PSYoungGen: 131073K->67305K(175104K)] 380890K->317414K(699392K), 0.0128027 secs] [Times: user=0.16 sys=0.00, real=0.01 secs] 
2016-09-15T12:10:14.116-0400: 225.930: [GC (GCLocker Initiated GC) [PSYoungGen: 155369K->73772K(175104K)] 405840K->354754K(699392K), 0.0102835 secs] [Times: user=0.12 sys=0.00, real=0.00 secs] 
2016-09-15T12:10:14.248-0400: 226.062: [GC (Allocation Failure) [PSYoungGen: 161836K->73640K(175104K)] 454997K->385286K(699392K), 0.0093287 secs] [Times: user=0.10 sys=0.00, real=0.01 secs] 
2016-09-15T12:10:14.393-0400: 226.207: [GC (GCLocker Initiated GC) [PSYoungGen: 157616K->55251K(175104K)] 475337K->409573K(699392K), 0.0103644 secs] [Times: user=0.13 sys=0.00, real=0.01 secs] 
2016-09-15T12:10:14.518-0400: 226.331: [GC (GCLocker Initiated GC) [PSYoungGen: 143315K->73772K(175104K)] 504073K->434666K(699392K), 0.0138903 secs] [Times: user=0.14 sys=0.01, real=0.01 secs] 
2016-09-15T12:10:14.658-0400: 226.472: [GC (GCLocker Initiated GC) [PSYoungGen: 161836K->67469K(175104K)] 523476K->447626K(699392K), 0.0158309 secs] [Times: user=0.20 sys=0.00, real=0.01 secs] 
2016-09-15T12:10:14.813-0400: 226.627: [GC (GCLocker Initiated GC) [PSYoungGen: 155531K->55255K(175104K)] 542107K->442082K(699392K), 0.0079381 secs] [Times: user=0.05 sys=0.00, real=0.01 secs] 
2016-09-15T12:10:14.962-0400: 226.776: [GC (GCLocker Initiated GC) [PSYoungGen: 143319K->19000K(175104K)] 548637K->442827K(699392K), 0.0078188 secs] [Times: user=0.05 sys=0.01, real=0.01 secs] 
2016-09-15T12:10:15.091-0400: 226.904: [GC (GCLocker Initiated GC) [PSYoungGen: 107064K->67501K(175104K)] 531252K->491979K(699392K), 0.0092737 secs] [Times: user=0.08 sys=0.00, real=0.01 secs] 
2016-09-15T12:10:15.252-0400: 227.066: [GC (Allocation Failure) [PSYoungGen: 155565K->55191K(175104K)] 580820K->498759K(699392K), 0.0177533 secs] [Times: user=0.18 sys=0.00, real=0.02 secs] 
2016-09-15T12:10:15.401-0400: 227.215: [GC (GCLocker Initiated GC) [PSYoungGen: 138312K->36966K(175104K)] 587955K->505085K(699392K), 0.0282749 secs] [Times: user=0.30 sys=0.00, real=0.03 secs] 
2016-09-15T12:10:15.430-0400: 227.243: [Full GC (Ergonomics) [PSYoungGen: 36966K->0K(175104K)] [ParOldGen: 468119K->47298K(524288K)] 505085K->47298K(699392K), [Metaspace: 44544K->44544K(1087488K)], 0.0555251 secs] [Times: user=0.27 sys=0.01, real=0.05 secs] 
2016-09-15T12:10:15.617-0400: 227.431: [GC (GCLocker Initiated GC) [PSYoungGen: 88064K->86182K(175104K)] 147873K->158141K(699392K), 0.0144309 secs] [Times: user=0.15 sys=0.00, real=0.01 secs] 
2016-09-15T12:10:15.745-0400: 227.558: [GC (GCLocker Initiated GC) [PSYoungGen: 174246K->43173K(175104K)] 246348K->158057K(699392K), 0.0202161 secs] [Times: user=0.18 sys=0.00, real=0.02 secs] 
2016-09-15T12:10:15.868-0400: 227.681: [GC (GCLocker Initiated GC) [PSYoungGen: 131237K->61394K(175104K)] 246146K->249487K(699392K), 0.0109811 secs] [Times: user=0.12 sys=0.00, real=0.02 secs] 
2016-09-15T12:10:16.032-0400: 227.846: [GC (GCLocker Initiated GC) [PSYoungGen: 149458K->55383K(175104K)] 337552K->280219K(699392K), 0.0147780 secs] [Times: user=0.17 sys=0.00, real=0.01 secs] 
2016-09-15T12:10:16.131-0400: 227.945: [GC (GCLocker Initiated GC) [PSYoungGen: 143447K->85594K(175104K)] 368448K->310911K(699392K), 0.0239436 secs] [Times: user=0.28 sys=0.00, real=0.02 secs] 
2016-09-15T12:10:16.258-0400: 228.072: [GC (GCLocker Initiated GC) [PSYoungGen: 173658K->49443K(175104K)] 399017K->329573K(699392K), 0.0230882 secs] [Times: user=0.19 sys=0.00, real=0.02 secs] 
2016-09-15T12:10:16.388-0400: 228.202: [GC (GCLocker Initiated GC) [PSYoungGen: 137507K->24979K(175104K)] 417938K->384677K(699392K), 0.0216981 secs] [Times: user=0.22 sys=0.00, real=0.02 secs] 
2016-09-15T12:10:16.526-0400: 228.340: [GC (Allocation Failure) [PSYoungGen: 113043K->48952K(175104K)] 472794K->427194K(699392K), 0.0126850 secs] [Times: user=0.13 sys=0.00, real=0.02 secs] 
2016-09-15T12:10:16.657-0400: 228.471: [GC (GCLocker Initiated GC) [PSYoungGen: 137016K->67469K(175104K)] 515264K->482287K(699392K), 0.0099733 secs] [Times: user=0.10 sys=0.00, real=0.00 secs] 
2016-09-15T12:10:16.803-0400: 228.617: [GC (GCLocker Initiated GC) [PSYoungGen: 155533K->73448K(175104K)] 570393K->506824K(699392K), 0.0130832 secs] [Times: user=0.13 sys=0.01, real=0.02 secs] 
2016-09-15T12:10:16.909-0400: 228.723: [GC (GCLocker Initiated GC) [PSYoungGen: 161512K->85626K(175104K)] 595070K->568060K(699392K), 0.0111919 secs] [Times: user=0.12 sys=0.00, real=0.01 secs] 
2016-09-15T12:10:16.920-0400: 228.734: [Full GC (Ergonomics) [PSYoungGen: 85626K->0K(175104K)] [ParOldGen: 482434K->53282K(524288K)] 568060K->53282K(699392K), [Metaspace: 44547K->44547K(1087488K)], 0.0731715 secs] [Times: user=0.51 sys=0.02, real=0.07 secs] 
2016-09-15T12:10:17.131-0400: 228.944: [GC (GCLocker Initiated GC) [PSYoungGen: 88062K->62074K(175104K)] 141689K->115700K(699392K), 0.0094717 secs] [Times: user=0.09 sys=0.00, real=0.01 secs] 
2016-09-15T12:10:17.248-0400: 229.062: [GC (GCLocker Initiated GC) [PSYoungGen: 150138K->73736K(175104K)] 210038K->152737K(699392K), 0.0090382 secs] [Times: user=0.11 sys=0.00, real=0.01 secs] 
2016-09-15T12:10:17.381-0400: 229.194: [GC (GCLocker Initiated GC) [PSYoungGen: 161800K->73904K(175104K)] 240910K->153141K(699392K), 0.0116593 secs] [Times: user=0.15 sys=0.00, real=0.01 secs] 
2016-09-15T12:10:17.506-0400: 229.320: [GC (GCLocker Initiated GC) [PSYoungGen: 161968K->85822K(175104K)] 241360K->208038K(699392K), 0.0124311 secs] [Times: user=0.19 sys=0.00, real=0.02 secs] 
2016-09-15T12:10:17.664-0400: 229.478: [GC (GCLocker Initiated GC) [PSYoungGen: 173886K->43365K(175104K)] 308585K->220668K(699392K), 0.0112002 secs] [Times: user=0.08 sys=0.00, real=0.01 secs] 
2016-09-15T12:10:17.806-0400: 229.620: [GC (GCLocker Initiated GC) [PSYoungGen: 131429K->85694K(175104K)] 308858K->275697K(699392K), 0.0231683 secs] [Times: user=0.27 sys=0.00, real=0.03 secs] 
2016-09-15T12:10:17.928-0400: 229.741: [GC (GCLocker Initiated GC) [PSYoungGen: 173758K->55383K(175104K)] 363768K->300204K(699392K), 0.0244416 secs] [Times: user=0.28 sys=0.00, real=0.03 secs] 
2016-09-15T12:10:18.072-0400: 229.886: [GC (GCLocker Initiated GC) [PSYoungGen: 143447K->85762K(175104K)] 388444K->361425K(699392K), 0.0250241 secs] [Times: user=0.26 sys=0.00, real=0.03 secs] 
2016-09-15T12:10:18.245-0400: 230.059: [GC (GCLocker Initiated GC) [PSYoungGen: 173826K->49180K(175104K)] 450152K->344138K(699392K), 0.0137825 secs] [Times: user=0.16 sys=0.00, real=0.02 secs] 
2016-09-15T12:10:18.382-0400: 230.196: [GC (GCLocker Initiated GC) [PSYoungGen: 137244K->73480K(175104K)] 432513K->368993K(699392K), 0.0087517 secs] [Times: user=0.07 sys=0.00, real=0.01 secs] 
2016-09-15T12:10:18.501-0400: 230.315: [GC (GCLocker Initiated GC) [PSYoungGen: 161544K->85854K(175104K)] 463219K->424130K(699392K), 0.0107907 secs] [Times: user=0.15 sys=0.01, real=0.01 secs] 
2016-09-15T12:10:18.642-0400: 230.455: [GC (Allocation Failure) [PSYoungGen: 173918K->67537K(175104K)] 512550K->418406K(699392K), 0.0145253 secs] [Times: user=0.14 sys=0.00, real=0.02 secs] 
2016-09-15T12:10:18.771-0400: 230.585: [GC (GCLocker Initiated GC) [PSYoungGen: 155601K->55191K(175104K)] 506476K->442767K(699392K), 0.0160843 secs] [Times: user=0.16 sys=0.00, real=0.01 secs] 
2016-09-15T12:10:18.916-0400: 230.730: [GC (GCLocker Initiated GC) [PSYoungGen: 143255K->55287K(175104K)] 530951K->461328K(699392K), 0.0097683 secs] [Times: user=0.09 sys=0.00, real=0.00 secs] 
2016-09-15T12:10:19.058-0400: 230.872: [GC (GCLocker Initiated GC) [PSYoungGen: 143351K->55223K(175104K)] 549943K->480323K(699392K), 0.0139250 secs] [Times: user=0.14 sys=0.00, real=0.01 secs] 
2016-09-15T12:10:19.163-0400: 230.977: [GC (GCLocker Initiated GC) [PSYoungGen: 143287K->73480K(175104K)] 568670K->541680K(699392K), 0.0139282 secs] [Times: user=0.14 sys=0.00, real=0.02 secs] 
2016-09-15T12:10:19.177-0400: 230.991: [Full GC (Ergonomics) [PSYoungGen: 73480K->0K(175104K)] [ParOldGen: 468199K->47627K(524288K)] 541680K->47627K(699392K), [Metaspace: 44548K->44548K(1087488K)], 0.0653687 secs] [Times: user=0.35 sys=0.02, real=0.06 secs] 
2016-09-15T12:10:19.355-0400: 231.169: [GC (GCLocker Initiated GC) [PSYoungGen: 88064K->80071K(175104K)] 141897K->133904K(699392K), 0.0075965 secs] [Times: user=0.06 sys=0.00, real=0.01 secs] 
2016-09-15T12:10:19.506-0400: 231.320: [GC (GCLocker Initiated GC) [PSYoungGen: 168135K->30727K(175104K)] 228046K->127760K(699392K), 0.0190677 secs] [Times: user=0.21 sys=0.00, real=0.02 secs] 
2016-09-15T12:10:19.679-0400: 231.493: [GC (GCLocker Initiated GC) [PSYoungGen: 118791K->37421K(175104K)] 228189K->146908K(699392K), 0.0098803 secs] [Times: user=0.08 sys=0.01, real=0.01 secs] 
2016-09-15T12:10:19.831-0400: 231.645: [GC (Allocation Failure) [PSYoungGen: 125485K->55223K(175104K)] 235074K->164891K(699392K), 0.0427244 secs] [Times: user=0.45 sys=0.00, real=0.04 secs] 
2016-09-15T12:10:19.984-0400: 231.798: [GC (Allocation Failure) [PSYoungGen: 143287K->61362K(175104K)] 252955K->189366K(699392K), 0.0099895 secs] [Times: user=0.09 sys=0.00, real=0.01 secs] 
2016-09-15T12:10:20.104-0400: 231.918: [GC (GCLocker Initiated GC) [PSYoungGen: 149426K->55451K(175104K)] 277436K->220022K(699392K), 0.0176498 secs] [Times: user=0.17 sys=0.00, real=0.02 secs] 
2016-09-15T12:10:20.245-0400: 232.059: [GC (GCLocker Initiated GC) [PSYoungGen: 143515K->49180K(175104K)] 308129K->238337K(699392K), 0.0154678 secs] [Times: user=0.14 sys=0.00, real=0.02 secs] 
2016-09-15T12:10:20.370-0400: 232.184: [GC (GCLocker Initiated GC) [PSYoungGen: 137244K->49443K(175104K)] 338700K->305662K(699392K), 0.0227862 secs] [Times: user=0.23 sys=0.00, real=0.02 secs] 
2016-09-15T12:10:20.481-0400: 232.295: [GC (GCLocker Initiated GC) [PSYoungGen: 137507K->61490K(175104K)] 393908K->385014K(699392K), 0.0175803 secs] [Times: user=0.19 sys=0.00, real=0.02 secs] 
2016-09-15T12:10:20.615-0400: 232.429: [GC (GCLocker Initiated GC) [PSYoungGen: 149554K->74068K(175104K)] 473080K->415947K(699392K), 0.0145410 secs] [Times: user=0.17 sys=0.00, real=0.02 secs] 
2016-09-15T12:10:20.740-0400: 232.553: [GC (GCLocker Initiated GC) [PSYoungGen: 162132K->85726K(175104K)] 504344K->446783K(699392K), 0.0249248 secs] [Times: user=0.26 sys=0.00, real=0.02 secs] 
2016-09-15T12:10:20.905-0400: 232.719: [GC (GCLocker Initiated GC) [PSYoungGen: 173790K->55415K(175104K)] 534906K->471309K(699392K), 0.0376736 secs] [Times: user=0.44 sys=0.00, real=0.04 secs] 
2016-09-15T12:10:21.038-0400: 232.852: [GC (GCLocker Initiated GC) [PSYoungGen: 143479K->85890K(175104K)] 559746K->526772K(699392K), 0.0112248 secs] [Times: user=0.12 sys=0.00, real=0.01 secs] 
2016-09-15T12:10:21.179-0400: 232.993: [GC (GCLocker Initiated GC) [PSYoungGen: 173954K->43269K(175104K)] 614912K->520944K(699392K), 0.0157067 secs] [Times: user=0.15 sys=0.01, real=0.01 secs] 
2016-09-15T12:10:21.195-0400: 233.009: [Full GC (Ergonomics) [PSYoungGen: 43269K->0K(175104K)] [ParOldGen: 477675K->47988K(524288K)] 520944K->47988K(699392K), [Metaspace: 44548K->44548K(1087488K)], 0.0844504 secs] [Times: user=0.35 sys=0.01, real=0.09 secs] 
2016-09-15T12:10:21.408-0400: 233.222: [GC (Allocation Failure) [PSYoungGen: 88064K->86146K(175104K)] 142476K->140559K(699392K), 0.0332305 secs] [Times: user=0.40 sys=0.00, real=0.03 secs] 
2016-09-15T12:10:21.572-0400: 233.386: [GC (GCLocker Initiated GC) [PSYoungGen: 174087K->55351K(175104K)] 234575K->140842K(699392K), 0.0087087 secs] [Times: user=0.09 sys=0.00, real=0.01 secs] 
2016-09-15T12:10:21.692-0400: 233.506: [GC (GCLocker Initiated GC) [PSYoungGen: 143415K->55479K(175104K)] 235241K->177824K(699392K), 0.0129024 secs] [Times: user=0.17 sys=0.00, real=0.01 secs] 
2016-09-15T12:10:21.830-0400: 233.643: [GC (GCLocker Initiated GC) [PSYoungGen: 143543K->61821K(175104K)] 266069K->202661K(699392K), 0.0115625 secs] [Times: user=0.08 sys=0.00, real=0.01 secs] 
2016-09-15T12:10:21.944-0400: 233.758: [GC (GCLocker Initiated GC) [PSYoungGen: 149885K->73416K(175104K)] 291036K->233198K(699392K), 0.0115214 secs] [Times: user=0.07 sys=0.00, real=0.02 secs] 
2016-09-15T12:10:22.072-0400: 233.886: [GC (Allocation Failure) [PSYoungGen: 161480K->37094K(175104K)] 321388K->257880K(699392K), 0.0184813 secs] [Times: user=0.20 sys=0.01, real=0.02 secs] 
2016-09-15T12:10:22.203-0400: 234.017: [GC (GCLocker Initiated GC) [PSYoungGen: 125158K->79751K(175104K)] 345950K->324946K(699392K), 0.0253344 secs] [Times: user=0.26 sys=0.00, real=0.03 secs] 
2016-09-15T12:10:22.337-0400: 234.151: [GC (GCLocker Initiated GC) [PSYoungGen: 167815K->61722K(175104K)] 413360K->332030K(699392K), 0.0097792 secs] [Times: user=0.11 sys=0.01, real=0.00 secs] 
2016-09-15T12:10:22.458-0400: 234.272: [GC (GCLocker Initiated GC) [PSYoungGen: 149786K->85854K(175104K)] 420254K->411453K(699392K), 0.0128949 secs] [Times: user=0.18 sys=0.00, real=0.01 secs] 
2016-09-15T12:10:22.590-0400: 234.404: [GC (Allocation Failure) [PSYoungGen: 173918K->43461K(175104K)] 499524K->429976K(699392K), 0.0112409 secs] [Times: user=0.16 sys=0.01, real=0.01 secs] 
2016-09-15T12:10:22.712-0400: 234.526: [GC (GCLocker Initiated GC) [PSYoungGen: 125955K->55155K(175104K)] 518546K->448037K(699392K), 0.0069398 secs] [Times: user=0.09 sys=0.00, real=0.01 secs] 
2016-09-15T12:10:22.860-0400: 234.674: [GC (GCLocker Initiated GC) [PSYoungGen: 143219K->55451K(175104K)] 548590K->460925K(699392K), 0.0092997 secs] [Times: user=0.09 sys=0.00, real=0.01 secs] 
2016-09-15T12:10:22.992-0400: 234.806: [GC (GCLocker Initiated GC) [PSYoungGen: 143515K->55223K(175104K)] 549211K->479404K(699392K), 0.0134010 secs] [Times: user=0.12 sys=0.00, real=0.01 secs] 
2016-09-15T12:10:23.105-0400: 234.919: [GC (GCLocker Initiated GC) [PSYoungGen: 143287K->61494K(175104K)] 573663K->510214K(699392K), 0.0165456 secs] [Times: user=0.13 sys=0.00, real=0.02 secs] 
2016-09-15T12:10:23.244-0400: 235.058: [GC (GCLocker Initiated GC) [PSYoungGen: 149558K->67469K(175104K)] 598388K->577489K(699392K), 0.0201848 secs] [Times: user=0.19 sys=0.01, real=0.02 secs] 
2016-09-15T12:10:23.265-0400: 235.079: [Full GC (Ergonomics) [PSYoungGen: 67469K->0K(175104K)] [ParOldGen: 510020K->54231K(524288K)] 577489K->54231K(699392K), [Metaspace: 44550K->44550K(1087488K)], 0.0573983 secs] [Times: user=0.29 sys=0.01, real=0.06 secs] 
2016-09-15T12:10:23.431-0400: 235.245: [GC (GCLocker Initiated GC) [PSYoungGen: 88064K->80103K(175104K)] 142667K->134706K(699392K), 0.0217702 secs] [Times: user=0.22 sys=0.01, real=0.02 secs] 
2016-09-15T12:10:23.587-0400: 235.401: [GC (GCLocker Initiated GC) [PSYoungGen: 168167K->55319K(175104K)] 222957K->153314K(699392K), 0.0140006 secs] [Times: user=0.13 sys=0.00, real=0.02 secs] 
2016-09-15T12:10:23.725-0400: 235.538: [GC (GCLocker Initiated GC) [PSYoungGen: 143383K->61490K(175104K)] 241598K->165892K(699392K), 0.0279427 secs] [Times: user=0.31 sys=0.02, real=0.03 secs] 
2016-09-15T12:10:23.864-0400: 235.678: [GC (GCLocker Initiated GC) [PSYoungGen: 149554K->55351K(175104K)] 254098K->202524K(699392K), 0.0093338 secs] [Times: user=0.07 sys=0.00, real=0.01 secs] 
2016-09-15T12:10:24.010-0400: 235.824: [GC (GCLocker Initiated GC) [PSYoungGen: 143415K->61494K(150016K)] 302785K->239193K(674304K), 0.0222550 secs] [Times: user=0.23 sys=0.00, real=0.02 secs] 
2016-09-15T12:10:24.120-0400: 235.934: [GC (GCLocker Initiated GC) [PSYoungGen: 149558K->61262K(177152K)] 333448K->312269K(701440K), 0.0223102 secs] [Times: user=0.25 sys=0.00, real=0.02 secs] 
2016-09-15T12:10:24.259-0400: 236.073: [GC (GCLocker Initiated GC) [PSYoungGen: 151886K->79883K(174592K)] 403041K->343315K(698880K), 0.0098496 secs] [Times: user=0.10 sys=0.00, real=0.01 secs] 
2016-09-15T12:10:24.423-0400: 236.237: [GC (GCLocker Initiated GC) [PSYoungGen: 170507K->42877K(175104K)] 446203K->367769K(699392K), 0.0213885 secs] [Times: user=0.21 sys=0.00, real=0.02 secs] 
2016-09-15T12:10:24.577-0400: 236.391: [GC (Allocation Failure) [PSYoungGen: 130941K->30990K(175104K)] 462089K->386535K(699392K), 0.0170582 secs] [Times: user=0.19 sys=0.00, real=0.01 secs] 
2016-09-15T12:10:24.712-0400: 236.525: [GC (GCLocker Initiated GC) [PSYoungGen: 119054K->61494K(175104K)] 474604K->417295K(699392K), 0.0109022 secs] [Times: user=0.09 sys=0.00, real=0.01 secs] 
2016-09-15T12:10:24.886-0400: 236.700: [GC (GCLocker Initiated GC) [PSYoungGen: 149558K->55187K(175104K)] 511756K->435729K(699392K), 0.0266284 secs] [Times: user=0.29 sys=0.00, real=0.03 secs] 
2016-09-15T12:10:25.055-0400: 236.869: [GC (Allocation Failure) [PSYoungGen: 143251K->55027K(171008K)] 530066K->441929K(695296K), 0.0099646 secs] [Times: user=0.09 sys=0.00, real=0.01 secs] 
2016-09-15T12:10:25.157-0400: 236.971: [GC (GCLocker Initiated GC) [PSYoungGen: 143091K->67601K(173056K)] 529999K->454613K(697344K), 0.0170126 secs] [Times: user=0.19 sys=0.00, real=0.01 secs] 
2016-09-15T12:10:25.328-0400: 237.142: [GC (GCLocker Initiated GC) [PSYoungGen: 155665K->43073K(176128K)] 554874K->460930K(700416K), 0.0093359 secs] [Times: user=0.07 sys=0.00, real=0.01 secs] 
2016-09-15T12:10:25.446-0400: 237.260: [GC (GCLocker Initiated GC) [PSYoungGen: 133185K->67601K(158208K)] 557412K->522486K(682496K), 0.0145073 secs] [Times: user=0.13 sys=0.00, real=0.02 secs] 
2016-09-15T12:10:25.460-0400: 237.274: [Full GC (Ergonomics) [PSYoungGen: 67601K->0K(158208K)] [ParOldGen: 454885K->54116K(524288K)] 522486K->54116K(682496K), [Metaspace: 44550K->44550K(1087488K)], 0.0602594 secs] [Times: user=0.34 sys=0.00, real=0.06 secs] 
2016-09-15T12:10:25.630-0400: 237.444: [GC (GCLocker Initiated GC) [PSYoungGen: 90112K->86078K(175104K)] 150576K->189067K(699392K), 0.0107685 secs] [Times: user=0.12 sys=0.01, real=0.01 secs] 
2016-09-15T12:10:25.755-0400: 237.569: [GC (GCLocker Initiated GC) [PSYoungGen: 174142K->61554K(175104K)] 283561K->244453K(699392K), 0.0126295 secs] [Times: user=0.20 sys=0.00, real=0.01 secs] 
2016-09-15T12:10:25.883-0400: 237.697: [GC (GCLocker Initiated GC) [PSYoungGen: 149618K->73804K(175104K)] 332637K->293541K(699392K), 0.0106980 secs] [Times: user=0.10 sys=0.02, real=0.01 secs] 
2016-09-15T12:10:26.014-0400: 237.828: [GC (Allocation Failure) [PSYoungGen: 161868K->79715K(175104K)] 381949K->348556K(699392K), 0.0131772 secs] [Times: user=0.21 sys=0.00, real=0.01 secs] 
2016-09-15T12:10:26.136-0400: 237.950: [GC (GCLocker Initiated GC) [PSYoungGen: 167779K->86477K(175104K)] 436626K->379948K(699392K), 0.0117173 secs] [Times: user=0.19 sys=0.00, real=0.01 secs] 
2016-09-15T12:10:26.275-0400: 238.088: [GC (GCLocker Initiated GC) [PSYoungGen: 174541K->55611K(175104K)] 480214K->398337K(699392K), 0.0099163 secs] [Times: user=0.11 sys=0.00, real=0.01 secs] 
2016-09-15T12:10:26.431-0400: 238.245: [GC (GCLocker Initiated GC) [PSYoungGen: 143675K->73380K(175104K)] 492675K->422679K(699392K), 0.0066764 secs] [Times: user=0.08 sys=0.00, real=0.01 secs] 
2016-09-15T12:10:26.560-0400: 238.373: [GC (Allocation Failure) [PSYoungGen: 161444K->55387K(175104K)] 516899K->447404K(699392K), 0.0100727 secs] [Times: user=0.07 sys=0.00, real=0.01 secs] 
2016-09-15T12:10:26.688-0400: 238.502: [GC (GCLocker Initiated GC) [PSYoungGen: 141013K->30759K(175104K)] 539105K->489876K(699392K), 0.0104693 secs] [Times: user=0.08 sys=0.01, real=0.01 secs] 
2016-09-15T12:10:26.699-0400: 238.513: [Full GC (Ergonomics) [PSYoungGen: 30759K->0K(175104K)] [ParOldGen: 459117K->47558K(524288K)] 489876K->47558K(699392K), [Metaspace: 44552K->44552K(1087488K)], 0.0677538 secs] [Times: user=0.43 sys=0.02, real=0.06 secs] 
2016-09-15T12:10:26.883-0400: 238.697: [GC (GCLocker Initiated GC) [PSYoungGen: 88064K->62013K(175104K)] 141757K->115707K(699392K), 0.0096717 secs] [Times: user=0.08 sys=0.01, real=0.01 secs] 
2016-09-15T12:10:27.023-0400: 238.837: [GC (GCLocker Initiated GC) [PSYoungGen: 150077K->55219K(175104K)] 210005K->164645K(699392K), 0.0151706 secs] [Times: user=0.19 sys=0.01, real=0.02 secs] 
2016-09-15T12:10:27.150-0400: 238.964: [GC (GCLocker Initiated GC) [PSYoungGen: 143283K->73508K(175104K)] 252728K->183081K(699392K), 0.0240338 secs] [Times: user=0.34 sys=0.00, real=0.02 secs] 
2016-09-15T12:10:27.295-0400: 239.108: [GC (Allocation Failure) [PSYoungGen: 161572K->85986K(175104K)] 271187K->256478K(699392K), 0.0118802 secs] [Times: user=0.16 sys=0.00, real=0.01 secs] 
2016-09-15T12:10:27.430-0400: 239.244: [GC (GCLocker Initiated GC) [PSYoungGen: 172821K->43429K(175104K)] 349388K->293196K(699392K), 0.0100386 secs] [Times: user=0.14 sys=0.00, real=0.01 secs] 
2016-09-15T12:10:27.565-0400: 239.379: [GC (GCLocker Initiated GC) [PSYoungGen: 131493K->55319K(175104K)] 381621K->305690K(699392K), 0.0150426 secs] [Times: user=0.16 sys=0.00, real=0.02 secs] 
2016-09-15T12:10:27.688-0400: 239.502: [GC (GCLocker Initiated GC) [PSYoungGen: 143383K->85758K(175104K)] 393902K->366772K(699392K), 0.0109857 secs] [Times: user=0.11 sys=0.00, real=0.01 secs] 
2016-09-15T12:10:27.842-0400: 239.656: [GC (GCLocker Initiated GC) [PSYoungGen: 173822K->79847K(175104K)] 455125K->391637K(699392K), 0.0112711 secs] [Times: user=0.10 sys=0.00, real=0.01 secs] 
2016-09-15T12:10:27.986-0400: 239.800: [GC (Allocation Failure) [PSYoungGen: 167911K->43233K(175104K)] 480056K->386037K(699392K), 0.0071507 secs] [Times: user=0.06 sys=0.00, real=0.01 secs] 
2016-09-15T12:10:28.098-0400: 239.912: [GC (GCLocker Initiated GC) [PSYoungGen: 127592K->49280K(175104K)] 476471K->416463K(699392K), 0.0235071 secs] [Times: user=0.26 sys=0.00, real=0.02 secs] 
2016-09-15T12:10:28.248-0400: 240.062: [GC (Allocation Failure) [PSYoungGen: 137344K->37030K(175104K)] 516937K->435100K(699392K), 0.0189269 secs] [Times: user=0.18 sys=0.00, real=0.01 secs] 
2016-09-15T12:10:28.387-0400: 240.201: [GC (GCLocker Initiated GC) [PSYoungGen: 125094K->74100K(175104K)] 523165K->496599K(699392K), 0.0095171 secs] [Times: user=0.11 sys=0.00, real=0.02 secs] 
2016-09-15T12:10:28.521-0400: 240.335: [GC (GCLocker Initiated GC) [PSYoungGen: 162164K->55223K(175104K)] 584851K->514651K(699392K), 0.0118736 secs] [Times: user=0.10 sys=0.00, real=0.01 secs] 
2016-09-15T12:10:28.533-0400: 240.347: [Full GC (Ergonomics) [PSYoungGen: 55223K->0K(175104K)] [ParOldGen: 459428K->47763K(524288K)] 514651K->47763K(699392K), [Metaspace: 44553K->44553K(1087488K)], 0.0654254 secs] [Times: user=0.37 sys=0.02, real=0.07 secs] 
2016-09-15T12:10:28.723-0400: 240.537: [GC (GCLocker Initiated GC) [PSYoungGen: 88064K->73384K(175104K)] 141950K->127270K(699392K), 0.0091755 secs] [Times: user=0.07 sys=0.01, real=0.01 secs] 
2016-09-15T12:10:28.872-0400: 240.686: [GC (GCLocker Initiated GC) [PSYoungGen: 161448K->73740K(175104K)] 215448K->182706K(699392K), 0.0157141 secs] [Times: user=0.18 sys=0.00, real=0.02 secs] 
2016-09-15T12:10:28.987-0400: 240.801: [GC (GCLocker Initiated GC) [PSYoungGen: 161804K->55219K(175104K)] 270776K->200917K(699392K), 0.0099830 secs] [Times: user=0.09 sys=0.00, real=0.02 secs] 
2016-09-15T12:10:29.104-0400: 240.918: [GC (Allocation Failure) [PSYoungGen: 143283K->67701K(175104K)] 295249K->238027K(699392K), 0.0207025 secs] [Times: user=0.21 sys=0.00, real=0.02 secs] 
2016-09-15T12:10:29.250-0400: 241.064: [GC (GCLocker Initiated GC) [PSYoungGen: 151322K->55123K(175104K)] 327723K->250689K(699392K), 0.0072701 secs] [Times: user=0.08 sys=0.00, real=0.01 secs] 
2016-09-15T12:10:29.396-0400: 241.210: [GC (Allocation Failure) [PSYoungGen: 143187K->61102K(175104K)] 338778K->256788K(699392K), 0.0112778 secs] [Times: user=0.11 sys=0.01, real=0.01 secs] 
2016-09-15T12:10:29.516-0400: 241.329: [GC (GCLocker Initiated GC) [PSYoungGen: 144889K->79783K(175104K)] 346651K->318122K(699392K), 0.0166227 secs] [Times: user=0.16 sys=0.00, real=0.01 secs] 
2016-09-15T12:10:29.640-0400: 241.454: [GC (GCLocker Initiated GC) [PSYoungGen: 167847K->61166K(175104K)] 406901K->336961K(699392K), 0.0206052 secs] [Times: user=0.19 sys=0.00, real=0.02 secs] 
2016-09-15T12:10:29.783-0400: 241.596: [GC (Allocation Failure) [PSYoungGen: 149230K->36738K(175104K)] 431383K->337187K(699392K), 0.0072621 secs] [Times: user=0.06 sys=0.00, real=0.01 secs] 
2016-09-15T12:10:29.895-0400: 241.708: [GC (GCLocker Initiated GC) [PSYoungGen: 121445K->55251K(175104K)] 427970K->361927K(699392K), 0.0068951 secs] [Times: user=0.08 sys=0.00, real=0.01 secs] 
2016-09-15T12:10:30.060-0400: 241.874: [GC (GCLocker Initiated GC) [PSYoungGen: 143315K->37453K(175104K)] 462429K->356695K(699392K), 0.0102132 secs] [Times: user=0.10 sys=0.00, real=0.01 secs] 
2016-09-15T12:10:30.213-0400: 242.027: [GC (GCLocker Initiated GC) [PSYoungGen: 125517K->79391K(175104K)] 444953K->399281K(699392K), 0.0283221 secs] [Times: user=0.27 sys=0.00, real=0.03 secs] 
2016-09-15T12:10:30.349-0400: 242.162: [GC (GCLocker Initiated GC) [PSYoungGen: 167455K->61330K(175104K)] 493709K->418054K(699392K), 0.0280702 secs] [Times: user=0.27 sys=0.00, real=0.03 secs] 
2016-09-15T12:10:30.490-0400: 242.303: [GC (Allocation Failure) [PSYoungGen: 149394K->55419K(175104K)] 506339K->461247K(699392K), 0.0242128 secs] [Times: user=0.23 sys=0.00, real=0.02 secs] 
2016-09-15T12:10:30.621-0400: 242.435: [GC (GCLocker Initiated GC) [PSYoungGen: 143483K->79459K(175104K)] 549317K->509829K(699392K), 0.0119462 secs] [Times: user=0.10 sys=0.00, real=0.01 secs] 
2016-09-15T12:10:30.761-0400: 242.575: [GC (GCLocker Initiated GC) [PSYoungGen: 167523K->37130K(175104K)] 604312K->492240K(699392K), 0.0116892 secs] [Times: user=0.09 sys=0.00, real=0.01 secs] 
2016-09-15T12:10:30.882-0400: 242.696: [Full GC (Ergonomics) [PSYoungGen: 125194K->0K(175104K)] [ParOldGen: 461227K->53981K(524288K)] 586421K->53981K(699392K), [Metaspace: 44557K->44557K(1087488K)], 0.0670926 secs] [Times: user=0.41 sys=0.01, real=0.07 secs] 
2016-09-15T12:10:31.053-0400: 242.866: [GC (GCLocker Initiated GC) [PSYoungGen: 88064K->79843K(175104K)] 142053K->133832K(699392K), 0.0088037 secs] [Times: user=0.08 sys=0.00, real=0.01 secs] 
2016-09-15T12:10:31.182-0400: 242.996: [GC (GCLocker Initiated GC) [PSYoungGen: 167907K->73676K(175104K)] 222022K->164953K(699392K), 0.0163972 secs] [Times: user=0.17 sys=0.00, real=0.02 secs] 
2016-09-15T12:10:31.312-0400: 243.126: [GC (GCLocker Initiated GC) [PSYoungGen: 161740K->42977K(175104K)] 259245K->189358K(699392K), 0.0119259 secs] [Times: user=0.10 sys=0.01, real=0.01 secs] 
2016-09-15T12:10:31.447-0400: 243.261: [GC (GCLocker Initiated GC) [PSYoungGen: 131041K->79879K(175104K)] 277648K->238888K(699392K), 0.0262514 secs] [Times: user=0.28 sys=0.01, real=0.03 secs] 
2016-09-15T12:10:31.610-0400: 243.424: [GC (Allocation Failure) [PSYoungGen: 167943K->73672K(175104K)] 327144K->269615K(699392K), 0.0100090 secs] [Times: user=0.12 sys=0.00, real=0.01 secs] 
2016-09-15T12:10:31.727-0400: 243.541: [GC (GCLocker Initiated GC) [PSYoungGen: 161736K->61554K(175104K)] 357679K->275866K(699392K), 0.0173332 secs] [Times: user=0.19 sys=0.00, real=0.02 secs] 
2016-09-15T12:10:31.878-0400: 243.692: [GC (GCLocker Initiated GC) [PSYoungGen: 149618K->86250K(175104K)] 364163K->343611K(699392K), 0.0106745 secs] [Times: user=0.11 sys=0.00, real=0.01 secs] 
2016-09-15T12:10:32.051-0400: 243.865: [GC (GCLocker Initiated GC) [PSYoungGen: 174314K->49180K(175104K)] 437882K->331397K(699392K), 0.0288704 secs] [Times: user=0.28 sys=0.01, real=0.03 secs] 
2016-09-15T12:10:32.208-0400: 244.022: [GC (GCLocker Initiated GC) [PSYoungGen: 137244K->73348K(175104K)] 419637K->356041K(699392K), 0.0080086 secs] [Times: user=0.07 sys=0.01, real=0.01 secs] 
2016-09-15T12:10:32.332-0400: 244.146: [GC (GCLocker Initiated GC) [PSYoungGen: 161412K->67697K(175104K)] 450434K->393297K(699392K), 0.0237645 secs] [Times: user=0.25 sys=0.00, real=0.03 secs] 
2016-09-15T12:10:32.493-0400: 244.306: [GC (GCLocker Initiated GC) [PSYoungGen: 155761K->43009K(175104K)] 493748K->399480K(699392K), 0.0084250 secs] [Times: user=0.06 sys=0.00, real=0.01 secs] 
2016-09-15T12:10:32.656-0400: 244.469: [GC (Allocation Failure) [PSYoungGen: 131073K->61330K(175104K)] 487838K->436392K(699392K), 0.0279071 secs] [Times: user=0.28 sys=0.01, real=0.02 secs] 
2016-09-15T12:10:32.801-0400: 244.615: [GC (GCLocker Initiated GC) [PSYoungGen: 145791K->49148K(175104K)] 526928K->442530K(699392K), 0.0104857 secs] [Times: user=0.11 sys=0.00, real=0.01 secs] 
2016-09-15T12:10:32.915-0400: 244.729: [GC (GCLocker Initiated GC) [PSYoungGen: 137212K->43237K(175104K)] 530775K->467287K(699392K), 0.0096230 secs] [Times: user=0.09 sys=0.00, real=0.01 secs] 
2016-09-15T12:10:33.034-0400: 244.848: [GC (GCLocker Initiated GC) [PSYoungGen: 131301K->86086K(175104K)] 561635K->534929K(699392K), 0.0128248 secs] [Times: user=0.14 sys=0.00, real=0.01 secs] 
2016-09-15T12:10:33.198-0400: 245.012: [GC (GCLocker Initiated GC) [PSYoungGen: 174150K->18837K(175104K)] 641562K->523146K(699392K), 0.0210163 secs] [Times: user=0.21 sys=0.00, real=0.02 secs] 
2016-09-15T12:10:33.219-0400: 245.033: [Full GC (Ergonomics) [PSYoungGen: 18837K->0K(175104K)] [ParOldGen: 504309K->47922K(524288K)] 523146K->47922K(699392K), [Metaspace: 44559K->44559K(1087488K)], 0.0511899 secs] [Times: user=0.21 sys=0.01, real=0.05 secs] 
2016-09-15T12:10:33.400-0400: 245.214: [GC (GCLocker Initiated GC) [PSYoungGen: 88064K->85758K(175104K)] 136017K->133711K(699392K), 0.0124660 secs] [Times: user=0.12 sys=0.00, real=0.01 secs] 
2016-09-15T12:10:33.559-0400: 245.372: [GC (GCLocker Initiated GC) [PSYoungGen: 173822K->31150K(175104K)] 246241K->140271K(699392K), 0.0247549 secs] [Times: user=0.28 sys=0.00, real=0.02 secs] 
2016-09-15T12:10:33.733-0400: 245.547: [GC (GCLocker Initiated GC) [PSYoungGen: 119214K->73576K(175104K)] 228674K->201715K(699392K), 0.0097350 secs] [Times: user=0.09 sys=0.00, real=0.01 secs] 
2016-09-15T12:10:33.868-0400: 245.682: [GC (GCLocker Initiated GC) [PSYoungGen: 161640K->61298K(175104K)] 289827K->207798K(699392K), 0.0263937 secs] [Times: user=0.29 sys=0.00, real=0.02 secs] 
2016-09-15T12:10:34.013-0400: 245.826: [GC (GCLocker Initiated GC) [PSYoungGen: 149362K->61490K(175104K)] 296043K->238830K(699392K), 0.0242213 secs] [Times: user=0.26 sys=0.00, real=0.03 secs] 
2016-09-15T12:10:34.178-0400: 245.992: [GC (GCLocker Initiated GC) [PSYoungGen: 149554K->73512K(175104K)] 326942K->269416K(699392K), 0.0112571 secs] [Times: user=0.11 sys=0.00, real=0.01 secs] 
2016-09-15T12:10:34.305-0400: 246.118: [GC (GCLocker Initiated GC) [PSYoungGen: 161576K->36802K(175104K)] 363658K->287720K(699392K), 0.0108659 secs] [Times: user=0.07 sys=0.00, real=0.01 secs] 
2016-09-15T12:10:34.457-0400: 246.271: [GC (GCLocker Initiated GC) [PSYoungGen: 124866K->85826K(175104K)] 376145K->343300K(699392K), 0.0305235 secs] [Times: user=0.38 sys=0.00, real=0.03 secs] 
2016-09-15T12:10:34.622-0400: 246.436: [GC (Allocation Failure) [PSYoungGen: 173890K->36770K(175104K)] 431383K->312895K(699392K), 0.0227483 secs] [Times: user=0.22 sys=0.00, real=0.02 secs] 
2016-09-15T12:10:34.767-0400: 246.581: [GC (GCLocker Initiated GC) [PSYoungGen: 121335K->43137K(175104K)] 403535K->361899K(699392K), 0.0156389 secs] [Times: user=0.18 sys=0.00, real=0.02 secs] 
2016-09-15T12:10:34.897-0400: 246.710: [GC (GCLocker Initiated GC) [PSYoungGen: 131201K->86054K(175104K)] 456080K->417307K(699392K), 0.0091658 secs] [Times: user=0.09 sys=0.00, real=0.00 secs] 
2016-09-15T12:10:35.051-0400: 246.865: [GC (GCLocker Initiated GC) [PSYoungGen: 174118K->61458K(175104K)] 511672K->441821K(699392K), 0.0266418 secs] [Times: user=0.29 sys=0.01, real=0.03 secs] 
2016-09-15T12:10:35.219-0400: 247.033: [GC (GCLocker Initiated GC) [PSYoungGen: 149522K->85694K(175104K)] 530011K->490782K(699392K), 0.0149257 secs] [Times: user=0.16 sys=0.01, real=0.01 secs] 
2016-09-15T12:10:35.348-0400: 247.162: [GC (GCLocker Initiated GC) [PSYoungGen: 173758K->55415K(175104K)] 579207K->527841K(699392K), 0.0221658 secs] [Times: user=0.30 sys=0.00, real=0.02 secs] 
2016-09-15T12:10:35.371-0400: 247.184: [Full GC (Ergonomics) [PSYoungGen: 55415K->0K(175104K)] [ParOldGen: 472426K->48293K(524288K)] 527841K->48293K(699392K), [Metaspace: 44559K->44559K(1087488K)], 0.0622252 secs] [Times: user=0.38 sys=0.01, real=0.06 secs] 
2016-09-15T12:10:35.540-0400: 247.354: [GC (GCLocker Initiated GC) [PSYoungGen: 88064K->74160K(175104K)] 142506K->128602K(699392K), 0.0095040 secs] [Times: user=0.12 sys=0.00, real=0.01 secs] 
2016-09-15T12:10:35.670-0400: 247.484: [GC (GCLocker Initiated GC) [PSYoungGen: 162224K->85890K(175104K)] 216865K->165543K(699392K), 0.0118790 secs] [Times: user=0.13 sys=0.00, real=0.01 secs] 
2016-09-15T12:10:35.837-0400: 247.651: [GC (GCLocker Initiated GC) [PSYoungGen: 173954K->49312K(175104K)] 266101K->178012K(699392K), 0.0132188 secs] [Times: user=0.12 sys=0.00, real=0.01 secs] 
2016-09-15T12:10:36.013-0400: 247.827: [GC (GCLocker Initiated GC) [PSYoungGen: 137376K->36966K(175104K)] 278379K->178385K(699392K), 0.0131204 secs] [Times: user=0.13 sys=0.00, real=0.01 secs] 
2016-09-15T12:10:36.172-0400: 247.986: [GC (GCLocker Initiated GC) [PSYoungGen: 125030K->55319K(175104K)] 266502K->196934K(699392K), 0.0141638 secs] [Times: user=0.15 sys=0.00, real=0.01 secs] 
2016-09-15T12:10:36.289-0400: 248.103: [GC (GCLocker Initiated GC) [PSYoungGen: 143383K->85794K(175104K)] 285359K->246247K(699392K), 0.0093640 secs] [Times: user=0.07 sys=0.00, real=0.01 secs] 
2016-09-15T12:10:36.427-0400: 248.241: [GC (Allocation Failure) [PSYoungGen: 173858K->67665K(175104K)] 334353K->252719K(699392K), 0.0105428 secs] [Times: user=0.09 sys=0.00, real=0.02 secs] 
2016-09-15T12:10:36.529-0400: 248.343: [GC (GCLocker Initiated GC) [PSYoungGen: 154151K->73544K(175104K)] 345280K->337881K(699392K), 0.0260026 secs] [Times: user=0.26 sys=0.00, real=0.02 secs] 
2016-09-15T12:10:36.657-0400: 248.471: [GC (GCLocker Initiated GC) [PSYoungGen: 161608K->49148K(175104K)] 426016K->332024K(699392K), 0.0179256 secs] [Times: user=0.15 sys=0.00, real=0.01 secs] 
2016-09-15T12:10:36.793-0400: 248.607: [GC (GCLocker Initiated GC) [PSYoungGen: 137212K->79719K(175104K)] 420137K->362895K(699392K), 0.0099311 secs] [Times: user=0.09 sys=0.00, real=0.01 secs] 
2016-09-15T12:10:36.925-0400: 248.738: [GC (GCLocker Initiated GC) [PSYoungGen: 167783K->73640K(175104K)] 457059K->442386K(699392K), 0.0117850 secs] [Times: user=0.18 sys=0.01, real=0.02 secs] 
2016-09-15T12:10:37.057-0400: 248.871: [GC (GCLocker Initiated GC) [PSYoungGen: 161704K->86050K(175104K)] 530632K->491735K(699392K), 0.0120592 secs] [Times: user=0.19 sys=0.00, real=0.01 secs] 
2016-09-15T12:10:37.200-0400: 249.014: [GC (GCLocker Initiated GC) [PSYoungGen: 174114K->37290K(175104K)] 580003K->480108K(699392K), 0.0101863 secs] [Times: user=0.12 sys=0.00, real=0.01 secs] 
2016-09-15T12:10:37.210-0400: 249.024: [Full GC (Ergonomics) [PSYoungGen: 37290K->0K(175104K)] [ParOldGen: 442818K->42362K(524288K)] 480108K->42362K(699392K), [Metaspace: 44559K->44559K(1087488K)], 0.0574622 secs] [Times: user=0.35 sys=0.00, real=0.06 secs] 
2016-09-15T12:10:37.389-0400: 249.203: [GC (GCLocker Initiated GC) [PSYoungGen: 88064K->85854K(175104K)] 136839K->146780K(699392K), 0.0101991 secs] [Times: user=0.12 sys=0.01, real=0.01 secs] 
2016-09-15T12:10:37.511-0400: 249.325: [GC (GCLocker Initiated GC) [PSYoungGen: 173918K->85854K(175104K)] 235098K->202017K(699392K), 0.0101530 secs] [Times: user=0.12 sys=0.01, real=0.01 secs] 
2016-09-15T12:10:37.665-0400: 249.479: [GC (GCLocker Initiated GC) [PSYoungGen: 173918K->85822K(175104K)] 290140K->268980K(699392K), 0.0110476 secs] [Times: user=0.14 sys=0.00, real=0.02 secs] 
2016-09-15T12:10:37.798-0400: 249.612: [GC (GCLocker Initiated GC) [PSYoungGen: 173886K->73576K(175104K)] 357154K->293609K(699392K), 0.0099110 secs] [Times: user=0.12 sys=0.00, real=0.01 secs] 
2016-09-15T12:10:37.905-0400: 249.718: [GC (GCLocker Initiated GC) [PSYoungGen: 161640K->55643K(175104K)] 387958K->361259K(699392K), 0.0124998 secs] [Times: user=0.17 sys=0.00, real=0.02 secs] 
2016-09-15T12:10:38.033-0400: 249.847: [GC (GCLocker Initiated GC) [PSYoungGen: 143707K->85986K(175104K)] 449428K->422397K(699392K), 0.0109686 secs] [Times: user=0.13 sys=0.00, real=0.01 secs] 
2016-09-15T12:10:38.175-0400: 249.989: [GC (Allocation Failure) [PSYoungGen: 174050K->43073K(175104K)] 510637K->422469K(699392K), 0.0087783 secs] [Times: user=0.08 sys=0.01, real=0.01 secs] 
2016-09-15T12:10:38.284-0400: 250.098: [GC (GCLocker Initiated GC) [PSYoungGen: 131137K->67537K(175104K)] 510539K->471498K(699392K), 0.0292681 secs] [Times: user=0.27 sys=0.00, real=0.03 secs] 
2016-09-15T12:10:38.477-0400: 250.291: [GC (GCLocker Initiated GC) [PSYoungGen: 155601K->49080K(175104K)] 571933K->484093K(699392K), 0.0212698 secs] [Times: user=0.22 sys=0.00, real=0.02 secs] 
2016-09-15T12:10:38.610-0400: 250.424: [GC (GCLocker Initiated GC) [PSYoungGen: 137144K->85822K(175104K)] 572479K->557759K(699392K), 0.0181146 secs] [Times: user=0.23 sys=0.01, real=0.02 secs] 
2016-09-15T12:10:38.628-0400: 250.442: [Full GC (Ergonomics) [PSYoungGen: 85822K->0K(175104K)] [ParOldGen: 471937K->54853K(524288K)] 557759K->54853K(699392K), [Metaspace: 44559K->44559K(1087488K)], 0.0567809 secs] [Times: user=0.35 sys=0.02, real=0.05 secs] 
2016-09-15T12:10:38.822-0400: 250.636: [GC (GCLocker Initiated GC) [PSYoungGen: 88064K->86150K(175104K)] 149050K->171436K(699392K), 0.0096244 secs] [Times: user=0.13 sys=0.00, real=0.01 secs] 
2016-09-15T12:10:38.949-0400: 250.763: [GC (GCLocker Initiated GC) [PSYoungGen: 174214K->49340K(175104K)] 259660K->202090K(699392K), 0.0139778 secs] [Times: user=0.13 sys=0.01, real=0.01 secs] 
2016-09-15T12:10:39.086-0400: 250.900: [GC (GCLocker Initiated GC) [PSYoungGen: 137404K->55511K(175104K)] 290224K->275480K(699392K), 0.0102874 secs] [Times: user=0.14 sys=0.00, real=0.02 secs] 
2016-09-15T12:10:39.218-0400: 251.032: [GC (GCLocker Initiated GC) [PSYoungGen: 143575K->73904K(175104K)] 363598K->355016K(699392K), 0.0116017 secs] [Times: user=0.15 sys=0.00, real=0.01 secs] 
2016-09-15T12:10:39.346-0400: 251.160: [GC (GCLocker Initiated GC) [PSYoungGen: 161968K->73672K(175104K)] 443139K->458606K(699392K), 0.0113238 secs] [Times: user=0.16 sys=0.00, real=0.02 secs] 
2016-09-15T12:10:39.473-0400: 251.287: [GC (GCLocker Initiated GC) [PSYoungGen: 161736K->61594K(175104K)] 546677K->483253K(699392K), 0.0160364 secs] [Times: user=0.16 sys=0.00, real=0.02 secs] 
2016-09-15T12:10:39.489-0400: 251.303: [Full GC (Ergonomics) [PSYoungGen: 61594K->0K(175104K)] [ParOldGen: 421659K->54433K(524288K)] 483253K->54433K(699392K), [Metaspace: 44559K->44559K(1087488K)], 0.0543859 secs] [Times: user=0.34 sys=0.00, real=0.05 secs] 
2016-09-15T12:10:39.669-0400: 251.482: [GC (GCLocker Initiated GC) [PSYoungGen: 88064K->67921K(175104K)] 161072K->140929K(699392K), 0.0163919 secs] [Times: user=0.17 sys=0.00, real=0.01 secs] 
2016-09-15T12:10:39.836-0400: 251.649: [GC (GCLocker Initiated GC) [PSYoungGen: 155985K->73676K(175104K)] 229142K->183970K(699392K), 0.0103419 secs] [Times: user=0.11 sys=0.00, real=0.00 secs] 
2016-09-15T12:10:39.992-0400: 251.806: [GC (Allocation Failure) [PSYoungGen: 161740K->37553K(175104K)] 278139K->178348K(699392K), 0.0119917 secs] [Times: user=0.11 sys=0.00, real=0.01 secs] 
2016-09-15T12:10:40.114-0400: 251.928: [GC (GCLocker Initiated GC) [PSYoungGen: 125617K->55187K(175104K)] 266418K->196459K(699392K), 0.0275099 secs] [Times: user=0.36 sys=0.00, real=0.03 secs] 
2016-09-15T12:10:40.253-0400: 252.067: [GC (Allocation Failure) [PSYoungGen: 143251K->67637K(175104K)] 290656K->215122K(699392K), 0.0167958 secs] [Times: user=0.20 sys=0.00, real=0.02 secs] 
2016-09-15T12:10:40.389-0400: 252.203: [GC (GCLocker Initiated GC) [PSYoungGen: 155701K->67601K(175104K)] 303186K->227652K(699392K), 0.0100155 secs] [Times: user=0.09 sys=0.00, real=0.01 secs] 
2016-09-15T12:10:40.506-0400: 252.320: [GC (GCLocker Initiated GC) [PSYoungGen: 155665K->49244K(175104K)] 315875K->258369K(699392K), 0.0242997 secs] [Times: user=0.27 sys=0.01, real=0.03 secs] 
2016-09-15T12:10:40.651-0400: 252.465: [GC (GCLocker Initiated GC) [PSYoungGen: 137308K->61430K(175104K)] 346794K->289393K(699392K), 0.0081313 secs] [Times: user=0.06 sys=0.00, real=0.01 secs] 
2016-09-15T12:10:40.790-0400: 252.604: [GC (GCLocker Initiated GC) [PSYoungGen: 149494K->67469K(175104K)] 377510K->314009K(699392K), 0.0207339 secs] [Times: user=0.23 sys=0.00, real=0.02 secs] 
2016-09-15T12:10:40.928-0400: 252.742: [GC (Allocation Failure) [PSYoungGen: 155533K->55483K(175104K)] 414528K->332814K(699392K), 0.0149350 secs] [Times: user=0.17 sys=0.00, real=0.01 secs] 
2016-09-15T12:10:41.087-0400: 252.901: [GC (GCLocker Initiated GC) [PSYoungGen: 140427K->37030K(175104K)] 423834K->339109K(699392K), 0.0136601 secs] [Times: user=0.16 sys=0.00, real=0.02 secs] 
2016-09-15T12:10:41.227-0400: 253.041: [GC (GCLocker Initiated GC) [PSYoungGen: 125094K->79555K(175104K)] 427433K->388064K(699392K), 0.0238398 secs] [Times: user=0.23 sys=0.00, real=0.03 secs] 
2016-09-15T12:10:41.370-0400: 253.183: [GC (GCLocker Initiated GC) [PSYoungGen: 167619K->49507K(175104K)] 476260K->394718K(699392K), 0.0096813 secs] [Times: user=0.09 sys=0.00, real=0.01 secs] 
2016-09-15T12:10:41.483-0400: 253.297: [GC (GCLocker Initiated GC) [PSYoungGen: 137571K->43069K(175104K)] 489158K->461796K(699392K), 0.0128149 secs] [Times: user=0.16 sys=0.00, real=0.02 secs] 
2016-09-15T12:10:41.624-0400: 253.438: [GC (GCLocker Initiated GC) [PSYoungGen: 131133K->61298K(175104K)] 549964K->480240K(699392K), 0.0146113 secs] [Times: user=0.14 sys=0.00, real=0.02 secs] 
2016-09-15T12:10:41.793-0400: 253.607: [GC (Allocation Failure) [PSYoungGen: 149362K->54995K(175104K)] 568396K->492498K(699392K), 0.0152464 secs] [Times: user=0.11 sys=0.00, real=0.02 secs] 
2016-09-15T12:10:41.928-0400: 253.742: [GC (GCLocker Initiated GC) [PSYoungGen: 143059K->42845K(175104K)] 580568K->522982K(699392K), 0.0236508 secs] [Times: user=0.26 sys=0.00, real=0.02 secs] 
2016-09-15T12:10:41.952-0400: 253.766: [Full GC (Ergonomics) [PSYoungGen: 42845K->0K(175104K)] [ParOldGen: 480137K->48674K(524288K)] 522982K->48674K(699392K), [Metaspace: 44560K->44560K(1087488K)], 0.0553879 secs] [Times: user=0.31 sys=0.00, real=0.05 secs] 
2016-09-15T12:10:42.111-0400: 253.925: [GC (GCLocker Initiated GC) [PSYoungGen: 88064K->86242K(175104K)] 142900K->159303K(699392K), 0.0103820 secs] [Times: user=0.13 sys=0.00, real=0.01 secs] 
2016-09-15T12:10:42.255-0400: 254.068: [GC (GCLocker Initiated GC) [PSYoungGen: 174306K->79911K(175104K)] 259565K->190205K(699392K), 0.0116916 secs] [Times: user=0.13 sys=0.00, real=0.01 secs] 
2016-09-15T12:10:42.407-0400: 254.221: [GC (GCLocker Initiated GC) [PSYoungGen: 167975K->85954K(175104K)] 284454K->233123K(699392K), 0.0229976 secs] [Times: user=0.23 sys=0.00, real=0.03 secs] 
2016-09-15T12:10:42.542-0400: 254.356: [GC (GCLocker Initiated GC) [PSYoungGen: 174018K->61266K(175104K)] 321307K->257571K(699392K), 0.0265356 secs] [Times: user=0.23 sys=0.00, real=0.03 secs] 
2016-09-15T12:10:42.656-0400: 254.470: [GC (GCLocker Initiated GC) [PSYoungGen: 149330K->85986K(175104K)] 345682K->367548K(699392K), 0.0140389 secs] [Times: user=0.20 sys=0.00, real=0.01 secs] 
2016-09-15T12:10:42.817-0400: 254.631: [GC (GCLocker Initiated GC) [PSYoungGen: 174050K->43464K(175104K)] 468045K->386492K(699392K), 0.0251482 secs] [Times: user=0.27 sys=0.01, real=0.02 secs] 
2016-09-15T12:10:42.948-0400: 254.761: [GC (GCLocker Initiated GC) [PSYoungGen: 131528K->86118K(175104K)] 474799K->435778K(699392K), 0.0108700 secs] [Times: user=0.15 sys=0.00, real=0.01 secs] 
2016-09-15T12:10:43.078-0400: 254.891: [GC (GCLocker Initiated GC) [PSYoungGen: 174182K->73672K(175104K)] 530284K->466360K(699392K), 0.0103367 secs] [Times: user=0.14 sys=0.00, real=0.01 secs] 
2016-09-15T12:10:43.204-0400: 255.018: [GC (GCLocker Initiated GC) [PSYoungGen: 161736K->85890K(175104K)] 554802K->509467K(699392K), 0.0252451 secs] [Times: user=0.33 sys=0.00, real=0.03 secs] 
2016-09-15T12:10:43.342-0400: 255.156: [GC (GCLocker Initiated GC) [PSYoungGen: 173954K->73900K(175104K)] 603821K->546607K(699392K), 0.0136710 secs] [Times: user=0.19 sys=0.00, real=0.02 secs] 
2016-09-15T12:10:43.356-0400: 255.170: [Full GC (Ergonomics) [PSYoungGen: 73900K->0K(175104K)] [ParOldGen: 472707K->55092K(524288K)] 546607K->55092K(699392K), [Metaspace: 44567K->44567K(1087488K)], 0.0539094 secs] [Times: user=0.32 sys=0.03, real=0.05 secs] 
2016-09-15T12:10:43.522-0400: 255.336: [GC (GCLocker Initiated GC) [PSYoungGen: 88064K->73804K(175104K)] 155583K->141323K(699392K), 0.0097427 secs] [Times: user=0.13 sys=0.00, real=0.01 secs] 
2016-09-15T12:10:43.649-0400: 255.463: [GC (GCLocker Initiated GC) [PSYoungGen: 161868K->79747K(175104K)] 235750K->190886K(699392K), 0.0122994 secs] [Times: user=0.14 sys=0.00, real=0.01 secs] 
2016-09-15T12:10:43.806-0400: 255.620: [GC (GCLocker Initiated GC) [PSYoungGen: 167811K->19128K(175104K)] 303589K->197543K(699392K), 0.0093639 secs] [Times: user=0.09 sys=0.01, real=0.01 secs] 
2016-09-15T12:10:43.948-0400: 255.762: [GC (Allocation Failure) [PSYoungGen: 107192K->55159K(175104K)] 285795K->234012K(699392K), 0.0309092 secs] [Times: user=0.34 sys=0.00, real=0.03 secs] 
2016-09-15T12:10:44.097-0400: 255.911: [GC (GCLocker Initiated GC) [PSYoungGen: 143220K->73640K(175104K)] 322079K->307309K(699392K), 0.0231341 secs] [Times: user=0.29 sys=0.00, real=0.02 secs] 
2016-09-15T12:10:44.256-0400: 256.070: [GC (GCLocker Initiated GC) [PSYoungGen: 161704K->85726K(175104K)] 395734K->326123K(699392K), 0.0106335 secs] [Times: user=0.12 sys=0.00, real=0.00 secs] 
2016-09-15T12:10:44.403-0400: 256.217: [GC (GCLocker Initiated GC) [PSYoungGen: 173790K->43041K(175104K)] 420590K->326526K(699392K), 0.0192727 secs] [Times: user=0.15 sys=0.00, real=0.02 secs] 
2016-09-15T12:10:44.525-0400: 256.339: [GC (Allocation Failure) [PSYoungGen: 131105K->73740K(175104K)] 420920K->363674K(699392K), 0.0235247 secs] [Times: user=0.35 sys=0.00, real=0.03 secs] 
2016-09-15T12:10:44.683-0400: 256.497: [GC (GCLocker Initiated GC) [PSYoungGen: 160813K->55251K(175104K)] 456822K->388166K(699392K), 0.0103161 secs] [Times: user=0.10 sys=0.01, real=0.01 secs] 
2016-09-15T12:10:44.817-0400: 256.631: [GC (GCLocker Initiated GC) [PSYoungGen: 143315K->73640K(175104K)] 476306K->406790K(699392K), 0.0106570 secs] [Times: user=0.16 sys=0.00, real=0.00 secs] 
2016-09-15T12:10:44.919-0400: 256.733: [GC (GCLocker Initiated GC) [PSYoungGen: 161704K->73576K(175104K)] 494884K->407032K(699392K), 0.0184898 secs] [Times: user=0.21 sys=0.01, real=0.02 secs] 
2016-09-15T12:10:45.048-0400: 256.862: [GC (Allocation Failure) [PSYoungGen: 161640K->79943K(175104K)] 495451K->468753K(699392K), 0.0119710 secs] [Times: user=0.18 sys=0.01, real=0.01 secs] 
2016-09-15T12:10:45.202-0400: 257.016: [GC (GCLocker Initiated GC) [PSYoungGen: 162785K->37421K(175104K)] 557671K->469056K(699392K), 0.0099700 secs] [Times: user=0.14 sys=0.00, real=0.01 secs] 
2016-09-15T12:10:45.326-0400: 257.140: [GC (GCLocker Initiated GC) [PSYoungGen: 125485K->85790K(175104K)] 563456K->529971K(699392K), 0.0099700 secs] [Times: user=0.16 sys=0.00, real=0.02 secs] 
2016-09-15T12:10:45.452-0400: 257.266: [GC (GCLocker Initiated GC) --[PSYoungGen: 173854K->173854K(175104K)] 618082K->697373K(699392K), 0.0145489 secs] [Times: user=0.21 sys=0.00, real=0.01 secs] 
2016-09-15T12:10:45.466-0400: 257.280: [Full GC (Ergonomics) [PSYoungGen: 173854K->0K(175104K)] [ParOldGen: 523519K->54964K(524288K)] 697373K->54964K(699392K), [Metaspace: 44567K->44567K(1087488K)], 0.0533576 secs] [Times: user=0.50 sys=0.00, real=0.06 secs] 
2016-09-15T12:10:45.640-0400: 257.454: [GC (Allocation Failure) [PSYoungGen: 88064K->86078K(175104K)] 143132K->171521K(699392K), 0.0111142 secs] [Times: user=0.17 sys=0.00, real=0.01 secs] 
2016-09-15T12:10:45.747-0400: 257.561: [GC (GCLocker Initiated GC) [PSYoungGen: 174142K->73836K(175104K)] 259591K->244906K(699392K), 0.0134799 secs] [Times: user=0.21 sys=0.00, real=0.02 secs] 
2016-09-15T12:10:45.891-0400: 257.705: [GC (Allocation Failure) [PSYoungGen: 161900K->55251K(175104K)] 333152K->245191K(699392K), 0.0094435 secs] [Times: user=0.13 sys=0.01, real=0.01 secs] 
2016-09-15T12:10:46.034-0400: 257.847: [GC (GCLocker Initiated GC) [PSYoungGen: 143315K->85690K(175104K)] 333261K->281871K(699392K), 0.0104238 secs] [Times: user=0.16 sys=0.00, real=0.01 secs] 
2016-09-15T12:10:46.163-0400: 257.977: [GC (GCLocker Initiated GC) [PSYoungGen: 173754K->85598K(175104K)] 370200K->300405K(699392K), 0.0098219 secs] [Times: user=0.09 sys=0.00, real=0.01 secs] 
2016-09-15T12:10:46.288-0400: 258.102: [GC (GCLocker Initiated GC) [PSYoungGen: 173662K->49312K(175104K)] 388830K->301173K(699392K), 0.0255252 secs] [Times: user=0.22 sys=0.00, real=0.02 secs] 
2016-09-15T12:10:46.437-0400: 258.251: [GC (GCLocker Initiated GC) [PSYoungGen: 137376K->61362K(175104K)] 389402K->331740K(699392K), 0.0088888 secs] [Times: user=0.08 sys=0.01, real=0.00 secs] 
2016-09-15T12:10:46.571-0400: 258.385: [GC (GCLocker Initiated GC) [PSYoungGen: 149426K->85790K(175104K)] 426011K->392861K(699392K), 0.0108104 secs] [Times: user=0.14 sys=0.00, real=0.01 secs] 
2016-09-15T12:10:46.689-0400: 258.503: [GC (GCLocker Initiated GC) [PSYoungGen: 173854K->79911K(175104K)] 487064K->441897K(699392K), 0.0117385 secs] [Times: user=0.17 sys=0.00, real=0.01 secs] 
2016-09-15T12:10:46.858-0400: 258.672: [GC (GCLocker Initiated GC) [PSYoungGen: 167975K->36930K(175104K)] 542166K->453913K(699392K), 0.0098604 secs] [Times: user=0.07 sys=0.01, real=0.01 secs] 
2016-09-15T12:10:47.006-0400: 258.820: [GC (GCLocker Initiated GC) [PSYoungGen: 124994K->37254K(175104K)] 554140K->527318K(699392K), 0.0111824 secs] [Times: user=0.15 sys=0.00, real=0.02 secs] 
2016-09-15T12:10:47.017-0400: 258.831: [Full GC (Ergonomics) [PSYoungGen: 37254K->0K(175104K)] [ParOldGen: 490064K->48724K(524288K)] 527318K->48724K(699392K), [Metaspace: 44568K->44568K(1087488K)], 0.0639702 secs] [Times: user=0.48 sys=0.01, real=0.06 secs] 
2016-09-15T12:10:47.209-0400: 259.023: [GC (GCLocker Initiated GC) [PSYoungGen: 88064K->86438K(175104K)] 149018K->171692K(699392K), 0.0131416 secs] [Times: user=0.20 sys=0.00, real=0.01 secs] 
2016-09-15T12:10:47.351-0400: 259.165: [GC (GCLocker Initiated GC) [PSYoungGen: 174502K->49340K(175104K)] 265884K->214537K(699392K), 0.0127005 secs] [Times: user=0.18 sys=0.01, real=0.01 secs] 
2016-09-15T12:10:47.483-0400: 259.296: [GC (GCLocker Initiated GC) [PSYoungGen: 137404K->74000K(175104K)] 302967K->257916K(699392K), 0.0090866 secs] [Times: user=0.12 sys=0.00, real=0.01 secs] 
2016-09-15T12:10:47.613-0400: 259.427: [GC (GCLocker Initiated GC) [PSYoungGen: 162064K->85822K(175104K)] 352175K->294654K(699392K), 0.0084258 secs] [Times: user=0.13 sys=0.00, real=0.01 secs] 
2016-09-15T12:10:47.735-0400: 259.549: [GC (GCLocker Initiated GC) [PSYoungGen: 173886K->55579K(175104K)] 382823K->331648K(699392K), 0.0112298 secs] [Times: user=0.17 sys=0.01, real=0.01 secs] 
2016-09-15T12:10:47.867-0400: 259.681: [GC (GCLocker Initiated GC) [PSYoungGen: 143643K->74064K(175104K)] 425941K->374886K(699392K), 0.0113012 secs] [Times: user=0.18 sys=0.00, real=0.02 secs] 
2016-09-15T12:10:48.007-0400: 259.820: [GC (GCLocker Initiated GC) [PSYoungGen: 162128K->74164K(175104K)] 469386K->381573K(699392K), 0.0100688 secs] [Times: user=0.14 sys=0.00, real=0.02 secs] 
2016-09-15T12:10:48.171-0400: 259.985: [GC (GCLocker Initiated GC) [PSYoungGen: 162228K->36898K(175104K)] 475714K->369081K(699392K), 0.0060295 secs] [Times: user=0.08 sys=0.00, real=0.01 secs] 
2016-09-15T12:10:48.290-0400: 260.104: [GC (GCLocker Initiated GC) [PSYoungGen: 124962K->85690K(175104K)] 457192K->466664K(699392K), 0.0113498 secs] [Times: user=0.17 sys=0.00, real=0.01 secs] 
2016-09-15T12:10:48.428-0400: 260.242: [GC (Allocation Failure) [PSYoungGen: 173754K->85758K(175104K)] 554770K->521577K(699392K), 0.0126271 secs] [Times: user=0.19 sys=0.00, real=0.01 secs] 
2016-09-15T12:10:48.441-0400: 260.255: [Full GC (Ergonomics) [PSYoungGen: 85758K->0K(175104K)] [ParOldGen: 435818K->49267K(524288K)] 521577K->49267K(699392K), [Metaspace: 44569K->44569K(1087488K)], 0.0482950 secs] [Times: user=0.45 sys=0.01, real=0.05 secs] 
2016-09-15T12:10:48.602-0400: 260.416: [GC (GCLocker Initiated GC) [PSYoungGen: 84324K->86046K(175104K)] 139666K->165688K(699392K), 0.0115798 secs] [Times: user=0.18 sys=0.00, real=0.01 secs] 
2016-09-15T12:10:48.725-0400: 260.538: [GC (GCLocker Initiated GC) [PSYoungGen: 174110K->85658K(175104K)] 253807K->250992K(699392K), 0.0140805 secs] [Times: user=0.23 sys=0.00, real=0.02 secs] 
2016-09-15T12:10:48.854-0400: 260.668: [GC (GCLocker Initiated GC) [PSYoungGen: 173722K->67793K(175104K)] 345437K->336875K(699392K), 0.0139139 secs] [Times: user=0.21 sys=0.01, real=0.02 secs] 
2016-09-15T12:10:48.970-0400: 260.783: [GC (Allocation Failure) [PSYoungGen: 155857K->79943K(175104K)] 425070K->392013K(699392K), 0.0119388 secs] [Times: user=0.19 sys=0.00, real=0.01 secs] 
2016-09-15T12:10:49.091-0400: 260.905: [GC (GCLocker Initiated GC) [PSYoungGen: 165119K->37158K(175104K)] 483264K->398135K(699392K), 0.0084411 secs] [Times: user=0.12 sys=0.00, real=0.01 secs] 
2016-09-15T12:10:49.242-0400: 261.056: [GC (GCLocker Initiated GC) [PSYoungGen: 125222K->85790K(175104K)] 486235K->459277K(699392K), 0.0091077 secs] [Times: user=0.11 sys=0.00, real=0.01 secs] 
2016-09-15T12:10:49.383-0400: 261.197: [GC (Allocation Failure) [PSYoungGen: 173854K->24688K(175104K)] 554039K->429425K(699392K), 0.0180843 secs] [Times: user=0.14 sys=0.01, real=0.02 secs] 
2016-09-15T12:10:49.494-0400: 261.308: [GC (GCLocker Initiated GC) [PSYoungGen: 112752K->73284K(175104K)] 517489K->478264K(699392K), 0.0204896 secs] [Times: user=0.21 sys=0.00, real=0.02 secs] 
2016-09-15T12:10:49.672-0400: 261.486: [GC (GCLocker Initiated GC) [PSYoungGen: 161348K->55223K(175104K)] 572406K->484593K(699392K), 0.0243206 secs] [Times: user=0.22 sys=0.01, real=0.03 secs] 
2016-09-15T12:10:49.697-0400: 261.510: [Full GC (Ergonomics) [PSYoungGen: 55223K->0K(175104K)] [ParOldGen: 429370K->53522K(524288K)] 484593K->53522K(699392K), [Metaspace: 44571K->44571K(1087488K)], 0.0603124 secs] [Times: user=0.29 sys=0.01, real=0.06 secs] 
2016-09-15T12:10:49.910-0400: 261.724: [GC (GCLocker Initiated GC) [PSYoungGen: 88064K->85886K(175104K)] 141611K->163734K(699392K), 0.0093729 secs] [Times: user=0.08 sys=0.00, real=0.01 secs] 
2016-09-15T12:10:50.044-0400: 261.858: [GC (GCLocker Initiated GC) [PSYoungGen: 173950K->55091K(175104K)] 252002K->194409K(699392K), 0.0195609 secs] [Times: user=0.18 sys=0.00, real=0.02 secs] 
2016-09-15T12:10:50.173-0400: 261.987: [GC (GCLocker Initiated GC) [PSYoungGen: 143155K->73836K(175104K)] 282733K->250000K(699392K), 0.0107870 secs] [Times: user=0.13 sys=0.00, real=0.01 secs] 
2016-09-15T12:10:50.296-0400: 262.110: [GC (GCLocker Initiated GC) [PSYoungGen: 161900K->55611K(175104K)] 344320K->274749K(699392K), 0.0162745 secs] [Times: user=0.18 sys=0.01, real=0.01 secs] 
2016-09-15T12:10:50.419-0400: 262.233: [GC (GCLocker Initiated GC) [PSYoungGen: 143675K->85726K(175104K)] 362988K->311414K(699392K), 0.0308837 secs] [Times: user=0.38 sys=0.00, real=0.03 secs] 
2016-09-15T12:10:50.564-0400: 262.377: [GC (GCLocker Initiated GC) [PSYoungGen: 173790K->37194K(175104K)] 411765K->293637K(699392K), 0.0094324 secs] [Times: user=0.08 sys=0.00, real=0.01 secs] 
2016-09-15T12:10:50.686-0400: 262.500: [GC (GCLocker Initiated GC) [PSYoungGen: 125258K->85922K(175104K)] 381743K->348945K(699392K), 0.0099412 secs] [Times: user=0.11 sys=0.00, real=0.02 secs] 
2016-09-15T12:10:50.837-0400: 262.651: [GC (GCLocker Initiated GC) [PSYoungGen: 173986K->73772K(175104K)] 443203K->367384K(699392K), 0.0212683 secs] [Times: user=0.23 sys=0.01, real=0.02 secs] 
2016-09-15T12:10:51.013-0400: 262.827: [GC (GCLocker Initiated GC) [PSYoungGen: 161836K->55411K(175104K)] 467793K->380040K(699392K), 0.0137076 secs] [Times: user=0.12 sys=0.00, real=0.01 secs] 
2016-09-15T12:10:51.132-0400: 262.945: [GC (GCLocker Initiated GC) [PSYoungGen: 143475K->79491K(175104K)] 468174K->416700K(699392K), 0.0226139 secs] [Times: user=0.21 sys=0.00, real=0.02 secs] 
2016-09-15T12:10:51.280-0400: 263.094: [GC (GCLocker Initiated GC) [PSYoungGen: 167555K->73740K(175104K)] 511161K->460154K(699392K), 0.0244404 secs] [Times: user=0.24 sys=0.01, real=0.02 secs] 
2016-09-15T12:10:51.415-0400: 263.229: [GC (GCLocker Initiated GC) [PSYoungGen: 161804K->85530K(175104K)] 548294K->496611K(699392K), 0.0247181 secs] [Times: user=0.26 sys=0.00, real=0.03 secs] 
2016-09-15T12:10:51.567-0400: 263.381: [GC (GCLocker Initiated GC) [PSYoungGen: 173594K->49084K(175104K)] 590755K->490625K(699392K), 0.0288024 secs] [Times: user=0.28 sys=0.00, real=0.04 secs] 
2016-09-15T12:10:51.708-0400: 263.522: [GC (GCLocker Initiated GC) [PSYoungGen: 137148K->55319K(175104K)] 579112K->515783K(699392K), 0.0070169 secs] [Times: user=0.07 sys=0.00, real=0.00 secs] 
2016-09-15T12:10:51.863-0400: 263.676: [Full GC (Ergonomics) [PSYoungGen: 143383K->0K(175104K)] [ParOldGen: 466878K->47806K(524288K)] 610261K->47806K(699392K), [Metaspace: 44578K->44578K(1087488K)], 0.0735467 secs] [Times: user=0.52 sys=0.00, real=0.08 secs] 
2016-09-15T12:10:52.046-0400: 263.860: [GC (GCLocker Initiated GC) [PSYoungGen: 88064K->85822K(175104K)] 135876K->176159K(699392K), 0.0123827 secs] [Times: user=0.17 sys=0.00, real=0.02 secs] 
2016-09-15T12:10:52.184-0400: 263.998: [GC (GCLocker Initiated GC) [PSYoungGen: 173886K->56134K(175104K)] 264505K->201916K(699392K), 0.0108678 secs] [Times: user=0.16 sys=0.00, real=0.01 secs] 
2016-09-15T12:10:52.283-0400: 264.097: [GC (GCLocker Initiated GC) [PSYoungGen: 144198K->85854K(175104K)] 290135K->256398K(699392K), 0.0109707 secs] [Times: user=0.15 sys=0.00, real=0.01 secs] 
2016-09-15T12:10:52.417-0400: 264.231: [GC (GCLocker Initiated GC) [PSYoungGen: 173918K->73672K(175104K)] 344600K->287022K(699392K), 0.0108414 secs] [Times: user=0.13 sys=0.00, real=0.01 secs] 
2016-09-15T12:10:52.534-0400: 264.348: [GC (GCLocker Initiated GC) [PSYoungGen: 161736K->86086K(175104K)] 375191K->354547K(699392K), 0.0121214 secs] [Times: user=0.18 sys=0.00, real=0.01 secs] 
2016-09-15T12:10:52.674-0400: 264.488: [GC (GCLocker Initiated GC) [PSYoungGen: 174150K->43265K(175104K)] 454893K->397224K(699392K), 0.0135802 secs] [Times: user=0.16 sys=0.00, real=0.02 secs] 
2016-09-15T12:10:52.829-0400: 264.643: [GC (Allocation Failure) [PSYoungGen: 131329K->61234K(175104K)] 491522K->421514K(699392K), 0.0084404 secs] [Times: user=0.07 sys=0.00, real=0.01 secs] 
2016-09-15T12:10:52.936-0400: 264.750: [GC (GCLocker Initiated GC) [PSYoungGen: 149169K->49084K(175104K)] 509613K->434072K(699392K), 0.0116043 secs] [Times: user=0.08 sys=0.01, real=0.01 secs] 
2016-09-15T12:10:53.065-0400: 264.879: [GC (GCLocker Initiated GC) [PSYoungGen: 137148K->61294K(175104K)] 528292K->489180K(699392K), 0.0214524 secs] [Times: user=0.24 sys=0.00, real=0.02 secs] 
2016-09-15T12:10:53.199-0400: 265.013: [GC (GCLocker Initiated GC) [PSYoungGen: 149358K->79751K(175104K)] 577313K->544276K(699392K), 0.0187273 secs] [Times: user=0.19 sys=0.00, real=0.02 secs] 
2016-09-15T12:10:53.218-0400: 265.032: [Full GC (Ergonomics) [PSYoungGen: 79751K->0K(175104K)] [ParOldGen: 464525K->47774K(524288K)] 544276K->47774K(699392K), [Metaspace: 44599K->44599K(1087488K)], 0.0544890 secs] [Times: user=0.36 sys=0.01, real=0.05 secs] 
2016-09-15T12:10:53.387-0400: 265.201: [GC (GCLocker Initiated GC) [PSYoungGen: 88064K->74060K(175104K)] 142127K->128124K(699392K), 0.0125828 secs] [Times: user=0.15 sys=0.00, real=0.02 secs] 
2016-09-15T12:10:53.509-0400: 265.322: [GC (GCLocker Initiated GC) [PSYoungGen: 162124K->49372K(175104K)] 222323K->146740K(699392K), 0.0122484 secs] [Times: user=0.14 sys=0.00, real=0.01 secs] 
2016-09-15T12:10:53.633-0400: 265.447: [GC (GCLocker Initiated GC) [PSYoungGen: 137436K->73968K(175104K)] 234953K->208063K(699392K), 0.0100816 secs] [Times: user=0.11 sys=0.00, real=0.01 secs] 
2016-09-15T12:10:53.766-0400: 265.580: [GC (GCLocker Initiated GC) [PSYoungGen: 162032K->55611K(175104K)] 302534K->239118K(699392K), 0.0108601 secs] [Times: user=0.17 sys=0.00, real=0.02 secs] 
2016-09-15T12:10:53.892-0400: 265.706: [GC (GCLocker Initiated GC) [PSYoungGen: 143675K->67565K(175104K)] 333371K->275794K(699392K), 0.0108763 secs] [Times: user=0.16 sys=0.00, real=0.01 secs] 
2016-09-15T12:10:54.039-0400: 265.852: [GC (GCLocker Initiated GC) [PSYoungGen: 155629K->55711K(175104K)] 363871K->312672K(699392K), 0.0120699 secs] [Times: user=0.18 sys=0.00, real=0.01 secs] 
2016-09-15T12:10:54.151-0400: 265.965: [GC (GCLocker Initiated GC) [PSYoungGen: 143775K->79715K(175104K)] 407083K->343322K(699392K), 0.0159000 secs] [Times: user=0.17 sys=0.00, real=0.01 secs] 
2016-09-15T12:10:54.290-0400: 266.103: [GC (GCLocker Initiated GC) [PSYoungGen: 167779K->55579K(175104K)] 437816K->362202K(699392K), 0.0102994 secs] [Times: user=0.14 sys=0.00, real=0.01 secs] 
2016-09-15T12:10:54.407-0400: 266.221: [GC (GCLocker Initiated GC) [PSYoungGen: 143643K->67565K(175104K)] 456428K->380641K(699392K), 0.0117556 secs] [Times: user=0.14 sys=0.00, real=0.02 secs] 
2016-09-15T12:10:54.570-0400: 266.384: [GC (GCLocker Initiated GC) [PSYoungGen: 155629K->67697K(175104K)] 474967K->405387K(699392K), 0.0147152 secs] [Times: user=0.18 sys=0.00, real=0.01 secs] 
2016-09-15T12:10:54.704-0400: 266.518: [GC (GCLocker Initiated GC) [PSYoungGen: 155761K->85854K(175104K)] 499557K->478581K(699392K), 0.0186115 secs] [Times: user=0.29 sys=0.00, real=0.02 secs] 
2016-09-15T12:10:54.844-0400: 266.658: [GC (GCLocker Initiated GC) [PSYoungGen: 173918K->37649K(175104K)] 572908K->497541K(699392K), 0.0110504 secs] [Times: user=0.17 sys=0.00, real=0.01 secs] 
2016-09-15T12:10:54.855-0400: 266.669: [Full GC (Ergonomics) [PSYoungGen: 37649K->0K(175104K)] [ParOldGen: 459892K->54104K(524288K)] 497541K->54104K(699392K), [Metaspace: 44599K->44599K(1087488K)], 0.0517636 secs] [Times: user=0.51 sys=0.01, real=0.05 secs] 
2016-09-15T12:10:55.009-0400: 266.823: [GC (GCLocker Initiated GC) [PSYoungGen: 88064K->86274K(175104K)] 160436K->164721K(699392K), 0.0114604 secs] [Times: user=0.19 sys=0.00, real=0.01 secs] 
2016-09-15T12:10:55.147-0400: 266.960: [GC (GCLocker Initiated GC) [PSYoungGen: 174338K->55775K(175104K)] 258878K->195742K(699392K), 0.0127486 secs] [Times: user=0.19 sys=0.00, real=0.02 secs] 
2016-09-15T12:10:55.284-0400: 267.098: [GC (GCLocker Initiated GC) [PSYoungGen: 143839K->85954K(175104K)] 283854K->263078K(699392K), 0.0122352 secs] [Times: user=0.19 sys=0.00, real=0.02 secs] 
2016-09-15T12:10:55.402-0400: 267.216: [GC (GCLocker Initiated GC) [PSYoungGen: 174018K->85854K(175104K)] 357355K->287879K(699392K), 0.0113653 secs] [Times: user=0.13 sys=0.00, real=0.01 secs] 
2016-09-15T12:10:55.528-0400: 267.342: [GC (GCLocker Initiated GC) [PSYoungGen: 173918K->61554K(175104K)] 376239K->343174K(699392K), 0.0159440 secs] [Times: user=0.18 sys=0.00, real=0.01 secs] 
2016-09-15T12:10:55.689-0400: 267.502: [GC (GCLocker Initiated GC) [PSYoungGen: 149618K->37222K(175104K)] 443575K->404239K(699392K), 0.0110936 secs] [Times: user=0.18 sys=0.01, real=0.01 secs] 
2016-09-15T12:10:55.824-0400: 267.638: [GC (GCLocker Initiated GC) [PSYoungGen: 125286K->85822K(175104K)] 492485K->459412K(699392K), 0.0115970 secs] [Times: user=0.18 sys=0.00, real=0.02 secs] 
2016-09-15T12:10:55.972-0400: 267.785: [GC (GCLocker Initiated GC) [PSYoungGen: 173886K->43037K(175104K)] 553693K->441360K(699392K), 0.0093403 secs] [Times: user=0.14 sys=0.01, real=0.01 secs] 
2016-09-15T12:10:56.105-0400: 267.919: [GC (GCLocker Initiated GC) [PSYoungGen: 131101K->86150K(175104K)] 529577K->515161K(699392K), 0.0129093 secs] [Times: user=0.19 sys=0.00, real=0.02 secs] 
2016-09-15T12:10:56.243-0400: 268.057: [GC (GCLocker Initiated GC) [PSYoungGen: 174214K->55351K(175104K)] 603230K->521256K(699392K), 0.0098541 secs] [Times: user=0.10 sys=0.00, real=0.01 secs] 
2016-09-15T12:10:56.253-0400: 268.067: [Full GC (Ergonomics) [PSYoungGen: 55351K->0K(175104K)] [ParOldGen: 465905K->47869K(524288K)] 521256K->47869K(699392K), [Metaspace: 44599K->44599K(1087488K)], 0.0504847 secs] [Times: user=0.50 sys=0.00, real=0.05 secs] 
2016-09-15T12:10:56.420-0400: 268.234: [GC (GCLocker Initiated GC) [PSYoungGen: 88064K->86509K(175104K)] 142369K->165115K(699392K), 0.0119962 secs] [Times: user=0.19 sys=0.00, real=0.01 secs] 
2016-09-15T12:10:56.541-0400: 268.355: [GC (GCLocker Initiated GC) [PSYoungGen: 174573K->73640K(175104K)] 253193K->189172K(699392K), 0.0130921 secs] [Times: user=0.18 sys=0.00, real=0.01 secs] 
2016-09-15T12:10:56.709-0400: 268.523: [GC (GCLocker Initiated GC) [PSYoungGen: 161704K->55283K(175104K)] 283442K->195350K(699392K), 0.0079793 secs] [Times: user=0.11 sys=0.00, real=0.01 secs] 
2016-09-15T12:10:56.837-0400: 268.651: [GC (GCLocker Initiated GC) [PSYoungGen: 143347K->85658K(175104K)] 283523K->256336K(699392K), 0.0110126 secs] [Times: user=0.18 sys=0.00, real=0.01 secs] 
2016-09-15T12:10:56.945-0400: 268.759: [GC (GCLocker Initiated GC) [PSYoungGen: 173722K->55711K(175104K)] 344431K->226563K(699392K), 0.0089682 secs] [Times: user=0.13 sys=0.01, real=0.01 secs] 
2016-09-15T12:10:57.070-0400: 268.884: [GC (GCLocker Initiated GC) [PSYoungGen: 143775K->86086K(175104K)] 314753K->281639K(699392K), 0.0108457 secs] [Times: user=0.13 sys=0.00, real=0.01 secs] 
2016-09-15T12:10:57.213-0400: 269.027: [GC (GCLocker Initiated GC) [PSYoungGen: 174150K->37322K(175104K)] 376729K->276822K(699392K), 0.0103502 secs] [Times: user=0.13 sys=0.00, real=0.01 secs] 
2016-09-15T12:10:57.326-0400: 269.140: [GC (GCLocker Initiated GC) [PSYoungGen: 125386K->85790K(175104K)] 365051K->331634K(699392K), 0.0115409 secs] [Times: user=0.17 sys=0.00, real=0.02 secs] 
2016-09-15T12:10:57.473-0400: 269.287: [GC (GCLocker Initiated GC) [PSYoungGen: 173852K->73704K(175104K)] 420057K->374727K(699392K), 0.0112065 secs] [Times: user=0.17 sys=0.00, real=0.01 secs] 
2016-09-15T12:10:57.604-0400: 269.418: [GC (GCLocker Initiated GC) [PSYoungGen: 161768K->73936K(175104K)] 462863K->375143K(699392K), 0.0098931 secs] [Times: user=0.15 sys=0.00, real=0.01 secs] 
2016-09-15T12:10:57.718-0400: 269.531: [GC (GCLocker Initiated GC) [PSYoungGen: 162000K->73640K(175104K)] 469312K->417873K(699392K), 0.0112427 secs] [Times: user=0.15 sys=0.00, real=0.01 secs] 
2016-09-15T12:10:57.863-0400: 269.677: [GC (GCLocker Initiated GC) [PSYoungGen: 161704K->67729K(175104K)] 512373K->467142K(699392K), 0.0125502 secs] [Times: user=0.17 sys=0.00, real=0.02 secs] 
2016-09-15T12:10:58.021-0400: 269.835: [GC (GCLocker Initiated GC) [PSYoungGen: 155793K->85854K(175104K)] 555343K->498009K(699392K), 0.0124557 secs] [Times: user=0.18 sys=0.00, real=0.01 secs] 
2016-09-15T12:10:58.139-0400: 269.953: [GC (Allocation Failure) [PSYoungGen: 173918K->73804K(175104K)] 586429K->547364K(699392K), 0.0118117 secs] [Times: user=0.19 sys=0.00, real=0.01 secs] 
2016-09-15T12:10:58.151-0400: 269.965: [Full GC (Ergonomics) [PSYoungGen: 73804K->0K(175104K)] [ParOldGen: 473560K->54510K(524288K)] 547364K->54510K(699392K), [Metaspace: 44600K->44600K(1087488K)], 0.0519293 secs] [Times: user=0.50 sys=0.00, real=0.05 secs] 
2016-09-15T12:10:58.305-0400: 270.119: [GC (GCLocker Initiated GC) [PSYoungGen: 83503K->73640K(175104K)] 144089K->134225K(699392K), 0.0096948 secs] [Times: user=0.13 sys=0.00, real=0.01 secs] 
2016-09-15T12:10:58.471-0400: 270.284: [GC (GCLocker Initiated GC) [PSYoungGen: 161704K->37290K(175104K)] 240746K->134849K(699392K), 0.0093644 secs] [Times: user=0.13 sys=0.00, real=0.01 secs] 
2016-09-15T12:10:58.615-0400: 270.429: [GC (GCLocker Initiated GC) [PSYoungGen: 125354K->61818K(175104K)] 229338K->166297K(699392K), 0.0092197 secs] [Times: user=0.12 sys=0.02, real=0.01 secs] 
2016-09-15T12:10:58.726-0400: 270.540: [GC (GCLocker Initiated GC) [PSYoungGen: 149882K->73608K(175104K)] 254958K->178820K(699392K), 0.0092363 secs] [Times: user=0.14 sys=0.00, real=0.01 secs] 
2016-09-15T12:10:58.873-0400: 270.687: [GC (Allocation Failure) [PSYoungGen: 161672K->61358K(175104K)] 273022K->209466K(699392K), 0.0114287 secs] [Times: user=0.18 sys=0.00, real=0.01 secs] 
2016-09-15T12:10:59.038-0400: 270.852: [GC (GCLocker Initiated GC) [PSYoungGen: 149298K->73508K(175104K)] 297663K->246331K(699392K), 0.0116002 secs] [Times: user=0.17 sys=0.00, real=0.01 secs] 
2016-09-15T12:10:59.155-0400: 270.969: [GC (GCLocker Initiated GC) [PSYoungGen: 161572K->85690K(175104K)] 334565K->270993K(699392K), 0.0103730 secs] [Times: user=0.16 sys=0.00, real=0.01 secs] 
2016-09-15T12:10:59.299-0400: 271.113: [GC (GCLocker Initiated GC) [PSYoungGen: 173754K->37845K(175104K)] 377626K->284386K(699392K), 0.0097029 secs] [Times: user=0.15 sys=0.01, real=0.01 secs] 
2016-09-15T12:10:59.431-0400: 271.244: [GC (GCLocker Initiated GC) [PSYoungGen: 125909K->80107K(175104K)] 378780K->333308K(699392K), 0.0097078 secs] [Times: user=0.15 sys=0.00, real=0.01 secs] 
2016-09-15T12:10:59.533-0400: 271.346: [GC (GCLocker Initiated GC) [PSYoungGen: 168171K->73804K(175104K)] 421482K->381941K(699392K), 0.0137861 secs] [Times: user=0.22 sys=0.00, real=0.01 secs] 
2016-09-15T12:10:59.656-0400: 271.469: [GC (Allocation Failure) [PSYoungGen: 161868K->74164K(175104K)] 470232K->419317K(699392K), 0.0120161 secs] [Times: user=0.20 sys=0.00, real=0.01 secs] 
2016-09-15T12:10:59.768-0400: 271.582: [GC (GCLocker Initiated GC) [PSYoungGen: 156357K->55447K(175104K)] 507586K->407147K(699392K), 0.0073916 secs] [Times: user=0.11 sys=0.00, real=0.00 secs] 
2016-09-15T12:10:59.888-0400: 271.702: [GC (GCLocker Initiated GC) [PSYoungGen: 143511K->73540K(175104K)] 495314K->461929K(699392K), 0.0132170 secs] [Times: user=0.21 sys=0.00, real=0.01 secs] 
2016-09-15T12:11:00.025-0400: 271.839: [GC (GCLocker Initiated GC) [PSYoungGen: 161604K->86150K(175104K)] 556429K->529734K(699392K), 0.0128442 secs] [Times: user=0.21 sys=0.00, real=0.02 secs] 
2016-09-15T12:11:00.137-0400: 271.951: [GC (Allocation Failure) [PSYoungGen: 174214K->85922K(175104K)] 617991K->561053K(699392K), 0.0107372 secs] [Times: user=0.14 sys=0.00, real=0.01 secs] 
2016-09-15T12:11:00.148-0400: 271.962: [Full GC (Ergonomics) [PSYoungGen: 85922K->0K(175104K)] [ParOldGen: 475131K->54605K(524288K)] 561053K->54605K(699392K), [Metaspace: 44601K->44601K(1087488K)], 0.0502234 secs] [Times: user=0.46 sys=0.01, real=0.05 secs] 
2016-09-15T12:11:00.296-0400: 272.110: [GC (GCLocker Initiated GC) [PSYoungGen: 88064K->85986K(175104K)] 142675K->146672K(699392K), 0.0111136 secs] [Times: user=0.16 sys=0.00, real=0.00 secs] 
2016-09-15T12:11:00.426-0400: 272.240: [GC (GCLocker Initiated GC) [PSYoungGen: 174050K->73704K(175104K)] 235035K->171431K(699392K), 0.0120073 secs] [Times: user=0.19 sys=0.00, real=0.02 secs] 
2016-09-15T12:11:00.557-0400: 272.371: [GC (GCLocker Initiated GC) [PSYoungGen: 161768K->55906K(175104K)] 265797K->160251K(699392K), 0.0085068 secs] [Times: user=0.12 sys=0.01, real=0.00 secs] 
2016-09-15T12:11:00.688-0400: 272.502: [GC (GCLocker Initiated GC) [PSYoungGen: 143970K->73640K(175104K)] 248318K->196511K(699392K), 0.0108231 secs] [Times: user=0.16 sys=0.00, real=0.01 secs] 
2016-09-15T12:11:00.841-0400: 272.655: [GC (GCLocker Initiated GC) [PSYoungGen: 161704K->74000K(175104K)] 284942K->197569K(699392K), 0.0097470 secs] [Times: user=0.15 sys=0.00, real=0.01 secs] 
2016-09-15T12:11:00.955-0400: 272.769: [GC (GCLocker Initiated GC) [PSYoungGen: 162064K->73608K(175104K)] 285786K->197777K(699392K), 0.0108088 secs] [Times: user=0.13 sys=0.01, real=0.01 secs] 
2016-09-15T12:11:01.079-0400: 272.893: [GC (GCLocker Initiated GC) [PSYoungGen: 161672K->80043K(175104K)] 286018K->228809K(699392K), 0.0115426 secs] [Times: user=0.17 sys=0.00, real=0.01 secs] 
2016-09-15T12:11:01.216-0400: 273.029: [GC (GCLocker Initiated GC) [PSYoungGen: 168107K->73968K(175104K)] 323012K->265482K(699392K), 0.0114515 secs] [Times: user=0.18 sys=0.00, real=0.01 secs] 
2016-09-15T12:11:01.317-0400: 273.130: [GC (GCLocker Initiated GC) [PSYoungGen: 162032K->85854K(175104K)] 353582K->314497K(699392K), 0.0114623 secs] [Times: user=0.18 sys=0.00, real=0.01 secs] 
2016-09-15T12:11:01.452-0400: 273.266: [GC (GCLocker Initiated GC) [PSYoungGen: 173918K->55775K(175104K)] 414909K->333516K(699392K), 0.0101356 secs] [Times: user=0.15 sys=0.00, real=0.01 secs] 
2016-09-15T12:11:01.582-0400: 273.396: [GC (Allocation Failure) [PSYoungGen: 143839K->79715K(175104K)] 421789K->357973K(699392K), 0.0106092 secs] [Times: user=0.15 sys=0.00, real=0.01 secs] 
2016-09-15T12:11:01.713-0400: 273.527: [GC (GCLocker Initiated GC) [PSYoungGen: 167779K->55447K(175104K)] 446043K->352103K(699392K), 0.0094499 secs] [Times: user=0.15 sys=0.00, real=0.01 secs] 
2016-09-15T12:11:01.859-0400: 273.673: [GC (GCLocker Initiated GC) [PSYoungGen: 143511K->85562K(175104K)] 446312K->394737K(699392K), 0.0105680 secs] [Times: user=0.09 sys=0.03, real=0.01 secs] 
2016-09-15T12:11:02.012-0400: 273.826: [GC (GCLocker Initiated GC) [PSYoungGen: 173626K->42977K(175104K)] 495066K->394887K(699392K), 0.0181950 secs] [Times: user=0.14 sys=0.00, real=0.02 secs] 
2016-09-15T12:11:02.130-0400: 273.944: [GC (GCLocker Initiated GC) [PSYoungGen: 131041K->85890K(175104K)] 483144K->462585K(699392K), 0.0129853 secs] [Times: user=0.13 sys=0.00, real=0.01 secs] 
2016-09-15T12:11:02.282-0400: 274.096: [GC (GCLocker Initiated GC) [PSYoungGen: 173954K->30891K(175104K)] 550690K->456494K(699392K), 0.0273052 secs] [Times: user=0.30 sys=0.00, real=0.03 secs] 
2016-09-15T12:11:02.415-0400: 274.229: [GC (GCLocker Initiated GC) [PSYoungGen: 118955K->85758K(175104K)] 544571K->517561K(699392K), 0.0102454 secs] [Times: user=0.11 sys=0.00, real=0.01 secs] 
2016-09-15T12:11:02.548-0400: 274.362: [GC (GCLocker Initiated GC) [PSYoungGen: 173822K->67469K(175104K)] 611748K->548235K(699392K), 0.0092873 secs] [Times: user=0.09 sys=0.00, real=0.01 secs] 
2016-09-15T12:11:02.557-0400: 274.371: [Full GC (Ergonomics) [PSYoungGen: 67469K->0K(175104K)] [ParOldGen: 480766K->48241K(524288K)] 548235K->48241K(699392K), [Metaspace: 44601K->44601K(1087488K)], 0.0598452 secs] [Times: user=0.36 sys=0.01, real=0.06 secs] 
2016-09-15T12:11:02.739-0400: 274.553: [GC (GCLocker Initiated GC) [PSYoungGen: 88064K->86146K(175104K)] 136319K->140476K(699392K), 0.0088276 secs] [Times: user=0.09 sys=0.00, real=0.01 secs] 
2016-09-15T12:11:02.857-0400: 274.671: [GC (Allocation Failure) [PSYoungGen: 174210K->67469K(175104K)] 234730K->165298K(699392K), 0.0097241 secs] [Times: user=0.09 sys=0.00, real=0.00 secs] 
2016-09-15T12:11:03.002-0400: 274.815: [GC (GCLocker Initiated GC) [PSYoungGen: 150785K->55447K(175104K)] 254689K->220245K(699392K), 0.0113872 secs] [Times: user=0.17 sys=0.00, real=0.01 secs] 
2016-09-15T12:11:03.145-0400: 274.959: [GC (GCLocker Initiated GC) [PSYoungGen: 143511K->85986K(175104K)] 308670K->251444K(699392K), 0.0103456 secs] [Times: user=0.14 sys=0.00, real=0.01 secs] 
2016-09-15T12:11:03.275-0400: 275.088: [GC (GCLocker Initiated GC) [PSYoungGen: 174050K->37062K(175104K)] 339550K->245526K(699392K), 0.0094654 secs] [Times: user=0.09 sys=0.00, real=0.01 secs] 
2016-09-15T12:11:03.460-0400: 275.274: [GC (Allocation Failure) [PSYoungGen: 125126K->37745K(175104K)] 352148K->319603K(699392K), 0.0094186 secs] [Times: user=0.11 sys=0.00, real=0.01 secs] 
2016-09-15T12:11:03.603-0400: 275.417: [GC (GCLocker Initiated GC) [PSYoungGen: 124768K->55743K(175104K)] 412701K->344170K(699392K), 0.0071054 secs] [Times: user=0.10 sys=0.00, real=0.01 secs] 
2016-09-15T12:11:03.715-0400: 275.529: [GC (GCLocker Initiated GC) [PSYoungGen: 143805K->55351K(175104K)] 432593K->380693K(699392K), 0.0142304 secs] [Times: user=0.14 sys=0.00, real=0.02 secs] 
2016-09-15T12:11:03.844-0400: 275.658: [GC (GCLocker Initiated GC) [PSYoungGen: 143415K->80043K(175104K)] 469118K->442315K(699392K), 0.0157077 secs] [Times: user=0.19 sys=0.00, real=0.02 secs] 
2016-09-15T12:11:03.972-0400: 275.786: [GC (Allocation Failure) [PSYoungGen: 168107K->30891K(175104K)] 536675K->442587K(699392K), 0.0098300 secs] [Times: user=0.08 sys=0.00, real=0.01 secs] 
2016-09-15T12:11:04.089-0400: 275.903: [GC (GCLocker Initiated GC) [PSYoungGen: 116360K->61654K(175104K)] 534131K->516003K(699392K), 0.0098861 secs] [Times: user=0.12 sys=0.00, real=0.01 secs] 
2016-09-15T12:11:04.099-0400: 275.913: [Full GC (Ergonomics) [PSYoungGen: 61654K->0K(175104K)] [ParOldGen: 454349K->55013K(524288K)] 516003K->55013K(699392K), [Metaspace: 44601K->44601K(1087488K)], 0.0528492 secs] [Times: user=0.40 sys=0.00, real=0.05 secs] 
2016-09-15T12:11:04.256-0400: 276.070: [GC (GCLocker Initiated GC) [PSYoungGen: 88064K->85690K(175104K)] 143119K->158970K(699392K), 0.0098470 secs] [Times: user=0.10 sys=0.00, real=0.00 secs] 
2016-09-15T12:11:04.411-0400: 276.224: [GC (Allocation Failure) [PSYoungGen: 173754K->37354K(175104K)] 253660K->202459K(699392K), 0.0108574 secs] [Times: user=0.16 sys=0.00, real=0.01 secs] 
2016-09-15T12:11:04.518-0400: 276.332: [GC (GCLocker Initiated GC) [PSYoungGen: 125418K->85594K(175104K)] 290529K->257244K(699392K), 0.0108875 secs] [Times: user=0.15 sys=0.00, real=0.01 secs] 
2016-09-15T12:11:04.668-0400: 276.482: [GC (Allocation Failure) [PSYoungGen: 173658K->67533K(175104K)] 351419K->281871K(699392K), 0.0111419 secs] [Times: user=0.17 sys=0.00, real=0.01 secs] 
2016-09-15T12:11:04.797-0400: 276.611: [GC (GCLocker Initiated GC) [PSYoungGen: 155597K->61554K(175104K)] 369935K->324808K(699392K), 0.0114287 secs] [Times: user=0.18 sys=0.00, real=0.01 secs] 
2016-09-15T12:11:04.897-0400: 276.711: [GC (GCLocker Initiated GC) [PSYoungGen: 149618K->86018K(175104K)] 412998K->386187K(699392K), 0.0126241 secs] [Times: user=0.21 sys=0.01, real=0.01 secs] 
2016-09-15T12:11:05.023-0400: 276.836: [GC (GCLocker Initiated GC) [PSYoungGen: 174082K->85986K(175104K)] 480373K->422984K(699392K), 0.0111271 secs] [Times: user=0.16 sys=0.00, real=0.01 secs] 
2016-09-15T12:11:05.164-0400: 276.978: [GC (GCLocker Initiated GC) [PSYoungGen: 174050K->37030K(175104K)] 511052K->447271K(699392K), 0.0125756 secs] [Times: user=0.18 sys=0.00, real=0.02 secs] 
2016-09-15T12:11:05.309-0400: 277.123: [GC (GCLocker Initiated GC) [PSYoungGen: 125094K->19360K(175104K)] 559917K->454452K(699392K), 0.0063207 secs] [Times: user=0.08 sys=0.00, real=0.00 secs] 
2016-09-15T12:11:05.315-0400: 277.129: [Full GC (Ergonomics) [PSYoungGen: 19360K->0K(175104K)] [ParOldGen: 435091K->54128K(524288K)] 454452K->54128K(699392K), [Metaspace: 44601K->44601K(1087488K)], 0.0507873 secs] [Times: user=0.49 sys=0.01, real=0.05 secs] 
2016-09-15T12:11:05.478-0400: 277.292: [GC (GCLocker Initiated GC) [PSYoungGen: 88064K->86250K(175104K)] 142553K->146815K(699392K), 0.0110372 secs] [Times: user=0.14 sys=0.00, real=0.01 secs] 
2016-09-15T12:11:05.607-0400: 277.421: [GC (GCLocker Initiated GC) [PSYoungGen: 174314K->73672K(175104K)] 241264K->177559K(699392K), 0.0115220 secs] [Times: user=0.18 sys=0.00, real=0.02 secs] 
2016-09-15T12:11:05.724-0400: 277.538: [GC (GCLocker Initiated GC) [PSYoungGen: 161736K->73704K(175104K)] 265856K->214410K(699392K), 0.0118016 secs] [Times: user=0.18 sys=0.00, real=0.02 secs] 
2016-09-15T12:11:05.845-0400: 277.659: [GC (GCLocker Initiated GC) [PSYoungGen: 161768K->67761K(175104K)] 303148K->245751K(699392K), 0.0111136 secs] [Times: user=0.18 sys=0.00, real=0.02 secs] 
2016-09-15T12:11:05.951-0400: 277.765: [GC (GCLocker Initiated GC) [PSYoungGen: 155825K->55219K(175104K)] 340122K->258040K(699392K), 0.0103974 secs] [Times: user=0.15 sys=0.00, real=0.01 secs] 
2016-09-15T12:11:06.081-0400: 277.895: [GC (GCLocker Initiated GC) [PSYoungGen: 143283K->86182K(175104K)] 346471K->313846K(699392K), 0.0119622 secs] [Times: user=0.18 sys=0.00, real=0.01 secs] 
2016-09-15T12:11:06.251-0400: 278.065: [GC (GCLocker Initiated GC) [PSYoungGen: 174246K->36898K(175104K)] 414157K->295474K(699392K), 0.0111294 secs] [Times: user=0.12 sys=0.00, real=0.01 secs] 
2016-09-15T12:11:06.408-0400: 278.221: [GC (GCLocker Initiated GC) [PSYoungGen: 124962K->37194K(175104K)] 395842K->308193K(699392K), 0.0061433 secs] [Times: user=0.08 sys=0.00, real=0.00 secs] 
2016-09-15T12:11:06.528-0400: 278.342: [GC (Allocation Failure) [PSYoungGen: 125258K->86018K(175104K)] 396411K->387689K(699392K), 0.0117989 secs] [Times: user=0.18 sys=0.00, real=0.01 secs] 
2016-09-15T12:11:06.647-0400: 278.461: [GC (GCLocker Initiated GC) [PSYoungGen: 168277K->73736K(175104K)] 476024K->442712K(699392K), 0.0120419 secs] [Times: user=0.16 sys=0.00, real=0.02 secs] 
2016-09-15T12:11:06.773-0400: 278.586: [GC (GCLocker Initiated GC) [PSYoungGen: 161800K->73804K(175104K)] 530806K->461359K(699392K), 0.0112594 secs] [Times: user=0.14 sys=0.00, real=0.01 secs] 
2016-09-15T12:11:06.886-0400: 278.699: [GC (Allocation Failure) [PSYoungGen: 161868K->73480K(175104K)] 555539K->485652K(699392K), 0.0081562 secs] [Times: user=0.08 sys=0.00, real=0.01 secs] 
2016-09-15T12:11:07.022-0400: 278.835: [GC (GCLocker Initiated GC) [PSYoungGen: 161544K->85986K(175104K)] 573722K->559213K(699392K), 0.0135733 secs] [Times: user=0.19 sys=0.01, real=0.01 secs] 
2016-09-15T12:11:07.035-0400: 278.849: [Full GC (Ergonomics) [PSYoungGen: 85986K->0K(175104K)] [ParOldGen: 473227K->54377K(524288K)] 559213K->54377K(699392K), [Metaspace: 44601K->44601K(1087488K)], 0.0515118 secs] [Times: user=0.48 sys=0.00, real=0.05 secs] 
2016-09-15T12:11:07.212-0400: 279.026: [GC (GCLocker Initiated GC) [PSYoungGen: 88064K->85758K(175104K)] 154767K->158537K(699392K), 0.0111232 secs] [Times: user=0.15 sys=0.00, real=0.01 secs] 
2016-09-15T12:11:07.363-0400: 279.176: [GC (Allocation Failure) [PSYoungGen: 173822K->37226K(175104K)] 259072K->177623K(699392K), 0.0159993 secs] [Times: user=0.17 sys=0.00, real=0.02 secs] 
2016-09-15T12:11:07.487-0400: 279.300: [GC (GCLocker Initiated GC) [PSYoungGen: 123154K->55351K(175104K)] 269626K->220503K(699392K), 0.0167473 secs] [Times: user=0.21 sys=0.00, real=0.02 secs] 
2016-09-15T12:11:07.631-0400: 279.445: [GC (GCLocker Initiated GC) [PSYoungGen: 143415K->73804K(175104K)] 314885K->245386K(699392K), 0.0158094 secs] [Times: user=0.16 sys=0.00, real=0.01 secs] 
2016-09-15T12:11:07.775-0400: 279.589: [GC (GCLocker Initiated GC) [PSYoungGen: 161868K->61198K(175104K)] 333704K->251535K(699392K), 0.0160974 secs] [Times: user=0.17 sys=0.00, real=0.02 secs] 
2016-09-15T12:11:07.894-0400: 279.708: [GC (GCLocker Initiated GC) [PSYoungGen: 149262K->37030K(175104K)] 351998K->258079K(699392K), 0.0305165 secs] [Times: user=0.36 sys=0.00, real=0.03 secs] 
2016-09-15T12:11:08.078-0400: 279.892: [GC (GCLocker Initiated GC) [PSYoungGen: 125094K->42909K(175104K)] 346168K->282451K(699392K), 0.0170037 secs] [Times: user=0.15 sys=0.00, real=0.01 secs] 
2016-09-15T12:11:08.219-0400: 280.033: [GC (GCLocker Initiated GC) [PSYoungGen: 130973K->79587K(175104K)] 370787K->325588K(699392K), 0.0096025 secs] [Times: user=0.10 sys=0.01, real=0.01 secs] 
2016-09-15T12:11:08.359-0400: 280.173: [GC (Allocation Failure) [PSYoungGen: 167651K->73772K(175104K)] 413805K->362767K(699392K), 0.0112637 secs] [Times: user=0.14 sys=0.00, real=0.01 secs] 
2016-09-15T12:11:08.486-0400: 280.300: [GC (GCLocker Initiated GC) [PSYoungGen: 158412K->55351K(175104K)] 453482K->399328K(699392K), 0.0095222 secs] [Times: user=0.13 sys=0.00, real=0.01 secs] 
2016-09-15T12:11:08.634-0400: 280.448: [GC (GCLocker Initiated GC) [PSYoungGen: 143415K->79587K(175104K)] 487580K->424020K(699392K), 0.0390162 secs] [Times: user=0.40 sys=0.01, real=0.04 secs] 
2016-09-15T12:11:08.813-0400: 280.627: [GC (Allocation Failure) [PSYoungGen: 167651K->73348K(175104K)] 518206K->484928K(699392K), 0.0277716 secs] [Times: user=0.31 sys=0.01, real=0.03 secs] 
2016-09-15T12:11:08.955-0400: 280.769: [GC (GCLocker Initiated GC) [PSYoungGen: 157556K->61590K(175104K)] 575212K->527957K(699392K), 0.0102712 secs] [Times: user=0.09 sys=0.01, real=0.01 secs] 
2016-09-15T12:11:08.966-0400: 280.780: [Full GC (Ergonomics) [PSYoungGen: 61590K->0K(175104K)] [ParOldGen: 466367K->54417K(524288K)] 527957K->54417K(699392K), [Metaspace: 44601K->44601K(1087488K)], 0.0622512 secs] [Times: user=0.33 sys=0.01, real=0.07 secs] 
2016-09-15T12:11:09.147-0400: 280.961: [GC (GCLocker Initiated GC) [PSYoungGen: 88064K->67437K(175104K)] 142624K->121997K(699392K), 0.0079394 secs] [Times: user=0.06 sys=0.00, real=0.01 secs] 
2016-09-15T12:11:09.275-0400: 281.089: [GC (GCLocker Initiated GC) [PSYoungGen: 155501K->61362K(175104K)] 210282K->146794K(699392K), 0.0275792 secs] [Times: user=0.29 sys=0.00, real=0.03 secs] 
2016-09-15T12:11:09.430-0400: 281.243: [GC (GCLocker Initiated GC) [PSYoungGen: 149426K->73476K(175104K)] 234928K->226111K(699392K), 0.0117252 secs] [Times: user=0.14 sys=0.00, real=0.01 secs] 
2016-09-15T12:11:09.558-0400: 281.372: [GC (Allocation Failure) [PSYoungGen: 161540K->61462K(175104K)] 314211K->232485K(699392K), 0.0071503 secs] [Times: user=0.06 sys=0.01, real=0.00 secs] 
2016-09-15T12:11:09.678-0400: 281.491: [GC (GCLocker Initiated GC) [PSYoungGen: 149526K->79647K(175104K)] 320555K->305831K(699392K), 0.0118122 secs] [Times: user=0.19 sys=0.00, real=0.01 secs] 
2016-09-15T12:11:09.817-0400: 281.631: [GC (GCLocker Initiated GC) [PSYoungGen: 167711K->85822K(175104K)] 394004K->336574K(699392K), 0.0149064 secs] [Times: user=0.22 sys=0.00, real=0.01 secs] 
2016-09-15T12:11:09.938-0400: 281.752: [GC (Allocation Failure) [PSYoungGen: 173886K->73704K(175104K)] 424926K->385802K(699392K), 0.0133911 secs] [Times: user=0.16 sys=0.00, real=0.01 secs] 
2016-09-15T12:11:09.952-0400: 281.766: [GC (GCLocker Initiated GC) [PSYoungGen: 73713K->32K(175104K)] 385812K->403675K(699392K), 0.0081519 secs] [Times: user=0.10 sys=0.00, real=0.01 secs] 
2016-09-15T12:11:10.083-0400: 281.897: [GC (GCLocker Initiated GC) [PSYoungGen: 87155K->74000K(175104K)] 496873K->483718K(699392K), 0.0085649 secs] [Times: user=0.08 sys=0.01, real=0.01 secs] 
2016-09-15T12:11:10.216-0400: 282.029: [GC (Allocation Failure) [PSYoungGen: 162064K->67437K(175104K)] 572008K->496202K(699392K), 0.0103366 secs] [Times: user=0.09 sys=0.01, real=0.00 secs] 
2016-09-15T12:11:10.226-0400: 282.040: [Full GC (Ergonomics) [PSYoungGen: 67437K->0K(175104K)] [ParOldGen: 428765K->48158K(524288K)] 496202K->48158K(699392K), [Metaspace: 44601K->44601K(1087488K)], 0.0663194 secs] [Times: user=0.46 sys=0.00, real=0.07 secs] 
2016-09-15T12:11:10.399-0400: 282.213: [GC (GCLocker Initiated GC) [PSYoungGen: 88064K->86342K(175104K)] 136228K->146656K(699392K), 0.0099530 secs] [Times: user=0.11 sys=0.00, real=0.01 secs] 
2016-09-15T12:11:10.537-0400: 282.350: [GC (GCLocker Initiated GC) [PSYoungGen: 174406K->25008K(175104K)] 247208K->183900K(699392K), 0.0105440 secs] [Times: user=0.10 sys=0.00, real=0.00 secs] 
2016-09-15T12:11:10.664-0400: 282.478: [GC (GCLocker Initiated GC) [PSYoungGen: 113072K->73672K(175104K)] 272029K->232765K(699392K), 0.0198620 secs] [Times: user=0.27 sys=0.00, real=0.02 secs] 
2016-09-15T12:11:10.825-0400: 282.639: [GC (GCLocker Initiated GC) [PSYoungGen: 161736K->73708K(175104K)] 320859K->251339K(699392K), 0.0087292 secs] [Times: user=0.11 sys=0.00, real=0.01 secs] 
2016-09-15T12:11:10.938-0400: 282.752: [GC (GCLocker Initiated GC) [PSYoungGen: 161772K->73608K(175104K)] 339765K->306599K(699392K), 0.0182924 secs] [Times: user=0.23 sys=0.00, real=0.02 secs] 
2016-09-15T12:11:11.105-0400: 282.919: [GC (GCLocker Initiated GC) [PSYoungGen: 161672K->55579K(175104K)] 401105K->337640K(699392K), 0.0236038 secs] [Times: user=0.24 sys=0.00, real=0.03 secs] 
2016-09-15T12:11:11.234-0400: 283.047: [GC (GCLocker Initiated GC) [PSYoungGen: 143643K->85630K(175104K)] 425758K->374103K(699392K), 0.0146037 secs] [Times: user=0.13 sys=0.00, real=0.02 secs] 
2016-09-15T12:11:11.369-0400: 283.183: [GC (GCLocker Initiated GC) [PSYoungGen: 173694K->55455K(175104K)] 462197K->362262K(699392K), 0.0101739 secs] [Times: user=0.08 sys=0.00, real=0.01 secs] 
2016-09-15T12:11:11.479-0400: 283.292: [GC (GCLocker Initiated GC) [PSYoungGen: 143519K->55191K(175104K)] 456499K->392706K(699392K), 0.0268563 secs] [Times: user=0.26 sys=0.00, real=0.02 secs] 
2016-09-15T12:11:11.624-0400: 283.438: [GC (GCLocker Initiated GC) [PSYoungGen: 143255K->79947K(175104K)] 486876K->441920K(699392K), 0.0213404 secs] [Times: user=0.24 sys=0.00, real=0.02 secs] 
2016-09-15T12:11:11.759-0400: 283.573: [GC (GCLocker Initiated GC) [PSYoungGen: 168011K->73576K(175104K)] 536118K->478589K(699392K), 0.0098253 secs] [Times: user=0.10 sys=0.00, real=0.01 secs] 
2016-09-15T12:11:11.877-0400: 283.690: [GC (GCLocker Initiated GC) [PSYoungGen: 161640K->67373K(175104K)] 566734K->521342K(699392K), 0.0163678 secs] [Times: user=0.15 sys=0.00, real=0.01 secs] 
2016-09-15T12:11:11.893-0400: 283.707: [Full GC (Ergonomics) [PSYoungGen: 67373K->0K(175104K)] [ParOldGen: 453969K->54869K(524288K)] 521342K->54869K(699392K), [Metaspace: 44601K->44601K(1087488K)], 0.0609300 secs] [Times: user=0.33 sys=0.01, real=0.06 secs] 
2016-09-15T12:11:12.079-0400: 283.893: [GC (GCLocker Initiated GC) [PSYoungGen: 88064K->67533K(175104K)] 142946K->122415K(699392K), 0.0184119 secs] [Times: user=0.17 sys=0.02, real=0.02 secs] 
2016-09-15T12:11:12.246-0400: 284.060: [GC (Allocation Failure) [PSYoungGen: 155597K->61166K(175104K)] 216719K->165345K(699392K), 0.0097479 secs] [Times: user=0.09 sys=0.00, real=0.02 secs] 
2016-09-15T12:11:12.390-0400: 284.204: [GC (GCLocker Initiated GC) [PSYoungGen: 149230K->55319K(175104K)] 253415K->214306K(699392K), 0.0181475 secs] [Times: user=0.18 sys=0.00, real=0.02 secs] 
2016-09-15T12:11:12.558-0400: 284.372: [GC (GCLocker Initiated GC) [PSYoungGen: 143383K->37094K(175104K)] 314719K->226766K(699392K), 0.0261472 secs] [Times: user=0.30 sys=0.00, real=0.02 secs] 
2016-09-15T12:11:12.693-0400: 284.506: [GC (GCLocker Initiated GC) [PSYoungGen: 125158K->37290K(175104K)] 320947K->263558K(699392K), 0.0324361 secs] [Times: user=0.37 sys=0.00, real=0.03 secs] 
2016-09-15T12:11:12.861-0400: 284.674: [GC (GCLocker Initiated GC) [PSYoungGen: 125354K->37058K(175104K)] 357734K->324420K(699392K), 0.0159181 secs] [Times: user=0.20 sys=0.00, real=0.02 secs] 
2016-09-15T12:11:13.008-0400: 284.822: [GC (GCLocker Initiated GC) [PSYoungGen: 125122K->19460K(175104K)] 437072K->349732K(699392K), 0.0097021 secs] [Times: user=0.10 sys=0.00, real=0.01 secs] 
2016-09-15T12:11:13.139-0400: 284.953: [GC (Allocation Failure) [PSYoungGen: 107524K->37453K(175104K)] 450234K->380642K(699392K), 0.0056794 secs] [Times: user=0.08 sys=0.01, real=0.00 secs] 
2016-09-15T12:11:13.261-0400: 285.075: [GC (GCLocker Initiated GC) [PSYoungGen: 125517K->73804K(175104K)] 468707K->417120K(699392K), 0.0104898 secs] [Times: user=0.11 sys=0.00, real=0.01 secs] 
2016-09-15T12:11:13.405-0400: 285.218: [GC (GCLocker Initiated GC) [PSYoungGen: 161868K->73836K(175104K)] 505405K->435921K(699392K), 0.0098836 secs] [Times: user=0.13 sys=0.00, real=0.01 secs] 
2016-09-15T12:11:13.518-0400: 285.332: [GC (GCLocker Initiated GC) [PSYoungGen: 161900K->79747K(175104K)] 524144K->460328K(699392K), 0.0167455 secs] [Times: user=0.19 sys=0.00, real=0.01 secs] 
2016-09-15T12:11:13.661-0400: 285.475: [GC (Allocation Failure) [PSYoungGen: 167811K->67765K(175104K)] 548540K->503320K(699392K), 0.0156144 secs] [Times: user=0.18 sys=0.00, real=0.02 secs] 
2016-09-15T12:11:13.782-0400: 285.596: [GC (GCLocker Initiated GC) [PSYoungGen: 155829K->73544K(175104K)] 591390K->539756K(699392K), 0.0133540 secs] [Times: user=0.10 sys=0.00, real=0.01 secs] 
2016-09-15T12:11:13.795-0400: 285.609: [Full GC (Ergonomics) [PSYoungGen: 73544K->0K(175104K)] [ParOldGen: 466212K->54898K(524288K)] 539756K->54898K(699392K), [Metaspace: 44601K->44601K(1087488K)], 0.0645117 secs] [Times: user=0.36 sys=0.01, real=0.07 secs] 
2016-09-15T12:11:13.976-0400: 285.789: [GC (GCLocker Initiated GC) [PSYoungGen: 88064K->74295K(175104K)] 143025K->129257K(699392K), 0.0074837 secs] [Times: user=0.09 sys=0.00, real=0.01 secs] 
2016-09-15T12:11:14.086-0400: 285.900: [GC (GCLocker Initiated GC) [PSYoungGen: 162359K->85822K(175104K)] 223623K->171841K(699392K), 0.0102367 secs] [Times: user=0.13 sys=0.00, real=0.02 secs] 
2016-09-15T12:11:14.249-0400: 286.063: [GC (Allocation Failure) [PSYoungGen: 173886K->37290K(175104K)] 278474K->196673K(699392K), 0.0126069 secs] [Times: user=0.12 sys=0.00, real=0.01 secs] 
2016-09-15T12:11:14.262-0400: 286.076: [GC (GCLocker Initiated GC) [PSYoungGen: 37297K->160K(175104K)] 196681K->196667K(699392K), 0.0113058 secs] [Times: user=0.10 sys=0.00, real=0.01 secs] 
2016-09-15T12:11:14.402-0400: 286.216: [GC (GCLocker Initiated GC) [PSYoungGen: 82696K->85890K(175104K)] 285278K->294547K(699392K), 0.0182533 secs] [Times: user=0.21 sys=0.00, real=0.02 secs] 
2016-09-15T12:11:14.535-0400: 286.349: [GC (GCLocker Initiated GC) [PSYoungGen: 173954K->43432K(175104K)] 388859K->295236K(699392K), 0.0194604 secs] [Times: user=0.21 sys=0.01, real=0.02 secs] 
2016-09-15T12:11:14.675-0400: 286.489: [GC (GCLocker Initiated GC) [PSYoungGen: 131496K->67309K(175104K)] 383409K->356102K(699392K), 0.0145861 secs] [Times: user=0.13 sys=0.00, real=0.02 secs] 
2016-09-15T12:11:14.838-0400: 286.652: [GC (GCLocker Initiated GC) [PSYoungGen: 155373K->49472K(175104K)] 456487K->405381K(699392K), 0.0168557 secs] [Times: user=0.21 sys=0.00, real=0.01 secs] 
2016-09-15T12:11:14.992-0400: 286.806: [GC (Allocation Failure) [PSYoungGen: 137536K->42877K(175104K)] 499785K->405549K(699392K), 0.0099724 secs] [Times: user=0.08 sys=0.00, real=0.01 secs] 
2016-09-15T12:11:15.111-0400: 286.925: [GC (GCLocker Initiated GC) [PSYoungGen: 130941K->36966K(175104K)] 493619K->417949K(699392K), 0.0227105 secs] [Times: user=0.23 sys=0.00, real=0.02 secs] 
2016-09-15T12:11:15.276-0400: 287.090: [GC (GCLocker Initiated GC) [PSYoungGen: 125030K->79847K(175104K)] 506346K->479671K(699392K), 0.0098523 secs] [Times: user=0.08 sys=0.00, real=0.00 secs] 
2016-09-15T12:11:15.446-0400: 287.259: [GC (GCLocker Initiated GC) [PSYoungGen: 167911K->67241K(175104K)] 573869K->491847K(699392K), 0.0273919 secs] [Times: user=0.28 sys=0.00, real=0.03 secs] 
2016-09-15T12:11:15.634-0400: 287.448: [GC (GCLocker Initiated GC) [PSYoungGen: 155305K->67273K(175104K)] 579981K->522436K(699392K), 0.0270659 secs] [Times: user=0.30 sys=0.00, real=0.03 secs] 
2016-09-15T12:11:15.772-0400: 287.585: [Full GC (Ergonomics) [PSYoungGen: 155337K->0K(175104K)] [ParOldGen: 461587K->54707K(524288K)] 616924K->54707K(699392K), [Metaspace: 44606K->44606K(1087488K)], 0.0637034 secs] [Times: user=0.37 sys=0.01, real=0.06 secs] 
2016-09-15T12:11:15.959-0400: 287.773: [GC (GCLocker Initiated GC) [PSYoungGen: 88064K->73836K(175104K)] 143138K->128910K(699392K), 0.0098406 secs] [Times: user=0.11 sys=0.00, real=0.01 secs] 
2016-09-15T12:11:16.080-0400: 287.893: [GC (GCLocker Initiated GC) [PSYoungGen: 161900K->61298K(175104K)] 217335K->129291K(699392K), 0.0097268 secs] [Times: user=0.05 sys=0.00, real=0.01 secs] 
2016-09-15T12:11:16.208-0400: 288.022: [GC (GCLocker Initiated GC) [PSYoungGen: 149362K->43233K(175104K)] 223435K->172100K(699392K), 0.0089506 secs] [Times: user=0.09 sys=0.00, real=0.01 secs] 
2016-09-15T12:11:16.322-0400: 288.136: [GC (GCLocker Initiated GC) [PSYoungGen: 131297K->79783K(175104K)] 260284K->209046K(699392K), 0.0097929 secs] [Times: user=0.08 sys=0.00, real=0.01 secs] 
2016-09-15T12:11:16.461-0400: 288.275: [GC (Allocation Failure) [PSYoungGen: 167847K->55415K(175104K)] 297465K->233940K(699392K), 0.0114083 secs] [Times: user=0.13 sys=0.00, real=0.01 secs] 
2016-09-15T12:11:16.602-0400: 288.416: [GC (GCLocker Initiated GC) [PSYoungGen: 141817K->49248K(175104K)] 326418K->233920K(699392K), 0.0096541 secs] [Times: user=0.07 sys=0.00, real=0.01 secs] 
2016-09-15T12:11:16.727-0400: 288.541: [GC (GCLocker Initiated GC) [PSYoungGen: 137312K->49084K(175104K)] 328101K->276582K(699392K), 0.0391251 secs] [Times: user=0.41 sys=0.01, real=0.04 secs] 
2016-09-15T12:11:16.890-0400: 288.704: [GC (GCLocker Initiated GC) [PSYoungGen: 137148K->49376K(175104K)] 370959K->325815K(699392K), 0.0164386 secs] [Times: user=0.17 sys=0.00, real=0.01 secs] 
2016-09-15T12:11:17.042-0400: 288.856: [GC (GCLocker Initiated GC) [PSYoungGen: 137440K->67533K(175104K)] 414061K->362818K(699392K), 0.0088868 secs] [Times: user=0.08 sys=0.00, real=0.01 secs] 
2016-09-15T12:11:17.173-0400: 288.987: [GC (GCLocker Initiated GC) [PSYoungGen: 155597K->37130K(175104K)] 451243K->351089K(699392K), 0.0198085 secs] [Times: user=0.20 sys=0.00, real=0.02 secs] 
2016-09-15T12:11:17.306-0400: 289.120: [GC (GCLocker Initiated GC) [PSYoungGen: 125194K->61266K(175104K)] 439368K->393924K(699392K), 0.0280601 secs] [Times: user=0.31 sys=0.00, real=0.03 secs] 
2016-09-15T12:11:17.481-0400: 289.295: [GC (GCLocker Initiated GC) [PSYoungGen: 149330K->55223K(175104K)] 482139K->406352K(699392K), 0.0162548 secs] [Times: user=0.16 sys=0.01, real=0.02 secs] 
2016-09-15T12:11:17.613-0400: 289.426: [GC (GCLocker Initiated GC) [PSYoungGen: 143287K->85758K(175104K)] 494570K->473618K(699392K), 0.0104714 secs] [Times: user=0.13 sys=0.01, real=0.01 secs] 
2016-09-15T12:11:17.735-0400: 289.549: [GC (GCLocker Initiated GC) [PSYoungGen: 173822K->55483K(175104K)] 561926K->498382K(699392K), 0.0129499 secs] [Times: user=0.14 sys=0.00, real=0.02 secs] 
2016-09-15T12:11:17.850-0400: 289.664: [GC (GCLocker Initiated GC) [PSYoungGen: 143547K->67469K(175104K)] 586750K->547414K(699392K), 0.0187709 secs] [Times: user=0.18 sys=0.01, real=0.02 secs] 
2016-09-15T12:11:17.869-0400: 289.683: [Full GC (Ergonomics) [PSYoungGen: 67469K->0K(175104K)] [ParOldGen: 479945K->54872K(524288K)] 547414K->54872K(699392K), [Metaspace: 44606K->44606K(1087488K)], 0.0598310 secs] [Times: user=0.35 sys=0.02, real=0.06 secs] 
2016-09-15T12:11:18.021-0400: 289.835: [GC (GCLocker Initiated GC) [PSYoungGen: 88064K->86246K(175104K)] 143017K->147274K(699392K), 0.0100794 secs] [Times: user=0.07 sys=0.00, real=0.01 secs] 
2016-09-15T12:11:18.144-0400: 289.958: [GC (GCLocker Initiated GC) [PSYoungGen: 174310K->61554K(175104K)] 241774K->227306K(699392K), 0.0124504 secs] [Times: user=0.17 sys=0.00, real=0.02 secs] 
2016-09-15T12:11:18.258-0400: 290.072: [GC (GCLocker Initiated GC) [PSYoungGen: 149618K->79615K(175104K)] 315563K->282170K(699392K), 0.0112466 secs] [Times: user=0.17 sys=0.00, real=0.01 secs] 
2016-09-15T12:11:18.396-0400: 290.210: [GC (GCLocker Initiated GC) [PSYoungGen: 167679K->55906K(175104K)] 376608K->319670K(699392K), 0.0136876 secs] [Times: user=0.17 sys=0.00, real=0.01 secs] 
2016-09-15T12:11:18.507-0400: 290.321: [GC (Allocation Failure) [PSYoungGen: 143970K->55155K(175104K)] 408061K->337926K(699392K), 0.0070933 secs] [Times: user=0.08 sys=0.00, real=0.01 secs] 
2016-09-15T12:11:18.609-0400: 290.423: [GC (GCLocker Initiated GC) [PSYoungGen: 143219K->86346K(175104K)] 425990K->393561K(699392K), 0.0105817 secs] [Times: user=0.17 sys=0.00, real=0.01 secs] 
2016-09-15T12:11:18.717-0400: 290.530: [GC (GCLocker Initiated GC) [PSYoungGen: 174410K->85986K(175104K)] 481790K->399920K(699392K), 0.0160614 secs] [Times: user=0.21 sys=0.00, real=0.01 secs] 
2016-09-15T12:11:18.860-0400: 290.674: [GC (GCLocker Initiated GC) [PSYoungGen: 174050K->61294K(175104K)] 494224K->418242K(699392K), 0.0103555 secs] [Times: user=0.15 sys=0.01, real=0.01 secs] 
2016-09-15T12:11:18.988-0400: 290.802: [GC (GCLocker Initiated GC) [PSYoungGen: 149358K->67825K(175104K)] 506348K->467491K(699392K), 0.0094837 secs] [Times: user=0.12 sys=0.00, real=0.01 secs] 
2016-09-15T12:11:19.094-0400: 290.908: [GC (GCLocker Initiated GC) [PSYoungGen: 155889K->85922K(175104K)] 561729K->552835K(699392K), 0.0124676 secs] [Times: user=0.19 sys=0.00, real=0.01 secs] 
2016-09-15T12:11:19.107-0400: 290.921: [Full GC (Ergonomics) [PSYoungGen: 85922K->0K(175104K)] [ParOldGen: 466913K->49012K(524288K)] 552835K->49012K(699392K), [Metaspace: 44606K->44606K(1087488K)], 0.0470201 secs] [Times: user=0.37 sys=0.00, real=0.05 secs] 
2016-09-15T12:11:19.275-0400: 291.089: [GC (GCLocker Initiated GC) [PSYoungGen: 88064K->86078K(175104K)] 149436K->165676K(699392K), 0.0101632 secs] [Times: user=0.13 sys=0.00, real=0.01 secs] 
2016-09-15T12:11:19.413-0400: 291.227: [GC (GCLocker Initiated GC) [PSYoungGen: 174142K->43528K(175104K)] 253955K->184647K(699392K), 0.0116615 secs] [Times: user=0.11 sys=0.00, real=0.01 secs] 
2016-09-15T12:11:19.515-0400: 291.329: [GC (GCLocker Initiated GC) [PSYoungGen: 131592K->86150K(175104K)] 279102K->240065K(699392K), 0.0080011 secs] [Times: user=0.11 sys=0.00, real=0.01 secs] 
2016-09-15T12:11:19.647-0400: 291.461: [GC (GCLocker Initiated GC) [PSYoungGen: 174214K->55579K(175104K)] 340556K->258491K(699392K), 0.0132737 secs] [Times: user=0.18 sys=0.01, real=0.02 secs] 
2016-09-15T12:11:19.769-0400: 291.583: [GC (Allocation Failure) [PSYoungGen: 143643K->55515K(175104K)] 346793K->277174K(699392K), 0.0072098 secs] [Times: user=0.07 sys=0.00, real=0.01 secs] 
2016-09-15T12:11:19.887-0400: 291.701: [GC (GCLocker Initiated GC) [PSYoungGen: 143579K->55579K(175104K)] 365243K->314009K(699392K), 0.0169422 secs] [Times: user=0.20 sys=0.00, real=0.02 secs] 
2016-09-15T12:11:20.031-0400: 291.845: [GC (Allocation Failure) [PSYoungGen: 143643K->85658K(175104K)] 402327K->363211K(699392K), 0.0121569 secs] [Times: user=0.17 sys=0.00, real=0.01 secs] 
2016-09-15T12:11:20.148-0400: 291.962: [GC (GCLocker Initiated GC) [PSYoungGen: 173722K->85854K(175104K)] 451281K->418263K(699392K), 0.0139332 secs] [Times: user=0.21 sys=0.00, real=0.01 secs] 
2016-09-15T12:11:20.278-0400: 292.092: [GC (GCLocker Initiated GC) [PSYoungGen: 173918K->74000K(175104K)] 506688K->437453K(699392K), 0.0106046 secs] [Times: user=0.15 sys=0.00, real=0.01 secs] 
2016-09-15T12:11:20.414-0400: 292.228: [GC (GCLocker Initiated GC) [PSYoungGen: 162064K->85662K(175104K)] 531719K->473685K(699392K), 0.0109441 secs] [Times: user=0.16 sys=0.00, real=0.01 secs] 
2016-09-15T12:11:20.532-0400: 292.346: [GC (GCLocker Initiated GC) [PSYoungGen: 173726K->61522K(175104K)] 568135K->474299K(699392K), 0.0109137 secs] [Times: user=0.08 sys=0.00, real=0.01 secs] 
2016-09-15T12:11:20.670-0400: 292.484: [GC (GCLocker Initiated GC) [PSYoungGen: 149586K->61362K(175104K)] 568558K->498826K(699392K), 0.0111706 secs] [Times: user=0.10 sys=0.01, real=0.01 secs] 
2016-09-15T12:11:20.808-0400: 292.622: [GC (GCLocker Initiated GC) [PSYoungGen: 149426K->73804K(175104K)] 587060K->529971K(699392K), 0.0125044 secs] [Times: user=0.18 sys=0.00, real=0.01 secs] 
2016-09-15T12:11:20.941-0400: 292.755: [Full GC (Ergonomics) [PSYoungGen: 161868K->0K(175104K)] [ParOldGen: 462261K->54974K(524288K)] 624129K->54974K(699392K), [Metaspace: 44616K->44616K(1087488K)], 0.0599992 secs] [Times: user=0.42 sys=0.01, real=0.06 secs] 
2016-09-15T12:11:21.137-0400: 292.951: [GC (GCLocker Initiated GC) [PSYoungGen: 88063K->80267K(175104K)] 149468K->141671K(699392K), 0.0113066 secs] [Times: user=0.12 sys=0.00, real=0.01 secs] 
2016-09-15T12:11:21.276-0400: 293.090: [GC (Allocation Failure) [PSYoungGen: 168331K->55447K(175104K)] 236077K->160542K(699392K), 0.0126715 secs] [Times: user=0.19 sys=0.00, real=0.01 secs] 
2016-09-15T12:11:21.289-0400: 293.103: [GC (GCLocker Initiated GC) [PSYoungGen: 55811K->64K(175104K)] 160907K->160213K(699392K), 0.0055071 secs] [Times: user=0.06 sys=0.00, real=0.00 secs] 
2016-09-15T12:11:21.410-0400: 293.224: [GC (GCLocker Initiated GC) [PSYoungGen: 88128K->86274K(175104K)] 248282K->270737K(699392K), 0.0109276 secs] [Times: user=0.16 sys=0.01, real=0.01 secs] 
2016-09-15T12:11:21.517-0400: 293.331: [GC (GCLocker Initiated GC) [PSYoungGen: 174338K->86182K(175104K)] 359167K->332496K(699392K), 0.0130191 secs] [Times: user=0.19 sys=0.00, real=0.01 secs] 
2016-09-15T12:11:21.646-0400: 293.460: [GC (GCLocker Initiated GC) [PSYoungGen: 174246K->73736K(175104K)] 426823K->381640K(699392K), 0.0116209 secs] [Times: user=0.18 sys=0.00, real=0.02 secs] 
2016-09-15T12:11:21.785-0400: 293.599: [GC (GCLocker Initiated GC) [PSYoungGen: 161800K->55775K(175104K)] 476017K->370143K(699392K), 0.0099643 secs] [Times: user=0.13 sys=0.01, real=0.01 secs] 
2016-09-15T12:11:21.905-0400: 293.719: [GC (GCLocker Initiated GC) [PSYoungGen: 143839K->73640K(175104K)] 458282K->406599K(699392K), 0.0102625 secs] [Times: user=0.15 sys=0.00, real=0.01 secs] 
2016-09-15T12:11:22.045-0400: 293.859: [GC (GCLocker Initiated GC) [PSYoungGen: 161704K->55483K(175104K)] 506857K->418996K(699392K), 0.0263743 secs] [Times: user=0.30 sys=0.00, real=0.03 secs] 
2016-09-15T12:11:22.197-0400: 294.011: [GC (GCLocker Initiated GC) [PSYoungGen: 143547K->61362K(175104K)] 507309K->468105K(699392K), 0.0156140 secs] [Times: user=0.19 sys=0.00, real=0.01 secs] 
2016-09-15T12:11:22.349-0400: 294.162: [GC (GCLocker Initiated GC) [PSYoungGen: 149426K->55447K(175104K)] 568663K->511433K(699392K), 0.0098751 secs] [Times: user=0.11 sys=0.00, real=0.01 secs] 
2016-09-15T12:11:22.359-0400: 294.172: [Full GC (Ergonomics) [PSYoungGen: 55447K->0K(175104K)] [ParOldGen: 455986K->61060K(524288K)] 511433K->61060K(699392K), [Metaspace: 44616K->44616K(1087488K)], 0.0499165 secs] [Times: user=0.31 sys=0.00, real=0.05 secs] 
2016-09-15T12:11:22.506-0400: 294.320: [GC (GCLocker Initiated GC) [PSYoungGen: 88064K->86146K(175104K)] 149362K->153520K(699392K), 0.0108053 secs] [Times: user=0.13 sys=0.00, real=0.02 secs] 
2016-09-15T12:11:22.628-0400: 294.442: [GC (GCLocker Initiated GC) [PSYoungGen: 174210K->85922K(175104K)] 241755K->190604K(699392K), 0.0108738 secs] [Times: user=0.12 sys=0.00, real=0.01 secs] 
2016-09-15T12:11:22.751-0400: 294.565: [GC (GCLocker Initiated GC) [PSYoungGen: 173986K->73640K(175104K)] 278800K->221278K(699392K), 0.0128634 secs] [Times: user=0.18 sys=0.00, real=0.01 secs] 
2016-09-15T12:11:22.887-0400: 294.701: [GC (GCLocker Initiated GC) [PSYoungGen: 161704K->73936K(175104K)] 309344K->258365K(699392K), 0.0121498 secs] [Times: user=0.19 sys=0.00, real=0.02 secs] 
2016-09-15T12:11:23.015-0400: 294.829: [GC (GCLocker Initiated GC) [PSYoungGen: 162000K->86182K(175104K)] 346796K->295578K(699392K), 0.0123488 secs] [Times: user=0.14 sys=0.00, real=0.01 secs] 
2016-09-15T12:11:23.152-0400: 294.966: [GC (Allocation Failure) [PSYoungGen: 174246K->37485K(175104K)] 383711K->283552K(699392K), 0.0084290 secs] [Times: user=0.09 sys=0.01, real=0.01 secs] 
2016-09-15T12:11:23.252-0400: 295.066: [GC (GCLocker Initiated GC) [PSYoungGen: 125549K->85822K(175104K)] 371622K->338277K(699392K), 0.0117754 secs] [Times: user=0.13 sys=0.00, real=0.01 secs] 
2016-09-15T12:11:23.422-0400: 295.236: [GC (GCLocker Initiated GC) [PSYoungGen: 173886K->55515K(175104K)] 432765K->350964K(699392K), 0.0082084 secs] [Times: user=0.08 sys=0.00, real=0.01 secs] 
2016-09-15T12:11:23.540-0400: 295.354: [GC (GCLocker Initiated GC) [PSYoungGen: 143579K->73608K(175104K)] 439254K->369582K(699392K), 0.0093040 secs] [Times: user=0.12 sys=0.00, real=0.01 secs] 
2016-09-15T12:11:23.708-0400: 295.521: [GC (GCLocker Initiated GC) [PSYoungGen: 161672K->55579K(175104K)] 464077K->394537K(699392K), 0.0112203 secs] [Times: user=0.16 sys=0.00, real=0.02 secs] 
2016-09-15T12:11:23.835-0400: 295.649: [GC (GCLocker Initiated GC) [PSYoungGen: 143643K->85630K(175104K)] 482660K->430833K(699392K), 0.0172890 secs] [Times: user=0.18 sys=0.01, real=0.02 secs] 
2016-09-15T12:11:23.939-0400: 295.753: [GC (GCLocker Initiated GC) [PSYoungGen: 173694K->55451K(175104K)] 519108K->455643K(699392K), 0.0155123 secs] [Times: user=0.18 sys=0.00, real=0.01 secs] 
2016-09-15T12:11:24.075-0400: 295.888: [GC (Allocation Failure) [PSYoungGen: 143515K->61690K(175104K)] 543984K->505139K(699392K), 0.0135282 secs] [Times: user=0.13 sys=0.01, real=0.02 secs] 
2016-09-15T12:11:24.201-0400: 296.015: [Full GC (Ergonomics) [PSYoungGen: 148659K->0K(175104K)] [ParOldGen: 455599K->67823K(524288K)] 604259K->67823K(699392K), [Metaspace: 44617K->44617K(1087488K)], 0.0621055 secs] [Times: user=0.40 sys=0.02, real=0.06 secs] 
2016-09-15T12:11:24.349-0400: 296.163: [GC (GCLocker Initiated GC) [PSYoungGen: 88064K->85822K(175104K)] 156164K->178222K(699392K), 0.0114451 secs] [Times: user=0.16 sys=0.00, real=0.01 secs] 
2016-09-15T12:11:24.463-0400: 296.277: [GC (GCLocker Initiated GC) [PSYoungGen: 173886K->67565K(175104K)] 266335K->209085K(699392K), 0.0256625 secs] [Times: user=0.30 sys=0.00, real=0.03 secs] 
2016-09-15T12:11:24.612-0400: 296.426: [GC (GCLocker Initiated GC) [PSYoungGen: 155629K->73968K(175104K)] 309655K->246494K(699392K), 0.0114917 secs] [Times: user=0.15 sys=0.00, real=0.01 secs] 
2016-09-15T12:11:24.784-0400: 296.597: [GC (GCLocker Initiated GC) [PSYoungGen: 162032K->73772K(175104K)] 334751K->265180K(699392K), 0.0222509 secs] [Times: user=0.24 sys=0.00, real=0.02 secs] 
2016-09-15T12:11:24.919-0400: 296.733: [GC (GCLocker Initiated GC) [PSYoungGen: 161836K->73544K(175104K)] 353403K->301681K(699392K), 0.0139355 secs] [Times: user=0.15 sys=0.00, real=0.01 secs] 
2016-09-15T12:11:25.051-0400: 296.865: [GC (GCLocker Initiated GC) [PSYoungGen: 161608K->85726K(175104K)] 389803K->356706K(699392K), 0.0157751 secs] [Times: user=0.18 sys=0.00, real=0.01 secs] 
2016-09-15T12:11:25.189-0400: 297.003: [GC (Allocation Failure) [PSYoungGen: 173788K->18872K(175104K)] 445123K->345151K(699392K), 0.0096675 secs] [Times: user=0.08 sys=0.00, real=0.01 secs] 
2016-09-15T12:11:25.296-0400: 297.110: [GC (Allocation Failure) [PSYoungGen: 106452K->55447K(175104K)] 432730K->400257K(699392K), 0.0132097 secs] [Times: user=0.17 sys=0.00, real=0.01 secs] 
2016-09-15T12:11:25.416-0400: 297.229: [GC (GCLocker Initiated GC) [PSYoungGen: 143511K->86182K(175104K)] 488327K->455442K(699392K), 0.0101250 secs] [Times: user=0.11 sys=0.00, real=0.01 secs] 
2016-09-15T12:11:25.551-0400: 297.365: [GC (GCLocker Initiated GC) [PSYoungGen: 174246K->37062K(175104K)] 543637K->449401K(699392K), 0.0103439 secs] [Times: user=0.09 sys=0.00, real=0.01 secs] 
2016-09-15T12:11:25.666-0400: 297.480: [GC (GCLocker Initiated GC) [PSYoungGen: 125126K->79783K(175104K)] 537495K->504390K(699392K), 0.0104603 secs] [Times: user=0.09 sys=0.00, real=0.02 secs] 
2016-09-15T12:11:25.791-0400: 297.605: [GC (GCLocker Initiated GC) [PSYoungGen: 167847K->49116K(175104K)] 592618K->504546K(699392K), 0.0091458 secs] [Times: user=0.08 sys=0.00, real=0.01 secs] 
2016-09-15T12:11:25.897-0400: 297.711: [Full GC (Ergonomics) [PSYoungGen: 137180K->0K(175104K)] [ParOldGen: 461558K->53710K(524288K)] 598738K->53710K(699392K), [Metaspace: 44624K->44624K(1087488K)], 0.0963719 secs] [Times: user=0.79 sys=0.01, real=0.09 secs] 
2016-09-15T12:11:26.189-0400: 298.002: [GC (GCLocker Initiated GC) [PSYoungGen: 88064K->56454K(175104K)] 154179K->122570K(699392K), 0.0094786 secs] [Times: user=0.10 sys=0.00, real=0.01 secs] 
2016-09-15T12:11:26.349-0400: 298.163: [GC (GCLocker Initiated GC) [PSYoungGen: 144518K->79815K(175104K)] 210675K->165164K(699392K), 0.0127169 secs] [Times: user=0.15 sys=0.00, real=0.01 secs] 
2016-09-15T12:11:26.514-0400: 298.328: [GC (GCLocker Initiated GC) [PSYoungGen: 167879K->67501K(175104K)] 253270K->189485K(699392K), 0.0319554 secs] [Times: user=0.37 sys=0.00, real=0.03 secs] 
2016-09-15T12:11:26.680-0400: 298.494: [GC (Allocation Failure) [PSYoungGen: 155565K->55515K(175104K)] 277899K->244965K(699392K), 0.0220077 secs] [Times: user=0.27 sys=0.00, real=0.02 secs] 
2016-09-15T12:11:26.861-0400: 298.675: [GC (GCLocker Initiated GC) [PSYoungGen: 143579K->73544K(175104K)] 333035K->263447K(699392K), 0.0207094 secs] [Times: user=0.23 sys=0.00, real=0.02 secs] 
2016-09-15T12:11:27.054-0400: 298.868: [GC (GCLocker Initiated GC) [PSYoungGen: 161608K->55547K(175104K)] 357713K->251748K(699392K), 0.0068290 secs] [Times: user=0.05 sys=0.00, real=0.01 secs] 
2016-09-15T12:11:27.270-0400: 299.083: [GC (GCLocker Initiated GC) [PSYoungGen: 143611K->73964K(175104K)] 345911K->294757K(699392K), 0.0093381 secs] [Times: user=0.10 sys=0.00, real=0.01 secs] 
2016-09-15T12:11:27.438-0400: 299.251: [GC (GCLocker Initiated GC) [PSYoungGen: 162028K->37034K(175104K)] 383182K->289086K(699392K), 0.0244762 secs] [Times: user=0.20 sys=0.00, real=0.02 secs] 
2016-09-15T12:11:27.665-0400: 299.479: [GC (GCLocker Initiated GC) [PSYoungGen: 125098K->55547K(175104K)] 383581K->314453K(699392K), 0.0100570 secs] [Times: user=0.10 sys=0.00, real=0.01 secs] 
2016-09-15T12:11:27.838-0400: 299.651: [GC (Allocation Failure) [PSYoungGen: 143611K->73580K(175104K)] 402693K->332766K(699392K), 0.0272532 secs] [Times: user=0.26 sys=0.01, real=0.02 secs] 
2016-09-15T12:11:28.034-0400: 299.848: [GC (GCLocker Initiated GC) [PSYoungGen: 161644K->73512K(175104K)] 420835K->363378K(699392K), 0.0201463 secs] [Times: user=0.22 sys=0.00, real=0.02 secs] 
2016-09-15T12:11:28.222-0400: 300.036: [GC (GCLocker Initiated GC) [PSYoungGen: 161576K->37453K(175104K)] 463941K->339947K(699392K), 0.0223203 secs] [Times: user=0.28 sys=0.01, real=0.02 secs] 
2016-09-15T12:11:28.412-0400: 300.226: [GC (GCLocker Initiated GC) [PSYoungGen: 125517K->36870K(175104K)] 434116K->345711K(699392K), 0.0128413 secs] [Times: user=0.12 sys=0.01, real=0.01 secs] 
2016-09-15T12:11:28.624-0400: 300.438: [GC (GCLocker Initiated GC) [PSYoungGen: 124934K->18805K(175104K)] 452328K->376825K(699392K), 0.0087209 secs] [Times: user=0.04 sys=0.00, real=0.01 secs] 
2016-09-15T12:11:28.827-0400: 300.641: [GC (GCLocker Initiated GC) [PSYoungGen: 106869K->73316K(175104K)] 465060K->431626K(699392K), 0.0110409 secs] [Times: user=0.06 sys=0.00, real=0.02 secs] 
2016-09-15T12:11:28.976-0400: 300.789: [GC (GCLocker Initiated GC) [PSYoungGen: 161380K->55579K(175104K)] 526003K->438547K(699392K), 0.0151972 secs] [Times: user=0.14 sys=0.01, real=0.01 secs] 
2016-09-15T12:11:29.202-0400: 301.016: [GC (GCLocker Initiated GC) [PSYoungGen: 143643K->55647K(175104K)] 532890K->469469K(699392K), 0.0156613 secs] [Times: user=0.15 sys=0.00, real=0.02 secs] 
2016-09-15T12:11:29.368-0400: 301.182: [GC (GCLocker Initiated GC) [PSYoungGen: 143711K->85854K(175104K)] 557592K->536501K(699392K), 0.0111667 secs] [Times: user=0.14 sys=0.01, real=0.01 secs] 
2016-09-15T12:11:29.538-0400: 301.352: [GC (Allocation Failure) [PSYoungGen: 173918K->49539K(175104K)] 624645K->536828K(699392K), 0.0083297 secs] [Times: user=0.10 sys=0.00, real=0.00 secs] 
2016-09-15T12:11:29.546-0400: 301.360: [Full GC (Ergonomics) [PSYoungGen: 49539K->0K(175104K)] [ParOldGen: 487288K->48166K(524288K)] 536828K->48166K(699392K), [Metaspace: 44655K->44655K(1087488K)], 0.0618964 secs] [Times: user=0.38 sys=0.03, real=0.07 secs] 
2016-09-15T12:11:29.744-0400: 301.558: [GC (GCLocker Initiated GC) [PSYoungGen: 88064K->86342K(175104K)] 136236K->146664K(699392K), 0.0101675 secs] [Times: user=0.09 sys=0.00, real=0.01 secs] 
2016-09-15T12:11:29.954-0400: 301.768: [GC (GCLocker Initiated GC) [PSYoungGen: 174406K->67829K(175104K)] 240851K->189700K(699392K), 0.0169081 secs] [Times: user=0.18 sys=0.00, real=0.02 secs] 
2016-09-15T12:11:30.125-0400: 301.939: [GC (GCLocker Initiated GC) [PSYoungGen: 155893K->43237K(175104K)] 277812K->207948K(699392K), 0.0300148 secs] [Times: user=0.34 sys=0.00, real=0.03 secs] 
2016-09-15T12:11:30.329-0400: 302.143: [GC (GCLocker Initiated GC) [PSYoungGen: 131301K->61298K(175104K)] 296250K->250970K(699392K), 0.0171650 secs] [Times: user=0.17 sys=0.00, real=0.01 secs] 
2016-09-15T12:11:30.489-0400: 302.303: [GC (GCLocker Initiated GC) [PSYoungGen: 149362K->67373K(175104K)] 339350K->257612K(699392K), 0.0097188 secs] [Times: user=0.05 sys=0.00, real=0.01 secs] 
2016-09-15T12:11:30.647-0400: 302.461: [GC (GCLocker Initiated GC) [PSYoungGen: 155437K->61234K(175104K)] 346037K->251930K(699392K), 0.0105492 secs] [Times: user=0.10 sys=0.00, real=0.02 secs] 
2016-09-15T12:11:30.823-0400: 302.636: [GC (GCLocker Initiated GC) [PSYoungGen: 149298K->61234K(175104K)] 340142K->252313K(699392K), 0.0217347 secs] [Times: user=0.18 sys=0.00, real=0.02 secs] 
2016-09-15T12:11:31.029-0400: 302.842: [GC (GCLocker Initiated GC) [PSYoungGen: 149298K->61298K(175104K)] 340587K->295207K(699392K), 0.0175583 secs] [Times: user=0.18 sys=0.00, real=0.01 secs] 
2016-09-15T12:11:31.223-0400: 303.037: [GC (GCLocker Initiated GC) [PSYoungGen: 149362K->73512K(175104K)] 383632K->308034K(699392K), 0.0174972 secs] [Times: user=0.18 sys=0.00, real=0.02 secs] 
2016-09-15T12:11:31.417-0400: 303.231: [GC (GCLocker Initiated GC) [PSYoungGen: 161576K->73448K(175104K)] 396414K->308389K(699392K), 0.0135704 secs] [Times: user=0.12 sys=0.00, real=0.01 secs] 
2016-09-15T12:11:31.609-0400: 303.423: [GC (Allocation Failure) [PSYoungGen: 161512K->73480K(175104K)] 402615K->314834K(699392K), 0.0177541 secs] [Times: user=0.17 sys=0.00, real=0.01 secs] 
2016-09-15T12:11:31.790-0400: 303.604: [GC (GCLocker Initiated GC) [PSYoungGen: 161544K->49376K(175104K)] 402904K->327281K(699392K), 0.0277429 secs] [Times: user=0.30 sys=0.00, real=0.03 secs] 
2016-09-15T12:11:31.993-0400: 303.807: [GC (GCLocker Initiated GC) [PSYoungGen: 137440K->73676K(175104K)] 415533K->352044K(699392K), 0.0116657 secs] [Times: user=0.13 sys=0.00, real=0.01 secs] 
2016-09-15T12:11:32.206-0400: 304.020: [GC (GCLocker Initiated GC) [PSYoungGen: 161740K->67501K(175104K)] 452300K->358140K(699392K), 0.0061782 secs] [Times: user=0.06 sys=0.00, real=0.01 secs] 
2016-09-15T12:11:32.382-0400: 304.196: [GC (Allocation Failure) [PSYoungGen: 155565K->49635K(175104K)] 452462K->401351K(699392K), 0.0130914 secs] [Times: user=0.20 sys=0.00, real=0.01 secs] 
2016-09-15T12:11:32.569-0400: 304.383: [GC (GCLocker Initiated GC) [PSYoungGen: 134165K->37030K(175104K)] 491955K->443868K(699392K), 0.0097137 secs] [Times: user=0.10 sys=0.00, real=0.01 secs] 
2016-09-15T12:11:32.728-0400: 304.542: [GC (GCLocker Initiated GC) [PSYoungGen: 125094K->73644K(175104K)] 532069K->480910K(699392K), 0.0110968 secs] [Times: user=0.11 sys=0.00, real=0.01 secs] 
2016-09-15T12:11:32.927-0400: 304.741: [GC (Allocation Failure) [PSYoungGen: 161708K->55223K(175104K)] 569010K->487069K(699392K), 0.0169394 secs] [Times: user=0.16 sys=0.00, real=0.02 secs] 
2016-09-15T12:11:33.137-0400: 304.950: [GC (GCLocker Initiated GC) [PSYoungGen: 143287K->55191K(175104K)] 575138K->517700K(699392K), 0.0220553 secs] [Times: user=0.21 sys=0.00, real=0.02 secs] 
2016-09-15T12:11:33.159-0400: 304.973: [Full GC (Ergonomics) [PSYoungGen: 55191K->0K(175104K)] [ParOldGen: 462509K->48289K(524288K)] 517700K->48289K(699392K), [Metaspace: 44663K->44663K(1087488K)], 0.0581213 secs] [Times: user=0.32 sys=0.02, real=0.06 secs] 
2016-09-15T12:11:33.414-0400: 305.228: [GC (GCLocker Initiated GC) [PSYoungGen: 88060K->56206K(175104K)] 148850K->116996K(699392K), 0.0244220 secs] [Times: user=0.27 sys=0.00, real=0.03 secs] 
2016-09-15T12:11:33.587-0400: 305.401: [GC (GCLocker Initiated GC) [PSYoungGen: 144270K->85726K(175104K)] 205099K->171310K(699392K), 0.0158180 secs] [Times: user=0.21 sys=0.00, real=0.02 secs] 
2016-09-15T12:11:33.774-0400: 305.588: [GC (GCLocker Initiated GC) [PSYoungGen: 173790K->37578K(175104K)] 271627K->153743K(699392K), 0.0071640 secs] [Times: user=0.07 sys=0.00, real=0.01 secs] 
2016-09-15T12:11:33.977-0400: 305.790: [GC (GCLocker Initiated GC) [PSYoungGen: 125642K->85626K(175104K)] 241849K->226868K(699392K), 0.0127106 secs] [Times: user=0.16 sys=0.00, real=0.01 secs] 
2016-09-15T12:11:34.164-0400: 305.977: [GC (GCLocker Initiated GC) [PSYoungGen: 173690K->55679K(175104K)] 321363K->258138K(699392K), 0.0144499 secs] [Times: user=0.19 sys=0.00, real=0.02 secs] 
2016-09-15T12:11:34.344-0400: 306.158: [GC (GCLocker Initiated GC) [PSYoungGen: 143743K->73512K(175104K)] 346557K->276758K(699392K), 0.0176037 secs] [Times: user=0.17 sys=0.00, real=0.02 secs] 
2016-09-15T12:11:34.548-0400: 306.362: [GC (GCLocker Initiated GC) [PSYoungGen: 161576K->85530K(175104K)] 364864K->288929K(699392K), 0.0091086 secs] [Times: user=0.09 sys=0.00, real=0.01 secs] 
2016-09-15T12:11:34.718-0400: 306.532: [GC (Allocation Failure) [PSYoungGen: 173594K->43237K(175104K)] 383418K->283531K(699392K), 0.0097330 secs] [Times: user=0.09 sys=0.01, real=0.01 secs] 
2016-09-15T12:11:34.910-0400: 306.724: [GC (GCLocker Initiated GC) [PSYoungGen: 131297K->61462K(175104K)] 371597K->320278K(699392K), 0.0197627 secs] [Times: user=0.23 sys=0.00, real=0.02 secs] 
2016-09-15T12:11:35.086-0400: 306.900: [GC (GCLocker Initiated GC) [PSYoungGen: 149526K->73612K(175104K)] 408597K->332918K(699392K), 0.0117802 secs] [Times: user=0.11 sys=0.00, real=0.02 secs] 
2016-09-15T12:11:35.313-0400: 307.127: [GC (Allocation Failure) [PSYoungGen: 161676K->55415K(175104K)] 427334K->321324K(699392K), 0.0070281 secs] [Times: user=0.06 sys=0.00, real=0.01 secs] 
2016-09-15T12:11:35.481-0400: 307.295: [GC (GCLocker Initiated GC) [PSYoungGen: 143479K->55711K(175104K)] 409394K->321761K(699392K), 0.0117331 secs] [Times: user=0.15 sys=0.00, real=0.01 secs] 
2016-09-15T12:11:35.684-0400: 307.498: [GC (GCLocker Initiated GC) [PSYoungGen: 143775K->85562K(175104K)] 409861K->364114K(699392K), 0.0117475 secs] [Times: user=0.14 sys=0.00, real=0.02 secs] 
2016-09-15T12:11:35.843-0400: 307.657: [GC (GCLocker Initiated GC) [PSYoungGen: 173626K->55874K(175104K)] 464599K->346999K(699392K), 0.0071185 secs] [Times: user=0.09 sys=0.01, real=0.01 secs] 
2016-09-15T12:11:35.985-0400: 307.799: [GC (GCLocker Initiated GC) [PSYoungGen: 143938K->55679K(175104K)] 441218K->353274K(699392K), 0.0064745 secs] [Times: user=0.10 sys=0.00, real=0.01 secs] 
2016-09-15T12:11:36.174-0400: 307.987: [GC (GCLocker Initiated GC) [PSYoungGen: 143743K->49244K(175104K)] 447667K->353444K(699392K), 0.0092409 secs] [Times: user=0.09 sys=0.00, real=0.01 secs] 
2016-09-15T12:11:36.337-0400: 308.151: [GC (Allocation Failure) [PSYoungGen: 137308K->55351K(175104K)] 441841K->390590K(699392K), 0.0102537 secs] [Times: user=0.15 sys=0.00, real=0.00 secs] 
2016-09-15T12:11:36.515-0400: 308.329: [GC (Allocation Failure) [PSYoungGen: 137751K->18773K(175104K)] 472991K->354287K(699392K), 0.0064197 secs] [Times: user=0.08 sys=0.00, real=0.01 secs] 
2016-09-15T12:11:36.658-0400: 308.472: [GC (GCLocker Initiated GC) [PSYoungGen: 101818K->55743K(175104K)] 443408K->397624K(699392K), 0.0103927 secs] [Times: user=0.14 sys=0.00, real=0.01 secs] 
2016-09-15T12:11:36.831-0400: 308.645: [GC (GCLocker Initiated GC) [PSYoungGen: 143807K->37194K(175104K)] 491815K->385345K(699392K), 0.0103505 secs] [Times: user=0.15 sys=0.00, real=0.01 secs] 
2016-09-15T12:11:37.013-0400: 308.827: [GC (Allocation Failure) [PSYoungGen: 125258K->67533K(175104K)] 473664K->416426K(699392K), 0.0100240 secs] [Times: user=0.14 sys=0.00, real=0.01 secs] 
2016-09-15T12:11:37.174-0400: 308.988: [GC (GCLocker Initiated GC) [PSYoungGen: 155597K->55059K(175104K)] 504496K->434608K(699392K), 0.0161509 secs] [Times: user=0.16 sys=0.00, real=0.02 secs] 
2016-09-15T12:11:37.347-0400: 309.161: [GC (Allocation Failure) [PSYoungGen: 143123K->55191K(175104K)] 528946K->441109K(699392K), 0.0218105 secs] [Times: user=0.18 sys=0.00, real=0.03 secs] 
2016-09-15T12:11:37.521-0400: 309.334: [GC (GCLocker Initiated GC) [PSYoungGen: 143012K->55123K(169984K)] 535005K->477774K(694272K), 0.0303341 secs] [Times: user=0.32 sys=0.00, real=0.03 secs] 
2016-09-15T12:11:37.716-0400: 309.530: [GC (GCLocker Initiated GC) [PSYoungGen: 143187K->55123K(172544K)] 572157K->484236K(696832K), 0.0103054 secs] [Times: user=0.10 sys=0.00, real=0.00 secs] 
2016-09-15T12:11:37.895-0400: 309.709: [GC (GCLocker Initiated GC) [PSYoungGen: 143187K->37194K(176128K)] 584586K->478720K(700416K), 0.0272713 secs] [Times: user=0.29 sys=0.00, real=0.03 secs] 
2016-09-15T12:11:38.152-0400: 309.966: [GC (Allocation Failure) [PSYoungGen: 131914K->79555K(174592K)] 573594K->527578K(698880K), 0.0092966 secs] [Times: user=0.09 sys=0.00, real=0.01 secs] 
2016-09-15T12:11:38.366-0400: 310.180: [GC (GCLocker Initiated GC) [PSYoungGen: 172260K->49148K(175104K)] 626358K->539791K(699392K), 0.0212210 secs] [Times: user=0.21 sys=0.01, real=0.02 secs] 
2016-09-15T12:11:38.387-0400: 310.201: [Full GC (Ergonomics) [PSYoungGen: 49148K->0K(175104K)] [ParOldGen: 490643K->47901K(524288K)] 539791K->47901K(699392K), [Metaspace: 44664K->44664K(1087488K)], 0.0652338 secs] [Times: user=0.33 sys=0.01, real=0.07 secs] 
2016-09-15T12:11:38.610-0400: 310.424: [GC (Allocation Failure) [PSYoungGen: 88064K->61978K(150528K)] 142066K->115980K(674816K), 0.0145201 secs] [Times: user=0.15 sys=0.00, real=0.01 secs] 
2016-09-15T12:11:38.814-0400: 310.628: [GC (GCLocker Initiated GC) [PSYoungGen: 144404K->24748K(173056K)] 204481K->158460K(697344K), 0.0103688 secs] [Times: user=0.11 sys=0.00, real=0.01 secs] 
2016-09-15T12:11:38.987-0400: 310.801: [GC (Allocation Failure) [PSYoungGen: 111788K->85758K(174080K)] 245844K->226024K(698368K), 0.0173306 secs] [Times: user=0.16 sys=0.01, real=0.02 secs] 
2016-09-15T12:11:39.151-0400: 310.965: [GC (GCLocker Initiated GC) [PSYoungGen: 170809K->55938K(175104K)] 317151K->220632K(699392K), 0.0225499 secs] [Times: user=0.28 sys=0.00, real=0.02 secs] 
2016-09-15T12:11:39.316-0400: 311.130: [GC (GCLocker Initiated GC) [PSYoungGen: 144002K->61430K(175104K)] 308805K->226492K(699392K), 0.0068511 secs] [Times: user=0.04 sys=0.01, real=0.00 secs] 
2016-09-15T12:11:39.501-0400: 311.315: [GC (Allocation Failure) [PSYoungGen: 149494K->36930K(175104K)] 320739K->238802K(699392K), 0.0078221 secs] [Times: user=0.07 sys=0.00, real=0.01 secs] 
2016-09-15T12:11:39.657-0400: 311.471: [GC (GCLocker Initiated GC) [PSYoungGen: 124994K->55123K(175104K)] 326872K->257088K(699392K), 0.0119094 secs] [Times: user=0.11 sys=0.00, real=0.01 secs] 
2016-09-15T12:11:39.850-0400: 311.664: [GC (GCLocker Initiated GC) [PSYoungGen: 143187K->61358K(175104K)] 345266K->263556K(699392K), 0.0109136 secs] [Times: user=0.11 sys=0.01, real=0.01 secs] 
2016-09-15T12:11:40.002-0400: 311.816: [GC (GCLocker Initiated GC) [PSYoungGen: 149422K->67405K(175104K)] 351982K->294368K(699392K), 0.0217191 secs] [Times: user=0.20 sys=0.00, real=0.02 secs] 
2016-09-15T12:11:40.191-0400: 312.004: [GC (Allocation Failure) [PSYoungGen: 155469K->49180K(174080K)] 382468K->282545K(698368K), 0.0099852 secs] [Times: user=0.04 sys=0.00, real=0.01 secs] 
2016-09-15T12:11:40.354-0400: 312.168: [GC (GCLocker Initiated GC) [PSYoungGen: 131446K->12534K(174592K)] 370886K->300858K(698880K), 0.0154465 secs] [Times: user=0.15 sys=0.00, real=0.02 secs] 
2016-09-15T12:11:40.524-0400: 312.338: [GC (Allocation Failure) [PSYoungGen: 100598K->73480K(175104K)] 389165K->362175K(699392K), 0.0224420 secs] [Times: user=0.25 sys=0.00, real=0.02 secs] 
2016-09-15T12:11:40.695-0400: 312.509: [GC (GCLocker Initiated GC) [PSYoungGen: 161544K->61426K(175104K)] 450244K->368643K(699392K), 0.0290591 secs] [Times: user=0.33 sys=0.00, real=0.03 secs] 
2016-09-15T12:11:40.905-0400: 312.719: [GC (GCLocker Initiated GC) [PSYoungGen: 149490K->61330K(175104K)] 456731K->368698K(699392K), 0.0253810 secs] [Times: user=0.25 sys=0.00, real=0.03 secs] 
2016-09-15T12:11:41.082-0400: 312.896: [GC (GCLocker Initiated GC) [PSYoungGen: 149394K->49116K(175104K)] 456815K->393091K(699392K), 0.0226493 secs] [Times: user=0.24 sys=0.00, real=0.02 secs] 
2016-09-15T12:11:41.259-0400: 313.073: [GC (Allocation Failure) [PSYoungGen: 137180K->42945K(175104K)] 487232K->411465K(699392K), 0.0444532 secs] [Times: user=0.48 sys=0.01, real=0.04 secs] 
2016-09-15T12:11:41.472-0400: 313.286: [GC (GCLocker Initiated GC) [PSYoungGen: 131009K->61234K(175104K)] 499535K->429863K(699392K), 0.0167298 secs] [Times: user=0.16 sys=0.01, real=0.02 secs] 
2016-09-15T12:11:41.679-0400: 313.493: [GC (Allocation Failure) [PSYoungGen: 149298K->67277K(175104K)] 517963K->436233K(699392K), 0.0127541 secs] [Times: user=0.14 sys=0.00, real=0.01 secs] 
2016-09-15T12:11:41.831-0400: 313.645: [GC (GCLocker Initiated GC) [PSYoungGen: 150505K->55515K(143872K)] 525537K->479438K(668160K), 0.0290050 secs] [Times: user=0.32 sys=0.00, real=0.03 secs] 
2016-09-15T12:11:42.042-0400: 313.856: [GC (GCLocker Initiated GC) [PSYoungGen: 143579K->43301K(175104K)] 573769K->473799K(699392K), 0.0064913 secs] [Times: user=0.06 sys=0.00, real=0.01 secs] 
2016-09-15T12:11:42.263-0400: 314.077: [GC (Allocation Failure) [PSYoungGen: 132389K->43069K(174080K)] 569004K->504439K(698368K), 0.0164399 secs] [Times: user=0.15 sys=0.00, real=0.02 secs] 
2016-09-15T12:11:42.483-0400: 314.296: [GC (GCLocker Initiated GC) [PSYoungGen: 132157K->36802K(175616K)] 593533K->528664K(699904K), 0.0134636 secs] [Times: user=0.12 sys=0.00, real=0.02 secs] 
2016-09-15T12:11:42.496-0400: 314.310: [Full GC (Ergonomics) [PSYoungGen: 36802K->0K(175616K)] [ParOldGen: 491861K->42083K(524288K)] 528664K->42083K(699904K), [Metaspace: 44664K->44664K(1087488K)], 0.0670254 secs] [Times: user=0.39 sys=0.01, real=0.06 secs] 
2016-09-15T12:11:42.781-0400: 314.595: [GC (GCLocker Initiated GC) [PSYoungGen: 91648K->49504K(175104K)] 140044K->97900K(699392K), 0.0128487 secs] [Times: user=0.12 sys=0.01, real=0.01 secs] 
2016-09-15T12:11:42.960-0400: 314.774: [GC (GCLocker Initiated GC) [PSYoungGen: 141152K->55547K(177152K)] 201740K->135087K(701440K), 0.0096265 secs] [Times: user=0.10 sys=0.01, real=0.01 secs] 
2016-09-15T12:11:43.117-0400: 314.931: [GC (GCLocker Initiated GC) [PSYoungGen: 151803K->61362K(175616K)] 231457K->171682K(699904K), 0.0091155 secs] [Times: user=0.08 sys=0.00, real=0.00 secs] 
2016-09-15T12:11:43.322-0400: 315.136: [GC (GCLocker Initiated GC) [PSYoungGen: 157618K->37094K(182272K)] 274206K->172190K(706560K), 0.0219151 secs] [Times: user=0.26 sys=0.00, real=0.02 secs] 
2016-09-15T12:11:43.535-0400: 315.348: [GC (GCLocker Initiated GC) [PSYoungGen: 138982K->55547K(157696K)] 280424K->197273K(681984K), 0.0097956 secs] [Times: user=0.11 sys=0.00, real=0.01 secs] 
2016-09-15T12:11:43.783-0400: 315.596: [GC (GCLocker Initiated GC) [PSYoungGen: 157435K->55191K(182272K)] 305428K->203444K(706560K), 0.0266603 secs] [Times: user=0.27 sys=0.00, real=0.03 secs] 
2016-09-15T12:11:43.971-0400: 315.785: [GC (GCLocker Initiated GC) [PSYoungGen: 158615K->67469K(180736K)] 307034K->216000K(705024K), 0.0246205 secs] [Times: user=0.24 sys=0.00, real=0.02 secs] 
2016-09-15T12:11:44.171-0400: 315.985: [GC (Allocation Failure) [PSYoungGen: 170893K->37162K(181248K)] 331918K->216695K(705536K), 0.0171210 secs] [Times: user=0.16 sys=0.00, real=0.02 secs] 
2016-09-15T12:11:44.353-0400: 316.167: [GC (GCLocker Initiated GC) [PSYoungGen: 136349K->55059K(155648K)] 321957K->240910K(679936K), 0.0315425 secs] [Times: user=0.30 sys=0.00, real=0.03 secs] 
2016-09-15T12:11:44.592-0400: 316.405: [GC (GCLocker Initiated GC) [PSYoungGen: 155411K->73220K(173056K)] 341304K->259232K(697344K), 0.0171245 secs] [Times: user=0.14 sys=0.01, real=0.02 secs] 
2016-09-15T12:11:44.743-0400: 316.557: [GC (GCLocker Initiated GC) [PSYoungGen: 167428K->55611K(178176K)] 353639K->290526K(702464K), 0.0255874 secs] [Times: user=0.27 sys=0.00, real=0.03 secs] 
2016-09-15T12:11:44.947-0400: 316.761: [GC (GCLocker Initiated GC) [PSYoungGen: 149819K->43073K(174080K)] 384758K->314746K(698368K), 0.0404268 secs] [Times: user=0.45 sys=0.00, real=0.04 secs] 
2016-09-15T12:11:45.186-0400: 316.999: [GC (GCLocker Initiated GC) [PSYoungGen: 139329K->43105K(177152K)] 411217K->333337K(701440K), 0.0207971 secs] [Times: user=0.22 sys=0.01, real=0.02 secs] 
2016-09-15T12:11:45.374-0400: 317.188: [GC (GCLocker Initiated GC) [PSYoungGen: 139361K->73448K(172032K)] 429764K->364118K(696320K), 0.0096470 secs] [Times: user=0.09 sys=0.00, real=0.01 secs] 
2016-09-15T12:11:45.551-0400: 317.364: [GC (Allocation Failure) [PSYoungGen: 165608K->67665K(160256K)] 456527K->358703K(684544K), 0.0095212 secs] [Times: user=0.09 sys=0.01, real=0.01 secs] 
2016-09-15T12:11:45.735-0400: 317.549: [GC (GCLocker Initiated GC) [PSYoungGen: 159820K->55191K(178176K)] 450865K->377049K(702464K), 0.0299129 secs] [Times: user=0.31 sys=0.00, real=0.03 secs] 
2016-09-15T12:11:45.961-0400: 317.775: [GC (GCLocker Initiated GC) [PSYoungGen: 146327K->79391K(175104K)] 474308K->407647K(699392K), 0.0115150 secs] [Times: user=0.13 sys=0.00, real=0.01 secs] 
2016-09-15T12:11:46.139-0400: 317.953: [GC (GCLocker Initiated GC) [PSYoungGen: 170527K->48952K(175104K)] 498832K->401668K(699392K), 0.0260026 secs] [Times: user=0.26 sys=0.00, real=0.02 secs] 
2016-09-15T12:11:46.321-0400: 318.135: [GC (GCLocker Initiated GC) [PSYoungGen: 137016K->43141K(175104K)] 496100K->408396K(699392K), 0.0146686 secs] [Times: user=0.12 sys=0.00, real=0.02 secs] 
2016-09-15T12:11:46.525-0400: 318.339: [GC (GCLocker Initiated GC) [PSYoungGen: 131205K->55255K(169984K)] 502666K->426983K(694272K), 0.0175349 secs] [Times: user=0.16 sys=0.00, real=0.02 secs] 
2016-09-15T12:11:46.682-0400: 318.496: [GC (GCLocker Initiated GC) [PSYoungGen: 143319K->73416K(172544K)] 515274K->445631K(696832K), 0.0115961 secs] [Times: user=0.11 sys=0.00, real=0.01 secs] 
2016-09-15T12:11:46.905-0400: 318.719: [GC (GCLocker Initiated GC) [PSYoungGen: 161480K->55191K(176128K)] 534011K->458356K(700416K), 0.0575299 secs] [Times: user=0.61 sys=0.01, real=0.06 secs] 
2016-09-15T12:11:47.138-0400: 318.951: [GC (GCLocker Initiated GC) [PSYoungGen: 144791K->61262K(151040K)] 554286K->470876K(675328K), 0.0072706 secs] [Times: user=0.06 sys=0.00, real=0.00 secs] 
2016-09-15T12:11:47.282-0400: 319.096: [GC (GCLocker Initiated GC) [PSYoungGen: 150862K->67569K(172544K)] 560540K->501690K(696832K), 0.0175395 secs] [Times: user=0.18 sys=0.00, real=0.02 secs] 
2016-09-15T12:11:47.472-0400: 319.286: [GC (Allocation Failure) [PSYoungGen: 156145K->37094K(174080K)] 590296K->508127K(698368K), 0.0148414 secs] [Times: user=0.13 sys=0.00, real=0.01 secs] 
2016-09-15T12:11:47.487-0400: 319.301: [Full GC (Ergonomics) [PSYoungGen: 37094K->0K(174080K)] [ParOldGen: 471033K->48360K(524288K)] 508127K->48360K(698368K), [Metaspace: 44664K->44664K(1087488K)], 0.0570798 secs] [Times: user=0.34 sys=0.02, real=0.06 secs] 
2016-09-15T12:11:47.723-0400: 319.537: [GC (GCLocker Initiated GC) [PSYoungGen: 88576K->86374K(174592K)] 136936K->140809K(698880K), 0.0100038 secs] [Times: user=0.12 sys=0.00, real=0.01 secs] 
2016-09-15T12:11:47.904-0400: 319.718: [GC (GCLocker Initiated GC) [PSYoungGen: 174438K->79879K(175104K)] 229100K->153470K(699392K), 0.0088912 secs] [Times: user=0.08 sys=0.00, real=0.01 secs] 
2016-09-15T12:11:48.089-0400: 319.902: [GC (GCLocker Initiated GC) [PSYoungGen: 167943K->73772K(175104K)] 241704K->184282K(699392K), 0.0107262 secs] [Times: user=0.16 sys=0.00, real=0.01 secs] 
2016-09-15T12:11:48.268-0400: 320.081: [GC (GCLocker Initiated GC) [PSYoungGen: 161836K->55223K(175104K)] 272494K->166140K(699392K), 0.0063278 secs] [Times: user=0.05 sys=0.00, real=0.01 secs] 
2016-09-15T12:11:48.446-0400: 320.260: [GC (GCLocker Initiated GC) [PSYoungGen: 143287K->79687K(175104K)] 254269K->190781K(699392K), 0.0185427 secs] [Times: user=0.16 sys=0.00, real=0.02 secs] 
2016-09-15T12:11:48.651-0400: 320.464: [GC (GCLocker Initiated GC) [PSYoungGen: 167751K->67761K(175104K)] 285174K->228001K(699392K), 0.0107118 secs] [Times: user=0.17 sys=0.00, real=0.01 secs] 
2016-09-15T12:11:48.810-0400: 320.624: [GC (GCLocker Initiated GC) [PSYoungGen: 155825K->85922K(175104K)] 316180K->283034K(699392K), 0.0115809 secs] [Times: user=0.17 sys=0.00, real=0.01 secs] 
2016-09-15T12:11:48.986-0400: 320.799: [GC (GCLocker Initiated GC) [PSYoungGen: 173986K->73608K(175104K)] 371218K->319732K(699392K), 0.0125615 secs] [Times: user=0.18 sys=0.00, real=0.02 secs] 
2016-09-15T12:11:49.197-0400: 321.011: [GC (GCLocker Initiated GC) [PSYoungGen: 161672K->73872K(175104K)] 407888K->320199K(699392K), 0.0097335 secs] [Times: user=0.12 sys=0.00, real=0.00 secs] 
2016-09-15T12:11:49.407-0400: 321.221: [GC (GCLocker Initiated GC) [PSYoungGen: 161936K->73608K(175104K)] 408624K->320400K(699392K), 0.0107168 secs] [Times: user=0.14 sys=0.00, real=0.02 secs] 
2016-09-15T12:11:49.575-0400: 321.389: [GC (GCLocker Initiated GC) [PSYoungGen: 161672K->55355K(175104K)] 408561K->302347K(699392K), 0.0066409 secs] [Times: user=0.05 sys=0.01, real=0.01 secs] 
2016-09-15T12:11:49.771-0400: 321.585: [GC (GCLocker Initiated GC) [PSYoungGen: 143419K->42977K(175104K)] 396842K->296659K(699392K), 0.0174077 secs] [Times: user=0.13 sys=0.00, real=0.02 secs] 
2016-09-15T12:11:49.951-0400: 321.764: [GC (GCLocker Initiated GC) [PSYoungGen: 131041K->61690K(175104K)] 384938K->315698K(699392K), 0.0221211 secs] [Times: user=0.23 sys=0.00, real=0.02 secs] 
2016-09-15T12:11:50.131-0400: 321.945: [GC (GCLocker Initiated GC) [PSYoungGen: 149754K->73740K(175104K)] 404012K->352589K(699392K), 0.0102661 secs] [Times: user=0.10 sys=0.01, real=0.01 secs] 
2016-09-15T12:11:50.300-0400: 322.114: [GC (GCLocker Initiated GC) [PSYoungGen: 161804K->61494K(175104K)] 446782K->346731K(699392K), 0.0138349 secs] [Times: user=0.12 sys=0.00, real=0.01 secs] 
2016-09-15T12:11:50.466-0400: 322.279: [GC (Allocation Failure) [PSYoungGen: 149558K->49280K(175104K)] 434993K->371457K(699392K), 0.0214825 secs] [Times: user=0.23 sys=0.00, real=0.02 secs] 
2016-09-15T12:11:50.678-0400: 322.492: [GC (GCLocker Initiated GC) [PSYoungGen: 137344K->55387K(175104K)] 465596K->420364K(699392K), 0.0110062 secs] [Times: user=0.10 sys=0.00, real=0.01 secs] 
2016-09-15T12:11:50.841-0400: 322.655: [GC (GCLocker Initiated GC) [PSYoungGen: 143451K->73872K(175104K)] 514556K->445284K(699392K), 0.0088662 secs] [Times: user=0.08 sys=0.00, real=0.01 secs] 
2016-09-15T12:11:51.013-0400: 322.827: [GC (GCLocker Initiated GC) [PSYoungGen: 161936K->43009K(175104K)] 533367K->457225K(699392K), 0.0118063 secs] [Times: user=0.09 sys=0.00, real=0.01 secs] 
2016-09-15T12:11:51.221-0400: 323.034: [GC (GCLocker Initiated GC) [PSYoungGen: 131073K->49084K(175104K)] 545325K->487911K(699392K), 0.0088339 secs] [Times: user=0.07 sys=0.00, real=0.01 secs] 
2016-09-15T12:11:51.424-0400: 323.238: [GC (GCLocker Initiated GC) [PSYoungGen: 137148K->55223K(175104K)] 582321K->537169K(699392K), 0.0178023 secs] [Times: user=0.24 sys=0.00, real=0.02 secs] 
2016-09-15T12:11:51.442-0400: 323.256: [Full GC (Ergonomics) [PSYoungGen: 55223K->0K(175104K)] [ParOldGen: 481946K->47886K(524288K)] 537169K->47886K(699392K), [Metaspace: 44666K->44666K(1087488K)], 0.0579837 secs] [Times: user=0.48 sys=0.01, real=0.06 secs] 
2016-09-15T12:11:51.649-0400: 323.462: [GC (GCLocker Initiated GC) [PSYoungGen: 88064K->86086K(175104K)] 136131K->140228K(699392K), 0.0084061 secs] [Times: user=0.11 sys=0.00, real=0.01 secs] 
2016-09-15T12:11:51.798-0400: 323.612: [GC (Allocation Failure) [PSYoungGen: 174150K->73640K(175104K)] 234700K->165037K(699392K), 0.0195010 secs] [Times: user=0.19 sys=0.00, real=0.02 secs] 
2016-09-15T12:11:51.959-0400: 323.773: [GC (Allocation Failure) [PSYoungGen: 157425K->37162K(175104K)] 248822K->146895K(699392K), 0.0177411 secs] [Times: user=0.17 sys=0.01, real=0.02 secs] 
2016-09-15T12:11:52.144-0400: 323.957: [GC (Allocation Failure) [PSYoungGen: 120137K->18677K(175104K)] 229870K->128662K(699392K), 0.0109502 secs] [Times: user=0.09 sys=0.00, real=0.01 secs] 
2016-09-15T12:11:52.291-0400: 324.105: [GC (GCLocker Initiated GC) [PSYoungGen: 106741K->73544K(175104K)] 216731K->183810K(699392K), 0.0190585 secs] [Times: user=0.22 sys=0.00, real=0.02 secs] 
2016-09-15T12:11:52.461-0400: 324.274: [GC (GCLocker Initiated GC) [PSYoungGen: 161608K->73772K(175104K)] 272235K->184518K(699392K), 0.0086819 secs] [Times: user=0.07 sys=0.01, real=0.01 secs] 
2016-09-15T12:11:52.665-0400: 324.479: [GC (Allocation Failure) [PSYoungGen: 161836K->61134K(175104K)] 272624K->172189K(699392K), 0.0211102 secs] [Times: user=0.23 sys=0.00, real=0.02 secs] 
2016-09-15T12:11:52.823-0400: 324.637: [GC (GCLocker Initiated GC) [PSYoungGen: 144130K->30859K(175104K)] 261260K->166301K(699392K), 0.0137064 secs] [Times: user=0.11 sys=0.00, real=0.02 secs] 
2016-09-15T12:11:53.023-0400: 324.837: [GC (Allocation Failure) [PSYoungGen: 118923K->73608K(175104K)] 254407K->209236K(699392K), 0.0098557 secs] [Times: user=0.12 sys=0.00, real=0.01 secs] 
2016-09-15T12:11:53.215-0400: 325.028: [GC (GCLocker Initiated GC) [PSYoungGen: 161672K->55191K(175104K)] 297305K->233600K(699392K), 0.0230002 secs] [Times: user=0.24 sys=0.00, real=0.03 secs] 
2016-09-15T12:11:53.402-0400: 325.216: [GC (Allocation Failure) [PSYoungGen: 143255K->61526K(175104K)] 327882K->246272K(699392K), 0.0131668 secs] [Times: user=0.12 sys=0.00, real=0.01 secs] 
2016-09-15T12:11:53.571-0400: 325.385: [GC (GCLocker Initiated GC) [PSYoungGen: 149390K->61654K(175104K)] 340212K->289380K(699392K), 0.0152543 secs] [Times: user=0.16 sys=0.01, real=0.01 secs] 
2016-09-15T12:11:53.747-0400: 325.561: [GC (GCLocker Initiated GC) [PSYoungGen: 149718K->19068K(175104K)] 395856K->283528K(699392K), 0.0097110 secs] [Times: user=0.11 sys=0.00, real=0.02 secs] 
2016-09-15T12:11:53.935-0400: 325.749: [GC (GCLocker Initiated GC) [PSYoungGen: 107132K->85658K(175104K)] 371645K->368694K(699392K), 0.0108452 secs] [Times: user=0.11 sys=0.00, real=0.01 secs] 
2016-09-15T12:11:54.105-0400: 325.918: [GC (GCLocker Initiated GC) [PSYoungGen: 173722K->73544K(175104K)] 457255K->405829K(699392K), 0.0169508 secs] [Times: user=0.24 sys=0.00, real=0.02 secs] 
2016-09-15T12:11:54.298-0400: 326.112: [GC (GCLocker Initiated GC) [PSYoungGen: 161608K->61590K(175104K)] 506090K->406387K(699392K), 0.0063833 secs] [Times: user=0.08 sys=0.00, real=0.00 secs] 
2016-09-15T12:11:54.499-0400: 326.313: [GC (GCLocker Initiated GC) [PSYoungGen: 149654K->61394K(175104K)] 500848K->449330K(699392K), 0.0105728 secs] [Times: user=0.11 sys=0.00, real=0.01 secs] 
2016-09-15T12:11:54.688-0400: 326.502: [GC (GCLocker Initiated GC) [PSYoungGen: 149458K->55547K(175104K)] 549737K->480237K(699392K), 0.0107413 secs] [Times: user=0.14 sys=0.01, real=0.01 secs] 
2016-09-15T12:11:54.853-0400: 326.667: [GC (GCLocker Initiated GC) [PSYoungGen: 143611K->37158K(175104K)] 574452K->504732K(699392K), 0.0095037 secs] [Times: user=0.12 sys=0.00, real=0.01 secs] 
2016-09-15T12:11:54.863-0400: 326.677: [Full GC (Ergonomics) [PSYoungGen: 37158K->0K(175104K)] [ParOldGen: 467574K->42023K(524288K)] 504732K->42023K(699392K), [Metaspace: 44677K->44677K(1087488K)], 0.0610810 secs] [Times: user=0.53 sys=0.00, real=0.06 secs] 
2016-09-15T12:11:55.081-0400: 326.895: [GC (GCLocker Initiated GC) [PSYoungGen: 88064K->86178K(175104K)] 130319K->128433K(699392K), 0.0077145 secs] [Times: user=0.08 sys=0.00, real=0.01 secs] 
2016-09-15T12:11:55.517-0400: 327.331: [GC (Allocation Failure) [PSYoungGen: 174242K->480K(175104K)] 222911K->135090K(699392K), 0.0171311 secs] [Times: user=0.16 sys=0.00, real=0.01 secs] 
2016-09-15T12:11:56.076-0400: 327.890: [GC (GCLocker Initiated GC) [PSYoungGen: 88544K->18769K(175104K)] 223154K->153561K(699392K), 0.0168896 secs] [Times: user=0.15 sys=0.01, real=0.01 secs] 
