Java HotSpot(TM) 64-Bit Server VM (25.101-b13) for linux-amd64 JRE (1.8.0_101-b13), built on Jun 22 2016 02:59:44 by "java_re" with gcc 4.3.0 20080428 (Red Hat 4.3.0-8)
Memory: 4k page, physical 264122320k(199679188k free), swap 268399612k(268399612k free)
CommandLine flags: -XX:GCLogFileSize=1048576 -XX:+HeapDumpOnOutOfMemoryError -XX:HeapDumpPath=artifacts/heapdump -XX:InitialHeapSize=805306368 -XX:MaxHeapSize=805306368 -XX:NumberOfGCLogFiles=10 -XX:+PrintGC -XX:+PrintGCDateStamps -XX:+PrintGCDetails -XX:+PrintGCTimeStamps -XX:+UseCompressedClassPointers -XX:+UseCompressedOops -XX:+UseGCLogFileRotation -XX:+UseParallelGC 
2016-09-24T03:46:44.501-0400: 2.209: [GC (Metadata GC Threshold) [PSYoungGen: 121898K->15514K(229376K)] 121898K->15602K(753664K), 0.0228240 secs] [Times: user=0.16 sys=0.01, real=0.03 secs] 
2016-09-24T03:46:44.523-0400: 2.232: [Full GC (Metadata GC Threshold) [PSYoungGen: 15514K->0K(229376K)] [ParOldGen: 88K->14601K(338944K)] 15602K->14601K(568320K), [Metaspace: 21072K->21072K(1067008K)], 0.0413673 secs] [Times: user=0.28 sys=0.00, real=0.04 secs] 
2016-09-24T03:46:46.332-0400: 4.040: [GC (Metadata GC Threshold) [PSYoungGen: 125207K->15327K(229376K)] 139808K->30065K(568320K), 0.0183743 secs] [Times: user=0.17 sys=0.00, real=0.02 secs] 
2016-09-24T03:46:46.350-0400: 4.059: [Full GC (Metadata GC Threshold) [PSYoungGen: 15327K->0K(229376K)] [ParOldGen: 14737K->20746K(524288K)] 30065K->20746K(753664K), [Metaspace: 35059K->35059K(1079296K)], 0.0749857 secs] [Times: user=0.58 sys=0.01, real=0.08 secs] 
2016-09-24T03:46:47.916-0400: 5.625: [GC (Allocation Failure) [PSYoungGen: 194845K->32742K(229376K)] 215592K->81876K(753664K), 0.0115058 secs] [Times: user=0.13 sys=0.05, real=0.01 secs] 
2016-09-24T03:46:48.197-0400: 5.905: [GC (GCLocker Initiated GC) [PSYoungGen: 229350K->32764K(229376K)] 278491K->131327K(753664K), 0.0120011 secs] [Times: user=0.13 sys=0.04, real=0.01 secs] 
2016-09-24T03:46:48.293-0400: 6.002: [GC (GCLocker Initiated GC) [PSYoungGen: 229372K->32738K(229376K)] 330701K->165408K(753664K), 0.0242533 secs] [Times: user=0.36 sys=0.01, real=0.03 secs] 
2016-09-24T03:46:48.423-0400: 6.132: [GC (GCLocker Initiated GC) [PSYoungGen: 229346K->32747K(120832K)] 364752K->200931K(645120K), 0.0204349 secs] [Times: user=0.35 sys=0.02, real=0.02 secs] 
2016-09-24T03:46:48.486-0400: 6.195: [GC (GCLocker Initiated GC) [PSYoungGen: 120811K->87023K(175104K)] 294559K->271644K(699392K), 0.0141827 secs] [Times: user=0.21 sys=0.01, real=0.01 secs] 
2016-09-24T03:46:48.551-0400: 6.259: [GC (GCLocker Initiated GC) [PSYoungGen: 175087K->82352K(175104K)] 362634K->273445K(699392K), 0.0121886 secs] [Times: user=0.14 sys=0.01, real=0.02 secs] 
2016-09-24T03:46:48.606-0400: 6.315: [GC (GCLocker Initiated GC) [PSYoungGen: 170416K->65786K(175104K)] 361826K->303755K(699392K), 0.0120449 secs] [Times: user=0.16 sys=0.03, real=0.01 secs] 
2016-09-24T03:46:48.653-0400: 6.362: [GC (GCLocker Initiated GC) [PSYoungGen: 153850K->63112K(175104K)] 392027K->342154K(699392K), 0.0088811 secs] [Times: user=0.12 sys=0.03, real=0.02 secs] 
2016-09-24T03:46:48.703-0400: 6.412: [GC (GCLocker Initiated GC) [PSYoungGen: 151176K->44003K(175104K)] 435631K->365320K(699392K), 0.0081223 secs] [Times: user=0.09 sys=0.00, real=0.00 secs] 
2016-09-24T03:46:48.748-0400: 6.456: [GC (GCLocker Initiated GC) [PSYoungGen: 132067K->68254K(175104K)] 458823K->404757K(699392K), 0.0078425 secs] [Times: user=0.13 sys=0.00, real=0.01 secs] 
2016-09-24T03:46:48.793-0400: 6.502: [GC (GCLocker Initiated GC) [PSYoungGen: 156318K->65603K(175104K)] 501079K->414683K(699392K), 0.0065912 secs] [Times: user=0.09 sys=0.01, real=0.01 secs] 
2016-09-24T03:46:48.839-0400: 6.547: [GC (GCLocker Initiated GC) [PSYoungGen: 153667K->45272K(175104K)] 508254K->427176K(699392K), 0.0081848 secs] [Times: user=0.08 sys=0.04, real=0.01 secs] 
2016-09-24T03:46:48.883-0400: 6.592: [GC (GCLocker Initiated GC) [PSYoungGen: 133336K->67000K(175104K)] 526138K->478941K(699392K), 0.0074452 secs] [Times: user=0.09 sys=0.00, real=0.00 secs] 
2016-09-24T03:46:48.930-0400: 6.639: [GC (GCLocker Initiated GC) [PSYoungGen: 155064K->56200K(175104K)] 571147K->507744K(699392K), 0.0093375 secs] [Times: user=0.12 sys=0.03, real=0.01 secs] 
2016-09-24T03:46:48.982-0400: 6.690: [Full GC (Ergonomics) [PSYoungGen: 144264K->0K(175104K)] [ParOldGen: 465259K->61079K(524288K)] 609523K->61079K(699392K), [Metaspace: 42861K->42849K(1085440K)], 0.1815962 secs] [Times: user=2.53 sys=0.02, real=0.19 secs] 
2016-09-24T03:46:49.193-0400: 6.902: [GC (GCLocker Initiated GC) [PSYoungGen: 88064K->80532K(175104K)] 151969K->144446K(699392K), 0.0066397 secs] [Times: user=0.10 sys=0.00, real=0.01 secs] 
2016-09-24T03:46:49.236-0400: 6.945: [GC (GCLocker Initiated GC) [PSYoungGen: 168596K->75085K(175104K)] 240783K->162504K(699392K), 0.0105514 secs] [Times: user=0.14 sys=0.00, real=0.01 secs] 
2016-09-24T03:46:49.282-0400: 6.990: [GC (GCLocker Initiated GC) [PSYoungGen: 163149K->68286K(175104K)] 253380K->172282K(699392K), 0.0080928 secs] [Times: user=0.07 sys=0.00, real=0.01 secs] 
2016-09-24T03:46:49.330-0400: 7.039: [GC (GCLocker Initiated GC) [PSYoungGen: 156350K->52132K(175104K)] 278063K->183560K(699392K), 0.0073699 secs] [Times: user=0.05 sys=0.03, real=0.01 secs] 
2016-09-24T03:46:49.374-0400: 7.083: [GC (GCLocker Initiated GC) [PSYoungGen: 140196K->52054K(175104K)] 277846K->216972K(699392K), 0.0122176 secs] [Times: user=0.14 sys=0.01, real=0.02 secs] 
2016-09-24T03:46:49.422-0400: 7.131: [GC (GCLocker Initiated GC) [PSYoungGen: 140118K->58818K(175104K)] 305523K->252914K(699392K), 0.0081710 secs] [Times: user=0.11 sys=0.01, real=0.01 secs] 
2016-09-24T03:46:49.462-0400: 7.170: [GC (GCLocker Initiated GC) [PSYoungGen: 146882K->71032K(175104K)] 343764K->291142K(699392K), 0.0076352 secs] [Times: user=0.10 sys=0.02, real=0.01 secs] 
2016-09-24T03:46:49.510-0400: 7.218: [GC (GCLocker Initiated GC) [PSYoungGen: 159096K->58774K(175104K)] 384833K->288889K(699392K), 0.0055439 secs] [Times: user=0.07 sys=0.00, real=0.01 secs] 
2016-09-24T03:46:49.544-0400: 7.253: [GC (GCLocker Initiated GC) [PSYoungGen: 146838K->62807K(175104K)] 377009K->301342K(699392K), 0.0121085 secs] [Times: user=0.17 sys=0.00, real=0.01 secs] 
2016-09-24T03:46:49.591-0400: 7.300: [GC (GCLocker Initiated GC) [PSYoungGen: 150871K->46749K(175104K)] 393704K->315501K(699392K), 0.0073667 secs] [Times: user=0.07 sys=0.00, real=0.01 secs] 
2016-09-24T03:46:49.629-0400: 7.337: [GC (GCLocker Initiated GC) [PSYoungGen: 134813K->85882K(175104K)] 406310K->369877K(699392K), 0.0072729 secs] [Times: user=0.12 sys=0.00, real=0.01 secs] 
2016-09-24T03:46:49.669-0400: 7.377: [GC (GCLocker Initiated GC) [PSYoungGen: 173946K->60282K(175104K)] 458112K->379870K(699392K), 0.0073892 secs] [Times: user=0.12 sys=0.00, real=0.01 secs] 
2016-09-24T03:46:49.722-0400: 7.431: [GC (GCLocker Initiated GC) [PSYoungGen: 148346K->41317K(175104K)] 490995K->404558K(699392K), 0.0056096 secs] [Times: user=0.08 sys=0.00, real=0.00 secs] 
2016-09-24T03:46:49.773-0400: 7.481: [GC (GCLocker Initiated GC) [PSYoungGen: 129381K->64299K(175104K)] 514313K->449519K(699392K), 0.0056284 secs] [Times: user=0.08 sys=0.00, real=0.01 secs] 
2016-09-24T03:46:49.831-0400: 7.539: [GC (GCLocker Initiated GC) [PSYoungGen: 152363K->42646K(175104K)] 551122K->466095K(699392K), 0.0098955 secs] [Times: user=0.14 sys=0.00, real=0.01 secs] 
2016-09-24T03:46:49.876-0400: 7.585: [GC (GCLocker Initiated GC) [PSYoungGen: 130710K->77761K(175104K)] 554269K->502983K(699392K), 0.0088138 secs] [Times: user=0.11 sys=0.00, real=0.01 secs] 
2016-09-24T03:46:49.925-0400: 7.633: [GC (GCLocker Initiated GC) [PSYoungGen: 165825K->76567K(175104K)] 597908K->530566K(699392K), 0.0075475 secs] [Times: user=0.11 sys=0.00, real=0.00 secs] 
2016-09-24T03:46:49.975-0400: 7.684: [GC (GCLocker Initiated GC) [PSYoungGen: 164631K->49498K(175104K)] 632211K->532345K(699392K), 0.0124894 secs] [Times: user=0.16 sys=0.02, real=0.01 secs] 
2016-09-24T03:46:49.988-0400: 7.697: [Full GC (Ergonomics) [PSYoungGen: 49498K->0K(175104K)] [ParOldGen: 482846K->67383K(524288K)] 532345K->67383K(699392K), [Metaspace: 43005K->43005K(1085440K)], 0.0534704 secs] [Times: user=0.46 sys=0.00, real=0.05 secs] 
2016-09-24T03:46:50.082-0400: 7.791: [GC (GCLocker Initiated GC) [PSYoungGen: 88064K->68466K(175104K)] 161096K->141499K(699392K), 0.0133173 secs] [Times: user=0.13 sys=0.00, real=0.01 secs] 
2016-09-24T03:46:50.134-0400: 7.842: [GC (GCLocker Initiated GC) [PSYoungGen: 156530K->75340K(175104K)] 241808K->165246K(699392K), 0.0069631 secs] [Times: user=0.07 sys=0.00, real=0.01 secs] 
2016-09-24T03:46:50.178-0400: 7.886: [GC (GCLocker Initiated GC) [PSYoungGen: 163404K->46834K(175104K)] 256135K->161726K(699392K), 0.0149614 secs] [Times: user=0.17 sys=0.00, real=0.01 secs] 
2016-09-24T03:46:50.230-0400: 7.939: [GC (GCLocker Initiated GC) [PSYoungGen: 134898K->57630K(175104K)] 255263K->190575K(699392K), 0.0114450 secs] [Times: user=0.13 sys=0.00, real=0.01 secs] 
2016-09-24T03:46:50.282-0400: 7.990: [GC (GCLocker Initiated GC) [PSYoungGen: 145694K->64178K(175104K)] 281435K->207239K(699392K), 0.0080738 secs] [Times: user=0.05 sys=0.00, real=0.01 secs] 
2016-09-24T03:46:50.326-0400: 8.034: [GC (GCLocker Initiated GC) [PSYoungGen: 152242K->57570K(175104K)] 295411K->219987K(699392K), 0.0072849 secs] [Times: user=0.08 sys=0.00, real=0.00 secs] 
2016-09-24T03:46:50.369-0400: 8.078: [GC (GCLocker Initiated GC) [PSYoungGen: 145634K->64381K(175104K)] 309131K->232358K(699392K), 0.0107324 secs] [Times: user=0.09 sys=0.00, real=0.01 secs] 
2016-09-24T03:46:50.427-0400: 8.135: [GC (GCLocker Initiated GC) [PSYoungGen: 152445K->53410K(174080K)] 325879K->239533K(698368K), 0.0287071 secs] [Times: user=0.32 sys=0.00, real=0.03 secs] 
2016-09-24T03:46:50.486-0400: 8.195: [GC (GCLocker Initiated GC) [PSYoungGen: 141474K->80695K(174592K)] 327773K->270062K(698880K), 0.0072143 secs] [Times: user=0.07 sys=0.00, real=0.00 secs] 
2016-09-24T03:46:50.533-0400: 8.241: [GC (GCLocker Initiated GC) [PSYoungGen: 168759K->81980K(175104K)] 360960K->285482K(699392K), 0.0162758 secs] [Times: user=0.16 sys=0.00, real=0.02 secs] 
2016-09-24T03:46:50.589-0400: 8.298: [GC (GCLocker Initiated GC) [PSYoungGen: 170044K->76580K(175104K)] 376352K->302283K(699392K), 0.0189026 secs] [Times: user=0.23 sys=0.00, real=0.02 secs] 
2016-09-24T03:46:50.650-0400: 8.358: [GC (GCLocker Initiated GC) [PSYoungGen: 164644K->55058K(175104K)] 405248K->316412K(699392K), 0.0058650 secs] [Times: user=0.08 sys=0.00, real=0.01 secs] 
2016-09-24T03:46:50.700-0400: 8.408: [GC (GCLocker Initiated GC) [PSYoungGen: 143122K->69702K(175104K)] 412806K->341258K(699392K), 0.0096942 secs] [Times: user=0.10 sys=0.00, real=0.01 secs] 
2016-09-24T03:46:50.749-0400: 8.458: [GC (GCLocker Initiated GC) [PSYoungGen: 157766K->46830K(175104K)] 437470K->328303K(699392K), 0.0052545 secs] [Times: user=0.06 sys=0.00, real=0.01 secs] 
2016-09-24T03:46:50.787-0400: 8.496: [GC (GCLocker Initiated GC) [PSYoungGen: 134894K->62796K(175104K)] 416524K->347568K(699392K), 0.0061132 secs] [Times: user=0.06 sys=0.00, real=0.00 secs] 
2016-09-24T03:46:50.837-0400: 8.545: [GC (GCLocker Initiated GC) [PSYoungGen: 150860K->58916K(175104K)] 446774K->370000K(699392K), 0.0089331 secs] [Times: user=0.07 sys=0.00, real=0.01 secs] 
2016-09-24T03:46:50.890-0400: 8.598: [GC (GCLocker Initiated GC) [PSYoungGen: 146980K->56234K(175104K)] 462368K->378865K(699392K), 0.0062601 secs] [Times: user=0.08 sys=0.01, real=0.01 secs] 
2016-09-24T03:46:50.932-0400: 8.641: [GC (GCLocker Initiated GC) [PSYoungGen: 144298K->68434K(175104K)] 474863K->404811K(699392K), 0.0060972 secs] [Times: user=0.08 sys=0.00, real=0.01 secs] 
2016-09-24T03:46:50.971-0400: 8.680: [GC (GCLocker Initiated GC) [PSYoungGen: 156498K->42560K(175104K)] 494246K->390188K(699392K), 0.0069047 secs] [Times: user=0.05 sys=0.00, real=0.01 secs] 
2016-09-24T03:46:51.013-0400: 8.722: [GC (GCLocker Initiated GC) [PSYoungGen: 130624K->72516K(175104K)] 478494K->427550K(699392K), 0.0069104 secs] [Times: user=0.10 sys=0.00, real=0.01 secs] 
2016-09-24T03:46:51.053-0400: 8.762: [GC (GCLocker Initiated GC) [PSYoungGen: 160580K->57570K(175104K)] 518357K->427960K(699392K), 0.0072192 secs] [Times: user=0.06 sys=0.00, real=0.01 secs] 
2016-09-24T03:46:51.094-0400: 8.803: [GC (GCLocker Initiated GC) [PSYoungGen: 145634K->61698K(172032K)] 516704K->439976K(696320K), 0.0068716 secs] [Times: user=0.06 sys=0.01, real=0.01 secs] 
2016-09-24T03:46:51.135-0400: 8.843: [GC (GCLocker Initiated GC) [PSYoungGen: 149762K->57634K(173568K)] 528092K->467598K(697856K), 0.0073756 secs] [Times: user=0.09 sys=0.01, real=0.01 secs] 
2016-09-24T03:46:51.175-0400: 8.884: [GC (GCLocker Initiated GC) [PSYoungGen: 145698K->70004K(175616K)] 559975K->495559K(699904K), 0.0068652 secs] [Times: user=0.09 sys=0.01, real=0.00 secs] 
2016-09-24T03:46:51.224-0400: 8.932: [GC (GCLocker Initiated GC) [PSYoungGen: 161652K->61684K(153600K)] 594222K->520514K(677888K), 0.0065272 secs] [Times: user=0.09 sys=0.00, real=0.00 secs] 
2016-09-24T03:46:51.260-0400: 8.969: [GC (GCLocker Initiated GC) [PSYoungGen: 153332K->80677K(171008K)] 617727K->559042K(695296K), 0.0102712 secs] [Times: user=0.15 sys=0.00, real=0.01 secs] 
2016-09-24T03:46:51.308-0400: 9.017: [GC (GCLocker Initiated GC) [PSYoungGen: 168741K->79263K(175104K)] 651206K->577096K(699392K), 0.0072296 secs] [Times: user=0.10 sys=0.01, real=0.01 secs] 
2016-09-24T03:46:51.315-0400: 9.024: [Full GC (Ergonomics) [PSYoungGen: 79263K->0K(175104K)] [ParOldGen: 497833K->79017K(524288K)] 577096K->79017K(699392K), [Metaspace: 43207K->43207K(1085440K)], 0.0513743 secs] [Times: user=0.38 sys=0.01, real=0.05 secs] 
2016-09-24T03:46:51.409-0400: 9.117: [GC (GCLocker Initiated GC) [PSYoungGen: 88064K->65702K(175104K)] 171282K->148920K(699392K), 0.0050633 secs] [Times: user=0.06 sys=0.00, real=0.00 secs] 
2016-09-24T03:46:51.452-0400: 9.160: [GC (GCLocker Initiated GC) [PSYoungGen: 153766K->61858K(175104K)] 243862K->171276K(699392K), 0.0066277 secs] [Times: user=0.11 sys=0.00, real=0.01 secs] 
2016-09-24T03:46:51.491-0400: 9.199: [GC (GCLocker Initiated GC) [PSYoungGen: 149922K->71180K(175104K)] 262222K->198974K(699392K), 0.0072069 secs] [Times: user=0.10 sys=0.00, real=0.01 secs] 
2016-09-24T03:46:51.539-0400: 9.247: [GC (GCLocker Initiated GC) [PSYoungGen: 159244K->60348K(148480K)] 292508K->225122K(672768K), 0.0069111 secs] [Times: user=0.11 sys=0.00, real=0.01 secs] 
2016-09-24T03:46:51.617-0400: 9.325: [GC (GCLocker Initiated GC) [PSYoungGen: 148412K->63066K(176128K)] 313460K->246132K(700416K), 0.0070680 secs] [Times: user=0.11 sys=0.00, real=0.01 secs] 
2016-09-24T03:46:51.667-0400: 9.376: [GC (GCLocker Initiated GC) [PSYoungGen: 153178K->64558K(174080K)] 341158K->267874K(698368K), 0.0068869 secs] [Times: user=0.11 sys=0.01, real=0.01 secs] 
2016-09-24T03:46:51.712-0400: 9.421: [GC (GCLocker Initiated GC) [PSYoungGen: 154670K->58938K(175616K)] 360809K->302155K(699904K), 0.0069319 secs] [Times: user=0.11 sys=0.00, real=0.01 secs] 
2016-09-24T03:46:51.752-0400: 9.461: [GC (GCLocker Initiated GC) [PSYoungGen: 152122K->69926K(174592K)] 397278K->322248K(698880K), 0.0065146 secs] [Times: user=0.09 sys=0.00, real=0.01 secs] 
2016-09-24T03:46:51.796-0400: 9.504: [GC (GCLocker Initiated GC) [PSYoungGen: 163110K->60348K(179200K)] 418248K->325523K(703488K), 0.0061762 secs] [Times: user=0.07 sys=0.00, real=0.00 secs] 
2016-09-24T03:46:51.852-0400: 9.560: [GC (GCLocker Initiated GC) [PSYoungGen: 159164K->65812K(179712K)] 428501K->355931K(704000K), 0.0062122 secs] [Times: user=0.10 sys=0.01, real=0.01 secs] 
2016-09-24T03:46:51.904-0400: 9.613: [GC (GCLocker Initiated GC) [PSYoungGen: 164628K->57740K(180736K)] 476541K->374194K(705024K), 0.0061268 secs] [Times: user=0.08 sys=0.00, real=0.00 secs] 
2016-09-24T03:46:51.953-0400: 9.662: [GC (GCLocker Initiated GC) [PSYoungGen: 159116K->61634K(180736K)] 482380K->398981K(705024K), 0.0061923 secs] [Times: user=0.10 sys=0.00, real=0.01 secs] 
2016-09-24T03:46:52.002-0400: 9.711: [GC (GCLocker Initiated GC) [PSYoungGen: 163010K->67194K(181760K)] 504493K->418571K(706048K), 0.0061017 secs] [Times: user=0.09 sys=0.00, real=0.01 secs] 
2016-09-24T03:46:52.052-0400: 9.760: [GC (GCLocker Initiated GC) [PSYoungGen: 170618K->63094K(181760K)] 526141K->450183K(706048K), 0.0068946 secs] [Times: user=0.11 sys=0.00, real=0.01 secs] 
2016-09-24T03:46:52.103-0400: 9.811: [GC (GCLocker Initiated GC) [PSYoungGen: 166518K->69812K(181248K)] 561876K->489967K(705536K), 0.0071189 secs] [Times: user=0.11 sys=0.00, real=0.00 secs] 
2016-09-24T03:46:52.162-0400: 9.871: [GC (GCLocker Initiated GC) [PSYoungGen: 174260K->75290K(180224K)] 608123K->523158K(704512K), 0.0070234 secs] [Times: user=0.10 sys=0.00, real=0.01 secs] 
2016-09-24T03:46:52.225-0400: 9.934: [GC (GCLocker Initiated GC) [PSYoungGen: 179738K->68526K(181760K)] 635723K->527738K(706048K), 0.0057036 secs] [Times: user=0.08 sys=0.01, real=0.00 secs] 
2016-09-24T03:46:52.270-0400: 9.979: [GC (GCLocker Initiated GC) [PSYoungGen: 169902K->73734K(175616K)] 637301K->542933K(699904K), 0.0076102 secs] [Times: user=0.07 sys=0.01, real=0.01 secs] 
2016-09-24T03:46:52.322-0400: 10.030: [GC (GCLocker Initiated GC) [PSYoungGen: 175110K->72466K(179200K)] 645489K->558185K(703488K), 0.0076809 secs] [Times: user=0.10 sys=0.00, real=0.01 secs] 
2016-09-24T03:46:52.370-0400: 10.078: [GC (GCLocker Initiated GC) [PSYoungGen: 169746K->68288K(165888K)] 656225K->561957K(690176K), 0.0080608 secs] [Times: user=0.07 sys=0.00, real=0.01 secs] 
2016-09-24T03:46:52.378-0400: 10.086: [Full GC (Ergonomics) [PSYoungGen: 68288K->0K(165888K)] [ParOldGen: 493668K->82536K(524288K)] 561957K->82536K(690176K), [Metaspace: 43298K->43298K(1085440K)], 0.0468198 secs] [Times: user=0.41 sys=0.01, real=0.05 secs] 
2016-09-24T03:46:52.461-0400: 10.170: [GC (GCLocker Initiated GC) [PSYoungGen: 97280K->79632K(174592K)] 193455K->175808K(698880K), 0.0066449 secs] [Times: user=0.10 sys=0.00, real=0.01 secs] 
2016-09-24T03:46:52.505-0400: 10.213: [GC (GCLocker Initiated GC) [PSYoungGen: 172816K->71098K(177664K)] 272285K->178157K(701952K), 0.0061963 secs] [Times: user=0.08 sys=0.00, real=0.00 secs] 
2016-09-24T03:46:52.549-0400: 10.258: [GC (GCLocker Initiated GC) [PSYoungGen: 164282K->63034K(176128K)] 279549K->190909K(700416K), 0.0064130 secs] [Times: user=0.10 sys=0.00, real=0.01 secs] 
2016-09-24T03:46:52.599-0400: 10.307: [GC (GCLocker Initiated GC) [PSYoungGen: 156730K->61684K(177152K)] 284970K->214677K(701440K), 0.0071143 secs] [Times: user=0.10 sys=0.00, real=0.01 secs] 
2016-09-24T03:46:52.636-0400: 10.344: [GC (GCLocker Initiated GC) [PSYoungGen: 155380K->73894K(177152K)] 311205K->247719K(701440K), 0.0095768 secs] [Times: user=0.12 sys=0.00, real=0.01 secs] 
2016-09-24T03:46:52.689-0400: 10.397: [GC (GCLocker Initiated GC) [PSYoungGen: 168102K->37347K(131584K)] 352844K->245472K(655872K), 0.0144854 secs] [Times: user=0.18 sys=0.00, real=0.02 secs] 
2016-09-24T03:46:52.742-0400: 10.451: [GC (GCLocker Initiated GC) [PSYoungGen: 131555K->68540K(175616K)] 350629K->288155K(699904K), 0.0056726 secs] [Times: user=0.06 sys=0.00, real=0.00 secs] 
2016-09-24T03:46:52.786-0400: 10.495: [GC (GCLocker Initiated GC) [PSYoungGen: 157116K->62984K(152064K)] 393141K->305012K(676352K), 0.0060217 secs] [Times: user=0.09 sys=0.00, real=0.00 secs] 
2016-09-24T03:46:52.830-0400: 10.539: [GC (GCLocker Initiated GC) [PSYoungGen: 151560K->63158K(175104K)] 401955K->327500K(699392K), 0.0066692 secs] [Times: user=0.10 sys=0.01, real=0.01 secs] 
2016-09-24T03:46:52.875-0400: 10.584: [GC (GCLocker Initiated GC) [PSYoungGen: 153270K->77948K(173568K)] 417745K->349657K(697856K), 0.0062246 secs] [Times: user=0.10 sys=0.00, real=0.00 secs] 
2016-09-24T03:46:52.915-0400: 10.623: [GC (GCLocker Initiated GC) [PSYoungGen: 168060K->69894K(176640K)] 442564K->374632K(700928K), 0.0071099 secs] [Times: user=0.11 sys=0.00, real=0.00 secs] 
2016-09-24T03:46:52.956-0400: 10.665: [GC (GCLocker Initiated GC) [PSYoungGen: 160006K->76484K(166912K)] 467506K->392580K(691200K), 0.0071335 secs] [Times: user=0.10 sys=0.01, real=0.01 secs] 
2016-09-24T03:46:53.008-0400: 10.716: [GC (GCLocker Initiated GC) [PSYoungGen: 166596K->68572K(176128K)] 484136K->390626K(700416K), 0.0059645 secs] [Times: user=0.10 sys=0.00, real=0.00 secs] 
2016-09-24T03:46:53.052-0400: 10.761: [GC (GCLocker Initiated GC) [PSYoungGen: 157660K->56302K(175104K)] 482503K->416779K(699392K), 0.0071847 secs] [Times: user=0.10 sys=0.00, real=0.01 secs] 
2016-09-24T03:46:53.088-0400: 10.797: [GC (GCLocker Initiated GC) [PSYoungGen: 145390K->79376K(174080K)] 508631K->461969K(698368K), 0.0071373 secs] [Times: user=0.11 sys=0.00, real=0.01 secs] 
2016-09-24T03:46:53.134-0400: 10.843: [GC (GCLocker Initiated GC) [PSYoungGen: 167440K->52216K(175104K)] 555568K->474693K(699392K), 0.0068226 secs] [Times: user=0.09 sys=0.01, real=0.01 secs] 
2016-09-24T03:46:53.175-0400: 10.883: [GC (GCLocker Initiated GC) [PSYoungGen: 140280K->61780K(175104K)] 564183K->498385K(699392K), 0.0069693 secs] [Times: user=0.09 sys=0.00, real=0.00 secs] 
2016-09-24T03:46:53.214-0400: 10.922: [GC (GCLocker Initiated GC) [PSYoungGen: 149844K->75308K(175104K)] 600132K->547737K(699392K), 0.0068734 secs] [Times: user=0.11 sys=0.00, real=0.01 secs] 
2016-09-24T03:46:53.260-0400: 10.968: [Full GC (Ergonomics) [PSYoungGen: 163372K->0K(175104K)] [ParOldGen: 486118K->89992K(524288K)] 649490K->89992K(699392K), [Metaspace: 43307K->43307K(1085440K)], 0.0470213 secs] [Times: user=0.42 sys=0.00, real=0.05 secs] 
2016-09-24T03:46:53.353-0400: 11.062: [GC (GCLocker Initiated GC) [PSYoungGen: 88064K->71326K(175104K)] 182123K->165385K(699392K), 0.0092360 secs] [Times: user=0.15 sys=0.00, real=0.02 secs] 
2016-09-24T03:46:53.394-0400: 11.102: [GC (GCLocker Initiated GC) [PSYoungGen: 159390K->61651K(175104K)] 256268K->167259K(699392K), 0.0096401 secs] [Times: user=0.07 sys=0.00, real=0.02 secs] 
2016-09-24T03:46:53.436-0400: 11.145: [GC (GCLocker Initiated GC) [PSYoungGen: 149715K->82025K(175104K)] 255433K->197674K(699392K), 0.0068826 secs] [Times: user=0.10 sys=0.00, real=0.01 secs] 
2016-09-24T03:46:53.485-0400: 11.193: [GC (GCLocker Initiated GC) [PSYoungGen: 170089K->45575K(175104K)] 296599K->213020K(699392K), 0.0071538 secs] [Times: user=0.09 sys=0.01, real=0.00 secs] 
2016-09-24T03:46:53.532-0400: 11.240: [GC (GCLocker Initiated GC) [PSYoungGen: 133639K->61633K(175104K)] 307940K->239188K(699392K), 0.0058313 secs] [Times: user=0.08 sys=0.00, real=0.01 secs] 
2016-09-24T03:46:53.573-0400: 11.281: [GC (GCLocker Initiated GC) [PSYoungGen: 149697K->64319K(175104K)] 332848K->261430K(699392K), 0.0064059 secs] [Times: user=0.10 sys=0.00, real=0.01 secs] 
2016-09-24T03:46:53.614-0400: 11.322: [GC (GCLocker Initiated GC) [PSYoungGen: 152383K->72621K(175104K)] 354958K->276935K(699392K), 0.0064972 secs] [Times: user=0.09 sys=0.00, real=0.01 secs] 
2016-09-24T03:46:53.662-0400: 11.370: [GC (GCLocker Initiated GC) [PSYoungGen: 160685K->48073K(175104K)] 370432K->296239K(699392K), 0.0065187 secs] [Times: user=0.09 sys=0.00, real=0.01 secs] 
2016-09-24T03:46:53.705-0400: 11.413: [GC (GCLocker Initiated GC) [PSYoungGen: 136137K->76707K(175104K)] 388378K->336042K(699392K), 0.0060052 secs] [Times: user=0.07 sys=0.00, real=0.00 secs] 
2016-09-24T03:46:53.737-0400: 11.445: [GC (GCLocker Initiated GC) [PSYoungGen: 164771K->68543K(175104K)] 424262K->355669K(699392K), 0.0070761 secs] [Times: user=0.10 sys=0.00, real=0.01 secs] 
2016-09-24T03:46:53.782-0400: 11.490: [GC (GCLocker Initiated GC) [PSYoungGen: 156607K->58951K(175104K)] 447931K->383218K(699392K), 0.0070318 secs] [Times: user=0.10 sys=0.00, real=0.01 secs] 
2016-09-24T03:46:53.822-0400: 11.530: [GC (GCLocker Initiated GC) [PSYoungGen: 147015K->53615K(175104K)] 474610K->388358K(699392K), 0.0072066 secs] [Times: user=0.06 sys=0.00, real=0.01 secs] 
2016-09-24T03:46:53.864-0400: 11.572: [GC (GCLocker Initiated GC) [PSYoungGen: 141679K->57647K(175104K)] 479358K->418817K(699392K), 0.0064185 secs] [Times: user=0.08 sys=0.00, real=0.00 secs] 
2016-09-24T03:46:53.909-0400: 11.617: [GC (GCLocker Initiated GC) [PSYoungGen: 145711K->80598K(175104K)] 512431K->464044K(699392K), 0.0071530 secs] [Times: user=0.11 sys=0.00, real=0.01 secs] 
2016-09-24T03:46:53.953-0400: 11.662: [GC (GCLocker Initiated GC) [PSYoungGen: 168662K->76611K(175104K)] 553538K->466037K(699392K), 0.0064140 secs] [Times: user=0.10 sys=0.00, real=0.01 secs] 
2016-09-24T03:46:53.999-0400: 11.707: [GC (GCLocker Initiated GC) [PSYoungGen: 164675K->57615K(175104K)] 559688K->490968K(699392K), 0.0072930 secs] [Times: user=0.10 sys=0.01, real=0.01 secs] 
2016-09-24T03:46:54.043-0400: 11.751: [GC (GCLocker Initiated GC) [PSYoungGen: 145679K->62955K(175104K)] 579251K->525333K(699392K), 0.0071995 secs] [Times: user=0.10 sys=0.00, real=0.00 secs] 
2016-09-24T03:46:54.075-0400: 11.784: [GC (GCLocker Initiated GC) [PSYoungGen: 151019K->72594K(175104K)] 613638K->546403K(699392K), 0.0086885 secs] [Times: user=0.10 sys=0.00, real=0.01 secs] 
2016-09-24T03:46:54.121-0400: 11.830: [GC (GCLocker Initiated GC) [PSYoungGen: 160658K->71051K(175104K)] 634725K->547000K(699392K), 0.0084524 secs] [Times: user=0.07 sys=0.00, real=0.01 secs] 
2016-09-24T03:46:54.130-0400: 11.838: [Full GC (Ergonomics) [PSYoungGen: 71051K->0K(175104K)] [ParOldGen: 475948K->89323K(524288K)] 547000K->89323K(699392K), [Metaspace: 43324K->43324K(1085440K)], 0.0470536 secs] [Times: user=0.34 sys=0.00, real=0.05 secs] 
2016-09-24T03:46:54.208-0400: 11.916: [GC (GCLocker Initiated GC) [PSYoungGen: 88064K->83430K(175104K)] 180209K->175575K(699392K), 0.0058935 secs] [Times: user=0.08 sys=0.00, real=0.00 secs] 
2016-09-24T03:46:54.253-0400: 11.961: [GC (GCLocker Initiated GC) [PSYoungGen: 171494K->41305K(175104K)] 266469K->181483K(699392K), 0.0065004 secs] [Times: user=0.08 sys=0.00, real=0.01 secs] 
2016-09-24T03:46:54.290-0400: 11.999: [GC (GCLocker Initiated GC) [PSYoungGen: 129369K->71275K(175104K)] 269647K->221409K(699392K), 0.0101108 secs] [Times: user=0.11 sys=0.00, real=0.01 secs] 
2016-09-24T03:46:54.342-0400: 12.050: [GC (GCLocker Initiated GC) [PSYoungGen: 159339K->57821K(175104K)] 313637K->242402K(699392K), 0.0067588 secs] [Times: user=0.09 sys=0.00, real=0.01 secs] 
2016-09-24T03:46:54.386-0400: 12.094: [GC (GCLocker Initiated GC) [PSYoungGen: 145885K->54952K(175104K)] 330493K->261773K(699392K), 0.0064833 secs] [Times: user=0.09 sys=0.00, real=0.00 secs] 
2016-09-24T03:46:54.416-0400: 12.125: [GC (GCLocker Initiated GC) [PSYoungGen: 143016K->86126K(175104K)] 349958K->312444K(699392K), 0.0072878 secs] [Times: user=0.10 sys=0.00, real=0.01 secs] 
2016-09-24T03:46:54.462-0400: 12.171: [GC (GCLocker Initiated GC) [PSYoungGen: 174190K->52343K(175104K)] 403042K->320949K(699392K), 0.0072309 secs] [Times: user=0.10 sys=0.00, real=0.00 secs] 
2016-09-24T03:46:54.508-0400: 12.217: [GC (GCLocker Initiated GC) [PSYoungGen: 140407K->48261K(175104K)] 413508K->335417K(699392K), 0.0095734 secs] [Times: user=0.10 sys=0.00, real=0.01 secs] 
2016-09-24T03:46:54.544-0400: 12.252: [GC (GCLocker Initiated GC) [PSYoungGen: 136325K->61716K(175104K)] 426434K->364582K(699392K), 0.0067196 secs] [Times: user=0.08 sys=0.00, real=0.00 secs] 
2016-09-24T03:46:54.592-0400: 12.300: [GC (GCLocker Initiated GC) [PSYoungGen: 149780K->60155K(175104K)] 455428K->370275K(699392K), 0.0222220 secs] [Times: user=0.26 sys=0.00, real=0.02 secs] 
2016-09-24T03:46:54.645-0400: 12.354: [GC (GCLocker Initiated GC) [PSYoungGen: 148219K->64192K(175104K)] 458426K->381697K(699392K), 0.0095761 secs] [Times: user=0.11 sys=0.00, real=0.01 secs] 
2016-09-24T03:46:54.689-0400: 12.398: [GC (GCLocker Initiated GC) [PSYoungGen: 152256K->79247K(175104K)] 469992K->418990K(699392K), 0.0177785 secs] [Times: user=0.23 sys=0.00, real=0.02 secs] 
2016-09-24T03:46:54.746-0400: 12.454: [GC (GCLocker Initiated GC) [PSYoungGen: 167311K->53629K(175104K)] 516644K->411545K(699392K), 0.0062500 secs] [Times: user=0.06 sys=0.00, real=0.00 secs] 
2016-09-24T03:46:54.786-0400: 12.494: [GC (GCLocker Initiated GC) [PSYoungGen: 141693K->65779K(175104K)] 510650K->454143K(699392K), 0.0079949 secs] [Times: user=0.09 sys=0.00, real=0.00 secs] 
2016-09-24T03:46:54.831-0400: 12.540: [GC (GCLocker Initiated GC) [PSYoungGen: 153843K->80643K(175104K)] 551833K->480498K(699392K), 0.0070126 secs] [Times: user=0.07 sys=0.00, real=0.01 secs] 
2016-09-24T03:46:54.877-0400: 12.585: [GC (GCLocker Initiated GC) [PSYoungGen: 168707K->60246K(175104K)] 588908K->486280K(699392K), 0.0141109 secs] [Times: user=0.16 sys=0.00, real=0.01 secs] 
2016-09-24T03:46:54.928-0400: 12.637: [GC (GCLocker Initiated GC) [PSYoungGen: 148310K->77897K(175104K)] 579823K->520690K(699392K), 0.0131272 secs] [Times: user=0.14 sys=0.01, real=0.01 secs] 
2016-09-24T03:46:54.980-0400: 12.688: [GC (GCLocker Initiated GC) [PSYoungGen: 165961K->45419K(175104K)] 616942K->510319K(699392K), 0.0165833 secs] [Times: user=0.21 sys=0.00, real=0.02 secs] 
2016-09-24T03:46:55.025-0400: 12.734: [GC (GCLocker Initiated GC) [PSYoungGen: 133483K->59011K(175104K)] 601184K->536583K(699392K), 0.0070372 secs] [Times: user=0.06 sys=0.00, real=0.00 secs] 
2016-09-24T03:46:55.070-0400: 12.778: [Full GC (Ergonomics) [PSYoungGen: 147075K->0K(175104K)] [ParOldGen: 492559K->110658K(524288K)] 639634K->110658K(699392K), [Metaspace: 43327K->43327K(1085440K)], 0.0627517 secs] [Times: user=0.39 sys=0.00, real=0.06 secs] 
2016-09-24T03:46:55.168-0400: 12.877: [GC (GCLocker Initiated GC) [PSYoungGen: 88064K->80808K(175104K)] 202852K->195596K(699392K), 0.0147844 secs] [Times: user=0.20 sys=0.00, real=0.02 secs] 
2016-09-24T03:46:55.219-0400: 12.927: [GC (GCLocker Initiated GC) [PSYoungGen: 168872K->61761K(175104K)] 289251K->212518K(699392K), 0.0086051 secs] [Times: user=0.10 sys=0.00, real=0.01 secs] 
2016-09-24T03:46:55.266-0400: 12.974: [GC (GCLocker Initiated GC) [PSYoungGen: 149825K->64539K(175104K)] 310135K->228032K(699392K), 0.0160330 secs] [Times: user=0.21 sys=0.01, real=0.01 secs] 
2016-09-24T03:46:55.314-0400: 13.023: [GC (GCLocker Initiated GC) [PSYoungGen: 152603K->52091K(175104K)] 321535K->268847K(699392K), 0.0133744 secs] [Times: user=0.18 sys=0.00, real=0.02 secs] 
2016-09-24T03:46:55.361-0400: 13.070: [GC (GCLocker Initiated GC) [PSYoungGen: 140155K->80725K(175104K)] 356996K->318200K(699392K), 0.0097705 secs] [Times: user=0.09 sys=0.01, real=0.01 secs] 
2016-09-24T03:46:55.418-0400: 13.127: [GC (GCLocker Initiated GC) [PSYoungGen: 168789K->37383K(175104K)] 409098K->317393K(699392K), 0.0876807 secs] [Times: user=1.25 sys=0.08, real=0.09 secs] 
2016-09-24T03:46:55.538-0400: 13.247: [GC (GCLocker Initiated GC) [PSYoungGen: 125447K->71371K(175104K)] 408307K->380426K(699392K), 0.0907285 secs] [Times: user=1.40 sys=0.09, real=0.09 secs] 
2016-09-24T03:46:55.668-0400: 13.377: [GC (GCLocker Initiated GC) [PSYoungGen: 159435K->67239K(175104K)] 475484K->401481K(699392K), 0.0072159 secs] [Times: user=0.10 sys=0.00, real=0.01 secs] 
2016-09-24T03:46:55.713-0400: 13.421: [GC (GCLocker Initiated GC) [PSYoungGen: 155303K->80648K(175104K)] 489772K->417091K(699392K), 0.0088908 secs] [Times: user=0.08 sys=0.00, real=0.01 secs] 
2016-09-24T03:46:55.755-0400: 13.464: [GC (GCLocker Initiated GC) [PSYoungGen: 168712K->79137K(175104K)] 510671K->439120K(699392K), 0.0071669 secs] [Times: user=0.10 sys=0.01, real=0.01 secs] 
2016-09-24T03:46:55.800-0400: 13.508: [GC (GCLocker Initiated GC) [PSYoungGen: 167201K->61775K(175104K)] 536710K->445168K(699392K), 0.0059141 secs] [Times: user=0.09 sys=0.00, real=0.01 secs] 
2016-09-24T03:46:55.846-0400: 13.554: [GC (GCLocker Initiated GC) [PSYoungGen: 149839K->64415K(175104K)] 538759K->474146K(699392K), 0.0070368 secs] [Times: user=0.08 sys=0.02, real=0.00 secs] 
2016-09-24T03:46:55.900-0400: 13.609: [GC (GCLocker Initiated GC) [PSYoungGen: 152479K->46925K(175104K)] 574494K->505871K(699392K), 0.0067246 secs] [Times: user=0.09 sys=0.00, real=0.01 secs] 
2016-09-24T03:46:55.944-0400: 13.653: [GC (GCLocker Initiated GC) [PSYoungGen: 134989K->61683K(175104K)] 594066K->530743K(699392K), 0.0070488 secs] [Times: user=0.07 sys=0.01, real=0.00 secs] 
2016-09-24T03:46:55.988-0400: 13.696: [GC (GCLocker Initiated GC) [PSYoungGen: 149747K->38875K(175104K)] 621427K->546144K(699392K), 0.0072427 secs] [Times: user=0.08 sys=0.01, real=0.01 secs] 
2016-09-24T03:46:55.995-0400: 13.704: [Full GC (Ergonomics) [PSYoungGen: 38875K->0K(175104K)] [ParOldGen: 507269K->95414K(524288K)] 546144K->95414K(699392K), [Metaspace: 43333K->43333K(1085440K)], 0.0447378 secs] [Times: user=0.41 sys=0.04, real=0.04 secs] 
2016-09-24T03:46:56.075-0400: 13.784: [GC (GCLocker Initiated GC) [PSYoungGen: 88064K->80871K(175104K)] 187604K->180412K(699392K), 0.0064327 secs] [Times: user=0.09 sys=0.00, real=0.00 secs] 
2016-09-24T03:46:56.117-0400: 13.825: [GC (GCLocker Initiated GC) [PSYoungGen: 168935K->72529K(175104K)] 271300K->209369K(699392K), 0.0071623 secs] [Times: user=0.11 sys=0.00, real=0.01 secs] 
2016-09-24T03:46:56.166-0400: 13.874: [GC (GCLocker Initiated GC) [PSYoungGen: 160593K->56361K(175104K)] 302917K->228884K(699392K), 0.0071140 secs] [Times: user=0.08 sys=0.01, real=0.00 secs] 
2016-09-24T03:46:56.203-0400: 13.912: [GC (GCLocker Initiated GC) [PSYoungGen: 144425K->57505K(175104K)] 317017K->244108K(699392K), 0.0098300 secs] [Times: user=0.09 sys=0.01, real=0.00 secs] 
2016-09-24T03:46:56.249-0400: 13.958: [GC (GCLocker Initiated GC) [PSYoungGen: 145569K->61808K(175104K)] 341785K->277333K(699392K), 0.0060939 secs] [Times: user=0.08 sys=0.01, real=0.01 secs] 
2016-09-24T03:46:56.296-0400: 14.005: [GC (GCLocker Initiated GC) [PSYoungGen: 149872K->64397K(175104K)] 376331K->310326K(699392K), 0.0090128 secs] [Times: user=0.10 sys=0.01, real=0.01 secs] 
2016-09-24T03:46:56.349-0400: 14.057: [GC (GCLocker Initiated GC) [PSYoungGen: 152461K->59093K(147456K)] 406774K->334148K(671744K), 0.0063001 secs] [Times: user=0.08 sys=0.01, real=0.01 secs] 
2016-09-24T03:46:56.404-0400: 14.112: [GC (GCLocker Initiated GC) [PSYoungGen: 147157K->76456K(174080K)] 422276K->362946K(698368K), 0.0064256 secs] [Times: user=0.08 sys=0.01, real=0.00 secs] 
2016-09-24T03:46:56.441-0400: 14.149: [GC (GCLocker Initiated GC) [PSYoungGen: 164008K->71211K(174592K)] 450755K->371818K(698880K), 0.0064118 secs] [Times: user=0.08 sys=0.00, real=0.01 secs] 
2016-09-24T03:46:56.491-0400: 14.199: [GC (GCLocker Initiated GC) [PSYoungGen: 158763K->80616K(175104K)] 462280K->406252K(699392K), 0.0071290 secs] [Times: user=0.10 sys=0.00, real=0.01 secs] 
2016-09-24T03:46:56.536-0400: 14.244: [GC (GCLocker Initiated GC) [PSYoungGen: 168680K->60269K(175104K)] 497072K->399931K(699392K), 0.0058217 secs] [Times: user=0.08 sys=0.01, real=0.00 secs] 
2016-09-24T03:46:56.578-0400: 14.286: [GC (GCLocker Initiated GC) [PSYoungGen: 148333K->48293K(175104K)] 493504K->437142K(699392K), 0.0066892 secs] [Times: user=0.08 sys=0.01, real=0.01 secs] 
2016-09-24T03:46:56.620-0400: 14.329: [GC (GCLocker Initiated GC) [PSYoungGen: 136357K->53661K(175104K)] 528977K->469811K(699392K), 0.0062717 secs] [Times: user=0.08 sys=0.01, real=0.01 secs] 
2016-09-24T03:46:56.658-0400: 14.367: [GC (GCLocker Initiated GC) [PSYoungGen: 141725K->86030K(175104K)] 560663K->509529K(699392K), 0.0074863 secs] [Times: user=0.09 sys=0.01, real=0.01 secs] 
2016-09-24T03:46:56.703-0400: 14.412: [GC (GCLocker Initiated GC) [PSYoungGen: 174094K->73989K(175104K)] 612565K->537268K(699392K), 0.0068477 secs] [Times: user=0.09 sys=0.00, real=0.00 secs] 
2016-09-24T03:46:56.749-0400: 14.457: [GC (GCLocker Initiated GC) [PSYoungGen: 162053K->80474K(175104K)] 628103K->551131K(699392K), 0.0060441 secs] [Times: user=0.08 sys=0.01, real=0.01 secs] 
2016-09-24T03:46:56.790-0400: 14.499: [GC (GCLocker Initiated GC) [PSYoungGen: 168538K->67225K(175104K)] 639295K->561297K(699392K), 0.0116396 secs] [Times: user=0.12 sys=0.01, real=0.01 secs] 
2016-09-24T03:46:56.802-0400: 14.511: [Full GC (Ergonomics) [PSYoungGen: 67225K->0K(175104K)] [ParOldGen: 494071K->112876K(524288K)] 561297K->112876K(699392K), [Metaspace: 43343K->43343K(1085440K)], 0.0515371 secs] [Times: user=0.39 sys=0.06, real=0.05 secs] 
2016-09-24T03:46:56.894-0400: 14.603: [GC (GCLocker Initiated GC) [PSYoungGen: 88064K->75549K(175104K)] 209133K->196619K(699392K), 0.0059803 secs] [Times: user=0.08 sys=0.01, real=0.01 secs] 
2016-09-24T03:46:56.934-0400: 14.643: [GC (GCLocker Initiated GC) [PSYoungGen: 163613K->67193K(175104K)] 290221K->229733K(699392K), 0.0069037 secs] [Times: user=0.10 sys=0.00, real=0.01 secs] 
2016-09-24T03:46:56.981-0400: 14.690: [GC (GCLocker Initiated GC) [PSYoungGen: 155257K->64351K(175104K)] 317876K->250512K(699392K), 0.0063304 secs] [Times: user=0.08 sys=0.01, real=0.01 secs] 
2016-09-24T03:46:57.021-0400: 14.730: [GC (GCLocker Initiated GC) [PSYoungGen: 152415K->67240K(175104K)] 346822K->278291K(699392K), 0.0064606 secs] [Times: user=0.08 sys=0.00, real=0.01 secs] 
2016-09-24T03:46:57.070-0400: 14.779: [GC (GCLocker Initiated GC) [PSYoungGen: 155304K->56188K(175104K)] 374650K->308576K(699392K), 0.0067694 secs] [Times: user=0.09 sys=0.01, real=0.01 secs] 
2016-09-24T03:46:57.120-0400: 14.829: [GC (GCLocker Initiated GC) [PSYoungGen: 144252K->60412K(175104K)] 404826K->333526K(699392K), 0.0059107 secs] [Times: user=0.08 sys=0.00, real=0.01 secs] 
2016-09-24T03:46:57.164-0400: 14.872: [GC (GCLocker Initiated GC) [PSYoungGen: 148476K->83266K(175104K)] 427166K->366505K(699392K), 0.0072777 secs] [Times: user=0.10 sys=0.00, real=0.00 secs] 
2016-09-24T03:46:57.207-0400: 14.916: [GC (GCLocker Initiated GC) [PSYoungGen: 171330K->65793K(175104K)] 464037K->373810K(699392K), 0.0064024 secs] [Times: user=0.07 sys=0.01, real=0.00 secs] 
2016-09-24T03:46:57.251-0400: 14.959: [GC (GCLocker Initiated GC) [PSYoungGen: 153857K->62938K(175104K)] 466066K->389156K(699392K), 0.0068631 secs] [Times: user=0.07 sys=0.01, real=0.01 secs] 
2016-09-24T03:46:57.304-0400: 15.012: [GC (GCLocker Initiated GC) [PSYoungGen: 151002K->65765K(154112K)] 482707K->418143K(678400K), 0.0071269 secs] [Times: user=0.10 sys=0.01, real=0.00 secs] 
2016-09-24T03:46:57.349-0400: 15.058: [GC (GCLocker Initiated GC) [PSYoungGen: 153829K->86158K(174080K)] 506321K->463426K(698368K), 0.0075591 secs] [Times: user=0.11 sys=0.01, real=0.01 secs] 
2016-09-24T03:46:57.388-0400: 15.097: [GC (GCLocker Initiated GC) [PSYoungGen: 173710K->76534K(174592K)] 553832K->484247K(698880K), 0.0076563 secs] [Times: user=0.11 sys=0.00, real=0.01 secs] 
2016-09-24T03:46:57.429-0400: 15.138: [GC (GCLocker Initiated GC) [PSYoungGen: 164086K->57789K(175104K)] 576453K->481406K(699392K), 0.0056729 secs] [Times: user=0.07 sys=0.00, real=0.01 secs] 
2016-09-24T03:46:57.470-0400: 15.178: [GC (GCLocker Initiated GC) [PSYoungGen: 145853K->73801K(175104K)] 575023K->507638K(699392K), 0.0075745 secs] [Times: user=0.10 sys=0.01, real=0.01 secs] 
2016-09-24T03:46:57.509-0400: 15.218: [GC (GCLocker Initiated GC) [PSYoungGen: 161865K->64478K(175104K)] 601154K->525796K(699392K), 0.0086226 secs] [Times: user=0.07 sys=0.01, real=0.01 secs] 
2016-09-24T03:46:57.552-0400: 15.261: [GC (GCLocker Initiated GC) [PSYoungGen: 152542K->58892K(175104K)] 613886K->557230K(699392K), 0.0072185 secs] [Times: user=0.07 sys=0.01, real=0.01 secs] 
2016-09-24T03:46:57.560-0400: 15.268: [Full GC (Ergonomics) [PSYoungGen: 58892K->0K(175104K)] [ParOldGen: 498338K->117930K(524288K)] 557230K->117930K(699392K), [Metaspace: 43345K->43345K(1085440K)], 0.0489068 secs] [Times: user=0.34 sys=0.05, real=0.05 secs] 
2016-09-24T03:46:57.636-0400: 15.344: [GC (GCLocker Initiated GC) [PSYoungGen: 88064K->79696K(175104K)] 208881K->200513K(699392K), 0.0064836 secs] [Times: user=0.08 sys=0.01, real=0.01 secs] 
2016-09-24T03:46:57.680-0400: 15.389: [GC (GCLocker Initiated GC) [PSYoungGen: 167760K->71134K(175104K)] 299478K->218595K(699392K), 0.0098196 secs] [Times: user=0.13 sys=0.01, real=0.01 secs] 
2016-09-24T03:46:57.734-0400: 15.443: [GC (GCLocker Initiated GC) [PSYoungGen: 159198K->52220K(175104K)] 313555K->224602K(699392K), 0.0075975 secs] [Times: user=0.09 sys=0.01, real=0.01 secs] 
2016-09-24T03:46:57.777-0400: 15.486: [GC (GCLocker Initiated GC) [PSYoungGen: 140284K->79270K(175104K)] 315615K->260467K(699392K), 0.0110102 secs] [Times: user=0.17 sys=0.01, real=0.01 secs] 
2016-09-24T03:46:57.819-0400: 15.528: [GC (GCLocker Initiated GC) [PSYoungGen: 167334K->79188K(175104K)] 348645K->271775K(699392K), 0.0071706 secs] [Times: user=0.08 sys=0.01, real=0.01 secs] 
2016-09-24T03:46:57.867-0400: 15.576: [GC (GCLocker Initiated GC) [PSYoungGen: 167252K->45378K(175104K)] 362700K->277646K(699392K), 0.0065472 secs] [Times: user=0.09 sys=0.01, real=0.00 secs] 
2016-09-24T03:46:57.907-0400: 15.616: [GC (GCLocker Initiated GC) [PSYoungGen: 133442K->76410K(175104K)] 369812K->314479K(699392K), 0.0062909 secs] [Times: user=0.09 sys=0.00, real=0.00 secs] 
2016-09-24T03:46:57.943-0400: 15.651: [GC (GCLocker Initiated GC) [PSYoungGen: 164474K->73710K(175104K)] 408061K->333895K(699392K), 0.0072511 secs] [Times: user=0.10 sys=0.00, real=0.00 secs] 
2016-09-24T03:46:57.996-0400: 15.705: [GC (GCLocker Initiated GC) [PSYoungGen: 161774K->56052K(175104K)] 436722K->348859K(699392K), 0.1192703 secs] [Times: user=1.77 sys=0.12, real=0.12 secs] 
2016-09-24T03:46:58.147-0400: 15.855: [GC (GCLocker Initiated GC) [PSYoungGen: 144116K->64185K(175104K)] 437017K->362806K(699392K), 0.0071703 secs] [Times: user=0.08 sys=0.01, real=0.01 secs] 
2016-09-24T03:46:58.193-0400: 15.901: [GC (GCLocker Initiated GC) [PSYoungGen: 152249K->58878K(175104K)] 463100K->409220K(699392K), 0.0073660 secs] [Times: user=0.09 sys=0.01, real=0.01 secs] 
2016-09-24T03:46:58.247-0400: 15.955: [GC (GCLocker Initiated GC) [PSYoungGen: 146942K->84450K(175104K)] 498681K->439218K(699392K), 0.0067533 secs] [Times: user=0.09 sys=0.01, real=0.00 secs] 
2016-09-24T03:46:58.292-0400: 16.001: [GC (GCLocker Initiated GC) [PSYoungGen: 172514K->69681K(175104K)] 531544K->453358K(699392K), 0.0069334 secs] [Times: user=0.08 sys=0.01, real=0.01 secs] 
2016-09-24T03:46:58.346-0400: 16.054: [GC (GCLocker Initiated GC) [PSYoungGen: 157745K->77891K(175104K)] 551107K->475615K(699392K), 0.0061442 secs] [Times: user=0.09 sys=0.00, real=0.00 secs] 
2016-09-24T03:46:58.391-0400: 16.100: [GC (GCLocker Initiated GC) [PSYoungGen: 165955K->64218K(175104K)] 574666K->485480K(699392K), 0.0061194 secs] [Times: user=0.09 sys=0.01, real=0.01 secs] 
2016-09-24T03:46:58.430-0400: 16.138: [GC (GCLocker Initiated GC) [PSYoungGen: 152282K->72367K(175104K)] 581793K->503505K(699392K), 0.0061465 secs] [Times: user=0.09 sys=0.00, real=0.01 secs] 
2016-09-24T03:46:58.470-0400: 16.179: [GC (GCLocker Initiated GC) [PSYoungGen: 160431K->76400K(175104K)] 595079K->524860K(699392K), 0.0074493 secs] [Times: user=0.10 sys=0.01, real=0.01 secs] 
2016-09-24T03:46:58.503-0400: 16.212: [GC (GCLocker Initiated GC) [PSYoungGen: 164464K->71065K(175104K)] 618563K->545683K(699392K), 0.0073204 secs] [Times: user=0.10 sys=0.01, real=0.00 secs] 
2016-09-24T03:46:58.545-0400: 16.254: [GC (GCLocker Initiated GC) [PSYoungGen: 159129K->68286K(175104K)] 638238K->557153K(699392K), 0.0065167 secs] [Times: user=0.08 sys=0.02, real=0.00 secs] 
2016-09-24T03:46:58.552-0400: 16.260: [Full GC (Ergonomics) [PSYoungGen: 68286K->0K(175104K)] [ParOldGen: 488866K->122307K(524288K)] 557153K->122307K(699392K), [Metaspace: 43354K->43354K(1085440K)], 0.0502267 secs] [Times: user=0.38 sys=0.04, real=0.05 secs] 
2016-09-24T03:46:58.643-0400: 16.351: [GC (GCLocker Initiated GC) [PSYoungGen: 88064K->46653K(175104K)] 223964K->182554K(699392K), 0.0882563 secs] [Times: user=1.26 sys=0.09, real=0.08 secs] 
2016-09-24T03:46:58.770-0400: 16.478: [GC (GCLocker Initiated GC) [PSYoungGen: 134717K->58836K(175104K)] 277433K->211377K(699392K), 0.0082082 secs] [Times: user=0.09 sys=0.02, real=0.01 secs] 
2016-09-24T03:46:58.812-0400: 16.520: [GC (GCLocker Initiated GC) [PSYoungGen: 146900K->52004K(175104K)] 305057K->244205K(699392K), 0.0089727 secs] [Times: user=0.08 sys=0.01, real=0.01 secs] 
2016-09-24T03:46:58.861-0400: 16.569: [GC (GCLocker Initiated GC) [PSYoungGen: 140068K->66854K(175104K)] 337716K->282361K(699392K), 0.0067816 secs] [Times: user=0.10 sys=0.00, real=0.01 secs] 
2016-09-24T03:46:58.899-0400: 16.608: [GC (GCLocker Initiated GC) [PSYoungGen: 154918K->72400K(175104K)] 371105K->301032K(699392K), 0.0063500 secs] [Times: user=0.08 sys=0.00, real=0.01 secs] 
2016-09-24T03:46:58.931-0400: 16.639: [GC (GCLocker Initiated GC) [PSYoungGen: 160464K->70954K(175104K)] 389221K->320305K(699392K), 0.0101883 secs] [Times: user=0.13 sys=0.00, real=0.01 secs] 
2016-09-24T03:46:58.977-0400: 16.686: [GC (GCLocker Initiated GC) [PSYoungGen: 159018K->57567K(175104K)] 413890K->335673K(699392K), 0.0061820 secs] [Times: user=0.07 sys=0.00, real=0.01 secs] 
2016-09-24T03:46:59.110-0400: 16.819: [GC (GCLocker Initiated GC) [PSYoungGen: 145631K->37172K(175104K)] 426518K->342689K(699392K), 0.1247656 secs] [Times: user=1.89 sys=0.12, real=0.13 secs] 
2016-09-24T03:46:59.285-0400: 16.993: [GC (GCLocker Initiated GC) [PSYoungGen: 125236K->61454K(175104K)] 433529K->398401K(699392K), 0.0063875 secs] [Times: user=0.10 sys=0.00, real=0.00 secs] 
2016-09-24T03:46:59.333-0400: 17.042: [GC (GCLocker Initiated GC) [PSYoungGen: 149518K->65632K(174080K)] 497412K->431355K(698368K), 0.0093496 secs] [Times: user=0.13 sys=0.01, real=0.02 secs] 
2016-09-24T03:46:59.382-0400: 17.091: [GC (GCLocker Initiated GC) [PSYoungGen: 153696K->70936K(174592K)] 522224K->465501K(698880K), 0.0068028 secs] [Times: user=0.11 sys=0.01, real=0.00 secs] 
2016-09-24T03:46:59.423-0400: 17.132: [GC (GCLocker Initiated GC) [PSYoungGen: 159000K->60186K(173056K)] 556389K->482137K(697344K), 0.0072323 secs] [Times: user=0.07 sys=0.00, real=0.00 secs] 
2016-09-24T03:46:59.468-0400: 17.176: [GC (GCLocker Initiated GC) [PSYoungGen: 148762K->64268K(174080K)] 570837K->517727K(698368K), 0.0091559 secs] [Times: user=0.14 sys=0.00, real=0.01 secs] 
2016-09-24T03:46:59.510-0400: 17.219: [GC (GCLocker Initiated GC) [PSYoungGen: 152844K->42414K(174080K)] 606322K->510954K(698368K), 0.0065344 secs] [Times: user=0.07 sys=0.01, real=0.01 secs] 
2016-09-24T03:46:59.552-0400: 17.260: [GC (GCLocker Initiated GC) [PSYoungGen: 133038K->65618K(175616K)] 607236K->552231K(699904K), 0.0062309 secs] [Times: user=0.10 sys=0.01, real=0.01 secs] 
2016-09-24T03:46:59.558-0400: 17.267: [Full GC (Ergonomics) [PSYoungGen: 65618K->0K(175616K)] [ParOldGen: 486613K->120538K(524288K)] 552231K->120538K(699904K), [Metaspace: 43359K->43359K(1085440K)], 0.0747386 secs] [Times: user=0.58 sys=0.08, real=0.07 secs] 
2016-09-24T03:46:59.667-0400: 17.376: [GC (GCLocker Initiated GC) [PSYoungGen: 90624K->79199K(172544K)] 213907K->202483K(696832K), 0.0067474 secs] [Times: user=0.12 sys=0.00, real=0.00 secs] 
2016-09-24T03:46:59.725-0400: 17.434: [GC (GCLocker Initiated GC) [PSYoungGen: 167263K->68396K(175104K)] 296028K->208352K(699392K), 0.0078817 secs] [Times: user=0.12 sys=0.01, real=0.00 secs] 
2016-09-24T03:46:59.791-0400: 17.500: [GC (GCLocker Initiated GC) [PSYoungGen: 156460K->64282K(172032K)] 304574K->237032K(696320K), 0.0105958 secs] [Times: user=0.13 sys=0.01, real=0.01 secs] 
2016-09-24T03:46:59.844-0400: 17.553: [GC (GCLocker Initiated GC) [PSYoungGen: 152346K->50686K(173568K)] 327958K->245520K(697856K), 0.0130455 secs] [Times: user=0.16 sys=0.02, real=0.01 secs] 
2016-09-24T03:46:59.910-0400: 17.619: [GC (GCLocker Initiated GC) [PSYoungGen: 138750K->57422K(174080K)] 333685K->263416K(698368K), 0.0057947 secs] [Times: user=0.06 sys=0.01, real=0.01 secs] 
2016-09-24T03:46:59.943-0400: 17.652: [GC (GCLocker Initiated GC) [PSYoungGen: 148046K->64253K(175104K)] 362222K->288167K(699392K), 0.0084172 secs] [Times: user=0.10 sys=0.00, real=0.00 secs] 
2016-09-24T03:47:00.002-0400: 17.710: [GC (GCLocker Initiated GC) [PSYoungGen: 154877K->41093K(175616K)] 385712K->300577K(699904K), 0.0068207 secs] [Times: user=0.06 sys=0.00, real=0.01 secs] 
2016-09-24T03:47:00.052-0400: 17.761: [GC (GCLocker Initiated GC) [PSYoungGen: 133765K->64044K(177152K)] 393352K->334707K(701440K), 0.0107358 secs] [Times: user=0.07 sys=0.01, real=0.02 secs] 
2016-09-24T03:47:00.117-0400: 17.826: [GC (GCLocker Initiated GC) [PSYoungGen: 156716K->43858K(177664K)] 432929K->352706K(701952K), 0.0104502 secs] [Times: user=0.10 sys=0.01, real=0.01 secs] 
2016-09-24T03:47:00.194-0400: 17.903: [GC (GCLocker Initiated GC) [PSYoungGen: 138066K->76400K(171008K)] 449703K->401923K(695296K), 0.0121086 secs] [Times: user=0.17 sys=0.01, real=0.01 secs] 
2016-09-24T03:47:00.259-0400: 17.967: [GC (GCLocker Initiated GC) [PSYoungGen: 170608K->58740K(176640K)] 501604K->395412K(700928K), 0.0078630 secs] [Times: user=0.10 sys=0.00, real=0.01 secs] 
2016-09-24T03:47:00.300-0400: 18.009: [GC (GCLocker Initiated GC) [PSYoungGen: 148340K->73686K(175104K)] 487917K->437924K(699392K), 0.0076238 secs] [Times: user=0.10 sys=0.01, real=0.01 secs] 
2016-09-24T03:47:00.348-0400: 18.057: [GC (GCLocker Initiated GC) [PSYoungGen: 163286K->60203K(175616K)] 530301K->454535K(699904K), 0.0065911 secs] [Times: user=0.09 sys=0.00, real=0.01 secs] 
2016-09-24T03:47:00.386-0400: 18.095: [GC (GCLocker Initiated GC) [PSYoungGen: 149291K->66904K(175104K)] 546765K->474109K(699392K), 0.0071706 secs] [Times: user=0.07 sys=0.00, real=0.00 secs] 
2016-09-24T03:47:00.439-0400: 18.147: [GC (GCLocker Initiated GC) [PSYoungGen: 155992K->57326K(174080K)] 563262K->477065K(698368K), 0.0128413 secs] [Times: user=0.16 sys=0.02, real=0.01 secs] 
2016-09-24T03:47:00.485-0400: 18.194: [GC (GCLocker Initiated GC) [PSYoungGen: 147950K->48149K(174592K)] 575935K->512843K(698880K), 0.0070907 secs] [Times: user=0.10 sys=0.00, real=0.00 secs] 
2016-09-24T03:47:00.537-0400: 18.245: [GC (GCLocker Initiated GC) [PSYoungGen: 138773K->68237K(177152K)] 617108K->549605K(701440K), 0.0092011 secs] [Times: user=0.09 sys=0.01, real=0.01 secs] 
2016-09-24T03:47:00.546-0400: 18.255: [Full GC (Ergonomics) [PSYoungGen: 68237K->0K(177152K)] [ParOldGen: 481368K->135386K(524288K)] 549605K->135386K(701440K), [Metaspace: 43359K->43359K(1085440K)], 0.0499325 secs] [Times: user=0.39 sys=0.02, real=0.05 secs] 
2016-09-24T03:47:00.651-0400: 18.360: [GC (GCLocker Initiated GC) [PSYoungGen: 93184K->49338K(177664K)] 242237K->198392K(701952K), 0.0081726 secs] [Times: user=0.08 sys=0.01, real=0.01 secs] 
2016-09-24T03:47:00.703-0400: 18.411: [GC (GCLocker Initiated GC) [PSYoungGen: 142522K->42349K(176640K)] 294319K->198494K(700928K), 0.0053235 secs] [Times: user=0.04 sys=0.00, real=0.00 secs] 
2016-09-24T03:47:00.742-0400: 18.450: [GC (GCLocker Initiated GC) [PSYoungGen: 134509K->73607K(165888K)] 290952K->258646K(690176K), 0.0096140 secs] [Times: user=0.08 sys=0.00, real=0.01 secs] 
2016-09-24T03:47:00.791-0400: 18.499: [GC (GCLocker Initiated GC) [PSYoungGen: 165767K->52022K(175616K)] 351509K->251553K(699904K), 0.0118015 secs] [Times: user=0.15 sys=0.00, real=0.02 secs] 
2016-09-24T03:47:00.836-0400: 18.545: [GC (GCLocker Initiated GC) [PSYoungGen: 140598K->47984K(136704K)] 342930K->274898K(660992K), 0.0115862 secs] [Times: user=0.14 sys=0.01, real=0.01 secs] 
2016-09-24T03:47:00.890-0400: 18.599: [GC (GCLocker Initiated GC) [PSYoungGen: 136560K->61505K(175616K)] 366382K->311842K(699904K), 0.0074461 secs] [Times: user=0.10 sys=0.01, real=0.01 secs] 
2016-09-24T03:47:00.941-0400: 18.650: [GC (GCLocker Initiated GC) [PSYoungGen: 151617K->64264K(174080K)] 407532K->355606K(698368K), 0.0071093 secs] [Times: user=0.11 sys=0.00, real=0.01 secs] 
2016-09-24T03:47:00.990-0400: 18.698: [GC (GCLocker Initiated GC) [PSYoungGen: 154376K->54765K(175616K)] 447120K->368093K(699904K), 0.0089070 secs] [Times: user=0.09 sys=0.00, real=0.01 secs] 
2016-09-24T03:47:01.035-0400: 18.743: [GC (GCLocker Initiated GC) [PSYoungGen: 148973K->60152K(176128K)] 469402K->380821K(700416K), 0.0081001 secs] [Times: user=0.06 sys=0.00, real=0.01 secs] 
2016-09-24T03:47:01.090-0400: 18.798: [GC (GCLocker Initiated GC) [PSYoungGen: 154360K->50527K(179200K)] 477954K->392000K(703488K), 0.0134833 secs] [Times: user=0.15 sys=0.01, real=0.02 secs] 
2016-09-24T03:47:01.149-0400: 18.858: [GC (GCLocker Initiated GC) [PSYoungGen: 150367K->65583K(179200K)] 494648K->425062K(703488K), 0.0076695 secs] [Times: user=0.09 sys=0.00, real=0.01 secs] 
2016-09-24T03:47:01.194-0400: 18.903: [GC (GCLocker Initiated GC) [PSYoungGen: 165423K->71135K(176640K)] 527652K->445861K(700928K), 0.0080007 secs] [Times: user=0.11 sys=0.00, real=0.01 secs] 
2016-09-24T03:47:01.244-0400: 18.952: [GC (GCLocker Initiated GC) [PSYoungGen: 167391K->65581K(179200K)] 547557K->460988K(703488K), 0.0067672 secs] [Times: user=0.09 sys=0.00, real=0.00 secs] 
2016-09-24T03:47:01.351-0400: 19.060: [GC (GCLocker Initiated GC) [PSYoungGen: 161837K->69854K(176640K)] 565428K->476499K(700928K), 0.0078083 secs] [Times: user=0.10 sys=0.02, real=0.01 secs] 
2016-09-24T03:47:01.410-0400: 19.119: [GC (GCLocker Initiated GC) [PSYoungGen: 164062K->60087K(154624K)] 573456K->472648K(678912K), 0.0392287 secs] [Times: user=0.10 sys=0.04, real=0.04 secs] 
2016-09-24T03:47:01.500-0400: 19.209: [GC (GCLocker Initiated GC) [PSYoungGen: 154295K->60363K(179712K)] 567154K->489802K(704000K), 0.0425535 secs] [Times: user=0.26 sys=0.03, real=0.05 secs] 
2016-09-24T03:47:01.607-0400: 19.315: [GC (GCLocker Initiated GC) [PSYoungGen: 158155K->40104K(177664K)] 587647K->482209K(701952K), 0.0604428 secs] [Times: user=0.37 sys=0.06, real=0.06 secs] 
2016-09-24T03:47:01.749-0400: 19.458: [GC (GCLocker Initiated GC) [PSYoungGen: 137896K->38626K(178176K)] 585602K->513684K(702464K), 0.0229423 secs] [Times: user=0.41 sys=0.01, real=0.02 secs] 
2016-09-24T03:47:01.823-0400: 19.531: [GC (GCLocker Initiated GC) [PSYoungGen: 134882K->35764K(132096K)] 612790K->527617K(656384K), 0.0133306 secs] [Times: user=0.15 sys=0.01, real=0.01 secs] 
2016-09-24T03:47:01.836-0400: 19.545: [Full GC (Ergonomics) [PSYoungGen: 35764K->0K(132096K)] [ParOldGen: 491853K->129082K(524288K)] 527617K->129082K(656384K), [Metaspace: 43361K->43361K(1085440K)], 0.0650318 secs] [Times: user=0.70 sys=0.05, real=0.06 secs] 
2016-09-24T03:47:01.960-0400: 19.668: [GC (GCLocker Initiated GC) [PSYoungGen: 96256K->61853K(178688K)] 228129K->193727K(702976K), 0.0078120 secs] [Times: user=0.09 sys=0.01, real=0.01 secs] 
2016-09-24T03:47:02.020-0400: 19.729: [GC (GCLocker Initiated GC) [PSYoungGen: 156573K->77973K(173056K)] 288653K->227037K(697344K), 0.0102478 secs] [Times: user=0.14 sys=0.01, real=0.01 secs] 
2016-09-24T03:47:02.092-0400: 19.801: [GC (GCLocker Initiated GC) [PSYoungGen: 172693K->58943K(175616K)] 339385K->250407K(699904K), 0.0084382 secs] [Times: user=0.12 sys=0.01, real=0.01 secs] 
2016-09-24T03:47:02.191-0400: 19.899: [GC (GCLocker Initiated GC) [PSYoungGen: 147519K->41433K(175104K)] 347189K->276736K(699392K), 0.0077939 secs] [Times: user=0.09 sys=0.01, real=0.01 secs] 
2016-09-24T03:47:02.299-0400: 20.008: [GC (GCLocker Initiated GC) [PSYoungGen: 130009K->73871K(174592K)] 376216K->331324K(698880K), 0.0062994 secs] [Times: user=0.10 sys=0.01, real=0.01 secs] 
2016-09-24T03:47:02.388-0400: 20.097: [GC (GCLocker Initiated GC) [PSYoungGen: 161935K->61714K(175104K)] 419648K->333393K(699392K), 0.0066317 secs] [Times: user=0.09 sys=0.01, real=0.01 secs] 
2016-09-24T03:47:02.481-0400: 20.190: [GC (GCLocker Initiated GC) [PSYoungGen: 149778K->75239K(175104K)] 425723K->358430K(699392K), 0.0180710 secs] [Times: user=0.30 sys=0.03, real=0.02 secs] 
2016-09-24T03:47:02.628-0400: 20.337: [GC (GCLocker Initiated GC) [PSYoungGen: 163303K->49725K(175104K)] 451183K->346221K(699392K), 0.0141645 secs] [Times: user=0.22 sys=0.01, real=0.02 secs] 
2016-09-24T03:47:02.760-0400: 20.468: [GC (GCLocker Initiated GC) [PSYoungGen: 137789K->34662K(175104K)] 437826K->364940K(699392K), 0.0104405 secs] [Times: user=0.12 sys=0.01, real=0.01 secs] 
2016-09-24T03:47:02.862-0400: 20.571: [GC (GCLocker Initiated GC) [PSYoungGen: 122726K->84615K(175104K)] 453094K->431683K(699392K), 0.0083248 secs] [Times: user=0.12 sys=0.01, real=0.00 secs] 
2016-09-24T03:47:02.955-0400: 20.664: [GC (GCLocker Initiated GC) [PSYoungGen: 172679K->51015K(175104K)] 525191K->431039K(699392K), 0.0061749 secs] [Times: user=0.10 sys=0.00, real=0.00 secs] 
2016-09-24T03:47:03.012-0400: 20.721: [GC (GCLocker Initiated GC) [PSYoungGen: 139079K->64431K(175104K)] 519230K->449242K(699392K), 0.0062401 secs] [Times: user=0.10 sys=0.01, real=0.01 secs] 
2016-09-24T03:47:03.059-0400: 20.767: [GC (GCLocker Initiated GC) [PSYoungGen: 152495K->71445K(175104K)] 538703K->471722K(699392K), 0.0073995 secs] [Times: user=0.12 sys=0.01, real=0.01 secs] 
2016-09-24T03:47:03.116-0400: 20.824: [GC (GCLocker Initiated GC) [PSYoungGen: 159509K->50794K(175104K)] 565445K->462774K(699392K), 0.0072601 secs] [Times: user=0.08 sys=0.00, real=0.01 secs] 
2016-09-24T03:47:03.199-0400: 20.908: [GC (GCLocker Initiated GC) [PSYoungGen: 138858K->46681K(175104K)] 557699K->478132K(699392K), 0.0287552 secs] [Times: user=0.46 sys=0.06, real=0.03 secs] 
2016-09-24T03:47:03.316-0400: 21.025: [GC (Allocation Failure) [PSYoungGen: 134745K->12787K(175104K)] 581801K->460319K(699392K), 0.0131431 secs] [Times: user=0.13 sys=0.05, real=0.01 secs] 
2016-09-24T03:47:03.405-0400: 21.113: [GC (GCLocker Initiated GC) [PSYoungGen: 100851K->38645K(175104K)] 567371K->505778K(699392K), 0.0265232 secs] [Times: user=0.40 sys=0.09, real=0.02 secs] 
2016-09-24T03:47:03.494-0400: 21.202: [GC (GCLocker Initiated GC) [PSYoungGen: 126709K->56114K(175104K)] 600736K->533278K(699392K), 0.0086048 secs] [Times: user=0.09 sys=0.06, real=0.02 secs] 
2016-09-24T03:47:03.562-0400: 21.271: [GC (GCLocker Initiated GC) [PSYoungGen: 144178K->39724K(175104K)] 621596K->532373K(699392K), 0.0170554 secs] [Times: user=0.23 sys=0.06, real=0.01 secs] 
2016-09-24T03:47:03.580-0400: 21.288: [Full GC (Ergonomics) [PSYoungGen: 39724K->0K(175104K)] [ParOldGen: 492648K->132206K(524288K)] 532373K->132206K(699392K), [Metaspace: 43369K->43369K(1085440K)], 0.0646416 secs] [Times: user=0.64 sys=0.32, real=0.07 secs] 
2016-09-24T03:47:03.697-0400: 21.406: [GC (GCLocker Initiated GC) [PSYoungGen: 88064K->56580K(175104K)] 237994K->206511K(699392K), 0.0172653 secs] [Times: user=0.29 sys=0.02, real=0.02 secs] 
2016-09-24T03:47:03.786-0400: 21.495: [GC (GCLocker Initiated GC) [PSYoungGen: 144644K->23701K(175104K)] 313534K->205659K(699392K), 0.0097668 secs] [Times: user=0.09 sys=0.02, real=0.01 secs] 
2016-09-24T03:47:03.853-0400: 21.561: [GC (GCLocker Initiated GC) [PSYoungGen: 111765K->35948K(175104K)] 314539K->251388K(699392K), 0.0080902 secs] [Times: user=0.09 sys=0.01, real=0.01 secs] 
2016-09-24T03:47:03.902-0400: 21.611: [GC (GCLocker Initiated GC) [PSYoungGen: 124012K->49529K(169984K)] 343207K->274716K(694272K), 0.0071115 secs] [Times: user=0.07 sys=0.01, real=0.00 secs] 
2016-09-24T03:47:03.946-0400: 21.655: [GC (GCLocker Initiated GC) [PSYoungGen: 137593K->61607K(172544K)] 371060K->310429K(696832K), 0.0101376 secs] [Times: user=0.09 sys=0.01, real=0.01 secs] 
2016-09-24T03:47:04.007-0400: 21.716: [GC (GCLocker Initiated GC) [PSYoungGen: 149671K->50874K(173056K)] 406672K->323230K(697344K), 0.0075774 secs] [Times: user=0.09 sys=0.00, real=0.01 secs] 
2016-09-24T03:47:04.060-0400: 21.769: [GC (GCLocker Initiated GC) [PSYoungGen: 142522K->69843K(174592K)] 420803K->360749K(698880K), 0.0095832 secs] [Times: user=0.11 sys=0.00, real=0.01 secs] 
2016-09-24T03:47:04.097-0400: 21.806: [GC (GCLocker Initiated GC) [PSYoungGen: 161491K->83471K(175104K)] 455275K->384574K(699392K), 0.0090436 secs] [Times: user=0.12 sys=0.00, real=0.01 secs] 
2016-09-24T03:47:04.152-0400: 21.860: [GC (GCLocker Initiated GC) [PSYoungGen: 171535K->60392K(175104K)] 475541K->408211K(699392K), 0.0075563 secs] [Times: user=0.12 sys=0.00, real=0.01 secs] 
2016-09-24T03:47:04.206-0400: 21.914: [GC (GCLocker Initiated GC) [PSYoungGen: 148456K->61961K(175104K)] 512176K->438323K(699392K), 0.0075376 secs] [Times: user=0.10 sys=0.00, real=0.00 secs] 
2016-09-24T03:47:04.255-0400: 21.963: [GC (GCLocker Initiated GC) [PSYoungGen: 150025K->63211K(175104K)] 537274K->461919K(699392K), 0.0090459 secs] [Times: user=0.11 sys=0.00, real=0.01 secs] 
2016-09-24T03:47:04.305-0400: 22.014: [GC (GCLocker Initiated GC) [PSYoungGen: 151275K->53504K(175104K)] 555535K->471827K(699392K), 0.0072950 secs] [Times: user=0.09 sys=0.00, real=0.00 secs] 
2016-09-24T03:47:04.354-0400: 22.062: [GC (GCLocker Initiated GC) [PSYoungGen: 141568K->68565K(175104K)] 568086K->505030K(699392K), 0.0098045 secs] [Times: user=0.12 sys=0.00, real=0.02 secs] 
2016-09-24T03:47:04.406-0400: 22.115: [GC (GCLocker Initiated GC) [PSYoungGen: 156629K->44035K(175104K)] 597277K->498788K(699392K), 0.0064395 secs] [Times: user=0.06 sys=0.01, real=0.00 secs] 
2016-09-24T03:47:04.456-0400: 22.164: [GC (GCLocker Initiated GC) [PSYoungGen: 132099K->38910K(175104K)] 588282K->515914K(699392K), 0.0056962 secs] [Times: user=0.07 sys=0.01, real=0.00 secs] 
2016-09-24T03:47:04.496-0400: 22.205: [GC (GCLocker Initiated GC) [PSYoungGen: 126974K->79413K(175104K)] 614908K->569280K(699392K), 0.0069828 secs] [Times: user=0.09 sys=0.01, real=0.01 secs] 
2016-09-24T03:47:04.547-0400: 22.255: [Full GC (Ergonomics) [PSYoungGen: 167477K->0K(175104K)] [ParOldGen: 496689K->146077K(524288K)] 664167K->146077K(699392K), [Metaspace: 43374K->43374K(1085440K)], 0.0467858 secs] [Times: user=0.24 sys=0.04, real=0.04 secs] 
2016-09-24T03:47:04.630-0400: 22.338: [GC (GCLocker Initiated GC) [PSYoungGen: 88064K->86780K(175104K)] 240210K->238926K(699392K), 0.0207536 secs] [Times: user=0.26 sys=0.05, real=0.02 secs] 
2016-09-24T03:47:04.689-0400: 22.397: [GC (GCLocker Initiated GC) [PSYoungGen: 174844K->50823K(175104K)] 327066K->232669K(699392K), 0.0069995 secs] [Times: user=0.08 sys=0.01, real=0.01 secs] 
2016-09-24T03:47:04.738-0400: 22.446: [GC (GCLocker Initiated GC) [PSYoungGen: 138887K->65760K(175104K)] 320938K->271231K(699392K), 0.0077947 secs] [Times: user=0.09 sys=0.01, real=0.01 secs] 
2016-09-24T03:47:04.782-0400: 22.490: [GC (GCLocker Initiated GC) [PSYoungGen: 153824K->67451K(175104K)] 370209K->300592K(699392K), 0.0084139 secs] [Times: user=0.10 sys=0.01, real=0.01 secs] 
2016-09-24T03:47:04.841-0400: 22.549: [GC (GCLocker Initiated GC) [PSYoungGen: 155515K->53860K(175104K)] 402221K->317571K(699392K), 0.0116049 secs] [Times: user=0.13 sys=0.02, real=0.01 secs] 
2016-09-24T03:47:04.900-0400: 22.608: [GC (GCLocker Initiated GC) [PSYoungGen: 141924K->57715K(175104K)] 409738K->362725K(699392K), 0.0265785 secs] [Times: user=0.41 sys=0.02, real=0.03 secs] 
2016-09-24T03:47:04.971-0400: 22.679: [GC (GCLocker Initiated GC) [PSYoungGen: 145779K->52201K(175104K)] 456434K->390359K(699392K), 0.0095703 secs] [Times: user=0.16 sys=0.01, real=0.01 secs] 
2016-09-24T03:47:05.014-0400: 22.723: [GC (GCLocker Initiated GC) [PSYoungGen: 140265K->82508K(175104K)] 485355K->451017K(699392K), 0.0085462 secs] [Times: user=0.11 sys=0.01, real=0.01 secs] 
2016-09-24T03:47:05.070-0400: 22.779: [GC (GCLocker Initiated GC) [PSYoungGen: 170568K->59140K(175104K)] 550114K->466642K(699392K), 0.0081093 secs] [Times: user=0.10 sys=0.02, real=0.01 secs] 
2016-09-24T03:47:05.121-0400: 22.830: [GC (GCLocker Initiated GC) [PSYoungGen: 147204K->38655K(175104K)] 560183K->465696K(699392K), 0.0055029 secs] [Times: user=0.06 sys=0.00, real=0.01 secs] 
2016-09-24T03:47:05.164-0400: 22.872: [GC (GCLocker Initiated GC) [PSYoungGen: 126719K->80845K(175104K)] 553926K->515325K(699392K), 0.0089135 secs] [Times: user=0.11 sys=0.01, real=0.00 secs] 
2016-09-24T03:47:05.226-0400: 22.935: [GC (GCLocker Initiated GC) [PSYoungGen: 168909K->49745K(175104K)] 610288K->526903K(699392K), 0.0105070 secs] [Times: user=0.08 sys=0.02, real=0.01 secs] 
2016-09-24T03:47:05.283-0400: 22.992: [Full GC (Ergonomics) [PSYoungGen: 137809K->0K(175104K)] [ParOldGen: 482674K->146674K(524288K)] 620484K->146674K(699392K), [Metaspace: 43379K->43379K(1085440K)], 0.0667415 secs] [Times: user=0.47 sys=0.07, real=0.06 secs] 
2016-09-24T03:47:05.396-0400: 23.105: [GC (GCLocker Initiated GC) [PSYoungGen: 88064K->77351K(175104K)] 237537K->226825K(699392K), 0.0070336 secs] [Times: user=0.07 sys=0.00, real=0.01 secs] 
2016-09-24T03:47:05.454-0400: 23.163: [GC (GCLocker Initiated GC) [PSYoungGen: 165415K->41392K(175104K)] 317708K->208476K(699392K), 0.0081128 secs] [Times: user=0.06 sys=0.01, real=0.01 secs] 
2016-09-24T03:47:05.504-0400: 23.213: [GC (GCLocker Initiated GC) [PSYoungGen: 129456K->62282K(175104K)] 299745K->249463K(699392K), 0.0061958 secs] [Times: user=0.08 sys=0.02, real=0.00 secs] 
2016-09-24T03:47:05.549-0400: 23.258: [GC (GCLocker Initiated GC) [PSYoungGen: 150346K->55013K(175104K)] 340808K->274799K(699392K), 0.0079367 secs] [Times: user=0.10 sys=0.00, real=0.01 secs] 
2016-09-24T03:47:05.598-0400: 23.307: [GC (GCLocker Initiated GC) [PSYoungGen: 143077K->57823K(175104K)] 362924K->293077K(699392K), 0.0065298 secs] [Times: user=0.10 sys=0.00, real=0.01 secs] 
2016-09-24T03:47:05.650-0400: 23.359: [GC (GCLocker Initiated GC) [PSYoungGen: 145887K->81080K(175104K)] 390738K->329290K(699392K), 0.0075717 secs] [Times: user=0.11 sys=0.01, real=0.01 secs] 
2016-09-24T03:47:05.701-0400: 23.410: [GC (GCLocker Initiated GC) [PSYoungGen: 169144K->72721K(175104K)] 421523K->348964K(699392K), 0.0074610 secs] [Times: user=0.10 sys=0.01, real=0.01 secs] 
2016-09-24T03:47:05.759-0400: 23.467: [GC (GCLocker Initiated GC) [PSYoungGen: 160785K->61969K(175104K)] 438630K->359333K(699392K), 0.0067488 secs] [Times: user=0.09 sys=0.01, real=0.01 secs] 
2016-09-24T03:47:05.816-0400: 23.525: [GC (GCLocker Initiated GC) [PSYoungGen: 150033K->60486K(175104K)] 447770K->373852K(699392K), 0.0057127 secs] [Times: user=0.07 sys=0.01, real=0.00 secs] 
2016-09-24T03:47:05.857-0400: 23.565: [GC (GCLocker Initiated GC) [PSYoungGen: 148550K->57993K(175104K)] 470186K->412671K(699392K), 0.0071061 secs] [Times: user=0.10 sys=0.01, real=0.01 secs] 
2016-09-24T03:47:05.910-0400: 23.618: [GC (GCLocker Initiated GC) [PSYoungGen: 146057K->44470K(175104K)] 515744K->435196K(699392K), 0.0062200 secs] [Times: user=0.09 sys=0.00, real=0.01 secs] 
2016-09-24T03:47:05.964-0400: 23.672: [GC (GCLocker Initiated GC) [PSYoungGen: 132534K->59202K(172032K)] 535584K->465774K(696320K), 0.0066778 secs] [Times: user=0.07 sys=0.01, real=0.00 secs] 
2016-09-24T03:47:06.016-0400: 23.724: [GC (GCLocker Initiated GC) [PSYoungGen: 147266K->63242K(173568K)] 562385K->489937K(697856K), 0.0068458 secs] [Times: user=0.08 sys=0.02, real=0.01 secs] 
2016-09-24T03:47:06.079-0400: 23.787: [GC (GCLocker Initiated GC) [PSYoungGen: 151306K->39837K(175616K)] 586227K->482130K(699904K), 0.0084906 secs] [Times: user=0.08 sys=0.02, real=0.01 secs] 
2016-09-24T03:47:06.123-0400: 23.831: [GC (GCLocker Initiated GC) [PSYoungGen: 130973K->82331K(173568K)] 576096K->540099K(697856K), 0.0070413 secs] [Times: user=0.11 sys=0.00, real=0.00 secs] 
2016-09-24T03:47:06.171-0400: 23.879: [GC (GCLocker Initiated GC) [PSYoungGen: 173467K->74057K(175104K)] 635507K->542292K(699392K), 0.0069473 secs] [Times: user=0.09 sys=0.01, real=0.01 secs] 
2016-09-24T03:47:06.233-0400: 23.942: [GC (GCLocker Initiated GC) [PSYoungGen: 162121K->58853K(175104K)] 636268K->552628K(699392K), 0.0090829 secs] [Times: user=0.08 sys=0.03, real=0.02 secs] 
2016-09-24T03:47:06.243-0400: 23.951: [Full GC (Ergonomics) [PSYoungGen: 58853K->0K(175104K)] [ParOldGen: 493775K->163896K(524288K)] 552628K->163896K(699392K), [Metaspace: 43383K->43383K(1085440K)], 0.0521935 secs] [Times: user=0.43 sys=0.06, real=0.05 secs] 
2016-09-24T03:47:06.332-0400: 24.040: [GC (GCLocker Initiated GC) [PSYoungGen: 88064K->74078K(175104K)] 252118K->238133K(699392K), 0.0086938 secs] [Times: user=0.09 sys=0.01, real=0.01 secs] 
2016-09-24T03:47:06.380-0400: 24.088: [GC (GCLocker Initiated GC) [PSYoungGen: 162142K->72908K(175104K)] 337397K->274531K(699392K), 0.0067786 secs] [Times: user=0.10 sys=0.00, real=0.01 secs] 
2016-09-24T03:47:06.433-0400: 24.142: [GC (GCLocker Initiated GC) [PSYoungGen: 160972K->70042K(175104K)] 365425K->290131K(699392K), 0.0061634 secs] [Times: user=0.09 sys=0.01, real=0.01 secs] 
2016-09-24T03:47:06.478-0400: 24.186: [GC (GCLocker Initiated GC) [PSYoungGen: 158106K->74308K(175104K)] 378325K->314159K(699392K), 0.0063788 secs] [Times: user=0.10 sys=0.01, real=0.01 secs] 
2016-09-24T03:47:06.529-0400: 24.237: [GC (GCLocker Initiated GC) [PSYoungGen: 162372K->60753K(175104K)] 406188K->320350K(699392K), 0.0062073 secs] [Times: user=0.08 sys=0.01, real=0.01 secs] 
2016-09-24T03:47:06.575-0400: 24.284: [GC (GCLocker Initiated GC) [PSYoungGen: 148817K->80818K(175104K)] 413983K->357594K(699392K), 0.0071747 secs] [Times: user=0.09 sys=0.00, real=0.01 secs] 
2016-09-24T03:47:06.618-0400: 24.327: [GC (GCLocker Initiated GC) [PSYoungGen: 168882K->73021K(175104K)] 451124K->372207K(699392K), 0.0077786 secs] [Times: user=0.10 sys=0.00, real=0.01 secs] 
2016-09-24T03:47:06.675-0400: 24.383: [GC (GCLocker Initiated GC) [PSYoungGen: 161085K->53862K(175104K)] 467461K->362451K(699392K), 0.0063668 secs] [Times: user=0.07 sys=0.02, real=0.00 secs] 
2016-09-24T03:47:06.722-0400: 24.431: [GC (GCLocker Initiated GC) [PSYoungGen: 141926K->53452K(175104K)] 450658K->369593K(699392K), 0.0107477 secs] [Times: user=0.09 sys=0.00, real=0.00 secs] 
2016-09-24T03:47:06.768-0400: 24.476: [GC (GCLocker Initiated GC) [PSYoungGen: 141516K->63092K(175104K)] 457803K->398825K(699392K), 0.0083202 secs] [Times: user=0.08 sys=0.01, real=0.01 secs] 
2016-09-24T03:47:06.825-0400: 24.533: [GC (GCLocker Initiated GC) [PSYoungGen: 151156K->70243K(175104K)] 486945K->428200K(699392K), 0.0088393 secs] [Times: user=0.09 sys=0.01, real=0.00 secs] 
2016-09-24T03:47:06.875-0400: 24.583: [GC (GCLocker Initiated GC) [PSYoungGen: 158307K->53788K(175104K)] 516421K->438365K(699392K), 0.0060134 secs] [Times: user=0.09 sys=0.00, real=0.00 secs] 
2016-09-24T03:47:06.919-0400: 24.628: [GC (GCLocker Initiated GC) [PSYoungGen: 141852K->84839K(175104K)] 526505K->485032K(699392K), 0.0095299 secs] [Times: user=0.13 sys=0.01, real=0.01 secs] 
2016-09-24T03:47:06.961-0400: 24.670: [GC (GCLocker Initiated GC) [PSYoungGen: 172903K->71360K(175104K)] 573211K->492645K(699392K), 0.0075801 secs] [Times: user=0.10 sys=0.00, real=0.01 secs] 
2016-09-24T03:47:07.008-0400: 24.717: [GC (GCLocker Initiated GC) [PSYoungGen: 159424K->82469K(175104K)] 582224K->516769K(699392K), 0.0075638 secs] [Times: user=0.11 sys=0.01, real=0.01 secs] 
2016-09-24T03:47:07.053-0400: 24.762: [GC (GCLocker Initiated GC) [PSYoungGen: 170533K->66022K(175104K)] 615859K->524455K(699392K), 0.0071954 secs] [Times: user=0.08 sys=0.01, real=0.01 secs] 
2016-09-24T03:47:07.103-0400: 24.811: [GC (GCLocker Initiated GC) [PSYoungGen: 154086K->45302K(175104K)] 613927K->523411K(699392K), 0.0078255 secs] [Times: user=0.05 sys=0.01, real=0.00 secs] 
2016-09-24T03:47:07.148-0400: 24.857: [GC (GCLocker Initiated GC) [PSYoungGen: 133366K->64521K(175104K)] 611546K->557995K(699392K), 0.0067735 secs] [Times: user=0.09 sys=0.01, real=0.01 secs] 
2016-09-24T03:47:07.187-0400: 24.895: [GC (GCLocker Initiated GC) [PSYoungGen: 152585K->59206K(175104K)] 646319K->577840K(699392K), 0.0079710 secs] [Times: user=0.07 sys=0.02, real=0.01 secs] 
2016-09-24T03:47:07.195-0400: 24.903: [Full GC (Ergonomics) [PSYoungGen: 59206K->0K(175104K)] [ParOldGen: 518633K->175916K(524288K)] 577840K->175916K(699392K), [Metaspace: 43384K->43384K(1085440K)], 0.0661829 secs] [Times: user=0.43 sys=0.08, real=0.06 secs] 
2016-09-24T03:47:07.307-0400: 25.016: [GC (GCLocker Initiated GC) [PSYoungGen: 88064K->61065K(175104K)] 266895K->239896K(699392K), 0.0058820 secs] [Times: user=0.05 sys=0.01, real=0.00 secs] 
2016-09-24T03:47:07.350-0400: 25.059: [GC (GCLocker Initiated GC) [PSYoungGen: 149129K->76821K(175104K)] 328142K->267748K(699392K), 0.0115021 secs] [Times: user=0.14 sys=0.00, real=0.01 secs] 
2016-09-24T03:47:07.400-0400: 25.108: [GC (GCLocker Initiated GC) [PSYoungGen: 164885K->68852K(175104K)] 361300K->282152K(699392K), 0.0105582 secs] [Times: user=0.13 sys=0.01, real=0.01 secs] 
2016-09-24T03:47:07.448-0400: 25.157: [GC (GCLocker Initiated GC) [PSYoungGen: 156916K->58951K(175104K)] 375685K->298778K(699392K), 0.0092813 secs] [Times: user=0.13 sys=0.01, real=0.01 secs] 
2016-09-24T03:47:07.489-0400: 25.198: [GC (GCLocker Initiated GC) [PSYoungGen: 147015K->84770K(175104K)] 392499K->337465K(699392K), 0.0070810 secs] [Times: user=0.10 sys=0.00, real=0.01 secs] 
2016-09-24T03:47:07.539-0400: 25.247: [GC (GCLocker Initiated GC) [PSYoungGen: 172834K->64388K(175104K)] 425676K->329989K(699392K), 0.0100636 secs] [Times: user=0.14 sys=0.01, real=0.01 secs] 
2016-09-24T03:47:07.601-0400: 25.309: [GC (GCLocker Initiated GC) [PSYoungGen: 152452K->57867K(175104K)] 424961K->355174K(699392K), 0.0070630 secs] [Times: user=0.10 sys=0.01, real=0.01 secs] 
2016-09-24T03:47:07.657-0400: 25.366: [GC (GCLocker Initiated GC) [PSYoungGen: 145931K->61710K(175104K)] 446132K->378814K(699392K), 0.0094249 secs] [Times: user=0.09 sys=0.02, real=0.01 secs] 
2016-09-24T03:47:07.708-0400: 25.417: [GC (GCLocker Initiated GC) [PSYoungGen: 149774K->65912K(175104K)] 466967K->407869K(699392K), 0.0067658 secs] [Times: user=0.09 sys=0.00, real=0.01 secs] 
2016-09-24T03:47:07.767-0400: 25.476: [GC (GCLocker Initiated GC) [PSYoungGen: 153976K->69735K(173056K)] 498820K->425998K(697344K), 0.0085111 secs] [Times: user=0.07 sys=0.00, real=0.01 secs] 
2016-09-24T03:47:07.835-0400: 25.544: [GC (GCLocker Initiated GC) [PSYoungGen: 157799K->37363K(174080K)] 526325K->419914K(698368K), 0.0069277 secs] [Times: user=0.06 sys=0.01, real=0.01 secs] 
2016-09-24T03:47:07.890-0400: 25.598: [GC (GCLocker Initiated GC) [PSYoungGen: 125427K->41690K(175104K)] 525601K->462692K(699392K), 0.0124838 secs] [Times: user=0.12 sys=0.02, real=0.02 secs] 
2016-09-24T03:47:07.946-0400: 25.655: [GC (GCLocker Initiated GC) [PSYoungGen: 129754K->64296K(175104K)] 550930K->505027K(699392K), 0.0073274 secs] [Times: user=0.10 sys=0.01, real=0.00 secs] 
2016-09-24T03:47:08.011-0400: 25.720: [GC (GCLocker Initiated GC) [PSYoungGen: 152360K->60393K(173056K)] 596076K->534200K(697344K), 0.0116742 secs] [Times: user=0.18 sys=0.02, real=0.02 secs] 
2016-09-24T03:47:08.081-0400: 25.789: [GC (GCLocker Initiated GC) [PSYoungGen: 148457K->84728K(174080K)] 627816K->583480K(698368K), 0.0116779 secs] [Times: user=0.16 sys=0.01, real=0.01 secs] 
2016-09-24T03:47:08.093-0400: 25.801: [Full GC (Ergonomics) [PSYoungGen: 84728K->0K(174080K)] [ParOldGen: 498752K->184766K(524288K)] 583480K->184766K(698368K), [Metaspace: 43396K->43396K(1085440K)], 0.0787285 secs] [Times: user=0.76 sys=0.09, real=0.08 secs] 
2016-09-24T03:47:08.218-0400: 25.927: [GC (GCLocker Initiated GC) [PSYoungGen: 88064K->59464K(175104K)] 285079K->256480K(699392K), 0.0098038 secs] [Times: user=0.13 sys=0.00, real=0.01 secs] 
2016-09-24T03:47:08.273-0400: 25.981: [GC (GCLocker Initiated GC) [PSYoungGen: 147528K->78017K(175104K)] 344637K->282874K(699392K), 0.0071129 secs] [Times: user=0.11 sys=0.00, real=0.01 secs] 
2016-09-24T03:47:08.329-0400: 26.037: [GC (GCLocker Initiated GC) [PSYoungGen: 166081K->51087K(175104K)] 376576K->302661K(699392K), 0.0075039 secs] [Times: user=0.09 sys=0.00, real=0.01 secs] 
2016-09-24T03:47:08.369-0400: 26.078: [GC (GCLocker Initiated GC) [PSYoungGen: 139151K->82266K(175104K)] 390813K->348165K(699392K), 0.0066127 secs] [Times: user=0.11 sys=0.00, real=0.01 secs] 
2016-09-24T03:47:08.421-0400: 26.130: [GC (GCLocker Initiated GC) [PSYoungGen: 170330K->67298K(175104K)] 439022K->354334K(699392K), 0.0061376 secs] [Times: user=0.10 sys=0.00, real=0.01 secs] 
2016-09-24T03:47:08.471-0400: 26.180: [GC (GCLocker Initiated GC) [PSYoungGen: 155362K->44486K(175104K)] 453057K->365814K(699392K), 0.0057687 secs] [Times: user=0.09 sys=0.00, real=0.01 secs] 
2016-09-24T03:47:08.521-0400: 26.229: [GC (GCLocker Initiated GC) [PSYoungGen: 132550K->53738K(175104K)] 459399K->388255K(699392K), 0.0067752 secs] [Times: user=0.05 sys=0.00, real=0.01 secs] 
2016-09-24T03:47:08.572-0400: 26.281: [GC (GCLocker Initiated GC) [PSYoungGen: 141802K->64686K(175104K)] 481847K->422917K(699392K), 0.0062795 secs] [Times: user=0.08 sys=0.00, real=0.01 secs] 
2016-09-24T03:47:08.622-0400: 26.331: [GC (GCLocker Initiated GC) [PSYoungGen: 152750K->56537K(175104K)] 511078K->429129K(699392K), 0.0062093 secs] [Times: user=0.08 sys=0.00, real=0.01 secs] 
2016-09-24T03:47:08.671-0400: 26.380: [GC (GCLocker Initiated GC) [PSYoungGen: 144601K->66002K(175104K)] 519980K->446118K(699392K), 0.0077646 secs] [Times: user=0.07 sys=0.01, real=0.01 secs] 
2016-09-24T03:47:08.723-0400: 26.431: [GC (GCLocker Initiated GC) [PSYoungGen: 154066K->43053K(175104K)] 549143K->473968K(699392K), 0.0101932 secs] [Times: user=0.11 sys=0.00, real=0.00 secs] 
2016-09-24T03:47:08.781-0400: 26.490: [GC (GCLocker Initiated GC) [PSYoungGen: 131117K->57945K(146432K)] 567500K->527491K(670720K), 0.0070519 secs] [Times: user=0.11 sys=0.00, real=0.01 secs] 
2016-09-24T03:47:08.825-0400: 26.533: [GC (GCLocker Initiated GC) [PSYoungGen: 146009K->66094K(175104K)] 618414K->550080K(699392K), 0.0066766 secs] [Times: user=0.08 sys=0.00, real=0.00 secs] 
2016-09-24T03:47:08.831-0400: 26.540: [Full GC (Ergonomics) [PSYoungGen: 66094K->0K(175104K)] [ParOldGen: 483986K->180854K(524288K)] 550080K->180854K(699392K), [Metaspace: 43583K->43583K(1085440K)], 0.0473267 secs] [Times: user=0.43 sys=0.00, real=0.05 secs] 
2016-09-24T03:47:08.917-0400: 26.626: [GC (GCLocker Initiated GC) [PSYoungGen: 88576K->75899K(174592K)] 284483K->271807K(698880K), 0.0224770 secs] [Times: user=0.20 sys=0.00, real=0.02 secs] 
2016-09-24T03:47:08.987-0400: 26.695: [GC (GCLocker Initiated GC) [PSYoungGen: 164475K->51095K(175104K)] 368642K->276697K(699392K), 0.0065941 secs] [Times: user=0.07 sys=0.00, real=0.00 secs] 
2016-09-24T03:47:09.031-0400: 26.739: [GC (GCLocker Initiated GC) [PSYoungGen: 139159K->65965K(175104K)] 367571K->308575K(699392K), 0.0101584 secs] [Times: user=0.15 sys=0.00, real=0.01 secs] 
2016-09-24T03:47:09.082-0400: 26.791: [GC (GCLocker Initiated GC) [PSYoungGen: 154029K->41697K(175104K)] 400830K->309489K(699392K), 0.0096125 secs] [Times: user=0.14 sys=0.00, real=0.01 secs] 
2016-09-24T03:47:09.130-0400: 26.839: [GC (GCLocker Initiated GC) [PSYoungGen: 129761K->60449K(148992K)] 400410K->339879K(673280K), 0.0059317 secs] [Times: user=0.08 sys=0.00, real=0.01 secs] 
2016-09-24T03:47:09.165-0400: 26.874: [GC (GCLocker Initiated GC) [PSYoungGen: 148513K->67319K(174080K)] 432020K->382460K(698368K), 0.0080784 secs] [Times: user=0.11 sys=0.00, real=0.00 secs] 
2016-09-24T03:47:09.213-0400: 26.921: [GC (GCLocker Initiated GC) [PSYoungGen: 155383K->83556K(174080K)] 478747K->413008K(698368K), 0.0072250 secs] [Times: user=0.09 sys=0.00, real=0.01 secs] 
2016-09-24T03:47:09.260-0400: 26.969: [GC (GCLocker Initiated GC) [PSYoungGen: 171620K->67303K(175104K)] 503843K->427208K(699392K), 0.0071813 secs] [Times: user=0.11 sys=0.01, real=0.01 secs] 
2016-09-24T03:47:09.308-0400: 27.017: [GC (GCLocker Initiated GC) [PSYoungGen: 155367K->36371K(175104K)] 523525K->430880K(699392K), 0.0061681 secs] [Times: user=0.08 sys=0.00, real=0.01 secs] 
2016-09-24T03:47:09.344-0400: 27.052: [GC (GCLocker Initiated GC) [PSYoungGen: 124435K->84851K(175104K)] 519047K->481644K(699392K), 0.0068576 secs] [Times: user=0.09 sys=0.01, real=0.00 secs] 
2016-09-24T03:47:09.395-0400: 27.103: [GC (GCLocker Initiated GC) [PSYoungGen: 172915K->68687K(175104K)] 578272K->497705K(699392K), 0.0072251 secs] [Times: user=0.10 sys=0.00, real=0.01 secs] 
2016-09-24T03:47:09.446-0400: 27.155: [GC (GCLocker Initiated GC) [PSYoungGen: 156751K->51032K(175104K)] 589642K->499484K(699392K), 0.0067359 secs] [Times: user=0.09 sys=0.00, real=0.00 secs] 
2016-09-24T03:47:09.490-0400: 27.199: [GC (Allocation Failure) [PSYoungGen: 139096K->52352K(175104K)] 588943K->517731K(699392K), 0.0069929 secs] [Times: user=0.08 sys=0.00, real=0.01 secs] 
2016-09-24T03:47:09.498-0400: 27.206: [GC (GCLocker Initiated GC) --[PSYoungGen: 52736K->52736K(175104K)] 518115K->575536K(699392K), 0.0055576 secs] [Times: user=0.08 sys=0.00, real=0.01 secs] 
2016-09-24T03:47:09.503-0400: 27.212: [Full GC (Ergonomics) [PSYoungGen: 52736K->0K(175104K)] [ParOldGen: 522800K->163669K(524288K)] 575536K->163669K(699392K), [Metaspace: 43586K->43586K(1085440K)], 0.1548451 secs] [Times: user=2.20 sys=0.00, real=0.15 secs] 
2016-09-24T03:47:09.693-0400: 27.401: [GC (GCLocker Initiated GC) [PSYoungGen: 88064K->83719K(175104K)] 251745K->247400K(699392K), 0.0075202 secs] [Times: user=0.12 sys=0.00, real=0.01 secs] 
2016-09-24T03:47:09.733-0400: 27.442: [GC (GCLocker Initiated GC) [PSYoungGen: 171783K->70099K(175104K)] 340949K->249592K(699392K), 0.0068563 secs] [Times: user=0.07 sys=0.00, real=0.01 secs] 
2016-09-24T03:47:09.785-0400: 27.493: [GC (GCLocker Initiated GC) [PSYoungGen: 158163K->65951K(175104K)] 340463K->266614K(699392K), 0.0065129 secs] [Times: user=0.10 sys=0.00, real=0.00 secs] 
2016-09-24T03:47:09.833-0400: 27.542: [GC (GCLocker Initiated GC) [PSYoungGen: 154015K->63469K(175104K)] 360144K->278377K(699392K), 0.0059250 secs] [Times: user=0.07 sys=0.02, real=0.01 secs] 
2016-09-24T03:47:09.881-0400: 27.590: [GC (GCLocker Initiated GC) [PSYoungGen: 151533K->67493K(175104K)] 385445K->303644K(699392K), 0.0056466 secs] [Times: user=0.08 sys=0.00, real=0.01 secs] 
2016-09-24T03:47:09.933-0400: 27.642: [GC (GCLocker Initiated GC) [PSYoungGen: 155557K->51108K(175104K)] 399822K->323216K(699392K), 0.0066169 secs] [Times: user=0.10 sys=0.00, real=0.01 secs] 
2016-09-24T03:47:09.979-0400: 27.688: [GC (GCLocker Initiated GC) [PSYoungGen: 139172K->76833K(175104K)] 418139K->361890K(699392K), 0.0057065 secs] [Times: user=0.08 sys=0.01, real=0.01 secs] 
2016-09-24T03:47:10.018-0400: 27.726: [GC (GCLocker Initiated GC) [PSYoungGen: 164897K->82169K(175104K)] 454321K->391246K(699392K), 0.0073904 secs] [Times: user=0.11 sys=0.00, real=0.01 secs] 
2016-09-24T03:47:10.066-0400: 27.775: [GC (GCLocker Initiated GC) [PSYoungGen: 170233K->53734K(175104K)] 482262K->386709K(699392K), 0.0065036 secs] [Times: user=0.10 sys=0.00, real=0.00 secs] 
2016-09-24T03:47:10.109-0400: 27.818: [GC (GCLocker Initiated GC) [PSYoungGen: 141798K->72683K(175104K)] 477610K->414540K(699392K), 0.0071540 secs] [Times: user=0.11 sys=0.00, real=0.01 secs] 
2016-09-24T03:47:10.158-0400: 27.867: [GC (GCLocker Initiated GC) [PSYoungGen: 160747K->72891K(175104K)] 505433K->430368K(699392K), 0.0089263 secs] [Times: user=0.10 sys=0.00, real=0.01 secs] 
2016-09-24T03:47:10.205-0400: 27.913: [GC (GCLocker Initiated GC) [PSYoungGen: 160955K->65865K(175104K)] 519041K->436863K(699392K), 0.0091552 secs] [Times: user=0.14 sys=0.00, real=0.00 secs] 
2016-09-24T03:47:10.249-0400: 27.957: [GC (GCLocker Initiated GC) [PSYoungGen: 153929K->75418K(175104K)] 526326K->463306K(699392K), 0.0070147 secs] [Times: user=0.11 sys=0.00, real=0.01 secs] 
2016-09-24T03:47:10.297-0400: 28.006: [GC (GCLocker Initiated GC) [PSYoungGen: 163482K->68638K(175104K)] 553214K->494158K(699392K), 0.0074614 secs] [Times: user=0.12 sys=0.01, real=0.01 secs] 
2016-09-24T03:47:10.345-0400: 28.054: [GC (GCLocker Initiated GC) [PSYoungGen: 156702K->52367K(175104K)] 582307K->494862K(699392K), 0.0078221 secs] [Times: user=0.08 sys=0.00, real=0.00 secs] 
2016-09-24T03:47:10.381-0400: 28.090: [GC (GCLocker Initiated GC) [PSYoungGen: 140431K->60536K(175104K)] 582995K->533431K(699392K), 0.0179230 secs] [Times: user=0.21 sys=0.00, real=0.02 secs] 
2016-09-24T03:47:10.445-0400: 28.154: [GC (GCLocker Initiated GC) [PSYoungGen: 148600K->59318K(175104K)] 629777K->560175K(699392K), 0.0069195 secs] [Times: user=0.11 sys=0.00, real=0.00 secs] 
2016-09-24T03:47:10.452-0400: 28.161: [Full GC (Ergonomics) [PSYoungGen: 59318K->0K(175104K)] [ParOldGen: 500856K->176791K(524288K)] 560175K->176791K(699392K), [Metaspace: 43623K->43623K(1087488K)], 0.0490075 secs] [Times: user=0.45 sys=0.00, real=0.05 secs] 
2016-09-24T03:47:10.549-0400: 28.257: [GC (GCLocker Initiated GC) [PSYoungGen: 88064K->65005K(153088K)] 267557K->244499K(677376K), 0.0108781 secs] [Times: user=0.16 sys=0.00, real=0.01 secs] 
2016-09-24T03:47:10.605-0400: 28.313: [GC (GCLocker Initiated GC) [PSYoungGen: 153069K->45686K(173056K)] 335297K->253333K(697344K), 0.0100194 secs] [Times: user=0.14 sys=0.00, real=0.01 secs] 
2016-09-24T03:47:10.651-0400: 28.359: [GC (GCLocker Initiated GC) [PSYoungGen: 132726K->66066K(174080K)] 350010K->292146K(698368K), 0.0067278 secs] [Times: user=0.08 sys=0.00, real=0.01 secs] 
2016-09-24T03:47:10.695-0400: 28.404: [GC (GCLocker Initiated GC) [PSYoungGen: 153106K->78118K(174080K)] 382005K->311861K(698368K), 0.0125823 secs] [Times: user=0.18 sys=0.00, real=0.01 secs] 
2016-09-24T03:47:10.750-0400: 28.458: [GC (GCLocker Initiated GC) [PSYoungGen: 166182K->57652K(175104K)] 402798K->307094K(699392K), 0.0069427 secs] [Times: user=0.07 sys=0.00, real=0.01 secs] 
2016-09-24T03:47:10.793-0400: 28.502: [GC (GCLocker Initiated GC) [PSYoungGen: 145716K->57832K(174080K)] 399454K->331015K(698368K), 0.0155815 secs] [Times: user=0.19 sys=0.00, real=0.02 secs] 
2016-09-24T03:47:10.855-0400: 28.564: [GC (GCLocker Initiated GC) [PSYoungGen: 145896K->45778K(174592K)] 431556K->355135K(698880K), 0.0060778 secs] [Times: user=0.07 sys=0.00, real=0.00 secs] 
2016-09-24T03:47:10.900-0400: 28.608: [GC (GCLocker Initiated GC) [PSYoungGen: 133842K->79535K(175104K)] 448684K->397873K(699392K), 0.0073774 secs] [Times: user=0.11 sys=0.00, real=0.01 secs] 
2016-09-24T03:47:10.949-0400: 28.658: [GC (GCLocker Initiated GC) [PSYoungGen: 167599K->51037K(175104K)] 488703K->405289K(699392K), 0.0068767 secs] [Times: user=0.09 sys=0.00, real=0.01 secs] 
2016-09-24T03:47:10.992-0400: 28.701: [GC (GCLocker Initiated GC) [PSYoungGen: 139101K->64616K(175104K)] 500211K->434458K(699392K), 0.0063665 secs] [Times: user=0.09 sys=0.00, real=0.01 secs] 
2016-09-24T03:47:11.036-0400: 28.744: [GC (GCLocker Initiated GC) [PSYoungGen: 152680K->67438K(175104K)] 533374K->464993K(699392K), 0.0075058 secs] [Times: user=0.09 sys=0.00, real=0.01 secs] 
2016-09-24T03:47:11.084-0400: 28.793: [GC (GCLocker Initiated GC) [PSYoungGen: 155502K->56485K(174080K)] 557342K->463151K(698368K), 0.0074712 secs] [Times: user=0.08 sys=0.01, real=0.00 secs] 
2016-09-24T03:47:11.135-0400: 28.844: [GC (GCLocker Initiated GC) [PSYoungGen: 144549K->57886K(174592K)] 552782K->480310K(698880K), 0.0082462 secs] [Times: user=0.09 sys=0.01, real=0.01 secs] 
2016-09-24T03:47:11.182-0400: 28.890: [GC (GCLocker Initiated GC) [PSYoungGen: 145950K->69952K(174080K)] 571209K->518875K(698368K), 0.0075821 secs] [Times: user=0.11 sys=0.00, real=0.01 secs] 
2016-09-24T03:47:11.221-0400: 28.929: [GC (GCLocker Initiated GC) [PSYoungGen: 159040K->70048K(174592K)] 608082K->545386K(698880K), 0.0072344 secs] [Times: user=0.11 sys=0.00, real=0.01 secs] 
2016-09-24T03:47:11.273-0400: 28.982: [GC (GCLocker Initiated GC) [PSYoungGen: 159136K->63292K(173056K)] 637220K->554196K(697344K), 0.0084490 secs] [Times: user=0.08 sys=0.00, real=0.01 secs] 
2016-09-24T03:47:11.282-0400: 28.991: [Full GC (Ergonomics) [PSYoungGen: 63292K->0K(173056K)] [ParOldGen: 490904K->193416K(524288K)] 554196K->193416K(697344K), [Metaspace: 43640K->43640K(1087488K)], 0.0510161 secs] [Times: user=0.39 sys=0.01, real=0.04 secs] 
2016-09-24T03:47:11.375-0400: 29.084: [GC (GCLocker Initiated GC) [PSYoungGen: 90624K->80979K(174592K)] 289585K->279940K(698880K), 0.0133004 secs] [Times: user=0.21 sys=0.00, real=0.01 secs] 
2016-09-24T03:47:11.430-0400: 29.138: [GC (GCLocker Initiated GC) [PSYoungGen: 171603K->59324K(175104K)] 373517K->289123K(699392K), 0.0094697 secs] [Times: user=0.14 sys=0.00, real=0.01 secs] 
2016-09-24T03:47:11.483-0400: 29.191: [GC (GCLocker Initiated GC) [PSYoungGen: 147388K->60729K(148992K)] 385550K->311778K(673280K), 0.0063819 secs] [Times: user=0.09 sys=0.00, real=0.00 secs] 
2016-09-24T03:47:11.532-0400: 29.241: [GC (GCLocker Initiated GC) [PSYoungGen: 148793K->83568K(172032K)] 408024K->351704K(696320K), 0.0082821 secs] [Times: user=0.13 sys=0.01, real=0.01 secs] 
2016-09-24T03:47:11.573-0400: 29.282: [GC (GCLocker Initiated GC) [PSYoungGen: 170096K->82268K(173568K)] 441370K->377110K(697856K), 0.0075239 secs] [Times: user=0.11 sys=0.00, real=0.01 secs] 
2016-09-24T03:47:11.618-0400: 29.327: [GC (GCLocker Initiated GC) [PSYoungGen: 168796K->45650K(175104K)] 469214K->376456K(699392K), 0.0158515 secs] [Times: user=0.18 sys=0.00, real=0.01 secs] 
2016-09-24T03:47:11.676-0400: 29.384: [GC (GCLocker Initiated GC) [PSYoungGen: 133714K->51145K(175104K)] 475388K->416445K(699392K), 0.0069287 secs] [Times: user=0.10 sys=0.00, real=0.01 secs] 
2016-09-24T03:47:11.725-0400: 29.433: [GC (GCLocker Initiated GC) [PSYoungGen: 139209K->55252K(175104K)] 514133K->432169K(699392K), 0.0120319 secs] [Times: user=0.18 sys=0.01, real=0.01 secs] 
2016-09-24T03:47:11.783-0400: 29.492: [GC (GCLocker Initiated GC) [PSYoungGen: 143316K->60486K(175104K)] 531122K->477414K(699392K), 0.0083545 secs] [Times: user=0.12 sys=0.00, real=0.00 secs] 
2016-09-24T03:47:11.837-0400: 29.545: [GC (GCLocker Initiated GC) [PSYoungGen: 148550K->49759K(175104K)] 570953K->493002K(699392K), 0.0075189 secs] [Times: user=0.09 sys=0.00, real=0.01 secs] 
2016-09-24T03:47:11.923-0400: 29.632: [GC (Allocation Failure) [PSYoungGen: 137823K->16413K(175104K)] 581416K->501314K(699392K), 0.0084568 secs] [Times: user=0.12 sys=0.00, real=0.00 secs] 
2016-09-24T03:47:11.932-0400: 29.641: [Full GC (Ergonomics) [PSYoungGen: 16413K->0K(175104K)] [ParOldGen: 484900K->182301K(524288K)] 501314K->182301K(699392K), [Metaspace: 43650K->43650K(1087488K)], 0.0486330 secs] [Times: user=0.39 sys=0.00, real=0.05 secs] 
2016-09-24T03:47:12.059-0400: 29.768: [GC (GCLocker Initiated GC) [PSYoungGen: 86109K->44528K(175104K)] 271110K->229529K(699392K), 0.0048947 secs] [Times: user=0.06 sys=0.00, real=0.01 secs] 
2016-09-24T03:47:12.150-0400: 29.858: [GC (Allocation Failure) [PSYoungGen: 132592K->22838K(175104K)] 327274K->226468K(699392K), 0.0072345 secs] [Times: user=0.08 sys=0.00, real=0.01 secs] 
2016-09-24T03:47:12.237-0400: 29.946: [GC (GCLocker Initiated GC) [PSYoungGen: 108510K->28259K(175104K)] 317540K->238055K(699392K), 0.0060814 secs] [Times: user=0.07 sys=0.00, real=0.01 secs] 
2016-09-24T03:47:12.323-0400: 30.032: [GC (GCLocker Initiated GC) [PSYoungGen: 116323K->33610K(175104K)] 328877K->246887K(699392K), 0.0043765 secs] [Times: user=0.05 sys=0.00, real=0.00 secs] 
2016-09-24T03:47:12.403-0400: 30.111: [GC (GCLocker Initiated GC) [PSYoungGen: 121674K->42835K(175104K)] 334983K->256899K(699392K), 0.0057989 secs] [Times: user=0.04 sys=0.00, real=0.00 secs] 
2016-09-24T03:47:12.485-0400: 30.194: [GC (GCLocker Initiated GC) [PSYoungGen: 130899K->33494K(175104K)] 347747K->272663K(699392K), 0.0057814 secs] [Times: user=0.07 sys=0.01, real=0.00 secs] 
2016-09-24T03:47:12.565-0400: 30.273: [GC (GCLocker Initiated GC) [PSYoungGen: 121558K->37665K(172032K)] 363467K->301932K(696320K), 0.0097207 secs] [Times: user=0.12 sys=0.00, real=0.01 secs] 
2016-09-24T03:47:12.660-0400: 30.369: [GC (GCLocker Initiated GC) [PSYoungGen: 125729K->37709K(173568K)] 390011K->329734K(697856K), 0.0064401 secs] [Times: user=0.07 sys=0.00, real=0.01 secs] 
2016-09-24T03:47:12.740-0400: 30.448: [GC (GCLocker Initiated GC) [PSYoungGen: 125773K->41679K(171520K)] 420578K->337302K(695808K), 0.0101235 secs] [Times: user=0.10 sys=0.00, real=0.01 secs] 
2016-09-24T03:47:12.835-0400: 30.543: [GC (GCLocker Initiated GC) [PSYoungGen: 135375K->26603K(173568K)] 433734K->325653K(697856K), 0.0046272 secs] [Times: user=0.04 sys=0.00, real=0.00 secs] 
2016-09-24T03:47:12.928-0400: 30.636: [GC (GCLocker Initiated GC) [PSYoungGen: 120299K->34921K(176640K)] 427481K->342920K(700928K), 0.0048626 secs] [Times: user=0.04 sys=0.00, real=0.00 secs] 
2016-09-24T03:47:13.022-0400: 30.730: [GC (GCLocker Initiated GC) [PSYoungGen: 137833K->37755K(179712K)] 448631K->376276K(704000K), 0.0066959 secs] [Times: user=0.07 sys=0.00, real=0.01 secs] 
2016-09-24T03:47:13.118-0400: 30.826: [GC (GCLocker Initiated GC) [PSYoungGen: 140667K->30147K(181760K)] 479319K->368799K(706048K), 0.0190217 secs] [Times: user=0.18 sys=0.00, real=0.02 secs] 
2016-09-24T03:47:13.249-0400: 30.958: [GC (GCLocker Initiated GC) [PSYoungGen: 141251K->35022K(183808K)] 479928K->375185K(708096K), 0.0103715 secs] [Times: user=0.09 sys=0.01, real=0.01 secs] 
2016-09-24T03:47:13.356-0400: 31.064: [GC (GCLocker Initiated GC) [PSYoungGen: 146126K->24267K(188416K)] 491841K->370917K(712704K), 0.0089485 secs] [Times: user=0.09 sys=0.00, real=0.01 secs] 
2016-09-24T03:47:13.470-0400: 31.179: [GC (GCLocker Initiated GC) [PSYoungGen: 143051K->36468K(188928K)] 495273K->389647K(713216K), 0.0066842 secs] [Times: user=0.08 sys=0.00, real=0.01 secs] 
2016-09-24T03:47:13.593-0400: 31.302: [GC (GCLocker Initiated GC) [PSYoungGen: 155252K->32492K(190464K)] 516634K->394754K(714752K), 0.0055353 secs] [Times: user=0.03 sys=0.00, real=0.01 secs] 
2016-09-24T03:47:13.713-0400: 31.422: [GC (GCLocker Initiated GC) [PSYoungGen: 156396K->22473K(189440K)] 525480K->391557K(713728K), 0.0338087 secs] [Times: user=0.40 sys=0.01, real=0.04 secs] 
2016-09-24T03:47:13.854-0400: 31.563: [GC (GCLocker Initiated GC) [PSYoungGen: 146377K->34935K(193024K)] 515471K->405933K(717312K), 0.0188954 secs] [Times: user=0.20 sys=0.01, real=0.01 secs] 
2016-09-24T03:47:13.978-0400: 31.687: [GC (GCLocker Initiated GC) [PSYoungGen: 166519K->39110K(194048K)] 537546K->411005K(718336K), 0.0195898 secs] [Times: user=0.19 sys=0.00, real=0.02 secs] 
2016-09-24T03:47:14.110-0400: 31.818: [GC (GCLocker Initiated GC) [PSYoungGen: 170694K->41871K(199168K)] 542715K->414818K(723456K), 0.0141384 secs] [Times: user=0.12 sys=0.01, real=0.02 secs] 
2016-09-24T03:47:14.241-0400: 31.949: [GC (GCLocker Initiated GC) [PSYoungGen: 180623K->18966K(199168K)] 556400K->414631K(723456K), 0.0055885 secs] [Times: user=0.05 sys=0.00, real=0.01 secs] 
2016-09-24T03:47:14.359-0400: 32.068: [GC (GCLocker Initiated GC) [PSYoungGen: 157718K->28355K(199680K)] 556220K->427873K(723968K), 0.0120015 secs] [Times: user=0.13 sys=0.00, real=0.01 secs] 
2016-09-24T03:47:14.486-0400: 32.195: [GC (GCLocker Initiated GC) [PSYoungGen: 168643K->32411K(200192K)] 568189K->432975K(724480K), 0.0170709 secs] [Times: user=0.18 sys=0.00, real=0.02 secs] 
2016-09-24T03:47:14.621-0400: 32.330: [GC (GCLocker Initiated GC) [PSYoungGen: 172699K->44813K(199168K)] 573338K->449168K(723456K), 0.0252856 secs] [Times: user=0.32 sys=0.00, real=0.03 secs] 
2016-09-24T03:47:14.767-0400: 32.475: [GC (GCLocker Initiated GC) [PSYoungGen: 186125K->37937K(200704K)] 590513K->456974K(724992K), 0.0053659 secs] [Times: user=0.05 sys=0.00, real=0.00 secs] 
2016-09-24T03:47:14.888-0400: 32.597: [GC (GCLocker Initiated GC) [PSYoungGen: 179249K->35206K(198656K)] 598305K->468793K(722944K), 0.0063746 secs] [Times: user=0.08 sys=0.00, real=0.01 secs] 
2016-09-24T03:47:15.021-0400: 32.729: [GC (GCLocker Initiated GC) [PSYoungGen: 180102K->29871K(200704K)] 619190K->470079K(724992K), 0.0048796 secs] [Times: user=0.03 sys=0.00, real=0.01 secs] 
2016-09-24T03:47:15.105-0400: 32.813: [GC (GCLocker Initiated GC) [PSYoungGen: 174767K->54148K(197120K)] 615160K->529445K(721408K), 0.0084919 secs] [Times: user=0.10 sys=0.00, real=0.00 secs] 
2016-09-24T03:47:15.173-0400: 32.882: [GC (GCLocker Initiated GC) [PSYoungGen: 196484K->57929K(200704K)] 674596K->555895K(724992K), 0.0076830 secs] [Times: user=0.07 sys=0.00, real=0.01 secs] 
2016-09-24T03:47:15.181-0400: 32.890: [Full GC (Ergonomics) [PSYoungGen: 57929K->0K(200704K)] [ParOldGen: 497966K->221036K(524288K)] 555895K->221036K(724992K), [Metaspace: 43717K->43717K(1087488K)], 0.0552111 secs] [Times: user=0.33 sys=0.01, real=0.06 secs] 
2016-09-24T03:47:15.294-0400: 33.003: [GC (GCLocker Initiated GC) [PSYoungGen: 142336K->61176K(181248K)] 363396K->287637K(705536K), 0.0060774 secs] [Times: user=0.06 sys=0.00, real=0.00 secs] 
2016-09-24T03:47:15.355-0400: 33.063: [GC (GCLocker Initiated GC) [PSYoungGen: 180984K->70112K(189952K)] 410223K->307413K(714240K), 0.0083321 secs] [Times: user=0.08 sys=0.00, real=0.01 secs] 
2016-09-24T03:47:15.414-0400: 33.123: [GC (GCLocker Initiated GC) [PSYoungGen: 189920K->53712K(176640K)] 427369K->301337K(700928K), 0.0060838 secs] [Times: user=0.06 sys=0.00, real=0.00 secs] 
2016-09-24T03:47:15.465-0400: 33.173: [GC (GCLocker Initiated GC) [PSYoungGen: 158160K->62014K(166912K)] 415324K->336120K(691200K), 0.0067297 secs] [Times: user=0.07 sys=0.00, real=0.00 secs] 
2016-09-24T03:47:15.515-0400: 33.223: [GC (GCLocker Initiated GC) [PSYoungGen: 166462K->55151K(180736K)] 440696K->354484K(705024K), 0.0069989 secs] [Times: user=0.07 sys=0.01, real=0.00 secs] 
2016-09-24T03:47:15.568-0400: 33.276: [GC (GCLocker Initiated GC) [PSYoungGen: 153967K->77992K(177152K)] 456198K->386310K(701440K), 0.0070882 secs] [Times: user=0.10 sys=0.00, real=0.01 secs] 
2016-09-24T03:47:15.614-0400: 33.323: [GC (GCLocker Initiated GC) [PSYoungGen: 176808K->47002K(175104K)] 496023K->381629K(699392K), 0.0068837 secs] [Times: user=0.06 sys=0.00, real=0.00 secs] 
2016-09-24T03:47:15.662-0400: 33.370: [GC (GCLocker Initiated GC) [PSYoungGen: 137114K->58975K(176128K)] 474455K->407930K(700416K), 0.0075556 secs] [Times: user=0.08 sys=0.01, real=0.01 secs] 
2016-09-24T03:47:15.707-0400: 33.416: [GC (GCLocker Initiated GC) [PSYoungGen: 149087K->44238K(171008K)] 500948K->408798K(695296K), 0.0061113 secs] [Times: user=0.06 sys=0.00, real=0.00 secs] 
2016-09-24T03:47:15.760-0400: 33.469: [GC (GCLocker Initiated GC) [PSYoungGen: 134350K->59251K(173568K)] 509904K->444945K(697856K), 0.0066680 secs] [Times: user=0.07 sys=0.00, real=0.01 secs] 
2016-09-24T03:47:15.807-0400: 33.516: [GC (GCLocker Initiated GC) [PSYoungGen: 149363K->44281K(174592K)] 537830K->437559K(698880K), 0.0066234 secs] [Times: user=0.07 sys=0.00, real=0.00 secs] 
2016-09-24T03:47:15.846-0400: 33.554: [GC (GCLocker Initiated GC) [PSYoungGen: 139513K->79556K(175104K)] 532989K->483183K(699392K), 0.0082463 secs] [Times: user=0.13 sys=0.00, real=0.00 secs] 
2016-09-24T03:47:15.895-0400: 33.603: [GC (GCLocker Initiated GC) [PSYoungGen: 174788K->74155K(175104K)] 586579K->501536K(699392K), 0.0145991 secs] [Times: user=0.19 sys=0.00, real=0.01 secs] 
2016-09-24T03:47:15.955-0400: 33.664: [GC (GCLocker Initiated GC) [PSYoungGen: 162219K->67401K(175104K)] 595093K->503774K(699392K), 0.0143406 secs] [Times: user=0.18 sys=0.00, real=0.01 secs] 
2016-09-24T03:47:16.015-0400: 33.723: [GC (Allocation Failure) [PSYoungGen: 155465K->39964K(175104K)] 593408K->482632K(699392K), 0.0060098 secs] [Times: user=0.05 sys=0.00, real=0.00 secs] 
2016-09-24T03:47:16.053-0400: 33.761: [GC (GCLocker Initiated GC) [PSYoungGen: 128028K->80669K(175104K)] 570708K->540211K(699392K), 0.0082485 secs] [Times: user=0.09 sys=0.00, real=0.01 secs] 
2016-09-24T03:47:16.101-0400: 33.810: [GC (GCLocker Initiated GC) [PSYoungGen: 168733K->50810K(175104K)] 631053K->536579K(699392K), 0.0073573 secs] [Times: user=0.07 sys=0.00, real=0.01 secs] 
2016-09-24T03:47:16.147-0400: 33.855: [GC (GCLocker Initiated GC) [PSYoungGen: 138874K->71448K(175104K)] 629143K->573089K(699392K), 0.0076754 secs] [Times: user=0.09 sys=0.01, real=0.01 secs] 
2016-09-24T03:47:16.155-0400: 33.863: [Full GC (Ergonomics) [PSYoungGen: 71448K->0K(175104K)] [ParOldGen: 501640K->225848K(524288K)] 573089K->225848K(699392K), [Metaspace: 43717K->43717K(1087488K)], 0.0613443 secs] [Times: user=0.39 sys=0.00, real=0.06 secs] 
2016-09-24T03:47:16.252-0400: 33.961: [GC (GCLocker Initiated GC) [PSYoungGen: 88064K->81151K(175104K)] 320725K->313813K(699392K), 0.0079653 secs] [Times: user=0.11 sys=0.00, real=0.01 secs] 
2016-09-24T03:47:16.301-0400: 34.009: [GC (GCLocker Initiated GC) [PSYoungGen: 169215K->64455K(175104K)] 401963K->321177K(699392K), 0.0066106 secs] [Times: user=0.09 sys=0.00, real=0.01 secs] 
2016-09-24T03:47:16.338-0400: 34.047: [GC (GCLocker Initiated GC) [PSYoungGen: 152519K->54977K(175104K)] 409265K->320304K(699392K), 0.0101667 secs] [Times: user=0.13 sys=0.00, real=0.01 secs] 
2016-09-24T03:47:16.385-0400: 34.094: [GC (GCLocker Initiated GC) [PSYoungGen: 143041K->64647K(175104K)] 414100K->340449K(699392K), 0.0067917 secs] [Times: user=0.07 sys=0.00, real=0.00 secs] 
2016-09-24T03:47:16.435-0400: 34.144: [GC (GCLocker Initiated GC) [PSYoungGen: 152711K->37293K(175104K)] 428641K->322032K(699392K), 0.0061089 secs] [Times: user=0.04 sys=0.00, real=0.00 secs] 
2016-09-24T03:47:16.480-0400: 34.188: [GC (GCLocker Initiated GC) [PSYoungGen: 125357K->64659K(175104K)] 419730K->366402K(699392K), 0.0104179 secs] [Times: user=0.13 sys=0.00, real=0.01 secs] 
2016-09-24T03:47:16.524-0400: 34.233: [GC (GCLocker Initiated GC) [PSYoungGen: 152723K->65740K(175104K)] 454562K->375034K(699392K), 0.0066732 secs] [Times: user=0.07 sys=0.00, real=0.00 secs] 
2016-09-24T03:47:16.569-0400: 34.278: [GC (GCLocker Initiated GC) [PSYoungGen: 153804K->52350K(175104K)] 467347K->375943K(699392K), 0.0065822 secs] [Times: user=0.07 sys=0.00, real=0.01 secs] 
2016-09-24T03:47:16.621-0400: 34.330: [GC (GCLocker Initiated GC) [PSYoungGen: 140414K->40226K(175104K)] 477627K->399705K(699392K), 0.0055745 secs] [Times: user=0.06 sys=0.00, real=0.01 secs] 
2016-09-24T03:47:16.669-0400: 34.377: [GC (GCLocker Initiated GC) [PSYoungGen: 128290K->46886K(175104K)] 496706K->421314K(699392K), 0.0067673 secs] [Times: user=0.07 sys=0.00, real=0.01 secs] 
2016-09-24T03:47:16.704-0400: 34.413: [GC (GCLocker Initiated GC) [PSYoungGen: 134950K->73932K(175104K)] 509497K->477504K(699392K), 0.0074110 secs] [Times: user=0.10 sys=0.00, real=0.00 secs] 
2016-09-24T03:47:16.752-0400: 34.461: [GC (GCLocker Initiated GC) [PSYoungGen: 161996K->48199K(175104K)] 571065K->492908K(699392K), 0.0083670 secs] [Times: user=0.09 sys=0.00, real=0.01 secs] 
2016-09-24T03:47:16.798-0400: 34.507: [GC (GCLocker Initiated GC) [PSYoungGen: 136263K->56524K(175104K)] 583709K->512699K(699392K), 0.0065014 secs] [Times: user=0.07 sys=0.00, real=0.01 secs] 
2016-09-24T03:47:16.844-0400: 34.553: [GC (GCLocker Initiated GC) [PSYoungGen: 144588K->82053K(175104K)] 608895K->549770K(699392K), 0.0071765 secs] [Times: user=0.10 sys=0.00, real=0.00 secs] 
2016-09-24T03:47:16.892-0400: 34.600: [GC (GCLocker Initiated GC) [PSYoungGen: 170117K->57702K(175104K)] 638669K->534959K(699392K), 0.0056403 secs] [Times: user=0.07 sys=0.00, real=0.01 secs] 
2016-09-24T03:47:16.930-0400: 34.638: [GC (GCLocker Initiated GC) [PSYoungGen: 145766K->63176K(175104K)] 628479K->565347K(699392K), 0.0068198 secs] [Times: user=0.10 sys=0.00, real=0.01 secs] 
2016-09-24T03:47:16.937-0400: 34.645: [Full GC (Ergonomics) [PSYoungGen: 63176K->0K(175104K)] [ParOldGen: 502170K->238589K(524288K)] 565347K->238589K(699392K), [Metaspace: 43750K->43750K(1087488K)], 0.0474938 secs] [Times: user=0.43 sys=0.00, real=0.05 secs] 
2016-09-24T03:47:17.022-0400: 34.731: [GC (GCLocker Initiated GC) [PSYoungGen: 88064K->82284K(175104K)] 326754K->320974K(699392K), 0.0097055 secs] [Times: user=0.14 sys=0.01, real=0.00 secs] 
2016-09-24T03:47:17.070-0400: 34.778: [GC (GCLocker Initiated GC) [PSYoungGen: 170348K->67291K(175104K)] 414545K->324498K(699392K), 0.0098092 secs] [Times: user=0.16 sys=0.00, real=0.01 secs] 
2016-09-24T03:47:17.123-0400: 34.831: [GC (GCLocker Initiated GC) [PSYoungGen: 155355K->51061K(175104K)] 416652K->318503K(699392K), 0.0086429 secs] [Times: user=0.10 sys=0.01, real=0.00 secs] 
2016-09-24T03:47:17.166-0400: 34.874: [GC (GCLocker Initiated GC) [PSYoungGen: 139125K->57726K(175104K)] 406689K->356980K(699392K), 0.0070297 secs] [Times: user=0.09 sys=0.01, real=0.00 secs] 
2016-09-24T03:47:17.208-0400: 34.917: [GC (GCLocker Initiated GC) [PSYoungGen: 145790K->56329K(175104K)] 450530K->391307K(699392K), 0.0064033 secs] [Times: user=0.09 sys=0.00, real=0.01 secs] 
2016-09-24T03:47:17.259-0400: 34.967: [GC (GCLocker Initiated GC) [PSYoungGen: 144393K->63066K(151552K)] 479516K->410850K(675840K), 0.0068954 secs] [Times: user=0.07 sys=0.00, real=0.01 secs] 
2016-09-24T03:47:17.309-0400: 35.018: [GC (GCLocker Initiated GC) [PSYoungGen: 151130K->74106K(173056K)] 504349K->441359K(697344K), 0.0081212 secs] [Times: user=0.10 sys=0.00, real=0.01 secs] 
2016-09-24T03:47:17.358-0400: 35.067: [GC (GCLocker Initiated GC) [PSYoungGen: 161146K->74202K(174080K)] 533845K->450311K(698368K), 0.0060800 secs] [Times: user=0.08 sys=0.00, real=0.01 secs] 
2016-09-24T03:47:17.404-0400: 35.112: [GC (GCLocker Initiated GC) [PSYoungGen: 161242K->46591K(175104K)] 540208K->437035K(699392K), 0.0082502 secs] [Times: user=0.06 sys=0.00, real=0.00 secs] 
2016-09-24T03:47:17.451-0400: 35.160: [GC (GCLocker Initiated GC) [PSYoungGen: 134655K->48171K(175104K)] 529228K->458085K(699392K), 0.0074024 secs] [Times: user=0.08 sys=0.01, real=0.01 secs] 
2016-09-24T03:47:17.497-0400: 35.205: [GC (GCLocker Initiated GC) [PSYoungGen: 136235K->64350K(175104K)] 546194K->488370K(699392K), 0.0087238 secs] [Times: user=0.08 sys=0.00, real=0.01 secs] 
2016-09-24T03:47:17.546-0400: 35.255: [GC (GCLocker Initiated GC) [PSYoungGen: 152414K->56456K(144896K)] 584583K->501299K(669184K), 0.0153101 secs] [Times: user=0.24 sys=0.00, real=0.01 secs] 
2016-09-24T03:47:17.605-0400: 35.314: [GC (GCLocker Initiated GC) [PSYoungGen: 144520K->64503K(175616K)] 598884K->534363K(699904K), 0.0075627 secs] [Times: user=0.07 sys=0.01, real=0.00 secs] 
2016-09-24T03:47:17.654-0400: 35.362: [GC (GCLocker Initiated GC) [PSYoungGen: 153591K->37265K(174592K)] 633635K->519208K(698880K), 0.0129273 secs] [Times: user=0.18 sys=0.00, real=0.02 secs] 
2016-09-24T03:47:17.707-0400: 35.416: [GC (GCLocker Initiated GC) [PSYoungGen: 126353K->57645K(172032K)] 611140K->555157K(696320K), 0.0061599 secs] [Times: user=0.09 sys=0.00, real=0.00 secs] 
2016-09-24T03:47:17.714-0400: 35.422: [Full GC (Ergonomics) [PSYoungGen: 57645K->0K(172032K)] [ParOldGen: 497511K->233998K(524288K)] 555157K->233998K(696320K), [Metaspace: 43764K->43764K(1087488K)], 0.0646123 secs] [Times: user=0.49 sys=0.01, real=0.07 secs] 
2016-09-24T03:47:17.811-0400: 35.520: [GC (GCLocker Initiated GC) [PSYoungGen: 89600K->79867K(173568K)] 326455K->316722K(697856K), 0.0079409 secs] [Times: user=0.08 sys=0.00, real=0.01 secs] 
2016-09-24T03:47:17.863-0400: 35.571: [GC (GCLocker Initiated GC) [PSYoungGen: 169467K->59095K(175104K)] 409775K->320727K(699392K), 0.0090769 secs] [Times: user=0.11 sys=0.00, real=0.00 secs] 
2016-09-24T03:47:17.905-0400: 35.614: [GC (GCLocker Initiated GC) [PSYoungGen: 147159K->63044K(151552K)] 408958K->348459K(675840K), 0.0075186 secs] [Times: user=0.09 sys=0.00, real=0.00 secs] 
2016-09-24T03:47:17.948-0400: 35.656: [GC (GCLocker Initiated GC) [PSYoungGen: 151108K->68710K(173056K)] 436750K->389960K(697344K), 0.0076798 secs] [Times: user=0.11 sys=0.00, real=0.01 secs] 
2016-09-24T03:47:17.993-0400: 35.701: [GC (GCLocker Initiated GC) [PSYoungGen: 156262K->74167K(173568K)] 491202K->412496K(697856K), 0.0063762 secs] [Times: user=0.10 sys=0.00, real=0.01 secs] 
2016-09-24T03:47:18.038-0400: 35.747: [GC (GCLocker Initiated GC) [PSYoungGen: 161719K->57583K(175616K)] 502815K->407558K(699904K), 0.0065231 secs] [Times: user=0.07 sys=0.01, real=0.01 secs] 
2016-09-24T03:47:18.079-0400: 35.787: [GC (GCLocker Initiated GC) [PSYoungGen: 146159K->57736K(146432K)] 501668K->431294K(670720K), 0.0074027 secs] [Times: user=0.08 sys=0.00, real=0.01 secs] 
2016-09-24T03:47:18.130-0400: 35.838: [GC (GCLocker Initiated GC) [PSYoungGen: 146312K->53696K(174592K)] 524024K->444149K(698880K), 0.0075415 secs] [Times: user=0.08 sys=0.00, real=0.01 secs] 
2016-09-24T03:47:18.169-0400: 35.878: [GC (GCLocker Initiated GC) [PSYoungGen: 143296K->78001K(173568K)] 534542K->490035K(697856K), 0.0072279 secs] [Times: user=0.10 sys=0.00, real=0.01 secs] 
2016-09-24T03:47:18.219-0400: 35.927: [GC (GCLocker Initiated GC) [PSYoungGen: 167601K->54968K(175616K)] 583765K->497297K(699904K), 0.0084400 secs] [Times: user=0.08 sys=0.01, real=0.01 secs] 
2016-09-24T03:47:18.267-0400: 35.975: [GC (GCLocker Initiated GC) [PSYoungGen: 143544K->40062K(175104K)] 585891K->508623K(699392K), 0.0064565 secs] [Times: user=0.06 sys=0.00, real=0.00 secs] 
2016-09-24T03:47:18.301-0400: 36.010: [GC (GCLocker Initiated GC) [PSYoungGen: 128638K->74103K(175104K)] 600115K->550219K(699392K), 0.0078788 secs] [Times: user=0.11 sys=0.01, real=0.01 secs] 
2016-09-24T03:47:18.350-0400: 36.058: [GC (GCLocker Initiated GC) [PSYoungGen: 162167K->61834K(175104K)] 641049K->568410K(699392K), 0.0070210 secs] [Times: user=0.11 sys=0.00, real=0.01 secs] 
2016-09-24T03:47:18.357-0400: 36.066: [Full GC (Ergonomics) [PSYoungGen: 61834K->0K(175104K)] [ParOldGen: 506576K->247711K(524288K)] 568410K->247711K(699392K), [Metaspace: 43770K->43770K(1087488K)], 0.0469873 secs] [Times: user=0.48 sys=0.00, real=0.05 secs] 
2016-09-24T03:47:18.445-0400: 36.154: [GC (GCLocker Initiated GC) [PSYoungGen: 88064K->62209K(172032K)] 344852K->318997K(696320K), 0.0057053 secs] [Times: user=0.07 sys=0.00, real=0.00 secs] 
2016-09-24T03:47:18.488-0400: 36.196: [GC (GCLocker Initiated GC) [PSYoungGen: 150273K->64404K(173568K)] 415335K->343913K(697856K), 0.0064326 secs] [Times: user=0.09 sys=0.01, real=0.01 secs] 
2016-09-24T03:47:18.526-0400: 36.235: [GC (GCLocker Initiated GC) [PSYoungGen: 152466K->83518K(172544K)] 432231K->366577K(696832K), 0.0067343 secs] [Times: user=0.10 sys=0.00, real=0.00 secs] 
2016-09-24T03:47:18.571-0400: 36.280: [GC (GCLocker Initiated GC) [PSYoungGen: 171582K->73857K(175104K)] 457461K->372463K(699392K), 0.0068262 secs] [Times: user=0.10 sys=0.01, real=0.01 secs] 
2016-09-24T03:47:18.610-0400: 36.319: [GC (GCLocker Initiated GC) [PSYoungGen: 161921K->71402K(175104K)] 463308K->381405K(699392K), 0.0061923 secs] [Times: user=0.09 sys=0.00, real=0.01 secs] 
2016-09-24T03:47:18.654-0400: 36.363: [GC (GCLocker Initiated GC) [PSYoungGen: 159466K->80602K(175104K)] 469566K->400818K(699392K), 0.0070036 secs] [Times: user=0.10 sys=0.01, real=0.00 secs] 
2016-09-24T03:47:18.700-0400: 36.409: [GC (GCLocker Initiated GC) [PSYoungGen: 168666K->60409K(175104K)] 498512K->405593K(699392K), 0.0071632 secs] [Times: user=0.07 sys=0.00, real=0.01 secs] 
2016-09-24T03:47:18.744-0400: 36.453: [GC (GCLocker Initiated GC) [PSYoungGen: 148473K->71207K(175104K)] 497826K->436011K(699392K), 0.0059291 secs] [Times: user=0.09 sys=0.00, real=0.00 secs] 
2016-09-24T03:47:18.783-0400: 36.492: [GC (GCLocker Initiated GC) [PSYoungGen: 159271K->60567K(175104K)] 532360K->461143K(699392K), 0.0076916 secs] [Times: user=0.07 sys=0.00, real=0.00 secs] 
2016-09-24T03:47:18.835-0400: 36.543: [GC (GCLocker Initiated GC) [PSYoungGen: 148631K->53710K(175104K)] 562824K->488900K(699392K), 0.0070501 secs] [Times: user=0.09 sys=0.01, real=0.00 secs] 
2016-09-24T03:47:18.880-0400: 36.588: [GC (GCLocker Initiated GC) [PSYoungGen: 141774K->60592K(175104K)] 586339K->512503K(699392K), 0.0066974 secs] [Times: user=0.05 sys=0.01, real=0.01 secs] 
2016-09-24T03:47:18.925-0400: 36.634: [GC (GCLocker Initiated GC) [PSYoungGen: 148656K->52360K(175104K)] 600691K->540239K(699392K), 0.0100012 secs] [Times: user=0.14 sys=0.00, real=0.01 secs] 
2016-09-24T03:47:18.935-0400: 36.644: [Full GC (Ergonomics) [PSYoungGen: 52360K->0K(175104K)] [ParOldGen: 487879K->250348K(524288K)] 540239K->250348K(699392K), [Metaspace: 43773K->43773K(1087488K)], 0.0513425 secs] [Times: user=0.42 sys=0.00, real=0.05 secs] 
2016-09-24T03:47:19.019-0400: 36.728: [GC (GCLocker Initiated GC) [PSYoungGen: 88064K->77098K(175104K)] 341221K->330255K(699392K), 0.0068527 secs] [Times: user=0.09 sys=0.01, real=0.01 secs] 
2016-09-24T03:47:19.061-0400: 36.770: [GC (GCLocker Initiated GC) [PSYoungGen: 165162K->63214K(175104K)] 421192K->345912K(699392K), 0.0090794 secs] [Times: user=0.10 sys=0.00, real=0.01 secs] 
2016-09-24T03:47:19.107-0400: 36.815: [GC (GCLocker Initiated GC) [PSYoungGen: 151278K->53840K(175104K)] 440805K->375095K(699392K), 0.0074078 secs] [Times: user=0.08 sys=0.00, real=0.01 secs] 
2016-09-24T03:47:19.151-0400: 36.859: [GC (GCLocker Initiated GC) [PSYoungGen: 141904K->69959K(175104K)] 463308K->397537K(699392K), 0.0070395 secs] [Times: user=0.07 sys=0.00, real=0.01 secs] 
2016-09-24T03:47:19.193-0400: 36.902: [GC (GCLocker Initiated GC) [PSYoungGen: 158023K->52489K(175104K)] 489754K->418651K(699392K), 0.0070571 secs] [Times: user=0.10 sys=0.00, real=0.01 secs] 
2016-09-24T03:47:19.243-0400: 36.952: [GC (GCLocker Initiated GC) [PSYoungGen: 140553K->51160K(175104K)] 509485K->430235K(699392K), 0.0069016 secs] [Times: user=0.08 sys=0.00, real=0.00 secs] 
2016-09-24T03:47:19.282-0400: 36.991: [GC (GCLocker Initiated GC) [PSYoungGen: 139224K->46847K(175104K)] 521209K->455348K(699392K), 0.0066233 secs] [Times: user=0.07 sys=0.00, real=0.01 secs] 
2016-09-24T03:47:19.327-0400: 37.035: [GC (GCLocker Initiated GC) [PSYoungGen: 134911K->57874K(146432K)] 546215K->477853K(670720K), 0.0136014 secs] [Times: user=0.15 sys=0.00, real=0.01 secs] 
2016-09-24T03:47:19.377-0400: 37.086: [GC (GCLocker Initiated GC) [PSYoungGen: 145938K->57997K(175104K)] 572770K->507259K(699392K), 0.0103613 secs] [Times: user=0.13 sys=0.00, real=0.01 secs] 
2016-09-24T03:47:19.426-0400: 37.134: [GC (GCLocker Initiated GC) [PSYoungGen: 148109K->71211K(173056K)] 597532K->526735K(697344K), 0.0294076 secs] [Times: user=0.41 sys=0.00, real=0.03 secs] 
2016-09-24T03:47:19.500-0400: 37.209: [GC (GCLocker Initiated GC) [PSYoungGen: 161323K->62093K(177664K)] 625167K->540048K(701952K), 0.0066610 secs] [Times: user=0.09 sys=0.01, real=0.01 secs] 
2016-09-24T03:47:19.551-0400: 37.260: [Full GC (Ergonomics) [PSYoungGen: 156813K->0K(177664K)] [ParOldGen: 497030K->267443K(524288K)] 653844K->267443K(701952K), [Metaspace: 43786K->43786K(1087488K)], 0.0490138 secs] [Times: user=0.33 sys=0.00, real=0.05 secs] 
2016-09-24T03:47:19.658-0400: 37.367: [GC (GCLocker Initiated GC) [PSYoungGen: 94720K->59512K(154624K)] 367906K->332698K(678912K), 0.0066936 secs] [Times: user=0.07 sys=0.00, real=0.01 secs] 
2016-09-24T03:47:19.709-0400: 37.418: [GC (GCLocker Initiated GC) [PSYoungGen: 154232K->40456K(175616K)] 434190K->340384K(699904K), 0.0182841 secs] [Times: user=0.27 sys=0.00, real=0.02 secs] 
2016-09-24T03:47:19.762-0400: 37.471: [GC (GCLocker Initiated GC) [PSYoungGen: 135176K->66067K(177152K)] 437980K->388637K(701440K), 0.0065900 secs] [Times: user=0.09 sys=0.00, real=0.00 secs] 
2016-09-24T03:47:19.807-0400: 37.515: [GC (GCLocker Initiated GC) [PSYoungGen: 160787K->78283K(171008K)] 490154K->427373K(695296K), 0.0077740 secs] [Times: user=0.11 sys=0.00, real=0.01 secs] 
2016-09-24T03:47:19.852-0400: 37.561: [GC (GCLocker Initiated GC) [PSYoungGen: 166347K->64652K(175104K)] 515459K->447045K(699392K), 0.0067307 secs] [Times: user=0.10 sys=0.00, real=0.01 secs] 
2016-09-24T03:47:19.893-0400: 37.602: [GC (GCLocker Initiated GC) [PSYoungGen: 152716K->69093K(175104K)] 540612K->471207K(699392K), 0.0072653 secs] [Times: user=0.10 sys=0.00, real=0.01 secs] 
2016-09-24T03:47:19.944-0400: 37.652: [GC (GCLocker Initiated GC) [PSYoungGen: 158181K->45955K(175616K)] 574432K->487494K(699904K), 0.0103005 secs] [Times: user=0.15 sys=0.00, real=0.01 secs] 
2016-09-24T03:47:19.994-0400: 37.703: [GC (GCLocker Initiated GC) [PSYoungGen: 135043K->49693K(174592K)] 579288K->510980K(698880K), 0.0063347 secs] [Times: user=0.08 sys=0.01, real=0.01 secs] 
2016-09-24T03:47:20.035-0400: 37.743: [GC (GCLocker Initiated GC) [PSYoungGen: 138781K->68979K(175104K)] 613681K->544429K(699392K), 0.0065141 secs] [Times: user=0.09 sys=0.00, real=0.00 secs] 
2016-09-24T03:47:20.084-0400: 37.792: [GC (GCLocker Initiated GC) [PSYoungGen: 158067K->61827K(172032K)] 636569K->562960K(696320K), 0.0066770 secs] [Times: user=0.09 sys=0.00, real=0.00 secs] 
2016-09-24T03:47:20.091-0400: 37.799: [Full GC (Ergonomics) [PSYoungGen: 61827K->0K(172032K)] [ParOldGen: 501132K->265477K(524288K)] 562960K->265477K(696320K), [Metaspace: 43786K->43786K(1087488K)], 0.0504497 secs] [Times: user=0.47 sys=0.01, real=0.05 secs] 
2016-09-24T03:47:20.180-0400: 37.889: [GC (GCLocker Initiated GC) [PSYoungGen: 89088K->79882K(173568K)] 357405K->348200K(697856K), 0.0065440 secs] [Times: user=0.09 sys=0.00, real=0.01 secs] 
2016-09-24T03:47:20.232-0400: 37.941: [GC (GCLocker Initiated GC) [PSYoungGen: 168970K->74047K(175104K)] 442829K->361149K(699392K), 0.0068154 secs] [Times: user=0.10 sys=0.00, real=0.01 secs] 
2016-09-24T03:47:20.277-0400: 37.986: [GC (GCLocker Initiated GC) [PSYoungGen: 162111K->74163K(175104K)] 449279K->380881K(699392K), 0.0067343 secs] [Times: user=0.11 sys=0.00, real=0.01 secs] 
2016-09-24T03:47:20.323-0400: 38.032: [GC (GCLocker Initiated GC) [PSYoungGen: 162227K->64693K(175104K)] 473216K->381849K(699392K), 0.0072805 secs] [Times: user=0.09 sys=0.00, real=0.00 secs] 
2016-09-24T03:47:20.373-0400: 38.081: [GC (GCLocker Initiated GC) [PSYoungGen: 152757K->53780K(175104K)] 470011K->398809K(699392K), 0.0059699 secs] [Times: user=0.08 sys=0.00, real=0.01 secs] 
2016-09-24T03:47:20.411-0400: 38.120: [GC (GCLocker Initiated GC) [PSYoungGen: 141844K->82549K(175104K)] 495202K->447341K(699392K), 0.0076864 secs] [Times: user=0.11 sys=0.00, real=0.01 secs] 
2016-09-24T03:47:20.463-0400: 38.172: [GC (GCLocker Initiated GC) [PSYoungGen: 170613K->59214K(175104K)] 538206K->449459K(699392K), 0.0060401 secs] [Times: user=0.09 sys=0.00, real=0.00 secs] 
2016-09-24T03:47:20.513-0400: 38.222: [GC (GCLocker Initiated GC) [PSYoungGen: 147278K->71636K(175104K)] 543025K->486911K(699392K), 0.0077546 secs] [Times: user=0.11 sys=0.00, real=0.01 secs] 
2016-09-24T03:47:20.559-0400: 38.267: [GC (GCLocker Initiated GC) [PSYoungGen: 159700K->70325K(175104K)] 580516K->510965K(699392K), 0.0068617 secs] [Times: user=0.10 sys=0.00, real=0.01 secs] 
2016-09-24T03:47:20.606-0400: 38.314: [GC (GCLocker Initiated GC) [PSYoungGen: 158389K->56398K(175104K)] 604504K->510226K(699392K), 0.0075328 secs] [Times: user=0.07 sys=0.01, real=0.00 secs] 
2016-09-24T03:47:20.649-0400: 38.358: [GC (GCLocker Initiated GC) [PSYoungGen: 144462K->71578K(175104K)] 602441K->545059K(699392K), 0.0154293 secs] [Times: user=0.25 sys=0.00, real=0.02 secs] 
2016-09-24T03:47:20.706-0400: 38.415: [GC (GCLocker Initiated GC) [PSYoungGen: 159642K->67294K(175104K)] 643983K->555184K(699392K), 0.0065415 secs] [Times: user=0.09 sys=0.00, real=0.00 secs] 
2016-09-24T03:47:20.748-0400: 38.457: [GC (GCLocker Initiated GC) [PSYoungGen: 155358K->52597K(175104K)] 643398K->560241K(699392K), 0.0079277 secs] [Times: user=0.07 sys=0.00, real=0.01 secs] 
2016-09-24T03:47:20.756-0400: 38.465: [Full GC (Ergonomics) [PSYoungGen: 52597K->0K(175104K)] [ParOldGen: 507643K->270352K(524288K)] 560241K->270352K(699392K), [Metaspace: 43786K->43786K(1087488K)], 0.0470969 secs] [Times: user=0.40 sys=0.00, real=0.05 secs] 
2016-09-24T03:47:20.837-0400: 38.546: [GC (GCLocker Initiated GC) [PSYoungGen: 88064K->81343K(175104K)] 363885K->357165K(699392K), 0.0064858 secs] [Times: user=0.09 sys=0.00, real=0.01 secs] 
2016-09-24T03:47:20.883-0400: 38.592: [GC (GCLocker Initiated GC) [PSYoungGen: 169407K->63472K(175104K)] 447980K->371644K(699392K), 0.0066301 secs] [Times: user=0.10 sys=0.00, real=0.00 secs] 
2016-09-24T03:47:20.920-0400: 38.629: [GC (GCLocker Initiated GC) [PSYoungGen: 151536K->60696K(175104K)] 462555K->395554K(699392K), 0.0066864 secs] [Times: user=0.08 sys=0.00, real=0.01 secs] 
2016-09-24T03:47:20.968-0400: 38.676: [GC (GCLocker Initiated GC) [PSYoungGen: 148760K->81030K(175104K)] 489138K->433052K(699392K), 0.0065872 secs] [Times: user=0.09 sys=0.00, real=0.01 secs] 
2016-09-24T03:47:21.017-0400: 38.725: [GC (GCLocker Initiated GC) [PSYoungGen: 169094K->60872K(175104K)] 530610K->444880K(699392K), 0.0089943 secs] [Times: user=0.13 sys=0.00, real=0.01 secs] 
2016-09-24T03:47:21.069-0400: 38.777: [GC (GCLocker Initiated GC) [PSYoungGen: 148936K->56472K(175104K)] 532973K->449605K(699392K), 0.0061305 secs] [Times: user=0.08 sys=0.00, real=0.01 secs] 
2016-09-24T03:47:21.107-0400: 38.816: [GC (GCLocker Initiated GC) [PSYoungGen: 144536K->53893K(175104K)] 537946K->466837K(699392K), 0.0073480 secs] [Times: user=0.05 sys=0.00, real=0.01 secs] 
2016-09-24T03:47:21.151-0400: 38.860: [GC (GCLocker Initiated GC) [PSYoungGen: 141957K->63458K(175104K)] 557829K->500399K(699392K), 0.0063226 secs] [Times: user=0.09 sys=0.00, real=0.01 secs] 
2016-09-24T03:47:21.201-0400: 38.910: [GC (GCLocker Initiated GC) [PSYoungGen: 151522K->60823K(172032K)] 591246K->521655K(696320K), 0.0090043 secs] [Times: user=0.10 sys=0.00, real=0.01 secs] 
2016-09-24T03:47:21.246-0400: 38.955: [GC (GCLocker Initiated GC) [PSYoungGen: 148887K->74303K(173568K)] 609821K->555096K(697856K), 0.0126177 secs] [Times: user=0.14 sys=0.01, real=0.01 secs] 
2016-09-24T03:47:21.297-0400: 39.006: [GC (GCLocker Initiated GC) [PSYoungGen: 162367K->78194K(175104K)] 646013K->569540K(699392K), 0.0074201 secs] [Times: user=0.12 sys=0.00, real=0.01 secs] 
2016-09-24T03:47:21.305-0400: 39.013: [Full GC (Ergonomics) [PSYoungGen: 78194K->0K(175104K)] [ParOldGen: 491346K->282259K(524288K)] 569540K->282259K(699392K), [Metaspace: 43786K->43786K(1087488K)], 0.0494789 secs] [Times: user=0.43 sys=0.00, real=0.05 secs] 
2016-09-24T03:47:21.403-0400: 39.111: [GC (GCLocker Initiated GC) [PSYoungGen: 88064K->67951K(175104K)] 379963K->359851K(699392K), 0.0055137 secs] [Times: user=0.08 sys=0.00, real=0.00 secs] 
2016-09-24T03:47:21.446-0400: 39.154: [GC (GCLocker Initiated GC) [PSYoungGen: 156015K->72726K(175104K)] 450703K->379595K(699392K), 0.0065848 secs] [Times: user=0.10 sys=0.00, real=0.00 secs] 
2016-09-24T03:47:21.486-0400: 39.194: [GC (GCLocker Initiated GC) [PSYoungGen: 160790K->79471K(175104K)] 467683K->407290K(699392K), 0.0073413 secs] [Times: user=0.11 sys=0.00, real=0.00 secs] 
2016-09-24T03:47:21.530-0400: 39.238: [GC (GCLocker Initiated GC) [PSYoungGen: 167535K->70315K(175104K)] 498723K->411608K(699392K), 0.0066249 secs] [Times: user=0.10 sys=0.00, real=0.01 secs] 
2016-09-24T03:47:23.325-0400: 41.033: [GC (GCLocker Initiated GC) [PSYoungGen: 158379K->52513K(175104K)] 508011K->427450K(699392K), 0.0100947 secs] [Times: user=0.14 sys=0.00, real=0.01 secs] 
2016-09-24T03:47:23.388-0400: 41.096: [GC (GCLocker Initiated GC) [PSYoungGen: 140577K->60559K(175104K)] 525046K->459269K(699392K), 0.0069337 secs] [Times: user=0.10 sys=0.00, real=0.01 secs] 
2016-09-24T03:47:23.435-0400: 41.144: [GC (GCLocker Initiated GC) [PSYoungGen: 148623K->68793K(175104K)] 550115K->473672K(699392K), 0.0124695 secs] [Times: user=0.19 sys=0.00, real=0.01 secs] 
2016-09-24T03:47:23.495-0400: 41.203: [GC (GCLocker Initiated GC) [PSYoungGen: 156857K->61926K(173056K)] 565154K->494066K(697344K), 0.0072245 secs] [Times: user=0.09 sys=0.01, real=0.00 secs] 
2016-09-24T03:47:23.542-0400: 41.251: [GC (GCLocker Initiated GC) [PSYoungGen: 149990K->74131K(174080K)] 587643K->516577K(698368K), 0.0065432 secs] [Times: user=0.08 sys=0.01, real=0.00 secs] 
2016-09-24T03:47:23.597-0400: 41.306: [GC (GCLocker Initiated GC) [PSYoungGen: 162195K->62017K(175104K)] 618321K->520220K(699392K), 0.0061344 secs] [Times: user=0.06 sys=0.01, real=0.01 secs] 
2016-09-24T03:47:23.654-0400: 41.363: [GC (GCLocker Initiated GC) [PSYoungGen: 151105K->57863K(175104K)] 616372K->527983K(699392K), 0.0063847 secs] [Times: user=0.08 sys=0.00, real=0.00 secs] 
2016-09-24T03:47:23.699-0400: 41.408: [GC (GCLocker Initiated GC) [PSYoungGen: 146951K->71293K(175616K)] 617164K->554387K(699904K), 0.0068922 secs] [Times: user=0.10 sys=0.00, real=0.01 secs] 
2016-09-24T03:47:23.742-0400: 41.450: [GC (GCLocker Initiated GC) [PSYoungGen: 161405K->64616K(155136K)] 644702K->583667K(679424K), 0.0072730 secs] [Times: user=0.10 sys=0.00, real=0.01 secs] 
2016-09-24T03:47:23.749-0400: 41.458: [Full GC (Ergonomics) [PSYoungGen: 64616K->0K(155136K)] [ParOldGen: 519050K->287065K(524288K)] 583667K->287065K(679424K), [Metaspace: 43786K->43786K(1087488K)], 0.0590894 secs] [Times: user=0.51 sys=0.00, real=0.06 secs] 
2016-09-24T03:47:23.847-0400: 41.555: [GC (GCLocker Initiated GC) [PSYoungGen: 90112K->73280K(174080K)] 384197K->367366K(698368K), 0.0070534 secs] [Times: user=0.08 sys=0.00, real=0.00 secs] 
2016-09-24T03:47:23.898-0400: 41.606: [GC (GCLocker Initiated GC) [PSYoungGen: 163392K->49666K(175104K)] 464329K->361199K(699392K), 0.0062249 secs] [Times: user=0.08 sys=0.00, real=0.01 secs] 
2016-09-24T03:47:23.943-0400: 41.651: [GC (GCLocker Initiated GC) [PSYoungGen: 139778K->72652K(174080K)] 456759K->394285K(698368K), 0.0077397 secs] [Times: user=0.07 sys=0.01, real=0.00 secs] 
2016-09-24T03:47:23.994-0400: 41.703: [GC (GCLocker Initiated GC) [PSYoungGen: 160716K->63241K(151552K)] 493614K->417127K(675840K), 0.0064443 secs] [Times: user=0.10 sys=0.01, real=0.01 secs] 
2016-09-24T03:47:24.034-0400: 41.742: [GC (GCLocker Initiated GC) [PSYoungGen: 151305K->65895K(175616K)] 505235K->436694K(699904K), 0.0068259 secs] [Times: user=0.09 sys=0.00, real=0.01 secs] 
2016-09-24T03:47:24.077-0400: 41.785: [GC (GCLocker Initiated GC) [PSYoungGen: 156519K->57596K(174080K)] 527606K->435984K(698368K), 0.0074439 secs] [Times: user=0.06 sys=0.00, real=0.01 secs] 
2016-09-24T03:47:24.124-0400: 41.832: [GC (GCLocker Initiated GC) [PSYoungGen: 148220K->76641K(174080K)] 534790K->477319K(698368K), 0.0078524 secs] [Times: user=0.12 sys=0.01, real=0.00 secs] 
2016-09-24T03:47:24.173-0400: 41.882: [GC (GCLocker Initiated GC) [PSYoungGen: 167777K->44430K(135680K)] 573976K->486370K(659968K), 0.0070131 secs] [Times: user=0.09 sys=0.00, real=0.01 secs] 
2016-09-24T03:47:24.219-0400: 41.927: [GC (GCLocker Initiated GC) [PSYoungGen: 135566K->63344K(177152K)] 587029K->527628K(701440K), 0.0069909 secs] [Times: user=0.09 sys=0.01, real=0.01 secs] 
2016-09-24T03:47:24.272-0400: 41.980: [GC (GCLocker Initiated GC) [PSYoungGen: 153456K->50959K(175104K)] 628614K->544416K(699392K), 0.0067661 secs] [Times: user=0.08 sys=0.00, real=0.01 secs] 
2016-09-24T03:47:24.279-0400: 41.987: [Full GC (Ergonomics) [PSYoungGen: 50959K->0K(175104K)] [ParOldGen: 493457K->297842K(524288K)] 544416K->297842K(699392K), [Metaspace: 43786K->43786K(1087488K)], 0.0530304 secs] [Times: user=0.44 sys=0.01, real=0.05 secs] 
2016-09-24T03:47:24.384-0400: 42.093: [GC (GCLocker Initiated GC) [PSYoungGen: 90112K->69088K(174592K)] 396129K->375106K(698880K), 0.0065736 secs] [Times: user=0.08 sys=0.00, real=0.00 secs] 
2016-09-24T03:47:24.421-0400: 42.130: [GC (GCLocker Initiated GC) [PSYoungGen: 158688K->71240K(175104K)] 464987K->407053K(699392K), 0.0077160 secs] [Times: user=0.09 sys=0.01, real=0.01 secs] 
2016-09-24T03:47:24.473-0400: 42.182: [GC (GCLocker Initiated GC) [PSYoungGen: 160840K->59237K(174080K)] 506254K->436333K(698368K), 0.0096395 secs] [Times: user=0.14 sys=0.01, real=0.02 secs] 
2016-09-24T03:47:24.526-0400: 42.234: [GC (GCLocker Initiated GC) [PSYoungGen: 149861K->38734K(175104K)] 527087K->443651K(699392K), 0.0069051 secs] [Times: user=0.08 sys=0.00, real=0.00 secs] 
2016-09-24T03:47:24.571-0400: 42.280: [GC (GCLocker Initiated GC) [PSYoungGen: 129358K->68728K(175104K)] 543782K->504008K(699392K), 0.0063199 secs] [Times: user=0.09 sys=0.00, real=0.01 secs] 
2016-09-24T03:47:24.613-0400: 42.321: [GC (GCLocker Initiated GC) [PSYoungGen: 156792K->75398K(175104K)] 592149K->518285K(699392K), 0.0077374 secs] [Times: user=0.08 sys=0.00, real=0.01 secs] 
2016-09-24T03:47:24.655-0400: 42.363: [GC (GCLocker Initiated GC) [PSYoungGen: 163462K->63211K(175104K)] 609229K->525730K(699392K), 0.0069458 secs] [Times: user=0.07 sys=0.00, real=0.00 secs] 
2016-09-24T03:47:24.703-0400: 42.412: [GC (GCLocker Initiated GC) [PSYoungGen: 151275K->60690K(148992K)] 628193K->555885K(673280K), 0.0063413 secs] [Times: user=0.09 sys=0.00, real=0.00 secs] 
2016-09-24T03:47:24.710-0400: 42.418: [Full GC (Ergonomics) [PSYoungGen: 60690K->0K(148992K)] [ParOldGen: 495194K->292686K(524288K)] 555885K->292686K(673280K), [Metaspace: 43787K->43787K(1087488K)], 0.0493046 secs] [Times: user=0.43 sys=0.01, real=0.05 secs] 
2016-09-24T03:47:24.792-0400: 42.501: [GC (GCLocker Initiated GC) [PSYoungGen: 88064K->75594K(171008K)] 386374K->373904K(695296K), 0.0071445 secs] [Times: user=0.07 sys=0.00, real=0.01 secs] 
2016-09-24T03:47:24.836-0400: 42.545: [GC (GCLocker Initiated GC) [PSYoungGen: 161610K->75373K(173056K)] 462774K->382865K(697344K), 0.0072632 secs] [Times: user=0.09 sys=0.00, real=0.01 secs] 
2016-09-24T03:47:24.890-0400: 42.598: [GC (GCLocker Initiated GC) [PSYoungGen: 161389K->56723K(175104K)] 478028K->403689K(699392K), 0.0073295 secs] [Times: user=0.10 sys=0.00, real=0.01 secs] 
2016-09-24T03:47:24.937-0400: 42.646: [GC (GCLocker Initiated GC) [PSYoungGen: 144787K->60509K(175104K)] 498643K->430125K(699392K), 0.0067351 secs] [Times: user=0.09 sys=0.00, real=0.01 secs] 
2016-09-24T03:47:24.976-0400: 42.684: [GC (GCLocker Initiated GC) [PSYoungGen: 148573K->74184K(175104K)] 526388K->487760K(699392K), 0.0074617 secs] [Times: user=0.11 sys=0.01, real=0.01 secs] 
2016-09-24T03:47:25.029-0400: 42.737: [GC (GCLocker Initiated GC) [PSYoungGen: 162248K->48182K(175104K)] 576158K->479036K(699392K), 0.0062797 secs] [Times: user=0.06 sys=0.00, real=0.01 secs] 
2016-09-24T03:47:25.072-0400: 42.781: [GC (GCLocker Initiated GC) [PSYoungGen: 136246K->63339K(174080K)] 570613K->514538K(698368K), 0.0063927 secs] [Times: user=0.08 sys=0.01, real=0.01 secs] 
2016-09-24T03:47:25.116-0400: 42.824: [GC (GCLocker Initiated GC) [PSYoungGen: 151403K->80874K(174592K)] 610929K->543875K(698880K), 0.0081153 secs] [Times: user=0.12 sys=0.00, real=0.01 secs] 
2016-09-24T03:47:25.174-0400: 42.883: [GC (GCLocker Initiated GC) [PSYoungGen: 168938K->53750K(175104K)] 641492K->541954K(699392K), 0.0060142 secs] [Times: user=0.08 sys=0.00, real=0.00 secs] 
2016-09-24T03:47:25.181-0400: 42.889: [Full GC (Ergonomics) [PSYoungGen: 53750K->0K(175104K)] [ParOldGen: 488204K->298632K(524288K)] 541954K->298632K(699392K), [Metaspace: 43787K->43787K(1087488K)], 0.0501748 secs] [Times: user=0.42 sys=0.00, real=0.05 secs] 
2016-09-24T03:47:25.270-0400: 42.979: [GC (GCLocker Initiated GC) [PSYoungGen: 88064K->73224K(175104K)] 386750K->371911K(699392K), 0.0066635 secs] [Times: user=0.09 sys=0.00, real=0.01 secs] 
2016-09-24T03:47:25.315-0400: 43.024: [GC (GCLocker Initiated GC) [PSYoungGen: 161288K->71423K(175104K)] 461398K->388845K(699392K), 0.0072442 secs] [Times: user=0.11 sys=0.00, real=0.01 secs] 
2016-09-24T03:47:25.355-0400: 43.064: [GC (GCLocker Initiated GC) [PSYoungGen: 159487K->71548K(175104K)] 479810K->402097K(699392K), 0.0067125 secs] [Times: user=0.08 sys=0.00, real=0.01 secs] 
2016-09-24T03:47:25.400-0400: 43.109: [GC (GCLocker Initiated GC) [PSYoungGen: 159612K->79495K(175104K)] 493156K->423259K(699392K), 0.0077181 secs] [Times: user=0.12 sys=0.00, real=0.01 secs] 
2016-09-24T03:47:25.441-0400: 43.149: [GC (GCLocker Initiated GC) [PSYoungGen: 167559K->80841K(175104K)] 511612K->439061K(699392K), 0.0067218 secs] [Times: user=0.09 sys=0.00, real=0.01 secs] 
2016-09-24T03:47:25.485-0400: 43.193: [GC (GCLocker Initiated GC) [PSYoungGen: 168905K->57973K(175104K)] 527288K->453529K(699392K), 0.0064817 secs] [Times: user=0.08 sys=0.01, real=0.00 secs] 
2016-09-24T03:47:25.528-0400: 43.237: [GC (GCLocker Initiated GC) [PSYoungGen: 146037K->67499K(175104K)] 544342K->493581K(699392K), 0.0067563 secs] [Times: user=0.09 sys=0.00, real=0.01 secs] 
2016-09-24T03:47:25.575-0400: 43.284: [GC (GCLocker Initiated GC) [PSYoungGen: 155563K->79610K(175104K)] 588500K->526884K(699392K), 0.0075928 secs] [Times: user=0.12 sys=0.00, real=0.01 secs] 
2016-09-24T03:47:25.618-0400: 43.326: [GC (GCLocker Initiated GC) [PSYoungGen: 167674K->49699K(175104K)] 619157K->532999K(699392K), 0.0072854 secs] [Times: user=0.07 sys=0.00, real=0.01 secs] 
2016-09-24T03:47:25.625-0400: 43.334: [Full GC (Ergonomics) [PSYoungGen: 49699K->0K(175104K)] [ParOldGen: 483299K->308959K(524288K)] 532999K->308959K(699392K), [Metaspace: 43787K->43787K(1087488K)], 0.0530553 secs] [Times: user=0.42 sys=0.01, real=0.05 secs] 
2016-09-24T03:47:25.722-0400: 43.430: [GC (GCLocker Initiated GC) [PSYoungGen: 88064K->73391K(175104K)] 407425K->392753K(699392K), 0.0070787 secs] [Times: user=0.09 sys=0.01, real=0.01 secs] 
2016-09-24T03:47:25.764-0400: 43.472: [GC (GCLocker Initiated GC) [PSYoungGen: 161455K->65898K(175104K)] 483580K->405607K(699392K), 0.0066358 secs] [Times: user=0.08 sys=0.00, real=0.00 secs] 
2016-09-24T03:47:25.807-0400: 43.516: [GC (GCLocker Initiated GC) [PSYoungGen: 153962K->79470K(175104K)] 499161K->456325K(699392K), 0.0171061 secs] [Times: user=0.27 sys=0.00, real=0.02 secs] 
2016-09-24T03:47:25.864-0400: 43.573: [GC (Allocation Failure) [PSYoungGen: 167534K->77060K(175104K)] 552667K->465591K(699392K), 0.0069713 secs] [Times: user=0.10 sys=0.01, real=0.00 secs] 
2016-09-24T03:47:25.915-0400: 43.624: [GC (GCLocker Initiated GC) [PSYoungGen: 163058K->59364K(175104K)] 554289K->466353K(699392K), 0.0076208 secs] [Times: user=0.08 sys=0.00, real=0.01 secs] 
2016-09-24T03:47:25.969-0400: 43.677: [GC (GCLocker Initiated GC) [PSYoungGen: 147428K->45626K(175104K)] 554479K->468354K(699392K), 0.0061053 secs] [Times: user=0.06 sys=0.00, real=0.01 secs] 
2016-09-24T03:47:26.005-0400: 43.714: [GC (GCLocker Initiated GC) [PSYoungGen: 133690K->75711K(175104K)] 562081K->511508K(699392K), 0.0076333 secs] [Times: user=0.09 sys=0.00, real=0.00 secs] 
2016-09-24T03:47:26.052-0400: 43.761: [GC (GCLocker Initiated GC) [PSYoungGen: 163775K->74303K(175104K)] 602481K->530162K(699392K), 0.0069010 secs] [Times: user=0.10 sys=0.00, real=0.01 secs] 
2016-09-24T03:47:26.102-0400: 43.810: [GC (GCLocker Initiated GC) [PSYoungGen: 162367K->59289K(175104K)] 620965K->533616K(699392K), 0.0138665 secs] [Times: user=0.17 sys=0.00, real=0.02 secs] 
2016-09-24T03:47:26.153-0400: 43.862: [GC (GCLocker Initiated GC) [PSYoungGen: 147353K->66155K(175104K)] 624495K->546828K(699392K), 0.0075534 secs] [Times: user=0.07 sys=0.00, real=0.01 secs] 
2016-09-24T03:47:26.198-0400: 43.907: [GC (GCLocker Initiated GC) [PSYoungGen: 154219K->68666K(175104K)] 637721K->569239K(699392K), 0.0078284 secs] [Times: user=0.08 sys=0.01, real=0.01 secs] 
2016-09-24T03:47:26.206-0400: 43.915: [Full GC (Ergonomics) [PSYoungGen: 68666K->0K(175104K)] [ParOldGen: 500572K->315484K(524288K)] 569239K->315484K(699392K), [Metaspace: 43787K->43787K(1087488K)], 0.0585803 secs] [Times: user=0.46 sys=0.00, real=0.06 secs] 
2016-09-24T03:47:26.321-0400: 44.029: [GC (GCLocker Initiated GC) [PSYoungGen: 88064K->63799K(175104K)] 409013K->384748K(699392K), 0.0109170 secs] [Times: user=0.12 sys=0.00, real=0.01 secs] 
2016-09-24T03:47:26.366-0400: 44.074: [GC (GCLocker Initiated GC) [PSYoungGen: 151863K->33723K(175104K)] 478282K->374722K(699392K), 0.0084707 secs] [Times: user=0.07 sys=0.00, real=0.01 secs] 
2016-09-24T03:47:26.417-0400: 44.126: [GC (GCLocker Initiated GC) [PSYoungGen: 121787K->40417K(175104K)] 471000K->402804K(699392K), 0.0137760 secs] [Times: user=0.15 sys=0.00, real=0.01 secs] 
2016-09-24T03:47:26.470-0400: 44.179: [GC (GCLocker Initiated GC) [PSYoungGen: 128481K->52646K(175104K)] 491042K->434982K(699392K), 0.0063943 secs] [Times: user=0.07 sys=0.00, real=0.01 secs] 
2016-09-24T03:47:26.511-0400: 44.220: [GC (GCLocker Initiated GC) [PSYoungGen: 140710K->70131K(175104K)] 523179K->462936K(699392K), 0.0078388 secs] [Times: user=0.08 sys=0.01, real=0.01 secs] 
2016-09-24T03:47:26.555-0400: 44.263: [GC (GCLocker Initiated GC) [PSYoungGen: 158195K->68774K(175104K)] 558649K->487606K(699392K), 0.0071476 secs] [Times: user=0.08 sys=0.01, real=0.00 secs] 
2016-09-24T03:47:26.603-0400: 44.311: [GC (GCLocker Initiated GC) [PSYoungGen: 156838K->45832K(175104K)] 579948K->491344K(699392K), 0.0060096 secs] [Times: user=0.09 sys=0.00, real=0.00 secs] 
2016-09-24T03:47:26.642-0400: 44.350: [GC (GCLocker Initiated GC) [PSYoungGen: 133896K->84841K(175104K)] 582205K->544755K(699392K), 0.0074785 secs] [Times: user=0.11 sys=0.01, real=0.01 secs] 
2016-09-24T03:47:26.685-0400: 44.393: [GC (GCLocker Initiated GC) [PSYoungGen: 172905K->76941K(175104K)] 632883K->555090K(699392K), 0.0071602 secs] [Times: user=0.09 sys=0.00, real=0.00 secs] 
2016-09-24T03:47:26.732-0400: 44.441: [GC (GCLocker Initiated GC) [PSYoungGen: 165005K->54191K(175104K)] 655371K->561623K(699392K), 0.0093570 secs] [Times: user=0.12 sys=0.00, real=0.01 secs] 
2016-09-24T03:47:26.742-0400: 44.450: [Full GC (Ergonomics) [PSYoungGen: 54191K->0K(175104K)] [ParOldGen: 507431K->275644K(524288K)] 561623K->275644K(699392K), [Metaspace: 43788K->43788K(1087488K)], 0.0575649 secs] [Times: user=0.52 sys=0.00, real=0.06 secs] 
2016-09-24T03:47:26.846-0400: 44.555: [GC (GCLocker Initiated GC) [PSYoungGen: 88064K->70894K(175104K)] 374834K->357664K(699392K), 0.0101318 secs] [Times: user=0.15 sys=0.00, real=0.01 secs] 
2016-09-24T03:47:26.899-0400: 44.608: [GC (GCLocker Initiated GC) [PSYoungGen: 158958K->40188K(175104K)] 453846K->343310K(699392K), 0.0058883 secs] [Times: user=0.06 sys=0.00, real=0.01 secs] 
2016-09-24T03:47:26.941-0400: 44.649: [GC (GCLocker Initiated GC) [PSYoungGen: 128252K->82250K(175104K)] 431529K->398491K(699392K), 0.0071527 secs] [Times: user=0.10 sys=0.00, real=0.01 secs] 
2016-09-24T03:47:26.994-0400: 44.703: [GC (GCLocker Initiated GC) [PSYoungGen: 170314K->54185K(175104K)] 489344K->395513K(699392K), 0.0068721 secs] [Times: user=0.07 sys=0.00, real=0.01 secs] 
2016-09-24T03:47:27.049-0400: 44.757: [GC (GCLocker Initiated GC) [PSYoungGen: 142249K->59452K(175104K)] 483618K->423416K(699392K), 0.0062224 secs] [Times: user=0.09 sys=0.00, real=0.01 secs] 
2016-09-24T03:47:27.096-0400: 44.804: [GC (GCLocker Initiated GC) [PSYoungGen: 147516K->63665K(175104K)] 511605K->436824K(699392K), 0.0069773 secs] [Times: user=0.08 sys=0.00, real=0.01 secs] 
2016-09-24T03:47:27.147-0400: 44.855: [GC (GCLocker Initiated GC) [PSYoungGen: 151729K->58410K(175104K)] 528198K->462964K(699392K), 0.0066292 secs] [Times: user=0.11 sys=0.00, real=0.00 secs] 
2016-09-24T03:47:27.188-0400: 44.897: [GC (GCLocker Initiated GC) [PSYoungGen: 146474K->81010K(175104K)] 553978K->499234K(699392K), 0.0071214 secs] [Times: user=0.09 sys=0.01, real=0.01 secs] 
2016-09-24T03:47:27.241-0400: 44.949: [GC (GCLocker Initiated GC) [PSYoungGen: 169074K->79690K(175104K)] 590086K->506997K(699392K), 0.0069315 secs] [Times: user=0.09 sys=0.00, real=0.01 secs] 
2016-09-24T03:47:27.294-0400: 45.002: [GC (GCLocker Initiated GC) [PSYoungGen: 167754K->58225K(175104K)] 607393K->519008K(699392K), 0.0069718 secs] [Times: user=0.09 sys=0.00, real=0.01 secs] 
2016-09-24T03:47:27.347-0400: 45.056: [GC (GCLocker Initiated GC) [PSYoungGen: 146289K->55427K(175104K)] 617301K->532901K(699392K), 0.0065539 secs] [Times: user=0.08 sys=0.01, real=0.01 secs] 
2016-09-24T03:47:27.404-0400: 45.113: [GC (GCLocker Initiated GC) [PSYoungGen: 143491K->56548K(175104K)] 623712K->553944K(699392K), 0.0065359 secs] [Times: user=0.09 sys=0.00, real=0.00 secs] 
2016-09-24T03:47:27.411-0400: 45.120: [Full GC (Ergonomics) [PSYoungGen: 56548K->0K(175104K)] [ParOldGen: 497396K->271198K(524288K)] 553944K->271198K(699392K), [Metaspace: 43792K->43792K(1087488K)], 0.1064795 secs] [Times: user=1.29 sys=0.00, real=0.11 secs] 
2016-09-24T03:47:27.563-0400: 45.271: [GC (GCLocker Initiated GC) [PSYoungGen: 88064K->57710K(175104K)] 362045K->331692K(699392K), 0.0065831 secs] [Times: user=0.06 sys=0.00, real=0.00 secs] 
2016-09-24T03:47:27.612-0400: 45.321: [GC (GCLocker Initiated GC) [PSYoungGen: 145774K->47169K(175104K)] 422550K->343156K(699392K), 0.0073990 secs] [Times: user=0.05 sys=0.02, real=0.01 secs] 
2016-09-24T03:47:27.659-0400: 45.367: [GC (GCLocker Initiated GC) [PSYoungGen: 135233K->58111K(175104K)] 431319K->384887K(699392K), 0.0082519 secs] [Times: user=0.07 sys=0.01, real=0.01 secs] 
2016-09-24T03:47:27.710-0400: 45.418: [GC (GCLocker Initiated GC) [PSYoungGen: 146175K->56833K(173056K)] 478493K->410344K(697344K), 0.0072095 secs] [Times: user=0.08 sys=0.01, real=0.01 secs] 
2016-09-24T03:47:27.765-0400: 45.473: [GC (GCLocker Initiated GC) [PSYoungGen: 144897K->58143K(174080K)] 498543K->438557K(698368K), 0.0070632 secs] [Times: user=0.08 sys=0.00, real=0.00 secs] 
2016-09-24T03:47:27.815-0400: 45.524: [GC (GCLocker Initiated GC) [PSYoungGen: 146207K->58149K(173056K)] 527412K->459285K(697344K), 0.0068138 secs] [Times: user=0.08 sys=0.00, real=0.00 secs] 
2016-09-24T03:47:27.857-0400: 45.566: [GC (GCLocker Initiated GC) [PSYoungGen: 150309K->56943K(174080K)] 563630K->506373K(698368K), 0.0070697 secs] [Times: user=0.10 sys=0.00, real=0.01 secs] 
2016-09-24T03:47:27.915-0400: 45.624: [GC (GCLocker Initiated GC) [PSYoungGen: 149103K->55222K(177664K)] 599069K->515818K(701952K), 0.0083324 secs] [Times: user=0.09 sys=0.00, real=0.01 secs] 
2016-09-24T03:47:27.969-0400: 45.678: [GC (GCLocker Initiated GC) [PSYoungGen: 155062K->55441K(178688K)] 621178K->527703K(702976K), 0.0142436 secs] [Times: user=0.16 sys=0.00, real=0.02 secs] 
2016-09-24T03:47:28.035-0400: 45.744: [Full GC (Ergonomics) [PSYoungGen: 155281K->0K(178688K)] [ParOldGen: 484901K->283280K(524288K)] 640182K->283280K(702976K), [Metaspace: 43792K->43792K(1087488K)], 0.0697875 secs] [Times: user=0.46 sys=0.02, real=0.07 secs] 
2016-09-24T03:47:28.152-0400: 45.861: [GC (GCLocker Initiated GC) [PSYoungGen: 99840K->58642K(179200K)] 391313K->350116K(703488K), 0.0228550 secs] [Times: user=0.28 sys=0.00, real=0.03 secs] 
2016-09-24T03:47:28.216-0400: 45.924: [GC (GCLocker Initiated GC) [PSYoungGen: 164114K->57881K(181248K)] 455677K->360247K(705536K), 0.0180817 secs] [Times: user=0.17 sys=0.01, real=0.01 secs] 
2016-09-24T03:47:28.282-0400: 45.990: [GC (GCLocker Initiated GC) [PSYoungGen: 163353K->52736K(184832K)] 469621K->393647K(709120K), 0.0257446 secs] [Times: user=0.34 sys=0.00, real=0.03 secs] 
2016-09-24T03:47:28.360-0400: 46.069: [GC (GCLocker Initiated GC) [PSYoungGen: 164864K->56587K(185856K)] 505807K->407960K(710144K), 0.0070318 secs] [Times: user=0.08 sys=0.00, real=0.01 secs] 
2016-09-24T03:47:28.412-0400: 46.121: [GC (GCLocker Initiated GC) [PSYoungGen: 168715K->71764K(182272K)] 520143K->433574K(706560K), 0.0072170 secs] [Times: user=0.09 sys=0.01, real=0.01 secs] 
2016-09-24T03:47:28.461-0400: 46.170: [GC (GCLocker Initiated GC) [PSYoungGen: 181332K->70317K(180224K)] 543447K->441607K(704512K), 0.0072629 secs] [Times: user=0.09 sys=0.00, real=0.01 secs] 
2016-09-24T03:47:28.517-0400: 46.226: [GC (GCLocker Initiated GC) [PSYoungGen: 179885K->78257K(174080K)] 554129K->456219K(698368K), 0.0067576 secs] [Times: user=0.08 sys=0.00, real=0.01 secs] 
2016-09-24T03:47:28.567-0400: 46.275: [GC (GCLocker Initiated GC) [PSYoungGen: 173489K->63368K(178688K)] 554201K->450347K(702976K), 0.0086414 secs] [Times: user=0.09 sys=0.01, real=0.01 secs] 
2016-09-24T03:47:28.633-0400: 46.341: [GC (GCLocker Initiated GC) [PSYoungGen: 158600K->33482K(175104K)] 550235K->429979K(699392K), 0.0057871 secs] [Times: user=0.05 sys=0.00, real=0.01 secs] 
2016-09-24T03:47:28.667-0400: 46.375: [GC (GCLocker Initiated GC) [PSYoungGen: 126666K->69861K(163328K)] 523296K->471427K(687616K), 0.0126177 secs] [Times: user=0.18 sys=0.00, real=0.01 secs] 
2016-09-24T03:47:28.728-0400: 46.437: [GC (GCLocker Initiated GC) [PSYoungGen: 163045K->49785K(176640K)] 568958K->472528K(700928K), 0.0109485 secs] [Times: user=0.12 sys=0.00, real=0.01 secs] 
2016-09-24T03:47:28.789-0400: 46.498: [GC (GCLocker Initiated GC) [PSYoungGen: 140409K->37427K(128512K)] 568604K->494791K(652800K), 0.0169879 secs] [Times: user=0.18 sys=0.00, real=0.02 secs] 
2016-09-24T03:47:28.842-0400: 46.550: [GC (GCLocker Initiated GC) [PSYoungGen: 128051K->62019K(176640K)] 588353K->548669K(700928K), 0.0105992 secs] [Times: user=0.11 sys=0.00, real=0.01 secs] 
2016-09-24T03:47:28.852-0400: 46.561: [Full GC (Ergonomics) [PSYoungGen: 62019K->0K(176640K)] [ParOldGen: 486649K->299721K(524288K)] 548669K->299721K(700928K), [Metaspace: 43792K->43792K(1087488K)], 0.0593257 secs] [Times: user=0.44 sys=0.00, real=0.06 secs] 
2016-09-24T03:47:28.953-0400: 46.661: [GC (GCLocker Initiated GC) [PSYoungGen: 90112K->77603K(167936K)] 398091K->385583K(692224K), 0.0063677 secs] [Times: user=0.08 sys=0.00, real=0.01 secs] 
2016-09-24T03:47:29.006-0400: 46.714: [GC (GCLocker Initiated GC) [PSYoungGen: 167715K->59303K(175104K)] 475822K->387812K(699392K), 0.0056762 secs] [Times: user=0.08 sys=0.01, real=0.00 secs] 
2016-09-24T03:47:29.044-0400: 46.752: [GC (GCLocker Initiated GC) [PSYoungGen: 147367K->75745K(175104K)] 475980K->422724K(699392K), 0.0068214 secs] [Times: user=0.11 sys=0.00, real=0.00 secs] 
2016-09-24T03:47:29.095-0400: 46.803: [GC (GCLocker Initiated GC) [PSYoungGen: 163809K->62168K(175104K)] 524354K->441214K(699392K), 0.0062068 secs] [Times: user=0.10 sys=0.00, real=0.00 secs] 
2016-09-24T03:47:29.148-0400: 46.857: [GC (GCLocker Initiated GC) [PSYoungGen: 150232K->63369K(151552K)] 541584K->458334K(675840K), 0.0063476 secs] [Times: user=0.08 sys=0.00, real=0.01 secs] 
2016-09-24T03:47:29.195-0400: 46.904: [GC (GCLocker Initiated GC) [PSYoungGen: 151433K->48219K(174080K)] 549242K->469771K(698368K), 0.0064342 secs] [Times: user=0.10 sys=0.00, real=0.00 secs] 
2016-09-24T03:47:29.241-0400: 46.950: [GC (GCLocker Initiated GC) [PSYoungGen: 136283K->56546K(174080K)] 560654K->492265K(698368K), 0.0062082 secs] [Times: user=0.09 sys=0.00, real=0.01 secs] 
2016-09-24T03:47:29.288-0400: 46.996: [GC (GCLocker Initiated GC) [PSYoungGen: 144610K->72736K(172032K)] 583230K->517513K(696320K), 0.0072287 secs] [Times: user=0.09 sys=0.01, real=0.01 secs] 
2016-09-24T03:47:29.336-0400: 47.045: [GC (GCLocker Initiated GC) [PSYoungGen: 160800K->74113K(174080K)] 607172K->522549K(698368K), 0.0078870 secs] [Times: user=0.10 sys=0.00, real=0.01 secs] 
2016-09-24T03:47:29.383-0400: 47.092: [GC (GCLocker Initiated GC) [PSYoungGen: 162177K->37213K(175104K)] 610694K->514866K(699392K), 0.0087739 secs] [Times: user=0.10 sys=0.00, real=0.00 secs] 
2016-09-24T03:47:29.434-0400: 47.142: [GC (GCLocker Initiated GC) [PSYoungGen: 125277K->74220K(175104K)] 605715K->591704K(699392K), 0.0082959 secs] [Times: user=0.10 sys=0.02, real=0.02 secs] 
2016-09-24T03:47:29.442-0400: 47.151: [Full GC (Ergonomics) [PSYoungGen: 74220K->0K(175104K)] [ParOldGen: 517483K->306065K(524288K)] 591704K->306065K(699392K), [Metaspace: 43792K->43792K(1087488K)], 0.0606063 secs] [Times: user=0.45 sys=0.01, real=0.06 secs] 
2016-09-24T03:47:29.546-0400: 47.254: [GC (GCLocker Initiated GC) [PSYoungGen: 88064K->72101K(175104K)] 400484K->384521K(699392K), 0.0063133 secs] [Times: user=0.10 sys=0.00, real=0.00 secs] 
2016-09-24T03:47:29.601-0400: 47.309: [GC (GCLocker Initiated GC) [PSYoungGen: 160165K->67212K(175104K)] 482143K->406868K(699392K), 0.0060505 secs] [Times: user=0.08 sys=0.00, real=0.01 secs] 
2016-09-24T03:47:29.645-0400: 47.354: [GC (GCLocker Initiated GC) [PSYoungGen: 155276K->60556K(175104K)] 497839K->430677K(699392K), 0.0070882 secs] [Times: user=0.10 sys=0.00, real=0.00 secs] 
2016-09-24T03:47:29.694-0400: 47.402: [GC (GCLocker Initiated GC) [PSYoungGen: 148620K->85032K(175104K)] 524395K->474975K(699392K), 0.0096418 secs] [Times: user=0.14 sys=0.00, real=0.02 secs] 
2016-09-24T03:47:29.752-0400: 47.461: [GC (GCLocker Initiated GC) [PSYoungGen: 173096K->48412K(175104K)] 570635K->452167K(699392K), 0.0064278 secs] [Times: user=0.06 sys=0.01, real=0.01 secs] 
2016-09-24T03:47:29.805-0400: 47.513: [GC (GCLocker Initiated GC) [PSYoungGen: 136476K->52334K(175104K)] 540301K->464997K(699392K), 0.0115540 secs] [Times: user=0.13 sys=0.00, real=0.01 secs] 
2016-09-24T03:47:29.856-0400: 47.565: [GC (GCLocker Initiated GC) [PSYoungGen: 140398K->67567K(175104K)] 553651K->497762K(699392K), 0.0069493 secs] [Times: user=0.09 sys=0.00, real=0.01 secs] 
2016-09-24T03:47:29.908-0400: 47.616: [GC (GCLocker Initiated GC) [PSYoungGen: 155631K->47026K(175104K)] 590115K->495821K(699392K), 0.0076000 secs] [Times: user=0.08 sys=0.00, real=0.01 secs] 
2016-09-24T03:47:29.947-0400: 47.656: [GC (GCLocker Initiated GC) [PSYoungGen: 135090K->53943K(175104K)] 589420K->525387K(699392K), 0.0075429 secs] [Times: user=0.07 sys=0.01, real=0.01 secs] 
2016-09-24T03:47:29.999-0400: 47.707: [GC (GCLocker Initiated GC) [PSYoungGen: 142007K->61888K(175104K)] 616336K->556046K(699392K), 0.0071788 secs] [Times: user=0.09 sys=0.00, real=0.01 secs] 
2016-09-24T03:47:30.006-0400: 47.715: [Full GC (Ergonomics) [PSYoungGen: 61888K->0K(175104K)] [ParOldGen: 494157K->311638K(524288K)] 556046K->311638K(699392K), [Metaspace: 43792K->43792K(1087488K)], 0.0480995 secs] [Times: user=0.36 sys=0.01, real=0.05 secs] 
2016-09-24T03:47:30.099-0400: 47.807: [GC (GCLocker Initiated GC) [PSYoungGen: 88064K->69229K(175104K)] 403809K->384974K(699392K), 0.0111245 secs] [Times: user=0.17 sys=0.00, real=0.01 secs] 
2016-09-24T03:47:30.150-0400: 47.859: [GC (GCLocker Initiated GC) [PSYoungGen: 157293K->59183K(147456K)] 475894K->388475K(671744K), 0.0067943 secs] [Times: user=0.09 sys=0.01, real=0.01 secs] 
2016-09-24T03:47:30.203-0400: 47.911: [GC (GCLocker Initiated GC) [PSYoungGen: 147247K->56491K(175616K)] 479293K->416206K(699904K), 0.0068037 secs] [Times: user=0.10 sys=0.00, real=0.00 secs] 
2016-09-24T03:47:30.249-0400: 47.958: [GC (GCLocker Initiated GC) [PSYoungGen: 146091K->54308K(174080K)] 515328K->429630K(698368K), 0.0057923 secs] [Times: user=0.06 sys=0.00, real=0.01 secs] 
2016-09-24T03:47:30.294-0400: 48.003: [GC (GCLocker Initiated GC) [PSYoungGen: 143908K->55232K(176128K)] 521981K->437039K(700416K), 0.0079823 secs] [Times: user=0.08 sys=0.00, real=0.01 secs] 
2016-09-24T03:47:30.346-0400: 48.055: [GC (GCLocker Initiated GC) [PSYoungGen: 148416K->34647K(175104K)] 541175K->437673K(699392K), 0.0091551 secs] [Times: user=0.09 sys=0.00, real=0.01 secs] 
2016-09-24T03:47:30.400-0400: 48.108: [GC (GCLocker Initiated GC) [PSYoungGen: 127831K->48332K(179200K)] 540398K->466916K(703488K), 0.0065011 secs] [Times: user=0.06 sys=0.00, real=0.01 secs] 
2016-09-24T03:47:30.450-0400: 48.159: [GC (GCLocker Initiated GC) [PSYoungGen: 143564K->60764K(156160K)] 564931K->482908K(680448K), 0.0065177 secs] [Times: user=0.06 sys=0.00, real=0.01 secs] 
2016-09-24T03:47:30.501-0400: 48.209: [GC (GCLocker Initiated GC) [PSYoungGen: 155996K->65909K(176640K)] 581069K->516068K(700928K), 0.0076358 secs] [Times: user=0.11 sys=0.00, real=0.01 secs] 
2016-09-24T03:47:30.546-0400: 48.255: [GC (GCLocker Initiated GC) [PSYoungGen: 160629K->74367K(169472K)] 613581K->533364K(693760K), 0.0069909 secs] [Times: user=0.09 sys=0.00, real=0.00 secs] 
2016-09-24T03:47:30.600-0400: 48.309: [GC (GCLocker Initiated GC) [PSYoungGen: 169087K->60648K(178176K)] 633715K->547823K(702464K), 0.0091599 secs] [Times: user=0.12 sys=0.00, real=0.01 secs] 
2016-09-24T03:47:30.658-0400: 48.366: [Full GC (Ergonomics) [PSYoungGen: 152296K->0K(178176K)] [ParOldGen: 492659K->313657K(524288K)] 644956K->313657K(702464K), [Metaspace: 43801K->43801K(1087488K)], 0.0577878 secs] [Times: user=0.46 sys=0.01, real=0.06 secs] 
2016-09-24T03:47:30.756-0400: 48.464: [GC (GCLocker Initiated GC) [PSYoungGen: 91648K->60950K(153088K)] 405356K->374658K(677376K), 0.0087437 secs] [Times: user=0.12 sys=0.00, real=0.01 secs] 
2016-09-24T03:47:30.800-0400: 48.508: [GC (GCLocker Initiated GC) [PSYoungGen: 152598K->71782K(172032K)] 473231K->404365K(696320K), 0.0075554 secs] [Times: user=0.07 sys=0.01, real=0.01 secs] 
2016-09-24T03:47:30.855-0400: 48.564: [GC (GCLocker Initiated GC) [PSYoungGen: 161382K->44295K(174080K)] 500784K->402305K(698368K), 0.0063420 secs] [Times: user=0.06 sys=0.00, real=0.00 secs] 
2016-09-24T03:47:30.907-0400: 48.615: [GC (GCLocker Initiated GC) [PSYoungGen: 133895K->39002K(175104K)] 497401K->415433K(699392K), 0.0071011 secs] [Times: user=0.05 sys=0.00, real=0.00 secs] 
2016-09-24T03:47:30.956-0400: 48.664: [GC (GCLocker Initiated GC) [PSYoungGen: 129114K->60755K(151040K)] 508405K->454483K(675328K), 0.0183873 secs] [Times: user=0.23 sys=0.00, real=0.02 secs] 
2016-09-24T03:47:31.019-0400: 48.728: [GC (GCLocker Initiated GC) [PSYoungGen: 150867K->71639K(172544K)] 544796K->477368K(696832K), 0.0073286 secs] [Times: user=0.08 sys=0.01, real=0.01 secs] 
2016-09-24T03:47:31.071-0400: 48.779: [GC (GCLocker Initiated GC) [PSYoungGen: 159703K->52913K(175104K)] 570866K->474372K(699392K), 0.0157305 secs] [Times: user=0.18 sys=0.00, real=0.02 secs] 
2016-09-24T03:47:31.117-0400: 48.826: [GC (GCLocker Initiated GC) [PSYoungGen: 140977K->74195K(173056K)] 562579K->511792K(697344K), 0.0071322 secs] [Times: user=0.09 sys=0.00, real=0.01 secs] 
2016-09-24T03:47:31.172-0400: 48.880: [GC (GCLocker Initiated GC) [PSYoungGen: 162259K->44282K(175104K)] 604192K->493752K(699392K), 0.0069097 secs] [Times: user=0.06 sys=0.01, real=0.01 secs] 
2016-09-24T03:47:31.212-0400: 48.921: [GC (GCLocker Initiated GC) [PSYoungGen: 132346K->64648K(175104K)] 584593K->539341K(699392K), 0.0070073 secs] [Times: user=0.11 sys=0.00, real=0.01 secs] 
2016-09-24T03:47:31.262-0400: 48.971: [GC (GCLocker Initiated GC) [PSYoungGen: 152712K->66283K(175104K)] 631682K->567619K(699392K), 0.0066874 secs] [Times: user=0.09 sys=0.00, real=0.00 secs] 
2016-09-24T03:47:31.269-0400: 48.978: [Full GC (Ergonomics) [PSYoungGen: 66283K->0K(175104K)] [ParOldGen: 501336K->324039K(524288K)] 567619K->324039K(699392K), [Metaspace: 43803K->43803K(1087488K)], 0.0549800 secs] [Times: user=0.41 sys=0.00, real=0.06 secs] 
2016-09-24T03:47:31.372-0400: 49.081: [GC (GCLocker Initiated GC) [PSYoungGen: 88064K->55809K(172032K)] 414888K->382633K(696320K), 0.0067176 secs] [Times: user=0.07 sys=0.00, real=0.01 secs] 
2016-09-24T03:47:31.419-0400: 49.128: [GC (GCLocker Initiated GC) [PSYoungGen: 143873K->37634K(173568K)] 476151K->387460K(697856K), 0.0075828 secs] [Times: user=0.06 sys=0.00, real=0.01 secs] 
2016-09-24T03:47:31.461-0400: 49.169: [GC (GCLocker Initiated GC) [PSYoungGen: 125697K->60805K(174592K)] 476040K->432310K(698880K), 0.0085425 secs] [Times: user=0.08 sys=0.00, real=0.01 secs] 
2016-09-24T03:47:31.518-0400: 49.227: [GC (GCLocker Initiated GC) [PSYoungGen: 150917K->64741K(175104K)] 529415K->457808K(699392K), 0.0069535 secs] [Times: user=0.08 sys=0.01, real=0.01 secs] 
2016-09-24T03:47:31.569-0400: 49.278: [GC (GCLocker Initiated GC) [PSYoungGen: 154853K->70384K(174080K)] 550835K->479319K(698368K), 0.0068686 secs] [Times: user=0.11 sys=0.00, real=0.01 secs] 
2016-09-24T03:47:31.612-0400: 49.321: [GC (GCLocker Initiated GC) [PSYoungGen: 159472K->60651K(150016K)] 568504K->480176K(674304K), 0.0067921 secs] [Times: user=0.07 sys=0.00, real=0.01 secs] 
2016-09-24T03:47:31.658-0400: 49.366: [GC (GCLocker Initiated GC) [PSYoungGen: 149739K->70497K(173568K)] 569617K->524964K(697856K), 0.0076018 secs] [Times: user=0.10 sys=0.01, real=0.01 secs] 
2016-09-24T03:47:31.709-0400: 49.418: [GC (GCLocker Initiated GC) [PSYoungGen: 159585K->72976K(175104K)] 620051K->546760K(699392K), 0.0067503 secs] [Times: user=0.11 sys=0.00, real=0.01 secs] 
2016-09-24T03:47:31.759-0400: 49.467: [GC (GCLocker Initiated GC) [PSYoungGen: 162064K->64656K(175616K)] 641344K->567824K(699904K), 0.0069141 secs] [Times: user=0.11 sys=0.00, real=0.01 secs] 
2016-09-24T03:47:31.766-0400: 49.474: [Full GC (Ergonomics) [PSYoungGen: 64656K->0K(175616K)] [ParOldGen: 503168K->330528K(524288K)] 567824K->330528K(699904K), [Metaspace: 43804K->43804K(1087488K)], 0.0567116 secs] [Times: user=0.66 sys=0.01, real=0.06 secs] 
2016-09-24T03:47:31.867-0400: 49.575: [GC (GCLocker Initiated GC) [PSYoungGen: 88576K->66676K(155648K)] 419233K->397334K(679936K), 0.0065704 secs] [Times: user=0.07 sys=0.00, real=0.00 secs] 
2016-09-24T03:47:31.912-0400: 49.621: [GC (GCLocker Initiated GC) [PSYoungGen: 155252K->62236K(177152K)] 492728K->426758K(701440K), 0.0075124 secs] [Times: user=0.13 sys=0.00, real=0.01 secs] 
2016-09-24T03:47:31.964-0400: 49.673: [GC (GCLocker Initiated GC) [PSYoungGen: 153372K->70311K(174592K)] 520652K->442671K(698880K), 0.0078806 secs] [Times: user=0.08 sys=0.00, real=0.00 secs] 
2016-09-24T03:47:32.022-0400: 49.731: [GC (GCLocker Initiated GC) [PSYoungGen: 161447K->49966K(177152K)] 536540K->438190K(701440K), 0.0056202 secs] [Times: user=0.07 sys=0.00, real=0.00 secs] 
2016-09-24T03:47:32.067-0400: 49.775: [GC (GCLocker Initiated GC) [PSYoungGen: 142638K->52637K(177152K)] 533664K->449988K(701440K), 0.0060184 secs] [Times: user=0.06 sys=0.01, real=0.00 secs] 
2016-09-24T03:47:32.105-0400: 49.813: [GC (GCLocker Initiated GC) [PSYoungGen: 145309K->66331K(177152K)] 542740K->491807K(701440K), 0.0152677 secs] [Times: user=0.19 sys=0.00, real=0.01 secs] 
2016-09-24T03:47:32.174-0400: 49.883: [GC (GCLocker Initiated GC) [PSYoungGen: 160027K->65035K(177152K)] 600549K->510657K(701440K), 0.0066367 secs] [Times: user=0.07 sys=0.00, real=0.01 secs] 
2016-09-24T03:47:32.227-0400: 49.936: [GC (GCLocker Initiated GC) [PSYoungGen: 158731K->59306K(175104K)] 607149K->516889K(699392K), 0.0074367 secs] [Times: user=0.07 sys=0.00, real=0.01 secs] 
2016-09-24T03:47:32.280-0400: 49.988: [GC (GCLocker Initiated GC) [PSYoungGen: 155050K->64874K(176640K)] 619495K->535519K(700928K), 0.0066016 secs] [Times: user=0.08 sys=0.00, real=0.01 secs] 
2016-09-24T03:47:32.326-0400: 50.034: [GC (GCLocker Initiated GC) [PSYoungGen: 160618K->56603K(178688K)] 633239K->531462K(702976K), 0.0066803 secs] [Times: user=0.07 sys=0.00, real=0.00 secs] 
2016-09-24T03:47:32.382-0400: 50.091: [GC (GCLocker Initiated GC) [PSYoungGen: 157467K->44524K(180224K)] 637749K->551405K(704512K), 0.0078278 secs] [Times: user=0.08 sys=0.00, real=0.00 secs] 
2016-09-24T03:47:32.390-0400: 50.099: [Full GC (Ergonomics) [PSYoungGen: 44524K->0K(180224K)] [ParOldGen: 506881K->333894K(524288K)] 551405K->333894K(704512K), [Metaspace: 43804K->43804K(1087488K)], 0.0521648 secs] [Times: user=0.42 sys=0.01, real=0.06 secs] 
2016-09-24T03:47:32.494-0400: 50.203: [GC (GCLocker Initiated GC) [PSYoungGen: 100864K->79002K(171520K)] 437614K->421152K(695808K), 0.0071665 secs] [Times: user=0.09 sys=0.02, real=0.00 secs] 
2016-09-24T03:47:32.544-0400: 50.252: [GC (GCLocker Initiated GC) [PSYoungGen: 170138K->63394K(176640K)] 514998K->415097K(700928K), 0.0058960 secs] [Times: user=0.08 sys=0.00, real=0.00 secs] 
2016-09-24T03:47:32.586-0400: 50.295: [GC (GCLocker Initiated GC) [PSYoungGen: 154530K->83916K(172032K)] 506329K->448759K(696320K), 0.0070660 secs] [Times: user=0.10 sys=0.00, real=0.00 secs] 
2016-09-24T03:47:32.639-0400: 50.347: [GC (GCLocker Initiated GC) [PSYoungGen: 171980K->59408K(175104K)] 540989K->474030K(699392K), 0.0081070 secs] [Times: user=0.11 sys=0.01, real=0.01 secs] 
2016-09-24T03:47:32.693-0400: 50.402: [GC (GCLocker Initiated GC) [PSYoungGen: 147472K->58229K(174080K)] 569159K->505086K(698368K), 0.0084757 secs] [Times: user=0.09 sys=0.00, real=0.01 secs] 
2016-09-24T03:47:32.737-0400: 50.446: [GC (GCLocker Initiated GC) [PSYoungGen: 146293K->70118K(174592K)] 593229K->531714K(698880K), 0.0075998 secs] [Times: user=0.07 sys=0.01, real=0.01 secs] 
2016-09-24T03:47:32.799-0400: 50.508: [GC (GCLocker Initiated GC) [PSYoungGen: 158182K->67626K(174080K)] 629321K->550329K(698368K), 0.0077896 secs] [Times: user=0.05 sys=0.01, real=0.01 secs] 
2016-09-24T03:47:32.852-0400: 50.561: [GC (GCLocker Initiated GC) [PSYoungGen: 156202K->59113K(174592K)] 638965K->568558K(698880K), 0.0070569 secs] [Times: user=0.09 sys=0.00, real=0.01 secs] 
2016-09-24T03:47:32.860-0400: 50.568: [Full GC (Ergonomics) [PSYoungGen: 59113K->0K(174592K)] [ParOldGen: 509444K->342448K(524288K)] 568558K->342448K(698880K), [Metaspace: 43804K->43804K(1087488K)], 0.0752412 secs] [Times: user=0.76 sys=0.01, real=0.08 secs] 
2016-09-24T03:47:32.973-0400: 50.682: [GC (GCLocker Initiated GC) [PSYoungGen: 88576K->62779K(174080K)] 435174K->409377K(698368K), 0.0104016 secs] [Times: user=0.14 sys=0.02, real=0.02 secs] 
2016-09-24T03:47:33.027-0400: 50.736: [GC (GCLocker Initiated GC) [PSYoungGen: 154427K->64783K(174592K)] 502697K->420034K(698880K), 0.0085590 secs] [Times: user=0.14 sys=0.00, real=0.01 secs] 
2016-09-24T03:47:33.077-0400: 50.785: [GC (GCLocker Initiated GC) [PSYoungGen: 156431K->71372K(177152K)] 514507K->433009K(701440K), 0.0059700 secs] [Times: user=0.09 sys=0.00, real=0.01 secs] 
2016-09-24T03:47:33.133-0400: 50.842: [GC (GCLocker Initiated GC) [PSYoungGen: 167116K->79578K(175616K)] 539597K->454052K(699904K), 0.0066454 secs] [Times: user=0.11 sys=0.00, real=0.01 secs] 
2016-09-24T03:47:33.184-0400: 50.892: [GC (GCLocker Initiated GC) [PSYoungGen: 175322K->71492K(175104K)] 556794K->480754K(699392K), 0.0072772 secs] [Times: user=0.09 sys=0.01, real=0.00 secs] 
2016-09-24T03:47:33.234-0400: 50.942: [GC (GCLocker Initiated GC) [PSYoungGen: 160580K->57977K(175616K)] 579506K->480310K(699904K), 0.0056765 secs] [Times: user=0.07 sys=0.00, real=0.01 secs] 
2016-09-24T03:47:33.278-0400: 50.987: [GC (GCLocker Initiated GC) [PSYoungGen: 147065K->75342K(174080K)] 569478K->502650K(698368K), 0.0064420 secs] [Times: user=0.08 sys=0.01, real=0.01 secs] 
2016-09-24T03:47:33.331-0400: 51.039: [GC (GCLocker Initiated GC) [PSYoungGen: 163406K->43163K(175104K)] 594891K->513112K(699392K), 0.0069987 secs] [Times: user=0.10 sys=0.00, real=0.01 secs] 
2016-09-24T03:47:33.388-0400: 51.096: [Full GC (Ergonomics) [PSYoungGen: 131227K->0K(175104K)] [ParOldGen: 481122K->343045K(524288K)] 612349K->343045K(699392K), [Metaspace: 43812K->43812K(1087488K)], 0.0644292 secs] [Times: user=0.63 sys=0.02, real=0.06 secs] 
2016-09-24T03:47:33.494-0400: 51.202: [GC (GCLocker Initiated GC) [PSYoungGen: 88064K->78647K(175104K)] 431236K->421820K(699392K), 0.0072037 secs] [Times: user=0.09 sys=0.00, real=0.01 secs] 
2016-09-24T03:47:33.533-0400: 51.242: [GC (GCLocker Initiated GC) [PSYoungGen: 166711K->79661K(175104K)] 509965K->437588K(699392K), 0.0065992 secs] [Times: user=0.10 sys=0.00, real=0.01 secs] 
2016-09-24T03:47:33.580-0400: 51.289: [GC (GCLocker Initiated GC) [PSYoungGen: 167725K->62345K(175104K)] 539286K->437487K(699392K), 0.0066429 secs] [Times: user=0.08 sys=0.00, real=0.01 secs] 
2016-09-24T03:47:33.632-0400: 51.341: [GC (GCLocker Initiated GC) [PSYoungGen: 150409K->57770K(175104K)] 531075K->470574K(699392K), 0.0073970 secs] [Times: user=0.11 sys=0.00, real=0.01 secs] 
2016-09-24T03:47:33.681-0400: 51.389: [GC (GCLocker Initiated GC) [PSYoungGen: 145834K->67576K(175104K)] 561465K->509487K(699392K), 0.0070009 secs] [Times: user=0.11 sys=0.01, real=0.01 secs] 
2016-09-24T03:47:33.725-0400: 51.434: [GC (GCLocker Initiated GC) [PSYoungGen: 155640K->58167K(175104K)] 600307K->528088K(699392K), 0.0073821 secs] [Times: user=0.10 sys=0.00, real=0.00 secs] 
2016-09-24T03:47:33.771-0400: 51.480: [GC (GCLocker Initiated GC) [PSYoungGen: 146231K->81015K(175104K)] 621684K->561445K(699392K), 0.0089402 secs] [Times: user=0.14 sys=0.00, real=0.01 secs] 
2016-09-24T03:47:33.780-0400: 51.489: [Full GC (Ergonomics) [PSYoungGen: 81015K->0K(175104K)] [ParOldGen: 480430K->360818K(524288K)] 561445K->360818K(699392K), [Metaspace: 43812K->43812K(1087488K)], 0.0630972 secs] [Times: user=0.67 sys=0.00, real=0.07 secs] 
2016-09-24T03:47:33.887-0400: 51.595: [GC (GCLocker Initiated GC) [PSYoungGen: 88064K->79090K(175104K)] 458343K->449369K(699392K), 0.0066419 secs] [Times: user=0.10 sys=0.00, real=0.00 secs] 
2016-09-24T03:47:33.940-0400: 51.648: [GC (GCLocker Initiated GC) [PSYoungGen: 167154K->56555K(175104K)] 555109K->452868K(699392K), 0.0055092 secs] [Times: user=0.08 sys=0.00, real=0.01 secs] 
2016-09-24T03:47:33.987-0400: 51.696: [GC (GCLocker Initiated GC) [PSYoungGen: 144619K->48550K(175104K)] 549166K->457904K(699392K), 0.0054306 secs] [Times: user=0.07 sys=0.00, real=0.00 secs] 
2016-09-24T03:47:34.029-0400: 51.738: [GC (GCLocker Initiated GC) [PSYoungGen: 136614K->80762K(175104K)] 551453K->499145K(699392K), 0.0071018 secs] [Times: user=0.09 sys=0.00, real=0.01 secs] 
2016-09-24T03:47:34.085-0400: 51.793: [GC (GCLocker Initiated GC) [PSYoungGen: 168826K->57939K(175104K)] 590014K->502762K(699392K), 0.0064795 secs] [Times: user=0.05 sys=0.01, real=0.00 secs] 
2016-09-24T03:47:34.139-0400: 51.848: [GC (GCLocker Initiated GC) [PSYoungGen: 146003K->63207K(175104K)] 591099K->517210K(699392K), 0.0115212 secs] [Times: user=0.16 sys=0.00, real=0.01 secs] 
2016-09-24T03:47:34.180-0400: 51.888: [GC (GCLocker Initiated GC) [PSYoungGen: 151271K->72816K(175104K)] 606881K->548041K(699392K), 0.0080089 secs] [Times: user=0.12 sys=0.00, real=0.01 secs] 
2016-09-24T03:47:34.227-0400: 51.936: [GC (GCLocker Initiated GC) [PSYoungGen: 160880K->73015K(175104K)] 641698K->576212K(699392K), 0.0076056 secs] [Times: user=0.11 sys=0.00, real=0.01 secs] 
2016-09-24T03:47:34.235-0400: 51.944: [Full GC (Ergonomics) [PSYoungGen: 73015K->0K(175104K)] [ParOldGen: 503196K->363055K(524288K)] 576212K->363055K(699392K), [Metaspace: 43812K->43812K(1087488K)], 0.0592354 secs] [Times: user=0.44 sys=0.01, real=0.06 secs] 
2016-09-24T03:47:34.339-0400: 52.048: [GC (GCLocker Initiated GC) [PSYoungGen: 88064K->65133K(175104K)] 451175K->428244K(699392K), 0.0054877 secs] [Times: user=0.08 sys=0.00, real=0.01 secs] 
2016-09-24T03:47:34.382-0400: 52.091: [GC (GCLocker Initiated GC) [PSYoungGen: 153197K->58165K(175104K)] 519216K->436179K(699392K), 0.0102787 secs] [Times: user=0.14 sys=0.00, real=0.00 secs] 
2016-09-24T03:47:34.432-0400: 52.141: [GC (GCLocker Initiated GC) [PSYoungGen: 146229K->68831K(175104K)] 529819K->472506K(699392K), 0.0077791 secs] [Times: user=0.13 sys=0.00, real=0.01 secs] 
2016-09-24T03:47:34.482-0400: 52.191: [GC (GCLocker Initiated GC) [PSYoungGen: 156895K->52410K(175104K)] 574161K->486695K(699392K), 0.0069105 secs] [Times: user=0.07 sys=0.00, real=0.01 secs] 
2016-09-24T03:47:34.540-0400: 52.249: [GC (GCLocker Initiated GC) [PSYoungGen: 140474K->60675K(175104K)] 601986K->524279K(699392K), 0.0061726 secs] [Times: user=0.09 sys=0.00, real=0.01 secs] 
2016-09-24T03:47:34.595-0400: 52.303: [GC (GCLocker Initiated GC) [PSYoungGen: 148739K->65904K(171008K)] 612563K->539965K(695296K), 0.0076018 secs] [Times: user=0.07 sys=0.01, real=0.01 secs] 
2016-09-24T03:47:34.636-0400: 52.345: [GC (GCLocker Initiated GC) [PSYoungGen: 153968K->64844K(173056K)] 628148K->550452K(697344K), 0.0069731 secs] [Times: user=0.08 sys=0.00, real=0.01 secs] 
2016-09-24T03:47:34.689-0400: 52.397: [GC (GCLocker Initiated GC) --[PSYoungGen: 152908K->152908K(173056K)] 638707K->676152K(697344K), 0.0107263 secs] [Times: user=0.09 sys=0.01, real=0.01 secs] 
2016-09-24T03:47:34.700-0400: 52.408: [Full GC (Ergonomics) [PSYoungGen: 152908K->0K(173056K)] [ParOldGen: 523243K->356848K(524288K)] 676152K->356848K(697344K), [Metaspace: 43812K->43812K(1087488K)], 0.0662989 secs] [Times: user=0.67 sys=0.00, real=0.07 secs] 
2016-09-24T03:47:34.812-0400: 52.520: [GC (GCLocker Initiated GC) [PSYoungGen: 88064K->53221K(176640K)] 457240K->422397K(700928K), 0.0052112 secs] [Times: user=0.07 sys=0.00, real=0.01 secs] 
2016-09-24T03:47:34.851-0400: 52.560: [GC (GCLocker Initiated GC) [PSYoungGen: 146917K->80991K(175104K)] 516247K->457146K(699392K), 0.0064593 secs] [Times: user=0.09 sys=0.00, real=0.01 secs] 
2016-09-24T03:47:34.889-0400: 52.598: [GC (GCLocker Initiated GC) [PSYoungGen: 174687K->74061K(175104K)] 556464K->459302K(699392K), 0.0095568 secs] [Times: user=0.08 sys=0.00, real=0.01 secs] 
2016-09-24T03:47:34.951-0400: 52.659: [GC (Allocation Failure) [PSYoungGen: 162125K->72846K(175104K)] 556968K->477948K(699392K), 0.0066051 secs] [Times: user=0.08 sys=0.00, real=0.01 secs] 
2016-09-24T03:47:34.959-0400: 52.668: [GC (GCLocker Initiated GC) [PSYoungGen: 76408K->2956K(175104K)] 481510K->473810K(699392K), 0.0052806 secs] [Times: user=0.07 sys=0.00, real=0.01 secs] 
2016-09-24T03:47:35.013-0400: 52.722: [GC (GCLocker Initiated GC) [PSYoungGen: 90859K->56523K(175104K)] 563063K->531468K(699392K), 0.0061335 secs] [Times: user=0.06 sys=0.00, real=0.01 secs] 
2016-09-24T03:47:35.049-0400: 52.757: [GC (GCLocker Initiated GC) [PSYoungGen: 144587K->75833K(175104K)] 622303K->571849K(699392K), 0.0071561 secs] [Times: user=0.11 sys=0.00, real=0.01 secs] 
2016-09-24T03:47:35.056-0400: 52.765: [Full GC (Ergonomics) [PSYoungGen: 75833K->0K(175104K)] [ParOldGen: 496015K->365994K(524288K)] 571849K->365994K(699392K), [Metaspace: 43816K->43816K(1087488K)], 0.0511437 secs] [Times: user=0.47 sys=0.01, real=0.05 secs] 
2016-09-24T03:47:35.155-0400: 52.863: [GC (GCLocker Initiated GC) [PSYoungGen: 88064K->86939K(175104K)] 456883K->455759K(699392K), 0.0066218 secs] [Times: user=0.09 sys=0.00, real=0.00 secs] 
2016-09-24T03:47:35.205-0400: 52.914: [GC (GCLocker Initiated GC) [PSYoungGen: 175003K->55108K(175104K)] 545186K->450968K(699392K), 0.0064364 secs] [Times: user=0.09 sys=0.00, real=0.00 secs] 
2016-09-24T03:47:35.245-0400: 52.953: [GC (GCLocker Initiated GC) [PSYoungGen: 143172K->74233K(175104K)] 544535K->493823K(699392K), 0.0067996 secs] [Times: user=0.10 sys=0.00, real=0.00 secs] 
2016-09-24T03:47:35.290-0400: 52.999: [GC (GCLocker Initiated GC) [PSYoungGen: 162297K->83780K(175104K)] 584669K->511011K(699392K), 0.0063387 secs] [Times: user=0.09 sys=0.00, real=0.01 secs] 
2016-09-24T03:47:35.336-0400: 53.044: [GC (GCLocker Initiated GC) [PSYoungGen: 171844K->67541K(175104K)] 604649K->536294K(699392K), 0.0070689 secs] [Times: user=0.11 sys=0.00, real=0.01 secs] 
2016-09-24T03:47:35.383-0400: 53.091: [GC (GCLocker Initiated GC) [PSYoungGen: 155605K->59341K(175104K)] 627132K->557418K(699392K), 0.0062365 secs] [Times: user=0.09 sys=0.00, real=0.00 secs] 
2016-09-24T03:47:35.389-0400: 53.098: [Full GC (Ergonomics) [PSYoungGen: 59341K->0K(175104K)] [ParOldGen: 498076K->366899K(524288K)] 557418K->366899K(699392K), [Metaspace: 43816K->43816K(1087488K)], 0.0507491 secs] [Times: user=0.48 sys=0.00, real=0.05 secs] 
2016-09-24T03:47:35.485-0400: 53.194: [GC (GCLocker Initiated GC) [PSYoungGen: 88064K->51770K(175104K)] 458267K->421973K(699392K), 0.0072065 secs] [Times: user=0.07 sys=0.00, real=0.00 secs] 
2016-09-24T03:47:35.521-0400: 53.230: [GC (GCLocker Initiated GC) [PSYoungGen: 139834K->73923K(175104K)] 510113K->465932K(699392K), 0.0068800 secs] [Times: user=0.10 sys=0.00, real=0.01 secs] 
2016-09-24T03:47:35.575-0400: 53.284: [GC (GCLocker Initiated GC) [PSYoungGen: 161987K->71566K(175104K)] 567538K->481669K(699392K), 0.0064619 secs] [Times: user=0.10 sys=0.00, real=0.00 secs] 
2016-09-24T03:47:35.633-0400: 53.342: [GC (GCLocker Initiated GC) [PSYoungGen: 159630K->57915K(175104K)] 579273K->487830K(699392K), 0.0055556 secs] [Times: user=0.08 sys=0.01, real=0.01 secs] 
2016-09-24T03:47:35.673-0400: 53.382: [GC (GCLocker Initiated GC) [PSYoungGen: 145979K->63301K(175104K)] 578820K->509019K(699392K), 0.0080186 secs] [Times: user=0.08 sys=0.00, real=0.01 secs] 
2016-09-24T03:47:35.727-0400: 53.436: [GC (GCLocker Initiated GC) [PSYoungGen: 151365K->60534K(175104K)] 599868K->530076K(699392K), 0.0070705 secs] [Times: user=0.13 sys=0.00, real=0.01 secs] 
2016-09-24T03:47:35.780-0400: 53.489: [GC (GCLocker Initiated GC) [PSYoungGen: 148598K->52446K(175104K)] 618271K->543116K(699392K), 0.0085868 secs] [Times: user=0.13 sys=0.01, real=0.01 secs] 
2016-09-24T03:47:35.789-0400: 53.498: [Full GC (Ergonomics) [PSYoungGen: 52446K->0K(175104K)] [ParOldGen: 490669K->368094K(524288K)] 543116K->368094K(699392K), [Metaspace: 43817K->43817K(1087488K)], 0.0512155 secs] [Times: user=0.52 sys=0.01, real=0.05 secs] 
2016-09-24T03:47:35.871-0400: 53.580: [GC (GCLocker Initiated GC) [PSYoungGen: 88064K->86805K(175104K)] 456196K->454938K(699392K), 0.0067678 secs] [Times: user=0.10 sys=0.01, real=0.01 secs] 
2016-09-24T03:47:35.916-0400: 53.625: [GC (GCLocker Initiated GC) [PSYoungGen: 174869K->70151K(175104K)] 544514K->450513K(699392K), 0.0069904 secs] [Times: user=0.11 sys=0.00, real=0.01 secs] 
2016-09-24T03:47:35.967-0400: 53.676: [GC (GCLocker Initiated GC) [PSYoungGen: 158215K->51240K(175104K)] 544059K->460820K(699392K), 0.0064974 secs] [Times: user=0.08 sys=0.00, real=0.00 secs] 
2016-09-24T03:47:36.011-0400: 53.720: [GC (GCLocker Initiated GC) [PSYoungGen: 139304K->78369K(175104K)] 553216K->502527K(699392K), 0.0073707 secs] [Times: user=0.10 sys=0.00, real=0.01 secs] 
2016-09-24T03:47:36.056-0400: 53.764: [GC (GCLocker Initiated GC) [PSYoungGen: 166433K->63409K(175104K)] 593330K->506092K(699392K), 0.0072518 secs] [Times: user=0.10 sys=0.01, real=0.01 secs] 
2016-09-24T03:47:36.110-0400: 53.819: [GC (GCLocker Initiated GC) [PSYoungGen: 151473K->60532K(175104K)] 598237K->513517K(699392K), 0.0068925 secs] [Times: user=0.10 sys=0.00, real=0.01 secs] 
2016-09-24T03:47:36.152-0400: 53.861: [GC (GCLocker Initiated GC) [PSYoungGen: 148596K->66023K(175104K)] 601714K->523898K(699392K), 0.0062997 secs] [Times: user=0.08 sys=0.00, real=0.01 secs] 
2016-09-24T03:47:36.204-0400: 53.913: [GC (GCLocker Initiated GC) [PSYoungGen: 154087K->70139K(175104K)] 620201K->559850K(699392K), 0.0071546 secs] [Times: user=0.10 sys=0.01, real=0.00 secs] 
2016-09-24T03:47:36.211-0400: 53.920: [Full GC (Ergonomics) [PSYoungGen: 70139K->0K(175104K)] [ParOldGen: 489711K->380300K(524288K)] 559850K->380300K(699392K), [Metaspace: 43817K->43817K(1087488K)], 0.0646229 secs] [Times: user=0.56 sys=0.01, real=0.07 secs] 
2016-09-24T03:47:36.323-0400: 54.032: [GC (GCLocker Initiated GC) [PSYoungGen: 88064K->81204K(175104K)] 471668K->464808K(699392K), 0.0103968 secs] [Times: user=0.13 sys=0.01, real=0.00 secs] 
2016-09-24T03:47:36.374-0400: 54.083: [GC (GCLocker Initiated GC) [PSYoungGen: 169268K->45645K(175104K)] 557119K->444041K(699392K), 0.0066234 secs] [Times: user=0.06 sys=0.01, real=0.00 secs] 
2016-09-24T03:47:36.418-0400: 54.126: [GC (GCLocker Initiated GC) [PSYoungGen: 133709K->61849K(175104K)] 532342K->482809K(699392K), 0.0063540 secs] [Times: user=0.08 sys=0.00, real=0.01 secs] 
2016-09-24T03:47:36.460-0400: 54.168: [GC (GCLocker Initiated GC) [PSYoungGen: 149913K->66242K(175104K)] 572342K->497329K(699392K), 0.0089147 secs] [Times: user=0.10 sys=0.00, real=0.01 secs] 
2016-09-24T03:47:36.511-0400: 54.220: [GC (GCLocker Initiated GC) [PSYoungGen: 154306K->39960K(175104K)] 588906K->510671K(699392K), 0.0076670 secs] [Times: user=0.08 sys=0.00, real=0.01 secs] 
2016-09-24T03:47:36.555-0400: 54.263: [GC (GCLocker Initiated GC) [PSYoungGen: 128024K->53837K(175104K)] 601573K->554965K(699392K), 0.0082733 secs] [Times: user=0.11 sys=0.00, real=0.01 secs] 
2016-09-24T03:47:36.563-0400: 54.272: [Full GC (Ergonomics) [PSYoungGen: 53837K->0K(175104K)] [ParOldGen: 501128K->386210K(524288K)] 554965K->386210K(699392K), [Metaspace: 43817K->43817K(1087488K)], 0.0571085 secs] [Times: user=0.48 sys=0.00, real=0.05 secs] 
2016-09-24T03:47:36.664-0400: 54.373: [GC (GCLocker Initiated GC) [PSYoungGen: 88064K->59440K(175104K)] 477093K->448469K(699392K), 0.0075940 secs] [Times: user=0.09 sys=0.00, real=0.00 secs] 
2016-09-24T03:47:36.709-0400: 54.418: [GC (GCLocker Initiated GC) [PSYoungGen: 147504K->79840K(175104K)] 546126K->483510K(699392K), 0.0101741 secs] [Times: user=0.14 sys=0.02, real=0.01 secs] 
2016-09-24T03:47:36.764-0400: 54.472: [GC (GCLocker Initiated GC) [PSYoungGen: 167904K->44394K(175104K)] 578540K->462745K(699392K), 0.0118022 secs] [Times: user=0.13 sys=0.00, real=0.01 secs] 
2016-09-24T03:47:36.814-0400: 54.522: [GC (GCLocker Initiated GC) [PSYoungGen: 132458K->66011K(175104K)] 553609K->498878K(699392K), 0.0070770 secs] [Times: user=0.09 sys=0.00, real=0.01 secs] 
2016-09-24T03:47:36.861-0400: 54.570: [GC (GCLocker Initiated GC) [PSYoungGen: 154075K->60763K(175104K)] 591144K->530957K(699392K), 0.0069833 secs] [Times: user=0.09 sys=0.01, real=0.01 secs] 
2016-09-24T03:47:36.905-0400: 54.613: [GC (GCLocker Initiated GC) [PSYoungGen: 148827K->80962K(175104K)] 621826K->562969K(699392K), 0.0071761 secs] [Times: user=0.10 sys=0.00, real=0.00 secs] 
2016-09-24T03:47:36.949-0400: 54.658: [Full GC (Ergonomics) [PSYoungGen: 169026K->0K(175104K)] [ParOldGen: 484948K->387555K(524288K)] 653975K->387555K(699392K), [Metaspace: 43817K->43817K(1087488K)], 0.0627664 secs] [Times: user=0.64 sys=0.00, real=0.06 secs] 
2016-09-24T03:47:37.056-0400: 54.765: [GC (GCLocker Initiated GC) [PSYoungGen: 88064K->70540K(175104K)] 475713K->458189K(699392K), 0.0055820 secs] [Times: user=0.07 sys=0.00, real=0.00 secs] 
2016-09-24T03:47:37.095-0400: 54.804: [GC (GCLocker Initiated GC) [PSYoungGen: 158604K->62181K(175104K)] 549034K->480828K(699392K), 0.0101131 secs] [Times: user=0.14 sys=0.00, real=0.01 secs] 
2016-09-24T03:47:37.145-0400: 54.853: [GC (GCLocker Initiated GC) [PSYoungGen: 150245K->60763K(175104K)] 574448K->504839K(699392K), 0.0068396 secs] [Times: user=0.11 sys=0.00, real=0.00 secs] 
2016-09-24T03:47:37.193-0400: 54.901: [GC (GCLocker Initiated GC) [PSYoungGen: 148827K->66193K(154624K)] 603824K->526068K(678912K), 0.0069648 secs] [Times: user=0.09 sys=0.00, real=0.01 secs] 
2016-09-24T03:47:37.243-0400: 54.951: [GC (Allocation Failure) [PSYoungGen: 154257K->53873K(175104K)] 624986K->539067K(699392K), 0.0067188 secs] [Times: user=0.07 sys=0.00, real=0.00 secs] 
2016-09-24T03:47:37.286-0400: 54.995: [Full GC (Ergonomics) [PSYoungGen: 142447K->0K(175104K)] [ParOldGen: 485283K->391058K(524288K)] 627731K->391058K(699392K), [Metaspace: 43818K->43818K(1087488K)], 0.0622491 secs] [Times: user=0.65 sys=0.00, real=0.06 secs] 
2016-09-24T03:47:37.390-0400: 55.098: [GC (GCLocker Initiated GC) [PSYoungGen: 88576K->79827K(174592K)] 485119K->476370K(698880K), 0.0077702 secs] [Times: user=0.11 sys=0.00, real=0.01 secs] 
2016-09-24T03:47:37.435-0400: 55.144: [GC (GCLocker Initiated GC) [PSYoungGen: 168403K->63603K(175104K)] 567835K->499253K(699392K), 0.0071663 secs] [Times: user=0.10 sys=0.01, real=0.01 secs] 
2016-09-24T03:47:37.486-0400: 55.195: [GC (GCLocker Initiated GC) [PSYoungGen: 151667K->64911K(153088K)] 590076K->525963K(677376K), 0.0070379 secs] [Times: user=0.11 sys=0.00, real=0.00 secs] 
2016-09-24T03:47:37.533-0400: 55.242: [GC (GCLocker Initiated GC) [PSYoungGen: 152975K->50961K(173568K)] 622242K->520228K(697856K), 0.0063171 secs] [Times: user=0.05 sys=0.00, real=0.01 secs] 
2016-09-24T03:47:37.583-0400: 55.292: [GC (GCLocker Initiated GC) [PSYoungGen: 139025K->71927K(173568K)] 617806K->550707K(697856K), 0.0069632 secs] [Times: user=0.10 sys=0.00, real=0.00 secs] 
2016-09-24T03:47:37.635-0400: 55.343: [GC (GCLocker Initiated GC) [PSYoungGen: 159991K->75357K(174592K)] 638855K->554221K(698880K), 0.0073367 secs] [Times: user=0.08 sys=0.00, real=0.01 secs] 
2016-09-24T03:47:37.688-0400: 55.396: [Full GC (Ergonomics) [PSYoungGen: 163421K->0K(174592K)] [ParOldGen: 481735K->365957K(524288K)] 645157K->365957K(698880K), [Metaspace: 43818K->43818K(1087488K)], 0.0706088 secs] [Times: user=0.74 sys=0.00, real=0.07 secs] 
2016-09-24T03:47:37.801-0400: 55.510: [GC (GCLocker Initiated GC) [PSYoungGen: 88064K->71736K(175104K)] 456777K->440449K(699392K), 0.0066725 secs] [Times: user=0.10 sys=0.00, real=0.01 secs] 
2016-09-24T03:47:37.850-0400: 55.558: [GC (GCLocker Initiated GC) [PSYoungGen: 159800K->84714K(175104K)] 530054K->454968K(699392K), 0.0069379 secs] [Times: user=0.10 sys=0.00, real=0.01 secs] 
2016-09-24T03:47:37.896-0400: 55.605: [GC (GCLocker Initiated GC) [PSYoungGen: 172778K->59321K(175104K)] 548542K->466670K(699392K), 0.0074675 secs] [Times: user=0.11 sys=0.00, real=0.01 secs] 
2016-09-24T03:47:37.946-0400: 55.655: [GC (Allocation Failure) [PSYoungGen: 147385K->60906K(175104K)] 557447K->497353K(699392K), 0.0069049 secs] [Times: user=0.10 sys=0.00, real=0.00 secs] 
2016-09-24T03:47:37.990-0400: 55.698: [GC (GCLocker Initiated GC) [PSYoungGen: 147102K->56483K(175104K)] 586249K->502039K(699392K), 0.0096900 secs] [Times: user=0.11 sys=0.00, real=0.01 secs] 
2016-09-24T03:47:38.038-0400: 55.747: [GC (GCLocker Initiated GC) [PSYoungGen: 144547K->63255K(175104K)] 590197K->521724K(699392K), 0.0066101 secs] [Times: user=0.08 sys=0.00, real=0.01 secs] 
2016-09-24T03:47:38.080-0400: 55.789: [GC (GCLocker Initiated GC) [PSYoungGen: 151319K->77008K(175104K)] 612603K->547063K(699392K), 0.0078561 secs] [Times: user=0.09 sys=0.00, real=0.01 secs] 
2016-09-24T03:47:38.135-0400: 55.843: [GC (GCLocker Initiated GC) [PSYoungGen: 165072K->56725K(175104K)] 635299K->556230K(699392K), 0.0079849 secs] [Times: user=0.09 sys=0.00, real=0.01 secs] 
2016-09-24T03:47:38.143-0400: 55.851: [Full GC (Ergonomics) [PSYoungGen: 56725K->0K(175104K)] [ParOldGen: 499504K->363036K(524288K)] 556230K->363036K(699392K), [Metaspace: 43818K->43818K(1087488K)], 0.0569360 secs] [Times: user=0.37 sys=0.00, real=0.05 secs] 
2016-09-24T03:47:38.238-0400: 55.946: [GC (GCLocker Initiated GC) [PSYoungGen: 88064K->73222K(175104K)] 453819K->438977K(699392K), 0.0075351 secs] [Times: user=0.07 sys=0.00, real=0.01 secs] 
2016-09-24T03:47:38.283-0400: 55.992: [GC (GCLocker Initiated GC) [PSYoungGen: 161286K->51243K(175104K)] 532569K->433164K(699392K), 0.0070017 secs] [Times: user=0.06 sys=0.00, real=0.00 secs] 
2016-09-24T03:47:38.334-0400: 56.042: [GC (GCLocker Initiated GC) [PSYoungGen: 139307K->49894K(175104K)] 523983K->448974K(699392K), 0.0072062 secs] [Times: user=0.08 sys=0.00, real=0.01 secs] 
2016-09-24T03:47:38.382-0400: 56.091: [GC (GCLocker Initiated GC) [PSYoungGen: 137958K->43032K(175104K)] 537119K->466121K(699392K), 0.0120550 secs] [Times: user=0.15 sys=0.00, real=0.01 secs] 
2016-09-24T03:47:38.437-0400: 56.145: [GC (GCLocker Initiated GC) [PSYoungGen: 131096K->47388K(175104K)] 561187K->502676K(699392K), 0.0070678 secs] [Times: user=0.09 sys=0.00, real=0.01 secs] 
2016-09-24T03:47:38.484-0400: 56.193: [GC (GCLocker Initiated GC) [PSYoungGen: 135452K->41543K(175104K)] 596614K->518555K(699392K), 0.0079398 secs] [Times: user=0.07 sys=0.00, real=0.00 secs] 
2016-09-24T03:47:38.542-0400: 56.251: [GC (GCLocker Initiated GC) [PSYoungGen: 129607K->52252K(175104K)] 612176K->549148K(699392K), 0.0079026 secs] [Times: user=0.09 sys=0.01, real=0.00 secs] 
2016-09-24T03:47:38.550-0400: 56.259: [Full GC (Ergonomics) [PSYoungGen: 52252K->0K(175104K)] [ParOldGen: 496896K->370175K(524288K)] 549148K->370175K(699392K), [Metaspace: 43818K->43818K(1087488K)], 0.0563347 secs] [Times: user=0.46 sys=0.00, real=0.06 secs] 
2016-09-24T03:47:38.645-0400: 56.354: [GC (GCLocker Initiated GC) [PSYoungGen: 88064K->62451K(175104K)] 465022K->439410K(699392K), 0.0098100 secs] [Times: user=0.10 sys=0.00, real=0.01 secs] 
2016-09-24T03:47:38.696-0400: 56.404: [GC (GCLocker Initiated GC) [PSYoungGen: 150515K->71676K(175104K)] 533096K->465033K(699392K), 0.0107664 secs] [Times: user=0.14 sys=0.00, real=0.01 secs] 
2016-09-24T03:47:38.760-0400: 56.469: [GC (GCLocker Initiated GC) [PSYoungGen: 159740K->48535K(175104K)] 556233K->451328K(699392K), 0.0060662 secs] [Times: user=0.06 sys=0.00, real=0.01 secs] 
2016-09-24T03:47:38.800-0400: 56.509: [GC (GCLocker Initiated GC) [PSYoungGen: 136599K->47233K(175104K)] 542223K->476700K(699392K), 0.0110940 secs] [Times: user=0.13 sys=0.01, real=0.01 secs] 
2016-09-24T03:47:38.853-0400: 56.561: [GC (GCLocker Initiated GC) [PSYoungGen: 135297K->71681K(175104K)] 573105K->525375K(699392K), 0.0238255 secs] [Times: user=0.31 sys=0.00, real=0.03 secs] 
2016-09-24T03:47:38.916-0400: 56.625: [GC (GCLocker Initiated GC) [PSYoungGen: 159745K->80893K(175104K)] 616299K->543944K(699392K), 0.0277618 secs] [Times: user=0.36 sys=0.00, real=0.03 secs] 
2016-09-24T03:47:38.991-0400: 56.699: [GC (GCLocker Initiated GC) [PSYoungGen: 168957K->30736K(175104K)] 634776K->521558K(699392K), 0.0115614 secs] [Times: user=0.08 sys=0.00, real=0.02 secs] 
2016-09-24T03:47:39.002-0400: 56.711: [Full GC (Ergonomics) [PSYoungGen: 30736K->0K(175104K)] [ParOldGen: 490822K->337537K(524288K)] 521558K->337537K(699392K), [Metaspace: 43818K->43818K(1087488K)], 0.0915043 secs] [Times: user=0.91 sys=0.00, real=0.08 secs] 
2016-09-24T03:47:39.131-0400: 56.839: [GC (GCLocker Initiated GC) [PSYoungGen: 88064K->84594K(175104K)] 428436K->433066K(699392K), 0.0130738 secs] [Times: user=0.15 sys=0.00, real=0.02 secs] 
2016-09-24T03:47:39.194-0400: 56.903: [GC (GCLocker Initiated GC) [PSYoungGen: 172658K->28385K(175104K)] 527027K->410228K(699392K), 0.0082595 secs] [Times: user=0.09 sys=0.00, real=0.01 secs] 
2016-09-24T03:47:39.244-0400: 56.952: [GC (GCLocker Initiated GC) [PSYoungGen: 116449K->79612K(175104K)] 501150K->480228K(699392K), 0.0086738 secs] [Times: user=0.09 sys=0.00, real=0.00 secs] 
2016-09-24T03:47:39.294-0400: 57.002: [GC (GCLocker Initiated GC) [PSYoungGen: 167676K->71575K(175104K)] 571085K->501418K(699392K), 0.0095510 secs] [Times: user=0.09 sys=0.00, real=0.02 secs] 
2016-09-24T03:47:39.348-0400: 57.056: [GC (GCLocker Initiated GC) [PSYoungGen: 159639K->59446K(175104K)] 590069K->500240K(699392K), 0.0066045 secs] [Times: user=0.07 sys=0.00, real=0.01 secs] 
2016-09-24T03:47:39.392-0400: 57.100: [GC (GCLocker Initiated GC) [PSYoungGen: 147510K->46101K(175104K)] 599328K->516505K(699392K), 0.0075290 secs] [Times: user=0.08 sys=0.00, real=0.01 secs] 
2016-09-24T03:47:39.445-0400: 57.154: [GC (GCLocker Initiated GC) [PSYoungGen: 134165K->55275K(175104K)] 616883K->543258K(699392K), 0.0080270 secs] [Times: user=0.08 sys=0.00, real=0.00 secs] 
2016-09-24T03:47:39.494-0400: 57.203: [GC (GCLocker Initiated GC) [PSYoungGen: 143339K->61904K(175104K)] 631722K->555202K(699392K), 0.0061909 secs] [Times: user=0.08 sys=0.00, real=0.01 secs] 
2016-09-24T03:47:39.500-0400: 57.209: [Full GC (Ergonomics) [PSYoungGen: 61904K->0K(175104K)] [ParOldGen: 493298K->338074K(524288K)] 555202K->338074K(699392K), [Metaspace: 43827K->43827K(1087488K)], 0.0530062 secs] [Times: user=0.47 sys=0.00, real=0.05 secs] 
2016-09-24T03:47:39.593-0400: 57.302: [GC (GCLocker Initiated GC) [PSYoungGen: 88064K->84670K(175104K)] 426256K->422863K(699392K), 0.0078795 secs] [Times: user=0.08 sys=0.01, real=0.01 secs] 
2016-09-24T03:47:39.647-0400: 57.356: [GC (GCLocker Initiated GC) [PSYoungGen: 172734K->56815K(175104K)] 519173K->441592K(699392K), 0.0072732 secs] [Times: user=0.11 sys=0.00, real=0.01 secs] 
2016-09-24T03:47:39.694-0400: 57.402: [GC (GCLocker Initiated GC) [PSYoungGen: 144879K->63532K(175104K)] 533811K->462875K(699392K), 0.0110352 secs] [Times: user=0.15 sys=0.00, real=0.02 secs] 
2016-09-24T03:47:39.747-0400: 57.456: [GC (GCLocker Initiated GC) [PSYoungGen: 151596K->59475K(175104K)] 557815K->505821K(699392K), 0.0090553 secs] [Times: user=0.13 sys=0.00, real=0.01 secs] 
2016-09-24T03:47:39.806-0400: 57.515: [GC (GCLocker Initiated GC) [PSYoungGen: 147539K->51384K(175104K)] 604733K->513436K(699392K), 0.0072403 secs] [Times: user=0.09 sys=0.00, real=0.00 secs] 
2016-09-24T03:47:39.859-0400: 57.568: [GC (GCLocker Initiated GC) [PSYoungGen: 139448K->63426K(175104K)] 611017K->556406K(699392K), 0.0060995 secs] [Times: user=0.09 sys=0.00, real=0.01 secs] 
2016-09-24T03:47:39.866-0400: 57.574: [Full GC (Ergonomics) [PSYoungGen: 63426K->0K(175104K)] [ParOldGen: 492980K->353509K(524288K)] 556406K->353509K(699392K), [Metaspace: 43827K->43827K(1087488K)], 0.0570324 secs] [Times: user=0.51 sys=0.00, real=0.06 secs] 
2016-09-24T03:47:39.957-0400: 57.666: [GC (GCLocker Initiated GC) [PSYoungGen: 88064K->76629K(175104K)] 444364K->432929K(699392K), 0.0082792 secs] [Times: user=0.09 sys=0.01, real=0.01 secs] 
2016-09-24T03:47:40.010-0400: 57.719: [GC (GCLocker Initiated GC) [PSYoungGen: 164693K->64825K(175104K)] 526578K->459603K(699392K), 0.0074271 secs] [Times: user=0.09 sys=0.00, real=0.01 secs] 
2016-09-24T03:47:40.062-0400: 57.771: [GC (GCLocker Initiated GC) [PSYoungGen: 152889K->66361K(175104K)] 555784K->510651K(699392K), 0.0134330 secs] [Times: user=0.17 sys=0.00, real=0.02 secs] 
2016-09-24T03:47:40.127-0400: 57.835: [GC (GCLocker Initiated GC) [PSYoungGen: 154425K->56616K(175104K)] 605637K->522457K(699392K), 0.0064575 secs] [Times: user=0.06 sys=0.01, real=0.00 secs] 
2016-09-24T03:47:40.175-0400: 57.884: [GC (GCLocker Initiated GC) [PSYoungGen: 144680K->56870K(145408K)] 613358K->548030K(669696K), 0.0075829 secs] [Times: user=0.09 sys=0.01, real=0.01 secs] 
2016-09-24T03:47:40.183-0400: 57.892: [Full GC (Ergonomics) [PSYoungGen: 56870K->0K(145408K)] [ParOldGen: 491160K->357286K(524288K)] 548030K->357286K(669696K), [Metaspace: 43827K->43827K(1087488K)], 0.0550655 secs] [Times: user=0.44 sys=0.01, real=0.05 secs] 
2016-09-24T03:47:40.280-0400: 57.989: [GC (GCLocker Initiated GC) [PSYoungGen: 88064K->79647K(172032K)] 454941K->446525K(696320K), 0.0067885 secs] [Times: user=0.08 sys=0.01, real=0.01 secs] 
2016-09-24T03:47:40.339-0400: 58.047: [GC (GCLocker Initiated GC) [PSYoungGen: 166175K->59398K(173568K)] 539940K->448931K(697856K), 0.0074148 secs] [Times: user=0.10 sys=0.01, real=0.01 secs] 
2016-09-24T03:47:40.397-0400: 58.106: [GC (GCLocker Initiated GC) [PSYoungGen: 145926K->52878K(175104K)] 539583K->471704K(699392K), 0.0066685 secs] [Times: user=0.10 sys=0.00, real=0.01 secs] 
2016-09-24T03:47:40.437-0400: 58.145: [GC (GCLocker Initiated GC) [PSYoungGen: 140942K->86254K(175104K)] 559936K->513347K(699392K), 0.0086233 secs] [Times: user=0.10 sys=0.00, real=0.01 secs] 
2016-09-24T03:47:40.489-0400: 58.198: [GC (GCLocker Initiated GC) [PSYoungGen: 174318K->61973K(175104K)] 601904K->506334K(699392K), 0.0068150 secs] [Times: user=0.07 sys=0.00, real=0.01 secs] 
2016-09-24T03:47:40.536-0400: 58.245: [GC (GCLocker Initiated GC) [PSYoungGen: 150037K->64805K(175104K)] 594546K->531733K(699392K), 0.0132300 secs] [Times: user=0.14 sys=0.00, real=0.01 secs] 
2016-09-24T03:47:40.593-0400: 58.302: [GC (GCLocker Initiated GC) [PSYoungGen: 152869K->50424K(175104K)] 622612K->544119K(699392K), 0.0059916 secs] [Times: user=0.08 sys=0.00, real=0.01 secs] 
2016-09-24T03:47:40.600-0400: 58.308: [Full GC (Ergonomics) [PSYoungGen: 50424K->0K(175104K)] [ParOldGen: 493695K->357266K(524288K)] 544119K->357266K(699392K), [Metaspace: 43831K->43831K(1087488K)], 0.0566409 secs] [Times: user=0.53 sys=0.00, real=0.06 secs] 
2016-09-24T03:47:40.701-0400: 58.410: [GC (GCLocker Initiated GC) [PSYoungGen: 88064K->54490K(175104K)] 448111K->414537K(699392K), 0.0073436 secs] [Times: user=0.05 sys=0.00, real=0.01 secs] 
2016-09-24T03:47:40.742-0400: 58.451: [GC (GCLocker Initiated GC) [PSYoungGen: 142554K->57236K(173056K)] 502635K->439176K(697344K), 0.0082362 secs] [Times: user=0.10 sys=0.00, real=0.00 secs] 
2016-09-24T03:47:40.801-0400: 58.509: [GC (GCLocker Initiated GC) [PSYoungGen: 145300K->34937K(174080K)] 527891K->426982K(698368K), 0.0080630 secs] [Times: user=0.09 sys=0.00, real=0.01 secs] 
2016-09-24T03:47:40.850-0400: 58.559: [GC (GCLocker Initiated GC) [PSYoungGen: 123001K->62274K(175616K)] 520518K->470308K(699904K), 0.0062035 secs] [Times: user=0.08 sys=0.00, real=0.01 secs] 
2016-09-24T03:47:40.893-0400: 58.601: [GC (GCLocker Initiated GC) [PSYoungGen: 150850K->77298K(175104K)] 561737K->490619K(699392K), 0.0068109 secs] [Times: user=0.09 sys=0.00, real=0.01 secs] 
2016-09-24T03:47:40.945-0400: 58.654: [GC (GCLocker Initiated GC) [PSYoungGen: 165874K->44182K(175104K)] 581954K->489826K(699392K), 0.0060530 secs] [Times: user=0.08 sys=0.01, real=0.00 secs] 
2016-09-24T03:47:40.986-0400: 58.694: [GC (GCLocker Initiated GC) [PSYoungGen: 132246K->80272K(175104K)] 578007K->533390K(699392K), 0.0072012 secs] [Times: user=0.11 sys=0.00, real=0.00 secs] 
2016-09-24T03:47:41.039-0400: 58.748: [GC (GCLocker Initiated GC) [PSYoungGen: 168336K->75618K(175104K)] 624405K->550673K(699392K), 0.0074559 secs] [Times: user=0.11 sys=0.00, real=0.01 secs] 
2016-09-24T03:47:41.091-0400: 58.799: [GC (GCLocker Initiated GC) [PSYoungGen: 163682K->43317K(175104K)] 646973K->549103K(699392K), 0.0067330 secs] [Times: user=0.10 sys=0.00, real=0.01 secs] 
2016-09-24T03:47:41.098-0400: 58.806: [Full GC (Ergonomics) [PSYoungGen: 43317K->0K(175104K)] [ParOldGen: 505786K->322022K(524288K)] 549103K->322022K(699392K), [Metaspace: 43831K->43831K(1087488K)], 0.0633867 secs] [Times: user=0.70 sys=0.00, real=0.06 secs] 
2016-09-24T03:47:41.200-0400: 58.909: [GC (GCLocker Initiated GC) [PSYoungGen: 88064K->57305K(175104K)] 417145K->386387K(699392K), 0.0101460 secs] [Times: user=0.09 sys=0.00, real=0.01 secs] 
2016-09-24T03:47:41.250-0400: 58.959: [GC (GCLocker Initiated GC) [PSYoungGen: 145369K->35263K(175104K)] 479924K->395666K(699392K), 0.0234696 secs] [Times: user=0.29 sys=0.00, real=0.02 secs] 
2016-09-24T03:47:41.325-0400: 59.033: [GC (GCLocker Initiated GC) [PSYoungGen: 123327K->40439K(175104K)] 495133K->444229K(699392K), 0.0064697 secs] [Times: user=0.06 sys=0.00, real=0.00 secs] 
2016-09-24T03:47:41.362-0400: 59.071: [GC (GCLocker Initiated GC) [PSYoungGen: 128503K->74437K(175104K)] 532401K->498076K(699392K), 0.0169881 secs] [Times: user=0.19 sys=0.00, real=0.01 secs] 
2016-09-24T03:47:41.421-0400: 59.129: [GC (GCLocker Initiated GC) [PSYoungGen: 162501K->70116K(175104K)] 588213K->517113K(699392K), 0.0141282 secs] [Times: user=0.20 sys=0.01, real=0.02 secs] 
2016-09-24T03:47:41.470-0400: 59.178: [GC (GCLocker Initiated GC) [PSYoungGen: 158180K->61847K(175104K)] 610787K->549038K(699392K), 0.0081518 secs] [Times: user=0.11 sys=0.00, real=0.01 secs] 
2016-09-24T03:47:41.478-0400: 59.187: [Full GC (Ergonomics) [PSYoungGen: 61847K->0K(175104K)] [ParOldGen: 487191K->343604K(524288K)] 549038K->343604K(699392K), [Metaspace: 43831K->43831K(1087488K)], 0.0543247 secs] [Times: user=0.47 sys=0.01, real=0.05 secs] 
2016-09-24T03:47:41.576-0400: 59.284: [GC (GCLocker Initiated GC) [PSYoungGen: 88064K->60328K(175104K)] 439828K->412092K(699392K), 0.0079362 secs] [Times: user=0.10 sys=0.00, real=0.01 secs] 
2016-09-24T03:47:41.633-0400: 59.341: [GC (GCLocker Initiated GC) [PSYoungGen: 148392K->57799K(175104K)] 509025K->432373K(699392K), 0.0066637 secs] [Times: user=0.09 sys=0.00, real=0.01 secs] 
2016-09-24T03:47:41.680-0400: 59.389: [GC (GCLocker Initiated GC) [PSYoungGen: 145863K->84861K(175104K)] 523329K->465647K(699392K), 0.0092671 secs] [Times: user=0.13 sys=0.01, real=0.01 secs] 
2016-09-24T03:47:41.733-0400: 59.441: [GC (GCLocker Initiated GC) [PSYoungGen: 172925K->75510K(175104K)] 559220K->484122K(699392K), 0.0088601 secs] [Times: user=0.14 sys=0.00, real=0.01 secs] 
2016-09-24T03:47:41.791-0400: 59.500: [GC (Allocation Failure) [PSYoungGen: 163574K->57834K(175104K)] 572274K->490220K(699392K), 0.0096278 secs] [Times: user=0.13 sys=0.00, real=0.01 secs] 
2016-09-24T03:47:41.802-0400: 59.510: [GC (GCLocker Initiated GC) [PSYoungGen: 61055K->2924K(175104K)] 493441K->495565K(699392K), 0.0052686 secs] [Times: user=0.06 sys=0.01, real=0.01 secs] 
2016-09-24T03:47:41.807-0400: 59.516: [Full GC (Ergonomics) [PSYoungGen: 2924K->0K(175104K)] [ParOldGen: 492641K->333294K(524288K)] 495565K->333294K(699392K), [Metaspace: 43831K->43831K(1087488K)], 0.0718571 secs] [Times: user=0.76 sys=0.00, real=0.07 secs] 
2016-09-24T03:47:41.918-0400: 59.627: [GC (GCLocker Initiated GC) [PSYoungGen: 88064K->74842K(175104K)] 425408K->412187K(699392K), 0.0099377 secs] [Times: user=0.15 sys=0.00, real=0.01 secs] 
2016-09-24T03:47:41.975-0400: 59.684: [GC (GCLocker Initiated GC) [PSYoungGen: 162906K->63679K(175104K)] 508384K->416098K(699392K), 0.0082902 secs] [Times: user=0.12 sys=0.00, real=0.01 secs] 
2016-09-24T03:47:42.028-0400: 59.737: [GC (GCLocker Initiated GC) [PSYoungGen: 151743K->40717K(175104K)] 505638K->430820K(699392K), 0.0067045 secs] [Times: user=0.11 sys=0.00, real=0.01 secs] 
2016-09-24T03:47:42.071-0400: 59.780: [GC (GCLocker Initiated GC) [PSYoungGen: 128781K->58229K(175104K)] 528379K->467007K(699392K), 0.0072044 secs] [Times: user=0.11 sys=0.00, real=0.01 secs] 
2016-09-24T03:47:42.118-0400: 59.827: [GC (GCLocker Initiated GC) [PSYoungGen: 146293K->67246K(175104K)] 557863K->482431K(699392K), 0.0086270 secs] [Times: user=0.09 sys=0.01, real=0.01 secs] 
2016-09-24T03:47:42.180-0400: 59.889: [GC (GCLocker Initiated GC) [PSYoungGen: 155310K->44265K(175104K)] 576029K->480601K(699392K), 0.0066148 secs] [Times: user=0.07 sys=0.00, real=0.01 secs] 
2016-09-24T03:47:42.229-0400: 59.937: [GC (GCLocker Initiated GC) [PSYoungGen: 132329K->48982K(175104K)] 571386K->513077K(699392K), 0.0173573 secs] [Times: user=0.24 sys=0.01, real=0.02 secs] 
2016-09-24T03:47:42.287-0400: 59.995: [Full GC (Ergonomics) [PSYoungGen: 137046K->0K(175104K)] [ParOldGen: 474944K->346888K(524288K)] 611990K->346888K(699392K), [Metaspace: 43831K->43831K(1087488K)], 0.0547185 secs] [Times: user=0.39 sys=0.02, real=0.05 secs] 
2016-09-24T03:47:42.379-0400: 60.087: [GC (GCLocker Initiated GC) [PSYoungGen: 88064K->86791K(175104K)] 435218K->433946K(699392K), 0.0080417 secs] [Times: user=0.11 sys=0.00, real=0.01 secs] 
2016-09-24T03:47:42.431-0400: 60.140: [GC (GCLocker Initiated GC) [PSYoungGen: 174855K->76926K(175104K)] 526674K->443442K(699392K), 0.0079859 secs] [Times: user=0.12 sys=0.00, real=0.01 secs] 
2016-09-24T03:47:42.483-0400: 60.191: [GC (GCLocker Initiated GC) [PSYoungGen: 164990K->48549K(175104K)] 541064K->461904K(699392K), 0.0073267 secs] [Times: user=0.10 sys=0.00, real=0.00 secs] 
2016-09-24T03:47:42.535-0400: 60.243: [GC (Allocation Failure) [PSYoungGen: 136613K->56559K(175104K)] 550337K->490026K(699392K), 0.0065334 secs] [Times: user=0.10 sys=0.00, real=0.00 secs] 
2016-09-24T03:47:42.583-0400: 60.292: [GC (GCLocker Initiated GC) [PSYoungGen: 142973K->59062K(175104K)] 581840K->508174K(699392K), 0.0064640 secs] [Times: user=0.08 sys=0.00, real=0.00 secs] 
2016-09-24T03:47:42.628-0400: 60.337: [GC (GCLocker Initiated GC) [PSYoungGen: 147126K->74541K(175104K)] 599076K->531002K(699392K), 0.0067601 secs] [Times: user=0.10 sys=0.00, real=0.01 secs] 
2016-09-24T03:47:42.682-0400: 60.391: [GC (Allocation Failure) [PSYoungGen: 162605K->55380K(175104K)] 624509K->529300K(699392K), 0.0072990 secs] [Times: user=0.10 sys=0.00, real=0.00 secs] 
2016-09-24T03:47:42.733-0400: 60.441: [GC (GCLocker Initiated GC) [PSYoungGen: 143263K->67771K(175104K)] 619884K->547775K(699392K), 0.0100072 secs] [Times: user=0.14 sys=0.00, real=0.02 secs] 
2016-09-24T03:47:42.786-0400: 60.495: [GC (GCLocker Initiated GC) [PSYoungGen: 155835K->56317K(175104K)] 636023K->551124K(699392K), 0.0067092 secs] [Times: user=0.08 sys=0.01, real=0.00 secs] 
2016-09-24T03:47:42.793-0400: 60.501: [Full GC (Ergonomics) [PSYoungGen: 56317K->0K(175104K)] [ParOldGen: 494806K->342029K(524288K)] 551124K->342029K(699392K), [Metaspace: 43831K->43831K(1087488K)], 0.0519443 secs] [Times: user=0.47 sys=0.00, real=0.06 secs] 
2016-09-24T03:47:42.879-0400: 60.588: [GC (GCLocker Initiated GC) [PSYoungGen: 88064K->85438K(175104K)] 432870K->430245K(699392K), 0.0075673 secs] [Times: user=0.11 sys=0.01, real=0.01 secs] 
2016-09-24T03:47:42.935-0400: 60.644: [GC (GCLocker Initiated GC) [PSYoungGen: 173502K->64711K(175104K)] 522431K->423021K(699392K), 0.0081578 secs] [Times: user=0.11 sys=0.00, real=0.01 secs] 
2016-09-24T03:47:42.976-0400: 60.685: [GC (GCLocker Initiated GC) [PSYoungGen: 152775K->67440K(175104K)] 511227K->472593K(699392K), 0.0087791 secs] [Times: user=0.12 sys=0.00, real=0.01 secs] 
2016-09-24T03:47:43.024-0400: 60.733: [GC (GCLocker Initiated GC) [PSYoungGen: 155504K->64814K(175104K)] 572937K->511429K(699392K), 0.0076340 secs] [Times: user=0.13 sys=0.00, real=0.00 secs] 
2016-09-24T03:47:43.081-0400: 60.789: [GC (GCLocker Initiated GC) [PSYoungGen: 152878K->51272K(175104K)] 607736K->512346K(699392K), 0.0059729 secs] [Times: user=0.08 sys=0.01, real=0.01 secs] 
2016-09-24T03:47:43.131-0400: 60.839: [GC (GCLocker Initiated GC) [PSYoungGen: 139336K->75810K(175104K)] 600561K->541979K(699392K), 0.0076971 secs] [Times: user=0.12 sys=0.01, real=0.01 secs] 
2016-09-24T03:47:43.171-0400: 60.880: [GC (GCLocker Initiated GC) [PSYoungGen: 163874K->79379K(175104K)] 632851K->569731K(699392K), 0.0085786 secs] [Times: user=0.13 sys=0.01, real=0.01 secs] 
2016-09-24T03:47:43.180-0400: 60.889: [Full GC (Ergonomics) [PSYoungGen: 79379K->0K(175104K)] [ParOldGen: 490352K->357051K(524288K)] 569731K->357051K(699392K), [Metaspace: 43831K->43831K(1087488K)], 0.0636551 secs] [Times: user=0.48 sys=0.00, real=0.07 secs] 
2016-09-24T03:47:43.277-0400: 60.986: [GC (GCLocker Initiated GC) [PSYoungGen: 88064K->70605K(175104K)] 448070K->430611K(699392K), 0.0088273 secs] [Times: user=0.09 sys=0.00, real=0.01 secs] 
2016-09-24T03:47:43.334-0400: 61.042: [GC (GCLocker Initiated GC) [PSYoungGen: 158669K->62020K(175104K)] 521625K->443878K(699392K), 0.0110613 secs] [Times: user=0.12 sys=0.01, real=0.02 secs] 
2016-09-24T03:47:43.386-0400: 61.095: [GC (GCLocker Initiated GC) [PSYoungGen: 150084K->58101K(175104K)] 541484K->461148K(699392K), 0.0073620 secs] [Times: user=0.10 sys=0.01, real=0.00 secs] 
2016-09-24T03:47:43.446-0400: 61.154: [GC (GCLocker Initiated GC) [PSYoungGen: 146165K->54266K(175104K)] 553800K->472235K(699392K), 0.0080696 secs] [Times: user=0.09 sys=0.01, real=0.00 secs] 
2016-09-24T03:47:43.499-0400: 61.208: [GC (GCLocker Initiated GC) [PSYoungGen: 142330K->34687K(175104K)] 564466K->480913K(699392K), 0.0078539 secs] [Times: user=0.08 sys=0.01, real=0.01 secs] 
2016-09-24T03:47:43.542-0400: 61.250: [GC (GCLocker Initiated GC) [PSYoungGen: 122751K->81430K(175104K)] 569058K->548620K(699392K), 0.0093861 secs] [Times: user=0.12 sys=0.01, real=0.01 secs] 
2016-09-24T03:47:43.601-0400: 61.310: [GC (GCLocker Initiated GC) [PSYoungGen: 169494K->40506K(175104K)] 647690K->529353K(699392K), 0.0172504 secs] [Times: user=0.20 sys=0.00, real=0.02 secs] 
2016-09-24T03:47:43.619-0400: 61.327: [Full GC (Ergonomics) [PSYoungGen: 40506K->0K(175104K)] [ParOldGen: 488847K->358479K(524288K)] 529353K->358479K(699392K), [Metaspace: 43831K->43831K(1087488K)], 0.0571560 secs] [Times: user=0.44 sys=0.01, real=0.06 secs] 
2016-09-24T03:47:43.731-0400: 61.439: [GC (GCLocker Initiated GC) [PSYoungGen: 88064K->43559K(175104K)] 458782K->414277K(699392K), 0.0128001 secs] [Times: user=0.12 sys=0.01, real=0.02 secs] 
2016-09-24T03:47:43.789-0400: 61.498: [GC (GCLocker Initiated GC) [PSYoungGen: 131623K->54193K(175104K)] 503772K->452139K(699392K), 0.0151208 secs] [Times: user=0.17 sys=0.00, real=0.02 secs] 
2016-09-24T03:47:43.845-0400: 61.553: [GC (GCLocker Initiated GC) [PSYoungGen: 142257K->49803K(175104K)] 547129K->486861K(699392K), 0.0085482 secs] [Times: user=0.09 sys=0.01, real=0.00 secs] 
2016-09-24T03:47:43.904-0400: 61.612: [GC (GCLocker Initiated GC) [PSYoungGen: 137867K->73218K(175104K)] 583121K->523377K(699392K), 0.0075487 secs] [Times: user=0.10 sys=0.01, real=0.00 secs] 
2016-09-24T03:47:43.954-0400: 61.663: [GC (GCLocker Initiated GC) [PSYoungGen: 161282K->40318K(175104K)] 620024K->520410K(699392K), 0.0068880 secs] [Times: user=0.06 sys=0.00, real=0.01 secs] 
2016-09-24T03:47:43.993-0400: 61.702: [GC (GCLocker Initiated GC) [PSYoungGen: 128382K->56410K(175104K)] 608670K->568576K(699392K), 0.0079946 secs] [Times: user=0.11 sys=0.00, real=0.01 secs] 
2016-09-24T03:47:44.001-0400: 61.710: [Full GC (Ergonomics) [PSYoungGen: 56410K->0K(175104K)] [ParOldGen: 512166K->356983K(524288K)] 568576K->356983K(699392K), [Metaspace: 43831K->43831K(1087488K)], 0.0494526 secs] [Times: user=0.40 sys=0.01, real=0.05 secs] 
2016-09-24T03:47:44.088-0400: 61.796: [GC (GCLocker Initiated GC) [PSYoungGen: 88064K->82923K(175104K)] 447951K->442810K(699392K), 0.0132739 secs] [Times: user=0.18 sys=0.00, real=0.01 secs] 
2016-09-24T03:47:44.151-0400: 61.860: [GC (GCLocker Initiated GC) [PSYoungGen: 170987K->30908K(175104K)] 539017K->414959K(699392K), 0.0129282 secs] [Times: user=0.09 sys=0.01, real=0.02 secs] 
2016-09-24T03:47:44.204-0400: 61.912: [GC (GCLocker Initiated GC) [PSYoungGen: 118972K->53666K(175104K)] 503146K->446812K(699392K), 0.0135302 secs] [Times: user=0.12 sys=0.00, real=0.01 secs] 
2016-09-24T03:47:44.263-0400: 61.972: [GC (GCLocker Initiated GC) [PSYoungGen: 141730K->63396K(175104K)] 537623K->477495K(699392K), 0.0108157 secs] [Times: user=0.13 sys=0.00, real=0.01 secs] 
2016-09-24T03:47:44.318-0400: 62.027: [GC (GCLocker Initiated GC) [PSYoungGen: 151460K->50920K(175104K)] 565615K->478053K(699392K), 0.0094375 secs] [Times: user=0.09 sys=0.00, real=0.01 secs] 
2016-09-24T03:47:44.367-0400: 62.076: [GC (GCLocker Initiated GC) [PSYoungGen: 138984K->44787K(175104K)] 566247K->505160K(699392K), 0.0067921 secs] [Times: user=0.07 sys=0.00, real=0.00 secs] 
2016-09-24T03:47:44.414-0400: 62.122: [GC (GCLocker Initiated GC) [PSYoungGen: 132851K->55099K(173056K)] 593394K->528839K(697344K), 0.0105314 secs] [Times: user=0.15 sys=0.00, real=0.02 secs] 
2016-09-24T03:47:44.469-0400: 62.178: [GC (GCLocker Initiated GC) [PSYoungGen: 143163K->66576K(174080K)] 622503K->565623K(698368K), 0.0088561 secs] [Times: user=0.10 sys=0.00, real=0.01 secs] 
2016-09-24T03:47:44.479-0400: 62.187: [Full GC (Ergonomics) [PSYoungGen: 66576K->0K(174080K)] [ParOldGen: 499047K->369752K(524288K)] 565623K->369752K(698368K), [Metaspace: 43831K->43831K(1087488K)], 0.0533757 secs] [Times: user=0.48 sys=0.01, real=0.05 secs] 
2016-09-24T03:47:44.583-0400: 62.292: [GC (GCLocker Initiated GC) [PSYoungGen: 88064K->54584K(172032K)] 463253K->429773K(696320K), 0.0106997 secs] [Times: user=0.12 sys=0.00, real=0.00 secs] 
2016-09-24T03:47:44.638-0400: 62.347: [GC (GCLocker Initiated GC) [PSYoungGen: 143672K->62183K(173568K)] 518939K->459005K(697856K), 0.0089714 secs] [Times: user=0.10 sys=0.00, real=0.01 secs] 
2016-09-24T03:47:44.695-0400: 62.404: [GC (GCLocker Initiated GC) [PSYoungGen: 151271K->67762K(175616K)] 556214K->485876K(699904K), 0.0080955 secs] [Times: user=0.08 sys=0.00, real=0.01 secs] 
2016-09-24T03:47:44.776-0400: 62.485: [GC (Allocation Failure) [PSYoungGen: 159922K->47575K(177152K)] 594331K->484410K(701440K), 0.0080302 secs] [Times: user=0.06 sys=0.01, real=0.01 secs] 
2016-09-24T03:47:44.833-0400: 62.541: [GC (GCLocker Initiated GC) [PSYoungGen: 137821K->36237K(176128K)] 577356K->497257K(700416K), 0.0075686 secs] [Times: user=0.08 sys=0.00, real=0.01 secs] 
2016-09-24T03:47:44.883-0400: 62.592: [GC (GCLocker Initiated GC) [PSYoungGen: 128397K->60646K(177152K)] 589508K->527891K(701440K), 0.0082194 secs] [Times: user=0.07 sys=0.00, real=0.00 secs] 
2016-09-24T03:47:44.947-0400: 62.655: [GC (GCLocker Initiated GC) [PSYoungGen: 152806K->55796K(172032K)] 628209K->552327K(696320K), 0.0091999 secs] [Times: user=0.09 sys=0.00, real=0.01 secs] 
2016-09-24T03:47:44.956-0400: 62.664: [Full GC (Ergonomics) [PSYoungGen: 55796K->0K(172032K)] [ParOldGen: 496531K->368197K(524288K)] 552327K->368197K(696320K), [Metaspace: 43831K->43831K(1087488K)], 0.0868331 secs] [Times: user=0.78 sys=0.00, real=0.09 secs] 
2016-09-24T03:47:45.097-0400: 62.805: [GC (GCLocker Initiated GC) [PSYoungGen: 93184K->51447K(174592K)] 465481K->423744K(698880K), 0.0071927 secs] [Times: user=0.07 sys=0.00, real=0.01 secs] 
2016-09-24T03:47:45.151-0400: 62.859: [GC (GCLocker Initiated GC) [PSYoungGen: 144631K->79038K(169472K)] 517012K->459519K(693760K), 0.0071930 secs] [Times: user=0.07 sys=0.00, real=0.01 secs] 
2016-09-24T03:47:45.199-0400: 62.908: [GC (GCLocker Initiated GC) [PSYoungGen: 169150K->76993K(167424K)] 561928K->469771K(691712K), 0.0136180 secs] [Times: user=0.13 sys=0.01, real=0.01 secs] 
2016-09-24T03:47:45.274-0400: 62.982: [GC (GCLocker Initiated GC) [PSYoungGen: 167105K->52971K(175104K)] 561265K->478430K(699392K), 0.0103709 secs] [Times: user=0.08 sys=0.00, real=0.02 secs] 
2016-09-24T03:47:45.329-0400: 63.038: [GC (GCLocker Initiated GC) [PSYoungGen: 141035K->37475K(175104K)] 566662K->491474K(699392K), 0.0086521 secs] [Times: user=0.08 sys=0.00, real=0.01 secs] 
2016-09-24T03:47:45.382-0400: 63.091: [GC (GCLocker Initiated GC) [PSYoungGen: 125539K->51100K(175104K)] 582281K->519289K(699392K), 0.0074717 secs] [Times: user=0.07 sys=0.00, real=0.01 secs] 
2016-09-24T03:47:45.439-0400: 63.147: [GC (GCLocker Initiated GC) [PSYoungGen: 139164K->52393K(140800K)] 607660K->532523K(665088K), 0.0109311 secs] [Times: user=0.07 sys=0.00, real=0.01 secs] 
2016-09-24T03:47:45.498-0400: 63.207: [Full GC (Ergonomics) [PSYoungGen: 140457K->0K(140800K)] [ParOldGen: 485775K->379447K(524288K)] 626233K->379447K(665088K), [Metaspace: 43836K->43836K(1087488K)], 0.0598233 secs] [Times: user=0.44 sys=0.02, real=0.06 secs] 
2016-09-24T03:47:45.605-0400: 63.314: [GC (GCLocker Initiated GC) [PSYoungGen: 88064K->65114K(172032K)] 471619K->448670K(696320K), 0.0131156 secs] [Times: user=0.16 sys=0.00, real=0.01 secs] 
2016-09-24T03:47:45.665-0400: 63.373: [GC (GCLocker Initiated GC) [PSYoungGen: 152666K->44144K(172544K)] 539046K->438499K(696832K), 0.0066818 secs] [Times: user=0.06 sys=0.00, real=0.00 secs] 
2016-09-24T03:47:45.711-0400: 63.420: [GC (GCLocker Initiated GC) [PSYoungGen: 131696K->59492K(174080K)] 532958K->485749K(698368K), 0.0281988 secs] [Times: user=0.40 sys=0.00, real=0.03 secs] 
2016-09-24T03:47:45.788-0400: 63.497: [GC (GCLocker Initiated GC) [PSYoungGen: 152164K->45692K(175616K)] 581223K->508158K(699904K), 0.0088763 secs] [Times: user=0.09 sys=0.00, real=0.01 secs] 
2016-09-24T03:47:45.842-0400: 63.551: [GC (GCLocker Initiated GC) [PSYoungGen: 138364K->57215K(175616K)] 603931K->530243K(699904K), 0.0065488 secs] [Times: user=0.07 sys=0.01, real=0.01 secs] 
2016-09-24T03:47:45.897-0400: 63.605: [GC (GCLocker Initiated GC) [PSYoungGen: 154495K->67842K(177664K)] 630353K->554591K(701952K), 0.0128211 secs] [Times: user=0.15 sys=0.00, real=0.01 secs] 
2016-09-24T03:47:45.910-0400: 63.618: [Full GC (Ergonomics) [PSYoungGen: 67842K->0K(177664K)] [ParOldGen: 486748K->375305K(524288K)] 554591K->375305K(701952K), [Metaspace: 43836K->43836K(1087488K)], 0.0490001 secs] [Times: user=0.41 sys=0.00, real=0.05 secs] 
2016-09-24T03:47:46.002-0400: 63.711: [GC (GCLocker Initiated GC) [PSYoungGen: 97280K->80327K(170496K)] 475455K->458502K(694784K), 0.0093463 secs] [Times: user=0.10 sys=0.00, real=0.00 secs] 
2016-09-24T03:47:46.064-0400: 63.773: [GC (GCLocker Initiated GC) [PSYoungGen: 168391K->59421K(175104K)] 550662K->454070K(699392K), 0.0082581 secs] [Times: user=0.07 sys=0.00, real=0.00 secs] 
2016-09-24T03:47:46.121-0400: 63.829: [GC (GCLocker Initiated GC) [PSYoungGen: 147485K->63757K(172032K)] 544914K->480955K(696320K), 0.0152852 secs] [Times: user=0.20 sys=0.00, real=0.02 secs] 
2016-09-24T03:47:46.183-0400: 63.892: [GC (GCLocker Initiated GC) [PSYoungGen: 152845K->65283K(174080K)] 574293K->509536K(698368K), 0.0110809 secs] [Times: user=0.12 sys=0.00, real=0.01 secs] 
2016-09-24T03:47:46.249-0400: 63.958: [GC (GCLocker Initiated GC) [PSYoungGen: 154371K->47614K(176128K)] 601852K->516629K(700416K), 0.0069056 secs] [Times: user=0.07 sys=0.00, real=0.01 secs] 
2016-09-24T03:47:46.304-0400: 64.013: [GC (GCLocker Initiated GC) [PSYoungGen: 139774K->44794K(176640K)] 608859K->527194K(700928K), 0.0081217 secs] [Times: user=0.05 sys=0.00, real=0.00 secs] 
2016-09-24T03:47:46.368-0400: 64.077: [GC (GCLocker Initiated GC) [PSYoungGen: 136954K->62716K(175616K)] 620743K->563979K(699904K), 0.0104678 secs] [Times: user=0.10 sys=0.00, real=0.01 secs] 
2016-09-24T03:47:46.379-0400: 64.088: [Full GC (Ergonomics) [PSYoungGen: 62716K->0K(175616K)] [ParOldGen: 501262K->381611K(524288K)] 563979K->381611K(699904K), [Metaspace: 43836K->43836K(1087488K)], 0.0626213 secs] [Times: user=0.42 sys=0.02, real=0.06 secs] 
2016-09-24T03:47:46.511-0400: 64.220: [GC (GCLocker Initiated GC) [PSYoungGen: 93184K->61970K(176640K)] 484301K->453088K(700928K), 0.0109260 secs] [Times: user=0.10 sys=0.00, real=0.02 secs] 
2016-09-24T03:47:46.571-0400: 64.280: [GC (GCLocker Initiated GC) [PSYoungGen: 155154K->60991K(176640K)] 549027K->468995K(700928K), 0.0124197 secs] [Times: user=0.14 sys=0.01, real=0.02 secs] 
2016-09-24T03:47:46.642-0400: 64.351: [GC (GCLocker Initiated GC) [PSYoungGen: 157247K->48988K(177664K)] 565508K->492254K(701952K), 0.0114991 secs] [Times: user=0.13 sys=0.00, real=0.00 secs] 
2016-09-24T03:47:46.710-0400: 64.419: [GC (GCLocker Initiated GC) [PSYoungGen: 145244K->36717K(178688K)] 593168K->495354K(702976K), 0.0067132 secs] [Times: user=0.05 sys=0.00, real=0.01 secs] 
2016-09-24T03:47:46.778-0400: 64.487: [GC (GCLocker Initiated GC) [PSYoungGen: 135021K->36641K(135168K)] 600536K->525045K(659456K), 0.0123299 secs] [Times: user=0.12 sys=0.02, real=0.01 secs] 
2016-09-24T03:47:46.790-0400: 64.499: [Full GC (Ergonomics) [PSYoungGen: 36641K->0K(135168K)] [ParOldGen: 488404K->367654K(524288K)] 525045K->367654K(659456K), [Metaspace: 43837K->43837K(1087488K)], 0.0856426 secs] [Times: user=0.94 sys=0.01, real=0.09 secs] 
2016-09-24T03:47:46.928-0400: 64.637: [GC (GCLocker Initiated GC) [PSYoungGen: 98304K->55039K(182272K)] 466035K->422770K(706560K), 0.0111773 secs] [Times: user=0.12 sys=0.00, real=0.01 secs] 
2016-09-24T03:47:46.987-0400: 64.696: [GC (GCLocker Initiated GC) [PSYoungGen: 154879K->71471K(171520K)] 529430K->446023K(695808K), 0.0083392 secs] [Times: user=0.08 sys=0.01, real=0.01 secs] 
2016-09-24T03:47:47.060-0400: 64.769: [GC (GCLocker Initiated GC) [PSYoungGen: 171311K->72379K(172032K)] 559537K->460605K(696320K), 0.0094711 secs] [Times: user=0.08 sys=0.01, real=0.01 secs] 
2016-09-24T03:47:47.129-0400: 64.837: [GC (GCLocker Initiated GC) [PSYoungGen: 160443K->48415K(175104K)] 555341K->457326K(699392K), 0.0076682 secs] [Times: user=0.07 sys=0.00, real=0.01 secs] 
2016-09-24T03:47:47.181-0400: 64.890: [GC (GCLocker Initiated GC) [PSYoungGen: 136479K->54562K(168960K)] 548167K->466250K(693248K), 0.0105364 secs] [Times: user=0.09 sys=0.00, real=0.01 secs] 
2016-09-24T03:47:47.235-0400: 64.943: [GC (GCLocker Initiated GC) [PSYoungGen: 143650K->83106K(172544K)] 558160K->520393K(696832K), 0.0112386 secs] [Times: user=0.11 sys=0.00, real=0.01 secs] 
2016-09-24T03:47:47.312-0400: 65.020: [GC (GCLocker Initiated GC) [PSYoungGen: 172194K->52448K(175104K)] 617799K->518702K(699392K), 0.0085522 secs] [Times: user=0.10 sys=0.00, real=0.01 secs] 
2016-09-24T03:47:47.380-0400: 65.089: [GC (GCLocker Initiated GC) [PSYoungGen: 140512K->38300K(175104K)] 617737K->532477K(699392K), 0.0061030 secs] [Times: user=0.07 sys=0.00, real=0.01 secs] 
2016-09-24T03:47:47.386-0400: 65.095: [Full GC (Ergonomics) [PSYoungGen: 38300K->0K(175104K)] [ParOldGen: 494176K->375435K(524288K)] 532477K->375435K(699392K), [Metaspace: 43887K->43887K(1087488K)], 0.0556407 secs] [Times: user=0.48 sys=0.00, real=0.06 secs] 
2016-09-24T03:47:47.491-0400: 65.199: [GC (GCLocker Initiated GC) [PSYoungGen: 88064K->68497K(175104K)] 466224K->446658K(699392K), 0.0073855 secs] [Times: user=0.08 sys=0.00, real=0.01 secs] 
2016-09-24T03:47:47.547-0400: 65.255: [GC (GCLocker Initiated GC) [PSYoungGen: 156561K->63912K(175104K)] 537540K->454816K(699392K), 0.0088829 secs] [Times: user=0.10 sys=0.00, real=0.01 secs] 
2016-09-24T03:47:47.612-0400: 65.320: [GC (GCLocker Initiated GC) [PSYoungGen: 151976K->61355K(175104K)] 546984K->465555K(699392K), 0.0071377 secs] [Times: user=0.08 sys=0.00, real=0.01 secs] 
2016-09-24T03:47:47.677-0400: 65.386: [GC (GCLocker Initiated GC) [PSYoungGen: 149419K->54178K(142336K)] 563238K->485589K(666624K), 0.0079501 secs] [Times: user=0.11 sys=0.00, real=0.01 secs] 
2016-09-24T03:47:47.731-0400: 65.439: [GC (GCLocker Initiated GC) [PSYoungGen: 142242K->66276K(173568K)] 576398K->500432K(697856K), 0.0337575 secs] [Times: user=0.43 sys=0.00, real=0.04 secs] 
2016-09-24T03:47:47.820-0400: 65.528: [GC (GCLocker Initiated GC) [PSYoungGen: 154340K->40500K(173568K)] 588550K->509472K(697856K), 0.0107565 secs] [Times: user=0.11 sys=0.00, real=0.01 secs] 
2016-09-24T03:47:47.875-0400: 65.583: [GC (GCLocker Initiated GC) [PSYoungGen: 128564K->57614K(172032K)] 597901K->546805K(696320K), 0.0071982 secs] [Times: user=0.07 sys=0.01, real=0.01 secs] 
2016-09-24T03:47:47.882-0400: 65.591: [Full GC (Ergonomics) [PSYoungGen: 57614K->0K(172032K)] [ParOldGen: 489190K->380781K(524288K)] 546805K->380781K(696320K), [Metaspace: 43887K->43887K(1087488K)], 0.0661459 secs] [Times: user=0.48 sys=0.00, real=0.06 secs] 
2016-09-24T03:47:48.002-0400: 65.710: [GC (GCLocker Initiated GC) [PSYoungGen: 90624K->59661K(174080K)] 483672K->452710K(698368K), 0.0212393 secs] [Times: user=0.29 sys=0.00, real=0.03 secs] 
2016-09-24T03:47:48.081-0400: 65.790: [GC (GCLocker Initiated GC) [PSYoungGen: 150285K->35164K(178176K)] 552895K->453843K(702464K), 0.0084443 secs] [Times: user=0.09 sys=0.00, real=0.01 secs] 
2016-09-24T03:47:48.140-0400: 65.848: [GC (GCLocker Initiated GC) [PSYoungGen: 131420K->49955K(146432K)] 550239K->483504K(670720K), 0.0102228 secs] [Times: user=0.09 sys=0.00, real=0.01 secs] 
2016-09-24T03:47:48.193-0400: 65.902: [GC (GCLocker Initiated GC) [PSYoungGen: 146211K->64051K(178176K)] 580573K->526384K(702464K), 0.0096414 secs] [Times: user=0.10 sys=0.00, real=0.02 secs] 
2016-09-24T03:47:48.257-0400: 65.965: [GC (GCLocker Initiated GC) [PSYoungGen: 160819K->58226K(178688K)] 630166K->550644K(702976K), 0.0082832 secs] [Times: user=0.11 sys=0.00, real=0.01 secs] 
2016-09-24T03:47:48.265-0400: 65.974: [Full GC (Ergonomics) [PSYoungGen: 58226K->0K(178688K)] [ParOldGen: 492417K->389765K(524288K)] 550644K->389765K(702976K), [Metaspace: 43887K->43887K(1087488K)], 0.0503450 secs] [Times: user=0.39 sys=0.01, real=0.05 secs] 
2016-09-24T03:47:48.371-0400: 66.079: [GC (GCLocker Initiated GC) [PSYoungGen: 96768K->61997K(179200K)] 486712K->451942K(703488K), 0.0131103 secs] [Times: user=0.18 sys=0.00, real=0.02 secs] 
2016-09-24T03:47:48.434-0400: 66.143: [GC (GCLocker Initiated GC) [PSYoungGen: 160813K->54252K(179200K)] 550796K->461218K(703488K), 0.0092660 secs] [Times: user=0.12 sys=0.00, real=0.01 secs] 
2016-09-24T03:47:48.495-0400: 66.204: [GC (GCLocker Initiated GC) [PSYoungGen: 153068K->58524K(180224K)] 566988K->479054K(704512K), 0.0099824 secs] [Times: user=0.09 sys=0.00, real=0.01 secs] 
2016-09-24T03:47:48.561-0400: 66.270: [GC (GCLocker Initiated GC) [PSYoungGen: 161436K->74630K(179712K)] 584747K->506203K(704000K), 0.0082793 secs] [Times: user=0.10 sys=0.00, real=0.01 secs] 
2016-09-24T03:47:48.630-0400: 66.339: [GC (GCLocker Initiated GC) [PSYoungGen: 177542K->72156K(175104K)] 609834K->516469K(699392K), 0.0091647 secs] [Times: user=0.08 sys=0.01, real=0.01 secs] 
2016-09-24T03:47:48.684-0400: 66.392: [GC (GCLocker Initiated GC) [PSYoungGen: 165340K->58405K(177664K)] 613821K->524412K(701952K), 0.0157404 secs] [Times: user=0.12 sys=0.00, real=0.01 secs] 
2016-09-24T03:47:48.759-0400: 66.468: [GC (GCLocker Initiated GC) [PSYoungGen: 151589K->52031K(175104K)] 628484K->538348K(699392K), 0.0090144 secs] [Times: user=0.08 sys=0.00, real=0.01 secs] 
2016-09-24T03:47:48.835-0400: 66.543: [Full GC (Ergonomics) [PSYoungGen: 147263K->0K(175104K)] [ParOldGen: 501340K->395837K(524288K)] 648604K->395837K(699392K), [Metaspace: 43888K->43888K(1087488K)], 0.0548031 secs] [Times: user=0.39 sys=0.01, real=0.05 secs] 
2016-09-24T03:47:48.949-0400: 66.657: [GC (GCLocker Initiated GC) [PSYoungGen: 95232K->47672K(176640K)] 491374K->443814K(700928K), 0.0075305 secs] [Times: user=0.06 sys=0.00, real=0.01 secs] 
2016-09-24T03:47:49.002-0400: 66.711: [GC (GCLocker Initiated GC) [PSYoungGen: 142904K->59743K(177152K)] 544509K->464119K(701440K), 0.0071179 secs] [Times: user=0.07 sys=0.00, real=0.01 secs] 
2016-09-24T03:47:49.070-0400: 66.779: [GC (GCLocker Initiated GC) [PSYoungGen: 159583K->60783K(179200K)] 564022K->481437K(703488K), 0.0083972 secs] [Times: user=0.09 sys=0.01, real=0.01 secs] 
2016-09-24T03:47:49.143-0400: 66.851: [GC (GCLocker Initiated GC) [PSYoungGen: 160623K->73395K(176640K)] 581884K->499745K(700928K), 0.0093466 secs] [Times: user=0.11 sys=0.01, real=0.00 secs] 
2016-09-24T03:47:49.194-0400: 66.903: [GC (GCLocker Initiated GC) [PSYoungGen: 171699K->60887K(180224K)] 600824K->495435K(704512K), 0.0114765 secs] [Times: user=0.11 sys=0.00, real=0.01 secs] 
2016-09-24T03:47:49.272-0400: 66.980: [GC (GCLocker Initiated GC) [PSYoungGen: 159191K->78980K(171520K)] 600547K->524115K(695808K), 0.0076291 secs] [Times: user=0.09 sys=0.00, real=0.01 secs] 
2016-09-24T03:47:49.343-0400: 67.051: [GC (GCLocker Initiated GC) [PSYoungGen: 170116K->47301K(176640K)] 620734K->508911K(700928K), 0.0151538 secs] [Times: user=0.20 sys=0.00, real=0.01 secs] 
2016-09-24T03:47:49.401-0400: 67.110: [GC (GCLocker Initiated GC) [PSYoungGen: 138437K->57072K(172544K)] 600188K->544198K(696832K), 0.0099949 secs] [Times: user=0.10 sys=0.00, real=0.01 secs] 
2016-09-24T03:47:49.459-0400: 67.168: [Full GC (Ergonomics) [PSYoungGen: 148208K->0K(172544K)] [ParOldGen: 500685K->418390K(524288K)] 648894K->418390K(696832K), [Metaspace: 43888K->43888K(1087488K)], 0.0792584 secs] [Times: user=0.64 sys=0.02, real=0.08 secs] 
2016-09-24T03:47:49.604-0400: 67.312: [GC (GCLocker Initiated GC) [PSYoungGen: 91136K->60152K(174592K)] 512458K->481474K(698880K), 0.0073418 secs] [Times: user=0.09 sys=0.00, real=0.00 secs] 
2016-09-24T03:47:49.665-0400: 67.373: [GC (GCLocker Initiated GC) [PSYoungGen: 151288K->58132K(174592K)] 578180K->496096K(698880K), 0.0066848 secs] [Times: user=0.08 sys=0.00, real=0.00 secs] 
2016-09-24T03:47:49.715-0400: 67.424: [GC (GCLocker Initiated GC) [PSYoungGen: 155412K->78663K(176640K)] 598855K->536654K(700928K), 0.0089426 secs] [Times: user=0.10 sys=0.00, real=0.01 secs] 
2016-09-24T03:47:49.799-0400: 67.508: [GC (GCLocker Initiated GC) [PSYoungGen: 175943K->63780K(179200K)] 648155K->549278K(703488K), 0.0072584 secs] [Times: user=0.07 sys=0.00, real=0.01 secs] 
2016-09-24T03:47:49.870-0400: 67.579: [GC (GCLocker Initiated GC) [PSYoungGen: 158500K->45787K(177664K)] 648449K->543711K(701952K), 0.0086608 secs] [Times: user=0.10 sys=0.00, real=0.01 secs] 
2016-09-24T03:47:49.879-0400: 67.587: [Full GC (Ergonomics) [PSYoungGen: 45787K->0K(177664K)] [ParOldGen: 497923K->407135K(524288K)] 543711K->407135K(701952K), [Metaspace: 43888K->43888K(1087488K)], 0.0538310 secs] [Times: user=0.47 sys=0.01, real=0.05 secs] 
2016-09-24T03:47:49.994-0400: 67.703: [GC (GCLocker Initiated GC) [PSYoungGen: 94720K->59560K(176128K)] 504661K->469502K(700416K), 0.0146057 secs] [Times: user=0.14 sys=0.01, real=0.01 secs] 
2016-09-24T03:47:50.062-0400: 67.771: [GC (GCLocker Initiated GC) [PSYoungGen: 155304K->56962K(177152K)] 568088K->481593K(701440K), 0.0066672 secs] [Times: user=0.08 sys=0.00, real=0.00 secs] 
2016-09-24T03:47:50.124-0400: 67.833: [GC (GCLocker Initiated GC) [PSYoungGen: 152706K->32411K(177152K)] 591029K->492173K(701440K), 0.0067652 secs] [Times: user=0.06 sys=0.01, real=0.00 secs] 
2016-09-24T03:47:50.199-0400: 67.907: [GC (GCLocker Initiated GC) [PSYoungGen: 129691K->67739K(165376K)] 607226K->545274K(689664K), 0.0093663 secs] [Times: user=0.07 sys=0.00, real=0.01 secs] 
2016-09-24T03:47:50.275-0400: 67.983: [GC (GCLocker Initiated GC) [PSYoungGen: 165019K->69881K(174080K)] 657635K->562497K(698368K), 0.0081655 secs] [Times: user=0.11 sys=0.00, real=0.01 secs] 
2016-09-24T03:47:50.336-0400: 68.044: [Full GC (Ergonomics) [PSYoungGen: 159993K->0K(174080K)] [ParOldGen: 495983K->418438K(524288K)] 655976K->418438K(698368K), [Metaspace: 43888K->43888K(1087488K)], 0.0593922 secs] [Times: user=0.48 sys=0.00, real=0.06 secs] 
2016-09-24T03:47:50.445-0400: 68.153: [GC (GCLocker Initiated GC) [PSYoungGen: 90112K->65785K(176128K)] 512822K->488495K(700416K), 0.0137982 secs] [Times: user=0.14 sys=0.00, real=0.01 secs] 
2016-09-24T03:47:50.507-0400: 68.216: [GC (GCLocker Initiated GC) [PSYoungGen: 155897K->84407K(173568K)] 578735K->512645K(697856K), 0.0183260 secs] [Times: user=0.19 sys=0.01, real=0.02 secs] 
2016-09-24T03:47:50.586-0400: 68.295: [GC (GCLocker Initiated GC) [PSYoungGen: 172471K->82101K(175104K)] 600750K->510380K(699392K), 0.0122461 secs] [Times: user=0.13 sys=0.01, real=0.01 secs] 
2016-09-24T03:47:50.635-0400: 68.344: [GC (GCLocker Initiated GC) [PSYoungGen: 170165K->58416K(175104K)] 598544K->515578K(699392K), 0.0116593 secs] [Times: user=0.10 sys=0.01, real=0.01 secs] 
2016-09-24T03:47:50.697-0400: 68.406: [GC (GCLocker Initiated GC) [PSYoungGen: 146480K->84599K(175104K)] 609138K->551526K(699392K), 0.0169533 secs] [Times: user=0.23 sys=0.00, real=0.02 secs] 
2016-09-24T03:47:50.760-0400: 68.469: [GC (GCLocker Initiated GC) [PSYoungGen: 172663K->60769K(175104K)] 642413K->560702K(699392K), 0.0072492 secs] [Times: user=0.09 sys=0.01, real=0.01 secs] 
2016-09-24T03:47:50.767-0400: 68.476: [Full GC (Ergonomics) [PSYoungGen: 60769K->0K(175104K)] [ParOldGen: 499932K->393872K(524288K)] 560702K->393872K(699392K), [Metaspace: 43897K->43897K(1087488K)], 0.0693749 secs] [Times: user=0.74 sys=0.00, real=0.07 secs] 
2016-09-24T03:47:50.882-0400: 68.591: [GC (GCLocker Initiated GC) [PSYoungGen: 88064K->72797K(175104K)] 482140K->466874K(699392K), 0.0096396 secs] [Times: user=0.10 sys=0.00, real=0.00 secs] 
2016-09-24T03:47:50.954-0400: 68.662: [GC (GCLocker Initiated GC) [PSYoungGen: 160861K->46198K(175104K)] 565853K->484497K(699392K), 0.0065719 secs] [Times: user=0.09 sys=0.00, real=0.01 secs] 
2016-09-24T03:47:50.993-0400: 68.702: [GC (GCLocker Initiated GC) [PSYoungGen: 134262K->80335K(175104K)] 577971K->556310K(699392K), 0.0085505 secs] [Times: user=0.13 sys=0.01, real=0.01 secs] 
2016-09-24T03:47:51.053-0400: 68.762: [Full GC (Ergonomics) [PSYoungGen: 168399K->0K(175104K)] [ParOldGen: 486688K->398899K(524288K)] 655088K->398899K(699392K), [Metaspace: 43897K->43897K(1087488K)], 0.0534528 secs] [Times: user=0.50 sys=0.00, real=0.06 secs] 
2016-09-24T03:47:51.152-0400: 68.860: [GC (GCLocker Initiated GC) [PSYoungGen: 88064K->74833K(175104K)] 489717K->476487K(699392K), 0.0063598 secs] [Times: user=0.09 sys=0.01, real=0.01 secs] 
2016-09-24T03:47:51.187-0400: 68.896: [GC (GCLocker Initiated GC) [PSYoungGen: 162897K->79697K(175104K)] 564656K->496417K(699392K), 0.0081638 secs] [Times: user=0.13 sys=0.00, real=0.01 secs] 
2016-09-24T03:47:51.249-0400: 68.958: [GC (GCLocker Initiated GC) [PSYoungGen: 167761K->59678K(175104K)] 601258K->494060K(699392K), 0.0064327 secs] [Times: user=0.10 sys=0.00, real=0.01 secs] 
2016-09-24T03:47:51.301-0400: 69.010: [GC (GCLocker Initiated GC) [PSYoungGen: 147742K->30722K(175104K)] 593020K->489202K(699392K), 0.0127530 secs] [Times: user=0.17 sys=0.00, real=0.01 secs] 
2016-09-24T03:47:52.357-0400: 70.065: [GC (Allocation Failure) [PSYoungGen: 118786K->5786K(175104K)] 577331K->465009K(699392K), 0.0142467 secs] [Times: user=0.14 sys=0.00, real=0.01 secs] 
2016-09-24T03:47:57.763-0400: 75.472: [GC (Allocation Failure) [PSYoungGen: 93850K->21124K(175104K)] 553073K->485742K(699392K), 0.0143133 secs] [Times: user=0.11 sys=0.03, real=0.01 secs] 
2016-09-24T03:48:03.102-0400: 80.810: [GC (Allocation Failure) [PSYoungGen: 109188K->22341K(175104K)] 573806K->507675K(699392K), 0.0146387 secs] [Times: user=0.06 sys=0.02, real=0.02 secs] 
2016-09-24T03:48:08.302-0400: 86.010: [GC (Allocation Failure) [PSYoungGen: 110405K->20484K(175104K)] 595739K->527912K(699392K), 0.0261658 secs] [Times: user=0.18 sys=0.06, real=0.03 secs] 
2016-09-24T03:48:08.328-0400: 86.037: [Full GC (Ergonomics) [PSYoungGen: 20484K->0K(175104K)] [ParOldGen: 507427K->334322K(524288K)] 527912K->334322K(699392K), [Metaspace: 43979K->43979K(1087488K)], 0.1121998 secs] [Times: user=0.74 sys=0.02, real=0.11 secs] 
2016-09-24T03:48:13.775-0400: 91.484: [GC (Allocation Failure) [PSYoungGen: 88064K->22597K(175104K)] 422386K->356919K(699392K), 0.0421057 secs] [Times: user=0.44 sys=0.00, real=0.04 secs] 
2016-09-24T03:48:18.756-0400: 96.465: [GC (Allocation Failure) [PSYoungGen: 110650K->20788K(175104K)] 444972K->377388K(699392K), 0.0162609 secs] [Times: user=0.15 sys=0.00, real=0.01 secs] 
