Java HotSpot(TM) 64-Bit Server VM (25.101-b13) for linux-amd64 JRE (1.8.0_101-b13), built on Jun 22 2016 02:59:44 by "java_re" with gcc 4.3.0 20080428 (Red Hat 4.3.0-8)
Memory: 4k page, physical 264122320k(224006104k free), swap 268399612k(268399612k free)
CommandLine flags: -XX:GCLogFileSize=1048576 -XX:+HeapDumpOnOutOfMemoryError -XX:HeapDumpPath=artifacts/heapdump -XX:InitialHeapSize=805306368 -XX:MaxHeapSize=805306368 -XX:NumberOfGCLogFiles=10 -XX:+PrintGC -XX:+PrintGCDateStamps -XX:+PrintGCDetails -XX:+PrintGCTimeStamps -XX:+UseCompressedClassPointers -XX:+UseCompressedOops -XX:+UseGCLogFileRotation -XX:+UseParallelGC 
2016-09-24T03:05:22.685-0400: 2.237: [GC (Metadata GC Threshold) [PSYoungGen: 121898K->15601K(229376K)] 121898K->15689K(753664K), 0.0357507 secs] [Times: user=0.29 sys=0.00, real=0.03 secs] 
2016-09-24T03:05:22.721-0400: 2.273: [Full GC (Metadata GC Threshold) [PSYoungGen: 15601K->0K(229376K)] [ParOldGen: 88K->14599K(317952K)] 15689K->14599K(547328K), [Metaspace: 21071K->21071K(1067008K)], 0.0412426 secs] [Times: user=0.32 sys=0.04, real=0.04 secs] 
2016-09-24T03:05:24.592-0400: 4.145: [GC (Metadata GC Threshold) [PSYoungGen: 123242K->15198K(229376K)] 137842K->29934K(547328K), 0.0173969 secs] [Times: user=0.12 sys=0.00, real=0.02 secs] 
2016-09-24T03:05:24.610-0400: 4.162: [Full GC (Metadata GC Threshold) [PSYoungGen: 15198K->0K(229376K)] [ParOldGen: 14735K->20579K(524288K)] 29934K->20579K(753664K), [Metaspace: 34976K->34976K(1079296K)], 0.0581314 secs] [Times: user=0.43 sys=0.01, real=0.06 secs] 
2016-09-24T03:05:26.304-0400: 5.856: [GC (GCLocker Initiated GC) [PSYoungGen: 195005K->32742K(229376K)] 218285K->72796K(753664K), 0.0353192 secs] [Times: user=0.39 sys=0.03, real=0.03 secs] 
2016-09-24T03:05:26.535-0400: 6.087: [GC (GCLocker Initiated GC) [PSYoungGen: 229350K->32748K(229376K)] 272233K->112186K(753664K), 0.0084276 secs] [Times: user=0.11 sys=0.01, real=0.01 secs] 
2016-09-24T03:05:26.645-0400: 6.197: [GC (GCLocker Initiated GC) [PSYoungGen: 229356K->32757K(229376K)] 314438K->150423K(753664K), 0.0088879 secs] [Times: user=0.12 sys=0.01, real=0.00 secs] 
2016-09-24T03:05:26.770-0400: 6.322: [GC (GCLocker Initiated GC) [PSYoungGen: 229365K->32757K(120832K)] 355197K->183141K(645120K), 0.0114343 secs] [Times: user=0.14 sys=0.03, real=0.01 secs] 
2016-09-24T03:05:26.828-0400: 6.380: [GC (GCLocker Initiated GC) [PSYoungGen: 120821K->69643K(175104K)] 271309K->220139K(699392K), 0.0095364 secs] [Times: user=0.12 sys=0.00, real=0.01 secs] 
2016-09-24T03:05:26.875-0400: 6.427: [GC (GCLocker Initiated GC) [PSYoungGen: 157707K->60437K(175104K)] 316388K->227309K(699392K), 0.0093015 secs] [Times: user=0.14 sys=0.01, real=0.01 secs] 
2016-09-24T03:05:26.937-0400: 6.490: [GC (GCLocker Initiated GC) [PSYoungGen: 148501K->80655K(175104K)] 320843K->255950K(699392K), 0.0097534 secs] [Times: user=0.13 sys=0.03, real=0.01 secs] 
2016-09-24T03:05:26.986-0400: 6.538: [GC (GCLocker Initiated GC) [PSYoungGen: 168719K->34671K(175104K)] 349467K->253577K(699392K), 0.0071112 secs] [Times: user=0.09 sys=0.00, real=0.00 secs] 
2016-09-24T03:05:27.049-0400: 6.602: [GC (GCLocker Initiated GC) [PSYoungGen: 122735K->50704K(175104K)] 347274K->289118K(699392K), 0.0062796 secs] [Times: user=0.09 sys=0.00, real=0.01 secs] 
2016-09-24T03:05:27.097-0400: 6.649: [GC (GCLocker Initiated GC) [PSYoungGen: 138768K->66886K(175104K)] 377271K->307003K(699392K), 0.0065607 secs] [Times: user=0.10 sys=0.00, real=0.01 secs] 
2016-09-24T03:05:27.141-0400: 6.694: [GC (GCLocker Initiated GC) [PSYoungGen: 154950K->74986K(175104K)] 395188K->323571K(699392K), 0.0063778 secs] [Times: user=0.11 sys=0.01, real=0.01 secs] 
2016-09-24T03:05:27.187-0400: 6.740: [GC (GCLocker Initiated GC) [PSYoungGen: 163050K->52036K(175104K)] 411746K->315845K(699392K), 0.0062672 secs] [Times: user=0.07 sys=0.02, real=0.00 secs] 
2016-09-24T03:05:27.234-0400: 6.786: [GC (GCLocker Initiated GC) [PSYoungGen: 140100K->57404K(175104K)] 406698K->326901K(699392K), 0.0064421 secs] [Times: user=0.07 sys=0.00, real=0.01 secs] 
2016-09-24T03:05:27.290-0400: 6.843: [GC (GCLocker Initiated GC) [PSYoungGen: 145468K->49117K(175104K)] 415067K->324324K(699392K), 0.0094609 secs] [Times: user=0.09 sys=0.00, real=0.01 secs] 
2016-09-24T03:05:27.350-0400: 6.903: [GC (GCLocker Initiated GC) [PSYoungGen: 137181K->54561K(175104K)] 415111K->339473K(699392K), 0.0132643 secs] [Times: user=0.20 sys=0.00, real=0.02 secs] 
2016-09-24T03:05:27.405-0400: 6.958: [GC (GCLocker Initiated GC) [PSYoungGen: 142625K->53246K(169984K)] 427671K->343906K(694272K), 0.0070456 secs] [Times: user=0.07 sys=0.00, real=0.00 secs] 
2016-09-24T03:05:27.463-0400: 7.016: [GC (GCLocker Initiated GC) [PSYoungGen: 141310K->34471K(172544K)] 444133K->351008K(696832K), 0.0062512 secs] [Times: user=0.06 sys=0.01, real=0.00 secs] 
2016-09-24T03:05:27.515-0400: 7.067: [GC (GCLocker Initiated GC) [PSYoungGen: 122535K->54657K(173056K)] 447222K->379658K(697344K), 0.0051375 secs] [Times: user=0.08 sys=0.00, real=0.00 secs] 
2016-09-24T03:05:27.570-0400: 7.123: [GC (GCLocker Initiated GC) [PSYoungGen: 147329K->20639K(175104K)] 477803K->364761K(699392K), 0.0086338 secs] [Times: user=0.05 sys=0.00, real=0.01 secs] 
2016-09-24T03:05:27.627-0400: 7.179: [GC (GCLocker Initiated GC) [PSYoungGen: 113311K->41207K(177664K)] 462920K->414054K(701952K), 0.0134767 secs] [Times: user=0.17 sys=0.00, real=0.01 secs] 
2016-09-24T03:05:27.692-0400: 7.244: [GC (GCLocker Initiated GC) [PSYoungGen: 135415K->65646K(160256K)] 513797K->460491K(684544K), 0.0071258 secs] [Times: user=0.12 sys=0.00, real=0.01 secs] 
2016-09-24T03:05:27.750-0400: 7.302: [GC (GCLocker Initiated GC) [PSYoungGen: 159854K->65643K(174080K)] 554749K->482411K(698368K), 0.0079165 secs] [Times: user=0.09 sys=0.03, real=0.01 secs] 
2016-09-24T03:05:27.798-0400: 7.350: [GC (GCLocker Initiated GC) [PSYoungGen: 153707K->60114K(175104K)] 570604K->480014K(699392K), 0.0075535 secs] [Times: user=0.07 sys=0.00, real=0.01 secs] 
2016-09-24T03:05:27.852-0400: 7.404: [GC (GCLocker Initiated GC) [PSYoungGen: 148178K->58955K(174080K)] 573593K->506312K(698368K), 0.0079685 secs] [Times: user=0.09 sys=0.03, real=0.01 secs] 
2016-09-24T03:05:27.907-0400: 7.460: [GC (GCLocker Initiated GC) [PSYoungGen: 147019K->57648K(145920K)] 599836K->537828K(670208K), 0.0070242 secs] [Times: user=0.08 sys=0.02, real=0.01 secs] 
2016-09-24T03:05:27.958-0400: 7.510: [GC (GCLocker Initiated GC) [PSYoungGen: 145712K->48088K(176128K)] 628620K->565186K(700416K), 0.0074501 secs] [Times: user=0.09 sys=0.01, real=0.01 secs] 
2016-09-24T03:05:27.965-0400: 7.518: [Full GC (Ergonomics) [PSYoungGen: 48088K->0K(176128K)] [ParOldGen: 517098K->52030K(524288K)] 565186K->52030K(700416K), [Metaspace: 42890K->42870K(1085440K)], 0.1851751 secs] [Times: user=2.45 sys=0.07, real=0.18 secs] 
2016-09-24T03:05:28.201-0400: 7.753: [GC (GCLocker Initiated GC) [PSYoungGen: 91648K->67432K(174080K)] 146633K->122426K(698368K), 0.0069825 secs] [Times: user=0.10 sys=0.00, real=0.01 secs] 
2016-09-24T03:05:28.256-0400: 7.808: [GC (GCLocker Initiated GC) [PSYoungGen: 159080K->54820K(176128K)] 223685K->121553K(700416K), 0.0084508 secs] [Times: user=0.08 sys=0.00, real=0.01 secs] 
2016-09-24T03:05:28.316-0400: 7.868: [GC (GCLocker Initiated GC) [PSYoungGen: 149540K->54884K(176640K)] 225784K->153132K(700928K), 0.0072536 secs] [Times: user=0.09 sys=0.00, real=0.01 secs] 
2016-09-24T03:05:28.366-0400: 7.919: [GC (GCLocker Initiated GC) [PSYoungGen: 149604K->63048K(177664K)] 250590K->186078K(701952K), 0.0068604 secs] [Times: user=0.10 sys=0.00, real=0.00 secs] 
2016-09-24T03:05:28.430-0400: 7.982: [GC (GCLocker Initiated GC) [PSYoungGen: 161352K->77866K(176640K)] 284468K->201418K(700928K), 0.0100135 secs] [Times: user=0.14 sys=0.00, real=0.01 secs] 
2016-09-24T03:05:28.489-0400: 8.042: [GC (GCLocker Initiated GC) [PSYoungGen: 176170K->68526K(173568K)] 305265K->223699K(697856K), 0.0072179 secs] [Times: user=0.11 sys=0.00, real=0.01 secs] 
2016-09-24T03:05:28.538-0400: 8.091: [GC (GCLocker Initiated GC) [PSYoungGen: 156590K->65702K(175104K)] 311887K->237657K(699392K), 0.0058681 secs] [Times: user=0.08 sys=0.00, real=0.01 secs] 
2016-09-24T03:05:28.594-0400: 8.146: [GC (GCLocker Initiated GC) [PSYoungGen: 153766K->44006K(174080K)] 325941K->234121K(698368K), 0.0073925 secs] [Times: user=0.07 sys=0.00, real=0.01 secs] 
2016-09-24T03:05:28.641-0400: 8.193: [GC (GCLocker Initiated GC) [PSYoungGen: 132070K->52042K(174592K)] 322277K->247999K(698880K), 0.0108740 secs] [Times: user=0.07 sys=0.00, real=0.01 secs] 
2016-09-24T03:05:28.694-0400: 8.247: [GC (GCLocker Initiated GC) [PSYoungGen: 140104K->54884K(171520K)] 336317K->267630K(695808K), 0.0140038 secs] [Times: user=0.16 sys=0.00, real=0.01 secs] 
2016-09-24T03:05:28.750-0400: 8.303: [GC (GCLocker Initiated GC) [PSYoungGen: 145508K->68288K(173056K)] 361023K->284167K(697344K), 0.0078610 secs] [Times: user=0.05 sys=0.00, real=0.01 secs] 
2016-09-24T03:05:28.798-0400: 8.351: [GC (GCLocker Initiated GC) [PSYoungGen: 158912K->44020K(178176K)] 378621K->277616K(702464K), 0.0078484 secs] [Times: user=0.05 sys=0.00, real=0.01 secs] 
2016-09-24T03:05:28.849-0400: 8.402: [GC (GCLocker Initiated GC) [PSYoungGen: 138228K->61652K(156160K)] 371886K->297072K(680448K), 0.0067744 secs] [Times: user=0.07 sys=0.00, real=0.01 secs] 
2016-09-24T03:05:28.899-0400: 8.452: [GC (GCLocker Initiated GC) [PSYoungGen: 155860K->52166K(178688K)] 400800K->308255K(702976K), 0.0097959 secs] [Times: user=0.10 sys=0.00, real=0.01 secs] 
2016-09-24T03:05:28.958-0400: 8.511: [GC (GCLocker Initiated GC) [PSYoungGen: 147910K->69766K(177152K)] 408234K->354855K(701440K), 0.0065376 secs] [Times: user=0.07 sys=0.00, real=0.01 secs] 
2016-09-24T03:05:29.018-0400: 8.571: [GC (GCLocker Initiated GC) [PSYoungGen: 165510K->50834K(179200K)] 452007K->353967K(703488K), 0.0063210 secs] [Times: user=0.08 sys=0.00, real=0.01 secs] 
2016-09-24T03:05:29.065-0400: 8.618: [GC (GCLocker Initiated GC) [PSYoungGen: 146578K->64174K(178176K)] 449940K->373325K(702464K), 0.0072361 secs] [Times: user=0.06 sys=0.00, real=0.00 secs] 
2016-09-24T03:05:29.120-0400: 8.673: [GC (GCLocker Initiated GC) [PSYoungGen: 159918K->44034K(178688K)] 476084K->360564K(702976K), 0.0060059 secs] [Times: user=0.05 sys=0.00, real=0.01 secs] 
2016-09-24T03:05:29.177-0400: 8.730: [GC (GCLocker Initiated GC) [PSYoungGen: 140290K->58934K(155648K)] 462466K->381536K(679936K), 0.0100848 secs] [Times: user=0.14 sys=0.00, real=0.01 secs] 
2016-09-24T03:05:29.232-0400: 8.785: [GC (GCLocker Initiated GC) [PSYoungGen: 155190K->68384K(176640K)] 477821K->391389K(700928K), 0.0112788 secs] [Times: user=0.17 sys=0.00, real=0.02 secs] 
2016-09-24T03:05:29.287-0400: 8.839: [GC (GCLocker Initiated GC) [PSYoungGen: 164128K->58966K(178176K)] 495309K->414867K(702464K), 0.0065179 secs] [Times: user=0.09 sys=0.00, real=0.00 secs] 
2016-09-24T03:05:29.370-0400: 8.922: [GC (GCLocker Initiated GC) [PSYoungGen: 154710K->53612K(178176K)] 525531K->435644K(702464K), 0.0069817 secs] [Times: user=0.07 sys=0.00, real=0.01 secs] 
2016-09-24T03:05:29.421-0400: 8.973: [GC (GCLocker Initiated GC) [PSYoungGen: 152940K->64384K(178688K)] 535087K->457812K(702976K), 0.0064102 secs] [Times: user=0.08 sys=0.01, real=0.01 secs] 
2016-09-24T03:05:29.477-0400: 9.029: [GC (GCLocker Initiated GC) [PSYoungGen: 163712K->56357K(179712K)] 568047K->478716K(704000K), 0.0064138 secs] [Times: user=0.08 sys=0.00, real=0.01 secs] 
2016-09-24T03:05:29.525-0400: 9.078: [GC (GCLocker Initiated GC) [PSYoungGen: 159781K->76548K(180224K)] 582217K->518386K(704512K), 0.0074187 secs] [Times: user=0.10 sys=0.00, real=0.00 secs] 
2016-09-24T03:05:29.579-0400: 9.131: [GC (GCLocker Initiated GC) [PSYoungGen: 179972K->68448K(177152K)] 622031K->535266K(701440K), 0.0075766 secs] [Times: user=0.10 sys=0.00, real=0.01 secs] 
2016-09-24T03:05:29.636-0400: 9.188: [GC (GCLocker Initiated GC) [PSYoungGen: 163680K->64490K(178688K)] 633232K->545277K(702976K), 0.0063530 secs] [Times: user=0.09 sys=0.00, real=0.01 secs] 
2016-09-24T03:05:29.683-0400: 9.236: [GC (GCLocker Initiated GC) [PSYoungGen: 159722K->64366K(177152K)] 650031K->574046K(701440K), 0.0070523 secs] [Times: user=0.09 sys=0.00, real=0.00 secs] 
2016-09-24T03:05:29.691-0400: 9.243: [Full GC (Ergonomics) [PSYoungGen: 64366K->0K(177152K)] [ParOldGen: 509680K->67199K(524288K)] 574046K->67199K(701440K), [Metaspace: 43165K->43165K(1085440K)], 0.0551432 secs] [Times: user=0.33 sys=0.01, real=0.06 secs] 
2016-09-24T03:05:29.793-0400: 9.346: [GC (GCLocker Initiated GC) [PSYoungGen: 96256K->70054K(178176K)] 167581K->141380K(702464K), 0.0055395 secs] [Times: user=0.07 sys=0.00, real=0.01 secs] 
2016-09-24T03:05:29.841-0400: 9.393: [GC (GCLocker Initiated GC) [PSYoungGen: 166310K->71162K(177152K)] 243287K->175831K(701440K), 0.0073867 secs] [Times: user=0.11 sys=0.00, real=0.01 secs] 
2016-09-24T03:05:29.907-0400: 9.459: [GC (GCLocker Initiated GC) [PSYoungGen: 165370K->58948K(178176K)] 282216K->176236K(702464K), 0.0055169 secs] [Times: user=0.06 sys=0.00, real=0.00 secs] 
2016-09-24T03:05:29.960-0400: 9.512: [GC (GCLocker Initiated GC) [PSYoungGen: 153156K->69706K(177664K)] 270525K->190233K(701952K), 0.0068131 secs] [Times: user=0.09 sys=0.00, real=0.01 secs] 
2016-09-24T03:05:30.010-0400: 9.563: [GC (GCLocker Initiated GC) [PSYoungGen: 164426K->71116K(178176K)] 285075K->192109K(702464K), 0.0058482 secs] [Times: user=0.07 sys=0.00, real=0.01 secs] 
2016-09-24T03:05:30.060-0400: 9.613: [GC (GCLocker Initiated GC) [PSYoungGen: 165836K->76562K(173056K)] 289586K->211547K(697344K), 0.0077014 secs] [Times: user=0.11 sys=0.00, real=0.01 secs] 
2016-09-24T03:05:30.111-0400: 9.664: [GC (GCLocker Initiated GC) [PSYoungGen: 165650K->62952K(175616K)] 306281K->204017K(699904K), 0.0096834 secs] [Times: user=0.13 sys=0.00, real=0.01 secs] 
2016-09-24T03:05:30.168-0400: 9.721: [GC (GCLocker Initiated GC) [PSYoungGen: 152040K->65702K(171520K)] 293228K->208660K(695808K), 0.0058815 secs] [Times: user=0.08 sys=0.00, real=0.01 secs] 
2016-09-24T03:05:30.221-0400: 9.773: [GC (GCLocker Initiated GC) [PSYoungGen: 156326K->49436K(174080K)] 304826K->198293K(698368K), 0.0068693 secs] [Times: user=0.06 sys=0.00, real=0.01 secs] 
2016-09-24T03:05:30.277-0400: 9.830: [GC (GCLocker Initiated GC) [PSYoungGen: 140060K->45356K(175616K)] 294338K->201396K(699904K), 0.0054127 secs] [Times: user=0.05 sys=0.00, real=0.01 secs] 
2016-09-24T03:05:30.329-0400: 9.882: [GC (GCLocker Initiated GC) [PSYoungGen: 136492K->45447K(136704K)] 303447K->223561K(660992K), 0.0063986 secs] [Times: user=0.06 sys=0.00, real=0.01 secs] 
2016-09-24T03:05:30.381-0400: 9.933: [GC (GCLocker Initiated GC) [PSYoungGen: 136583K->64334K(177152K)] 317476K->252449K(701440K), 0.0064239 secs] [Times: user=0.08 sys=0.01, real=0.01 secs] 
2016-09-24T03:05:30.427-0400: 9.979: [GC (GCLocker Initiated GC) [PSYoungGen: 155470K->72466K(163840K)] 349072K->267814K(688128K), 0.0057166 secs] [Times: user=0.07 sys=0.00, real=0.00 secs] 
2016-09-24T03:05:30.480-0400: 10.032: [GC (GCLocker Initiated GC) [PSYoungGen: 163602K->56266K(176640K)] 359020K->265596K(700928K), 0.0060861 secs] [Times: user=0.08 sys=0.00, real=0.01 secs] 
2016-09-24T03:05:30.521-0400: 10.074: [GC (GCLocker Initiated GC) [PSYoungGen: 146378K->68416K(175616K)] 355866K->286439K(699904K), 0.0059152 secs] [Times: user=0.07 sys=0.01, real=0.01 secs] 
2016-09-24T03:05:30.573-0400: 10.125: [GC (GCLocker Initiated GC) [PSYoungGen: 158528K->58934K(173568K)] 380615K->297618K(697856K), 0.0085919 secs] [Times: user=0.11 sys=0.00, real=0.01 secs] 
2016-09-24T03:05:30.621-0400: 10.173: [GC (GCLocker Initiated GC) [PSYoungGen: 150070K->77866K(174592K)] 388844K->317068K(698880K), 0.0084643 secs] [Times: user=0.10 sys=0.00, real=0.01 secs] 
2016-09-24T03:05:30.670-0400: 10.222: [GC (GCLocker Initiated GC) [PSYoungGen: 169002K->71148K(175104K)] 413716K->327057K(699392K), 0.0063279 secs] [Times: user=0.08 sys=0.00, real=0.01 secs] 
2016-09-24T03:05:30.715-0400: 10.267: [GC (GCLocker Initiated GC) [PSYoungGen: 159212K->64430K(152576K)] 423298K->347836K(676864K), 0.0067734 secs] [Times: user=0.08 sys=0.00, real=0.00 secs] 
2016-09-24T03:05:30.765-0400: 10.317: [GC (GCLocker Initiated GC) [PSYoungGen: 152494K->73816K(173056K)] 444076K->368541K(697344K), 0.0062211 secs] [Times: user=0.08 sys=0.00, real=0.00 secs] 
2016-09-24T03:05:30.816-0400: 10.369: [GC (GCLocker Initiated GC) [PSYoungGen: 160856K->64288K(174080K)] 455788K->385322K(698368K), 0.0073777 secs] [Times: user=0.11 sys=0.01, real=0.01 secs] 
2016-09-24T03:05:30.865-0400: 10.417: [GC (GCLocker Initiated GC) [PSYoungGen: 151328K->56219K(174592K)] 472581K->396778K(698880K), 0.0057695 secs] [Times: user=0.06 sys=0.01, real=0.00 secs] 
2016-09-24T03:05:30.912-0400: 10.465: [GC (GCLocker Initiated GC) [PSYoungGen: 145819K->76515K(174080K)] 494628K->425682K(698368K), 0.0059260 secs] [Times: user=0.07 sys=0.00, real=0.01 secs] 
2016-09-24T03:05:30.956-0400: 10.508: [GC (GCLocker Initiated GC) [PSYoungGen: 166115K->72465K(175104K)] 515313K->432866K(699392K), 0.0067395 secs] [Times: user=0.08 sys=0.00, real=0.01 secs] 
2016-09-24T03:05:31.001-0400: 10.553: [GC (GCLocker Initiated GC) [PSYoungGen: 160529K->71207K(175104K)] 523811K->453815K(699392K), 0.0070305 secs] [Times: user=0.08 sys=0.00, real=0.01 secs] 
2016-09-24T03:05:31.056-0400: 10.608: [GC (GCLocker Initiated GC) [PSYoungGen: 159271K->42655K(175104K)] 544717K->441996K(699392K), 0.0058638 secs] [Times: user=0.07 sys=0.01, real=0.00 secs] 
2016-09-24T03:05:31.104-0400: 10.656: [GC (GCLocker Initiated GC) [PSYoungGen: 130719K->54805K(175104K)] 542347K->466791K(699392K), 0.0081642 secs] [Times: user=0.09 sys=0.00, real=0.00 secs] 
2016-09-24T03:05:31.153-0400: 10.706: [GC (GCLocker Initiated GC) [PSYoungGen: 142869K->50787K(175104K)] 560467K->490350K(699392K), 0.0059797 secs] [Times: user=0.06 sys=0.01, real=0.01 secs] 
2016-09-24T03:05:31.197-0400: 10.750: [GC (GCLocker Initiated GC) [PSYoungGen: 138851K->58887K(147456K)] 583840K->509658K(671744K), 0.0100029 secs] [Times: user=0.13 sys=0.00, real=0.01 secs] 
2016-09-24T03:05:31.263-0400: 10.816: [GC (GCLocker Initiated GC) [PSYoungGen: 146951K->37503K(173056K)] 618867K->509784K(697344K), 0.0056384 secs] [Times: user=0.06 sys=0.00, real=0.00 secs] 
2016-09-24T03:05:31.315-0400: 10.867: [GC (GCLocker Initiated GC) [PSYoungGen: 124543K->52137K(174080K)] 605025K->535869K(698368K), 0.0077657 secs] [Times: user=0.10 sys=0.00, real=0.01 secs] 
2016-09-24T03:05:31.362-0400: 10.914: [GC (GCLocker Initiated GC) [PSYoungGen: 139177K->72401K(174080K)] 628393K->561944K(698368K), 0.0060123 secs] [Times: user=0.08 sys=0.01, real=0.01 secs] 
2016-09-24T03:05:31.415-0400: 10.968: [GC (GCLocker Initiated GC) [PSYoungGen: 160465K->84570K(175104K)] 650101K->581366K(699392K), 0.0071923 secs] [Times: user=0.10 sys=0.01, real=0.01 secs] 
2016-09-24T03:05:31.422-0400: 10.975: [Full GC (Ergonomics) [PSYoungGen: 84570K->0K(175104K)] [ParOldGen: 496796K->75372K(524288K)] 581366K->75372K(699392K), [Metaspace: 43240K->43240K(1085440K)], 0.0462633 secs] [Times: user=0.38 sys=0.00, real=0.04 secs] 
2016-09-24T03:05:31.514-0400: 11.066: [GC (GCLocker Initiated GC) [PSYoungGen: 88064K->74167K(175104K)] 163515K->149619K(699392K), 0.0056416 secs] [Times: user=0.08 sys=0.00, real=0.01 secs] 
2016-09-24T03:05:31.558-0400: 11.111: [GC (GCLocker Initiated GC) [PSYoungGen: 162231K->73815K(175104K)] 237840K->163641K(699392K), 0.0064957 secs] [Times: user=0.09 sys=0.00, real=0.01 secs] 
2016-09-24T03:05:31.606-0400: 11.158: [GC (GCLocker Initiated GC) [PSYoungGen: 161879K->72466K(175104K)] 254626K->176423K(699392K), 0.0067837 secs] [Times: user=0.09 sys=0.00, real=0.00 secs] 
2016-09-24T03:05:31.661-0400: 11.214: [GC (GCLocker Initiated GC) [PSYoungGen: 160530K->53533K(175104K)] 265929K->170168K(699392K), 0.0058359 secs] [Times: user=0.08 sys=0.00, real=0.01 secs] 
2016-09-24T03:05:31.707-0400: 11.260: [GC (GCLocker Initiated GC) [PSYoungGen: 141597K->56174K(175104K)] 263667K->181339K(699392K), 0.0051294 secs] [Times: user=0.07 sys=0.00, real=0.00 secs] 
2016-09-24T03:05:31.750-0400: 11.303: [GC (GCLocker Initiated GC) [PSYoungGen: 144238K->73784K(175104K)] 269603K->208943K(699392K), 0.0062418 secs] [Times: user=0.08 sys=0.00, real=0.01 secs] 
2016-09-24T03:05:31.806-0400: 11.359: [GC (GCLocker Initiated GC) [PSYoungGen: 161848K->45401K(175104K)] 305333K->212239K(699392K), 0.0100203 secs] [Times: user=0.11 sys=0.00, real=0.01 secs] 
2016-09-24T03:05:31.861-0400: 11.413: [GC (GCLocker Initiated GC) [PSYoungGen: 133465K->57615K(175104K)] 307099K->234361K(699392K), 0.0053455 secs] [Times: user=0.07 sys=0.00, real=0.01 secs] 
2016-09-24T03:05:31.903-0400: 11.455: [GC (GCLocker Initiated GC) [PSYoungGen: 145679K->75165K(175104K)] 328067K->257956K(699392K), 0.0059856 secs] [Times: user=0.07 sys=0.00, real=0.00 secs] 
2016-09-24T03:05:31.952-0400: 11.505: [GC (GCLocker Initiated GC) [PSYoungGen: 163229K->69655K(175104K)] 346105K->255666K(699392K), 0.0054194 secs] [Times: user=0.07 sys=0.00, real=0.01 secs] 
2016-09-24T03:05:31.996-0400: 11.549: [GC (GCLocker Initiated GC) [PSYoungGen: 157719K->64429K(175104K)] 346465K->269764K(699392K), 0.0062705 secs] [Times: user=0.09 sys=0.00, real=0.01 secs] 
2016-09-24T03:05:32.046-0400: 11.599: [GC (GCLocker Initiated GC) [PSYoungGen: 152493K->40001K(175104K)] 361984K->274291K(699392K), 0.0057115 secs] [Times: user=0.07 sys=0.00, real=0.00 secs] 
2016-09-24T03:05:32.090-0400: 11.642: [GC (GCLocker Initiated GC) [PSYoungGen: 128065K->56283K(175104K)] 362417K->320770K(699392K), 0.0065538 secs] [Times: user=0.08 sys=0.01, real=0.01 secs] 
2016-09-24T03:05:32.139-0400: 11.692: [GC (GCLocker Initiated GC) [PSYoungGen: 144347K->58920K(175104K)] 408898K->341494K(699392K), 0.0059699 secs] [Times: user=0.08 sys=0.00, real=0.01 secs] 
2016-09-24T03:05:32.176-0400: 11.729: [GC (GCLocker Initiated GC) [PSYoungGen: 146984K->75261K(175104K)] 429641K->377184K(699392K), 0.0062085 secs] [Times: user=0.09 sys=0.00, real=0.01 secs] 
2016-09-24T03:05:32.227-0400: 11.780: [GC (GCLocker Initiated GC) [PSYoungGen: 163325K->84615K(175104K)] 465306K->403287K(699392K), 0.0074019 secs] [Times: user=0.10 sys=0.00, real=0.01 secs] 
2016-09-24T03:05:32.274-0400: 11.826: [GC (GCLocker Initiated GC) [PSYoungGen: 172679K->75165K(175104K)] 497003K->410692K(699392K), 0.0064437 secs] [Times: user=0.09 sys=0.00, real=0.01 secs] 
2016-09-24T03:05:32.328-0400: 11.880: [GC (GCLocker Initiated GC) [PSYoungGen: 163229K->71037K(175104K)] 501585K->420620K(699392K), 0.0062270 secs] [Times: user=0.08 sys=0.00, real=0.00 secs] 
2016-09-24T03:05:32.375-0400: 11.927: [GC (GCLocker Initiated GC) [PSYoungGen: 159101K->60347K(175104K)] 511454K->427932K(699392K), 0.0060119 secs] [Times: user=0.08 sys=0.00, real=0.00 secs] 
2016-09-24T03:05:32.417-0400: 11.969: [GC (GCLocker Initiated GC) [PSYoungGen: 148411K->77962K(175104K)] 516161K->446186K(699392K), 0.0064564 secs] [Times: user=0.08 sys=0.01, real=0.01 secs] 
2016-09-24T03:05:32.460-0400: 12.013: [GC (GCLocker Initiated GC) [PSYoungGen: 166026K->64338K(175104K)] 534338K->445284K(699392K), 0.0063671 secs] [Times: user=0.09 sys=0.01, real=0.01 secs] 
2016-09-24T03:05:32.502-0400: 12.055: [GC (GCLocker Initiated GC) [PSYoungGen: 152402K->85997K(175104K)] 533353K->467321K(699392K), 0.0068914 secs] [Times: user=0.09 sys=0.01, real=0.00 secs] 
2016-09-24T03:05:32.547-0400: 12.100: [GC (GCLocker Initiated GC) [PSYoungGen: 174061K->80597K(175104K)] 560966K->467913K(699392K), 0.0068691 secs] [Times: user=0.08 sys=0.00, real=0.01 secs] 
2016-09-24T03:05:32.594-0400: 12.147: [GC (GCLocker Initiated GC) [PSYoungGen: 168661K->67033K(175104K)] 557458K->472440K(699392K), 0.0065632 secs] [Times: user=0.08 sys=0.00, real=0.00 secs] 
2016-09-24T03:05:32.637-0400: 12.190: [GC (GCLocker Initiated GC) [PSYoungGen: 155097K->75165K(175104K)] 560540K->499950K(699392K), 0.0071340 secs] [Times: user=0.09 sys=0.01, real=0.01 secs] 
2016-09-24T03:05:32.691-0400: 12.243: [GC (GCLocker Initiated GC) [PSYoungGen: 163229K->67033K(175104K)] 593499K->505776K(699392K), 0.0072055 secs] [Times: user=0.09 sys=0.01, real=0.01 secs] 
2016-09-24T03:05:32.746-0400: 12.298: [GC (GCLocker Initiated GC) [PSYoungGen: 155097K->58855K(175104K)] 596839K->523966K(699392K), 0.0069040 secs] [Times: user=0.09 sys=0.00, real=0.00 secs] 
2016-09-24T03:05:32.793-0400: 12.345: [GC (GCLocker Initiated GC) [PSYoungGen: 146919K->81869K(175104K)] 620172K->555464K(699392K), 0.0065559 secs] [Times: user=0.10 sys=0.00, real=0.01 secs] 
2016-09-24T03:05:32.838-0400: 12.390: [GC (GCLocker Initiated GC) [PSYoungGen: 169933K->60315K(175104K)] 647655K->560010K(699392K), 0.0090682 secs] [Times: user=0.09 sys=0.01, real=0.01 secs] 
2016-09-24T03:05:32.847-0400: 12.399: [Full GC (Ergonomics) [PSYoungGen: 60315K->0K(175104K)] [ParOldGen: 499695K->84610K(524288K)] 560010K->84610K(699392K), [Metaspace: 43267K->43267K(1085440K)], 0.0439250 secs] [Times: user=0.28 sys=0.04, real=0.04 secs] 
2016-09-24T03:05:32.939-0400: 12.492: [GC (GCLocker Initiated GC) [PSYoungGen: 88064K->59253K(175104K)] 178149K->149339K(699392K), 0.0123722 secs] [Times: user=0.16 sys=0.01, real=0.01 secs] 
2016-09-24T03:05:32.996-0400: 12.548: [GC (GCLocker Initiated GC) [PSYoungGen: 147317K->60283K(175104K)] 240943K->162780K(699392K), 0.0061826 secs] [Times: user=0.07 sys=0.01, real=0.00 secs] 
2016-09-24T03:05:33.039-0400: 12.591: [GC (GCLocker Initiated GC) [PSYoungGen: 148347K->54741K(175104K)] 250874K->164421K(699392K), 0.0068305 secs] [Times: user=0.05 sys=0.00, real=0.01 secs] 
2016-09-24T03:05:33.085-0400: 12.637: [GC (GCLocker Initiated GC) [PSYoungGen: 142805K->69843K(175104K)] 257951K->185354K(699392K), 0.0096857 secs] [Times: user=0.12 sys=0.01, real=0.01 secs] 
2016-09-24T03:05:33.134-0400: 12.686: [GC (GCLocker Initiated GC) [PSYoungGen: 157907K->60123K(175104K)] 278917K->181520K(699392K), 0.0064219 secs] [Times: user=0.06 sys=0.01, real=0.01 secs] 
2016-09-24T03:05:33.177-0400: 12.730: [GC (GCLocker Initiated GC) [PSYoungGen: 148187K->61570K(175104K)] 272510K->186280K(699392K), 0.0155046 secs] [Times: user=0.13 sys=0.01, real=0.01 secs] 
2016-09-24T03:05:33.302-0400: 12.855: [GC (GCLocker Initiated GC) [PSYoungGen: 149634K->46656K(175104K)] 282462K->182599K(699392K), 0.0053914 secs] [Times: user=0.04 sys=0.00, real=0.00 secs] 
2016-09-24T03:05:33.368-0400: 12.921: [GC (GCLocker Initiated GC) [PSYoungGen: 134720K->34473K(175104K)] 284293K->184402K(699392K), 0.0129130 secs] [Times: user=0.06 sys=0.01, real=0.01 secs] 
2016-09-24T03:05:33.425-0400: 12.978: [GC (GCLocker Initiated GC) [PSYoungGen: 122537K->60187K(175104K)] 276568K->214613K(699392K), 0.0128341 secs] [Times: user=0.18 sys=0.01, real=0.01 secs] 
2016-09-24T03:05:33.479-0400: 13.032: [GC (GCLocker Initiated GC) [PSYoungGen: 148251K->46815K(175104K)] 313504K->213791K(699392K), 0.0045607 secs] [Times: user=0.05 sys=0.00, real=0.01 secs] 
2016-09-24T03:05:33.529-0400: 13.081: [GC (GCLocker Initiated GC) [PSYoungGen: 134879K->52261K(140800K)] 304994K->241695K(665088K), 0.0056702 secs] [Times: user=0.08 sys=0.00, real=0.01 secs] 
2016-09-24T03:05:33.571-0400: 13.123: [GC (GCLocker Initiated GC) [PSYoungGen: 140325K->76502K(174080K)] 329865K->266453K(698368K), 0.0059451 secs] [Times: user=0.08 sys=0.01, real=0.01 secs] 
2016-09-24T03:05:33.616-0400: 13.169: [GC (GCLocker Initiated GC) [PSYoungGen: 164054K->57551K(174592K)] 359532K->269595K(698880K), 0.0104056 secs] [Times: user=0.13 sys=0.01, real=0.01 secs] 
2016-09-24T03:05:33.663-0400: 13.216: [GC (GCLocker Initiated GC) [PSYoungGen: 145103K->71115K(175104K)] 360085K->305416K(699392K), 0.0122412 secs] [Times: user=0.16 sys=0.01, real=0.01 secs] 
2016-09-24T03:05:33.712-0400: 13.265: [GC (GCLocker Initiated GC) [PSYoungGen: 159179K->69766K(175104K)] 396399K->307388K(699392K), 0.0064226 secs] [Times: user=0.06 sys=0.01, real=0.01 secs] 
2016-09-24T03:05:33.762-0400: 13.314: [GC (GCLocker Initiated GC) [PSYoungGen: 157830K->63034K(175104K)] 398213K->305154K(699392K), 0.0217592 secs] [Times: user=0.27 sys=0.03, real=0.03 secs] 
2016-09-24T03:05:33.839-0400: 13.391: [GC (GCLocker Initiated GC) [PSYoungGen: 151098K->36107K(175104K)] 409550K->319233K(699392K), 0.0055951 secs] [Times: user=0.07 sys=0.00, real=0.01 secs] 
2016-09-24T03:05:33.892-0400: 13.445: [GC (GCLocker Initiated GC) [PSYoungGen: 124171K->69688K(175104K)] 410105K->372324K(699392K), 0.0097830 secs] [Times: user=0.13 sys=0.01, real=0.01 secs] 
2016-09-24T03:05:33.947-0400: 13.499: [GC (GCLocker Initiated GC) [PSYoungGen: 157752K->49547K(175104K)] 467209K->379616K(699392K), 0.0062775 secs] [Times: user=0.08 sys=0.00, real=0.00 secs] 
2016-09-24T03:05:34.003-0400: 13.556: [GC (GCLocker Initiated GC) [PSYoungGen: 137611K->52247K(175104K)] 474130K->412160K(699392K), 0.0065416 secs] [Times: user=0.08 sys=0.01, real=0.00 secs] 
2016-09-24T03:05:34.055-0400: 13.607: [GC (GCLocker Initiated GC) [PSYoungGen: 140311K->62984K(151552K)] 508441K->432930K(675840K), 0.0058193 secs] [Times: user=0.05 sys=0.01, real=0.00 secs] 
2016-09-24T03:05:34.099-0400: 13.651: [GC (GCLocker Initiated GC) [PSYoungGen: 151048K->67001K(174080K)] 527805K->457647K(698368K), 0.0100075 secs] [Times: user=0.14 sys=0.01, real=0.01 secs] 
2016-09-24T03:05:34.149-0400: 13.702: [GC (GCLocker Initiated GC) [PSYoungGen: 155065K->69688K(174080K)] 548521K->478364K(698368K), 0.0070495 secs] [Times: user=0.09 sys=0.01, real=0.01 secs] 
2016-09-24T03:05:34.202-0400: 13.754: [GC (GCLocker Initiated GC) [PSYoungGen: 157752K->53565K(175104K)] 571931K->478939K(699392K), 0.0064643 secs] [Times: user=0.07 sys=0.01, real=0.01 secs] 
2016-09-24T03:05:34.244-0400: 13.797: [GC (GCLocker Initiated GC) [PSYoungGen: 142653K->72470K(175104K)] 570942K->501154K(699392K), 0.0080392 secs] [Times: user=0.07 sys=0.01, real=0.00 secs] 
2016-09-24T03:05:34.298-0400: 13.850: [GC (GCLocker Initiated GC) [PSYoungGen: 161558K->71104K(175104K)] 597185K->520656K(699392K), 0.0100551 secs] [Times: user=0.13 sys=0.02, real=0.01 secs] 
2016-09-24T03:05:34.355-0400: 13.907: [GC (GCLocker Initiated GC) [PSYoungGen: 159168K->69674K(175104K)] 618246K->529145K(699392K), 0.0064485 secs] [Times: user=0.06 sys=0.01, real=0.00 secs] 
2016-09-24T03:05:34.401-0400: 13.954: [GC (GCLocker Initiated GC) [PSYoungGen: 157738K->71010K(175104K)] 622632K->549758K(699392K), 0.0076654 secs] [Times: user=0.10 sys=0.00, real=0.01 secs] 
2016-09-24T03:05:34.451-0400: 14.004: [GC (GCLocker Initiated GC) [PSYoungGen: 159074K->75124K(175104K)] 643416K->559758K(699392K), 0.0062736 secs] [Times: user=0.09 sys=0.00, real=0.01 secs] 
2016-09-24T03:05:34.495-0400: 14.047: [GC (GCLocker Initiated GC) [PSYoungGen: 163188K->61514K(175104K)] 655958K->568092K(699392K), 0.0100035 secs] [Times: user=0.15 sys=0.01, real=0.01 secs] 
2016-09-24T03:05:34.505-0400: 14.057: [Full GC (Ergonomics) [PSYoungGen: 61514K->0K(175104K)] [ParOldGen: 506577K->93576K(524288K)] 568092K->93576K(699392K), [Metaspace: 43271K->43271K(1085440K)], 0.0439065 secs] [Times: user=0.25 sys=0.05, real=0.04 secs] 
2016-09-24T03:05:34.586-0400: 14.138: [GC (GCLocker Initiated GC) [PSYoungGen: 88064K->75414K(175104K)] 189793K->177143K(699392K), 0.0056045 secs] [Times: user=0.07 sys=0.01, real=0.00 secs] 
2016-09-24T03:05:34.628-0400: 14.181: [GC (GCLocker Initiated GC) [PSYoungGen: 163478K->61518K(175104K)] 265235K->188302K(699392K), 0.0064949 secs] [Times: user=0.08 sys=0.01, real=0.01 secs] 
2016-09-24T03:05:34.669-0400: 14.222: [GC (GCLocker Initiated GC) [PSYoungGen: 149582K->83150K(175104K)] 279184K->212972K(699392K), 0.0065772 secs] [Times: user=0.09 sys=0.01, real=0.01 secs] 
2016-09-24T03:05:34.711-0400: 14.264: [GC (GCLocker Initiated GC) [PSYoungGen: 171214K->69588K(175104K)] 309236K->207848K(699392K), 0.0056448 secs] [Times: user=0.07 sys=0.01, real=0.01 secs] 
2016-09-24T03:05:34.768-0400: 14.320: [GC (GCLocker Initiated GC) [PSYoungGen: 157652K->79068K(175104K)] 302764K->227127K(699392K), 0.0060609 secs] [Times: user=0.08 sys=0.01, real=0.01 secs] 
2016-09-24T03:05:34.821-0400: 14.374: [GC (GCLocker Initiated GC) [PSYoungGen: 167132K->72240K(175104K)] 315273K->235478K(699392K), 0.0063449 secs] [Times: user=0.08 sys=0.01, real=0.01 secs] 
2016-09-24T03:05:34.860-0400: 14.412: [GC (GCLocker Initiated GC) [PSYoungGen: 160304K->69652K(175104K)] 326495K->254965K(699392K), 0.0073704 secs] [Times: user=0.06 sys=0.01, real=0.01 secs] 
2016-09-24T03:05:34.901-0400: 14.453: [GC (GCLocker Initiated GC) [PSYoungGen: 157716K->72318K(175104K)] 343128K->260694K(699392K), 0.0096677 secs] [Times: user=0.13 sys=0.00, real=0.01 secs] 
2016-09-24T03:05:34.956-0400: 14.509: [GC (GCLocker Initiated GC) [PSYoungGen: 160382K->62807K(175104K)] 358435K->274583K(699392K), 0.0066760 secs] [Times: user=0.06 sys=0.01, real=0.01 secs] 
2016-09-24T03:05:35.000-0400: 14.552: [GC (GCLocker Initiated GC) [PSYoungGen: 150871K->64140K(175104K)] 368117K->281618K(699392K), 0.0136622 secs] [Times: user=0.19 sys=0.01, real=0.01 secs] 
2016-09-24T03:05:35.048-0400: 14.601: [GC (GCLocker Initiated GC) [PSYoungGen: 152204K->58772K(175104K)] 375151K->295435K(699392K), 0.0069838 secs] [Times: user=0.08 sys=0.01, real=0.01 secs] 
2016-09-24T03:05:35.090-0400: 14.643: [GC (GCLocker Initiated GC) [PSYoungGen: 146836K->54562K(175104K)] 387982K->295916K(699392K), 0.0067311 secs] [Times: user=0.04 sys=0.00, real=0.01 secs] 
2016-09-24T03:05:35.137-0400: 14.690: [GC (GCLocker Initiated GC) [PSYoungGen: 142626K->61521K(150016K)] 392211K->311355K(674304K), 0.0060221 secs] [Times: user=0.06 sys=0.00, real=0.01 secs] 
2016-09-24T03:05:35.183-0400: 14.735: [GC (GCLocker Initiated GC) [PSYoungGen: 149585K->79068K(173056K)] 399517K->330567K(697344K), 0.0059151 secs] [Times: user=0.06 sys=0.00, real=0.00 secs] 
2016-09-24T03:05:35.242-0400: 14.794: [GC (GCLocker Initiated GC) [PSYoungGen: 166108K->50672K(174080K)] 428466K->340277K(698368K), 0.0063952 secs] [Times: user=0.07 sys=0.01, real=0.01 secs] 
2016-09-24T03:05:35.306-0400: 14.858: [GC (GCLocker Initiated GC) [PSYoungGen: 137712K->50590K(175104K)] 434175K->364861K(699392K), 0.0064707 secs] [Times: user=0.08 sys=0.01, real=0.00 secs] 
2016-09-24T03:05:35.349-0400: 14.902: [GC (GCLocker Initiated GC) [PSYoungGen: 138654K->50750K(175104K)] 464198K->392759K(699392K), 0.0095280 secs] [Times: user=0.12 sys=0.00, real=0.01 secs] 
2016-09-24T03:05:35.392-0400: 14.945: [GC (GCLocker Initiated GC) [PSYoungGen: 138814K->47890K(175104K)] 487917K->410703K(699392K), 0.0092155 secs] [Times: user=0.11 sys=0.00, real=0.01 secs] 
2016-09-24T03:05:35.439-0400: 14.991: [GC (GCLocker Initiated GC) [PSYoungGen: 135954K->79068K(175104K)] 498866K->453012K(699392K), 0.0107795 secs] [Times: user=0.15 sys=0.01, real=0.01 secs] 
2016-09-24T03:05:35.488-0400: 15.041: [GC (GCLocker Initiated GC) [PSYoungGen: 167132K->47989K(175104K)] 546609K->449265K(699392K), 0.0109703 secs] [Times: user=0.14 sys=0.02, real=0.01 secs] 
2016-09-24T03:05:35.538-0400: 15.090: [GC (GCLocker Initiated GC) [PSYoungGen: 136053K->61393K(175104K)] 540125K->465714K(699392K), 0.0131421 secs] [Times: user=0.13 sys=0.01, real=0.01 secs] 
2016-09-24T03:05:35.589-0400: 15.142: [GC (GCLocker Initiated GC) [PSYoungGen: 149457K->53194K(175104K)] 553872K->461876K(699392K), 0.0302730 secs] [Times: user=0.37 sys=0.02, real=0.03 secs] 
2016-09-24T03:05:35.662-0400: 15.214: [GC (GCLocker Initiated GC) [PSYoungGen: 141258K->34329K(175104K)] 559492K->455446K(699392K), 0.0098102 secs] [Times: user=0.04 sys=0.01, real=0.01 secs] 
2016-09-24T03:05:35.718-0400: 15.271: [GC (GCLocker Initiated GC) [PSYoungGen: 122393K->35664K(175104K)] 557102K->478740K(699392K), 0.0093655 secs] [Times: user=0.09 sys=0.00, real=0.01 secs] 
2016-09-24T03:05:35.772-0400: 15.324: [GC (GCLocker Initiated GC) [PSYoungGen: 123728K->61454K(175104K)] 576422K->514381K(699392K), 0.0079342 secs] [Times: user=0.11 sys=0.01, real=0.01 secs] 
2016-09-24T03:05:35.822-0400: 15.375: [GC (GCLocker Initiated GC) [PSYoungGen: 149518K->55894K(173056K)] 602598K->515948K(697344K), 0.0075520 secs] [Times: user=0.08 sys=0.01, real=0.00 secs] 
2016-09-24T03:05:35.869-0400: 15.421: [GC (GCLocker Initiated GC) [PSYoungGen: 143958K->68300K(174080K)] 610873K->547620K(698368K), 0.0064602 secs] [Times: user=0.09 sys=0.00, real=0.01 secs] 
2016-09-24T03:05:35.919-0400: 15.472: [GC (GCLocker Initiated GC) [PSYoungGen: 156364K->48021K(175104K)] 650624K->558729K(699392K), 0.0063208 secs] [Times: user=0.08 sys=0.01, real=0.01 secs] 
2016-09-24T03:05:35.926-0400: 15.478: [Full GC (Ergonomics) [PSYoungGen: 48021K->0K(175104K)] [ParOldGen: 510708K->100766K(524288K)] 558729K->100766K(699392K), [Metaspace: 43291K->43291K(1085440K)], 0.0450052 secs] [Times: user=0.36 sys=0.05, real=0.04 secs] 
2016-09-24T03:05:36.008-0400: 15.560: [GC (GCLocker Initiated GC) [PSYoungGen: 89088K->58964K(148480K)] 200877K->170753K(672768K), 0.0071487 secs] [Times: user=0.07 sys=0.01, real=0.01 secs] 
2016-09-24T03:05:36.069-0400: 15.622: [GC (GCLocker Initiated GC) [PSYoungGen: 148052K->57436K(176640K)] 269529K->182014K(700928K), 0.0052571 secs] [Times: user=0.07 sys=0.01, real=0.01 secs] 
2016-09-24T03:05:36.116-0400: 15.668: [GC (GCLocker Initiated GC) [PSYoungGen: 150108K->79068K(174080K)] 277492K->214745K(698368K), 0.0066961 secs] [Times: user=0.11 sys=0.01, real=0.01 secs] 
2016-09-24T03:05:36.163-0400: 15.716: [GC (GCLocker Initiated GC) [PSYoungGen: 171740K->75021K(175104K)] 312936K->216441K(699392K), 0.0060822 secs] [Times: user=0.08 sys=0.01, real=0.00 secs] 
2016-09-24T03:05:36.214-0400: 15.767: [GC (GCLocker Initiated GC) [PSYoungGen: 163085K->65554K(175104K)] 307280K->224847K(699392K), 0.0062587 secs] [Times: user=0.09 sys=0.00, real=0.00 secs] 
2016-09-24T03:05:36.264-0400: 15.817: [GC (GCLocker Initiated GC) [PSYoungGen: 153618K->72366K(175104K)] 313063K->236111K(699392K), 0.0074032 secs] [Times: user=0.08 sys=0.00, real=0.00 secs] 
2016-09-24T03:05:36.308-0400: 15.861: [GC (GCLocker Initiated GC) [PSYoungGen: 160430K->69668K(175104K)] 327043K->252761K(699392K), 0.0102227 secs] [Times: user=0.14 sys=0.02, real=0.01 secs] 
2016-09-24T03:05:36.351-0400: 15.904: [GC (GCLocker Initiated GC) [PSYoungGen: 157732K->80479K(175104K)] 340911K->280122K(699392K), 0.0069811 secs] [Times: user=0.09 sys=0.00, real=0.01 secs] 
2016-09-24T03:05:36.415-0400: 15.968: [GC (GCLocker Initiated GC) [PSYoungGen: 168543K->38589K(175104K)] 384436K->276361K(699392K), 0.0057595 secs] [Times: user=0.08 sys=0.00, real=0.00 secs] 
2016-09-24T03:05:36.461-0400: 16.013: [GC (GCLocker Initiated GC) [PSYoungGen: 126653K->80433K(175104K)] 367127K->321205K(699392K), 0.0067108 secs] [Times: user=0.08 sys=0.01, real=0.01 secs] 
2016-09-24T03:05:36.522-0400: 16.075: [GC (GCLocker Initiated GC) [PSYoungGen: 168497K->84557K(175104K)] 409363K->331114K(699392K), 0.0071176 secs] [Times: user=0.10 sys=0.01, real=0.00 secs] 
2016-09-24T03:05:36.573-0400: 16.126: [GC (GCLocker Initiated GC) [PSYoungGen: 172621K->43974K(175104K)] 421914K->330065K(699392K), 0.0112876 secs] [Times: user=0.12 sys=0.01, real=0.02 secs] 
2016-09-24T03:05:36.633-0400: 16.186: [GC (GCLocker Initiated GC) [PSYoungGen: 132038K->56209K(175104K)] 423740K->349556K(699392K), 0.0110864 secs] [Times: user=0.14 sys=0.01, real=0.02 secs] 
2016-09-24T03:05:36.700-0400: 16.253: [GC (GCLocker Initiated GC) [PSYoungGen: 144273K->62879K(175104K)] 443031K->362037K(699392K), 0.0064930 secs] [Times: user=0.07 sys=0.01, real=0.01 secs] 
2016-09-24T03:05:36.768-0400: 16.320: [GC (GCLocker Initiated GC) [PSYoungGen: 150943K->57517K(175104K)] 466359K->384039K(699392K), 0.0122537 secs] [Times: user=0.18 sys=0.01, real=0.01 secs] 
2016-09-24T03:05:36.835-0400: 16.388: [GC (GCLocker Initiated GC) [PSYoungGen: 145581K->72375K(175104K)] 477512K->404678K(699392K), 0.0069282 secs] [Times: user=0.09 sys=0.01, real=0.01 secs] 
2016-09-24T03:05:36.890-0400: 16.443: [GC (GCLocker Initiated GC) [PSYoungGen: 160439K->58905K(175104K)] 499619K->402481K(699392K), 0.0055122 secs] [Times: user=0.06 sys=0.00, real=0.01 secs] 
2016-09-24T03:05:36.960-0400: 16.513: [GC (GCLocker Initiated GC) [PSYoungGen: 146969K->65584K(175104K)] 490636K->409602K(699392K), 0.0155900 secs] [Times: user=0.13 sys=0.02, real=0.02 secs] 
2016-09-24T03:05:37.066-0400: 16.618: [GC (GCLocker Initiated GC) [PSYoungGen: 153648K->50884K(175104K)] 511263K->433215K(699392K), 0.0080308 secs] [Times: user=0.10 sys=0.01, real=0.00 secs] 
2016-09-24T03:05:37.125-0400: 16.678: [GC (GCLocker Initiated GC) [PSYoungGen: 138948K->65710K(175104K)] 526710K->474188K(699392K), 0.0064654 secs] [Times: user=0.09 sys=0.00, real=0.00 secs] 
2016-09-24T03:05:37.172-0400: 16.725: [GC (GCLocker Initiated GC) [PSYoungGen: 153774K->75300K(175104K)] 565069K->503226K(699392K), 0.0067927 secs] [Times: user=0.10 sys=0.00, real=0.01 secs] 
2016-09-24T03:05:37.222-0400: 16.774: [GC (GCLocker Initiated GC) [PSYoungGen: 163364K->83312K(175104K)] 596909K->517362K(699392K), 0.0069458 secs] [Times: user=0.10 sys=0.01, real=0.01 secs] 
2016-09-24T03:05:37.275-0400: 16.828: [GC (GCLocker Initiated GC) [PSYoungGen: 171376K->62778K(175104K)] 608375K->500186K(699392K), 0.0076186 secs] [Times: user=0.05 sys=0.01, real=0.01 secs] 
2016-09-24T03:05:37.332-0400: 16.884: [GC (GCLocker Initiated GC) [PSYoungGen: 150842K->50693K(175104K)] 592375K->492624K(699392K), 0.0062928 secs] [Times: user=0.06 sys=0.00, real=0.01 secs] 
2016-09-24T03:05:37.390-0400: 16.943: [GC (GCLocker Initiated GC) [PSYoungGen: 138757K->57668K(175104K)] 587588K->509629K(699392K), 0.0075552 secs] [Times: user=0.07 sys=0.01, real=0.01 secs] 
2016-09-24T03:05:37.450-0400: 17.002: [GC (GCLocker Initiated GC) [PSYoungGen: 145732K->56322K(175104K)] 603323K->533278K(699392K), 0.0063584 secs] [Times: user=0.09 sys=0.01, real=0.01 secs] 
2016-09-24T03:05:37.502-0400: 17.054: [GC (GCLocker Initiated GC) [PSYoungGen: 144386K->63005K(175104K)] 626843K->545906K(699392K), 0.0068964 secs] [Times: user=0.08 sys=0.00, real=0.01 secs] 
2016-09-24T03:05:37.548-0400: 17.100: [GC (GCLocker Initiated GC) [PSYoungGen: 151069K->79240K(175104K)] 635593K->572290K(699392K), 0.0097729 secs] [Times: user=0.13 sys=0.01, real=0.01 secs] 
2016-09-24T03:05:37.603-0400: 17.156: [GC (GCLocker Initiated GC) [PSYoungGen: 167304K->76549K(175104K)] 660379K->586315K(699392K), 0.0085261 secs] [Times: user=0.10 sys=0.00, real=0.00 secs] 
2016-09-24T03:05:37.612-0400: 17.164: [Full GC (Ergonomics) [PSYoungGen: 76549K->0K(175104K)] [ParOldGen: 509766K->105873K(524288K)] 586315K->105873K(699392K), [Metaspace: 43302K->43302K(1085440K)], 0.0648136 secs] [Times: user=0.42 sys=0.04, real=0.07 secs] 
2016-09-24T03:05:37.727-0400: 17.279: [GC (GCLocker Initiated GC) [PSYoungGen: 88064K->63276K(175104K)] 194009K->169222K(699392K), 0.0061339 secs] [Times: user=0.06 sys=0.00, real=0.00 secs] 
2016-09-24T03:05:37.775-0400: 17.328: [GC (GCLocker Initiated GC) [PSYoungGen: 151340K->69922K(175104K)] 257380K->190150K(699392K), 0.0058471 secs] [Times: user=0.09 sys=0.00, real=0.00 secs] 
2016-09-24T03:05:37.821-0400: 17.373: [GC (GCLocker Initiated GC) [PSYoungGen: 157986K->86026K(175104K)] 281023K->217675K(699392K), 0.0071869 secs] [Times: user=0.11 sys=0.00, real=0.01 secs] 
2016-09-24T03:05:37.874-0400: 17.426: [GC (GCLocker Initiated GC) [PSYoungGen: 174090K->60314K(175104K)] 308489K->208700K(699392K), 0.0054561 secs] [Times: user=0.08 sys=0.00, real=0.01 secs] 
2016-09-24T03:05:37.926-0400: 17.479: [GC (GCLocker Initiated GC) [PSYoungGen: 148378K->57617K(175104K)] 300265K->211288K(699392K), 0.0065066 secs] [Times: user=0.07 sys=0.00, real=0.00 secs] 
2016-09-24T03:05:37.982-0400: 17.535: [GC (GCLocker Initiated GC) [PSYoungGen: 145681K->58940K(175104K)] 304803K->219889K(699392K), 0.0139953 secs] [Times: user=0.21 sys=0.00, real=0.01 secs] 
2016-09-24T03:05:38.121-0400: 17.674: [GC (GCLocker Initiated GC) [PSYoungGen: 147004K->64465K(175104K)] 313362K->231257K(699392K), 0.0058197 secs] [Times: user=0.09 sys=0.01, real=0.01 secs] 
2016-09-24T03:05:38.291-0400: 17.844: [GC (GCLocker Initiated GC) [PSYoungGen: 152529K->64434K(152576K)] 319533K->231925K(676864K), 0.0079080 secs] [Times: user=0.09 sys=0.01, real=0.01 secs] 
2016-09-24T03:05:38.376-0400: 17.928: [GC (Allocation Failure) [PSYoungGen: 152498K->49580K(174080K)] 328170K->239232K(698368K), 0.0118844 secs] [Times: user=0.11 sys=0.01, real=0.01 secs] 
2016-09-24T03:05:38.447-0400: 17.999: [GC (GCLocker Initiated GC) [PSYoungGen: 136019K->48019K(174592K)] 328370K->244880K(698880K), 0.0073084 secs] [Times: user=0.08 sys=0.01, real=0.01 secs] 
2016-09-24T03:05:38.544-0400: 18.096: [GC (GCLocker Initiated GC) [PSYoungGen: 135571K->47986K(175104K)] 332556K->245331K(699392K), 0.0172395 secs] [Times: user=0.19 sys=0.02, real=0.01 secs] 
2016-09-24T03:05:38.625-0400: 18.178: [GC (GCLocker Initiated GC) [PSYoungGen: 136050K->31910K(175104K)] 351168K->250215K(699392K), 0.0081447 secs] [Times: user=0.12 sys=0.00, real=0.00 secs] 
2016-09-24T03:05:38.737-0400: 18.289: [GC (GCLocker Initiated GC) [PSYoungGen: 119974K->39804K(175104K)] 338511K->258897K(699392K), 0.0110261 secs] [Times: user=0.13 sys=0.01, real=0.01 secs] 
2016-09-24T03:05:38.846-0400: 18.398: [GC (Allocation Failure) [PSYoungGen: 127868K->62880K(175104K)] 347061K->282472K(699392K), 0.0295938 secs] [Times: user=0.42 sys=0.01, real=0.03 secs] 
2016-09-24T03:05:38.975-0400: 18.528: [GC (GCLocker Initiated GC) [PSYoungGen: 150254K->33027K(175104K)] 372545K->263774K(699392K), 0.0239392 secs] [Times: user=0.26 sys=0.04, real=0.02 secs] 
2016-09-24T03:05:39.171-0400: 18.723: [GC (Allocation Failure) [PSYoungGen: 121091K->28939K(175104K)] 354616K->264192K(699392K), 0.0202818 secs] [Times: user=0.25 sys=0.02, real=0.02 secs] 
2016-09-24T03:05:39.265-0400: 18.818: [GC (GCLocker Initiated GC) [PSYoungGen: 115931K->31641K(175104K)] 353885K->275424K(699392K), 0.0159963 secs] [Times: user=0.23 sys=0.00, real=0.01 secs] 
2016-09-24T03:05:39.412-0400: 18.964: [GC (GCLocker Initiated GC) [PSYoungGen: 119705K->48045K(136192K)] 366436K->295159K(660480K), 0.0219386 secs] [Times: user=0.23 sys=0.02, real=0.02 secs] 
2016-09-24T03:05:39.555-0400: 19.107: [GC (GCLocker Initiated GC) [PSYoungGen: 136109K->53579K(176128K)] 395704K->313657K(700416K), 0.0094092 secs] [Times: user=0.09 sys=0.02, real=0.01 secs] 
2016-09-24T03:05:39.663-0400: 19.215: [GC (Allocation Failure) [PSYoungGen: 143691K->50761K(141312K)] 403808K->324899K(665600K), 0.0086788 secs] [Times: user=0.12 sys=0.01, real=0.00 secs] 
2016-09-24T03:05:39.730-0400: 19.283: [GC (GCLocker Initiated GC) [PSYoungGen: 140873K->64456K(171008K)] 417901K->355458K(695296K), 0.0102530 secs] [Times: user=0.13 sys=0.03, real=0.01 secs] 
2016-09-24T03:05:39.810-0400: 19.363: [GC (GCLocker Initiated GC) [PSYoungGen: 154568K->55078K(173056K)] 453917K->354937K(697344K), 0.0099361 secs] [Times: user=0.11 sys=0.04, real=0.01 secs] 
2016-09-24T03:05:39.889-0400: 19.441: [GC (GCLocker Initiated GC) [PSYoungGen: 145190K->44020K(175616K)] 445273K->355508K(699904K), 0.0175848 secs] [Times: user=0.21 sys=0.08, real=0.02 secs] 
2016-09-24T03:05:39.974-0400: 19.526: [GC (GCLocker Initiated GC) [PSYoungGen: 141812K->57792K(177664K)] 456116K->372468K(701952K), 0.0109908 secs] [Times: user=0.17 sys=0.03, real=0.02 secs] 
2016-09-24T03:05:40.056-0400: 19.608: [GC (GCLocker Initiated GC) [PSYoungGen: 155584K->45549K(178688K)] 475761K->385359K(702976K), 0.0089901 secs] [Times: user=0.14 sys=0.01, real=0.01 secs] 
2016-09-24T03:05:40.129-0400: 19.682: [GC (GCLocker Initiated GC) [PSYoungGen: 148461K->63172K(180736K)] 488309K->411687K(705024K), 0.0081268 secs] [Times: user=0.12 sys=0.00, real=0.01 secs] 
2016-09-24T03:05:40.199-0400: 19.751: [GC (GCLocker Initiated GC) [PSYoungGen: 166084K->58001K(183296K)] 517317K->412534K(707584K), 0.0100759 secs] [Times: user=0.16 sys=0.00, real=0.01 secs] 
2016-09-24T03:05:40.266-0400: 19.818: [GC (GCLocker Initiated GC) [PSYoungGen: 161937K->55012K(159232K)] 527505K->424002K(683520K), 0.0072549 secs] [Times: user=0.07 sys=0.01, real=0.00 secs] 
2016-09-24T03:05:40.335-0400: 19.887: [GC (GCLocker Initiated GC) [PSYoungGen: 158948K->68602K(178176K)] 530957K->442613K(702464K), 0.0073032 secs] [Times: user=0.07 sys=0.00, real=0.00 secs] 
2016-09-24T03:05:40.393-0400: 19.946: [GC (GCLocker Initiated GC) [PSYoungGen: 169466K->65936K(166912K)] 548972K->446033K(691200K), 0.0063296 secs] [Times: user=0.09 sys=0.00, real=0.01 secs] 
2016-09-24T03:05:40.454-0400: 20.007: [GC (GCLocker Initiated GC) [PSYoungGen: 166800K->68481K(176128K)] 546983K->449248K(700416K), 0.0074934 secs] [Times: user=0.07 sys=0.00, real=0.00 secs] 
2016-09-24T03:05:40.510-0400: 20.063: [GC (GCLocker Initiated GC) [PSYoungGen: 162689K->61739K(178176K)] 546209K->448532K(702464K), 0.0084366 secs] [Times: user=0.05 sys=0.02, real=0.01 secs] 
2016-09-24T03:05:40.582-0400: 20.135: [GC (GCLocker Initiated GC) [PSYoungGen: 155947K->76804K(171520K)] 545679K->477966K(695808K), 0.0089131 secs] [Times: user=0.06 sys=0.02, real=0.00 secs] 
2016-09-24T03:05:40.639-0400: 20.192: [GC (GCLocker Initiated GC) [PSYoungGen: 164868K->67163K(175104K)] 566096K->481181K(699392K), 0.0060843 secs] [Times: user=0.08 sys=0.00, real=0.01 secs] 
2016-09-24T03:05:40.759-0400: 20.312: [GC (GCLocker Initiated GC) [PSYoungGen: 155227K->45872K(175104K)] 578737K->490157K(699392K), 0.0087053 secs] [Times: user=0.10 sys=0.02, real=0.01 secs] 
2016-09-24T03:05:40.838-0400: 20.391: [GC (GCLocker Initiated GC) [PSYoungGen: 133936K->63292K(151552K)] 587651K->529951K(675840K), 0.0139237 secs] [Times: user=0.19 sys=0.02, real=0.01 secs] 
2016-09-24T03:05:40.919-0400: 20.472: [GC (GCLocker Initiated GC) [PSYoungGen: 151356K->72574K(174080K)] 631623K->553475K(698368K), 0.0063256 secs] [Times: user=0.07 sys=0.01, real=0.01 secs] 
2016-09-24T03:05:40.994-0400: 20.547: [GC (GCLocker Initiated GC) [PSYoungGen: 160126K->59147K(174592K)] 643785K->558239K(698880K), 0.0062058 secs] [Times: user=0.08 sys=0.01, real=0.00 secs] 
2016-09-24T03:05:41.001-0400: 20.553: [Full GC (Ergonomics) [PSYoungGen: 59147K->0K(174592K)] [ParOldGen: 499092K->120261K(524288K)] 558239K->120261K(698880K), [Metaspace: 43314K->43314K(1085440K)], 0.0512028 secs] [Times: user=0.40 sys=0.04, real=0.05 secs] 
2016-09-24T03:05:41.104-0400: 20.657: [GC (GCLocker Initiated GC) [PSYoungGen: 87552K->59839K(170496K)] 210552K->182839K(694784K), 0.0076519 secs] [Times: user=0.04 sys=0.01, real=0.00 secs] 
2016-09-24T03:05:41.161-0400: 20.713: [GC (GCLocker Initiated GC) [PSYoungGen: 148927K->63317K(172544K)] 272061K->202738K(696832K), 0.0098826 secs] [Times: user=0.14 sys=0.01, real=0.01 secs] 
2016-09-24T03:05:41.223-0400: 20.775: [GC (GCLocker Initiated GC) [PSYoungGen: 152405K->65870K(177664K)] 294704K->229108K(701952K), 0.0065782 secs] [Times: user=0.09 sys=0.00, real=0.00 secs] 
2016-09-24T03:05:41.284-0400: 20.836: [GC (GCLocker Initiated GC) [PSYoungGen: 162126K->64633K(178688K)] 328174K->236646K(702976K), 0.0875301 secs] [Times: user=1.33 sys=0.09, real=0.08 secs] 
2016-09-24T03:05:41.433-0400: 20.986: [GC (GCLocker Initiated GC) [PSYoungGen: 160889K->69924K(178688K)] 333062K->244189K(702976K), 0.0057956 secs] [Times: user=0.07 sys=0.01, real=0.01 secs] 
2016-09-24T03:05:41.504-0400: 21.057: [GC (GCLocker Initiated GC) [PSYoungGen: 167204K->56450K(179712K)] 341494K->239451K(704000K), 0.0054267 secs] [Times: user=0.07 sys=0.01, real=0.00 secs] 
2016-09-24T03:05:41.564-0400: 21.116: [GC (GCLocker Initiated GC) [PSYoungGen: 153730K->68755K(178688K)] 342281K->271490K(702976K), 0.0064388 secs] [Times: user=0.09 sys=0.00, real=0.00 secs] 
2016-09-24T03:05:41.625-0400: 21.178: [GC (GCLocker Initiated GC) [PSYoungGen: 166035K->55148K(179712K)] 379618K->285658K(704000K), 0.0094954 secs] [Times: user=0.14 sys=0.02, real=0.01 secs] 
2016-09-24T03:05:41.688-0400: 21.241: [GC (GCLocker Initiated GC) [PSYoungGen: 152428K->68600K(179200K)] 382968K->299832K(703488K), 0.0441941 secs] [Times: user=0.58 sys=0.04, real=0.04 secs] 
2016-09-24T03:05:41.785-0400: 21.337: [GC (GCLocker Initiated GC) [PSYoungGen: 166392K->74059K(172032K)] 397724K->306003K(696320K), 0.0146455 secs] [Times: user=0.18 sys=0.01, real=0.01 secs] 
2016-09-24T03:05:41.856-0400: 21.408: [GC (GCLocker Initiated GC) [PSYoungGen: 171851K->52266K(177664K)] 406520K->311834K(701952K), 0.0113005 secs] [Times: user=0.15 sys=0.01, real=0.01 secs] 
2016-09-24T03:05:41.951-0400: 21.503: [GC (GCLocker Initiated GC) [PSYoungGen: 145450K->54967K(148480K)] 411851K->338126K(672768K), 0.0133848 secs] [Times: user=0.10 sys=0.02, real=0.02 secs] 
2016-09-24T03:05:42.013-0400: 21.566: [GC (GCLocker Initiated GC) [PSYoungGen: 148151K->67182K(176640K)] 432674K->354980K(700928K), 0.0054024 secs] [Times: user=0.06 sys=0.01, real=0.01 secs] 
2016-09-24T03:05:42.074-0400: 21.627: [GC (GCLocker Initiated GC) [PSYoungGen: 160366K->49632K(176640K)] 455125K->366591K(700928K), 0.0064149 secs] [Times: user=0.08 sys=0.01, real=0.01 secs] 
2016-09-24T03:05:42.128-0400: 21.681: [GC (GCLocker Initiated GC) [PSYoungGen: 142816K->59062K(174592K)] 463562K->381751K(698880K), 0.0827305 secs] [Times: user=1.18 sys=0.08, real=0.08 secs] 
2016-09-24T03:05:42.257-0400: 21.809: [GC (GCLocker Initiated GC) [PSYoungGen: 154294K->73755K(176640K)] 479855K->410719K(700928K), 0.0775782 secs] [Times: user=0.98 sys=0.08, real=0.08 secs] 
2016-09-24T03:05:42.393-0400: 21.945: [GC (GCLocker Initiated GC) [PSYoungGen: 168987K->72508K(174592K)] 505996K->422090K(698880K), 0.0146262 secs] [Times: user=0.14 sys=0.01, real=0.02 secs] 
2016-09-24T03:05:42.463-0400: 22.015: [GC (GCLocker Initiated GC) [PSYoungGen: 162620K->60422K(151040K)] 512336K->445788K(675328K), 0.0085391 secs] [Times: user=0.09 sys=0.01, real=0.00 secs] 
2016-09-24T03:05:42.523-0400: 22.075: [GC (GCLocker Initiated GC) [PSYoungGen: 150534K->54888K(176128K)] 535957K->467845K(700416K), 0.0078010 secs] [Times: user=0.07 sys=0.00, real=0.00 secs] 
2016-09-24T03:05:42.575-0400: 22.127: [GC (GCLocker Initiated GC) [PSYoungGen: 147048K->77964K(170496K)] 560141K->507729K(694784K), 0.0079128 secs] [Times: user=0.10 sys=0.01, real=0.01 secs] 
2016-09-24T03:05:42.633-0400: 22.186: [GC (GCLocker Initiated GC) [PSYoungGen: 170124K->52183K(175616K)] 604263K->512502K(699904K), 0.0084147 secs] [Times: user=0.12 sys=0.01, real=0.01 secs] 
2016-09-24T03:05:42.686-0400: 22.239: [GC (GCLocker Initiated GC) [PSYoungGen: 140759K->65808K(154624K)] 609225K->536034K(678912K), 0.0065264 secs] [Times: user=0.09 sys=0.01, real=0.00 secs] 
2016-09-24T03:05:42.832-0400: 22.384: [Full GC (Ergonomics) [PSYoungGen: 154384K->0K(154624K)] [ParOldGen: 484331K->131697K(524288K)] 638715K->131697K(678912K), [Metaspace: 43315K->43315K(1085440K)], 0.0685580 secs] [Times: user=0.36 sys=0.08, real=0.07 secs] 
2016-09-24T03:05:42.957-0400: 22.510: [GC (GCLocker Initiated GC) [PSYoungGen: 88576K->64347K(175616K)] 227163K->202935K(699904K), 0.0055904 secs] [Times: user=0.05 sys=0.00, real=0.01 secs] 
2016-09-24T03:05:43.006-0400: 22.558: [GC (GCLocker Initiated GC) [PSYoungGen: 154459K->54756K(174080K)] 299817K->201817K(698368K), 0.0089890 secs] [Times: user=0.08 sys=0.00, real=0.01 secs] 
2016-09-24T03:05:43.061-0400: 22.614: [GC (GCLocker Initiated GC) [PSYoungGen: 144868K->69815K(175616K)] 300102K->225493K(699904K), 0.0060061 secs] [Times: user=0.06 sys=0.01, real=0.01 secs] 
2016-09-24T03:05:43.111-0400: 22.663: [GC (GCLocker Initiated GC) [PSYoungGen: 161975K->54916K(176128K)] 323186K->240853K(700416K), 0.0063166 secs] [Times: user=0.09 sys=0.01, real=0.01 secs] 
2016-09-24T03:05:43.189-0400: 22.741: [GC (GCLocker Initiated GC) [PSYoungGen: 147076K->38715K(175616K)] 343851K->235958K(699904K), 0.0098697 secs] [Times: user=0.11 sys=0.01, real=0.01 secs] 
2016-09-24T03:05:43.250-0400: 22.803: [GC (GCLocker Initiated GC) [PSYoungGen: 130875K->76661K(168960K)] 328208K->290629K(693248K), 0.0090069 secs] [Times: user=0.07 sys=0.01, real=0.01 secs] 
2016-09-24T03:05:43.305-0400: 22.858: [GC (GCLocker Initiated GC) [PSYoungGen: 168821K->71116K(175104K)] 382863K->307208K(699392K), 0.0073085 secs] [Times: user=0.10 sys=0.01, real=0.00 secs] 
2016-09-24T03:05:43.366-0400: 22.919: [GC (GCLocker Initiated GC) [PSYoungGen: 159180K->65694K(175104K)] 395336K->327943K(699392K), 0.0063708 secs] [Times: user=0.09 sys=0.01, real=0.00 secs] 
2016-09-24T03:05:43.427-0400: 22.980: [GC (GCLocker Initiated GC) [PSYoungGen: 153758K->57615K(174080K)] 421616K->359629K(698368K), 0.0067733 secs] [Times: user=0.09 sys=0.01, real=0.00 secs] 
2016-09-24T03:05:43.477-0400: 23.029: [GC (GCLocker Initiated GC) [PSYoungGen: 145679K->53560K(174592K)] 453247K->385896K(698880K), 0.0059280 secs] [Times: user=0.07 sys=0.00, real=0.01 secs] 
2016-09-24T03:05:43.526-0400: 23.079: [GC (GCLocker Initiated GC) [PSYoungGen: 141624K->64248K(174080K)] 482207K->407936K(698368K), 0.0059723 secs] [Times: user=0.08 sys=0.01, real=0.00 secs] 
2016-09-24T03:05:43.578-0400: 23.131: [GC (GCLocker Initiated GC) [PSYoungGen: 154360K->52143K(174592K)] 503491K->413806K(698880K), 0.0077720 secs] [Times: user=0.06 sys=0.01, real=0.01 secs] 
2016-09-24T03:05:43.627-0400: 23.180: [GC (GCLocker Initiated GC) [PSYoungGen: 142255K->60409K(174080K)] 512060K->430632K(698368K), 0.0067110 secs] [Times: user=0.06 sys=0.01, real=0.00 secs] 
2016-09-24T03:05:43.694-0400: 23.246: [GC (GCLocker Initiated GC) [PSYoungGen: 154617K->80596K(175104K)] 524982K->451457K(699392K), 0.0061522 secs] [Times: user=0.08 sys=0.00, real=0.01 secs] 
2016-09-24T03:05:43.767-0400: 23.320: [GC (GCLocker Initiated GC) [PSYoungGen: 174804K->71139K(175104K)] 548561K->469663K(699392K), 0.0071254 secs] [Times: user=0.09 sys=0.02, real=0.01 secs] 
2016-09-24T03:05:43.814-0400: 23.366: [GC (GCLocker Initiated GC) [PSYoungGen: 159203K->61500K(150016K)] 563282K->466029K(674304K), 0.0083933 secs] [Times: user=0.09 sys=0.01, real=0.01 secs] 
2016-09-24T03:05:43.873-0400: 23.426: [GC (GCLocker Initiated GC) [PSYoungGen: 149564K->84643K(172032K)] 556903K->497812K(696320K), 0.0069644 secs] [Times: user=0.10 sys=0.01, real=0.01 secs] 
2016-09-24T03:05:43.946-0400: 23.498: [GC (GCLocker Initiated GC) [PSYoungGen: 171171K->69710K(173568K)] 587080K->488758K(697856K), 0.0056156 secs] [Times: user=0.07 sys=0.01, real=0.00 secs] 
2016-09-24T03:05:44.013-0400: 23.566: [GC (GCLocker Initiated GC) [PSYoungGen: 156238K->49599K(175104K)] 579379K->489360K(699392K), 0.0080645 secs] [Times: user=0.07 sys=0.01, real=0.01 secs] 
2016-09-24T03:05:44.068-0400: 23.620: [GC (GCLocker Initiated GC) [PSYoungGen: 137663K->50736K(175104K)] 584218K->505838K(699392K), 0.0212728 secs] [Times: user=0.20 sys=0.02, real=0.02 secs] 
2016-09-24T03:05:44.169-0400: 23.722: [GC (GCLocker Initiated GC) [PSYoungGen: 138800K->42727K(175104K)] 600721K->540182K(699392K), 0.0359704 secs] [Times: user=0.41 sys=0.04, real=0.04 secs] 
2016-09-24T03:05:44.206-0400: 23.758: [Full GC (Ergonomics) [PSYoungGen: 42727K->0K(175104K)] [ParOldGen: 497455K->139140K(524288K)] 540182K->139140K(699392K), [Metaspace: 43330K->43330K(1085440K)], 0.0636824 secs] [Times: user=0.60 sys=0.05, real=0.06 secs] 
2016-09-24T03:05:44.312-0400: 23.864: [GC (GCLocker Initiated GC) [PSYoungGen: 88064K->64588K(175104K)] 234053K->210578K(699392K), 0.0068513 secs] [Times: user=0.09 sys=0.01, real=0.01 secs] 
2016-09-24T03:05:44.375-0400: 23.928: [GC (GCLocker Initiated GC) [PSYoungGen: 152652K->49901K(175104K)] 309037K->215100K(699392K), 0.0091561 secs] [Times: user=0.11 sys=0.01, real=0.01 secs] 
2016-09-24T03:05:44.439-0400: 23.992: [GC (GCLocker Initiated GC) [PSYoungGen: 137965K->45514K(175104K)] 310003K->218269K(699392K), 0.0059369 secs] [Times: user=0.04 sys=0.00, real=0.01 secs] 
2016-09-24T03:05:44.490-0400: 24.042: [GC (GCLocker Initiated GC) [PSYoungGen: 133578K->53766K(173056K)] 306364K->248748K(697344K), 0.0082075 secs] [Times: user=0.08 sys=0.00, real=0.01 secs] 
2016-09-24T03:05:44.544-0400: 24.097: [GC (GCLocker Initiated GC) [PSYoungGen: 141830K->56484K(174080K)] 342316K->281946K(698368K), 0.0106297 secs] [Times: user=0.13 sys=0.00, real=0.01 secs] 
2016-09-24T03:05:44.597-0400: 24.149: [GC (GCLocker Initiated GC) [PSYoungGen: 144548K->64591K(174592K)] 372858K->312455K(698880K), 0.0070182 secs] [Times: user=0.10 sys=0.00, real=0.01 secs] 
2016-09-24T03:05:44.649-0400: 24.201: [GC (GCLocker Initiated GC) [PSYoungGen: 155727K->47020K(174592K)] 415865K->324003K(698880K), 0.0058185 secs] [Times: user=0.05 sys=0.01, real=0.01 secs] 
2016-09-24T03:05:44.710-0400: 24.262: [GC (GCLocker Initiated GC) [PSYoungGen: 138156K->72768K(173056K)] 417874K->354515K(697344K), 0.0211123 secs] [Times: user=0.32 sys=0.00, real=0.02 secs] 
2016-09-24T03:05:44.774-0400: 24.326: [GC (GCLocker Initiated GC) [PSYoungGen: 162880K->71406K(161792K)] 447463K->383744K(686080K), 0.0077026 secs] [Times: user=0.11 sys=0.00, real=0.01 secs] 
2016-09-24T03:05:44.831-0400: 24.383: [GC (GCLocker Initiated GC) [PSYoungGen: 161518K->57939K(176640K)] 476606K->403381K(700928K), 0.0074871 secs] [Times: user=0.07 sys=0.00, real=0.01 secs] 
2016-09-24T03:05:44.880-0400: 24.433: [GC (GCLocker Initiated GC) [PSYoungGen: 147539K->84906K(175104K)] 493231K->431309K(699392K), 0.0062688 secs] [Times: user=0.09 sys=0.00, real=0.01 secs] 
2016-09-24T03:05:44.933-0400: 24.486: [GC (GCLocker Initiated GC) [PSYoungGen: 174506K->60457K(175104K)] 523779K->413140K(699392K), 0.0060307 secs] [Times: user=0.05 sys=0.00, real=0.01 secs] 
2016-09-24T03:05:44.985-0400: 24.538: [GC (GCLocker Initiated GC) [PSYoungGen: 148521K->56519K(175104K)] 505322K->417964K(699392K), 0.0065338 secs] [Times: user=0.07 sys=0.00, real=0.00 secs] 
2016-09-24T03:05:45.035-0400: 24.588: [GC (GCLocker Initiated GC) [PSYoungGen: 144583K->68656K(175104K)] 506158K->447136K(699392K), 0.0104443 secs] [Times: user=0.16 sys=0.00, real=0.01 secs] 
2016-09-24T03:05:45.084-0400: 24.637: [GC (GCLocker Initiated GC) [PSYoungGen: 156720K->53729K(175104K)] 538026K->453269K(699392K), 0.0073424 secs] [Times: user=0.08 sys=0.00, real=0.00 secs] 
2016-09-24T03:05:45.133-0400: 24.686: [GC (GCLocker Initiated GC) [PSYoungGen: 141793K->75355K(175104K)] 544131K->497248K(699392K), 0.0069831 secs] [Times: user=0.10 sys=0.00, real=0.01 secs] 
2016-09-24T03:05:45.178-0400: 24.730: [GC (GCLocker Initiated GC) [PSYoungGen: 163419K->75419K(175104K)] 586286K->515159K(699392K), 0.0066395 secs] [Times: user=0.10 sys=0.00, real=0.01 secs] 
2016-09-24T03:05:45.229-0400: 24.781: [GC (GCLocker Initiated GC) [PSYoungGen: 163483K->78183K(175104K)] 604797K->530946K(699392K), 0.0070745 secs] [Times: user=0.13 sys=0.00, real=0.01 secs] 
2016-09-24T03:05:45.281-0400: 24.833: [GC (GCLocker Initiated GC) [PSYoungGen: 166247K->65794K(175104K)] 621771K->538239K(699392K), 0.0066820 secs] [Times: user=0.10 sys=0.00, real=0.01 secs] 
2016-09-24T03:05:45.339-0400: 24.891: [GC (GCLocker Initiated GC) [PSYoungGen: 153858K->67238K(175104K)] 626445K->556575K(699392K), 0.0097405 secs] [Times: user=0.14 sys=0.01, real=0.01 secs] 
2016-09-24T03:05:45.395-0400: 24.947: [Full GC (Ergonomics) [PSYoungGen: 155302K->0K(175104K)] [ParOldGen: 494926K->159001K(524288K)] 650229K->159001K(699392K), [Metaspace: 43523K->43523K(1085440K)], 0.0460166 secs] [Times: user=0.33 sys=0.01, real=0.04 secs] 
2016-09-24T03:05:45.490-0400: 25.042: [GC (GCLocker Initiated GC) [PSYoungGen: 88064K->75582K(175104K)] 249838K->237356K(699392K), 0.0082139 secs] [Times: user=0.12 sys=0.01, real=0.01 secs] 
2016-09-24T03:05:45.546-0400: 25.099: [GC (GCLocker Initiated GC) [PSYoungGen: 163646K->42918K(175104K)] 332235K->219117K(699392K), 0.0055735 secs] [Times: user=0.05 sys=0.00, real=0.00 secs] 
2016-09-24T03:05:45.600-0400: 25.153: [GC (GCLocker Initiated GC) [PSYoungGen: 130982K->59153K(175104K)] 315410K->244225K(699392K), 0.0070283 secs] [Times: user=0.09 sys=0.00, real=0.01 secs] 
2016-09-24T03:05:45.646-0400: 25.198: [GC (GCLocker Initiated GC) [PSYoungGen: 147217K->57751K(175104K)] 333890K->261199K(699392K), 0.0066404 secs] [Times: user=0.09 sys=0.00, real=0.00 secs] 
2016-09-24T03:05:45.695-0400: 25.247: [GC (GCLocker Initiated GC) [PSYoungGen: 145815K->69940K(175104K)] 349349K->274061K(699392K), 0.0058398 secs] [Times: user=0.09 sys=0.00, real=0.00 secs] 
2016-09-24T03:05:49.965-0400: 29.518: [GC (GCLocker Initiated GC) [PSYoungGen: 158004K->53873K(175104K)] 363560K->260015K(699392K), 0.0069823 secs] [Times: user=0.07 sys=0.01, real=0.00 secs] 
2016-09-24T03:05:50.023-0400: 29.575: [GC (GCLocker Initiated GC) [PSYoungGen: 141937K->67181K(175104K)] 348250K->293113K(699392K), 0.0080839 secs] [Times: user=0.11 sys=0.00, real=0.00 secs] 
2016-09-24T03:05:50.080-0400: 29.633: [GC (GCLocker Initiated GC) [PSYoungGen: 155245K->70023K(175104K)] 386644K->315496K(699392K), 0.0084266 secs] [Times: user=0.11 sys=0.00, real=0.01 secs] 
2016-09-24T03:05:50.140-0400: 29.692: [GC (GCLocker Initiated GC) [PSYoungGen: 158087K->63208K(151552K)] 407673K->324239K(675840K), 0.0146968 secs] [Times: user=0.20 sys=0.01, real=0.02 secs] 
2016-09-24T03:05:50.203-0400: 29.756: [GC (GCLocker Initiated GC) [PSYoungGen: 151272K->45529K(172032K)] 416399K->330161K(696320K), 0.0136488 secs] [Times: user=0.16 sys=0.02, real=0.01 secs] 
2016-09-24T03:05:50.278-0400: 29.831: [GC (GCLocker Initiated GC) [PSYoungGen: 132569K->41276K(173056K)] 419914K->329304K(697344K), 0.0102064 secs] [Times: user=0.09 sys=0.00, real=0.01 secs] 
2016-09-24T03:05:50.339-0400: 29.892: [GC (GCLocker Initiated GC) [PSYoungGen: 128316K->57843K(173056K)] 421889K->351960K(697344K), 0.0084551 secs] [Times: user=0.10 sys=0.00, real=0.01 secs] 
2016-09-24T03:05:50.397-0400: 29.950: [GC (GCLocker Initiated GC) [PSYoungGen: 146931K->45676K(174080K)] 448425K->373451K(698368K), 0.0149345 secs] [Times: user=0.21 sys=0.00, real=0.01 secs] 
2016-09-24T03:05:50.466-0400: 30.018: [GC (GCLocker Initiated GC) [PSYoungGen: 134764K->53638K(173056K)] 462609K->407827K(697344K), 0.0226731 secs] [Times: user=0.28 sys=0.01, real=0.02 secs] 
2016-09-24T03:05:50.538-0400: 30.091: [GC (GCLocker Initiated GC) [PSYoungGen: 145798K->63239K(175104K)] 502795K->426128K(699392K), 0.0130505 secs] [Times: user=0.16 sys=0.00, real=0.01 secs] 
2016-09-24T03:05:50.612-0400: 30.165: [GC (GCLocker Initiated GC) [PSYoungGen: 155399K->43042K(178688K)] 527822K->431066K(702976K), 0.0112147 secs] [Times: user=0.13 sys=0.01, real=0.02 secs] 
2016-09-24T03:05:50.678-0400: 30.231: [GC (GCLocker Initiated GC) [PSYoungGen: 139298K->37410K(134144K)] 539546K->439704K(658432K), 0.0155055 secs] [Times: user=0.18 sys=0.00, real=0.01 secs] 
2016-09-24T03:05:50.745-0400: 30.298: [GC (GCLocker Initiated GC) [PSYoungGen: 133666K->59015K(179712K)] 544132K->472909K(704000K), 0.0212408 secs] [Times: user=0.25 sys=0.00, real=0.02 secs] 
2016-09-24T03:05:50.819-0400: 30.372: [GC (GCLocker Initiated GC) [PSYoungGen: 155271K->65930K(178688K)] 571918K->502209K(702976K), 0.0101146 secs] [Times: user=0.09 sys=0.00, real=0.01 secs] 
2016-09-24T03:05:50.883-0400: 30.436: [GC (GCLocker Initiated GC) [PSYoungGen: 162186K->48522K(177664K)] 598554K->488272K(701952K), 0.0125999 secs] [Times: user=0.13 sys=0.00, real=0.01 secs] 
2016-09-24T03:05:50.955-0400: 30.507: [GC (GCLocker Initiated GC) [PSYoungGen: 144778K->45639K(178176K)] 587291K->491601K(702464K), 0.0161647 secs] [Times: user=0.17 sys=0.00, real=0.01 secs] 
2016-09-24T03:05:51.031-0400: 30.583: [GC (GCLocker Initiated GC) [PSYoungGen: 141895K->50938K(176128K)] 587935K->497682K(700416K), 0.0190147 secs] [Times: user=0.18 sys=0.00, real=0.02 secs] 
2016-09-24T03:05:51.111-0400: 30.663: [GC (GCLocker Initiated GC) [PSYoungGen: 149754K->32219K(178176K)] 601980K->514885K(702464K), 0.0214485 secs] [Times: user=0.26 sys=0.01, real=0.02 secs] 
2016-09-24T03:05:51.198-0400: 30.750: [Full GC (Ergonomics) [PSYoungGen: 131035K->0K(178176K)] [ParOldGen: 492167K->163518K(524288K)] 623203K->163518K(702464K), [Metaspace: 43560K->43560K(1085440K)], 0.0800559 secs] [Times: user=0.49 sys=0.01, real=0.08 secs] 
2016-09-24T03:05:51.347-0400: 30.899: [GC (GCLocker Initiated GC) [PSYoungGen: 98816K->38898K(182272K)] 273279K->213362K(706560K), 0.0186283 secs] [Times: user=0.28 sys=0.00, real=0.02 secs] 
2016-09-24T03:05:51.432-0400: 30.984: [GC (GCLocker Initiated GC) [PSYoungGen: 140786K->48104K(150016K)] 315369K->223401K(674304K), 0.0081506 secs] [Times: user=0.08 sys=0.00, real=0.01 secs] 
2016-09-24T03:05:51.498-0400: 31.051: [GC (GCLocker Initiated GC) [PSYoungGen: 149992K->43026K(180736K)] 334085K->249357K(705024K), 0.0125950 secs] [Times: user=0.11 sys=0.00, real=0.01 secs] 
2016-09-24T03:05:51.578-0400: 31.130: [GC (GCLocker Initiated GC) [PSYoungGen: 146450K->49757K(179200K)] 360913K->264971K(703488K), 0.0080084 secs] [Times: user=0.08 sys=0.00, real=0.01 secs] 
2016-09-24T03:05:51.650-0400: 31.202: [GC (GCLocker Initiated GC) [PSYoungGen: 153181K->64655K(178688K)] 376519K->288669K(702976K), 0.0108250 secs] [Times: user=0.15 sys=0.00, real=0.01 secs] 
2016-09-24T03:05:51.731-0400: 31.284: [GC (GCLocker Initiated GC) [PSYoungGen: 170127K->68724K(174592K)] 399794K->312640K(698880K), 0.0072344 secs] [Times: user=0.09 sys=0.01, real=0.01 secs] 
2016-09-24T03:05:51.809-0400: 31.361: [GC (GCLocker Initiated GC) [PSYoungGen: 174196K->49829K(183808K)] 424874K->301219K(708096K), 0.0057406 secs] [Times: user=0.07 sys=0.00, real=0.01 secs] 
2016-09-24T03:05:51.877-0400: 31.429: [GC (GCLocker Initiated GC) [PSYoungGen: 153253K->49746K(153600K)] 404675K->307365K(677888K), 0.0088547 secs] [Times: user=0.08 sys=0.00, real=0.01 secs] 
2016-09-24T03:05:51.948-0400: 31.501: [GC (GCLocker Initiated GC) [PSYoungGen: 153170K->56617K(180224K)] 414919K->329872K(704512K), 0.0065097 secs] [Times: user=0.08 sys=0.00, real=0.01 secs] 
2016-09-24T03:05:52.007-0400: 31.559: [GC (GCLocker Initiated GC) [PSYoungGen: 160553K->57880K(179712K)] 436583K->358988K(704000K), 0.0077063 secs] [Times: user=0.10 sys=0.00, real=0.01 secs] 
2016-09-24T03:05:52.075-0400: 31.628: [GC (GCLocker Initiated GC) [PSYoungGen: 161816K->72715K(176640K)] 468422K->390837K(700928K), 0.0075660 secs] [Times: user=0.11 sys=0.00, real=0.01 secs] 
2016-09-24T03:05:52.141-0400: 31.694: [GC (GCLocker Initiated GC) [PSYoungGen: 174091K->69990K(171520K)] 494989K->402341K(695808K), 0.0065276 secs] [Times: user=0.11 sys=0.00, real=0.01 secs] 
2016-09-24T03:05:52.208-0400: 31.760: [GC (GCLocker Initiated GC) [PSYoungGen: 171366K->75423K(171008K)] 503747K->408488K(695296K), 0.0236807 secs] [Times: user=0.34 sys=0.00, real=0.02 secs] 
2016-09-24T03:05:52.289-0400: 31.841: [GC (GCLocker Initiated GC) [PSYoungGen: 163487K->63143K(175104K)] 507534K->407899K(699392K), 0.0066012 secs] [Times: user=0.07 sys=0.00, real=0.01 secs] 
2016-09-24T03:05:52.347-0400: 31.899: [GC (GCLocker Initiated GC) [PSYoungGen: 151207K->64486K(172544K)] 500196K->432987K(696832K), 0.0126124 secs] [Times: user=0.16 sys=0.02, real=0.01 secs] 
2016-09-24T03:05:52.415-0400: 31.967: [GC (GCLocker Initiated GC) [PSYoungGen: 153062K->50865K(174080K)] 521784K->424080K(698368K), 0.0092611 secs] [Times: user=0.09 sys=0.00, real=0.01 secs] 
2016-09-24T03:05:52.469-0400: 32.021: [GC (GCLocker Initiated GC) [PSYoungGen: 139441K->44089K(176128K)] 518168K->439508K(700416K), 0.0167925 secs] [Times: user=0.23 sys=0.00, real=0.02 secs] 
2016-09-24T03:05:52.553-0400: 32.106: [GC (GCLocker Initiated GC) [PSYoungGen: 136249K->56514K(148992K)] 539877K->490491K(673280K), 0.0116196 secs] [Times: user=0.18 sys=0.00, real=0.02 secs] 
2016-09-24T03:05:52.618-0400: 32.170: [GC (GCLocker Initiated GC) [PSYoungGen: 148674K->59150K(177152K)] 585456K->511538K(701440K), 0.0065483 secs] [Times: user=0.09 sys=0.00, real=0.01 secs] 
2016-09-24T03:05:52.674-0400: 32.227: [GC (GCLocker Initiated GC) [PSYoungGen: 154382K->71428K(175616K)] 606803K->537969K(699904K), 0.0076833 secs] [Times: user=0.11 sys=0.01, real=0.00 secs] 
2016-09-24T03:05:52.734-0400: 32.287: [GC (GCLocker Initiated GC) [PSYoungGen: 166660K->63167K(179712K)] 636039K->554871K(704000K), 0.0079579 secs] [Times: user=0.11 sys=0.00, real=0.01 secs] 
2016-09-24T03:05:52.742-0400: 32.295: [Full GC (Ergonomics) [PSYoungGen: 63167K->0K(179712K)] [ParOldGen: 491703K->175900K(524288K)] 554871K->175900K(704000K), [Metaspace: 43580K->43580K(1087488K)], 0.0499177 secs] [Times: user=0.38 sys=0.02, real=0.04 secs] 
2016-09-24T03:05:52.853-0400: 32.406: [GC (GCLocker Initiated GC) [PSYoungGen: 96768K->72904K(169984K)] 278212K->254357K(694272K), 0.0061397 secs] [Times: user=0.08 sys=0.01, real=0.01 secs] 
2016-09-24T03:05:52.919-0400: 32.472: [GC (GCLocker Initiated GC) [PSYoungGen: 169672K->63198K(178688K)] 352584K->260508K(702976K), 0.0106526 secs] [Times: user=0.14 sys=0.00, real=0.01 secs] 
2016-09-24T03:05:52.983-0400: 32.536: [GC (GCLocker Initiated GC) [PSYoungGen: 156894K->37486K(131584K)] 359780K->251829K(655872K), 0.0074972 secs] [Times: user=0.05 sys=0.01, real=0.00 secs] 
2016-09-24T03:05:53.044-0400: 32.597: [GC (GCLocker Initiated GC) [PSYoungGen: 131182K->46997K(177664K)] 355108K->271567K(701952K), 0.0062848 secs] [Times: user=0.06 sys=0.00, real=0.00 secs] 
2016-09-24T03:05:53.113-0400: 32.665: [GC (GCLocker Initiated GC) [PSYoungGen: 139157K->26747K(119296K)] 374858K->279281K(643584K), 0.0053977 secs] [Times: user=0.05 sys=0.00, real=0.01 secs] 
2016-09-24T03:05:53.168-0400: 32.721: [GC (GCLocker Initiated GC) [PSYoungGen: 118907K->72647K(175104K)] 371587K->325993K(699392K), 0.0074292 secs] [Times: user=0.09 sys=0.01, real=0.01 secs] 
2016-09-24T03:05:53.221-0400: 32.773: [GC (GCLocker Initiated GC) [PSYoungGen: 160711K->55129K(175104K)] 418136K->329403K(699392K), 0.0143583 secs] [Times: user=0.22 sys=0.00, real=0.02 secs] 
2016-09-24T03:05:53.286-0400: 32.839: [GC (GCLocker Initiated GC) [PSYoungGen: 143193K->51099K(171008K)] 424278K->349057K(695296K), 0.0068106 secs] [Times: user=0.09 sys=0.00, real=0.00 secs] 
2016-09-24T03:05:53.343-0400: 32.895: [GC (GCLocker Initiated GC) [PSYoungGen: 139163K->41482K(173056K)] 452000K->367066K(697344K), 0.0070492 secs] [Times: user=0.04 sys=0.01, real=0.00 secs] 
2016-09-24T03:05:53.398-0400: 32.950: [GC (GCLocker Initiated GC) [PSYoungGen: 129546K->63262K(176640K)] 464629K->411133K(700928K), 0.0058231 secs] [Times: user=0.08 sys=0.00, real=0.01 secs] 
2016-09-24T03:05:53.447-0400: 32.999: [GC (GCLocker Initiated GC) [PSYoungGen: 155422K->51156K(143360K)] 511631K->424231K(667648K), 0.0064137 secs] [Times: user=0.08 sys=0.00, real=0.00 secs] 
2016-09-24T03:05:53.499-0400: 33.052: [GC (GCLocker Initiated GC) [PSYoungGen: 143316K->45518K(176128K)] 520581K->423397K(700416K), 0.0057951 secs] [Times: user=0.05 sys=0.00, real=0.01 secs] 
2016-09-24T03:05:53.550-0400: 33.103: [GC (GCLocker Initiated GC) [PSYoungGen: 139214K->53668K(175104K)] 523888K->460622K(699392K), 0.0083327 secs] [Times: user=0.09 sys=0.00, real=0.01 secs] 
2016-09-24T03:05:53.610-0400: 33.162: [GC (GCLocker Initiated GC) [PSYoungGen: 147364K->52425K(178176K)] 562540K->492495K(702464K), 0.0063209 secs] [Times: user=0.08 sys=0.00, real=0.01 secs] 
2016-09-24T03:05:53.663-0400: 33.216: [GC (GCLocker Initiated GC) [PSYoungGen: 153289K->71358K(177152K)] 593420K->514802K(701440K), 0.0104207 secs] [Times: user=0.16 sys=0.00, real=0.00 secs] 
2016-09-24T03:05:53.724-0400: 33.277: [GC (GCLocker Initiated GC) [PSYoungGen: 172222K->64683K(179200K)] 618452K->522390K(703488K), 0.0073890 secs] [Times: user=0.12 sys=0.00, real=0.00 secs] 
2016-09-24T03:05:53.782-0400: 33.335: [GC (GCLocker Initiated GC) [PSYoungGen: 162987K->41593K(180224K)] 620736K->518963K(704512K), 0.0139444 secs] [Times: user=0.16 sys=0.01, real=0.01 secs] 
2016-09-24T03:05:53.848-0400: 33.400: [GC (GCLocker Initiated GC) [PSYoungGen: 139897K->49641K(176128K)] 622694K->543819K(700416K), 0.0273711 secs] [Times: user=0.30 sys=0.00, real=0.03 secs] 
2016-09-24T03:05:53.875-0400: 33.428: [Full GC (Ergonomics) [PSYoungGen: 49641K->0K(176128K)] [ParOldGen: 494177K->192807K(524288K)] 543819K->192807K(700416K), [Metaspace: 43625K->43625K(1087488K)], 0.0540248 secs] [Times: user=0.30 sys=0.01, real=0.05 secs] 
2016-09-24T03:05:53.984-0400: 33.536: [GC (GCLocker Initiated GC) [PSYoungGen: 98304K->53936K(178176K)] 291128K->246761K(702464K), 0.0154096 secs] [Times: user=0.16 sys=0.00, real=0.01 secs] 
2016-09-24T03:05:54.048-0400: 33.601: [GC (GCLocker Initiated GC) [PSYoungGen: 152240K->66047K(179712K)] 345142K->261256K(704000K), 0.0125847 secs] [Times: user=0.16 sys=0.00, real=0.01 secs] 
2016-09-24T03:05:54.108-0400: 33.661: [GC (GCLocker Initiated GC) [PSYoungGen: 168447K->61954K(181760K)] 366460K->274189K(706048K), 0.0090157 secs] [Times: user=0.13 sys=0.00, real=0.01 secs] 
2016-09-24T03:05:54.175-0400: 33.727: [GC (Allocation Failure) [PSYoungGen: 164354K->42946K(182784K)] 382065K->282873K(707072K), 0.0096801 secs] [Times: user=0.14 sys=0.00, real=0.01 secs] 
2016-09-24T03:05:54.185-0400: 33.737: [GC (GCLocker Initiated GC) [PSYoungGen: 43334K->256K(103936K)] 283261K->282789K(628224K), 0.0056407 secs] [Times: user=0.05 sys=0.00, real=0.00 secs] 
2016-09-24T03:05:54.239-0400: 33.791: [GC (GCLocker Initiated GC) [PSYoungGen: 102673K->51238K(178688K)] 387906K->336480K(702976K), 0.0094602 secs] [Times: user=0.11 sys=0.00, real=0.01 secs] 
2016-09-24T03:05:54.296-0400: 33.849: [GC (GCLocker Initiated GC) [PSYoungGen: 143398K->60529K(175616K)] 431480K->360411K(699904K), 0.0132548 secs] [Times: user=0.19 sys=0.00, real=0.01 secs] 
2016-09-24T03:05:54.359-0400: 33.911: [GC (GCLocker Initiated GC) [PSYoungGen: 152689K->42775K(176640K)] 452580K->348647K(700928K), 0.0173227 secs] [Times: user=0.19 sys=0.00, real=0.02 secs] 
2016-09-24T03:05:54.423-0400: 33.975: [GC (GCLocker Initiated GC) [PSYoungGen: 136983K->38737K(176128K)] 442914K->345241K(700416K), 0.0208309 secs] [Times: user=0.25 sys=0.01, real=0.02 secs] 
2016-09-24T03:05:54.490-0400: 34.042: [GC (GCLocker Initiated GC) [PSYoungGen: 132945K->57777K(178688K)] 444962K->381347K(702976K), 0.0140720 secs] [Times: user=0.16 sys=0.00, real=0.02 secs] 
2016-09-24T03:05:54.554-0400: 34.107: [GC (GCLocker Initiated GC) [PSYoungGen: 155569K->65954K(163840K)] 484795K->398493K(688128K), 0.0271291 secs] [Times: user=0.35 sys=0.00, real=0.02 secs] 
2016-09-24T03:05:54.644-0400: 34.196: [GC (GCLocker Initiated GC) [PSYoungGen: 163746K->33447K(178688K)] 508532K->378845K(702976K), 0.0068604 secs] [Times: user=0.06 sys=0.01, real=0.00 secs] 
2016-09-24T03:05:54.699-0400: 34.251: [GC (GCLocker Initiated GC) [PSYoungGen: 128167K->40216K(135168K)] 477732K->398640K(659456K), 0.0068006 secs] [Times: user=0.06 sys=0.00, real=0.01 secs] 
2016-09-24T03:05:54.750-0400: 34.302: [GC (GCLocker Initiated GC) [PSYoungGen: 134936K->56480K(177152K)] 500229K->442681K(701440K), 0.0071719 secs] [Times: user=0.09 sys=0.00, real=0.01 secs] 
2016-09-24T03:05:54.803-0400: 34.355: [GC (GCLocker Initiated GC) [PSYoungGen: 151712K->44285K(176640K)] 543421K->452772K(700928K), 0.0061577 secs] [Times: user=0.06 sys=0.00, real=0.00 secs] 
2016-09-24T03:05:54.857-0400: 34.410: [GC (GCLocker Initiated GC) [PSYoungGen: 139517K->67281K(174592K)] 550766K->492683K(698880K), 0.0063878 secs] [Times: user=0.09 sys=0.00, real=0.01 secs] 
2016-09-24T03:05:54.911-0400: 34.463: [GC (GCLocker Initiated GC) [PSYoungGen: 162513K->61958K(178176K)] 589352K->508316K(702464K), 0.0075534 secs] [Times: user=0.11 sys=0.00, real=0.01 secs] 
2016-09-24T03:05:54.976-0400: 34.528: [GC (GCLocker Initiated GC) [PSYoungGen: 157190K->60394K(178176K)] 615763K->519679K(702464K), 0.0062053 secs] [Times: user=0.07 sys=0.01, real=0.01 secs] 
2016-09-24T03:05:55.030-0400: 34.583: [GC (GCLocker Initiated GC) [PSYoungGen: 154602K->64627K(159232K)] 619938K->546806K(683520K), 0.0068868 secs] [Times: user=0.10 sys=0.00, real=0.01 secs] 
2016-09-24T03:05:55.089-0400: 34.642: [GC (GCLocker Initiated GC) [PSYoungGen: 158835K->73988K(173056K)] 646471K->562265K(697344K), 0.0060741 secs] [Times: user=0.08 sys=0.00, real=0.01 secs] 
2016-09-24T03:05:55.153-0400: 34.706: [Full GC (Ergonomics) [PSYoungGen: 162052K->0K(173056K)] [ParOldGen: 493755K->203817K(524288K)] 655808K->203817K(697344K), [Metaspace: 43687K->43687K(1087488K)], 0.0558536 secs] [Times: user=0.46 sys=0.03, real=0.06 secs] 
2016-09-24T03:05:55.260-0400: 34.813: [GC (GCLocker Initiated GC) [PSYoungGen: 88064K->48575K(175104K)] 294636K->255148K(699392K), 0.0082802 secs] [Times: user=0.05 sys=0.00, real=0.01 secs] 
2016-09-24T03:05:55.310-0400: 34.862: [GC (GCLocker Initiated GC) [PSYoungGen: 136639K->41281K(174080K)] 343345K->250158K(698368K), 0.0060993 secs] [Times: user=0.05 sys=0.00, real=0.01 secs] 
2016-09-24T03:05:55.358-0400: 34.910: [GC (GCLocker Initiated GC) [PSYoungGen: 129345K->54941K(143360K)] 349080K->280608K(667648K), 0.0076432 secs] [Times: user=0.06 sys=0.00, real=0.01 secs] 
2016-09-24T03:05:55.412-0400: 34.964: [GC (GCLocker Initiated GC) [PSYoungGen: 143005K->46860K(175616K)] 371416K->277178K(699904K), 0.0070346 secs] [Times: user=0.07 sys=0.00, real=0.01 secs] 
2016-09-24T03:05:55.470-0400: 35.022: [GC (GCLocker Initiated GC) [PSYoungGen: 138508K->55082K(173568K)] 370411K->325305K(697856K), 0.0194761 secs] [Times: user=0.26 sys=0.01, real=0.02 secs] 
2016-09-24T03:05:55.541-0400: 35.094: [GC (GCLocker Initiated GC) [PSYoungGen: 146730K->31965K(175104K)] 423900K->331321K(699392K), 0.0055608 secs] [Times: user=0.06 sys=0.00, real=0.01 secs] 
2016-09-24T03:05:55.594-0400: 35.147: [GC (GCLocker Initiated GC) [PSYoungGen: 127197K->40072K(176128K)] 433487K->360329K(700416K), 0.0132665 secs] [Times: user=0.19 sys=0.00, real=0.01 secs] 
2016-09-24T03:05:55.659-0400: 35.211: [GC (GCLocker Initiated GC) [PSYoungGen: 135304K->45375K(177152K)] 462556K->375801K(701440K), 0.0066119 secs] [Times: user=0.06 sys=0.00, real=0.01 secs] 
2016-09-24T03:05:55.719-0400: 35.272: [GC (GCLocker Initiated GC) [PSYoungGen: 146751K->75287K(177152K)] 479931K->414428K(701440K), 0.0070265 secs] [Times: user=0.09 sys=0.00, real=0.01 secs] 
2016-09-24T03:05:55.783-0400: 35.336: [GC (GCLocker Initiated GC) [PSYoungGen: 176663K->56496K(179200K)] 522622K->416487K(703488K), 0.0053407 secs] [Times: user=0.08 sys=0.00, real=0.00 secs] 
2016-09-24T03:05:55.838-0400: 35.390: [GC (GCLocker Initiated GC) [PSYoungGen: 151216K->77987K(173056K)] 514156K->446929K(697344K), 0.0073303 secs] [Times: user=0.09 sys=0.00, real=0.01 secs] 
2016-09-24T03:05:55.909-0400: 35.461: [GC (GCLocker Initiated GC) [PSYoungGen: 172707K->60373K(175104K)] 549914K->438128K(699392K), 0.0056402 secs] [Times: user=0.09 sys=0.00, real=0.01 secs] 
2016-09-24T03:05:55.971-0400: 35.524: [GC (GCLocker Initiated GC) [PSYoungGen: 148437K->65837K(175104K)] 530258K->448111K(699392K), 0.0081023 secs] [Times: user=0.08 sys=0.01, real=0.01 secs] 
2016-09-24T03:05:56.029-0400: 35.581: [GC (Allocation Failure) [PSYoungGen: 153901K->60449K(174080K)] 536635K->443732K(698368K), 0.0065116 secs] [Times: user=0.08 sys=0.01, real=0.01 secs] 
2016-09-24T03:05:56.076-0400: 35.629: [GC (GCLocker Initiated GC) [PSYoungGen: 147148K->57552K(145920K)] 533131K->444144K(670208K), 0.0056963 secs] [Times: user=0.08 sys=0.00, real=0.00 secs] 
2016-09-24T03:05:56.125-0400: 35.678: [GC (GCLocker Initiated GC) [PSYoungGen: 145616K->53386K(175616K)] 532247K->443088K(699904K), 0.0075173 secs] [Times: user=0.06 sys=0.00, real=0.00 secs] 
2016-09-24T03:05:56.182-0400: 35.734: [GC (GCLocker Initiated GC) [PSYoungGen: 145034K->50730K(173568K)] 537504K->447643K(697856K), 0.0083629 secs] [Times: user=0.04 sys=0.02, real=0.01 secs] 
2016-09-24T03:05:56.236-0400: 35.789: [GC (GCLocker Initiated GC) [PSYoungGen: 142378K->61678K(177152K)] 539485K->460667K(701440K), 0.0073204 secs] [Times: user=0.08 sys=0.00, real=0.01 secs] 
2016-09-24T03:05:56.295-0400: 35.848: [GC (GCLocker Initiated GC) [PSYoungGen: 158446K->60374K(176640K)] 562984K->484332K(700928K), 0.0085157 secs] [Times: user=0.11 sys=0.00, real=0.01 secs] 
2016-09-24T03:05:56.356-0400: 35.908: [GC (GCLocker Initiated GC) [PSYoungGen: 157142K->51033K(181248K)] 585903K->488420K(705536K), 0.0057687 secs] [Times: user=0.08 sys=0.00, real=0.00 secs] 
2016-09-24T03:05:56.413-0400: 35.965: [GC (GCLocker Initiated GC) [PSYoungGen: 153945K->61724K(180736K)] 591370K->499728K(705024K), 0.0115330 secs] [Times: user=0.14 sys=0.00, real=0.02 secs] 
2016-09-24T03:05:56.476-0400: 36.028: [GC (GCLocker Initiated GC) [PSYoungGen: 164636K->48174K(183808K)] 605513K->489540K(708096K), 0.0075383 secs] [Times: user=0.04 sys=0.02, real=0.01 secs] 
2016-09-24T03:05:56.546-0400: 36.099: [GC (GCLocker Initiated GC) [PSYoungGen: 154670K->30687K(137216K)] 601457K->488862K(661504K), 0.0064793 secs] [Times: user=0.06 sys=0.00, real=0.00 secs] 
2016-09-24T03:05:56.602-0400: 36.154: [GC (GCLocker Initiated GC) [PSYoungGen: 137183K->59211K(183296K)] 602137K->524905K(707584K), 0.0065472 secs] [Times: user=0.07 sys=0.00, real=0.01 secs] 
2016-09-24T03:05:56.663-0400: 36.216: [GC (GCLocker Initiated GC) [PSYoungGen: 163147K->41445K(182784K)] 629002K->510649K(707072K), 0.0071055 secs] [Times: user=0.05 sys=0.00, real=0.00 secs] 
2016-09-24T03:05:56.717-0400: 36.270: [GC (GCLocker Initiated GC) [PSYoungGen: 145381K->66001K(179200K)] 614676K->546761K(703488K), 0.0072623 secs] [Times: user=0.07 sys=0.00, real=0.01 secs] 
2016-09-24T03:05:56.782-0400: 36.335: [GC (GCLocker Initiated GC) [PSYoungGen: 166353K->47083K(181248K)] 649873K->536628K(705536K), 0.0069093 secs] [Times: user=0.06 sys=0.01, real=0.01 secs] 
2016-09-24T03:05:56.840-0400: 36.393: [GC (GCLocker Initiated GC) [PSYoungGen: 147435K->53821K(176640K)] 642605K->563258K(700928K), 0.0233500 secs] [Times: user=0.27 sys=0.00, real=0.03 secs] 
2016-09-24T03:05:56.864-0400: 36.416: [Full GC (Ergonomics) [PSYoungGen: 53821K->0K(176640K)] [ParOldGen: 509436K->214395K(524288K)] 563258K->214395K(700928K), [Metaspace: 43703K->43703K(1087488K)], 0.0626659 secs] [Times: user=0.31 sys=0.02, real=0.06 secs] 
2016-09-24T03:05:56.979-0400: 36.531: [GC (GCLocker Initiated GC) [PSYoungGen: 101888K->66324K(179200K)] 324615K->289051K(703488K), 0.0062738 secs] [Times: user=0.07 sys=0.00, real=0.01 secs] 
2016-09-24T03:05:57.041-0400: 36.593: [GC (GCLocker Initiated GC) [PSYoungGen: 168212K->53812K(182784K)] 391144K->279122K(707072K), 0.0061570 secs] [Times: user=0.06 sys=0.00, real=0.01 secs] 
2016-09-24T03:05:57.091-0400: 36.644: [GC (GCLocker Initiated GC) [PSYoungGen: 159284K->75389K(181248K)] 384752K->304191K(705536K), 0.0067699 secs] [Times: user=0.08 sys=0.00, real=0.01 secs] 
2016-09-24T03:05:57.148-0400: 36.701: [GC (GCLocker Initiated GC) [PSYoungGen: 180861K->52517K(181248K)] 412491K->306453K(705536K), 0.0110522 secs] [Times: user=0.13 sys=0.00, real=0.01 secs] 
2016-09-24T03:05:57.211-0400: 36.763: [GC (GCLocker Initiated GC) [PSYoungGen: 152869K->63277K(181248K)] 406872K->328809K(705536K), 0.0096153 secs] [Times: user=0.11 sys=0.01, real=0.01 secs] 
2016-09-24T03:05:57.280-0400: 36.833: [GC (GCLocker Initiated GC) [PSYoungGen: 163629K->55179K(177152K)] 442727K->340358K(701440K), 0.0076527 secs] [Times: user=0.05 sys=0.00, real=0.01 secs] 
2016-09-24T03:05:57.338-0400: 36.891: [GC (GCLocker Initiated GC) [PSYoungGen: 155531K->64626K(179200K)] 443453K->369455K(703488K), 0.0215589 secs] [Times: user=0.30 sys=0.00, real=0.02 secs] 
2016-09-24T03:05:57.422-0400: 36.974: [GC (GCLocker Initiated GC) [PSYoungGen: 164978K->40356K(180736K)] 479835K->391040K(705024K), 0.0065972 secs] [Times: user=0.08 sys=0.00, real=0.01 secs] 
2016-09-24T03:05:57.482-0400: 37.035: [GC (GCLocker Initiated GC) [PSYoungGen: 141732K->60617K(181760K)] 497980K->420308K(706048K), 0.0075362 secs] [Times: user=0.08 sys=0.00, real=0.00 secs] 
2016-09-24T03:05:57.547-0400: 37.099: [GC (GCLocker Initiated GC) [PSYoungGen: 161993K->71457K(176128K)] 528553K->452187K(700416K), 0.0076551 secs] [Times: user=0.09 sys=0.00, real=0.01 secs] 
2016-09-24T03:05:57.599-0400: 37.152: [GC (GCLocker Initiated GC) [PSYoungGen: 167713K->57723K(179200K)] 553931K->447321K(703488K), 0.0078117 secs] [Times: user=0.06 sys=0.00, real=0.01 secs] 
2016-09-24T03:05:57.658-0400: 37.211: [GC (GCLocker Initiated GC) [PSYoungGen: 153979K->44066K(178688K)] 550338K->446479K(702976K), 0.0211759 secs] [Times: user=0.23 sys=0.00, real=0.02 secs] 
2016-09-24T03:05:57.722-0400: 37.274: [GC (GCLocker Initiated GC) [PSYoungGen: 142882K->58972K(179200K)] 545478K->462170K(703488K), 0.0101303 secs] [Times: user=0.11 sys=0.00, real=0.01 secs] 
2016-09-24T03:05:57.781-0400: 37.334: [GC (GCLocker Initiated GC) [PSYoungGen: 157788K->36062K(180224K)] 567760K->460120K(704512K), 0.0194652 secs] [Times: user=0.23 sys=0.00, real=0.02 secs] 
2016-09-24T03:05:57.847-0400: 37.400: [GC (GCLocker Initiated GC) [PSYoungGen: 136926K->65904K(166912K)] 561029K->490761K(691200K), 0.0095326 secs] [Times: user=0.12 sys=0.00, real=0.01 secs] 
2016-09-24T03:05:57.906-0400: 37.458: [GC (GCLocker Initiated GC) [PSYoungGen: 166768K->41447K(180224K)] 597237K->494108K(704512K), 0.0065303 secs] [Times: user=0.05 sys=0.00, real=0.00 secs] 
2016-09-24T03:05:57.958-0400: 37.511: [GC (GCLocker Initiated GC) [PSYoungGen: 139751K->68602K(166912K)] 599240K->539526K(691200K), 0.0064121 secs] [Times: user=0.09 sys=0.00, real=0.01 secs] 
2016-09-24T03:05:58.013-0400: 37.565: [GC (GCLocker Initiated GC) [PSYoungGen: 166906K->78073K(172544K)] 644723K->556543K(696832K), 0.0079357 secs] [Times: user=0.12 sys=0.00, real=0.01 secs] 
2016-09-24T03:05:58.063-0400: 37.615: [GC (GCLocker Initiated GC) [PSYoungGen: 166137K->61896K(175104K)] 648736K->564006K(699392K), 0.0070818 secs] [Times: user=0.09 sys=0.01, real=0.00 secs] 
2016-09-24T03:05:58.070-0400: 37.623: [Full GC (Ergonomics) [PSYoungGen: 61896K->0K(175104K)] [ParOldGen: 502109K->222898K(524288K)] 564006K->222898K(699392K), [Metaspace: 43706K->43706K(1087488K)], 0.0709848 secs] [Times: user=0.37 sys=0.02, real=0.07 secs] 
2016-09-24T03:05:58.187-0400: 37.739: [GC (Allocation Failure) [PSYoungGen: 88064K->74205K(175104K)] 313892K->300033K(699392K), 0.0062737 secs] [Times: user=0.09 sys=0.00, real=0.00 secs] 
2016-09-24T03:05:58.241-0400: 37.794: [GC (GCLocker Initiated GC) [PSYoungGen: 162151K->44638K(175104K)] 390680K->286166K(699392K), 0.0053867 secs] [Times: user=0.08 sys=0.00, real=0.01 secs] 
2016-09-24T03:05:58.284-0400: 37.837: [GC (GCLocker Initiated GC) [PSYoungGen: 132702K->69833K(175104K)] 374247K->312100K(699392K), 0.0053834 secs] [Times: user=0.07 sys=0.00, real=0.00 secs] 
2016-09-24T03:05:58.333-0400: 37.886: [GC (GCLocker Initiated GC) [PSYoungGen: 157897K->80735K(175104K)] 400317K->326350K(699392K), 0.0071232 secs] [Times: user=0.10 sys=0.00, real=0.01 secs] 
2016-09-24T03:05:58.390-0400: 37.943: [GC (GCLocker Initiated GC) [PSYoungGen: 168799K->67228K(175104K)] 417368K->321754K(699392K), 0.0093118 secs] [Times: user=0.08 sys=0.00, real=0.01 secs] 
2016-09-24T03:05:58.447-0400: 38.000: [GC (GCLocker Initiated GC) [PSYoungGen: 155292K->82175K(175104K)] 409979K->337508K(699392K), 0.0071137 secs] [Times: user=0.10 sys=0.01, real=0.01 secs] 
2016-09-24T03:05:58.507-0400: 38.059: [GC (GCLocker Initiated GC) [PSYoungGen: 170239K->59282K(175104K)] 435178K->324876K(699392K), 0.0128512 secs] [Times: user=0.19 sys=0.00, real=0.01 secs] 
2016-09-24T03:05:58.576-0400: 38.128: [GC (GCLocker Initiated GC) [PSYoungGen: 147346K->32129K(175104K)] 421106K->321451K(699392K), 0.0074624 secs] [Times: user=0.08 sys=0.00, real=0.01 secs] 
2016-09-24T03:05:58.632-0400: 38.185: [GC (GCLocker Initiated GC) [PSYoungGen: 120193K->49832K(175104K)] 410761K->347856K(699392K), 0.0050293 secs] [Times: user=0.06 sys=0.00, real=0.01 secs] 
2016-09-24T03:05:58.684-0400: 38.236: [GC (GCLocker Initiated GC) [PSYoungGen: 137896K->56623K(175104K)] 445545K->375849K(699392K), 0.0061365 secs] [Times: user=0.08 sys=0.00, real=0.00 secs] 
2016-09-24T03:05:58.735-0400: 38.288: [GC (GCLocker Initiated GC) [PSYoungGen: 144687K->53671K(175104K)] 466654K->404724K(699392K), 0.0075286 secs] [Times: user=0.08 sys=0.00, real=0.01 secs] 
2016-09-24T03:05:58.799-0400: 38.352: [GC (GCLocker Initiated GC) [PSYoungGen: 141735K->45756K(175104K)] 503664K->409640K(699392K), 0.0081471 secs] [Times: user=0.13 sys=0.00, real=0.01 secs] 
2016-09-24T03:05:58.866-0400: 38.419: [GC (GCLocker Initiated GC) [PSYoungGen: 133820K->57709K(175104K)] 504590K->429130K(699392K), 0.0204872 secs] [Times: user=0.28 sys=0.00, real=0.02 secs] 
2016-09-24T03:05:58.945-0400: 38.498: [GC (GCLocker Initiated GC) [PSYoungGen: 145773K->43030K(131584K)] 522670K->442188K(655872K), 0.0099388 secs] [Times: user=0.14 sys=0.01, real=0.01 secs] 
2016-09-24T03:05:59.004-0400: 38.556: [GC (GCLocker Initiated GC) [PSYoungGen: 131094K->52515K(177152K)] 532961K->456384K(701440K), 0.0069292 secs] [Times: user=0.07 sys=0.00, real=0.00 secs] 
2016-09-24T03:05:59.065-0400: 38.617: [GC (GCLocker Initiated GC) [PSYoungGen: 143139K->57958K(148992K)] 549766K->465487K(673280K), 0.0057423 secs] [Times: user=0.08 sys=0.00, real=0.00 secs] 
2016-09-24T03:05:59.120-0400: 38.673: [GC (GCLocker Initiated GC) [PSYoungGen: 148582K->54010K(175616K)] 565675K->471841K(699904K), 0.0082226 secs] [Times: user=0.08 sys=0.00, real=0.01 secs] 
2016-09-24T03:05:59.184-0400: 38.737: [GC (GCLocker Initiated GC) [PSYoungGen: 147706K->60683K(173568K)] 575088K->490256K(697856K), 0.0062610 secs] [Times: user=0.08 sys=0.00, real=0.00 secs] 
2016-09-24T03:05:59.238-0400: 38.790: [GC (GCLocker Initiated GC) [PSYoungGen: 154379K->63369K(179712K)] 589454K->518155K(704000K), 0.0101997 secs] [Times: user=0.13 sys=0.02, real=0.01 secs] 
2016-09-24T03:05:59.302-0400: 38.854: [GC (GCLocker Initiated GC) [PSYoungGen: 163721K->70298K(179712K)] 618666K->542322K(704000K), 0.0097985 secs] [Times: user=0.12 sys=0.00, real=0.01 secs] 
2016-09-24T03:05:59.369-0400: 38.921: [GC (GCLocker Initiated GC) [PSYoungGen: 170650K->79854K(170496K)] 644415K->554635K(694784K), 0.0072435 secs] [Times: user=0.10 sys=0.01, real=0.01 secs] 
2016-09-24T03:05:59.429-0400: 38.982: [GC (GCLocker Initiated GC) [PSYoungGen: 167918K->44391K(175104K)] 642796K->524356K(699392K), 0.0095795 secs] [Times: user=0.11 sys=0.01, real=0.01 secs] 
2016-09-24T03:05:59.482-0400: 39.034: [GC (GCLocker Initiated GC) [PSYoungGen: 132455K->69053K(175104K)] 612633K->551309K(699392K), 0.0070198 secs] [Times: user=0.10 sys=0.00, real=0.01 secs] 
2016-09-24T03:05:59.542-0400: 39.094: [GC (GCLocker Initiated GC) [PSYoungGen: 157117K->40641K(175104K)] 643616K->551144K(699392K), 0.0137574 secs] [Times: user=0.18 sys=0.00, real=0.02 secs] 
2016-09-24T03:05:59.556-0400: 39.108: [Full GC (Ergonomics) [PSYoungGen: 40641K->0K(175104K)] [ParOldGen: 510502K->235305K(524288K)] 551144K->235305K(699392K), [Metaspace: 43728K->43728K(1087488K)], 0.0568175 secs] [Times: user=0.40 sys=0.01, real=0.05 secs] 
2016-09-24T03:05:59.668-0400: 39.220: [GC (GCLocker Initiated GC) [PSYoungGen: 88064K->69633K(175104K)] 332978K->314547K(699392K), 0.0061964 secs] [Times: user=0.09 sys=0.00, real=0.00 secs] 
2016-09-24T03:05:59.734-0400: 39.287: [GC (GCLocker Initiated GC) [PSYoungGen: 157697K->40551K(175104K)] 414851K->308752K(699392K), 0.0057032 secs] [Times: user=0.05 sys=0.00, real=0.00 secs] 
2016-09-24T03:05:59.788-0400: 39.341: [GC (GCLocker Initiated GC) [PSYoungGen: 128615K->67419K(175104K)] 399621K->339498K(699392K), 0.0089885 secs] [Times: user=0.13 sys=0.00, real=0.01 secs] 
2016-09-24T03:05:59.845-0400: 39.397: [GC (GCLocker Initiated GC) [PSYoungGen: 155483K->77033K(175104K)] 430365K->360859K(699392K), 0.0072035 secs] [Times: user=0.09 sys=0.00, real=0.00 secs] 
2016-09-24T03:05:59.911-0400: 39.463: [GC (GCLocker Initiated GC) [PSYoungGen: 165097K->73042K(175104K)] 448984K->374066K(699392K), 0.0066025 secs] [Times: user=0.10 sys=0.01, real=0.01 secs] 
2016-09-24T03:05:59.972-0400: 39.524: [GC (GCLocker Initiated GC) [PSYoungGen: 161106K->73049K(175104K)] 466339K->379237K(699392K), 0.0061746 secs] [Times: user=0.10 sys=0.00, real=0.01 secs] 
2016-09-24T03:06:00.021-0400: 39.574: [GC (GCLocker Initiated GC) [PSYoungGen: 161113K->78349K(175104K)] 470020K->388283K(699392K), 0.0065471 secs] [Times: user=0.09 sys=0.00, real=0.01 secs] 
2016-09-24T03:06:00.081-0400: 39.634: [GC (GCLocker Initiated GC) [PSYoungGen: 166413K->62219K(175104K)] 481843K->396142K(699392K), 0.0059952 secs] [Times: user=0.07 sys=0.01, real=0.01 secs] 
2016-09-24T03:06:00.141-0400: 39.694: [GC (GCLocker Initiated GC) [PSYoungGen: 150283K->67651K(175104K)] 491018K->409383K(699392K), 0.0056964 secs] [Times: user=0.06 sys=0.01, real=0.01 secs] 
2016-09-24T03:06:00.194-0400: 39.746: [GC (GCLocker Initiated GC) [PSYoungGen: 155715K->70309K(175104K)] 500208K->415775K(699392K), 0.0077438 secs] [Times: user=0.09 sys=0.00, real=0.01 secs] 
2016-09-24T03:06:00.259-0400: 39.812: [GC (GCLocker Initiated GC) [PSYoungGen: 158373K->71526K(175104K)] 507877K->431467K(699392K), 0.0065217 secs] [Times: user=0.08 sys=0.00, real=0.01 secs] 
2016-09-24T03:06:00.308-0400: 39.861: [GC (GCLocker Initiated GC) [PSYoungGen: 159590K->75576K(175104K)] 519571K->447186K(699392K), 0.0067208 secs] [Times: user=0.10 sys=0.00, real=0.01 secs] 
2016-09-24T03:06:00.366-0400: 39.918: [GC (GCLocker Initiated GC) [PSYoungGen: 163640K->66260K(175104K)] 538168K->452394K(699392K), 0.0070565 secs] [Times: user=0.07 sys=0.02, real=0.00 secs] 
2016-09-24T03:06:00.440-0400: 39.992: [GC (GCLocker Initiated GC) [PSYoungGen: 154324K->52822K(175104K)] 552639K->452108K(699392K), 0.0049240 secs] [Times: user=0.07 sys=0.00, real=0.01 secs] 
2016-09-24T03:06:00.509-0400: 40.062: [GC (GCLocker Initiated GC) [PSYoungGen: 140886K->60791K(175104K)] 540205K->461128K(699392K), 0.0068585 secs] [Times: user=0.09 sys=0.00, real=0.01 secs] 
2016-09-24T03:06:00.565-0400: 40.117: [GC (GCLocker Initiated GC) [PSYoungGen: 148855K->60695K(175104K)] 551917K->483608K(699392K), 0.0064621 secs] [Times: user=0.08 sys=0.00, real=0.00 secs] 
2016-09-24T03:06:00.627-0400: 40.179: [GC (GCLocker Initiated GC) [PSYoungGen: 148759K->36626K(175104K)] 582627K->492885K(699392K), 0.0089411 secs] [Times: user=0.11 sys=0.00, real=0.01 secs] 
2016-09-24T03:06:00.681-0400: 40.234: [GC (GCLocker Initiated GC) [PSYoungGen: 124690K->57959K(175104K)] 580976K->515323K(699392K), 0.0057528 secs] [Times: user=0.08 sys=0.01, real=0.01 secs] 
2016-09-24T03:06:00.728-0400: 40.281: [GC (GCLocker Initiated GC) [PSYoungGen: 146023K->76995K(175104K)] 603566K->551525K(699392K), 0.0082257 secs] [Times: user=0.11 sys=0.00, real=0.01 secs] 
2016-09-24T03:06:00.786-0400: 40.338: [GC (GCLocker Initiated GC) [PSYoungGen: 165059K->68948K(175104K)] 645096K->557992K(699392K), 0.0065376 secs] [Times: user=0.09 sys=0.00, real=0.00 secs] 
2016-09-24T03:06:00.839-0400: 40.391: [GC (GCLocker Initiated GC) [PSYoungGen: 157012K->62124K(175104K)] 648848K->554831K(699392K), 0.0060055 secs] [Times: user=0.07 sys=0.01, real=0.01 secs] 
2016-09-24T03:06:00.894-0400: 40.447: [GC (GCLocker Initiated GC) [PSYoungGen: 150188K->83666K(175104K)] 643014K->578736K(699392K), 0.0069484 secs] [Times: user=0.10 sys=0.01, real=0.00 secs] 
2016-09-24T03:06:00.945-0400: 40.497: [Full GC (Ergonomics) [PSYoungGen: 171730K->0K(175104K)] [ParOldGen: 498016K->261911K(524288K)] 669746K->261911K(699392K), [Metaspace: 43728K->43728K(1087488K)], 0.0632766 secs] [Times: user=0.49 sys=0.01, real=0.06 secs] 
2016-09-24T03:06:01.058-0400: 40.610: [GC (GCLocker Initiated GC) [PSYoungGen: 88064K->69139K(175104K)] 352779K->333854K(699392K), 0.0060073 secs] [Times: user=0.07 sys=0.00, real=0.01 secs] 
2016-09-24T03:06:01.105-0400: 40.658: [GC (GCLocker Initiated GC) [PSYoungGen: 157203K->64750K(175104K)] 422032K->340187K(699392K), 0.0098049 secs] [Times: user=0.14 sys=0.01, real=0.01 secs] 
2016-09-24T03:06:01.157-0400: 40.710: [GC (GCLocker Initiated GC) [PSYoungGen: 152814K->63354K(175104K)] 431138K->342434K(699392K), 0.0071279 secs] [Times: user=0.06 sys=0.00, real=0.01 secs] 
2016-09-24T03:06:01.224-0400: 40.777: [GC (GCLocker Initiated GC) [PSYoungGen: 151418K->67476K(155648K)] 436086K->369036K(679936K), 0.0096442 secs] [Times: user=0.14 sys=0.01, real=0.01 secs] 
2016-09-24T03:06:01.280-0400: 40.832: [GC (GCLocker Initiated GC) [PSYoungGen: 155540K->63212K(175616K)] 457238K->377914K(699904K), 0.0062311 secs] [Times: user=0.08 sys=0.00, real=0.01 secs] 
2016-09-24T03:06:01.347-0400: 40.900: [GC (GCLocker Initiated GC) [PSYoungGen: 152812K->51282K(174080K)] 474405K->373519K(698368K), 0.0095612 secs] [Times: user=0.14 sys=0.00, real=0.01 secs] 
2016-09-24T03:06:01.406-0400: 40.958: [GC (GCLocker Initiated GC) [PSYoungGen: 140882K->67392K(176640K)] 472759K->400107K(700928K), 0.0067148 secs] [Times: user=0.08 sys=0.00, real=0.00 secs] 
2016-09-24T03:06:01.468-0400: 41.020: [GC (GCLocker Initiated GC) [PSYoungGen: 160064K->78225K(171008K)] 494313K->421360K(695296K), 0.0081375 secs] [Times: user=0.13 sys=0.01, real=0.01 secs] 
2016-09-24T03:06:01.524-0400: 41.076: [GC (GCLocker Initiated GC) [PSYoungGen: 170897K->61930K(176128K)] 519649K->419545K(700416K), 0.0068884 secs] [Times: user=0.07 sys=0.00, real=0.00 secs] 
2016-09-24T03:06:01.587-0400: 41.140: [GC (GCLocker Initiated GC) [PSYoungGen: 151018K->66108K(155648K)] 514147K->429920K(679936K), 0.0110709 secs] [Times: user=0.16 sys=0.00, real=0.01 secs] 
2016-09-24T03:06:01.654-0400: 41.207: [GC (GCLocker Initiated GC) [PSYoungGen: 155196K->60678K(174080K)] 525946K->443008K(698368K), 0.0118471 secs] [Times: user=0.15 sys=0.00, real=0.02 secs] 
2016-09-24T03:06:01.717-0400: 41.269: [GC (GCLocker Initiated GC) [PSYoungGen: 150790K->53831K(173056K)] 535927K->455886K(697344K), 0.0118304 secs] [Times: user=0.15 sys=0.01, real=0.01 secs] 
2016-09-24T03:06:01.786-0400: 41.338: [GC (GCLocker Initiated GC) [PSYoungGen: 143943K->72681K(176128K)] 548834K->490487K(700416K), 0.0073684 secs] [Times: user=0.09 sys=0.02, real=0.00 secs] 
2016-09-24T03:06:01.849-0400: 41.401: [GC (GCLocker Initiated GC) [PSYoungGen: 165865K->59214K(177664K)] 590477K->503361K(701952K), 0.0087240 secs] [Times: user=0.11 sys=0.00, real=0.01 secs] 
2016-09-24T03:06:01.920-0400: 41.472: [GC (GCLocker Initiated GC) [PSYoungGen: 152398K->49731K(177664K)] 607394K->516179K(701952K), 0.0066441 secs] [Times: user=0.08 sys=0.00, real=0.01 secs] 
2016-09-24T03:06:01.982-0400: 41.535: [GC (GCLocker Initiated GC) [PSYoungGen: 143939K->47228K(141824K)] 619898K->564450K(666112K), 0.0066951 secs] [Times: user=0.10 sys=0.00, real=0.00 secs] 
2016-09-24T03:06:01.989-0400: 41.541: [Full GC (Ergonomics) [PSYoungGen: 47228K->0K(141824K)] [ParOldGen: 517222K->223097K(524288K)] 564450K->223097K(666112K), [Metaspace: 43736K->43736K(1087488K)], 0.0726551 secs] [Times: user=0.60 sys=0.02, real=0.07 secs] 
2016-09-24T03:06:02.116-0400: 41.668: [GC (GCLocker Initiated GC) [PSYoungGen: 94208K->65166K(178176K)] 322718K->293676K(702464K), 0.0078358 secs] [Times: user=0.11 sys=0.00, real=0.01 secs] 
2016-09-24T03:06:02.172-0400: 41.725: [GC (GCLocker Initiated GC) [PSYoungGen: 158862K->53696K(147456K)] 387403K->284767K(671744K), 0.0064676 secs] [Times: user=0.05 sys=0.00, real=0.01 secs] 
2016-09-24T03:06:02.232-0400: 41.784: [GC (GCLocker Initiated GC) [PSYoungGen: 147392K->30602K(173056K)] 384067K->273324K(697344K), 0.0097480 secs] [Times: user=0.08 sys=0.00, real=0.01 secs] 
2016-09-24T03:06:02.287-0400: 41.840: [GC (GCLocker Initiated GC) [PSYoungGen: 120714K->72856K(163328K)] 366207K->319060K(687616K), 0.0067439 secs] [Times: user=0.09 sys=0.01, real=0.00 secs] 
2016-09-24T03:06:02.338-0400: 41.891: [GC (GCLocker Initiated GC) [PSYoungGen: 162968K->64700K(175104K)] 412005K->338874K(699392K), 0.0066937 secs] [Times: user=0.10 sys=0.00, real=0.01 secs] 
2016-09-24T03:06:02.390-0400: 41.942: [GC (GCLocker Initiated GC) [PSYoungGen: 152764K->78167K(175104K)] 428946K->355042K(699392K), 0.0076676 secs] [Times: user=0.11 sys=0.00, real=0.01 secs] 
2016-09-24T03:06:02.445-0400: 41.997: [GC (GCLocker Initiated GC) [PSYoungGen: 166231K->47068K(175104K)] 451390K->351844K(699392K), 0.0119276 secs] [Times: user=0.17 sys=0.00, real=0.01 secs] 
2016-09-24T03:06:02.507-0400: 42.059: [GC (GCLocker Initiated GC) [PSYoungGen: 135132K->40171K(175104K)] 439949K->349710K(699392K), 0.0062064 secs] [Times: user=0.04 sys=0.01, real=0.00 secs] 
2016-09-24T03:06:02.559-0400: 42.112: [GC (GCLocker Initiated GC) [PSYoungGen: 128235K->51010K(175104K)] 443264K->368110K(699392K), 0.0099562 secs] [Times: user=0.10 sys=0.00, real=0.01 secs] 
2016-09-24T03:06:02.613-0400: 42.166: [GC (GCLocker Initiated GC) [PSYoungGen: 139074K->52328K(175104K)] 456278K->381008K(699392K), 0.0124820 secs] [Times: user=0.12 sys=0.01, real=0.02 secs] 
2016-09-24T03:06:02.676-0400: 42.229: [GC (GCLocker Initiated GC) [PSYoungGen: 140392K->55221K(169984K)] 474552K->411761K(694272K), 0.0137144 secs] [Times: user=0.17 sys=0.00, real=0.01 secs] 
2016-09-24T03:06:02.745-0400: 42.297: [GC (GCLocker Initiated GC) [PSYoungGen: 143285K->63317K(172544K)] 499867K->422062K(696832K), 0.0148289 secs] [Times: user=0.20 sys=0.00, real=0.01 secs] 
2016-09-24T03:06:02.803-0400: 42.355: [GC (GCLocker Initiated GC) [PSYoungGen: 151381K->58028K(173056K)] 512867K->436450K(697344K), 0.0067141 secs] [Times: user=0.09 sys=0.00, real=0.00 secs] 
2016-09-24T03:06:02.865-0400: 42.418: [GC (GCLocker Initiated GC) [PSYoungGen: 151724K->75464K(175616K)] 530195K->456141K(699904K), 0.0065864 secs] [Times: user=0.10 sys=0.00, real=0.00 secs] 
2016-09-24T03:06:02.922-0400: 42.475: [GC (GCLocker Initiated GC) [PSYoungGen: 169160K->64811K(176640K)] 550047K->470709K(700928K), 0.0067850 secs] [Times: user=0.10 sys=0.00, real=0.00 secs] 
2016-09-24T03:06:02.984-0400: 42.536: [GC (GCLocker Initiated GC) [PSYoungGen: 155435K->68881K(176128K)] 566788K->481074K(700416K), 0.0064848 secs] [Times: user=0.08 sys=0.01, real=0.00 secs] 
2016-09-24T03:06:03.045-0400: 42.597: [GC (GCLocker Initiated GC) [PSYoungGen: 159505K->57967K(173056K)] 575761K->477701K(697344K), 0.0059769 secs] [Times: user=0.08 sys=0.00, real=0.00 secs] 
2016-09-24T03:06:03.092-0400: 42.644: [GC (GCLocker Initiated GC) [PSYoungGen: 148591K->76783K(174592K)] 568504K->509641K(698880K), 0.0082161 secs] [Times: user=0.13 sys=0.00, real=0.01 secs] 
2016-09-24T03:06:03.151-0400: 42.704: [GC (GCLocker Initiated GC) [PSYoungGen: 167407K->64799K(175616K)] 602981K->517309K(699904K), 0.0096401 secs] [Times: user=0.15 sys=0.01, real=0.01 secs] 
2016-09-24T03:06:03.210-0400: 42.762: [GC (GCLocker Initiated GC) [PSYoungGen: 153375K->64666K(153600K)] 605955K->519390K(677888K), 0.0103660 secs] [Times: user=0.16 sys=0.00, real=0.01 secs] 
2016-09-24T03:06:04.500-0400: 44.052: [GC (GCLocker Initiated GC) [PSYoungGen: 153242K->49976K(174080K)] 607979K->533807K(698368K), 1.1632113 secs] [Times: user=0.13 sys=0.02, real=1.17 secs] 
2016-09-24T03:06:05.740-0400: 45.293: [Full GC (Ergonomics) [PSYoungGen: 139064K->0K(174080K)] [ParOldGen: 493388K->229578K(524288K)] 632452K->229578K(698368K), [Metaspace: 43752K->43752K(1087488K)], 0.0723837 secs] [Times: user=0.55 sys=0.02, real=0.07 secs] 
2016-09-24T03:06:05.885-0400: 45.437: [GC (GCLocker Initiated GC) [PSYoungGen: 89088K->58512K(173568K)] 324240K->293664K(697856K), 0.0100811 secs] [Times: user=0.14 sys=0.01, real=0.01 secs] 
2016-09-24T03:06:05.961-0400: 45.513: [GC (GCLocker Initiated GC) [PSYoungGen: 147600K->49964K(176128K)] 389607K->308168K(700416K), 0.0069189 secs] [Times: user=0.09 sys=0.01, real=0.01 secs] 
2016-09-24T03:06:06.022-0400: 45.575: [GC (GCLocker Initiated GC) [PSYoungGen: 143148K->49900K(175616K)] 405533K->326693K(699904K), 0.0216432 secs] [Times: user=0.32 sys=0.00, real=0.02 secs] 
2016-09-24T03:06:06.095-0400: 45.648: [GC (GCLocker Initiated GC) [PSYoungGen: 143084K->48403K(179200K)] 421393K->338307K(703488K), 0.0073234 secs] [Times: user=0.07 sys=0.00, real=0.01 secs] 
2016-09-24T03:06:06.161-0400: 45.713: [GC (GCLocker Initiated GC) [PSYoungGen: 145683K->56663K(154112K)] 435625K->356828K(678400K), 0.0076745 secs] [Times: user=0.10 sys=0.00, real=0.01 secs] 
2016-09-24T03:06:06.224-0400: 45.776: [GC (GCLocker Initiated GC) [PSYoungGen: 153943K->36695K(176640K)] 461159K->347412K(700928K), 0.0070009 secs] [Times: user=0.07 sys=0.00, real=0.00 secs] 
2016-09-24T03:06:06.283-0400: 45.836: [GC (GCLocker Initiated GC) [PSYoungGen: 133975K->63381K(178176K)] 446094K->376604K(702464K), 0.0067321 secs] [Times: user=0.11 sys=0.00, real=0.00 secs] 
2016-09-24T03:06:06.342-0400: 45.894: [GC (GCLocker Initiated GC) [PSYoungGen: 160661K->48485K(179712K)] 473921K->378778K(704000K), 0.0064534 secs] [Times: user=0.07 sys=0.00, real=0.01 secs] 
2016-09-24T03:06:06.401-0400: 45.954: [GC (GCLocker Initiated GC) [PSYoungGen: 148325K->71568K(171520K)] 478664K->413540K(695808K), 0.0072887 secs] [Times: user=0.11 sys=0.00, real=0.01 secs] 
2016-09-24T03:06:06.466-0400: 46.018: [GC (GCLocker Initiated GC) [PSYoungGen: 171408K->77065K(171520K)] 513458K->420103K(695808K), 0.0072544 secs] [Times: user=0.10 sys=0.00, real=0.00 secs] 
2016-09-24T03:06:06.525-0400: 46.078: [GC (GCLocker Initiated GC) [PSYoungGen: 165129K->70315K(175104K)] 512410K->418565K(699392K), 0.0073337 secs] [Times: user=0.11 sys=0.01, real=0.00 secs] 
2016-09-24T03:06:06.588-0400: 46.141: [GC (GCLocker Initiated GC) [PSYoungGen: 158379K->60750K(175104K)] 510698K->427407K(699392K), 0.0064897 secs] [Times: user=0.09 sys=0.00, real=0.01 secs] 
2016-09-24T03:06:06.646-0400: 46.198: [GC (GCLocker Initiated GC) [PSYoungGen: 148814K->49607K(137728K)] 515504K->418444K(662016K), 0.0100665 secs] [Times: user=0.11 sys=0.00, real=0.01 secs] 
2016-09-24T03:06:06.715-0400: 46.267: [GC (GCLocker Initiated GC) [PSYoungGen: 137671K->28613K(173056K)] 524347K->437568K(697344K), 0.0055214 secs] [Times: user=0.07 sys=0.00, real=0.00 secs] 
2016-09-24T03:06:06.777-0400: 46.329: [GC (GCLocker Initiated GC) [PSYoungGen: 115653K->70149K(174080K)] 531363K->486992K(698368K), 0.0074292 secs] [Times: user=0.11 sys=0.00, real=0.01 secs] 
2016-09-24T03:06:06.835-0400: 46.387: [GC (GCLocker Initiated GC) [PSYoungGen: 157189K->41834K(175104K)] 578335K->498883K(699392K), 0.0066460 secs] [Times: user=0.10 sys=0.00, real=0.00 secs] 
2016-09-24T03:06:06.888-0400: 46.441: [GC (Allocation Failure) [PSYoungGen: 129898K->56585K(175104K)] 592594K->522850K(699392K), 0.0066303 secs] [Times: user=0.09 sys=0.00, real=0.01 secs] 
2016-09-24T03:06:06.896-0400: 46.448: [GC (GCLocker Initiated GC) [PSYoungGen: 57073K->96K(175104K)] 523339K->521265K(699392K), 0.0059644 secs] [Times: user=0.07 sys=0.00, real=0.00 secs] 
2016-09-24T03:06:06.902-0400: 46.454: [Full GC (Ergonomics) [PSYoungGen: 96K->0K(175104K)] [ParOldGen: 521169K->234292K(524288K)] 521265K->234292K(699392K), [Metaspace: 43752K->43752K(1087488K)], 0.1637304 secs] [Times: user=2.20 sys=0.02, real=0.17 secs] 
2016-09-24T03:06:07.109-0400: 46.662: [GC (GCLocker Initiated GC) [PSYoungGen: 88064K->84166K(175104K)] 322372K->318475K(699392K), 0.0074418 secs] [Times: user=0.10 sys=0.00, real=0.01 secs] 
2016-09-24T03:06:07.164-0400: 46.716: [GC (GCLocker Initiated GC) [PSYoungGen: 172230K->60701K(175104K)] 409343K->311183K(699392K), 0.0102059 secs] [Times: user=0.11 sys=0.01, real=0.00 secs] 
2016-09-24T03:06:07.217-0400: 46.770: [GC (GCLocker Initiated GC) [PSYoungGen: 148765K->63548K(175104K)] 404764K->320344K(699392K), 0.0084023 secs] [Times: user=0.12 sys=0.00, real=0.01 secs] 
2016-09-24T03:06:07.273-0400: 46.826: [GC (GCLocker Initiated GC) [PSYoungGen: 151612K->66157K(175104K)] 415339K->333488K(699392K), 0.0101282 secs] [Times: user=0.14 sys=0.00, real=0.02 secs] 
2016-09-24T03:06:07.335-0400: 46.887: [GC (GCLocker Initiated GC) [PSYoungGen: 154221K->61988K(175104K)] 427106K->337099K(699392K), 0.0061799 secs] [Times: user=0.07 sys=0.00, real=0.00 secs] 
2016-09-24T03:06:07.405-0400: 46.957: [GC (GCLocker Initiated GC) [PSYoungGen: 150052K->50001K(175104K)] 425777K->327834K(699392K), 0.0060295 secs] [Times: user=0.06 sys=0.00, real=0.00 secs] 
2016-09-24T03:06:07.463-0400: 47.015: [GC (GCLocker Initiated GC) [PSYoungGen: 138065K->54006K(175104K)] 428212K->345162K(699392K), 0.0091015 secs] [Times: user=0.12 sys=0.00, real=0.00 secs] 
2016-09-24T03:06:07.521-0400: 47.073: [GC (GCLocker Initiated GC) [PSYoungGen: 142070K->74223K(175104K)] 441409K->385195K(699392K), 0.0069661 secs] [Times: user=0.11 sys=0.00, real=0.01 secs] 
2016-09-24T03:06:07.579-0400: 47.131: [GC (GCLocker Initiated GC) [PSYoungGen: 162287K->64624K(175104K)] 473590K->401078K(699392K), 0.0077725 secs] [Times: user=0.11 sys=0.00, real=0.01 secs] 
2016-09-24T03:06:07.639-0400: 47.192: [GC (GCLocker Initiated GC) [PSYoungGen: 152688K->63280K(175104K)] 498735K->423473K(699392K), 0.0066253 secs] [Times: user=0.08 sys=0.00, real=0.01 secs] 
2016-09-24T03:06:07.695-0400: 47.248: [GC (GCLocker Initiated GC) [PSYoungGen: 151344K->75491K(175104K)] 511589K->437835K(699392K), 0.0068207 secs] [Times: user=0.10 sys=0.00, real=0.01 secs] 
2016-09-24T03:06:07.750-0400: 47.303: [GC (GCLocker Initiated GC) [PSYoungGen: 163555K->56624K(175104K)] 528672K->425193K(699392K), 0.0056758 secs] [Times: user=0.07 sys=0.00, real=0.01 secs] 
2016-09-24T03:06:07.801-0400: 47.354: [GC (GCLocker Initiated GC) [PSYoungGen: 144688K->62061K(175104K)] 518896K->455939K(699392K), 0.0074154 secs] [Times: user=0.11 sys=0.00, real=0.01 secs] 
2016-09-24T03:06:07.855-0400: 47.407: [GC (GCLocker Initiated GC) [PSYoungGen: 150125K->84948K(175104K)] 544136K->479782K(699392K), 0.0073499 secs] [Times: user=0.09 sys=0.00, real=0.00 secs] 
2016-09-24T03:06:07.922-0400: 47.474: [GC (GCLocker Initiated GC) [PSYoungGen: 173012K->56656K(175104K)] 574767K->469947K(699392K), 0.0063422 secs] [Times: user=0.10 sys=0.00, real=0.01 secs] 
2016-09-24T03:06:07.971-0400: 47.523: [GC (GCLocker Initiated GC) [PSYoungGen: 144720K->64634K(175104K)] 560752K->484176K(699392K), 0.0086162 secs] [Times: user=0.09 sys=0.00, real=0.01 secs] 
2016-09-24T03:06:08.022-0400: 47.575: [GC (GCLocker Initiated GC) [PSYoungGen: 152698K->53803K(175104K)] 577704K->484912K(699392K), 0.0155931 secs] [Times: user=0.20 sys=0.00, real=0.02 secs] 
2016-09-24T03:06:08.082-0400: 47.635: [GC (GCLocker Initiated GC) [PSYoungGen: 141867K->70158K(175104K)] 575858K->523838K(699392K), 0.0069888 secs] [Times: user=0.10 sys=0.00, real=0.00 secs] 
2016-09-24T03:06:08.137-0400: 47.690: [GC (GCLocker Initiated GC) [PSYoungGen: 158222K->75730K(175104K)] 614844K->534482K(699392K), 0.0071997 secs] [Times: user=0.11 sys=0.00, real=0.01 secs] 
2016-09-24T03:06:08.189-0400: 47.742: [GC (GCLocker Initiated GC) [PSYoungGen: 163794K->62032K(175104K)] 630700K->541978K(699392K), 0.0061969 secs] [Times: user=0.09 sys=0.00, real=0.01 secs] 
2016-09-24T03:06:08.244-0400: 47.797: [GC (GCLocker Initiated GC) [PSYoungGen: 150096K->57912K(175104K)] 630115K->553591K(699392K), 0.0079483 secs] [Times: user=0.09 sys=0.00, real=0.00 secs] 
2016-09-24T03:06:08.252-0400: 47.805: [Full GC (Ergonomics) [PSYoungGen: 57912K->0K(175104K)] [ParOldGen: 495678K->257044K(524288K)] 553591K->257044K(699392K), [Metaspace: 43762K->43762K(1087488K)], 0.0591382 secs] [Times: user=0.42 sys=0.01, real=0.06 secs] 
2016-09-24T03:06:08.356-0400: 47.908: [GC (GCLocker Initiated GC) [PSYoungGen: 88064K->77587K(175104K)] 348012K->337535K(699392K), 0.0127105 secs] [Times: user=0.16 sys=0.00, real=0.01 secs] 
2016-09-24T03:06:08.426-0400: 47.979: [GC (Allocation Failure) [PSYoungGen: 165651K->30892K(175104K)] 432414K->305897K(699392K), 0.0098256 secs] [Times: user=0.09 sys=0.00, real=0.01 secs] 
2016-09-24T03:06:08.486-0400: 48.039: [GC (GCLocker Initiated GC) [PSYoungGen: 118956K->70025K(175104K)] 393969K->348634K(699392K), 0.0059270 secs] [Times: user=0.09 sys=0.00, real=0.00 secs] 
2016-09-24T03:06:08.539-0400: 48.091: [GC (GCLocker Initiated GC) [PSYoungGen: 158089K->71452K(175104K)] 437545K->351618K(699392K), 0.0059260 secs] [Times: user=0.08 sys=0.00, real=0.01 secs] 
2016-09-24T03:06:08.589-0400: 48.142: [GC (GCLocker Initiated GC) [PSYoungGen: 159516K->74082K(175104K)] 439838K->363276K(699392K), 0.0072813 secs] [Times: user=0.10 sys=0.00, real=0.01 secs] 
2016-09-24T03:06:08.648-0400: 48.200: [GC (GCLocker Initiated GC) [PSYoungGen: 162146K->51272K(175104K)] 462253K->353511K(699392K), 0.0108495 secs] [Times: user=0.15 sys=0.01, real=0.01 secs] 
2016-09-24T03:06:08.704-0400: 48.256: [GC (GCLocker Initiated GC) [PSYoungGen: 139336K->72774K(175104K)] 441664K->376000K(699392K), 0.0060221 secs] [Times: user=0.08 sys=0.00, real=0.00 secs] 
2016-09-24T03:06:08.751-0400: 48.303: [GC (GCLocker Initiated GC) [PSYoungGen: 160838K->68765K(175104K)] 464317K->383780K(699392K), 0.0061746 secs] [Times: user=0.10 sys=0.00, real=0.01 secs] 
2016-09-24T03:06:08.803-0400: 48.355: [GC (GCLocker Initiated GC) [PSYoungGen: 156829K->53884K(175104K)] 479682K->377538K(699392K), 0.0068944 secs] [Times: user=0.08 sys=0.00, real=0.00 secs] 
2016-09-24T03:06:08.857-0400: 48.410: [GC (GCLocker Initiated GC) [PSYoungGen: 141948K->67332K(175104K)] 469805K->406758K(699392K), 0.0077219 secs] [Times: user=0.07 sys=0.02, real=0.01 secs] 
2016-09-24T03:06:08.918-0400: 48.470: [GC (GCLocker Initiated GC) [PSYoungGen: 155396K->56647K(175104K)] 503069K->415814K(699392K), 0.0071557 secs] [Times: user=0.08 sys=0.00, real=0.01 secs] 
2016-09-24T03:06:08.988-0400: 48.541: [GC (GCLocker Initiated GC) [PSYoungGen: 144711K->59461K(175104K)] 512053K->427524K(699392K), 0.0066563 secs] [Times: user=0.09 sys=0.00, real=0.01 secs] 
2016-09-24T03:06:09.056-0400: 48.608: [GC (GCLocker Initiated GC) [PSYoungGen: 147525K->56665K(173056K)] 522371K->433807K(697344K), 0.0084998 secs] [Times: user=0.11 sys=0.01, real=0.01 secs] 
2016-09-24T03:06:09.116-0400: 48.669: [GC (GCLocker Initiated GC) [PSYoungGen: 144729K->72918K(174080K)] 524788K->455177K(698368K), 0.0075494 secs] [Times: user=0.11 sys=0.00, real=0.01 secs] 
2016-09-24T03:06:09.166-0400: 48.719: [GC (GCLocker Initiated GC) [PSYoungGen: 160982K->66229K(175616K)] 546050K->463000K(699904K), 0.0178013 secs] [Times: user=0.27 sys=0.00, real=0.02 secs] 
2016-09-24T03:06:09.239-0400: 48.792: [GC (GCLocker Initiated GC) [PSYoungGen: 154805K->72774K(175104K)] 558383K->477206K(699392K), 0.0066454 secs] [Times: user=0.10 sys=0.01, real=0.01 secs] 
2016-09-24T03:06:09.297-0400: 48.849: [GC (GCLocker Initiated GC) [PSYoungGen: 161350K->48510K(175104K)] 568584K->482170K(699392K), 0.0069321 secs] [Times: user=0.09 sys=0.00, real=0.01 secs] 
2016-09-24T03:06:09.349-0400: 48.902: [GC (GCLocker Initiated GC) [PSYoungGen: 136574K->79630K(175104K)] 570393K->516913K(699392K), 0.0077418 secs] [Times: user=0.12 sys=0.01, real=0.01 secs] 
2016-09-24T03:06:09.413-0400: 48.965: [GC (GCLocker Initiated GC) [PSYoungGen: 167694K->54109K(175104K)] 610548K->527513K(699392K), 0.0069590 secs] [Times: user=0.10 sys=0.00, real=0.01 secs] 
2016-09-24T03:06:09.478-0400: 49.030: [GC (GCLocker Initiated GC) [PSYoungGen: 142173K->56520K(175104K)] 615691K->549926K(699392K), 0.1819477 secs] [Times: user=0.08 sys=0.01, real=0.18 secs] 
2016-09-24T03:06:09.660-0400: 49.212: [Full GC (Ergonomics) [PSYoungGen: 56520K->0K(175104K)] [ParOldGen: 493405K->265636K(524288K)] 549926K->265636K(699392K), [Metaspace: 43763K->43763K(1087488K)], 0.0698852 secs] [Times: user=0.46 sys=0.00, real=0.07 secs] 
2016-09-24T03:06:09.776-0400: 49.329: [GC (GCLocker Initiated GC) [PSYoungGen: 88064K->73691K(175104K)] 361919K->347547K(699392K), 0.0068874 secs] [Times: user=0.10 sys=0.00, real=0.01 secs] 
2016-09-24T03:06:09.834-0400: 49.386: [GC (GCLocker Initiated GC) [PSYoungGen: 161755K->59361K(175104K)] 442392K->360551K(699392K), 0.0068392 secs] [Times: user=0.09 sys=0.01, real=0.01 secs] 
2016-09-24T03:06:09.892-0400: 49.444: [GC (GCLocker Initiated GC) [PSYoungGen: 147425K->70164K(175104K)] 454271K->388593K(699392K), 0.0076036 secs] [Times: user=0.11 sys=0.00, real=0.01 secs] 
2016-09-24T03:06:09.950-0400: 49.502: [GC (GCLocker Initiated GC) [PSYoungGen: 158228K->72804K(175104K)] 476739K->393482K(699392K), 0.0075537 secs] [Times: user=0.08 sys=0.01, real=0.01 secs] 
2016-09-24T03:06:10.005-0400: 49.558: [GC (GCLocker Initiated GC) [PSYoungGen: 160868K->60822K(175104K)] 484292K->401220K(699392K), 0.0062642 secs] [Times: user=0.09 sys=0.00, real=0.00 secs] 
2016-09-24T03:06:10.060-0400: 49.612: [GC (GCLocker Initiated GC) [PSYoungGen: 148886K->67465K(155648K)] 493049K->427420K(679936K), 0.0070670 secs] [Times: user=0.09 sys=0.00, real=0.01 secs] 
2016-09-24T03:06:10.109-0400: 49.662: [GC (GCLocker Initiated GC) [PSYoungGen: 155529K->52575K(174592K)] 518379K->417561K(698880K), 0.0064593 secs] [Times: user=0.07 sys=0.00, real=0.01 secs] 
2016-09-24T03:06:10.161-0400: 49.714: [GC (GCLocker Initiated GC) [PSYoungGen: 140639K->71707K(174592K)] 508463K->451112K(698880K), 0.0092327 secs] [Times: user=0.09 sys=0.00, real=0.01 secs] 
2016-09-24T03:06:10.225-0400: 49.777: [GC (GCLocker Initiated GC) [PSYoungGen: 159771K->63468K(172032K)] 539290K->458740K(696320K), 0.0071544 secs] [Times: user=0.08 sys=0.00, real=0.00 secs] 
2016-09-24T03:06:10.290-0400: 49.842: [GC (GCLocker Initiated GC) [PSYoungGen: 152044K->67763K(173568K)] 552791K->484232K(697856K), 0.0102807 secs] [Times: user=0.09 sys=0.00, real=0.01 secs] 
2016-09-24T03:06:10.356-0400: 49.909: [GC (GCLocker Initiated GC) [PSYoungGen: 156339K->43150K(174592K)] 572823K->495816K(698880K), 0.0081036 secs] [Times: user=0.08 sys=0.00, real=0.01 secs] 
2016-09-24T03:06:10.415-0400: 49.967: [GC (GCLocker Initiated GC) [PSYoungGen: 133262K->47121K(137728K)] 591540K->507673K(662016K), 0.0124137 secs] [Times: user=0.12 sys=0.00, real=0.01 secs] 
2016-09-24T03:06:10.480-0400: 50.033: [GC (GCLocker Initiated GC) [PSYoungGen: 137233K->45880K(175616K)] 603244K->512823K(699904K), 0.0115948 secs] [Times: user=0.11 sys=0.00, real=0.01 secs] 
2016-09-24T03:06:10.538-0400: 50.090: [GC (GCLocker Initiated GC) [PSYoungGen: 134968K->72830K(162304K)] 602000K->563801K(686592K), 0.0083769 secs] [Times: user=0.13 sys=0.00, real=0.01 secs] 
2016-09-24T03:06:10.546-0400: 50.099: [Full GC (Ergonomics) [PSYoungGen: 72830K->0K(162304K)] [ParOldGen: 490970K->274127K(524288K)] 563801K->274127K(686592K), [Metaspace: 43765K->43765K(1087488K)], 0.0636401 secs] [Times: user=0.57 sys=0.01, real=0.06 secs] 
2016-09-24T03:06:10.669-0400: 50.221: [GC (GCLocker Initiated GC) [PSYoungGen: 89088K->62928K(175616K)] 365993K->339834K(699904K), 0.0060762 secs] [Times: user=0.09 sys=0.01, real=0.01 secs] 
2016-09-24T03:06:10.726-0400: 50.279: [GC (GCLocker Initiated GC) [PSYoungGen: 151504K->64731K(153600K)] 431311K->363790K(677888K), 0.0071268 secs] [Times: user=0.11 sys=0.00, real=0.00 secs] 
2016-09-24T03:06:10.789-0400: 50.342: [GC (GCLocker Initiated GC) [PSYoungGen: 153307K->54248K(175104K)] 455139K->377172K(699392K), 0.0111665 secs] [Times: user=0.20 sys=0.00, real=0.01 secs] 
2016-09-24T03:06:10.861-0400: 50.413: [GC (GCLocker Initiated GC) [PSYoungGen: 143848K->67701K(174080K)] 472206K->406643K(698368K), 0.0062188 secs] [Times: user=0.09 sys=0.01, real=0.01 secs] 
2016-09-24T03:06:10.916-0400: 50.468: [GC (GCLocker Initiated GC) [PSYoungGen: 157301K->66412K(177152K)] 496302K->423986K(701440K), 0.0066775 secs] [Times: user=0.09 sys=0.00, real=0.01 secs] 
2016-09-24T03:06:10.970-0400: 50.523: [GC (GCLocker Initiated GC) [PSYoungGen: 159084K->55244K(176640K)] 516806K->413994K(700928K), 0.0081790 secs] [Times: user=0.06 sys=0.01, real=0.01 secs] 
2016-09-24T03:06:11.040-0400: 50.592: [GC (GCLocker Initiated GC) [PSYoungGen: 147916K->59493K(176640K)] 510834K->440861K(700928K), 0.0068908 secs] [Times: user=0.08 sys=0.00, real=0.01 secs] 
2016-09-24T03:06:11.097-0400: 50.650: [GC (GCLocker Initiated GC) [PSYoungGen: 154725K->55248K(176640K)] 536148K->451150K(700928K), 0.0062849 secs] [Times: user=0.07 sys=0.00, real=0.01 secs] 
2016-09-24T03:06:11.152-0400: 50.705: [GC (GCLocker Initiated GC) [PSYoungGen: 150480K->63648K(179712K)] 553186K->487412K(704000K), 0.0066993 secs] [Times: user=0.09 sys=0.01, real=0.01 secs] 
2016-09-24T03:06:11.209-0400: 50.762: [GC (GCLocker Initiated GC) [PSYoungGen: 164000K->68886K(179712K)] 587954K->515492K(704000K), 0.0086898 secs] [Times: user=0.11 sys=0.00, real=0.01 secs] 
2016-09-24T03:06:11.271-0400: 50.823: [GC (GCLocker Initiated GC) [PSYoungGen: 169238K->62104K(180736K)] 615933K->523188K(705024K), 0.0097587 secs] [Times: user=0.10 sys=0.00, real=0.01 secs] 
2016-09-24T03:06:11.342-0400: 50.895: [GC (GCLocker Initiated GC) [PSYoungGen: 164504K->54234K(181248K)] 637979K->536795K(705536K), 0.0066127 secs] [Times: user=0.09 sys=0.00, real=0.00 secs] 
2016-09-24T03:06:11.410-0400: 50.962: [GC (GCLocker Initiated GC) [PSYoungGen: 156634K->55516K(182272K)] 643773K->543735K(706560K), 0.0123916 secs] [Times: user=0.16 sys=0.00, real=0.01 secs] 
2016-09-24T03:06:11.477-0400: 51.030: [Full GC (Ergonomics) [PSYoungGen: 160476K->0K(182272K)] [ParOldGen: 496368K->289156K(524288K)] 656845K->289156K(706560K), [Metaspace: 43765K->43765K(1087488K)], 0.0612788 secs] [Times: user=0.53 sys=0.00, real=0.06 secs] 
2016-09-24T03:06:11.589-0400: 51.142: [GC (GCLocker Initiated GC) [PSYoungGen: 104960K->77544K(182784K)] 394236K->374921K(707072K), 0.0071587 secs] [Times: user=0.11 sys=0.00, real=0.01 secs] 
2016-09-24T03:06:11.660-0400: 51.212: [GC (GCLocker Initiated GC) [PSYoungGen: 182504K->67687K(176640K)] 482777K->381542K(700928K), 0.0157486 secs] [Times: user=0.22 sys=0.00, real=0.02 secs] 
2016-09-24T03:06:11.737-0400: 51.290: [GC (GCLocker Initiated GC) [PSYoungGen: 164967K->43234K(140800K)] 482945K->366223K(665088K), 0.0058367 secs] [Times: user=0.07 sys=0.01, real=0.01 secs] 
2016-09-24T03:06:11.806-0400: 51.358: [GC (GCLocker Initiated GC) [PSYoungGen: 140514K->60514K(180736K)] 463558K->384534K(705024K), 0.0061554 secs] [Times: user=0.08 sys=0.01, real=0.00 secs] 
2016-09-24T03:06:11.860-0400: 51.412: [GC (GCLocker Initiated GC) [PSYoungGen: 157282K->80934K(178176K)] 481356K->405682K(702464K), 0.0069165 secs] [Times: user=0.10 sys=0.00, real=0.01 secs] 
2016-09-24T03:06:11.915-0400: 51.468: [GC (GCLocker Initiated GC) [PSYoungGen: 177702K->78180K(172032K)] 502522K->414595K(696320K), 0.0094750 secs] [Times: user=0.14 sys=0.00, real=0.01 secs] 
2016-09-24T03:06:11.971-0400: 51.524: [GC (GCLocker Initiated GC) [PSYoungGen: 166244K->63252K(175104K)] 502909K->404668K(699392K), 0.0065963 secs] [Times: user=0.08 sys=0.00, real=0.01 secs] 
2016-09-24T03:06:12.031-0400: 51.584: [GC (GCLocker Initiated GC) [PSYoungGen: 151316K->79573K(175104K)] 495593K->424602K(699392K), 0.0217120 secs] [Times: user=0.30 sys=0.01, real=0.02 secs] 
2016-09-24T03:06:12.109-0400: 51.662: [GC (GCLocker Initiated GC) [PSYoungGen: 167637K->64789K(175104K)] 518152K->426857K(699392K), 0.0083221 secs] [Times: user=0.07 sys=0.00, real=0.01 secs] 
2016-09-24T03:06:12.175-0400: 51.727: [GC (GCLocker Initiated GC) [PSYoungGen: 152853K->74196K(175104K)] 521792K->443969K(699392K), 0.0075829 secs] [Times: user=0.07 sys=0.01, real=0.01 secs] 
2016-09-24T03:06:12.233-0400: 51.785: [GC (GCLocker Initiated GC) [PSYoungGen: 162260K->74098K(175104K)] 532179K->444825K(699392K), 0.0069633 secs] [Times: user=0.11 sys=0.00, real=0.01 secs] 
2016-09-24T03:06:12.285-0400: 51.837: [GC (GCLocker Initiated GC) [PSYoungGen: 162162K->82165K(175104K)] 534471K->471376K(699392K), 0.0072835 secs] [Times: user=0.12 sys=0.00, real=0.00 secs] 
2016-09-24T03:06:12.342-0400: 51.895: [GC (GCLocker Initiated GC) [PSYoungGen: 170229K->71458K(175104K)] 562189K->480294K(699392K), 0.0123099 secs] [Times: user=0.15 sys=0.00, real=0.01 secs] 
2016-09-24T03:06:12.408-0400: 51.960: [GC (GCLocker Initiated GC) [PSYoungGen: 159522K->49824K(175104K)] 568529K->494668K(699392K), 0.0077632 secs] [Times: user=0.10 sys=0.01, real=0.01 secs] 
2016-09-24T03:06:12.454-0400: 52.006: [GC (GCLocker Initiated GC) [PSYoungGen: 137888K->66059K(175104K)] 582829K->513086K(699392K), 0.0096545 secs] [Times: user=0.11 sys=0.00, real=0.02 secs] 
2016-09-24T03:06:12.504-0400: 52.056: [GC (GCLocker Initiated GC) [PSYoungGen: 154123K->80941K(175104K)] 601384K->531656K(699392K), 0.0117197 secs] [Times: user=0.17 sys=0.00, real=0.01 secs] 
2016-09-24T03:06:12.568-0400: 52.121: [GC (GCLocker Initiated GC) [PSYoungGen: 169005K->53831K(175104K)] 625361K->520396K(699392K), 0.0065821 secs] [Times: user=0.07 sys=0.01, real=0.01 secs] 
2016-09-24T03:06:12.625-0400: 52.177: [GC (GCLocker Initiated GC) [PSYoungGen: 141895K->58027K(175104K)] 608877K->536510K(699392K), 0.0060947 secs] [Times: user=0.08 sys=0.00, real=0.00 secs] 
2016-09-24T03:06:12.671-0400: 52.223: [GC (GCLocker Initiated GC) [PSYoungGen: 146091K->72817K(175104K)] 624615K->560288K(699392K), 0.0071689 secs] [Times: user=0.10 sys=0.01, real=0.01 secs] 
2016-09-24T03:06:12.730-0400: 52.283: [GC (GCLocker Initiated GC) [PSYoungGen: 160881K->55175K(175104K)] 653783K->573164K(699392K), 0.0060123 secs] [Times: user=0.08 sys=0.01, real=0.01 secs] 
2016-09-24T03:06:12.736-0400: 52.289: [Full GC (Ergonomics) [PSYoungGen: 55175K->0K(175104K)] [ParOldGen: 517988K->299972K(524288K)] 573164K->299972K(699392K), [Metaspace: 43765K->43765K(1087488K)], 0.0608284 secs] [Times: user=0.50 sys=0.01, real=0.06 secs] 
2016-09-24T03:06:12.844-0400: 52.397: [GC (GCLocker Initiated GC) [PSYoungGen: 88064K->54432K(175104K)] 388065K->354433K(699392K), 0.0089250 secs] [Times: user=0.05 sys=0.00, real=0.00 secs] 
2016-09-24T03:06:12.891-0400: 52.444: [GC (GCLocker Initiated GC) [PSYoungGen: 142496K->68643K(175104K)] 442640K->394413K(699392K), 0.0074937 secs] [Times: user=0.11 sys=0.01, real=0.01 secs] 
2016-09-24T03:06:12.948-0400: 52.501: [GC (GCLocker Initiated GC) [PSYoungGen: 156707K->59161K(175104K)] 485302K->388418K(699392K), 0.0087198 secs] [Times: user=0.12 sys=0.00, real=0.01 secs] 
2016-09-24T03:06:13.014-0400: 52.567: [GC (GCLocker Initiated GC) [PSYoungGen: 147225K->38770K(175104K)] 480719K->395841K(699392K), 0.0087894 secs] [Times: user=0.06 sys=0.01, real=0.01 secs] 
2016-09-24T03:06:13.075-0400: 52.628: [GC (GCLocker Initiated GC) [PSYoungGen: 126834K->61929K(175104K)] 483999K->423850K(699392K), 0.0061233 secs] [Times: user=0.08 sys=0.00, real=0.00 secs] 
2016-09-24T03:06:13.120-0400: 52.673: [GC (GCLocker Initiated GC) [PSYoungGen: 149993K->74077K(175104K)] 511947K->455605K(699392K), 0.0070162 secs] [Times: user=0.09 sys=0.00, real=0.01 secs] 
2016-09-24T03:06:13.173-0400: 52.726: [GC (GCLocker Initiated GC) [PSYoungGen: 162141K->68675K(175104K)] 546542K->482147K(699392K), 0.0092629 secs] [Times: user=0.13 sys=0.01, real=0.02 secs] 
2016-09-24T03:06:13.233-0400: 52.786: [GC (GCLocker Initiated GC) [PSYoungGen: 156739K->69928K(175104K)] 570359K->496409K(699392K), 0.0075362 secs] [Times: user=0.10 sys=0.00, real=0.01 secs] 
2016-09-24T03:06:13.282-0400: 52.835: [GC (GCLocker Initiated GC) [PSYoungGen: 157992K->64475K(152576K)] 587202K->507807K(676864K), 0.0095774 secs] [Times: user=0.08 sys=0.01, real=0.00 secs] 
2016-09-24T03:06:13.335-0400: 52.887: [GC (GCLocker Initiated GC) [PSYoungGen: 152539K->52236K(174592K)] 601315K->515176K(698880K), 0.0089568 secs] [Times: user=0.06 sys=0.01, real=0.01 secs] 
2016-09-24T03:06:13.400-0400: 52.952: [GC (GCLocker Initiated GC) [PSYoungGen: 140300K->42916K(174592K)] 608727K->522859K(698880K), 0.0098117 secs] [Times: user=0.14 sys=0.00, real=0.01 secs] 
2016-09-24T03:06:13.454-0400: 53.007: [GC (GCLocker Initiated GC) [PSYoungGen: 130980K->75573K(175104K)] 611025K->557578K(699392K), 0.0088890 secs] [Times: user=0.11 sys=0.00, real=0.01 secs] 
2016-09-24T03:06:13.514-0400: 53.066: [GC (GCLocker Initiated GC) [PSYoungGen: 163637K->51092K(175104K)] 651087K->574520K(699392K), 0.0124229 secs] [Times: user=0.18 sys=0.01, real=0.02 secs] 
2016-09-24T03:06:13.526-0400: 53.079: [Full GC (Ergonomics) [PSYoungGen: 51092K->0K(175104K)] [ParOldGen: 523427K->310113K(524288K)] 574520K->310113K(699392K), [Metaspace: 43782K->43782K(1087488K)], 0.0548822 secs] [Times: user=0.39 sys=0.01, real=0.05 secs] 
2016-09-24T03:06:13.629-0400: 53.181: [GC (Allocation Failure) [PSYoungGen: 88064K->81287K(175104K)] 402322K->395545K(699392K), 0.0064935 secs] [Times: user=0.09 sys=0.00, real=0.01 secs] 
2016-09-24T03:06:13.677-0400: 53.230: [GC (GCLocker Initiated GC) [PSYoungGen: 169063K->68496K(175104K)] 486022K->398735K(699392K), 0.0072826 secs] [Times: user=0.09 sys=0.00, real=0.01 secs] 
2016-09-24T03:06:13.730-0400: 53.283: [GC (GCLocker Initiated GC) [PSYoungGen: 156560K->62059K(175104K)] 494964K->400908K(699392K), 0.0130863 secs] [Times: user=0.17 sys=0.00, real=0.02 secs] 
2016-09-24T03:06:13.786-0400: 53.339: [GC (GCLocker Initiated GC) [PSYoungGen: 150123K->64496K(175104K)] 491755K->424499K(699392K), 0.0095025 secs] [Times: user=0.11 sys=0.01, real=0.01 secs] 
2016-09-24T03:06:13.835-0400: 53.388: [GC (GCLocker Initiated GC) [PSYoungGen: 152560K->67231K(175104K)] 520846K->457683K(699392K), 0.0144602 secs] [Times: user=0.19 sys=0.00, real=0.01 secs] 
2016-09-24T03:06:13.892-0400: 53.444: [GC (GCLocker Initiated GC) [PSYoungGen: 155295K->59104K(147456K)] 551262K->474605K(671744K), 0.0083486 secs] [Times: user=0.09 sys=0.00, real=0.01 secs] 
2016-09-24T03:06:13.942-0400: 53.494: [GC (GCLocker Initiated GC) [PSYoungGen: 147168K->67240K(174592K)] 568268K->507847K(698880K), 0.0074299 secs] [Times: user=0.10 sys=0.01, real=0.01 secs] 
2016-09-24T03:06:13.991-0400: 53.544: [GC (GCLocker Initiated GC) [PSYoungGen: 156328K->72652K(173568K)] 605284K->522203K(697856K), 0.0064445 secs] [Times: user=0.09 sys=0.00, real=0.01 secs] 
2016-09-24T03:06:14.040-0400: 53.592: [GC (GCLocker Initiated GC) [PSYoungGen: 161740K->61808K(176128K)] 619421K->521422K(700416K), 0.0059720 secs] [Times: user=0.08 sys=0.00, real=0.01 secs] 
2016-09-24T03:06:14.093-0400: 53.645: [GC (GCLocker Initiated GC) [PSYoungGen: 153456K->54878K(176128K)] 615910K->517888K(700416K), 0.0062536 secs] [Times: user=0.06 sys=0.00, real=0.01 secs] 
2016-09-24T03:06:14.145-0400: 53.698: [GC (GCLocker Initiated GC) [PSYoungGen: 146526K->53753K(177152K)] 612309K->534905K(701440K), 0.0064717 secs] [Times: user=0.08 sys=0.00, real=0.00 secs] 
2016-09-24T03:06:14.205-0400: 53.758: [GC (GCLocker Initiated GC) [PSYoungGen: 147449K->79433K(173568K)] 628735K->570728K(697856K), 0.0076484 secs] [Times: user=0.12 sys=0.00, real=0.00 secs] 
2016-09-24T03:06:14.213-0400: 53.766: [Full GC (Ergonomics) [PSYoungGen: 79433K->0K(173568K)] [ParOldGen: 491295K->319023K(524288K)] 570728K->319023K(697856K), [Metaspace: 43782K->43782K(1087488K)], 0.0486356 secs] [Times: user=0.47 sys=0.00, real=0.05 secs] 
2016-09-24T03:06:14.303-0400: 53.855: [GC (GCLocker Initiated GC) [PSYoungGen: 93696K->85140K(175104K)] 415509K->406954K(699392K), 0.0081223 secs] [Times: user=0.12 sys=0.01, real=0.00 secs] 
2016-09-24T03:06:14.350-0400: 53.903: [GC (GCLocker Initiated GC) [PSYoungGen: 173204K->56423K(175104K)] 499782K->418975K(699392K), 0.0102524 secs] [Times: user=0.17 sys=0.00, real=0.01 secs] 
2016-09-24T03:06:14.409-0400: 53.962: [GC (GCLocker Initiated GC) [PSYoungGen: 144487K->55052K(175104K)] 520609K->433088K(699392K), 0.0058604 secs] [Times: user=0.06 sys=0.00, real=0.01 secs] 
2016-09-24T03:06:14.458-0400: 54.010: [GC (GCLocker Initiated GC) [PSYoungGen: 143116K->79406K(175104K)] 523960K->477043K(699392K), 0.0072253 secs] [Times: user=0.11 sys=0.00, real=0.01 secs] 
2016-09-24T03:06:14.505-0400: 54.058: [GC (GCLocker Initiated GC) [PSYoungGen: 167470K->55073K(175104K)] 567890K->477682K(699392K), 0.0095037 secs] [Times: user=0.13 sys=0.00, real=0.01 secs] 
2016-09-24T03:06:14.564-0400: 54.117: [GC (GCLocker Initiated GC) [PSYoungGen: 143137K->61872K(175104K)] 565817K->501332K(699392K), 0.0070460 secs] [Times: user=0.09 sys=0.00, real=0.00 secs] 
2016-09-24T03:06:14.618-0400: 54.171: [GC (GCLocker Initiated GC) [PSYoungGen: 149936K->52151K(175104K)] 592125K->496221K(699392K), 0.0073345 secs] [Times: user=0.06 sys=0.01, real=0.01 secs] 
2016-09-24T03:06:14.670-0400: 54.223: [GC (GCLocker Initiated GC) [PSYoungGen: 140215K->58964K(175104K)] 587067K->517180K(699392K), 0.0066590 secs] [Times: user=0.07 sys=0.01, real=0.01 secs] 
2016-09-24T03:06:14.722-0400: 54.274: [GC (GCLocker Initiated GC) [PSYoungGen: 147028K->73890K(175104K)] 608025K->536696K(699392K), 0.0071982 secs] [Times: user=0.08 sys=0.00, real=0.01 secs] 
2016-09-24T03:06:14.778-0400: 54.330: [GC (GCLocker Initiated GC) [PSYoungGen: 161954K->41498K(175104K)] 632892K->554860K(699392K), 0.0067986 secs] [Times: user=0.10 sys=0.00, real=0.01 secs] 
2016-09-24T03:06:14.785-0400: 54.337: [Full GC (Ergonomics) [PSYoungGen: 41498K->0K(175104K)] [ParOldGen: 513362K->326505K(524288K)] 554860K->326505K(699392K), [Metaspace: 43782K->43782K(1087488K)], 0.0539192 secs] [Times: user=0.47 sys=0.00, real=0.05 secs] 
2016-09-24T03:06:14.883-0400: 54.436: [GC (GCLocker Initiated GC) [PSYoungGen: 88064K->71349K(175104K)] 417303K->400588K(699392K), 0.0097588 secs] [Times: user=0.13 sys=0.00, real=0.00 secs] 
2016-09-24T03:06:14.935-0400: 54.488: [GC (GCLocker Initiated GC) [PSYoungGen: 159413K->61833K(175104K)] 491476K->400025K(699392K), 0.0072490 secs] [Times: user=0.11 sys=0.00, real=0.01 secs] 
2016-09-24T03:06:14.984-0400: 54.537: [GC (GCLocker Initiated GC) [PSYoungGen: 149897K->50860K(175104K)] 488094K->415298K(699392K), 0.0061292 secs] [Times: user=0.08 sys=0.01, real=0.00 secs] 
2016-09-24T03:06:15.024-0400: 54.577: [GC (GCLocker Initiated GC) [PSYoungGen: 138924K->86338K(175104K)] 503458K->454036K(699392K), 0.0075363 secs] [Times: user=0.12 sys=0.00, real=0.00 secs] 
2016-09-24T03:06:15.082-0400: 54.635: [GC (GCLocker Initiated GC) [PSYoungGen: 174402K->42765K(175104K)] 547594K->443723K(699392K), 0.0075721 secs] [Times: user=0.06 sys=0.00, real=0.00 secs] 
2016-09-24T03:06:15.131-0400: 54.683: [GC (GCLocker Initiated GC) [PSYoungGen: 130829K->63047K(175104K)] 531814K->467253K(699392K), 0.0067324 secs] [Times: user=0.09 sys=0.00, real=0.01 secs] 
2016-09-24T03:06:15.178-0400: 54.731: [GC (GCLocker Initiated GC) [PSYoungGen: 151111K->60358K(175104K)] 562226K->473327K(699392K), 0.0058014 secs] [Times: user=0.06 sys=0.00, real=0.01 secs] 
2016-09-24T03:06:15.231-0400: 54.783: [GC (GCLocker Initiated GC) [PSYoungGen: 148422K->56268K(175104K)] 564202K->484795K(699392K), 0.0065339 secs] [Times: user=0.09 sys=0.00, real=0.01 secs] 
2016-09-24T03:06:15.278-0400: 54.830: [GC (Allocation Failure) [PSYoungGen: 144332K->72604K(175104K)] 575744K->505799K(699392K), 0.0081068 secs] [Times: user=0.12 sys=0.00, real=0.01 secs] 
2016-09-24T03:06:15.286-0400: 54.839: [GC (GCLocker Initiated GC) [PSYoungGen: 72804K->160K(175104K)] 505999K->512366K(699392K), 0.0075361 secs] [Times: user=0.10 sys=0.00, real=0.01 secs] 
2016-09-24T03:06:15.294-0400: 54.847: [Full GC (Ergonomics) [PSYoungGen: 160K->0K(175104K)] [ParOldGen: 512206K->330243K(524288K)] 512366K->330243K(699392K), [Metaspace: 43784K->43784K(1087488K)], 0.0666651 secs] [Times: user=0.58 sys=0.04, real=0.06 secs] 
2016-09-24T03:06:15.405-0400: 54.958: [GC (GCLocker Initiated GC) [PSYoungGen: 88064K->71429K(175104K)] 418317K->401683K(699392K), 0.0061282 secs] [Times: user=0.08 sys=0.00, real=0.00 secs] 
2016-09-24T03:06:15.456-0400: 55.009: [GC (GCLocker Initiated GC) [PSYoungGen: 159493K->73994K(175104K)] 497963K->417307K(699392K), 0.0070034 secs] [Times: user=0.10 sys=0.01, real=0.01 secs] 
2016-09-24T03:06:15.510-0400: 55.063: [GC (GCLocker Initiated GC) [PSYoungGen: 162058K->73847K(175104K)] 510847K->431408K(699392K), 0.0068997 secs] [Times: user=0.09 sys=0.01, real=0.01 secs] 
2016-09-24T03:06:15.565-0400: 55.117: [GC (GCLocker Initiated GC) [PSYoungGen: 161911K->48280K(175104K)] 523624K->430729K(699392K), 0.0062495 secs] [Times: user=0.08 sys=0.01, real=0.00 secs] 
2016-09-24T03:06:15.615-0400: 55.167: [GC (GCLocker Initiated GC) [PSYoungGen: 136344K->55062K(175104K)] 522954K->450356K(699392K), 0.0068004 secs] [Times: user=0.09 sys=0.00, real=0.00 secs] 
2016-09-24T03:06:15.662-0400: 55.214: [GC (GCLocker Initiated GC) [PSYoungGen: 143126K->79298K(175104K)] 538554K->483401K(699392K), 0.0075287 secs] [Times: user=0.11 sys=0.00, real=0.01 secs] 
2016-09-24T03:06:15.709-0400: 55.261: [GC (GCLocker Initiated GC) [PSYoungGen: 167362K->59298K(175104K)] 571525K->474771K(699392K), 0.0150646 secs] [Times: user=0.20 sys=0.00, real=0.02 secs] 
2016-09-24T03:06:15.769-0400: 55.321: [GC (GCLocker Initiated GC) [PSYoungGen: 147362K->60589K(175104K)] 562936K->480934K(699392K), 0.0075832 secs] [Times: user=0.09 sys=0.00, real=0.01 secs] 
2016-09-24T03:06:15.829-0400: 55.382: [GC (GCLocker Initiated GC) [PSYoungGen: 148653K->41708K(175104K)] 575902K->473725K(699392K), 0.0058238 secs] [Times: user=0.05 sys=0.00, real=0.01 secs] 
2016-09-24T03:06:15.880-0400: 55.433: [GC (GCLocker Initiated GC) [PSYoungGen: 129772K->75554K(175104K)] 564575K->511214K(699392K), 0.0083224 secs] [Times: user=0.11 sys=0.00, real=0.01 secs] 
2016-09-24T03:06:15.939-0400: 55.492: [GC (GCLocker Initiated GC) [PSYoungGen: 163618K->64570K(175104K)] 599477K->524251K(699392K), 0.0080301 secs] [Times: user=0.10 sys=0.01, real=0.01 secs] 
2016-09-24T03:06:15.988-0400: 55.541: [GC (GCLocker Initiated GC) [PSYoungGen: 152634K->68652K(175104K)] 619295K->535921K(699392K), 0.0067735 secs] [Times: user=0.10 sys=0.00, real=0.01 secs] 
2016-09-24T03:06:16.051-0400: 55.603: [GC (GCLocker Initiated GC) [PSYoungGen: 156716K->38815K(175104K)] 624014K->514836K(699392K), 0.0068753 secs] [Times: user=0.06 sys=0.00, real=0.01 secs] 
2016-09-24T03:06:16.116-0400: 55.668: [GC (GCLocker Initiated GC) [PSYoungGen: 126879K->64688K(175104K)] 612477K->551053K(699392K), 0.0067192 secs] [Times: user=0.08 sys=0.01, real=0.01 secs] 
2016-09-24T03:06:16.171-0400: 55.724: [GC (GCLocker Initiated GC) [PSYoungGen: 152752K->67270K(175104K)] 639140K->565217K(699392K), 0.0069612 secs] [Times: user=0.10 sys=0.01, real=0.01 secs] 
2016-09-24T03:06:16.178-0400: 55.731: [Full GC (Ergonomics) [PSYoungGen: 67270K->0K(175104K)] [ParOldGen: 497946K->317871K(524288K)] 565217K->317871K(699392K), [Metaspace: 43784K->43784K(1087488K)], 0.0547743 secs] [Times: user=0.46 sys=0.03, real=0.05 secs] 
2016-09-24T03:06:16.285-0400: 55.837: [GC (GCLocker Initiated GC) [PSYoungGen: 88064K->59742K(175104K)] 406068K->377747K(699392K), 0.0067098 secs] [Times: user=0.09 sys=0.00, real=0.00 secs] 
2016-09-24T03:06:16.328-0400: 55.880: [GC (GCLocker Initiated GC) [PSYoungGen: 147806K->70030K(175104K)] 465966K->389418K(699392K), 0.0075038 secs] [Times: user=0.08 sys=0.02, real=0.01 secs] 
2016-09-24T03:06:16.392-0400: 55.945: [GC (GCLocker Initiated GC) [PSYoungGen: 158094K->67419K(175104K)] 481615K->397039K(699392K), 0.0106730 secs] [Times: user=0.13 sys=0.02, real=0.02 secs] 
2016-09-24T03:06:16.459-0400: 56.012: [GC (GCLocker Initiated GC) [PSYoungGen: 155483K->51185K(175104K)] 491936K->412727K(699392K), 0.0065393 secs] [Times: user=0.08 sys=0.00, real=0.01 secs] 
2016-09-24T03:06:16.512-0400: 56.064: [GC (GCLocker Initiated GC) [PSYoungGen: 139249K->63221K(151552K)] 500847K->447214K(675840K), 0.0075041 secs] [Times: user=0.10 sys=0.01, real=0.01 secs] 
2016-09-24T03:06:16.564-0400: 56.116: [GC (GCLocker Initiated GC) [PSYoungGen: 151285K->69957K(174080K)] 535375K->454584K(698368K), 0.0073727 secs] [Times: user=0.08 sys=0.01, real=0.00 secs] 
2016-09-24T03:06:16.619-0400: 56.171: [GC (GCLocker Initiated GC) [PSYoungGen: 157509K->64775K(174592K)] 547571K->455520K(698880K), 0.0115024 secs] [Times: user=0.14 sys=0.00, real=0.01 secs] 
2016-09-24T03:06:16.682-0400: 56.235: [GC (GCLocker Initiated GC) [PSYoungGen: 152327K->49740K(174592K)] 549875K->448027K(698880K), 0.0066533 secs] [Times: user=0.07 sys=0.00, real=0.00 secs] 
2016-09-24T03:06:16.743-0400: 56.296: [GC (GCLocker Initiated GC) [PSYoungGen: 138828K->36405K(174592K)] 541614K->450843K(698880K), 0.0243590 secs] [Times: user=0.33 sys=0.00, real=0.02 secs] 
2016-09-24T03:06:16.818-0400: 56.371: [GC (GCLocker Initiated GC) [PSYoungGen: 125493K->71545K(175104K)] 542701K->489689K(699392K), 0.0058033 secs] [Times: user=0.08 sys=0.00, real=0.01 secs] 
2016-09-24T03:06:16.870-0400: 56.422: [GC (GCLocker Initiated GC) [PSYoungGen: 159609K->78473K(175104K)] 580565K->505733K(699392K), 0.0101795 secs] [Times: user=0.12 sys=0.00, real=0.01 secs] 
2016-09-24T03:06:16.931-0400: 56.484: [GC (GCLocker Initiated GC) [PSYoungGen: 166537K->66418K(175104K)] 595225K->517701K(699392K), 0.0066952 secs] [Times: user=0.09 sys=0.01, real=0.01 secs] 
2016-09-24T03:06:16.992-0400: 56.544: [GC (GCLocker Initiated GC) [PSYoungGen: 154482K->67645K(175104K)] 608625K->536443K(699392K), 0.0065937 secs] [Times: user=0.10 sys=0.00, real=0.01 secs] 
2016-09-24T03:06:17.048-0400: 56.601: [GC (GCLocker Initiated GC) [PSYoungGen: 155709K->55607K(175104K)] 635489K->552554K(699392K), 0.0066030 secs] [Times: user=0.09 sys=0.00, real=0.01 secs] 
2016-09-24T03:06:17.055-0400: 56.607: [Full GC (Ergonomics) [PSYoungGen: 55607K->0K(175104K)] [ParOldGen: 496946K->333571K(524288K)] 552554K->333571K(699392K), [Metaspace: 43784K->43784K(1087488K)], 0.0554528 secs] [Times: user=0.44 sys=0.00, real=0.05 secs] 
2016-09-24T03:06:17.165-0400: 56.717: [GC (GCLocker Initiated GC) [PSYoungGen: 88064K->45678K(175104K)] 428459K->386073K(699392K), 0.0147540 secs] [Times: user=0.14 sys=0.00, real=0.01 secs] 
2016-09-24T03:06:17.247-0400: 56.799: [GC (GCLocker Initiated GC) [PSYoungGen: 133742K->30935K(175104K)] 477080K->397999K(699392K), 0.0073452 secs] [Times: user=0.07 sys=0.00, real=0.00 secs] 
2016-09-24T03:06:17.307-0400: 56.860: [GC (GCLocker Initiated GC) [PSYoungGen: 118999K->66357K(175104K)] 488804K->438564K(699392K), 0.0072760 secs] [Times: user=0.09 sys=0.00, real=0.01 secs] 
2016-09-24T03:06:17.366-0400: 56.918: [GC (GCLocker Initiated GC) [PSYoungGen: 154421K->63782K(175104K)] 526786K->453416K(699392K), 0.0066523 secs] [Times: user=0.10 sys=0.00, real=0.00 secs] 
2016-09-24T03:06:17.421-0400: 56.973: [GC (GCLocker Initiated GC) [PSYoungGen: 151846K->69347K(175104K)] 544290K->476469K(699392K), 0.0073159 secs] [Times: user=0.12 sys=0.00, real=0.01 secs] 
2016-09-24T03:06:17.482-0400: 57.035: [GC (GCLocker Initiated GC) [PSYoungGen: 157411K->67793K(175104K)] 567430K->485823K(699392K), 0.0077607 secs] [Times: user=0.12 sys=0.00, real=0.01 secs] 
2016-09-24T03:06:17.546-0400: 57.098: [GC (GCLocker Initiated GC) [PSYoungGen: 155857K->59523K(175104K)] 576639K->481444K(699392K), 0.0138299 secs] [Times: user=0.15 sys=0.02, real=0.01 secs] 
2016-09-24T03:06:17.619-0400: 57.171: [GC (GCLocker Initiated GC) [PSYoungGen: 147587K->57015K(173056K)] 575007K->496468K(697344K), 0.0088478 secs] [Times: user=0.11 sys=0.01, real=0.01 secs] 
2016-09-24T03:06:17.691-0400: 57.243: [GC (Allocation Failure) [PSYoungGen: 145079K->61126K(174080K)] 587331K->523526K(698368K), 0.0114332 secs] [Times: user=0.17 sys=0.01, real=0.02 secs] 
2016-09-24T03:06:17.765-0400: 57.318: [GC (GCLocker Initiated GC) [PSYoungGen: 146510K->55426K(175104K)] 611611K->532548K(699392K), 0.0083993 secs] [Times: user=0.11 sys=0.01, real=0.00 secs] 
2016-09-24T03:06:17.842-0400: 57.394: [GC (GCLocker Initiated GC) [PSYoungGen: 147586K->39702K(174592K)] 635565K->528563K(698880K), 0.0081144 secs] [Times: user=0.05 sys=0.00, real=0.01 secs] 
2016-09-24T03:06:17.907-0400: 57.459: [GC (GCLocker Initiated GC) [PSYoungGen: 131862K->62358K(178688K)] 620774K->571865K(702976K), 0.0066866 secs] [Times: user=0.09 sys=0.00, real=0.00 secs] 
2016-09-24T03:06:17.914-0400: 57.466: [Full GC (Ergonomics) [PSYoungGen: 62358K->0K(178688K)] [ParOldGen: 509506K->341073K(524288K)] 571865K->341073K(702976K), [Metaspace: 43786K->43786K(1087488K)], 0.0619270 secs] [Times: user=0.54 sys=0.01, real=0.07 secs] 
2016-09-24T03:06:18.039-0400: 57.591: [GC (GCLocker Initiated GC) [PSYoungGen: 96256K->63815K(178688K)] 440199K->407759K(702976K), 0.0058589 secs] [Times: user=0.07 sys=0.00, real=0.01 secs] 
2016-09-24T03:06:18.108-0400: 57.661: [GC (GCLocker Initiated GC) [PSYoungGen: 160071K->66521K(178688K)] 506810K->415844K(702976K), 0.0068348 secs] [Times: user=0.08 sys=0.00, real=0.01 secs] 
2016-09-24T03:06:18.187-0400: 57.739: [GC (GCLocker Initiated GC) [PSYoungGen: 162777K->62635K(159232K)] 514916K->432263K(683520K), 0.0068845 secs] [Times: user=0.08 sys=0.01, real=0.00 secs] 
2016-09-24T03:06:18.248-0400: 57.801: [GC (GCLocker Initiated GC) [PSYoungGen: 158891K->71992K(175616K)] 531333K->459323K(699904K), 0.0078805 secs] [Times: user=0.12 sys=0.00, real=0.01 secs] 
2016-09-24T03:06:18.313-0400: 57.866: [GC (GCLocker Initiated GC) [PSYoungGen: 166200K->58558K(178176K)] 554931K->459392K(702464K), 0.0068441 secs] [Times: user=0.08 sys=0.01, real=0.01 secs] 
2016-09-24T03:06:18.379-0400: 57.932: [GC (GCLocker Initiated GC) [PSYoungGen: 152766K->35560K(175104K)] 565798K->452646K(699392K), 0.0079111 secs] [Times: user=0.07 sys=0.01, real=0.01 secs] 
2016-09-24T03:06:18.452-0400: 58.005: [GC (GCLocker Initiated GC) [PSYoungGen: 128744K->44742K(177664K)] 551455K->482295K(701952K), 0.0087583 secs] [Times: user=0.08 sys=0.00, real=0.01 secs] 
2016-09-24T03:06:18.514-0400: 58.066: [GC (GCLocker Initiated GC) [PSYoungGen: 137926K->48787K(175104K)] 576976K->489115K(699392K), 0.0120861 secs] [Times: user=0.15 sys=0.02, real=0.02 secs] 
2016-09-24T03:06:18.581-0400: 58.134: [GC (Allocation Failure) [PSYoungGen: 142483K->50126K(176640K)] 582834K->507744K(700928K), 0.0145778 secs] [Times: user=0.14 sys=0.01, real=0.02 secs] 
2016-09-24T03:06:18.597-0400: 58.149: [GC (GCLocker Initiated GC) [PSYoungGen: 53772K->3212K(168960K)] 511390K->525514K(693248K), 0.0063724 secs] [Times: user=0.08 sys=0.00, real=0.01 secs] 
2016-09-24T03:06:18.603-0400: 58.156: [Full GC (Ergonomics) [PSYoungGen: 3212K->0K(168960K)] [ParOldGen: 522302K->298360K(524288K)] 525514K->298360K(693248K), [Metaspace: 43786K->43786K(1087488K)], 0.0581773 secs] [Times: user=0.56 sys=0.01, real=0.05 secs] 
2016-09-24T03:06:18.711-0400: 58.263: [GC (GCLocker Initiated GC) [PSYoungGen: 87237K->47568K(175104K)] 386947K->347279K(699392K), 0.0122607 secs] [Times: user=0.14 sys=0.00, real=0.02 secs] 
2016-09-24T03:06:18.777-0400: 58.329: [GC (GCLocker Initiated GC) [PSYoungGen: 135632K->49021K(165376K)] 436705K->356747K(689664K), 0.0102375 secs] [Times: user=0.13 sys=0.00, real=0.01 secs] 
2016-09-24T03:06:18.842-0400: 58.394: [GC (GCLocker Initiated GC) [PSYoungGen: 139645K->40707K(171520K)] 452899K->357927K(695808K), 0.0167489 secs] [Times: user=0.20 sys=0.01, real=0.02 secs] 
2016-09-24T03:06:18.915-0400: 58.467: [GC (GCLocker Initiated GC) [PSYoungGen: 131331K->59640K(180736K)] 448629K->379497K(705024K), 0.0066282 secs] [Times: user=0.09 sys=0.00, real=0.00 secs] 
2016-09-24T03:06:18.984-0400: 58.536: [GC (GCLocker Initiated GC) [PSYoungGen: 161016K->53490K(155136K)] 485485K->402099K(679424K), 0.0073083 secs] [Times: user=0.09 sys=0.00, real=0.00 secs] 
2016-09-24T03:06:19.053-0400: 58.606: [GC (GCLocker Initiated GC) [PSYoungGen: 154866K->59888K(180736K)] 506630K->413370K(705024K), 0.0069539 secs] [Times: user=0.06 sys=0.01, real=0.01 secs] 
2016-09-24T03:06:19.120-0400: 58.672: [GC (GCLocker Initiated GC) [PSYoungGen: 161776K->78586K(180736K)] 515368K->436284K(705024K), 0.0086810 secs] [Times: user=0.12 sys=0.00, real=0.01 secs] 
2016-09-24T03:06:19.195-0400: 58.747: [GC (GCLocker Initiated GC) [PSYoungGen: 180474K->51743K(175616K)] 538671K->432720K(699904K), 0.0073462 secs] [Times: user=0.08 sys=0.00, real=0.01 secs] 
2016-09-24T03:06:19.258-0400: 58.811: [GC (GCLocker Initiated GC) [PSYoungGen: 145951K->55671K(178176K)] 527046K->446235K(702464K), 0.0285351 secs] [Times: user=0.31 sys=0.01, real=0.03 secs] 
2016-09-24T03:06:19.343-0400: 58.895: [GC (GCLocker Initiated GC) [PSYoungGen: 149879K->28607K(176640K)] 545047K->443978K(700928K), 0.0116750 secs] [Times: user=0.11 sys=0.00, real=0.01 secs] 
2016-09-24T03:06:19.415-0400: 58.968: [GC (Allocation Failure) [PSYoungGen: 123839K->58347K(178176K)] 539212K->476357K(702464K), 0.0143015 secs] [Times: user=0.17 sys=0.00, real=0.01 secs] 
2016-09-24T03:06:19.486-0400: 59.038: [GC (GCLocker Initiated GC) [PSYoungGen: 152828K->55854K(175616K)] 572188K->476389K(699904K), 0.0134494 secs] [Times: user=0.13 sys=0.00, real=0.01 secs] 
2016-09-24T03:06:19.556-0400: 59.108: [GC (GCLocker Initiated GC) [PSYoungGen: 152622K->57149K(177664K)] 576004K->481792K(701952K), 0.0075473 secs] [Times: user=0.08 sys=0.01, real=0.01 secs] 
2016-09-24T03:06:19.627-0400: 59.180: [GC (GCLocker Initiated GC) [PSYoungGen: 153917K->50272K(176128K)] 581287K->489693K(700416K), 0.0129493 secs] [Times: user=0.18 sys=0.00, real=0.01 secs] 
2016-09-24T03:06:19.705-0400: 59.258: [GC (GCLocker Initiated GC) [PSYoungGen: 151648K->56861K(179200K)] 591114K->497567K(703488K), 0.0078957 secs] [Times: user=0.07 sys=0.00, real=0.00 secs] 
2016-09-24T03:06:19.776-0400: 59.328: [GC (GCLocker Initiated GC) [PSYoungGen: 158237K->55773K(180224K)] 599063K->522178K(704512K), 0.0114012 secs] [Times: user=0.16 sys=0.00, real=0.01 secs] 
2016-09-24T03:06:19.865-0400: 59.418: [GC (GCLocker Initiated GC) [PSYoungGen: 163293K->48990K(182784K)] 629769K->519467K(707072K), 0.0125537 secs] [Times: user=0.14 sys=0.00, real=0.01 secs] 
2016-09-24T03:06:19.942-0400: 59.494: [GC (GCLocker Initiated GC) [PSYoungGen: 156510K->65420K(183296K)] 632424K->542762K(707584K), 0.0094149 secs] [Times: user=0.13 sys=0.01, real=0.01 secs] 
2016-09-24T03:06:20.017-0400: 59.569: [Full GC (Ergonomics) [PSYoungGen: 174988K->0K(183296K)] [ParOldGen: 492355K->324416K(524288K)] 667343K->324416K(707584K), [Metaspace: 43786K->43786K(1087488K)], 0.0655752 secs] [Times: user=0.58 sys=0.02, real=0.07 secs] 
2016-09-24T03:06:20.153-0400: 59.706: [GC (GCLocker Initiated GC) [PSYoungGen: 109568K->63572K(173568K)] 448962K->402967K(697856K), 0.0072213 secs] [Times: user=0.10 sys=0.02, real=0.01 secs] 
2016-09-24T03:06:20.236-0400: 59.788: [GC (GCLocker Initiated GC) [PSYoungGen: 173140K->73594K(175104K)] 512752K->418208K(699392K), 0.0069778 secs] [Times: user=0.08 sys=0.00, real=0.01 secs] 
2016-09-24T03:06:20.304-0400: 59.857: [GC (GCLocker Initiated GC) [PSYoungGen: 170874K->63815K(179712K)] 521137K->428945K(704000K), 0.0069800 secs] [Times: user=0.09 sys=0.00, real=0.00 secs] 
2016-09-24T03:06:20.373-0400: 59.925: [GC (GCLocker Initiated GC) [PSYoungGen: 161095K->67912K(177664K)] 531711K->439786K(701952K), 0.0074644 secs] [Times: user=0.11 sys=0.00, real=0.01 secs] 
2016-09-24T03:06:20.443-0400: 59.996: [GC (GCLocker Initiated GC) [PSYoungGen: 163144K->50331K(178688K)] 539155K->427640K(702976K), 0.0057287 secs] [Times: user=0.07 sys=0.00, real=0.00 secs] 
2016-09-24T03:06:20.503-0400: 60.056: [GC (GCLocker Initiated GC) [PSYoungGen: 145563K->45952K(178688K)] 523014K->424598K(702976K), 0.0292860 secs] [Times: user=0.32 sys=0.00, real=0.02 secs] 
2016-09-24T03:06:20.587-0400: 60.139: [GC (GCLocker Initiated GC) [PSYoungGen: 142208K->56860K(153600K)] 521254K->465306K(677888K), 0.0082192 secs] [Times: user=0.10 sys=0.00, real=0.01 secs] 
2016-09-24T03:06:20.645-0400: 60.198: [GC (GCLocker Initiated GC) [PSYoungGen: 153116K->73100K(173568K)] 561644K->482698K(697856K), 0.0067445 secs] [Times: user=0.08 sys=0.02, real=0.00 secs] 
2016-09-24T03:06:20.699-0400: 60.252: [GC (GCLocker Initiated GC) [PSYoungGen: 166796K->70434K(164352K)] 576426K->505425K(688640K), 0.0083293 secs] [Times: user=0.14 sys=0.00, real=0.01 secs] 
2016-09-24T03:06:20.760-0400: 60.312: [GC (GCLocker Initiated GC) [PSYoungGen: 164130K->59443K(179200K)] 604573K->511727K(703488K), 0.0076361 secs] [Times: user=0.07 sys=0.00, real=0.01 secs] 
2016-09-24T03:06:20.822-0400: 60.374: [GC (GCLocker Initiated GC) [PSYoungGen: 153139K->73292K(176640K)] 605562K->526653K(700928K), 0.0070088 secs] [Times: user=0.10 sys=0.00, real=0.01 secs] 
2016-09-24T03:06:20.886-0400: 60.439: [GC (GCLocker Initiated GC) [PSYoungGen: 166988K->54216K(177664K)] 624469K->512739K(701952K), 0.0064479 secs] [Times: user=0.08 sys=0.00, real=0.00 secs] 
2016-09-24T03:06:20.939-0400: 60.492: [GC (GCLocker Initiated GC) [PSYoungGen: 146376K->35980K(128512K)] 608969K->502279K(652800K), 0.0079379 secs] [Times: user=0.06 sys=0.00, real=0.01 secs] 
2016-09-24T03:06:20.992-0400: 60.544: [GC (GCLocker Initiated GC) [PSYoungGen: 128140K->75583K(174080K)] 599924K->547911K(698368K), 0.0061217 secs] [Times: user=0.09 sys=0.00, real=0.01 secs] 
2016-09-24T03:06:21.047-0400: 60.599: [GC (GCLocker Initiated GC) [PSYoungGen: 163647K->43154K(175104K)] 644321K->546233K(699392K), 0.0117169 secs] [Times: user=0.13 sys=0.00, real=0.01 secs] 
2016-09-24T03:06:21.059-0400: 60.611: [Full GC (Ergonomics) [PSYoungGen: 43154K->0K(175104K)] [ParOldGen: 503078K->339396K(524288K)] 546233K->339396K(699392K), [Metaspace: 43786K->43786K(1087488K)], 0.0595068 secs] [Times: user=0.46 sys=0.02, real=0.06 secs] 
2016-09-24T03:06:21.171-0400: 60.723: [GC (GCLocker Initiated GC) [PSYoungGen: 88064K->50220K(175104K)] 432936K->395092K(699392K), 0.0135487 secs] [Times: user=0.18 sys=0.00, real=0.02 secs] 
2016-09-24T03:06:21.230-0400: 60.782: [GC (GCLocker Initiated GC) [PSYoungGen: 138284K->67640K(175104K)] 485976K->417877K(699392K), 0.0070640 secs] [Times: user=0.08 sys=0.00, real=0.01 secs] 
2016-09-24T03:06:21.278-0400: 60.830: [GC (GCLocker Initiated GC) [PSYoungGen: 155704K->83581K(175104K)] 508790K->440425K(699392K), 0.0069287 secs] [Times: user=0.09 sys=0.00, real=0.01 secs] 
2016-09-24T03:06:21.338-0400: 60.890: [GC (GCLocker Initiated GC) [PSYoungGen: 171645K->43190K(175104K)] 541432K->424504K(699392K), 0.0061480 secs] [Times: user=0.07 sys=0.00, real=0.01 secs] 
2016-09-24T03:06:21.395-0400: 60.948: [GC (GCLocker Initiated GC) [PSYoungGen: 131254K->56654K(175104K)] 534273K->460505K(699392K), 0.0053525 secs] [Times: user=0.08 sys=0.00, real=0.00 secs] 
2016-09-24T03:06:21.448-0400: 61.000: [GC (GCLocker Initiated GC) [PSYoungGen: 144718K->57927K(175104K)] 556858K->478959K(699392K), 0.0072492 secs] [Times: user=0.09 sys=0.01, real=0.01 secs] 
2016-09-24T03:06:21.500-0400: 61.052: [GC (GCLocker Initiated GC) [PSYoungGen: 145991K->72907K(175104K)] 572470K->500084K(699392K), 0.0110649 secs] [Times: user=0.17 sys=0.00, real=0.01 secs] 
2016-09-24T03:06:21.557-0400: 61.109: [GC (GCLocker Initiated GC) [PSYoungGen: 160971K->61906K(175104K)] 596436K->508984K(699392K), 0.0095499 secs] [Times: user=0.14 sys=0.00, real=0.01 secs] 
2016-09-24T03:06:21.613-0400: 61.165: [GC (GCLocker Initiated GC) [PSYoungGen: 149970K->48216K(175104K)] 597130K->504040K(699392K), 0.0064742 secs] [Times: user=0.04 sys=0.00, real=0.01 secs] 
2016-09-24T03:06:21.661-0400: 61.214: [GC (GCLocker Initiated GC) [PSYoungGen: 136280K->64630K(175104K)] 594894K->548182K(699392K), 0.0076120 secs] [Times: user=0.09 sys=0.01, real=0.01 secs] 
2016-09-24T03:06:21.724-0400: 61.276: [Full GC (Ergonomics) [PSYoungGen: 152694K->0K(175104K)] [ParOldGen: 499895K->346548K(524288K)] 652589K->346548K(699392K), [Metaspace: 43786K->43786K(1087488K)], 0.0501711 secs] [Times: user=0.41 sys=0.00, real=0.04 secs] 
2016-09-24T03:06:21.830-0400: 61.382: [GC (GCLocker Initiated GC) [PSYoungGen: 88064K->67623K(175104K)] 444242K->423801K(699392K), 0.0062285 secs] [Times: user=0.10 sys=0.00, real=0.01 secs] 
2016-09-24T03:06:21.882-0400: 61.435: [GC (GCLocker Initiated GC) [PSYoungGen: 155687K->71261K(175104K)] 514814K->444881K(699392K), 0.0082681 secs] [Times: user=0.10 sys=0.01, real=0.00 secs] 
2016-09-24T03:06:21.936-0400: 61.488: [GC (GCLocker Initiated GC) [PSYoungGen: 159325K->50927K(175104K)] 535804K->430751K(699392K), 0.0060240 secs] [Times: user=0.06 sys=0.00, real=0.00 secs] 
2016-09-24T03:06:21.988-0400: 61.541: [GC (GCLocker Initiated GC) [PSYoungGen: 138991K->62089K(150528K)] 523060K->452159K(674816K), 0.0229613 secs] [Times: user=0.29 sys=0.01, real=0.02 secs] 
2016-09-24T03:06:22.064-0400: 61.617: [GC (GCLocker Initiated GC) [PSYoungGen: 150153K->56510K(175104K)] 547158K->454282K(699392K), 0.0182643 secs] [Times: user=0.24 sys=0.00, real=0.02 secs] 
2016-09-24T03:06:22.134-0400: 61.686: [GC (GCLocker Initiated GC) [PSYoungGen: 146110K->49674K(173568K)] 544039K->459155K(697856K), 0.0070028 secs] [Times: user=0.07 sys=0.00, real=0.01 secs] 
2016-09-24T03:06:22.184-0400: 61.736: [GC (GCLocker Initiated GC) [PSYoungGen: 139274K->65960K(176128K)] 548839K->493693K(700416K), 0.0067538 secs] [Times: user=0.08 sys=0.00, real=0.00 secs] 
2016-09-24T03:06:22.243-0400: 61.795: [GC (GCLocker Initiated GC) [PSYoungGen: 158632K->31987K(176128K)] 594531K->488787K(700416K), 0.0072615 secs] [Times: user=0.05 sys=0.01, real=0.00 secs] 
2016-09-24T03:06:22.300-0400: 61.853: [GC (GCLocker Initiated GC) [PSYoungGen: 124659K->75646K(173568K)] 584890K->540680K(697856K), 0.0089195 secs] [Times: user=0.10 sys=0.00, real=0.01 secs] 
2016-09-24T03:06:22.358-0400: 61.910: [GC (GCLocker Initiated GC) [PSYoungGen: 163710K->56562K(175104K)] 636960K->536067K(699392K), 0.0074035 secs] [Times: user=0.08 sys=0.00, real=0.01 secs] 
2016-09-24T03:06:22.415-0400: 61.968: [GC (GCLocker Initiated GC) [PSYoungGen: 144626K->70021K(175104K)] 629641K->566607K(699392K), 0.0101240 secs] [Times: user=0.13 sys=0.01, real=0.01 secs] 
2016-09-24T03:06:22.476-0400: 62.028: [Full GC (Ergonomics) [PSYoungGen: 158085K->0K(175104K)] [ParOldGen: 502116K->356792K(524288K)] 660201K->356792K(699392K), [Metaspace: 43799K->43799K(1087488K)], 0.0607178 secs] [Times: user=0.43 sys=0.01, real=0.06 secs] 
2016-09-24T03:06:22.589-0400: 62.141: [GC (GCLocker Initiated GC) [PSYoungGen: 88064K->71838K(175104K)] 444878K->428653K(699392K), 0.0070103 secs] [Times: user=0.10 sys=0.00, real=0.01 secs] 
2016-09-24T03:06:22.642-0400: 62.195: [GC (GCLocker Initiated GC) [PSYoungGen: 159902K->55199K(175104K)] 518043K->415840K(699392K), 0.0149528 secs] [Times: user=0.16 sys=0.01, real=0.02 secs] 
2016-09-24T03:06:22.703-0400: 62.255: [GC (GCLocker Initiated GC) [PSYoungGen: 143263K->74036K(175104K)] 506634K->446356K(699392K), 0.0100778 secs] [Times: user=0.13 sys=0.00, real=0.00 secs] 
2016-09-24T03:06:22.760-0400: 62.313: [GC (Allocation Failure) [PSYoungGen: 162100K->48654K(175104K)] 545387K->456921K(699392K), 0.0064140 secs] [Times: user=0.09 sys=0.00, real=0.01 secs] 
2016-09-24T03:06:22.767-0400: 62.320: [GC (GCLocker Initiated GC) [PSYoungGen: 49154K->32K(175104K)] 457421K->460675K(699392K), 0.0050912 secs] [Times: user=0.07 sys=0.00, real=0.00 secs] 
2016-09-24T03:06:22.818-0400: 62.371: [GC (GCLocker Initiated GC) [PSYoungGen: 88096K->69139K(175104K)] 554142K->535185K(699392K), 0.0066393 secs] [Times: user=0.07 sys=0.01, real=0.01 secs] 
2016-09-24T03:06:22.876-0400: 62.428: [GC (Allocation Failure) [PSYoungGen: 157203K->55288K(175104K)] 635491K->538730K(699392K), 0.0064126 secs] [Times: user=0.09 sys=0.01, real=0.01 secs] 
2016-09-24T03:06:22.939-0400: 62.491: [Full GC (Ergonomics) [PSYoungGen: 142645K->0K(175104K)] [ParOldGen: 486141K->349806K(524288K)] 628787K->349806K(699392K), [Metaspace: 43799K->43799K(1087488K)], 0.0524496 secs] [Times: user=0.48 sys=0.00, real=0.05 secs] 
2016-09-24T03:06:23.039-0400: 62.591: [GC (GCLocker Initiated GC) [PSYoungGen: 88064K->62473K(175104K)] 443412K->417821K(699392K), 0.0071123 secs] [Times: user=0.07 sys=0.00, real=0.01 secs] 
2016-09-24T03:06:23.096-0400: 62.648: [GC (GCLocker Initiated GC) [PSYoungGen: 150537K->60698K(175104K)] 508641K->436189K(699392K), 0.0073118 secs] [Times: user=0.09 sys=0.00, real=0.01 secs] 
2016-09-24T03:06:23.153-0400: 62.706: [GC (GCLocker Initiated GC) [PSYoungGen: 148762K->68925K(175104K)] 529766K->450699K(699392K), 0.0068920 secs] [Times: user=0.06 sys=0.00, real=0.01 secs] 
2016-09-24T03:06:23.209-0400: 62.761: [GC (GCLocker Initiated GC) [PSYoungGen: 156989K->48526K(175104K)] 551341K->443815K(699392K), 0.0065271 secs] [Times: user=0.08 sys=0.00, real=0.01 secs] 
2016-09-24T03:06:23.267-0400: 62.819: [GC (Allocation Failure) [PSYoungGen: 136590K->66202K(175104K)] 537368K->467795K(699392K), 0.0056303 secs] [Times: user=0.09 sys=0.00, real=0.00 secs] 
2016-09-24T03:06:23.323-0400: 62.876: [GC (GCLocker Initiated GC) [PSYoungGen: 153610K->45505K(175104K)] 557903K->454717K(699392K), 0.0081628 secs] [Times: user=0.06 sys=0.00, real=0.00 secs] 
2016-09-24T03:06:23.389-0400: 62.941: [GC (GCLocker Initiated GC) [PSYoungGen: 133569K->55433K(173056K)] 547016K->472406K(697344K), 0.0108167 secs] [Times: user=0.17 sys=0.00, real=0.01 secs] 
2016-09-24T03:06:23.446-0400: 62.999: [GC (GCLocker Initiated GC) [PSYoungGen: 143497K->41617K(174080K)] 563279K->470453K(698368K), 0.0061323 secs] [Times: user=0.06 sys=0.00, real=0.00 secs] 
2016-09-24T03:06:23.501-0400: 63.053: [GC (GCLocker Initiated GC) [PSYoungGen: 129681K->63438K(176128K)] 566699K->501254K(700416K), 0.0056964 secs] [Times: user=0.08 sys=0.01, real=0.01 secs] 
2016-09-24T03:06:23.554-0400: 63.106: [GC (GCLocker Initiated GC) [PSYoungGen: 153550K->51162K(141312K)] 594244K->500766K(665600K), 0.0066542 secs] [Times: user=0.07 sys=0.00, real=0.01 secs] 
2016-09-24T03:06:23.610-0400: 63.162: [GC (GCLocker Initiated GC) [PSYoungGen: 141274K->71605K(171008K)] 595028K->528920K(695296K), 0.0075249 secs] [Times: user=0.10 sys=0.01, real=0.01 secs] 
2016-09-24T03:06:23.664-0400: 63.217: [GC (GCLocker Initiated GC) [PSYoungGen: 158645K->45700K(174080K)] 616059K->518881K(698368K), 0.0103429 secs] [Times: user=0.09 sys=0.00, real=0.01 secs] 
2016-09-24T03:06:23.724-0400: 63.276: [GC (GCLocker Initiated GC) [PSYoungGen: 132740K->59233K(169984K)] 607704K->536241K(694272K), 0.0138977 secs] [Times: user=0.17 sys=0.00, real=0.01 secs] 
2016-09-24T03:06:23.794-0400: 63.346: [GC (GCLocker Initiated GC) [PSYoungGen: 148321K->26800K(173056K)] 634822K->528914K(697344K), 0.0141378 secs] [Times: user=0.18 sys=0.00, real=0.02 secs] 
2016-09-24T03:06:23.808-0400: 63.360: [Full GC (Ergonomics) [PSYoungGen: 26800K->0K(173056K)] [ParOldGen: 502113K->364414K(524288K)] 528914K->364414K(697344K), [Metaspace: 43804K->43804K(1087488K)], 0.0579092 secs] [Times: user=0.43 sys=0.00, real=0.06 secs] 
2016-09-24T03:06:23.920-0400: 63.473: [GC (GCLocker Initiated GC) [PSYoungGen: 89088K->65176K(174592K)] 456329K->432418K(698880K), 0.0059377 secs] [Times: user=0.07 sys=0.00, real=0.01 secs] 
2016-09-24T03:06:23.978-0400: 63.530: [GC (GCLocker Initiated GC) [PSYoungGen: 153240K->48528K(136704K)] 520514K->442734K(660992K), 0.0067993 secs] [Times: user=0.10 sys=0.01, real=0.01 secs] 
2016-09-24T03:06:24.030-0400: 63.582: [GC (GCLocker Initiated GC) [PSYoungGen: 136592K->58138K(175104K)] 533679K->466903K(699392K), 0.0070150 secs] [Times: user=0.09 sys=0.00, real=0.01 secs] 
2016-09-24T03:06:24.093-0400: 63.646: [GC (GCLocker Initiated GC) [PSYoungGen: 148250K->66108K(173568K)] 566531K->494790K(697856K), 0.0076710 secs] [Times: user=0.12 sys=0.00, real=0.01 secs] 
2016-09-24T03:06:24.152-0400: 63.704: [GC (GCLocker Initiated GC) [PSYoungGen: 156220K->60680K(177664K)] 584979K->513265K(701952K), 0.0068840 secs] [Times: user=0.10 sys=0.00, real=0.01 secs] 
2016-09-24T03:06:24.206-0400: 63.758: [GC (GCLocker Initiated GC) [PSYoungGen: 153864K->63406K(177152K)] 606658K->540006K(701440K), 0.0081410 secs] [Times: user=0.12 sys=0.00, real=0.00 secs] 
2016-09-24T03:06:24.265-0400: 63.817: [GC (GCLocker Initiated GC) [PSYoungGen: 156590K->71443K(173056K)] 633439K->563920K(697344K), 0.0074332 secs] [Times: user=0.10 sys=0.01, real=0.00 secs] 
2016-09-24T03:06:24.272-0400: 63.825: [Full GC (Ergonomics) [PSYoungGen: 71443K->0K(173056K)] [ParOldGen: 492476K->375033K(524288K)] 563920K->375033K(697344K), [Metaspace: 43804K->43804K(1087488K)], 0.0557484 secs] [Times: user=0.51 sys=0.01, real=0.06 secs] 
2016-09-24T03:06:24.372-0400: 63.925: [GC (GCLocker Initiated GC) [PSYoungGen: 89088K->84393K(173568K)] 466887K->462193K(697856K), 0.0101467 secs] [Times: user=0.14 sys=0.00, real=0.02 secs] 
2016-09-24T03:06:24.432-0400: 63.984: [GC (GCLocker Initiated GC) [PSYoungGen: 173481K->75654K(175104K)] 554142K->461848K(699392K), 0.0068975 secs] [Times: user=0.08 sys=0.01, real=0.01 secs] 
2016-09-24T03:06:24.483-0400: 64.035: [GC (GCLocker Initiated GC) [PSYoungGen: 163718K->68713K(175104K)] 550044K->484314K(699392K), 0.0083995 secs] [Times: user=0.09 sys=0.01, real=0.00 secs] 
2016-09-24T03:06:24.538-0400: 64.091: [GC (GCLocker Initiated GC) [PSYoungGen: 156777K->52511K(175104K)] 577796K->490463K(699392K), 0.0065255 secs] [Times: user=0.05 sys=0.00, real=0.01 secs] 
2016-09-24T03:06:24.592-0400: 64.144: [GC (GCLocker Initiated GC) [PSYoungGen: 140575K->64690K(175104K)] 583958K->508940K(699392K), 0.0095870 secs] [Times: user=0.10 sys=0.01, real=0.01 secs] 
2016-09-24T03:06:24.649-0400: 64.201: [GC (GCLocker Initiated GC) [PSYoungGen: 152754K->63469K(175104K)] 605219K->519418K(699392K), 0.0099597 secs] [Times: user=0.11 sys=0.00, real=0.01 secs] 
2016-09-24T03:06:24.718-0400: 64.270: [GC (GCLocker Initiated GC) [PSYoungGen: 151533K->48585K(175104K)] 614248K->541818K(699392K), 0.0077116 secs] [Times: user=0.11 sys=0.00, real=0.01 secs] 
2016-09-24T03:06:24.725-0400: 64.278: [Full GC (Ergonomics) [PSYoungGen: 48585K->0K(175104K)] [ParOldGen: 493233K->352196K(524288K)] 541818K->352196K(699392K), [Metaspace: 43804K->43804K(1087488K)], 0.0834063 secs] [Times: user=1.06 sys=0.00, real=0.08 secs] 
2016-09-24T03:06:24.858-0400: 64.410: [GC (GCLocker Initiated GC) [PSYoungGen: 88064K->63663K(175104K)] 445753K->421353K(699392K), 0.0063022 secs] [Times: user=0.09 sys=0.00, real=0.01 secs] 
2016-09-24T03:06:24.910-0400: 64.463: [GC (GCLocker Initiated GC) [PSYoungGen: 151727K->53823K(142336K)] 509584K->433045K(666624K), 0.0071963 secs] [Times: user=0.08 sys=0.00, real=0.01 secs] 
2016-09-24T03:06:24.962-0400: 64.515: [GC (GCLocker Initiated GC) [PSYoungGen: 141887K->70090K(172544K)] 521157K->463609K(696832K), 0.0253248 secs] [Times: user=0.34 sys=0.00, real=0.02 secs] 
2016-09-24T03:06:25.045-0400: 64.598: [GC (GCLocker Initiated GC) [PSYoungGen: 157130K->53795K(173568K)] 550691K->471063K(697856K), 0.0064387 secs] [Times: user=0.06 sys=0.01, real=0.00 secs] 
2016-09-24T03:06:25.100-0400: 64.652: [GC (GCLocker Initiated GC) [PSYoungGen: 140835K->64754K(173568K)] 558172K->512545K(697856K), 0.0086318 secs] [Times: user=0.13 sys=0.00, real=0.01 secs] 
2016-09-24T03:06:25.164-0400: 64.717: [GC (GCLocker Initiated GC) [PSYoungGen: 154866K->71474K(174592K)] 608171K->525563K(698880K), 0.0096998 secs] [Times: user=0.14 sys=0.00, real=0.00 secs] 
2016-09-24T03:06:25.236-0400: 64.788: [GC (GCLocker Initiated GC) [PSYoungGen: 161586K->55338K(176640K)] 621120K->545366K(700928K), 0.0066841 secs] [Times: user=0.10 sys=0.00, real=0.01 secs] 
2016-09-24T03:06:25.243-0400: 64.795: [Full GC (Ergonomics) [PSYoungGen: 55338K->0K(176640K)] [ParOldGen: 490027K->359580K(524288K)] 545366K->359580K(700928K), [Metaspace: 43804K->43804K(1087488K)], 0.0499975 secs] [Times: user=0.36 sys=0.01, real=0.04 secs] 
2016-09-24T03:06:25.350-0400: 64.902: [GC (GCLocker Initiated GC) [PSYoungGen: 91136K->63760K(155136K)] 456144K->428768K(679424K), 0.0101744 secs] [Times: user=0.12 sys=0.00, real=0.01 secs] 
2016-09-24T03:06:25.408-0400: 64.960: [GC (GCLocker Initiated GC) [PSYoungGen: 154896K->52288K(175616K)] 521275K->430622K(699904K), 0.0077094 secs] [Times: user=0.11 sys=0.00, real=0.01 secs] 
2016-09-24T03:06:25.462-0400: 65.015: [GC (GCLocker Initiated GC) [PSYoungGen: 144448K->44312K(175104K)] 526871K->438123K(699392K), 0.0117271 secs] [Times: user=0.18 sys=0.00, real=0.01 secs] 
2016-09-24T03:06:25.533-0400: 65.085: [GC (GCLocker Initiated GC) [PSYoungGen: 136472K->42870K(177664K)] 530322K->456252K(701952K), 0.0063920 secs] [Times: user=0.06 sys=0.00, real=0.01 secs] 
2016-09-24T03:06:25.587-0400: 65.139: [GC (GCLocker Initiated GC) [PSYoungGen: 137078K->78131K(172544K)] 550690K->492412K(696832K), 0.0089747 secs] [Times: user=0.13 sys=0.00, real=0.01 secs] 
2016-09-24T03:06:25.643-0400: 65.195: [GC (GCLocker Initiated GC) [PSYoungGen: 172339K->68745K(175104K)] 589461K->486544K(699392K), 0.0066744 secs] [Times: user=0.10 sys=0.00, real=0.00 secs] 
2016-09-24T03:06:25.699-0400: 65.251: [GC (GCLocker Initiated GC) [PSYoungGen: 156809K->75625K(175104K)] 577499K->510555K(699392K), 0.0168574 secs] [Times: user=0.22 sys=0.01, real=0.02 secs] 
2016-09-24T03:06:25.764-0400: 65.316: [GC (GCLocker Initiated GC) [PSYoungGen: 163689K->48305K(175104K)] 601543K->504674K(699392K), 0.0075731 secs] [Times: user=0.07 sys=0.00, real=0.00 secs] 
2016-09-24T03:06:25.829-0400: 65.381: [GC (GCLocker Initiated GC) [PSYoungGen: 136369K->49848K(175104K)] 601080K->521916K(699392K), 0.0093229 secs] [Times: user=0.10 sys=0.00, real=0.01 secs] 
2016-09-24T03:06:25.887-0400: 65.439: [GC (GCLocker Initiated GC) [PSYoungGen: 137912K->43034K(175104K)] 618241K->524155K(699392K), 0.0080885 secs] [Times: user=0.06 sys=0.01, real=0.01 secs] 
2016-09-24T03:06:25.959-0400: 65.511: [Full GC (Ergonomics) [PSYoungGen: 131098K->0K(175104K)] [ParOldGen: 490736K->369176K(524288K)] 621835K->369176K(699392K), [Metaspace: 43863K->43863K(1087488K)], 0.0580277 secs] [Times: user=0.39 sys=0.01, real=0.06 secs] 
2016-09-24T03:06:26.070-0400: 65.622: [GC (GCLocker Initiated GC) [PSYoungGen: 85730K->63475K(175104K)] 457606K->435351K(699392K), 0.0094232 secs] [Times: user=0.11 sys=0.02, real=0.01 secs] 
2016-09-24T03:06:26.123-0400: 65.675: [GC (GCLocker Initiated GC) [PSYoungGen: 151539K->51199K(175104K)] 530415K->432272K(699392K), 0.0056588 secs] [Times: user=0.07 sys=0.00, real=0.00 secs] 
2016-09-24T03:06:26.176-0400: 65.728: [GC (GCLocker Initiated GC) [PSYoungGen: 139263K->53834K(142336K)] 529971K->445270K(666624K), 0.0235702 secs] [Times: user=0.34 sys=0.00, real=0.02 secs] 
2016-09-24T03:06:26.244-0400: 65.796: [GC (GCLocker Initiated GC) [PSYoungGen: 141898K->65953K(172544K)] 538801K->463568K(696832K), 0.0058388 secs] [Times: user=0.08 sys=0.01, real=0.00 secs] 
2016-09-24T03:06:26.301-0400: 65.853: [GC (GCLocker Initiated GC) [PSYoungGen: 153505K->68782K(173056K)] 553830K->471170K(697344K), 0.0067532 secs] [Times: user=0.09 sys=0.01, real=0.01 secs] 
2016-09-24T03:06:26.351-0400: 65.904: [GC (GCLocker Initiated GC) [PSYoungGen: 156334K->52486K(174592K)] 566884K->463782K(698880K), 0.0050956 secs] [Times: user=0.07 sys=0.00, real=0.01 secs] 
2016-09-24T03:06:26.404-0400: 65.957: [GC (GCLocker Initiated GC) [PSYoungGen: 142598K->64732K(175104K)] 562027K->484883K(699392K), 0.0061795 secs] [Times: user=0.08 sys=0.00, real=0.00 secs] 
2016-09-24T03:06:26.465-0400: 66.018: [GC (GCLocker Initiated GC) [PSYoungGen: 154844K->63415K(175104K)] 578000K->487365K(699392K), 0.0062845 secs] [Times: user=0.08 sys=0.00, real=0.00 secs] 
2016-09-24T03:06:26.519-0400: 66.071: [GC (GCLocker Initiated GC) [PSYoungGen: 156087K->57919K(176128K)] 584271K->486890K(700416K), 0.0066496 secs] [Times: user=0.08 sys=0.00, real=0.01 secs] 
2016-09-24T03:06:26.574-0400: 66.127: [GC (GCLocker Initiated GC) [PSYoungGen: 150591K->66084K(177152K)] 582294K->498510K(701440K), 0.0062010 secs] [Times: user=0.09 sys=0.00, real=0.01 secs] 
2016-09-24T03:06:26.635-0400: 66.188: [GC (GCLocker Initiated GC) [PSYoungGen: 161828K->64607K(177664K)] 597009K->500576K(701952K), 0.0066010 secs] [Times: user=0.10 sys=0.00, real=0.00 secs] 
2016-09-24T03:06:26.700-0400: 66.253: [GC (GCLocker Initiated GC) [PSYoungGen: 160351K->68851K(178688K)] 600478K->509647K(702976K), 0.0084343 secs] [Times: user=0.13 sys=0.00, real=0.01 secs] 
2016-09-24T03:06:26.761-0400: 66.314: [GC (GCLocker Initiated GC) [PSYoungGen: 166131K->48376K(179712K)] 607217K->494358K(704000K), 0.0072019 secs] [Times: user=0.10 sys=0.00, real=0.01 secs] 
2016-09-24T03:06:26.818-0400: 66.370: [GC (GCLocker Initiated GC) [PSYoungGen: 145656K->34590K(175616K)] 591670K->505550K(699904K), 0.0098868 secs] [Times: user=0.09 sys=0.00, real=0.01 secs] 
2016-09-24T03:06:26.879-0400: 66.431: [GC (GCLocker Initiated GC) [PSYoungGen: 127774K->64643K(177664K)] 598782K->536219K(701952K), 0.0064873 secs] [Times: user=0.07 sys=0.00, real=0.01 secs] 
2016-09-24T03:06:26.938-0400: 66.491: [GC (GCLocker Initiated GC) [PSYoungGen: 157827K->72806K(172544K)] 629503K->545243K(696832K), 0.0068473 secs] [Times: user=0.09 sys=0.00, real=0.01 secs] 
2016-09-24T03:06:27.006-0400: 66.558: [GC (GCLocker Initiated GC) [PSYoungGen: 160870K->55225K(175104K)] 642862K->537921K(699392K), 0.0058776 secs] [Times: user=0.06 sys=0.00, real=0.00 secs] 
2016-09-24T03:06:27.055-0400: 66.608: [GC (GCLocker Initiated GC) [PSYoungGen: 143289K->64609K(173056K)] 626031K->580569K(697344K), 0.0078044 secs] [Times: user=0.12 sys=0.00, real=0.01 secs] 
2016-09-24T03:06:27.063-0400: 66.616: [Full GC (Ergonomics) [PSYoungGen: 64609K->0K(173056K)] [ParOldGen: 515959K->386198K(524288K)] 580569K->386198K(697344K), [Metaspace: 43863K->43863K(1087488K)], 0.0657750 secs] [Times: user=0.57 sys=0.01, real=0.06 secs] 
2016-09-24T03:06:27.179-0400: 66.732: [GC (GCLocker Initiated GC) [PSYoungGen: 89600K->67790K(174592K)] 479873K->458064K(698880K), 0.0092509 secs] [Times: user=0.14 sys=0.00, real=0.01 secs] 
2016-09-24T03:06:27.252-0400: 66.805: [GC (GCLocker Initiated GC) [PSYoungGen: 157390K->46996K(176640K)] 555914K->450690K(700928K), 0.0074780 secs] [Times: user=0.05 sys=0.00, real=0.01 secs] 
2016-09-24T03:06:27.319-0400: 66.872: [GC (GCLocker Initiated GC) [PSYoungGen: 138644K->61974K(154112K)] 545280K->484244K(678400K), 0.0087466 secs] [Times: user=0.10 sys=0.01, real=0.01 secs] 
2016-09-24T03:06:27.380-0400: 66.933: [GC (GCLocker Initiated GC) [PSYoungGen: 153622K->45776K(175616K)] 585436K->478278K(699904K), 0.0070793 secs] [Times: user=0.05 sys=0.00, real=0.01 secs] 
2016-09-24T03:06:27.437-0400: 66.990: [GC (GCLocker Initiated GC) [PSYoungGen: 137936K->57795K(175616K)] 575922K->497957K(699904K), 0.0082897 secs] [Times: user=0.08 sys=0.00, real=0.01 secs] 
2016-09-24T03:06:27.498-0400: 67.051: [GC (GCLocker Initiated GC) [PSYoungGen: 149955K->51049K(177152K)] 592993K->496123K(701440K), 0.0075311 secs] [Times: user=0.05 sys=0.01, real=0.01 secs] 
2016-09-24T03:06:27.563-0400: 67.115: [GC (GCLocker Initiated GC) [PSYoungGen: 147305K->34915K(176128K)] 601419K->492419K(700416K), 0.0081025 secs] [Times: user=0.06 sys=0.01, real=0.00 secs] 
2016-09-24T03:06:27.622-0400: 67.174: [GC (GCLocker Initiated GC) [PSYoungGen: 131171K->56386K(179712K)] 590050K->518786K(704000K), 0.0093492 secs] [Times: user=0.08 sys=0.00, real=0.01 secs] 
2016-09-24T03:06:27.682-0400: 67.234: [GC (GCLocker Initiated GC) [PSYoungGen: 157250K->63328K(180224K)] 621034K->549443K(704512K), 0.0089555 secs] [Times: user=0.11 sys=0.01, real=0.01 secs] 
2016-09-24T03:06:27.742-0400: 67.294: [GC (GCLocker Initiated GC) [PSYoungGen: 164192K->45875K(182272K)] 659799K->569214K(706560K), 0.0094398 secs] [Times: user=0.12 sys=0.00, real=0.01 secs] 
2016-09-24T03:06:27.752-0400: 67.304: [Full GC (Ergonomics) [PSYoungGen: 45875K->0K(182272K)] [ParOldGen: 523338K->387479K(524288K)] 569214K->387479K(706560K), [Metaspace: 43866K->43866K(1087488K)], 0.0507180 secs] [Times: user=0.48 sys=0.01, real=0.06 secs] 
2016-09-24T03:06:27.859-0400: 67.412: [GC (GCLocker Initiated GC) [PSYoungGen: 102912K->57090K(160256K)] 490500K->444679K(684544K), 0.0058352 secs] [Times: user=0.06 sys=0.00, real=0.01 secs] 
2016-09-24T03:06:27.927-0400: 67.480: [GC (GCLocker Initiated GC) [PSYoungGen: 160002K->49798K(182784K)] 555751K->463095K(707072K), 0.0148927 secs] [Times: user=0.23 sys=0.00, real=0.02 secs] 
2016-09-24T03:06:28.001-0400: 67.554: [GC (GCLocker Initiated GC) [PSYoungGen: 154758K->48576K(181248K)] 575037K->493905K(705536K), 0.0076938 secs] [Times: user=0.09 sys=0.00, real=0.01 secs] 
2016-09-24T03:06:28.069-0400: 67.621: [GC (GCLocker Initiated GC) [PSYoungGen: 153536K->59278K(183296K)] 604434K->511006K(707584K), 0.0078269 secs] [Times: user=0.09 sys=0.00, real=0.01 secs] 
2016-09-24T03:06:28.131-0400: 67.683: [GC (GCLocker Initiated GC) [PSYoungGen: 167310K->71558K(179712K)] 619457K->524501K(704000K), 0.0073526 secs] [Times: user=0.10 sys=0.01, real=0.01 secs] 
2016-09-24T03:06:28.194-0400: 67.747: [GC (GCLocker Initiated GC) [PSYoungGen: 179590K->57994K(184320K)] 637986K->536136K(708608K), 0.0101980 secs] [Times: user=0.15 sys=0.00, real=0.01 secs] 
2016-09-24T03:06:28.263-0400: 67.816: [GC (GCLocker Initiated GC) [PSYoungGen: 162954K->74193K(179200K)] 641101K->553218K(703488K), 0.0070007 secs] [Times: user=0.09 sys=0.00, real=0.00 secs] 
2016-09-24T03:06:28.327-0400: 67.880: [GC (GCLocker Initiated GC) [PSYoungGen: 179153K->52613K(181248K)] 658637K->543702K(705536K), 0.0068182 secs] [Times: user=0.10 sys=0.00, real=0.01 secs] 
2016-09-24T03:06:28.334-0400: 67.887: [Full GC (Ergonomics) [PSYoungGen: 52613K->0K(181248K)] [ParOldGen: 491089K->385221K(524288K)] 543702K->385221K(705536K), [Metaspace: 43870K->43870K(1087488K)], 0.0571128 secs] [Times: user=0.54 sys=0.01, real=0.05 secs] 
2016-09-24T03:06:28.444-0400: 67.997: [GC (GCLocker Initiated GC) [PSYoungGen: 98816K->61247K(160256K)] 490811K->453243K(684544K), 0.0069419 secs] [Times: user=0.07 sys=0.01, real=0.00 secs] 
2016-09-24T03:06:28.507-0400: 68.060: [GC (GCLocker Initiated GC) [PSYoungGen: 160063K->70253K(176128K)] 560217K->486584K(700416K), 0.0078843 secs] [Times: user=0.11 sys=0.01, real=0.01 secs] 
2016-09-24T03:06:28.571-0400: 68.123: [GC (GCLocker Initiated GC) [PSYoungGen: 166509K->67616K(178688K)] 585542K->498347K(702976K), 0.0078729 secs] [Times: user=0.09 sys=0.00, real=0.01 secs] 
2016-09-24T03:06:28.631-0400: 68.184: [GC (GCLocker Initiated GC) [PSYoungGen: 163872K->75588K(172032K)] 594699K->507273K(696320K), 0.0127310 secs] [Times: user=0.19 sys=0.01, real=0.02 secs] 
2016-09-24T03:06:28.696-0400: 68.249: [GC (GCLocker Initiated GC) [PSYoungGen: 164676K->64753K(175616K)] 599107K->517584K(699904K), 0.0074833 secs] [Times: user=0.11 sys=0.00, real=0.01 secs] 
2016-09-24T03:06:28.755-0400: 68.307: [GC (GCLocker Initiated GC) [PSYoungGen: 153841K->70124K(175104K)] 609497K->526539K(699392K), 0.0115240 secs] [Times: user=0.15 sys=0.00, real=0.01 secs] 
2016-09-24T03:06:28.815-0400: 68.368: [GC (GCLocker Initiated GC) [PSYoungGen: 160236K->64826K(155136K)] 626172K->558580K(679424K), 0.0078250 secs] [Times: user=0.11 sys=0.00, real=0.01 secs] 
2016-09-24T03:06:28.823-0400: 68.376: [Full GC (Ergonomics) [PSYoungGen: 64826K->0K(155136K)] [ParOldGen: 493753K->401284K(524288K)] 558580K->401284K(679424K), [Metaspace: 43870K->43870K(1087488K)], 0.0544626 secs] [Times: user=0.42 sys=0.01, real=0.05 secs] 
2016-09-24T03:06:28.931-0400: 68.483: [GC (Allocation Failure) [PSYoungGen: 90112K->58519K(177152K)] 494262K->462669K(701440K), 0.0063214 secs] [Times: user=0.08 sys=0.00, real=0.01 secs] 
2016-09-24T03:06:28.983-0400: 68.535: [GC (GCLocker Initiated GC) [PSYoungGen: 150116K->67282K(175616K)] 556967K->478219K(699904K), 0.0106201 secs] [Times: user=0.15 sys=0.00, real=0.00 secs] 
2016-09-24T03:06:29.047-0400: 68.600: [GC (GCLocker Initiated GC) [PSYoungGen: 159954K->70058K(177152K)] 576533K->488630K(701440K), 0.0101648 secs] [Times: user=0.16 sys=0.00, real=0.01 secs] 
2016-09-24T03:06:29.107-0400: 68.660: [GC (GCLocker Initiated GC) [PSYoungGen: 164266K->47107K(177664K)] 587002K->470571K(701952K), 0.0066860 secs] [Times: user=0.05 sys=0.00, real=0.00 secs] 
2016-09-24T03:06:29.166-0400: 68.719: [GC (GCLocker Initiated GC) [PSYoungGen: 141315K->63372K(175616K)] 576945K->499792K(699904K), 0.0063066 secs] [Times: user=0.08 sys=0.00, real=0.00 secs] 
2016-09-24T03:06:29.221-0400: 68.773: [GC (GCLocker Initiated GC) [PSYoungGen: 157580K->60679K(176640K)] 599433K->503260K(700928K), 0.0063179 secs] [Times: user=0.06 sys=0.00, real=0.01 secs] 
2016-09-24T03:06:29.274-0400: 68.826: [GC (GCLocker Initiated GC) [PSYoungGen: 154887K->74213K(176128K)] 600745K->520885K(700416K), 0.0069105 secs] [Times: user=0.10 sys=0.01, real=0.01 secs] 
2016-09-24T03:06:29.332-0400: 68.885: [GC (GCLocker Initiated GC) [PSYoungGen: 169445K->70226K(165888K)] 621601K->534023K(690176K), 0.0078175 secs] [Times: user=0.12 sys=0.00, real=0.01 secs] 
2016-09-24T03:06:29.396-0400: 68.949: [GC (GCLocker Initiated GC) [PSYoungGen: 165458K->64826K(179712K)] 630701K->544449K(704000K), 0.0075485 secs] [Times: user=0.11 sys=0.00, real=0.01 secs] 
2016-09-24T03:06:29.462-0400: 69.015: [GC (GCLocker Initiated GC) [PSYoungGen: 160570K->53992K(178176K)] 640209K->534487K(702464K), 0.0066395 secs] [Times: user=0.07 sys=0.01, real=0.01 secs] 
2016-09-24T03:06:29.519-0400: 69.072: [GC (GCLocker Initiated GC) [PSYoungGen: 149736K->66187K(178688K)] 630268K->559778K(702976K), 0.0062711 secs] [Times: user=0.08 sys=0.00, real=0.01 secs] 
2016-09-24T03:06:29.575-0400: 69.127: [GC (GCLocker Initiated GC) [PSYoungGen: 162955K->55324K(178176K)] 656563K->576807K(702464K), 0.0088162 secs] [Times: user=0.12 sys=0.00, real=0.01 secs] 
2016-09-24T03:06:29.584-0400: 69.136: [Full GC (Ergonomics) [PSYoungGen: 55324K->0K(178176K)] [ParOldGen: 521483K->399200K(524288K)] 576807K->399200K(702464K), [Metaspace: 43870K->43870K(1087488K)], 0.0555923 secs] [Times: user=0.51 sys=0.00, real=0.05 secs] 
2016-09-24T03:06:29.697-0400: 69.249: [GC (GCLocker Initiated GC) [PSYoungGen: 96768K->60326K(179712K)] 500052K->463610K(704000K), 0.0078501 secs] [Times: user=0.11 sys=0.01, real=0.01 secs] 
2016-09-24T03:06:29.756-0400: 69.309: [GC (GCLocker Initiated GC) [PSYoungGen: 160166K->59450K(179712K)] 563471K->487581K(704000K), 0.0081144 secs] [Times: user=0.11 sys=0.01, real=0.01 secs] 
2016-09-24T03:06:29.817-0400: 69.369: [GC (GCLocker Initiated GC) [PSYoungGen: 159290K->63858K(181248K)] 590944K->497783K(705536K), 0.0063512 secs] [Times: user=0.07 sys=0.00, real=0.01 secs] 
2016-09-24T03:06:29.882-0400: 69.435: [GC (GCLocker Initiated GC) [PSYoungGen: 167282K->37669K(180736K)] 606744K->479561K(705024K), 0.0135998 secs] [Times: user=0.11 sys=0.00, real=0.01 secs] 
2016-09-24T03:06:29.956-0400: 69.509: [GC (GCLocker Initiated GC) [PSYoungGen: 141093K->47310K(181760K)] 583106K->503810K(706048K), 0.0069762 secs] [Times: user=0.05 sys=0.01, real=0.01 secs] 
2016-09-24T03:06:30.024-0400: 69.577: [GC (GCLocker Initiated GC) [PSYoungGen: 148686K->51469K(153088K)] 609273K->513106K(677376K), 0.0083378 secs] [Times: user=0.08 sys=0.01, real=0.00 secs] 
2016-09-24T03:06:30.089-0400: 69.642: [GC (GCLocker Initiated GC) [PSYoungGen: 152845K->63639K(180736K)] 617367K->556289K(705024K), 0.0085278 secs] [Times: user=0.11 sys=0.00, real=0.01 secs] 
2016-09-24T03:06:30.098-0400: 69.650: [Full GC (Ergonomics) [PSYoungGen: 63639K->0K(180736K)] [ParOldGen: 492649K->386338K(524288K)] 556289K->386338K(705024K), [Metaspace: 43870K->43870K(1087488K)], 0.0787696 secs] [Times: user=0.77 sys=0.04, real=0.08 secs] 
2016-09-24T03:06:30.247-0400: 69.799: [GC (GCLocker Initiated GC) [PSYoungGen: 101376K->66978K(180736K)] 487956K->453559K(705024K), 0.0068862 secs] [Times: user=0.08 sys=0.00, real=0.00 secs] 
2016-09-24T03:06:30.323-0400: 69.876: [GC (GCLocker Initiated GC) [PSYoungGen: 168354K->46209K(181760K)] 567237K->450832K(706048K), 0.0057493 secs] [Times: user=0.06 sys=0.00, real=0.00 secs] 
2016-09-24T03:06:30.388-0400: 69.940: [GC (GCLocker Initiated GC) [PSYoungGen: 147585K->74470K(176128K)] 555005K->483180K(700416K), 0.0097667 secs] [Times: user=0.13 sys=0.00, real=0.01 secs] 
2016-09-24T03:06:30.469-0400: 70.021: [GC (GCLocker Initiated GC) [PSYoungGen: 175846K->45971K(177664K)] 594120K->467995K(701952K), 0.0148248 secs] [Times: user=0.17 sys=0.00, real=0.02 secs] 
2016-09-24T03:06:30.544-0400: 70.096: [GC (GCLocker Initiated GC) [PSYoungGen: 139155K->60889K(154112K)] 565335K->493634K(678400K), 0.0098381 secs] [Times: user=0.15 sys=0.00, real=0.00 secs] 
2016-09-24T03:06:30.609-0400: 70.161: [GC (GCLocker Initiated GC) [PSYoungGen: 154073K->50083K(177152K)] 594990K->502825K(701440K), 0.0057974 secs] [Times: user=0.07 sys=0.00, real=0.01 secs] 
2016-09-24T03:06:30.670-0400: 70.223: [GC (GCLocker Initiated GC) [PSYoungGen: 144291K->56943K(176128K)] 602563K->516257K(700416K), 0.0065067 secs] [Times: user=0.08 sys=0.01, real=0.01 secs] 
2016-09-24T03:06:30.732-0400: 70.284: [GC (GCLocker Initiated GC) [PSYoungGen: 151151K->39266K(175616K)] 620052K->509187K(699904K), 0.0058386 secs] [Times: user=0.06 sys=0.00, real=0.01 secs] 
2016-09-24T03:06:30.792-0400: 70.344: [GC (GCLocker Initiated GC) [PSYoungGen: 135522K->54026K(176640K)] 608168K->544018K(700928K), 0.0077641 secs] [Times: user=0.09 sys=0.00, real=0.01 secs] 
2016-09-24T03:06:30.856-0400: 70.409: [GC (GCLocker Initiated GC) [PSYoungGen: 150282K->67827K(178688K)] 640338K->558835K(702976K), 0.0067526 secs] [Times: user=0.11 sys=0.00, real=0.01 secs] 
2016-09-24T03:06:30.928-0400: 70.480: [GC (GCLocker Initiated GC) [PSYoungGen: 168179K->58229K(180736K)] 664657K->555864K(705024K), 0.0068515 secs] [Times: user=0.07 sys=0.00, real=0.01 secs] 
2016-09-24T03:06:30.988-0400: 70.541: [GC (GCLocker Initiated GC) [PSYoungGen: 158581K->48607K(179200K)] 656258K->571721K(703488K), 0.0075945 secs] [Times: user=0.10 sys=0.00, real=0.01 secs] 
2016-09-24T03:06:30.996-0400: 70.549: [Full GC (Ergonomics) [PSYoungGen: 48607K->0K(179200K)] [ParOldGen: 523113K->398210K(524288K)] 571721K->398210K(703488K), [Metaspace: 43878K->43878K(1087488K)], 0.0616104 secs] [Times: user=0.69 sys=0.00, real=0.06 secs] 
2016-09-24T03:06:31.123-0400: 70.675: [GC (GCLocker Initiated GC) [PSYoungGen: 102912K->57896K(180736K)] 513451K->468436K(705024K), 0.0134371 secs] [Times: user=0.19 sys=0.00, real=0.01 secs] 
2016-09-24T03:06:31.201-0400: 70.754: [GC (GCLocker Initiated GC) [PSYoungGen: 160808K->47496K(183296K)] 581012K->469592K(707584K), 0.0054526 secs] [Times: user=0.07 sys=0.00, real=0.01 secs] 
2016-09-24T03:06:31.279-0400: 70.831: [GC (GCLocker Initiated GC) [PSYoungGen: 155528K->56900K(183808K)] 580473K->483017K(708096K), 0.0137909 secs] [Times: user=0.19 sys=0.00, real=0.01 secs] 
2016-09-24T03:06:31.369-0400: 70.921: [GC (GCLocker Initiated GC) [PSYoungGen: 164932K->42235K(185856K)] 600056K->481113K(710144K), 0.0186432 secs] [Times: user=0.22 sys=0.01, real=0.02 secs] 
2016-09-24T03:06:31.449-0400: 71.001: [GC (GCLocker Initiated GC) [PSYoungGen: 153339K->47302K(185856K)] 603031K->506333K(710144K), 0.0106971 secs] [Times: user=0.12 sys=0.00, real=0.01 secs] 
2016-09-24T03:06:31.538-0400: 71.090: [GC (GCLocker Initiated GC) [PSYoungGen: 158406K->55660K(184832K)] 627114K->525474K(709120K), 0.0175952 secs] [Times: user=0.25 sys=0.00, real=0.02 secs] 
2016-09-24T03:06:31.628-0400: 71.180: [GC (GCLocker Initiated GC) [PSYoungGen: 168812K->71891K(185344K)] 641451K->559234K(709632K), 0.0080442 secs] [Times: user=0.10 sys=0.00, real=0.01 secs] 
2016-09-24T03:06:31.703-0400: 71.256: [GC (GCLocker Initiated GC) [PSYoungGen: 185043K->51607K(185856K)] 675120K->564423K(710144K), 0.0083661 secs] [Times: user=0.10 sys=0.00, real=0.00 secs] 
2016-09-24T03:06:31.712-0400: 71.265: [Full GC (Ergonomics) [PSYoungGen: 51607K->0K(185856K)] [ParOldGen: 512815K->404334K(524288K)] 564423K->404334K(710144K), [Metaspace: 43886K->43886K(1087488K)], 0.0677112 secs] [Times: user=0.70 sys=0.00, real=0.07 secs] 
2016-09-24T03:06:31.847-0400: 71.399: [GC (GCLocker Initiated GC) [PSYoungGen: 109056K->61763K(185344K)] 516202K->468909K(709632K), 0.0079717 secs] [Times: user=0.10 sys=0.00, real=0.01 secs] 
2016-09-24T03:06:31.915-0400: 71.467: [GC (GCLocker Initiated GC) [PSYoungGen: 170819K->40821K(184832K)] 583473K->479682K(709120K), 0.0066088 secs] [Times: user=0.08 sys=0.00, real=0.00 secs] 
2016-09-24T03:06:31.982-0400: 71.534: [GC (GCLocker Initiated GC) [PSYoungGen: 149365K->39252K(147968K)] 588858K->492223K(672256K), 0.0069355 secs] [Times: user=0.06 sys=0.00, real=0.01 secs] 
2016-09-24T03:06:32.047-0400: 71.600: [GC (GCLocker Initiated GC) [PSYoungGen: 147796K->55731K(186368K)] 614278K->532715K(710656K), 0.0072592 secs] [Times: user=0.07 sys=0.00, real=0.01 secs] 
2016-09-24T03:06:32.116-0400: 71.669: [GC (GCLocker Initiated GC) [PSYoungGen: 164787K->73174K(182272K)] 647412K->562434K(706560K), 0.0078133 secs] [Times: user=0.12 sys=0.00, real=0.01 secs] 
2016-09-24T03:06:32.187-0400: 71.740: [GC (GCLocker Initiated GC) [PSYoungGen: 182230K->75861K(169984K)] 671565K->566340K(694272K), 0.0069476 secs] [Times: user=0.09 sys=0.01, real=0.01 secs] 
2016-09-24T03:06:32.253-0400: 71.805: [Full GC (Ergonomics) [PSYoungGen: 165973K->0K(169984K)] [ParOldGen: 495998K->414444K(524288K)] 661972K->414444K(694272K), [Metaspace: 43886K->43886K(1087488K)], 0.0650986 secs] [Times: user=0.66 sys=0.00, real=0.07 secs] 
2016-09-24T03:06:32.367-0400: 71.919: [GC (GCLocker Initiated GC) [PSYoungGen: 90112K->84504K(175104K)] 507365K->504457K(699392K), 0.0072317 secs] [Times: user=0.10 sys=0.00, real=0.00 secs] 
2016-09-24T03:06:32.426-0400: 71.978: [GC (GCLocker Initiated GC) [PSYoungGen: 174616K->54115K(175104K)] 596046K->494697K(699392K), 0.0078681 secs] [Times: user=0.09 sys=0.00, real=0.00 secs] 
2016-09-24T03:06:32.485-0400: 72.037: [GC (GCLocker Initiated GC) [PSYoungGen: 142179K->62107K(175104K)] 585554K->506515K(699392K), 0.0070728 secs] [Times: user=0.10 sys=0.00, real=0.00 secs] 
2016-09-24T03:06:32.543-0400: 72.096: [GC (GCLocker Initiated GC) [PSYoungGen: 150171K->57942K(174080K)] 600094K->515492K(698368K), 0.0062949 secs] [Times: user=0.07 sys=0.01, real=0.00 secs] 
2016-09-24T03:06:32.605-0400: 72.158: [GC (GCLocker Initiated GC) [PSYoungGen: 146006K->45856K(174592K)] 611787K->535486K(698880K), 0.0103200 secs] [Times: user=0.14 sys=0.00, real=0.01 secs] 
2016-09-24T03:06:32.674-0400: 72.226: [GC (GCLocker Initiated GC) [PSYoungGen: 133920K->37551K(175104K)] 623859K->529690K(699392K), 0.0055585 secs] [Times: user=0.05 sys=0.00, real=0.01 secs] 
2016-09-24T03:06:32.721-0400: 72.273: [Full GC (Ergonomics) [PSYoungGen: 126639K->0K(175104K)] [ParOldGen: 494920K->420252K(524288K)] 621560K->420252K(699392K), [Metaspace: 43886K->43886K(1087488K)], 0.0514495 secs] [Times: user=0.43 sys=0.01, real=0.05 secs] 
2016-09-24T03:06:32.822-0400: 72.374: [GC (GCLocker Initiated GC) [PSYoungGen: 89088K->71112K(160256K)] 510806K->492831K(684544K), 0.0070917 secs] [Times: user=0.08 sys=0.01, real=0.01 secs] 
2016-09-24T03:06:32.888-0400: 72.440: [GC (GCLocker Initiated GC) [PSYoungGen: 160200K->52844K(175104K)] 586084K->508840K(699392K), 0.0086267 secs] [Times: user=0.12 sys=0.00, real=0.01 secs] 
2016-09-24T03:06:32.952-0400: 72.505: [GC (GCLocker Initiated GC) [PSYoungGen: 140908K->59376K(147456K)] 605086K->538046K(671744K), 0.0072257 secs] [Times: user=0.10 sys=0.00, real=0.01 secs] 
2016-09-24T03:06:33.017-0400: 72.570: [GC (GCLocker Initiated GC) [PSYoungGen: 147440K->55465K(175616K)] 634396K->555520K(699904K), 0.0059125 secs] [Times: user=0.08 sys=0.00, real=0.01 secs] 
2016-09-24T03:06:33.023-0400: 72.576: [Full GC (Ergonomics) [PSYoungGen: 55465K->0K(175616K)] [ParOldGen: 500055K->421016K(524288K)] 555520K->421016K(699904K), [Metaspace: 43888K->43888K(1087488K)], 0.0567993 secs] [Times: user=0.47 sys=0.01, real=0.05 secs] 
2016-09-24T03:06:33.132-0400: 72.684: [GC (GCLocker Initiated GC) [PSYoungGen: 90624K->64140K(173056K)] 518483K->492000K(697344K), 0.0066343 secs] [Times: user=0.10 sys=0.00, real=0.01 secs] 
2016-09-24T03:06:33.192-0400: 72.745: [GC (GCLocker Initiated GC) [PSYoungGen: 154764K->79833K(170496K)] 582683K->518551K(694784K), 0.0069449 secs] [Times: user=0.11 sys=0.00, real=0.01 secs] 
2016-09-24T03:06:33.248-0400: 72.801: [GC (GCLocker Initiated GC) [PSYoungGen: 167897K->63532K(175104K)] 606660K->537090K(699392K), 0.0079574 secs] [Times: user=0.11 sys=0.00, real=0.01 secs] 
2016-09-24T03:06:33.309-0400: 72.861: [GC (GCLocker Initiated GC) [PSYoungGen: 151596K->83383K(174592K)] 630574K->562361K(698880K), 0.0080983 secs] [Times: user=0.11 sys=0.00, real=0.01 secs] 
2016-09-24T03:06:33.374-0400: 72.927: [GC (GCLocker Initiated GC) [PSYoungGen: 171447K->81023K(175104K)] 650480K->565961K(699392K), 0.0082539 secs] [Times: user=0.12 sys=0.00, real=0.01 secs] 
2016-09-24T03:06:33.428-0400: 72.980: [GC (GCLocker Initiated GC) [PSYoungGen: 169087K->64834K(175104K)] 656833K->566909K(699392K), 0.0071177 secs] [Times: user=0.07 sys=0.01, real=0.01 secs] 
2016-09-24T03:06:33.435-0400: 72.988: [Full GC (Ergonomics) [PSYoungGen: 64834K->0K(175104K)] [ParOldGen: 502074K->428885K(524288K)] 566909K->428885K(699392K), [Metaspace: 43888K->43888K(1087488K)], 0.0610460 secs] [Times: user=0.61 sys=0.00, real=0.06 secs] 
2016-09-24T03:06:33.552-0400: 73.105: [GC (Allocation Failure) [PSYoungGen: 88064K->80279K(175104K)] 516989K->509204K(699392K), 0.0071925 secs] [Times: user=0.10 sys=0.00, real=0.01 secs] 
2016-09-24T03:06:33.560-0400: 73.113: [GC (GCLocker Initiated GC) [PSYoungGen: 80805K->32K(175104K)] 509730K->506192K(699392K), 0.0070034 secs] [Times: user=0.09 sys=0.01, real=0.01 secs] 
2016-09-24T03:06:33.567-0400: 73.120: [Full GC (Ergonomics) [PSYoungGen: 32K->0K(175104K)] [ParOldGen: 506160K->424179K(524288K)] 506192K->424179K(699392K), [Metaspace: 43888K->43888K(1087488K)], 0.0501424 secs] [Times: user=0.45 sys=0.00, real=0.05 secs] 
2016-09-24T03:06:33.664-0400: 73.217: [GC (GCLocker Initiated GC) [PSYoungGen: 88064K->80610K(175104K)] 512250K->504797K(699392K), 0.0119567 secs] [Times: user=0.16 sys=0.00, real=0.01 secs] 
2016-09-24T03:06:33.726-0400: 73.278: [GC (GCLocker Initiated GC) [PSYoungGen: 168674K->48568K(175104K)] 598416K->481417K(699392K), 0.0058935 secs] [Times: user=0.05 sys=0.00, real=0.00 secs] 
2016-09-24T03:06:33.779-0400: 73.332: [GC (GCLocker Initiated GC) [PSYoungGen: 136632K->74452K(175104K)] 572435K->527421K(699392K), 0.0088046 secs] [Times: user=0.12 sys=0.00, real=0.01 secs] 
2016-09-24T03:06:33.837-0400: 73.389: [GC (GCLocker Initiated GC) [PSYoungGen: 162516K->74256K(175104K)] 618291K->532363K(699392K), 0.0070273 secs] [Times: user=0.10 sys=0.00, real=0.01 secs] 
2016-09-24T03:06:33.898-0400: 73.451: [GC (GCLocker Initiated GC) [PSYoungGen: 162320K->60800K(175104K)] 627324K->527958K(699392K), 0.0136811 secs] [Times: user=0.16 sys=0.01, real=0.01 secs] 
2016-09-24T03:06:33.978-0400: 73.530: [GC (GCLocker Initiated GC) [PSYoungGen: 148864K->47268K(175104K)] 621842K->548222K(699392K), 0.0151325 secs] [Times: user=0.24 sys=0.00, real=0.01 secs] 
2016-09-24T03:06:33.993-0400: 73.545: [Full GC (Ergonomics) [PSYoungGen: 47268K->0K(175104K)] [ParOldGen: 500954K->427987K(524288K)] 548222K->427987K(699392K), [Metaspace: 43888K->43888K(1087488K)], 0.0617227 secs] [Times: user=0.69 sys=0.00, real=0.07 secs] 
2016-09-24T03:06:34.112-0400: 73.664: [GC (GCLocker Initiated GC) [PSYoungGen: 88064K->71834K(175104K)] 524387K->508157K(699392K), 0.0076963 secs] [Times: user=0.10 sys=0.02, real=0.01 secs] 
2016-09-24T03:06:34.183-0400: 73.736: [GC (GCLocker Initiated GC) [PSYoungGen: 159898K->24196K(175104K)] 600762K->474314K(699392K), 0.0060865 secs] [Times: user=0.06 sys=0.00, real=0.00 secs] 
2016-09-24T03:06:34.243-0400: 73.795: [GC (GCLocker Initiated GC) [PSYoungGen: 112260K->45919K(175104K)] 574706K->518733K(699392K), 0.0066145 secs] [Times: user=0.06 sys=0.00, real=0.00 secs] 
2016-09-24T03:06:34.298-0400: 73.850: [GC (GCLocker Initiated GC) [PSYoungGen: 133983K->71527K(175104K)] 612395K->553528K(699392K), 0.0092663 secs] [Times: user=0.14 sys=0.00, real=0.01 secs] 
2016-09-24T03:06:34.369-0400: 73.922: [Full GC (Ergonomics) [PSYoungGen: 159591K->0K(175104K)] [ParOldGen: 488857K->417433K(524288K)] 648448K->417433K(699392K), [Metaspace: 43888K->43888K(1087488K)], 0.0742986 secs] [Times: user=0.60 sys=0.01, real=0.08 secs] 
2016-09-24T03:06:34.497-0400: 74.050: [GC (GCLocker Initiated GC) [PSYoungGen: 88064K->32736K(175104K)] 515094K->459767K(699392K), 0.0063831 secs] [Times: user=0.05 sys=0.00, real=0.01 secs] 
2016-09-24T03:06:34.553-0400: 74.106: [GC (GCLocker Initiated GC) [PSYoungGen: 120800K->48585K(175104K)] 554818K->484010K(699392K), 0.0064151 secs] [Times: user=0.09 sys=0.00, real=0.01 secs] 
2016-09-24T03:06:34.610-0400: 74.163: [GC (GCLocker Initiated GC) [PSYoungGen: 136649K->52317K(175104K)] 572159K->488658K(699392K), 0.0058049 secs] [Times: user=0.05 sys=0.00, real=0.01 secs] 
2016-09-24T03:06:34.662-0400: 74.214: [GC (GCLocker Initiated GC) [PSYoungGen: 140381K->41642K(175104K)] 582195K->495081K(699392K), 0.0243428 secs] [Times: user=0.26 sys=0.01, real=0.03 secs] 
2016-09-24T03:06:34.731-0400: 74.284: [GC (GCLocker Initiated GC) [PSYoungGen: 129706K->75558K(175104K)] 583205K->543379K(699392K), 0.0085459 secs] [Times: user=0.12 sys=0.00, real=0.01 secs] 
2016-09-24T03:06:34.782-0400: 74.334: [GC (GCLocker Initiated GC) [PSYoungGen: 163622K->75650K(175104K)] 634205K->547021K(699392K), 0.0070323 secs] [Times: user=0.10 sys=0.00, real=0.01 secs] 
2016-09-24T03:06:34.854-0400: 74.407: [GC (GCLocker Initiated GC) [PSYoungGen: 163714K->56690K(175104K)] 639212K->534394K(699392K), 0.0068810 secs] [Times: user=0.09 sys=0.00, real=0.00 secs] 
2016-09-24T03:06:34.907-0400: 74.460: [GC (GCLocker Initiated GC) [PSYoungGen: 144754K->73045K(175104K)] 625293K->568016K(699392K), 0.0077615 secs] [Times: user=0.11 sys=0.00, real=0.01 secs] 
2016-09-24T03:06:34.915-0400: 74.468: [Full GC (Ergonomics) [PSYoungGen: 73045K->0K(175104K)] [ParOldGen: 494971K->428881K(524288K)] 568016K->428881K(699392K), [Metaspace: 43888K->43888K(1087488K)], 0.0547776 secs] [Times: user=0.53 sys=0.01, real=0.05 secs] 
2016-09-24T03:06:35.021-0400: 74.574: [GC (GCLocker Initiated GC) [PSYoungGen: 88064K->55743K(175104K)] 516981K->484661K(699392K), 0.0068806 secs] [Times: user=0.07 sys=0.00, real=0.01 secs] 
2016-09-24T03:06:35.067-0400: 74.620: [GC (GCLocker Initiated GC) [PSYoungGen: 143807K->66073K(175104K)] 572812K->520704K(699392K), 0.0077590 secs] [Times: user=0.09 sys=0.01, real=0.01 secs] 
2016-09-24T03:06:35.119-0400: 74.672: [GC (GCLocker Initiated GC) [PSYoungGen: 154137K->67520K(175104K)] 611678K->547462K(699392K), 0.0098873 secs] [Times: user=0.15 sys=0.00, real=0.01 secs] 
2016-09-24T03:06:35.177-0400: 74.729: [Full GC (Ergonomics) [PSYoungGen: 155584K->0K(175104K)] [ParOldGen: 488254K->437109K(524288K)] 643838K->437109K(699392K), [Metaspace: 43888K->43888K(1087488K)], 0.0538640 secs] [Times: user=0.49 sys=0.00, real=0.05 secs] 
2016-09-24T03:06:35.288-0400: 74.840: [GC (GCLocker Initiated GC) [PSYoungGen: 88064K->66346K(175104K)] 525402K->503684K(699392K), 0.0105652 secs] [Times: user=0.17 sys=0.00, real=0.01 secs] 
2016-09-24T03:06:35.342-0400: 74.894: [GC (GCLocker Initiated GC) [PSYoungGen: 154410K->62166K(175104K)] 595919K->507473K(699392K), 0.0067606 secs] [Times: user=0.11 sys=0.00, real=0.01 secs] 
2016-09-24T03:06:35.399-0400: 74.951: [GC (GCLocker Initiated GC) [PSYoungGen: 150230K->60562K(175104K)] 595695K->507004K(699392K), 0.0062425 secs] [Times: user=0.08 sys=0.00, real=0.01 secs] 
2016-09-24T03:06:35.456-0400: 75.009: [GC (GCLocker Initiated GC) [PSYoungGen: 148626K->44951K(175104K)] 597821K->494145K(699392K), 0.0072272 secs] [Times: user=0.05 sys=0.00, real=0.01 secs] 
2016-09-24T03:06:35.508-0400: 75.060: [GC (GCLocker Initiated GC) [PSYoungGen: 133015K->49861K(173056K)] 582258K->546419K(697344K), 0.0074412 secs] [Times: user=0.09 sys=0.00, real=0.01 secs] 
2016-09-24T03:06:35.516-0400: 75.068: [Full GC (Ergonomics) [PSYoungGen: 49861K->0K(173056K)] [ParOldGen: 496558K->429627K(524288K)] 546419K->429627K(697344K), [Metaspace: 43888K->43888K(1087488K)], 0.0589745 secs] [Times: user=0.60 sys=0.00, real=0.06 secs] 
2016-09-24T03:06:35.626-0400: 75.179: [GC (GCLocker Initiated GC) [PSYoungGen: 88064K->50119K(174080K)] 517725K->479780K(698368K), 0.0059222 secs] [Times: user=0.05 sys=0.01, real=0.00 secs] 
2016-09-24T03:06:35.671-0400: 75.224: [GC (GCLocker Initiated GC) [PSYoungGen: 138183K->83523K(173056K)] 567971K->516011K(697344K), 0.0092362 secs] [Times: user=0.12 sys=0.00, real=0.01 secs] 
2016-09-24T03:06:35.730-0400: 75.283: [GC (GCLocker Initiated GC) [PSYoungGen: 171587K->79019K(175104K)] 604130K->515484K(699392K), 0.0083886 secs] [Times: user=0.13 sys=0.01, real=0.01 secs] 
2016-09-24T03:06:35.786-0400: 75.339: [GC (GCLocker Initiated GC) [PSYoungGen: 167083K->74123K(175104K)] 603678K->539226K(699392K), 0.0116796 secs] [Times: user=0.14 sys=0.01, real=0.01 secs] 
2016-09-24T03:06:35.847-0400: 75.399: [GC (GCLocker Initiated GC) [PSYoungGen: 162187K->55189K(175104K)] 630241K->540170K(699392K), 0.0086543 secs] [Times: user=0.07 sys=0.00, real=0.01 secs] 
2016-09-24T03:06:35.856-0400: 75.408: [Full GC (Ergonomics) [PSYoungGen: 55189K->0K(175104K)] [ParOldGen: 484981K->432299K(524288K)] 540170K->432299K(699392K), [Metaspace: 43888K->43888K(1087488K)], 0.1899779 secs] [Times: user=2.79 sys=0.02, real=0.19 secs] 
2016-09-24T03:06:36.095-0400: 75.648: [GC (GCLocker Initiated GC) [PSYoungGen: 88064K->66467K(175104K)] 527247K->505651K(699392K), 0.0061966 secs] [Times: user=0.09 sys=0.00, real=0.00 secs] 
2016-09-24T03:06:36.154-0400: 75.706: [GC (GCLocker Initiated GC) [PSYoungGen: 154531K->60561K(175104K)] 596452K->522625K(699392K), 0.0067043 secs] [Times: user=0.09 sys=0.01, real=0.01 secs] 
2016-09-24T03:06:36.207-0400: 75.759: [GC (GCLocker Initiated GC) [PSYoungGen: 148625K->67341K(175104K)] 610748K->540929K(699392K), 0.0067585 secs] [Times: user=0.09 sys=0.00, real=0.00 secs] 
2016-09-24T03:06:36.262-0400: 75.815: [GC (GCLocker Initiated GC) [PSYoungGen: 155405K->68666K(175104K)] 629040K->568733K(699392K), 0.0074234 secs] [Times: user=0.09 sys=0.01, real=0.01 secs] 
2016-09-24T03:06:36.270-0400: 75.822: [Full GC (Ergonomics) [PSYoungGen: 68666K->0K(175104K)] [ParOldGen: 500067K->429305K(524288K)] 568733K->429305K(699392K), [Metaspace: 43888K->43888K(1087488K)], 0.0664631 secs] [Times: user=0.61 sys=0.02, real=0.07 secs] 
2016-09-24T03:06:36.382-0400: 75.934: [GC (GCLocker Initiated GC) [PSYoungGen: 88064K->58304K(175104K)] 522486K->492727K(699392K), 0.0058939 secs] [Times: user=0.08 sys=0.00, real=0.01 secs] 
2016-09-24T03:06:36.435-0400: 75.987: [GC (GCLocker Initiated GC) [PSYoungGen: 146368K->65698K(154112K)] 591666K->510996K(678400K), 0.0068007 secs] [Times: user=0.09 sys=0.00, real=0.00 secs] 
2016-09-24T03:06:36.487-0400: 76.039: [GC (GCLocker Initiated GC) [PSYoungGen: 153762K->73180K(173056K)] 604485K->523903K(697344K), 0.0064965 secs] [Times: user=0.10 sys=0.00, real=0.00 secs] 
2016-09-24T03:06:36.547-0400: 76.099: [GC (GCLocker Initiated GC) [PSYoungGen: 160220K->77662K(174080K)] 611024K->528467K(698368K), 0.0072486 secs] [Times: user=0.11 sys=0.00, real=0.01 secs] 
2016-09-24T03:06:36.600-0400: 76.153: [GC (GCLocker Initiated GC) [PSYoungGen: 164702K->63009K(175104K)] 618276K->534535K(699392K), 0.0067343 secs] [Times: user=0.10 sys=0.00, real=0.01 secs] 
2016-09-24T03:06:36.655-0400: 76.207: [GC (GCLocker Initiated GC) [PSYoungGen: 151073K->61174K(149504K)] 625422K->555643K(673792K), 0.0083542 secs] [Times: user=0.13 sys=0.01, real=0.01 secs] 
2016-09-24T03:06:36.663-0400: 76.216: [Full GC (Ergonomics) [PSYoungGen: 61174K->0K(149504K)] [ParOldGen: 494469K->434188K(524288K)] 555643K->434188K(673792K), [Metaspace: 43888K->43888K(1087488K)], 0.0533634 secs] [Times: user=0.54 sys=0.01, real=0.05 secs] 
2016-09-24T03:06:36.766-0400: 76.319: [GC (GCLocker Initiated GC) [PSYoungGen: 88064K->61915K(176128K)] 526339K->500191K(700416K), 0.0084598 secs] [Times: user=0.08 sys=0.00, real=0.01 secs] 
2016-09-24T03:06:36.824-0400: 76.377: [GC (GCLocker Initiated GC) [PSYoungGen: 151515K->77323K(174592K)] 589982K->515790K(698880K), 0.0079608 secs] [Times: user=0.07 sys=0.00, real=0.00 secs] 
2016-09-24T03:06:36.882-0400: 76.434: [GC (GCLocker Initiated GC) [PSYoungGen: 166923K->86298K(175104K)] 609539K->547814K(699392K), 0.0089271 secs] [Times: user=0.12 sys=0.00, real=0.01 secs] 
2016-09-24T03:06:36.931-0400: 76.483: [GC (GCLocker Initiated GC) [PSYoungGen: 174362K->73367K(175104K)] 635944K->580926K(699392K), 0.0096081 secs] [Times: user=0.15 sys=0.00, real=0.01 secs] 
2016-09-24T03:06:36.940-0400: 76.493: [Full GC (Ergonomics) [PSYoungGen: 73367K->0K(175104K)] [ParOldGen: 507558K->435151K(524288K)] 580926K->435151K(699392K), [Metaspace: 43888K->43888K(1087488K)], 0.0511240 secs] [Times: user=0.48 sys=0.00, real=0.05 secs] 
2016-09-24T03:06:37.031-0400: 76.583: [GC (GCLocker Initiated GC) [PSYoungGen: 88064K->74576K(175104K)] 523325K->509838K(699392K), 0.0067809 secs] [Times: user=0.08 sys=0.00, real=0.01 secs] 
2016-09-24T03:06:37.081-0400: 76.633: [GC (GCLocker Initiated GC) [PSYoungGen: 162640K->70046K(175104K)] 602189K->512125K(699392K), 0.0067550 secs] [Times: user=0.09 sys=0.00, real=0.01 secs] 
2016-09-24T03:06:37.133-0400: 76.686: [GC (GCLocker Initiated GC) [PSYoungGen: 158110K->67347K(175104K)] 604283K->514251K(699392K), 0.0060745 secs] [Times: user=0.08 sys=0.01, real=0.01 secs] 
2016-09-24T03:06:37.187-0400: 76.739: [GC (GCLocker Initiated GC) [PSYoungGen: 155411K->45645K(175104K)] 611834K->516261K(699392K), 0.0056731 secs] [Times: user=0.08 sys=0.00, real=0.00 secs] 
2016-09-24T03:06:37.242-0400: 76.795: [Full GC (Ergonomics) [PSYoungGen: 133709K->0K(175104K)] [ParOldGen: 486892K->446463K(524288K)] 620602K->446463K(699392K), [Metaspace: 43888K->43888K(1087488K)], 0.0589707 secs] [Times: user=0.58 sys=0.01, real=0.05 secs] 
2016-09-24T03:06:37.355-0400: 76.907: [GC (GCLocker Initiated GC) [PSYoungGen: 88064K->65906K(175104K)] 534599K->512442K(699392K), 0.0103591 secs] [Times: user=0.14 sys=0.00, real=0.01 secs] 
2016-09-24T03:06:37.408-0400: 76.961: [GC (GCLocker Initiated GC) [PSYoungGen: 153970K->64705K(153088K)] 600606K->535020K(677376K), 0.0082019 secs] [Times: user=0.09 sys=0.00, real=0.01 secs] 
2016-09-24T03:06:37.467-0400: 77.019: [GC (GCLocker Initiated GC) [PSYoungGen: 152769K->81477K(174080K)] 629923K->558632K(698368K), 0.0113706 secs] [Times: user=0.16 sys=0.00, real=0.01 secs] 
2016-09-24T03:06:37.528-0400: 77.081: [GC (GCLocker Initiated GC) [PSYoungGen: 169029K->51051K(174592K)] 646222K->563251K(698880K), 0.0072230 secs] [Times: user=0.08 sys=0.00, real=0.01 secs] 
2016-09-24T03:06:37.536-0400: 77.088: [Full GC (Ergonomics) [PSYoungGen: 51051K->0K(174592K)] [ParOldGen: 512200K->443067K(524288K)] 563251K->443067K(698880K), [Metaspace: 43889K->43889K(1087488K)], 0.0672905 secs] [Times: user=0.56 sys=0.00, real=0.07 secs] 
2016-09-24T03:06:37.646-0400: 77.199: [GC (GCLocker Initiated GC) [PSYoungGen: 87552K->73194K(175104K)] 530623K->516265K(699392K), 0.0068404 secs] [Times: user=0.10 sys=0.00, real=0.00 secs] 
2016-09-24T03:06:37.700-0400: 77.253: [GC (GCLocker Initiated GC) [PSYoungGen: 161258K->61974K(175104K)] 608486K->513003K(699392K), 0.0062485 secs] [Times: user=0.09 sys=0.00, real=0.01 secs] 
2016-09-24T03:06:37.753-0400: 77.305: [GC (GCLocker Initiated GC) [PSYoungGen: 150038K->65991K(175104K)] 607280K->534754K(699392K), 0.0148314 secs] [Times: user=0.23 sys=0.00, real=0.02 secs] 
2016-09-24T03:06:37.816-0400: 77.369: [GC (GCLocker Initiated GC) [PSYoungGen: 154055K->74747K(175104K)] 633764K->554456K(699392K), 0.0074419 secs] [Times: user=0.09 sys=0.00, real=0.01 secs] 
2016-09-24T03:06:37.874-0400: 77.426: [Full GC (Ergonomics) [PSYoungGen: 162811K->0K(175104K)] [ParOldGen: 486627K->446179K(524288K)] 649438K->446179K(699392K), [Metaspace: 43889K->43889K(1087488K)], 0.0603407 secs] [Times: user=0.64 sys=0.01, real=0.07 secs] 
2016-09-24T03:06:37.979-0400: 77.532: [GC (GCLocker Initiated GC) [PSYoungGen: 88064K->63707K(175104K)] 539781K->515425K(699392K), 0.0100221 secs] [Times: user=0.14 sys=0.00, real=0.01 secs] 
2016-09-24T03:06:38.034-0400: 77.586: [GC (GCLocker Initiated GC) [PSYoungGen: 151771K->72267K(175104K)] 606224K->526720K(699392K), 0.0073596 secs] [Times: user=0.11 sys=0.00, real=0.01 secs] 
2016-09-24T03:06:38.091-0400: 77.643: [GC (GCLocker Initiated GC) [PSYoungGen: 160331K->75582K(175104K)] 618500K->533752K(699392K), 0.0074010 secs] [Times: user=0.09 sys=0.02, real=0.01 secs] 
2016-09-24T03:06:38.145-0400: 77.697: [GC (GCLocker Initiated GC) [PSYoungGen: 163646K->86827K(175104K)] 624762K->564323K(699392K), 0.0089201 secs] [Times: user=0.13 sys=0.01, real=0.00 secs] 
2016-09-24T03:06:38.201-0400: 77.754: [GC (GCLocker Initiated GC) [PSYoungGen: 174891K->74059K(175104K)] 655334K->582799K(699392K), 0.0084837 secs] [Times: user=0.12 sys=0.01, real=0.01 secs] 
2016-09-24T03:06:38.210-0400: 77.763: [Full GC (Ergonomics) [PSYoungGen: 74059K->0K(175104K)] [ParOldGen: 508739K->457115K(524288K)] 582799K->457115K(699392K), [Metaspace: 43889K->43889K(1087488K)], 0.0607534 secs] [Times: user=0.63 sys=0.01, real=0.06 secs] 
2016-09-24T03:06:38.320-0400: 77.872: [GC (GCLocker Initiated GC) [PSYoungGen: 88064K->66430K(175104K)] 545231K->523597K(699392K), 0.0069692 secs] [Times: user=0.10 sys=0.00, real=0.01 secs] 
2016-09-24T03:06:38.371-0400: 77.924: [GC (GCLocker Initiated GC) [PSYoungGen: 154494K->67345K(175104K)] 611884K->540615K(699392K), 0.0073974 secs] [Times: user=0.11 sys=0.00, real=0.01 secs] 
2016-09-24T03:06:38.423-0400: 77.975: [GC (GCLocker Initiated GC) [PSYoungGen: 155409K->61947K(175104K)] 631384K->552193K(699392K), 0.0068589 secs] [Times: user=0.09 sys=0.00, real=0.00 secs] 
2016-09-24T03:06:38.430-0400: 77.982: [Full GC (Ergonomics) [PSYoungGen: 61947K->0K(175104K)] [ParOldGen: 490246K->439751K(524288K)] 552193K->439751K(699392K), [Metaspace: 43889K->43889K(1087488K)], 0.0606437 secs] [Times: user=0.63 sys=0.01, real=0.06 secs] 
2016-09-24T03:06:38.545-0400: 78.098: [GC (GCLocker Initiated GC) [PSYoungGen: 88064K->53031K(175104K)] 533296K->498264K(699392K), 0.0114499 secs] [Times: user=0.17 sys=0.00, real=0.01 secs] 
2016-09-24T03:06:38.600-0400: 78.152: [GC (GCLocker Initiated GC) [PSYoungGen: 141095K->49978K(175104K)] 594459K->530348K(699392K), 0.0074621 secs] [Times: user=0.10 sys=0.01, real=0.01 secs] 
2016-09-24T03:06:38.659-0400: 78.212: [Full GC (Ergonomics) [PSYoungGen: 138042K->0K(175104K)] [ParOldGen: 492568K->442030K(524288K)] 630611K->442030K(699392K), [Metaspace: 43889K->43889K(1087488K)], 0.0550089 secs] [Times: user=0.48 sys=0.01, real=0.06 secs] 
2016-09-24T03:06:38.765-0400: 78.317: [GC (GCLocker Initiated GC) [PSYoungGen: 88064K->70329K(175104K)] 530206K->512471K(699392K), 0.0063746 secs] [Times: user=0.08 sys=0.00, real=0.00 secs] 
2016-09-24T03:06:38.821-0400: 78.374: [GC (GCLocker Initiated GC) [PSYoungGen: 158393K->47122K(175104K)] 614104K->521390K(699392K), 0.0074075 secs] [Times: user=0.09 sys=0.00, real=0.01 secs] 
2016-09-24T03:06:38.878-0400: 78.430: [Full GC (Ergonomics) [PSYoungGen: 135186K->0K(175104K)] [ParOldGen: 486590K->446954K(524288K)] 621776K->446954K(699392K), [Metaspace: 43889K->43889K(1087488K)], 0.0527366 secs] [Times: user=0.37 sys=0.01, real=0.05 secs] 
2016-09-24T03:06:38.978-0400: 78.530: [GC (GCLocker Initiated GC) [PSYoungGen: 88064K->73031K(175104K)] 537868K->522836K(699392K), 0.0063139 secs] [Times: user=0.09 sys=0.01, real=0.01 secs] 
2016-09-24T03:06:39.038-0400: 78.590: [GC (GCLocker Initiated GC) [PSYoungGen: 161095K->39117K(175104K)] 624496K->522354K(699392K), 0.0096014 secs] [Times: user=0.09 sys=0.00, real=0.01 secs] 
2016-09-24T03:06:39.096-0400: 78.649: [Full GC (Ergonomics) [PSYoungGen: 127181K->0K(175104K)] [ParOldGen: 490126K->446365K(524288K)] 617307K->446365K(699392K), [Metaspace: 43889K->43889K(1087488K)], 0.0654528 secs] [Times: user=0.47 sys=0.01, real=0.06 secs] 
2016-09-24T03:06:39.215-0400: 78.768: [GC (GCLocker Initiated GC) [PSYoungGen: 88064K->57990K(175104K)] 534510K->504436K(699392K), 0.0100463 secs] [Times: user=0.09 sys=0.00, real=0.01 secs] 
2016-09-24T03:06:39.276-0400: 78.829: [GC (GCLocker Initiated GC) [PSYoungGen: 146054K->77016K(175104K)] 595362K->529962K(699392K), 0.0105866 secs] [Times: user=0.13 sys=0.00, real=0.01 secs] 
2016-09-24T03:06:39.336-0400: 78.889: [GC (GCLocker Initiated GC) [PSYoungGen: 165080K->45799K(175104K)] 626193K->529368K(699392K), 0.0107346 secs] [Times: user=0.11 sys=0.01, real=0.01 secs] 
2016-09-24T03:06:39.398-0400: 78.951: [Full GC (Ergonomics) [PSYoungGen: 133863K->0K(175104K)] [ParOldGen: 489866K->456380K(524288K)] 623730K->456380K(699392K), [Metaspace: 43889K->43889K(1087488K)], 0.0663654 secs] [Times: user=0.57 sys=0.02, real=0.07 secs] 
2016-09-24T03:06:39.521-0400: 79.073: [GC (GCLocker Initiated GC) [PSYoungGen: 88064K->55754K(175104K)] 548517K->516208K(699392K), 0.0146221 secs] [Times: user=0.18 sys=0.00, real=0.02 secs] 
2016-09-24T03:06:39.593-0400: 79.146: [GC (GCLocker Initiated GC) [PSYoungGen: 143818K->71615K(175104K)] 607001K->540194K(699392K), 0.0068870 secs] [Times: user=0.08 sys=0.00, real=0.01 secs] 
2016-09-24T03:06:39.659-0400: 79.212: [GC (Allocation Failure) [PSYoungGen: 159679K->51508K(175104K)] 639102K->554800K(699392K), 0.0075094 secs] [Times: user=0.10 sys=0.00, real=0.01 secs] 
2016-09-24T03:06:39.667-0400: 79.219: [Full GC (Ergonomics) [PSYoungGen: 51508K->0K(175104K)] [ParOldGen: 503292K->454601K(524288K)] 554800K->454601K(699392K), [Metaspace: 43889K->43889K(1087488K)], 0.0612051 secs] [Times: user=0.67 sys=0.01, real=0.06 secs] 
2016-09-24T03:06:39.776-0400: 79.328: [GC (GCLocker Initiated GC) [PSYoungGen: 88064K->67973K(175104K)] 542673K->522582K(699392K), 0.0062716 secs] [Times: user=0.09 sys=0.00, real=0.01 secs] 
2016-09-24T03:06:39.823-0400: 79.376: [GC (GCLocker Initiated GC) [PSYoungGen: 156037K->71575K(175104K)] 610706K->530263K(699392K), 0.0079203 secs] [Times: user=0.08 sys=0.00, real=0.00 secs] 
2016-09-24T03:06:39.876-0400: 79.429: [GC (GCLocker Initiated GC) [PSYoungGen: 159639K->71759K(175104K)] 621105K->534120K(699392K), 0.0067561 secs] [Times: user=0.09 sys=0.00, real=0.01 secs] 
2016-09-24T03:06:39.933-0400: 79.486: [GC (GCLocker Initiated GC) [PSYoungGen: 159823K->66296K(175104K)] 627617K->535145K(699392K), 0.0080356 secs] [Times: user=0.11 sys=0.00, real=0.01 secs] 
2016-09-24T03:06:39.990-0400: 79.543: [GC (GCLocker Initiated GC) [PSYoungGen: 154360K->75715K(175104K)] 628723K->551062K(699392K), 0.0093256 secs] [Times: user=0.14 sys=0.00, real=0.01 secs] 
2016-09-24T03:06:40.051-0400: 79.604: [GC (GCLocker Initiated GC) [PSYoungGen: 163779K->69030K(175104K)] 643181K->557580K(699392K), 0.0074304 secs] [Times: user=0.11 sys=0.00, real=0.01 secs] 
2016-09-24T03:06:40.110-0400: 79.663: [Full GC (Ergonomics) [PSYoungGen: 157094K->0K(175104K)] [ParOldGen: 496733K->466439K(524288K)] 653828K->466439K(699392K), [Metaspace: 43890K->43890K(1087488K)], 0.0587770 secs] [Times: user=0.48 sys=0.01, real=0.06 secs] 
2016-09-24T03:06:40.226-0400: 79.779: [GC (GCLocker Initiated GC) [PSYoungGen: 88064K->85712K(175104K)] 559946K->562995K(699392K), 0.0075840 secs] [Times: user=0.11 sys=0.00, real=0.00 secs] 
2016-09-24T03:06:40.282-0400: 79.834: [GC (GCLocker Initiated GC) [PSYoungGen: 173776K->62121K(175104K)] 657096K->565849K(699392K), 0.0084479 secs] [Times: user=0.08 sys=0.00, real=0.01 secs] 
2016-09-24T03:06:40.290-0400: 79.843: [Full GC (Ergonomics) [PSYoungGen: 62121K->0K(175104K)] [ParOldGen: 503727K->466938K(524288K)] 565849K->466938K(699392K), [Metaspace: 43890K->43890K(1087488K)], 0.0506642 secs] [Times: user=0.47 sys=0.00, real=0.05 secs] 
2016-09-24T03:06:40.399-0400: 79.951: [GC (GCLocker Initiated GC) [PSYoungGen: 88064K->85311K(175104K)] 555151K->552398K(699392K), 0.0068898 secs] [Times: user=0.09 sys=0.00, real=0.01 secs] 
2016-09-24T03:06:40.454-0400: 80.007: [GC (GCLocker Initiated GC) [PSYoungGen: 173375K->74551K(175104K)] 643353K->561852K(699392K), 0.0076468 secs] [Times: user=0.10 sys=0.01, real=0.01 secs] 
2016-09-24T03:06:40.513-0400: 80.065: [GC (GCLocker Initiated GC) [PSYoungGen: 162615K->74430K(175104K)] 650000K->576325K(699392K), 0.0080225 secs] [Times: user=0.10 sys=0.01, real=0.01 secs] 
2016-09-24T03:06:40.521-0400: 80.074: [Full GC (Ergonomics) [PSYoungGen: 74430K->0K(175104K)] [ParOldGen: 501894K->470642K(524288K)] 576325K->470642K(699392K), [Metaspace: 43890K->43890K(1087488K)], 0.0656816 secs] [Times: user=0.54 sys=0.01, real=0.07 secs] 
2016-09-24T03:06:40.638-0400: 80.190: [GC (GCLocker Initiated GC) [PSYoungGen: 88064K->70515K(175104K)] 558897K->541349K(699392K), 0.0085385 secs] [Times: user=0.11 sys=0.02, real=0.01 secs] 
2016-09-24T03:06:40.699-0400: 80.252: [GC (GCLocker Initiated GC) [PSYoungGen: 158579K->63817K(175104K)] 637591K->557538K(699392K), 0.0122185 secs] [Times: user=0.16 sys=0.00, real=0.01 secs] 
2016-09-24T03:06:40.712-0400: 80.264: [Full GC (Ergonomics) [PSYoungGen: 63817K->0K(175104K)] [ParOldGen: 493721K->472314K(524288K)] 557538K->472314K(699392K), [Metaspace: 43890K->43890K(1087488K)], 0.0653367 secs] [Times: user=0.70 sys=0.02, real=0.07 secs] 
2016-09-24T03:06:40.828-0400: 80.381: [GC (GCLocker Initiated GC) [PSYoungGen: 88064K->69505K(175104K)] 566879K->548321K(699392K), 0.0073253 secs] [Times: user=0.09 sys=0.00, real=0.01 secs] 
2016-09-24T03:06:40.889-0400: 80.441: [GC (GCLocker Initiated GC) [PSYoungGen: 157569K->64888K(175104K)] 639145K->562824K(699392K), 0.0068270 secs] [Times: user=0.10 sys=0.00, real=0.01 secs] 
2016-09-24T03:06:40.896-0400: 80.448: [Full GC (Ergonomics) [PSYoungGen: 64888K->0K(175104K)] [ParOldGen: 497935K->443140K(524288K)] 562824K->443140K(699392K), [Metaspace: 43890K->43890K(1087488K)], 0.0638427 secs] [Times: user=0.70 sys=0.01, real=0.06 secs] 
2016-09-24T03:06:41.014-0400: 80.567: [GC (GCLocker Initiated GC) [PSYoungGen: 88064K->52180K(175104K)] 540732K->504848K(699392K), 0.0062370 secs] [Times: user=0.07 sys=0.00, real=0.00 secs] 
2016-09-24T03:06:41.070-0400: 80.623: [GC (GCLocker Initiated GC) [PSYoungGen: 140244K->62310K(175104K)] 598397K->554661K(699392K), 0.0076371 secs] [Times: user=0.10 sys=0.01, real=0.01 secs] 
2016-09-24T03:06:41.078-0400: 80.631: [Full GC (Ergonomics) [PSYoungGen: 62310K->0K(175104K)] [ParOldGen: 492350K->447828K(524288K)] 554661K->447828K(699392K), [Metaspace: 43890K->43890K(1087488K)], 0.0618553 secs] [Times: user=0.69 sys=0.00, real=0.06 secs] 
2016-09-24T03:06:41.188-0400: 80.740: [GC (GCLocker Initiated GC) [PSYoungGen: 88064K->69389K(175104K)] 536127K->517453K(699392K), 0.0070078 secs] [Times: user=0.10 sys=0.00, real=0.01 secs] 
2016-09-24T03:06:41.242-0400: 80.795: [GC (GCLocker Initiated GC) [PSYoungGen: 157453K->50028K(175104K)] 611021K->503595K(699392K), 0.0230043 secs] [Times: user=0.33 sys=0.00, real=0.02 secs] 
2016-09-24T03:06:41.316-0400: 80.868: [GC (GCLocker Initiated GC) [PSYoungGen: 138092K->43158K(175104K)] 591700K->520661K(699392K), 0.0072863 secs] [Times: user=0.08 sys=0.00, real=0.01 secs] 
2016-09-24T03:06:41.379-0400: 80.931: [GC (GCLocker Initiated GC) [PSYoungGen: 131222K->59423K(175104K)] 608780K->555471K(699392K), 0.0081021 secs] [Times: user=0.08 sys=0.00, real=0.01 secs] 
2016-09-24T03:06:41.387-0400: 80.939: [Full GC (Ergonomics) [PSYoungGen: 59423K->0K(175104K)] [ParOldGen: 496048K->442998K(524288K)] 555471K->442998K(699392K), [Metaspace: 43890K->43890K(1087488K)], 0.0574113 secs] [Times: user=0.55 sys=0.00, real=0.06 secs] 
2016-09-24T03:06:41.499-0400: 81.051: [GC (GCLocker Initiated GC) [PSYoungGen: 88064K->64358K(152576K)] 540661K->516956K(676864K), 0.0071140 secs] [Times: user=0.09 sys=0.00, real=0.01 secs] 
2016-09-24T03:06:41.557-0400: 81.109: [GC (GCLocker Initiated GC) [PSYoungGen: 152422K->65223K(175616K)] 608214K->521015K(699904K), 0.0058404 secs] [Times: user=0.09 sys=0.00, real=0.01 secs] 
2016-09-24T03:06:41.606-0400: 81.158: [GC (GCLocker Initiated GC) [PSYoungGen: 154823K->79588K(174080K)] 610681K->535446K(698368K), 0.0079122 secs] [Times: user=0.12 sys=0.01, real=0.00 secs] 
2016-09-24T03:06:41.671-0400: 81.223: [GC (GCLocker Initiated GC) [PSYoungGen: 169188K->56268K(175104K)] 626424K->521483K(699392K), 0.0162351 secs] [Times: user=0.23 sys=0.00, real=0.02 secs] 
2016-09-24T03:06:41.744-0400: 81.297: [GC (GCLocker Initiated GC) [PSYoungGen: 144332K->51257K(175104K)] 617685K->526414K(699392K), 0.0070164 secs] [Times: user=0.06 sys=0.00, real=0.00 secs] 
2016-09-24T03:06:41.810-0400: 81.363: [GC (GCLocker Initiated GC) [PSYoungGen: 139321K->45738K(175104K)] 617389K->527489K(699392K), 0.0069655 secs] [Times: user=0.07 sys=0.00, real=0.01 secs] 
2016-09-24T03:06:41.863-0400: 81.416: [GC (GCLocker Initiated GC) [PSYoungGen: 133802K->79927K(175104K)] 618365K->576126K(699392K), 0.0092987 secs] [Times: user=0.11 sys=0.00, real=0.00 secs] 
2016-09-24T03:06:41.873-0400: 81.425: [Full GC (Ergonomics) [PSYoungGen: 79927K->0K(175104K)] [ParOldGen: 496198K->454313K(524288K)] 576126K->454313K(699392K), [Metaspace: 43890K->43890K(1087488K)], 0.1141260 secs] [Times: user=1.57 sys=0.01, real=0.12 secs] 
2016-09-24T03:06:42.048-0400: 81.600: [GC (GCLocker Initiated GC) [PSYoungGen: 88064K->53247K(175104K)] 546438K->511621K(699392K), 0.0070008 secs] [Times: user=0.06 sys=0.00, real=0.01 secs] 
2016-09-24T03:06:42.114-0400: 81.667: [GC (GCLocker Initiated GC) [PSYoungGen: 141311K->36443K(175104K)] 605216K->519469K(699392K), 0.0071129 secs] [Times: user=0.06 sys=0.00, real=0.00 secs] 
2016-09-24T03:06:42.187-0400: 81.739: [GC (GCLocker Initiated GC) [PSYoungGen: 124507K->60684K(175104K)] 607576K->546065K(699392K), 0.0055431 secs] [Times: user=0.06 sys=0.00, real=0.00 secs] 
2016-09-24T03:06:42.257-0400: 81.809: [Full GC (Ergonomics) [PSYoungGen: 148748K->0K(175104K)] [ParOldGen: 496315K->449730K(524288K)] 645063K->449730K(699392K), [Metaspace: 43890K->43890K(1087488K)], 0.0505451 secs] [Times: user=0.38 sys=0.00, real=0.05 secs] 
2016-09-24T03:06:42.370-0400: 81.922: [GC (GCLocker Initiated GC) [PSYoungGen: 88064K->56989K(175104K)] 537886K->506812K(699392K), 0.0084245 secs] [Times: user=0.09 sys=0.00, real=0.01 secs] 
2016-09-24T03:06:42.422-0400: 81.974: [GC (GCLocker Initiated GC) [PSYoungGen: 145053K->64421K(173056K)] 594906K->514273K(697344K), 0.0102686 secs] [Times: user=0.11 sys=0.00, real=0.01 secs] 
2016-09-24T03:06:42.492-0400: 82.044: [GC (GCLocker Initiated GC) [PSYoungGen: 152485K->72221K(174080K)] 605100K->524836K(698368K), 0.0084729 secs] [Times: user=0.10 sys=0.00, real=0.01 secs] 
2016-09-24T03:06:42.553-0400: 82.105: [GC (GCLocker Initiated GC) [PSYoungGen: 160285K->84524K(175104K)] 612961K->552652K(699392K), 0.0075106 secs] [Times: user=0.11 sys=0.00, real=0.01 secs] 
2016-09-24T03:06:42.614-0400: 82.166: [GC (GCLocker Initiated GC) --[PSYoungGen: 172588K->172588K(175104K)] 647531K->696515K(699392K), 0.0135606 secs] [Times: user=0.16 sys=0.00, real=0.02 secs] 
2016-09-24T03:06:42.627-0400: 82.180: [Full GC (Ergonomics) [PSYoungGen: 172588K->0K(175104K)] [ParOldGen: 523927K->453419K(524288K)] 696515K->453419K(699392K), [Metaspace: 43890K->43890K(1087488K)], 0.0651956 secs] [Times: user=0.71 sys=0.01, real=0.06 secs] 
2016-09-24T03:06:42.758-0400: 82.311: [GC (GCLocker Initiated GC) [PSYoungGen: 88064K->62865K(175104K)] 541503K->516304K(699392K), 0.0060631 secs] [Times: user=0.09 sys=0.00, real=0.01 secs] 
2016-09-24T03:06:42.814-0400: 82.367: [GC (GCLocker Initiated GC) [PSYoungGen: 150929K->53989K(175104K)] 604428K->521264K(699392K), 0.0105751 secs] [Times: user=0.16 sys=0.00, real=0.01 secs] 
2016-09-24T03:06:42.873-0400: 82.425: [GC (GCLocker Initiated GC) [PSYoungGen: 142053K->71611K(175104K)] 612066K->543920K(699392K), 0.0080176 secs] [Times: user=0.11 sys=0.00, real=0.01 secs] 
2016-09-24T03:06:42.940-0400: 82.493: [GC (GCLocker Initiated GC) [PSYoungGen: 159675K->60895K(175104K)] 642846K->547625K(699392K), 0.0065576 secs] [Times: user=0.07 sys=0.00, real=0.01 secs] 
2016-09-24T03:06:42.999-0400: 82.551: [GC (GCLocker Initiated GC) [PSYoungGen: 148959K->53900K(175104K)] 637046K->559250K(699392K), 0.0098619 secs] [Times: user=0.13 sys=0.00, real=0.01 secs] 
2016-09-24T03:06:43.009-0400: 82.561: [Full GC (Ergonomics) [PSYoungGen: 53900K->0K(175104K)] [ParOldGen: 505349K->463140K(524288K)] 559250K->463140K(699392K), [Metaspace: 43890K->43890K(1087488K)], 0.0541412 secs] [Times: user=0.47 sys=0.00, real=0.06 secs] 
2016-09-24T03:06:43.111-0400: 82.664: [GC (GCLocker Initiated GC) [PSYoungGen: 88064K->68910K(175104K)] 552584K->533431K(699392K), 0.0065374 secs] [Times: user=0.09 sys=0.01, real=0.01 secs] 
2016-09-24T03:06:43.165-0400: 82.718: [GC (GCLocker Initiated GC) [PSYoungGen: 156974K->66049K(154624K)] 621568K->532980K(678912K), 0.0077008 secs] [Times: user=0.10 sys=0.00, real=0.00 secs] 
2016-09-24T03:06:43.217-0400: 82.769: [GC (GCLocker Initiated GC) [PSYoungGen: 154113K->81627K(173056K)] 623888K->551401K(697344K), 0.0071190 secs] [Times: user=0.11 sys=0.00, real=0.01 secs] 
2016-09-24T03:06:43.282-0400: 82.834: [GC (GCLocker Initiated GC) --[PSYoungGen: 168667K->168667K(173056K)] 638489K->691258K(697344K), 0.0113727 secs] [Times: user=0.11 sys=0.00, real=0.01 secs] 
2016-09-24T03:06:43.294-0400: 82.846: [Full GC (Ergonomics) [PSYoungGen: 168667K->0K(173056K)] [ParOldGen: 522590K->460194K(524288K)] 691258K->460194K(697344K), [Metaspace: 43897K->43897K(1087488K)], 0.0597587 secs] [Times: user=0.59 sys=0.00, real=0.06 secs] 
2016-09-24T03:06:43.408-0400: 82.960: [GC (GCLocker Initiated GC) [PSYoungGen: 87040K->71983K(174080K)] 552712K->537655K(698368K), 0.0067199 secs] [Times: user=0.09 sys=0.00, real=0.01 secs] 
2016-09-24T03:06:43.474-0400: 83.027: [GC (GCLocker Initiated GC) [PSYoungGen: 159023K->64631K(175104K)] 627452K->538445K(699392K), 0.0072174 secs] [Times: user=0.06 sys=0.00, real=0.01 secs] 
2016-09-24T03:06:43.534-0400: 83.086: [GC (GCLocker Initiated GC) [PSYoungGen: 152695K->49932K(175104K)] 631960K->542092K(699392K), 0.0182870 secs] [Times: user=0.29 sys=0.00, real=0.02 secs] 
2016-09-24T03:06:43.603-0400: 83.155: [GC (GCLocker Initiated GC) [PSYoungGen: 137996K->67173K(175104K)] 630290K->566999K(699392K), 0.0125257 secs] [Times: user=0.16 sys=0.00, real=0.01 secs] 
2016-09-24T03:06:43.677-0400: 83.229: [Full GC (Ergonomics) [PSYoungGen: 155237K->0K(175104K)] [ParOldGen: 512160K->468740K(524288K)] 667397K->468740K(699392K), [Metaspace: 43897K->43897K(1087488K)], 0.0541550 secs] [Times: user=0.53 sys=0.01, real=0.05 secs] 
2016-09-24T03:06:43.779-0400: 83.331: [GC (GCLocker Initiated GC) [PSYoungGen: 88064K->70358K(175104K)] 559626K->541920K(699392K), 0.0070889 secs] [Times: user=0.09 sys=0.00, real=0.01 secs] 
2016-09-24T03:06:43.833-0400: 83.386: [GC (GCLocker Initiated GC) [PSYoungGen: 158422K->62059K(173056K)] 635558K->559068K(697344K), 0.0089415 secs] [Times: user=0.14 sys=0.00, real=0.01 secs] 
2016-09-24T03:06:43.889-0400: 83.442: [Full GC (Ergonomics) [PSYoungGen: 150123K->0K(173056K)] [ParOldGen: 507951K->478677K(524288K)] 658075K->478677K(697344K), [Metaspace: 43897K->43897K(1087488K)], 0.0657908 secs] [Times: user=0.61 sys=0.00, real=0.07 secs] 
2016-09-24T03:06:44.007-0400: 83.560: [GC (GCLocker Initiated GC) [PSYoungGen: 88064K->73056K(174080K)] 566820K->551812K(698368K), 0.0088264 secs] [Times: user=0.10 sys=0.00, real=0.01 secs] 
2016-09-24T03:06:44.060-0400: 83.613: [GC (GCLocker Initiated GC) [PSYoungGen: 161120K->73662K(175104K)] 640088K->552630K(699392K), 0.0076565 secs] [Times: user=0.09 sys=0.00, real=0.01 secs] 
2016-09-24T03:06:44.117-0400: 83.670: [GC (GCLocker Initiated GC) [PSYoungGen: 161726K->66467K(154624K)] 640777K->553206K(678912K), 0.0085049 secs] [Times: user=0.09 sys=0.01, real=0.01 secs] 
2016-09-24T03:06:44.171-0400: 83.723: [GC (GCLocker Initiated GC) [PSYoungGen: 154531K->75425K(172032K)] 641397K->562291K(696320K), 0.0072104 secs] [Times: user=0.07 sys=0.00, real=0.01 secs] 
2016-09-24T03:06:44.223-0400: 83.776: [GC (GCLocker Initiated GC) [PSYoungGen: 161953K->86840K(173568K)] 657023K->581910K(697856K), 0.0089610 secs] [Times: user=0.13 sys=0.01, real=0.00 secs] 
2016-09-24T03:06:44.281-0400: 83.833: [GC (GCLocker Initiated GC) [PSYoungGen: 173368K->76874K(175104K)] 673903K->581383K(699392K), 0.0071490 secs] [Times: user=0.09 sys=0.00, real=0.01 secs] 
2016-09-24T03:06:44.344-0400: 83.897: [Full GC (Ergonomics) [PSYoungGen: 164938K->0K(175104K)] [ParOldGen: 512758K->480456K(524288K)] 677697K->480456K(699392K), [Metaspace: 43897K->43897K(1087488K)], 0.0627091 secs] [Times: user=0.67 sys=0.00, real=0.06 secs] 
2016-09-24T03:06:44.454-0400: 84.007: [GC (GCLocker Initiated GC) [PSYoungGen: 88064K->73275K(175104K)] 575504K->560715K(699392K), 0.0073298 secs] [Times: user=0.11 sys=0.00, real=0.00 secs] 
2016-09-24T03:06:44.506-0400: 84.058: [GC (GCLocker Initiated GC) [PSYoungGen: 161339K->72796K(175104K)] 651695K->576514K(699392K), 0.0074277 secs] [Times: user=0.11 sys=0.00, real=0.00 secs] 
2016-09-24T03:06:44.513-0400: 84.066: [Full GC (Ergonomics) [PSYoungGen: 72796K->0K(175104K)] [ParOldGen: 503718K->476367K(524288K)] 576514K->476367K(699392K), [Metaspace: 43897K->43897K(1087488K)], 0.0597071 secs] [Times: user=0.62 sys=0.00, real=0.06 secs] 
2016-09-24T03:06:44.617-0400: 84.169: [GC (GCLocker Initiated GC) [PSYoungGen: 88064K->79738K(175104K)] 569901K->561576K(699392K), 0.0078957 secs] [Times: user=0.13 sys=0.00, real=0.01 secs] 
2016-09-24T03:06:44.670-0400: 84.222: [GC (GCLocker Initiated GC) [PSYoungGen: 167802K->65857K(175104K)] 655153K->562250K(699392K), 0.0070817 secs] [Times: user=0.08 sys=0.00, real=0.01 secs] 
2016-09-24T03:06:44.724-0400: 84.276: [GC (GCLocker Initiated GC) [PSYoungGen: 153921K->52452K(175104K)] 653114K->564404K(699392K), 0.0066186 secs] [Times: user=0.06 sys=0.00, real=0.00 secs] 
2016-09-24T03:06:44.731-0400: 84.283: [Full GC (Ergonomics) [PSYoungGen: 52452K->0K(175104K)] [ParOldGen: 511952K->475391K(524288K)] 564404K->475391K(699392K), [Metaspace: 43897K->43897K(1087488K)], 0.0600966 secs] [Times: user=0.61 sys=0.00, real=0.06 secs] 
2016-09-24T03:06:44.835-0400: 84.388: [GC (GCLocker Initiated GC) [PSYoungGen: 88064K->75838K(175104K)] 568956K->556730K(699392K), 0.0073006 secs] [Times: user=0.11 sys=0.00, real=0.01 secs] 
2016-09-24T03:06:44.891-0400: 84.443: [GC (GCLocker Initiated GC) [PSYoungGen: 163902K->75421K(175104K)] 645224K->560527K(699392K), 0.0079129 secs] [Times: user=0.12 sys=0.01, real=0.01 secs] 
2016-09-24T03:06:44.945-0400: 84.497: [GC (GCLocker Initiated GC) [PSYoungGen: 163485K->65973K(175104K)] 652737K->566699K(699392K), 0.0076144 secs] [Times: user=0.10 sys=0.00, real=0.00 secs] 
2016-09-24T03:06:44.999-0400: 84.551: [Full GC (Ergonomics) [PSYoungGen: 154037K->0K(175104K)] [ParOldGen: 506312K->480315K(524288K)] 660349K->480315K(699392K), [Metaspace: 43897K->43897K(1087488K)], 0.0586755 secs] [Times: user=0.54 sys=0.03, real=0.06 secs] 
2016-09-24T03:06:45.104-0400: 84.656: [GC (GCLocker Initiated GC) [PSYoungGen: 88064K->67461K(175104K)] 571230K->550627K(699392K), 0.0098973 secs] [Times: user=0.12 sys=0.00, real=0.00 secs] 
2016-09-24T03:06:45.159-0400: 84.712: [GC (GCLocker Initiated GC) [PSYoungGen: 155525K->56471K(175104K)] 641522K->546063K(699392K), 0.0080086 secs] [Times: user=0.10 sys=0.00, real=0.01 secs] 
2016-09-24T03:06:45.218-0400: 84.771: [GC (GCLocker Initiated GC) [PSYoungGen: 144535K->71448K(175104K)] 634446K->568702K(699392K), 0.0076000 secs] [Times: user=0.10 sys=0.01, real=0.01 secs] 
2016-09-24T03:06:45.276-0400: 84.829: [GC (GCLocker Initiated GC) [PSYoungGen: 159512K->56346K(175104K)] 658284K->555829K(699392K), 0.0070233 secs] [Times: user=0.06 sys=0.00, real=0.01 secs] 
2016-09-24T03:06:45.331-0400: 84.883: [GC (GCLocker Initiated GC) --[PSYoungGen: 144410K->144410K(175104K)] 650668K->667551K(699392K), 0.0106001 secs] [Times: user=0.09 sys=0.01, real=0.01 secs] 
2016-09-24T03:06:45.342-0400: 84.894: [Full GC (Ergonomics) [PSYoungGen: 144410K->0K(175104K)] [ParOldGen: 523141K->480467K(524288K)] 667551K->480467K(699392K), [Metaspace: 43897K->43897K(1087488K)], 0.0655898 secs] [Times: user=0.60 sys=0.00, real=0.07 secs] 
2016-09-24T03:06:45.458-0400: 85.010: [GC (GCLocker Initiated GC) [PSYoungGen: 88064K->59452K(175104K)] 572850K->544239K(699392K), 0.0066541 secs] [Times: user=0.09 sys=0.00, real=0.01 secs] 
2016-09-24T03:06:45.507-0400: 85.059: [GC (GCLocker Initiated GC) [PSYoungGen: 147516K->68498K(174080K)] 637829K->561099K(698368K), 0.0092286 secs] [Times: user=0.14 sys=0.00, real=0.01 secs] 
2016-09-24T03:06:45.562-0400: 85.115: [GC (GCLocker Initiated GC) [PSYoungGen: 156562K->77331K(174592K)] 653304K->574073K(698880K), 0.0071968 secs] [Times: user=0.09 sys=0.01, real=0.01 secs] 
2016-09-24T03:06:45.612-0400: 85.164: [GC (GCLocker Initiated GC) [PSYoungGen: 165395K->64600K(175104K)] 662371K->583004K(699392K), 0.0069982 secs] [Times: user=0.10 sys=0.01, real=0.01 secs] 
2016-09-24T03:06:45.619-0400: 85.172: [Full GC (Ergonomics) [PSYoungGen: 64600K->0K(175104K)] [ParOldGen: 518404K->483991K(524288K)] 583004K->483991K(699392K), [Metaspace: 43897K->43897K(1087488K)], 0.0660197 secs] [Times: user=0.75 sys=0.00, real=0.07 secs] 
2016-09-24T03:06:45.735-0400: 85.287: [GC (GCLocker Initiated GC) [PSYoungGen: 88064K->70288K(158720K)] 578976K->561201K(683008K), 0.0069695 secs] [Times: user=0.10 sys=0.01, real=0.00 secs] 
2016-09-24T03:06:45.787-0400: 85.339: [GC (GCLocker Initiated GC) [PSYoungGen: 158352K->84367K(173056K)] 652083K->578098K(697344K), 0.0073672 secs] [Times: user=0.10 sys=0.01, real=0.01 secs] 
2016-09-24T03:06:45.839-0400: 85.391: [GC (GCLocker Initiated GC) [PSYoungGen: 171407K->48847K(174080K)] 668013K->561164K(698368K), 0.0091754 secs] [Times: user=0.08 sys=0.00, real=0.01 secs] 
2016-09-24T03:06:45.848-0400: 85.400: [Full GC (Ergonomics) [PSYoungGen: 48847K->0K(174080K)] [ParOldGen: 512317K->486906K(524288K)] 561164K->486906K(698368K), [Metaspace: 43897K->43897K(1087488K)], 0.0525676 secs] [Times: user=0.48 sys=0.01, real=0.05 secs] 
2016-09-24T03:06:45.945-0400: 85.497: [GC (GCLocker Initiated GC) [PSYoungGen: 87040K->67522K(175104K)] 582095K->562578K(699392K), 0.0063329 secs] [Times: user=0.08 sys=0.00, real=0.00 secs] 
2016-09-24T03:06:45.996-0400: 85.548: [GC (GCLocker Initiated GC) [PSYoungGen: 155586K->70095K(175104K)] 656264K->574341K(699392K), 0.0073598 secs] [Times: user=0.10 sys=0.00, real=0.01 secs] 
2016-09-24T03:06:46.003-0400: 85.556: [Full GC (Ergonomics) [PSYoungGen: 70095K->0K(175104K)] [ParOldGen: 504246K->490692K(524288K)] 574341K->490692K(699392K), [Metaspace: 43897K->43897K(1087488K)], 0.0718348 secs] [Times: user=0.84 sys=0.01, real=0.07 secs] 
2016-09-24T03:06:46.124-0400: 85.677: [GC (GCLocker Initiated GC) [PSYoungGen: 88064K->64981K(174080K)] 584218K->561136K(698368K), 0.0082488 secs] [Times: user=0.13 sys=0.00, real=0.00 secs] 
2016-09-24T03:06:46.180-0400: 85.733: [GC (GCLocker Initiated GC) [PSYoungGen: 153045K->69633K(174592K)] 657320K->573908K(698880K), 0.0070993 secs] [Times: user=0.10 sys=0.00, real=0.01 secs] 
2016-09-24T03:06:46.239-0400: 85.791: [Full GC (Ergonomics) [PSYoungGen: 157697K->0K(174592K)] [ParOldGen: 508362K->492376K(524288K)] 666060K->492376K(698880K), [Metaspace: 43897K->43897K(1087488K)], 0.0647413 secs] [Times: user=0.74 sys=0.02, real=0.07 secs] 
2016-09-24T03:06:46.359-0400: 85.912: [GC (GCLocker Initiated GC) [PSYoungGen: 88064K->68748K(174080K)] 585992K->566677K(698368K), 0.0068901 secs] [Times: user=0.07 sys=0.01, real=0.01 secs] 
2016-09-24T03:06:46.424-0400: 85.976: [GC (GCLocker Initiated GC) [PSYoungGen: 158860K->72115K(174592K)] 663545K->576799K(698880K), 0.0070055 secs] [Times: user=0.09 sys=0.00, real=0.00 secs] 
2016-09-24T03:06:46.484-0400: 86.036: [Full GC (Ergonomics) [PSYoungGen: 162227K->0K(174592K)] [ParOldGen: 508881K->473700K(524288K)] 671108K->473700K(698880K), [Metaspace: 43897K->43897K(1087488K)], 0.0844367 secs] [Times: user=1.01 sys=0.00, real=0.08 secs] 
2016-09-24T03:06:46.616-0400: 86.169: [GC (GCLocker Initiated GC) [PSYoungGen: 90112K->63632K(175616K)] 563829K->537349K(699904K), 0.0070347 secs] [Times: user=0.10 sys=0.00, real=0.01 secs] 
2016-09-24T03:06:46.677-0400: 86.229: [GC (GCLocker Initiated GC) [PSYoungGen: 156816K->53401K(176640K)] 634653K->531238K(700928K), 0.0064898 secs] [Times: user=0.08 sys=0.00, real=0.01 secs] 
2016-09-24T03:06:46.732-0400: 86.284: [GC (GCLocker Initiated GC) [PSYoungGen: 146585K->62138K(177664K)] 629876K->545430K(701952K), 0.0063571 secs] [Times: user=0.07 sys=0.02, real=0.01 secs] 
2016-09-24T03:06:46.788-0400: 86.341: [GC (GCLocker Initiated GC) [PSYoungGen: 156346K->61448K(177664K)] 645190K->550292K(701952K), 0.0194050 secs] [Times: user=0.21 sys=0.01, real=0.02 secs] 
2016-09-24T03:06:46.861-0400: 86.414: [GC (GCLocker Initiated GC) [PSYoungGen: 155656K->53971K(177664K)] 656847K->555170K(701952K), 0.0262492 secs] [Times: user=0.31 sys=0.00, real=0.03 secs] 
2016-09-24T03:06:46.943-0400: 86.496: [GC (GCLocker Initiated GC) [PSYoungGen: 149203K->68074K(177664K)] 654642K->573513K(701952K), 0.0091316 secs] [Times: user=0.11 sys=0.00, real=0.00 secs] 
2016-09-24T03:06:47.016-0400: 86.568: [GC (Allocation Failure) [PSYoungGen: 163306K->80795K(171520K)] 668810K->594400K(695808K), 0.0078024 secs] [Times: user=0.10 sys=0.00, real=0.01 secs] 
2016-09-24T03:06:47.024-0400: 86.576: [Full GC (Ergonomics) [PSYoungGen: 80795K->0K(171520K)] [ParOldGen: 513604K->483511K(524288K)] 594400K->483511K(695808K), [Metaspace: 43905K->43905K(1087488K)], 0.0572901 secs] [Times: user=0.44 sys=0.00, real=0.05 secs] 
2016-09-24T03:06:47.125-0400: 86.677: [GC (GCLocker Initiated GC) [PSYoungGen: 88336K->69028K(175616K)] 574548K->555239K(699904K), 0.0072232 secs] [Times: user=0.10 sys=0.00, real=0.00 secs] 
2016-09-24T03:06:47.181-0400: 86.734: [GC (GCLocker Initiated GC) [PSYoungGen: 158116K->70897K(173568K)] 644515K->557296K(697856K), 0.0096744 secs] [Times: user=0.12 sys=0.00, real=0.01 secs] 
2016-09-24T03:06:47.240-0400: 86.792: [GC (GCLocker Initiated GC) [PSYoungGen: 161009K->71559K(175104K)] 652910K->563461K(699392K), 0.0073853 secs] [Times: user=0.11 sys=0.00, real=0.01 secs] 
2016-09-24T03:06:47.288-0400: 86.841: [GC (GCLocker Initiated GC) [PSYoungGen: 161671K->78665K(173056K)] 653620K->570614K(697344K), 0.0070246 secs] [Times: user=0.10 sys=0.00, real=0.01 secs] 
2016-09-24T03:06:47.344-0400: 86.896: [GC (GCLocker Initiated GC) [PSYoungGen: 166729K->84515K(175104K)] 658686K->581872K(699392K), 0.0107862 secs] [Times: user=0.17 sys=0.01, real=0.01 secs] 
2016-09-24T03:06:47.397-0400: 86.949: [GC (GCLocker Initiated GC) [PSYoungGen: 172579K->83737K(175104K)] 669948K->581106K(699392K), 0.0108708 secs] [Times: user=0.17 sys=0.00, real=0.01 secs] 
2016-09-24T03:06:47.450-0400: 87.002: [GC (GCLocker Initiated GC) [PSYoungGen: 171801K->77590K(175104K)] 671957K->577747K(699392K), 0.0106444 secs] [Times: user=0.12 sys=0.01, real=0.01 secs] 
2016-09-24T03:06:47.501-0400: 87.053: [GC (GCLocker Initiated GC) [PSYoungGen: 165654K->84783K(175104K)] 668545K->598475K(699392K), 0.0077011 secs] [Times: user=0.12 sys=0.00, real=0.01 secs] 
2016-09-24T03:06:47.509-0400: 87.061: [Full GC (Ergonomics) [PSYoungGen: 84783K->0K(175104K)] [ParOldGen: 513691K->487860K(524288K)] 598475K->487860K(699392K), [Metaspace: 43912K->43912K(1087488K)], 0.0656568 secs] [Times: user=0.71 sys=0.00, real=0.07 secs] 
2016-09-24T03:06:47.630-0400: 87.182: [GC (GCLocker Initiated GC) [PSYoungGen: 88064K->63466K(175104K)] 586833K->562236K(699392K), 0.0067627 secs] [Times: user=0.07 sys=0.00, real=0.01 secs] 
2016-09-24T03:06:47.687-0400: 87.240: [GC (GCLocker Initiated GC) [PSYoungGen: 151530K->43737K(175104K)] 658538K->550745K(699392K), 0.0158796 secs] [Times: user=0.16 sys=0.00, real=0.02 secs] 
2016-09-24T03:06:47.750-0400: 87.303: [GC (GCLocker Initiated GC) [PSYoungGen: 131801K->73977K(175104K)] 640215K->582391K(699392K), 0.0133483 secs] [Times: user=0.20 sys=0.00, real=0.02 secs] 
2016-09-24T03:06:47.807-0400: 87.359: [GC (GCLocker Initiated GC) [PSYoungGen: 162041K->77245K(175104K)] 670517K->585721K(699392K), 0.0072614 secs] [Times: user=0.10 sys=0.00, real=0.00 secs] 
2016-09-24T03:06:47.861-0400: 87.413: [Full GC (Ergonomics) [PSYoungGen: 165309K->0K(175104K)] [ParOldGen: 516605K->495961K(524288K)] 681915K->495961K(699392K), [Metaspace: 43912K->43912K(1087488K)], 0.0648488 secs] [Times: user=0.67 sys=0.01, real=0.07 secs] 
2016-09-24T03:06:47.978-0400: 87.530: [GC (GCLocker Initiated GC) [PSYoungGen: 88064K->68874K(175104K)] 584031K->564841K(699392K), 0.0077386 secs] [Times: user=0.11 sys=0.00, real=0.01 secs] 
2016-09-24T03:06:48.037-0400: 87.589: [GC (GCLocker Initiated GC) [PSYoungGen: 156938K->62617K(175104K)] 656246K->561925K(699392K), 0.0098440 secs] [Times: user=0.11 sys=0.00, real=0.01 secs] 
2016-09-24T03:06:48.092-0400: 87.644: [GC (GCLocker Initiated GC) [PSYoungGen: 150681K->86132K(175104K)] 655581K->593732K(699392K), 0.0078862 secs] [Times: user=0.12 sys=0.00, real=0.01 secs] 
2016-09-24T03:06:48.149-0400: 87.702: [GC (GCLocker Initiated GC) [PSYoungGen: 174196K->86032K(175104K)] 685926K->609336K(699392K), 0.0104880 secs] [Times: user=0.16 sys=0.00, real=0.01 secs] 
2016-09-24T03:06:48.160-0400: 87.712: [Full GC (Ergonomics) [PSYoungGen: 86032K->0K(175104K)] [ParOldGen: 523303K->487359K(524288K)] 609336K->487359K(699392K), [Metaspace: 43912K->43912K(1087488K)], 0.0648765 secs] [Times: user=0.70 sys=0.00, real=0.07 secs] 
2016-09-24T03:06:48.275-0400: 87.827: [GC (GCLocker Initiated GC) [PSYoungGen: 88064K->43270K(175104K)] 580924K->536130K(699392K), 0.0054415 secs] [Times: user=0.07 sys=0.00, real=0.00 secs] 
2016-09-24T03:06:48.325-0400: 87.877: [GC (GCLocker Initiated GC) [PSYoungGen: 131334K->68646K(175104K)] 626937K->565180K(699392K), 0.0065913 secs] [Times: user=0.08 sys=0.00, real=0.00 secs] 
2016-09-24T03:06:48.380-0400: 87.933: [GC (GCLocker Initiated GC) [PSYoungGen: 156710K->63303K(175104K)] 657374K->564569K(699392K), 0.0077518 secs] [Times: user=0.10 sys=0.00, real=0.01 secs] 
2016-09-24T03:06:48.428-0400: 87.981: [GC (GCLocker Initiated GC) --[PSYoungGen: 151367K->151367K(175104K)] 652731K->675014K(699392K), 0.0096267 secs] [Times: user=0.11 sys=0.00, real=0.01 secs] 
2016-09-24T03:06:48.438-0400: 87.991: [Full GC (Ergonomics) [PSYoungGen: 151367K->0K(175104K)] [ParOldGen: 523647K->485156K(524288K)] 675014K->485156K(699392K), [Metaspace: 43912K->43912K(1087488K)], 0.1070383 secs] [Times: user=1.29 sys=0.01, real=0.11 secs] 
2016-09-24T03:06:48.598-0400: 88.151: [GC (GCLocker Initiated GC) [PSYoungGen: 88064K->54199K(175104K)] 580174K->546309K(699392K), 0.0079172 secs] [Times: user=0.09 sys=0.01, real=0.01 secs] 
2016-09-24T03:06:48.658-0400: 88.210: [GC (GCLocker Initiated GC) [PSYoungGen: 142263K->59404K(175104K)] 641210K->559444K(699392K), 0.0071851 secs] [Times: user=0.10 sys=0.01, real=0.01 secs] 
2016-09-24T03:06:48.707-0400: 88.260: [GC (GCLocker Initiated GC) [PSYoungGen: 147468K->60516K(175104K)] 648142K->578256K(699392K), 0.0066919 secs] [Times: user=0.10 sys=0.00, real=0.01 secs] 
2016-09-24T03:06:48.714-0400: 88.267: [Full GC (Ergonomics) [PSYoungGen: 60516K->0K(175104K)] [ParOldGen: 517740K->483127K(524288K)] 578256K->483127K(699392K), [Metaspace: 43912K->43912K(1087488K)], 0.0566404 secs] [Times: user=0.55 sys=0.00, real=0.05 secs] 
2016-09-24T03:06:48.817-0400: 88.370: [GC (GCLocker Initiated GC) [PSYoungGen: 88064K->48765K(175104K)] 580711K->541412K(699392K), 0.0299056 secs] [Times: user=0.40 sys=0.03, real=0.03 secs] 
2016-09-24T03:06:48.898-0400: 88.451: [GC (GCLocker Initiated GC) [PSYoungGen: 136829K->71289K(175104K)] 634928K->570447K(699392K), 0.0066082 secs] [Times: user=0.09 sys=0.00, real=0.01 secs] 
2016-09-24T03:06:48.950-0400: 88.502: [GC (GCLocker Initiated GC) [PSYoungGen: 159353K->57773K(175104K)] 664038K->579266K(699392K), 0.0174567 secs] [Times: user=0.20 sys=0.02, real=0.02 secs] 
2016-09-24T03:06:48.967-0400: 88.520: [Full GC (Ergonomics) [PSYoungGen: 57773K->0K(175104K)] [ParOldGen: 521493K->494064K(524288K)] 579266K->494064K(699392K), [Metaspace: 43912K->43912K(1087488K)], 0.0503903 secs] [Times: user=0.45 sys=0.02, real=0.05 secs] 
2016-09-24T03:06:49.060-0400: 88.612: [GC (GCLocker Initiated GC) [PSYoungGen: 88064K->73007K(175104K)] 582218K->567162K(699392K), 0.0065396 secs] [Times: user=0.09 sys=0.00, real=0.01 secs] 
2016-09-24T03:06:49.111-0400: 88.664: [GC (GCLocker Initiated GC) [PSYoungGen: 161071K->71313K(175104K)] 655296K->578645K(699392K), 0.0090086 secs] [Times: user=0.15 sys=0.00, real=0.01 secs] 
2016-09-24T03:06:49.121-0400: 88.673: [Full GC (Ergonomics) [PSYoungGen: 71313K->0K(175104K)] [ParOldGen: 507331K->494943K(524288K)] 578645K->494943K(699392K), [Metaspace: 43912K->43912K(1087488K)], 0.0619104 secs] [Times: user=0.68 sys=0.01, real=0.07 secs] 
2016-09-24T03:06:49.232-0400: 88.784: [GC (GCLocker Initiated GC) [PSYoungGen: 88064K->54153K(175104K)] 585773K->551863K(699392K), 0.0060721 secs] [Times: user=0.07 sys=0.01, real=0.01 secs] 
2016-09-24T03:06:49.286-0400: 88.838: [GC (GCLocker Initiated GC) [PSYoungGen: 142217K->63150K(175104K)] 644172K->567464K(699392K), 0.0080133 secs] [Times: user=0.13 sys=0.00, real=0.00 secs] 
2016-09-24T03:06:49.339-0400: 88.892: [GC (GCLocker Initiated GC) [PSYoungGen: 151214K->61735K(175104K)] 655532K->566671K(699392K), 0.0063055 secs] [Times: user=0.07 sys=0.00, real=0.01 secs] 
2016-09-24T03:06:49.395-0400: 88.947: [Full GC (Ergonomics) [PSYoungGen: 149799K->0K(175104K)] [ParOldGen: 511736K->488987K(524288K)] 661536K->488987K(699392K), [Metaspace: 43912K->43912K(1087488K)], 0.0564964 secs] [Times: user=0.53 sys=0.02, real=0.05 secs] 
2016-09-24T03:06:49.504-0400: 89.056: [GC (GCLocker Initiated GC) [PSYoungGen: 88064K->71759K(175104K)] 577215K->560910K(699392K), 0.0072407 secs] [Times: user=0.11 sys=0.01, real=0.00 secs] 
2016-09-24T03:06:49.563-0400: 89.116: [GC (GCLocker Initiated GC) [PSYoungGen: 159823K->26777K(175104K)] 653375K->542936K(699392K), 0.0062284 secs] [Times: user=0.06 sys=0.00, real=0.00 secs] 
2016-09-24T03:06:49.569-0400: 89.122: [Full GC (Ergonomics) [PSYoungGen: 26777K->0K(175104K)] [ParOldGen: 516159K->478211K(524288K)] 542936K->478211K(699392K), [Metaspace: 43912K->43912K(1087488K)], 0.0682396 secs] [Times: user=0.73 sys=0.00, real=0.07 secs] 
2016-09-24T03:06:49.691-0400: 89.243: [GC (GCLocker Initiated GC) [PSYoungGen: 88064K->75498K(175104K)] 575812K->563246K(699392K), 0.0079212 secs] [Times: user=0.10 sys=0.00, real=0.01 secs] 
2016-09-24T03:06:49.741-0400: 89.294: [GC (GCLocker Initiated GC) --[PSYoungGen: 163562K->163562K(175104K)] 651460K->687360K(699392K), 0.0099397 secs] [Times: user=0.11 sys=0.00, real=0.01 secs] 
2016-09-24T03:06:49.751-0400: 89.304: [Full GC (Ergonomics) [PSYoungGen: 163562K->0K(175104K)] [ParOldGen: 523798K->493899K(524288K)] 687360K->493899K(699392K), [Metaspace: 43912K->43912K(1087488K)], 0.0718724 secs] [Times: user=0.68 sys=0.00, real=0.08 secs] 
2016-09-24T03:06:49.880-0400: 89.433: [GC (GCLocker Initiated GC) [PSYoungGen: 88064K->70254K(175104K)] 582097K->564288K(699392K), 0.0058850 secs] [Times: user=0.09 sys=0.00, real=0.01 secs] 
2016-09-24T03:06:49.930-0400: 89.483: [GC (GCLocker Initiated GC) [PSYoungGen: 158318K->76833K(175104K)] 652373K->581270K(699392K), 0.0088442 secs] [Times: user=0.10 sys=0.01, real=0.01 secs] 
2016-09-24T03:06:49.939-0400: 89.492: [Full GC (Ergonomics) [PSYoungGen: 76833K->0K(175104K)] [ParOldGen: 504436K->495084K(524288K)] 581270K->495084K(699392K), [Metaspace: 43912K->43912K(1087488K)], 0.0661560 secs] [Times: user=0.74 sys=0.01, real=0.07 secs] 
2016-09-24T03:06:50.053-0400: 89.605: [GC (GCLocker Initiated GC) [PSYoungGen: 88064K->75685K(175104K)] 583302K->570924K(699392K), 0.0075829 secs] [Times: user=0.10 sys=0.00, real=0.01 secs] 
2016-09-24T03:06:50.123-0400: 89.675: [GC (GCLocker Initiated GC) [PSYoungGen: 163749K->71401K(175104K)] 664408K->574349K(699392K), 0.0068644 secs] [Times: user=0.09 sys=0.00, real=0.00 secs] 
2016-09-24T03:06:50.181-0400: 89.733: [GC (GCLocker Initiated GC) [PSYoungGen: 159465K->63303K(175104K)] 662479K->580553K(699392K), 0.0067436 secs] [Times: user=0.10 sys=0.00, real=0.01 secs] 
2016-09-24T03:06:50.188-0400: 89.740: [Full GC (Ergonomics) [PSYoungGen: 63303K->0K(175104K)] [ParOldGen: 517250K->494112K(524288K)] 580553K->494112K(699392K), [Metaspace: 43912K->43912K(1087488K)], 0.0698981 secs] [Times: user=0.74 sys=0.02, real=0.07 secs] 
2016-09-24T03:06:50.296-0400: 89.849: [GC (GCLocker Initiated GC) [PSYoungGen: 88064K->70341K(175104K)] 584914K->567191K(699392K), 0.0074893 secs] [Times: user=0.09 sys=0.00, real=0.01 secs] 
2016-09-24T03:06:50.357-0400: 89.910: [GC (GCLocker Initiated GC) [PSYoungGen: 158405K->60637K(175104K)] 659454K->584313K(699392K), 0.0076907 secs] [Times: user=0.08 sys=0.00, real=0.01 secs] 
2016-09-24T03:06:50.365-0400: 89.918: [Full GC (Ergonomics) [PSYoungGen: 60637K->0K(175104K)] [ParOldGen: 523676K->497882K(524288K)] 584313K->497882K(699392K), [Metaspace: 43916K->43916K(1087488K)], 0.0576927 secs] [Times: user=0.58 sys=0.00, real=0.06 secs] 
2016-09-24T03:06:50.469-0400: 90.021: [GC (GCLocker Initiated GC) [PSYoungGen: 88064K->78477K(175104K)] 586184K->576597K(699392K), 0.0083284 secs] [Times: user=0.11 sys=0.00, real=0.01 secs] 
2016-09-24T03:06:50.525-0400: 90.078: [Full GC (Ergonomics) [PSYoungGen: 166541K->0K(175104K)] [ParOldGen: 503633K->507116K(524288K)] 670174K->507116K(699392K), [Metaspace: 43916K->43916K(1087488K)], 0.0681561 secs] [Times: user=0.79 sys=0.00, real=0.06 secs] 
2016-09-24T03:06:50.645-0400: 90.198: [Full GC (Ergonomics) [PSYoungGen: 88064K->0K(175104K)] [ParOldGen: 509903K->498177K(524288K)] 597967K->498177K(699392K), [Metaspace: 43916K->43916K(1087488K)], 0.0658258 secs] [Times: user=0.69 sys=0.00, real=0.06 secs] 
2016-09-24T03:06:50.755-0400: 90.308: [GC (GCLocker Initiated GC) [PSYoungGen: 88064K->75509K(175104K)] 586467K->573912K(699392K), 0.0083412 secs] [Times: user=0.08 sys=0.00, real=0.01 secs] 
2016-09-24T03:06:50.823-0400: 90.375: [Full GC (Ergonomics) [PSYoungGen: 163573K->0K(175104K)] [ParOldGen: 512018K->497120K(524288K)] 675592K->497120K(699392K), [Metaspace: 43916K->43916K(1087488K)], 0.0876561 secs] [Times: user=1.05 sys=0.01, real=0.08 secs] 
2016-09-24T03:06:50.960-0400: 90.513: [Full GC (Ergonomics) [PSYoungGen: 88064K->0K(175104K)] [ParOldGen: 505461K->497635K(524288K)] 593525K->497635K(699392K), [Metaspace: 43916K->43916K(1087488K)], 0.0522248 secs] [Times: user=0.46 sys=0.00, real=0.05 secs] 
2016-09-24T03:06:51.064-0400: 90.616: [GC (GCLocker Initiated GC) [PSYoungGen: 88064K->77070K(175104K)] 588531K->577538K(699392K), 0.0072965 secs] [Times: user=0.11 sys=0.01, real=0.00 secs] 
2016-09-24T03:06:51.115-0400: 90.668: [GC (GCLocker Initiated GC) [PSYoungGen: 165134K->74025K(175104K)] 665801K->587792K(699392K), 0.0077884 secs] [Times: user=0.12 sys=0.01, real=0.01 secs] 
2016-09-24T03:06:51.123-0400: 90.676: [Full GC (Ergonomics) [PSYoungGen: 74025K->0K(175104K)] [ParOldGen: 513766K->498787K(524288K)] 587792K->498787K(699392K), [Metaspace: 43916K->43916K(1087488K)], 0.0638123 secs] [Times: user=0.68 sys=0.00, real=0.06 secs] 
2016-09-24T03:06:51.244-0400: 90.797: [Full GC (Ergonomics) [PSYoungGen: 88064K->0K(175104K)] [ParOldGen: 508439K->496680K(524288K)] 596503K->496680K(699392K), [Metaspace: 43916K->43916K(1087488K)], 0.0692331 secs] [Times: user=0.65 sys=0.02, real=0.06 secs] 
2016-09-24T03:06:51.359-0400: 90.912: [GC (GCLocker Initiated GC) [PSYoungGen: 88064K->66053K(175104K)] 587538K->565527K(699392K), 0.0073629 secs] [Times: user=0.08 sys=0.00, real=0.01 secs] 
2016-09-24T03:06:51.418-0400: 90.970: [Full GC (Ergonomics) [PSYoungGen: 154117K->0K(175104K)] [ParOldGen: 506470K->495068K(524288K)] 660587K->495068K(699392K), [Metaspace: 43916K->43916K(1087488K)], 0.0700989 secs] [Times: user=0.72 sys=0.00, real=0.07 secs] 
2016-09-24T03:06:51.540-0400: 91.092: [Full GC (Ergonomics) [PSYoungGen: 88064K->0K(175104K)] [ParOldGen: 506109K->500985K(524288K)] 594173K->500985K(699392K), [Metaspace: 43916K->43916K(1087488K)], 0.0543157 secs] [Times: user=0.49 sys=0.00, real=0.05 secs] 
2016-09-24T03:06:51.640-0400: 91.193: [GC (GCLocker Initiated GC) [PSYoungGen: 88064K->76851K(175104K)] 589081K->577868K(699392K), 0.0068756 secs] [Times: user=0.10 sys=0.00, real=0.01 secs] 
2016-09-24T03:06:51.693-0400: 91.245: [Full GC (Ergonomics) [PSYoungGen: 164915K->0K(175104K)] [ParOldGen: 503749K->502077K(524288K)] 668664K->502077K(699392K), [Metaspace: 43916K->43916K(1087488K)], 0.0529058 secs] [Times: user=0.44 sys=0.00, real=0.06 secs] 
2016-09-24T03:06:51.786-0400: 91.338: [Full GC (Ergonomics) [PSYoungGen: 88064K->0K(175104K)] [ParOldGen: 502240K->507939K(524288K)] 590304K->507939K(699392K), [Metaspace: 43916K->43916K(1087488K)], 0.0570606 secs] [Times: user=0.54 sys=0.00, real=0.06 secs] 
2016-09-24T03:06:51.893-0400: 91.445: [Full GC (Ergonomics) [PSYoungGen: 88064K->0K(175104K)] [ParOldGen: 513461K->508394K(524288K)] 601525K->508394K(699392K), [Metaspace: 43916K->43916K(1087488K)], 0.0650044 secs] [Times: user=0.72 sys=0.01, real=0.07 secs] 
2016-09-24T03:06:52.017-0400: 91.570: [Full GC (Ergonomics) [PSYoungGen: 88064K->0K(175104K)] [ParOldGen: 515294K->494281K(524288K)] 603358K->494281K(699392K), [Metaspace: 43916K->43916K(1087488K)], 0.1027166 secs] [Times: user=1.37 sys=0.01, real=0.10 secs] 
2016-09-24T03:06:52.170-0400: 91.722: [Full GC (Ergonomics) [PSYoungGen: 88064K->0K(175104K)] [ParOldGen: 505216K->500297K(524288K)] 593280K->500297K(699392K), [Metaspace: 43916K->43916K(1087488K)], 0.0629941 secs] [Times: user=0.64 sys=0.01, real=0.06 secs] 
2016-09-24T03:06:52.285-0400: 91.837: [Full GC (Ergonomics) [PSYoungGen: 88064K->0K(175104K)] [ParOldGen: 508145K->491601K(524288K)] 596209K->491601K(699392K), [Metaspace: 43916K->43916K(1087488K)], 0.0628990 secs] [Times: user=0.69 sys=0.00, real=0.06 secs] 
2016-09-24T03:06:52.394-0400: 91.947: [GC (GCLocker Initiated GC) [PSYoungGen: 88064K->70147K(175104K)] 579703K->561787K(699392K), 0.0079059 secs] [Times: user=0.11 sys=0.01, real=0.01 secs] 
2016-09-24T03:06:52.444-0400: 91.997: [GC (GCLocker Initiated GC) [PSYoungGen: 158211K->52267K(175104K)] 649945K->551623K(699392K), 0.0071241 secs] [Times: user=0.07 sys=0.01, real=0.00 secs] 
2016-09-24T03:06:52.495-0400: 92.048: [GC (GCLocker Initiated GC) [PSYoungGen: 140331K->69907K(175104K)] 643838K->579413K(699392K), 0.0121185 secs] [Times: user=0.16 sys=0.00, real=0.01 secs] 
2016-09-24T03:06:52.508-0400: 92.060: [Full GC (Ergonomics) [PSYoungGen: 69907K->0K(175104K)] [ParOldGen: 509505K->507790K(524288K)] 579413K->507790K(699392K), [Metaspace: 43917K->43917K(1087488K)], 0.0762843 secs] [Times: user=0.90 sys=0.02, real=0.08 secs] 
2016-09-24T03:06:52.635-0400: 92.188: [Full GC (Ergonomics) [PSYoungGen: 88064K->0K(175104K)] [ParOldGen: 514711K->502700K(524288K)] 602775K->502700K(699392K), [Metaspace: 43917K->43917K(1087488K)], 0.0528901 secs] [Times: user=0.44 sys=0.01, real=0.05 secs] 
2016-09-24T03:06:52.747-0400: 92.300: [Full GC (Ergonomics) [PSYoungGen: 88064K->0K(175104K)] [ParOldGen: 512250K->503168K(524288K)] 600314K->503168K(699392K), [Metaspace: 43917K->43917K(1087488K)], 0.0683103 secs] [Times: user=0.64 sys=0.01, real=0.07 secs] 
2016-09-24T03:06:52.867-0400: 92.420: [Full GC (Ergonomics) [PSYoungGen: 88064K->0K(175104K)] [ParOldGen: 509999K->501009K(524288K)] 598063K->501009K(699392K), [Metaspace: 43923K->43923K(1087488K)], 0.0688777 secs] [Times: user=0.81 sys=0.00, real=0.07 secs] 
2016-09-24T03:06:52.984-0400: 92.537: [Full GC (Ergonomics) [PSYoungGen: 88064K->0K(175104K)] [ParOldGen: 509134K->498847K(524288K)] 597198K->498847K(699392K), [Metaspace: 43923K->43923K(1087488K)], 0.0569818 secs] [Times: user=0.55 sys=0.01, real=0.05 secs] 
2016-09-24T03:06:53.097-0400: 92.649: [Full GC (Ergonomics) [PSYoungGen: 88064K->0K(175104K)] [ParOldGen: 505666K->502091K(524288K)] 593730K->502091K(699392K), [Metaspace: 43923K->43923K(1087488K)], 0.0559967 secs] [Times: user=0.55 sys=0.00, real=0.05 secs] 
2016-09-24T03:06:53.204-0400: 92.757: [Full GC (Ergonomics) [PSYoungGen: 88064K->0K(175104K)] [ParOldGen: 508863K->508049K(524288K)] 596927K->508049K(699392K), [Metaspace: 43923K->43923K(1087488K)], 0.0551577 secs] [Times: user=0.54 sys=0.00, real=0.05 secs] 
2016-09-24T03:06:53.303-0400: 92.856: [Full GC (Ergonomics) [PSYoungGen: 88064K->0K(175104K)] [ParOldGen: 508301K->503047K(524288K)] 596365K->503047K(699392K), [Metaspace: 43923K->43923K(1087488K)], 0.0632467 secs] [Times: user=0.66 sys=0.00, real=0.06 secs] 
2016-09-24T03:06:53.419-0400: 92.971: [Full GC (Ergonomics) [PSYoungGen: 88064K->0K(175104K)] [ParOldGen: 508694K->506206K(524288K)] 596758K->506206K(699392K), [Metaspace: 43924K->43924K(1087488K)], 0.0799794 secs] [Times: user=0.89 sys=0.00, real=0.08 secs] 
2016-09-24T03:06:53.544-0400: 93.096: [Full GC (Ergonomics) [PSYoungGen: 88064K->0K(175104K)] [ParOldGen: 509019K->504057K(524288K)] 597083K->504057K(699392K), [Metaspace: 43924K->43924K(1087488K)], 0.0615950 secs] [Times: user=0.66 sys=0.01, real=0.06 secs] 
2016-09-24T03:06:53.650-0400: 93.202: [Full GC (Ergonomics) [PSYoungGen: 88064K->0K(175104K)] [ParOldGen: 505530K->504626K(524288K)] 593594K->504626K(699392K), [Metaspace: 43924K->43924K(1087488K)], 0.0550945 secs] [Times: user=0.54 sys=0.00, real=0.06 secs] 
2016-09-24T03:06:53.751-0400: 93.303: [Full GC (Ergonomics) [PSYoungGen: 88064K->0K(175104K)] [ParOldGen: 510256K->502524K(524288K)] 598320K->502524K(699392K), [Metaspace: 43924K->43924K(1087488K)], 0.0777632 secs] [Times: user=0.91 sys=0.00, real=0.08 secs] 
2016-09-24T03:06:53.873-0400: 93.425: [Full GC (Ergonomics) [PSYoungGen: 86580K->0K(175104K)] [ParOldGen: 505224K->503003K(524288K)] 591805K->503003K(699392K), [Metaspace: 43924K->43924K(1087488K)], 0.0689949 secs] [Times: user=0.76 sys=0.01, real=0.07 secs] 
2016-09-24T03:06:53.991-0400: 93.543: [Full GC (Ergonomics) [PSYoungGen: 88064K->0K(175104K)] [ParOldGen: 513334K->502243K(524288K)] 601398K->502243K(699392K), [Metaspace: 43924K->43924K(1087488K)], 0.0532260 secs] [Times: user=0.50 sys=0.00, real=0.06 secs] 
2016-09-24T03:06:54.092-0400: 93.644: [Full GC (Ergonomics) [PSYoungGen: 88064K->0K(175104K)] [ParOldGen: 510585K->506737K(524288K)] 598649K->506737K(699392K), [Metaspace: 43924K->43924K(1087488K)], 0.0535200 secs] [Times: user=0.51 sys=0.00, real=0.06 secs] 
2016-09-24T03:06:54.199-0400: 93.751: [Full GC (Ergonomics) [PSYoungGen: 88064K->0K(175104K)] [ParOldGen: 517749K->499292K(524288K)] 605813K->499292K(699392K), [Metaspace: 43924K->43924K(1087488K)], 0.0564636 secs] [Times: user=0.53 sys=0.00, real=0.06 secs] 
2016-09-24T03:06:54.310-0400: 93.863: [Full GC (Ergonomics) [PSYoungGen: 88064K->0K(175104K)] [ParOldGen: 507526K->499670K(524288K)] 595590K->499670K(699392K), [Metaspace: 43924K->43924K(1087488K)], 0.0564492 secs] [Times: user=0.55 sys=0.00, real=0.06 secs] 
2016-09-24T03:06:54.419-0400: 93.972: [GC (GCLocker Initiated GC) [PSYoungGen: 88064K->68995K(175104K)] 587849K->568780K(699392K), 0.0118631 secs] [Times: user=0.16 sys=0.00, real=0.01 secs] 
2016-09-24T03:06:54.478-0400: 94.030: [GC (GCLocker Initiated GC) [PSYoungGen: 157059K->60514K(175104K)] 660913K->580246K(699392K), 0.0070389 secs] [Times: user=0.10 sys=0.00, real=0.01 secs] 
2016-09-24T03:06:54.485-0400: 94.038: [Full GC (Ergonomics) [PSYoungGen: 60514K->0K(175104K)] [ParOldGen: 519731K->500773K(524288K)] 580246K->500773K(699392K), [Metaspace: 43924K->43924K(1087488K)], 0.0757796 secs] [Times: user=0.78 sys=0.02, real=0.07 secs] 
2016-09-24T03:06:54.604-0400: 94.157: [GC (GCLocker Initiated GC) [PSYoungGen: 88064K->67615K(172032K)] 588903K->568455K(696320K), 0.0066307 secs] [Times: user=0.09 sys=0.00, real=0.00 secs] 
2016-09-24T03:06:54.652-0400: 94.205: [Full GC (Ergonomics) [PSYoungGen: 155679K->0K(172032K)] [ParOldGen: 507667K->507048K(524288K)] 663347K->507048K(696320K), [Metaspace: 43924K->43924K(1087488K)], 0.1252894 secs] [Times: user=1.88 sys=0.03, real=0.13 secs] 
2016-09-24T03:06:54.818-0400: 94.371: [Full GC (Ergonomics) [PSYoungGen: 88064K->0K(172032K)] [ParOldGen: 509888K->510164K(524288K)] 597952K->510164K(696320K), [Metaspace: 43924K->43924K(1087488K)], 0.0548713 secs] [Times: user=0.54 sys=0.02, real=0.05 secs] 
2016-09-24T03:06:54.917-0400: 94.470: [Full GC (Ergonomics) [PSYoungGen: 88064K->0K(172032K)] [ParOldGen: 515822K->510647K(524288K)] 603886K->510647K(696320K), [Metaspace: 43924K->43924K(1087488K)], 0.0507858 secs] [Times: user=0.49 sys=0.00, real=0.05 secs] 
2016-09-24T03:06:55.013-0400: 94.565: [Full GC (Ergonomics) [PSYoungGen: 88064K->0K(172032K)] [ParOldGen: 516210K->508443K(524288K)] 604274K->508443K(696320K), [Metaspace: 43924K->43924K(1087488K)], 0.0515960 secs] [Times: user=0.42 sys=0.00, real=0.06 secs] 
2016-09-24T03:06:55.110-0400: 94.663: [Full GC (Ergonomics) [PSYoungGen: 88064K->0K(172032K)] [ParOldGen: 520553K->502362K(524288K)] 608617K->502362K(696320K), [Metaspace: 43924K->43924K(1087488K)], 0.0584023 secs] [Times: user=0.55 sys=0.01, real=0.06 secs] 
2016-09-24T03:06:55.216-0400: 94.768: [Full GC (Ergonomics) [PSYoungGen: 88064K->0K(172032K)] [ParOldGen: 509210K->509407K(524288K)] 597274K->509407K(696320K), [Metaspace: 43924K->43924K(1087488K)], 0.0656172 secs] [Times: user=0.71 sys=0.01, real=0.06 secs] 
2016-09-24T03:06:55.328-0400: 94.881: [Full GC (Ergonomics) [PSYoungGen: 88064K->0K(172032K)] [ParOldGen: 509454K->504524K(524288K)] 597518K->504524K(696320K), [Metaspace: 43924K->43924K(1087488K)], 0.0542759 secs] [Times: user=0.53 sys=0.00, real=0.06 secs] 
2016-09-24T03:06:55.425-0400: 94.977: [Full GC (Ergonomics) [PSYoungGen: 88064K->0K(172032K)] [ParOldGen: 509998K->502245K(524288K)] 598062K->502245K(696320K), [Metaspace: 43924K->43924K(1087488K)], 0.0490516 secs] [Times: user=0.42 sys=0.00, real=0.05 secs] 
2016-09-24T03:06:55.522-0400: 95.074: [Full GC (Ergonomics) [PSYoungGen: 88064K->0K(172032K)] [ParOldGen: 507674K->502753K(524288K)] 595738K->502753K(696320K), [Metaspace: 43925K->43925K(1087488K)], 0.0557941 secs] [Times: user=0.52 sys=0.02, real=0.06 secs] 
2016-09-24T03:06:55.618-0400: 95.170: [Full GC (Ergonomics) [PSYoungGen: 88064K->0K(172032K)] [ParOldGen: 503608K->502070K(524288K)] 591672K->502070K(696320K), [Metaspace: 43925K->43925K(1087488K)], 0.0685901 secs] [Times: user=0.80 sys=0.00, real=0.07 secs] 
2016-09-24T03:06:55.751-0400: 95.304: [Full GC (Ergonomics) [PSYoungGen: 88064K->0K(172032K)] [ParOldGen: 506125K->503819K(524288K)] 594189K->503819K(696320K), [Metaspace: 43925K->43925K(1087488K)], 0.0660259 secs] [Times: user=0.68 sys=0.01, real=0.07 secs] 
2016-09-24T03:06:55.874-0400: 95.426: [Full GC (Ergonomics) [PSYoungGen: 88063K->0K(172032K)] [ParOldGen: 506672K->509750K(524288K)] 594736K->509750K(696320K), [Metaspace: 43925K->43925K(1087488K)], 0.0532367 secs] [Times: user=0.48 sys=0.00, real=0.06 secs] 
2016-09-24T03:06:55.991-0400: 95.544: [Full GC (Ergonomics) [PSYoungGen: 88064K->0K(172032K)] [ParOldGen: 519269K->505064K(524288K)] 607333K->505064K(696320K), [Metaspace: 43925K->43925K(1087488K)], 0.0683503 secs] [Times: user=0.70 sys=0.01, real=0.07 secs] 
2016-09-24T03:06:56.109-0400: 95.661: [Full GC (Ergonomics) [PSYoungGen: 88064K->0K(172032K)] [ParOldGen: 513957K->503981K(524288K)] 602021K->503981K(696320K), [Metaspace: 43925K->43925K(1087488K)], 0.0919257 secs] [Times: user=1.06 sys=0.01, real=0.09 secs] 
2016-09-24T03:06:56.260-0400: 95.812: [Full GC (Ergonomics) [PSYoungGen: 88064K->0K(172032K)] [ParOldGen: 504030K->495027K(524288K)] 592094K->495027K(696320K), [Metaspace: 43925K->43925K(1087488K)], 0.0720824 secs] [Times: user=0.77 sys=0.01, real=0.07 secs] 
2016-09-24T03:06:56.368-0400: 95.920: [GC (GCLocker Initiated GC) [PSYoungGen: 88064K->70508K(173568K)] 583114K->565558K(697856K), 0.0071949 secs] [Times: user=0.09 sys=0.00, real=0.01 secs] 
2016-09-24T03:06:56.421-0400: 95.974: [GC (GCLocker Initiated GC) [PSYoungGen: 158572K->65901K(173568K)] 659118K->566447K(697856K), 0.0088006 secs] [Times: user=0.06 sys=0.01, real=0.01 secs] 
2016-09-24T03:06:56.478-0400: 96.030: [GC (GCLocker Initiated GC) [PSYoungGen: 156525K->62400K(174080K)] 661274K->567150K(698368K), 0.0097341 secs] [Times: user=0.12 sys=0.00, real=0.01 secs] 
2016-09-24T03:06:56.533-0400: 96.085: [Full GC (Ergonomics) [PSYoungGen: 153024K->0K(174080K)] [ParOldGen: 507540K->505475K(524288K)] 660565K->505475K(698368K), [Metaspace: 43925K->43925K(1087488K)], 0.0737883 secs] [Times: user=0.80 sys=0.03, real=0.08 secs] 
2016-09-24T03:06:56.667-0400: 96.220: [Full GC (Ergonomics) [PSYoungGen: 90624K->0K(174080K)] [ParOldGen: 510944K->503281K(524288K)] 601568K->503281K(698368K), [Metaspace: 43925K->43925K(1087488K)], 0.0563657 secs] [Times: user=0.51 sys=0.00, real=0.06 secs] 
2016-09-24T03:06:56.776-0400: 96.329: [Full GC (Ergonomics) [PSYoungGen: 90624K->0K(174080K)] [ParOldGen: 515497K->506791K(524288K)] 606121K->506791K(698368K), [Metaspace: 43925K->43925K(1087488K)], 0.0516985 secs] [Times: user=0.35 sys=0.01, real=0.05 secs] 
2016-09-24T03:06:56.875-0400: 96.428: [Full GC (Ergonomics) [PSYoungGen: 90624K->0K(174080K)] [ParOldGen: 513622K->507433K(524288K)] 604246K->507433K(698368K), [Metaspace: 43925K->43925K(1087488K)], 0.0654350 secs] [Times: user=0.71 sys=0.01, real=0.06 secs] 
2016-09-24T03:06:56.990-0400: 96.542: [Full GC (Ergonomics) [PSYoungGen: 90624K->0K(174080K)] [ParOldGen: 510681K->509492K(524288K)] 601305K->509492K(698368K), [Metaspace: 43925K->43925K(1087488K)], 0.0624007 secs] [Times: user=0.61 sys=0.01, real=0.06 secs] 
2016-09-24T03:06:57.105-0400: 96.658: [Full GC (Ergonomics) [PSYoungGen: 90624K->0K(174080K)] [ParOldGen: 521794K->511554K(524288K)] 612418K->511554K(698368K), [Metaspace: 43925K->43925K(1087488K)], 0.0550988 secs] [Times: user=0.54 sys=0.00, real=0.05 secs] 
2016-09-24T03:06:57.211-0400: 96.763: [Full GC (Ergonomics) [PSYoungGen: 90624K->0K(174080K)] [ParOldGen: 519838K->508503K(524288K)] 610462K->508503K(698368K), [Metaspace: 43925K->43925K(1087488K)], 0.0994950 secs] [Times: user=1.28 sys=0.01, real=0.10 secs] 
2016-09-24T03:06:57.361-0400: 96.914: [Full GC (Ergonomics) [PSYoungGen: 90624K->0K(174080K)] [ParOldGen: 511286K->509055K(524288K)] 601910K->509055K(698368K), [Metaspace: 43930K->43930K(1087488K)], 0.0572396 secs] [Times: user=0.56 sys=0.00, real=0.06 secs] 
2016-09-24T03:06:57.480-0400: 97.033: [Full GC (Ergonomics) [PSYoungGen: 90624K->0K(174080K)] [ParOldGen: 518659K->507070K(524288K)] 609283K->507070K(698368K), [Metaspace: 43930K->43930K(1087488K)], 0.0568998 secs] [Times: user=0.54 sys=0.00, real=0.06 secs] 
2016-09-24T03:06:57.588-0400: 97.140: [Full GC (Ergonomics) [PSYoungGen: 90624K->0K(174080K)] [ParOldGen: 518041K->507777K(524288K)] 608665K->507777K(698368K), [Metaspace: 43930K->43930K(1087488K)], 0.0551940 secs] [Times: user=0.53 sys=0.00, real=0.06 secs] 
2016-09-24T03:06:57.692-0400: 97.244: [Full GC (Ergonomics) [PSYoungGen: 90624K->0K(174080K)] [ParOldGen: 513393K->511124K(524288K)] 604017K->511124K(698368K), [Metaspace: 43930K->43930K(1087488K)], 0.0643357 secs] [Times: user=0.52 sys=0.00, real=0.07 secs] 
2016-09-24T03:06:57.811-0400: 97.364: [Full GC (Ergonomics) [PSYoungGen: 90624K->0K(174080K)] [ParOldGen: 511377K->511829K(524288K)] 602001K->511829K(698368K), [Metaspace: 43930K->43930K(1087488K)], 0.0678122 secs] [Times: user=0.72 sys=0.02, real=0.07 secs] 
2016-09-24T03:06:57.927-0400: 97.480: [Full GC (Ergonomics) [PSYoungGen: 90624K->0K(174080K)] [ParOldGen: 511912K->509711K(524288K)] 602536K->509711K(698368K), [Metaspace: 43930K->43930K(1087488K)], 0.0701634 secs] [Times: user=0.81 sys=0.01, real=0.07 secs] 
2016-09-24T03:06:58.050-0400: 97.602: [Full GC (Ergonomics) [PSYoungGen: 90624K->0K(174080K)] [ParOldGen: 509865K->506400K(524288K)] 600489K->506400K(698368K), [Metaspace: 43930K->43930K(1087488K)], 0.0703503 secs] [Times: user=0.75 sys=0.00, real=0.07 secs] 
2016-09-24T03:06:58.170-0400: 97.723: [Full GC (Ergonomics) [PSYoungGen: 90624K->0K(174080K)] [ParOldGen: 513314K->508485K(524288K)] 603938K->508485K(698368K), [Metaspace: 43930K->43930K(1087488K)], 0.0719563 secs] [Times: user=0.77 sys=0.00, real=0.08 secs] 
2016-09-24T03:06:58.289-0400: 97.842: [Full GC (Ergonomics) [PSYoungGen: 90624K->0K(174080K)] [ParOldGen: 511237K->504817K(524288K)] 601861K->504817K(698368K), [Metaspace: 43930K->43930K(1087488K)], 0.0704326 secs] [Times: user=0.83 sys=0.00, real=0.07 secs] 
2016-09-24T03:06:58.405-0400: 97.958: [GC (GCLocker Initiated GC) [PSYoungGen: 90624K->71780K(175616K)] 595446K->576603K(699904K), 0.0069227 secs] [Times: user=0.10 sys=0.00, real=0.00 secs] 
2016-09-24T03:06:58.456-0400: 98.009: [GC (GCLocker Initiated GC) [PSYoungGen: 164964K->79205K(176128K)] 669934K->584175K(700416K), 0.0080428 secs] [Times: user=0.12 sys=0.00, real=0.01 secs] 
2016-09-24T03:06:58.508-0400: 98.060: [Full GC (Ergonomics) [PSYoungGen: 172389K->0K(176128K)] [ParOldGen: 507696K->506709K(524288K)] 680085K->506709K(700416K), [Metaspace: 43930K->43930K(1087488K)], 0.0751985 secs] [Times: user=0.90 sys=0.00, real=0.08 secs] 
2016-09-24T03:06:58.633-0400: 98.185: [Full GC (Ergonomics) [PSYoungGen: 93184K->0K(176128K)] [ParOldGen: 509491K->504654K(524288K)] 602675K->504654K(700416K), [Metaspace: 43930K->43930K(1087488K)], 0.0620748 secs] [Times: user=0.66 sys=0.00, real=0.07 secs] 
2016-09-24T03:06:58.747-0400: 98.299: [GC (GCLocker Initiated GC) [PSYoungGen: 93184K->73620K(175616K)] 597908K->578344K(699904K), 0.0078015 secs] [Times: user=0.09 sys=0.00, real=0.01 secs] 
2016-09-24T03:06:58.806-0400: 98.358: [GC (GCLocker Initiated GC) [PSYoungGen: 163732K->85077K(175616K)] 671218K->592563K(699904K), 0.0078136 secs] [Times: user=0.12 sys=0.00, real=0.00 secs] 
2016-09-24T03:06:58.861-0400: 98.414: [GC (GCLocker Initiated GC) [PSYoungGen: 175189K->81670K(174592K)] 682806K->589287K(698880K), 0.0081778 secs] [Times: user=0.10 sys=0.00, real=0.01 secs] 
2016-09-24T03:06:58.919-0400: 98.471: [Full GC (Ergonomics) [PSYoungGen: 169734K->0K(174592K)] [ParOldGen: 510394K->515540K(524288K)] 680128K->515540K(698880K), [Metaspace: 43930K->43930K(1087488K)], 0.0714872 secs] [Times: user=0.77 sys=0.00, real=0.07 secs] 
2016-09-24T03:06:59.048-0400: 98.601: [Full GC (Ergonomics) [PSYoungGen: 88064K->0K(174592K)] [ParOldGen: 518316K->510901K(524288K)] 606380K->510901K(698880K), [Metaspace: 43930K->43930K(1087488K)], 0.0720190 secs] [Times: user=0.82 sys=0.01, real=0.07 secs] 
2016-09-24T03:06:59.168-0400: 98.721: [Full GC (Ergonomics) [PSYoungGen: 88064K->0K(174592K)] [ParOldGen: 511290K->514376K(524288K)] 599354K->514376K(698880K), [Metaspace: 43930K->43930K(1087488K)], 0.0524271 secs] [Times: user=0.49 sys=0.01, real=0.05 secs] 
2016-09-24T03:06:59.278-0400: 98.830: [Full GC (Ergonomics) [PSYoungGen: 88064K->0K(174592K)] [ParOldGen: 521221K->515049K(524288K)] 609285K->515049K(698880K), [Metaspace: 43930K->43930K(1087488K)], 0.0646959 secs] [Times: user=0.64 sys=0.00, real=0.07 secs] 
2016-09-24T03:06:59.391-0400: 98.944: [Full GC (Ergonomics) [PSYoungGen: 88064K->0K(174592K)] [ParOldGen: 517990K->518533K(524288K)] 606054K->518533K(698880K), [Metaspace: 43930K->43930K(1087488K)], 0.0691780 secs] [Times: user=0.73 sys=0.01, real=0.07 secs] 
2016-09-24T03:06:59.509-0400: 99.061: [Full GC (Ergonomics) [PSYoungGen: 88064K->0K(174592K)] [ParOldGen: 518691K->513709K(524288K)] 606755K->513709K(698880K), [Metaspace: 43930K->43930K(1087488K)], 0.0731830 secs] [Times: user=0.76 sys=0.00, real=0.08 secs] 
2016-09-24T03:06:59.635-0400: 99.188: [Full GC (Ergonomics) [PSYoungGen: 88064K->0K(174592K)] [ParOldGen: 516418K->511693K(524288K)] 604482K->511693K(698880K), [Metaspace: 43930K->43930K(1087488K)], 0.0573158 secs] [Times: user=0.53 sys=0.01, real=0.05 secs] 
2016-09-24T03:06:59.742-0400: 99.295: [Full GC (Ergonomics) [PSYoungGen: 88064K->0K(174592K)] [ParOldGen: 511804K->515156K(524288K)] 599868K->515156K(698880K), [Metaspace: 43930K->43930K(1087488K)], 0.0725332 secs] [Times: user=0.81 sys=0.02, real=0.07 secs] 
2016-09-24T03:06:59.867-0400: 99.419: [Full GC (Ergonomics) [PSYoungGen: 88064K->0K(174592K)] [ParOldGen: 515169K->513153K(524288K)] 603233K->513153K(698880K), [Metaspace: 43930K->43930K(1087488K)], 0.0554263 secs] [Times: user=0.56 sys=0.00, real=0.06 secs] 
2016-09-24T03:06:59.973-0400: 99.525: [Full GC (Ergonomics) [PSYoungGen: 88064K->0K(174592K)] [ParOldGen: 515961K->513071K(524288K)] 604025K->513071K(698880K), [Metaspace: 43930K->43930K(1087488K)], 0.0828362 secs] [Times: user=0.96 sys=0.00, real=0.09 secs] 
2016-09-24T03:07:00.105-0400: 99.658: [Full GC (Ergonomics) [PSYoungGen: 88064K->0K(174592K)] [ParOldGen: 518536K->519314K(524288K)] 606600K->519314K(698880K), [Metaspace: 43930K->43930K(1087488K)], 0.0574112 secs] [Times: user=0.54 sys=0.00, real=0.06 secs] 
2016-09-24T03:07:00.221-0400: 99.774: [Full GC (Ergonomics) [PSYoungGen: 88064K->0K(174592K)] [ParOldGen: 519691K->508179K(524288K)] 607755K->508179K(698880K), [Metaspace: 43930K->43930K(1087488K)], 0.0589493 secs] [Times: user=0.54 sys=0.00, real=0.06 secs] 
2016-09-24T03:07:00.327-0400: 99.879: [GC (GCLocker Initiated GC) [PSYoungGen: 88064K->67712K(175104K)] 596424K->576073K(699392K), 0.0106658 secs] [Times: user=0.16 sys=0.00, real=0.01 secs] 
2016-09-24T03:07:00.382-0400: 99.935: [GC (GCLocker Initiated GC) [PSYoungGen: 155776K->68714K(175104K)] 666873K->579810K(699392K), 0.0086110 secs] [Times: user=0.07 sys=0.01, real=0.00 secs] 
2016-09-24T03:07:00.438-0400: 99.990: [Full GC (Ergonomics) [PSYoungGen: 156778K->0K(175104K)] [ParOldGen: 513802K->517020K(524288K)] 670580K->517020K(699392K), [Metaspace: 43930K->43930K(1087488K)], 0.0790146 secs] [Times: user=0.88 sys=0.00, real=0.08 secs] 
2016-09-24T03:07:00.564-0400: 100.116: [Full GC (Ergonomics) [PSYoungGen: 88064K->2700K(175104K)] [ParOldGen: 520137K->521770K(524288K)] 608201K->524470K(699392K), [Metaspace: 43930K->43930K(1087488K)], 0.0556492 secs] [Times: user=0.49 sys=0.00, real=0.05 secs] 
2016-09-24T03:07:00.669-0400: 100.221: [Full GC (Ergonomics) [PSYoungGen: 88064K->0K(175104K)] [ParOldGen: 521770K->515635K(524288K)] 609834K->515635K(699392K), [Metaspace: 43930K->43930K(1087488K)], 0.0597954 secs] [Times: user=0.56 sys=0.00, real=0.06 secs] 
2016-09-24T03:07:00.788-0400: 100.340: [Full GC (Ergonomics) [PSYoungGen: 88064K->0K(175104K)] [ParOldGen: 521348K->513603K(524288K)] 609412K->513603K(699392K), [Metaspace: 43930K->43930K(1087488K)], 0.0747481 secs] [Times: user=0.81 sys=0.01, real=0.08 secs] 
2016-09-24T03:07:00.915-0400: 100.467: [Full GC (Ergonomics) [PSYoungGen: 88064K->0K(175104K)] [ParOldGen: 520668K->513003K(524288K)] 608732K->513003K(699392K), [Metaspace: 43930K->43930K(1087488K)], 0.0662939 secs] [Times: user=0.62 sys=0.00, real=0.06 secs] 
2016-09-24T03:07:01.031-0400: 100.583: [Full GC (Ergonomics) [PSYoungGen: 88064K->0K(175104K)] [ParOldGen: 515818K->520368K(524288K)] 603882K->520368K(699392K), [Metaspace: 43930K->43930K(1087488K)], 0.0486185 secs] [Times: user=0.42 sys=0.00, real=0.05 secs] 
2016-09-24T03:07:01.080-0400: 100.632: [GC (GCLocker Initiated GC) [PSYoungGen: 9K->96K(175104K)] 520378K->520464K(699392K), 0.0030205 secs] [Times: user=0.04 sys=0.00, real=0.01 secs] 
2016-09-24T03:07:01.083-0400: 100.635: [Full GC (Ergonomics) [PSYoungGen: 96K->0K(175104K)] [ParOldGen: 520368K->517719K(524288K)] 520464K->517719K(699392K), [Metaspace: 43930K->43930K(1087488K)], 0.1019477 secs] [Times: user=1.39 sys=0.01, real=0.10 secs] 
2016-09-24T03:07:01.231-0400: 100.784: [Full GC (Ergonomics) [PSYoungGen: 88064K->0K(175104K)] [ParOldGen: 517726K->521113K(524288K)] 605790K->521113K(699392K), [Metaspace: 43930K->43930K(1087488K)], 0.0899039 secs] [Times: user=0.78 sys=0.01, real=0.09 secs] 
2016-09-24T03:07:01.380-0400: 100.932: [Full GC (Ergonomics) [PSYoungGen: 88064K->2700K(175104K)] [ParOldGen: 523870K->524167K(524288K)] 611934K->526867K(699392K), [Metaspace: 43930K->43930K(1087488K)], 0.1649107 secs] [Times: user=2.35 sys=0.01, real=0.17 secs] 
2016-09-24T03:07:01.589-0400: 101.142: [Full GC (Ergonomics) [PSYoungGen: 88004K->0K(175104K)] [ParOldGen: 524167K->517996K(524288K)] 612172K->517996K(699392K), [Metaspace: 43930K->43930K(1087488K)], 0.0718446 secs] [Times: user=0.86 sys=0.00, real=0.07 secs] 
2016-09-24T03:07:01.712-0400: 101.265: [Full GC (Ergonomics) [PSYoungGen: 88064K->0K(175104K)] [ParOldGen: 523493K->515964K(524288K)] 611557K->515964K(699392K), [Metaspace: 43930K->43930K(1087488K)], 0.0678448 secs] [Times: user=0.77 sys=0.00, real=0.07 secs] 
2016-09-24T03:07:01.825-0400: 101.377: [Full GC (Ergonomics) [PSYoungGen: 88064K->0K(175104K)] [ParOldGen: 516420K->519208K(524288K)] 604484K->519208K(699392K), [Metaspace: 43930K->43930K(1087488K)], 0.0648489 secs] [Times: user=0.71 sys=0.00, real=0.06 secs] 
2016-09-24T03:07:01.939-0400: 101.491: [Full GC (Ergonomics) [PSYoungGen: 88064K->0K(175104K)] [ParOldGen: 519453K->523913K(524288K)] 607517K->523913K(699392K), [Metaspace: 43930K->43930K(1087488K)], 0.0708714 secs] [Times: user=0.85 sys=0.01, real=0.07 secs] 
2016-09-24T03:07:02.064-0400: 101.617: [Full GC (Ergonomics) [PSYoungGen: 86984K->0K(175104K)] [ParOldGen: 523913K->521795K(524288K)] 610898K->521795K(699392K), [Metaspace: 43930K->43930K(1087488K)], 0.0674946 secs] [Times: user=0.81 sys=0.01, real=0.06 secs] 
2016-09-24T03:07:02.181-0400: 101.734: [Full GC (Ergonomics) [PSYoungGen: 86758K->0K(175104K)] [ParOldGen: 521795K->510506K(524288K)] 608553K->510506K(699392K), [Metaspace: 43934K->43934K(1087488K)], 0.0839331 secs] [Times: user=0.86 sys=0.01, real=0.09 secs] 
2016-09-24T03:07:02.310-0400: 101.862: [GC (GCLocker Initiated GC) [PSYoungGen: 88064K->81133K(175104K)] 598756K->591826K(699392K), 0.0089875 secs] [Times: user=0.12 sys=0.02, real=0.01 secs] 
2016-09-24T03:07:02.369-0400: 101.922: [GC (GCLocker Initiated GC) [PSYoungGen: 169197K->85925K(175104K)] 680390K->602518K(699392K), 0.0094344 secs] [Times: user=0.14 sys=0.00, real=0.01 secs] 
2016-09-24T03:07:02.379-0400: 101.932: [Full GC (Ergonomics) [PSYoungGen: 85925K->0K(175104K)] [ParOldGen: 516592K->521105K(524288K)] 602518K->521105K(699392K), [Metaspace: 43934K->43934K(1087488K)], 0.0666634 secs] [Times: user=0.60 sys=0.02, real=0.07 secs] 
2016-09-24T03:07:02.499-0400: 102.052: [Full GC (Ergonomics) [PSYoungGen: 86279K->0K(175104K)] [ParOldGen: 523805K->519003K(524288K)] 610085K->519003K(699392K), [Metaspace: 43934K->43934K(1087488K)], 0.0557457 secs] [Times: user=0.53 sys=0.00, real=0.06 secs] 
2016-09-24T03:07:02.603-0400: 102.156: [Full GC (Ergonomics) [PSYoungGen: 88064K->0K(175104K)] [ParOldGen: 521763K->522409K(524288K)] 609827K->522409K(699392K), [Metaspace: 43934K->43934K(1087488K)], 0.0701620 secs] [Times: user=0.82 sys=0.01, real=0.06 secs] 
2016-09-24T03:07:02.726-0400: 102.279: [Full GC (Ergonomics) [PSYoungGen: 88061K->0K(175104K)] [ParOldGen: 522435K->520506K(524288K)] 610497K->520506K(699392K), [Metaspace: 43934K->43934K(1087488K)], 0.0706293 secs] [Times: user=0.83 sys=0.00, real=0.07 secs] 
2016-09-24T03:07:02.847-0400: 102.399: [Full GC (Ergonomics) [PSYoungGen: 86958K->2814K(175104K)] [ParOldGen: 523206K->522525K(524288K)] 610164K->525340K(699392K), [Metaspace: 43934K->43934K(1087488K)], 0.0708219 secs] [Times: user=0.81 sys=0.01, real=0.07 secs] 
2016-09-24T03:07:02.963-0400: 102.516: [Full GC (Ergonomics) [PSYoungGen: 87032K->5401K(175104K)] [ParOldGen: 522525K->522538K(524288K)] 609557K->527939K(699392K), [Metaspace: 43934K->43934K(1087488K)], 0.0935579 secs] [Times: user=1.22 sys=0.00, real=0.09 secs] 
2016-09-24T03:07:03.105-0400: 102.657: [Full GC (Ergonomics) [PSYoungGen: 88064K->0K(175104K)] [ParOldGen: 523989K->520594K(524288K)] 612053K->520594K(699392K), [Metaspace: 43934K->43934K(1087488K)], 0.0677169 secs] [Times: user=0.76 sys=0.00, real=0.06 secs] 
2016-09-24T03:07:03.221-0400: 102.774: [Full GC (Ergonomics) [PSYoungGen: 87017K->2702K(175104K)] [ParOldGen: 523294K->523535K(524288K)] 610312K->526238K(699392K), [Metaspace: 43934K->43934K(1087488K)], 0.1517817 secs] [Times: user=2.23 sys=0.00, real=0.15 secs] 
2016-09-24T03:07:03.431-0400: 102.983: [Full GC (Ergonomics) [PSYoungGen: 87111K->0K(175104K)] [ParOldGen: 523535K->518945K(524288K)] 610647K->518945K(699392K), [Metaspace: 43934K->43934K(1087488K)], 0.0574452 secs] [Times: user=0.55 sys=0.00, real=0.06 secs] 
2016-09-24T03:07:03.539-0400: 103.091: [Full GC (Ergonomics) [PSYoungGen: 88064K->2715K(175104K)] [ParOldGen: 521822K->521910K(524288K)] 609886K->524626K(699392K), [Metaspace: 43934K->43934K(1087488K)], 0.1580125 secs] [Times: user=2.26 sys=0.01, real=0.16 secs] 
2016-09-24T03:07:03.750-0400: 103.303: [Full GC (Ergonomics) [PSYoungGen: 88064K->0K(175104K)] [ParOldGen: 522031K->524030K(524288K)] 610095K->524030K(699392K), [Metaspace: 43934K->43934K(1087488K)], 0.0780574 secs] [Times: user=0.94 sys=0.01, real=0.08 secs] 
2016-09-24T03:07:03.876-0400: 103.428: [Full GC (Ergonomics) [PSYoungGen: 86218K->2766K(175104K)] [ParOldGen: 524030K->522992K(524288K)] 610249K->525758K(699392K), [Metaspace: 43934K->43934K(1087488K)], 0.1546745 secs] [Times: user=2.24 sys=0.00, real=0.15 secs] 
2016-09-24T03:07:04.078-0400: 103.631: [Full GC (Ergonomics) [PSYoungGen: 88064K->5400K(175104K)] [ParOldGen: 523044K->523571K(524288K)] 611108K->528972K(699392K), [Metaspace: 43934K->43934K(1087488K)], 0.1609762 secs] [Times: user=2.25 sys=0.01, real=0.16 secs] 
2016-09-24T03:07:04.288-0400: 103.841: [Full GC (Ergonomics) [PSYoungGen: 88064K->0K(175104K)] [ParOldGen: 523625K->521574K(524288K)] 611689K->521574K(699392K), [Metaspace: 43934K->43934K(1087488K)], 0.0805988 secs] [Times: user=0.64 sys=0.01, real=0.08 secs] 
2016-09-24T03:07:04.425-0400: 103.978: [Full GC (Ergonomics) [PSYoungGen: 88064K->2701K(175104K)] [ParOldGen: 523039K->522062K(524288K)] 611103K->524764K(699392K), [Metaspace: 43934K->43934K(1087488K)], 0.1699352 secs] [Times: user=2.59 sys=0.00, real=0.17 secs] 
2016-09-24T03:07:04.650-0400: 104.203: [Full GC (Ergonomics) [PSYoungGen: 87102K->1350K(175104K)] [ParOldGen: 522062K->523903K(524288K)] 609165K->525253K(699392K), [Metaspace: 43934K->43934K(1087488K)], 0.1677279 secs] [Times: user=2.43 sys=0.02, real=0.17 secs] 
2016-09-24T03:07:04.864-0400: 104.417: [Full GC (Ergonomics) [PSYoungGen: 86401K->0K(175104K)] [ParOldGen: 523903K->523331K(524288K)] 610305K->523331K(699392K), [Metaspace: 43935K->43935K(1087488K)], 0.0542801 secs] [Times: user=0.58 sys=0.01, real=0.05 secs] 
2016-09-24T03:07:04.978-0400: 104.531: [Full GC (Ergonomics) [PSYoungGen: 86211K->0K(175104K)] [ParOldGen: 523331K->521216K(524288K)] 609543K->521216K(699392K), [Metaspace: 43935K->43935K(1087488K)], 0.0703081 secs] [Times: user=0.77 sys=0.03, real=0.07 secs] 
2016-09-24T03:07:05.089-0400: 104.642: [Full GC (Ergonomics) [PSYoungGen: 88064K->6823K(175104K)] [ParOldGen: 521321K->522741K(524288K)] 609385K->529564K(699392K), [Metaspace: 43935K->43935K(1087488K)], 0.1627146 secs] [Times: user=2.28 sys=0.01, real=0.16 secs] 
2016-09-24T03:07:05.293-0400: 104.845: [Full GC (Ergonomics) [PSYoungGen: 86930K->12326K(175104K)] [ParOldGen: 524091K->523266K(524288K)] 611021K->535593K(699392K), [Metaspace: 43943K->43943K(1087488K)], 0.1509011 secs] [Times: user=2.19 sys=0.00, real=0.16 secs] 
2016-09-24T03:07:05.494-0400: 105.047: [Full GC (Ergonomics) [PSYoungGen: 86340K->10955K(175104K)] [ParOldGen: 523266K->522384K(524288K)] 609607K->533340K(699392K), [Metaspace: 43943K->43943K(1087488K)], 0.1543739 secs] [Times: user=2.23 sys=0.02, real=0.15 secs] 
2016-09-24T03:07:05.704-0400: 105.256: [Full GC (Ergonomics) [PSYoungGen: 86755K->4153K(175104K)] [ParOldGen: 522384K->524193K(524288K)] 609140K->528346K(699392K), [Metaspace: 43943K->43943K(1087488K)], 0.1696209 secs] [Times: user=2.34 sys=0.01, real=0.16 secs] 
2016-09-24T03:07:05.933-0400: 105.485: [Full GC (Ergonomics) [PSYoungGen: 87698K->6908K(175104K)] [ParOldGen: 524193K->523301K(524288K)] 611892K->530209K(699392K), [Metaspace: 43945K->43945K(1087488K)], 0.1595448 secs] [Times: user=2.22 sys=0.01, real=0.16 secs] 
2016-09-24T03:07:06.138-0400: 105.691: [Full GC (Ergonomics) [PSYoungGen: 86622K->9635K(175104K)] [ParOldGen: 523301K->522444K(524288K)] 609923K->532079K(699392K), [Metaspace: 43945K->43945K(1087488K)], 0.1558738 secs] [Times: user=2.32 sys=0.01, real=0.15 secs] 
2016-09-24T03:07:06.335-0400: 105.887: [Full GC (Ergonomics) [PSYoungGen: 85948K->13686K(175104K)] [ParOldGen: 522444K->524264K(524288K)] 608392K->537950K(699392K), [Metaspace: 43945K->43945K(1087488K)], 0.1690797 secs] [Times: user=2.52 sys=0.01, real=0.17 secs] 
2016-09-24T03:07:06.544-0400: 106.096: [Full GC (Ergonomics) [PSYoungGen: 88064K->9549K(175104K)] [ParOldGen: 524287K->523520K(524288K)] 612351K->533070K(699392K), [Metaspace: 43945K->43945K(1087488K)], 0.1470442 secs] [Times: user=2.18 sys=0.00, real=0.14 secs] 
2016-09-24T03:07:06.734-0400: 106.287: [Full GC (Ergonomics) [PSYoungGen: 86488K->8198K(175104K)] [ParOldGen: 523520K->522698K(524288K)] 610008K->530897K(699392K), [Metaspace: 43945K->43945K(1087488K)], 0.1543857 secs] [Times: user=2.26 sys=0.00, real=0.15 secs] 
2016-09-24T03:07:06.936-0400: 106.488: [Full GC (Ergonomics) [PSYoungGen: 88064K->15107K(175104K)] [ParOldGen: 522725K->521689K(524288K)] 610789K->536796K(699392K), [Metaspace: 43945K->43945K(1087488K)], 0.1691867 secs] [Times: user=2.51 sys=0.01, real=0.17 secs] 
2016-09-24T03:07:07.148-0400: 106.701: [Full GC (Ergonomics) [PSYoungGen: 88064K->16364K(175104K)] [ParOldGen: 521794K->523674K(524288K)] 609858K->540039K(699392K), [Metaspace: 43945K->43945K(1087488K)], 0.1934255 secs] [Times: user=2.21 sys=0.05, real=0.19 secs] 
2016-09-24T03:07:07.388-0400: 106.941: [Full GC (Ergonomics) [PSYoungGen: 88064K->13687K(175104K)] [ParOldGen: 523832K->524167K(524288K)] 611896K->537855K(699392K), [Metaspace: 43948K->43948K(1087488K)], 0.1726330 secs] [Times: user=2.60 sys=0.01, real=0.17 secs] 
2016-09-24T03:07:07.605-0400: 107.158: [Full GC (Ergonomics) [PSYoungGen: 88064K->13825K(175104K)] [ParOldGen: 524273K->521811K(524288K)] 612337K->535637K(699392K), [Metaspace: 43948K->43948K(1087488K)], 0.1652888 secs] [Times: user=2.50 sys=0.00, real=0.16 secs] 
2016-09-24T03:07:07.815-0400: 107.368: [Full GC (Ergonomics) [PSYoungGen: 88064K->9747K(175104K)] [ParOldGen: 523243K->523719K(524288K)] 611307K->533466K(699392K), [Metaspace: 43948K->43948K(1087488K)], 0.1638629 secs] [Times: user=2.44 sys=0.02, real=0.16 secs] 
2016-09-24T03:07:08.035-0400: 107.588: [Full GC (Ergonomics) [PSYoungGen: 88064K->15141K(175104K)] [ParOldGen: 523729K->524206K(524288K)] 611793K->539347K(699392K), [Metaspace: 43948K->43948K(1087488K)], 0.1686743 secs] [Times: user=2.55 sys=0.00, real=0.17 secs] 
2016-09-24T03:07:08.241-0400: 107.794: [Full GC (Ergonomics) [PSYoungGen: 88064K->19238K(175104K)] [ParOldGen: 524246K->523045K(524288K)] 612310K->542283K(699392K), [Metaspace: 43948K->43948K(1087488K)], 0.1589963 secs] [Times: user=2.34 sys=0.01, real=0.16 secs] 
2016-09-24T03:07:08.459-0400: 108.012: [Full GC (Ergonomics) [PSYoungGen: 87238K->15048K(175104K)] [ParOldGen: 523045K->522311K(524288K)] 610284K->537360K(699392K), [Metaspace: 43948K->43948K(1087488K)], 0.1560889 secs] [Times: user=2.04 sys=0.03, real=0.16 secs] 
2016-09-24T03:07:08.670-0400: 108.222: [Full GC (Ergonomics) [PSYoungGen: 88064K->5603K(175104K)] [ParOldGen: 523702K->522835K(524288K)] 611766K->528439K(699392K), [Metaspace: 43948K->43948K(1087488K)], 0.1614935 secs] [Times: user=1.78 sys=0.00, real=0.16 secs] 
2016-09-24T03:07:08.881-0400: 108.434: [Full GC (Ergonomics) [PSYoungGen: 88064K->13807K(175104K)] [ParOldGen: 522868K->521758K(524288K)] 610932K->535566K(699392K), [Metaspace: 43949K->43949K(1087488K)], 0.1867924 secs] [Times: user=2.42 sys=0.05, real=0.19 secs] 
2016-09-24T03:07:09.108-0400: 108.661: [Full GC (Ergonomics) [PSYoungGen: 88064K->12310K(175104K)] [ParOldGen: 521767K->523796K(524288K)] 609831K->536106K(699392K), [Metaspace: 43950K->43950K(1087488K)], 0.1584970 secs] [Times: user=2.20 sys=0.02, real=0.16 secs] 
2016-09-24T03:07:09.315-0400: 108.867: [Full GC (Ergonomics) [PSYoungGen: 86146K->17880K(175104K)] [ParOldGen: 523796K->524245K(524288K)] 609943K->542126K(699392K), [Metaspace: 43950K->43950K(1087488K)], 0.1658213 secs] [Times: user=2.24 sys=0.02, real=0.16 secs] 
2016-09-24T03:07:09.524-0400: 109.076: [Full GC (Ergonomics) [PSYoungGen: 85691K->20550K(175104K)] [ParOldGen: 524245K->521973K(524288K)] 609936K->542524K(699392K), [Metaspace: 43950K->43950K(1087488K)], 0.1757865 secs] [Times: user=2.39 sys=0.00, real=0.17 secs] 
2016-09-24T03:07:09.739-0400: 109.292: [Full GC (Ergonomics) [PSYoungGen: 85513K->15029K(175104K)] [ParOldGen: 521973K->522555K(524288K)] 607486K->537584K(699392K), [Metaspace: 43950K->43950K(1087488K)], 0.1646524 secs] [Times: user=2.26 sys=0.01, real=0.17 secs] 
2016-09-24T03:07:09.952-0400: 109.504: [Full GC (Ergonomics) [PSYoungGen: 86996K->14001K(175104K)] [ParOldGen: 522555K->522785K(524288K)] 609552K->536787K(699392K), [Metaspace: 43950K->43950K(1087488K)], 0.1782867 secs] [Times: user=2.19 sys=0.02, real=0.18 secs] 
2016-09-24T03:07:10.169-0400: 109.722: [Full GC (Ergonomics) [PSYoungGen: 86705K->20682K(175104K)] [ParOldGen: 522785K->523288K(524288K)] 609491K->543971K(699392K), [Metaspace: 43950K->43950K(1087488K)], 0.1550752 secs] [Times: user=2.01 sys=0.02, real=0.16 secs] 
2016-09-24T03:07:10.374-0400: 109.927: [Full GC (Ergonomics) [PSYoungGen: 88064K->23335K(175104K)] [ParOldGen: 523397K->523795K(524288K)] 611461K->547131K(699392K), [Metaspace: 43950K->43950K(1087488K)], 0.1606452 secs] [Times: user=1.88 sys=0.00, real=0.16 secs] 
2016-09-24T03:07:10.588-0400: 110.141: [Full GC (Ergonomics) [PSYoungGen: 88053K->13889K(175104K)] [ParOldGen: 523795K->521609K(524288K)] 611848K->535498K(699392K), [Metaspace: 43950K->43950K(1087488K)], 0.1524632 secs] [Times: user=2.08 sys=0.00, real=0.15 secs] 
2016-09-24T03:07:10.788-0400: 110.341: [Full GC (Ergonomics) [PSYoungGen: 88064K->20828K(175104K)] [ParOldGen: 521632K->521822K(524288K)] 609696K->542651K(699392K), [Metaspace: 43950K->43950K(1087488K)], 0.1469890 secs] [Times: user=2.14 sys=0.01, real=0.15 secs] 
2016-09-24T03:07:10.970-0400: 110.522: [Full GC (Ergonomics) [PSYoungGen: 85744K->17956K(175104K)] [ParOldGen: 521822K->522534K(524288K)] 607566K->540491K(699392K), [Metaspace: 43950K->43950K(1087488K)], 0.1616717 secs] [Times: user=2.31 sys=0.03, real=0.16 secs] 
2016-09-24T03:07:11.178-0400: 110.730: [Full GC (Ergonomics) [PSYoungGen: 87122K->26048K(175104K)] [ParOldGen: 522534K->522976K(524288K)] 609657K->549024K(699392K), [Metaspace: 43950K->43950K(1087488K)], 0.1491702 secs] [Times: user=1.96 sys=0.01, real=0.15 secs] 
2016-09-24T03:07:11.369-0400: 110.921: [Full GC (Ergonomics) [PSYoungGen: 85497K->17944K(175104K)] [ParOldGen: 522976K->523290K(524288K)] 608473K->541234K(699392K), [Metaspace: 43950K->43950K(1087488K)], 0.1799786 secs] [Times: user=2.41 sys=0.01, real=0.18 secs] 
2016-09-24T03:07:11.588-0400: 111.141: [Full GC (Ergonomics) [PSYoungGen: 88064K->26176K(175104K)] [ParOldGen: 523307K->523708K(524288K)] 611371K->549884K(699392K), [Metaspace: 43950K->43950K(1087488K)], 0.1613498 secs] [Times: user=1.99 sys=0.00, real=0.16 secs] 
2016-09-24T03:07:11.788-0400: 111.340: [Full GC (Ergonomics) [PSYoungGen: 87813K->19319K(175104K)] [ParOldGen: 523708K->521608K(524288K)] 611522K->540927K(699392K), [Metaspace: 43950K->43950K(1087488K)], 0.1628621 secs] [Times: user=1.86 sys=0.02, real=0.16 secs] 
2016-09-24T03:07:11.998-0400: 111.550: [Full GC (Ergonomics) [PSYoungGen: 88064K->19311K(175104K)] [ParOldGen: 521612K->523428K(524288K)] 609676K->542740K(699392K), [Metaspace: 43950K->43950K(1087488K)], 0.1516519 secs] [Times: user=2.03 sys=0.02, real=0.15 secs] 
2016-09-24T03:07:12.203-0400: 111.756: [Full GC (Ergonomics) [PSYoungGen: 88064K->22246K(175104K)] [ParOldGen: 523503K->523463K(524288K)] 611567K->545709K(699392K), [Metaspace: 43950K->43950K(1087488K)], 0.1537530 secs] [Times: user=2.20 sys=0.01, real=0.15 secs] 
2016-09-24T03:07:12.388-0400: 111.940: [Full GC (Ergonomics) [PSYoungGen: 88064K->30113K(175104K)] [ParOldGen: 523497K->524238K(524288K)] 611561K->554351K(699392K), [Metaspace: 43950K->43950K(1087488K)], 0.1703205 secs] [Times: user=2.43 sys=0.01, real=0.17 secs] 
2016-09-24T03:07:12.602-0400: 112.155: [Full GC (Ergonomics) [PSYoungGen: 87606K->22218K(175104K)] [ParOldGen: 524238K->522842K(524288K)] 611844K->545061K(699392K), [Metaspace: 43950K->43950K(1087488K)], 0.1558218 secs] [Times: user=2.04 sys=0.01, real=0.15 secs] 
2016-09-24T03:07:12.804-0400: 112.356: [Full GC (Ergonomics) [PSYoungGen: 88064K->30331K(175104K)] [ParOldGen: 522960K->521787K(524288K)] 611024K->552119K(699392K), [Metaspace: 43950K->43950K(1087488K)], 0.1508473 secs] [Times: user=2.15 sys=0.01, real=0.15 secs] 
2016-09-24T03:07:12.992-0400: 112.545: [Full GC (Ergonomics) [PSYoungGen: 88064K->19431K(175104K)] [ParOldGen: 523217K->523635K(524288K)] 611281K->543067K(699392K), [Metaspace: 43950K->43950K(1087488K)], 0.1627918 secs] [Times: user=2.39 sys=0.01, real=0.17 secs] 
2016-09-24T03:07:13.209-0400: 112.762: [Full GC (Ergonomics) [PSYoungGen: 87742K->14343K(175104K)] [ParOldGen: 523635K->523597K(524288K)] 611378K->537940K(699392K), [Metaspace: 43953K->43953K(1087488K)], 0.1759126 secs] [Times: user=2.53 sys=0.01, real=0.18 secs] 
2016-09-24T03:07:13.425-0400: 112.977: [Full GC (Ergonomics) [PSYoungGen: 86296K->22129K(175104K)] [ParOldGen: 523597K->524254K(524288K)] 609893K->546384K(699392K), [Metaspace: 43953K->43953K(1087488K)], 0.1835381 secs] [Times: user=2.41 sys=0.03, real=0.18 secs] 
2016-09-24T03:07:13.655-0400: 113.207: [Full GC (Ergonomics) [PSYoungGen: 88064K->20729K(175104K)] [ParOldGen: 524286K->523339K(524288K)] 612350K->544068K(699392K), [Metaspace: 43953K->43953K(1087488K)], 0.1742431 secs] [Times: user=2.46 sys=0.01, real=0.17 secs] 
2016-09-24T03:07:13.879-0400: 113.432: [Full GC (Ergonomics) [PSYoungGen: 88064K->22235K(175104K)] [ParOldGen: 523351K->523248K(524288K)] 611415K->545484K(699392K), [Metaspace: 43953K->43953K(1087488K)], 0.1967569 secs] [Times: user=2.55 sys=0.02, real=0.20 secs] 
2016-09-24T03:07:14.114-0400: 113.667: [Full GC (Ergonomics) [PSYoungGen: 88064K->32941K(175104K)] [ParOldGen: 523335K->523831K(524288K)] 611399K->556772K(699392K), [Metaspace: 43953K->43953K(1087488K)], 0.1669164 secs] [Times: user=2.11 sys=0.01, real=0.17 secs] 
2016-09-24T03:07:14.323-0400: 113.876: [Full GC (Ergonomics) [PSYoungGen: 88064K->20899K(175104K)] [ParOldGen: 524170K->523971K(524288K)] 612234K->544870K(699392K), [Metaspace: 43953K->43953K(1087488K)], 0.1687025 secs] [Times: user=2.52 sys=0.01, real=0.16 secs] 
2016-09-24T03:07:14.530-0400: 114.083: [Full GC (Ergonomics) [PSYoungGen: 88064K->27672K(175104K)] [ParOldGen: 524213K->524236K(524288K)] 612277K->551909K(699392K), [Metaspace: 43953K->43953K(1087488K)], 0.1678443 secs] [Times: user=2.34 sys=0.01, real=0.17 secs] 
2016-09-24T03:07:14.749-0400: 114.302: [Full GC (Ergonomics) [PSYoungGen: 88005K->18348K(175104K)] [ParOldGen: 524236K->523417K(524288K)] 612242K->541766K(699392K), [Metaspace: 43953K->43953K(1087488K)], 0.1838704 secs] [Times: user=2.29 sys=0.01, real=0.18 secs] 
2016-09-24T03:07:14.974-0400: 114.526: [Full GC (Ergonomics) [PSYoungGen: 87453K->23499K(175104K)] [ParOldGen: 523417K->523889K(524288K)] 610870K->547389K(699392K), [Metaspace: 43953K->43953K(1087488K)], 0.1997791 secs] [Times: user=2.24 sys=0.01, real=0.20 secs] 
2016-09-24T03:07:15.216-0400: 114.769: [Full GC (Ergonomics) [PSYoungGen: 86816K->29065K(175104K)] [ParOldGen: 523889K->522771K(524288K)] 610706K->551837K(699392K), [Metaspace: 43953K->43953K(1087488K)], 0.1904786 secs] [Times: user=2.68 sys=0.01, real=0.19 secs] 
2016-09-24T03:07:15.449-0400: 115.001: [Full GC (Ergonomics) [PSYoungGen: 87611K->22276K(175104K)] [ParOldGen: 522771K->523093K(524288K)] 610382K->545369K(699392K), [Metaspace: 43960K->43960K(1087488K)], 0.1747863 secs] [Times: user=2.63 sys=0.02, real=0.18 secs] 
2016-09-24T03:07:15.658-0400: 115.211: [Full GC (Ergonomics) [PSYoungGen: 85770K->29374K(175104K)] [ParOldGen: 523093K->521823K(524288K)] 608863K->551197K(699392K), [Metaspace: 43960K->43960K(1087488K)], 0.1544301 secs] [Times: user=2.30 sys=0.01, real=0.15 secs] 
2016-09-24T03:07:17.612-0400: 117.164: [Full GC (Ergonomics) [PSYoungGen: 88064K->0K(175104K)] [ParOldGen: 521891K->520284K(524288K)] 609955K->520284K(699392K), [Metaspace: 44002K->43994K(1087488K)], 0.0914858 secs] [Times: user=1.06 sys=0.01, real=0.10 secs] 
2016-09-24T03:07:23.131-0400: 122.683: [Full GC (Ergonomics) [PSYoungGen: 88064K->0K(175104K)] [ParOldGen: 520284K->434505K(524288K)] 608348K->434505K(699392K), [Metaspace: 44005K->44005K(1087488K)], 0.0806758 secs] [Times: user=0.55 sys=0.02, real=0.08 secs] 
2016-09-24T03:07:28.616-0400: 128.169: [GC (Allocation Failure) [PSYoungGen: 88064K->22149K(175104K)] 522569K->456654K(699392K), 0.0263282 secs] [Times: user=0.22 sys=0.00, real=0.03 secs] 
2016-09-24T03:07:33.896-0400: 133.449: [GC (Allocation Failure) [PSYoungGen: 110212K->22373K(175104K)] 544718K->478748K(699392K), 0.0136407 secs] [Times: user=0.11 sys=0.00, real=0.01 secs] 
2016-09-24T03:07:39.384-0400: 138.937: [GC (Allocation Failure) [PSYoungGen: 110437K->22341K(175104K)] 566812K->500873K(699392K), 0.0179475 secs] [Times: user=0.05 sys=0.04, real=0.02 secs] 
2016-09-24T03:07:44.927-0400: 144.480: [GC (Allocation Failure) [PSYoungGen: 110405K->22501K(175104K)] 588937K->523110K(699392K), 0.0114487 secs] [Times: user=0.06 sys=0.00, real=0.01 secs] 
2016-09-24T03:07:44.939-0400: 144.492: [Full GC (Ergonomics) [PSYoungGen: 22501K->0K(175104K)] [ParOldGen: 500609K->411616K(524288K)] 523110K->411616K(699392K), [Metaspace: 44040K->44040K(1087488K)], 0.1173244 secs] [Times: user=1.02 sys=0.02, real=0.12 secs] 
