Java HotSpot(TM) 64-Bit Server VM (25.101-b13) for linux-amd64 JRE (1.8.0_101-b13), built on Jun 22 2016 02:59:44 by "java_re" with gcc 4.3.0 20080428 (Red Hat 4.3.0-8)
Memory: 4k page, physical 264122320k(234823300k free), swap 268399612k(268399612k free)
CommandLine flags: -XX:GCLogFileSize=1048576 -XX:+HeapDumpOnOutOfMemoryError -XX:HeapDumpPath=artifacts/heapdump -XX:InitialHeapSize=805306368 -XX:MaxHeapSize=805306368 -XX:NumberOfGCLogFiles=10 -XX:+PrintGC -XX:+PrintGCDateStamps -XX:+PrintGCDetails -XX:+PrintGCTimeStamps -XX:+UseCompressedClassPointers -XX:+UseCompressedOops -XX:+UseGCLogFileRotation -XX:+UseParallelGC 
2016-09-24T02:43:31.004-0400: 2.157: [GC (Metadata GC Threshold) [PSYoungGen: 125830K->15637K(229376K)] 125830K->15725K(753664K), 0.0303774 secs] [Times: user=0.26 sys=0.00, real=0.03 secs] 
2016-09-24T02:43:31.035-0400: 2.187: [Full GC (Metadata GC Threshold) [PSYoungGen: 15637K->0K(229376K)] [ParOldGen: 88K->14603K(323072K)] 15725K->14603K(552448K), [Metaspace: 21073K->21073K(1067008K)], 0.0392570 secs] [Times: user=0.34 sys=0.00, real=0.03 secs] 
2016-09-24T02:43:32.830-0400: 3.983: [GC (Metadata GC Threshold) [PSYoungGen: 117582K->15115K(229376K)] 132185K->29854K(552448K), 0.0158858 secs] [Times: user=0.12 sys=0.04, real=0.02 secs] 
2016-09-24T02:43:32.846-0400: 3.999: [Full GC (Metadata GC Threshold) [PSYoungGen: 15115K->0K(229376K)] [ParOldGen: 14739K->20495K(524288K)] 29854K->20495K(753664K), [Metaspace: 34974K->34974K(1079296K)], 0.0574049 secs] [Times: user=0.52 sys=0.00, real=0.06 secs] 
2016-09-24T02:43:34.549-0400: 5.702: [GC (GCLocker Initiated GC) [PSYoungGen: 194830K->32743K(229376K)] 218025K->81975K(753664K), 0.0130403 secs] [Times: user=0.14 sys=0.02, real=0.02 secs] 
2016-09-24T02:43:34.728-0400: 5.881: [GC (GCLocker Initiated GC) [PSYoungGen: 229351K->27272K(229376K)] 288062K->85991K(753664K), 0.0070024 secs] [Times: user=0.08 sys=0.02, real=0.01 secs] 
2016-09-24T02:43:34.856-0400: 6.009: [GC (GCLocker Initiated GC) [PSYoungGen: 223880K->32741K(229376K)] 290743K->106218K(753664K), 0.0120216 secs] [Times: user=0.18 sys=0.00, real=0.01 secs] 
2016-09-24T02:43:34.985-0400: 6.137: [GC (GCLocker Initiated GC) [PSYoungGen: 229349K->32034K(191488K)] 316550K->120585K(715776K), 0.0231632 secs] [Times: user=0.29 sys=0.01, real=0.02 secs] 
2016-09-24T02:43:35.126-0400: 6.278: [GC (GCLocker Initiated GC) [PSYoungGen: 190754K->47050K(205824K)] 292860K->149157K(730112K), 0.0061496 secs] [Times: user=0.08 sys=0.00, real=0.00 secs] 
2016-09-24T02:43:35.230-0400: 6.382: [GC (GCLocker Initiated GC) [PSYoungGen: 205770K->55693K(191488K)] 313510K->187721K(715776K), 0.0149912 secs] [Times: user=0.18 sys=0.03, real=0.02 secs] 
2016-09-24T02:43:35.316-0400: 6.469: [GC (GCLocker Initiated GC) [PSYoungGen: 190861K->49763K(185344K)] 332487K->205574K(709632K), 0.0078819 secs] [Times: user=0.07 sys=0.02, real=0.01 secs] 
2016-09-24T02:43:35.396-0400: 6.549: [GC (GCLocker Initiated GC) [PSYoungGen: 184931K->65773K(180736K)] 340801K->224791K(705024K), 0.0290293 secs] [Times: user=0.35 sys=0.00, real=0.03 secs] 
2016-09-24T02:43:35.487-0400: 6.639: [GC (GCLocker Initiated GC) [PSYoungGen: 180461K->32915K(188416K)] 345005K->219497K(712704K), 0.0092107 secs] [Times: user=0.08 sys=0.02, real=0.01 secs] 
2016-09-24T02:43:35.550-0400: 6.702: [GC (GCLocker Initiated GC) [PSYoungGen: 147603K->58658K(182272K)] 337016K->250997K(706560K), 0.0173177 secs] [Times: user=0.23 sys=0.00, real=0.02 secs] 
2016-09-24T02:43:35.635-0400: 6.787: [GC (GCLocker Initiated GC) [PSYoungGen: 169250K->43764K(186368K)] 364373K->263436K(710656K), 0.0185659 secs] [Times: user=0.22 sys=0.01, real=0.01 secs] 
2016-09-24T02:43:35.709-0400: 6.861: [GC (GCLocker Initiated GC) [PSYoungGen: 154356K->43953K(179712K)] 387639K->290977K(704000K), 0.0103579 secs] [Times: user=0.15 sys=0.00, real=0.01 secs] 
2016-09-24T02:43:35.784-0400: 6.937: [GC (GCLocker Initiated GC) [PSYoungGen: 157105K->63994K(183808K)] 409597K->316759K(708096K), 0.0052222 secs] [Times: user=0.06 sys=0.00, real=0.00 secs] 
2016-09-24T02:43:35.858-0400: 7.010: [GC (GCLocker Initiated GC) [PSYoungGen: 177146K->31810K(187392K)] 435320K->311832K(711680K), 0.0057444 secs] [Times: user=0.06 sys=0.00, real=0.01 secs] 
2016-09-24T02:43:35.939-0400: 7.091: [GC (GCLocker Initiated GC) [PSYoungGen: 143426K->38758K(150528K)] 435682K->331385K(674816K), 0.0057360 secs] [Times: user=0.06 sys=0.00, real=0.01 secs] 
2016-09-24T02:43:36.024-0400: 7.176: [GC (GCLocker Initiated GC) [PSYoungGen: 150374K->26579K(184832K)] 455186K->345426K(709120K), 0.0056158 secs] [Times: user=0.05 sys=0.01, real=0.00 secs] 
2016-09-24T02:43:36.099-0400: 7.252: [GC (GCLocker Initiated GC) [PSYoungGen: 138707K->50770K(184320K)] 460263K->372759K(708608K), 0.0052126 secs] [Times: user=0.05 sys=0.00, real=0.01 secs] 
2016-09-24T02:43:36.174-0400: 7.326: [GC (GCLocker Initiated GC) [PSYoungGen: 162898K->42730K(185344K)] 491496K->371724K(709632K), 0.0051498 secs] [Times: user=0.04 sys=0.00, real=0.01 secs] 
2016-09-24T02:43:36.247-0400: 7.400: [GC (GCLocker Initiated GC) [PSYoungGen: 159978K->58948K(187392K)] 489165K->402139K(711680K), 0.0204069 secs] [Times: user=0.23 sys=0.01, real=0.02 secs] 
2016-09-24T02:43:36.338-0400: 7.491: [GC (GCLocker Initiated GC) [PSYoungGen: 176196K->60454K(182272K)] 526194K->410886K(706560K), 0.0103027 secs] [Times: user=0.12 sys=0.01, real=0.01 secs] 
2016-09-24T02:43:36.414-0400: 7.566: [GC (GCLocker Initiated GC) [PSYoungGen: 168998K->27641K(185344K)] 526270K->388107K(709632K), 0.0148986 secs] [Times: user=0.12 sys=0.01, real=0.02 secs] 
2016-09-24T02:43:36.492-0400: 7.645: [GC (GCLocker Initiated GC) [PSYoungGen: 136185K->41526K(179200K)] 504866K->424139K(703488K), 0.0161413 secs] [Times: user=0.19 sys=0.02, real=0.02 secs] 
2016-09-24T02:43:36.577-0400: 7.729: [GC (GCLocker Initiated GC) [PSYoungGen: 150070K->45383K(182272K)] 538119K->447375K(706560K), 0.0080497 secs] [Times: user=0.06 sys=0.01, real=0.01 secs] 
2016-09-24T02:43:36.638-0400: 7.791: [GC (GCLocker Initiated GC) [PSYoungGen: 153927K->61680K(183296K)] 561361K->469538K(707584K), 0.0089685 secs] [Times: user=0.10 sys=0.01, real=0.01 secs] 
2016-09-24T02:43:36.705-0400: 7.858: [GC (GCLocker Initiated GC) [PSYoungGen: 173296K->59012K(171008K)] 584024K->478281K(695296K), 0.0101072 secs] [Times: user=0.10 sys=0.00, real=0.01 secs] 
2016-09-24T02:43:36.780-0400: 7.932: [GC (GCLocker Initiated GC) [PSYoungGen: 170628K->49639K(186880K)] 592072K->474241K(711168K), 0.0094112 secs] [Times: user=0.11 sys=0.00, real=0.01 secs] 
2016-09-24T02:43:36.852-0400: 8.004: [GC (GCLocker Initiated GC) [PSYoungGen: 159207K->56138K(184832K)] 586603K->484021K(709120K), 0.0067904 secs] [Times: user=0.06 sys=0.00, real=0.01 secs] 
2016-09-24T02:43:36.918-0400: 8.071: [GC (GCLocker Initiated GC) [PSYoungGen: 165706K->30644K(184832K)] 596368K->499664K(709120K), 0.0090404 secs] [Times: user=0.08 sys=0.04, real=0.01 secs] 
2016-09-24T02:43:36.981-0400: 8.134: [GC (GCLocker Initiated GC) [PSYoungGen: 139700K->56234K(185344K)] 608931K->528645K(709632K), 0.0072789 secs] [Times: user=0.09 sys=0.00, real=0.01 secs] 
2016-09-24T02:43:37.078-0400: 8.230: [GC (GCLocker Initiated GC) [PSYoungGen: 165290K->55040K(185344K)] 645867K->536044K(709632K), 0.0052478 secs] [Times: user=0.06 sys=0.00, real=0.01 secs] 
2016-09-24T02:43:37.138-0400: 8.290: [GC (GCLocker Initiated GC) [PSYoungGen: 163584K->75244K(183808K)] 647416K->567704K(708096K), 0.0068401 secs] [Times: user=0.07 sys=0.01, real=0.01 secs] 
2016-09-24T02:43:37.207-0400: 8.359: [Full GC (Ergonomics) [PSYoungGen: 183788K->0K(183808K)] [ParOldGen: 496576K->49769K(524288K)] 680365K->49769K(708096K), [Metaspace: 43059K->43055K(1085440K)], 0.1887488 secs] [Times: user=2.45 sys=0.01, real=0.19 secs] 
2016-09-24T02:43:37.449-0400: 8.601: [GC (GCLocker Initiated GC) [PSYoungGen: 108544K->75500K(166400K)] 165252K->132217K(690688K), 0.0063524 secs] [Times: user=0.08 sys=0.00, real=0.01 secs] 
2016-09-24T02:43:37.500-0400: 8.653: [GC (GCLocker Initiated GC) [PSYoungGen: 163564K->60238K(175104K)] 220367K->139363K(699392K), 0.0067931 secs] [Times: user=0.08 sys=0.01, real=0.01 secs] 
2016-09-24T02:43:37.565-0400: 8.718: [GC (GCLocker Initiated GC) [PSYoungGen: 148302K->60284K(175104K)] 234233K->160081K(699392K), 0.0055926 secs] [Times: user=0.07 sys=0.00, real=0.00 secs] 
2016-09-24T02:43:37.620-0400: 8.773: [GC (GCLocker Initiated GC) [PSYoungGen: 148348K->48134K(136704K)] 256278K->183475K(660992K), 0.0066097 secs] [Times: user=0.09 sys=0.00, real=0.01 secs] 
2016-09-24T02:43:37.694-0400: 8.847: [GC (GCLocker Initiated GC) [PSYoungGen: 136198K->31915K(173056K)] 286566K->201563K(697344K), 0.0048333 secs] [Times: user=0.05 sys=0.00, real=0.01 secs] 
2016-09-24T02:43:37.747-0400: 8.899: [GC (GCLocker Initiated GC) [PSYoungGen: 119467K->57629K(173568K)] 295966K->234578K(697856K), 0.0092048 secs] [Times: user=0.13 sys=0.00, real=0.01 secs] 
2016-09-24T02:43:37.803-0400: 8.956: [GC (GCLocker Initiated GC) [PSYoungGen: 145181K->57492K(173568K)] 322177K->234969K(697856K), 0.0062965 secs] [Times: user=0.08 sys=0.00, real=0.00 secs] 
2016-09-24T02:43:37.856-0400: 9.009: [GC (GCLocker Initiated GC) [PSYoungGen: 148628K->48102K(174592K)] 328845K->244855K(698880K), 0.0051406 secs] [Times: user=0.07 sys=0.00, real=0.00 secs] 
2016-09-24T02:43:37.909-0400: 9.061: [GC (GCLocker Initiated GC) [PSYoungGen: 139238K->57584K(177664K)] 340529K->270095K(701952K), 0.0054398 secs] [Times: user=0.07 sys=0.00, real=0.00 secs] 
2016-09-24T02:43:37.962-0400: 9.114: [GC (GCLocker Initiated GC) [PSYoungGen: 154864K->64412K(177664K)] 375639K->285598K(701952K), 0.0059842 secs] [Times: user=0.08 sys=0.00, real=0.01 secs] 
2016-09-24T02:43:38.016-0400: 9.168: [GC (GCLocker Initiated GC) [PSYoungGen: 161692K->45292K(180736K)] 382975K->272401K(705024K), 0.0066465 secs] [Times: user=0.04 sys=0.00, real=0.01 secs] 
2016-09-24T02:43:38.077-0400: 9.229: [GC (GCLocker Initiated GC) [PSYoungGen: 144620K->45416K(144896K)] 380073K->281210K(669184K), 0.0052747 secs] [Times: user=0.05 sys=0.00, real=0.01 secs] 
2016-09-24T02:43:38.130-0400: 9.283: [GC (GCLocker Initiated GC) [PSYoungGen: 144744K->50719K(181760K)] 386186K->303355K(706048K), 0.0134819 secs] [Times: user=0.18 sys=0.01, real=0.02 secs] 
2016-09-24T02:43:38.206-0400: 9.359: [GC (GCLocker Initiated GC) [PSYoungGen: 153119K->72388K(179200K)] 405790K->325483K(703488K), 0.0060949 secs] [Times: user=0.07 sys=0.01, real=0.00 secs] 
2016-09-24T02:43:38.270-0400: 9.423: [GC (GCLocker Initiated GC) [PSYoungGen: 174788K->38647K(180224K)] 434813K->315238K(704512K), 0.0060397 secs] [Times: user=0.06 sys=0.00, real=0.01 secs] 
2016-09-24T02:43:38.324-0400: 9.477: [GC (GCLocker Initiated GC) [PSYoungGen: 136951K->77802K(176128K)] 413660K->354998K(700416K), 0.0069310 secs] [Times: user=0.07 sys=0.00, real=0.00 secs] 
2016-09-24T02:43:38.380-0400: 9.533: [GC (GCLocker Initiated GC) [PSYoungGen: 176106K->49452K(176128K)] 453425K->346059K(700416K), 0.0054588 secs] [Times: user=0.08 sys=0.00, real=0.01 secs] 
2016-09-24T02:43:38.435-0400: 9.588: [GC (GCLocker Initiated GC) [PSYoungGen: 139564K->43828K(134144K)] 443042K->347677K(658432K), 0.0283155 secs] [Times: user=0.35 sys=0.00, real=0.03 secs] 
2016-09-24T02:43:38.505-0400: 9.657: [GC (GCLocker Initiated GC) [PSYoungGen: 133940K->62970K(174080K)] 437836K->391578K(698368K), 0.0103397 secs] [Times: user=0.15 sys=0.00, real=0.01 secs] 
2016-09-24T02:43:38.559-0400: 9.711: [GC (GCLocker Initiated GC) [PSYoungGen: 152570K->64366K(174592K)] 481416K->404401K(698880K), 0.0072145 secs] [Times: user=0.08 sys=0.00, real=0.01 secs] 
2016-09-24T02:43:38.617-0400: 9.770: [GC (GCLocker Initiated GC) [PSYoungGen: 153966K->56233K(172544K)] 499557K->410328K(696832K), 0.0057564 secs] [Times: user=0.06 sys=0.01, real=0.01 secs] 
2016-09-24T02:43:38.681-0400: 9.833: [GC (GCLocker Initiated GC) [PSYoungGen: 147881K->75115K(174592K)] 504776K->432397K(698880K), 0.0072679 secs] [Times: user=0.09 sys=0.00, real=0.01 secs] 
2016-09-24T02:43:38.740-0400: 9.892: [GC (GCLocker Initiated GC) [PSYoungGen: 166763K->57583K(176640K)] 529635K->431674K(700928K), 0.0059961 secs] [Times: user=0.07 sys=0.00, real=0.01 secs] 
2016-09-24T02:43:38.804-0400: 9.956: [GC (GCLocker Initiated GC) [PSYoungGen: 148207K->33265K(175104K)] 534543K->419995K(699392K), 0.0070567 secs] [Times: user=0.09 sys=0.01, real=0.00 secs] 
2016-09-24T02:43:38.856-0400: 10.009: [GC (GCLocker Initiated GC) [PSYoungGen: 123889K->84551K(174080K)] 513369K->474480K(698368K), 0.0065626 secs] [Times: user=0.09 sys=0.00, real=0.01 secs] 
2016-09-24T02:43:38.904-0400: 10.057: [GC (GCLocker Initiated GC) [PSYoungGen: 172615K->68370K(175104K)] 565332K->477690K(699392K), 0.0070871 secs] [Times: user=0.11 sys=0.00, real=0.00 secs] 
2016-09-24T02:43:38.959-0400: 10.111: [GC (GCLocker Initiated GC) [PSYoungGen: 156434K->58837K(175104K)] 565893K->468646K(699392K), 0.0075387 secs] [Times: user=0.06 sys=0.00, real=0.01 secs] 
2016-09-24T02:43:39.010-0400: 10.163: [GC (GCLocker Initiated GC) [PSYoungGen: 146901K->76438K(175104K)] 556826K->500258K(699392K), 0.0067584 secs] [Times: user=0.08 sys=0.00, real=0.01 secs] 
2016-09-24T02:43:39.058-0400: 10.211: [GC (GCLocker Initiated GC) [PSYoungGen: 164502K->54869K(175104K)] 588372K->500706K(699392K), 0.0059845 secs] [Times: user=0.08 sys=0.00, real=0.01 secs] 
2016-09-24T02:43:39.111-0400: 10.264: [GC (GCLocker Initiated GC) [PSYoungGen: 142933K->41319K(175104K)] 594207K->503798K(699392K), 0.0069678 secs] [Times: user=0.08 sys=0.00, real=0.01 secs] 
2016-09-24T02:43:39.162-0400: 10.314: [GC (GCLocker Initiated GC) [PSYoungGen: 129383K->50769K(175104K)] 591914K->529927K(699392K), 0.0068299 secs] [Times: user=0.06 sys=0.03, real=0.01 secs] 
2016-09-24T02:43:39.210-0400: 10.362: [GC (GCLocker Initiated GC) [PSYoungGen: 138833K->68429K(175104K)] 622090K->560181K(699392K), 0.0098121 secs] [Times: user=0.10 sys=0.01, real=0.01 secs] 
2016-09-24T02:43:39.260-0400: 10.413: [GC (GCLocker Initiated GC) [PSYoungGen: 156493K->53551K(175104K)] 648316K->559307K(699392K), 0.0072892 secs] [Times: user=0.06 sys=0.00, real=0.01 secs] 
2016-09-24T02:43:39.268-0400: 10.420: [Full GC (Ergonomics) [PSYoungGen: 53551K->0K(175104K)] [ParOldGen: 505756K->68825K(524288K)] 559307K->68825K(699392K), [Metaspace: 43213K->43213K(1085440K)], 0.0430801 secs] [Times: user=0.34 sys=0.01, real=0.04 secs] 
2016-09-24T02:43:39.362-0400: 10.514: [GC (GCLocker Initiated GC) [PSYoungGen: 88064K->75344K(175104K)] 156955K->144235K(699392K), 0.0067392 secs] [Times: user=0.08 sys=0.00, real=0.01 secs] 
2016-09-24T02:43:39.421-0400: 10.574: [GC (GCLocker Initiated GC) [PSYoungGen: 163408K->54883K(175104K)] 235079K->147450K(699392K), 0.0060459 secs] [Times: user=0.08 sys=0.01, real=0.01 secs] 
2016-09-24T02:43:39.468-0400: 10.620: [GC (GCLocker Initiated GC) [PSYoungGen: 142947K->61652K(175104K)] 235591K->181730K(699392K), 0.0072741 secs] [Times: user=0.09 sys=0.01, real=0.01 secs] 
2016-09-24T02:43:39.528-0400: 10.680: [GC (GCLocker Initiated GC) [PSYoungGen: 149716K->60283K(169984K)] 272558K->194307K(694272K), 0.0063202 secs] [Times: user=0.07 sys=0.00, real=0.00 secs] 
2016-09-24T02:43:39.577-0400: 10.729: [GC (GCLocker Initiated GC) [PSYoungGen: 148347K->61620K(172544K)] 282487K->220447K(696832K), 0.0064453 secs] [Times: user=0.09 sys=0.00, real=0.01 secs] 
2016-09-24T02:43:39.630-0400: 10.783: [GC (GCLocker Initiated GC) [PSYoungGen: 149684K->58965K(172544K)] 311236K->239807K(696832K), 0.0064727 secs] [Times: user=0.07 sys=0.00, real=0.01 secs] 
2016-09-24T02:43:39.693-0400: 10.846: [GC (GCLocker Initiated GC) [PSYoungGen: 153685K->31947K(175616K)] 342851K->240440K(699904K), 0.0050001 secs] [Times: user=0.06 sys=0.01, real=0.01 secs] 
2016-09-24T02:43:39.742-0400: 10.894: [GC (GCLocker Initiated GC) [PSYoungGen: 126667K->67051K(176640K)] 340623K->281440K(700928K), 0.0056901 secs] [Times: user=0.06 sys=0.00, real=0.01 secs] 
2016-09-24T02:43:39.793-0400: 10.946: [GC (GCLocker Initiated GC) [PSYoungGen: 160235K->42541K(177664K)] 377372K->276203K(701952K), 0.0071572 secs] [Times: user=0.06 sys=0.00, real=0.01 secs] 
2016-09-24T02:43:39.863-0400: 11.016: [GC (GCLocker Initiated GC) [PSYoungGen: 135725K->37314K(176640K)] 381572K->283604K(700928K), 0.0077443 secs] [Times: user=0.09 sys=0.00, real=0.00 secs] 
2016-09-24T02:43:39.922-0400: 11.075: [GC (GCLocker Initiated GC) [PSYoungGen: 129474K->64319K(156672K)] 375766K->311067K(680960K), 0.0102784 secs] [Times: user=0.13 sys=0.00, real=0.00 secs] 
2016-09-24T02:43:39.980-0400: 11.133: [GC (GCLocker Initiated GC) [PSYoungGen: 156479K->45511K(177664K)] 408829K->298209K(701952K), 0.0047226 secs] [Times: user=0.06 sys=0.00, real=0.01 secs] 
2016-09-24T02:43:40.031-0400: 11.183: [GC (GCLocker Initiated GC) [PSYoungGen: 137671K->56219K(148480K)] 393075K->325581K(672768K), 0.0113845 secs] [Times: user=0.15 sys=0.00, real=0.02 secs] 
2016-09-24T02:43:40.089-0400: 11.242: [GC (GCLocker Initiated GC) [PSYoungGen: 148379K->59108K(175104K)] 430569K->341654K(699392K), 0.0049364 secs] [Times: user=0.06 sys=0.00, real=0.01 secs] 
2016-09-24T02:43:40.144-0400: 11.296: [GC (GCLocker Initiated GC) [PSYoungGen: 152292K->64351K(174080K)] 437577K->369055K(698368K), 0.0067966 secs] [Times: user=0.08 sys=0.02, real=0.00 secs] 
2016-09-24T02:43:40.201-0400: 11.353: [GC (GCLocker Initiated GC) [PSYoungGen: 157535K->62905K(180224K)] 462376K->370788K(704512K), 0.0058932 secs] [Times: user=0.06 sys=0.01, real=0.01 secs] 
2016-09-24T02:43:40.265-0400: 11.418: [GC (GCLocker Initiated GC) [PSYoungGen: 161209K->53579K(152064K)] 474553K->370004K(676352K), 0.0052148 secs] [Times: user=0.06 sys=0.01, real=0.00 secs] 
2016-09-24T02:43:40.321-0400: 11.473: [GC (GCLocker Initiated GC) [PSYoungGen: 151883K->61711K(178688K)] 473779K->392164K(702976K), 0.0190222 secs] [Times: user=0.25 sys=0.02, real=0.02 secs] 
2016-09-24T02:43:40.395-0400: 11.547: [GC (GCLocker Initiated GC) [PSYoungGen: 160527K->49529K(178176K)] 493687K->393937K(702464K), 0.0101144 secs] [Times: user=0.13 sys=0.01, real=0.01 secs] 
2016-09-24T02:43:40.457-0400: 11.610: [GC (GCLocker Initiated GC) [PSYoungGen: 148345K->64287K(180224K)] 492887K->409270K(704512K), 0.0152928 secs] [Times: user=0.20 sys=0.03, real=0.01 secs] 
2016-09-24T02:43:40.528-0400: 11.680: [GC (GCLocker Initiated GC) [PSYoungGen: 166175K->53592K(181248K)] 523474K->424740K(705536K), 0.0123629 secs] [Times: user=0.16 sys=0.02, real=0.01 secs] 
2016-09-24T02:43:40.606-0400: 11.758: [GC (GCLocker Initiated GC) [PSYoungGen: 155480K->44129K(182272K)] 526630K->415789K(706560K), 0.0084503 secs] [Times: user=0.10 sys=0.01, real=0.01 secs] 
2016-09-24T02:43:40.668-0400: 11.821: [GC (GCLocker Initiated GC) [PSYoungGen: 148577K->64411K(182272K)] 529846K->446091K(706560K), 0.0083512 secs] [Times: user=0.12 sys=0.00, real=0.01 secs] 
2016-09-24T02:43:40.736-0400: 11.889: [GC (GCLocker Initiated GC) [PSYoungGen: 168859K->54929K(181248K)] 557301K->468129K(705536K), 0.0060557 secs] [Times: user=0.06 sys=0.02, real=0.01 secs] 
2016-09-24T02:43:40.798-0400: 11.951: [GC (GCLocker Initiated GC) [PSYoungGen: 160401K->57785K(182272K)] 583129K->480994K(706560K), 0.0056431 secs] [Times: user=0.06 sys=0.00, real=0.01 secs] 
2016-09-24T02:43:40.872-0400: 12.024: [GC (GCLocker Initiated GC) [PSYoungGen: 163257K->41461K(183808K)] 593351K->490982K(708096K), 0.0072950 secs] [Times: user=0.08 sys=0.03, real=0.01 secs] 
2016-09-24T02:43:40.929-0400: 12.082: [GC (GCLocker Initiated GC) [PSYoungGen: 150005K->64333K(184832K)] 599592K->535978K(709120K), 0.0066230 secs] [Times: user=0.08 sys=0.01, real=0.01 secs] 
2016-09-24T02:43:41.000-0400: 12.153: [GC (GCLocker Initiated GC) [PSYoungGen: 172877K->49639K(184832K)] 648761K->542134K(709120K), 0.0065101 secs] [Times: user=0.08 sys=0.02, real=0.01 secs] 
2016-09-24T02:43:41.007-0400: 12.159: [Full GC (Ergonomics) [PSYoungGen: 49639K->0K(184832K)] [ParOldGen: 492494K->71978K(524288K)] 542134K->71978K(709120K), [Metaspace: 43240K->43240K(1085440K)], 0.0478143 secs] [Times: user=0.37 sys=0.05, real=0.05 secs] 
2016-09-24T02:43:41.106-0400: 12.259: [GC (GCLocker Initiated GC) [PSYoungGen: 108544K->70035K(178688K)] 187304K->148796K(702976K), 0.0054409 secs] [Times: user=0.07 sys=0.00, real=0.00 secs] 
2016-09-24T02:43:41.174-0400: 12.326: [GC (GCLocker Initiated GC) [PSYoungGen: 178579K->59011K(183808K)] 259049K->161746K(708096K), 0.0059064 secs] [Times: user=0.09 sys=0.00, real=0.01 secs] 
2016-09-24T02:43:41.228-0400: 12.380: [GC (GCLocker Initiated GC) [PSYoungGen: 162947K->56169K(160256K)] 267025K->176920K(684544K), 0.0064024 secs] [Times: user=0.06 sys=0.01, real=0.01 secs] 
2016-09-24T02:43:41.283-0400: 12.436: [GC (GCLocker Initiated GC) [PSYoungGen: 160105K->68415K(177664K)] 281031K->205920K(701952K), 0.0065365 secs] [Times: user=0.07 sys=0.01, real=0.00 secs] 
2016-09-24T02:43:41.347-0400: 12.499: [GC (GCLocker Initiated GC) [PSYoungGen: 169791K->48179K(180224K)] 312765K->207764K(704512K), 0.0056600 secs] [Times: user=0.07 sys=0.00, real=0.00 secs] 
2016-09-24T02:43:41.404-0400: 12.556: [GC (GCLocker Initiated GC) [PSYoungGen: 149555K->56357K(178688K)] 324067K->231318K(702976K), 0.0084254 secs] [Times: user=0.22 sys=0.02, real=0.00 secs] 
2016-09-24T02:43:41.486-0400: 12.638: [GC (GCLocker Initiated GC) [PSYoungGen: 161317K->46797K(181248K)] 341770K->235813K(705536K), 0.0208160 secs] [Times: user=0.21 sys=0.03, real=0.02 secs] 
2016-09-24T02:43:41.556-0400: 12.708: [GC (GCLocker Initiated GC) [PSYoungGen: 151757K->62984K(184832K)] 340832K->252483K(709120K), 0.0050700 secs] [Times: user=0.06 sys=0.00, real=0.00 secs] 
2016-09-24T02:43:41.625-0400: 12.778: [GC (GCLocker Initiated GC) [PSYoungGen: 171528K->56325K(165376K)] 370579K->266580K(689664K), 0.0059778 secs] [Times: user=0.08 sys=0.02, real=0.00 secs] 
2016-09-24T02:43:41.683-0400: 12.836: [GC (GCLocker Initiated GC) [PSYoungGen: 164869K->68383K(181248K)] 375207K->290000K(705536K), 0.0060841 secs] [Times: user=0.09 sys=0.01, real=0.00 secs] 
2016-09-24T02:43:41.745-0400: 12.898: [GC (GCLocker Initiated GC) [PSYoungGen: 174879K->38697K(145408K)] 400754K->286598K(669696K), 0.0052165 secs] [Times: user=0.07 sys=0.01, real=0.00 secs] 
2016-09-24T02:43:41.804-0400: 12.957: [GC (GCLocker Initiated GC) [PSYoungGen: 145193K->46751K(184320K)] 403610K->305634K(708608K), 0.0099182 secs] [Times: user=0.13 sys=0.01, real=0.00 secs] 
2016-09-24T02:43:41.879-0400: 13.031: [GC (GCLocker Initiated GC) [PSYoungGen: 152223K->45376K(151040K)] 418026K->325099K(675328K), 0.0144578 secs] [Times: user=0.16 sys=0.02, real=0.01 secs] 
2016-09-24T02:43:41.950-0400: 13.103: [GC (GCLocker Initiated GC) [PSYoungGen: 150848K->72328K(175616K)] 430668K->352472K(699904K), 0.0254532 secs] [Times: user=0.36 sys=0.02, real=0.03 secs] 
2016-09-24T02:43:42.029-0400: 13.181: [GC (GCLocker Initiated GC) [PSYoungGen: 170632K->57339K(180224K)] 456211K->364789K(704512K), 0.0059038 secs] [Times: user=0.08 sys=0.00, real=0.01 secs] 
2016-09-24T02:43:42.080-0400: 13.233: [GC (GCLocker Initiated GC) [PSYoungGen: 155643K->45300K(177152K)] 471265K->380096K(701440K), 0.0051964 secs] [Times: user=0.07 sys=0.01, real=0.01 secs] 
2016-09-24T02:43:42.142-0400: 13.295: [GC (GCLocker Initiated GC) [PSYoungGen: 145652K->33057K(179712K)] 491689K->400994K(704000K), 0.0054215 secs] [Times: user=0.06 sys=0.00, real=0.00 secs] 
2016-09-24T02:43:42.216-0400: 13.369: [GC (GCLocker Initiated GC) [PSYoungGen: 133409K->64139K(178688K)] 506818K->437788K(702976K), 0.0057614 secs] [Times: user=0.07 sys=0.00, real=0.00 secs] 
2016-09-24T02:43:42.267-0400: 13.420: [GC (GCLocker Initiated GC) [PSYoungGen: 162443K->57358K(180224K)] 536236K->447597K(704512K), 0.0057200 secs] [Times: user=0.08 sys=0.01, real=0.00 secs] 
2016-09-24T02:43:42.328-0400: 13.481: [GC (GCLocker Initiated GC) [PSYoungGen: 155662K->55976K(176128K)] 551445K->460090K(700416K), 0.0054816 secs] [Times: user=0.07 sys=0.01, real=0.00 secs] 
2016-09-24T02:43:42.385-0400: 13.538: [GC (GCLocker Initiated GC) [PSYoungGen: 155816K->42554K(178176K)] 565381K->473969K(702464K), 0.0061421 secs] [Times: user=0.07 sys=0.00, real=0.00 secs] 
2016-09-24T02:43:42.453-0400: 13.605: [GC (GCLocker Initiated GC) [PSYoungGen: 142394K->53436K(178688K)] 573986K->509562K(702976K), 0.0062373 secs] [Times: user=0.06 sys=0.01, real=0.01 secs] 
2016-09-24T02:43:42.514-0400: 13.667: [GC (GCLocker Initiated GC) [PSYoungGen: 158908K->64172K(181248K)] 615038K->523193K(705536K), 0.0061128 secs] [Times: user=0.07 sys=0.00, real=0.00 secs] 
2016-09-24T02:43:42.588-0400: 13.740: [GC (GCLocker Initiated GC) [PSYoungGen: 169644K->57372K(184832K)] 636830K->524792K(709120K), 0.0082363 secs] [Times: user=0.12 sys=0.01, real=0.01 secs] 
2016-09-24T02:43:42.710-0400: 13.862: [GC (GCLocker Initiated GC) [PSYoungGen: 165404K->49418K(184320K)] 642437K->545607K(708608K), 0.0100234 secs] [Times: user=0.13 sys=0.01, real=0.01 secs] 
2016-09-24T02:43:42.720-0400: 13.873: [Full GC (Ergonomics) [PSYoungGen: 49418K->0K(184320K)] [ParOldGen: 496189K->82772K(524288K)] 545607K->82772K(708608K), [Metaspace: 43242K->43242K(1085440K)], 0.0478081 secs] [Times: user=0.37 sys=0.05, real=0.05 secs] 
2016-09-24T02:43:42.836-0400: 13.989: [GC (GCLocker Initiated GC) [PSYoungGen: 108032K->75210K(175616K)] 190812K->160691K(699904K), 0.0065008 secs] [Times: user=0.07 sys=0.01, real=0.01 secs] 
2016-09-24T02:43:42.907-0400: 14.060: [GC (GCLocker Initiated GC) [PSYoungGen: 175562K->45114K(181248K)] 262448K->133718K(705536K), 0.0071821 secs] [Times: user=0.05 sys=0.01, real=0.01 secs] 
2016-09-24T02:43:42.971-0400: 14.123: [GC (GCLocker Initiated GC) [PSYoungGen: 145466K->38475K(180736K)] 249088K->166622K(705024K), 0.0143342 secs] [Times: user=0.20 sys=0.01, real=0.02 secs] 
2016-09-24T02:43:43.047-0400: 14.199: [GC (GCLocker Initiated GC) [PSYoungGen: 138827K->45289K(145920K)] 277905K->198117K(670208K), 0.0137567 secs] [Times: user=0.18 sys=0.01, real=0.01 secs] 
2016-09-24T02:43:43.115-0400: 14.268: [GC (GCLocker Initiated GC) [PSYoungGen: 145641K->60122K(180224K)] 305408K->220122K(704512K), 0.0098169 secs] [Times: user=0.12 sys=0.01, real=0.01 secs] 
2016-09-24T02:43:43.181-0400: 14.333: [GC (GCLocker Initiated GC) [PSYoungGen: 160986K->43907K(180224K)] 329277K->225940K(704512K), 0.0075098 secs] [Times: user=0.07 sys=0.01, real=0.01 secs] 
2016-09-24T02:43:43.238-0400: 14.391: [GC (GCLocker Initiated GC) [PSYoungGen: 144771K->54643K(180736K)] 326915K->237013K(705024K), 0.0057807 secs] [Times: user=0.05 sys=0.01, real=0.01 secs] 
2016-09-24T02:43:43.296-0400: 14.449: [GC (GCLocker Initiated GC) [PSYoungGen: 159091K->38475K(181248K)] 349652K->229260K(705536K), 0.0061335 secs] [Times: user=0.06 sys=0.01, real=0.01 secs] 
2016-09-24T02:43:43.363-0400: 14.515: [GC (GCLocker Initiated GC) [PSYoungGen: 142923K->60028K(184320K)] 339228K->256559K(708608K), 0.0070308 secs] [Times: user=0.06 sys=0.00, real=0.00 secs] 
2016-09-24T02:43:43.442-0400: 14.595: [GC (GCLocker Initiated GC) [PSYoungGen: 167548K->51943K(159744K)] 364135K->262304K(684032K), 0.0071285 secs] [Times: user=0.07 sys=0.00, real=0.00 secs] 
2016-09-24T02:43:43.499-0400: 14.652: [GC (GCLocker Initiated GC) [PSYoungGen: 159463K->58774K(183296K)] 369891K->269402K(707584K), 0.0078929 secs] [Times: user=0.09 sys=0.00, real=0.01 secs] 
2016-09-24T02:43:43.563-0400: 14.715: [GC (GCLocker Initiated GC) [PSYoungGen: 166806K->53278K(183296K)] 387042K->281838K(707584K), 0.0069203 secs] [Times: user=0.06 sys=0.00, real=0.00 secs] 
2016-09-24T02:43:43.622-0400: 14.774: [GC (GCLocker Initiated GC) [PSYoungGen: 161310K->70922K(179712K)] 389959K->332221K(704000K), 0.0106075 secs] [Times: user=0.10 sys=0.01, real=0.01 secs] 
2016-09-24T02:43:43.693-0400: 14.845: [GC (GCLocker Initiated GC) [PSYoungGen: 177418K->41015K(184320K)] 445563K->325570K(708608K), 0.0079929 secs] [Times: user=0.08 sys=0.01, real=0.01 secs] 
2016-09-24T02:43:43.747-0400: 14.899: [GC (GCLocker Initiated GC) [PSYoungGen: 147511K->66886K(179200K)] 434852K->365295K(703488K), 0.0101058 secs] [Times: user=0.13 sys=0.01, real=0.01 secs] 
2016-09-24T02:43:43.823-0400: 14.976: [GC (GCLocker Initiated GC) [PSYoungGen: 168262K->57391K(181760K)] 469507K->372402K(706048K), 0.0113572 secs] [Times: user=0.16 sys=0.01, real=0.01 secs] 
2016-09-24T02:43:43.901-0400: 15.054: [GC (GCLocker Initiated GC) [PSYoungGen: 158767K->30254K(179200K)] 490040K->375240K(703488K), 0.0056084 secs] [Times: user=0.04 sys=0.01, real=0.01 secs] 
2016-09-24T02:43:43.970-0400: 15.123: [GC (GCLocker Initiated GC) [PSYoungGen: 130606K->46459K(181248K)] 475620K->405227K(705536K), 0.0143153 secs] [Times: user=0.16 sys=0.00, real=0.02 secs] 
2016-09-24T02:43:44.039-0400: 15.192: [GC (GCLocker Initiated GC) [PSYoungGen: 146811K->57399K(180224K)] 505653K->416486K(704512K), 0.0065034 secs] [Times: user=0.05 sys=0.01, real=0.01 secs] 
2016-09-24T02:43:44.096-0400: 15.248: [GC (GCLocker Initiated GC) [PSYoungGen: 159799K->49387K(180736K)] 521619K->430396K(705024K), 0.0075754 secs] [Times: user=0.06 sys=0.01, real=0.01 secs] 
2016-09-24T02:43:44.173-0400: 15.325: [GC (GCLocker Initiated GC) [PSYoungGen: 151787K->49427K(181248K)] 532999K->457983K(705536K), 0.0295551 secs] [Times: user=0.38 sys=0.03, real=0.04 secs] 
2016-09-24T02:43:44.272-0400: 15.424: [GC (GCLocker Initiated GC) [PSYoungGen: 156947K->61626K(181760K)] 571061K->478819K(706048K), 0.0115698 secs] [Times: user=0.15 sys=0.03, real=0.02 secs] 
2016-09-24T02:43:44.368-0400: 15.521: [GC (GCLocker Initiated GC) [PSYoungGen: 169146K->53580K(185344K)] 589063K->482022K(709632K), 0.0111627 secs] [Times: user=0.11 sys=0.02, real=0.01 secs] 
2016-09-24T02:43:44.462-0400: 15.614: [GC (GCLocker Initiated GC) [PSYoungGen: 165708K->45552K(185856K)] 600941K->500159K(710144K), 0.0067776 secs] [Times: user=0.06 sys=0.01, real=0.01 secs] 
2016-09-24T02:43:44.544-0400: 15.696: [GC (Allocation Failure) [PSYoungGen: 157680K->60502K(186368K)] 620541K->542760K(710656K), 0.0102496 secs] [Times: user=0.15 sys=0.02, real=0.01 secs] 
2016-09-24T02:43:44.555-0400: 15.707: [GC (GCLocker Initiated GC) --[PSYoungGen: 61315K->61315K(186368K)] 543573K->584783K(710656K), 0.0049241 secs] [Times: user=0.06 sys=0.01, real=0.00 secs] 
2016-09-24T02:43:44.560-0400: 15.712: [Full GC (Ergonomics) [PSYoungGen: 61315K->0K(186368K)] [ParOldGen: 523468K->88321K(524288K)] 584783K->88321K(710656K), [Metaspace: 43260K->43260K(1085440K)], 0.0459011 secs] [Times: user=0.36 sys=0.01, real=0.05 secs] 
2016-09-24T02:43:44.706-0400: 15.859: [GC (GCLocker Initiated GC) [PSYoungGen: 113242K->52413K(166400K)] 206963K->146135K(690688K), 0.0097233 secs] [Times: user=0.10 sys=0.01, real=0.01 secs] 
2016-09-24T02:43:44.795-0400: 15.948: [GC (GCLocker Initiated GC) [PSYoungGen: 166077K->64645K(185344K)] 266639K->167270K(709632K), 0.0058311 secs] [Times: user=0.08 sys=0.00, real=0.00 secs] 
2016-09-24T02:43:44.867-0400: 16.019: [GC (GCLocker Initiated GC) [PSYoungGen: 177797K->56286K(187392K)] 280551K->159620K(711680K), 0.0047470 secs] [Times: user=0.06 sys=0.00, real=0.00 secs] 
2016-09-24T02:43:44.931-0400: 16.084: [GC (GCLocker Initiated GC) [PSYoungGen: 169438K->48258K(184832K)] 279707K->158968K(709120K), 0.0123338 secs] [Times: user=0.09 sys=0.01, real=0.02 secs] 
2016-09-24T02:43:45.016-0400: 16.169: [GC (GCLocker Initiated GC) [PSYoungGen: 162946K->57760K(186880K)] 277921K->186843K(711168K), 0.0066916 secs] [Times: user=0.07 sys=0.00, real=0.01 secs] 
2016-09-24T02:43:45.098-0400: 16.251: [GC (GCLocker Initiated GC) [PSYoungGen: 172448K->61717K(187904K)] 301638K->202224K(712192K), 0.0057863 secs] [Times: user=0.06 sys=0.00, real=0.01 secs] 
2016-09-24T02:43:45.166-0400: 16.319: [GC (GCLocker Initiated GC) [PSYoungGen: 177429K->49529K(188928K)] 320724K->212236K(713216K), 0.0075620 secs] [Times: user=0.06 sys=0.00, real=0.00 secs] 
2016-09-24T02:43:45.255-0400: 16.408: [GC (GCLocker Initiated GC) [PSYoungGen: 165241K->27971K(184832K)] 338777K->212867K(709120K), 0.0279447 secs] [Times: user=0.31 sys=0.00, real=0.03 secs] 
2016-09-24T02:43:45.353-0400: 16.505: [GC (GCLocker Initiated GC) [PSYoungGen: 140611K->57417K(187392K)] 325532K->256345K(711680K), 0.0086455 secs] [Times: user=0.06 sys=0.00, real=0.01 secs] 
2016-09-24T02:43:45.451-0400: 16.604: [GC (GCLocker Initiated GC) [PSYoungGen: 170057K->30472K(184320K)] 378477K->247485K(708608K), 0.0055493 secs] [Times: user=0.04 sys=0.00, real=0.01 secs] 
2016-09-24T02:43:45.531-0400: 16.684: [GC (GCLocker Initiated GC) [PSYoungGen: 140040K->52339K(162304K)] 359929K->283616K(686592K), 0.0078316 secs] [Times: user=0.11 sys=0.00, real=0.01 secs] 
2016-09-24T02:43:45.619-0400: 16.772: [GC (GCLocker Initiated GC) [PSYoungGen: 161907K->41474K(185856K)] 402665K->282751K(710144K), 0.0082901 secs] [Times: user=0.11 sys=0.01, real=0.01 secs] 
2016-09-24T02:43:45.732-0400: 16.884: [GC (GCLocker Initiated GC) [PSYoungGen: 153090K->25312K(185344K)] 405408K->302504K(709632K), 0.0049509 secs] [Times: user=0.08 sys=0.00, real=0.01 secs] 
2016-09-24T02:43:45.865-0400: 17.017: [GC (Allocation Failure) [PSYoungGen: 136928K->23914K(184832K)] 415472K->316514K(709120K), 0.0099337 secs] [Times: user=0.14 sys=0.00, real=0.01 secs] 
2016-09-24T02:43:45.953-0400: 17.106: [GC (GCLocker Initiated GC) [PSYoungGen: 133482K->54784K(164864K)] 426085K->347903K(689152K), 0.0067470 secs] [Times: user=0.07 sys=0.00, real=0.01 secs] 
2016-09-24T02:43:46.056-0400: 17.208: [GC (GCLocker Initiated GC) [PSYoungGen: 164352K->31864K(185856K)] 469690K->337585K(710144K), 0.0100790 secs] [Times: user=0.12 sys=0.00, real=0.01 secs] 
2016-09-24T02:43:46.150-0400: 17.302: [GC (GCLocker Initiated GC) [PSYoungGen: 140920K->64431K(173568K)] 446756K->370881K(697856K), 0.0065982 secs] [Times: user=0.10 sys=0.01, real=0.01 secs] 
2016-09-24T02:43:46.377-0400: 17.530: [GC (Allocation Failure) [PSYoungGen: 173487K->20081K(179712K)] 492182K->350101K(704000K), 0.0067705 secs] [Times: user=0.08 sys=0.01, real=0.01 secs] 
2016-09-24T02:43:46.470-0400: 17.622: [GC (GCLocker Initiated GC) [PSYoungGen: 119409K->43848K(143360K)] 452132K->377248K(667648K), 0.0088372 secs] [Times: user=0.10 sys=0.01, real=0.01 secs] 
2016-09-24T02:43:46.570-0400: 17.722: [GC (GCLocker Initiated GC) [PSYoungGen: 143176K->63147K(174080K)] 479348K->399727K(698368K), 0.0068587 secs] [Times: user=0.09 sys=0.00, real=0.01 secs] 
2016-09-24T02:43:46.689-0400: 17.842: [GC (GCLocker Initiated GC) [PSYoungGen: 159403K->56271K(178176K)] 495991K->393426K(702464K), 0.0127057 secs] [Times: user=0.17 sys=0.01, real=0.01 secs] 
2016-09-24T02:43:46.802-0400: 17.954: [GC (GCLocker Initiated GC) [PSYoungGen: 152527K->47008K(174080K)] 501935K->396857K(698368K), 0.0065193 secs] [Times: user=0.07 sys=0.01, real=0.01 secs] 
2016-09-24T02:43:46.919-0400: 18.071: [GC (GCLocker Initiated GC) [PSYoungGen: 145312K->49682K(177152K)] 501952K->415018K(701440K), 0.0167300 secs] [Times: user=0.22 sys=0.01, real=0.02 secs] 
2016-09-24T02:43:47.024-0400: 18.176: [GC (GCLocker Initiated GC) [PSYoungGen: 147986K->29076K(182272K)] 513444K->405935K(706560K), 0.0112266 secs] [Times: user=0.09 sys=0.03, real=0.01 secs] 
2016-09-24T02:43:47.130-0400: 18.283: [GC (GCLocker Initiated GC) [PSYoungGen: 135572K->26504K(183296K)] 515377K->420280K(707584K), 0.0323817 secs] [Times: user=0.39 sys=0.08, real=0.04 secs] 
2016-09-24T02:43:47.250-0400: 18.402: [GC (GCLocker Initiated GC) [PSYoungGen: 133000K->49842K(183296K)] 532210K->468591K(707584K), 0.0172050 secs] [Times: user=0.19 sys=0.05, real=0.02 secs] 
2016-09-24T02:43:47.360-0400: 18.513: [GC (GCLocker Initiated GC) [PSYoungGen: 158386K->48242K(184320K)] 579849K->478455K(708608K), 0.0177756 secs] [Times: user=0.20 sys=0.04, real=0.02 secs] 
2016-09-24T02:43:47.456-0400: 18.609: [GC (GCLocker Initiated GC) [PSYoungGen: 156786K->65931K(177664K)] 587043K->496852K(701952K), 0.0104302 secs] [Times: user=0.13 sys=0.01, real=0.01 secs] 
2016-09-24T02:43:47.546-0400: 18.698: [GC (GCLocker Initiated GC) [PSYoungGen: 169355K->47104K(182784K)] 608513K->505853K(707072K), 0.0084642 secs] [Times: user=0.10 sys=0.02, real=0.01 secs] 
2016-09-24T02:43:47.620-0400: 18.772: [GC (GCLocker Initiated GC) [PSYoungGen: 150528K->45586K(174592K)] 612139K->526797K(698880K), 0.0243080 secs] [Times: user=0.36 sys=0.01, real=0.03 secs] 
2016-09-24T02:43:47.712-0400: 18.865: [GC (GCLocker Initiated GC) [PSYoungGen: 152082K->59375K(179712K)] 636137K->544058K(704000K), 0.0064380 secs] [Times: user=0.09 sys=0.00, real=0.01 secs] 
2016-09-24T02:43:47.782-0400: 18.935: [GC (GCLocker Initiated GC) [PSYoungGen: 165871K->60547K(182784K)] 653289K->556839K(707072K), 0.0080803 secs] [Times: user=0.09 sys=0.01, real=0.00 secs] 
2016-09-24T02:43:47.870-0400: 19.022: [Full GC (Ergonomics) [PSYoungGen: 168067K->0K(182784K)] [ParOldGen: 504442K->102471K(524288K)] 672509K->102471K(707072K), [Metaspace: 43271K->43271K(1085440K)], 0.0604865 secs] [Times: user=0.31 sys=0.08, real=0.06 secs] 
2016-09-24T02:43:48.000-0400: 19.152: [GC (GCLocker Initiated GC) [PSYoungGen: 107520K->72141K(179712K)] 212754K->177376K(704000K), 0.0059237 secs] [Times: user=0.08 sys=0.01, real=0.01 secs] 
2016-09-24T02:43:48.084-0400: 19.236: [GC (GCLocker Initiated GC) [PSYoungGen: 179661K->40487K(180224K)] 290309K->172765K(704512K), 0.0057451 secs] [Times: user=0.07 sys=0.00, real=0.00 secs] 
2016-09-24T02:43:48.151-0400: 19.303: [GC (GCLocker Initiated GC) [PSYoungGen: 138279K->69985K(167936K)] 270608K->203131K(692224K), 0.0058002 secs] [Times: user=0.07 sys=0.00, real=0.01 secs] 
2016-09-24T02:43:48.221-0400: 19.373: [GC (GCLocker Initiated GC) [PSYoungGen: 167777K->61911K(176128K)] 309165K->209250K(700416K), 0.0109947 secs] [Times: user=0.08 sys=0.01, real=0.01 secs] 
2016-09-24T02:43:48.295-0400: 19.448: [GC (GCLocker Initiated GC) [PSYoungGen: 152023K->65937K(156160K)] 299429K->216780K(680448K), 0.0054955 secs] [Times: user=0.07 sys=0.00, real=0.00 secs] 
2016-09-24T02:43:48.361-0400: 19.514: [GC (GCLocker Initiated GC) [PSYoungGen: 156049K->44458K(176128K)] 309833K->225811K(700416K), 0.0061592 secs] [Times: user=0.08 sys=0.00, real=0.01 secs] 
2016-09-24T02:43:48.423-0400: 19.575: [GC (GCLocker Initiated GC) [PSYoungGen: 133546K->65900K(175104K)] 317700K->250704K(699392K), 0.0055134 secs] [Times: user=0.08 sys=0.00, real=0.00 secs] 
2016-09-24T02:43:48.473-0400: 19.626: [GC (GCLocker Initiated GC) [PSYoungGen: 154988K->53662K(172032K)] 339872K->252674K(696320K), 0.0055397 secs] [Times: user=0.06 sys=0.01, real=0.01 secs] 
2016-09-24T02:43:48.537-0400: 19.689: [GC (GCLocker Initiated GC) [PSYoungGen: 142750K->63201K(173568K)] 350100K->271091K(697856K), 0.0054434 secs] [Times: user=0.07 sys=0.01, real=0.01 secs] 
2016-09-24T02:43:48.598-0400: 19.751: [GC (GCLocker Initiated GC) [PSYoungGen: 152289K->38645K(177664K)] 365679K->252608K(701952K), 0.0052808 secs] [Times: user=0.04 sys=0.00, real=0.01 secs] 
2016-09-24T02:43:48.673-0400: 19.826: [GC (GCLocker Initiated GC) [PSYoungGen: 131829K->42891K(136192K)] 358016K->285891K(660480K), 0.0096342 secs] [Times: user=0.07 sys=0.01, real=0.02 secs] 
2016-09-24T02:43:48.745-0400: 19.898: [GC (GCLocker Initiated GC) [PSYoungGen: 136075K->53669K(179200K)] 384534K->305397K(703488K), 0.0056075 secs] [Times: user=0.06 sys=0.00, real=0.00 secs] 
2016-09-24T02:43:48.806-0400: 19.958: [GC (GCLocker Initiated GC) [PSYoungGen: 149413K->67101K(176640K)] 401228K->335655K(700928K), 0.0066761 secs] [Times: user=0.08 sys=0.02, real=0.00 secs] 
2016-09-24T02:43:48.950-0400: 20.103: [GC (GCLocker Initiated GC) [PSYoungGen: 162845K->57582K(179200K)] 431469K->332077K(703488K), 0.1267445 secs] [Times: user=0.00 sys=0.11, real=0.13 secs] 
2016-09-24T02:43:49.144-0400: 20.296: [GC (GCLocker Initiated GC) [PSYoungGen: 154862K->50865K(148480K)] 432164K->342101K(672768K), 0.0063985 secs] [Times: user=0.05 sys=0.02, real=0.00 secs] 
2016-09-24T02:43:49.222-0400: 20.374: [GC (GCLocker Initiated GC) [PSYoungGen: 148145K->50916K(179712K)] 440965K->354995K(704000K), 0.0058144 secs] [Times: user=0.06 sys=0.01, real=0.01 secs] 
2016-09-24T02:43:49.294-0400: 20.446: [GC (GCLocker Initiated GC) [PSYoungGen: 151268K->41465K(178176K)] 460908K->351583K(702464K), 0.0135388 secs] [Times: user=0.12 sys=0.02, real=0.02 secs] 
2016-09-24T02:43:49.364-0400: 20.516: [GC (GCLocker Initiated GC) [PSYoungGen: 141817K->41175K(182784K)] 452049K->362652K(707072K), 0.0075796 secs] [Times: user=0.05 sys=0.00, real=0.00 secs] 
2016-09-24T02:43:49.436-0400: 20.589: [GC (GCLocker Initiated GC) [PSYoungGen: 146647K->56290K(182272K)] 471013K->381035K(706560K), 0.0058144 secs] [Times: user=0.05 sys=0.01, real=0.00 secs] 
2016-09-24T02:43:49.502-0400: 20.655: [GC (GCLocker Initiated GC) [PSYoungGen: 161762K->60290K(183808K)] 486542K->399061K(708096K), 0.0080392 secs] [Times: user=0.08 sys=0.02, real=0.00 secs] 
2016-09-24T02:43:49.565-0400: 20.717: [GC (GCLocker Initiated GC) [PSYoungGen: 167810K->69867K(177664K)] 509323K->425360K(701952K), 0.0119538 secs] [Times: user=0.11 sys=0.01, real=0.01 secs] 
2016-09-24T02:43:49.671-0400: 20.823: [GC (GCLocker Initiated GC) [PSYoungGen: 177387K->34650K(180224K)] 535628K->401512K(704512K), 0.0169209 secs] [Times: user=0.23 sys=0.02, real=0.02 secs] 
2016-09-24T02:43:49.745-0400: 20.898: [GC (GCLocker Initiated GC) [PSYoungGen: 133978K->52230K(152064K)] 507653K->431773K(676352K), 0.0052804 secs] [Times: user=0.06 sys=0.00, real=0.00 secs] 
2016-09-24T02:43:49.814-0400: 20.966: [GC (GCLocker Initiated GC) [PSYoungGen: 151558K->60246K(178688K)] 533909K->459279K(702976K), 0.0097820 secs] [Times: user=0.12 sys=0.02, real=0.02 secs] 
2016-09-24T02:43:49.877-0400: 21.029: [GC (GCLocker Initiated GC) [PSYoungGen: 160086K->60218K(178688K)] 561829K->467791K(702976K), 0.0092353 secs] [Times: user=0.05 sys=0.01, real=0.01 secs] 
2016-09-24T02:43:49.946-0400: 21.098: [GC (GCLocker Initiated GC) [PSYoungGen: 160058K->64410K(180224K)] 570408K->475210K(704512K), 0.0056410 secs] [Times: user=0.08 sys=0.00, real=0.00 secs] 
2016-09-24T02:43:50.015-0400: 21.167: [GC (GCLocker Initiated GC) [PSYoungGen: 165786K->53594K(155136K)] 582040K->491928K(679424K), 0.0172622 secs] [Times: user=0.25 sys=0.02, real=0.01 secs] 
2016-09-24T02:43:50.125-0400: 21.277: [GC (GCLocker Initiated GC) [PSYoungGen: 154970K->45529K(182272K)] 608346K->499369K(706560K), 0.0104432 secs] [Times: user=0.12 sys=0.01, real=0.01 secs] 
2016-09-24T02:43:50.191-0400: 21.343: [GC (GCLocker Initiated GC) [PSYoungGen: 149465K->76573K(180736K)] 603459K->541899K(705024K), 0.0130517 secs] [Times: user=0.18 sys=0.00, real=0.02 secs] 
2016-09-24T02:43:50.272-0400: 21.424: [GC (GCLocker Initiated GC) [PSYoungGen: 180509K->34546K(174592K)] 648679K->505788K(698880K), 0.0050171 secs] [Times: user=0.03 sys=0.00, real=0.01 secs] 
2016-09-24T02:43:50.336-0400: 21.488: [GC (GCLocker Initiated GC) [PSYoungGen: 127730K->46651K(177664K)] 601746K->523753K(701952K), 0.0072022 secs] [Times: user=0.04 sys=0.01, real=0.01 secs] 
2016-09-24T02:43:50.394-0400: 21.547: [GC (GCLocker Initiated GC) [PSYoungGen: 139835K->62947K(177664K)] 625171K->562190K(701952K), 0.0077664 secs] [Times: user=0.05 sys=0.01, real=0.00 secs] 
2016-09-24T02:43:50.402-0400: 21.555: [Full GC (Ergonomics) [PSYoungGen: 62947K->0K(177664K)] [ParOldGen: 499243K->124743K(524288K)] 562190K->124743K(701952K), [Metaspace: 43279K->43279K(1085440K)], 0.0459939 secs] [Times: user=0.29 sys=0.06, real=0.05 secs] 
2016-09-24T02:43:50.500-0400: 21.653: [GC (GCLocker Initiated GC) [PSYoungGen: 95232K->69952K(165376K)] 224198K->198919K(689664K), 0.0112987 secs] [Times: user=0.10 sys=0.02, real=0.01 secs] 
2016-09-24T02:43:50.578-0400: 21.730: [GC (GCLocker Initiated GC) [PSYoungGen: 165184K->62955K(176128K)] 294186K->196581K(700416K), 0.0063897 secs] [Times: user=0.07 sys=0.01, real=0.01 secs] 
2016-09-24T02:43:50.642-0400: 21.794: [GC (GCLocker Initiated GC) [PSYoungGen: 153067K->53610K(143872K)] 293437K->194363K(668160K), 0.0046906 secs] [Times: user=0.05 sys=0.00, real=0.01 secs] 
2016-09-24T02:43:50.698-0400: 21.851: [GC (GCLocker Initiated GC) [PSYoungGen: 143722K->46899K(174592K)] 292683K->212532K(698880K), 0.0126880 secs] [Times: user=0.16 sys=0.01, real=0.01 secs] 
2016-09-24T02:43:50.763-0400: 21.916: [GC (GCLocker Initiated GC) [PSYoungGen: 138035K->54801K(173568K)] 306467K->234504K(697856K), 0.0092439 secs] [Times: user=0.08 sys=0.01, real=0.00 secs] 
2016-09-24T02:43:50.837-0400: 21.990: [GC (GCLocker Initiated GC) [PSYoungGen: 145937K->62890K(175616K)] 325790K->243088K(699904K), 0.0071612 secs] [Times: user=0.06 sys=0.00, real=0.01 secs] 
2016-09-24T02:43:50.913-0400: 22.065: [GC (GCLocker Initiated GC) [PSYoungGen: 158634K->53444K(176128K)] 341780K->253236K(700416K), 0.0089312 secs] [Times: user=0.09 sys=0.01, real=0.01 secs] 
2016-09-24T02:43:50.997-0400: 22.149: [GC (GCLocker Initiated GC) [PSYoungGen: 149188K->57595K(180224K)] 354480K->263313K(704512K), 0.0100132 secs] [Times: user=0.12 sys=0.02, real=0.01 secs] 
2016-09-24T02:43:51.072-0400: 22.225: [GC (GCLocker Initiated GC) [PSYoungGen: 161019K->63080K(180224K)] 366891K->285623K(704512K), 0.0145093 secs] [Times: user=0.18 sys=0.02, real=0.02 secs] 
2016-09-24T02:43:51.165-0400: 22.318: [GC (GCLocker Initiated GC) [PSYoungGen: 166504K->53385K(182784K)] 389154K->276479K(707072K), 0.0376816 secs] [Times: user=0.38 sys=0.04, real=0.04 secs] 
2016-09-24T02:43:51.339-0400: 22.491: [GC (GCLocker Initiated GC) [PSYoungGen: 161417K->36032K(183808K)] 396683K->290654K(708096K), 0.0202471 secs] [Times: user=0.15 sys=0.02, real=0.02 secs] 
2016-09-24T02:43:51.437-0400: 22.590: [GC (GCLocker Initiated GC) [PSYoungGen: 144064K->54935K(183808K)] 407034K->318438K(708096K), 0.0128274 secs] [Times: user=0.18 sys=0.00, real=0.01 secs] 
2016-09-24T02:43:51.537-0400: 22.690: [GC (GCLocker Initiated GC) [PSYoungGen: 163991K->45959K(184320K)] 432989K->315444K(708608K), 0.0092587 secs] [Times: user=0.10 sys=0.01, real=0.01 secs] 
2016-09-24T02:43:51.624-0400: 22.776: [GC (GCLocker Initiated GC) [PSYoungGen: 155015K->34980K(185344K)] 432661K->324165K(709632K), 0.0212790 secs] [Times: user=0.22 sys=0.00, real=0.02 secs] 
2016-09-24T02:43:51.714-0400: 22.866: [GC (GCLocker Initiated GC) [PSYoungGen: 145572K->47091K(157696K)] 434802K->339939K(681984K), 0.0087027 secs] [Times: user=0.10 sys=0.01, real=0.02 secs] 
2016-09-24T02:43:51.795-0400: 22.948: [GC (GCLocker Initiated GC) [PSYoungGen: 157683K->60637K(184832K)] 453317K->370546K(709120K), 0.0112359 secs] [Times: user=0.12 sys=0.01, real=0.01 secs] 
2016-09-24T02:43:51.868-0400: 23.020: [GC (GCLocker Initiated GC) [PSYoungGen: 171229K->52534K(185856K)] 481143K->398370K(710144K), 0.0067251 secs] [Times: user=0.09 sys=0.01, real=0.01 secs] 
2016-09-24T02:43:51.937-0400: 23.090: [GC (GCLocker Initiated GC) [PSYoungGen: 163126K->63402K(183808K)] 511685K->412707K(708096K), 0.0190005 secs] [Times: user=0.28 sys=0.00, real=0.02 secs] 
2016-09-24T02:43:52.017-0400: 23.169: [GC (GCLocker Initiated GC) [PSYoungGen: 173994K->52468K(185856K)] 526103K->405382K(710144K), 0.0052402 secs] [Times: user=0.04 sys=0.00, real=0.01 secs] 
2016-09-24T02:43:52.099-0400: 23.252: [GC (GCLocker Initiated GC) [PSYoungGen: 163060K->24352K(182784K)] 532295K->407823K(707072K), 0.0045642 secs] [Times: user=0.06 sys=0.00, real=0.01 secs] 
2016-09-24T02:43:52.159-0400: 23.312: [GC (GCLocker Initiated GC) [PSYoungGen: 133920K->72850K(182784K)] 517419K->457304K(707072K), 0.0060701 secs] [Times: user=0.08 sys=0.00, real=0.01 secs] 
2016-09-24T02:43:52.241-0400: 23.393: [GC (GCLocker Initiated GC) [PSYoungGen: 182418K->37778K(178688K)] 576488K->448804K(702976K), 0.0063000 secs] [Times: user=0.07 sys=0.00, real=0.01 secs] 
2016-09-24T02:43:52.296-0400: 23.448: [GC (GCLocker Initiated GC) [PSYoungGen: 137106K->44290K(180736K)] 554794K->462825K(705024K), 0.0080166 secs] [Times: user=0.08 sys=0.00, real=0.01 secs] 
2016-09-24T02:43:52.361-0400: 23.514: [GC (GCLocker Initiated GC) [PSYoungGen: 143618K->63285K(179200K)] 570419K->490808K(703488K), 0.0063350 secs] [Times: user=0.07 sys=0.00, real=0.01 secs] 
2016-09-24T02:43:52.431-0400: 23.584: [GC (GCLocker Initiated GC) [PSYoungGen: 162613K->46978K(146432K)] 590200K->488738K(670720K), 0.0322412 secs] [Times: user=0.30 sys=0.01, real=0.04 secs] 
2016-09-24T02:43:52.532-0400: 23.685: [GC (GCLocker Initiated GC) [PSYoungGen: 146306K->53714K(182272K)] 590797K->499010K(706560K), 0.0059948 secs] [Times: user=0.05 sys=0.00, real=0.01 secs] 
2016-09-24T02:43:52.595-0400: 23.748: [GC (GCLocker Initiated GC) [PSYoungGen: 156626K->56666K(180224K)] 604675K->518975K(704512K), 0.0113571 secs] [Times: user=0.15 sys=0.01, real=0.01 secs] 
2016-09-24T02:43:52.683-0400: 23.836: [GC (GCLocker Initiated GC) [PSYoungGen: 159578K->53842K(183296K)] 627376K->522396K(707584K), 0.0066990 secs] [Times: user=0.06 sys=0.00, real=0.00 secs] 
2016-09-24T02:43:52.750-0400: 23.902: [GC (GCLocker Initiated GC) [PSYoungGen: 160850K->53965K(182272K)] 634827K->544934K(706560K), 0.0116333 secs] [Times: user=0.16 sys=0.00, real=0.01 secs] 
2016-09-24T02:43:52.837-0400: 23.989: [GC (GCLocker Initiated GC) [PSYoungGen: 160973K->59340K(183296K)] 652017K->551250K(707584K), 0.0108049 secs] [Times: user=0.15 sys=0.00, real=0.01 secs] 
2016-09-24T02:43:52.910-0400: 24.063: [Full GC (Ergonomics) [PSYoungGen: 169420K->0K(183296K)] [ParOldGen: 504211K->137433K(524288K)] 673631K->137433K(707584K), [Metaspace: 43478K->43478K(1085440K)], 0.0516520 secs] [Times: user=0.34 sys=0.00, real=0.05 secs] 
2016-09-24T02:43:53.028-0400: 24.180: [GC (GCLocker Initiated GC) [PSYoungGen: 110080K->59553K(183808K)] 250303K->199777K(708096K), 0.0050906 secs] [Times: user=0.07 sys=0.00, real=0.00 secs] 
2016-09-24T02:43:53.099-0400: 24.251: [GC (GCLocker Initiated GC) [PSYoungGen: 169633K->52659K(184832K)] 316842K->202209K(709120K), 0.0068339 secs] [Times: user=0.08 sys=0.01, real=0.01 secs] 
2016-09-24T02:43:53.167-0400: 24.319: [GC (GCLocker Initiated GC) [PSYoungGen: 166835K->60731K(186368K)] 319119K->213886K(710656K), 0.0072602 secs] [Times: user=0.07 sys=0.01, real=0.00 secs] 
2016-09-24T02:43:53.253-0400: 24.405: [GC (GCLocker Initiated GC) [PSYoungGen: 174907K->37645K(186880K)] 332890K->196422K(711168K), 0.0123835 secs] [Times: user=0.14 sys=0.00, real=0.02 secs] 
2016-09-24T02:43:53.337-0400: 24.490: [GC (GCLocker Initiated GC) [PSYoungGen: 151309K->24336K(138240K)] 330382K->212425K(662528K), 0.0099949 secs] [Times: user=0.11 sys=0.00, real=0.01 secs] 
2016-09-24T02:43:53.406-0400: 24.559: [GC (GCLocker Initiated GC) [PSYoungGen: 138000K->56555K(185344K)] 329030K->248417K(709632K), 0.0054211 secs] [Times: user=0.05 sys=0.00, real=0.00 secs] 
2016-09-24T02:43:53.475-0400: 24.628: [GC (GCLocker Initiated GC) [PSYoungGen: 165099K->59297K(167936K)] 357086K->252065K(692224K), 0.0047698 secs] [Times: user=0.06 sys=0.00, real=0.00 secs] 
2016-09-24T02:43:53.541-0400: 24.693: [GC (GCLocker Initiated GC) [PSYoungGen: 167841K->45731K(186368K)] 364769K->246109K(710656K), 0.0052110 secs] [Times: user=0.05 sys=0.00, real=0.01 secs] 
2016-09-24T02:43:53.611-0400: 24.763: [GC (GCLocker Initiated GC) [PSYoungGen: 154787K->49752K(159232K)] 355370K->272724K(683520K), 0.0103202 secs] [Times: user=0.11 sys=0.00, real=0.01 secs] 
2016-09-24T02:43:53.678-0400: 24.830: [GC (GCLocker Initiated GC) [PSYoungGen: 158808K->28108K(180224K)] 386489K->270009K(704512K), 0.0101633 secs] [Times: user=0.09 sys=0.00, real=0.01 secs] 
2016-09-24T02:43:53.760-0400: 24.913: [GC (GCLocker Initiated GC) [PSYoungGen: 135116K->45726K(182272K)] 379752K->310090K(706560K), 0.0064991 secs] [Times: user=0.07 sys=0.00, real=0.01 secs] 
2016-09-24T02:43:53.830-0400: 24.983: [GC (GCLocker Initiated GC) [PSYoungGen: 152734K->52658K(186368K)] 423363K->337547K(710656K), 0.0055446 secs] [Times: user=0.07 sys=0.00, real=0.01 secs] 
2016-09-24T02:43:53.904-0400: 25.056: [GC (GCLocker Initiated GC) [PSYoungGen: 166834K->71478K(185856K)] 454577K->376250K(710144K), 0.0069630 secs] [Times: user=0.07 sys=0.00, real=0.00 secs] 
2016-09-24T02:43:53.976-0400: 25.128: [GC (GCLocker Initiated GC) [PSYoungGen: 185654K->40231K(183808K)] 494506K->371369K(708096K), 0.0121115 secs] [Times: user=0.13 sys=0.00, real=0.01 secs] 
2016-09-24T02:43:54.043-0400: 25.196: [GC (GCLocker Initiated GC) [PSYoungGen: 147751K->56527K(184832K)] 478953K->401990K(709120K), 0.0181788 secs] [Times: user=0.22 sys=0.00, real=0.01 secs] 
2016-09-24T02:43:56.284-0400: 27.437: [GC (GCLocker Initiated GC) [PSYoungGen: 164047K->55132K(182784K)] 509537K->420212K(707072K), 0.0068997 secs] [Times: user=0.07 sys=0.01, real=0.00 secs] 
2016-09-24T02:43:56.364-0400: 27.516: [GC (GCLocker Initiated GC) [PSYoungGen: 162652K->47140K(183808K)] 530568K->431940K(708096K), 0.0054410 secs] [Times: user=0.07 sys=0.00, real=0.00 secs] 
2016-09-24T02:43:56.437-0400: 27.590: [GC (GCLocker Initiated GC) [PSYoungGen: 154660K->62023K(182784K)] 542203K->461141K(707072K), 0.0066651 secs] [Times: user=0.08 sys=0.01, real=0.01 secs] 
2016-09-24T02:43:56.510-0400: 27.663: [GC (GCLocker Initiated GC) [PSYoungGen: 170567K->59163K(184832K)] 575233K->478050K(709120K), 0.0083906 secs] [Times: user=0.12 sys=0.01, real=0.01 secs] 
2016-09-24T02:43:56.601-0400: 27.754: [GC (GCLocker Initiated GC) [PSYoungGen: 167707K->47249K(183808K)] 589308K->485779K(708096K), 0.0056362 secs] [Times: user=0.08 sys=0.00, real=0.01 secs] 
2016-09-24T02:43:56.691-0400: 27.843: [GC (GCLocker Initiated GC) [PSYoungGen: 156817K->62022K(184832K)] 603685K->520543K(709120K), 0.0072416 secs] [Times: user=0.09 sys=0.00, real=0.01 secs] 
2016-09-24T02:43:56.798-0400: 27.950: [GC (GCLocker Initiated GC) [PSYoungGen: 171590K->40390K(185856K)] 641083K->518735K(710144K), 0.0062163 secs] [Times: user=0.07 sys=0.00, real=0.01 secs] 
2016-09-24T02:43:56.889-0400: 28.041: [GC (GCLocker Initiated GC) [PSYoungGen: 149958K->44494K(154112K)] 633860K->529236K(678400K), 0.0111552 secs] [Times: user=0.14 sys=0.00, real=0.01 secs] 
2016-09-24T02:43:56.970-0400: 28.123: [GC (GCLocker Initiated GC) [PSYoungGen: 154062K->51027K(187392K)] 644218K->541976K(711680K), 0.0073316 secs] [Times: user=0.07 sys=0.00, real=0.01 secs] 
2016-09-24T02:43:57.062-0400: 28.214: [GC (GCLocker Initiated GC) [PSYoungGen: 163155K->59243K(184832K)] 654193K->550950K(709120K), 0.0071670 secs] [Times: user=0.07 sys=0.00, real=0.01 secs] 
2016-09-24T02:43:57.141-0400: 28.293: [Full GC (Ergonomics) [PSYoungGen: 171371K->0K(184832K)] [ParOldGen: 499893K->155800K(524288K)] 671265K->155800K(709120K), [Metaspace: 43501K->43501K(1085440K)], 0.0644095 secs] [Times: user=0.51 sys=0.01, real=0.07 secs] 
2016-09-24T02:43:57.280-0400: 28.433: [GC (GCLocker Initiated GC) [PSYoungGen: 112128K->56806K(188416K)] 270755K->215434K(712704K), 0.0133490 secs] [Times: user=0.16 sys=0.00, real=0.01 secs] 
2016-09-24T02:43:57.380-0400: 28.533: [GC (GCLocker Initiated GC) [PSYoungGen: 171494K->41872K(187904K)] 338290K->212328K(712192K), 0.0193048 secs] [Times: user=0.28 sys=0.00, real=0.02 secs] 
2016-09-24T02:43:57.469-0400: 28.621: [GC (GCLocker Initiated GC) [PSYoungGen: 156560K->67299K(181760K)] 329812K->249527K(706048K), 0.0093782 secs] [Times: user=0.13 sys=0.00, real=0.01 secs] 
2016-09-24T02:43:57.553-0400: 28.705: [GC (GCLocker Initiated GC) [PSYoungGen: 175843K->52640K(185344K)] 369031K->262725K(709632K), 0.0063432 secs] [Times: user=0.08 sys=0.00, real=0.01 secs] 
2016-09-24T02:43:57.627-0400: 28.780: [GC (GCLocker Initiated GC) [PSYoungGen: 161184K->32144K(184832K)] 374060K->259324K(709120K), 0.0063488 secs] [Times: user=0.06 sys=0.00, real=0.00 secs] 
2016-09-24T02:43:57.705-0400: 28.857: [GC (GCLocker Initiated GC) [PSYoungGen: 142736K->38886K(186368K)] 378051K->274895K(710656K), 0.0109213 secs] [Times: user=0.14 sys=0.00, real=0.01 secs] 
2016-09-24T02:43:57.796-0400: 28.948: [GC (GCLocker Initiated GC) [PSYoungGen: 149478K->49771K(180736K)] 388236K->289303K(705024K), 0.0056815 secs] [Times: user=0.06 sys=0.00, real=0.00 secs] 
2016-09-24T02:43:57.872-0400: 29.025: [GC (GCLocker Initiated GC) [PSYoungGen: 160875K->38939K(183808K)] 405816K->284627K(708096K), 0.0211077 secs] [Times: user=0.33 sys=0.01, real=0.02 secs] 
2016-09-24T02:43:57.966-0400: 29.119: [GC (GCLocker Initiated GC) [PSYoungGen: 150043K->60712K(184832K)] 401328K->312735K(709120K), 0.0092511 secs] [Times: user=0.15 sys=0.00, real=0.01 secs] 
2016-09-24T02:43:58.051-0400: 29.203: [GC (GCLocker Initiated GC) [PSYoungGen: 173352K->61986K(175104K)] 433603K->323037K(699392K), 0.0062892 secs] [Times: user=0.09 sys=0.00, real=0.01 secs] 
2016-09-24T02:43:58.114-0400: 29.266: [GC (GCLocker Initiated GC) [PSYoungGen: 174626K->49785K(187904K)] 441102K->349465K(712192K), 0.0070571 secs] [Times: user=0.09 sys=0.00, real=0.01 secs] 
2016-09-24T02:43:58.202-0400: 29.354: [GC (Allocation Failure) [PSYoungGen: 160889K->67419K(178688K)] 467359K->382758K(702976K), 0.0116369 secs] [Times: user=0.20 sys=0.01, real=0.01 secs] 
2016-09-24T02:43:58.294-0400: 29.446: [GC (GCLocker Initiated GC) [PSYoungGen: 177853K->22549K(178688K)] 495892K->365652K(702976K), 0.0062923 secs] [Times: user=0.07 sys=0.00, real=0.01 secs] 
2016-09-24T02:43:58.359-0400: 29.511: [GC (GCLocker Initiated GC) [PSYoungGen: 122901K->44246K(181248K)] 474164K->396187K(705536K), 0.0068847 secs] [Times: user=0.09 sys=0.00, real=0.01 secs] 
2016-09-24T02:43:58.440-0400: 29.592: [GC (GCLocker Initiated GC) [PSYoungGen: 144598K->48565K(176128K)] 500643K->405312K(700416K), 0.0118149 secs] [Times: user=0.17 sys=0.00, real=0.01 secs] 
2016-09-24T02:43:58.508-0400: 29.661: [GC (GCLocker Initiated GC) [PSYoungGen: 151477K->64657K(178688K)] 508275K->435694K(702976K), 0.0132531 secs] [Times: user=0.23 sys=0.00, real=0.01 secs] 
2016-09-24T02:43:58.599-0400: 29.752: [GC (GCLocker Initiated GC) [PSYoungGen: 167569K->49796K(183808K)] 544028K->426942K(708096K), 0.0255693 secs] [Times: user=0.37 sys=0.00, real=0.03 secs] 
2016-09-24T02:43:58.684-0400: 29.836: [GC (GCLocker Initiated GC) [PSYoungGen: 156804K->48331K(155648K)] 533973K->445220K(679936K), 0.0093301 secs] [Times: user=0.14 sys=0.00, real=0.00 secs] 
2016-09-24T02:43:58.757-0400: 29.909: [GC (GCLocker Initiated GC) [PSYoungGen: 155339K->67254K(178688K)] 555055K->467675K(702976K), 0.0107198 secs] [Times: user=0.16 sys=0.00, real=0.01 secs] 
2016-09-24T02:43:58.832-0400: 29.984: [GC (GCLocker Initiated GC) [PSYoungGen: 172214K->60437K(182784K)] 572656K->466840K(707072K), 0.0066866 secs] [Times: user=0.10 sys=0.00, real=0.01 secs] 
2016-09-24T02:43:58.895-0400: 30.048: [GC (GCLocker Initiated GC) [PSYoungGen: 165397K->44244K(182784K)] 575208K->465484K(707072K), 0.0060226 secs] [Times: user=0.07 sys=0.00, real=0.00 secs] 
2016-09-24T02:43:58.959-0400: 30.112: [GC (GCLocker Initiated GC) [PSYoungGen: 150228K->48178K(183296K)] 571534K->486274K(707584K), 0.0060206 secs] [Times: user=0.08 sys=0.00, real=0.01 secs] 
2016-09-24T02:43:59.020-0400: 30.173: [GC (GCLocker Initiated GC) [PSYoungGen: 154162K->44166K(183808K)] 596350K->494863K(708096K), 0.0064546 secs] [Times: user=0.07 sys=0.00, real=0.01 secs] 
2016-09-24T02:43:59.090-0400: 30.242: [GC (GCLocker Initiated GC) [PSYoungGen: 153222K->63054K(183296K)] 606764K->527956K(707584K), 0.0106917 secs] [Times: user=0.12 sys=0.01, real=0.01 secs] 
2016-09-24T02:43:59.161-0400: 30.314: [GC (GCLocker Initiated GC) [PSYoungGen: 172110K->69932K(177152K)] 639862K->549061K(701440K), 0.0101920 secs] [Times: user=0.16 sys=0.02, real=0.01 secs] 
2016-09-24T02:43:59.231-0400: 30.383: [GC (GCLocker Initiated GC) [PSYoungGen: 170284K->45504K(181248K)] 650765K->542779K(705536K), 0.0070928 secs] [Times: user=0.07 sys=0.01, real=0.01 secs] 
2016-09-24T02:43:59.238-0400: 30.391: [Full GC (Ergonomics) [PSYoungGen: 45504K->0K(181248K)] [ParOldGen: 497274K->163906K(524288K)] 542779K->163906K(705536K), [Metaspace: 43621K->43621K(1085440K)], 0.0539079 secs] [Times: user=0.47 sys=0.01, real=0.05 secs] 
2016-09-24T02:43:59.353-0400: 30.505: [GC (Allocation Failure) [PSYoungGen: 100352K->55293K(176640K)] 267170K->222111K(700928K), 0.0087290 secs] [Times: user=0.14 sys=0.00, real=0.01 secs] 
2016-09-24T02:43:59.426-0400: 30.579: [GC (GCLocker Initiated GC) [PSYoungGen: 157181K->44269K(179712K)] 324003K->219980K(704000K), 0.0064918 secs] [Times: user=0.07 sys=0.00, real=0.00 secs] 
2016-09-24T02:43:59.497-0400: 30.650: [GC (GCLocker Initiated GC) [PSYoungGen: 146157K->50968K(179200K)] 326370K->231810K(703488K), 0.0056179 secs] [Times: user=0.07 sys=0.00, real=0.01 secs] 
2016-09-24T02:43:59.555-0400: 30.708: [GC (GCLocker Initiated GC) [PSYoungGen: 158488K->44045K(182272K)] 339509K->236404K(706560K), 0.0055938 secs] [Times: user=0.06 sys=0.00, real=0.00 secs] 
2016-09-24T02:43:59.629-0400: 30.782: [GC (GCLocker Initiated GC) [PSYoungGen: 151565K->49669K(182272K)] 343948K->256076K(706560K), 0.0168214 secs] [Times: user=0.23 sys=0.00, real=0.02 secs] 
2016-09-24T02:43:59.705-0400: 30.857: [GC (GCLocker Initiated GC) [PSYoungGen: 163333K->51160K(185344K)] 372588K->279968K(709632K), 0.0055342 secs] [Times: user=0.07 sys=0.01, real=0.00 secs] 
2016-09-24T02:43:59.776-0400: 30.929: [GC (GCLocker Initiated GC) [PSYoungGen: 164824K->58018K(190464K)] 397298K->296581K(714752K), 0.0061344 secs] [Times: user=0.06 sys=0.00, real=0.01 secs] 
2016-09-24T02:43:59.842-0400: 30.995: [GC (GCLocker Initiated GC) [PSYoungGen: 178850K->70059K(190976K)] 417506K->314865K(715264K), 0.0169565 secs] [Times: user=0.23 sys=0.00, real=0.01 secs] 
2016-09-24T02:43:59.935-0400: 31.088: [GC (GCLocker Initiated GC) [PSYoungGen: 190891K->36065K(180736K)] 438485K->295140K(705024K), 0.0072694 secs] [Times: user=0.06 sys=0.00, real=0.01 secs] 
2016-09-24T02:44:00.006-0400: 31.158: [GC (GCLocker Initiated GC) [PSYoungGen: 145633K->37418K(185856K)] 407530K->310841K(710144K), 0.0148802 secs] [Times: user=0.21 sys=0.00, real=0.01 secs] 
2016-09-24T02:44:00.075-0400: 31.228: [GC (GCLocker Initiated GC) [PSYoungGen: 146986K->55176K(183808K)] 420459K->337350K(708096K), 0.0086519 secs] [Times: user=0.11 sys=0.00, real=0.01 secs] 
2016-09-24T02:44:00.154-0400: 31.307: [GC (GCLocker Initiated GC) [PSYoungGen: 164744K->37722K(184832K)] 453723K->338221K(709120K), 0.0125444 secs] [Times: user=0.18 sys=0.00, real=0.01 secs] 
2016-09-24T02:44:00.226-0400: 31.379: [GC (GCLocker Initiated GC) [PSYoungGen: 147290K->57986K(185856K)] 451316K->373596K(710144K), 0.0063942 secs] [Times: user=0.06 sys=0.00, real=0.00 secs] 
2016-09-24T02:44:00.303-0400: 31.456: [GC (GCLocker Initiated GC) [PSYoungGen: 168578K->43051K(154112K)] 489602K->370289K(678400K), 0.0056374 secs] [Times: user=0.07 sys=0.00, real=0.00 secs] 
2016-09-24T02:44:00.360-0400: 31.512: [GC (GCLocker Initiated GC) [PSYoungGen: 153643K->43105K(187392K)] 480975K->384699K(711680K), 0.0067245 secs] [Times: user=0.07 sys=0.00, real=0.01 secs] 
2016-09-24T02:44:00.438-0400: 31.591: [GC (GCLocker Initiated GC) [PSYoungGen: 155745K->60606K(185856K)] 497465K->403084K(710144K), 0.0056641 secs] [Times: user=0.08 sys=0.00, real=0.01 secs] 
2016-09-24T02:44:00.506-0400: 31.659: [GC (GCLocker Initiated GC) [PSYoungGen: 173246K->44471K(187392K)] 518610K->409476K(711680K), 0.0073553 secs] [Times: user=0.08 sys=0.00, real=0.00 secs] 
2016-09-24T02:44:00.589-0400: 31.742: [GC (GCLocker Initiated GC) [PSYoungGen: 157623K->35072K(186880K)] 529383K->415747K(711168K), 0.0063733 secs] [Times: user=0.07 sys=0.00, real=0.01 secs] 
2016-09-24T02:44:00.668-0400: 31.820: [GC (GCLocker Initiated GC) [PSYoungGen: 148224K->62011K(183296K)] 531672K->446333K(707584K), 0.0085031 secs] [Times: user=0.12 sys=0.01, real=0.01 secs] 
2016-09-24T02:44:00.746-0400: 31.899: [GC (GCLocker Initiated GC) [PSYoungGen: 171579K->55282K(185856K)] 564622K->449130K(710144K), 0.0105074 secs] [Times: user=0.16 sys=0.00, real=0.01 secs] 
2016-09-24T02:44:00.825-0400: 31.977: [GC (GCLocker Initiated GC) [PSYoungGen: 164850K->53963K(183296K)] 558817K->459556K(707584K), 0.0061699 secs] [Times: user=0.07 sys=0.01, real=0.00 secs] 
2016-09-24T02:44:00.897-0400: 32.049: [GC (GCLocker Initiated GC) [PSYoungGen: 164043K->60668K(184832K)] 573750K->490093K(709120K), 0.0063412 secs] [Times: user=0.09 sys=0.00, real=0.01 secs] 
2016-09-24T02:44:00.971-0400: 32.124: [GC (GCLocker Initiated GC) [PSYoungGen: 170748K->63342K(182784K)] 600339K->504521K(707072K), 0.0068376 secs] [Times: user=0.09 sys=0.00, real=0.01 secs] 
2016-09-24T02:44:01.039-0400: 32.191: [GC (GCLocker Initiated GC) [PSYoungGen: 169838K->49907K(156672K)] 617820K->509427K(680960K), 0.0055051 secs] [Times: user=0.06 sys=0.00, real=0.01 secs] 
2016-09-24T02:44:01.100-0400: 32.252: [GC (GCLocker Initiated GC) [PSYoungGen: 156403K->64630K(181248K)] 621363K->546632K(705536K), 0.0068316 secs] [Times: user=0.08 sys=0.00, real=0.01 secs] 
2016-09-24T02:44:01.165-0400: 32.317: [GC (GCLocker Initiated GC) [PSYoungGen: 170102K->63237K(168960K)] 652137K->545932K(693248K), 0.0055155 secs] [Times: user=0.07 sys=0.00, real=0.00 secs] 
2016-09-24T02:44:01.238-0400: 32.390: [GC (Allocation Failure) [PSYoungGen: 168709K->48460K(184320K)] 662386K->550925K(708608K), 0.0061958 secs] [Times: user=0.07 sys=0.00, real=0.01 secs] 
2016-09-24T02:44:01.244-0400: 32.397: [Full GC (Ergonomics) [PSYoungGen: 48460K->0K(184320K)] [ParOldGen: 502465K->189223K(524288K)] 550925K->189223K(708608K), [Metaspace: 43649K->43649K(1087488K)], 0.0579282 secs] [Times: user=0.49 sys=0.00, real=0.06 secs] 
2016-09-24T02:44:01.365-0400: 32.518: [GC (GCLocker Initiated GC) [PSYoungGen: 104276K->51666K(156672K)] 297550K->244940K(680960K), 0.0056489 secs] [Times: user=0.07 sys=0.01, real=0.00 secs] 
2016-09-24T02:44:01.428-0400: 32.580: [GC (GCLocker Initiated GC) [PSYoungGen: 156626K->56515K(181760K)] 354123K->256328K(706048K), 0.0064991 secs] [Times: user=0.07 sys=0.01, real=0.01 secs] 
2016-09-24T02:44:01.492-0400: 32.645: [GC (GCLocker Initiated GC) [PSYoungGen: 162499K->40197K(180736K)] 362345K->264969K(705024K), 0.0061515 secs] [Times: user=0.06 sys=0.00, real=0.01 secs] 
2016-09-24T02:44:01.557-0400: 32.710: [GC (GCLocker Initiated GC) [PSYoungGen: 146181K->38933K(186880K)] 375178K->279329K(711168K), 0.0079703 secs] [Times: user=0.07 sys=0.00, real=0.01 secs] 
2016-09-24T02:44:01.616-0400: 32.768: [GC (GCLocker Initiated GC) [PSYoungGen: 150549K->71429K(183296K)] 393722K->315296K(707584K), 0.0063179 secs] [Times: user=0.08 sys=0.00, real=0.01 secs] 
2016-09-24T02:44:01.699-0400: 32.852: [GC (GCLocker Initiated GC) [PSYoungGen: 183045K->41794K(182272K)] 429624K->305274K(706560K), 0.0097984 secs] [Times: user=0.14 sys=0.01, real=0.01 secs] 
2016-09-24T02:44:01.766-0400: 32.919: [GC (GCLocker Initiated GC) [PSYoungGen: 145218K->64754K(168448K)] 410144K->330525K(692736K), 0.0090505 secs] [Times: user=0.12 sys=0.00, real=0.01 secs] 
2016-09-24T02:44:01.841-0400: 32.993: [GC (GCLocker Initiated GC) [PSYoungGen: 168178K->44282K(181760K)] 439505K->332582K(706048K), 0.0062795 secs] [Times: user=0.06 sys=0.00, real=0.01 secs] 
2016-09-24T02:44:01.901-0400: 33.054: [GC (GCLocker Initiated GC) [PSYoungGen: 144634K->33388K(180736K)] 441092K->344044K(705024K), 0.0140419 secs] [Times: user=0.15 sys=0.01, real=0.02 secs] 
2016-09-24T02:44:01.977-0400: 33.130: [GC (GCLocker Initiated GC) [PSYoungGen: 133740K->45717K(178176K)] 455377K->368014K(702464K), 0.0099250 secs] [Times: user=0.12 sys=0.00, real=0.01 secs] 
2016-09-24T02:44:02.043-0400: 33.195: [GC (GCLocker Initiated GC) [PSYoungGen: 146581K->52367K(179712K)] 472950K->379407K(704000K), 0.0097474 secs] [Times: user=0.10 sys=0.01, real=0.00 secs] 
2016-09-24T02:44:02.102-0400: 33.255: [GC (GCLocker Initiated GC) [PSYoungGen: 153231K->53702K(180736K)] 480363K->400449K(705024K), 0.0136436 secs] [Times: user=0.18 sys=0.00, real=0.01 secs] 
2016-09-24T02:44:02.191-0400: 33.344: [GC (GCLocker Initiated GC) [PSYoungGen: 160198K->53879K(181760K)] 509877K->414978K(706048K), 0.0129674 secs] [Times: user=0.16 sys=0.00, real=0.02 secs] 
2016-09-24T02:44:02.270-0400: 33.423: [GC (GCLocker Initiated GC) [PSYoungGen: 160375K->55346K(184832K)] 521735K->428335K(709120K), 0.0063919 secs] [Times: user=0.09 sys=0.00, real=0.01 secs] 
2016-09-24T02:44:02.338-0400: 33.491: [GC (GCLocker Initiated GC) [PSYoungGen: 167986K->49959K(185856K)] 542337K->435921K(710144K), 0.0082236 secs] [Times: user=0.08 sys=0.00, real=0.01 secs] 
2016-09-24T02:44:02.416-0400: 33.569: [GC (GCLocker Initiated GC) [PSYoungGen: 162599K->60972K(186880K)] 548709K->447969K(711168K), 0.0093364 secs] [Times: user=0.12 sys=0.00, real=0.01 secs] 
2016-09-24T02:44:02.491-0400: 33.644: [GC (GCLocker Initiated GC) [PSYoungGen: 176172K->51822K(188416K)] 568778K->445536K(712704K), 0.0065557 secs] [Times: user=0.07 sys=0.00, real=0.01 secs] 
2016-09-24T02:44:02.586-0400: 33.738: [GC (GCLocker Initiated GC) [PSYoungGen: 167022K->46393K(187392K)] 579664K->460312K(711680K), 0.0053197 secs] [Times: user=0.06 sys=0.00, real=0.00 secs] 
2016-09-24T02:44:02.657-0400: 33.810: [GC (GCLocker Initiated GC) [PSYoungGen: 164153K->58319K(187904K)] 578090K->495147K(712192K), 0.0062454 secs] [Times: user=0.08 sys=0.01, real=0.01 secs] 
2016-09-24T02:44:02.747-0400: 33.900: [GC (GCLocker Initiated GC) [PSYoungGen: 176079K->50515K(189440K)] 621060K->512771K(713728K), 0.0060651 secs] [Times: user=0.08 sys=0.00, real=0.00 secs] 
2016-09-24T02:44:02.838-0400: 33.991: [GC (GCLocker Initiated GC) [PSYoungGen: 171859K->24456K(145920K)] 642604K->496539K(670208K), 0.0092587 secs] [Times: user=0.05 sys=0.00, real=0.01 secs] 
2016-09-24T02:44:02.916-0400: 34.069: [GC (GCLocker Initiated GC) [PSYoungGen: 145800K->66527K(181760K)] 618662K->548796K(706048K), 0.0071096 secs] [Times: user=0.10 sys=0.00, real=0.01 secs] 
2016-09-24T02:44:03.002-0400: 34.155: [Full GC (Ergonomics) [PSYoungGen: 176095K->0K(181760K)] [ParOldGen: 497294K->211179K(524288K)] 673390K->211179K(706048K), [Metaspace: 43661K->43661K(1087488K)], 0.0557132 secs] [Times: user=0.34 sys=0.01, real=0.05 secs] 
2016-09-24T02:44:03.124-0400: 34.277: [GC (GCLocker Initiated GC) [PSYoungGen: 109568K->69515K(179200K)] 320958K->280905K(703488K), 0.0073913 secs] [Times: user=0.10 sys=0.00, real=0.00 secs] 
2016-09-24T02:44:03.202-0400: 34.355: [GC (GCLocker Initiated GC) [PSYoungGen: 179083K->54418K(183808K)] 390871K->267716K(708096K), 0.0161612 secs] [Times: user=0.23 sys=0.01, real=0.01 secs] 
2016-09-24T02:44:03.279-0400: 34.432: [GC (GCLocker Initiated GC) [PSYoungGen: 157330K->42169K(145408K)] 384177K->270211K(669696K), 0.0068710 secs] [Times: user=0.09 sys=0.01, real=0.01 secs] 
2016-09-24T02:44:03.352-0400: 34.504: [GC (GCLocker Initiated GC) [PSYoungGen: 145081K->59384K(180736K)] 373140K->288632K(705024K), 0.0066072 secs] [Times: user=0.05 sys=0.01, real=0.01 secs] 
2016-09-24T02:44:03.427-0400: 34.579: [GC (GCLocker Initiated GC) [PSYoungGen: 162296K->52897K(180736K)] 397120K->302178K(705024K), 0.0081641 secs] [Times: user=0.11 sys=0.01, real=0.01 secs] 
2016-09-24T02:44:03.500-0400: 34.653: [GC (GCLocker Initiated GC) [PSYoungGen: 155809K->66496K(179712K)] 410529K->322381K(704000K), 0.0066016 secs] [Times: user=0.09 sys=0.00, real=0.01 secs] 
2016-09-24T02:44:03.589-0400: 34.742: [GC (GCLocker Initiated GC) [PSYoungGen: 170432K->63628K(182272K)] 426335K->320638K(706560K), 0.0050989 secs] [Times: user=0.06 sys=0.00, real=0.01 secs] 
2016-09-24T02:44:03.657-0400: 34.810: [GC (GCLocker Initiated GC) [PSYoungGen: 167564K->20499K(175616K)] 436802K->304309K(699904K), 0.0084455 secs] [Times: user=0.09 sys=0.00, real=0.01 secs] 
2016-09-24T02:44:03.736-0400: 34.888: [GC (GCLocker Initiated GC) [PSYoungGen: 116755K->63593K(160256K)] 400620K->367653K(684544K), 0.0064462 secs] [Times: user=0.09 sys=0.00, real=0.01 secs] 
2016-09-24T02:44:03.810-0400: 34.963: [GC (GCLocker Initiated GC) [PSYoungGen: 159849K->35061K(178176K)] 474728K->369813K(702464K), 0.0095025 secs] [Times: user=0.10 sys=0.00, real=0.01 secs] 
2016-09-24T02:44:03.878-0400: 35.030: [GC (GCLocker Initiated GC) [PSYoungGen: 128757K->42998K(136704K)] 466344K->381512K(660992K), 0.0067443 secs] [Times: user=0.05 sys=0.00, real=0.01 secs] 
2016-09-24T02:44:03.946-0400: 35.098: [GC (GCLocker Initiated GC) [PSYoungGen: 136694K->56561K(177152K)] 475271K->406870K(701440K), 0.0064830 secs] [Times: user=0.05 sys=0.01, real=0.00 secs] 
2016-09-24T02:44:04.008-0400: 35.161: [GC (GCLocker Initiated GC) [PSYoungGen: 151281K->51181K(176128K)] 501608K->407670K(700416K), 0.0167483 secs] [Times: user=0.23 sys=0.00, real=0.02 secs] 
2016-09-24T02:44:04.100-0400: 35.252: [GC (GCLocker Initiated GC) [PSYoungGen: 145901K->40219K(177152K)] 502508K->411118K(701440K), 0.0068092 secs] [Times: user=0.07 sys=0.00, real=0.01 secs] 
2016-09-24T02:44:04.160-0400: 35.312: [GC (GCLocker Initiated GC) [PSYoungGen: 139035K->59218K(176640K)] 509941K->430881K(700928K), 0.0051376 secs] [Times: user=0.07 sys=0.00, real=0.01 secs] 
2016-09-24T02:44:04.236-0400: 35.389: [GC (GCLocker Initiated GC) [PSYoungGen: 158034K->29455K(181760K)] 540526K->412611K(706048K), 0.0048101 secs] [Times: user=0.06 sys=0.00, real=0.00 secs] 
2016-09-24T02:44:04.311-0400: 35.463: [GC (GCLocker Initiated GC) [PSYoungGen: 132879K->46819K(150528K)] 521501K->436283K(674816K), 0.0085172 secs] [Times: user=0.11 sys=0.01, real=0.01 secs] 
2016-09-24T02:44:04.384-0400: 35.536: [GC (GCLocker Initiated GC) [PSYoungGen: 150243K->53505K(181248K)] 539739K->446308K(705536K), 0.0077739 secs] [Times: user=0.07 sys=0.00, real=0.00 secs] 
2016-09-24T02:44:04.466-0400: 35.618: [GC (GCLocker Initiated GC) [PSYoungGen: 158465K->36302K(180736K)] 563457K->468878K(705024K), 0.0062543 secs] [Times: user=0.09 sys=0.00, real=0.00 secs] 
2016-09-24T02:44:04.531-0400: 35.684: [GC (GCLocker Initiated GC) [PSYoungGen: 141262K->60446K(182784K)] 579409K->499339K(707072K), 0.0068295 secs] [Times: user=0.06 sys=0.00, real=0.01 secs] 
2016-09-24T02:44:04.611-0400: 35.764: [GC (GCLocker Initiated GC) [PSYoungGen: 167966K->51090K(184832K)] 606874K->504152K(709120K), 0.0060603 secs] [Times: user=0.09 sys=0.01, real=0.01 secs] 
2016-09-24T02:44:04.673-0400: 35.826: [GC (GCLocker Initiated GC) [PSYoungGen: 158610K->51028K(180736K)] 617211K->523853K(705024K), 0.0061690 secs] [Times: user=0.09 sys=0.00, real=0.01 secs] 
2016-09-24T02:44:04.740-0400: 35.893: [GC (GCLocker Initiated GC) [PSYoungGen: 160596K->62056K(182784K)] 633506K->535604K(707072K), 0.0059735 secs] [Times: user=0.09 sys=0.00, real=0.01 secs] 
2016-09-24T02:44:04.820-0400: 35.972: [GC (GCLocker Initiated GC) [PSYoungGen: 171624K->61966K(183296K)] 645320K->536488K(707584K), 0.0060514 secs] [Times: user=0.08 sys=0.01, real=0.01 secs] 
2016-09-24T02:44:04.881-0400: 36.034: [GC (GCLocker Initiated GC) [PSYoungGen: 169486K->48535K(156160K)] 652122K->548116K(680448K), 0.0059915 secs] [Times: user=0.07 sys=0.01, real=0.01 secs] 
2016-09-24T02:44:04.888-0400: 36.040: [Full GC (Ergonomics) [PSYoungGen: 48535K->0K(156160K)] [ParOldGen: 499580K->231210K(524288K)] 548116K->231210K(680448K), [Metaspace: 43674K->43674K(1087488K)], 0.0507904 secs] [Times: user=0.32 sys=0.01, real=0.05 secs] 
2016-09-24T02:44:05.016-0400: 36.168: [GC (GCLocker Initiated GC) [PSYoungGen: 107520K->62456K(182784K)] 341462K->296399K(707072K), 0.0103838 secs] [Times: user=0.15 sys=0.01, real=0.01 secs] 
2016-09-24T02:44:05.087-0400: 36.239: [GC (GCLocker Initiated GC) [PSYoungGen: 169976K->47035K(184320K)] 408025K->303796K(708608K), 0.0075438 secs] [Times: user=0.05 sys=0.00, real=0.01 secs] 
2016-09-24T02:44:05.149-0400: 36.301: [GC (GCLocker Initiated GC) [PSYoungGen: 154555K->57968K(183808K)] 416771K->320951K(708096K), 0.0074138 secs] [Times: user=0.09 sys=0.00, real=0.01 secs] 
2016-09-24T02:44:05.231-0400: 36.384: [GC (GCLocker Initiated GC) [PSYoungGen: 167536K->39184K(184832K)] 435961K->321961K(709120K), 0.0163152 secs] [Times: user=0.20 sys=0.00, real=0.02 secs] 
2016-09-24T02:44:05.306-0400: 36.458: [GC (GCLocker Initiated GC) [PSYoungGen: 148752K->62119K(182784K)] 431624K->359435K(707072K), 0.0063221 secs] [Times: user=0.08 sys=0.00, real=0.00 secs] 
2016-09-24T02:44:05.383-0400: 36.535: [GC (GCLocker Initiated GC) [PSYoungGen: 169639K->51394K(159232K)] 467109K->368661K(683520K), 0.0062279 secs] [Times: user=0.08 sys=0.00, real=0.00 secs] 
2016-09-24T02:44:05.455-0400: 36.608: [GC (GCLocker Initiated GC) [PSYoungGen: 158914K->51477K(186368K)] 489907K->383458K(710656K), 0.0058257 secs] [Times: user=0.08 sys=0.00, real=0.00 secs] 
2016-09-24T02:44:05.546-0400: 36.699: [GC (GCLocker Initiated GC) [PSYoungGen: 163093K->26196K(184320K)] 506057K->370159K(708608K), 0.0051121 secs] [Times: user=0.05 sys=0.00, real=0.00 secs] 
2016-09-24T02:44:05.614-0400: 36.766: [GC (GCLocker Initiated GC) [PSYoungGen: 137812K->69008K(177664K)] 482044K->414469K(701952K), 0.0067008 secs] [Times: user=0.08 sys=0.00, real=0.01 secs] 
2016-09-24T02:44:05.679-0400: 36.831: [GC (GCLocker Initiated GC) [PSYoungGen: 171408K->70097K(172544K)] 516917K->422034K(696832K), 0.0061597 secs] [Times: user=0.08 sys=0.00, real=0.01 secs] 
2016-09-24T02:44:05.757-0400: 36.909: [GC (GCLocker Initiated GC) [PSYoungGen: 172497K->48708K(180736K)] 529844K->417686K(705024K), 0.0064810 secs] [Times: user=0.09 sys=0.00, real=0.01 secs] 
2016-09-24T02:44:05.824-0400: 36.976: [GC (GCLocker Initiated GC) [PSYoungGen: 145476K->47461K(144384K)] 528151K->431194K(668672K), 0.0051938 secs] [Times: user=0.06 sys=0.00, real=0.00 secs] 
2016-09-24T02:44:05.894-0400: 37.047: [GC (GCLocker Initiated GC) [PSYoungGen: 144229K->62030K(176128K)] 527974K->446800K(700416K), 0.0172908 secs] [Times: user=0.24 sys=0.00, real=0.01 secs] 
2016-09-24T02:44:05.977-0400: 37.130: [GC (GCLocker Initiated GC) [PSYoungGen: 158286K->33929K(176640K)] 551360K->427803K(700928K), 0.0044618 secs] [Times: user=0.03 sys=0.01, real=0.00 secs] 
2016-09-24T02:44:06.047-0400: 37.199: [GC (GCLocker Initiated GC) [PSYoungGen: 130185K->60796K(179200K)] 526825K->458441K(703488K), 0.0057843 secs] [Times: user=0.06 sys=0.00, real=0.00 secs] 
2016-09-24T02:44:06.121-0400: 37.274: [GC (GCLocker Initiated GC) [PSYoungGen: 159100K->36681K(180224K)] 565648K->460357K(704512K), 0.0061437 secs] [Times: user=0.06 sys=0.00, real=0.01 secs] 
2016-09-24T02:44:06.186-0400: 37.339: [GC (GCLocker Initiated GC) [PSYoungGen: 134985K->52581K(174592K)] 561483K->499116K(698880K), 0.0071014 secs] [Times: user=0.08 sys=0.00, real=0.00 secs] 
2016-09-24T02:44:06.252-0400: 37.405: [GC (GCLocker Initiated GC) [PSYoungGen: 151396K->59382K(177664K)] 600873K->528616K(701952K), 0.0063347 secs] [Times: user=0.08 sys=0.00, real=0.01 secs] 
2016-09-24T02:44:06.331-0400: 37.484: [GC (GCLocker Initiated GC) [PSYoungGen: 158198K->18850K(176640K)] 631774K->493326K(700928K), 0.0050749 secs] [Times: user=0.04 sys=0.00, real=0.01 secs] 
2016-09-24T02:44:06.392-0400: 37.545: [GC (GCLocker Initiated GC) [PSYoungGen: 116130K->63317K(160768K)] 590614K->538813K(685056K), 0.0059887 secs] [Times: user=0.07 sys=0.01, real=0.01 secs] 
2016-09-24T02:44:06.466-0400: 37.619: [GC (GCLocker Initiated GC) [PSYoungGen: 160597K->59594K(177664K)] 641536K->541366K(701952K), 0.0059287 secs] [Times: user=0.08 sys=0.00, real=0.00 secs] 
2016-09-24T02:44:06.530-0400: 37.682: [GC (GCLocker Initiated GC) [PSYoungGen: 152778K->72947K(166400K)] 637415K->558616K(690688K), 0.0058740 secs] [Times: user=0.07 sys=0.00, real=0.01 secs] 
2016-09-24T02:44:06.595-0400: 37.747: [GC (GCLocker Initiated GC) [PSYoungGen: 166131K->60797K(175104K)] 657368K->569183K(699392K), 0.0060632 secs] [Times: user=0.09 sys=0.00, real=0.00 secs] 
2016-09-24T02:44:06.601-0400: 37.754: [Full GC (Ergonomics) [PSYoungGen: 60797K->0K(175104K)] [ParOldGen: 508386K->245618K(524288K)] 569183K->245618K(699392K), [Metaspace: 43675K->43675K(1087488K)], 0.0568218 secs] [Times: user=0.47 sys=0.01, real=0.06 secs] 
2016-09-24T02:44:06.720-0400: 37.872: [GC (GCLocker Initiated GC) [PSYoungGen: 88064K->64009K(175104K)] 340676K->316621K(699392K), 0.0053691 secs] [Times: user=0.07 sys=0.00, real=0.01 secs] 
2016-09-24T02:44:06.774-0400: 37.927: [GC (GCLocker Initiated GC) [PSYoungGen: 152073K->78264K(175104K)] 404759K->341797K(699392K), 0.0066092 secs] [Times: user=0.10 sys=0.00, real=0.00 secs] 
2016-09-24T02:44:06.834-0400: 37.986: [GC (GCLocker Initiated GC) [PSYoungGen: 166328K->41737K(175104K)] 429886K->322289K(699392K), 0.0067520 secs] [Times: user=0.05 sys=0.00, real=0.01 secs] 
2016-09-24T02:44:06.903-0400: 38.055: [GC (GCLocker Initiated GC) [PSYoungGen: 129801K->63350K(175104K)] 413096K->347593K(699392K), 0.0062226 secs] [Times: user=0.09 sys=0.00, real=0.00 secs] 
2016-09-24T02:44:06.967-0400: 38.120: [GC (GCLocker Initiated GC) [PSYoungGen: 151414K->55346K(175104K)] 435720K->351262K(699392K), 0.0065832 secs] [Times: user=0.08 sys=0.00, real=0.00 secs] 
2016-09-24T02:44:07.041-0400: 38.193: [GC (GCLocker Initiated GC) [PSYoungGen: 143410K->50275K(174080K)] 447136K->357599K(698368K), 0.0054066 secs] [Times: user=0.08 sys=0.00, real=0.01 secs] 
2016-09-24T02:44:07.116-0400: 38.268: [GC (GCLocker Initiated GC) [PSYoungGen: 138339K->47161K(174592K)] 445726K->371868K(698880K), 0.0069077 secs] [Times: user=0.10 sys=0.00, real=0.01 secs] 
2016-09-24T02:44:07.190-0400: 38.343: [GC (GCLocker Initiated GC) [PSYoungGen: 135225K->28341K(173056K)] 481711K->383675K(697344K), 0.0043113 secs] [Times: user=0.05 sys=0.01, real=0.01 secs] 
2016-09-24T02:44:07.254-0400: 38.406: [GC (GCLocker Initiated GC) [PSYoungGen: 116405K->43164K(174592K)] 476035K->414607K(698880K), 0.0058701 secs] [Times: user=0.05 sys=0.01, real=0.01 secs] 
2016-09-24T02:44:07.316-0400: 38.468: [GC (GCLocker Initiated GC) [PSYoungGen: 131228K->56602K(174080K)] 508199K->434384K(698368K), 0.0060358 secs] [Times: user=0.06 sys=0.00, real=0.00 secs] 
2016-09-24T02:44:07.380-0400: 38.533: [GC (GCLocker Initiated GC) [PSYoungGen: 147738K->44444K(174592K)] 532524K->430033K(698880K), 0.0149975 secs] [Times: user=0.21 sys=0.00, real=0.02 secs] 
2016-09-24T02:44:07.460-0400: 38.613: [GC (GCLocker Initiated GC) [PSYoungGen: 135580K->51188K(174080K)] 526647K->443091K(698368K), 0.0248997 secs] [Times: user=0.32 sys=0.00, real=0.03 secs] 
2016-09-24T02:44:07.548-0400: 38.701: [GC (GCLocker Initiated GC) [PSYoungGen: 148468K->43061K(175616K)] 547494K->442837K(699904K), 0.0114893 secs] [Times: user=0.16 sys=0.00, real=0.01 secs] 
2016-09-24T02:44:07.621-0400: 38.773: [GC (GCLocker Initiated GC) [PSYoungGen: 140341K->71541K(174592K)] 545652K->477663K(698880K), 0.0072218 secs] [Times: user=0.09 sys=0.00, real=0.01 secs] 
2016-09-24T02:44:07.698-0400: 38.850: [GC (Allocation Failure) [PSYoungGen: 168821K->48560K(179712K)] 577788K->471807K(704000K), 0.0110180 secs] [Times: user=0.14 sys=0.00, real=0.01 secs] 
2016-09-24T02:44:07.759-0400: 38.912: [GC (GCLocker Initiated GC) [PSYoungGen: 145375K->58081K(176128K)] 571323K->501178K(700416K), 0.0097791 secs] [Times: user=0.14 sys=0.00, real=0.01 secs] 
2016-09-24T02:44:07.837-0400: 38.989: [GC (GCLocker Initiated GC) [PSYoungGen: 157921K->70125K(169984K)] 601126K->514182K(694272K), 0.0061496 secs] [Times: user=0.09 sys=0.01, real=0.01 secs] 
2016-09-24T02:44:07.901-0400: 39.054: [GC (GCLocker Initiated GC) [PSYoungGen: 169965K->54001K(181760K)] 616958K->518005K(706048K), 0.0060194 secs] [Times: user=0.07 sys=0.01, real=0.01 secs] 
2016-09-24T02:44:07.965-0400: 39.117: [GC (GCLocker Initiated GC) [PSYoungGen: 152305K->71610K(169984K)] 616371K->536611K(694272K), 0.0054749 secs] [Times: user=0.08 sys=0.00, real=0.00 secs] 
2016-09-24T02:44:08.029-0400: 39.182: [GC (GCLocker Initiated GC) [PSYoungGen: 169914K->59401K(179200K)] 640561K->547163K(703488K), 0.0110296 secs] [Times: user=0.15 sys=0.00, real=0.01 secs] 
2016-09-24T02:44:08.102-0400: 39.254: [GC (GCLocker Initiated GC) [PSYoungGen: 154121K->68777K(177664K)] 642006K->557517K(701952K), 0.0064919 secs] [Times: user=0.06 sys=0.02, real=0.01 secs] 
2016-09-24T02:44:08.163-0400: 39.315: [GC (GCLocker Initiated GC) [PSYoungGen: 163497K->68917K(174592K)] 654984K->569341K(698880K), 0.0071508 secs] [Times: user=0.10 sys=0.01, real=0.00 secs] 
2016-09-24T02:44:08.170-0400: 39.323: [Full GC (Ergonomics) [PSYoungGen: 68917K->0K(174592K)] [ParOldGen: 500424K->219701K(524288K)] 569341K->219701K(698880K), [Metaspace: 43689K->43689K(1087488K)], 0.0645339 secs] [Times: user=0.57 sys=0.01, real=0.07 secs] 
2016-09-24T02:44:08.292-0400: 39.444: [GC (GCLocker Initiated GC) [PSYoungGen: 90112K->58522K(148992K)] 309855K->278265K(673280K), 0.0060906 secs] [Times: user=0.06 sys=0.01, real=0.01 secs] 
2016-09-24T02:44:08.350-0400: 39.503: [GC (GCLocker Initiated GC) [PSYoungGen: 148634K->34905K(173568K)] 371105K->285783K(697856K), 0.0063453 secs] [Times: user=0.06 sys=0.00, real=0.01 secs] 
2016-09-24T02:44:08.410-0400: 39.562: [GC (GCLocker Initiated GC) [PSYoungGen: 125017K->52552K(175104K)] 378672K->306938K(699392K), 0.0089156 secs] [Times: user=0.05 sys=0.00, real=0.01 secs] 
2016-09-24T02:44:08.478-0400: 39.630: [GC (GCLocker Initiated GC) [PSYoungGen: 142664K->47216K(175616K)] 405232K->334896K(699904K), 0.0064788 secs] [Times: user=0.08 sys=0.01, real=0.01 secs] 
2016-09-24T02:44:08.550-0400: 39.702: [GC (GCLocker Initiated GC) [PSYoungGen: 141424K->37612K(176128K)] 434891K->334559K(700416K), 0.0187924 secs] [Times: user=0.20 sys=0.00, real=0.02 secs] 
2016-09-24T02:44:08.638-0400: 39.791: [GC (GCLocker Initiated GC) [PSYoungGen: 131820K->49687K(176128K)] 435750K->354515K(700416K), 0.0112866 secs] [Times: user=0.09 sys=0.01, real=0.01 secs] 
2016-09-24T02:44:08.714-0400: 39.867: [GC (GCLocker Initiated GC) [PSYoungGen: 147991K->26781K(178176K)] 462339K->341815K(702464K), 0.0070592 secs] [Times: user=0.04 sys=0.01, real=0.00 secs] 
2016-09-24T02:44:08.794-0400: 39.947: [GC (GCLocker Initiated GC) [PSYoungGen: 125085K->50012K(178688K)] 442844K->368703K(702976K), 0.0072709 secs] [Times: user=0.08 sys=0.00, real=0.00 secs] 
2016-09-24T02:44:08.864-0400: 40.017: [GC (GCLocker Initiated GC) [PSYoungGen: 150876K->59404K(179712K)] 476675K->396967K(704000K), 0.0064855 secs] [Times: user=0.10 sys=0.00, real=0.00 secs] 
2016-09-24T02:44:08.933-0400: 40.086: [GC (GCLocker Initiated GC) [PSYoungGen: 160268K->45897K(179712K)] 504618K->391112K(704000K), 0.0058443 secs] [Times: user=0.06 sys=0.00, real=0.01 secs] 
2016-09-24T02:44:09.015-0400: 40.167: [GC (GCLocker Initiated GC) [PSYoungGen: 149833K->45928K(181248K)] 495171K->408317K(705536K), 0.0136771 secs] [Times: user=0.17 sys=0.00, real=0.01 secs] 
2016-09-24T02:44:09.102-0400: 40.254: [GC (GCLocker Initiated GC) [PSYoungGen: 149864K->63542K(181760K)] 512463K->427071K(706048K), 0.0100365 secs] [Times: user=0.13 sys=0.00, real=0.01 secs] 
2016-09-24T02:44:09.171-0400: 40.324: [GC (GCLocker Initiated GC) [PSYoungGen: 170038K->29381K(136192K)] 541703K->401960K(660480K), 0.0230371 secs] [Times: user=0.22 sys=0.00, real=0.03 secs] 
2016-09-24T02:44:09.270-0400: 40.423: [GC (GCLocker Initiated GC) [PSYoungGen: 135877K->49818K(185856K)] 511271K->426043K(710144K), 0.0115846 secs] [Times: user=0.17 sys=0.00, real=0.01 secs] 
2016-09-24T02:44:09.353-0400: 40.506: [GC (GCLocker Initiated GC) [PSYoungGen: 156826K->54101K(161280K)] 550694K->459611K(685568K), 0.0052455 secs] [Times: user=0.07 sys=0.00, real=0.01 secs] 
2016-09-24T02:44:09.428-0400: 40.581: [GC (GCLocker Initiated GC) [PSYoungGen: 161109K->55265K(182784K)] 572226K->483553K(707072K), 0.0071086 secs] [Times: user=0.07 sys=0.02, real=0.01 secs] 
2016-09-24T02:44:09.505-0400: 40.657: [GC (GCLocker Initiated GC) [PSYoungGen: 162785K->39093K(182272K)] 598956K->475968K(706560K), 0.0060528 secs] [Times: user=0.06 sys=0.00, real=0.00 secs] 
2016-09-24T02:44:09.587-0400: 40.740: [GC (GCLocker Initiated GC) [PSYoungGen: 146613K->45836K(185344K)] 594447K->494588K(709632K), 0.0044713 secs] [Times: user=0.06 sys=0.00, real=0.00 secs] 
2016-09-24T02:44:09.660-0400: 40.813: [GC (GCLocker Initiated GC) [PSYoungGen: 158988K->62218K(185856K)] 607760K->522667K(710144K), 0.0069356 secs] [Times: user=0.09 sys=0.01, real=0.01 secs] 
2016-09-24T02:44:09.757-0400: 40.910: [GC (GCLocker Initiated GC) [PSYoungGen: 175370K->31374K(185856K)] 651080K->508048K(710144K), 0.0050468 secs] [Times: user=0.07 sys=0.01, real=0.01 secs] 
2016-09-24T02:44:09.830-0400: 40.983: [GC (GCLocker Initiated GC) [PSYoungGen: 141966K->55129K(186368K)] 618745K->533126K(710656K), 0.0165913 secs] [Times: user=0.23 sys=0.00, real=0.02 secs] 
2016-09-24T02:44:09.923-0400: 41.075: [GC (GCLocker Initiated GC) [PSYoungGen: 165721K->25463K(184320K)] 647917K->535372K(708608K), 0.0142552 secs] [Times: user=0.16 sys=0.00, real=0.01 secs] 
2016-09-24T02:44:09.937-0400: 41.089: [Full GC (Ergonomics) [PSYoungGen: 25463K->0K(184320K)] [ParOldGen: 509908K->226705K(524288K)] 535372K->226705K(708608K), [Metaspace: 43692K->43692K(1087488K)], 0.0574463 secs] [Times: user=0.32 sys=0.01, real=0.06 secs] 
2016-09-24T02:44:10.061-0400: 41.213: [GC (GCLocker Initiated GC) [PSYoungGen: 108544K->57438K(166400K)] 342126K->291020K(690688K), 0.0086833 secs] [Times: user=0.12 sys=0.00, real=0.01 secs] 
2016-09-24T02:44:10.136-0400: 41.289: [GC (GCLocker Initiated GC) [PSYoungGen: 165982K->72997K(171008K)] 405100K->319142K(695296K), 0.0077884 secs] [Times: user=0.11 sys=0.01, real=0.01 secs] 
2016-09-24T02:44:10.211-0400: 41.364: [GC (GCLocker Initiated GC) [PSYoungGen: 166181K->60747K(154112K)] 412385K->334871K(678400K), 0.0067713 secs] [Times: user=0.10 sys=0.01, real=0.01 secs] 
2016-09-24T02:44:10.279-0400: 41.431: [GC (GCLocker Initiated GC) [PSYoungGen: 153931K->33809K(177664K)] 441646K->325027K(701952K), 0.0122092 secs] [Times: user=0.17 sys=0.00, real=0.01 secs] 
2016-09-24T02:44:10.345-0400: 41.497: [GC (GCLocker Initiated GC) [PSYoungGen: 126481K->67553K(160256K)] 421858K->366743K(684544K), 0.0057587 secs] [Times: user=0.07 sys=0.00, real=0.00 secs] 
2016-09-24T02:44:10.418-0400: 41.571: [GC (GCLocker Initiated GC) [PSYoungGen: 160225K->44579K(177152K)] 466198K->364943K(701440K), 0.0100635 secs] [Times: user=0.09 sys=0.01, real=0.01 secs] 
2016-09-24T02:44:10.494-0400: 41.646: [GC (GCLocker Initiated GC) [PSYoungGen: 134691K->24071K(175104K)] 456967K->350066K(699392K), 0.0258522 secs] [Times: user=0.21 sys=0.00, real=0.03 secs] 
2016-09-24T02:44:10.579-0400: 41.732: [GC (GCLocker Initiated GC) [PSYoungGen: 114183K->42907K(172544K)] 445592K->375245K(696832K), 0.0061229 secs] [Times: user=0.05 sys=0.00, real=0.01 secs] 
2016-09-24T02:44:10.648-0400: 41.800: [GC (GCLocker Initiated GC) [PSYoungGen: 133531K->54208K(174080K)] 478234K->399760K(698368K), 0.0054550 secs] [Times: user=0.07 sys=0.00, real=0.00 secs] 
2016-09-24T02:44:10.712-0400: 41.864: [GC (GCLocker Initiated GC) [PSYoungGen: 144832K->62166K(176640K)] 490543K->408986K(700928K), 0.0058684 secs] [Times: user=0.07 sys=0.00, real=0.01 secs] 
2016-09-24T02:44:10.785-0400: 41.938: [GC (GCLocker Initiated GC) [PSYoungGen: 156374K->41885K(136192K)] 503230K->400477K(660480K), 0.0053704 secs] [Times: user=0.05 sys=0.00, real=0.00 secs] 
2016-09-24T02:44:10.848-0400: 42.000: [GC (GCLocker Initiated GC) [PSYoungGen: 136093K->51640K(179712K)] 498970K->418194K(704000K), 0.0061736 secs] [Times: user=0.09 sys=0.00, real=0.00 secs] 
2016-09-24T02:44:10.913-0400: 42.065: [GC (GCLocker Initiated GC) [PSYoungGen: 149432K->48739K(146944K)] 520706K->440130K(671232K), 0.0064883 secs] [Times: user=0.09 sys=0.00, real=0.01 secs] 
2016-09-24T02:44:10.978-0400: 42.130: [GC (GCLocker Initiated GC) [PSYoungGen: 146531K->52589K(178688K)] 537950K->444985K(702976K), 0.0068485 secs] [Times: user=0.07 sys=0.01, real=0.01 secs] 
2016-09-24T02:44:11.054-0400: 42.206: [GC (GCLocker Initiated GC) [PSYoungGen: 154477K->44646K(177152K)] 549619K->443440K(701440K), 0.0065353 secs] [Times: user=0.06 sys=0.00, real=0.01 secs] 
2016-09-24T02:44:11.122-0400: 42.275: [GC (GCLocker Initiated GC) [PSYoungGen: 146534K->64883K(180736K)] 553499K->475578K(705024K), 0.0184765 secs] [Times: user=0.26 sys=0.00, real=0.01 secs] 
2016-09-24T02:44:11.217-0400: 42.370: [GC (GCLocker Initiated GC) [PSYoungGen: 171891K->47433K(183808K)] 585427K->480814K(708096K), 0.0060845 secs] [Times: user=0.06 sys=0.02, real=0.01 secs] 
2016-09-24T02:44:11.288-0400: 42.440: [GC (GCLocker Initiated GC) [PSYoungGen: 154441K->53947K(182272K)] 593296K->510119K(706560K), 0.0061980 secs] [Times: user=0.09 sys=0.00, real=0.00 secs] 
2016-09-24T02:44:11.356-0400: 42.508: [GC (GCLocker Initiated GC) [PSYoungGen: 164539K->58003K(184320K)] 620718K->536655K(708608K), 0.0082381 secs] [Times: user=0.11 sys=0.00, real=0.01 secs] 
2016-09-24T02:44:11.435-0400: 42.587: [GC (GCLocker Initiated GC) [PSYoungGen: 168595K->41617K(187904K)] 650006K->523915K(712192K), 0.0068881 secs] [Times: user=0.05 sys=0.00, real=0.00 secs] 
2016-09-24T02:44:11.519-0400: 42.672: [GC (GCLocker Initiated GC) [PSYoungGen: 155793K->47343K(161792K)] 643523K->535934K(686080K), 0.0066961 secs] [Times: user=0.06 sys=0.01, real=0.01 secs] 
2016-09-24T02:44:11.586-0400: 42.738: [GC (GCLocker Initiated GC) [PSYoungGen: 161519K->60798K(184320K)] 650128K->574717K(708608K), 0.0075116 secs] [Times: user=0.09 sys=0.01, real=0.00 secs] 
2016-09-24T02:44:11.594-0400: 42.746: [Full GC (Ergonomics) [PSYoungGen: 60798K->0K(184320K)] [ParOldGen: 513919K->257514K(524288K)] 574717K->257514K(708608K), [Metaspace: 43694K->43694K(1087488K)], 0.0590094 secs] [Times: user=0.44 sys=0.00, real=0.06 secs] 
2016-09-24T02:44:11.735-0400: 42.887: [GC (GCLocker Initiated GC) [PSYoungGen: 112640K->43948K(186368K)] 382416K->313725K(710656K), 0.0058014 secs] [Times: user=0.05 sys=0.00, real=0.00 secs] 
2016-09-24T02:44:11.811-0400: 42.964: [GC (GCLocker Initiated GC) [PSYoungGen: 156588K->49927K(183296K)] 429181K->337606K(707584K), 0.0100383 secs] [Times: user=0.13 sys=0.00, real=0.01 secs] 
2016-09-24T02:44:11.887-0400: 43.040: [GC (GCLocker Initiated GC) [PSYoungGen: 165639K->51367K(186368K)] 456043K->361622K(710656K), 0.0127376 secs] [Times: user=0.18 sys=0.00, real=0.01 secs] 
2016-09-24T02:44:11.976-0400: 43.129: [GC (GCLocker Initiated GC) [PSYoungGen: 167079K->52716K(187904K)] 484266K->387095K(712192K), 0.0071809 secs] [Times: user=0.10 sys=0.00, real=0.01 secs] 
2016-09-24T02:44:12.048-0400: 43.201: [GC (GCLocker Initiated GC) [PSYoungGen: 175084K->54068K(190464K)] 512203K->405647K(714752K), 0.0067167 secs] [Times: user=0.07 sys=0.00, real=0.01 secs] 
2016-09-24T02:44:12.134-0400: 43.286: [GC (GCLocker Initiated GC) [PSYoungGen: 176436K->37841K(193536K)] 534808K->416035K(717824K), 0.0060992 secs] [Times: user=0.07 sys=0.00, real=0.01 secs] 
2016-09-24T02:44:12.219-0400: 43.371: [GC (GCLocker Initiated GC) [PSYoungGen: 163793K->60888K(186880K)] 542012K->440106K(711168K), 0.0105844 secs] [Times: user=0.15 sys=0.00, real=0.01 secs] 
2016-09-24T02:44:12.305-0400: 43.457: [GC (GCLocker Initiated GC) [PSYoungGen: 186840K->48673K(193024K)] 574395K->437212K(717312K), 0.0068361 secs] [Times: user=0.05 sys=0.01, real=0.00 secs] 
2016-09-24T02:44:12.393-0400: 43.545: [GC (GCLocker Initiated GC) [PSYoungGen: 171041K->43363K(165888K)] 569060K->442444K(690176K), 0.0110175 secs] [Times: user=0.16 sys=0.00, real=0.02 secs] 
2016-09-24T02:44:12.475-0400: 43.628: [GC (GCLocker Initiated GC) [PSYoungGen: 165731K->47304K(191488K)] 566224K->448853K(715776K), 0.0059271 secs] [Times: user=0.07 sys=0.00, real=0.00 secs] 
2016-09-24T02:44:12.547-0400: 43.699: [GC (Allocation Failure) [PSYoungGen: 170696K->64838K(190464K)] 572304K->470037K(714752K), 0.0060281 secs] [Times: user=0.08 sys=0.00, real=0.00 secs] 
2016-09-24T02:44:12.633-0400: 43.786: [GC (GCLocker Initiated GC) [PSYoungGen: 187019K->53896K(192000K)] 593569K->469406K(716288K), 0.0158204 secs] [Times: user=0.21 sys=0.00, real=0.02 secs] 
2016-09-24T02:44:12.716-0400: 43.869: [GC (GCLocker Initiated GC) [PSYoungGen: 175240K->67435K(188928K)] 593556K->486469K(713216K), 0.0064665 secs] [Times: user=0.07 sys=0.00, real=0.01 secs] 
2016-09-24T02:44:12.804-0400: 43.956: [GC (GCLocker Initiated GC) [PSYoungGen: 188779K->40383K(186880K)] 614245K->474786K(711168K), 0.0065017 secs] [Times: user=0.08 sys=0.00, real=0.00 secs] 
2016-09-24T02:44:12.876-0400: 44.028: [GC (GCLocker Initiated GC) [PSYoungGen: 154047K->64687K(178688K)] 592550K->503991K(702976K), 0.0058672 secs] [Times: user=0.07 sys=0.00, real=0.00 secs] 
2016-09-24T02:44:12.948-0400: 44.101: [GC (GCLocker Initiated GC) [PSYoungGen: 178351K->67432K(179200K)] 620408K->510189K(703488K), 0.0107811 secs] [Times: user=0.14 sys=0.01, real=0.01 secs] 
2016-09-24T02:44:13.015-0400: 44.167: [GC (Allocation Failure) [PSYoungGen: 169832K->53868K(182272K)] 613990K->501472K(706560K), 0.0126288 secs] [Times: user=0.14 sys=0.01, real=0.01 secs] 
2016-09-24T02:44:13.089-0400: 44.242: [GC (GCLocker Initiated GC) [PSYoungGen: 156268K->61897K(182272K)] 603873K->526488K(706560K), 0.0065239 secs] [Times: user=0.09 sys=0.00, real=0.01 secs] 
2016-09-24T02:44:13.161-0400: 44.314: [GC (GCLocker Initiated GC) [PSYoungGen: 166857K->41780K(182784K)] 643807K->519358K(707072K), 0.0064090 secs] [Times: user=0.08 sys=0.00, real=0.01 secs] 
2016-09-24T02:44:13.227-0400: 44.380: [GC (GCLocker Initiated GC) [PSYoungGen: 146740K->55050K(180224K)] 624426K->533504K(704512K), 0.0059595 secs] [Times: user=0.05 sys=0.00, real=0.00 secs] 
2016-09-24T02:44:13.307-0400: 44.459: [GC (GCLocker Initiated GC) [PSYoungGen: 161546K->32244K(182272K)] 648166K->530314K(706560K), 0.0062871 secs] [Times: user=0.04 sys=0.01, real=0.00 secs] 
2016-09-24T02:44:13.370-0400: 44.523: [Full GC (Ergonomics) [PSYoungGen: 138740K->0K(182272K)] [ParOldGen: 500954K->269324K(524288K)] 639695K->269324K(706560K), [Metaspace: 43699K->43699K(1087488K)], 0.0611640 secs] [Times: user=0.46 sys=0.01, real=0.06 secs] 
2016-09-24T02:44:13.502-0400: 44.654: [GC (Allocation Failure) [PSYoungGen: 106496K->63615K(180736K)] 377203K->334322K(705024K), 0.0052481 secs] [Times: user=0.05 sys=0.01, real=0.01 secs] 
2016-09-24T02:44:13.508-0400: 44.660: [GC (GCLocker Initiated GC) [PSYoungGen: 65031K->320K(103936K)] 335738K->320808K(628224K), 0.0051699 secs] [Times: user=0.06 sys=0.00, real=0.00 secs] 
2016-09-24T02:44:13.580-0400: 44.732: [GC (GCLocker Initiated GC) [PSYoungGen: 102853K->59222K(175616K)] 426041K->382418K(699904K), 0.0048967 secs] [Times: user=0.07 sys=0.00, real=0.01 secs] 
2016-09-24T02:44:13.633-0400: 44.785: [GC (GCLocker Initiated GC) [PSYoungGen: 149334K->46750K(137216K)] 484915K->385786K(661504K), 0.0067516 secs] [Times: user=0.06 sys=0.00, real=0.01 secs] 
2016-09-24T02:44:13.679-0400: 44.831: [GC (GCLocker Initiated GC) [PSYoungGen: 136862K->68429K(169984K)] 475995K->418827K(694272K), 0.0065842 secs] [Times: user=0.09 sys=0.00, real=0.01 secs] 
2016-09-24T02:44:13.728-0400: 44.881: [GC (GCLocker Initiated GC) [PSYoungGen: 155469K->54882K(173568K)] 505942K->432744K(697856K), 0.0074243 secs] [Times: user=0.10 sys=0.00, real=0.01 secs] 
2016-09-24T02:44:13.778-0400: 44.930: [GC (GCLocker Initiated GC) [PSYoungGen: 141922K->56118K(172032K)] 519797K->464061K(696320K), 0.0101291 secs] [Times: user=0.15 sys=0.00, real=0.01 secs] 
2016-09-24T02:44:13.839-0400: 44.991: [GC (GCLocker Initiated GC) [PSYoungGen: 147254K->34521K(174592K)] 559297K->446915K(698880K), 0.0100423 secs] [Times: user=0.10 sys=0.01, real=0.01 secs] 
2016-09-24T02:44:13.888-0400: 45.040: [GC (GCLocker Initiated GC) [PSYoungGen: 125657K->57581K(177152K)] 540863K->484068K(701440K), 0.0057703 secs] [Times: user=0.08 sys=0.01, real=0.00 secs] 
2016-09-24T02:44:13.941-0400: 45.093: [GC (GCLocker Initiated GC) [PSYoungGen: 153325K->57596K(178176K)] 582527K->487165K(702464K), 0.0054960 secs] [Times: user=0.07 sys=0.00, real=0.01 secs] 
2016-09-24T02:44:13.998-0400: 45.150: [GC (GCLocker Initiated GC) [PSYoungGen: 153340K->42699K(176128K)] 585759K->475604K(700416K), 0.0094005 secs] [Times: user=0.14 sys=0.00, real=0.01 secs] 
2016-09-24T02:44:14.048-0400: 45.201: [GC (GCLocker Initiated GC) [PSYoungGen: 140491K->58931K(178176K)] 576304K->495231K(702464K), 0.0071846 secs] [Times: user=0.10 sys=0.00, real=0.01 secs] 
2016-09-24T02:44:14.115-0400: 45.268: [GC (GCLocker Initiated GC) [PSYoungGen: 156723K->53635K(177664K)] 594380K->491723K(701952K), 0.0052815 secs] [Times: user=0.08 sys=0.00, real=0.00 secs] 
2016-09-24T02:44:15.035-0400: 46.187: [GC (Allocation Failure) [PSYoungGen: 155011K->56314K(179712K)] 593101K->494939K(704000K), 0.0659919 secs] [Times: user=0.12 sys=0.01, real=0.06 secs] 
2016-09-24T02:44:15.158-0400: 46.311: [GC (GCLocker Initiated GC) [PSYoungGen: 157690K->67276K(178176K)] 596320K->506488K(702464K), 0.0067925 secs] [Times: user=0.09 sys=0.00, real=0.01 secs] 
2016-09-24T02:44:15.223-0400: 46.376: [GC (GCLocker Initiated GC) [PSYoungGen: 167628K->60615K(181248K)] 612288K->505940K(705536K), 0.0062635 secs] [Times: user=0.09 sys=0.00, real=0.00 secs] 
2016-09-24T02:44:15.292-0400: 46.445: [GC (GCLocker Initiated GC) [PSYoungGen: 160967K->48376K(177152K)] 606387K->518801K(701440K), 0.0069095 secs] [Times: user=0.10 sys=0.00, real=0.01 secs] 
2016-09-24T02:44:15.371-0400: 46.523: [GC (GCLocker Initiated GC) [PSYoungGen: 148728K->41606K(179200K)] 621420K->515001K(703488K), 0.0062865 secs] [Times: user=0.05 sys=0.00, real=0.01 secs] 
2016-09-24T02:44:15.444-0400: 46.596: [GC (GCLocker Initiated GC) [PSYoungGen: 141958K->51127K(178688K)] 615604K->525607K(702976K), 0.0074615 secs] [Times: user=0.05 sys=0.01, real=0.00 secs] 
2016-09-24T02:44:15.518-0400: 46.671: [GC (GCLocker Initiated GC) [PSYoungGen: 156087K->49962K(181248K)] 634829K->540233K(705536K), 0.0127515 secs] [Times: user=0.18 sys=0.01, real=0.01 secs] 
2016-09-24T02:44:15.600-0400: 46.752: [GC (GCLocker Initiated GC) [PSYoungGen: 154922K->68741K(179712K)] 645382K->559995K(704000K), 0.0073649 secs] [Times: user=0.10 sys=0.00, real=0.01 secs] 
2016-09-24T02:44:15.681-0400: 46.833: [Full GC (Ergonomics) [PSYoungGen: 174213K->0K(179712K)] [ParOldGen: 499406K->285374K(524288K)] 673619K->285374K(704000K), [Metaspace: 43704K->43704K(1087488K)], 0.0603351 secs] [Times: user=0.38 sys=0.02, real=0.06 secs] 
2016-09-24T02:44:15.810-0400: 46.962: [GC (GCLocker Initiated GC) [PSYoungGen: 105472K->55370K(183808K)] 390923K->340821K(708096K), 0.0072068 secs] [Times: user=0.06 sys=0.00, real=0.01 secs] 
2016-09-24T02:44:15.883-0400: 47.036: [GC (GCLocker Initiated GC) [PSYoungGen: 160842K->48671K(179712K)] 449000K->356683K(704000K), 0.0069769 secs] [Times: user=0.09 sys=0.01, real=0.00 secs] 
2016-09-24T02:44:15.967-0400: 47.120: [GC (GCLocker Initiated GC) [PSYoungGen: 156191K->68832K(182784K)] 472411K->385934K(707072K), 0.0101823 secs] [Times: user=0.15 sys=0.00, real=0.01 secs] 
2016-09-24T02:44:16.047-0400: 47.200: [GC (GCLocker Initiated GC) [PSYoungGen: 176352K->48486K(184832K)] 496210K->371887K(709120K), 0.0134572 secs] [Times: user=0.14 sys=0.00, real=0.01 secs] 
2016-09-24T02:44:16.144-0400: 47.297: [GC (GCLocker Initiated GC) [PSYoungGen: 154470K->33707K(183296K)] 484687K->389084K(707584K), 0.0104937 secs] [Times: user=0.12 sys=0.00, real=0.01 secs] 
2016-09-24T02:44:16.231-0400: 47.383: [GC (GCLocker Initiated GC) [PSYoungGen: 139691K->36145K(183296K)] 503205K->400494K(707584K), 0.0170930 secs] [Times: user=0.19 sys=0.00, real=0.02 secs] 
2016-09-24T02:44:16.333-0400: 47.485: [GC (GCLocker Initiated GC) [PSYoungGen: 140593K->51373K(156160K)] 519862K->431495K(680448K), 0.0243611 secs] [Times: user=0.31 sys=0.00, real=0.03 secs] 
2016-09-24T02:44:16.424-0400: 47.577: [GC (GCLocker Initiated GC) [PSYoungGen: 155821K->57847K(180736K)] 536000K->438993K(705024K), 0.0085957 secs] [Times: user=0.08 sys=0.00, real=0.00 secs] 
2016-09-24T02:44:16.516-0400: 47.669: [GC (GCLocker Initiated GC) [PSYoungGen: 162295K->39223K(180736K)] 544794K->422500K(705024K), 0.0171774 secs] [Times: user=0.21 sys=0.00, real=0.01 secs] 
2016-09-24T02:44:16.609-0400: 47.762: [GC (GCLocker Initiated GC) [PSYoungGen: 143671K->40576K(185344K)] 540629K->438427K(709632K), 0.0072083 secs] [Times: user=0.07 sys=0.01, real=0.01 secs] 
2016-09-24T02:44:16.689-0400: 47.842: [GC (GCLocker Initiated GC) [PSYoungGen: 150656K->58156K(185344K)] 551452K->462718K(709632K), 0.0096012 secs] [Times: user=0.09 sys=0.00, real=0.01 secs] 
2016-09-24T02:44:16.792-0400: 47.944: [GC (GCLocker Initiated GC) [PSYoungGen: 168236K->40550K(185344K)] 575526K->448993K(709632K), 0.0066334 secs] [Times: user=0.07 sys=0.00, real=0.01 secs] 
2016-09-24T02:44:16.875-0400: 48.027: [GC (GCLocker Initiated GC) [PSYoungGen: 151654K->45219K(185856K)] 566986K->461647K(710144K), 0.0070976 secs] [Times: user=0.06 sys=0.00, real=0.01 secs] 
2016-09-24T02:44:16.969-0400: 48.122: [GC (GCLocker Initiated GC) [PSYoungGen: 156323K->53132K(186368K)] 576932K->475352K(710656K), 0.0060884 secs] [Times: user=0.07 sys=0.00, real=0.01 secs] 
2016-09-24T02:44:17.068-0400: 48.220: [GC (GCLocker Initiated GC) [PSYoungGen: 167308K->48031K(186368K)] 600543K->482642K(710656K), 0.0101269 secs] [Times: user=0.14 sys=0.00, real=0.01 secs] 
2016-09-24T02:44:17.168-0400: 48.321: [GC (GCLocker Initiated GC) [PSYoungGen: 162207K->69424K(180736K)] 596929K->511205K(705024K), 0.0076196 secs] [Times: user=0.11 sys=0.00, real=0.01 secs] 
2016-09-24T02:44:17.267-0400: 48.419: [GC (GCLocker Initiated GC) [PSYoungGen: 180016K->49280K(186368K)] 627382K->516974K(710656K), 0.0145401 secs] [Times: user=0.16 sys=0.02, real=0.01 secs] 
2016-09-24T02:44:17.370-0400: 48.522: [GC (GCLocker Initiated GC) [PSYoungGen: 159872K->46545K(181248K)] 633050K->521265K(705536K), 0.0062248 secs] [Times: user=0.06 sys=0.00, real=0.01 secs] 
2016-09-24T02:44:17.469-0400: 48.622: [GC (GCLocker Initiated GC) [PSYoungGen: 159185K->56029K(184832K)] 636737K->543228K(709120K), 0.0070731 secs] [Times: user=0.07 sys=0.01, real=0.01 secs] 
2016-09-24T02:44:17.561-0400: 48.713: [GC (GCLocker Initiated GC) [PSYoungGen: 168669K->46415K(187392K)] 658642K->548721K(711680K), 0.0228595 secs] [Times: user=0.26 sys=0.00, real=0.03 secs] 
2016-09-24T02:44:17.584-0400: 48.736: [Full GC (Ergonomics) [PSYoungGen: 46415K->0K(187392K)] [ParOldGen: 502306K->301665K(524288K)] 548721K->301665K(711680K), [Metaspace: 43704K->43704K(1087488K)], 0.0679218 secs] [Times: user=0.48 sys=0.02, real=0.06 secs] 
2016-09-24T02:44:17.741-0400: 48.894: [GC (GCLocker Initiated GC) [PSYoungGen: 118272K->36817K(188928K)] 423998K->342544K(713216K), 0.0101339 secs] [Times: user=0.10 sys=0.00, real=0.01 secs] 
2016-09-24T02:44:17.855-0400: 49.008: [GC (GCLocker Initiated GC) [PSYoungGen: 155089K->29072K(188928K)] 474542K->351208K(713216K), 0.0129552 secs] [Times: user=0.16 sys=0.00, real=0.01 secs] 
2016-09-24T02:44:17.954-0400: 49.107: [GC (GCLocker Initiated GC) [PSYoungGen: 146832K->58468K(176640K)] 471732K->384992K(700928K), 0.0099052 secs] [Times: user=0.10 sys=0.00, real=0.01 secs] 
2016-09-24T02:44:18.066-0400: 49.219: [GC (GCLocker Initiated GC) [PSYoungGen: 176228K->50531K(189952K)] 505536K->386615K(714240K), 0.0117817 secs] [Times: user=0.12 sys=0.00, real=0.01 secs] 
2016-09-24T02:44:18.177-0400: 49.330: [GC (GCLocker Initiated GC) [PSYoungGen: 166755K->60082K(176640K)] 508268K->403222K(700928K), 0.0131255 secs] [Times: user=0.15 sys=0.00, real=0.01 secs] 
2016-09-24T02:44:18.269-0400: 49.422: [GC (GCLocker Initiated GC) [PSYoungGen: 176306K->55047K(188416K)] 519527K->416084K(712704K), 0.0149901 secs] [Times: user=0.15 sys=0.00, real=0.02 secs] 
2016-09-24T02:44:18.369-0400: 49.522: [GC (GCLocker Initiated GC) [PSYoungGen: 169223K->57297K(187904K)] 530365K->425354K(712192K), 0.0084279 secs] [Times: user=0.06 sys=0.00, real=0.01 secs] 
2016-09-24T02:44:18.476-0400: 49.629: [GC (GCLocker Initiated GC) [PSYoungGen: 171473K->46747K(184832K)] 546456K->423301K(709120K), 0.0061841 secs] [Times: user=0.09 sys=0.00, real=0.01 secs] 
2016-09-24T02:44:18.566-0400: 49.719: [GC (GCLocker Initiated GC) [PSYoungGen: 160923K->46689K(186368K)] 543129K->430572K(710656K), 0.0074277 secs] [Times: user=0.07 sys=0.01, real=0.00 secs] 
2016-09-24T02:44:18.681-0400: 49.833: [GC (GCLocker Initiated GC) [PSYoungGen: 160865K->50955K(185344K)] 550378K->443373K(709632K), 0.0103232 secs] [Times: user=0.11 sys=0.00, real=0.01 secs] 
2016-09-24T02:44:18.783-0400: 49.935: [GC (GCLocker Initiated GC) [PSYoungGen: 169739K->68243K(187904K)] 562375K->462913K(712192K), 0.0066438 secs] [Times: user=0.09 sys=0.00, real=0.00 secs] 
2016-09-24T02:44:18.903-0400: 50.055: [GC (GCLocker Initiated GC) [PSYoungGen: 187027K->57653K(188416K)] 590038K->462285K(712704K), 0.0070087 secs] [Times: user=0.11 sys=0.00, real=0.00 secs] 
2016-09-24T02:44:19.003-0400: 50.156: [GC (GCLocker Initiated GC) [PSYoungGen: 172341K->46536K(161280K)] 585077K->461039K(685568K), 0.0075712 secs] [Times: user=0.07 sys=0.00, real=0.00 secs] 
2016-09-24T02:44:19.123-0400: 50.276: [GC (GCLocker Initiated GC) [PSYoungGen: 161224K->64213K(184320K)] 581168K->485647K(708608K), 0.0064229 secs] [Times: user=0.09 sys=0.00, real=0.00 secs] 
2016-09-24T02:44:19.216-0400: 50.368: [GC (GCLocker Initiated GC) [PSYoungGen: 175829K->34774K(146432K)] 602853K->501222K(670720K), 0.0127776 secs] [Times: user=0.14 sys=0.00, real=0.01 secs] 
2016-09-24T02:44:19.338-0400: 50.490: [GC (GCLocker Initiated GC) [PSYoungGen: 146390K->45212K(187392K)] 618376K->532459K(711680K), 0.0179359 secs] [Times: user=0.19 sys=0.01, real=0.02 secs] 
2016-09-24T02:44:19.441-0400: 50.593: [GC (GCLocker Initiated GC) [PSYoungGen: 156316K->59102K(185856K)] 650461K->570971K(710144K), 0.0093646 secs] [Times: user=0.14 sys=0.00, real=0.01 secs] 
2016-09-24T02:44:19.450-0400: 50.603: [Full GC (Ergonomics) [PSYoungGen: 59102K->0K(185856K)] [ParOldGen: 511868K->330609K(524288K)] 570971K->330609K(710144K), [Metaspace: 43721K->43721K(1087488K)], 0.0769784 secs] [Times: user=0.59 sys=0.01, real=0.08 secs] 
2016-09-24T02:44:19.635-0400: 50.788: [GC (GCLocker Initiated GC) [PSYoungGen: 111104K->50359K(183296K)] 441789K->381045K(707584K), 0.0071128 secs] [Times: user=0.09 sys=0.00, real=0.01 secs] 
2016-09-24T02:44:19.724-0400: 50.877: [GC (GCLocker Initiated GC) [PSYoungGen: 161975K->69557K(181248K)] 492731K->414960K(705536K), 0.0067368 secs] [Times: user=0.08 sys=0.00, real=0.00 secs] 
2016-09-24T02:44:19.824-0400: 50.977: [GC (GCLocker Initiated GC) [PSYoungGen: 181173K->50752K(186368K)] 528016K->420772K(710656K), 0.0125028 secs] [Times: user=0.17 sys=0.00, real=0.01 secs] 
2016-09-24T02:44:19.946-0400: 51.099: [GC (GCLocker Initiated GC) [PSYoungGen: 159296K->62931K(184320K)] 531101K->449884K(708608K), 0.0074407 secs] [Times: user=0.09 sys=0.01, real=0.00 secs] 
2016-09-24T02:44:20.030-0400: 51.183: [GC (GCLocker Initiated GC) [PSYoungGen: 171475K->58534K(185344K)] 561164K->457883K(709632K), 0.0062607 secs] [Times: user=0.08 sys=0.00, real=0.01 secs] 
2016-09-24T02:44:20.130-0400: 51.283: [GC (GCLocker Initiated GC) [PSYoungGen: 166566K->42333K(150528K)] 574111K->451247K(674816K), 0.0050530 secs] [Times: user=0.04 sys=0.02, real=0.01 secs] 
2016-09-24T02:44:20.221-0400: 51.373: [GC (GCLocker Initiated GC) [PSYoungGen: 150365K->38062K(183808K)] 559296K->467407K(708096K), 0.0063763 secs] [Times: user=0.06 sys=0.01, real=0.01 secs] 
2016-09-24T02:44:20.310-0400: 51.462: [GC (GCLocker Initiated GC) [PSYoungGen: 145582K->50656K(158208K)] 584950K->491356K(682496K), 0.0055297 secs] [Times: user=0.06 sys=0.02, real=0.01 secs] 
2016-09-24T02:44:20.389-0400: 51.542: [GC (GCLocker Initiated GC) [PSYoungGen: 158176K->66824K(180736K)] 604314K->514531K(705024K), 0.0080612 secs] [Times: user=0.08 sys=0.00, real=0.01 secs] 
2016-09-24T02:44:20.492-0400: 51.645: [GC (Allocation Failure) [PSYoungGen: 172808K->28777K(135168K)] 630001K->501005K(659456K), 0.0064233 secs] [Times: user=0.06 sys=0.00, real=0.01 secs] 
2016-09-24T02:44:20.499-0400: 51.652: [GC (GCLocker Initiated GC) [PSYoungGen: 30008K->160K(170496K)] 502236K->511718K(694784K), 0.0046926 secs] [Times: user=0.05 sys=0.00, real=0.01 secs] 
2016-09-24T02:44:20.504-0400: 51.657: [Full GC (Ergonomics) [PSYoungGen: 160K->0K(170496K)] [ParOldGen: 511558K->238031K(524288K)] 511718K->238031K(694784K), [Metaspace: 43722K->43722K(1087488K)], 0.1754618 secs] [Times: user=2.42 sys=0.00, real=0.17 secs] 
2016-09-24T02:44:20.728-0400: 51.881: [GC (GCLocker Initiated GC) [PSYoungGen: 88755K->61515K(153088K)] 329486K->302247K(677376K), 0.0058062 secs] [Times: user=0.08 sys=0.00, real=0.01 secs] 
2016-09-24T02:44:20.795-0400: 51.948: [GC (GCLocker Initiated GC) [PSYoungGen: 152651K->59388K(175104K)] 398866K->307245K(699392K), 0.0073288 secs] [Times: user=0.09 sys=0.00, real=0.01 secs] 
2016-09-24T02:44:20.869-0400: 52.022: [GC (Allocation Failure) [PSYoungGen: 147452K->63512K(175104K)] 398807K->315733K(699392K), 0.0099535 secs] [Times: user=0.14 sys=0.01, real=0.01 secs] 
2016-09-24T02:44:20.935-0400: 52.088: [GC (GCLocker Initiated GC) [PSYoungGen: 151536K->52515K(174080K)] 406457K->308360K(698368K), 0.0085260 secs] [Times: user=0.14 sys=0.00, real=0.01 secs] 
2016-09-24T02:44:21.001-0400: 52.153: [GC (GCLocker Initiated GC) [PSYoungGen: 140579K->54014K(142336K)] 403518K->317656K(666624K), 0.0055135 secs] [Times: user=0.08 sys=0.00, real=0.01 secs] 
2016-09-24T02:44:21.069-0400: 52.221: [GC (GCLocker Initiated GC) [PSYoungGen: 142078K->57676K(175104K)] 412583K->328977K(699392K), 0.0070212 secs] [Times: user=0.09 sys=0.00, real=0.01 secs] 
2016-09-24T02:44:21.131-0400: 52.284: [GC (GCLocker Initiated GC) [PSYoungGen: 148300K->52522K(174080K)] 430428K->348742K(698368K), 0.0062716 secs] [Times: user=0.08 sys=0.01, real=0.01 secs] 
2016-09-24T02:44:21.195-0400: 52.348: [GC (GCLocker Initiated GC) [PSYoungGen: 143146K->70068K(171008K)] 439551K->367199K(695296K), 0.0073677 secs] [Times: user=0.09 sys=0.00, real=0.01 secs] 
2016-09-24T02:44:21.259-0400: 52.412: [GC (GCLocker Initiated GC) [PSYoungGen: 160180K->68805K(175104K)] 460054K->369401K(699392K), 0.0058559 secs] [Times: user=0.08 sys=0.00, real=0.01 secs] 
2016-09-24T02:44:21.313-0400: 52.466: [GC (GCLocker Initiated GC) [PSYoungGen: 158917K->44326K(176128K)] 460106K->367916K(700416K), 0.0102695 secs] [Times: user=0.15 sys=0.00, real=0.02 secs] 
2016-09-24T02:44:21.369-0400: 52.522: [GC (GCLocker Initiated GC) [PSYoungGen: 133414K->67243K(175104K)] 462578K->397022K(699392K), 0.0060563 secs] [Times: user=0.09 sys=0.00, real=0.01 secs] 
2016-09-24T02:44:21.428-0400: 52.581: [GC (GCLocker Initiated GC) [PSYoungGen: 156331K->51022K(173056K)] 491585K->400277K(697344K), 0.0069952 secs] [Times: user=0.07 sys=0.01, real=0.01 secs] 
2016-09-24T02:44:21.495-0400: 52.647: [GC (GCLocker Initiated GC) [PSYoungGen: 140110K->64503K(174080K)] 489371K->414388K(698368K), 0.0067315 secs] [Times: user=0.08 sys=0.00, real=0.00 secs] 
2016-09-24T02:44:21.554-0400: 52.707: [GC (GCLocker Initiated GC) [PSYoungGen: 153591K->51027K(173056K)] 506186K->404194K(697344K), 0.0073370 secs] [Times: user=0.10 sys=0.01, real=0.00 secs] 
2016-09-24T02:44:21.619-0400: 52.771: [GC (GCLocker Initiated GC) [PSYoungGen: 142163K->47043K(174592K)] 498116K->403633K(698880K), 0.0105496 secs] [Times: user=0.16 sys=0.00, real=0.01 secs] 
2016-09-24T02:44:21.684-0400: 52.836: [GC (GCLocker Initiated GC) [PSYoungGen: 138179K->47048K(175104K)] 498859K->421907K(699392K), 0.0064671 secs] [Times: user=0.08 sys=0.01, real=0.00 secs] 
2016-09-24T02:44:21.745-0400: 52.898: [GC (GCLocker Initiated GC) [PSYoungGen: 143304K->67331K(177152K)] 520965K->448400K(701440K), 0.0070053 secs] [Times: user=0.09 sys=0.00, real=0.00 secs] 
2016-09-24T02:44:21.822-0400: 52.975: [GC (GCLocker Initiated GC) [PSYoungGen: 163587K->63325K(178176K)] 544904K->456134K(702464K), 0.0069917 secs] [Times: user=0.09 sys=0.01, real=0.00 secs] 
2016-09-24T02:44:21.886-0400: 53.038: [GC (GCLocker Initiated GC) [PSYoungGen: 158557K->37408K(133120K)] 553299K->454446K(657408K), 0.0081926 secs] [Times: user=0.06 sys=0.01, real=0.00 secs] 
2016-09-24T02:44:21.947-0400: 53.099: [GC (GCLocker Initiated GC) [PSYoungGen: 132640K->63293K(177152K)] 549774K->502658K(701440K), 0.0072269 secs] [Times: user=0.10 sys=0.00, real=0.01 secs] 
2016-09-24T02:44:22.019-0400: 53.171: [GC (GCLocker Initiated GC) [PSYoungGen: 156477K->34985K(128512K)] 610955K->511760K(652800K), 0.0056670 secs] [Times: user=0.08 sys=0.00, real=0.01 secs] 
2016-09-24T02:44:22.079-0400: 53.232: [GC (GCLocker Initiated GC) [PSYoungGen: 128169K->45765K(179200K)] 615946K->545106K(703488K), 0.0100718 secs] [Times: user=0.15 sys=0.01, real=0.01 secs] 
2016-09-24T02:44:22.089-0400: 53.242: [Full GC (Ergonomics) [PSYoungGen: 45765K->0K(179200K)] [ParOldGen: 499340K->262956K(524288K)] 545106K->262956K(703488K), [Metaspace: 43731K->43731K(1087488K)], 0.0632132 secs] [Times: user=0.55 sys=0.02, real=0.06 secs] 
2016-09-24T02:44:22.221-0400: 53.373: [GC (GCLocker Initiated GC) [PSYoungGen: 94208K->62048K(177152K)] 357167K->325007K(701440K), 0.0060338 secs] [Times: user=0.07 sys=0.01, real=0.01 secs] 
2016-09-24T02:44:22.292-0400: 53.445: [GC (GCLocker Initiated GC) [PSYoungGen: 156256K->37792K(178176K)] 428958K->315354K(702464K), 0.0108201 secs] [Times: user=0.13 sys=0.00, real=0.02 secs] 
2016-09-24T02:44:22.357-0400: 53.510: [GC (GCLocker Initiated GC) [PSYoungGen: 132512K->53679K(148480K)] 410193K->332239K(672768K), 0.0102240 secs] [Times: user=0.12 sys=0.00, real=0.01 secs] 
2016-09-24T02:44:22.429-0400: 53.582: [GC (GCLocker Initiated GC) [PSYoungGen: 148399K->54053K(178688K)] 426963K->363114K(702976K), 0.0084193 secs] [Times: user=0.14 sys=0.00, real=0.01 secs] 
2016-09-24T02:44:22.500-0400: 53.652: [GC (GCLocker Initiated GC) [PSYoungGen: 151845K->62132K(176640K)] 466492K->377685K(700928K), 0.0099645 secs] [Times: user=0.14 sys=0.00, real=0.01 secs] 
2016-09-24T02:44:22.570-0400: 53.722: [GC (GCLocker Initiated GC) [PSYoungGen: 159924K->43127K(182272K)] 484967K->379816K(706560K), 0.0069819 secs] [Times: user=0.05 sys=0.00, real=0.01 secs] 
2016-09-24T02:44:22.649-0400: 53.802: [GC (GCLocker Initiated GC) [PSYoungGen: 146551K->45914K(149504K)] 488644K->388916K(673792K), 0.0093116 secs] [Times: user=0.11 sys=0.00, real=0.01 secs] 
2016-09-24T02:44:22.730-0400: 53.883: [GC (GCLocker Initiated GC) [PSYoungGen: 149338K->39191K(182272K)] 499238K->389970K(706560K), 0.0094881 secs] [Times: user=0.07 sys=0.00, real=0.01 secs] 
2016-09-24T02:44:22.815-0400: 53.968: [GC (GCLocker Initiated GC) [PSYoungGen: 144151K->62129K(181760K)] 500476K->422217K(706048K), 0.0071343 secs] [Times: user=0.06 sys=0.00, real=0.01 secs] 
2016-09-24T02:44:22.891-0400: 54.044: [GC (GCLocker Initiated GC) [PSYoungGen: 167089K->55553K(184320K)] 532613K->422088K(708608K), 0.0090166 secs] [Times: user=0.12 sys=0.01, real=0.01 secs] 
2016-09-24T02:44:22.980-0400: 54.132: [GC (GCLocker Initiated GC) [PSYoungGen: 162049K->42284K(148992K)] 542131K->423446K(673280K), 0.0063877 secs] [Times: user=0.08 sys=0.01, real=0.01 secs] 
2016-09-24T02:44:23.060-0400: 54.213: [GC (GCLocker Initiated GC) [PSYoungGen: 148780K->49941K(185344K)] 530099K->443341K(709632K), 0.0231753 secs] [Times: user=0.36 sys=0.00, real=0.03 secs] 
2016-09-24T02:44:23.160-0400: 54.313: [GC (GCLocker Initiated GC) [PSYoungGen: 158997K->46180K(183296K)] 561872K->450028K(707584K), 0.0097945 secs] [Times: user=0.13 sys=0.00, real=0.01 secs] 
2016-09-24T02:44:23.267-0400: 54.419: [GC (GCLocker Initiated GC) [PSYoungGen: 155236K->40651K(184832K)] 560439K->447052K(709120K), 0.0249975 secs] [Times: user=0.39 sys=0.00, real=0.02 secs] 
2016-09-24T02:44:23.363-0400: 54.516: [GC (GCLocker Initiated GC) [PSYoungGen: 152779K->59457K(184320K)] 563376K->471091K(708608K), 0.0062799 secs] [Times: user=0.10 sys=0.00, real=0.00 secs] 
2016-09-24T02:44:23.456-0400: 54.608: [GC (GCLocker Initiated GC) [PSYoungGen: 171585K->58333K(187392K)] 588831K->484686K(711680K), 0.0069753 secs] [Times: user=0.09 sys=0.00, real=0.01 secs] 
2016-09-24T02:44:23.553-0400: 54.705: [GC (GCLocker Initiated GC) [PSYoungGen: 171997K->40782K(187904K)] 601253K->481966K(712192K), 0.0137611 secs] [Times: user=0.16 sys=0.00, real=0.02 secs] 
2016-09-24T02:44:23.652-0400: 54.804: [GC (GCLocker Initiated GC) [PSYoungGen: 154446K->42129K(185856K)] 603751K->492650K(710144K), 0.0123359 secs] [Times: user=0.15 sys=0.00, real=0.02 secs] 
2016-09-24T02:44:23.747-0400: 54.899: [GC (GCLocker Initiated GC) [PSYoungGen: 156305K->63698K(178176K)] 606889K->515495K(702464K), 0.0071462 secs] [Times: user=0.08 sys=0.00, real=0.00 secs] 
2016-09-24T02:44:23.838-0400: 54.991: [GC (GCLocker Initiated GC) [PSYoungGen: 177872K->27243K(183296K)] 635886K->502552K(707584K), 0.0131572 secs] [Times: user=0.15 sys=0.01, real=0.01 secs] 
2016-09-24T02:44:23.931-0400: 55.083: [GC (GCLocker Initiated GC) [PSYoungGen: 134763K->39200K(184832K)] 616907K->522617K(709120K), 0.0167317 secs] [Times: user=0.21 sys=0.00, real=0.02 secs] 
2016-09-24T02:44:24.011-0400: 55.164: [GC (GCLocker Initiated GC) [PSYoungGen: 146720K->67584K(177152K)] 630229K->552053K(701440K), 0.0073521 secs] [Times: user=0.09 sys=0.00, real=0.01 secs] 
2016-09-24T02:44:24.085-0400: 55.237: [GC (GCLocker Initiated GC) [PSYoungGen: 168960K->47204K(181760K)] 656183K->535421K(706048K), 0.0072679 secs] [Times: user=0.08 sys=0.01, real=0.00 secs] 
2016-09-24T02:44:24.153-0400: 55.305: [GC (GCLocker Initiated GC) [PSYoungGen: 148580K->63397K(179200K)] 636894K->552615K(703488K), 0.0074363 secs] [Times: user=0.10 sys=0.00, real=0.01 secs] 
2016-09-24T02:44:24.218-0400: 55.371: [GC (GCLocker Initiated GC) [PSYoungGen: 164773K->75586K(177152K)] 654200K->565886K(701440K), 0.0075924 secs] [Times: user=0.08 sys=0.00, real=0.01 secs] 
2016-09-24T02:44:24.293-0400: 55.446: [GC (GCLocker Initiated GC) [PSYoungGen: 176962K->48459K(178176K)] 672711K->545016K(702464K), 0.0101022 secs] [Times: user=0.13 sys=0.00, real=0.02 secs] 
2016-09-24T02:44:24.370-0400: 55.523: [GC (GCLocker Initiated GC) [PSYoungGen: 141643K->63374K(177152K)] 646414K->569090K(701440K), 0.0096552 secs] [Times: user=0.14 sys=0.00, real=0.01 secs] 
2016-09-24T02:44:24.445-0400: 55.598: [Full GC (Ergonomics) [PSYoungGen: 156558K->0K(177152K)] [ParOldGen: 515344K->283076K(524288K)] 671902K->283076K(701440K), [Metaspace: 43752K->43752K(1087488K)], 0.0620866 secs] [Times: user=0.48 sys=0.01, real=0.06 secs] 
2016-09-24T02:44:24.565-0400: 55.718: [GC (GCLocker Initiated GC) [PSYoungGen: 93184K->55559K(174080K)] 388545K->350921K(698368K), 0.0055168 secs] [Times: user=0.07 sys=0.01, real=0.00 secs] 
2016-09-24T02:44:24.627-0400: 55.779: [GC (GCLocker Initiated GC) [PSYoungGen: 148743K->61893K(175616K)] 446944K->366621K(699904K), 0.0067580 secs] [Times: user=0.08 sys=0.01, real=0.00 secs] 
2016-09-24T02:44:24.698-0400: 55.850: [GC (GCLocker Initiated GC) [PSYoungGen: 155077K->51254K(175616K)] 463944K->360776K(699904K), 0.0056825 secs] [Times: user=0.07 sys=0.00, real=0.01 secs] 
2016-09-24T02:44:24.765-0400: 55.917: [GC (GCLocker Initiated GC) [PSYoungGen: 148534K->53954K(177664K)] 458077K->364297K(701952K), 0.0060851 secs] [Times: user=0.07 sys=0.00, real=0.00 secs] 
2016-09-24T02:44:24.836-0400: 55.989: [GC (GCLocker Initiated GC) [PSYoungGen: 151234K->44562K(181248K)] 472414K->385450K(705536K), 0.0062315 secs] [Times: user=0.09 sys=0.00, real=0.01 secs] 
2016-09-24T02:44:24.902-0400: 56.055: [GC (GCLocker Initiated GC) [PSYoungGen: 148498K->66170K(181248K)] 495030K->413600K(705536K), 0.0075105 secs] [Times: user=0.08 sys=0.01, real=0.00 secs] 
2016-09-24T02:44:24.984-0400: 56.137: [GC (GCLocker Initiated GC) [PSYoungGen: 170106K->43156K(183296K)] 520290K->394158K(707584K), 0.0186788 secs] [Times: user=0.27 sys=0.01, real=0.02 secs] 
2016-09-24T02:44:25.061-0400: 56.213: [GC (GCLocker Initiated GC) [PSYoungGen: 147092K->55308K(159744K)] 504104K->413170K(684032K), 0.0057809 secs] [Times: user=0.07 sys=0.01, real=0.01 secs] 
2016-09-24T02:44:25.144-0400: 56.296: [GC (GCLocker Initiated GC) [PSYoungGen: 159244K->60710K(181248K)] 520032K->422358K(705536K), 0.0102216 secs] [Times: user=0.15 sys=0.00, real=0.01 secs] 
2016-09-24T02:44:25.217-0400: 56.369: [GC (GCLocker Initiated GC) [PSYoungGen: 164646K->63409K(181248K)] 533224K->432816K(705536K), 0.0063031 secs] [Times: user=0.09 sys=0.00, real=0.01 secs] 
2016-09-24T02:44:25.290-0400: 56.442: [GC (GCLocker Initiated GC) [PSYoungGen: 167345K->58010K(183808K)] 546289K->456643K(708096K), 0.0065604 secs] [Times: user=0.10 sys=0.00, real=0.01 secs] 
2016-09-24T02:44:25.359-0400: 56.512: [GC (GCLocker Initiated GC) [PSYoungGen: 164506K->52609K(159232K)] 570037K->467087K(683520K), 0.0061181 secs] [Times: user=0.07 sys=0.00, real=0.01 secs] 
2016-09-24T02:44:25.425-0400: 56.578: [GC (GCLocker Initiated GC) [PSYoungGen: 159105K->75529K(176128K)] 573594K->490847K(700416K), 0.0081884 secs] [Times: user=0.13 sys=0.01, real=0.00 secs] 
2016-09-24T02:44:25.511-0400: 56.663: [GC (GCLocker Initiated GC) [PSYoungGen: 175881K->51294K(181248K)] 596613K->472809K(705536K), 0.0065709 secs] [Times: user=0.07 sys=0.01, real=0.01 secs] 
2016-09-24T02:44:25.576-0400: 56.728: [GC (GCLocker Initiated GC) [PSYoungGen: 151646K->60391K(178176K)] 574557K->484095K(702464K), 0.0074435 secs] [Times: user=0.06 sys=0.01, real=0.01 secs] 
2016-09-24T02:44:25.644-0400: 56.797: [GC (GCLocker Initiated GC) [PSYoungGen: 161767K->57853K(180224K)] 588228K->506633K(704512K), 0.0091106 secs] [Times: user=0.13 sys=0.00, real=0.00 secs] 
2016-09-24T02:44:25.720-0400: 56.872: [GC (GCLocker Initiated GC) [PSYoungGen: 159229K->72929K(177152K)] 610745K->533201K(701440K), 0.0112914 secs] [Times: user=0.16 sys=0.00, real=0.01 secs] 
2016-09-24T02:44:25.791-0400: 56.944: [GC (GCLocker Initiated GC) [PSYoungGen: 173281K->67370K(167936K)] 633603K->533950K(692224K), 0.0078401 secs] [Times: user=0.08 sys=0.00, real=0.01 secs] 
2016-09-24T02:44:25.863-0400: 57.015: [GC (GCLocker Initiated GC) [PSYoungGen: 167722K->59367K(182272K)] 639731K->556488K(706560K), 0.0083084 secs] [Times: user=0.10 sys=0.00, real=0.00 secs] 
2016-09-24T02:44:25.931-0400: 57.083: [Full GC (Ergonomics) [PSYoungGen: 159719K->0K(182272K)] [ParOldGen: 502550K->297570K(524288K)] 662270K->297570K(706560K), [Metaspace: 43753K->43753K(1087488K)], 0.0651606 secs] [Times: user=0.43 sys=0.01, real=0.07 secs] 
2016-09-24T02:44:26.073-0400: 57.225: [GC (GCLocker Initiated GC) [PSYoungGen: 100352K->43582K(180224K)] 403360K->346590K(704512K), 0.0068277 secs] [Times: user=0.07 sys=0.00, real=0.01 secs] 
2016-09-24T02:44:26.143-0400: 57.296: [GC (GCLocker Initiated GC) [PSYoungGen: 143934K->45679K(180736K)] 456620K->373333K(705024K), 0.0199079 secs] [Times: user=0.18 sys=0.00, real=0.02 secs] 
2016-09-24T02:44:26.236-0400: 57.388: [GC (GCLocker Initiated GC) [PSYoungGen: 146031K->60621K(180736K)] 476463K->391806K(705024K), 0.0065306 secs] [Times: user=0.05 sys=0.00, real=0.01 secs] 
2016-09-24T02:44:26.318-0400: 57.471: [GC (Allocation Failure) [PSYoungGen: 160973K->34782K(179200K)] 500380K->374993K(703488K), 0.0082120 secs] [Times: user=0.06 sys=0.00, real=0.01 secs] 
2016-09-24T02:44:26.383-0400: 57.536: [GC (GCLocker Initiated GC) [PSYoungGen: 134622K->68562K(168448K)] 474841K->412369K(692736K), 0.0098500 secs] [Times: user=0.07 sys=0.01, real=0.00 secs] 
2016-09-24T02:44:26.453-0400: 57.605: [GC (GCLocker Initiated GC) [PSYoungGen: 168402K->65959K(176640K)] 514987K->413182K(700928K), 0.0074290 secs] [Times: user=0.07 sys=0.00, real=0.01 secs] 
2016-09-24T02:44:26.520-0400: 57.673: [GC (GCLocker Initiated GC) [PSYoungGen: 159143K->53712K(146944K)] 509116K->415195K(671232K), 0.0084677 secs] [Times: user=0.08 sys=0.00, real=0.01 secs] 
2016-09-24T02:44:26.589-0400: 57.742: [GC (GCLocker Initiated GC) [PSYoungGen: 146895K->34976K(175616K)] 511324K->416395K(699904K), 0.0180974 secs] [Times: user=0.20 sys=0.00, real=0.02 secs] 
2016-09-24T02:44:26.662-0400: 57.814: [GC (GCLocker Initiated GC) [PSYoungGen: 128160K->41404K(176640K)] 510952K->426348K(700928K), 0.0088188 secs] [Times: user=0.06 sys=0.00, real=0.01 secs] 
2016-09-24T02:44:26.730-0400: 57.882: [GC (GCLocker Initiated GC) [PSYoungGen: 134588K->44330K(175104K)] 523681K->434071K(699392K), 0.0090213 secs] [Times: user=0.09 sys=0.00, real=0.01 secs] 
2016-09-24T02:44:26.800-0400: 57.953: [GC (GCLocker Initiated GC) [PSYoungGen: 140074K->59117K(177152K)] 532611K->463248K(701440K), 0.0072812 secs] [Times: user=0.08 sys=0.00, real=0.01 secs] 
2016-09-24T02:44:26.871-0400: 58.024: [GC (GCLocker Initiated GC) [PSYoungGen: 154861K->56481K(177152K)] 561772K->464051K(701440K), 0.0059572 secs] [Times: user=0.06 sys=0.01, real=0.01 secs] 
2016-09-24T02:44:26.940-0400: 58.092: [GC (GCLocker Initiated GC) [PSYoungGen: 156321K->44234K(179200K)] 563912K->455152K(703488K), 0.0065398 secs] [Times: user=0.05 sys=0.00, real=0.01 secs] 
2016-09-24T02:44:27.004-0400: 58.156: [GC (GCLocker Initiated GC) [PSYoungGen: 144074K->63457K(180736K)] 560635K->480747K(705024K), 0.0064374 secs] [Times: user=0.09 sys=0.00, real=0.00 secs] 
2016-09-24T02:44:27.084-0400: 58.237: [GC (GCLocker Initiated GC) [PSYoungGen: 165857K->62201K(164864K)] 588607K->485828K(689152K), 0.0063682 secs] [Times: user=0.09 sys=0.00, real=0.00 secs] 
2016-09-24T02:44:27.149-0400: 58.301: [GC (GCLocker Initiated GC) [PSYoungGen: 164601K->60660K(181760K)] 590952K->490578K(706048K), 0.0073875 secs] [Times: user=0.10 sys=0.00, real=0.01 secs] 
2016-09-24T02:44:27.218-0400: 58.371: [GC (GCLocker Initiated GC) [PSYoungGen: 162036K->72842K(174592K)] 592025K->503683K(698880K), 0.0068546 secs] [Times: user=0.09 sys=0.01, real=0.01 secs] 
2016-09-24T02:44:27.281-0400: 58.434: [GC (GCLocker Initiated GC) [PSYoungGen: 174218K->48482K(179200K)] 610605K->504549K(703488K), 0.0067450 secs] [Times: user=0.08 sys=0.00, real=0.01 secs] 
2016-09-24T02:44:27.346-0400: 58.499: [GC (GCLocker Initiated GC) [PSYoungGen: 143202K->49666K(144896K)] 599339K->506643K(669184K), 0.0072319 secs] [Times: user=0.06 sys=0.00, real=0.00 secs] 
2016-09-24T02:44:27.418-0400: 58.571: [GC (GCLocker Initiated GC) [PSYoungGen: 144386K->58057K(177664K)] 604102K->534703K(701952K), 0.0063397 secs] [Times: user=0.09 sys=0.01, real=0.01 secs] 
2016-09-24T02:44:27.480-0400: 58.632: [GC (GCLocker Initiated GC) [PSYoungGen: 154313K->45815K(176128K)] 632527K->551898K(700416K), 0.0073876 secs] [Times: user=0.08 sys=0.01, real=0.01 secs] 
2016-09-24T02:44:27.487-0400: 58.640: [Full GC (Ergonomics) [PSYoungGen: 45815K->0K(176128K)] [ParOldGen: 506083K->305695K(524288K)] 551898K->305695K(700416K), [Metaspace: 43758K->43758K(1087488K)], 0.0682704 secs] [Times: user=0.62 sys=0.00, real=0.07 secs] 
2016-09-24T02:44:27.612-0400: 58.764: [GC (GCLocker Initiated GC) [PSYoungGen: 96256K->70497K(176640K)] 403337K->377579K(700928K), 0.0144315 secs] [Times: user=0.21 sys=0.01, real=0.02 secs] 
2016-09-24T02:44:27.695-0400: 58.847: [GC (GCLocker Initiated GC) [PSYoungGen: 167777K->40350K(179712K)] 480297K->382320K(704000K), 0.0126989 secs] [Times: user=0.18 sys=0.00, real=0.01 secs] 
2016-09-24T02:44:27.764-0400: 58.916: [GC (GCLocker Initiated GC) [PSYoungGen: 137630K->75513K(170496K)] 479630K->418289K(694784K), 0.0076695 secs] [Times: user=0.11 sys=0.00, real=0.00 secs] 
2016-09-24T02:44:27.829-0400: 58.981: [GC (GCLocker Initiated GC) [PSYoungGen: 163577K->74194K(175104K)] 509087K->436743K(699392K), 0.0071328 secs] [Times: user=0.11 sys=0.00, real=0.01 secs] 
2016-09-24T02:44:27.901-0400: 59.054: [GC (GCLocker Initiated GC) [PSYoungGen: 162258K->49672K(175104K)] 531594K->419774K(699392K), 0.0082012 secs] [Times: user=0.09 sys=0.00, real=0.01 secs] 
2016-09-24T02:44:27.968-0400: 59.121: [GC (GCLocker Initiated GC) [PSYoungGen: 137736K->57767K(145920K)] 510684K->450351K(670208K), 0.0066868 secs] [Times: user=0.09 sys=0.01, real=0.01 secs] 
2016-09-24T02:44:28.031-0400: 59.183: [GC (GCLocker Initiated GC) [PSYoungGen: 145831K->66028K(173568K)] 543982K->464790K(697856K), 0.0098643 secs] [Times: user=0.14 sys=0.00, real=0.01 secs] 
2016-09-24T02:44:28.109-0400: 59.261: [GC (GCLocker Initiated GC) [PSYoungGen: 153580K->74127K(174080K)] 552569K->473847K(698368K), 0.0093098 secs] [Times: user=0.14 sys=0.00, real=0.01 secs] 
2016-09-24T02:44:28.176-0400: 59.328: [GC (GCLocker Initiated GC) [PSYoungGen: 161679K->56577K(175104K)] 561433K->467878K(699392K), 0.0067723 secs] [Times: user=0.10 sys=0.00, real=0.01 secs] 
2016-09-24T02:44:28.235-0400: 59.387: [GC (GCLocker Initiated GC) [PSYoungGen: 144641K->40358K(175104K)] 558675K->482131K(699392K), 0.0064312 secs] [Times: user=0.08 sys=0.01, real=0.00 secs] 
2016-09-24T02:44:28.293-0400: 59.445: [GC (GCLocker Initiated GC) [PSYoungGen: 128422K->67419K(175104K)] 572958K->529011K(699392K), 0.0078364 secs] [Times: user=0.11 sys=0.00, real=0.01 secs] 
2016-09-24T02:44:28.355-0400: 59.508: [GC (GCLocker Initiated GC) [PSYoungGen: 155483K->68641K(175104K)] 617127K->536426K(699392K), 0.0087224 secs] [Times: user=0.08 sys=0.00, real=0.01 secs] 
2016-09-24T02:44:28.427-0400: 59.579: [GC (GCLocker Initiated GC) [PSYoungGen: 156705K->40421K(175104K)] 627437K->538957K(699392K), 0.0134516 secs] [Times: user=0.17 sys=0.00, real=0.01 secs] 
2016-09-24T02:44:28.441-0400: 59.593: [Full GC (Ergonomics) [PSYoungGen: 40421K->0K(175104K)] [ParOldGen: 498536K->318411K(524288K)] 538957K->318411K(699392K), [Metaspace: 43758K->43758K(1087488K)], 0.0703024 secs] [Times: user=0.59 sys=0.02, real=0.07 secs] 
2016-09-24T02:44:28.579-0400: 59.732: [GC (GCLocker Initiated GC) [PSYoungGen: 88064K->50426K(175104K)] 413234K->375596K(699392K), 0.0105797 secs] [Times: user=0.15 sys=0.01, real=0.01 secs] 
2016-09-24T02:44:28.654-0400: 59.806: [GC (GCLocker Initiated GC) [PSYoungGen: 138490K->43067K(175104K)] 470429K->377686K(699392K), 0.0129466 secs] [Times: user=0.18 sys=0.01, real=0.02 secs] 
2016-09-24T02:44:28.718-0400: 59.870: [GC (GCLocker Initiated GC) [PSYoungGen: 131131K->37482K(175104K)] 465958K->386714K(699392K), 0.0096178 secs] [Times: user=0.11 sys=0.00, real=0.01 secs] 
2016-09-24T02:44:28.786-0400: 59.938: [GC (GCLocker Initiated GC) [PSYoungGen: 125546K->58022K(171008K)] 474841K->408125K(695296K), 0.0102709 secs] [Times: user=0.15 sys=0.00, real=0.01 secs] 
2016-09-24T02:44:28.859-0400: 60.011: [GC (Allocation Failure) [PSYoungGen: 146086K->44536K(173056K)] 497977K->413492K(697344K), 0.0125973 secs] [Times: user=0.17 sys=0.01, real=0.01 secs] 
2016-09-24T02:44:28.930-0400: 60.082: [GC (GCLocker Initiated GC) [PSYoungGen: 130194K->45731K(172032K)] 501850K->439923K(696320K), 0.0101877 secs] [Times: user=0.16 sys=0.00, real=0.01 secs] 
2016-09-24T02:44:29.001-0400: 60.153: [GC (GCLocker Initiated GC) [PSYoungGen: 138915K->58065K(175104K)] 533163K->453062K(699392K), 0.0139376 secs] [Times: user=0.20 sys=0.00, real=0.02 secs] 
2016-09-24T02:44:29.078-0400: 60.231: [GC (GCLocker Initiated GC) [PSYoungGen: 151249K->59524K(179200K)] 557099K->466267K(703488K), 0.0093118 secs] [Times: user=0.11 sys=0.01, real=0.01 secs] 
2016-09-24T02:44:29.162-0400: 60.314: [GC (GCLocker Initiated GC) [PSYoungGen: 158852K->52665K(152064K)] 565696K->479419K(676352K), 0.0069822 secs] [Times: user=0.08 sys=0.00, real=0.01 secs] 
2016-09-24T02:44:29.240-0400: 60.392: [GC (GCLocker Initiated GC) [PSYoungGen: 151993K->47546K(181248K)] 584532K->480939K(705536K), 0.0072779 secs] [Times: user=0.08 sys=0.00, real=0.01 secs] 
2016-09-24T02:44:29.307-0400: 60.459: [GC (GCLocker Initiated GC) [PSYoungGen: 150458K->64912K(179712K)] 586553K->502181K(704000K), 0.0063651 secs] [Times: user=0.08 sys=0.01, real=0.00 secs] 
2016-09-24T02:44:29.377-0400: 60.530: [GC (GCLocker Initiated GC) [PSYoungGen: 167824K->77178K(171008K)] 605165K->526285K(695296K), 0.0103479 secs] [Times: user=0.14 sys=0.03, real=0.01 secs] 
2016-09-24T02:44:29.455-0400: 60.608: [GC (GCLocker Initiated GC) [PSYoungGen: 169338K->58075K(177152K)] 618460K->519063K(701440K), 0.0094212 secs] [Times: user=0.10 sys=0.01, real=0.01 secs] 
2016-09-24T02:44:29.526-0400: 60.678: [GC (GCLocker Initiated GC) [PSYoungGen: 150235K->62485K(174080K)] 616778K->532751K(698368K), 0.0101561 secs] [Times: user=0.15 sys=0.01, real=0.01 secs] 
2016-09-24T02:44:29.595-0400: 60.748: [GC (GCLocker Initiated GC) [PSYoungGen: 156693K->71748K(176640K)] 627073K->559459K(700928K), 0.0073770 secs] [Times: user=0.10 sys=0.00, real=0.01 secs] 
2016-09-24T02:44:29.674-0400: 60.827: [GC (GCLocker Initiated GC) [PSYoungGen: 165956K->60904K(178176K)] 653676K->549620K(702464K), 0.0075283 secs] [Times: user=0.09 sys=0.00, real=0.00 secs] 
2016-09-24T02:44:29.736-0400: 60.889: [GC (GCLocker Initiated GC) [PSYoungGen: 154600K->73131K(166912K)] 646177K->576524K(691200K), 0.0071888 secs] [Times: user=0.11 sys=0.00, real=0.01 secs] 
2016-09-24T02:44:29.744-0400: 60.896: [Full GC (Ergonomics) [PSYoungGen: 73131K->0K(166912K)] [ParOldGen: 503393K->291757K(524288K)] 576524K->291757K(691200K), [Metaspace: 43758K->43758K(1087488K)], 0.0725512 secs] [Times: user=0.70 sys=0.01, real=0.07 secs] 
2016-09-24T02:44:29.885-0400: 61.037: [GC (GCLocker Initiated GC) [PSYoungGen: 93696K->54775K(177664K)] 390911K->351990K(701952K), 0.0067482 secs] [Times: user=0.10 sys=0.00, real=0.00 secs] 
2016-09-24T02:44:29.955-0400: 61.108: [GC (GCLocker Initiated GC) [PSYoungGen: 146423K->51621K(143360K)] 464113K->373648K(667648K), 0.0100044 secs] [Times: user=0.14 sys=0.00, real=0.01 secs] 
2016-09-24T02:44:30.027-0400: 61.180: [GC (GCLocker Initiated GC) [PSYoungGen: 143269K->79740K(171520K)] 465329K->402951K(695808K), 0.0072984 secs] [Times: user=0.10 sys=0.00, real=0.01 secs] 
2016-09-24T02:44:30.102-0400: 61.254: [GC (GCLocker Initiated GC) [PSYoungGen: 167804K->27296K(175104K)] 499140K->386591K(699392K), 0.0052385 secs] [Times: user=0.06 sys=0.01, real=0.01 secs] 
2016-09-24T02:44:30.174-0400: 61.326: [GC (GCLocker Initiated GC) [PSYoungGen: 115360K->32452K(175104K)] 485491K->403622K(699392K), 0.0101598 secs] [Times: user=0.13 sys=0.00, real=0.02 secs] 
2016-09-24T02:44:30.255-0400: 61.408: [GC (GCLocker Initiated GC) [PSYoungGen: 120516K->52601K(175104K)] 497154K->441153K(699392K), 0.0076460 secs] [Times: user=0.08 sys=0.00, real=0.01 secs] 
2016-09-24T02:44:30.326-0400: 61.479: [GC (GCLocker Initiated GC) [PSYoungGen: 140665K->54105K(173056K)] 533452K->447705K(697344K), 0.0154497 secs] [Times: user=0.19 sys=0.00, real=0.01 secs] 
2016-09-24T02:44:30.395-0400: 61.547: [GC (GCLocker Initiated GC) [PSYoungGen: 142169K->52768K(174080K)] 535970K->447527K(698368K), 0.0119350 secs] [Times: user=0.10 sys=0.00, real=0.01 secs] 
2016-09-24T02:44:30.461-0400: 61.614: [GC (GCLocker Initiated GC) [PSYoungGen: 140832K->41860K(175104K)] 547945K->450057K(699392K), 0.0196716 secs] [Times: user=0.22 sys=0.00, real=0.02 secs] 
2016-09-24T02:44:30.549-0400: 61.701: [GC (GCLocker Initiated GC) [PSYoungGen: 134020K->55564K(174592K)] 549094K->471568K(698880K), 0.0076294 secs] [Times: user=0.07 sys=0.00, real=0.01 secs] 
2016-09-24T02:44:30.623-0400: 61.775: [GC (GCLocker Initiated GC) [PSYoungGen: 147724K->49882K(177664K)] 563750K->472323K(701952K), 0.0079476 secs] [Times: user=0.07 sys=0.00, real=0.00 secs] 
2016-09-24T02:44:30.701-0400: 61.854: [GC (GCLocker Initiated GC) [PSYoungGen: 148698K->35486K(177152K)] 581990K->480572K(701440K), 0.0094546 secs] [Times: user=0.11 sys=0.01, real=0.01 secs] 
2016-09-24T02:44:30.771-0400: 61.924: [GC (GCLocker Initiated GC) [PSYoungGen: 134302K->63934K(179200K)] 587703K->518695K(703488K), 0.0068877 secs] [Times: user=0.08 sys=0.00, real=0.01 secs] 
2016-09-24T02:44:30.838-0400: 61.991: [GC (GCLocker Initiated GC) [PSYoungGen: 164286K->78455K(179200K)] 619171K->537148K(703488K), 0.0090124 secs] [Times: user=0.12 sys=0.00, real=0.01 secs] 
2016-09-24T02:44:30.915-0400: 62.068: [GC (GCLocker Initiated GC) [PSYoungGen: 178807K->60884K(172032K)] 637545K->523331K(696320K), 0.0078030 secs] [Times: user=0.06 sys=0.01, real=0.01 secs] 
2016-09-24T02:44:30.989-0400: 62.142: [GC (GCLocker Initiated GC) [PSYoungGen: 149972K->48844K(175616K)] 621964K->521928K(699904K), 0.0270256 secs] [Times: user=0.35 sys=0.00, real=0.03 secs] 
2016-09-24T02:44:31.072-0400: 62.224: [GC (GCLocker Initiated GC) [PSYoungGen: 137932K->55453K(168960K)] 613767K->532410K(693248K), 0.0081394 secs] [Times: user=0.08 sys=0.00, real=0.01 secs] 
2016-09-24T02:44:31.144-0400: 62.296: [GC (GCLocker Initiated GC) [PSYoungGen: 146589K->48786K(173056K)] 623570K->553743K(697344K), 0.0117224 secs] [Times: user=0.15 sys=0.00, real=0.01 secs] 
2016-09-24T02:44:31.156-0400: 62.308: [Full GC (Ergonomics) [PSYoungGen: 48786K->0K(173056K)] [ParOldGen: 504957K->306624K(524288K)] 553743K->306624K(697344K), [Metaspace: 43764K->43764K(1087488K)], 0.0616631 secs] [Times: user=0.41 sys=0.00, real=0.06 secs] 
2016-09-24T02:44:31.276-0400: 62.428: [GC (GCLocker Initiated GC) [PSYoungGen: 91136K->50595K(174592K)] 400537K->359996K(698880K), 0.0060958 secs] [Times: user=0.06 sys=0.00, real=0.00 secs] 
2016-09-24T02:44:31.354-0400: 62.507: [GC (GCLocker Initiated GC) [PSYoungGen: 150435K->27062K(178176K)] 472195K->350409K(702464K), 0.0179602 secs] [Times: user=0.22 sys=0.01, real=0.01 secs] 
2016-09-24T02:44:31.441-0400: 62.593: [GC (GCLocker Initiated GC) [PSYoungGen: 126902K->63549K(177664K)] 455860K->393695K(701952K), 0.0102455 secs] [Times: user=0.14 sys=0.00, real=0.01 secs] 
2016-09-24T02:44:31.523-0400: 62.676: [GC (GCLocker Initiated GC) [PSYoungGen: 160829K->40769K(179712K)] 498520K->390205K(704000K), 0.0200087 secs] [Times: user=0.27 sys=0.00, real=0.02 secs] 
2016-09-24T02:44:31.602-0400: 62.755: [GC (GCLocker Initiated GC) [PSYoungGen: 138049K->58072K(177664K)] 487731K->408966K(701952K), 0.0108833 secs] [Times: user=0.14 sys=0.00, real=0.00 secs] 
2016-09-24T02:44:31.672-0400: 62.825: [GC (GCLocker Initiated GC) [PSYoungGen: 156376K->62294K(179200K)] 510216K->417058K(703488K), 0.0076162 secs] [Times: user=0.11 sys=0.01, real=0.01 secs] 
2016-09-24T02:44:31.740-0400: 62.893: [GC (GCLocker Initiated GC) [PSYoungGen: 160598K->70361K(173056K)] 520866K->431621K(697344K), 0.0119323 secs] [Times: user=0.16 sys=0.00, real=0.01 secs] 
2016-09-24T02:44:31.817-0400: 62.969: [GC (GCLocker Initiated GC) [PSYoungGen: 161497K->66076K(157696K)] 522798K->428392K(681984K), 0.0091987 secs] [Times: user=0.07 sys=0.01, real=0.01 secs] 
2016-09-24T02:44:31.896-0400: 63.049: [GC (GCLocker Initiated GC) [PSYoungGen: 157212K->44711K(176640K)] 525028K->424259K(700928K), 0.0117145 secs] [Times: user=0.13 sys=0.00, real=0.01 secs] 
2016-09-24T02:44:31.972-0400: 63.124: [GC (GCLocker Initiated GC) [PSYoungGen: 134823K->55650K(145920K)] 519957K->463503K(670208K), 0.0157831 secs] [Times: user=0.21 sys=0.00, real=0.02 secs] 
2016-09-24T02:44:32.044-0400: 63.196: [GC (GCLocker Initiated GC) [PSYoungGen: 145762K->75637K(167936K)] 553682K->484735K(692224K), 0.0082965 secs] [Times: user=0.09 sys=0.00, real=0.00 secs] 
2016-09-24T02:44:32.111-0400: 63.263: [GC (GCLocker Initiated GC) [PSYoungGen: 161141K->74320K(172544K)] 570421K->484530K(696832K), 0.0071549 secs] [Times: user=0.10 sys=0.00, real=0.01 secs] 
2016-09-24T02:44:32.179-0400: 63.332: [GC (GCLocker Initiated GC) [PSYoungGen: 159824K->59438K(175104K)] 570097K->484142K(699392K), 0.0084020 secs] [Times: user=0.11 sys=0.00, real=0.01 secs] 
2016-09-24T02:44:32.239-0400: 63.392: [GC (GCLocker Initiated GC) [PSYoungGen: 147502K->59529K(147968K)] 574961K->493297K(672256K), 0.0071503 secs] [Times: user=0.10 sys=0.00, real=0.01 secs] 
2016-09-24T02:44:32.303-0400: 63.456: [GC (GCLocker Initiated GC) [PSYoungGen: 147593K->43235K(173568K)] 581380K->502353K(697856K), 0.0065760 secs] [Times: user=0.09 sys=0.00, real=0.00 secs] 
2016-09-24T02:44:32.372-0400: 63.525: [GC (GCLocker Initiated GC) [PSYoungGen: 131299K->44842K(173568K)] 595797K->510229K(697856K), 0.0058998 secs] [Times: user=0.07 sys=0.00, real=0.01 secs] 
2016-09-24T02:44:32.428-0400: 63.581: [GC (GCLocker Initiated GC) [PSYoungGen: 132906K->52450K(173568K)] 599647K->520255K(697856K), 0.0068562 secs] [Times: user=0.08 sys=0.01, real=0.01 secs] 
2016-09-24T02:44:32.496-0400: 63.649: [GC (Allocation Failure) [PSYoungGen: 144610K->40543K(174592K)] 619272K->524063K(698880K), 0.0056028 secs] [Times: user=0.07 sys=0.00, real=0.00 secs] 
2016-09-24T02:44:32.558-0400: 63.710: [GC (GCLocker Initiated GC) [PSYoungGen: 132703K->51315K(174592K)] 616227K->549292K(698880K), 0.0079007 secs] [Times: user=0.09 sys=0.00, real=0.01 secs] 
2016-09-24T02:44:32.566-0400: 63.718: [Full GC (Ergonomics) [PSYoungGen: 51315K->0K(174592K)] [ParOldGen: 497977K->324037K(524288K)] 549292K->324037K(698880K), [Metaspace: 43764K->43764K(1087488K)], 0.0621383 secs] [Times: user=0.46 sys=0.01, real=0.06 secs] 
2016-09-24T02:44:32.701-0400: 63.853: [GC (GCLocker Initiated GC) [PSYoungGen: 97280K->54845K(177152K)] 430800K->388365K(701440K), 0.0094750 secs] [Times: user=0.13 sys=0.00, real=0.01 secs] 
2016-09-24T02:44:32.776-0400: 63.929: [GC (GCLocker Initiated GC) [PSYoungGen: 152125K->40562K(181760K)] 493976K->395008K(706048K), 0.0063432 secs] [Times: user=0.06 sys=0.00, real=0.01 secs] 
2016-09-24T02:44:32.849-0400: 64.001: [GC (GCLocker Initiated GC) [PSYoungGen: 145010K->77131K(181760K)] 502289K->443547K(706048K), 0.0075007 secs] [Times: user=0.10 sys=0.00, real=0.01 secs] 
2016-09-24T02:44:32.924-0400: 64.077: [GC (GCLocker Initiated GC) [PSYoungGen: 181579K->62307K(174592K)] 550910K->443481K(698880K), 0.0128389 secs] [Times: user=0.19 sys=0.00, real=0.01 secs] 
2016-09-24T02:44:32.995-0400: 64.148: [GC (GCLocker Initiated GC) [PSYoungGen: 156515K->70327K(164864K)] 544216K->467229K(689152K), 0.0071796 secs] [Times: user=0.08 sys=0.00, real=0.01 secs] 
2016-09-24T02:44:33.058-0400: 64.210: [GC (GCLocker Initiated GC) [PSYoungGen: 164535K->62156K(176640K)] 564154K->481648K(700928K), 0.0067079 secs] [Times: user=0.10 sys=0.00, real=0.01 secs] 
2016-09-24T02:44:33.114-0400: 64.266: [GC (GCLocker Initiated GC) [PSYoungGen: 152268K->64760K(175616K)] 571820K->496022K(699904K), 0.0067964 secs] [Times: user=0.09 sys=0.01, real=0.01 secs] 
2016-09-24T02:44:33.184-0400: 64.337: [GC (GCLocker Initiated GC) [PSYoungGen: 154872K->56660K(172544K)] 586175K->513101K(696832K), 0.0072321 secs] [Times: user=0.10 sys=0.00, real=0.00 secs] 
2016-09-24T02:44:33.255-0400: 64.407: [GC (GCLocker Initiated GC) [PSYoungGen: 147796K->52747K(174080K)] 612471K->518284K(698368K), 0.0078839 secs] [Times: user=0.11 sys=0.00, real=0.01 secs] 
2016-09-24T02:44:33.320-0400: 64.473: [GC (GCLocker Initiated GC) [PSYoungGen: 143883K->48824K(178176K)] 621768K->543948K(702464K), 0.0062596 secs] [Times: user=0.09 sys=0.00, real=0.01 secs] 
2016-09-24T02:44:33.328-0400: 64.480: [Full GC (Ergonomics) [PSYoungGen: 48824K->0K(178176K)] [ParOldGen: 495124K->335989K(524288K)] 543948K->335989K(702464K), [Metaspace: 43765K->43765K(1087488K)], 0.0610037 secs] [Times: user=0.48 sys=0.02, real=0.06 secs] 
2016-09-24T02:44:33.443-0400: 64.596: [GC (GCLocker Initiated GC) [PSYoungGen: 97792K->71939K(169984K)] 436560K->410707K(694272K), 0.0079717 secs] [Times: user=0.08 sys=0.00, real=0.00 secs] 
2016-09-24T02:44:33.529-0400: 64.682: [GC (GCLocker Initiated GC) [PSYoungGen: 169731K->34945K(175104K)] 508504K->377645K(699392K), 0.0140391 secs] [Times: user=0.18 sys=0.00, real=0.02 secs] 
2016-09-24T02:44:33.609-0400: 64.762: [GC (Allocation Failure) [PSYoungGen: 126081K->36665K(176640K)] 481022K->392498K(700928K), 0.0058167 secs] [Times: user=0.06 sys=0.01, real=0.01 secs] 
2016-09-24T02:44:33.668-0400: 64.821: [GC (GCLocker Initiated GC) [PSYoungGen: 126419K->56608K(172544K)] 484952K->416138K(696832K), 0.0074151 secs] [Times: user=0.11 sys=0.00, real=0.01 secs] 
2016-09-24T02:44:33.731-0400: 64.884: [GC (GCLocker Initiated GC) [PSYoungGen: 147742K->49913K(174592K)] 514932K->417857K(698880K), 0.0060479 secs] [Times: user=0.08 sys=0.00, real=0.01 secs] 
2016-09-24T02:44:33.808-0400: 64.960: [GC (GCLocker Initiated GC) [PSYoungGen: 141049K->59188K(176640K)] 513264K->432268K(700928K), 0.0058881 secs] [Times: user=0.08 sys=0.00, real=0.00 secs] 
2016-09-24T02:44:33.885-0400: 65.038: [GC (GCLocker Initiated GC) [PSYoungGen: 156468K->58056K(177664K)] 532339K->434640K(701952K), 0.0063870 secs] [Times: user=0.08 sys=0.00, real=0.00 secs] 
2016-09-24T02:44:33.954-0400: 65.106: [GC (GCLocker Initiated GC) [PSYoungGen: 155336K->45999K(179712K)] 533274K->441037K(704000K), 0.0105162 secs] [Times: user=0.13 sys=0.01, real=0.02 secs] 
2016-09-24T02:44:34.031-0400: 65.183: [GC (GCLocker Initiated GC) [PSYoungGen: 148399K->52873K(180736K)] 550232K->455651K(705024K), 0.0085192 secs] [Times: user=0.11 sys=0.00, real=0.01 secs] 
2016-09-24T02:44:34.107-0400: 65.260: [GC (GCLocker Initiated GC) [PSYoungGen: 155273K->60727K(182784K)] 558138K->488852K(707072K), 0.0097441 secs] [Times: user=0.12 sys=0.00, real=0.01 secs] 
2016-09-24T02:44:34.176-0400: 65.329: [GC (GCLocker Initiated GC) [PSYoungGen: 167223K->69002K(175616K)] 600838K->503543K(699904K), 0.0073989 secs] [Times: user=0.10 sys=0.00, real=0.01 secs] 
2016-09-24T02:44:34.255-0400: 65.407: [GC (GCLocker Initiated GC) [PSYoungGen: 175498K->36368K(180224K)] 620889K->496168K(704512K), 0.0077114 secs] [Times: user=0.08 sys=0.00, real=0.01 secs] 
2016-09-24T02:44:34.318-0400: 65.471: [GC (GCLocker Initiated GC) [PSYoungGen: 136720K->63279K(163840K)] 599286K->526657K(688128K), 0.0095295 secs] [Times: user=0.09 sys=0.01, real=0.01 secs] 
2016-09-24T02:44:34.378-0400: 65.530: [GC (GCLocker Initiated GC) [PSYoungGen: 163631K->78198K(169472K)] 627080K->545125K(693760K), 0.0082451 secs] [Times: user=0.11 sys=0.00, real=0.01 secs] 
2016-09-24T02:44:34.439-0400: 65.591: [GC (GCLocker Initiated GC) [PSYoungGen: 166262K->60624K(175104K)] 633263K->555369K(699392K), 0.0089216 secs] [Times: user=0.12 sys=0.01, real=0.01 secs] 
2016-09-24T02:44:34.448-0400: 65.600: [Full GC (Ergonomics) [PSYoungGen: 60624K->0K(175104K)] [ParOldGen: 494745K->347566K(524288K)] 555369K->347566K(699392K), [Metaspace: 43813K->43813K(1087488K)], 0.0628089 secs] [Times: user=0.61 sys=0.00, real=0.06 secs] 
2016-09-24T02:44:34.575-0400: 65.728: [GC (GCLocker Initiated GC) [PSYoungGen: 88064K->67853K(174592K)] 441179K->420968K(698880K), 0.0077314 secs] [Times: user=0.12 sys=0.00, real=0.01 secs] 
2016-09-24T02:44:34.646-0400: 65.799: [GC (GCLocker Initiated GC) [PSYoungGen: 156941K->45682K(175616K)] 510209K->416317K(699904K), 0.0084598 secs] [Times: user=0.12 sys=0.00, real=0.01 secs] 
2016-09-24T02:44:34.710-0400: 65.862: [GC (GCLocker Initiated GC) [PSYoungGen: 134770K->48384K(173056K)] 505530K->441468K(697344K), 0.0067127 secs] [Times: user=0.08 sys=0.00, real=0.01 secs] 
2016-09-24T02:44:34.767-0400: 65.920: [GC (GCLocker Initiated GC) [PSYoungGen: 137984K->42853K(174592K)] 533786K->442073K(698880K), 0.0068991 secs] [Times: user=0.05 sys=0.01, real=0.01 secs] 
2016-09-24T02:44:34.827-0400: 65.979: [GC (GCLocker Initiated GC) [PSYoungGen: 132453K->57829K(172544K)] 531746K->457829K(696832K), 0.0073890 secs] [Times: user=0.08 sys=0.01, real=0.01 secs] 
2016-09-24T02:44:34.893-0400: 66.045: [GC (GCLocker Initiated GC) [PSYoungGen: 150501K->59146K(175104K)] 553235K->473377K(699392K), 0.0064997 secs] [Times: user=0.07 sys=0.00, real=0.01 secs] 
2016-09-24T02:44:34.960-0400: 66.112: [GC (GCLocker Initiated GC) [PSYoungGen: 151818K->65859K(178688K)] 568974K->483702K(702976K), 0.0096231 secs] [Times: user=0.14 sys=0.01, real=0.01 secs] 
2016-09-24T02:44:35.024-0400: 66.177: [GC (GCLocker Initiated GC) [PSYoungGen: 163139K->43131K(179712K)] 588125K->479536K(704000K), 0.0062456 secs] [Times: user=0.08 sys=0.00, real=0.00 secs] 
2016-09-24T02:44:35.084-0400: 66.236: [GC (GCLocker Initiated GC) [PSYoungGen: 140411K->63322K(179200K)] 576835K->500531K(703488K), 0.0073766 secs] [Times: user=0.10 sys=0.00, real=0.00 secs] 
2016-09-24T02:44:35.160-0400: 66.312: [GC (GCLocker Initiated GC) [PSYoungGen: 160602K->56541K(154112K)] 603236K->499824K(678400K), 0.0061272 secs] [Times: user=0.08 sys=0.00, real=0.01 secs] 
2016-09-24T02:44:35.230-0400: 66.382: [GC (GCLocker Initiated GC) [PSYoungGen: 153821K->51204K(179200K)] 602576K->500630K(703488K), 0.0077575 secs] [Times: user=0.10 sys=0.00, real=0.01 secs] 
2016-09-24T02:44:35.296-0400: 66.449: [GC (GCLocker Initiated GC) [PSYoungGen: 150532K->66026K(177664K)] 602746K->519054K(701952K), 0.0134510 secs] [Times: user=0.21 sys=0.00, real=0.01 secs] 
2016-09-24T02:44:35.366-0400: 66.518: [GC (GCLocker Initiated GC) [PSYoungGen: 165354K->59305K(182784K)] 618405K->526633K(707072K), 0.0068038 secs] [Times: user=0.10 sys=0.00, real=0.00 secs] 
2016-09-24T02:44:35.434-0400: 66.586: [GC (GCLocker Initiated GC) [PSYoungGen: 162729K->45837K(182272K)] 638235K->538358K(706560K), 0.0065894 secs] [Times: user=0.08 sys=0.00, real=0.01 secs] 
2016-09-24T02:44:35.504-0400: 66.656: [Full GC (Ergonomics) [PSYoungGen: 149261K->0K(182272K)] [ParOldGen: 499470K->357376K(524288K)] 648731K->357376K(706560K), [Metaspace: 43816K->43816K(1087488K)], 0.0705307 secs] [Times: user=0.64 sys=0.01, real=0.07 secs] 
2016-09-24T02:44:35.648-0400: 66.800: [GC (GCLocker Initiated GC) [PSYoungGen: 103424K->67605K(179712K)] 460967K->425148K(704000K), 0.0095863 secs] [Times: user=0.14 sys=0.00, real=0.01 secs] 
2016-09-24T02:44:35.716-0400: 66.869: [GC (GCLocker Initiated GC) [PSYoungGen: 168981K->49925K(181760K)] 527344K->422827K(706048K), 0.0067372 secs] [Times: user=0.09 sys=0.00, real=0.01 secs] 
2016-09-24T02:44:35.790-0400: 66.942: [GC (GCLocker Initiated GC) [PSYoungGen: 151301K->64803K(180736K)] 524281K->453463K(705024K), 0.0074515 secs] [Times: user=0.10 sys=0.00, real=0.01 secs] 
2016-09-24T02:44:35.860-0400: 67.012: [GC (GCLocker Initiated GC) [PSYoungGen: 166179K->74029K(175616K)] 554954K->477185K(699904K), 0.0099511 secs] [Times: user=0.12 sys=0.00, real=0.01 secs] 
2016-09-24T02:44:35.949-0400: 67.101: [GC (GCLocker Initiated GC) [PSYoungGen: 175405K->48444K(178688K)] 584192K->463304K(702976K), 0.0064854 secs] [Times: user=0.07 sys=0.00, real=0.01 secs] 
2016-09-24T02:44:36.017-0400: 67.170: [GC (GCLocker Initiated GC) [PSYoungGen: 142652K->52370K(146944K)] 557577K->468065K(671232K), 0.0178391 secs] [Times: user=0.24 sys=0.01, real=0.02 secs] 
2016-09-24T02:44:36.093-0400: 67.246: [GC (GCLocker Initiated GC) [PSYoungGen: 146578K->30727K(174080K)] 569257K->486485K(698368K), 0.0150471 secs] [Times: user=0.20 sys=0.00, real=0.02 secs] 
2016-09-24T02:44:36.177-0400: 67.330: [GC (GCLocker Initiated GC) [PSYoungGen: 122887K->41636K(176128K)] 584080K->514336K(700416K), 0.0065346 secs] [Times: user=0.06 sys=0.01, real=0.01 secs] 
2016-09-24T02:44:36.240-0400: 67.392: [GC (GCLocker Initiated GC) [PSYoungGen: 133796K->75513K(171520K)] 609346K->551695K(695808K), 0.0082884 secs] [Times: user=0.13 sys=0.00, real=0.01 secs] 
2016-09-24T02:44:36.311-0400: 67.463: [GC (GCLocker Initiated GC) [PSYoungGen: 163577K->55293K(175104K)] 639928K->532418K(699392K), 0.0068969 secs] [Times: user=0.06 sys=0.01, real=0.01 secs] 
2016-09-24T02:44:36.364-0400: 67.516: [GC (GCLocker Initiated GC) [PSYoungGen: 143357K->83610K(173568K)] 620537K->566971K(697856K), 0.0089320 secs] [Times: user=0.14 sys=0.01, real=0.00 secs] 
2016-09-24T02:44:36.428-0400: 67.580: [GC (GCLocker Initiated GC) [PSYoungGen: 171674K->53847K(175104K)] 655076K->554157K(699392K), 0.0068188 secs] [Times: user=0.09 sys=0.00, real=0.01 secs] 
2016-09-24T02:44:36.435-0400: 67.587: [Full GC (Ergonomics) [PSYoungGen: 53847K->0K(175104K)] [ParOldGen: 500309K->360031K(524288K)] 554157K->360031K(699392K), [Metaspace: 43818K->43818K(1087488K)], 0.0577261 secs] [Times: user=0.43 sys=0.01, real=0.05 secs] 
2016-09-24T02:44:36.548-0400: 67.700: [GC (GCLocker Initiated GC) [PSYoungGen: 88064K->48797K(175104K)] 450819K->411553K(699392K), 0.0081675 secs] [Times: user=0.10 sys=0.00, real=0.01 secs] 
2016-09-24T02:44:36.607-0400: 67.760: [GC (GCLocker Initiated GC) [PSYoungGen: 136861K->49731K(138240K)] 502829K->431671K(662528K), 0.0080079 secs] [Times: user=0.07 sys=0.01, real=0.01 secs] 
2016-09-24T02:44:36.666-0400: 67.818: [GC (GCLocker Initiated GC) [PSYoungGen: 137795K->51177K(176640K)] 533383K->458280K(700928K), 0.0079808 secs] [Times: user=0.09 sys=0.00, real=0.00 secs] 
2016-09-24T02:44:36.742-0400: 67.895: [GC (GCLocker Initiated GC) [PSYoungGen: 141289K->37390K(174592K)] 552516K->452055K(698880K), 0.0150517 secs] [Times: user=0.12 sys=0.01, real=0.02 secs] 
2016-09-24T02:44:36.815-0400: 67.968: [GC (GCLocker Initiated GC) [PSYoungGen: 127502K->55164K(174592K)] 542241K->470643K(698880K), 0.0245648 secs] [Times: user=0.33 sys=0.00, real=0.02 secs] 
2016-09-24T02:44:36.898-0400: 68.050: [GC (GCLocker Initiated GC) [PSYoungGen: 148348K->62040K(175104K)] 563862K->499927K(699392K), 0.0086014 secs] [Times: user=0.12 sys=0.01, real=0.01 secs] 
2016-09-24T02:44:36.970-0400: 68.122: [GC (GCLocker Initiated GC) [PSYoungGen: 155224K->62253K(179712K)] 593225K->506448K(704000K), 0.0075044 secs] [Times: user=0.07 sys=0.00, real=0.01 secs] 
2016-09-24T02:44:37.038-0400: 68.191: [GC (GCLocker Initiated GC) [PSYoungGen: 159533K->45946K(143360K)] 606491K->499287K(667648K), 0.0060850 secs] [Times: user=0.05 sys=0.00, real=0.01 secs] 
2016-09-24T02:44:37.106-0400: 68.259: [GC (GCLocker Initiated GC) [PSYoungGen: 143226K->40546K(179200K)] 598144K->496468K(703488K), 0.0061361 secs] [Times: user=0.05 sys=0.00, real=0.00 secs] 
2016-09-24T02:44:37.177-0400: 68.329: [GC (GCLocker Initiated GC) [PSYoungGen: 138338K->55403K(178688K)] 599777K->517982K(702976K), 0.0053551 secs] [Times: user=0.07 sys=0.00, real=0.00 secs] 
2016-09-24T02:44:37.247-0400: 68.399: [GC (GCLocker Initiated GC) [PSYoungGen: 153195K->33662K(177664K)] 621215K->513373K(701952K), 0.0071700 secs] [Times: user=0.05 sys=0.01, real=0.00 secs] 
2016-09-24T02:44:37.319-0400: 68.472: [GC (GCLocker Initiated GC) [PSYoungGen: 132478K->70406K(169472K)] 615046K->554076K(693760K), 0.0151124 secs] [Times: user=0.21 sys=0.01, real=0.02 secs] 
2016-09-24T02:44:37.410-0400: 68.563: [GC (GCLocker Initiated GC) [PSYoungGen: 169222K->43185K(179200K)] 655693K->530675K(703488K), 0.0169230 secs] [Times: user=0.21 sys=0.01, real=0.02 secs] 
2016-09-24T02:44:37.497-0400: 68.649: [GC (GCLocker Initiated GC) [PSYoungGen: 138417K->51511K(146944K)] 625949K->550906K(671232K), 0.0068421 secs] [Times: user=0.08 sys=0.00, real=0.01 secs] 
2016-09-24T02:44:37.504-0400: 68.656: [Full GC (Ergonomics) [PSYoungGen: 51511K->0K(146944K)] [ParOldGen: 499395K->372011K(524288K)] 550906K->372011K(671232K), [Metaspace: 43825K->43825K(1087488K)], 0.0702642 secs] [Times: user=0.59 sys=0.00, real=0.07 secs] 
2016-09-24T02:44:37.636-0400: 68.788: [GC (GCLocker Initiated GC) [PSYoungGen: 95232K->58669K(175616K)] 474073K->437511K(699904K), 0.0115960 secs] [Times: user=0.12 sys=0.01, real=0.01 secs] 
2016-09-24T02:44:37.712-0400: 68.865: [GC (GCLocker Initiated GC) [PSYoungGen: 154413K->52924K(175104K)] 541512K->445682K(699392K), 0.0087447 secs] [Times: user=0.12 sys=0.00, real=0.01 secs] 
2016-09-24T02:44:37.778-0400: 68.931: [GC (GCLocker Initiated GC) [PSYoungGen: 148668K->63663K(178176K)] 544238K->471096K(702464K), 0.0131128 secs] [Times: user=0.18 sys=0.00, real=0.01 secs] 
2016-09-24T02:44:37.872-0400: 69.024: [GC (GCLocker Initiated GC) [PSYoungGen: 165039K->39727K(179712K)] 583491K->459173K(704000K), 0.0060589 secs] [Times: user=0.06 sys=0.00, real=0.01 secs] 
2016-09-24T02:44:37.943-0400: 69.095: [GC (GCLocker Initiated GC) [PSYoungGen: 141103K->77251K(170496K)] 563461K->506342K(694784K), 0.0103077 secs] [Times: user=0.15 sys=0.01, real=0.00 secs] 
2016-09-24T02:44:38.028-0400: 69.180: [GC (GCLocker Initiated GC) [PSYoungGen: 169411K->54271K(177152K)] 602628K->488603K(701440K), 0.0056887 secs] [Times: user=0.08 sys=0.00, real=0.00 secs] 
2016-09-24T02:44:38.094-0400: 69.246: [GC (GCLocker Initiated GC) [PSYoungGen: 146431K->50125K(170496K)] 582165K->503168K(694784K), 0.0098315 secs] [Times: user=0.13 sys=0.00, real=0.02 secs] 
2016-09-24T02:44:38.165-0400: 69.318: [GC (GCLocker Initiated GC) [PSYoungGen: 144845K->43747K(175104K)] 610259K->537215K(699392K), 0.0067857 secs] [Times: user=0.09 sys=0.01, real=0.00 secs] 
2016-09-24T02:44:38.238-0400: 69.391: [Full GC (Ergonomics) [PSYoungGen: 138467K->0K(175104K)] [ParOldGen: 496224K->348078K(524288K)] 634692K->348078K(699392K), [Metaspace: 43825K->43825K(1087488K)], 0.0658358 secs] [Times: user=0.66 sys=0.00, real=0.07 secs] 
2016-09-24T02:44:38.369-0400: 69.521: [GC (GCLocker Initiated GC) [PSYoungGen: 94720K->53373K(175616K)] 448213K->406867K(699904K), 0.0092898 secs] [Times: user=0.14 sys=0.00, real=0.01 secs] 
2016-09-24T02:44:38.440-0400: 69.593: [GC (GCLocker Initiated GC) [PSYoungGen: 155773K->61148K(179200K)] 511987K->420328K(703488K), 0.0067141 secs] [Times: user=0.10 sys=0.00, real=0.01 secs] 
2016-09-24T02:44:38.510-0400: 69.662: [GC (GCLocker Initiated GC) [PSYoungGen: 163548K->62342K(182784K)] 526897K->426944K(707072K), 0.0070852 secs] [Times: user=0.11 sys=0.00, real=0.01 secs] 
2016-09-24T02:44:38.600-0400: 69.753: [GC (GCLocker Initiated GC) [PSYoungGen: 167814K->62466K(168448K)] 535478K->431202K(692736K), 0.0065050 secs] [Times: user=0.08 sys=0.00, real=0.01 secs] 
2016-09-24T02:44:38.689-0400: 69.842: [GC (GCLocker Initiated GC) [PSYoungGen: 167938K->51697K(184832K)] 543465K->428266K(709120K), 0.0079494 secs] [Times: user=0.10 sys=0.01, real=0.01 secs] 
2016-09-24T02:44:38.774-0400: 69.926: [GC (GCLocker Initiated GC) [PSYoungGen: 157681K->51633K(157696K)] 537011K->432198K(681984K), 0.0060450 secs] [Times: user=0.06 sys=0.00, real=0.01 secs] 
2016-09-24T02:44:38.856-0400: 70.009: [GC (GCLocker Initiated GC) [PSYoungGen: 157617K->53080K(183808K)] 542327K->439129K(708096K), 0.0063917 secs] [Times: user=0.08 sys=0.00, real=0.01 secs] 
2016-09-24T02:44:38.942-0400: 70.094: [GC (GCLocker Initiated GC) [PSYoungGen: 161112K->45256K(181760K)] 562023K->447403K(706048K), 0.0237054 secs] [Times: user=0.29 sys=0.00, real=0.03 secs] 
2016-09-24T02:44:39.040-0400: 70.192: [GC (GCLocker Initiated GC) [PSYoungGen: 153288K->71923K(179200K)] 555524K->478242K(703488K), 0.0156555 secs] [Times: user=0.20 sys=0.00, real=0.02 secs] 
2016-09-24T02:44:39.123-0400: 70.276: [GC (GCLocker Initiated GC) [PSYoungGen: 177395K->57165K(183808K)] 586445K->478194K(708096K), 0.0087245 secs] [Times: user=0.11 sys=0.00, real=0.00 secs] 
2016-09-24T02:44:39.214-0400: 70.366: [GC (GCLocker Initiated GC) [PSYoungGen: 162637K->40554K(183296K)] 584048K->463089K(707584K), 0.0081231 secs] [Times: user=0.06 sys=0.01, real=0.01 secs] 
2016-09-24T02:44:39.298-0400: 70.451: [GC (GCLocker Initiated GC) [PSYoungGen: 147562K->28359K(135680K)] 576930K->458803K(659968K), 0.0216908 secs] [Times: user=0.25 sys=0.00, real=0.02 secs] 
2016-09-24T02:44:39.391-0400: 70.543: [GC (GCLocker Initiated GC) [PSYoungGen: 135367K->35273K(182784K)] 571281K->483130K(707072K), 0.0069656 secs] [Times: user=0.04 sys=0.01, real=0.01 secs] 
2016-09-24T02:44:39.468-0400: 70.620: [GC (GCLocker Initiated GC) [PSYoungGen: 138697K->55500K(159232K)] 588202K->506176K(683520K), 0.0147945 secs] [Times: user=0.20 sys=0.00, real=0.02 secs] 
2016-09-24T02:44:39.545-0400: 70.697: [GC (GCLocker Initiated GC) [PSYoungGen: 158924K->66302K(177664K)] 609704K->529005K(701952K), 0.0140611 secs] [Times: user=0.19 sys=0.00, real=0.01 secs] 
2016-09-24T02:44:39.626-0400: 70.779: [GC (GCLocker Initiated GC) [PSYoungGen: 165630K->47336K(180736K)] 628411K->521915K(705024K), 0.0060003 secs] [Times: user=0.09 sys=0.00, real=0.00 secs] 
2016-09-24T02:44:39.698-0400: 70.850: [GC (GCLocker Initiated GC) [PSYoungGen: 146664K->75689K(170496K)] 621380K->551408K(694784K), 0.0128260 secs] [Times: user=0.18 sys=0.01, real=0.01 secs] 
2016-09-24T02:44:39.772-0400: 70.925: [GC (GCLocker Initiated GC) [PSYoungGen: 166825K->49816K(176640K)] 648331K->545765K(700928K), 0.0065362 secs] [Times: user=0.09 sys=0.00, real=0.01 secs] 
2016-09-24T02:44:39.835-0400: 70.987: [Full GC (Ergonomics) [PSYoungGen: 140952K->0K(176640K)] [ParOldGen: 504102K->373439K(524288K)] 645054K->373439K(700928K), [Metaspace: 43853K->43853K(1087488K)], 0.0572386 secs] [Times: user=0.44 sys=0.01, real=0.05 secs] 
2016-09-24T02:44:39.951-0400: 71.103: [GC (GCLocker Initiated GC) [PSYoungGen: 91136K->59770K(173056K)] 464639K->433274K(697344K), 0.0089050 secs] [Times: user=0.08 sys=0.01, real=0.01 secs] 
2016-09-24T02:44:40.021-0400: 71.173: [GC (GCLocker Initiated GC) [PSYoungGen: 153466K->51344K(176128K)] 536665K->464221K(700416K), 0.0092388 secs] [Times: user=0.13 sys=0.00, real=0.01 secs] 
2016-09-24T02:44:40.095-0400: 71.247: [GC (GCLocker Initiated GC) [PSYoungGen: 145040K->63478K(179712K)] 560676K->479924K(704000K), 0.0069953 secs] [Times: user=0.09 sys=0.00, real=0.00 secs] 
2016-09-24T02:44:40.177-0400: 71.330: [GC (GCLocker Initiated GC) [PSYoungGen: 162806K->55375K(155136K)] 579504K->472875K(679424K), 0.0058706 secs] [Times: user=0.06 sys=0.01, real=0.01 secs] 
2016-09-24T02:44:40.238-0400: 71.391: [GC (GCLocker Initiated GC) [PSYoungGen: 154703K->53892K(181760K)] 574918K->502050K(706048K), 0.0075689 secs] [Times: user=0.09 sys=0.00, real=0.01 secs] 
2016-09-24T02:44:40.314-0400: 71.467: [GC (GCLocker Initiated GC) [PSYoungGen: 156804K->48614K(179712K)] 611953K->512753K(704000K), 0.0068826 secs] [Times: user=0.07 sys=0.00, real=0.00 secs] 
2016-09-24T02:44:40.389-0400: 71.541: [GC (GCLocker Initiated GC) [PSYoungGen: 151526K->41704K(181760K)] 621270K->512404K(706048K), 0.0137752 secs] [Times: user=0.15 sys=0.00, real=0.02 secs] 
2016-09-24T02:44:40.465-0400: 71.617: [GC (GCLocker Initiated GC) [PSYoungGen: 148200K->44444K(181760K)] 620650K->517706K(706048K), 0.0078555 secs] [Times: user=0.06 sys=0.00, real=0.00 secs] 
2016-09-24T02:44:40.535-0400: 71.687: [GC (GCLocker Initiated GC) [PSYoungGen: 150940K->48302K(184320K)] 624274K->522423K(708608K), 0.0067619 secs] [Times: user=0.06 sys=0.00, real=0.00 secs] 
2016-09-24T02:44:40.602-0400: 71.754: [GC (GCLocker Initiated GC) [PSYoungGen: 160430K->45750K(185344K)] 637500K->542396K(709632K), 0.0085676 secs] [Times: user=0.09 sys=0.00, real=0.01 secs] 
2016-09-24T02:44:40.610-0400: 71.763: [Full GC (Ergonomics) [PSYoungGen: 45750K->0K(185344K)] [ParOldGen: 496645K->381121K(524288K)] 542396K->381121K(709632K), [Metaspace: 43853K->43853K(1087488K)], 0.0603920 secs] [Times: user=0.42 sys=0.01, real=0.06 secs] 
2016-09-24T02:44:40.740-0400: 71.892: [GC (GCLocker Initiated GC) [PSYoungGen: 112128K->70316K(179712K)] 496085K->462373K(704000K), 0.0075552 secs] [Times: user=0.11 sys=0.00, real=0.01 secs] 
2016-09-24T02:44:40.818-0400: 71.971: [GC (GCLocker Initiated GC) [PSYoungGen: 177836K->33636K(141312K)] 576709K->452362K(665600K), 0.0058439 secs] [Times: user=0.07 sys=0.00, real=0.01 secs] 
2016-09-24T02:44:40.879-0400: 72.032: [GC (GCLocker Initiated GC) [PSYoungGen: 141156K->57911K(184320K)] 564004K->481668K(708608K), 0.0170115 secs] [Times: user=0.21 sys=0.00, real=0.02 secs] 
2016-09-24T02:44:40.980-0400: 72.132: [GC (GCLocker Initiated GC) [PSYoungGen: 164407K->32316K(139264K)] 598979K->467611K(663552K), 0.0046225 secs] [Times: user=0.05 sys=0.00, real=0.01 secs] 
2016-09-24T02:44:41.055-0400: 72.208: [GC (GCLocker Initiated GC) [PSYoungGen: 138812K->38994K(184320K)] 582246K->483189K(708608K), 0.0143738 secs] [Times: user=0.16 sys=0.00, real=0.01 secs] 
2016-09-24T02:44:41.138-0400: 72.290: [GC (GCLocker Initiated GC) [PSYoungGen: 144978K->46987K(153088K)] 590919K->493680K(677376K), 0.0061045 secs] [Times: user=0.05 sys=0.00, real=0.01 secs] 
2016-09-24T02:44:41.219-0400: 72.372: [GC (GCLocker Initiated GC) [PSYoungGen: 152971K->47138K(183808K)] 603748K->514794K(708096K), 0.0071418 secs] [Times: user=0.08 sys=0.02, real=0.01 secs] 
2016-09-24T02:44:41.291-0400: 72.444: [GC (GCLocker Initiated GC) [PSYoungGen: 155682K->55233K(181248K)] 626087K->526412K(705536K), 0.0090485 secs] [Times: user=0.12 sys=0.01, real=0.01 secs] 
2016-09-24T02:44:41.362-0400: 72.514: [GC (GCLocker Initiated GC) [PSYoungGen: 163777K->61924K(184320K)] 637888K->539520K(708608K), 0.0084130 secs] [Times: user=0.09 sys=0.00, real=0.01 secs] 
2016-09-24T02:44:41.442-0400: 72.595: [GC (GCLocker Initiated GC) [PSYoungGen: 173540K->70209K(182272K)] 653866K->551277K(706560K), 0.0074423 secs] [Times: user=0.09 sys=0.00, real=0.00 secs] 
2016-09-24T02:44:41.529-0400: 72.682: [GC (GCLocker Initiated GC) [PSYoungGen: 181825K->55538K(183808K)] 664304K->538839K(708096K), 0.0088630 secs] [Times: user=0.13 sys=0.00, real=0.01 secs] 
2016-09-24T02:44:41.597-0400: 72.750: [GC (GCLocker Initiated GC) [PSYoungGen: 159474K->50931K(155136K)] 645648K->537968K(679424K), 0.0070452 secs] [Times: user=0.07 sys=0.00, real=0.01 secs] 
2016-09-24T02:44:41.678-0400: 72.830: [Full GC (Ergonomics) [PSYoungGen: 154867K->0K(155136K)] [ParOldGen: 504723K->390269K(524288K)] 659590K->390269K(679424K), [Metaspace: 43853K->43853K(1087488K)], 0.0562393 secs] [Times: user=0.51 sys=0.01, real=0.06 secs] 
2016-09-24T02:44:41.797-0400: 72.949: [GC (GCLocker Initiated GC) [PSYoungGen: 103936K->64966K(178176K)] 499701K->460731K(702464K), 0.0064984 secs] [Times: user=0.09 sys=0.00, real=0.01 secs] 
2016-09-24T02:44:41.865-0400: 73.018: [GC (GCLocker Initiated GC) [PSYoungGen: 166854K->66008K(180224K)] 562723K->474983K(704512K), 0.0116728 secs] [Times: user=0.17 sys=0.00, real=0.01 secs] 
2016-09-24T02:44:41.943-0400: 73.096: [GC (GCLocker Initiated GC) [PSYoungGen: 167896K->47013K(182784K)] 579792K->475829K(707072K), 0.0142227 secs] [Times: user=0.19 sys=0.00, real=0.01 secs] 
2016-09-24T02:44:42.022-0400: 73.174: [GC (GCLocker Initiated GC) [PSYoungGen: 149413K->28074K(130560K)] 589065K->468414K(654848K), 0.0096710 secs] [Times: user=0.09 sys=0.01, real=0.01 secs] 
2016-09-24T02:44:42.098-0400: 73.250: [GC (GCLocker Initiated GC) [PSYoungGen: 130474K->43177K(182272K)] 583145K->512914K(706560K), 0.0077386 secs] [Times: user=0.10 sys=0.02, real=0.01 secs] 
2016-09-24T02:44:42.186-0400: 73.338: [GC (GCLocker Initiated GC) [PSYoungGen: 144041K->36125K(137216K)] 616620K->509478K(661504K), 0.0141438 secs] [Times: user=0.22 sys=0.00, real=0.01 secs] 
2016-09-24T02:44:42.258-0400: 73.410: [GC (GCLocker Initiated GC) [PSYoungGen: 136989K->52506K(181760K)] 619974K->549697K(706048K), 0.0066978 secs] [Times: user=0.09 sys=0.00, real=0.01 secs] 
2016-09-24T02:44:42.264-0400: 73.417: [Full GC (Ergonomics) [PSYoungGen: 52506K->0K(181760K)] [ParOldGen: 497190K->395037K(524288K)] 549697K->395037K(706048K), [Metaspace: 43856K->43856K(1087488K)], 0.0612754 secs] [Times: user=0.56 sys=0.01, real=0.06 secs] 
2016-09-24T02:44:42.387-0400: 73.540: [GC (GCLocker Initiated GC) [PSYoungGen: 102400K->75595K(178176K)] 497660K->478955K(702464K), 0.0076324 secs] [Times: user=0.10 sys=0.00, real=0.01 secs] 
2016-09-24T02:44:42.462-0400: 73.614: [GC (GCLocker Initiated GC) [PSYoungGen: 177995K->64761K(174080K)] 581398K->491963K(698368K), 0.0097192 secs] [Times: user=0.14 sys=0.00, real=0.01 secs] 
2016-09-24T02:44:42.527-0400: 73.680: [GC (GCLocker Initiated GC) [PSYoungGen: 154873K->55057K(145408K)] 582139K->496621K(669696K), 0.0137159 secs] [Times: user=0.12 sys=0.00, real=0.01 secs] 
2016-09-24T02:44:42.596-0400: 73.749: [GC (GCLocker Initiated GC) [PSYoungGen: 145169K->67180K(173568K)] 586777K->509436K(697856K), 0.0123272 secs] [Times: user=0.17 sys=0.00, real=0.01 secs] 
2016-09-24T02:44:42.663-0400: 73.816: [GC (GCLocker Initiated GC) [PSYoungGen: 157292K->65975K(175616K)] 599582K->522403K(699904K), 0.0083973 secs] [Times: user=0.12 sys=0.00, real=0.00 secs] 
2016-09-24T02:44:42.726-0400: 73.878: [GC (Allocation Failure) [PSYoungGen: 156087K->55270K(171520K)] 620740K->542258K(695808K), 0.0067466 secs] [Times: user=0.11 sys=0.00, real=0.00 secs] 
2016-09-24T02:44:42.733-0400: 73.885: [GC (GCLocker Initiated GC) --[PSYoungGen: 55539K->55539K(171520K)] 542527K->577227K(695808K), 0.0046018 secs] [Times: user=0.06 sys=0.00, real=0.01 secs] 
2016-09-24T02:44:42.738-0400: 73.890: [Full GC (Ergonomics) [PSYoungGen: 55539K->0K(171520K)] [ParOldGen: 521688K->398901K(524288K)] 577227K->398901K(695808K), [Metaspace: 43857K->43857K(1087488K)], 0.0541189 secs] [Times: user=0.52 sys=0.00, real=0.05 secs] 
2016-09-24T02:44:42.858-0400: 74.010: [GC (GCLocker Initiated GC) [PSYoungGen: 88177K->63478K(173568K)] 489779K->465080K(697856K), 0.0060340 secs] [Times: user=0.08 sys=0.00, real=0.01 secs] 
2016-09-24T02:44:42.922-0400: 74.074: [GC (GCLocker Initiated GC) [PSYoungGen: 153590K->63311K(178688K)] 555965K->466575K(702976K), 0.0077236 secs] [Times: user=0.12 sys=0.00, real=0.01 secs] 
2016-09-24T02:44:43.001-0400: 74.154: [GC (GCLocker Initiated GC) [PSYoungGen: 158543K->29340K(124928K)] 570040K->441520K(649216K), 0.0136095 secs] [Times: user=0.18 sys=0.00, real=0.02 secs] 
2016-09-24T02:44:43.078-0400: 74.230: [GC (GCLocker Initiated GC) [PSYoungGen: 124572K->44346K(177664K)] 542588K->463136K(701952K), 0.0052915 secs] [Times: user=0.05 sys=0.00, real=0.01 secs] 
2016-09-24T02:44:43.144-0400: 74.296: [GC (GCLocker Initiated GC) [PSYoungGen: 136506K->59235K(151552K)] 558039K->486962K(675840K), 0.0095572 secs] [Times: user=0.09 sys=0.00, real=0.00 secs] 
2016-09-24T02:44:43.227-0400: 74.379: [GC (GCLocker Initiated GC) [PSYoungGen: 151395K->75376K(171520K)] 584660K->509370K(695808K), 0.0073251 secs] [Times: user=0.09 sys=0.00, real=0.01 secs] 
2016-09-24T02:44:43.301-0400: 74.453: [GC (GCLocker Initiated GC) [PSYoungGen: 163440K->44258K(175104K)] 602941K->495212K(699392K), 0.0134162 secs] [Times: user=0.17 sys=0.01, real=0.02 secs] 
2016-09-24T02:44:43.365-0400: 74.518: [GC (GCLocker Initiated GC) [PSYoungGen: 132322K->48367K(171008K)] 588762K->519101K(695296K), 0.0067948 secs] [Times: user=0.08 sys=0.00, real=0.00 secs] 
2016-09-24T02:44:43.435-0400: 74.588: [GC (GCLocker Initiated GC) [PSYoungGen: 136431K->55249K(173056K)] 612583K->532101K(697344K), 0.0066328 secs] [Times: user=0.08 sys=0.00, real=0.00 secs] 
2016-09-24T02:44:43.495-0400: 74.647: [GC (GCLocker Initiated GC) [PSYoungGen: 143313K->55186K(172544K)] 628335K->551753K(696832K), 0.0070812 secs] [Times: user=0.10 sys=0.00, real=0.00 secs] 
2016-09-24T02:44:43.561-0400: 74.713: [Full GC (Ergonomics) [PSYoungGen: 149906K->0K(172544K)] [ParOldGen: 499420K->383065K(524288K)] 649327K->383065K(696832K), [Metaspace: 43857K->43857K(1087488K)], 0.0812951 secs] [Times: user=0.71 sys=0.01, real=0.08 secs] 
2016-09-24T02:44:43.706-0400: 74.858: [GC (GCLocker Initiated GC) [PSYoungGen: 94720K->43244K(174592K)] 483199K->431723K(698880K), 0.0075554 secs] [Times: user=0.08 sys=0.00, real=0.00 secs] 
2016-09-24T02:44:43.780-0400: 74.932: [GC (GCLocker Initiated GC) [PSYoungGen: 137964K->56266K(178688K)] 526637K->445956K(702976K), 0.0076491 secs] [Times: user=0.07 sys=0.00, real=0.01 secs] 
2016-09-24T02:44:43.861-0400: 75.013: [GC (GCLocker Initiated GC) [PSYoungGen: 159178K->37642K(180736K)] 557804K->453079K(705024K), 0.0079201 secs] [Times: user=0.12 sys=0.00, real=0.01 secs] 
2016-09-24T02:44:43.924-0400: 75.077: [GC (GCLocker Initiated GC) [PSYoungGen: 140554K->67333K(177664K)] 556021K->483600K(701952K), 0.0064498 secs] [Times: user=0.09 sys=0.00, real=0.00 secs] 
2016-09-24T02:44:43.986-0400: 75.138: [GC (Allocation Failure) [PSYoungGen: 166661K->45738K(180736K)] 583064K->487136K(705024K), 0.0125586 secs] [Times: user=0.15 sys=0.00, real=0.01 secs] 
2016-09-24T02:44:43.999-0400: 75.151: [GC (GCLocker Initiated GC) [PSYoungGen: 45753K->64K(169984K)] 487151K->503100K(694272K), 0.0067865 secs] [Times: user=0.09 sys=0.00, real=0.01 secs] 
2016-09-24T02:44:44.006-0400: 75.158: [Full GC (Ergonomics) [PSYoungGen: 64K->0K(169984K)] [ParOldGen: 503036K->365099K(524288K)] 503100K->365099K(694272K), [Metaspace: 43857K->43857K(1087488K)], 0.1553838 secs] [Times: user=2.19 sys=0.02, real=0.15 secs] 
2016-09-24T02:44:44.226-0400: 75.379: [GC (GCLocker Initiated GC) [PSYoungGen: 90112K->36467K(176128K)] 455215K->401570K(700416K), 0.0092794 secs] [Times: user=0.10 sys=0.00, real=0.01 secs] 
2016-09-24T02:44:44.291-0400: 75.443: [GC (GCLocker Initiated GC) [PSYoungGen: 126579K->45773K(166912K)] 502683K->422941K(691200K), 0.0056036 secs] [Times: user=0.07 sys=0.00, real=0.01 secs] 
2016-09-24T02:44:44.352-0400: 75.504: [GC (GCLocker Initiated GC) [PSYoungGen: 137933K->68679K(172544K)] 515103K->446624K(696832K), 0.0071901 secs] [Times: user=0.10 sys=0.00, real=0.01 secs] 
2016-09-24T02:44:44.414-0400: 75.566: [GC (GCLocker Initiated GC) [PSYoungGen: 160839K->57933K(177152K)] 544244K->442020K(701440K), 0.0061491 secs] [Times: user=0.10 sys=0.00, real=0.01 secs] 
2016-09-24T02:44:44.476-0400: 75.629: [GC (GCLocker Initiated GC) [PSYoungGen: 149581K->52491K(144384K)] 537783K->457613K(668672K), 0.0073054 secs] [Times: user=0.10 sys=0.00, real=0.01 secs] 
2016-09-24T02:44:44.534-0400: 75.687: [GC (GCLocker Initiated GC) [PSYoungGen: 144139K->68705K(171008K)] 549328K->474686K(695296K), 0.0134376 secs] [Times: user=0.19 sys=0.00, real=0.01 secs] 
2016-09-24T02:44:44.622-0400: 75.774: [GC (GCLocker Initiated GC) [PSYoungGen: 156769K->49834K(174592K)] 566056K->481414K(698880K), 0.0076256 secs] [Times: user=0.11 sys=0.00, real=0.01 secs] 
2016-09-24T02:44:44.687-0400: 75.839: [GC (GCLocker Initiated GC) [PSYoungGen: 137898K->45749K(169984K)] 580355K->507916K(694272K), 0.0078024 secs] [Times: user=0.11 sys=0.01, real=0.01 secs] 
2016-09-24T02:44:44.753-0400: 75.906: [GC (GCLocker Initiated GC) [PSYoungGen: 137909K->67314K(173056K)] 603027K->541267K(697344K), 0.0070718 secs] [Times: user=0.10 sys=0.00, real=0.01 secs] 
2016-09-24T02:44:44.824-0400: 75.977: [GC (GCLocker Initiated GC) [PSYoungGen: 159474K->46979K(179200K)] 633444K->521681K(703488K), 0.0140686 secs] [Times: user=0.17 sys=0.01, real=0.01 secs] 
2016-09-24T02:44:44.903-0400: 76.055: [GC (GCLocker Initiated GC) [PSYoungGen: 143235K->52431K(148992K)] 626096K->554878K(673280K), 0.0103248 secs] [Times: user=0.12 sys=0.00, real=0.00 secs] 
2016-09-24T02:44:44.913-0400: 76.066: [Full GC (Ergonomics) [PSYoungGen: 52431K->0K(148992K)] [ParOldGen: 502447K->372271K(524288K)] 554878K->372271K(673280K), [Metaspace: 43857K->43857K(1087488K)], 0.0661672 secs] [Times: user=0.55 sys=0.04, real=0.07 secs] 
2016-09-24T02:44:45.048-0400: 76.200: [GC (GCLocker Initiated GC) [PSYoungGen: 96255K->55415K(178176K)] 475514K->434674K(702464K), 0.0071548 secs] [Times: user=0.07 sys=0.02, real=0.01 secs] 
2016-09-24T02:44:45.112-0400: 76.265: [GC (GCLocker Initiated GC) [PSYoungGen: 154231K->67226K(176640K)] 533501K->448741K(700928K), 0.0069810 secs] [Times: user=0.10 sys=0.00, real=0.01 secs] 
2016-09-24T02:44:45.177-0400: 76.330: [GC (GCLocker Initiated GC) [PSYoungGen: 166042K->67467K(177152K)] 550443K->452479K(701440K), 0.0067354 secs] [Times: user=0.09 sys=0.00, real=0.01 secs] 
2016-09-24T02:44:45.239-0400: 76.391: [GC (GCLocker Initiated GC) [PSYoungGen: 163723K->70791K(167424K)] 551567K->458635K(691712K), 0.0067929 secs] [Times: user=0.11 sys=0.00, real=0.01 secs] 
2016-09-24T02:44:45.302-0400: 76.455: [GC (GCLocker Initiated GC) [PSYoungGen: 167047K->84911K(174080K)] 554978K->489049K(698368K), 0.0086411 secs] [Times: user=0.11 sys=0.01, real=0.00 secs] 
2016-09-24T02:44:45.363-0400: 76.516: [GC (GCLocker Initiated GC) [PSYoungGen: 172975K->73339K(175104K)] 577288K->492517K(699392K), 0.0068674 secs] [Times: user=0.10 sys=0.01, real=0.00 secs] 
2016-09-24T02:44:45.426-0400: 76.579: [GC (GCLocker Initiated GC) [PSYoungGen: 161403K->47093K(175104K)] 583432K->502831K(699392K), 0.0076086 secs] [Times: user=0.11 sys=0.00, real=0.00 secs] 
2016-09-24T02:44:45.490-0400: 76.642: [GC (GCLocker Initiated GC) [PSYoungGen: 135157K->44395K(175104K)] 596433K->528000K(699392K), 0.0063834 secs] [Times: user=0.08 sys=0.00, real=0.01 secs] 
2016-09-24T02:44:45.496-0400: 76.649: [Full GC (Ergonomics) [PSYoungGen: 44395K->0K(175104K)] [ParOldGen: 483604K->379857K(524288K)] 528000K->379857K(699392K), [Metaspace: 43861K->43861K(1087488K)], 0.0617505 secs] [Times: user=0.65 sys=0.00, real=0.06 secs] 
2016-09-24T02:44:45.614-0400: 76.766: [GC (GCLocker Initiated GC) [PSYoungGen: 88064K->62269K(175104K)] 468025K->442230K(699392K), 0.0070571 secs] [Times: user=0.09 sys=0.00, real=0.01 secs] 
2016-09-24T02:44:45.677-0400: 76.829: [GC (GCLocker Initiated GC) [PSYoungGen: 150333K->75393K(175104K)] 533029K->460439K(699392K), 0.0119035 secs] [Times: user=0.16 sys=0.00, real=0.01 secs] 
2016-09-24T02:44:45.745-0400: 76.897: [GC (GCLocker Initiated GC) [PSYoungGen: 163457K->57743K(175104K)] 552636K->458377K(699392K), 0.0094118 secs] [Times: user=0.10 sys=0.00, real=0.00 secs] 
2016-09-24T02:44:45.812-0400: 76.965: [GC (GCLocker Initiated GC) [PSYoungGen: 145807K->53887K(175104K)] 550567K->470090K(699392K), 0.0128226 secs] [Times: user=0.16 sys=0.00, real=0.02 secs] 
2016-09-24T02:44:45.882-0400: 77.034: [GC (GCLocker Initiated GC) [PSYoungGen: 141951K->42935K(175104K)] 558341K->476249K(699392K), 0.0059544 secs] [Times: user=0.07 sys=0.00, real=0.01 secs] 
2016-09-24T02:44:45.947-0400: 77.099: [GC (GCLocker Initiated GC) [PSYoungGen: 130999K->52751K(175104K)] 567102K->500347K(699392K), 0.0059529 secs] [Times: user=0.06 sys=0.00, real=0.00 secs] 
2016-09-24T02:44:46.016-0400: 77.168: [GC (GCLocker Initiated GC) [PSYoungGen: 140815K->59264K(169984K)] 592091K->533006K(694272K), 0.0076575 secs] [Times: user=0.11 sys=0.00, real=0.01 secs] 
2016-09-24T02:44:46.079-0400: 77.231: [GC (GCLocker Initiated GC) [PSYoungGen: 147328K->67268K(172544K)] 623948K->555382K(696832K), 0.0092261 secs] [Times: user=0.13 sys=0.01, real=0.01 secs] 
2016-09-24T02:44:46.148-0400: 77.301: [GC (GCLocker Initiated GC) [PSYoungGen: 155332K->64536K(177152K)] 643509K->566842K(701440K), 0.0081544 secs] [Times: user=0.12 sys=0.00, real=0.01 secs] 
2016-09-24T02:44:46.157-0400: 77.309: [Full GC (Ergonomics) [PSYoungGen: 64536K->0K(177152K)] [ParOldGen: 502306K->379950K(524288K)] 566842K->379950K(701440K), [Metaspace: 43861K->43861K(1087488K)], 0.0810032 secs] [Times: user=0.88 sys=0.03, real=0.08 secs] 
2016-09-24T02:44:46.296-0400: 77.448: [GC (GCLocker Initiated GC) [PSYoungGen: 91648K->54198K(145920K)] 479730K->442280K(670208K), 0.0195179 secs] [Times: user=0.28 sys=0.00, real=0.02 secs] 
2016-09-24T02:44:46.379-0400: 77.532: [GC (GCLocker Initiated GC) [PSYoungGen: 145846K->49746K(176128K)] 533936K->455184K(700416K), 0.0061805 secs] [Times: user=0.07 sys=0.01, real=0.01 secs] 
2016-09-24T02:44:46.455-0400: 77.608: [GC (GCLocker Initiated GC) [PSYoungGen: 142418K->40557K(175104K)] 564283K->463120K(699392K), 0.0047048 secs] [Times: user=0.06 sys=0.00, real=0.00 secs] 
2016-09-24T02:44:46.510-0400: 77.663: [GC (GCLocker Initiated GC) [PSYoungGen: 133229K->58551K(177152K)] 558531K->483853K(701440K), 0.0102911 secs] [Times: user=0.14 sys=0.00, real=0.01 secs] 
2016-09-24T02:44:46.575-0400: 77.728: [GC (GCLocker Initiated GC) [PSYoungGen: 155319K->80044K(177152K)] 580674K->506246K(701440K), 0.0071944 secs] [Times: user=0.09 sys=0.01, real=0.01 secs] 
2016-09-24T02:44:46.641-0400: 77.793: [GC (GCLocker Initiated GC) [PSYoungGen: 176812K->59205K(177152K)] 605858K->511075K(701440K), 0.0079717 secs] [Times: user=0.09 sys=0.02, real=0.01 secs] 
2016-09-24T02:44:46.704-0400: 77.857: [GC (GCLocker Initiated GC) [PSYoungGen: 151365K->38940K(131584K)] 612879K->517362K(655872K), 0.0077954 secs] [Times: user=0.08 sys=0.00, real=0.00 secs] 
2016-09-24T02:44:46.767-0400: 77.920: [GC (GCLocker Initiated GC) [PSYoungGen: 131100K->68655K(173568K)] 609714K->548065K(697856K), 0.0071191 secs] [Times: user=0.10 sys=0.00, real=0.01 secs] 
2016-09-24T02:44:46.832-0400: 77.984: [GC (GCLocker Initiated GC) [PSYoungGen: 156719K->66017K(175104K)] 636322K->546304K(699392K), 0.0066443 secs] [Times: user=0.08 sys=0.01, real=0.01 secs] 
2016-09-24T02:44:46.891-0400: 78.043: [GC (GCLocker Initiated GC) [PSYoungGen: 154081K->61845K(172032K)] 634462K->556471K(696320K), 0.0078778 secs] [Times: user=0.11 sys=0.00, real=0.01 secs] 
2016-09-24T02:44:46.899-0400: 78.051: [Full GC (Ergonomics) [PSYoungGen: 61845K->0K(172032K)] [ParOldGen: 494625K->386415K(524288K)] 556471K->386415K(696320K), [Metaspace: 43865K->43865K(1087488K)], 0.0733328 secs] [Times: user=0.81 sys=0.00, real=0.07 secs] 
2016-09-24T02:44:47.027-0400: 78.179: [GC (GCLocker Initiated GC) [PSYoungGen: 88064K->56782K(173568K)] 486761K->455479K(697856K), 0.0059657 secs] [Times: user=0.08 sys=0.00, real=0.00 secs] 
2016-09-24T02:44:47.079-0400: 78.231: [GC (GCLocker Initiated GC) [PSYoungGen: 144846K->81820K(171520K)] 551772K->488746K(695808K), 0.0113362 secs] [Times: user=0.15 sys=0.00, real=0.01 secs] 
2016-09-24T02:44:47.144-0400: 78.296: [GC (GCLocker Initiated GC) [PSYoungGen: 169884K->52454K(175104K)] 579523K->498773K(699392K), 0.0078924 secs] [Times: user=0.12 sys=0.00, real=0.00 secs] 
2016-09-24T02:44:47.200-0400: 78.352: [GC (GCLocker Initiated GC) [PSYoungGen: 140518K->69982K(175104K)] 586862K->517007K(699392K), 0.0076113 secs] [Times: user=0.11 sys=0.00, real=0.01 secs] 
2016-09-24T02:44:47.260-0400: 78.412: [GC (GCLocker Initiated GC) [PSYoungGen: 158046K->80817K(175104K)] 605137K->528511K(699392K), 0.0073457 secs] [Times: user=0.12 sys=0.01, real=0.01 secs] 
2016-09-24T02:44:47.316-0400: 78.468: [GC (GCLocker Initiated GC) [PSYoungGen: 168881K->74001K(175104K)] 616670K->541409K(699392K), 0.0087442 secs] [Times: user=0.12 sys=0.00, real=0.01 secs] 
2016-09-24T02:44:47.374-0400: 78.527: [GC (GCLocker Initiated GC) [PSYoungGen: 162065K->60473K(175104K)] 632179K->552751K(699392K), 0.0072742 secs] [Times: user=0.10 sys=0.00, real=0.00 secs] 
2016-09-24T02:44:47.382-0400: 78.534: [Full GC (Ergonomics) [PSYoungGen: 60473K->0K(175104K)] [ParOldGen: 492278K->395729K(524288K)] 552751K->395729K(699392K), [Metaspace: 43865K->43865K(1087488K)], 0.0585604 secs] [Times: user=0.62 sys=0.01, real=0.06 secs] 
2016-09-24T02:44:47.497-0400: 78.649: [GC (Allocation Failure) [PSYoungGen: 88064K->48866K(175104K)] 490616K->451419K(699392K), 0.0058981 secs] [Times: user=0.08 sys=0.00, real=0.01 secs] 
2016-09-24T02:44:47.560-0400: 78.712: [GC (GCLocker Initiated GC) [PSYoungGen: 135884K->47119K(175104K)] 541136K->468364K(699392K), 0.0072258 secs] [Times: user=0.09 sys=0.00, real=0.01 secs] 
2016-09-24T02:44:47.618-0400: 78.770: [GC (GCLocker Initiated GC) [PSYoungGen: 135183K->51151K(175104K)] 559173K->475721K(699392K), 0.0077596 secs] [Times: user=0.06 sys=0.01, real=0.01 secs] 
2016-09-24T02:44:47.686-0400: 78.838: [GC (GCLocker Initiated GC) [PSYoungGen: 139215K->48273K(175104K)] 569270K->480410K(699392K), 0.0231722 secs] [Times: user=0.34 sys=0.01, real=0.02 secs] 
2016-09-24T02:44:47.764-0400: 78.917: [GC (Allocation Failure) [PSYoungGen: 136337K->48421K(175104K)] 580455K->493192K(699392K), 0.0105962 secs] [Times: user=0.16 sys=0.00, real=0.01 secs] 
2016-09-24T02:44:47.775-0400: 78.928: [GC (GCLocker Initiated GC) [PSYoungGen: 48651K->96K(175104K)] 493423K->494349K(699392K), 0.0058428 secs] [Times: user=0.07 sys=0.00, real=0.00 secs] 
2016-09-24T02:44:47.781-0400: 78.934: [Full GC (Ergonomics) [PSYoungGen: 96K->0K(175104K)] [ParOldGen: 494253K->392352K(524288K)] 494349K->392352K(699392K), [Metaspace: 43865K->43865K(1087488K)], 0.0741533 secs] [Times: user=0.72 sys=0.03, real=0.08 secs] 
2016-09-24T02:44:47.905-0400: 79.058: [GC (GCLocker Initiated GC) [PSYoungGen: 87164K->61925K(175104K)] 484916K->459678K(699392K), 0.0078144 secs] [Times: user=0.11 sys=0.00, real=0.00 secs] 
2016-09-24T02:44:47.974-0400: 79.126: [GC (GCLocker Initiated GC) [PSYoungGen: 149989K->52289K(175104K)] 547935K->453677K(699392K), 0.0072103 secs] [Times: user=0.06 sys=0.01, real=0.01 secs] 
2016-09-24T02:44:48.035-0400: 79.187: [GC (GCLocker Initiated GC) [PSYoungGen: 140353K->55179K(175104K)] 548545K->463920K(699392K), 0.0059756 secs] [Times: user=0.09 sys=0.00, real=0.00 secs] 
2016-09-24T02:44:48.092-0400: 79.244: [GC (GCLocker Initiated GC) [PSYoungGen: 143243K->56498K(144896K)] 560217K->474137K(669184K), 0.0070719 secs] [Times: user=0.09 sys=0.00, real=0.01 secs] 
2016-09-24T02:44:48.163-0400: 79.315: [GC (GCLocker Initiated GC) [PSYoungGen: 144562K->64635K(172032K)] 571725K->500549K(696320K), 0.0077853 secs] [Times: user=0.10 sys=0.00, real=0.00 secs] 
2016-09-24T02:44:48.223-0400: 79.375: [GC (GCLocker Initiated GC) [PSYoungGen: 151675K->48430K(173056K)] 595927K->509601K(697344K), 0.0101893 secs] [Times: user=0.15 sys=0.00, real=0.00 secs] 
2016-09-24T02:44:48.295-0400: 79.447: [GC (GCLocker Initiated GC) [PSYoungGen: 135470K->64569K(174080K)] 603484K->533161K(698368K), 0.0189297 secs] [Times: user=0.26 sys=0.00, real=0.01 secs] 
2016-09-24T02:44:48.364-0400: 79.517: [GC (GCLocker Initiated GC) [PSYoungGen: 154681K->65884K(175104K)] 628816K->551490K(699392K), 0.0069357 secs] [Times: user=0.09 sys=0.01, real=0.00 secs] 
2016-09-24T02:44:48.425-0400: 79.578: [GC (GCLocker Initiated GC) [PSYoungGen: 155996K->61806K(176128K)] 641694K->561600K(700416K), 0.0075913 secs] [Times: user=0.10 sys=0.00, real=0.00 secs] 
2016-09-24T02:44:48.433-0400: 79.585: [Full GC (Ergonomics) [PSYoungGen: 61806K->0K(176128K)] [ParOldGen: 499794K->397143K(524288K)] 561600K->397143K(700416K), [Metaspace: 43865K->43865K(1087488K)], 0.0643924 secs] [Times: user=0.68 sys=0.00, real=0.07 secs] 
2016-09-24T02:44:48.549-0400: 79.701: [GC (GCLocker Initiated GC) [PSYoungGen: 91136K->82373K(173568K)] 488350K->479588K(697856K), 0.0082857 secs] [Times: user=0.12 sys=0.00, real=0.01 secs] 
2016-09-24T02:44:48.610-0400: 79.762: [GC (GCLocker Initiated GC) [PSYoungGen: 173509K->50876K(175104K)] 570752K->455727K(699392K), 0.0067094 secs] [Times: user=0.08 sys=0.00, real=0.01 secs] 
2016-09-24T02:44:48.674-0400: 79.826: [GC (GCLocker Initiated GC) [PSYoungGen: 138940K->44030K(175104K)] 549246K->457570K(699392K), 0.0096574 secs] [Times: user=0.10 sys=0.01, real=0.02 secs] 
2016-09-24T02:44:48.739-0400: 79.891: [GC (GCLocker Initiated GC) [PSYoungGen: 132094K->40112K(175104K)] 552435K->488066K(699392K), 0.0058256 secs] [Times: user=0.08 sys=0.00, real=0.01 secs] 
2016-09-24T02:44:48.800-0400: 79.952: [GC (Allocation Failure) [PSYoungGen: 128176K->48242K(175104K)] 588399K->522490K(699392K), 0.0067348 secs] [Times: user=0.08 sys=0.01, real=0.01 secs] 
2016-09-24T02:44:48.807-0400: 79.960: [GC (GCLocker Initiated GC) [PSYoungGen: 48407K->320K(175104K)] 522656K->523843K(699392K), 0.0048405 secs] [Times: user=0.06 sys=0.00, real=0.00 secs] 
2016-09-24T02:44:48.812-0400: 79.965: [Full GC (Ergonomics) [PSYoungGen: 320K->0K(175104K)] [ParOldGen: 523523K->402246K(524288K)] 523843K->402246K(699392K), [Metaspace: 43870K->43870K(1087488K)], 0.0645846 secs] [Times: user=0.73 sys=0.01, real=0.07 secs] 
2016-09-24T02:44:48.923-0400: 80.076: [GC (GCLocker Initiated GC) [PSYoungGen: 88064K->72959K(175104K)] 490319K->475214K(699392K), 0.0064513 secs] [Times: user=0.09 sys=0.00, real=0.00 secs] 
2016-09-24T02:44:48.984-0400: 80.137: [GC (GCLocker Initiated GC) [PSYoungGen: 161023K->69879K(175104K)] 563384K->473152K(699392K), 0.0099198 secs] [Times: user=0.14 sys=0.01, real=0.01 secs] 
2016-09-24T02:44:49.044-0400: 80.196: [GC (GCLocker Initiated GC) [PSYoungGen: 157943K->69917K(175104K)] 561231K->473777K(699392K), 0.0063115 secs] [Times: user=0.08 sys=0.00, real=0.00 secs] 
2016-09-24T02:44:49.104-0400: 80.257: [GC (GCLocker Initiated GC) [PSYoungGen: 157981K->59309K(175104K)] 566140K->476210K(699392K), 0.0065377 secs] [Times: user=0.09 sys=0.00, real=0.00 secs] 
2016-09-24T02:44:49.160-0400: 80.312: [GC (GCLocker Initiated GC) [PSYoungGen: 147373K->64514K(175104K)] 568381K->497084K(699392K), 0.0075615 secs] [Times: user=0.10 sys=0.00, real=0.01 secs] 
2016-09-24T02:44:49.221-0400: 80.374: [GC (GCLocker Initiated GC) [PSYoungGen: 152578K->52336K(175104K)] 587952K->488286K(699392K), 0.0057530 secs] [Times: user=0.07 sys=0.00, real=0.01 secs] 
2016-09-24T02:44:49.283-0400: 80.436: [GC (GCLocker Initiated GC) [PSYoungGen: 140400K->55131K(175104K)] 579275K->494695K(699392K), 0.0097181 secs] [Times: user=0.16 sys=0.01, real=0.00 secs] 
2016-09-24T02:44:49.348-0400: 80.500: [GC (GCLocker Initiated GC) [PSYoungGen: 143195K->67250K(175104K)] 586974K->514434K(699392K), 0.0072905 secs] [Times: user=0.10 sys=0.01, real=0.01 secs] 
2016-09-24T02:44:49.416-0400: 80.569: [GC (GCLocker Initiated GC) [PSYoungGen: 155314K->57866K(175104K)] 603311K->528073K(699392K), 0.0066353 secs] [Times: user=0.08 sys=0.00, real=0.01 secs] 
2016-09-24T02:44:49.486-0400: 80.639: [GC (GCLocker Initiated GC) [PSYoungGen: 145930K->43216K(175104K)] 632549K->538637K(699392K), 0.0053690 secs] [Times: user=0.07 sys=0.00, real=0.00 secs] 
2016-09-24T02:44:49.492-0400: 80.644: [Full GC (Ergonomics) [PSYoungGen: 43216K->0K(175104K)] [ParOldGen: 495421K->410658K(524288K)] 538637K->410658K(699392K), [Metaspace: 43870K->43870K(1087488K)], 0.0550558 secs] [Times: user=0.52 sys=0.00, real=0.06 secs] 
2016-09-24T02:44:49.597-0400: 80.749: [GC (GCLocker Initiated GC) [PSYoungGen: 88064K->78499K(175104K)] 498814K->489250K(699392K), 0.0063241 secs] [Times: user=0.08 sys=0.01, real=0.01 secs] 
2016-09-24T02:44:49.661-0400: 80.813: [GC (GCLocker Initiated GC) [PSYoungGen: 166563K->67417K(175104K)] 578727K->502266K(699392K), 0.0097259 secs] [Times: user=0.15 sys=0.00, real=0.01 secs] 
2016-09-24T02:44:49.718-0400: 80.870: [GC (GCLocker Initiated GC) [PSYoungGen: 155481K->53760K(175104K)] 590389K->519083K(699392K), 0.0094316 secs] [Times: user=0.09 sys=0.00, real=0.01 secs] 
2016-09-24T02:44:49.791-0400: 80.944: [GC (GCLocker Initiated GC) [PSYoungGen: 141824K->36178K(175104K)] 607181K->521042K(699392K), 0.0095105 secs] [Times: user=0.08 sys=0.01, real=0.01 secs] 
2016-09-24T02:44:49.801-0400: 80.953: [Full GC (Ergonomics) [PSYoungGen: 36178K->0K(175104K)] [ParOldGen: 484863K->402092K(524288K)] 521042K->402092K(699392K), [Metaspace: 43870K->43870K(1087488K)], 0.0510475 secs] [Times: user=0.50 sys=0.00, real=0.05 secs] 
2016-09-24T02:44:49.899-0400: 81.052: [GC (GCLocker Initiated GC) [PSYoungGen: 88064K->66500K(175104K)] 490188K->468625K(699392K), 0.0057896 secs] [Times: user=0.09 sys=0.00, real=0.01 secs] 
2016-09-24T02:44:49.961-0400: 81.113: [GC (GCLocker Initiated GC) [PSYoungGen: 154564K->40088K(175104K)] 559391K->451590K(699392K), 0.0057391 secs] [Times: user=0.05 sys=0.00, real=0.01 secs] 
2016-09-24T02:44:50.025-0400: 81.178: [GC (GCLocker Initiated GC) [PSYoungGen: 128152K->56584K(175104K)] 545120K->475576K(699392K), 0.0066688 secs] [Times: user=0.09 sys=0.00, real=0.00 secs] 
2016-09-24T02:44:50.082-0400: 81.235: [GC (GCLocker Initiated GC) [PSYoungGen: 144648K->51008K(171008K)] 569182K->478930K(695296K), 0.0064556 secs] [Times: user=0.07 sys=0.00, real=0.00 secs] 
2016-09-24T02:44:50.143-0400: 81.295: [GC (Allocation Failure) [PSYoungGen: 139072K->82872K(173056K)] 567190K->513691K(697344K), 0.0098628 secs] [Times: user=0.13 sys=0.00, real=0.00 secs] 
2016-09-24T02:44:50.202-0400: 81.354: [GC (GCLocker Initiated GC) [PSYoungGen: 168525K->40343K(175104K)] 604744K->507590K(699392K), 0.0076307 secs] [Times: user=0.07 sys=0.00, real=0.01 secs] 
2016-09-24T02:44:50.269-0400: 81.422: [GC (GCLocker Initiated GC) [PSYoungGen: 128407K->68790K(175104K)] 595688K->536841K(699392K), 0.0069894 secs] [Times: user=0.10 sys=0.00, real=0.01 secs] 
2016-09-24T02:44:50.330-0400: 81.483: [GC (GCLocker Initiated GC) [PSYoungGen: 156854K->48584K(175104K)] 633163K->539194K(699392K), 0.0109191 secs] [Times: user=0.13 sys=0.01, real=0.01 secs] 
2016-09-24T02:44:50.341-0400: 81.494: [Full GC (Ergonomics) [PSYoungGen: 48584K->0K(175104K)] [ParOldGen: 490610K->418190K(524288K)] 539194K->418190K(699392K), [Metaspace: 43870K->43870K(1087488K)], 0.0639308 secs] [Times: user=0.67 sys=0.00, real=0.07 secs] 
2016-09-24T02:44:50.462-0400: 81.614: [GC (GCLocker Initiated GC) [PSYoungGen: 88064K->67729K(175104K)] 506474K->486140K(699392K), 0.0069935 secs] [Times: user=0.08 sys=0.00, real=0.01 secs] 
2016-09-24T02:44:50.520-0400: 81.673: [GC (GCLocker Initiated GC) [PSYoungGen: 155793K->75612K(175104K)] 574248K->495166K(699392K), 0.0072138 secs] [Times: user=0.11 sys=0.00, real=0.01 secs] 
2016-09-24T02:44:50.578-0400: 81.731: [GC (GCLocker Initiated GC) [PSYoungGen: 163676K->67381K(175104K)] 583336K->487907K(699392K), 0.0068913 secs] [Times: user=0.09 sys=0.00, real=0.01 secs] 
2016-09-24T02:44:50.642-0400: 81.794: [GC (GCLocker Initiated GC) [PSYoungGen: 155445K->72781K(175104K)] 576013K->494092K(699392K), 0.0072092 secs] [Times: user=0.10 sys=0.00, real=0.01 secs] 
2016-09-24T02:44:50.710-0400: 81.862: [GC (GCLocker Initiated GC) [PSYoungGen: 160845K->52620K(175104K)] 586280K->495005K(699392K), 0.0060301 secs] [Times: user=0.08 sys=0.00, real=0.01 secs] 
2016-09-24T02:44:50.767-0400: 81.919: [GC (GCLocker Initiated GC) [PSYoungGen: 140684K->48502K(175104K)] 588536K->510766K(699392K), 0.0089774 secs] [Times: user=0.12 sys=0.00, real=0.01 secs] 
2016-09-24T02:44:50.826-0400: 81.978: [GC (GCLocker Initiated GC) [PSYoungGen: 136566K->62039K(175104K)] 601682K->527952K(699392K), 0.0099730 secs] [Times: user=0.15 sys=0.01, real=0.01 secs] 
2016-09-24T02:44:50.893-0400: 82.045: [GC (GCLocker Initiated GC) [PSYoungGen: 150103K->66122K(175104K)] 617416K->534131K(699392K), 0.0070426 secs] [Times: user=0.12 sys=0.00, real=0.01 secs] 
2016-09-24T02:44:50.954-0400: 82.107: [GC (GCLocker Initiated GC) [PSYoungGen: 154186K->66086K(175104K)] 622210K->537644K(699392K), 0.0069330 secs] [Times: user=0.07 sys=0.00, real=0.00 secs] 
2016-09-24T02:44:51.030-0400: 82.182: [GC (GCLocker Initiated GC) [PSYoungGen: 154150K->63529K(175104K)] 639300K->549500K(699392K), 0.0063695 secs] [Times: user=0.09 sys=0.00, real=0.01 secs] 
2016-09-24T02:44:51.090-0400: 82.243: [GC (GCLocker Initiated GC) [PSYoungGen: 151593K->57638K(145920K)] 644336K->550381K(670208K), 0.0063450 secs] [Times: user=0.09 sys=0.00, real=0.01 secs] 
2016-09-24T02:44:51.154-0400: 82.306: [GC (GCLocker Initiated GC) [PSYoungGen: 145702K->82621K(171008K)] 638489K->586208K(695296K), 0.0081101 secs] [Times: user=0.12 sys=0.01, real=0.01 secs] 
2016-09-24T02:44:51.162-0400: 82.315: [Full GC (Ergonomics) [PSYoungGen: 82621K->0K(171008K)] [ParOldGen: 503586K->424252K(524288K)] 586208K->424252K(695296K), [Metaspace: 43870K->43870K(1087488K)], 0.0628070 secs] [Times: user=0.73 sys=0.02, real=0.07 secs] 
2016-09-24T02:44:51.280-0400: 82.432: [GC (GCLocker Initiated GC) [PSYoungGen: 86016K->57197K(173056K)] 515735K->486916K(697344K), 0.0057954 secs] [Times: user=0.06 sys=0.00, real=0.01 secs] 
2016-09-24T02:44:51.346-0400: 82.499: [GC (GCLocker Initiated GC) [PSYoungGen: 143213K->74345K(175104K)] 573055K->506952K(699392K), 0.0074725 secs] [Times: user=0.12 sys=0.00, real=0.00 secs] 
2016-09-24T02:44:51.415-0400: 82.567: [GC (GCLocker Initiated GC) [PSYoungGen: 162409K->70331K(175104K)] 595027K->517438K(699392K), 0.0079972 secs] [Times: user=0.09 sys=0.00, real=0.01 secs] 
2016-09-24T02:44:51.477-0400: 82.629: [GC (GCLocker Initiated GC) [PSYoungGen: 158395K->82409K(175104K)] 608280K->533303K(699392K), 0.0107457 secs] [Times: user=0.15 sys=0.00, real=0.01 secs] 
2016-09-24T02:44:51.542-0400: 82.695: [GC (GCLocker Initiated GC) [PSYoungGen: 170473K->58103K(175104K)] 621400K->528811K(699392K), 0.0071677 secs] [Times: user=0.08 sys=0.00, real=0.00 secs] 
2016-09-24T02:44:51.605-0400: 82.757: [GC (GCLocker Initiated GC) [PSYoungGen: 146167K->59453K(175104K)] 616950K->552767K(699392K), 0.0063446 secs] [Times: user=0.09 sys=0.00, real=0.00 secs] 
2016-09-24T02:44:51.611-0400: 82.764: [Full GC (Ergonomics) [PSYoungGen: 59453K->0K(175104K)] [ParOldGen: 493314K->400529K(524288K)] 552767K->400529K(699392K), [Metaspace: 43870K->43870K(1087488K)], 0.0891348 secs] [Times: user=0.91 sys=0.01, real=0.09 secs] 
2016-09-24T02:44:51.755-0400: 82.908: [GC (GCLocker Initiated GC) [PSYoungGen: 88064K->73550K(175104K)] 488803K->474289K(699392K), 0.0070955 secs] [Times: user=0.09 sys=0.00, real=0.01 secs] 
2016-09-24T02:44:51.823-0400: 82.975: [GC (GCLocker Initiated GC) [PSYoungGen: 161614K->72952K(175104K)] 562399K->488741K(699392K), 0.0081510 secs] [Times: user=0.10 sys=0.01, real=0.00 secs] 
2016-09-24T02:44:51.890-0400: 83.043: [GC (GCLocker Initiated GC) [PSYoungGen: 161016K->41739K(175104K)] 583657K->495002K(699392K), 0.0078109 secs] [Times: user=0.09 sys=0.01, real=0.01 secs] 
2016-09-24T02:44:51.947-0400: 83.100: [GC (GCLocker Initiated GC) [PSYoungGen: 129803K->61964K(175104K)] 586007K->518983K(699392K), 0.0065216 secs] [Times: user=0.08 sys=0.01, real=0.00 secs] 
2016-09-24T02:44:52.007-0400: 83.159: [GC (GCLocker Initiated GC) [PSYoungGen: 150028K->53801K(175104K)] 609762K->514301K(699392K), 0.0075759 secs] [Times: user=0.07 sys=0.00, real=0.01 secs] 
2016-09-24T02:44:52.085-0400: 83.237: [GC (GCLocker Initiated GC) [PSYoungGen: 141865K->54058K(175104K)] 614686K->527678K(699392K), 0.0066070 secs] [Times: user=0.07 sys=0.00, real=0.00 secs] 
2016-09-24T02:44:52.146-0400: 83.298: [GC (GCLocker Initiated GC) [PSYoungGen: 142122K->58126K(175104K)] 621225K->551609K(699392K), 0.0065706 secs] [Times: user=0.09 sys=0.01, real=0.00 secs] 
2016-09-24T02:44:52.153-0400: 83.305: [Full GC (Ergonomics) [PSYoungGen: 58126K->0K(175104K)] [ParOldGen: 493482K->411486K(524288K)] 551609K->411486K(699392K), [Metaspace: 43870K->43870K(1087488K)], 0.0676740 secs] [Times: user=0.68 sys=0.00, real=0.07 secs] 
2016-09-24T02:44:52.288-0400: 83.441: [GC (GCLocker Initiated GC) [PSYoungGen: 88064K->59967K(169984K)] 507863K->479767K(694272K), 0.0100690 secs] [Times: user=0.14 sys=0.01, real=0.01 secs] 
2016-09-24T02:44:52.355-0400: 83.508: [GC (GCLocker Initiated GC) [PSYoungGen: 148031K->56617K(172544K)] 574702K->483288K(696832K), 0.0059669 secs] [Times: user=0.08 sys=0.00, real=0.00 secs] 
2016-09-24T02:44:52.417-0400: 83.569: [GC (GCLocker Initiated GC) [PSYoungGen: 144681K->76028K(172032K)] 571387K->502734K(696320K), 0.0103268 secs] [Times: user=0.16 sys=0.01, real=0.01 secs] 
2016-09-24T02:44:52.495-0400: 83.648: [GC (GCLocker Initiated GC) [PSYoungGen: 165116K->63172K(175616K)] 593574K->491630K(699904K), 0.0066891 secs] [Times: user=0.08 sys=0.00, real=0.01 secs] 
2016-09-24T02:44:52.557-0400: 83.709: [GC (GCLocker Initiated GC) [PSYoungGen: 152260K->79960K(172544K)] 580800K->508499K(696832K), 0.0074985 secs] [Times: user=0.11 sys=0.00, real=0.01 secs] 
2016-09-24T02:44:52.629-0400: 83.781: [GC (GCLocker Initiated GC) [PSYoungGen: 168024K->74105K(175104K)] 598040K->505426K(699392K), 0.0084174 secs] [Times: user=0.12 sys=0.00, real=0.01 secs] 
2016-09-24T02:44:52.700-0400: 83.852: [GC (GCLocker Initiated GC) [PSYoungGen: 162169K->64071K(175104K)] 598988K->510381K(699392K), 0.0171125 secs] [Times: user=0.20 sys=0.00, real=0.02 secs] 
2016-09-24T02:44:52.772-0400: 83.925: [GC (GCLocker Initiated GC) [PSYoungGen: 152135K->86633K(175104K)] 607926K->559984K(699392K), 0.0084349 secs] [Times: user=0.12 sys=0.00, real=0.01 secs] 
2016-09-24T02:44:52.839-0400: 83.992: [GC (GCLocker Initiated GC) --[PSYoungGen: 174697K->174697K(175104K)] 652215K->696993K(699392K), 0.0149297 secs] [Times: user=0.08 sys=0.01, real=0.02 secs] 
2016-09-24T02:44:52.854-0400: 84.007: [Full GC (Ergonomics) [PSYoungGen: 174697K->0K(175104K)] [ParOldGen: 522296K->415348K(524288K)] 696993K->415348K(699392K), [Metaspace: 43877K->43877K(1087488K)], 0.0711735 secs] [Times: user=0.70 sys=0.01, real=0.07 secs] 
2016-09-24T02:44:52.993-0400: 84.145: [GC (GCLocker Initiated GC) [PSYoungGen: 88064K->64181K(175104K)] 515689K->491807K(699392K), 0.0096927 secs] [Times: user=0.13 sys=0.00, real=0.02 secs] 
2016-09-24T02:44:53.059-0400: 84.211: [GC (GCLocker Initiated GC) [PSYoungGen: 152245K->64548K(175104K)] 579915K->512673K(699392K), 0.0067664 secs] [Times: user=0.10 sys=0.00, real=0.01 secs] 
2016-09-24T02:44:53.122-0400: 84.275: [GC (GCLocker Initiated GC) [PSYoungGen: 152612K->47355K(175104K)] 604834K->523153K(699392K), 0.0068544 secs] [Times: user=0.10 sys=0.01, real=0.00 secs] 
2016-09-24T02:44:53.190-0400: 84.342: [GC (GCLocker Initiated GC) [PSYoungGen: 135419K->48479K(175104K)] 611227K->525286K(699392K), 0.0055394 secs] [Times: user=0.06 sys=0.01, real=0.01 secs] 
2016-09-24T02:44:53.253-0400: 84.405: [GC (GCLocker Initiated GC) [PSYoungGen: 136543K->60743K(175104K)] 616494K->541491K(699392K), 0.0067524 secs] [Times: user=0.11 sys=0.00, real=0.01 secs] 
2016-09-24T02:44:53.316-0400: 84.468: [Full GC (Ergonomics) [PSYoungGen: 148807K->0K(175104K)] [ParOldGen: 492934K->422511K(524288K)] 641742K->422511K(699392K), [Metaspace: 43877K->43877K(1087488K)], 0.0572417 secs] [Times: user=0.51 sys=0.01, real=0.05 secs] 
2016-09-24T02:44:53.437-0400: 84.590: [GC (GCLocker Initiated GC) [PSYoungGen: 88064K->54411K(175104K)] 514639K->480986K(699392K), 0.0101622 secs] [Times: user=0.16 sys=0.00, real=0.01 secs] 
2016-09-24T02:44:53.515-0400: 84.668: [GC (GCLocker Initiated GC) [PSYoungGen: 142475K->53803K(173056K)] 573284K->484612K(697344K), 0.0100837 secs] [Times: user=0.15 sys=0.00, real=0.01 secs] 
2016-09-24T02:44:53.583-0400: 84.736: [GC (GCLocker Initiated GC) [PSYoungGen: 141867K->58598K(174080K)] 578117K->494847K(698368K), 0.0065546 secs] [Times: user=0.06 sys=0.00, real=0.00 secs] 
2016-09-24T02:44:53.650-0400: 84.803: [GC (GCLocker Initiated GC) [PSYoungGen: 146662K->51166K(175616K)] 583074K->487578K(699904K), 0.0056729 secs] [Times: user=0.07 sys=0.00, real=0.01 secs] 
2016-09-24T02:44:53.714-0400: 84.866: [GC (GCLocker Initiated GC) [PSYoungGen: 142814K->63942K(175104K)] 579400K->500528K(699392K), 0.0101928 secs] [Times: user=0.15 sys=0.00, real=0.02 secs] 
2016-09-24T02:44:53.776-0400: 84.928: [GC (GCLocker Initiated GC) [PSYoungGen: 155590K->70090K(175616K)] 592195K->506695K(699904K), 0.0071243 secs] [Times: user=0.10 sys=0.00, real=0.01 secs] 
2016-09-24T02:44:53.855-0400: 85.008: [GC (GCLocker Initiated GC) [PSYoungGen: 163274K->82941K(176128K)] 602657K->535823K(700416K), 0.0085314 secs] [Times: user=0.12 sys=0.00, real=0.01 secs] 
2016-09-24T02:44:53.929-0400: 85.081: [GC (GCLocker Initiated GC) [PSYoungGen: 176125K->72682K(174080K)] 637346K->538571K(698368K), 0.0093612 secs] [Times: user=0.11 sys=0.00, real=0.01 secs] 
2016-09-24T02:44:53.998-0400: 85.151: [GC (GCLocker Initiated GC) [PSYoungGen: 160746K->74686K(175104K)] 634796K->550229K(699392K), 0.0082946 secs] [Times: user=0.09 sys=0.01, real=0.01 secs] 
2016-09-24T02:44:54.082-0400: 85.235: [GC (GCLocker Initiated GC) [PSYoungGen: 162750K->67342K(175104K)] 641228K->560734K(699392K), 0.0083129 secs] [Times: user=0.11 sys=0.00, real=0.00 secs] 
2016-09-24T02:44:54.143-0400: 85.296: [GC (GCLocker Initiated GC) [PSYoungGen: 155406K->69148K(175104K)] 651566K->569770K(699392K), 0.0072405 secs] [Times: user=0.10 sys=0.01, real=0.00 secs] 
2016-09-24T02:44:54.210-0400: 85.362: [GC (GCLocker Initiated GC) [PSYoungGen: 157212K->69637K(175104K)] 657999K->572171K(699392K), 0.0086160 secs] [Times: user=0.08 sys=0.01, real=0.01 secs] 
2016-09-24T02:44:54.281-0400: 85.434: [GC (GCLocker Initiated GC) [PSYoungGen: 157701K->55203K(175104K)] 660439K->570268K(699392K), 0.0081791 secs] [Times: user=0.08 sys=0.00, real=0.01 secs] 
2016-09-24T02:44:54.290-0400: 85.442: [Full GC (Ergonomics) [PSYoungGen: 55203K->0K(175104K)] [ParOldGen: 515065K->429686K(524288K)] 570268K->429686K(699392K), [Metaspace: 43877K->43877K(1087488K)], 0.0760590 secs] [Times: user=0.72 sys=0.00, real=0.08 secs] 
2016-09-24T02:44:54.433-0400: 85.585: [GC (GCLocker Initiated GC) [PSYoungGen: 88064K->54788K(175104K)] 528724K->495457K(699392K), 0.0145995 secs] [Times: user=0.16 sys=0.01, real=0.02 secs] 
2016-09-24T02:44:54.509-0400: 85.662: [GC (GCLocker Initiated GC) [PSYoungGen: 142852K->59516K(147968K)] 591736K->520907K(672256K), 0.0069520 secs] [Times: user=0.09 sys=0.01, real=0.01 secs] 
2016-09-24T02:44:54.571-0400: 85.723: [GC (GCLocker Initiated GC) [PSYoungGen: 147580K->78191K(172032K)] 611715K->545964K(696320K), 0.0100960 secs] [Times: user=0.12 sys=0.00, real=0.01 secs] 
2016-09-24T02:44:54.642-0400: 85.794: [GC (GCLocker Initiated GC) [PSYoungGen: 164719K->32376K(173568K)] 641970K->513183K(697856K), 0.0071814 secs] [Times: user=0.05 sys=0.00, real=0.01 secs] 
2016-09-24T02:44:54.705-0400: 85.858: [GC (GCLocker Initiated GC) [PSYoungGen: 118904K->63376K(175104K)] 599864K->545276K(699392K), 0.0141661 secs] [Times: user=0.14 sys=0.00, real=0.01 secs] 
2016-09-24T02:44:54.774-0400: 85.927: [GC (GCLocker Initiated GC) [PSYoungGen: 151440K->44511K(175104K)] 634301K->541708K(699392K), 0.0155428 secs] [Times: user=0.18 sys=0.00, real=0.01 secs] 
2016-09-24T02:44:54.845-0400: 85.997: [Full GC (Ergonomics) [PSYoungGen: 132575K->0K(175104K)] [ParOldGen: 503993K->435651K(524288K)] 636568K->435651K(699392K), [Metaspace: 43880K->43880K(1087488K)], 0.0647465 secs] [Times: user=0.67 sys=0.01, real=0.06 secs] 
2016-09-24T02:44:54.986-0400: 86.139: [GC (GCLocker Initiated GC) [PSYoungGen: 88064K->46123K(175104K)] 529443K->487503K(699392K), 0.0061915 secs] [Times: user=0.07 sys=0.00, real=0.00 secs] 
2016-09-24T02:44:55.048-0400: 86.200: [GC (GCLocker Initiated GC) [PSYoungGen: 134187K->45704K(175104K)] 578374K->492478K(699392K), 0.0100118 secs] [Times: user=0.11 sys=0.01, real=0.01 secs] 
2016-09-24T02:44:55.123-0400: 86.276: [GC (GCLocker Initiated GC) [PSYoungGen: 133768K->70230K(175104K)] 587367K->532739K(699392K), 0.0088496 secs] [Times: user=0.14 sys=0.00, real=0.00 secs] 
2016-09-24T02:44:55.204-0400: 86.356: [GC (GCLocker Initiated GC) [PSYoungGen: 158294K->43247K(175104K)] 621548K->531741K(699392K), 0.0064989 secs] [Times: user=0.08 sys=0.00, real=0.00 secs] 
2016-09-24T02:44:55.267-0400: 86.419: [Full GC (Ergonomics) [PSYoungGen: 131311K->0K(175104K)] [ParOldGen: 502101K->414823K(524288K)] 633412K->414823K(699392K), [Metaspace: 43880K->43880K(1087488K)], 0.0878220 secs] [Times: user=0.81 sys=0.02, real=0.09 secs] 
2016-09-24T02:44:55.408-0400: 86.560: [GC (GCLocker Initiated GC) [PSYoungGen: 86769K->68933K(175104K)] 502943K->485107K(699392K), 0.0079168 secs] [Times: user=0.08 sys=0.00, real=0.01 secs] 
2016-09-24T02:44:55.468-0400: 86.621: [GC (GCLocker Initiated GC) [PSYoungGen: 156997K->47376K(175104K)] 582718K->490214K(699392K), 0.0086938 secs] [Times: user=0.11 sys=0.00, real=0.01 secs] 
2016-09-24T02:44:55.536-0400: 86.688: [GC (GCLocker Initiated GC) [PSYoungGen: 135440K->72874K(175104K)] 583817K->522151K(699392K), 0.0098714 secs] [Times: user=0.14 sys=0.00, real=0.01 secs] 
2016-09-24T02:44:55.601-0400: 86.753: [GC (GCLocker Initiated GC) [PSYoungGen: 160938K->74259K(175104K)] 610248K->524388K(699392K), 0.0064345 secs] [Times: user=0.07 sys=0.01, real=0.01 secs] 
2016-09-24T02:44:55.669-0400: 86.822: [GC (GCLocker Initiated GC) [PSYoungGen: 162323K->63427K(175104K)] 612491K->530634K(699392K), 0.0074996 secs] [Times: user=0.10 sys=0.00, real=0.01 secs] 
2016-09-24T02:44:55.738-0400: 86.890: [GC (GCLocker Initiated GC) [PSYoungGen: 151491K->36462K(175104K)] 627089K->523755K(699392K), 0.0057407 secs] [Times: user=0.08 sys=0.01, real=0.01 secs] 
2016-09-24T02:44:55.799-0400: 86.951: [GC (Allocation Failure) [PSYoungGen: 124526K->49895K(175104K)] 619977K->557069K(699392K), 0.0065533 secs] [Times: user=0.06 sys=0.00, real=0.01 secs] 
2016-09-24T02:44:55.805-0400: 86.958: [Full GC (Ergonomics) [PSYoungGen: 49895K->0K(175104K)] [ParOldGen: 507173K->428531K(524288K)] 557069K->428531K(699392K), [Metaspace: 43880K->43880K(1087488K)], 0.0627546 secs] [Times: user=0.68 sys=0.01, real=0.06 secs] 
2016-09-24T02:44:55.921-0400: 87.074: [GC (GCLocker Initiated GC) [PSYoungGen: 88064K->66439K(175104K)] 516602K->494978K(699392K), 0.0070978 secs] [Times: user=0.09 sys=0.00, real=0.01 secs] 
2016-09-24T02:44:55.983-0400: 87.135: [GC (GCLocker Initiated GC) [PSYoungGen: 154503K->70337K(175104K)] 587545K->504570K(699392K), 0.0066965 secs] [Times: user=0.10 sys=0.01, real=0.00 secs] 
2016-09-24T02:44:56.060-0400: 87.213: [GC (GCLocker Initiated GC) [PSYoungGen: 158401K->44397K(175104K)] 599538K->502749K(699392K), 0.0055798 secs] [Times: user=0.08 sys=0.00, real=0.01 secs] 
2016-09-24T02:44:56.121-0400: 87.274: [GC (GCLocker Initiated GC) [PSYoungGen: 132461K->64847K(175104K)] 593559K->526743K(699392K), 0.0064126 secs] [Times: user=0.09 sys=0.00, real=0.01 secs] 
2016-09-24T02:44:56.185-0400: 87.337: [GC (GCLocker Initiated GC) [PSYoungGen: 152911K->51494K(175104K)] 614824K->557580K(699392K), 0.0103423 secs] [Times: user=0.16 sys=0.00, real=0.01 secs] 
2016-09-24T02:44:56.195-0400: 87.348: [Full GC (Ergonomics) [PSYoungGen: 51494K->0K(175104K)] [ParOldGen: 506085K->429903K(524288K)] 557580K->429903K(699392K), [Metaspace: 43881K->43881K(1087488K)], 0.1301946 secs] [Times: user=1.73 sys=0.03, real=0.13 secs] 
2016-09-24T02:44:56.392-0400: 87.544: [GC (GCLocker Initiated GC) [PSYoungGen: 88064K->48825K(175104K)] 520895K->481656K(699392K), 0.0074157 secs] [Times: user=0.09 sys=0.00, real=0.01 secs] 
2016-09-24T02:44:56.460-0400: 87.612: [GC (GCLocker Initiated GC) [PSYoungGen: 136889K->63483K(151552K)] 569768K->497585K(675840K), 0.0062064 secs] [Times: user=0.08 sys=0.00, real=0.01 secs] 
2016-09-24T02:44:56.526-0400: 87.678: [GC (GCLocker Initiated GC) [PSYoungGen: 151547K->64324K(174592K)] 586276K->499053K(698880K), 0.0084685 secs] [Times: user=0.09 sys=0.00, real=0.01 secs] 
2016-09-24T02:44:56.590-0400: 87.743: [GC (GCLocker Initiated GC) [PSYoungGen: 152388K->65005K(174592K)] 587153K->499769K(698880K), 0.0066582 secs] [Times: user=0.07 sys=0.01, real=0.01 secs] 
2016-09-24T02:44:56.656-0400: 87.808: [GC (GCLocker Initiated GC) [PSYoungGen: 153069K->49800K(174080K)] 602706K->499437K(698368K), 0.0066757 secs] [Times: user=0.07 sys=0.00, real=0.01 secs] 
2016-09-24T02:44:56.725-0400: 87.878: [GC (GCLocker Initiated GC) [PSYoungGen: 139400K->57264K(174592K)] 589108K->506972K(698880K), 0.0184273 secs] [Times: user=0.22 sys=0.00, real=0.02 secs] 
2016-09-24T02:44:56.806-0400: 87.959: [GC (GCLocker Initiated GC) [PSYoungGen: 146864K->77014K(170496K)] 600774K->530924K(694784K), 0.0074370 secs] [Times: user=0.10 sys=0.00, real=0.00 secs] 
2016-09-24T02:44:56.867-0400: 88.019: [GC (GCLocker Initiated GC) [PSYoungGen: 165078K->61531K(175104K)] 621740K->518193K(699392K), 0.0081447 secs] [Times: user=0.07 sys=0.00, real=0.01 secs] 
2016-09-24T02:44:56.932-0400: 88.085: [GC (GCLocker Initiated GC) [PSYoungGen: 149595K->82777K(173056K)] 608991K->542173K(697344K), 0.0079879 secs] [Times: user=0.09 sys=0.01, real=0.01 secs] 
2016-09-24T02:44:56.996-0400: 88.148: [GC (GCLocker Initiated GC) [PSYoungGen: 170841K->81879K(175104K)] 630325K->543050K(699392K), 0.0101167 secs] [Times: user=0.11 sys=0.01, real=0.01 secs] 
2016-09-24T02:44:57.075-0400: 88.228: [GC (GCLocker Initiated GC) [PSYoungGen: 169943K->85160K(175104K)] 639290K->567055K(699392K), 0.0093745 secs] [Times: user=0.14 sys=0.00, real=0.01 secs] 
2016-09-24T02:44:57.146-0400: 88.298: [GC (GCLocker Initiated GC) [PSYoungGen: 173224K->84544K(175104K)] 663460K->603521K(699392K), 0.0174455 secs] [Times: user=0.26 sys=0.00, real=0.02 secs] 
2016-09-24T02:44:57.164-0400: 88.316: [Full GC (Ergonomics) [PSYoungGen: 84544K->0K(175104K)] [ParOldGen: 518977K->442386K(524288K)] 603521K->442386K(699392K), [Metaspace: 43882K->43882K(1087488K)], 0.0738758 secs] [Times: user=0.64 sys=0.02, real=0.07 secs] 
2016-09-24T02:44:57.292-0400: 88.444: [GC (GCLocker Initiated GC) [PSYoungGen: 88064K->65137K(175104K)] 533351K->510424K(699392K), 0.0071612 secs] [Times: user=0.08 sys=0.01, real=0.01 secs] 
2016-09-24T02:44:57.358-0400: 88.511: [GC (Allocation Failure) [PSYoungGen: 153201K->75315K(175104K)] 598541K->520656K(699392K), 0.0071687 secs] [Times: user=0.10 sys=0.00, real=0.01 secs] 
2016-09-24T02:44:57.366-0400: 88.519: [GC (GCLocker Initiated GC) [PSYoungGen: 75564K->74237K(175104K)] 520904K->524794K(699392K), 0.0070689 secs] [Times: user=0.11 sys=0.00, real=0.00 secs] 
2016-09-24T02:44:57.434-0400: 88.586: [GC (GCLocker Initiated GC) [PSYoungGen: 161460K->48591K(175104K)] 614718K->505413K(699392K), 0.0059859 secs] [Times: user=0.07 sys=0.00, real=0.01 secs] 
2016-09-24T02:44:57.506-0400: 88.658: [GC (GCLocker Initiated GC) [PSYoungGen: 136655K->48579K(175104K)] 603002K->518591K(699392K), 0.0060684 secs] [Times: user=0.08 sys=0.01, real=0.00 secs] 
2016-09-24T02:44:57.570-0400: 88.722: [GC (GCLocker Initiated GC) [PSYoungGen: 136643K->66207K(175104K)] 614915K->546654K(699392K), 0.0068193 secs] [Times: user=0.10 sys=0.00, real=0.01 secs] 
2016-09-24T02:44:57.635-0400: 88.788: [GC (GCLocker Initiated GC) [PSYoungGen: 154271K->57958K(175104K)] 634780K->550170K(699392K), 0.0068814 secs] [Times: user=0.08 sys=0.01, real=0.01 secs] 
2016-09-24T02:44:57.702-0400: 88.854: [GC (GCLocker Initiated GC) [PSYoungGen: 146022K->56789K(175104K)] 639654K->561951K(699392K), 0.0063826 secs] [Times: user=0.09 sys=0.00, real=0.01 secs] 
2016-09-24T02:44:57.708-0400: 88.861: [Full GC (Ergonomics) [PSYoungGen: 56789K->0K(175104K)] [ParOldGen: 505161K->439600K(524288K)] 561951K->439600K(699392K), [Metaspace: 43882K->43882K(1087488K)], 0.0539233 secs] [Times: user=0.52 sys=0.00, real=0.06 secs] 
2016-09-24T02:44:57.812-0400: 88.964: [GC (GCLocker Initiated GC) [PSYoungGen: 88064K->74685K(175104K)] 527834K->514456K(699392K), 0.0072132 secs] [Times: user=0.10 sys=0.01, real=0.01 secs] 
2016-09-24T02:44:57.876-0400: 89.028: [GC (GCLocker Initiated GC) [PSYoungGen: 162749K->37746K(175104K)] 612333K->503485K(699392K), 0.0078793 secs] [Times: user=0.10 sys=0.00, real=0.01 secs] 
2016-09-24T02:44:57.940-0400: 89.092: [GC (GCLocker Initiated GC) [PSYoungGen: 125810K->59389K(175104K)] 597015K->531450K(699392K), 0.0065484 secs] [Times: user=0.09 sys=0.00, real=0.01 secs] 
2016-09-24T02:44:58.005-0400: 89.158: [GC (GCLocker Initiated GC) [PSYoungGen: 147453K->64791K(175104K)] 619616K->537789K(699392K), 0.0072772 secs] [Times: user=0.07 sys=0.00, real=0.00 secs] 
2016-09-24T02:44:58.075-0400: 89.227: [GC (GCLocker Initiated GC) [PSYoungGen: 152855K->62106K(175104K)] 628662K->549549K(699392K), 0.0104411 secs] [Times: user=0.14 sys=0.00, real=0.01 secs] 
2016-09-24T02:44:58.142-0400: 89.295: [GC (GCLocker Initiated GC) [PSYoungGen: 150170K->67501K(175104K)] 639015K->565282K(699392K), 0.0075332 secs] [Times: user=0.09 sys=0.00, real=0.01 secs] 
2016-09-24T02:44:58.202-0400: 89.355: [GC (GCLocker Initiated GC) [PSYoungGen: 155565K->66135K(174080K)] 653487K->578468K(698368K), 0.0078733 secs] [Times: user=0.11 sys=0.01, real=0.00 secs] 
2016-09-24T02:44:58.210-0400: 89.363: [Full GC (Ergonomics) [PSYoungGen: 66135K->0K(174080K)] [ParOldGen: 512332K->450359K(524288K)] 578468K->450359K(698368K), [Metaspace: 43886K->43886K(1087488K)], 0.0569891 secs] [Times: user=0.51 sys=0.01, real=0.06 secs] 
2016-09-24T02:44:58.327-0400: 89.480: [GC (GCLocker Initiated GC) [PSYoungGen: 88064K->57164K(174592K)] 538500K->507601K(698880K), 0.0120552 secs] [Times: user=0.13 sys=0.01, real=0.01 secs] 
2016-09-24T02:44:58.399-0400: 89.551: [GC (GCLocker Initiated GC) [PSYoungGen: 145228K->45910K(174080K)] 606484K->507166K(698368K), 0.0082963 secs] [Times: user=0.07 sys=0.00, real=0.01 secs] 
2016-09-24T02:44:58.465-0400: 89.618: [GC (GCLocker Initiated GC) [PSYoungGen: 134998K->69650K(174592K)] 596283K->530935K(698880K), 0.0066973 secs] [Times: user=0.06 sys=0.00, real=0.00 secs] 
2016-09-24T02:44:58.531-0400: 89.684: [GC (GCLocker Initiated GC) [PSYoungGen: 158738K->84088K(174592K)] 620097K->556247K(698880K), 0.0105060 secs] [Times: user=0.13 sys=0.00, real=0.01 secs] 
2016-09-24T02:44:58.598-0400: 89.751: [GC (GCLocker Initiated GC) [PSYoungGen: 172152K->86050K(175104K)] 647370K->566764K(699392K), 0.0112391 secs] [Times: user=0.15 sys=0.00, real=0.01 secs] 
2016-09-24T02:44:58.657-0400: 89.810: [GC (GCLocker Initiated GC) [PSYoungGen: 174114K->64709K(175104K)] 654864K->557936K(699392K), 0.0075510 secs] [Times: user=0.09 sys=0.00, real=0.01 secs] 
2016-09-24T02:44:58.723-0400: 89.875: [GC (GCLocker Initiated GC) --[PSYoungGen: 152773K->152773K(175104K)] 648733K->674639K(699392K), 0.0107731 secs] [Times: user=0.08 sys=0.01, real=0.00 secs] 
2016-09-24T02:44:58.734-0400: 89.886: [Full GC (Ergonomics) [PSYoungGen: 152773K->0K(175104K)] [ParOldGen: 521866K->455500K(524288K)] 674639K->455500K(699392K), [Metaspace: 43888K->43888K(1087488K)], 0.0547731 secs] [Times: user=0.40 sys=0.00, real=0.06 secs] 
2016-09-24T02:44:58.843-0400: 89.995: [GC (GCLocker Initiated GC) [PSYoungGen: 88064K->40860K(175104K)] 547602K->500399K(699392K), 0.0166649 secs] [Times: user=0.22 sys=0.01, real=0.01 secs] 
2016-09-24T02:44:58.918-0400: 90.070: [GC (GCLocker Initiated GC) [PSYoungGen: 128924K->67453K(175104K)] 591199K->547326K(699392K), 0.0098994 secs] [Times: user=0.14 sys=0.00, real=0.01 secs] 
2016-09-24T02:44:58.985-0400: 90.137: [GC (GCLocker Initiated GC) [PSYoungGen: 155517K->59487K(175104K)] 643561K->567230K(699392K), 0.0072797 secs] [Times: user=0.10 sys=0.00, real=0.00 secs] 
2016-09-24T02:44:58.992-0400: 90.145: [Full GC (Ergonomics) [PSYoungGen: 59487K->0K(175104K)] [ParOldGen: 507743K->449559K(524288K)] 567230K->449559K(699392K), [Metaspace: 43888K->43888K(1087488K)], 0.0811034 secs] [Times: user=1.00 sys=0.00, real=0.08 secs] 
2016-09-24T02:44:59.121-0400: 90.274: [GC (GCLocker Initiated GC) [PSYoungGen: 88064K->83988K(175104K)] 540446K->536371K(699392K), 0.0105440 secs] [Times: user=0.13 sys=0.01, real=0.01 secs] 
2016-09-24T02:44:59.189-0400: 90.342: [GC (GCLocker Initiated GC) [PSYoungGen: 172052K->71513K(175104K)] 624482K->533177K(699392K), 0.0095936 secs] [Times: user=0.14 sys=0.00, real=0.01 secs] 
2016-09-24T02:44:59.257-0400: 90.410: [GC (GCLocker Initiated GC) [PSYoungGen: 159577K->52582K(175104K)] 621803K->537248K(699392K), 0.0069233 secs] [Times: user=0.11 sys=0.00, real=0.01 secs] 
2016-09-24T02:44:59.319-0400: 90.472: [GC (Allocation Failure) [PSYoungGen: 140646K->28336K(175104K)] 633840K->541224K(699392K), 0.0055533 secs] [Times: user=0.06 sys=0.01, real=0.01 secs] 
2016-09-24T02:44:59.325-0400: 90.478: [Full GC (Ergonomics) [PSYoungGen: 28336K->0K(175104K)] [ParOldGen: 512887K->437611K(524288K)] 541224K->437611K(699392K), [Metaspace: 43888K->43888K(1087488K)], 0.0537613 secs] [Times: user=0.52 sys=0.00, real=0.05 secs] 
2016-09-24T02:44:59.433-0400: 90.586: [GC (GCLocker Initiated GC) [PSYoungGen: 86752K->65255K(175104K)] 525714K->504217K(699392K), 0.0067017 secs] [Times: user=0.10 sys=0.00, real=0.01 secs] 
2016-09-24T02:44:59.507-0400: 90.659: [GC (GCLocker Initiated GC) [PSYoungGen: 153319K->49919K(175104K)] 604512K->507845K(699392K), 0.0108635 secs] [Times: user=0.12 sys=0.00, real=0.01 secs] 
2016-09-24T02:44:59.575-0400: 90.728: [GC (GCLocker Initiated GC) [PSYoungGen: 137983K->61963K(175104K)] 598723K->539774K(699392K), 0.0102584 secs] [Times: user=0.14 sys=0.00, real=0.01 secs] 
2016-09-24T02:44:59.657-0400: 90.810: [GC (GCLocker Initiated GC) [PSYoungGen: 150027K->41702K(175104K)] 631921K->524336K(699392K), 0.0055966 secs] [Times: user=0.04 sys=0.00, real=0.01 secs] 
2016-09-24T02:44:59.727-0400: 90.880: [Full GC (Ergonomics) [PSYoungGen: 129766K->0K(175104K)] [ParOldGen: 496237K->453533K(524288K)] 626004K->453533K(699392K), [Metaspace: 43889K->43889K(1087488K)], 0.0781171 secs] [Times: user=0.71 sys=0.00, real=0.08 secs] 
2016-09-24T02:44:59.864-0400: 91.016: [GC (GCLocker Initiated GC) [PSYoungGen: 88064K->57278K(175104K)] 549753K->518967K(699392K), 0.0104131 secs] [Times: user=0.11 sys=0.00, real=0.00 secs] 
2016-09-24T02:44:59.930-0400: 91.083: [GC (GCLocker Initiated GC) [PSYoungGen: 145342K->60671K(148992K)] 607060K->527855K(673280K), 0.0135092 secs] [Times: user=0.18 sys=0.00, real=0.02 secs] 
2016-09-24T02:45:00.004-0400: 91.156: [GC (GCLocker Initiated GC) [PSYoungGen: 148735K->47824K(175104K)] 620024K->519113K(699392K), 0.0214690 secs] [Times: user=0.21 sys=0.00, real=0.02 secs] 
2016-09-24T02:45:00.083-0400: 91.235: [GC (GCLocker Initiated GC) [PSYoungGen: 136400K->56877K(145920K)] 615704K->536181K(670208K), 0.0083803 secs] [Times: user=0.08 sys=0.00, real=0.00 secs] 
2016-09-24T02:45:00.151-0400: 91.303: [GC (GCLocker Initiated GC) [PSYoungGen: 145453K->76371K(168448K)] 628940K->559858K(692736K), 0.0075459 secs] [Times: user=0.10 sys=0.01, real=0.01 secs] 
2016-09-24T02:45:00.214-0400: 91.366: [GC (GCLocker Initiated GC) [PSYoungGen: 161875K->67448K(172544K)] 653637K->582390K(696832K), 0.0072083 secs] [Times: user=0.10 sys=0.00, real=0.01 secs] 
2016-09-24T02:45:00.222-0400: 91.374: [Full GC (Ergonomics) [PSYoungGen: 67448K->0K(172544K)] [ParOldGen: 514941K->463119K(524288K)] 582390K->463119K(696832K), [Metaspace: 43889K->43889K(1087488K)], 0.0746696 secs] [Times: user=0.90 sys=0.01, real=0.08 secs] 
2016-09-24T02:45:00.354-0400: 91.506: [GC (GCLocker Initiated GC) [PSYoungGen: 85504K->71758K(175104K)] 551473K->537728K(699392K), 0.0067995 secs] [Times: user=0.11 sys=0.00, real=0.01 secs] 
2016-09-24T02:45:00.417-0400: 91.569: [GC (GCLocker Initiated GC) [PSYoungGen: 159822K->67501K(175104K)] 625812K->546783K(699392K), 0.0075352 secs] [Times: user=0.11 sys=0.00, real=0.01 secs] 
2016-09-24T02:45:00.481-0400: 91.633: [GC (GCLocker Initiated GC) [PSYoungGen: 155565K->72934K(175104K)] 640387K->558507K(699392K), 0.0068637 secs] [Times: user=0.11 sys=0.00, real=0.01 secs] 
2016-09-24T02:45:00.546-0400: 91.699: [GC (GCLocker Initiated GC) [PSYoungGen: 160998K->60672K(175104K)] 646652K->557990K(699392K), 0.0061892 secs] [Times: user=0.08 sys=0.01, real=0.00 secs] 
2016-09-24T02:45:00.553-0400: 91.705: [Full GC (Ergonomics) [PSYoungGen: 60672K->0K(175104K)] [ParOldGen: 497318K->457767K(524288K)] 557990K->457767K(699392K), [Metaspace: 43895K->43895K(1087488K)], 0.0544026 secs] [Times: user=0.53 sys=0.00, real=0.06 secs] 
2016-09-24T02:45:00.660-0400: 91.812: [GC (GCLocker Initiated GC) [PSYoungGen: 88064K->66760K(175104K)] 545856K->524552K(699392K), 0.0069468 secs] [Times: user=0.08 sys=0.00, real=0.01 secs] 
2016-09-24T02:45:00.717-0400: 91.870: [GC (GCLocker Initiated GC) [PSYoungGen: 154824K->66138K(154624K)] 612656K->523970K(678912K), 0.0066330 secs] [Times: user=0.09 sys=0.00, real=0.01 secs] 
2016-09-24T02:45:00.778-0400: 91.931: [GC (GCLocker Initiated GC) [PSYoungGen: 154202K->69438K(173568K)] 612064K->527301K(697856K), 0.0086085 secs] [Times: user=0.12 sys=0.00, real=0.01 secs] 
2016-09-24T02:45:00.844-0400: 91.997: [GC (GCLocker Initiated GC) [PSYoungGen: 157502K->82460K(173568K)] 621443K->546400K(697856K), 0.0066766 secs] [Times: user=0.10 sys=0.00, real=0.00 secs] 
2016-09-24T02:45:00.906-0400: 92.058: [GC (GCLocker Initiated GC) [PSYoungGen: 170524K->60688K(175104K)] 638553K->533481K(699392K), 0.0079291 secs] [Times: user=0.07 sys=0.00, real=0.00 secs] 
2016-09-24T02:45:00.978-0400: 92.131: [GC (GCLocker Initiated GC) [PSYoungGen: 148752K->49462K(175104K)] 633819K->555021K(699392K), 0.0064939 secs] [Times: user=0.10 sys=0.00, real=0.01 secs] 
2016-09-24T02:45:00.985-0400: 92.138: [Full GC (Ergonomics) [PSYoungGen: 49462K->0K(175104K)] [ParOldGen: 505558K->458959K(524288K)] 555021K->458959K(699392K), [Metaspace: 43895K->43895K(1087488K)], 0.0764215 secs] [Times: user=0.89 sys=0.01, real=0.07 secs] 
2016-09-24T02:45:01.122-0400: 92.275: [GC (GCLocker Initiated GC) [PSYoungGen: 88064K->78583K(175104K)] 549794K->540314K(699392K), 0.0072552 secs] [Times: user=0.11 sys=0.01, real=0.00 secs] 
2016-09-24T02:45:01.187-0400: 92.339: [GC (GCLocker Initiated GC) [PSYoungGen: 166647K->44379K(175104K)] 628422K->531655K(699392K), 0.0062712 secs] [Times: user=0.07 sys=0.00, real=0.00 secs] 
2016-09-24T02:45:01.246-0400: 92.398: [GC (GCLocker Initiated GC) [PSYoungGen: 132443K->70143K(175104K)] 619898K->571925K(699392K), 0.0082401 secs] [Times: user=0.11 sys=0.02, real=0.00 secs] 
2016-09-24T02:45:01.254-0400: 92.407: [Full GC (Ergonomics) [PSYoungGen: 70143K->0K(175104K)] [ParOldGen: 501782K->455690K(524288K)] 571925K->455690K(699392K), [Metaspace: 43895K->43895K(1087488K)], 0.0659799 secs] [Times: user=0.56 sys=0.00, real=0.07 secs] 
2016-09-24T02:45:01.371-0400: 92.524: [GC (GCLocker Initiated GC) [PSYoungGen: 88064K->73394K(175104K)] 543787K->529118K(699392K), 0.0082009 secs] [Times: user=0.11 sys=0.00, real=0.01 secs] 
2016-09-24T02:45:01.442-0400: 92.595: [GC (GCLocker Initiated GC) [PSYoungGen: 161458K->79543K(175104K)] 617203K->539320K(699392K), 0.0090864 secs] [Times: user=0.11 sys=0.00, real=0.00 secs] 
2016-09-24T02:45:01.525-0400: 92.677: [GC (GCLocker Initiated GC) [PSYoungGen: 167607K->43221K(175104K)] 640925K->530794K(699392K), 0.0069509 secs] [Times: user=0.08 sys=0.01, real=0.00 secs] 
2016-09-24T02:45:01.584-0400: 92.736: [GC (GCLocker Initiated GC) [PSYoungGen: 131285K->41583K(175104K)] 618946K->532907K(699392K), 0.0075270 secs] [Times: user=0.07 sys=0.00, real=0.00 secs] 
2016-09-24T02:45:01.668-0400: 92.820: [GC (GCLocker Initiated GC) [PSYoungGen: 129647K->41710K(175104K)] 624659K->537461K(699392K), 0.0058877 secs] [Times: user=0.08 sys=0.00, real=0.00 secs] 
2016-09-24T02:45:01.732-0400: 92.885: [Full GC (Ergonomics) [PSYoungGen: 129774K->0K(175104K)] [ParOldGen: 503905K->462635K(524288K)] 633680K->462635K(699392K), [Metaspace: 43895K->43895K(1087488K)], 0.0516482 secs] [Times: user=0.40 sys=0.01, real=0.06 secs] 
2016-09-24T02:45:01.843-0400: 92.996: [GC (GCLocker Initiated GC) [PSYoungGen: 88064K->59756K(175104K)] 552027K->523719K(699392K), 0.0086047 secs] [Times: user=0.12 sys=0.00, real=0.00 secs] 
2016-09-24T02:45:01.910-0400: 93.063: [GC (GCLocker Initiated GC) [PSYoungGen: 147820K->49809K(175104K)] 614733K->517956K(699392K), 0.0068728 secs] [Times: user=0.05 sys=0.00, real=0.01 secs] 
2016-09-24T02:45:01.974-0400: 93.126: [GC (GCLocker Initiated GC) [PSYoungGen: 137873K->64723K(175104K)] 606264K->544714K(699392K), 0.0080436 secs] [Times: user=0.12 sys=0.00, real=0.01 secs] 
2016-09-24T02:45:02.035-0400: 93.187: [GC (GCLocker Initiated GC) [PSYoungGen: 152787K->53835K(175104K)] 632857K->545522K(699392K), 0.0076511 secs] [Times: user=0.08 sys=0.00, real=0.01 secs] 
2016-09-24T02:45:02.093-0400: 93.246: [GC (GCLocker Initiated GC) [PSYoungGen: 141899K->61903K(175104K)] 633654K->565188K(699392K), 0.0072448 secs] [Times: user=0.09 sys=0.00, real=0.01 secs] 
2016-09-24T02:45:02.101-0400: 93.253: [Full GC (Ergonomics) [PSYoungGen: 61903K->0K(175104K)] [ParOldGen: 503284K->463466K(524288K)] 565188K->463466K(699392K), [Metaspace: 43895K->43895K(1087488K)], 0.0545714 secs] [Times: user=0.53 sys=0.00, real=0.06 secs] 
2016-09-24T02:45:02.223-0400: 93.376: [GC (GCLocker Initiated GC) [PSYoungGen: 88064K->67984K(175104K)] 552093K->532014K(699392K), 0.0067231 secs] [Times: user=0.07 sys=0.00, real=0.00 secs] 
2016-09-24T02:45:02.284-0400: 93.437: [GC (Allocation Failure) [PSYoungGen: 156048K->56546K(172032K)] 622811K->543611K(696320K), 0.0088606 secs] [Times: user=0.12 sys=0.00, real=0.00 secs] 
2016-09-24T02:45:02.294-0400: 93.446: [GC (GCLocker Initiated GC) [PSYoungGen: 56884K->55132K(173568K)] 543948K->542197K(697856K), 0.0055857 secs] [Times: user=0.06 sys=0.01, real=0.01 secs] 
2016-09-24T02:45:02.355-0400: 93.508: [GC (GCLocker Initiated GC) [PSYoungGen: 143196K->36496K(174592K)] 632961K->556692K(698880K), 0.0112001 secs] [Times: user=0.16 sys=0.00, real=0.01 secs] 
2016-09-24T02:45:02.366-0400: 93.519: [Full GC (Ergonomics) [PSYoungGen: 36496K->0K(174592K)] [ParOldGen: 520196K->453585K(524288K)] 556692K->453585K(698880K), [Metaspace: 43895K->43895K(1087488K)], 0.0686545 secs] [Times: user=0.65 sys=0.00, real=0.07 secs] 
2016-09-24T02:45:02.494-0400: 93.646: [GC (GCLocker Initiated GC) [PSYoungGen: 91136K->62266K(176128K)] 552981K->524112K(700416K), 0.0059910 secs] [Times: user=0.07 sys=0.01, real=0.01 secs] 
2016-09-24T02:45:02.559-0400: 93.711: [GC (GCLocker Initiated GC) [PSYoungGen: 153402K->59351K(173568K)] 615497K->545512K(697856K), 0.0077449 secs] [Times: user=0.10 sys=0.00, real=0.01 secs] 
2016-09-24T02:45:02.625-0400: 93.777: [Full GC (Ergonomics) [PSYoungGen: 152535K->0K(173568K)] [ParOldGen: 490263K->462551K(524288K)] 642798K->462551K(697856K), [Metaspace: 43895K->43895K(1087488K)], 0.0817753 secs] [Times: user=0.64 sys=0.02, real=0.08 secs] 
2016-09-24T02:45:02.768-0400: 93.920: [GC (GCLocker Initiated GC) [PSYoungGen: 93184K->51725K(175616K)] 558831K->517372K(699904K), 0.0070895 secs] [Times: user=0.09 sys=0.00, real=0.01 secs] 
2016-09-24T02:45:02.834-0400: 93.986: [GC (GCLocker Initiated GC) [PSYoungGen: 144908K->39175K(179712K)] 619090K->513357K(704000K), 0.0063971 secs] [Times: user=0.05 sys=0.01, real=0.01 secs] 
2016-09-24T02:45:02.906-0400: 94.058: [GC (GCLocker Initiated GC) [PSYoungGen: 137991K->58585K(157696K)] 614898K->535491K(681984K), 0.0060696 secs] [Times: user=0.07 sys=0.00, real=0.00 secs] 
2016-09-24T02:45:02.985-0400: 94.137: [GC (GCLocker Initiated GC) [PSYoungGen: 157401K->62301K(179200K)] 645320K->550220K(703488K), 0.0226567 secs] [Times: user=0.33 sys=0.01, real=0.02 secs] 
2016-09-24T02:45:03.065-0400: 94.218: [GC (GCLocker Initiated GC) [PSYoungGen: 161629K->69673K(169472K)] 653842K->561886K(693760K), 0.0169945 secs] [Times: user=0.23 sys=0.00, real=0.02 secs] 
2016-09-24T02:45:03.154-0400: 94.307: [Full GC (Ergonomics) [PSYoungGen: 169001K->0K(169472K)] [ParOldGen: 496323K->466807K(524288K)] 665324K->466807K(693760K), [Metaspace: 43895K->43895K(1087488K)], 0.0753337 secs] [Times: user=0.85 sys=0.02, real=0.07 secs] 
2016-09-24T02:45:03.291-0400: 94.444: [GC (GCLocker Initiated GC) [PSYoungGen: 99328K->55926K(181760K)] 571560K->528158K(706048K), 0.0068552 secs] [Times: user=0.08 sys=0.00, real=0.01 secs] 
2016-09-24T02:45:03.361-0400: 94.513: [GC (GCLocker Initiated GC) [PSYoungGen: 154742K->71468K(170496K)] 627010K->543736K(694784K), 0.0190268 secs] [Times: user=0.23 sys=0.00, real=0.02 secs] 
2016-09-24T02:45:03.446-0400: 94.599: [GC (GCLocker Initiated GC) [PSYoungGen: 170284K->54884K(180224K)] 647996K->532596K(704512K), 0.0073495 secs] [Times: user=0.09 sys=0.01, real=0.00 secs] 
2016-09-24T02:45:03.511-0400: 94.663: [GC (GCLocker Initiated GC) [PSYoungGen: 151652K->65082K(178688K)] 637481K->550912K(702976K), 0.0068965 secs] [Times: user=0.08 sys=0.00, real=0.01 secs] 
2016-09-24T02:45:03.591-0400: 94.743: [GC (GCLocker Initiated GC) [PSYoungGen: 161850K->63165K(179200K)] 653166K->554480K(703488K), 0.0088232 secs] [Times: user=0.09 sys=0.00, real=0.01 secs] 
2016-09-24T02:45:03.664-0400: 94.817: [GC (Allocation Failure) [PSYoungGen: 160957K->76160K(174080K)] 652701K->567904K(698368K), 0.0068633 secs] [Times: user=0.07 sys=0.01, real=0.00 secs] 
2016-09-24T02:45:03.735-0400: 94.888: [GC (GCLocker Initiated GC) [PSYoungGen: 173952K->82413K(173056K)] 665700K->582261K(697344K), 0.0082931 secs] [Times: user=0.12 sys=0.00, real=0.01 secs] 
2016-09-24T02:45:03.804-0400: 94.956: [Full GC (Ergonomics) [PSYoungGen: 170477K->0K(173056K)] [ParOldGen: 509347K->468037K(524288K)] 679825K->468037K(697344K), [Metaspace: 43897K->43897K(1087488K)], 0.0809855 secs] [Times: user=0.75 sys=0.01, real=0.08 secs] 
2016-09-24T02:45:03.952-0400: 95.104: [GC (GCLocker Initiated GC) [PSYoungGen: 88064K->47414K(175104K)] 560478K->519829K(699392K), 0.0054231 secs] [Times: user=0.06 sys=0.00, real=0.01 secs] 
2016-09-24T02:45:04.016-0400: 95.168: [GC (GCLocker Initiated GC) [PSYoungGen: 135478K->61866K(175104K)] 617378K->543766K(699392K), 0.0080399 secs] [Times: user=0.11 sys=0.00, real=0.01 secs] 
2016-09-24T02:45:04.092-0400: 95.244: [GC (GCLocker Initiated GC) [PSYoungGen: 149930K->55721K(143872K)] 637312K->543103K(668160K), 0.0063406 secs] [Times: user=0.08 sys=0.01, real=0.01 secs] 
2016-09-24T02:45:04.151-0400: 95.303: [GC (GCLocker Initiated GC) [PSYoungGen: 143785K->55035K(175104K)] 636725K->547975K(699392K), 0.0148387 secs] [Times: user=0.13 sys=0.00, real=0.02 secs] 
2016-09-24T02:45:04.222-0400: 95.375: [GC (GCLocker Initiated GC) [PSYoungGen: 144123K->63816K(174080K)] 637211K->556905K(698368K), 0.0093709 secs] [Times: user=0.11 sys=0.00, real=0.00 secs] 
2016-09-24T02:45:04.283-0400: 95.435: [GC (GCLocker Initiated GC) [PSYoungGen: 152904K->79248K(171008K)] 651421K->577765K(695296K), 0.0076050 secs] [Times: user=0.10 sys=0.00, real=0.00 secs] 
2016-09-24T02:45:04.347-0400: 95.499: [Full GC (Ergonomics) [PSYoungGen: 166800K->0K(171008K)] [ParOldGen: 510704K->483845K(524288K)] 677505K->483845K(695296K), [Metaspace: 43898K->43898K(1087488K)], 0.0706017 secs] [Times: user=0.56 sys=0.00, real=0.07 secs] 
2016-09-24T02:45:04.474-0400: 95.627: [GC (GCLocker Initiated GC) [PSYoungGen: 87552K->73183K(174592K)] 571479K->557111K(698880K), 0.0073127 secs] [Times: user=0.09 sys=0.00, real=0.00 secs] 
2016-09-24T02:45:04.542-0400: 95.695: [GC (GCLocker Initiated GC) [PSYoungGen: 160735K->65818K(175104K)] 652999K->558082K(699392K), 0.0094146 secs] [Times: user=0.10 sys=0.00, real=0.00 secs] 
2016-09-24T02:45:04.612-0400: 95.765: [GC (GCLocker Initiated GC) [PSYoungGen: 153882K->46113K(175104K)] 646237K->538468K(699392K), 0.0098857 secs] [Times: user=0.08 sys=0.01, real=0.01 secs] 
2016-09-24T02:45:04.671-0400: 95.824: [GC (GCLocker Initiated GC) [PSYoungGen: 134177K->84683K(175104K)] 626619K->593325K(699392K), 0.0088753 secs] [Times: user=0.13 sys=0.00, real=0.01 secs] 
2016-09-24T02:45:04.680-0400: 95.833: [Full GC (Ergonomics) [PSYoungGen: 84683K->0K(175104K)] [ParOldGen: 508641K->486600K(524288K)] 593325K->486600K(699392K), [Metaspace: 43898K->43898K(1087488K)], 0.0575452 secs] [Times: user=0.58 sys=0.02, real=0.06 secs] 
2016-09-24T02:45:04.806-0400: 95.958: [GC (GCLocker Initiated GC) [PSYoungGen: 88064K->54630K(175104K)] 578896K->545462K(699392K), 0.0061980 secs] [Times: user=0.07 sys=0.00, real=0.00 secs] 
2016-09-24T02:45:04.869-0400: 96.022: [GC (GCLocker Initiated GC) [PSYoungGen: 142694K->83653K(175104K)] 639103K->580062K(699392K), 0.0103168 secs] [Times: user=0.15 sys=0.00, real=0.01 secs] 
2016-09-24T02:45:04.929-0400: 96.081: [GC (GCLocker Initiated GC) [PSYoungGen: 171717K->74870K(175104K)] 669531K->572684K(699392K), 0.0106276 secs] [Times: user=0.12 sys=0.00, real=0.01 secs] 
2016-09-24T02:45:04.993-0400: 96.146: [GC (GCLocker Initiated GC) [PSYoungGen: 162934K->63365K(175104K)] 666206K->566637K(699392K), 0.0069420 secs] [Times: user=0.07 sys=0.00, real=0.01 secs] 
2016-09-24T02:45:05.049-0400: 96.202: [GC (GCLocker Initiated GC) [PSYoungGen: 151429K->60590K(175104K)] 654743K->572830K(699392K), 0.0185944 secs] [Times: user=0.23 sys=0.00, real=0.02 secs] 
2016-09-24T02:45:05.068-0400: 96.221: [Full GC (Ergonomics) [PSYoungGen: 60590K->0K(175104K)] [ParOldGen: 512240K->487465K(524288K)] 572830K->487465K(699392K), [Metaspace: 43898K->43898K(1087488K)], 0.0746566 secs] [Times: user=0.85 sys=0.00, real=0.08 secs] 
2016-09-24T02:45:05.197-0400: 96.349: [GC (GCLocker Initiated GC) [PSYoungGen: 88064K->83934K(175104K)] 575564K->571435K(699392K), 0.0080692 secs] [Times: user=0.12 sys=0.00, real=0.01 secs] 
2016-09-24T02:45:05.261-0400: 96.414: [GC (GCLocker Initiated GC) [PSYoungGen: 171998K->67408K(175104K)] 659589K->566954K(699392K), 0.0068775 secs] [Times: user=0.12 sys=0.00, real=0.01 secs] 
2016-09-24T02:45:05.332-0400: 96.484: [GC (GCLocker Initiated GC) --[PSYoungGen: 155472K->155472K(175104K)] 663313K->677579K(699392K), 0.0135526 secs] [Times: user=0.16 sys=0.00, real=0.02 secs] 
2016-09-24T02:45:05.345-0400: 96.498: [Full GC (Ergonomics) [PSYoungGen: 155472K->0K(175104K)] [ParOldGen: 522106K->477285K(524288K)] 677579K->477285K(699392K), [Metaspace: 43898K->43898K(1087488K)], 0.0822403 secs] [Times: user=0.96 sys=0.03, real=0.08 secs] 
2016-09-24T02:45:05.477-0400: 96.629: [GC (GCLocker Initiated GC) [PSYoungGen: 88064K->59270K(175104K)] 572233K->543440K(699392K), 0.0073950 secs] [Times: user=0.10 sys=0.01, real=0.01 secs] 
2016-09-24T02:45:05.537-0400: 96.689: [GC (GCLocker Initiated GC) [PSYoungGen: 147334K->44272K(175104K)] 637008K->534607K(699392K), 0.0059224 secs] [Times: user=0.06 sys=0.00, real=0.01 secs] 
2016-09-24T02:45:05.594-0400: 96.747: [GC (GCLocker Initiated GC) [PSYoungGen: 132336K->55155K(175104K)] 625412K->562314K(699392K), 0.0072424 secs] [Times: user=0.07 sys=0.00, real=0.00 secs] 
2016-09-24T02:45:05.602-0400: 96.754: [Full GC (Ergonomics) [PSYoungGen: 55155K->0K(175104K)] [ParOldGen: 507159K->452676K(524288K)] 562314K->452676K(699392K), [Metaspace: 43898K->43898K(1087488K)], 0.0881454 secs] [Times: user=1.08 sys=0.02, real=0.09 secs] 
2016-09-24T02:45:05.741-0400: 96.893: [GC (GCLocker Initiated GC) [PSYoungGen: 88064K->70139K(175104K)] 543535K->525611K(699392K), 0.0078966 secs] [Times: user=0.11 sys=0.01, real=0.01 secs] 
2016-09-24T02:45:05.798-0400: 96.950: [GC (GCLocker Initiated GC) [PSYoungGen: 158203K->67303K(175104K)] 623355K->534625K(699392K), 0.0075652 secs] [Times: user=0.10 sys=0.00, real=0.01 secs] 
2016-09-24T02:45:05.854-0400: 97.006: [GC (GCLocker Initiated GC) [PSYoungGen: 155367K->61907K(175104K)] 628127K->535287K(699392K), 0.0068820 secs] [Times: user=0.10 sys=0.00, real=0.01 secs] 
2016-09-24T02:45:05.915-0400: 97.067: [GC (GCLocker Initiated GC) [PSYoungGen: 149971K->73998K(175104K)] 623496K->548175K(699392K), 0.0076468 secs] [Times: user=0.12 sys=0.00, real=0.01 secs] 
2016-09-24T02:45:05.971-0400: 97.123: [GC (GCLocker Initiated GC) [PSYoungGen: 162062K->44417K(175104K)] 640515K->531519K(699392K), 0.0069418 secs] [Times: user=0.06 sys=0.00, real=0.01 secs] 
2016-09-24T02:45:06.026-0400: 97.179: [GC (GCLocker Initiated GC) [PSYoungGen: 132481K->67218K(175104K)] 622386K->557869K(699392K), 0.0104355 secs] [Times: user=0.16 sys=0.00, real=0.01 secs] 
2016-09-24T02:45:06.088-0400: 97.240: [GC (GCLocker Initiated GC) [PSYoungGen: 155282K->57755K(175104K)] 646062K->568039K(699392K), 0.0076125 secs] [Times: user=0.10 sys=0.01, real=0.01 secs] 
2016-09-24T02:45:06.096-0400: 97.248: [Full GC (Ergonomics) [PSYoungGen: 57755K->0K(175104K)] [ParOldGen: 510284K->451114K(524288K)] 568039K->451114K(699392K), [Metaspace: 43898K->43898K(1087488K)], 0.0703086 secs] [Times: user=0.83 sys=0.00, real=0.07 secs] 
2016-09-24T02:45:06.218-0400: 97.371: [GC (GCLocker Initiated GC) [PSYoungGen: 88064K->55403K(175104K)] 542043K->509383K(699392K), 0.0065580 secs] [Times: user=0.07 sys=0.00, real=0.01 secs] 
2016-09-24T02:45:06.268-0400: 97.421: [GC (GCLocker Initiated GC) [PSYoungGen: 143467K->60009K(148480K)] 597564K->514106K(672768K), 0.0081463 secs] [Times: user=0.10 sys=0.00, real=0.01 secs] 
2016-09-24T02:45:06.333-0400: 97.486: [GC (GCLocker Initiated GC) [PSYoungGen: 148073K->67285K(173568K)] 606342K->525553K(697856K), 0.0075188 secs] [Times: user=0.10 sys=0.00, real=0.01 secs] 
2016-09-24T02:45:06.397-0400: 97.549: [GC (GCLocker Initiated GC) [PSYoungGen: 155861K->69137K(173056K)] 622341K->535617K(697344K), 0.0075228 secs] [Times: user=0.11 sys=0.00, real=0.01 secs] 
2016-09-24T02:45:06.457-0400: 97.609: [GC (GCLocker Initiated GC) [PSYoungGen: 157713K->73850K(174080K)] 626969K->543106K(698368K), 0.0079863 secs] [Times: user=0.10 sys=0.01, real=0.01 secs] 
2016-09-24T02:45:06.520-0400: 97.673: [GC (GCLocker Initiated GC) [PSYoungGen: 162938K->70139K(175616K)] 637628K->544828K(699904K), 0.0166136 secs] [Times: user=0.24 sys=0.00, real=0.02 secs] 
2016-09-24T02:45:06.595-0400: 97.748: [GC (GCLocker Initiated GC) [PSYoungGen: 159227K->81388K(174592K)] 636679K->558839K(698880K), 0.0082908 secs] [Times: user=0.12 sys=0.00, real=0.01 secs] 
2016-09-24T02:45:06.652-0400: 97.805: [GC (GCLocker Initiated GC) [PSYoungGen: 169452K->80420K(175104K)] 649647K->575524K(699392K), 0.0117513 secs] [Times: user=0.18 sys=0.00, real=0.02 secs] 
2016-09-24T02:45:06.717-0400: 97.869: [GC (GCLocker Initiated GC) [PSYoungGen: 168484K->86546K(175104K)] 663708K->604522K(699392K), 0.0091501 secs] [Times: user=0.14 sys=0.01, real=0.01 secs] 
2016-09-24T02:45:06.726-0400: 97.879: [Full GC (Ergonomics) [PSYoungGen: 86546K->0K(175104K)] [ParOldGen: 517975K->455182K(524288K)] 604522K->455182K(699392K), [Metaspace: 43898K->43898K(1087488K)], 0.0626795 secs] [Times: user=0.56 sys=0.01, real=0.06 secs] 
2016-09-24T02:45:06.838-0400: 97.990: [GC (GCLocker Initiated GC) [PSYoungGen: 88064K->59378K(175104K)] 546049K->517363K(699392K), 0.0097695 secs] [Times: user=0.14 sys=0.01, real=0.01 secs] 
2016-09-24T02:45:06.915-0400: 98.067: [GC (GCLocker Initiated GC) [PSYoungGen: 147442K->34144K(175104K)] 619139K->505842K(699392K), 0.0062090 secs] [Times: user=0.06 sys=0.00, real=0.00 secs] 
2016-09-24T02:45:06.970-0400: 98.123: [GC (GCLocker Initiated GC) [PSYoungGen: 122208K->75880K(175104K)] 596703K->562042K(699392K), 0.0199548 secs] [Times: user=0.28 sys=0.00, real=0.02 secs] 
2016-09-24T02:45:07.043-0400: 98.195: [GC (GCLocker Initiated GC) --[PSYoungGen: 163944K->163944K(175104K)] 652823K->686387K(699392K), 0.0111676 secs] [Times: user=0.10 sys=0.00, real=0.01 secs] 
2016-09-24T02:45:07.054-0400: 98.207: [Full GC (Ergonomics) [PSYoungGen: 163944K->0K(175104K)] [ParOldGen: 522442K->451896K(524288K)] 686387K->451896K(699392K), [Metaspace: 43898K->43898K(1087488K)], 0.0558032 secs] [Times: user=0.42 sys=0.02, real=0.05 secs] 
2016-09-24T02:45:07.158-0400: 98.310: [GC (GCLocker Initiated GC) [PSYoungGen: 88064K->63369K(175104K)] 540362K->515667K(699392K), 0.0068892 secs] [Times: user=0.10 sys=0.00, real=0.01 secs] 
2016-09-24T02:45:07.212-0400: 98.364: [GC (GCLocker Initiated GC) [PSYoungGen: 151433K->42961K(175104K)] 603800K->524490K(699392K), 0.0070859 secs] [Times: user=0.10 sys=0.01, real=0.01 secs] 
2016-09-24T02:45:07.272-0400: 98.424: [GC (GCLocker Initiated GC) [PSYoungGen: 131025K->59195K(175104K)] 618176K->547004K(699392K), 0.0107344 secs] [Times: user=0.15 sys=0.00, real=0.02 secs] 
2016-09-24T02:45:07.332-0400: 98.484: [GC (GCLocker Initiated GC) [PSYoungGen: 147259K->84789K(175104K)] 635161K->576116K(699392K), 0.0078905 secs] [Times: user=0.12 sys=0.00, real=0.01 secs] 
2016-09-24T02:45:07.400-0400: 98.552: [GC (GCLocker Initiated GC) [PSYoungGen: 172853K->45822K(175104K)] 667011K->562133K(699392K), 0.0067077 secs] [Times: user=0.09 sys=0.00, real=0.01 secs] 
2016-09-24T02:45:07.407-0400: 98.559: [Full GC (Ergonomics) [PSYoungGen: 45822K->0K(175104K)] [ParOldGen: 516311K->457568K(524288K)] 562133K->457568K(699392K), [Metaspace: 43898K->43898K(1087488K)], 0.0554922 secs] [Times: user=0.56 sys=0.00, real=0.06 secs] 
2016-09-24T02:45:07.510-0400: 98.663: [GC (GCLocker Initiated GC) [PSYoungGen: 88064K->64888K(175104K)] 548352K->525177K(699392K), 0.0070185 secs] [Times: user=0.10 sys=0.00, real=0.01 secs] 
2016-09-24T02:45:07.573-0400: 98.725: [GC (GCLocker Initiated GC) [PSYoungGen: 152952K->55145K(175104K)] 618784K->524705K(699392K), 0.0065129 secs] [Times: user=0.09 sys=0.01, real=0.01 secs] 
2016-09-24T02:45:07.633-0400: 98.785: [GC (GCLocker Initiated GC) [PSYoungGen: 143209K->63430K(175104K)] 615520K->536441K(699392K), 0.0065204 secs] [Times: user=0.07 sys=0.01, real=0.01 secs] 
2016-09-24T02:45:07.687-0400: 98.840: [GC (GCLocker Initiated GC) [PSYoungGen: 151494K->49638K(175104K)] 627267K->526128K(699392K), 0.0059247 secs] [Times: user=0.07 sys=0.00, real=0.00 secs] 
2016-09-24T02:45:07.749-0400: 98.902: [GC (GCLocker Initiated GC) [PSYoungGen: 137702K->57906K(175104K)] 621030K->541948K(699392K), 0.0061974 secs] [Times: user=0.09 sys=0.00, real=0.01 secs] 
2016-09-24T02:45:07.819-0400: 98.971: [GC (GCLocker Initiated GC) [PSYoungGen: 145970K->34966K(175104K)] 635642K->525348K(699392K), 0.0129423 secs] [Times: user=0.16 sys=0.00, real=0.01 secs] 
2016-09-24T02:45:07.886-0400: 99.038: [GC (GCLocker Initiated GC) [PSYoungGen: 123030K->42822K(175104K)] 622941K->543422K(699392K), 0.0064756 secs] [Times: user=0.06 sys=0.01, real=0.00 secs] 
2016-09-24T02:45:07.951-0400: 99.104: [Full GC (Ergonomics) [PSYoungGen: 130886K->0K(175104K)] [ParOldGen: 503351K->473084K(524288K)] 634238K->473084K(699392K), [Metaspace: 43898K->43898K(1087488K)], 0.0723134 secs] [Times: user=0.80 sys=0.02, real=0.08 secs] 
2016-09-24T02:45:08.083-0400: 99.236: [GC (GCLocker Initiated GC) [PSYoungGen: 88064K->68939K(175104K)] 561214K->542089K(699392K), 0.0128063 secs] [Times: user=0.18 sys=0.00, real=0.01 secs] 
2016-09-24T02:45:08.156-0400: 99.309: [GC (GCLocker Initiated GC) [PSYoungGen: 157003K->29633K(175104K)] 641144K->529562K(699392K), 0.0132161 secs] [Times: user=0.19 sys=0.00, real=0.01 secs] 
2016-09-24T02:45:08.224-0400: 99.377: [Full GC (Ergonomics) [PSYoungGen: 117697K->0K(175104K)] [ParOldGen: 506856K->469375K(524288K)] 624554K->469375K(699392K), [Metaspace: 43898K->43898K(1087488K)], 0.0731778 secs] [Times: user=0.64 sys=0.01, real=0.07 secs] 
2016-09-24T02:45:08.349-0400: 99.501: [GC (GCLocker Initiated GC) [PSYoungGen: 88064K->67524K(175104K)] 557515K->536976K(699392K), 0.0096534 secs] [Times: user=0.12 sys=0.01, real=0.01 secs] 
2016-09-24T02:45:08.420-0400: 99.573: [GC (GCLocker Initiated GC) [PSYoungGen: 155588K->51132K(175104K)] 633182K->553979K(699392K), 0.0077460 secs] [Times: user=0.11 sys=0.00, real=0.01 secs] 
2016-09-24T02:45:08.428-0400: 99.581: [Full GC (Ergonomics) [PSYoungGen: 51132K->0K(175104K)] [ParOldGen: 502847K->470545K(524288K)] 553979K->470545K(699392K), [Metaspace: 43898K->43898K(1087488K)], 0.0644674 secs] [Times: user=0.69 sys=0.00, real=0.06 secs] 
2016-09-24T02:45:08.552-0400: 99.704: [GC (GCLocker Initiated GC) [PSYoungGen: 88064K->70636K(175104K)] 562105K->544677K(699392K), 0.0074790 secs] [Times: user=0.09 sys=0.00, real=0.01 secs] 
2016-09-24T02:45:08.621-0400: 99.773: [GC (GCLocker Initiated GC) [PSYoungGen: 158700K->25410K(175104K)] 642304K->529148K(699392K), 0.0121453 secs] [Times: user=0.12 sys=0.00, real=0.01 secs] 
2016-09-24T02:45:08.633-0400: 99.785: [Full GC (Ergonomics) [PSYoungGen: 25410K->0K(175104K)] [ParOldGen: 503738K->469158K(524288K)] 529148K->469158K(699392K), [Metaspace: 43898K->43898K(1087488K)], 0.0669791 secs] [Times: user=0.77 sys=0.00, real=0.07 secs] 
2016-09-24T02:45:08.755-0400: 99.907: [GC (GCLocker Initiated GC) [PSYoungGen: 88064K->43182K(175104K)] 562627K->517745K(699392K), 0.0063529 secs] [Times: user=0.08 sys=0.00, real=0.00 secs] 
2016-09-24T02:45:08.812-0400: 99.965: [GC (GCLocker Initiated GC) [PSYoungGen: 131246K->68764K(175104K)] 609933K->548382K(699392K), 0.0068848 secs] [Times: user=0.11 sys=0.01, real=0.01 secs] 
2016-09-24T02:45:08.872-0400: 100.025: [GC (GCLocker Initiated GC) [PSYoungGen: 156828K->61883K(175104K)] 639273K->569440K(699392K), 0.0082291 secs] [Times: user=0.13 sys=0.00, real=0.01 secs] 
2016-09-24T02:45:08.881-0400: 100.033: [Full GC (Ergonomics) [PSYoungGen: 61883K->0K(175104K)] [ParOldGen: 507557K->476366K(524288K)] 569440K->476366K(699392K), [Metaspace: 43903K->43903K(1087488K)], 0.0652304 secs] [Times: user=0.72 sys=0.00, real=0.07 secs] 
2016-09-24T02:45:08.998-0400: 100.151: [GC (GCLocker Initiated GC) [PSYoungGen: 88064K->64733K(175104K)] 569837K->546507K(699392K), 0.0068070 secs] [Times: user=0.08 sys=0.00, real=0.01 secs] 
2016-09-24T02:45:09.062-0400: 100.214: [GC (GCLocker Initiated GC) [PSYoungGen: 152797K->61778K(175104K)] 634675K->544526K(699392K), 0.0066756 secs] [Times: user=0.07 sys=0.00, real=0.01 secs] 
2016-09-24T02:45:09.126-0400: 100.279: [GC (GCLocker Initiated GC) [PSYoungGen: 149842K->32196K(175104K)] 636664K->552105K(699392K), 0.0063448 secs] [Times: user=0.09 sys=0.00, real=0.00 secs] 
2016-09-24T02:45:09.133-0400: 100.285: [Full GC (Ergonomics) [PSYoungGen: 32196K->0K(175104K)] [ParOldGen: 519909K->467276K(524288K)] 552105K->467276K(699392K), [Metaspace: 43903K->43903K(1087488K)], 0.0571791 secs] [Times: user=0.57 sys=0.00, real=0.06 secs] 
2016-09-24T02:45:09.242-0400: 100.395: [GC (GCLocker Initiated GC) [PSYoungGen: 88064K->36425K(175104K)] 564013K->512375K(699392K), 0.0056318 secs] [Times: user=0.05 sys=0.00, real=0.00 secs] 
2016-09-24T02:45:09.299-0400: 100.451: [GC (GCLocker Initiated GC) [PSYoungGen: 124489K->68651K(175104K)] 605899K->551102K(699392K), 0.0074445 secs] [Times: user=0.11 sys=0.00, real=0.01 secs] 
2016-09-24T02:45:09.365-0400: 100.517: [GC (GCLocker Initiated GC) [PSYoungGen: 156715K->59206K(175104K)] 645962K->557207K(699392K), 0.0065735 secs] [Times: user=0.07 sys=0.00, real=0.00 secs] 
2016-09-24T02:45:09.371-0400: 100.524: [Full GC (Ergonomics) [PSYoungGen: 59206K->0K(175104K)] [ParOldGen: 498001K->477168K(524288K)] 557207K->477168K(699392K), [Metaspace: 43903K->43903K(1087488K)], 0.0671796 secs] [Times: user=0.68 sys=0.01, real=0.07 secs] 
2016-09-24T02:45:09.510-0400: 100.663: [GC (GCLocker Initiated GC) [PSYoungGen: 88064K->39260K(175104K)] 574909K->526105K(699392K), 0.0056156 secs] [Times: user=0.05 sys=0.01, real=0.01 secs] 
2016-09-24T02:45:09.572-0400: 100.725: [GC (GCLocker Initiated GC) [PSYoungGen: 127324K->50929K(175104K)] 617007K->545757K(699392K), 0.0085819 secs] [Times: user=0.10 sys=0.00, real=0.01 secs] 
2016-09-24T02:45:09.650-0400: 100.803: [Full GC (Ergonomics) [PSYoungGen: 138993K->0K(175104K)] [ParOldGen: 501638K->476386K(524288K)] 640632K->476386K(699392K), [Metaspace: 43903K->43903K(1087488K)], 0.0919743 secs] [Times: user=1.03 sys=0.01, real=0.10 secs] 
2016-09-24T02:45:09.809-0400: 100.962: [GC (GCLocker Initiated GC) [PSYoungGen: 88064K->52847K(141312K)] 564455K->529239K(665600K), 0.0150335 secs] [Times: user=0.20 sys=0.00, real=0.02 secs] 
2016-09-24T02:45:09.874-0400: 101.027: [GC (GCLocker Initiated GC) [PSYoungGen: 140911K->45244K(174080K)] 617585K->521917K(698368K), 0.0176743 secs] [Times: user=0.23 sys=0.01, real=0.01 secs] 
2016-09-24T02:45:09.941-0400: 101.093: [GC (GCLocker Initiated GC) [PSYoungGen: 135356K->58007K(172032K)] 612087K->534738K(696320K), 0.0146170 secs] [Times: user=0.20 sys=0.00, real=0.02 secs] 
2016-09-24T02:45:10.012-0400: 101.165: [GC (GCLocker Initiated GC) [PSYoungGen: 148119K->68064K(175104K)] 627579K->547524K(699392K), 0.0078670 secs] [Times: user=0.09 sys=0.00, real=0.01 secs] 
2016-09-24T02:45:10.078-0400: 101.231: [GC (GCLocker Initiated GC) [PSYoungGen: 161760K->82228K(176128K)] 646854K->572722K(700416K), 0.0081790 secs] [Times: user=0.11 sys=0.00, real=0.01 secs] 
2016-09-24T02:45:10.158-0400: 101.310: [GC (GCLocker Initiated GC) [PSYoungGen: 175924K->84800K(174080K)] 669349K->585974K(698368K), 0.0110609 secs] [Times: user=0.13 sys=0.01, real=0.01 secs] 
2016-09-24T02:45:10.225-0400: 101.378: [Full GC (Ergonomics) [PSYoungGen: 172864K->0K(174080K)] [ParOldGen: 508273K->473732K(524288K)] 681137K->473732K(698368K), [Metaspace: 43903K->43903K(1087488K)], 0.0855658 secs] [Times: user=1.02 sys=0.01, real=0.08 secs] 
2016-09-24T02:45:10.367-0400: 101.519: [GC (GCLocker Initiated GC) [PSYoungGen: 88064K->68971K(175104K)] 562159K->543066K(699392K), 0.0072378 secs] [Times: user=0.10 sys=0.00, real=0.01 secs] 
2016-09-24T02:45:10.433-0400: 101.586: [GC (GCLocker Initiated GC) [PSYoungGen: 157035K->62725K(175104K)] 639295K->544985K(699392K), 0.0073670 secs] [Times: user=0.08 sys=0.00, real=0.01 secs] 
2016-09-24T02:45:10.501-0400: 101.653: [GC (GCLocker Initiated GC) [PSYoungGen: 150789K->46305K(175104K)] 637127K->537580K(699392K), 0.0156995 secs] [Times: user=0.21 sys=0.01, real=0.02 secs] 
2016-09-24T02:45:10.570-0400: 101.723: [GC (GCLocker Initiated GC) [PSYoungGen: 134369K->49843K(175104K)] 627126K->571123K(699392K), 0.0129542 secs] [Times: user=0.16 sys=0.01, real=0.02 secs] 
2016-09-24T02:45:10.583-0400: 101.736: [Full GC (Ergonomics) [PSYoungGen: 49843K->0K(175104K)] [ParOldGen: 521280K->470981K(524288K)] 571123K->470981K(699392K), [Metaspace: 43906K->43906K(1087488K)], 0.0716610 secs] [Times: user=0.84 sys=0.01, real=0.07 secs] 
2016-09-24T02:45:10.716-0400: 101.868: [GC (GCLocker Initiated GC) [PSYoungGen: 88064K->48759K(175104K)] 563466K->524162K(699392K), 0.0070480 secs] [Times: user=0.09 sys=0.00, real=0.01 secs] 
2016-09-24T02:45:10.780-0400: 101.932: [GC (GCLocker Initiated GC) [PSYoungGen: 136823K->57915K(175104K)] 617755K->565719K(699392K), 0.0102845 secs] [Times: user=0.17 sys=0.00, real=0.01 secs] 
2016-09-24T02:45:10.790-0400: 101.943: [Full GC (Ergonomics) [PSYoungGen: 57915K->0K(175104K)] [ParOldGen: 507803K->480360K(524288K)] 565719K->480360K(699392K), [Metaspace: 43906K->43906K(1087488K)], 0.0585215 secs] [Times: user=0.68 sys=0.01, real=0.06 secs] 
2016-09-24T02:45:10.913-0400: 102.066: [GC (GCLocker Initiated GC) [PSYoungGen: 88064K->71766K(175104K)] 568514K->552216K(699392K), 0.0068887 secs] [Times: user=0.10 sys=0.01, real=0.01 secs] 
2016-09-24T02:45:10.981-0400: 102.133: [GC (Allocation Failure) [PSYoungGen: 159830K->42952K(175104K)] 641711K->554245K(699392K), 0.0090681 secs] [Times: user=0.11 sys=0.01, real=0.01 secs] 
2016-09-24T02:45:10.990-0400: 102.143: [Full GC (Ergonomics) [PSYoungGen: 42952K->0K(175104K)] [ParOldGen: 511292K->473428K(524288K)] 554245K->473428K(699392K), [Metaspace: 43906K->43906K(1087488K)], 0.0740730 secs] [Times: user=0.96 sys=0.00, real=0.08 secs] 
2016-09-24T02:45:11.114-0400: 102.267: [GC (GCLocker Initiated GC) [PSYoungGen: 88064K->69254K(175104K)] 561496K->542686K(699392K), 0.0072086 secs] [Times: user=0.10 sys=0.00, real=0.00 secs] 
2016-09-24T02:45:11.179-0400: 102.332: [GC (GCLocker Initiated GC) [PSYoungGen: 157318K->60653K(175104K)] 633490K->546153K(699392K), 0.0066419 secs] [Times: user=0.09 sys=0.00, real=0.01 secs] 
2016-09-24T02:45:11.242-0400: 102.395: [GC (GCLocker Initiated GC) [PSYoungGen: 148717K->56390K(144896K)] 634272K->542653K(669184K), 0.0063874 secs] [Times: user=0.07 sys=0.00, real=0.00 secs] 
2016-09-24T02:45:11.298-0400: 102.450: [GC (GCLocker Initiated GC) [PSYoungGen: 144454K->58487K(176128K)] 636193K->550226K(700416K), 0.0098048 secs] [Times: user=0.15 sys=0.00, real=0.01 secs] 
2016-09-24T02:45:11.371-0400: 102.523: [GC (GCLocker Initiated GC) [PSYoungGen: 149111K->62939K(173568K)] 640983K->554811K(697856K), 0.0089463 secs] [Times: user=0.08 sys=0.00, real=0.01 secs] 
2016-09-24T02:45:11.433-0400: 102.586: [Full GC (Ergonomics) [PSYoungGen: 153563K->0K(173568K)] [ParOldGen: 498635K->479909K(524288K)] 652199K->479909K(697856K), [Metaspace: 43906K->43906K(1087488K)], 0.0615004 secs] [Times: user=0.62 sys=0.00, real=0.07 secs] 
2016-09-24T02:45:11.556-0400: 102.708: [GC (GCLocker Initiated GC) [PSYoungGen: 90624K->59692K(176640K)] 577386K->546455K(700928K), 0.0108417 secs] [Times: user=0.15 sys=0.00, real=0.01 secs] 
2016-09-24T02:45:11.633-0400: 102.785: [GC (GCLocker Initiated GC) [PSYoungGen: 155436K->63027K(176128K)] 648970K->556561K(700416K), 0.0064615 secs] [Times: user=0.08 sys=0.00, real=0.01 secs] 
2016-09-24T02:45:11.695-0400: 102.847: [GC (GCLocker Initiated GC) [PSYoungGen: 158771K->77247K(173568K)] 653792K->574968K(697856K), 0.0075121 secs] [Times: user=0.09 sys=0.01, real=0.01 secs] 
2016-09-24T02:45:11.762-0400: 102.915: [Full GC (Ergonomics) [PSYoungGen: 171455K->0K(173568K)] [ParOldGen: 500658K->485134K(524288K)] 672114K->485134K(697856K), [Metaspace: 43906K->43906K(1087488K)], 0.0697146 secs] [Times: user=0.79 sys=0.02, real=0.06 secs] 
2016-09-24T02:45:11.889-0400: 103.041: [GC (GCLocker Initiated GC) [PSYoungGen: 94208K->73041K(167424K)] 579491K->558324K(691712K), 0.0098392 secs] [Times: user=0.14 sys=0.00, real=0.01 secs] 
2016-09-24T02:45:11.953-0400: 103.106: [GC (GCLocker Initiated GC) [PSYoungGen: 167249K->85819K(174080K)] 652555K->576525K(698368K), 0.0091895 secs] [Times: user=0.11 sys=0.00, real=0.02 secs] 
2016-09-24T02:45:12.016-0400: 103.169: [GC (GCLocker Initiated GC) [PSYoungGen: 173883K->84945K(175104K)] 664658K->575720K(699392K), 0.0074870 secs] [Times: user=0.10 sys=0.00, real=0.01 secs] 
2016-09-24T02:45:12.078-0400: 103.231: [GC (GCLocker Initiated GC) [PSYoungGen: 173009K->85486K(175104K)] 666517K->581693K(699392K), 0.0081446 secs] [Times: user=0.12 sys=0.00, real=0.01 secs] 
2016-09-24T02:45:12.140-0400: 103.292: [GC (GCLocker Initiated GC) [PSYoungGen: 173550K->86048K(175104K)] 675179K->595777K(699392K), 0.0078619 secs] [Times: user=0.12 sys=0.00, real=0.01 secs] 
2016-09-24T02:45:12.148-0400: 103.300: [Full GC (Ergonomics) [PSYoungGen: 86048K->0K(175104K)] [ParOldGen: 509729K->485320K(524288K)] 595777K->485320K(699392K), [Metaspace: 43906K->43906K(1087488K)], 0.0686277 secs] [Times: user=0.77 sys=0.00, real=0.07 secs] 
2016-09-24T02:45:12.281-0400: 103.433: [GC (GCLocker Initiated GC) [PSYoungGen: 88064K->59460K(175104K)] 581623K->553020K(699392K), 0.0070790 secs] [Times: user=0.12 sys=0.00, real=0.01 secs] 
2016-09-24T02:45:12.345-0400: 103.497: [GC (GCLocker Initiated GC) [PSYoungGen: 147524K->72099K(175104K)] 642551K->567127K(699392K), 0.0110212 secs] [Times: user=0.15 sys=0.00, real=0.01 secs] 
2016-09-24T02:45:12.405-0400: 103.557: [GC (GCLocker Initiated GC) --[PSYoungGen: 160163K->160163K(175104K)] 656665K->683237K(699392K), 0.0134077 secs] [Times: user=0.16 sys=0.00, real=0.01 secs] 
2016-09-24T02:45:12.419-0400: 103.571: [Full GC (Ergonomics) [PSYoungGen: 160163K->0K(175104K)] [ParOldGen: 523074K->474892K(524288K)] 683237K->474892K(699392K), [Metaspace: 43906K->43906K(1087488K)], 0.0809959 secs] [Times: user=0.81 sys=0.00, real=0.08 secs] 
2016-09-24T02:45:12.551-0400: 103.703: [GC (GCLocker Initiated GC) [PSYoungGen: 88064K->65076K(175104K)] 572500K->549513K(699392K), 0.0096958 secs] [Times: user=0.15 sys=0.01, real=0.01 secs] 
2016-09-24T02:45:12.612-0400: 103.764: [GC (GCLocker Initiated GC) [PSYoungGen: 153140K->64595K(175104K)] 640392K->562348K(699392K), 0.0084075 secs] [Times: user=0.11 sys=0.00, real=0.01 secs] 
2016-09-24T02:45:12.676-0400: 103.828: [GC (GCLocker Initiated GC) [PSYoungGen: 152659K->59095K(175104K)] 650449K->560226K(699392K), 0.0149723 secs] [Times: user=0.15 sys=0.00, real=0.01 secs] 
2016-09-24T02:45:12.746-0400: 103.899: [GC (GCLocker Initiated GC) [PSYoungGen: 147159K->57871K(175104K)] 648322K->559647K(699392K), 0.0070060 secs] [Times: user=0.06 sys=0.00, real=0.00 secs] 
2016-09-24T02:45:12.809-0400: 103.961: [GC (GCLocker Initiated GC) --[PSYoungGen: 145935K->145935K(175104K)] 653114K->670061K(699392K), 0.0094681 secs] [Times: user=0.09 sys=0.00, real=0.01 secs] 
2016-09-24T02:45:12.818-0400: 103.971: [Full GC (Ergonomics) [PSYoungGen: 145935K->0K(175104K)] [ParOldGen: 524125K->480735K(524288K)] 670061K->480735K(699392K), [Metaspace: 43906K->43906K(1087488K)], 0.0700467 secs] [Times: user=0.78 sys=0.01, real=0.07 secs] 
2016-09-24T02:45:12.945-0400: 104.098: [GC (GCLocker Initiated GC) [PSYoungGen: 88064K->51560K(175104K)] 574204K->537700K(699392K), 0.0117536 secs] [Times: user=0.17 sys=0.00, real=0.01 secs] 
2016-09-24T02:45:13.013-0400: 104.165: [GC (GCLocker Initiated GC) [PSYoungGen: 139624K->57889K(175104K)] 625808K->545228K(699392K), 0.0106748 secs] [Times: user=0.13 sys=0.00, real=0.02 secs] 
2016-09-24T02:45:13.077-0400: 104.230: [GC (GCLocker Initiated GC) [PSYoungGen: 145953K->46869K(175104K)] 637495K->560719K(699392K), 0.0156689 secs] [Times: user=0.18 sys=0.01, real=0.01 secs] 
2016-09-24T02:45:13.093-0400: 104.245: [Full GC (Ergonomics) [PSYoungGen: 46869K->0K(175104K)] [ParOldGen: 513850K->490666K(524288K)] 560719K->490666K(699392K), [Metaspace: 43906K->43906K(1087488K)], 0.0903829 secs] [Times: user=0.98 sys=0.01, real=0.10 secs] 
2016-09-24T02:45:13.241-0400: 104.394: [GC (GCLocker Initiated GC) [PSYoungGen: 88064K->71744K(175104K)] 578805K->562486K(699392K), 0.0112654 secs] [Times: user=0.13 sys=0.03, real=0.01 secs] 
2016-09-24T02:45:13.313-0400: 104.466: [GC (GCLocker Initiated GC) [PSYoungGen: 159808K->52485K(175104K)] 657438K->553870K(699392K), 0.0061520 secs] [Times: user=0.08 sys=0.00, real=0.01 secs] 
2016-09-24T02:45:13.367-0400: 104.519: [GC (GCLocker Initiated GC) [PSYoungGen: 140549K->75469K(175104K)] 642038K->577695K(699392K), 0.0072861 secs] [Times: user=0.12 sys=0.00, real=0.00 secs] 
2016-09-24T02:45:13.433-0400: 104.586: [GC (GCLocker Initiated GC) [PSYoungGen: 163533K->28098K(175104K)] 667197K->543269K(699392K), 0.0132713 secs] [Times: user=0.16 sys=0.00, real=0.02 secs] 
2016-09-24T02:45:13.446-0400: 104.599: [Full GC (Ergonomics) [PSYoungGen: 28098K->0K(175104K)] [ParOldGen: 515170K->475582K(524288K)] 543269K->475582K(699392K), [Metaspace: 43906K->43906K(1087488K)], 0.0562778 secs] [Times: user=0.54 sys=0.00, real=0.06 secs] 
2016-09-24T02:45:13.552-0400: 104.705: [GC (GCLocker Initiated GC) [PSYoungGen: 88064K->56701K(175104K)] 567721K->536358K(699392K), 0.0066004 secs] [Times: user=0.08 sys=0.00, real=0.01 secs] 
2016-09-24T02:45:13.618-0400: 104.770: [GC (GCLocker Initiated GC) [PSYoungGen: 144765K->44351K(175104K)] 631358K->546664K(699392K), 0.0102012 secs] [Times: user=0.16 sys=0.00, real=0.01 secs] 
2016-09-24T02:45:13.681-0400: 104.833: [Full GC (Ergonomics) [PSYoungGen: 132415K->0K(175104K)] [ParOldGen: 507743K->489378K(524288K)] 640158K->489378K(699392K), [Metaspace: 43906K->43906K(1087488K)], 0.0726208 secs] [Times: user=0.82 sys=0.01, real=0.07 secs] 
2016-09-24T02:45:13.813-0400: 104.966: [GC (GCLocker Initiated GC) [PSYoungGen: 88064K->85407K(175104K)] 580236K->577579K(699392K), 0.0072474 secs] [Times: user=0.11 sys=0.00, real=0.01 secs] 
2016-09-24T02:45:13.876-0400: 105.028: [GC (GCLocker Initiated GC) --[PSYoungGen: 173471K->173471K(175104K)] 668403K->695234K(699392K), 0.0104766 secs] [Times: user=0.12 sys=0.01, real=0.01 secs] 
2016-09-24T02:45:13.886-0400: 105.039: [Full GC (Ergonomics) [PSYoungGen: 173471K->0K(175104K)] [ParOldGen: 521762K->487699K(524288K)] 695234K->487699K(699392K), [Metaspace: 43906K->43906K(1087488K)], 0.0599669 secs] [Times: user=0.64 sys=0.01, real=0.06 secs] 
2016-09-24T02:45:13.996-0400: 105.148: [GC (GCLocker Initiated GC) [PSYoungGen: 88064K->86599K(175104K)] 575811K->574347K(699392K), 0.0078679 secs] [Times: user=0.11 sys=0.00, real=0.01 secs] 
2016-09-24T02:45:14.069-0400: 105.222: [GC (GCLocker Initiated GC) [PSYoungGen: 174663K->34814K(175104K)] 669301K->556131K(699392K), 0.0068630 secs] [Times: user=0.07 sys=0.00, real=0.01 secs] 
2016-09-24T02:45:14.076-0400: 105.229: [Full GC (Ergonomics) [PSYoungGen: 34814K->0K(175104K)] [ParOldGen: 521316K->488789K(524288K)] 556131K->488789K(699392K), [Metaspace: 43906K->43906K(1087488K)], 0.0677847 secs] [Times: user=0.61 sys=0.01, real=0.07 secs] 
2016-09-24T02:45:14.202-0400: 105.355: [GC (GCLocker Initiated GC) [PSYoungGen: 88064K->55574K(175104K)] 584996K->552507K(699392K), 0.0063183 secs] [Times: user=0.09 sys=0.00, real=0.00 secs] 
2016-09-24T02:45:14.265-0400: 105.418: [Full GC (Ergonomics) [PSYoungGen: 143638K->0K(175104K)] [ParOldGen: 503701K->492745K(524288K)] 647340K->492745K(699392K), [Metaspace: 43909K->43909K(1087488K)], 0.0578270 secs] [Times: user=0.52 sys=0.00, real=0.06 secs] 
2016-09-24T02:45:14.380-0400: 105.532: [GC (GCLocker Initiated GC) [PSYoungGen: 88064K->63332K(175104K)] 584864K->560133K(699392K), 0.0079418 secs] [Times: user=0.11 sys=0.00, real=0.01 secs] 
2016-09-24T02:45:14.442-0400: 105.595: [Full GC (Ergonomics) [PSYoungGen: 151396K->0K(175104K)] [ParOldGen: 505100K->496456K(524288K)] 656497K->496456K(699392K), [Metaspace: 43909K->43909K(1087488K)], 0.0754692 secs] [Times: user=0.65 sys=0.01, real=0.07 secs] 
2016-09-24T02:45:14.569-0400: 105.722: [GC (GCLocker Initiated GC) [PSYoungGen: 88064K->67370K(175104K)] 584683K->563990K(699392K), 0.0076219 secs] [Times: user=0.08 sys=0.02, real=0.01 secs] 
2016-09-24T02:45:14.637-0400: 105.789: [Full GC (Ergonomics) [PSYoungGen: 155434K->0K(175104K)] [ParOldGen: 502265K->502879K(524288K)] 657699K->502879K(699392K), [Metaspace: 43909K->43909K(1087488K)], 0.0739652 secs] [Times: user=0.78 sys=0.00, real=0.07 secs] 
2016-09-24T02:45:14.778-0400: 105.930: [Full GC (Ergonomics) [PSYoungGen: 88064K->0K(175104K)] [ParOldGen: 511079K->495320K(524288K)] 599143K->495320K(699392K), [Metaspace: 43909K->43909K(1087488K)], 0.0739191 secs] [Times: user=0.74 sys=0.00, real=0.07 secs] 
2016-09-24T02:45:14.903-0400: 106.055: [Full GC (Ergonomics) [PSYoungGen: 88064K->0K(175104K)] [ParOldGen: 500803K->495895K(524288K)] 588867K->495895K(699392K), [Metaspace: 43909K->43909K(1087488K)], 0.0789152 secs] [Times: user=0.91 sys=0.02, real=0.07 secs] 
2016-09-24T02:45:15.049-0400: 106.202: [GC (GCLocker Initiated GC) [PSYoungGen: 88064K->66077K(175104K)] 586691K->564705K(699392K), 0.0069822 secs] [Times: user=0.10 sys=0.01, real=0.01 secs] 
2016-09-24T02:45:15.118-0400: 106.270: [Full GC (Ergonomics) [PSYoungGen: 154141K->0K(175104K)] [ParOldGen: 505385K->499666K(524288K)] 659526K->499666K(699392K), [Metaspace: 43909K->43909K(1087488K)], 0.0824327 secs] [Times: user=0.95 sys=0.00, real=0.08 secs] 
2016-09-24T02:45:15.265-0400: 106.417: [Full GC (Ergonomics) [PSYoungGen: 88064K->0K(175104K)] [ParOldGen: 506598K->496214K(524288K)] 594662K->496214K(699392K), [Metaspace: 43909K->43909K(1087488K)], 0.0659721 secs] [Times: user=0.60 sys=0.00, real=0.06 secs] 
2016-09-24T02:45:15.382-0400: 106.535: [Full GC (Ergonomics) [PSYoungGen: 88064K->0K(175104K)] [ParOldGen: 501660K->490256K(524288K)] 589724K->490256K(699392K), [Metaspace: 43909K->43909K(1087488K)], 0.0906577 secs] [Times: user=1.12 sys=0.00, real=0.08 secs] 
2016-09-24T02:45:15.531-0400: 106.683: [GC (GCLocker Initiated GC) [PSYoungGen: 88063K->51257K(175104K)] 588003K->551197K(699392K), 0.0064893 secs] [Times: user=0.09 sys=0.00, real=0.01 secs] 
2016-09-24T02:45:15.591-0400: 106.744: [Full GC (Ergonomics) [PSYoungGen: 139321K->0K(175104K)] [ParOldGen: 502831K->491189K(524288K)] 642153K->491189K(699392K), [Metaspace: 43909K->43909K(1087488K)], 0.0810211 secs] [Times: user=0.89 sys=0.01, real=0.08 secs] 
2016-09-24T02:45:15.728-0400: 106.881: [GC (GCLocker Initiated GC) [PSYoungGen: 88064K->63286K(175104K)] 581973K->557195K(699392K), 0.0095722 secs] [Times: user=0.13 sys=0.00, real=0.01 secs] 
2016-09-24T02:45:15.805-0400: 106.958: [GC (GCLocker Initiated GC) [PSYoungGen: 151350K->51092K(175104K)] 652235K->552749K(699392K), 0.0053383 secs] [Times: user=0.08 sys=0.00, real=0.00 secs] 
2016-09-24T02:45:15.861-0400: 107.014: [Full GC (Ergonomics) [PSYoungGen: 139156K->0K(175104K)] [ParOldGen: 513873K->500678K(524288K)] 653030K->500678K(699392K), [Metaspace: 43909K->43909K(1087488K)], 0.0777119 secs] [Times: user=0.75 sys=0.01, real=0.08 secs] 
2016-09-24T02:45:15.995-0400: 107.148: [GC (GCLocker Initiated GC) [PSYoungGen: 88064K->56465K(175104K)] 588940K->557342K(699392K), 0.0073834 secs] [Times: user=0.07 sys=0.01, real=0.01 secs] 
2016-09-24T02:45:16.061-0400: 107.214: [GC (GCLocker Initiated GC) [PSYoungGen: 144529K->38602K(175104K)] 649987K->544823K(699392K), 0.0089248 secs] [Times: user=0.08 sys=0.00, real=0.01 secs] 
2016-09-24T02:45:16.118-0400: 107.270: [Full GC (Ergonomics) [PSYoungGen: 126666K->0K(175104K)] [ParOldGen: 511866K->496676K(524288K)] 638532K->496676K(699392K), [Metaspace: 43909K->43909K(1087488K)], 0.0617213 secs] [Times: user=0.54 sys=0.01, real=0.06 secs] 
2016-09-24T02:45:16.228-0400: 107.381: [GC (GCLocker Initiated GC) [PSYoungGen: 88064K->64585K(175104K)] 590173K->566694K(699392K), 0.0069312 secs] [Times: user=0.05 sys=0.01, real=0.01 secs] 
2016-09-24T02:45:16.280-0400: 107.432: [GC (GCLocker Initiated GC) --[PSYoungGen: 152649K->152649K(175104K)] 654863K->674481K(699392K), 0.0105206 secs] [Times: user=0.11 sys=0.01, real=0.01 secs] 
2016-09-24T02:45:16.290-0400: 107.443: [Full GC (Ergonomics) [PSYoungGen: 152649K->0K(175104K)] [ParOldGen: 521832K->494840K(524288K)] 674481K->494840K(699392K), [Metaspace: 43909K->43909K(1087488K)], 0.0561273 secs] [Times: user=0.52 sys=0.01, real=0.06 secs] 
2016-09-24T02:45:16.396-0400: 107.548: [GC (GCLocker Initiated GC) [PSYoungGen: 88064K->56590K(172032K)] 585671K->554197K(696320K), 0.0080959 secs] [Times: user=0.12 sys=0.00, real=0.01 secs] 
2016-09-24T02:45:16.461-0400: 107.613: [GC (GCLocker Initiated GC) [PSYoungGen: 144654K->69218K(173568K)] 647710K->572274K(697856K), 0.0095771 secs] [Times: user=0.12 sys=0.00, real=0.01 secs] 
2016-09-24T02:45:16.536-0400: 107.688: [Full GC (Ergonomics) [PSYoungGen: 157282K->0K(173568K)] [ParOldGen: 515316K->493574K(524288K)] 672599K->493574K(697856K), [Metaspace: 43909K->43909K(1087488K)], 0.0558493 secs] [Times: user=0.42 sys=0.00, real=0.05 secs] 
2016-09-24T02:45:16.644-0400: 107.796: [GC (GCLocker Initiated GC) [PSYoungGen: 88064K->72658K(175104K)] 581662K->566257K(699392K), 0.0084411 secs] [Times: user=0.09 sys=0.00, real=0.00 secs] 
2016-09-24T02:45:16.707-0400: 107.860: [GC (GCLocker Initiated GC) [PSYoungGen: 160722K->63712K(175104K)] 659729K->562719K(699392K), 0.0084431 secs] [Times: user=0.12 sys=0.00, real=0.01 secs] 
2016-09-24T02:45:16.764-0400: 107.917: [GC (Allocation Failure) --[PSYoungGen: 151776K->151776K(175104K)] 662983K->673530K(699392K), 0.0091765 secs] [Times: user=0.06 sys=0.01, real=0.00 secs] 
2016-09-24T02:45:16.774-0400: 107.926: [Full GC (Ergonomics) [PSYoungGen: 151776K->0K(175104K)] [ParOldGen: 521754K->497538K(524288K)] 673530K->497538K(699392K), [Metaspace: 43909K->43909K(1087488K)], 0.0708060 secs] [Times: user=0.73 sys=0.00, real=0.08 secs] 
2016-09-24T02:45:16.898-0400: 108.050: [GC (GCLocker Initiated GC) [PSYoungGen: 87133K->56400K(173056K)] 586022K->555288K(697344K), 0.0143519 secs] [Times: user=0.15 sys=0.00, real=0.01 secs] 
2016-09-24T02:45:16.971-0400: 108.124: [GC (GCLocker Initiated GC) [PSYoungGen: 144464K->44573K(174080K)] 652947K->553056K(698368K), 0.0084495 secs] [Times: user=0.10 sys=0.00, real=0.01 secs] 
2016-09-24T02:45:17.025-0400: 108.178: [GC (GCLocker Initiated GC) [PSYoungGen: 132637K->55866K(172032K)] 641158K->564387K(696320K), 0.0099445 secs] [Times: user=0.06 sys=0.01, real=0.01 secs] 
2016-09-24T02:45:17.109-0400: 108.262: [GC (GCLocker Initiated GC) [PSYoungGen: 145978K->53599K(174080K)] 654527K->562148K(698368K), 0.0072814 secs] [Times: user=0.08 sys=0.00, real=0.01 secs] 
2016-09-24T02:45:17.169-0400: 108.321: [GC (Allocation Failure) [PSYoungGen: 143711K->58155K(174080K)] 656443K->570887K(698368K), 0.0107039 secs] [Times: user=0.12 sys=0.00, real=0.01 secs] 
2016-09-24T02:45:17.182-0400: 108.335: [GC (GCLocker Initiated GC) [PSYoungGen: 58828K->68961K(175616K)] 571560K->581693K(699904K), 0.0071387 secs] [Times: user=0.08 sys=0.01, real=0.00 secs] 
2016-09-24T02:45:17.248-0400: 108.401: [GC (GCLocker Initiated GC) --[PSYoungGen: 162955K->162955K(175616K)] 678387K->686487K(699904K), 0.0214933 secs] [Times: user=0.27 sys=0.01, real=0.02 secs] 
2016-09-24T02:45:17.270-0400: 108.422: [Full GC (Ergonomics) [PSYoungGen: 162955K->0K(175616K)] [ParOldGen: 523532K->490733K(524288K)] 686487K->490733K(699904K), [Metaspace: 43909K->43909K(1087488K)], 0.1002551 secs] [Times: user=1.02 sys=0.02, real=0.10 secs] 
2016-09-24T02:45:17.442-0400: 108.595: [GC (GCLocker Initiated GC) [PSYoungGen: 95744K->51281K(181248K)] 589266K->544804K(705536K), 0.0094823 secs] [Times: user=0.07 sys=0.01, real=0.01 secs] 
2016-09-24T02:45:17.511-0400: 108.664: [GC (Allocation Failure) [PSYoungGen: 150609K->78849K(178688K)] 646905K->577845K(702976K), 0.0094185 secs] [Times: user=0.11 sys=0.00, real=0.01 secs] 
2016-09-24T02:45:17.521-0400: 108.674: [GC (GCLocker Initiated GC) [PSYoungGen: 79149K->81461K(171520K)] 578145K->604757K(695808K), 0.0088936 secs] [Times: user=0.12 sys=0.00, real=0.01 secs] 
2016-09-24T02:45:17.530-0400: 108.683: [Full GC (Ergonomics) [PSYoungGen: 81461K->0K(171520K)] [ParOldGen: 523296K->502727K(524288K)] 604757K->502727K(695808K), [Metaspace: 43909K->43909K(1087488K)], 0.0797221 secs] [Times: user=0.76 sys=0.01, real=0.08 secs] 
2016-09-24T02:45:17.668-0400: 108.821: [GC (GCLocker Initiated GC) [PSYoungGen: 88064K->64709K(175104K)] 590795K->567441K(699392K), 0.0148720 secs] [Times: user=0.20 sys=0.00, real=0.02 secs] 
2016-09-24T02:45:17.739-0400: 108.891: [GC (GCLocker Initiated GC) [PSYoungGen: 152773K->68008K(175104K)] 655638K->570874K(699392K), 0.0106658 secs] [Times: user=0.12 sys=0.00, real=0.01 secs] 
2016-09-24T02:45:17.806-0400: 108.959: [GC (GCLocker Initiated GC) [PSYoungGen: 156072K->79325K(175104K)] 659157K->582410K(699392K), 0.0088799 secs] [Times: user=0.08 sys=0.00, real=0.01 secs] 
2016-09-24T02:45:17.883-0400: 109.035: [GC (Allocation Failure) [PSYoungGen: 167389K->70375K(175104K)] 675928K->578914K(699392K), 0.0072325 secs] [Times: user=0.09 sys=0.00, real=0.00 secs] 
2016-09-24T02:45:17.951-0400: 109.103: [GC (GCLocker Initiated GC) [PSYoungGen: 156936K->83777K(175104K)] 668175K->595797K(699392K), 0.0081195 secs] [Times: user=0.10 sys=0.00, real=0.01 secs] 
2016-09-24T02:45:18.022-0400: 109.175: [Full GC (Ergonomics) [PSYoungGen: 171841K->0K(175104K)] [ParOldGen: 522965K->495194K(524288K)] 694807K->495194K(699392K), [Metaspace: 43911K->43911K(1087488K)], 0.0630195 secs] [Times: user=0.52 sys=0.01, real=0.07 secs] 
2016-09-24T02:45:18.150-0400: 109.302: [GC (GCLocker Initiated GC) [PSYoungGen: 88064K->34961K(175104K)] 588183K->535081K(699392K), 0.0100483 secs] [Times: user=0.07 sys=0.00, real=0.01 secs] 
2016-09-24T02:45:18.216-0400: 109.368: [GC (GCLocker Initiated GC) [PSYoungGen: 123025K->58483K(175104K)] 623223K->558681K(699392K), 0.0154489 secs] [Times: user=0.18 sys=0.00, real=0.01 secs] 
2016-09-24T02:45:18.295-0400: 109.448: [GC (GCLocker Initiated GC) [PSYoungGen: 146547K->63110K(175104K)] 648203K->579744K(699392K), 0.0211960 secs] [Times: user=0.27 sys=0.01, real=0.02 secs] 
2016-09-24T02:45:18.316-0400: 109.469: [Full GC (Ergonomics) [PSYoungGen: 63110K->0K(175104K)] [ParOldGen: 516634K->496984K(524288K)] 579744K->496984K(699392K), [Metaspace: 43911K->43911K(1087488K)], 0.0710931 secs] [Times: user=0.70 sys=0.01, real=0.07 secs] 
2016-09-24T02:45:18.444-0400: 109.597: [GC (Allocation Failure) [PSYoungGen: 88064K->74285K(175104K)] 585108K->571330K(699392K), 0.0098599 secs] [Times: user=0.14 sys=0.00, real=0.00 secs] 
2016-09-24T02:45:18.510-0400: 109.662: [GC (GCLocker Initiated GC) --[PSYoungGen: 160072K->160072K(175104K)] 659817K->682313K(699392K), 0.0110755 secs] [Times: user=0.10 sys=0.00, real=0.01 secs] 
2016-09-24T02:45:18.521-0400: 109.673: [Full GC (Ergonomics) [PSYoungGen: 160072K->0K(175104K)] [ParOldGen: 522240K->500763K(524288K)] 682313K->500763K(699392K), [Metaspace: 43911K->43911K(1087488K)], 0.0685809 secs] [Times: user=0.60 sys=0.00, real=0.07 secs] 
2016-09-24T02:45:18.661-0400: 109.813: [GC (GCLocker Initiated GC) [PSYoungGen: 88064K->55595K(175104K)] 597091K->564623K(699392K), 0.0066905 secs] [Times: user=0.08 sys=0.01, real=0.01 secs] 
2016-09-24T02:45:18.718-0400: 109.871: [GC (GCLocker Initiated GC) [PSYoungGen: 143659K->64729K(175104K)] 652754K->588399K(699392K), 0.0087908 secs] [Times: user=0.10 sys=0.00, real=0.01 secs] 
2016-09-24T02:45:18.727-0400: 109.880: [Full GC (Ergonomics) [PSYoungGen: 64729K->0K(175104K)] [ParOldGen: 523669K->504690K(524288K)] 588399K->504690K(699392K), [Metaspace: 43911K->43911K(1087488K)], 0.0794213 secs] [Times: user=0.53 sys=0.01, real=0.08 secs] 
2016-09-24T02:45:18.868-0400: 110.021: [Full GC (Ergonomics) [PSYoungGen: 88064K->0K(175104K)] [ParOldGen: 510130K->502463K(524288K)] 598194K->502463K(699392K), [Metaspace: 43913K->43913K(1087488K)], 0.0733863 secs] [Times: user=0.53 sys=0.01, real=0.07 secs] 
2016-09-24T02:45:19.005-0400: 110.158: [GC (GCLocker Initiated GC) [PSYoungGen: 88064K->41674K(175104K)] 593345K->546955K(699392K), 0.0082893 secs] [Times: user=0.06 sys=0.00, real=0.00 secs] 
2016-09-24T02:45:19.082-0400: 110.234: [GC (GCLocker Initiated GC) [PSYoungGen: 129738K->54950K(175104K)] 635079K->566521K(699392K), 0.0078547 secs] [Times: user=0.08 sys=0.00, real=0.01 secs] 
2016-09-24T02:45:19.090-0400: 110.242: [Full GC (Ergonomics) [PSYoungGen: 54950K->0K(175104K)] [ParOldGen: 511570K->495325K(524288K)] 566521K->495325K(699392K), [Metaspace: 43913K->43913K(1087488K)], 0.0559251 secs] [Times: user=0.48 sys=0.01, real=0.06 secs] 
2016-09-24T02:45:19.204-0400: 110.356: [GC (GCLocker Initiated GC) [PSYoungGen: 88064K->47230K(175104K)] 583528K->542694K(699392K), 0.0082520 secs] [Times: user=0.08 sys=0.00, real=0.00 secs] 
2016-09-24T02:45:19.269-0400: 110.421: [Full GC (Ergonomics) [PSYoungGen: 135294K->0K(175104K)] [ParOldGen: 510425K->504839K(524288K)] 645719K->504839K(699392K), [Metaspace: 43913K->43913K(1087488K)], 0.0898704 secs] [Times: user=1.00 sys=0.01, real=0.09 secs] 
2016-09-24T02:45:19.419-0400: 110.572: [Full GC (Ergonomics) [PSYoungGen: 88064K->0K(175104K)] [ParOldGen: 512973K->497230K(524288K)] 601037K->497230K(699392K), [Metaspace: 43913K->43913K(1087488K)], 0.0558992 secs] [Times: user=0.46 sys=0.00, real=0.06 secs] 
2016-09-24T02:45:19.530-0400: 110.682: [GC (GCLocker Initiated GC) [PSYoungGen: 88064K->55331K(143872K)] 589513K->556780K(668160K), 0.0100629 secs] [Times: user=0.07 sys=0.00, real=0.01 secs] 
2016-09-24T02:45:19.600-0400: 110.752: [GC (GCLocker Initiated GC) [PSYoungGen: 143395K->85760K(174080K)] 644879K->587244K(698368K), 0.0124070 secs] [Times: user=0.18 sys=0.00, real=0.01 secs] 
2016-09-24T02:45:19.663-0400: 110.816: [GC (GCLocker Initiated GC) --[PSYoungGen: 173312K->173312K(174080K)] 674834K->695342K(698368K), 0.0102912 secs] [Times: user=0.10 sys=0.00, real=0.00 secs] 
2016-09-24T02:45:19.674-0400: 110.826: [Full GC (Ergonomics) [PSYoungGen: 173312K->0K(174080K)] [ParOldGen: 522029K->493574K(524288K)] 695342K->493574K(698368K), [Metaspace: 43913K->43913K(1087488K)], 0.0732596 secs] [Times: user=0.63 sys=0.02, real=0.08 secs] 
2016-09-24T02:45:19.805-0400: 110.957: [GC (GCLocker Initiated GC) [PSYoungGen: 87552K->56834K(174592K)] 586528K->555811K(698880K), 0.0094593 secs] [Times: user=0.08 sys=0.00, real=0.01 secs] 
2016-09-24T02:45:19.873-0400: 111.026: [GC (GCLocker Initiated GC) [PSYoungGen: 144386K->49774K(175104K)] 654218K->562024K(699392K), 0.0144964 secs] [Times: user=0.20 sys=0.00, real=0.02 secs] 
2016-09-24T02:45:19.888-0400: 111.040: [Full GC (Ergonomics) [PSYoungGen: 49774K->0K(175104K)] [ParOldGen: 512249K->500174K(524288K)] 562024K->500174K(699392K), [Metaspace: 43913K->43913K(1087488K)], 0.0695796 secs] [Times: user=0.66 sys=0.00, real=0.07 secs] 
2016-09-24T02:45:20.021-0400: 111.173: [GC (GCLocker Initiated GC) [PSYoungGen: 88064K->65223K(175104K)] 588387K->565547K(699392K), 0.0107829 secs] [Times: user=0.15 sys=0.00, real=0.01 secs] 
2016-09-24T02:45:20.099-0400: 111.252: [GC (GCLocker Initiated GC) [PSYoungGen: 153287K->37528K(175104K)] 656406K->560834K(699392K), 0.0122532 secs] [Times: user=0.13 sys=0.00, real=0.01 secs] 
2016-09-24T02:45:20.112-0400: 111.264: [Full GC (Ergonomics) [PSYoungGen: 37528K->0K(175104K)] [ParOldGen: 523305K->498740K(524288K)] 560834K->498740K(699392K), [Metaspace: 43913K->43913K(1087488K)], 0.0557450 secs] [Times: user=0.47 sys=0.00, real=0.06 secs] 
2016-09-24T02:45:20.227-0400: 111.380: [GC (GCLocker Initiated GC) [PSYoungGen: 88064K->54340K(175104K)] 589635K->555911K(699392K), 0.0082923 secs] [Times: user=0.11 sys=0.00, real=0.01 secs] 
2016-09-24T02:45:20.299-0400: 111.452: [GC (GCLocker Initiated GC) [PSYoungGen: 142404K->56652K(171008K)] 649424K->567544K(695296K), 0.0204950 secs] [Times: user=0.26 sys=0.01, real=0.02 secs] 
2016-09-24T02:45:20.320-0400: 111.473: [Full GC (Ergonomics) [PSYoungGen: 56652K->0K(171008K)] [ParOldGen: 510892K->502751K(524288K)] 567544K->502751K(695296K), [Metaspace: 43913K->43913K(1087488K)], 0.0655577 secs] [Times: user=0.49 sys=0.01, real=0.07 secs] 
2016-09-24T02:45:20.459-0400: 111.612: [GC (GCLocker Initiated GC) [PSYoungGen: 88064K->51470K(173056K)] 593536K->556943K(697344K), 0.0076697 secs] [Times: user=0.07 sys=0.00, real=0.01 secs] 
2016-09-24T02:45:20.532-0400: 111.684: [Full GC (Ergonomics) [PSYoungGen: 139534K->0K(173056K)] [ParOldGen: 513805K->504164K(524288K)] 653340K->504164K(697344K), [Metaspace: 43913K->43913K(1087488K)], 0.0601092 secs] [Times: user=0.47 sys=0.00, real=0.06 secs] 
2016-09-24T02:45:20.648-0400: 111.800: [GC (GCLocker Initiated GC) [PSYoungGen: 88064K->56866K(170496K)] 594980K->563782K(694784K), 0.0117368 secs] [Times: user=0.13 sys=0.00, real=0.01 secs] 
2016-09-24T02:45:20.736-0400: 111.888: [GC (GCLocker Initiated GC) [PSYoungGen: 149538K->71269K(173568K)] 656560K->578292K(697856K), 0.0080845 secs] [Times: user=0.10 sys=0.00, real=0.01 secs] 
2016-09-24T02:45:20.811-0400: 111.964: [GC (GCLocker Initiated GC) [PSYoungGen: 163941K->71807K(174080K)] 673822K->581687K(698368K), 0.0081805 secs] [Times: user=0.11 sys=0.00, real=0.01 secs] 
2016-09-24T02:45:20.887-0400: 112.040: [Full GC (Ergonomics) [PSYoungGen: 161919K->0K(174080K)] [ParOldGen: 513669K->502692K(524288K)] 675588K->502692K(698368K), [Metaspace: 43914K->43914K(1087488K)], 0.0603740 secs] [Times: user=0.58 sys=0.00, real=0.06 secs] 
2016-09-24T02:45:21.020-0400: 112.172: [GC (GCLocker Initiated GC) [PSYoungGen: 90112K->34000K(124416K)] 599570K->543459K(648704K), 0.0056383 secs] [Times: user=0.06 sys=0.01, real=0.01 secs] 
2016-09-24T02:45:21.094-0400: 112.246: [Full GC (Ergonomics) [PSYoungGen: 124112K->0K(124416K)] [ParOldGen: 521699K->513302K(524288K)] 645812K->513302K(648704K), [Metaspace: 43914K->43914K(1087488K)], 0.0720100 secs] [Times: user=0.66 sys=0.01, real=0.08 secs] 
2016-09-24T02:45:21.243-0400: 112.396: [Full GC (Ergonomics) [PSYoungGen: 90112K->0K(124416K)] [ParOldGen: 513442K->505859K(524288K)] 603554K->505859K(648704K), [Metaspace: 43914K->43914K(1087488K)], 0.0644189 secs] [Times: user=0.52 sys=0.00, real=0.06 secs] 
2016-09-24T02:45:21.379-0400: 112.531: [GC (GCLocker Initiated GC) [PSYoungGen: 90112K->57128K(177152K)] 598799K->565816K(701440K), 0.0192448 secs] [Times: user=0.19 sys=0.00, real=0.02 secs] 
2016-09-24T02:45:21.466-0400: 112.618: [Full GC (Ergonomics) [PSYoungGen: 147240K->0K(177152K)] [ParOldGen: 512984K->504609K(524288K)] 660225K->504609K(701440K), [Metaspace: 43914K->43914K(1087488K)], 0.0568813 secs] [Times: user=0.42 sys=0.00, real=0.06 secs] 
2016-09-24T02:45:21.586-0400: 112.738: [GC (GCLocker Initiated GC) [PSYoungGen: 90112K->43353K(133632K)] 600140K->553381K(657920K), 0.0068199 secs] [Times: user=0.06 sys=0.00, real=0.00 secs] 
2016-09-24T02:45:21.659-0400: 112.812: [Full GC (Ergonomics) [PSYoungGen: 133465K->0K(133632K)] [ParOldGen: 518156K->501625K(524288K)] 651621K->501625K(657920K), [Metaspace: 43914K->43914K(1087488K)], 0.0915137 secs] [Times: user=0.90 sys=0.02, real=0.09 secs] 
2016-09-24T02:45:21.809-0400: 112.961: [GC (GCLocker Initiated GC) [PSYoungGen: 90112K->63962K(174080K)] 594459K->568310K(698368K), 0.0109747 secs] [Times: user=0.14 sys=0.00, real=0.01 secs] 
2016-09-24T02:45:21.873-0400: 113.026: [GC (GCLocker Initiated GC) [PSYoungGen: 153562K->76821K(174592K)] 657939K->581198K(698880K), 0.0071344 secs] [Times: user=0.10 sys=0.00, real=0.01 secs] 
2016-09-24T02:45:21.939-0400: 113.092: [GC (GCLocker Initiated GC) [PSYoungGen: 166421K->76196K(175104K)] 677314K->587089K(699392K), 0.0104231 secs] [Times: user=0.13 sys=0.00, real=0.01 secs] 
2016-09-24T02:45:22.019-0400: 113.171: [GC (GCLocker Initiated GC) [PSYoungGen: 164260K->64470K(175104K)] 675316K->575526K(699392K), 0.0079187 secs] [Times: user=0.06 sys=0.00, real=0.01 secs] 
2016-09-24T02:45:22.084-0400: 113.236: [Full GC (Ergonomics) [PSYoungGen: 152534K->0K(175104K)] [ParOldGen: 520766K->504875K(524288K)] 673301K->504875K(699392K), [Metaspace: 43923K->43923K(1087488K)], 0.0587779 secs] [Times: user=0.49 sys=0.00, real=0.06 secs] 
2016-09-24T02:45:22.206-0400: 113.359: [Full GC (Ergonomics) [PSYoungGen: 88064K->0K(175104K)] [ParOldGen: 515837K->508983K(524288K)] 603901K->508983K(699392K), [Metaspace: 43923K->43923K(1087488K)], 0.1222357 secs] [Times: user=1.53 sys=0.01, real=0.12 secs] 
2016-09-24T02:45:22.393-0400: 113.545: [GC (GCLocker Initiated GC) [PSYoungGen: 88064K->48676K(175104K)] 601150K->561763K(699392K), 0.0076828 secs] [Times: user=0.06 sys=0.00, real=0.01 secs] 
2016-09-24T02:45:22.458-0400: 113.610: [GC (GCLocker Initiated GC) [PSYoungGen: 136740K->73785K(175104K)] 649926K->586970K(699392K), 0.0084000 secs] [Times: user=0.10 sys=0.00, real=0.01 secs] 
2016-09-24T02:45:22.535-0400: 113.687: [Full GC (Ergonomics) [PSYoungGen: 161849K->0K(175104K)] [ParOldGen: 519960K->508370K(524288K)] 681810K->508370K(699392K), [Metaspace: 43923K->43923K(1087488K)], 0.0734879 secs] [Times: user=0.60 sys=0.02, real=0.07 secs] 
2016-09-24T02:45:22.676-0400: 113.828: [GC (GCLocker Initiated GC) [PSYoungGen: 88064K->37847K(175104K)] 603312K->553095K(699392K), 0.0103414 secs] [Times: user=0.10 sys=0.01, real=0.01 secs] 
2016-09-24T02:45:22.744-0400: 113.896: [Full GC (Ergonomics) [PSYoungGen: 125911K->0K(175104K)] [ParOldGen: 519385K->512557K(524288K)] 645296K->512557K(699392K), [Metaspace: 43929K->43929K(1087488K)], 0.0643126 secs] [Times: user=0.53 sys=0.00, real=0.06 secs] 
2016-09-24T02:45:22.877-0400: 114.029: [Full GC (Ergonomics) [PSYoungGen: 88064K->0K(175104K)] [ParOldGen: 518001K->510569K(524288K)] 606065K->510569K(699392K), [Metaspace: 43929K->43929K(1087488K)], 0.0881287 secs] [Times: user=0.93 sys=0.01, real=0.09 secs] 
2016-09-24T02:45:23.034-0400: 114.186: [GC (GCLocker Initiated GC) [PSYoungGen: 88064K->60069K(175104K)] 598782K->570787K(699392K), 0.0065515 secs] [Times: user=0.08 sys=0.00, real=0.01 secs] 
2016-09-24T02:45:23.104-0400: 114.257: [GC (GCLocker Initiated GC) --[PSYoungGen: 148133K->148133K(175104K)] 664683K->671582K(699392K), 0.0224108 secs] [Times: user=0.18 sys=0.00, real=0.02 secs] 
2016-09-24T02:45:23.127-0400: 114.279: [Full GC (Ergonomics) [PSYoungGen: 148133K->0K(175104K)] [ParOldGen: 523448K->506885K(524288K)] 671582K->506885K(699392K), [Metaspace: 43929K->43929K(1087488K)], 0.0833651 secs] [Times: user=0.85 sys=0.02, real=0.08 secs] 
2016-09-24T02:45:23.265-0400: 114.417: [GC (GCLocker Initiated GC) [PSYoungGen: 88064K->75676K(175104K)] 595028K->582641K(699392K), 0.0086449 secs] [Times: user=0.10 sys=0.01, real=0.00 secs] 
2016-09-24T02:45:23.334-0400: 114.487: [GC (GCLocker Initiated GC) --[PSYoungGen: 163740K->163740K(175104K)] 674817K->686651K(699392K), 0.0355454 secs] [Times: user=0.18 sys=0.04, real=0.03 secs] 
2016-09-24T02:45:23.370-0400: 114.523: [Full GC (Ergonomics) [PSYoungGen: 163740K->0K(175104K)] [ParOldGen: 522910K->516489K(524288K)] 686651K->516489K(699392K), [Metaspace: 43929K->43929K(1087488K)], 0.0628721 secs] [Times: user=0.53 sys=0.04, real=0.06 secs] 
2016-09-24T02:45:23.498-0400: 114.651: [GC (GCLocker Initiated GC) [PSYoungGen: 88064K->59727K(175104K)] 604619K->576283K(699392K), 0.0145559 secs] [Times: user=0.18 sys=0.02, real=0.01 secs] 
2016-09-24T02:45:23.583-0400: 114.736: [GC (GCLocker Initiated GC) [PSYoungGen: 147791K->67571K(175104K)] 664373K->585381K(699392K), 0.0183477 secs] [Times: user=0.25 sys=0.03, real=0.01 secs] 
2016-09-24T02:45:23.668-0400: 114.821: [Full GC (Ergonomics) [PSYoungGen: 155635K->0K(175104K)] [ParOldGen: 523240K->513499K(524288K)] 678875K->513499K(699392K), [Metaspace: 43929K->43929K(1087488K)], 0.0747425 secs] [Times: user=0.79 sys=0.01, real=0.08 secs] 
2016-09-24T02:45:23.818-0400: 114.970: [GC (GCLocker Initiated GC) [PSYoungGen: 88064K->55645K(175104K)] 604290K->571871K(699392K), 0.0095310 secs] [Times: user=0.13 sys=0.00, real=0.01 secs] 
2016-09-24T02:45:23.890-0400: 115.042: [GC (GCLocker Initiated GC) [PSYoungGen: 143709K->83890K(175104K)] 660016K->601450K(699392K), 0.0167658 secs] [Times: user=0.21 sys=0.01, real=0.02 secs] 
2016-09-24T02:45:23.975-0400: 115.128: [Full GC (Ergonomics) [PSYoungGen: 171954K->0K(175104K)] [ParOldGen: 520425K->518585K(524288K)] 692379K->518585K(699392K), [Metaspace: 43929K->43929K(1087488K)], 0.0895379 secs] [Times: user=0.80 sys=0.01, real=0.09 secs] 
2016-09-24T02:45:24.131-0400: 115.283: [GC (GCLocker Initiated GC) [PSYoungGen: 88064K->32728K(175104K)] 606749K->551413K(699392K), 0.0175647 secs] [Times: user=0.19 sys=0.01, real=0.02 secs] 
2016-09-24T02:45:24.206-0400: 115.358: [GC (GCLocker Initiated GC) --[PSYoungGen: 120792K->120792K(175104K)] 639527K->644927K(699392K), 0.0275683 secs] [Times: user=0.27 sys=0.01, real=0.02 secs] 
2016-09-24T02:45:24.234-0400: 115.386: [Full GC (Ergonomics) [PSYoungGen: 120792K->0K(175104K)] [ParOldGen: 524134K->522723K(524288K)] 644927K->522723K(699392K), [Metaspace: 43929K->43929K(1087488K)], 0.0551316 secs] [Times: user=0.45 sys=0.01, real=0.06 secs] 
2016-09-24T02:45:24.343-0400: 115.496: [Full GC (Ergonomics) [PSYoungGen: 85509K->0K(175104K)] [ParOldGen: 522723K->523358K(524288K)] 608232K->523358K(699392K), [Metaspace: 43936K->43936K(1087488K)], 0.0590981 secs] [Times: user=0.52 sys=0.01, real=0.06 secs] 
2016-09-24T02:45:24.462-0400: 115.615: [Full GC (Ergonomics) [PSYoungGen: 88064K->0K(175104K)] [ParOldGen: 523575K->522846K(524288K)] 611639K->522846K(699392K), [Metaspace: 43936K->43936K(1087488K)], 0.0801816 secs] [Times: user=0.85 sys=0.01, real=0.08 secs] 
2016-09-24T02:45:24.599-0400: 115.751: [Full GC (Ergonomics) [PSYoungGen: 85665K->0K(175104K)] [ParOldGen: 522846K->521210K(524288K)] 608511K->521210K(699392K), [Metaspace: 43936K->43936K(1087488K)], 0.0748728 secs] [Times: user=0.88 sys=0.00, real=0.07 secs] 
2016-09-24T02:45:24.741-0400: 115.893: [Full GC (Ergonomics) [PSYoungGen: 88064K->0K(175104K)] [ParOldGen: 523943K->513774K(524288K)] 612007K->513774K(699392K), [Metaspace: 43936K->43936K(1087488K)], 0.0576435 secs] [Times: user=0.58 sys=0.01, real=0.06 secs] 
2016-09-24T02:45:25.466-0400: 116.619: [GC (Allocation Failure) [PSYoungGen: 88064K->4622K(175104K)] 601844K->518410K(699392K), 0.0119633 secs] [Times: user=0.11 sys=0.01, real=0.01 secs] 
2016-09-24T02:45:31.025-0400: 122.177: [GC (Allocation Failure) [PSYoungGen: 92686K->23205K(175104K)] 606474K->541160K(699392K), 0.0071120 secs] [Times: user=0.03 sys=0.01, real=0.00 secs] 
2016-09-24T02:45:36.300-0400: 127.452: [GC (Allocation Failure) --[PSYoungGen: 111268K->111268K(175104K)] 629223K->635544K(699392K), 0.0333149 secs] [Times: user=0.05 sys=0.09, real=0.03 secs] 
2016-09-24T02:45:36.333-0400: 127.486: [Full GC (Ergonomics) [PSYoungGen: 111268K->0K(175104K)] [ParOldGen: 524276K->426104K(524288K)] 635544K->426104K(699392K), [Metaspace: 43993K->43993K(1087488K)], 0.0969630 secs] [Times: user=0.72 sys=0.00, real=0.10 secs] 
2016-09-24T02:45:41.820-0400: 132.973: [GC (Allocation Failure) [PSYoungGen: 88064K->23141K(175104K)] 514168K->449253K(699392K), 0.0064530 secs] [Times: user=0.04 sys=0.00, real=0.01 secs] 
2016-09-24T02:45:47.018-0400: 138.170: [GC (Allocation Failure) [PSYoungGen: 111205K->22789K(175104K)] 537317K->471586K(699392K), 0.0140787 secs] [Times: user=0.10 sys=0.01, real=0.01 secs] 
2016-09-24T02:45:52.205-0400: 143.357: [GC (Allocation Failure) [PSYoungGen: 110853K->23621K(175104K)] 559650K->494992K(699392K), 0.0100429 secs] [Times: user=0.10 sys=0.00, real=0.01 secs] 
