Java HotSpot(TM) 64-Bit Server VM (25.101-b13) for linux-amd64 JRE (1.8.0_101-b13), built on Jun 22 2016 02:59:44 by "java_re" with gcc 4.3.0 20080428 (Red Hat 4.3.0-8)
Memory: 4k page, physical 264122324k(154217980k free), swap 268399612k(268399612k free)
CommandLine flags: -XX:GCLogFileSize=1048576 -XX:+HeapDumpOnOutOfMemoryError -XX:HeapDumpPath=artifacts/heapdump -XX:InitialHeapSize=805306368 -XX:MaxHeapSize=805306368 -XX:NumberOfGCLogFiles=10 -XX:+PrintGC -XX:+PrintGCDateStamps -XX:+PrintGCDetails -XX:+PrintGCTimeStamps -XX:+UseCompressedClassPointers -XX:+UseCompressedOops -XX:+UseGCLogFileRotation -XX:+UseParallelGC 
2016-09-22T22:41:00.947-0400: 2.207: [GC (Metadata GC Threshold) [PSYoungGen: 125830K->15447K(229376K)] 125830K->15535K(753664K), 0.0263604 secs] [Times: user=0.09 sys=0.04, real=0.02 secs] 
2016-09-22T22:41:00.974-0400: 2.233: [Full GC (Metadata GC Threshold) [PSYoungGen: 15447K->0K(229376K)] [ParOldGen: 88K->14602K(339968K)] 15535K->14602K(569344K), [Metaspace: 21072K->21072K(1067008K)], 0.0479758 secs] [Times: user=0.23 sys=0.04, real=0.05 secs] 
2016-09-22T22:41:02.889-0400: 4.148: [GC (Metadata GC Threshold) [PSYoungGen: 123119K->14961K(229376K)] 137721K->29700K(569344K), 0.0338620 secs] [Times: user=0.29 sys=0.01, real=0.03 secs] 
2016-09-22T22:41:02.923-0400: 4.182: [Full GC (Metadata GC Threshold) [PSYoungGen: 14961K->0K(229376K)] [ParOldGen: 14738K->20408K(524288K)] 29700K->20408K(753664K), [Metaspace: 35045K->35045K(1079296K)], 0.0759986 secs] [Times: user=0.61 sys=0.01, real=0.08 secs] 
2016-09-22T22:41:04.548-0400: 5.808: [GC (GCLocker Initiated GC) [PSYoungGen: 196608K->32740K(229376K)] 217020K->58316K(753664K), 0.0099398 secs] [Times: user=0.09 sys=0.01, real=0.01 secs] 
2016-09-22T22:41:04.749-0400: 6.009: [GC (GCLocker Initiated GC) [PSYoungGen: 229348K->32760K(229376K)] 255036K->60290K(753664K), 0.0070660 secs] [Times: user=0.06 sys=0.02, real=0.01 secs] 
2016-09-22T22:41:04.906-0400: 6.165: [GC (GCLocker Initiated GC) [PSYoungGen: 229368K->32111K(228864K)] 256939K->81290K(753152K), 0.0067250 secs] [Times: user=0.09 sys=0.01, real=0.01 secs] 
2016-09-22T22:41:05.092-0400: 6.351: [GC (GCLocker Initiated GC) [PSYoungGen: 228719K->32317K(205312K)] 283532K->100637K(729600K), 0.0064286 secs] [Times: user=0.06 sys=0.02, real=0.01 secs] 
2016-09-22T22:41:05.228-0400: 6.487: [GC (GCLocker Initiated GC) [PSYoungGen: 204349K->44606K(217088K)] 272914K->113180K(741376K), 0.0068489 secs] [Times: user=0.06 sys=0.00, real=0.01 secs] 
2016-09-22T22:41:05.378-0400: 6.637: [GC (GCLocker Initiated GC) [PSYoungGen: 216638K->25898K(207872K)] 298758K->108026K(732160K), 0.0062657 secs] [Times: user=0.07 sys=0.00, real=0.00 secs] 
2016-09-22T22:41:05.523-0400: 6.783: [GC (GCLocker Initiated GC) [PSYoungGen: 188714K->34242K(212480K)] 270875K->116410K(736768K), 0.0103400 secs] [Times: user=0.11 sys=0.00, real=0.01 secs] 
2016-09-22T22:41:05.664-0400: 6.924: [GC (GCLocker Initiated GC) [PSYoungGen: 197058K->43117K(206848K)] 281955K->130746K(731136K), 0.0115393 secs] [Times: user=0.12 sys=0.01, real=0.02 secs] 
2016-09-22T22:41:05.799-0400: 7.059: [GC (GCLocker Initiated GC) [PSYoungGen: 200813K->48394K(206336K)] 293923K->144773K(730624K), 0.0064577 secs] [Times: user=0.04 sys=0.01, real=0.00 secs] 
2016-09-22T22:41:05.946-0400: 7.205: [GC (GCLocker Initiated GC) [PSYoungGen: 206090K->55206K(194048K)] 305197K->157572K(718336K), 0.0081076 secs] [Times: user=0.08 sys=0.00, real=0.01 secs] 
2016-09-22T22:41:06.080-0400: 7.339: [GC (GCLocker Initiated GC) [PSYoungGen: 193446K->17246K(155648K)] 304009K->139123K(679936K), 0.0116972 secs] [Times: user=0.10 sys=0.00, real=0.01 secs] 
2016-09-22T22:41:06.206-0400: 7.466: [GC (GCLocker Initiated GC) [PSYoungGen: 155486K->20711K(200192K)] 282900K->149211K(724480K), 0.0116943 secs] [Times: user=0.12 sys=0.01, real=0.02 secs] 
2016-09-22T22:41:06.334-0400: 7.594: [GC (GCLocker Initiated GC) [PSYoungGen: 158439K->32356K(170496K)] 291055K->165970K(694784K), 0.0112038 secs] [Times: user=0.10 sys=0.00, real=0.01 secs] 
2016-09-22T22:41:06.461-0400: 7.721: [GC (GCLocker Initiated GC) [PSYoungGen: 170084K->18412K(196608K)] 313183K->170565K(720896K), 0.0095965 secs] [Times: user=0.07 sys=0.00, real=0.01 secs] 
2016-09-22T22:41:06.590-0400: 7.849: [GC (GCLocker Initiated GC) [PSYoungGen: 156140K->35961K(196608K)] 313827K->194143K(720896K), 0.0111404 secs] [Times: user=0.06 sys=0.01, real=0.01 secs] 
2016-09-22T22:41:06.764-0400: 8.023: [GC (GCLocker Initiated GC) [PSYoungGen: 173689K->22607K(202240K)] 340173K->189608K(726528K), 0.0103759 secs] [Times: user=0.12 sys=0.00, real=0.01 secs] 
2016-09-22T22:41:06.909-0400: 8.169: [GC (GCLocker Initiated GC) [PSYoungGen: 168015K->30639K(202240K)] 339114K->202301K(726528K), 0.0049684 secs] [Times: user=0.03 sys=0.00, real=0.00 secs] 
2016-09-22T22:41:07.696-0400: 8.956: [GC (GCLocker Initiated GC) [PSYoungGen: 176047K->32071K(203264K)] 347712K->228623K(727552K), 0.0066642 secs] [Times: user=0.03 sys=0.03, real=0.00 secs] 
2016-09-22T22:41:07.832-0400: 9.092: [GC (GCLocker Initiated GC) [PSYoungGen: 182599K->21094K(202752K)] 387485K->226473K(727040K), 0.0224299 secs] [Times: user=0.23 sys=0.00, real=0.02 secs] 
2016-09-22T22:41:07.976-0400: 9.235: [GC (GCLocker Initiated GC) [PSYoungGen: 171622K->46793K(202240K)] 377212K->252947K(726528K), 0.0265801 secs] [Times: user=0.32 sys=0.00, real=0.02 secs] 
2016-09-22T22:41:08.134-0400: 9.394: [GC (GCLocker Initiated GC) [PSYoungGen: 197321K->41439K(192000K)] 406274K->250901K(716288K), 0.0060737 secs] [Times: user=0.04 sys=0.00, real=0.01 secs] 
2016-09-22T22:41:08.282-0400: 9.542: [GC (GCLocker Initiated GC) [PSYoungGen: 191967K->40075K(203776K)] 401582K->250237K(728064K), 0.0091626 secs] [Times: user=0.11 sys=0.01, real=0.01 secs] 
2016-09-22T22:41:08.403-0400: 9.663: [GC (GCLocker Initiated GC) [PSYoungGen: 186507K->53735K(200192K)] 396676K->264507K(724480K), 0.0058786 secs] [Times: user=0.07 sys=0.00, real=0.01 secs] 
2016-09-22T22:41:08.552-0400: 9.812: [GC (GCLocker Initiated GC) [PSYoungGen: 200167K->21188K(199168K)] 417973K->239503K(723456K), 0.0254064 secs] [Times: user=0.31 sys=0.00, real=0.03 secs] 
2016-09-22T22:41:08.691-0400: 9.950: [GC (GCLocker Initiated GC) [PSYoungGen: 158404K->39997K(199680K)] 379557K->261688K(723968K), 0.0054306 secs] [Times: user=0.05 sys=0.00, real=0.01 secs] 
2016-09-22T22:41:08.813-0400: 10.073: [GC (GCLocker Initiated GC) [PSYoungGen: 177213K->45602K(197120K)] 401715K->278683K(721408K), 0.0108353 secs] [Times: user=0.12 sys=0.01, real=0.01 secs] 
2016-09-22T22:41:08.945-0400: 10.205: [GC (GCLocker Initiated GC) [PSYoungGen: 180770K->27974K(198656K)] 416652K->283313K(722944K), 0.0103164 secs] [Times: user=0.09 sys=0.03, real=0.02 secs] 
2016-09-22T22:41:09.065-0400: 10.325: [GC (GCLocker Initiated GC) [PSYoungGen: 163142K->42902K(198656K)] 421291K->301569K(722944K), 0.0060698 secs] [Times: user=0.06 sys=0.00, real=0.01 secs] 
2016-09-22T22:41:09.186-0400: 10.446: [GC (GCLocker Initiated GC) [PSYoungGen: 179606K->53767K(190976K)] 441040K->315716K(715264K), 0.0100802 secs] [Times: user=0.14 sys=0.00, real=0.02 secs] 
2016-09-22T22:41:09.323-0400: 10.583: [GC (GCLocker Initiated GC) [PSYoungGen: 190471K->21238K(196096K)] 456651K->309591K(720384K), 0.0137526 secs] [Times: user=0.16 sys=0.03, real=0.02 secs] 
2016-09-22T22:41:09.446-0400: 10.706: [GC (GCLocker Initiated GC) [PSYoungGen: 151286K->35979K(166400K)] 445142K->330351K(690688K), 0.0058863 secs] [Times: user=0.04 sys=0.01, real=0.01 secs] 
2016-09-22T22:41:09.564-0400: 10.823: [GC (GCLocker Initiated GC) [PSYoungGen: 166027K->60388K(185856K)] 463129K->357994K(710144K), 0.0058683 secs] [Times: user=0.07 sys=0.01, real=0.01 secs] 
2016-09-22T22:41:09.683-0400: 10.943: [GC (GCLocker Initiated GC) [PSYoungGen: 183268K->36074K(192512K)] 486356K->355894K(716800K), 0.0063398 secs] [Times: user=0.08 sys=0.01, real=0.01 secs] 
2016-09-22T22:41:09.795-0400: 11.055: [GC (GCLocker Initiated GC) [PSYoungGen: 158954K->32011K(185856K)] 481506K->376633K(710144K), 0.0094297 secs] [Times: user=0.10 sys=0.02, real=0.00 secs] 
2016-09-22T22:41:09.913-0400: 11.173: [GC (GCLocker Initiated GC) [PSYoungGen: 157451K->29274K(190464K)] 511699K->400179K(714752K), 0.0104860 secs] [Times: user=0.10 sys=0.03, real=0.01 secs] 
2016-09-22T22:41:10.037-0400: 11.297: [GC (GCLocker Initiated GC) [PSYoungGen: 154714K->23938K(194560K)] 542038K->411862K(718848K), 0.0091182 secs] [Times: user=0.03 sys=0.06, real=0.00 secs] 
2016-09-22T22:41:10.173-0400: 11.433: [GC (GCLocker Initiated GC) [PSYoungGen: 157570K->40092K(196608K)] 545551K->428606K(720896K), 0.0049955 secs] [Times: user=0.06 sys=0.00, real=0.01 secs] 
2016-09-22T22:41:10.286-0400: 11.546: [GC (GCLocker Initiated GC) [PSYoungGen: 173724K->56274K(189952K)] 564974K->448002K(714240K), 0.0207099 secs] [Times: user=0.27 sys=0.01, real=0.03 secs] 
2016-09-22T22:41:10.421-0400: 11.680: [GC (Allocation Failure) [PSYoungGen: 184274K->10311K(138752K)] 581591K->424351K(663040K), 0.0131857 secs] [Times: user=0.14 sys=0.02, real=0.01 secs] 
2016-09-22T22:41:10.576-0400: 11.836: [GC (GCLocker Initiated GC) [PSYoungGen: 135989K->37187K(195584K)] 552729K->454428K(719872K), 0.0059244 secs] [Times: user=0.05 sys=0.00, real=0.00 secs] 
2016-09-22T22:41:10.706-0400: 11.965: [GC (GCLocker Initiated GC) [PSYoungGen: 163651K->45461K(193024K)] 581127K->463338K(717312K), 0.0065224 secs] [Times: user=0.07 sys=0.01, real=0.01 secs] 
2016-09-22T22:41:10.811-0400: 12.071: [GC (GCLocker Initiated GC) [PSYoungGen: 171925K->29133K(193536K)] 589983K->455746K(717824K), 0.0114000 secs] [Times: user=0.10 sys=0.02, real=0.01 secs] 
2016-09-22T22:41:11.048-0400: 12.307: [GC (GCLocker Initiated GC) [PSYoungGen: 157645K->21064K(193536K)] 591098K->454996K(717824K), 0.0128661 secs] [Times: user=0.14 sys=0.01, real=0.01 secs] 
2016-09-22T22:41:11.198-0400: 12.458: [GC (GCLocker Initiated GC) [PSYoungGen: 149576K->26529K(194560K)] 590273K->483896K(718848K), 0.0102655 secs] [Times: user=0.10 sys=0.01, real=0.01 secs] 
2016-09-22T22:41:11.412-0400: 12.672: [GC (GCLocker Initiated GC) [PSYoungGen: 159137K->22461K(195584K)] 623352K->500647K(719872K), 0.1258276 secs] [Times: user=1.69 sys=0.14, real=0.13 secs] 
2016-09-22T22:41:11.649-0400: 12.909: [GC (GCLocker Initiated GC) [PSYoungGen: 155069K->56389K(187904K)] 633494K->535322K(712192K), 0.0056629 secs] [Times: user=0.06 sys=0.02, real=0.01 secs] 
2016-09-22T22:41:11.776-0400: 13.036: [GC (Allocation Failure) [PSYoungGen: 182341K->30546K(194048K)] 670913K->519622K(718336K), 0.0073759 secs] [Times: user=0.09 sys=0.01, real=0.00 secs] 
2016-09-22T22:41:11.892-0400: 13.151: [GC (GCLocker Initiated GC) [PSYoungGen: 155908K->21012K(189440K)] 646333K->511924K(713728K), 0.0049557 secs] [Times: user=0.04 sys=0.01, real=0.01 secs] 
2016-09-22T22:41:11.989-0400: 13.249: [GC (GCLocker Initiated GC) [PSYoungGen: 149524K->31691K(193024K)] 645909K->528402K(717312K), 0.0048199 secs] [Times: user=0.05 sys=0.00, real=0.00 secs] 
2016-09-22T22:41:12.116-0400: 13.376: [Full GC (Ergonomics) [PSYoungGen: 160203K->0K(193024K)] [ParOldGen: 507736K->53802K(524288K)] 667940K->53802K(717312K), [Metaspace: 43086K->43083K(1085440K)], 0.2334207 secs] [Times: user=2.57 sys=0.22, real=0.23 secs] 
2016-09-22T22:41:12.510-0400: 13.770: [GC (GCLocker Initiated GC) [PSYoungGen: 128512K->35760K(194048K)] 185134K->92382K(718336K), 0.0137803 secs] [Times: user=0.14 sys=0.04, real=0.01 secs] 
2016-09-22T22:41:12.644-0400: 13.903: [GC (GCLocker Initiated GC) [PSYoungGen: 171952K->33109K(196096K)] 231425K->92946K(720384K), 0.0063606 secs] [Times: user=0.07 sys=0.01, real=0.01 secs] 
2016-09-22T22:41:12.758-0400: 14.018: [GC (GCLocker Initiated GC) [PSYoungGen: 169301K->37002K(200704K)] 234663K->102600K(724992K), 0.0054423 secs] [Times: user=0.04 sys=0.01, real=0.00 secs] 
2016-09-22T22:41:12.872-0400: 14.132: [GC (GCLocker Initiated GC) [PSYoungGen: 181898K->31905K(201216K)] 247689K->114196K(725504K), 0.0133409 secs] [Times: user=0.16 sys=0.02, real=0.01 secs] 
2016-09-22T22:41:12.998-0400: 14.258: [GC (GCLocker Initiated GC) [PSYoungGen: 176801K->46674K(201216K)] 259121K->142786K(725504K), 0.0056320 secs] [Times: user=0.05 sys=0.01, real=0.00 secs] 
2016-09-22T22:41:13.130-0400: 14.390: [GC (GCLocker Initiated GC) [PSYoungGen: 193617K->34361K(204288K)] 289971K->155291K(728576K), 0.0055613 secs] [Times: user=0.05 sys=0.02, real=0.01 secs] 
2016-09-22T22:41:13.250-0400: 14.509: [GC (GCLocker Initiated GC) [PSYoungGen: 181305K->39956K(204288K)] 302383K->161312K(728576K), 0.0098474 secs] [Times: user=0.11 sys=0.01, real=0.01 secs] 
2016-09-22T22:41:13.398-0400: 14.658: [GC (GCLocker Initiated GC) [PSYoungGen: 189972K->30345K(204800K)] 311398K->165524K(729088K), 0.0051068 secs] [Times: user=0.03 sys=0.01, real=0.00 secs] 
2016-09-22T22:41:13.562-0400: 14.821: [GC (GCLocker Initiated GC) [PSYoungGen: 180361K->19388K(206336K)] 327723K->177802K(730624K), 0.0114690 secs] [Times: user=0.09 sys=0.01, real=0.01 secs] 
2016-09-22T22:41:13.722-0400: 14.981: [GC (GCLocker Initiated GC) [PSYoungGen: 171964K->39909K(206848K)] 330404K->214844K(731136K), 0.0060180 secs] [Times: user=0.04 sys=0.03, real=0.01 secs] 
2016-09-22T22:41:13.926-0400: 15.186: [GC (GCLocker Initiated GC) [PSYoungGen: 192485K->29065K(206336K)] 379610K->216447K(730624K), 0.0177529 secs] [Times: user=0.13 sys=0.02, real=0.02 secs] 
2016-09-22T22:41:14.073-0400: 15.333: [GC (GCLocker Initiated GC) [PSYoungGen: 182153K->52256K(205824K)] 369568K->248158K(730112K), 0.0122484 secs] [Times: user=0.13 sys=0.01, real=0.01 secs] 
2016-09-22T22:41:14.225-0400: 15.485: [GC (GCLocker Initiated GC) [PSYoungGen: 205344K->26730K(202752K)] 404067K->252906K(727040K), 0.0143894 secs] [Times: user=0.20 sys=0.00, real=0.02 secs] 
2016-09-22T22:41:14.370-0400: 15.629: [GC (GCLocker Initiated GC) [PSYoungGen: 173162K->48426K(195072K)] 399400K->275272K(719360K), 0.0102896 secs] [Times: user=0.11 sys=0.00, real=0.01 secs] 
2016-09-22T22:41:14.515-0400: 15.775: [GC (GCLocker Initiated GC) [PSYoungGen: 194858K->29319K(202752K)] 421720K->256765K(727040K), 0.0125703 secs] [Times: user=0.16 sys=0.01, real=0.01 secs] 
2016-09-22T22:41:14.667-0400: 15.926: [GC (GCLocker Initiated GC) [PSYoungGen: 171655K->32177K(174592K)] 404655K->265778K(698880K), 0.0038389 secs] [Times: user=0.03 sys=0.01, real=0.00 secs] 
2016-09-22T22:41:14.802-0400: 16.062: [GC (GCLocker Initiated GC) [PSYoungGen: 174513K->44310K(198144K)] 410967K->281435K(722432K), 0.0488248 secs] [Times: user=0.20 sys=0.06, real=0.05 secs] 
2016-09-22T22:41:15.017-0400: 16.276: [GC (GCLocker Initiated GC) [PSYoungGen: 185110K->10520K(199680K)] 433265K->259289K(723968K), 0.0265740 secs] [Times: user=0.26 sys=0.01, real=0.02 secs] 
2016-09-22T22:41:15.215-0400: 16.475: [GC (GCLocker Initiated GC) [PSYoungGen: 151320K->22371K(202240K)] 400099K->271763K(726528K), 0.0059247 secs] [Times: user=0.03 sys=0.01, real=0.00 secs] 
2016-09-22T22:41:15.460-0400: 16.720: [GC (GCLocker Initiated GC) [PSYoungGen: 163683K->25209K(166912K)] 413079K->280559K(691200K), 0.0321537 secs] [Times: user=0.34 sys=0.03, real=0.03 secs] 
2016-09-22T22:41:15.675-0400: 16.935: [GC (Allocation Failure) [PSYoungGen: 166521K->28081K(201728K)] 432679K->294844K(726016K), 0.0066691 secs] [Times: user=0.08 sys=0.01, real=0.00 secs] 
2016-09-22T22:41:15.837-0400: 17.097: [GC (GCLocker Initiated GC) [PSYoungGen: 171441K->34686K(199680K)] 438208K->302166K(723968K), 0.0109186 secs] [Times: user=0.14 sys=0.00, real=0.01 secs] 
2016-09-22T22:41:16.015-0400: 17.275: [GC (GCLocker Initiated GC) [PSYoungGen: 178046K->15850K(202752K)] 457902K->296322K(727040K), 0.0290497 secs] [Times: user=0.37 sys=0.06, real=0.02 secs] 
2016-09-22T22:41:16.214-0400: 17.474: [GC (GCLocker Initiated GC) [PSYoungGen: 163306K->41732K(202752K)] 446486K->325681K(727040K), 0.0069431 secs] [Times: user=0.05 sys=0.02, real=0.01 secs] 
2016-09-22T22:41:16.384-0400: 17.644: [GC (GCLocker Initiated GC) [PSYoungGen: 189188K->28046K(204800K)] 475902K->315473K(729088K), 0.0117695 secs] [Times: user=0.13 sys=0.02, real=0.02 secs] 
2016-09-22T22:41:16.558-0400: 17.817: [GC (GCLocker Initiated GC) [PSYoungGen: 177550K->29613K(179200K)] 471735K->324572K(703488K), 0.0101473 secs] [Times: user=0.08 sys=0.00, real=0.01 secs] 
2016-09-22T22:41:16.748-0400: 18.008: [GC (GCLocker Initiated GC) [PSYoungGen: 179117K->36259K(204288K)] 474293K->332291K(728576K), 0.0121615 secs] [Times: user=0.09 sys=0.01, real=0.01 secs] 
2016-09-22T22:41:16.910-0400: 18.170: [GC (GCLocker Initiated GC) [PSYoungGen: 187811K->36513K(204288K)] 489253K->338762K(728576K), 0.0061716 secs] [Times: user=0.06 sys=0.01, real=0.01 secs] 
2016-09-22T22:41:17.073-0400: 18.333: [GC (GCLocker Initiated GC) [PSYoungGen: 188065K->48626K(201216K)] 490358K->354528K(725504K), 0.0099141 secs] [Times: user=0.08 sys=0.02, real=0.01 secs] 
2016-09-22T22:41:17.256-0400: 18.516: [GC (GCLocker Initiated GC) [PSYoungGen: 197106K->27259K(205312K)] 508550K->355823K(729600K), 0.0149651 secs] [Times: user=0.16 sys=0.03, real=0.01 secs] 
2016-09-22T22:41:17.416-0400: 18.675: [GC (GCLocker Initiated GC) [PSYoungGen: 175739K->20133K(203776K)] 509821K->371369K(728064K), 0.0641954 secs] [Times: user=0.73 sys=0.07, real=0.06 secs] 
2016-09-22T22:41:17.645-0400: 18.905: [GC (GCLocker Initiated GC) [PSYoungGen: 170149K->24217K(205312K)] 529588K->384617K(729600K), 0.0186151 secs] [Times: user=0.18 sys=0.03, real=0.02 secs] 
2016-09-22T22:41:17.810-0400: 19.070: [GC (GCLocker Initiated GC) [PSYoungGen: 174233K->40171K(205824K)] 534828K->401737K(730112K), 0.0096180 secs] [Times: user=0.08 sys=0.01, real=0.01 secs] 
2016-09-22T22:41:17.982-0400: 19.242: [GC (GCLocker Initiated GC) [PSYoungGen: 191723K->9147K(160768K)] 572199K->403840K(685056K), 0.0092718 secs] [Times: user=0.08 sys=0.02, real=0.01 secs] 
2016-09-22T22:41:18.143-0400: 19.402: [GC (GCLocker Initiated GC) [PSYoungGen: 160699K->32060K(206848K)] 555497K->438401K(731136K), 0.0157163 secs] [Times: user=0.15 sys=0.01, real=0.02 secs] 
2016-09-22T22:41:18.317-0400: 19.577: [GC (GCLocker Initiated GC) [PSYoungGen: 182076K->48277K(198656K)] 591150K->476853K(722944K), 0.0142947 secs] [Times: user=0.15 sys=0.04, real=0.01 secs] 
2016-09-22T22:41:18.481-0400: 19.741: [GC (GCLocker Initiated GC) [PSYoungGen: 198293K->43034K(199680K)] 635050K->485834K(723968K), 0.0147473 secs] [Times: user=0.13 sys=0.04, real=0.02 secs] 
2016-09-22T22:41:18.644-0400: 19.904: [GC (GCLocker Initiated GC) [PSYoungGen: 183322K->30671K(171008K)] 626296K->485053K(695296K), 0.0075592 secs] [Times: user=0.06 sys=0.02, real=0.01 secs] 
2016-09-22T22:41:18.793-0400: 20.053: [GC (GCLocker Initiated GC) [PSYoungGen: 170959K->34539K(201728K)] 625359K->489493K(726016K), 0.0079788 secs] [Times: user=0.08 sys=0.00, real=0.01 secs] 
2016-09-22T22:41:18.932-0400: 20.192: [GC (GCLocker Initiated GC) [PSYoungGen: 177899K->40015K(200192K)] 633238K->495863K(724480K), 0.0101698 secs] [Times: user=0.08 sys=0.01, real=0.01 secs] 
2016-09-22T22:41:19.075-0400: 20.335: [GC (GCLocker Initiated GC) [PSYoungGen: 183375K->22428K(203776K)] 647330K->486904K(728064K), 0.0108245 secs] [Times: user=0.10 sys=0.00, real=0.00 secs] 
2016-09-22T22:41:19.231-0400: 20.491: [GC (GCLocker Initiated GC) [PSYoungGen: 169372K->17153K(203776K)] 642009K->498502K(728064K), 0.0090399 secs] [Times: user=0.06 sys=0.00, real=0.01 secs] 
2016-09-22T22:41:19.374-0400: 20.634: [GC (GCLocker Initiated GC) [PSYoungGen: 164097K->29307K(200192K)] 654935K->520714K(724480K), 0.0139551 secs] [Times: user=0.12 sys=0.01, real=0.02 secs] 
2016-09-22T22:41:19.564-0400: 20.824: [GC (GCLocker Initiated GC) [PSYoungGen: 177787K->32065K(202752K)] 671941K->526816K(727040K), 0.0071093 secs] [Times: user=0.05 sys=0.01, real=0.01 secs] 
2016-09-22T22:41:19.726-0400: 20.986: [GC (GCLocker Initiated GC) [PSYoungGen: 180545K->32047K(202752K)] 682109K->534171K(727040K), 0.0060541 secs] [Times: user=0.05 sys=0.00, real=0.01 secs] 
2016-09-22T22:41:19.947-0400: 21.207: [Full GC (Ergonomics) [PSYoungGen: 187183K->0K(202752K)] [ParOldGen: 510226K->72554K(524288K)] 697410K->72554K(727040K), [Metaspace: 43150K->43150K(1085440K)], 0.0969582 secs] [Times: user=0.44 sys=0.08, real=0.09 secs] 
2016-09-22T22:41:20.197-0400: 21.456: [GC (GCLocker Initiated GC) [PSYoungGen: 155136K->27271K(205824K)] 233153K->105288K(730112K), 0.0181343 secs] [Times: user=0.19 sys=0.00, real=0.02 secs] 
2016-09-22T22:41:20.353-0400: 21.613: [GC (GCLocker Initiated GC) [PSYoungGen: 182407K->11001K(209408K)] 274004K->103731K(733696K), 0.0153513 secs] [Times: user=0.14 sys=0.00, real=0.02 secs] 
2016-09-22T22:41:20.542-0400: 21.802: [GC (GCLocker Initiated GC) [PSYoungGen: 170745K->23305K(210944K)] 270245K->124077K(735232K), 0.0156875 secs] [Times: user=0.16 sys=0.00, real=0.02 secs] 
2016-09-22T22:41:20.700-0400: 21.959: [GC (Allocation Failure) [PSYoungGen: 183049K->22085K(208896K)] 298744K->139093K(733184K), 0.0043260 secs] [Times: user=0.03 sys=0.00, real=0.00 secs] 
2016-09-22T22:41:20.843-0400: 22.103: [GC (GCLocker Initiated GC) [PSYoungGen: 182514K->32713K(209920K)] 300872K->152362K(734208K), 0.0121945 secs] [Times: user=0.13 sys=0.00, real=0.02 secs] 
2016-09-22T22:41:21.016-0400: 22.276: [GC (GCLocker Initiated GC) [PSYoungGen: 193993K->34007K(213504K)] 316495K->157845K(737792K), 0.0079226 secs] [Times: user=0.08 sys=0.00, real=0.00 secs] 
2016-09-22T22:41:21.179-0400: 22.439: [GC (GCLocker Initiated GC) [PSYoungGen: 198871K->20378K(185344K)] 322901K->145711K(709632K), 0.0139066 secs] [Times: user=0.15 sys=0.01, real=0.01 secs] 
2016-09-22T22:41:21.362-0400: 22.622: [GC (GCLocker Initiated GC) [PSYoungGen: 185242K->35265K(212480K)] 313432K->167338K(736768K), 0.0061317 secs] [Times: user=0.07 sys=0.00, real=0.01 secs] 
2016-09-22T22:41:21.516-0400: 22.776: [GC (GCLocker Initiated GC) [PSYoungGen: 199617K->40908K(205312K)] 331883K->174417K(729600K), 0.0097529 secs] [Times: user=0.13 sys=0.01, real=0.00 secs] 
2016-09-22T22:41:21.674-0400: 22.934: [GC (GCLocker Initiated GC) [PSYoungGen: 205259K->30026K(212992K)] 341706K->167694K(737280K), 0.0090646 secs] [Times: user=0.09 sys=0.00, real=0.01 secs] 
2016-09-22T22:41:21.834-0400: 23.094: [GC (GCLocker Initiated GC) [PSYoungGen: 191818K->12599K(210944K)] 339002K->161115K(735232K), 0.0178922 secs] [Times: user=0.20 sys=0.01, real=0.02 secs] 
2016-09-22T22:41:24.924-0400: 26.184: [GC (Allocation Failure) [PSYoungGen: 174391K->13880K(210944K)] 335183K->176016K(735232K), 0.0248767 secs] [Times: user=0.27 sys=0.00, real=0.03 secs] 
2016-09-22T22:41:25.141-0400: 26.400: [GC (GCLocker Initiated GC) [PSYoungGen: 174376K->36852K(197632K)] 339212K->202957K(721920K), 0.0070756 secs] [Times: user=0.06 sys=0.02, real=0.01 secs] 
2016-09-22T22:41:25.326-0400: 26.585: [GC (GCLocker Initiated GC) [PSYoungGen: 197620K->17485K(210944K)] 366662K->187882K(735232K), 0.0093213 secs] [Times: user=0.10 sys=0.00, real=0.02 secs] 
2016-09-22T22:41:25.499-0400: 26.759: [GC (GCLocker Initiated GC) [PSYoungGen: 176205K->28490K(187392K)] 346678K->199960K(711680K), 0.0226238 secs] [Times: user=0.26 sys=0.00, real=0.02 secs] 
2016-09-22T22:41:25.684-0400: 26.944: [GC (GCLocker Initiated GC) [PSYoungGen: 187210K->32853K(208384K)] 367010K->213871K(732672K), 0.0126648 secs] [Times: user=0.13 sys=0.01, real=0.02 secs] 
2016-09-22T22:41:25.846-0400: 27.106: [GC (GCLocker Initiated GC) [PSYoungGen: 191573K->46148K(205312K)] 375413K->231215K(729600K), 0.0230152 secs] [Times: user=0.25 sys=0.00, real=0.03 secs] 
2016-09-22T22:41:26.029-0400: 27.289: [GC (Allocation Failure) [PSYoungGen: 204868K->26131K(209920K)] 402110K->238087K(734208K), 0.0065942 secs] [Times: user=0.06 sys=0.00, real=0.01 secs] 
2016-09-22T22:41:26.184-0400: 27.444: [GC (GCLocker Initiated GC) [PSYoungGen: 181779K->24495K(180224K)] 393735K->262078K(704512K), 0.0090515 secs] [Times: user=0.09 sys=0.00, real=0.01 secs] 
2016-09-22T22:41:26.340-0400: 27.600: [GC (GCLocker Initiated GC) [PSYoungGen: 180143K->40644K(203776K)] 417751K->279469K(728064K), 0.0204215 secs] [Times: user=0.22 sys=0.01, real=0.02 secs] 
2016-09-22T22:41:26.516-0400: 27.776: [GC (GCLocker Initiated GC) [PSYoungGen: 193732K->45998K(199168K)] 432597K->304777K(723456K), 0.0112911 secs] [Times: user=0.10 sys=0.00, real=0.01 secs] 
2016-09-22T22:41:26.694-0400: 27.954: [GC (Allocation Failure) [PSYoungGen: 199086K->11083K(203264K)] 468790K->306135K(727552K), 0.0137122 secs] [Times: user=0.18 sys=0.00, real=0.02 secs] 
2016-09-22T22:41:26.845-0400: 28.104: [GC (GCLocker Initiated GC) [PSYoungGen: 157515K->40505K(187392K)] 452571K->336698K(711680K), 0.0060264 secs] [Times: user=0.05 sys=0.00, real=0.01 secs] 
2016-09-22T22:41:26.973-0400: 28.232: [GC (GCLocker Initiated GC) [PSYoungGen: 186937K->43335K(199168K)] 483267K->340715K(723456K), 0.0071035 secs] [Times: user=0.08 sys=0.00, real=0.01 secs] 
2016-09-22T22:41:27.122-0400: 28.382: [GC (GCLocker Initiated GC) [PSYoungGen: 183623K->37828K(201216K)] 481090K->336244K(725504K), 0.0257410 secs] [Times: user=0.37 sys=0.00, real=0.03 secs] 
2016-09-22T22:41:27.283-0400: 28.543: [GC (GCLocker Initiated GC) [PSYoungGen: 178116K->23055K(197632K)] 476541K->341519K(721920K), 0.0082809 secs] [Times: user=0.09 sys=0.00, real=0.01 secs] 
2016-09-22T22:41:27.414-0400: 28.673: [GC (GCLocker Initiated GC) [PSYoungGen: 163855K->43052K(199680K)] 482335K->362667K(723968K), 0.0062898 secs] [Times: user=0.08 sys=0.00, real=0.01 secs] 
2016-09-22T22:41:27.565-0400: 28.824: [GC (GCLocker Initiated GC) [PSYoungGen: 183852K->35144K(201216K)] 504841K->367887K(725504K), 0.0111956 secs] [Times: user=0.11 sys=0.01, real=0.02 secs] 
2016-09-22T22:41:27.703-0400: 28.962: [GC (GCLocker Initiated GC) [PSYoungGen: 177480K->29745K(201216K)] 514282K->367517K(725504K), 0.0063548 secs] [Times: user=0.06 sys=0.00, real=0.01 secs] 
2016-09-22T22:41:27.851-0400: 29.111: [GC (GCLocker Initiated GC) [PSYoungGen: 172081K->36719K(202240K)] 515475K->381221K(726528K), 0.0120645 secs] [Times: user=0.14 sys=0.00, real=0.01 secs] 
2016-09-22T22:41:28.010-0400: 29.270: [GC (GCLocker Initiated GC) [PSYoungGen: 182127K->32746K(201216K)] 534963K->386753K(725504K), 0.0106012 secs] [Times: user=0.11 sys=0.01, real=0.01 secs] 
2016-09-22T22:41:28.159-0400: 29.419: [GC (Allocation Failure) [PSYoungGen: 178154K->22919K(203776K)] 532253K->378210K(728064K), 0.0145056 secs] [Times: user=0.11 sys=0.01, real=0.01 secs] 
2016-09-22T22:41:28.311-0400: 29.570: [GC (GCLocker Initiated GC) [PSYoungGen: 171062K->23327K(203264K)] 529053K->401370K(727552K), 0.0052940 secs] [Times: user=0.06 sys=0.01, real=0.01 secs] 
2016-09-22T22:41:28.456-0400: 29.716: [GC (GCLocker Initiated GC) [PSYoungGen: 173343K->34985K(208384K)] 551394K->414235K(732672K), 0.0272743 secs] [Times: user=0.31 sys=0.01, real=0.02 secs] 
2016-09-22T22:41:28.626-0400: 29.885: [GC (GCLocker Initiated GC) [PSYoungGen: 190633K->27153K(207872K)] 572592K->410066K(732160K), 0.0169466 secs] [Times: user=0.16 sys=0.00, real=0.02 secs] 
2016-09-22T22:41:28.775-0400: 30.035: [GC (GCLocker Initiated GC) [PSYoungGen: 182801K->32647K(208384K)] 571206K->422195K(732672K), 0.0098002 secs] [Times: user=0.10 sys=0.00, real=0.00 secs] 
2016-09-22T22:41:28.917-0400: 30.177: [GC (GCLocker Initiated GC) [PSYoungGen: 191367K->40691K(207872K)] 583618K->434108K(732160K), 0.0100207 secs] [Times: user=0.08 sys=0.02, real=0.01 secs] 
2016-09-22T22:41:29.078-0400: 30.337: [GC (GCLocker Initiated GC) [PSYoungGen: 199411K->17732K(209920K)] 599619K->419073K(734208K), 0.0544581 secs] [Times: user=0.55 sys=0.00, real=0.05 secs] 
2016-09-22T22:41:29.261-0400: 30.521: [GC (GCLocker Initiated GC) [PSYoungGen: 176452K->35359K(210432K)] 580518K->440693K(734720K), 0.0053112 secs] [Times: user=0.04 sys=0.00, real=0.01 secs] 
2016-09-22T22:41:29.401-0400: 30.660: [GC (GCLocker Initiated GC) [PSYoungGen: 194079K->40577K(207872K)] 599654K->447281K(732160K), 0.0180335 secs] [Times: user=0.17 sys=0.01, real=0.02 secs] 
2016-09-22T22:41:29.567-0400: 30.826: [GC (GCLocker Initiated GC) [PSYoungGen: 197249K->33756K(209408K)] 606887K->444501K(733696K), 0.0056469 secs] [Times: user=0.05 sys=0.00, real=0.01 secs] 
2016-09-22T22:41:29.711-0400: 30.970: [GC (GCLocker Initiated GC) [PSYoungGen: 190428K->27236K(207360K)] 606353K->444221K(731648K), 0.0095759 secs] [Times: user=0.09 sys=0.00, real=0.01 secs] 
2016-09-22T22:41:29.862-0400: 31.122: [GC (GCLocker Initiated GC) [PSYoungGen: 185444K->35199K(208384K)] 608055K->459084K(732672K), 0.0061578 secs] [Times: user=0.06 sys=0.00, real=0.01 secs] 
2016-09-22T22:41:30.002-0400: 31.262: [GC (GCLocker Initiated GC) [PSYoungGen: 193407K->31325K(208384K)] 621449K->460472K(732672K), 0.0060638 secs] [Times: user=0.06 sys=0.01, real=0.01 secs] 
2016-09-22T22:41:30.162-0400: 31.421: [GC (GCLocker Initiated GC) [PSYoungGen: 193629K->30060K(210432K)] 630889K->468513K(734720K), 0.0080845 secs] [Times: user=0.12 sys=0.00, real=0.01 secs] 
2016-09-22T22:41:30.297-0400: 31.556: [GC (GCLocker Initiated GC) [PSYoungGen: 192364K->44894K(208896K)] 630839K->490039K(733184K), 0.0067531 secs] [Times: user=0.09 sys=0.01, real=0.00 secs] 
2016-09-22T22:41:30.469-0400: 31.729: [GC (GCLocker Initiated GC) [PSYoungGen: 206686K->47289K(209408K)] 651866K->493619K(733696K), 0.0143485 secs] [Times: user=0.16 sys=0.01, real=0.01 secs] 
2016-09-22T22:41:30.636-0400: 31.896: [GC (GCLocker Initiated GC) [PSYoungGen: 209081K->39685K(207360K)] 655651K->487260K(731648K), 0.0152392 secs] [Times: user=0.16 sys=0.00, real=0.01 secs] 
2016-09-22T22:41:30.800-0400: 32.060: [GC (GCLocker Initiated GC) [PSYoungGen: 194309K->30446K(208384K)] 650084K->487618K(732672K), 0.0137214 secs] [Times: user=0.16 sys=0.01, real=0.01 secs] 
2016-09-22T22:41:30.997-0400: 32.257: [GC (Allocation Failure) [PSYoungGen: 185070K->29452K(206336K)] 649244K->500722K(730624K), 0.0169606 secs] [Times: user=0.18 sys=0.00, real=0.01 secs] 
2016-09-22T22:41:31.163-0400: 32.422: [GC (GCLocker Initiated GC) [PSYoungGen: 184318K->29245K(207360K)] 658289K->507816K(731648K), 0.0129716 secs] [Times: user=0.13 sys=0.01, real=0.02 secs] 
2016-09-22T22:41:31.328-0400: 32.588: [GC (GCLocker Initiated GC) [PSYoungGen: 184893K->39922K(209408K)] 663615K->520529K(733696K), 0.0051181 secs] [Times: user=0.04 sys=0.00, real=0.00 secs] 
2016-09-22T22:41:31.508-0400: 32.768: [GC (Allocation Failure) [PSYoungGen: 198642K->23662K(210432K)] 681951K->508630K(734720K), 0.0280433 secs] [Times: user=0.29 sys=0.00, real=0.03 secs] 
2016-09-22T22:41:31.696-0400: 32.956: [GC (GCLocker Initiated GC) [PSYoungGen: 182189K->32017K(207360K)] 669857K->521475K(731648K), 0.0074948 secs] [Times: user=0.10 sys=0.00, real=0.00 secs] 
2016-09-22T22:41:31.866-0400: 33.126: [GC (GCLocker Initiated GC) [PSYoungGen: 190737K->34744K(208896K)] 682679K->528531K(733184K), 0.0060159 secs] [Times: user=0.06 sys=0.01, real=0.01 secs] 
2016-09-22T22:41:32.023-0400: 33.283: [GC (GCLocker Initiated GC) [PSYoungGen: 193464K->25019K(210432K)] 694030K->527465K(734720K), 0.0117247 secs] [Times: user=0.13 sys=0.00, real=0.02 secs] 
2016-09-22T22:41:32.201-0400: 33.461: [GC (GCLocker Initiated GC) [PSYoungGen: 187835K->45264K(208384K)] 690299K->568385K(732672K), 0.0098940 secs] [Times: user=0.10 sys=0.00, real=0.01 secs] 
2016-09-22T22:41:32.211-0400: 33.471: [Full GC (Ergonomics) [PSYoungGen: 45264K->0K(208384K)] [ParOldGen: 523121K->120739K(524288K)] 568385K->120739K(732672K), [Metaspace: 43542K->43542K(1085440K)], 0.0643245 secs] [Times: user=0.45 sys=0.02, real=0.07 secs] 
2016-09-22T22:41:32.449-0400: 33.709: [GC (GCLocker Initiated GC) [PSYoungGen: 162816K->49577K(202240K)] 283670K->181232K(726528K), 0.0090723 secs] [Times: user=0.13 sys=0.01, real=0.01 secs] 
2016-09-22T22:41:32.590-0400: 33.849: [GC (GCLocker Initiated GC) [PSYoungGen: 200105K->39409K(206336K)] 331912K->181091K(730624K), 0.0056282 secs] [Times: user=0.05 sys=0.00, real=0.01 secs] 
2016-09-22T22:41:32.748-0400: 34.008: [GC (GCLocker Initiated GC) [PSYoungGen: 189937K->43753K(204800K)] 334344K->189377K(729088K), 0.0119608 secs] [Times: user=0.14 sys=0.01, real=0.01 secs] 
2016-09-22T22:41:32.900-0400: 34.160: [GC (GCLocker Initiated GC) [PSYoungGen: 193257K->39681K(205824K)] 338984K->203071K(730112K), 0.0054917 secs] [Times: user=0.06 sys=0.01, real=0.00 secs] 
2016-09-22T22:41:33.061-0400: 34.320: [GC (GCLocker Initiated GC) [PSYoungGen: 189185K->47756K(202240K)] 352612K->212504K(726528K), 0.0162898 secs] [Times: user=0.19 sys=0.02, real=0.02 secs] 
2016-09-22T22:41:33.212-0400: 34.472: [GC (GCLocker Initiated GC) [PSYoungGen: 194188K->38288K(204288K)] 358953K->226116K(728576K), 0.0059843 secs] [Times: user=0.06 sys=0.00, real=0.01 secs] 
2016-09-22T22:41:33.357-0400: 34.617: [GC (GCLocker Initiated GC) [PSYoungGen: 184720K->28717K(202752K)] 372682K->234197K(727040K), 0.0112198 secs] [Times: user=0.14 sys=0.00, real=0.01 secs] 
2016-09-22T22:41:33.520-0400: 34.779: [GC (GCLocker Initiated GC) [PSYoungGen: 176685K->46316K(203776K)] 382167K->253084K(728064K), 0.0078244 secs] [Times: user=0.10 sys=0.01, real=0.01 secs] 
2016-09-22T22:41:33.669-0400: 34.929: [GC (GCLocker Initiated GC) [PSYoungGen: 194284K->33031K(205312K)] 401265K->241346K(729600K), 0.0046695 secs] [Times: user=0.05 sys=0.00, real=0.00 secs] 
2016-09-22T22:41:33.821-0400: 35.080: [GC (GCLocker Initiated GC) [PSYoungGen: 181511K->35665K(184320K)] 392648K->248263K(708608K), 0.0088091 secs] [Times: user=0.09 sys=0.00, real=0.01 secs] 
2016-09-22T22:41:33.984-0400: 35.243: [GC (GCLocker Initiated GC) [PSYoungGen: 184145K->42495K(203776K)] 396869K->256710K(728064K), 0.0051180 secs] [Times: user=0.05 sys=0.00, real=0.01 secs] 
2016-09-22T22:41:34.131-0400: 35.391: [GC (GCLocker Initiated GC) [PSYoungGen: 191487K->30269K(203776K)] 405795K->246125K(728064K), 0.0288162 secs] [Times: user=0.36 sys=0.00, real=0.03 secs] 
2016-09-22T22:41:34.319-0400: 35.579: [GC (GCLocker Initiated GC) [PSYoungGen: 179261K->19631K(205312K)] 404610K->246407K(729600K), 0.0042731 secs] [Times: user=0.04 sys=0.01, real=0.00 secs] 
2016-09-22T22:41:34.474-0400: 35.733: [GC (GCLocker Initiated GC) [PSYoungGen: 170159K->31346K(182272K)] 397009K->259750K(706560K), 0.0254406 secs] [Times: user=0.25 sys=0.00, real=0.03 secs] 
2016-09-22T22:41:34.644-0400: 35.903: [GC (GCLocker Initiated GC) [PSYoungGen: 181874K->38353K(206336K)] 410302K->268083K(730624K), 0.0052560 secs] [Times: user=0.05 sys=0.00, real=0.01 secs] 
2016-09-22T22:41:34.817-0400: 36.077: [GC (GCLocker Initiated GC) [PSYoungGen: 190417K->22397K(205824K)] 426899K->260350K(730112K), 0.0110606 secs] [Times: user=0.13 sys=0.00, real=0.01 secs] 
2016-09-22T22:41:34.971-0400: 36.231: [GC (GCLocker Initiated GC) [PSYoungGen: 174461K->30372K(205824K)] 416532K->274118K(730112K), 0.0051620 secs] [Times: user=0.06 sys=0.00, real=0.01 secs] 
2016-09-22T22:41:35.125-0400: 36.385: [GC (GCLocker Initiated GC) [PSYoungGen: 184484K->34244K(206848K)] 434996K->286239K(731136K), 0.0060473 secs] [Times: user=0.03 sys=0.00, real=0.01 secs] 
2016-09-22T22:41:35.269-0400: 36.529: [GC (GCLocker Initiated GC) [PSYoungGen: 188356K->49191K(202752K)] 440376K->308055K(727040K), 0.0188700 secs] [Times: user=0.24 sys=0.01, real=0.02 secs] 
2016-09-22T22:41:35.431-0400: 36.691: [GC (GCLocker Initiated GC) [PSYoungGen: 200743K->50175K(201728K)] 459702K->310579K(726016K), 0.0178325 secs] [Times: user=0.27 sys=0.01, real=0.02 secs] 
2016-09-22T22:41:35.601-0400: 36.860: [GC (GCLocker Initiated GC) [PSYoungGen: 201727K->54524K(195072K)] 467602K->321550K(719360K), 0.0057843 secs] [Times: user=0.07 sys=0.00, real=0.01 secs] 
2016-09-22T22:41:35.732-0400: 36.992: [GC (GCLocker Initiated GC) [PSYoungGen: 190716K->40791K(199168K)] 458081K->312186K(723456K), 0.0065847 secs] [Times: user=0.04 sys=0.00, real=0.01 secs] 
2016-09-22T22:41:35.880-0400: 37.140: [GC (GCLocker Initiated GC) [PSYoungGen: 176983K->35523K(194560K)] 456500K->340550K(718848K), 0.0081926 secs] [Times: user=0.10 sys=0.00, real=0.01 secs] 
2016-09-22T22:41:36.027-0400: 37.287: [GC (GCLocker Initiated GC) [PSYoungGen: 173251K->38294K(197632K)] 481146K->361030K(721920K), 0.0059478 secs] [Times: user=0.08 sys=0.00, real=0.00 secs] 
2016-09-22T22:41:36.180-0400: 37.440: [GC (GCLocker Initiated GC) [PSYoungGen: 176022K->34309K(198144K)] 504392K->364019K(722432K), 0.0079723 secs] [Times: user=0.05 sys=0.00, real=0.01 secs] 
2016-09-22T22:41:36.327-0400: 37.586: [GC (GCLocker Initiated GC) [PSYoungGen: 178693K->43696K(200704K)] 513873K->380169K(724992K), 0.0051363 secs] [Times: user=0.06 sys=0.01, real=0.00 secs] 
2016-09-22T22:41:36.474-0400: 37.734: [GC (GCLocker Initiated GC) [PSYoungGen: 188080K->27238K(205312K)] 527397K->367905K(729600K), 0.0253780 secs] [Times: user=0.35 sys=0.01, real=0.03 secs] 
2016-09-22T22:41:36.642-0400: 37.901: [GC (GCLocker Initiated GC) [PSYoungGen: 175718K->40866K(189440K)] 519164K->385605K(713728K), 0.0055968 secs] [Times: user=0.07 sys=0.00, real=0.01 secs] 
2016-09-22T22:41:36.798-0400: 38.058: [GC (GCLocker Initiated GC) [PSYoungGen: 189346K->47838K(201728K)] 543564K->403323K(726016K), 0.0129351 secs] [Times: user=0.18 sys=0.01, real=0.01 secs] 
2016-09-22T22:41:36.953-0400: 38.212: [GC (GCLocker Initiated GC) [PSYoungGen: 193246K->31518K(203776K)] 551463K->407330K(728064K), 0.0088127 secs] [Times: user=0.06 sys=0.00, real=0.01 secs] 
2016-09-22T22:41:37.104-0400: 38.364: [GC (GCLocker Initiated GC) [PSYoungGen: 176926K->26360K(202752K)] 562319K->429371K(727040K), 0.0063512 secs] [Times: user=0.06 sys=0.00, real=0.01 secs] 
2016-09-22T22:41:37.260-0400: 38.520: [GC (GCLocker Initiated GC) [PSYoungGen: 172792K->38472K(203776K)] 578740K->445977K(728064K), 0.0079832 secs] [Times: user=0.08 sys=0.00, real=0.01 secs] 
2016-09-22T22:41:37.435-0400: 38.695: [GC (GCLocker Initiated GC) [PSYoungGen: 184904K->23668K(204800K)] 601872K->442233K(729088K), 0.0104765 secs] [Times: user=0.11 sys=0.00, real=0.00 secs] 
2016-09-22T22:41:37.601-0400: 38.861: [GC (GCLocker Initiated GC) [PSYoungGen: 172148K->27448K(204800K)] 590727K->447656K(729088K), 0.0114453 secs] [Times: user=0.11 sys=0.00, real=0.01 secs] 
2016-09-22T22:41:37.760-0400: 39.020: [GC (GCLocker Initiated GC) [PSYoungGen: 175928K->37085K(204288K)] 596233K->469692K(728576K), 0.0084264 secs] [Times: user=0.09 sys=0.00, real=0.01 secs] 
2016-09-22T22:41:37.933-0400: 39.193: [GC (GCLocker Initiated GC) [PSYoungGen: 187101K->15939K(204800K)] 633660K->464458K(729088K), 0.0105667 secs] [Times: user=0.13 sys=0.01, real=0.01 secs] 
2016-09-22T22:41:38.099-0400: 39.359: [GC (GCLocker Initiated GC) [PSYoungGen: 165955K->35792K(206336K)] 617217K->489013K(730624K), 0.0179986 secs] [Times: user=0.20 sys=0.00, real=0.02 secs] 
2016-09-22T22:41:38.269-0400: 39.528: [GC (GCLocker Initiated GC) [PSYoungGen: 187344K->42725K(206336K)] 640593K->497720K(730624K), 0.0110379 secs] [Times: user=0.16 sys=0.00, real=0.01 secs] 
2016-09-22T22:41:38.451-0400: 39.711: [GC (GCLocker Initiated GC) [PSYoungGen: 194277K->30493K(205312K)] 654684K->492605K(729600K), 0.0131975 secs] [Times: user=0.19 sys=0.00, real=0.01 secs] 
2016-09-22T22:41:38.612-0400: 39.872: [GC (GCLocker Initiated GC) [PSYoungGen: 182045K->34294K(205824K)] 646876K->500844K(730112K), 0.0218151 secs] [Times: user=0.31 sys=0.00, real=0.02 secs] 
2016-09-22T22:41:38.791-0400: 40.051: [GC (GCLocker Initiated GC) [PSYoungGen: 185846K->29028K(206848K)] 652399K->513188K(731136K), 0.0058868 secs] [Times: user=0.06 sys=0.00, real=0.01 secs] 
2016-09-22T22:41:38.946-0400: 40.205: [GC (GCLocker Initiated GC) [PSYoungGen: 184164K->33031K(206848K)] 671142K->521589K(731136K), 0.0069540 secs] [Times: user=0.08 sys=0.00, real=0.01 secs] 
2016-09-22T22:41:39.098-0400: 40.357: [GC (GCLocker Initiated GC) [PSYoungGen: 188167K->27593K(208896K)] 682242K->523162K(733184K), 0.0073793 secs] [Times: user=0.09 sys=0.00, real=0.00 secs] 
2016-09-22T22:41:39.262-0400: 40.522: [Full GC (Ergonomics) [PSYoungGen: 186825K->0K(208896K)] [ParOldGen: 507792K->181489K(524288K)] 694618K->181489K(733184K), [Metaspace: 43566K->43566K(1085440K)], 0.0699543 secs] [Times: user=0.58 sys=0.01, real=0.07 secs] 
2016-09-22T22:41:39.500-0400: 40.760: [GC (GCLocker Initiated GC) [PSYoungGen: 159232K->42301K(208384K)] 340775K->223845K(732672K), 0.0059244 secs] [Times: user=0.07 sys=0.00, real=0.00 secs] 
2016-09-22T22:41:39.656-0400: 40.915: [GC (GCLocker Initiated GC) [PSYoungGen: 201533K->19134K(209920K)] 390344K->209338K(734208K), 0.0076205 secs] [Times: user=0.06 sys=0.00, real=0.00 secs] 
2016-09-22T22:41:39.800-0400: 41.060: [GC (GCLocker Initiated GC) [PSYoungGen: 177854K->50264K(209408K)] 370870K->244633K(733696K), 0.0244218 secs] [Times: user=0.29 sys=0.00, real=0.02 secs] 
2016-09-22T22:41:39.974-0400: 41.233: [GC (GCLocker Initiated GC) [PSYoungGen: 208984K->31571K(205312K)] 410127K->233954K(729600K), 0.0082549 secs] [Times: user=0.12 sys=0.00, real=0.01 secs] 
2016-09-22T22:41:40.130-0400: 41.389: [GC (GCLocker Initiated GC) [PSYoungGen: 184147K->31362K(207360K)] 386533K->235147K(731648K), 0.0104595 secs] [Times: user=0.12 sys=0.00, real=0.01 secs] 
2016-09-22T22:41:40.277-0400: 41.536: [GC (GCLocker Initiated GC) [PSYoungGen: 183938K->31576K(203776K)] 395011K->243920K(728064K), 0.0114999 secs] [Times: user=0.18 sys=0.00, real=0.01 secs] 
2016-09-22T22:41:46.101-0400: 47.361: [GC (GCLocker Initiated GC) [PSYoungGen: 185688K->46102K(205824K)] 399392K->261130K(730112K), 0.0137629 secs] [Times: user=0.14 sys=0.00, real=0.02 secs] 
2016-09-22T22:41:46.266-0400: 47.526: [GC (GCLocker Initiated GC) [PSYoungGen: 200214K->45946K(202752K)] 418109K->264945K(727040K), 0.0053436 secs] [Times: user=0.07 sys=0.01, real=0.01 secs] 
2016-09-22T22:41:46.403-0400: 47.662: [GC (GCLocker Initiated GC) [PSYoungGen: 194426K->40606K(205312K)] 416258K->276881K(729600K), 0.0071625 secs] [Times: user=0.07 sys=0.00, real=0.01 secs] 
2016-09-22T22:41:46.551-0400: 47.810: [GC (GCLocker Initiated GC) [PSYoungGen: 189086K->26900K(203776K)] 428086K->280287K(728064K), 0.0060494 secs] [Times: user=0.04 sys=0.01, real=0.01 secs] 
2016-09-22T22:41:46.694-0400: 47.954: [GC (GCLocker Initiated GC) [PSYoungGen: 175892K->6623K(155648K)] 447047K->289383K(679936K), 0.0050460 secs] [Times: user=0.02 sys=0.01, real=0.01 secs] 
2016-09-22T22:41:46.840-0400: 48.100: [GC (GCLocker Initiated GC) [PSYoungGen: 155615K->32423K(205824K)] 441144K->318866K(730112K), 0.0053689 secs] [Times: user=0.05 sys=0.00, real=0.00 secs] 
2016-09-22T22:41:46.988-0400: 48.248: [GC (GCLocker Initiated GC) [PSYoungGen: 179367K->15144K(203264K)] 483371K->320065K(727552K), 0.0041290 secs] [Times: user=0.04 sys=0.00, real=0.00 secs] 
2016-09-22T22:41:47.141-0400: 48.401: [GC (GCLocker Initiated GC) [PSYoungGen: 162088K->23242K(204800K)] 477882K->340139K(729088K), 0.0042771 secs] [Times: user=0.04 sys=0.00, real=0.00 secs] 
2016-09-22T22:41:47.281-0400: 48.540: [GC (GCLocker Initiated GC) [PSYoungGen: 171210K->39265K(203776K)] 493540K->362767K(728064K), 0.0076594 secs] [Times: user=0.09 sys=0.00, real=0.01 secs] 
2016-09-22T22:41:47.435-0400: 48.695: [GC (GCLocker Initiated GC) [PSYoungGen: 187233K->40596K(203776K)] 510849K->365201K(728064K), 0.0058169 secs] [Times: user=0.05 sys=0.01, real=0.00 secs] 
2016-09-22T22:41:47.591-0400: 48.851: [GC (GCLocker Initiated GC) [PSYoungGen: 188052K->46252K(194048K)] 515494K->374805K(718336K), 0.0094545 secs] [Times: user=0.11 sys=0.00, real=0.01 secs] 
2016-09-22T22:41:47.749-0400: 49.009: [GC (GCLocker Initiated GC) [PSYoungGen: 193708K->42267K(200704K)] 522308K->388306K(724992K), 0.0067230 secs] [Times: user=0.07 sys=0.00, real=0.01 secs] 
2016-09-22T22:41:47.907-0400: 49.166: [GC (GCLocker Initiated GC) [PSYoungGen: 182555K->42140K(182784K)] 528600K->394864K(707072K), 0.0064056 secs] [Times: user=0.04 sys=0.01, real=0.00 secs] 
2016-09-22T22:41:48.067-0400: 49.327: [GC (Allocation Failure) [PSYoungGen: 182428K->11083K(198656K)] 543988K->373907K(722944K), 0.0138974 secs] [Times: user=0.12 sys=0.00, real=0.01 secs] 
2016-09-22T22:41:48.223-0400: 49.483: [GC (GCLocker Initiated GC) [PSYoungGen: 146484K->38439K(199680K)] 512008K->405267K(723968K), 0.0095588 secs] [Times: user=0.10 sys=0.00, real=0.01 secs] 
2016-09-22T22:41:48.396-0400: 49.656: [GC (GCLocker Initiated GC) [PSYoungGen: 175655K->41105K(199168K)] 542614K->409500K(723456K), 0.0066749 secs] [Times: user=0.08 sys=0.01, real=0.00 secs] 
2016-09-22T22:41:48.569-0400: 49.829: [GC (GCLocker Initiated GC) [PSYoungGen: 178833K->41132K(199680K)] 547245K->411123K(723968K), 0.0049873 secs] [Times: user=0.05 sys=0.01, real=0.00 secs] 
2016-09-22T22:41:48.731-0400: 49.991: [GC (GCLocker Initiated GC) [PSYoungGen: 178860K->41809K(200192K)] 557067K->424290K(724480K), 0.0075446 secs] [Times: user=0.09 sys=0.00, real=0.01 secs] 
2016-09-22T22:41:48.911-0400: 50.171: [GC (GCLocker Initiated GC) [PSYoungGen: 180049K->43330K(200192K)] 569192K->434628K(724480K), 0.0057846 secs] [Times: user=0.07 sys=0.00, real=0.01 secs] 
2016-09-22T22:41:49.104-0400: 50.364: [GC (GCLocker Initiated GC) [PSYoungGen: 181570K->36328K(195072K)] 582388K->439306K(719360K), 0.0056673 secs] [Times: user=0.04 sys=0.00, real=0.01 secs] 
2016-09-22T22:41:49.285-0400: 50.545: [GC (GCLocker Initiated GC) [PSYoungGen: 174568K->30828K(197632K)] 589701K->448099K(721920K), 0.0113500 secs] [Times: user=0.10 sys=0.00, real=0.02 secs] 
2016-09-22T22:41:49.480-0400: 50.739: [GC (GCLocker Initiated GC) [PSYoungGen: 169068K->32252K(197632K)] 593100K->458362K(721920K), 0.0162246 secs] [Times: user=0.20 sys=0.01, real=0.02 secs] 
2016-09-22T22:41:49.688-0400: 50.948: [GC (GCLocker Initiated GC) [PSYoungGen: 176636K->32296K(200704K)] 609500K->467280K(724992K), 0.0057044 secs] [Times: user=0.06 sys=0.00, real=0.00 secs] 
2016-09-22T22:41:49.885-0400: 51.145: [GC (GCLocker Initiated GC) [PSYoungGen: 176680K->49798K(200192K)] 611909K->487104K(724480K), 0.0069149 secs] [Times: user=0.09 sys=0.00, real=0.01 secs] 
2016-09-22T22:41:50.090-0400: 51.349: [GC (GCLocker Initiated GC) [PSYoungGen: 195206K->48907K(194560K)] 635249K->490994K(718848K), 0.0056923 secs] [Times: user=0.07 sys=0.01, real=0.01 secs] 
2016-09-22T22:41:50.287-0400: 51.547: [GC (GCLocker Initiated GC) [PSYoungGen: 194315K->28520K(202240K)] 642020K->500187K(726528K), 0.0074760 secs] [Times: user=0.09 sys=0.00, real=0.01 secs] 
2016-09-22T22:41:50.471-0400: 51.731: [GC (GCLocker Initiated GC) [PSYoungGen: 169832K->33608K(175104K)] 641522K->507680K(699392K), 0.0232000 secs] [Times: user=0.34 sys=0.02, real=0.03 secs] 
2016-09-22T22:41:50.662-0400: 51.922: [GC (GCLocker Initiated GC) [PSYoungGen: 174920K->37427K(201728K)] 648995K->513587K(726016K), 0.0142942 secs] [Times: user=0.18 sys=0.00, real=0.02 secs] 
2016-09-22T22:41:50.854-0400: 52.114: [GC (GCLocker Initiated GC) [PSYoungGen: 180787K->36344K(199680K)] 662354K->519934K(723968K), 0.0216981 secs] [Times: user=0.24 sys=0.00, real=0.03 secs] 
2016-09-22T22:41:51.070-0400: 52.330: [GC (GCLocker Initiated GC) [PSYoungGen: 179704K->33774K(203776K)] 670186K->526486K(728064K), 0.0064505 secs] [Times: user=0.06 sys=0.01, real=0.01 secs] 
2016-09-22T22:41:51.254-0400: 52.514: [GC (GCLocker Initiated GC) [PSYoungGen: 182766K->33739K(202240K)] 675493K->528821K(726528K), 0.0143295 secs] [Times: user=0.16 sys=0.00, real=0.02 secs] 
2016-09-22T22:41:51.457-0400: 52.717: [GC (GCLocker Initiated GC) [PSYoungGen: 182731K->26892K(206336K)] 680550K->527016K(730624K), 0.0133309 secs] [Times: user=0.14 sys=0.00, real=0.01 secs] 
2016-09-22T22:41:51.648-0400: 52.908: [GC (GCLocker Initiated GC) [PSYoungGen: 181004K->38660K(206336K)] 688390K->548366K(730624K), 0.0063567 secs] [Times: user=0.06 sys=0.01, real=0.00 secs] 
2016-09-22T22:41:51.816-0400: 53.076: [GC (GCLocker Initiated GC) --[PSYoungGen: 192772K->192772K(206336K)] 702501K->715079K(730624K), 0.0117540 secs] [Times: user=0.08 sys=0.00, real=0.01 secs] 
2016-09-22T22:41:51.828-0400: 53.088: [Full GC (Ergonomics) [PSYoungGen: 192772K->0K(206336K)] [ParOldGen: 522306K->128482K(524288K)] 715079K->128482K(730624K), [Metaspace: 43606K->43606K(1085440K)], 0.0751654 secs] [Times: user=0.64 sys=0.00, real=0.07 secs] 
2016-09-22T22:41:52.074-0400: 53.334: [GC (GCLocker Initiated GC) [PSYoungGen: 154112K->43014K(208384K)] 285304K->174206K(732672K), 0.0050071 secs] [Times: user=0.05 sys=0.01, real=0.01 secs] 
2016-09-22T22:41:52.255-0400: 53.515: [GC (GCLocker Initiated GC) [PSYoungGen: 199686K->36999K(209408K)] 335061K->174328K(733696K), 0.0181068 secs] [Times: user=0.23 sys=0.00, real=0.01 secs] 
2016-09-22T22:41:52.429-0400: 53.689: [GC (GCLocker Initiated GC) [PSYoungGen: 193671K->32708K(207360K)] 331001K->171505K(731648K), 0.0130571 secs] [Times: user=0.14 sys=0.00, real=0.01 secs] 
2016-09-22T22:41:52.610-0400: 53.870: [GC (GCLocker Initiated GC) [PSYoungGen: 190404K->45045K(208384K)] 335976K->191795K(732672K), 0.0056380 secs] [Times: user=0.07 sys=0.00, real=0.01 secs] 
2016-09-22T22:41:52.790-0400: 54.049: [GC (GCLocker Initiated GC) [PSYoungGen: 202741K->34112K(210432K)] 357618K->211929K(734720K), 0.0267327 secs] [Times: user=0.40 sys=0.00, real=0.03 secs] 
2016-09-22T22:41:52.973-0400: 54.233: [GC (GCLocker Initiated GC) [PSYoungGen: 191808K->15086K(173056K)] 376609K->214579K(697344K), 0.0071795 secs] [Times: user=0.06 sys=0.00, real=0.01 secs] 
2016-09-22T22:41:53.141-0400: 54.401: [GC (GCLocker Initiated GC) [PSYoungGen: 172782K->28828K(209408K)] 375022K->232270K(733696K), 0.0062051 secs] [Times: user=0.05 sys=0.00, real=0.01 secs] 
2016-09-22T22:41:53.318-0400: 54.578: [GC (GCLocker Initiated GC) [PSYoungGen: 184476K->27676K(183808K)] 388008K->232556K(708096K), 0.0108429 secs] [Times: user=0.10 sys=0.00, real=0.01 secs] 
2016-09-22T22:41:53.505-0400: 54.764: [GC (GCLocker Initiated GC) [PSYoungGen: 183324K->45168K(204800K)] 388269K->251723K(729088K), 0.0088244 secs] [Times: user=0.09 sys=0.00, real=0.01 secs] 
2016-09-22T22:41:53.687-0400: 54.947: [GC (GCLocker Initiated GC) [PSYoungGen: 198256K->25089K(207360K)] 413060K->241373K(731648K), 0.0170974 secs] [Times: user=0.19 sys=0.00, real=0.01 secs] 
2016-09-22T22:41:53.881-0400: 55.141: [GC (GCLocker Initiated GC) [PSYoungGen: 178177K->30354K(204800K)] 398514K->252350K(729088K), 0.0135060 secs] [Times: user=0.16 sys=0.00, real=0.02 secs] 
2016-09-22T22:41:54.063-0400: 55.323: [GC (GCLocker Initiated GC) [PSYoungGen: 183954K->49359K(203264K)] 406120K->273200K(727552K), 0.0061823 secs] [Times: user=0.07 sys=0.00, real=0.01 secs] 
2016-09-22T22:41:54.248-0400: 55.508: [GC (GCLocker Initiated GC) [PSYoungGen: 202959K->26347K(206336K)] 426806K->251767K(730624K), 0.0067956 secs] [Times: user=0.05 sys=0.01, real=0.01 secs] 
2016-09-22T22:41:54.426-0400: 55.686: [GC (GCLocker Initiated GC) [PSYoungGen: 175851K->33226K(182784K)] 403982K->263061K(707072K), 0.0064823 secs] [Times: user=0.05 sys=0.00, real=0.01 secs] 
2016-09-22T22:41:54.606-0400: 55.865: [GC (GCLocker Initiated GC) [PSYoungGen: 182730K->31936K(204800K)] 419517K->270435K(729088K), 0.0055041 secs] [Times: user=0.04 sys=0.01, real=0.01 secs] 
2016-09-22T22:41:54.771-0400: 56.030: [GC (GCLocker Initiated GC) [PSYoungGen: 182976K->43951K(203264K)] 424247K->286947K(727552K), 0.0095098 secs] [Times: user=0.13 sys=0.00, real=0.01 secs] 
2016-09-22T22:41:54.939-0400: 56.199: [GC (GCLocker Initiated GC) [PSYoungGen: 194991K->53136K(198656K)] 438020K->305870K(722944K), 0.0078449 secs] [Times: user=0.09 sys=0.01, real=0.01 secs] 
2016-09-22T22:41:55.107-0400: 56.367: [GC (GCLocker Initiated GC) [PSYoungGen: 197520K->48966K(193536K)] 450287K->313812K(717824K), 0.0061048 secs] [Times: user=0.07 sys=0.00, real=0.00 secs] 
2016-09-22T22:41:55.285-0400: 56.545: [GC (GCLocker Initiated GC) [PSYoungGen: 193350K->42505K(201216K)] 458225K->332996K(725504K), 0.0087769 secs] [Times: user=0.10 sys=0.00, real=0.01 secs] 
2016-09-22T22:41:55.436-0400: 56.695: [GC (GCLocker Initiated GC) [PSYoungGen: 182281K->36875K(177152K)] 475713K->361604K(701440K), 0.0102982 secs] [Times: user=0.13 sys=0.00, real=0.00 secs] 
2016-09-22T22:41:55.626-0400: 56.886: [GC (GCLocker Initiated GC) [PSYoungGen: 176651K->31641K(199680K)] 510907K->367217K(723968K), 0.0114001 secs] [Times: user=0.13 sys=0.00, real=0.02 secs] 
2016-09-22T22:41:55.796-0400: 57.056: [GC (GCLocker Initiated GC) [PSYoungGen: 172441K->54533K(198656K)] 508322K->394582K(722944K), 0.0062939 secs] [Times: user=0.07 sys=0.00, real=0.00 secs] 
2016-09-22T22:41:55.957-0400: 57.217: [GC (GCLocker Initiated GC) [PSYoungGen: 195333K->27344K(200192K)] 543559K->390417K(724480K), 0.0066394 secs] [Times: user=0.07 sys=0.01, real=0.00 secs] 
2016-09-22T22:41:56.115-0400: 57.374: [GC (GCLocker Initiated GC) [PSYoungGen: 165072K->48913K(186880K)] 530887K->415967K(711168K), 0.0059590 secs] [Times: user=0.07 sys=0.00, real=0.00 secs] 
2016-09-22T22:41:56.282-0400: 57.541: [GC (GCLocker Initiated GC) [PSYoungGen: 186641K->45118K(198656K)] 559199K->418851K(722944K), 0.0103337 secs] [Times: user=0.14 sys=0.00, real=0.01 secs] 
2016-09-22T22:41:56.452-0400: 57.711: [GC (GCLocker Initiated GC) [PSYoungGen: 180286K->42230K(177664K)] 554212K->433778K(701952K), 0.0060402 secs] [Times: user=0.06 sys=0.00, real=0.01 secs] 
2016-09-22T22:41:56.619-0400: 57.879: [GC (GCLocker Initiated GC) [PSYoungGen: 177398K->28831K(197120K)] 573843K->440058K(721408K), 0.0129528 secs] [Times: user=0.17 sys=0.01, real=0.01 secs] 
2016-09-22T22:41:56.769-0400: 58.029: [GC (GCLocker Initiated GC) [PSYoungGen: 163999K->51625K(197120K)] 578056K->477889K(721408K), 0.0060351 secs] [Times: user=0.08 sys=0.00, real=0.01 secs] 
2016-09-22T22:41:56.924-0400: 58.184: [GC (GCLocker Initiated GC) [PSYoungGen: 186793K->36773K(198656K)] 615765K->475008K(722944K), 0.0138720 secs] [Times: user=0.16 sys=0.00, real=0.02 secs] 
2016-09-22T22:41:57.100-0400: 58.360: [GC (GCLocker Initiated GC) [PSYoungGen: 172453K->31146K(198144K)] 610826K->470777K(722432K), 0.0332921 secs] [Times: user=0.37 sys=0.00, real=0.03 secs] 
2016-09-22T22:41:57.283-0400: 58.543: [GC (GCLocker Initiated GC) [PSYoungGen: 166826K->42141K(198656K)] 606460K->482909K(722944K), 0.0057921 secs] [Times: user=0.04 sys=0.01, real=0.01 secs] 
2016-09-22T22:41:57.434-0400: 58.694: [GC (GCLocker Initiated GC) [PSYoungGen: 179869K->38067K(198144K)] 623351K->482781K(722432K), 0.0078556 secs] [Times: user=0.07 sys=0.00, real=0.01 secs] 
2016-09-22T22:41:57.601-0400: 58.861: [GC (GCLocker Initiated GC) [PSYoungGen: 175795K->35431K(200192K)] 627312K->488234K(724480K), 0.0067533 secs] [Times: user=0.06 sys=0.00, real=0.01 secs] 
2016-09-22T22:41:57.756-0400: 59.016: [GC (GCLocker Initiated GC) [PSYoungGen: 177767K->42471K(199680K)] 630618K->499383K(723968K), 0.0070557 secs] [Times: user=0.06 sys=0.00, real=0.00 secs] 
2016-09-22T22:41:57.911-0400: 59.170: [GC (GCLocker Initiated GC) [PSYoungGen: 184807K->30095K(203776K)] 646587K->493220K(728064K), 0.0123294 secs] [Times: user=0.12 sys=0.01, real=0.01 secs] 
2016-09-22T22:41:58.107-0400: 59.366: [GC (GCLocker Initiated GC) [PSYoungGen: 177039K->22095K(203776K)] 652533K->498974K(728064K), 0.0095033 secs] [Times: user=0.06 sys=0.00, real=0.01 secs] 
2016-09-22T22:41:58.285-0400: 59.544: [GC (GCLocker Initiated GC) [PSYoungGen: 169039K->32770K(203264K)] 654254K->519382K(727552K), 0.0058134 secs] [Times: user=0.04 sys=0.01, real=0.01 secs] 
2016-09-22T22:41:58.469-0400: 59.729: [GC (GCLocker Initiated GC) [PSYoungGen: 180226K->32770K(203776K)] 667009K->520841K(728064K), 0.0191309 secs] [Times: user=0.20 sys=0.00, real=0.02 secs] 
2016-09-22T22:41:58.640-0400: 59.900: [GC (GCLocker Initiated GC) [PSYoungGen: 180226K->27461K(205312K)] 671030K->533261K(729600K), 0.0122992 secs] [Times: user=0.13 sys=0.01, real=0.01 secs] 
2016-09-22T22:41:58.652-0400: 59.912: [Full GC (Ergonomics) [PSYoungGen: 27461K->0K(205312K)] [ParOldGen: 505799K->180040K(524288K)] 533261K->180040K(729600K), [Metaspace: 43615K->43615K(1085440K)], 0.0711851 secs] [Times: user=0.53 sys=0.00, real=0.07 secs] 
2016-09-22T22:41:58.890-0400: 60.150: [GC (GCLocker Initiated GC) [PSYoungGen: 150528K->40123K(204800K)] 345471K->235067K(729088K), 0.0096678 secs] [Times: user=0.15 sys=0.00, real=0.01 secs] 
2016-09-22T22:41:59.070-0400: 60.330: [GC (GCLocker Initiated GC) [PSYoungGen: 190651K->45255K(203776K)] 391064K->258303K(728064K), 0.0065540 secs] [Times: user=0.09 sys=0.00, real=0.01 secs] 
2016-09-22T22:41:59.247-0400: 60.507: [GC (GCLocker Initiated GC) [PSYoungGen: 194759K->20764K(170496K)] 413266K->256974K(694784K), 0.0193271 secs] [Times: user=0.23 sys=0.00, real=0.01 secs] 
2016-09-22T22:41:59.441-0400: 60.701: [GC (GCLocker Initiated GC) [PSYoungGen: 170268K->26401K(205824K)] 413407K->287260K(730112K), 0.0097066 secs] [Times: user=0.11 sys=0.00, real=0.01 secs] 
2016-09-22T22:41:59.648-0400: 60.908: [GC (GCLocker Initiated GC) [PSYoungGen: 175393K->23857K(173056K)] 440423K->304168K(697344K), 0.0156591 secs] [Times: user=0.17 sys=0.00, real=0.01 secs] 
2016-09-22T22:41:59.849-0400: 61.109: [GC (GCLocker Initiated GC) [PSYoungGen: 172849K->26375K(205824K)] 458562K->327373K(730112K), 0.0093717 secs] [Times: user=0.06 sys=0.00, real=0.01 secs] 
2016-09-22T22:42:00.043-0400: 61.302: [GC (GCLocker Initiated GC) [PSYoungGen: 176391K->34734K(204800K)] 477422K->337568K(729088K), 0.0065508 secs] [Times: user=0.06 sys=0.00, real=0.01 secs] 
2016-09-22T22:42:00.218-0400: 61.477: [GC (GCLocker Initiated GC) [PSYoungGen: 184750K->30588K(205824K)] 493211K->351675K(730112K), 0.0061980 secs] [Times: user=0.06 sys=0.00, real=0.00 secs] 
2016-09-22T22:42:00.394-0400: 61.654: [GC (GCLocker Initiated GC) [PSYoungGen: 183676K->49511K(204800K)] 504883K->375208K(729088K), 0.0069154 secs] [Times: user=0.09 sys=0.00, real=0.01 secs] 
2016-09-22T22:42:00.581-0400: 61.840: [GC (GCLocker Initiated GC) [PSYoungGen: 202599K->53689K(196096K)] 528315K->383830K(720384K), 0.0076123 secs] [Times: user=0.08 sys=0.00, real=0.01 secs] 
2016-09-22T22:42:00.764-0400: 62.023: [GC (GCLocker Initiated GC) [PSYoungGen: 193977K->56294K(196608K)] 524128K->391038K(720896K), 0.0067726 secs] [Times: user=0.08 sys=0.00, real=0.01 secs] 
2016-09-22T22:42:00.940-0400: 62.199: [GC (GCLocker Initiated GC) [PSYoungGen: 196582K->44379K(196608K)] 534245K->383864K(720896K), 0.0051651 secs] [Times: user=0.06 sys=0.00, real=0.00 secs] 
2016-09-22T22:42:01.107-0400: 62.366: [GC (GCLocker Initiated GC) [PSYoungGen: 175451K->23796K(196608K)] 524582K->374804K(720896K), 0.0052610 secs] [Times: user=0.04 sys=0.00, real=0.00 secs] 
2016-09-22T22:42:01.276-0400: 62.536: [GC (GCLocker Initiated GC) [PSYoungGen: 154868K->17905K(195584K)] 518102K->382912K(719872K), 0.0070215 secs] [Times: user=0.06 sys=0.01, real=0.00 secs] 
2016-09-22T22:42:01.447-0400: 62.706: [GC (GCLocker Initiated GC) [PSYoungGen: 147953K->42426K(196096K)] 518478K->414448K(720384K), 0.0058693 secs] [Times: user=0.05 sys=0.00, real=0.00 secs] 
2016-09-22T22:42:01.606-0400: 62.866: [GC (GCLocker Initiated GC) [PSYoungGen: 172474K->41265K(194048K)] 544520K->414957K(718336K), 0.0118105 secs] [Times: user=0.13 sys=0.00, real=0.02 secs] 
2016-09-22T22:42:01.783-0400: 63.043: [GC (GCLocker Initiated GC) [PSYoungGen: 171825K->36989K(195072K)] 545581K->412364K(719360K), 0.0064815 secs] [Times: user=0.06 sys=0.00, real=0.01 secs] 
2016-09-22T22:42:01.950-0400: 63.210: [GC (GCLocker Initiated GC) [PSYoungGen: 167549K->15467K(195072K)] 552383K->401845K(719360K), 0.0127693 secs] [Times: user=0.09 sys=0.01, real=0.01 secs] 
2016-09-22T22:42:02.150-0400: 63.410: [GC (GCLocker Initiated GC) [PSYoungGen: 148587K->14372K(196096K)] 543074K->410651K(720384K), 0.0061702 secs] [Times: user=0.04 sys=0.00, real=0.01 secs] 
2016-09-22T22:42:02.318-0400: 63.577: [GC (GCLocker Initiated GC) [PSYoungGen: 147492K->21977K(197632K)] 550524K->426920K(721920K), 0.0058679 secs] [Times: user=0.05 sys=0.00, real=0.00 secs] 
2016-09-22T22:42:02.470-0400: 63.730: [GC (GCLocker Initiated GC) [PSYoungGen: 157657K->32899K(168960K)] 562845K->439550K(693248K), 0.0071198 secs] [Times: user=0.06 sys=0.00, real=0.01 secs] 
2016-09-22T22:42:02.624-0400: 63.883: [GC (GCLocker Initiated GC) [PSYoungGen: 168579K->30248K(200192K)] 575342K->438556K(724480K), 0.0138567 secs] [Times: user=0.14 sys=0.00, real=0.02 secs] 
2016-09-22T22:42:02.791-0400: 64.051: [GC (GCLocker Initiated GC) [PSYoungGen: 170536K->37084K(197632K)] 578870K->447037K(721920K), 0.0150271 secs] [Times: user=0.16 sys=0.00, real=0.01 secs] 
2016-09-22T22:42:02.985-0400: 64.245: [GC (GCLocker Initiated GC) [PSYoungGen: 177372K->35861K(202752K)] 590033K->450122K(727040K), 0.0105240 secs] [Times: user=0.09 sys=0.00, real=0.02 secs] 
2016-09-22T22:42:03.159-0400: 64.419: [GC (GCLocker Initiated GC) [PSYoungGen: 181781K->33301K(201728K)] 600161K->453431K(726016K), 0.0265411 secs] [Times: user=0.28 sys=0.00, real=0.02 secs] 
2016-09-22T22:42:03.357-0400: 64.617: [GC (GCLocker Initiated GC) [PSYoungGen: 179221K->26101K(204288K)] 602156K->450802K(728576K), 0.0168156 secs] [Times: user=0.16 sys=0.00, real=0.01 secs] 
2016-09-22T22:42:03.540-0400: 64.800: [GC (GCLocker Initiated GC) [PSYoungGen: 176629K->42685K(203264K)] 601348K->468997K(727552K), 0.0224445 secs] [Times: user=0.22 sys=0.00, real=0.02 secs] 
2016-09-22T22:42:03.731-0400: 64.991: [GC (GCLocker Initiated GC) [PSYoungGen: 193213K->26316K(208384K)] 619547K->465235K(732672K), 0.0087295 secs] [Times: user=0.09 sys=0.00, real=0.01 secs] 
2016-09-22T22:42:03.927-0400: 65.187: [GC (GCLocker Initiated GC) [PSYoungGen: 179916K->22487K(176128K)] 631010K->477929K(700416K), 0.0136499 secs] [Times: user=0.14 sys=0.00, real=0.01 secs] 
2016-09-22T22:42:04.103-0400: 65.363: [GC (GCLocker Initiated GC) [PSYoungGen: 176087K->30303K(208896K)] 631940K->507045K(733184K), 0.0148485 secs] [Times: user=0.17 sys=0.00, real=0.02 secs] 
2016-09-22T22:42:04.286-0400: 65.546: [GC (GCLocker Initiated GC) [PSYoungGen: 185951K->45156K(206848K)] 668200K->529022K(731136K), 0.0124630 secs] [Times: user=0.15 sys=0.00, real=0.02 secs] 
2016-09-22T22:42:04.474-0400: 65.734: [GC (GCLocker Initiated GC) [PSYoungGen: 200804K->34362K(209408K)] 692989K->536018K(733696K), 0.0055680 secs] [Times: user=0.05 sys=0.02, real=0.01 secs] 
2016-09-22T22:42:04.649-0400: 65.909: [GC (GCLocker Initiated GC) [PSYoungGen: 189498K->51766K(207360K)] 693872K->557613K(731648K), 0.0080660 secs] [Times: user=0.09 sys=0.00, real=0.01 secs] 
2016-09-22T22:42:04.849-0400: 66.109: [Full GC (Ergonomics) [PSYoungGen: 206902K->0K(207360K)] [ParOldGen: 511350K->181951K(524288K)] 718252K->181951K(731648K), [Metaspace: 43665K->43665K(1087488K)], 0.0932102 secs] [Times: user=0.67 sys=0.01, real=0.09 secs] 
2016-09-22T22:42:05.114-0400: 66.373: [GC (GCLocker Initiated GC) [PSYoungGen: 155136K->45306K(198144K)] 342695K->232865K(722432K), 0.0069480 secs] [Times: user=0.07 sys=0.00, real=0.01 secs] 
2016-09-22T22:42:05.299-0400: 66.559: [GC (GCLocker Initiated GC) [PSYoungGen: 188666K->15336K(158720K)] 391086K->230230K(683008K), 0.0063524 secs] [Times: user=0.04 sys=0.00, real=0.00 secs] 
2016-09-22T22:42:05.468-0400: 66.728: [GC (GCLocker Initiated GC) [PSYoungGen: 158696K->38108K(202240K)] 380369K->261113K(726528K), 0.0068685 secs] [Times: user=0.08 sys=0.01, real=0.01 secs] 
2016-09-22T22:42:05.630-0400: 66.890: [GC (GCLocker Initiated GC) [PSYoungGen: 179420K->20562K(162304K)] 413399K->266535K(686592K), 0.0259619 secs] [Times: user=0.35 sys=0.00, real=0.03 secs] 
2016-09-22T22:42:05.818-0400: 67.078: [GC (GCLocker Initiated GC) [PSYoungGen: 161874K->39625K(200704K)] 412105K->291046K(724992K), 0.0100819 secs] [Times: user=0.14 sys=0.01, real=0.01 secs] 
2016-09-22T22:42:05.974-0400: 67.234: [GC (GCLocker Initiated GC) [PSYoungGen: 180937K->28851K(200704K)] 441971K->291198K(724992K), 0.0050216 secs] [Times: user=0.04 sys=0.01, real=0.01 secs] 
2016-09-22T22:42:06.135-0400: 67.395: [GC (GCLocker Initiated GC) [PSYoungGen: 170163K->34223K(201216K)] 437963K->303330K(725504K), 0.0118429 secs] [Times: user=0.15 sys=0.01, real=0.01 secs] 
2016-09-22T22:42:06.298-0400: 67.558: [GC (GCLocker Initiated GC) [PSYoungGen: 179119K->39437K(200704K)] 450989K->312586K(724992K), 0.0065263 secs] [Times: user=0.07 sys=0.00, real=0.00 secs] 
2016-09-22T22:42:06.452-0400: 67.711: [GC (GCLocker Initiated GC) [PSYoungGen: 184333K->38122K(205824K)] 460423K->315529K(730112K), 0.0058233 secs] [Times: user=0.05 sys=0.00, real=0.01 secs] 
2016-09-22T22:42:06.619-0400: 67.879: [GC (GCLocker Initiated GC) [PSYoungGen: 188650K->27127K(205824K)] 466116K->305849K(730112K), 0.0090493 secs] [Times: user=0.10 sys=0.00, real=0.01 secs] 
2016-09-22T22:42:06.782-0400: 68.042: [GC (GCLocker Initiated GC) [PSYoungGen: 177655K->43729K(204288K)] 461837K->345236K(728576K), 0.0232216 secs] [Times: user=0.32 sys=0.01, real=0.02 secs] 
2016-09-22T22:42:06.971-0400: 68.231: [GC (GCLocker Initiated GC) [PSYoungGen: 193745K->41207K(205824K)] 495462K->344306K(730112K), 0.0059286 secs] [Times: user=0.06 sys=0.00, real=0.01 secs] 
2016-09-22T22:42:07.146-0400: 68.405: [GC (GCLocker Initiated GC) [PSYoungGen: 191223K->35901K(203776K)] 494475K->340826K(728064K), 0.0063978 secs] [Times: user=0.05 sys=0.01, real=0.01 secs] 
2016-09-22T22:42:07.310-0400: 68.570: [GC (GCLocker Initiated GC) [PSYoungGen: 185917K->41366K(204800K)] 493571K->350810K(729088K), 0.0053276 secs] [Times: user=0.05 sys=0.01, real=0.01 secs] 
2016-09-22T22:42:07.482-0400: 68.742: [GC (GCLocker Initiated GC) [PSYoungGen: 191382K->41337K(206336K)] 500855K->352539K(730624K), 0.0056168 secs] [Times: user=0.05 sys=0.01, real=0.01 secs] 
2016-09-22T22:42:07.668-0400: 68.928: [GC (GCLocker Initiated GC) [PSYoungGen: 192889K->14353K(166400K)] 518063K->365526K(690688K), 0.0056036 secs] [Times: user=0.06 sys=0.00, real=0.00 secs] 
2016-09-22T22:42:07.845-0400: 69.104: [GC (GCLocker Initiated GC) [PSYoungGen: 165905K->42986K(203264K)] 519919K->398707K(727552K), 0.0075180 secs] [Times: user=0.07 sys=0.00, real=0.01 secs] 
2016-09-22T22:42:08.021-0400: 69.281: [GC (GCLocker Initiated GC) [PSYoungGen: 189418K->45505K(192000K)] 545172K->403105K(716288K), 0.0072193 secs] [Times: user=0.05 sys=0.01, real=0.01 secs] 
2016-09-22T22:42:08.187-0400: 69.446: [GC (GCLocker Initiated GC) [PSYoungGen: 191937K->44159K(200704K)] 552312K->409139K(724992K), 0.0092644 secs] [Times: user=0.06 sys=0.00, real=0.01 secs] 
2016-09-22T22:42:08.369-0400: 69.629: [GC (GCLocker Initiated GC) [PSYoungGen: 185471K->35963K(177664K)] 556081K->408450K(701952K), 0.0224022 secs] [Times: user=0.29 sys=0.00, real=0.02 secs] 
2016-09-22T22:42:08.556-0400: 69.816: [GC (GCLocker Initiated GC) [PSYoungGen: 177275K->43997K(199680K)] 552603K->421106K(723968K), 0.0066039 secs] [Times: user=0.06 sys=0.00, real=0.00 secs] 
2016-09-22T22:42:08.737-0400: 69.996: [GC (GCLocker Initiated GC) [PSYoungGen: 185821K->33200K(200192K)] 569693K->418835K(724480K), 0.0147607 secs] [Times: user=0.17 sys=0.01, real=0.01 secs] 
2016-09-22T22:42:08.915-0400: 70.175: [GC (GCLocker Initiated GC) [PSYoungGen: 175024K->36057K(200192K)] 566228K->429123K(724480K), 0.0241928 secs] [Times: user=0.31 sys=0.01, real=0.02 secs] 
2016-09-22T22:42:09.104-0400: 70.363: [GC (Allocation Failure) [PSYoungGen: 182489K->40145K(201728K)] 578482K->437907K(726016K), 0.0110338 secs] [Times: user=0.10 sys=0.01, real=0.02 secs] 
2016-09-22T22:42:09.292-0400: 70.552: [GC (GCLocker Initiated GC) [PSYoungGen: 186577K->44322K(205312K)] 584343K->443969K(729600K), 0.0152036 secs] [Times: user=0.17 sys=0.00, real=0.02 secs] 
2016-09-22T22:42:09.484-0400: 70.743: [GC (GCLocker Initiated GC) [PSYoungGen: 194850K->48116K(198656K)] 594540K->449806K(722944K), 0.0161070 secs] [Times: user=0.19 sys=0.00, real=0.02 secs] 
2016-09-22T22:42:09.659-0400: 70.919: [GC (GCLocker Initiated GC) [PSYoungGen: 198644K->42514K(204800K)] 600579K->446209K(729088K), 0.0162719 secs] [Times: user=0.18 sys=0.00, real=0.02 secs] 
2016-09-22T22:42:09.854-0400: 71.114: [GC (GCLocker Initiated GC) [PSYoungGen: 189458K->35453K(182784K)] 598633K->446178K(707072K), 0.0179059 secs] [Times: user=0.25 sys=0.00, real=0.02 secs] 
2016-09-22T22:42:10.021-0400: 71.281: [GC (GCLocker Initiated GC) [PSYoungGen: 182397K->43726K(202240K)] 593351K->456031K(726528K), 0.0058544 secs] [Times: user=0.06 sys=0.00, real=0.01 secs] 
2016-09-22T22:42:10.183-0400: 71.443: [GC (GCLocker Initiated GC) [PSYoungGen: 190158K->41122K(202752K)] 605353K->457689K(727040K), 0.0056689 secs] [Times: user=0.06 sys=0.00, real=0.01 secs] 
2016-09-22T22:42:10.338-0400: 71.598: [GC (GCLocker Initiated GC) [PSYoungGen: 187554K->53146K(200704K)] 604145K->476637K(724992K), 0.0072395 secs] [Times: user=0.10 sys=0.00, real=0.00 secs] 
2016-09-22T22:42:10.531-0400: 71.790: [GC (GCLocker Initiated GC) [PSYoungGen: 198554K->32973K(203776K)] 622070K->482156K(728064K), 0.0071256 secs] [Times: user=0.07 sys=0.00, real=0.01 secs] 
2016-09-22T22:42:10.688-0400: 71.948: [GC (GCLocker Initiated GC) [PSYoungGen: 178381K->34095K(201728K)] 627712K->506534K(726016K), 0.0158297 secs] [Times: user=0.20 sys=0.01, real=0.01 secs] 
2016-09-22T22:42:10.854-0400: 72.114: [GC (GCLocker Initiated GC) [PSYoungGen: 179503K->32648K(202752K)] 654800K->522756K(727040K), 0.0065588 secs] [Times: user=0.08 sys=0.01, real=0.01 secs] 
2016-09-22T22:42:11.000-0400: 72.260: [GC (GCLocker Initiated GC) [PSYoungGen: 178056K->48765K(201216K)] 668183K->539986K(725504K), 0.0061808 secs] [Times: user=0.07 sys=0.00, real=0.01 secs] 
2016-09-22T22:42:11.155-0400: 72.415: [GC (GCLocker Initiated GC) [PSYoungGen: 193149K->42202K(203264K)] 684376K->534456K(727552K), 0.0054642 secs] [Times: user=0.06 sys=0.00, real=0.00 secs] 
2016-09-22T22:42:11.310-0400: 72.570: [GC (GCLocker Initiated GC) [PSYoungGen: 186586K->43585K(201216K)] 681573K->539858K(725504K), 0.0106991 secs] [Times: user=0.12 sys=0.00, real=0.01 secs] 
2016-09-22T22:42:11.481-0400: 72.741: [GC (GCLocker Initiated GC) --[PSYoungGen: 188993K->188993K(201216K)] 688054K->710974K(725504K), 0.0169828 secs] [Times: user=0.16 sys=0.00, real=0.02 secs] 
2016-09-22T22:42:11.498-0400: 72.758: [Full GC (Ergonomics) [PSYoungGen: 188993K->0K(201216K)] [ParOldGen: 521980K->133386K(524288K)] 710974K->133386K(725504K), [Metaspace: 43700K->43700K(1087488K)], 0.0693237 secs] [Times: user=0.49 sys=0.02, real=0.07 secs] 
2016-09-22T22:42:11.720-0400: 72.980: [GC (GCLocker Initiated GC) [PSYoungGen: 145408K->57113K(202752K)] 278924K->193329K(727040K), 0.0069216 secs] [Times: user=0.07 sys=0.00, real=0.01 secs] 
2016-09-22T22:42:11.881-0400: 73.140: [GC (GCLocker Initiated GC) [PSYoungGen: 202521K->32835K(198656K)] 338754K->181183K(722944K), 0.0122444 secs] [Times: user=0.16 sys=0.00, real=0.01 secs] 
2016-09-22T22:42:12.037-0400: 73.296: [GC (GCLocker Initiated GC) [PSYoungGen: 172099K->52789K(192512K)] 320472K->202419K(716800K), 0.0059568 secs] [Times: user=0.07 sys=0.01, real=0.00 secs] 
2016-09-22T22:42:12.199-0400: 73.459: [GC (GCLocker Initiated GC) [PSYoungGen: 192053K->23023K(195584K)] 344503K->189934K(719872K), 0.0141880 secs] [Times: user=0.16 sys=0.00, real=0.01 secs] 
2016-09-22T22:42:12.358-0400: 73.618: [GC (GCLocker Initiated GC) [PSYoungGen: 155119K->19072K(151552K)] 334236K->199260K(675840K), 0.0081857 secs] [Times: user=0.05 sys=0.01, real=0.00 secs] 
2016-09-22T22:42:12.513-0400: 73.773: [GC (GCLocker Initiated GC) [PSYoungGen: 151168K->19202K(195072K)] 342297K->225074K(719360K), 0.0120821 secs] [Times: user=0.16 sys=0.00, real=0.01 secs] 
2016-09-22T22:42:12.678-0400: 73.938: [GC (GCLocker Initiated GC) [PSYoungGen: 148226K->25829K(155136K)] 362233K->241072K(679424K), 0.0069236 secs] [Times: user=0.08 sys=0.00, real=0.00 secs] 
2016-09-22T22:42:12.813-0400: 74.072: [GC (GCLocker Initiated GC) [PSYoungGen: 154853K->39356K(196608K)] 370120K->255720K(720896K), 0.0089609 secs] [Times: user=0.11 sys=0.00, real=0.01 secs] 
2016-09-22T22:42:12.958-0400: 74.217: [GC (GCLocker Initiated GC) [PSYoungGen: 170428K->30974K(162304K)] 389653K->251284K(686592K), 0.0226739 secs] [Times: user=0.22 sys=0.00, real=0.02 secs] 
2016-09-22T22:42:13.116-0400: 74.376: [GC (GCLocker Initiated GC) [PSYoungGen: 162046K->35288K(197120K)] 390483K->264910K(721408K), 0.0213363 secs] [Times: user=0.25 sys=0.01, real=0.02 secs] 
2016-09-22T22:42:13.282-0400: 74.542: [GC (GCLocker Initiated GC) [PSYoungGen: 170456K->28373K(194560K)] 405586K->278029K(718848K), 0.0060711 secs] [Times: user=0.05 sys=0.01, real=0.01 secs] 
2016-09-22T22:42:13.437-0400: 74.696: [GC (GCLocker Initiated GC) [PSYoungGen: 163541K->42175K(198144K)] 413320K->292974K(722432K), 0.0070468 secs] [Times: user=0.07 sys=0.00, real=0.00 secs] 
2016-09-22T22:42:13.589-0400: 74.849: [GC (GCLocker Initiated GC) [PSYoungGen: 182463K->44771K(198656K)] 433486K->296964K(722944K), 0.0135540 secs] [Times: user=0.15 sys=0.01, real=0.01 secs] 
2016-09-22T22:42:13.743-0400: 75.003: [GC (GCLocker Initiated GC) [PSYoungGen: 185059K->32713K(201216K)] 442741K->291598K(725504K), 0.0053926 secs] [Times: user=0.05 sys=0.00, real=0.01 secs] 
2016-09-22T22:42:13.903-0400: 75.163: [GC (GCLocker Initiated GC) [PSYoungGen: 176585K->40769K(201728K)] 435670K->301133K(726016K), 0.0186391 secs] [Times: user=0.23 sys=0.00, real=0.02 secs] 
2016-09-22T22:42:14.064-0400: 75.324: [GC (GCLocker Initiated GC) [PSYoungGen: 184641K->48964K(199168K)] 445019K->310689K(723456K), 0.0209065 secs] [Times: user=0.26 sys=0.00, real=0.02 secs] 
2016-09-22T22:42:14.239-0400: 75.499: [GC (GCLocker Initiated GC) [PSYoungGen: 190276K->27225K(201728K)] 457328K->303635K(726016K), 0.0074157 secs] [Times: user=0.07 sys=0.01, real=0.01 secs] 
2016-09-22T22:42:14.393-0400: 75.653: [GC (GCLocker Initiated GC) [PSYoungGen: 168537K->39362K(198144K)] 447658K->319626K(722432K), 0.0071830 secs] [Times: user=0.10 sys=0.00, real=0.01 secs] 
2016-09-22T22:42:14.558-0400: 75.818: [GC (GCLocker Initiated GC) [PSYoungGen: 181186K->39585K(200192K)] 464230K->323671K(724480K), 0.0147692 secs] [Times: user=0.18 sys=0.01, real=0.01 secs] 
2016-09-22T22:42:14.724-0400: 75.984: [GC (GCLocker Initiated GC) [PSYoungGen: 181409K->13928K(200704K)] 480516K->314284K(724992K), 0.0046525 secs] [Times: user=0.04 sys=0.00, real=0.01 secs] 
2016-09-22T22:42:14.878-0400: 76.138: [GC (GCLocker Initiated GC) [PSYoungGen: 157288K->31394K(202752K)] 464501K->339919K(727040K), 0.0057022 secs] [Times: user=0.04 sys=0.00, real=0.00 secs] 
2016-09-22T22:42:15.039-0400: 76.299: [GC (GCLocker Initiated GC) [PSYoungGen: 174754K->38102K(200704K)] 486004K->350606K(724992K), 0.0143047 secs] [Times: user=0.16 sys=0.00, real=0.01 secs] 
2016-09-22T22:42:15.202-0400: 76.462: [GC (GCLocker Initiated GC) [PSYoungGen: 183510K->23140K(201728K)] 498908K->342554K(726016K), 0.0163553 secs] [Times: user=0.14 sys=0.00, real=0.02 secs] 
2016-09-22T22:42:15.396-0400: 76.656: [GC (GCLocker Initiated GC) [PSYoungGen: 168548K->40698K(204800K)] 488039K->361410K(729088K), 0.0065298 secs] [Times: user=0.07 sys=0.01, real=0.00 secs] 
2016-09-22T22:42:15.549-0400: 76.809: [GC (GCLocker Initiated GC) [PSYoungGen: 189178K->44833K(193536K)] 509921K->374793K(717824K), 0.0058184 secs] [Times: user=0.06 sys=0.01, real=0.01 secs] 
2016-09-22T22:42:15.736-0400: 76.996: [GC (GCLocker Initiated GC) [PSYoungGen: 193313K->34182K(205824K)] 523287K->378889K(730112K), 0.0091226 secs] [Times: user=0.10 sys=0.01, real=0.00 secs] 
2016-09-22T22:42:15.899-0400: 77.158: [GC (GCLocker Initiated GC) [PSYoungGen: 181638K->8465K(156160K)] 538645K->377678K(680448K), 0.0070376 secs] [Times: user=0.03 sys=0.00, real=0.00 secs] 
2016-09-22T22:42:16.061-0400: 77.321: [GC (GCLocker Initiated GC) [PSYoungGen: 155921K->32778K(205824K)] 530641K->408901K(730112K), 0.0053823 secs] [Times: user=0.04 sys=0.00, real=0.00 secs] 
2016-09-22T22:42:16.227-0400: 77.487: [GC (GCLocker Initiated GC) [PSYoungGen: 179722K->41045K(203264K)] 558552K->421155K(727552K), 0.0053951 secs] [Times: user=0.07 sys=0.00, real=0.00 secs] 
2016-09-22T22:42:16.410-0400: 77.669: [GC (GCLocker Initiated GC) [PSYoungGen: 187989K->30156K(204288K)] 577579K->421137K(728576K), 0.0062705 secs] [Times: user=0.06 sys=0.00, real=0.01 secs] 
2016-09-22T22:42:16.566-0400: 77.825: [GC (GCLocker Initiated GC) [PSYoungGen: 178636K->51434K(200192K)] 569728K->443853K(724480K), 0.0073999 secs] [Times: user=0.07 sys=0.00, real=0.01 secs] 
2016-09-22T22:42:16.716-0400: 77.976: [GC (GCLocker Initiated GC) [PSYoungGen: 199914K->28619K(203776K)] 595073K->438291K(728064K), 0.0055070 secs] [Times: user=0.07 sys=0.00, real=0.00 secs] 
2016-09-22T22:42:16.860-0400: 78.120: [GC (GCLocker Initiated GC) [PSYoungGen: 172491K->18879K(202240K)] 587694K->448652K(726528K), 0.0120390 secs] [Times: user=0.14 sys=0.00, real=0.01 secs] 
2016-09-22T22:42:16.999-0400: 78.259: [GC (GCLocker Initiated GC) [PSYoungGen: 162751K->48813K(197120K)] 595249K->482360K(721408K), 0.0052040 secs] [Times: user=0.06 sys=0.00, real=0.00 secs] 
2016-09-22T22:42:17.140-0400: 78.400: [GC (GCLocker Initiated GC) [PSYoungGen: 187053K->42133K(200192K)] 627429K->483548K(724480K), 0.0063004 secs] [Times: user=0.07 sys=0.01, real=0.00 secs] 
2016-09-22T22:42:17.289-0400: 78.549: [GC (GCLocker Initiated GC) [PSYoungGen: 180373K->29855K(197120K)] 621805K->483180K(721408K), 0.0146664 secs] [Times: user=0.20 sys=0.00, real=0.01 secs] 
2016-09-22T22:42:17.454-0400: 78.714: [GC (GCLocker Initiated GC) [PSYoungGen: 168095K->21863K(198656K)] 631014K->502075K(722944K), 0.0079353 secs] [Times: user=0.11 sys=0.00, real=0.01 secs] 
2016-09-22T22:42:17.610-0400: 78.869: [GC (GCLocker Initiated GC) [PSYoungGen: 160103K->28581K(198144K)] 645727K->515335K(722432K), 0.0054822 secs] [Times: user=0.05 sys=0.02, real=0.01 secs] 
2016-09-22T22:42:17.758-0400: 79.018: [GC (GCLocker Initiated GC) [PSYoungGen: 170405K->35392K(200192K)] 657200K->534142K(724480K), 0.0104495 secs] [Times: user=0.12 sys=0.01, real=0.01 secs] 
2016-09-22T22:42:17.916-0400: 79.176: [GC (GCLocker Initiated GC) [PSYoungGen: 177216K->55676K(194048K)] 675988K->555625K(718336K), 0.0058211 secs] [Times: user=0.06 sys=0.01, real=0.00 secs] 
2016-09-22T22:42:18.073-0400: 79.333: [GC (GCLocker Initiated GC) [PSYoungGen: 192892K->33945K(199680K)] 694264K->552648K(723968K), 0.0058596 secs] [Times: user=0.06 sys=0.01, real=0.01 secs] 
2016-09-22T22:42:18.079-0400: 79.339: [Full GC (Ergonomics) [PSYoungGen: 33945K->0K(199680K)] [ParOldGen: 518702K->135533K(524288K)] 552648K->135533K(723968K), [Metaspace: 43704K->43704K(1087488K)], 0.0722308 secs] [Times: user=0.55 sys=0.01, real=0.07 secs] 
2016-09-22T22:42:18.293-0400: 79.553: [GC (GCLocker Initiated GC) [PSYoungGen: 137216K->38426K(194560K)] 277046K->178256K(718848K), 0.0055510 secs] [Times: user=0.08 sys=0.00, real=0.01 secs] 
2016-09-22T22:42:18.445-0400: 79.705: [GC (GCLocker Initiated GC) [PSYoungGen: 177690K->36840K(198144K)] 320241K->180713K(722432K), 0.0149412 secs] [Times: user=0.15 sys=0.00, real=0.02 secs] 
2016-09-22T22:42:18.639-0400: 79.899: [GC (GCLocker Initiated GC) [PSYoungGen: 176104K->39584K(200704K)] 325421K->190194K(724992K), 0.0048030 secs] [Times: user=0.06 sys=0.00, real=0.00 secs] 
2016-09-22T22:42:18.810-0400: 80.069: [GC (GCLocker Initiated GC) [PSYoungGen: 186016K->43568K(202752K)] 339392K->198215K(727040K), 0.0107559 secs] [Times: user=0.14 sys=0.01, real=0.01 secs] 
2016-09-22T22:42:18.988-0400: 80.248: [GC (GCLocker Initiated GC) [PSYoungGen: 190000K->45288K(202752K)] 349619K->206202K(727040K), 0.0058630 secs] [Times: user=0.05 sys=0.01, real=0.00 secs] 
2016-09-22T22:42:19.164-0400: 80.424: [GC (GCLocker Initiated GC) [PSYoungGen: 190696K->34395K(180224K)] 351612K->215771K(704512K), 0.0057086 secs] [Times: user=0.05 sys=0.00, real=0.01 secs] 
2016-09-22T22:42:19.342-0400: 80.602: [GC (GCLocker Initiated GC) [PSYoungGen: 179803K->19988K(202240K)] 376236K->218008K(726528K), 0.0096555 secs] [Times: user=0.12 sys=0.00, real=0.01 secs] 
2016-09-22T22:42:19.527-0400: 80.787: [GC (GCLocker Initiated GC) [PSYoungGen: 165396K->42675K(203264K)] 363445K->242510K(727552K), 0.0087605 secs] [Times: user=0.08 sys=0.00, real=0.01 secs] 
2016-09-22T22:42:19.707-0400: 80.966: [GC (GCLocker Initiated GC) [PSYoungGen: 188083K->22326K(203776K)] 390621K->253607K(728064K), 0.0098189 secs] [Times: user=0.13 sys=0.01, real=0.01 secs] 
2016-09-22T22:42:19.881-0400: 81.140: [GC (GCLocker Initiated GC) [PSYoungGen: 167734K->35886K(181760K)] 401844K->271560K(706048K), 0.0072009 secs] [Times: user=0.08 sys=0.00, real=0.01 secs] 
2016-09-22T22:42:20.058-0400: 81.318: [GC (GCLocker Initiated GC) [PSYoungGen: 181294K->23626K(201728K)] 429251K->273171K(726016K), 0.0054815 secs] [Times: user=0.04 sys=0.01, real=0.00 secs] 
2016-09-22T22:42:20.232-0400: 81.492: [GC (GCLocker Initiated GC) [PSYoungGen: 169034K->49286K(201728K)] 418735K->300461K(726016K), 0.0091848 secs] [Times: user=0.10 sys=0.01, real=0.01 secs] 
2016-09-22T22:42:20.402-0400: 81.662: [GC (GCLocker Initiated GC) [PSYoungGen: 194694K->41286K(202752K)] 448811K->296991K(727040K), 0.0060118 secs] [Times: user=0.07 sys=0.00, real=0.01 secs] 
2016-09-22T22:42:20.570-0400: 81.830: [GC (GCLocker Initiated GC) [PSYoungGen: 184134K->54736K(197632K)] 439872K->312138K(721920K), 0.0088567 secs] [Times: user=0.12 sys=0.01, real=0.01 secs] 
2016-09-22T22:42:20.747-0400: 82.007: [GC (GCLocker Initiated GC) [PSYoungGen: 197584K->33045K(199680K)] 460419K->324510K(723968K), 0.0070553 secs] [Times: user=0.10 sys=0.00, real=0.00 secs] 
2016-09-22T22:42:20.909-0400: 82.169: [GC (GCLocker Initiated GC) [PSYoungGen: 168725K->49062K(198144K)] 460308K->344852K(722432K), 0.0055151 secs] [Times: user=0.06 sys=0.00, real=0.01 secs] 
2016-09-22T22:42:21.076-0400: 82.336: [GC (GCLocker Initiated GC) [PSYoungGen: 184742K->37105K(197120K)] 484610K->357245K(721408K), 0.0063158 secs] [Times: user=0.08 sys=0.00, real=0.00 secs] 
2016-09-22T22:42:21.234-0400: 82.493: [GC (GCLocker Initiated GC) [PSYoungGen: 172785K->39638K(197632K)] 492954K->377492K(721920K), 0.0065733 secs] [Times: user=0.06 sys=0.02, real=0.01 secs] 
2016-09-22T22:42:21.393-0400: 82.653: [GC (GCLocker Initiated GC) [PSYoungGen: 175318K->29015K(199168K)] 517323K->385918K(723456K), 0.0067353 secs] [Times: user=0.06 sys=0.00, real=0.01 secs] 
2016-09-22T22:42:21.552-0400: 82.811: [GC (GCLocker Initiated GC) [PSYoungGen: 168279K->49171K(198656K)] 525367K->429427K(722944K), 0.0089393 secs] [Times: user=0.09 sys=0.00, real=0.01 secs] 
2016-09-22T22:42:21.715-0400: 82.975: [GC (GCLocker Initiated GC) [PSYoungGen: 188435K->42291K(201216K)] 574125K->429461K(725504K), 0.0141499 secs] [Times: user=0.18 sys=0.01, real=0.01 secs] 
2016-09-22T22:42:21.896-0400: 83.155: [GC (GCLocker Initiated GC) [PSYoungGen: 182067K->29079K(168960K)] 574875K->431418K(693248K), 0.0104552 secs] [Times: user=0.15 sys=0.00, real=0.00 secs] 
2016-09-22T22:42:22.075-0400: 83.335: [GC (GCLocker Initiated GC) [PSYoungGen: 168855K->35894K(202240K)] 580827K->449482K(726528K), 0.0115408 secs] [Times: user=0.17 sys=0.00, real=0.01 secs] 
2016-09-22T22:42:22.256-0400: 83.515: [GC (GCLocker Initiated GC) [PSYoungGen: 177718K->26412K(200192K)] 600953K->464835K(724480K), 0.0054883 secs] [Times: user=0.08 sys=0.00, real=0.00 secs] 
2016-09-22T22:42:22.438-0400: 83.698: [GC (GCLocker Initiated GC) [PSYoungGen: 168236K->43970K(201216K)] 606671K->484005K(725504K), 0.0125952 secs] [Times: user=0.15 sys=0.00, real=0.01 secs] 
2016-09-22T22:42:22.605-0400: 83.864: [GC (GCLocker Initiated GC) [PSYoungGen: 186818K->41346K(201728K)] 629591K->485775K(726016K), 0.0068766 secs] [Times: user=0.08 sys=0.00, real=0.01 secs] 
2016-09-22T22:42:22.812-0400: 84.072: [GC (GCLocker Initiated GC) [PSYoungGen: 184194K->41260K(201216K)] 631339K->490089K(725504K), 0.0128412 secs] [Times: user=0.18 sys=0.00, real=0.01 secs] 
2016-09-22T22:42:22.999-0400: 84.258: [GC (GCLocker Initiated GC) [PSYoungGen: 186156K->37338K(202240K)] 643315K->506927K(726528K), 0.0065935 secs] [Times: user=0.08 sys=0.00, real=0.00 secs] 
2016-09-22T22:42:23.171-0400: 84.431: [GC (GCLocker Initiated GC) [PSYoungGen: 182234K->42677K(204288K)] 651834K->514051K(728576K), 0.0081085 secs] [Times: user=0.11 sys=0.00, real=0.01 secs] 
2016-09-22T22:42:23.356-0400: 84.616: [GC (GCLocker Initiated GC) [PSYoungGen: 191157K->40020K(204288K)] 662777K->513345K(728576K), 0.0052811 secs] [Times: user=0.07 sys=0.00, real=0.00 secs] 
2016-09-22T22:42:23.549-0400: 84.809: [GC (GCLocker Initiated GC) [PSYoungGen: 188500K->33442K(205312K)] 672649K->519316K(729600K), 0.0075346 secs] [Times: user=0.11 sys=0.00, real=0.01 secs] 
2016-09-22T22:42:23.747-0400: 85.007: [GC (GCLocker Initiated GC) [PSYoungGen: 184994K->38698K(205312K)] 679067K->534644K(729600K), 0.0110121 secs] [Times: user=0.13 sys=0.00, real=0.01 secs] 
2016-09-22T22:42:23.930-0400: 85.190: [GC (GCLocker Initiated GC) [PSYoungGen: 190250K->30445K(207872K)] 688983K->549957K(732160K), 0.0143968 secs] [Times: user=0.18 sys=0.00, real=0.01 secs] 
2016-09-22T22:42:23.945-0400: 85.205: [Full GC (Ergonomics) [PSYoungGen: 30445K->0K(207872K)] [ParOldGen: 519512K->187452K(524288K)] 549957K->187452K(732160K), [Metaspace: 43724K->43724K(1087488K)], 0.0744518 secs] [Times: user=0.48 sys=0.00, real=0.08 secs] 
2016-09-22T22:42:24.231-0400: 85.491: [GC (GCLocker Initiated GC) [PSYoungGen: 155136K->32646K(207360K)] 349481K->226991K(731648K), 0.0050103 secs] [Times: user=0.06 sys=0.01, real=0.01 secs] 
2016-09-22T22:42:24.411-0400: 85.671: [GC (GCLocker Initiated GC) [PSYoungGen: 187782K->31884K(209408K)] 386309K->232822K(733696K), 0.0057982 secs] [Times: user=0.06 sys=0.00, real=0.01 secs] 
2016-09-22T22:42:24.589-0400: 85.849: [GC (GCLocker Initiated GC) [PSYoungGen: 189580K->25275K(208896K)] 398729K->236169K(733184K), 0.0241174 secs] [Times: user=0.26 sys=0.01, real=0.02 secs] 
2016-09-22T22:42:24.824-0400: 86.083: [GC (GCLocker Initiated GC) [PSYoungGen: 182971K->30746K(209408K)] 399298K->248918K(733696K), 0.0308106 secs] [Times: user=0.42 sys=0.00, real=0.04 secs] 
2016-09-22T22:42:25.028-0400: 86.288: [GC (GCLocker Initiated GC) [PSYoungGen: 189978K->16811K(209920K)] 410861K->261156K(734208K), 0.0075310 secs] [Times: user=0.05 sys=0.00, real=0.01 secs] 
2016-09-22T22:42:25.206-0400: 86.466: [GC (GCLocker Initiated GC) [PSYoungGen: 176043K->38409K(209920K)] 420488K->284455K(734208K), 0.0098917 secs] [Times: user=0.07 sys=0.01, real=0.02 secs] 
2016-09-22T22:42:25.396-0400: 86.656: [GC (GCLocker Initiated GC) [PSYoungGen: 196105K->41451K(199168K)] 442156K->291953K(723456K), 0.0064503 secs] [Times: user=0.07 sys=0.00, real=0.00 secs] 
2016-09-22T22:42:25.577-0400: 86.837: [GC (GCLocker Initiated GC) [PSYoungGen: 199147K->29285K(209920K)] 449826K->281626K(734208K), 0.0062201 secs] [Times: user=0.06 sys=0.01, real=0.00 secs] 
2016-09-22T22:42:25.759-0400: 87.019: [GC (GCLocker Initiated GC) [PSYoungGen: 185957K->23798K(208896K)] 445281K->284878K(733184K), 0.0068818 secs] [Times: user=0.08 sys=0.00, real=0.00 secs] 
2016-09-22T22:42:25.938-0400: 87.197: [GC (GCLocker Initiated GC) [PSYoungGen: 180470K->27624K(208896K)] 446983K->295872K(733184K), 0.0101150 secs] [Times: user=0.08 sys=0.00, real=0.01 secs] 
2016-09-22T22:42:26.139-0400: 87.398: [GC (GCLocker Initiated GC) [PSYoungGen: 185320K->22227K(208896K)] 458352K->296793K(733184K), 0.0136110 secs] [Times: user=0.18 sys=0.00, real=0.01 secs] 
2016-09-22T22:42:26.321-0400: 87.581: [GC (GCLocker Initiated GC) [PSYoungGen: 179923K->31836K(206848K)] 458568K->312210K(731136K), 0.0086324 secs] [Times: user=0.10 sys=0.00, real=0.01 secs] 
2016-09-22T22:42:26.505-0400: 87.764: [GC (GCLocker Initiated GC) [PSYoungGen: 191580K->31843K(208896K)] 471956K->313852K(733184K), 0.0051311 secs] [Times: user=0.06 sys=0.00, real=0.01 secs] 
2016-09-22T22:42:26.691-0400: 87.951: [GC (GCLocker Initiated GC) [PSYoungGen: 191587K->31796K(209408K)] 481723K->323635K(733696K), 0.0058160 secs] [Times: user=0.06 sys=0.00, real=0.01 secs] 
2016-09-22T22:42:26.879-0400: 88.139: [GC (GCLocker Initiated GC) [PSYoungGen: 197172K->37236K(211456K)] 489019K->330642K(735744K), 0.0095116 secs] [Times: user=0.10 sys=0.00, real=0.01 secs] 
2016-09-22T22:42:27.067-0400: 88.327: [GC (GCLocker Initiated GC) [PSYoungGen: 202612K->18030K(212992K)] 504327K->321377K(737280K), 0.0366724 secs] [Times: user=0.39 sys=0.01, real=0.03 secs] 
2016-09-22T22:42:27.292-0400: 88.552: [GC (GCLocker Initiated GC) [PSYoungGen: 183918K->31774K(198144K)] 491379K->340801K(722432K), 0.0127426 secs] [Times: user=0.13 sys=0.00, real=0.01 secs] 
2016-09-22T22:42:27.484-0400: 88.743: [GC (GCLocker Initiated GC) [PSYoungGen: 197662K->30451K(215040K)] 513635K->348122K(739328K), 0.0059847 secs] [Times: user=0.04 sys=0.00, real=0.01 secs] 
2016-09-22T22:42:27.688-0400: 88.948: [GC (GCLocker Initiated GC) [PSYoungGen: 198899K->23704K(213504K)] 527382K->353880K(737792K), 0.0123273 secs] [Times: user=0.12 sys=0.00, real=0.01 secs] 
2016-09-22T22:42:27.892-0400: 89.152: [GC (GCLocker Initiated GC) [PSYoungGen: 192152K->29153K(215552K)] 525098K->363842K(739840K), 0.0121705 secs] [Times: user=0.12 sys=0.00, real=0.01 secs] 
2016-09-22T22:42:28.086-0400: 89.345: [GC (GCLocker Initiated GC) [PSYoungGen: 201185K->35725K(215552K)] 535903K->372268K(739840K), 0.0118968 secs] [Times: user=0.11 sys=0.00, real=0.02 secs] 
2016-09-22T22:42:28.290-0400: 89.550: [GC (GCLocker Initiated GC) [PSYoungGen: 207757K->30241K(216576K)] 547101K->387448K(740864K), 0.0179513 secs] [Times: user=0.16 sys=0.01, real=0.02 secs] 
2016-09-22T22:42:28.519-0400: 89.779: [GC (GCLocker Initiated GC) [PSYoungGen: 204321K->26494K(217088K)] 564268K->401528K(741376K), 0.0071016 secs] [Times: user=0.05 sys=0.01, real=0.00 secs] 
2016-09-22T22:42:28.714-0400: 89.974: [GC (GCLocker Initiated GC) [PSYoungGen: 200574K->38525K(215552K)] 575644K->415453K(739840K), 0.0074448 secs] [Times: user=0.05 sys=0.00, real=0.01 secs] 
2016-09-22T22:42:28.922-0400: 90.182: [GC (GCLocker Initiated GC) [PSYoungGen: 211581K->30653K(217600K)] 594024K->433735K(741888K), 0.0106258 secs] [Times: user=0.09 sys=0.00, real=0.01 secs] 
2016-09-22T22:42:29.142-0400: 90.402: [GC (GCLocker Initiated GC) [PSYoungGen: 203709K->22403K(217600K)] 619138K->439624K(741888K), 0.0136855 secs] [Times: user=0.12 sys=0.00, real=0.02 secs] 
2016-09-22T22:42:29.353-0400: 90.613: [GC (GCLocker Initiated GC) [PSYoungGen: 196995K->24901K(218112K)] 614219K->443966K(742400K), 0.0073657 secs] [Times: user=0.06 sys=0.00, real=0.01 secs] 
2016-09-22T22:42:29.548-0400: 90.808: [GC (GCLocker Initiated GC) [PSYoungGen: 199493K->40133K(214016K)] 624085K->466420K(738304K), 0.0086245 secs] [Times: user=0.08 sys=0.00, real=0.01 secs] 
2016-09-22T22:42:29.745-0400: 91.005: [GC (GCLocker Initiated GC) [PSYoungGen: 211141K->31832K(216576K)] 640273K->462801K(740864K), 0.0099593 secs] [Times: user=0.07 sys=0.00, real=0.02 secs] 
2016-09-22T22:42:29.949-0400: 91.209: [GC (GCLocker Initiated GC) [PSYoungGen: 202840K->30452K(212480K)] 634102K->474398K(736768K), 0.0065218 secs] [Times: user=0.06 sys=0.01, real=0.01 secs] 
2016-09-22T22:42:30.146-0400: 91.405: [GC (GCLocker Initiated GC) [PSYoungGen: 202484K->41256K(215040K)] 651835K->492389K(739328K), 0.0141202 secs] [Times: user=0.13 sys=0.02, real=0.02 secs] 
2016-09-22T22:42:30.353-0400: 91.613: [GC (GCLocker Initiated GC) [PSYoungGen: 213288K->35882K(216064K)] 669836K->502276K(740352K), 0.0162285 secs] [Times: user=0.16 sys=0.00, real=0.02 secs] 
2016-09-22T22:42:30.575-0400: 91.835: [GC (GCLocker Initiated GC) [PSYoungGen: 205866K->27845K(198144K)] 676539K->500234K(722432K), 0.0287360 secs] [Times: user=0.27 sys=0.01, real=0.02 secs] 
2016-09-22T22:42:30.790-0400: 92.049: [GC (GCLocker Initiated GC) [PSYoungGen: 197829K->37272K(215040K)] 670313K->511671K(739328K), 0.0112260 secs] [Times: user=0.10 sys=0.00, real=0.01 secs] 
2016-09-22T22:42:31.005-0400: 92.264: [GC (GCLocker Initiated GC) [PSYoungGen: 206744K->38937K(208896K)] 686766K->531563K(733184K), 0.0122214 secs] [Times: user=0.16 sys=0.00, real=0.02 secs] 
2016-09-22T22:42:31.225-0400: 92.485: [Full GC (Ergonomics) [PSYoungGen: 208409K->0K(208896K)] [ParOldGen: 504994K->119375K(524288K)] 713403K->119375K(733184K), [Metaspace: 43731K->43731K(1087488K)], 0.0745656 secs] [Times: user=0.58 sys=0.02, real=0.08 secs] 
2016-09-22T22:42:31.474-0400: 92.734: [GC (GCLocker Initiated GC) [PSYoungGen: 169472K->46562K(207872K)] 288851K->168641K(732160K), 0.0112625 secs] [Times: user=0.13 sys=0.02, real=0.01 secs] 
2016-09-22T22:42:31.653-0400: 92.912: [GC (GCLocker Initiated GC) [PSYoungGen: 207330K->41083K(202240K)] 337562K->172807K(726528K), 0.0112428 secs] [Times: user=0.10 sys=0.01, real=0.01 secs] 
2016-09-22T22:42:31.830-0400: 93.090: [GC (GCLocker Initiated GC) [PSYoungGen: 201851K->40979K(209408K)] 336353K->176985K(733696K), 0.0197096 secs] [Times: user=0.30 sys=0.02, real=0.02 secs] 
2016-09-22T22:42:32.008-0400: 93.268: [GC (GCLocker Initiated GC) [PSYoungGen: 198675K->39551K(209920K)] 342885K->185090K(734208K), 0.0111633 secs] [Times: user=0.14 sys=0.00, real=0.01 secs] 
2016-09-22T22:42:32.179-0400: 93.439: [GC (GCLocker Initiated GC) [PSYoungGen: 197247K->12446K(204800K)] 351838K->184479K(729088K), 0.0092472 secs] [Times: user=0.10 sys=0.00, real=0.01 secs] 
2016-09-22T22:42:32.325-0400: 93.585: [GC (GCLocker Initiated GC) [PSYoungGen: 165022K->52678K(205312K)] 337072K->228750K(729600K), 0.0134390 secs] [Times: user=0.18 sys=0.00, real=0.02 secs] 
2016-09-22T22:42:32.502-0400: 93.761: [GC (GCLocker Initiated GC) [PSYoungGen: 205254K->12449K(197120K)] 392345K->216701K(721408K), 0.0048341 secs] [Times: user=0.04 sys=0.01, real=0.01 secs] 
2016-09-22T22:42:32.634-0400: 93.894: [GC (GCLocker Initiated GC) [PSYoungGen: 152737K->40467K(201216K)] 359830K->248647K(725504K), 0.0260267 secs] [Times: user=0.32 sys=0.02, real=0.03 secs] 
2016-09-22T22:42:32.787-0400: 94.047: [GC (GCLocker Initiated GC) [PSYoungGen: 180755K->47281K(196096K)] 393047K->276703K(720384K), 0.0060171 secs] [Times: user=0.06 sys=0.00, real=0.00 secs] 
2016-09-22T22:42:32.921-0400: 94.181: [GC (GCLocker Initiated GC) [PSYoungGen: 182449K->21871K(198656K)] 424031K->280613K(722944K), 0.0070096 secs] [Times: user=0.07 sys=0.00, real=0.01 secs] 
2016-09-22T22:42:33.064-0400: 94.324: [GC (GCLocker Initiated GC) [PSYoungGen: 157039K->26914K(194048K)] 418575K->289494K(718336K), 0.0187730 secs] [Times: user=0.20 sys=0.00, real=0.02 secs] 
2016-09-22T22:42:33.218-0400: 94.478: [GC (GCLocker Initiated GC) [PSYoungGen: 162594K->24537K(196608K)] 430596K->293574K(720896K), 0.0046166 secs] [Times: user=0.06 sys=0.00, real=0.00 secs] 
2016-09-22T22:42:33.363-0400: 94.622: [GC (GCLocker Initiated GC) [PSYoungGen: 160217K->40612K(200192K)] 437383K->318892K(724480K), 0.0049693 secs] [Times: user=0.05 sys=0.01, real=0.01 secs] 
2016-09-22T22:42:33.519-0400: 94.778: [GC (GCLocker Initiated GC) [PSYoungGen: 181924K->32559K(174080K)] 460279K->328116K(698368K), 0.0058905 secs] [Times: user=0.06 sys=0.00, real=0.00 secs] 
2016-09-22T22:42:33.672-0400: 94.932: [GC (GCLocker Initiated GC) [PSYoungGen: 173871K->24754K(201216K)] 477534K->329468K(725504K), 0.0047700 secs] [Times: user=0.05 sys=0.00, real=0.01 secs] 
2016-09-22T22:42:33.828-0400: 95.088: [GC (GCLocker Initiated GC) [PSYoungGen: 168626K->21706K(200704K)] 477400K->331699K(724992K), 0.0117339 secs] [Times: user=0.13 sys=0.00, real=0.01 secs] 
2016-09-22T22:42:34.023-0400: 95.283: [GC (GCLocker Initiated GC) [PSYoungGen: 165578K->16631K(203776K)] 489101K->341293K(728064K), 0.0112005 secs] [Times: user=0.09 sys=0.00, real=0.02 secs] 
2016-09-22T22:42:34.191-0400: 95.451: [GC (GCLocker Initiated GC) [PSYoungGen: 164599K->35626K(203776K)] 492037K->370022K(728064K), 0.0094780 secs] [Times: user=0.10 sys=0.00, real=0.01 secs] 
2016-09-22T22:42:34.369-0400: 95.629: [GC (GCLocker Initiated GC) [PSYoungGen: 183594K->29995K(201216K)] 520746K->368455K(725504K), 0.0239336 secs] [Times: user=0.27 sys=0.01, real=0.02 secs] 
2016-09-22T22:42:34.552-0400: 95.811: [GC (GCLocker Initiated GC) [PSYoungGen: 180523K->32844K(203776K)] 521712K->375231K(728064K), 0.0047534 secs] [Times: user=0.05 sys=0.00, real=0.01 secs] 
2016-09-22T22:42:34.739-0400: 95.999: [GC (GCLocker Initiated GC) [PSYoungGen: 183372K->34333K(206848K)] 531182K->399633K(731136K), 0.0060521 secs] [Times: user=0.07 sys=0.00, real=0.00 secs] 
2016-09-22T22:42:34.943-0400: 96.203: [GC (GCLocker Initiated GC) [PSYoungGen: 191517K->35766K(208384K)] 556820K->402507K(732672K), 0.0111324 secs] [Times: user=0.14 sys=0.00, real=0.01 secs] 
2016-09-22T22:42:35.134-0400: 96.393: [GC (GCLocker Initiated GC) [PSYoungGen: 192950K->11517K(208384K)] 570841K->390985K(732672K), 0.0053516 secs] [Times: user=0.04 sys=0.01, real=0.01 secs] 
2016-09-22T22:42:35.316-0400: 96.575: [GC (GCLocker Initiated GC) [PSYoungGen: 169213K->43939K(201728K)] 551470K->427887K(726016K), 0.0063942 secs] [Times: user=0.07 sys=0.00, real=0.00 secs] 
2016-09-22T22:42:35.506-0400: 96.765: [GC (GCLocker Initiated GC) [PSYoungGen: 201635K->23427K(207872K)] 592548K->415933K(732160K), 0.0087632 secs] [Times: user=0.10 sys=0.00, real=0.01 secs] 
2016-09-22T22:42:35.668-0400: 96.927: [GC (GCLocker Initiated GC) [PSYoungGen: 176003K->29935K(182784K)] 576617K->432033K(707072K), 0.0058005 secs] [Times: user=0.04 sys=0.00, real=0.00 secs] 
2016-09-22T22:42:35.841-0400: 97.101: [GC (GCLocker Initiated GC) [PSYoungGen: 182511K->43789K(201216K)] 584620K->447235K(725504K), 0.0064838 secs] [Times: user=0.06 sys=0.00, real=0.01 secs] 
2016-09-22T22:42:36.017-0400: 97.277: [GC (GCLocker Initiated GC) [PSYoungGen: 193293K->33124K(204288K)] 602291K->454509K(728576K), 0.0054042 secs] [Times: user=0.05 sys=0.01, real=0.00 secs] 
2016-09-22T22:42:36.184-0400: 97.444: [GC (GCLocker Initiated GC) [PSYoungGen: 182628K->45227K(203776K)] 609495K->473656K(728064K), 0.0065914 secs] [Times: user=0.06 sys=0.00, real=0.01 secs] 
2016-09-22T22:42:36.345-0400: 97.605: [GC (GCLocker Initiated GC) [PSYoungGen: 195755K->55795K(206336K)] 624220K->510195K(730624K), 0.0081629 secs] [Times: user=0.11 sys=0.00, real=0.01 secs] 
2016-09-22T22:42:36.515-0400: 97.774: [GC (GCLocker Initiated GC) [PSYoungGen: 206323K->44937K(175616K)] 660749K->522334K(699904K), 0.0063192 secs] [Times: user=0.08 sys=0.00, real=0.00 secs] 
2016-09-22T22:42:36.648-0400: 97.907: [GC (GCLocker Initiated GC) [PSYoungGen: 164745K->32516K(190976K)] 647575K->519263K(715264K), 0.0059649 secs] [Times: user=0.06 sys=0.00, real=0.00 secs] 
2016-09-22T22:42:36.789-0400: 98.049: [Full GC (Ergonomics) [PSYoungGen: 152324K->0K(190976K)] [ParOldGen: 497860K->155702K(524288K)] 650185K->155702K(715264K), [Metaspace: 43738K->43738K(1087488K)], 0.0618553 secs] [Times: user=0.37 sys=0.01, real=0.06 secs] 
2016-09-22T22:42:36.981-0400: 98.240: [GC (GCLocker Initiated GC) [PSYoungGen: 119808K->55586K(186368K)] 275543K->211322K(710656K), 0.0108330 secs] [Times: user=0.16 sys=0.00, real=0.01 secs] 
2016-09-22T22:42:37.134-0400: 98.393: [GC (GCLocker Initiated GC) [PSYoungGen: 173346K->16369K(134144K)] 335844K->185333K(658432K), 0.0102982 secs] [Times: user=0.07 sys=0.00, real=0.01 secs] 
2016-09-22T22:42:37.259-0400: 98.519: [GC (GCLocker Initiated GC) [PSYoungGen: 134129K->48813K(187904K)] 306020K->221951K(712192K), 0.0094847 secs] [Times: user=0.13 sys=0.00, real=0.01 secs] 
2016-09-22T22:42:37.408-0400: 98.667: [GC (GCLocker Initiated GC) [PSYoungGen: 163501K->24445K(139264K)] 348865K->210860K(663552K), 0.0061475 secs] [Times: user=0.04 sys=0.00, real=0.00 secs] 
2016-09-22T22:42:37.522-0400: 98.782: [GC (Allocation Failure) [PSYoungGen: 139133K->39103K(190976K)] 331178K->234991K(715264K), 0.0148211 secs] [Times: user=0.15 sys=0.01, real=0.02 secs] 
2016-09-22T22:42:37.679-0400: 98.938: [GC (GCLocker Initiated GC) [PSYoungGen: 155918K->25704K(187904K)] 354506K->225291K(712192K), 0.0094889 secs] [Times: user=0.12 sys=0.01, real=0.01 secs] 
2016-09-22T22:42:37.808-0400: 99.067: [GC (GCLocker Initiated GC) [PSYoungGen: 143976K->43257K(188928K)] 346275K->246560K(713216K), 0.0078429 secs] [Times: user=0.09 sys=0.00, real=0.01 secs] 
2016-09-22T22:42:37.952-0400: 99.211: [GC (GCLocker Initiated GC) [PSYoungGen: 163577K->29876K(188416K)] 366889K->234203K(712704K), 0.0048824 secs] [Times: user=0.05 sys=0.00, real=0.01 secs] 
2016-09-22T22:42:38.071-0400: 99.330: [GC (GCLocker Initiated GC) [PSYoungGen: 150196K->46069K(190976K)] 357450K->254418K(715264K), 0.0055330 secs] [Times: user=0.07 sys=0.01, real=0.01 secs] 
2016-09-22T22:42:38.210-0400: 99.470: [GC (GCLocker Initiated GC) [PSYoungGen: 170997K->22987K(191488K)] 379349K->240462K(715776K), 0.0104964 secs] [Times: user=0.07 sys=0.00, real=0.01 secs] 
2016-09-22T22:42:38.351-0400: 99.611: [GC (GCLocker Initiated GC) [PSYoungGen: 147915K->46118K(194048K)] 365486K->264780K(718336K), 0.0108136 secs] [Times: user=0.14 sys=0.00, real=0.01 secs] 
2016-09-22T22:42:38.501-0400: 99.761: [GC (GCLocker Initiated GC) [PSYoungGen: 174118K->19170K(195072K)] 400913K->263300K(719360K), 0.0150404 secs] [Times: user=0.19 sys=0.00, real=0.02 secs] 
2016-09-22T22:42:38.652-0400: 99.912: [GC (Allocation Failure) [PSYoungGen: 147170K->29653K(190976K)] 393024K->276727K(715264K), 0.0111748 secs] [Times: user=0.10 sys=0.00, real=0.01 secs] 
2016-09-22T22:42:38.785-0400: 100.044: [GC (GCLocker Initiated GC) [PSYoungGen: 157653K->37632K(193024K)] 404731K->301836K(717312K), 0.0227750 secs] [Times: user=0.23 sys=0.00, real=0.03 secs] 
2016-09-22T22:42:38.952-0400: 100.212: [GC (GCLocker Initiated GC) [PSYoungGen: 165632K->32402K(192000K)] 429839K->297322K(716288K), 0.0173093 secs] [Times: user=0.18 sys=0.01, real=0.02 secs] 
2016-09-22T22:42:39.114-0400: 100.374: [GC (GCLocker Initiated GC) [PSYoungGen: 166546K->43326K(194560K)] 431487K->309322K(718848K), 0.0113227 secs] [Times: user=0.11 sys=0.00, real=0.01 secs] 
2016-09-22T22:42:39.259-0400: 100.519: [GC (GCLocker Initiated GC) [PSYoungGen: 177470K->28426K(199680K)] 451983K->312149K(723968K), 0.0064911 secs] [Times: user=0.05 sys=0.01, real=0.00 secs] 
2016-09-22T22:42:39.406-0400: 100.666: [GC (GCLocker Initiated GC) [PSYoungGen: 168714K->31028K(200192K)] 456747K->320048K(724480K), 0.0056925 secs] [Times: user=0.04 sys=0.00, real=0.01 secs] 
2016-09-22T22:42:39.551-0400: 100.811: [GC (GCLocker Initiated GC) [PSYoungGen: 171316K->12004K(199168K)] 473969K->315640K(723456K), 0.0045648 secs] [Times: user=0.03 sys=0.00, real=0.01 secs] 
2016-09-22T22:42:39.709-0400: 100.969: [GC (GCLocker Initiated GC) [PSYoungGen: 153316K->29787K(200704K)] 463918K->341257K(724992K), 0.0112455 secs] [Times: user=0.14 sys=0.00, real=0.01 secs] 
2016-09-22T22:42:39.857-0400: 101.116: [GC (GCLocker Initiated GC) [PSYoungGen: 171099K->24294K(200192K)] 490693K->344921K(724480K), 0.0050971 secs] [Times: user=0.04 sys=0.00, real=0.00 secs] 
2016-09-22T22:42:40.008-0400: 101.267: [GC (GCLocker Initiated GC) [PSYoungGen: 169702K->18990K(201216K)] 499873K->350031K(725504K), 0.0088560 secs] [Times: user=0.07 sys=0.01, real=0.01 secs] 
2016-09-22T22:42:40.161-0400: 101.421: [GC (GCLocker Initiated GC) [PSYoungGen: 164398K->40709K(204288K)] 498285K->375637K(728576K), 0.0068053 secs] [Times: user=0.06 sys=0.01, real=0.01 secs] 
2016-09-22T22:42:40.319-0400: 101.579: [GC (GCLocker Initiated GC) [PSYoungGen: 189189K->12214K(160768K)] 535140K->359241K(685056K), 0.0054213 secs] [Times: user=0.04 sys=0.00, real=0.00 secs] 
2016-09-22T22:42:40.460-0400: 101.720: [GC (GCLocker Initiated GC) [PSYoungGen: 160694K->43280K(200192K)] 507948K->391624K(724480K), 0.0099153 secs] [Times: user=0.13 sys=0.00, real=0.01 secs] 
2016-09-22T22:42:40.618-0400: 101.878: [GC (GCLocker Initiated GC) [PSYoungGen: 185616K->35451K(202240K)] 539389K->390186K(726528K), 0.0083695 secs] [Times: user=0.10 sys=0.00, real=0.00 secs] 
2016-09-22T22:42:40.771-0400: 102.030: [GC (GCLocker Initiated GC) [PSYoungGen: 177787K->23063K(198144K)] 541990K->407341K(722432K), 0.0067319 secs] [Times: user=0.06 sys=0.00, real=0.01 secs] 
2016-09-22T22:42:40.928-0400: 102.188: [GC (GCLocker Initiated GC) [PSYoungGen: 166423K->26912K(200704K)] 550707K->412203K(724992K), 0.0058021 secs] [Times: user=0.04 sys=0.01, real=0.00 secs] 
2016-09-22T22:42:41.078-0400: 102.338: [GC (GCLocker Initiated GC) [PSYoungGen: 170272K->47603K(198656K)] 555730K->434022K(722944K), 0.0059671 secs] [Times: user=0.07 sys=0.01, real=0.00 secs] 
2016-09-22T22:42:41.247-0400: 102.506: [GC (GCLocker Initiated GC) [PSYoungGen: 190963K->41025K(184832K)] 577412K->442199K(709120K), 0.0093738 secs] [Times: user=0.10 sys=0.01, real=0.01 secs] 
2016-09-22T22:42:41.410-0400: 102.670: [GC (GCLocker Initiated GC) [PSYoungGen: 184385K->32952K(204800K)] 585563K->459817K(729088K), 0.0068377 secs] [Times: user=0.08 sys=0.00, real=0.01 secs] 
2016-09-22T22:42:41.556-0400: 102.816: [GC (GCLocker Initiated GC) [PSYoungGen: 177848K->57227K(202240K)] 604937K->485754K(726528K), 0.0063510 secs] [Times: user=0.07 sys=0.00, real=0.00 secs] 
2016-09-22T22:42:41.719-0400: 102.979: [GC (GCLocker Initiated GC) [PSYoungGen: 202123K->49003K(188928K)] 630704K->478933K(713216K), 0.0154018 secs] [Times: user=0.24 sys=0.00, real=0.02 secs] 
2016-09-22T22:42:41.885-0400: 103.145: [GC (GCLocker Initiated GC) [PSYoungGen: 178027K->22010K(195584K)] 617482K->462786K(719872K), 0.0051964 secs] [Times: user=0.07 sys=0.00, real=0.01 secs] 
2016-09-22T22:42:42.035-0400: 103.295: [GC (GCLocker Initiated GC) [PSYoungGen: 151034K->31244K(189952K)] 597368K->478744K(714240K), 0.0150601 secs] [Times: user=0.15 sys=0.00, real=0.01 secs] 
2016-09-22T22:42:42.209-0400: 103.469: [GC (Allocation Failure) [PSYoungGen: 160780K->21904K(193024K)] 615380K->488576K(717312K), 0.0140069 secs] [Times: user=0.15 sys=0.00, real=0.01 secs] 
2016-09-22T22:42:42.355-0400: 103.615: [GC (GCLocker Initiated GC) [PSYoungGen: 151440K->48857K(194048K)] 618116K->516787K(718336K), 0.0105168 secs] [Times: user=0.14 sys=0.00, real=0.00 secs] 
2016-09-22T22:42:42.515-0400: 103.774: [GC (GCLocker Initiated GC) [PSYoungGen: 179929K->24505K(196608K)] 650625K->496312K(720896K), 0.0067962 secs] [Times: user=0.05 sys=0.01, real=0.00 secs] 
2016-09-22T22:42:42.676-0400: 103.935: [GC (GCLocker Initiated GC) [PSYoungGen: 155577K->24685K(192512K)] 630105K->500600K(716800K), 0.0167298 secs] [Times: user=0.17 sys=0.00, real=0.01 secs] 
2016-09-22T22:42:42.830-0400: 104.090: [GC (GCLocker Initiated GC) [PSYoungGen: 156781K->27297K(195072K)] 638206K->510217K(719360K), 0.0257006 secs] [Times: user=0.37 sys=0.00, real=0.03 secs] 
2016-09-22T22:42:42.997-0400: 104.257: [GC (GCLocker Initiated GC) [PSYoungGen: 159393K->50301K(194048K)] 642432K->534579K(718336K), 0.0226865 secs] [Times: user=0.31 sys=0.00, real=0.02 secs] 
2016-09-22T22:42:43.164-0400: 104.423: [GC (GCLocker Initiated GC) [PSYoungGen: 183421K->32881K(197632K)] 669067K->519708K(721920K), 0.0058178 secs] [Times: user=0.05 sys=0.00, real=0.01 secs] 
2016-09-22T22:42:43.307-0400: 104.567: [GC (GCLocker Initiated GC) [PSYoungGen: 166001K->21961K(195584K)] 655541K->515624K(719872K), 0.0067504 secs] [Times: user=0.04 sys=0.00, real=0.00 secs] 
2016-09-22T22:42:43.470-0400: 104.730: [GC (GCLocker Initiated GC) [PSYoungGen: 157641K->23343K(197120K)] 654136K->521229K(721408K), 0.0068286 secs] [Times: user=0.05 sys=0.00, real=0.01 secs] 
2016-09-22T22:42:43.630-0400: 104.889: [GC (GCLocker Initiated GC) [PSYoungGen: 159023K->24732K(197632K)] 662495K->532351K(721920K), 0.0173413 secs] [Times: user=0.16 sys=0.00, real=0.02 secs] 
2016-09-22T22:42:43.805-0400: 105.064: [Full GC (Ergonomics) [PSYoungGen: 165532K->0K(197632K)] [ParOldGen: 513099K->142459K(524288K)] 678632K->142459K(721920K), [Metaspace: 43757K->43757K(1087488K)], 0.0880090 secs] [Times: user=0.72 sys=0.02, real=0.09 secs] 
2016-09-22T22:42:44.052-0400: 105.311: [GC (GCLocker Initiated GC) [PSYoungGen: 140800K->25155K(199168K)] 291713K->176069K(723456K), 0.0103415 secs] [Times: user=0.10 sys=0.01, real=0.01 secs] 
2016-09-22T22:42:44.215-0400: 105.475: [GC (GCLocker Initiated GC) [PSYoungGen: 165955K->32919K(199680K)] 325066K->193843K(723968K), 0.0129427 secs] [Times: user=0.14 sys=0.01, real=0.01 secs] 
2016-09-22T22:42:44.400-0400: 105.660: [GC (GCLocker Initiated GC) [PSYoungGen: 179863K->30608K(201728K)] 345136K->205570K(726016K), 0.0065237 secs] [Times: user=0.08 sys=0.00, real=0.01 secs] 
2016-09-22T22:42:44.574-0400: 105.833: [GC (GCLocker Initiated GC) [PSYoungGen: 177552K->39993K(206336K)] 360793K->225012K(730624K), 0.0105021 secs] [Times: user=0.14 sys=0.00, real=0.01 secs] 
2016-09-22T22:42:44.754-0400: 106.013: [GC (GCLocker Initiated GC) [PSYoungGen: 193593K->39922K(207360K)] 384253K->232295K(731648K), 0.0158962 secs] [Times: user=0.18 sys=0.00, real=0.02 secs] 
2016-09-22T22:42:44.947-0400: 106.207: [GC (GCLocker Initiated GC) [PSYoungGen: 193522K->43716K(203264K)] 385925K->237801K(727552K), 0.0060711 secs] [Times: user=0.05 sys=0.00, real=0.00 secs] 
2016-09-22T22:42:45.133-0400: 106.393: [GC (GCLocker Initiated GC) [PSYoungGen: 192196K->22415K(205312K)] 386314K->223535K(729600K), 0.0125887 secs] [Times: user=0.15 sys=0.00, real=0.01 secs] 
2016-09-22T22:42:45.311-0400: 106.571: [GC (GCLocker Initiated GC) [PSYoungGen: 170895K->34571K(201728K)] 372044K->259037K(726016K), 0.0098882 secs] [Times: user=0.10 sys=0.00, real=0.01 secs] 
2016-09-22T22:42:45.474-0400: 106.734: [GC (GCLocker Initiated GC) [PSYoungGen: 183563K->26395K(203776K)] 408035K->274150K(728064K), 0.0070058 secs] [Times: user=0.06 sys=0.00, real=0.01 secs] 
2016-09-22T22:42:45.650-0400: 106.910: [GC (GCLocker Initiated GC) [PSYoungGen: 175387K->25039K(204288K)] 427344K->278715K(728576K), 0.0144348 secs] [Times: user=0.15 sys=0.00, real=0.01 secs] 
2016-09-22T22:42:45.844-0400: 107.103: [GC (GCLocker Initiated GC) [PSYoungGen: 178639K->29206K(206336K)] 432548K->284908K(730624K), 0.0244567 secs] [Times: user=0.24 sys=0.01, real=0.03 secs] 
2016-09-22T22:42:46.040-0400: 107.299: [GC (GCLocker Initiated GC) [PSYoungGen: 182806K->41339K(207872K)] 442658K->302862K(732160K), 0.0104772 secs] [Times: user=0.12 sys=0.00, real=0.01 secs] 
2016-09-22T22:42:46.231-0400: 107.491: [GC (GCLocker Initiated GC) [PSYoungGen: 198011K->41693K(198656K)] 462262K->321090K(722944K), 0.0076482 secs] [Times: user=0.06 sys=0.01, real=0.01 secs] 
2016-09-22T22:42:46.440-0400: 107.699: [GC (GCLocker Initiated GC) [PSYoungGen: 198365K->36091K(208896K)] 477845K->331016K(733184K), 0.0091114 secs] [Times: user=0.11 sys=0.00, real=0.01 secs] 
2016-09-22T22:42:46.620-0400: 107.880: [GC (GCLocker Initiated GC) [PSYoungGen: 190715K->21321K(207872K)] 497002K->329468K(732160K), 0.0041795 secs] [Times: user=0.05 sys=0.00, real=0.00 secs] 
2016-09-22T22:42:46.795-0400: 108.054: [GC (GCLocker Initiated GC) [PSYoungGen: 175945K->31884K(205824K)] 484103K->341936K(730112K), 0.0104548 secs] [Times: user=0.09 sys=0.00, real=0.00 secs] 
2016-09-22T22:42:46.997-0400: 108.257: [GC (GCLocker Initiated GC) [PSYoungGen: 187532K->23891K(206848K)] 507042K->356050K(731136K), 0.0199491 secs] [Times: user=0.29 sys=0.00, real=0.02 secs] 
2016-09-22T22:42:47.214-0400: 108.474: [GC (GCLocker Initiated GC) [PSYoungGen: 179539K->39070K(209408K)] 518449K->379864K(733696K), 0.0064470 secs] [Times: user=0.06 sys=0.01, real=0.01 secs] 
2016-09-22T22:42:47.398-0400: 108.658: [GC (GCLocker Initiated GC) [PSYoungGen: 197790K->49694K(208896K)] 544021K->403448K(733184K), 0.0067875 secs] [Times: user=0.07 sys=0.00, real=0.00 secs] 
2016-09-22T22:42:47.605-0400: 108.865: [GC (GCLocker Initiated GC) [PSYoungGen: 208414K->41634K(201728K)] 564990K->424458K(726016K), 0.0065973 secs] [Times: user=0.07 sys=0.01, real=0.01 secs] 
2016-09-22T22:42:47.770-0400: 109.029: [GC (GCLocker Initiated GC) [PSYoungGen: 190114K->43795K(192512K)] 572955K->428648K(716800K), 0.0060279 secs] [Times: user=0.05 sys=0.01, real=0.01 secs] 
2016-09-22T22:42:47.935-0400: 109.195: [GC (GCLocker Initiated GC) [PSYoungGen: 192275K->32889K(205824K)] 579852K->438180K(730112K), 0.0060553 secs] [Times: user=0.08 sys=0.00, real=0.00 secs] 
2016-09-22T22:42:48.097-0400: 109.357: [GC (GCLocker Initiated GC) [PSYoungGen: 180345K->35345K(183296K)] 585647K->441995K(707584K), 0.0067901 secs] [Times: user=0.04 sys=0.01, real=0.00 secs] 
2016-09-22T22:42:48.279-0400: 109.539: [GC (GCLocker Initiated GC) [PSYoungGen: 182801K->24781K(201728K)] 597594K->451580K(726016K), 0.0088344 secs] [Times: user=0.09 sys=0.00, real=0.01 secs] 
2016-09-22T22:42:48.437-0400: 109.697: [GC (GCLocker Initiated GC) [PSYoungGen: 172237K->35437K(201728K)] 603303K->489588K(726016K), 0.0066006 secs] [Times: user=0.06 sys=0.01, real=0.00 secs] 
2016-09-22T22:42:48.613-0400: 109.873: [GC (GCLocker Initiated GC) [PSYoungGen: 182893K->23240K(206336K)] 640899K->496012K(730624K), 0.0153533 secs] [Times: user=0.13 sys=0.00, real=0.02 secs] 
2016-09-22T22:42:48.774-0400: 110.034: [GC (GCLocker Initiated GC) [PSYoungGen: 176840K->27012K(206336K)] 652330K->511962K(730624K), 0.0062124 secs] [Times: user=0.04 sys=0.01, real=0.01 secs] 
2016-09-22T22:42:48.937-0400: 110.197: [GC (GCLocker Initiated GC) [PSYoungGen: 180612K->38085K(207872K)] 665572K->524150K(732160K), 0.0228387 secs] [Times: user=0.28 sys=0.00, real=0.02 secs] 
2016-09-22T22:42:49.112-0400: 110.372: [GC (GCLocker Initiated GC) [PSYoungGen: 194245K->48551K(204800K)] 680417K->535916K(729088K), 0.0079834 secs] [Times: user=0.07 sys=0.00, real=0.01 secs] 
2016-09-22T22:42:49.275-0400: 110.535: [GC (GCLocker Initiated GC) [PSYoungGen: 204711K->35283K(208384K)] 692079K->542442K(732672K), 0.0090671 secs] [Times: user=0.10 sys=0.00, real=0.00 secs] 
2016-09-22T22:42:49.285-0400: 110.544: [Full GC (Ergonomics) [PSYoungGen: 35283K->0K(208384K)] [ParOldGen: 507159K->89194K(524288K)] 542442K->89194K(732672K), [Metaspace: 43784K->43784K(1087488K)], 0.0686613 secs] [Times: user=0.48 sys=0.01, real=0.07 secs] 
2016-09-22T22:42:49.500-0400: 110.760: [GC (GCLocker Initiated GC) [PSYoungGen: 152576K->20239K(206336K)] 254132K->121796K(730624K), 0.0214964 secs] [Times: user=0.26 sys=0.01, real=0.02 secs] 
2016-09-22T22:42:49.684-0400: 110.944: [GC (GCLocker Initiated GC) [PSYoungGen: 172815K->28627K(206336K)] 282599K->140769K(730624K), 0.0053858 secs] [Times: user=0.04 sys=0.00, real=0.01 secs] 
2016-09-22T22:42:49.854-0400: 111.113: [GC (GCLocker Initiated GC) [PSYoungGen: 182227K->40865K(206848K)] 299888K->173212K(731136K), 0.0066379 secs] [Times: user=0.07 sys=0.00, real=0.01 secs] 
2016-09-22T22:42:50.020-0400: 111.279: [GC (GCLocker Initiated GC) [PSYoungGen: 194465K->43538K(204800K)] 332214K->182504K(729088K), 0.0096190 secs] [Times: user=0.11 sys=0.00, real=0.01 secs] 
2016-09-22T22:42:50.187-0400: 111.446: [GC (GCLocker Initiated GC) [PSYoungGen: 194066K->24474K(206336K)] 335738K->167364K(730624K), 0.0042958 secs] [Times: user=0.04 sys=0.00, real=0.00 secs] 
2016-09-22T22:42:50.337-0400: 111.597: [GC (GCLocker Initiated GC) [PSYoungGen: 175002K->36437K(203776K)] 317913K->180333K(728064K), 0.0120368 secs] [Times: user=0.14 sys=0.00, real=0.01 secs] 
2016-09-22T22:42:50.500-0400: 111.760: [GC (GCLocker Initiated GC) [PSYoungGen: 187477K->24784K(205312K)] 339488K->196707K(729600K), 0.0115256 secs] [Times: user=0.15 sys=0.01, real=0.01 secs] 
2016-09-22T22:42:50.677-0400: 111.936: [GC (GCLocker Initiated GC) [PSYoungGen: 175824K->14063K(206336K)] 360055K->199683K(730624K), 0.0106426 secs] [Times: user=0.13 sys=0.00, real=0.01 secs] 
2016-09-22T22:42:50.848-0400: 112.107: [GC (GCLocker Initiated GC) [PSYoungGen: 166639K->39668K(192512K)] 357696K->232121K(716800K), 0.0100688 secs] [Times: user=0.10 sys=0.00, real=0.01 secs] 
2016-09-22T22:42:51.061-0400: 112.321: [GC (GCLocker Initiated GC) [PSYoungGen: 192244K->31820K(208896K)] 394155K->235095K(733184K), 0.0055245 secs] [Times: user=0.05 sys=0.00, real=0.01 secs] 
2016-09-22T22:42:51.292-0400: 112.552: [GC (GCLocker Initiated GC) [PSYoungGen: 184908K->33065K(186368K)] 393732K->243529K(710656K), 0.0050910 secs] [Times: user=0.06 sys=0.00, real=0.01 secs] 
2016-09-22T22:42:51.515-0400: 112.775: [GC (GCLocker Initiated GC) [PSYoungGen: 186153K->15793K(203776K)] 412558K->243764K(728064K), 0.0038112 secs] [Times: user=0.05 sys=0.00, real=0.00 secs] 
2016-09-22T22:42:51.698-0400: 112.958: [GC (GCLocker Initiated GC) [PSYoungGen: 167857K->25127K(204800K)] 406634K->265625K(729088K), 0.0128305 secs] [Times: user=0.12 sys=0.00, real=0.01 secs] 
2016-09-22T22:42:51.883-0400: 113.143: [GC (GCLocker Initiated GC) [PSYoungGen: 177191K->33204K(207872K)] 425800K->283558K(732160K), 0.0048645 secs] [Times: user=0.05 sys=0.00, real=0.01 secs] 
2016-09-22T22:42:52.080-0400: 113.339: [GC (GCLocker Initiated GC) [PSYoungGen: 191412K->40270K(208384K)] 443150K->293650K(732672K), 0.0077665 secs] [Times: user=0.10 sys=0.00, real=0.01 secs] 
2016-09-22T22:42:52.262-0400: 113.522: [GC (GCLocker Initiated GC) [PSYoungGen: 198478K->28742K(210432K)] 451972K->284154K(734720K), 0.0062944 secs] [Times: user=0.05 sys=0.00, real=0.01 secs] 
2016-09-22T22:42:52.431-0400: 113.691: [GC (GCLocker Initiated GC) [PSYoungGen: 187974K->32047K(191488K)] 446089K->291608K(715776K), 0.0080029 secs] [Times: user=0.08 sys=0.00, real=0.01 secs] 
2016-09-22T22:42:52.598-0400: 113.858: [GC (GCLocker Initiated GC) [PSYoungGen: 191279K->37361K(208896K)] 456366K->304224K(733184K), 0.0057075 secs] [Times: user=0.05 sys=0.00, real=0.00 secs] 
2016-09-22T22:42:52.766-0400: 114.026: [GC (GCLocker Initiated GC) [PSYoungGen: 197105K->29358K(209408K)] 464044K->319854K(733696K), 0.0069129 secs] [Times: user=0.06 sys=0.00, real=0.01 secs] 
2016-09-22T22:42:52.935-0400: 114.195: [GC (GCLocker Initiated GC) [PSYoungGen: 189102K->31913K(210432K)] 482420K->326897K(734720K), 0.0051914 secs] [Times: user=0.04 sys=0.00, real=0.00 secs] 
2016-09-22T22:42:53.117-0400: 114.376: [GC (GCLocker Initiated GC) [PSYoungGen: 196265K->22569K(210944K)] 491267K->319488K(735232K), 0.0115793 secs] [Times: user=0.13 sys=0.01, real=0.01 secs] 
2016-09-22T22:42:53.283-0400: 114.543: [GC (GCLocker Initiated GC) [PSYoungGen: 186921K->26298K(214528K)] 492010K->346742K(738816K), 0.0197905 secs] [Times: user=0.20 sys=0.00, real=0.02 secs] 
2016-09-22T22:42:53.488-0400: 114.748: [GC (GCLocker Initiated GC) [PSYoungGen: 195258K->16129K(215040K)] 528376K->353618K(739328K), 0.0120064 secs] [Times: user=0.10 sys=0.00, real=0.01 secs] 
2016-09-22T22:42:53.682-0400: 114.942: [GC (GCLocker Initiated GC) [PSYoungGen: 185089K->31941K(215552K)] 530708K->379686K(739840K), 0.0049590 secs] [Times: user=0.04 sys=0.00, real=0.01 secs] 
2016-09-22T22:42:53.864-0400: 115.124: [GC (GCLocker Initiated GC) [PSYoungGen: 201413K->44295K(214016K)] 549263K->399354K(738304K), 0.0058395 secs] [Times: user=0.07 sys=0.00, real=0.01 secs] 
2016-09-22T22:42:54.050-0400: 115.310: [GC (GCLocker Initiated GC) [PSYoungGen: 213767K->30721K(214016K)] 578502K->397374K(738304K), 0.0057776 secs] [Times: user=0.04 sys=0.01, real=0.01 secs] 
2016-09-22T22:42:54.237-0400: 115.497: [GC (GCLocker Initiated GC) [PSYoungGen: 196609K->34331K(200704K)] 563359K->403004K(724992K), 0.0046093 secs] [Times: user=0.04 sys=0.00, real=0.00 secs] 
2016-09-22T22:42:54.400-0400: 115.659: [GC (GCLocker Initiated GC) [PSYoungGen: 200219K->27653K(214528K)] 568925K->397922K(738816K), 0.0080134 secs] [Times: user=0.05 sys=0.00, real=0.01 secs] 
2016-09-22T22:42:54.568-0400: 115.828: [GC (GCLocker Initiated GC) [PSYoungGen: 194565K->31845K(213504K)] 567548K->422759K(737792K), 0.0190580 secs] [Times: user=0.18 sys=0.01, real=0.02 secs] 
2016-09-22T22:42:54.757-0400: 116.017: [GC (GCLocker Initiated GC) [PSYoungGen: 198757K->37289K(212480K)] 589969K->430270K(736768K), 0.0104256 secs] [Times: user=0.13 sys=0.00, real=0.01 secs] 
2016-09-22T22:42:54.925-0400: 116.184: [GC (GCLocker Initiated GC) [PSYoungGen: 204201K->43952K(210944K)] 597272K->438771K(735232K), 0.0105437 secs] [Times: user=0.13 sys=0.01, real=0.02 secs] 
2016-09-22T22:42:55.113-0400: 116.372: [GC (GCLocker Initiated GC) [PSYoungGen: 210864K->26191K(212992K)] 612496K->429413K(737280K), 0.0192501 secs] [Times: user=0.18 sys=0.00, real=0.02 secs] 
2016-09-22T22:43:03.034-0400: 124.293: [GC (Allocation Failure) [PSYoungGen: 189519K->32464K(196096K)] 592809K->450873K(720384K), 0.0100745 secs] [Times: user=0.08 sys=0.01, real=0.01 secs] 
