Java HotSpot(TM) 64-Bit Server VM (25.77-b03) for linux-amd64 JRE (1.8.0_77-b03), built on Mar 20 2016 22:00:46 by "java_re" with gcc 4.3.0 20080428 (Red Hat 4.3.0-8)
Memory: 4k page, physical 264122324k(96812696k free), swap 268399612k(268246128k free)
CommandLine flags: -XX:GCLogFileSize=1048576 -XX:+HeapDumpOnOutOfMemoryError -XX:HeapDumpPath=artifacts/heapdump -XX:InitialHeapSize=805306368 -XX:MaxHeapSize=805306368 -XX:NumberOfGCLogFiles=10 -XX:+PrintGC -XX:+PrintGCDateStamps -XX:+PrintGCDetails -XX:+PrintGCTimeStamps -XX:+UseCompressedClassPointers -XX:+UseCompressedOops -XX:+UseGCLogFileRotation -XX:+UseParallelGC 
2016-09-15T12:13:04.724-0400: 2.124: [GC (Metadata GC Threshold) [PSYoungGen: 121898K->15553K(229376K)] 121898K->15633K(753664K), 0.0233026 secs] [Times: user=0.18 sys=0.01, real=0.02 secs] 
2016-09-15T12:13:04.747-0400: 2.148: [Full GC (Metadata GC Threshold) [PSYoungGen: 15553K->0K(229376K)] [ParOldGen: 80K->14597K(345088K)] 15633K->14597K(574464K), [Metaspace: 21050K->21050K(1067008K)], 0.0487270 secs] [Times: user=0.35 sys=0.06, real=0.06 secs] 
2016-09-15T12:13:06.488-0400: 3.889: [GC (Metadata GC Threshold) [PSYoungGen: 121715K->14734K(229376K)] 136312K->29468K(574464K), 0.0139297 secs] [Times: user=0.09 sys=0.01, real=0.01 secs] 
2016-09-15T12:13:06.502-0400: 3.903: [Full GC (Metadata GC Threshold) [PSYoungGen: 14734K->0K(229376K)] [ParOldGen: 14733K->20234K(524288K)] 29468K->20234K(753664K), [Metaspace: 35055K->35055K(1079296K)], 0.0497787 secs] [Times: user=0.40 sys=0.01, real=0.05 secs] 
2016-09-15T12:13:08.311-0400: 5.711: [GC (GCLocker Initiated GC) [PSYoungGen: 196608K->32747K(229376K)] 216848K->62428K(753664K), 0.0095509 secs] [Times: user=0.12 sys=0.01, real=0.01 secs] 
2016-09-15T12:13:09.113-0400: 6.514: [GC (GCLocker Initiated GC) [PSYoungGen: 229355K->20661K(229376K)] 265466K->56780K(753664K), 0.0156769 secs] [Times: user=0.15 sys=0.00, real=0.02 secs] 
2016-09-15T12:13:10.220-0400: 7.621: [GC (GCLocker Initiated GC) [PSYoungGen: 217269K->21207K(218112K)] 259818K->63764K(742400K), 0.0120204 secs] [Times: user=0.12 sys=0.00, real=0.01 secs] 
2016-09-15T12:13:11.271-0400: 8.672: [GC (Allocation Failure) [PSYoungGen: 217815K->21064K(227328K)] 266797K->70054K(751616K), 0.0214720 secs] [Times: user=0.21 sys=0.02, real=0.02 secs] 
2016-09-15T12:13:12.328-0400: 9.728: [GC (Allocation Failure) [PSYoungGen: 212040K->33195K(224256K)] 261030K->88268K(748544K), 0.0174559 secs] [Times: user=0.17 sys=0.01, real=0.01 secs] 
2016-09-15T12:13:12.826-0400: 10.227: [GC (GCLocker Initiated GC) [PSYoungGen: 224142K->34081K(218112K)] 279247K->119569K(742400K), 0.0160452 secs] [Times: user=0.14 sys=0.02, real=0.02 secs] 
2016-09-15T12:13:13.048-0400: 10.448: [GC (GCLocker Initiated GC) [PSYoungGen: 214305K->40046K(220672K)] 312159K->180433K(744960K), 0.0193327 secs] [Times: user=0.19 sys=0.01, real=0.01 secs] 
2016-09-15T12:13:13.329-0400: 10.730: [GC (GCLocker Initiated GC) [PSYoungGen: 220270K->39882K(206336K)] 367087K->253532K(730624K), 0.0228192 secs] [Times: user=0.24 sys=0.04, real=0.02 secs] 
2016-09-15T12:13:13.564-0400: 10.964: [GC (GCLocker Initiated GC) [PSYoungGen: 204746K->45861K(210944K)] 418494K->302142K(735232K), 0.0262444 secs] [Times: user=0.26 sys=0.01, real=0.03 secs] 
2016-09-15T12:13:13.808-0400: 11.208: [GC (GCLocker Initiated GC) [PSYoungGen: 210725K->49884K(197632K)] 467367K->339120K(721920K), 0.0198352 secs] [Times: user=0.21 sys=0.02, real=0.01 secs] 
2016-09-15T12:13:14.040-0400: 11.440: [GC (GCLocker Initiated GC) [PSYoungGen: 196316K->55443K(202240K)] 485806K->381788K(726528K), 0.0159796 secs] [Times: user=0.18 sys=0.01, real=0.02 secs] 
2016-09-15T12:13:14.250-0400: 11.651: [GC (GCLocker Initiated GC) [PSYoungGen: 201875K->55347K(183808K)] 528576K->467490K(708096K), 0.0133885 secs] [Times: user=0.14 sys=0.03, real=0.01 secs] 
2016-09-15T12:13:14.434-0400: 11.835: [GC (Allocation Failure) [PSYoungGen: 179251K->67661K(192000K)] 591749K->541038K(716288K), 0.0127888 secs] [Times: user=0.14 sys=0.05, real=0.01 secs] 
2016-09-15T12:13:14.447-0400: 11.848: [Full GC (Ergonomics) [PSYoungGen: 67661K->0K(192000K)] [ParOldGen: 473376K->50850K(524288K)] 541038K->50850K(716288K), [Metaspace: 43512K->43508K(1085440K)], 0.1751430 secs] [Times: user=2.29 sys=0.07, real=0.18 secs] 
2016-09-15T12:13:14.778-0400: 12.179: [GC (GCLocker Initiated GC) [PSYoungGen: 123754K->67629K(164352K)] 180680K->185313K(688640K), 0.0109321 secs] [Times: user=0.17 sys=0.00, real=0.01 secs] 
2016-09-15T12:13:14.931-0400: 12.332: [GC (GCLocker Initiated GC) [PSYoungGen: 161837K->80175K(174592K)] 279564K->234360K(698880K), 0.0085835 secs] [Times: user=0.11 sys=0.01, real=0.01 secs] 
2016-09-15T12:13:15.085-0400: 12.486: [GC (Allocation Failure) [PSYoungGen: 174383K->55515K(175104K)] 328649K->240595K(699392K), 0.0116679 secs] [Times: user=0.10 sys=0.01, real=0.02 secs] 
2016-09-15T12:13:15.211-0400: 12.612: [GC (GCLocker Initiated GC) [PSYoungGen: 143579K->67665K(175104K)] 328665K->295747K(699392K), 0.0138766 secs] [Times: user=0.10 sys=0.01, real=0.01 secs] 
2016-09-15T12:13:15.331-0400: 12.732: [GC (GCLocker Initiated GC) [PSYoungGen: 155729K->74100K(175104K)] 384172K->357353K(699392K), 0.0111924 secs] [Times: user=0.16 sys=0.00, real=0.01 secs] 
2016-09-15T12:13:15.458-0400: 12.859: [GC (GCLocker Initiated GC) [PSYoungGen: 162164K->73608K(175104K)] 445779K->400212K(699392K), 0.0111390 secs] [Times: user=0.16 sys=0.00, real=0.01 secs] 
2016-09-15T12:13:15.570-0400: 12.971: [GC (GCLocker Initiated GC) [PSYoungGen: 161672K->79783K(175104K)] 488497K->412802K(699392K), 0.0126487 secs] [Times: user=0.09 sys=0.00, real=0.01 secs] 
2016-09-15T12:13:15.678-0400: 13.078: [GC (GCLocker Initiated GC) [PSYoungGen: 167847K->73736K(175104K)] 501054K->486390K(699392K), 0.0109202 secs] [Times: user=0.17 sys=0.00, real=0.01 secs] 
2016-09-15T12:13:15.805-0400: 13.206: [GC (GCLocker Initiated GC) [PSYoungGen: 161800K->43756K(175104K)] 586631K->511592K(699392K), 0.0093400 secs] [Times: user=0.11 sys=0.00, real=0.01 secs] 
2016-09-15T12:13:15.815-0400: 13.215: [Full GC (Ergonomics) [PSYoungGen: 43756K->0K(175104K)] [ParOldGen: 467835K->57182K(524288K)] 511592K->57182K(699392K), [Metaspace: 43609K->43609K(1085440K)], 0.0462717 secs] [Times: user=0.36 sys=0.00, real=0.05 secs] 
2016-09-15T12:13:15.959-0400: 13.360: [GC (GCLocker Initiated GC) [PSYoungGen: 88064K->86406K(175104K)] 145394K->180186K(699392K), 0.0136813 secs] [Times: user=0.19 sys=0.01, real=0.01 secs] 
2016-09-15T12:13:16.083-0400: 13.484: [GC (GCLocker Initiated GC) [PSYoungGen: 174470K->55283K(175104K)] 274552K->235247K(699392K), 0.0108695 secs] [Times: user=0.16 sys=0.00, real=0.01 secs] 
2016-09-15T12:13:16.213-0400: 13.613: [GC (GCLocker Initiated GC) [PSYoungGen: 143347K->86182K(175104K)] 323622K->272668K(699392K), 0.0074767 secs] [Times: user=0.10 sys=0.00, real=0.01 secs] 
2016-09-15T12:13:16.369-0400: 13.770: [GC (GCLocker Initiated GC) [PSYoungGen: 174246K->36934K(175104K)] 367005K->260327K(699392K), 0.0125261 secs] [Times: user=0.06 sys=0.00, real=0.01 secs] 
2016-09-15T12:13:16.501-0400: 13.902: [GC (GCLocker Initiated GC) [PSYoungGen: 124998K->79715K(175104K)] 354665K->327767K(699392K), 0.0092912 secs] [Times: user=0.14 sys=0.00, real=0.01 secs] 
2016-09-15T12:13:16.628-0400: 14.028: [GC (GCLocker Initiated GC) [PSYoungGen: 167779K->86050K(175104K)] 415850K->401106K(699392K), 0.0125831 secs] [Times: user=0.19 sys=0.00, real=0.02 secs] 
2016-09-15T12:13:16.734-0400: 14.135: [GC (GCLocker Initiated GC) [PSYoungGen: 174114K->85986K(175104K)] 489384K->456263K(699392K), 0.0109094 secs] [Times: user=0.16 sys=0.00, real=0.01 secs] 
2016-09-15T12:13:16.854-0400: 14.255: [GC (GCLocker Initiated GC) [PSYoungGen: 174050K->85790K(175104K)] 544413K->486804K(699392K), 0.0155217 secs] [Times: user=0.17 sys=0.01, real=0.02 secs] 
2016-09-15T12:13:16.983-0400: 14.384: [GC (GCLocker Initiated GC) [PSYoungGen: 173854K->55383K(175104K)] 575664K->493779K(699392K), 0.0101436 secs] [Times: user=0.14 sys=0.00, real=0.01 secs] 
2016-09-15T12:13:16.994-0400: 14.394: [Full GC (Ergonomics) [PSYoungGen: 55383K->0K(175104K)] [ParOldGen: 438396K->51452K(524288K)] 493779K->51452K(699392K), [Metaspace: 43693K->43693K(1085440K)], 0.0414769 secs] [Times: user=0.31 sys=0.00, real=0.04 secs] 
2016-09-15T12:13:17.140-0400: 14.541: [GC (GCLocker Initiated GC) [PSYoungGen: 88064K->86210K(175104K)] 145862K->150092K(699392K), 0.0099567 secs] [Times: user=0.14 sys=0.00, real=0.01 secs] 
2016-09-15T12:13:17.263-0400: 14.664: [GC (GCLocker Initiated GC) [PSYoungGen: 174274K->67501K(175104K)] 238255K->168472K(699392K), 0.0120234 secs] [Times: user=0.12 sys=0.00, real=0.01 secs] 
2016-09-15T12:13:17.422-0400: 14.823: [GC (GCLocker Initiated GC) [PSYoungGen: 155565K->37386K(175104K)] 268856K->205512K(699392K), 0.0088879 secs] [Times: user=0.10 sys=0.00, real=0.01 secs] 
2016-09-15T12:13:17.593-0400: 14.994: [GC (Allocation Failure) [PSYoungGen: 125450K->61262K(175104K)] 293807K->230255K(699392K), 0.0131814 secs] [Times: user=0.14 sys=0.00, real=0.01 secs] 
2016-09-15T12:13:17.698-0400: 15.099: [GC (GCLocker Initiated GC) [PSYoungGen: 149326K->85626K(175104K)] 318324K->260859K(699392K), 0.0127071 secs] [Times: user=0.17 sys=0.00, real=0.01 secs] 
2016-09-15T12:13:17.849-0400: 15.250: [GC (GCLocker Initiated GC) [PSYoungGen: 173690K->61522K(175104K)] 361305K->267490K(699392K), 0.0080660 secs] [Times: user=0.09 sys=0.00, real=0.01 secs] 
2016-09-15T12:13:17.961-0400: 15.362: [GC (GCLocker Initiated GC) [PSYoungGen: 149586K->85986K(175104K)] 355646K->322908K(699392K), 0.0106119 secs] [Times: user=0.15 sys=0.00, real=0.01 secs] 
2016-09-15T12:13:18.074-0400: 15.475: [GC (GCLocker Initiated GC) [PSYoungGen: 174050K->56102K(175104K)] 423427K->342066K(699392K), 0.0087124 secs] [Times: user=0.13 sys=0.00, real=0.01 secs] 
2016-09-15T12:13:18.190-0400: 15.591: [GC (GCLocker Initiated GC) [PSYoungGen: 144166K->67437K(175104K)] 430373K->353755K(699392K), 0.0152457 secs] [Times: user=0.21 sys=0.00, real=0.01 secs] 
2016-09-15T12:13:18.308-0400: 15.709: [GC (GCLocker Initiated GC) [PSYoungGen: 155501K->67665K(175104K)] 448075K->378755K(699392K), 0.0086590 secs] [Times: user=0.09 sys=0.01, real=0.01 secs] 
2016-09-15T12:13:18.450-0400: 15.851: [GC (GCLocker Initiated GC) [PSYoungGen: 155729K->37485K(175104K)] 485299K->385720K(699392K), 0.0115971 secs] [Times: user=0.13 sys=0.00, real=0.01 secs] 
2016-09-15T12:13:18.603-0400: 16.003: [GC (Allocation Failure) [PSYoungGen: 125549K->79555K(175104K)] 480013K->434294K(699392K), 0.0093060 secs] [Times: user=0.09 sys=0.01, real=0.01 secs] 
2016-09-15T12:13:18.720-0400: 16.121: [GC (GCLocker Initiated GC) [PSYoungGen: 167619K->73772K(175104K)] 528433K->477402K(699392K), 0.0112986 secs] [Times: user=0.14 sys=0.00, real=0.01 secs] 
2016-09-15T12:13:18.852-0400: 16.252: [GC (GCLocker Initiated GC) [PSYoungGen: 161836K->79587K(175104K)] 565509K->514098K(699392K), 0.0137245 secs] [Times: user=0.14 sys=0.00, real=0.01 secs] 
2016-09-15T12:13:19.089-0400: 16.490: [GC (Allocation Failure) [PSYoungGen: 167651K->37322K(175104K)] 608239K->526809K(699392K), 0.0109128 secs] [Times: user=0.12 sys=0.00, real=0.01 secs] 
2016-09-15T12:13:19.100-0400: 16.501: [Full GC (Ergonomics) [PSYoungGen: 37322K->0K(175104K)] [ParOldGen: 489487K->39013K(524288K)] 526809K->39013K(699392K), [Metaspace: 43777K->43777K(1087488K)], 0.0524605 secs] [Times: user=0.33 sys=0.01, real=0.05 secs] 
2016-09-15T12:13:19.601-0400: 17.002: [GC (Allocation Failure) [PSYoungGen: 87356K->18737K(175104K)] 126369K->57758K(699392K), 0.0063103 secs] [Times: user=0.06 sys=0.00, real=0.01 secs] 
2016-09-15T12:13:20.061-0400: 17.462: [GC (Allocation Failure) [PSYoungGen: 105858K->256K(175104K)] 144879K->57590K(699392K), 0.0151025 secs] [Times: user=0.16 sys=0.00, real=0.02 secs] 
2016-09-15T12:13:20.301-0400: 17.701: [GC (GCLocker Initiated GC) [PSYoungGen: 84821K->55123K(175104K)] 148230K->118612K(699392K), 0.0130659 secs] [Times: user=0.13 sys=0.00, real=0.01 secs] 
2016-09-15T12:13:20.458-0400: 17.858: [GC (Allocation Failure) [PSYoungGen: 143187K->85986K(175104K)] 218924K->180091K(699392K), 0.0094175 secs] [Times: user=0.12 sys=0.00, real=0.00 secs] 
2016-09-15T12:13:20.611-0400: 18.012: [GC (GCLocker Initiated GC) [PSYoungGen: 173907K->73444K(175104K)] 268268K->222952K(699392K), 0.0112059 secs] [Times: user=0.14 sys=0.01, real=0.01 secs] 
2016-09-15T12:13:20.739-0400: 18.139: [GC (GCLocker Initiated GC) [PSYoungGen: 161508K->85790K(175104K)] 311074K->271950K(699392K), 0.0099664 secs] [Times: user=0.12 sys=0.02, real=0.01 secs] 
2016-09-15T12:13:20.862-0400: 18.263: [GC (GCLocker Initiated GC) [PSYoungGen: 173854K->85790K(175104K)] 360162K->351381K(699392K), 0.0148403 secs] [Times: user=0.22 sys=0.01, real=0.02 secs] 
2016-09-15T12:13:21.015-0400: 18.416: [GC (GCLocker Initiated GC) [PSYoungGen: 173854K->37030K(175104K)] 451923K->345749K(699392K), 0.0110313 secs] [Times: user=0.09 sys=0.00, real=0.01 secs] 
2016-09-15T12:13:21.176-0400: 18.577: [GC (Allocation Failure) [PSYoungGen: 125094K->18936K(175104K)] 446412K->383063K(699392K), 0.0095381 secs] [Times: user=0.08 sys=0.00, real=0.00 secs] 
2016-09-15T12:13:21.306-0400: 18.707: [GC (GCLocker Initiated GC) [PSYoungGen: 107000K->73444K(175104K)] 471133K->438031K(699392K), 0.0080559 secs] [Times: user=0.07 sys=0.00, real=0.01 secs] 
2016-09-15T12:13:21.431-0400: 18.831: [GC (GCLocker Initiated GC) [PSYoungGen: 161508K->73836K(175104K)] 526378K->457058K(699392K), 0.0110411 secs] [Times: user=0.14 sys=0.01, real=0.01 secs] 
2016-09-15T12:13:21.539-0400: 18.939: [GC (GCLocker Initiated GC) [PSYoungGen: 161900K->79719K(175104K)] 545287K->463701K(699392K), 0.0130950 secs] [Times: user=0.16 sys=0.00, real=0.01 secs] 
2016-09-15T12:13:21.721-0400: 19.122: [GC (Allocation Failure) [PSYoungGen: 167783K->36898K(175104K)] 558072K->463945K(699392K), 0.0142572 secs] [Times: user=0.18 sys=0.01, real=0.02 secs] 
2016-09-15T12:13:21.851-0400: 19.252: [GC (GCLocker Initiated GC) [PSYoungGen: 123957K->73672K(175104K)] 557079K->506937K(699392K), 0.0080877 secs] [Times: user=0.11 sys=0.00, real=0.01 secs] 
2016-09-15T12:13:21.999-0400: 19.399: [Full GC (Ergonomics) [PSYoungGen: 161736K->0K(175104K)] [ParOldGen: 451840K->45346K(524288K)] 613576K->45346K(699392K), [Metaspace: 43830K->43830K(1087488K)], 0.0482014 secs] [Times: user=0.28 sys=0.01, real=0.04 secs] 
2016-09-15T12:13:22.173-0400: 19.574: [GC (GCLocker Initiated GC) [PSYoungGen: 88064K->55287K(175104K)] 139690K->106913K(699392K), 0.0075179 secs] [Times: user=0.12 sys=0.00, real=0.01 secs] 
2016-09-15T12:13:22.270-0400: 19.670: [GC (GCLocker Initiated GC) [PSYoungGen: 143351K->85822K(175104K)] 195265K->162352K(699392K), 0.0093545 secs] [Times: user=0.14 sys=0.01, real=0.01 secs] 
2016-09-15T12:13:22.405-0400: 19.806: [GC (GCLocker Initiated GC) [PSYoungGen: 173884K->55415K(175104K)] 262920K->162950K(699392K), 0.0162278 secs] [Times: user=0.23 sys=0.00, real=0.02 secs] 
2016-09-15T12:13:22.524-0400: 19.925: [GC (GCLocker Initiated GC) [PSYoungGen: 143479K->73640K(175104K)] 251174K->181651K(699392K), 0.0099907 secs] [Times: user=0.14 sys=0.00, real=0.01 secs] 
2016-09-15T12:13:22.654-0400: 20.054: [GC (GCLocker Initiated GC) [PSYoungGen: 161701K->74000K(175104K)] 276154K->225226K(699392K), 0.0108420 secs] [Times: user=0.16 sys=0.00, real=0.01 secs] 
2016-09-15T12:13:22.803-0400: 20.204: [GC (GCLocker Initiated GC) [PSYoungGen: 162064K->37258K(175104K)] 331787K->207396K(699392K), 0.0082779 secs] [Times: user=0.06 sys=0.02, real=0.01 secs] 
2016-09-15T12:13:22.915-0400: 20.316: [GC (GCLocker Initiated GC) [PSYoungGen: 125322K->73512K(175104K)] 295626K->244108K(699392K), 0.0089031 secs] [Times: user=0.08 sys=0.01, real=0.01 secs] 
2016-09-15T12:13:23.039-0400: 20.440: [GC (GCLocker Initiated GC) [PSYoungGen: 161576K->86018K(175104K)] 332314K->305532K(699392K), 0.0108856 secs] [Times: user=0.17 sys=0.00, real=0.01 secs] 
2016-09-15T12:13:23.150-0400: 20.551: [GC (GCLocker Initiated GC) [PSYoungGen: 174082K->73704K(175104K)] 393783K->348567K(699392K), 0.0091609 secs] [Times: user=0.13 sys=0.00, real=0.01 secs] 
2016-09-15T12:13:23.279-0400: 20.679: [GC (GCLocker Initiated GC) [PSYoungGen: 161768K->73968K(175104K)] 443036K->392017K(699392K), 0.0084596 secs] [Times: user=0.12 sys=0.01, real=0.00 secs] 
2016-09-15T12:13:23.419-0400: 20.820: [GC (GCLocker Initiated GC) [PSYoungGen: 162032K->67893K(175104K)] 486517K->392802K(699392K), 0.0088164 secs] [Times: user=0.08 sys=0.01, real=0.01 secs] 
2016-09-15T12:13:23.556-0400: 20.956: [GC (Allocation Failure) [PSYoungGen: 155957K->37258K(175104K)] 493041K->392858K(699392K), 0.0067183 secs] [Times: user=0.07 sys=0.01, real=0.01 secs] 
2016-09-15T12:13:23.687-0400: 21.088: [GC (Allocation Failure) [PSYoungGen: 119698K->37030K(175104K)] 475298K->411138K(699392K), 0.0101169 secs] [Times: user=0.11 sys=0.00, real=0.02 secs] 
2016-09-15T12:13:23.816-0400: 21.217: [GC (GCLocker Initiated GC) [PSYoungGen: 123341K->55547K(175104K)] 503525K->454411K(699392K), 0.0079174 secs] [Times: user=0.10 sys=0.00, real=0.00 secs] 
2016-09-15T12:13:23.916-0400: 21.317: [GC (GCLocker Initiated GC) [PSYoungGen: 143611K->85986K(175104K)] 542579K->527639K(699392K), 0.0108361 secs] [Times: user=0.17 sys=0.00, real=0.00 secs] 
2016-09-15T12:13:24.052-0400: 21.453: [GC (GCLocker Initiated GC) [PSYoungGen: 174050K->67597K(175104K)] 621864K->582724K(699392K), 0.0119001 secs] [Times: user=0.14 sys=0.01, real=0.01 secs] 
2016-09-15T12:13:24.064-0400: 21.465: [Full GC (Ergonomics) [PSYoungGen: 67597K->0K(175104K)] [ParOldGen: 515127K->51861K(524288K)] 582724K->51861K(699392K), [Metaspace: 43838K->43838K(1087488K)], 0.0585602 secs] [Times: user=0.38 sys=0.01, real=0.06 secs] 
2016-09-15T12:13:24.237-0400: 21.637: [GC (GCLocker Initiated GC) [PSYoungGen: 88064K->86014K(175104K)] 140152K->162402K(699392K), 0.0109833 secs] [Times: user=0.11 sys=0.00, real=0.01 secs] 
2016-09-15T12:13:24.352-0400: 21.753: [GC (GCLocker Initiated GC) [PSYoungGen: 174078K->73836K(175104K)] 256655K->217735K(699392K), 0.0118416 secs] [Times: user=0.18 sys=0.00, real=0.01 secs] 
2016-09-15T12:13:24.474-0400: 21.875: [GC (GCLocker Initiated GC) [PSYoungGen: 161900K->73540K(175104K)] 305953K->236150K(699392K), 0.0076345 secs] [Times: user=0.11 sys=0.00, real=0.01 secs] 
2016-09-15T12:13:24.606-0400: 22.007: [GC (GCLocker Initiated GC) [PSYoungGen: 161604K->80402K(175104K)] 330600K->267775K(699392K), 0.0096943 secs] [Times: user=0.16 sys=0.00, real=0.02 secs] 
2016-09-15T12:13:24.729-0400: 22.129: [GC (GCLocker Initiated GC) [PSYoungGen: 168466K->61426K(175104K)] 355981K->297824K(699392K), 0.0107850 secs] [Times: user=0.11 sys=0.01, real=0.01 secs] 
2016-09-15T12:13:24.876-0400: 22.276: [GC (GCLocker Initiated GC) [PSYoungGen: 149490K->80043K(175104K)] 385930K->353280K(699392K), 0.0099412 secs] [Times: user=0.14 sys=0.00, real=0.01 secs] 
2016-09-15T12:13:25.019-0400: 22.420: [GC (Allocation Failure) [PSYoungGen: 168107K->73476K(175104K)] 441699K->390221K(699392K), 0.0100029 secs] [Times: user=0.14 sys=0.00, real=0.01 secs] 
2016-09-15T12:13:25.136-0400: 22.537: [GC (GCLocker Initiated GC) [PSYoungGen: 159885K->73836K(175104K)] 482706K->415040K(699392K), 0.0102154 secs] [Times: user=0.11 sys=0.00, real=0.00 secs] 
2016-09-15T12:13:25.280-0400: 22.680: [GC (GCLocker Initiated GC) [PSYoungGen: 161900K->55611K(175104K)] 503252K->451954K(699392K), 0.0101544 secs] [Times: user=0.16 sys=0.00, real=0.01 secs] 
2016-09-15T12:13:25.400-0400: 22.801: [GC (GCLocker Initiated GC) [PSYoungGen: 143675K->73608K(175104K)] 546109K->476498K(699392K), 0.0084325 secs] [Times: user=0.11 sys=0.00, real=0.01 secs] 
2016-09-15T12:13:25.509-0400: 22.909: [GC (GCLocker Initiated GC) [PSYoungGen: 161672K->55643K(175104K)] 576821K->489168K(699392K), 0.0086151 secs] [Times: user=0.11 sys=0.00, real=0.01 secs] 
2016-09-15T12:13:25.623-0400: 23.024: [GC (GCLocker Initiated GC) [PSYoungGen: 143707K->74196K(175104K)] 577269K->526290K(699392K), 0.0089124 secs] [Times: user=0.11 sys=0.00, real=0.01 secs] 
2016-09-15T12:13:25.632-0400: 23.033: [Full GC (Ergonomics) [PSYoungGen: 74196K->0K(175104K)] [ParOldGen: 452094K->51930K(524288K)] 526290K->51930K(699392K), [Metaspace: 43887K->43887K(1087488K)], 0.0497282 secs] [Times: user=0.35 sys=0.00, real=0.05 secs] 
2016-09-15T12:13:25.792-0400: 23.193: [GC (Allocation Failure) [PSYoungGen: 88064K->86602K(175104K)] 146278K->169116K(699392K), 0.0100605 secs] [Times: user=0.15 sys=0.00, real=0.01 secs] 
2016-09-15T12:13:25.907-0400: 23.308: [GC (GCLocker Initiated GC) [PSYoungGen: 174666K->73672K(175104K)] 257181K->217985K(699392K), 0.0122596 secs] [Times: user=0.17 sys=0.01, real=0.02 secs] 
2016-09-15T12:13:26.025-0400: 23.426: [GC (GCLocker Initiated GC) [PSYoungGen: 161736K->85858K(175104K)] 312177K->242461K(699392K), 0.0113406 secs] [Times: user=0.09 sys=0.00, real=0.02 secs] 
2016-09-15T12:13:26.147-0400: 23.548: [GC (GCLocker Initiated GC) [PSYoungGen: 173922K->61426K(175104K)] 330774K->279328K(699392K), 0.0112515 secs] [Times: user=0.12 sys=0.00, real=0.02 secs] 
2016-09-15T12:13:26.275-0400: 23.675: [GC (GCLocker Initiated GC) [PSYoungGen: 149490K->73704K(175104K)] 367484K->340434K(699392K), 0.0100376 secs] [Times: user=0.13 sys=0.00, real=0.01 secs] 
2016-09-15T12:13:26.414-0400: 23.814: [GC (GCLocker Initiated GC) [PSYoungGen: 161768K->55287K(175104K)] 440688K->370940K(699392K), 0.0120131 secs] [Times: user=0.08 sys=0.00, real=0.01 secs] 
2016-09-15T12:13:30.517-0400: 27.918: [GC (GCLocker Initiated GC) [PSYoungGen: 143351K->79719K(175104K)] 465216K->401859K(699392K), 0.0130796 secs] [Times: user=0.10 sys=0.00, real=0.01 secs] 
2016-09-15T12:13:30.668-0400: 28.069: [GC (GCLocker Initiated GC) [PSYoungGen: 167783K->61134K(175104K)] 496119K->438206K(699392K), 0.0291264 secs] [Times: user=0.28 sys=0.00, real=0.03 secs] 
2016-09-15T12:13:30.815-0400: 28.216: [GC (GCLocker Initiated GC) [PSYoungGen: 149198K->73284K(175104K)] 526418K->474923K(699392K), 0.0116539 secs] [Times: user=0.09 sys=0.00, real=0.01 secs] 
2016-09-15T12:13:30.940-0400: 28.341: [GC (GCLocker Initiated GC) [PSYoungGen: 161348K->85986K(175104K)] 563348K->554979K(699392K), 0.0199715 secs] [Times: user=0.26 sys=0.02, real=0.02 secs] 
2016-09-15T12:13:30.960-0400: 28.361: [Full GC (Ergonomics) [PSYoungGen: 85986K->0K(175104K)] [ParOldGen: 468993K->52503K(524288K)] 554979K->52503K(699392K), [Metaspace: 43910K->43910K(1087488K)], 0.0593111 secs] [Times: user=0.32 sys=0.01, real=0.06 secs] 
2016-09-15T12:13:31.124-0400: 28.525: [GC (GCLocker Initiated GC) [PSYoungGen: 88064K->86110K(175104K)] 140615K->162961K(699392K), 0.0095155 secs] [Times: user=0.14 sys=0.00, real=0.01 secs] 
2016-09-15T12:13:31.254-0400: 28.655: [GC (GCLocker Initiated GC) [PSYoungGen: 174174K->85986K(175104K)] 257456K->248978K(699392K), 0.0272525 secs] [Times: user=0.36 sys=0.00, real=0.03 secs] 
2016-09-15T12:13:31.422-0400: 28.822: [GC (GCLocker Initiated GC) [PSYoungGen: 174050K->85890K(175104K)] 343153K->334588K(699392K), 0.0139478 secs] [Times: user=0.13 sys=0.01, real=0.01 secs] 
2016-09-15T12:13:31.529-0400: 28.929: [GC (GCLocker Initiated GC) [PSYoungGen: 173954K->85822K(175104K)] 422738K->401559K(699392K), 0.0152621 secs] [Times: user=0.13 sys=0.01, real=0.01 secs] 
2016-09-15T12:13:31.654-0400: 29.055: [GC (GCLocker Initiated GC) [PSYoungGen: 173886K->85822K(175104K)] 489776K->493169K(699392K), 0.0151932 secs] [Times: user=0.23 sys=0.01, real=0.02 secs] 
2016-09-15T12:13:31.670-0400: 29.070: [Full GC (Ergonomics) [PSYoungGen: 85822K->0K(175104K)] [ParOldGen: 407346K->52297K(524288K)] 493169K->52297K(699392K), [Metaspace: 43912K->43912K(1087488K)], 0.0473508 secs] [Times: user=0.39 sys=0.00, real=0.05 secs] 
2016-09-15T12:13:31.832-0400: 29.233: [GC (GCLocker Initiated GC) [PSYoungGen: 88064K->86110K(175104K)] 140498K->187145K(699392K), 0.0116994 secs] [Times: user=0.16 sys=0.00, real=0.01 secs] 
2016-09-15T12:13:31.963-0400: 29.364: [GC (GCLocker Initiated GC) [PSYoungGen: 174174K->79779K(175104K)] 281404K->278706K(699392K), 0.0141203 secs] [Times: user=0.22 sys=0.00, real=0.02 secs] 
2016-09-15T12:13:32.100-0400: 29.501: [GC (GCLocker Initiated GC) [PSYoungGen: 167843K->86018K(175104K)] 366774K->346046K(699392K), 0.0135563 secs] [Times: user=0.20 sys=0.00, real=0.01 secs] 
2016-09-15T12:13:32.241-0400: 29.642: [GC (GCLocker Initiated GC) [PSYoungGen: 174082K->85758K(175104K)] 440356K->388954K(699392K), 0.0226891 secs] [Times: user=0.28 sys=0.00, real=0.02 secs] 
2016-09-15T12:13:32.372-0400: 29.773: [GC (GCLocker Initiated GC) [PSYoungGen: 173822K->73676K(175104K)] 477289K->444087K(699392K), 0.0163811 secs] [Times: user=0.12 sys=0.00, real=0.02 secs] 
2016-09-15T12:13:32.500-0400: 29.901: [GC (Allocation Failure) [PSYoungGen: 161740K->85854K(175104K)] 532501K->499456K(699392K), 0.0244835 secs] [Times: user=0.31 sys=0.00, real=0.02 secs] 
2016-09-15T12:13:32.637-0400: 30.037: [GC (GCLocker Initiated GC) [PSYoungGen: 173918K->85886K(175104K)] 587526K->578768K(699392K), 0.0142442 secs] [Times: user=0.18 sys=0.00, real=0.01 secs] 
2016-09-15T12:13:32.651-0400: 30.052: [Full GC (Ergonomics) [PSYoungGen: 85886K->0K(175104K)] [ParOldGen: 492882K->57680K(524288K)] 578768K->57680K(699392K), [Metaspace: 43917K->43917K(1087488K)], 0.0577396 secs] [Times: user=0.36 sys=0.02, real=0.06 secs] 
2016-09-15T12:13:32.827-0400: 30.228: [GC (GCLocker Initiated GC) [PSYoungGen: 88064K->86602K(175104K)] 146105K->168943K(699392K), 0.0110244 secs] [Times: user=0.15 sys=0.02, real=0.02 secs] 
2016-09-15T12:13:32.986-0400: 30.386: [GC (Allocation Failure) [PSYoungGen: 174666K->67273K(175104K)] 263599K->193344K(699392K), 0.0178073 secs] [Times: user=0.17 sys=0.01, real=0.02 secs] 
2016-09-15T12:13:33.116-0400: 30.516: [GC (GCLocker Initiated GC) [PSYoungGen: 155337K->61362K(175104K)] 281414K->224000K(699392K), 0.0122775 secs] [Times: user=0.09 sys=0.00, real=0.02 secs] 
2016-09-15T12:13:33.237-0400: 30.638: [GC (GCLocker Initiated GC) [PSYoungGen: 149426K->79979K(175104K)] 318416K->297861K(699392K), 0.0113756 secs] [Times: user=0.10 sys=0.00, real=0.01 secs] 
2016-09-15T12:13:33.373-0400: 30.774: [GC (GCLocker Initiated GC) [PSYoungGen: 168043K->85758K(175104K)] 392646K->371598K(699392K), 0.0293682 secs] [Times: user=0.38 sys=0.01, real=0.03 secs] 
2016-09-15T12:13:33.516-0400: 30.917: [GC (GCLocker Initiated GC) [PSYoungGen: 173822K->73572K(175104K)] 459782K->414522K(699392K), 0.0153095 secs] [Times: user=0.16 sys=0.02, real=0.01 secs] 
2016-09-15T12:13:33.636-0400: 31.037: [GC (GCLocker Initiated GC) [PSYoungGen: 161636K->73544K(175104K)] 502942K->457486K(699392K), 0.0125998 secs] [Times: user=0.12 sys=0.00, real=0.01 secs] 
2016-09-15T12:13:33.783-0400: 31.184: [GC (GCLocker Initiated GC) [PSYoungGen: 161608K->79779K(175104K)] 545681K->518843K(699392K), 0.0125677 secs] [Times: user=0.14 sys=0.00, real=0.02 secs] 
2016-09-15T12:13:33.796-0400: 31.197: [Full GC (Ergonomics) [PSYoungGen: 79779K->0K(175104K)] [ParOldGen: 439064K->57889K(524288K)] 518843K->57889K(699392K), [Metaspace: 43918K->43918K(1087488K)], 0.0608298 secs] [Times: user=0.45 sys=0.00, real=0.06 secs] 
2016-09-15T12:13:33.975-0400: 31.376: [GC (GCLocker Initiated GC) [PSYoungGen: 88064K->86498K(175104K)] 152059K->199093K(699392K), 0.0127512 secs] [Times: user=0.19 sys=0.01, real=0.02 secs] 
2016-09-15T12:13:34.911-0400: 32.311: [GC (GCLocker Initiated GC) [PSYoungGen: 174562K->49084K(175104K)] 287373K->235731K(699392K), 0.0171369 secs] [Times: user=0.15 sys=0.00, real=0.02 secs] 
2016-09-15T12:13:35.039-0400: 32.440: [GC (Allocation Failure) [PSYoungGen: 137148K->73740K(175104K)] 324150K->297484K(699392K), 0.0146718 secs] [Times: user=0.14 sys=0.00, real=0.01 secs] 
2016-09-15T12:13:35.180-0400: 32.581: [GC (GCLocker Initiated GC) [PSYoungGen: 158605K->67437K(175104K)] 388425K->364552K(699392K), 0.0127138 secs] [Times: user=0.15 sys=0.00, real=0.01 secs] 
2016-09-15T12:13:35.322-0400: 32.723: [GC (GCLocker Initiated GC) [PSYoungGen: 155501K->73640K(175104K)] 452675K->425649K(699392K), 0.0112195 secs] [Times: user=0.16 sys=0.00, real=0.01 secs] 
2016-09-15T12:13:35.466-0400: 32.867: [GC (GCLocker Initiated GC) [PSYoungGen: 161704K->73380K(175104K)] 513755K->486504K(699392K), 0.0245202 secs] [Times: user=0.24 sys=0.00, real=0.03 secs] 
2016-09-15T12:13:35.602-0400: 33.003: [GC (GCLocker Initiated GC) --[PSYoungGen: 161444K->161444K(175104K)] 575222K->684724K(699392K), 0.0162810 secs] [Times: user=0.21 sys=0.01, real=0.02 secs] 
2016-09-15T12:13:35.618-0400: 33.019: [Full GC (Ergonomics) [PSYoungGen: 161444K->0K(175104K)] [ParOldGen: 523280K->51823K(524288K)] 684724K->51823K(699392K), [Metaspace: 43921K->43921K(1087488K)], 0.0633208 secs] [Times: user=0.39 sys=0.02, real=0.06 secs] 
2016-09-15T12:13:35.796-0400: 33.197: [GC (GCLocker Initiated GC) [PSYoungGen: 88064K->86110K(175104K)] 140147K->168569K(699392K), 0.0125151 secs] [Times: user=0.19 sys=0.00, real=0.01 secs] 
2016-09-15T12:13:35.916-0400: 33.317: [GC (GCLocker Initiated GC) [PSYoungGen: 174174K->73836K(175104K)] 256892K->242192K(699392K), 0.0128939 secs] [Times: user=0.20 sys=0.01, real=0.01 secs] 
2016-09-15T12:13:36.034-0400: 33.435: [GC (GCLocker Initiated GC) [PSYoungGen: 161900K->85594K(175104K)] 331166K->340202K(699392K), 0.0144087 secs] [Times: user=0.16 sys=0.00, real=0.02 secs] 
2016-09-15T12:13:36.151-0400: 33.552: [GC (GCLocker Initiated GC) [PSYoungGen: 173658K->67565K(175104K)] 434557K->401507K(699392K), 0.0119029 secs] [Times: user=0.13 sys=0.01, real=0.01 secs] 
2016-09-15T12:13:36.277-0400: 33.678: [GC (GCLocker Initiated GC) [PSYoungGen: 155629K->85758K(175104K)] 489630K->480809K(699392K), 0.0119316 secs] [Times: user=0.12 sys=0.01, real=0.01 secs] 
2016-09-15T12:13:36.411-0400: 33.812: [GC (GCLocker Initiated GC) [PSYoungGen: 173822K->79587K(175104K)] 568982K->535765K(699392K), 0.0240667 secs] [Times: user=0.26 sys=0.01, real=0.02 secs] 
2016-09-15T12:13:36.435-0400: 33.836: [Full GC (Ergonomics) [PSYoungGen: 79587K->0K(175104K)] [ParOldGen: 456178K->45551K(524288K)] 535765K->45551K(699392K), [Metaspace: 43930K->43930K(1087488K)], 0.0554681 secs] [Times: user=0.33 sys=0.02, real=0.06 secs] 
2016-09-15T12:13:36.596-0400: 33.997: [GC (GCLocker Initiated GC) [PSYoungGen: 88064K->86078K(175104K)] 133674K->162063K(699392K), 0.0107941 secs] [Times: user=0.13 sys=0.00, real=0.00 secs] 
2016-09-15T12:13:36.720-0400: 34.121: [GC (GCLocker Initiated GC) [PSYoungGen: 174142K->73804K(175104K)] 250175K->229384K(699392K), 0.0242870 secs] [Times: user=0.28 sys=0.02, real=0.02 secs] 
2016-09-15T12:13:36.884-0400: 34.284: [GC (Allocation Failure) [PSYoungGen: 161868K->85626K(175104K)] 323565K->290139K(699392K), 0.0137931 secs] [Times: user=0.17 sys=0.00, real=0.02 secs] 
2016-09-15T12:13:37.016-0400: 34.416: [GC (GCLocker Initiated GC) [PSYoungGen: 173690K->85466K(175104K)] 378209K->350846K(699392K), 0.0232607 secs] [Times: user=0.20 sys=0.01, real=0.02 secs] 
2016-09-15T12:13:37.181-0400: 34.582: [GC (GCLocker Initiated GC) [PSYoungGen: 173530K->79751K(175104K)] 451416K->400282K(699392K), 0.0126618 secs] [Times: user=0.13 sys=0.00, real=0.01 secs] 
2016-09-15T12:13:37.304-0400: 34.704: [GC (GCLocker Initiated GC) [PSYoungGen: 167815K->85854K(175104K)] 488387K->461433K(699392K), 0.0120563 secs] [Times: user=0.18 sys=0.00, real=0.02 secs] 
2016-09-15T12:13:37.454-0400: 34.855: [GC (Allocation Failure) [PSYoungGen: 173918K->79879K(175104K)] 555922K->565285K(699392K), 0.0224944 secs] [Times: user=0.33 sys=0.00, real=0.03 secs] 
2016-09-15T12:13:37.477-0400: 34.878: [Full GC (Ergonomics) [PSYoungGen: 79879K->0K(175104K)] [ParOldGen: 485406K->52049K(524288K)] 565285K->52049K(699392K), [Metaspace: 43934K->43934K(1087488K)], 0.0617447 secs] [Times: user=0.48 sys=0.00, real=0.06 secs] 
2016-09-15T12:13:37.690-0400: 35.091: [GC (GCLocker Initiated GC) [PSYoungGen: 88064K->85922K(175104K)] 140114K->150122K(699392K), 0.0107375 secs] [Times: user=0.13 sys=0.00, real=0.01 secs] 
2016-09-15T12:13:37.833-0400: 35.234: [GC (GCLocker Initiated GC) [PSYoungGen: 173986K->73380K(175104K)] 244444K->204880K(699392K), 0.0148671 secs] [Times: user=0.17 sys=0.00, real=0.02 secs] 
2016-09-15T12:13:37.949-0400: 35.350: [GC (GCLocker Initiated GC) [PSYoungGen: 161444K->85890K(175104K)] 293192K->296741K(699392K), 0.0241563 secs] [Times: user=0.24 sys=0.00, real=0.02 secs] 
2016-09-15T12:13:38.100-0400: 35.501: [GC (GCLocker Initiated GC) [PSYoungGen: 173954K->79683K(175104K)] 384903K->363848K(699392K), 0.0130512 secs] [Times: user=0.18 sys=0.01, real=0.01 secs] 
2016-09-15T12:13:38.215-0400: 35.615: [GC (GCLocker Initiated GC) [PSYoungGen: 167747K->85858K(175104K)] 451970K->443093K(699392K), 0.0169432 secs] [Times: user=0.17 sys=0.00, real=0.02 secs] 
2016-09-15T12:13:38.321-0400: 35.722: [GC (GCLocker Initiated GC) [PSYoungGen: 173922K->61330K(175104K)] 531210K->461559K(699392K), 0.0220457 secs] [Times: user=0.15 sys=0.00, real=0.02 secs] 
2016-09-15T12:13:38.469-0400: 35.870: [GC (Allocation Failure) [PSYoungGen: 149394K->73512K(175104K)] 549782K->552970K(699392K), 0.0176413 secs] [Times: user=0.15 sys=0.00, real=0.01 secs] 
2016-09-15T12:13:38.487-0400: 35.887: [Full GC (Ergonomics) [PSYoungGen: 73512K->0K(175104K)] [ParOldGen: 479458K->45621K(524288K)] 552970K->45621K(699392K), [Metaspace: 43953K->43953K(1087488K)], 0.0633618 secs] [Times: user=0.38 sys=0.00, real=0.07 secs] 
2016-09-15T12:13:38.677-0400: 36.077: [GC (GCLocker Initiated GC) [PSYoungGen: 88064K->86274K(175104K)] 133686K->156196K(699392K), 0.0107032 secs] [Times: user=0.17 sys=0.00, real=0.00 secs] 
2016-09-15T12:13:38.785-0400: 36.186: [GC (GCLocker Initiated GC) [PSYoungGen: 174338K->85854K(175104K)] 244498K->241799K(699392K), 0.0133161 secs] [Times: user=0.20 sys=0.00, real=0.02 secs] 
2016-09-15T12:13:38.933-0400: 36.334: [GC (GCLocker Initiated GC) [PSYoungGen: 173918K->85658K(175104K)] 336260K->333390K(699392K), 0.0235297 secs] [Times: user=0.27 sys=0.02, real=0.03 secs] 
2016-09-15T12:13:39.065-0400: 36.466: [GC (GCLocker Initiated GC) [PSYoungGen: 173722K->85822K(175104K)] 427682K->412842K(699392K), 0.0124860 secs] [Times: user=0.17 sys=0.01, real=0.02 secs] 
2016-09-15T12:13:39.214-0400: 36.615: [GC (GCLocker Initiated GC) [PSYoungGen: 173886K->86182K(175104K)] 507185K->462158K(699392K), 0.0134897 secs] [Times: user=0.20 sys=0.01, real=0.01 secs] 
2016-09-15T12:13:39.335-0400: 36.735: [GC (GCLocker Initiated GC) [PSYoungGen: 174246K->85986K(175104K)] 550444K->547893K(699392K), 0.0140160 secs] [Times: user=0.22 sys=0.01, real=0.02 secs] 
2016-09-15T12:13:39.349-0400: 36.750: [Full GC (Ergonomics) [PSYoungGen: 85986K->0K(175104K)] [ParOldGen: 461907K->46181K(524288K)] 547893K->46181K(699392K), [Metaspace: 43977K->43977K(1087488K)], 0.0469376 secs] [Times: user=0.37 sys=0.01, real=0.05 secs] 
2016-09-15T12:13:39.518-0400: 36.918: [GC (GCLocker Initiated GC) [PSYoungGen: 88064K->86242K(175104K)] 146588K->181217K(699392K), 0.0123220 secs] [Times: user=0.18 sys=0.00, real=0.01 secs] 
2016-09-15T12:13:39.654-0400: 37.055: [GC (GCLocker Initiated GC) [PSYoungGen: 174306K->79715K(175104K)] 269401K->248289K(699392K), 0.0121288 secs] [Times: user=0.14 sys=0.00, real=0.01 secs] 
2016-09-15T12:13:39.813-0400: 37.213: [GC (GCLocker Initiated GC) [PSYoungGen: 167779K->67437K(175104K)] 342492K->309251K(699392K), 0.0325724 secs] [Times: user=0.36 sys=0.00, real=0.03 secs] 
2016-09-15T12:13:39.962-0400: 37.363: [GC (GCLocker Initiated GC) [PSYoungGen: 155501K->73576K(175104K)] 397408K->412990K(699392K), 0.0225454 secs] [Times: user=0.27 sys=0.00, real=0.02 secs] 
2016-09-15T12:13:40.100-0400: 37.500: [GC (GCLocker Initiated GC) [PSYoungGen: 161640K->61590K(175104K)] 501123K->480184K(699392K), 0.0179034 secs] [Times: user=0.22 sys=0.00, real=0.02 secs] 
2016-09-15T12:13:40.118-0400: 37.518: [Full GC (Ergonomics) [PSYoungGen: 61590K->0K(175104K)] [ParOldGen: 418594K->52444K(524288K)] 480184K->52444K(699392K), [Metaspace: 44029K->44029K(1087488K)], 0.0573807 secs] [Times: user=0.37 sys=0.01, real=0.05 secs] 
2016-09-15T12:13:40.265-0400: 37.666: [GC (GCLocker Initiated GC) [PSYoungGen: 88064K->86078K(175104K)] 140628K->181167K(699392K), 0.0120327 secs] [Times: user=0.15 sys=0.00, real=0.02 secs] 
2016-09-15T12:13:40.400-0400: 37.801: [GC (GCLocker Initiated GC) [PSYoungGen: 174142K->73512K(175104K)] 269235K->254194K(699392K), 0.0223325 secs] [Times: user=0.25 sys=0.00, real=0.02 secs] 
2016-09-15T12:13:40.537-0400: 37.937: [GC (GCLocker Initiated GC) [PSYoungGen: 161576K->85922K(175104K)] 342619K->346396K(699392K), 0.0166090 secs] [Times: user=0.17 sys=0.00, real=0.01 secs] 
2016-09-15T12:13:40.670-0400: 38.071: [GC (GCLocker Initiated GC) [PSYoungGen: 173986K->79879K(175104K)] 434815K->377598K(699392K), 0.0108001 secs] [Times: user=0.12 sys=0.01, real=0.01 secs] 
2016-09-15T12:13:40.796-0400: 38.197: [GC (GCLocker Initiated GC) [PSYoungGen: 167943K->73252K(175104K)] 477842K->432010K(699392K), 0.0140194 secs] [Times: user=0.11 sys=0.00, real=0.01 secs] 
2016-09-15T12:13:40.928-0400: 38.328: [GC (GCLocker Initiated GC) [PSYoungGen: 161316K->55487K(175104K)] 520205K->456997K(699392K), 0.0147331 secs] [Times: user=0.10 sys=0.00, real=0.01 secs] 
2016-09-15T12:13:41.082-0400: 38.483: [GC (Allocation Failure) [PSYoungGen: 143551K->67565K(175104K)] 551435K->512355K(699392K), 0.0256197 secs] [Times: user=0.32 sys=0.01, real=0.03 secs] 
2016-09-15T12:13:41.108-0400: 38.509: [Full GC (Ergonomics) [PSYoungGen: 67565K->0K(175104K)] [ParOldGen: 444790K->46059K(524288K)] 512355K->46059K(699392K), [Metaspace: 44037K->44037K(1087488K)], 0.0583670 secs] [Times: user=0.39 sys=0.00, real=0.05 secs] 
2016-09-15T12:13:41.275-0400: 38.676: [GC (GCLocker Initiated GC) [PSYoungGen: 88064K->86078K(175104K)] 134129K->156443K(699392K), 0.0097110 secs] [Times: user=0.13 sys=0.01, real=0.01 secs] 
2016-09-15T12:13:41.374-0400: 38.774: [GC (GCLocker Initiated GC) [PSYoungGen: 174142K->86018K(175104K)] 244589K->260320K(699392K), 0.0143118 secs] [Times: user=0.20 sys=0.01, real=0.02 secs] 
2016-09-15T12:13:41.495-0400: 38.896: [GC (Allocation Failure) [PSYoungGen: 174082K->61458K(175104K)] 348599K->321489K(699392K), 0.0128481 secs] [Times: user=0.16 sys=0.01, real=0.02 secs] 
2016-09-15T12:13:41.647-0400: 39.047: [GC (GCLocker Initiated GC) [PSYoungGen: 149522K->85854K(175104K)] 409559K->394659K(699392K), 0.0120443 secs] [Times: user=0.15 sys=0.01, real=0.02 secs] 
2016-09-15T12:13:41.799-0400: 39.199: [GC (GCLocker Initiated GC) [PSYoungGen: 173918K->61198K(175104K)] 488895K->412901K(699392K), 0.0207034 secs] [Times: user=0.21 sys=0.00, real=0.02 secs] 
2016-09-15T12:13:41.926-0400: 39.327: [GC (GCLocker Initiated GC) [PSYoungGen: 149262K->73380K(175104K)] 501074K->467837K(699392K), 0.0127645 secs] [Times: user=0.13 sys=0.00, real=0.02 secs] 
2016-09-15T12:13:42.061-0400: 39.462: [GC (GCLocker Initiated GC) [PSYoungGen: 161444K->49344K(175104K)] 556262K->517197K(699392K), 0.0192322 secs] [Times: user=0.21 sys=0.01, real=0.02 secs] 
2016-09-15T12:13:42.080-0400: 39.481: [Full GC (Ergonomics) [PSYoungGen: 49344K->0K(175104K)] [ParOldGen: 467853K->52536K(524288K)] 517197K->52536K(699392K), [Metaspace: 44046K->44046K(1087488K)], 0.0589184 secs] [Times: user=0.42 sys=0.01, real=0.06 secs] 
2016-09-15T12:13:42.261-0400: 39.661: [GC (GCLocker Initiated GC) [PSYoungGen: 88064K->86018K(175104K)] 146948K->169202K(699392K), 0.0122501 secs] [Times: user=0.18 sys=0.00, real=0.01 secs] 
2016-09-15T12:13:42.384-0400: 39.785: [GC (GCLocker Initiated GC) [PSYoungGen: 174082K->49408K(175104K)] 263444K->218185K(699392K), 0.0158603 secs] [Times: user=0.16 sys=0.01, real=0.02 secs] 
2016-09-15T12:13:42.513-0400: 39.914: [GC (GCLocker Initiated GC) [PSYoungGen: 137472K->68024K(175104K)] 312529K->310378K(699392K), 0.0164188 secs] [Times: user=0.22 sys=0.01, real=0.02 secs] 
2016-09-15T12:13:42.625-0400: 40.025: [GC (GCLocker Initiated GC) [PSYoungGen: 156088K->85626K(175104K)] 398552K->413783K(699392K), 0.0137835 secs] [Times: user=0.21 sys=0.01, real=0.02 secs] 
2016-09-15T12:13:42.736-0400: 40.137: [GC (GCLocker Initiated GC) [PSYoungGen: 173690K->80107K(175104K)] 507986K->517854K(699392K), 0.0162236 secs] [Times: user=0.24 sys=0.02, real=0.01 secs] 
2016-09-15T12:13:42.752-0400: 40.153: [Full GC (Ergonomics) [PSYoungGen: 80107K->0K(175104K)] [ParOldGen: 437747K->58069K(524288K)] 517854K->58069K(699392K), [Metaspace: 44057K->44057K(1087488K)], 0.0493259 secs] [Times: user=0.42 sys=0.00, real=0.05 secs] 
2016-09-15T12:13:42.924-0400: 40.325: [GC (GCLocker Initiated GC) [PSYoungGen: 88064K->86274K(175104K)] 146474K->168992K(699392K), 0.0101305 secs] [Times: user=0.15 sys=0.00, real=0.01 secs] 
2016-09-15T12:13:43.058-0400: 40.459: [GC (GCLocker Initiated GC) [PSYoungGen: 174338K->79555K(175104K)] 257423K->199769K(699392K), 0.0199345 secs] [Times: user=0.15 sys=0.00, real=0.02 secs] 
2016-09-15T12:13:43.208-0400: 40.609: [GC (GCLocker Initiated GC) [PSYoungGen: 167619K->61622K(175104K)] 300198K->242921K(699392K), 0.0127888 secs] [Times: user=0.12 sys=0.00, real=0.01 secs] 
2016-09-15T12:13:43.355-0400: 40.756: [GC (GCLocker Initiated GC) [PSYoungGen: 149686K->67565K(175104K)] 349376K->316178K(699392K), 0.0124791 secs] [Times: user=0.15 sys=0.00, real=0.02 secs] 
2016-09-15T12:13:43.485-0400: 40.885: [GC (GCLocker Initiated GC) [PSYoungGen: 155629K->85890K(175104K)] 410353K->425824K(699392K), 0.0139127 secs] [Times: user=0.21 sys=0.00, real=0.02 secs] 
2016-09-15T12:13:43.610-0400: 41.011: [GC (GCLocker Initiated GC) [PSYoungGen: 173954K->85790K(175104K)] 513935K->529526K(699392K), 0.0127530 secs] [Times: user=0.20 sys=0.00, real=0.01 secs] 
2016-09-15T12:13:43.623-0400: 41.023: [Full GC (Ergonomics) [PSYoungGen: 85790K->0K(175104K)] [ParOldGen: 443736K->46158K(524288K)] 529526K->46158K(699392K), [Metaspace: 44122K->44122K(1087488K)], 0.0612715 secs] [Times: user=0.44 sys=0.02, real=0.06 secs] 
2016-09-15T12:13:43.817-0400: 41.218: [GC (Allocation Failure) [PSYoungGen: 88064K->86078K(175104K)] 134381K->199221K(699392K), 0.0131488 secs] [Times: user=0.20 sys=0.00, real=0.01 secs] 
2016-09-15T12:13:43.943-0400: 41.343: [GC (GCLocker Initiated GC) [PSYoungGen: 174142K->85658K(175104K)] 287290K->302825K(699392K), 0.0147186 secs] [Times: user=0.25 sys=0.00, real=0.02 secs] 
2016-09-15T12:13:44.073-0400: 41.474: [GC (GCLocker Initiated GC) [PSYoungGen: 173722K->86346K(175104K)] 391244K->383003K(699392K), 0.0133692 secs] [Times: user=0.20 sys=0.01, real=0.01 secs] 
2016-09-15T12:13:44.208-0400: 41.608: [GC (GCLocker Initiated GC) [PSYoungGen: 174410K->73836K(175104K)] 483338K->437746K(699392K), 0.0134394 secs] [Times: user=0.20 sys=0.02, real=0.01 secs] 
2016-09-15T12:13:44.349-0400: 41.749: [GC (GCLocker Initiated GC) [PSYoungGen: 161900K->85658K(175104K)] 532432K->499039K(699392K), 0.0104545 secs] [Times: user=0.15 sys=0.01, real=0.01 secs] 
2016-09-15T12:13:44.359-0400: 41.760: [Full GC (Ergonomics) [PSYoungGen: 85658K->0K(175104K)] [ParOldGen: 413380K->51316K(524288K)] 499039K->51316K(699392K), [Metaspace: 44122K->44122K(1087488K)], 0.0839196 secs] [Times: user=0.90 sys=0.01, real=0.08 secs] 
2016-09-15T12:13:44.568-0400: 41.969: [GC (GCLocker Initiated GC) [PSYoungGen: 88064K->86046K(175104K)] 145637K->149694K(699392K), 0.0089620 secs] [Times: user=0.13 sys=0.01, real=0.01 secs] 
2016-09-15T12:13:44.678-0400: 42.078: [GC (GCLocker Initiated GC) [PSYoungGen: 174110K->86182K(175104K)] 238113K->223673K(699392K), 0.0119578 secs] [Times: user=0.18 sys=0.01, real=0.01 secs] 
2016-09-15T12:13:44.791-0400: 42.192: [GC (GCLocker Initiated GC) [PSYoungGen: 174246K->73540K(175104K)] 311791K->338976K(699392K), 0.0144115 secs] [Times: user=0.23 sys=0.01, real=0.01 secs] 
2016-09-15T12:13:44.924-0400: 42.325: [GC (GCLocker Initiated GC) [PSYoungGen: 161604K->86150K(175104K)] 427255K->424868K(699392K), 0.0220173 secs] [Times: user=0.31 sys=0.00, real=0.02 secs] 
2016-09-15T12:13:45.085-0400: 42.486: [GC (GCLocker Initiated GC) [PSYoungGen: 174214K->49176K(175104K)] 519172K->479836K(699392K), 0.0112020 secs] [Times: user=0.19 sys=0.00, real=0.02 secs] 
2016-09-15T12:13:45.096-0400: 42.497: [Full GC (Ergonomics) [PSYoungGen: 49176K->0K(175104K)] [ParOldGen: 430660K->51161K(524288K)] 479836K->51161K(699392K), [Metaspace: 44124K->44124K(1087488K)], 0.0528732 secs] [Times: user=0.47 sys=0.00, real=0.05 secs] 
2016-09-15T12:13:45.283-0400: 42.684: [GC (GCLocker Initiated GC) [PSYoungGen: 88064K->86178K(175104K)] 139462K->161876K(699392K), 0.0114958 secs] [Times: user=0.17 sys=0.00, real=0.01 secs] 
2016-09-15T12:13:45.430-0400: 42.831: [GC (GCLocker Initiated GC) [PSYoungGen: 174242K->85726K(175104K)] 256315K->229425K(699392K), 0.0122436 secs] [Times: user=0.15 sys=0.00, real=0.01 secs] 
2016-09-15T12:13:45.577-0400: 42.978: [GC (GCLocker Initiated GC) [PSYoungGen: 173790K->79943K(175104K)] 323920K->297057K(699392K), 0.0134451 secs] [Times: user=0.14 sys=0.00, real=0.01 secs] 
2016-09-15T12:13:45.696-0400: 43.096: [GC (Allocation Failure) [PSYoungGen: 168007K->85854K(175104K)] 385157K->376204K(699392K), 0.0127514 secs] [Times: user=0.19 sys=0.01, real=0.01 secs] 
2016-09-15T12:13:45.813-0400: 43.214: [GC (GCLocker Initiated GC) [PSYoungGen: 173554K->67629K(175104K)] 469979K->449420K(699392K), 0.0125994 secs] [Times: user=0.18 sys=0.01, real=0.01 secs] 
2016-09-15T12:13:45.942-0400: 43.342: [GC (GCLocker Initiated GC) [PSYoungGen: 155693K->86018K(175104K)] 537542K->541107K(699392K), 0.0118053 secs] [Times: user=0.19 sys=0.00, real=0.01 secs] 
2016-09-15T12:13:45.954-0400: 43.354: [Full GC (Ergonomics) [PSYoungGen: 86018K->0K(175104K)] [ParOldGen: 455089K->51325K(524288K)] 541107K->51325K(699392K), [Metaspace: 44124K->44124K(1087488K)], 0.0562551 secs] [Times: user=0.40 sys=0.00, real=0.06 secs] 
2016-09-15T12:13:46.143-0400: 43.543: [GC (GCLocker Initiated GC) [PSYoungGen: 88064K->86078K(175104K)] 145826K->168140K(699392K), 0.0104689 secs] [Times: user=0.13 sys=0.01, real=0.01 secs] 
2016-09-15T12:13:46.272-0400: 43.673: [GC (GCLocker Initiated GC) [PSYoungGen: 174142K->85822K(175104K)] 257029K->230031K(699392K), 0.0268023 secs] [Times: user=0.32 sys=0.01, real=0.03 secs] 
2016-09-15T12:13:46.417-0400: 43.817: [GC (GCLocker Initiated GC) [PSYoungGen: 173886K->86078K(175104K)] 318293K->291542K(699392K), 0.0128056 secs] [Times: user=0.17 sys=0.01, real=0.01 secs] 
2016-09-15T12:13:46.551-0400: 43.951: [GC (Allocation Failure) [PSYoungGen: 174142K->85690K(175104K)] 379726K->376716K(699392K), 0.0132624 secs] [Times: user=0.20 sys=0.01, real=0.01 secs] 
2016-09-15T12:13:46.681-0400: 44.082: [GC (GCLocker Initiated GC) [PSYoungGen: 171226K->85854K(175104K)] 468328K->462090K(699392K), 0.0133087 secs] [Times: user=0.21 sys=0.00, real=0.01 secs] 
2016-09-15T12:13:46.841-0400: 44.242: [GC (GCLocker Initiated GC) [PSYoungGen: 173918K->85822K(175104K)] 556581K->517392K(699392K), 0.0112101 secs] [Times: user=0.14 sys=0.00, real=0.01 secs] 
2016-09-15T12:13:46.852-0400: 44.253: [Full GC (Ergonomics) [PSYoungGen: 85822K->0K(175104K)] [ParOldGen: 431570K->51365K(524288K)] 517392K->51365K(699392K), [Metaspace: 44124K->44124K(1087488K)], 0.0591765 secs] [Times: user=0.46 sys=0.00, real=0.06 secs] 
2016-09-15T12:13:47.044-0400: 44.445: [GC (GCLocker Initiated GC) [PSYoungGen: 88064K->85854K(175104K)] 139489K->173737K(699392K), 0.0132126 secs] [Times: user=0.17 sys=0.00, real=0.02 secs] 
2016-09-15T12:13:47.195-0400: 44.596: [GC (GCLocker Initiated GC) [PSYoungGen: 173918K->79911K(175104K)] 267996K->271488K(699392K), 0.0156334 secs] [Times: user=0.21 sys=0.00, real=0.02 secs] 
2016-09-15T12:13:47.328-0400: 44.729: [GC (GCLocker Initiated GC) [PSYoungGen: 167975K->73640K(175104K)] 371757K->326337K(699392K), 0.0170760 secs] [Times: user=0.23 sys=0.00, real=0.01 secs] 
2016-09-15T12:13:47.491-0400: 44.891: [GC (Allocation Failure) [PSYoungGen: 161704K->73772K(175104K)] 426744K->405913K(699392K), 0.0225051 secs] [Times: user=0.27 sys=0.00, real=0.02 secs] 
2016-09-15T12:13:47.638-0400: 45.039: [GC (GCLocker Initiated GC) [PSYoungGen: 156597K->48984K(175104K)] 494813K->436239K(699392K), 0.0368397 secs] [Times: user=0.48 sys=0.00, real=0.03 secs] 
2016-09-15T12:13:47.795-0400: 45.196: [GC (GCLocker Initiated GC) [PSYoungGen: 137048K->86022K(175104K)] 524323K->515918K(699392K), 0.0145390 secs] [Times: user=0.14 sys=0.01, real=0.02 secs] 
2016-09-15T12:13:47.810-0400: 45.211: [Full GC (Ergonomics) [PSYoungGen: 86022K->0K(175104K)] [ParOldGen: 429896K->45664K(524288K)] 515918K->45664K(699392K), [Metaspace: 44130K->44130K(1087488K)], 0.0577559 secs] [Times: user=0.34 sys=0.01, real=0.06 secs] 
2016-09-15T12:13:47.982-0400: 45.383: [GC (GCLocker Initiated GC) [PSYoungGen: 88064K->86630K(175104K)] 139890K->180981K(699392K), 0.0098799 secs] [Times: user=0.14 sys=0.00, real=0.01 secs] 
2016-09-15T12:13:48.119-0400: 45.520: [GC (Allocation Failure) [PSYoungGen: 174694K->85594K(175104K)] 269400K->272425K(699392K), 0.0136254 secs] [Times: user=0.18 sys=0.00, real=0.01 secs] 
2016-09-15T12:13:48.237-0400: 45.638: [GC (GCLocker Initiated GC) [PSYoungGen: 170840K->79423K(175104K)] 363746K->327108K(699392K), 0.0115769 secs] [Times: user=0.14 sys=0.00, real=0.01 secs] 
2016-09-15T12:13:48.359-0400: 45.760: [GC (GCLocker Initiated GC) [PSYoungGen: 167487K->85986K(175104K)] 415359K->388677K(699392K), 0.0158030 secs] [Times: user=0.19 sys=0.01, real=0.01 secs] 
2016-09-15T12:13:48.499-0400: 45.900: [GC (GCLocker Initiated GC) [PSYoungGen: 174050K->85986K(175104K)] 482974K->449909K(699392K), 0.0116241 secs] [Times: user=0.15 sys=0.00, real=0.01 secs] 
2016-09-15T12:13:48.641-0400: 46.041: [GC (GCLocker Initiated GC) [PSYoungGen: 174050K->79715K(175104K)] 544151K->504619K(699392K), 0.0138772 secs] [Times: user=0.20 sys=0.00, real=0.01 secs] 
2016-09-15T12:13:48.655-0400: 46.056: [Full GC (Ergonomics) [PSYoungGen: 79715K->0K(175104K)] [ParOldGen: 424904K->45689K(524288K)] 504619K->45689K(699392K), [Metaspace: 44132K->44132K(1087488K)], 0.0582484 secs] [Times: user=0.33 sys=0.00, real=0.06 secs] 
2016-09-15T12:13:48.848-0400: 46.248: [GC (GCLocker Initiated GC) [PSYoungGen: 88064K->86242K(175104K)] 133878K->132056K(699392K), 0.0101476 secs] [Times: user=0.10 sys=0.00, real=0.01 secs] 
2016-09-15T12:13:48.969-0400: 46.370: [GC (Allocation Failure) [PSYoungGen: 174306K->85658K(175104K)] 220173K->229312K(699392K), 0.0181206 secs] [Times: user=0.24 sys=0.01, real=0.01 secs] 
2016-09-15T12:13:49.097-0400: 46.497: [GC (GCLocker Initiated GC) [PSYoungGen: 173722K->79879K(175104K)] 317387K->308746K(699392K), 0.0133030 secs] [Times: user=0.17 sys=0.00, real=0.01 secs] 
2016-09-15T12:13:49.217-0400: 46.618: [GC (GCLocker Initiated GC) [PSYoungGen: 167943K->85986K(175104K)] 397171K->370213K(699392K), 0.0174125 secs] [Times: user=0.21 sys=0.00, real=0.01 secs] 
2016-09-15T12:13:49.344-0400: 46.744: [GC (GCLocker Initiated GC) [PSYoungGen: 174050K->79683K(175104K)] 470592K->425077K(699392K), 0.0356306 secs] [Times: user=0.42 sys=0.00, real=0.04 secs] 
2016-09-15T12:13:49.498-0400: 46.898: [GC (GCLocker Initiated GC) [PSYoungGen: 167747K->85790K(175104K)] 513463K->480250K(699392K), 0.0106931 secs] [Times: user=0.14 sys=0.00, real=0.01 secs] 
2016-09-15T12:13:49.632-0400: 47.033: [GC (GCLocker Initiated GC) [PSYoungGen: 173854K->80043K(175104K)] 568574K->523663K(699392K), 0.0157172 secs] [Times: user=0.15 sys=0.00, real=0.02 secs] 
2016-09-15T12:13:49.648-0400: 47.049: [Full GC (Ergonomics) [PSYoungGen: 80043K->0K(175104K)] [ParOldGen: 443620K->51811K(524288K)] 523663K->51811K(699392K), [Metaspace: 44136K->44136K(1087488K)], 0.0616922 secs] [Times: user=0.31 sys=0.00, real=0.06 secs] 
2016-09-15T12:13:49.842-0400: 47.243: [GC (GCLocker Initiated GC) [PSYoungGen: 88064K->85822K(175104K)] 140080K->156063K(699392K), 0.0176258 secs] [Times: user=0.19 sys=0.01, real=0.02 secs] 
2016-09-15T12:13:49.982-0400: 47.382: [GC (GCLocker Initiated GC) [PSYoungGen: 173886K->49344K(175104K)] 250277K->180677K(699392K), 0.0242941 secs] [Times: user=0.26 sys=0.01, real=0.02 secs] 
2016-09-15T12:13:50.120-0400: 47.521: [GC (Allocation Failure) [PSYoungGen: 137408K->55191K(175104K)] 269074K->229813K(699392K), 0.0232987 secs] [Times: user=0.22 sys=0.00, real=0.02 secs] 
2016-09-15T12:13:50.258-0400: 47.659: [GC (GCLocker Initiated GC) [PSYoungGen: 137779K->85790K(175104K)] 318477K->327397K(699392K), 0.0268873 secs] [Times: user=0.34 sys=0.00, real=0.02 secs] 
2016-09-15T12:13:50.405-0400: 47.806: [GC (GCLocker Initiated GC) [PSYoungGen: 173854K->86022K(175104K)] 415560K->376611K(699392K), 0.0274417 secs] [Times: user=0.34 sys=0.00, real=0.03 secs] 
2016-09-15T12:13:50.570-0400: 47.971: [GC (Allocation Failure) [PSYoungGen: 174086K->67533K(175104K)] 470960K->444018K(699392K), 0.0136381 secs] [Times: user=0.15 sys=0.01, real=0.01 secs] 
2016-09-15T12:13:50.707-0400: 48.107: [GC (GCLocker Initiated GC) [PSYoungGen: 155597K->79847K(175104K)] 532088K->523463K(699392K), 0.0122317 secs] [Times: user=0.16 sys=0.00, real=0.02 secs] 
2016-09-15T12:13:50.719-0400: 48.120: [Full GC (Ergonomics) [PSYoungGen: 79847K->0K(175104K)] [ParOldGen: 443615K->51989K(524288K)] 523463K->51989K(699392K), [Metaspace: 44139K->44139K(1087488K)], 0.0614486 secs] [Times: user=0.31 sys=0.02, real=0.06 secs] 
2016-09-15T12:13:50.892-0400: 48.293: [GC (GCLocker Initiated GC) [PSYoungGen: 88064K->85822K(175104K)] 146394K->156302K(699392K), 0.0167982 secs] [Times: user=0.21 sys=0.00, real=0.02 secs] 
2016-09-15T12:13:51.023-0400: 48.423: [GC (GCLocker Initiated GC) [PSYoungGen: 173886K->79779K(175104K)] 250544K->199270K(699392K), 0.0190150 secs] [Times: user=0.21 sys=0.00, real=0.02 secs] 
2016-09-15T12:13:51.174-0400: 48.574: [GC (GCLocker Initiated GC) [PSYoungGen: 167843K->61430K(175104K)] 287414K->217703K(699392K), 0.0201152 secs] [Times: user=0.14 sys=0.01, real=0.02 secs] 
2016-09-15T12:13:51.318-0400: 48.719: [GC (GCLocker Initiated GC) [PSYoungGen: 149494K->85854K(175104K)] 312203K->309965K(699392K), 0.0132447 secs] [Times: user=0.20 sys=0.00, real=0.01 secs] 
2016-09-15T12:13:51.457-0400: 48.858: [GC (GCLocker Initiated GC) [PSYoungGen: 173918K->73868K(175104K)] 404386K->377411K(699392K), 0.0179774 secs] [Times: user=0.24 sys=0.00, real=0.01 secs] 
2016-09-15T12:13:51.595-0400: 48.996: [GC (GCLocker Initiated GC) [PSYoungGen: 161932K->73576K(175104K)] 477915K->432392K(699392K), 0.0125718 secs] [Times: user=0.14 sys=0.00, real=0.02 secs] 
2016-09-15T12:13:51.714-0400: 49.114: [GC (GCLocker Initiated GC) [PSYoungGen: 161640K->73480K(175104K)] 520492K->456760K(699392K), 0.0171158 secs] [Times: user=0.19 sys=0.00, real=0.02 secs] 
2016-09-15T12:13:51.848-0400: 49.249: [GC (GCLocker Initiated GC) [PSYoungGen: 161544K->79747K(175104K)] 551052K->566779K(699392K), 0.0151867 secs] [Times: user=0.20 sys=0.00, real=0.01 secs] 
2016-09-15T12:13:51.864-0400: 49.264: [Full GC (Ergonomics) [PSYoungGen: 79747K->0K(175104K)] [ParOldGen: 487032K->51847K(524288K)] 566779K->51847K(699392K), [Metaspace: 44144K->44144K(1087488K)], 0.0588451 secs] [Times: user=0.35 sys=0.02, real=0.06 secs] 
2016-09-15T12:13:52.041-0400: 49.442: [GC (GCLocker Initiated GC) [PSYoungGen: 88064K->86078K(175104K)] 146662K->156826K(699392K), 0.0098645 secs] [Times: user=0.11 sys=0.00, real=0.01 secs] 
2016-09-15T12:13:52.171-0400: 49.571: [GC (GCLocker Initiated GC) [PSYoungGen: 174142K->67405K(175104K)] 245055K->193516K(699392K), 0.0146999 secs] [Times: user=0.13 sys=0.01, real=0.01 secs] 
2016-09-15T12:13:52.305-0400: 49.706: [GC (GCLocker Initiated GC) [PSYoungGen: 155469K->73640K(175104K)] 281611K->260644K(699392K), 0.0241875 secs] [Times: user=0.29 sys=0.00, real=0.03 secs] 
2016-09-15T12:13:52.435-0400: 49.836: [GC (GCLocker Initiated GC) [PSYoungGen: 161704K->73608K(175104K)] 355657K->334490K(699392K), 0.0216991 secs] [Times: user=0.19 sys=0.00, real=0.03 secs] 
2016-09-15T12:13:52.571-0400: 49.971: [GC (GCLocker Initiated GC) [PSYoungGen: 161672K->85822K(175104K)] 422572K->407795K(699392K), 0.0120624 secs] [Times: user=0.19 sys=0.01, real=0.01 secs] 
2016-09-15T12:13:52.704-0400: 50.105: [GC (GCLocker Initiated GC) [PSYoungGen: 173886K->61198K(175104K)] 502256K->426122K(699392K), 0.0117391 secs] [Times: user=0.10 sys=0.00, real=0.02 secs] 
2016-09-15T12:13:52.827-0400: 50.227: [GC (GCLocker Initiated GC) [PSYoungGen: 149262K->85954K(175104K)] 520464K->499825K(699392K), 0.0143183 secs] [Times: user=0.15 sys=0.01, real=0.02 secs] 
2016-09-15T12:13:52.988-0400: 50.389: [Full GC (Ergonomics) [PSYoungGen: 174018K->0K(175104K)] [ParOldGen: 438309K->51495K(524288K)] 612327K->51495K(699392K), [Metaspace: 44144K->44144K(1087488K)], 0.0618312 secs] [Times: user=0.31 sys=0.01, real=0.06 secs] 
2016-09-15T12:13:53.185-0400: 50.586: [GC (GCLocker Initiated GC) [PSYoungGen: 88064K->73384K(175104K)] 145766K->131086K(699392K), 0.0133347 secs] [Times: user=0.09 sys=0.00, real=0.02 secs] 
2016-09-15T12:13:53.311-0400: 50.712: [GC (GCLocker Initiated GC) [PSYoungGen: 161448K->55351K(175104K)] 219276K->186370K(699392K), 0.0267570 secs] [Times: user=0.25 sys=0.00, real=0.03 secs] 
2016-09-15T12:13:53.456-0400: 50.856: [GC (GCLocker Initiated GC) [PSYoungGen: 143415K->85858K(175104K)] 274756K->266099K(699392K), 0.0135993 secs] [Times: user=0.13 sys=0.00, real=0.01 secs] 
2016-09-15T12:13:53.591-0400: 50.991: [GC (GCLocker Initiated GC) [PSYoungGen: 173922K->73348K(175104K)] 360414K->314947K(699392K), 0.0220866 secs] [Times: user=0.26 sys=0.00, real=0.02 secs] 
2016-09-15T12:13:53.742-0400: 51.143: [GC (GCLocker Initiated GC) [PSYoungGen: 161412K->79911K(175104K)] 415427K->419128K(699392K), 0.0142370 secs] [Times: user=0.18 sys=0.00, real=0.02 secs] 
2016-09-15T12:13:53.904-0400: 51.304: [GC (GCLocker Initiated GC) [PSYoungGen: 167975K->85790K(175104K)] 513528K->480234K(699392K), 0.0141230 secs] [Times: user=0.13 sys=0.00, real=0.02 secs] 
2016-09-15T12:13:54.043-0400: 51.444: [GC (GCLocker Initiated GC) [PSYoungGen: 173854K->55223K(175104K)] 568564K->504703K(699392K), 0.0181309 secs] [Times: user=0.17 sys=0.00, real=0.02 secs] 
2016-09-15T12:13:54.061-0400: 51.462: [Full GC (Ergonomics) [PSYoungGen: 55223K->0K(175104K)] [ParOldGen: 449480K->51771K(524288K)] 504703K->51771K(699392K), [Metaspace: 44147K->44147K(1087488K)], 0.0483771 secs] [Times: user=0.36 sys=0.01, real=0.05 secs] 
2016-09-15T12:13:54.235-0400: 51.636: [GC (GCLocker Initiated GC) [PSYoungGen: 88064K->86306K(175104K)] 152248K->156565K(699392K), 0.0096699 secs] [Times: user=0.14 sys=0.01, real=0.01 secs] 
2016-09-15T12:13:54.358-0400: 51.759: [GC (GCLocker Initiated GC) [PSYoungGen: 174370K->86018K(175104K)] 250976K->205884K(699392K), 0.0113591 secs] [Times: user=0.13 sys=0.01, real=0.01 secs] 
2016-09-15T12:13:54.484-0400: 51.885: [GC (Allocation Failure) [PSYoungGen: 174082K->55255K(175104K)] 300399K->254756K(699392K), 0.0264124 secs] [Times: user=0.32 sys=0.01, real=0.03 secs] 
2016-09-15T12:13:54.597-0400: 51.998: [GC (GCLocker Initiated GC) [PSYoungGen: 143319K->85822K(175104K)] 342820K->315982K(699392K), 0.0118969 secs] [Times: user=0.15 sys=0.00, real=0.01 secs] 
2016-09-15T12:13:54.728-0400: 52.129: [GC (GCLocker Initiated GC) [PSYoungGen: 173886K->86150K(175104K)] 404182K->371453K(699392K), 0.0122926 secs] [Times: user=0.19 sys=0.00, real=0.01 secs] 
2016-09-15T12:13:54.861-0400: 52.262: [GC (GCLocker Initiated GC) [PSYoungGen: 174214K->85822K(175104K)] 465773K->469134K(699392K), 0.0140858 secs] [Times: user=0.23 sys=0.01, real=0.01 secs] 
2016-09-15T12:13:54.978-0400: 52.379: [GC (GCLocker Initiated GC) [PSYoungGen: 173886K->79779K(175104K)] 557352K->572755K(699392K), 0.0139558 secs] [Times: user=0.19 sys=0.02, real=0.01 secs] 
2016-09-15T12:13:54.992-0400: 52.393: [Full GC (Ergonomics) [PSYoungGen: 79779K->0K(175104K)] [ParOldGen: 492976K->51625K(524288K)] 572755K->51625K(699392K), [Metaspace: 44147K->44147K(1087488K)], 0.0549372 secs] [Times: user=0.38 sys=0.01, real=0.05 secs] 
2016-09-15T12:13:55.173-0400: 52.574: [GC (GCLocker Initiated GC) [PSYoungGen: 88064K->86146K(175104K)] 139847K->150080K(699392K), 0.0088290 secs] [Times: user=0.10 sys=0.00, real=0.01 secs] 
2016-09-15T12:13:55.314-0400: 52.715: [GC (GCLocker Initiated GC) [PSYoungGen: 174210K->85822K(175104K)] 244529K->236000K(699392K), 0.0122555 secs] [Times: user=0.17 sys=0.00, real=0.01 secs] 
2016-09-15T12:13:55.465-0400: 52.865: [GC (GCLocker Initiated GC) [PSYoungGen: 173886K->61686K(175104K)] 336218K->278844K(699392K), 0.0127769 secs] [Times: user=0.17 sys=0.00, real=0.02 secs] 
2016-09-15T12:13:55.626-0400: 53.026: [GC (GCLocker Initiated GC) [PSYoungGen: 149750K->67501K(175104K)] 373316K->333868K(699392K), 0.0118628 secs] [Times: user=0.12 sys=0.00, real=0.02 secs] 
2016-09-15T12:13:55.759-0400: 53.160: [GC (GCLocker Initiated GC) [PSYoungGen: 155565K->67533K(175104K)] 422081K->401149K(699392K), 0.0250542 secs] [Times: user=0.26 sys=0.02, real=0.02 secs] 
2016-09-15T12:13:55.907-0400: 53.308: [GC (GCLocker Initiated GC) [PSYoungGen: 155597K->73640K(175104K)] 495471K->492625K(699392K), 0.0143468 secs] [Times: user=0.16 sys=0.02, real=0.02 secs] 
2016-09-15T12:13:55.921-0400: 53.322: [Full GC (Ergonomics) [PSYoungGen: 73640K->0K(175104K)] [ParOldGen: 418985K->51843K(524288K)] 492625K->51843K(699392K), [Metaspace: 44147K->44147K(1087488K)], 0.0603660 secs] [Times: user=0.44 sys=0.01, real=0.06 secs] 
2016-09-15T12:13:56.094-0400: 53.495: [GC (Allocation Failure) [PSYoungGen: 88064K->86630K(175104K)] 146125K->175066K(699392K), 0.0108175 secs] [Times: user=0.14 sys=0.00, real=0.01 secs] 
2016-09-15T12:13:56.212-0400: 53.612: [GC (GCLocker Initiated GC) [PSYoungGen: 170215K->79583K(175104K)] 264727K->248158K(699392K), 0.0132116 secs] [Times: user=0.20 sys=0.00, real=0.01 secs] 
2016-09-15T12:13:56.364-0400: 53.765: [GC (Allocation Failure) [PSYoungGen: 167647K->85790K(175104K)] 342310K->303137K(699392K), 0.0104424 secs] [Times: user=0.14 sys=0.01, real=0.01 secs] 
2016-09-15T12:13:56.478-0400: 53.879: [GC (GCLocker Initiated GC) [PSYoungGen: 173854K->73672K(175104K)] 391207K->376555K(699392K), 0.0121225 secs] [Times: user=0.18 sys=0.01, real=0.01 secs] 
2016-09-15T12:13:56.606-0400: 54.007: [GC (GCLocker Initiated GC) [PSYoungGen: 161736K->74000K(175104K)] 477142K->426000K(699392K), 0.0108674 secs] [Times: user=0.15 sys=0.01, real=0.02 secs] 
2016-09-15T12:13:56.720-0400: 54.120: [GC (GCLocker Initiated GC) [PSYoungGen: 162064K->73540K(175104K)] 514156K->504931K(699392K), 0.0160595 secs] [Times: user=0.24 sys=0.01, real=0.02 secs] 
2016-09-15T12:13:56.736-0400: 54.137: [Full GC (Ergonomics) [PSYoungGen: 73540K->0K(175104K)] [ParOldGen: 431391K->57933K(524288K)] 504931K->57933K(699392K), [Metaspace: 44184K->44184K(1087488K)], 0.0514775 secs] [Times: user=0.40 sys=0.01, real=0.05 secs] 
2016-09-15T12:13:56.901-0400: 54.301: [GC (GCLocker Initiated GC) [PSYoungGen: 88064K->86662K(175104K)] 152231K->175129K(699392K), 0.0091160 secs] [Times: user=0.12 sys=0.00, real=0.01 secs] 
2016-09-15T12:13:57.038-0400: 54.439: [GC (GCLocker Initiated GC) [PSYoungGen: 174726K->73640K(175104K)] 263359K->218236K(699392K), 0.0100660 secs] [Times: user=0.12 sys=0.00, real=0.01 secs] 
2016-09-15T12:13:57.163-0400: 54.563: [GC (GCLocker Initiated GC) [PSYoungGen: 161704K->79523K(175104K)] 312680K->279219K(699392K), 0.0224674 secs] [Times: user=0.21 sys=0.01, real=0.02 secs] 
2016-09-15T12:13:57.308-0400: 54.709: [GC (GCLocker Initiated GC) [PSYoungGen: 167587K->85854K(175104K)] 373406K->383122K(699392K), 0.0167216 secs] [Times: user=0.27 sys=0.00, real=0.01 secs] 
2016-09-15T12:13:57.448-0400: 54.849: [GC (GCLocker Initiated GC) [PSYoungGen: 173918K->79715K(175104K)] 471417K->444347K(699392K), 0.0110091 secs] [Times: user=0.14 sys=0.00, real=0.01 secs] 
2016-09-15T12:13:57.596-0400: 54.997: [GC (GCLocker Initiated GC) [PSYoungGen: 167779K->67565K(175104K)] 550734K->505354K(699392K), 0.0131648 secs] [Times: user=0.17 sys=0.01, real=0.01 secs] 
2016-09-15T12:13:57.610-0400: 55.010: [Full GC (Ergonomics) [PSYoungGen: 67565K->0K(175104K)] [ParOldGen: 437789K->57957K(524288K)] 505354K->57957K(699392K), [Metaspace: 44184K->44184K(1087488K)], 0.0562069 secs] [Times: user=0.39 sys=0.00, real=0.05 secs] 
2016-09-15T12:13:57.786-0400: 55.187: [GC (GCLocker Initiated GC) [PSYoungGen: 88064K->86570K(175104K)] 158505K->163086K(699392K), 0.0265562 secs] [Times: user=0.42 sys=0.02, real=0.03 secs] 
2016-09-15T12:13:57.927-0400: 55.328: [GC (GCLocker Initiated GC) [PSYoungGen: 174634K->73444K(175104K)] 251388K->205741K(699392K), 0.0154233 secs] [Times: user=0.18 sys=0.01, real=0.02 secs] 
2016-09-15T12:13:58.079-0400: 55.480: [GC (GCLocker Initiated GC) [PSYoungGen: 161508K->85986K(175104K)] 299988K->267167K(699392K), 0.0109989 secs] [Times: user=0.16 sys=0.00, real=0.01 secs] 
2016-09-15T12:13:58.219-0400: 55.620: [GC (GCLocker Initiated GC) [PSYoungGen: 174050K->67405K(175104K)] 355346K->285427K(699392K), 0.0132157 secs] [Times: user=0.12 sys=0.00, real=0.01 secs] 
2016-09-15T12:13:58.344-0400: 55.745: [GC (GCLocker Initiated GC) [PSYoungGen: 155469K->67437K(175104K)] 379692K->370739K(699392K), 0.0157900 secs] [Times: user=0.16 sys=0.00, real=0.02 secs] 
2016-09-15T12:13:58.494-0400: 55.895: [GC (GCLocker Initiated GC) [PSYoungGen: 155501K->31182K(175104K)] 471119K->401751K(699392K), 0.0174304 secs] [Times: user=0.16 sys=0.00, real=0.02 secs] 
2016-09-15T12:13:58.644-0400: 56.045: [GC (GCLocker Initiated GC) [PSYoungGen: 119246K->79879K(175104K)] 502197K->499899K(699392K), 0.0311326 secs] [Times: user=0.37 sys=0.01, real=0.03 secs] 
2016-09-15T12:13:58.813-0400: 56.213: [GC (GCLocker Initiated GC) [PSYoungGen: 167943K->49244K(175104K)] 588055K->524290K(699392K), 0.0295051 secs] [Times: user=0.30 sys=0.00, real=0.03 secs] 
2016-09-15T12:13:58.842-0400: 56.243: [Full GC (Ergonomics) [PSYoungGen: 49244K->0K(175104K)] [ParOldGen: 475046K->51869K(524288K)] 524290K->51869K(699392K), [Metaspace: 44184K->44184K(1087488K)], 0.0643355 secs] [Times: user=0.37 sys=0.01, real=0.06 secs] 
2016-09-15T12:13:59.021-0400: 56.422: [GC (GCLocker Initiated GC) [PSYoungGen: 88064K->85986K(175104K)] 140292K->162515K(699392K), 0.0136371 secs] [Times: user=0.17 sys=0.00, real=0.01 secs] 
2016-09-15T12:13:59.151-0400: 56.552: [GC (GCLocker Initiated GC) [PSYoungGen: 174047K->79879K(175104K)] 257006K->217836K(699392K), 0.0149356 secs] [Times: user=0.13 sys=0.00, real=0.01 secs] 
2016-09-15T12:13:59.282-0400: 56.682: [GC (GCLocker Initiated GC) [PSYoungGen: 167943K->79747K(175104K)] 306037K->291205K(699392K), 0.0132768 secs] [Times: user=0.17 sys=0.00, real=0.01 secs] 
2016-09-15T12:13:59.411-0400: 56.811: [GC (Allocation Failure) [PSYoungGen: 167811K->86346K(175104K)] 385694K->340830K(699392K), 0.0091291 secs] [Times: user=0.13 sys=0.00, real=0.01 secs] 
2016-09-15T12:13:59.536-0400: 56.937: [GC (GCLocker Initiated GC) [PSYoungGen: 174410K->85626K(175104K)] 428906K->407435K(699392K), 0.0119037 secs] [Times: user=0.17 sys=0.00, real=0.01 secs] 
2016-09-15T12:13:59.667-0400: 57.067: [GC (GCLocker Initiated GC) [PSYoungGen: 173690K->73772K(175104K)] 495630K->468788K(699392K), 0.0108674 secs] [Times: user=0.16 sys=0.00, real=0.02 secs] 
2016-09-15T12:13:59.803-0400: 57.204: [GC (GCLocker Initiated GC) [PSYoungGen: 161836K->85890K(175104K)] 562976K->554326K(699392K), 0.0186925 secs] [Times: user=0.24 sys=0.00, real=0.02 secs] 
2016-09-15T12:13:59.822-0400: 57.223: [Full GC (Ergonomics) [PSYoungGen: 85890K->0K(175104K)] [ParOldGen: 468436K->46026K(524288K)] 554326K->46026K(699392K), [Metaspace: 44193K->44193K(1087488K)], 0.0596094 secs] [Times: user=0.27 sys=0.01, real=0.06 secs] 
2016-09-15T12:13:59.995-0400: 57.395: [GC (GCLocker Initiated GC) [PSYoungGen: 88064K->86662K(175104K)] 134254K->175378K(699392K), 0.0128891 secs] [Times: user=0.13 sys=0.01, real=0.01 secs] 
2016-09-15T12:14:00.139-0400: 57.540: [GC (GCLocker Initiated GC) [PSYoungGen: 174724K->67629K(175104K)] 275940K->254862K(699392K), 0.0339173 secs] [Times: user=0.34 sys=0.01, real=0.03 secs] 
2016-09-15T12:14:00.306-0400: 57.706: [GC (GCLocker Initiated GC) [PSYoungGen: 155693K->55906K(175104K)] 355437K->310470K(699392K), 0.0091027 secs] [Times: user=0.11 sys=0.00, real=0.01 secs] 
2016-09-15T12:14:00.414-0400: 57.815: [GC (GCLocker Initiated GC) [PSYoungGen: 143970K->85690K(175104K)] 398883K->407923K(699392K), 0.0135722 secs] [Times: user=0.19 sys=0.00, real=0.02 secs] 
2016-09-15T12:14:00.546-0400: 57.947: [GC (GCLocker Initiated GC) [PSYoungGen: 173754K->80011K(175104K)] 502137K->457105K(699392K), 0.0112990 secs] [Times: user=0.13 sys=0.00, real=0.02 secs] 
2016-09-15T12:14:00.679-0400: 58.080: [GC (GCLocker Initiated GC) [PSYoungGen: 168075K->85854K(175104K)] 545302K->506265K(699392K), 0.0137243 secs] [Times: user=0.17 sys=0.01, real=0.01 secs] 
2016-09-15T12:14:00.804-0400: 58.204: [GC (Allocation Failure) [PSYoungGen: 173918K->86118K(175104K)] 594573K->592154K(699392K), 0.0139923 secs] [Times: user=0.19 sys=0.00, real=0.02 secs] 
2016-09-15T12:14:00.818-0400: 58.218: [Full GC (Ergonomics) [PSYoungGen: 86118K->0K(175104K)] [ParOldGen: 506036K->52306K(524288K)] 592154K->52306K(699392K), [Metaspace: 44195K->44195K(1087488K)], 0.0649838 secs] [Times: user=0.42 sys=0.01, real=0.06 secs] 
2016-09-15T12:14:01.019-0400: 58.420: [GC (GCLocker Initiated GC) [PSYoungGen: 84378K->85922K(175104K)] 142759K->168603K(699392K), 0.0166893 secs] [Times: user=0.20 sys=0.00, real=0.01 secs] 
2016-09-15T12:14:01.172-0400: 58.572: [GC (GCLocker Initiated GC) [PSYoungGen: 173986K->61590K(175104K)] 262992K->193420K(699392K), 0.0166477 secs] [Times: user=0.19 sys=0.00, real=0.02 secs] 
2016-09-15T12:14:01.308-0400: 58.708: [GC (GCLocker Initiated GC) [PSYoungGen: 149654K->85690K(175104K)] 287763K->315240K(699392K), 0.0123747 secs] [Times: user=0.19 sys=0.00, real=0.02 secs] 
2016-09-15T12:14:01.436-0400: 58.837: [GC (GCLocker Initiated GC) [PSYoungGen: 173754K->85986K(175104K)] 403407K->376557K(699392K), 0.0125261 secs] [Times: user=0.18 sys=0.01, real=0.01 secs] 
2016-09-15T12:14:01.571-0400: 58.972: [GC (GCLocker Initiated GC) [PSYoungGen: 174050K->79943K(175104K)] 471040K->432079K(699392K), 0.0111593 secs] [Times: user=0.16 sys=0.00, real=0.01 secs] 
2016-09-15T12:14:01.694-0400: 59.095: [GC (GCLocker Initiated GC) [PSYoungGen: 168007K->79747K(175104K)] 526333K->492884K(699392K), 0.0106038 secs] [Times: user=0.14 sys=0.00, real=0.01 secs] 
2016-09-15T12:14:01.819-0400: 59.220: [GC (GCLocker Initiated GC) [PSYoungGen: 167809K->67405K(175104K)] 581319K->541776K(699392K), 0.0149021 secs] [Times: user=0.14 sys=0.01, real=0.01 secs] 
2016-09-15T12:14:01.834-0400: 59.235: [Full GC (Ergonomics) [PSYoungGen: 67405K->0K(175104K)] [ParOldGen: 474371K->58419K(524288K)] 541776K->58419K(699392K), [Metaspace: 44198K->44198K(1087488K)], 0.0602963 secs] [Times: user=0.36 sys=0.01, real=0.06 secs] 
2016-09-15T12:14:02.005-0400: 59.405: [GC (GCLocker Initiated GC) [PSYoungGen: 88064K->86438K(175104K)] 146581K->175330K(699392K), 0.0099252 secs] [Times: user=0.15 sys=0.00, real=0.01 secs] 
2016-09-15T12:14:02.143-0400: 59.544: [GC (Allocation Failure) [PSYoungGen: 174502K->85626K(175104K)] 263430K->272826K(699392K), 0.0134764 secs] [Times: user=0.20 sys=0.00, real=0.02 secs] 
2016-09-15T12:14:02.258-0400: 59.659: [GC (GCLocker Initiated GC) [PSYoungGen: 173690K->73672K(175104K)] 360890K->346074K(699392K), 0.0147963 secs] [Times: user=0.20 sys=0.00, real=0.01 secs] 
2016-09-15T12:14:02.384-0400: 59.784: [GC (GCLocker Initiated GC) [PSYoungGen: 161736K->85854K(175104K)] 434504K->425803K(699392K), 0.0122385 secs] [Times: user=0.19 sys=0.00, real=0.02 secs] 
2016-09-15T12:14:02.512-0400: 59.913: [GC (GCLocker Initiated GC) [PSYoungGen: 173918K->85854K(175104K)] 520247K->487165K(699392K), 0.0106032 secs] [Times: user=0.17 sys=0.00, real=0.01 secs] 
2016-09-15T12:14:02.642-0400: 60.043: [GC (GCLocker Initiated GC) [PSYoungGen: 173918K->86018K(175104K)] 575433K->554682K(699392K), 0.0109388 secs] [Times: user=0.16 sys=0.01, real=0.01 secs] 
2016-09-15T12:14:02.653-0400: 60.054: [Full GC (Ergonomics) [PSYoungGen: 86018K->0K(175104K)] [ParOldGen: 468664K->52796K(524288K)] 554682K->52796K(699392K), [Metaspace: 44201K->44201K(1087488K)], 0.0520164 secs] [Times: user=0.41 sys=0.00, real=0.05 secs] 
2016-09-15T12:14:02.846-0400: 60.247: [GC (Allocation Failure) [PSYoungGen: 88064K->85954K(175104K)] 153281K->163321K(699392K), 0.0105205 secs] [Times: user=0.12 sys=0.00, real=0.02 secs] 
2016-09-15T12:14:02.976-0400: 60.377: [GC (GCLocker Initiated GC) [PSYoungGen: 172517K->86182K(175104K)] 255960K->261081K(699392K), 0.0134808 secs] [Times: user=0.21 sys=0.00, real=0.01 secs] 
2016-09-15T12:14:03.120-0400: 60.521: [GC (GCLocker Initiated GC) [PSYoungGen: 174246K->85822K(175104K)] 355251K->328057K(699392K), 0.0110531 secs] [Times: user=0.14 sys=0.00, real=0.01 secs] 
2016-09-15T12:14:03.247-0400: 60.648: [GC (GCLocker Initiated GC) [PSYoungGen: 173886K->49372K(175104K)] 416163K->377023K(699392K), 0.0099681 secs] [Times: user=0.12 sys=0.01, real=0.02 secs] 
2016-09-15T12:14:03.397-0400: 60.798: [GC (Allocation Failure) [PSYoungGen: 137436K->85758K(175104K)] 471371K->474676K(699392K), 0.0132157 secs] [Times: user=0.17 sys=0.00, real=0.01 secs] 
2016-09-15T12:14:03.515-0400: 60.916: [GC (GCLocker Initiated GC) [PSYoungGen: 171911K->85658K(175104K)] 566904K->535790K(699392K), 0.0139494 secs] [Times: user=0.13 sys=0.00, real=0.02 secs] 
2016-09-15T12:14:03.530-0400: 60.930: [Full GC (Ergonomics) [PSYoungGen: 85658K->0K(175104K)] [ParOldGen: 450131K->57926K(524288K)] 535790K->57926K(699392K), [Metaspace: 44231K->44231K(1087488K)], 0.0578915 secs] [Times: user=0.42 sys=0.00, real=0.06 secs] 
2016-09-15T12:14:03.712-0400: 61.113: [GC (GCLocker Initiated GC) [PSYoungGen: 88064K->86630K(175104K)] 158193K->162834K(699392K), 0.0084126 secs] [Times: user=0.10 sys=0.01, real=0.01 secs] 
2016-09-15T12:14:03.827-0400: 61.227: [GC (GCLocker Initiated GC) [PSYoungGen: 174691K->86150K(175104K)] 257326K->230706K(699392K), 0.0126688 secs] [Times: user=0.21 sys=0.00, real=0.02 secs] 
2016-09-15T12:14:03.950-0400: 61.350: [GC (GCLocker Initiated GC) [PSYoungGen: 174214K->85854K(175104K)] 318891K->273528K(699392K), 0.0127654 secs] [Times: user=0.16 sys=0.00, real=0.01 secs] 
2016-09-15T12:14:04.077-0400: 61.478: [GC (GCLocker Initiated GC) [PSYoungGen: 173918K->86182K(175104K)] 361779K->353341K(699392K), 0.0123735 secs] [Times: user=0.19 sys=0.00, real=0.01 secs] 
2016-09-15T12:14:04.221-0400: 61.622: [GC (GCLocker Initiated GC) [PSYoungGen: 174246K->61362K(175104K)] 441418K->389560K(699392K), 0.0446449 secs] [Times: user=0.62 sys=0.00, real=0.04 secs] 
2016-09-15T12:14:04.367-0400: 61.768: [GC (GCLocker Initiated GC) [PSYoungGen: 149426K->85758K(175104K)] 477697K->505282K(699392K), 0.0135591 secs] [Times: user=0.18 sys=0.01, real=0.02 secs] 
2016-09-15T12:14:04.381-0400: 61.781: [Full GC (Ergonomics) [PSYoungGen: 85758K->0K(175104K)] [ParOldGen: 419523K->51398K(524288K)] 505282K->51398K(699392K), [Metaspace: 44231K->44231K(1087488K)], 0.0682944 secs] [Times: user=0.49 sys=0.01, real=0.07 secs] 
2016-09-15T12:14:04.580-0400: 61.980: [GC (Allocation Failure) [PSYoungGen: 88064K->86858K(175104K)] 139621K->162715K(699392K), 0.0107213 secs] [Times: user=0.16 sys=0.00, real=0.01 secs] 
2016-09-15T12:14:04.693-0400: 62.094: [GC (GCLocker Initiated GC) [PSYoungGen: 174922K->79747K(175104K)] 250785K->223606K(699392K), 0.0113532 secs] [Times: user=0.19 sys=0.01, real=0.01 secs] 
2016-09-15T12:14:04.828-0400: 62.229: [GC (GCLocker Initiated GC) [PSYoungGen: 167811K->79747K(175104K)] 311735K->296879K(699392K), 0.0113935 secs] [Times: user=0.16 sys=0.00, real=0.01 secs] 
2016-09-15T12:14:04.971-0400: 62.371: [GC (GCLocker Initiated GC) [PSYoungGen: 167811K->85954K(175104K)] 391306K->394822K(699392K), 0.0149069 secs] [Times: user=0.24 sys=0.00, real=0.01 secs] 
2016-09-15T12:14:05.103-0400: 62.503: [GC (GCLocker Initiated GC) [PSYoungGen: 174018K->85726K(175104K)] 489188K->474276K(699392K), 0.0140012 secs] [Times: user=0.15 sys=0.00, real=0.02 secs] 
2016-09-15T12:14:05.237-0400: 62.638: [GC (GCLocker Initiated GC) [PSYoungGen: 173790K->86182K(175104K)] 562538K->529764K(699392K), 0.0118129 secs] [Times: user=0.17 sys=0.01, real=0.01 secs] 
2016-09-15T12:14:05.249-0400: 62.650: [Full GC (Ergonomics) [PSYoungGen: 86182K->0K(175104K)] [ParOldGen: 443582K->51742K(524288K)] 529764K->51742K(699392K), [Metaspace: 44232K->44232K(1087488K)], 0.0601329 secs] [Times: user=0.40 sys=0.01, real=0.06 secs] 
2016-09-15T12:14:05.456-0400: 62.857: [GC (GCLocker Initiated GC) [PSYoungGen: 88064K->85986K(175104K)] 139858K->162080K(699392K), 0.0091550 secs] [Times: user=0.13 sys=0.00, real=0.00 secs] 
2016-09-15T12:14:05.580-0400: 62.981: [GC (GCLocker Initiated GC) [PSYoungGen: 174050K->85886K(175104K)] 250372K->241491K(699392K), 0.0128863 secs] [Times: user=0.18 sys=0.00, real=0.01 secs] 
2016-09-15T12:14:05.711-0400: 63.112: [GC (GCLocker Initiated GC) [PSYoungGen: 173950K->55547K(175104K)] 335678K->308543K(699392K), 0.0154738 secs] [Times: user=0.16 sys=0.00, real=0.01 secs] 
2016-09-15T12:14:05.850-0400: 63.250: [GC (GCLocker Initiated GC) [PSYoungGen: 143611K->67597K(175104K)] 402981K->382138K(699392K), 0.0124807 secs] [Times: user=0.15 sys=0.00, real=0.01 secs] 
2016-09-15T12:14:05.962-0400: 63.363: [GC (Allocation Failure) [PSYoungGen: 155661K->79587K(175104K)] 470272K->443089K(699392K), 0.0290240 secs] [Times: user=0.32 sys=0.01, real=0.03 secs] 
2016-09-15T12:14:06.098-0400: 63.499: [GC (GCLocker Initiated GC) [PSYoungGen: 163104K->67533K(175104K)] 532681K->510294K(699392K), 0.0135459 secs] [Times: user=0.16 sys=0.00, real=0.01 secs] 
2016-09-15T12:14:06.112-0400: 63.513: [Full GC (Ergonomics) [PSYoungGen: 67533K->0K(175104K)] [ParOldGen: 442761K->45658K(524288K)] 510294K->45658K(699392K), [Metaspace: 44234K->44234K(1087488K)], 0.0475381 secs] [Times: user=0.30 sys=0.01, real=0.05 secs] 
2016-09-15T12:14:06.289-0400: 63.689: [GC (GCLocker Initiated GC) [PSYoungGen: 88064K->86046K(175104K)] 133771K->174278K(699392K), 0.0160344 secs] [Times: user=0.22 sys=0.00, real=0.01 secs] 
2016-09-15T12:14:06.430-0400: 63.831: [GC (GCLocker Initiated GC) [PSYoungGen: 174110K->73576K(175104K)] 262709K->253871K(699392K), 0.0127591 secs] [Times: user=0.19 sys=0.00, real=0.01 secs] 
2016-09-15T12:14:06.542-0400: 63.943: [GC (GCLocker Initiated GC) [PSYoungGen: 161640K->86050K(175104K)] 342308K->351888K(699392K), 0.0136404 secs] [Times: user=0.20 sys=0.00, real=0.02 secs] 
2016-09-15T12:14:06.677-0400: 64.078: [GC (Allocation Failure) [PSYoungGen: 174114K->61850K(175104K)] 440241K->401036K(699392K), 0.0101496 secs] [Times: user=0.15 sys=0.00, real=0.01 secs] 
2016-09-15T12:14:06.782-0400: 64.183: [GC (GCLocker Initiated GC) [PSYoungGen: 149914K->67597K(175104K)] 489112K->462285K(699392K), 0.0097665 secs] [Times: user=0.14 sys=0.01, real=0.01 secs] 
2016-09-15T12:14:06.904-0400: 64.305: [GC (GCLocker Initiated GC) [PSYoungGen: 155661K->85854K(175104K)] 556618K->584318K(699392K), 0.0152261 secs] [Times: user=0.21 sys=0.01, real=0.02 secs] 
2016-09-15T12:14:06.920-0400: 64.321: [Full GC (Ergonomics) [PSYoungGen: 85854K->0K(175104K)] [ParOldGen: 498464K->51782K(524288K)] 584318K->51782K(699392K), [Metaspace: 44234K->44234K(1087488K)], 0.0603742 secs] [Times: user=0.41 sys=0.01, real=0.06 secs] 
2016-09-15T12:14:07.080-0400: 64.481: [GC (GCLocker Initiated GC) [PSYoungGen: 88064K->86242K(175104K)] 139899K->168452K(699392K), 0.0090075 secs] [Times: user=0.13 sys=0.00, real=0.01 secs] 
2016-09-15T12:14:07.200-0400: 64.601: [GC (GCLocker Initiated GC) [PSYoungGen: 174306K->73968K(175104K)] 256536K->248059K(699392K), 0.0119471 secs] [Times: user=0.19 sys=0.00, real=0.01 secs] 
2016-09-15T12:14:07.318-0400: 64.719: [GC (GCLocker Initiated GC) [PSYoungGen: 162032K->85822K(175104K)] 336271K->327210K(699392K), 0.0126550 secs] [Times: user=0.15 sys=0.00, real=0.01 secs] 
2016-09-15T12:14:07.444-0400: 64.845: [GC (Allocation Failure) [PSYoungGen: 173886K->85822K(175104K)] 421553K->418863K(699392K), 0.0122431 secs] [Times: user=0.19 sys=0.01, real=0.02 secs] 
2016-09-15T12:14:07.584-0400: 64.985: [GC (GCLocker Initiated GC) [PSYoungGen: 173886K->55383K(175104K)] 506928K->485901K(699392K), 0.0268174 secs] [Times: user=0.31 sys=0.00, real=0.03 secs] 
2016-09-15T12:14:07.611-0400: 65.012: [Full GC (Ergonomics) [PSYoungGen: 55383K->0K(175104K)] [ParOldGen: 430518K->51809K(524288K)] 485901K->51809K(699392K), [Metaspace: 44278K->44278K(1087488K)], 0.0690067 secs] [Times: user=0.42 sys=0.02, real=0.07 secs] 
2016-09-15T12:14:07.805-0400: 65.205: [GC (GCLocker Initiated GC) [PSYoungGen: 88064K->86178K(175104K)] 140151K->162566K(699392K), 0.0138108 secs] [Times: user=0.16 sys=0.00, real=0.02 secs] 
2016-09-15T12:14:07.942-0400: 65.343: [GC (GCLocker Initiated GC) [PSYoungGen: 174242K->49635K(175104K)] 250744K->199633K(699392K), 0.0229508 secs] [Times: user=0.27 sys=0.00, real=0.02 secs] 
2016-09-15T12:14:08.073-0400: 65.473: [GC (GCLocker Initiated GC) [PSYoungGen: 137699K->85790K(175104K)] 288019K->297323K(699392K), 0.0123887 secs] [Times: user=0.16 sys=0.01, real=0.01 secs] 
2016-09-15T12:14:08.212-0400: 65.613: [GC (GCLocker Initiated GC) [PSYoungGen: 173854K->67957K(175104K)] 385574K->358819K(699392K), 0.0116057 secs] [Times: user=0.18 sys=0.00, real=0.01 secs] 
2016-09-15T12:14:08.334-0400: 65.734: [GC (GCLocker Initiated GC) [PSYoungGen: 156021K->73640K(175104K)] 453016K->425602K(699392K), 0.0103762 secs] [Times: user=0.12 sys=0.01, real=0.01 secs] 
2016-09-15T12:14:08.444-0400: 65.845: [GC (GCLocker Initiated GC) [PSYoungGen: 161704K->85822K(175104K)] 513905K->492849K(699392K), 0.0154214 secs] [Times: user=0.20 sys=0.00, real=0.02 secs] 
2016-09-15T12:14:08.585-0400: 65.985: [Full GC (Ergonomics) [PSYoungGen: 173886K->0K(175104K)] [ParOldGen: 419220K->51837K(524288K)] 593106K->51837K(699392K), [Metaspace: 44278K->44278K(1087488K)], 0.0532148 secs] [Times: user=0.44 sys=0.01, real=0.06 secs] 
2016-09-15T12:14:08.752-0400: 66.153: [GC (GCLocker Initiated GC) [PSYoungGen: 88064K->86078K(175104K)] 140028K->162342K(699392K), 0.0101352 secs] [Times: user=0.14 sys=0.00, real=0.01 secs] 
2016-09-15T12:14:08.884-0400: 66.284: [GC (GCLocker Initiated GC) [PSYoungGen: 174142K->85922K(175104K)] 256775K->235935K(699392K), 0.0156074 secs] [Times: user=0.16 sys=0.01, real=0.02 secs] 
2016-09-15T12:14:09.023-0400: 66.424: [GC (Allocation Failure) [PSYoungGen: 173986K->85822K(175104K)] 324237K->321595K(699392K), 0.0137646 secs] [Times: user=0.21 sys=0.00, real=0.02 secs] 
2016-09-15T12:14:09.158-0400: 66.559: [GC (GCLocker Initiated GC) [PSYoungGen: 170232K->61686K(175104K)] 412080K->376593K(699392K), 0.0091670 secs] [Times: user=0.14 sys=0.00, real=0.00 secs] 
2016-09-15T12:14:09.274-0400: 66.674: [GC (Allocation Failure) [PSYoungGen: 149750K->85986K(175104K)] 464687K->455906K(699392K), 0.0101415 secs] [Times: user=0.15 sys=0.00, real=0.01 secs] 
2016-09-15T12:14:09.382-0400: 66.782: [GC (GCLocker Initiated GC) [PSYoungGen: 174050K->85790K(175104K)] 543976K->553388K(699392K), 0.0151094 secs] [Times: user=0.22 sys=0.02, real=0.02 secs] 
2016-09-15T12:14:09.397-0400: 66.798: [Full GC (Ergonomics) [PSYoungGen: 85790K->0K(175104K)] [ParOldGen: 467597K->52255K(524288K)] 553388K->52255K(699392K), [Metaspace: 44300K->44300K(1087488K)], 0.0557426 secs] [Times: user=0.36 sys=0.02, real=0.05 secs] 
2016-09-15T12:14:09.563-0400: 66.964: [GC (GCLocker Initiated GC) [PSYoungGen: 88064K->86570K(175104K)] 140372K->169253K(699392K), 0.0105025 secs] [Times: user=0.12 sys=0.00, real=0.01 secs] 
2016-09-15T12:14:09.686-0400: 67.087: [GC (GCLocker Initiated GC) [PSYoungGen: 174634K->85986K(175104K)] 257365K->254527K(699392K), 0.0132280 secs] [Times: user=0.16 sys=0.01, real=0.02 secs] 
2016-09-15T12:14:09.819-0400: 67.220: [GC (GCLocker Initiated GC) [PSYoungGen: 174050K->73672K(175104K)] 342801K->346013K(699392K), 0.0135936 secs] [Times: user=0.20 sys=0.01, real=0.01 secs] 
2016-09-15T12:14:09.954-0400: 67.354: [GC (GCLocker Initiated GC) [PSYoungGen: 161736K->79811K(175104K)] 440407K->449939K(699392K), 0.0142008 secs] [Times: user=0.22 sys=0.00, real=0.02 secs] 
2016-09-15T12:14:10.093-0400: 67.494: [GC (Allocation Failure) [PSYoungGen: 167875K->85822K(175104K)] 538156K->535394K(699392K), 0.0127581 secs] [Times: user=0.20 sys=0.00, real=0.01 secs] 
2016-09-15T12:14:10.106-0400: 67.507: [Full GC (Ergonomics) [PSYoungGen: 85822K->0K(175104K)] [ParOldGen: 449571K->51852K(524288K)] 535394K->51852K(699392K), [Metaspace: 44300K->44300K(1087488K)], 0.0596223 secs] [Times: user=0.40 sys=0.00, real=0.06 secs] 
2016-09-15T12:14:10.293-0400: 67.694: [GC (GCLocker Initiated GC) [PSYoungGen: 86529K->86118K(175104K)] 144457K->150120K(699392K), 0.0093977 secs] [Times: user=0.11 sys=0.00, real=0.01 secs] 
2016-09-15T12:14:10.444-0400: 67.844: [GC (Allocation Failure) [PSYoungGen: 174182K->55447K(175104K)] 250588K->205577K(699392K), 0.0133072 secs] [Times: user=0.20 sys=0.00, real=0.02 secs] 
2016-09-15T12:14:10.575-0400: 67.976: [GC (GCLocker Initiated GC) [PSYoungGen: 139918K->67597K(175104K)] 296123K->260411K(699392K), 0.0097896 secs] [Times: user=0.13 sys=0.00, real=0.01 secs] 
2016-09-15T12:14:10.742-0400: 68.143: [GC (GCLocker Initiated GC) [PSYoungGen: 155661K->30859K(175104K)] 354581K->290788K(699392K), 0.0149673 secs] [Times: user=0.11 sys=0.01, real=0.02 secs] 
2016-09-15T12:14:10.859-0400: 68.260: [GC (GCLocker Initiated GC) [PSYoungGen: 118923K->85790K(175104K)] 384997K->412914K(699392K), 0.0114697 secs] [Times: user=0.17 sys=0.00, real=0.01 secs] 
2016-09-15T12:14:10.991-0400: 68.391: [GC (GCLocker Initiated GC) [PSYoungGen: 173854K->80075K(175104K)] 501167K->462566K(699392K), 0.0126078 secs] [Times: user=0.18 sys=0.01, real=0.01 secs] 
2016-09-15T12:14:11.128-0400: 68.528: [GC (GCLocker Initiated GC) [PSYoungGen: 168139K->55091K(175104K)] 556848K->480681K(699392K), 0.0147465 secs] [Times: user=0.17 sys=0.00, real=0.01 secs] 
2016-09-15T12:14:11.143-0400: 68.543: [Full GC (Ergonomics) [PSYoungGen: 55091K->0K(175104K)] [ParOldGen: 425590K->46024K(524288K)] 480681K->46024K(699392K), [Metaspace: 44309K->44309K(1087488K)], 0.0590217 secs] [Times: user=0.30 sys=0.02, real=0.06 secs] 
2016-09-15T12:14:11.313-0400: 68.714: [GC (Allocation Failure) [PSYoungGen: 88064K->86438K(175104K)] 140501K->144950K(699392K), 0.0100828 secs] [Times: user=0.11 sys=0.00, real=0.01 secs] 
2016-09-15T12:14:11.451-0400: 68.851: [GC (GCLocker Initiated GC) [PSYoungGen: 174502K->30955K(175104K)] 233015K->132852K(699392K), 0.0292140 secs] [Times: user=0.30 sys=0.00, real=0.03 secs] 
2016-09-15T12:14:11.577-0400: 68.978: [GC (GCLocker Initiated GC) [PSYoungGen: 119019K->73868K(175104K)] 227346K->182323K(699392K), 0.0086419 secs] [Times: user=0.11 sys=0.00, real=0.00 secs] 
2016-09-15T12:14:11.699-0400: 69.100: [GC (GCLocker Initiated GC) [PSYoungGen: 161932K->73804K(175104K)] 276604K->207360K(699392K), 0.0090333 secs] [Times: user=0.11 sys=0.00, real=0.01 secs] 
2016-09-15T12:14:11.835-0400: 69.235: [GC (GCLocker Initiated GC) [PSYoungGen: 161868K->73704K(175104K)] 307727K->238080K(699392K), 0.0106089 secs] [Times: user=0.14 sys=0.01, real=0.01 secs] 
2016-09-15T12:14:11.957-0400: 69.358: [GC (GCLocker Initiated GC) [PSYoungGen: 161768K->85986K(175104K)] 326275K->256712K(699392K), 0.0115010 secs] [Times: user=0.15 sys=0.01, real=0.01 secs] 
2016-09-15T12:14:12.100-0400: 69.500: [GC (GCLocker Initiated GC) [PSYoungGen: 174050K->43073K(175104K)] 344777K->262816K(699392K), 0.0153894 secs] [Times: user=0.18 sys=0.01, real=0.01 secs] 
2016-09-15T12:14:12.231-0400: 69.632: [GC (GCLocker Initiated GC) [PSYoungGen: 131137K->85758K(175104K)] 350995K->330052K(699392K), 0.0100825 secs] [Times: user=0.11 sys=0.00, real=0.01 secs] 
2016-09-15T12:14:12.352-0400: 69.753: [GC (GCLocker Initiated GC) [PSYoungGen: 173822K->61458K(175104K)] 424350K->360893K(699392K), 0.0106531 secs] [Times: user=0.13 sys=0.00, real=0.01 secs] 
2016-09-15T12:14:12.495-0400: 69.896: [GC (GCLocker Initiated GC) [PSYoungGen: 149522K->73804K(175104K)] 455349K->428531K(699392K), 0.0115033 secs] [Times: user=0.13 sys=0.00, real=0.01 secs] 
2016-09-15T12:14:12.663-0400: 70.064: [GC (GCLocker Initiated GC) [PSYoungGen: 161866K->55679K(175104K)] 522985K->435337K(699392K), 0.0092249 secs] [Times: user=0.09 sys=0.01, real=0.01 secs] 
2016-09-15T12:14:12.814-0400: 70.215: [GC (GCLocker Initiated GC) [PSYoungGen: 143743K->79747K(175104K)] 523432K->477772K(699392K), 0.0117002 secs] [Times: user=0.11 sys=0.01, real=0.01 secs] 
2016-09-15T12:14:12.936-0400: 70.337: [GC (Allocation Failure) [PSYoungGen: 167811K->73804K(175104K)] 566197K->533092K(699392K), 0.0174812 secs] [Times: user=0.23 sys=0.00, real=0.01 secs] 
2016-09-15T12:14:12.954-0400: 70.355: [Full GC (Ergonomics) [PSYoungGen: 73804K->0K(175104K)] [ParOldGen: 459288K->58633K(524288K)] 533092K->58633K(699392K), [Metaspace: 44309K->44309K(1087488K)], 0.0634896 secs] [Times: user=0.40 sys=0.01, real=0.07 secs] 
2016-09-15T12:14:13.137-0400: 70.538: [GC (GCLocker Initiated GC) [PSYoungGen: 82342K->56038K(175104K)] 147050K->120747K(699392K), 0.0072232 secs] [Times: user=0.08 sys=0.00, real=0.00 secs] 
2016-09-15T12:14:13.253-0400: 70.653: [GC (GCLocker Initiated GC) [PSYoungGen: 144102K->43037K(175104K)] 209172K->145348K(699392K), 0.0122777 secs] [Times: user=0.14 sys=0.00, real=0.01 secs] 
2016-09-15T12:14:13.405-0400: 70.806: [GC (GCLocker Initiated GC) [PSYoungGen: 131101K->55874K(175104K)] 245856K->170766K(699392K), 0.0083631 secs] [Times: user=0.10 sys=0.00, real=0.01 secs] 
2016-09-15T12:14:13.513-0400: 70.914: [GC (GCLocker Initiated GC) [PSYoungGen: 143938K->85790K(175104K)] 258843K->225653K(699392K), 0.0175728 secs] [Times: user=0.25 sys=0.00, real=0.02 secs] 
2016-09-15T12:14:13.654-0400: 71.054: [GC (Allocation Failure) [PSYoungGen: 173854K->67533K(175104K)] 313759K->262233K(699392K), 0.0107258 secs] [Times: user=0.14 sys=0.00, real=0.01 secs] 
2016-09-15T12:14:13.789-0400: 71.189: [GC (GCLocker Initiated GC) [PSYoungGen: 155597K->67433K(175104K)] 350303K->317293K(699392K), 0.0105484 secs] [Times: user=0.15 sys=0.00, real=0.01 secs] 
2016-09-15T12:14:13.914-0400: 71.315: [GC (Allocation Failure) [PSYoungGen: 155497K->73576K(175104K)] 411519K->347950K(699392K), 0.0146767 secs] [Times: user=0.20 sys=0.00, real=0.02 secs] 
2016-09-15T12:14:14.051-0400: 71.452: [GC (GCLocker Initiated GC) [PSYoungGen: 161640K->73608K(175104K)] 442089K->378641K(699392K), 0.0118629 secs] [Times: user=0.14 sys=0.00, real=0.01 secs] 
2016-09-15T12:14:14.206-0400: 71.607: [GC (GCLocker Initiated GC) [PSYoungGen: 161672K->49148K(175104K)] 472900K->378876K(699392K), 0.0120060 secs] [Times: user=0.11 sys=0.00, real=0.02 secs] 
2016-09-15T12:14:14.353-0400: 71.753: [GC (Allocation Failure) [PSYoungGen: 137212K->67241K(175104K)] 467049K->397369K(699392K), 0.0086181 secs] [Times: user=0.09 sys=0.00, real=0.01 secs] 
2016-09-15T12:14:14.487-0400: 71.888: [GC (GCLocker Initiated GC) [PSYoungGen: 155305K->61458K(175104K)] 485440K->409945K(699392K), 0.0137106 secs] [Times: user=0.17 sys=0.00, real=0.02 secs] 
2016-09-15T12:14:14.637-0400: 72.037: [GC (GCLocker Initiated GC) [PSYoungGen: 149522K->85822K(175104K)] 498235K->459283K(699392K), 0.0112459 secs] [Times: user=0.15 sys=0.00, real=0.01 secs] 
2016-09-15T12:14:14.752-0400: 72.153: [GC (GCLocker Initiated GC) [PSYoungGen: 173886K->85758K(175104K)] 553594K->495992K(699392K), 0.0188306 secs] [Times: user=0.25 sys=0.01, real=0.02 secs] 
2016-09-15T12:14:14.879-0400: 72.280: [GC (GCLocker Initiated GC) [PSYoungGen: 173822K->79747K(175104K)] 584166K->539015K(699392K), 0.0126479 secs] [Times: user=0.15 sys=0.01, real=0.01 secs] 
2016-09-15T12:14:14.892-0400: 72.292: [Full GC (Ergonomics) [PSYoungGen: 79747K->0K(175104K)] [ParOldGen: 459267K->58551K(524288K)] 539015K->58551K(699392K), [Metaspace: 44309K->44309K(1087488K)], 0.0669272 secs] [Times: user=0.46 sys=0.01, real=0.07 secs] 
2016-09-15T12:14:15.079-0400: 72.480: [GC (GCLocker Initiated GC) [PSYoungGen: 88064K->74747K(175104K)] 159043K->145727K(699392K), 0.0077333 secs] [Times: user=0.11 sys=0.00, real=0.00 secs] 
2016-09-15T12:14:15.206-0400: 72.607: [GC (GCLocker Initiated GC) [PSYoungGen: 162811K->85594K(175104K)] 233916K->200123K(699392K), 0.0112141 secs] [Times: user=0.17 sys=0.00, real=0.02 secs] 
2016-09-15T12:14:15.345-0400: 72.745: [GC (Allocation Failure) [PSYoungGen: 173656K->61558K(175104K)] 294604K->194767K(699392K), 0.0101827 secs] [Times: user=0.10 sys=0.00, real=0.01 secs] 
2016-09-15T12:14:15.469-0400: 72.870: [GC (GCLocker Initiated GC) [PSYoungGen: 149622K->61490K(175104K)] 282838K->231455K(699392K), 0.0093758 secs] [Times: user=0.12 sys=0.00, real=0.01 secs] 
2016-09-15T12:14:15.606-0400: 73.006: [GC (GCLocker Initiated GC) [PSYoungGen: 149554K->79783K(175104K)] 325899K->256412K(699392K), 0.0085527 secs] [Times: user=0.10 sys=0.00, real=0.01 secs] 
2016-09-15T12:14:15.760-0400: 73.161: [GC (Allocation Failure) [PSYoungGen: 167847K->43169K(175104K)] 350626K->268945K(699392K), 0.0103896 secs] [Times: user=0.10 sys=0.00, real=0.01 secs] 
2016-09-15T12:14:15.894-0400: 73.295: [GC (GCLocker Initiated GC) [PSYoungGen: 131233K->73608K(175104K)] 357016K->323991K(699392K), 0.0112594 secs] [Times: user=0.12 sys=0.00, real=0.01 secs] 
2016-09-15T12:14:16.017-0400: 73.418: [GC (GCLocker Initiated GC) [PSYoungGen: 161672K->79587K(175104K)] 412085K->336334K(699392K), 0.0305518 secs] [Times: user=0.34 sys=0.01, real=0.03 secs] 
2016-09-15T12:14:16.152-0400: 73.553: [GC (GCLocker Initiated GC) [PSYoungGen: 167651K->61394K(175104K)] 424491K->361019K(699392K), 0.0146154 secs] [Times: user=0.10 sys=0.00, real=0.01 secs] 
2016-09-15T12:14:16.291-0400: 73.692: [GC (GCLocker Initiated GC) [PSYoungGen: 149458K->73836K(175104K)] 455513K->428831K(699392K), 0.0181705 secs] [Times: user=0.23 sys=0.01, real=0.02 secs] 
2016-09-15T12:14:16.440-0400: 73.840: [GC (GCLocker Initiated GC) [PSYoungGen: 161900K->74000K(175104K)] 517256K->448208K(699392K), 0.0117987 secs] [Times: user=0.17 sys=0.00, real=0.01 secs] 
2016-09-15T12:14:16.594-0400: 73.995: [GC (Allocation Failure) [PSYoungGen: 162064K->55255K(175104K)] 542669K->454376K(699392K), 0.0116429 secs] [Times: user=0.14 sys=0.01, real=0.01 secs] 
2016-09-15T12:14:16.718-0400: 74.119: [GC (GCLocker Initiated GC) [PSYoungGen: 143319K->73968K(175104K)] 542448K->491449K(699392K), 0.0123059 secs] [Times: user=0.15 sys=0.00, real=0.01 secs] 
2016-09-15T12:14:16.863-0400: 74.264: [GC (GCLocker Initiated GC) [PSYoungGen: 162027K->67601K(175104K)] 585945K->509863K(699392K), 0.0208941 secs] [Times: user=0.24 sys=0.00, real=0.02 secs] 
2016-09-15T12:14:17.013-0400: 74.414: [GC (GCLocker Initiated GC) [PSYoungGen: 155665K->79715K(175104K)] 598171K->528596K(699392K), 0.0127308 secs] [Times: user=0.13 sys=0.00, real=0.01 secs] 
2016-09-15T12:14:17.140-0400: 74.541: [GC (GCLocker Initiated GC) [PSYoungGen: 167779K->73804K(175104K)] 622928K->559628K(699392K), 0.0138468 secs] [Times: user=0.17 sys=0.00, real=0.01 secs] 
2016-09-15T12:14:17.154-0400: 74.555: [Full GC (Ergonomics) [PSYoungGen: 73804K->0K(175104K)] [ParOldGen: 485824K->52886K(524288K)] 559628K->52886K(699392K), [Metaspace: 44311K->44311K(1087488K)], 0.0666864 secs] [Times: user=0.42 sys=0.01, real=0.07 secs] 
2016-09-15T12:14:17.339-0400: 74.739: [GC (GCLocker Initiated GC) [PSYoungGen: 88064K->74028K(175104K)] 147062K->133026K(699392K), 0.0148761 secs] [Times: user=0.16 sys=0.01, real=0.01 secs] 
2016-09-15T12:14:17.473-0400: 74.874: [GC (GCLocker Initiated GC) [PSYoungGen: 162092K->73672K(175104K)] 221211K->169788K(699392K), 0.0140974 secs] [Times: user=0.11 sys=0.00, real=0.01 secs] 
2016-09-15T12:14:17.618-0400: 75.019: [GC (GCLocker Initiated GC) [PSYoungGen: 161736K->85826K(175104K)] 257922K->200529K(699392K), 0.0134219 secs] [Times: user=0.13 sys=0.00, real=0.01 secs] 
2016-09-15T12:14:17.769-0400: 75.170: [GC (Allocation Failure) [PSYoungGen: 173890K->61358K(175104K)] 294883K->237325K(699392K), 0.0109412 secs] [Times: user=0.12 sys=0.00, real=0.01 secs] 
2016-09-15T12:14:17.899-0400: 75.300: [GC (GCLocker Initiated GC) [PSYoungGen: 146779K->73576K(175104K)] 328822K->255762K(699392K), 0.0261547 secs] [Times: user=0.32 sys=0.00, real=0.02 secs] 
2016-09-15T12:14:18.059-0400: 75.460: [GC (GCLocker Initiated GC) [PSYoungGen: 161640K->85822K(175104K)] 343867K->329099K(699392K), 0.0105493 secs] [Times: user=0.16 sys=0.01, real=0.01 secs] 
2016-09-15T12:14:18.174-0400: 75.574: [GC (GCLocker Initiated GC) [PSYoungGen: 173886K->73900K(175104K)] 417188K->359870K(699392K), 0.0137192 secs] [Times: user=0.19 sys=0.00, real=0.01 secs] 
2016-09-15T12:14:18.315-0400: 75.716: [GC (Allocation Failure) [PSYoungGen: 161964K->36866K(175104K)] 454168K->347726K(699392K), 0.0095226 secs] [Times: user=0.08 sys=0.00, real=0.01 secs] 
2016-09-15T12:14:18.452-0400: 75.853: [GC (GCLocker Initiated GC) [PSYoungGen: 124930K->73836K(175104K)] 435796K->403063K(699392K), 0.0087813 secs] [Times: user=0.13 sys=0.00, real=0.01 secs] 
2016-09-15T12:14:18.620-0400: 76.021: [GC (Allocation Failure) [PSYoungGen: 161900K->18641K(175104K)] 510145K->385394K(699392K), 0.0090774 secs] [Times: user=0.09 sys=0.00, real=0.01 secs] 
2016-09-15T12:14:18.762-0400: 76.163: [GC (GCLocker Initiated GC) [PSYoungGen: 106086K->73640K(175104K)] 478914K->446604K(699392K), 0.0079313 secs] [Times: user=0.11 sys=0.00, real=0.01 secs] 
2016-09-15T12:14:18.904-0400: 76.305: [GC (GCLocker Initiated GC) [PSYoungGen: 161704K->55351K(175104K)] 546867K->477247K(699392K), 0.0204606 secs] [Times: user=0.25 sys=0.00, real=0.02 secs] 
2016-09-15T12:14:19.058-0400: 76.458: [GC (Allocation Failure) [PSYoungGen: 143415K->79847K(175104K)] 571715K->508430K(699392K), 0.0194643 secs] [Times: user=0.20 sys=0.00, real=0.02 secs] 
2016-09-15T12:14:19.078-0400: 76.478: [GC (GCLocker Initiated GC) [PSYoungGen: 79857K->64K(175104K)] 508440K->507993K(699392K), 0.0116771 secs] [Times: user=0.11 sys=0.00, real=0.01 secs] 
2016-09-15T12:14:19.090-0400: 76.490: [Full GC (Ergonomics) [PSYoungGen: 64K->0K(175104K)] [ParOldGen: 507929K->52102K(524288K)] 507993K->52102K(699392K), [Metaspace: 44311K->44311K(1087488K)], 0.0622146 secs] [Times: user=0.33 sys=0.01, real=0.06 secs] 
2016-09-15T12:14:19.283-0400: 76.684: [GC (GCLocker Initiated GC) [PSYoungGen: 87989K->86270K(175104K)] 140255K->162836K(699392K), 0.0112685 secs] [Times: user=0.13 sys=0.00, real=0.01 secs] 
2016-09-15T12:14:19.411-0400: 76.812: [GC (GCLocker Initiated GC) [PSYoungGen: 174334K->73540K(175104K)] 257218K->193453K(699392K), 0.0092893 secs] [Times: user=0.12 sys=0.00, real=0.01 secs] 
2016-09-15T12:14:19.532-0400: 76.933: [GC (GCLocker Initiated GC) [PSYoungGen: 161604K->85790K(175104K)] 281666K->242438K(699392K), 0.0096520 secs] [Times: user=0.13 sys=0.01, real=0.01 secs] 
2016-09-15T12:14:19.668-0400: 77.068: [GC (GCLocker Initiated GC) [PSYoungGen: 173854K->85726K(175104K)] 330639K->291411K(699392K), 0.0154747 secs] [Times: user=0.16 sys=0.01, real=0.02 secs] 
2016-09-15T12:14:19.813-0400: 77.214: [GC (GCLocker Initiated GC) [PSYoungGen: 173790K->55415K(175104K)] 391785K->334459K(699392K), 0.0105101 secs] [Times: user=0.12 sys=0.00, real=0.01 secs] 
2016-09-15T12:14:19.951-0400: 77.351: [GC (GCLocker Initiated GC) [PSYoungGen: 143479K->73936K(175104K)] 428786K->359551K(699392K), 0.0123827 secs] [Times: user=0.13 sys=0.01, real=0.01 secs] 
2016-09-15T12:14:20.089-0400: 77.489: [GC (GCLocker Initiated GC) [PSYoungGen: 162000K->73576K(175104K)] 447657K->395966K(699392K), 0.0182598 secs] [Times: user=0.22 sys=0.01, real=0.01 secs] 
2016-09-15T12:14:20.254-0400: 77.654: [GC (GCLocker Initiated GC) [PSYoungGen: 161640K->25075K(175104K)] 502437K->396343K(699392K), 0.0174199 secs] [Times: user=0.16 sys=0.00, real=0.02 secs] 
2016-09-15T12:14:20.405-0400: 77.806: [GC (GCLocker Initiated GC) [PSYoungGen: 113139K->85630K(175104K)] 484668K->475666K(699392K), 0.0274199 secs] [Times: user=0.33 sys=0.00, real=0.03 secs] 
2016-09-15T12:14:20.596-0400: 77.996: [GC (Allocation Failure) [PSYoungGen: 173694K->19068K(175104K)] 576218K->439914K(699392K), 0.0095837 secs] [Times: user=0.10 sys=0.00, real=0.00 secs] 
2016-09-15T12:14:20.719-0400: 78.119: [GC (GCLocker Initiated GC) [PSYoungGen: 107132K->73640K(175104K)] 527984K->494791K(699392K), 0.0088371 secs] [Times: user=0.10 sys=0.00, real=0.01 secs] 
2016-09-15T12:14:20.862-0400: 78.262: [GC (Allocation Failure) [PSYoungGen: 161704K->55319K(175104K)] 589116K->501084K(699392K), 0.0083095 secs] [Times: user=0.10 sys=0.00, real=0.01 secs] 
2016-09-15T12:14:21.006-0400: 78.407: [GC (GCLocker Initiated GC) [PSYoungGen: 142720K->55319K(175104K)] 594560K->507442K(699392K), 0.0146348 secs] [Times: user=0.19 sys=0.01, real=0.02 secs] 
2016-09-15T12:14:21.122-0400: 78.523: [GC (GCLocker Initiated GC) [PSYoungGen: 143383K->86018K(175104K)] 595671K->562750K(699392K), 0.0086390 secs] [Times: user=0.13 sys=0.00, real=0.01 secs] 
2016-09-15T12:14:21.131-0400: 78.531: [Full GC (Ergonomics) [PSYoungGen: 86018K->0K(175104K)] [ParOldGen: 476732K->58446K(524288K)] 562750K->58446K(699392K), [Metaspace: 44312K->44312K(1087488K)], 0.0644313 secs] [Times: user=0.48 sys=0.01, real=0.06 secs] 
2016-09-15T12:14:21.308-0400: 78.709: [GC (GCLocker Initiated GC) [PSYoungGen: 88064K->86406K(175104K)] 146564K->181356K(699392K), 0.0118233 secs] [Times: user=0.20 sys=0.00, real=0.01 secs] 
2016-09-15T12:14:21.467-0400: 78.868: [GC (GCLocker Initiated GC) [PSYoungGen: 174470K->18741K(175104K)] 293896K->163294K(699392K), 0.0104125 secs] [Times: user=0.07 sys=0.00, real=0.02 secs] 
2016-09-15T12:14:21.639-0400: 79.040: [GC (GCLocker Initiated GC) [PSYoungGen: 106805K->55191K(175104K)] 257761K->206242K(699392K), 0.0180415 secs] [Times: user=0.17 sys=0.00, real=0.02 secs] 
2016-09-15T12:14:21.787-0400: 79.188: [GC (GCLocker Initiated GC) [PSYoungGen: 143255K->37421K(175104K)] 294373K->206893K(699392K), 0.0112091 secs] [Times: user=0.14 sys=0.00, real=0.02 secs] 
2016-09-15T12:14:21.911-0400: 79.312: [GC (GCLocker Initiated GC) [PSYoungGen: 125485K->73968K(175104K)] 301371K->250136K(699392K), 0.0152890 secs] [Times: user=0.24 sys=0.01, real=0.01 secs] 
2016-09-15T12:14:22.064-0400: 79.465: [GC (GCLocker Initiated GC) [PSYoungGen: 162032K->55515K(175104K)] 350548K->244111K(699392K), 0.0207342 secs] [Times: user=0.28 sys=0.01, real=0.02 secs] 
2016-09-15T12:14:22.198-0400: 79.599: [GC (GCLocker Initiated GC) [PSYoungGen: 143579K->55283K(175104K)] 332268K->280753K(699392K), 0.0094878 secs] [Times: user=0.15 sys=0.00, real=0.01 secs] 
2016-09-15T12:14:22.322-0400: 79.723: [GC (GCLocker Initiated GC) [PSYoungGen: 143347K->56070K(175104K)] 381222K->312322K(699392K), 0.0076160 secs] [Times: user=0.12 sys=0.00, real=0.01 secs] 
2016-09-15T12:14:22.477-0400: 79.877: [GC (GCLocker Initiated GC) [PSYoungGen: 144134K->37517K(175104K)] 412773K->325157K(699392K), 0.0080533 secs] [Times: user=0.10 sys=0.01, real=0.00 secs] 
2016-09-15T12:14:22.625-0400: 80.026: [GC (Allocation Failure) [PSYoungGen: 125581K->85694K(175104K)] 419349K->385671K(699392K), 0.0167187 secs] [Times: user=0.20 sys=0.01, real=0.02 secs] 
2016-09-15T12:14:22.734-0400: 80.134: [GC (GCLocker Initiated GC) [PSYoungGen: 173758K->85694K(175104K)] 473736K->434408K(699392K), 0.0108524 secs] [Times: user=0.14 sys=0.00, real=0.01 secs] 
2016-09-15T12:14:22.873-0400: 80.273: [GC (GCLocker Initiated GC) [PSYoungGen: 173758K->73804K(175104K)] 522833K->459660K(699392K), 0.0089245 secs] [Times: user=0.13 sys=0.00, real=0.01 secs] 
2016-09-15T12:14:23.006-0400: 80.407: [GC (GCLocker Initiated GC) [PSYoungGen: 161868K->73576K(175104K)] 554093K->484318K(699392K), 0.0101037 secs] [Times: user=0.11 sys=0.00, real=0.02 secs] 
2016-09-15T12:14:23.125-0400: 80.526: [GC (GCLocker Initiated GC) [PSYoungGen: 161640K->86086K(175104K)] 572598K->539737K(699392K), 0.0103168 secs] [Times: user=0.15 sys=0.00, real=0.01 secs] 
2016-09-15T12:14:23.257-0400: 80.658: [GC (Allocation Failure) [PSYoungGen: 174150K->79715K(175104K)] 628016K->570338K(699392K), 0.0092344 secs] [Times: user=0.15 sys=0.00, real=0.00 secs] 
2016-09-15T12:14:23.266-0400: 80.667: [Full GC (Ergonomics) [PSYoungGen: 79715K->0K(175104K)] [ParOldGen: 490623K->46097K(524288K)] 570338K->46097K(699392K), [Metaspace: 44316K->44316K(1087488K)], 0.0602100 secs] [Times: user=0.39 sys=0.00, real=0.06 secs] 
2016-09-15T12:14:23.443-0400: 80.844: [GC (GCLocker Initiated GC) [PSYoungGen: 88064K->86406K(175104K)] 134162K->162880K(699392K), 0.0106283 secs] [Times: user=0.12 sys=0.02, real=0.01 secs] 
2016-09-15T12:14:23.595-0400: 80.995: [GC (GCLocker Initiated GC) [PSYoungGen: 174470K->30923K(175104K)] 257185K->156858K(699392K), 0.0118455 secs] [Times: user=0.11 sys=0.00, real=0.01 secs] 
2016-09-15T12:14:23.712-0400: 81.113: [GC (GCLocker Initiated GC) [PSYoungGen: 118987K->61234K(175104K)] 251033K->193376K(699392K), 0.0168725 secs] [Times: user=0.15 sys=0.00, real=0.02 secs] 
2016-09-15T12:14:23.860-0400: 81.261: [GC (GCLocker Initiated GC) [PSYoungGen: 149298K->61458K(175104K)] 281649K->236610K(699392K), 0.0118297 secs] [Times: user=0.13 sys=0.00, real=0.01 secs] 
2016-09-15T12:14:24.026-0400: 81.427: [GC (GCLocker Initiated GC) [PSYoungGen: 149522K->67273K(175104K)] 330847K->248881K(699392K), 0.0127213 secs] [Times: user=0.14 sys=0.00, real=0.02 secs] 
2016-09-15T12:14:24.147-0400: 81.547: [GC (GCLocker Initiated GC) [PSYoungGen: 155337K->73476K(175104K)] 337048K->297864K(699392K), 0.0116267 secs] [Times: user=0.13 sys=0.01, real=0.02 secs] 
2016-09-15T12:14:24.277-0400: 81.677: [GC (GCLocker Initiated GC) [PSYoungGen: 161540K->55547K(175104K)] 386205K->335014K(699392K), 0.0131227 secs] [Times: user=0.11 sys=0.00, real=0.01 secs] 
2016-09-15T12:14:24.410-0400: 81.811: [GC (GCLocker Initiated GC) [PSYoungGen: 143611K->80011K(175104K)] 423439K->390686K(699392K), 0.0102331 secs] [Times: user=0.10 sys=0.00, real=0.01 secs] 
2016-09-15T12:14:24.519-0400: 81.920: [GC (GCLocker Initiated GC) [PSYoungGen: 168075K->85822K(175104K)] 478999K->439587K(699392K), 0.0135601 secs] [Times: user=0.15 sys=0.00, real=0.01 secs] 
2016-09-15T12:14:24.664-0400: 82.064: [GC (GCLocker Initiated GC) [PSYoungGen: 173886K->61850K(175104K)] 533901K->458451K(699392K), 0.0172613 secs] [Times: user=0.24 sys=0.01, real=0.02 secs] 
2016-09-15T12:14:24.778-0400: 82.179: [GC (Allocation Failure) [PSYoungGen: 149914K->49212K(175104K)] 546770K->494943K(699392K), 0.0150555 secs] [Times: user=0.15 sys=0.01, real=0.01 secs] 
2016-09-15T12:14:24.899-0400: 82.300: [Full GC (Ergonomics) [PSYoungGen: 131811K->0K(175104K)] [ParOldGen: 451806K->52425K(524288K)] 583618K->52425K(699392K), [Metaspace: 44317K->44317K(1087488K)], 0.0815153 secs] [Times: user=0.54 sys=0.01, real=0.08 secs] 
2016-09-15T12:14:25.118-0400: 82.519: [GC (GCLocker Initiated GC) [PSYoungGen: 88064K->85758K(175104K)] 140682K->144451K(699392K), 0.0255645 secs] [Times: user=0.30 sys=0.00, real=0.02 secs] 
2016-09-15T12:14:25.249-0400: 82.649: [GC (GCLocker Initiated GC) [PSYoungGen: 173822K->61522K(175104K)] 232596K->205826K(699392K), 0.0167546 secs] [Times: user=0.20 sys=0.00, real=0.01 secs] 
2016-09-15T12:14:25.382-0400: 82.783: [GC (GCLocker Initiated GC) [PSYoungGen: 149586K->86118K(175104K)] 293965K->249061K(699392K), 0.0102690 secs] [Times: user=0.13 sys=0.01, real=0.01 secs] 
2016-09-15T12:14:25.537-0400: 82.938: [GC (Allocation Failure) [PSYoungGen: 174182K->43037K(175104K)] 343364K->273433K(699392K), 0.0159311 secs] [Times: user=0.15 sys=0.01, real=0.01 secs] 
2016-09-15T12:14:25.672-0400: 83.072: [GC (GCLocker Initiated GC) [PSYoungGen: 126351K->73640K(175104K)] 362822K->310239K(699392K), 0.0117441 secs] [Times: user=0.12 sys=0.00, real=0.01 secs] 
2016-09-15T12:14:25.832-0400: 83.233: [GC (Allocation Failure) [PSYoungGen: 161704K->43265K(175104K)] 410741K->310810K(699392K), 0.0116016 secs] [Times: user=0.12 sys=0.00, real=0.01 secs] 
2016-09-15T12:14:25.960-0400: 83.361: [GC (GCLocker Initiated GC) [PSYoungGen: 131329K->67633K(175104K)] 398876K->353548K(699392K), 0.0126247 secs] [Times: user=0.10 sys=0.00, real=0.01 secs] 
2016-09-15T12:14:26.072-0400: 83.473: [GC (GCLocker Initiated GC) [PSYoungGen: 155697K->85630K(175104K)] 441694K->408508K(699392K), 0.0167404 secs] [Times: user=0.18 sys=0.00, real=0.02 secs] 
2016-09-15T12:14:26.222-0400: 83.623: [GC (GCLocker Initiated GC) [PSYoungGen: 173694K->43105K(175104K)] 496608K->427045K(699392K), 0.0308944 secs] [Times: user=0.35 sys=0.00, real=0.03 secs] 
2016-09-15T12:14:26.363-0400: 83.764: [GC (GCLocker Initiated GC) [PSYoungGen: 131169K->73804K(175104K)] 521350K->482534K(699392K), 0.0098905 secs] [Times: user=0.12 sys=0.02, real=0.01 secs] 
2016-09-15T12:14:26.491-0400: 83.892: [GC (GCLocker Initiated GC) [PSYoungGen: 161868K->61394K(175104K)] 570650K->519264K(699392K), 0.0146334 secs] [Times: user=0.14 sys=0.00, real=0.01 secs] 
2016-09-15T12:14:26.506-0400: 83.907: [Full GC (Ergonomics) [PSYoungGen: 61394K->0K(175104K)] [ParOldGen: 457870K->52674K(524288K)] 519264K->52674K(699392K), [Metaspace: 44320K->44320K(1087488K)], 0.0591164 secs] [Times: user=0.35 sys=0.02, real=0.06 secs] 
2016-09-15T12:14:26.679-0400: 84.080: [GC (GCLocker Initiated GC) [PSYoungGen: 88064K->86374K(175104K)] 146917K->169527K(699392K), 0.0098354 secs] [Times: user=0.13 sys=0.01, real=0.01 secs] 
2016-09-15T12:14:26.820-0400: 84.221: [GC (GCLocker Initiated GC) [PSYoungGen: 174438K->61326K(175104K)] 257818K->224409K(699392K), 0.0158201 secs] [Times: user=0.19 sys=0.00, real=0.02 secs] 
2016-09-15T12:14:26.942-0400: 84.343: [GC (GCLocker Initiated GC) [PSYoungGen: 149390K->86050K(175104K)] 312565K->285827K(699392K), 0.0250090 secs] [Times: user=0.32 sys=0.02, real=0.02 secs] 
2016-09-15T12:14:27.102-0400: 84.503: [GC (GCLocker Initiated GC) [PSYoungGen: 174114K->67629K(175104K)] 374050K->322727K(699392K), 0.0094399 secs] [Times: user=0.12 sys=0.01, real=0.01 secs] 
2016-09-15T12:14:27.245-0400: 84.645: [GC (GCLocker Initiated GC) [PSYoungGen: 155693K->73676K(175104K)] 411164K->359813K(699392K), 0.0110719 secs] [Times: user=0.11 sys=0.00, real=0.02 secs] 
2016-09-15T12:14:27.370-0400: 84.771: [GC (GCLocker Initiated GC) [PSYoungGen: 161740K->42877K(175104K)] 448579K->348200K(699392K), 0.0266669 secs] [Times: user=0.30 sys=0.01, real=0.03 secs] 
2016-09-15T12:14:27.520-0400: 84.921: [GC (GCLocker Initiated GC) [PSYoungGen: 130941K->37190K(175104K)] 442533K->367150K(699392K), 0.0092677 secs] [Times: user=0.12 sys=0.00, real=0.01 secs] 
2016-09-15T12:14:27.659-0400: 85.060: [GC (GCLocker Initiated GC) [PSYoungGen: 125254K->85758K(175104K)] 455250K->428212K(699392K), 0.0106048 secs] [Times: user=0.13 sys=0.00, real=0.01 secs] 
2016-09-15T12:14:27.809-0400: 85.210: [GC (GCLocker Initiated GC) [PSYoungGen: 173822K->85854K(175104K)] 522393K->459049K(699392K), 0.0084224 secs] [Times: user=0.11 sys=0.00, real=0.01 secs] 
2016-09-15T12:14:27.930-0400: 85.331: [GC (Allocation Failure) [PSYoungGen: 173918K->61294K(175104K)] 547160K->489534K(699392K), 0.0213898 secs] [Times: user=0.27 sys=0.00, real=0.02 secs] 
2016-09-15T12:14:28.058-0400: 85.459: [GC (GCLocker Initiated GC) [PSYoungGen: 148472K->73740K(175104K)] 582788K->538550K(699392K), 0.0260574 secs] [Times: user=0.31 sys=0.00, real=0.02 secs] 
2016-09-15T12:14:28.085-0400: 85.485: [Full GC (Ergonomics) [PSYoungGen: 73740K->0K(175104K)] [ParOldGen: 464810K->59134K(524288K)] 538550K->59134K(699392K), [Metaspace: 44327K->44327K(1087488K)], 0.0695507 secs] [Times: user=0.50 sys=0.03, real=0.07 secs] 
2016-09-15T12:14:28.277-0400: 85.678: [GC (GCLocker Initiated GC) [PSYoungGen: 88064K->86406K(175104K)] 153561K->157979K(699392K), 0.0098176 secs] [Times: user=0.14 sys=0.00, real=0.00 secs] 
2016-09-15T12:14:28.410-0400: 85.810: [GC (GCLocker Initiated GC) [PSYoungGen: 174470K->67533K(175104K)] 246112K->176353K(699392K), 0.0155107 secs] [Times: user=0.17 sys=0.00, real=0.01 secs] 
2016-09-15T12:14:28.531-0400: 85.932: [GC (GCLocker Initiated GC) [PSYoungGen: 155597K->79747K(175104K)] 270758K->225435K(699392K), 0.0201838 secs] [Times: user=0.22 sys=0.00, real=0.02 secs] 
2016-09-15T12:14:28.690-0400: 86.090: [GC (Allocation Failure) [PSYoungGen: 167811K->49180K(175104K)] 313776K->237938K(699392K), 0.0169927 secs] [Times: user=0.16 sys=0.00, real=0.01 secs] 
2016-09-15T12:14:28.707-0400: 86.108: [GC (GCLocker Initiated GC) [PSYoungGen: 49539K->64K(175104K)] 238297K->262058K(699392K), 0.0140416 secs] [Times: user=0.10 sys=0.01, real=0.02 secs] 
2016-09-15T12:14:28.824-0400: 86.225: [GC (GCLocker Initiated GC) [PSYoungGen: 88128K->79975K(175104K)] 350128K->341975K(699392K), 0.0358580 secs] [Times: user=0.34 sys=0.00, real=0.04 secs] 
2016-09-15T12:14:28.993-0400: 86.393: [GC (GCLocker Initiated GC) [PSYoungGen: 168039K->61462K(175104K)] 430092K->372639K(699392K), 0.0275316 secs] [Times: user=0.25 sys=0.01, real=0.03 secs] 
2016-09-15T12:14:29.124-0400: 86.525: [GC (GCLocker Initiated GC) [PSYoungGen: 149526K->49244K(175104K)] 460828K->433738K(699392K), 0.0130378 secs] [Times: user=0.14 sys=0.00, real=0.02 secs] 
2016-09-15T12:14:29.237-0400: 86.638: [GC (GCLocker Initiated GC) [PSYoungGen: 137308K->79523K(175104K)] 521905K->470290K(699392K), 0.0176379 secs] [Times: user=0.17 sys=0.00, real=0.01 secs] 
2016-09-15T12:14:29.377-0400: 86.777: [GC (Allocation Failure) [PSYoungGen: 167587K->49340K(175104K)] 564605K->483256K(699392K), 0.0227656 secs] [Times: user=0.27 sys=0.00, real=0.02 secs] 
2016-09-15T12:14:29.508-0400: 86.909: [Full GC (Ergonomics) [PSYoungGen: 135693K->0K(175104K)] [ParOldGen: 439991K->52663K(524288K)] 575685K->52663K(699392K), [Metaspace: 44332K->44332K(1087488K)], 0.0605389 secs] [Times: user=0.29 sys=0.00, real=0.06 secs] 
2016-09-15T12:14:29.705-0400: 87.106: [GC (GCLocker Initiated GC) [PSYoungGen: 88064K->73544K(175104K)] 147158K->132638K(699392K), 0.0181259 secs] [Times: user=0.16 sys=0.01, real=0.02 secs] 
2016-09-15T12:14:29.855-0400: 87.256: [GC (GCLocker Initiated GC) [PSYoungGen: 161608K->37489K(175104K)] 233128K->127479K(699392K), 0.0500961 secs] [Times: user=0.50 sys=0.01, real=0.05 secs] 
2016-09-15T12:14:30.032-0400: 87.433: [GC (GCLocker Initiated GC) [PSYoungGen: 125553K->42909K(175104K)] 221749K->181889K(699392K), 0.0168878 secs] [Times: user=0.16 sys=0.01, real=0.02 secs] 
2016-09-15T12:14:30.144-0400: 87.544: [GC (GCLocker Initiated GC) [PSYoungGen: 130973K->86118K(175104K)] 270197K->231569K(699392K), 0.0108871 secs] [Times: user=0.10 sys=0.00, real=0.01 secs] 
2016-09-15T12:14:30.261-0400: 87.662: [GC (GCLocker Initiated GC) [PSYoungGen: 174182K->85822K(175104K)] 319703K->280578K(699392K), 0.0135667 secs] [Times: user=0.18 sys=0.00, real=0.01 secs] 
2016-09-15T12:14:30.423-0400: 87.824: [GC (GCLocker Initiated GC) [PSYoungGen: 173886K->85694K(175104K)] 368673K->353501K(699392K), 0.0137038 secs] [Times: user=0.15 sys=0.00, real=0.02 secs] 
2016-09-15T12:14:30.550-0400: 87.951: [GC (GCLocker Initiated GC) [PSYoungGen: 173758K->85594K(175104K)] 441719K->414620K(699392K), 0.0149711 secs] [Times: user=0.18 sys=0.00, real=0.01 secs] 
2016-09-15T12:14:30.683-0400: 88.084: [GC (GCLocker Initiated GC) [PSYoungGen: 173658K->61690K(175104K)] 502754K->445573K(699392K), 0.0219809 secs] [Times: user=0.27 sys=0.00, real=0.02 secs] 
2016-09-15T12:14:30.816-0400: 88.216: [GC (GCLocker Initiated GC) [PSYoungGen: 149754K->49472K(175104K)] 546120K->494738K(699392K), 0.0088633 secs] [Times: user=0.11 sys=0.00, real=0.00 secs] 
2016-09-15T12:14:30.825-0400: 88.225: [Full GC (Ergonomics) [PSYoungGen: 49472K->0K(175104K)] [ParOldGen: 445265K->52812K(524288K)] 494738K->52812K(699392K), [Metaspace: 44332K->44332K(1087488K)], 0.0634028 secs] [Times: user=0.52 sys=0.00, real=0.07 secs] 
2016-09-15T12:14:31.003-0400: 88.404: [GC (GCLocker Initiated GC) [PSYoungGen: 88064K->86242K(175104K)] 140913K->175541K(699392K), 0.0137410 secs] [Times: user=0.20 sys=0.00, real=0.02 secs] 
2016-09-15T12:14:31.132-0400: 88.533: [GC (GCLocker Initiated GC) [PSYoungGen: 174306K->73608K(175104K)] 263653K->224253K(699392K), 0.0112820 secs] [Times: user=0.14 sys=0.00, real=0.01 secs] 
2016-09-15T12:14:31.257-0400: 88.658: [GC (GCLocker Initiated GC) [PSYoungGen: 161672K->80043K(175104K)] 312509K->261571K(699392K), 0.0102332 secs] [Times: user=0.11 sys=0.00, real=0.01 secs] 
2016-09-15T12:14:31.410-0400: 88.810: [GC (GCLocker Initiated GC) [PSYoungGen: 168107K->37386K(175104K)] 362002K->286568K(699392K), 0.0113045 secs] [Times: user=0.14 sys=0.00, real=0.01 secs] 
2016-09-15T12:14:31.558-0400: 88.958: [GC (Allocation Failure) [PSYoungGen: 125450K->73544K(175104K)] 374892K->323277K(699392K), 0.0096497 secs] [Times: user=0.12 sys=0.00, real=0.00 secs] 
2016-09-15T12:14:31.719-0400: 89.120: [GC (GCLocker Initiated GC) [PSYoungGen: 161608K->73544K(175104K)] 411347K->353753K(699392K), 0.0179781 secs] [Times: user=0.14 sys=0.01, real=0.02 secs] 
2016-09-15T12:14:31.878-0400: 89.278: [GC (GCLocker Initiated GC) [PSYoungGen: 161608K->85594K(175104K)] 441949K->390362K(699392K), 0.0187747 secs] [Times: user=0.26 sys=0.01, real=0.02 secs] 
2016-09-15T12:14:32.025-0400: 89.426: [GC (GCLocker Initiated GC) [PSYoungGen: 173658K->67209K(175104K)] 478474K->396428K(699392K), 0.0141394 secs] [Times: user=0.12 sys=0.00, real=0.02 secs] 
2016-09-15T12:14:32.154-0400: 89.555: [GC (GCLocker Initiated GC) [PSYoungGen: 155273K->79879K(175104K)] 490671K->470088K(699392K), 0.0162976 secs] [Times: user=0.16 sys=0.00, real=0.02 secs] 
2016-09-15T12:14:32.300-0400: 89.701: [GC (GCLocker Initiated GC) [PSYoungGen: 167943K->55743K(175104K)] 564454K->513311K(699392K), 0.0189006 secs] [Times: user=0.20 sys=0.00, real=0.02 secs] 
2016-09-15T12:14:32.319-0400: 89.720: [Full GC (Ergonomics) [PSYoungGen: 55743K->0K(175104K)] [ParOldGen: 457568K->53190K(524288K)] 513311K->53190K(699392K), [Metaspace: 44344K->44344K(1087488K)], 0.0672659 secs] [Times: user=0.37 sys=0.02, real=0.06 secs] 
2016-09-15T12:14:32.495-0400: 89.896: [GC (GCLocker Initiated GC) [PSYoungGen: 88064K->85854K(175104K)] 159610K->163476K(699392K), 0.0209444 secs] [Times: user=0.27 sys=0.00, real=0.03 secs] 
2016-09-15T12:14:32.642-0400: 90.043: [GC (GCLocker Initiated GC) [PSYoungGen: 173918K->55743K(175104K)] 257814K->194637K(699392K), 0.0136531 secs] [Times: user=0.17 sys=0.00, real=0.02 secs] 
2016-09-15T12:14:32.774-0400: 90.174: [GC (Allocation Failure) [PSYoungGen: 143807K->67497K(175104K)] 282939K->256193K(699392K), 0.0106218 secs] [Times: user=0.15 sys=0.00, real=0.01 secs] 
2016-09-15T12:14:32.886-0400: 90.286: [GC (GCLocker Initiated GC) [PSYoungGen: 155561K->61786K(175104K)] 344257K->305285K(699392K), 0.0114060 secs] [Times: user=0.14 sys=0.00, real=0.02 secs] 
2016-09-15T12:14:33.004-0400: 90.405: [GC (GCLocker Initiated GC) [PSYoungGen: 149850K->85822K(175104K)] 393447K->378498K(699392K), 0.0110187 secs] [Times: user=0.13 sys=0.00, real=0.01 secs] 
2016-09-15T12:14:33.127-0400: 90.528: [GC (GCLocker Initiated GC) [PSYoungGen: 173885K->49536K(175104K)] 466911K->403432K(699392K), 0.0231578 secs] [Times: user=0.25 sys=0.00, real=0.03 secs] 
2016-09-15T12:14:33.266-0400: 90.667: [GC (GCLocker Initiated GC) [PSYoungGen: 137600K->73708K(175104K)] 497881K->452490K(699392K), 0.0170470 secs] [Times: user=0.20 sys=0.00, real=0.02 secs] 
2016-09-15T12:14:33.418-0400: 90.818: [GC (GCLocker Initiated GC) [PSYoungGen: 161772K->85790K(175104K)] 540596K->489213K(699392K), 0.0177104 secs] [Times: user=0.21 sys=0.02, real=0.02 secs] 
2016-09-15T12:14:33.557-0400: 90.958: [GC (GCLocker Initiated GC) [PSYoungGen: 173854K->43101K(175104K)] 577303K->501353K(699392K), 0.0130682 secs] [Times: user=0.15 sys=0.00, real=0.01 secs] 
2016-09-15T12:14:33.570-0400: 90.971: [Full GC (Ergonomics) [PSYoungGen: 43101K->0K(175104K)] [ParOldGen: 458252K->57802K(524288K)] 501353K->57802K(699392K), [Metaspace: 44347K->44347K(1087488K)], 0.1874860 secs] [Times: user=2.56 sys=0.01, real=0.19 secs] 
2016-09-15T12:14:33.869-0400: 91.270: [GC (GCLocker Initiated GC) [PSYoungGen: 88064K->81107K(175104K)] 152218K->145261K(699392K), 0.0090364 secs] [Times: user=0.13 sys=0.00, real=0.01 secs] 
2016-09-15T12:14:34.000-0400: 91.401: [GC (GCLocker Initiated GC) [PSYoungGen: 169171K->73476K(175104K)] 233336K->157433K(699392K), 0.0083128 secs] [Times: user=0.11 sys=0.01, real=0.01 secs] 
2016-09-15T12:14:34.119-0400: 91.519: [GC (GCLocker Initiated GC) [PSYoungGen: 161540K->86118K(175104K)] 245707K->212937K(699392K), 0.0133999 secs] [Times: user=0.17 sys=0.00, real=0.01 secs] 
2016-09-15T12:14:34.241-0400: 91.642: [GC (GCLocker Initiated GC) [PSYoungGen: 174182K->85854K(175104K)] 301362K->286282K(699392K), 0.0113730 secs] [Times: user=0.16 sys=0.01, real=0.01 secs] 
2016-09-15T12:14:34.375-0400: 91.775: [GC (GCLocker Initiated GC) [PSYoungGen: 173918K->61490K(175104K)] 374471K->323077K(699392K), 0.0188797 secs] [Times: user=0.23 sys=0.01, real=0.02 secs] 
2016-09-15T12:14:34.501-0400: 91.902: [GC (GCLocker Initiated GC) [PSYoungGen: 149554K->79779K(175104K)] 411503K->360065K(699392K), 0.0096465 secs] [Times: user=0.10 sys=0.00, real=0.01 secs] 
2016-09-15T12:14:34.627-0400: 92.028: [GC (GCLocker Initiated GC) [PSYoungGen: 167843K->55319K(175104K)] 454509K->378742K(699392K), 0.0099250 secs] [Times: user=0.13 sys=0.00, real=0.02 secs] 
2016-09-15T12:14:34.754-0400: 92.155: [GC (GCLocker Initiated GC) [PSYoungGen: 143383K->85758K(175104K)] 466915K->458042K(699392K), 0.0190708 secs] [Times: user=0.26 sys=0.00, real=0.02 secs] 
2016-09-15T12:14:34.915-0400: 92.316: [GC (GCLocker Initiated GC) [PSYoungGen: 173822K->43233K(175104K)] 558398K->513191K(699392K), 0.0111933 secs] [Times: user=0.15 sys=0.00, real=0.01 secs] 
2016-09-15T12:14:34.926-0400: 92.327: [Full GC (Ergonomics) [PSYoungGen: 43233K->0K(175104K)] [ParOldGen: 469957K->51897K(524288K)] 513191K->51897K(699392K), [Metaspace: 44347K->44347K(1087488K)], 0.0695387 secs] [Times: user=0.46 sys=0.01, real=0.08 secs] 
2016-09-15T12:14:35.138-0400: 92.538: [GC (GCLocker Initiated GC) [PSYoungGen: 88064K->56066K(175104K)] 158368K->126371K(699392K), 0.0093746 secs] [Times: user=0.09 sys=0.00, real=0.00 secs] 
2016-09-15T12:14:35.289-0400: 92.690: [GC (GCLocker Initiated GC) [PSYoungGen: 144130K->55547K(175104K)] 214543K->144888K(699392K), 0.0086201 secs] [Times: user=0.09 sys=0.01, real=0.01 secs] 
2016-09-15T12:14:35.418-0400: 92.819: [GC (GCLocker Initiated GC) [PSYoungGen: 143611K->73640K(175104K)] 232993K->181343K(699392K), 0.0129796 secs] [Times: user=0.13 sys=0.00, real=0.01 secs] 
2016-09-15T12:14:35.582-0400: 92.983: [GC (GCLocker Initiated GC) [PSYoungGen: 161704K->55643K(175104K)] 275709K->230573K(699392K), 0.0128265 secs] [Times: user=0.17 sys=0.00, real=0.01 secs] 
2016-09-15T12:14:35.710-0400: 93.111: [GC (GCLocker Initiated GC) [PSYoungGen: 143707K->85986K(175104K)] 318964K->285867K(699392K), 0.0092358 secs] [Times: user=0.12 sys=0.01, real=0.01 secs] 
2016-09-15T12:14:35.852-0400: 93.252: [GC (GCLocker Initiated GC) [PSYoungGen: 174050K->79715K(175104K)] 380126K->316286K(699392K), 0.0154286 secs] [Times: user=0.15 sys=0.00, real=0.01 secs] 
2016-09-15T12:14:35.998-0400: 93.398: [GC (GCLocker Initiated GC) [PSYoungGen: 167779K->49507K(175104K)] 404594K->328967K(699392K), 0.0251784 secs] [Times: user=0.28 sys=0.01, real=0.02 secs] 
2016-09-15T12:14:36.136-0400: 93.537: [GC (GCLocker Initiated GC) [PSYoungGen: 137571K->43073K(175104K)] 429346K->359407K(699392K), 0.0210924 secs] [Times: user=0.20 sys=0.00, real=0.02 secs] 
2016-09-15T12:14:36.256-0400: 93.657: [GC (GCLocker Initiated GC) [PSYoungGen: 131137K->85762K(175104K)] 453655K->414459K(699392K), 0.0199725 secs] [Times: user=0.19 sys=0.00, real=0.02 secs] 
2016-09-15T12:14:36.397-0400: 93.797: [GC (Allocation Failure) [PSYoungGen: 173826K->61622K(175104K)] 502530K->439398K(699392K), 0.0205187 secs] [Times: user=0.22 sys=0.01, real=0.02 secs] 
2016-09-15T12:14:36.521-0400: 93.922: [GC (GCLocker Initiated GC) [PSYoungGen: 146423K->55255K(175104K)] 530274K->494057K(699392K), 0.0196947 secs] [Times: user=0.19 sys=0.00, real=0.02 secs] 
2016-09-15T12:14:36.541-0400: 93.942: [Full GC (Ergonomics) [PSYoungGen: 55255K->0K(175104K)] [ParOldGen: 438801K->58011K(524288K)] 494057K->58011K(699392K), [Metaspace: 44347K->44347K(1087488K)], 0.0637162 secs] [Times: user=0.37 sys=0.01, real=0.06 secs] 
2016-09-15T12:14:36.722-0400: 94.123: [GC (GCLocker Initiated GC) [PSYoungGen: 88064K->74551K(175104K)] 158227K->144715K(699392K), 0.0103062 secs] [Times: user=0.14 sys=0.00, real=0.01 secs] 
2016-09-15T12:14:36.857-0400: 94.257: [GC (GCLocker Initiated GC) [PSYoungGen: 162615K->49080K(175104K)] 232899K->156681K(699392K), 0.0096874 secs] [Times: user=0.11 sys=0.00, real=0.00 secs] 
2016-09-15T12:14:36.977-0400: 94.378: [GC (GCLocker Initiated GC) [PSYoungGen: 137144K->55319K(175104K)] 245380K->194050K(699392K), 0.0169515 secs] [Times: user=0.18 sys=0.01, real=0.01 secs] 
2016-09-15T12:14:37.110-0400: 94.511: [GC (GCLocker Initiated GC) [PSYoungGen: 143383K->85790K(175104K)] 282441K->261442K(699392K), 0.0125657 secs] [Times: user=0.16 sys=0.00, real=0.01 secs] 
2016-09-15T12:14:37.304-0400: 94.704: [GC (GCLocker Initiated GC) [PSYoungGen: 173854K->55123K(175104K)] 361732K->261501K(699392K), 0.0180013 secs] [Times: user=0.17 sys=0.00, real=0.02 secs] 
2016-09-15T12:14:37.444-0400: 94.845: [GC (GCLocker Initiated GC) [PSYoungGen: 143187K->73572K(175104K)] 349864K->316835K(699392K), 0.0177031 secs] [Times: user=0.22 sys=0.00, real=0.02 secs] 
2016-09-15T12:14:37.569-0400: 94.970: [GC (GCLocker Initiated GC) [PSYoungGen: 161636K->43201K(175104K)] 411134K->329276K(699392K), 0.0167089 secs] [Times: user=0.15 sys=0.00, real=0.01 secs] 
2016-09-15T12:14:37.701-0400: 95.102: [GC (Allocation Failure) [PSYoungGen: 131265K->85922K(175104K)] 423485K->390583K(699392K), 0.0122336 secs] [Times: user=0.13 sys=0.01, real=0.01 secs] 
2016-09-15T12:14:37.852-0400: 95.252: [GC (GCLocker Initiated GC) [PSYoungGen: 171499K->49208K(175104K)] 482236K->421002K(699392K), 0.0141831 secs] [Times: user=0.14 sys=0.00, real=0.01 secs] 
2016-09-15T12:14:37.990-0400: 95.391: [GC (Allocation Failure) [PSYoungGen: 137272K->79719K(175104K)] 509309K->451884K(699392K), 0.0105155 secs] [Times: user=0.12 sys=0.00, real=0.01 secs] 
2016-09-15T12:14:38.122-0400: 95.523: [GC (GCLocker Initiated GC) [PSYoungGen: 165052K->55283K(175104K)] 543292K->476379K(699392K), 0.0209929 secs] [Times: user=0.21 sys=0.02, real=0.02 secs] 
2016-09-15T12:14:38.259-0400: 95.659: [GC (GCLocker Initiated GC) [PSYoungGen: 143347K->79687K(175104K)] 570701K->507120K(699392K), 0.0206864 secs] [Times: user=0.21 sys=0.03, real=0.02 secs] 
2016-09-15T12:14:38.419-0400: 95.819: [GC (GCLocker Initiated GC) [PSYoungGen: 167751K->55187K(175104K)] 601413K->549899K(699392K), 0.0113353 secs] [Times: user=0.14 sys=0.02, real=0.01 secs] 
2016-09-15T12:14:38.430-0400: 95.831: [Full GC (Ergonomics) [PSYoungGen: 55187K->0K(175104K)] [ParOldGen: 494712K->46097K(524288K)] 549899K->46097K(699392K), [Metaspace: 44349K->44349K(1087488K)], 0.0626386 secs] [Times: user=0.43 sys=0.00, real=0.06 secs] 
2016-09-15T12:14:38.603-0400: 96.004: [GC (GCLocker Initiated GC) [PSYoungGen: 88064K->86306K(175104K)] 134297K->168990K(699392K), 0.0128484 secs] [Times: user=0.18 sys=0.00, real=0.02 secs] 
2016-09-15T12:14:38.755-0400: 96.156: [GC (GCLocker Initiated GC) [PSYoungGen: 174370K->43073K(175104K)] 263216K->193340K(699392K), 0.0204255 secs] [Times: user=0.17 sys=0.01, real=0.02 secs] 
2016-09-15T12:14:38.876-0400: 96.277: [GC (GCLocker Initiated GC) [PSYoungGen: 131137K->67501K(175104K)] 281561K->266645K(699392K), 0.0171780 secs] [Times: user=0.17 sys=0.00, real=0.01 secs] 
2016-09-15T12:14:39.021-0400: 96.422: [GC (GCLocker Initiated GC) [PSYoungGen: 155565K->85630K(175104K)] 354819K->303376K(699392K), 0.0125518 secs] [Times: user=0.12 sys=0.00, real=0.01 secs] 
2016-09-15T12:14:39.141-0400: 96.541: [GC (GCLocker Initiated GC) [PSYoungGen: 173688K->73672K(175104K)] 391795K->346770K(699392K), 0.0164036 secs] [Times: user=0.21 sys=0.01, real=0.02 secs] 
2016-09-15T12:14:39.295-0400: 96.696: [GC (GCLocker Initiated GC) [PSYoungGen: 161736K->43493K(175104K)] 441096K->377703K(699392K), 0.0117113 secs] [Times: user=0.13 sys=0.00, real=0.01 secs] 
2016-09-15T12:14:39.413-0400: 96.813: [GC (Allocation Failure) [PSYoungGen: 131557K->85854K(175104K)] 465971K->426635K(699392K), 0.0127993 secs] [Times: user=0.16 sys=0.01, real=0.01 secs] 
2016-09-15T12:14:39.539-0400: 96.939: [GC (GCLocker Initiated GC) [PSYoungGen: 170893K->73836K(175104K)] 517749K->439060K(699392K), 0.0174300 secs] [Times: user=0.21 sys=0.01, real=0.02 secs] 
2016-09-15T12:14:39.693-0400: 97.094: [GC (GCLocker Initiated GC) [PSYoungGen: 161900K->79555K(175104K)] 527295K->475592K(699392K), 0.0148335 secs] [Times: user=0.15 sys=0.00, real=0.02 secs] 
2016-09-15T12:14:39.828-0400: 97.228: [GC (GCLocker Initiated GC) [PSYoungGen: 167619K->61262K(175104K)] 563783K->512392K(699392K), 0.0219692 secs] [Times: user=0.25 sys=0.00, real=0.02 secs] 
2016-09-15T12:14:39.850-0400: 97.251: [Full GC (Ergonomics) [PSYoungGen: 61262K->0K(175104K)] [ParOldGen: 451130K->52187K(524288K)] 512392K->52187K(699392K), [Metaspace: 44350K->44350K(1087488K)], 0.0610444 secs] [Times: user=0.31 sys=0.01, real=0.06 secs] 
2016-09-15T12:14:40.020-0400: 97.420: [GC (GCLocker Initiated GC) [PSYoungGen: 88064K->86466K(175104K)] 140438K->169215K(699392K), 0.0199614 secs] [Times: user=0.19 sys=0.02, real=0.02 secs] 
2016-09-15T12:14:40.192-0400: 97.593: [GC (GCLocker Initiated GC) [PSYoungGen: 174530K->19000K(175104K)] 269536K->188186K(699392K), 0.0146764 secs] [Times: user=0.14 sys=0.01, real=0.01 secs] 
2016-09-15T12:14:40.324-0400: 97.725: [GC (GCLocker Initiated GC) [PSYoungGen: 107064K->85726K(175104K)] 276331K->255112K(699392K), 0.0124882 secs] [Times: user=0.11 sys=0.00, real=0.02 secs] 
2016-09-15T12:14:40.458-0400: 97.859: [GC (Allocation Failure) [PSYoungGen: 173790K->85890K(175104K)] 343217K->298182K(699392K), 0.0117717 secs] [Times: user=0.15 sys=0.00, real=0.01 secs] 
2016-09-15T12:14:40.588-0400: 97.988: [GC (GCLocker Initiated GC) [PSYoungGen: 173954K->49208K(175104K)] 386251K->322711K(699392K), 0.0115078 secs] [Times: user=0.16 sys=0.00, real=0.01 secs] 
2016-09-15T12:14:40.703-0400: 98.104: [GC (GCLocker Initiated GC) [PSYoungGen: 137272K->74164K(175104K)] 417206K->372459K(699392K), 0.0105002 secs] [Times: user=0.14 sys=0.00, real=0.01 secs] 
2016-09-15T12:14:40.846-0400: 98.247: [GC (GCLocker Initiated GC) [PSYoungGen: 162228K->61462K(175104K)] 466640K->384367K(699392K), 0.0099402 secs] [Times: user=0.09 sys=0.00, real=0.02 secs] 
2016-09-15T12:14:40.961-0400: 98.362: [GC (GCLocker Initiated GC) [PSYoungGen: 149526K->73640K(175104K)] 478670K->439394K(699392K), 0.0142572 secs] [Times: user=0.16 sys=0.00, real=0.01 secs] 
2016-09-15T12:14:41.105-0400: 98.506: [GC (Allocation Failure) [PSYoungGen: 161704K->61462K(175104K)] 533737K->452004K(699392K), 0.0102148 secs] [Times: user=0.09 sys=0.00, real=0.01 secs] 
2016-09-15T12:14:41.251-0400: 98.652: [GC (GCLocker Initiated GC) [PSYoungGen: 146144K->73576K(175104K)] 542762K->507246K(699392K), 0.0149525 secs] [Times: user=0.15 sys=0.00, real=0.01 secs] 
2016-09-15T12:14:41.415-0400: 98.816: [Full GC (Ergonomics) [PSYoungGen: 161640K->0K(175104K)] [ParOldGen: 446114K->52548K(524288K)] 607754K->52548K(699392K), [Metaspace: 44350K->44350K(1087488K)], 0.0760642 secs] [Times: user=0.50 sys=0.02, real=0.08 secs] 
2016-09-15T12:14:41.600-0400: 99.000: [GC (GCLocker Initiated GC) [PSYoungGen: 88064K->86274K(175104K)] 146736K->157097K(699392K), 0.0230480 secs] [Times: user=0.24 sys=0.01, real=0.02 secs] 
2016-09-15T12:14:41.750-0400: 99.150: [GC (GCLocker Initiated GC) [PSYoungGen: 174338K->79783K(175104K)] 245426K->212152K(699392K), 0.0204745 secs] [Times: user=0.18 sys=0.01, real=0.02 secs] 
2016-09-15T12:14:41.890-0400: 99.291: [GC (GCLocker Initiated GC) [PSYoungGen: 167847K->43169K(175104K)] 306557K->224664K(699392K), 0.0185956 secs] [Times: user=0.20 sys=0.00, real=0.02 secs] 
2016-09-15T12:14:42.018-0400: 99.418: [GC (GCLocker Initiated GC) [PSYoungGen: 131233K->73708K(175104K)] 313095K->273898K(699392K), 0.0220228 secs] [Times: user=0.25 sys=0.00, real=0.02 secs] 
2016-09-15T12:14:42.178-0400: 99.579: [GC (Allocation Failure) [PSYoungGen: 161772K->36966K(175104K)] 362318K->274409K(699392K), 0.0152784 secs] [Times: user=0.14 sys=0.00, real=0.01 secs] 
2016-09-15T12:14:42.309-0400: 99.710: [GC (GCLocker Initiated GC) [PSYoungGen: 125030K->55419K(175104K)] 368548K->317250K(699392K), 0.0114162 secs] [Times: user=0.10 sys=0.01, real=0.01 secs] 
2016-09-15T12:14:42.451-0400: 99.852: [GC (Allocation Failure) [PSYoungGen: 143483K->49084K(175104K)] 411683K->335761K(699392K), 0.0171202 secs] [Times: user=0.14 sys=0.00, real=0.02 secs] 
2016-09-15T12:14:42.587-0400: 99.988: [GC (GCLocker Initiated GC) [PSYoungGen: 132354K->37130K(175104K)] 425106K->348202K(699392K), 0.0081951 secs] [Times: user=0.06 sys=0.00, real=0.01 secs] 
2016-09-15T12:14:42.704-0400: 100.104: [GC (GCLocker Initiated GC) [PSYoungGen: 125194K->43137K(175104K)] 448525K->384969K(699392K), 0.0098021 secs] [Times: user=0.10 sys=0.00, real=0.01 secs] 
2016-09-15T12:14:42.852-0400: 100.253: [GC (GCLocker Initiated GC) [PSYoungGen: 131201K->73740K(175104K)] 473237K->458576K(699392K), 0.0115786 secs] [Times: user=0.11 sys=0.00, real=0.01 secs] 
2016-09-15T12:14:42.986-0400: 100.387: [GC (GCLocker Initiated GC) [PSYoungGen: 161804K->55611K(175104K)] 546743K->477299K(699392K), 0.0136421 secs] [Times: user=0.17 sys=0.00, real=0.02 secs] 
2016-09-15T12:14:43.110-0400: 100.510: [GC (Allocation Failure) [PSYoungGen: 143675K->55447K(175104K)] 571783K->501899K(699392K), 0.0077915 secs] [Times: user=0.12 sys=0.00, real=0.01 secs] 
2016-09-15T12:14:43.252-0400: 100.653: [GC (Allocation Failure) [PSYoungGen: 140774K->49280K(175104K)] 587226K->495999K(699392K), 0.0115770 secs] [Times: user=0.10 sys=0.00, real=0.01 secs] 
2016-09-15T12:14:43.375-0400: 100.776: [GC (GCLocker Initiated GC) [PSYoungGen: 137344K->61102K(175104K)] 584065K->508083K(699392K), 0.0081372 secs] [Times: user=0.06 sys=0.00, real=0.01 secs] 
2016-09-15T12:14:43.502-0400: 100.903: [GC (GCLocker Initiated GC) [PSYoungGen: 149166K->73640K(175104K)] 602264K->545106K(699392K), 0.0103211 secs] [Times: user=0.11 sys=0.00, real=0.01 secs] 
2016-09-15T12:14:43.513-0400: 100.913: [Full GC (Ergonomics) [PSYoungGen: 73640K->0K(175104K)] [ParOldGen: 471466K->52426K(524288K)] 545106K->52426K(699392K), [Metaspace: 44352K->44352K(1087488K)], 0.0631645 secs] [Times: user=0.38 sys=0.01, real=0.07 secs] 
2016-09-15T12:14:43.689-0400: 101.090: [GC (GCLocker Initiated GC) [PSYoungGen: 88064K->86146K(175104K)] 140678K->144835K(699392K), 0.0117357 secs] [Times: user=0.11 sys=0.01, real=0.01 secs] 
2016-09-15T12:14:43.824-0400: 101.224: [GC (GCLocker Initiated GC) [PSYoungGen: 174210K->49408K(175104K)] 239110K->169499K(699392K), 0.0308684 secs] [Times: user=0.42 sys=0.00, real=0.03 secs] 
2016-09-15T12:14:43.972-0400: 101.373: [GC (Allocation Failure) [PSYoungGen: 137472K->85986K(175104K)] 257666K->224720K(699392K), 0.0107566 secs] [Times: user=0.14 sys=0.01, real=0.01 secs] 
2016-09-15T12:14:44.092-0400: 101.493: [GC (GCLocker Initiated GC) [PSYoungGen: 174050K->73704K(175104K)] 312790K->273354K(699392K), 0.0128739 secs] [Times: user=0.19 sys=0.00, real=0.01 secs] 
2016-09-15T12:14:44.237-0400: 101.637: [GC (GCLocker Initiated GC) [PSYoungGen: 161768K->55611K(175104K)] 367502K->279893K(699392K), 0.0150371 secs] [Times: user=0.17 sys=0.00, real=0.01 secs] 
2016-09-15T12:14:44.368-0400: 101.768: [GC (GCLocker Initiated GC) [PSYoungGen: 143675K->55351K(175104K)] 368032K->299209K(699392K), 0.0077427 secs] [Times: user=0.07 sys=0.00, real=0.01 secs] 
2016-09-15T12:14:44.493-0400: 101.893: [GC (GCLocker Initiated GC) [PSYoungGen: 143415K->80143K(175104K)] 387482K->342555K(699392K), 0.0367412 secs] [Times: user=0.33 sys=0.00, real=0.04 secs] 
2016-09-15T12:14:44.658-0400: 102.059: [GC (GCLocker Initiated GC) [PSYoungGen: 168207K->73704K(175104K)] 442995K->367189K(699392K), 0.0118786 secs] [Times: user=0.17 sys=0.01, real=0.01 secs] 
2016-09-15T12:14:44.818-0400: 102.218: [GC (GCLocker Initiated GC) [PSYoungGen: 161768K->73804K(175104K)] 467439K->416233K(699392K), 0.0196558 secs] [Times: user=0.30 sys=0.00, real=0.02 secs] 
2016-09-15T12:14:44.984-0400: 102.385: [GC (GCLocker Initiated GC) [PSYoungGen: 161868K->37162K(175104K)] 516723K->410486K(699392K), 0.0137229 secs] [Times: user=0.12 sys=0.00, real=0.02 secs] 
2016-09-15T12:14:45.117-0400: 102.517: [GC (GCLocker Initiated GC) [PSYoungGen: 125226K->61330K(175104K)] 504907K->459504K(699392K), 0.0166163 secs] [Times: user=0.15 sys=0.01, real=0.01 secs] 
2016-09-15T12:14:45.275-0400: 102.676: [GC (GCLocker Initiated GC) [PSYoungGen: 149394K->55483K(175104K)] 553998K->478439K(699392K), 0.0098359 secs] [Times: user=0.09 sys=0.00, real=0.01 secs] 
2016-09-15T12:14:45.407-0400: 102.807: [GC (GCLocker Initiated GC) [PSYoungGen: 143547K->49312K(175104K)] 578751K->484760K(699392K), 0.0191641 secs] [Times: user=0.19 sys=0.00, real=0.02 secs] 
2016-09-15T12:14:45.550-0400: 102.951: [GC (GCLocker Initiated GC) [PSYoungGen: 137376K->67401K(175104K)] 579533K->546159K(699392K), 0.0137503 secs] [Times: user=0.17 sys=0.00, real=0.01 secs] 
2016-09-15T12:14:45.564-0400: 102.965: [Full GC (Ergonomics) [PSYoungGen: 67401K->0K(175104K)] [ParOldGen: 478758K->52841K(524288K)] 546159K->52841K(699392K), [Metaspace: 44358K->44358K(1087488K)], 0.0616222 secs] [Times: user=0.31 sys=0.02, real=0.06 secs] 
2016-09-15T12:14:45.734-0400: 103.135: [GC (GCLocker Initiated GC) [PSYoungGen: 88064K->74156K(175104K)] 147129K->133221K(699392K), 0.0103385 secs] [Times: user=0.14 sys=0.00, real=0.01 secs] 
2016-09-15T12:14:45.859-0400: 103.260: [GC (Allocation Failure) [PSYoungGen: 162220K->86150K(175104K)] 221557K->164463K(699392K), 0.0115192 secs] [Times: user=0.16 sys=0.01, real=0.01 secs] 
2016-09-15T12:14:46.002-0400: 103.403: [GC (GCLocker Initiated GC) [PSYoungGen: 172301K->55447K(175104K)] 256690K->188907K(699392K), 0.0111148 secs] [Times: user=0.15 sys=0.00, real=0.01 secs] 
2016-09-15T12:14:46.140-0400: 103.541: [GC (Allocation Failure) [PSYoungGen: 143511K->73836K(175104K)] 277079K->225921K(699392K), 0.0104069 secs] [Times: user=0.14 sys=0.00, real=0.01 secs] 
2016-09-15T12:14:46.280-0400: 103.680: [GC (Allocation Failure) [PSYoungGen: 161899K->85758K(175104K)] 313984K->280683K(699392K), 0.0155234 secs] [Times: user=0.17 sys=0.00, real=0.01 secs] 
2016-09-15T12:14:46.425-0400: 103.826: [GC (GCLocker Initiated GC) [PSYoungGen: 173822K->61622K(175104K)] 368753K->274882K(699392K), 0.0174889 secs] [Times: user=0.21 sys=0.00, real=0.02 secs] 
2016-09-15T12:14:46.562-0400: 103.963: [GC (Allocation Failure) [PSYoungGen: 149686K->61458K(175104K)] 369163K->299492K(699392K), 0.0077180 secs] [Times: user=0.10 sys=0.00, real=0.01 secs] 
2016-09-15T12:14:46.696-0400: 104.096: [GC (GCLocker Initiated GC) [PSYoungGen: 149395K->55383K(175104K)] 387593K->336429K(699392K), 0.0180754 secs] [Times: user=0.21 sys=0.00, real=0.01 secs] 
2016-09-15T12:14:46.858-0400: 104.259: [GC (GCLocker Initiated GC) [PSYoungGen: 143447K->55255K(175104K)] 430840K->361140K(699392K), 0.0077090 secs] [Times: user=0.10 sys=0.00, real=0.00 secs] 
2016-09-15T12:14:47.000-0400: 104.400: [GC (GCLocker Initiated GC) [PSYoungGen: 143319K->43041K(175104K)] 449301K->367336K(699392K), 0.0200710 secs] [Times: user=0.24 sys=0.00, real=0.02 secs] 
2016-09-15T12:14:47.139-0400: 104.540: [GC (GCLocker Initiated GC) [PSYoungGen: 131105K->55547K(175104K)] 467665K->410459K(699392K), 0.0223187 secs] [Times: user=0.27 sys=0.01, real=0.02 secs] 
2016-09-15T12:14:47.284-0400: 104.685: [GC (Allocation Failure) [PSYoungGen: 143611K->67469K(175104K)] 498581K->465280K(699392K), 0.0097776 secs] [Times: user=0.12 sys=0.00, real=0.01 secs] 
2016-09-15T12:14:47.404-0400: 104.804: [GC (GCLocker Initiated GC) [PSYoungGen: 154391K->61230K(175104K)] 558277K->489840K(699392K), 0.0136584 secs] [Times: user=0.08 sys=0.00, real=0.02 secs] 
2016-09-15T12:14:47.543-0400: 104.944: [GC (GCLocker Initiated GC) [PSYoungGen: 149294K->85890K(175104K)] 577963K->539002K(699392K), 0.0272133 secs] [Times: user=0.31 sys=0.01, real=0.03 secs] 
2016-09-15T12:14:47.678-0400: 105.079: [GC (GCLocker Initiated GC) [PSYoungGen: 173954K->49212K(175104K)] 627125K->569475K(699392K), 0.0229049 secs] [Times: user=0.21 sys=0.00, real=0.02 secs] 
2016-09-15T12:14:47.702-0400: 105.102: [Full GC (Ergonomics) [PSYoungGen: 49212K->0K(175104K)] [ParOldGen: 520263K->52894K(524288K)] 569475K->52894K(699392K), [Metaspace: 44361K->44361K(1087488K)], 0.0640251 secs] [Times: user=0.40 sys=0.01, real=0.06 secs] 
2016-09-15T12:14:47.884-0400: 105.285: [GC (GCLocker Initiated GC) [PSYoungGen: 88064K->86406K(175104K)] 141331K->182198K(699392K), 0.0123266 secs] [Times: user=0.16 sys=0.01, real=0.02 secs] 
2016-09-15T12:14:48.003-0400: 105.404: [GC (GCLocker Initiated GC) [PSYoungGen: 174470K->79783K(175104K)] 270438K->206829K(699392K), 0.0123210 secs] [Times: user=0.11 sys=0.01, real=0.02 secs] 
2016-09-15T12:14:48.132-0400: 105.533: [GC (GCLocker Initiated GC) [PSYoungGen: 167847K->43105K(175104K)] 295138K->219567K(699392K), 0.0106011 secs] [Times: user=0.11 sys=0.01, real=0.01 secs] 
2016-09-15T12:14:48.253-0400: 105.654: [GC (GCLocker Initiated GC) [PSYoungGen: 131169K->85662K(175104K)] 307938K->280751K(699392K), 0.0186080 secs] [Times: user=0.18 sys=0.01, real=0.02 secs] 
2016-09-15T12:14:48.419-0400: 105.820: [GC (GCLocker Initiated GC) [PSYoungGen: 173726K->67337K(175104K)] 368941K->281052K(699392K), 0.0105223 secs] [Times: user=0.09 sys=0.01, real=0.01 secs] 
2016-09-15T12:14:48.525-0400: 105.925: [GC (GCLocker Initiated GC) [PSYoungGen: 155401K->85854K(175104K)] 369471K->336518K(699392K), 0.0160289 secs] [Times: user=0.21 sys=0.00, real=0.02 secs] 
2016-09-15T12:14:48.673-0400: 106.074: [GC (Allocation Failure) [PSYoungGen: 173918K->55679K(175104K)] 430928K->355333K(699392K), 0.0102412 secs] [Times: user=0.09 sys=0.00, real=0.01 secs] 
2016-09-15T12:14:48.788-0400: 106.189: [GC (GCLocker Initiated GC) [PSYoungGen: 138644K->55415K(175104K)] 444374K->379981K(699392K), 0.0085499 secs] [Times: user=0.09 sys=0.00, real=0.01 secs] 
2016-09-15T12:14:48.912-0400: 106.312: [GC (GCLocker Initiated GC) [PSYoungGen: 143479K->73804K(175104K)] 474172K->441091K(699392K), 0.0102524 secs] [Times: user=0.13 sys=0.00, real=0.01 secs] 
2016-09-15T12:14:49.046-0400: 106.447: [GC (GCLocker Initiated GC) [PSYoungGen: 161868K->85822K(175104K)] 529353K->478071K(699392K), 0.0099736 secs] [Times: user=0.12 sys=0.00, real=0.02 secs] 
2016-09-15T12:14:49.192-0400: 106.593: [GC (GCLocker Initiated GC) [PSYoungGen: 173886K->55383K(175104K)] 566254K->484337K(699392K), 0.0175983 secs] [Times: user=0.18 sys=0.00, real=0.02 secs] 
2016-09-15T12:14:49.313-0400: 106.713: [GC (Allocation Failure) [PSYoungGen: 143447K->49216K(175104K)] 572599K->496869K(699392K), 0.0209653 secs] [Times: user=0.24 sys=0.00, real=0.02 secs] 
2016-09-15T12:14:49.474-0400: 106.874: [GC (GCLocker Initiated GC) [PSYoungGen: 137280K->61298K(175104K)] 584933K->527763K(699392K), 0.0111681 secs] [Times: user=0.08 sys=0.00, real=0.01 secs] 
2016-09-15T12:14:49.485-0400: 106.886: [Full GC (Ergonomics) [PSYoungGen: 61298K->0K(175104K)] [ParOldGen: 466465K->52917K(524288K)] 527763K->52917K(699392K), [Metaspace: 44361K->44361K(1087488K)], 0.0602771 secs] [Times: user=0.37 sys=0.01, real=0.06 secs] 
2016-09-15T12:14:49.699-0400: 107.100: [GC (GCLocker Initiated GC) [PSYoungGen: 88064K->85854K(175104K)] 147277K->151142K(699392K), 0.0084725 secs] [Times: user=0.09 sys=0.01, real=0.00 secs] 
2016-09-15T12:14:49.857-0400: 107.257: [GC (GCLocker Initiated GC) [PSYoungGen: 173918K->55091K(175104K)] 245535K->163605K(699392K), 0.0170291 secs] [Times: user=0.20 sys=0.01, real=0.01 secs] 
2016-09-15T12:14:49.970-0400: 107.371: [GC (GCLocker Initiated GC) [PSYoungGen: 143155K->49080K(175104K)] 251841K->176087K(699392K), 0.0106038 secs] [Times: user=0.05 sys=0.01, real=0.01 secs] 
2016-09-15T12:14:50.098-0400: 107.498: [GC (GCLocker Initiated GC) [PSYoungGen: 137144K->86314K(175104K)] 264339K->256209K(699392K), 0.0120289 secs] [Times: user=0.16 sys=0.02, real=0.01 secs] 
2016-09-15T12:14:50.243-0400: 107.643: [GC (GCLocker Initiated GC) [PSYoungGen: 174378K->61494K(175104K)] 350485K->274647K(699392K), 0.0275568 secs] [Times: user=0.32 sys=0.00, real=0.03 secs] 
2016-09-15T12:14:50.371-0400: 107.771: [GC (GCLocker Initiated GC) [PSYoungGen: 149558K->85790K(175104K)] 362892K->360354K(699392K), 0.0149774 secs] [Times: user=0.17 sys=0.00, real=0.01 secs] 
2016-09-15T12:14:50.499-0400: 107.900: [GC (GCLocker Initiated GC) [PSYoungGen: 173854K->85986K(175104K)] 448700K->421906K(699392K), 0.0137489 secs] [Times: user=0.20 sys=0.00, real=0.01 secs] 
2016-09-15T12:14:50.621-0400: 108.022: [GC (Allocation Failure) [PSYoungGen: 174050K->67433K(175104K)] 510152K->440440K(699392K), 0.0100668 secs] [Times: user=0.13 sys=0.00, real=0.01 secs] 
2016-09-15T12:14:50.722-0400: 108.123: [GC (Allocation Failure) [PSYoungGen: 154945K->86018K(175104K)] 527953K->495627K(699392K), 0.0110355 secs] [Times: user=0.13 sys=0.00, real=0.01 secs] 
2016-09-15T12:14:50.859-0400: 108.259: [GC (GCLocker Initiated GC) [PSYoungGen: 173985K->67437K(175104K)] 589669K->501965K(699392K), 0.0109387 secs] [Times: user=0.09 sys=0.01, real=0.01 secs] 
2016-09-15T12:14:51.020-0400: 108.421: [GC (GCLocker Initiated GC) [PSYoungGen: 155501K->49084K(175104K)] 590256K->514449K(699392K), 0.0098278 secs] [Times: user=0.07 sys=0.00, real=0.01 secs] 
2016-09-15T12:14:51.030-0400: 108.431: [Full GC (Ergonomics) [PSYoungGen: 49084K->0K(175104K)] [ParOldGen: 465365K->53355K(524288K)] 514449K->53355K(699392K), [Metaspace: 44361K->44361K(1087488K)], 0.0622454 secs] [Times: user=0.35 sys=0.02, real=0.06 secs] 
2016-09-15T12:14:51.244-0400: 108.645: [GC (GCLocker Initiated GC) [PSYoungGen: 88064K->85758K(175104K)] 141584K->163578K(699392K), 0.0110823 secs] [Times: user=0.13 sys=0.00, real=0.01 secs] 
2016-09-15T12:14:51.362-0400: 108.762: [GC (GCLocker Initiated GC) [PSYoungGen: 173822K->85822K(175104K)] 251751K->212855K(699392K), 0.0137558 secs] [Times: user=0.16 sys=0.00, real=0.01 secs] 
2016-09-15T12:14:51.489-0400: 108.890: [GC (GCLocker Initiated GC) [PSYoungGen: 173886K->67793K(175104K)] 301235K->298585K(699392K), 0.0123441 secs] [Times: user=0.19 sys=0.00, real=0.01 secs] 
2016-09-15T12:14:51.646-0400: 109.047: [GC (GCLocker Initiated GC) [PSYoungGen: 155857K->67697K(175104K)] 386965K->341645K(699392K), 0.0104606 secs] [Times: user=0.12 sys=0.00, real=0.02 secs] 
2016-09-15T12:14:51.755-0400: 109.156: [GC (GCLocker Initiated GC) [PSYoungGen: 155761K->85690K(175104K)] 429757K->420932K(699392K), 0.0115520 secs] [Times: user=0.19 sys=0.00, real=0.01 secs] 
2016-09-15T12:14:51.902-0400: 109.303: [GC (GCLocker Initiated GC) [PSYoungGen: 173754K->49667K(175104K)] 515186K->470226K(699392K), 0.0128039 secs] [Times: user=0.13 sys=0.01, real=0.01 secs] 
2016-09-15T12:14:52.022-0400: 109.423: [GC (GCLocker Initiated GC) [PSYoungGen: 137731K->73316K(175104K)] 558410K->512815K(699392K), 0.0178055 secs] [Times: user=0.21 sys=0.00, real=0.02 secs] 
2016-09-15T12:14:52.040-0400: 109.441: [Full GC (Ergonomics) [PSYoungGen: 73316K->0K(175104K)] [ParOldGen: 439499K->47128K(524288K)] 512815K->47128K(699392K), [Metaspace: 44374K->44374K(1087488K)], 0.0537495 secs] [Times: user=0.31 sys=0.01, real=0.05 secs] 
2016-09-15T12:14:52.175-0400: 109.576: [GC (GCLocker Initiated GC) [PSYoungGen: 88064K->86726K(175104K)] 135235K->170348K(699392K), 0.0106213 secs] [Times: user=0.15 sys=0.00, real=0.01 secs] 
2016-09-15T12:14:52.292-0400: 109.693: [GC (GCLocker Initiated GC) [PSYoungGen: 174790K->85986K(175104K)] 258521K->249684K(699392K), 0.0131632 secs] [Times: user=0.18 sys=0.00, real=0.01 secs] 
2016-09-15T12:14:52.410-0400: 109.810: [GC (GCLocker Initiated GC) [PSYoungGen: 174050K->86182K(175104K)] 337800K->292937K(699392K), 0.0119353 secs] [Times: user=0.18 sys=0.00, real=0.01 secs] 
2016-09-15T12:14:52.526-0400: 109.926: [GC (GCLocker Initiated GC) [PSYoungGen: 174246K->79747K(175104K)] 381177K->341833K(699392K), 0.0122513 secs] [Times: user=0.19 sys=0.00, real=0.02 secs] 
2016-09-15T12:14:52.676-0400: 110.076: [GC (GCLocker Initiated GC) [PSYoungGen: 167811K->73608K(175104K)] 436008K->378539K(699392K), 0.0098071 secs] [Times: user=0.12 sys=0.00, real=0.01 secs] 
2016-09-15T12:14:52.822-0400: 110.223: [GC (GCLocker Initiated GC) [PSYoungGen: 161672K->85530K(175104K)] 472726K->451574K(699392K), 0.0115625 secs] [Times: user=0.15 sys=0.00, real=0.01 secs] 
2016-09-15T12:14:52.941-0400: 110.341: [GC (GCLocker Initiated GC) [PSYoungGen: 173594K->73640K(175104K)] 545985K->482641K(699392K), 0.0094085 secs] [Times: user=0.13 sys=0.00, real=0.01 secs] 
2016-09-15T12:14:53.060-0400: 110.461: [GC (Allocation Failure) [PSYoungGen: 161704K->79783K(175104K)] 570931K->507502K(699392K), 0.0113271 secs] [Times: user=0.12 sys=0.00, real=0.01 secs] 
2016-09-15T12:14:53.072-0400: 110.472: [GC (GCLocker Initiated GC) [PSYoungGen: 79792K->32K(175104K)] 507512K->519591K(699392K), 0.0091767 secs] [Times: user=0.13 sys=0.01, real=0.01 secs] 
2016-09-15T12:14:53.081-0400: 110.482: [Full GC (Ergonomics) [PSYoungGen: 32K->0K(175104K)] [ParOldGen: 519559K->52287K(524288K)] 519591K->52287K(699392K), [Metaspace: 44381K->44381K(1087488K)], 0.0580310 secs] [Times: user=0.42 sys=0.00, real=0.06 secs] 
2016-09-15T12:14:53.266-0400: 110.666: [GC (GCLocker Initiated GC) [PSYoungGen: 88063K->86242K(175104K)] 140357K->162835K(699392K), 0.0101105 secs] [Times: user=0.16 sys=0.00, real=0.02 secs] 
2016-09-15T12:14:53.396-0400: 110.797: [GC (GCLocker Initiated GC) [PSYoungGen: 174306K->37226K(175104K)] 250914K->169025K(699392K), 0.0205659 secs] [Times: user=0.24 sys=0.00, real=0.02 secs] 
2016-09-15T12:14:53.538-0400: 110.939: [GC (GCLocker Initiated GC) [PSYoungGen: 125290K->61490K(175104K)] 263419K->230309K(699392K), 0.0107904 secs] [Times: user=0.11 sys=0.00, real=0.01 secs] 
2016-09-15T12:14:53.686-0400: 111.087: [GC (GCLocker Initiated GC) [PSYoungGen: 149554K->49440K(175104K)] 324809K->261461K(699392K), 0.0104764 secs] [Times: user=0.10 sys=0.00, real=0.02 secs] 
2016-09-15T12:14:53.847-0400: 111.248: [GC (GCLocker Initiated GC) [PSYoungGen: 137504K->73448K(175104K)] 349701K->285904K(699392K), 0.0160426 secs] [Times: user=0.17 sys=0.00, real=0.02 secs] 
2016-09-15T12:14:53.986-0400: 111.386: [GC (GCLocker Initiated GC) [PSYoungGen: 161512K->61626K(175104K)] 374206K->292640K(699392K), 0.0181918 secs] [Times: user=0.18 sys=0.00, real=0.02 secs] 
2016-09-15T12:14:54.133-0400: 111.534: [GC (Allocation Failure) [PSYoungGen: 149690K->18840K(175104K)] 386955K->292635K(699392K), 0.0315369 secs] [Times: user=0.28 sys=0.00, real=0.03 secs] 
2016-09-15T12:14:54.287-0400: 111.687: [GC (GCLocker Initiated GC) [PSYoungGen: 106904K->79683K(175104K)] 380705K->378083K(699392K), 0.0108068 secs] [Times: user=0.12 sys=0.00, real=0.02 secs] 
2016-09-15T12:14:54.471-0400: 111.872: [GC (GCLocker Initiated GC) [PSYoungGen: 167747K->36866K(175104K)] 478417K->365864K(699392K), 0.0142576 secs] [Times: user=0.14 sys=0.00, real=0.01 secs] 
2016-09-15T12:14:54.618-0400: 112.019: [GC (GCLocker Initiated GC) [PSYoungGen: 124930K->85854K(175104K)] 453976K->457553K(699392K), 0.0184185 secs] [Times: user=0.22 sys=0.00, real=0.02 secs] 
2016-09-15T12:14:54.737-0400: 112.137: [GC (GCLocker Initiated GC) [PSYoungGen: 173918K->67793K(175104K)] 545905K->506716K(699392K), 0.0228847 secs] [Times: user=0.29 sys=0.00, real=0.02 secs] 
2016-09-15T12:14:54.760-0400: 112.160: [Full GC (Ergonomics) [PSYoungGen: 67793K->0K(175104K)] [ParOldGen: 438923K->58596K(524288K)] 506716K->58596K(699392K), [Metaspace: 44381K->44381K(1087488K)], 0.0656781 secs] [Times: user=0.36 sys=0.00, real=0.06 secs] 
2016-09-15T12:14:54.954-0400: 112.354: [GC (GCLocker Initiated GC) [PSYoungGen: 88064K->74288K(175104K)] 147027K->133251K(699392K), 0.0153574 secs] [Times: user=0.20 sys=0.00, real=0.02 secs] 
2016-09-15T12:14:55.058-0400: 112.459: [GC (Allocation Failure) [PSYoungGen: 162352K->85986K(175104K)] 221676K->212894K(699392K), 0.0164715 secs] [Times: user=0.24 sys=0.01, real=0.01 secs] 
2016-09-15T12:14:55.075-0400: 112.476: [GC (GCLocker Initiated GC) [PSYoungGen: 86001K->32K(175104K)] 212910K->230783K(699392K), 0.0089892 secs] [Times: user=0.10 sys=0.00, real=0.01 secs] 
2016-09-15T12:14:55.191-0400: 112.592: [GC (GCLocker Initiated GC) [PSYoungGen: 88096K->86598K(175104K)] 318853K->329505K(699392K), 0.0176446 secs] [Times: user=0.22 sys=0.02, real=0.02 secs] 
2016-09-15T12:14:55.316-0400: 112.716: [GC (GCLocker Initiated GC) [PSYoungGen: 174662K->73640K(175104K)] 423904K->378713K(699392K), 0.0121048 secs] [Times: user=0.17 sys=0.00, real=0.01 secs] 
2016-09-15T12:14:55.433-0400: 112.834: [GC (GCLocker Initiated GC) [PSYoungGen: 161704K->73672K(175104K)] 467138K->427850K(699392K), 0.0092443 secs] [Times: user=0.13 sys=0.00, real=0.01 secs] 
2016-09-15T12:14:55.553-0400: 112.953: [GC (GCLocker Initiated GC) [PSYoungGen: 161736K->86182K(175104K)] 515967K->471128K(699392K), 0.0135787 secs] [Times: user=0.19 sys=0.00, real=0.01 secs] 
2016-09-15T12:14:55.695-0400: 113.096: [GC (GCLocker Initiated GC) [PSYoungGen: 174246K->85954K(175104K)] 559267K->513808K(699392K), 0.0153694 secs] [Times: user=0.21 sys=0.00, real=0.02 secs] 
2016-09-15T12:14:55.711-0400: 113.112: [Full GC (Ergonomics) [PSYoungGen: 85954K->0K(175104K)] [ParOldGen: 427854K->58473K(524288K)] 513808K->58473K(699392K), [Metaspace: 44383K->44383K(1087488K)], 0.0568725 secs] [Times: user=0.32 sys=0.01, real=0.06 secs] 
2016-09-15T12:14:55.887-0400: 113.287: [GC (GCLocker Initiated GC) [PSYoungGen: 88064K->86078K(175104K)] 146702K->156866K(699392K), 0.0085607 secs] [Times: user=0.10 sys=0.00, real=0.01 secs] 
2016-09-15T12:14:56.054-0400: 113.455: [GC (Allocation Failure) [PSYoungGen: 174142K->55351K(175104K)] 251215K->205888K(699392K), 0.0129098 secs] [Times: user=0.13 sys=0.00, real=0.01 secs] 
2016-09-15T12:14:56.197-0400: 113.598: [GC (GCLocker Initiated GC) [PSYoungGen: 137847K->55351K(175104K)] 294459K->212434K(699392K), 0.0100445 secs] [Times: user=0.13 sys=0.00, real=0.00 secs] 
2016-09-15T12:14:56.310-0400: 113.711: [GC (Allocation Failure) [PSYoungGen: 143415K->85822K(175104K)] 300623K->243322K(699392K), 0.0106283 secs] [Times: user=0.13 sys=0.00, real=0.01 secs] 
2016-09-15T12:14:56.436-0400: 113.836: [GC (GCLocker Initiated GC) [PSYoungGen: 170036K->73868K(175104K)] 333611K->274216K(699392K), 0.0215444 secs] [Times: user=0.31 sys=0.00, real=0.02 secs] 
2016-09-15T12:14:56.563-0400: 113.964: [GC (Allocation Failure) [PSYoungGen: 161932K->85986K(175104K)] 362484K->335314K(699392K), 0.0107897 secs] [Times: user=0.12 sys=0.02, real=0.01 secs] 
2016-09-15T12:14:56.574-0400: 113.975: [GC (GCLocker Initiated GC) [PSYoungGen: 86013K->32K(175104K)] 335341K->341035K(699392K), 0.0087031 secs] [Times: user=0.11 sys=0.01, real=0.01 secs] 
2016-09-15T12:14:56.725-0400: 114.126: [GC (GCLocker Initiated GC) [PSYoungGen: 87597K->73800K(175104K)] 434676K->420878K(699392K), 0.0089004 secs] [Times: user=0.10 sys=0.00, real=0.01 secs] 
2016-09-15T12:14:56.882-0400: 114.283: [GC (GCLocker Initiated GC) [PSYoungGen: 161860K->73284K(175104K)] 509300K->439472K(699392K), 0.0104946 secs] [Times: user=0.10 sys=0.00, real=0.01 secs] 
2016-09-15T12:14:57.013-0400: 114.413: [GC (GCLocker Initiated GC) [PSYoungGen: 161348K->73804K(175104K)] 533966K->446526K(699392K), 0.0081496 secs] [Times: user=0.10 sys=0.01, real=0.01 secs] 
2016-09-15T12:14:57.135-0400: 114.535: [GC (GCLocker Initiated GC) [PSYoungGen: 161868K->61490K(175104K)] 534671K->483209K(699392K), 0.0119165 secs] [Times: user=0.13 sys=0.00, real=0.01 secs] 
2016-09-15T12:14:57.147-0400: 114.547: [Full GC (Ergonomics) [PSYoungGen: 61490K->0K(175104K)] [ParOldGen: 421718K->52594K(524288K)] 483209K->52594K(699392K), [Metaspace: 44384K->44384K(1087488K)], 0.0629349 secs] [Times: user=0.50 sys=0.00, real=0.07 secs] 
2016-09-15T12:14:57.303-0400: 114.703: [GC (GCLocker Initiated GC) [PSYoungGen: 88064K->86694K(175104K)] 140914K->163844K(699392K), 0.0105939 secs] [Times: user=0.17 sys=0.00, real=0.01 secs] 
2016-09-15T12:14:57.428-0400: 114.829: [GC (Allocation Failure) [PSYoungGen: 174756K->85986K(175104K)] 252261K->188931K(699392K), 0.0107191 secs] [Times: user=0.16 sys=0.00, real=0.01 secs] 
2016-09-15T12:14:57.553-0400: 114.954: [GC (GCLocker Initiated GC) [PSYoungGen: 170267K->55283K(175104K)] 279287K->219293K(699392K), 0.0130691 secs] [Times: user=0.16 sys=0.00, real=0.01 secs] 
2016-09-15T12:14:57.694-0400: 115.095: [GC (GCLocker Initiated GC) [PSYoungGen: 143347K->67601K(175104K)] 307411K->250002K(699392K), 0.0138971 secs] [Times: user=0.11 sys=0.01, real=0.02 secs] 
2016-09-15T12:14:57.840-0400: 115.241: [GC (GCLocker Initiated GC) [PSYoungGen: 155665K->67373K(175104K)] 338780K->269153K(699392K), 0.0135297 secs] [Times: user=0.10 sys=0.00, real=0.01 secs] 
2016-09-15T12:14:57.956-0400: 115.357: [GC (GCLocker Initiated GC) [PSYoungGen: 155437K->73672K(175104K)] 357482K->294234K(699392K), 0.0085140 secs] [Times: user=0.11 sys=0.00, real=0.00 secs] 
2016-09-15T12:14:58.100-0400: 115.501: [GC (GCLocker Initiated GC) [PSYoungGen: 161736K->55479K(175104K)] 394692K->306975K(699392K), 0.0130943 secs] [Times: user=0.16 sys=0.00, real=0.01 secs] 
2016-09-15T12:14:58.262-0400: 115.663: [GC (GCLocker Initiated GC) [PSYoungGen: 143543K->73576K(175104K)] 395400K->343950K(699392K), 0.0227276 secs] [Times: user=0.25 sys=0.00, real=0.02 secs] 
2016-09-15T12:14:58.410-0400: 115.811: [GC (GCLocker Initiated GC) [PSYoungGen: 161640K->73676K(175104K)] 432229K->356502K(699392K), 0.0206727 secs] [Times: user=0.19 sys=0.00, real=0.02 secs] 
2016-09-15T12:14:58.541-0400: 115.941: [GC (GCLocker Initiated GC) [PSYoungGen: 161740K->55191K(175104K)] 444720K->356655K(699392K), 0.0164758 secs] [Times: user=0.17 sys=0.00, real=0.02 secs] 
2016-09-15T12:14:58.653-0400: 116.054: [GC (GCLocker Initiated GC) [PSYoungGen: 143255K->79651K(175104K)] 445058K->436249K(699392K), 0.0212589 secs] [Times: user=0.24 sys=0.00, real=0.02 secs] 
2016-09-15T12:14:58.805-0400: 116.206: [GC (GCLocker Initiated GC) [PSYoungGen: 167715K->73544K(175104K)] 524449K->448795K(699392K), 0.0157111 secs] [Times: user=0.18 sys=0.00, real=0.02 secs] 
2016-09-15T12:14:58.953-0400: 116.354: [GC (Allocation Failure) [PSYoungGen: 161608K->67373K(175104K)] 537169K->461435K(699392K), 0.0197244 secs] [Times: user=0.21 sys=0.00, real=0.02 secs] 
2016-09-15T12:14:59.083-0400: 116.483: [GC (GCLocker Initiated GC) [PSYoungGen: 155437K->79715K(175104K)] 549505K->516419K(699392K), 0.0122336 secs] [Times: user=0.10 sys=0.00, real=0.01 secs] 
2016-09-15T12:14:59.216-0400: 116.617: [GC (Allocation Failure) [PSYoungGen: 167779K->73772K(175104K)] 604766K->547320K(699392K), 0.0239177 secs] [Times: user=0.31 sys=0.01, real=0.02 secs] 
2016-09-15T12:14:59.240-0400: 116.641: [Full GC (Ergonomics) [PSYoungGen: 73772K->0K(175104K)] [ParOldGen: 473548K->58721K(524288K)] 547320K->58721K(699392K), [Metaspace: 44384K->44384K(1087488K)], 0.0678283 secs] [Times: user=0.42 sys=0.02, real=0.07 secs] 
2016-09-15T12:14:59.416-0400: 116.816: [GC (GCLocker Initiated GC) [PSYoungGen: 88064K->86110K(175104K)] 146791K->163062K(699392K), 0.0164166 secs] [Times: user=0.18 sys=0.01, real=0.01 secs] 
2016-09-15T12:14:59.537-0400: 116.938: [GC (Allocation Failure) [PSYoungGen: 174174K->73772K(175104K)] 251352K->212272K(699392K), 0.0121591 secs] [Times: user=0.17 sys=0.00, real=0.01 secs] 
2016-09-15T12:14:59.685-0400: 117.086: [GC (GCLocker Initiated GC) [PSYoungGen: 159983K->73508K(175104K)] 304559K->255161K(699392K), 0.0104099 secs] [Times: user=0.15 sys=0.00, real=0.02 secs] 
2016-09-15T12:14:59.824-0400: 117.225: [GC (GCLocker Initiated GC) [PSYoungGen: 161572K->85822K(175104K)] 343290K->310208K(699392K), 0.0219289 secs] [Times: user=0.25 sys=0.00, real=0.02 secs] 
2016-09-15T12:14:59.973-0400: 117.374: [GC (GCLocker Initiated GC) [PSYoungGen: 173886K->49344K(175104K)] 398274K->310294K(699392K), 0.0113821 secs] [Times: user=0.10 sys=0.00, real=0.01 secs] 
2016-09-15T12:15:00.116-0400: 117.517: [GC (GCLocker Initiated GC) [PSYoungGen: 137408K->55059K(175104K)] 404547K->340675K(699392K), 0.0109514 secs] [Times: user=0.08 sys=0.00, real=0.00 secs] 
2016-09-15T12:15:00.253-0400: 117.654: [GC (GCLocker Initiated GC) [PSYoungGen: 143123K->79519K(175104K)] 435007K->426230K(699392K), 0.0120181 secs] [Times: user=0.13 sys=0.01, real=0.01 secs] 
2016-09-15T12:15:00.388-0400: 117.789: [GC (GCLocker Initiated GC) [PSYoungGen: 167583K->61722K(175104K)] 514359K->438984K(699392K), 0.0199240 secs] [Times: user=0.20 sys=0.00, real=0.02 secs] 
2016-09-15T12:15:00.518-0400: 117.919: [GC (GCLocker Initiated GC) [PSYoungGen: 149786K->49048K(175104K)] 527202K->463362K(699392K), 0.0221379 secs] [Times: user=0.24 sys=0.00, real=0.02 secs] 
2016-09-15T12:15:00.643-0400: 118.044: [GC (GCLocker Initiated GC) [PSYoungGen: 137112K->55615K(175104K)] 551496K->536951K(699392K), 0.0128985 secs] [Times: user=0.12 sys=0.00, real=0.02 secs] 
2016-09-15T12:15:00.656-0400: 118.057: [Full GC (Ergonomics) [PSYoungGen: 55615K->0K(175104K)] [ParOldGen: 481336K->52844K(524288K)] 536951K->52844K(699392K), [Metaspace: 44389K->44389K(1087488K)], 0.0567951 secs] [Times: user=0.27 sys=0.01, real=0.05 secs] 
2016-09-15T12:15:00.827-0400: 118.228: [GC (GCLocker Initiated GC) [PSYoungGen: 88064K->86310K(175104K)] 147104K->175725K(699392K), 0.0136063 secs] [Times: user=0.13 sys=0.00, real=0.02 secs] 
2016-09-15T12:15:00.973-0400: 118.374: [GC (GCLocker Initiated GC) [PSYoungGen: 174374K->49116K(175104K)] 270040K->200136K(699392K), 0.0164070 secs] [Times: user=0.10 sys=0.00, real=0.02 secs] 
2016-09-15T12:15:01.114-0400: 118.515: [GC (Allocation Failure) [PSYoungGen: 137180K->43205K(175104K)] 300694K->225056K(699392K), 0.0094742 secs] [Times: user=0.06 sys=0.00, real=0.01 secs] 
2016-09-15T12:15:01.269-0400: 118.670: [GC (GCLocker Initiated GC) [PSYoungGen: 131269K->73672K(175104K)] 313125K->274037K(699392K), 0.0213627 secs] [Times: user=0.27 sys=0.00, real=0.02 secs] 
2016-09-15T12:15:01.416-0400: 118.816: [GC (GCLocker Initiated GC) [PSYoungGen: 161736K->73612K(175104K)] 362462K->280492K(699392K), 0.0172909 secs] [Times: user=0.16 sys=0.01, real=0.02 secs] 
2016-09-15T12:15:01.546-0400: 118.946: [GC (GCLocker Initiated GC) [PSYoungGen: 161676K->79715K(175104K)] 368896K->299376K(699392K), 0.0158723 secs] [Times: user=0.16 sys=0.00, real=0.02 secs] 
2016-09-15T12:15:01.693-0400: 119.094: [GC (GCLocker Initiated GC) [PSYoungGen: 167779K->55583K(175104K)] 393607K->317933K(699392K), 0.0185810 secs] [Times: user=0.14 sys=0.01, real=0.02 secs] 
2016-09-15T12:15:01.844-0400: 119.244: [GC (GCLocker Initiated GC) [PSYoungGen: 143647K->73608K(175104K)] 418386K->360788K(699392K), 0.0121376 secs] [Times: user=0.12 sys=0.00, real=0.02 secs] 
2016-09-15T12:15:02.002-0400: 119.403: [GC (GCLocker Initiated GC) [PSYoungGen: 161672K->24947K(175104K)] 467332K->330679K(699392K), 0.0067589 secs] [Times: user=0.05 sys=0.00, real=0.01 secs] 
2016-09-15T12:15:02.117-0400: 119.518: [GC (GCLocker Initiated GC) [PSYoungGen: 113011K->67373K(175104K)] 418880K->397817K(699392K), 0.0170768 secs] [Times: user=0.18 sys=0.00, real=0.01 secs] 
2016-09-15T12:15:02.279-0400: 119.680: [GC (Allocation Failure) [PSYoungGen: 155437K->43400K(175104K)] 492305K->398589K(699392K), 0.0183606 secs] [Times: user=0.18 sys=0.00, real=0.02 secs] 
2016-09-15T12:15:02.424-0400: 119.824: [GC (GCLocker Initiated GC) [PSYoungGen: 130179K->67469K(175104K)] 491443K->429156K(699392K), 0.0083114 secs] [Times: user=0.07 sys=0.00, real=0.01 secs] 
2016-09-15T12:15:02.571-0400: 119.972: [GC (GCLocker Initiated GC) [PSYoungGen: 155533K->31118K(175104K)] 529647K->423578K(699392K), 0.0138978 secs] [Times: user=0.15 sys=0.00, real=0.01 secs] 
2016-09-15T12:15:02.689-0400: 120.090: [GC (GCLocker Initiated GC) [PSYoungGen: 119182K->85822K(175104K)] 517860K->545573K(699392K), 0.0229479 secs] [Times: user=0.26 sys=0.00, real=0.02 secs] 
2016-09-15T12:15:02.712-0400: 120.113: [Full GC (Ergonomics) [PSYoungGen: 85822K->0K(175104K)] [ParOldGen: 459751K->58579K(524288K)] 545573K->58579K(699392K), [Metaspace: 44389K->44389K(1087488K)], 0.0642735 secs] [Times: user=0.34 sys=0.02, real=0.07 secs] 
2016-09-15T12:15:02.885-0400: 120.286: [GC (GCLocker Initiated GC) [PSYoungGen: 88064K->86498K(175104K)] 146696K->199805K(699392K), 0.0145430 secs] [Times: user=0.17 sys=0.00, real=0.02 secs] 
2016-09-15T12:15:03.025-0400: 120.425: [GC (GCLocker Initiated GC) [PSYoungGen: 174562K->55447K(175104K)] 294210K->242912K(699392K), 0.0101968 secs] [Times: user=0.14 sys=0.00, real=0.01 secs] 
2016-09-15T12:15:03.156-0400: 120.557: [GC (GCLocker Initiated GC) [PSYoungGen: 143511K->79715K(175104K)] 331063K->285791K(699392K), 0.0148155 secs] [Times: user=0.19 sys=0.00, real=0.01 secs] 
2016-09-15T12:15:03.297-0400: 120.697: [GC (GCLocker Initiated GC) [PSYoungGen: 167779K->43265K(175104K)] 373913K->322623K(699392K), 0.0102207 secs] [Times: user=0.13 sys=0.00, real=0.00 secs] 
2016-09-15T12:15:03.425-0400: 120.826: [GC (GCLocker Initiated GC) [PSYoungGen: 131329K->85758K(175104K)] 410734K->407980K(699392K), 0.0230517 secs] [Times: user=0.30 sys=0.00, real=0.03 secs] 
2016-09-15T12:15:03.574-0400: 120.974: [GC (GCLocker Initiated GC) [PSYoungGen: 173822K->61850K(175104K)] 496226K->451254K(699392K), 0.0113549 secs] [Times: user=0.16 sys=0.00, real=0.01 secs] 
2016-09-15T12:15:03.681-0400: 121.081: [GC (GCLocker Initiated GC) [PSYoungGen: 149914K->73576K(175104K)] 539411K->493723K(699392K), 0.0113329 secs] [Times: user=0.10 sys=0.00, real=0.01 secs] 
2016-09-15T12:15:03.815-0400: 121.216: [GC (GCLocker Initiated GC) [PSYoungGen: 161640K->80075K(175104K)] 587904K->524683K(699392K), 0.0096157 secs] [Times: user=0.08 sys=0.00, real=0.01 secs] 
2016-09-15T12:15:03.825-0400: 121.226: [Full GC (Ergonomics) [PSYoungGen: 80075K->0K(175104K)] [ParOldGen: 444608K->52814K(524288K)] 524683K->52814K(699392K), [Metaspace: 44389K->44389K(1087488K)], 0.0510011 secs] [Times: user=0.38 sys=0.01, real=0.06 secs] 
2016-09-15T12:15:03.987-0400: 121.387: [GC (Allocation Failure) [PSYoungGen: 88064K->86014K(175104K)] 141043K->163293K(699392K), 0.0101274 secs] [Times: user=0.14 sys=0.00, real=0.02 secs] 
2016-09-15T12:15:04.112-0400: 121.512: [GC (GCLocker Initiated GC) [PSYoungGen: 173959K->73868K(175104K)] 257314K->212649K(699392K), 0.0110875 secs] [Times: user=0.17 sys=0.00, real=0.01 secs] 
2016-09-15T12:15:04.272-0400: 121.673: [GC (GCLocker Initiated GC) [PSYoungGen: 161932K->73672K(175104K)] 312904K->243193K(699392K), 0.0074532 secs] [Times: user=0.09 sys=0.00, real=0.01 secs] 
2016-09-15T12:15:04.409-0400: 121.810: [GC (GCLocker Initiated GC) [PSYoungGen: 161736K->85854K(175104K)] 331495K->322753K(699392K), 0.0108223 secs] [Times: user=0.17 sys=0.00, real=0.01 secs] 
2016-09-15T12:15:04.514-0400: 121.915: [GC (GCLocker Initiated GC) [PSYoungGen: 173918K->73544K(175104K)] 411139K->347515K(699392K), 0.0147993 secs] [Times: user=0.19 sys=0.01, real=0.02 secs] 
2016-09-15T12:15:04.665-0400: 122.065: [GC (Allocation Failure) [PSYoungGen: 161608K->73672K(175104K)] 442003K->372576K(699392K), 0.0099368 secs] [Times: user=0.13 sys=0.00, real=0.01 secs] 
2016-09-15T12:15:04.817-0400: 122.217: [GC (GCLocker Initiated GC) [PSYoungGen: 157662K->49308K(175104K)] 462642K->372647K(699392K), 0.0129957 secs] [Times: user=0.12 sys=0.00, real=0.01 secs] 
2016-09-15T12:15:04.935-0400: 122.336: [GC (GCLocker Initiated GC) [PSYoungGen: 137372K->85694K(175104K)] 460759K->415276K(699392K), 0.0130938 secs] [Times: user=0.13 sys=0.00, real=0.02 secs] 
2016-09-15T12:15:05.077-0400: 122.477: [GC (GCLocker Initiated GC) [PSYoungGen: 173758K->55191K(175104K)] 503369K->427595K(699392K), 0.0321331 secs] [Times: user=0.31 sys=0.00, real=0.03 secs] 
2016-09-15T12:15:05.237-0400: 122.638: [GC (GCLocker Initiated GC) [PSYoungGen: 143255K->79587K(175104K)] 515768K->470593K(699392K), 0.0181735 secs] [Times: user=0.20 sys=0.00, real=0.01 secs] 
2016-09-15T12:15:05.382-0400: 122.783: [GC (GCLocker Initiated GC) [PSYoungGen: 167651K->55547K(175104K)] 558872K->525886K(699392K), 0.0202209 secs] [Times: user=0.22 sys=0.00, real=0.02 secs] 
2016-09-15T12:15:05.403-0400: 122.804: [Full GC (Ergonomics) [PSYoungGen: 55547K->0K(175104K)] [ParOldGen: 470339K->46932K(524288K)] 525886K->46932K(699392K), [Metaspace: 44389K->44389K(1087488K)], 0.0613451 secs] [Times: user=0.32 sys=0.01, real=0.06 secs] 
2016-09-15T12:15:05.578-0400: 122.978: [GC (GCLocker Initiated GC) [PSYoungGen: 88064K->67569K(175104K)] 141359K->120864K(699392K), 0.0255788 secs] [Times: user=0.30 sys=0.01, real=0.02 secs] 
2016-09-15T12:15:05.737-0400: 123.137: [GC (GCLocker Initiated GC) [PSYoungGen: 155633K->49376K(175104K)] 215107K->163824K(699392K), 0.0165810 secs] [Times: user=0.15 sys=0.00, real=0.01 secs] 
2016-09-15T12:15:05.895-0400: 123.296: [GC (GCLocker Initiated GC) [PSYoungGen: 137440K->55479K(175104K)] 258296K->176806K(699392K), 0.0101736 secs] [Times: user=0.12 sys=0.01, real=0.01 secs] 
2016-09-15T12:15:06.034-0400: 123.435: [GC (GCLocker Initiated GC) [PSYoungGen: 143543K->49052K(175104K)] 264918K->194807K(699392K), 0.0154984 secs] [Times: user=0.14 sys=0.00, real=0.02 secs] 
2016-09-15T12:15:06.176-0400: 123.577: [GC (GCLocker Initiated GC) [PSYoungGen: 137116K->43368K(175104K)] 295063K->237838K(699392K), 0.0191585 secs] [Times: user=0.14 sys=0.00, real=0.01 secs] 
2016-09-15T12:15:06.307-0400: 123.707: [GC (GCLocker Initiated GC) [PSYoungGen: 131432K->43201K(175104K)] 326140K->323249K(699392K), 0.0156870 secs] [Times: user=0.17 sys=0.00, real=0.02 secs] 
2016-09-15T12:15:06.433-0400: 123.833: [GC (GCLocker Initiated GC) [PSYoungGen: 131265K->85890K(175104K)] 411523K->384673K(699392K), 0.0230206 secs] [Times: user=0.27 sys=0.00, real=0.03 secs] 
2016-09-15T12:15:06.552-0400: 123.953: [GC (GCLocker Initiated GC) [PSYoungGen: 173954K->67633K(175104K)] 472785K->427513K(699392K), 0.0154152 secs] [Times: user=0.13 sys=0.00, real=0.01 secs] 
2016-09-15T12:15:06.697-0400: 124.098: [GC (GCLocker Initiated GC) [PSYoungGen: 155697K->55255K(175104K)] 527903K->488511K(699392K), 0.0152895 secs] [Times: user=0.14 sys=0.01, real=0.01 secs] 
2016-09-15T12:15:06.713-0400: 124.114: [Full GC (Ergonomics) [PSYoungGen: 55255K->0K(175104K)] [ParOldGen: 433256K->52208K(524288K)] 488511K->52208K(699392K), [Metaspace: 44397K->44397K(1087488K)], 0.0653457 secs] [Times: user=0.38 sys=0.00, real=0.07 secs] 
2016-09-15T12:15:06.891-0400: 124.291: [GC (GCLocker Initiated GC) [PSYoungGen: 88064K->85854K(175104K)] 146501K->150366K(699392K), 0.0098491 secs] [Times: user=0.12 sys=0.01, real=0.01 secs] 
2016-09-15T12:15:07.023-0400: 124.424: [GC (GCLocker Initiated GC) [PSYoungGen: 173918K->55515K(175104K)] 244598K->156853K(699392K), 0.0169987 secs] [Times: user=0.12 sys=0.01, real=0.02 secs] 
2016-09-15T12:15:07.180-0400: 124.581: [GC (GCLocker Initiated GC) [PSYoungGen: 143579K->61294K(175104K)] 244953K->205477K(699392K), 0.0122495 secs] [Times: user=0.12 sys=0.00, real=0.01 secs] 
2016-09-15T12:15:07.314-0400: 124.715: [GC (GCLocker Initiated GC) [PSYoungGen: 149358K->85594K(175104K)] 293565K->266387K(699392K), 0.0114573 secs] [Times: user=0.12 sys=0.00, real=0.01 secs] 
2016-09-15T12:15:07.435-0400: 124.836: [GC (GCLocker Initiated GC) [PSYoungGen: 173658K->73412K(175104K)] 354679K->278860K(699392K), 0.0115850 secs] [Times: user=0.11 sys=0.00, real=0.01 secs] 
2016-09-15T12:15:07.564-0400: 124.965: [GC (Allocation Failure) [PSYoungGen: 161476K->37681K(175104K)] 373147K->285914K(699392K), 0.0118341 secs] [Times: user=0.10 sys=0.01, real=0.02 secs] 
2016-09-15T12:15:07.681-0400: 125.082: [GC (GCLocker Initiated GC) [PSYoungGen: 121788K->55351K(175104K)] 376096K->310294K(699392K), 0.0173787 secs] [Times: user=0.21 sys=0.00, real=0.02 secs] 
2016-09-15T12:15:07.850-0400: 125.250: [GC (GCLocker Initiated GC) [PSYoungGen: 143415K->19460K(175104K)] 416854K->311236K(699392K), 0.0098454 secs] [Times: user=0.09 sys=0.00, real=0.01 secs] 
2016-09-15T12:15:07.980-0400: 125.380: [GC (GCLocker Initiated GC) [PSYoungGen: 107524K->73512K(175104K)] 399325K->365768K(699392K), 0.0073076 secs] [Times: user=0.07 sys=0.00, real=0.00 secs] 
2016-09-15T12:15:08.091-0400: 125.492: [GC (Allocation Failure) [PSYoungGen: 161576K->30955K(175104K)] 453919K->384167K(699392K), 0.0150657 secs] [Times: user=0.11 sys=0.00, real=0.01 secs] 
2016-09-15T12:15:08.216-0400: 125.616: [GC (GCLocker Initiated GC) [PSYoungGen: 119019K->61562K(175104K)] 472237K->439355K(699392K), 0.0207450 secs] [Times: user=0.19 sys=0.01, real=0.02 secs] 
2016-09-15T12:15:08.339-0400: 125.739: [GC (GCLocker Initiated GC) [PSYoungGen: 149626K->61262K(175104K)] 527723K->470330K(699392K), 0.0248046 secs] [Times: user=0.27 sys=0.00, real=0.02 secs] 
2016-09-15T12:15:08.461-0400: 125.861: [GC (GCLocker Initiated GC) [PSYoungGen: 149326K->85922K(175104K)] 564522K->543779K(699392K), 0.0218804 secs] [Times: user=0.25 sys=0.00, real=0.02 secs] 
2016-09-15T12:15:08.483-0400: 125.883: [Full GC (Ergonomics) [PSYoungGen: 85922K->0K(175104K)] [ParOldGen: 457857K->58463K(524288K)] 543779K->58463K(699392K), [Metaspace: 44410K->44410K(1087488K)], 0.0584985 secs] [Times: user=0.31 sys=0.02, real=0.06 secs] 
2016-09-15T12:15:08.652-0400: 126.052: [GC (GCLocker Initiated GC) [PSYoungGen: 88064K->86470K(175104K)] 152829K->157310K(699392K), 0.0077213 secs] [Times: user=0.09 sys=0.00, real=0.01 secs] 
2016-09-15T12:15:08.770-0400: 126.171: [GC (GCLocker Initiated GC) [PSYoungGen: 174534K->85822K(175104K)] 245444K->206051K(699392K), 0.0123568 secs] [Times: user=0.15 sys=0.00, real=0.01 secs] 
2016-09-15T12:15:08.888-0400: 126.289: [GC (GCLocker Initiated GC) [PSYoungGen: 173886K->61362K(175104K)] 294169K->224266K(699392K), 0.0130052 secs] [Times: user=0.08 sys=0.01, real=0.01 secs] 
2016-09-15T12:15:09.029-0400: 126.430: [GC (GCLocker Initiated GC) [PSYoungGen: 149425K->85922K(175104K)] 312690K->285936K(699392K), 0.0171115 secs] [Times: user=0.16 sys=0.00, real=0.01 secs] 
2016-09-15T12:15:09.164-0400: 126.564: [GC (GCLocker Initiated GC) [PSYoungGen: 173986K->67633K(175104K)] 374367K->286826K(699392K), 0.0174994 secs] [Times: user=0.17 sys=0.01, real=0.02 secs] 
2016-09-15T12:15:09.292-0400: 126.693: [GC (GCLocker Initiated GC) [PSYoungGen: 155697K->61166K(175104K)] 375072K->304952K(699392K), 0.0343249 secs] [Times: user=0.36 sys=0.00, real=0.03 secs] 
2016-09-15T12:15:09.424-0400: 126.825: [GC (GCLocker Initiated GC) [PSYoungGen: 149230K->85986K(175104K)] 393249K->354449K(699392K), 0.0116219 secs] [Times: user=0.12 sys=0.01, real=0.02 secs] 
2016-09-15T12:15:09.531-0400: 126.932: [GC (GCLocker Initiated GC) [PSYoungGen: 174050K->86214K(175104K)] 442610K->379569K(699392K), 0.0099666 secs] [Times: user=0.15 sys=0.00, real=0.01 secs] 
2016-09-15T12:15:09.668-0400: 127.069: [GC (GCLocker Initiated GC) [PSYoungGen: 174278K->73572K(175104K)] 473941K->409985K(699392K), 0.0101407 secs] [Times: user=0.13 sys=0.00, real=0.01 secs] 
2016-09-15T12:15:09.804-0400: 127.205: [GC (GCLocker Initiated GC) [PSYoungGen: 161636K->73804K(175104K)] 498242K->428778K(699392K), 0.0160875 secs] [Times: user=0.21 sys=0.00, real=0.02 secs] 
2016-09-15T12:15:09.934-0400: 127.335: [GC (GCLocker Initiated GC) [PSYoungGen: 161868K->73480K(175104K)] 517186K->447275K(699392K), 0.0138361 secs] [Times: user=0.09 sys=0.00, real=0.02 secs] 
2016-09-15T12:15:10.081-0400: 127.481: [GC (GCLocker Initiated GC) [PSYoungGen: 161544K->61298K(175104K)] 535403K->471719K(699392K), 0.0122767 secs] [Times: user=0.08 sys=0.00, real=0.01 secs] 
2016-09-15T12:15:10.193-0400: 127.594: [GC (GCLocker Initiated GC) [PSYoungGen: 149362K->73544K(175104K)] 560032K->508789K(699392K), 0.0146646 secs] [Times: user=0.17 sys=0.01, real=0.02 secs] 
2016-09-15T12:15:10.320-0400: 127.721: [GC (Allocation Failure) [PSYoungGen: 161608K->55483K(175104K)] 609286K->521833K(699392K), 0.0147809 secs] [Times: user=0.18 sys=0.00, real=0.01 secs] 
2016-09-15T12:15:10.439-0400: 127.840: [GC (GCLocker Initiated GC) [PSYoungGen: 143547K->85790K(175104K)] 609902K->552469K(699392K), 0.0145379 secs] [Times: user=0.17 sys=0.00, real=0.01 secs] 
2016-09-15T12:15:10.454-0400: 127.855: [Full GC (Ergonomics) [PSYoungGen: 85790K->0K(175104K)] [ParOldGen: 466679K->58517K(524288K)] 552469K->58517K(699392K), [Metaspace: 44412K->44412K(1087488K)], 0.0699925 secs] [Times: user=0.51 sys=0.02, real=0.07 secs] 
2016-09-15T12:15:10.657-0400: 128.058: [GC (GCLocker Initiated GC) [PSYoungGen: 88064K->86406K(175104K)] 158773K->199640K(699392K), 0.0107697 secs] [Times: user=0.16 sys=0.00, real=0.01 secs] 
2016-09-15T12:15:10.796-0400: 128.197: [GC (GCLocker Initiated GC) [PSYoungGen: 174470K->85854K(175104K)] 287768K->242585K(699392K), 0.0122561 secs] [Times: user=0.17 sys=0.00, real=0.01 secs] 
2016-09-15T12:15:10.922-0400: 128.322: [GC (GCLocker Initiated GC) [PSYoungGen: 173918K->55447K(175104K)] 336772K->309749K(699392K), 0.0125468 secs] [Times: user=0.16 sys=0.01, real=0.01 secs] 
2016-09-15T12:15:11.064-0400: 128.464: [GC (GCLocker Initiated GC) [PSYoungGen: 143511K->49344K(175104K)] 403975K->346345K(699392K), 0.0169458 secs] [Times: user=0.16 sys=0.01, real=0.02 secs] 
2016-09-15T12:15:11.180-0400: 128.581: [GC (GCLocker Initiated GC) [PSYoungGen: 137408K->55255K(175104K)] 434512K->376951K(699392K), 0.0311366 secs] [Times: user=0.30 sys=0.01, real=0.03 secs] 
2016-09-15T12:15:11.335-0400: 128.736: [GC (GCLocker Initiated GC) [PSYoungGen: 143319K->85826K(175104K)] 471121K->431965K(699392K), 0.0144416 secs] [Times: user=0.11 sys=0.00, real=0.02 secs] 
2016-09-15T12:15:11.461-0400: 128.862: [GC (GCLocker Initiated GC) [PSYoungGen: 173890K->30955K(175104K)] 520165K->444315K(699392K), 0.0218906 secs] [Times: user=0.20 sys=0.00, real=0.02 secs] 
2016-09-15T12:15:11.573-0400: 128.974: [GC (GCLocker Initiated GC) [PSYoungGen: 119019K->61590K(175104K)] 538630K->505629K(699392K), 0.0099480 secs] [Times: user=0.08 sys=0.00, real=0.01 secs] 
2016-09-15T12:15:11.583-0400: 128.984: [Full GC (Ergonomics) [PSYoungGen: 61590K->0K(175104K)] [ParOldGen: 444039K->58501K(524288K)] 505629K->58501K(699392K), [Metaspace: 44412K->44412K(1087488K)], 0.0644946 secs] [Times: user=0.28 sys=0.02, real=0.07 secs] 
2016-09-15T12:15:11.760-0400: 129.160: [GC (GCLocker Initiated GC) [PSYoungGen: 88064K->86374K(175104K)] 146814K->151199K(699392K), 0.0145637 secs] [Times: user=0.17 sys=0.00, real=0.01 secs] 
2016-09-15T12:15:11.889-0400: 129.290: [GC (Allocation Failure) [PSYoungGen: 174438K->79747K(175104K)] 239467K->182077K(699392K), 0.0181787 secs] [Times: user=0.20 sys=0.00, real=0.01 secs] 
2016-09-15T12:15:12.005-0400: 129.406: [GC (GCLocker Initiated GC) [PSYoungGen: 162670K->67697K(175104K)] 271076K->212664K(699392K), 0.0091956 secs] [Times: user=0.10 sys=0.00, real=0.01 secs] 
2016-09-15T12:15:12.150-0400: 129.551: [GC (Allocation Failure) [PSYoungGen: 155761K->55319K(175104K)] 307153K->243444K(699392K), 0.0096447 secs] [Times: user=0.10 sys=0.00, real=0.01 secs] 
2016-09-15T12:15:12.276-0400: 129.677: [GC (GCLocker Initiated GC) [PSYoungGen: 143383K->55643K(175104K)] 331510K->280332K(699392K), 0.0270646 secs] [Times: user=0.34 sys=0.00, real=0.02 secs] 
2016-09-15T12:15:12.420-0400: 129.821: [GC (GCLocker Initiated GC) [PSYoungGen: 143707K->61558K(175104K)] 374546K->310905K(699392K), 0.0236985 secs] [Times: user=0.24 sys=0.00, real=0.02 secs] 
2016-09-15T12:15:12.533-0400: 129.934: [GC (GCLocker Initiated GC) [PSYoungGen: 149622K->67273K(175104K)] 399320K->359920K(699392K), 0.0167843 secs] [Times: user=0.18 sys=0.01, real=0.02 secs] 
2016-09-15T12:15:12.662-0400: 130.063: [GC (GCLocker Initiated GC) [PSYoungGen: 155337K->85986K(175104K)] 448059K->427459K(699392K), 0.0115822 secs] [Times: user=0.17 sys=0.00, real=0.01 secs] 
2016-09-15T12:15:12.816-0400: 130.217: [GC (GCLocker Initiated GC) [PSYoungGen: 174050K->67369K(175104K)] 527844K->463963K(699392K), 0.0130210 secs] [Times: user=0.12 sys=0.00, real=0.01 secs] 
2016-09-15T12:15:12.941-0400: 130.341: [GC (GCLocker Initiated GC) [PSYoungGen: 155433K->85794K(175104K)] 558133K->531147K(699392K), 0.0186774 secs] [Times: user=0.22 sys=0.00, real=0.02 secs] 
2016-09-15T12:15:13.071-0400: 130.471: [GC (Allocation Failure) [PSYoungGen: 173858K->61586K(175104K)] 619410K->580362K(699392K), 0.0196866 secs] [Times: user=0.24 sys=0.01, real=0.02 secs] 
2016-09-15T12:15:13.091-0400: 130.491: [Full GC (Ergonomics) [PSYoungGen: 61586K->0K(175104K)] [ParOldGen: 518776K->58529K(524288K)] 580362K->58529K(699392K), [Metaspace: 44416K->44416K(1087488K)], 0.0631362 secs] [Times: user=0.40 sys=0.01, real=0.06 secs] 
2016-09-15T12:15:13.260-0400: 130.661: [GC (GCLocker Initiated GC) [PSYoungGen: 88064K->86766K(175104K)] 146598K->169600K(699392K), 0.0092499 secs] [Times: user=0.13 sys=0.00, real=0.01 secs] 
2016-09-15T12:15:13.388-0400: 130.789: [GC (GCLocker Initiated GC) [PSYoungGen: 174830K->61298K(175104K)] 257757K->181354K(699392K), 0.0134292 secs] [Times: user=0.11 sys=0.00, real=0.01 secs] 
2016-09-15T12:15:13.513-0400: 130.913: [GC (GCLocker Initiated GC) [PSYoungGen: 149362K->73672K(175104K)] 275642K->254934K(699392K), 0.0120061 secs] [Times: user=0.14 sys=0.00, real=0.01 secs] 
2016-09-15T12:15:13.643-0400: 131.044: [GC (GCLocker Initiated GC) [PSYoungGen: 161736K->85854K(175104K)] 343370K->328554K(699392K), 0.0111028 secs] [Times: user=0.18 sys=0.00, real=0.01 secs] 
2016-09-15T12:15:13.789-0400: 131.190: [GC (Allocation Failure) [PSYoungGen: 173918K->37713K(175104K)] 429112K->293231K(699392K), 0.0062345 secs] [Times: user=0.09 sys=0.00, real=0.00 secs] 
2016-09-15T12:15:13.916-0400: 131.316: [GC (GCLocker Initiated GC) [PSYoungGen: 125777K->55319K(175104K)] 381296K->311105K(699392K), 0.0100399 secs] [Times: user=0.11 sys=0.00, real=0.00 secs] 
2016-09-15T12:15:14.057-0400: 131.458: [GC (GCLocker Initiated GC) [PSYoungGen: 143383K->43073K(175104K)] 412098K->324041K(699392K), 0.0108081 secs] [Times: user=0.06 sys=0.00, real=0.01 secs] 
2016-09-15T12:15:14.170-0400: 131.571: [GC (Allocation Failure) [PSYoungGen: 131131K->61398K(175104K)] 412450K->342967K(699392K), 0.0086186 secs] [Times: user=0.06 sys=0.00, real=0.01 secs] 
2016-09-15T12:15:14.289-0400: 131.690: [GC (GCLocker Initiated GC) [PSYoungGen: 146152K->73672K(175104K)] 433797K->380029K(699392K), 0.0106419 secs] [Times: user=0.15 sys=0.00, real=0.01 secs] 
2016-09-15T12:15:14.419-0400: 131.820: [GC (GCLocker Initiated GC) [PSYoungGen: 161736K->73736K(175104K)] 468286K->398647K(699392K), 0.0114513 secs] [Times: user=0.13 sys=0.01, real=0.01 secs] 
2016-09-15T12:15:14.538-0400: 131.939: [GC (GCLocker Initiated GC) [PSYoungGen: 161800K->61562K(175104K)] 486769K->398948K(699392K), 0.0098543 secs] [Times: user=0.07 sys=0.01, real=0.01 secs] 
2016-09-15T12:15:14.657-0400: 132.057: [GC (Allocation Failure) [PSYoungGen: 149626K->67597K(175104K)] 493191K->472391K(699392K), 0.0122380 secs] [Times: user=0.15 sys=0.00, real=0.01 secs] 
2016-09-15T12:15:14.802-0400: 132.203: [GC (GCLocker Initiated GC) [PSYoungGen: 154473K->55906K(175104K)] 565343K->527858K(699392K), 0.0102997 secs] [Times: user=0.13 sys=0.01, real=0.01 secs] 
2016-09-15T12:15:14.812-0400: 132.213: [Full GC (Ergonomics) [PSYoungGen: 55906K->0K(175104K)] [ParOldGen: 471951K->46758K(524288K)] 527858K->46758K(699392K), [Metaspace: 44416K->44416K(1087488K)], 0.0641332 secs] [Times: user=0.49 sys=0.00, real=0.07 secs] 
2016-09-15T12:15:15.007-0400: 132.408: [GC (GCLocker Initiated GC) [PSYoungGen: 88064K->86078K(175104K)] 141180K->163503K(699392K), 0.0144908 secs] [Times: user=0.17 sys=0.01, real=0.02 secs] 
2016-09-15T12:15:15.139-0400: 132.540: [GC (GCLocker Initiated GC) [PSYoungGen: 174142K->79747K(175104K)] 251619K->194261K(699392K), 0.0120751 secs] [Times: user=0.14 sys=0.00, real=0.01 secs] 
2016-09-15T12:15:15.247-0400: 132.647: [GC (GCLocker Initiated GC) [PSYoungGen: 167811K->85986K(175104K)] 282600K->274006K(699392K), 0.0155047 secs] [Times: user=0.21 sys=0.00, real=0.02 secs] 
2016-09-15T12:15:15.403-0400: 132.804: [GC (GCLocker Initiated GC) [PSYoungGen: 174050K->31246K(175104K)] 368175K->280207K(699392K), 0.0157683 secs] [Times: user=0.19 sys=0.00, real=0.02 secs] 
2016-09-15T12:15:15.518-0400: 132.918: [GC (GCLocker Initiated GC) [PSYoungGen: 119310K->85822K(175104K)] 374606K->371832K(699392K), 0.0102153 secs] [Times: user=0.14 sys=0.01, real=0.01 secs] 
2016-09-15T12:15:15.662-0400: 133.063: [GC (GCLocker Initiated GC) [PSYoungGen: 173886K->55675K(175104K)] 466158K->384549K(699392K), 0.0078580 secs] [Times: user=0.11 sys=0.01, real=0.01 secs] 
2016-09-15T12:15:15.776-0400: 133.176: [GC (GCLocker Initiated GC) [PSYoungGen: 143739K->67533K(175104K)] 472682K->396824K(699392K), 0.0093453 secs] [Times: user=0.09 sys=0.00, real=0.01 secs] 
2016-09-15T12:15:15.915-0400: 133.316: [GC (GCLocker Initiated GC) [PSYoungGen: 155597K->74000K(175104K)] 484890K->421653K(699392K), 0.0100097 secs] [Times: user=0.14 sys=0.00, real=0.01 secs] 
2016-09-15T12:15:16.055-0400: 133.456: [GC (GCLocker Initiated GC) [PSYoungGen: 162064K->61330K(175104K)] 509899K->427993K(699392K), 0.0111797 secs] [Times: user=0.09 sys=0.00, real=0.01 secs] 
2016-09-15T12:15:16.177-0400: 133.578: [GC (GCLocker Initiated GC) [PSYoungGen: 149394K->73576K(175104K)] 516340K->471173K(699392K), 0.0172441 secs] [Times: user=0.16 sys=0.01, real=0.01 secs] 
2016-09-15T12:15:16.314-0400: 133.714: [GC (GCLocker Initiated GC) [PSYoungGen: 161640K->55615K(175104K)] 565683K->471896K(699392K), 0.0115552 secs] [Times: user=0.10 sys=0.00, real=0.01 secs] 
2016-09-15T12:15:16.460-0400: 133.860: [GC (GCLocker Initiated GC) [PSYoungGen: 143679K->55255K(175104K)] 566216K->496464K(699392K), 0.0287209 secs] [Times: user=0.32 sys=0.00, real=0.03 secs] 
2016-09-15T12:15:16.577-0400: 133.977: [GC (GCLocker Initiated GC) [PSYoungGen: 143319K->85822K(175104K)] 584822K->551933K(699392K), 0.0171755 secs] [Times: user=0.22 sys=0.00, real=0.01 secs] 
2016-09-15T12:15:16.594-0400: 133.995: [Full GC (Ergonomics) [PSYoungGen: 85822K->0K(175104K)] [ParOldGen: 466110K->58986K(524288K)] 551933K->58986K(699392K), [Metaspace: 44424K->44424K(1087488K)], 0.0599615 secs] [Times: user=0.36 sys=0.00, real=0.06 secs] 
2016-09-15T12:15:16.772-0400: 134.173: [GC (GCLocker Initiated GC) [PSYoungGen: 88064K->73936K(175104K)] 147260K->133132K(699392K), 0.0077160 secs] [Times: user=0.08 sys=0.00, real=0.01 secs] 
2016-09-15T12:15:16.891-0400: 134.291: [GC (GCLocker Initiated GC) [PSYoungGen: 162000K->73836K(175104K)] 233534K->164246K(699392K), 0.0127092 secs] [Times: user=0.17 sys=0.00, real=0.01 secs] 
2016-09-15T12:15:17.052-0400: 134.452: [GC (GCLocker Initiated GC) [PSYoungGen: 161900K->37418K(175104K)] 270712K->164574K(699392K), 0.0068362 secs] [Times: user=0.07 sys=0.00, real=0.01 secs] 
2016-09-15T12:15:17.170-0400: 134.571: [GC (GCLocker Initiated GC) [PSYoungGen: 125482K->61622K(175104K)] 252669K->207497K(699392K), 0.0081090 secs] [Times: user=0.09 sys=0.00, real=0.01 secs] 
2016-09-15T12:15:17.299-0400: 134.700: [GC (GCLocker Initiated GC) [PSYoungGen: 149686K->55675K(175104K)] 308056K->262977K(699392K), 0.0191075 secs] [Times: user=0.27 sys=0.00, real=0.02 secs] 
2016-09-15T12:15:17.424-0400: 134.825: [GC (GCLocker Initiated GC) [PSYoungGen: 143739K->85854K(175104K)] 351088K->342462K(699392K), 0.0117578 secs] [Times: user=0.17 sys=0.00, real=0.02 secs] 
2016-09-15T12:15:17.534-0400: 134.934: [GC (GCLocker Initiated GC) [PSYoungGen: 173918K->79747K(175104K)] 430747K->403725K(699392K), 0.0110716 secs] [Times: user=0.16 sys=0.00, real=0.01 secs] 
2016-09-15T12:15:17.670-0400: 135.071: [GC (GCLocker Initiated GC) [PSYoungGen: 167811K->37094K(175104K)] 498040K->385807K(699392K), 0.0289347 secs] [Times: user=0.22 sys=0.01, real=0.03 secs] 
2016-09-15T12:15:17.821-0400: 135.221: [GC (GCLocker Initiated GC) [PSYoungGen: 125158K->85662K(175104K)] 473919K->459007K(699392K), 0.0137273 secs] [Times: user=0.15 sys=0.00, real=0.01 secs] 
2016-09-15T12:15:17.942-0400: 135.343: [GC (GCLocker Initiated GC) [PSYoungGen: 173726K->85790K(175104K)] 547151K->502064K(699392K), 0.0152932 secs] [Times: user=0.19 sys=0.00, real=0.02 secs] 
2016-09-15T12:15:18.096-0400: 135.496: [GC (GCLocker Initiated GC) [PSYoungGen: 173854K->43269K(175104K)] 596251K->532774K(699392K), 0.0216799 secs] [Times: user=0.22 sys=0.01, real=0.02 secs] 
2016-09-15T12:15:18.118-0400: 135.518: [Full GC (Ergonomics) [PSYoungGen: 43269K->0K(175104K)] [ParOldGen: 489505K->46794K(524288K)] 532774K->46794K(699392K), [Metaspace: 44427K->44427K(1087488K)], 0.0614878 secs] [Times: user=0.37 sys=0.01, real=0.06 secs] 
2016-09-15T12:15:18.310-0400: 135.711: [GC (GCLocker Initiated GC) [PSYoungGen: 88064K->86046K(175104K)] 141114K->175547K(699392K), 0.0096971 secs] [Times: user=0.12 sys=0.00, real=0.01 secs] 
2016-09-15T12:15:18.434-0400: 135.835: [GC (GCLocker Initiated GC) [PSYoungGen: 174110K->79975K(175104K)] 263972K->219032K(699392K), 0.0152193 secs] [Times: user=0.19 sys=0.01, real=0.02 secs] 
2016-09-15T12:15:18.578-0400: 135.979: [GC (GCLocker Initiated GC) [PSYoungGen: 168039K->55775K(175104K)] 307107K->231765K(699392K), 0.0102538 secs] [Times: user=0.14 sys=0.00, real=0.01 secs] 
2016-09-15T12:15:18.706-0400: 136.107: [GC (Allocation Failure) [PSYoungGen: 143839K->67565K(175104K)] 326180K->268423K(699392K), 0.0083962 secs] [Times: user=0.09 sys=0.00, real=0.01 secs] 
2016-09-15T12:15:18.851-0400: 136.251: [GC (GCLocker Initiated GC) [PSYoungGen: 155436K->55287K(175104K)] 362369K->262519K(699392K), 0.0080153 secs] [Times: user=0.09 sys=0.00, real=0.01 secs] 
2016-09-15T12:15:19.015-0400: 136.416: [GC (GCLocker Initiated GC) [PSYoungGen: 143351K->61266K(175104K)] 350585K->268776K(699392K), 0.0088602 secs] [Times: user=0.07 sys=0.00, real=0.01 secs] 
2016-09-15T12:15:19.140-0400: 136.541: [GC (GCLocker Initiated GC) [PSYoungGen: 149330K->85626K(175104K)] 356887K->323866K(699392K), 0.0113678 secs] [Times: user=0.13 sys=0.00, real=0.01 secs] 
2016-09-15T12:15:19.253-0400: 136.654: [GC (GCLocker Initiated GC) [PSYoungGen: 173690K->85986K(175104K)] 418182K->391363K(699392K), 0.0136766 secs] [Times: user=0.16 sys=0.00, real=0.01 secs] 
2016-09-15T12:15:19.397-0400: 136.798: [GC (GCLocker Initiated GC) [PSYoungGen: 174050K->43073K(175104K)] 485735K->403641K(699392K), 0.0171012 secs] [Times: user=0.18 sys=0.00, real=0.01 secs] 
2016-09-15T12:15:19.533-0400: 136.933: [GC (GCLocker Initiated GC) [PSYoungGen: 131137K->55191K(175104K)] 491729K->446425K(699392K), 0.0134660 secs] [Times: user=0.10 sys=0.00, real=0.01 secs] 
2016-09-15T12:15:19.688-0400: 137.088: [GC (GCLocker Initiated GC) [PSYoungGen: 143255K->55415K(175104K)] 546961K->477645K(699392K), 0.0152657 secs] [Times: user=0.20 sys=0.01, real=0.01 secs] 
2016-09-15T12:15:19.829-0400: 137.230: [GC (GCLocker Initiated GC) [PSYoungGen: 143479K->74196K(175104K)] 565986K->496831K(699392K), 0.0099707 secs] [Times: user=0.14 sys=0.00, real=0.01 secs] 
2016-09-15T12:15:19.978-0400: 137.379: [GC (GCLocker Initiated GC) [PSYoungGen: 162260K->55319K(175104K)] 591090K->502681K(699392K), 0.0087415 secs] [Times: user=0.10 sys=0.00, real=0.00 secs] 
2016-09-15T12:15:20.127-0400: 137.528: [Full GC (Ergonomics) [PSYoungGen: 143383K->0K(175104K)] [ParOldGen: 453579K->52962K(524288K)] 596962K->52962K(699392K), [Metaspace: 44429K->44429K(1087488K)], 0.0683113 secs] [Times: user=0.37 sys=0.01, real=0.07 secs] 
2016-09-15T12:15:20.315-0400: 137.716: [GC (GCLocker Initiated GC) [PSYoungGen: 88064K->73676K(175104K)] 141146K->126758K(699392K), 0.0109380 secs] [Times: user=0.11 sys=0.00, real=0.01 secs] 
2016-09-15T12:15:20.457-0400: 137.858: [GC (GCLocker Initiated GC) [PSYoungGen: 161740K->43397K(175104K)] 227014K->163661K(699392K), 0.0102196 secs] [Times: user=0.10 sys=0.00, real=0.01 secs] 
2016-09-15T12:15:20.588-0400: 137.989: [GC (GCLocker Initiated GC) [PSYoungGen: 131461K->67469K(175104K)] 257920K->236909K(699392K), 0.0140380 secs] [Times: user=0.17 sys=0.00, real=0.01 secs] 
2016-09-15T12:15:20.725-0400: 138.126: [GC (Allocation Failure) [PSYoungGen: 155533K->86150K(175104K)] 331274K->310643K(699392K), 0.0151275 secs] [Times: user=0.20 sys=0.00, real=0.02 secs] 
2016-09-15T12:15:20.741-0400: 138.141: [GC (GCLocker Initiated GC) [PSYoungGen: 86159K->96K(175104K)] 310653K->316430K(699392K), 0.0080145 secs] [Times: user=0.11 sys=0.00, real=0.01 secs] 
2016-09-15T12:15:20.856-0400: 138.257: [GC (GCLocker Initiated GC) [PSYoungGen: 87021K->86602K(175104K)] 409431K->415086K(699392K), 0.0098684 secs] [Times: user=0.15 sys=0.00, real=0.00 secs] 
2016-09-15T12:15:21.008-0400: 138.409: [GC (GCLocker Initiated GC) [PSYoungGen: 174666K->73736K(175104K)] 503343K->439590K(699392K), 0.0122162 secs] [Times: user=0.13 sys=0.00, real=0.01 secs] 
2016-09-15T12:15:21.129-0400: 138.530: [GC (GCLocker Initiated GC) [PSYoungGen: 161800K->85954K(175104K)] 528005K->458345K(699392K), 0.0098097 secs] [Times: user=0.09 sys=0.00, real=0.01 secs] 
2016-09-15T12:15:21.302-0400: 138.702: [GC (GCLocker Initiated GC) [PSYoungGen: 174018K->37190K(175104K)] 558774K->476937K(699392K), 0.0163033 secs] [Times: user=0.21 sys=0.00, real=0.02 secs] 
2016-09-15T12:15:21.318-0400: 138.719: [Full GC (Ergonomics) [PSYoungGen: 37190K->0K(175104K)] [ParOldGen: 439747K->52580K(524288K)] 476937K->52580K(699392K), [Metaspace: 44429K->44429K(1087488K)], 0.0629016 secs] [Times: user=0.42 sys=0.01, real=0.06 secs] 
2016-09-15T12:15:21.510-0400: 138.911: [GC (GCLocker Initiated GC) [PSYoungGen: 88064K->86182K(175104K)] 140787K->163205K(699392K), 0.0093515 secs] [Times: user=0.14 sys=0.01, real=0.01 secs] 
2016-09-15T12:15:21.649-0400: 139.050: [GC (GCLocker Initiated GC) [PSYoungGen: 174246K->61718K(175104K)] 257673K->218525K(699392K), 0.0134869 secs] [Times: user=0.17 sys=0.01, real=0.01 secs] 
2016-09-15T12:15:21.770-0400: 139.171: [GC (GCLocker Initiated GC) [PSYoungGen: 149782K->55479K(175104K)] 312873K->279652K(699392K), 0.0107520 secs] [Times: user=0.15 sys=0.00, real=0.01 secs] 
2016-09-15T12:15:21.913-0400: 139.314: [GC (GCLocker Initiated GC) [PSYoungGen: 143543K->86150K(175104K)] 367741K->328693K(699392K), 0.0137503 secs] [Times: user=0.18 sys=0.00, real=0.01 secs] 
2016-09-15T12:15:22.030-0400: 139.431: [GC (GCLocker Initiated GC) [PSYoungGen: 174214K->85822K(175104K)] 416853K->383468K(699392K), 0.0119364 secs] [Times: user=0.18 sys=0.00, real=0.01 secs] 
2016-09-15T12:15:22.185-0400: 139.586: [GC (GCLocker Initiated GC) [PSYoungGen: 173886K->79911K(175104K)] 471580K->432407K(699392K), 0.0125571 secs] [Times: user=0.17 sys=0.00, real=0.02 secs] 
2016-09-15T12:15:22.301-0400: 139.702: [GC (GCLocker Initiated GC) [PSYoungGen: 167975K->79747K(175104K)] 526734K->493505K(699392K), 0.0108504 secs] [Times: user=0.16 sys=0.01, real=0.01 secs] 
2016-09-15T12:15:22.435-0400: 139.836: [GC (GCLocker Initiated GC) [PSYoungGen: 167811K->85658K(175104K)] 581616K->566620K(699392K), 0.0131189 secs] [Times: user=0.19 sys=0.00, real=0.02 secs] 
2016-09-15T12:15:22.449-0400: 139.849: [Full GC (Ergonomics) [PSYoungGen: 85658K->0K(175104K)] [ParOldGen: 480962K->52655K(524288K)] 566620K->52655K(699392K), [Metaspace: 44429K->44429K(1087488K)], 0.0620615 secs] [Times: user=0.39 sys=0.01, real=0.06 secs] 
2016-09-15T12:15:22.632-0400: 140.033: [GC (GCLocker Initiated GC) [PSYoungGen: 88064K->86402K(175104K)] 159002K->163415K(699392K), 0.0090958 secs] [Times: user=0.10 sys=0.00, real=0.01 secs] 
2016-09-15T12:15:22.747-0400: 140.148: [GC (GCLocker Initiated GC) [PSYoungGen: 174466K->85922K(175104K)] 251527K->224733K(699392K), 0.0144681 secs] [Times: user=0.16 sys=0.01, real=0.02 secs] 
2016-09-15T12:15:22.890-0400: 140.291: [GC (GCLocker Initiated GC) [PSYoungGen: 173986K->61458K(175104K)] 312962K->285947K(699392K), 0.0148319 secs] [Times: user=0.21 sys=0.00, real=0.01 secs] 
2016-09-15T12:15:23.040-0400: 140.441: [GC (GCLocker Initiated GC) [PSYoungGen: 149522K->49312K(175104K)] 380235K->304577K(699392K), 0.0110637 secs] [Times: user=0.11 sys=0.00, real=0.01 secs] 
2016-09-15T12:15:23.179-0400: 140.579: [GC (Allocation Failure) [PSYoungGen: 137376K->55383K(175104K)] 399077K->317531K(699392K), 0.0258374 secs] [Times: user=0.31 sys=0.01, real=0.02 secs] 
2016-09-15T12:15:23.205-0400: 140.606: [GC (GCLocker Initiated GC) [PSYoungGen: 55918K->224K(175104K)] 318067K->317441K(699392K), 0.0092161 secs] [Times: user=0.08 sys=0.00, real=0.01 secs] 
2016-09-15T12:15:23.332-0400: 140.733: [GC (GCLocker Initiated GC) [PSYoungGen: 88288K->61782K(175104K)] 405512K->379022K(699392K), 0.0145596 secs] [Times: user=0.14 sys=0.00, real=0.01 secs] 
2016-09-15T12:15:23.482-0400: 140.882: [GC (GCLocker Initiated GC) [PSYoungGen: 149846K->86182K(175104K)] 467166K->428538K(699392K), 0.0113328 secs] [Times: user=0.14 sys=0.00, real=0.01 secs] 
2016-09-15T12:15:23.630-0400: 141.031: [GC (GCLocker Initiated GC) [PSYoungGen: 174246K->61394K(175104K)] 523038K->429007K(699392K), 0.0102661 secs] [Times: user=0.10 sys=0.00, real=0.01 secs] 
2016-09-15T12:15:23.765-0400: 141.166: [GC (GCLocker Initiated GC) [PSYoungGen: 149458K->85954K(175104K)] 517415K->460293K(699392K), 0.0320451 secs] [Times: user=0.44 sys=0.00, real=0.04 secs] 
2016-09-15T12:15:23.925-0400: 141.326: [GC (GCLocker Initiated GC) [PSYoungGen: 174018K->37094K(175104K)] 554592K->472767K(699392K), 0.0176266 secs] [Times: user=0.17 sys=0.00, real=0.02 secs] 
2016-09-15T12:15:23.943-0400: 141.343: [Full GC (Ergonomics) [PSYoungGen: 37094K->0K(175104K)] [ParOldGen: 435673K->58969K(524288K)] 472767K->58969K(699392K), [Metaspace: 44429K->44429K(1087488K)], 0.0655067 secs] [Times: user=0.36 sys=0.02, real=0.07 secs] 
2016-09-15T12:15:24.153-0400: 141.554: [GC (GCLocker Initiated GC) [PSYoungGen: 88061K->74092K(175104K)] 159530K->145560K(699392K), 0.0104095 secs] [Times: user=0.14 sys=0.00, real=0.01 secs] 
2016-09-15T12:15:24.292-0400: 141.692: [GC (GCLocker Initiated GC) [PSYoungGen: 162156K->55383K(175104K)] 239859K->176643K(699392K), 0.0218320 secs] [Times: user=0.23 sys=0.00, real=0.02 secs] 
2016-09-15T12:15:24.428-0400: 141.829: [GC (GCLocker Initiated GC) [PSYoungGen: 143447K->85758K(175104K)] 264782K->243695K(699392K), 0.0123295 secs] [Times: user=0.15 sys=0.00, real=0.01 secs] 
2016-09-15T12:15:24.554-0400: 141.954: [GC (GCLocker Initiated GC) [PSYoungGen: 173822K->49312K(175104K)] 331761K->243976K(699392K), 0.0223642 secs] [Times: user=0.19 sys=0.00, real=0.03 secs] 
2016-09-15T12:15:24.690-0400: 142.091: [GC (GCLocker Initiated GC) [PSYoungGen: 137376K->67337K(175104K)] 332345K->280963K(699392K), 0.0118244 secs] [Times: user=0.10 sys=0.01, real=0.01 secs] 
2016-09-15T12:15:24.838-0400: 142.239: [GC (GCLocker Initiated GC) [PSYoungGen: 155401K->85986K(175104K)] 369126K->336320K(699392K), 0.0104210 secs] [Times: user=0.14 sys=0.01, real=0.01 secs] 
2016-09-15T12:15:24.962-0400: 142.362: [GC (GCLocker Initiated GC) [PSYoungGen: 174050K->55415K(175104K)] 424415K->348612K(699392K), 0.0098343 secs] [Times: user=0.11 sys=0.00, real=0.01 secs] 
2016-09-15T12:15:25.105-0400: 142.506: [GC (GCLocker Initiated GC) [PSYoungGen: 143479K->67565K(175104K)] 442844K->403672K(699392K), 0.0264018 secs] [Times: user=0.34 sys=0.01, real=0.03 secs] 
2016-09-15T12:15:25.234-0400: 142.634: [GC (GCLocker Initiated GC) [PSYoungGen: 155629K->74000K(175104K)] 491784K->440838K(699392K), 0.0095343 secs] [Times: user=0.15 sys=0.00, real=0.01 secs] 
2016-09-15T12:15:25.361-0400: 142.761: [GC (GCLocker Initiated GC) [PSYoungGen: 162064K->73612K(175104K)] 529090K->440906K(699392K), 0.0110928 secs] [Times: user=0.10 sys=0.00, real=0.01 secs] 
2016-09-15T12:15:25.519-0400: 142.920: [GC (GCLocker Initiated GC) [PSYoungGen: 161676K->49212K(175104K)] 541229K->477845K(699392K), 0.0081510 secs] [Times: user=0.11 sys=0.00, real=0.00 secs] 
2016-09-15T12:15:25.662-0400: 143.063: [GC (GCLocker Initiated GC) [PSYoungGen: 137276K->61362K(175104K)] 572037K->514452K(699392K), 0.0165311 secs] [Times: user=0.18 sys=0.00, real=0.02 secs] 
2016-09-15T12:15:25.679-0400: 143.079: [Full GC (Ergonomics) [PSYoungGen: 61362K->0K(175104K)] [ParOldGen: 453090K->52756K(524288K)] 514452K->52756K(699392K), [Metaspace: 44430K->44430K(1087488K)], 0.0646535 secs] [Times: user=0.36 sys=0.00, real=0.06 secs] 
2016-09-15T12:15:25.849-0400: 143.250: [GC (GCLocker Initiated GC) [PSYoungGen: 88064K->86242K(175104K)] 140979K->145232K(699392K), 0.0118180 secs] [Times: user=0.10 sys=0.02, real=0.01 secs] 
2016-09-15T12:15:25.987-0400: 143.388: [GC (Allocation Failure) [PSYoungGen: 174306K->43201K(175104K)] 233635K->139963K(699392K), 0.0185449 secs] [Times: user=0.20 sys=0.00, real=0.02 secs] 
2016-09-15T12:15:26.136-0400: 143.537: [GC (GCLocker Initiated GC) [PSYoungGen: 126622K->55255K(175104K)] 229459K->176593K(699392K), 0.0127988 secs] [Times: user=0.14 sys=0.00, real=0.01 secs] 
2016-09-15T12:15:26.302-0400: 143.703: [GC (GCLocker Initiated GC) [PSYoungGen: 143319K->55223K(175104K)] 271048K->183047K(699392K), 0.0145020 secs] [Times: user=0.13 sys=0.00, real=0.02 secs] 
2016-09-15T12:15:26.448-0400: 143.848: [GC (GCLocker Initiated GC) [PSYoungGen: 143287K->55319K(175104K)] 271422K->220000K(699392K), 0.0154703 secs] [Times: user=0.11 sys=0.00, real=0.01 secs] 
2016-09-15T12:15:26.612-0400: 144.012: [GC (GCLocker Initiated GC) [PSYoungGen: 143383K->55519K(175104K)] 314140K->244613K(699392K), 0.0417128 secs] [Times: user=0.46 sys=0.01, real=0.04 secs] 
2016-09-15T12:15:26.762-0400: 144.162: [GC (GCLocker Initiated GC) [PSYoungGen: 143583K->61330K(175104K)] 338827K->256833K(699392K), 0.0162224 secs] [Times: user=0.17 sys=0.00, real=0.02 secs] 
2016-09-15T12:15:26.910-0400: 144.311: [GC (GCLocker Initiated GC) [PSYoungGen: 149394K->73772K(175104K)] 345119K->306074K(699392K), 0.0113970 secs] [Times: user=0.12 sys=0.00, real=0.01 secs] 
2016-09-15T12:15:27.038-0400: 144.439: [GC (GCLocker Initiated GC) [PSYoungGen: 161836K->79715K(175104K)] 400518K->336898K(699392K), 0.0101244 secs] [Times: user=0.11 sys=0.00, real=0.01 secs] 
2016-09-15T12:15:27.154-0400: 144.554: [GC (GCLocker Initiated GC) [PSYoungGen: 167779K->55419K(175104K)] 425184K->355452K(699392K), 0.0170934 secs] [Times: user=0.18 sys=0.00, real=0.02 secs] 
2016-09-15T12:15:27.292-0400: 144.693: [GC (GCLocker Initiated GC) [PSYoungGen: 143483K->49315K(175104K)] 443743K->374127K(699392K), 0.0338267 secs] [Times: user=0.32 sys=0.00, real=0.03 secs] 
2016-09-15T12:15:27.439-0400: 144.840: [GC (GCLocker Initiated GC) [PSYoungGen: 137379K->67533K(175104K)] 474523K->423356K(699392K), 0.0101744 secs] [Times: user=0.09 sys=0.01, real=0.01 secs] 
2016-09-15T12:15:27.588-0400: 144.988: [GC (GCLocker Initiated GC) [PSYoungGen: 155597K->55419K(175104K)] 517851K->417760K(699392K), 0.0167291 secs] [Times: user=0.18 sys=0.00, real=0.01 secs] 
2016-09-15T12:15:27.716-0400: 145.117: [GC (GCLocker Initiated GC) [PSYoungGen: 143483K->55251K(175104K)] 505867K->454400K(699392K), 0.0089456 secs] [Times: user=0.11 sys=0.00, real=0.00 secs] 
2016-09-15T12:15:27.852-0400: 145.253: [GC (GCLocker Initiated GC) [PSYoungGen: 143315K->67569K(175104K)] 542483K->485098K(699392K), 0.0137699 secs] [Times: user=0.15 sys=0.00, real=0.01 secs] 
2016-09-15T12:15:28.027-0400: 145.428: [GC (GCLocker Initiated GC) [PSYoungGen: 155633K->24556K(175104K)] 579691K->479561K(699392K), 0.0280845 secs] [Times: user=0.26 sys=0.01, real=0.03 secs] 
2016-09-15T12:15:28.190-0400: 145.590: [Full GC (Ergonomics) [PSYoungGen: 112620K->0K(175104K)] [ParOldGen: 479609K->53141K(524288K)] 592229K->53141K(699392K), [Metaspace: 44433K->44433K(1087488K)], 0.0656252 secs] [Times: user=0.37 sys=0.01, real=0.06 secs] 
2016-09-15T12:15:28.395-0400: 145.796: [GC (Allocation Failure) [PSYoungGen: 88064K->37293K(175104K)] 153699K->102929K(699392K), 0.0127800 secs] [Times: user=0.13 sys=0.00, real=0.02 secs] 
2016-09-15T12:15:28.513-0400: 145.914: [GC (GCLocker Initiated GC) [PSYoungGen: 121661K->55283K(175104K)] 193371K->145698K(699392K), 0.0099300 secs] [Times: user=0.14 sys=0.01, real=0.01 secs] 
2016-09-15T12:15:28.655-0400: 146.056: [GC (GCLocker Initiated GC) [PSYoungGen: 143347K->74132K(175104K)] 239878K->170790K(699392K), 0.0100277 secs] [Times: user=0.12 sys=0.00, real=0.01 secs] 
2016-09-15T12:15:28.768-0400: 146.168: [GC (GCLocker Initiated GC) [PSYoungGen: 162196K->79683K(175104K)] 258907K->213292K(699392K), 0.0154290 secs] [Times: user=0.18 sys=0.00, real=0.01 secs] 
2016-09-15T12:15:28.883-0400: 146.284: [GC (GCLocker Initiated GC) [PSYoungGen: 167747K->85858K(175104K)] 301409K->262149K(699392K), 0.0263472 secs] [Times: user=0.29 sys=0.00, real=0.03 secs] 
2016-09-15T12:15:29.024-0400: 146.425: [GC (GCLocker Initiated GC) [PSYoungGen: 173922K->73608K(175104K)] 350278K->323172K(699392K), 0.0161983 secs] [Times: user=0.22 sys=0.00, real=0.02 secs] 
2016-09-15T12:15:29.158-0400: 146.558: [GC (GCLocker Initiated GC) [PSYoungGen: 161672K->85986K(175104K)] 411463K->378625K(699392K), 0.0301688 secs] [Times: user=0.45 sys=0.01, real=0.03 secs] 
2016-09-15T12:15:29.311-0400: 146.712: [GC (GCLocker Initiated GC) [PSYoungGen: 174050K->49116K(175104K)] 472828K->378513K(699392K), 0.0113698 secs] [Times: user=0.10 sys=0.01, real=0.01 secs] 
2016-09-15T12:15:29.460-0400: 146.860: [GC (GCLocker Initiated GC) [PSYoungGen: 137180K->31054K(175104K)] 478981K->397400K(699392K), 0.0163663 secs] [Times: user=0.15 sys=0.01, real=0.02 secs] 
2016-09-15T12:15:29.606-0400: 147.007: [GC (GCLocker Initiated GC) [PSYoungGen: 119118K->55679K(175104K)] 492022K->447278K(699392K), 0.0098217 secs] [Times: user=0.11 sys=0.00, real=0.02 secs] 
2016-09-15T12:15:29.725-0400: 147.125: [GC (GCLocker Initiated GC) [PSYoungGen: 143743K->73672K(175104K)] 535367K->483853K(699392K), 0.0088019 secs] [Times: user=0.12 sys=0.00, real=0.01 secs] 
2016-09-15T12:15:29.860-0400: 147.261: [GC (GCLocker Initiated GC) [PSYoungGen: 161736K->85822K(175104K)] 578039K->532800K(699392K), 0.0114030 secs] [Times: user=0.15 sys=0.00, real=0.01 secs] 
2016-09-15T12:15:30.012-0400: 147.412: [GC (GCLocker Initiated GC) [PSYoungGen: 173886K->55355K(175104K)] 627194K->557538K(699392K), 0.0212308 secs] [Times: user=0.20 sys=0.00, real=0.02 secs] 
2016-09-15T12:15:30.033-0400: 147.434: [Full GC (Ergonomics) [PSYoungGen: 55355K->0K(175104K)] [ParOldGen: 502183K->53362K(524288K)] 557538K->53362K(699392K), [Metaspace: 44433K->44433K(1087488K)], 0.0774841 secs] [Times: user=0.53 sys=0.01, real=0.08 secs] 
2016-09-15T12:15:30.216-0400: 147.616: [GC (GCLocker Initiated GC) [PSYoungGen: 88064K->86242K(175104K)] 141703K->164181K(699392K), 0.0099027 secs] [Times: user=0.12 sys=0.00, real=0.01 secs] 
2016-09-15T12:15:30.346-0400: 147.747: [GC (GCLocker Initiated GC) [PSYoungGen: 174306K->55679K(175104K)] 258580K->176975K(699392K), 0.0161332 secs] [Times: user=0.20 sys=0.00, real=0.02 secs] 
2016-09-15T12:15:30.498-0400: 147.899: [GC (GCLocker Initiated GC) [PSYoungGen: 143743K->73544K(175104K)] 277315K->225961K(699392K), 0.0228688 secs] [Times: user=0.26 sys=0.01, real=0.02 secs] 
2016-09-15T12:15:30.674-0400: 148.075: [GC (Allocation Failure) [PSYoungGen: 161608K->55319K(175104K)] 320337K->250618K(699392K), 0.0274106 secs] [Times: user=0.33 sys=0.00, real=0.03 secs] 
2016-09-15T12:15:30.829-0400: 148.229: [GC (GCLocker Initiated GC) [PSYoungGen: 143383K->67533K(175104K)] 338687K->281174K(699392K), 0.0228594 secs] [Times: user=0.27 sys=0.00, real=0.02 secs] 
2016-09-15T12:15:30.965-0400: 148.366: [GC (GCLocker Initiated GC) [PSYoungGen: 155597K->61522K(175104K)] 369453K->311972K(699392K), 0.0158041 secs] [Times: user=0.18 sys=0.01, real=0.02 secs] 
2016-09-15T12:15:31.112-0400: 148.513: [GC (GCLocker Initiated GC) [PSYoungGen: 149586K->49831K(175104K)] 406113K->361201K(699392K), 0.0109283 secs] [Times: user=0.16 sys=0.00, real=0.01 secs] 
2016-09-15T12:15:31.235-0400: 148.636: [GC (GCLocker Initiated GC) [PSYoungGen: 137895K->73540K(175104K)] 455523K->428416K(699392K), 0.0334952 secs] [Times: user=0.43 sys=0.01, real=0.04 secs] 
2016-09-15T12:15:31.394-0400: 148.795: [GC (GCLocker Initiated GC) [PSYoungGen: 161604K->55874K(175104K)] 516544K->447408K(699392K), 0.0101484 secs] [Times: user=0.14 sys=0.00, real=0.01 secs] 
2016-09-15T12:15:31.510-0400: 148.910: [GC (GCLocker Initiated GC) [PSYoungGen: 143938K->85758K(175104K)] 541757K->526557K(699392K), 0.0114805 secs] [Times: user=0.15 sys=0.00, real=0.01 secs] 
2016-09-15T12:15:31.614-0400: 149.015: [GC (GCLocker Initiated GC) [PSYoungGen: 173822K->61558K(175104K)] 614781K->563354K(699392K), 0.0244674 secs] [Times: user=0.31 sys=0.00, real=0.03 secs] 
2016-09-15T12:15:31.639-0400: 149.040: [Full GC (Ergonomics) [PSYoungGen: 61558K->0K(175104K)] [ParOldGen: 501796K->59636K(524288K)] 563354K->59636K(699392K), [Metaspace: 44433K->44433K(1087488K)], 0.0612214 secs] [Times: user=0.36 sys=0.01, real=0.06 secs] 
2016-09-15T12:15:31.803-0400: 149.203: [GC (GCLocker Initiated GC) [PSYoungGen: 88064K->86538K(175104K)] 153935K->182784K(699392K), 0.0104446 secs] [Times: user=0.11 sys=0.02, real=0.01 secs] 
2016-09-15T12:15:31.960-0400: 149.361: [GC (GCLocker Initiated GC) [PSYoungGen: 174602K->49404K(175104K)] 270890K->255934K(699392K), 0.0119563 secs] [Times: user=0.18 sys=0.00, real=0.01 secs] 
2016-09-15T12:15:32.093-0400: 149.494: [GC (GCLocker Initiated GC) [PSYoungGen: 137468K->73608K(175104K)] 344152K->335251K(699392K), 0.0129777 secs] [Times: user=0.16 sys=0.00, real=0.01 secs] 
2016-09-15T12:15:32.248-0400: 149.649: [GC (GCLocker Initiated GC) [PSYoungGen: 161672K->73508K(175104K)] 429728K->378330K(699392K), 0.0167494 secs] [Times: user=0.21 sys=0.00, real=0.01 secs] 
2016-09-15T12:15:32.385-0400: 149.786: [GC (GCLocker Initiated GC) [PSYoungGen: 161569K->73740K(175104K)] 466752K->379058K(699392K), 0.0087131 secs] [Times: user=0.10 sys=0.00, real=0.01 secs] 
2016-09-15T12:15:32.497-0400: 149.898: [GC (GCLocker Initiated GC) [PSYoungGen: 161804K->73672K(175104K)] 467287K->403746K(699392K), 0.0131860 secs] [Times: user=0.15 sys=0.00, real=0.01 secs] 
2016-09-15T12:15:32.616-0400: 150.017: [GC (GCLocker Initiated GC) [PSYoungGen: 161736K->80011K(175104K)] 497977K->434620K(699392K), 0.0160060 secs] [Times: user=0.17 sys=0.00, real=0.01 secs] 
2016-09-15T12:15:32.755-0400: 150.156: [GC (Allocation Failure) [PSYoungGen: 168074K->55579K(175104K)] 523039K->429216K(699392K), 0.0121384 secs] [Times: user=0.13 sys=0.00, real=0.01 secs] 
2016-09-15T12:15:32.869-0400: 150.270: [GC (GCLocker Initiated GC) [PSYoungGen: 143643K->79619K(175104K)] 517286K->483733K(699392K), 0.0124420 secs] [Times: user=0.15 sys=0.00, real=0.01 secs] 
2016-09-15T12:15:33.016-0400: 150.416: [GC (GCLocker Initiated GC) [PSYoungGen: 167683K->73804K(175104K)] 578138K->484394K(699392K), 0.0117220 secs] [Times: user=0.14 sys=0.01, real=0.01 secs] 
2016-09-15T12:15:33.158-0400: 150.558: [GC (GCLocker Initiated GC) [PSYoungGen: 161868K->61362K(175104K)] 578788K->496782K(699392K), 0.0239778 secs] [Times: user=0.27 sys=0.00, real=0.02 secs] 
2016-09-15T12:15:33.292-0400: 150.693: [GC (GCLocker Initiated GC) [PSYoungGen: 149426K->73644K(175104K)] 590963K->539585K(699392K), 0.0175819 secs] [Times: user=0.18 sys=0.00, real=0.02 secs] 
2016-09-15T12:15:33.310-0400: 150.710: [Full GC (Ergonomics) [PSYoungGen: 73644K->0K(175104K)] [ParOldGen: 465940K->53431K(524288K)] 539585K->53431K(699392K), [Metaspace: 44448K->44448K(1087488K)], 0.0611865 secs] [Times: user=0.32 sys=0.01, real=0.06 secs] 
2016-09-15T12:15:33.499-0400: 150.900: [GC (GCLocker Initiated GC) [PSYoungGen: 88064K->86082K(175104K)] 147724K->163967K(699392K), 0.0220549 secs] [Times: user=0.25 sys=0.00, real=0.02 secs] 
2016-09-15T12:15:33.633-0400: 151.033: [GC (GCLocker Initiated GC) [PSYoungGen: 174146K->61522K(175104K)] 252292K->219199K(699392K), 0.0399934 secs] [Times: user=0.45 sys=0.00, real=0.04 secs] 
2016-09-15T12:15:33.802-0400: 151.203: [GC (GCLocker Initiated GC) [PSYoungGen: 149586K->86086K(175104K)] 307304K->274495K(699392K), 0.0171452 secs] [Times: user=0.22 sys=0.01, real=0.02 secs] 
2016-09-15T12:15:33.936-0400: 151.337: [GC (GCLocker Initiated GC) [PSYoungGen: 174150K->55383K(175104K)] 368721K->311323K(699392K), 0.0090754 secs] [Times: user=0.11 sys=0.00, real=0.00 secs] 
2016-09-15T12:15:34.072-0400: 151.473: [GC (GCLocker Initiated GC) [PSYoungGen: 143447K->68024K(175104K)] 405510K->336438K(699392K), 0.0119730 secs] [Times: user=0.10 sys=0.00, real=0.01 secs] 
2016-09-15T12:15:34.236-0400: 151.637: [GC (GCLocker Initiated GC) [PSYoungGen: 156088K->49276K(175104K)] 424646K->391024K(699392K), 0.0168587 secs] [Times: user=0.18 sys=0.01, real=0.01 secs] 
2016-09-15T12:15:34.382-0400: 151.783: [GC (GCLocker Initiated GC) [PSYoungGen: 137340K->85758K(175104K)] 479287K->446089K(699392K), 0.0101984 secs] [Times: user=0.14 sys=0.00, real=0.01 secs] 
2016-09-15T12:15:34.525-0400: 151.926: [GC (GCLocker Initiated GC) [PSYoungGen: 173822K->67729K(175104K)] 546424K->501388K(699392K), 0.0099748 secs] [Times: user=0.15 sys=0.00, real=0.01 secs] 
2016-09-15T12:15:34.535-0400: 151.936: [Full GC (Ergonomics) [PSYoungGen: 67729K->0K(175104K)] [ParOldGen: 433659K->53067K(524288K)] 501388K->53067K(699392K), [Metaspace: 44448K->44448K(1087488K)], 0.0722559 secs] [Times: user=0.61 sys=0.00, real=0.07 secs] 
2016-09-15T12:15:34.725-0400: 152.126: [GC (GCLocker Initiated GC) [PSYoungGen: 88064K->86078K(175104K)] 141308K->145397K(699392K), 0.0083574 secs] [Times: user=0.11 sys=0.00, real=0.01 secs] 
2016-09-15T12:15:34.860-0400: 152.260: [GC (GCLocker Initiated GC) [PSYoungGen: 174142K->55647K(175104K)] 233537K->152031K(699392K), 0.0092271 secs] [Times: user=0.12 sys=0.01, real=0.01 secs] 
2016-09-15T12:15:34.976-0400: 152.377: [GC (GCLocker Initiated GC) [PSYoungGen: 143711K->85790K(175104K)] 240372K->188850K(699392K), 0.0086174 secs] [Times: user=0.11 sys=0.01, real=0.00 secs] 
2016-09-15T12:15:35.104-0400: 152.504: [GC (Allocation Failure) [PSYoungGen: 173854K->73968K(175104K)] 277157K->214028K(699392K), 0.0079895 secs] [Times: user=0.10 sys=0.01, real=0.01 secs] 
2016-09-15T12:15:35.230-0400: 152.630: [GC (GCLocker Initiated GC) [PSYoungGen: 162032K->85854K(175104K)] 302098K->250504K(699392K), 0.0103959 secs] [Times: user=0.14 sys=0.00, real=0.01 secs] 
2016-09-15T12:15:35.344-0400: 152.745: [GC (Allocation Failure) [PSYoungGen: 173918K->73640K(175104K)] 338677K->287142K(699392K), 0.0093482 secs] [Times: user=0.14 sys=0.00, real=0.01 secs] 
2016-09-15T12:15:35.476-0400: 152.877: [GC (GCLocker Initiated GC) [PSYoungGen: 161704K->74295K(175104K)] 375206K->324588K(699392K), 0.0099468 secs] [Times: user=0.16 sys=0.00, real=0.00 secs] 
2016-09-15T12:15:35.629-0400: 153.030: [GC (GCLocker Initiated GC) [PSYoungGen: 162359K->55191K(175104K)] 425140K->318403K(699392K), 0.0163516 secs] [Times: user=0.13 sys=0.00, real=0.01 secs] 
2016-09-15T12:15:35.784-0400: 153.185: [GC (GCLocker Initiated GC) [PSYoungGen: 143255K->55319K(175104K)] 412768K->343340K(699392K), 0.0160866 secs] [Times: user=0.16 sys=0.00, real=0.02 secs] 
2016-09-15T12:15:35.922-0400: 153.322: [GC (GCLocker Initiated GC) [PSYoungGen: 143383K->67601K(175104K)] 437684K->380238K(699392K), 0.0200120 secs] [Times: user=0.24 sys=0.00, real=0.02 secs] 
2016-09-15T12:15:36.065-0400: 153.466: [GC (GCLocker Initiated GC) [PSYoungGen: 155665K->79715K(175104K)] 468467K->447656K(699392K), 0.0174179 secs] [Times: user=0.21 sys=0.00, real=0.02 secs] 
2016-09-15T12:15:36.205-0400: 153.606: [GC (GCLocker Initiated GC) [PSYoungGen: 167779K->55579K(175104K)] 548090K->484798K(699392K), 0.0104361 secs] [Times: user=0.13 sys=0.01, real=0.02 secs] 
2016-09-15T12:15:36.352-0400: 153.752: [GC (GCLocker Initiated GC) [PSYoungGen: 143643K->73640K(175104K)] 579187K->527700K(699392K), 0.0098242 secs] [Times: user=0.14 sys=0.00, real=0.01 secs] 
2016-09-15T12:15:36.362-0400: 153.762: [Full GC (Ergonomics) [PSYoungGen: 73640K->0K(175104K)] [ParOldGen: 454060K->59444K(524288K)] 527700K->59444K(699392K), [Metaspace: 44448K->44448K(1087488K)], 0.0640442 secs] [Times: user=0.46 sys=0.01, real=0.06 secs] 
2016-09-15T12:15:36.546-0400: 153.947: [GC (GCLocker Initiated GC) [PSYoungGen: 88064K->74231K(175104K)] 147869K->134037K(699392K), 0.0076515 secs] [Times: user=0.06 sys=0.00, real=0.01 secs] 
2016-09-15T12:15:36.682-0400: 154.083: [GC (GCLocker Initiated GC) [PSYoungGen: 162295K->43009K(175104K)] 234449K->133787K(699392K), 0.0116196 secs] [Times: user=0.08 sys=0.01, real=0.01 secs] 
2016-09-15T12:15:36.814-0400: 154.215: [GC (GCLocker Initiated GC) [PSYoungGen: 131073K->79879K(175104K)] 222072K->170998K(699392K), 0.0256992 secs] [Times: user=0.31 sys=0.00, real=0.03 secs] 
2016-09-15T12:15:36.958-0400: 154.358: [GC (Allocation Failure) [PSYoungGen: 167943K->68024K(175104K)] 259288K->202219K(699392K), 0.0158033 secs] [Times: user=0.22 sys=0.01, real=0.01 secs] 
2016-09-15T12:15:37.070-0400: 154.470: [GC (GCLocker Initiated GC) [PSYoungGen: 156088K->79683K(175104K)] 290288K->257035K(699392K), 0.0124203 secs] [Times: user=0.15 sys=0.00, real=0.01 secs] 
2016-09-15T12:15:37.217-0400: 154.618: [GC (GCLocker Initiated GC) [PSYoungGen: 167747K->73576K(175104K)] 345460K->269813K(699392K), 0.0221403 secs] [Times: user=0.29 sys=0.02, real=0.02 secs] 
2016-09-15T12:15:37.371-0400: 154.772: [GC (GCLocker Initiated GC) [PSYoungGen: 161640K->73576K(175104K)] 357905K->288357K(699392K), 0.0116067 secs] [Times: user=0.13 sys=0.01, real=0.01 secs] 
2016-09-15T12:15:37.506-0400: 154.907: [GC (GCLocker Initiated GC) [PSYoungGen: 161640K->61458K(175104K)] 382784K->337445K(699392K), 0.0103692 secs] [Times: user=0.14 sys=0.02, real=0.02 secs] 
2016-09-15T12:15:37.647-0400: 155.047: [GC (GCLocker Initiated GC) [PSYoungGen: 149522K->61949K(175104K)] 425819K->356608K(699392K), 0.0150721 secs] [Times: user=0.17 sys=0.00, real=0.02 secs] 
2016-09-15T12:15:37.760-0400: 155.161: [GC (GCLocker Initiated GC) [PSYoungGen: 150013K->61358K(175104K)] 444945K->399301K(699392K), 0.0093015 secs] [Times: user=0.12 sys=0.00, real=0.01 secs] 
2016-09-15T12:15:37.872-0400: 155.273: [GC (GCLocker Initiated GC) [PSYoungGen: 149422K->86018K(175104K)] 487458K->448529K(699392K), 0.0089101 secs] [Times: user=0.12 sys=0.01, real=0.01 secs] 
2016-09-15T12:15:38.003-0400: 155.404: [GC (GCLocker Initiated GC) [PSYoungGen: 174082K->73836K(175104K)] 548931K->479508K(699392K), 0.0093160 secs] [Times: user=0.10 sys=0.00, real=0.01 secs] 
2016-09-15T12:15:38.154-0400: 155.554: [GC (Allocation Failure) [PSYoungGen: 161900K->61298K(175104K)] 567871K->491861K(699392K), 0.0123311 secs] [Times: user=0.11 sys=0.00, real=0.01 secs] 
2016-09-15T12:15:38.289-0400: 155.689: [GC (GCLocker Initiated GC) [PSYoungGen: 149362K->49244K(175104K)] 579930K->540838K(699392K), 0.0137680 secs] [Times: user=0.11 sys=0.00, real=0.01 secs] 
2016-09-15T12:15:38.302-0400: 155.703: [Full GC (Ergonomics) [PSYoungGen: 49244K->0K(175104K)] [ParOldGen: 491594K->53257K(524288K)] 540838K->53257K(699392K), [Metaspace: 44451K->44451K(1087488K)], 0.0697916 secs] [Times: user=0.52 sys=0.00, real=0.07 secs] 
2016-09-15T12:15:38.500-0400: 155.901: [GC (Allocation Failure) [PSYoungGen: 88064K->74644K(175104K)] 147407K->133987K(699392K), 0.0079344 secs] [Times: user=0.10 sys=0.01, real=0.01 secs] 
2016-09-15T12:15:38.624-0400: 156.024: [GC (GCLocker Initiated GC) [PSYoungGen: 162708K->79811K(175104K)] 222057K->189071K(699392K), 0.0187069 secs] [Times: user=0.24 sys=0.01, real=0.02 secs] 
2016-09-15T12:15:38.784-0400: 156.184: [GC (Allocation Failure) [PSYoungGen: 167875K->43237K(175104K)] 277239K->189170K(699392K), 0.0137528 secs] [Times: user=0.17 sys=0.00, real=0.02 secs] 
2016-09-15T12:15:38.885-0400: 156.286: [GC (GCLocker Initiated GC) [PSYoungGen: 125561K->79683K(175104K)] 277569K->280599K(699392K), 0.0112592 secs] [Times: user=0.14 sys=0.00, real=0.02 secs] 
2016-09-15T12:15:39.036-0400: 156.437: [GC (GCLocker Initiated GC) [PSYoungGen: 167747K->55547K(175104K)] 375099K->281267K(699392K), 0.0097962 secs] [Times: user=0.14 sys=0.00, real=0.00 secs] 
2016-09-15T12:15:39.160-0400: 156.561: [GC (GCLocker Initiated GC) [PSYoungGen: 143611K->73672K(175104K)] 369401K->299745K(699392K), 0.0098520 secs] [Times: user=0.11 sys=0.00, real=0.01 secs] 
2016-09-15T12:15:39.285-0400: 156.686: [GC (GCLocker Initiated GC) [PSYoungGen: 161736K->85726K(175104K)] 387997K->336430K(699392K), 0.0152591 secs] [Times: user=0.16 sys=0.01, real=0.02 secs] 
2016-09-15T12:15:39.443-0400: 156.843: [GC (GCLocker Initiated GC) [PSYoungGen: 173790K->55351K(175104K)] 430701K->355251K(699392K), 0.0268170 secs] [Times: user=0.27 sys=0.02, real=0.03 secs] 
2016-09-15T12:15:39.617-0400: 157.018: [GC (GCLocker Initiated GC) [PSYoungGen: 143415K->61294K(175104K)] 449510K->367680K(699392K), 0.0128113 secs] [Times: user=0.15 sys=0.01, real=0.01 secs] 
2016-09-15T12:15:39.726-0400: 157.127: [GC (GCLocker Initiated GC) [PSYoungGen: 149358K->73544K(175104K)] 455825K->440889K(699392K), 0.0171085 secs] [Times: user=0.19 sys=0.00, real=0.02 secs] 
2016-09-15T12:15:39.872-0400: 157.272: [GC (GCLocker Initiated GC) [PSYoungGen: 161608K->55842K(175104K)] 535383K->484404K(699392K), 0.0248391 secs] [Times: user=0.27 sys=0.00, real=0.03 secs] 
2016-09-15T12:15:40.008-0400: 157.409: [Full GC (Ergonomics) [PSYoungGen: 143906K->0K(175104K)] [ParOldGen: 441061K->59714K(524288K)] 584968K->59714K(699392K), [Metaspace: 44457K->44457K(1087488K)], 0.0704408 secs] [Times: user=0.38 sys=0.01, real=0.07 secs] 
2016-09-15T12:15:40.200-0400: 157.601: [GC (GCLocker Initiated GC) [PSYoungGen: 88064K->86242K(175104K)] 154012K->158266K(699392K), 0.0082931 secs] [Times: user=0.09 sys=0.00, real=0.01 secs] 
2016-09-15T12:15:40.340-0400: 157.740: [GC (GCLocker Initiated GC) [PSYoungGen: 174306K->55383K(175104K)] 252569K->182942K(699392K), 0.0251988 secs] [Times: user=0.27 sys=0.00, real=0.02 secs] 
2016-09-15T12:15:40.483-0400: 157.884: [GC (GCLocker Initiated GC) [PSYoungGen: 143447K->61622K(175104K)] 271378K->226107K(699392K), 0.0184935 secs] [Times: user=0.21 sys=0.00, real=0.02 secs] 
2016-09-15T12:15:40.621-0400: 158.022: [GC (GCLocker Initiated GC) [PSYoungGen: 149686K->85822K(175104K)] 314240K->274991K(699392K), 0.0110078 secs] [Times: user=0.14 sys=0.01, real=0.01 secs] 
2016-09-15T12:15:40.763-0400: 158.164: [GC (GCLocker Initiated GC) [PSYoungGen: 173886K->55447K(175104K)] 363355K->287577K(699392K), 0.0083944 secs] [Times: user=0.11 sys=0.00, real=0.01 secs] 
2016-09-15T12:15:40.890-0400: 158.291: [GC (GCLocker Initiated GC) [PSYoungGen: 143511K->55611K(175104K)] 375654K->348819K(699392K), 0.0098467 secs] [Times: user=0.11 sys=0.00, real=0.01 secs] 
2016-09-15T12:15:40.992-0400: 158.393: [GC (GCLocker Initiated GC) [PSYoungGen: 143675K->79979K(175104K)] 436998K->373742K(699392K), 0.0202361 secs] [Times: user=0.20 sys=0.00, real=0.02 secs] 
2016-09-15T12:15:41.119-0400: 158.520: [GC (GCLocker Initiated GC) [PSYoungGen: 168043K->61558K(175104K)] 462015K->404421K(699392K), 0.0164558 secs] [Times: user=0.13 sys=0.01, real=0.02 secs] 
2016-09-15T12:15:41.265-0400: 158.665: [GC (GCLocker Initiated GC) [PSYoungGen: 149622K->73868K(175104K)] 498725K->441504K(699392K), 0.0094900 secs] [Times: user=0.14 sys=0.00, real=0.01 secs] 
2016-09-15T12:15:41.400-0400: 158.801: [GC (GCLocker Initiated GC) [PSYoungGen: 161932K->73772K(175104K)] 529626K->441750K(699392K), 0.0100678 secs] [Times: user=0.13 sys=0.00, real=0.01 secs] 
2016-09-15T12:15:41.527-0400: 158.928: [GC (GCLocker Initiated GC) [PSYoungGen: 161836K->43041K(175104K)] 529877K->435634K(699392K), 0.0119664 secs] [Times: user=0.10 sys=0.00, real=0.02 secs] 
2016-09-15T12:15:41.648-0400: 159.048: [GC (GCLocker Initiated GC) [PSYoungGen: 131105K->55223K(175104K)] 523723K->478484K(699392K), 0.0130274 secs] [Times: user=0.12 sys=0.00, real=0.01 secs] 
2016-09-15T12:15:41.800-0400: 159.201: [GC (GCLocker Initiated GC) [PSYoungGen: 143287K->79751K(175104K)] 566590K->521586K(699392K), 0.0324866 secs] [Times: user=0.45 sys=0.01, real=0.03 secs] 
2016-09-15T12:15:41.976-0400: 159.376: [Full GC (Ergonomics) [PSYoungGen: 167815K->0K(175104K)] [ParOldGen: 460309K->52612K(524288K)] 628124K->52612K(699392K), [Metaspace: 44458K->44458K(1087488K)], 0.1057174 secs] [Times: user=1.01 sys=0.01, real=0.10 secs] 
2016-09-15T12:15:42.227-0400: 159.628: [GC (Allocation Failure) [PSYoungGen: 88064K->61654K(175104K)] 140678K->114268K(699392K), 0.0140097 secs] [Times: user=0.22 sys=0.00, real=0.02 secs] 
2016-09-15T12:15:42.326-0400: 159.727: [GC (Allocation Failure) [PSYoungGen: 144294K->85822K(175104K)] 196908K->163028K(699392K), 0.0119251 secs] [Times: user=0.14 sys=0.00, real=0.02 secs] 
2016-09-15T12:15:42.458-0400: 159.858: [GC (GCLocker Initiated GC) [PSYoungGen: 168562K->85986K(175104K)] 251844K->199925K(699392K), 0.0134773 secs] [Times: user=0.14 sys=0.00, real=0.01 secs] 
2016-09-15T12:15:42.583-0400: 159.983: [GC (GCLocker Initiated GC) [PSYoungGen: 174050K->49244K(175104K)] 294308K->224453K(699392K), 0.0104065 secs] [Times: user=0.12 sys=0.00, real=0.01 secs] 
2016-09-15T12:15:42.711-0400: 160.111: [GC (GCLocker Initiated GC) [PSYoungGen: 137308K->73640K(175104K)] 312654K->316135K(699392K), 0.0146680 secs] [Times: user=0.21 sys=0.00, real=0.01 secs] 
2016-09-15T12:15:42.849-0400: 160.249: [GC (Allocation Failure) [PSYoungGen: 161701K->61622K(175104K)] 410621K->329034K(699392K), 0.0122570 secs] [Times: user=0.11 sys=0.00, real=0.01 secs] 
2016-09-15T12:15:42.982-0400: 160.383: [GC (GCLocker Initiated GC) [PSYoungGen: 149686K->55351K(175104K)] 417098K->341288K(699392K), 0.0085076 secs] [Times: user=0.08 sys=0.00, real=0.01 secs] 
2016-09-15T12:15:43.109-0400: 160.510: [GC (Allocation Failure) [PSYoungGen: 143415K->55775K(175104K)] 435670K->366398K(699392K), 0.0099436 secs] [Times: user=0.14 sys=0.01, real=0.01 secs] 
2016-09-15T12:15:43.252-0400: 160.653: [GC (GCLocker Initiated GC) [PSYoungGen: 143736K->55483K(175104K)] 460435K->391010K(699392K), 0.0133592 secs] [Times: user=0.15 sys=0.00, real=0.01 secs] 
2016-09-15T12:15:43.405-0400: 160.805: [GC (GCLocker Initiated GC) [PSYoungGen: 143547K->36870K(175104K)] 485409K->397200K(699392K), 0.0135167 secs] [Times: user=0.10 sys=0.00, real=0.02 secs] 
2016-09-15T12:15:43.541-0400: 160.942: [GC (GCLocker Initiated GC) [PSYoungGen: 124934K->55255K(175104K)] 485406K->446190K(699392K), 0.0231694 secs] [Times: user=0.23 sys=0.00, real=0.02 secs] 
2016-09-15T12:15:43.675-0400: 161.075: [GC (GCLocker Initiated GC) [PSYoungGen: 143319K->85826K(175104K)] 534554K->526124K(699392K), 0.0270684 secs] [Times: user=0.26 sys=0.01, real=0.03 secs] 
2016-09-15T12:15:43.811-0400: 161.211: [GC (GCLocker Initiated GC) [PSYoungGen: 173890K->49116K(175104K)] 614286K->520319K(699392K), 0.0163229 secs] [Times: user=0.12 sys=0.01, real=0.01 secs] 
2016-09-15T12:15:43.827-0400: 161.228: [Full GC (Ergonomics) [PSYoungGen: 49116K->0K(175104K)] [ParOldGen: 471203K->52810K(524288K)] 520319K->52810K(699392K), [Metaspace: 44467K->44467K(1087488K)], 0.0638629 secs] [Times: user=0.33 sys=0.02, real=0.07 secs] 
2016-09-15T12:15:44.000-0400: 161.401: [GC (GCLocker Initiated GC) [PSYoungGen: 88064K->86374K(175104K)] 140915K->169601K(699392K), 0.0101085 secs] [Times: user=0.11 sys=0.00, real=0.01 secs] 
2016-09-15T12:15:44.155-0400: 161.555: [GC (GCLocker Initiated GC) [PSYoungGen: 174438K->43037K(175104K)] 257807K->212168K(699392K), 0.0308196 secs] [Times: user=0.35 sys=0.00, real=0.03 secs] 
2016-09-15T12:15:44.318-0400: 161.719: [GC (GCLocker Initiated GC) [PSYoungGen: 131101K->67861K(175104K)] 312457K->285803K(699392K), 0.0108069 secs] [Times: user=0.15 sys=0.00, real=0.01 secs] 
2016-09-15T12:15:44.466-0400: 161.867: [GC (GCLocker Initiated GC) [PSYoungGen: 155925K->85658K(175104K)] 386059K->352737K(699392K), 0.0110094 secs] [Times: user=0.17 sys=0.00, real=0.02 secs] 
2016-09-15T12:15:44.609-0400: 162.010: [GC (GCLocker Initiated GC) [PSYoungGen: 173722K->73836K(175104K)] 447114K->402055K(699392K), 0.0123274 secs] [Times: user=0.17 sys=0.00, real=0.01 secs] 
2016-09-15T12:15:44.744-0400: 162.145: [GC (GCLocker Initiated GC) [PSYoungGen: 161900K->61198K(175104K)] 496275K->408154K(699392K), 0.0088344 secs] [Times: user=0.07 sys=0.00, real=0.01 secs] 
2016-09-15T12:15:44.884-0400: 162.284: [GC (Allocation Failure) [PSYoungGen: 149262K->37290K(175104K)] 496327K->439158K(699392K), 0.0163824 secs] [Times: user=0.16 sys=0.00, real=0.02 secs] 
2016-09-15T12:15:45.033-0400: 162.433: [GC (GCLocker Initiated GC) [PSYoungGen: 125354K->67373K(175104K)] 527246K->487937K(699392K), 0.0163581 secs] [Times: user=0.16 sys=0.00, real=0.02 secs] 
2016-09-15T12:15:45.140-0400: 162.541: [GC (GCLocker Initiated GC) [PSYoungGen: 155437K->85694K(175104K)] 582432K->519235K(699392K), 0.0199069 secs] [Times: user=0.23 sys=0.00, real=0.02 secs] 
2016-09-15T12:15:45.299-0400: 162.700: [Full GC (Ergonomics) [PSYoungGen: 173758K->0K(175104K)] [ParOldGen: 445996K->46787K(524288K)] 619754K->46787K(699392K), [Metaspace: 44467K->44467K(1087488K)], 0.0643227 secs] [Times: user=0.29 sys=0.03, real=0.06 secs] 
2016-09-15T12:15:45.486-0400: 162.887: [GC (GCLocker Initiated GC) [PSYoungGen: 88064K->85822K(175104K)] 135218K->151201K(699392K), 0.0183877 secs] [Times: user=0.23 sys=0.00, real=0.02 secs] 
2016-09-15T12:15:45.633-0400: 163.034: [GC (GCLocker Initiated GC) [PSYoungGen: 173886K->43365K(175104K)] 245628K->163991K(699392K), 0.0142607 secs] [Times: user=0.15 sys=0.00, real=0.02 secs] 
2016-09-15T12:15:45.758-0400: 163.158: [GC (GCLocker Initiated GC) [PSYoungGen: 131429K->73544K(175104K)] 258267K->200658K(699392K), 0.0177801 secs] [Times: user=0.21 sys=0.00, real=0.01 secs] 
2016-09-15T12:15:45.898-0400: 163.298: [GC (Allocation Failure) [PSYoungGen: 161608K->85986K(175104K)] 294900K->243713K(699392K), 0.0195156 secs] [Times: user=0.26 sys=0.00, real=0.02 secs] 
2016-09-15T12:15:46.058-0400: 163.459: [GC (GCLocker Initiated GC) [PSYoungGen: 171075K->42973K(175104K)] 334878K->261726K(699392K), 0.0089396 secs] [Times: user=0.09 sys=0.00, real=0.00 secs] 
2016-09-15T12:15:46.222-0400: 163.623: [GC (GCLocker Initiated GC) [PSYoungGen: 131037K->73380K(175104K)] 349955K->292425K(699392K), 0.0227770 secs] [Times: user=0.27 sys=0.01, real=0.02 secs] 
2016-09-15T12:15:46.354-0400: 163.754: [GC (GCLocker Initiated GC) [PSYoungGen: 161444K->73508K(175104K)] 380502K->341318K(699392K), 0.0104217 secs] [Times: user=0.13 sys=0.01, real=0.01 secs] 
2016-09-15T12:15:46.502-0400: 163.903: [GC (GCLocker Initiated GC) [PSYoungGen: 161572K->55874K(175104K)] 435706K->366626K(699392K), 0.0102643 secs] [Times: user=0.14 sys=0.00, real=0.01 secs] 
2016-09-15T12:15:46.641-0400: 164.041: [GC (GCLocker Initiated GC) [PSYoungGen: 143938K->85594K(175104K)] 454828K->415179K(699392K), 0.0178785 secs] [Times: user=0.17 sys=0.03, real=0.02 secs] 
2016-09-15T12:15:46.805-0400: 164.206: [GC (GCLocker Initiated GC) [PSYoungGen: 173658K->67629K(175104K)] 509360K->464233K(699392K), 0.0131107 secs] [Times: user=0.15 sys=0.02, real=0.02 secs] 
2016-09-15T12:15:46.939-0400: 164.340: [GC (GCLocker Initiated GC) [PSYoungGen: 155693K->55123K(175104K)] 558727K->494898K(699392K), 0.0101668 secs] [Times: user=0.11 sys=0.01, real=0.01 secs] 
2016-09-15T12:15:47.071-0400: 164.471: [GC (GCLocker Initiated GC) [PSYoungGen: 143187K->73508K(175104K)] 583038K->531720K(699392K), 0.0094214 secs] [Times: user=0.12 sys=0.00, real=0.01 secs] 
2016-09-15T12:15:47.080-0400: 164.481: [Full GC (Ergonomics) [PSYoungGen: 73508K->0K(175104K)] [ParOldGen: 458212K->52794K(524288K)] 531720K->52794K(699392K), [Metaspace: 44471K->44471K(1087488K)], 0.0700921 secs] [Times: user=0.48 sys=0.01, real=0.07 secs] 
2016-09-15T12:15:47.262-0400: 164.662: [GC (GCLocker Initiated GC) [PSYoungGen: 88064K->86630K(175104K)] 140860K->151576K(699392K), 0.0114906 secs] [Times: user=0.14 sys=0.00, real=0.01 secs] 
2016-09-15T12:15:47.380-0400: 164.781: [GC (GCLocker Initiated GC) [PSYoungGen: 174694K->79911K(175104K)] 245880K->170298K(699392K), 0.0109739 secs] [Times: user=0.13 sys=0.00, real=0.01 secs] 
2016-09-15T12:15:47.506-0400: 164.907: [GC (GCLocker Initiated GC) [PSYoungGen: 167975K->73936K(175104K)] 264635K->195032K(699392K), 0.0121663 secs] [Times: user=0.15 sys=0.00, real=0.02 secs] 
2016-09-15T12:15:47.613-0400: 165.014: [GC (GCLocker Initiated GC) [PSYoungGen: 162000K->61522K(175104K)] 283149K->237974K(699392K), 0.0120145 secs] [Times: user=0.14 sys=0.02, real=0.01 secs] 
2016-09-15T12:15:47.738-0400: 165.138: [GC (GCLocker Initiated GC) [PSYoungGen: 149586K->68088K(175104K)] 332260K->281281K(699392K), 0.0200360 secs] [Times: user=0.21 sys=0.02, real=0.02 secs] 
2016-09-15T12:15:47.904-0400: 165.305: [GC (GCLocker Initiated GC) [PSYoungGen: 156152K->61362K(175104K)] 369432K->311491K(699392K), 0.0328933 secs] [Times: user=0.35 sys=0.02, real=0.04 secs] 
2016-09-15T12:15:48.069-0400: 165.470: [GC (Allocation Failure) [PSYoungGen: 149426K->67697K(175104K)] 399725K->366724K(699392K), 0.0287010 secs] [Times: user=0.35 sys=0.01, real=0.03 secs] 
2016-09-15T12:15:48.099-0400: 165.499: [GC (GCLocker Initiated GC) [PSYoungGen: 67714K->192K(175104K)] 366742K->372652K(699392K), 0.0076009 secs] [Times: user=0.07 sys=0.00, real=0.00 secs] 
2016-09-15T12:15:48.222-0400: 165.623: [GC (GCLocker Initiated GC) [PSYoungGen: 88256K->85726K(175104K)] 460721K->494649K(699392K), 0.0114226 secs] [Times: user=0.13 sys=0.01, real=0.01 secs] 
2016-09-15T12:15:48.359-0400: 165.759: [GC (GCLocker Initiated GC) [PSYoungGen: 173790K->55383K(175104K)] 582872K->537649K(699392K), 0.0272799 secs] [Times: user=0.32 sys=0.01, real=0.02 secs] 
2016-09-15T12:15:48.386-0400: 165.787: [Full GC (Ergonomics) [PSYoungGen: 55383K->0K(175104K)] [ParOldGen: 482266K->52928K(524288K)] 537649K->52928K(699392K), [Metaspace: 44471K->44471K(1087488K)], 0.0669314 secs] [Times: user=0.38 sys=0.02, real=0.07 secs] 
2016-09-15T12:15:48.554-0400: 165.955: [GC (GCLocker Initiated GC) [PSYoungGen: 88064K->86178K(175104K)] 141095K->145284K(699392K), 0.0101343 secs] [Times: user=0.13 sys=0.01, real=0.01 secs] 
2016-09-15T12:15:48.679-0400: 166.080: [GC (GCLocker Initiated GC) [PSYoungGen: 174242K->85694K(175104K)] 239471K->175762K(699392K), 0.0117228 secs] [Times: user=0.11 sys=0.01, real=0.01 secs] 
2016-09-15T12:15:48.809-0400: 166.210: [GC (GCLocker Initiated GC) [PSYoungGen: 173758K->61394K(175104K)] 270011K->188298K(699392K), 0.0238455 secs] [Times: user=0.25 sys=0.01, real=0.02 secs] 
2016-09-15T12:15:48.956-0400: 166.356: [GC (Allocation Failure) [PSYoungGen: 149458K->49116K(175104K)] 276624K->194782K(699392K), 0.0194586 secs] [Times: user=0.20 sys=0.01, real=0.01 secs] 
2016-09-15T12:15:49.086-0400: 166.487: [GC (GCLocker Initiated GC) [PSYoungGen: 134530K->61522K(175104K)] 286272K->250005K(699392K), 0.0119395 secs] [Times: user=0.11 sys=0.00, real=0.02 secs] 
2016-09-15T12:15:49.214-0400: 166.615: [GC (GCLocker Initiated GC) [PSYoungGen: 149586K->73740K(175104K)] 338150K->280673K(699392K), 0.0093526 secs] [Times: user=0.08 sys=0.00, real=0.01 secs] 
2016-09-15T12:15:49.380-0400: 166.781: [GC (GCLocker Initiated GC) [PSYoungGen: 161804K->36834K(175104K)] 374813K->311057K(699392K), 0.0138709 secs] [Times: user=0.15 sys=0.01, real=0.01 secs] 
2016-09-15T12:15:49.525-0400: 166.925: [GC (GCLocker Initiated GC) [PSYoungGen: 124898K->73544K(175104K)] 399370K->348143K(699392K), 0.0134311 secs] [Times: user=0.16 sys=0.00, real=0.02 secs] 
2016-09-15T12:15:49.651-0400: 167.052: [GC (GCLocker Initiated GC) [PSYoungGen: 161608K->73444K(175104K)] 442520K->372873K(699392K), 0.0160106 secs] [Times: user=0.18 sys=0.00, real=0.01 secs] 
2016-09-15T12:15:49.802-0400: 167.203: [GC (Allocation Failure) [PSYoungGen: 161508K->61526K(175104K)] 467132K->385502K(699392K), 0.0135359 secs] [Times: user=0.12 sys=0.01, real=0.02 secs] 
2016-09-15T12:15:49.816-0400: 167.217: [GC (GCLocker Initiated GC) [PSYoungGen: 61536K->32K(175104K)] 385512K->397450K(699392K), 0.0077875 secs] [Times: user=0.08 sys=0.01, real=0.00 secs] 
2016-09-15T12:15:49.962-0400: 167.363: [GC (GCLocker Initiated GC) [PSYoungGen: 88096K->85726K(175104K)] 485520K->495300K(699392K), 0.0202777 secs] [Times: user=0.23 sys=0.00, real=0.02 secs] 
2016-09-15T12:15:50.099-0400: 167.499: [GC (GCLocker Initiated GC) [PSYoungGen: 173790K->79619K(175104K)] 583473K->532127K(699392K), 0.0139083 secs] [Times: user=0.14 sys=0.00, real=0.01 secs] 
2016-09-15T12:15:50.113-0400: 167.513: [Full GC (Ergonomics) [PSYoungGen: 79619K->0K(175104K)] [ParOldGen: 452507K->53204K(524288K)] 532127K->53204K(699392K), [Metaspace: 44482K->44482K(1087488K)], 0.0642634 secs] [Times: user=0.36 sys=0.02, real=0.07 secs] 
2016-09-15T12:15:50.313-0400: 167.714: [GC (GCLocker Initiated GC) [PSYoungGen: 88064K->86929K(175104K)] 153599K->158540K(699392K), 0.0084576 secs] [Times: user=0.10 sys=0.01, real=0.01 secs] 
2016-09-15T12:15:50.457-0400: 167.857: [GC (GCLocker Initiated GC) [PSYoungGen: 174993K->55479K(175104K)] 253220K->189288K(699392K), 0.0119317 secs] [Times: user=0.16 sys=0.01, real=0.01 secs] 
2016-09-15T12:15:50.597-0400: 167.997: [GC (GCLocker Initiated GC) [PSYoungGen: 143543K->56070K(175104K)] 283580K->214509K(699392K), 0.0075109 secs] [Times: user=0.10 sys=0.00, real=0.00 secs] 
2016-09-15T12:15:50.721-0400: 168.122: [GC (GCLocker Initiated GC) [PSYoungGen: 144134K->55415K(175104K)] 308981K->238934K(699392K), 0.0080635 secs] [Times: user=0.11 sys=0.00, real=0.01 secs] 
2016-09-15T12:15:50.855-0400: 168.256: [GC (GCLocker Initiated GC) [PSYoungGen: 143479K->31054K(175104K)] 327001K->232905K(699392K), 0.0182965 secs] [Times: user=0.20 sys=0.02, real=0.02 secs] 
2016-09-15T12:15:50.992-0400: 168.393: [GC (Allocation Failure) [PSYoungGen: 119118K->55091K(175104K)] 321090K->257485K(699392K), 0.0091648 secs] [Times: user=0.09 sys=0.00, real=0.01 secs] 
2016-09-15T12:15:51.103-0400: 168.504: [GC (GCLocker Initiated GC) [PSYoungGen: 142786K->86150K(175104K)] 351256K->331197K(699392K), 0.0109650 secs] [Times: user=0.14 sys=0.00, real=0.01 secs] 
2016-09-15T12:15:51.256-0400: 168.657: [GC (GCLocker Initiated GC) [PSYoungGen: 174214K->48984K(175104K)] 425423K->336911K(699392K), 0.0151178 secs] [Times: user=0.18 sys=0.00, real=0.01 secs] 
2016-09-15T12:15:51.407-0400: 168.808: [GC (GCLocker Initiated GC) [PSYoungGen: 137048K->43173K(175104K)] 431186K->373849K(699392K), 0.0121436 secs] [Times: user=0.09 sys=0.00, real=0.02 secs] 
2016-09-15T12:15:51.547-0400: 168.948: [GC (GCLocker Initiated GC) [PSYoungGen: 131237K->85954K(175104K)] 462240K->429430K(699392K), 0.0101551 secs] [Times: user=0.11 sys=0.00, real=0.02 secs] 
2016-09-15T12:15:51.695-0400: 169.095: [GC (GCLocker Initiated GC) [PSYoungGen: 174018K->55451K(175104K)] 517642K->447794K(699392K), 0.0206920 secs] [Times: user=0.20 sys=0.01, real=0.02 secs] 
2016-09-15T12:15:51.830-0400: 169.231: [GC (GCLocker Initiated GC) [PSYoungGen: 143515K->79523K(175104K)] 536186K->472438K(699392K), 0.0106715 secs] [Times: user=0.09 sys=0.00, real=0.01 secs] 
2016-09-15T12:15:51.984-0400: 169.385: [GC (GCLocker Initiated GC) [PSYoungGen: 167587K->55255K(175104K)] 566625K->478696K(699392K), 0.0291692 secs] [Times: user=0.28 sys=0.00, real=0.03 secs] 
2016-09-15T12:15:52.133-0400: 169.533: [GC (GCLocker Initiated GC) [PSYoungGen: 143319K->61590K(175104K)] 567121K->503736K(699392K), 0.0245298 secs] [Times: user=0.27 sys=0.00, real=0.03 secs] 
2016-09-15T12:15:52.284-0400: 169.684: [GC (GCLocker Initiated GC) [PSYoungGen: 149654K->61330K(175104K)] 591820K->540190K(699392K), 0.0355492 secs] [Times: user=0.36 sys=0.00, real=0.04 secs] 
2016-09-15T12:15:52.319-0400: 169.720: [Full GC (Ergonomics) [PSYoungGen: 61330K->0K(175104K)] [ParOldGen: 478860K->53541K(524288K)] 540190K->53541K(699392K), [Metaspace: 44486K->44486K(1087488K)], 0.0634325 secs] [Times: user=0.32 sys=0.02, real=0.06 secs] 
2016-09-15T12:15:52.505-0400: 169.906: [GC (GCLocker Initiated GC) [PSYoungGen: 88064K->86442K(175104K)] 154088K->158541K(699392K), 0.0100411 secs] [Times: user=0.10 sys=0.00, real=0.01 secs] 
2016-09-15T12:15:52.624-0400: 170.025: [GC (GCLocker Initiated GC) [PSYoungGen: 174506K->73512K(175104K)] 246658K->188901K(699392K), 0.0168988 secs] [Times: user=0.19 sys=0.00, real=0.02 secs] 
2016-09-15T12:15:52.774-0400: 170.174: [GC (Allocation Failure) [PSYoungGen: 161576K->19164K(175104K)] 289381K->183695K(699392K), 0.0144068 secs] [Times: user=0.17 sys=0.00, real=0.02 secs] 
2016-09-15T12:15:52.913-0400: 170.313: [GC (GCLocker Initiated GC) [PSYoungGen: 105745K->55191K(175104K)] 276351K->226368K(699392K), 0.0176750 secs] [Times: user=0.16 sys=0.00, real=0.02 secs] 
2016-09-15T12:15:53.054-0400: 170.455: [GC (GCLocker Initiated GC) [PSYoungGen: 143255K->61394K(175104K)] 320818K->257490K(699392K), 0.0103085 secs] [Times: user=0.08 sys=0.01, real=0.01 secs] 
2016-09-15T12:15:53.183-0400: 170.584: [GC (Allocation Failure) [PSYoungGen: 149458K->55579K(175104K)] 345679K->294641K(699392K), 0.0113457 secs] [Times: user=0.14 sys=0.00, real=0.01 secs] 
2016-09-15T12:15:53.302-0400: 170.702: [GC (GCLocker Initiated GC) [PSYoungGen: 143643K->85822K(175104K)] 382705K->343760K(699392K), 0.0103238 secs] [Times: user=0.11 sys=0.00, real=0.01 secs] 
2016-09-15T12:15:53.420-0400: 170.821: [GC (GCLocker Initiated GC) [PSYoungGen: 173886K->61298K(175104K)] 432022K->337911K(699392K), 0.0185487 secs] [Times: user=0.16 sys=0.01, real=0.02 secs] 
2016-09-15T12:15:53.579-0400: 170.980: [GC (GCLocker Initiated GC) [PSYoungGen: 149362K->37521K(175104K)] 438396K->326823K(699392K), 0.0223092 secs] [Times: user=0.27 sys=0.00, real=0.02 secs] 
2016-09-15T12:15:53.727-0400: 171.128: [GC (GCLocker Initiated GC) [PSYoungGen: 125585K->73480K(175104K)] 414969K->381371K(699392K), 0.0143849 secs] [Times: user=0.15 sys=0.00, real=0.02 secs] 
2016-09-15T12:15:53.883-0400: 171.284: [GC (GCLocker Initiated GC) [PSYoungGen: 161544K->55319K(175104K)] 469595K->399924K(699392K), 0.0340881 secs] [Times: user=0.38 sys=0.00, real=0.04 secs] 
2016-09-15T12:15:54.046-0400: 171.447: [GC (GCLocker Initiated GC) [PSYoungGen: 143383K->55091K(175104K)] 494127K->454710K(699392K), 0.0270349 secs] [Times: user=0.28 sys=0.00, real=0.03 secs] 
2016-09-15T12:15:54.195-0400: 171.595: [GC (GCLocker Initiated GC) [PSYoungGen: 143155K->30891K(175104K)] 543057K->479497K(699392K), 0.0199788 secs] [Times: user=0.20 sys=0.00, real=0.02 secs] 
2016-09-15T12:15:54.370-0400: 171.770: [Full GC (Ergonomics) [PSYoungGen: 118955K->0K(175104K)] [ParOldGen: 467040K->47000K(524288K)] 585995K->47000K(699392K), [Metaspace: 44486K->44486K(1087488K)], 0.0666313 secs] [Times: user=0.32 sys=0.00, real=0.07 secs] 
2016-09-15T12:15:54.570-0400: 171.971: [GC (GCLocker Initiated GC) [PSYoungGen: 88064K->55419K(175104K)] 147302K->114657K(699392K), 0.0135668 secs] [Times: user=0.13 sys=0.01, real=0.01 secs] 
2016-09-15T12:15:54.706-0400: 172.107: [GC (GCLocker Initiated GC) [PSYoungGen: 143483K->43333K(175104K)] 203187K->121686K(699392K), 0.0097330 secs] [Times: user=0.11 sys=0.00, real=0.02 secs] 
2016-09-15T12:15:54.813-0400: 172.214: [GC (GCLocker Initiated GC) [PSYoungGen: 131397K->73544K(175104K)] 210105K->176820K(699392K), 0.0106376 secs] [Times: user=0.09 sys=0.00, real=0.01 secs] 
2016-09-15T12:15:54.922-0400: 172.323: [GC (GCLocker Initiated GC) [PSYoungGen: 161608K->73904K(175104K)] 264982K->232269K(699392K), 0.0142837 secs] [Times: user=0.17 sys=0.00, real=0.02 secs] 
2016-09-15T12:15:55.057-0400: 172.458: [GC (GCLocker Initiated GC) [PSYoungGen: 161968K->37062K(175104K)] 320337K->250522K(699392K), 0.0114664 secs] [Times: user=0.11 sys=0.00, real=0.01 secs] 
2016-09-15T12:15:55.208-0400: 172.609: [GC (GCLocker Initiated GC) [PSYoungGen: 125126K->85854K(175104K)] 344703K->311798K(699392K), 0.0168098 secs] [Times: user=0.18 sys=0.00, real=0.01 secs] 
2016-09-15T12:15:55.338-0400: 172.738: [GC (Allocation Failure) [PSYoungGen: 173918K->61426K(175104K)] 406113K->342528K(699392K), 0.0113849 secs] [Times: user=0.14 sys=0.00, real=0.01 secs] 
2016-09-15T12:15:55.471-0400: 172.871: [GC (GCLocker Initiated GC) [PSYoungGen: 149490K->49244K(175104K)] 430598K->367086K(699392K), 0.0105852 secs] [Times: user=0.09 sys=0.00, real=0.01 secs] 
2016-09-15T12:15:55.611-0400: 173.012: [GC (GCLocker Initiated GC) [PSYoungGen: 137308K->67505K(175104K)] 461462K->410159K(699392K), 0.0191466 secs] [Times: user=0.19 sys=0.00, real=0.02 secs] 
2016-09-15T12:15:55.745-0400: 173.146: [GC (GCLocker Initiated GC) [PSYoungGen: 155569K->67369K(175104K)] 498315K->428960K(699392K), 0.0360446 secs] [Times: user=0.42 sys=0.00, real=0.04 secs] 
2016-09-15T12:15:55.908-0400: 173.309: [GC (GCLocker Initiated GC) [PSYoungGen: 155433K->73868K(175104K)] 523332K->478368K(699392K), 0.0121042 secs] [Times: user=0.16 sys=0.01, real=0.01 secs] 
2016-09-15T12:15:56.058-0400: 173.459: [GC (GCLocker Initiated GC) [PSYoungGen: 161932K->55223K(175104K)] 566581K->496909K(699392K), 0.0137701 secs] [Times: user=0.14 sys=0.01, real=0.01 secs] 
2016-09-15T12:15:56.182-0400: 173.583: [GC (GCLocker Initiated GC) [PSYoungGen: 143287K->86150K(175104K)] 585038K->546269K(699392K), 0.0106512 secs] [Times: user=0.15 sys=0.00, real=0.01 secs] 
2016-09-15T12:15:56.193-0400: 173.594: [Full GC (Ergonomics) [PSYoungGen: 86150K->0K(175104K)] [ParOldGen: 460119K->47272K(524288K)] 546269K->47272K(699392K), [Metaspace: 44486K->44486K(1087488K)], 0.0632786 secs] [Times: user=0.42 sys=0.01, real=0.07 secs] 
2016-09-15T12:15:56.394-0400: 173.795: [GC (GCLocker Initiated GC) [PSYoungGen: 88064K->73864K(175104K)] 135344K->121144K(699392K), 0.0091565 secs] [Times: user=0.09 sys=0.01, real=0.01 secs] 
2016-09-15T12:15:56.512-0400: 173.912: [GC (GCLocker Initiated GC) [PSYoungGen: 161928K->55255K(175104K)] 215611K->145911K(699392K), 0.0175466 secs] [Times: user=0.16 sys=0.00, real=0.02 secs] 
2016-09-15T12:15:56.657-0400: 174.058: [GC (GCLocker Initiated GC) [PSYoungGen: 143319K->49212K(175104K)] 246324K->188958K(699392K), 0.0099926 secs] [Times: user=0.09 sys=0.00, real=0.00 secs] 
2016-09-15T12:15:56.798-0400: 174.198: [GC (GCLocker Initiated GC) [PSYoungGen: 137276K->67601K(175104K)] 277041K->231958K(699392K), 0.0220499 secs] [Times: user=0.24 sys=0.01, real=0.02 secs] 
2016-09-15T12:15:56.942-0400: 174.343: [GC (GCLocker Initiated GC) [PSYoungGen: 155665K->85726K(175104K)] 320069K->292955K(699392K), 0.0147514 secs] [Times: user=0.16 sys=0.01, real=0.02 secs] 
2016-09-15T12:15:57.091-0400: 174.491: [GC (GCLocker Initiated GC) [PSYoungGen: 173790K->73672K(175104K)] 381446K->342206K(699392K), 0.0126741 secs] [Times: user=0.18 sys=0.01, real=0.01 secs] 
2016-09-15T12:15:57.239-0400: 174.639: [GC (GCLocker Initiated GC) [PSYoungGen: 161736K->61622K(175104K)] 436420K->354822K(699392K), 0.0114583 secs] [Times: user=0.13 sys=0.00, real=0.01 secs] 
2016-09-15T12:15:57.388-0400: 174.789: [GC (Allocation Failure) [PSYoungGen: 149686K->55223K(175104K)] 442916K->366765K(699392K), 0.0130750 secs] [Times: user=0.14 sys=0.00, real=0.01 secs] 
2016-09-15T12:15:57.501-0400: 174.902: [GC (GCLocker Initiated GC) [PSYoungGen: 143287K->85822K(175104K)] 454830K->403755K(699392K), 0.0104497 secs] [Times: user=0.10 sys=0.00, real=0.01 secs] 
2016-09-15T12:15:57.633-0400: 175.034: [GC (GCLocker Initiated GC) [PSYoungGen: 173886K->85758K(175104K)] 492180K->428636K(699392K), 0.0162186 secs] [Times: user=0.19 sys=0.00, real=0.02 secs] 
2016-09-15T12:15:57.783-0400: 175.183: [GC (GCLocker Initiated GC) [PSYoungGen: 173822K->55711K(175104K)] 522850K->405030K(699392K), 0.0084458 secs] [Times: user=0.07 sys=0.00, real=0.01 secs] 
2016-09-15T12:15:57.938-0400: 175.338: [GC (Allocation Failure) [PSYoungGen: 143775K->55383K(175104K)] 499328K->429437K(699392K), 0.0104008 secs] [Times: user=0.11 sys=0.00, real=0.01 secs] 
2016-09-15T12:15:58.095-0400: 175.496: [GC (GCLocker Initiated GC) [PSYoungGen: 143447K->55255K(175104K)] 517502K->447630K(699392K), 0.0315261 secs] [Times: user=0.38 sys=0.00, real=0.03 secs] 
2016-09-15T12:15:58.244-0400: 175.645: [GC (GCLocker Initiated GC) [PSYoungGen: 143319K->73836K(175104K)] 535696K->484574K(699392K), 0.0125845 secs] [Times: user=0.16 sys=0.00, real=0.02 secs] 
2016-09-15T12:15:58.383-0400: 175.783: [GC (GCLocker Initiated GC) [PSYoungGen: 161900K->73640K(175104K)] 572803K->521276K(699392K), 0.0141326 secs] [Times: user=0.18 sys=0.00, real=0.02 secs] 
2016-09-15T12:15:58.497-0400: 175.898: [GC (GCLocker Initiated GC) --[PSYoungGen: 161704K->161704K(175104K)] 609376K->682420K(699392K), 0.0133224 secs] [Times: user=0.15 sys=0.01, real=0.01 secs] 
2016-09-15T12:15:58.511-0400: 175.911: [Full GC (Ergonomics) [PSYoungGen: 161704K->0K(175104K)] [ParOldGen: 520716K->53436K(524288K)] 682420K->53436K(699392K), [Metaspace: 44486K->44486K(1087488K)], 0.0624748 secs] [Times: user=0.34 sys=0.01, real=0.06 secs] 
2016-09-15T12:15:58.680-0400: 176.080: [GC (GCLocker Initiated GC) [PSYoungGen: 88064K->86694K(175104K)] 141783K->152563K(699392K), 0.0139694 secs] [Times: user=0.20 sys=0.00, real=0.01 secs] 
2016-09-15T12:15:58.813-0400: 176.213: [GC (GCLocker Initiated GC) [PSYoungGen: 174758K->73672K(175104K)] 246834K->201727K(699392K), 0.0122489 secs] [Times: user=0.16 sys=0.00, real=0.01 secs] 
2016-09-15T12:15:58.947-0400: 176.348: [GC (GCLocker Initiated GC) [PSYoungGen: 161736K->37322K(175104K)] 296177K->220482K(699392K), 0.0157719 secs] [Times: user=0.13 sys=0.00, real=0.02 secs] 
2016-09-15T12:15:59.079-0400: 176.480: [GC (Allocation Failure) [PSYoungGen: 125386K->55451K(175104K)] 308554K->275352K(699392K), 0.0110145 secs] [Times: user=0.10 sys=0.00, real=0.01 secs] 
2016-09-15T12:15:59.201-0400: 176.602: [GC (GCLocker Initiated GC) [PSYoungGen: 141615K->73672K(175104K)] 367591K->318149K(699392K), 0.0206426 secs] [Times: user=0.25 sys=0.01, real=0.02 secs] 
2016-09-15T12:15:59.333-0400: 176.734: [GC (GCLocker Initiated GC) [PSYoungGen: 161736K->55419K(175104K)] 412341K->324312K(699392K), 0.0107073 secs] [Times: user=0.08 sys=0.00, real=0.01 secs] 
2016-09-15T12:15:59.457-0400: 176.858: [GC (GCLocker Initiated GC) [PSYoungGen: 143483K->73704K(175104K)] 412378K->379389K(699392K), 0.0110693 secs] [Times: user=0.17 sys=0.01, real=0.01 secs] 
2016-09-15T12:15:59.596-0400: 176.997: [GC (GCLocker Initiated GC) [PSYoungGen: 161768K->85694K(175104K)] 467494K->415996K(699392K), 0.0100223 secs] [Times: user=0.12 sys=0.02, real=0.00 secs] 
2016-09-15T12:15:59.719-0400: 177.120: [GC (GCLocker Initiated GC) [PSYoungGen: 173758K->61362K(175104K)] 516247K->446683K(699392K), 0.0092308 secs] [Times: user=0.11 sys=0.01, real=0.01 secs] 
2016-09-15T12:15:59.860-0400: 177.261: [GC (GCLocker Initiated GC) [PSYoungGen: 149426K->67633K(175104K)] 540965K->501981K(699392K), 0.0135034 secs] [Times: user=0.11 sys=0.00, real=0.01 secs] 
2016-09-15T12:15:59.995-0400: 177.396: [GC (GCLocker Initiated GC) [PSYoungGen: 155697K->61362K(175104K)] 590226K->556776K(699392K), 0.0168226 secs] [Times: user=0.17 sys=0.01, real=0.02 secs] 
2016-09-15T12:16:00.012-0400: 177.413: [Full GC (Ergonomics) [PSYoungGen: 61362K->0K(175104K)] [ParOldGen: 495414K->47757K(524288K)] 556776K->47757K(699392K), [Metaspace: 44487K->44487K(1087488K)], 0.0587751 secs] [Times: user=0.23 sys=0.02, real=0.06 secs] 
2016-09-15T12:16:00.202-0400: 177.603: [GC (GCLocker Initiated GC) [PSYoungGen: 88064K->74388K(175104K)] 148295K->134619K(699392K), 0.0102661 secs] [Times: user=0.12 sys=0.00, real=0.01 secs] 
2016-09-15T12:16:00.349-0400: 177.750: [GC (GCLocker Initiated GC) [PSYoungGen: 162452K->30891K(175104K)] 228800K->128465K(699392K), 0.0082639 secs] [Times: user=0.08 sys=0.00, real=0.01 secs] 
2016-09-15T12:16:00.489-0400: 177.890: [GC (GCLocker Initiated GC) [PSYoungGen: 118955K->79747K(175104K)] 216711K->232346K(699392K), 0.0125693 secs] [Times: user=0.18 sys=0.00, real=0.01 secs] 
2016-09-15T12:16:00.633-0400: 178.034: [GC (GCLocker Initiated GC) [PSYoungGen: 167811K->85658K(175104K)] 326533K->281137K(699392K), 0.0114388 secs] [Times: user=0.14 sys=0.01, real=0.01 secs] 
2016-09-15T12:16:00.736-0400: 178.136: [GC (GCLocker Initiated GC) [PSYoungGen: 173722K->73772K(175104K)] 369478K->318303K(699392K), 0.0118023 secs] [Times: user=0.14 sys=0.01, real=0.01 secs] 
2016-09-15T12:16:00.861-0400: 178.262: [GC (GCLocker Initiated GC) [PSYoungGen: 161836K->85822K(175104K)] 406449K->379350K(699392K), 0.0133245 secs] [Times: user=0.17 sys=0.00, real=0.01 secs] 
2016-09-15T12:16:01.014-0400: 178.415: [GC (Allocation Failure) [PSYoungGen: 173886K->37094K(175104K)] 480187K->404445K(699392K), 0.0120326 secs] [Times: user=0.13 sys=0.00, real=0.01 secs] 
2016-09-15T12:16:01.142-0400: 178.543: [GC (GCLocker Initiated GC) [PSYoungGen: 125158K->86182K(175104K)] 492514K->459929K(699392K), 0.0095166 secs] [Times: user=0.13 sys=0.00, real=0.01 secs] 
2016-09-15T12:16:01.302-0400: 178.703: [GC (Allocation Failure) [PSYoungGen: 174246K->61394K(175104K)] 554098K->471888K(699392K), 0.0118081 secs] [Times: user=0.12 sys=0.00, real=0.01 secs] 
2016-09-15T12:16:01.451-0400: 178.851: [GC (GCLocker Initiated GC) [PSYoungGen: 146219K->55287K(175104K)] 562789K->472155K(699392K), 0.0192075 secs] [Times: user=0.22 sys=0.02, real=0.02 secs] 
2016-09-15T12:16:01.561-0400: 178.962: [GC (GCLocker Initiated GC) [PSYoungGen: 143351K->85566K(175104K)] 560295K->502770K(699392K), 0.0111580 secs] [Times: user=0.10 sys=0.00, real=0.01 secs] 
2016-09-15T12:16:01.700-0400: 179.101: [GC (GCLocker Initiated GC) [PSYoungGen: 173630K->36998K(175104K)] 602992K->515227K(699392K), 0.0211837 secs] [Times: user=0.20 sys=0.00, real=0.02 secs] 
2016-09-15T12:16:01.721-0400: 179.122: [Full GC (Ergonomics) [PSYoungGen: 36998K->0K(175104K)] [ParOldGen: 478229K->47383K(524288K)] 515227K->47383K(699392K), [Metaspace: 44487K->44487K(1087488K)], 0.0728794 secs] [Times: user=0.40 sys=0.01, real=0.07 secs] 
2016-09-15T12:16:01.908-0400: 179.309: [GC (GCLocker Initiated GC) [PSYoungGen: 88064K->79747K(175104K)] 135488K->127172K(699392K), 0.0114221 secs] [Times: user=0.09 sys=0.00, real=0.01 secs] 
2016-09-15T12:16:02.037-0400: 179.437: [GC (GCLocker Initiated GC) [PSYoungGen: 167811K->67405K(175104K)] 215462K->139880K(699392K), 0.0132389 secs] [Times: user=0.13 sys=0.00, real=0.01 secs] 
2016-09-15T12:16:02.159-0400: 179.559: [GC (GCLocker Initiated GC) [PSYoungGen: 155465K->73544K(175104K)] 234342K->183071K(699392K), 0.0114769 secs] [Times: user=0.12 sys=0.00, real=0.01 secs] 
2016-09-15T12:16:02.293-0400: 179.693: [GC (GCLocker Initiated GC) [PSYoungGen: 161608K->61690K(175104K)] 271252K->189851K(699392K), 0.0159342 secs] [Times: user=0.18 sys=0.00, real=0.02 secs] 
2016-09-15T12:16:02.431-0400: 179.831: [GC (GCLocker Initiated GC) [PSYoungGen: 149754K->85890K(175104K)] 278281K->239337K(699392K), 0.0338067 secs] [Times: user=0.39 sys=0.01, real=0.03 secs] 
2016-09-15T12:16:02.586-0400: 179.986: [GC (GCLocker Initiated GC) [PSYoungGen: 173954K->61490K(175104K)] 327504K->269826K(699392K), 0.0353462 secs] [Times: user=0.45 sys=0.00, real=0.04 secs] 
2016-09-15T12:16:02.744-0400: 180.144: [GC (GCLocker Initiated GC) [PSYoungGen: 149554K->55355K(175104K)] 364141K->306495K(699392K), 0.0123971 secs] [Times: user=0.12 sys=0.00, real=0.02 secs] 
2016-09-15T12:16:02.874-0400: 180.275: [GC (GCLocker Initiated GC) [PSYoungGen: 143419K->79747K(175104K)] 394921K->349905K(699392K), 0.0087773 secs] [Times: user=0.10 sys=0.01, real=0.01 secs] 
2016-09-15T12:16:03.010-0400: 180.410: [GC (GCLocker Initiated GC) [PSYoungGen: 167811K->61690K(175104K)] 438302K->368726K(699392K), 0.0256494 secs] [Times: user=0.35 sys=0.00, real=0.02 secs] 
2016-09-15T12:16:03.130-0400: 180.531: [GC (GCLocker Initiated GC) [PSYoungGen: 149754K->73640K(175104K)] 456961K->399340K(699392K), 0.0213197 secs] [Times: user=0.28 sys=0.01, real=0.02 secs] 
2016-09-15T12:16:03.252-0400: 180.653: [GC (GCLocker Initiated GC) [PSYoungGen: 161704K->85822K(175104K)] 487459K->435989K(699392K), 0.0130957 secs] [Times: user=0.16 sys=0.00, real=0.01 secs] 
2016-09-15T12:16:03.405-0400: 180.806: [GC (Allocation Failure) [PSYoungGen: 173886K->73544K(175104K)] 524173K->454506K(699392K), 0.0121336 secs] [Times: user=0.15 sys=0.01, real=0.02 secs] 
2016-09-15T12:16:03.531-0400: 180.932: [GC (GCLocker Initiated GC) [PSYoungGen: 161608K->85854K(175104K)] 542575K->521804K(699392K), 0.0176981 secs] [Times: user=0.18 sys=0.01, real=0.02 secs] 
2016-09-15T12:16:03.671-0400: 181.071: [GC (GCLocker Initiated GC) [PSYoungGen: 173918K->61686K(175104K)] 610111K->552698K(699392K), 0.0150571 secs] [Times: user=0.22 sys=0.01, real=0.01 secs] 
2016-09-15T12:16:03.686-0400: 181.086: [Full GC (Ergonomics) [PSYoungGen: 61686K->0K(175104K)] [ParOldGen: 491012K->54047K(524288K)] 552698K->54047K(699392K), [Metaspace: 44492K->44492K(1087488K)], 0.0657029 secs] [Times: user=0.52 sys=0.01, real=0.07 secs] 
2016-09-15T12:16:03.856-0400: 181.257: [GC (Allocation Failure) [PSYoungGen: 88064K->85790K(175104K)] 142214K->164240K(699392K), 0.0179543 secs] [Times: user=0.27 sys=0.00, real=0.01 secs] 
2016-09-15T12:16:04.002-0400: 181.402: [GC (GCLocker Initiated GC) [PSYoungGen: 173840K->55611K(175104K)] 258365K->195142K(699392K), 0.0120575 secs] [Times: user=0.16 sys=0.00, real=0.01 secs] 
2016-09-15T12:16:04.130-0400: 181.531: [GC (Allocation Failure) [PSYoungGen: 143675K->85690K(175104K)] 283321K->244041K(699392K), 0.0095422 secs] [Times: user=0.12 sys=0.01, real=0.01 secs] 
2016-09-15T12:16:04.273-0400: 181.674: [GC (GCLocker Initiated GC) [PSYoungGen: 170553K->73900K(175104K)] 334979K->323535K(699392K), 0.0128339 secs] [Times: user=0.19 sys=0.00, real=0.01 secs] 
2016-09-15T12:16:04.408-0400: 181.809: [GC (GCLocker Initiated GC) [PSYoungGen: 161964K->85626K(175104K)] 411743K->354110K(699392K), 0.0093065 secs] [Times: user=0.12 sys=0.00, real=0.01 secs] 
2016-09-15T12:16:04.540-0400: 181.941: [GC (GCLocker Initiated GC) [PSYoungGen: 173690K->73804K(175104K)] 442216K->421464K(699392K), 0.0165752 secs] [Times: user=0.19 sys=0.00, real=0.02 secs] 
2016-09-15T12:16:04.658-0400: 182.059: [GC (GCLocker Initiated GC) [PSYoungGen: 161868K->73708K(175104K)] 515768K->458415K(699392K), 0.0331042 secs] [Times: user=0.39 sys=0.00, real=0.03 secs] 
2016-09-15T12:16:04.812-0400: 182.213: [GC (GCLocker Initiated GC) [PSYoungGen: 161772K->55223K(175104K)] 546616K->440187K(699392K), 0.0078708 secs] [Times: user=0.09 sys=0.00, real=0.01 secs] 
2016-09-15T12:16:04.932-0400: 182.333: [GC (GCLocker Initiated GC) [PSYoungGen: 143287K->85726K(175104K)] 528439K->495469K(699392K), 0.0103310 secs] [Times: user=0.12 sys=0.00, real=0.01 secs] 
2016-09-15T12:16:05.061-0400: 182.461: [GC (GCLocker Initiated GC) [PSYoungGen: 173790K->79683K(175104K)] 589655K->562845K(699392K), 0.0172861 secs] [Times: user=0.22 sys=0.00, real=0.02 secs] 
2016-09-15T12:16:05.078-0400: 182.479: [Full GC (Ergonomics) [PSYoungGen: 79683K->0K(175104K)] [ParOldGen: 483162K->53902K(524288K)] 562845K->53902K(699392K), [Metaspace: 44496K->44496K(1087488K)], 0.0650451 secs] [Times: user=0.41 sys=0.02, real=0.06 secs] 
2016-09-15T12:16:05.254-0400: 182.655: [GC (GCLocker Initiated GC) [PSYoungGen: 88064K->86146K(175104K)] 148206K->188814K(699392K), 0.0118095 secs] [Times: user=0.13 sys=0.00, real=0.01 secs] 
2016-09-15T12:16:05.383-0400: 182.784: [GC (GCLocker Initiated GC) [PSYoungGen: 174210K->49244K(175104K)] 277076K->213587K(699392K), 0.0136600 secs] [Times: user=0.14 sys=0.00, real=0.02 secs] 
2016-09-15T12:16:05.529-0400: 182.930: [GC (GCLocker Initiated GC) [PSYoungGen: 137308K->55874K(175104K)] 314016K->250952K(699392K), 0.0200431 secs] [Times: user=0.23 sys=0.01, real=0.02 secs] 
2016-09-15T12:16:05.696-0400: 183.097: [GC (GCLocker Initiated GC) [PSYoungGen: 143938K->73704K(175104K)] 345233K->293531K(699392K), 0.0173211 secs] [Times: user=0.23 sys=0.00, real=0.01 secs] 
2016-09-15T12:16:05.833-0400: 183.233: [GC (Allocation Failure) [PSYoungGen: 161763K->85822K(175104K)] 381946K->348673K(699392K), 0.0098089 secs] [Times: user=0.14 sys=0.01, real=0.01 secs] 
2016-09-15T12:16:05.964-0400: 183.365: [GC (GCLocker Initiated GC) [PSYoungGen: 172872K->55351K(175104K)] 441798K->342777K(699392K), 0.0081769 secs] [Times: user=0.07 sys=0.00, real=0.01 secs] 
2016-09-15T12:16:06.093-0400: 183.493: [GC (GCLocker Initiated GC) [PSYoungGen: 143415K->55091K(175104K)] 430883K->379277K(699392K), 0.0129006 secs] [Times: user=0.13 sys=0.00, real=0.01 secs] 
2016-09-15T12:16:06.219-0400: 183.620: [GC (GCLocker Initiated GC) [PSYoungGen: 143154K->79943K(175104K)] 467707K->422856K(699392K), 0.0138588 secs] [Times: user=0.19 sys=0.01, real=0.01 secs] 
2016-09-15T12:16:06.367-0400: 183.768: [GC (GCLocker Initiated GC) [PSYoungGen: 168006K->55447K(175104K)] 511286K->435500K(699392K), 0.0120114 secs] [Times: user=0.16 sys=0.00, real=0.02 secs] 
2016-09-15T12:16:06.494-0400: 183.895: [GC (Allocation Failure) [PSYoungGen: 143508K->73772K(175104K)] 523912K->490956K(699392K), 0.0104749 secs] [Times: user=0.13 sys=0.01, real=0.01 secs] 
2016-09-15T12:16:06.627-0400: 184.028: [GC (GCLocker Initiated GC) [PSYoungGen: 161836K->85854K(175104K)] 579026K->521756K(699392K), 0.0126206 secs] [Times: user=0.13 sys=0.00, real=0.02 secs] 
2016-09-15T12:16:06.765-0400: 184.166: [GC (Allocation Failure) [PSYoungGen: 173918K->55647K(175104K)] 610176K->510265K(699392K), 0.0123023 secs] [Times: user=0.17 sys=0.00, real=0.02 secs] 
2016-09-15T12:16:06.777-0400: 184.178: [Full GC (Ergonomics) [PSYoungGen: 55647K->0K(175104K)] [ParOldGen: 454618K->47987K(524288K)] 510265K->47987K(699392K), [Metaspace: 44496K->44496K(1087488K)], 0.0653181 secs] [Times: user=0.48 sys=0.01, real=0.06 secs] 
2016-09-15T12:16:06.956-0400: 184.357: [GC (GCLocker Initiated GC) [PSYoungGen: 84897K->55155K(175104K)] 138959K->109217K(699392K), 0.0065663 secs] [Times: user=0.08 sys=0.00, real=0.00 secs] 
2016-09-15T12:16:07.065-0400: 184.466: [GC (GCLocker Initiated GC) [PSYoungGen: 143219K->79719K(175104K)] 203405K->164324K(699392K), 0.0108508 secs] [Times: user=0.08 sys=0.00, real=0.02 secs] 
2016-09-15T12:16:07.207-0400: 184.607: [GC (GCLocker Initiated GC) [PSYoungGen: 167783K->43137K(175104K)] 264670K->189236K(699392K), 0.0109166 secs] [Times: user=0.13 sys=0.00, real=0.02 secs] 
2016-09-15T12:16:07.328-0400: 184.729: [GC (GCLocker Initiated GC) [PSYoungGen: 131201K->73508K(175104K)] 277307K->219914K(699392K), 0.0226925 secs] [Times: user=0.34 sys=0.00, real=0.02 secs] 
2016-09-15T12:16:07.483-0400: 184.883: [GC (Allocation Failure) [PSYoungGen: 161572K->79847K(175104K)] 308025K->256851K(699392K), 0.0084807 secs] [Times: user=0.13 sys=0.00, real=0.01 secs] 
2016-09-15T12:16:07.612-0400: 185.013: [GC (GCLocker Initiated GC) [PSYoungGen: 167911K->67629K(175104K)] 344916K->318030K(699392K), 0.0106462 secs] [Times: user=0.15 sys=0.00, real=0.01 secs] 
2016-09-15T12:16:07.742-0400: 185.142: [GC (GCLocker Initiated GC) [PSYoungGen: 155693K->79879K(175104K)] 406192K->360904K(699392K), 0.0133261 secs] [Times: user=0.16 sys=0.00, real=0.01 secs] 
2016-09-15T12:16:07.856-0400: 185.257: [GC (GCLocker Initiated GC) [PSYoungGen: 167943K->55515K(175104K)] 455096K->385453K(699392K), 0.0113420 secs] [Times: user=0.11 sys=0.00, real=0.01 secs] 
2016-09-15T12:16:07.994-0400: 185.394: [GC (GCLocker Initiated GC) [PSYoungGen: 143579K->61818K(175104K)] 479662K->416277K(699392K), 0.0082962 secs] [Times: user=0.12 sys=0.00, real=0.01 secs] 
2016-09-15T12:16:08.127-0400: 185.528: [GC (GCLocker Initiated GC) [PSYoungGen: 149882K->55219K(175104K)] 510493K->440594K(699392K), 0.0263983 secs] [Times: user=0.23 sys=0.01, real=0.03 secs] 
2016-09-15T12:16:08.280-0400: 185.681: [GC (GCLocker Initiated GC) [PSYoungGen: 143283K->67669K(175104K)] 528699K->465354K(699392K), 0.0170791 secs] [Times: user=0.20 sys=0.00, real=0.02 secs] 
2016-09-15T12:16:08.450-0400: 185.850: [GC (GCLocker Initiated GC) [PSYoungGen: 155733K->12406K(175104K)] 553528K->440983K(699392K), 0.0282365 secs] [Times: user=0.22 sys=0.00, real=0.03 secs] 
2016-09-15T12:16:08.605-0400: 186.006: [GC (GCLocker Initiated GC) [PSYoungGen: 100470K->79391K(175104K)] 535164K->514189K(699392K), 0.0162359 secs] [Times: user=0.15 sys=0.00, real=0.02 secs] 
2016-09-15T12:16:08.718-0400: 186.119: [GC (GCLocker Initiated GC) [PSYoungGen: 167455K->79911K(175104K)] 602362K->593920K(699392K), 0.0294208 secs] [Times: user=0.30 sys=0.00, real=0.03 secs] 
2016-09-15T12:16:08.748-0400: 186.148: [Full GC (Ergonomics) [PSYoungGen: 79911K->0K(175104K)] [ParOldGen: 514009K->60717K(524288K)] 593920K->60717K(699392K), [Metaspace: 44497K->44497K(1087488K)], 0.0677113 secs] [Times: user=0.35 sys=0.01, real=0.06 secs] 
2016-09-15T12:16:08.928-0400: 186.329: [GC (Allocation Failure) [PSYoungGen: 88064K->80495K(175104K)] 155026K->147457K(699392K), 0.0124685 secs] [Times: user=0.14 sys=0.00, real=0.01 secs] 
2016-09-15T12:16:09.046-0400: 186.447: [GC (GCLocker Initiated GC) [PSYoungGen: 168559K->85822K(175104K)] 235527K->190148K(699392K), 0.0126843 secs] [Times: user=0.18 sys=0.02, real=0.02 secs] 
2016-09-15T12:16:09.198-0400: 186.599: [GC (GCLocker Initiated GC) [PSYoungGen: 173886K->37158K(175104K)] 290515K->154055K(699392K), 0.0065941 secs] [Times: user=0.08 sys=0.00, real=0.00 secs] 
2016-09-15T12:16:09.321-0400: 186.722: [GC (GCLocker Initiated GC) [PSYoungGen: 125222K->73444K(175104K)] 242162K->208892K(699392K), 0.0114955 secs] [Times: user=0.12 sys=0.00, real=0.01 secs] 
2016-09-15T12:16:09.448-0400: 186.848: [GC (GCLocker Initiated GC) [PSYoungGen: 161508K->55387K(175104K)] 297015K->227448K(699392K), 0.0128220 secs] [Times: user=0.12 sys=0.01, real=0.01 secs] 
2016-09-15T12:16:09.575-0400: 186.976: [GC (Allocation Failure) [PSYoungGen: 143451K->85890K(175104K)] 315643K->276755K(699392K), 0.0261087 secs] [Times: user=0.25 sys=0.00, real=0.03 secs] 
2016-09-15T12:16:09.733-0400: 187.134: [GC (GCLocker Initiated GC) [PSYoungGen: 173195K->42973K(175104K)] 370135K->301102K(699392K), 0.0132434 secs] [Times: user=0.14 sys=0.00, real=0.01 secs] 
2016-09-15T12:16:09.873-0400: 187.274: [GC (GCLocker Initiated GC) [PSYoungGen: 131037K->85726K(175104K)] 389280K->350196K(699392K), 0.0106845 secs] [Times: user=0.11 sys=0.00, real=0.01 secs] 
2016-09-15T12:16:10.004-0400: 187.405: [GC (GCLocker Initiated GC) [PSYoungGen: 173790K->55319K(175104K)] 444528K->344534K(699392K), 0.0143921 secs] [Times: user=0.16 sys=0.00, real=0.02 secs] 
2016-09-15T12:16:10.133-0400: 187.534: [GC (GCLocker Initiated GC) [PSYoungGen: 143383K->73936K(175104K)] 438945K->369782K(699392K), 0.0103199 secs] [Times: user=0.10 sys=0.01, real=0.01 secs] 
2016-09-15T12:16:10.267-0400: 187.668: [GC (GCLocker Initiated GC) [PSYoungGen: 162000K->73476K(175104K)] 458039K->406296K(699392K), 0.0223305 secs] [Times: user=0.25 sys=0.01, real=0.03 secs] 
2016-09-15T12:16:10.414-0400: 187.815: [GC (GCLocker Initiated GC) [PSYoungGen: 161540K->85790K(175104K)] 494944K->443590K(699392K), 0.0107676 secs] [Times: user=0.12 sys=0.00, real=0.01 secs] 
2016-09-15T12:16:10.554-0400: 187.955: [GC (GCLocker Initiated GC) [PSYoungGen: 173854K->73576K(175104K)] 537778K->474241K(699392K), 0.0200708 secs] [Times: user=0.20 sys=0.00, real=0.02 secs] 
2016-09-15T12:16:10.709-0400: 188.110: [GC (GCLocker Initiated GC) [PSYoungGen: 161640K->61330K(175104K)] 568422K->498755K(699392K), 0.0312132 secs] [Times: user=0.29 sys=0.00, real=0.03 secs] 
2016-09-15T12:16:10.873-0400: 188.274: [GC (GCLocker Initiated GC) [PSYoungGen: 149394K->61266K(175104K)] 587096K->529595K(699392K), 0.0196666 secs] [Times: user=0.15 sys=0.01, real=0.02 secs] 
2016-09-15T12:16:10.893-0400: 188.294: [Full GC (Ergonomics) [PSYoungGen: 61266K->0K(175104K)] [ParOldGen: 468329K->48372K(524288K)] 529595K->48372K(699392K), [Metaspace: 44497K->44497K(1087488K)], 0.0624838 secs] [Times: user=0.31 sys=0.01, real=0.06 secs] 
2016-09-15T12:16:11.082-0400: 188.483: [GC (GCLocker Initiated GC) [PSYoungGen: 88064K->85950K(175104K)] 148623K->158660K(699392K), 0.0146363 secs] [Times: user=0.16 sys=0.00, real=0.02 secs] 
2016-09-15T12:16:11.229-0400: 188.629: [GC (GCLocker Initiated GC) [PSYoungGen: 174014K->73640K(175104K)] 252958K->195657K(699392K), 0.0291134 secs] [Times: user=0.32 sys=0.00, real=0.03 secs] 
2016-09-15T12:16:11.364-0400: 188.764: [GC (GCLocker Initiated GC) [PSYoungGen: 161704K->79747K(175104K)] 283892K->232625K(699392K), 0.0106571 secs] [Times: user=0.13 sys=0.00, real=0.01 secs] 
2016-09-15T12:16:11.500-0400: 188.901: [GC (GCLocker Initiated GC) [PSYoungGen: 167811K->61622K(175104K)] 326817K->275431K(699392K), 0.0185596 secs] [Times: user=0.22 sys=0.00, real=0.02 secs] 
2016-09-15T12:16:11.636-0400: 189.036: [GC (GCLocker Initiated GC) [PSYoungGen: 149686K->85986K(175104K)] 363576K->385250K(699392K), 0.0124788 secs] [Times: user=0.18 sys=0.00, real=0.01 secs] 
2016-09-15T12:16:11.761-0400: 189.162: [GC (GCLocker Initiated GC) [PSYoungGen: 174050K->61654K(175104K)] 479437K->403783K(699392K), 0.0085241 secs] [Times: user=0.09 sys=0.00, real=0.01 secs] 
2016-09-15T12:16:11.916-0400: 189.316: [GC (GCLocker Initiated GC) [PSYoungGen: 149718K->49116K(175104K)] 497981K->434268K(699392K), 0.0118951 secs] [Times: user=0.12 sys=0.00, real=0.01 secs] 
2016-09-15T12:16:12.054-0400: 189.455: [GC (GCLocker Initiated GC) [PSYoungGen: 137180K->85690K(175104K)] 522381K->525873K(699392K), 0.0111533 secs] [Times: user=0.17 sys=0.00, real=0.01 secs] 
2016-09-15T12:16:12.195-0400: 189.596: [Full GC (Ergonomics) [PSYoungGen: 173754K->0K(175104K)] [ParOldGen: 446501K->54205K(524288K)] 620256K->54205K(699392K), [Metaspace: 44497K->44497K(1087488K)], 0.0710698 secs] [Times: user=0.48 sys=0.01, real=0.07 secs] 
2016-09-15T12:16:12.379-0400: 189.779: [GC (GCLocker Initiated GC) [PSYoungGen: 88064K->74651K(175104K)] 142557K->129145K(699392K), 0.0103564 secs] [Times: user=0.11 sys=0.00, real=0.01 secs] 
2016-09-15T12:16:12.504-0400: 189.905: [GC (GCLocker Initiated GC) [PSYoungGen: 162715K->61362K(175104K)] 217244K->134811K(699392K), 0.0148683 secs] [Times: user=0.13 sys=0.00, real=0.02 secs] 
2016-09-15T12:16:12.655-0400: 190.056: [GC (GCLocker Initiated GC) [PSYoungGen: 149426K->85822K(175104K)] 235067K->195899K(699392K), 0.0099736 secs] [Times: user=0.14 sys=0.00, real=0.01 secs] 
2016-09-15T12:16:12.803-0400: 190.204: [GC (GCLocker Initiated GC) [PSYoungGen: 173886K->55447K(175104K)] 296462K->233006K(699392K), 0.0126128 secs] [Times: user=0.14 sys=0.01, real=0.01 secs] 
2016-09-15T12:16:12.932-0400: 190.332: [GC (GCLocker Initiated GC) [PSYoungGen: 143511K->73576K(175104K)] 321279K->251644K(699392K), 0.0087938 secs] [Times: user=0.10 sys=0.01, real=0.01 secs] 
2016-09-15T12:16:13.062-0400: 190.463: [GC (GCLocker Initiated GC) [PSYoungGen: 161640K->86018K(175104K)] 339756K->337365K(699392K), 0.0200140 secs] [Times: user=0.22 sys=0.01, real=0.02 secs] 
2016-09-15T12:16:13.226-0400: 190.626: [GC (Allocation Failure) [PSYoungGen: 174082K->55579K(175104K)] 437918K->380448K(699392K), 0.0188457 secs] [Times: user=0.21 sys=0.00, real=0.02 secs] 
2016-09-15T12:16:13.384-0400: 190.785: [GC (GCLocker Initiated GC) [PSYoungGen: 142593K->37517K(175104K)] 473538K->368606K(699392K), 0.0105401 secs] [Times: user=0.14 sys=0.00, real=0.01 secs] 
2016-09-15T12:16:13.509-0400: 190.910: [GC (GCLocker Initiated GC) [PSYoungGen: 125581K->55483K(175104K)] 469169K->399182K(699392K), 0.0159095 secs] [Times: user=0.19 sys=0.00, real=0.01 secs] 
2016-09-15T12:16:13.670-0400: 191.071: [GC (GCLocker Initiated GC) [PSYoungGen: 143547K->73704K(175104K)] 493559K->442388K(699392K), 0.0100386 secs] [Times: user=0.12 sys=0.00, real=0.01 secs] 
2016-09-15T12:16:13.826-0400: 191.227: [GC (GCLocker Initiated GC) [PSYoungGen: 161768K->49443K(175104K)] 530657K->436645K(699392K), 0.0188434 secs] [Times: user=0.17 sys=0.00, real=0.02 secs] 
2016-09-15T12:16:13.954-0400: 191.355: [GC (GCLocker Initiated GC) [PSYoungGen: 137507K->79587K(175104K)] 531156K->473503K(699392K), 0.0128742 secs] [Times: user=0.13 sys=0.00, real=0.01 secs] 
2016-09-15T12:16:14.101-0400: 191.501: [GC (GCLocker Initiated GC) [PSYoungGen: 167651K->31282K(175104K)] 579906K->480099K(699392K), 0.0251692 secs] [Times: user=0.29 sys=0.00, real=0.02 secs] 
2016-09-15T12:16:14.126-0400: 191.527: [Full GC (Ergonomics) [PSYoungGen: 31282K->0K(175104K)] [ParOldGen: 448817K->54538K(524288K)] 480099K->54538K(699392K), [Metaspace: 44501K->44501K(1087488K)], 0.0629105 secs] [Times: user=0.35 sys=0.03, real=0.07 secs] 
2016-09-15T12:16:14.294-0400: 191.695: [GC (GCLocker Initiated GC) [PSYoungGen: 88064K->86210K(175104K)] 148804K->153025K(699392K), 0.0098038 secs] [Times: user=0.10 sys=0.01, real=0.01 secs] 
2016-09-15T12:16:14.423-0400: 191.824: [GC (GCLocker Initiated GC) [PSYoungGen: 174274K->80043K(175104K)] 241396K->184342K(699392K), 0.0121014 secs] [Times: user=0.15 sys=0.01, real=0.01 secs] 
2016-09-15T12:16:14.577-0400: 191.978: [GC (GCLocker Initiated GC) [PSYoungGen: 168107K->55351K(175104K)] 278702K->202835K(699392K), 0.0116576 secs] [Times: user=0.13 sys=0.00, real=0.01 secs] 
2016-09-15T12:16:14.737-0400: 192.137: [GC (Allocation Failure) [PSYoungGen: 143415K->37158K(175104K)] 297094K->221307K(699392K), 0.0139079 secs] [Times: user=0.14 sys=0.00, real=0.01 secs] 
2016-09-15T12:16:14.843-0400: 192.244: [GC (GCLocker Initiated GC) [PSYoungGen: 125222K->85894K(175104K)] 309377K->270128K(699392K), 0.0321803 secs] [Times: user=0.34 sys=0.00, real=0.04 secs] 
2016-09-15T12:16:14.982-0400: 192.383: [GC (GCLocker Initiated GC) [PSYoungGen: 173958K->55711K(175104K)] 358766K->277456K(699392K), 0.0084327 secs] [Times: user=0.12 sys=0.00, real=0.01 secs] 
2016-09-15T12:16:15.105-0400: 192.506: [GC (GCLocker Initiated GC) [PSYoungGen: 143775K->61882K(175104K)] 377964K->314455K(699392K), 0.0102026 secs] [Times: user=0.15 sys=0.00, real=0.01 secs] 
2016-09-15T12:16:15.245-0400: 192.646: [GC (GCLocker Initiated GC) [PSYoungGen: 149946K->73772K(175104K)] 402691K->351092K(699392K), 0.0140755 secs] [Times: user=0.18 sys=0.00, real=0.02 secs] 
2016-09-15T12:16:15.381-0400: 192.782: [GC (GCLocker Initiated GC) [PSYoungGen: 161836K->67597K(175104K)] 439243K->412316K(699392K), 0.0182621 secs] [Times: user=0.22 sys=0.00, real=0.02 secs] 
2016-09-15T12:16:15.532-0400: 192.933: [GC (GCLocker Initiated GC) [PSYoungGen: 155661K->43429K(175104K)] 512757K->443178K(699392K), 0.0175002 secs] [Times: user=0.19 sys=0.00, real=0.02 secs] 
2016-09-15T12:16:15.675-0400: 193.075: [GC (Allocation Failure) [PSYoungGen: 131493K->67437K(175104K)] 531468K->485904K(699392K), 0.0098278 secs] [Times: user=0.11 sys=0.00, real=0.01 secs] 
2016-09-15T12:16:15.802-0400: 193.202: [GC (GCLocker Initiated GC) [PSYoungGen: 151150K->73836K(175104K)] 575692K->528889K(699392K), 0.0120830 secs] [Times: user=0.14 sys=0.00, real=0.01 secs] 
2016-09-15T12:16:15.814-0400: 193.215: [Full GC (Ergonomics) [PSYoungGen: 73836K->0K(175104K)] [ParOldGen: 455053K->54393K(524288K)] 528889K->54393K(699392K), [Metaspace: 44501K->44501K(1087488K)], 0.0646498 secs] [Times: user=0.39 sys=0.02, real=0.07 secs] 
2016-09-15T12:16:16.018-0400: 193.419: [GC (GCLocker Initiated GC) [PSYoungGen: 88064K->85726K(175104K)] 148658K->158470K(699392K), 0.0122712 secs] [Times: user=0.14 sys=0.00, real=0.01 secs] 
2016-09-15T12:16:16.129-0400: 193.529: [GC (GCLocker Initiated GC) [PSYoungGen: 173790K->73704K(175104K)] 246699K->225904K(699392K), 0.0119493 secs] [Times: user=0.17 sys=0.00, real=0.01 secs] 
2016-09-15T12:16:16.260-0400: 193.661: [GC (GCLocker Initiated GC) [PSYoungGen: 161768K->67441K(175104K)] 313973K->232047K(699392K), 0.0138080 secs] [Times: user=0.10 sys=0.00, real=0.01 secs] 
2016-09-15T12:16:16.393-0400: 193.794: [GC (Allocation Failure) [PSYoungGen: 155505K->55219K(175104K)] 320236K->256848K(699392K), 0.0081744 secs] [Times: user=0.11 sys=0.01, real=0.01 secs] 
2016-09-15T12:16:16.507-0400: 193.908: [GC (GCLocker Initiated GC) [PSYoungGen: 138387K->73804K(175104K)] 346092K->281692K(699392K), 0.0088115 secs] [Times: user=0.12 sys=0.01, real=0.02 secs] 
2016-09-15T12:16:16.656-0400: 194.056: [GC (GCLocker Initiated GC) [PSYoungGen: 161868K->55383K(175104K)] 376086K->288289K(699392K), 0.0089792 secs] [Times: user=0.13 sys=0.00, real=0.00 secs] 
2016-09-15T12:16:16.789-0400: 194.189: [GC (Allocation Failure) [PSYoungGen: 143447K->43400K(175104K)] 382750K->282783K(699392K), 0.0120651 secs] [Times: user=0.06 sys=0.01, real=0.01 secs] 
2016-09-15T12:16:16.912-0400: 194.313: [GC (GCLocker Initiated GC) [PSYoungGen: 131464K->73476K(175104K)] 370853K->331552K(699392K), 0.0088435 secs] [Times: user=0.12 sys=0.00, real=0.01 secs] 
2016-09-15T12:16:17.056-0400: 194.456: [GC (GCLocker Initiated GC) [PSYoungGen: 161540K->61358K(175104K)] 425773K->380394K(699392K), 0.0124668 secs] [Times: user=0.16 sys=0.01, real=0.01 secs] 
2016-09-15T12:16:17.190-0400: 194.591: [GC (GCLocker Initiated GC) [PSYoungGen: 149422K->79947K(175104K)] 468483K->441668K(699392K), 0.0241159 secs] [Times: user=0.27 sys=0.00, real=0.02 secs] 
2016-09-15T12:16:17.325-0400: 194.726: [GC (GCLocker Initiated GC) [PSYoungGen: 168011K->85726K(175104K)] 541958K->496562K(699392K), 0.0293591 secs] [Times: user=0.34 sys=0.00, real=0.03 secs] 
2016-09-15T12:16:17.471-0400: 194.872: [GC (GCLocker Initiated GC) [PSYoungGen: 173790K->61522K(175104K)] 584813K->545621K(699392K), 0.0108901 secs] [Times: user=0.12 sys=0.02, real=0.01 secs] 
2016-09-15T12:16:17.482-0400: 194.883: [Full GC (Ergonomics) [PSYoungGen: 61522K->0K(175104K)] [ParOldGen: 484099K->54445K(524288K)] 545621K->54445K(699392K), [Metaspace: 44501K->44501K(1087488K)], 0.0645051 secs] [Times: user=0.37 sys=0.01, real=0.06 secs] 
2016-09-15T12:16:17.678-0400: 195.079: [GC (GCLocker Initiated GC) [PSYoungGen: 88064K->80071K(175104K)] 154836K->146843K(699392K), 0.0151297 secs] [Times: user=0.09 sys=0.01, real=0.01 secs] 
2016-09-15T12:16:17.836-0400: 195.237: [GC (GCLocker Initiated GC) [PSYoungGen: 168135K->79911K(175104K)] 241018K->196055K(699392K), 0.0130326 secs] [Times: user=0.14 sys=0.00, real=0.01 secs] 
2016-09-15T12:16:17.972-0400: 195.373: [GC (GCLocker Initiated GC) [PSYoungGen: 167975K->61394K(175104K)] 284283K->208205K(699392K), 0.0131838 secs] [Times: user=0.13 sys=0.00, real=0.01 secs] 
2016-09-15T12:16:18.096-0400: 195.496: [GC (GCLocker Initiated GC) [PSYoungGen: 149458K->49376K(175104K)] 296467K->220929K(699392K), 0.0173372 secs] [Times: user=0.19 sys=0.00, real=0.01 secs] 
2016-09-15T12:16:18.209-0400: 195.610: [GC (GCLocker Initiated GC) [PSYoungGen: 137440K->85726K(175104K)] 309247K->282093K(699392K), 0.0145758 secs] [Times: user=0.09 sys=0.01, real=0.01 secs] 
2016-09-15T12:16:18.331-0400: 195.732: [GC (GCLocker Initiated GC) [PSYoungGen: 173790K->85990K(175104K)] 370401K->288943K(699392K), 0.0155091 secs] [Times: user=0.13 sys=0.00, real=0.01 secs] 
2016-09-15T12:16:18.484-0400: 195.885: [GC (GCLocker Initiated GC) [PSYoungGen: 174054K->73608K(175104K)] 377055K->343889K(699392K), 0.0121491 secs] [Times: user=0.16 sys=0.00, real=0.02 secs] 
2016-09-15T12:16:18.626-0400: 196.026: [GC (Allocation Failure) [PSYoungGen: 161672K->73544K(175104K)] 431995K->374541K(699392K), 0.0185894 secs] [Times: user=0.23 sys=0.00, real=0.02 secs] 
2016-09-15T12:16:18.758-0400: 196.158: [GC (GCLocker Initiated GC) [PSYoungGen: 161608K->85758K(175104K)] 462606K->393131K(699392K), 0.0099343 secs] [Times: user=0.11 sys=0.00, real=0.01 secs] 
2016-09-15T12:16:18.899-0400: 196.299: [GC (GCLocker Initiated GC) [PSYoungGen: 173822K->79779K(175104K)] 487440K->448412K(699392K), 0.0124931 secs] [Times: user=0.18 sys=0.00, real=0.01 secs] 
2016-09-15T12:16:19.049-0400: 196.450: [GC (GCLocker Initiated GC) [PSYoungGen: 167843K->79879K(175104K)] 536579K->491276K(699392K), 0.0091983 secs] [Times: user=0.11 sys=0.00, real=0.01 secs] 
2016-09-15T12:16:19.185-0400: 196.586: [GC (GCLocker Initiated GC) [PSYoungGen: 167943K->37194K(175104K)] 585417K->497476K(699392K), 0.0208467 secs] [Times: user=0.19 sys=0.02, real=0.02 secs] 
2016-09-15T12:16:19.206-0400: 196.607: [Full GC (Ergonomics) [PSYoungGen: 37194K->0K(175104K)] [ParOldGen: 460282K->40969K(524288K)] 497476K->40969K(699392K), [Metaspace: 44502K->44502K(1087488K)], 0.0717046 secs] [Times: user=0.44 sys=0.00, real=0.08 secs] 
2016-09-15T12:16:19.392-0400: 196.793: [GC (GCLocker Initiated GC) [PSYoungGen: 88064K->55511K(175104K)] 147608K->115063K(699392K), 0.0129319 secs] [Times: user=0.12 sys=0.00, real=0.01 secs] 
2016-09-15T12:16:19.530-0400: 196.931: [GC (GCLocker Initiated GC) [PSYoungGen: 143575K->55743K(175104K)] 203416K->152769K(699392K), 0.0091813 secs] [Times: user=0.13 sys=0.00, real=0.01 secs] 
2016-09-15T12:16:19.657-0400: 197.057: [GC (GCLocker Initiated GC) [PSYoungGen: 143807K->55515K(175104K)] 253075K->165066K(699392K), 0.0066625 secs] [Times: user=0.06 sys=0.00, real=0.00 secs] 
2016-09-15T12:16:19.793-0400: 197.194: [GC (GCLocker Initiated GC) [PSYoungGen: 143579K->61298K(175104K)] 259460K->177290K(699392K), 0.0099453 secs] [Times: user=0.09 sys=0.00, real=0.01 secs] 
2016-09-15T12:16:19.909-0400: 197.310: [GC (GCLocker Initiated GC) [PSYoungGen: 149362K->55383K(175104K)] 277670K->208299K(699392K), 0.0144007 secs] [Times: user=0.19 sys=0.01, real=0.01 secs] 
2016-09-15T12:16:20.050-0400: 197.451: [GC (GCLocker Initiated GC) [PSYoungGen: 143447K->74295K(175104K)] 296384K->227556K(699392K), 0.0081496 secs] [Times: user=0.10 sys=0.00, real=0.01 secs] 
2016-09-15T12:16:20.205-0400: 197.606: [GC (GCLocker Initiated GC) [PSYoungGen: 162359K->37030K(175104K)] 334189K->227492K(699392K), 0.0109927 secs] [Times: user=0.09 sys=0.00, real=0.02 secs] 
2016-09-15T12:16:20.385-0400: 197.786: [GC (Allocation Failure) [PSYoungGen: 125094K->55415K(175104K)] 315906K->246338K(699392K), 0.0307089 secs] [Times: user=0.38 sys=0.00, real=0.04 secs] 
2016-09-15T12:16:20.535-0400: 197.935: [GC (GCLocker Initiated GC) [PSYoungGen: 138781K->37325K(175104K)] 335780K->252637K(699392K), 0.0087045 secs] [Times: user=0.07 sys=0.01, real=0.01 secs] 
2016-09-15T12:16:20.673-0400: 198.074: [GC (GCLocker Initiated GC) [PSYoungGen: 125389K->55351K(175104K)] 340970K->289611K(699392K), 0.0089801 secs] [Times: user=0.11 sys=0.00, real=0.01 secs] 
2016-09-15T12:16:20.804-0400: 198.205: [GC (GCLocker Initiated GC) [PSYoungGen: 143415K->61266K(175104K)] 383769K->301848K(699392K), 0.0126825 secs] [Times: user=0.06 sys=0.00, real=0.02 secs] 
2016-09-15T12:16:20.917-0400: 198.318: [GC (GCLocker Initiated GC) [PSYoungGen: 149330K->55255K(175104K)] 389982K->350873K(699392K), 0.0343027 secs] [Times: user=0.35 sys=0.01, real=0.03 secs] 
2016-09-15T12:16:21.052-0400: 198.453: [GC (GCLocker Initiated GC) [PSYoungGen: 143319K->67765K(175104K)] 445155K->394185K(699392K), 0.0179815 secs] [Times: user=0.20 sys=0.00, real=0.02 secs] 
2016-09-15T12:16:21.183-0400: 198.584: [GC (GCLocker Initiated GC) [PSYoungGen: 155829K->79523K(175104K)] 482285K->412313K(699392K), 0.0141619 secs] [Times: user=0.12 sys=0.00, real=0.02 secs] 
2016-09-15T12:16:21.319-0400: 198.720: [GC (GCLocker Initiated GC) [PSYoungGen: 167587K->61426K(175104K)] 506500K->467463K(699392K), 0.0252999 secs] [Times: user=0.31 sys=0.01, real=0.02 secs] 
2016-09-15T12:16:21.470-0400: 198.871: [GC (Allocation Failure) [PSYoungGen: 149490K->67633K(175104K)] 561722K->498186K(699392K), 0.0120081 secs] [Times: user=0.12 sys=0.00, real=0.01 secs] 
2016-09-15T12:16:21.606-0400: 199.007: [GC (Allocation Failure) [PSYoungGen: 155697K->61458K(175104K)] 586250K->534843K(699392K), 0.0158459 secs] [Times: user=0.22 sys=0.01, real=0.02 secs] 
2016-09-15T12:16:21.622-0400: 199.023: [Full GC (Ergonomics) [PSYoungGen: 61458K->0K(175104K)] [ParOldGen: 473385K->53391K(524288K)] 534843K->53391K(699392K), [Metaspace: 44504K->44504K(1087488K)], 0.0651866 secs] [Times: user=0.35 sys=0.03, real=0.06 secs] 
2016-09-15T12:16:21.810-0400: 199.210: [GC (GCLocker Initiated GC) [PSYoungGen: 88064K->86014K(175104K)] 141455K->163705K(699392K), 0.0099468 secs] [Times: user=0.14 sys=0.00, real=0.01 secs] 
2016-09-15T12:16:21.930-0400: 199.331: [GC (GCLocker Initiated GC) [PSYoungGen: 174078K->86018K(175104K)] 251895K->237347K(699392K), 0.0122404 secs] [Times: user=0.18 sys=0.00, real=0.01 secs] 
2016-09-15T12:16:22.056-0400: 199.457: [GC (GCLocker Initiated GC) [PSYoungGen: 174081K->73412K(175104K)] 325760K->292363K(699392K), 0.0125379 secs] [Times: user=0.16 sys=0.00, real=0.01 secs] 
2016-09-15T12:16:22.204-0400: 199.605: [GC (GCLocker Initiated GC) [PSYoungGen: 161476K->43169K(175104K)] 392625K->292663K(699392K), 0.0091155 secs] [Times: user=0.08 sys=0.00, real=0.01 secs] 
2016-09-15T12:16:22.361-0400: 199.762: [GC (GCLocker Initiated GC) [PSYoungGen: 131233K->55187K(175104K)] 380891K->353777K(699392K), 0.0114045 secs] [Times: user=0.14 sys=0.00, real=0.01 secs] 
2016-09-15T12:16:22.483-0400: 199.884: [GC (GCLocker Initiated GC) [PSYoungGen: 143251K->73672K(175104K)] 447964K->414986K(699392K), 0.0095647 secs] [Times: user=0.13 sys=0.00, real=0.01 secs] 
2016-09-15T12:16:22.607-0400: 200.008: [GC (GCLocker Initiated GC) [PSYoungGen: 161736K->61690K(175104K)] 509374K->433920K(699392K), 0.0137516 secs] [Times: user=0.13 sys=0.00, real=0.02 secs] 
2016-09-15T12:16:22.735-0400: 200.136: [GC (GCLocker Initiated GC) [PSYoungGen: 149754K->85922K(175104K)] 522171K->482954K(699392K), 0.0184147 secs] [Times: user=0.17 sys=0.00, real=0.02 secs] 
2016-09-15T12:16:22.902-0400: 200.303: [GC (GCLocker Initiated GC) [PSYoungGen: 173986K->49340K(175104K)] 583512K->513817K(699392K), 0.0202885 secs] [Times: user=0.24 sys=0.00, real=0.02 secs] 
2016-09-15T12:16:22.922-0400: 200.323: [Full GC (Ergonomics) [PSYoungGen: 49340K->0K(175104K)] [ParOldGen: 464477K->59496K(524288K)] 513817K->59496K(699392K), [Metaspace: 44505K->44505K(1087488K)], 0.0639885 secs] [Times: user=0.35 sys=0.02, real=0.06 secs] 
2016-09-15T12:16:23.124-0400: 200.524: [GC (GCLocker Initiated GC) [PSYoungGen: 88064K->61821K(175104K)] 147831K->121597K(699392K), 0.0082629 secs] [Times: user=0.07 sys=0.00, real=0.01 secs] 
2016-09-15T12:16:23.251-0400: 200.652: [GC (GCLocker Initiated GC) [PSYoungGen: 149885K->61426K(175104K)] 216025K->146230K(699392K), 0.0112047 secs] [Times: user=0.09 sys=0.00, real=0.01 secs] 
2016-09-15T12:16:23.388-0400: 200.788: [GC (Allocation Failure) [PSYoungGen: 149490K->67629K(175104K)] 234481K->189205K(699392K), 0.0154278 secs] [Times: user=0.18 sys=0.01, real=0.01 secs] 
2016-09-15T12:16:23.522-0400: 200.923: [GC (GCLocker Initiated GC) [PSYoungGen: 154737K->31115K(175104K)] 282389K->237901K(699392K), 0.0088098 secs] [Times: user=0.11 sys=0.00, real=0.01 secs] 
2016-09-15T12:16:23.651-0400: 201.052: [GC (GCLocker Initiated GC) [PSYoungGen: 119179K->43532K(175104K)] 332322K->275185K(699392K), 0.0184843 secs] [Times: user=0.22 sys=0.00, real=0.02 secs] 
2016-09-15T12:16:23.786-0400: 201.187: [GC (GCLocker Initiated GC) [PSYoungGen: 131596K->73672K(175104K)] 369589K->312284K(699392K), 0.0087585 secs] [Times: user=0.11 sys=0.00, real=0.01 secs] 
2016-09-15T12:16:23.912-0400: 201.313: [GC (GCLocker Initiated GC) [PSYoungGen: 161736K->61430K(175104K)] 400681K->306521K(699392K), 0.0161945 secs] [Times: user=0.16 sys=0.00, real=0.02 secs] 
2016-09-15T12:16:24.055-0400: 201.456: [GC (GCLocker Initiated GC) [PSYoungGen: 149494K->61394K(175104K)] 406950K->337343K(699392K), 0.0126180 secs] [Times: user=0.13 sys=0.00, real=0.02 secs] 
2016-09-15T12:16:24.206-0400: 201.607: [GC (GCLocker Initiated GC) [PSYoungGen: 149458K->55711K(175104K)] 431820K->356418K(699392K), 0.0084497 secs] [Times: user=0.11 sys=0.00, real=0.01 secs] 
2016-09-15T12:16:24.321-0400: 201.721: [GC (Allocation Failure) [PSYoungGen: 143775K->74064K(175104K)] 450839K->411827K(699392K), 0.0098022 secs] [Times: user=0.14 sys=0.00, real=0.01 secs] 
2016-09-15T12:16:24.331-0400: 201.732: [GC (GCLocker Initiated GC) [PSYoungGen: 74376K->128K(175104K)] 412140K->411211K(699392K), 0.0076749 secs] [Times: user=0.09 sys=0.01, real=0.01 secs] 
2016-09-15T12:16:24.468-0400: 201.869: [GC (GCLocker Initiated GC) [PSYoungGen: 88192K->86406K(175104K)] 499282K->503579K(699392K), 0.0093844 secs] [Times: user=0.12 sys=0.00, real=0.01 secs] 
2016-09-15T12:16:24.613-0400: 202.014: [GC (GCLocker Initiated GC) [PSYoungGen: 174470K->73640K(175104K)] 591955K->528622K(699392K), 0.0131992 secs] [Times: user=0.15 sys=0.00, real=0.01 secs] 
2016-09-15T12:16:24.627-0400: 202.027: [Full GC (Ergonomics) [PSYoungGen: 73640K->0K(175104K)] [ParOldGen: 454982K->53390K(524288K)] 528622K->53390K(699392K), [Metaspace: 44512K->44512K(1087488K)], 0.0687056 secs] [Times: user=0.54 sys=0.01, real=0.07 secs] 
2016-09-15T12:16:24.800-0400: 202.201: [GC (GCLocker Initiated GC) [PSYoungGen: 88064K->86274K(175104K)] 141461K->163971K(699392K), 0.0096764 secs] [Times: user=0.14 sys=0.00, real=0.01 secs] 
2016-09-15T12:16:24.920-0400: 202.321: [GC (GCLocker Initiated GC) [PSYoungGen: 174338K->67533K(175104K)] 252161K->200587K(699392K), 0.0131999 secs] [Times: user=0.14 sys=0.00, real=0.01 secs] 
2016-09-15T12:16:25.045-0400: 202.446: [GC (GCLocker Initiated GC) [PSYoungGen: 155597K->85822K(175104K)] 288699K->286065K(699392K), 0.0116171 secs] [Times: user=0.14 sys=0.01, real=0.02 secs] 
2016-09-15T12:16:25.205-0400: 202.605: [GC (GCLocker Initiated GC) [PSYoungGen: 173886K->61394K(175104K)] 392407K->310565K(699392K), 0.0150560 secs] [Times: user=0.21 sys=0.00, real=0.02 secs] 
2016-09-15T12:16:25.325-0400: 202.725: [GC (Allocation Failure) [PSYoungGen: 149457K->73672K(175104K)] 398995K->372101K(699392K), 0.0179662 secs] [Times: user=0.25 sys=0.00, real=0.02 secs] 
2016-09-15T12:16:25.343-0400: 202.744: [GC (GCLocker Initiated GC) [PSYoungGen: 73688K->96K(175104K)] 372117K->365754K(699392K), 0.0079255 secs] [Times: user=0.08 sys=0.00, real=0.01 secs] 
2016-09-15T12:16:25.457-0400: 202.858: [GC (GCLocker Initiated GC) [PSYoungGen: 88160K->86242K(175104K)] 453824K->457981K(699392K), 0.0087458 secs] [Times: user=0.13 sys=0.00, real=0.00 secs] 
2016-09-15T12:16:25.606-0400: 203.007: [GC (GCLocker Initiated GC) [PSYoungGen: 174306K->55255K(175104K)] 552290K->433918K(699392K), 0.0087746 secs] [Times: user=0.10 sys=0.00, real=0.01 secs] 
2016-09-15T12:16:25.745-0400: 203.145: [GC (GCLocker Initiated GC) [PSYoungGen: 143319K->67241K(175104K)] 528603K->452792K(699392K), 0.0104285 secs] [Times: user=0.09 sys=0.00, real=0.01 secs] 
2016-09-15T12:16:25.889-0400: 203.290: [GC (Allocation Failure) [PSYoungGen: 155305K->55255K(175104K)] 541028K->489690K(699392K), 0.0124122 secs] [Times: user=0.11 sys=0.00, real=0.01 secs] 
2016-09-15T12:16:25.902-0400: 203.303: [Full GC (Ergonomics) [PSYoungGen: 55255K->0K(175104K)] [ParOldGen: 434434K->47184K(524288K)] 489690K->47184K(699392K), [Metaspace: 44512K->44512K(1087488K)], 0.0709400 secs] [Times: user=0.59 sys=0.02, real=0.07 secs] 
2016-09-15T12:16:26.085-0400: 203.485: [GC (Allocation Failure) [PSYoungGen: 86887K->86078K(175104K)] 134072K->139337K(699392K), 0.0101776 secs] [Times: user=0.14 sys=0.00, real=0.01 secs] 
2016-09-15T12:16:26.196-0400: 203.597: [GC (GCLocker Initiated GC) [PSYoungGen: 174142K->73672K(175104K)] 227406K->163974K(699392K), 0.0086570 secs] [Times: user=0.13 sys=0.01, real=0.00 secs] 
2016-09-15T12:16:26.330-0400: 203.731: [GC (GCLocker Initiated GC) [PSYoungGen: 161736K->67697K(175104K)] 264344K->170588K(699392K), 0.0109548 secs] [Times: user=0.10 sys=0.00, real=0.01 secs] 
2016-09-15T12:16:26.491-0400: 203.892: [GC (GCLocker Initiated GC) [PSYoungGen: 155761K->73608K(175104K)] 258834K->207355K(699392K), 0.0159863 secs] [Times: user=0.22 sys=0.02, real=0.01 secs] 
2016-09-15T12:16:26.632-0400: 204.033: [GC (GCLocker Initiated GC) [PSYoungGen: 161672K->61558K(175104K)] 295607K->201811K(699392K), 0.0200690 secs] [Times: user=0.21 sys=0.00, real=0.02 secs] 
2016-09-15T12:16:26.795-0400: 204.195: [GC (GCLocker Initiated GC) [PSYoungGen: 149622K->55383K(175104K)] 302341K->226635K(699392K), 0.0083950 secs] [Times: user=0.11 sys=0.00, real=0.01 secs] 
2016-09-15T12:16:26.933-0400: 204.334: [GC (GCLocker Initiated GC) [PSYoungGen: 143447K->37517K(175104K)] 327176K->221366K(699392K), 0.0098252 secs] [Times: user=0.15 sys=0.00, real=0.01 secs] 
2016-09-15T12:16:27.066-0400: 204.467: [GC (GCLocker Initiated GC) [PSYoungGen: 125581K->55319K(175104K)] 309719K->257981K(699392K), 0.0076242 secs] [Times: user=0.07 sys=0.00, real=0.01 secs] 
2016-09-15T12:16:27.210-0400: 204.610: [GC (GCLocker Initiated GC) [PSYoungGen: 143383K->37418K(175104K)] 364375K->276942K(699392K), 0.0100156 secs] [Times: user=0.13 sys=0.00, real=0.01 secs] 
2016-09-15T12:16:27.372-0400: 204.772: [GC (GCLocker Initiated GC) [PSYoungGen: 125482K->1299K(175104K)] 383328K->259570K(699392K), 0.0036833 secs] [Times: user=0.02 sys=0.01, real=0.00 secs] 
2016-09-15T12:16:27.497-0400: 204.898: [GC (GCLocker Initiated GC) [PSYoungGen: 89363K->55451K(175104K)] 353757K->319955K(699392K), 0.0092241 secs] [Times: user=0.07 sys=0.00, real=0.00 secs] 
2016-09-15T12:16:27.651-0400: 205.052: [GC (GCLocker Initiated GC) [PSYoungGen: 143515K->37190K(175104K)] 414137K->326336K(699392K), 0.0137495 secs] [Times: user=0.18 sys=0.00, real=0.01 secs] 
2016-09-15T12:16:27.765-0400: 205.166: [GC (GCLocker Initiated GC) [PSYoungGen: 125254K->85854K(175104K)] 414650K->393790K(699392K), 0.0094156 secs] [Times: user=0.14 sys=0.00, real=0.01 secs] 
2016-09-15T12:16:27.905-0400: 205.306: [GC (GCLocker Initiated GC) [PSYoungGen: 173918K->55743K(175104K)] 488004K->418736K(699392K), 0.0097700 secs] [Times: user=0.13 sys=0.01, real=0.01 secs] 
2016-09-15T12:16:28.025-0400: 205.425: [GC (GCLocker Initiated GC) [PSYoungGen: 143807K->73608K(175104K)] 513085K->443333K(699392K), 0.0105349 secs] [Times: user=0.08 sys=0.00, real=0.01 secs] 
2016-09-15T12:16:28.150-0400: 205.551: [GC (GCLocker Initiated GC) [PSYoungGen: 161672K->73936K(175104K)] 537632K->450031K(699392K), 0.0104213 secs] [Times: user=0.14 sys=0.00, real=0.01 secs] 
2016-09-15T12:16:28.299-0400: 205.700: [GC (Allocation Failure) [PSYoungGen: 162000K->55123K(175104K)] 550422K->480443K(699392K), 0.0122133 secs] [Times: user=0.11 sys=0.00, real=0.01 secs] 
2016-09-15T12:16:28.442-0400: 205.842: [GC (GCLocker Initiated GC) [PSYoungGen: 138069K->73512K(175104K)] 569464K->505010K(699392K), 0.0098956 secs] [Times: user=0.10 sys=0.00, real=0.01 secs] 
2016-09-15T12:16:28.589-0400: 205.989: [GC (GCLocker Initiated GC) [PSYoungGen: 161576K->37030K(175104K)] 605562K->481292K(699392K), 0.0095974 secs] [Times: user=0.12 sys=0.00, real=0.01 secs] 
2016-09-15T12:16:28.713-0400: 206.113: [GC (GCLocker Initiated GC) [PSYoungGen: 125094K->61294K(175104K)] 569464K->524157K(699392K), 0.0097099 secs] [Times: user=0.07 sys=0.00, real=0.01 secs] 
2016-09-15T12:16:28.842-0400: 206.242: [GC (GCLocker Initiated GC) [PSYoungGen: 149358K->74000K(175104K)] 612408K->585810K(699392K), 0.0097599 secs] [Times: user=0.14 sys=0.00, real=0.01 secs] 
2016-09-15T12:16:28.852-0400: 206.252: [Full GC (Ergonomics) [PSYoungGen: 74000K->0K(175104K)] [ParOldGen: 511810K->53778K(524288K)] 585810K->53778K(699392K), [Metaspace: 44520K->44520K(1087488K)], 0.0643628 secs] [Times: user=0.41 sys=0.02, real=0.07 secs] 
2016-09-15T12:16:29.033-0400: 206.434: [GC (GCLocker Initiated GC) [PSYoungGen: 88064K->86538K(175104K)] 147981K->188981K(699392K), 0.0121156 secs] [Times: user=0.17 sys=0.00, real=0.01 secs] 
2016-09-15T12:16:29.197-0400: 206.598: [GC (GCLocker Initiated GC) [PSYoungGen: 174602K->19096K(175104K)] 295434K->195504K(699392K), 0.0110592 secs] [Times: user=0.13 sys=0.00, real=0.01 secs] 
2016-09-15T12:16:29.345-0400: 206.746: [GC (GCLocker Initiated GC) [PSYoungGen: 107160K->43528K(175104K)] 289785K->226444K(699392K), 0.0075004 secs] [Times: user=0.09 sys=0.01, real=0.01 secs] 
2016-09-15T12:16:29.505-0400: 206.906: [GC (Allocation Failure) [PSYoungGen: 131592K->61234K(175104K)] 314567K->244279K(699392K), 0.0114822 secs] [Times: user=0.09 sys=0.00, real=0.02 secs] 
2016-09-15T12:16:29.635-0400: 207.036: [GC (GCLocker Initiated GC) [PSYoungGen: 149298K->79615K(175104K)] 332355K->317662K(699392K), 0.0109928 secs] [Times: user=0.15 sys=0.00, real=0.01 secs] 
2016-09-15T12:16:29.744-0400: 207.145: [GC (GCLocker Initiated GC) [PSYoungGen: 167679K->86018K(175104K)] 405769K->342468K(699392K), 0.0110919 secs] [Times: user=0.14 sys=0.00, real=0.01 secs] 
2016-09-15T12:16:29.908-0400: 207.309: [GC (GCLocker Initiated GC) [PSYoungGen: 174082K->18968K(175104K)] 448952K->354864K(699392K), 0.0147475 secs] [Times: user=0.16 sys=0.00, real=0.01 secs] 
2016-09-15T12:16:30.029-0400: 207.430: [GC (GCLocker Initiated GC) [PSYoungGen: 107032K->85790K(175104K)] 442976K->476723K(699392K), 0.0211604 secs] [Times: user=0.29 sys=0.00, real=0.02 secs] 
2016-09-15T12:16:30.162-0400: 207.562: [GC (GCLocker Initiated GC) [PSYoungGen: 173854K->73968K(175104K)] 571218K->489717K(699392K), 0.0130278 secs] [Times: user=0.18 sys=0.01, real=0.01 secs] 
2016-09-15T12:16:30.298-0400: 207.699: [GC (GCLocker Initiated GC) [PSYoungGen: 162032K->55547K(175104K)] 577996K->508260K(699392K), 0.0106618 secs] [Times: user=0.13 sys=0.01, real=0.01 secs] 
2016-09-15T12:16:30.309-0400: 207.710: [Full GC (Ergonomics) [PSYoungGen: 55547K->0K(175104K)] [ParOldGen: 452713K->47989K(524288K)] 508260K->47989K(699392K), [Metaspace: 44520K->44520K(1087488K)], 0.0720473 secs] [Times: user=0.56 sys=0.02, real=0.07 secs] 
2016-09-15T12:16:30.491-0400: 207.891: [GC (GCLocker Initiated GC) [PSYoungGen: 88064K->85626K(175104K)] 136089K->139726K(699392K), 0.0072619 secs] [Times: user=0.10 sys=0.00, real=0.01 secs] 
2016-09-15T12:16:30.623-0400: 208.024: [GC (Allocation Failure) [PSYoungGen: 173690K->67697K(175104K)] 227854K->158439K(699392K), 0.0242947 secs] [Times: user=0.31 sys=0.00, real=0.03 secs] 
2016-09-15T12:16:30.749-0400: 208.149: [GC (GCLocker Initiated GC) [PSYoungGen: 155761K->79487K(175104K)] 246508K->194990K(699392K), 0.0180572 secs] [Times: user=0.22 sys=0.00, real=0.01 secs] 
2016-09-15T12:16:30.881-0400: 208.281: [GC (GCLocker Initiated GC) [PSYoungGen: 167551K->85790K(175104K)] 283096K->262244K(699392K), 0.0113198 secs] [Times: user=0.14 sys=0.00, real=0.01 secs] 
2016-09-15T12:16:31.022-0400: 208.423: [GC (GCLocker Initiated GC) [PSYoungGen: 173854K->73608K(175104K)] 356650K->305296K(699392K), 0.0108239 secs] [Times: user=0.10 sys=0.00, real=0.01 secs] 
2016-09-15T12:16:31.158-0400: 208.559: [GC (GCLocker Initiated GC) [PSYoungGen: 161672K->85698K(175104K)] 393553K->323913K(699392K), 0.0397714 secs] [Times: user=0.41 sys=0.00, real=0.04 secs] 
2016-09-15T12:16:31.320-0400: 208.721: [GC (GCLocker Initiated GC) [PSYoungGen: 173762K->61622K(175104K)] 418095K->361093K(699392K), 0.0112208 secs] [Times: user=0.15 sys=0.00, real=0.01 secs] 
2016-09-15T12:16:31.443-0400: 208.844: [GC (GCLocker Initiated GC) [PSYoungGen: 149686K->85986K(175104K)] 449215K->416010K(699392K), 0.0105757 secs] [Times: user=0.10 sys=0.01, real=0.01 secs] 
2016-09-15T12:16:31.576-0400: 208.977: [GC (GCLocker Initiated GC) [PSYoungGen: 174050K->61102K(175104K)] 504117K->409849K(699392K), 0.0103193 secs] [Times: user=0.09 sys=0.00, real=0.00 secs] 
2016-09-15T12:16:31.723-0400: 209.123: [GC (GCLocker Initiated GC) [PSYoungGen: 149166K->49344K(175104K)] 510178K->440835K(699392K), 0.0149504 secs] [Times: user=0.14 sys=0.01, real=0.02 secs] 
2016-09-15T12:16:31.867-0400: 209.268: [GC (GCLocker Initiated GC) [PSYoungGen: 137408K->73640K(175104K)] 529181K->483929K(699392K), 0.0108462 secs] [Times: user=0.10 sys=0.00, real=0.02 secs] 
2016-09-15T12:16:32.002-0400: 209.403: [GC (GCLocker Initiated GC) [PSYoungGen: 161704K->73836K(175104K)] 578076K->490491K(699392K), 0.0116012 secs] [Times: user=0.13 sys=0.01, real=0.01 secs] 
2016-09-15T12:16:32.147-0400: 209.548: [GC (Allocation Failure) [PSYoungGen: 161900K->67469K(175104K)] 578692K->496859K(699392K), 0.0098357 secs] [Times: user=0.09 sys=0.01, real=0.02 secs] 
2016-09-15T12:16:32.295-0400: 209.695: [GC (GCLocker Initiated GC) [PSYoungGen: 151396K->49212K(175104K)] 586861K->539635K(699392K), 0.0110655 secs] [Times: user=0.12 sys=0.00, real=0.01 secs] 
2016-09-15T12:16:32.306-0400: 209.706: [Full GC (Ergonomics) [PSYoungGen: 49212K->0K(175104K)] [ParOldGen: 490423K->47714K(524288K)] 539635K->47714K(699392K), [Metaspace: 44521K->44521K(1087488K)], 0.0699189 secs] [Times: user=0.46 sys=0.01, real=0.08 secs] 
2016-09-15T12:16:32.477-0400: 209.878: [GC (GCLocker Initiated GC) [PSYoungGen: 88064K->86078K(175104K)] 136028K->146192K(699392K), 0.0102842 secs] [Times: user=0.11 sys=0.00, real=0.01 secs] 
2016-09-15T12:16:32.607-0400: 210.008: [GC (GCLocker Initiated GC) [PSYoungGen: 174142K->73936K(175104K)] 246531K->183338K(699392K), 0.0104716 secs] [Times: user=0.12 sys=0.00, real=0.02 secs] 
2016-09-15T12:16:32.737-0400: 210.138: [GC (GCLocker Initiated GC) [PSYoungGen: 162000K->49276K(175104K)] 283678K->207851K(699392K), 0.0226202 secs] [Times: user=0.23 sys=0.01, real=0.02 secs] 
2016-09-15T12:16:32.870-0400: 210.270: [GC (GCLocker Initiated GC) [PSYoungGen: 137340K->55255K(175104K)] 296013K->232232K(699392K), 0.0086924 secs] [Times: user=0.08 sys=0.00, real=0.01 secs] 
2016-09-15T12:16:33.012-0400: 210.413: [GC (GCLocker Initiated GC) [PSYoungGen: 143319K->73840K(175104K)] 326497K->275519K(699392K), 0.0110534 secs] [Times: user=0.12 sys=0.00, real=0.01 secs] 
2016-09-15T12:16:33.135-0400: 210.535: [GC (GCLocker Initiated GC) [PSYoungGen: 161904K->61522K(175104K)] 363670K->360812K(699392K), 0.0125025 secs] [Times: user=0.17 sys=0.00, real=0.01 secs] 
2016-09-15T12:16:33.264-0400: 210.664: [GC (GCLocker Initiated GC) [PSYoungGen: 149586K->74032K(175104K)] 455302K->416365K(699392K), 0.0087316 secs] [Times: user=0.13 sys=0.00, real=0.01 secs] 
2016-09-15T12:16:33.415-0400: 210.815: [GC (GCLocker Initiated GC) [PSYoungGen: 162096K->73736K(175104K)] 510865K->423117K(699392K), 0.0095237 secs] [Times: user=0.09 sys=0.00, real=0.01 secs] 
2016-09-15T12:16:33.545-0400: 210.946: [GC (GCLocker Initiated GC) [PSYoungGen: 161800K->73704K(175104K)] 511385K->441813K(699392K), 0.0097605 secs] [Times: user=0.11 sys=0.01, real=0.01 secs] 
2016-09-15T12:16:33.663-0400: 211.063: [GC (GCLocker Initiated GC) [PSYoungGen: 161768K->55415K(175104K)] 529958K->496665K(699392K), 0.0162101 secs] [Times: user=0.21 sys=0.01, real=0.02 secs] 
2016-09-15T12:16:33.679-0400: 211.080: [Full GC (Ergonomics) [PSYoungGen: 55415K->0K(175104K)] [ParOldGen: 441250K->54276K(524288K)] 496665K->54276K(699392K), [Metaspace: 44521K->44521K(1087488K)], 0.0656155 secs] [Times: user=0.41 sys=0.01, real=0.06 secs] 
2016-09-15T12:16:33.857-0400: 211.258: [GC (Allocation Failure) [PSYoungGen: 88064K->86630K(175104K)] 142566K->147208K(699392K), 0.0107225 secs] [Times: user=0.12 sys=0.00, real=0.01 secs] 
2016-09-15T12:16:33.996-0400: 211.397: [GC (GCLocker Initiated GC) [PSYoungGen: 171932K->55319K(175104K)] 238585K->159381K(699392K), 0.0168265 secs] [Times: user=0.19 sys=0.00, real=0.01 secs] 
2016-09-15T12:16:34.125-0400: 211.526: [GC (GCLocker Initiated GC) [PSYoungGen: 143383K->85822K(175104K)] 253590K->220637K(699392K), 0.0087114 secs] [Times: user=0.10 sys=0.00, real=0.01 secs] 
2016-09-15T12:16:34.267-0400: 211.668: [GC (GCLocker Initiated GC) [PSYoungGen: 173886K->61198K(175104K)] 308876K->269364K(699392K), 0.0112360 secs] [Times: user=0.13 sys=0.00, real=0.02 secs] 
2016-09-15T12:16:34.412-0400: 211.813: [GC (GCLocker Initiated GC) [PSYoungGen: 149262K->55319K(175104K)] 369687K->275831K(699392K), 0.0174431 secs] [Times: user=0.19 sys=0.00, real=0.02 secs] 
2016-09-15T12:16:34.540-0400: 211.941: [GC (GCLocker Initiated GC) [PSYoungGen: 143383K->79491K(175104K)] 363926K->318534K(699392K), 0.0213089 secs] [Times: user=0.22 sys=0.00, real=0.02 secs] 
2016-09-15T12:16:34.681-0400: 212.082: [GC (GCLocker Initiated GC) [PSYoungGen: 167555K->86150K(175104K)] 406656K->368060K(699392K), 0.0135047 secs] [Times: user=0.15 sys=0.00, real=0.01 secs] 
2016-09-15T12:16:34.824-0400: 212.225: [GC (GCLocker Initiated GC) [PSYoungGen: 174214K->79683K(175104K)] 456290K->398508K(699392K), 0.0113869 secs] [Times: user=0.17 sys=0.00, real=0.02 secs] 
2016-09-15T12:16:34.941-0400: 212.341: [GC (GCLocker Initiated GC) [PSYoungGen: 167747K->61522K(175104K)] 486832K->453651K(699392K), 0.0144121 secs] [Times: user=0.21 sys=0.00, real=0.01 secs] 
2016-09-15T12:16:35.071-0400: 212.472: [GC (GCLocker Initiated GC) [PSYoungGen: 149586K->85890K(175104K)] 541903K->514988K(699392K), 0.0150523 secs] [Times: user=0.24 sys=0.00, real=0.01 secs] 
2016-09-15T12:16:35.204-0400: 212.605: [GC (Allocation Failure) [PSYoungGen: 173953K->85854K(175104K)] 603379K->558136K(699392K), 0.0109066 secs] [Times: user=0.16 sys=0.00, real=0.01 secs] 
2016-09-15T12:16:35.215-0400: 212.616: [Full GC (Ergonomics) [PSYoungGen: 85854K->0K(175104K)] [ParOldGen: 472282K->54312K(524288K)] 558136K->54312K(699392K), [Metaspace: 44521K->44521K(1087488K)], 0.0690386 secs] [Times: user=0.52 sys=0.01, real=0.07 secs] 
2016-09-15T12:16:35.401-0400: 212.802: [GC (Allocation Failure) [PSYoungGen: 88064K->86374K(175104K)] 142376K->164986K(699392K), 0.0111373 secs] [Times: user=0.14 sys=0.01, real=0.01 secs] 
2016-09-15T12:16:35.543-0400: 212.944: [GC (GCLocker Initiated GC) [PSYoungGen: 170858K->24652K(175104K)] 255545K->158635K(699392K), 0.0184330 secs] [Times: user=0.16 sys=0.00, real=0.02 secs] 
2016-09-15T12:16:35.665-0400: 213.066: [GC (GCLocker Initiated GC) [PSYoungGen: 112716K->85854K(175104K)] 246830K->220095K(699392K), 0.0191415 secs] [Times: user=0.22 sys=0.00, real=0.02 secs] 
2016-09-15T12:16:35.814-0400: 213.214: [GC (GCLocker Initiated GC) [PSYoungGen: 173918K->49116K(175104K)] 320485K->214184K(699392K), 0.0164482 secs] [Times: user=0.16 sys=0.00, real=0.02 secs] 
2016-09-15T12:16:35.946-0400: 213.347: [GC (GCLocker Initiated GC) [PSYoungGen: 137180K->61590K(175104K)] 302370K->257438K(699392K), 0.0227236 secs] [Times: user=0.25 sys=0.00, real=0.03 secs] 
2016-09-15T12:16:36.088-0400: 213.489: [GC (GCLocker Initiated GC) [PSYoungGen: 149654K->61458K(175104K)] 345779K->294497K(699392K), 0.0246264 secs] [Times: user=0.30 sys=0.00, real=0.02 secs] 
2016-09-15T12:16:36.242-0400: 213.642: [GC (GCLocker Initiated GC) [PSYoungGen: 149522K->73672K(175104K)] 388767K->331434K(699392K), 0.0109543 secs] [Times: user=0.12 sys=0.00, real=0.01 secs] 
2016-09-15T12:16:36.372-0400: 213.772: [GC (GCLocker Initiated GC) [PSYoungGen: 161736K->73708K(175104K)] 419586K->331825K(699392K), 0.0107858 secs] [Times: user=0.10 sys=0.00, real=0.01 secs] 
2016-09-15T12:16:36.510-0400: 213.910: [GC (Allocation Failure) [PSYoungGen: 161772K->61554K(175104K)] 426151K->386991K(699392K), 0.0128889 secs] [Times: user=0.12 sys=0.01, real=0.01 secs] 
2016-09-15T12:16:36.651-0400: 214.052: [GC (GCLocker Initiated GC) [PSYoungGen: 148496K->73708K(175104K)] 480008K->441962K(699392K), 0.0161030 secs] [Times: user=0.17 sys=0.00, real=0.01 secs] 
2016-09-15T12:16:36.816-0400: 214.217: [GC (GCLocker Initiated GC) [PSYoungGen: 161772K->36802K(175104K)] 542665K->436351K(699392K), 0.0102992 secs] [Times: user=0.07 sys=0.01, real=0.00 secs] 
2016-09-15T12:16:36.955-0400: 214.356: [GC (GCLocker Initiated GC) [PSYoungGen: 124866K->67501K(175104K)] 530851K->473614K(699392K), 0.0262387 secs] [Times: user=0.28 sys=0.00, real=0.03 secs] 
2016-09-15T12:16:37.098-0400: 214.499: [GC (GCLocker Initiated GC) [PSYoungGen: 155565K->73704K(175104K)] 561854K->516734K(699392K), 0.0094096 secs] [Times: user=0.12 sys=0.00, real=0.01 secs] 
2016-09-15T12:16:37.227-0400: 214.628: [GC (GCLocker Initiated GC) [PSYoungGen: 161768K->61526K(175104K)] 604913K->523023K(699392K), 0.0198795 secs] [Times: user=0.20 sys=0.00, real=0.02 secs] 
2016-09-15T12:16:37.247-0400: 214.648: [Full GC (Ergonomics) [PSYoungGen: 61526K->0K(175104K)] [ParOldGen: 461497K->48791K(524288K)] 523023K->48791K(699392K), [Metaspace: 44521K->44521K(1087488K)], 0.0758589 secs] [Times: user=0.50 sys=0.01, real=0.08 secs] 
2016-09-15T12:16:37.462-0400: 214.863: [GC (Allocation Failure) [PSYoungGen: 88064K->86178K(175104K)] 143229K->171718K(699392K), 0.0113246 secs] [Times: user=0.12 sys=0.00, real=0.01 secs] 
2016-09-15T12:16:37.474-0400: 214.874: [GC (GCLocker Initiated GC) [PSYoungGen: 86205K->160K(175104K)] 171746K->153151K(699392K), 0.0100343 secs] [Times: user=0.06 sys=0.02, real=0.01 secs] 
2016-09-15T12:16:37.595-0400: 214.996: [GC (GCLocker Initiated GC) [PSYoungGen: 88224K->86602K(175104K)] 241216K->263894K(699392K), 0.0097892 secs] [Times: user=0.12 sys=0.00, real=0.01 secs] 
2016-09-15T12:16:37.721-0400: 215.121: [GC (GCLocker Initiated GC) [PSYoungGen: 174666K->79715K(175104K)] 352010K->318709K(699392K), 0.0195772 secs] [Times: user=0.26 sys=0.01, real=0.02 secs] 
2016-09-15T12:16:37.841-0400: 215.242: [GC (GCLocker Initiated GC) [PSYoungGen: 167779K->85790K(175104K)] 406824K->355517K(699392K), 0.0100759 secs] [Times: user=0.15 sys=0.00, real=0.01 secs] 
2016-09-15T12:16:37.970-0400: 215.371: [GC (GCLocker Initiated GC) [PSYoungGen: 173854K->85886K(175104K)] 449704K->416734K(699392K), 0.0115728 secs] [Times: user=0.18 sys=0.00, real=0.01 secs] 
2016-09-15T12:16:38.127-0400: 215.527: [GC (GCLocker Initiated GC) [PSYoungGen: 173950K->18513K(175104K)] 510927K->398266K(699392K), 0.0116585 secs] [Times: user=0.10 sys=0.00, real=0.02 secs] 
2016-09-15T12:16:38.271-0400: 215.671: [GC (GCLocker Initiated GC) [PSYoungGen: 106577K->85726K(175104K)] 492453K->502080K(699392K), 0.0223275 secs] [Times: user=0.26 sys=0.00, real=0.02 secs] 
2016-09-15T12:16:38.404-0400: 215.805: [GC (GCLocker Initiated GC) [PSYoungGen: 173790K->85922K(175104K)] 596273K->551245K(699392K), 0.0171247 secs] [Times: user=0.21 sys=0.00, real=0.02 secs] 
2016-09-15T12:16:38.421-0400: 215.822: [Full GC (Ergonomics) [PSYoungGen: 85922K->0K(175104K)] [ParOldGen: 465323K->61181K(524288K)] 551245K->61181K(699392K), [Metaspace: 44521K->44521K(1087488K)], 0.0618864 secs] [Times: user=0.40 sys=0.00, real=0.06 secs] 
2016-09-15T12:16:38.591-0400: 215.991: [GC (Allocation Failure) [PSYoungGen: 88064K->86434K(175104K)] 149550K->166145K(699392K), 0.0094756 secs] [Times: user=0.12 sys=0.00, real=0.01 secs] 
2016-09-15T12:16:38.723-0400: 216.124: [GC (GCLocker Initiated GC) [PSYoungGen: 174498K->73640K(175104K)] 254215K->215106K(699392K), 0.0095127 secs] [Times: user=0.15 sys=0.00, real=0.01 secs] 
2016-09-15T12:16:38.886-0400: 216.287: [GC (GCLocker Initiated GC) [PSYoungGen: 161704K->37357K(175104K)] 315648K->191569K(699392K), 0.0066421 secs] [Times: user=0.07 sys=0.01, real=0.01 secs] 
2016-09-15T12:16:39.027-0400: 216.428: [GC (GCLocker Initiated GC) [PSYoungGen: 125421K->79555K(175104K)] 285918K->240451K(699392K), 0.0214965 secs] [Times: user=0.22 sys=0.00, real=0.03 secs] 
2016-09-15T12:16:39.175-0400: 216.576: [GC (GCLocker Initiated GC) [PSYoungGen: 167619K->55611K(175104K)] 328847K->271666K(699392K), 0.0117876 secs] [Times: user=0.19 sys=0.00, real=0.01 secs] 
2016-09-15T12:16:39.285-0400: 216.685: [GC (GCLocker Initiated GC) [PSYoungGen: 143675K->73540K(175104K)] 359790K->344645K(699392K), 0.0097003 secs] [Times: user=0.13 sys=0.01, real=0.01 secs] 
2016-09-15T12:16:39.404-0400: 216.805: [GC (GCLocker Initiated GC) [PSYoungGen: 161604K->86054K(175104K)] 432875K->393910K(699392K), 0.0247040 secs] [Times: user=0.31 sys=0.00, real=0.03 secs] 
2016-09-15T12:16:39.547-0400: 216.948: [GC (GCLocker Initiated GC) [PSYoungGen: 174118K->73640K(175104K)] 488202K->449118K(699392K), 0.0153386 secs] [Times: user=0.25 sys=0.00, real=0.02 secs] 
2016-09-15T12:16:39.681-0400: 217.082: [GC (GCLocker Initiated GC) [PSYoungGen: 161704K->73672K(175104K)] 537498K->467851K(699392K), 0.0080270 secs] [Times: user=0.11 sys=0.00, real=0.01 secs] 
2016-09-15T12:16:39.821-0400: 217.222: [GC (Allocation Failure) [PSYoungGen: 161736K->49376K(175104K)] 556012K->462168K(699392K), 0.0165492 secs] [Times: user=0.18 sys=0.00, real=0.02 secs] 
2016-09-15T12:16:39.953-0400: 217.354: [GC (GCLocker Initiated GC) [PSYoungGen: 137440K->85530K(175104K)] 550238K->504842K(699392K), 0.0169131 secs] [Times: user=0.20 sys=0.00, real=0.02 secs] 
2016-09-15T12:16:40.084-0400: 217.485: [GC (GCLocker Initiated GC) [PSYoungGen: 173594K->61298K(175104K)] 592935K->517208K(699392K), 0.0145105 secs] [Times: user=0.14 sys=0.01, real=0.02 secs] 
2016-09-15T12:16:40.099-0400: 217.500: [Full GC (Ergonomics) [PSYoungGen: 61298K->0K(175104K)] [ParOldGen: 455910K->55000K(524288K)] 517208K->55000K(699392K), [Metaspace: 44531K->44531K(1087488K)], 0.0677787 secs] [Times: user=0.49 sys=0.01, real=0.06 secs] 
2016-09-15T12:16:40.290-0400: 217.691: [GC (GCLocker Initiated GC) [PSYoungGen: 88064K->67729K(175104K)] 143296K->122961K(699392K), 0.0096812 secs] [Times: user=0.08 sys=0.00, real=0.01 secs] 
2016-09-15T12:16:40.453-0400: 217.854: [GC (GCLocker Initiated GC) [PSYoungGen: 155793K->67501K(175104K)] 211062K->159783K(699392K), 0.0110577 secs] [Times: user=0.15 sys=0.01, real=0.01 secs] 
2016-09-15T12:16:40.608-0400: 218.009: [GC (GCLocker Initiated GC) [PSYoungGen: 155565K->55283K(175104K)] 259999K->226881K(699392K), 0.0103365 secs] [Times: user=0.16 sys=0.00, real=0.01 secs] 
2016-09-15T12:16:40.717-0400: 218.118: [GC (GCLocker Initiated GC) [PSYoungGen: 143347K->85790K(175104K)] 315055K->300190K(699392K), 0.0104896 secs] [Times: user=0.14 sys=0.00, real=0.00 secs] 
2016-09-15T12:16:40.865-0400: 218.265: [GC (Allocation Failure) [PSYoungGen: 173854K->67601K(175104K)] 388296K->330927K(699392K), 0.0134016 secs] [Times: user=0.13 sys=0.00, real=0.02 secs] 
2016-09-15T12:16:40.977-0400: 218.377: [GC (GCLocker Initiated GC) [PSYoungGen: 155659K->73608K(175104K)] 418991K->373649K(699392K), 0.0246193 secs] [Times: user=0.30 sys=0.00, real=0.02 secs] 
2016-09-15T12:16:41.125-0400: 218.526: [GC (Allocation Failure) [PSYoungGen: 161672K->43432K(175104K)] 462069K->380391K(699392K), 0.0088054 secs] [Times: user=0.08 sys=0.00, real=0.01 secs] 
2016-09-15T12:16:41.260-0400: 218.661: [GC (GCLocker Initiated GC) [PSYoungGen: 131496K->73416K(175104K)] 468455K->410634K(699392K), 0.0168332 secs] [Times: user=0.16 sys=0.00, real=0.02 secs] 
2016-09-15T12:16:41.408-0400: 218.809: [GC (GCLocker Initiated GC) [PSYoungGen: 161480K->61234K(175104K)] 498907K->423057K(699392K), 0.0215004 secs] [Times: user=0.22 sys=0.00, real=0.02 secs] 
2016-09-15T12:16:41.553-0400: 218.954: [GC (GCLocker Initiated GC) [PSYoungGen: 149298K->55387K(175104K)] 523560K->447969K(699392K), 0.0122558 secs] [Times: user=0.12 sys=0.00, real=0.01 secs] 
2016-09-15T12:16:41.669-0400: 219.070: [GC (GCLocker Initiated GC) [PSYoungGen: 143451K->85758K(175104K)] 536076K->521224K(699392K), 0.0231189 secs] [Times: user=0.30 sys=0.01, real=0.02 secs] 
2016-09-15T12:16:41.810-0400: 219.210: [GC (GCLocker Initiated GC) [PSYoungGen: 173822K->85922K(175104K)] 615589K->546034K(699392K), 0.0110317 secs] [Times: user=0.12 sys=0.01, real=0.01 secs] 
2016-09-15T12:16:41.821-0400: 219.221: [Full GC (Ergonomics) [PSYoungGen: 85922K->0K(175104K)] [ParOldGen: 460112K->54993K(524288K)] 546034K->54993K(699392K), [Metaspace: 44531K->44531K(1087488K)], 0.0666176 secs] [Times: user=0.43 sys=0.02, real=0.06 secs] 
2016-09-15T12:16:42.000-0400: 219.401: [GC (GCLocker Initiated GC) [PSYoungGen: 88064K->86078K(175104K)] 143401K->159640K(699392K), 0.0099794 secs] [Times: user=0.12 sys=0.00, real=0.01 secs] 
2016-09-15T12:16:42.136-0400: 219.537: [GC (Allocation Failure) [PSYoungGen: 174142K->73772K(175104K)] 247830K->220948K(699392K), 0.0142742 secs] [Times: user=0.16 sys=0.00, real=0.01 secs] 
2016-09-15T12:16:42.259-0400: 219.660: [GC (GCLocker Initiated GC) [PSYoungGen: 161836K->73836K(175104K)] 309023K->239696K(699392K), 0.0214139 secs] [Times: user=0.27 sys=0.01, real=0.02 secs] 
2016-09-15T12:16:42.407-0400: 219.807: [GC (GCLocker Initiated GC) [PSYoungGen: 161900K->73836K(175104K)] 340085K->252133K(699392K), 0.0106837 secs] [Times: user=0.13 sys=0.00, real=0.02 secs] 
2016-09-15T12:16:42.544-0400: 219.944: [GC (GCLocker Initiated GC) [PSYoungGen: 161900K->85822K(175104K)] 340250K->313104K(699392K), 0.0127875 secs] [Times: user=0.17 sys=0.00, real=0.02 secs] 
2016-09-15T12:16:42.678-0400: 220.079: [GC (GCLocker Initiated GC) [PSYoungGen: 173886K->85886K(175104K)] 401255K->392553K(699392K), 0.0158983 secs] [Times: user=0.24 sys=0.00, real=0.01 secs] 
2016-09-15T12:16:42.832-0400: 220.232: [GC (GCLocker Initiated GC) [PSYoungGen: 173950K->67597K(175104K)] 486858K->447638K(699392K), 0.0105081 secs] [Times: user=0.14 sys=0.00, real=0.01 secs] 
2016-09-15T12:16:42.958-0400: 220.358: [GC (GCLocker Initiated GC) [PSYoungGen: 155661K->79423K(175104K)] 535946K->460007K(699392K), 0.0194282 secs] [Times: user=0.19 sys=0.00, real=0.02 secs] 
2016-09-15T12:16:43.099-0400: 220.500: [GC (Allocation Failure) [PSYoungGen: 167487K->55415K(175104K)] 566640K->491130K(699392K), 0.0239097 secs] [Times: user=0.29 sys=0.00, real=0.02 secs] 
2016-09-15T12:16:43.123-0400: 220.524: [Full GC (Ergonomics) [PSYoungGen: 55415K->0K(175104K)] [ParOldGen: 435715K->59958K(524288K)] 491130K->59958K(699392K), [Metaspace: 44531K->44531K(1087488K)], 0.0606203 secs] [Times: user=0.37 sys=0.00, real=0.06 secs] 
2016-09-15T12:16:43.294-0400: 220.695: [GC (GCLocker Initiated GC) [PSYoungGen: 88064K->74288K(175104K)] 148028K->134252K(699392K), 0.0079120 secs] [Times: user=0.09 sys=0.00, real=0.01 secs] 
2016-09-15T12:16:43.408-0400: 220.808: [GC (GCLocker Initiated GC) [PSYoungGen: 162352K->85822K(175104K)] 228550K->171153K(699392K), 0.0079717 secs] [Times: user=0.12 sys=0.00, real=0.02 secs] 
2016-09-15T12:16:43.563-0400: 220.964: [GC (GCLocker Initiated GC) [PSYoungGen: 173886K->19096K(175104K)] 277775K->153676K(699392K), 0.0068144 secs] [Times: user=0.08 sys=0.01, real=0.01 secs] 
2016-09-15T12:16:43.698-0400: 221.098: [GC (GCLocker Initiated GC) [PSYoungGen: 107160K->19096K(175104K)] 260243K->172414K(699392K), 0.0077383 secs] [Times: user=0.04 sys=0.00, real=0.00 secs] 
2016-09-15T12:16:43.837-0400: 221.237: [GC (GCLocker Initiated GC) [PSYoungGen: 107160K->73672K(175104K)] 260650K->227313K(699392K), 0.0083095 secs] [Times: user=0.09 sys=0.01, real=0.00 secs] 
2016-09-15T12:16:43.937-0400: 221.338: [GC (GCLocker Initiated GC) [PSYoungGen: 161736K->86018K(175104K)] 315447K->288816K(699392K), 0.0107922 secs] [Times: user=0.16 sys=0.00, real=0.01 secs] 
2016-09-15T12:16:44.050-0400: 221.451: [GC (GCLocker Initiated GC) [PSYoungGen: 174082K->85986K(175104K)] 383032K->380318K(699392K), 0.0132290 secs] [Times: user=0.19 sys=0.01, real=0.01 secs] 
2016-09-15T12:16:44.188-0400: 221.588: [GC (GCLocker Initiated GC) [PSYoungGen: 174050K->55351K(175104K)] 474751K->411010K(699392K), 0.0102001 secs] [Times: user=0.11 sys=0.00, real=0.01 secs] 
2016-09-15T12:16:44.306-0400: 221.707: [GC (GCLocker Initiated GC) [PSYoungGen: 143415K->55679K(175104K)] 505768K->418168K(699392K), 0.0079706 secs] [Times: user=0.09 sys=0.01, real=0.01 secs] 
2016-09-15T12:16:44.450-0400: 221.851: [GC (GCLocker Initiated GC) [PSYoungGen: 143743K->55447K(175104K)] 518587K->448651K(699392K), 0.0080157 secs] [Times: user=0.08 sys=0.00, real=0.01 secs] 
2016-09-15T12:16:44.573-0400: 221.974: [GC (GCLocker Initiated GC) [PSYoungGen: 143511K->55483K(175104K)] 543056K->497860K(699392K), 0.0113732 secs] [Times: user=0.12 sys=0.00, real=0.01 secs] 
2016-09-15T12:16:44.585-0400: 221.985: [Full GC (Ergonomics) [PSYoungGen: 55483K->0K(175104K)] [ParOldGen: 442377K->47781K(524288K)] 497860K->47781K(699392K), [Metaspace: 44531K->44531K(1087488K)], 0.0636364 secs] [Times: user=0.36 sys=0.02, real=0.07 secs] 
2016-09-15T12:16:44.743-0400: 222.143: [GC (GCLocker Initiated GC) [PSYoungGen: 88064K->61618K(175104K)] 135976K->109530K(699392K), 0.0151517 secs] [Times: user=0.18 sys=0.00, real=0.02 secs] 
2016-09-15T12:16:44.890-0400: 222.291: [GC (GCLocker Initiated GC) [PSYoungGen: 149682K->37517K(175104K)] 215939K->171155K(699392K), 0.0087356 secs] [Times: user=0.10 sys=0.00, real=0.01 secs] 
2016-09-15T12:16:45.053-0400: 222.453: [GC (GCLocker Initiated GC) [PSYoungGen: 125581K->73640K(175104K)] 259306K->226044K(699392K), 0.0158268 secs] [Times: user=0.18 sys=0.01, real=0.02 secs] 
2016-09-15T12:16:45.203-0400: 222.603: [GC (GCLocker Initiated GC) [PSYoungGen: 161704K->79715K(175104K)] 314150K->250505K(699392K), 0.0109418 secs] [Times: user=0.12 sys=0.01, real=0.01 secs] 
2016-09-15T12:16:45.342-0400: 222.742: [GC (GCLocker Initiated GC) [PSYoungGen: 167779K->55547K(175104K)] 344742K->250870K(699392K), 0.0142059 secs] [Times: user=0.18 sys=0.00, real=0.02 secs] 
2016-09-15T12:16:45.489-0400: 222.890: [GC (GCLocker Initiated GC) [PSYoungGen: 143610K->37094K(175104K)] 339295K->281638K(699392K), 0.0156814 secs] [Times: user=0.18 sys=0.01, real=0.01 secs] 
2016-09-15T12:16:45.598-0400: 222.999: [GC (GCLocker Initiated GC) [PSYoungGen: 125158K->85822K(175104K)] 369968K->355411K(699392K), 0.0106095 secs] [Times: user=0.13 sys=0.00, real=0.01 secs] 
2016-09-15T12:16:45.681-0400: 223.082: [GC (GCLocker Initiated GC) [PSYoungGen: 173886K->79751K(175104K)] 443562K->398490K(699392K), 0.0147574 secs] [Times: user=0.14 sys=0.00, real=0.02 secs] 
2016-09-15T12:16:45.829-0400: 223.230: [GC (Allocation Failure) [PSYoungGen: 167815K->55906K(175104K)] 486870K->430084K(699392K), 0.0098498 secs] [Times: user=0.14 sys=0.00, real=0.01 secs] 
2016-09-15T12:16:45.929-0400: 223.329: [GC (GCLocker Initiated GC) [PSYoungGen: 143970K->85690K(175104K)] 518155K->484958K(699392K), 0.0119668 secs] [Times: user=0.14 sys=0.00, real=0.01 secs] 
2016-09-15T12:16:46.031-0400: 223.431: [GC (GCLocker Initiated GC) [PSYoungGen: 173754K->67565K(175104K)] 573192K->546146K(699392K), 0.0211052 secs] [Times: user=0.28 sys=0.00, real=0.02 secs] 
2016-09-15T12:16:46.052-0400: 223.453: [Full GC (Ergonomics) [PSYoungGen: 67565K->0K(175104K)] [ParOldGen: 478581K->66131K(524288K)] 546146K->66131K(699392K), [Metaspace: 44531K->44531K(1087488K)], 0.0647942 secs] [Times: user=0.42 sys=0.02, real=0.07 secs] 
2016-09-15T12:16:46.215-0400: 223.616: [GC (GCLocker Initiated GC) [PSYoungGen: 88064K->81007K(175104K)] 154466K->177784K(699392K), 0.0102300 secs] [Times: user=0.12 sys=0.00, real=0.01 secs] 
2016-09-15T12:16:46.325-0400: 223.726: [GC (GCLocker Initiated GC) [PSYoungGen: 169069K->55511K(175104K)] 272276K->215149K(699392K), 0.0084105 secs] [Times: user=0.13 sys=0.00, real=0.01 secs] 
2016-09-15T12:16:46.451-0400: 223.851: [GC (GCLocker Initiated GC) [PSYoungGen: 143575K->55515K(175104K)] 315556K->227591K(699392K), 0.0142541 secs] [Times: user=0.17 sys=0.00, real=0.01 secs] 
2016-09-15T12:16:46.595-0400: 223.996: [GC (GCLocker Initiated GC) [PSYoungGen: 143579K->67925K(175104K)] 321794K->264680K(699392K), 0.0099995 secs] [Times: user=0.14 sys=0.00, real=0.01 secs] 
2016-09-15T12:16:46.718-0400: 224.119: [GC (GCLocker Initiated GC) [PSYoungGen: 155989K->67729K(175104K)] 353038K->295320K(699392K), 0.0164790 secs] [Times: user=0.23 sys=0.01, real=0.01 secs] 
2016-09-15T12:16:46.864-0400: 224.264: [GC (GCLocker Initiated GC) [PSYoungGen: 155793K->86182K(175104K)] 395627K->356871K(699392K), 0.0099806 secs] [Times: user=0.15 sys=0.00, real=0.01 secs] 
2016-09-15T12:16:47.003-0400: 224.404: [GC (GCLocker Initiated GC) [PSYoungGen: 174246K->55515K(175104K)] 457255K->393506K(699392K), 0.0093311 secs] [Times: user=0.11 sys=0.00, real=0.01 secs] 
2016-09-15T12:16:47.128-0400: 224.529: [GC (GCLocker Initiated GC) [PSYoungGen: 143579K->61298K(175104K)] 481779K->417983K(699392K), 0.0394894 secs] [Times: user=0.45 sys=0.01, real=0.04 secs] 
2016-09-15T12:16:47.273-0400: 224.674: [GC (GCLocker Initiated GC) [PSYoungGen: 149362K->85990K(175104K)] 506212K->473318K(699392K), 0.0224614 secs] [Times: user=0.23 sys=0.00, real=0.02 secs] 
2016-09-15T12:16:47.427-0400: 224.828: [GC (GCLocker Initiated GC) [PSYoungGen: 174054K->55711K(175104K)] 567739K->468249K(699392K), 0.0080227 secs] [Times: user=0.11 sys=0.00, real=0.01 secs] 
2016-09-15T12:16:47.527-0400: 224.928: [GC (GCLocker Initiated GC) [PSYoungGen: 143775K->73380K(175104K)] 556595K->511128K(699392K), 0.0102454 secs] [Times: user=0.10 sys=0.00, real=0.02 secs] 
2016-09-15T12:16:47.636-0400: 225.037: [GC (GCLocker Initiated GC) [PSYoungGen: 161444K->80107K(175104K)] 599205K->596995K(699392K), 0.0130343 secs] [Times: user=0.20 sys=0.00, real=0.01 secs] 
2016-09-15T12:16:47.650-0400: 225.050: [Full GC (Ergonomics) [PSYoungGen: 80107K->0K(175104K)] [ParOldGen: 516888K->60208K(524288K)] 596995K->60208K(699392K), [Metaspace: 44531K->44531K(1087488K)], 0.0649271 secs] [Times: user=0.46 sys=0.01, real=0.06 secs] 
2016-09-15T12:16:47.820-0400: 225.220: [GC (GCLocker Initiated GC) [PSYoungGen: 88064K->85954K(175104K)] 154401K->206966K(699392K), 0.0110274 secs] [Times: user=0.17 sys=0.00, real=0.01 secs] 
2016-09-15T12:16:47.935-0400: 225.335: [GC (GCLocker Initiated GC) [PSYoungGen: 174018K->73444K(175104K)] 295162K->249759K(699392K), 0.0092544 secs] [Times: user=0.12 sys=0.00, real=0.01 secs] 
2016-09-15T12:16:48.054-0400: 225.455: [GC (GCLocker Initiated GC) [PSYoungGen: 161508K->73836K(175104K)] 343940K->311094K(699392K), 0.0108848 secs] [Times: user=0.17 sys=0.01, real=0.01 secs] 
2016-09-15T12:16:48.186-0400: 225.587: [GC (GCLocker Initiated GC) [PSYoungGen: 161900K->85790K(175104K)] 399205K->396483K(699392K), 0.0123554 secs] [Times: user=0.19 sys=0.00, real=0.02 secs] 
2016-09-15T12:16:48.305-0400: 225.706: [GC (GCLocker Initiated GC) [PSYoungGen: 173854K->67697K(175104K)] 484751K->433388K(699392K), 0.0154045 secs] [Times: user=0.12 sys=0.00, real=0.02 secs] 
2016-09-15T12:16:48.431-0400: 225.831: [GC (GCLocker Initiated GC) [PSYoungGen: 155761K->73640K(175104K)] 521819K->476620K(699392K), 0.0103782 secs] [Times: user=0.12 sys=0.01, real=0.01 secs] 
2016-09-15T12:16:48.553-0400: 225.953: [GC (GCLocker Initiated GC) [PSYoungGen: 161704K->85922K(175104K)] 565034K->513703K(699392K), 0.0096698 secs] [Times: user=0.10 sys=0.00, real=0.01 secs] 
2016-09-15T12:16:48.680-0400: 226.080: [GC (GCLocker Initiated GC) [PSYoungGen: 173986K->61554K(175104K)] 601931K->544646K(699392K), 0.0107267 secs] [Times: user=0.15 sys=0.00, real=0.01 secs] 
2016-09-15T12:16:48.691-0400: 226.091: [Full GC (Ergonomics) [PSYoungGen: 61554K->0K(175104K)] [ParOldGen: 483092K->54320K(524288K)] 544646K->54320K(699392K), [Metaspace: 44531K->44531K(1087488K)], 0.0552852 secs] [Times: user=0.52 sys=0.00, real=0.05 secs] 
2016-09-15T12:16:48.855-0400: 226.255: [GC (GCLocker Initiated GC) [PSYoungGen: 88064K->86406K(175104K)] 142655K->183522K(699392K), 0.0106871 secs] [Times: user=0.16 sys=0.00, real=0.01 secs] 
2016-09-15T12:16:48.995-0400: 226.396: [GC (GCLocker Initiated GC) [PSYoungGen: 174470K->18904K(175104K)] 283902K->183699K(699392K), 0.0119023 secs] [Times: user=0.11 sys=0.00, real=0.01 secs] 
2016-09-15T12:16:49.115-0400: 226.516: [GC (GCLocker Initiated GC) [PSYoungGen: 106968K->55091K(175104K)] 277869K->226078K(699392K), 0.0076507 secs] [Times: user=0.07 sys=0.00, real=0.01 secs] 
2016-09-15T12:16:49.235-0400: 226.636: [GC (GCLocker Initiated GC) [PSYoungGen: 143155K->85954K(175104K)] 320561K->306021K(699392K), 0.0108930 secs] [Times: user=0.13 sys=0.00, real=0.01 secs] 
2016-09-15T12:16:49.365-0400: 226.766: [GC (Allocation Failure) [PSYoungGen: 174018K->55906K(175104K)] 394244K->276776K(699392K), 0.0091539 secs] [Times: user=0.13 sys=0.00, real=0.01 secs] 
2016-09-15T12:16:49.499-0400: 226.900: [GC (GCLocker Initiated GC) [PSYoungGen: 139456K->55415K(175104K)] 366401K->300876K(699392K), 0.0073684 secs] [Times: user=0.10 sys=0.00, real=0.00 secs] 
2016-09-15T12:16:49.638-0400: 227.038: [GC (GCLocker Initiated GC) [PSYoungGen: 143479K->73640K(175104K)] 389105K->349752K(699392K), 0.0138325 secs] [Times: user=0.10 sys=0.00, real=0.01 secs] 
2016-09-15T12:16:49.768-0400: 227.169: [GC (Allocation Failure) [PSYoungGen: 161704K->61526K(175104K)] 444151K->356250K(699392K), 0.0094425 secs] [Times: user=0.07 sys=0.00, real=0.01 secs] 
2016-09-15T12:16:49.877-0400: 227.278: [GC (GCLocker Initiated GC) [PSYoungGen: 149590K->55255K(175104K)] 444321K->368478K(699392K), 0.0123365 secs] [Times: user=0.07 sys=0.00, real=0.01 secs] 
2016-09-15T12:16:50.029-0400: 227.430: [GC (Allocation Failure) [PSYoungGen: 143319K->79879K(175104K)] 456724K->411668K(699392K), 0.0092622 secs] [Times: user=0.13 sys=0.00, real=0.01 secs] 
2016-09-15T12:16:50.130-0400: 227.531: [GC (GCLocker Initiated GC) [PSYoungGen: 167943K->85854K(175104K)] 499738K->472648K(699392K), 0.0114179 secs] [Times: user=0.17 sys=0.00, real=0.01 secs] 
2016-09-15T12:16:50.248-0400: 227.649: [GC (GCLocker Initiated GC) [PSYoungGen: 173918K->79943K(175104K)] 560939K->540032K(699392K), 0.0116009 secs] [Times: user=0.18 sys=0.00, real=0.01 secs] 
2016-09-15T12:16:50.260-0400: 227.661: [Full GC (Ergonomics) [PSYoungGen: 79943K->0K(175104K)] [ParOldGen: 460088K->60655K(524288K)] 540032K->60655K(699392K), [Metaspace: 44531K->44531K(1087488K)], 0.0564633 secs] [Times: user=0.49 sys=0.01, real=0.06 secs] 
2016-09-15T12:16:50.416-0400: 227.817: [GC (GCLocker Initiated GC) [PSYoungGen: 88064K->86110K(175104K)] 160922K->165043K(699392K), 0.0080924 secs] [Times: user=0.12 sys=0.00, real=0.00 secs] 
2016-09-15T12:16:50.531-0400: 227.932: [GC (GCLocker Initiated GC) [PSYoungGen: 174174K->86182K(175104K)] 253351K->214562K(699392K), 0.0104483 secs] [Times: user=0.15 sys=0.00, real=0.01 secs] 
2016-09-15T12:16:50.632-0400: 228.032: [GC (GCLocker Initiated GC) [PSYoungGen: 174246K->85822K(175104K)] 302753K->306098K(699392K), 0.0161096 secs] [Times: user=0.23 sys=0.00, real=0.02 secs] 
2016-09-15T12:16:50.759-0400: 228.159: [GC (GCLocker Initiated GC) [PSYoungGen: 173886K->73672K(175104K)] 394483K->373404K(699392K), 0.0115381 secs] [Times: user=0.15 sys=0.00, real=0.01 secs] 
2016-09-15T12:16:50.916-0400: 228.317: [GC (GCLocker Initiated GC) [PSYoungGen: 161736K->37386K(175104K)] 479841K->392248K(699392K), 0.0079972 secs] [Times: user=0.12 sys=0.00, real=0.00 secs] 
2016-09-15T12:16:51.071-0400: 228.472: [GC (GCLocker Initiated GC) [PSYoungGen: 125450K->73672K(175104K)] 480679K->429192K(699392K), 0.0086094 secs] [Times: user=0.10 sys=0.00, real=0.01 secs] 
2016-09-15T12:16:51.200-0400: 228.601: [GC (GCLocker Initiated GC) [PSYoungGen: 161736K->55874K(175104K)] 517421K->429905K(699392K), 0.0083569 secs] [Times: user=0.12 sys=0.00, real=0.01 secs] 
2016-09-15T12:16:51.324-0400: 228.725: [GC (GCLocker Initiated GC) [PSYoungGen: 143938K->55711K(175104K)] 518526K->467227K(699392K), 0.0127267 secs] [Times: user=0.17 sys=0.00, real=0.02 secs] 
2016-09-15T12:16:51.438-0400: 228.839: [GC (GCLocker Initiated GC) [PSYoungGen: 143775K->85658K(175104K)] 561414K->533799K(699392K), 0.0099781 secs] [Times: user=0.12 sys=0.00, real=0.01 secs] 
2016-09-15T12:16:51.449-0400: 228.849: [Full GC (Ergonomics) [PSYoungGen: 85658K->0K(175104K)] [ParOldGen: 448141K->60502K(524288K)] 533799K->60502K(699392K), [Metaspace: 44534K->44534K(1087488K)], 0.0606184 secs] [Times: user=0.38 sys=0.01, real=0.06 secs] 
2016-09-15T12:16:51.606-0400: 229.006: [GC (GCLocker Initiated GC) [PSYoungGen: 88064K->86694K(175104K)] 148616K->195846K(699392K), 0.0092719 secs] [Times: user=0.13 sys=0.00, real=0.01 secs] 
2016-09-15T12:16:51.710-0400: 229.111: [GC (GCLocker Initiated GC) [PSYoungGen: 174758K->86214K(175104K)] 284108K->275719K(699392K), 0.0114134 secs] [Times: user=0.16 sys=0.00, real=0.01 secs] 
2016-09-15T12:16:51.831-0400: 229.232: [GC (GCLocker Initiated GC) [PSYoungGen: 174278K->67597K(175104K)] 370192K->330659K(699392K), 0.0147555 secs] [Times: user=0.20 sys=0.01, real=0.01 secs] 
2016-09-15T12:16:51.939-0400: 229.340: [GC (GCLocker Initiated GC) [PSYoungGen: 155661K->73900K(175104K)] 424808K->379673K(699392K), 0.0090117 secs] [Times: user=0.13 sys=0.00, real=0.01 secs] 
2016-09-15T12:16:52.061-0400: 229.462: [GC (GCLocker Initiated GC) [PSYoungGen: 161964K->79943K(175104K)] 474285K->429202K(699392K), 0.0094734 secs] [Times: user=0.14 sys=0.00, real=0.01 secs] 
2016-09-15T12:16:52.179-0400: 229.579: [GC (Allocation Failure) [PSYoungGen: 168007K->73704K(175104K)] 517397K->466099K(699392K), 0.0088209 secs] [Times: user=0.14 sys=0.00, real=0.00 secs] 
2016-09-15T12:16:52.297-0400: 229.698: [GC (GCLocker Initiated GC) [PSYoungGen: 156977K->73804K(175104K)] 555447K->484559K(699392K), 0.0085797 secs] [Times: user=0.10 sys=0.00, real=0.00 secs] 
2016-09-15T12:16:52.446-0400: 229.846: [GC (GCLocker Initiated GC) [PSYoungGen: 161868K->55647K(175104K)] 585134K->497445K(699392K), 0.0100519 secs] [Times: user=0.14 sys=0.00, real=0.02 secs] 
2016-09-15T12:16:52.456-0400: 229.857: [Full GC (Ergonomics) [PSYoungGen: 55647K->0K(175104K)] [ParOldGen: 441798K->59462K(524288K)] 497445K->59462K(699392K), [Metaspace: 44534K->44534K(1087488K)], 0.0719003 secs] [Times: user=0.53 sys=0.02, real=0.07 secs] 
2016-09-15T12:16:52.645-0400: 230.046: [GC (GCLocker Initiated GC) [PSYoungGen: 88064K->86014K(175104K)] 153728K->157753K(699392K), 0.0092648 secs] [Times: user=0.12 sys=0.00, real=0.01 secs] 
2016-09-15T12:16:52.754-0400: 230.154: [GC (GCLocker Initiated GC) [PSYoungGen: 174078K->86150K(175104K)] 246094K->231654K(699392K), 0.0115799 secs] [Times: user=0.18 sys=0.00, real=0.01 secs] 
2016-09-15T12:16:52.875-0400: 230.276: [GC (GCLocker Initiated GC) [PSYoungGen: 174212K->86050K(175104K)] 320067K->305315K(699392K), 0.0125327 secs] [Times: user=0.19 sys=0.02, real=0.01 secs] 
2016-09-15T12:16:53.000-0400: 230.401: [GC (Allocation Failure) [PSYoungGen: 174114K->55415K(175104K)] 393522K->335873K(699392K), 0.0093740 secs] [Times: user=0.13 sys=0.00, real=0.01 secs] 
2016-09-15T12:16:53.114-0400: 230.515: [GC (GCLocker Initiated GC) [PSYoungGen: 139003K->55223K(175104K)] 425536K->360108K(699392K), 0.0090908 secs] [Times: user=0.12 sys=0.00, real=0.01 secs] 
2016-09-15T12:16:53.259-0400: 230.660: [GC (Allocation Failure) [PSYoungGen: 143287K->61458K(175104K)] 460504K->378950K(699392K), 0.0095740 secs] [Times: user=0.12 sys=0.00, real=0.01 secs] 
2016-09-15T12:16:53.400-0400: 230.800: [GC (GCLocker Initiated GC) [PSYoungGen: 149522K->73836K(175104K)] 467020K->434166K(699392K), 0.0095377 secs] [Times: user=0.13 sys=0.00, real=0.01 secs] 
2016-09-15T12:16:53.539-0400: 230.940: [GC (GCLocker Initiated GC) [PSYoungGen: 161900K->61458K(175104K)] 522440K->440374K(699392K), 0.0238144 secs] [Times: user=0.26 sys=0.00, real=0.02 secs] 
2016-09-15T12:16:53.693-0400: 231.094: [GC (GCLocker Initiated GC) [PSYoungGen: 149522K->37094K(175104K)] 540865K->446757K(699392K), 0.0082129 secs] [Times: user=0.08 sys=0.01, real=0.01 secs] 
2016-09-15T12:16:53.813-0400: 231.214: [GC (GCLocker Initiated GC) [PSYoungGen: 125158K->73576K(175104K)] 535032K->483593K(699392K), 0.0098551 secs] [Times: user=0.09 sys=0.00, real=0.01 secs] 
2016-09-15T12:16:53.938-0400: 231.339: [GC (GCLocker Initiated GC) [PSYoungGen: 161640K->62049K(175104K)] 577960K->515323K(699392K), 0.0101843 secs] [Times: user=0.13 sys=0.00, real=0.01 secs] 
2016-09-15T12:16:53.948-0400: 231.349: [Full GC (Ergonomics) [PSYoungGen: 62049K->0K(175104K)] [ParOldGen: 453274K->47635K(524288K)] 515323K->47635K(699392K), [Metaspace: 44536K->44536K(1087488K)], 0.0711797 secs] [Times: user=0.58 sys=0.01, real=0.07 secs] 
2016-09-15T12:16:54.134-0400: 231.534: [GC (Allocation Failure) [PSYoungGen: 88064K->86210K(175104K)] 141951K->146172K(699392K), 0.0116267 secs] [Times: user=0.14 sys=0.00, real=0.01 secs] 
2016-09-15T12:16:54.243-0400: 231.644: [GC (GCLocker Initiated GC) [PSYoungGen: 174274K->67401K(175104K)] 234236K->201007K(699392K), 0.0127219 secs] [Times: user=0.14 sys=0.01, real=0.02 secs] 
2016-09-15T12:16:54.348-0400: 231.749: [GC (GCLocker Initiated GC) [PSYoungGen: 155465K->86018K(175104K)] 289181K->262395K(699392K), 0.0154252 secs] [Times: user=0.21 sys=0.00, real=0.01 secs] 
2016-09-15T12:16:54.469-0400: 231.870: [GC (GCLocker Initiated GC) [PSYoungGen: 174082K->61522K(175104K)] 350792K->311784K(699392K), 0.0103640 secs] [Times: user=0.16 sys=0.00, real=0.01 secs] 
2016-09-15T12:16:54.597-0400: 231.998: [GC (GCLocker Initiated GC) [PSYoungGen: 149586K->73708K(175104K)] 400203K->342710K(699392K), 0.0111563 secs] [Times: user=0.11 sys=0.00, real=0.01 secs] 
2016-09-15T12:16:54.702-0400: 232.103: [GC (GCLocker Initiated GC) [PSYoungGen: 161772K->61462K(175104K)] 430804K->348979K(699392K), 0.0107657 secs] [Times: user=0.09 sys=0.00, real=0.01 secs] 
2016-09-15T12:16:54.807-0400: 232.207: [GC (GCLocker Initiated GC) [PSYoungGen: 149526K->85954K(175104K)] 437107K->440684K(699392K), 0.0203879 secs] [Times: user=0.23 sys=0.01, real=0.02 secs] 
2016-09-15T12:16:54.937-0400: 232.338: [GC (GCLocker Initiated GC) [PSYoungGen: 174018K->55451K(175104K)] 528769K->465145K(699392K), 0.0178667 secs] [Times: user=0.17 sys=0.00, real=0.01 secs] 
2016-09-15T12:16:55.043-0400: 232.444: [GC (GCLocker Initiated GC) [PSYoungGen: 143515K->85726K(175104K)] 553536K->520511K(699392K), 0.0261182 secs] [Times: user=0.27 sys=0.00, real=0.03 secs] 
2016-09-15T12:16:55.070-0400: 232.471: [Full GC (Ergonomics) [PSYoungGen: 85726K->0K(175104K)] [ParOldGen: 434784K->59837K(524288K)] 520511K->59837K(699392K), [Metaspace: 44536K->44536K(1087488K)], 0.0634605 secs] [Times: user=0.43 sys=0.00, real=0.06 secs] 
2016-09-15T12:16:55.236-0400: 232.636: [GC (GCLocker Initiated GC) [PSYoungGen: 88064K->86210K(175104K)] 147921K->170368K(699392K), 0.0097532 secs] [Times: user=0.12 sys=0.01, real=0.00 secs] 
2016-09-15T12:16:55.345-0400: 232.746: [GC (GCLocker Initiated GC) [PSYoungGen: 174274K->67465K(175104K)] 264577K->219261K(699392K), 0.0094779 secs] [Times: user=0.13 sys=0.00, real=0.01 secs] 
2016-09-15T12:16:55.450-0400: 232.851: [GC (GCLocker Initiated GC) [PSYoungGen: 155529K->86250K(175104K)] 307536K->293091K(699392K), 0.0121949 secs] [Times: user=0.14 sys=0.00, real=0.01 secs] 
2016-09-15T12:16:55.606-0400: 233.007: [GC (Allocation Failure) [PSYoungGen: 174314K->73836K(175104K)] 387271K->323871K(699392K), 0.0111155 secs] [Times: user=0.14 sys=0.00, real=0.02 secs] 
2016-09-15T12:16:55.728-0400: 233.128: [GC (Allocation Failure) [PSYoungGen: 156076K->25040K(175104K)] 406111K->330018K(699392K), 0.0112967 secs] [Times: user=0.09 sys=0.00, real=0.02 secs] 
2016-09-15T12:16:55.867-0400: 233.267: [GC (GCLocker Initiated GC) [PSYoungGen: 111349K->85822K(175104K)] 422402K->421506K(699392K), 0.0090071 secs] [Times: user=0.12 sys=0.00, real=0.02 secs] 
2016-09-15T12:16:56.017-0400: 233.418: [GC (Allocation Failure) [PSYoungGen: 173886K->55351K(175104K)] 515855K->415992K(699392K), 0.0110321 secs] [Times: user=0.10 sys=0.00, real=0.01 secs] 
2016-09-15T12:16:56.124-0400: 233.525: [GC (GCLocker Initiated GC) [PSYoungGen: 143415K->73448K(175104K)] 504062K->434346K(699392K), 0.0205230 secs] [Times: user=0.20 sys=0.00, real=0.02 secs] 
2016-09-15T12:16:56.248-0400: 233.649: [GC (GCLocker Initiated GC) [PSYoungGen: 161512K->61426K(175104K)] 528539K->489338K(699392K), 0.0111376 secs] [Times: user=0.13 sys=0.01, real=0.01 secs] 
2016-09-15T12:16:56.386-0400: 233.787: [GC (GCLocker Initiated GC) [PSYoungGen: 149490K->74327K(175104K)] 577590K->533135K(699392K), 0.0084491 secs] [Times: user=0.12 sys=0.00, real=0.01 secs] 
2016-09-15T12:16:56.395-0400: 233.795: [Full GC (Ergonomics) [PSYoungGen: 74327K->0K(175104K)] [ParOldGen: 458807K->48128K(524288K)] 533135K->48128K(699392K), [Metaspace: 44536K->44536K(1087488K)], 0.0664604 secs] [Times: user=0.49 sys=0.01, real=0.07 secs] 
2016-09-15T12:16:56.558-0400: 233.958: [GC (GCLocker Initiated GC) [PSYoungGen: 88064K->86142K(175104K)] 136407K->140560K(699392K), 0.0140745 secs] [Times: user=0.18 sys=0.00, real=0.01 secs] 
2016-09-15T12:16:56.677-0400: 234.078: [GC (GCLocker Initiated GC) [PSYoungGen: 174206K->56070K(175104K)] 240858K->159908K(699392K), 0.0081957 secs] [Times: user=0.10 sys=0.00, real=0.00 secs] 
2016-09-15T12:16:56.812-0400: 234.213: [GC (Allocation Failure) [PSYoungGen: 144133K->36962K(175104K)] 260618K->172291K(699392K), 0.0054816 secs] [Times: user=0.07 sys=0.00, real=0.01 secs] 
2016-09-15T12:16:56.929-0400: 234.330: [GC (GCLocker Initiated GC) [PSYoungGen: 119638K->73704K(175104K)] 261042K->215251K(699392K), 0.0084638 secs] [Times: user=0.09 sys=0.01, real=0.01 secs] 
2016-09-15T12:16:57.063-0400: 234.463: [GC (GCLocker Initiated GC) [PSYoungGen: 161768K->85854K(175104K)] 303363K->264207K(699392K), 0.0092332 secs] [Times: user=0.12 sys=0.01, real=0.01 secs] 
2016-09-15T12:16:57.203-0400: 234.603: [GC (GCLocker Initiated GC) [PSYoungGen: 173918K->73740K(175104K)] 364536K->331514K(699392K), 0.0123781 secs] [Times: user=0.15 sys=0.00, real=0.01 secs] 
2016-09-15T12:16:57.319-0400: 234.719: [GC (GCLocker Initiated GC) [PSYoungGen: 161804K->79683K(175104K)] 419721K->368446K(699392K), 0.0124591 secs] [Times: user=0.11 sys=0.00, real=0.01 secs] 
2016-09-15T12:16:57.447-0400: 234.848: [GC (GCLocker Initiated GC) [PSYoungGen: 167747K->86150K(175104K)] 456782K->460386K(699392K), 0.0129549 secs] [Times: user=0.20 sys=0.00, real=0.02 secs] 
2016-09-15T12:16:57.554-0400: 234.954: [GC (GCLocker Initiated GC) [PSYoungGen: 174214K->67565K(175104K)] 548621K->503030K(699392K), 0.0101094 secs] [Times: user=0.15 sys=0.00, real=0.01 secs] 
2016-09-15T12:16:57.564-0400: 234.965: [Full GC (Ergonomics) [PSYoungGen: 67565K->0K(175104K)] [ParOldGen: 435465K->53453K(524288K)] 503030K->53453K(699392K), [Metaspace: 44537K->44537K(1087488K)], 0.0543540 secs] [Times: user=0.42 sys=0.00, real=0.06 secs] 
2016-09-15T12:16:57.706-0400: 235.107: [GC (GCLocker Initiated GC) [PSYoungGen: 88064K->86438K(175104K)] 141777K->158376K(699392K), 0.0101209 secs] [Times: user=0.14 sys=0.00, real=0.02 secs] 
2016-09-15T12:16:57.844-0400: 235.245: [GC (GCLocker Initiated GC) [PSYoungGen: 174502K->55187K(175104K)] 252834K->182822K(699392K), 0.0117107 secs] [Times: user=0.12 sys=0.00, real=0.02 secs] 
2016-09-15T12:16:57.985-0400: 235.385: [GC (Allocation Failure) [PSYoungGen: 143251K->61526K(175104K)] 276997K->195383K(699392K), 0.0167062 secs] [Times: user=0.20 sys=0.00, real=0.02 secs] 
2016-09-15T12:16:58.104-0400: 235.505: [GC (GCLocker Initiated GC) [PSYoungGen: 149590K->73576K(175104K)] 283453K->213797K(699392K), 0.0121359 secs] [Times: user=0.07 sys=0.00, real=0.02 secs] 
2016-09-15T12:16:58.232-0400: 235.632: [GC (GCLocker Initiated GC) [PSYoungGen: 161640K->86118K(175104K)] 301909K->257069K(699392K), 0.0098139 secs] [Times: user=0.14 sys=0.00, real=0.01 secs] 
2016-09-15T12:16:58.373-0400: 235.773: [GC (GCLocker Initiated GC) [PSYoungGen: 174182K->61426K(175104K)] 351295K->281339K(699392K), 0.0182535 secs] [Times: user=0.20 sys=0.00, real=0.02 secs] 
2016-09-15T12:16:58.498-0400: 235.899: [GC (GCLocker Initiated GC) [PSYoungGen: 149490K->73704K(175104K)] 369550K->324438K(699392K), 0.0145810 secs] [Times: user=0.20 sys=0.01, real=0.01 secs] 
2016-09-15T12:16:58.647-0400: 236.048: [GC (GCLocker Initiated GC) [PSYoungGen: 161768K->74032K(175104K)] 418928K->349724K(699392K), 0.0088465 secs] [Times: user=0.13 sys=0.00, real=0.02 secs] 
2016-09-15T12:16:58.756-0400: 236.156: [GC (GCLocker Initiated GC) [PSYoungGen: 162096K->55155K(175104K)] 437902K->355537K(699392K), 0.0090826 secs] [Times: user=0.07 sys=0.01, real=0.00 secs] 
2016-09-15T12:16:58.871-0400: 236.272: [GC (GCLocker Initiated GC) [PSYoungGen: 143219K->80175K(175104K)] 443833K->405217K(699392K), 0.0086909 secs] [Times: user=0.10 sys=0.01, real=0.01 secs] 
2016-09-15T12:16:59.009-0400: 236.409: [GC (GCLocker Initiated GC) [PSYoungGen: 168239K->49344K(175104K)] 499460K->399237K(699392K), 0.0219714 secs] [Times: user=0.25 sys=0.01, real=0.02 secs] 
2016-09-15T12:16:59.157-0400: 236.557: [GC (Allocation Failure) [PSYoungGen: 137408K->61490K(175104K)] 493631K->442477K(699392K), 0.0103645 secs] [Times: user=0.11 sys=0.00, real=0.00 secs] 
2016-09-15T12:16:59.289-0400: 236.690: [GC (GCLocker Initiated GC) [PSYoungGen: 149554K->73540K(175104K)] 530546K->497397K(699392K), 0.0094237 secs] [Times: user=0.13 sys=0.00, real=0.01 secs] 
2016-09-15T12:16:59.461-0400: 236.862: [GC (GCLocker Initiated GC) [PSYoungGen: 161604K->55743K(175104K)] 597871K->510378K(699392K), 0.0118446 secs] [Times: user=0.16 sys=0.00, real=0.01 secs] 
2016-09-15T12:16:59.575-0400: 236.976: [GC (GCLocker Initiated GC) [PSYoungGen: 143807K->61458K(175104K)] 598685K->534853K(699392K), 0.0087129 secs] [Times: user=0.10 sys=0.00, real=0.01 secs] 
2016-09-15T12:16:59.584-0400: 236.985: [Full GC (Ergonomics) [PSYoungGen: 61458K->0K(175104K)] [ParOldGen: 473395K->60031K(524288K)] 534853K->60031K(699392K), [Metaspace: 44538K->44538K(1087488K)], 0.0617837 secs] [Times: user=0.42 sys=0.01, real=0.06 secs] 
2016-09-15T12:16:59.760-0400: 237.160: [GC (Allocation Failure) [PSYoungGen: 88064K->56123K(175104K)] 154218K->122277K(699392K), 0.0135501 secs] [Times: user=0.14 sys=0.00, real=0.01 secs] 
2016-09-15T12:16:59.871-0400: 237.271: [GC (GCLocker Initiated GC) [PSYoungGen: 142556K->74032K(175104K)] 214785K->165633K(699392K), 0.0089542 secs] [Times: user=0.10 sys=0.00, real=0.01 secs] 
2016-09-15T12:17:00.006-0400: 237.406: [GC (GCLocker Initiated GC) [PSYoungGen: 162096K->85530K(175104K)] 259826K->189798K(699392K), 0.0097509 secs] [Times: user=0.11 sys=0.00, real=0.01 secs] 
2016-09-15T12:17:00.120-0400: 237.521: [GC (GCLocker Initiated GC) [PSYoungGen: 173594K->61134K(175104K)] 278050K->202144K(699392K), 0.0148698 secs] [Times: user=0.15 sys=0.01, real=0.01 secs] 
2016-09-15T12:17:00.258-0400: 237.658: [GC (Allocation Failure) [PSYoungGen: 149198K->85986K(175104K)] 290284K->269772K(699392K), 0.0139291 secs] [Times: user=0.16 sys=0.00, real=0.01 secs] 
2016-09-15T12:17:00.394-0400: 237.795: [GC (GCLocker Initiated GC) [PSYoungGen: 174050K->55515K(175104K)] 357842K->263898K(699392K), 0.0155202 secs] [Times: user=0.20 sys=0.00, real=0.02 secs] 
2016-09-15T12:17:00.511-0400: 237.912: [GC (GCLocker Initiated GC) [PSYoungGen: 143579K->73836K(175104K)] 358377K->325392K(699392K), 0.0103643 secs] [Times: user=0.14 sys=0.00, real=0.01 secs] 
2016-09-15T12:17:00.629-0400: 238.030: [GC (GCLocker Initiated GC) [PSYoungGen: 161900K->73836K(175104K)] 413571K->362109K(699392K), 0.0123243 secs] [Times: user=0.16 sys=0.02, real=0.01 secs] 
2016-09-15T12:17:00.733-0400: 238.134: [GC (GCLocker Initiated GC) [PSYoungGen: 161900K->86182K(175104K)] 450435K->399528K(699392K), 0.0131413 secs] [Times: user=0.18 sys=0.00, real=0.01 secs] 
2016-09-15T12:17:00.845-0400: 238.245: [GC (GCLocker Initiated GC) [PSYoungGen: 174246K->85854K(175104K)] 493788K->442318K(699392K), 0.0083288 secs] [Times: user=0.13 sys=0.00, real=0.01 secs] 
2016-09-15T12:17:00.975-0400: 238.376: [GC (GCLocker Initiated GC) [PSYoungGen: 173918K->43233K(175104K)] 530452K->478902K(699392K), 0.0132730 secs] [Times: user=0.17 sys=0.00, real=0.02 secs] 
2016-09-15T12:17:01.111-0400: 238.511: [GC (Allocation Failure) [PSYoungGen: 131297K->73612K(175104K)] 567164K->527979K(699392K), 0.0184753 secs] [Times: user=0.20 sys=0.00, real=0.02 secs] 
2016-09-15T12:17:01.129-0400: 238.530: [Full GC (Ergonomics) [PSYoungGen: 73612K->0K(175104K)] [ParOldGen: 454367K->53935K(524288K)] 527979K->53935K(699392K), [Metaspace: 44539K->44539K(1087488K)], 0.0619748 secs] [Times: user=0.36 sys=0.02, real=0.06 secs] 
2016-09-15T12:17:01.287-0400: 238.688: [GC (GCLocker Initiated GC) [PSYoungGen: 83500K->86046K(175104K)] 143510K->152131K(699392K), 0.0114220 secs] [Times: user=0.12 sys=0.01, real=0.02 secs] 
2016-09-15T12:17:01.413-0400: 238.814: [GC (GCLocker Initiated GC) [PSYoungGen: 174110K->86018K(175104K)] 240670K->195846K(699392K), 0.0108119 secs] [Times: user=0.15 sys=0.00, real=0.01 secs] 
2016-09-15T12:17:01.530-0400: 238.930: [GC (Allocation Failure) [PSYoungGen: 174082K->61358K(175104K)] 283991K->238408K(699392K), 0.0100696 secs] [Times: user=0.15 sys=0.00, real=0.01 secs] 
2016-09-15T12:17:01.649-0400: 239.050: [GC (GCLocker Initiated GC) [PSYoungGen: 149422K->85886K(175104K)] 326473K->287372K(699392K), 0.0092630 secs] [Times: user=0.14 sys=0.00, real=0.01 secs] 
2016-09-15T12:17:01.792-0400: 239.193: [GC (GCLocker Initiated GC) [PSYoungGen: 173950K->61394K(175104K)] 375668K->281629K(699392K), 0.0130619 secs] [Times: user=0.13 sys=0.00, real=0.01 secs] 
2016-09-15T12:17:01.909-0400: 239.309: [GC (GCLocker Initiated GC) [PSYoungGen: 149458K->49180K(175104K)] 375805K->294035K(699392K), 0.0137826 secs] [Times: user=0.13 sys=0.00, real=0.01 secs] 
2016-09-15T12:17:02.041-0400: 239.442: [GC (GCLocker Initiated GC) [PSYoungGen: 137244K->73708K(175104K)] 382449K->355491K(699392K), 0.0153754 secs] [Times: user=0.15 sys=0.00, real=0.02 secs] 
2016-09-15T12:17:02.140-0400: 239.541: [GC (GCLocker Initiated GC) [PSYoungGen: 161772K->79651K(175104K)] 443733K->386203K(699392K), 0.0184903 secs] [Times: user=0.18 sys=0.00, real=0.02 secs] 
2016-09-15T12:17:02.251-0400: 239.652: [GC (GCLocker Initiated GC) [PSYoungGen: 167715K->67665K(175104K)] 474405K->435216K(699392K), 0.0188791 secs] [Times: user=0.20 sys=0.00, real=0.02 secs] 
2016-09-15T12:17:02.414-0400: 239.815: [GC (GCLocker Initiated GC) [PSYoungGen: 155729K->37649K(175104K)] 541810K->424155K(699392K), 0.0172163 secs] [Times: user=0.20 sys=0.00, real=0.02 secs] 
2016-09-15T12:17:02.583-0400: 239.984: [GC (GCLocker Initiated GC) [PSYoungGen: 125713K->807K(175104K)] 530614K->406007K(699392K), 0.0093577 secs] [Times: user=0.10 sys=0.00, real=0.01 secs] 
2016-09-15T12:17:02.699-0400: 240.099: [GC (GCLocker Initiated GC) [PSYoungGen: 88871K->36898K(175104K)] 506341K->454667K(699392K), 0.0092553 secs] [Times: user=0.09 sys=0.01, real=0.01 secs] 
2016-09-15T12:17:02.826-0400: 240.227: [GC (GCLocker Initiated GC) [PSYoungGen: 124962K->73840K(175104K)] 542901K->491898K(699392K), 0.0217518 secs] [Times: user=0.24 sys=0.00, real=0.03 secs] 
2016-09-15T12:17:02.957-0400: 240.357: [GC (Allocation Failure) [PSYoungGen: 161904K->61426K(175104K)] 580317K->499012K(699392K), 0.0129972 secs] [Times: user=0.12 sys=0.00, real=0.01 secs] 
2016-09-15T12:17:03.095-0400: 240.496: [GC (GCLocker Initiated GC) [PSYoungGen: 149490K->61526K(175104K)] 587082K->535672K(699392K), 0.0225020 secs] [Times: user=0.23 sys=0.00, real=0.03 secs] 
2016-09-15T12:17:03.118-0400: 240.519: [Full GC (Ergonomics) [PSYoungGen: 61526K->0K(175104K)] [ParOldGen: 474145K->54140K(524288K)] 535672K->54140K(699392K), [Metaspace: 44543K->44543K(1087488K)], 0.0654119 secs] [Times: user=0.36 sys=0.02, real=0.06 secs] 
2016-09-15T12:17:03.293-0400: 240.694: [GC (GCLocker Initiated GC) [PSYoungGen: 88064K->85626K(175104K)] 142464K->158252K(699392K), 0.0107092 secs] [Times: user=0.12 sys=0.00, real=0.01 secs] 
2016-09-15T12:17:03.408-0400: 240.809: [GC (GCLocker Initiated GC) [PSYoungGen: 173690K->80207K(175104K)] 246554K->226123K(699392K), 0.0192709 secs] [Times: user=0.21 sys=0.01, real=0.01 secs] 
2016-09-15T12:17:03.531-0400: 240.931: [GC (Allocation Failure) [PSYoungGen: 168271K->49699K(175104K)] 326524K->245202K(699392K), 0.0096589 secs] [Times: user=0.10 sys=0.00, real=0.01 secs] 
2016-09-15T12:17:03.657-0400: 241.058: [GC (GCLocker Initiated GC) [PSYoungGen: 133956K->55938K(175104K)] 335534K->276033K(699392K), 0.0134763 secs] [Times: user=0.17 sys=0.00, real=0.01 secs] 
2016-09-15T12:17:03.795-0400: 241.195: [GC (GCLocker Initiated GC) [PSYoungGen: 144002K->55219K(175104K)] 370527K->300268K(699392K), 0.0100267 secs] [Times: user=0.12 sys=0.01, real=0.01 secs] 
2016-09-15T12:17:03.910-0400: 241.310: [GC (GCLocker Initiated GC) [PSYoungGen: 143283K->86641K(175104K)] 388553K->338146K(699392K), 0.0098796 secs] [Times: user=0.13 sys=0.00, real=0.01 secs] 
2016-09-15T12:17:04.027-0400: 241.428: [GC (GCLocker Initiated GC) [PSYoungGen: 174705K->85758K(175104K)] 426577K->350563K(699392K), 0.0111431 secs] [Times: user=0.12 sys=0.01, real=0.02 secs] 
2016-09-15T12:17:04.155-0400: 241.555: [GC (GCLocker Initiated GC) [PSYoungGen: 173822K->73836K(175104K)] 438948K->357315K(699392K), 0.0220727 secs] [Times: user=0.32 sys=0.00, real=0.03 secs] 
2016-09-15T12:17:04.305-0400: 241.705: [GC (GCLocker Initiated GC) [PSYoungGen: 161900K->55415K(175104K)] 463960K->394248K(699392K), 0.0088712 secs] [Times: user=0.10 sys=0.00, real=0.01 secs] 
2016-09-15T12:17:04.457-0400: 241.857: [GC (GCLocker Initiated GC) [PSYoungGen: 143479K->62013K(175104K)] 494538K->413208K(699392K), 0.0138601 secs] [Times: user=0.20 sys=0.00, real=0.01 secs] 
2016-09-15T12:17:04.588-0400: 241.989: [GC (GCLocker Initiated GC) [PSYoungGen: 150077K->73640K(175104K)] 501410K->467812K(699392K), 0.0143328 secs] [Times: user=0.14 sys=0.01, real=0.01 secs] 
2016-09-15T12:17:04.707-0400: 242.107: [GC (GCLocker Initiated GC) [PSYoungGen: 161704K->79615K(175104K)] 562189K->522933K(699392K), 0.0099008 secs] [Times: user=0.13 sys=0.01, real=0.02 secs] 
2016-09-15T12:17:04.831-0400: 242.232: [Full GC (Ergonomics) [PSYoungGen: 167679K->0K(175104K)] [ParOldGen: 455718K->54311K(524288K)] 623397K->54311K(699392K), [Metaspace: 44544K->44544K(1087488K)], 0.0558730 secs] [Times: user=0.47 sys=0.00, real=0.05 secs] 
2016-09-15T12:17:04.985-0400: 242.386: [GC (GCLocker Initiated GC) [PSYoungGen: 88064K->86210K(175104K)] 148458K->170904K(699392K), 0.0100450 secs] [Times: user=0.13 sys=0.00, real=0.01 secs] 
2016-09-15T12:17:05.107-0400: 242.508: [GC (Allocation Failure) [PSYoungGen: 174274K->73836K(175104K)] 259184K->195923K(699392K), 0.0093238 secs] [Times: user=0.11 sys=0.00, real=0.02 secs] 
2016-09-15T12:17:05.117-0400: 242.518: [GC (GCLocker Initiated GC) [PSYoungGen: 73851K->96K(175104K)] 195939K->213858K(699392K), 0.0083393 secs] [Times: user=0.11 sys=0.00, real=0.00 secs] 
2016-09-15T12:17:05.251-0400: 242.652: [GC (GCLocker Initiated GC) [PSYoungGen: 85033K->73708K(175104K)] 304871K->293545K(699392K), 0.0151805 secs] [Times: user=0.20 sys=0.00, real=0.01 secs] 
2016-09-15T12:17:05.380-0400: 242.781: [GC (GCLocker Initiated GC) [PSYoungGen: 161772K->85790K(175104K)] 381657K->354771K(699392K), 0.0100019 secs] [Times: user=0.14 sys=0.00, real=0.01 secs] 
2016-09-15T12:17:05.500-0400: 242.901: [GC (GCLocker Initiated GC) [PSYoungGen: 173854K->79779K(175104K)] 449063K->409987K(699392K), 0.0125819 secs] [Times: user=0.18 sys=0.00, real=0.01 secs] 
2016-09-15T12:17:05.637-0400: 243.038: [GC (GCLocker Initiated GC) [PSYoungGen: 167843K->85822K(175104K)] 498216K->477269K(699392K), 0.0105218 secs] [Times: user=0.16 sys=0.00, real=0.01 secs] 
2016-09-15T12:17:05.767-0400: 243.167: [GC (Allocation Failure) [PSYoungGen: 173886K->55447K(175104K)] 565508K->495977K(699392K), 0.0123414 secs] [Times: user=0.15 sys=0.01, real=0.02 secs] 
2016-09-15T12:17:05.779-0400: 243.180: [Full GC (Ergonomics) [PSYoungGen: 55447K->0K(175104K)] [ParOldGen: 440530K->48228K(524288K)] 495977K->48228K(699392K), [Metaspace: 44545K->44545K(1087488K)], 0.0634090 secs] [Times: user=0.43 sys=0.01, real=0.06 secs] 
2016-09-15T12:17:05.953-0400: 243.353: [GC (GCLocker Initiated GC) [PSYoungGen: 88064K->73508K(175104K)] 136548K->121993K(699392K), 0.0073193 secs] [Times: user=0.07 sys=0.01, real=0.01 secs] 
2016-09-15T12:17:06.084-0400: 243.485: [GC (GCLocker Initiated GC) [PSYoungGen: 161572K->73840K(175104K)] 216230K->152917K(699392K), 0.0146441 secs] [Times: user=0.10 sys=0.00, real=0.02 secs] 
2016-09-15T12:17:06.212-0400: 243.612: [GC (GCLocker Initiated GC) [PSYoungGen: 161904K->30987K(175104K)] 241024K->147144K(699392K), 0.0098779 secs] [Times: user=0.07 sys=0.00, real=0.01 secs] 
2016-09-15T12:17:06.323-0400: 243.723: [GC (GCLocker Initiated GC) [PSYoungGen: 119051K->85822K(175104K)] 235312K->238693K(699392K), 0.0095319 secs] [Times: user=0.14 sys=0.00, real=0.01 secs] 
2016-09-15T12:17:06.455-0400: 243.855: [GC (GCLocker Initiated GC) [PSYoungGen: 173886K->61490K(175104K)] 332862K->293682K(699392K), 0.0103720 secs] [Times: user=0.15 sys=0.00, real=0.01 secs] 
2016-09-15T12:17:06.623-0400: 244.024: [GC (GCLocker Initiated GC) [PSYoungGen: 149554K->43005K(175104K)] 381782K->318066K(699392K), 0.0100888 secs] [Times: user=0.11 sys=0.00, real=0.01 secs] 
2016-09-15T12:17:06.720-0400: 244.121: [GC (GCLocker Initiated GC) [PSYoungGen: 131069K->85562K(175104K)] 406194K->391213K(699392K), 0.0223008 secs] [Times: user=0.28 sys=0.00, real=0.02 secs] 
2016-09-15T12:17:06.844-0400: 244.244: [GC (GCLocker Initiated GC) [PSYoungGen: 173626K->85954K(175104K)] 485412K->428235K(699392K), 0.0128151 secs] [Times: user=0.12 sys=0.00, real=0.02 secs] 
2016-09-15T12:17:06.992-0400: 244.393: [GC (GCLocker Initiated GC) [PSYoungGen: 174018K->49731K(175104K)] 522617K->483704K(699392K), 0.0135607 secs] [Times: user=0.16 sys=0.00, real=0.01 secs] 
2016-09-15T12:17:07.006-0400: 244.407: [Full GC (Ergonomics) [PSYoungGen: 49731K->0K(175104K)] [ParOldGen: 433972K->54164K(524288K)] 483704K->54164K(699392K), [Metaspace: 44546K->44546K(1087488K)], 0.0590319 secs] [Times: user=0.49 sys=0.01, real=0.06 secs] 
2016-09-15T12:17:07.159-0400: 244.560: [GC (GCLocker Initiated GC) [PSYoungGen: 88064K->73740K(175104K)] 142282K->127958K(699392K), 0.0085452 secs] [Times: user=0.11 sys=0.00, real=0.01 secs] 
2016-09-15T12:17:07.259-0400: 244.660: [GC (GCLocker Initiated GC) [PSYoungGen: 161804K->85954K(175104K)] 222132K->213735K(699392K), 0.0110522 secs] [Times: user=0.16 sys=0.00, real=0.01 secs] 
2016-09-15T12:17:07.384-0400: 244.785: [GC (GCLocker Initiated GC) [PSYoungGen: 174018K->55611K(175104K)] 308112K->250934K(699392K), 0.0096747 secs] [Times: user=0.15 sys=0.00, real=0.01 secs] 
2016-09-15T12:17:07.498-0400: 244.899: [GC (GCLocker Initiated GC) [PSYoungGen: 143675K->55906K(175104K)] 351369K->263901K(699392K), 0.0069443 secs] [Times: user=0.10 sys=0.00, real=0.00 secs] 
2016-09-15T12:17:07.651-0400: 245.052: [GC (GCLocker Initiated GC) [PSYoungGen: 143970K->37877K(175104K)] 370338K->282793K(699392K), 0.0076550 secs] [Times: user=0.11 sys=0.00, real=0.01 secs] 
2016-09-15T12:17:07.775-0400: 245.176: [GC (Allocation Failure) [PSYoungGen: 125941K->73640K(175104K)] 371044K->318894K(699392K), 0.0101307 secs] [Times: user=0.12 sys=0.00, real=0.01 secs] 
2016-09-15T12:17:07.786-0400: 245.187: [GC (GCLocker Initiated GC) [PSYoungGen: 74096K->128K(175104K)] 319351K->318790K(699392K), 0.0084850 secs] [Times: user=0.10 sys=0.00, real=0.01 secs] 
2016-09-15T12:17:07.895-0400: 245.296: [GC (GCLocker Initiated GC) [PSYoungGen: 88192K->86078K(175104K)] 406866K->410827K(699392K), 0.0111656 secs] [Times: user=0.13 sys=0.02, real=0.01 secs] 
2016-09-15T12:17:08.038-0400: 245.438: [GC (GCLocker Initiated GC) [PSYoungGen: 174142K->73576K(175104K)] 505232K->423439K(699392K), 0.0195341 secs] [Times: user=0.28 sys=0.00, real=0.02 secs] 
2016-09-15T12:17:08.182-0400: 245.582: [GC (GCLocker Initiated GC) [PSYoungGen: 161640K->37226K(175104K)] 517862K->393723K(699392K), 0.0060686 secs] [Times: user=0.07 sys=0.00, real=0.01 secs] 
2016-09-15T12:17:08.311-0400: 245.712: [GC (GCLocker Initiated GC) [PSYoungGen: 125290K->55807K(175104K)] 500125K->448987K(699392K), 0.0125475 secs] [Times: user=0.12 sys=0.00, real=0.01 secs] 
2016-09-15T12:17:08.453-0400: 245.853: [GC (Allocation Failure) [PSYoungGen: 143871K->55647K(175104K)] 543481K->455360K(699392K), 0.0242404 secs] [Times: user=0.25 sys=0.00, real=0.03 secs] 
2016-09-15T12:17:08.478-0400: 245.878: [GC (GCLocker Initiated GC) [PSYoungGen: 55652K->0K(175104K)] 455366K->455251K(699392K), 0.0198656 secs] [Times: user=0.22 sys=0.00, real=0.02 secs] 
2016-09-15T12:17:08.497-0400: 245.898: [Full GC (Ergonomics) [PSYoungGen: 0K->0K(175104K)] [ParOldGen: 455251K->53990K(524288K)] 455251K->53990K(699392K), [Metaspace: 44547K->44547K(1087488K)], 0.0671398 secs] [Times: user=0.47 sys=0.00, real=0.06 secs] 
2016-09-15T12:17:08.668-0400: 246.068: [GC (GCLocker Initiated GC) [PSYoungGen: 84564K->85690K(175104K)] 144629K->151830K(699392K), 0.0108362 secs] [Times: user=0.14 sys=0.00, real=0.02 secs] 
2016-09-15T12:17:08.779-0400: 246.180: [GC (GCLocker Initiated GC) [PSYoungGen: 173754K->85954K(175104K)] 240266K->219459K(699392K), 0.0103506 secs] [Times: user=0.12 sys=0.01, real=0.01 secs] 
2016-09-15T12:17:08.889-0400: 246.290: [GC (GCLocker Initiated GC) [PSYoungGen: 174018K->85986K(175104K)] 307609K->268633K(699392K), 0.0099604 secs] [Times: user=0.14 sys=0.00, real=0.01 secs] 
2016-09-15T12:17:09.014-0400: 246.415: [GC (GCLocker Initiated GC) [PSYoungGen: 174050K->79683K(175104K)] 356958K->305416K(699392K), 0.0123285 secs] [Times: user=0.17 sys=0.00, real=0.01 secs] 
2016-09-15T12:17:09.147-0400: 246.548: [GC (GCLocker Initiated GC) [PSYoungGen: 167747K->73640K(175104K)] 393813K->318238K(699392K), 0.0113592 secs] [Times: user=0.14 sys=0.00, real=0.02 secs] 
2016-09-15T12:17:09.275-0400: 246.676: [GC (GCLocker Initiated GC) [PSYoungGen: 161704K->86118K(175104K)] 406664K->373903K(699392K), 0.0110060 secs] [Times: user=0.14 sys=0.00, real=0.01 secs] 
2016-09-15T12:17:09.420-0400: 246.820: [GC (Allocation Failure) [PSYoungGen: 174181K->37258K(175104K)] 462322K->361951K(699392K), 0.0133511 secs] [Times: user=0.18 sys=0.00, real=0.01 secs] 
2016-09-15T12:17:09.543-0400: 246.944: [GC (GCLocker Initiated GC) [PSYoungGen: 124529K->55711K(175104K)] 455298K->386763K(699392K), 0.0073226 secs] [Times: user=0.09 sys=0.00, real=0.01 secs] 
2016-09-15T12:17:09.693-0400: 247.094: [GC (GCLocker Initiated GC) [PSYoungGen: 143775K->55447K(175104K)] 487327K->435756K(699392K), 0.0122877 secs] [Times: user=0.15 sys=0.00, real=0.01 secs] 
2016-09-15T12:17:09.839-0400: 247.240: [GC (GCLocker Initiated GC) [PSYoungGen: 143511K->85822K(175104K)] 524176K->472705K(699392K), 0.0087356 secs] [Times: user=0.13 sys=0.00, real=0.01 secs] 
2016-09-15T12:17:09.962-0400: 247.363: [GC (GCLocker Initiated GC) [PSYoungGen: 173886K->55383K(175104K)] 560817K->497132K(699392K), 0.0089167 secs] [Times: user=0.12 sys=0.00, real=0.01 secs] 
2016-09-15T12:17:09.971-0400: 247.372: [Full GC (Ergonomics) [PSYoungGen: 55383K->0K(175104K)] [ParOldGen: 441749K->47776K(524288K)] 497132K->47776K(699392K), [Metaspace: 44547K->44547K(1087488K)], 0.0665935 secs] [Times: user=0.53 sys=0.01, real=0.07 secs] 
2016-09-15T12:17:10.154-0400: 247.554: [GC (GCLocker Initiated GC) [PSYoungGen: 88064K->56322K(175104K)] 154280K->122539K(699392K), 0.0081846 secs] [Times: user=0.11 sys=0.00, real=0.01 secs] 
2016-09-15T12:17:10.288-0400: 247.689: [GC (GCLocker Initiated GC) [PSYoungGen: 144386K->85854K(175104K)] 210751K->196242K(699392K), 0.0104792 secs] [Times: user=0.15 sys=0.00, real=0.01 secs] 
2016-09-15T12:17:10.437-0400: 247.838: [GC (GCLocker Initiated GC) [PSYoungGen: 173918K->85822K(175104K)] 284472K->245103K(699392K), 0.0101534 secs] [Times: user=0.14 sys=0.00, real=0.00 secs] 
2016-09-15T12:17:10.608-0400: 248.008: [GC (GCLocker Initiated GC) [PSYoungGen: 173886K->19456K(175104K)] 357710K->245949K(699392K), 0.0113094 secs] [Times: user=0.14 sys=0.01, real=0.01 secs] 
2016-09-15T12:17:10.739-0400: 248.140: [GC (GCLocker Initiated GC) [PSYoungGen: 107520K->73836K(175104K)] 334386K->300969K(699392K), 0.0096550 secs] [Times: user=0.10 sys=0.00, real=0.01 secs] 
2016-09-15T12:17:10.880-0400: 248.280: [GC (GCLocker Initiated GC) [PSYoungGen: 161900K->67501K(175104K)] 395426K->337776K(699392K), 0.0140379 secs] [Times: user=0.13 sys=0.01, real=0.01 secs] 
2016-09-15T12:17:11.021-0400: 248.422: [GC (Allocation Failure) [PSYoungGen: 155565K->67501K(175104K)] 426111K->380692K(699392K), 0.0323001 secs] [Times: user=0.39 sys=0.00, real=0.03 secs] 
2016-09-15T12:17:11.156-0400: 248.557: [GC (Allocation Failure) [PSYoungGen: 155565K->67633K(175104K)] 468756K->411475K(699392K), 0.0237662 secs] [Times: user=0.28 sys=0.00, real=0.02 secs] 
2016-09-15T12:17:11.307-0400: 248.708: [GC (GCLocker Initiated GC) [PSYoungGen: 155697K->49308K(175104K)] 499544K->448130K(699392K), 0.0208450 secs] [Times: user=0.20 sys=0.02, real=0.03 secs] 
2016-09-15T12:17:11.485-0400: 248.885: [GC (GCLocker Initiated GC) [PSYoungGen: 137372K->55027K(175104K)] 536212K->454103K(699392K), 0.0072986 secs] [Times: user=0.09 sys=0.00, real=0.01 secs] 
2016-09-15T12:17:11.618-0400: 249.019: [GC (GCLocker Initiated GC) [PSYoungGen: 143091K->85594K(175104K)] 542332K->521420K(699392K), 0.0199481 secs] [Times: user=0.25 sys=0.01, real=0.02 secs] 
2016-09-15T12:17:11.737-0400: 249.137: [GC (GCLocker Initiated GC) [PSYoungGen: 173658K->85986K(175104K)] 609695K->589024K(699392K), 0.0172043 secs] [Times: user=0.22 sys=0.00, real=0.01 secs] 
2016-09-15T12:17:11.754-0400: 249.155: [Full GC (Ergonomics) [PSYoungGen: 85986K->0K(175104K)] [ParOldGen: 503038K->60188K(524288K)] 589024K->60188K(699392K), [Metaspace: 44547K->44547K(1087488K)], 0.0601736 secs] [Times: user=0.34 sys=0.02, real=0.06 secs] 
2016-09-15T12:17:11.938-0400: 249.339: [GC (GCLocker Initiated GC) [PSYoungGen: 88064K->86210K(175104K)] 154660K->158881K(699392K), 0.0094105 secs] [Times: user=0.08 sys=0.00, real=0.00 secs] 
2016-09-15T12:17:12.037-0400: 249.437: [GC (GCLocker Initiated GC) [PSYoungGen: 174274K->85594K(175104K)] 247016K->213738K(699392K), 0.0108659 secs] [Times: user=0.13 sys=0.00, real=0.00 secs] 
2016-09-15T12:17:12.142-0400: 249.543: [GC (GCLocker Initiated GC) [PSYoungGen: 173658K->80107K(175104K)] 301866K->263118K(699392K), 0.0100154 secs] [Times: user=0.13 sys=0.00, real=0.01 secs] 
2016-09-15T12:17:12.254-0400: 249.654: [GC (GCLocker Initiated GC) [PSYoungGen: 168171K->79779K(175104K)] 351308K->324481K(699392K), 0.0116488 secs] [Times: user=0.17 sys=0.00, real=0.01 secs] 
2016-09-15T12:17:12.390-0400: 249.790: [GC (Allocation Failure) [PSYoungGen: 167843K->67665K(175104K)] 412895K->355362K(699392K), 0.0085415 secs] [Times: user=0.10 sys=0.00, real=0.01 secs] 
2016-09-15T12:17:12.526-0400: 249.926: [GC (GCLocker Initiated GC) [PSYoungGen: 152909K->55479K(175104K)] 446681K->385992K(699392K), 0.0083874 secs] [Times: user=0.10 sys=0.01, real=0.01 secs] 
2016-09-15T12:17:12.675-0400: 250.076: [GC (GCLocker Initiated GC) [PSYoungGen: 143543K->55515K(175104K)] 486399K->398662K(699392K), 0.0087325 secs] [Times: user=0.10 sys=0.01, real=0.01 secs] 
2016-09-15T12:17:12.811-0400: 250.211: [GC (GCLocker Initiated GC) [PSYoungGen: 143579K->36898K(175104K)] 486898K->380469K(699392K), 0.0106726 secs] [Times: user=0.12 sys=0.01, real=0.01 secs] 
2016-09-15T12:17:12.917-0400: 250.317: [GC (GCLocker Initiated GC) [PSYoungGen: 124962K->85790K(175104K)] 474663K->441725K(699392K), 0.0087724 secs] [Times: user=0.10 sys=0.00, real=0.00 secs] 
2016-09-15T12:17:13.019-0400: 250.420: [GC (GCLocker Initiated GC) [PSYoungGen: 173854K->85954K(175104K)] 530011K->527477K(699392K), 0.0142749 secs] [Times: user=0.20 sys=0.00, real=0.01 secs] 
2016-09-15T12:17:13.034-0400: 250.434: [Full GC (Ergonomics) [PSYoungGen: 85954K->0K(175104K)] [ParOldGen: 441523K->60212K(524288K)] 527477K->60212K(699392K), [Metaspace: 44555K->44555K(1087488K)], 0.0609319 secs] [Times: user=0.45 sys=0.01, real=0.06 secs] 
2016-09-15T12:17:13.217-0400: 250.618: [GC (GCLocker Initiated GC) [PSYoungGen: 88064K->86662K(175104K)] 154410K->189458K(699392K), 0.0121259 secs] [Times: user=0.18 sys=0.00, real=0.01 secs] 
2016-09-15T12:17:13.332-0400: 250.732: [GC (Allocation Failure) [PSYoungGen: 174726K->61458K(175104K)] 277743K->226233K(699392K), 0.0094410 secs] [Times: user=0.13 sys=0.00, real=0.01 secs] 
2016-09-15T12:17:13.451-0400: 250.851: [GC (GCLocker Initiated GC) [PSYoungGen: 149517K->85826K(175104K)] 320367K->281252K(699392K), 0.0094436 secs] [Times: user=0.11 sys=0.00, real=0.01 secs] 
2016-09-15T12:17:13.590-0400: 250.991: [GC (Allocation Failure) [PSYoungGen: 173890K->73704K(175104K)] 375656K->330641K(699392K), 0.0126491 secs] [Times: user=0.18 sys=0.00, real=0.01 secs] 
2016-09-15T12:17:13.723-0400: 251.123: [GC (GCLocker Initiated GC) [PSYoungGen: 160145K->55970K(175104K)] 423158K->337343K(699392K), 0.0080310 secs] [Times: user=0.10 sys=0.01, real=0.01 secs] 
2016-09-15T12:17:13.840-0400: 251.241: [GC (Allocation Failure) [PSYoungGen: 144034K->85790K(175104K)] 425527K->373493K(699392K), 0.0126105 secs] [Times: user=0.19 sys=0.00, real=0.01 secs] 
2016-09-15T12:17:13.978-0400: 251.379: [GC (Allocation Failure) [PSYoungGen: 168810K->37130K(175104K)] 456513K->331011K(699392K), 0.0086780 secs] [Times: user=0.06 sys=0.01, real=0.00 secs] 
2016-09-15T12:17:14.081-0400: 251.482: [GC (GCLocker Initiated GC) [PSYoungGen: 125194K->79519K(175104K)] 419081K->392055K(699392K), 0.0106241 secs] [Times: user=0.10 sys=0.00, real=0.01 secs] 
2016-09-15T12:17:14.209-0400: 251.609: [GC (GCLocker Initiated GC) [PSYoungGen: 167583K->80107K(175104K)] 486224K->435342K(699392K), 0.0113511 secs] [Times: user=0.12 sys=0.01, real=0.01 secs] 
2016-09-15T12:17:14.326-0400: 251.726: [GC (GCLocker Initiated GC) [PSYoungGen: 168171K->79747K(175104K)] 523565K->472227K(699392K), 0.0117528 secs] [Times: user=0.11 sys=0.00, real=0.02 secs] 
2016-09-15T12:17:14.450-0400: 251.851: [GC (GCLocker Initiated GC) [PSYoungGen: 167811K->61490K(175104K)] 560411K->496734K(699392K), 0.0131513 secs] [Times: user=0.12 sys=0.00, real=0.01 secs] 
2016-09-15T12:17:14.584-0400: 251.985: [GC (GCLocker Initiated GC) [PSYoungGen: 149554K->74000K(175104K)] 584963K->527793K(699392K), 0.0085146 secs] [Times: user=0.11 sys=0.00, real=0.01 secs] 
2016-09-15T12:17:14.593-0400: 251.994: [Full GC (Ergonomics) [PSYoungGen: 74000K->0K(175104K)] [ParOldGen: 453793K->54556K(524288K)] 527793K->54556K(699392K), [Metaspace: 44555K->44555K(1087488K)], 0.0640028 secs] [Times: user=0.42 sys=0.02, real=0.07 secs] 
2016-09-15T12:17:14.763-0400: 252.164: [GC (GCLocker Initiated GC) [PSYoungGen: 88062K->74452K(175104K)] 155124K->141514K(699392K), 0.0069584 secs] [Times: user=0.10 sys=0.00, real=0.01 secs] 
2016-09-15T12:17:14.885-0400: 252.285: [GC (GCLocker Initiated GC) [PSYoungGen: 162516K->55415K(175104K)] 235918K->166019K(699392K), 0.0084382 secs] [Times: user=0.11 sys=0.01, real=0.01 secs] 
2016-09-15T12:17:15.007-0400: 252.408: [GC (GCLocker Initiated GC) [PSYoungGen: 143479K->55255K(175104K)] 254337K->184458K(699392K), 0.0164517 secs] [Times: user=0.22 sys=0.00, real=0.02 secs] 
2016-09-15T12:17:15.116-0400: 252.517: [GC (GCLocker Initiated GC) [PSYoungGen: 143319K->85986K(175104K)] 278952K->246407K(699392K), 0.0093257 secs] [Times: user=0.14 sys=0.01, real=0.00 secs] 
2016-09-15T12:17:15.256-0400: 252.657: [GC (GCLocker Initiated GC) [PSYoungGen: 174050K->55579K(175104K)] 340733K->259019K(699392K), 0.0086390 secs] [Times: user=0.11 sys=0.01, real=0.00 secs] 
2016-09-15T12:17:15.374-0400: 252.775: [GC (GCLocker Initiated GC) [PSYoungGen: 143643K->55415K(175104K)] 353245K->319836K(699392K), 0.0097490 secs] [Times: user=0.12 sys=0.00, real=0.01 secs] 
2016-09-15T12:17:15.488-0400: 252.888: [GC (GCLocker Initiated GC) [PSYoungGen: 143479K->85954K(175104K)] 407960K->380953K(699392K), 0.0094207 secs] [Times: user=0.12 sys=0.00, real=0.01 secs] 
2016-09-15T12:17:15.604-0400: 253.005: [GC (Allocation Failure) [PSYoungGen: 174018K->85758K(175104K)] 469059K->405563K(699392K), 0.0102460 secs] [Times: user=0.12 sys=0.00, real=0.01 secs] 
2016-09-15T12:17:15.748-0400: 253.148: [GC (GCLocker Initiated GC) [PSYoungGen: 173822K->61458K(175104K)] 493632K->436243K(699392K), 0.0355133 secs] [Times: user=0.41 sys=0.00, real=0.03 secs] 
2016-09-15T12:17:15.911-0400: 253.312: [GC (GCLocker Initiated GC) [PSYoungGen: 149522K->24816K(175104K)] 536790K->448793K(699392K), 0.0099682 secs] [Times: user=0.07 sys=0.00, real=0.01 secs] 
2016-09-15T12:17:16.054-0400: 253.455: [GC (GCLocker Initiated GC) [PSYoungGen: 112880K->55451K(175104K)] 549261K->510169K(699392K), 0.0195655 secs] [Times: user=0.19 sys=0.00, real=0.02 secs] 
2016-09-15T12:17:16.203-0400: 253.604: [GC (GCLocker Initiated GC) [PSYoungGen: 143515K->49280K(175104K)] 598347K->540829K(699392K), 0.0128707 secs] [Times: user=0.12 sys=0.01, real=0.02 secs] 
2016-09-15T12:17:16.216-0400: 253.617: [Full GC (Ergonomics) [PSYoungGen: 49280K->0K(175104K)] [ParOldGen: 491549K->54718K(524288K)] 540829K->54718K(699392K), [Metaspace: 44555K->44555K(1087488K)], 0.0609722 secs] [Times: user=0.30 sys=0.00, real=0.06 secs] 
2016-09-15T12:17:16.378-0400: 253.779: [GC (GCLocker Initiated GC) [PSYoungGen: 88064K->85594K(175104K)] 143537K->153217K(699392K), 0.0138829 secs] [Times: user=0.15 sys=0.01, real=0.01 secs] 
2016-09-15T12:17:16.510-0400: 253.911: [GC (GCLocker Initiated GC) [PSYoungGen: 173658K->73772K(175104K)] 241379K->232769K(699392K), 0.0189811 secs] [Times: user=0.25 sys=0.01, real=0.02 secs] 
2016-09-15T12:17:16.659-0400: 254.060: [GC (GCLocker Initiated GC) [PSYoungGen: 161836K->55251K(175104K)] 333109K->275400K(699392K), 0.0120247 secs] [Times: user=0.12 sys=0.01, real=0.01 secs] 
2016-09-15T12:17:16.811-0400: 254.212: [GC (GCLocker Initiated GC) [PSYoungGen: 143315K->61526K(175104K)] 369748K->288071K(699392K), 0.0065137 secs] [Times: user=0.08 sys=0.00, real=0.01 secs] 
2016-09-15T12:17:16.905-0400: 254.306: [GC (GCLocker Initiated GC) [PSYoungGen: 149590K->73640K(175104K)] 376188K->373438K(699392K), 0.0190951 secs] [Times: user=0.25 sys=0.00, real=0.02 secs] 
2016-09-15T12:17:17.029-0400: 254.429: [GC (GCLocker Initiated GC) [PSYoungGen: 161704K->86050K(175104K)] 467781K->440887K(699392K), 0.0145090 secs] [Times: user=0.20 sys=0.00, real=0.01 secs] 
2016-09-15T12:17:17.153-0400: 254.554: [GC (GCLocker Initiated GC) [PSYoungGen: 174114K->79847K(175104K)] 529021K->489761K(699392K), 0.0151085 secs] [Times: user=0.20 sys=0.00, real=0.02 secs] 
2016-09-15T12:17:17.294-0400: 254.695: [GC (GCLocker Initiated GC) [PSYoungGen: 167911K->67597K(175104K)] 584109K->557011K(699392K), 0.0102579 secs] [Times: user=0.15 sys=0.00, real=0.01 secs] 
2016-09-15T12:17:17.304-0400: 254.705: [Full GC (Ergonomics) [PSYoungGen: 67597K->0K(175104K)] [ParOldGen: 489414K->54251K(524288K)] 557011K->54251K(699392K), [Metaspace: 44555K->44555K(1087488K)], 0.0620012 secs] [Times: user=0.41 sys=0.01, real=0.06 secs] 
2016-09-15T12:17:17.472-0400: 254.872: [GC (GCLocker Initiated GC) [PSYoungGen: 88064K->86178K(175104K)] 148634K->171048K(699392K), 0.0103102 secs] [Times: user=0.12 sys=0.01, real=0.01 secs] 
2016-09-15T12:17:17.584-0400: 254.985: [GC (GCLocker Initiated GC) [PSYoungGen: 174242K->61882K(175104K)] 259188K->184037K(699392K), 0.0094088 secs] [Times: user=0.12 sys=0.00, real=0.01 secs] 
2016-09-15T12:17:17.700-0400: 255.100: [GC (GCLocker Initiated GC) [PSYoungGen: 149946K->80107K(175104K)] 272103K->238882K(699392K), 0.0090446 secs] [Times: user=0.13 sys=0.00, real=0.01 secs] 
2016-09-15T12:17:17.840-0400: 255.241: [GC (GCLocker Initiated GC) [PSYoungGen: 168171K->73672K(175104K)] 333253K->257434K(699392K), 0.0109124 secs] [Times: user=0.12 sys=0.01, real=0.01 secs] 
2016-09-15T12:17:17.965-0400: 255.365: [GC (Allocation Failure) [PSYoungGen: 161736K->55579K(175104K)] 345697K->258088K(699392K), 0.0075600 secs] [Times: user=0.11 sys=0.00, real=0.01 secs] 
2016-09-15T12:17:18.071-0400: 255.471: [GC (GCLocker Initiated GC) [PSYoungGen: 143643K->85854K(175104K)] 346157K->312992K(699392K), 0.0080436 secs] [Times: user=0.10 sys=0.01, real=0.01 secs] 
2016-09-15T12:17:18.207-0400: 255.608: [GC (GCLocker Initiated GC) [PSYoungGen: 173918K->74000K(175104K)] 407487K->325945K(699392K), 0.0102774 secs] [Times: user=0.15 sys=0.00, real=0.02 secs] 
2016-09-15T12:17:18.331-0400: 255.732: [GC (GCLocker Initiated GC) [PSYoungGen: 162064K->55807K(175104K)] 414157K->326449K(699392K), 0.0070642 secs] [Times: user=0.08 sys=0.00, real=0.01 secs] 
2016-09-15T12:17:18.455-0400: 255.856: [GC (GCLocker Initiated GC) [PSYoungGen: 143871K->79683K(175104K)] 420631K->411589K(699392K), 0.0105561 secs] [Times: user=0.15 sys=0.00, real=0.01 secs] 
2016-09-15T12:17:18.590-0400: 255.991: [GC (GCLocker Initiated GC) [PSYoungGen: 167747K->67405K(175104K)] 499724K->436108K(699392K), 0.0110079 secs] [Times: user=0.09 sys=0.00, real=0.01 secs] 
2016-09-15T12:17:18.705-0400: 256.106: [GC (GCLocker Initiated GC) [PSYoungGen: 155469K->37322K(175104K)] 530288K->485356K(699392K), 0.0195739 secs] [Times: user=0.26 sys=0.00, real=0.02 secs] 
2016-09-15T12:17:18.725-0400: 256.126: [Full GC (Ergonomics) [PSYoungGen: 37322K->0K(175104K)] [ParOldGen: 448034K->54226K(524288K)] 485356K->54226K(699392K), [Metaspace: 44556K->44556K(1087488K)], 0.0644302 secs] [Times: user=0.47 sys=0.03, real=0.07 secs] 
2016-09-15T12:17:18.883-0400: 256.284: [GC (GCLocker Initiated GC) [PSYoungGen: 88064K->86242K(175104K)] 142353K->146607K(699392K), 0.0085757 secs] [Times: user=0.12 sys=0.01, real=0.01 secs] 
2016-09-15T12:17:19.009-0400: 256.410: [GC (GCLocker Initiated GC) [PSYoungGen: 174306K->85986K(175104K)] 234865K->183730K(699392K), 0.0087383 secs] [Times: user=0.13 sys=0.00, real=0.01 secs] 
2016-09-15T12:17:19.107-0400: 256.508: [GC (GCLocker Initiated GC) [PSYoungGen: 174050K->79747K(175104K)] 272145K->245170K(699392K), 0.0182411 secs] [Times: user=0.28 sys=0.00, real=0.02 secs] 
2016-09-15T12:17:19.241-0400: 256.642: [GC (Allocation Failure) [PSYoungGen: 167811K->86018K(175104K)] 333371K->288335K(699392K), 0.0090924 secs] [Times: user=0.13 sys=0.00, real=0.01 secs] 
2016-09-15T12:17:19.402-0400: 256.803: [GC (GCLocker Initiated GC) [PSYoungGen: 168792K->37126K(175104K)] 377185K->300517K(699392K), 0.0078162 secs] [Times: user=0.11 sys=0.00, real=0.01 secs] 
2016-09-15T12:17:19.507-0400: 256.908: [GC (GCLocker Initiated GC) [PSYoungGen: 125190K->85790K(175104K)] 388656K->379939K(699392K), 0.0093732 secs] [Times: user=0.14 sys=0.00, real=0.02 secs] 
2016-09-15T12:17:19.651-0400: 257.051: [GC (GCLocker Initiated GC) [PSYoungGen: 173854K->61426K(175104K)] 480273K->447136K(699392K), 0.0219905 secs] [Times: user=0.28 sys=0.01, real=0.02 secs] 
2016-09-15T12:17:19.791-0400: 257.191: [GC (GCLocker Initiated GC) [PSYoungGen: 149490K->61458K(175104K)] 535417K->471960K(699392K), 0.0109413 secs] [Times: user=0.10 sys=0.00, real=0.01 secs] 
2016-09-15T12:17:19.907-0400: 257.308: [GC (GCLocker Initiated GC) [PSYoungGen: 149522K->73736K(175104K)] 566421K->545626K(699392K), 0.0114421 secs] [Times: user=0.19 sys=0.00, real=0.02 secs] 
2016-09-15T12:17:19.919-0400: 257.319: [Full GC (Ergonomics) [PSYoungGen: 73736K->0K(175104K)] [ParOldGen: 471889K->54351K(524288K)] 545626K->54351K(699392K), [Metaspace: 44556K->44556K(1087488K)], 0.0545237 secs] [Times: user=0.49 sys=0.00, real=0.05 secs] 
2016-09-15T12:17:20.088-0400: 257.489: [GC (GCLocker Initiated GC) [PSYoungGen: 88064K->86274K(175104K)] 142687K->146972K(699392K), 0.0084190 secs] [Times: user=0.12 sys=0.01, real=0.01 secs] 
2016-09-15T12:17:20.231-0400: 257.632: [GC (GCLocker Initiated GC) [PSYoungGen: 174338K->79747K(175104K)] 235397K->171892K(699392K), 0.0091350 secs] [Times: user=0.09 sys=0.01, real=0.01 secs] 
2016-09-15T12:17:20.371-0400: 257.772: [GC (GCLocker Initiated GC) [PSYoungGen: 167811K->55255K(175104K)] 272695K->178467K(699392K), 0.0296957 secs] [Times: user=0.32 sys=0.01, real=0.03 secs] 
2016-09-15T12:17:20.533-0400: 257.933: [GC (GCLocker Initiated GC) [PSYoungGen: 143319K->73836K(175104K)] 284799K->251909K(699392K), 0.0085029 secs] [Times: user=0.12 sys=0.01, real=0.01 secs] 
2016-09-15T12:17:20.652-0400: 258.053: [GC (GCLocker Initiated GC) [PSYoungGen: 161900K->55447K(175104K)] 346365K->294919K(699392K), 0.0088001 secs] [Times: user=0.13 sys=0.00, real=0.01 secs] 
2016-09-15T12:17:20.796-0400: 258.196: [GC (Allocation Failure) [PSYoungGen: 143511K->55842K(175104K)] 389332K->320360K(699392K), 0.0102096 secs] [Times: user=0.13 sys=0.00, real=0.00 secs] 
2016-09-15T12:17:20.903-0400: 258.304: [GC (GCLocker Initiated GC) [PSYoungGen: 143906K->85822K(175104K)] 408424K->375282K(699392K), 0.0120009 secs] [Times: user=0.14 sys=0.01, real=0.01 secs] 
2016-09-15T12:17:21.039-0400: 258.439: [GC (GCLocker Initiated GC) [PSYoungGen: 173886K->85854K(175104K)] 463572K->393869K(699392K), 0.0228326 secs] [Times: user=0.24 sys=0.00, real=0.02 secs] 
2016-09-15T12:17:21.185-0400: 258.585: [GC (GCLocker Initiated GC) [PSYoungGen: 173918K->85858K(175104K)] 482249K->418609K(699392K), 0.0205861 secs] [Times: user=0.22 sys=0.00, real=0.02 secs] 
2016-09-15T12:17:21.325-0400: 258.726: [GC (Allocation Failure) [PSYoungGen: 173922K->37194K(175104K)] 519161K->437408K(699392K), 0.0120003 secs] [Times: user=0.12 sys=0.01, real=0.02 secs] 
2016-09-15T12:17:21.436-0400: 258.837: [GC (GCLocker Initiated GC) [PSYoungGen: 119266K->67469K(175104K)] 525555K->474197K(699392K), 0.0095210 secs] [Times: user=0.08 sys=0.00, real=0.00 secs] 
2016-09-15T12:17:21.532-0400: 258.933: [GC (GCLocker Initiated GC) [PSYoungGen: 155533K->85854K(175104K)] 562309K->553868K(699392K), 0.0164812 secs] [Times: user=0.17 sys=0.01, real=0.02 secs] 
2016-09-15T12:17:21.549-0400: 258.950: [Full GC (Ergonomics) [PSYoungGen: 85854K->0K(175104K)] [ParOldGen: 468013K->60634K(524288K)] 553868K->60634K(699392K), [Metaspace: 44557K->44557K(1087488K)], 0.0743175 secs] [Times: user=0.46 sys=0.00, real=0.07 secs] 
2016-09-15T12:17:21.715-0400: 259.116: [GC (GCLocker Initiated GC) [PSYoungGen: 88064K->86498K(175104K)] 148964K->171699K(699392K), 0.0091082 secs] [Times: user=0.12 sys=0.00, real=0.01 secs] 
2016-09-15T12:17:21.834-0400: 259.234: [GC (GCLocker Initiated GC) [PSYoungGen: 174562K->73836K(175104K)] 259797K->196661K(699392K), 0.0114334 secs] [Times: user=0.14 sys=0.00, real=0.01 secs] 
2016-09-15T12:17:21.980-0400: 259.381: [GC (GCLocker Initiated GC) [PSYoungGen: 161900K->37062K(175104K)] 297028K->190698K(699392K), 0.0078695 secs] [Times: user=0.07 sys=0.00, real=0.01 secs] 
2016-09-15T12:17:22.116-0400: 259.517: [GC (GCLocker Initiated GC) [PSYoungGen: 125126K->19100K(175104K)] 297292K->191315K(699392K), 0.0128530 secs] [Times: user=0.15 sys=0.00, real=0.01 secs] 
2016-09-15T12:17:22.238-0400: 259.639: [GC (GCLocker Initiated GC) [PSYoungGen: 107164K->73836K(175104K)] 279461K->246455K(699392K), 0.0071550 secs] [Times: user=0.09 sys=0.00, real=0.00 secs] 
2016-09-15T12:17:22.342-0400: 259.743: [GC (GCLocker Initiated GC) [PSYoungGen: 161900K->86018K(175104K)] 334561K->313677K(699392K), 0.0120694 secs] [Times: user=0.18 sys=0.01, real=0.01 secs] 
2016-09-15T12:17:22.454-0400: 259.855: [GC (GCLocker Initiated GC) [PSYoungGen: 174082K->74032K(175104K)] 401900K->381141K(699392K), 0.0121394 secs] [Times: user=0.17 sys=0.00, real=0.01 secs] 
2016-09-15T12:17:22.586-0400: 259.987: [GC (GCLocker Initiated GC) [PSYoungGen: 162096K->43496K(175104K)] 481380K->363392K(699392K), 0.0076740 secs] [Times: user=0.07 sys=0.01, real=0.01 secs] 
2016-09-15T12:17:22.698-0400: 260.099: [GC (GCLocker Initiated GC) [PSYoungGen: 131560K->73704K(175104K)] 451583K->418350K(699392K), 0.0093103 secs] [Times: user=0.12 sys=0.00, real=0.00 secs] 
2016-09-15T12:17:22.846-0400: 260.247: [GC (GCLocker Initiated GC) [PSYoungGen: 161768K->86182K(175104K)] 506758K->455607K(699392K), 0.0109070 secs] [Times: user=0.15 sys=0.01, real=0.02 secs] 
2016-09-15T12:17:22.985-0400: 260.386: [GC (GCLocker Initiated GC) [PSYoungGen: 174246K->67565K(175104K)] 549973K->480017K(699392K), 0.0211991 secs] [Times: user=0.27 sys=0.00, real=0.02 secs] 
2016-09-15T12:17:23.110-0400: 260.510: [GC (GCLocker Initiated GC) [PSYoungGen: 155629K->85986K(175104K)] 574243K->547285K(699392K), 0.0109874 secs] [Times: user=0.15 sys=0.01, real=0.01 secs] 
2016-09-15T12:17:23.121-0400: 260.522: [Full GC (Ergonomics) [PSYoungGen: 85986K->0K(175104K)] [ParOldGen: 461299K->53635K(524288K)] 547285K->53635K(699392K), [Metaspace: 44559K->44559K(1087488K)], 0.0714936 secs] [Times: user=0.45 sys=0.02, real=0.07 secs] 
2016-09-15T12:17:23.313-0400: 260.714: [GC (GCLocker Initiated GC) [PSYoungGen: 88064K->86242K(175104K)] 141847K->170401K(699392K), 0.0101469 secs] [Times: user=0.14 sys=0.00, real=0.01 secs] 
2016-09-15T12:17:23.411-0400: 260.812: [GC (GCLocker Initiated GC) [PSYoungGen: 174306K->85922K(175104K)] 258658K->225504K(699392K), 0.0109819 secs] [Times: user=0.14 sys=0.00, real=0.01 secs] 
2016-09-15T12:17:23.553-0400: 260.953: [GC (GCLocker Initiated GC) [PSYoungGen: 173986K->61426K(175104K)] 319871K->244240K(699392K), 0.0182575 secs] [Times: user=0.19 sys=0.00, real=0.02 secs] 
2016-09-15T12:17:23.689-0400: 261.089: [GC (GCLocker Initiated GC) [PSYoungGen: 149490K->73672K(175104K)] 332402K->311591K(699392K), 0.0216950 secs] [Times: user=0.31 sys=0.00, real=0.02 secs] 
2016-09-15T12:17:23.823-0400: 261.223: [GC (GCLocker Initiated GC) [PSYoungGen: 161736K->85922K(175104K)] 399831K->379023K(699392K), 0.0164005 secs] [Times: user=0.25 sys=0.00, real=0.02 secs] 
2016-09-15T12:17:23.965-0400: 261.366: [GC (GCLocker Initiated GC) [PSYoungGen: 173986K->19032K(175104K)] 479514K->343046K(699392K), 0.0066977 secs] [Times: user=0.06 sys=0.00, real=0.01 secs] 
2016-09-15T12:17:24.093-0400: 261.493: [GC (GCLocker Initiated GC) [PSYoungGen: 107096K->55451K(175104K)] 443491K->392129K(699392K), 0.0107926 secs] [Times: user=0.11 sys=0.00, real=0.01 secs] 
2016-09-15T12:17:24.242-0400: 261.643: [GC (GCLocker Initiated GC) [PSYoungGen: 143515K->37030K(175104K)] 492558K->404573K(699392K), 0.0074516 secs] [Times: user=0.06 sys=0.00, real=0.01 secs] 
2016-09-15T12:17:24.345-0400: 261.746: [GC (GCLocker Initiated GC) [PSYoungGen: 125094K->73576K(175104K)] 492936K->441702K(699392K), 0.0097602 secs] [Times: user=0.08 sys=0.00, real=0.01 secs] 
2016-09-15T12:17:24.480-0400: 261.880: [GC (GCLocker Initiated GC) [PSYoungGen: 161640K->74004K(175104K)] 535955K->503262K(699392K), 0.0213520 secs] [Times: user=0.22 sys=0.00, real=0.02 secs] 
2016-09-15T12:17:24.613-0400: 262.014: [GC (GCLocker Initiated GC) [PSYoungGen: 162068K->61266K(175104K)] 597555K->509334K(699392K), 0.0360774 secs] [Times: user=0.39 sys=0.00, real=0.04 secs] 
2016-09-15T12:17:24.649-0400: 262.050: [Full GC (Ergonomics) [PSYoungGen: 61266K->0K(175104K)] [ParOldGen: 448068K->53697K(524288K)] 509334K->53697K(699392K), [Metaspace: 44561K->44561K(1087488K)], 0.0696210 secs] [Times: user=0.47 sys=0.01, real=0.07 secs] 
2016-09-15T12:17:24.838-0400: 262.239: [GC (GCLocker Initiated GC) [PSYoungGen: 88064K->86402K(175104K)] 142043K->152531K(699392K), 0.0099111 secs] [Times: user=0.08 sys=0.00, real=0.01 secs] 
2016-09-15T12:17:24.944-0400: 262.345: [GC (GCLocker Initiated GC) [PSYoungGen: 174466K->85854K(175104K)] 240643K->250246K(699392K), 0.0134345 secs] [Times: user=0.21 sys=0.01, real=0.02 secs] 
2016-09-15T12:17:25.052-0400: 262.452: [GC (GCLocker Initiated GC) [PSYoungGen: 173918K->85854K(175104K)] 338385K->353912K(699392K), 0.0147320 secs] [Times: user=0.25 sys=0.00, real=0.01 secs] 
2016-09-15T12:17:25.168-0400: 262.569: [GC (GCLocker Initiated GC) [PSYoungGen: 173918K->49308K(175104K)] 442337K->378761K(699392K), 0.0185007 secs] [Times: user=0.19 sys=0.00, real=0.01 secs] 
2016-09-15T12:17:25.307-0400: 262.707: [GC (GCLocker Initiated GC) [PSYoungGen: 137372K->73836K(175104K)] 466872K->440086K(699392K), 0.0119548 secs] [Times: user=0.11 sys=0.00, real=0.02 secs] 
2016-09-15T12:17:25.448-0400: 262.849: [GC (GCLocker Initiated GC) [PSYoungGen: 161900K->67533K(175104K)] 528443K->495274K(699392K), 0.0268064 secs] [Times: user=0.31 sys=0.00, real=0.02 secs] 
2016-09-15T12:17:25.475-0400: 262.876: [Full GC (Ergonomics) [PSYoungGen: 67533K->0K(175104K)] [ParOldGen: 427741K->59952K(524288K)] 495274K->59952K(699392K), [Metaspace: 44563K->44563K(1087488K)], 0.0666019 secs] [Times: user=0.50 sys=0.02, real=0.07 secs] 
2016-09-15T12:17:25.652-0400: 263.053: [GC (GCLocker Initiated GC) [PSYoungGen: 88064K->85954K(175104K)] 148310K->170501K(699392K), 0.0158943 secs] [Times: user=0.23 sys=0.00, real=0.02 secs] 
2016-09-15T12:17:25.765-0400: 263.166: [GC (Allocation Failure) [PSYoungGen: 174018K->73444K(175104K)] 258944K->213524K(699392K), 0.0095184 secs] [Times: user=0.14 sys=0.00, real=0.01 secs] 
2016-09-15T12:17:25.880-0400: 263.281: [GC (GCLocker Initiated GC) [PSYoungGen: 161508K->73672K(175104K)] 301594K->250352K(699392K), 0.0090555 secs] [Times: user=0.13 sys=0.00, real=0.01 secs] 
2016-09-15T12:17:26.010-0400: 263.411: [GC (GCLocker Initiated GC) [PSYoungGen: 161736K->85922K(175104K)] 338469K->299412K(699392K), 0.0109737 secs] [Times: user=0.12 sys=0.00, real=0.01 secs] 
2016-09-15T12:17:26.108-0400: 263.508: [GC (GCLocker Initiated GC) [PSYoungGen: 173986K->85954K(175104K)] 387540K->336414K(699392K), 0.0220412 secs] [Times: user=0.24 sys=0.00, real=0.02 secs] 
2016-09-15T12:17:26.229-0400: 263.629: [GC (GCLocker Initiated GC) [PSYoungGen: 174018K->73480K(175104K)] 424609K->385080K(699392K), 0.0138511 secs] [Times: user=0.10 sys=0.00, real=0.01 secs] 
2016-09-15T12:17:26.377-0400: 263.778: [GC (GCLocker Initiated GC) [PSYoungGen: 161544K->55383K(175104K)] 473230K->403631K(699392K), 0.0143702 secs] [Times: user=0.15 sys=0.00, real=0.01 secs] 
2016-09-15T12:17:26.502-0400: 263.903: [GC (GCLocker Initiated GC) [PSYoungGen: 143447K->85630K(175104K)] 491762K->434197K(699392K), 0.0183246 secs] [Times: user=0.19 sys=0.00, real=0.02 secs] 
2016-09-15T12:17:26.648-0400: 264.049: [GC (GCLocker Initiated GC) [PSYoungGen: 173694K->55583K(175104K)] 528680K->429061K(699392K), 0.0136004 secs] [Times: user=0.09 sys=0.00, real=0.01 secs] 
2016-09-15T12:17:26.783-0400: 264.183: [GC (GCLocker Initiated GC) [PSYoungGen: 143647K->37062K(175104K)] 523398K->435478K(699392K), 0.0095847 secs] [Times: user=0.07 sys=0.00, real=0.01 secs] 
2016-09-15T12:17:26.909-0400: 264.310: [GC (GCLocker Initiated GC) [PSYoungGen: 125122K->73672K(175104K)] 523899K->472568K(699392K), 0.0130109 secs] [Times: user=0.15 sys=0.00, real=0.01 secs] 
2016-09-15T12:17:27.047-0400: 264.447: [GC (GCLocker Initiated GC) [PSYoungGen: 161736K->85822K(175104K)] 561005K->527767K(699392K), 0.0103511 secs] [Times: user=0.13 sys=0.01, real=0.02 secs] 
2016-09-15T12:17:27.057-0400: 264.458: [Full GC (Ergonomics) [PSYoungGen: 85822K->0K(175104K)] [ParOldGen: 441945K->60017K(524288K)] 527767K->60017K(699392K), [Metaspace: 44584K->44584K(1087488K)], 0.0716905 secs] [Times: user=0.53 sys=0.01, real=0.07 secs] 
2016-09-15T12:17:27.248-0400: 264.649: [GC (GCLocker Initiated GC) [PSYoungGen: 88064K->86470K(175104K)] 154187K->201193K(699392K), 0.0110483 secs] [Times: user=0.16 sys=0.00, real=0.01 secs] 
2016-09-15T12:17:27.372-0400: 264.773: [GC (Allocation Failure) [PSYoungGen: 174534K->73576K(175104K)] 289299K->250147K(699392K), 0.0125397 secs] [Times: user=0.19 sys=0.00, real=0.01 secs] 
2016-09-15T12:17:27.479-0400: 264.880: [GC (GCLocker Initiated GC) [PSYoungGen: 161640K->73836K(175104K)] 338217K->311478K(699392K), 0.0099271 secs] [Times: user=0.12 sys=0.02, real=0.01 secs] 
2016-09-15T12:17:27.593-0400: 264.994: [GC (GCLocker Initiated GC) [PSYoungGen: 161900K->85790K(175104K)] 399579K->378475K(699392K), 0.0110167 secs] [Times: user=0.18 sys=0.00, real=0.01 secs] 
2016-09-15T12:17:27.705-0400: 265.105: [GC (GCLocker Initiated GC) [PSYoungGen: 173854K->74000K(175104K)] 472919K->427907K(699392K), 0.0112380 secs] [Times: user=0.16 sys=0.00, real=0.02 secs] 
2016-09-15T12:17:27.845-0400: 265.245: [GC (Allocation Failure) [PSYoungGen: 162064K->61686K(175104K)] 522335K->422232K(699392K), 0.0226458 secs] [Times: user=0.31 sys=0.00, real=0.02 secs] 
2016-09-15T12:17:27.868-0400: 265.268: [GC (GCLocker Initiated GC) [PSYoungGen: 62223K->32K(175104K)] 422769K->421869K(699392K), 0.0094544 secs] [Times: user=0.10 sys=0.00, real=0.01 secs] 
2016-09-15T12:17:27.963-0400: 265.364: [GC (GCLocker Initiated GC) [PSYoungGen: 86066K->86078K(175104K)] 513978K->544365K(699392K), 0.0115037 secs] [Times: user=0.14 sys=0.01, real=0.01 secs] 
2016-09-15T12:17:27.975-0400: 265.376: [Full GC (Ergonomics) [PSYoungGen: 86078K->0K(175104K)] [ParOldGen: 458287K->59980K(524288K)] 544365K->59980K(699392K), [Metaspace: 44589K->44589K(1087488K)], 0.0527118 secs] [Times: user=0.42 sys=0.00, real=0.06 secs] 
2016-09-15T12:17:28.148-0400: 265.548: [GC (GCLocker Initiated GC) [PSYoungGen: 88064K->74132K(175104K)] 148393K->134461K(699392K), 0.0071829 secs] [Times: user=0.08 sys=0.01, real=0.00 secs] 
2016-09-15T12:17:28.263-0400: 265.664: [GC (GCLocker Initiated GC) [PSYoungGen: 162196K->49112K(175104K)] 228631K->146534K(699392K), 0.0123659 secs] [Times: user=0.13 sys=0.00, real=0.01 secs] 
2016-09-15T12:17:28.407-0400: 265.808: [GC (GCLocker Initiated GC) [PSYoungGen: 137176K->19784K(175104K)] 259230K->184500K(699392K), 0.0076570 secs] [Times: user=0.09 sys=0.01, real=0.01 secs] 
2016-09-15T12:17:28.526-0400: 265.927: [GC (GCLocker Initiated GC) [PSYoungGen: 107848K->73804K(175104K)] 272774K->239537K(699392K), 0.0082862 secs] [Times: user=0.10 sys=0.00, real=0.01 secs] 
2016-09-15T12:17:28.657-0400: 266.058: [GC (GCLocker Initiated GC) [PSYoungGen: 161868K->73836K(175104K)] 333919K->282497K(699392K), 0.0091666 secs] [Times: user=0.13 sys=0.00, real=0.00 secs] 
2016-09-15T12:17:28.793-0400: 266.194: [GC (GCLocker Initiated GC) [PSYoungGen: 161900K->49212K(175104K)] 370624K->276600K(699392K), 0.0083485 secs] [Times: user=0.08 sys=0.00, real=0.01 secs] 
2016-09-15T12:17:28.906-0400: 266.307: [GC (GCLocker Initiated GC) [PSYoungGen: 137276K->80107K(175104K)] 365025K->326241K(699392K), 0.0204069 secs] [Times: user=0.26 sys=0.01, real=0.02 secs] 
2016-09-15T12:17:29.025-0400: 266.425: [GC (GCLocker Initiated GC) [PSYoungGen: 168171K->61622K(175104K)] 420462K->332429K(699392K), 0.0101499 secs] [Times: user=0.10 sys=0.00, real=0.01 secs] 
2016-09-15T12:17:29.140-0400: 266.540: [GC (GCLocker Initiated GC) [PSYoungGen: 149686K->73672K(175104K)] 426727K->423757K(699392K), 0.0118260 secs] [Times: user=0.18 sys=0.01, real=0.01 secs] 
2016-09-15T12:17:29.272-0400: 266.673: [GC (Allocation Failure) [PSYoungGen: 161736K->55451K(175104K)] 518145K->430368K(699392K), 0.0082469 secs] [Times: user=0.14 sys=0.00, real=0.01 secs] 
2016-09-15T12:17:29.402-0400: 266.803: [GC (GCLocker Initiated GC) [PSYoungGen: 138933K->73608K(175104K)] 519925K->454908K(699392K), 0.0075437 secs] [Times: user=0.09 sys=0.00, real=0.01 secs] 
2016-09-15T12:17:29.522-0400: 266.923: [GC (GCLocker Initiated GC) [PSYoungGen: 161672K->55351K(175104K)] 543254K->485677K(699392K), 0.0274282 secs] [Times: user=0.31 sys=0.01, real=0.03 secs] 
2016-09-15T12:17:29.650-0400: 267.051: [GC (GCLocker Initiated GC) [PSYoungGen: 143415K->79879K(175104K)] 573991K->571529K(699392K), 0.0132443 secs] [Times: user=0.14 sys=0.00, real=0.01 secs] 
2016-09-15T12:17:29.664-0400: 267.064: [Full GC (Ergonomics) [PSYoungGen: 79879K->0K(175104K)] [ParOldGen: 491650K->60388K(524288K)] 571529K->60388K(699392K), [Metaspace: 44589K->44589K(1087488K)], 0.0698326 secs] [Times: user=0.48 sys=0.02, real=0.07 secs] 
2016-09-15T12:17:29.831-0400: 267.231: [GC (GCLocker Initiated GC) [PSYoungGen: 88064K->86434K(175104K)] 148494K->189390K(699392K), 0.0115588 secs] [Times: user=0.14 sys=0.00, real=0.01 secs] 
2016-09-15T12:17:29.936-0400: 267.337: [GC (GCLocker Initiated GC) [PSYoungGen: 174498K->73640K(175104K)] 277619K->256712K(699392K), 0.0128428 secs] [Times: user=0.18 sys=0.00, real=0.01 secs] 
2016-09-15T12:17:30.056-0400: 267.457: [GC (GCLocker Initiated GC) [PSYoungGen: 161704K->85822K(175104K)] 345103K->336206K(699392K), 0.0108790 secs] [Times: user=0.16 sys=0.00, real=0.00 secs] 
2016-09-15T12:17:30.175-0400: 267.575: [GC (GCLocker Initiated GC) [PSYoungGen: 173886K->79847K(175104K)] 424637K->367355K(699392K), 0.0104113 secs] [Times: user=0.14 sys=0.00, real=0.01 secs] 
2016-09-15T12:17:30.305-0400: 267.705: [GC (GCLocker Initiated GC) [PSYoungGen: 167911K->37485K(175104K)] 467880K->374385K(699392K), 0.0129124 secs] [Times: user=0.13 sys=0.00, real=0.02 secs] 
2016-09-15T12:17:30.437-0400: 267.838: [GC (GCLocker Initiated GC) [PSYoungGen: 125549K->85854K(175104K)] 468874K->453777K(699392K), 0.0198324 secs] [Times: user=0.26 sys=0.01, real=0.02 secs] 
2016-09-15T12:17:30.570-0400: 267.971: [GC (GCLocker Initiated GC) [PSYoungGen: 173918K->43141K(175104K)] 541906K->429441K(699392K), 0.0110825 secs] [Times: user=0.10 sys=0.00, real=0.01 secs] 
2016-09-15T12:17:30.683-0400: 268.084: [GC (GCLocker Initiated GC) [PSYoungGen: 131205K->85854K(175104K)] 517675K->539457K(699392K), 0.0159523 secs] [Times: user=0.21 sys=0.00, real=0.02 secs] 
2016-09-15T12:17:30.699-0400: 268.100: [Full GC (Ergonomics) [PSYoungGen: 85854K->0K(175104K)] [ParOldGen: 453603K->54308K(524288K)] 539457K->54308K(699392K), [Metaspace: 44589K->44589K(1087488K)], 0.0703149 secs] [Times: user=0.46 sys=0.02, real=0.07 secs] 
2016-09-15T12:17:30.868-0400: 268.268: [GC (GCLocker Initiated GC) [PSYoungGen: 88064K->85922K(175104K)] 142604K->164762K(699392K), 0.0104361 secs] [Times: user=0.11 sys=0.00, real=0.01 secs] 
2016-09-15T12:17:30.978-0400: 268.379: [GC (GCLocker Initiated GC) [PSYoungGen: 173986K->79747K(175104K)] 252935K->238175K(699392K), 0.0125120 secs] [Times: user=0.16 sys=0.01, real=0.01 secs] 
2016-09-15T12:17:31.108-0400: 268.508: [GC (GCLocker Initiated GC) [PSYoungGen: 167811K->79747K(175104K)] 338465K->311466K(699392K), 0.0125868 secs] [Times: user=0.18 sys=0.00, real=0.01 secs] 
2016-09-15T12:17:31.238-0400: 268.638: [GC (GCLocker Initiated GC) [PSYoungGen: 167811K->85986K(175104K)] 399623K->372796K(699392K), 0.0116227 secs] [Times: user=0.19 sys=0.00, real=0.01 secs] 
2016-09-15T12:17:31.366-0400: 268.767: [GC (GCLocker Initiated GC) [PSYoungGen: 174050K->55447K(175104K)] 467240K->397553K(699392K), 0.0092015 secs] [Times: user=0.11 sys=0.01, real=0.01 secs] 
2016-09-15T12:17:31.495-0400: 268.895: [GC (GCLocker Initiated GC) [PSYoungGen: 143511K->86182K(175104K)] 485894K->447105K(699392K), 0.0105863 secs] [Times: user=0.16 sys=0.00, real=0.01 secs] 
2016-09-15T12:17:31.605-0400: 269.006: [GC (GCLocker Initiated GC) [PSYoungGen: 174246K->73704K(175104K)] 541899K->471867K(699392K), 0.0105554 secs] [Times: user=0.14 sys=0.00, real=0.02 secs] 
2016-09-15T12:17:31.735-0400: 269.135: [GC (GCLocker Initiated GC) [PSYoungGen: 161768K->73512K(175104K)] 560130K->490390K(699392K), 0.0103351 secs] [Times: user=0.10 sys=0.01, real=0.01 secs] 
2016-09-15T12:17:31.855-0400: 269.256: [GC (GCLocker Initiated GC) [PSYoungGen: 161576K->37062K(175104K)] 578513K->508934K(699392K), 0.0232434 secs] [Times: user=0.24 sys=0.00, real=0.03 secs] 
2016-09-15T12:17:31.879-0400: 269.279: [Full GC (Ergonomics) [PSYoungGen: 37062K->0K(175104K)] [ParOldGen: 471872K->60460K(524288K)] 508934K->60460K(699392K), [Metaspace: 44589K->44589K(1087488K)], 0.0740239 secs] [Times: user=0.49 sys=0.02, real=0.07 secs] 
2016-09-15T12:17:32.057-0400: 269.458: [GC (GCLocker Initiated GC) [PSYoungGen: 88064K->86498K(175104K)] 148549K->183433K(699392K), 0.0087348 secs] [Times: user=0.14 sys=0.00, real=0.00 secs] 
2016-09-15T12:17:32.186-0400: 269.586: [GC (GCLocker Initiated GC) [PSYoungGen: 174562K->55447K(175104K)] 283936K->220503K(699392K), 0.0132813 secs] [Times: user=0.17 sys=0.00, real=0.02 secs] 
2016-09-15T12:17:32.332-0400: 269.733: [GC (Allocation Failure) [PSYoungGen: 143511K->43201K(175104K)] 314958K->251210K(699392K), 0.0084378 secs] [Times: user=0.08 sys=0.01, real=0.01 secs] 
2016-09-15T12:17:32.455-0400: 269.856: [GC (Allocation Failure) [PSYoungGen: 125396K->43692K(175104K)] 333405K->251813K(699392K), 0.0076021 secs] [Times: user=0.09 sys=0.00, real=0.01 secs] 
2016-09-15T12:17:32.583-0400: 269.983: [GC (GCLocker Initiated GC) [PSYoungGen: 131428K->55415K(175104K)] 345623K->288142K(699392K), 0.0076365 secs] [Times: user=0.09 sys=0.00, real=0.01 secs] 
2016-09-15T12:17:32.731-0400: 270.132: [GC (GCLocker Initiated GC) [PSYoungGen: 143479K->37845K(175104K)] 388583K->283225K(699392K), 0.0064411 secs] [Times: user=0.07 sys=0.00, real=0.01 secs] 
2016-09-15T12:17:32.869-0400: 270.270: [GC (GCLocker Initiated GC) [PSYoungGen: 125909K->67733K(175104K)] 389657K->331732K(699392K), 0.0179549 secs] [Times: user=0.22 sys=0.00, real=0.01 secs] 
2016-09-15T12:17:33.025-0400: 270.426: [GC (GCLocker Initiated GC) [PSYoungGen: 155797K->67793K(175104K)] 426534K->387257K(699392K), 0.0096979 secs] [Times: user=0.12 sys=0.00, real=0.01 secs] 
2016-09-15T12:17:33.150-0400: 270.551: [GC (GCLocker Initiated GC) [PSYoungGen: 155857K->49244K(175104K)] 475414K->393384K(699392K), 0.0143543 secs] [Times: user=0.14 sys=0.00, real=0.01 secs] 
2016-09-15T12:17:33.297-0400: 270.697: [GC (GCLocker Initiated GC) [PSYoungGen: 137308K->55547K(175104K)] 487873K->424481K(699392K), 0.0089061 secs] [Times: user=0.12 sys=0.00, real=0.00 secs] 
2016-09-15T12:17:33.424-0400: 270.825: [GC (Allocation Failure) [PSYoungGen: 143611K->73448K(175104K)] 512580K->442661K(699392K), 0.0173620 secs] [Times: user=0.20 sys=0.00, real=0.02 secs] 
2016-09-15T12:17:33.595-0400: 270.996: [GC (GCLocker Initiated GC) [PSYoungGen: 161512K->36994K(175104K)] 530725K->424903K(699392K), 0.0063816 secs] [Times: user=0.09 sys=0.00, real=0.01 secs] 
2016-09-15T12:17:33.709-0400: 271.110: [GC (GCLocker Initiated GC) [PSYoungGen: 125058K->73608K(175104K)] 519156K->467833K(699392K), 0.0119030 secs] [Times: user=0.16 sys=0.00, real=0.01 secs] 
2016-09-15T12:17:33.822-0400: 271.223: [GC (Allocation Failure) [PSYoungGen: 161672K->85658K(175104K)] 556079K->522710K(699392K), 0.0121582 secs] [Times: user=0.15 sys=0.00, real=0.01 secs] 
2016-09-15T12:17:33.944-0400: 271.345: [GC (GCLocker Initiated GC) [PSYoungGen: 173722K->49475K(175104K)] 610785K->529175K(699392K), 0.0224103 secs] [Times: user=0.24 sys=0.00, real=0.02 secs] 
2016-09-15T12:17:33.967-0400: 271.368: [Full GC (Ergonomics) [PSYoungGen: 49475K->0K(175104K)] [ParOldGen: 479699K->54806K(524288K)] 529175K->54806K(699392K), [Metaspace: 44589K->44589K(1087488K)], 0.0622296 secs] [Times: user=0.40 sys=0.00, real=0.07 secs] 
2016-09-15T12:17:34.153-0400: 271.554: [GC (GCLocker Initiated GC) [PSYoungGen: 88061K->86406K(175104K)] 149298K->153717K(699392K), 0.0088403 secs] [Times: user=0.13 sys=0.00, real=0.01 secs] 
2016-09-15T12:17:34.282-0400: 271.683: [GC (Allocation Failure) [PSYoungGen: 174470K->37222K(175104K)] 254725K->167156K(699392K), 0.0096674 secs] [Times: user=0.11 sys=0.01, real=0.01 secs] 
2016-09-15T12:17:34.402-0400: 271.803: [GC (GCLocker Initiated GC) [PSYoungGen: 120954K->55219K(175104K)] 256964K->209768K(699392K), 0.0083540 secs] [Times: user=0.12 sys=0.00, real=0.01 secs] 
2016-09-15T12:17:34.499-0400: 271.900: [GC (GCLocker Initiated GC) [PSYoungGen: 143283K->86018K(175104K)] 303938K->283275K(699392K), 0.0098935 secs] [Times: user=0.13 sys=0.00, real=0.01 secs] 
2016-09-15T12:17:34.613-0400: 272.014: [GC (GCLocker Initiated GC) [PSYoungGen: 174082K->85986K(175104K)] 371459K->363005K(699392K), 0.0202918 secs] [Times: user=0.28 sys=0.00, real=0.02 secs] 
2016-09-15T12:17:34.728-0400: 272.129: [GC (GCLocker Initiated GC) [PSYoungGen: 174050K->55579K(175104K)] 457360K->394052K(699392K), 0.0099878 secs] [Times: user=0.13 sys=0.00, real=0.01 secs] 
2016-09-15T12:17:34.830-0400: 272.230: [GC (GCLocker Initiated GC) [PSYoungGen: 143643K->86378K(175104K)] 488372K->474112K(699392K), 0.0099872 secs] [Times: user=0.13 sys=0.01, real=0.01 secs] 
2016-09-15T12:17:34.937-0400: 272.337: [GC (GCLocker Initiated GC) [PSYoungGen: 174442K->86274K(175104K)] 562441K->517622K(699392K), 0.0106542 secs] [Times: user=0.13 sys=0.01, real=0.00 secs] 
2016-09-15T12:17:35.050-0400: 272.450: [Full GC (Ergonomics) [PSYoungGen: 174338K->0K(175104K)] [ParOldGen: 437598K->60701K(524288K)] 611937K->60701K(699392K), [Metaspace: 44589K->44589K(1087488K)], 0.0645134 secs] [Times: user=0.53 sys=0.01, real=0.06 secs] 
2016-09-15T12:17:35.223-0400: 272.623: [GC (GCLocker Initiated GC) [PSYoungGen: 88064K->86694K(175104K)] 167279K->171984K(699392K), 0.0086132 secs] [Times: user=0.08 sys=0.01, real=0.01 secs] 
2016-09-15T12:17:35.355-0400: 272.756: [GC (GCLocker Initiated GC) [PSYoungGen: 174758K->43265K(175104K)] 266159K->208901K(699392K), 0.0113076 secs] [Times: user=0.12 sys=0.00, real=0.01 secs] 
2016-09-15T12:17:35.455-0400: 272.856: [GC (GCLocker Initiated GC) [PSYoungGen: 131329K->85854K(175104K)] 296993K->294366K(699392K), 0.0095509 secs] [Times: user=0.14 sys=0.01, real=0.01 secs] 
2016-09-15T12:17:35.576-0400: 272.977: [GC (GCLocker Initiated GC) [PSYoungGen: 173918K->61818K(175104K)] 382786K->307427K(699392K), 0.0107080 secs] [Times: user=0.14 sys=0.01, real=0.00 secs] 
2016-09-15T12:17:35.702-0400: 273.103: [GC (Allocation Failure) [PSYoungGen: 149882K->37517K(175104K)] 401798K->307950K(699392K), 0.0081533 secs] [Times: user=0.11 sys=0.01, real=0.01 secs] 
2016-09-15T12:17:35.820-0400: 273.221: [GC (GCLocker Initiated GC) [PSYoungGen: 122264K->73804K(175104K)] 398772K->368664K(699392K), 0.0109600 secs] [Times: user=0.14 sys=0.00, real=0.01 secs] 
2016-09-15T12:17:35.963-0400: 273.363: [GC (GCLocker Initiated GC) [PSYoungGen: 161868K->85790K(175104K)] 456853K->381271K(699392K), 0.0086027 secs] [Times: user=0.12 sys=0.00, real=0.01 secs] 
2016-09-15T12:17:36.081-0400: 273.481: [GC (GCLocker Initiated GC) [PSYoungGen: 173854K->67401K(175104K)] 469382K->411845K(699392K), 0.0098497 secs] [Times: user=0.14 sys=0.01, real=0.01 secs] 
2016-09-15T12:17:36.205-0400: 273.605: [GC (GCLocker Initiated GC) [PSYoungGen: 155465K->73836K(175104K)] 500074K->485430K(699392K), 0.0111879 secs] [Times: user=0.15 sys=0.00, real=0.02 secs] 
2016-09-15T12:17:36.314-0400: 273.715: [GC (GCLocker Initiated GC) [PSYoungGen: 161900K->61430K(175104K)] 573692K->491730K(699392K), 0.0096984 secs] [Times: user=0.09 sys=0.00, real=0.01 secs] 
2016-09-15T12:17:36.430-0400: 273.831: [GC (Allocation Failure) [PSYoungGen: 149494K->73416K(175104K)] 579920K->534297K(699392K), 0.0183528 secs] [Times: user=0.20 sys=0.00, real=0.02 secs] 
2016-09-15T12:17:36.448-0400: 273.849: [Full GC (Ergonomics) [PSYoungGen: 73416K->0K(175104K)] [ParOldGen: 460880K->54895K(524288K)] 534297K->54895K(699392K), [Metaspace: 44589K->44589K(1087488K)], 0.0642857 secs] [Times: user=0.35 sys=0.01, real=0.06 secs] 
2016-09-15T12:17:36.622-0400: 274.023: [GC (GCLocker Initiated GC) [PSYoungGen: 83830K->86438K(175104K)] 144801K->171708K(699392K), 0.0094016 secs] [Times: user=0.13 sys=0.01, real=0.01 secs] 
2016-09-15T12:17:36.754-0400: 274.155: [GC (Allocation Failure) [PSYoungGen: 174502K->43233K(175104K)] 266096K->208790K(699392K), 0.0115646 secs] [Times: user=0.14 sys=0.01, real=0.01 secs] 
2016-09-15T12:17:36.766-0400: 274.167: [GC (GCLocker Initiated GC) [PSYoungGen: 43238K->0K(175104K)] 208796K->220627K(699392K), 0.0071561 secs] [Times: user=0.10 sys=0.00, real=0.01 secs] 
2016-09-15T12:17:36.878-0400: 274.279: [GC (GCLocker Initiated GC) [PSYoungGen: 82814K->86766K(175104K)] 309516K->319543K(699392K), 0.0086162 secs] [Times: user=0.11 sys=0.01, real=0.00 secs] 
2016-09-15T12:17:37.029-0400: 274.430: [GC (GCLocker Initiated GC) [PSYoungGen: 174830K->61458K(175104K)] 419922K->362125K(699392K), 0.0116080 secs] [Times: user=0.13 sys=0.00, real=0.01 secs] 
2016-09-15T12:17:37.140-0400: 274.541: [GC (GCLocker Initiated GC) [PSYoungGen: 149522K->67469K(175104K)] 450253K->374371K(699392K), 0.0111674 secs] [Times: user=0.09 sys=0.00, real=0.01 secs] 
2016-09-15T12:17:37.259-0400: 274.660: [GC (GCLocker Initiated GC) [PSYoungGen: 155533K->55679K(175104K)] 468831K->430027K(699392K), 0.0116648 secs] [Times: user=0.13 sys=0.00, real=0.01 secs] 
2016-09-15T12:17:37.391-0400: 274.792: [GC (Allocation Failure) [PSYoungGen: 143743K->74068K(175104K)] 518222K->449182K(699392K), 0.0080099 secs] [Times: user=0.10 sys=0.00, real=0.01 secs] 
2016-09-15T12:17:37.504-0400: 274.904: [GC (GCLocker Initiated GC) [PSYoungGen: 162132K->55283K(175104K)] 537252K->485393K(699392K), 0.0092700 secs] [Times: user=0.13 sys=0.00, real=0.01 secs] 
2016-09-15T12:17:37.513-0400: 274.914: [Full GC (Ergonomics) [PSYoungGen: 55283K->0K(175104K)] [ParOldGen: 430110K->53931K(524288K)] 485393K->53931K(699392K), [Metaspace: 44589K->44589K(1087488K)], 0.0634155 secs] [Times: user=0.47 sys=0.01, real=0.07 secs] 
2016-09-15T12:17:37.672-0400: 275.072: [GC (GCLocker Initiated GC) [PSYoungGen: 88064K->86530K(175104K)] 148819K->153361K(699392K), 0.0164769 secs] [Times: user=0.20 sys=0.01, real=0.02 secs] 
2016-09-15T12:17:37.805-0400: 275.206: [GC (GCLocker Initiated GC) [PSYoungGen: 174594K->67373K(175104K)] 241645K->159644K(699392K), 0.0148246 secs] [Times: user=0.11 sys=0.00, real=0.02 secs] 
2016-09-15T12:17:37.923-0400: 275.324: [GC (Allocation Failure) [PSYoungGen: 155437K->74164K(175104K)] 247883K->184971K(699392K), 0.0106982 secs] [Times: user=0.14 sys=0.00, real=0.01 secs] 
2016-09-15T12:17:38.050-0400: 275.451: [GC (GCLocker Initiated GC) [PSYoungGen: 161887K->55447K(175104K)] 278769K->208922K(699392K), 0.0087062 secs] [Times: user=0.13 sys=0.01, real=0.01 secs] 
2016-09-15T12:17:38.157-0400: 275.557: [GC (GCLocker Initiated GC) [PSYoungGen: 143511K->79747K(175104K)] 297213K->251802K(699392K), 0.0122942 secs] [Times: user=0.14 sys=0.00, real=0.01 secs] 
2016-09-15T12:17:38.290-0400: 275.691: [GC (GCLocker Initiated GC) [PSYoungGen: 167811K->61558K(175104K)] 339908K->264321K(699392K), 0.0102654 secs] [Times: user=0.10 sys=0.00, real=0.01 secs] 
2016-09-15T12:17:38.408-0400: 275.809: [GC (GCLocker Initiated GC) [PSYoungGen: 149622K->85822K(175104K)] 352730K->350144K(699392K), 0.0117850 secs] [Times: user=0.15 sys=0.00, real=0.01 secs] 
2016-09-15T12:17:38.547-0400: 275.947: [GC (GCLocker Initiated GC) [PSYoungGen: 173886K->43041K(175104K)] 450579K->338063K(699392K), 0.0111396 secs] [Times: user=0.09 sys=0.01, real=0.02 secs] 
2016-09-15T12:17:38.659-0400: 276.060: [GC (GCLocker Initiated GC) [PSYoungGen: 131105K->85694K(175104K)] 426174K->405363K(699392K), 0.0227326 secs] [Times: user=0.22 sys=0.00, real=0.02 secs] 
2016-09-15T12:17:38.812-0400: 276.213: [GC (GCLocker Initiated GC) [PSYoungGen: 173758K->73772K(175104K)] 499532K->460556K(699392K), 0.0139814 secs] [Times: user=0.13 sys=0.00, real=0.01 secs] 
2016-09-15T12:17:38.975-0400: 276.376: [GC (Allocation Failure) [PSYoungGen: 161836K->85594K(175104K)] 548785K->509309K(699392K), 0.0217925 secs] [Times: user=0.25 sys=0.01, real=0.03 secs] 
2016-09-15T12:17:39.116-0400: 276.516: [GC (GCLocker Initiated GC) [PSYoungGen: 173658K->79391K(175104K)] 597373K->545750K(699392K), 0.0130738 secs] [Times: user=0.12 sys=0.01, real=0.02 secs] 
2016-09-15T12:17:39.129-0400: 276.529: [Full GC (Ergonomics) [PSYoungGen: 79391K->0K(175104K)] [ParOldGen: 466359K->48163K(524288K)] 545750K->48163K(699392K), [Metaspace: 44589K->44589K(1087488K)], 0.0712219 secs] [Times: user=0.49 sys=0.01, real=0.07 secs] 
2016-09-15T12:17:39.293-0400: 276.693: [GC (GCLocker Initiated GC) [PSYoungGen: 88064K->86566K(175104K)] 136420K->183523K(699392K), 0.0209843 secs] [Times: user=0.25 sys=0.00, real=0.02 secs] 
2016-09-15T12:17:39.440-0400: 276.841: [GC (GCLocker Initiated GC) [PSYoungGen: 174630K->43461K(175104K)] 284086K->208920K(699392K), 0.0101946 secs] [Times: user=0.12 sys=0.01, real=0.01 secs] 
2016-09-15T12:17:39.537-0400: 276.937: [GC (GCLocker Initiated GC) [PSYoungGen: 131525K->85886K(175104K)] 297081K->276042K(699392K), 0.0085824 secs] [Times: user=0.11 sys=0.00, real=0.00 secs] 
2016-09-15T12:17:39.635-0400: 277.036: [GC (GCLocker Initiated GC) [PSYoungGen: 173950K->86018K(175104K)] 364361K->349488K(699392K), 0.0112273 secs] [Times: user=0.14 sys=0.00, real=0.01 secs] 
2016-09-15T12:17:39.751-0400: 277.152: [GC (GCLocker Initiated GC) [PSYoungGen: 174082K->85954K(175104K)] 437650K->386428K(699392K), 0.0130091 secs] [Times: user=0.14 sys=0.00, real=0.01 secs] 
2016-09-15T12:17:39.877-0400: 277.277: [GC (GCLocker Initiated GC) [PSYoungGen: 174018K->67629K(175104K)] 480929K->466292K(699392K), 0.0117435 secs] [Times: user=0.16 sys=0.00, real=0.01 secs] 
2016-09-15T12:17:40.003-0400: 277.403: [GC (GCLocker Initiated GC) [PSYoungGen: 155693K->61494K(175104K)] 560858K->509295K(699392K), 0.0136939 secs] [Times: user=0.11 sys=0.00, real=0.02 secs] 
2016-09-15T12:17:40.016-0400: 277.417: [Full GC (Ergonomics) [PSYoungGen: 61494K->0K(175104K)] [ParOldGen: 447801K->54528K(524288K)] 509295K->54528K(699392K), [Metaspace: 44589K->44589K(1087488K)], 0.0655792 secs] [Times: user=0.40 sys=0.01, real=0.06 secs] 
2016-09-15T12:17:40.200-0400: 277.601: [GC (GCLocker Initiated GC) [PSYoungGen: 88064K->85890K(175104K)] 148687K->170813K(699392K), 0.0228331 secs] [Times: user=0.24 sys=0.00, real=0.02 secs] 
2016-09-15T12:17:40.337-0400: 277.738: [GC (Allocation Failure) [PSYoungGen: 173954K->73608K(175104K)] 259098K->195649K(699392K), 0.0222907 secs] [Times: user=0.21 sys=0.00, real=0.02 secs] 
2016-09-15T12:17:40.459-0400: 277.860: [GC (GCLocker Initiated GC) [PSYoungGen: 158863K->49376K(175104K)] 286979K->189894K(699392K), 0.0142191 secs] [Times: user=0.14 sys=0.00, real=0.01 secs] 
2016-09-15T12:17:40.598-0400: 277.999: [GC (Allocation Failure) [PSYoungGen: 137440K->55219K(175104K)] 278055K->196305K(699392K), 0.0078448 secs] [Times: user=0.11 sys=0.00, real=0.00 secs] 
2016-09-15T12:17:40.705-0400: 278.106: [GC (GCLocker Initiated GC) [PSYoungGen: 138883K->55579K(175104K)] 286045K->239350K(699392K), 0.0087163 secs] [Times: user=0.13 sys=0.00, real=0.01 secs] 
2016-09-15T12:17:40.844-0400: 278.244: [GC (GCLocker Initiated GC) [PSYoungGen: 143643K->85822K(175104K)] 327535K->300569K(699392K), 0.0101644 secs] [Times: user=0.14 sys=0.00, real=0.01 secs] 
2016-09-15T12:17:40.969-0400: 278.369: [GC (GCLocker Initiated GC) [PSYoungGen: 173886K->67337K(175104K)] 388697K->324981K(699392K), 0.0102094 secs] [Times: user=0.12 sys=0.00, real=0.01 secs] 
2016-09-15T12:17:41.085-0400: 278.486: [GC (GCLocker Initiated GC) [PSYoungGen: 155401K->86150K(175104K)] 413284K->380634K(699392K), 0.0103417 secs] [Times: user=0.15 sys=0.00, real=0.01 secs] 
2016-09-15T12:17:41.211-0400: 278.612: [GC (GCLocker Initiated GC) [PSYoungGen: 174214K->85954K(175104K)] 480896K->435461K(699392K), 0.0120653 secs] [Times: user=0.13 sys=0.00, real=0.01 secs] 
2016-09-15T12:17:41.333-0400: 278.734: [GC (GCLocker Initiated GC) [PSYoungGen: 174018K->73704K(175104K)] 523819K->478324K(699392K), 0.0102326 secs] [Times: user=0.14 sys=0.00, real=0.01 secs] 
2016-09-15T12:17:41.466-0400: 278.867: [GC (GCLocker Initiated GC) [PSYoungGen: 161768K->85790K(175104K)] 566419K->533093K(699392K), 0.0165066 secs] [Times: user=0.21 sys=0.00, real=0.02 secs] 
2016-09-15T12:17:41.596-0400: 278.997: [GC (GCLocker Initiated GC) [PSYoungGen: 173854K->73672K(175104K)] 621357K->557949K(699392K), 0.0097196 secs] [Times: user=0.12 sys=0.00, real=0.00 secs] 
2016-09-15T12:17:41.606-0400: 279.007: [Full GC (Ergonomics) [PSYoungGen: 73672K->0K(175104K)] [ParOldGen: 484277K->48363K(524288K)] 557949K->48363K(699392K), [Metaspace: 44589K->44589K(1087488K)], 0.0649587 secs] [Times: user=0.37 sys=0.00, real=0.07 secs] 
2016-09-15T12:17:41.786-0400: 279.187: [GC (GCLocker Initiated GC) [PSYoungGen: 88064K->79939K(175104K)] 148827K->140702K(699392K), 0.0156045 secs] [Times: user=0.18 sys=0.01, real=0.02 secs] 
2016-09-15T12:17:41.911-0400: 279.312: [GC (GCLocker Initiated GC) [PSYoungGen: 168003K->73868K(175104K)] 234877K->196005K(699392K), 0.0139937 secs] [Times: user=0.19 sys=0.00, real=0.01 secs] 
2016-09-15T12:17:42.039-0400: 279.439: [GC (GCLocker Initiated GC) [PSYoungGen: 161932K->85986K(175104K)] 284239K->208617K(699392K), 0.0083535 secs] [Times: user=0.09 sys=0.00, real=0.00 secs] 
2016-09-15T12:17:42.170-0400: 279.571: [GC (GCLocker Initiated GC) [PSYoungGen: 174050K->67597K(175104K)] 302993K->233438K(699392K), 0.0131980 secs] [Times: user=0.18 sys=0.01, real=0.01 secs] 
2016-09-15T12:17:42.298-0400: 279.699: [GC (GCLocker Initiated GC) [PSYoungGen: 155661K->43201K(175104K)] 321550K->300382K(699392K), 0.0114485 secs] [Times: user=0.14 sys=0.00, real=0.01 secs] 
2016-09-15T12:17:42.435-0400: 279.836: [GC (GCLocker Initiated GC) [PSYoungGen: 131265K->73544K(175104K)] 388516K->349280K(699392K), 0.0260639 secs] [Times: user=0.29 sys=0.00, real=0.03 secs] 
2016-09-15T12:17:42.606-0400: 280.006: [GC (GCLocker Initiated GC) [PSYoungGen: 161608K->61198K(175104K)] 437526K->367978K(699392K), 0.0138005 secs] [Times: user=0.15 sys=0.02, real=0.02 secs] 
2016-09-15T12:17:42.716-0400: 280.117: [GC (GCLocker Initiated GC) [PSYoungGen: 149262K->73804K(175104K)] 456369K->417489K(699392K), 0.0118199 secs] [Times: user=0.14 sys=0.00, real=0.01 secs] 
2016-09-15T12:17:42.815-0400: 280.215: [GC (GCLocker Initiated GC) [PSYoungGen: 161868K->85854K(175104K)] 505600K->502801K(699392K), 0.0123215 secs] [Times: user=0.18 sys=0.00, real=0.01 secs] 
2016-09-15T12:17:42.924-0400: 280.324: [GC (GCLocker Initiated GC) [PSYoungGen: 173918K->73836K(175104K)] 591137K->527665K(699392K), 0.0108375 secs] [Times: user=0.13 sys=0.00, real=0.01 secs] 
2016-09-15T12:17:42.935-0400: 280.335: [Full GC (Ergonomics) [PSYoungGen: 73836K->0K(175104K)] [ParOldGen: 453829K->54459K(524288K)] 527665K->54459K(699392K), [Metaspace: 44589K->44589K(1087488K)], 0.0707879 secs] [Times: user=0.61 sys=0.00, real=0.07 secs] 
2016-09-15T12:17:43.129-0400: 280.529: [GC (GCLocker Initiated GC) [PSYoungGen: 88064K->74164K(175104K)] 148763K->134863K(699392K), 0.0084130 secs] [Times: user=0.11 sys=0.00, real=0.01 secs] 
2016-09-15T12:17:43.239-0400: 280.639: [GC (GCLocker Initiated GC) [PSYoungGen: 162228K->85854K(175104K)] 223087K->183798K(699392K), 0.0117649 secs] [Times: user=0.14 sys=0.00, real=0.01 secs] 
2016-09-15T12:17:43.366-0400: 280.767: [GC (GCLocker Initiated GC) [PSYoungGen: 173918K->55447K(175104K)] 272156K->232984K(699392K), 0.0117235 secs] [Times: user=0.18 sys=0.00, real=0.02 secs] 
2016-09-15T12:17:43.488-0400: 280.889: [GC (GCLocker Initiated GC) [PSYoungGen: 143511K->86018K(175104K)] 327171K->269937K(699392K), 0.0092900 secs] [Times: user=0.08 sys=0.00, real=0.01 secs] 
2016-09-15T12:17:43.642-0400: 281.043: [GC (GCLocker Initiated GC) [PSYoungGen: 174082K->85790K(175104K)] 358037K->324720K(699392K), 0.0128464 secs] [Times: user=0.17 sys=0.00, real=0.01 secs] 
2016-09-15T12:17:43.773-0400: 281.173: [GC (GCLocker Initiated GC) [PSYoungGen: 173854K->73476K(175104K)] 412808K->349196K(699392K), 0.0096815 secs] [Times: user=0.13 sys=0.00, real=0.01 secs] 
2016-09-15T12:17:43.876-0400: 281.277: [GC (GCLocker Initiated GC) [PSYoungGen: 161540K->86018K(175104K)] 437593K->422996K(699392K), 0.0114634 secs] [Times: user=0.16 sys=0.00, real=0.00 secs] 
2016-09-15T12:17:44.003-0400: 281.404: [GC (Allocation Failure) [PSYoungGen: 174082K->74228K(175104K)] 517496K->436191K(699392K), 0.0090552 secs] [Times: user=0.14 sys=0.00, real=0.01 secs] 
2016-09-15T12:17:44.013-0400: 281.413: [GC (GCLocker Initiated GC) [PSYoungGen: 74241K->128K(175104K)] 436205K->435517K(699392K), 0.0069135 secs] [Times: user=0.11 sys=0.00, real=0.01 secs] 
2016-09-15T12:17:44.020-0400: 281.420: [Full GC (Ergonomics) [PSYoungGen: 128K->0K(175104K)] [ParOldGen: 435389K->54602K(524288K)] 435517K->54602K(699392K), [Metaspace: 44589K->44589K(1087488K)], 0.0556694 secs] [Times: user=0.50 sys=0.00, real=0.05 secs] 
2016-09-15T12:17:44.172-0400: 281.573: [GC (GCLocker Initiated GC) [PSYoungGen: 82109K->85822K(175104K)] 142786K->152574K(699392K), 0.0081878 secs] [Times: user=0.10 sys=0.01, real=0.01 secs] 
2016-09-15T12:17:44.306-0400: 281.707: [GC (GCLocker Initiated GC) [PSYoungGen: 173886K->19324K(175104K)] 265019K->183861K(699392K), 0.0087494 secs] [Times: user=0.13 sys=0.00, real=0.01 secs] 
2016-09-15T12:17:44.446-0400: 281.847: [GC (GCLocker Initiated GC) [PSYoungGen: 107388K->55447K(175104K)] 278260K->226782K(699392K), 0.0069590 secs] [Times: user=0.09 sys=0.01, real=0.01 secs] 
2016-09-15T12:17:44.610-0400: 282.011: [GC (GCLocker Initiated GC) [PSYoungGen: 143511K->61558K(175104K)] 321249K->257656K(699392K), 0.0216205 secs] [Times: user=0.24 sys=0.00, real=0.02 secs] 
2016-09-15T12:17:44.748-0400: 282.149: [GC (GCLocker Initiated GC) [PSYoungGen: 149622K->73672K(175104K)] 352151K->294881K(699392K), 0.0287292 secs] [Times: user=0.32 sys=0.01, real=0.03 secs] 
2016-09-15T12:17:44.903-0400: 282.304: [GC (GCLocker Initiated GC) [PSYoungGen: 161736K->19652K(175104K)] 401514K->296016K(699392K), 0.0069083 secs] [Times: user=0.07 sys=0.00, real=0.01 secs] 
2016-09-15T12:17:45.033-0400: 282.433: [GC (GCLocker Initiated GC) [PSYoungGen: 107716K->79715K(175104K)] 390321K->381024K(699392K), 0.0093851 secs] [Times: user=0.11 sys=0.01, real=0.01 secs] 
2016-09-15T12:17:45.164-0400: 282.564: [GC (GCLocker Initiated GC) [PSYoungGen: 167778K->37030K(175104K)] 469425K->338788K(699392K), 0.0056101 secs] [Times: user=0.07 sys=0.00, real=0.01 secs] 
2016-09-15T12:17:45.263-0400: 282.663: [GC (GCLocker Initiated GC) [PSYoungGen: 125094K->85854K(175104K)] 427186K->430951K(699392K), 0.0149854 secs] [Times: user=0.21 sys=0.00, real=0.02 secs] 
2016-09-15T12:17:45.388-0400: 282.789: [GC (GCLocker Initiated GC) [PSYoungGen: 173918K->85794K(175104K)] 519241K->449626K(699392K), 0.0103422 secs] [Times: user=0.10 sys=0.00, real=0.01 secs] 
2016-09-15T12:17:45.501-0400: 282.902: [GC (GCLocker Initiated GC) [PSYoungGen: 173858K->85854K(175104K)] 537810K->511052K(699392K), 0.0103392 secs] [Times: user=0.15 sys=0.00, real=0.01 secs] 
2016-09-15T12:17:45.623-0400: 283.024: [GC (GCLocker Initiated GC) [PSYoungGen: 173918K->85822K(175104K)] 599314K->535662K(699392K), 0.0081666 secs] [Times: user=0.11 sys=0.01, real=0.01 secs] 
2016-09-15T12:17:45.631-0400: 283.032: [Full GC (Ergonomics) [PSYoungGen: 85822K->0K(175104K)] [ParOldGen: 449839K->54708K(524288K)] 535662K->54708K(699392K), [Metaspace: 44589K->44589K(1087488K)], 0.0710521 secs] [Times: user=0.54 sys=0.01, real=0.07 secs] 
2016-09-15T12:17:45.828-0400: 283.229: [GC (GCLocker Initiated GC) [PSYoungGen: 88064K->86214K(175104K)] 142822K->140972K(699392K), 0.0103619 secs] [Times: user=0.11 sys=0.00, real=0.01 secs] 
2016-09-15T12:17:45.929-0400: 283.330: [GC (GCLocker Initiated GC) [PSYoungGen: 174278K->85822K(175104K)] 229236K->190427K(699392K), 0.0181539 secs] [Times: user=0.23 sys=0.00, real=0.01 secs] 
2016-09-15T12:17:46.073-0400: 283.474: [GC (GCLocker Initiated GC) [PSYoungGen: 173886K->67825K(175104K)] 290761K->245774K(699392K), 0.0095451 secs] [Times: user=0.14 sys=0.00, real=0.01 secs] 
2016-09-15T12:17:46.222-0400: 283.622: [GC (GCLocker Initiated GC) [PSYoungGen: 155889K->73672K(175104K)] 334014K->270321K(699392K), 0.0077460 secs] [Times: user=0.09 sys=0.00, real=0.01 secs] 
2016-09-15T12:17:46.348-0400: 283.748: [GC (GCLocker Initiated GC) [PSYoungGen: 161736K->73704K(175104K)] 364525K->325400K(699392K), 0.0157791 secs] [Times: user=0.21 sys=0.00, real=0.01 secs] 
2016-09-15T12:17:46.459-0400: 283.860: [GC (Allocation Failure) [PSYoungGen: 161768K->85954K(175104K)] 413759K->398847K(699392K), 0.0128361 secs] [Times: user=0.16 sys=0.00, real=0.01 secs] 
2016-09-15T12:17:46.472-0400: 283.873: [GC (GCLocker Initiated GC) [PSYoungGen: 85967K->64K(175104K)] 398861K->392614K(699392K), 0.0090687 secs] [Times: user=0.10 sys=0.01, real=0.01 secs] 
2016-09-15T12:17:46.596-0400: 283.996: [GC (GCLocker Initiated GC) [PSYoungGen: 88085K->86078K(175104K)] 480763K->484831K(699392K), 0.0105824 secs] [Times: user=0.13 sys=0.00, real=0.00 secs] 
2016-09-15T12:17:46.700-0400: 284.101: [GC (GCLocker Initiated GC) [PSYoungGen: 174142K->79943K(175104K)] 579175K->528096K(699392K), 0.0110923 secs] [Times: user=0.15 sys=0.01, real=0.01 secs] 
2016-09-15T12:17:46.711-0400: 284.112: [Full GC (Ergonomics) [PSYoungGen: 79943K->0K(175104K)] [ParOldGen: 448153K->54876K(524288K)] 528096K->54876K(699392K), [Metaspace: 44589K->44589K(1087488K)], 0.0686742 secs] [Times: user=0.54 sys=0.01, real=0.07 secs] 
2016-09-15T12:17:46.895-0400: 284.295: [GC (GCLocker Initiated GC) [PSYoungGen: 88064K->86242K(175104K)] 143274K->147527K(699392K), 0.0099708 secs] [Times: user=0.14 sys=0.00, real=0.01 secs] 
2016-09-15T12:17:47.021-0400: 284.421: [GC (Allocation Failure) [PSYoungGen: 174306K->55387K(175104K)] 235907K->153961K(699392K), 0.0118667 secs] [Times: user=0.07 sys=0.00, real=0.01 secs] 
2016-09-15T12:17:47.033-0400: 284.434: [GC (GCLocker Initiated GC) [PSYoungGen: 55679K->160K(175104K)] 154254K->196657K(699392K), 0.0074243 secs] [Times: user=0.10 sys=0.00, real=0.01 secs] 
2016-09-15T12:17:47.149-0400: 284.550: [GC (GCLocker Initiated GC) [PSYoungGen: 88224K->86014K(175104K)] 284722K->294670K(699392K), 0.0158787 secs] [Times: user=0.19 sys=0.00, real=0.01 secs] 
2016-09-15T12:17:47.275-0400: 284.675: [GC (Allocation Failure) [PSYoungGen: 174078K->73672K(175104K)] 382918K->313590K(699392K), 0.0173998 secs] [Times: user=0.22 sys=0.00, real=0.02 secs] 
2016-09-15T12:17:47.411-0400: 284.812: [GC (GCLocker Initiated GC) [PSYoungGen: 157682K->43137K(175104K)] 403676K->331970K(699392K), 0.0119587 secs] [Times: user=0.13 sys=0.00, real=0.01 secs] 
2016-09-15T12:17:47.560-0400: 284.961: [GC (GCLocker Initiated GC) [PSYoungGen: 131201K->55223K(175104K)] 420137K->344418K(699392K), 0.0132520 secs] [Times: user=0.14 sys=0.00, real=0.01 secs] 
2016-09-15T12:17:47.692-0400: 285.093: [GC (GCLocker Initiated GC) [PSYoungGen: 143287K->85690K(175104K)] 432670K->405748K(699392K), 0.0089258 secs] [Times: user=0.13 sys=0.00, real=0.01 secs] 
2016-09-15T12:17:47.809-0400: 285.210: [GC (GCLocker Initiated GC) [PSYoungGen: 173754K->85986K(175104K)] 493859K->466984K(699392K), 0.0115051 secs] [Times: user=0.19 sys=0.00, real=0.01 secs] 
2016-09-15T12:17:47.931-0400: 285.332: [GC (GCLocker Initiated GC) [PSYoungGen: 174050K->55419K(175104K)] 555298K->491618K(699392K), 0.0121428 secs] [Times: user=0.11 sys=0.00, real=0.01 secs] 
2016-09-15T12:17:47.944-0400: 285.344: [Full GC (Ergonomics) [PSYoungGen: 55419K->0K(175104K)] [ParOldGen: 436199K->55105K(524288K)] 491618K->55105K(699392K), [Metaspace: 44589K->44589K(1087488K)], 0.0687685 secs] [Times: user=0.54 sys=0.01, real=0.07 secs] 
2016-09-15T12:17:48.105-0400: 285.505: [GC (GCLocker Initiated GC) [PSYoungGen: 88064K->86110K(175104K)] 143442K->165788K(699392K), 0.0092972 secs] [Times: user=0.13 sys=0.00, real=0.01 secs] 
2016-09-15T12:17:48.231-0400: 285.631: [GC (GCLocker Initiated GC) [PSYoungGen: 174174K->73868K(175104K)] 254056K->208988K(699392K), 0.0118663 secs] [Times: user=0.14 sys=0.01, real=0.01 secs] 
2016-09-15T12:17:48.373-0400: 285.774: [GC (GCLocker Initiated GC) [PSYoungGen: 161932K->85790K(175104K)] 303215K->251673K(699392K), 0.0100478 secs] [Times: user=0.13 sys=0.00, real=0.01 secs] 
2016-09-15T12:17:48.487-0400: 285.887: [GC (GCLocker Initiated GC) [PSYoungGen: 173854K->85954K(175104K)] 339980K->276696K(699392K), 0.0115238 secs] [Times: user=0.14 sys=0.00, real=0.02 secs] 
2016-09-15T12:17:48.607-0400: 286.008: [GC (GCLocker Initiated GC) [PSYoungGen: 174018K->73576K(175104K)] 364920K->307623K(699392K), 0.0102271 secs] [Times: user=0.12 sys=0.00, real=0.02 secs] 
2016-09-15T12:17:48.769-0400: 286.170: [GC (GCLocker Initiated GC) [PSYoungGen: 161640K->19228K(175104K)] 414044K->289985K(699392K), 0.0097070 secs] [Times: user=0.13 sys=0.01, real=0.01 secs] 
2016-09-15T12:17:48.928-0400: 286.329: [GC (GCLocker Initiated GC) [PSYoungGen: 107292K->61262K(175104K)] 378103K->332347K(699392K), 0.0083943 secs] [Times: user=0.06 sys=0.00, real=0.01 secs] 
2016-09-15T12:17:49.068-0400: 286.469: [GC (Allocation Failure) [PSYoungGen: 149326K->49443K(175104K)] 426545K->332849K(699392K), 0.0104907 secs] [Times: user=0.09 sys=0.00, real=0.01 secs] 
2016-09-15T12:17:49.164-0400: 286.564: [GC (GCLocker Initiated GC) [PSYoungGen: 137507K->80107K(175104K)] 420915K->430834K(699392K), 0.0117242 secs] [Times: user=0.16 sys=0.00, real=0.01 secs] 
2016-09-15T12:17:49.288-0400: 286.689: [GC (GCLocker Initiated GC) [PSYoungGen: 168171K->74000K(175104K)] 519193K->461795K(699392K), 0.0098805 secs] [Times: user=0.14 sys=0.00, real=0.01 secs] 
2016-09-15T12:17:49.400-0400: 286.800: [GC (GCLocker Initiated GC) [PSYoungGen: 162064K->73704K(175104K)] 556116K->492355K(699392K), 0.0116956 secs] [Times: user=0.14 sys=0.00, real=0.01 secs] 
2016-09-15T12:17:49.509-0400: 286.910: [GC (GCLocker Initiated GC) [PSYoungGen: 161768K->73868K(175104K)] 580506K->510975K(699392K), 0.0152422 secs] [Times: user=0.20 sys=0.00, real=0.01 secs] 
2016-09-15T12:17:49.637-0400: 287.037: [GC (GCLocker Initiated GC) [PSYoungGen: 161932K->79847K(175104K)] 599395K->536171K(699392K), 0.0097917 secs] [Times: user=0.12 sys=0.00, real=0.00 secs] 
2016-09-15T12:17:49.647-0400: 287.047: [Full GC (Ergonomics) [PSYoungGen: 79847K->0K(175104K)] [ParOldGen: 456323K->55467K(524288K)] 536171K->55467K(699392K), [Metaspace: 44589K->44589K(1087488K)], 0.0650188 secs] [Times: user=0.42 sys=0.02, real=0.07 secs] 
2016-09-15T12:17:49.814-0400: 287.215: [GC (GCLocker Initiated GC) [PSYoungGen: 88064K->86078K(175104K)] 149671K->159835K(699392K), 0.0080016 secs] [Times: user=0.09 sys=0.00, real=0.01 secs] 
2016-09-15T12:17:49.917-0400: 287.318: [GC (GCLocker Initiated GC) [PSYoungGen: 174142K->79911K(175104K)] 247978K->209017K(699392K), 0.0096708 secs] [Times: user=0.14 sys=0.00, real=0.00 secs] 
2016-09-15T12:17:50.038-0400: 287.438: [GC (GCLocker Initiated GC) [PSYoungGen: 167975K->85854K(175104K)] 303339K->258155K(699392K), 0.0236787 secs] [Times: user=0.31 sys=0.00, real=0.02 secs] 
2016-09-15T12:17:50.191-0400: 287.592: [GC (Allocation Failure) [PSYoungGen: 173918K->37322K(175104K)] 364704K->246445K(699392K), 0.0076414 secs] [Times: user=0.06 sys=0.02, real=0.01 secs] 
2016-09-15T12:17:50.318-0400: 287.719: [GC (GCLocker Initiated GC) [PSYoungGen: 125386K->37158K(175104K)] 334509K->264977K(699392K), 0.0065786 secs] [Times: user=0.08 sys=0.00, real=0.00 secs] 
2016-09-15T12:17:50.464-0400: 287.865: [GC (GCLocker Initiated GC) [PSYoungGen: 125222K->37258K(175104K)] 371425K->295878K(699392K), 0.0140246 secs] [Times: user=0.17 sys=0.00, real=0.02 secs] 
2016-09-15T12:17:50.608-0400: 288.009: [GC (GCLocker Initiated GC) [PSYoungGen: 125322K->86018K(175104K)] 390227K->351402K(699392K), 0.0098611 secs] [Times: user=0.14 sys=0.00, real=0.01 secs] 
2016-09-15T12:17:50.752-0400: 288.153: [GC (GCLocker Initiated GC) [PSYoungGen: 174082K->55643K(175104K)] 451698K->382002K(699392K), 0.0207678 secs] [Times: user=0.26 sys=0.00, real=0.02 secs] 
2016-09-15T12:17:50.894-0400: 288.295: [GC (Allocation Failure) [PSYoungGen: 143707K->73836K(175104K)] 476423K->479760K(699392K), 0.0100055 secs] [Times: user=0.14 sys=0.00, real=0.01 secs] 
2016-09-15T12:17:51.027-0400: 288.428: [GC (GCLocker Initiated GC) [PSYoungGen: 159293K->55319K(175104K)] 571293K->479612K(699392K), 0.0157287 secs] [Times: user=0.18 sys=0.01, real=0.02 secs] 
2016-09-15T12:17:51.134-0400: 288.535: [GC (GCLocker Initiated GC) [PSYoungGen: 143383K->73640K(175104K)] 574050K->504591K(699392K), 0.0087314 secs] [Times: user=0.10 sys=0.01, real=0.01 secs] 
2016-09-15T12:17:51.253-0400: 288.654: [GC (Allocation Failure) [PSYoungGen: 161704K->73904K(175104K)] 598844K->529568K(699392K), 0.0168857 secs] [Times: user=0.18 sys=0.00, real=0.02 secs] 
2016-09-15T12:17:51.270-0400: 288.671: [Full GC (Ergonomics) [PSYoungGen: 73904K->0K(175104K)] [ParOldGen: 455664K->54404K(524288K)] 529568K->54404K(699392K), [Metaspace: 44592K->44592K(1087488K)], 0.0775759 secs] [Times: user=0.61 sys=0.01, real=0.07 secs] 
2016-09-15T12:17:51.451-0400: 288.852: [GC (GCLocker Initiated GC) [PSYoungGen: 88064K->85690K(175104K)] 142724K->164650K(699392K), 0.0108378 secs] [Times: user=0.15 sys=0.00, real=0.01 secs] 
2016-09-15T12:17:51.580-0400: 288.980: [GC (GCLocker Initiated GC) [PSYoungGen: 173754K->79879K(175104K)] 252923K->183484K(699392K), 0.0147521 secs] [Times: user=0.14 sys=0.00, real=0.01 secs] 
2016-09-15T12:17:51.695-0400: 289.096: [GC (Allocation Failure) [PSYoungGen: 167943K->85594K(175104K)] 271606K->238493K(699392K), 0.0125180 secs] [Times: user=0.16 sys=0.00, real=0.01 secs] 
2016-09-15T12:17:51.833-0400: 289.234: [GC (GCLocker Initiated GC) [PSYoungGen: 173655K->86150K(175104K)] 326560K->318181K(699392K), 0.0129920 secs] [Times: user=0.17 sys=0.00, real=0.01 secs] 
2016-09-15T12:17:51.968-0400: 289.369: [GC (GCLocker Initiated GC) [PSYoungGen: 174214K->79747K(175104K)] 412424K->354699K(699392K), 0.0117187 secs] [Times: user=0.13 sys=0.01, real=0.01 secs] 
2016-09-15T12:17:52.108-0400: 289.508: [GC (GCLocker Initiated GC) [PSYoungGen: 167811K->37357K(175104K)] 455049K->355067K(699392K), 0.0125737 secs] [Times: user=0.08 sys=0.01, real=0.01 secs] 
2016-09-15T12:17:52.282-0400: 289.683: [GC (GCLocker Initiated GC) [PSYoungGen: 125421K->42813K(175104K)] 443307K->391512K(699392K), 0.0101374 secs] [Times: user=0.09 sys=0.00, real=0.01 secs] 
2016-09-15T12:17:52.413-0400: 289.814: [GC (GCLocker Initiated GC) [PSYoungGen: 130877K->85594K(175104K)] 479635K->495238K(699392K), 0.0119958 secs] [Times: user=0.19 sys=0.00, real=0.01 secs] 
2016-09-15T12:17:52.547-0400: 289.948: [GC (GCLocker Initiated GC) [PSYoungGen: 173658K->86118K(175104K)] 583608K->538752K(699392K), 0.0121485 secs] [Times: user=0.13 sys=0.00, real=0.02 secs] 
2016-09-15T12:17:52.559-0400: 289.960: [Full GC (Ergonomics) [PSYoungGen: 86118K->0K(175104K)] [ParOldGen: 452634K->60209K(524288K)] 538752K->60209K(699392K), [Metaspace: 44592K->44592K(1087488K)], 0.0778597 secs] [Times: user=0.57 sys=0.03, real=0.08 secs] 
2016-09-15T12:17:52.765-0400: 290.166: [GC (GCLocker Initiated GC) [PSYoungGen: 88064K->74420K(175104K)] 154401K->140757K(699392K), 0.0074031 secs] [Times: user=0.09 sys=0.00, real=0.01 secs] 
2016-09-15T12:17:52.894-0400: 290.294: [GC (GCLocker Initiated GC) [PSYoungGen: 162484K->85822K(175104K)] 228980K->213812K(699392K), 0.0107221 secs] [Times: user=0.16 sys=0.00, real=0.01 secs] 
2016-09-15T12:17:53.069-0400: 290.470: [GC (GCLocker Initiated GC) [PSYoungGen: 173886K->73544K(175104K)] 308094K->226285K(699392K), 0.0081828 secs] [Times: user=0.09 sys=0.00, real=0.01 secs] 
2016-09-15T12:17:53.215-0400: 290.616: [GC (GCLocker Initiated GC) [PSYoungGen: 161608K->73672K(175104K)] 320511K->293632K(699392K), 0.0178336 secs] [Times: user=0.25 sys=0.00, real=0.02 secs] 
2016-09-15T12:17:53.337-0400: 290.738: [GC (GCLocker Initiated GC) [PSYoungGen: 161736K->61718K(175104K)] 387936K->361150K(699392K), 0.0112752 secs] [Times: user=0.16 sys=0.00, real=0.01 secs] 
2016-09-15T12:17:53.472-0400: 290.872: [GC (GCLocker Initiated GC) [PSYoungGen: 149782K->74164K(175104K)] 455487K->416659K(699392K), 0.0095597 secs] [Times: user=0.14 sys=0.00, real=0.01 secs] 
2016-09-15T12:17:53.612-0400: 291.013: [GC (GCLocker Initiated GC) [PSYoungGen: 162228K->79975K(175104K)] 510969K->447413K(699392K), 0.0086235 secs] [Times: user=0.10 sys=0.01, real=0.01 secs] 
2016-09-15T12:17:53.732-0400: 291.132: [GC (Allocation Failure) [PSYoungGen: 168039K->49212K(175104K)] 535603K->471586K(699392K), 0.0110477 secs] [Times: user=0.11 sys=0.00, real=0.01 secs] 
2016-09-15T12:17:53.863-0400: 291.264: [GC (GCLocker Initiated GC) [PSYoungGen: 137276K->79651K(175104K)] 559656K->544816K(699392K), 0.0227754 secs] [Times: user=0.24 sys=0.00, real=0.02 secs] 
2016-09-15T12:17:53.886-0400: 291.287: [Full GC (Ergonomics) [PSYoungGen: 79651K->0K(175104K)] [ParOldGen: 465164K->54193K(524288K)] 544816K->54193K(699392K), [Metaspace: 44592K->44592K(1087488K)], 0.0691803 secs] [Times: user=0.55 sys=0.01, real=0.07 secs] 
2016-09-15T12:17:54.068-0400: 291.469: [GC (Allocation Failure) [PSYoungGen: 88064K->86538K(175104K)] 142612K->153236K(699392K), 0.0105568 secs] [Times: user=0.12 sys=0.00, real=0.01 secs] 
2016-09-15T12:17:54.079-0400: 291.480: [GC (GCLocker Initiated GC) [PSYoungGen: 86559K->160K(175104K)] 153258K->159125K(699392K), 0.0140627 secs] [Times: user=0.15 sys=0.00, real=0.01 secs] 
2016-09-15T12:17:54.213-0400: 291.614: [GC (GCLocker Initiated GC) [PSYoungGen: 87406K->85950K(175104K)] 252447K->263141K(699392K), 0.0102106 secs] [Times: user=0.12 sys=0.00, real=0.01 secs] 
2016-09-15T12:17:54.355-0400: 291.755: [GC (GCLocker Initiated GC) [PSYoungGen: 174014K->55319K(175104K)] 363403K->293831K(699392K), 0.0111503 secs] [Times: user=0.09 sys=0.00, real=0.01 secs] 
2016-09-15T12:17:54.476-0400: 291.876: [GC (GCLocker Initiated GC) [PSYoungGen: 143383K->73640K(175104K)] 382072K->367335K(699392K), 0.0214893 secs] [Times: user=0.29 sys=0.01, real=0.02 secs] 
2016-09-15T12:17:54.618-0400: 292.019: [GC (Allocation Failure) [PSYoungGen: 161704K->85922K(175104K)] 461594K->422554K(699392K), 0.0113747 secs] [Times: user=0.15 sys=0.01, real=0.01 secs] 
2016-09-15T12:17:54.764-0400: 292.164: [GC (GCLocker Initiated GC) [PSYoungGen: 173930K->73444K(175104K)] 516637K->458983K(699392K), 0.0094100 secs] [Times: user=0.11 sys=0.00, real=0.01 secs] 
2016-09-15T12:17:54.917-0400: 292.317: [GC (GCLocker Initiated GC) [PSYoungGen: 161508K->67761K(175104K)] 547224K->490087K(699392K), 0.0118704 secs] [Times: user=0.17 sys=0.00, real=0.01 secs] 
2016-09-15T12:17:55.044-0400: 292.445: [GC (GCLocker Initiated GC) [PSYoungGen: 155825K->85790K(175104K)] 578332K->545079K(699392K), 0.0097455 secs] [Times: user=0.14 sys=0.00, real=0.01 secs] 
2016-09-15T12:17:55.054-0400: 292.455: [Full GC (Ergonomics) [PSYoungGen: 85790K->0K(175104K)] [ParOldGen: 459289K->54362K(524288K)] 545079K->54362K(699392K), [Metaspace: 44593K->44593K(1087488K)], 0.0664058 secs] [Times: user=0.54 sys=0.00, real=0.07 secs] 
2016-09-15T12:17:55.248-0400: 292.648: [GC (GCLocker Initiated GC) [PSYoungGen: 88064K->86306K(175104K)] 148549K->207541K(699392K), 0.0114057 secs] [Times: user=0.16 sys=0.00, real=0.02 secs] 
2016-09-15T12:17:55.396-0400: 292.797: [GC (GCLocker Initiated GC) [PSYoungGen: 174370K->61754K(175104K)] 301828K->244451K(699392K), 0.0265254 secs] [Times: user=0.33 sys=0.00, real=0.02 secs] 
2016-09-15T12:17:55.563-0400: 292.963: [GC (GCLocker Initiated GC) [PSYoungGen: 149818K->55643K(175104K)] 332629K->275228K(699392K), 0.0091096 secs] [Times: user=0.11 sys=0.00, real=0.01 secs] 
2016-09-15T12:17:55.698-0400: 293.099: [GC (GCLocker Initiated GC) [PSYoungGen: 143707K->85854K(175104K)] 363353K->354243K(699392K), 0.0117684 secs] [Times: user=0.18 sys=0.00, real=0.01 secs] 
2016-09-15T12:17:55.837-0400: 293.238: [GC (GCLocker Initiated GC) [PSYoungGen: 173918K->67565K(175104K)] 442416K->397128K(699392K), 0.0125335 secs] [Times: user=0.15 sys=0.02, real=0.01 secs] 
2016-09-15T12:17:55.952-0400: 293.352: [GC (Allocation Failure) [PSYoungGen: 155629K->85790K(175104K)] 485441K->446285K(699392K), 0.0130121 secs] [Times: user=0.17 sys=0.01, real=0.01 secs] 
2016-09-15T12:17:56.086-0400: 293.487: [GC (GCLocker Initiated GC) [PSYoungGen: 172419K->73640K(175104K)] 538989K->470924K(699392K), 0.0112020 secs] [Times: user=0.12 sys=0.01, real=0.02 secs] 
2016-09-15T12:17:56.217-0400: 293.617: [GC (GCLocker Initiated GC) [PSYoungGen: 161704K->73868K(175104K)] 559355K->490043K(699392K), 0.0127084 secs] [Times: user=0.16 sys=0.00, real=0.01 secs] 
2016-09-15T12:17:56.356-0400: 293.757: [GC (Allocation Failure) [PSYoungGen: 161932K->55419K(175104K)] 578255K->490094K(699392K), 0.0102988 secs] [Times: user=0.09 sys=0.00, real=0.00 secs] 
2016-09-15T12:17:56.494-0400: 293.894: [GC (GCLocker Initiated GC) [PSYoungGen: 143483K->67501K(175104K)] 578165K->557290K(699392K), 0.0210236 secs] [Times: user=0.23 sys=0.01, real=0.02 secs] 
2016-09-15T12:17:56.515-0400: 293.916: [Full GC (Ergonomics) [PSYoungGen: 67501K->0K(175104K)] [ParOldGen: 489788K->54412K(524288K)] 557290K->54412K(699392K), [Metaspace: 44597K->44597K(1087488K)], 0.0666151 secs] [Times: user=0.46 sys=0.02, real=0.07 secs] 
2016-09-15T12:17:56.698-0400: 294.099: [GC (GCLocker Initiated GC) [PSYoungGen: 88064K->86078K(175104K)] 142608K->164922K(699392K), 0.0202733 secs] [Times: user=0.23 sys=0.00, real=0.02 secs] 
2016-09-15T12:17:56.833-0400: 294.234: [GC (GCLocker Initiated GC) [PSYoungGen: 174142K->37226K(175104K)] 259321K->208010K(699392K), 0.0118528 secs] [Times: user=0.13 sys=0.01, real=0.01 secs] 
2016-09-15T12:17:56.955-0400: 294.356: [GC (GCLocker Initiated GC) [PSYoungGen: 125290K->79391K(175104K)] 296312K->251017K(699392K), 0.0117920 secs] [Times: user=0.10 sys=0.00, real=0.01 secs] 
2016-09-15T12:17:57.098-0400: 294.499: [GC (GCLocker Initiated GC) [PSYoungGen: 167455K->24848K(175104K)] 351458K->239321K(699392K), 0.0177741 secs] [Times: user=0.18 sys=0.00, real=0.02 secs] 
2016-09-15T12:17:57.263-0400: 294.664: [GC (Allocation Failure) [PSYoungGen: 112912K->73508K(175104K)] 327589K->288485K(699392K), 0.0081836 secs] [Times: user=0.10 sys=0.00, real=0.01 secs] 
2016-09-15T12:17:57.401-0400: 294.802: [GC (GCLocker Initiated GC) [PSYoungGen: 160281K->73508K(175104K)] 381333K->312928K(699392K), 0.0119271 secs] [Times: user=0.12 sys=0.01, real=0.01 secs] 
2016-09-15T12:17:57.556-0400: 294.956: [GC (GCLocker Initiated GC) [PSYoungGen: 161572K->79655K(175104K)] 401180K->319366K(699392K), 0.0103344 secs] [Times: user=0.10 sys=0.00, real=0.00 secs] 
2016-09-15T12:17:57.681-0400: 295.082: [GC (GCLocker Initiated GC) [PSYoungGen: 167719K->79683K(175104K)] 407791K->374722K(699392K), 0.0161178 secs] [Times: user=0.17 sys=0.01, real=0.02 secs] 
2016-09-15T12:17:57.820-0400: 295.220: [GC (GCLocker Initiated GC) [PSYoungGen: 167747K->67697K(175104K)] 463152K->399704K(699392K), 0.0100380 secs] [Times: user=0.13 sys=0.00, real=0.01 secs] 
2016-09-15T12:17:57.977-0400: 295.377: [GC (GCLocker Initiated GC) [PSYoungGen: 155761K->73676K(175104K)] 487784K->424192K(699392K), 0.0229773 secs] [Times: user=0.23 sys=0.00, real=0.02 secs] 
2016-09-15T12:17:58.134-0400: 295.535: [GC (GCLocker Initiated GC) [PSYoungGen: 161734K->86022K(175104K)] 518669K->485657K(699392K), 0.0257940 secs] [Times: user=0.30 sys=0.02, real=0.03 secs] 
2016-09-15T12:17:58.313-0400: 295.713: [GC (GCLocker Initiated GC) [PSYoungGen: 174086K->43269K(175104K)] 573954K->461465K(699392K), 0.0364566 secs] [Times: user=0.40 sys=0.01, real=0.04 secs] 
2016-09-15T12:17:58.506-0400: 295.907: [GC (Allocation Failure) [PSYoungGen: 131333K->67309K(175104K)] 555685K->491921K(699392K), 0.0126445 secs] [Times: user=0.09 sys=0.01, real=0.02 secs] 
2016-09-15T12:17:58.674-0400: 296.074: [GC (GCLocker Initiated GC) [PSYoungGen: 149705K->43301K(175104K)] 580392K->504662K(699392K), 0.0137813 secs] [Times: user=0.13 sys=0.00, real=0.02 secs] 
2016-09-15T12:17:58.688-0400: 296.088: [Full GC (Ergonomics) [PSYoungGen: 43301K->0K(175104K)] [ParOldGen: 461361K->48400K(524288K)] 504662K->48400K(699392K), [Metaspace: 44629K->44629K(1087488K)], 0.0723781 secs] [Times: user=0.47 sys=0.01, real=0.07 secs] 
2016-09-15T12:17:58.965-0400: 296.366: [GC (GCLocker Initiated GC) [PSYoungGen: 88064K->73964K(175104K)] 142541K->128441K(699392K), 0.0118732 secs] [Times: user=0.15 sys=0.00, real=0.02 secs] 
2016-09-15T12:17:59.151-0400: 296.552: [GC (GCLocker Initiated GC) [PSYoungGen: 162028K->73640K(175104K)] 222622K->171419K(699392K), 0.0190839 secs] [Times: user=0.20 sys=0.00, real=0.02 secs] 
2016-09-15T12:17:59.340-0400: 296.741: [GC (GCLocker Initiated GC) [PSYoungGen: 161704K->85826K(175104K)] 259771K->238719K(699392K), 0.0245802 secs] [Times: user=0.25 sys=0.02, real=0.02 secs] 
2016-09-15T12:17:59.565-0400: 296.966: [GC (GCLocker Initiated GC) [PSYoungGen: 173890K->79359K(175104K)] 326825K->232562K(699392K), 0.0164405 secs] [Times: user=0.18 sys=0.00, real=0.02 secs] 
2016-09-15T12:17:59.783-0400: 297.184: [GC (GCLocker Initiated GC) [PSYoungGen: 167423K->55027K(175104K)] 320627K->232643K(699392K), 0.0299479 secs] [Times: user=0.26 sys=0.01, real=0.03 secs] 
2016-09-15T12:17:59.988-0400: 297.388: [GC (Allocation Failure) [PSYoungGen: 143091K->61786K(175104K)] 332949K->251747K(699392K), 0.0169191 secs] [Times: user=0.13 sys=0.01, real=0.01 secs] 
2016-09-15T12:18:00.141-0400: 297.542: [GC (GCLocker Initiated GC) [PSYoungGen: 149850K->49376K(175104K)] 345886K->282473K(699392K), 0.0178356 secs] [Times: user=0.15 sys=0.00, real=0.02 secs] 
2016-09-15T12:18:00.290-0400: 297.691: [GC (Allocation Failure) [PSYoungGen: 137440K->61494K(175104K)] 370748K->331380K(699392K), 0.0271996 secs] [Times: user=0.29 sys=0.00, real=0.03 secs] 
2016-09-15T12:18:00.318-0400: 297.719: [GC (GCLocker Initiated GC) [PSYoungGen: 61514K->160K(175104K)] 331400K->343446K(699392K), 0.0123928 secs] [Times: user=0.12 sys=0.01, real=0.01 secs] 
2016-09-15T12:18:00.500-0400: 297.901: [GC (GCLocker Initiated GC) [PSYoungGen: 85223K->73868K(175104K)] 434585K->423237K(699392K), 0.0103170 secs] [Times: user=0.09 sys=0.00, real=0.01 secs] 
2016-09-15T12:18:00.676-0400: 298.077: [GC (Allocation Failure) [PSYoungGen: 161932K->55483K(175104K)] 511455K->423950K(699392K), 0.0139375 secs] [Times: user=0.14 sys=0.00, real=0.01 secs] 
2016-09-15T12:18:00.862-0400: 298.263: [GC (GCLocker Initiated GC) [PSYoungGen: 143547K->61298K(175104K)] 512020K->448107K(699392K), 0.0177393 secs] [Times: user=0.16 sys=0.00, real=0.02 secs] 
2016-09-15T12:18:01.058-0400: 298.459: [GC (GCLocker Initiated GC) [PSYoungGen: 149362K->55515K(175104K)] 542433K->448877K(699392K), 0.0188807 secs] [Times: user=0.17 sys=0.00, real=0.02 secs] 
2016-09-15T12:18:01.249-0400: 298.650: [GC (GCLocker Initiated GC) [PSYoungGen: 143579K->61558K(175104K)] 537123K->455541K(699392K), 0.0145815 secs] [Times: user=0.17 sys=0.00, real=0.01 secs] 
2016-09-15T12:18:01.434-0400: 298.834: [GC (GCLocker Initiated GC) [PSYoungGen: 149622K->85758K(175104K)] 543664K->486002K(699392K), 0.0110742 secs] [Times: user=0.11 sys=0.00, real=0.01 secs] 
2016-09-15T12:18:01.594-0400: 298.995: [GC (GCLocker Initiated GC) [PSYoungGen: 173822K->55842K(175104K)] 580205K->529359K(699392K), 0.0276669 secs] [Times: user=0.35 sys=0.00, real=0.03 secs] 
2016-09-15T12:18:01.622-0400: 299.022: [Full GC (Ergonomics) [PSYoungGen: 55842K->0K(175104K)] [ParOldGen: 473516K->48793K(524288K)] 529359K->48793K(699392K), [Metaspace: 44635K->44635K(1087488K)], 0.0672572 secs] [Times: user=0.45 sys=0.00, real=0.07 secs] 
2016-09-15T12:18:01.857-0400: 299.257: [GC (Allocation Failure) [PSYoungGen: 88064K->86178K(175104K)] 136960K->153299K(699392K), 0.0101541 secs] [Times: user=0.13 sys=0.00, real=0.00 secs] 
2016-09-15T12:18:02.047-0400: 299.448: [GC (GCLocker Initiated GC) [PSYoungGen: 174242K->49340K(175104K)] 241368K->165966K(699392K), 0.0220669 secs] [Times: user=0.26 sys=0.00, real=0.03 secs] 
2016-09-15T12:18:02.245-0400: 299.646: [GC (GCLocker Initiated GC) [PSYoungGen: 137404K->55383K(175104K)] 260235K->178482K(699392K), 0.0084995 secs] [Times: user=0.09 sys=0.00, real=0.01 secs] 
2016-09-15T12:18:02.419-0400: 299.819: [GC (Allocation Failure) [PSYoungGen: 143447K->73804K(175104K)] 266722K->197206K(699392K), 0.0146735 secs] [Times: user=0.16 sys=0.00, real=0.01 secs] 
2016-09-15T12:18:02.638-0400: 300.039: [GC (GCLocker Initiated GC) [PSYoungGen: 160854K->24979K(175104K)] 290331K->197234K(699392K), 0.0154304 secs] [Times: user=0.14 sys=0.00, real=0.01 secs] 
2016-09-15T12:18:02.855-0400: 300.256: [GC (GCLocker Initiated GC) [PSYoungGen: 113043K->73708K(175104K)] 285412K->246344K(699392K), 0.0286465 secs] [Times: user=0.32 sys=0.01, real=0.03 secs] 
2016-09-15T12:18:03.055-0400: 300.456: [GC (GCLocker Initiated GC) [PSYoungGen: 161772K->55515K(175104K)] 340811K->253078K(699392K), 0.0148359 secs] [Times: user=0.16 sys=0.01, real=0.02 secs] 
2016-09-15T12:18:03.251-0400: 300.652: [GC (GCLocker Initiated GC) [PSYoungGen: 143579K->67733K(175104K)] 341178K->265608K(699392K), 0.0224443 secs] [Times: user=0.20 sys=0.00, real=0.02 secs] 
2016-09-15T12:18:03.414-0400: 300.815: [GC (GCLocker Initiated GC) [PSYoungGen: 155797K->43005K(175104K)] 353674K->283518K(699392K), 0.0099746 secs] [Times: user=0.08 sys=0.00, real=0.01 secs] 
2016-09-15T12:18:03.563-0400: 300.963: [GC (GCLocker Initiated GC) [PSYoungGen: 131069K->55419K(175104K)] 377855K->302309K(699392K), 0.0150373 secs] [Times: user=0.15 sys=0.01, real=0.02 secs] 
2016-09-15T12:18:03.742-0400: 301.143: [GC (Allocation Failure) [PSYoungGen: 143483K->61394K(175104K)] 396669K->315059K(699392K), 0.0225545 secs] [Times: user=0.23 sys=0.00, real=0.02 secs] 
2016-09-15T12:18:03.951-0400: 301.351: [GC (GCLocker Initiated GC) [PSYoungGen: 148112K->61590K(175104K)] 407852K->321457K(699392K), 0.0094210 secs] [Times: user=0.07 sys=0.00, real=0.01 secs] 
2016-09-15T12:18:04.142-0400: 301.543: [GC (GCLocker Initiated GC) [PSYoungGen: 149654K->61558K(175104K)] 415800K->327995K(699392K), 0.0107075 secs] [Times: user=0.09 sys=0.01, real=0.01 secs] 
2016-09-15T12:18:04.308-0400: 301.708: [GC (GCLocker Initiated GC) [PSYoungGen: 149622K->67405K(175104K)] 416101K->333987K(699392K), 0.0298433 secs] [Times: user=0.35 sys=0.00, real=0.03 secs] 
2016-09-15T12:18:04.521-0400: 301.922: [GC (GCLocker Initiated GC) [PSYoungGen: 155469K->55515K(173056K)] 428481K->359154K(697344K), 0.0183452 secs] [Times: user=0.15 sys=0.00, real=0.02 secs] 
2016-09-15T12:18:04.716-0400: 302.116: [GC (GCLocker Initiated GC) [PSYoungGen: 143579K->61330K(174080K)] 453318K->371360K(698368K), 0.0194155 secs] [Times: user=0.19 sys=0.00, real=0.01 secs] 
2016-09-15T12:18:04.913-0400: 302.314: [GC (GCLocker Initiated GC) [PSYoungGen: 149394K->79619K(172032K)] 459460K->450743K(696320K), 0.0194507 secs] [Times: user=0.21 sys=0.00, real=0.02 secs] 
2016-09-15T12:18:05.083-0400: 302.484: [GC (Allocation Failure) [PSYoungGen: 167683K->61102K(175104K)] 538999K->457001K(699392K), 0.0175068 secs] [Times: user=0.16 sys=0.00, real=0.02 secs] 
2016-09-15T12:18:05.271-0400: 302.671: [GC (GCLocker Initiated GC) [PSYoungGen: 149166K->67469K(173568K)] 545065K->463488K(697856K), 0.0086077 secs] [Times: user=0.08 sys=0.00, real=0.01 secs] 
2016-09-15T12:18:05.452-0400: 302.853: [GC (GCLocker Initiated GC) [PSYoungGen: 156045K->55387K(174592K)] 558382K->457991K(698880K), 0.0257888 secs] [Times: user=0.28 sys=0.00, real=0.03 secs] 
2016-09-15T12:18:05.737-0400: 303.137: [GC (GCLocker Initiated GC) [PSYoungGen: 143963K->37062K(174080K)] 559067K->452418K(698368K), 0.0109673 secs] [Times: user=0.10 sys=0.00, real=0.01 secs] 
2016-09-15T12:18:05.927-0400: 303.327: [GC (GCLocker Initiated GC) [PSYoungGen: 126150K->86022K(175616K)] 541548K->513681K(699904K), 0.0259793 secs] [Times: user=0.28 sys=0.00, real=0.03 secs] 
2016-09-15T12:18:06.151-0400: 303.551: [GC (GCLocker Initiated GC) [PSYoungGen: 175110K->49016K(174592K)] 602895K->525676K(698880K), 0.0333786 secs] [Times: user=0.36 sys=0.00, real=0.03 secs] 
2016-09-15T12:18:06.184-0400: 303.585: [Full GC (Ergonomics) [PSYoungGen: 49016K->0K(174592K)] [ParOldGen: 476660K->48711K(524288K)] 525676K->48711K(698880K), [Metaspace: 44638K->44638K(1087488K)], 0.0710255 secs] [Times: user=0.43 sys=0.01, real=0.07 secs] 
2016-09-15T12:18:06.411-0400: 303.812: [GC (GCLocker Initiated GC) [PSYoungGen: 88064K->86726K(175104K)] 137052K->141789K(699392K), 0.0177714 secs] [Times: user=0.20 sys=0.00, real=0.02 secs] 
2016-09-15T12:18:06.600-0400: 304.001: [GC (GCLocker Initiated GC) [PSYoungGen: 174790K->55647K(175104K)] 236267K->118247K(699392K), 0.0069305 secs] [Times: user=0.05 sys=0.00, real=0.00 secs] 
2016-09-15T12:18:06.753-0400: 304.154: [GC (GCLocker Initiated GC) [PSYoungGen: 143711K->85726K(175104K)] 206487K->154884K(699392K), 0.0199801 secs] [Times: user=0.20 sys=0.00, real=0.02 secs] 
2016-09-15T12:18:06.912-0400: 304.312: [GC (Allocation Failure) [PSYoungGen: 173790K->79751K(175104K)] 243074K->179678K(699392K), 0.0106245 secs] [Times: user=0.09 sys=0.00, real=0.01 secs] 
2016-09-15T12:18:07.118-0400: 304.518: [GC (Allocation Failure) [PSYoungGen: 167815K->61362K(175104K)] 267742K->216419K(699392K), 0.0225307 secs] [Times: user=0.21 sys=0.00, real=0.02 secs] 
2016-09-15T12:18:07.322-0400: 304.723: [GC (GCLocker Initiated GC) [PSYoungGen: 149426K->55255K(175104K)] 304489K->210413K(699392K), 0.0267398 secs] [Times: user=0.26 sys=0.00, real=0.03 secs] 
2016-09-15T12:18:07.566-0400: 304.967: [GC (GCLocker Initiated GC) [PSYoungGen: 143319K->73380K(175104K)] 298479K->228839K(699392K), 0.0234749 secs] [Times: user=0.23 sys=0.00, real=0.03 secs] 
2016-09-15T12:18:07.765-0400: 305.165: [GC (GCLocker Initiated GC) [PSYoungGen: 161444K->73708K(175104K)] 317270K->229693K(699392K), 0.0301642 secs] [Times: user=0.35 sys=0.01, real=0.03 secs] 
2016-09-15T12:18:07.960-0400: 305.361: [GC (GCLocker Initiated GC) [PSYoungGen: 161772K->85694K(175104K)] 317973K->248245K(699392K), 0.0104064 secs] [Times: user=0.10 sys=0.00, real=0.01 secs] 
2016-09-15T12:18:08.138-0400: 305.539: [GC (Allocation Failure) [PSYoungGen: 173758K->49571K(175104K)] 348641K->261040K(699392K), 0.0097230 secs] [Times: user=0.09 sys=0.01, real=0.01 secs] 
2016-09-15T12:18:08.149-0400: 305.550: [GC (GCLocker Initiated GC) [PSYoungGen: 50034K->192K(175104K)] 261503K->285462K(699392K), 0.0100286 secs] [Times: user=0.13 sys=0.00, real=0.01 secs] 
2016-09-15T12:18:08.305-0400: 305.706: [GC (GCLocker Initiated GC) [PSYoungGen: 88256K->86342K(175104K)] 373526K->377703K(699392K), 0.0127949 secs] [Times: user=0.18 sys=0.01, real=0.02 secs] 
2016-09-15T12:18:08.497-0400: 305.897: [GC (GCLocker Initiated GC) [PSYoungGen: 174406K->86086K(175104K)] 471873K->402826K(699392K), 0.0124480 secs] [Times: user=0.13 sys=0.01, real=0.01 secs] 
2016-09-15T12:18:08.687-0400: 306.088: [GC (Allocation Failure) [PSYoungGen: 174150K->30855K(175104K)] 497095K->402544K(699392K), 0.0158664 secs] [Times: user=0.17 sys=0.00, real=0.02 secs] 
2016-09-15T12:18:08.856-0400: 306.256: [GC (GCLocker Initiated GC) [PSYoungGen: 118919K->67505K(175104K)] 490608K->439290K(699392K), 0.0240838 secs] [Times: user=0.22 sys=0.01, real=0.02 secs] 
2016-09-15T12:18:09.036-0400: 306.437: [GC (GCLocker Initiated GC) [PSYoungGen: 155569K->73480K(175104K)] 527630K->445840K(699392K), 0.0101060 secs] [Times: user=0.10 sys=0.01, real=0.00 secs] 
2016-09-15T12:18:09.244-0400: 306.645: [GC (Allocation Failure) [PSYoungGen: 161544K->19164K(175104K)] 552131K->410019K(699392K), 0.0141932 secs] [Times: user=0.13 sys=0.00, real=0.02 secs] 
2016-09-15T12:18:09.437-0400: 306.838: [GC (GCLocker Initiated GC) [PSYoungGen: 107228K->73412K(175104K)] 498089K->464547K(699392K), 0.0090831 secs] [Times: user=0.08 sys=0.00, real=0.00 secs] 
2016-09-15T12:18:09.605-0400: 307.006: [GC (GCLocker Initiated GC) [PSYoungGen: 161476K->67373K(175104K)] 552641K->458641K(699392K), 0.0100307 secs] [Times: user=0.07 sys=0.00, real=0.01 secs] 
2016-09-15T12:18:09.784-0400: 307.185: [GC (GCLocker Initiated GC) [PSYoungGen: 155437K->67533K(175104K)] 546736K->459091K(699392K), 0.0138365 secs] [Times: user=0.13 sys=0.00, real=0.02 secs] 
2016-09-15T12:18:10.037-0400: 307.438: [GC (GCLocker Initiated GC) [PSYoungGen: 155597K->19392K(175104K)] 559570K->454017K(699392K), 0.0096833 secs] [Times: user=0.12 sys=0.00, real=0.00 secs] 
2016-09-15T12:18:10.227-0400: 307.628: [GC (GCLocker Initiated GC) [PSYoungGen: 107456K->85594K(175104K)] 548704K->527109K(699392K), 0.0158178 secs] [Times: user=0.17 sys=0.00, real=0.02 secs] 
2016-09-15T12:18:10.386-0400: 307.786: [GC (GCLocker Initiated GC) [PSYoungGen: 173658K->61818K(175104K)] 615517K->576776K(699392K), 0.0225779 secs] [Times: user=0.24 sys=0.01, real=0.03 secs] 
2016-09-15T12:18:10.408-0400: 307.809: [Full GC (Ergonomics) [PSYoungGen: 61818K->0K(175104K)] [ParOldGen: 514958K->49198K(524288K)] 576776K->49198K(699392K), [Metaspace: 44641K->44641K(1087488K)], 0.0684610 secs] [Times: user=0.48 sys=0.02, real=0.07 secs] 
2016-09-15T12:18:10.630-0400: 308.031: [GC (Allocation Failure) [PSYoungGen: 88064K->86734K(175104K)] 149610K->154355K(699392K), 0.0104394 secs] [Times: user=0.15 sys=0.01, real=0.01 secs] 
2016-09-15T12:18:10.823-0400: 308.223: [GC (GCLocker Initiated GC) [PSYoungGen: 174798K->30887K(175104K)] 242419K->172512K(699392K), 0.0129294 secs] [Times: user=0.16 sys=0.00, real=0.02 secs] 
2016-09-15T12:18:11.013-0400: 308.413: [GC (GCLocker Initiated GC) [PSYoungGen: 118951K->61690K(175104K)] 266760K->209610K(699392K), 0.0074044 secs] [Times: user=0.06 sys=0.01, real=0.01 secs] 
2016-09-15T12:18:11.193-0400: 308.594: [GC (GCLocker Initiated GC) [PSYoungGen: 149754K->79847K(175104K)] 297704K->258463K(699392K), 0.0213705 secs] [Times: user=0.21 sys=0.01, real=0.02 secs] 
2016-09-15T12:18:11.402-0400: 308.802: [GC (GCLocker Initiated GC) [PSYoungGen: 167911K->67537K(175104K)] 346569K->289012K(699392K), 0.0287428 secs] [Times: user=0.30 sys=0.00, real=0.03 secs] 
2016-09-15T12:18:11.630-0400: 309.031: [GC (GCLocker Initiated GC) [PSYoungGen: 155598K->55319K(175104K)] 383504K->319965K(699392K), 0.0218856 secs] [Times: user=0.22 sys=0.00, real=0.02 secs] 
2016-09-15T12:18:11.789-0400: 309.190: [GC (GCLocker Initiated GC) [PSYoungGen: 143383K->55551K(175104K)] 414326K->326761K(699392K), 0.0193228 secs] [Times: user=0.17 sys=0.00, real=0.02 secs] 
2016-09-15T12:18:11.990-0400: 309.390: [GC (GCLocker Initiated GC) [PSYoungGen: 143615K->55746K(175104K)] 421155K->333546K(699392K), 0.0146345 secs] [Times: user=0.14 sys=0.00, real=0.01 secs] 
2016-09-15T12:18:12.157-0400: 309.557: [GC (Allocation Failure) [PSYoungGen: 143810K->85726K(175104K)] 422147K->364173K(699392K), 0.0141807 secs] [Times: user=0.13 sys=0.01, real=0.01 secs] 
2016-09-15T12:18:12.340-0400: 309.741: [GC (GCLocker Initiated GC) [PSYoungGen: 173788K->67373K(175104K)] 452242K->345929K(699392K), 0.0200719 secs] [Times: user=0.21 sys=0.00, real=0.02 secs] 
2016-09-15T12:18:12.574-0400: 309.975: [GC (GCLocker Initiated GC) [PSYoungGen: 155437K->19328K(175104K)] 452562K->316705K(699392K), 0.0229047 secs] [Times: user=0.26 sys=0.00, real=0.03 secs] 
2016-09-15T12:18:12.774-0400: 310.175: [GC (GCLocker Initiated GC) [PSYoungGen: 107392K->73708K(175104K)] 404974K->371564K(699392K), 0.0129893 secs] [Times: user=0.14 sys=0.00, real=0.01 secs] 
2016-09-15T12:18:12.930-0400: 310.331: [GC (Allocation Failure) [PSYoungGen: 161772K->55447K(175104K)] 466053K->396330K(699392K), 0.0177641 secs] [Times: user=0.22 sys=0.00, real=0.02 secs] 
2016-09-15T12:18:13.102-0400: 310.503: [GC (GCLocker Initiated GC) [PSYoungGen: 139334K->55255K(175104K)] 486292K->402348K(699392K), 0.0100448 secs] [Times: user=0.11 sys=0.00, real=0.01 secs] 
2016-09-15T12:18:13.268-0400: 310.668: [GC (GCLocker Initiated GC) [PSYoungGen: 143319K->73740K(175104K)] 490460K->421172K(699392K), 0.0148936 secs] [Times: user=0.15 sys=0.00, real=0.01 secs] 
2016-09-15T12:18:13.431-0400: 310.832: [GC (GCLocker Initiated GC) [PSYoungGen: 161804K->61558K(175104K)] 509238K->451808K(699392K), 0.0130500 secs] [Times: user=0.13 sys=0.00, real=0.01 secs] 
2016-09-15T12:18:13.633-0400: 311.034: [GC (GCLocker Initiated GC) [PSYoungGen: 149622K->67469K(175104K)] 539920K->476267K(699392K), 0.0160606 secs] [Times: user=0.17 sys=0.00, real=0.02 secs] 
2016-09-15T12:18:13.796-0400: 311.197: [GC (GCLocker Initiated GC) [PSYoungGen: 155533K->85858K(175104K)] 564379K->531469K(699392K), 0.0240384 secs] [Times: user=0.29 sys=0.00, real=0.02 secs] 
2016-09-15T12:18:13.999-0400: 311.400: [GC (GCLocker Initiated GC) --[PSYoungGen: 173921K->173921K(175104K)] 619893K->693281K(699392K), 0.0152011 secs] [Times: user=0.15 sys=0.00, real=0.01 secs] 
2016-09-15T12:18:14.014-0400: 311.415: [Full GC (Ergonomics) [PSYoungGen: 173921K->0K(175104K)] [ParOldGen: 519360K->48821K(524288K)] 693281K->48821K(699392K), [Metaspace: 44647K->44647K(1087488K)], 0.0779159 secs] [Times: user=0.46 sys=0.01, real=0.08 secs] 
2016-09-15T12:18:14.311-0400: 311.712: [GC (GCLocker Initiated GC) [PSYoungGen: 88064K->73608K(175104K)] 143023K->128567K(699392K), 0.0141147 secs] [Times: user=0.14 sys=0.01, real=0.01 secs] 
2016-09-15T12:18:14.468-0400: 311.869: [GC (Allocation Failure) [PSYoungGen: 161672K->49312K(175104K)] 216673K->122821K(699392K), 0.0131352 secs] [Times: user=0.13 sys=0.00, real=0.01 secs] 
2016-09-15T12:18:14.647-0400: 312.047: [GC (GCLocker Initiated GC) [PSYoungGen: 137376K->67633K(175104K)] 210891K->177866K(699392K), 0.0109713 secs] [Times: user=0.10 sys=0.00, real=0.02 secs] 
2016-09-15T12:18:14.832-0400: 312.233: [GC (Allocation Failure) [PSYoungGen: 155697K->43400K(175104K)] 266285K->172481K(699392K), 0.0127495 secs] [Times: user=0.11 sys=0.00, real=0.01 secs] 
2016-09-15T12:18:14.996-0400: 312.397: [GC (GCLocker Initiated GC) [PSYoungGen: 131464K->55255K(175104K)] 260551K->184576K(699392K), 0.0225723 secs] [Times: user=0.20 sys=0.00, real=0.02 secs] 
2016-09-15T12:18:15.171-0400: 312.572: [GC (GCLocker Initiated GC) [PSYoungGen: 143319K->37421K(175104K)] 278775K->172989K(699392K), 0.0106493 secs] [Times: user=0.10 sys=0.01, real=0.01 secs] 
2016-09-15T12:18:15.322-0400: 312.722: [GC (GCLocker Initiated GC) [PSYoungGen: 125485K->55451K(175104K)] 261167K->209641K(699392K), 0.0081791 secs] [Times: user=0.06 sys=0.01, real=0.01 secs] 
2016-09-15T12:18:15.508-0400: 312.909: [GC (GCLocker Initiated GC) [PSYoungGen: 143515K->67373K(175104K)] 297719K->240069K(699392K), 0.0312922 secs] [Times: user=0.35 sys=0.01, real=0.03 secs] 
2016-09-15T12:18:15.735-0400: 313.136: [GC (GCLocker Initiated GC) [PSYoungGen: 155437K->49212K(175104K)] 328142K->228268K(699392K), 0.0215784 secs] [Times: user=0.19 sys=0.00, real=0.03 secs] 
2016-09-15T12:18:15.904-0400: 313.305: [GC (Allocation Failure) [PSYoungGen: 137276K->86054K(175104K)] 316368K->265241K(699392K), 0.0176720 secs] [Times: user=0.18 sys=0.00, real=0.02 secs] 
2016-09-15T12:18:16.096-0400: 313.496: [GC (Allocation Failure) [PSYoungGen: 174118K->67665K(175104K)] 353305K->295736K(699392K), 0.0128773 secs] [Times: user=0.13 sys=0.00, real=0.01 secs] 
2016-09-15T12:18:16.276-0400: 313.677: [GC (GCLocker Initiated GC) [PSYoungGen: 155729K->67565K(175104K)] 383805K->295901K(699392K), 0.0170712 secs] [Times: user=0.18 sys=0.00, real=0.01 secs] 
2016-09-15T12:18:16.446-0400: 313.847: [GC (GCLocker Initiated GC) [PSYoungGen: 155629K->85694K(175104K)] 384007K->320258K(699392K), 0.0168359 secs] [Times: user=0.17 sys=0.01, real=0.02 secs] 
2016-09-15T12:18:16.670-0400: 314.070: [GC (GCLocker Initiated GC) [PSYoungGen: 173758K->49280K(175104K)] 414460K->320437K(699392K), 0.0105821 secs] [Times: user=0.08 sys=0.00, real=0.01 secs] 
2016-09-15T12:18:16.839-0400: 314.240: [GC (GCLocker Initiated GC) [PSYoungGen: 137344K->49411K(175104K)] 408778K->321089K(699392K), 0.0357381 secs] [Times: user=0.35 sys=0.00, real=0.03 secs] 
2016-09-15T12:18:17.013-0400: 314.414: [GC (GCLocker Initiated GC) [PSYoungGen: 137475K->49216K(175104K)] 409310K->345610K(699392K), 0.0100779 secs] [Times: user=0.07 sys=0.00, real=0.01 secs] 
2016-09-15T12:18:17.165-0400: 314.566: [GC (GCLocker Initiated GC) [PSYoungGen: 137280K->73612K(175104K)] 433799K->370415K(699392K), 0.0201621 secs] [Times: user=0.19 sys=0.00, real=0.02 secs] 
2016-09-15T12:18:17.359-0400: 314.760: [GC (GCLocker Initiated GC) [PSYoungGen: 161676K->61558K(175104K)] 458638K->413486K(699392K), 0.0183814 secs] [Times: user=0.19 sys=0.00, real=0.02 secs] 
2016-09-15T12:18:17.551-0400: 314.952: [GC (GCLocker Initiated GC) [PSYoungGen: 149622K->55095K(175104K)] 507644K->413352K(699392K), 0.0221265 secs] [Times: user=0.22 sys=0.00, real=0.02 secs] 
2016-09-15T12:18:17.771-0400: 315.172: [GC (GCLocker Initiated GC) [PSYoungGen: 143159K->49408K(175104K)] 519890K->462733K(699392K), 0.0120837 secs] [Times: user=0.13 sys=0.00, real=0.01 secs] 
2016-09-15T12:18:17.972-0400: 315.373: [GC (Allocation Failure) [PSYoungGen: 137472K->55223K(175104K)] 551411K->499828K(699392K), 0.0107409 secs] [Times: user=0.09 sys=0.00, real=0.01 secs] 
2016-09-15T12:18:18.133-0400: 315.533: [GC (GCLocker Initiated GC) [PSYoungGen: 141168K->67341K(175104K)] 591849K->518265K(699392K), 0.0161257 secs] [Times: user=0.13 sys=0.01, real=0.02 secs] 
2016-09-15T12:18:18.338-0400: 315.739: [Full GC (Ergonomics) [PSYoungGen: 155405K->0K(175104K)] [ParOldGen: 463418K->48031K(524288K)] 618823K->48031K(699392K), [Metaspace: 44647K->44647K(1087488K)], 0.0874446 secs] [Times: user=0.61 sys=0.01, real=0.08 secs] 
2016-09-15T12:18:18.632-0400: 316.033: [GC (GCLocker Initiated GC) [PSYoungGen: 88064K->85726K(175104K)] 136137K->152024K(699392K), 0.0105180 secs] [Times: user=0.11 sys=0.00, real=0.01 secs] 
2016-09-15T12:18:18.805-0400: 316.205: [GC (GCLocker Initiated GC) [PSYoungGen: 173790K->67629K(175104K)] 240225K->201393K(699392K), 0.0154910 secs] [Times: user=0.21 sys=0.01, real=0.02 secs] 
2016-09-15T12:18:18.996-0400: 316.396: [GC (GCLocker Initiated GC) [PSYoungGen: 155693K->49344K(175104K)] 295797K->220107K(699392K), 0.0083555 secs] [Times: user=0.09 sys=0.00, real=0.01 secs] 
2016-09-15T12:18:19.202-0400: 316.603: [GC (GCLocker Initiated GC) [PSYoungGen: 137408K->55187K(175104K)] 308175K->226229K(699392K), 0.0075333 secs] [Times: user=0.10 sys=0.00, real=0.01 secs] 
2016-09-15T12:18:19.359-0400: 316.760: [GC (Allocation Failure) [PSYoungGen: 143251K->36870K(175104K)] 314509K->208215K(699392K), 0.0115822 secs] [Times: user=0.05 sys=0.01, real=0.01 secs] 
2016-09-15T12:18:19.524-0400: 316.925: [GC (GCLocker Initiated GC) [PSYoungGen: 124703K->55547K(175104K)] 302123K->275791K(699392K), 0.0099158 secs] [Times: user=0.10 sys=0.00, real=0.01 secs] 
2016-09-15T12:18:19.727-0400: 317.128: [GC (GCLocker Initiated GC) [PSYoungGen: 143611K->85758K(175104K)] 369978K->318467K(699392K), 0.0210632 secs] [Times: user=0.24 sys=0.01, real=0.03 secs] 
2016-09-15T12:18:19.970-0400: 317.371: [GC (Allocation Failure) [PSYoungGen: 173822K->55287K(175104K)] 413438K->331472K(699392K), 0.0126059 secs] [Times: user=0.11 sys=0.01, real=0.01 secs] 
2016-09-15T12:18:20.117-0400: 317.518: [GC (GCLocker Initiated GC) [PSYoungGen: 141192K->55711K(175104K)] 423452K->338286K(699392K), 0.0088570 secs] [Times: user=0.13 sys=0.01, real=0.00 secs] 
2016-09-15T12:18:20.300-0400: 317.701: [GC (GCLocker Initiated GC) [PSYoungGen: 143775K->73608K(175104K)] 426398K->356367K(699392K), 0.0098645 secs] [Times: user=0.11 sys=0.00, real=0.01 secs] 
2016-09-15T12:18:20.501-0400: 317.902: [GC (Allocation Failure) [PSYoungGen: 161672K->61426K(175104K)] 444786K->405581K(699392K), 0.0123819 secs] [Times: user=0.15 sys=0.00, real=0.01 secs] 
2016-09-15T12:18:20.684-0400: 318.084: [GC (GCLocker Initiated GC) [PSYoungGen: 145171K->55223K(175104K)] 495401K->405573K(699392K), 0.0101112 secs] [Times: user=0.10 sys=0.01, real=0.01 secs] 
2016-09-15T12:18:20.874-0400: 318.275: [GC (GCLocker Initiated GC) [PSYoungGen: 143287K->55383K(175104K)] 499938K->412333K(699392K), 0.0079018 secs] [Times: user=0.06 sys=0.00, real=0.01 secs] 
2016-09-15T12:18:21.040-0400: 318.440: [GC (Allocation Failure) [PSYoungGen: 143447K->73544K(175104K)] 500752K->431133K(699392K), 0.0206997 secs] [Times: user=0.25 sys=0.00, real=0.02 secs] 
2016-09-15T12:18:21.213-0400: 318.614: [GC (GCLocker Initiated GC) [PSYoungGen: 158385K->55583K(175104K)] 522049K->419498K(699392K), 0.0076190 secs] [Times: user=0.08 sys=0.00, real=0.01 secs] 
2016-09-15T12:18:21.377-0400: 318.778: [GC (Allocation Failure) [PSYoungGen: 143647K->67601K(175104K)] 507805K->431871K(699392K), 0.0275772 secs] [Times: user=0.34 sys=0.00, real=0.02 secs] 
2016-09-15T12:18:21.574-0400: 318.975: [GC (GCLocker Initiated GC) [PSYoungGen: 155665K->67309K(175104K)] 519940K->431852K(699392K), 0.0100817 secs] [Times: user=0.08 sys=0.01, real=0.01 secs] 
2016-09-15T12:18:21.755-0400: 319.155: [GC (GCLocker Initiated GC) [PSYoungGen: 155373K->55255K(143360K)] 526015K->426172K(667648K), 0.0160447 secs] [Times: user=0.15 sys=0.00, real=0.02 secs] 
2016-09-15T12:18:21.915-0400: 319.316: [GC (Allocation Failure) [PSYoungGen: 143319K->67537K(173568K)] 514306K->463115K(697856K), 0.0154643 secs] [Times: user=0.15 sys=0.00, real=0.02 secs] 
2016-09-15T12:18:22.095-0400: 319.496: [GC (GCLocker Initiated GC) [PSYoungGen: 155601K->73644K(173568K)] 551185K->505961K(697856K), 0.0198764 secs] [Times: user=0.22 sys=0.00, real=0.02 secs] 
2016-09-15T12:18:22.325-0400: 319.726: [GC (Allocation Failure) [PSYoungGen: 161708K->49148K(175104K)] 600119K->487818K(699392K), 0.0208538 secs] [Times: user=0.21 sys=0.01, real=0.02 secs] 
2016-09-15T12:18:22.523-0400: 319.923: [GC (Allocation Failure) [PSYoungGen: 131169K->37258K(175104K)] 569839K->506626K(699392K), 0.0139186 secs] [Times: user=0.15 sys=0.00, real=0.02 secs] 
2016-09-15T12:18:22.537-0400: 319.938: [Full GC (Ergonomics) [PSYoungGen: 37258K->0K(175104K)] [ParOldGen: 469368K->36311K(524288K)] 506626K->36311K(699392K), [Metaspace: 44647K->44647K(1087488K)], 0.0655688 secs] [Times: user=0.32 sys=0.00, real=0.06 secs] 
2016-09-15T12:18:22.739-0400: 320.140: [GC (GCLocker Initiated GC) [PSYoungGen: 82843K->79459K(175104K)] 125230K->121846K(699392K), 0.0211269 secs] [Times: user=0.21 sys=0.00, real=0.02 secs] 
2016-09-15T12:18:22.958-0400: 320.359: [GC (GCLocker Initiated GC) [PSYoungGen: 167523K->55419K(175104K)] 216246K->134774K(699392K), 0.0317097 secs] [Times: user=0.30 sys=0.00, real=0.03 secs] 
2016-09-15T12:18:23.190-0400: 320.591: [GC (GCLocker Initiated GC) [PSYoungGen: 143483K->37030K(175104K)] 235657K->160042K(699392K), 0.0172423 secs] [Times: user=0.18 sys=0.00, real=0.01 secs] 
2016-09-15T12:18:23.423-0400: 320.823: [GC (GCLocker Initiated GC) [PSYoungGen: 125094K->36898K(175104K)] 254385K->166268K(699392K), 0.0148536 secs] [Times: user=0.12 sys=0.01, real=0.02 secs] 
2016-09-15T12:18:23.619-0400: 321.019: [GC (GCLocker Initiated GC) [PSYoungGen: 124962K->37325K(175104K)] 266490K->178949K(699392K), 0.0063094 secs] [Times: user=0.07 sys=0.00, real=0.00 secs] 
2016-09-15T12:18:23.816-0400: 321.217: [GC (Allocation Failure) [PSYoungGen: 125389K->73836K(175104K)] 279200K->227961K(699392K), 0.0147176 secs] [Times: user=0.15 sys=0.01, real=0.01 secs] 
2016-09-15T12:18:24.030-0400: 321.430: [GC (GCLocker Initiated GC) [PSYoungGen: 160200K->37130K(175104K)] 320400K->227800K(699392K), 0.0103166 secs] [Times: user=0.09 sys=0.00, real=0.01 secs] 
2016-09-15T12:18:24.216-0400: 321.616: [GC (GCLocker Initiated GC) [PSYoungGen: 125194K->37098K(175104K)] 322255K->234411K(699392K), 0.0213995 secs] [Times: user=0.19 sys=0.01, real=0.02 secs] 
2016-09-15T12:18:24.390-0400: 321.791: [GC (GCLocker Initiated GC) [PSYoungGen: 125162K->85826K(175104K)] 322707K->283646K(699392K), 0.0110714 secs] [Times: user=0.10 sys=0.00, real=0.01 secs] 
2016-09-15T12:18:24.517-0400: 321.918: [GC (GCLocker Initiated GC) [PSYoungGen: 173890K->73580K(175104K)] 371752K->283852K(699392K), 0.0147019 secs] [Times: user=0.12 sys=0.01, real=0.01 secs] 
2016-09-15T12:18:24.699-0400: 322.100: [GC (Allocation Failure) [PSYoungGen: 161644K->49116K(175104K)] 372198K->290328K(699392K), 0.0203606 secs] [Times: user=0.19 sys=0.01, real=0.02 secs] 
2016-09-15T12:18:24.878-0400: 322.279: [GC (GCLocker Initiated GC) [PSYoungGen: 131701K->67373K(175104K)] 378989K->314920K(699392K), 0.0161492 secs] [Times: user=0.16 sys=0.00, real=0.01 secs] 
2016-09-15T12:18:25.059-0400: 322.459: [GC (GCLocker Initiated GC) [PSYoungGen: 155437K->85858K(175104K)] 403048K->339631K(699392K), 0.0265529 secs] [Times: user=0.28 sys=0.00, real=0.02 secs] 
2016-09-15T12:18:25.244-0400: 322.644: [GC (GCLocker Initiated GC) [PSYoungGen: 173922K->55319K(175104K)] 434058K->352212K(699392K), 0.0094872 secs] [Times: user=0.10 sys=0.00, real=0.01 secs] 
2016-09-15T12:18:25.443-0400: 322.843: [GC (GCLocker Initiated GC) [PSYoungGen: 143383K->19132K(175104K)] 458756K->334789K(699392K), 0.0065328 secs] [Times: user=0.05 sys=0.00, real=0.01 secs] 
2016-09-15T12:18:25.649-0400: 323.049: [GC (GCLocker Initiated GC) [PSYoungGen: 107196K->73252K(175104K)] 422906K->389213K(699392K), 0.0226839 secs] [Times: user=0.21 sys=0.00, real=0.02 secs] 
2016-09-15T12:18:25.838-0400: 323.238: [GC (GCLocker Initiated GC) [PSYoungGen: 161316K->79751K(175104K)] 477325K->426262K(699392K), 0.0203538 secs] [Times: user=0.20 sys=0.00, real=0.02 secs] 
2016-09-15T12:18:26.018-0400: 323.419: [GC (Allocation Failure) [PSYoungGen: 167815K->49080K(175104K)] 514368K->450591K(699392K), 0.0261909 secs] [Times: user=0.28 sys=0.00, real=0.02 secs] 
2016-09-15T12:18:26.227-0400: 323.627: [GC (GCLocker Initiated GC) [PSYoungGen: 137144K->61198K(175104K)] 538661K->499292K(699392K), 0.0237186 secs] [Times: user=0.28 sys=0.00, real=0.03 secs] 
2016-09-15T12:18:26.459-0400: 323.859: [GC (GCLocker Initiated GC) [PSYoungGen: 149262K->37357K(175104K)] 599811K->488003K(699392K), 0.0083418 secs] [Times: user=0.08 sys=0.00, real=0.00 secs] 
2016-09-15T12:18:26.634-0400: 324.035: [GC (GCLocker Initiated GC) [PSYoungGen: 125421K->67537K(175104K)] 576198K->518573K(699392K), 0.0241383 secs] [Times: user=0.24 sys=0.00, real=0.03 secs] 
2016-09-15T12:18:26.835-0400: 324.235: [GC (GCLocker Initiated GC) [PSYoungGen: 155601K->55159K(175104K)] 606690K->524568K(699392K), 0.0303465 secs] [Times: user=0.28 sys=0.01, real=0.03 secs] 
2016-09-15T12:18:26.865-0400: 324.266: [Full GC (Ergonomics) [PSYoungGen: 55159K->0K(175104K)] [ParOldGen: 469409K->42086K(524288K)] 524568K->42086K(699392K), [Metaspace: 44661K->44661K(1087488K)], 0.0696101 secs] [Times: user=0.41 sys=0.01, real=0.07 secs] 
2016-09-15T12:18:27.087-0400: 324.488: [GC (GCLocker Initiated GC) [PSYoungGen: 88064K->86402K(175104K)] 130332K->140820K(699392K), 0.0173040 secs] [Times: user=0.20 sys=0.01, real=0.02 secs] 
2016-09-15T12:18:27.260-0400: 324.660: [GC (GCLocker Initiated GC) [PSYoungGen: 174466K->67501K(175104K)] 228932K->202105K(699392K), 0.0148196 secs] [Times: user=0.18 sys=0.00, real=0.01 secs] 
2016-09-15T12:18:27.435-0400: 324.835: [GC (GCLocker Initiated GC) [PSYoungGen: 155565K->85822K(175104K)] 290201K->232915K(699392K), 0.0094539 secs] [Times: user=0.13 sys=0.00, real=0.01 secs] 
2016-09-15T12:18:27.616-0400: 325.016: [GC (GCLocker Initiated GC) [PSYoungGen: 173886K->85790K(175104K)] 321033K->245386K(699392K), 0.0108275 secs] [Times: user=0.13 sys=0.00, real=0.00 secs] 
2016-09-15T12:18:27.793-0400: 325.194: [GC (GCLocker Initiated GC) [PSYoungGen: 173854K->79651K(175104K)] 333620K->282266K(699392K), 0.0157588 secs] [Times: user=0.15 sys=0.00, real=0.02 secs] 
2016-09-15T12:18:28.212-0400: 325.613: [GC (Allocation Failure) [PSYoungGen: 167715K->18965K(175104K)] 370449K->264468K(699392K), 0.0072414 secs] [Times: user=0.07 sys=0.00, real=0.01 secs] 
2016-09-15T12:18:28.812-0400: 326.213: [GC (Allocation Failure) [PSYoungGen: 107029K->18737K(175104K)] 352532K->264594K(699392K), 0.0138288 secs] [Times: user=0.12 sys=0.00, real=0.01 secs] 
