Java HotSpot(TM) 64-Bit Server VM (25.101-b13) for linux-amd64 JRE (1.8.0_101-b13), built on Jun 22 2016 02:59:44 by "java_re" with gcc 4.3.0 20080428 (Red Hat 4.3.0-8)
Memory: 4k page, physical 264122320k(94361244k free), swap 268399612k(268399612k free)
CommandLine flags: -XX:GCLogFileSize=1048576 -XX:+HeapDumpOnOutOfMemoryError -XX:HeapDumpPath=artifacts/heapdump -XX:InitialHeapSize=805306368 -XX:MaxHeapSize=805306368 -XX:NumberOfGCLogFiles=10 -XX:+PrintGC -XX:+PrintGCDateStamps -XX:+PrintGCDetails -XX:+PrintGCTimeStamps -XX:+UseCompressedClassPointers -XX:+UseCompressedOops -XX:+UseGCLogFileRotation -XX:+UseParallelGC 
2016-09-25T22:25:38.240-0400: 2.204: [GC (Metadata GC Threshold) [PSYoungGen: 117966K->15579K(229376K)] 117966K->15659K(753664K), 0.0188503 secs] [Times: user=0.11 sys=0.04, real=0.02 secs] 
2016-09-25T22:25:38.259-0400: 2.223: [Full GC (Metadata GC Threshold) [PSYoungGen: 15579K->0K(229376K)] [ParOldGen: 80K->14603K(344064K)] 15659K->14603K(573440K), [Metaspace: 21072K->21072K(1067008K)], 0.0380228 secs] [Times: user=0.32 sys=0.00, real=0.04 secs] 
2016-09-25T22:25:40.088-0400: 4.052: [GC (Metadata GC Threshold) [PSYoungGen: 126627K->15175K(229376K)] 141230K->29914K(573440K), 0.0162215 secs] [Times: user=0.11 sys=0.02, real=0.02 secs] 
2016-09-25T22:25:40.104-0400: 4.068: [Full GC (Metadata GC Threshold) [PSYoungGen: 15175K->0K(229376K)] [ParOldGen: 14739K->20663K(524288K)] 29914K->20663K(753664K), [Metaspace: 35059K->35059K(1079296K)], 0.0545682 secs] [Times: user=0.49 sys=0.03, real=0.05 secs] 
2016-09-25T22:25:41.734-0400: 5.699: [GC (GCLocker Initiated GC) [PSYoungGen: 196608K->32742K(229376K)] 217275K->78353K(753664K), 0.0171230 secs] [Times: user=0.21 sys=0.01, real=0.01 secs] 
2016-09-25T22:25:41.925-0400: 5.889: [GC (GCLocker Initiated GC) [PSYoungGen: 229350K->32765K(229376K)] 280599K->127459K(753664K), 0.0090547 secs] [Times: user=0.12 sys=0.03, real=0.01 secs] 
2016-09-25T22:25:42.054-0400: 6.018: [GC (GCLocker Initiated GC) [PSYoungGen: 229373K->31665K(228352K)] 329541K->153440K(752640K), 0.0180130 secs] [Times: user=0.25 sys=0.01, real=0.02 secs] 
2016-09-25T22:25:42.166-0400: 6.130: [GC (GCLocker Initiated GC) [PSYoungGen: 228273K->33775K(121856K)] 350230K->213360K(646144K), 0.0125547 secs] [Times: user=0.17 sys=0.05, real=0.01 secs] 
2016-09-25T22:25:42.232-0400: 6.196: [GC (GCLocker Initiated GC) [PSYoungGen: 121839K->70677K(175104K)] 312299K->261145K(699392K), 0.0099161 secs] [Times: user=0.16 sys=0.00, real=0.01 secs] 
2016-09-25T22:25:42.285-0400: 6.249: [GC (GCLocker Initiated GC) [PSYoungGen: 158741K->85121K(175104K)] 349313K->311471K(699392K), 0.0110258 secs] [Times: user=0.13 sys=0.04, real=0.01 secs] 
2016-09-25T22:25:42.336-0400: 6.301: [GC (GCLocker Initiated GC) [PSYoungGen: 173185K->84675K(175104K)] 405407K->322948K(699392K), 0.0077788 secs] [Times: user=0.10 sys=0.01, real=0.01 secs] 
2016-09-25T22:25:42.394-0400: 6.358: [GC (GCLocker Initiated GC) [PSYoungGen: 172739K->38544K(175104K)] 411071K->317725K(699392K), 0.0082947 secs] [Times: user=0.10 sys=0.02, real=0.02 secs] 
2016-09-25T22:25:42.441-0400: 6.405: [GC (GCLocker Initiated GC) [PSYoungGen: 126608K->66906K(175104K)] 408674K->376379K(699392K), 0.0107345 secs] [Times: user=0.17 sys=0.01, real=0.01 secs] 
2016-09-25T22:25:42.489-0400: 6.453: [GC (GCLocker Initiated GC) [PSYoungGen: 154970K->55993K(175104K)] 472729K->387492K(699392K), 0.0067448 secs] [Times: user=0.09 sys=0.00, real=0.01 secs] 
2016-09-25T22:25:42.549-0400: 6.513: [GC (GCLocker Initiated GC) [PSYoungGen: 144057K->53403K(175104K)] 482424K->409586K(699392K), 0.0077437 secs] [Times: user=0.12 sys=0.01, real=0.01 secs] 
2016-09-25T22:25:42.599-0400: 6.563: [GC (GCLocker Initiated GC) [PSYoungGen: 141467K->61504K(175104K)] 507142K->427426K(699392K), 0.0102778 secs] [Times: user=0.15 sys=0.00, real=0.01 secs] 
2016-09-25T22:25:42.645-0400: 6.610: [GC (GCLocker Initiated GC) [PSYoungGen: 149568K->72306K(175104K)] 515642K->450786K(699392K), 0.0174206 secs] [Times: user=0.30 sys=0.01, real=0.02 secs] 
2016-09-25T22:25:42.704-0400: 6.668: [GC (GCLocker Initiated GC) [PSYoungGen: 160370K->73686K(175104K)] 538994K->472798K(699392K), 0.0096978 secs] [Times: user=0.10 sys=0.05, real=0.00 secs] 
2016-09-25T22:25:42.753-0400: 6.717: [GC (GCLocker Initiated GC) [PSYoungGen: 161750K->52117K(175104K)] 566370K->469153K(699392K), 0.0070149 secs] [Times: user=0.10 sys=0.01, real=0.01 secs] 
2016-09-25T22:25:42.800-0400: 6.764: [GC (GCLocker Initiated GC) [PSYoungGen: 140181K->54785K(175104K)] 564039K->505881K(699392K), 0.0085931 secs] [Times: user=0.13 sys=0.02, real=0.01 secs] 
2016-09-25T22:25:42.846-0400: 6.811: [GC (GCLocker Initiated GC) [PSYoungGen: 142849K->56071K(175104K)] 594149K->530609K(699392K), 0.0083141 secs] [Times: user=0.11 sys=0.02, real=0.01 secs] 
2016-09-25T22:25:42.894-0400: 6.858: [Full GC (Ergonomics) [PSYoungGen: 144135K->0K(175104K)] [ParOldGen: 478642K->47908K(524288K)] 622778K->47908K(699392K), [Metaspace: 42851K->42843K(1085440K)], 0.1972854 secs] [Times: user=2.97 sys=0.01, real=0.19 secs] 
2016-09-25T22:25:43.130-0400: 7.094: [GC (GCLocker Initiated GC) [PSYoungGen: 88064K->84550K(175104K)] 138784K->135278K(699392K), 0.0071117 secs] [Times: user=0.10 sys=0.01, real=0.01 secs] 
2016-09-25T22:25:43.179-0400: 7.143: [GC (GCLocker Initiated GC) [PSYoungGen: 172614K->34471K(175104K)] 227648K->118212K(699392K), 0.0283526 secs] [Times: user=0.37 sys=0.00, real=0.03 secs] 
2016-09-25T22:25:43.249-0400: 7.213: [GC (GCLocker Initiated GC) [PSYoungGen: 122535K->49336K(175104K)] 214469K->165883K(699392K), 0.0075568 secs] [Times: user=0.12 sys=0.02, real=0.01 secs] 
2016-09-25T22:25:43.296-0400: 7.260: [GC (GCLocker Initiated GC) [PSYoungGen: 137400K->45271K(175104K)] 262126K->195949K(699392K), 0.0060302 secs] [Times: user=0.08 sys=0.00, real=0.01 secs] 
2016-09-25T22:25:43.345-0400: 7.309: [GC (GCLocker Initiated GC) [PSYoungGen: 133335K->68255K(175104K)] 286790K->224681K(699392K), 0.0060527 secs] [Times: user=0.11 sys=0.00, real=0.00 secs] 
2016-09-25T22:25:43.387-0400: 7.351: [GC (GCLocker Initiated GC) [PSYoungGen: 156319K->85850K(175104K)] 312853K->258879K(699392K), 0.0078811 secs] [Times: user=0.11 sys=0.01, real=0.01 secs] 
2016-09-25T22:25:43.428-0400: 7.392: [GC (GCLocker Initiated GC) [PSYoungGen: 173914K->76432K(175104K)] 346960K->282142K(699392K), 0.0083076 secs] [Times: user=0.14 sys=0.00, real=0.01 secs] 
2016-09-25T22:25:43.483-0400: 7.448: [GC (GCLocker Initiated GC) [PSYoungGen: 164496K->73590K(175104K)] 375765K->294608K(699392K), 0.0072769 secs] [Times: user=0.11 sys=0.00, real=0.00 secs] 
2016-09-25T22:25:43.535-0400: 7.499: [GC (GCLocker Initiated GC) [PSYoungGen: 161654K->58971K(175104K)] 382790K->295228K(699392K), 0.0073052 secs] [Times: user=0.10 sys=0.00, real=0.00 secs] 
2016-09-25T22:25:43.591-0400: 7.556: [GC (GCLocker Initiated GC) [PSYoungGen: 147035K->22356K(175104K)] 396874K->283403K(699392K), 0.0236287 secs] [Times: user=0.31 sys=0.01, real=0.03 secs] 
2016-09-25T22:25:43.657-0400: 7.621: [GC (GCLocker Initiated GC) [PSYoungGen: 110420K->63126K(175104K)] 391835K->361210K(699392K), 0.0068421 secs] [Times: user=0.09 sys=0.00, real=0.01 secs] 
2016-09-25T22:25:43.709-0400: 7.673: [GC (GCLocker Initiated GC) [PSYoungGen: 151190K->54916K(175104K)] 460260K->372584K(699392K), 0.0059687 secs] [Times: user=0.07 sys=0.01, real=0.01 secs] 
2016-09-25T22:25:43.770-0400: 7.734: [GC (GCLocker Initiated GC) [PSYoungGen: 142980K->53420K(175104K)] 468887K->379699K(699392K), 0.0064007 secs] [Times: user=0.08 sys=0.00, real=0.01 secs] 
2016-09-25T22:25:43.815-0400: 7.780: [GC (GCLocker Initiated GC) [PSYoungGen: 141484K->49360K(175104K)] 473336K->391096K(699392K), 0.0061127 secs] [Times: user=0.06 sys=0.00, real=0.00 secs] 
2016-09-25T22:25:43.854-0400: 7.818: [GC (GCLocker Initiated GC) [PSYoungGen: 137424K->60444K(175104K)] 485366K->428980K(699392K), 0.0071755 secs] [Times: user=0.12 sys=0.00, real=0.01 secs] 
2016-09-25T22:25:43.899-0400: 7.863: [GC (GCLocker Initiated GC) [PSYoungGen: 148508K->52120K(175104K)] 526470K->430478K(699392K), 0.0069654 secs] [Times: user=0.06 sys=0.00, real=0.01 secs] 
2016-09-25T22:25:43.950-0400: 7.914: [GC (GCLocker Initiated GC) [PSYoungGen: 140184K->41352K(175104K)] 521288K->439061K(699392K), 0.0056090 secs] [Times: user=0.06 sys=0.00, real=0.01 secs] 
2016-09-25T22:25:43.992-0400: 7.956: [GC (GCLocker Initiated GC) [PSYoungGen: 129416K->64256K(175104K)] 529854K->465130K(699392K), 0.0063359 secs] [Times: user=0.08 sys=0.00, real=0.01 secs] 
2016-09-25T22:25:44.040-0400: 8.004: [GC (GCLocker Initiated GC) [PSYoungGen: 152320K->60380K(174080K)] 561538K->478064K(698368K), 0.0085366 secs] [Times: user=0.12 sys=0.00, real=0.01 secs] 
2016-09-25T22:25:44.092-0400: 8.056: [GC (GCLocker Initiated GC) [PSYoungGen: 148444K->53442K(141824K)] 566134K->487752K(666112K), 0.0073943 secs] [Times: user=0.09 sys=0.01, real=0.01 secs] 
2016-09-25T22:25:44.130-0400: 8.094: [GC (GCLocker Initiated GC) [PSYoungGen: 141506K->76580K(170496K)] 575950K->512718K(694784K), 0.0177800 secs] [Times: user=0.16 sys=0.00, real=0.02 secs] 
2016-09-25T22:25:44.190-0400: 8.154: [GC (GCLocker Initiated GC) [PSYoungGen: 163108K->50674K(173568K)] 604766K->511660K(697856K), 0.0132793 secs] [Times: user=0.15 sys=0.00, real=0.02 secs] 
2016-09-25T22:25:44.241-0400: 8.205: [GC (GCLocker Initiated GC) [PSYoungGen: 137202K->61652K(172032K)] 598324K->540744K(696320K), 0.0074026 secs] [Times: user=0.09 sys=0.00, real=0.01 secs] 
2016-09-25T22:25:44.291-0400: 8.255: [GC (GCLocker Initiated GC) [PSYoungGen: 149716K->69780K(173568K)] 633066K->553575K(697856K), 0.0068097 secs] [Times: user=0.07 sys=0.00, real=0.01 secs] 
2016-09-25T22:25:44.339-0400: 8.304: [GC (GCLocker Initiated GC) [PSYoungGen: 157844K->65748K(175104K)] 647154K->566404K(699392K), 0.0083755 secs] [Times: user=0.08 sys=0.01, real=0.01 secs] 
2016-09-25T22:25:44.348-0400: 8.312: [Full GC (Ergonomics) [PSYoungGen: 65748K->0K(175104K)] [ParOldGen: 500656K->72413K(524288K)] 566404K->72413K(699392K), [Metaspace: 43163K->43163K(1085440K)], 0.0583653 secs] [Times: user=0.62 sys=0.00, real=0.06 secs] 
2016-09-25T22:25:44.452-0400: 8.416: [GC (GCLocker Initiated GC) [PSYoungGen: 88064K->75422K(175104K)] 166120K->153478K(699392K), 0.0064415 secs] [Times: user=0.09 sys=0.00, real=0.01 secs] 
2016-09-25T22:25:44.497-0400: 8.461: [GC (GCLocker Initiated GC) [PSYoungGen: 163486K->49612K(175104K)] 248345K->159439K(699392K), 0.0066909 secs] [Times: user=0.10 sys=0.00, real=0.01 secs] 
2016-09-25T22:25:44.542-0400: 8.507: [GC (GCLocker Initiated GC) [PSYoungGen: 137676K->57602K(145920K)] 250865K->192845K(670208K), 0.0066339 secs] [Times: user=0.09 sys=0.00, real=0.00 secs] 
2016-09-25T22:25:44.585-0400: 8.549: [GC (GCLocker Initiated GC) [PSYoungGen: 145666K->68370K(174080K)] 283782K->224434K(698368K), 0.0076909 secs] [Times: user=0.10 sys=0.00, real=0.00 secs] 
2016-09-25T22:25:44.627-0400: 8.592: [GC (GCLocker Initiated GC) [PSYoungGen: 155922K->64320K(174592K)] 316076K->253206K(698880K), 0.0079687 secs] [Times: user=0.11 sys=0.01, real=0.01 secs] 
2016-09-25T22:25:44.681-0400: 8.645: [GC (GCLocker Initiated GC) [PSYoungGen: 151872K->52234K(173568K)] 348925K->267211K(697856K), 0.0063022 secs] [Times: user=0.08 sys=0.00, real=0.01 secs] 
2016-09-25T22:25:44.728-0400: 8.692: [GC (GCLocker Initiated GC) [PSYoungGen: 141322K->59062K(174080K)] 359111K->302947K(698368K), 0.0081304 secs] [Times: user=0.09 sys=0.00, real=0.01 secs] 
2016-09-25T22:25:44.781-0400: 8.746: [GC (GCLocker Initiated GC) [PSYoungGen: 148150K->68448K(174080K)] 397645K->336021K(698368K), 0.0128281 secs] [Times: user=0.16 sys=0.01, real=0.02 secs] 
2016-09-25T22:25:44.841-0400: 8.805: [GC (GCLocker Initiated GC) [PSYoungGen: 160096K->65827K(175104K)] 435845K->354210K(699392K), 0.0066417 secs] [Times: user=0.10 sys=0.00, real=0.01 secs] 
2016-09-25T22:25:44.887-0400: 8.851: [GC (GCLocker Initiated GC) [PSYoungGen: 157475K->71117K(176128K)] 450016K->377681K(700416K), 0.0073396 secs] [Times: user=0.11 sys=0.00, real=0.01 secs] 
2016-09-25T22:25:44.930-0400: 8.895: [GC (GCLocker Initiated GC) [PSYoungGen: 164301K->83252K(176640K)] 470955K->398427K(700928K), 0.0076220 secs] [Times: user=0.11 sys=0.00, real=0.01 secs] 
2016-09-25T22:25:45.006-0400: 8.970: [GC (GCLocker Initiated GC) [PSYoungGen: 176436K->76644K(173568K)] 491741K->411231K(697856K), 0.0082315 secs] [Times: user=0.09 sys=0.00, real=0.01 secs] 
2016-09-25T22:25:45.060-0400: 9.024: [GC (GCLocker Initiated GC) [PSYoungGen: 164708K->44098K(175104K)] 508820K->406280K(699392K), 0.0055707 secs] [Times: user=0.06 sys=0.00, real=0.01 secs] 
2016-09-25T22:25:45.106-0400: 9.070: [GC (GCLocker Initiated GC) [PSYoungGen: 132162K->59062K(175104K)] 497095K->435261K(699392K), 0.0063640 secs] [Times: user=0.07 sys=0.00, real=0.00 secs] 
2016-09-25T22:25:45.149-0400: 9.113: [GC (GCLocker Initiated GC) [PSYoungGen: 147126K->73894K(175104K)] 528917K->476405K(699392K), 0.0078313 secs] [Times: user=0.10 sys=0.00, real=0.01 secs] 
2016-09-25T22:25:45.193-0400: 9.157: [GC (GCLocker Initiated GC) [PSYoungGen: 161958K->84570K(175104K)] 571389K->502528K(699392K), 0.0074834 secs] [Times: user=0.11 sys=0.00, real=0.01 secs] 
2016-09-25T22:25:45.240-0400: 9.204: [GC (GCLocker Initiated GC) [PSYoungGen: 172634K->46848K(175104K)] 599587K->505253K(699392K), 0.0076426 secs] [Times: user=0.12 sys=0.00, real=0.01 secs] 
2016-09-25T22:25:45.287-0400: 9.251: [GC (GCLocker Initiated GC) [PSYoungGen: 134912K->69816K(175104K)] 596062K->532751K(699392K), 0.0064744 secs] [Times: user=0.10 sys=0.00, real=0.00 secs] 
2016-09-25T22:25:45.325-0400: 9.289: [GC (GCLocker Initiated GC) [PSYoungGen: 157880K->83284K(175104K)] 623579K->552153K(699392K), 0.0079803 secs] [Times: user=0.13 sys=0.00, real=0.00 secs] 
2016-09-25T22:25:45.370-0400: 9.334: [GC (GCLocker Initiated GC) [PSYoungGen: 171348K->50866K(175104K)] 640279K->560758K(699392K), 0.0085361 secs] [Times: user=0.09 sys=0.01, real=0.01 secs] 
2016-09-25T22:25:45.379-0400: 9.343: [Full GC (Ergonomics) [PSYoungGen: 50866K->0K(175104K)] [ParOldGen: 509892K->70723K(524288K)] 560758K->70723K(699392K), [Metaspace: 43204K->43204K(1085440K)], 0.0589040 secs] [Times: user=0.49 sys=0.00, real=0.06 secs] 
2016-09-25T22:25:45.482-0400: 9.447: [GC (GCLocker Initiated GC) [PSYoungGen: 88064K->56380K(175104K)] 161529K->129853K(699392K), 0.0061372 secs] [Times: user=0.07 sys=0.00, real=0.00 secs] 
2016-09-25T22:25:45.533-0400: 9.497: [GC (GCLocker Initiated GC) [PSYoungGen: 144444K->54980K(175104K)] 220653K->137238K(699392K), 0.0064562 secs] [Times: user=0.07 sys=0.00, real=0.01 secs] 
2016-09-25T22:25:45.577-0400: 9.541: [GC (GCLocker Initiated GC) [PSYoungGen: 143044K->84712K(175104K)] 228156K->177122K(699392K), 0.0084075 secs] [Times: user=0.13 sys=0.00, real=0.01 secs] 
2016-09-25T22:25:45.622-0400: 9.587: [GC (GCLocker Initiated GC) [PSYoungGen: 172776K->72466K(175104K)] 268000K->188448K(699392K), 0.0068547 secs] [Times: user=0.10 sys=0.00, real=0.00 secs] 
2016-09-25T22:25:45.675-0400: 9.639: [GC (GCLocker Initiated GC) [PSYoungGen: 160530K->44084K(175104K)] 284697K->214614K(699392K), 0.0069183 secs] [Times: user=0.09 sys=0.00, real=0.00 secs] 
2016-09-25T22:25:45.717-0400: 9.682: [GC (GCLocker Initiated GC) [PSYoungGen: 132148K->71226K(175104K)] 308119K->247608K(699392K), 0.0071428 secs] [Times: user=0.08 sys=0.01, real=0.01 secs] 
2016-09-25T22:25:45.764-0400: 9.729: [GC (GCLocker Initiated GC) [PSYoungGen: 159290K->75166K(175104K)] 341152K->264304K(699392K), 0.0071026 secs] [Times: user=0.10 sys=0.00, real=0.00 secs] 
2016-09-25T22:25:45.816-0400: 9.780: [GC (GCLocker Initiated GC) [PSYoungGen: 163230K->61620K(175104K)] 352525K->262123K(699392K), 0.0092282 secs] [Times: user=0.06 sys=0.00, real=0.01 secs] 
2016-09-25T22:25:45.862-0400: 9.826: [GC (GCLocker Initiated GC) [PSYoungGen: 149684K->59016K(175104K)] 355801K->295287K(699392K), 0.0077387 secs] [Times: user=0.10 sys=0.00, real=0.01 secs] 
2016-09-25T22:25:45.906-0400: 9.870: [GC (GCLocker Initiated GC) [PSYoungGen: 147080K->84712K(175104K)] 388900K->331048K(699392K), 0.0081666 secs] [Times: user=0.11 sys=0.00, real=0.00 secs] 
2016-09-25T22:25:45.951-0400: 9.916: [GC (GCLocker Initiated GC) [PSYoungGen: 172776K->73944K(175104K)] 429998K->342434K(699392K), 0.0096251 secs] [Times: user=0.14 sys=0.00, real=0.01 secs] 
2016-09-25T22:25:46.004-0400: 9.968: [GC (GCLocker Initiated GC) [PSYoungGen: 162008K->68448K(175104K)] 438849K->360639K(699392K), 0.0078475 secs] [Times: user=0.11 sys=0.00, real=0.00 secs] 
2016-09-25T22:25:46.052-0400: 10.016: [GC (GCLocker Initiated GC) [PSYoungGen: 156512K->69720K(175104K)] 448762K->365114K(699392K), 0.0067671 secs] [Times: user=0.09 sys=0.01, real=0.01 secs] 
2016-09-25T22:25:46.094-0400: 10.058: [GC (GCLocker Initiated GC) [PSYoungGen: 157784K->70036K(175104K)] 454563K->367172K(699392K), 0.0076728 secs] [Times: user=0.08 sys=0.01, real=0.00 secs] 
2016-09-25T22:25:46.140-0400: 10.105: [GC (GCLocker Initiated GC) [PSYoungGen: 158100K->67098K(175104K)] 468843K->389250K(699392K), 0.0068884 secs] [Times: user=0.08 sys=0.01, real=0.01 secs] 
2016-09-25T22:25:46.185-0400: 10.150: [GC (GCLocker Initiated GC) [PSYoungGen: 155162K->64380K(175104K)] 482808K->399247K(699392K), 0.0077306 secs] [Times: user=0.06 sys=0.00, real=0.00 secs] 
2016-09-25T22:25:46.233-0400: 10.197: [GC (GCLocker Initiated GC) [PSYoungGen: 152444K->61698K(175104K)] 492957K->417465K(699392K), 0.0135989 secs] [Times: user=0.15 sys=0.00, real=0.02 secs] 
2016-09-25T22:25:46.283-0400: 10.247: [GC (GCLocker Initiated GC) [PSYoungGen: 149762K->73848K(175104K)] 505561K->431473K(699392K), 0.0107351 secs] [Times: user=0.11 sys=0.00, real=0.00 secs] 
2016-09-25T22:25:46.332-0400: 10.296: [GC (GCLocker Initiated GC) [PSYoungGen: 161912K->76594K(175104K)] 530585K->445735K(699392K), 0.0074084 secs] [Times: user=0.11 sys=0.00, real=0.01 secs] 
2016-09-25T22:25:46.381-0400: 10.345: [GC (GCLocker Initiated GC) [PSYoungGen: 164658K->80506K(175104K)] 533843K->467722K(699392K), 0.0085335 secs] [Times: user=0.13 sys=0.00, real=0.01 secs] 
2016-09-25T22:25:46.429-0400: 10.393: [GC (GCLocker Initiated GC) [PSYoungGen: 168570K->64398K(175104K)] 561262K->473606K(699392K), 0.0101192 secs] [Times: user=0.08 sys=0.00, real=0.01 secs] 
2016-09-25T22:25:46.475-0400: 10.439: [GC (GCLocker Initiated GC) [PSYoungGen: 152462K->67098K(175104K)] 564445K->493094K(699392K), 0.0070117 secs] [Times: user=0.08 sys=0.00, real=0.01 secs] 
2016-09-25T22:25:46.513-0400: 10.477: [GC (GCLocker Initiated GC) [PSYoungGen: 155162K->64416K(175104K)] 581444K->518226K(699392K), 0.0079411 secs] [Times: user=0.11 sys=0.00, real=0.01 secs] 
2016-09-25T22:25:46.554-0400: 10.518: [GC (GCLocker Initiated GC) [PSYoungGen: 152480K->68402K(172032K)] 606402K->545756K(696320K), 0.0083913 secs] [Times: user=0.11 sys=0.01, real=0.02 secs] 
2016-09-25T22:25:46.600-0400: 10.564: [GC (GCLocker Initiated GC) [PSYoungGen: 156466K->65702K(173568K)] 633944K->573278K(697856K), 0.0076832 secs] [Times: user=0.10 sys=0.00, real=0.01 secs] 
2016-09-25T22:25:46.608-0400: 10.572: [Full GC (Ergonomics) [PSYoungGen: 65702K->0K(173568K)] [ParOldGen: 507575K->79005K(524288K)] 573278K->79005K(697856K), [Metaspace: 43291K->43291K(1085440K)], 0.0469522 secs] [Times: user=0.41 sys=0.00, real=0.05 secs] 
2016-09-25T22:25:46.691-0400: 10.655: [GC (GCLocker Initiated GC) [PSYoungGen: 88064K->83696K(172544K)] 167238K->168270K(696832K), 0.0095953 secs] [Times: user=0.12 sys=0.00, real=0.01 secs] 
2016-09-25T22:25:46.737-0400: 10.702: [GC (GCLocker Initiated GC) [PSYoungGen: 171760K->54915K(175104K)] 263157K->156542K(699392K), 0.0069558 secs] [Times: user=0.06 sys=0.00, real=0.01 secs] 
2016-09-25T22:25:46.780-0400: 10.744: [GC (GCLocker Initiated GC) [PSYoungGen: 142979K->86029K(175104K)] 247390K->190947K(699392K), 0.0073703 secs] [Times: user=0.11 sys=0.00, real=0.01 secs] 
2016-09-25T22:25:46.822-0400: 10.786: [GC (GCLocker Initiated GC) [PSYoungGen: 174093K->72465K(175104K)] 281854K->204970K(699392K), 0.0071997 secs] [Times: user=0.10 sys=0.00, real=0.01 secs] 
2016-09-25T22:25:46.866-0400: 10.830: [GC (GCLocker Initiated GC) [PSYoungGen: 160529K->71115K(175104K)] 295784K->236529K(699392K), 0.0075973 secs] [Times: user=0.10 sys=0.00, real=0.00 secs] 
2016-09-25T22:25:46.914-0400: 10.878: [GC (GCLocker Initiated GC) [PSYoungGen: 159179K->73802K(175104K)] 324711K->251886K(699392K), 0.0077879 secs] [Times: user=0.10 sys=0.00, real=0.01 secs] 
2016-09-25T22:25:46.957-0400: 10.921: [GC (GCLocker Initiated GC) [PSYoungGen: 161866K->67193K(175104K)] 342871K->271587K(699392K), 0.0071384 secs] [Times: user=0.11 sys=0.00, real=0.01 secs] 
2016-09-25T22:25:47.001-0400: 10.965: [GC (GCLocker Initiated GC) [PSYoungGen: 155257K->83311K(175104K)] 365236K->312705K(699392K), 0.0078209 secs] [Times: user=0.11 sys=0.00, real=0.01 secs] 
2016-09-25T22:25:47.051-0400: 11.015: [GC (GCLocker Initiated GC) [PSYoungGen: 171375K->54929K(175104K)] 419769K->311880K(699392K), 0.0064388 secs] [Times: user=0.09 sys=0.00, real=0.01 secs] 
2016-09-25T22:25:47.103-0400: 11.067: [GC (GCLocker Initiated GC) [PSYoungGen: 142993K->67189K(175104K)] 420317K->347702K(699392K), 0.0062660 secs] [Times: user=0.09 sys=0.00, real=0.00 secs] 
2016-09-25T22:25:47.147-0400: 11.111: [GC (GCLocker Initiated GC) [PSYoungGen: 155253K->65669K(175104K)] 442536K->380433K(699392K), 0.0074881 secs] [Times: user=0.10 sys=0.00, real=0.01 secs] 
2016-09-25T22:25:47.192-0400: 11.156: [GC (GCLocker Initiated GC) [PSYoungGen: 153733K->56123K(175104K)] 471448K->378286K(699392K), 0.0063238 secs] [Times: user=0.05 sys=0.01, real=0.01 secs] 
2016-09-25T22:25:47.240-0400: 11.204: [GC (GCLocker Initiated GC) [PSYoungGen: 144187K->67129K(175104K)] 476857K->401546K(699392K), 0.0063736 secs] [Times: user=0.08 sys=0.00, real=0.01 secs] 
2016-09-25T22:25:47.284-0400: 11.248: [GC (GCLocker Initiated GC) [PSYoungGen: 155193K->60205K(175104K)] 495053K->419489K(699392K), 0.0075144 secs] [Times: user=0.10 sys=0.00, real=0.00 secs] 
2016-09-25T22:25:47.331-0400: 11.295: [GC (GCLocker Initiated GC) [PSYoungGen: 148269K->71083K(174080K)] 512988K->437526K(698368K), 0.0069418 secs] [Times: user=0.09 sys=0.00, real=0.01 secs] 
2016-09-25T22:25:47.379-0400: 11.343: [GC (GCLocker Initiated GC) [PSYoungGen: 159147K->68415K(174592K)] 528366K->440769K(698880K), 0.0096518 secs] [Times: user=0.14 sys=0.00, real=0.01 secs] 
2016-09-25T22:25:47.430-0400: 11.394: [GC (GCLocker Initiated GC) [PSYoungGen: 156479K->50833K(173568K)] 528889K->438536K(697856K), 0.0092569 secs] [Times: user=0.12 sys=0.00, real=0.01 secs] 
2016-09-25T22:25:47.476-0400: 11.440: [GC (GCLocker Initiated GC) [PSYoungGen: 139409K->79234K(174592K)] 527175K->472835K(698880K), 0.0074719 secs] [Times: user=0.11 sys=0.00, real=0.01 secs] 
2016-09-25T22:25:47.520-0400: 11.484: [GC (GCLocker Initiated GC) [PSYoungGen: 167810K->75262K(175104K)] 564176K->513947K(699392K), 0.0084707 secs] [Times: user=0.13 sys=0.00, real=0.01 secs] 
2016-09-25T22:25:47.564-0400: 11.528: [GC (GCLocker Initiated GC) [PSYoungGen: 163326K->73829K(175104K)] 604920K->529431K(699392K), 0.0079304 secs] [Times: user=0.12 sys=0.00, real=0.00 secs] 
2016-09-25T22:25:47.603-0400: 11.567: [GC (GCLocker Initiated GC) [PSYoungGen: 161893K->73976K(175104K)] 620270K->559788K(699392K), 0.0082031 secs] [Times: user=0.12 sys=0.00, real=0.00 secs] 
2016-09-25T22:25:47.611-0400: 11.575: [Full GC (Ergonomics) [PSYoungGen: 73976K->0K(175104K)] [ParOldGen: 485812K->91316K(524288K)] 559788K->91316K(699392K), [Metaspace: 43317K->43317K(1085440K)], 0.0441129 secs] [Times: user=0.36 sys=0.00, real=0.05 secs] 
2016-09-25T22:25:47.692-0400: 11.656: [GC (GCLocker Initiated GC) [PSYoungGen: 88064K->78282K(175104K)] 183621K->173839K(699392K), 0.0071657 secs] [Times: user=0.10 sys=0.00, real=0.01 secs] 
2016-09-25T22:25:47.736-0400: 11.700: [GC (GCLocker Initiated GC) [PSYoungGen: 166346K->79312K(175104K)] 267389K->183867K(699392K), 0.0070015 secs] [Times: user=0.08 sys=0.00, real=0.01 secs] 
2016-09-25T22:25:47.782-0400: 11.746: [GC (GCLocker Initiated GC) [PSYoungGen: 167376K->61588K(175104K)] 277342K->204453K(699392K), 0.0072388 secs] [Times: user=0.09 sys=0.00, real=0.01 secs] 
2016-09-25T22:25:47.827-0400: 11.791: [GC (GCLocker Initiated GC) [PSYoungGen: 149652K->76579K(175104K)] 295463K->236273K(699392K), 0.0075006 secs] [Times: user=0.10 sys=0.00, real=0.01 secs] 
2016-09-25T22:25:47.872-0400: 11.836: [GC (GCLocker Initiated GC) [PSYoungGen: 164643K->73848K(175104K)] 332598K->246319K(699392K), 0.0071466 secs] [Times: user=0.11 sys=0.00, real=0.01 secs] 
2016-09-25T22:25:47.918-0400: 11.882: [GC (GCLocker Initiated GC) [PSYoungGen: 161912K->80552K(175104K)] 335852K->276567K(699392K), 0.0080476 secs] [Times: user=0.11 sys=0.00, real=0.01 secs] 
2016-09-25T22:25:47.966-0400: 11.930: [GC (GCLocker Initiated GC) [PSYoungGen: 168616K->52247K(175104K)] 367414K->263569K(699392K), 0.0189166 secs] [Times: user=0.27 sys=0.00, real=0.02 secs] 
2016-09-25T22:25:48.025-0400: 11.990: [GC (GCLocker Initiated GC) [PSYoungGen: 140311K->72355K(175104K)] 351711K->293689K(699392K), 0.0095339 secs] [Times: user=0.11 sys=0.00, real=0.01 secs] 
2016-09-25T22:25:48.083-0400: 12.047: [GC (GCLocker Initiated GC) [PSYoungGen: 160419K->49607K(175104K)] 395420K->309289K(699392K), 0.0069535 secs] [Times: user=0.08 sys=0.00, real=0.00 secs] 
2016-09-25T22:25:48.129-0400: 12.093: [GC (GCLocker Initiated GC) [PSYoungGen: 137671K->54837K(175104K)] 402918K->335422K(699392K), 0.0066229 secs] [Times: user=0.07 sys=0.00, real=0.01 secs] 
2016-09-25T22:25:48.170-0400: 12.135: [GC (GCLocker Initiated GC) [PSYoungGen: 142901K->80643K(175104K)] 426312K->364459K(699392K), 0.0072213 secs] [Times: user=0.08 sys=0.00, real=0.01 secs] 
2016-09-25T22:25:48.217-0400: 12.182: [GC (GCLocker Initiated GC) [PSYoungGen: 168707K->80583K(175104K)] 458714K->373819K(699392K), 0.0073730 secs] [Times: user=0.10 sys=0.00, real=0.01 secs] 
2016-09-25T22:25:48.266-0400: 12.230: [GC (GCLocker Initiated GC) [PSYoungGen: 168647K->67065K(175104K)] 468762K->383768K(699392K), 0.0069984 secs] [Times: user=0.10 sys=0.00, real=0.00 secs] 
2016-09-25T22:25:48.312-0400: 12.276: [GC (GCLocker Initiated GC) [PSYoungGen: 155129K->45401K(175104K)] 485415K->385584K(699392K), 0.0060547 secs] [Times: user=0.08 sys=0.00, real=0.01 secs] 
2016-09-25T22:25:48.365-0400: 12.329: [GC (GCLocker Initiated GC) [PSYoungGen: 133465K->41466K(175104K)] 481884K->395732K(699392K), 0.0050127 secs] [Times: user=0.07 sys=0.00, real=0.00 secs] 
2016-09-25T22:25:48.402-0400: 12.366: [GC (GCLocker Initiated GC) [PSYoungGen: 129530K->83348K(175104K)] 483928K->440921K(699392K), 0.0074989 secs] [Times: user=0.10 sys=0.00, real=0.00 secs] 
2016-09-25T22:25:48.440-0400: 12.404: [GC (GCLocker Initiated GC) [PSYoungGen: 171412K->84662K(175104K)] 539839K->469806K(699392K), 0.0085134 secs] [Times: user=0.09 sys=0.00, real=0.01 secs] 
2016-09-25T22:25:48.513-0400: 12.477: [GC (GCLocker Initiated GC) [PSYoungGen: 172726K->46719K(175104K)] 563338K->439115K(699392K), 0.0151628 secs] [Times: user=0.18 sys=0.00, real=0.02 secs] 
2016-09-25T22:25:48.565-0400: 12.529: [GC (GCLocker Initiated GC) [PSYoungGen: 134783K->81810K(175104K)] 527322K->480168K(699392K), 0.0075022 secs] [Times: user=0.11 sys=0.00, real=0.00 secs] 
2016-09-25T22:25:48.614-0400: 12.578: [GC (GCLocker Initiated GC) [PSYoungGen: 169874K->68511K(175104K)] 568397K->488948K(699392K), 0.0168786 secs] [Times: user=0.23 sys=0.01, real=0.02 secs] 
2016-09-25T22:25:48.682-0400: 12.646: [GC (GCLocker Initiated GC) [PSYoungGen: 156575K->39891K(175104K)] 577077K->483826K(699392K), 0.0143514 secs] [Times: user=0.18 sys=0.00, real=0.02 secs] 
2016-09-25T22:25:48.731-0400: 12.695: [GC (GCLocker Initiated GC) [PSYoungGen: 127955K->84821K(175104K)] 574621K->542708K(699392K), 0.0112628 secs] [Times: user=0.16 sys=0.00, real=0.02 secs] 
2016-09-25T22:25:48.789-0400: 12.753: [GC (GCLocker Initiated GC) [PSYoungGen: 172885K->81851K(175104K)] 638876K->549793K(699392K), 0.0103330 secs] [Times: user=0.14 sys=0.00, real=0.01 secs] 
2016-09-25T22:25:48.849-0400: 12.813: [GC (GCLocker Initiated GC) [PSYoungGen: 169915K->76437K(175104K)] 637954K->548945K(699392K), 0.0078150 secs] [Times: user=0.10 sys=0.00, real=0.01 secs] 
2016-09-25T22:25:48.896-0400: 12.860: [GC (GCLocker Initiated GC) [PSYoungGen: 164501K->77883K(175104K)] 637068K->577855K(699392K), 0.0087116 secs] [Times: user=0.12 sys=0.00, real=0.01 secs] 
2016-09-25T22:25:48.905-0400: 12.869: [Full GC (Ergonomics) [PSYoungGen: 77883K->0K(175104K)] [ParOldGen: 499971K->96877K(524288K)] 577855K->96877K(699392K), [Metaspace: 43322K->43322K(1085440K)], 0.0561880 secs] [Times: user=0.43 sys=0.00, real=0.05 secs] 
2016-09-25T22:25:49.005-0400: 12.969: [GC (GCLocker Initiated GC) [PSYoungGen: 88064K->79773K(175104K)] 187880K->179590K(699392K), 0.0123904 secs] [Times: user=0.18 sys=0.00, real=0.01 secs] 
2016-09-25T22:25:49.068-0400: 13.032: [GC (GCLocker Initiated GC) [PSYoungGen: 167837K->73769K(175104K)] 273094K->185331K(699392K), 0.0087895 secs] [Times: user=0.13 sys=0.00, real=0.01 secs] 
2016-09-25T22:25:49.123-0400: 13.087: [GC (GCLocker Initiated GC) [PSYoungGen: 161833K->65715K(175104K)] 273432K->207419K(699392K), 0.0087050 secs] [Times: user=0.12 sys=0.00, real=0.00 secs] 
2016-09-25T22:25:49.172-0400: 13.136: [GC (GCLocker Initiated GC) [PSYoungGen: 153779K->67097K(175104K)] 300980K->218807K(699392K), 0.0181968 secs] [Times: user=0.24 sys=0.01, real=0.02 secs] 
2016-09-25T22:25:49.233-0400: 13.197: [GC (GCLocker Initiated GC) [PSYoungGen: 155161K->73738K(175104K)] 309667K->254345K(699392K), 0.0117615 secs] [Times: user=0.11 sys=0.01, real=0.02 secs] 
2016-09-25T22:25:49.284-0400: 13.248: [GC (GCLocker Initiated GC) [PSYoungGen: 161802K->52343K(175104K)] 342457K->245530K(699392K), 0.0082829 secs] [Times: user=0.06 sys=0.00, real=0.00 secs] 
2016-09-25T22:25:49.329-0400: 13.293: [GC (GCLocker Initiated GC) [PSYoungGen: 140407K->76515K(175104K)] 339118K->281130K(699392K), 0.0075556 secs] [Times: user=0.11 sys=0.00, real=0.01 secs] 
2016-09-25T22:25:49.389-0400: 13.353: [GC (GCLocker Initiated GC) [PSYoungGen: 164579K->52279K(175104K)] 378866K->289967K(699392K), 0.0085780 secs] [Times: user=0.11 sys=0.00, real=0.01 secs] 
2016-09-25T22:25:49.434-0400: 13.399: [GC (GCLocker Initiated GC) [PSYoungGen: 140343K->71056K(175104K)] 378114K->324184K(699392K), 0.0095924 secs] [Times: user=0.12 sys=0.00, real=0.01 secs] 
2016-09-25T22:25:49.493-0400: 13.457: [GC (GCLocker Initiated GC) [PSYoungGen: 159120K->41525K(175104K)] 419100K->339685K(699392K), 0.0095415 secs] [Times: user=0.09 sys=0.00, real=0.02 secs] 
2016-09-25T22:25:49.551-0400: 13.515: [GC (GCLocker Initiated GC) [PSYoungGen: 129589K->64397K(175104K)] 439962K->394207K(699392K), 0.0146368 secs] [Times: user=0.21 sys=0.02, real=0.02 secs] 
2016-09-25T22:25:49.610-0400: 13.574: [GC (GCLocker Initiated GC) [PSYoungGen: 152461K->63016K(175104K)] 486385K->408231K(699392K), 0.0098139 secs] [Times: user=0.11 sys=0.00, real=0.01 secs] 
2016-09-25T22:25:49.668-0400: 13.632: [GC (GCLocker Initiated GC) [PSYoungGen: 151080K->77944K(175104K)] 513987K->441262K(699392K), 0.0066631 secs] [Times: user=0.10 sys=0.00, real=0.01 secs] 
2016-09-25T22:25:49.726-0400: 13.690: [GC (GCLocker Initiated GC) [PSYoungGen: 166008K->61665K(175104K)] 540239K->456620K(699392K), 0.0094607 secs] [Times: user=0.13 sys=0.00, real=0.01 secs] 
2016-09-25T22:25:49.784-0400: 13.748: [GC (GCLocker Initiated GC) [PSYoungGen: 149729K->65715K(175104K)] 552862K->482791K(699392K), 0.0065272 secs] [Times: user=0.08 sys=0.01, real=0.00 secs] 
2016-09-25T22:25:49.831-0400: 13.796: [GC (GCLocker Initiated GC) [PSYoungGen: 153779K->64415K(175104K)] 573701K->511772K(699392K), 0.0114720 secs] [Times: user=0.15 sys=0.01, real=0.02 secs] 
2016-09-25T22:25:49.890-0400: 13.854: [GC (GCLocker Initiated GC) [PSYoungGen: 152479K->52307K(175104K)] 609947K->527770K(699392K), 0.0104294 secs] [Times: user=0.11 sys=0.01, real=0.01 secs] 
2016-09-25T22:25:49.951-0400: 13.915: [GC (GCLocker Initiated GC) [PSYoungGen: 140371K->49424K(175104K)] 618619K->559265K(699392K), 0.0078033 secs] [Times: user=0.10 sys=0.00, real=0.01 secs] 
2016-09-25T22:25:49.959-0400: 13.923: [Full GC (Ergonomics) [PSYoungGen: 49424K->0K(175104K)] [ParOldGen: 509841K->97406K(524288K)] 559265K->97406K(699392K), [Metaspace: 43327K->43327K(1085440K)], 0.0527499 secs] [Times: user=0.42 sys=0.01, real=0.05 secs] 
2016-09-25T22:25:50.056-0400: 14.020: [GC (GCLocker Initiated GC) [PSYoungGen: 88064K->85000K(175104K)] 190965K->193301K(699392K), 0.0113467 secs] [Times: user=0.17 sys=0.01, real=0.01 secs] 
2016-09-25T22:25:50.118-0400: 14.083: [GC (GCLocker Initiated GC) [PSYoungGen: 173064K->61697K(175104K)] 289571K->204658K(699392K), 0.0075135 secs] [Times: user=0.08 sys=0.00, real=0.01 secs] 
2016-09-25T22:25:50.171-0400: 14.135: [GC (GCLocker Initiated GC) [PSYoungGen: 149761K->67207K(175104K)] 309007K->240396K(699392K), 0.0158824 secs] [Times: user=0.18 sys=0.00, real=0.02 secs] 
2016-09-25T22:25:50.225-0400: 14.189: [GC (GCLocker Initiated GC) [PSYoungGen: 155271K->63015K(175104K)] 336703K->249018K(699392K), 0.0081088 secs] [Times: user=0.07 sys=0.00, real=0.00 secs] 
2016-09-25T22:25:50.277-0400: 14.241: [GC (GCLocker Initiated GC) [PSYoungGen: 151079K->69889K(175104K)] 346719K->274048K(699392K), 0.0179558 secs] [Times: user=0.24 sys=0.00, real=0.02 secs] 
2016-09-25T22:25:50.345-0400: 14.309: [GC (GCLocker Initiated GC) [PSYoungGen: 157953K->77806K(175104K)] 364817K->298635K(699392K), 0.0075621 secs] [Times: user=0.11 sys=0.00, real=0.00 secs] 
2016-09-25T22:25:50.392-0400: 14.357: [GC (GCLocker Initiated GC) [PSYoungGen: 165870K->73862K(175104K)] 390868K->300554K(699392K), 0.0066385 secs] [Times: user=0.09 sys=0.00, real=0.01 secs] 
2016-09-25T22:25:50.445-0400: 14.409: [GC (GCLocker Initiated GC) [PSYoungGen: 161926K->62892K(175104K)] 388701K->296874K(699392K), 0.0081796 secs] [Times: user=0.10 sys=0.00, real=0.00 secs] 
2016-09-25T22:25:50.489-0400: 14.453: [GC (GCLocker Initiated GC) [PSYoungGen: 150956K->75261K(175104K)] 385095K->338106K(699392K), 0.0103783 secs] [Times: user=0.11 sys=0.00, real=0.01 secs] 
2016-09-25T22:25:50.545-0400: 14.510: [GC (GCLocker Initiated GC) [PSYoungGen: 163325K->59057K(175104K)] 437113K->344120K(699392K), 0.0070940 secs] [Times: user=0.06 sys=0.00, real=0.00 secs] 
2016-09-25T22:25:50.598-0400: 14.563: [GC (GCLocker Initiated GC) [PSYoungGen: 147121K->65729K(175104K)] 437241K->356378K(699392K), 0.0066628 secs] [Times: user=0.06 sys=0.00, real=0.01 secs] 
2016-09-25T22:25:50.647-0400: 14.611: [GC (GCLocker Initiated GC) [PSYoungGen: 153793K->56046K(175104K)] 448549K->356611K(699392K), 0.0070726 secs] [Times: user=0.05 sys=0.00, real=0.00 secs] 
2016-09-25T22:25:50.691-0400: 14.656: [GC (GCLocker Initiated GC) [PSYoungGen: 144110K->73738K(175104K)] 444833K->385596K(699392K), 0.0070499 secs] [Times: user=0.09 sys=0.00, real=0.01 secs] 
2016-09-25T22:25:50.733-0400: 14.698: [GC (GCLocker Initiated GC) [PSYoungGen: 161802K->77961K(175104K)] 476440K->407831K(699392K), 0.0090210 secs] [Times: user=0.13 sys=0.00, real=0.02 secs] 
2016-09-25T22:25:50.786-0400: 14.750: [GC (GCLocker Initiated GC) [PSYoungGen: 166025K->39859K(175104K)] 497610K->396235K(699392K), 0.0085284 secs] [Times: user=0.09 sys=0.00, real=0.01 secs] 
2016-09-25T22:25:50.833-0400: 14.797: [GC (GCLocker Initiated GC) [PSYoungGen: 127923K->73818K(175104K)] 487064K->433325K(699392K), 0.0091507 secs] [Times: user=0.09 sys=0.00, real=0.01 secs] 
2016-09-25T22:25:50.880-0400: 14.844: [GC (GCLocker Initiated GC) [PSYoungGen: 161882K->65688K(175104K)] 524167K->440636K(699392K), 0.0081037 secs] [Times: user=0.12 sys=0.00, real=0.01 secs] 
2016-09-25T22:25:50.927-0400: 14.891: [GC (GCLocker Initiated GC) [PSYoungGen: 153752K->52206K(175104K)] 535470K->463985K(699392K), 0.0068305 secs] [Times: user=0.09 sys=0.00, real=0.00 secs] 
2016-09-25T22:25:50.981-0400: 14.946: [GC (GCLocker Initiated GC) [PSYoungGen: 140270K->58767K(175104K)] 555146K->478090K(699392K), 0.0068779 secs] [Times: user=0.06 sys=0.01, real=0.01 secs] 
2016-09-25T22:25:51.042-0400: 15.006: [GC (GCLocker Initiated GC) [PSYoungGen: 146831K->33100K(175104K)] 581237K->486668K(699392K), 0.0163045 secs] [Times: user=0.18 sys=0.01, real=0.01 secs] 
2016-09-25T22:25:51.102-0400: 15.066: [GC (GCLocker Initiated GC) [PSYoungGen: 121164K->71014K(175104K)] 574746K->546528K(699392K), 0.0078030 secs] [Times: user=0.11 sys=0.01, real=0.01 secs] 
2016-09-25T22:25:51.148-0400: 15.112: [GC (GCLocker Initiated GC) [PSYoungGen: 159078K->65582K(175104K)] 640005K->558996K(699392K), 0.0068462 secs] [Times: user=0.09 sys=0.00, real=0.01 secs] 
2016-09-25T22:25:51.155-0400: 15.119: [Full GC (Ergonomics) [PSYoungGen: 65582K->0K(175104K)] [ParOldGen: 493413K->106635K(524288K)] 558996K->106635K(699392K), [Metaspace: 43335K->43335K(1085440K)], 0.0521056 secs] [Times: user=0.38 sys=0.01, real=0.05 secs] 
2016-09-25T22:25:51.245-0400: 15.210: [GC (GCLocker Initiated GC) [PSYoungGen: 88064K->79276K(175104K)] 200198K->191411K(699392K), 0.0088950 secs] [Times: user=0.13 sys=0.00, real=0.01 secs] 
2016-09-25T22:25:51.296-0400: 15.260: [GC (GCLocker Initiated GC) [PSYoungGen: 167340K->62821K(175104K)] 284910K->187701K(699392K), 0.0078240 secs] [Times: user=0.11 sys=0.00, real=0.01 secs] 
2016-09-25T22:25:51.346-0400: 15.310: [GC (GCLocker Initiated GC) [PSYoungGen: 150885K->62900K(175104K)] 276919K->198621K(699392K), 0.0067577 secs] [Times: user=0.08 sys=0.00, real=0.00 secs] 
2016-09-25T22:25:51.407-0400: 15.372: [GC (GCLocker Initiated GC) [PSYoungGen: 150964K->38457K(175104K)] 301780K->198986K(699392K), 0.0085528 secs] [Times: user=0.08 sys=0.00, real=0.01 secs] 
2016-09-25T22:25:51.464-0400: 15.428: [GC (GCLocker Initiated GC) [PSYoungGen: 126521K->56150K(175104K)] 297908K->230483K(699392K), 0.0096063 secs] [Times: user=0.12 sys=0.00, real=0.00 secs] 
2016-09-25T22:25:51.518-0400: 15.482: [GC (GCLocker Initiated GC) [PSYoungGen: 144214K->38538K(175104K)] 340377K->245747K(699392K), 0.0056339 secs] [Times: user=0.05 sys=0.00, real=0.01 secs] 
2016-09-25T22:25:51.583-0400: 15.547: [GC (GCLocker Initiated GC) [PSYoungGen: 126602K->43875K(175104K)] 336668K->260995K(699392K), 0.0081949 secs] [Times: user=0.05 sys=0.00, real=0.00 secs] 
2016-09-25T22:25:51.638-0400: 15.602: [GC (GCLocker Initiated GC) [PSYoungGen: 131939K->54806K(143360K)] 354481K->293739K(667648K), 0.0066309 secs] [Times: user=0.07 sys=0.00, real=0.01 secs] 
2016-09-25T22:25:51.678-0400: 15.642: [GC (GCLocker Initiated GC) [PSYoungGen: 142870K->68268K(173056K)] 384723K->323960K(697344K), 0.0097133 secs] [Times: user=0.09 sys=0.00, real=0.01 secs] 
2016-09-25T22:25:51.730-0400: 15.694: [GC (GCLocker Initiated GC) [PSYoungGen: 155308K->85786K(174080K)] 411085K->353972K(698368K), 0.0095702 secs] [Times: user=0.13 sys=0.00, real=0.01 secs] 
2016-09-25T22:25:51.776-0400: 15.740: [GC (GCLocker Initiated GC) [PSYoungGen: 172826K->69747K(175104K)] 446513K->358514K(699392K), 0.0088750 secs] [Times: user=0.15 sys=0.00, real=0.01 secs] 
2016-09-25T22:25:51.828-0400: 15.792: [GC (GCLocker Initiated GC) [PSYoungGen: 157811K->68300K(175104K)] 449374K->377772K(699392K), 0.0074564 secs] [Times: user=0.11 sys=0.00, real=0.01 secs] 
2016-09-25T22:25:51.872-0400: 15.837: [GC (GCLocker Initiated GC) [PSYoungGen: 156364K->62868K(175104K)] 474057K->387584K(699392K), 0.0054840 secs] [Times: user=0.08 sys=0.00, real=0.01 secs] 
2016-09-25T22:25:51.913-0400: 15.878: [GC (GCLocker Initiated GC) [PSYoungGen: 150932K->57436K(175104K)] 481103K->389256K(699392K), 0.0099132 secs] [Times: user=0.14 sys=0.00, real=0.02 secs] 
2016-09-25T22:25:51.958-0400: 15.922: [GC (GCLocker Initiated GC) [PSYoungGen: 145500K->77687K(175104K)] 480126K->415301K(699392K), 0.0068448 secs] [Times: user=0.10 sys=0.00, real=0.01 secs] 
2016-09-25T22:25:52.010-0400: 15.974: [GC (GCLocker Initiated GC) [PSYoungGen: 165751K->68143K(175104K)] 512957K->438566K(699392K), 0.0147103 secs] [Times: user=0.11 sys=0.01, real=0.02 secs] 
2016-09-25T22:25:52.088-0400: 16.053: [GC (GCLocker Initiated GC) [PSYoungGen: 156207K->38521K(175104K)] 536133K->448420K(699392K), 0.0080817 secs] [Times: user=0.12 sys=0.00, real=0.01 secs] 
2016-09-25T22:25:52.145-0400: 16.109: [GC (GCLocker Initiated GC) [PSYoungGen: 126585K->54722K(175104K)] 545169K->476253K(699392K), 0.0067175 secs] [Times: user=0.06 sys=0.00, real=0.00 secs] 
2016-09-25T22:25:52.188-0400: 16.152: [GC (GCLocker Initiated GC) [PSYoungGen: 142786K->47957K(175104K)] 572523K->480698K(699392K), 0.0068936 secs] [Times: user=0.06 sys=0.00, real=0.01 secs] 
2016-09-25T22:25:52.228-0400: 16.193: [GC (GCLocker Initiated GC) [PSYoungGen: 136021K->61422K(175104K)] 574277K->502637K(699392K), 0.0156312 secs] [Times: user=0.21 sys=0.00, real=0.02 secs] 
2016-09-25T22:25:52.305-0400: 16.270: [GC (GCLocker Initiated GC) [PSYoungGen: 149486K->58772K(171008K)] 596164K->507043K(695296K), 0.0200888 secs] [Times: user=0.24 sys=0.00, real=0.02 secs] 
2016-09-25T22:25:52.378-0400: 16.342: [GC (GCLocker Initiated GC) [PSYoungGen: 146836K->75100K(173056K)] 601968K->535921K(697344K), 0.0070761 secs] [Times: user=0.10 sys=0.00, real=0.01 secs] 
2016-09-25T22:25:52.418-0400: 16.383: [GC (GCLocker Initiated GC) [PSYoungGen: 163164K->51928K(175104K)] 626786K->518499K(699392K), 0.0121448 secs] [Times: user=0.13 sys=0.00, real=0.01 secs] 
2016-09-25T22:25:52.476-0400: 16.440: [GC (GCLocker Initiated GC) [PSYoungGen: 139992K->65458K(153600K)] 609358K->555330K(677888K), 0.0134966 secs] [Times: user=0.14 sys=0.01, real=0.01 secs] 
2016-09-25T22:25:52.549-0400: 16.514: [Full GC (Ergonomics) [PSYoungGen: 153522K->0K(153600K)] [ParOldGen: 498000K->116099K(524288K)] 651522K->116099K(677888K), [Metaspace: 43339K->43339K(1085440K)], 0.0572072 secs] [Times: user=0.60 sys=0.00, real=0.06 secs] 
2016-09-25T22:25:52.642-0400: 16.607: [GC (GCLocker Initiated GC) [PSYoungGen: 88064K->49418K(175104K)] 208395K->169749K(699392K), 0.0209698 secs] [Times: user=0.17 sys=0.00, real=0.02 secs] 
2016-09-25T22:25:52.721-0400: 16.685: [GC (GCLocker Initiated GC) [PSYoungGen: 137994K->57343K(145920K)] 265288K->189081K(670208K), 0.0103028 secs] [Times: user=0.11 sys=0.01, real=0.01 secs] 
2016-09-25T22:25:52.783-0400: 16.747: [GC (GCLocker Initiated GC) [PSYoungGen: 145919K->65507K(173056K)] 277904K->217957K(697344K), 0.0196157 secs] [Times: user=0.24 sys=0.00, real=0.02 secs] 
2016-09-25T22:25:52.842-0400: 16.807: [GC (GCLocker Initiated GC) [PSYoungGen: 155107K->66936K(173056K)] 318589K->230625K(697344K), 0.0133631 secs] [Times: user=0.15 sys=0.00, real=0.01 secs] 
2016-09-25T22:25:52.889-0400: 16.854: [GC (GCLocker Initiated GC) [PSYoungGen: 156536K->79054K(171520K)] 331502K->265054K(695808K), 0.0141046 secs] [Times: user=0.16 sys=0.00, real=0.02 secs] 
2016-09-25T22:25:52.965-0400: 16.929: [GC (GCLocker Initiated GC) [PSYoungGen: 167118K->50686K(175104K)] 358630K->270830K(699392K), 0.0118531 secs] [Times: user=0.16 sys=0.00, real=0.01 secs] 
2016-09-25T22:25:53.037-0400: 17.001: [GC (GCLocker Initiated GC) [PSYoungGen: 138750K->57518K(172032K)] 364446K->294252K(696320K), 0.0105886 secs] [Times: user=0.15 sys=0.00, real=0.01 secs] 
2016-09-25T22:25:53.083-0400: 17.047: [GC (GCLocker Initiated GC) [PSYoungGen: 145582K->64218K(173568K)] 387847K->328351K(697856K), 0.0083724 secs] [Times: user=0.10 sys=0.00, real=0.00 secs] 
2016-09-25T22:25:53.131-0400: 17.095: [GC (GCLocker Initiated GC) [PSYoungGen: 152282K->45161K(176640K)] 420505K->327115K(700928K), 0.0105581 secs] [Times: user=0.08 sys=0.00, real=0.01 secs] 
2016-09-25T22:25:53.192-0400: 17.156: [GC (GCLocker Initiated GC) [PSYoungGen: 137321K->65600K(177152K)] 419423K->366939K(701440K), 0.0138233 secs] [Times: user=0.18 sys=0.00, real=0.02 secs] 
2016-09-25T22:25:53.270-0400: 17.234: [GC (GCLocker Initiated GC) [PSYoungGen: 157760K->65600K(176128K)] 467444K->390431K(700416K), 0.0067502 secs] [Times: user=0.10 sys=0.00, real=0.01 secs] 
2016-09-25T22:25:53.315-0400: 17.279: [GC (GCLocker Initiated GC) [PSYoungGen: 158272K->70968K(176640K)] 483237K->409723K(700928K), 0.0069693 secs] [Times: user=0.09 sys=0.00, real=0.00 secs] 
2016-09-25T22:25:53.386-0400: 17.350: [GC (GCLocker Initiated GC) [PSYoungGen: 163640K->57500K(176640K)] 514671K->441187K(700928K), 0.0110426 secs] [Times: user=0.15 sys=0.00, real=0.01 secs] 
2016-09-25T22:25:53.473-0400: 17.437: [GC (GCLocker Initiated GC) [PSYoungGen: 150172K->60168K(153088K)] 536656K->460454K(677376K), 0.0060612 secs] [Times: user=0.08 sys=0.00, real=0.01 secs] 
2016-09-25T22:25:53.519-0400: 17.483: [GC (GCLocker Initiated GC) [PSYoungGen: 152840K->62822K(177664K)] 558645K->471606K(701952K), 0.0062310 secs] [Times: user=0.06 sys=0.00, real=0.01 secs] 
2016-09-25T22:25:53.568-0400: 17.532: [GC (Allocation Failure) [PSYoungGen: 158566K->34279K(176128K)] 567458K->469075K(700416K), 0.0071840 secs] [Times: user=0.06 sys=0.00, real=0.01 secs] 
2016-09-25T22:25:53.575-0400: 17.540: [GC (GCLocker Initiated GC) [PSYoungGen: 34512K->224K(171520K)] 469307K->505608K(695808K), 0.0063998 secs] [Times: user=0.07 sys=0.00, real=0.00 secs] 
2016-09-25T22:25:53.582-0400: 17.546: [Full GC (Ergonomics) [PSYoungGen: 224K->0K(171520K)] [ParOldGen: 505384K->105310K(524288K)] 505608K->105310K(695808K), [Metaspace: 43351K->43351K(1085440K)], 0.0529904 secs] [Times: user=0.39 sys=0.00, real=0.06 secs] 
2016-09-25T22:25:53.675-0400: 17.639: [GC (GCLocker Initiated GC) [PSYoungGen: 87007K->69678K(175104K)] 195018K->177689K(699392K), 0.0103698 secs] [Times: user=0.12 sys=0.00, real=0.01 secs] 
2016-09-25T22:25:53.739-0400: 17.704: [GC (GCLocker Initiated GC) [PSYoungGen: 157742K->71004K(175104K)] 269819K->192947K(699392K), 0.0071819 secs] [Times: user=0.10 sys=0.00, real=0.01 secs] 
2016-09-25T22:25:53.795-0400: 17.759: [GC (GCLocker Initiated GC) [PSYoungGen: 159068K->49414K(175104K)] 286608K->189411K(699392K), 0.0062461 secs] [Times: user=0.06 sys=0.00, real=0.00 secs] 
2016-09-25T22:25:53.845-0400: 17.809: [GC (GCLocker Initiated GC) [PSYoungGen: 137478K->67001K(175104K)] 280390K->211562K(699392K), 0.0063175 secs] [Times: user=0.08 sys=0.00, real=0.00 secs] 
2016-09-25T22:25:53.904-0400: 17.868: [GC (GCLocker Initiated GC) [PSYoungGen: 155065K->57340K(175104K)] 299647K->215759K(699392K), 0.0097818 secs] [Times: user=0.10 sys=0.00, real=0.00 secs] 
2016-09-25T22:25:53.956-0400: 17.920: [GC (GCLocker Initiated GC) [PSYoungGen: 145404K->54781K(175104K)] 309260K->218881K(699392K), 0.0096443 secs] [Times: user=0.10 sys=0.00, real=0.01 secs] 
2016-09-25T22:25:54.013-0400: 17.977: [GC (GCLocker Initiated GC) [PSYoungGen: 142845K->62887K(151040K)] 315078K->239628K(675328K), 0.0104892 secs] [Times: user=0.14 sys=0.00, real=0.02 secs] 
2016-09-25T22:25:54.071-0400: 18.035: [GC (GCLocker Initiated GC) [PSYoungGen: 150951K->50611K(175616K)] 327767K->242628K(699904K), 0.0088893 secs] [Times: user=0.07 sys=0.00, real=0.01 secs] 
2016-09-25T22:25:54.132-0400: 18.096: [GC (GCLocker Initiated GC) [PSYoungGen: 140211K->45473K(174080K)] 344574K->273111K(698368K), 0.0094515 secs] [Times: user=0.08 sys=0.01, real=0.01 secs] 
2016-09-25T22:25:54.187-0400: 18.151: [GC (GCLocker Initiated GC) [PSYoungGen: 135073K->47868K(176128K)] 366925K->282838K(700416K), 0.0087080 secs] [Times: user=0.08 sys=0.00, real=0.01 secs] 
2016-09-25T22:25:54.258-0400: 18.222: [GC (GCLocker Initiated GC) [PSYoungGen: 141052K->30392K(175104K)] 383288K->294614K(699392K), 0.0215323 secs] [Times: user=0.29 sys=0.00, real=0.02 secs] 
2016-09-25T22:25:54.340-0400: 18.304: [GC (GCLocker Initiated GC) [PSYoungGen: 123576K->58867K(179200K)] 393437K->330489K(703488K), 0.0054659 secs] [Times: user=0.05 sys=0.00, real=0.01 secs] 
2016-09-25T22:25:54.412-0400: 18.376: [GC (GCLocker Initiated GC) [PSYoungGen: 154611K->54704K(150528K)] 426398K->330902K(674816K), 0.0073273 secs] [Times: user=0.05 sys=0.00, real=0.01 secs] 
2016-09-25T22:25:54.456-0400: 18.420: [GC (GCLocker Initiated GC) [PSYoungGen: 150448K->59072K(176640K)] 429450K->338490K(700928K), 0.0073885 secs] [Times: user=0.08 sys=0.01, real=0.01 secs] 
2016-09-25T22:25:54.512-0400: 18.476: [GC (GCLocker Initiated GC) [PSYoungGen: 155328K->41334K(176128K)] 437627K->328145K(700416K), 0.0055750 secs] [Times: user=0.05 sys=0.00, real=0.01 secs] 
2016-09-25T22:25:54.577-0400: 18.541: [GC (GCLocker Initiated GC) [PSYoungGen: 137590K->75299K(170496K)] 429947K->368171K(694784K), 0.0085361 secs] [Times: user=0.10 sys=0.00, real=0.01 secs] 
2016-09-25T22:25:54.633-0400: 18.597: [GC (GCLocker Initiated GC) [PSYoungGen: 166435K->67094K(158720K)] 459384K->387652K(683008K), 0.0074585 secs] [Times: user=0.11 sys=0.00, real=0.01 secs] 
2016-09-25T22:25:54.691-0400: 18.655: [GC (GCLocker Initiated GC) [PSYoungGen: 158230K->76653K(175104K)] 487145K->422225K(699392K), 0.0093733 secs] [Times: user=0.12 sys=0.00, real=0.01 secs] 
2016-09-25T22:25:54.748-0400: 18.712: [GC (GCLocker Initiated GC) [PSYoungGen: 164717K->60295K(175104K)] 513208K->409270K(699392K), 0.0113652 secs] [Times: user=0.08 sys=0.00, real=0.01 secs] 
2016-09-25T22:25:54.814-0400: 18.778: [GC (GCLocker Initiated GC) [PSYoungGen: 148359K->54785K(174080K)] 502846K->424633K(698368K), 0.0107269 secs] [Times: user=0.10 sys=0.00, real=0.02 secs] 
2016-09-25T22:25:54.868-0400: 18.833: [GC (GCLocker Initiated GC) [PSYoungGen: 142849K->63079K(174592K)] 515462K->452309K(698880K), 0.0069846 secs] [Times: user=0.08 sys=0.00, real=0.01 secs] 
2016-09-25T22:25:54.920-0400: 18.884: [GC (GCLocker Initiated GC) [PSYoungGen: 151143K->50794K(173056K)] 545926K->477102K(697344K), 0.0096421 secs] [Times: user=0.10 sys=0.01, real=0.01 secs] 
2016-09-25T22:25:54.992-0400: 18.956: [GC (GCLocker Initiated GC) [PSYoungGen: 140906K->46983K(174080K)] 588992K->496920K(698368K), 0.0073735 secs] [Times: user=0.09 sys=0.00, real=0.01 secs] 
2016-09-25T22:25:55.061-0400: 19.025: [GC (GCLocker Initiated GC) [PSYoungGen: 137095K->42521K(176640K)] 587106K->503871K(700928K), 0.0107260 secs] [Times: user=0.10 sys=0.00, real=0.01 secs] 
2016-09-25T22:25:55.122-0400: 19.086: [GC (GCLocker Initiated GC) [PSYoungGen: 137241K->69825K(164864K)] 598784K->549309K(689152K), 0.0081006 secs] [Times: user=0.10 sys=0.01, real=0.00 secs] 
2016-09-25T22:25:55.186-0400: 19.151: [GC (GCLocker Initiated GC) [PSYoungGen: 164545K->68468K(174080K)] 644073K->563369K(698368K), 0.0083103 secs] [Times: user=0.12 sys=0.00, real=0.01 secs] 
2016-09-25T22:25:55.195-0400: 19.159: [Full GC (Ergonomics) [PSYoungGen: 68468K->0K(174080K)] [ParOldGen: 494900K->116556K(524288K)] 563369K->116556K(698368K), [Metaspace: 43359K->43359K(1085440K)], 0.0629875 secs] [Times: user=0.47 sys=0.00, real=0.06 secs] 
2016-09-25T22:25:55.312-0400: 19.276: [GC (GCLocker Initiated GC) [PSYoungGen: 88064K->70027K(175104K)] 207402K->189365K(699392K), 0.0193332 secs] [Times: user=0.25 sys=0.00, real=0.02 secs] 
2016-09-25T22:25:55.388-0400: 19.352: [GC (GCLocker Initiated GC) [PSYoungGen: 158091K->33395K(175104K)] 285750K->183326K(699392K), 0.0063693 secs] [Times: user=0.06 sys=0.00, real=0.01 secs] 
2016-09-25T22:25:55.443-0400: 19.408: [GC (GCLocker Initiated GC) [PSYoungGen: 121459K->65578K(175104K)] 271457K->217570K(699392K), 0.0136143 secs] [Times: user=0.16 sys=0.00, real=0.01 secs] 
2016-09-25T22:25:55.503-0400: 19.467: [GC (GCLocker Initiated GC) [PSYoungGen: 153642K->58988K(175104K)] 305756K->242486K(699392K), 0.0082448 secs] [Times: user=0.08 sys=0.01, real=0.00 secs] 
2016-09-25T22:25:55.558-0400: 19.522: [GC (GCLocker Initiated GC) [PSYoungGen: 147052K->53782K(142336K)] 340100K->271628K(666624K), 0.0197925 secs] [Times: user=0.24 sys=0.00, real=0.02 secs] 
2016-09-25T22:25:55.627-0400: 19.591: [GC (GCLocker Initiated GC) [PSYoungGen: 141846K->46633K(174592K)] 362492K->270559K(698880K), 0.0083144 secs] [Times: user=0.08 sys=0.01, real=0.01 secs] 
2016-09-25T22:25:55.693-0400: 19.657: [GC (GCLocker Initiated GC) [PSYoungGen: 135721K->44080K(173568K)] 363801K->273907K(697856K), 0.0091633 secs] [Times: user=0.07 sys=0.00, real=0.01 secs] 
2016-09-25T22:25:55.752-0400: 19.716: [GC (GCLocker Initiated GC) [PSYoungGen: 133168K->54703K(174592K)] 368439K->302604K(698880K), 0.0156355 secs] [Times: user=0.17 sys=0.00, real=0.02 secs] 
2016-09-25T22:25:55.818-0400: 19.782: [GC (GCLocker Initiated GC) [PSYoungGen: 148911K->77972K(175104K)] 397001K->329193K(699392K), 0.0118863 secs] [Times: user=0.14 sys=0.00, real=0.01 secs] 
2016-09-25T22:25:55.871-0400: 19.835: [GC (GCLocker Initiated GC) [PSYoungGen: 172180K->72597K(174592K)] 426225K->343287K(698880K), 0.0093422 secs] [Times: user=0.15 sys=0.00, real=0.01 secs] 
2016-09-25T22:25:55.926-0400: 19.891: [GC (GCLocker Initiated GC) [PSYoungGen: 160661K->50949K(175104K)] 431418K->365517K(699392K), 0.0082049 secs] [Times: user=0.11 sys=0.00, real=0.01 secs] 
2016-09-25T22:25:55.987-0400: 19.951: [GC (GCLocker Initiated GC) [PSYoungGen: 139013K->57760K(171008K)] 453735K->401302K(695296K), 0.0069745 secs] [Times: user=0.10 sys=0.00, real=0.00 secs] 
2016-09-25T22:25:56.042-0400: 20.006: [GC (GCLocker Initiated GC) [PSYoungGen: 145824K->60426K(173056K)] 490514K->425994K(697344K), 0.0082784 secs] [Times: user=0.13 sys=0.01, real=0.01 secs] 
2016-09-25T22:25:56.099-0400: 20.063: [GC (GCLocker Initiated GC) [PSYoungGen: 148490K->59051K(173056K)] 516884K->448257K(697344K), 0.0069207 secs] [Times: user=0.06 sys=0.00, real=0.01 secs] 
2016-09-25T22:25:56.162-0400: 20.126: [GC (GCLocker Initiated GC) [PSYoungGen: 153259K->69885K(175104K)] 542549K->462311K(699392K), 0.0077007 secs] [Times: user=0.06 sys=0.00, real=0.00 secs] 
2016-09-25T22:25:56.216-0400: 20.181: [GC (GCLocker Initiated GC) [PSYoungGen: 164093K->79399K(171008K)] 559325K->491353K(695296K), 0.0131495 secs] [Times: user=0.11 sys=0.00, real=0.01 secs] 
2016-09-25T22:25:56.273-0400: 20.237: [GC (GCLocker Initiated GC) [PSYoungGen: 167463K->65779K(175104K)] 587698K->509619K(699392K), 0.0111199 secs] [Times: user=0.19 sys=0.00, real=0.02 secs] 
2016-09-25T22:25:56.336-0400: 20.300: [GC (GCLocker Initiated GC) [PSYoungGen: 153843K->52281K(173056K)] 608728K->517151K(697344K), 0.0104978 secs] [Times: user=0.16 sys=0.00, real=0.01 secs] 
2016-09-25T22:25:56.399-0400: 20.364: [GC (GCLocker Initiated GC) [PSYoungGen: 140345K->54893K(174080K)] 605274K->524397K(698368K), 0.0091914 secs] [Times: user=0.08 sys=0.00, real=0.01 secs] 
2016-09-25T22:25:56.462-0400: 20.426: [GC (GCLocker Initiated GC) [PSYoungGen: 142957K->33394K(172544K)] 624734K->548216K(696832K), 0.0085588 secs] [Times: user=0.13 sys=0.01, real=0.00 secs] 
2016-09-25T22:25:56.471-0400: 20.435: [Full GC (Ergonomics) [PSYoungGen: 33394K->0K(172544K)] [ParOldGen: 514822K->124404K(524288K)] 548216K->124404K(696832K), [Metaspace: 43364K->43364K(1085440K)], 0.0476063 secs] [Times: user=0.37 sys=0.00, real=0.05 secs] 
2016-09-25T22:25:56.561-0400: 20.526: [GC (GCLocker Initiated GC) [PSYoungGen: 88064K->70352K(175104K)] 217966K->200254K(699392K), 0.0092344 secs] [Times: user=0.11 sys=0.01, real=0.01 secs] 
2016-09-25T22:25:56.623-0400: 20.587: [GC (GCLocker Initiated GC) [PSYoungGen: 158416K->45458K(175104K)] 288555K->206299K(699392K), 0.0080119 secs] [Times: user=0.07 sys=0.00, real=0.00 secs] 
2016-09-25T22:25:56.672-0400: 20.636: [GC (GCLocker Initiated GC) [PSYoungGen: 133522K->78122K(175104K)] 299981K->253141K(699392K), 0.0125518 secs] [Times: user=0.17 sys=0.00, real=0.02 secs] 
2016-09-25T22:25:56.732-0400: 20.696: [GC (GCLocker Initiated GC) [PSYoungGen: 166186K->67199K(175104K)] 346840K->272781K(699392K), 0.0079176 secs] [Times: user=0.11 sys=0.00, real=0.01 secs] 
2016-09-25T22:25:56.795-0400: 20.759: [GC (GCLocker Initiated GC) [PSYoungGen: 155263K->63391K(175104K)] 375872K->285887K(699392K), 0.0066364 secs] [Times: user=0.09 sys=0.00, real=0.00 secs] 
2016-09-25T22:25:56.855-0400: 20.820: [GC (GCLocker Initiated GC) [PSYoungGen: 151455K->67133K(175104K)] 376777K->295826K(699392K), 0.0067995 secs] [Times: user=0.07 sys=0.00, real=0.01 secs] 
2016-09-25T22:25:56.920-0400: 20.884: [GC (GCLocker Initiated GC) [PSYoungGen: 155197K->49708K(175104K)] 392074K->319463K(699392K), 0.0069356 secs] [Times: user=0.07 sys=0.00, real=0.01 secs] 
2016-09-25T22:25:56.976-0400: 20.940: [GC (GCLocker Initiated GC) [PSYoungGen: 137772K->45585K(175104K)] 409009K->332360K(699392K), 0.0059143 secs] [Times: user=0.05 sys=0.00, real=0.00 secs] 
2016-09-25T22:25:57.017-0400: 20.981: [GC (GCLocker Initiated GC) [PSYoungGen: 133649K->60551K(148992K)] 428610K->358847K(673280K), 0.0061653 secs] [Times: user=0.06 sys=0.00, real=0.01 secs] 
2016-09-25T22:25:57.070-0400: 21.034: [GC (GCLocker Initiated GC) [PSYoungGen: 148615K->69909K(173056K)] 449640K->398669K(697344K), 0.0089734 secs] [Times: user=0.11 sys=0.00, real=0.01 secs] 
2016-09-25T22:25:57.149-0400: 21.113: [GC (GCLocker Initiated GC) [PSYoungGen: 156949K->56303K(174080K)] 491310K->402044K(698368K), 0.0115823 secs] [Times: user=0.11 sys=0.00, real=0.01 secs] 
2016-09-25T22:25:57.219-0400: 21.183: [GC (GCLocker Initiated GC) [PSYoungGen: 143343K->64516K(173568K)] 490831K->413934K(697856K), 0.0095660 secs] [Times: user=0.13 sys=0.00, real=0.01 secs] 
2016-09-25T22:25:57.276-0400: 21.240: [GC (GCLocker Initiated GC) [PSYoungGen: 154116K->59220K(174080K)] 507655K->424314K(698368K), 0.0062588 secs] [Times: user=0.09 sys=0.00, real=0.01 secs] 
2016-09-25T22:25:57.340-0400: 21.304: [GC (GCLocker Initiated GC) [PSYoungGen: 148820K->75487K(172544K)] 524786K->452183K(696832K), 0.0083298 secs] [Times: user=0.13 sys=0.00, real=0.01 secs] 
2016-09-25T22:25:57.425-0400: 21.390: [GC (Allocation Failure) [PSYoungGen: 165599K->55274K(176128K)] 555883K->476007K(700416K), 0.0129673 secs] [Times: user=0.14 sys=0.00, real=0.01 secs] 
2016-09-25T22:25:57.484-0400: 21.448: [GC (GCLocker Initiated GC) [PSYoungGen: 143121K->64488K(172544K)] 569254K->504824K(696832K), 0.0077687 secs] [Times: user=0.11 sys=0.00, real=0.00 secs] 
2016-09-25T22:25:57.555-0400: 21.519: [GC (GCLocker Initiated GC) [PSYoungGen: 156136K->57999K(175104K)] 596550K->502997K(699392K), 0.0107676 secs] [Times: user=0.09 sys=0.01, real=0.01 secs] 
2016-09-25T22:25:57.629-0400: 21.593: [GC (GCLocker Initiated GC) [PSYoungGen: 149647K->68610K(178688K)] 600173K->525355K(702976K), 0.0112776 secs] [Times: user=0.10 sys=0.00, real=0.01 secs] 
2016-09-25T22:25:57.701-0400: 21.665: [GC (GCLocker Initiated GC) [PSYoungGen: 165378K->52336K(179200K)] 625068K->535713K(703488K), 0.0101982 secs] [Times: user=0.08 sys=0.01, real=0.01 secs] 
2016-09-25T22:25:57.759-0400: 21.723: [Full GC (Ergonomics) [PSYoungGen: 149104K->0K(179200K)] [ParOldGen: 487055K->141442K(524288K)] 636160K->141442K(703488K), [Metaspace: 43364K->43364K(1085440K)], 0.0884298 secs] [Times: user=0.66 sys=0.01, real=0.09 secs] 
2016-09-25T22:25:57.900-0400: 21.864: [GC (GCLocker Initiated GC) [PSYoungGen: 96768K->79966K(170496K)] 238471K->221669K(694784K), 0.0069171 secs] [Times: user=0.08 sys=0.00, real=0.01 secs] 
2016-09-25T22:25:57.942-0400: 21.906: [GC (GCLocker Initiated GC) [PSYoungGen: 168030K->86189K(175104K)] 312542K->237311K(699392K), 0.0079962 secs] [Times: user=0.11 sys=0.00, real=0.01 secs] 
2016-09-25T22:25:58.012-0400: 21.976: [GC (GCLocker Initiated GC) [PSYoungGen: 174253K->79661K(175104K)] 326763K->234147K(699392K), 0.0109516 secs] [Times: user=0.13 sys=0.01, real=0.02 secs] 
2016-09-25T22:25:58.095-0400: 22.060: [GC (GCLocker Initiated GC) [PSYoungGen: 167725K->75355K(175104K)] 330461K->248414K(699392K), 0.0108922 secs] [Times: user=0.16 sys=0.01, real=0.01 secs] 
2016-09-25T22:25:58.157-0400: 22.121: [GC (GCLocker Initiated GC) [PSYoungGen: 163419K->57972K(175104K)] 356891K->276329K(699392K), 0.0064833 secs] [Times: user=0.08 sys=0.00, real=0.01 secs] 
2016-09-25T22:25:58.221-0400: 22.185: [GC (GCLocker Initiated GC) [PSYoungGen: 146036K->53712K(175104K)] 374073K->297319K(699392K), 0.0110685 secs] [Times: user=0.09 sys=0.00, real=0.01 secs] 
2016-09-25T22:25:58.312-0400: 22.276: [GC (GCLocker Initiated GC) [PSYoungGen: 141776K->68890K(175104K)] 400467K->328218K(699392K), 0.0125106 secs] [Times: user=0.13 sys=0.00, real=0.02 secs] 
2016-09-25T22:25:58.371-0400: 22.336: [GC (GCLocker Initiated GC) [PSYoungGen: 156954K->63061K(175104K)] 416352K->335362K(699392K), 0.0073154 secs] [Times: user=0.09 sys=0.01, real=0.01 secs] 
2016-09-25T22:25:58.420-0400: 22.384: [GC (GCLocker Initiated GC) [PSYoungGen: 151125K->63337K(175104K)] 425275K->354200K(699392K), 0.0109918 secs] [Times: user=0.17 sys=0.00, real=0.01 secs] 
2016-09-25T22:25:58.505-0400: 22.470: [GC (GCLocker Initiated GC) [PSYoungGen: 151401K->74066K(175104K)] 447790K->371164K(699392K), 0.0262936 secs] [Times: user=0.36 sys=0.00, real=0.02 secs] 
2016-09-25T22:25:58.591-0400: 22.555: [GC (GCLocker Initiated GC) [PSYoungGen: 162130K->56397K(175104K)] 463669K->359948K(699392K), 0.0100904 secs] [Times: user=0.12 sys=0.00, real=0.01 secs] 
2016-09-25T22:25:58.653-0400: 22.617: [GC (GCLocker Initiated GC) [PSYoungGen: 144461K->56487K(175104K)] 458971K->386439K(699392K), 0.0075679 secs] [Times: user=0.10 sys=0.00, real=0.01 secs] 
2016-09-25T22:25:58.722-0400: 22.686: [GC (GCLocker Initiated GC) [PSYoungGen: 144551K->44179K(175104K)] 480198K->404815K(699392K), 0.0062889 secs] [Times: user=0.09 sys=0.00, real=0.01 secs] 
2016-09-25T22:25:58.768-0400: 22.732: [GC (Allocation Failure) [PSYoungGen: 132243K->64621K(175104K)] 496004K->430256K(699392K), 0.0078742 secs] [Times: user=0.12 sys=0.00, real=0.01 secs] 
2016-09-25T22:25:58.776-0400: 22.740: [GC (GCLocker Initiated GC) [PSYoungGen: 65361K->251K(175104K)] 430996K->432876K(699392K), 0.0056164 secs] [Times: user=0.07 sys=0.00, real=0.00 secs] 
2016-09-25T22:25:58.832-0400: 22.796: [GC (GCLocker Initiated GC) [PSYoungGen: 88315K->82766K(175104K)] 520949K->515408K(699392K), 0.0074235 secs] [Times: user=0.10 sys=0.01, real=0.01 secs] 
2016-09-25T22:25:58.900-0400: 22.864: [GC (GCLocker Initiated GC) [PSYoungGen: 170830K->72558K(175104K)] 606177K->514543K(699392K), 0.0064997 secs] [Times: user=0.08 sys=0.00, real=0.01 secs] 
2016-09-25T22:25:58.959-0400: 22.923: [GC (GCLocker Initiated GC) [PSYoungGen: 160622K->74149K(175104K)] 609483K->523521K(699392K), 0.0084886 secs] [Times: user=0.10 sys=0.00, real=0.01 secs] 
2016-09-25T22:25:59.022-0400: 22.986: [GC (GCLocker Initiated GC) [PSYoungGen: 162213K->52427K(175104K)] 616800K->524015K(699392K), 0.0199810 secs] [Times: user=0.24 sys=0.00, real=0.02 secs] 
2016-09-25T22:25:59.090-0400: 23.054: [Full GC (Ergonomics) [PSYoungGen: 140491K->0K(175104K)] [ParOldGen: 479794K->155415K(524288K)] 620286K->155415K(699392K), [Metaspace: 43364K->43364K(1085440K)], 0.0537017 secs] [Times: user=0.32 sys=0.01, real=0.06 secs] 
2016-09-25T22:25:59.201-0400: 23.165: [GC (GCLocker Initiated GC) [PSYoungGen: 88064K->59675K(175104K)] 255005K->226625K(699392K), 0.0072496 secs] [Times: user=0.10 sys=0.01, real=0.01 secs] 
2016-09-25T22:25:59.270-0400: 23.235: [GC (GCLocker Initiated GC) [PSYoungGen: 147739K->49485K(175104K)] 317456K->240653K(699392K), 0.0059568 secs] [Times: user=0.08 sys=0.00, real=0.01 secs] 
2016-09-25T22:25:59.333-0400: 23.297: [GC (GCLocker Initiated GC) [PSYoungGen: 137549K->40164K(175104K)] 339606K->242626K(699392K), 0.0067900 secs] [Times: user=0.07 sys=0.00, real=0.01 secs] 
2016-09-25T22:25:59.399-0400: 23.363: [GC (GCLocker Initiated GC) [PSYoungGen: 128228K->71225K(175104K)] 334822K->294753K(699392K), 0.0076403 secs] [Times: user=0.08 sys=0.00, real=0.01 secs] 
2016-09-25T22:25:59.453-0400: 23.417: [GC (GCLocker Initiated GC) [PSYoungGen: 159289K->62971K(175104K)] 385580K->308699K(699392K), 0.0199929 secs] [Times: user=0.30 sys=0.00, real=0.02 secs] 
2016-09-25T22:25:59.520-0400: 23.484: [GC (GCLocker Initiated GC) [PSYoungGen: 151035K->71150K(175104K)] 398317K->332371K(699392K), 0.0091169 secs] [Times: user=0.11 sys=0.00, real=0.01 secs] 
2016-09-25T22:25:59.580-0400: 23.545: [GC (GCLocker Initiated GC) [PSYoungGen: 159214K->65643K(175104K)] 420446K->350335K(699392K), 0.0071603 secs] [Times: user=0.11 sys=0.00, real=0.01 secs] 
2016-09-25T22:25:59.627-0400: 23.591: [GC (GCLocker Initiated GC) [PSYoungGen: 153707K->82029K(175104K)] 444007K->374042K(699392K), 0.0068794 secs] [Times: user=0.09 sys=0.00, real=0.00 secs] 
2016-09-25T22:25:59.681-0400: 23.645: [GC (GCLocker Initiated GC) [PSYoungGen: 170093K->66936K(175104K)] 465003K->381251K(699392K), 0.0144646 secs] [Times: user=0.17 sys=0.01, real=0.02 secs] 
2016-09-25T22:25:59.749-0400: 23.714: [GC (GCLocker Initiated GC) [PSYoungGen: 155000K->54817K(175104K)] 480342K->384611K(699392K), 0.0163496 secs] [Times: user=0.15 sys=0.00, real=0.02 secs] 
2016-09-25T22:25:59.823-0400: 23.787: [GC (GCLocker Initiated GC) [PSYoungGen: 142881K->39886K(175104K)] 475447K->385083K(699392K), 0.0092708 secs] [Times: user=0.09 sys=0.00, real=0.00 secs] 
2016-09-25T22:25:59.884-0400: 23.848: [GC (GCLocker Initiated GC) [PSYoungGen: 127950K->67034K(175104K)] 478570K->422121K(699392K), 0.0110714 secs] [Times: user=0.11 sys=0.00, real=0.01 secs] 
2016-09-25T22:25:59.947-0400: 23.911: [GC (GCLocker Initiated GC) [PSYoungGen: 155098K->65732K(175104K)] 514861K->426059K(699392K), 0.0130922 secs] [Times: user=0.21 sys=0.00, real=0.01 secs] 
2016-09-25T22:26:00.002-0400: 23.966: [GC (GCLocker Initiated GC) [PSYoungGen: 153796K->73703K(175104K)] 515944K->439059K(699392K), 0.0217446 secs] [Times: user=0.26 sys=0.02, real=0.03 secs] 
2016-09-25T22:26:00.068-0400: 24.032: [GC (GCLocker Initiated GC) [PSYoungGen: 161767K->65699K(175104K)] 529937K->445088K(699392K), 0.0091517 secs] [Times: user=0.13 sys=0.00, real=0.01 secs] 
2016-09-25T22:26:00.129-0400: 24.093: [GC (GCLocker Initiated GC) [PSYoungGen: 153763K->67151K(175104K)] 550928K->478204K(699392K), 0.0103039 secs] [Times: user=0.14 sys=0.01, real=0.01 secs] 
2016-09-25T22:26:00.199-0400: 24.163: [GC (GCLocker Initiated GC) [PSYoungGen: 155215K->69767K(175104K)] 574532K->489597K(699392K), 0.0084308 secs] [Times: user=0.10 sys=0.00, real=0.01 secs] 
2016-09-25T22:26:00.258-0400: 24.222: [GC (GCLocker Initiated GC) [PSYoungGen: 157831K->50833K(175104K)] 583207K->499620K(699392K), 0.0088621 secs] [Times: user=0.10 sys=0.00, real=0.01 secs] 
2016-09-25T22:26:00.320-0400: 24.284: [GC (GCLocker Initiated GC) [PSYoungGen: 138897K->58995K(175104K)] 598588K->531280K(699392K), 0.0066382 secs] [Times: user=0.07 sys=0.01, real=0.01 secs] 
2016-09-25T22:26:00.378-0400: 24.342: [GC (GCLocker Initiated GC) [PSYoungGen: 147059K->72515K(175104K)] 624884K->553505K(699392K), 0.0065785 secs] [Times: user=0.10 sys=0.00, real=0.01 secs] 
2016-09-25T22:26:00.424-0400: 24.388: [GC (GCLocker Initiated GC) [PSYoungGen: 160579K->85971K(175104K)] 641785K->577144K(699392K), 0.0080112 secs] [Times: user=0.12 sys=0.00, real=0.00 secs] 
2016-09-25T22:26:00.485-0400: 24.449: [Full GC (Ergonomics) [PSYoungGen: 174035K->0K(175104K)] [ParOldGen: 500006K->159755K(524288K)] 674041K->159755K(699392K), [Metaspace: 43382K->43382K(1085440K)], 0.0589614 secs] [Times: user=0.54 sys=0.00, real=0.06 secs] 
2016-09-25T22:26:00.607-0400: 24.571: [GC (GCLocker Initiated GC) [PSYoungGen: 88064K->65770K(175104K)] 253405K->231112K(699392K), 0.0088891 secs] [Times: user=0.14 sys=0.00, real=0.01 secs] 
2016-09-25T22:26:00.658-0400: 24.622: [GC (GCLocker Initiated GC) [PSYoungGen: 153834K->68393K(175104K)] 321909K->240983K(699392K), 0.0106318 secs] [Times: user=0.11 sys=0.01, real=0.01 secs] 
2016-09-25T22:26:00.713-0400: 24.677: [GC (GCLocker Initiated GC) [PSYoungGen: 156457K->73782K(175104K)] 329141K->253678K(699392K), 0.0093961 secs] [Times: user=0.11 sys=0.00, real=0.02 secs] 
2016-09-25T22:26:00.773-0400: 24.737: [GC (GCLocker Initiated GC) [PSYoungGen: 161846K->68528K(175104K)] 354020K->263836K(699392K), 0.0086631 secs] [Times: user=0.09 sys=0.01, real=0.01 secs] 
2016-09-25T22:26:00.829-0400: 24.793: [GC (GCLocker Initiated GC) [PSYoungGen: 156592K->44027K(175104K)] 359046K->263180K(699392K), 0.0075464 secs] [Times: user=0.08 sys=0.01, real=0.01 secs] 
2016-09-25T22:26:00.884-0400: 24.849: [GC (GCLocker Initiated GC) [PSYoungGen: 132091K->39848K(175104K)] 362113K->275600K(699392K), 0.0058493 secs] [Times: user=0.04 sys=0.00, real=0.00 secs] 
2016-09-25T22:26:00.941-0400: 24.905: [GC (GCLocker Initiated GC) [PSYoungGen: 127912K->64277K(175104K)] 367817K->324891K(699392K), 0.0061352 secs] [Times: user=0.08 sys=0.00, real=0.01 secs] 
2016-09-25T22:26:00.988-0400: 24.952: [GC (GCLocker Initiated GC) [PSYoungGen: 152341K->76552K(175104K)] 412975K->351097K(699392K), 0.0071403 secs] [Times: user=0.09 sys=0.00, real=0.01 secs] 
2016-09-25T22:26:01.050-0400: 25.014: [GC (GCLocker Initiated GC) [PSYoungGen: 164616K->69757K(175104K)] 441952K->356954K(699392K), 0.0092708 secs] [Times: user=0.13 sys=0.00, real=0.01 secs] 
2016-09-25T22:26:01.107-0400: 25.071: [GC (GCLocker Initiated GC) [PSYoungGen: 157821K->67176K(175104K)] 450459K->376449K(699392K), 0.0094034 secs] [Times: user=0.13 sys=0.00, real=0.01 secs] 
2016-09-25T22:26:01.161-0400: 25.125: [GC (GCLocker Initiated GC) [PSYoungGen: 155240K->68442K(175104K)] 465093K->389597K(699392K), 0.0086424 secs] [Times: user=0.09 sys=0.00, real=0.01 secs] 
2016-09-25T22:26:03.632-0400: 27.596: [GC (GCLocker Initiated GC) [PSYoungGen: 156506K->38791K(175104K)] 512876K->417191K(699392K), 0.0061127 secs] [Times: user=0.07 sys=0.01, real=0.01 secs] 
2016-09-25T22:26:03.707-0400: 27.672: [GC (GCLocker Initiated GC) [PSYoungGen: 126855K->60393K(175104K)] 519550K->453631K(699392K), 0.0062508 secs] [Times: user=0.06 sys=0.00, real=0.00 secs] 
2016-09-25T22:26:03.767-0400: 27.731: [GC (GCLocker Initiated GC) [PSYoungGen: 148457K->75064K(175104K)] 547256K->479728K(699392K), 0.0110889 secs] [Times: user=0.09 sys=0.01, real=0.01 secs] 
2016-09-25T22:26:03.838-0400: 27.802: [GC (GCLocker Initiated GC) [PSYoungGen: 163128K->63079K(175104K)] 573322K->501989K(699392K), 0.0076144 secs] [Times: user=0.09 sys=0.00, real=0.01 secs] 
2016-09-25T22:26:03.906-0400: 27.871: [GC (GCLocker Initiated GC) [PSYoungGen: 151143K->56311K(175104K)] 590186K->525554K(699392K), 0.0095875 secs] [Times: user=0.11 sys=0.03, real=0.01 secs] 
2016-09-25T22:26:03.965-0400: 27.929: [GC (GCLocker Initiated GC) [PSYoungGen: 144375K->64427K(171008K)] 616491K->559930K(695296K), 0.0104005 secs] [Times: user=0.15 sys=0.01, real=0.01 secs] 
2016-09-25T22:26:03.975-0400: 27.939: [Full GC (Ergonomics) [PSYoungGen: 64427K->0K(171008K)] [ParOldGen: 495502K->169591K(524288K)] 559930K->169591K(695296K), [Metaspace: 43390K->43390K(1085440K)], 0.0639171 secs] [Times: user=0.47 sys=0.01, real=0.06 secs] 
2016-09-25T22:26:04.097-0400: 28.061: [GC (GCLocker Initiated GC) [PSYoungGen: 88064K->81026K(173056K)] 257732K->250695K(697344K), 0.0078533 secs] [Times: user=0.08 sys=0.02, real=0.01 secs] 
2016-09-25T22:26:04.150-0400: 28.115: [GC (GCLocker Initiated GC) [PSYoungGen: 169090K->64409K(175104K)] 341616K->241823K(699392K), 0.0066835 secs] [Times: user=0.07 sys=0.01, real=0.01 secs] 
2016-09-25T22:26:04.203-0400: 28.167: [GC (GCLocker Initiated GC) [PSYoungGen: 152473K->76584K(175104K)] 335537K->261441K(699392K), 0.0075479 secs] [Times: user=0.10 sys=0.00, real=0.00 secs] 
2016-09-25T22:26:04.268-0400: 28.232: [GC (GCLocker Initiated GC) [PSYoungGen: 164648K->79282K(175104K)] 352431K->276991K(699392K), 0.0077789 secs] [Times: user=0.08 sys=0.01, real=0.01 secs] 
2016-09-25T22:26:04.333-0400: 28.297: [GC (GCLocker Initiated GC) [PSYoungGen: 167346K->73881K(175104K)] 365132K->284334K(699392K), 0.0074504 secs] [Times: user=0.06 sys=0.01, real=0.01 secs] 
2016-09-25T22:26:04.395-0400: 28.359: [GC (GCLocker Initiated GC) [PSYoungGen: 161945K->73855K(175104K)] 378459K->316543K(699392K), 0.0095628 secs] [Times: user=0.14 sys=0.00, real=0.01 secs] 
2016-09-25T22:26:04.458-0400: 28.423: [GC (GCLocker Initiated GC) [PSYoungGen: 161919K->64346K(175104K)] 410164K->313026K(699392K), 0.0101946 secs] [Times: user=0.12 sys=0.00, real=0.01 secs] 
2016-09-25T22:26:04.526-0400: 28.490: [GC (GCLocker Initiated GC) [PSYoungGen: 152410K->65785K(175104K)] 409311K->335292K(699392K), 0.0091048 secs] [Times: user=0.10 sys=0.00, real=0.01 secs] 
2016-09-25T22:26:04.591-0400: 28.555: [GC (GCLocker Initiated GC) [PSYoungGen: 153849K->67075K(155648K)] 434399K->350782K(679936K), 0.0062400 secs] [Times: user=0.08 sys=0.00, real=0.01 secs] 
2016-09-25T22:26:04.652-0400: 28.617: [GC (GCLocker Initiated GC) [PSYoungGen: 155139K->42664K(174080K)] 456466K->348478K(698368K), 0.0061436 secs] [Times: user=0.05 sys=0.00, real=0.01 secs] 
2016-09-25T22:26:04.715-0400: 28.680: [GC (GCLocker Initiated GC) [PSYoungGen: 130216K->48078K(174592K)] 441512K->365281K(698880K), 0.0089093 secs] [Times: user=0.09 sys=0.01, real=0.01 secs] 
2016-09-25T22:26:04.779-0400: 28.743: [GC (GCLocker Initiated GC) [PSYoungGen: 135630K->59063K(175104K)] 462365K->391631K(699392K), 0.0089289 secs] [Times: user=0.12 sys=0.00, real=0.01 secs] 
2016-09-25T22:26:04.839-0400: 28.803: [GC (GCLocker Initiated GC) [PSYoungGen: 147127K->76644K(175104K)] 482506K->432790K(699392K), 0.0105185 secs] [Times: user=0.15 sys=0.00, real=0.01 secs] 
2016-09-25T22:26:04.912-0400: 28.877: [GC (GCLocker Initiated GC) [PSYoungGen: 164708K->46928K(175104K)] 538544K->442888K(699392K), 0.0063908 secs] [Times: user=0.09 sys=0.01, real=0.01 secs] 
2016-09-25T22:26:04.977-0400: 28.941: [GC (GCLocker Initiated GC) [PSYoungGen: 134992K->46750K(175104K)] 535661K->465461K(699392K), 0.0108035 secs] [Times: user=0.10 sys=0.00, real=0.01 secs] 
2016-09-25T22:26:05.046-0400: 29.010: [GC (GCLocker Initiated GC) [PSYoungGen: 134814K->57636K(175104K)] 556313K->487684K(699392K), 0.0083946 secs] [Times: user=0.11 sys=0.00, real=0.01 secs] 
2016-09-25T22:26:05.105-0400: 29.069: [GC (GCLocker Initiated GC) [PSYoungGen: 145700K->60231K(148480K)] 575854K->500315K(672768K), 0.0069627 secs] [Times: user=0.10 sys=0.00, real=0.00 secs] 
2016-09-25T22:26:05.155-0400: 29.119: [GC (GCLocker Initiated GC) [PSYoungGen: 148295K->54989K(175104K)] 596717K->520002K(699392K), 0.0098261 secs] [Times: user=0.08 sys=0.01, real=0.01 secs] 
2016-09-25T22:26:05.224-0400: 29.188: [GC (GCLocker Initiated GC) [PSYoungGen: 144589K->57527K(173568K)] 619057K->535220K(697856K), 0.0173647 secs] [Times: user=0.23 sys=0.00, real=0.01 secs] 
2016-09-25T22:26:05.300-0400: 29.264: [GC (GCLocker Initiated GC) [PSYoungGen: 147127K->68369K(174592K)] 641155K->562880K(698880K), 0.0061107 secs] [Times: user=0.09 sys=0.00, real=0.01 secs] 
2016-09-25T22:26:05.306-0400: 29.270: [Full GC (Ergonomics) [PSYoungGen: 68369K->0K(174592K)] [ParOldGen: 494510K->174113K(524288K)] 562880K->174113K(698880K), [Metaspace: 43407K->43407K(1085440K)], 0.0711384 secs] [Times: user=0.45 sys=0.01, real=0.07 secs] 
2016-09-25T22:26:05.429-0400: 29.393: [GC (GCLocker Initiated GC) [PSYoungGen: 92160K->45544K(175104K)] 271841K->225233K(699392K), 0.0279121 secs] [Times: user=0.31 sys=0.00, real=0.03 secs] 
2016-09-25T22:26:05.512-0400: 29.477: [GC (GCLocker Initiated GC) [PSYoungGen: 137704K->60318K(175616K)] 320886K->260470K(699904K), 0.0109164 secs] [Times: user=0.14 sys=0.01, real=0.02 secs] 
2016-09-25T22:26:05.578-0400: 29.542: [GC (GCLocker Initiated GC) [PSYoungGen: 156062K->58844K(177152K)] 360409K->274460K(701440K), 0.0068829 secs] [Times: user=0.08 sys=0.01, real=0.01 secs] 
2016-09-25T22:26:05.643-0400: 29.608: [GC (GCLocker Initiated GC) [PSYoungGen: 154588K->62987K(180224K)] 373099K->303483K(704512K), 0.0151129 secs] [Times: user=0.18 sys=0.00, real=0.01 secs] 
2016-09-25T22:26:05.720-0400: 29.684: [GC (GCLocker Initiated GC) [PSYoungGen: 164363K->45567K(180224K)] 414412K->295982K(704512K), 0.0109303 secs] [Times: user=0.15 sys=0.00, real=0.01 secs] 
2016-09-25T22:26:05.794-0400: 29.758: [GC (GCLocker Initiated GC) [PSYoungGen: 146943K->69794K(178688K)] 397397K->332895K(702976K), 0.0117641 secs] [Times: user=0.14 sys=0.00, real=0.02 secs] 
2016-09-25T22:26:05.871-0400: 29.835: [GC (GCLocker Initiated GC) [PSYoungGen: 169122K->52287K(180736K)] 435085K->328100K(705024K), 0.0058200 secs] [Times: user=0.06 sys=0.00, real=0.01 secs] 
2016-09-25T22:26:05.927-0400: 29.891: [GC (GCLocker Initiated GC) [PSYoungGen: 151615K->78089K(171520K)] 432919K->373360K(695808K), 0.0100267 secs] [Times: user=0.07 sys=0.01, real=0.01 secs] 
2016-09-25T22:26:05.994-0400: 29.958: [GC (GCLocker Initiated GC) [PSYoungGen: 169225K->58865K(176640K)] 464562K->372304K(700928K), 0.0067759 secs] [Times: user=0.06 sys=0.00, real=0.00 secs] 
2016-09-25T22:26:06.041-0400: 30.005: [GC (GCLocker Initiated GC) [PSYoungGen: 150001K->72519K(174592K)] 466176K->394453K(698880K), 0.0065536 secs] [Times: user=0.06 sys=0.00, real=0.01 secs] 
2016-09-25T22:26:06.093-0400: 30.057: [GC (GCLocker Initiated GC) [PSYoungGen: 163655K->62999K(176640K)] 485681K->393610K(700928K), 0.0086212 secs] [Times: user=0.05 sys=0.00, real=0.01 secs] 
2016-09-25T22:26:06.152-0400: 30.116: [GC (GCLocker Initiated GC) [PSYoungGen: 154135K->61669K(171008K)] 495616K->403576K(695296K), 0.0101310 secs] [Times: user=0.07 sys=0.01, real=0.02 secs] 
2016-09-25T22:26:06.214-0400: 30.178: [GC (GCLocker Initiated GC) [PSYoungGen: 154341K->76518K(174080K)] 498989K->428483K(698368K), 0.0083891 secs] [Times: user=0.09 sys=0.01, real=0.02 secs] 
2016-09-25T22:26:06.276-0400: 30.240: [GC (GCLocker Initiated GC) [PSYoungGen: 169190K->52264K(177152K)] 529456K->418412K(701440K), 0.0062438 secs] [Times: user=0.05 sys=0.00, real=0.01 secs] 
2016-09-25T22:26:06.334-0400: 30.298: [GC (GCLocker Initiated GC) [PSYoungGen: 144424K->65845K(158208K)] 521394K->459451K(682496K), 0.0083366 secs] [Times: user=0.08 sys=0.00, real=0.01 secs] 
2016-09-25T22:26:06.395-0400: 30.360: [GC (GCLocker Initiated GC) [PSYoungGen: 158005K->77916K(172032K)] 554422K->480290K(696320K), 0.0111118 secs] [Times: user=0.13 sys=0.01, real=0.01 secs] 
2016-09-25T22:26:06.462-0400: 30.426: [GC (GCLocker Initiated GC) [PSYoungGen: 165980K->58902K(175104K)] 573988K->494380K(699392K), 0.0130991 secs] [Times: user=0.14 sys=0.01, real=0.02 secs] 
2016-09-25T22:26:06.529-0400: 30.493: [GC (GCLocker Initiated GC) [PSYoungGen: 146966K->38624K(174080K)] 589315K->500253K(698368K), 0.0086686 secs] [Times: user=0.08 sys=0.00, real=0.01 secs] 
2016-09-25T22:26:06.585-0400: 30.549: [GC (GCLocker Initiated GC) [PSYoungGen: 126688K->68488K(175104K)] 599253K->549673K(699392K), 0.0069949 secs] [Times: user=0.09 sys=0.00, real=0.00 secs] 
2016-09-25T22:26:06.642-0400: 30.606: [GC (GCLocker Initiated GC) [PSYoungGen: 156552K->73862K(175104K)] 638383K->569693K(699392K), 0.0099003 secs] [Times: user=0.15 sys=0.00, real=0.01 secs] 
2016-09-25T22:26:06.652-0400: 30.616: [Full GC (Ergonomics) [PSYoungGen: 73862K->0K(175104K)] [ParOldGen: 495831K->177526K(524288K)] 569693K->177526K(699392K), [Metaspace: 43411K->43411K(1085440K)], 0.0572826 secs] [Times: user=0.47 sys=0.01, real=0.06 secs] 
2016-09-25T22:26:06.766-0400: 30.730: [GC (GCLocker Initiated GC) [PSYoungGen: 88064K->71403K(175104K)] 272502K->255842K(699392K), 0.0059632 secs] [Times: user=0.07 sys=0.01, real=0.00 secs] 
2016-09-25T22:26:06.823-0400: 30.787: [GC (GCLocker Initiated GC) [PSYoungGen: 159467K->50906K(175104K)] 344675K->265231K(699392K), 0.0082623 secs] [Times: user=0.12 sys=0.01, real=0.00 secs] 
2016-09-25T22:26:06.868-0400: 30.832: [GC (GCLocker Initiated GC) [PSYoungGen: 138970K->72615K(175104K)] 358892K->294347K(699392K), 0.0089188 secs] [Times: user=0.13 sys=0.00, real=0.01 secs] 
2016-09-25T22:26:06.925-0400: 30.890: [GC (GCLocker Initiated GC) [PSYoungGen: 160679K->73887K(175104K)] 385200K->316483K(699392K), 0.0086023 secs] [Times: user=0.07 sys=0.00, real=0.00 secs] 
2016-09-25T22:26:06.984-0400: 30.948: [GC (GCLocker Initiated GC) [PSYoungGen: 161951K->61762K(175104K)] 404701K->340091K(699392K), 0.0091994 secs] [Times: user=0.14 sys=0.00, real=0.00 secs] 
2016-09-25T22:26:07.042-0400: 31.006: [GC (GCLocker Initiated GC) [PSYoungGen: 149826K->41419K(175104K)] 432307K->354120K(699392K), 0.0099489 secs] [Times: user=0.12 sys=0.00, real=0.00 secs] 
2016-09-25T22:26:07.107-0400: 31.071: [GC (GCLocker Initiated GC) [PSYoungGen: 129483K->52371K(175104K)] 455765K->388607K(699392K), 0.0102416 secs] [Times: user=0.15 sys=0.01, real=0.01 secs] 
2016-09-25T22:26:07.165-0400: 31.129: [GC (GCLocker Initiated GC) [PSYoungGen: 140435K->45278K(175104K)] 486258K->395672K(699392K), 0.0348443 secs] [Times: user=0.36 sys=0.00, real=0.03 secs] 
2016-09-25T22:26:07.244-0400: 31.208: [GC (GCLocker Initiated GC) [PSYoungGen: 133342K->68469K(175104K)] 487807K->426034K(699392K), 0.0069282 secs] [Times: user=0.09 sys=0.00, real=0.00 secs] 
2016-09-25T22:26:07.288-0400: 31.252: [GC (GCLocker Initiated GC) [PSYoungGen: 156533K->51899K(175104K)] 514153K->411343K(699392K), 0.0164773 secs] [Times: user=0.11 sys=0.00, real=0.02 secs] 
2016-09-25T22:26:07.378-0400: 31.342: [GC (GCLocker Initiated GC) [PSYoungGen: 139963K->75121K(175104K)] 504888K->453961K(699392K), 0.0137978 secs] [Times: user=0.13 sys=0.01, real=0.01 secs] 
2016-09-25T22:26:07.442-0400: 31.406: [GC (GCLocker Initiated GC) [PSYoungGen: 163185K->53490K(175104K)] 550181K->459821K(699392K), 0.0082786 secs] [Times: user=0.09 sys=0.00, real=0.01 secs] 
2016-09-25T22:26:07.504-0400: 31.468: [GC (GCLocker Initiated GC) [PSYoungGen: 141554K->45568K(175104K)] 564135K->471281K(699392K), 0.0135390 secs] [Times: user=0.10 sys=0.00, real=0.01 secs] 
2016-09-25T22:26:07.586-0400: 31.550: [GC (GCLocker Initiated GC) [PSYoungGen: 133632K->62791K(175104K)] 564953K->496008K(699392K), 0.0147218 secs] [Times: user=0.16 sys=0.00, real=0.01 secs] 
2016-09-25T22:26:07.649-0400: 31.613: [GC (GCLocker Initiated GC) [PSYoungGen: 150855K->58927K(147456K)] 593660K->512911K(671744K), 0.0063758 secs] [Times: user=0.07 sys=0.01, real=0.01 secs] 
2016-09-25T22:26:07.695-0400: 31.660: [GC (GCLocker Initiated GC) [PSYoungGen: 146991K->46717K(173568K)] 603738K->540327K(697856K), 0.0067626 secs] [Times: user=0.09 sys=0.00, real=0.01 secs] 
2016-09-25T22:26:07.702-0400: 31.667: [Full GC (Ergonomics) [PSYoungGen: 46717K->0K(173568K)] [ParOldGen: 493610K->181455K(524288K)] 540327K->181455K(697856K), [Metaspace: 43419K->43419K(1085440K)], 0.0843295 secs] [Times: user=0.54 sys=0.02, real=0.08 secs] 
2016-09-25T22:26:07.841-0400: 31.805: [GC (GCLocker Initiated GC) [PSYoungGen: 88576K->71476K(173056K)] 275602K->258503K(697344K), 0.0082969 secs] [Times: user=0.11 sys=0.00, real=0.01 secs] 
2016-09-25T22:26:07.888-0400: 31.852: [GC (GCLocker Initiated GC) [PSYoungGen: 160052K->63009K(176128K)] 347132K->268443K(700416K), 0.0077358 secs] [Times: user=0.07 sys=0.01, real=0.01 secs] 
2016-09-25T22:26:07.949-0400: 31.914: [GC (GCLocker Initiated GC) [PSYoungGen: 152609K->77857K(175104K)] 360822K->298713K(699392K), 0.0105385 secs] [Times: user=0.15 sys=0.02, real=0.01 secs] 
2016-09-25T22:26:08.029-0400: 31.993: [GC (GCLocker Initiated GC) [PSYoungGen: 167457K->48108K(175104K)] 391106K->297753K(699392K), 0.0107002 secs] [Times: user=0.09 sys=0.01, real=0.01 secs] 
2016-09-25T22:26:08.080-0400: 32.044: [GC (GCLocker Initiated GC) [PSYoungGen: 136172K->73880K(175104K)] 391347K->348413K(699392K), 0.0066201 secs] [Times: user=0.10 sys=0.00, real=0.01 secs] 
2016-09-25T22:26:08.132-0400: 32.096: [GC (GCLocker Initiated GC) [PSYoungGen: 161944K->56204K(175104K)] 442223K->357169K(699392K), 0.0087475 secs] [Times: user=0.12 sys=0.00, real=0.01 secs] 
2016-09-25T22:26:08.212-0400: 32.176: [GC (GCLocker Initiated GC) [PSYoungGen: 144268K->30459K(175104K)] 445242K->345355K(699392K), 0.0087768 secs] [Times: user=0.08 sys=0.01, real=0.01 secs] 
2016-09-25T22:26:08.269-0400: 32.233: [GC (GCLocker Initiated GC) [PSYoungGen: 118523K->86101K(175104K)] 436225K->408212K(699392K), 0.0096396 secs] [Times: user=0.14 sys=0.00, real=0.01 secs] 
2016-09-25T22:26:08.318-0400: 32.282: [GC (GCLocker Initiated GC) [PSYoungGen: 174165K->83304K(175104K)] 505946K->418284K(699392K), 0.0072055 secs] [Times: user=0.10 sys=0.00, real=0.01 secs] 
2016-09-25T22:26:08.375-0400: 32.339: [GC (GCLocker Initiated GC) [PSYoungGen: 171368K->65742K(175104K)] 514527K->410709K(699392K), 0.0097542 secs] [Times: user=0.14 sys=0.00, real=0.01 secs] 
2016-09-25T22:26:08.452-0400: 32.416: [GC (GCLocker Initiated GC) [PSYoungGen: 153806K->76437K(175104K)] 501573K->428652K(699392K), 0.0113279 secs] [Times: user=0.11 sys=0.00, real=0.02 secs] 
2016-09-25T22:26:08.515-0400: 32.479: [GC (GCLocker Initiated GC) [PSYoungGen: 164501K->68345K(175104K)] 521322K->429580K(699392K), 0.0066381 secs] [Times: user=0.07 sys=0.00, real=0.00 secs] 
2016-09-25T22:26:08.561-0400: 32.525: [GC (GCLocker Initiated GC) [PSYoungGen: 156409K->51984K(175104K)] 523106K->425828K(699392K), 0.0079907 secs] [Times: user=0.06 sys=0.00, real=0.01 secs] 
2016-09-25T22:26:08.621-0400: 32.585: [GC (GCLocker Initiated GC) [PSYoungGen: 140048K->67046K(175104K)] 519364K->452213K(699392K), 0.0110528 secs] [Times: user=0.17 sys=0.00, real=0.01 secs] 
2016-09-25T22:26:08.691-0400: 32.655: [GC (GCLocker Initiated GC) [PSYoungGen: 155110K->73808K(175104K)] 543073K->466166K(699392K), 0.0130245 secs] [Times: user=0.09 sys=0.00, real=0.02 secs] 
2016-09-25T22:26:08.751-0400: 32.715: [GC (GCLocker Initiated GC) [PSYoungGen: 161872K->46712K(175104K)] 554357K->457119K(699392K), 0.0076591 secs] [Times: user=0.06 sys=0.00, real=0.01 secs] 
2016-09-25T22:26:08.802-0400: 32.767: [GC (GCLocker Initiated GC) [PSYoungGen: 134776K->54652K(175104K)] 548059K->485861K(699392K), 0.0076962 secs] [Times: user=0.05 sys=0.00, real=0.00 secs] 
2016-09-25T22:26:08.860-0400: 32.824: [GC (GCLocker Initiated GC) [PSYoungGen: 142716K->64326K(175104K)] 580585K->505275K(699392K), 0.0085119 secs] [Times: user=0.07 sys=0.00, real=0.01 secs] 
2016-09-25T22:26:08.914-0400: 32.878: [GC (GCLocker Initiated GC) [PSYoungGen: 152390K->80578K(175104K)] 598843K->547781K(699392K), 0.0103310 secs] [Times: user=0.13 sys=0.00, real=0.02 secs] 
2016-09-25T22:26:08.969-0400: 32.933: [GC (GCLocker Initiated GC) [PSYoungGen: 168642K->56226K(175104K)] 636482K->548757K(699392K), 0.0084020 secs] [Times: user=0.08 sys=0.01, real=0.01 secs] 
2016-09-25T22:26:08.978-0400: 32.942: [Full GC (Ergonomics) [PSYoungGen: 56226K->0K(175104K)] [ParOldGen: 492531K->186800K(524288K)] 548757K->186800K(699392K), [Metaspace: 43420K->43420K(1085440K)], 0.0591416 secs] [Times: user=0.43 sys=0.01, real=0.06 secs] 
2016-09-25T22:26:09.095-0400: 33.059: [GC (GCLocker Initiated GC) [PSYoungGen: 88064K->57864K(175104K)] 284597K->254398K(699392K), 0.0077579 secs] [Times: user=0.08 sys=0.00, real=0.01 secs] 
2016-09-25T22:26:09.160-0400: 33.124: [GC (GCLocker Initiated GC) [PSYoungGen: 145928K->58837K(175104K)] 345166K->266911K(699392K), 0.0081174 secs] [Times: user=0.11 sys=0.00, real=0.01 secs] 
2016-09-25T22:26:09.213-0400: 33.177: [GC (GCLocker Initiated GC) [PSYoungGen: 146901K->72554K(175104K)] 355065K->290543K(699392K), 0.0064289 secs] [Times: user=0.08 sys=0.00, real=0.01 secs] 
2016-09-25T22:26:09.254-0400: 33.218: [GC (GCLocker Initiated GC) [PSYoungGen: 160618K->69758K(175104K)] 378666K->305843K(699392K), 0.0088187 secs] [Times: user=0.06 sys=0.01, real=0.02 secs] 
2016-09-25T22:26:09.302-0400: 33.267: [GC (GCLocker Initiated GC) [PSYoungGen: 157822K->56385K(175104K)] 397190K->298881K(699392K), 0.0137433 secs] [Times: user=0.14 sys=0.00, real=0.01 secs] 
2016-09-25T22:26:09.365-0400: 33.329: [GC (GCLocker Initiated GC) [PSYoungGen: 144449K->64388K(175104K)] 399321K->319759K(699392K), 0.0060169 secs] [Times: user=0.07 sys=0.01, real=0.00 secs] 
2016-09-25T22:26:09.417-0400: 33.381: [GC (GCLocker Initiated GC) [PSYoungGen: 152452K->73729K(175104K)] 410687K->335074K(699392K), 0.0105939 secs] [Times: user=0.14 sys=0.00, real=0.01 secs] 
2016-09-25T22:26:09.474-0400: 33.438: [GC (GCLocker Initiated GC) [PSYoungGen: 161793K->63035K(174080K)] 429985K->346441K(698368K), 0.0082750 secs] [Times: user=0.12 sys=0.00, real=0.02 secs] 
2016-09-25T22:26:09.528-0400: 33.492: [GC (GCLocker Initiated GC) [PSYoungGen: 151099K->68512K(174592K)] 435998K->367326K(698880K), 0.0065724 secs] [Times: user=0.09 sys=0.01, real=0.01 secs] 
2016-09-25T22:26:09.581-0400: 33.545: [GC (GCLocker Initiated GC) [PSYoungGen: 156576K->84559K(173568K)] 460824K->391975K(697856K), 0.0096255 secs] [Times: user=0.15 sys=0.00, real=0.01 secs] 
2016-09-25T22:26:09.644-0400: 33.608: [GC (GCLocker Initiated GC) [PSYoungGen: 172623K->67098K(175104K)] 497674K->401970K(699392K), 0.0087384 secs] [Times: user=0.08 sys=0.00, real=0.00 secs] 
2016-09-25T22:26:09.692-0400: 33.656: [GC (GCLocker Initiated GC) [PSYoungGen: 155162K->73783K(175104K)] 498971K->419422K(699392K), 0.0098100 secs] [Times: user=0.14 sys=0.00, real=0.01 secs] 
2016-09-25T22:26:09.753-0400: 33.717: [GC (GCLocker Initiated GC) [PSYoungGen: 161847K->50798K(175104K)] 515864K->422807K(699392K), 0.0074561 secs] [Times: user=0.10 sys=0.00, real=0.01 secs] 
2016-09-25T22:26:09.809-0400: 33.774: [GC (GCLocker Initiated GC) [PSYoungGen: 138862K->49405K(175104K)] 516327K->432598K(699392K), 0.0083341 secs] [Times: user=0.10 sys=0.00, real=0.01 secs] 
2016-09-25T22:26:09.861-0400: 33.825: [GC (GCLocker Initiated GC) [PSYoungGen: 137469K->80604K(175104K)] 523482K->480522K(699392K), 0.0070875 secs] [Times: user=0.10 sys=0.00, real=0.01 secs] 
2016-09-25T22:26:09.916-0400: 33.880: [GC (GCLocker Initiated GC) [PSYoungGen: 168668K->69796K(175104K)] 576732K->503928K(699392K), 0.0074015 secs] [Times: user=0.10 sys=0.00, real=0.01 secs] 
2016-09-25T22:26:09.969-0400: 33.933: [GC (GCLocker Initiated GC) [PSYoungGen: 157860K->60378K(175104K)] 597838K->514274K(699392K), 0.0083755 secs] [Times: user=0.09 sys=0.01, real=0.01 secs] 
2016-09-25T22:26:10.021-0400: 33.985: [GC (GCLocker Initiated GC) [PSYoungGen: 148442K->62979K(175104K)] 603772K->532275K(699392K), 0.0088136 secs] [Times: user=0.09 sys=0.00, real=0.01 secs] 
2016-09-25T22:26:10.083-0400: 34.047: [GC (GCLocker Initiated GC) [PSYoungGen: 151043K->46566K(175104K)] 625778K->532403K(699392K), 0.0128226 secs] [Times: user=0.13 sys=0.00, real=0.01 secs] 
2016-09-25T22:26:10.129-0400: 34.093: [GC (GCLocker Initiated GC) [PSYoungGen: 134630K->65606K(175104K)] 620551K->555922K(699392K), 0.0182843 secs] [Times: user=0.26 sys=0.00, real=0.02 secs] 
2016-09-25T22:26:10.194-0400: 34.158: [GC (GCLocker Initiated GC) [PSYoungGen: 153670K->54710K(175104K)] 649635K->568663K(699392K), 0.0080585 secs] [Times: user=0.07 sys=0.00, real=0.02 secs] 
2016-09-25T22:26:10.202-0400: 34.166: [Full GC (Ergonomics) [PSYoungGen: 54710K->0K(175104K)] [ParOldGen: 513953K->202556K(524288K)] 568663K->202556K(699392K), [Metaspace: 43424K->43424K(1085440K)], 0.0587850 secs] [Times: user=0.39 sys=0.01, real=0.05 secs] 
2016-09-25T22:26:10.307-0400: 34.272: [GC (GCLocker Initiated GC) [PSYoungGen: 88063K->68595K(174080K)] 293568K->274101K(698368K), 0.0280737 secs] [Times: user=0.32 sys=0.00, real=0.03 secs] 
2016-09-25T22:26:10.390-0400: 34.354: [GC (GCLocker Initiated GC) [PSYoungGen: 156659K->42421K(174592K)] 364939K->254087K(698880K), 0.0099570 secs] [Times: user=0.09 sys=0.00, real=0.01 secs] 
2016-09-25T22:26:10.439-0400: 34.403: [GC (GCLocker Initiated GC) [PSYoungGen: 130485K->65575K(175104K)] 342371K->284566K(699392K), 0.0080667 secs] [Times: user=0.06 sys=0.01, real=0.01 secs] 
2016-09-25T22:26:10.505-0400: 34.469: [GC (GCLocker Initiated GC) [PSYoungGen: 153639K->57519K(145920K)] 387565K->294503K(670208K), 0.0085873 secs] [Times: user=0.09 sys=0.00, real=0.00 secs] 
2016-09-25T22:26:10.573-0400: 34.538: [GC (GCLocker Initiated GC) [PSYoungGen: 145583K->49268K(173056K)] 385376K->292188K(697344K), 0.0057638 secs] [Times: user=0.04 sys=0.00, real=0.01 secs] 
2016-09-25T22:26:10.618-0400: 34.582: [GC (GCLocker Initiated GC) [PSYoungGen: 137332K->38512K(173056K)] 385731K->299401K(697344K), 0.0151263 secs] [Times: user=0.17 sys=0.00, real=0.01 secs] 
2016-09-25T22:26:10.682-0400: 34.647: [GC (Allocation Failure) [PSYoungGen: 126576K->58998K(173056K)] 391655K->348793K(697344K), 0.0128496 secs] [Times: user=0.13 sys=0.01, real=0.01 secs] 
2016-09-25T22:26:10.747-0400: 34.711: [GC (GCLocker Initiated GC) [PSYoungGen: 150107K->62972K(174592K)] 446652K->361303K(698880K), 0.0076156 secs] [Times: user=0.11 sys=0.00, real=0.01 secs] 
2016-09-25T22:26:10.802-0400: 34.766: [GC (GCLocker Initiated GC) [PSYoungGen: 154108K->62801K(176128K)] 452660K->361712K(700416K), 0.0085318 secs] [Times: user=0.06 sys=0.00, real=0.00 secs] 
2016-09-25T22:26:10.862-0400: 34.826: [GC (GCLocker Initiated GC) [PSYoungGen: 158545K->65705K(177664K)] 460384K->382784K(701952K), 0.0085620 secs] [Times: user=0.08 sys=0.00, real=0.01 secs] 
2016-09-25T22:26:10.917-0400: 34.881: [GC (GCLocker Initiated GC) [PSYoungGen: 161449K->71181K(175616K)] 484092K->415841K(699904K), 0.0091525 secs] [Times: user=0.14 sys=0.00, real=0.01 secs] 
2016-09-25T22:26:10.982-0400: 34.946: [GC (GCLocker Initiated GC) [PSYoungGen: 164365K->57650K(177664K)] 514524K->408229K(701952K), 0.0153701 secs] [Times: user=0.16 sys=0.01, real=0.02 secs] 
2016-09-25T22:26:11.048-0400: 35.012: [GC (GCLocker Initiated GC) [PSYoungGen: 150834K->39799K(176128K)] 511351K->402072K(700416K), 0.0076276 secs] [Times: user=0.06 sys=0.01, real=0.01 secs] 
2016-09-25T22:26:11.108-0400: 35.072: [GC (GCLocker Initiated GC) [PSYoungGen: 133495K->50575K(177664K)] 495930K->414722K(701952K), 0.0264733 secs] [Times: user=0.31 sys=0.00, real=0.03 secs] 
2016-09-25T22:26:11.191-0400: 35.155: [GC (GCLocker Initiated GC) [PSYoungGen: 144271K->61605K(175616K)] 509915K->439728K(699904K), 0.0086156 secs] [Times: user=0.08 sys=0.00, real=0.01 secs] 
2016-09-25T22:26:11.253-0400: 35.217: [GC (GCLocker Initiated GC) [PSYoungGen: 156837K->64389K(177152K)] 541835K->474166K(701440K), 0.0138744 secs] [Times: user=0.16 sys=0.00, real=0.02 secs] 
2016-09-25T22:26:11.315-0400: 35.279: [GC (GCLocker Initiated GC) [PSYoungGen: 159621K->61618K(177152K)] 574887K->484013K(701440K), 0.0124825 secs] [Times: user=0.16 sys=0.00, real=0.01 secs] 
2016-09-25T22:26:11.380-0400: 35.345: [GC (GCLocker Initiated GC) [PSYoungGen: 159922K->54907K(178688K)] 585685K->514904K(702976K), 0.0080177 secs] [Times: user=0.11 sys=0.00, real=0.01 secs] 
2016-09-25T22:26:11.451-0400: 35.415: [GC (GCLocker Initiated GC) [PSYoungGen: 153211K->58754K(178688K)] 616146K->526118K(702976K), 0.0095451 secs] [Times: user=0.10 sys=0.00, real=0.01 secs] 
2016-09-25T22:26:11.516-0400: 35.480: [GC (GCLocker Initiated GC) [PSYoungGen: 161666K->49348K(180224K)] 631968K->529443K(704512K), 0.0090982 secs] [Times: user=0.09 sys=0.00, real=0.01 secs] 
2016-09-25T22:26:11.585-0400: 35.549: [GC (GCLocker Initiated GC) [PSYoungGen: 152260K->60145K(182272K)] 632521K->548957K(706560K), 0.0243727 secs] [Times: user=0.32 sys=0.01, real=0.02 secs] 
2016-09-25T22:26:11.665-0400: 35.629: [Full GC (Ergonomics) [PSYoungGen: 168177K->0K(182272K)] [ParOldGen: 491610K->182744K(524288K)] 659787K->182744K(706560K), [Metaspace: 43452K->43452K(1085440K)], 0.1735074 secs] [Times: user=2.15 sys=0.05, real=0.17 secs] 
2016-09-25T22:26:11.909-0400: 35.873: [GC (GCLocker Initiated GC) [PSYoungGen: 108032K->56591K(183808K)] 294911K->243471K(708096K), 0.0084777 secs] [Times: user=0.09 sys=0.00, real=0.01 secs] 
2016-09-25T22:26:11.964-0400: 35.928: [GC (GCLocker Initiated GC) [PSYoungGen: 164623K->73886K(178688K)] 351581K->275224K(702976K), 0.0078536 secs] [Times: user=0.10 sys=0.00, real=0.00 secs] 
2016-09-25T22:26:12.039-0400: 36.003: [GC (GCLocker Initiated GC) [PSYoungGen: 178334K->58908K(183296K)] 385214K->277054K(707584K), 0.0096033 secs] [Times: user=0.11 sys=0.00, real=0.01 secs] 
2016-09-25T22:26:12.125-0400: 36.089: [GC (Allocation Failure) [PSYoungGen: 163356K->76509K(176128K)] 381565K->296526K(700416K), 0.0061712 secs] [Times: user=0.09 sys=0.00, real=0.00 secs] 
2016-09-25T22:26:12.132-0400: 36.096: [GC (GCLocker Initiated GC) [PSYoungGen: 79881K->2892K(102400K)] 299897K->303168K(626688K), 0.0061081 secs] [Times: user=0.08 sys=0.00, real=0.01 secs] 
2016-09-25T22:26:12.181-0400: 36.146: [GC (GCLocker Initiated GC) [PSYoungGen: 99789K->70156K(175104K)] 402765K->373141K(699392K), 0.0059285 secs] [Times: user=0.08 sys=0.00, real=0.01 secs] 
2016-09-25T22:26:12.233-0400: 36.197: [GC (GCLocker Initiated GC) [PSYoungGen: 158220K->57622K(175104K)] 470705K->375007K(699392K), 0.0065790 secs] [Times: user=0.08 sys=0.00, real=0.01 secs] 
2016-09-25T22:26:12.290-0400: 36.254: [GC (GCLocker Initiated GC) [PSYoungGen: 145686K->27557K(175104K)] 471202K->357533K(699392K), 0.0060497 secs] [Times: user=0.05 sys=0.00, real=0.01 secs] 
2016-09-25T22:26:12.367-0400: 36.331: [GC (GCLocker Initiated GC) [PSYoungGen: 115621K->35644K(175104K)] 446236K->376075K(699392K), 0.0146641 secs] [Times: user=0.10 sys=0.00, real=0.01 secs] 
2016-09-25T22:26:12.441-0400: 36.405: [GC (GCLocker Initiated GC) [PSYoungGen: 123708K->72555K(175104K)] 464921K->437103K(699392K), 0.0071894 secs] [Times: user=0.12 sys=0.00, real=0.01 secs] 
2016-09-25T22:26:12.485-0400: 36.450: [GC (GCLocker Initiated GC) [PSYoungGen: 160619K->80559K(175104K)] 527997K->448369K(699392K), 0.0072953 secs] [Times: user=0.10 sys=0.00, real=0.00 secs] 
2016-09-25T22:26:12.550-0400: 36.514: [GC (GCLocker Initiated GC) [PSYoungGen: 168623K->77827K(175104K)] 536684K->455767K(699392K), 0.0116660 secs] [Times: user=0.14 sys=0.00, real=0.01 secs] 
2016-09-25T22:26:12.634-0400: 36.599: [GC (GCLocker Initiated GC) [PSYoungGen: 165891K->53354K(175104K)] 546075K->451525K(699392K), 0.0122739 secs] [Times: user=0.12 sys=0.00, real=0.01 secs] 
2016-09-25T22:26:12.690-0400: 36.654: [GC (GCLocker Initiated GC) [PSYoungGen: 141418K->60405K(175104K)] 539737K->482058K(699392K), 0.0073140 secs] [Times: user=0.10 sys=0.01, real=0.01 secs] 
2016-09-25T22:26:12.753-0400: 36.718: [GC (GCLocker Initiated GC) [PSYoungGen: 148469K->76541K(175104K)] 573136K->503099K(699392K), 0.0096930 secs] [Times: user=0.15 sys=0.00, real=0.02 secs] 
2016-09-25T22:26:12.838-0400: 36.802: [GC (GCLocker Initiated GC) [PSYoungGen: 164605K->38472K(175104K)] 602023K->493829K(699392K), 0.0133107 secs] [Times: user=0.11 sys=0.00, real=0.01 secs] 
2016-09-25T22:26:12.902-0400: 36.866: [GC (GCLocker Initiated GC) [PSYoungGen: 126536K->49362K(175104K)] 594095K->522649K(699392K), 0.0097639 secs] [Times: user=0.09 sys=0.01, real=0.01 secs] 
2016-09-25T22:26:12.955-0400: 36.919: [GC (GCLocker Initiated GC) [PSYoungGen: 137426K->73776K(175104K)] 616306K->553090K(699392K), 0.0066270 secs] [Times: user=0.07 sys=0.00, real=0.00 secs] 
2016-09-25T22:26:13.026-0400: 36.990: [Full GC (Ergonomics) [PSYoungGen: 161840K->0K(175104K)] [ParOldGen: 487485K->194102K(524288K)] 649325K->194102K(699392K), [Metaspace: 43575K->43575K(1085440K)], 0.0792448 secs] [Times: user=0.51 sys=0.02, real=0.08 secs] 
2016-09-25T22:26:13.156-0400: 37.120: [GC (GCLocker Initiated GC) [PSYoungGen: 88064K->53956K(175104K)] 298695K->264587K(699392K), 0.0055625 secs] [Times: user=0.07 sys=0.00, real=0.00 secs] 
2016-09-25T22:26:13.227-0400: 37.191: [GC (GCLocker Initiated GC) [PSYoungGen: 142019K->58882K(175104K)] 363789K->294962K(699392K), 0.0098086 secs] [Times: user=0.12 sys=0.00, real=0.01 secs] 
2016-09-25T22:26:13.303-0400: 37.267: [GC (GCLocker Initiated GC) [PSYoungGen: 146946K->71032K(175104K)] 385943K->310397K(699392K), 0.0059674 secs] [Times: user=0.08 sys=0.00, real=0.00 secs] 
2016-09-25T22:26:13.347-0400: 37.311: [GC (GCLocker Initiated GC) [PSYoungGen: 159096K->77891K(175104K)] 404835K->332106K(699392K), 0.0114707 secs] [Times: user=0.16 sys=0.01, real=0.01 secs] 
2016-09-25T22:26:13.405-0400: 37.369: [GC (GCLocker Initiated GC) [PSYoungGen: 165955K->57576K(175104K)] 429731K->331215K(699392K), 0.0166111 secs] [Times: user=0.22 sys=0.00, real=0.01 secs] 
2016-09-25T22:26:13.487-0400: 37.452: [GC (GCLocker Initiated GC) [PSYoungGen: 145640K->71160K(175104K)] 419371K->362860K(699392K), 0.0110395 secs] [Times: user=0.17 sys=0.00, real=0.01 secs] 
2016-09-25T22:26:13.552-0400: 37.516: [GC (GCLocker Initiated GC) [PSYoungGen: 159224K->60308K(175104K)] 459218K->371557K(699392K), 0.0065698 secs] [Times: user=0.09 sys=0.00, real=0.01 secs] 
2016-09-25T22:26:13.595-0400: 37.560: [GC (GCLocker Initiated GC) [PSYoungGen: 148372K->64358K(175104K)] 466449K->399055K(699392K), 0.0062749 secs] [Times: user=0.09 sys=0.00, real=0.00 secs] 
2016-09-25T22:26:13.659-0400: 37.623: [GC (GCLocker Initiated GC) [PSYoungGen: 152422K->73820K(175104K)] 495963K->428645K(699392K), 0.0118445 secs] [Times: user=0.16 sys=0.00, real=0.01 secs] 
2016-09-25T22:26:13.739-0400: 37.703: [GC (GCLocker Initiated GC) [PSYoungGen: 161884K->75146K(175104K)] 524923K->439982K(699392K), 0.0108576 secs] [Times: user=0.15 sys=0.00, real=0.01 secs] 
2016-09-25T22:26:13.794-0400: 37.759: [GC (GCLocker Initiated GC) [PSYoungGen: 163210K->53507K(175104K)] 534901K->448500K(699392K), 0.0068008 secs] [Times: user=0.06 sys=0.00, real=0.00 secs] 
2016-09-25T22:26:13.841-0400: 37.805: [GC (GCLocker Initiated GC) [PSYoungGen: 141571K->61528K(175104K)] 539407K->488127K(699392K), 0.0087911 secs] [Times: user=0.09 sys=0.00, real=0.01 secs] 
2016-09-25T22:26:13.892-0400: 37.857: [GC (GCLocker Initiated GC) [PSYoungGen: 149592K->72556K(175104K)] 578969K->519869K(699392K), 0.0087400 secs] [Times: user=0.09 sys=0.01, real=0.01 secs] 
2016-09-25T22:26:13.947-0400: 37.912: [GC (GCLocker Initiated GC) [PSYoungGen: 160620K->71253K(175104K)] 612063K->525881K(699392K), 0.0067145 secs] [Times: user=0.08 sys=0.01, real=0.01 secs] 
2016-09-25T22:26:14.013-0400: 37.978: [GC (GCLocker Initiated GC) [PSYoungGen: 159317K->42656K(175104K)] 614055K->534377K(699392K), 0.0119789 secs] [Times: user=0.15 sys=0.01, real=0.02 secs] 
2016-09-25T22:26:14.025-0400: 37.990: [Full GC (Ergonomics) [PSYoungGen: 42656K->0K(175104K)] [ParOldGen: 491721K->188023K(524288K)] 534377K->188023K(699392K), [Metaspace: 43575K->43575K(1085440K)], 0.0501933 secs] [Times: user=0.40 sys=0.00, real=0.05 secs] 
2016-09-25T22:26:14.113-0400: 38.077: [GC (GCLocker Initiated GC) [PSYoungGen: 88064K->86416K(175104K)] 277533K->283994K(699392K), 0.0105300 secs] [Times: user=0.11 sys=0.01, real=0.02 secs] 
2016-09-25T22:26:14.175-0400: 38.139: [GC (GCLocker Initiated GC) [PSYoungGen: 174480K->54774K(175104K)] 374910K->289776K(699392K), 0.0168669 secs] [Times: user=0.16 sys=0.00, real=0.01 secs] 
2016-09-25T22:26:14.237-0400: 38.201: [GC (GCLocker Initiated GC) [PSYoungGen: 142838K->60460K(175104K)] 379253K->313478K(699392K), 0.0095430 secs] [Times: user=0.10 sys=0.00, real=0.01 secs] 
2016-09-25T22:26:14.287-0400: 38.251: [GC (GCLocker Initiated GC) [PSYoungGen: 148524K->73836K(175104K)] 401763K->353309K(699392K), 0.0097489 secs] [Times: user=0.10 sys=0.00, real=0.01 secs] 
2016-09-25T22:26:14.341-0400: 38.305: [GC (GCLocker Initiated GC) [PSYoungGen: 161900K->79361K(175104K)] 448306K->366182K(699392K), 0.0068598 secs] [Times: user=0.08 sys=0.00, real=0.01 secs] 
2016-09-25T22:26:14.407-0400: 38.372: [GC (GCLocker Initiated GC) [PSYoungGen: 167425K->76489K(175104K)] 459752K->380189K(699392K), 0.0091238 secs] [Times: user=0.13 sys=0.00, real=0.01 secs] 
2016-09-25T22:26:14.483-0400: 38.447: [GC (GCLocker Initiated GC) [PSYoungGen: 164553K->56335K(175104K)] 480777K->374333K(699392K), 0.0100495 secs] [Times: user=0.10 sys=0.00, real=0.00 secs] 
2016-09-25T22:26:14.547-0400: 38.511: [GC (GCLocker Initiated GC) [PSYoungGen: 144399K->68396K(175104K)] 467067K->396897K(699392K), 0.0099274 secs] [Times: user=0.15 sys=0.00, real=0.01 secs] 
2016-09-25T22:26:14.600-0400: 38.564: [GC (GCLocker Initiated GC) [PSYoungGen: 156460K->62948K(175104K)] 485114K->413626K(699392K), 0.0086320 secs] [Times: user=0.09 sys=0.00, real=0.01 secs] 
2016-09-25T22:26:14.654-0400: 38.618: [GC (GCLocker Initiated GC) [PSYoungGen: 151012K->68482K(175104K)] 511198K->445244K(699392K), 0.0096711 secs] [Times: user=0.12 sys=0.01, real=0.02 secs] 
2016-09-25T22:26:14.715-0400: 38.679: [GC (GCLocker Initiated GC) [PSYoungGen: 156546K->67064K(175104K)] 533395K->457923K(699392K), 0.0093910 secs] [Times: user=0.12 sys=0.01, real=0.01 secs] 
2016-09-25T22:26:14.772-0400: 38.736: [GC (GCLocker Initiated GC) [PSYoungGen: 155128K->50986K(175104K)] 552918K->464004K(699392K), 0.0097029 secs] [Times: user=0.10 sys=0.01, real=0.01 secs] 
2016-09-25T22:26:14.831-0400: 38.795: [GC (GCLocker Initiated GC) [PSYoungGen: 139050K->58922K(175104K)] 552313K->490279K(699392K), 0.0065459 secs] [Times: user=0.08 sys=0.01, real=0.01 secs] 
2016-09-25T22:26:14.952-0400: 38.916: [GC (GCLocker Initiated GC) [PSYoungGen: 146986K->29116K(175104K)] 579695K->483789K(699392K), 0.0130247 secs] [Times: user=0.12 sys=0.01, real=0.02 secs] 
2016-09-25T22:26:14.991-0400: 38.956: [GC (GCLocker Initiated GC) [PSYoungGen: 117180K->77885K(175104K)] 571976K->535828K(699392K), 0.0083799 secs] [Times: user=0.13 sys=0.00, real=0.01 secs] 
2016-09-25T22:26:15.057-0400: 39.021: [GC (GCLocker Initiated GC) [PSYoungGen: 165949K->68522K(175104K)] 630732K->543210K(699392K), 0.0088600 secs] [Times: user=0.10 sys=0.01, real=0.01 secs] 
2016-09-25T22:26:15.127-0400: 39.091: [GC (GCLocker Initiated GC) [PSYoungGen: 156586K->57577K(175104K)] 640862K->573388K(699392K), 0.0074507 secs] [Times: user=0.08 sys=0.01, real=0.01 secs] 
2016-09-25T22:26:15.134-0400: 39.098: [Full GC (Ergonomics) [PSYoungGen: 57577K->0K(175104K)] [ParOldGen: 515811K->199009K(524288K)] 573388K->199009K(699392K), [Metaspace: 43578K->43578K(1085440K)], 0.0619656 secs] [Times: user=0.44 sys=0.00, real=0.06 secs] 
2016-09-25T22:26:15.250-0400: 39.214: [GC (GCLocker Initiated GC) [PSYoungGen: 88064K->53519K(175104K)] 288676K->254132K(699392K), 0.0123312 secs] [Times: user=0.08 sys=0.00, real=0.02 secs] 
2016-09-25T22:26:15.315-0400: 39.279: [GC (GCLocker Initiated GC) [PSYoungGen: 141583K->48096K(175104K)] 347681K->275098K(699392K), 0.0147484 secs] [Times: user=0.17 sys=0.01, real=0.01 secs] 
2016-09-25T22:26:15.380-0400: 39.344: [GC (GCLocker Initiated GC) [PSYoungGen: 136160K->72505K(175104K)] 368593K->312102K(699392K), 0.0086341 secs] [Times: user=0.11 sys=0.00, real=0.01 secs] 
2016-09-25T22:26:15.425-0400: 39.389: [GC (GCLocker Initiated GC) [PSYoungGen: 160569K->58959K(175104K)] 403002K->313960K(699392K), 0.0062828 secs] [Times: user=0.08 sys=0.00, real=0.00 secs] 
2016-09-25T22:26:15.483-0400: 39.447: [GC (GCLocker Initiated GC) [PSYoungGen: 147023K->61555K(150016K)] 402202K->348233K(674304K), 0.0105029 secs] [Times: user=0.09 sys=0.00, real=0.00 secs] 
2016-09-25T22:26:15.543-0400: 39.507: [GC (GCLocker Initiated GC) [PSYoungGen: 149619K->58969K(176128K)] 441804K->365023K(700416K), 0.0098072 secs] [Times: user=0.10 sys=0.00, real=0.00 secs] 
2016-09-25T22:26:15.590-0400: 39.554: [GC (GCLocker Initiated GC) [PSYoungGen: 149081K->53329K(174080K)] 457872K->378729K(698368K), 0.0100147 secs] [Times: user=0.07 sys=0.00, real=0.01 secs] 
2016-09-25T22:26:15.649-0400: 39.613: [GC (GCLocker Initiated GC) [PSYoungGen: 143441K->68271K(174080K)] 468897K->403632K(698368K), 0.0086287 secs] [Times: user=0.08 sys=0.00, real=0.01 secs] 
2016-09-25T22:26:15.711-0400: 39.675: [GC (GCLocker Initiated GC) [PSYoungGen: 159407K->52008K(175104K)] 500297K->406752K(699392K), 0.0164237 secs] [Times: user=0.19 sys=0.00, real=0.02 secs] 
2016-09-25T22:26:15.782-0400: 39.747: [GC (GCLocker Initiated GC) [PSYoungGen: 143144K->42481K(177152K)] 500628K->423288K(701440K), 0.0119922 secs] [Times: user=0.10 sys=0.00, real=0.01 secs] 
2016-09-25T22:26:15.848-0400: 39.813: [GC (GCLocker Initiated GC) [PSYoungGen: 136689K->33117K(127488K)] 532455K->445386K(651776K), 0.0082025 secs] [Times: user=0.06 sys=0.00, real=0.01 secs] 
2016-09-25T22:26:15.902-0400: 39.866: [GC (GCLocker Initiated GC) [PSYoungGen: 127325K->68462K(173568K)] 543719K->488089K(697856K), 0.0090412 secs] [Times: user=0.12 sys=0.00, real=0.01 secs] 
2016-09-25T22:26:15.954-0400: 39.919: [GC (GCLocker Initiated GC) [PSYoungGen: 156526K->64348K(175104K)] 578978K->511518K(699392K), 0.0101557 secs] [Times: user=0.14 sys=0.00, real=0.01 secs] 
2016-09-25T22:26:16.008-0400: 39.972: [GC (GCLocker Initiated GC) [PSYoungGen: 152412K->68366K(175104K)] 602390K->520088K(699392K), 0.0071876 secs] [Times: user=0.10 sys=0.00, real=0.01 secs] 
2016-09-25T22:26:16.061-0400: 40.026: [GC (GCLocker Initiated GC) [PSYoungGen: 156430K->50773K(139264K)] 613631K->536762K(663552K), 0.0061457 secs] [Times: user=0.08 sys=0.00, real=0.01 secs] 
2016-09-25T22:26:16.068-0400: 40.032: [Full GC (Ergonomics) [PSYoungGen: 50773K->0K(139264K)] [ParOldGen: 485988K->203725K(524288K)] 536762K->203725K(663552K), [Metaspace: 43580K->43580K(1085440K)], 0.0517486 secs] [Times: user=0.37 sys=0.00, real=0.05 secs] 
2016-09-25T22:26:16.163-0400: 40.127: [GC (GCLocker Initiated GC) [PSYoungGen: 88064K->68793K(174080K)] 295680K->276410K(698368K), 0.0067046 secs] [Times: user=0.07 sys=0.00, real=0.00 secs] 
2016-09-25T22:26:16.215-0400: 40.179: [GC (GCLocker Initiated GC) [PSYoungGen: 156345K->45290K(174592K)] 366834K->267333K(698880K), 0.0084230 secs] [Times: user=0.08 sys=0.00, real=0.01 secs] 
2016-09-25T22:26:16.271-0400: 40.235: [GC (GCLocker Initiated GC) [PSYoungGen: 132842K->75171K(175104K)] 357696K->307151K(699392K), 0.0119292 secs] [Times: user=0.16 sys=0.00, real=0.02 secs] 
2016-09-25T22:26:16.326-0400: 40.290: [GC (GCLocker Initiated GC) [PSYoungGen: 163235K->52215K(175104K)] 399350K->311721K(699392K), 0.0190932 secs] [Times: user=0.22 sys=0.00, real=0.02 secs] 
2016-09-25T22:26:16.397-0400: 40.362: [GC (GCLocker Initiated GC) [PSYoungGen: 140279K->50829K(175104K)] 410705K->328464K(699392K), 0.0097528 secs] [Times: user=0.08 sys=0.01, real=0.01 secs] 
2016-09-25T22:26:16.460-0400: 40.424: [GC (GCLocker Initiated GC) [PSYoungGen: 138893K->53442K(141824K)] 421963K->362569K(666112K), 0.0079847 secs] [Times: user=0.10 sys=0.00, real=0.01 secs] 
2016-09-25T22:26:16.518-0400: 40.482: [GC (GCLocker Initiated GC) [PSYoungGen: 141506K->69800K(171008K)] 454837K->383451K(695296K), 0.0096191 secs] [Times: user=0.11 sys=0.00, real=0.01 secs] 
2016-09-25T22:26:16.585-0400: 40.550: [GC (GCLocker Initiated GC) [PSYoungGen: 155816K->60303K(173056K)] 484432K->389394K(697344K), 0.0084057 secs] [Times: user=0.10 sys=0.00, real=0.00 secs] 
2016-09-25T22:26:16.638-0400: 40.603: [GC (GCLocker Initiated GC) [PSYoungGen: 146319K->54999K(172544K)] 481996K->396523K(696832K), 0.0077877 secs] [Times: user=0.08 sys=0.01, real=0.01 secs] 
2016-09-25T22:26:16.702-0400: 40.667: [GC (GCLocker Initiated GC) [PSYoungGen: 145623K->54958K(173568K)] 496756K->433531K(697856K), 0.0072506 secs] [Times: user=0.07 sys=0.00, real=0.00 secs] 
2016-09-25T22:26:16.756-0400: 40.720: [GC (GCLocker Initiated GC) [PSYoungGen: 145582K->63112K(178688K)] 532307K->451649K(702976K), 0.0355718 secs] [Times: user=0.44 sys=0.01, real=0.03 secs] 
2016-09-25T22:26:16.850-0400: 40.815: [GC (GCLocker Initiated GC) [PSYoungGen: 160904K->79445K(177664K)] 557731K->499874K(701952K), 0.0146859 secs] [Times: user=0.19 sys=0.00, real=0.02 secs] 
2016-09-25T22:26:16.919-0400: 40.884: [GC (GCLocker Initiated GC) [PSYoungGen: 177237K->56436K(177664K)] 619361K->507276K(701952K), 0.0068318 secs] [Times: user=0.06 sys=0.00, real=0.01 secs] 
2016-09-25T22:26:16.979-0400: 40.943: [GC (GCLocker Initiated GC) [PSYoungGen: 149620K->50884K(144384K)] 603276K->522764K(668672K), 0.0157900 secs] [Times: user=0.20 sys=0.01, real=0.02 secs] 
2016-09-25T22:26:17.051-0400: 41.015: [GC (GCLocker Initiated GC) [PSYoungGen: 144068K->55069K(178176K)] 617315K->530088K(702464K), 0.0164406 secs] [Times: user=0.20 sys=0.00, real=0.02 secs] 
2016-09-25T22:26:17.123-0400: 41.087: [GC (GCLocker Initiated GC) [PSYoungGen: 149789K->65871K(176640K)] 624992K->555259K(700928K), 0.0113910 secs] [Times: user=0.13 sys=0.00, real=0.01 secs] 
2016-09-25T22:26:17.135-0400: 41.099: [Full GC (Ergonomics) [PSYoungGen: 65871K->0K(176640K)] [ParOldGen: 489388K->209670K(524288K)] 555259K->209670K(700928K), [Metaspace: 43582K->43582K(1085440K)], 0.0555232 secs] [Times: user=0.36 sys=0.01, real=0.05 secs] 
2016-09-25T22:26:17.237-0400: 41.202: [GC (GCLocker Initiated GC) [PSYoungGen: 94720K->65381K(178688K)] 307156K->277818K(702976K), 0.0060618 secs] [Times: user=0.06 sys=0.00, real=0.01 secs] 
2016-09-25T22:26:17.307-0400: 41.271: [GC (GCLocker Initiated GC) [PSYoungGen: 162149K->79783K(176640K)] 377353K->297731K(700928K), 0.0108616 secs] [Times: user=0.14 sys=0.00, real=0.01 secs] 
2016-09-25T22:26:17.404-0400: 41.368: [GC (GCLocker Initiated GC) [PSYoungGen: 176551K->62108K(177664K)] 406771K->306798K(701952K), 0.0063052 secs] [Times: user=0.09 sys=0.00, real=0.00 secs] 
2016-09-25T22:26:17.461-0400: 41.425: [GC (GCLocker Initiated GC) [PSYoungGen: 154268K->71530K(163840K)] 400385K->319826K(688128K), 0.0095914 secs] [Times: user=0.15 sys=0.00, real=0.01 secs] 
2016-09-25T22:26:17.531-0400: 41.496: [GC (GCLocker Initiated GC) [PSYoungGen: 163690K->76770K(174080K)] 415030K->330210K(698368K), 0.0093161 secs] [Times: user=0.12 sys=0.01, real=0.02 secs] 
2016-09-25T22:26:17.617-0400: 41.581: [GC (GCLocker Initiated GC) [PSYoungGen: 164834K->57869K(175104K)] 426658K->321709K(699392K), 0.0147998 secs] [Times: user=0.18 sys=0.00, real=0.01 secs] 
2016-09-25T22:26:17.678-0400: 41.642: [GC (GCLocker Initiated GC) [PSYoungGen: 145933K->65904K(173056K)] 412551K->337241K(697344K), 0.0060519 secs] [Times: user=0.07 sys=0.00, real=0.01 secs] 
2016-09-25T22:26:17.726-0400: 41.691: [GC (GCLocker Initiated GC) [PSYoungGen: 153968K->63469K(174080K)] 425469K->359934K(698368K), 0.0101010 secs] [Times: user=0.14 sys=0.00, real=0.01 secs] 
2016-09-25T22:26:17.815-0400: 41.779: [GC (GCLocker Initiated GC) [PSYoungGen: 151533K->63247K(173056K)] 450794K->380943K(697344K), 0.0135047 secs] [Times: user=0.13 sys=0.00, real=0.01 secs] 
2016-09-25T22:26:17.890-0400: 41.854: [GC (GCLocker Initiated GC) [PSYoungGen: 155407K->56819K(174080K)] 486714K->399672K(698368K), 0.0058300 secs] [Times: user=0.07 sys=0.00, real=0.01 secs] 
2016-09-25T22:26:17.954-0400: 41.919: [GC (GCLocker Initiated GC) [PSYoungGen: 148979K->63246K(176640K)] 499991K->420622K(700928K), 0.0134514 secs] [Times: user=0.10 sys=0.00, real=0.01 secs] 
2016-09-25T22:26:18.045-0400: 42.009: [GC (GCLocker Initiated GC) [PSYoungGen: 162062K->79480K(178688K)] 519568K->439058K(702976K), 0.0240869 secs] [Times: user=0.26 sys=0.01, real=0.02 secs] 
2016-09-25T22:26:18.125-0400: 42.089: [GC (GCLocker Initiated GC) [PSYoungGen: 178296K->64827K(180224K)] 547443K->448198K(704512K), 0.0087951 secs] [Times: user=0.12 sys=0.00, real=0.00 secs] 
2016-09-25T22:26:18.208-0400: 42.172: [GC (GCLocker Initiated GC) [PSYoungGen: 161595K->66076K(163328K)] 548658K->475596K(687616K), 0.0133068 secs] [Times: user=0.10 sys=0.01, real=0.01 secs] 
2016-09-25T22:26:18.288-0400: 42.252: [GC (GCLocker Initiated GC) [PSYoungGen: 162844K->80894K(168960K)] 572446K->496684K(693248K), 0.0077627 secs] [Times: user=0.11 sys=0.00, real=0.01 secs] 
2016-09-25T22:26:18.342-0400: 42.306: [GC (GCLocker Initiated GC) [PSYoungGen: 168958K->71514K(175104K)] 588906K->512480K(699392K), 0.0076571 secs] [Times: user=0.10 sys=0.01, real=0.01 secs] 
2016-09-25T22:26:18.415-0400: 42.379: [GC (GCLocker Initiated GC) [PSYoungGen: 159578K->66008K(172032K)] 603344K->519940K(696320K), 0.0174418 secs] [Times: user=0.18 sys=0.00, real=0.01 secs] 
2016-09-25T22:26:18.502-0400: 42.467: [GC (GCLocker Initiated GC) [PSYoungGen: 154072K->66207K(173568K)] 615201K->536251K(697856K), 0.0105418 secs] [Times: user=0.12 sys=0.00, real=0.00 secs] 
2016-09-25T22:26:18.564-0400: 42.528: [GC (GCLocker Initiated GC) [PSYoungGen: 154271K->59160K(175616K)] 629769K->566495K(699904K), 0.0073193 secs] [Times: user=0.11 sys=0.00, real=0.00 secs] 
2016-09-25T22:26:18.572-0400: 42.536: [Full GC (Ergonomics) [PSYoungGen: 59160K->0K(175616K)] [ParOldGen: 507335K->224828K(524288K)] 566495K->224828K(699904K), [Metaspace: 43582K->43582K(1085440K)], 0.0610584 secs] [Times: user=0.46 sys=0.00, real=0.06 secs] 
2016-09-25T22:26:18.719-0400: 42.683: [GC (GCLocker Initiated GC) [PSYoungGen: 92672K->55654K(176128K)] 317528K->280510K(700416K), 0.0062497 secs] [Times: user=0.07 sys=0.00, real=0.01 secs] 
2016-09-25T22:26:18.767-0400: 42.731: [GC (GCLocker Initiated GC) [PSYoungGen: 148326K->56559K(178176K)] 373315K->294833K(702464K), 0.0093281 secs] [Times: user=0.10 sys=0.01, real=0.01 secs] 
2016-09-25T22:26:18.827-0400: 42.792: [GC (GCLocker Initiated GC) [PSYoungGen: 151279K->56435K(178176K)] 389608K->311796K(702464K), 0.0130288 secs] [Times: user=0.11 sys=0.02, real=0.01 secs] 
2016-09-25T22:26:18.924-0400: 42.888: [GC (GCLocker Initiated GC) [PSYoungGen: 151155K->55472K(178176K)] 418764K->334726K(702464K), 0.0210469 secs] [Times: user=0.29 sys=0.03, real=0.02 secs] 
2016-09-25T22:26:19.020-0400: 42.984: [GC (GCLocker Initiated GC) [PSYoungGen: 151216K->63441K(178176K)] 440070K->372030K(702464K), 0.0077100 secs] [Times: user=0.10 sys=0.01, real=0.01 secs] 
2016-09-25T22:26:19.088-0400: 43.053: [GC (GCLocker Initiated GC) [PSYoungGen: 159185K->78264K(174080K)] 484129K->417537K(698368K), 0.0066788 secs] [Times: user=0.10 sys=0.00, real=0.01 secs] 
2016-09-25T22:26:19.156-0400: 43.120: [GC (GCLocker Initiated GC) [PSYoungGen: 171448K->65957K(177664K)] 520316K->427726K(701952K), 0.0091603 secs] [Times: user=0.11 sys=0.00, real=0.01 secs] 
2016-09-25T22:26:19.218-0400: 43.183: [GC (GCLocker Initiated GC) [PSYoungGen: 159141K->55030K(175616K)] 531956K->429816K(699904K), 0.0072299 secs] [Times: user=0.07 sys=0.00, real=0.01 secs] 
2016-09-25T22:26:19.281-0400: 43.246: [GC (GCLocker Initiated GC) [PSYoungGen: 149238K->45643K(177152K)] 524129K->426572K(701440K), 0.0061302 secs] [Times: user=0.06 sys=0.01, real=0.01 secs] 
2016-09-25T22:26:19.340-0400: 43.304: [GC (GCLocker Initiated GC) [PSYoungGen: 139851K->71415K(175104K)] 527604K->461150K(699392K), 0.0070176 secs] [Times: user=0.08 sys=0.00, real=0.01 secs] 
2016-09-25T22:26:19.407-0400: 43.371: [GC (GCLocker Initiated GC) [PSYoungGen: 162551K->29159K(120320K)] 557737K->438555K(644608K), 0.0067318 secs] [Times: user=0.05 sys=0.00, real=0.00 secs] 
2016-09-25T22:26:19.470-0400: 43.434: [GC (GCLocker Initiated GC) [PSYoungGen: 120295K->39015K(175104K)] 535122K->481460K(699392K), 0.0094696 secs] [Times: user=0.10 sys=0.00, real=0.01 secs] 
2016-09-25T22:26:19.513-0400: 43.478: [GC (GCLocker Initiated GC) [PSYoungGen: 127079K->60221K(175104K)] 572390K->521045K(699392K), 0.0076527 secs] [Times: user=0.08 sys=0.00, real=0.01 secs] 
2016-09-25T22:26:19.571-0400: 43.535: [GC (GCLocker Initiated GC) [PSYoungGen: 148285K->65906K(175104K)] 614693K->543655K(699392K), 0.0141280 secs] [Times: user=0.16 sys=0.01, real=0.02 secs] 
2016-09-25T22:26:19.635-0400: 43.599: [GC (GCLocker Initiated GC) [PSYoungGen: 153970K->38713K(175104K)] 641223K->545453K(699392K), 0.0195827 secs] [Times: user=0.21 sys=0.01, real=0.02 secs] 
2016-09-25T22:26:19.655-0400: 43.619: [Full GC (Ergonomics) [PSYoungGen: 38713K->0K(175104K)] [ParOldGen: 506739K->228176K(524288K)] 545453K->228176K(699392K), [Metaspace: 43601K->43601K(1085440K)], 0.0700764 secs] [Times: user=0.53 sys=0.01, real=0.07 secs] 
2016-09-25T22:26:19.772-0400: 43.736: [GC (GCLocker Initiated GC) [PSYoungGen: 88064K->67291K(175104K)] 316284K->295511K(699392K), 0.0063227 secs] [Times: user=0.08 sys=0.00, real=0.01 secs] 
2016-09-25T22:26:19.816-0400: 43.780: [GC (GCLocker Initiated GC) [PSYoungGen: 155355K->65858K(175104K)] 386468K->309806K(699392K), 0.0056902 secs] [Times: user=0.08 sys=0.01, real=0.00 secs] 
2016-09-25T22:26:19.869-0400: 43.834: [GC (GCLocker Initiated GC) [PSYoungGen: 153922K->77993K(175104K)] 400670K->326697K(699392K), 0.0062926 secs] [Times: user=0.10 sys=0.00, real=0.01 secs] 
2016-09-25T22:26:19.918-0400: 43.882: [GC (GCLocker Initiated GC) [PSYoungGen: 166057K->64493K(175104K)] 418998K->327447K(699392K), 0.0124052 secs] [Times: user=0.13 sys=0.01, real=0.01 secs] 
2016-09-25T22:26:19.980-0400: 43.944: [GC (GCLocker Initiated GC) [PSYoungGen: 152557K->60412K(175104K)] 418366K->340380K(699392K), 0.0066454 secs] [Times: user=0.10 sys=0.00, real=0.01 secs] 
2016-09-25T22:26:20.032-0400: 43.996: [GC (GCLocker Initiated GC) [PSYoungGen: 148476K->49456K(175104K)] 432095K->352486K(699392K), 0.0060181 secs] [Times: user=0.09 sys=0.00, real=0.01 secs] 
2016-09-25T22:26:20.079-0400: 44.043: [GC (GCLocker Initiated GC) [PSYoungGen: 137520K->76586K(175104K)] 440666K->385532K(699392K), 0.0061940 secs] [Times: user=0.08 sys=0.00, real=0.01 secs] 
2016-09-25T22:26:20.139-0400: 44.103: [GC (Allocation Failure) [PSYoungGen: 164650K->84843K(175104K)] 476480K->409289K(699392K), 0.0086054 secs] [Times: user=0.12 sys=0.02, real=0.01 secs] 
2016-09-25T22:26:20.243-0400: 44.207: [GC (GCLocker Initiated GC) [PSYoungGen: 170639K->56173K(175104K)] 500485K->389253K(699392K), 0.0126697 secs] [Times: user=0.15 sys=0.01, real=0.01 secs] 
2016-09-25T22:26:20.354-0400: 44.318: [GC (GCLocker Initiated GC) [PSYoungGen: 144237K->52124K(175104K)] 478796K->389852K(699392K), 0.0181450 secs] [Times: user=0.27 sys=0.03, real=0.02 secs] 
2016-09-25T22:26:20.467-0400: 44.432: [GC (GCLocker Initiated GC) [PSYoungGen: 140188K->38881K(175104K)] 486308K->399021K(699392K), 0.0118876 secs] [Times: user=0.13 sys=0.01, real=0.01 secs] 
2016-09-25T22:26:20.577-0400: 44.542: [GC (GCLocker Initiated GC) [PSYoungGen: 126945K->46597K(175104K)] 498089K->419620K(699392K), 0.0075558 secs] [Times: user=0.08 sys=0.01, real=0.01 secs] 
2016-09-25T22:26:20.654-0400: 44.618: [GC (GCLocker Initiated GC) [PSYoungGen: 134661K->59102K(175104K)] 515953K->443622K(699392K), 0.0212704 secs] [Times: user=0.25 sys=0.00, real=0.03 secs] 
2016-09-25T22:26:20.742-0400: 44.706: [GC (GCLocker Initiated GC) [PSYoungGen: 147166K->37122K(175104K)] 539840K->443780K(699392K), 0.0068801 secs] [Times: user=0.06 sys=0.01, real=0.01 secs] 
2016-09-25T22:26:20.825-0400: 44.789: [GC (GCLocker Initiated GC) [PSYoungGen: 125186K->45542K(175104K)] 534559K->467557K(699392K), 0.0101665 secs] [Times: user=0.10 sys=0.01, real=0.01 secs] 
2016-09-25T22:26:20.883-0400: 44.847: [GC (GCLocker Initiated GC) [PSYoungGen: 133606K->78069K(175104K)] 556059K->503734K(699392K), 0.0147406 secs] [Times: user=0.13 sys=0.02, real=0.01 secs] 
2016-09-25T22:26:21.054-0400: 45.018: [GC (GCLocker Initiated GC) [PSYoungGen: 166133K->30603K(175104K)] 620229K->485339K(699392K), 0.0056582 secs] [Times: user=0.07 sys=0.00, real=0.01 secs] 
2016-09-25T22:26:21.172-0400: 45.137: [GC (GCLocker Initiated GC) [PSYoungGen: 118667K->22537K(175104K)] 586908K->503511K(699392K), 0.0924582 secs] [Times: user=0.44 sys=0.09, real=0.10 secs] 
2016-09-25T22:26:21.398-0400: 45.362: [GC (GCLocker Initiated GC) [PSYoungGen: 110601K->51161K(175104K)] 607841K->550296K(699392K), 0.0092069 secs] [Times: user=0.13 sys=0.01, real=0.01 secs] 
2016-09-25T22:26:21.534-0400: 45.498: [Full GC (Ergonomics) [PSYoungGen: 139225K->0K(175104K)] [ParOldGen: 510320K->239493K(524288K)] 649546K->239493K(699392K), [Metaspace: 43602K->43602K(1085440K)], 0.0568446 secs] [Times: user=0.49 sys=0.03, real=0.05 secs] 
2016-09-25T22:26:21.711-0400: 45.675: [GC (GCLocker Initiated GC) [PSYoungGen: 88064K->80986K(175104K)] 330368K->323291K(699392K), 0.0067082 secs] [Times: user=0.10 sys=0.01, real=0.01 secs] 
2016-09-25T22:26:21.789-0400: 45.754: [GC (GCLocker Initiated GC) [PSYoungGen: 169050K->67306K(175104K)] 415878K->339274K(699392K), 0.0234296 secs] [Times: user=0.38 sys=0.06, real=0.02 secs] 
2016-09-25T22:26:21.904-0400: 45.868: [GC (GCLocker Initiated GC) [PSYoungGen: 155370K->46603K(175104K)] 430278K->324807K(699392K), 0.0175643 secs] [Times: user=0.30 sys=0.03, real=0.01 secs] 
2016-09-25T22:26:21.995-0400: 45.959: [GC (GCLocker Initiated GC) [PSYoungGen: 134667K->42666K(175104K)] 412919K->330775K(699392K), 0.0092443 secs] [Times: user=0.11 sys=0.03, real=0.01 secs] 
2016-09-25T22:26:22.082-0400: 46.046: [GC (GCLocker Initiated GC) [PSYoungGen: 130730K->49401K(175104K)] 427038K->347603K(699392K), 0.0071909 secs] [Times: user=0.08 sys=0.02, real=0.01 secs] 
2016-09-25T22:26:22.165-0400: 46.129: [GC (GCLocker Initiated GC) [PSYoungGen: 137465K->22422K(175104K)] 451971K->357646K(699392K), 0.0077140 secs] [Times: user=0.07 sys=0.05, real=0.00 secs] 
2016-09-25T22:26:22.239-0400: 46.203: [GC (GCLocker Initiated GC) [PSYoungGen: 110486K->40089K(175104K)] 446021K->395170K(699392K), 0.0195489 secs] [Times: user=0.28 sys=0.07, real=0.02 secs] 
2016-09-25T22:26:22.311-0400: 46.275: [GC (GCLocker Initiated GC) [PSYoungGen: 128153K->50878K(174080K)] 483279K->430903K(698368K), 0.0137450 secs] [Times: user=0.17 sys=0.05, real=0.02 secs] 
2016-09-25T22:26:22.386-0400: 46.350: [GC (GCLocker Initiated GC) [PSYoungGen: 138942K->51167K(139264K)] 521758K->439931K(663552K), 0.0104955 secs] [Times: user=0.11 sys=0.03, real=0.01 secs] 
2016-09-25T22:26:22.448-0400: 46.412: [GC (GCLocker Initiated GC) [PSYoungGen: 139231K->55109K(174080K)] 532205K->462320K(698368K), 0.0103703 secs] [Times: user=0.13 sys=0.01, real=0.01 secs] 
2016-09-25T22:26:22.521-0400: 46.485: [GC (GCLocker Initiated GC) [PSYoungGen: 145733K->71291K(173056K)] 555714K->490192K(697344K), 0.0093678 secs] [Times: user=0.12 sys=0.01, real=0.01 secs] 
2016-09-25T22:26:22.586-0400: 46.550: [GC (GCLocker Initiated GC) [PSYoungGen: 161915K->57542K(176640K)] 581233K->489661K(700928K), 0.0079298 secs] [Times: user=0.11 sys=0.00, real=0.01 secs] 
2016-09-25T22:26:22.634-0400: 46.598: [GC (GCLocker Initiated GC) [PSYoungGen: 147142K->64261K(175104K)] 579355K->503675K(699392K), 0.0076988 secs] [Times: user=0.08 sys=0.00, real=0.00 secs] 
2016-09-25T22:26:22.682-0400: 46.646: [GC (GCLocker Initiated GC) [PSYoungGen: 153861K->71516K(174592K)] 598790K->530428K(698880K), 0.0154395 secs] [Times: user=0.20 sys=0.01, real=0.01 secs] 
2016-09-25T22:26:22.743-0400: 46.707: [GC (GCLocker Initiated GC) [PSYoungGen: 159580K->48439K(175104K)] 626590K->532493K(699392K), 0.0170919 secs] [Times: user=0.21 sys=0.01, real=0.01 secs] 
2016-09-25T22:26:22.809-0400: 46.773: [GC (GCLocker Initiated GC) [PSYoungGen: 136503K->73956K(175104K)] 622143K->564363K(699392K), 0.0075570 secs] [Times: user=0.10 sys=0.00, real=0.01 secs] 
2016-09-25T22:26:22.862-0400: 46.826: [GC (GCLocker Initiated GC) [PSYoungGen: 162020K->50974K(175104K)] 652543K->551482K(699392K), 0.0070307 secs] [Times: user=0.06 sys=0.00, real=0.00 secs] 
2016-09-25T22:26:22.869-0400: 46.834: [Full GC (Ergonomics) [PSYoungGen: 50974K->0K(175104K)] [ParOldGen: 500508K->245283K(524288K)] 551482K->245283K(699392K), [Metaspace: 43606K->43606K(1085440K)], 0.0566488 secs] [Times: user=0.41 sys=0.01, real=0.06 secs] 
2016-09-25T22:26:22.972-0400: 46.936: [GC (GCLocker Initiated GC) [PSYoungGen: 88064K->58319K(174080K)] 337813K->308069K(698368K), 0.0075594 secs] [Times: user=0.08 sys=0.01, real=0.01 secs] 
2016-09-25T22:26:23.022-0400: 46.986: [GC (GCLocker Initiated GC) [PSYoungGen: 146383K->64666K(174592K)] 400294K->330556K(698880K), 0.0116140 secs] [Times: user=0.12 sys=0.01, real=0.00 secs] 
2016-09-25T22:26:23.081-0400: 47.046: [GC (GCLocker Initiated GC) [PSYoungGen: 152730K->59093K(171520K)] 421507K->342059K(695808K), 0.0113102 secs] [Times: user=0.12 sys=0.01, real=0.01 secs] 
2016-09-25T22:26:23.152-0400: 47.117: [GC (GCLocker Initiated GC) [PSYoungGen: 148181K->61889K(173568K)] 438199K->371478K(697856K), 0.0085314 secs] [Times: user=0.08 sys=0.00, real=0.01 secs] 
2016-09-25T22:26:23.211-0400: 47.175: [GC (GCLocker Initiated GC) [PSYoungGen: 150977K->51058K(173568K)] 466029K->372105K(697856K), 0.0303068 secs] [Times: user=0.32 sys=0.01, real=0.04 secs] 
2016-09-25T22:26:23.298-0400: 47.263: [GC (GCLocker Initiated GC) [PSYoungGen: 145266K->74302K(176128K)] 471828K->425944K(700416K), 0.0097541 secs] [Times: user=0.13 sys=0.00, real=0.01 secs] 
2016-09-25T22:26:23.371-0400: 47.335: [GC (GCLocker Initiated GC) [PSYoungGen: 168510K->70022K(174080K)] 526079K->451284K(698368K), 0.0141309 secs] [Times: user=0.20 sys=0.00, real=0.02 secs] 
2016-09-25T22:26:23.438-0400: 47.402: [GC (GCLocker Initiated GC) [PSYoungGen: 158086K->79357K(175104K)] 543100K->466373K(699392K), 0.0159809 secs] [Times: user=0.24 sys=0.01, real=0.01 secs] 
2016-09-25T22:26:23.513-0400: 47.477: [GC (GCLocker Initiated GC) [PSYoungGen: 167421K->54878K(175104K)] 559968K->472298K(699392K), 0.0062041 secs] [Times: user=0.06 sys=0.00, real=0.01 secs] 
2016-09-25T22:26:23.582-0400: 47.546: [GC (GCLocker Initiated GC) [PSYoungGen: 142942K->44404K(175104K)] 565848K->486704K(699392K), 0.0071845 secs] [Times: user=0.06 sys=0.01, real=0.01 secs] 
2016-09-25T22:26:23.640-0400: 47.604: [GC (GCLocker Initiated GC) [PSYoungGen: 132468K->63401K(175104K)] 580197K->513252K(699392K), 0.0067856 secs] [Times: user=0.08 sys=0.00, real=0.01 secs] 
2016-09-25T22:26:23.701-0400: 47.665: [GC (GCLocker Initiated GC) [PSYoungGen: 151465K->76741K(175104K)] 601571K->530500K(699392K), 0.0093270 secs] [Times: user=0.08 sys=0.01, real=0.01 secs] 
2016-09-25T22:26:23.761-0400: 47.725: [GC (GCLocker Initiated GC) [PSYoungGen: 164805K->71385K(175104K)] 618813K->536854K(699392K), 0.0069163 secs] [Times: user=0.10 sys=0.00, real=0.01 secs] 
2016-09-25T22:26:23.812-0400: 47.776: [GC (GCLocker Initiated GC) [PSYoungGen: 159449K->51219K(175104K)] 633237K->536508K(699392K), 0.0070065 secs] [Times: user=0.07 sys=0.00, real=0.01 secs] 
2016-09-25T22:26:23.870-0400: 47.834: [GC (GCLocker Initiated GC) [PSYoungGen: 139283K->74169K(175104K)] 630032K->576531K(699392K), 0.0088556 secs] [Times: user=0.13 sys=0.00, real=0.01 secs] 
2016-09-25T22:26:23.879-0400: 47.843: [Full GC (Ergonomics) [PSYoungGen: 74169K->0K(175104K)] [ParOldGen: 502362K->256084K(524288K)] 576531K->256084K(699392K), [Metaspace: 43610K->43610K(1085440K)], 0.0524488 secs] [Times: user=0.44 sys=0.00, real=0.05 secs] 
2016-09-25T22:26:23.992-0400: 47.956: [GC (GCLocker Initiated GC) [PSYoungGen: 88064K->63830K(175104K)] 346890K->322656K(699392K), 0.0055156 secs] [Times: user=0.07 sys=0.00, real=0.01 secs] 
2016-09-25T22:26:24.049-0400: 48.013: [GC (GCLocker Initiated GC) [PSYoungGen: 151894K->68801K(175104K)] 410763K->338358K(699392K), 0.0061925 secs] [Times: user=0.08 sys=0.01, real=0.01 secs] 
2016-09-25T22:26:24.100-0400: 48.064: [GC (GCLocker Initiated GC) [PSYoungGen: 156865K->79569K(175104K)] 429261K->355430K(699392K), 0.0083727 secs] [Times: user=0.08 sys=0.00, real=0.01 secs] 
2016-09-25T22:26:24.160-0400: 48.124: [GC (GCLocker Initiated GC) [PSYoungGen: 167633K->61874K(175104K)] 446282K->369670K(699392K), 0.0101507 secs] [Times: user=0.14 sys=0.00, real=0.01 secs] 
2016-09-25T22:26:24.220-0400: 48.184: [GC (GCLocker Initiated GC) [PSYoungGen: 149938K->74070K(175104K)] 457955K->394881K(699392K), 0.0069968 secs] [Times: user=0.10 sys=0.00, real=0.01 secs] 
2016-09-25T22:26:24.282-0400: 48.247: [GC (GCLocker Initiated GC) [PSYoungGen: 162134K->52406K(175104K)] 482976K->392838K(699392K), 0.0089694 secs] [Times: user=0.06 sys=0.00, real=0.00 secs] 
2016-09-25T22:26:24.342-0400: 48.306: [GC (GCLocker Initiated GC) [PSYoungGen: 140470K->74366K(175104K)] 483695K->437180K(699392K), 0.0114111 secs] [Times: user=0.16 sys=0.00, real=0.00 secs] 
2016-09-25T22:26:24.414-0400: 48.378: [GC (GCLocker Initiated GC) [PSYoungGen: 162430K->53744K(175104K)] 533408K->456810K(699392K), 0.0096941 secs] [Times: user=0.10 sys=0.01, real=0.02 secs] 
2016-09-25T22:26:24.478-0400: 48.442: [GC (GCLocker Initiated GC) [PSYoungGen: 141808K->66118K(175104K)] 545087K->471278K(699392K), 0.0093315 secs] [Times: user=0.09 sys=0.00, real=0.01 secs] 
2016-09-25T22:26:24.555-0400: 48.519: [GC (GCLocker Initiated GC) [PSYoungGen: 154182K->35998K(175104K)] 566429K->472093K(699392K), 0.0154266 secs] [Times: user=0.19 sys=0.00, real=0.01 secs] 
2016-09-25T22:26:24.614-0400: 48.578: [GC (GCLocker Initiated GC) [PSYoungGen: 124062K->48408K(175104K)] 564548K->493458K(699392K), 0.0294869 secs] [Times: user=0.33 sys=0.01, real=0.04 secs] 
2016-09-25T22:26:24.682-0400: 48.646: [GC (GCLocker Initiated GC) [PSYoungGen: 136472K->80691K(175104K)] 585243K->538244K(699392K), 0.0153415 secs] [Times: user=0.19 sys=0.01, real=0.01 secs] 
2016-09-25T22:26:24.754-0400: 48.718: [GC (GCLocker Initiated GC) [PSYoungGen: 168755K->68466K(175104K)] 634443K->548198K(699392K), 0.0095633 secs] [Times: user=0.10 sys=0.00, real=0.01 secs] 
2016-09-25T22:26:24.818-0400: 48.783: [Full GC (Ergonomics) [PSYoungGen: 156530K->0K(175104K)] [ParOldGen: 493263K->271414K(524288K)] 649793K->271414K(699392K), [Metaspace: 43615K->43615K(1085440K)], 0.0568733 secs] [Times: user=0.41 sys=0.02, real=0.60 secs] 
2016-09-25T22:26:25.493-0400: 49.457: [GC (GCLocker Initiated GC) [PSYoungGen: 88064K->44633K(175104K)] 377078K->333648K(699392K), 0.0144367 secs] [Times: user=0.15 sys=0.00, real=0.02 secs] 
2016-09-25T22:26:25.566-0400: 49.531: [GC (GCLocker Initiated GC) [PSYoungGen: 132697K->55100K(175104K)] 437993K->361397K(699392K), 0.0050844 secs] [Times: user=0.06 sys=0.00, real=0.00 secs] 
2016-09-25T22:26:25.631-0400: 49.595: [GC (GCLocker Initiated GC) [PSYoungGen: 143164K->59030K(175104K)] 452264K->395759K(699392K), 0.0096091 secs] [Times: user=0.12 sys=0.00, real=0.01 secs] 
2016-09-25T22:26:25.688-0400: 49.652: [GC (GCLocker Initiated GC) [PSYoungGen: 147094K->46918K(175104K)] 483895K->400387K(699392K), 0.0158212 secs] [Times: user=0.20 sys=0.00, real=0.02 secs] 
2016-09-25T22:26:25.760-0400: 49.724: [GC (GCLocker Initiated GC) [PSYoungGen: 134982K->76619K(175104K)] 491278K->451039K(699392K), 0.0101531 secs] [Times: user=0.14 sys=0.00, real=0.01 secs] 
2016-09-25T22:26:25.828-0400: 49.793: [GC (GCLocker Initiated GC) [PSYoungGen: 164683K->49715K(175104K)] 544670K->443709K(699392K), 0.0072018 secs] [Times: user=0.06 sys=0.00, real=0.01 secs] 
2016-09-25T22:26:25.886-0400: 49.850: [GC (GCLocker Initiated GC) [PSYoungGen: 137779K->40171K(175104K)] 537298K->457847K(699392K), 0.0288487 secs] [Times: user=0.36 sys=0.00, real=0.03 secs] 
2016-09-25T22:26:25.953-0400: 49.917: [GC (GCLocker Initiated GC) [PSYoungGen: 128235K->77965K(175104K)] 545967K->515290K(699392K), 0.0175655 secs] [Times: user=0.24 sys=0.00, real=0.02 secs] 
2016-09-25T22:26:26.024-0400: 49.989: [GC (GCLocker Initiated GC) [PSYoungGen: 166029K->53475K(175104K)] 603506K->513047K(699392K), 0.0095553 secs] [Times: user=0.08 sys=0.01, real=0.00 secs] 
2016-09-25T22:26:26.081-0400: 50.045: [GC (GCLocker Initiated GC) [PSYoungGen: 141539K->60583K(175104K)] 601218K->550459K(699392K), 0.0077877 secs] [Times: user=0.08 sys=0.00, real=0.01 secs] 
2016-09-25T22:26:26.089-0400: 50.053: [Full GC (Ergonomics) [PSYoungGen: 60583K->0K(175104K)] [ParOldGen: 489875K->265109K(524288K)] 550459K->265109K(699392K), [Metaspace: 43615K->43615K(1085440K)], 0.0572584 secs] [Times: user=0.49 sys=0.00, real=0.06 secs] 
2016-09-25T22:26:26.192-0400: 50.156: [GC (GCLocker Initiated GC) [PSYoungGen: 88064K->43385K(175104K)] 357277K->312598K(699392K), 0.0066598 secs] [Times: user=0.05 sys=0.00, real=0.01 secs] 
2016-09-25T22:26:26.275-0400: 50.239: [GC (GCLocker Initiated GC) [PSYoungGen: 131449K->67435K(175104K)] 411535K->350039K(699392K), 0.0115736 secs] [Times: user=0.13 sys=0.01, real=0.01 secs] 
2016-09-25T22:26:26.361-0400: 50.325: [GC (GCLocker Initiated GC) [PSYoungGen: 155499K->65750K(175104K)] 440886K->385660K(699392K), 0.0118911 secs] [Times: user=0.17 sys=0.00, real=0.01 secs] 
2016-09-25T22:26:26.424-0400: 50.388: [GC (GCLocker Initiated GC) [PSYoungGen: 153814K->65953K(175104K)] 476533K->405330K(699392K), 0.0076815 secs] [Times: user=0.10 sys=0.00, real=0.00 secs] 
2016-09-25T22:26:26.492-0400: 50.457: [GC (GCLocker Initiated GC) [PSYoungGen: 154017K->66017K(175104K)] 496160K->429123K(699392K), 0.0108297 secs] [Times: user=0.12 sys=0.00, real=0.02 secs] 
2016-09-25T22:26:26.576-0400: 50.540: [GC (GCLocker Initiated GC) [PSYoungGen: 154081K->67177K(175104K)] 524179K->456896K(699392K), 0.0075089 secs] [Times: user=0.09 sys=0.00, real=0.01 secs] 
2016-09-25T22:26:26.632-0400: 50.597: [GC (GCLocker Initiated GC) [PSYoungGen: 155241K->58943K(173056K)] 550522K->469613K(697344K), 0.0088953 secs] [Times: user=0.07 sys=0.00, real=0.01 secs] 
2016-09-25T22:26:26.711-0400: 50.675: [GC (GCLocker Initiated GC) [PSYoungGen: 147007K->42588K(174080K)] 563108K->463196K(698368K), 0.0148157 secs] [Times: user=0.13 sys=0.01, real=0.02 secs] 
2016-09-25T22:26:26.794-0400: 50.758: [GC (GCLocker Initiated GC) [PSYoungGen: 130652K->63420K(174592K)] 558113K->504952K(698880K), 0.0061379 secs] [Times: user=0.10 sys=0.00, real=0.01 secs] 
2016-09-25T22:26:26.852-0400: 50.816: [GC (GCLocker Initiated GC) [PSYoungGen: 153020K->63095K(175104K)] 604013K->529661K(699392K), 0.0067760 secs] [Times: user=0.07 sys=0.01, real=0.01 secs] 
2016-09-25T22:26:26.936-0400: 50.900: [GC (GCLocker Initiated GC) [PSYoungGen: 152695K->66019K(175616K)] 631652K->548231K(699904K), 0.0110148 secs] [Times: user=0.10 sys=0.01, real=0.01 secs] 
2016-09-25T22:26:27.010-0400: 50.974: [GC (GCLocker Initiated GC) [PSYoungGen: 157667K->52327K(175616K)] 648014K->552835K(699904K), 0.0113632 secs] [Times: user=0.14 sys=0.00, real=0.01 secs] 
2016-09-25T22:26:27.022-0400: 50.986: [Full GC (Ergonomics) [PSYoungGen: 52327K->0K(175616K)] [ParOldGen: 500508K->273284K(524288K)] 552835K->273284K(699904K), [Metaspace: 43617K->43617K(1085440K)], 0.0622343 secs] [Times: user=0.43 sys=0.01, real=0.07 secs] 
2016-09-25T22:26:27.161-0400: 51.125: [GC (GCLocker Initiated GC) [PSYoungGen: 91648K->54227K(177152K)] 373112K->335692K(701440K), 0.0105170 secs] [Times: user=0.10 sys=0.00, real=0.01 secs] 
2016-09-25T22:26:27.230-0400: 51.194: [GC (GCLocker Initiated GC) [PSYoungGen: 149459K->68533K(177152K)] 439474K->370581K(701440K), 0.0081138 secs] [Times: user=0.11 sys=0.00, real=0.01 secs] 
2016-09-25T22:26:27.297-0400: 51.261: [GC (GCLocker Initiated GC) [PSYoungGen: 163765K->80672K(171008K)] 470008K->388889K(695296K), 0.0149596 secs] [Times: user=0.24 sys=0.01, real=0.01 secs] 
2016-09-25T22:26:27.394-0400: 51.358: [GC (GCLocker Initiated GC) [PSYoungGen: 168736K->53442K(175104K)] 477013K->378389K(699392K), 0.0111512 secs] [Times: user=0.08 sys=0.00, real=0.02 secs] 
2016-09-25T22:26:27.449-0400: 51.413: [GC (GCLocker Initiated GC) [PSYoungGen: 141506K->45450K(175104K)] 467947K->373625K(699392K), 0.0277438 secs] [Times: user=0.34 sys=0.00, real=0.03 secs] 
2016-09-25T22:26:27.528-0400: 51.492: [GC (GCLocker Initiated GC) [PSYoungGen: 133514K->63160K(151552K)] 467354K->397740K(675840K), 0.0127812 secs] [Times: user=0.09 sys=0.00, real=0.01 secs] 
2016-09-25T22:26:27.613-0400: 51.577: [GC (GCLocker Initiated GC) [PSYoungGen: 151224K->34522K(173056K)] 491290K->380504K(697344K), 0.0134373 secs] [Times: user=0.10 sys=0.00, real=0.02 secs] 
2016-09-25T22:26:27.679-0400: 51.643: [GC (GCLocker Initiated GC) [PSYoungGen: 121562K->56421K(174080K)] 475752K->426029K(698368K), 0.0066169 secs] [Times: user=0.08 sys=0.00, real=0.01 secs] 
2016-09-25T22:26:27.736-0400: 51.700: [GC (GCLocker Initiated GC) [PSYoungGen: 143461K->40389K(174080K)] 522746K->425778K(698368K), 0.0097805 secs] [Times: user=0.11 sys=0.00, real=0.01 secs] 
2016-09-25T22:26:27.790-0400: 51.755: [GC (GCLocker Initiated GC) [PSYoungGen: 129477K->68420K(174080K)] 514913K->457253K(698368K), 0.0063437 secs] [Times: user=0.06 sys=0.00, real=0.01 secs] 
2016-09-25T22:26:27.855-0400: 51.819: [GC (GCLocker Initiated GC) [PSYoungGen: 157508K->63174K(176128K)] 549265K->464833K(700416K), 0.0088461 secs] [Times: user=0.11 sys=0.00, real=0.01 secs] 
2016-09-25T22:26:27.923-0400: 51.887: [GC (GCLocker Initiated GC) [PSYoungGen: 152262K->56519K(145920K)] 561531K->473124K(670208K), 0.0076548 secs] [Times: user=0.10 sys=0.00, real=0.00 secs] 
2016-09-25T22:26:27.984-0400: 51.948: [GC (GCLocker Initiated GC) [PSYoungGen: 145607K->74017K(168960K)] 564999K->508973K(693248K), 0.0070700 secs] [Times: user=0.09 sys=0.00, real=0.00 secs] 
2016-09-25T22:26:28.038-0400: 52.003: [GC (GCLocker Initiated GC) [PSYoungGen: 159521K->67305K(172544K)] 597307K->523277K(696832K), 0.0066297 secs] [Times: user=0.09 sys=0.00, real=0.01 secs] 
2016-09-25T22:26:28.100-0400: 52.064: [GC (GCLocker Initiated GC) [PSYoungGen: 152809K->71322K(175104K)] 614375K->559148K(699392K), 0.0071150 secs] [Times: user=0.10 sys=0.01, real=0.01 secs] 
2016-09-25T22:26:28.159-0400: 52.123: [Full GC (Ergonomics) [PSYoungGen: 159386K->0K(175104K)] [ParOldGen: 495007K->283629K(524288K)] 654393K->283629K(699392K), [Metaspace: 43618K->43618K(1085440K)], 0.0579965 secs] [Times: user=0.36 sys=0.01, real=0.06 secs] 
2016-09-25T22:26:28.273-0400: 52.237: [GC (GCLocker Initiated GC) [PSYoungGen: 88064K->77484K(175104K)] 374539K->363960K(699392K), 0.0107790 secs] [Times: user=0.17 sys=0.00, real=0.02 secs] 
2016-09-25T22:26:28.340-0400: 52.304: [GC (GCLocker Initiated GC) [PSYoungGen: 165548K->59083K(175104K)] 452077K->375334K(699392K), 0.0102738 secs] [Times: user=0.14 sys=0.01, real=0.01 secs] 
2016-09-25T22:26:28.402-0400: 52.366: [GC (GCLocker Initiated GC) [PSYoungGen: 147147K->56343K(175104K)] 466178K->406961K(699392K), 0.0075929 secs] [Times: user=0.09 sys=0.01, real=0.01 secs] 
2016-09-25T22:26:28.468-0400: 52.432: [GC (GCLocker Initiated GC) [PSYoungGen: 144407K->68713K(175104K)] 495109K->430713K(699392K), 0.0097747 secs] [Times: user=0.14 sys=0.01, real=0.01 secs] 
2016-09-25T22:26:28.526-0400: 52.490: [GC (GCLocker Initiated GC) [PSYoungGen: 156777K->70005K(175104K)] 518835K->449021K(699392K), 0.0065568 secs] [Times: user=0.09 sys=0.01, real=0.00 secs] 
2016-09-25T22:26:28.572-0400: 52.536: [GC (GCLocker Initiated GC) [PSYoungGen: 158069K->80749K(175104K)] 537200K->475402K(699392K), 0.0077173 secs] [Times: user=0.08 sys=0.00, real=0.01 secs] 
2016-09-25T22:26:28.630-0400: 52.594: [GC (GCLocker Initiated GC) [PSYoungGen: 168813K->47024K(175104K)] 566242K->459918K(699392K), 0.0066200 secs] [Times: user=0.05 sys=0.01, real=0.01 secs] 
2016-09-25T22:26:28.690-0400: 52.654: [GC (GCLocker Initiated GC) [PSYoungGen: 135088K->54006K(175104K)] 553494K->478576K(699392K), 0.0095496 secs] [Times: user=0.09 sys=0.00, real=0.01 secs] 
2016-09-25T22:26:28.753-0400: 52.717: [GC (GCLocker Initiated GC) [PSYoungGen: 142070K->63029K(175104K)] 574790K->506091K(699392K), 0.0086416 secs] [Times: user=0.09 sys=0.00, real=0.01 secs] 
2016-09-25T22:26:28.813-0400: 52.777: [GC (GCLocker Initiated GC) [PSYoungGen: 151093K->55231K(175104K)] 597451K->522324K(699392K), 0.0092228 secs] [Times: user=0.10 sys=0.00, real=0.02 secs] 
2016-09-25T22:26:28.866-0400: 52.830: [GC (GCLocker Initiated GC) [PSYoungGen: 143295K->86335K(175104K)] 610538K->590843K(699392K), 0.0105330 secs] [Times: user=0.12 sys=0.00, real=0.01 secs] 
2016-09-25T22:26:28.876-0400: 52.841: [Full GC (Ergonomics) [PSYoungGen: 86335K->0K(175104K)] [ParOldGen: 504508K->289032K(524288K)] 590843K->289032K(699392K), [Metaspace: 43618K->43618K(1085440K)], 0.0564737 secs] [Times: user=0.43 sys=0.00, real=0.05 secs] 
2016-09-25T22:26:28.989-0400: 52.953: [GC (GCLocker Initiated GC) [PSYoungGen: 88064K->68333K(175104K)] 388012K->368282K(699392K), 0.0074731 secs] [Times: user=0.08 sys=0.00, real=0.01 secs] 
2016-09-25T22:26:29.050-0400: 53.014: [GC (GCLocker Initiated GC) [PSYoungGen: 156397K->86266K(175104K)] 461862K->408244K(699392K), 0.0082057 secs] [Times: user=0.11 sys=0.00, real=0.01 secs] 
2016-09-25T22:26:29.119-0400: 53.083: [GC (GCLocker Initiated GC) [PSYoungGen: 174330K->64707K(175104K)] 503249K->409163K(699392K), 0.0063029 secs] [Times: user=0.08 sys=0.00, real=0.01 secs] 
2016-09-25T22:26:29.193-0400: 53.157: [GC (GCLocker Initiated GC) [PSYoungGen: 152771K->55268K(175104K)] 505468K->411338K(699392K), 0.0052686 secs] [Times: user=0.07 sys=0.00, real=0.01 secs] 
2016-09-25T22:26:29.250-0400: 53.214: [GC (GCLocker Initiated GC) [PSYoungGen: 143332K->75313K(175104K)] 503564K->436238K(699392K), 0.0085560 secs] [Times: user=0.11 sys=0.00, real=0.01 secs] 
2016-09-25T22:26:29.317-0400: 53.281: [GC (GCLocker Initiated GC) [PSYoungGen: 163377K->56426K(175104K)] 527165K->436998K(699392K), 0.0085633 secs] [Times: user=0.09 sys=0.00, real=0.01 secs] 
2016-09-25T22:26:29.367-0400: 53.331: [GC (GCLocker Initiated GC) [PSYoungGen: 144490K->63202K(175104K)] 527839K->448512K(699392K), 0.0056476 secs] [Times: user=0.07 sys=0.00, real=0.00 secs] 
2016-09-25T22:26:29.416-0400: 53.380: [GC (GCLocker Initiated GC) [PSYoungGen: 151266K->75496K(175104K)] 539361K->466908K(699392K), 0.0063745 secs] [Times: user=0.09 sys=0.00, real=0.01 secs] 
2016-09-25T22:26:29.481-0400: 53.445: [GC (GCLocker Initiated GC) [PSYoungGen: 163560K->70205K(175104K)] 559186K->476027K(699392K), 0.0070297 secs] [Times: user=0.10 sys=0.00, real=0.01 secs] 
2016-09-25T22:26:29.541-0400: 53.505: [GC (GCLocker Initiated GC) [PSYoungGen: 158269K->46989K(175104K)] 572851K->465130K(699392K), 0.0151153 secs] [Times: user=0.10 sys=0.00, real=0.02 secs] 
2016-09-25T22:26:29.614-0400: 53.578: [GC (GCLocker Initiated GC) [PSYoungGen: 135053K->61809K(175104K)] 558693K->502499K(699392K), 0.0080994 secs] [Times: user=0.11 sys=0.00, real=0.01 secs] 
2016-09-25T22:26:29.665-0400: 53.629: [GC (GCLocker Initiated GC) [PSYoungGen: 149873K->79508K(175104K)] 593425K->525029K(699392K), 0.0085804 secs] [Times: user=0.10 sys=0.00, real=0.00 secs] 
2016-09-25T22:26:29.728-0400: 53.692: [GC (GCLocker Initiated GC) [PSYoungGen: 167572K->60763K(175104K)] 621253K->528672K(699392K), 0.0098863 secs] [Times: user=0.11 sys=0.00, real=0.01 secs] 
2016-09-25T22:26:29.803-0400: 53.767: [GC (GCLocker Initiated GC) [PSYoungGen: 148827K->56505K(175104K)] 623641K->552453K(699392K), 0.0099621 secs] [Times: user=0.15 sys=0.00, real=0.00 secs] 
2016-09-25T22:26:29.813-0400: 53.778: [Full GC (Ergonomics) [PSYoungGen: 56505K->0K(175104K)] [ParOldGen: 495947K->289358K(524288K)] 552453K->289358K(699392K), [Metaspace: 43618K->43618K(1085440K)], 0.0520180 secs] [Times: user=0.41 sys=0.01, real=0.06 secs] 
2016-09-25T22:26:29.926-0400: 53.891: [GC (GCLocker Initiated GC) [PSYoungGen: 88064K->71955K(175104K)] 385568K->369459K(699392K), 0.0080924 secs] [Times: user=0.12 sys=0.00, real=0.01 secs] 
2016-09-25T22:26:29.994-0400: 53.958: [GC (GCLocker Initiated GC) [PSYoungGen: 160019K->44441K(175104K)] 473830K->375751K(699392K), 0.0060842 secs] [Times: user=0.09 sys=0.00, real=0.01 secs] 
2016-09-25T22:26:30.056-0400: 54.020: [GC (GCLocker Initiated GC) [PSYoungGen: 132505K->67361K(175104K)] 465265K->404972K(699392K), 0.0124247 secs] [Times: user=0.16 sys=0.00, real=0.01 secs] 
2016-09-25T22:26:30.116-0400: 54.080: [GC (GCLocker Initiated GC) [PSYoungGen: 155425K->45410K(175104K)] 497161K->393205K(699392K), 0.0119033 secs] [Times: user=0.12 sys=0.00, real=0.01 secs] 
2016-09-25T22:26:30.187-0400: 54.151: [GC (GCLocker Initiated GC) [PSYoungGen: 133474K->63458K(175104K)] 493649K->432362K(699392K), 0.0101851 secs] [Times: user=0.14 sys=0.00, real=0.01 secs] 
2016-09-25T22:26:30.249-0400: 54.213: [GC (GCLocker Initiated GC) [PSYoungGen: 151522K->57861K(146432K)] 524544K->439781K(670720K), 0.0175208 secs] [Times: user=0.22 sys=0.00, real=0.02 secs] 
2016-09-25T22:26:30.328-0400: 54.292: [GC (GCLocker Initiated GC) [PSYoungGen: 145925K->42845K(174080K)] 533337K->444454K(698368K), 0.0182498 secs] [Times: user=0.16 sys=0.01, real=0.02 secs] 
2016-09-25T22:26:30.402-0400: 54.367: [GC (GCLocker Initiated GC) [PSYoungGen: 130397K->40432K(174592K)] 543467K->473149K(698880K), 0.0081282 secs] [Times: user=0.10 sys=0.01, real=0.00 secs] 
2016-09-25T22:26:30.465-0400: 54.429: [GC (GCLocker Initiated GC) [PSYoungGen: 127984K->63056K(174080K)] 566166K->523728K(698368K), 0.0098104 secs] [Times: user=0.11 sys=0.01, real=0.01 secs] 
2016-09-25T22:26:30.536-0400: 54.500: [GC (GCLocker Initiated GC) [PSYoungGen: 151120K->52527K(174592K)] 618693K->543606K(698880K), 0.0067054 secs] [Times: user=0.07 sys=0.00, real=0.01 secs] 
2016-09-25T22:26:30.543-0400: 54.507: [Full GC (Ergonomics) [PSYoungGen: 52527K->0K(174592K)] [ParOldGen: 491078K->298167K(524288K)] 543606K->298167K(698880K), [Metaspace: 43618K->43618K(1085440K)], 0.0619194 secs] [Times: user=0.46 sys=0.01, real=0.06 secs] 
2016-09-25T22:26:30.648-0400: 54.612: [GC (GCLocker Initiated GC) [PSYoungGen: 88064K->84315K(172544K)] 388964K->385215K(696832K), 0.0124435 secs] [Times: user=0.15 sys=0.00, real=0.01 secs] 
2016-09-25T22:26:30.712-0400: 54.677: [GC (GCLocker Initiated GC) [PSYoungGen: 171867K->45912K(174592K)] 480945K->359223K(698880K), 0.0203924 secs] [Times: user=0.25 sys=0.00, real=0.02 secs] 
2016-09-25T22:26:30.794-0400: 54.759: [GC (GCLocker Initiated GC) [PSYoungGen: 133464K->60587K(175104K)] 456456K->399303K(699392K), 0.0110192 secs] [Times: user=0.16 sys=0.00, real=0.01 secs] 
2016-09-25T22:26:30.869-0400: 54.833: [GC (GCLocker Initiated GC) [PSYoungGen: 148651K->68811K(175104K)] 490123K->412252K(699392K), 0.0057453 secs] [Times: user=0.09 sys=0.00, real=0.01 secs] 
2016-09-25T22:26:30.928-0400: 54.892: [GC (GCLocker Initiated GC) [PSYoungGen: 156875K->59121K(174080K)] 501695K->429065K(698368K), 0.0061892 secs] [Times: user=0.09 sys=0.01, real=0.00 secs] 
2016-09-25T22:26:30.971-0400: 54.935: [GC (GCLocker Initiated GC) [PSYoungGen: 147185K->76757K(174592K)] 521361K->467708K(698880K), 0.0090103 secs] [Times: user=0.12 sys=0.00, real=0.01 secs] 
2016-09-25T22:26:31.038-0400: 55.002: [GC (GCLocker Initiated GC) [PSYoungGen: 164821K->74143K(175104K)] 561288K->482127K(699392K), 0.0111356 secs] [Times: user=0.14 sys=0.01, real=0.01 secs] 
2016-09-25T22:26:31.132-0400: 55.096: [GC (GCLocker Initiated GC) [PSYoungGen: 162207K->59192K(175104K)] 586625K->509903K(699392K), 0.0069194 secs] [Times: user=0.08 sys=0.01, real=0.01 secs] 
2016-09-25T22:26:31.190-0400: 55.154: [GC (Allocation Failure) [PSYoungGen: 147256K->48144K(175104K)] 600683K->502177K(699392K), 0.0082572 secs] [Times: user=0.07 sys=0.00, real=0.01 secs] 
2016-09-25T22:26:31.260-0400: 55.224: [GC (GCLocker Initiated GC) [PSYoungGen: 133957K->56225K(175104K)] 590690K->519012K(699392K), 0.0127105 secs] [Times: user=0.13 sys=0.00, real=0.01 secs] 
2016-09-25T22:26:31.335-0400: 55.299: [GC (GCLocker Initiated GC) [PSYoungGen: 144289K->82214K(175104K)] 609941K->549595K(699392K), 0.0125254 secs] [Times: user=0.20 sys=0.00, real=0.01 secs] 
2016-09-25T22:26:31.394-0400: 55.358: [GC (GCLocker Initiated GC) [PSYoungGen: 170278K->53504K(175104K)] 637745K->549931K(699392K), 0.0117023 secs] [Times: user=0.11 sys=0.00, real=0.02 secs] 
2016-09-25T22:26:31.405-0400: 55.370: [Full GC (Ergonomics) [PSYoungGen: 53504K->0K(175104K)] [ParOldGen: 496426K->304710K(524288K)] 549931K->304710K(699392K), [Metaspace: 43618K->43618K(1085440K)], 0.0619338 secs] [Times: user=0.44 sys=0.00, real=0.06 secs] 
2016-09-25T22:26:31.537-0400: 55.501: [GC (GCLocker Initiated GC) [PSYoungGen: 88064K->77190K(175104K)] 392920K->382046K(699392K), 0.0142339 secs] [Times: user=0.13 sys=0.00, real=0.01 secs] 
2016-09-25T22:26:31.605-0400: 55.569: [GC (GCLocker Initiated GC) [PSYoungGen: 165254K->42731K(175104K)] 473019K->375786K(699392K), 0.0138884 secs] [Times: user=0.09 sys=0.00, real=0.01 secs] 
2016-09-25T22:26:31.680-0400: 55.644: [GC (GCLocker Initiated GC) [PSYoungGen: 130795K->48257K(175104K)] 466672K->386013K(699392K), 0.0094528 secs] [Times: user=0.06 sys=0.00, real=0.01 secs] 
2016-09-25T22:26:31.764-0400: 55.728: [GC (GCLocker Initiated GC) [PSYoungGen: 136321K->63139K(175104K)] 478185K->408342K(699392K), 0.0057436 secs] [Times: user=0.09 sys=0.00, real=0.00 secs] 
2016-09-25T22:26:31.802-0400: 55.766: [GC (GCLocker Initiated GC) [PSYoungGen: 151203K->54849K(175104K)] 496462K->420917K(699392K), 0.0082892 secs] [Times: user=0.06 sys=0.01, real=0.01 secs] 
2016-09-25T22:26:31.869-0400: 55.833: [GC (GCLocker Initiated GC) [PSYoungGen: 142913K->75353K(175104K)] 509188K->470483K(699392K), 0.0108776 secs] [Times: user=0.16 sys=0.00, real=0.01 secs] 
2016-09-25T22:26:31.959-0400: 55.923: [GC (GCLocker Initiated GC) [PSYoungGen: 163417K->40118K(175104K)] 569485K->453451K(699392K), 0.0095424 secs] [Times: user=0.08 sys=0.00, real=0.01 secs] 
2016-09-25T22:26:32.018-0400: 55.983: [GC (GCLocker Initiated GC) [PSYoungGen: 128182K->45616K(175104K)] 541625K->489523K(699392K), 0.0074978 secs] [Times: user=0.07 sys=0.01, real=0.01 secs] 
2016-09-25T22:26:32.069-0400: 56.033: [GC (GCLocker Initiated GC) [PSYoungGen: 133680K->51188K(175104K)] 589882K->526804K(699392K), 0.0098482 secs] [Times: user=0.12 sys=0.01, real=0.01 secs] 
2016-09-25T22:26:32.154-0400: 56.118: [GC (GCLocker Initiated GC) [PSYoungGen: 139252K->52218K(175104K)] 618685K->536499K(699392K), 0.0124801 secs] [Times: user=0.09 sys=0.00, real=0.01 secs] 
2016-09-25T22:26:32.167-0400: 56.132: [Full GC (Ergonomics) [PSYoungGen: 52218K->0K(175104K)] [ParOldGen: 484280K->307724K(524288K)] 536499K->307724K(699392K), [Metaspace: 43618K->43618K(1085440K)], 0.0632182 secs] [Times: user=0.44 sys=0.00, real=0.06 secs] 
2016-09-25T22:26:32.281-0400: 56.245: [GC (GCLocker Initiated GC) [PSYoungGen: 88064K->40160K(175104K)] 401434K->353530K(699392K), 0.0157769 secs] [Times: user=0.12 sys=0.00, real=0.02 secs] 
2016-09-25T22:26:32.378-0400: 56.342: [GC (GCLocker Initiated GC) [PSYoungGen: 128224K->37361K(125440K)] 443000K->373181K(649728K), 0.0196517 secs] [Times: user=0.19 sys=0.00, real=0.02 secs] 
2016-09-25T22:26:32.451-0400: 56.416: [GC (GCLocker Initiated GC) [PSYoungGen: 125425K->33432K(174592K)] 466693K->409033K(698880K), 0.0111064 secs] [Times: user=0.14 sys=0.00, real=0.02 secs] 
2016-09-25T22:26:32.503-0400: 56.468: [GC (GCLocker Initiated GC) [PSYoungGen: 121496K->56267K(144384K)] 497132K->433837K(668672K), 0.0068626 secs] [Times: user=0.06 sys=0.00, real=0.00 secs] 
2016-09-25T22:26:32.555-0400: 56.519: [GC (GCLocker Initiated GC) [PSYoungGen: 144331K->65651K(172032K)] 524729K->448044K(696320K), 0.0186146 secs] [Times: user=0.17 sys=0.00, real=0.01 secs] 
2016-09-25T22:26:32.648-0400: 56.613: [GC (GCLocker Initiated GC) [PSYoungGen: 152691K->36233K(174080K)] 569011K->466569K(698368K), 0.0089997 secs] [Times: user=0.10 sys=0.00, real=0.01 secs] 
2016-09-25T22:26:32.720-0400: 56.684: [GC (GCLocker Initiated GC) [PSYoungGen: 123273K->56365K(171520K)] 559251K->495744K(695808K), 0.0076478 secs] [Times: user=0.11 sys=0.00, real=0.01 secs] 
2016-09-25T22:26:32.782-0400: 56.746: [GC (GCLocker Initiated GC) [PSYoungGen: 144941K->53410K(173568K)] 587155K->498747K(697856K), 0.0065633 secs] [Times: user=0.07 sys=0.00, real=0.01 secs] 
2016-09-25T22:26:32.841-0400: 56.805: [GC (GCLocker Initiated GC) [PSYoungGen: 141986K->50906K(173056K)] 592873K->531953K(697344K), 0.0092249 secs] [Times: user=0.13 sys=0.00, real=0.01 secs] 
2016-09-25T22:26:32.850-0400: 56.814: [Full GC (Ergonomics) [PSYoungGen: 50906K->0K(173056K)] [ParOldGen: 481047K->312650K(524288K)] 531953K->312650K(697344K), [Metaspace: 43618K->43618K(1085440K)], 0.0594495 secs] [Times: user=0.50 sys=0.00, real=0.06 secs] 
2016-09-25T22:26:32.957-0400: 56.921: [GC (GCLocker Initiated GC) [PSYoungGen: 95232K->77356K(174592K)] 416029K->400853K(698880K), 0.0064571 secs] [Times: user=0.08 sys=0.01, real=0.01 secs] 
2016-09-25T22:26:33.023-0400: 56.987: [GC (GCLocker Initiated GC) [PSYoungGen: 172588K->60415K(177152K)] 504341K->413618K(701440K), 0.0078096 secs] [Times: user=0.11 sys=0.00, real=0.00 secs] 
2016-09-25T22:26:33.098-0400: 57.062: [GC (GCLocker Initiated GC) [PSYoungGen: 151551K->34575K(176128K)] 507636K->396555K(700416K), 0.0174647 secs] [Times: user=0.21 sys=0.00, real=0.02 secs] 
2016-09-25T22:26:33.167-0400: 57.131: [GC (GCLocker Initiated GC) [PSYoungGen: 125711K->83591K(173568K)] 487776K->458399K(697856K), 0.0096812 secs] [Times: user=0.14 sys=0.01, real=0.01 secs] 
2016-09-25T22:26:33.228-0400: 57.193: [GC (GCLocker Initiated GC) [PSYoungGen: 171655K->64505K(175104K)] 548070K->471349K(699392K), 0.0121213 secs] [Times: user=0.12 sys=0.00, real=0.01 secs] 
2016-09-25T22:26:33.300-0400: 57.265: [GC (GCLocker Initiated GC) [PSYoungGen: 152569K->71070K(175104K)] 566268K->492078K(699392K), 0.0065129 secs] [Times: user=0.09 sys=0.01, real=0.01 secs] 
2016-09-25T22:26:33.351-0400: 57.316: [GC (GCLocker Initiated GC) [PSYoungGen: 159134K->71180K(175104K)] 580237K->511605K(699392K), 0.0072662 secs] [Times: user=0.08 sys=0.00, real=0.01 secs] 
2016-09-25T22:26:33.399-0400: 57.363: [GC (GCLocker Initiated GC) [PSYoungGen: 159244K->84765K(175104K)] 602507K->531221K(699392K), 0.0089087 secs] [Times: user=0.13 sys=0.00, real=0.01 secs] 
2016-09-25T22:26:33.462-0400: 57.426: [GC (GCLocker Initiated GC) [PSYoungGen: 172829K->57584K(175104K)] 627556K->529038K(699392K), 0.0138407 secs] [Times: user=0.20 sys=0.01, real=0.01 secs] 
2016-09-25T22:26:33.527-0400: 57.491: [GC (GCLocker Initiated GC) [PSYoungGen: 145648K->44003K(175104K)] 629390K->530826K(699392K), 0.0102107 secs] [Times: user=0.07 sys=0.00, real=0.01 secs] 
2016-09-25T22:26:33.537-0400: 57.501: [Full GC (Ergonomics) [PSYoungGen: 44003K->0K(175104K)] [ParOldGen: 486823K->310456K(524288K)] 530826K->310456K(699392K), [Metaspace: 43618K->43618K(1085440K)], 0.1987856 secs] [Times: user=2.52 sys=0.00, real=0.20 secs] 
2016-09-25T22:26:33.788-0400: 57.752: [GC (GCLocker Initiated GC) [PSYoungGen: 88064K->68717K(175104K)] 402649K->383303K(699392K), 0.0054069 secs] [Times: user=0.08 sys=0.00, real=0.00 secs] 
2016-09-25T22:26:33.829-0400: 57.793: [GC (GCLocker Initiated GC) [PSYoungGen: 156781K->72356K(175104K)] 471623K->405478K(699392K), 0.0108141 secs] [Times: user=0.09 sys=0.00, real=0.01 secs] 
2016-09-25T22:26:33.893-0400: 57.857: [GC (GCLocker Initiated GC) [PSYoungGen: 160420K->68479K(175104K)] 499125K->422429K(699392K), 0.0069723 secs] [Times: user=0.08 sys=0.00, real=0.01 secs] 
2016-09-25T22:26:33.957-0400: 57.921: [GC (GCLocker Initiated GC) [PSYoungGen: 156543K->69810K(175104K)] 515987K->435089K(699392K), 0.0088182 secs] [Times: user=0.09 sys=0.00, real=0.01 secs] 
2016-09-25T22:26:34.010-0400: 57.974: [GC (GCLocker Initiated GC) [PSYoungGen: 157874K->73865K(175104K)] 526029K->453276K(699392K), 0.0085842 secs] [Times: user=0.11 sys=0.01, real=0.01 secs] 
2016-09-25T22:26:34.062-0400: 58.026: [GC (GCLocker Initiated GC) [PSYoungGen: 161929K->77895K(175104K)] 544158K->478176K(699392K), 0.0098422 secs] [Times: user=0.11 sys=0.01, real=0.01 secs] 
2016-09-25T22:26:34.118-0400: 58.082: [GC (GCLocker Initiated GC) [PSYoungGen: 165959K->75026K(175104K)] 573256K->486749K(699392K), 0.0129259 secs] [Times: user=0.13 sys=0.00, real=0.01 secs] 
2016-09-25T22:26:34.174-0400: 58.138: [GC (GCLocker Initiated GC) [PSYoungGen: 163090K->76459K(175104K)] 579113K->509067K(699392K), 0.0070430 secs] [Times: user=0.09 sys=0.01, real=0.01 secs] 
2016-09-25T22:26:34.229-0400: 58.193: [GC (GCLocker Initiated GC) [PSYoungGen: 164523K->48171K(175104K)] 601224K->508210K(699392K), 0.0103589 secs] [Times: user=0.11 sys=0.01, real=0.01 secs] 
2016-09-25T22:26:34.291-0400: 58.255: [GC (GCLocker Initiated GC) [PSYoungGen: 136235K->68431K(175104K)] 600462K->534393K(699392K), 0.0106155 secs] [Times: user=0.14 sys=0.00, real=0.01 secs] 
2016-09-25T22:26:34.352-0400: 58.316: [GC (GCLocker Initiated GC) [PSYoungGen: 156495K->54844K(175104K)] 625354K->536344K(699392K), 0.0126885 secs] [Times: user=0.18 sys=0.00, real=0.02 secs] 
2016-09-25T22:26:34.405-0400: 58.369: [GC (GCLocker Initiated GC) [PSYoungGen: 142908K->68357K(175104K)] 630053K->555877K(699392K), 0.0081324 secs] [Times: user=0.07 sys=0.03, real=0.00 secs] 
2016-09-25T22:26:34.459-0400: 58.423: [GC (GCLocker Initiated GC) [PSYoungGen: 156421K->76520K(175104K)] 644051K->565913K(699392K), 0.0067687 secs] [Times: user=0.09 sys=0.01, real=0.01 secs] 
2016-09-25T22:26:34.516-0400: 58.480: [Full GC (Ergonomics) [PSYoungGen: 164584K->0K(175104K)] [ParOldGen: 497091K->309392K(524288K)] 661676K->309392K(699392K), [Metaspace: 43624K->43624K(1085440K)], 0.0660677 secs] [Times: user=0.39 sys=0.00, real=0.06 secs] 
2016-09-25T22:26:34.630-0400: 58.594: [GC (GCLocker Initiated GC) [PSYoungGen: 88064K->57762K(175104K)] 400366K->370064K(699392K), 0.0136825 secs] [Times: user=0.14 sys=0.01, real=0.02 secs] 
2016-09-25T22:26:34.686-0400: 58.651: [GC (GCLocker Initiated GC) [PSYoungGen: 145826K->49566K(175104K)] 458749K->379327K(699392K), 0.0106660 secs] [Times: user=0.11 sys=0.01, real=0.01 secs] 
2016-09-25T22:26:34.746-0400: 58.710: [GC (GCLocker Initiated GC) [PSYoungGen: 137630K->66992K(175104K)] 470199K->404077K(699392K), 0.0126394 secs] [Times: user=0.09 sys=0.01, real=0.01 secs] 
2016-09-25T22:26:34.808-0400: 58.772: [GC (GCLocker Initiated GC) [PSYoungGen: 155056K->73914K(175104K)] 495096K->438642K(699392K), 0.0126089 secs] [Times: user=0.14 sys=0.00, real=0.01 secs] 
2016-09-25T22:26:34.866-0400: 58.830: [GC (Allocation Failure) [PSYoungGen: 161978K->60239K(175104K)] 526827K->433665K(699392K), 0.0097247 secs] [Times: user=0.09 sys=0.00, real=0.01 secs] 
2016-09-25T22:26:34.922-0400: 58.886: [GC (GCLocker Initiated GC) [PSYoungGen: 146989K->69745K(175104K)] 523115K->449011K(699392K), 0.0066445 secs] [Times: user=0.09 sys=0.00, real=0.01 secs] 
2016-09-25T22:26:34.975-0400: 58.939: [GC (GCLocker Initiated GC) [PSYoungGen: 157809K->73746K(175104K)] 537156K->465653K(699392K), 0.0064926 secs] [Times: user=0.09 sys=0.01, real=0.00 secs] 
2016-09-25T22:26:35.025-0400: 58.989: [GC (GCLocker Initiated GC) [PSYoungGen: 161810K->84661K(175104K)] 556573K->479746K(699392K), 0.0071869 secs] [Times: user=0.09 sys=0.00, real=0.00 secs] 
2016-09-25T22:26:35.076-0400: 59.040: [GC (GCLocker Initiated GC) [PSYoungGen: 172725K->69685K(175104K)] 567873K->492301K(699392K), 0.0083995 secs] [Times: user=0.11 sys=0.00, real=0.01 secs] 
2016-09-25T22:26:35.132-0400: 59.097: [GC (GCLocker Initiated GC) [PSYoungGen: 157749K->72295K(175104K)] 584528K->510201K(699392K), 0.0067155 secs] [Times: user=0.10 sys=0.00, real=0.01 secs] 
2016-09-25T22:26:35.187-0400: 59.152: [GC (GCLocker Initiated GC) [PSYoungGen: 160359K->45328K(175104K)] 598465K->514822K(699392K), 0.0160601 secs] [Times: user=0.20 sys=0.01, real=0.02 secs] 
2016-09-25T22:26:35.247-0400: 59.211: [GC (GCLocker Initiated GC) [PSYoungGen: 133392K->65595K(175104K)] 608382K->543604K(699392K), 0.0089949 secs] [Times: user=0.12 sys=0.01, real=0.01 secs] 
2016-09-25T22:26:35.297-0400: 59.261: [GC (GCLocker Initiated GC) [PSYoungGen: 153659K->66880K(175104K)] 634453K->561532K(699392K), 0.0064512 secs] [Times: user=0.07 sys=0.01, real=0.01 secs] 
2016-09-25T22:26:35.303-0400: 59.267: [Full GC (Ergonomics) [PSYoungGen: 66880K->0K(175104K)] [ParOldGen: 494651K->309479K(524288K)] 561532K->309479K(699392K), [Metaspace: 43625K->43625K(1085440K)], 0.0597754 secs] [Times: user=0.54 sys=0.01, real=0.06 secs] 
2016-09-25T22:26:35.414-0400: 59.378: [GC (GCLocker Initiated GC) [PSYoungGen: 88064K->66950K(175104K)] 397564K->376451K(699392K), 0.0061542 secs] [Times: user=0.09 sys=0.00, real=0.01 secs] 
2016-09-25T22:26:35.481-0400: 59.445: [GC (GCLocker Initiated GC) [PSYoungGen: 155014K->60275K(173056K)] 479435K->387739K(697344K), 0.0059094 secs] [Times: user=0.07 sys=0.01, real=0.01 secs] 
2016-09-25T22:26:35.526-0400: 59.490: [GC (GCLocker Initiated GC) [PSYoungGen: 148339K->61512K(174080K)] 475854K->405621K(698368K), 0.0060144 secs] [Times: user=0.08 sys=0.00, real=0.00 secs] 
2016-09-25T22:26:35.565-0400: 59.529: [GC (GCLocker Initiated GC) [PSYoungGen: 149576K->66937K(173056K)] 496549K->446616K(697344K), 0.0094960 secs] [Times: user=0.12 sys=0.00, real=0.01 secs] 
2016-09-25T22:26:35.620-0400: 59.584: [GC (GCLocker Initiated GC) [PSYoungGen: 158073K->71083K(174592K)] 544700K->468814K(698880K), 0.0075254 secs] [Times: user=0.10 sys=0.01, real=0.01 secs] 
2016-09-25T22:26:35.678-0400: 59.642: [GC (GCLocker Initiated GC) [PSYoungGen: 162219K->65611K(175104K)] 566776K->470576K(699392K), 0.0078437 secs] [Times: user=0.12 sys=0.00, real=0.01 secs] 
2016-09-25T22:26:35.732-0400: 59.696: [GC (GCLocker Initiated GC) [PSYoungGen: 160331K->41136K(176640K)] 568031K->474742K(700928K), 0.0069014 secs] [Times: user=0.05 sys=0.00, real=0.01 secs] 
2016-09-25T22:26:35.773-0400: 59.737: [GC (GCLocker Initiated GC) [PSYoungGen: 135856K->65526K(178688K)] 569576K->500858K(702976K), 0.0075020 secs] [Times: user=0.07 sys=0.00, real=0.01 secs] 
2016-09-25T22:26:35.810-0400: 59.774: [GC (GCLocker Initiated GC) [PSYoungGen: 159734K->79209K(173568K)] 595210K->525821K(697856K), 0.0097434 secs] [Times: user=0.11 sys=0.00, real=0.01 secs] 
2016-09-25T22:26:35.858-0400: 59.823: [GC (GCLocker Initiated GC) [PSYoungGen: 173417K->76424K(175104K)] 625507K->531567K(699392K), 0.0090971 secs] [Times: user=0.09 sys=0.00, real=0.01 secs] 
2016-09-25T22:26:35.942-0400: 59.906: [GC (GCLocker Initiated GC) [PSYoungGen: 164488K->41097K(175104K)] 622466K->503511K(699392K), 0.0167843 secs] [Times: user=0.17 sys=0.00, real=0.02 secs] 
2016-09-25T22:26:36.014-0400: 59.978: [GC (GCLocker Initiated GC) [PSYoungGen: 129161K->57481K(175104K)] 594388K->524352K(699392K), 0.0217250 secs] [Times: user=0.24 sys=0.01, real=0.03 secs] 
2016-09-25T22:26:36.069-0400: 60.033: [GC (GCLocker Initiated GC) [PSYoungGen: 145545K->60296K(175104K)] 612546K->541189K(699392K), 0.0078598 secs] [Times: user=0.07 sys=0.00, real=0.01 secs] 
2016-09-25T22:26:36.139-0400: 60.103: [GC (GCLocker Initiated GC) [PSYoungGen: 148360K->64467K(172032K)] 640200K->568849K(696320K), 0.0118596 secs] [Times: user=0.13 sys=0.02, real=0.01 secs] 
2016-09-25T22:26:36.151-0400: 60.115: [Full GC (Ergonomics) [PSYoungGen: 64467K->0K(172032K)] [ParOldGen: 504381K->320827K(524288K)] 568849K->320827K(696320K), [Metaspace: 43625K->43625K(1085440K)], 0.0812752 secs] [Times: user=0.60 sys=0.00, real=0.08 secs] 
2016-09-25T22:26:36.277-0400: 60.242: [GC (GCLocker Initiated GC) [PSYoungGen: 88064K->60513K(173568K)] 414354K->386803K(697856K), 0.0103960 secs] [Times: user=0.11 sys=0.00, real=0.01 secs] 
2016-09-25T22:26:36.367-0400: 60.332: [GC (GCLocker Initiated GC) [PSYoungGen: 148577K->46981K(176128K)] 477696K->379577K(700416K), 0.0113793 secs] [Times: user=0.14 sys=0.01, real=0.01 secs] 
2016-09-25T22:26:36.451-0400: 60.415: [GC (GCLocker Initiated GC) [PSYoungGen: 139141K->64658K(176640K)] 479964K->408684K(700928K), 0.0096773 secs] [Times: user=0.13 sys=0.00, real=0.01 secs] 
2016-09-25T22:26:36.518-0400: 60.482: [GC (GCLocker Initiated GC) [PSYoungGen: 156818K->55081K(176128K)] 500910K->428239K(700416K), 0.0106697 secs] [Times: user=0.13 sys=0.01, real=0.01 secs] 
2016-09-25T22:26:36.596-0400: 60.560: [GC (GCLocker Initiated GC) [PSYoungGen: 149289K->82081K(176640K)] 525196K->474797K(700928K), 0.0134534 secs] [Times: user=0.18 sys=0.01, real=0.01 secs] 
2016-09-25T22:26:36.659-0400: 60.623: [GC (GCLocker Initiated GC) [PSYoungGen: 176289K->76885K(173568K)] 577166K->502656K(697856K), 0.0080060 secs] [Times: user=0.13 sys=0.00, real=0.01 secs] 
2016-09-25T22:26:36.721-0400: 60.685: [GC (GCLocker Initiated GC) [PSYoungGen: 164949K->58978K(175104K)] 590841K->512532K(699392K), 0.0131803 secs] [Times: user=0.17 sys=0.00, real=0.01 secs] 
2016-09-25T22:26:36.818-0400: 60.782: [GC (GCLocker Initiated GC) [PSYoungGen: 147042K->51286K(175104K)] 617000K->532443K(699392K), 0.0119146 secs] [Times: user=0.17 sys=0.00, real=0.01 secs] 
2016-09-25T22:26:36.881-0400: 60.845: [GC (GCLocker Initiated GC) [PSYoungGen: 139350K->48149K(175104K)] 623353K->554569K(699392K), 0.0070887 secs] [Times: user=0.08 sys=0.00, real=0.01 secs] 
2016-09-25T22:26:36.889-0400: 60.853: [Full GC (Ergonomics) [PSYoungGen: 48149K->0K(175104K)] [ParOldGen: 506419K->318950K(524288K)] 554569K->318950K(699392K), [Metaspace: 43625K->43625K(1085440K)], 0.0874159 secs] [Times: user=0.73 sys=0.01, real=0.09 secs] 
2016-09-25T22:26:37.045-0400: 61.009: [GC (GCLocker Initiated GC) [PSYoungGen: 88064K->68742K(175104K)] 409872K->390558K(699392K), 0.0095031 secs] [Times: user=0.11 sys=0.01, real=0.01 secs] 
2016-09-25T22:26:37.096-0400: 61.061: [GC (GCLocker Initiated GC) [PSYoungGen: 156806K->62015K(150528K)] 485542K->391544K(674816K), 0.0090210 secs] [Times: user=0.06 sys=0.00, real=0.01 secs] 
2016-09-25T22:26:37.171-0400: 61.135: [GC (GCLocker Initiated GC) [PSYoungGen: 150079K->67410K(174592K)] 493354K->411566K(698880K), 0.0099178 secs] [Times: user=0.12 sys=0.01, real=0.01 secs] 
2016-09-25T22:26:37.253-0400: 61.218: [GC (GCLocker Initiated GC) [PSYoungGen: 155986K->61610K(174080K)] 502961K->411835K(698368K), 0.0072445 secs] [Times: user=0.07 sys=0.01, real=0.01 secs] 
2016-09-25T22:26:37.304-0400: 61.268: [GC (GCLocker Initiated GC) [PSYoungGen: 150186K->69894K(173568K)] 501880K->426138K(697856K), 0.0076924 secs] [Times: user=0.08 sys=0.00, real=0.00 secs] 
2016-09-25T22:26:37.355-0400: 61.319: [GC (GCLocker Initiated GC) [PSYoungGen: 160006K->50841K(174080K)] 520380K->430767K(698368K), 0.0086862 secs] [Times: user=0.12 sys=0.00, real=0.01 secs] 
2016-09-25T22:26:37.409-0400: 61.373: [GC (GCLocker Initiated GC) [PSYoungGen: 140953K->48011K(177152K)] 520898K->431099K(701440K), 0.0110155 secs] [Times: user=0.06 sys=0.00, real=0.01 secs] 
2016-09-25T22:26:37.479-0400: 61.443: [GC (GCLocker Initiated GC) [PSYoungGen: 141195K->76587K(169984K)] 529822K->472497K(694272K), 0.0065685 secs] [Times: user=0.09 sys=0.00, real=0.01 secs] 
2016-09-25T22:26:37.545-0400: 61.509: [GC (GCLocker Initiated GC) [PSYoungGen: 169771K->53943K(175104K)] 568811K->458834K(699392K), 0.0099711 secs] [Times: user=0.09 sys=0.00, real=0.01 secs] 
2016-09-25T22:26:37.600-0400: 61.564: [GC (GCLocker Initiated GC) [PSYoungGen: 142007K->83400K(175104K)] 547050K->493410K(699392K), 0.0087262 secs] [Times: user=0.12 sys=0.00, real=0.01 secs] 
2016-09-25T22:26:37.663-0400: 61.627: [GC (GCLocker Initiated GC) [PSYoungGen: 171464K->67175K(175104K)] 584231K->500722K(699392K), 0.0096577 secs] [Times: user=0.10 sys=0.00, real=0.00 secs] 
2016-09-25T22:26:37.728-0400: 61.692: [GC (GCLocker Initiated GC) [PSYoungGen: 155239K->53912K(175104K)] 594219K->501541K(699392K), 0.0089571 secs] [Times: user=0.12 sys=0.00, real=0.01 secs] 
2016-09-25T22:26:37.783-0400: 61.747: [GC (GCLocker Initiated GC) [PSYoungGen: 141976K->60826K(175104K)] 591093K->514630K(699392K), 0.0060706 secs] [Times: user=0.10 sys=0.00, real=0.00 secs] 
2016-09-25T22:26:37.849-0400: 61.813: [GC (GCLocker Initiated GC) [PSYoungGen: 148890K->38998K(175104K)] 618971K->527575K(699392K), 0.0096952 secs] [Times: user=0.12 sys=0.00, real=0.01 secs] 
2016-09-25T22:26:37.924-0400: 61.888: [GC (GCLocker Initiated GC) [PSYoungGen: 127062K->59226K(174080K)] 618595K->552754K(698368K), 0.0104335 secs] [Times: user=0.10 sys=0.01, real=0.01 secs] 
2016-09-25T22:26:37.999-0400: 61.963: [Full GC (Ergonomics) [PSYoungGen: 147290K->0K(174080K)] [ParOldGen: 497734K->321287K(524288K)] 645025K->321287K(698368K), [Metaspace: 43637K->43637K(1085440K)], 0.0850536 secs] [Times: user=0.62 sys=0.03, real=0.09 secs] 
2016-09-25T22:26:38.134-0400: 62.098: [GC (GCLocker Initiated GC) [PSYoungGen: 88064K->66865K(174592K)] 412146K->390947K(698880K), 0.0103974 secs] [Times: user=0.10 sys=0.01, real=0.02 secs] 
2016-09-25T22:26:38.193-0400: 62.158: [GC (GCLocker Initiated GC) [PSYoungGen: 154929K->63460K(172544K)] 479099K->397338K(696832K), 0.0090338 secs] [Times: user=0.10 sys=0.00, real=0.02 secs] 
2016-09-25T22:26:38.261-0400: 62.225: [GC (GCLocker Initiated GC) [PSYoungGen: 152548K->57178K(174080K)] 496028K->414861K(698368K), 0.0093764 secs] [Times: user=0.10 sys=0.00, real=0.01 secs] 
2016-09-25T22:26:38.327-0400: 62.292: [GC (GCLocker Initiated GC) [PSYoungGen: 146266K->66076K(176640K)] 508040K->447966K(700928K), 0.0131116 secs] [Times: user=0.16 sys=0.00, real=0.01 secs] 
2016-09-25T22:26:38.397-0400: 62.361: [GC (GCLocker Initiated GC) [PSYoungGen: 159772K->66637K(176640K)] 545780K->471038K(700928K), 0.0096103 secs] [Times: user=0.13 sys=0.00, real=0.01 secs] 
2016-09-25T22:26:38.475-0400: 62.439: [GC (GCLocker Initiated GC) [PSYoungGen: 160333K->70397K(177152K)] 567577K->489778K(701440K), 0.0067974 secs] [Times: user=0.11 sys=0.00, real=0.00 secs] 
2016-09-25T22:26:38.553-0400: 62.517: [GC (GCLocker Initiated GC) [PSYoungGen: 164605K->55985K(178176K)] 601762K->504993K(702464K), 0.0062555 secs] [Times: user=0.07 sys=0.00, real=0.01 secs] 
2016-09-25T22:26:38.626-0400: 62.590: [GC (GCLocker Initiated GC) [PSYoungGen: 150193K->71805K(176128K)] 602085K->526535K(700416K), 0.0071458 secs] [Times: user=0.09 sys=0.00, real=0.00 secs] 
2016-09-25T22:26:38.703-0400: 62.667: [GC (GCLocker Initiated GC) [PSYoungGen: 164989K->59752K(177664K)] 619755K->526354K(701952K), 0.0095553 secs] [Times: user=0.10 sys=0.01, real=0.00 secs] 
2016-09-25T22:26:38.770-0400: 62.735: [GC (GCLocker Initiated GC) [PSYoungGen: 152936K->56987K(175616K)] 622388K->541065K(699904K), 0.0066245 secs] [Times: user=0.06 sys=0.00, real=0.01 secs] 
2016-09-25T22:26:38.843-0400: 62.807: [GC (GCLocker Initiated GC) [PSYoungGen: 151707K->73052K(176640K)] 635842K->562581K(700928K), 0.0214546 secs] [Times: user=0.26 sys=0.00, real=0.02 secs] 
2016-09-25T22:26:38.926-0400: 62.890: [Full GC (Ergonomics) [PSYoungGen: 167772K->0K(176640K)] [ParOldGen: 499156K->340120K(524288K)] 666928K->340120K(700928K), [Metaspace: 43641K->43641K(1085440K)], 0.0667796 secs] [Times: user=0.53 sys=0.02, real=0.06 secs] 
2016-09-25T22:26:39.059-0400: 63.023: [GC (GCLocker Initiated GC) [PSYoungGen: 94720K->77059K(172032K)] 435886K->418226K(696320K), 0.0106861 secs] [Times: user=0.07 sys=0.01, real=0.01 secs] 
2016-09-25T22:26:39.130-0400: 63.094: [GC (GCLocker Initiated GC) [PSYoungGen: 165123K->69140K(175104K)] 509055K->423484K(699392K), 0.0132550 secs] [Times: user=0.14 sys=0.00, real=0.02 secs] 
2016-09-25T22:26:39.208-0400: 63.173: [GC (GCLocker Initiated GC) [PSYoungGen: 157204K->56663K(173568K)] 514360K->459561K(697856K), 0.0145960 secs] [Times: user=0.18 sys=0.01, real=0.02 secs] 
2016-09-25T22:26:39.282-0400: 63.246: [GC (GCLocker Initiated GC) [PSYoungGen: 145239K->52078K(174592K)] 562991K->486871K(698880K), 0.0100834 secs] [Times: user=0.12 sys=0.01, real=0.01 secs] 
2016-09-25T22:26:39.354-0400: 63.318: [GC (GCLocker Initiated GC) [PSYoungGen: 140654K->49991K(175616K)] 578277K->489262K(699904K), 0.0106143 secs] [Times: user=0.08 sys=0.00, real=0.02 secs] 
2016-09-25T22:26:39.418-0400: 63.382: [GC (GCLocker Initiated GC) [PSYoungGen: 140615K->62040K(153088K)] 585406K->507837K(677376K), 0.0096152 secs] [Times: user=0.13 sys=0.00, real=0.01 secs] 
2016-09-25T22:26:39.483-0400: 63.447: [GC (GCLocker Initiated GC) [PSYoungGen: 152664K->50199K(175104K)] 601202K->518543K(699392K), 0.0084446 secs] [Times: user=0.08 sys=0.01, real=0.00 secs] 
2016-09-25T22:26:39.556-0400: 63.520: [GC (GCLocker Initiated GC) [PSYoungGen: 141847K->74372K(175104K)] 615669K->554486K(699392K), 0.0096197 secs] [Times: user=0.11 sys=0.01, real=0.01 secs] 
2016-09-25T22:26:39.627-0400: 63.591: [GC (GCLocker Initiated GC) [PSYoungGen: 166020K->64955K(177152K)] 646294K->558459K(701440K), 0.0106022 secs] [Times: user=0.13 sys=0.01, real=0.01 secs] 
2016-09-25T22:26:39.638-0400: 63.602: [Full GC (Ergonomics) [PSYoungGen: 64955K->0K(177152K)] [ParOldGen: 493504K->342792K(524288K)] 558459K->342792K(701440K), [Metaspace: 43641K->43641K(1085440K)], 0.0660593 secs] [Times: user=0.55 sys=0.02, real=0.07 secs] 
2016-09-25T22:26:39.760-0400: 63.725: [GC (GCLocker Initiated GC) [PSYoungGen: 91136K->83659K(175104K)] 433994K->426518K(699392K), 0.0093072 secs] [Times: user=0.15 sys=0.00, real=0.01 secs] 
2016-09-25T22:26:39.822-0400: 63.786: [GC (GCLocker Initiated GC) [PSYoungGen: 174795K->78892K(175104K)] 523207K->451099K(699392K), 0.0106747 secs] [Times: user=0.16 sys=0.00, real=0.01 secs] 
2016-09-25T22:26:39.894-0400: 63.858: [GC (GCLocker Initiated GC) [PSYoungGen: 166956K->77139K(175104K)] 539608K->471494K(699392K), 0.0097399 secs] [Times: user=0.16 sys=0.00, real=0.02 secs] 
2016-09-25T22:26:39.962-0400: 63.926: [GC (GCLocker Initiated GC) [PSYoungGen: 165203K->68634K(175104K)] 559772K->476348K(699392K), 0.0086289 secs] [Times: user=0.07 sys=0.00, real=0.01 secs] 
2016-09-25T22:26:40.038-0400: 64.002: [GC (GCLocker Initiated GC) [PSYoungGen: 156698K->50367K(175104K)] 569875K->488586K(699392K), 0.0065499 secs] [Times: user=0.06 sys=0.00, real=0.01 secs] 
2016-09-25T22:26:40.096-0400: 64.060: [GC (GCLocker Initiated GC) [PSYoungGen: 138431K->78784K(175104K)] 577080K->533603K(699392K), 0.0103602 secs] [Times: user=0.15 sys=0.00, real=0.01 secs] 
2016-09-25T22:26:40.160-0400: 64.124: [GC (GCLocker Initiated GC) [PSYoungGen: 166848K->60946K(175104K)] 633974K->545594K(699392K), 0.0127240 secs] [Times: user=0.10 sys=0.00, real=0.01 secs] 
2016-09-25T22:26:40.238-0400: 64.202: [Full GC (Ergonomics) [PSYoungGen: 149010K->0K(175104K)] [ParOldGen: 490182K->352581K(524288K)] 639192K->352581K(699392K), [Metaspace: 43643K->43643K(1087488K)], 0.0602132 secs] [Times: user=0.46 sys=0.01, real=0.06 secs] 
2016-09-25T22:26:40.361-0400: 64.325: [GC (GCLocker Initiated GC) [PSYoungGen: 88064K->68294K(175104K)] 455527K->435758K(699392K), 0.0064430 secs] [Times: user=0.10 sys=0.00, real=0.01 secs] 
2016-09-25T22:26:40.432-0400: 64.396: [GC (GCLocker Initiated GC) [PSYoungGen: 156358K->60834K(175104K)] 532145K->440985K(699392K), 0.0076049 secs] [Times: user=0.08 sys=0.00, real=0.01 secs] 
2016-09-25T22:26:40.508-0400: 64.472: [GC (GCLocker Initiated GC) [PSYoungGen: 148898K->43429K(175104K)] 537203K->432624K(699392K), 0.0112366 secs] [Times: user=0.09 sys=0.00, real=0.01 secs] 
2016-09-25T22:26:40.571-0400: 64.535: [GC (GCLocker Initiated GC) [PSYoungGen: 131493K->75597K(175104K)] 526172K->471503K(699392K), 0.0089243 secs] [Times: user=0.09 sys=0.00, real=0.01 secs] 
2016-09-25T22:26:40.634-0400: 64.598: [GC (GCLocker Initiated GC) [PSYoungGen: 163661K->55525K(175104K)] 565009K->474008K(699392K), 0.0074689 secs] [Times: user=0.09 sys=0.00, real=0.01 secs] 
2016-09-25T22:26:40.718-0400: 64.682: [GC (GCLocker Initiated GC) [PSYoungGen: 143589K->60999K(175104K)] 567552K->490057K(699392K), 0.0130379 secs] [Times: user=0.11 sys=0.00, real=0.01 secs] 
2016-09-25T22:26:40.794-0400: 64.758: [GC (GCLocker Initiated GC) [PSYoungGen: 149063K->63632K(175104K)] 583653K->502096K(699392K), 0.0082596 secs] [Times: user=0.09 sys=0.00, real=0.01 secs] 
2016-09-25T22:26:40.854-0400: 64.818: [GC (GCLocker Initiated GC) [PSYoungGen: 151696K->45986K(175104K)] 597101K->505951K(699392K), 0.0096076 secs] [Times: user=0.11 sys=0.00, real=0.01 secs] 
2016-09-25T22:26:40.932-0400: 64.896: [GC (GCLocker Initiated GC) [PSYoungGen: 134050K->67856K(175104K)] 594102K->530358K(699392K), 0.0111889 secs] [Times: user=0.16 sys=0.01, real=0.02 secs] 
2016-09-25T22:26:41.009-0400: 64.973: [GC (GCLocker Initiated GC) [PSYoungGen: 155920K->73501K(175104K)] 618475K->562892K(699392K), 0.0082842 secs] [Times: user=0.12 sys=0.00, real=0.01 secs] 
2016-09-25T22:26:41.079-0400: 65.043: [Full GC (Ergonomics) [PSYoungGen: 161565K->0K(175104K)] [ParOldGen: 493425K->361683K(524288K)] 654990K->361683K(699392K), [Metaspace: 43687K->43687K(1087488K)], 0.0935921 secs] [Times: user=0.71 sys=0.01, real=0.09 secs] 
2016-09-25T22:26:41.247-0400: 65.212: [GC (GCLocker Initiated GC) [PSYoungGen: 88064K->70138K(175104K)] 451232K->433306K(699392K), 0.0075089 secs] [Times: user=0.09 sys=0.00, real=0.01 secs] 
2016-09-25T22:26:41.315-0400: 65.279: [GC (GCLocker Initiated GC) [PSYoungGen: 158202K->61274K(175104K)] 533586K->449680K(699392K), 0.0127740 secs] [Times: user=0.10 sys=0.00, real=0.01 secs] 
2016-09-25T22:26:41.418-0400: 65.382: [GC (GCLocker Initiated GC) [PSYoungGen: 149338K->71598K(175104K)] 540892K->467190K(699392K), 0.0068558 secs] [Times: user=0.10 sys=0.00, real=0.01 secs] 
2016-09-25T22:26:41.473-0400: 65.437: [GC (GCLocker Initiated GC) [PSYoungGen: 159662K->57968K(146432K)] 558154K->480388K(670720K), 0.0065822 secs] [Times: user=0.09 sys=0.00, real=0.01 secs] 
2016-09-25T22:26:41.539-0400: 65.503: [GC (GCLocker Initiated GC) [PSYoungGen: 146032K->54753K(175616K)] 574327K->485186K(699904K), 0.0101583 secs] [Times: user=0.10 sys=0.00, real=0.01 secs] 
2016-09-25T22:26:41.632-0400: 65.596: [GC (GCLocker Initiated GC) [PSYoungGen: 143841K->40554K(174592K)] 581131K->490036K(698880K), 0.0097651 secs] [Times: user=0.09 sys=0.00, real=0.01 secs] 
2016-09-25T22:26:41.691-0400: 65.655: [GC (GCLocker Initiated GC) [PSYoungGen: 129642K->51225K(175616K)] 583382K->520771K(699904K), 0.0071596 secs] [Times: user=0.08 sys=0.00, real=0.01 secs] 
2016-09-25T22:26:41.756-0400: 65.720: [GC (GCLocker Initiated GC) [PSYoungGen: 139801K->73019K(175104K)] 612287K->559817K(699392K), 0.0136129 secs] [Times: user=0.14 sys=0.00, real=0.01 secs] 
2016-09-25T22:26:41.846-0400: 65.810: [GC (GCLocker Initiated GC) [PSYoungGen: 161595K->63536K(175104K)] 649334K->553780K(699392K), 0.0101587 secs] [Times: user=0.12 sys=0.02, real=0.01 secs] 
2016-09-25T22:26:41.897-0400: 65.861: [Full GC (Ergonomics) [PSYoungGen: 152112K->0K(175104K)] [ParOldGen: 495717K->374386K(524288K)] 647830K->374386K(699392K), [Metaspace: 43690K->43690K(1087488K)], 0.0915318 secs] [Times: user=0.55 sys=0.02, real=0.09 secs] 
2016-09-25T22:26:42.074-0400: 66.038: [GC (GCLocker Initiated GC) [PSYoungGen: 88576K->75714K(175104K)] 469771K->456909K(699392K), 0.0075082 secs] [Times: user=0.09 sys=0.00, real=0.00 secs] 
2016-09-25T22:26:42.132-0400: 66.096: [GC (GCLocker Initiated GC) [PSYoungGen: 164290K->47247K(175104K)] 545522K->433465K(699392K), 0.0074659 secs] [Times: user=0.06 sys=0.00, real=0.01 secs] 
2016-09-25T22:26:42.185-0400: 66.150: [GC (GCLocker Initiated GC) [PSYoungGen: 135311K->60713K(175104K)] 524322K->453482K(699392K), 0.0092569 secs] [Times: user=0.10 sys=0.00, real=0.01 secs] 
2016-09-25T22:26:42.257-0400: 66.221: [GC (GCLocker Initiated GC) [PSYoungGen: 148777K->60652K(169984K)] 541670K->484206K(694272K), 0.0118961 secs] [Times: user=0.10 sys=0.00, real=0.01 secs] 
2016-09-25T22:26:42.334-0400: 66.298: [GC (GCLocker Initiated GC) [PSYoungGen: 148716K->38009K(172544K)] 581867K->484118K(696832K), 0.0089135 secs] [Times: user=0.07 sys=0.01, real=0.01 secs] 
2016-09-25T22:26:42.400-0400: 66.365: [GC (GCLocker Initiated GC) [PSYoungGen: 126073K->64837K(176640K)] 572931K->530524K(700928K), 0.0172666 secs] [Times: user=0.15 sys=0.01, real=0.02 secs] 
2016-09-25T22:26:42.474-0400: 66.439: [GC (GCLocker Initiated GC) [PSYoungGen: 155461K->60791K(151552K)] 622625K->541020K(675840K), 0.0242259 secs] [Times: user=0.35 sys=0.01, real=0.02 secs] 
2016-09-25T22:26:42.563-0400: 66.527: [GC (GCLocker Initiated GC) [PSYoungGen: 151415K->52343K(175104K)] 631656K->549711K(699392K), 0.0081474 secs] [Times: user=0.07 sys=0.00, real=0.00 secs] 
2016-09-25T22:26:42.571-0400: 66.536: [Full GC (Ergonomics) [PSYoungGen: 52343K->0K(175104K)] [ParOldGen: 497368K->378095K(524288K)] 549711K->378095K(699392K), [Metaspace: 43690K->43690K(1087488K)], 0.0507345 secs] [Times: user=0.29 sys=0.00, real=0.06 secs] 
2016-09-25T22:26:42.685-0400: 66.649: [GC (GCLocker Initiated GC) [PSYoungGen: 91648K->71575K(174080K)] 471214K->451141K(698368K), 0.0095407 secs] [Times: user=0.12 sys=0.00, real=0.01 secs] 
2016-09-25T22:26:42.759-0400: 66.723: [GC (GCLocker Initiated GC) [PSYoungGen: 163223K->52968K(178688K)] 552452K->455330K(702976K), 0.0204491 secs] [Times: user=0.24 sys=0.01, real=0.02 secs] 
2016-09-25T22:26:42.833-0400: 66.797: [GC (GCLocker Initiated GC) [PSYoungGen: 147176K->60599K(155136K)] 549616K->472360K(679424K), 0.0224970 secs] [Times: user=0.18 sys=0.00, real=0.03 secs] 
2016-09-25T22:26:42.920-0400: 66.884: [GC (GCLocker Initiated GC) [PSYoungGen: 154807K->55486K(177152K)] 576988K->478498K(701440K), 0.0134178 secs] [Times: user=0.13 sys=0.01, real=0.01 secs] 
2016-09-25T22:26:42.984-0400: 66.948: [GC (GCLocker Initiated GC) [PSYoungGen: 151230K->72871K(175616K)] 574285K->496948K(699904K), 0.0063485 secs] [Times: user=0.08 sys=0.00, real=0.00 secs] 
2016-09-25T22:26:43.040-0400: 67.004: [GC (GCLocker Initiated GC) [PSYoungGen: 168615K->82427K(171008K)] 592844K->519683K(695296K), 0.0097128 secs] [Times: user=0.14 sys=0.01, real=0.01 secs] 
2016-09-25T22:26:43.107-0400: 67.071: [GC (Allocation Failure) [PSYoungGen: 170491K->59682K(175104K)] 615890K->530268K(699392K), 0.0087659 secs] [Times: user=0.09 sys=0.00, real=0.01 secs] 
2016-09-25T22:26:43.179-0400: 67.143: [GC (GCLocker Initiated GC) [PSYoungGen: 147676K->55564K(172032K)] 619611K->550275K(696320K), 0.0147161 secs] [Times: user=0.18 sys=0.01, real=0.01 secs] 
2016-09-25T22:26:43.193-0400: 67.158: [Full GC (Ergonomics) [PSYoungGen: 55564K->0K(172032K)] [ParOldGen: 494711K->379095K(524288K)] 550275K->379095K(696320K), [Metaspace: 43690K->43690K(1087488K)], 0.0650321 secs] [Times: user=0.53 sys=0.00, real=0.07 secs] 
2016-09-25T22:26:43.310-0400: 67.274: [GC (GCLocker Initiated GC) [PSYoungGen: 88064K->76633K(173568K)] 473396K->461965K(697856K), 0.0084946 secs] [Times: user=0.14 sys=0.00, real=0.01 secs] 
2016-09-25T22:26:43.377-0400: 67.341: [GC (GCLocker Initiated GC) [PSYoungGen: 164697K->55229K(175104K)] 555502K->473587K(699392K), 0.0088647 secs] [Times: user=0.11 sys=0.01, real=0.01 secs] 
2016-09-25T22:26:43.438-0400: 67.402: [GC (GCLocker Initiated GC) [PSYoungGen: 143293K->58874K(146944K)] 561672K->487436K(671232K), 0.0062941 secs] [Times: user=0.08 sys=0.00, real=0.01 secs] 
2016-09-25T22:26:43.483-0400: 67.447: [GC (GCLocker Initiated GC) [PSYoungGen: 146938K->77026K(172032K)] 575646K->526348K(696320K), 0.0080093 secs] [Times: user=0.11 sys=0.01, real=0.00 secs] 
2016-09-25T22:26:43.548-0400: 67.512: [GC (GCLocker Initiated GC) [PSYoungGen: 163554K->79379K(173568K)] 615705K->555394K(697856K), 0.0081018 secs] [Times: user=0.13 sys=0.00, real=0.01 secs] 
2016-09-25T22:26:43.611-0400: 67.576: [GC (GCLocker Initiated GC) [PSYoungGen: 165907K->80664K(175104K)] 646042K->573556K(699392K), 0.0104277 secs] [Times: user=0.18 sys=0.00, real=0.01 secs] 
2016-09-25T22:26:43.622-0400: 67.586: [Full GC (Ergonomics) [PSYoungGen: 80664K->0K(175104K)] [ParOldGen: 492892K->387399K(524288K)] 573556K->387399K(699392K), [Metaspace: 43690K->43690K(1087488K)], 0.0634989 secs] [Times: user=0.54 sys=0.01, real=0.07 secs] 
2016-09-25T22:26:43.748-0400: 67.712: [GC (GCLocker Initiated GC) [PSYoungGen: 88064K->63339K(175104K)] 482454K->457730K(699392K), 0.0062164 secs] [Times: user=0.07 sys=0.00, real=0.01 secs] 
2016-09-25T22:26:43.809-0400: 67.773: [GC (GCLocker Initiated GC) [PSYoungGen: 151403K->72655K(175104K)] 547231K->480054K(699392K), 0.0113367 secs] [Times: user=0.17 sys=0.01, real=0.01 secs] 
2016-09-25T22:26:43.872-0400: 67.836: [GC (GCLocker Initiated GC) [PSYoungGen: 160719K->53603K(175104K)] 568197K->468360K(699392K), 0.0117160 secs] [Times: user=0.12 sys=0.00, real=0.02 secs] 
2016-09-25T22:26:43.930-0400: 67.894: [GC (GCLocker Initiated GC) [PSYoungGen: 141667K->63047K(175104K)] 559306K->494582K(699392K), 0.0102261 secs] [Times: user=0.10 sys=0.01, real=0.01 secs] 
2016-09-25T22:26:43.994-0400: 67.958: [GC (GCLocker Initiated GC) [PSYoungGen: 151111K->82164K(175104K)] 585462K->527806K(699392K), 0.0077099 secs] [Times: user=0.09 sys=0.01, real=0.01 secs] 
2016-09-25T22:26:44.055-0400: 68.019: [GC (GCLocker Initiated GC) [PSYoungGen: 170228K->60388K(175104K)] 617284K->522910K(699392K), 0.0090180 secs] [Times: user=0.13 sys=0.00, real=0.01 secs] 
2016-09-25T22:26:44.115-0400: 68.079: [GC (GCLocker Initiated GC) [PSYoungGen: 148452K->57535K(175104K)] 616458K->527366K(699392K), 0.0063057 secs] [Times: user=0.06 sys=0.00, real=0.00 secs] 
2016-09-25T22:26:44.174-0400: 68.138: [GC (GCLocker Initiated GC) [PSYoungGen: 145599K->56377K(175104K)] 616853K->563202K(699392K), 0.0091507 secs] [Times: user=0.14 sys=0.00, real=0.01 secs] 
2016-09-25T22:26:44.183-0400: 68.148: [Full GC (Ergonomics) [PSYoungGen: 56377K->0K(175104K)] [ParOldGen: 506825K->387509K(524288K)] 563202K->387509K(699392K), [Metaspace: 43690K->43690K(1087488K)], 0.0554536 secs] [Times: user=0.49 sys=0.00, real=0.05 secs] 
2016-09-25T22:26:44.290-0400: 68.254: [GC (GCLocker Initiated GC) [PSYoungGen: 88064K->55169K(175104K)] 478314K->445419K(699392K), 0.0059605 secs] [Times: user=0.05 sys=0.00, real=0.01 secs] 
2016-09-25T22:26:44.339-0400: 68.303: [GC (GCLocker Initiated GC) [PSYoungGen: 143233K->57602K(175104K)] 538916K->459422K(699392K), 0.0094771 secs] [Times: user=0.11 sys=0.00, real=0.01 secs] 
2016-09-25T22:26:44.398-0400: 68.362: [GC (GCLocker Initiated GC) [PSYoungGen: 145666K->49555K(175104K)] 547951K->455098K(699392K), 0.0096556 secs] [Times: user=0.11 sys=0.00, real=0.01 secs] 
2016-09-25T22:26:44.463-0400: 68.427: [GC (GCLocker Initiated GC) [PSYoungGen: 137619K->77929K(175104K)] 547463K->501756K(699392K), 0.0110599 secs] [Times: user=0.12 sys=0.00, real=0.00 secs] 
2016-09-25T22:26:44.530-0400: 68.494: [GC (GCLocker Initiated GC) [PSYoungGen: 165993K->49568K(175104K)] 595287K->511728K(699392K), 0.0102562 secs] [Times: user=0.15 sys=0.01, real=0.01 secs] 
2016-09-25T22:26:44.588-0400: 68.553: [GC (GCLocker Initiated GC) [PSYoungGen: 137632K->73815K(175104K)] 599844K->555463K(699392K), 0.0098087 secs] [Times: user=0.13 sys=0.00, real=0.01 secs] 
2016-09-25T22:26:44.641-0400: 68.605: [GC (GCLocker Initiated GC) [PSYoungGen: 161879K->61771K(175104K)] 643671K->558871K(699392K), 0.0087786 secs] [Times: user=0.13 sys=0.00, real=0.01 secs] 
2016-09-25T22:26:44.650-0400: 68.614: [Full GC (Ergonomics) [PSYoungGen: 61771K->0K(175104K)] [ParOldGen: 497100K->392452K(524288K)] 558871K->392452K(699392K), [Metaspace: 43697K->43697K(1087488K)], 0.0536323 secs] [Times: user=0.39 sys=0.00, real=0.06 secs] 
2016-09-25T22:26:44.753-0400: 68.717: [GC (GCLocker Initiated GC) [PSYoungGen: 88064K->81024K(175104K)] 485990K->478950K(699392K), 0.0085717 secs] [Times: user=0.13 sys=0.00, real=0.01 secs] 
2016-09-25T22:26:44.808-0400: 68.772: [GC (GCLocker Initiated GC) [PSYoungGen: 169088K->72455K(175104K)] 572667K->494454K(699392K), 0.0107586 secs] [Times: user=0.12 sys=0.00, real=0.01 secs] 
2016-09-25T22:26:44.877-0400: 68.841: [GC (GCLocker Initiated GC) [PSYoungGen: 160519K->60337K(175104K)] 593366K->495023K(699392K), 0.0071033 secs] [Times: user=0.07 sys=0.00, real=0.01 secs] 
2016-09-25T22:26:44.948-0400: 68.912: [GC (GCLocker Initiated GC) [PSYoungGen: 148401K->67055K(175104K)] 583279K->507842K(699392K), 0.0086510 secs] [Times: user=0.11 sys=0.00, real=0.01 secs] 
2016-09-25T22:26:45.016-0400: 68.980: [GC (GCLocker Initiated GC) [PSYoungGen: 155119K->43001K(175104K)] 608140K->513968K(699392K), 0.0089186 secs] [Times: user=0.10 sys=0.00, real=0.01 secs] 
2016-09-25T22:26:45.079-0400: 69.044: [GC (GCLocker Initiated GC) [PSYoungGen: 131065K->69916K(175104K)] 604821K->544415K(699392K), 0.0090842 secs] [Times: user=0.12 sys=0.00, real=0.01 secs] 
2016-09-25T22:26:45.139-0400: 69.103: [GC (GCLocker Initiated GC) [PSYoungGen: 157980K->64335K(175104K)] 632566K->543645K(699392K), 0.0067182 secs] [Times: user=0.07 sys=0.01, real=0.01 secs] 
2016-09-25T22:26:45.197-0400: 69.162: [GC (GCLocker Initiated GC) [PSYoungGen: 152399K->61696K(150016K)] 631966K->553897K(674304K), 0.0066505 secs] [Times: user=0.10 sys=0.00, real=0.01 secs] 
2016-09-25T22:26:45.253-0400: 69.217: [GC (GCLocker Initiated GC) [PSYoungGen: 149760K->71287K(174080K)] 642215K->584478K(698368K), 0.0117873 secs] [Times: user=0.13 sys=0.01, real=0.02 secs] 
2016-09-25T22:26:45.265-0400: 69.229: [Full GC (Ergonomics) [PSYoungGen: 71287K->0K(174080K)] [ParOldGen: 513190K->395944K(524288K)] 584478K->395944K(698368K), [Metaspace: 43701K->43701K(1087488K)], 0.0627892 secs] [Times: user=0.56 sys=0.00, real=0.06 secs] 
2016-09-25T22:26:45.371-0400: 69.335: [GC (GCLocker Initiated GC) [PSYoungGen: 87552K->68959K(174592K)] 484963K->466371K(698880K), 0.0079004 secs] [Times: user=0.09 sys=0.00, real=0.01 secs] 
2016-09-25T22:26:45.426-0400: 69.391: [GC (GCLocker Initiated GC) [PSYoungGen: 156511K->53726K(174080K)] 566307K->479378K(698368K), 0.0081203 secs] [Times: user=0.11 sys=0.01, real=0.01 secs] 
2016-09-25T22:26:45.490-0400: 69.454: [GC (GCLocker Initiated GC) [PSYoungGen: 142302K->65867K(174592K)] 576097K->500298K(698880K), 0.0132033 secs] [Times: user=0.17 sys=0.01, real=0.02 secs] 
2016-09-25T22:26:45.577-0400: 69.542: [GC (GCLocker Initiated GC) [PSYoungGen: 154443K->58998K(173568K)] 593158K->510442K(697856K), 0.0177892 secs] [Times: user=0.25 sys=0.00, real=0.02 secs] 
2016-09-25T22:26:45.641-0400: 69.606: [GC (GCLocker Initiated GC) [PSYoungGen: 150134K->57529K(174592K)] 604332K->517683K(698880K), 0.0074284 secs] [Times: user=0.06 sys=0.00, real=0.01 secs] 
2016-09-25T22:26:45.696-0400: 69.660: [GC (GCLocker Initiated GC) [PSYoungGen: 148665K->41454K(175616K)] 608944K->503535K(699904K), 0.0146189 secs] [Times: user=0.10 sys=0.00, real=0.01 secs] 
2016-09-25T22:26:45.783-0400: 69.747: [GC (GCLocker Initiated GC) [PSYoungGen: 134638K->69975K(163328K)] 596815K->569320K(687616K), 0.0153573 secs] [Times: user=0.20 sys=0.00, real=0.01 secs] 
2016-09-25T22:26:45.799-0400: 69.763: [Full GC (Ergonomics) [PSYoungGen: 69975K->0K(163328K)] [ParOldGen: 499344K->396009K(524288K)] 569320K->396009K(687616K), [Metaspace: 43701K->43701K(1087488K)], 0.0543497 secs] [Times: user=0.54 sys=0.00, real=0.05 secs] 
2016-09-25T22:26:45.901-0400: 69.865: [GC (GCLocker Initiated GC) [PSYoungGen: 93184K->46425K(176640K)] 491925K->445166K(700928K), 0.0127727 secs] [Times: user=0.11 sys=0.01, real=0.01 secs] 
2016-09-25T22:26:45.987-0400: 69.952: [GC (GCLocker Initiated GC) [PSYoungGen: 137561K->52443K(143872K)] 540449K->459365K(668160K), 0.0186923 secs] [Times: user=0.20 sys=0.00, real=0.02 secs] 
2016-09-25T22:26:46.060-0400: 70.024: [GC (GCLocker Initiated GC) [PSYoungGen: 143579K->59257K(178176K)] 557320K->504900K(702464K), 0.0072433 secs] [Times: user=0.09 sys=0.00, real=0.01 secs] 
2016-09-25T22:26:46.133-0400: 70.097: [GC (GCLocker Initiated GC) [PSYoungGen: 152953K->70472K(175616K)] 604171K->523751K(699904K), 0.0131773 secs] [Times: user=0.15 sys=0.01, real=0.02 secs] 
2016-09-25T22:26:46.222-0400: 70.186: [GC (GCLocker Initiated GC) [PSYoungGen: 164168K->74142K(173056K)] 623942K->536201K(697344K), 0.0075280 secs] [Times: user=0.10 sys=0.00, real=0.01 secs] 
2016-09-25T22:26:46.269-0400: 70.233: [GC (GCLocker Initiated GC) [PSYoungGen: 163230K->65980K(175616K)] 628063K->550443K(699904K), 0.0071516 secs] [Times: user=0.09 sys=0.01, real=0.01 secs] 
2016-09-25T22:26:46.349-0400: 70.313: [Full GC (Ergonomics) [PSYoungGen: 155068K->0K(175616K)] [ParOldGen: 490073K->394979K(524288K)] 645141K->394979K(699904K), [Metaspace: 43702K->43702K(1087488K)], 0.0851870 secs] [Times: user=0.71 sys=0.01, real=0.09 secs] 
2016-09-25T22:26:46.474-0400: 70.438: [GC (GCLocker Initiated GC) [PSYoungGen: 89088K->76810K(173568K)] 484189K->471911K(697856K), 0.0098030 secs] [Times: user=0.13 sys=0.00, real=0.02 secs] 
2016-09-25T22:26:46.538-0400: 70.502: [GC (GCLocker Initiated GC) [PSYoungGen: 164874K->66201K(175104K)] 566799K->478298K(699392K), 0.0152223 secs] [Times: user=0.21 sys=0.00, real=0.01 secs] 
2016-09-25T22:26:46.635-0400: 70.599: [GC (Allocation Failure) [PSYoungGen: 154265K->56561K(173056K)] 574588K->504705K(697344K), 0.0099829 secs] [Times: user=0.15 sys=0.00, real=0.01 secs] 
2016-09-25T22:26:46.647-0400: 70.611: [GC (GCLocker Initiated GC) [PSYoungGen: 56845K->320K(174080K)] 504989K->522343K(698368K), 0.0064928 secs] [Times: user=0.09 sys=0.01, real=0.00 secs] 
2016-09-25T22:26:46.654-0400: 70.618: [Full GC (Ergonomics) [PSYoungGen: 320K->0K(174080K)] [ParOldGen: 522023K->409967K(524288K)] 522343K->409967K(698368K), [Metaspace: 43702K->43702K(1087488K)], 0.0646358 secs] [Times: user=0.57 sys=0.01, real=0.07 secs] 
2016-09-25T22:26:46.808-0400: 70.772: [GC (GCLocker Initiated GC) [PSYoungGen: 87000K->52861K(175104K)] 499667K->465529K(699392K), 0.0099165 secs] [Times: user=0.11 sys=0.00, real=0.01 secs] 
2016-09-25T22:26:46.876-0400: 70.840: [GC (GCLocker Initiated GC) [PSYoungGen: 140925K->55083K(175104K)] 556370K->473103K(699392K), 0.0084907 secs] [Times: user=0.08 sys=0.00, real=0.01 secs] 
2016-09-25T22:26:46.929-0400: 70.893: [GC (GCLocker Initiated GC) [PSYoungGen: 143147K->75368K(175104K)] 561196K->509094K(699392K), 0.0075567 secs] [Times: user=0.13 sys=0.00, real=0.01 secs] 
2016-09-25T22:26:46.995-0400: 70.959: [GC (GCLocker Initiated GC) [PSYoungGen: 163432K->55021K(175104K)] 597248K->502987K(699392K), 0.0062171 secs] [Times: user=0.08 sys=0.00, real=0.00 secs] 
2016-09-25T22:26:47.056-0400: 71.020: [GC (GCLocker Initiated GC) [PSYoungGen: 143085K->29372K(175104K)] 595216K->502298K(699392K), 0.0099865 secs] [Times: user=0.07 sys=0.01, real=0.01 secs] 
2016-09-25T22:26:47.132-0400: 71.096: [Full GC (Ergonomics) [PSYoungGen: 117436K->0K(175104K)] [ParOldGen: 477055K->405139K(524288K)] 594491K->405139K(699392K), [Metaspace: 43703K->43703K(1087488K)], 0.0684999 secs] [Times: user=0.51 sys=0.01, real=0.07 secs] 
2016-09-25T22:26:47.265-0400: 71.230: [GC (GCLocker Initiated GC) [PSYoungGen: 88064K->51709K(175104K)] 497407K->461053K(699392K), 0.0079190 secs] [Times: user=0.09 sys=0.00, real=0.00 secs] 
2016-09-25T22:26:47.328-0400: 71.292: [GC (GCLocker Initiated GC) [PSYoungGen: 139773K->56310K(172032K)] 549318K->479396K(696320K), 0.0066545 secs] [Times: user=0.06 sys=0.01, real=0.01 secs] 
2016-09-25T22:26:47.385-0400: 71.350: [GC (GCLocker Initiated GC) [PSYoungGen: 144374K->85491K(173568K)] 569109K->515626K(697856K), 0.0075594 secs] [Times: user=0.09 sys=0.00, real=0.00 secs] 
2016-09-25T22:26:47.451-0400: 71.415: [GC (GCLocker Initiated GC) [PSYoungGen: 173555K->46923K(175104K)] 606601K->521668K(699392K), 0.0094394 secs] [Times: user=0.14 sys=0.00, real=0.01 secs] 
2016-09-25T22:26:47.460-0400: 71.424: [Full GC (Ergonomics) [PSYoungGen: 46923K->0K(175104K)] [ParOldGen: 474745K->398666K(524288K)] 521668K->398666K(699392K), [Metaspace: 43703K->43703K(1087488K)], 0.2398918 secs] [Times: user=3.71 sys=0.02, real=0.24 secs] 
2016-09-25T22:26:47.746-0400: 71.711: [GC (GCLocker Initiated GC) [PSYoungGen: 88064K->82537K(175104K)] 486931K->481405K(699392K), 0.0110412 secs] [Times: user=0.15 sys=0.00, real=0.01 secs] 
2016-09-25T22:26:47.798-0400: 71.762: [GC (GCLocker Initiated GC) [PSYoungGen: 170601K->68876K(175104K)] 572347K->494669K(699392K), 0.0105034 secs] [Times: user=0.11 sys=0.00, real=0.01 secs] 
2016-09-25T22:26:47.872-0400: 71.836: [GC (GCLocker Initiated GC) [PSYoungGen: 156940K->63379K(175104K)] 597784K->517149K(699392K), 0.0065121 secs] [Times: user=0.09 sys=0.00, real=0.01 secs] 
2016-09-25T22:26:47.937-0400: 71.902: [GC (GCLocker Initiated GC) [PSYoungGen: 151443K->52387K(175104K)] 610661K->524538K(699392K), 0.0066756 secs] [Times: user=0.10 sys=0.00, real=0.01 secs] 
2016-09-25T22:26:48.012-0400: 71.977: [GC (GCLocker Initiated GC) [PSYoungGen: 140451K->55024K(175104K)] 618127K->534629K(699392K), 0.0074354 secs] [Times: user=0.07 sys=0.00, real=0.01 secs] 
2016-09-25T22:26:48.081-0400: 72.045: [GC (GCLocker Initiated GC) [PSYoungGen: 143088K->60520K(175104K)] 622784K->563862K(699392K), 0.0228106 secs] [Times: user=0.27 sys=0.00, real=0.03 secs] 
2016-09-25T22:26:48.104-0400: 72.068: [Full GC (Ergonomics) [PSYoungGen: 60520K->0K(175104K)] [ParOldGen: 503342K->401912K(524288K)] 563862K->401912K(699392K), [Metaspace: 43703K->43703K(1087488K)], 0.0718120 secs] [Times: user=0.57 sys=0.02, real=0.07 secs] 
2016-09-25T22:26:48.219-0400: 72.183: [GC (GCLocker Initiated GC) [PSYoungGen: 88064K->64116K(175104K)] 493126K->469179K(699392K), 0.0115040 secs] [Times: user=0.14 sys=0.00, real=0.01 secs] 
2016-09-25T22:26:48.289-0400: 72.253: [GC (GCLocker Initiated GC) [PSYoungGen: 152180K->78156K(175104K)] 560025K->486000K(699392K), 0.0083787 secs] [Times: user=0.09 sys=0.00, real=0.01 secs] 
2016-09-25T22:26:48.355-0400: 72.320: [GC (GCLocker Initiated GC) [PSYoungGen: 166220K->51125K(175104K)] 582383K->509882K(699392K), 0.0109024 secs] [Times: user=0.11 sys=0.02, real=0.01 secs] 
2016-09-25T22:26:48.427-0400: 72.392: [GC (GCLocker Initiated GC) [PSYoungGen: 139189K->59131K(175104K)] 603560K->525515K(699392K), 0.0089905 secs] [Times: user=0.13 sys=0.00, real=0.01 secs] 
2016-09-25T22:26:48.492-0400: 72.457: [GC (GCLocker Initiated GC) [PSYoungGen: 147195K->74581K(175104K)] 619224K->546610K(699392K), 0.0090922 secs] [Times: user=0.13 sys=0.00, real=0.01 secs] 
2016-09-25T22:26:48.565-0400: 72.529: [Full GC (Ergonomics) [PSYoungGen: 162645K->0K(175104K)] [ParOldGen: 480200K->405105K(524288K)] 642845K->405105K(699392K), [Metaspace: 43703K->43703K(1087488K)], 0.0584401 secs] [Times: user=0.49 sys=0.00, real=0.06 secs] 
2016-09-25T22:26:48.658-0400: 72.623: [GC (GCLocker Initiated GC) [PSYoungGen: 88064K->81438K(175104K)] 493356K->486731K(699392K), 0.0069986 secs] [Times: user=0.10 sys=0.01, real=0.01 secs] 
2016-09-25T22:26:48.721-0400: 72.685: [GC (GCLocker Initiated GC) [PSYoungGen: 169502K->75451K(175104K)] 583036K->495657K(699392K), 0.0084629 secs] [Times: user=0.12 sys=0.00, real=0.01 secs] 
2016-09-25T22:26:48.783-0400: 72.748: [GC (GCLocker Initiated GC) [PSYoungGen: 163515K->59157K(175104K)] 584255K->498228K(699392K), 0.0086373 secs] [Times: user=0.13 sys=0.00, real=0.00 secs] 
2016-09-25T22:26:48.839-0400: 72.803: [GC (GCLocker Initiated GC) [PSYoungGen: 147221K->74138K(175104K)] 595812K->542232K(699392K), 0.0071695 secs] [Times: user=0.11 sys=0.00, real=0.01 secs] 
2016-09-25T22:26:48.898-0400: 72.862: [GC (GCLocker Initiated GC) [PSYoungGen: 162202K->56452K(175104K)] 638500K->555036K(699392K), 0.0084279 secs] [Times: user=0.12 sys=0.01, real=0.01 secs] 
2016-09-25T22:26:48.906-0400: 72.870: [Full GC (Ergonomics) [PSYoungGen: 56452K->0K(175104K)] [ParOldGen: 498584K->410222K(524288K)] 555036K->410222K(699392K), [Metaspace: 43703K->43703K(1087488K)], 0.0614139 secs] [Times: user=0.63 sys=0.00, real=0.06 secs] 
2016-09-25T22:26:49.027-0400: 72.991: [GC (GCLocker Initiated GC) [PSYoungGen: 88064K->67355K(175104K)] 502505K->481797K(699392K), 0.0087650 secs] [Times: user=0.12 sys=0.00, real=0.01 secs] 
2016-09-25T22:26:49.090-0400: 73.054: [GC (GCLocker Initiated GC) [PSYoungGen: 155419K->57712K(175104K)] 575377K->486503K(699392K), 0.0077683 secs] [Times: user=0.10 sys=0.00, real=0.01 secs] 
2016-09-25T22:26:49.145-0400: 73.109: [GC (GCLocker Initiated GC) [PSYoungGen: 145776K->63085K(175104K)] 577301K->522158K(699392K), 0.0072883 secs] [Times: user=0.09 sys=0.01, real=0.00 secs] 
2016-09-25T22:26:49.206-0400: 73.171: [GC (GCLocker Initiated GC) [PSYoungGen: 151149K->73979K(175104K)] 611620K->547065K(699392K), 0.0074953 secs] [Times: user=0.11 sys=0.00, real=0.00 secs] 
2016-09-25T22:26:49.269-0400: 73.233: [GC (GCLocker Initiated GC) [PSYoungGen: 162043K->76493K(175104K)] 635302K->557101K(699392K), 0.0085789 secs] [Times: user=0.12 sys=0.00, real=0.01 secs] 
2016-09-25T22:26:49.331-0400: 73.295: [Full GC (Ergonomics) [PSYoungGen: 164557K->0K(175104K)] [ParOldGen: 486062K->415186K(524288K)] 650620K->415186K(699392K), [Metaspace: 43703K->43703K(1087488K)], 0.0622200 secs] [Times: user=0.40 sys=0.01, real=0.06 secs] 
2016-09-25T22:26:49.440-0400: 73.404: [GC (GCLocker Initiated GC) [PSYoungGen: 88064K->74367K(175104K)] 503589K->489892K(699392K), 0.0094185 secs] [Times: user=0.10 sys=0.00, real=0.01 secs] 
2016-09-25T22:26:49.496-0400: 73.460: [GC (GCLocker Initiated GC) [PSYoungGen: 162431K->64469K(175104K)] 586297K->492014K(699392K), 0.0070699 secs] [Times: user=0.08 sys=0.00, real=0.01 secs] 
2016-09-25T22:26:49.547-0400: 73.511: [GC (GCLocker Initiated GC) [PSYoungGen: 152533K->59070K(175104K)] 580167K->512901K(699392K), 0.0113839 secs] [Times: user=0.17 sys=0.00, real=0.01 secs] 
2016-09-25T22:26:49.610-0400: 73.574: [GC (GCLocker Initiated GC) [PSYoungGen: 147134K->45537K(175104K)] 612006K->532462K(699392K), 0.0077325 secs] [Times: user=0.07 sys=0.00, real=0.01 secs] 
2016-09-25T22:26:49.618-0400: 73.582: [Full GC (Ergonomics) [PSYoungGen: 45537K->0K(175104K)] [ParOldGen: 486924K->422135K(524288K)] 532462K->422135K(699392K), [Metaspace: 43703K->43703K(1087488K)], 0.0613421 secs] [Times: user=0.43 sys=0.00, real=0.06 secs] 
2016-09-25T22:26:49.741-0400: 73.706: [GC (GCLocker Initiated GC) [PSYoungGen: 88064K->60483K(175104K)] 513224K->485644K(699392K), 0.0069793 secs] [Times: user=0.07 sys=0.00, real=0.01 secs] 
2016-09-25T22:26:49.801-0400: 73.765: [GC (GCLocker Initiated GC) [PSYoungGen: 148547K->69710K(175104K)] 576503K->507751K(699392K), 0.0068719 secs] [Times: user=0.09 sys=0.00, real=0.01 secs] 
2016-09-25T22:26:49.855-0400: 73.819: [GC (GCLocker Initiated GC) [PSYoungGen: 157774K->71223K(175104K)] 596036K->532919K(699392K), 0.0141698 secs] [Times: user=0.21 sys=0.00, real=0.01 secs] 
2016-09-25T22:26:49.916-0400: 73.880: [GC (GCLocker Initiated GC) [PSYoungGen: 159287K->67173K(155648K)] 621112K->545741K(679936K), 0.0102973 secs] [Times: user=0.15 sys=0.00, real=0.01 secs] 
2016-09-25T22:26:49.967-0400: 73.931: [GC (GCLocker Initiated GC) [PSYoungGen: 155237K->85200K(174080K)] 636751K->569414K(698368K), 0.0087384 secs] [Times: user=0.12 sys=0.01, real=0.01 secs] 
2016-09-25T22:26:50.025-0400: 73.989: [Full GC (Ergonomics) [PSYoungGen: 172752K->0K(174080K)] [ParOldGen: 491064K->427204K(524288K)] 663817K->427204K(698368K), [Metaspace: 43703K->43703K(1087488K)], 0.0538435 secs] [Times: user=0.44 sys=0.00, real=0.05 secs] 
2016-09-25T22:26:50.141-0400: 74.105: [GC (GCLocker Initiated GC) [PSYoungGen: 87552K->63476K(174592K)] 522949K->498874K(698880K), 0.0071184 secs] [Times: user=0.06 sys=0.01, real=0.01 secs] 
2016-09-25T22:26:50.194-0400: 74.158: [GC (GCLocker Initiated GC) [PSYoungGen: 151028K->57501K(175104K)] 586446K->506041K(699392K), 0.0089603 secs] [Times: user=0.07 sys=0.01, real=0.02 secs] 
2016-09-25T22:26:50.249-0400: 74.213: [GC (GCLocker Initiated GC) [PSYoungGen: 145565K->60426K(175104K)] 596922K->528520K(699392K), 0.0064641 secs] [Times: user=0.10 sys=0.00, real=0.01 secs] 
2016-09-25T22:26:50.300-0400: 74.264: [GC (GCLocker Initiated GC) [PSYoungGen: 148490K->60393K(174080K)] 616589K->537177K(698368K), 0.0093217 secs] [Times: user=0.13 sys=0.00, real=0.01 secs] 
2016-09-25T22:26:50.380-0400: 74.344: [GC (GCLocker Initiated GC) [PSYoungGen: 148457K->67688K(174592K)] 630718K->549949K(698880K), 0.0077733 secs] [Times: user=0.10 sys=0.00, real=0.01 secs] 
2016-09-25T22:26:50.450-0400: 74.414: [GC (GCLocker Initiated GC) [PSYoungGen: 155752K->67882K(174080K)] 640774K->552903K(698368K), 0.0127015 secs] [Times: user=0.15 sys=0.01, real=0.02 secs] 
2016-09-25T22:26:50.510-0400: 74.474: [GC (GCLocker Initiated GC) [PSYoungGen: 157994K->79164K(174592K)] 643076K->564246K(698880K), 0.0082563 secs] [Times: user=0.09 sys=0.01, real=0.01 secs] 
2016-09-25T22:26:50.582-0400: 74.546: [Full GC (Ergonomics) [PSYoungGen: 169276K->0K(174592K)] [ParOldGen: 496171K->417988K(524288K)] 665448K->417988K(698880K), [Metaspace: 43703K->43703K(1087488K)], 0.0769600 secs] [Times: user=0.57 sys=0.02, real=0.08 secs] 
2016-09-25T22:26:50.704-0400: 74.668: [GC (GCLocker Initiated GC) [PSYoungGen: 90112K->79710K(175104K)] 508239K->497837K(699392K), 0.0073771 secs] [Times: user=0.10 sys=0.00, real=0.00 secs] 
2016-09-25T22:26:50.773-0400: 74.737: [GC (GCLocker Initiated GC) [PSYoungGen: 167774K->84114K(175104K)] 585906K->502246K(699392K), 0.0110540 secs] [Times: user=0.13 sys=0.00, real=0.02 secs] 
2016-09-25T22:26:50.855-0400: 74.819: [GC (GCLocker Initiated GC) [PSYoungGen: 172178K->65827K(175104K)] 595826K->502893K(699392K), 0.0132647 secs] [Times: user=0.19 sys=0.00, real=0.01 secs] 
2016-09-25T22:26:50.912-0400: 74.877: [GC (GCLocker Initiated GC) [PSYoungGen: 153891K->80740K(175104K)] 593838K->537434K(699392K), 0.0082090 secs] [Times: user=0.11 sys=0.00, real=0.01 secs] 
2016-09-25T22:26:51.014-0400: 74.978: [GC (GCLocker Initiated GC) [PSYoungGen: 168804K->60361K(175104K)] 635096K->543354K(699392K), 0.0135927 secs] [Times: user=0.12 sys=0.00, real=0.01 secs] 
2016-09-25T22:26:51.081-0400: 75.045: [GC (GCLocker Initiated GC) [PSYoungGen: 148425K->59075K(175104K)] 636866K->568304K(699392K), 0.0076338 secs] [Times: user=0.10 sys=0.00, real=0.01 secs] 
2016-09-25T22:26:51.088-0400: 75.052: [Full GC (Ergonomics) [PSYoungGen: 59075K->0K(175104K)] [ParOldGen: 509228K->424340K(524288K)] 568304K->424340K(699392K), [Metaspace: 43703K->43703K(1087488K)], 0.0690668 secs] [Times: user=0.62 sys=0.01, real=0.07 secs] 
2016-09-25T22:26:51.226-0400: 75.190: [GC (GCLocker Initiated GC) [PSYoungGen: 88064K->54125K(175104K)] 512452K->478514K(699392K), 0.0162309 secs] [Times: user=0.13 sys=0.00, real=0.02 secs] 
2016-09-25T22:26:51.287-0400: 75.251: [GC (GCLocker Initiated GC) [PSYoungGen: 142189K->60399K(175104K)] 569385K->510275K(699392K), 0.0078261 secs] [Times: user=0.08 sys=0.00, real=0.01 secs] 
2016-09-25T22:26:51.341-0400: 75.305: [GC (GCLocker Initiated GC) [PSYoungGen: 148463K->69943K(175104K)] 601182K->525888K(699392K), 0.0156193 secs] [Times: user=0.18 sys=0.01, real=0.02 secs] 
2016-09-25T22:26:51.429-0400: 75.393: [GC (GCLocker Initiated GC) [PSYoungGen: 158007K->50884K(175104K)] 614141K->526539K(699392K), 0.0149508 secs] [Times: user=0.12 sys=0.00, real=0.02 secs] 
2016-09-25T22:26:51.513-0400: 75.477: [GC (GCLocker Initiated GC) [PSYoungGen: 138948K->44135K(175104K)] 620249K->538248K(699392K), 0.0054771 secs] [Times: user=0.07 sys=0.00, real=0.01 secs] 
2016-09-25T22:26:51.518-0400: 75.483: [Full GC (Ergonomics) [PSYoungGen: 44135K->0K(175104K)] [ParOldGen: 494113K->416956K(524288K)] 538248K->416956K(699392K), [Metaspace: 43703K->43703K(1087488K)], 0.0549341 secs] [Times: user=0.44 sys=0.02, real=0.05 secs] 
2016-09-25T22:26:51.643-0400: 75.607: [GC (GCLocker Initiated GC) [PSYoungGen: 88064K->43268K(175104K)] 508504K->463708K(699392K), 0.0161976 secs] [Times: user=0.18 sys=0.00, real=0.01 secs] 
2016-09-25T22:26:51.719-0400: 75.684: [GC (GCLocker Initiated GC) [PSYoungGen: 131332K->57796K(175104K)] 551811K->503612K(699392K), 0.0076365 secs] [Times: user=0.10 sys=0.02, real=0.01 secs] 
2016-09-25T22:26:51.765-0400: 75.729: [GC (GCLocker Initiated GC) [PSYoungGen: 145860K->69947K(175104K)] 591844K->523329K(699392K), 0.0068207 secs] [Times: user=0.10 sys=0.01, real=0.00 secs] 
2016-09-25T22:26:51.833-0400: 75.797: [GC (GCLocker Initiated GC) [PSYoungGen: 158011K->67377K(175104K)] 616865K->526872K(699392K), 0.0126390 secs] [Times: user=0.16 sys=0.03, real=0.02 secs] 
2016-09-25T22:26:51.943-0400: 75.907: [GC (GCLocker Initiated GC) [PSYoungGen: 155441K->55004K(175104K)] 629925K->530203K(699392K), 0.0095699 secs] [Times: user=0.11 sys=0.02, real=0.00 secs] 
2016-09-25T22:26:52.012-0400: 75.976: [GC (GCLocker Initiated GC) [PSYoungGen: 143068K->64517K(174080K)] 632018K->554046K(698368K), 0.0072527 secs] [Times: user=0.09 sys=0.00, real=0.01 secs] 
2016-09-25T22:26:52.074-0400: 76.038: [Full GC (Ergonomics) [PSYoungGen: 152581K->0K(174080K)] [ParOldGen: 494977K->426599K(524288K)] 647558K->426599K(698368K), [Metaspace: 43738K->43738K(1087488K)], 0.0475010 secs] [Times: user=0.35 sys=0.00, real=0.04 secs] 
2016-09-25T22:26:52.174-0400: 76.138: [GC (GCLocker Initiated GC) [PSYoungGen: 88064K->61169K(149504K)] 514795K->487900K(673792K), 0.0174791 secs] [Times: user=0.24 sys=0.00, real=0.02 secs] 
2016-09-25T22:26:52.240-0400: 76.204: [GC (GCLocker Initiated GC) [PSYoungGen: 149233K->79496K(170496K)] 578777K->509040K(694784K), 0.0070957 secs] [Times: user=0.11 sys=0.00, real=0.01 secs] 
2016-09-25T22:26:52.295-0400: 76.259: [GC (GCLocker Initiated GC) [PSYoungGen: 166024K->81717K(173568K)] 601091K->520765K(697856K), 0.0077696 secs] [Times: user=0.09 sys=0.00, real=0.01 secs] 
2016-09-25T22:26:52.346-0400: 76.310: [GC (GCLocker Initiated GC) [PSYoungGen: 168245K->55255K(175104K)] 610192K->516307K(699392K), 0.0083268 secs] [Times: user=0.10 sys=0.00, real=0.00 secs] 
2016-09-25T22:26:52.401-0400: 76.366: [GC (GCLocker Initiated GC) [PSYoungGen: 143319K->40152K(175104K)] 609823K->526282K(699392K), 0.0064082 secs] [Times: user=0.07 sys=0.00, real=0.01 secs] 
2016-09-25T22:26:52.454-0400: 76.418: [Full GC (Ergonomics) [PSYoungGen: 128216K->0K(175104K)] [ParOldGen: 491577K->430208K(524288K)] 619793K->430208K(699392K), [Metaspace: 43746K->43746K(1087488K)], 0.0586212 secs] [Times: user=0.45 sys=0.00, real=0.05 secs] 
2016-09-25T22:26:52.568-0400: 76.533: [GC (GCLocker Initiated GC) [PSYoungGen: 88064K->60010K(175104K)] 525034K->496981K(699392K), 0.0055935 secs] [Times: user=0.08 sys=0.01, real=0.01 secs] 
2016-09-25T22:26:52.609-0400: 76.573: [GC (GCLocker Initiated GC) [PSYoungGen: 148074K->56574K(175104K)] 587857K->501911K(699392K), 0.0062437 secs] [Times: user=0.07 sys=0.00, real=0.01 secs] 
2016-09-25T22:26:52.661-0400: 76.625: [GC (GCLocker Initiated GC) [PSYoungGen: 144638K->84991K(175104K)] 592854K->554168K(699392K), 0.0096486 secs] [Times: user=0.14 sys=0.00, real=0.01 secs] 
2016-09-25T22:26:52.719-0400: 76.683: [GC (GCLocker Initiated GC) [PSYoungGen: 173055K->63326K(175104K)] 645570K->554138K(699392K), 0.0103089 secs] [Times: user=0.14 sys=0.00, real=0.01 secs] 
2016-09-25T22:26:52.730-0400: 76.694: [Full GC (Ergonomics) [PSYoungGen: 63326K->0K(175104K)] [ParOldGen: 490811K->436727K(524288K)] 554138K->436727K(699392K), [Metaspace: 43765K->43765K(1087488K)], 0.0513759 secs] [Times: user=0.44 sys=0.00, real=0.05 secs] 
2016-09-25T22:26:52.830-0400: 76.794: [GC (GCLocker Initiated GC) [PSYoungGen: 88064K->72034K(175104K)] 530395K->514365K(699392K), 0.0101689 secs] [Times: user=0.15 sys=0.01, real=0.01 secs] 
2016-09-25T22:26:52.886-0400: 76.850: [GC (GCLocker Initiated GC) [PSYoungGen: 160098K->63167K(175104K)] 602527K->510972K(699392K), 0.0075296 secs] [Times: user=0.07 sys=0.00, real=0.00 secs] 
2016-09-25T22:26:52.942-0400: 76.907: [GC (GCLocker Initiated GC) [PSYoungGen: 151231K->60753K(175104K)] 601781K->530926K(699392K), 0.0082078 secs] [Times: user=0.08 sys=0.00, real=0.00 secs] 
2016-09-25T22:26:52.989-0400: 76.953: [GC (GCLocker Initiated GC) [PSYoungGen: 148817K->80877K(175104K)] 621703K->557368K(699392K), 0.0082042 secs] [Times: user=0.11 sys=0.01, real=0.01 secs] 
2016-09-25T22:26:53.041-0400: 77.006: [GC (GCLocker Initiated GC) [PSYoungGen: 168941K->55228K(175104K)] 648381K->539477K(699392K), 0.0077295 secs] [Times: user=0.10 sys=0.00, real=0.01 secs] 
2016-09-25T22:26:53.094-0400: 77.058: [GC (GCLocker Initiated GC) [PSYoungGen: 143292K->63360K(175104K)] 629011K->560612K(699392K), 0.0096809 secs] [Times: user=0.11 sys=0.01, real=0.02 secs] 
2016-09-25T22:26:53.104-0400: 77.068: [Full GC (Ergonomics) [PSYoungGen: 63360K->0K(175104K)] [ParOldGen: 497251K->436363K(524288K)] 560612K->436363K(699392K), [Metaspace: 43769K->43769K(1087488K)], 0.0567157 secs] [Times: user=0.53 sys=0.00, real=0.05 secs] 
2016-09-25T22:26:53.208-0400: 77.173: [GC (GCLocker Initiated GC) [PSYoungGen: 88064K->62521K(173056K)] 527475K->501933K(697344K), 0.0064335 secs] [Times: user=0.08 sys=0.00, real=0.01 secs] 
2016-09-25T22:26:53.255-0400: 77.219: [GC (GCLocker Initiated GC) [PSYoungGen: 150585K->85992K(174080K)] 590051K->533574K(698368K), 0.0074130 secs] [Times: user=0.09 sys=0.00, real=0.01 secs] 
2016-09-25T22:26:53.293-0400: 77.257: [GC (GCLocker Initiated GC) [PSYoungGen: 174056K->81045K(175104K)] 627118K->545393K(699392K), 0.0105324 secs] [Times: user=0.13 sys=0.01, real=0.02 secs] 
2016-09-25T22:26:53.360-0400: 77.324: [GC (GCLocker Initiated GC) [PSYoungGen: 169109K->49966K(175104K)] 634904K->531459K(699392K), 0.0058141 secs] [Times: user=0.08 sys=0.00, real=0.01 secs] 
2016-09-25T22:26:53.399-0400: 77.363: [GC (GCLocker Initiated GC) [PSYoungGen: 138030K->64687K(175104K)] 622805K->571864K(699392K), 0.0078674 secs] [Times: user=0.11 sys=0.01, real=0.01 secs] 
2016-09-25T22:26:53.407-0400: 77.371: [Full GC (Ergonomics) [PSYoungGen: 64687K->0K(175104K)] [ParOldGen: 507177K->446069K(524288K)] 571864K->446069K(699392K), [Metaspace: 43769K->43769K(1087488K)], 0.0495172 secs] [Times: user=0.46 sys=0.00, real=0.05 secs] 
2016-09-25T22:26:53.503-0400: 77.467: [GC (GCLocker Initiated GC) [PSYoungGen: 88064K->66410K(175104K)] 538266K->516613K(699392K), 0.0122017 secs] [Times: user=0.16 sys=0.01, real=0.01 secs] 
2016-09-25T22:26:53.558-0400: 77.522: [GC (GCLocker Initiated GC) [PSYoungGen: 154474K->56686K(175104K)] 610244K->517557K(699392K), 0.0132600 secs] [Times: user=0.17 sys=0.01, real=0.01 secs] 
2016-09-25T22:26:53.625-0400: 77.589: [GC (GCLocker Initiated GC) [PSYoungGen: 144750K->51189K(175104K)] 615152K->533294K(699392K), 0.0073585 secs] [Times: user=0.08 sys=0.01, real=0.00 secs] 
2016-09-25T22:26:53.679-0400: 77.644: [GC (GCLocker Initiated GC) [PSYoungGen: 139253K->70152K(175104K)] 624225K->557265K(699392K), 0.0078476 secs] [Times: user=0.10 sys=0.00, real=0.01 secs] 
2016-09-25T22:26:53.730-0400: 77.694: [GC (GCLocker Initiated GC) [PSYoungGen: 158216K->60697K(175104K)] 650751K->560812K(699392K), 0.0071762 secs] [Times: user=0.07 sys=0.00, real=0.01 secs] 
2016-09-25T22:26:53.737-0400: 77.701: [Full GC (Ergonomics) [PSYoungGen: 60697K->0K(175104K)] [ParOldGen: 500114K->447837K(524288K)] 560812K->447837K(699392K), [Metaspace: 43770K->43770K(1087488K)], 0.0470909 secs] [Times: user=0.39 sys=0.00, real=0.05 secs] 
2016-09-25T22:26:53.829-0400: 77.793: [GC (GCLocker Initiated GC) [PSYoungGen: 88064K->70860K(175104K)] 539069K->521866K(699392K), 0.0067691 secs] [Times: user=0.10 sys=0.00, real=0.01 secs] 
2016-09-25T22:26:53.885-0400: 77.849: [GC (GCLocker Initiated GC) [PSYoungGen: 158924K->74175K(175104K)] 619420K->540227K(699392K), 0.0077320 secs] [Times: user=0.13 sys=0.00, real=0.00 secs] 
2016-09-25T22:26:53.941-0400: 77.905: [GC (GCLocker Initiated GC) [PSYoungGen: 162239K->52435K(175104K)] 631052K->532882K(699392K), 0.0097842 secs] [Times: user=0.14 sys=0.00, real=0.01 secs] 
2016-09-25T22:26:54.001-0400: 77.965: [GC (GCLocker Initiated GC) [PSYoungGen: 140499K->59388K(175104K)] 623677K->570272K(699392K), 0.0070781 secs] [Times: user=0.11 sys=0.00, real=0.01 secs] 
2016-09-25T22:26:54.008-0400: 77.972: [Full GC (Ergonomics) [PSYoungGen: 59388K->0K(175104K)] [ParOldGen: 510884K->442331K(524288K)] 570272K->442331K(699392K), [Metaspace: 43771K->43771K(1087488K)], 0.0520212 secs] [Times: user=0.45 sys=0.00, real=0.05 secs] 
2016-09-25T22:26:54.109-0400: 78.073: [GC (GCLocker Initiated GC) [PSYoungGen: 88064K->64145K(173056K)] 533214K->509295K(697344K), 0.0066992 secs] [Times: user=0.11 sys=0.00, real=0.01 secs] 
2016-09-25T22:26:54.158-0400: 78.122: [GC (GCLocker Initiated GC) [PSYoungGen: 152209K->85220K(174080K)] 597421K->530432K(698368K), 0.0079134 secs] [Times: user=0.11 sys=0.00, real=0.01 secs] 
2016-09-25T22:26:54.209-0400: 78.174: [GC (GCLocker Initiated GC) [PSYoungGen: 173284K->52708K(175104K)] 628112K->538236K(699392K), 0.0071621 secs] [Times: user=0.08 sys=0.00, real=0.01 secs] 
2016-09-25T22:26:54.267-0400: 78.231: [Full GC (Ergonomics) [PSYoungGen: 140772K->0K(175104K)] [ParOldGen: 491095K->453095K(524288K)] 631868K->453095K(699392K), [Metaspace: 43771K->43771K(1087488K)], 0.0556239 secs] [Times: user=0.45 sys=0.01, real=0.06 secs] 
2016-09-25T22:26:54.377-0400: 78.341: [GC (GCLocker Initiated GC) [PSYoungGen: 88064K->58765K(175104K)] 550736K->521437K(699392K), 0.0143699 secs] [Times: user=0.19 sys=0.02, real=0.01 secs] 
2016-09-25T22:26:54.439-0400: 78.403: [GC (GCLocker Initiated GC) [PSYoungGen: 146829K->40196K(175104K)] 612379K->514001K(699392K), 0.0070309 secs] [Times: user=0.09 sys=0.00, real=0.01 secs] 
2016-09-25T22:26:54.500-0400: 78.465: [GC (GCLocker Initiated GC) [PSYoungGen: 128260K->60799K(175104K)] 608862K->543509K(699392K), 0.0063819 secs] [Times: user=0.08 sys=0.00, real=0.01 secs] 
2016-09-25T22:26:54.557-0400: 78.521: [GC (GCLocker Initiated GC) [PSYoungGen: 148863K->49828K(175104K)] 639791K->548442K(699392K), 0.0071698 secs] [Times: user=0.09 sys=0.01, real=0.01 secs] 
2016-09-25T22:26:54.564-0400: 78.528: [Full GC (Ergonomics) [PSYoungGen: 49828K->0K(175104K)] [ParOldGen: 498613K->450293K(524288K)] 548442K->450293K(699392K), [Metaspace: 43772K->43772K(1087488K)], 0.0596056 secs] [Times: user=0.65 sys=0.00, real=0.06 secs] 
2016-09-25T22:26:54.681-0400: 78.645: [GC (GCLocker Initiated GC) [PSYoungGen: 88064K->56005K(144384K)] 545183K->513125K(668672K), 0.0091359 secs] [Times: user=0.12 sys=0.00, real=0.01 secs] 
2016-09-25T22:26:54.731-0400: 78.695: [GC (GCLocker Initiated GC) [PSYoungGen: 144069K->57789K(176128K)] 601284K->515004K(700416K), 0.0074372 secs] [Times: user=0.06 sys=0.00, real=0.01 secs] 
2016-09-25T22:26:54.787-0400: 78.751: [GC (GCLocker Initiated GC) [PSYoungGen: 147901K->65326K(174080K)] 607885K->525311K(698368K), 0.0164465 secs] [Times: user=0.22 sys=0.00, real=0.02 secs] 
2016-09-25T22:26:54.936-0400: 78.900: [GC (Allocation Failure) [PSYoungGen: 155438K->73954K(173056K)] 622186K->540702K(697344K), 0.0085196 secs] [Times: user=0.08 sys=0.00, real=0.01 secs] 
2016-09-25T22:26:54.979-0400: 78.943: [GC (GCLocker Initiated GC) [PSYoungGen: 162074K->84772K(174592K)] 634222K->562320K(698880K), 0.0082248 secs] [Times: user=0.09 sys=0.01, real=0.01 secs] 
2016-09-25T22:26:55.036-0400: 79.000: [GC (GCLocker Initiated GC) [PSYoungGen: 174372K->68763K(175104K)] 664298K->571575K(699392K), 0.0080410 secs] [Times: user=0.12 sys=0.00, real=0.01 secs] 
2016-09-25T22:26:55.044-0400: 79.008: [Full GC (Ergonomics) [PSYoungGen: 68763K->0K(175104K)] [ParOldGen: 502811K->465603K(524288K)] 571575K->465603K(699392K), [Metaspace: 43786K->43786K(1087488K)], 0.0548015 secs] [Times: user=0.50 sys=0.00, real=0.05 secs] 
2016-09-25T22:26:55.145-0400: 79.109: [GC (GCLocker Initiated GC) [PSYoungGen: 88064K->74756K(175104K)] 560630K->547322K(699392K), 0.0065319 secs] [Times: user=0.09 sys=0.01, real=0.00 secs] 
2016-09-25T22:26:55.204-0400: 79.168: [GC (GCLocker Initiated GC) [PSYoungGen: 162820K->49655K(175104K)] 635454K->522297K(699392K), 0.0058373 secs] [Times: user=0.06 sys=0.00, real=0.00 secs] 
2016-09-25T22:26:55.255-0400: 79.219: [GC (GCLocker Initiated GC) [PSYoungGen: 137719K->48615K(175104K)] 617190K->555858K(699392K), 0.0069042 secs] [Times: user=0.10 sys=0.01, real=0.00 secs] 
2016-09-25T22:26:55.262-0400: 79.226: [Full GC (Ergonomics) [PSYoungGen: 48615K->0K(175104K)] [ParOldGen: 507242K->454210K(524288K)] 555858K->454210K(699392K), [Metaspace: 43808K->43808K(1087488K)], 0.0498734 secs] [Times: user=0.44 sys=0.01, real=0.04 secs] 
2016-09-25T22:26:55.351-0400: 79.315: [GC (GCLocker Initiated GC) [PSYoungGen: 88064K->68196K(175104K)] 545029K->525162K(699392K), 0.0065793 secs] [Times: user=0.11 sys=0.00, real=0.01 secs] 
2016-09-25T22:26:55.406-0400: 79.370: [GC (GCLocker Initiated GC) [PSYoungGen: 156260K->37838K(175104K)] 620126K->508633K(699392K), 0.0058071 secs] [Times: user=0.05 sys=0.01, real=0.00 secs] 
2016-09-25T22:26:55.454-0400: 79.419: [GC (GCLocker Initiated GC) [PSYoungGen: 125902K->77137K(175104K)] 599604K->569529K(699392K), 0.0086944 secs] [Times: user=0.12 sys=0.01, real=0.01 secs] 
2016-09-25T22:26:55.509-0400: 79.473: [GC (Allocation Failure) [PSYoungGen: 165201K->77149K(175104K)] 657685K->572036K(699392K), 0.0074421 secs] [Times: user=0.10 sys=0.00, real=0.01 secs] 
2016-09-25T22:26:55.564-0400: 79.528: [Full GC (Ergonomics) [PSYoungGen: 163239K->0K(175104K)] [ParOldGen: 500286K->461787K(524288K)] 663525K->461787K(699392K), [Metaspace: 43808K->43808K(1087488K)], 0.1209930 secs] [Times: user=1.57 sys=0.00, real=0.12 secs] 
2016-09-25T22:26:55.744-0400: 79.709: [GC (GCLocker Initiated GC) [PSYoungGen: 88064K->57271K(175104K)] 552905K->522113K(699392K), 0.0087361 secs] [Times: user=0.09 sys=0.00, real=0.00 secs] 
2016-09-25T22:26:55.797-0400: 79.761: [GC (GCLocker Initiated GC) [PSYoungGen: 145335K->70431K(175104K)] 612959K->559778K(699392K), 0.0074424 secs] [Times: user=0.10 sys=0.00, real=0.01 secs] 
2016-09-25T22:26:55.846-0400: 79.811: [GC (GCLocker Initiated GC) [PSYoungGen: 158495K->73069K(175104K)] 647949K->587847K(699392K), 0.0077950 secs] [Times: user=0.10 sys=0.01, real=0.01 secs] 
2016-09-25T22:26:55.854-0400: 79.818: [Full GC (Ergonomics) [PSYoungGen: 73069K->0K(175104K)] [ParOldGen: 514777K->467071K(524288K)] 587847K->467071K(699392K), [Metaspace: 43809K->43809K(1087488K)], 0.0598456 secs] [Times: user=0.56 sys=0.00, real=0.06 secs] 
2016-09-25T22:26:55.971-0400: 79.935: [GC (Allocation Failure) [PSYoungGen: 88064K->76441K(175104K)] 562111K->550489K(699392K), 0.0070826 secs] [Times: user=0.11 sys=0.00, real=0.01 secs] 
2016-09-25T22:26:56.026-0400: 79.990: [GC (GCLocker Initiated GC) [PSYoungGen: 164505K->71782K(175104K)] 639927K->559731K(699392K), 0.0101423 secs] [Times: user=0.18 sys=0.00, real=0.01 secs] 
2016-09-25T22:26:56.091-0400: 80.055: [GC (GCLocker Initiated GC) [PSYoungGen: 159846K->55442K(175104K)] 650576K->556756K(699392K), 0.0107743 secs] [Times: user=0.09 sys=0.01, real=0.01 secs] 
2016-09-25T22:26:56.102-0400: 80.066: [Full GC (Ergonomics) [PSYoungGen: 55442K->0K(175104K)] [ParOldGen: 501314K->461509K(524288K)] 556756K->461509K(699392K), [Metaspace: 43811K->43811K(1087488K)], 0.0576615 secs] [Times: user=0.53 sys=0.00, real=0.06 secs] 
2016-09-25T22:26:56.215-0400: 80.180: [GC (GCLocker Initiated GC) [PSYoungGen: 88064K->74006K(175104K)] 558715K->544658K(699392K), 0.0092799 secs] [Times: user=0.14 sys=0.00, real=0.01 secs] 
2016-09-25T22:26:56.281-0400: 80.245: [GC (GCLocker Initiated GC) [PSYoungGen: 162070K->51248K(175104K)] 632766K->548205K(699392K), 0.0103740 secs] [Times: user=0.13 sys=0.01, real=0.01 secs] 
2016-09-25T22:26:56.291-0400: 80.256: [Full GC (Ergonomics) [PSYoungGen: 51248K->0K(175104K)] [ParOldGen: 496956K->463207K(524288K)] 548205K->463207K(699392K), [Metaspace: 43816K->43816K(1087488K)], 0.0538188 secs] [Times: user=0.56 sys=0.01, real=0.06 secs] 
2016-09-25T22:26:56.401-0400: 80.365: [GC (GCLocker Initiated GC) [PSYoungGen: 88064K->60066K(175104K)] 551340K->523343K(699392K), 0.0064376 secs] [Times: user=0.07 sys=0.01, real=0.01 secs] 
2016-09-25T22:26:56.447-0400: 80.411: [GC (GCLocker Initiated GC) [PSYoungGen: 148130K->57045K(175104K)] 611442K->550283K(699392K), 0.0079918 secs] [Times: user=0.10 sys=0.00, real=0.01 secs] 
2016-09-25T22:26:56.455-0400: 80.419: [Full GC (Ergonomics) [PSYoungGen: 57045K->0K(175104K)] [ParOldGen: 493237K->464740K(524288K)] 550283K->464740K(699392K), [Metaspace: 43821K->43821K(1087488K)], 0.0526416 secs] [Times: user=0.51 sys=0.01, real=0.05 secs] 
2016-09-25T22:26:56.557-0400: 80.521: [GC (GCLocker Initiated GC) [PSYoungGen: 88064K->67020K(175104K)] 555633K->534590K(699392K), 0.0065082 secs] [Times: user=0.08 sys=0.00, real=0.01 secs] 
2016-09-25T22:26:56.613-0400: 80.577: [GC (GCLocker Initiated GC) [PSYoungGen: 155084K->57090K(175104K)] 623042K->548445K(699392K), 0.0076970 secs] [Times: user=0.10 sys=0.00, real=0.01 secs] 
2016-09-25T22:26:56.621-0400: 80.585: [Full GC (Ergonomics) [PSYoungGen: 57090K->0K(175104K)] [ParOldGen: 491354K->466493K(524288K)] 548445K->466493K(699392K), [Metaspace: 43821K->43821K(1087488K)], 0.0498285 secs] [Times: user=0.45 sys=0.01, real=0.05 secs] 
2016-09-25T22:26:56.713-0400: 80.678: [GC (GCLocker Initiated GC) [PSYoungGen: 88064K->85952K(175104K)] 560112K->563401K(699392K), 0.0086268 secs] [Times: user=0.12 sys=0.00, real=0.01 secs] 
2016-09-25T22:26:56.773-0400: 80.738: [GC (Allocation Failure) [PSYoungGen: 174016K->73034K(175104K)] 651702K->579532K(699392K), 0.0083933 secs] [Times: user=0.12 sys=0.00, real=0.01 secs] 
2016-09-25T22:26:56.782-0400: 80.746: [Full GC (Ergonomics) [PSYoungGen: 73034K->0K(175104K)] [ParOldGen: 506497K->470981K(524288K)] 579532K->470981K(699392K), [Metaspace: 43821K->43821K(1087488K)], 0.0554685 secs] [Times: user=0.55 sys=0.00, real=0.06 secs] 
2016-09-25T22:26:56.898-0400: 80.863: [GC (GCLocker Initiated GC) [PSYoungGen: 87996K->65465K(175104K)] 560327K->537804K(699392K), 0.0099724 secs] [Times: user=0.10 sys=0.00, real=0.01 secs] 
2016-09-25T22:26:56.948-0400: 80.912: [GC (GCLocker Initiated GC) [PSYoungGen: 153529K->53799K(175104K)] 628681K->534433K(699392K), 0.0072397 secs] [Times: user=0.08 sys=0.01, real=0.01 secs] 
2016-09-25T22:26:57.010-0400: 80.974: [Full GC (Ergonomics) [PSYoungGen: 141863K->0K(175104K)] [ParOldGen: 490226K->479053K(524288K)] 632090K->479053K(699392K), [Metaspace: 43821K->43821K(1087488K)], 0.0519395 secs] [Times: user=0.48 sys=0.00, real=0.05 secs] 
2016-09-25T22:26:57.117-0400: 81.081: [Full GC (Ergonomics) [PSYoungGen: 88064K->0K(175104K)] [ParOldGen: 485928K->471755K(524288K)] 573992K->471755K(699392K), [Metaspace: 43821K->43821K(1087488K)], 0.0556785 secs] [Times: user=0.51 sys=0.00, real=0.05 secs] 
2016-09-25T22:26:57.232-0400: 81.196: [GC (GCLocker Initiated GC) [PSYoungGen: 88064K->65400K(175104K)] 565357K->542693K(699392K), 0.0069226 secs] [Times: user=0.09 sys=0.00, real=0.01 secs] 
2016-09-25T22:26:57.283-0400: 81.247: [GC (GCLocker Initiated GC) [PSYoungGen: 153464K->66347K(175104K)] 630876K->553345K(699392K), 0.0068359 secs] [Times: user=0.07 sys=0.00, real=0.00 secs] 
2016-09-25T22:26:57.331-0400: 81.295: [Full GC (Ergonomics) [PSYoungGen: 154411K->0K(175104K)] [ParOldGen: 489898K->482492K(524288K)] 644309K->482492K(699392K), [Metaspace: 43821K->43821K(1087488K)], 0.0683721 secs] [Times: user=0.63 sys=0.01, real=0.07 secs] 
2016-09-25T22:26:57.456-0400: 81.420: [GC (GCLocker Initiated GC) [PSYoungGen: 88064K->61244K(172032K)] 570617K->543798K(696320K), 0.0064676 secs] [Times: user=0.07 sys=0.00, real=0.01 secs] 
2016-09-25T22:26:57.508-0400: 81.472: [GC (GCLocker Initiated GC) [PSYoungGen: 149308K->74593K(173568K)] 631926K->557211K(697856K), 0.0077157 secs] [Times: user=0.07 sys=0.00, real=0.01 secs] 
2016-09-25T22:26:57.561-0400: 81.525: [GC (GCLocker Initiated GC) [PSYoungGen: 162657K->84943K(175104K)] 646242K->568536K(699392K), 0.0077804 secs] [Times: user=0.11 sys=0.00, real=0.01 secs] 
2016-09-25T22:26:57.611-0400: 81.575: [GC (GCLocker Initiated GC) [PSYoungGen: 173007K->76377K(175104K)] 659415K->565435K(699392K), 0.0073677 secs] [Times: user=0.10 sys=0.01, real=0.01 secs] 
2016-09-25T22:26:57.671-0400: 81.636: [GC (GCLocker Initiated GC) [PSYoungGen: 164441K->84639K(175104K)] 656359K->584135K(699392K), 0.0090631 secs] [Times: user=0.14 sys=0.00, real=0.01 secs] 
2016-09-25T22:26:57.681-0400: 81.645: [Full GC (Ergonomics) [PSYoungGen: 84639K->0K(175104K)] [ParOldGen: 499496K->483798K(524288K)] 584135K->483798K(699392K), [Metaspace: 43851K->43851K(1087488K)], 0.0642384 secs] [Times: user=0.59 sys=0.01, real=0.07 secs] 
2016-09-25T22:26:57.791-0400: 81.755: [GC (GCLocker Initiated GC) [PSYoungGen: 88064K->76569K(175104K)] 574643K->563149K(699392K), 0.0073231 secs] [Times: user=0.09 sys=0.00, real=0.01 secs] 
2016-09-25T22:26:57.842-0400: 81.806: [GC (GCLocker Initiated GC) [PSYoungGen: 164633K->55518K(175104K)] 652650K->575106K(699392K), 0.0077123 secs] [Times: user=0.11 sys=0.01, real=0.01 secs] 
2016-09-25T22:26:57.850-0400: 81.814: [Full GC (Ergonomics) [PSYoungGen: 55518K->0K(175104K)] [ParOldGen: 519588K->482941K(524288K)] 575106K->482941K(699392K), [Metaspace: 43851K->43851K(1087488K)], 0.0476657 secs] [Times: user=0.41 sys=0.00, real=0.05 secs] 
2016-09-25T22:26:57.945-0400: 81.909: [Full GC (Ergonomics) [PSYoungGen: 88064K->0K(175104K)] [ParOldGen: 491242K->491910K(524288K)] 579306K->491910K(699392K), [Metaspace: 43851K->43851K(1087488K)], 0.0507962 secs] [Times: user=0.45 sys=0.00, real=0.05 secs] 
2016-09-25T22:26:58.042-0400: 82.007: [Full GC (Ergonomics) [PSYoungGen: 88064K->0K(175104K)] [ParOldGen: 492441K->487276K(524288K)] 580505K->487276K(699392K), [Metaspace: 43851K->43851K(1087488K)], 0.0533050 secs] [Times: user=0.49 sys=0.00, real=0.05 secs] 
2016-09-25T22:26:58.141-0400: 82.105: [Full GC (Ergonomics) [PSYoungGen: 88064K->0K(175104K)] [ParOldGen: 491411K->485437K(524288K)] 579475K->485437K(699392K), [Metaspace: 43851K->43851K(1087488K)], 0.0561621 secs] [Times: user=0.56 sys=0.00, real=0.06 secs] 
2016-09-25T22:26:58.256-0400: 82.221: [GC (GCLocker Initiated GC) [PSYoungGen: 88064K->73170K(175104K)] 576282K->561389K(699392K), 0.0067582 secs] [Times: user=0.09 sys=0.00, real=0.01 secs] 
2016-09-25T22:26:58.322-0400: 82.287: [Full GC (Ergonomics) [PSYoungGen: 161234K->0K(175104K)] [ParOldGen: 493640K->478918K(524288K)] 654874K->478918K(699392K), [Metaspace: 43851K->43851K(1087488K)], 0.0529542 secs] [Times: user=0.49 sys=0.00, real=0.05 secs] 
2016-09-25T22:26:58.410-0400: 82.374: [GC (GCLocker Initiated GC) [PSYoungGen: 88064K->84571K(175104K)] 567032K->579740K(699392K), 0.0081052 secs] [Times: user=0.13 sys=0.00, real=0.01 secs] 
2016-09-25T22:26:58.418-0400: 82.382: [Full GC (Ergonomics) [PSYoungGen: 84571K->0K(175104K)] [ParOldGen: 495168K->493297K(524288K)] 579740K->493297K(699392K), [Metaspace: 43851K->43851K(1087488K)], 0.0581507 secs] [Times: user=0.61 sys=0.00, real=0.06 secs] 
2016-09-25T22:26:58.528-0400: 82.492: [Full GC (Ergonomics) [PSYoungGen: 88064K->0K(175104K)] [ParOldGen: 496108K->486070K(524288K)] 584172K->486070K(699392K), [Metaspace: 43851K->43851K(1087488K)], 0.0558936 secs] [Times: user=0.56 sys=0.00, real=0.06 secs] 
2016-09-25T22:26:58.638-0400: 82.602: [Full GC (Ergonomics) [PSYoungGen: 88064K->0K(175104K)] [ParOldGen: 491487K->489591K(524288K)] 579551K->489591K(699392K), [Metaspace: 43851K->43851K(1087488K)], 0.0541205 secs] [Times: user=0.52 sys=0.00, real=0.05 secs] 
2016-09-25T22:26:58.741-0400: 82.705: [GC (GCLocker Initiated GC) [PSYoungGen: 88064K->81697K(175104K)] 577690K->571324K(699392K), 0.0066965 secs] [Times: user=0.10 sys=0.00, real=0.01 secs] 
2016-09-25T22:26:58.797-0400: 82.761: [GC (GCLocker Initiated GC) [PSYoungGen: 169761K->40685K(175104K)] 659482K->564377K(699392K), 0.0071877 secs] [Times: user=0.10 sys=0.00, real=0.01 secs] 
2016-09-25T22:26:58.804-0400: 82.769: [Full GC (Ergonomics) [PSYoungGen: 40685K->0K(175104K)] [ParOldGen: 523692K->483089K(524288K)] 564377K->483089K(699392K), [Metaspace: 43851K->43851K(1087488K)], 0.0563397 secs] [Times: user=0.54 sys=0.00, real=0.05 secs] 
2016-09-25T22:26:58.892-0400: 82.856: [Full GC (Ergonomics) [PSYoungGen: 88064K->0K(175104K)] [ParOldGen: 485863K->488042K(524288K)] 573927K->488042K(699392K), [Metaspace: 43851K->43851K(1087488K)], 0.0775359 secs] [Times: user=0.75 sys=0.03, real=0.08 secs] 
2016-09-25T22:26:59.033-0400: 82.997: [Full GC (Ergonomics) [PSYoungGen: 88064K->0K(175104K)] [ParOldGen: 490837K->488667K(524288K)] 578901K->488667K(699392K), [Metaspace: 43851K->43851K(1087488K)], 0.1763125 secs] [Times: user=2.60 sys=0.01, real=0.18 secs] 
2016-09-25T22:26:59.261-0400: 83.225: [Full GC (Ergonomics) [PSYoungGen: 88064K->0K(175104K)] [ParOldGen: 491845K->484144K(524288K)] 579909K->484144K(699392K), [Metaspace: 43851K->43851K(1087488K)], 0.0566523 secs] [Times: user=0.50 sys=0.01, real=0.06 secs] 
2016-09-25T22:26:59.371-0400: 83.336: [Full GC (Ergonomics) [PSYoungGen: 88064K->0K(175104K)] [ParOldGen: 489658K->482248K(524288K)] 577722K->482248K(699392K), [Metaspace: 43851K->43851K(1087488K)], 0.0544677 secs] [Times: user=0.52 sys=0.01, real=0.06 secs] 
2016-09-25T22:26:59.474-0400: 83.439: [Full GC (Ergonomics) [PSYoungGen: 88064K->0K(175104K)] [ParOldGen: 487853K->491302K(524288K)] 575917K->491302K(699392K), [Metaspace: 43851K->43851K(1087488K)], 0.0606617 secs] [Times: user=0.63 sys=0.00, real=0.06 secs] 
2016-09-25T22:26:59.585-0400: 83.549: [Full GC (Ergonomics) [PSYoungGen: 88064K->0K(175104K)] [ParOldGen: 492714K->489517K(524288K)] 580778K->489517K(699392K), [Metaspace: 43851K->43851K(1087488K)], 0.0484868 secs] [Times: user=0.43 sys=0.00, real=0.04 secs] 
2016-09-25T22:26:59.685-0400: 83.649: [Full GC (Ergonomics) [PSYoungGen: 88064K->0K(175104K)] [ParOldGen: 489626K->487491K(524288K)] 577690K->487491K(699392K), [Metaspace: 43851K->43851K(1087488K)], 0.0527502 secs] [Times: user=0.44 sys=0.00, real=0.05 secs] 
2016-09-25T22:26:59.785-0400: 83.749: [Full GC (Ergonomics) [PSYoungGen: 88064K->0K(175104K)] [ParOldGen: 496974K->488346K(524288K)] 585038K->488346K(699392K), [Metaspace: 43851K->43851K(1087488K)], 0.0511351 secs] [Times: user=0.46 sys=0.00, real=0.05 secs] 
2016-09-25T22:26:59.883-0400: 83.847: [Full GC (Ergonomics) [PSYoungGen: 88064K->0K(175104K)] [ParOldGen: 497869K->494735K(524288K)] 585933K->494735K(699392K), [Metaspace: 43851K->43851K(1087488K)], 0.0590647 secs] [Times: user=0.53 sys=0.00, real=0.06 secs] 
2016-09-25T22:26:59.995-0400: 83.959: [Full GC (Ergonomics) [PSYoungGen: 88064K->0K(175104K)] [ParOldGen: 500178K->490131K(524288K)] 588242K->490131K(699392K), [Metaspace: 43851K->43851K(1087488K)], 0.0540178 secs] [Times: user=0.48 sys=0.00, real=0.05 secs] 
2016-09-25T22:27:00.091-0400: 84.056: [Full GC (Ergonomics) [PSYoungGen: 88064K->0K(175104K)] [ParOldGen: 490210K->488194K(524288K)] 578274K->488194K(699392K), [Metaspace: 43851K->43851K(1087488K)], 0.0577579 secs] [Times: user=0.56 sys=0.00, real=0.06 secs] 
2016-09-25T22:27:00.199-0400: 84.163: [Full GC (Ergonomics) [PSYoungGen: 88064K->0K(175104K)] [ParOldGen: 490990K->497153K(524288K)] 579054K->497153K(699392K), [Metaspace: 43851K->43851K(1087488K)], 0.0487338 secs] [Times: user=0.44 sys=0.01, real=0.05 secs] 
2016-09-25T22:27:00.302-0400: 84.266: [Full GC (Ergonomics) [PSYoungGen: 88064K->0K(175104K)] [ParOldGen: 507848K->484897K(524288K)] 595912K->484897K(699392K), [Metaspace: 43851K->43851K(1087488K)], 0.0560345 secs] [Times: user=0.53 sys=0.00, real=0.06 secs] 
2016-09-25T22:27:00.411-0400: 84.375: [Full GC (Ergonomics) [PSYoungGen: 88064K->0K(175104K)] [ParOldGen: 493386K->488085K(524288K)] 581450K->488085K(699392K), [Metaspace: 43851K->43851K(1087488K)], 0.0558727 secs] [Times: user=0.42 sys=0.02, real=0.06 secs] 
2016-09-25T22:27:00.510-0400: 84.474: [Full GC (Ergonomics) [PSYoungGen: 88064K->0K(175104K)] [ParOldGen: 489869K->487503K(524288K)] 577933K->487503K(699392K), [Metaspace: 43851K->43851K(1087488K)], 0.0692059 secs] [Times: user=0.62 sys=0.02, real=0.07 secs] 
2016-09-25T22:27:00.636-0400: 84.600: [Full GC (Ergonomics) [PSYoungGen: 88064K->0K(175104K)] [ParOldGen: 506628K->500606K(524288K)] 594692K->500606K(699392K), [Metaspace: 43851K->43851K(1087488K)], 0.0516212 secs] [Times: user=0.48 sys=0.00, real=0.05 secs] 
2016-09-25T22:27:00.737-0400: 84.701: [Full GC (Ergonomics) [PSYoungGen: 88064K->0K(175104K)] [ParOldGen: 507985K->493453K(524288K)] 596049K->493453K(699392K), [Metaspace: 43851K->43851K(1087488K)], 0.0558994 secs] [Times: user=0.56 sys=0.00, real=0.05 secs] 
2016-09-25T22:27:00.844-0400: 84.808: [Full GC (Ergonomics) [PSYoungGen: 88064K->0K(175104K)] [ParOldGen: 497519K->499497K(524288K)] 585583K->499497K(699392K), [Metaspace: 43851K->43851K(1087488K)], 0.0481580 secs] [Times: user=0.40 sys=0.00, real=0.04 secs] 
2016-09-25T22:27:00.940-0400: 84.904: [Full GC (Ergonomics) [PSYoungGen: 88064K->0K(175104K)] [ParOldGen: 509392K->500524K(524288K)] 597456K->500524K(699392K), [Metaspace: 43851K->43851K(1087488K)], 0.0581531 secs] [Times: user=0.58 sys=0.01, real=0.06 secs] 
2016-09-25T22:27:01.045-0400: 85.009: [Full GC (Ergonomics) [PSYoungGen: 88064K->0K(175104K)] [ParOldGen: 508786K->509353K(524288K)] 596850K->509353K(699392K), [Metaspace: 43851K->43851K(1087488K)], 0.0569775 secs] [Times: user=0.56 sys=0.00, real=0.05 secs] 
2016-09-25T22:27:01.152-0400: 85.116: [Full GC (Ergonomics) [PSYoungGen: 88064K->0K(175104K)] [ParOldGen: 514048K->492789K(524288K)] 602112K->492789K(699392K), [Metaspace: 43851K->43851K(1087488K)], 0.0581646 secs] [Times: user=0.58 sys=0.00, real=0.06 secs] 
2016-09-25T22:27:01.262-0400: 85.226: [Full GC (Ergonomics) [PSYoungGen: 88064K->0K(175104K)] [ParOldGen: 494257K->495080K(524288K)] 582321K->495080K(699392K), [Metaspace: 43853K->43853K(1087488K)], 0.0557427 secs] [Times: user=0.48 sys=0.02, real=0.05 secs] 
2016-09-25T22:27:01.364-0400: 85.328: [Full GC (Ergonomics) [PSYoungGen: 88064K->0K(175104K)] [ParOldGen: 495085K->494602K(524288K)] 583149K->494602K(699392K), [Metaspace: 43853K->43853K(1087488K)], 0.0788957 secs] [Times: user=0.98 sys=0.00, real=0.08 secs] 
2016-09-25T22:27:01.482-0400: 85.447: [Full GC (Ergonomics) [PSYoungGen: 88064K->0K(175104K)] [ParOldGen: 494677K->498100K(524288K)] 582741K->498100K(699392K), [Metaspace: 43853K->43853K(1087488K)], 0.0505824 secs] [Times: user=0.41 sys=0.00, real=0.04 secs] 
2016-09-25T22:27:01.580-0400: 85.544: [Full GC (Ergonomics) [PSYoungGen: 88064K->0K(175104K)] [ParOldGen: 500883K->507048K(524288K)] 588947K->507048K(699392K), [Metaspace: 43866K->43866K(1087488K)], 0.0497533 secs] [Times: user=0.43 sys=0.00, real=0.05 secs] 
2016-09-25T22:27:01.674-0400: 85.639: [Full GC (Ergonomics) [PSYoungGen: 88064K->0K(175104K)] [ParOldGen: 508410K->496989K(524288K)] 596474K->496989K(699392K), [Metaspace: 43866K->43866K(1087488K)], 0.0539515 secs] [Times: user=0.48 sys=0.00, real=0.05 secs] 
2016-09-25T22:27:01.774-0400: 85.738: [Full GC (Ergonomics) [PSYoungGen: 88064K->0K(175104K)] [ParOldGen: 499741K->503221K(524288K)] 587805K->503221K(699392K), [Metaspace: 43866K->43866K(1087488K)], 0.0577076 secs] [Times: user=0.58 sys=0.01, real=0.05 secs] 
2016-09-25T22:27:01.881-0400: 85.845: [Full GC (Ergonomics) [PSYoungGen: 88064K->0K(175104K)] [ParOldGen: 508707K->505455K(524288K)] 596771K->505455K(699392K), [Metaspace: 43866K->43866K(1087488K)], 0.0567610 secs] [Times: user=0.55 sys=0.00, real=0.06 secs] 
2016-09-25T22:27:01.983-0400: 85.947: [Full GC (Ergonomics) [PSYoungGen: 88064K->0K(175104K)] [ParOldGen: 509633K->502156K(524288K)] 597697K->502156K(699392K), [Metaspace: 43866K->43866K(1087488K)], 0.0525601 secs] [Times: user=0.38 sys=0.01, real=0.05 secs] 
2016-09-25T22:27:02.083-0400: 86.047: [Full GC (Ergonomics) [PSYoungGen: 88064K->0K(175104K)] [ParOldGen: 504939K->508201K(524288K)] 593003K->508201K(699392K), [Metaspace: 43866K->43866K(1087488K)], 0.0632634 secs] [Times: user=0.46 sys=0.02, real=0.06 secs] 
2016-09-25T22:27:02.197-0400: 86.162: [Full GC (Ergonomics) [PSYoungGen: 88064K->0K(175104K)] [ParOldGen: 513781K->500901K(524288K)] 601845K->500901K(699392K), [Metaspace: 43866K->43866K(1087488K)], 0.0586286 secs] [Times: user=0.56 sys=0.00, real=0.06 secs] 
2016-09-25T22:27:02.297-0400: 86.261: [Full GC (Ergonomics) [PSYoungGen: 88064K->0K(175104K)] [ParOldGen: 504202K->508756K(524288K)] 592266K->508756K(699392K), [Metaspace: 43866K->43866K(1087488K)], 0.0541803 secs] [Times: user=0.51 sys=0.01, real=0.05 secs] 
2016-09-25T22:27:02.400-0400: 86.364: [Full GC (Ergonomics) [PSYoungGen: 88064K->0K(175104K)] [ParOldGen: 511705K->510545K(524288K)] 599769K->510545K(699392K), [Metaspace: 43866K->43866K(1087488K)], 0.0535454 secs] [Times: user=0.49 sys=0.01, real=0.05 secs] 
2016-09-25T22:27:02.502-0400: 86.466: [Full GC (Ergonomics) [PSYoungGen: 88064K->0K(175104K)] [ParOldGen: 510858K->505978K(524288K)] 598922K->505978K(699392K), [Metaspace: 43866K->43866K(1087488K)], 0.0482108 secs] [Times: user=0.44 sys=0.00, real=0.05 secs] 
2016-09-25T22:27:02.603-0400: 86.567: [Full GC (Ergonomics) [PSYoungGen: 88064K->0K(175104K)] [ParOldGen: 510098K->503934K(524288K)] 598162K->503934K(699392K), [Metaspace: 43908K->43908K(1087488K)], 0.0565397 secs] [Times: user=0.58 sys=0.02, real=0.05 secs] 
2016-09-25T22:27:02.705-0400: 86.670: [Full GC (Ergonomics) [PSYoungGen: 88064K->0K(175104K)] [ParOldGen: 504016K->507238K(524288K)] 592080K->507238K(699392K), [Metaspace: 43908K->43908K(1087488K)], 0.0557706 secs] [Times: user=0.63 sys=0.02, real=0.05 secs] 
2016-09-25T22:27:02.815-0400: 86.779: [Full GC (Ergonomics) [PSYoungGen: 88064K->0K(175104K)] [ParOldGen: 507370K->505043K(524288K)] 595434K->505043K(699392K), [Metaspace: 43908K->43908K(1087488K)], 0.0560864 secs] [Times: user=0.60 sys=0.01, real=0.05 secs] 
2016-09-25T22:27:02.910-0400: 86.874: [Full GC (Ergonomics) [PSYoungGen: 88064K->0K(175104K)] [ParOldGen: 507903K->511115K(524288K)] 595967K->511115K(699392K), [Metaspace: 43908K->43908K(1087488K)], 0.0516407 secs] [Times: user=0.51 sys=0.02, real=0.05 secs] 
2016-09-25T22:27:03.005-0400: 86.970: [Full GC (Ergonomics) [PSYoungGen: 88064K->0K(175104K)] [ParOldGen: 511406K->511818K(524288K)] 599470K->511818K(699392K), [Metaspace: 43912K->43912K(1087488K)], 0.0564832 secs] [Times: user=0.61 sys=0.01, real=0.05 secs] 
2016-09-25T22:27:03.098-0400: 87.062: [Full GC (Ergonomics) [PSYoungGen: 88064K->0K(175104K)] [ParOldGen: 511896K->512282K(524288K)] 599960K->512282K(699392K), [Metaspace: 43912K->43912K(1087488K)], 0.0554445 secs] [Times: user=0.58 sys=0.02, real=0.05 secs] 
2016-09-25T22:27:03.194-0400: 87.158: [Full GC (Ergonomics) [PSYoungGen: 88064K->0K(175104K)] [ParOldGen: 512455K->504658K(524288K)] 600519K->504658K(699392K), [Metaspace: 43912K->43912K(1087488K)], 0.0539495 secs] [Times: user=0.56 sys=0.01, real=0.06 secs] 
2016-09-25T22:27:03.301-0400: 87.265: [Full GC (Ergonomics) [PSYoungGen: 88064K->0K(175104K)] [ParOldGen: 507391K->505323K(524288K)] 595455K->505323K(699392K), [Metaspace: 43916K->43916K(1087488K)], 0.0533285 secs] [Times: user=0.54 sys=0.00, real=0.05 secs] 
2016-09-25T22:27:03.393-0400: 87.357: [Full GC (Ergonomics) [PSYoungGen: 88064K->0K(175104K)] [ParOldGen: 508072K->514199K(524288K)] 596136K->514199K(699392K), [Metaspace: 43916K->43916K(1087488K)], 0.0590939 secs] [Times: user=0.66 sys=0.01, real=0.06 secs] 
2016-09-25T22:27:03.504-0400: 87.468: [Full GC (Ergonomics) [PSYoungGen: 88064K->0K(175104K)] [ParOldGen: 517081K->512225K(524288K)] 605145K->512225K(699392K), [Metaspace: 43918K->43918K(1087488K)], 0.1330209 secs] [Times: user=1.81 sys=0.03, real=0.13 secs] 
2016-09-25T22:27:03.696-0400: 87.660: [Full GC (Ergonomics) [PSYoungGen: 88064K->0K(175104K)] [ParOldGen: 517770K->510082K(524288K)] 605834K->510082K(699392K), [Metaspace: 43919K->43919K(1087488K)], 0.0604212 secs] [Times: user=0.67 sys=0.03, real=0.06 secs] 
2016-09-25T22:27:03.811-0400: 87.775: [Full GC (Ergonomics) [PSYoungGen: 88064K->0K(175104K)] [ParOldGen: 514168K->501350K(524288K)] 602232K->501350K(699392K), [Metaspace: 43919K->43919K(1087488K)], 0.0532254 secs] [Times: user=0.57 sys=0.01, real=0.06 secs] 
2016-09-25T22:27:03.903-0400: 87.867: [Full GC (Ergonomics) [PSYoungGen: 88064K->0K(175104K)] [ParOldGen: 501402K->514139K(524288K)] 589466K->514139K(699392K), [Metaspace: 43919K->43919K(1087488K)], 0.0523182 secs] [Times: user=0.48 sys=0.00, real=0.05 secs] 
2016-09-25T22:27:04.007-0400: 87.971: [Full GC (Ergonomics) [PSYoungGen: 88064K->0K(175104K)] [ParOldGen: 514293K->513512K(524288K)] 602357K->513512K(699392K), [Metaspace: 43919K->43919K(1087488K)], 0.0584721 secs] [Times: user=0.62 sys=0.00, real=0.06 secs] 
2016-09-25T22:27:04.113-0400: 88.077: [Full GC (Ergonomics) [PSYoungGen: 88064K->0K(175104K)] [ParOldGen: 519120K->515411K(524288K)] 607184K->515411K(699392K), [Metaspace: 43919K->43919K(1087488K)], 0.0580817 secs] [Times: user=0.59 sys=0.01, real=0.06 secs] 
2016-09-25T22:27:04.220-0400: 88.184: [Full GC (Ergonomics) [PSYoungGen: 88064K->0K(175104K)] [ParOldGen: 520920K->510691K(524288K)] 608984K->510691K(699392K), [Metaspace: 43919K->43919K(1087488K)], 0.0715570 secs] [Times: user=0.72 sys=0.00, real=0.07 secs] 
2016-09-25T22:27:04.335-0400: 88.299: [Full GC (Ergonomics) [PSYoungGen: 88064K->0K(175104K)] [ParOldGen: 510728K->508731K(524288K)] 598792K->508731K(699392K), [Metaspace: 43919K->43919K(1087488K)], 0.0544682 secs] [Times: user=0.51 sys=0.01, real=0.05 secs] 
2016-09-25T22:27:04.429-0400: 88.394: [Full GC (Ergonomics) [PSYoungGen: 88064K->0K(175104K)] [ParOldGen: 514155K->523034K(524288K)] 602219K->523034K(699392K), [Metaspace: 43919K->43919K(1087488K)], 0.0559450 secs] [Times: user=0.55 sys=0.00, real=0.06 secs] 
2016-09-25T22:27:04.534-0400: 88.498: [Full GC (Ergonomics) [PSYoungGen: 86990K->0K(175104K)] [ParOldGen: 523034K->518238K(524288K)] 610025K->518238K(699392K), [Metaspace: 43919K->43919K(1087488K)], 0.0618826 secs] [Times: user=0.69 sys=0.00, real=0.07 secs] 
2016-09-25T22:27:04.643-0400: 88.607: [Full GC (Ergonomics) [PSYoungGen: 88064K->0K(175104K)] [ParOldGen: 518356K->521596K(524288K)] 606420K->521596K(699392K), [Metaspace: 43925K->43925K(1087488K)], 0.0562064 secs] [Times: user=0.52 sys=0.00, real=0.05 secs] 
2016-09-25T22:27:04.747-0400: 88.711: [Full GC (Ergonomics) [PSYoungGen: 87792K->0K(175104K)] [ParOldGen: 521596K->516932K(524288K)] 609389K->516932K(699392K), [Metaspace: 43925K->43925K(1087488K)], 0.0568734 secs] [Times: user=0.59 sys=0.00, real=0.06 secs] 
2016-09-25T22:27:04.859-0400: 88.823: [Full GC (Ergonomics) [PSYoungGen: 88064K->0K(175104K)] [ParOldGen: 517031K->520216K(524288K)] 605095K->520216K(699392K), [Metaspace: 43925K->43925K(1087488K)], 0.0578909 secs] [Times: user=0.61 sys=0.01, real=0.06 secs] 
2016-09-25T22:27:04.968-0400: 88.932: [Full GC (Ergonomics) [PSYoungGen: 88063K->0K(175104K)] [ParOldGen: 522932K->514225K(524288K)] 610995K->514225K(699392K), [Metaspace: 43925K->43925K(1087488K)], 0.0615382 secs] [Times: user=0.65 sys=0.00, real=0.06 secs] 
2016-09-25T22:27:05.069-0400: 89.033: [Full GC (Ergonomics) [PSYoungGen: 88064K->0K(175104K)] [ParOldGen: 522495K->521660K(524288K)] 610559K->521660K(699392K), [Metaspace: 43925K->43925K(1087488K)], 0.0509727 secs] [Times: user=0.47 sys=0.00, real=0.05 secs] 
2016-09-25T22:27:05.164-0400: 89.129: [Full GC (Ergonomics) [PSYoungGen: 88050K->0K(175104K)] [ParOldGen: 523010K->522509K(524288K)] 611061K->522509K(699392K), [Metaspace: 43925K->43925K(1087488K)], 0.0565716 secs] [Times: user=0.58 sys=0.00, real=0.05 secs] 
2016-09-25T22:27:05.266-0400: 89.230: [Full GC (Ergonomics) [PSYoungGen: 88064K->0K(175104K)] [ParOldGen: 522975K->515194K(524288K)] 611039K->515194K(699392K), [Metaspace: 43925K->43925K(1087488K)], 0.0572864 secs] [Times: user=0.56 sys=0.01, real=0.06 secs] 
2016-09-25T22:27:05.363-0400: 89.327: [Full GC (Ergonomics) [PSYoungGen: 88064K->2721K(175104K)] [ParOldGen: 518137K->523721K(524288K)] 606201K->526443K(699392K), [Metaspace: 43932K->43932K(1087488K)], 0.0543282 secs] [Times: user=0.54 sys=0.00, real=0.05 secs] 
2016-09-25T22:27:05.463-0400: 89.427: [Full GC (Ergonomics) [PSYoungGen: 86442K->2700K(175104K)] [ParOldGen: 523721K->521716K(524288K)] 610164K->524416K(699392K), [Metaspace: 43932K->43932K(1087488K)], 0.0531067 secs] [Times: user=0.52 sys=0.00, real=0.05 secs] 
2016-09-25T22:27:05.563-0400: 89.527: [Full GC (Ergonomics) [PSYoungGen: 88064K->2708K(175104K)] [ParOldGen: 521749K->522252K(524288K)] 609813K->524960K(699392K), [Metaspace: 43932K->43932K(1087488K)], 0.0532482 secs] [Times: user=0.51 sys=0.00, real=0.05 secs] 
2016-09-25T22:27:05.656-0400: 89.620: [Full GC (Ergonomics) [PSYoungGen: 88064K->2700K(175104K)] [ParOldGen: 522332K->522594K(524288K)] 610396K->525295K(699392K), [Metaspace: 43932K->43932K(1087488K)], 0.1036383 secs] [Times: user=1.42 sys=0.01, real=0.10 secs] 
2016-09-25T22:27:05.800-0400: 89.764: [Full GC (Ergonomics) [PSYoungGen: 87106K->0K(175104K)] [ParOldGen: 522594K->520484K(524288K)] 609700K->520484K(699392K), [Metaspace: 43932K->43932K(1087488K)], 0.0578321 secs] [Times: user=0.61 sys=0.00, real=0.06 secs] 
2016-09-25T22:27:05.899-0400: 89.863: [Full GC (Ergonomics) [PSYoungGen: 87671K->0K(175104K)] [ParOldGen: 523184K->521080K(524288K)] 610855K->521080K(699392K), [Metaspace: 43932K->43932K(1087488K)], 0.0550938 secs] [Times: user=0.49 sys=0.01, real=0.05 secs] 
2016-09-25T22:27:05.991-0400: 89.955: [Full GC (Ergonomics) [PSYoungGen: 88064K->4050K(175104K)] [ParOldGen: 521097K->522549K(524288K)] 609161K->526599K(699392K), [Metaspace: 43932K->43932K(1087488K)], 0.1530406 secs] [Times: user=2.26 sys=0.02, real=0.16 secs] 
2016-09-25T22:27:06.188-0400: 90.152: [Full GC (Ergonomics) [PSYoungGen: 85536K->0K(175104K)] [ParOldGen: 522549K->521615K(524288K)] 608086K->521615K(699392K), [Metaspace: 43932K->43932K(1087488K)], 0.0534051 secs] [Times: user=0.53 sys=0.00, real=0.05 secs] 
2016-09-25T22:27:06.281-0400: 90.245: [Full GC (Ergonomics) [PSYoungGen: 86150K->2701K(175104K)] [ParOldGen: 521615K->521890K(524288K)] 607766K->524591K(699392K), [Metaspace: 43932K->43932K(1087488K)], 0.1585251 secs] [Times: user=2.36 sys=0.02, real=0.16 secs] 
2016-09-25T22:27:06.479-0400: 90.443: [Full GC (Ergonomics) [PSYoungGen: 88064K->5479K(175104K)] [ParOldGen: 521976K->522236K(524288K)] 610040K->527715K(699392K), [Metaspace: 43932K->43932K(1087488K)], 0.1600417 secs] [Times: user=2.31 sys=0.02, real=0.16 secs] 
2016-09-25T22:27:06.674-0400: 90.639: [Full GC (Ergonomics) [PSYoungGen: 88064K->0K(175104K)] [ParOldGen: 522236K->522739K(524288K)] 610300K->522739K(699392K), [Metaspace: 43932K->43932K(1087488K)], 0.0652473 secs] [Times: user=0.66 sys=0.00, real=0.06 secs] 
2016-09-25T22:27:06.782-0400: 90.747: [Full GC (Ergonomics) [PSYoungGen: 88064K->13500K(175104K)] [ParOldGen: 522747K->523000K(524288K)] 610811K->536500K(699392K), [Metaspace: 43932K->43932K(1087488K)], 0.1660777 secs] [Times: user=2.46 sys=0.01, real=0.16 secs] 
2016-09-25T22:27:06.987-0400: 90.951: [Full GC (Ergonomics) [PSYoungGen: 87529K->0K(175104K)] [ParOldGen: 523000K->523530K(524288K)] 610530K->523530K(699392K), [Metaspace: 43932K->43932K(1087488K)], 0.0589091 secs] [Times: user=0.54 sys=0.00, real=0.06 secs] 
2016-09-25T22:27:07.085-0400: 91.049: [Full GC (Ergonomics) [PSYoungGen: 87869K->0K(175104K)] [ParOldGen: 523530K->524023K(524288K)] 611399K->524023K(699392K), [Metaspace: 43932K->43932K(1087488K)], 0.0617134 secs] [Times: user=0.64 sys=0.00, real=0.06 secs] 
2016-09-25T22:27:07.190-0400: 91.154: [Full GC (Ergonomics) [PSYoungGen: 88064K->0K(175104K)] [ParOldGen: 524125K->519122K(524288K)] 612189K->519122K(699392K), [Metaspace: 43932K->43932K(1087488K)], 0.0629051 secs] [Times: user=0.58 sys=0.00, real=0.06 secs] 
2016-09-25T22:27:07.290-0400: 91.254: [Full GC (Ergonomics) [PSYoungGen: 88064K->5493K(175104K)] [ParOldGen: 519318K->521740K(524288K)] 607382K->527234K(699392K), [Metaspace: 43932K->43932K(1087488K)], 0.1796334 secs] [Times: user=2.61 sys=0.02, real=0.18 secs] 
2016-09-25T22:27:07.511-0400: 91.476: [Full GC (Ergonomics) [PSYoungGen: 87665K->5463K(175104K)] [ParOldGen: 521740K->522238K(524288K)] 609405K->527702K(699392K), [Metaspace: 43932K->43932K(1087488K)], 0.1584630 secs] [Times: user=2.27 sys=0.02, real=0.16 secs] 
2016-09-25T22:27:07.715-0400: 91.679: [Full GC (Ergonomics) [PSYoungGen: 88064K->0K(175104K)] [ParOldGen: 523653K->516085K(524288K)] 611717K->516085K(699392K), [Metaspace: 43932K->43932K(1087488K)], 0.0657299 secs] [Times: user=0.62 sys=0.01, real=0.06 secs] 
2016-09-25T22:27:07.829-0400: 91.793: [Full GC (Ergonomics) [PSYoungGen: 88064K->0K(175104K)] [ParOldGen: 524277K->523367K(524288K)] 612341K->523367K(699392K), [Metaspace: 43932K->43932K(1087488K)], 0.0629924 secs] [Times: user=0.56 sys=0.01, real=0.06 secs] 
2016-09-25T22:27:07.934-0400: 91.899: [Full GC (Ergonomics) [PSYoungGen: 88064K->0K(175104K)] [ParOldGen: 523492K->523747K(524288K)] 611556K->523747K(699392K), [Metaspace: 43932K->43932K(1087488K)], 0.0515104 secs] [Times: user=0.46 sys=0.00, real=0.05 secs] 
2016-09-25T22:27:08.020-0400: 91.984: [Full GC (Ergonomics) [PSYoungGen: 88064K->12381K(175104K)] [ParOldGen: 523796K->522313K(524288K)] 611860K->534695K(699392K), [Metaspace: 43932K->43932K(1087488K)], 0.1561506 secs] [Times: user=2.36 sys=0.00, real=0.16 secs] 
2016-09-25T22:27:08.212-0400: 92.176: [Full GC (Ergonomics) [PSYoungGen: 87706K->1350K(175104K)] [ParOldGen: 523663K->522981K(524288K)] 611369K->524332K(699392K), [Metaspace: 43932K->43932K(1087488K)], 0.0600181 secs] [Times: user=0.60 sys=0.00, real=0.06 secs] 
2016-09-25T22:27:08.316-0400: 92.280: [Full GC (Ergonomics) [PSYoungGen: 87022K->0K(175104K)] [ParOldGen: 522981K->521983K(524288K)] 610004K->521983K(699392K), [Metaspace: 43932K->43932K(1087488K)], 0.0577186 secs] [Times: user=0.55 sys=0.02, real=0.05 secs] 
2016-09-25T22:27:08.414-0400: 92.379: [Full GC (Ergonomics) [PSYoungGen: 88064K->9517K(175104K)] [ParOldGen: 521989K->523548K(524288K)] 610053K->533066K(699392K), [Metaspace: 43932K->43932K(1087488K)], 0.1468013 secs] [Times: user=2.12 sys=0.02, real=0.14 secs] 
2016-09-25T22:27:08.600-0400: 92.564: [Full GC (Ergonomics) [PSYoungGen: 86937K->1353K(175104K)] [ParOldGen: 523548K->523961K(524288K)] 610485K->525314K(699392K), [Metaspace: 43932K->43932K(1087488K)], 0.1599249 secs] [Times: user=2.34 sys=0.02, real=0.16 secs] 
2016-09-25T22:27:08.798-0400: 92.762: [Full GC (Ergonomics) [PSYoungGen: 88064K->5400K(175104K)] [ParOldGen: 524005K->523000K(524288K)] 612069K->528400K(699392K), [Metaspace: 43932K->43932K(1087488K)], 0.1540940 secs] [Times: user=2.30 sys=0.01, real=0.15 secs] 
2016-09-25T22:27:08.988-0400: 92.952: [Full GC (Ergonomics) [PSYoungGen: 88064K->6886K(175104K)] [ParOldGen: 524285K->523360K(524288K)] 612349K->530247K(699392K), [Metaspace: 43932K->43932K(1087488K)], 0.1596775 secs] [Times: user=2.33 sys=0.01, real=0.16 secs] 
2016-09-25T22:27:09.189-0400: 93.153: [Full GC (Ergonomics) [PSYoungGen: 88064K->2701K(175104K)] [ParOldGen: 523410K->523753K(524288K)] 611474K->526455K(699392K), [Metaspace: 43932K->43932K(1087488K)], 0.1588375 secs] [Times: user=2.25 sys=0.02, real=0.16 secs] 
2016-09-25T22:27:09.390-0400: 93.354: [Full GC (Ergonomics) [PSYoungGen: 86670K->9521K(175104K)] [ParOldGen: 523753K->522855K(524288K)] 610424K->532377K(699392K), [Metaspace: 43932K->43932K(1087488K)], 0.1687078 secs] [Times: user=2.39 sys=0.03, real=0.17 secs] 
2016-09-25T22:27:09.602-0400: 93.566: [Full GC (Ergonomics) [PSYoungGen: 88064K->6815K(175104K)] [ParOldGen: 522905K->523231K(524288K)] 610969K->530046K(699392K), [Metaspace: 43932K->43932K(1087488K)], 0.1604452 secs] [Times: user=2.37 sys=0.01, real=0.17 secs] 
2016-09-25T22:27:09.799-0400: 93.763: [Full GC (Ergonomics) [PSYoungGen: 88064K->6955K(175104K)] [ParOldGen: 523317K->523537K(524288K)] 611381K->530493K(699392K), [Metaspace: 43932K->43932K(1087488K)], 0.1591279 secs] [Times: user=2.32 sys=0.00, real=0.16 secs] 
2016-09-25T22:27:09.988-0400: 93.953: [Full GC (Ergonomics) [PSYoungGen: 88064K->12220K(175104K)] [ParOldGen: 523563K->524087K(524288K)] 611627K->536308K(699392K), [Metaspace: 43932K->43932K(1087488K)], 0.1617350 secs] [Times: user=2.40 sys=0.02, real=0.16 secs] 
2016-09-25T22:27:10.189-0400: 94.154: [Full GC (Ergonomics) [PSYoungGen: 87696K->13628K(175104K)] [ParOldGen: 524087K->523054K(524288K)] 611783K->536682K(699392K), [Metaspace: 43932K->43932K(1087488K)], 0.1547735 secs] [Times: user=2.23 sys=0.02, real=0.16 secs] 
2016-09-25T22:27:10.385-0400: 94.349: [Full GC (Ergonomics) [PSYoungGen: 85662K->0K(175104K)] [ParOldGen: 523054K->523614K(524288K)] 608717K->523614K(699392K), [Metaspace: 43932K->43932K(1087488K)], 0.0544426 secs] [Times: user=0.53 sys=0.00, real=0.05 secs] 
2016-09-25T22:27:10.475-0400: 94.439: [Full GC (Ergonomics) [PSYoungGen: 87893K->9582K(175104K)] [ParOldGen: 523614K->522465K(524288K)] 611507K->532047K(699392K), [Metaspace: 43932K->43932K(1087488K)], 0.1494755 secs] [Times: user=2.10 sys=0.00, real=0.15 secs] 
2016-09-25T22:27:10.659-0400: 94.623: [Full GC (Ergonomics) [PSYoungGen: 87140K->9599K(175104K)] [ParOldGen: 522465K->522889K(524288K)] 609605K->532489K(699392K), [Metaspace: 43936K->43936K(1087488K)], 0.1413688 secs] [Times: user=1.96 sys=0.02, real=0.14 secs] 
2016-09-25T22:27:10.837-0400: 94.801: [Full GC (Ergonomics) [PSYoungGen: 85626K->9528K(175104K)] [ParOldGen: 522889K->523263K(524288K)] 608515K->532792K(699392K), [Metaspace: 43936K->43936K(1087488K)], 0.1622790 secs] [Times: user=2.38 sys=0.01, real=0.16 secs] 
2016-09-25T22:27:11.036-0400: 95.000: [Full GC (Ergonomics) [PSYoungGen: 87654K->12224K(175104K)] [ParOldGen: 523263K->523692K(524288K)] 610918K->535917K(699392K), [Metaspace: 43937K->43937K(1087488K)], 0.1629821 secs] [Times: user=2.36 sys=0.02, real=0.16 secs] 
2016-09-25T22:27:11.244-0400: 95.208: [Full GC (Ergonomics) [PSYoungGen: 88064K->9636K(175104K)] [ParOldGen: 523750K->522696K(524288K)] 611814K->532333K(699392K), [Metaspace: 43937K->43937K(1087488K)], 0.1689476 secs] [Times: user=2.24 sys=0.01, real=0.16 secs] 
2016-09-25T22:27:11.448-0400: 95.412: [Full GC (Ergonomics) [PSYoungGen: 86143K->10801K(175104K)] [ParOldGen: 522696K->523141K(524288K)] 608839K->533943K(699392K), [Metaspace: 43939K->43939K(1087488K)], 0.1540600 secs] [Times: user=2.27 sys=0.01, real=0.15 secs] 
2016-09-25T22:27:11.642-0400: 95.606: [Full GC (Ergonomics) [PSYoungGen: 88064K->5400K(175104K)] [ParOldGen: 523300K->523575K(524288K)] 611364K->528975K(699392K), [Metaspace: 43939K->43939K(1087488K)], 0.1470885 secs] [Times: user=2.19 sys=0.01, real=0.14 secs] 
2016-09-25T22:27:11.826-0400: 95.790: [Full GC (Ergonomics) [PSYoungGen: 87013K->14936K(175104K)] [ParOldGen: 523575K->522251K(524288K)] 610589K->537187K(699392K), [Metaspace: 43939K->43939K(1087488K)], 0.1549697 secs] [Times: user=2.27 sys=0.02, real=0.15 secs] 
2016-09-25T22:27:12.019-0400: 95.983: [Full GC (Ergonomics) [PSYoungGen: 87400K->9581K(175104K)] [ParOldGen: 522251K->522509K(524288K)] 609652K->532090K(699392K), [Metaspace: 43939K->43939K(1087488K)], 0.1465538 secs] [Times: user=2.17 sys=0.00, real=0.15 secs] 
2016-09-25T22:27:12.200-0400: 96.165: [Full GC (Ergonomics) [PSYoungGen: 85797K->13786K(175104K)] [ParOldGen: 522509K->524081K(524288K)] 608306K->537868K(699392K), [Metaspace: 43939K->43939K(1087488K)], 0.1529800 secs] [Times: user=2.27 sys=0.00, real=0.15 secs] 
2016-09-25T22:27:12.393-0400: 96.357: [Full GC (Ergonomics) [PSYoungGen: 86808K->16366K(175104K)] [ParOldGen: 524081K->523284K(524288K)] 610890K->539651K(699392K), [Metaspace: 43939K->43939K(1087488K)], 0.1614204 secs] [Times: user=2.34 sys=0.02, real=0.17 secs] 
2016-09-25T22:27:12.597-0400: 96.561: [Full GC (Ergonomics) [PSYoungGen: 88064K->6879K(175104K)] [ParOldGen: 523291K->523609K(524288K)] 611355K->530488K(699392K), [Metaspace: 43939K->43939K(1087488K)], 0.1531581 secs] [Times: user=2.19 sys=0.01, real=0.15 secs] 
2016-09-25T22:27:12.789-0400: 96.753: [Full GC (Ergonomics) [PSYoungGen: 88064K->9727K(175104K)] [ParOldGen: 523629K->522565K(524288K)] 611693K->532292K(699392K), [Metaspace: 43939K->43939K(1087488K)], 0.1643076 secs] [Times: user=2.44 sys=0.01, real=0.16 secs] 
2016-09-25T22:27:12.991-0400: 96.955: [Full GC (Ergonomics) [PSYoungGen: 88064K->12231K(175104K)] [ParOldGen: 522614K->521677K(524288K)] 610678K->533908K(699392K), [Metaspace: 43939K->43939K(1087488K)], 0.1531385 secs] [Times: user=2.27 sys=0.01, real=0.16 secs] 
2016-09-25T22:27:13.189-0400: 97.154: [Full GC (Ergonomics) [PSYoungGen: 85668K->10932K(175104K)] [ParOldGen: 521677K->523407K(524288K)] 607345K->534339K(699392K), [Metaspace: 43939K->43939K(1087488K)], 0.1555085 secs] [Times: user=2.30 sys=0.00, real=0.16 secs] 
2016-09-25T22:27:13.386-0400: 97.350: [Full GC (Ergonomics) [PSYoungGen: 88063K->8163K(175104K)] [ParOldGen: 523407K->522596K(524288K)] 611471K->530760K(699392K), [Metaspace: 43939K->43939K(1087488K)], 0.1494697 secs] [Times: user=2.20 sys=0.01, real=0.15 secs] 
2016-09-25T22:27:13.536-0400: 97.500: [Full GC (Ergonomics) [PSYoungGen: 9594K->9513K(175104K)] [ParOldGen: 522596K->522596K(524288K)] 532190K->532110K(699392K), [Metaspace: 43939K->43939K(1087488K)], 0.0535422 secs] [Times: user=0.54 sys=0.00, real=0.05 secs] 
2016-09-25T22:27:13.638-0400: 97.602: [Full GC (Ergonomics) [PSYoungGen: 85415K->9583K(175104K)] [ParOldGen: 522596K->522803K(524288K)] 608012K->532387K(699392K), [Metaspace: 43939K->43939K(1087488K)], 0.1620282 secs] [Times: user=2.44 sys=0.01, real=0.16 secs] 
2016-09-25T22:27:13.835-0400: 97.800: [Full GC (Ergonomics) [PSYoungGen: 88064K->16370K(175104K)] [ParOldGen: 524220K->521885K(524288K)] 612284K->538255K(699392K), [Metaspace: 43939K->43939K(1087488K)], 0.1527825 secs] [Times: user=2.27 sys=0.01, real=0.15 secs] 
2016-09-25T22:27:14.027-0400: 97.991: [Full GC (Ergonomics) [PSYoungGen: 88064K->10926K(175104K)] [ParOldGen: 521986K->522304K(524288K)] 610050K->533230K(699392K), [Metaspace: 43939K->43939K(1087488K)], 0.1630793 secs] [Times: user=2.36 sys=0.01, real=0.16 secs] 
2016-09-25T22:27:14.228-0400: 98.192: [Full GC (Ergonomics) [PSYoungGen: 87893K->16269K(175104K)] [ParOldGen: 522304K->522680K(524288K)] 610198K->538949K(699392K), [Metaspace: 43939K->43939K(1087488K)], 0.1567621 secs] [Times: user=2.26 sys=0.01, real=0.16 secs] 
2016-09-25T22:27:14.428-0400: 98.392: [Full GC (Ergonomics) [PSYoungGen: 86257K->20398K(175104K)] [ParOldGen: 522680K->521697K(524288K)] 608937K->542095K(699392K), [Metaspace: 43939K->43939K(1087488K)], 0.1698023 secs] [Times: user=2.44 sys=0.02, real=0.17 secs] 
2016-09-25T22:27:14.628-0400: 98.592: [Full GC (Ergonomics) [PSYoungGen: 88064K->16527K(175104K)] [ParOldGen: 521708K->523174K(524288K)] 609772K->539702K(699392K), [Metaspace: 43939K->43939K(1087488K)], 0.1549558 secs] [Times: user=2.37 sys=0.00, real=0.16 secs] 
2016-09-25T22:27:14.822-0400: 98.786: [Full GC (Ergonomics) [PSYoungGen: 87180K->19033K(175104K)] [ParOldGen: 523174K->523725K(524288K)] 610355K->542759K(699392K), [Metaspace: 43941K->43941K(1087488K)], 0.1557278 secs] [Times: user=2.28 sys=0.01, real=0.16 secs] 
2016-09-25T22:27:15.012-0400: 98.976: [Full GC (Ergonomics) [PSYoungGen: 87923K->15083K(175104K)] [ParOldGen: 523725K->524001K(524288K)] 611649K->539084K(699392K), [Metaspace: 43941K->43941K(1087488K)], 0.1600263 secs] [Times: user=2.35 sys=0.01, real=0.16 secs] 
2016-09-25T22:27:15.204-0400: 99.168: [Full GC (Ergonomics) [PSYoungGen: 88064K->19162K(175104K)] [ParOldGen: 524060K->524271K(524288K)] 612124K->543434K(699392K), [Metaspace: 43941K->43941K(1087488K)], 0.1526844 secs] [Times: user=2.25 sys=0.02, real=0.15 secs] 
2016-09-25T22:27:15.386-0400: 99.350: [Full GC (Ergonomics) [PSYoungGen: 86186K->17723K(175104K)] [ParOldGen: 524271K->523440K(524288K)] 610457K->541164K(699392K), [Metaspace: 43941K->43941K(1087488K)], 0.1518984 secs] [Times: user=2.21 sys=0.00, real=0.15 secs] 
2016-09-25T22:27:15.581-0400: 99.545: [Full GC (Ergonomics) [PSYoungGen: 87852K->11020K(175104K)] [ParOldGen: 523440K->522289K(524288K)] 611293K->533310K(699392K), [Metaspace: 43941K->43941K(1087488K)], 0.1563362 secs] [Times: user=2.32 sys=0.02, real=0.16 secs] 
2016-09-25T22:27:15.771-0400: 99.736: [Full GC (Ergonomics) [PSYoungGen: 88064K->17714K(175104K)] [ParOldGen: 522420K->524159K(524288K)] 610484K->541873K(699392K), [Metaspace: 43941K->43941K(1087488K)], 0.1571428 secs] [Times: user=2.30 sys=0.01, real=0.16 secs] 
2016-09-25T22:27:15.980-0400: 99.944: [Full GC (Ergonomics) [PSYoungGen: 88064K->14914K(175104K)] [ParOldGen: 524285K->523303K(524288K)] 612349K->538218K(699392K), [Metaspace: 43948K->43948K(1087488K)], 0.1741891 secs] [Times: user=2.27 sys=0.04, real=0.17 secs] 
2016-09-25T22:27:16.187-0400: 100.151: [Full GC (Ergonomics) [PSYoungGen: 88064K->15017K(175104K)] [ParOldGen: 523389K->522081K(524288K)] 611453K->537098K(699392K), [Metaspace: 43948K->43948K(1087488K)], 0.1572823 secs] [Times: user=2.32 sys=0.01, real=0.16 secs] 
2016-09-25T22:27:16.378-0400: 100.343: [Full GC (Ergonomics) [PSYoungGen: 86122K->24508K(175104K)] [ParOldGen: 522081K->523915K(524288K)] 608203K->548424K(699392K), [Metaspace: 43948K->43948K(1087488K)], 0.1609698 secs] [Times: user=2.34 sys=0.01, real=0.16 secs] 
2016-09-25T22:27:16.587-0400: 100.552: [Full GC (Ergonomics) [PSYoungGen: 85592K->8225K(175104K)] [ParOldGen: 523915K->524209K(524288K)] 609508K->532435K(699392K), [Metaspace: 43948K->43948K(1087488K)], 0.1577941 secs] [Times: user=2.31 sys=0.01, real=0.16 secs] 
2016-09-25T22:27:16.776-0400: 100.740: [Full GC (Ergonomics) [PSYoungGen: 88064K->23134K(175104K)] [ParOldGen: 524286K->523240K(524288K)] 612350K->546374K(699392K), [Metaspace: 43948K->43948K(1087488K)], 0.1555168 secs] [Times: user=2.33 sys=0.00, real=0.15 secs] 
2016-09-25T22:27:16.970-0400: 100.934: [Full GC (Ergonomics) [PSYoungGen: 87448K->16523K(175104K)] [ParOldGen: 523240K->522217K(524288K)] 610688K->538741K(699392K), [Metaspace: 43949K->43949K(1087488K)], 0.1589522 secs] [Times: user=2.39 sys=0.00, real=0.16 secs] 
2016-09-25T22:27:17.179-0400: 101.143: [Full GC (Ergonomics) [PSYoungGen: 88064K->11140K(175104K)] [ParOldGen: 522217K->523823K(524288K)] 610281K->534964K(699392K), [Metaspace: 43949K->43949K(1087488K)], 0.1564629 secs] [Times: user=2.30 sys=0.01, real=0.16 secs] 
2016-09-25T22:27:17.366-0400: 101.330: [Full GC (Ergonomics) [PSYoungGen: 87188K->21867K(175104K)] [ParOldGen: 523823K->521778K(524288K)] 611011K->543646K(699392K), [Metaspace: 43949K->43949K(1087488K)], 0.1708811 secs] [Times: user=2.50 sys=0.02, real=0.17 secs] 
2016-09-25T22:27:17.582-0400: 101.546: [Full GC (Ergonomics) [PSYoungGen: 87249K->19245K(175104K)] [ParOldGen: 521778K->523429K(524288K)] 609027K->542675K(699392K), [Metaspace: 43949K->43949K(1087488K)], 0.1778666 secs] [Times: user=2.25 sys=0.03, real=0.18 secs] 
2016-09-25T22:27:17.787-0400: 101.751: [Full GC (Ergonomics) [PSYoungGen: 88064K->26349K(175104K)] [ParOldGen: 523506K->522174K(524288K)] 611570K->548524K(699392K), [Metaspace: 43949K->43949K(1087488K)], 0.1614192 secs] [Times: user=2.36 sys=0.01, real=0.16 secs] 
2016-09-25T22:27:17.986-0400: 101.950: [Full GC (Ergonomics) [PSYoungGen: 88064K->22131K(175104K)] [ParOldGen: 522255K->521730K(524288K)] 610319K->543861K(699392K), [Metaspace: 43952K->43952K(1087488K)], 0.1632333 secs] [Times: user=2.35 sys=0.02, real=0.16 secs] 
2016-09-25T22:27:18.177-0400: 102.141: [Full GC (Ergonomics) [PSYoungGen: 88064K->30272K(175104K)] [ParOldGen: 521831K->521946K(524288K)] 609895K->552219K(699392K), [Metaspace: 43952K->43952K(1087488K)], 0.1509113 secs] [Times: user=2.13 sys=0.00, real=0.15 secs] 
2016-09-25T22:27:18.359-0400: 102.323: [Full GC (Ergonomics) [PSYoungGen: 87918K->20842K(175104K)] [ParOldGen: 521946K->522570K(524288K)] 609865K->543413K(699392K), [Metaspace: 43952K->43952K(1087488K)], 0.1584432 secs] [Times: user=2.35 sys=0.02, real=0.16 secs] 
2016-09-25T22:27:18.555-0400: 102.519: [Full GC (Ergonomics) [PSYoungGen: 87992K->19472K(175104K)] [ParOldGen: 522570K->521631K(524288K)] 610563K->541104K(699392K), [Metaspace: 43952K->43952K(1087488K)], 0.1544821 secs] [Times: user=2.27 sys=0.01, real=0.15 secs] 
2016-09-25T22:27:18.743-0400: 102.707: [Full GC (Ergonomics) [PSYoungGen: 85402K->22062K(175104K)] [ParOldGen: 521631K->523618K(524288K)] 607033K->545681K(699392K), [Metaspace: 43952K->43952K(1087488K)], 0.1598878 secs] [Times: user=2.37 sys=0.00, real=0.16 secs] 
2016-09-25T22:27:18.946-0400: 102.910: [Full GC (Ergonomics) [PSYoungGen: 86492K->16766K(175104K)] [ParOldGen: 523618K->524029K(524288K)] 610111K->540795K(699392K), [Metaspace: 43952K->43952K(1087488K)], 0.1667503 secs] [Times: user=2.38 sys=0.00, real=0.16 secs] 
2016-09-25T22:27:19.148-0400: 103.113: [Full GC (Ergonomics) [PSYoungGen: 86321K->27563K(175104K)] [ParOldGen: 524029K->521920K(524288K)] 610350K->549483K(699392K), [Metaspace: 43952K->43952K(1087488K)], 0.1662273 secs] [Times: user=2.46 sys=0.02, real=0.17 secs] 
2016-09-25T22:27:19.344-0400: 103.308: [Full GC (Ergonomics) [PSYoungGen: 88064K->27779K(175104K)] [ParOldGen: 522082K->522118K(524288K)] 610146K->549897K(699392K), [Metaspace: 43952K->43952K(1087488K)], 0.1649004 secs] [Times: user=2.50 sys=0.02, real=0.16 secs] 
2016-09-25T22:27:19.544-0400: 103.508: [Full GC (Ergonomics) [PSYoungGen: 86947K->23555K(175104K)] [ParOldGen: 523468K->524266K(524288K)] 610415K->547822K(699392K), [Metaspace: 43952K->43952K(1087488K)], 0.1636486 secs] [Times: user=2.40 sys=0.01, real=0.16 secs] 
2016-09-25T22:27:19.741-0400: 103.705: [Full GC (Ergonomics) [PSYoungGen: 88064K->27767K(175104K)] [ParOldGen: 524285K->523133K(524288K)] 612349K->550901K(699392K), [Metaspace: 43952K->43952K(1087488K)], 0.1490157 secs] [Times: user=2.16 sys=0.01, real=0.15 secs] 
2016-09-25T22:27:19.925-0400: 103.889: [Full GC (Ergonomics) [PSYoungGen: 87310K->32838K(175104K)] [ParOldGen: 523133K->524140K(524288K)] 610444K->556979K(699392K), [Metaspace: 43952K->43952K(1087488K)], 0.1517043 secs] [Times: user=2.28 sys=0.00, real=0.15 secs] 
2016-09-25T22:27:20.114-0400: 104.078: [Full GC (Ergonomics) [PSYoungGen: 87074K->25078K(175104K)] [ParOldGen: 524140K->524176K(524288K)] 611215K->549255K(699392K), [Metaspace: 43952K->43952K(1087488K)], 0.1628066 secs] [Times: user=2.44 sys=0.01, real=0.17 secs] 
2016-09-25T22:27:20.304-0400: 104.268: [Full GC (Ergonomics) [PSYoungGen: 88064K->34371K(175104K)] [ParOldGen: 524285K->523572K(524288K)] 612349K->557943K(699392K), [Metaspace: 43952K->43952K(1087488K)], 0.1570396 secs] [Times: user=2.27 sys=0.01, real=0.15 secs] 
2016-09-25T22:27:20.501-0400: 104.465: [Full GC (Ergonomics) [PSYoungGen: 88064K->22328K(175104K)] [ParOldGen: 523709K->523851K(524288K)] 611773K->546179K(699392K), [Metaspace: 43952K->43952K(1087488K)], 0.1627967 secs] [Times: user=2.28 sys=0.02, real=0.17 secs] 
2016-09-25T22:27:20.707-0400: 104.671: [Full GC (Ergonomics) [PSYoungGen: 88064K->19851K(175104K)] [ParOldGen: 523868K->524160K(524288K)] 611932K->544011K(699392K), [Metaspace: 43952K->43952K(1087488K)], 0.1559316 secs] [Times: user=2.26 sys=0.02, real=0.16 secs] 
2016-09-25T22:27:20.901-0400: 104.865: [Full GC (Ergonomics) [PSYoungGen: 85534K->37635K(175104K)] [ParOldGen: 524160K->521940K(524288K)] 609694K->559576K(699392K), [Metaspace: 43952K->43952K(1087488K)], 0.1615500 secs] [Times: user=2.36 sys=0.00, real=0.17 secs] 
2016-09-25T22:27:21.100-0400: 105.064: [Full GC (Ergonomics) [PSYoungGen: 86912K->23797K(175104K)] [ParOldGen: 521940K->523891K(524288K)] 608853K->547689K(699392K), [Metaspace: 43952K->43952K(1087488K)], 0.1601343 secs] [Times: user=2.39 sys=0.03, real=0.16 secs] 
2016-09-25T22:27:21.288-0400: 105.252: [Full GC (Ergonomics) [PSYoungGen: 88064K->32045K(175104K)] [ParOldGen: 523941K->522946K(524288K)] 612005K->554992K(699392K), [Metaspace: 43952K->43952K(1087488K)], 0.1612203 secs] [Times: user=2.39 sys=0.01, real=0.16 secs] 
2016-09-25T22:27:21.490-0400: 105.454: [Full GC (Ergonomics) [PSYoungGen: 87949K->21138K(175104K)] [ParOldGen: 523067K->523637K(524288K)] 611016K->544775K(699392K), [Metaspace: 43952K->43952K(1087488K)], 0.1567725 secs] [Times: user=2.28 sys=0.01, real=0.16 secs] 
2016-09-25T22:27:21.663-0400: 105.628: [Full GC (Ergonomics) [PSYoungGen: 88064K->43886K(175104K)] [ParOldGen: 523717K->522963K(524288K)] 611781K->566850K(699392K), [Metaspace: 43952K->43952K(1087488K)], 0.1568466 secs] [Times: user=2.34 sys=0.00, real=0.15 secs] 
2016-09-25T22:27:21.859-0400: 105.823: [Full GC (Ergonomics) [PSYoungGen: 86209K->27804K(175104K)] [ParOldGen: 522963K->523055K(524288K)] 609172K->550859K(699392K), [Metaspace: 43952K->43952K(1087488K)], 0.1593401 secs] [Times: user=2.34 sys=0.01, real=0.16 secs] 
2016-09-25T22:27:22.039-0400: 106.004: [Full GC (Ergonomics) [PSYoungGen: 88063K->34634K(175104K)] [ParOldGen: 523066K->523693K(524288K)] 611130K->558327K(699392K), [Metaspace: 43952K->43952K(1087488K)], 0.1640485 secs] [Times: user=2.33 sys=0.03, real=0.17 secs] 
2016-09-25T22:27:22.241-0400: 106.205: [Full GC (Ergonomics) [PSYoungGen: 88064K->27930K(175104K)] [ParOldGen: 523834K->523757K(524288K)] 611898K->551688K(699392K), [Metaspace: 43952K->43952K(1087488K)], 0.1656549 secs] [Times: user=2.31 sys=0.01, real=0.17 secs] 
2016-09-25T22:27:22.439-0400: 106.403: [Full GC (Ergonomics) [PSYoungGen: 86741K->32275K(175104K)] [ParOldGen: 523757K->524180K(524288K)] 610498K->556456K(699392K), [Metaspace: 43955K->43955K(1087488K)], 0.1632480 secs] [Times: user=2.39 sys=0.03, real=0.17 secs] 
2016-09-25T22:27:22.635-0400: 106.599: [Full GC (Ergonomics) [PSYoungGen: 88064K->36352K(175104K)] [ParOldGen: 524267K->521719K(524288K)] 612331K->558071K(699392K), [Metaspace: 43956K->43956K(1087488K)], 0.1570052 secs] [Times: user=2.30 sys=0.02, real=0.15 secs] 
2016-09-25T22:27:22.819-0400: 106.783: [Full GC (Ergonomics) [PSYoungGen: 86545K->32295K(175104K)] [ParOldGen: 521719K->523611K(524288K)] 608264K->555906K(699392K), [Metaspace: 43956K->43956K(1087488K)], 0.1597860 secs] [Times: user=2.32 sys=0.02, real=0.16 secs] 
2016-09-25T22:27:23.006-0400: 106.970: [Full GC (Ergonomics) [PSYoungGen: 86520K->32076K(175104K)] [ParOldGen: 523611K->523883K(524288K)] 610131K->555960K(699392K), [Metaspace: 43956K->43956K(1087488K)], 0.1562370 secs] [Times: user=2.32 sys=0.01, real=0.16 secs] 
2016-09-25T22:27:23.195-0400: 107.159: [Full GC (Ergonomics) [PSYoungGen: 88064K->36300K(175104K)] [ParOldGen: 523964K->522718K(524288K)] 612028K->559019K(699392K), [Metaspace: 43956K->43956K(1087488K)], 0.1633114 secs] [Times: user=2.31 sys=0.01, real=0.16 secs] 
2016-09-25T22:27:23.388-0400: 107.353: [Full GC (Ergonomics) [PSYoungGen: 87435K->33487K(175104K)] [ParOldGen: 522718K->523355K(524288K)] 610154K->556843K(699392K), [Metaspace: 43964K->43964K(1087488K)], 0.1661826 secs] [Times: user=2.34 sys=0.01, real=0.17 secs] 
2016-09-25T22:27:23.583-0400: 107.547: [Full GC (Ergonomics) [PSYoungGen: 85386K->33447K(175104K)] [ParOldGen: 523355K->523704K(524288K)] 608742K->557152K(699392K), [Metaspace: 43964K->43964K(1087488K)], 0.1674335 secs] [Times: user=2.36 sys=0.02, real=0.16 secs] 
2016-09-25T22:27:23.781-0400: 107.745: [Full GC (Ergonomics) [PSYoungGen: 87769K->36573K(175104K)] [ParOldGen: 523704K->523832K(524288K)] 611474K->560406K(699392K), [Metaspace: 43964K->43964K(1087488K)], 0.1600652 secs] [Times: user=2.33 sys=0.01, real=0.16 secs] 
2016-09-25T22:27:23.976-0400: 107.940: [Full GC (Ergonomics) [PSYoungGen: 88064K->37677K(175104K)] [ParOldGen: 523940K->522938K(524288K)] 612004K->560615K(699392K), [Metaspace: 43964K->43964K(1087488K)], 0.1588783 secs] [Times: user=2.37 sys=0.01, real=0.16 secs] 
2016-09-25T22:27:24.160-0400: 108.124: [Full GC (Ergonomics) [PSYoungGen: 87943K->40383K(175104K)] [ParOldGen: 522938K->523442K(524288K)] 610881K->563825K(699392K), [Metaspace: 43964K->43964K(1087488K)], 0.1669748 secs] [Times: user=2.42 sys=0.01, real=0.17 secs] 
2016-09-25T22:27:24.362-0400: 108.326: [Full GC (Ergonomics) [PSYoungGen: 88064K->37906K(175104K)] [ParOldGen: 523623K->523511K(524288K)] 611687K->561418K(699392K), [Metaspace: 43964K->43964K(1087488K)], 0.1633042 secs] [Times: user=2.41 sys=0.00, real=0.17 secs] 
2016-09-25T22:27:24.560-0400: 108.524: [Full GC (Ergonomics) [PSYoungGen: 88064K->37794K(175104K)] [ParOldGen: 523612K->524107K(524288K)] 611676K->561902K(699392K), [Metaspace: 43964K->43964K(1087488K)], 0.1579639 secs] [Times: user=2.32 sys=0.01, real=0.16 secs] 
2016-09-25T22:27:24.746-0400: 108.710: [Full GC (Ergonomics) [PSYoungGen: 85672K->38072K(175104K)] [ParOldGen: 524107K->524178K(524288K)] 609780K->562250K(699392K), [Metaspace: 43964K->43964K(1087488K)], 0.1623236 secs] [Times: user=2.28 sys=0.02, real=0.16 secs] 
2016-09-25T22:27:24.941-0400: 108.905: [Full GC (Ergonomics) [PSYoungGen: 86192K->35855K(175104K)] [ParOldGen: 524178K->524077K(524288K)] 610370K->559933K(699392K), [Metaspace: 43964K->43964K(1087488K)], 0.1634095 secs] [Times: user=2.31 sys=0.01, real=0.17 secs] 
2016-09-25T22:27:25.136-0400: 109.100: [Full GC (Ergonomics) [PSYoungGen: 85778K->41708K(175104K)] [ParOldGen: 524077K->523980K(524288K)] 609855K->565689K(699392K), [Metaspace: 43964K->43964K(1087488K)], 0.1794905 secs] [Times: user=1.96 sys=0.02, real=0.18 secs] 
2016-09-25T22:27:25.350-0400: 109.314: [Full GC (Ergonomics) [PSYoungGen: 88064K->34115K(175104K)] [ParOldGen: 523980K->523881K(524288K)] 612044K->557996K(699392K), [Metaspace: 43964K->43964K(1087488K)], 0.1587824 secs] [Times: user=2.05 sys=0.00, real=0.16 secs] 
2016-09-25T22:27:25.540-0400: 109.504: [Full GC (Ergonomics) [PSYoungGen: 86462K->36039K(175104K)] [ParOldGen: 523881K->523785K(524288K)] 610343K->559824K(699392K), [Metaspace: 43964K->43964K(1087488K)], 0.1558144 secs] [Times: user=1.96 sys=0.01, real=0.16 secs] 
2016-09-25T22:27:25.725-0400: 109.689: [Full GC (Ergonomics) [PSYoungGen: 85815K->42624K(175104K)] [ParOldGen: 523785K->524257K(524288K)] 609601K->566882K(699392K), [Metaspace: 43965K->43965K(1087488K)], 0.1558528 secs] [Times: user=1.86 sys=0.02, real=0.15 secs] 
2016-09-25T22:27:25.910-0400: 109.874: [Full GC (Ergonomics) [PSYoungGen: 87113K->32259K(175104K)] [ParOldGen: 524257K->524161K(524288K)] 611370K->556421K(699392K), [Metaspace: 43966K->43966K(1087488K)], 0.1550959 secs] [Times: user=2.03 sys=0.01, real=0.16 secs] 
2016-09-25T22:27:26.099-0400: 110.063: [Full GC (Ergonomics) [PSYoungGen: 88062K->36857K(175104K)] [ParOldGen: 524169K->524020K(524288K)] 612232K->560878K(699392K), [Metaspace: 43966K->43966K(1087488K)], 0.1622288 secs] [Times: user=2.24 sys=0.01, real=0.16 secs] 
2016-09-25T22:27:26.282-0400: 110.246: [Full GC (Ergonomics) [PSYoungGen: 87181K->44076K(175104K)] [ParOldGen: 524020K->523972K(524288K)] 611202K->568049K(699392K), [Metaspace: 43966K->43966K(1087488K)], 0.1658978 secs] [Times: user=2.34 sys=0.01, real=0.16 secs] 
2016-09-25T22:27:26.490-0400: 110.455: [Full GC (Ergonomics) [PSYoungGen: 87361K->41811K(175104K)] [ParOldGen: 523972K->523877K(524288K)] 611334K->565689K(699392K), [Metaspace: 43966K->43966K(1087488K)], 0.1589442 secs] [Times: user=1.99 sys=0.01, real=0.16 secs] 
2016-09-25T22:27:26.681-0400: 110.645: [Full GC (Ergonomics) [PSYoungGen: 85467K->38252K(175104K)] [ParOldGen: 523877K->523783K(524288K)] 609345K->562036K(699392K), [Metaspace: 43966K->43966K(1087488K)], 0.1616747 secs] [Times: user=2.21 sys=0.02, real=0.17 secs] 
2016-09-25T22:27:26.868-0400: 110.832: [Full GC (Ergonomics) [PSYoungGen: 88041K->43535K(175104K)] [ParOldGen: 523783K->524245K(524288K)] 611825K->567780K(699392K), [Metaspace: 43967K->43967K(1087488K)], 0.1600288 secs] [Times: user=2.21 sys=0.01, real=0.16 secs] 
2016-09-25T22:27:27.061-0400: 111.025: [Full GC (Ergonomics) [PSYoungGen: 88064K->35808K(175104K)] [ParOldGen: 524287K->524151K(524288K)] 612351K->559959K(699392K), [Metaspace: 43967K->43967K(1087488K)], 0.1657246 secs] [Times: user=2.13 sys=0.02, real=0.17 secs] 
2016-09-25T22:27:27.257-0400: 111.221: [Full GC (Ergonomics) [PSYoungGen: 88064K->39091K(175104K)] [ParOldGen: 524205K->524056K(524288K)] 612269K->563147K(699392K), [Metaspace: 43967K->43967K(1087488K)], 0.1671559 secs] [Times: user=2.46 sys=0.02, real=0.17 secs] 
2016-09-25T22:27:27.442-0400: 111.406: [Full GC (Ergonomics) [PSYoungGen: 85870K->46176K(175104K)] [ParOldGen: 524056K->524009K(524288K)] 609927K->570185K(699392K), [Metaspace: 43967K->43967K(1087488K)], 0.1609394 secs] [Times: user=1.99 sys=0.00, real=0.17 secs] 
2016-09-25T22:27:27.640-0400: 111.605: [Full GC (Ergonomics) [PSYoungGen: 86623K->38376K(175104K)] [ParOldGen: 524009K->523960K(524288K)] 610632K->562336K(699392K), [Metaspace: 43967K->43967K(1087488K)], 0.1679114 secs] [Times: user=2.06 sys=0.01, real=0.17 secs] 
2016-09-25T22:27:27.825-0400: 111.789: [Full GC (Ergonomics) [PSYoungGen: 87103K->52364K(175104K)] [ParOldGen: 523960K->523913K(524288K)] 611063K->576277K(699392K), [Metaspace: 43967K->43967K(1087488K)], 0.1588991 secs] [Times: user=2.18 sys=0.01, real=0.16 secs] 
2016-09-25T22:27:28.010-0400: 111.974: [Full GC (Ergonomics) [PSYoungGen: 88064K->41815K(175104K)] [ParOldGen: 523981K->523820K(524288K)] 612045K->565635K(699392K), [Metaspace: 43967K->43967K(1087488K)], 0.1665627 secs] [Times: user=2.16 sys=0.01, real=0.17 secs] 
2016-09-25T22:27:28.203-0400: 112.167: [Full GC (Ergonomics) [PSYoungGen: 86006K->44907K(175104K)] [ParOldGen: 523820K->523771K(524288K)] 609826K->568679K(699392K), [Metaspace: 43967K->43967K(1087488K)], 0.1727270 secs] [Times: user=2.37 sys=0.02, real=0.17 secs] 
2016-09-25T22:27:28.398-0400: 112.362: [Full GC (Ergonomics) [PSYoungGen: 87123K->50311K(175104K)] [ParOldGen: 523771K->524241K(524288K)] 610895K->574553K(699392K), [Metaspace: 43967K->43967K(1087488K)], 0.1647451 secs] [Times: user=2.02 sys=0.02, real=0.17 secs] 
2016-09-25T22:27:28.592-0400: 112.556: [Full GC (Ergonomics) [PSYoungGen: 85759K->35694K(175104K)] [ParOldGen: 524241K->524144K(524288K)] 610000K->559838K(699392K), [Metaspace: 43967K->43967K(1087488K)], 0.2001198 secs] [Times: user=2.62 sys=0.01, real=0.20 secs] 
2016-09-25T22:27:28.819-0400: 112.783: [Full GC (Ergonomics) [PSYoungGen: 87918K->44425K(175104K)] [ParOldGen: 524144K->524097K(524288K)] 612063K->568522K(699392K), [Metaspace: 43967K->43967K(1087488K)], 0.1629549 secs] [Times: user=2.27 sys=0.03, real=0.17 secs] 
2016-09-25T22:27:29.014-0400: 112.979: [Full GC (Ergonomics) [PSYoungGen: 88064K->40494K(175104K)] [ParOldGen: 524205K->524049K(524288K)] 612269K->564543K(699392K), [Metaspace: 43967K->43967K(1087488K)], 0.1563589 secs] [Times: user=2.29 sys=0.03, real=0.15 secs] 
2016-09-25T22:27:29.196-0400: 113.160: [Full GC (Ergonomics) [PSYoungGen: 87947K->49195K(175104K)] [ParOldGen: 524049K->523955K(524288K)] 611996K->573151K(699392K), [Metaspace: 43968K->43968K(1087488K)], 0.1657748 secs] [Times: user=2.24 sys=0.01, real=0.16 secs] 
2016-09-25T22:27:29.381-0400: 113.346: [Full GC (Ergonomics) [PSYoungGen: 88064K->49494K(175104K)] [ParOldGen: 524178K->523907K(524288K)] 612242K->573401K(699392K), [Metaspace: 43968K->43968K(1087488K)], 0.1575702 secs] [Times: user=2.34 sys=0.01, real=0.16 secs] 
2016-09-25T22:27:29.566-0400: 113.530: [Full GC (Ergonomics) [PSYoungGen: 87830K->43231K(175104K)] [ParOldGen: 523907K->523812K(524288K)] 611738K->567044K(699392K), [Metaspace: 43969K->43969K(1087488K)], 0.1571283 secs] [Times: user=2.28 sys=0.01, real=0.16 secs] 
2016-09-25T22:27:29.754-0400: 113.718: [Full GC (Ergonomics) [PSYoungGen: 88064K->47673K(175104K)] [ParOldGen: 523949K->523765K(524288K)] 612013K->571439K(699392K), [Metaspace: 43969K->43969K(1087488K)], 0.1659365 secs] [Times: user=2.08 sys=0.00, real=0.17 secs] 
2016-09-25T22:27:29.948-0400: 113.912: [Full GC (Ergonomics) [PSYoungGen: 87133K->48000K(175104K)] [ParOldGen: 523765K->523718K(524288K)] 610899K->571718K(699392K), [Metaspace: 43969K->43969K(1087488K)], 0.1643881 secs] [Times: user=2.08 sys=0.00, real=0.16 secs] 
2016-09-25T22:27:30.137-0400: 114.101: [Full GC (Ergonomics) [PSYoungGen: 87065K->43750K(175104K)] [ParOldGen: 523718K->524249K(524288K)] 610783K->568000K(699392K), [Metaspace: 43969K->43969K(1087488K)], 0.1650799 secs] [Times: user=2.14 sys=0.01, real=0.17 secs] 
2016-09-25T22:27:30.323-0400: 114.288: [Full GC (Ergonomics) [PSYoungGen: 88064K->45393K(175104K)] [ParOldGen: 524287K->524202K(524288K)] 612351K->569596K(699392K), [Metaspace: 43969K->43969K(1087488K)], 0.1587594 secs] [Times: user=2.32 sys=0.02, real=0.16 secs] 
2016-09-25T22:27:30.504-0400: 114.468: [Full GC (Ergonomics) [PSYoungGen: 88064K->45919K(175104K)] [ParOldGen: 524213K->524108K(524288K)] 612277K->570028K(699392K), [Metaspace: 43969K->43969K(1087488K)], 0.1580239 secs] [Times: user=2.18 sys=0.00, real=0.16 secs] 
2016-09-25T22:27:30.695-0400: 114.659: [Full GC (Ergonomics) [PSYoungGen: 87217K->42285K(175104K)] [ParOldGen: 524108K->524013K(524288K)] 611325K->566298K(699392K), [Metaspace: 43969K->43969K(1087488K)], 0.1702543 secs] [Times: user=2.17 sys=0.02, real=0.17 secs] 
2016-09-25T22:27:30.889-0400: 114.854: [Full GC (Ergonomics) [PSYoungGen: 87177K->47043K(175104K)] [ParOldGen: 524013K->523965K(524288K)] 611190K->571008K(699392K), [Metaspace: 43969K->43969K(1087488K)], 0.1598386 secs] [Times: user=2.14 sys=0.02, real=0.16 secs] 
2016-09-25T22:27:31.082-0400: 115.046: [Full GC (Ergonomics) [PSYoungGen: 87999K->51152K(175104K)] [ParOldGen: 523965K->523918K(524288K)] 611964K->575070K(699392K), [Metaspace: 43969K->43969K(1087488K)], 0.1716125 secs] [Times: user=2.19 sys=0.02, real=0.17 secs] 
2016-09-25T22:27:31.254-0400: 115.218: [Full GC (Ergonomics) [PSYoungGen: 52736K->52501K(175104K)] [ParOldGen: 523918K->523918K(524288K)] 576655K->576419K(699392K), [Metaspace: 43969K->43969K(1087488K)], 0.0602579 secs] [Times: user=0.54 sys=0.00, real=0.06 secs] 
2016-09-25T22:27:31.346-0400: 115.310: [Full GC (Ergonomics) [PSYoungGen: 86841K->43357K(175104K)] [ParOldGen: 523918K->523823K(524288K)] 610759K->567180K(699392K), [Metaspace: 43969K->43969K(1087488K)], 0.1639731 secs] [Times: user=2.30 sys=0.01, real=0.16 secs] 
2016-09-25T22:27:31.540-0400: 115.504: [Full GC (Ergonomics) [PSYoungGen: 88064K->45032K(175104K)] [ParOldGen: 523998K->523730K(524288K)] 612062K->568763K(699392K), [Metaspace: 43977K->43977K(1087488K)], 0.1819589 secs] [Times: user=2.67 sys=0.01, real=0.18 secs] 
2016-09-25T22:27:31.753-0400: 115.717: [Full GC (Ergonomics) [PSYoungGen: 87202K->37036K(175104K)] [ParOldGen: 523730K->524202K(524288K)] 610933K->561238K(699392K), [Metaspace: 43977K->43977K(1087488K)], 0.1669966 secs] [Times: user=2.48 sys=0.01, real=0.17 secs] 
2016-09-25T22:27:31.941-0400: 115.905: [Full GC (Ergonomics) [PSYoungGen: 88064K->50760K(175104K)] [ParOldGen: 524288K->524155K(524288K)] 612352K->574915K(699392K), [Metaspace: 43977K->43977K(1087488K)], 0.1606937 secs] [Times: user=2.42 sys=0.00, real=0.16 secs] 
2016-09-25T22:27:32.124-0400: 116.089: [Full GC (Ergonomics) [PSYoungGen: 87294K->45848K(175104K)] [ParOldGen: 524155K->524060K(524288K)] 611449K->569909K(699392K), [Metaspace: 43977K->43977K(1087488K)], 0.1535842 secs] [Times: user=2.22 sys=0.02, real=0.15 secs] 
2016-09-25T22:27:32.340-0400: 116.304: [Full GC (Ergonomics) [PSYoungGen: 88064K->19745K(175104K)] [ParOldGen: 524062K->523888K(524288K)] 612126K->543634K(699392K), [Metaspace: 44005K->44005K(1087488K)], 0.2140214 secs] [Times: user=3.20 sys=0.04, real=0.21 secs] 
2016-09-25T22:27:35.766-0400: 119.731: [Full GC (Ergonomics) [PSYoungGen: 88064K->0K(175104K)] [ParOldGen: 523888K->515063K(524288K)] 611952K->515063K(699392K), [Metaspace: 44034K->44011K(1087488K)], 0.0995152 secs] [Times: user=0.93 sys=0.02, real=0.10 secs] 
2016-09-25T22:27:41.101-0400: 125.065: [Full GC (Ergonomics) [PSYoungGen: 88064K->0K(175104K)] [ParOldGen: 515063K->521141K(524288K)] 603127K->521141K(699392K), [Metaspace: 44020K->44020K(1087488K)], 0.1244579 secs] [Times: user=1.35 sys=0.00, real=0.13 secs] 
2016-09-25T22:27:46.227-0400: 130.191: [Full GC (Ergonomics) [PSYoungGen: 88064K->0K(175104K)] [ParOldGen: 521141K->514961K(524288K)] 609205K->514961K(699392K), [Metaspace: 44027K->44027K(1087488K)], 0.0821923 secs] [Times: user=0.67 sys=0.02, real=0.08 secs] 
2016-09-25T22:27:51.383-0400: 135.347: [Full GC (Ergonomics) [PSYoungGen: 88007K->0K(175104K)] [ParOldGen: 514961K->513177K(524288K)] 602969K->513177K(699392K), [Metaspace: 44036K->44036K(1087488K)], 0.0881527 secs] [Times: user=0.62 sys=0.08, real=0.08 secs] 
2016-09-25T22:27:56.428-0400: 140.392: [Full GC (Ergonomics) [PSYoungGen: 88064K->0K(175104K)] [ParOldGen: 513177K->477387K(524288K)] 601241K->477387K(699392K), [Metaspace: 44046K->44046K(1087488K)], 0.1165389 secs] [Times: user=1.13 sys=0.02, real=0.12 secs] 
2016-09-25T22:28:01.480-0400: 145.444: [GC (Allocation Failure) [PSYoungGen: 88064K->21444K(175104K)] 565451K->498840K(699392K), 0.0094294 secs] [Times: user=0.04 sys=0.01, real=0.01 secs] 
