Java HotSpot(TM) 64-Bit Server VM (25.101-b13) for linux-amd64 JRE (1.8.0_101-b13), built on Jun 22 2016 02:59:44 by "java_re" with gcc 4.3.0 20080428 (Red Hat 4.3.0-8)
Memory: 4k page, physical 264122320k(251196720k free), swap 268399612k(268399612k free)
CommandLine flags: -XX:GCLogFileSize=1048576 -XX:+HeapDumpOnOutOfMemoryError -XX:HeapDumpPath=artifacts/heapdump -XX:InitialHeapSize=805306368 -XX:MaxHeapSize=805306368 -XX:NumberOfGCLogFiles=10 -XX:+PrintGC -XX:+PrintGCDateStamps -XX:+PrintGCDetails -XX:+PrintGCTimeStamps -XX:+UseCompressedClassPointers -XX:+UseCompressedOops -XX:+UseGCLogFileRotation -XX:+UseParallelGC 
2016-09-24T02:03:22.191-0400: 2.181: [GC (Metadata GC Threshold) [PSYoungGen: 117965K->15637K(229376K)] 117965K->15717K(753664K), 0.0255030 secs] [Times: user=0.24 sys=0.01, real=0.03 secs] 
2016-09-24T02:03:22.217-0400: 2.206: [Full GC (Metadata GC Threshold) [PSYoungGen: 15637K->0K(229376K)] [ParOldGen: 80K->14599K(337408K)] 15717K->14599K(566784K), [Metaspace: 21065K->21065K(1067008K)], 0.0441293 secs] [Times: user=0.33 sys=0.08, real=0.04 secs] 
2016-09-24T02:03:27.498-0400: 7.488: [GC (Metadata GC Threshold) [PSYoungGen: 121121K->14941K(229376K)] 135720K->29677K(566784K), 0.0168988 secs] [Times: user=0.14 sys=0.01, real=0.02 secs] 
2016-09-24T02:03:27.515-0400: 7.505: [Full GC (Metadata GC Threshold) [PSYoungGen: 14941K->0K(229376K)] [ParOldGen: 14735K->20428K(524288K)] 29677K->20428K(753664K), [Metaspace: 35040K->35040K(1079296K)], 0.0581040 secs] [Times: user=0.47 sys=0.02, real=0.05 secs] 
2016-09-24T02:03:29.113-0400: 9.102: [GC (Allocation Failure) [PSYoungGen: 195849K->32747K(229376K)] 216278K->58332K(753664K), 0.0091429 secs] [Times: user=0.14 sys=0.00, real=0.01 secs] 
2016-09-24T02:03:29.377-0400: 9.367: [GC (GCLocker Initiated GC) [PSYoungGen: 227000K->31937K(229376K)] 255284K->60229K(753664K), 0.0255293 secs] [Times: user=0.34 sys=0.01, real=0.03 secs] 
2016-09-24T02:03:29.578-0400: 9.568: [GC (GCLocker Initiated GC) [PSYoungGen: 228545K->32319K(229376K)] 259607K->66090K(753664K), 0.0187810 secs] [Times: user=0.20 sys=0.00, real=0.02 secs] 
2016-09-24T02:03:29.754-0400: 9.744: [GC (Allocation Failure) [PSYoungGen: 228927K->32494K(206848K)] 262861K->71835K(731136K), 0.0066847 secs] [Times: user=0.05 sys=0.01, real=0.00 secs] 
2016-09-24T02:03:29.895-0400: 9.885: [GC (GCLocker Initiated GC) [PSYoungGen: 205398K->43578K(218112K)] 247439K->91027K(742400K), 0.0067933 secs] [Times: user=0.06 sys=0.01, real=0.00 secs] 
2016-09-24T02:03:30.051-0400: 10.040: [GC (GCLocker Initiated GC) [PSYoungGen: 217658K->19075K(206848K)] 284156K->88874K(731136K), 0.0252842 secs] [Times: user=0.32 sys=0.00, real=0.03 secs] 
2016-09-24T02:03:30.222-0400: 10.212: [GC (GCLocker Initiated GC) [PSYoungGen: 181891K->9390K(172544K)] 263914K->116263K(696832K), 0.0239258 secs] [Times: user=0.31 sys=0.00, real=0.02 secs] 
2016-09-24T02:03:30.373-0400: 10.362: [GC (GCLocker Initiated GC) [PSYoungGen: 172206K->41742K(204288K)] 281991K->152069K(728576K), 0.0126218 secs] [Times: user=0.14 sys=0.00, real=0.02 secs] 
2016-09-24T02:03:30.500-0400: 10.490: [GC (GCLocker Initiated GC) [PSYoungGen: 195338K->19730K(207872K)] 305907K->147383K(732160K), 0.0306297 secs] [Times: user=0.33 sys=0.02, real=0.03 secs] 
2016-09-24T02:03:30.667-0400: 10.657: [GC (GCLocker Initiated GC) [PSYoungGen: 173330K->23871K(202240K)] 309265K->160332K(726528K), 0.0059309 secs] [Times: user=0.05 sys=0.00, real=0.00 secs] 
2016-09-24T02:03:30.811-0400: 10.800: [GC (GCLocker Initiated GC) [PSYoungGen: 179007K->26479K(205824K)] 315683K->177232K(730112K), 0.0144010 secs] [Times: user=0.11 sys=0.01, real=0.02 secs] 
2016-09-24T02:03:30.961-0400: 10.950: [GC (GCLocker Initiated GC) [PSYoungGen: 181615K->46999K(203264K)] 335099K->206432K(727552K), 0.0390658 secs] [Times: user=0.51 sys=0.00, real=0.04 secs] 
2016-09-24T02:03:31.139-0400: 11.129: [GC (GCLocker Initiated GC) [PSYoungGen: 201623K->22635K(208384K)] 361112K->193511K(732672K), 0.0048805 secs] [Times: user=0.06 sys=0.00, real=0.01 secs] 
2016-09-24T02:03:31.267-0400: 11.256: [GC (GCLocker Initiated GC) [PSYoungGen: 177259K->41632K(203776K)] 348224K->232084K(728064K), 0.0057023 secs] [Times: user=0.07 sys=0.00, real=0.00 secs] 
2016-09-24T02:03:31.417-0400: 11.406: [GC (GCLocker Initiated GC) [PSYoungGen: 193184K->29577K(206848K)] 386566K->247839K(731136K), 0.0066237 secs] [Times: user=0.04 sys=0.04, real=0.01 secs] 
2016-09-24T02:03:31.537-0400: 11.526: [GC (GCLocker Initiated GC) [PSYoungGen: 181129K->42839K(204288K)] 399632K->261953K(728576K), 0.0104314 secs] [Times: user=0.10 sys=0.00, real=0.01 secs] 
2016-09-24T02:03:31.671-0400: 11.660: [GC (GCLocker Initiated GC) [PSYoungGen: 194391K->42679K(194560K)] 413560K->262382K(718848K), 0.0104994 secs] [Times: user=0.08 sys=0.00, real=0.01 secs] 
2016-09-24T02:03:31.804-0400: 11.794: [GC (GCLocker Initiated GC) [PSYoungGen: 194231K->23889K(205824K)] 413943K->254972K(730112K), 0.0103239 secs] [Times: user=0.11 sys=0.00, real=0.01 secs] 
2016-09-24T02:03:31.929-0400: 11.918: [GC (GCLocker Initiated GC) [PSYoungGen: 172369K->42967K(191488K)] 408985K->290995K(715776K), 0.0054534 secs] [Times: user=0.04 sys=0.02, real=0.01 secs] 
2016-09-24T02:03:32.053-0400: 12.043: [GC (GCLocker Initiated GC) [PSYoungGen: 191447K->23825K(205312K)] 442261K->288672K(729600K), 0.0103380 secs] [Times: user=0.10 sys=0.01, real=0.02 secs] 
2016-09-24T02:03:32.180-0400: 12.170: [GC (GCLocker Initiated GC) [PSYoungGen: 171281K->38789K(204288K)] 436234K->304305K(728576K), 0.0071159 secs] [Times: user=0.08 sys=0.00, real=0.01 secs] 
2016-09-24T02:03:32.305-0400: 12.294: [GC (GCLocker Initiated GC) [PSYoungGen: 186245K->26699K(204288K)] 461994K->302949K(728576K), 0.0068259 secs] [Times: user=0.08 sys=0.00, real=0.00 secs] 
2016-09-24T02:03:32.428-0400: 12.418: [GC (GCLocker Initiated GC) [PSYoungGen: 175179K->41539K(204288K)] 454162K->326539K(728576K), 0.0228913 secs] [Times: user=0.25 sys=0.04, real=0.02 secs] 
2016-09-24T02:03:32.574-0400: 12.564: [GC (GCLocker Initiated GC) [PSYoungGen: 190019K->24062K(205312K)] 483286K->317848K(729600K), 0.0049950 secs] [Times: user=0.05 sys=0.00, real=0.00 secs] 
2016-09-24T02:03:32.696-0400: 12.685: [GC (GCLocker Initiated GC) [PSYoungGen: 173566K->44220K(194048K)] 471496K->342742K(718336K), 0.0051600 secs] [Times: user=0.05 sys=0.00, real=0.00 secs] 
2016-09-24T02:03:32.815-0400: 12.805: [GC (GCLocker Initiated GC) [PSYoungGen: 193724K->26638K(205312K)] 495183K->342162K(729600K), 0.0069437 secs] [Times: user=0.05 sys=0.01, real=0.01 secs] 
2016-09-24T02:03:32.943-0400: 12.933: [GC (GCLocker Initiated GC) [PSYoungGen: 173582K->33466K(180736K)] 497433K->357881K(705024K), 0.0045197 secs] [Times: user=0.04 sys=0.00, real=0.00 secs] 
2016-09-24T02:03:33.069-0400: 13.058: [GC (GCLocker Initiated GC) [PSYoungGen: 180410K->36038K(202752K)] 510295K->366462K(727040K), 0.0050979 secs] [Times: user=0.04 sys=0.00, real=0.00 secs] 
2016-09-24T02:03:33.183-0400: 13.172: [GC (GCLocker Initiated GC) [PSYoungGen: 184006K->33389K(201728K)] 517177K->388706K(726016K), 0.0079702 secs] [Times: user=0.07 sys=0.01, real=0.00 secs] 
2016-09-24T02:03:33.316-0400: 13.305: [GC (GCLocker Initiated GC) [PSYoungGen: 181357K->28162K(206336K)] 543488K->409766K(730624K), 0.0060357 secs] [Times: user=0.04 sys=0.02, real=0.00 secs] 
2016-09-24T02:03:33.453-0400: 13.442: [GC (GCLocker Initiated GC) [PSYoungGen: 182786K->32193K(205312K)] 577945K->427963K(729600K), 0.0046344 secs] [Times: user=0.05 sys=0.00, real=0.01 secs] 
2016-09-24T02:03:33.586-0400: 13.576: [GC (GCLocker Initiated GC) [PSYoungGen: 186817K->36198K(209408K)] 585346K->456966K(733696K), 0.0102949 secs] [Times: user=0.14 sys=0.00, real=0.01 secs] 
2016-09-24T02:03:33.741-0400: 13.730: [GC (GCLocker Initiated GC) [PSYoungGen: 196454K->11912K(208896K)] 626675K->442710K(733184K), 0.0042099 secs] [Times: user=0.04 sys=0.00, real=0.01 secs] 
2016-09-24T02:03:33.868-0400: 13.857: [GC (GCLocker Initiated GC) [PSYoungGen: 172168K->48238K(202240K)] 602991K->487778K(726528K), 0.0134935 secs] [Times: user=0.11 sys=0.05, real=0.01 secs] 
2016-09-24T02:03:34.009-0400: 13.999: [GC (GCLocker Initiated GC) [PSYoungGen: 199790K->18571K(206848K)] 647596K->483133K(731136K), 0.0145248 secs] [Times: user=0.15 sys=0.03, real=0.02 secs] 
2016-09-24T02:03:34.151-0400: 14.140: [GC (GCLocker Initiated GC) [PSYoungGen: 170123K->36230K(205824K)] 642807K->523016K(730112K), 0.0056607 secs] [Times: user=0.06 sys=0.00, real=0.01 secs] 
2016-09-24T02:03:34.290-0400: 14.280: [Full GC (Ergonomics) [PSYoungGen: 187782K->0K(205824K)] [ParOldGen: 494891K->47708K(524288K)] 682674K->47708K(730112K), [Metaspace: 43015K->43015K(1085440K)], 0.1961081 secs] [Times: user=2.75 sys=0.20, real=0.20 secs] 
2016-09-24T02:03:34.616-0400: 14.606: [GC (GCLocker Initiated GC) [PSYoungGen: 151552K->22968K(206336K)] 209459K->80883K(730624K), 0.0047463 secs] [Times: user=0.03 sys=0.02, real=0.00 secs] 
2016-09-24T02:03:34.752-0400: 14.741: [GC (GCLocker Initiated GC) [PSYoungGen: 174520K->14566K(207360K)] 250066K->90937K(731648K), 0.0030926 secs] [Times: user=0.02 sys=0.01, real=0.01 secs] 
2016-09-24T02:03:34.895-0400: 14.884: [GC (GCLocker Initiated GC) [PSYoungGen: 167654K->22538K(176128K)] 250926K->106397K(700416K), 0.0364100 secs] [Times: user=0.39 sys=0.02, real=0.03 secs] 
2016-09-24T02:03:35.059-0400: 15.049: [GC (GCLocker Initiated GC) [PSYoungGen: 175626K->16009K(207360K)] 270359K->111328K(731648K), 0.0043391 secs] [Times: user=0.04 sys=0.00, real=0.01 secs] 
2016-09-24T02:03:35.179-0400: 15.168: [GC (GCLocker Initiated GC) [PSYoungGen: 170121K->34784K(206848K)] 268377K->133625K(731136K), 0.0220918 secs] [Times: user=0.26 sys=0.02, real=0.02 secs] 
2016-09-24T02:03:35.335-0400: 15.324: [GC (GCLocker Initiated GC) [PSYoungGen: 188896K->32006K(207872K)] 290521K->134195K(732160K), 0.0047327 secs] [Times: user=0.05 sys=0.00, real=0.00 secs] 
2016-09-24T02:03:35.462-0400: 15.452: [GC (GCLocker Initiated GC) [PSYoungGen: 188166K->28969K(208384K)] 300007K->141310K(732672K), 0.0273255 secs] [Times: user=0.30 sys=0.03, real=0.03 secs] 
2016-09-24T02:03:35.623-0400: 15.613: [GC (Allocation Failure) [PSYoungGen: 185129K->19690K(208896K)] 307567K->142472K(733184K), 0.0101796 secs] [Times: user=0.07 sys=0.01, real=0.00 secs] 
2016-09-24T02:03:35.748-0400: 15.737: [GC (GCLocker Initiated GC) [PSYoungGen: 176265K->43938K(208384K)] 301747K->180544K(732672K), 0.0112005 secs] [Times: user=0.12 sys=0.02, real=0.01 secs] 
2016-09-24T02:03:35.889-0400: 15.878: [GC (GCLocker Initiated GC) [PSYoungGen: 203170K->50694K(197632K)] 342508K->190331K(721920K), 0.0049611 secs] [Times: user=0.05 sys=0.01, real=0.00 secs] 
2016-09-24T02:03:35.999-0400: 15.988: [GC (Allocation Failure) [PSYoungGen: 195078K->31695K(203264K)] 338813K->197324K(727552K), 0.0239566 secs] [Times: user=0.28 sys=0.02, real=0.03 secs] 
2016-09-24T02:03:36.129-0400: 16.118: [GC (GCLocker Initiated GC) [PSYoungGen: 173646K->23662K(198656K)] 344675K->216576K(722944K), 0.0050384 secs] [Times: user=0.04 sys=0.00, real=0.00 secs] 
2016-09-24T02:03:36.255-0400: 16.244: [GC (GCLocker Initiated GC) [PSYoungGen: 170606K->38460K(202240K)] 371649K->239789K(726528K), 0.0089438 secs] [Times: user=0.10 sys=0.00, real=0.01 secs] 
2016-09-24T02:03:36.375-0400: 16.365: [GC (Allocation Failure) [PSYoungGen: 185404K->43924K(201728K)] 386962K->270067K(726016K), 0.0050832 secs] [Times: user=0.07 sys=0.00, real=0.00 secs] 
2016-09-24T02:03:36.540-0400: 16.530: [GC (GCLocker Initiated GC) [PSYoungGen: 189763K->38541K(204288K)] 417257K->266295K(728576K), 0.0118365 secs] [Times: user=0.15 sys=0.01, real=0.01 secs] 
2016-09-24T02:03:36.687-0400: 16.677: [GC (GCLocker Initiated GC) [PSYoungGen: 184973K->18149K(203776K)] 423753K->257198K(728064K), 0.0153750 secs] [Times: user=0.17 sys=0.02, real=0.02 secs] 
2016-09-24T02:03:36.844-0400: 16.834: [GC (GCLocker Initiated GC) [PSYoungGen: 164581K->33159K(179712K)] 410409K->279265K(704000K), 0.0055893 secs] [Times: user=0.05 sys=0.01, real=0.00 secs] 
2016-09-24T02:03:36.963-0400: 16.952: [GC (GCLocker Initiated GC) [PSYoungGen: 179591K->45292K(200192K)] 425751K->299853K(724480K), 0.0112461 secs] [Times: user=0.16 sys=0.01, real=0.00 secs] 
2016-09-24T02:03:37.093-0400: 17.083: [GC (GCLocker Initiated GC) [PSYoungGen: 189676K->30344K(202752K)] 449681K->290604K(727040K), 0.0060112 secs] [Times: user=0.04 sys=0.00, real=0.01 secs] 
2016-09-24T02:03:37.236-0400: 17.226: [GC (GCLocker Initiated GC) [PSYoungGen: 174728K->41456K(203264K)] 437825K->323805K(727552K), 0.0058033 secs] [Times: user=0.05 sys=0.01, real=0.01 secs] 
2016-09-24T02:03:37.380-0400: 17.369: [GC (GCLocker Initiated GC) [PSYoungGen: 188400K->38595K(204288K)] 470782K->324094K(728576K), 0.0313778 secs] [Times: user=0.36 sys=0.04, real=0.03 secs] 
2016-09-24T02:03:37.527-0400: 17.517: [GC (GCLocker Initiated GC) [PSYoungGen: 185539K->34783K(201728K)] 471071K->328923K(726016K), 0.0570217 secs] [Times: user=0.62 sys=0.04, real=0.06 secs] 
2016-09-24T02:03:37.722-0400: 17.712: [GC (GCLocker Initiated GC) [PSYoungGen: 183263K->37375K(203264K)] 480142K->342939K(727552K), 0.0181737 secs] [Times: user=0.22 sys=0.03, real=0.01 secs] 
2016-09-24T02:03:37.874-0400: 17.864: [GC (GCLocker Initiated GC) [PSYoungGen: 185855K->41474K(207360K)] 491534K->347806K(731648K), 0.0082114 secs] [Times: user=0.07 sys=0.01, real=0.01 secs] 
2016-09-24T02:03:38.041-0400: 18.031: [GC (Allocation Failure) [PSYoungGen: 195074K->25337K(207872K)] 505870K->344823K(732160K), 0.0107445 secs] [Times: user=0.10 sys=0.01, real=0.01 secs] 
2016-09-24T02:03:38.208-0400: 18.198: [GC (GCLocker Initiated GC) [PSYoungGen: 178937K->33532K(203776K)] 499773K->355014K(728064K), 0.0082987 secs] [Times: user=0.09 sys=0.01, real=0.01 secs] 
2016-09-24T02:03:38.393-0400: 18.383: [GC (GCLocker Initiated GC) [PSYoungGen: 187132K->40267K(205824K)] 514022K->367881K(730112K), 0.0090957 secs] [Times: user=0.11 sys=0.01, real=0.02 secs] 
2016-09-24T02:03:38.575-0400: 18.564: [GC (GCLocker Initiated GC) [PSYoungGen: 193867K->29286K(208384K)] 527034K->363042K(732672K), 0.0383383 secs] [Times: user=0.40 sys=0.01, real=0.03 secs] 
2016-09-24T02:03:38.760-0400: 18.750: [GC (GCLocker Initiated GC) [PSYoungGen: 186470K->26637K(208896K)] 522955K->363794K(733184K), 0.0125995 secs] [Times: user=0.16 sys=0.00, real=0.01 secs] 
2016-09-24T02:03:38.914-0400: 18.903: [GC (GCLocker Initiated GC) [PSYoungGen: 183821K->17333K(208384K)] 523906K->368933K(732672K), 0.0056163 secs] [Times: user=0.05 sys=0.00, real=0.01 secs] 
2016-09-24T02:03:39.053-0400: 19.043: [GC (GCLocker Initiated GC) [PSYoungGen: 174005K->49837K(206848K)] 525686K->402260K(731136K), 0.0063775 secs] [Times: user=0.08 sys=0.00, real=0.01 secs] 
2016-09-24T02:03:39.231-0400: 19.220: [GC (GCLocker Initiated GC) [PSYoungGen: 206509K->30926K(206848K)] 561796K->397690K(731136K), 0.0168292 secs] [Times: user=0.24 sys=0.02, real=0.02 secs] 
2016-09-24T02:03:39.407-0400: 19.396: [GC (GCLocker Initiated GC) [PSYoungGen: 182478K->43134K(195072K)] 549311K->410772K(719360K), 0.0200302 secs] [Times: user=0.28 sys=0.00, real=0.02 secs] 
2016-09-24T02:03:39.623-0400: 19.612: [GC (GCLocker Initiated GC) [PSYoungGen: 194686K->25432K(206336K)] 565131K->396617K(730624K), 0.0093126 secs] [Times: user=0.04 sys=0.01, real=0.00 secs] 
2016-09-24T02:03:39.805-0400: 19.794: [GC (GCLocker Initiated GC) [PSYoungGen: 174936K->14591K(205312K)] 555593K->398792K(729600K), 0.0078677 secs] [Times: user=0.05 sys=0.01, real=0.00 secs] 
2016-09-24T02:03:40.032-0400: 20.021: [GC (GCLocker Initiated GC) [PSYoungGen: 164095K->21443K(205824K)] 559323K->417555K(730112K), 0.0147861 secs] [Times: user=0.10 sys=0.02, real=0.02 secs] 
2016-09-24T02:03:40.199-0400: 20.189: [GC (GCLocker Initiated GC) [PSYoungGen: 170435K->26837K(176128K)] 571984K->429282K(700416K), 0.0501725 secs] [Times: user=0.46 sys=0.06, real=0.05 secs] 
2016-09-24T02:03:40.389-0400: 20.378: [GC (GCLocker Initiated GC) [PSYoungGen: 175829K->37625K(202752K)] 581071K->446498K(727040K), 0.0255587 secs] [Times: user=0.30 sys=0.02, real=0.03 secs] 
2016-09-24T02:03:40.569-0400: 20.558: [GC (GCLocker Initiated GC) [PSYoungGen: 186105K->32197K(203264K)] 595101K->452888K(727552K), 0.0099267 secs] [Times: user=0.10 sys=0.01, real=0.01 secs] 
2016-09-24T02:03:40.736-0400: 20.725: [GC (GCLocker Initiated GC) [PSYoungGen: 180677K->16132K(205312K)] 612260K->462122K(729600K), 0.0052398 secs] [Times: user=0.04 sys=0.00, real=0.00 secs] 
2016-09-24T02:03:40.874-0400: 20.864: [GC (GCLocker Initiated GC) [PSYoungGen: 168708K->33541K(205824K)] 617423K->483130K(730112K), 0.0051416 secs] [Times: user=0.05 sys=0.00, real=0.00 secs] 
2016-09-24T02:03:41.022-0400: 21.012: [GC (GCLocker Initiated GC) [PSYoungGen: 186117K->31958K(206336K)] 635739K->482385K(730624K), 0.0049141 secs] [Times: user=0.04 sys=0.02, real=0.01 secs] 
2016-09-24T02:03:41.168-0400: 21.158: [GC (GCLocker Initiated GC) [PSYoungGen: 188630K->45542K(207360K)] 639090K->504666K(731648K), 0.0129082 secs] [Times: user=0.16 sys=0.00, real=0.01 secs] 
2016-09-24T02:03:41.320-0400: 21.310: [GC (GCLocker Initiated GC) [PSYoungGen: 202214K->14433K(205824K)] 664245K->485163K(730112K), 0.0096688 secs] [Times: user=0.10 sys=0.01, real=0.01 secs] 
2016-09-24T02:03:41.459-0400: 21.448: [GC (GCLocker Initiated GC) [PSYoungGen: 165984K->27875K(179712K)] 642345K->504833K(704000K), 0.0292020 secs] [Times: user=0.29 sys=0.03, real=0.03 secs] 
2016-09-24T02:03:41.635-0400: 21.625: [GC (GCLocker Initiated GC) [PSYoungGen: 179427K->33545K(206848K)] 664566K->519271K(731136K), 0.0059260 secs] [Times: user=0.06 sys=0.00, real=0.00 secs] 
2016-09-24T02:03:41.796-0400: 21.785: [GC (GCLocker Initiated GC) [PSYoungGen: 187145K->14503K(205824K)] 675576K->517051K(730112K), 0.0749473 secs] [Times: user=0.84 sys=0.08, real=0.07 secs] 
2016-09-24T02:03:42.006-0400: 21.996: [Full GC (Ergonomics) [PSYoungGen: 168103K->0K(205824K)] [ParOldGen: 508015K->69664K(524288K)] 676118K->69664K(730112K), [Metaspace: 43150K->43150K(1085440K)], 0.0601684 secs] [Times: user=0.38 sys=0.07, real=0.06 secs] 
2016-09-24T02:03:42.199-0400: 22.189: [GC (GCLocker Initiated GC) [PSYoungGen: 153600K->41768K(204288K)] 226081K->114250K(728576K), 0.0041296 secs] [Times: user=0.05 sys=0.01, real=0.01 secs] 
2016-09-24T02:03:42.328-0400: 22.318: [GC (GCLocker Initiated GC) [PSYoungGen: 193320K->29124K(206848K)] 265815K->103685K(731136K), 0.0257267 secs] [Times: user=0.24 sys=0.03, real=0.02 secs] 
2016-09-24T02:03:42.500-0400: 22.489: [GC (GCLocker Initiated GC) [PSYoungGen: 180676K->32199K(203776K)] 257970K->123631K(728064K), 0.0315400 secs] [Times: user=0.22 sys=0.04, real=0.03 secs] 
2016-09-24T02:03:42.668-0400: 22.658: [GC (GCLocker Initiated GC) [PSYoungGen: 186311K->21289K(205312K)] 290178K->136585K(729600K), 0.0041598 secs] [Times: user=0.02 sys=0.00, real=0.00 secs] 
2016-09-24T02:03:42.807-0400: 22.797: [GC (GCLocker Initiated GC) [PSYoungGen: 175401K->30767K(207360K)] 295652K->151657K(731648K), 0.0139284 secs] [Times: user=0.17 sys=0.01, real=0.01 secs] 
2016-09-24T02:03:42.971-0400: 22.961: [GC (GCLocker Initiated GC) [PSYoungGen: 191023K->33359K(209408K)] 317335K->160306K(733696K), 0.0120245 secs] [Times: user=0.09 sys=0.02, real=0.02 secs] 
2016-09-24T02:03:43.124-0400: 23.114: [GC (GCLocker Initiated GC) [PSYoungGen: 193615K->22785K(211456K)] 327343K->176044K(735744K), 0.0131220 secs] [Times: user=0.11 sys=0.01, real=0.01 secs] 
2016-09-24T02:03:43.270-0400: 23.259: [GC (GCLocker Initiated GC) [PSYoungGen: 187137K->42813K(207360K)] 343122K->199448K(731648K), 0.0122420 secs] [Times: user=0.10 sys=0.02, real=0.02 secs] 
2016-09-24T02:03:43.436-0400: 23.426: [GC (GCLocker Initiated GC) [PSYoungGen: 207165K->26709K(212480K)] 366598K->208337K(736768K), 0.0130757 secs] [Times: user=0.17 sys=0.01, real=0.01 secs] 
2016-09-24T02:03:43.609-0400: 23.598: [GC (GCLocker Initiated GC) [PSYoungGen: 187989K->32065K(193536K)] 375025K->219728K(717824K), 0.0101817 secs] [Times: user=0.10 sys=0.01, real=0.01 secs] 
2016-09-24T02:03:43.778-0400: 23.767: [GC (GCLocker Initiated GC) [PSYoungGen: 193345K->42847K(206848K)] 381040K->231158K(731136K), 0.0109222 secs] [Times: user=0.05 sys=0.01, real=0.01 secs] 
2016-09-24T02:03:43.953-0400: 23.943: [GC (GCLocker Initiated GC) [PSYoungGen: 201055K->30690K(209920K)] 392105K->233201K(734208K), 0.0137963 secs] [Times: user=0.14 sys=0.02, real=0.02 secs] 
2016-09-24T02:03:44.150-0400: 24.140: [GC (GCLocker Initiated GC) [PSYoungGen: 188898K->18845K(210432K)] 402300K->232934K(734720K), 0.0268293 secs] [Times: user=0.33 sys=0.02, real=0.03 secs] 
2016-09-24T02:03:44.350-0400: 24.340: [GC (GCLocker Initiated GC) [PSYoungGen: 179613K->31058K(192000K)] 396529K->259491K(716288K), 0.0049140 secs] [Times: user=0.05 sys=0.01, real=0.01 secs] 
2016-09-24T02:03:44.479-0400: 24.468: [GC (GCLocker Initiated GC) [PSYoungGen: 191826K->20502K(210432K)] 428447K->257939K(734720K), 0.0088127 secs] [Times: user=0.10 sys=0.00, real=0.01 secs] 
2016-09-24T02:03:44.633-0400: 24.622: [GC (GCLocker Initiated GC) [PSYoungGen: 182806K->39736K(210432K)] 427022K->285242K(734720K), 0.0068867 secs] [Times: user=0.08 sys=0.00, real=0.01 secs] 
2016-09-24T02:03:44.770-0400: 24.760: [GC (GCLocker Initiated GC) [PSYoungGen: 202040K->40952K(207872K)] 455828K->301461K(732160K), 0.0047127 secs] [Times: user=0.05 sys=0.01, real=0.01 secs] 
2016-09-24T02:03:44.910-0400: 24.900: [GC (GCLocker Initiated GC) [PSYoungGen: 198648K->33873K(209920K)] 459186K->295701K(734208K), 0.0047931 secs] [Times: user=0.03 sys=0.02, real=0.01 secs] 
2016-09-24T02:03:45.045-0400: 25.034: [GC (Allocation Failure) [PSYoungGen: 191569K->28680K(205824K)] 460907K->310035K(730112K), 0.0081698 secs] [Times: user=0.07 sys=0.00, real=0.00 secs] 
2016-09-24T02:03:45.180-0400: 25.169: [GC (GCLocker Initiated GC) [PSYoungGen: 185270K->41970K(208384K)] 469325K->329966K(732672K), 0.0067061 secs] [Times: user=0.07 sys=0.01, real=0.01 secs] 
2016-09-24T02:03:45.325-0400: 25.314: [GC (GCLocker Initiated GC) [PSYoungGen: 200690K->44830K(205312K)] 491391K->336649K(729600K), 0.0052144 secs] [Times: user=0.05 sys=0.00, real=0.00 secs] 
2016-09-24T02:03:45.469-0400: 25.459: [GC (GCLocker Initiated GC) [PSYoungGen: 198430K->34030K(207872K)] 495939K->332729K(732160K), 0.0183379 secs] [Times: user=0.24 sys=0.00, real=0.02 secs] 
2016-09-24T02:03:45.618-0400: 25.608: [GC (GCLocker Initiated GC) [PSYoungGen: 187630K->50118K(201216K)] 486380K->350002K(725504K), 0.0073088 secs] [Times: user=0.08 sys=0.00, real=0.01 secs] 
2016-09-24T02:03:45.755-0400: 25.745: [GC (GCLocker Initiated GC) [PSYoungGen: 198598K->19155K(167936K)] 506622K->328208K(692224K), 0.0040883 secs] [Times: user=0.05 sys=0.00, real=0.00 secs] 
2016-09-24T02:03:45.882-0400: 25.872: [GC (GCLocker Initiated GC) [PSYoungGen: 167635K->48783K(198656K)] 476739K->359124K(722944K), 0.0075256 secs] [Times: user=0.08 sys=0.00, real=0.00 secs] 
2016-09-24T02:03:46.004-0400: 25.993: [GC (GCLocker Initiated GC) [PSYoungGen: 190095K->47379K(188928K)] 500513K->358786K(713216K), 0.0060567 secs] [Times: user=0.05 sys=0.00, real=0.00 secs] 
2016-09-24T02:03:46.125-0400: 26.115: [GC (GCLocker Initiated GC) [PSYoungGen: 188691K->43139K(199680K)] 500213K->355660K(723968K), 0.0057001 secs] [Times: user=0.05 sys=0.00, real=0.00 secs] 
2016-09-24T02:03:46.244-0400: 26.234: [GC (GCLocker Initiated GC) [PSYoungGen: 180355K->40536K(178176K)] 492909K->362207K(702464K), 0.0138826 secs] [Times: user=0.17 sys=0.00, real=0.01 secs] 
2016-09-24T02:03:49.607-0400: 29.596: [GC (GCLocker Initiated GC) [PSYoungGen: 177752K->11094K(196608K)] 513124K->374508K(720896K), 0.0115004 secs] [Times: user=0.14 sys=0.00, real=0.01 secs] 
2016-09-24T02:03:49.747-0400: 29.737: [GC (GCLocker Initiated GC) [PSYoungGen: 146262K->33777K(168960K)] 509736K->398327K(693248K), 0.0176814 secs] [Times: user=0.22 sys=0.00, real=0.02 secs] 
2016-09-24T02:03:49.894-0400: 29.883: [GC (GCLocker Initiated GC) [PSYoungGen: 168945K->28607K(199680K)] 538901K->415844K(723968K), 0.0115916 secs] [Times: user=0.14 sys=0.01, real=0.02 secs] 
2016-09-24T02:03:50.038-0400: 30.028: [GC (GCLocker Initiated GC) [PSYoungGen: 167359K->31188K(198144K)] 561568K->426420K(722432K), 0.0058027 secs] [Times: user=0.04 sys=0.01, real=0.01 secs] 
2016-09-24T02:03:50.176-0400: 30.166: [GC (GCLocker Initiated GC) [PSYoungGen: 169940K->21867K(199680K)] 567957K->420988K(723968K), 0.0063748 secs] [Times: user=0.07 sys=0.00, real=0.01 secs] 
2016-09-24T02:03:50.320-0400: 30.309: [GC (GCLocker Initiated GC) [PSYoungGen: 164203K->18740K(199168K)] 565037K->420640K(723456K), 0.0055011 secs] [Times: user=0.04 sys=0.00, real=0.01 secs] 
2016-09-24T02:03:50.457-0400: 30.446: [GC (GCLocker Initiated GC) [PSYoungGen: 161076K->29380K(201728K)] 563318K->432500K(726016K), 0.0142884 secs] [Times: user=0.15 sys=0.01, real=0.01 secs] 
2016-09-24T02:03:50.611-0400: 30.601: [GC (GCLocker Initiated GC) [PSYoungGen: 177860K->32157K(203264K)] 589084K->444036K(727552K), 0.0075822 secs] [Times: user=0.06 sys=0.01, real=0.01 secs] 
2016-09-24T02:03:50.763-0400: 30.753: [GC (GCLocker Initiated GC) [PSYoungGen: 180637K->30679K(203776K)] 592585K->443318K(728064K), 0.0155700 secs] [Times: user=0.14 sys=0.01, real=0.01 secs] 
2016-09-24T02:03:50.932-0400: 30.921: [GC (GCLocker Initiated GC) [PSYoungGen: 185303K->29565K(205312K)] 600876K->445822K(729600K), 0.0071949 secs] [Times: user=0.05 sys=0.01, real=0.01 secs] 
2016-09-24T02:03:51.108-0400: 31.098: [GC (GCLocker Initiated GC) [PSYoungGen: 184189K->32317K(208384K)] 600452K->449451K(732672K), 0.0154494 secs] [Times: user=0.15 sys=0.00, real=0.02 secs] 
2016-09-24T02:03:51.282-0400: 31.272: [GC (GCLocker Initiated GC) [PSYoungGen: 194621K->35220K(209920K)] 611780K->453350K(734208K), 0.0214342 secs] [Times: user=0.25 sys=0.00, real=0.02 secs] 
2016-09-24T02:03:51.486-0400: 31.476: [GC (Allocation Failure) [PSYoungGen: 197524K->11121K(210432K)] 631931K->468327K(734720K), 0.0160690 secs] [Times: user=0.17 sys=0.00, real=0.02 secs] 
2016-09-24T02:03:51.651-0400: 31.640: [GC (GCLocker Initiated GC) [PSYoungGen: 171976K->31114K(212480K)] 631881K->500426K(736768K), 0.0106500 secs] [Times: user=0.11 sys=0.00, real=0.01 secs] 
2016-09-24T02:03:51.852-0400: 31.842: [GC (GCLocker Initiated GC) [PSYoungGen: 193930K->25810K(209920K)] 665983K->499061K(734208K), 0.0113475 secs] [Times: user=0.10 sys=0.00, real=0.02 secs] 
2016-09-24T02:03:52.026-0400: 32.015: [GC (GCLocker Initiated GC) [PSYoungGen: 190162K->21847K(211456K)] 663461K->515260K(735744K), 0.0191384 secs] [Times: user=0.24 sys=0.00, real=0.02 secs] 
2016-09-24T02:03:52.216-0400: 32.206: [GC (GCLocker Initiated GC) [PSYoungGen: 186199K->36793K(213504K)] 682396K->545076K(737792K), 0.0118914 secs] [Times: user=0.12 sys=0.00, real=0.01 secs] 
2016-09-24T02:03:52.228-0400: 32.218: [Full GC (Ergonomics) [PSYoungGen: 36793K->0K(213504K)] [ParOldGen: 508282K->112537K(524288K)] 545076K->112537K(737792K), [Metaspace: 43475K->43475K(1085440K)], 0.0613590 secs] [Times: user=0.49 sys=0.01, real=0.06 secs] 
2016-09-24T02:03:52.435-0400: 32.424: [GC (GCLocker Initiated GC) [PSYoungGen: 166912K->45138K(212480K)] 282210K->160437K(736768K), 0.0055844 secs] [Times: user=0.06 sys=0.00, real=0.00 secs] 
2016-09-24T02:03:52.599-0400: 32.588: [GC (GCLocker Initiated GC) [PSYoungGen: 212050K->31712K(211456K)] 332758K->153894K(735744K), 0.0049604 secs] [Times: user=0.06 sys=0.00, real=0.01 secs] 
2016-09-24T02:03:52.753-0400: 32.743: [GC (GCLocker Initiated GC) [PSYoungGen: 193504K->39365K(201216K)] 322589K->169835K(725504K), 0.0511479 secs] [Times: user=0.60 sys=0.00, real=0.06 secs] 
2016-09-24T02:03:52.940-0400: 32.929: [GC (GCLocker Initiated GC) [PSYoungGen: 201157K->35268K(211456K)] 334542K->169778K(735744K), 0.0473693 secs] [Times: user=0.56 sys=0.00, real=0.05 secs] 
2016-09-24T02:03:53.116-0400: 33.106: [GC (GCLocker Initiated GC) [PSYoungGen: 195524K->35326K(195584K)] 332767K->173784K(719872K), 0.0119904 secs] [Times: user=0.13 sys=0.01, real=0.01 secs] 
2016-09-24T02:03:53.263-0400: 33.252: [GC (GCLocker Initiated GC) [PSYoungGen: 195582K->46263K(205824K)] 334069K->185854K(730112K), 0.0073592 secs] [Times: user=0.07 sys=0.00, real=0.00 secs] 
2016-09-24T02:03:53.414-0400: 33.404: [GC (GCLocker Initiated GC) [PSYoungGen: 201911K->27363K(208896K)] 346939K->192556K(733184K), 0.0270514 secs] [Times: user=0.29 sys=0.01, real=0.02 secs] 
2016-09-24T02:03:53.585-0400: 33.574: [GC (GCLocker Initiated GC) [PSYoungGen: 183011K->32835K(204288K)] 348206K->199464K(728576K), 0.0102665 secs] [Times: user=0.12 sys=0.00, real=0.01 secs] 
2016-09-24T02:03:53.728-0400: 33.718: [GC (GCLocker Initiated GC) [PSYoungGen: 188995K->27400K(206848K)] 363752K->203454K(731136K), 0.0128334 secs] [Times: user=0.13 sys=0.00, real=0.01 secs] 
2016-09-24T02:03:53.893-0400: 33.883: [GC (GCLocker Initiated GC) [PSYoungGen: 183560K->31710K(206848K)] 366376K->215900K(731136K), 0.0097687 secs] [Times: user=0.10 sys=0.00, real=0.02 secs] 
2016-09-24T02:03:54.057-0400: 34.047: [GC (GCLocker Initiated GC) [PSYoungGen: 192990K->31681K(209408K)] 381234K->221527K(733696K), 0.0065623 secs] [Times: user=0.08 sys=0.00, real=0.01 secs] 
2016-09-24T02:03:54.244-0400: 34.233: [GC (GCLocker Initiated GC) [PSYoungGen: 192961K->29019K(210944K)] 388326K->225869K(735232K), 0.0133325 secs] [Times: user=0.16 sys=0.00, real=0.01 secs] 
2016-09-24T02:03:54.430-0400: 34.420: [GC (GCLocker Initiated GC) [PSYoungGen: 195931K->20836K(212992K)] 399757K->242345K(737280K), 0.0081288 secs] [Times: user=0.08 sys=0.01, real=0.01 secs] 
2016-09-24T02:03:54.596-0400: 34.586: [GC (GCLocker Initiated GC) [PSYoungGen: 187748K->29278K(214528K)] 417513K->260715K(738816K), 0.0117620 secs] [Times: user=0.14 sys=0.00, real=0.01 secs] 
2016-09-24T02:03:54.782-0400: 34.771: [GC (GCLocker Initiated GC) [PSYoungGen: 198750K->26491K(215040K)] 432985K->273348K(739328K), 0.0232010 secs] [Times: user=0.26 sys=0.00, real=0.03 secs] 
2016-09-24T02:03:54.975-0400: 34.965: [GC (GCLocker Initiated GC) [PSYoungGen: 195963K->22836K(216064K)] 457771K->286515K(740352K), 0.0105888 secs] [Times: user=0.09 sys=0.00, real=0.01 secs] 
2016-09-24T02:03:55.160-0400: 35.150: [GC (GCLocker Initiated GC) [PSYoungGen: 194356K->33210K(216064K)] 463441K->304313K(740352K), 0.0057090 secs] [Times: user=0.05 sys=0.00, real=0.01 secs] 
2016-09-24T02:03:55.336-0400: 35.326: [GC (GCLocker Initiated GC) [PSYoungGen: 204730K->24938K(216576K)] 484052K->306052K(740864K), 0.0180457 secs] [Times: user=0.20 sys=0.00, real=0.02 secs] 
2016-09-24T02:03:55.530-0400: 35.520: [GC (GCLocker Initiated GC) [PSYoungGen: 197994K->36946K(217088K)] 485887K->326507K(741376K), 0.0203797 secs] [Times: user=0.19 sys=0.01, real=0.02 secs] 
2016-09-24T02:03:55.720-0400: 35.709: [GC (GCLocker Initiated GC) [PSYoungGen: 210002K->14233K(214016K)] 511342K->336119K(738304K), 0.0088964 secs] [Times: user=0.08 sys=0.01, real=0.01 secs] 
2016-09-24T02:03:55.894-0400: 35.884: [GC (Allocation Failure) [PSYoungGen: 183193K->18019K(215552K)] 505213K->341682K(739840K), 0.0158958 secs] [Times: user=0.12 sys=0.00, real=0.01 secs] 
2016-09-24T02:03:56.071-0400: 36.060: [GC (GCLocker Initiated GC) [PSYoungGen: 185128K->35773K(213504K)] 511492K->363619K(737792K), 0.0221302 secs] [Times: user=0.21 sys=0.01, real=0.02 secs] 
2016-09-24T02:03:56.258-0400: 36.248: [GC (GCLocker Initiated GC) [PSYoungGen: 202685K->22122K(214528K)] 530580K->351536K(738816K), 0.0128206 secs] [Times: user=0.12 sys=0.00, real=0.01 secs] 
2016-09-24T02:03:56.435-0400: 36.424: [GC (GCLocker Initiated GC) [PSYoungGen: 189034K->24920K(212480K)] 525336K->362830K(736768K), 0.0207393 secs] [Times: user=0.21 sys=0.01, real=0.02 secs] 
2016-09-24T02:03:56.615-0400: 36.605: [GC (GCLocker Initiated GC) [PSYoungGen: 192856K->30419K(213504K)] 538890K->378111K(737792K), 0.0209504 secs] [Times: user=0.20 sys=0.01, real=0.02 secs] 
2016-09-24T02:03:56.809-0400: 36.798: [GC (GCLocker Initiated GC) [PSYoungGen: 198355K->35859K(214528K)] 548750K->388019K(738816K), 0.0148394 secs] [Times: user=0.16 sys=0.01, real=0.02 secs] 
2016-09-24T02:03:57.011-0400: 37.001: [GC (GCLocker Initiated GC) [PSYoungGen: 205843K->31798K(216064K)] 566124K->393812K(740352K), 0.0333409 secs] [Times: user=0.33 sys=0.01, real=0.04 secs] 
2016-09-24T02:03:57.213-0400: 37.202: [GC (GCLocker Initiated GC) [PSYoungGen: 201782K->30161K(213504K)] 565311K->406053K(737792K), 0.0066308 secs] [Times: user=0.06 sys=0.01, real=0.01 secs] 
2016-09-24T02:03:57.379-0400: 37.369: [GC (GCLocker Initiated GC) [PSYoungGen: 200657K->31540K(215040K)] 579266K->411560K(739328K), 0.0120317 secs] [Times: user=0.13 sys=0.02, real=0.01 secs] 
2016-09-24T02:03:57.557-0400: 37.546: [GC (GCLocker Initiated GC) [PSYoungGen: 202036K->10203K(215040K)] 588325K->397948K(739328K), 0.0153223 secs] [Times: user=0.15 sys=0.00, real=0.01 secs] 
2016-09-24T02:03:57.750-0400: 37.740: [GC (GCLocker Initiated GC) [PSYoungGen: 181211K->27724K(216576K)] 575724K->423789K(740864K), 0.0256744 secs] [Times: user=0.26 sys=0.01, real=0.03 secs] 
2016-09-24T02:03:57.951-0400: 37.941: [GC (GCLocker Initiated GC) [PSYoungGen: 198732K->22468K(214528K)] 594800K->420330K(738816K), 0.0113374 secs] [Times: user=0.11 sys=0.01, real=0.02 secs] 
2016-09-24T02:03:58.123-0400: 38.113: [GC (GCLocker Initiated GC) [PSYoungGen: 195012K->30413K(215552K)] 593015K->430090K(739840K), 0.0154664 secs] [Times: user=0.14 sys=0.01, real=0.01 secs] 
2016-09-24T02:03:58.324-0400: 38.314: [GC (GCLocker Initiated GC) [PSYoungGen: 202957K->14032K(218112K)] 602640K->431610K(742400K), 0.0160193 secs] [Times: user=0.16 sys=0.00, real=0.01 secs] 
2016-09-24T02:03:58.501-0400: 38.490: [GC (GCLocker Initiated GC) [PSYoungGen: 189136K->23543K(198656K)] 614822K->450823K(722944K), 0.0408904 secs] [Times: user=0.43 sys=0.01, real=0.04 secs] 
2016-09-24T02:03:58.719-0400: 38.709: [GC (GCLocker Initiated GC) [PSYoungGen: 198647K->39935K(211968K)] 626019K->474410K(736256K), 0.0074833 secs] [Times: user=0.07 sys=0.01, real=0.01 secs] 
2016-09-24T02:03:58.888-0400: 38.878: [GC (GCLocker Initiated GC) [PSYoungGen: 209919K->12812K(183296K)] 656767K->461307K(707584K), 0.0118856 secs] [Times: user=0.11 sys=0.00, real=0.01 secs] 
2016-09-24T02:03:59.072-0400: 39.062: [GC (GCLocker Initiated GC) [PSYoungGen: 182796K->24866K(217600K)] 642281K->486004K(741888K), 0.0073778 secs] [Times: user=0.07 sys=0.00, real=0.01 secs] 
2016-09-24T02:03:59.255-0400: 39.244: [GC (GCLocker Initiated GC) [PSYoungGen: 195874K->23455K(194560K)] 662535K->491696K(718848K), 0.0136387 secs] [Times: user=0.13 sys=0.00, real=0.01 secs] 
2016-09-24T02:03:59.443-0400: 39.433: [GC (GCLocker Initiated GC) [PSYoungGen: 194463K->25164K(215552K)] 666885K->518190K(739840K), 0.0140912 secs] [Times: user=0.14 sys=0.00, real=0.01 secs] 
2016-09-24T02:03:59.629-0400: 39.619: [GC (GCLocker Initiated GC) [PSYoungGen: 197708K->23490K(214016K)] 690768K->518156K(738304K), 0.0312670 secs] [Times: user=0.29 sys=0.00, real=0.03 secs] 
2016-09-24T02:03:59.838-0400: 39.827: [GC (GCLocker Initiated GC) [PSYoungGen: 196034K->31754K(216576K)] 696335K->533706K(740864K), 0.0146636 secs] [Times: user=0.15 sys=0.00, real=0.01 secs] 
2016-09-24T02:04:00.015-0400: 40.004: [GC (GCLocker Initiated GC) [PSYoungGen: 208394K->30299K(217600K)] 710374K->533933K(741888K), 0.0163671 secs] [Times: user=0.16 sys=0.00, real=0.01 secs] 
2016-09-24T02:04:00.224-0400: 40.213: [Full GC (Ergonomics) [PSYoungGen: 206939K->0K(217600K)] [ParOldGen: 521350K->147053K(524288K)] 728290K->147053K(741888K), [Metaspace: 43543K->43543K(1085440K)], 0.0835351 secs] [Times: user=0.56 sys=0.03, real=0.08 secs] 
2016-09-24T02:04:00.494-0400: 40.484: [GC (GCLocker Initiated GC) [PSYoungGen: 176640K->27967K(220160K)] 327836K->179163K(744448K), 0.0168631 secs] [Times: user=0.15 sys=0.01, real=0.02 secs] 
2016-09-24T02:04:00.692-0400: 40.682: [GC (GCLocker Initiated GC) [PSYoungGen: 208191K->30182K(220672K)] 364871K->188779K(744960K), 0.0353896 secs] [Times: user=0.37 sys=0.00, real=0.04 secs] 
2016-09-24T02:04:00.901-0400: 40.891: [GC (GCLocker Initiated GC) [PSYoungGen: 210406K->35929K(217600K)] 369072K->196115K(741888K), 0.0203847 secs] [Times: user=0.21 sys=0.00, real=0.02 secs] 
2016-09-24T02:04:01.102-0400: 41.091: [GC (GCLocker Initiated GC) [PSYoungGen: 213081K->31840K(219648K)] 376000K->196618K(743936K), 0.0177377 secs] [Times: user=0.19 sys=0.01, real=0.02 secs] 
2016-09-24T02:04:01.292-0400: 41.282: [GC (GCLocker Initiated GC) [PSYoungGen: 208992K->21065K(219648K)] 383310K->216056K(743936K), 0.0128358 secs] [Times: user=0.12 sys=0.00, real=0.02 secs] 
2016-09-24T02:04:01.477-0400: 41.467: [GC (GCLocker Initiated GC) [PSYoungGen: 198217K->18404K(219648K)] 401411K->223332K(743936K), 0.0182240 secs] [Times: user=0.19 sys=0.00, real=0.02 secs] 
2016-09-24T02:04:01.667-0400: 41.657: [GC (GCLocker Initiated GC) [PSYoungGen: 195556K->34591K(216576K)] 408589K->249524K(740864K), 0.0136466 secs] [Times: user=0.13 sys=0.00, real=0.01 secs] 
2016-09-24T02:04:01.858-0400: 41.848: [GC (GCLocker Initiated GC) [PSYoungGen: 208671K->25018K(218112K)] 431741K->249910K(742400K), 0.0171052 secs] [Times: user=0.17 sys=0.00, real=0.02 secs] 
2016-09-24T02:04:02.083-0400: 42.072: [GC (GCLocker Initiated GC) [PSYoungGen: 199098K->23663K(216064K)] 428045K->254350K(740352K), 0.0073669 secs] [Times: user=0.06 sys=0.00, real=0.00 secs] 
2016-09-24T02:04:02.261-0400: 42.251: [GC (GCLocker Initiated GC) [PSYoungGen: 199279K->34360K(217088K)] 432674K->269578K(741376K), 0.0234131 secs] [Times: user=0.26 sys=0.00, real=0.03 secs] 
2016-09-24T02:04:02.468-0400: 42.458: [GC (GCLocker Initiated GC) [PSYoungGen: 209976K->23545K(219648K)] 452417K->267602K(743936K), 0.0280101 secs] [Times: user=0.31 sys=0.01, real=0.03 secs] 
2016-09-24T02:04:02.668-0400: 42.657: [GC (GCLocker Initiated GC) [PSYoungGen: 200697K->21891K(219136K)] 447614K->270258K(743424K), 0.0076973 secs] [Times: user=0.07 sys=0.00, real=0.01 secs] 
2016-09-24T02:04:02.847-0400: 42.837: [GC (GCLocker Initiated GC) [PSYoungGen: 199043K->32900K(218112K)] 450187K->285444K(742400K), 0.0179090 secs] [Times: user=0.19 sys=0.01, real=0.02 secs] 
2016-09-24T02:04:03.035-0400: 43.025: [GC (GCLocker Initiated GC) [PSYoungGen: 209540K->28833K(219136K)] 462156K->296503K(743424K), 0.0171294 secs] [Times: user=0.18 sys=0.00, real=0.01 secs] 
2016-09-24T02:04:03.218-0400: 43.208: [GC (GCLocker Initiated GC) [PSYoungGen: 205473K->35349K(217600K)] 478650K->309942K(741888K), 0.0208328 secs] [Times: user=0.20 sys=0.01, real=0.02 secs] 
2016-09-24T02:04:03.430-0400: 43.420: [GC (GCLocker Initiated GC) [PSYoungGen: 211477K->21747K(219136K)] 491457K->302979K(743424K), 0.0512857 secs] [Times: user=0.59 sys=0.04, real=0.05 secs] 
2016-09-24T02:04:03.635-0400: 43.625: [GC (GCLocker Initiated GC) [PSYoungGen: 197875K->42032K(211456K)] 479110K->324503K(735744K), 0.0076941 secs] [Times: user=0.09 sys=0.00, real=0.01 secs] 
2016-09-24T02:04:03.783-0400: 43.773: [GC (GCLocker Initiated GC) [PSYoungGen: 210992K->34985K(204288K)] 493556K->318634K(728576K), 0.0130551 secs] [Times: user=0.14 sys=0.00, real=0.01 secs] 
2016-09-24T02:04:03.933-0400: 43.923: [GC (GCLocker Initiated GC) [PSYoungGen: 203945K->37771K(212992K)] 490298K->327729K(737280K), 0.0144382 secs] [Times: user=0.14 sys=0.02, real=0.02 secs] 
2016-09-24T02:04:04.095-0400: 44.085: [GC (GCLocker Initiated GC) [PSYoungGen: 203659K->37758K(203776K)] 493694K->328730K(728064K), 0.0215252 secs] [Times: user=0.22 sys=0.00, real=0.02 secs] 
2016-09-24T02:04:04.265-0400: 44.255: [GC (GCLocker Initiated GC) [PSYoungGen: 203646K->27273K(214016K)] 494621K->319265K(738304K), 0.0077697 secs] [Times: user=0.07 sys=0.00, real=0.00 secs] 
2016-09-24T02:04:04.415-0400: 44.405: [GC (GCLocker Initiated GC) [PSYoungGen: 192137K->32395K(197632K)] 489632K->331066K(721920K), 0.0205541 secs] [Times: user=0.21 sys=0.00, real=0.02 secs] 
2016-09-24T02:04:04.573-0400: 44.562: [GC (GCLocker Initiated GC) [PSYoungGen: 197259K->27235K(212992K)] 496018K->343342K(737280K), 0.0055126 secs] [Times: user=0.05 sys=0.00, real=0.01 secs] 
2016-09-24T02:04:04.716-0400: 44.706: [GC (GCLocker Initiated GC) [PSYoungGen: 193123K->20437K(211968K)] 517497K->345937K(736256K), 0.0218162 secs] [Times: user=0.23 sys=0.00, real=0.02 secs] 
2016-09-24T02:04:04.874-0400: 44.863: [GC (GCLocker Initiated GC) [PSYoungGen: 186325K->36640K(214016K)] 511891K->363359K(738304K), 0.0156132 secs] [Times: user=0.16 sys=0.00, real=0.02 secs] 
2016-09-24T02:04:12.298-0400: 52.287: [GC (GCLocker Initiated GC) [PSYoungGen: 204576K->36999K(205312K)] 531318K->378488K(729600K), 0.0136609 secs] [Times: user=0.10 sys=0.02, real=0.01 secs] 
2016-09-24T02:04:12.503-0400: 52.493: [GC (GCLocker Initiated GC) [PSYoungGen: 204935K->18206K(212992K)] 553266K->384197K(737280K), 0.0228627 secs] [Times: user=0.23 sys=0.00, real=0.02 secs] 
2016-09-24T02:04:12.722-0400: 52.711: [GC (Allocation Failure) [PSYoungGen: 183070K->12959K(178176K)] 558577K->406353K(702464K), 0.0116010 secs] [Times: user=0.12 sys=0.00, real=0.01 secs] 
2016-09-24T02:04:12.915-0400: 52.905: [GC (GCLocker Initiated GC) [PSYoungGen: 176375K->27769K(214528K)] 572468K->428418K(738816K), 0.0281876 secs] [Times: user=0.28 sys=0.00, real=0.03 secs] 
2016-09-24T02:04:13.132-0400: 53.121: [GC (GCLocker Initiated GC) [PSYoungGen: 192633K->22558K(187904K)] 605528K->437316K(712192K), 0.0330650 secs] [Times: user=0.36 sys=0.00, real=0.04 secs] 
2016-09-24T02:04:13.387-0400: 53.377: [GC (GCLocker Initiated GC) [PSYoungGen: 187422K->39017K(209408K)] 610313K->463960K(733696K), 0.0062362 secs] [Times: user=0.07 sys=0.00, real=0.00 secs] 
2016-09-24T02:04:13.592-0400: 53.581: [GC (GCLocker Initiated GC) [PSYoungGen: 201833K->29276K(211456K)] 626794K->483508K(735744K), 0.0111166 secs] [Times: user=0.11 sys=0.01, real=0.02 secs] 
2016-09-24T02:04:13.813-0400: 53.802: [GC (GCLocker Initiated GC) [PSYoungGen: 192092K->23231K(210944K)] 653148K->486099K(735232K), 0.0073321 secs] [Times: user=0.06 sys=0.01, real=0.01 secs] 
2016-09-24T02:04:14.026-0400: 54.016: [GC (GCLocker Initiated GC) [PSYoungGen: 189631K->29708K(212480K)] 658032K->500427K(736768K), 0.0166050 secs] [Times: user=0.16 sys=0.01, real=0.02 secs] 
2016-09-24T02:04:14.279-0400: 54.269: [GC (GCLocker Initiated GC) [PSYoungGen: 196108K->25691K(213504K)] 676661K->508624K(737792K), 0.0084480 secs] [Times: user=0.07 sys=0.00, real=0.01 secs] 
2016-09-24T02:04:14.517-0400: 54.507: [GC (GCLocker Initiated GC) [PSYoungGen: 196699K->35137K(215040K)] 679779K->520726K(739328K), 0.0149676 secs] [Times: user=0.16 sys=0.01, real=0.01 secs] 
2016-09-24T02:04:14.748-0400: 54.738: [Full GC (Ergonomics) [PSYoungGen: 206145K->0K(215040K)] [ParOldGen: 500661K->166505K(524288K)] 706806K->166505K(739328K), [Metaspace: 43581K->43581K(1085440K)], 0.1260975 secs] [Times: user=0.66 sys=0.05, real=0.13 secs] 
2016-09-24T02:04:15.109-0400: 55.099: [GC (GCLocker Initiated GC) [PSYoungGen: 171008K->18127K(217088K)] 347647K->194767K(741376K), 0.0178464 secs] [Times: user=0.15 sys=0.00, real=0.02 secs] 
2016-09-24T02:04:15.343-0400: 55.332: [GC (GCLocker Initiated GC) [PSYoungGen: 190159K->33716K(205824K)] 369532K->215998K(730112K), 0.0090886 secs] [Times: user=0.09 sys=0.00, real=0.00 secs] 
2016-09-24T02:04:15.594-0400: 55.584: [GC (GCLocker Initiated GC) [PSYoungGen: 205748K->15234K(215552K)] 401734K->224398K(739840K), 0.0177510 secs] [Times: user=0.18 sys=0.00, real=0.02 secs] 
2016-09-24T02:04:15.841-0400: 55.831: [GC (GCLocker Initiated GC) [PSYoungGen: 185218K->23143K(193536K)] 403844K->244597K(717824K), 0.0271135 secs] [Times: user=0.31 sys=0.01, real=0.03 secs] 
2016-09-24T02:04:16.059-0400: 56.049: [GC (GCLocker Initiated GC) [PSYoungGen: 193127K->34994K(214528K)] 417284K->261676K(738816K), 0.0135647 secs] [Times: user=0.13 sys=0.01, real=0.01 secs] 
2016-09-24T02:04:16.285-0400: 56.274: [GC (GCLocker Initiated GC) [PSYoungGen: 204466K->34904K(204800K)] 436557K->269197K(729088K), 0.0081789 secs] [Times: user=0.07 sys=0.01, real=0.00 secs] 
2016-09-24T02:04:16.500-0400: 56.490: [GC (GCLocker Initiated GC) [PSYoungGen: 204376K->33336K(215040K)] 444104K->275207K(739328K), 0.0191560 secs] [Times: user=0.19 sys=0.00, real=0.02 secs] 
2016-09-24T02:04:16.714-0400: 56.703: [GC (GCLocker Initiated GC) [PSYoungGen: 201272K->17215K(215040K)] 443148K->282696K(739328K), 0.0178881 secs] [Times: user=0.18 sys=0.01, real=0.02 secs] 
2016-09-24T02:04:16.934-0400: 56.923: [GC (GCLocker Initiated GC) [PSYoungGen: 185151K->38464K(210944K)] 457433K->312864K(735232K), 0.0123238 secs] [Times: user=0.12 sys=0.02, real=0.02 secs] 
2016-09-24T02:04:17.131-0400: 57.121: [GC (Allocation Failure) [PSYoungGen: 202304K->31607K(212992K)] 478183K->330781K(737280K), 0.0127729 secs] [Times: user=0.11 sys=0.00, real=0.02 secs] 
2016-09-24T02:04:17.327-0400: 57.316: [GC (GCLocker Initiated GC) [PSYoungGen: 195447K->37214K(211456K)] 494621K->345971K(735744K), 0.0140669 secs] [Times: user=0.15 sys=0.00, real=0.01 secs] 
2016-09-24T02:04:17.508-0400: 57.497: [GC (GCLocker Initiated GC) [PSYoungGen: 200030K->32887K(212480K)] 511524K->346007K(736768K), 0.0162566 secs] [Times: user=0.17 sys=0.00, real=0.02 secs] 
2016-09-24T02:04:17.717-0400: 57.706: [GC (GCLocker Initiated GC) [PSYoungGen: 195703K->28714K(209408K)] 508825K->343337K(733696K), 0.0154352 secs] [Times: user=0.15 sys=0.00, real=0.01 secs] 
2016-09-24T02:04:17.908-0400: 57.898: [GC (GCLocker Initiated GC) [PSYoungGen: 192554K->43893K(210944K)] 509952K->362725K(735232K), 0.0275628 secs] [Times: user=0.32 sys=0.00, real=0.03 secs] 
2016-09-24T02:04:18.127-0400: 58.117: [GC (Allocation Failure) [PSYoungGen: 207733K->39447K(209408K)] 529397K->362706K(733696K), 0.0324021 secs] [Times: user=0.38 sys=0.02, real=0.03 secs] 
2016-09-24T02:04:18.160-0400: 58.150: [GC (GCLocker Initiated GC) [PSYoungGen: 40110K->192K(159232K)] 363369K->361373K(683520K), 0.0049268 secs] [Times: user=0.05 sys=0.00, real=0.01 secs] 
2016-09-24T02:04:18.362-0400: 58.352: [GC (GCLocker Initiated GC) [PSYoungGen: 158417K->35833K(206848K)] 522298K->399722K(731136K), 0.0068927 secs] [Times: user=0.06 sys=0.01, real=0.00 secs] 
2016-09-24T02:04:18.553-0400: 58.543: [GC (GCLocker Initiated GC) [PSYoungGen: 187385K->41118K(193024K)] 559410K->414834K(717312K), 0.0214727 secs] [Times: user=0.20 sys=0.02, real=0.03 secs] 
2016-09-24T02:04:18.741-0400: 58.730: [GC (GCLocker Initiated GC) [PSYoungGen: 192670K->41052K(203264K)] 566419K->416401K(727552K), 0.0245241 secs] [Times: user=0.28 sys=0.00, real=0.03 secs] 
2016-09-24T02:04:18.946-0400: 58.935: [GC (Allocation Failure) [PSYoungGen: 187484K->11485K(158208K)] 565864K->407703K(682496K), 0.0114603 secs] [Times: user=0.14 sys=0.00, real=0.01 secs] 
2016-09-24T02:04:19.114-0400: 59.103: [GC (GCLocker Initiated GC) [PSYoungGen: 157268K->31557K(205312K)] 556186K->432006K(729600K), 0.0110213 secs] [Times: user=0.14 sys=0.00, real=0.02 secs] 
2016-09-24T02:04:19.297-0400: 59.286: [GC (GCLocker Initiated GC) [PSYoungGen: 177989K->39649K(203264K)] 578530K->441514K(727552K), 0.0235504 secs] [Times: user=0.25 sys=0.00, real=0.02 secs] 
2016-09-24T02:04:19.476-0400: 59.466: [GC (GCLocker Initiated GC) [PSYoungGen: 186081K->32764K(202240K)] 588149K->436449K(726528K), 0.0105881 secs] [Times: user=0.12 sys=0.00, real=0.01 secs] 
2016-09-24T02:04:19.654-0400: 59.643: [GC (GCLocker Initiated GC) [PSYoungGen: 180220K->26022K(203264K)] 583982K->431107K(727552K), 0.0157984 secs] [Times: user=0.14 sys=0.00, real=0.02 secs] 
2016-09-24T02:04:19.839-0400: 59.829: [GC (GCLocker Initiated GC) [PSYoungGen: 173478K->27624K(202752K)] 582720K->451760K(727040K), 0.0167940 secs] [Times: user=0.18 sys=0.00, real=0.02 secs] 
2016-09-24T02:04:20.032-0400: 60.021: [GC (GCLocker Initiated GC) [PSYoungGen: 179688K->45496K(204288K)] 603833K->471360K(728576K), 0.0097945 secs] [Times: user=0.09 sys=0.00, real=0.01 secs] 
2016-09-24T02:04:20.210-0400: 60.200: [GC (GCLocker Initiated GC) [PSYoungGen: 197560K->33053K(207872K)] 623572K->471546K(732160K), 0.0220083 secs] [Times: user=0.24 sys=0.01, real=0.02 secs] 
2016-09-24T02:04:20.387-0400: 60.377: [GC (GCLocker Initiated GC) [PSYoungGen: 185629K->30392K(183296K)] 627034K->473360K(707584K), 0.0169813 secs] [Times: user=0.18 sys=0.00, real=0.02 secs] 
2016-09-24T02:04:20.574-0400: 60.563: [GC (GCLocker Initiated GC) [PSYoungGen: 182968K->47851K(200704K)] 628675K->505936K(724992K), 0.0103777 secs] [Times: user=0.15 sys=0.00, real=0.02 secs] 
2016-09-24T02:04:20.763-0400: 60.753: [GC (GCLocker Initiated GC) [PSYoungGen: 196843K->34440K(204800K)] 657662K->507458K(729088K), 0.0166487 secs] [Times: user=0.19 sys=0.00, real=0.01 secs] 
2016-09-24T02:04:20.954-0400: 60.944: [GC (GCLocker Initiated GC) [PSYoungGen: 183432K->41093K(205824K)] 662051K->521296K(730112K), 0.0057808 secs] [Times: user=0.06 sys=0.00, real=0.01 secs] 
2016-09-24T02:04:21.135-0400: 61.125: [GC (GCLocker Initiated GC) [PSYoungGen: 193157K->32708K(206848K)] 676152K->517206K(731136K), 0.0261196 secs] [Times: user=0.29 sys=0.00, real=0.02 secs] 
2016-09-24T02:04:21.333-0400: 61.323: [GC (GCLocker Initiated GC) [PSYoungGen: 184772K->32973K(203776K)] 674719K->524298K(728064K), 0.0223382 secs] [Times: user=0.25 sys=0.00, real=0.03 secs] 
2016-09-24T02:04:21.527-0400: 61.517: [GC (GCLocker Initiated GC) [PSYoungGen: 187085K->34161K(205312K)] 686620K->535187K(729600K), 0.0269985 secs] [Times: user=0.27 sys=0.00, real=0.03 secs] 
2016-09-24T02:04:21.728-0400: 61.717: [GC (GCLocker Initiated GC) [PSYoungGen: 188273K->49042K(204288K)] 689360K->551506K(728576K), 0.0103324 secs] [Times: user=0.13 sys=0.00, real=0.01 secs] 
2016-09-24T02:04:21.896-0400: 61.886: [GC (GCLocker Initiated GC) [PSYoungGen: 203666K->20602K(175616K)] 706132K->543280K(699904K), 0.0125143 secs] [Times: user=0.11 sys=0.01, real=0.01 secs] 
2016-09-24T02:04:21.909-0400: 61.899: [Full GC (Ergonomics) [PSYoungGen: 20602K->0K(175616K)] [ParOldGen: 522677K->166684K(524288K)] 543280K->166684K(699904K), [Metaspace: 43596K->43596K(1085440K)], 0.0767794 secs] [Times: user=0.60 sys=0.01, real=0.08 secs] 
2016-09-24T02:04:22.159-0400: 62.149: [GC (GCLocker Initiated GC) [PSYoungGen: 154624K->20095K(206848K)] 333678K->199150K(731136K), 0.0125772 secs] [Times: user=0.13 sys=0.01, real=0.01 secs] 
2016-09-24T02:04:22.339-0400: 62.329: [GC (GCLocker Initiated GC) [PSYoungGen: 172671K->49054K(201728K)] 354450K->232654K(726016K), 0.0074258 secs] [Times: user=0.07 sys=0.00, real=0.01 secs] 
2016-09-24T02:04:22.514-0400: 62.503: [GC (GCLocker Initiated GC) [PSYoungGen: 201630K->21924K(203776K)] 387963K->209508K(728064K), 0.0374389 secs] [Times: user=0.38 sys=0.00, real=0.04 secs] 
2016-09-24T02:04:22.725-0400: 62.715: [GC (GCLocker Initiated GC) [PSYoungGen: 166820K->23500K(168448K)] 361163K->219269K(692736K), 0.0054748 secs] [Times: user=0.06 sys=0.01, real=0.00 secs] 
2016-09-24T02:04:22.892-0400: 62.882: [GC (GCLocker Initiated GC) [PSYoungGen: 168396K->35270K(203264K)] 364168K->232438K(727552K), 0.0060358 secs] [Times: user=0.04 sys=0.00, real=0.01 secs] 
2016-09-24T02:04:23.078-0400: 63.068: [GC (Allocation Failure) [PSYoungGen: 181190K->24893K(202240K)] 386552K->231375K(726528K), 0.0164766 secs] [Times: user=0.14 sys=0.01, real=0.02 secs] 
2016-09-24T02:04:23.096-0400: 63.085: [GC (GCLocker Initiated GC) [PSYoungGen: 28671K->2892K(201216K)] 235154K->235318K(725504K), 0.0040994 secs] [Times: user=0.04 sys=0.00, real=0.00 secs] 
2016-09-24T02:04:23.252-0400: 63.241: [GC (GCLocker Initiated GC) [PSYoungGen: 148211K->42728K(188928K)] 383337K->277870K(713216K), 0.0092827 secs] [Times: user=0.13 sys=0.00, real=0.01 secs] 
2016-09-24T02:04:23.421-0400: 63.411: [GC (GCLocker Initiated GC) [PSYoungGen: 188648K->59874K(182784K)] 423936K->299659K(707072K), 0.0143644 secs] [Times: user=0.21 sys=0.02, real=0.02 secs] 
2016-09-24T02:04:23.578-0400: 63.568: [GC (GCLocker Initiated GC) [PSYoungGen: 182754K->35460K(192512K)] 425309K->295532K(716800K), 0.0095984 secs] [Times: user=0.11 sys=0.00, real=0.01 secs] 
2016-09-24T02:04:23.729-0400: 63.718: [GC (GCLocker Initiated GC) [PSYoungGen: 158340K->48866K(190464K)] 418575K->310347K(714752K), 0.0056224 secs] [Times: user=0.08 sys=0.00, real=0.01 secs] 
2016-09-24T02:04:23.873-0400: 63.863: [GC (GCLocker Initiated GC) [PSYoungGen: 172770K->47578K(171520K)] 438330K->319746K(695808K), 0.0076234 secs] [Times: user=0.10 sys=0.01, real=0.01 secs] 
2016-09-24T02:04:24.023-0400: 64.012: [GC (GCLocker Initiated GC) [PSYoungGen: 171482K->20666K(192512K)] 451779K->334553K(716800K), 0.0085767 secs] [Times: user=0.10 sys=0.01, real=0.00 secs] 
2016-09-24T02:04:24.174-0400: 64.163: [GC (GCLocker Initiated GC) [PSYoungGen: 143034K->43721K(192000K)] 459665K->372406K(716288K), 0.0113027 secs] [Times: user=0.09 sys=0.01, real=0.02 secs] 
2016-09-24T02:04:24.334-0400: 64.324: [GC (GCLocker Initiated GC) [PSYoungGen: 166089K->32986K(186880K)] 503104K->371440K(711168K), 0.0058256 secs] [Times: user=0.05 sys=0.00, real=0.01 secs] 
2016-09-24T02:04:24.471-0400: 64.460: [GC (GCLocker Initiated GC) [PSYoungGen: 155866K->32844K(189440K)] 494334K->372744K(713728K), 0.0094535 secs] [Times: user=0.10 sys=0.00, real=0.01 secs] 
2016-09-24T02:04:24.612-0400: 64.602: [GC (Allocation Failure) [PSYoungGen: 155724K->54578K(189952K)] 495761K->396073K(714240K), 0.0237697 secs] [Times: user=0.36 sys=0.04, real=0.03 secs] 
2016-09-24T02:04:24.790-0400: 64.780: [GC (GCLocker Initiated GC) [PSYoungGen: 180530K->37103K(194048K)] 522027K->404363K(718336K), 0.0101984 secs] [Times: user=0.16 sys=0.00, real=0.01 secs] 
2016-09-24T02:04:24.945-0400: 64.935: [GC (GCLocker Initiated GC) [PSYoungGen: 163055K->48973K(193536K)] 530349K->417766K(717824K), 0.0098419 secs] [Times: user=0.16 sys=0.00, real=0.01 secs] 
2016-09-24T02:04:25.089-0400: 65.078: [GC (GCLocker Initiated GC) [PSYoungGen: 177485K->34369K(195072K)] 546738K->426481K(719360K), 0.0058108 secs] [Times: user=0.07 sys=0.00, real=0.01 secs] 
2016-09-24T02:04:25.259-0400: 65.248: [GC (GCLocker Initiated GC) [PSYoungGen: 162881K->7370K(192512K)] 575299K->421301K(716800K), 0.0050203 secs] [Times: user=0.06 sys=0.00, real=0.01 secs] 
2016-09-24T02:04:25.418-0400: 65.407: [GC (GCLocker Initiated GC) [PSYoungGen: 135370K->28765K(195072K)] 557431K->452372K(719360K), 0.0140437 secs] [Times: user=0.10 sys=0.00, real=0.01 secs] 
2016-09-24T02:04:25.588-0400: 65.577: [GC (GCLocker Initiated GC) [PSYoungGen: 156765K->30455K(189440K)] 580405K->479800K(713728K), 0.0065478 secs] [Times: user=0.06 sys=0.01, real=0.01 secs] 
2016-09-24T02:04:25.739-0400: 65.728: [GC (GCLocker Initiated GC) [PSYoungGen: 160503K->31962K(192512K)] 615319K->515428K(716800K), 0.0114622 secs] [Times: user=0.15 sys=0.01, real=0.01 secs] 
2016-09-24T02:04:25.906-0400: 65.896: [Full GC (Ergonomics) [PSYoungGen: 162010K->0K(192512K)] [ParOldGen: 486225K->204195K(524288K)] 648236K->204195K(716800K), [Metaspace: 43610K->43610K(1085440K)], 0.0656694 secs] [Times: user=0.49 sys=0.01, real=0.06 secs] 
2016-09-24T02:04:26.134-0400: 66.123: [GC (GCLocker Initiated GC) [PSYoungGen: 130048K->44432K(198656K)] 334251K->248635K(722944K), 0.0053478 secs] [Times: user=0.06 sys=0.00, real=0.01 secs] 
2016-09-24T02:04:26.298-0400: 66.287: [GC (GCLocker Initiated GC) [PSYoungGen: 183184K->29331K(200192K)] 394163K->242286K(724480K), 0.0143553 secs] [Times: user=0.14 sys=0.00, real=0.01 secs] 
2016-09-24T02:04:26.471-0400: 66.460: [GC (Allocation Failure) [PSYoungGen: 168083K->22378K(199680K)] 388676K->244730K(723968K), 0.0142746 secs] [Times: user=0.21 sys=0.01, real=0.02 secs] 
2016-09-24T02:04:26.648-0400: 66.637: [GC (GCLocker Initiated GC) [PSYoungGen: 160552K->33358K(200192K)] 385604K->260050K(724480K), 0.0064343 secs] [Times: user=0.06 sys=0.00, real=0.01 secs] 
2016-09-24T02:04:26.821-0400: 66.811: [GC (GCLocker Initiated GC) [PSYoungGen: 174158K->10557K(199168K)] 421453K->259632K(723456K), 0.0104278 secs] [Times: user=0.12 sys=0.01, real=0.01 secs] 
2016-09-24T02:04:26.991-0400: 66.981: [GC (GCLocker Initiated GC) [PSYoungGen: 152893K->26587K(200704K)] 414325K->289909K(724992K), 0.0097424 secs] [Times: user=0.09 sys=0.01, real=0.01 secs] 
2016-09-24T02:04:27.169-0400: 67.158: [GC (GCLocker Initiated GC) [PSYoungGen: 168923K->30474K(199168K)] 443234K->306552K(723456K), 0.0100276 secs] [Times: user=0.07 sys=0.00, real=0.01 secs] 
2016-09-24T02:04:27.353-0400: 67.343: [GC (GCLocker Initiated GC) [PSYoungGen: 177930K->29013K(201216K)] 456793K->309664K(725504K), 0.0460861 secs] [Times: user=0.52 sys=0.00, real=0.05 secs] 
2016-09-24T02:04:27.566-0400: 67.555: [GC (GCLocker Initiated GC) [PSYoungGen: 176469K->26316K(205312K)] 457153K->316697K(729600K), 0.0092895 secs] [Times: user=0.08 sys=0.00, real=0.01 secs] 
2016-09-24T02:04:27.755-0400: 67.745: [GC (GCLocker Initiated GC) [PSYoungGen: 182988K->21335K(206848K)] 483626K->350685K(731136K), 0.0064696 secs] [Times: user=0.05 sys=0.00, real=0.00 secs] 
2016-09-24T02:04:27.930-0400: 67.920: [GC (GCLocker Initiated GC) [PSYoungGen: 178007K->39910K(208384K)] 507390K->371320K(732672K), 0.0096151 secs] [Times: user=0.07 sys=0.00, real=0.01 secs] 
2016-09-24T02:04:28.119-0400: 68.109: [GC (GCLocker Initiated GC) [PSYoungGen: 198630K->33234K(210432K)] 532835K->374558K(734720K), 0.0114586 secs] [Times: user=0.12 sys=0.01, real=0.01 secs] 
2016-09-24T02:04:28.301-0400: 68.290: [GC (GCLocker Initiated GC) [PSYoungGen: 191954K->25185K(207360K)] 533404K->368482K(731648K), 0.0159722 secs] [Times: user=0.18 sys=0.01, real=0.02 secs] 
2016-09-24T02:04:28.500-0400: 68.489: [GC (GCLocker Initiated GC) [PSYoungGen: 184929K->22198K(209408K)] 536352K->375440K(733696K), 0.0316139 secs] [Times: user=0.37 sys=0.00, real=0.03 secs] 
2016-09-24T02:04:28.702-0400: 68.691: [GC (GCLocker Initiated GC) [PSYoungGen: 181942K->31952K(209920K)] 537954K->389615K(734208K), 0.0100322 secs] [Times: user=0.11 sys=0.00, real=0.01 secs] 
2016-09-24T02:04:28.892-0400: 68.881: [GC (GCLocker Initiated GC) [PSYoungGen: 195280K->30589K(211456K)] 555685K->392878K(735744K), 0.0097539 secs] [Times: user=0.09 sys=0.00, real=0.01 secs] 
2016-09-24T02:04:29.069-0400: 69.059: [GC (GCLocker Initiated GC) [PSYoungGen: 193917K->34673K(214016K)] 558981K->401520K(738304K), 0.0058796 secs] [Times: user=0.06 sys=0.00, real=0.01 secs] 
2016-09-24T02:04:29.259-0400: 69.249: [GC (GCLocker Initiated GC) [PSYoungGen: 202097K->29209K(214016K)] 577100K->405981K(738304K), 0.0074805 secs] [Times: user=0.07 sys=0.00, real=0.01 secs] 
2016-09-24T02:04:29.441-0400: 69.431: [GC (GCLocker Initiated GC) [PSYoungGen: 196633K->23562K(215040K)] 580177K->422407K(739328K), 0.0119813 secs] [Times: user=0.14 sys=0.01, real=0.01 secs] 
2016-09-24T02:04:29.628-0400: 69.618: [GC (GCLocker Initiated GC) [PSYoungGen: 193034K->28846K(214528K)] 594587K->442657K(738816K), 0.0077136 secs] [Times: user=0.07 sys=0.02, real=0.01 secs] 
2016-09-24T02:04:29.818-0400: 69.808: [GC (GCLocker Initiated GC) [PSYoungGen: 198318K->22414K(215552K)] 621814K->447364K(739840K), 0.0056606 secs] [Times: user=0.03 sys=0.01, real=0.01 secs] 
2016-09-24T02:04:30.015-0400: 70.004: [GC (GCLocker Initiated GC) [PSYoungGen: 194446K->23638K(215040K)] 626373K->457234K(739328K), 0.0136542 secs] [Times: user=0.16 sys=0.00, real=0.01 secs] 
2016-09-24T02:04:30.215-0400: 70.205: [GC (GCLocker Initiated GC) [PSYoungGen: 195670K->19625K(218112K)] 638846K->464504K(742400K), 0.0149959 secs] [Times: user=0.15 sys=0.01, real=0.01 secs] 
2016-09-24T02:04:30.430-0400: 70.419: [GC (GCLocker Initiated GC) [PSYoungGen: 195241K->22259K(218112K)] 652284K->481034K(742400K), 0.0132876 secs] [Times: user=0.13 sys=0.02, real=0.02 secs] 
2016-09-24T02:04:30.643-0400: 70.633: [GC (GCLocker Initiated GC) [PSYoungGen: 197875K->26338K(217088K)] 664897K->495025K(741376K), 0.0204237 secs] [Times: user=0.22 sys=0.01, real=0.02 secs] 
2016-09-24T02:04:30.847-0400: 70.836: [GC (GCLocker Initiated GC) [PSYoungGen: 204002K->25204K(218112K)] 680836K->503589K(742400K), 0.0084209 secs] [Times: user=0.08 sys=0.00, real=0.01 secs] 
2016-09-24T02:04:31.036-0400: 71.026: [GC (GCLocker Initiated GC) [PSYoungGen: 202868K->26244K(219648K)] 686658K->511768K(743936K), 0.0153445 secs] [Times: user=0.19 sys=0.00, real=0.01 secs] 
2016-09-24T02:04:31.239-0400: 71.228: [GC (GCLocker Initiated GC) [PSYoungGen: 208516K->30484K(220672K)] 703526K->526838K(744960K), 0.0137351 secs] [Times: user=0.12 sys=0.00, real=0.01 secs] 
2016-09-24T02:04:31.444-0400: 71.433: [GC (GCLocker Initiated GC) [PSYoungGen: 212756K->33303K(220672K)] 714517K->536822K(744960K), 0.0214660 secs] [Times: user=0.22 sys=0.00, real=0.02 secs] 
2016-09-24T02:04:31.659-0400: 71.648: [GC (GCLocker Initiated GC) [PSYoungGen: 215575K->39069K(221696K)] 723413K->551444K(745984K), 0.0158592 secs] [Times: user=0.16 sys=0.00, real=0.02 secs] 
2016-09-24T02:04:31.675-0400: 71.664: [Full GC (Ergonomics) [PSYoungGen: 39069K->0K(221696K)] [ParOldGen: 512375K->199959K(524288K)] 551444K->199959K(745984K), [Metaspace: 43664K->43664K(1085440K)], 0.0723323 secs] [Times: user=0.50 sys=0.01, real=0.07 secs] 
2016-09-24T02:04:31.959-0400: 71.948: [GC (GCLocker Initiated GC) [PSYoungGen: 182272K->39255K(211456K)] 385015K->243349K(735744K), 0.0099442 secs] [Times: user=0.14 sys=0.00, real=0.01 secs] 
2016-09-24T02:04:32.161-0400: 72.151: [GC (GCLocker Initiated GC) [PSYoungGen: 210263K->21360K(216576K)] 422627K->235920K(740864K), 0.0180002 secs] [Times: user=0.18 sys=0.01, real=0.02 secs] 
2016-09-24T02:04:32.386-0400: 72.376: [GC (GCLocker Initiated GC) [PSYoungGen: 192368K->29516K(214016K)] 419974K->259134K(738304K), 0.0072011 secs] [Times: user=0.08 sys=0.00, real=0.00 secs] 
2016-09-24T02:04:32.611-0400: 72.600: [GC (GCLocker Initiated GC) [PSYoungGen: 201036K->42930K(214528K)] 430694K->277324K(738816K), 0.0075351 secs] [Times: user=0.07 sys=0.01, real=0.01 secs] 
2016-09-24T02:04:32.815-0400: 72.804: [GC (GCLocker Initiated GC) [PSYoungGen: 214450K->40129K(210432K)] 448933K->276393K(734720K), 0.0066657 secs] [Times: user=0.04 sys=0.00, real=0.00 secs] 
2016-09-24T02:04:33.015-0400: 73.005: [GC (GCLocker Initiated GC) [PSYoungGen: 202945K->23980K(212480K)] 446155K->279864K(736768K), 0.0093718 secs] [Times: user=0.08 sys=0.00, real=0.01 secs] 
2016-09-24T02:04:33.209-0400: 73.199: [GC (GCLocker Initiated GC) [PSYoungGen: 186796K->27966K(208896K)] 448081K->291304K(733184K), 0.0055814 secs] [Times: user=0.05 sys=0.00, real=0.01 secs] 
2016-09-24T02:04:33.392-0400: 73.382: [GC (GCLocker Initiated GC) [PSYoungGen: 191294K->22681K(210944K)] 464431K->297822K(735232K), 0.0152819 secs] [Times: user=0.15 sys=0.00, real=0.02 secs] 
2016-09-24T02:04:33.586-0400: 73.576: [GC (GCLocker Initiated GC) [PSYoungGen: 186009K->42800K(208896K)] 461183K->320038K(733184K), 0.0203558 secs] [Times: user=0.21 sys=0.01, real=0.02 secs] 
2016-09-24T02:04:33.800-0400: 73.789: [GC (GCLocker Initiated GC) [PSYoungGen: 204592K->9139K(171008K)] 495429K->309952K(695296K), 0.0277472 secs] [Times: user=0.28 sys=0.00, real=0.03 secs] 
2016-09-24T02:04:33.995-0400: 73.984: [GC (GCLocker Initiated GC) [PSYoungGen: 170931K->19634K(210944K)] 471942K->339011K(735232K), 0.0099356 secs] [Times: user=0.07 sys=0.01, real=0.01 secs] 
2016-09-24T02:04:34.179-0400: 74.169: [GC (GCLocker Initiated GC) [PSYoungGen: 178354K->41536K(200704K)] 505932K->370846K(724992K), 0.0244068 secs] [Times: user=0.26 sys=0.00, real=0.03 secs] 
2016-09-24T02:04:34.401-0400: 74.391: [GC (GCLocker Initiated GC) [PSYoungGen: 200256K->19568K(208896K)] 532271K->353514K(733184K), 0.0218927 secs] [Times: user=0.20 sys=0.00, real=0.03 secs] 
2016-09-24T02:04:34.584-0400: 74.573: [GC (GCLocker Initiated GC) [PSYoungGen: 174192K->34266K(207872K)] 510884K->372744K(732160K), 0.0116736 secs] [Times: user=0.09 sys=0.00, real=0.01 secs] 
2016-09-24T02:04:34.766-0400: 74.755: [GC (GCLocker Initiated GC) [PSYoungGen: 188890K->26037K(205824K)] 535515K->374168K(730112K), 0.0216412 secs] [Times: user=0.20 sys=0.01, real=0.02 secs] 
2016-09-24T02:04:34.956-0400: 74.946: [GC (GCLocker Initiated GC) [PSYoungGen: 181685K->32990K(206848K)] 535218K->388093K(731136K), 0.0061828 secs] [Times: user=0.08 sys=0.00, real=0.01 secs] 
2016-09-24T02:04:35.131-0400: 75.121: [GC (GCLocker Initiated GC) [PSYoungGen: 188638K->29143K(206336K)] 554577K->396494K(730624K), 0.0058921 secs] [Times: user=0.06 sys=0.00, real=0.01 secs] 
2016-09-24T02:04:35.325-0400: 75.314: [GC (GCLocker Initiated GC) [PSYoungGen: 189399K->33252K(208896K)] 559467K->404983K(733184K), 0.0154747 secs] [Times: user=0.19 sys=0.00, real=0.01 secs] 
2016-09-24T02:04:35.511-0400: 75.500: [GC (GCLocker Initiated GC) [PSYoungGen: 193508K->27377K(209920K)] 565272K->400859K(734208K), 0.0090853 secs] [Times: user=0.07 sys=0.00, real=0.01 secs] 
2016-09-24T02:04:35.708-0400: 75.697: [GC (GCLocker Initiated GC) [PSYoungGen: 192753K->31669K(211968K)] 568946K->412050K(736256K), 0.0163215 secs] [Times: user=0.17 sys=0.01, real=0.02 secs] 
2016-09-24T02:04:35.887-0400: 75.876: [GC (GCLocker Initiated GC) [PSYoungGen: 197045K->38293K(212480K)] 585599K->428543K(736768K), 0.0099594 secs] [Times: user=0.10 sys=0.00, real=0.01 secs] 
2016-09-24T02:04:36.081-0400: 76.071: [GC (GCLocker Initiated GC) [PSYoungGen: 205205K->27467K(214528K)] 603576K->427338K(738816K), 0.0074025 secs] [Times: user=0.08 sys=0.00, real=0.01 secs] 
2016-09-24T02:04:36.250-0400: 76.240: [GC (GCLocker Initiated GC) [PSYoungGen: 194379K->40842K(210944K)] 596962K->460947K(735232K), 0.0109058 secs] [Times: user=0.14 sys=0.01, real=0.01 secs] 
2016-09-24T02:04:36.426-0400: 76.416: [GC (GCLocker Initiated GC) [PSYoungGen: 205706K->34172K(213504K)] 626003K->455601K(737792K), 0.0108836 secs] [Times: user=0.12 sys=0.00, real=0.01 secs] 
2016-09-24T02:04:36.609-0400: 76.599: [GC (GCLocker Initiated GC) [PSYoungGen: 199036K->24947K(211968K)] 628568K->455899K(736256K), 0.0275301 secs] [Times: user=0.31 sys=0.00, real=0.03 secs] 
2016-09-24T02:04:36.823-0400: 76.813: [GC (GCLocker Initiated GC) [PSYoungGen: 190323K->19420K(212992K)] 625395K->456009K(737280K), 0.0119405 secs] [Times: user=0.08 sys=0.01, real=0.01 secs] 
2016-09-24T02:04:37.007-0400: 76.997: [GC (GCLocker Initiated GC) [PSYoungGen: 184796K->38287K(211456K)] 621605K->476695K(735744K), 0.0061051 secs] [Times: user=0.06 sys=0.00, real=0.00 secs] 
2016-09-24T02:04:37.199-0400: 77.188: [GC (GCLocker Initiated GC) [PSYoungGen: 202127K->47766K(211968K)] 643476K->493228K(736256K), 0.0067888 secs] [Times: user=0.09 sys=0.00, real=0.01 secs] 
2016-09-24T02:04:37.377-0400: 77.366: [GC (GCLocker Initiated GC) [PSYoungGen: 211606K->43774K(200704K)] 657150K->490711K(724992K), 0.0059394 secs] [Times: user=0.06 sys=0.00, real=0.01 secs] 
2016-09-24T02:04:37.545-0400: 77.535: [GC (GCLocker Initiated GC) [PSYoungGen: 194302K->28897K(206336K)] 649393K->485352K(730624K), 0.0085063 secs] [Times: user=0.10 sys=0.00, real=0.00 secs] 
2016-09-24T02:04:37.704-0400: 77.693: [GC (Allocation Failure) [PSYoungGen: 179425K->43686K(203776K)] 642670K->508237K(728064K), 0.0058002 secs] [Times: user=0.06 sys=0.00, real=0.00 secs] 
2016-09-24T02:04:37.858-0400: 77.848: [GC (GCLocker Initiated GC) [PSYoungGen: 193190K->42219K(192000K)] 657745K->521670K(716288K), 0.0117115 secs] [Times: user=0.13 sys=0.00, real=0.01 secs] 
2016-09-24T02:04:38.032-0400: 78.021: [GC (GCLocker Initiated GC) [PSYoungGen: 191723K->28692K(206336K)] 671304K->509552K(730624K), 0.0125351 secs] [Times: user=0.16 sys=0.00, real=0.02 secs] 
2016-09-24T02:04:38.201-0400: 78.190: [GC (GCLocker Initiated GC) [PSYoungGen: 177684K->25765K(175104K)] 663984K->513398K(699392K), 0.0167149 secs] [Times: user=0.16 sys=0.01, real=0.02 secs] 
2016-09-24T02:04:38.365-0400: 78.354: [GC (GCLocker Initiated GC) [PSYoungGen: 174757K->31297K(206336K)] 667860K->525617K(730624K), 0.0152005 secs] [Times: user=0.17 sys=0.00, real=0.01 secs] 
2016-09-24T02:04:38.532-0400: 78.522: [GC (GCLocker Initiated GC) [PSYoungGen: 182337K->34219K(204288K)] 679361K->532401K(728576K), 0.0104482 secs] [Times: user=0.11 sys=0.00, real=0.02 secs] 
2016-09-24T02:04:38.703-0400: 78.693: [GC (Allocation Failure) [PSYoungGen: 185259K->24569K(205312K)] 690240K->530913K(729600K), 0.0240472 secs] [Times: user=0.26 sys=0.00, real=0.02 secs] 
2016-09-24T02:04:38.729-0400: 78.719: [GC (GCLocker Initiated GC) --[PSYoungGen: 25641K->25641K(205312K)] 531985K->548255K(729600K), 0.0046082 secs] [Times: user=0.04 sys=0.00, real=0.00 secs] 
2016-09-24T02:04:38.734-0400: 78.724: [Full GC (Ergonomics) [PSYoungGen: 25641K->0K(205312K)] [ParOldGen: 522613K->192528K(524288K)] 548255K->192528K(729600K), [Metaspace: 43683K->43683K(1087488K)], 0.0777114 secs] [Times: user=0.55 sys=0.01, real=0.08 secs] 
2016-09-24T02:04:38.961-0400: 78.951: [GC (GCLocker Initiated GC) [PSYoungGen: 153600K->49072K(205312K)] 346135K->241607K(729600K), 0.0224548 secs] [Times: user=0.29 sys=0.00, real=0.03 secs] 
2016-09-24T02:04:39.141-0400: 79.130: [GC (GCLocker Initiated GC) [PSYoungGen: 202672K->28755K(207872K)] 397947K->228095K(732160K), 0.0122657 secs] [Times: user=0.15 sys=0.00, real=0.01 secs] 
2016-09-24T02:04:39.311-0400: 79.301: [GC (GCLocker Initiated GC) [PSYoungGen: 180819K->38124K(206336K)] 380188K->238760K(730624K), 0.0368227 secs] [Times: user=0.47 sys=0.00, real=0.04 secs] 
2016-09-24T02:04:39.544-0400: 79.534: [GC (GCLocker Initiated GC) [PSYoungGen: 190188K->24728K(206848K)] 395526K->247500K(731136K), 0.0108398 secs] [Times: user=0.14 sys=0.00, real=0.01 secs] 
2016-09-24T02:04:39.709-0400: 79.698: [GC (GCLocker Initiated GC) [PSYoungGen: 177304K->23279K(206336K)] 408244K->266293K(730624K), 0.0086784 secs] [Times: user=0.10 sys=0.00, real=0.01 secs] 
2016-09-24T02:04:39.871-0400: 79.861: [GC (GCLocker Initiated GC) [PSYoungGen: 175855K->51576K(198656K)] 424363K->301331K(722944K), 0.0064805 secs] [Times: user=0.06 sys=0.01, real=0.01 secs] 
2016-09-24T02:04:40.027-0400: 80.016: [GC (GCLocker Initiated GC) [PSYoungGen: 196984K->47610K(193024K)] 446761K->322889K(717312K), 0.0070523 secs] [Times: user=0.10 sys=0.00, real=0.00 secs] 
2016-09-24T02:04:40.178-0400: 80.167: [GC (GCLocker Initiated GC) [PSYoungGen: 193018K->29888K(202752K)] 471182K->320051K(727040K), 0.0152366 secs] [Times: user=0.18 sys=0.01, real=0.01 secs] 
2016-09-24T02:04:40.349-0400: 80.338: [GC (GCLocker Initiated GC) [PSYoungGen: 171712K->32795K(175104K)] 467315K->329640K(699392K), 0.0059986 secs] [Times: user=0.06 sys=0.00, real=0.01 secs] 
2016-09-24T02:04:40.506-0400: 80.496: [GC (GCLocker Initiated GC) [PSYoungGen: 174619K->56976K(192512K)] 471496K->357802K(716800K), 0.0196173 secs] [Times: user=0.28 sys=0.00, real=0.02 secs] 
2016-09-24T02:04:40.669-0400: 80.658: [GC (GCLocker Initiated GC) [PSYoungGen: 192144K->29766K(198656K)] 492987K->347988K(722944K), 0.0077998 secs] [Times: user=0.06 sys=0.00, real=0.01 secs] 
2016-09-24T02:04:40.819-0400: 80.809: [GC (GCLocker Initiated GC) [PSYoungGen: 164934K->19292K(198144K)] 489914K->361559K(722432K), 0.0099081 secs] [Times: user=0.11 sys=0.01, real=0.01 secs] 
2016-09-24T02:04:40.977-0400: 80.967: [GC (GCLocker Initiated GC) [PSYoungGen: 155996K->32887K(169984K)] 506367K->384543K(694272K), 0.0223316 secs] [Times: user=0.31 sys=0.00, real=0.02 secs] 
2016-09-24T02:04:41.135-0400: 81.125: [GC (GCLocker Initiated GC) [PSYoungGen: 169591K->40722K(198144K)] 526778K->399234K(722432K), 0.0084243 secs] [Times: user=0.10 sys=0.01, real=0.01 secs] 
2016-09-24T02:04:41.272-0400: 81.261: [GC (GCLocker Initiated GC) [PSYoungGen: 178962K->39244K(198144K)] 545650K->407004K(722432K), 0.0088252 secs] [Times: user=0.08 sys=0.00, real=0.01 secs] 
2016-09-24T02:04:41.420-0400: 81.409: [GC (Allocation Failure) [PSYoungGen: 177484K->40314K(201728K)] 545524K->409268K(726016K), 0.0188222 secs] [Times: user=0.22 sys=0.01, real=0.02 secs] 
2016-09-24T02:04:41.576-0400: 81.565: [GC (GCLocker Initiated GC) [PSYoungGen: 183162K->35108K(201216K)] 552120K->404931K(725504K), 0.0241537 secs] [Times: user=0.28 sys=0.00, real=0.02 secs] 
2016-09-24T02:04:41.727-0400: 81.716: [GC (GCLocker Initiated GC) [PSYoungGen: 177956K->16086K(200192K)] 556771K->398569K(724480K), 0.0216911 secs] [Times: user=0.22 sys=0.00, real=0.02 secs] 
2016-09-24T02:04:41.892-0400: 81.882: [GC (GCLocker Initiated GC) [PSYoungGen: 159958K->29572K(201216K)] 549372K->420014K(725504K), 0.0150775 secs] [Times: user=0.18 sys=0.00, real=0.02 secs] 
2016-09-24T02:04:42.056-0400: 82.045: [GC (GCLocker Initiated GC) [PSYoungGen: 173444K->40682K(203776K)] 563915K->432021K(728064K), 0.0110828 secs] [Times: user=0.12 sys=0.00, real=0.01 secs] 
2016-09-24T02:04:42.232-0400: 82.221: [GC (GCLocker Initiated GC) [PSYoungGen: 188650K->19404K(204288K)] 585489K->441697K(728576K), 0.0117762 secs] [Times: user=0.13 sys=0.01, real=0.02 secs] 
2016-09-24T02:04:42.395-0400: 82.384: [GC (GCLocker Initiated GC) [PSYoungGen: 167372K->32818K(201216K)] 595161K->461997K(725504K), 0.0269826 secs] [Times: user=0.33 sys=0.00, real=0.02 secs] 
2016-09-24T02:04:42.592-0400: 82.582: [GC (GCLocker Initiated GC) [PSYoungGen: 181810K->20415K(203264K)] 611183K->451196K(727552K), 0.0067848 secs] [Times: user=0.04 sys=0.00, real=0.01 secs] 
2016-09-24T02:04:42.765-0400: 82.754: [GC (GCLocker Initiated GC) [PSYoungGen: 169407K->11593K(205824K)] 616546K->460127K(730112K), 0.0073893 secs] [Times: user=0.07 sys=0.00, real=0.00 secs] 
2016-09-24T02:04:42.931-0400: 82.920: [GC (GCLocker Initiated GC) [PSYoungGen: 163145K->17873K(206848K)] 621169K->477427K(731136K), 0.0066817 secs] [Times: user=0.05 sys=0.00, real=0.01 secs] 
2016-09-24T02:04:43.095-0400: 83.084: [GC (GCLocker Initiated GC) [PSYoungGen: 169425K->43396K(201216K)] 631703K->507083K(725504K), 0.0075243 secs] [Times: user=0.05 sys=0.01, real=0.01 secs] 
2016-09-24T02:04:43.245-0400: 83.234: [GC (GCLocker Initiated GC) [PSYoungGen: 189828K->36702K(204288K)] 653543K->501483K(728576K), 0.0077764 secs] [Times: user=0.07 sys=0.00, real=0.00 secs] 
2016-09-24T02:04:43.400-0400: 83.389: [GC (GCLocker Initiated GC) [PSYoungGen: 183134K->29902K(198656K)] 647933K->495927K(722944K), 0.0063120 secs] [Times: user=0.06 sys=0.00, real=0.01 secs] 
2016-09-24T02:04:43.551-0400: 83.541: [GC (GCLocker Initiated GC) [PSYoungGen: 176846K->27127K(201728K)] 642904K->507981K(726016K), 0.0066081 secs] [Times: user=0.04 sys=0.00, real=0.01 secs] 
2016-09-24T02:04:43.700-0400: 83.690: [GC (GCLocker Initiated GC) [PSYoungGen: 174071K->23413K(203776K)] 654964K->527110K(728064K), 0.0062118 secs] [Times: user=0.07 sys=0.00, real=0.01 secs] 
2016-09-24T02:04:43.706-0400: 83.696: [Full GC (Ergonomics) [PSYoungGen: 23413K->0K(203776K)] [ParOldGen: 503697K->173822K(524288K)] 527110K->173822K(728064K), [Metaspace: 43691K->43691K(1087488K)], 0.0929701 secs] [Times: user=0.70 sys=0.02, real=0.09 secs] 
2016-09-24T02:04:43.990-0400: 83.979: [GC (GCLocker Initiated GC) [PSYoungGen: 154112K->40536K(206336K)] 334802K->221227K(730624K), 0.0096577 secs] [Times: user=0.14 sys=0.01, real=0.01 secs] 
2016-09-24T02:04:44.181-0400: 84.170: [GC (GCLocker Initiated GC) [PSYoungGen: 194648K->38505K(207360K)] 378220K->241759K(731648K), 0.0105119 secs] [Times: user=0.13 sys=0.01, real=0.01 secs] 
2016-09-24T02:04:44.376-0400: 84.366: [GC (GCLocker Initiated GC) [PSYoungGen: 192105K->31954K(185856K)] 400993K->242416K(710144K), 0.0098023 secs] [Times: user=0.11 sys=0.01, real=0.01 secs] 
2016-09-24T02:04:44.561-0400: 84.550: [GC (GCLocker Initiated GC) [PSYoungGen: 185554K->34744K(206848K)] 405677K->264837K(731136K), 0.0190557 secs] [Times: user=0.22 sys=0.01, real=0.02 secs] 
2016-09-24T02:04:44.747-0400: 84.737: [GC (GCLocker Initiated GC) [PSYoungGen: 189368K->27342K(206336K)] 419470K->259137K(730624K), 0.0058397 secs] [Times: user=0.04 sys=0.00, real=0.00 secs] 
2016-09-24T02:04:44.924-0400: 84.914: [GC (GCLocker Initiated GC) [PSYoungGen: 181966K->24787K(208896K)] 415651K->259745K(733184K), 0.0234283 secs] [Times: user=0.22 sys=0.00, real=0.02 secs] 
2016-09-24T02:04:45.118-0400: 85.107: [GC (GCLocker Initiated GC) [PSYoungGen: 183507K->31717K(208384K)] 425268K->275044K(732672K), 0.0041353 secs] [Times: user=0.05 sys=0.01, real=0.00 secs] 
2016-09-24T02:04:45.293-0400: 85.282: [GC (GCLocker Initiated GC) [PSYoungGen: 190437K->46484K(205824K)] 433923K->291483K(730112K), 0.0141535 secs] [Times: user=0.16 sys=0.00, real=0.02 secs] 
2016-09-24T02:04:45.490-0400: 85.480: [GC (GCLocker Initiated GC) [PSYoungGen: 204180K->18123K(176128K)] 456068K->271401K(700416K), 0.0295201 secs] [Times: user=0.24 sys=0.00, real=0.03 secs] 
2016-09-24T02:04:45.698-0400: 85.688: [GC (GCLocker Initiated GC) [PSYoungGen: 175819K->22561K(210432K)] 438642K->308675K(734720K), 0.0083369 secs] [Times: user=0.10 sys=0.00, real=0.01 secs] 
2016-09-24T02:04:45.892-0400: 85.881: [GC (GCLocker Initiated GC) [PSYoungGen: 180257K->41385K(199168K)] 471781K->334717K(723456K), 0.0132744 secs] [Times: user=0.16 sys=0.00, real=0.02 secs] 
2016-09-24T02:04:46.095-0400: 86.085: [GC (GCLocker Initiated GC) [PSYoungGen: 199081K->15923K(207360K)] 501865K->320590K(731648K), 0.0243393 secs] [Times: user=0.33 sys=0.00, real=0.02 secs] 
2016-09-24T02:04:46.283-0400: 86.273: [GC (GCLocker Initiated GC) [PSYoungGen: 169523K->53362K(207360K)] 474231K->360029K(731648K), 0.0124677 secs] [Times: user=0.16 sys=0.00, real=0.01 secs] 
2016-09-24T02:04:46.453-0400: 86.442: [GC (GCLocker Initiated GC) [PSYoungGen: 206962K->41103K(195072K)] 513759K->384630K(719360K), 0.0077882 secs] [Times: user=0.09 sys=0.00, real=0.01 secs] 
2016-09-24T02:04:46.616-0400: 86.606: [GC (GCLocker Initiated GC) [PSYoungGen: 181391K->45215K(185856K)] 524923K->392912K(710144K), 0.0098572 secs] [Times: user=0.12 sys=0.00, real=0.01 secs] 
2016-09-24T02:04:46.781-0400: 86.771: [GC (GCLocker Initiated GC) [PSYoungGen: 185503K->50659K(193024K)] 537347K->404030K(717312K), 0.0051898 secs] [Times: user=0.02 sys=0.03, real=0.01 secs] 
2016-09-24T02:04:46.935-0400: 86.925: [GC (GCLocker Initiated GC) [PSYoungGen: 180707K->31698K(196096K)] 539548K->408318K(720384K), 0.0143593 secs] [Times: user=0.18 sys=0.00, real=0.01 secs] 
2016-09-24T02:04:47.114-0400: 87.103: [GC (GCLocker Initiated GC) [PSYoungGen: 161746K->22142K(194048K)] 544100K->406022K(718336K), 0.0111040 secs] [Times: user=0.13 sys=0.00, real=0.02 secs] 
2016-09-24T02:04:47.280-0400: 87.270: [GC (GCLocker Initiated GC) [PSYoungGen: 154238K->32961K(195584K)] 538187K->418409K(719872K), 0.0050619 secs] [Times: user=0.07 sys=0.00, real=0.01 secs] 
2016-09-24T02:04:47.434-0400: 87.423: [GC (GCLocker Initiated GC) [PSYoungGen: 165057K->27488K(197120K)] 555920K->419766K(721408K), 0.0108824 secs] [Times: user=0.14 sys=0.00, real=0.02 secs] 
2016-09-24T02:04:47.592-0400: 87.582: [GC (GCLocker Initiated GC) [PSYoungGen: 165728K->38189K(197120K)] 560739K->437322K(721408K), 0.0139458 secs] [Times: user=0.13 sys=0.01, real=0.02 secs] 
2016-09-24T02:04:47.794-0400: 87.784: [GC (GCLocker Initiated GC) [PSYoungGen: 176429K->14558K(201728K)] 583669K->439322K(726016K), 0.0105679 secs] [Times: user=0.12 sys=0.00, real=0.01 secs] 
2016-09-24T02:04:47.985-0400: 87.975: [GC (GCLocker Initiated GC) [PSYoungGen: 157918K->11445K(155136K)] 593844K->449259K(679424K), 0.0080409 secs] [Times: user=0.07 sys=0.02, real=0.00 secs] 
2016-09-24T02:04:48.162-0400: 88.152: [GC (GCLocker Initiated GC) [PSYoungGen: 154805K->19356K(203264K)] 599551K->465681K(727552K), 0.0224926 secs] [Times: user=0.23 sys=0.00, real=0.03 secs] 
2016-09-24T02:04:48.342-0400: 88.331: [GC (GCLocker Initiated GC) [PSYoungGen: 162716K->36015K(179712K)] 611923K->486812K(704000K), 0.0064223 secs] [Times: user=0.08 sys=0.00, real=0.01 secs] 
2016-09-24T02:04:48.509-0400: 88.499: [GC (GCLocker Initiated GC) [PSYoungGen: 179375K->40179K(200704K)] 632971K->495496K(724992K), 0.0106125 secs] [Times: user=0.14 sys=0.00, real=0.01 secs] 
2016-09-24T02:04:48.682-0400: 88.671: [GC (GCLocker Initiated GC) [PSYoungGen: 182515K->50751K(193536K)] 640561K->510547K(717824K), 0.0192422 secs] [Times: user=0.25 sys=0.03, real=0.02 secs] 
2016-09-24T02:04:48.867-0400: 88.856: [GC (GCLocker Initiated GC) [PSYoungGen: 193087K->41401K(198144K)] 658364K->508429K(722432K), 0.0059447 secs] [Times: user=0.07 sys=0.00, real=0.00 secs] 
2016-09-24T02:04:49.035-0400: 89.025: [GC (GCLocker Initiated GC) [PSYoungGen: 175545K->30579K(164864K)] 652175K->508957K(689152K), 0.0117054 secs] [Times: user=0.14 sys=0.00, real=0.01 secs] 
2016-09-24T02:04:49.219-0400: 89.208: [GC (GCLocker Initiated GC) [PSYoungGen: 164723K->27649K(197120K)] 645870K->510545K(721408K), 0.0181997 secs] [Times: user=0.18 sys=0.01, real=0.02 secs] 
2016-09-24T02:04:49.405-0400: 89.395: [GC (GCLocker Initiated GC) [PSYoungGen: 163329K->32840K(195584K)] 657047K->528125K(719872K), 0.0311999 secs] [Times: user=0.33 sys=0.00, real=0.03 secs] 
2016-09-24T02:04:49.589-0400: 89.579: [GC (GCLocker Initiated GC) [PSYoungGen: 168520K->31686K(199680K)] 669234K->550143K(723968K), 0.0062383 secs] [Times: user=0.07 sys=0.01, real=0.01 secs] 
2016-09-24T02:04:49.596-0400: 89.585: [Full GC (Ergonomics) [PSYoungGen: 31686K->0K(199680K)] [ParOldGen: 518456K->158061K(524288K)] 550143K->158061K(723968K), [Metaspace: 43707K->43707K(1087488K)], 0.0667412 secs] [Times: user=0.54 sys=0.01, real=0.07 secs] 
2016-09-24T02:04:49.821-0400: 89.810: [GC (GCLocker Initiated GC) [PSYoungGen: 143360K->49621K(198144K)] 301666K->207928K(722432K), 0.0114301 secs] [Times: user=0.14 sys=0.01, real=0.01 secs] 
2016-09-24T02:04:49.991-0400: 89.981: [GC (GCLocker Initiated GC) [PSYoungGen: 192981K->43903K(201216K)] 351297K->204061K(725504K), 0.0085175 secs] [Times: user=0.10 sys=0.01, real=0.01 secs] 
2016-09-24T02:04:50.159-0400: 90.149: [GC (GCLocker Initiated GC) [PSYoungGen: 186239K->49489K(192000K)] 349265K->214080K(716288K), 0.0099792 secs] [Times: user=0.12 sys=0.00, real=0.01 secs] 
2016-09-24T02:04:50.326-0400: 90.315: [GC (GCLocker Initiated GC) [PSYoungGen: 191825K->33020K(201216K)] 364634K->207454K(725504K), 0.0113160 secs] [Times: user=0.11 sys=0.00, real=0.01 secs] 
2016-09-24T02:04:50.496-0400: 90.485: [GC (GCLocker Initiated GC) [PSYoungGen: 171260K->42529K(199168K)] 348418K->221321K(723456K), 0.0095281 secs] [Times: user=0.12 sys=0.00, real=0.01 secs] 
2016-09-24T02:04:50.667-0400: 90.656: [GC (GCLocker Initiated GC) [PSYoungGen: 180769K->24537K(199680K)] 365151K->210396K(723968K), 0.0382459 secs] [Times: user=0.36 sys=0.00, real=0.04 secs] 
2016-09-24T02:04:50.856-0400: 90.846: [GC (GCLocker Initiated GC) [PSYoungGen: 163286K->29022K(199168K)] 352086K->229993K(723456K), 0.0139664 secs] [Times: user=0.15 sys=0.01, real=0.01 secs] 
2016-09-24T02:04:51.046-0400: 91.035: [GC (GCLocker Initiated GC) [PSYoungGen: 167774K->23772K(200704K)] 383792K->241279K(724992K), 0.0166366 secs] [Times: user=0.19 sys=0.01, real=0.02 secs] 
2016-09-24T02:04:51.223-0400: 91.212: [GC (GCLocker Initiated GC) [PSYoungGen: 165084K->28828K(200192K)] 388068K->253584K(724480K), 0.0107729 secs] [Times: user=0.07 sys=0.00, real=0.00 secs] 
2016-09-24T02:04:51.390-0400: 91.379: [GC (GCLocker Initiated GC) [PSYoungGen: 170140K->24968K(202240K)] 398623K->273932K(726528K), 0.0137607 secs] [Times: user=0.16 sys=0.00, real=0.02 secs] 
2016-09-24T02:04:51.559-0400: 91.549: [GC (GCLocker Initiated GC) [PSYoungGen: 169864K->38192K(201216K)] 418840K->291454K(725504K), 0.0127572 secs] [Times: user=0.14 sys=0.00, real=0.01 secs] 
2016-09-24T02:04:51.734-0400: 91.724: [GC (GCLocker Initiated GC) [PSYoungGen: 183088K->42328K(202752K)] 436417K->297031K(727040K), 0.0308829 secs] [Times: user=0.37 sys=0.00, real=0.04 secs] 
2016-09-24T02:04:51.928-0400: 91.918: [GC (Allocation Failure) [PSYoungGen: 189272K->30520K(204288K)] 450947K->301747K(728576K), 0.0090171 secs] [Times: user=0.10 sys=0.00, real=0.01 secs] 
2016-09-24T02:04:52.096-0400: 92.085: [GC (GCLocker Initiated GC) [PSYoungGen: 177464K->45223K(202240K)] 448696K->318121K(726528K), 0.0072648 secs] [Times: user=0.06 sys=0.00, real=0.01 secs] 
2016-09-24T02:04:52.278-0400: 92.267: [GC (GCLocker Initiated GC) [PSYoungGen: 192167K->41233K(204288K)] 470550K->321151K(728576K), 0.0140154 secs] [Times: user=0.15 sys=0.01, real=0.01 secs] 
2016-09-24T02:04:52.450-0400: 92.440: [GC (GCLocker Initiated GC) [PSYoungGen: 188177K->32977K(201216K)] 468132K->333451K(725504K), 0.0067181 secs] [Times: user=0.06 sys=0.00, real=0.01 secs] 
2016-09-24T02:04:52.618-0400: 92.607: [GC (GCLocker Initiated GC) [PSYoungGen: 179921K->38314K(202752K)] 480431K->353916K(727040K), 0.0139019 secs] [Times: user=0.14 sys=0.01, real=0.01 secs] 
2016-09-24T02:04:52.773-0400: 92.762: [GC (GCLocker Initiated GC) [PSYoungGen: 185258K->50557K(199168K)] 501102K->367792K(723456K), 0.0068683 secs] [Times: user=0.07 sys=0.01, real=0.01 secs] 
2016-09-24T02:04:52.938-0400: 92.927: [GC (GCLocker Initiated GC) [PSYoungGen: 194941K->32959K(203264K)] 514962K->354441K(727552K), 0.0116088 secs] [Times: user=0.12 sys=0.00, real=0.01 secs] 
2016-09-24T02:04:53.107-0400: 93.097: [GC (GCLocker Initiated GC) [PSYoungGen: 177343K->32889K(198656K)] 498970K->356018K(722944K), 0.0062063 secs] [Times: user=0.04 sys=0.01, real=0.00 secs] 
2016-09-24T02:04:53.273-0400: 93.263: [GC (GCLocker Initiated GC) [PSYoungGen: 178809K->42563K(201728K)] 504666K->369964K(726016K), 0.0188539 secs] [Times: user=0.20 sys=0.01, real=0.02 secs] 
2016-09-24T02:04:53.454-0400: 93.444: [GC (GCLocker Initiated GC) [PSYoungGen: 188483K->18080K(203776K)] 519938K->356542K(728064K), 0.0062711 secs] [Times: user=0.06 sys=0.00, real=0.00 secs] 
2016-09-24T02:04:53.629-0400: 93.619: [GC (GCLocker Initiated GC) [PSYoungGen: 165536K->19414K(166912K)] 517806K->373348K(691200K), 0.0124515 secs] [Times: user=0.17 sys=0.00, real=0.01 secs] 
2016-09-24T02:04:53.812-0400: 93.802: [GC (GCLocker Initiated GC) [PSYoungGen: 166870K->41207K(203264K)] 526208K->401889K(727552K), 0.0243287 secs] [Times: user=0.30 sys=0.00, real=0.03 secs] 
2016-09-24T02:04:54.012-0400: 94.002: [GC (GCLocker Initiated GC) [PSYoungGen: 186615K->41191K(203776K)] 547472K->403601K(728064K), 0.0188506 secs] [Times: user=0.24 sys=0.00, real=0.02 secs] 
2016-09-24T02:04:54.196-0400: 94.185: [GC (GCLocker Initiated GC) [PSYoungGen: 186599K->47957K(198656K)] 549038K->412013K(722944K), 0.0145874 secs] [Times: user=0.17 sys=0.01, real=0.01 secs] 
2016-09-24T02:04:54.375-0400: 94.365: [GC (GCLocker Initiated GC) [PSYoungGen: 188245K->23398K(201216K)] 555045K->394547K(725504K), 0.0243605 secs] [Times: user=0.17 sys=0.01, real=0.02 secs] 
2016-09-24T02:04:54.563-0400: 94.552: [GC (GCLocker Initiated GC) [PSYoungGen: 163686K->15199K(200192K)] 540587K->409891K(724480K), 0.0062894 secs] [Times: user=0.05 sys=0.01, real=0.00 secs] 
2016-09-24T02:04:54.723-0400: 94.713: [GC (GCLocker Initiated GC) [PSYoungGen: 154463K->35408K(175104K)] 549170K->431535K(699392K), 0.0066537 secs] [Times: user=0.06 sys=0.01, real=0.00 secs] 
2016-09-24T02:04:54.883-0400: 94.873: [GC (GCLocker Initiated GC) [PSYoungGen: 174672K->26257K(200192K)] 576279K->439971K(724480K), 0.0072346 secs] [Times: user=0.06 sys=0.00, real=0.00 secs] 
2016-09-24T02:04:55.050-0400: 95.040: [GC (GCLocker Initiated GC) [PSYoungGen: 167057K->11337K(199168K)] 592014K->437827K(723456K), 0.0070579 secs] [Times: user=0.04 sys=0.00, real=0.01 secs] 
2016-09-24T02:04:55.219-0400: 95.209: [GC (Allocation Failure) [PSYoungGen: 152137K->29032K(199680K)] 592348K->470867K(723968K), 0.0050105 secs] [Times: user=0.06 sys=0.00, real=0.01 secs] 
2016-09-24T02:04:55.225-0400: 95.215: [GC (GCLocker Initiated GC) [PSYoungGen: 30420K->320K(201216K)] 472255K->470931K(725504K), 0.0043892 secs] [Times: user=0.05 sys=0.00, real=0.00 secs] 
2016-09-24T02:04:55.396-0400: 95.386: [GC (GCLocker Initiated GC) [PSYoungGen: 144377K->31815K(204288K)] 617688K->505143K(728576K), 0.0082691 secs] [Times: user=0.07 sys=0.00, real=0.01 secs] 
2016-09-24T02:04:55.569-0400: 95.559: [GC (GCLocker Initiated GC) [PSYoungGen: 177223K->41146K(186880K)] 650632K->516414K(711168K), 0.0146132 secs] [Times: user=0.17 sys=0.00, real=0.02 secs] 
2016-09-24T02:04:55.744-0400: 95.734: [GC (GCLocker Initiated GC) [PSYoungGen: 186554K->35548K(203264K)] 661948K->512434K(727552K), 0.0284263 secs] [Times: user=0.30 sys=0.00, real=0.02 secs] 
2016-09-24T02:04:55.927-0400: 95.917: [GC (GCLocker Initiated GC) [PSYoungGen: 179420K->24812K(168960K)] 661728K->524823K(693248K), 0.0075599 secs] [Times: user=0.05 sys=0.00, real=0.01 secs] 
2016-09-24T02:04:55.935-0400: 95.925: [Full GC (Ergonomics) [PSYoungGen: 24812K->0K(168960K)] [ParOldGen: 500010K->211087K(524288K)] 524823K->211087K(693248K), [Metaspace: 43713K->43713K(1087488K)], 0.0724157 secs] [Times: user=0.44 sys=0.00, real=0.07 secs] 
2016-09-24T02:04:56.162-0400: 96.152: [GC (GCLocker Initiated GC) [PSYoungGen: 143872K->44233K(197632K)] 357683K->258052K(721920K), 0.0049623 secs] [Times: user=0.05 sys=0.00, real=0.01 secs] 
2016-09-24T02:04:56.306-0400: 96.295: [GC (GCLocker Initiated GC) [PSYoungGen: 185033K->38082K(200704K)] 399097K->254017K(724992K), 0.0064896 secs] [Times: user=0.05 sys=0.00, real=0.00 secs] 
2016-09-24T02:04:56.440-0400: 96.430: [GC (Allocation Failure) [PSYoungGen: 178882K->53027K(191488K)] 395017K->270458K(715776K), 0.0060131 secs] [Times: user=0.07 sys=0.00, real=0.01 secs] 
2016-09-24T02:04:56.572-0400: 96.561: [GC (GCLocker Initiated GC) [PSYoungGen: 183411K->41908K(197120K)] 403542K->263258K(721408K), 0.0060729 secs] [Times: user=0.06 sys=0.00, real=0.01 secs] 
2016-09-24T02:04:56.706-0400: 96.695: [GC (GCLocker Initiated GC) [PSYoungGen: 174004K->30874K(192512K)] 395375K->253170K(716800K), 0.0223338 secs] [Times: user=0.21 sys=0.02, real=0.02 secs] 
2016-09-24T02:04:56.848-0400: 96.838: [GC (GCLocker Initiated GC) [PSYoungGen: 163482K->37959K(195072K)] 385807K->280086K(719360K), 0.0084984 secs] [Times: user=0.08 sys=0.00, real=0.01 secs] 
2016-09-24T02:04:56.990-0400: 96.979: [GC (GCLocker Initiated GC) [PSYoungGen: 170567K->37923K(195584K)] 412727K->283782K(719872K), 0.0061754 secs] [Times: user=0.06 sys=0.00, real=0.01 secs] 
2016-09-24T02:04:57.118-0400: 97.108: [GC (GCLocker Initiated GC) [PSYoungGen: 176675K->9406K(198144K)] 431986K->281925K(722432K), 0.0253098 secs] [Times: user=0.26 sys=0.00, real=0.03 secs] 
2016-09-24T02:04:57.277-0400: 97.266: [GC (GCLocker Initiated GC) [PSYoungGen: 148158K->33904K(200704K)] 420695K->307543K(724992K), 0.0065730 secs] [Times: user=0.09 sys=0.00, real=0.01 secs] 
2016-09-24T02:04:57.423-0400: 97.412: [GC (GCLocker Initiated GC) [PSYoungGen: 175216K->26093K(200704K)] 457449K->309424K(724992K), 0.0090323 secs] [Times: user=0.12 sys=0.00, real=0.00 secs] 
2016-09-24T02:04:57.577-0400: 97.567: [GC (GCLocker Initiated GC) [PSYoungGen: 167405K->36561K(201728K)] 460248K->330564K(726016K), 0.0058330 secs] [Times: user=0.06 sys=0.00, real=0.01 secs] 
2016-09-24T02:04:57.731-0400: 97.721: [GC (GCLocker Initiated GC) [PSYoungGen: 180945K->32599K(201216K)] 474955K->346640K(725504K), 0.0235225 secs] [Times: user=0.34 sys=0.00, real=0.03 secs] 
2016-09-24T02:04:57.917-0400: 97.907: [GC (GCLocker Initiated GC) [PSYoungGen: 176983K->20512K(202240K)] 496499K->341132K(726528K), 0.0178722 secs] [Times: user=0.18 sys=0.01, real=0.02 secs] 
2016-09-24T02:04:58.082-0400: 98.071: [GC (GCLocker Initiated GC) [PSYoungGen: 168480K->38124K(202240K)] 494622K->365686K(726528K), 0.0109993 secs] [Times: user=0.09 sys=0.01, real=0.01 secs] 
2016-09-24T02:04:58.234-0400: 98.224: [GC (GCLocker Initiated GC) [PSYoungGen: 186092K->16282K(207360K)] 513683K->361267K(731648K), 0.0154090 secs] [Times: user=0.15 sys=0.00, real=0.01 secs] 
2016-09-24T02:04:58.397-0400: 98.387: [GC (GCLocker Initiated GC) [PSYoungGen: 168858K->19032K(172032K)] 522005K->389591K(696320K), 0.0085943 secs] [Times: user=0.08 sys=0.00, real=0.01 secs] 
2016-09-24T02:04:58.572-0400: 98.562: [GC (GCLocker Initiated GC) [PSYoungGen: 171608K->20580K(207872K)] 547582K->416649K(732160K), 0.0123066 secs] [Times: user=0.12 sys=0.00, real=0.02 secs] 
2016-09-24T02:04:58.736-0400: 98.726: [GC (GCLocker Initiated GC) [PSYoungGen: 174180K->51736K(205824K)] 570278K->454565K(730112K), 0.0067092 secs] [Times: user=0.09 sys=0.00, real=0.01 secs] 
2016-09-24T02:04:58.882-0400: 98.871: [GC (GCLocker Initiated GC) [PSYoungGen: 205336K->38215K(199680K)] 608190K->466610K(723968K), 0.0062819 secs] [Times: user=0.08 sys=0.00, real=0.01 secs] 
2016-09-24T02:04:59.049-0400: 99.038: [GC (GCLocker Initiated GC) [PSYoungGen: 181575K->13872K(157696K)] 625044K->458592K(681984K), 0.0158404 secs] [Times: user=0.17 sys=0.00, real=0.02 secs] 
2016-09-24T02:04:59.204-0400: 99.193: [GC (GCLocker Initiated GC) [PSYoungGen: 157232K->25729K(204800K)] 601958K->471729K(729088K), 0.0053112 secs] [Times: user=0.05 sys=0.00, real=0.00 secs] 
2016-09-24T02:04:59.354-0400: 99.344: [GC (GCLocker Initiated GC) [PSYoungGen: 170625K->32465K(177664K)] 616630K->479574K(701952K), 0.0276819 secs] [Times: user=0.30 sys=0.01, real=0.02 secs] 
2016-09-24T02:04:59.532-0400: 99.522: [GC (GCLocker Initiated GC) [PSYoungGen: 177361K->38158K(200192K)] 624499K->486333K(724480K), 0.0167937 secs] [Times: user=0.14 sys=0.00, real=0.02 secs] 
2016-09-24T02:04:59.697-0400: 99.686: [GC (GCLocker Initiated GC) [PSYoungGen: 182542K->39644K(200704K)] 630805K->513707K(724992K), 0.0136419 secs] [Times: user=0.15 sys=0.00, real=0.01 secs] 
2016-09-24T02:04:59.870-0400: 99.859: [GC (GCLocker Initiated GC) [PSYoungGen: 184028K->21074K(204800K)] 666355K->515717K(729088K), 0.0148288 secs] [Times: user=0.16 sys=0.00, real=0.02 secs] 
2016-09-24T02:04:59.885-0400: 99.874: [Full GC (Ergonomics) [PSYoungGen: 21074K->0K(204800K)] [ParOldGen: 494643K->169182K(524288K)] 515717K->169182K(729088K), [Metaspace: 43719K->43719K(1087488K)], 0.0869910 secs] [Times: user=0.68 sys=0.01, real=0.08 secs] 
2016-09-24T02:05:00.134-0400: 100.123: [GC (GCLocker Initiated GC) [PSYoungGen: 148480K->29194K(178176K)] 320589K->201303K(702464K), 0.0072784 secs] [Times: user=0.06 sys=0.00, real=0.01 secs] 
2016-09-24T02:05:00.303-0400: 100.292: [GC (GCLocker Initiated GC) [PSYoungGen: 177674K->23472K(205312K)] 355250K->202835K(729600K), 0.0056152 secs] [Times: user=0.04 sys=0.01, real=0.00 secs] 
2016-09-24T02:05:00.476-0400: 100.466: [GC (GCLocker Initiated GC) [PSYoungGen: 174512K->32696K(203776K)] 359501K->219142K(728064K), 0.0055339 secs] [Times: user=0.04 sys=0.00, real=0.00 secs] 
2016-09-24T02:05:00.641-0400: 100.631: [GC (GCLocker Initiated GC) [PSYoungGen: 183736K->32652K(207872K)] 370292K->220478K(732160K), 0.0312440 secs] [Times: user=0.31 sys=0.00, real=0.03 secs] 
2016-09-24T02:05:00.828-0400: 100.818: [GC (GCLocker Initiated GC) [PSYoungGen: 188812K->38360K(206848K)] 376756K->227611K(731136K), 0.0103101 secs] [Times: user=0.11 sys=0.00, real=0.01 secs] 
2016-09-24T02:05:00.998-0400: 100.988: [GC (GCLocker Initiated GC) [PSYoungGen: 194520K->34243K(210432K)] 383855K->225041K(734720K), 0.0102447 secs] [Times: user=0.08 sys=0.01, real=0.01 secs] 
2016-09-24T02:05:01.169-0400: 101.159: [GC (GCLocker Initiated GC) [PSYoungGen: 193987K->28561K(188416K)] 392913K->234362K(712704K), 0.0168782 secs] [Times: user=0.18 sys=0.00, real=0.02 secs] 
2016-09-24T02:05:01.361-0400: 101.351: [GC (GCLocker Initiated GC) [PSYoungGen: 188305K->33129K(210944K)] 397013K->259326K(735232K), 0.0264676 secs] [Times: user=0.31 sys=0.01, real=0.03 secs] 
2016-09-24T02:05:01.556-0400: 101.546: [GC (GCLocker Initiated GC) [PSYoungGen: 194921K->41000K(209920K)] 421154K->268848K(734208K), 0.0156714 secs] [Times: user=0.19 sys=0.00, real=0.01 secs] 
2016-09-24T02:05:01.734-0400: 101.723: [GC (GCLocker Initiated GC) [PSYoungGen: 202792K->34280K(212992K)] 430682K->263493K(737280K), 0.0058532 secs] [Times: user=0.05 sys=0.01, real=0.01 secs] 
2016-09-24T02:05:01.922-0400: 101.911: [GC (GCLocker Initiated GC) [PSYoungGen: 197096K->20899K(211968K)] 438588K->266619K(736256K), 0.0180274 secs] [Times: user=0.13 sys=0.00, real=0.02 secs] 
2016-09-24T02:05:02.103-0400: 102.093: [GC (GCLocker Initiated GC) [PSYoungGen: 183715K->26160K(211456K)] 429476K->273600K(735744K), 0.0193000 secs] [Times: user=0.19 sys=0.00, real=0.02 secs] 
2016-09-24T02:05:02.303-0400: 102.293: [GC (GCLocker Initiated GC) [PSYoungGen: 189488K->46465K(209920K)] 436960K->300813K(734208K), 0.0065018 secs] [Times: user=0.07 sys=0.00, real=0.00 secs] 
2016-09-24T02:05:02.482-0400: 102.471: [GC (GCLocker Initiated GC) [PSYoungGen: 209793K->38146K(208896K)] 464284K->296885K(733184K), 0.0077714 secs] [Times: user=0.06 sys=0.01, real=0.01 secs] 
2016-09-24T02:05:02.666-0400: 102.656: [GC (GCLocker Initiated GC) [PSYoungGen: 194818K->32838K(189952K)] 459120K->298483K(714240K), 0.0057095 secs] [Times: user=0.05 sys=0.00, real=0.00 secs] 
2016-09-24T02:05:02.820-0400: 102.809: [GC (GCLocker Initiated GC) [PSYoungGen: 189510K->45092K(204800K)] 457864K->314755K(729088K), 0.0061144 secs] [Times: user=0.05 sys=0.00, real=0.01 secs] 
2016-09-24T02:05:02.998-0400: 102.987: [GC (GCLocker Initiated GC) [PSYoungGen: 199204K->23421K(207872K)] 476974K->302499K(732160K), 0.0051009 secs] [Times: user=0.04 sys=0.00, real=0.01 secs] 
2016-09-24T02:05:03.150-0400: 103.139: [GC (GCLocker Initiated GC) [PSYoungGen: 177533K->40898K(206848K)] 456622K->321440K(731136K), 0.0104329 secs] [Times: user=0.08 sys=0.01, real=0.01 secs] 
2016-09-24T02:05:03.307-0400: 103.297: [GC (GCLocker Initiated GC) [PSYoungGen: 194498K->48887K(202752K)] 475274K->330955K(727040K), 0.0070210 secs] [Times: user=0.07 sys=0.00, real=0.01 secs] 
2016-09-24T02:05:03.470-0400: 103.459: [GC (GCLocker Initiated GC) [PSYoungGen: 202487K->34083K(206336K)] 490023K->322790K(730624K), 0.0060331 secs] [Times: user=0.06 sys=0.00, real=0.01 secs] 
2016-09-24T02:05:03.618-0400: 103.608: [GC (GCLocker Initiated GC) [PSYoungGen: 182563K->32437K(181248K)] 471273K->322336K(705536K), 0.0255013 secs] [Times: user=0.30 sys=0.00, real=0.03 secs] 
2016-09-24T02:05:03.779-0400: 103.768: [GC (GCLocker Initiated GC) [PSYoungGen: 180917K->32586K(204288K)] 475103K->327825K(728576K), 0.0057604 secs] [Times: user=0.05 sys=0.00, real=0.01 secs] 
2016-09-24T02:05:03.924-0400: 103.913: [GC (GCLocker Initiated GC) [PSYoungGen: 182602K->24517K(202752K)] 486128K->329150K(727040K), 0.0053347 secs] [Times: user=0.05 sys=0.00, real=0.00 secs] 
2016-09-24T02:05:04.074-0400: 104.063: [GC (GCLocker Initiated GC) [PSYoungGen: 174533K->39434K(207360K)] 486083K->352094K(731648K), 0.0101189 secs] [Times: user=0.13 sys=0.00, real=0.02 secs] 
2016-09-24T02:05:04.231-0400: 104.221: [GC (GCLocker Initiated GC) [PSYoungGen: 194058K->28519K(207872K)] 512599K->364364K(732160K), 0.0061428 secs] [Times: user=0.07 sys=0.00, real=0.01 secs] 
2016-09-24T02:05:04.380-0400: 104.370: [GC (GCLocker Initiated GC) [PSYoungGen: 183143K->36336K(207360K)] 518995K->373273K(731648K), 0.0166957 secs] [Times: user=0.20 sys=0.00, real=0.02 secs] 
2016-09-24T02:05:04.562-0400: 104.551: [GC (GCLocker Initiated GC) [PSYoungGen: 193008K->32770K(207872K)] 535351K->376025K(732160K), 0.0124902 secs] [Times: user=0.15 sys=0.01, real=0.02 secs] 
2016-09-24T02:05:04.734-0400: 104.724: [GC (GCLocker Initiated GC) [PSYoungGen: 189442K->31281K(209920K)] 532711K->375769K(734208K), 0.0212112 secs] [Times: user=0.20 sys=0.00, real=0.03 secs] 
2016-09-24T02:05:04.917-0400: 104.906: [GC (GCLocker Initiated GC) [PSYoungGen: 192561K->46143K(209920K)] 539791K->416291K(734208K), 0.0071394 secs] [Times: user=0.07 sys=0.01, real=0.01 secs] 
2016-09-24T02:05:05.108-0400: 105.098: [GC (GCLocker Initiated GC) [PSYoungGen: 207423K->11316K(205312K)] 581640K->421724K(729600K), 0.0061816 secs] [Times: user=0.07 sys=0.01, real=0.01 secs] 
2016-09-24T02:05:05.266-0400: 105.256: [GC (GCLocker Initiated GC) [PSYoungGen: 164916K->32133K(207872K)] 575394K->443925K(732160K), 0.0062612 secs] [Times: user=0.04 sys=0.00, real=0.00 secs] 
2016-09-24T02:05:05.418-0400: 105.408: [GC (GCLocker Initiated GC) [PSYoungGen: 185733K->43311K(205824K)] 600250K->458648K(730112K), 0.0061379 secs] [Times: user=0.07 sys=0.00, real=0.01 secs] 
2016-09-24T02:05:05.591-0400: 105.580: [GC (GCLocker Initiated GC) [PSYoungGen: 196911K->40782K(194560K)] 615030K->481548K(718848K), 0.0236135 secs] [Times: user=0.24 sys=0.00, real=0.03 secs] 
2016-09-24T02:05:05.778-0400: 105.768: [GC (GCLocker Initiated GC) [PSYoungGen: 194382K->23380K(207360K)] 641925K->472101K(731648K), 0.0066324 secs] [Times: user=0.09 sys=0.00, real=0.01 secs] 
2016-09-24T02:05:05.934-0400: 105.923: [GC (GCLocker Initiated GC) [PSYoungGen: 175956K->31454K(184320K)] 627615K->484319K(708608K), 0.0138578 secs] [Times: user=0.15 sys=0.00, real=0.02 secs] 
2016-09-24T02:05:06.087-0400: 106.077: [GC (GCLocker Initiated GC) [PSYoungGen: 184030K->42164K(203776K)] 636952K->496362K(728064K), 0.0056060 secs] [Times: user=0.07 sys=0.00, real=0.00 secs] 
2016-09-24T02:05:06.250-0400: 106.240: [GC (GCLocker Initiated GC) [PSYoungGen: 193204K->41000K(205312K)] 652932K->501906K(729600K), 0.0060620 secs] [Times: user=0.06 sys=0.00, real=0.01 secs] 
2016-09-24T02:05:06.404-0400: 106.394: [GC (GCLocker Initiated GC) [PSYoungGen: 192040K->24794K(207360K)] 658348K->508641K(731648K), 0.0081178 secs] [Times: user=0.09 sys=0.00, real=0.00 secs] 
2016-09-24T02:05:06.572-0400: 106.561: [GC (Allocation Failure) [PSYoungGen: 177882K->27530K(180736K)] 666057K->517074K(705024K), 0.0056920 secs] [Times: user=0.08 sys=0.00, real=0.01 secs] 
2016-09-24T02:05:06.742-0400: 106.731: [GC (GCLocker Initiated GC) [PSYoungGen: 180353K->23286K(206848K)] 675297K->519640K(731136K), 0.0187918 secs] [Times: user=0.23 sys=0.01, real=0.02 secs] 
2016-09-24T02:05:06.922-0400: 106.911: [Full GC (Ergonomics) [PSYoungGen: 176886K->0K(206848K)] [ParOldGen: 499073K->156017K(524288K)] 675960K->156017K(731136K), [Metaspace: 43738K->43738K(1087488K)], 0.0948170 secs] [Times: user=0.79 sys=0.01, real=0.10 secs] 
2016-09-24T02:05:07.188-0400: 107.178: [GC (GCLocker Initiated GC) [PSYoungGen: 153600K->26561K(206848K)] 313676K->186637K(731136K), 0.0160786 secs] [Times: user=0.13 sys=0.00, real=0.02 secs] 
2016-09-24T02:05:07.363-0400: 107.353: [GC (GCLocker Initiated GC) [PSYoungGen: 180161K->42498K(205824K)] 340299K->204465K(730112K), 0.0064443 secs] [Times: user=0.06 sys=0.00, real=0.00 secs] 
2016-09-24T02:05:07.547-0400: 107.537: [GC (GCLocker Initiated GC) [PSYoungGen: 196098K->13145K(166912K)] 374477K->209154K(691200K), 0.0166359 secs] [Times: user=0.21 sys=0.00, real=0.02 secs] 
2016-09-24T02:05:07.725-0400: 107.714: [GC (GCLocker Initiated GC) [PSYoungGen: 166745K->49168K(198656K)] 362880K->246965K(722944K), 0.0070967 secs] [Times: user=0.08 sys=0.00, real=0.00 secs] 
2016-09-24T02:05:07.879-0400: 107.869: [GC (GCLocker Initiated GC) [PSYoungGen: 192528K->34413K(202752K)] 393225K->247364K(727040K), 0.0061063 secs] [Times: user=0.06 sys=0.00, real=0.01 secs] 
2016-09-24T02:05:08.042-0400: 108.032: [GC (GCLocker Initiated GC) [PSYoungGen: 177773K->24717K(198144K)] 393457K->241862K(722432K), 0.0268812 secs] [Times: user=0.27 sys=0.00, real=0.02 secs] 
2016-09-24T02:05:08.246-0400: 108.235: [GC (GCLocker Initiated GC) [PSYoungGen: 169613K->35697K(201216K)] 389463K->284162K(725504K), 0.0071706 secs] [Times: user=0.08 sys=0.02, real=0.00 secs] 
2016-09-24T02:05:08.421-0400: 108.411: [GC (GCLocker Initiated GC) [PSYoungGen: 180593K->42798K(202752K)] 431761K->295457K(727040K), 0.0060085 secs] [Times: user=0.07 sys=0.01, real=0.01 secs] 
2016-09-24T02:05:08.590-0400: 108.580: [GC (GCLocker Initiated GC) [PSYoungGen: 190254K->42642K(190464K)] 452470K->306636K(714752K), 0.0054660 secs] [Times: user=0.05 sys=0.01, real=0.01 secs] 
2016-09-24T02:05:08.762-0400: 108.751: [GC (GCLocker Initiated GC) [PSYoungGen: 190098K->42507K(202752K)] 454252K->321790K(727040K), 0.0064313 secs] [Times: user=0.08 sys=0.00, real=0.01 secs] 
2016-09-24T02:05:08.944-0400: 108.933: [GC (GCLocker Initiated GC) [PSYoungGen: 186891K->25055K(203264K)] 471808K->322339K(727552K), 0.0054552 secs] [Times: user=0.06 sys=0.00, real=0.00 secs] 
2016-09-24T02:05:09.105-0400: 109.094: [GC (GCLocker Initiated GC) [PSYoungGen: 169439K->20526K(203264K)] 472196K->324869K(727552K), 0.0121003 secs] [Times: user=0.12 sys=0.00, real=0.01 secs] 
2016-09-24T02:05:09.292-0400: 109.281: [GC (GCLocker Initiated GC) [PSYoungGen: 165422K->31397K(176640K)] 475210K->342571K(700928K), 0.0061848 secs] [Times: user=0.06 sys=0.00, real=0.01 secs] 
2016-09-24T02:05:09.450-0400: 109.440: [GC (GCLocker Initiated GC) [PSYoungGen: 176293K->38525K(201216K)] 487473K->351098K(725504K), 0.0126693 secs] [Times: user=0.14 sys=0.01, real=0.02 secs] 
2016-09-24T02:05:09.641-0400: 109.630: [GC (GCLocker Initiated GC) [PSYoungGen: 183933K->38548K(201216K)] 503767K->360041K(725504K), 0.0176963 secs] [Times: user=0.21 sys=0.01, real=0.02 secs] 
2016-09-24T02:05:09.830-0400: 109.820: [GC (GCLocker Initiated GC) [PSYoungGen: 183956K->26256K(205824K)] 513652K->357603K(730112K), 0.0295066 secs] [Times: user=0.37 sys=0.00, real=0.03 secs] 
2016-09-24T02:05:10.062-0400: 110.052: [GC (GCLocker Initiated GC) [PSYoungGen: 177296K->19820K(205824K)] 515402K->378558K(730112K), 0.0132116 secs] [Times: user=0.13 sys=0.00, real=0.01 secs] 
2016-09-24T02:05:10.266-0400: 110.256: [GC (GCLocker Initiated GC) [PSYoungGen: 170860K->27629K(204288K)] 535000K->393576K(728576K), 0.0230599 secs] [Times: user=0.24 sys=0.01, real=0.02 secs] 
2016-09-24T02:05:10.468-0400: 110.457: [GC (GCLocker Initiated GC) [PSYoungGen: 180205K->19876K(205824K)] 565108K->406430K(730112K), 0.0159867 secs] [Times: user=0.18 sys=0.00, real=0.02 secs] 
2016-09-24T02:05:10.687-0400: 110.677: [GC (GCLocker Initiated GC) [PSYoungGen: 172452K->30520K(204288K)] 567139K->427085K(728576K), 0.0057147 secs] [Times: user=0.04 sys=0.01, real=0.00 secs] 
2016-09-24T02:05:10.867-0400: 110.856: [GC (GCLocker Initiated GC) [PSYoungGen: 186680K->31651K(206848K)] 583256K->446204K(731136K), 0.0158688 secs] [Times: user=0.15 sys=0.00, real=0.02 secs] 
2016-09-24T02:05:11.062-0400: 111.052: [GC (GCLocker Initiated GC) [PSYoungGen: 187811K->23649K(209408K)] 606454K->443923K(733696K), 0.0065438 secs] [Times: user=0.04 sys=0.00, real=0.00 secs] 
2016-09-24T02:05:11.247-0400: 111.237: [GC (GCLocker Initiated GC) [PSYoungGen: 185953K->38621K(210944K)] 608960K->463453K(735232K), 0.0119576 secs] [Times: user=0.13 sys=0.01, real=0.01 secs] 
2016-09-24T02:05:11.444-0400: 111.433: [GC (GCLocker Initiated GC) [PSYoungGen: 200925K->43918K(205824K)] 625774K->470602K(730112K), 0.0266792 secs] [Times: user=0.34 sys=0.00, real=0.02 secs] 
2016-09-24T02:05:11.658-0400: 111.648: [GC (GCLocker Initiated GC) [PSYoungGen: 199566K->42943K(198656K)] 628983K->474060K(722944K), 0.0218927 secs] [Times: user=0.10 sys=0.05, real=0.02 secs] 
2016-09-24T02:05:11.848-0400: 111.837: [GC (GCLocker Initiated GC) [PSYoungGen: 198591K->39980K(206848K)] 629741K->473109K(731136K), 0.0068321 secs] [Times: user=0.07 sys=0.01, real=0.01 secs] 
2016-09-24T02:05:12.014-0400: 112.003: [GC (GCLocker Initiated GC) [PSYoungGen: 191532K->24906K(176640K)] 624680K->484031K(700928K), 0.0067450 secs] [Times: user=0.07 sys=0.00, real=0.01 secs] 
2016-09-24T02:05:12.186-0400: 112.175: [GC (GCLocker Initiated GC) [PSYoungGen: 176458K->8633K(203264K)] 649320K->493779K(727552K), 0.0053399 secs] [Times: user=0.04 sys=0.01, real=0.00 secs] 
2016-09-24T02:05:12.338-0400: 112.328: [Full GC (Ergonomics) [PSYoungGen: 157113K->0K(203264K)] [ParOldGen: 497447K->150881K(524288K)] 654561K->150881K(727552K), [Metaspace: 43758K->43758K(1087488K)], 0.0678315 secs] [Times: user=0.43 sys=0.00, real=0.07 secs] 
2016-09-24T02:05:12.548-0400: 112.537: [GC (GCLocker Initiated GC) [PSYoungGen: 148255K->15256K(205312K)] 301836K->168837K(729600K), 0.0259460 secs] [Times: user=0.28 sys=0.01, real=0.02 secs] 
2016-09-24T02:05:12.706-0400: 112.696: [GC (GCLocker Initiated GC) [PSYoungGen: 163736K->43504K(200192K)] 317323K->198560K(724480K), 0.0059385 secs] [Times: user=0.07 sys=0.00, real=0.00 secs] 
2016-09-24T02:05:12.849-0400: 112.838: [GC (GCLocker Initiated GC) [PSYoungGen: 186864K->32866K(202752K)] 341939K->189080K(727040K), 0.0096701 secs] [Times: user=0.10 sys=0.00, real=0.01 secs] 
2016-09-24T02:05:12.972-0400: 112.962: [GC (GCLocker Initiated GC) [PSYoungGen: 176226K->43212K(200704K)] 332473K->200838K(724992K), 0.0333587 secs] [Times: user=0.33 sys=0.01, real=0.04 secs] 
2016-09-24T02:05:13.163-0400: 113.152: [GC (GCLocker Initiated GC) [PSYoungGen: 186572K->21581K(202752K)] 349623K->191026K(727040K), 0.0083348 secs] [Times: user=0.06 sys=0.01, real=0.00 secs] 
2016-09-24T02:05:13.318-0400: 113.307: [GC (GCLocker Initiated GC) [PSYoungGen: 164941K->40807K(201728K)] 334516K->211484K(726016K), 0.0117695 secs] [Times: user=0.14 sys=0.00, real=0.01 secs] 
2016-09-24T02:05:13.448-0400: 113.438: [GC (Allocation Failure) [PSYoungGen: 184167K->35416K(179200K)] 354917K->220906K(703488K), 0.0163250 secs] [Times: user=0.17 sys=0.00, real=0.02 secs] 
2016-09-24T02:05:13.465-0400: 113.455: [GC (GCLocker Initiated GC) [PSYoungGen: 35432K->256K(198144K)] 220921K->247821K(722432K), 0.0112864 secs] [Times: user=0.11 sys=0.01, real=0.01 secs] 
2016-09-24T02:05:13.613-0400: 113.603: [GC (GCLocker Initiated GC) [PSYoungGen: 139755K->30048K(201216K)] 388671K->278963K(725504K), 0.0064254 secs] [Times: user=0.06 sys=0.00, real=0.01 secs] 
2016-09-24T02:05:13.779-0400: 113.769: [GC (GCLocker Initiated GC) [PSYoungGen: 170336K->54257K(190976K)] 419280K->304591K(715264K), 0.0097724 secs] [Times: user=0.10 sys=0.01, real=0.01 secs] 
2016-09-24T02:05:13.905-0400: 113.895: [GC (GCLocker Initiated GC) [PSYoungGen: 187377K->17713K(197632K)] 438036K->291175K(721920K), 0.0066312 secs] [Times: user=0.06 sys=0.01, real=0.00 secs] 
2016-09-24T02:05:14.027-0400: 114.017: [GC (GCLocker Initiated GC) [PSYoungGen: 150833K->35107K(193536K)] 424375K->312369K(717824K), 0.0165088 secs] [Times: user=0.15 sys=0.00, real=0.02 secs] 
2016-09-24T02:05:14.171-0400: 114.161: [GC (GCLocker Initiated GC) [PSYoungGen: 169251K->24347K(196096K)] 453282K->309279K(720384K), 0.0045992 secs] [Times: user=0.04 sys=0.00, real=0.01 secs] 
2016-09-24T02:05:14.307-0400: 114.296: [GC (GCLocker Initiated GC) [PSYoungGen: 158491K->48996K(194048K)] 446149K->337867K(718336K), 0.0055978 secs] [Times: user=0.06 sys=0.00, real=0.00 secs] 
2016-09-24T02:05:14.449-0400: 114.439: [GC (GCLocker Initiated GC) [PSYoungGen: 183140K->12482K(198144K)] 488654K->340801K(722432K), 0.0045420 secs] [Times: user=0.05 sys=0.00, real=0.00 secs] 
2016-09-24T02:05:14.574-0400: 114.563: [GC (GCLocker Initiated GC) [PSYoungGen: 146626K->29750K(192000K)] 477678K->361994K(716288K), 0.0058840 secs] [Times: user=0.05 sys=0.00, real=0.01 secs] 
2016-09-24T02:05:14.710-0400: 114.700: [GC (GCLocker Initiated GC) [PSYoungGen: 163894K->12193K(195072K)] 505602K->371191K(719360K), 0.0063206 secs] [Times: user=0.05 sys=0.00, real=0.01 secs] 
2016-09-24T02:05:14.850-0400: 114.840: [GC (GCLocker Initiated GC) [PSYoungGen: 146337K->25665K(195072K)] 509394K->389813K(719360K), 0.0053890 secs] [Times: user=0.05 sys=0.00, real=0.01 secs] 
2016-09-24T02:05:14.980-0400: 114.970: [GC (GCLocker Initiated GC) [PSYoungGen: 165953K->27094K(198144K)] 535606K->397806K(722432K), 0.0043633 secs] [Times: user=0.04 sys=0.00, real=0.01 secs] 
2016-09-24T02:05:15.127-0400: 115.116: [GC (GCLocker Initiated GC) [PSYoungGen: 167382K->21511K(200704K)] 540598K->395766K(724992K), 0.0106644 secs] [Times: user=0.08 sys=0.01, real=0.01 secs] 
2016-09-24T02:05:15.282-0400: 115.272: [GC (GCLocker Initiated GC) [PSYoungGen: 170503K->24473K(202752K)] 548812K->403814K(727040K), 0.0168925 secs] [Times: user=0.14 sys=0.00, real=0.01 secs] 
2016-09-24T02:05:15.438-0400: 115.427: [GC (GCLocker Initiated GC) [PSYoungGen: 173465K->35367K(206848K)] 555622K->418818K(731136K), 0.0153237 secs] [Times: user=0.17 sys=0.00, real=0.01 secs] 
2016-09-24T02:05:15.627-0400: 115.617: [GC (GCLocker Initiated GC) [PSYoungGen: 191015K->38233K(207872K)] 577324K->428478K(732160K), 0.0164984 secs] [Times: user=0.17 sys=0.02, real=0.02 secs] 
2016-09-24T02:05:15.824-0400: 115.813: [GC (GCLocker Initiated GC) [PSYoungGen: 193881K->32787K(208896K)] 584132K->424520K(733184K), 0.0073992 secs] [Times: user=0.06 sys=0.01, real=0.00 secs] 
2016-09-24T02:05:16.004-0400: 115.993: [GC (GCLocker Initiated GC) [PSYoungGen: 188435K->16614K(208384K)] 592372K->421971K(732672K), 0.0054452 secs] [Times: user=0.05 sys=0.00, real=0.00 secs] 
2016-09-24T02:05:16.187-0400: 116.176: [GC (GCLocker Initiated GC) [PSYoungGen: 172262K->25760K(206336K)] 584928K->439985K(730624K), 0.0192911 secs] [Times: user=0.20 sys=0.00, real=0.02 secs] 
2016-09-24T02:05:16.374-0400: 116.363: [GC (GCLocker Initiated GC) [PSYoungGen: 182944K->15430K(207360K)] 601449K->451341K(731648K), 0.0050952 secs] [Times: user=0.04 sys=0.00, real=0.01 secs] 
2016-09-24T02:05:16.548-0400: 116.538: [GC (GCLocker Initiated GC) [PSYoungGen: 172614K->26312K(207872K)] 613932K->471884K(732160K), 0.0112938 secs] [Times: user=0.10 sys=0.02, real=0.01 secs] 
2016-09-24T02:05:16.714-0400: 116.704: [GC (GCLocker Initiated GC) [PSYoungGen: 188104K->46603K(208896K)] 633688K->493863K(733184K), 0.0139250 secs] [Times: user=0.15 sys=0.01, real=0.02 secs] 
2016-09-24T02:05:21.894-0400: 121.884: [GC (Allocation Failure) [PSYoungGen: 208395K->22376K(210432K)] 655724K->471350K(734720K), 0.0160963 secs] [Times: user=0.13 sys=0.00, real=0.01 secs] 
2016-09-24T02:05:40.904-0400: 140.894: [GC (Allocation Failure) [PSYoungGen: 179560K->36072K(208896K)] 628534K->507166K(733184K), 0.0166814 secs] [Times: user=0.12 sys=0.00, real=0.01 secs] 
