Java HotSpot(TM) 64-Bit Server VM (25.77-b03) for linux-amd64 JRE (1.8.0_77-b03), built on Mar 20 2016 22:00:46 by "java_re" with gcc 4.3.0 20080428 (Red Hat 4.3.0-8)
Memory: 4k page, physical 264122324k(97713596k free), swap 268399612k(268246072k free)
CommandLine flags: -XX:GCLogFileSize=1048576 -XX:+HeapDumpOnOutOfMemoryError -XX:HeapDumpPath=artifacts/heapdump -XX:InitialHeapSize=805306368 -XX:MaxHeapSize=805306368 -XX:NumberOfGCLogFiles=10 -XX:+PrintGC -XX:+PrintGCDateStamps -XX:+PrintGCDetails -XX:+PrintGCTimeStamps -XX:+UseCompressedClassPointers -XX:+UseCompressedOops -XX:+UseGCLogFileRotation -XX:+UseParallelGC 
2016-09-13T17:58:59.966-0400: 2.132: [GC (Metadata GC Threshold) [PSYoungGen: 125830K->15463K(229376K)] 125830K->15551K(753664K), 0.0195203 secs] [Times: user=0.04 sys=0.06, real=0.02 secs] 
2016-09-13T17:58:59.986-0400: 2.152: [Full GC (Metadata GC Threshold) [PSYoungGen: 15463K->0K(229376K)] [ParOldGen: 88K->14597K(359936K)] 15551K->14597K(589312K), [Metaspace: 21055K->21055K(1067008K)], 0.0590281 secs] [Times: user=0.43 sys=0.02, real=0.06 secs] 
2016-09-13T17:59:01.749-0400: 3.915: [GC (Metadata GC Threshold) [PSYoungGen: 117613K->14776K(229376K)] 132211K->29510K(589312K), 0.0192825 secs] [Times: user=0.14 sys=0.03, real=0.02 secs] 
2016-09-13T17:59:01.769-0400: 3.934: [Full GC (Metadata GC Threshold) [PSYoungGen: 14776K->0K(229376K)] [ParOldGen: 14733K->20207K(524288K)] 29510K->20207K(753664K), [Metaspace: 34907K->34907K(1079296K)], 0.0598612 secs] [Times: user=0.46 sys=0.02, real=0.06 secs] 
2016-09-13T17:59:03.423-0400: 5.588: [GC (GCLocker Initiated GC) [PSYoungGen: 195436K->30841K(229376K)] 221718K->57131K(753664K), 0.0152783 secs] [Times: user=0.17 sys=0.01, real=0.02 secs] 
2016-09-13T17:59:03.819-0400: 5.985: [GC (Allocation Failure) [PSYoungGen: 227449K->28032K(229376K)] 260164K->72905K(753664K), 0.0180354 secs] [Times: user=0.18 sys=0.00, real=0.02 secs] 
2016-09-13T17:59:04.143-0400: 6.309: [GC (GCLocker Initiated GC) [PSYoungGen: 224640K->28448K(225280K)] 269519K->109785K(749568K), 0.0300470 secs] [Times: user=0.34 sys=0.01, real=0.03 secs] 
2016-09-13T17:59:04.482-0400: 6.647: [GC (GCLocker Initiated GC) [PSYoungGen: 225056K->34875K(217088K)] 312656K->134633K(741376K), 0.0086523 secs] [Times: user=0.06 sys=0.00, real=0.01 secs] 
2016-09-13T17:59:04.750-0400: 6.916: [GC (GCLocker Initiated GC) [PSYoungGen: 215099K->36869K(217600K)] 315206K->167359K(741888K), 0.0150442 secs] [Times: user=0.13 sys=0.01, real=0.01 secs] 
2016-09-13T17:59:05.146-0400: 7.312: [GC (Allocation Failure) [PSYoungGen: 217093K->29252K(218624K)] 354008K->187926K(742912K), 0.0157461 secs] [Times: user=0.11 sys=0.05, real=0.02 secs] 
2016-09-13T17:59:05.568-0400: 7.733: [GC (GCLocker Initiated GC) [PSYoungGen: 201393K->20109K(194560K)] 366142K->193237K(718848K), 0.0332784 secs] [Times: user=0.35 sys=0.00, real=0.03 secs] 
2016-09-13T17:59:05.916-0400: 8.082: [GC (GCLocker Initiated GC) [PSYoungGen: 194189K->39286K(212992K)] 367336K->219342K(737280K), 0.0234114 secs] [Times: user=0.22 sys=0.00, real=0.02 secs] 
2016-09-13T17:59:06.333-0400: 8.498: [GC (Allocation Failure) [PSYoungGen: 209270K->43389K(213504K)] 389670K->236965K(737792K), 0.0203790 secs] [Times: user=0.20 sys=0.00, real=0.02 secs] 
2016-09-13T17:59:06.691-0400: 8.857: [GC (GCLocker Initiated GC) [PSYoungGen: 213172K->37090K(208384K)] 412823K->237149K(732672K), 0.0061044 secs] [Times: user=0.04 sys=0.00, real=0.01 secs] 
2016-09-13T17:59:07.065-0400: 9.231: [GC (GCLocker Initiated GC) [PSYoungGen: 196834K->37378K(197632K)] 397114K->238122K(721920K), 0.0168961 secs] [Times: user=0.25 sys=0.00, real=0.02 secs] 
2016-09-13T17:59:07.444-0400: 9.609: [GC (Allocation Failure) [PSYoungGen: 197122K->14442K(209408K)] 397888K->215648K(733696K), 0.0090149 secs] [Times: user=0.08 sys=0.00, real=0.01 secs] 
2016-09-13T17:59:07.849-0400: 10.015: [GC (Allocation Failure) [PSYoungGen: 172138K->37191K(195072K)] 373344K->247939K(719360K), 0.0234274 secs] [Times: user=0.23 sys=0.02, real=0.02 secs] 
2016-09-13T17:59:08.159-0400: 10.324: [GC (GCLocker Initiated GC) [PSYoungGen: 194887K->49753K(199680K)] 405638K->260885K(723968K), 0.0292069 secs] [Times: user=0.34 sys=0.01, real=0.03 secs] 
2016-09-13T17:59:08.339-0400: 10.505: [GC (GCLocker Initiated GC) [PSYoungGen: 196185K->57038K(203776K)] 407488K->268848K(728064K), 0.0086779 secs] [Times: user=0.07 sys=0.01, real=0.01 secs] 
2016-09-13T17:59:08.523-0400: 10.688: [GC (GCLocker Initiated GC) [PSYoungGen: 203470K->50928K(184320K)] 415546K->263457K(708608K), 0.0065156 secs] [Times: user=0.08 sys=0.00, real=0.01 secs] 
2016-09-13T17:59:08.693-0400: 10.858: [GC (Allocation Failure) [PSYoungGen: 176880K->46154K(172544K)] 389549K->259146K(696832K), 0.0170689 secs] [Times: user=0.16 sys=0.00, real=0.02 secs] 
2016-09-13T17:59:08.880-0400: 11.046: [GC (GCLocker Initiated GC) [PSYoungGen: 170675K->46382K(193536K)] 385185K->261148K(717824K), 0.0129936 secs] [Times: user=0.16 sys=0.00, real=0.01 secs] 
2016-09-13T17:59:09.058-0400: 11.223: [GC (GCLocker Initiated GC) [PSYoungGen: 171310K->28183K(153600K)] 393859K->251041K(677888K), 0.0146149 secs] [Times: user=0.19 sys=0.00, real=0.01 secs] 
2016-09-13T17:59:09.224-0400: 11.390: [GC (GCLocker Initiated GC) [PSYoungGen: 153111K->44731K(193024K)] 375991K->267922K(717312K), 0.0136586 secs] [Times: user=0.17 sys=0.00, real=0.02 secs] 
2016-09-13T17:59:09.374-0400: 11.539: [GC (GCLocker Initiated GC) [PSYoungGen: 170171K->37270K(162816K)] 393434K->262308K(687104K), 0.0078432 secs] [Times: user=0.08 sys=0.02, real=0.01 secs] 
2016-09-13T17:59:09.545-0400: 11.710: [GC (GCLocker Initiated GC) [PSYoungGen: 162710K->29447K(193536K)] 394056K->260982K(717824K), 0.0161284 secs] [Times: user=0.14 sys=0.00, real=0.02 secs] 
2016-09-13T17:59:09.735-0400: 11.900: [GC (GCLocker Initiated GC) [PSYoungGen: 158471K->50876K(192000K)] 391605K->284305K(716288K), 0.0116171 secs] [Times: user=0.09 sys=0.00, real=0.01 secs] 
2016-09-13T17:59:09.920-0400: 12.085: [GC (GCLocker Initiated GC) [PSYoungGen: 179900K->44892K(196608K)] 413355K->278616K(720896K), 0.0062951 secs] [Times: user=0.08 sys=0.00, real=0.00 secs] 
2016-09-13T17:59:10.101-0400: 12.266: [GC (GCLocker Initiated GC) [PSYoungGen: 175964K->60141K(191488K)] 412994K->305077K(715776K), 0.0199539 secs] [Times: user=0.27 sys=0.00, real=0.02 secs] 
2016-09-13T17:59:10.296-0400: 12.461: [GC (GCLocker Initiated GC) [PSYoungGen: 191213K->41629K(194048K)] 443944K->294646K(718336K), 0.0134186 secs] [Times: user=0.12 sys=0.00, real=0.01 secs] 
2016-09-13T17:59:10.471-0400: 12.636: [GC (Allocation Failure) [PSYoungGen: 165021K->46377K(169984K)] 418318K->299954K(694272K), 0.0082725 secs] [Times: user=0.10 sys=0.00, real=0.01 secs] 
2016-09-13T17:59:10.645-0400: 12.811: [GC (GCLocker Initiated GC) [PSYoungGen: 166462K->14324K(188416K)] 426114K->274279K(712704K), 0.0195896 secs] [Times: user=0.18 sys=0.00, real=0.02 secs] 
2016-09-13T17:59:10.815-0400: 12.980: [GC (GCLocker Initiated GC) [PSYoungGen: 135668K->34105K(190464K)] 395857K->294589K(714752K), 0.0114120 secs] [Times: user=0.12 sys=0.00, real=0.01 secs] 
2016-09-13T17:59:10.978-0400: 13.144: [GC (GCLocker Initiated GC) [PSYoungGen: 155449K->38821K(187904K)] 415941K->299646K(712192K), 0.0056743 secs] [Times: user=0.08 sys=0.00, real=0.00 secs] 
2016-09-13T17:59:11.163-0400: 13.328: [GC (GCLocker Initiated GC) [PSYoungGen: 164773K->46249K(190464K)] 427310K->312100K(714752K), 0.0106924 secs] [Times: user=0.07 sys=0.00, real=0.01 secs] 
2016-09-13T17:59:11.318-0400: 13.484: [GC (GCLocker Initiated GC) [PSYoungGen: 172201K->49388K(194560K)] 438139K->315582K(718848K), 0.0098464 secs] [Times: user=0.12 sys=0.00, real=0.01 secs] 
2016-09-13T17:59:11.499-0400: 13.665: [GC (GCLocker Initiated GC) [PSYoungGen: 179436K->41885K(172032K)] 448882K->319241K(696320K), 0.0138913 secs] [Times: user=0.16 sys=0.00, real=0.01 secs] 
2016-09-13T17:59:11.687-0400: 13.853: [GC (GCLocker Initiated GC) [PSYoungGen: 171933K->61443K(186880K)] 449317K->339107K(711168K), 0.0070025 secs] [Times: user=0.08 sys=0.00, real=0.01 secs] 
2016-09-13T17:59:11.862-0400: 14.028: [GC (GCLocker Initiated GC) [PSYoungGen: 184323K->28115K(192512K)] 468067K->321177K(716800K), 0.0345207 secs] [Times: user=0.38 sys=0.01, real=0.04 secs] 
2016-09-13T17:59:12.059-0400: 14.224: [GC (GCLocker Initiated GC) [PSYoungGen: 150995K->31067K(189952K)] 459331K->339829K(714240K), 0.0095969 secs] [Times: user=0.09 sys=0.00, real=0.01 secs] 
2016-09-13T17:59:12.254-0400: 14.419: [GC (GCLocker Initiated GC) [PSYoungGen: 154459K->43181K(191488K)] 466384K->359867K(715776K), 0.0098042 secs] [Times: user=0.08 sys=0.02, real=0.01 secs] 
2016-09-13T17:59:12.416-0400: 14.582: [GC (GCLocker Initiated GC) [PSYoungGen: 166573K->46218K(193024K)] 484819K->375352K(717312K), 0.0226275 secs] [Times: user=0.23 sys=0.00, real=0.02 secs] 
2016-09-13T17:59:12.587-0400: 14.753: [GC (GCLocker Initiated GC) [PSYoungGen: 173706K->26288K(193536K)] 502966K->367946K(717824K), 0.0139399 secs] [Times: user=0.13 sys=0.00, real=0.02 secs] 
2016-09-13T17:59:12.746-0400: 14.911: [GC (GCLocker Initiated GC) [PSYoungGen: 153776K->50938K(193024K)] 495617K->397581K(717312K), 0.0115643 secs] [Times: user=0.13 sys=0.02, real=0.02 secs] 
2016-09-13T17:59:12.929-0400: 15.094: [GC (GCLocker Initiated GC) [PSYoungGen: 177914K->52553K(179712K)] 524738K->399693K(704000K), 0.0063154 secs] [Times: user=0.09 sys=0.00, real=0.00 secs] 
2016-09-13T17:59:13.099-0400: 15.265: [GC (GCLocker Initiated GC) [PSYoungGen: 179529K->44731K(194560K)] 534313K->401287K(718848K), 0.0091507 secs] [Times: user=0.11 sys=0.00, real=0.01 secs] 
2016-09-13T17:59:13.273-0400: 15.438: [GC (GCLocker Initiated GC) [PSYoungGen: 169659K->47927K(192512K)] 526272K->406331K(716800K), 0.0247904 secs] [Times: user=0.32 sys=0.00, real=0.03 secs] 
2016-09-13T17:59:13.464-0400: 15.630: [GC (GCLocker Initiated GC) [PSYoungGen: 172855K->14489K(190464K)] 543431K->385431K(714752K), 0.0179999 secs] [Times: user=0.25 sys=0.00, real=0.02 secs] 
2016-09-13T17:59:13.657-0400: 15.822: [GC (GCLocker Initiated GC) [PSYoungGen: 137369K->47801K(192512K)] 509900K->420577K(716800K), 0.0098973 secs] [Times: user=0.12 sys=0.00, real=0.00 secs] 
2016-09-13T17:59:13.818-0400: 15.984: [GC (GCLocker Initiated GC) [PSYoungGen: 170681K->29640K(190464K)] 549670K->416518K(714752K), 0.0111823 secs] [Times: user=0.13 sys=0.03, real=0.01 secs] 
2016-09-13T17:59:14.017-0400: 16.183: [GC (GCLocker Initiated GC) [PSYoungGen: 152520K->31194K(191488K)] 545489K->436617K(715776K), 0.0075597 secs] [Times: user=0.08 sys=0.02, real=0.00 secs] 
2016-09-13T17:59:14.162-0400: 16.328: [GC (GCLocker Initiated GC) [PSYoungGen: 154074K->26537K(193024K)] 567117K->439911K(717312K), 0.0064633 secs] [Times: user=0.06 sys=0.00, real=0.01 secs] 
2016-09-13T17:59:14.334-0400: 16.500: [GC (GCLocker Initiated GC) [PSYoungGen: 153001K->47678K(193024K)] 566660K->461609K(717312K), 0.0081708 secs] [Times: user=0.08 sys=0.00, real=0.01 secs] 
2016-09-13T17:59:14.506-0400: 16.671: [GC (GCLocker Initiated GC) [PSYoungGen: 174142K->47960K(193536K)] 588206K->466857K(717824K), 0.0081021 secs] [Times: user=0.10 sys=0.01, real=0.01 secs] 
2016-09-13T17:59:14.675-0400: 16.840: [GC (GCLocker Initiated GC) [PSYoungGen: 173912K->47991K(194048K)] 592980K->467339K(718336K), 0.0104749 secs] [Times: user=0.12 sys=0.01, real=0.01 secs] 
2016-09-13T17:59:14.845-0400: 17.011: [GC (GCLocker Initiated GC) [PSYoungGen: 173943K->32613K(192000K)] 593293K->452195K(716288K), 0.0132831 secs] [Times: user=0.16 sys=0.00, real=0.02 secs] 
2016-09-13T17:59:15.024-0400: 17.190: [GC (GCLocker Initiated GC) [PSYoungGen: 158565K->27934K(193024K)] 582736K->452432K(717312K), 0.0069754 secs] [Times: user=0.06 sys=0.00, real=0.01 secs] 
2016-09-13T17:59:15.208-0400: 17.374: [GC (GCLocker Initiated GC) [PSYoungGen: 153886K->35714K(190976K)] 584545K->469641K(715264K), 0.0101689 secs] [Times: user=0.10 sys=0.00, real=0.01 secs] 
2016-09-13T17:59:15.375-0400: 17.541: [GC (GCLocker Initiated GC) [PSYoungGen: 164738K->23472K(193024K)] 603405K->466951K(717312K), 0.0114650 secs] [Times: user=0.10 sys=0.01, real=0.01 secs] 
2016-09-13T17:59:15.549-0400: 17.715: [GC (GCLocker Initiated GC) [PSYoungGen: 152496K->50902K(193024K)] 597809K->496539K(717312K), 0.0062790 secs] [Times: user=0.09 sys=0.00, real=0.01 secs] 
2016-09-13T17:59:15.732-0400: 17.898: [GC (GCLocker Initiated GC) [PSYoungGen: 179926K->32427K(195584K)] 627107K->479856K(719872K), 0.0081828 secs] [Times: user=0.06 sys=0.00, real=0.01 secs] 
2016-09-13T17:59:15.921-0400: 18.087: [GC (GCLocker Initiated GC) [PSYoungGen: 161451K->28338K(193024K)] 610443K->488149K(717312K), 0.0069116 secs] [Times: user=0.06 sys=0.03, real=0.01 secs] 
2016-09-13T17:59:16.129-0400: 18.294: [GC (GCLocker Initiated GC) [PSYoungGen: 159410K->43153K(194560K)] 627181K->512711K(718848K), 0.0094903 secs] [Times: user=0.11 sys=0.00, real=0.01 secs] 
2016-09-13T17:59:16.329-0400: 18.495: [GC (GCLocker Initiated GC) [PSYoungGen: 174225K->43175K(198144K)] 644001K->513168K(722432K), 0.0268716 secs] [Times: user=0.36 sys=0.01, real=0.03 secs] 
2016-09-13T17:59:17.514-0400: 19.680: [GC (GCLocker Initiated GC) [PSYoungGen: 178855K->40243K(176128K)] 648957K->510533K(700416K), 0.0237619 secs] [Times: user=0.28 sys=0.03, real=0.03 secs] 
2016-09-13T17:59:17.732-0400: 19.897: [GC (GCLocker Initiated GC) [PSYoungGen: 175923K->43244K(198656K)] 647964K->518603K(722944K), 0.0121832 secs] [Times: user=0.12 sys=0.00, real=0.01 secs] 
2016-09-13T17:59:17.910-0400: 20.075: [GC (GCLocker Initiated GC) --[PSYoungGen: 180460K->180460K(198656K)] 655911K->698681K(722944K), 0.0148341 secs] [Times: user=0.13 sys=0.04, real=0.01 secs] 
2016-09-13T17:59:17.925-0400: 20.090: [Full GC (Ergonomics) [PSYoungGen: 180460K->0K(198656K)] [ParOldGen: 518221K->45703K(524288K)] 698681K->45703K(722944K), [Metaspace: 44166K->44166K(1087488K)], 0.2055209 secs] [Times: user=2.72 sys=0.01, real=0.21 secs] 
2016-09-13T17:59:18.273-0400: 20.439: [GC (GCLocker Initiated GC) [PSYoungGen: 137216K->60237K(197632K)] 184650K->191203K(721920K), 0.0118695 secs] [Times: user=0.16 sys=0.01, real=0.01 secs] 
2016-09-13T17:59:18.469-0400: 20.635: [GC (Allocation Failure) [PSYoungGen: 197453K->43245K(196608K)] 336037K->233952K(720896K), 0.0163570 secs] [Times: user=0.14 sys=0.01, real=0.01 secs] 
2016-09-13T17:59:18.661-0400: 20.826: [GC (GCLocker Initiated GC) [PSYoungGen: 175341K->47739K(197120K)] 366054K->282694K(721408K), 0.0197603 secs] [Times: user=0.19 sys=0.01, real=0.02 secs] 
2016-09-13T17:59:18.852-0400: 21.017: [GC (GCLocker Initiated GC) [PSYoungGen: 179835K->55367K(190976K)] 421136K->351660K(715264K), 0.0209059 secs] [Times: user=0.23 sys=0.01, real=0.02 secs] 
2016-09-13T17:59:19.011-0400: 21.176: [GC (GCLocker Initiated GC) [PSYoungGen: 181319K->67671K(194048K)] 479224K->438681K(718336K), 0.0199516 secs] [Times: user=0.21 sys=0.00, real=0.02 secs] 
2016-09-13T17:59:19.176-0400: 21.341: [GC (GCLocker Initiated GC) [PSYoungGen: 193623K->63050K(173568K)] 566182K->501286K(697856K), 0.0378919 secs] [Times: user=0.45 sys=0.00, real=0.03 secs] 
2016-09-13T17:59:19.214-0400: 21.379: [Full GC (Ergonomics) [PSYoungGen: 63050K->0K(173568K)] [ParOldGen: 438236K->44416K(524288K)] 501286K->44416K(697856K), [Metaspace: 44166K->44166K(1087488K)], 0.0821078 secs] [Times: user=0.39 sys=0.03, real=0.09 secs] 
2016-09-13T17:59:19.408-0400: 21.573: [GC (GCLocker Initiated GC) [PSYoungGen: 105472K->44640K(183808K)] 149910K->89079K(708096K), 0.0295203 secs] [Times: user=0.33 sys=0.01, real=0.04 secs] 
2016-09-13T17:59:19.557-0400: 21.723: [GC (GCLocker Initiated GC) [PSYoungGen: 150112K->73937K(172544K)] 208454K->184377K(696832K), 0.0141485 secs] [Times: user=0.17 sys=0.01, real=0.01 secs] 
2016-09-13T17:59:19.697-0400: 21.862: [GC (GCLocker Initiated GC) [PSYoungGen: 171217K->25237K(122880K)] 293832K->178526K(647168K), 0.0076316 secs] [Times: user=0.06 sys=0.01, real=0.00 secs] 
2016-09-13T17:59:19.834-0400: 21.999: [GC (GCLocker Initiated GC) [PSYoungGen: 122517K->43341K(181760K)] 294176K->247151K(706048K), 0.0085663 secs] [Times: user=0.10 sys=0.00, real=0.01 secs] 
2016-09-13T17:59:19.969-0400: 22.134: [GC (GCLocker Initiated GC) [PSYoungGen: 141645K->59988K(178688K)] 359375K->320439K(702976K), 0.0151302 secs] [Times: user=0.18 sys=0.01, real=0.01 secs] 
2016-09-13T17:59:20.093-0400: 22.258: [GC (GCLocker Initiated GC) [PSYoungGen: 158292K->64602K(174080K)] 420314K->363260K(698368K), 0.0174192 secs] [Times: user=0.23 sys=0.00, real=0.02 secs] 
2016-09-13T17:59:20.202-0400: 22.367: [GC (GCLocker Initiated GC) [PSYoungGen: 156762K->60019K(177152K)] 455590K->395609K(701440K), 0.0093989 secs] [Times: user=0.13 sys=0.00, real=0.01 secs] 
2016-09-13T17:59:20.328-0400: 22.494: [GC (GCLocker Initiated GC) [PSYoungGen: 152179K->63029K(175104K)] 490893K->438376K(699392K), 0.0157985 secs] [Times: user=0.21 sys=0.00, real=0.01 secs] 
2016-09-13T17:59:20.490-0400: 22.656: [GC (GCLocker Initiated GC) [PSYoungGen: 153141K->64666K(155136K)] 542197K->490355K(679424K), 0.0317676 secs] [Times: user=0.44 sys=0.00, real=0.03 secs] 
2016-09-13T17:59:20.647-0400: 22.812: [GC (GCLocker Initiated GC) [PSYoungGen: 154778K->58436K(176128K)] 588119K->530037K(700416K), 0.0185746 secs] [Times: user=0.21 sys=0.01, real=0.02 secs] 
2016-09-13T17:59:20.665-0400: 22.831: [Full GC (Ergonomics) [PSYoungGen: 58436K->0K(176128K)] [ParOldGen: 471601K->36562K(524288K)] 530037K->36562K(700416K), [Metaspace: 44193K->44193K(1087488K)], 0.0496061 secs] [Times: user=0.29 sys=0.01, real=0.05 secs] 
2016-09-13T17:59:20.828-0400: 22.994: [GC (GCLocker Initiated GC) [PSYoungGen: 89088K->72329K(175104K)] 127348K->110597K(699392K), 0.0075282 secs] [Times: user=0.08 sys=0.00, real=0.01 secs] 
2016-09-13T17:59:20.938-0400: 23.103: [GC (GCLocker Initiated GC) [PSYoungGen: 161417K->51034K(175104K)] 212021K->143120K(699392K), 0.0144476 secs] [Times: user=0.18 sys=0.00, real=0.01 secs] 
2016-09-13T17:59:21.063-0400: 23.229: [GC (GCLocker Initiated GC) [PSYoungGen: 139098K->52458K(140800K)] 237381K->189097K(665088K), 0.0101432 secs] [Times: user=0.12 sys=0.01, real=0.01 secs] 
2016-09-13T17:59:21.169-0400: 23.335: [GC (GCLocker Initiated GC) [PSYoungGen: 140522K->49260K(174592K)] 277241K->204414K(698880K), 0.0092796 secs] [Times: user=0.06 sys=0.00, real=0.01 secs] 
2016-09-13T17:59:21.283-0400: 23.448: [GC (GCLocker Initiated GC) [PSYoungGen: 139372K->69163K(172544K)] 294554K->271699K(696832K), 0.0112216 secs] [Times: user=0.12 sys=0.00, real=0.01 secs] 
2016-09-13T17:59:21.397-0400: 23.562: [GC (GCLocker Initiated GC) [PSYoungGen: 159275K->60041K(178176K)] 381849K->322445K(702464K), 0.0115103 secs] [Times: user=0.11 sys=0.00, real=0.01 secs] 
2016-09-13T17:59:21.515-0400: 23.681: [GC (GCLocker Initiated GC) [PSYoungGen: 153225K->60014K(153600K)] 415679K->359168K(677888K), 0.0304003 secs] [Times: user=0.42 sys=0.00, real=0.03 secs] 
2016-09-13T17:59:21.662-0400: 23.828: [GC (Allocation Failure) [PSYoungGen: 153198K->70741K(173056K)] 464557K->418875K(697344K), 0.0111776 secs] [Times: user=0.16 sys=0.01, real=0.01 secs] 
2016-09-13T17:59:21.771-0400: 23.936: [GC (GCLocker Initiated GC) [PSYoungGen: 161365K->59891K(175616K)] 509501K->456920K(699904K), 0.0109179 secs] [Times: user=0.09 sys=0.00, real=0.01 secs] 
2016-09-13T17:59:21.898-0400: 24.063: [GC (GCLocker Initiated GC) [PSYoungGen: 150515K->63148K(175616K)] 555238K->509216K(699904K), 0.0097552 secs] [Times: user=0.12 sys=0.00, real=0.00 secs] 
2016-09-13T17:59:22.001-0400: 24.167: [GC (GCLocker Initiated GC) [PSYoungGen: 157356K->52419K(176640K)] 609746K->562910K(700928K), 0.0229374 secs] [Times: user=0.23 sys=0.01, real=0.02 secs] 
2016-09-13T17:59:22.025-0400: 24.190: [Full GC (Ergonomics) [PSYoungGen: 52419K->0K(176640K)] [ParOldGen: 510490K->48961K(524288K)] 562910K->48961K(700928K), [Metaspace: 44245K->44245K(1087488K)], 0.0536335 secs] [Times: user=0.41 sys=0.01, real=0.06 secs] 
2016-09-13T17:59:22.195-0400: 24.360: [GC (Allocation Failure) [PSYoungGen: 94208K->81399K(169472K)] 143241K->138043K(693760K), 0.0096031 secs] [Times: user=0.14 sys=0.00, real=0.01 secs] 
2016-09-13T17:59:22.278-0400: 24.444: [GC (GCLocker Initiated GC) [PSYoungGen: 169463K->82773K(175104K)] 226112K->186961K(699392K), 0.0218485 secs] [Times: user=0.33 sys=0.00, real=0.02 secs] 
2016-09-13T17:59:22.372-0400: 24.537: [GC (GCLocker Initiated GC) [PSYoungGen: 170837K->52483K(175104K)] 278230K->184330K(699392K), 0.0112026 secs] [Times: user=0.09 sys=0.00, real=0.01 secs] 
2016-09-13T17:59:22.477-0400: 24.643: [GC (GCLocker Initiated GC) [PSYoungGen: 140547K->79917K(175104K)] 273971K->260785K(699392K), 0.0112559 secs] [Times: user=0.16 sys=0.01, real=0.01 secs] 
2016-09-13T17:59:22.583-0400: 24.748: [GC (GCLocker Initiated GC) [PSYoungGen: 167981K->52490K(175104K)] 349075K->270351K(699392K), 0.0106022 secs] [Times: user=0.17 sys=0.01, real=0.01 secs] 
2016-09-13T17:59:22.684-0400: 24.850: [GC (GCLocker Initiated GC) [PSYoungGen: 140554K->72138K(175104K)] 358437K->308562K(699392K), 0.0094832 secs] [Times: user=0.15 sys=0.00, real=0.01 secs] 
2016-09-13T17:59:22.792-0400: 24.958: [GC (GCLocker Initiated GC) [PSYoungGen: 160202K->64608K(175104K)] 396712K->330208K(699392K), 0.0103430 secs] [Times: user=0.16 sys=0.00, real=0.01 secs] 
2016-09-13T17:59:22.907-0400: 25.072: [GC (GCLocker Initiated GC) [PSYoungGen: 152672K->68973K(175104K)] 419820K->354517K(699392K), 0.0107246 secs] [Times: user=0.12 sys=0.00, real=0.02 secs] 
2016-09-13T17:59:23.048-0400: 25.213: [GC (GCLocker Initiated GC) [PSYoungGen: 157037K->12804K(175104K)] 454804K->312170K(699392K), 0.0156317 secs] [Times: user=0.15 sys=0.00, real=0.01 secs] 
2016-09-13T17:59:23.194-0400: 25.360: [GC (GCLocker Initiated GC) [PSYoungGen: 100868K->15874K(175104K)] 406364K->330768K(699392K), 0.0210101 secs] [Times: user=0.22 sys=0.00, real=0.02 secs] 
2016-09-13T17:59:23.671-0400: 25.837: [GC (Allocation Failure) [PSYoungGen: 103938K->30689K(175104K)] 419019K->347556K(699392K), 6.9805812 secs] [Times: user=0.18 sys=0.01, real=7.05 secs] 
2016-09-13T17:59:30.860-0400: 33.025: [GC (GCLocker Initiated GC) [PSYoungGen: 118753K->43217K(175104K)] 435623K->361685K(699392K), 0.0103181 secs] [Times: user=0.09 sys=0.01, real=0.01 secs] 
2016-09-13T17:59:31.064-0400: 33.229: [GC (Allocation Failure) [PSYoungGen: 131281K->5179K(175104K)] 468313K->342495K(699392K), 0.0092043 secs] [Times: user=0.09 sys=0.01, real=0.01 secs] 
2016-09-13T17:59:31.199-0400: 33.364: [GC (GCLocker Initiated GC) [PSYoungGen: 87258K->46341K(175104K)] 430649K->390000K(699392K), 0.0100504 secs] [Times: user=0.10 sys=0.00, real=0.01 secs] 
2016-09-13T17:59:31.326-0400: 33.492: [GC (Allocation Failure) [PSYoungGen: 134405K->68849K(175104K)] 478193K->437134K(699392K), 0.0305688 secs] [Times: user=0.29 sys=0.00, real=0.04 secs] 
2016-09-13T17:59:31.468-0400: 33.633: [GC (GCLocker Initiated GC) [PSYoungGen: 156913K->33945K(175104K)] 525201K->457133K(699392K), 0.0215185 secs] [Times: user=0.22 sys=0.00, real=0.02 secs] 
2016-09-13T17:59:31.598-0400: 33.764: [GC (GCLocker Initiated GC) [PSYoungGen: 122009K->63025K(175104K)] 548486K->507968K(699392K), 0.0085211 secs] [Times: user=0.11 sys=0.00, real=0.00 secs] 
2016-09-13T17:59:31.717-0400: 33.882: [GC (GCLocker Initiated GC) [PSYoungGen: 151089K->59891K(175104K)] 602311K->547797K(699392K), 0.0173640 secs] [Times: user=0.17 sys=0.01, real=0.01 secs] 
2016-09-13T17:59:31.734-0400: 33.900: [Full GC (Ergonomics) [PSYoungGen: 59891K->0K(175104K)] [ParOldGen: 487905K->38355K(524288K)] 547797K->38355K(699392K), [Metaspace: 44262K->44262K(1087488K)], 0.0723858 secs] [Times: user=0.45 sys=0.00, real=0.07 secs] 
2016-09-13T17:59:31.943-0400: 34.109: [GC (GCLocker Initiated GC) [PSYoungGen: 88064K->75174K(175104K)] 128005K->115116K(699392K), 0.0075815 secs] [Times: user=0.07 sys=0.01, real=0.01 secs] 
2016-09-13T17:59:32.080-0400: 34.245: [GC (GCLocker Initiated GC) [PSYoungGen: 163238K->32702K(175104K)] 203236K->110965K(699392K), 0.0164982 secs] [Times: user=0.16 sys=0.00, real=0.02 secs] 
2016-09-13T17:59:32.223-0400: 34.389: [GC (GCLocker Initiated GC) [PSYoungGen: 120766K->61575K(175104K)] 199216K->160282K(699392K), 0.0104497 secs] [Times: user=0.13 sys=0.01, real=0.01 secs] 
2016-09-13T17:59:32.370-0400: 34.536: [GC (GCLocker Initiated GC) [PSYoungGen: 149639K->64538K(175104K)] 248371K->193966K(699392K), 0.0142550 secs] [Times: user=0.16 sys=0.00, real=0.01 secs] 
2016-09-13T17:59:32.510-0400: 34.675: [GC (GCLocker Initiated GC) [PSYoungGen: 152602K->38405K(175104K)] 282117K->212240K(699392K), 0.0127860 secs] [Times: user=0.06 sys=0.01, real=0.01 secs] 
2016-09-13T17:59:32.625-0400: 34.791: [GC (GCLocker Initiated GC) [PSYoungGen: 126469K->81282K(175104K)] 300417K->294986K(699392K), 0.0133643 secs] [Times: user=0.14 sys=0.00, real=0.02 secs] 
2016-09-13T17:59:32.769-0400: 34.935: [GC (GCLocker Initiated GC) [PSYoungGen: 169346K->66126K(175104K)] 383182K->337910K(699392K), 0.0138845 secs] [Times: user=0.21 sys=0.00, real=0.01 secs] 
2016-09-13T17:59:32.905-0400: 35.070: [GC (GCLocker Initiated GC) [PSYoungGen: 154190K->61665K(175104K)] 432325K->376441K(699392K), 0.0125547 secs] [Times: user=0.20 sys=0.00, real=0.02 secs] 
2016-09-13T17:59:33.026-0400: 35.192: [GC (GCLocker Initiated GC) [PSYoungGen: 149729K->46437K(175104K)] 476725K->410133K(699392K), 0.0108328 secs] [Times: user=0.16 sys=0.00, real=0.02 secs] 
2016-09-13T17:59:33.143-0400: 35.309: [GC (GCLocker Initiated GC) [PSYoungGen: 134501K->67548K(175104K)] 499790K->451291K(699392K), 0.0110485 secs] [Times: user=0.10 sys=0.01, real=0.01 secs] 
2016-09-13T17:59:33.274-0400: 35.439: [GC (GCLocker Initiated GC) [PSYoungGen: 155612K->50742K(175104K)] 545495K->466646K(699392K), 0.0084806 secs] [Times: user=0.06 sys=0.00, real=0.01 secs] 
2016-09-13T17:59:33.393-0400: 35.559: [GC (GCLocker Initiated GC) [PSYoungGen: 138806K->53944K(175104K)] 554816K->512805K(699392K), 0.0115620 secs] [Times: user=0.13 sys=0.00, real=0.01 secs] 
2016-09-13T17:59:33.405-0400: 35.570: [Full GC (Ergonomics) [PSYoungGen: 53944K->0K(175104K)] [ParOldGen: 458861K->40264K(524288K)] 512805K->40264K(699392K), [Metaspace: 44269K->44269K(1087488K)], 0.0603078 secs] [Times: user=0.36 sys=0.01, real=0.06 secs] 
2016-09-13T17:59:33.576-0400: 35.741: [GC (GCLocker Initiated GC) [PSYoungGen: 88064K->58755K(175104K)] 134417K->105108K(699392K), 0.0092774 secs] [Times: user=0.13 sys=0.00, real=0.00 secs] 
2016-09-13T17:59:33.699-0400: 35.864: [GC (GCLocker Initiated GC) [PSYoungGen: 146819K->47901K(175104K)] 193368K->134469K(699392K), 0.0098931 secs] [Times: user=0.14 sys=0.01, real=0.01 secs] 
2016-09-13T17:59:33.813-0400: 35.978: [GC (GCLocker Initiated GC) [PSYoungGen: 135965K->55527K(168960K)] 224136K->143861K(693248K), 0.0078301 secs] [Times: user=0.10 sys=0.00, real=0.01 secs] 
2016-09-13T17:59:33.922-0400: 36.088: [GC (GCLocker Initiated GC) [PSYoungGen: 143591K->38852K(172032K)] 232016K->154817K(696320K), 0.0118566 secs] [Times: user=0.18 sys=0.00, real=0.01 secs] 
2016-09-13T17:59:34.065-0400: 36.230: [GC (GCLocker Initiated GC) [PSYoungGen: 126916K->46378K(174080K)] 261459K->203894K(698368K), 0.0078712 secs] [Times: user=0.11 sys=0.00, real=0.01 secs] 
2016-09-13T17:59:34.188-0400: 36.353: [GC (GCLocker Initiated GC) [PSYoungGen: 140586K->35742K(176128K)] 298269K->216510K(700416K), 0.0081006 secs] [Times: user=0.11 sys=0.00, real=0.01 secs] 
2016-09-13T17:59:34.326-0400: 36.491: [GC (GCLocker Initiated GC) [PSYoungGen: 129950K->37302K(178688K)] 310813K->224493K(702976K), 0.0073277 secs] [Times: user=0.11 sys=0.00, real=0.01 secs] 
2016-09-13T17:59:34.514-0400: 36.679: [GC (GCLocker Initiated GC) [PSYoungGen: 135094K->12774K(110592K)] 334539K->215414K(634880K), 0.0121927 secs] [Times: user=0.10 sys=0.00, real=0.01 secs] 
2016-09-13T17:59:34.686-0400: 36.851: [GC (GCLocker Initiated GC) [PSYoungGen: 110566K->26537K(178176K)] 313281K->238461K(702464K), 0.0101196 secs] [Times: user=0.09 sys=0.00, real=0.02 secs] 
2016-09-13T17:59:34.823-0400: 36.989: [GC (Allocation Failure) [PSYoungGen: 120233K->46314K(140288K)] 332285K->258682K(664576K), 0.0076415 secs] [Times: user=0.08 sys=0.01, real=0.01 secs] 
2016-09-13T17:59:34.962-0400: 37.128: [GC (GCLocker Initiated GC) [PSYoungGen: 139226K->32523K(176128K)] 353113K->246572K(700416K), 0.0069416 secs] [Times: user=0.10 sys=0.00, real=0.01 secs] 
2016-09-13T17:59:35.126-0400: 37.292: [GC (GCLocker Initiated GC) [PSYoungGen: 127755K->51065K(174592K)] 348073K->271479K(698880K), 0.0061572 secs] [Times: user=0.08 sys=0.00, real=0.01 secs] 
2016-09-13T17:59:35.292-0400: 37.458: [GC (GCLocker Initiated GC) [PSYoungGen: 146297K->52388K(181248K)] 366790K->273133K(705536K), 0.0104874 secs] [Times: user=0.12 sys=0.00, real=0.01 secs] 
2016-09-13T17:59:35.462-0400: 37.627: [GC (GCLocker Initiated GC) [PSYoungGen: 154788K->39956K(180736K)] 375782K->264279K(705024K), 0.0112748 secs] [Times: user=0.06 sys=0.00, real=0.01 secs] 
2016-09-13T17:59:35.654-0400: 37.820: [GC (GCLocker Initiated GC) [PSYoungGen: 142356K->34193K(182272K)] 372832K->264815K(706560K), 0.0106607 secs] [Times: user=0.14 sys=0.00, real=0.01 secs] 
2016-09-13T17:59:35.848-0400: 38.014: [GC (GCLocker Initiated GC) [PSYoungGen: 140689K->23649K(180736K)] 379016K->271377K(705024K), 0.0166183 secs] [Times: user=0.20 sys=0.00, real=0.01 secs] 
2016-09-13T17:59:36.012-0400: 38.178: [GC (GCLocker Initiated GC) [PSYoungGen: 130145K->55427K(183296K)] 383978K->309422K(707584K), 0.0149529 secs] [Times: user=0.18 sys=0.00, real=0.01 secs] 
2016-09-13T17:59:36.180-0400: 38.346: [GC (GCLocker Initiated GC) [PSYoungGen: 163971K->27998K(185344K)] 425604K->300452K(709632K), 0.0405507 secs] [Times: user=0.43 sys=0.01, real=0.04 secs] 
2016-09-13T17:59:36.389-0400: 38.555: [GC (Allocation Failure) [PSYoungGen: 136542K->5247K(181248K)] 422799K->291729K(705536K), 0.0101500 secs] [Times: user=0.08 sys=0.00, real=0.01 secs] 
2016-09-13T17:59:36.578-0400: 38.743: [GC (GCLocker Initiated GC) [PSYoungGen: 110719K->64481K(169984K)] 397208K->351238K(694272K), 0.0283342 secs] [Times: user=0.32 sys=0.00, real=0.02 secs] 
2016-09-13T17:59:36.760-0400: 38.925: [GC (GCLocker Initiated GC) [PSYoungGen: 169953K->52542K(177664K)] 463040K->345815K(701952K), 0.0104597 secs] [Times: user=0.13 sys=0.00, real=0.01 secs] 
2016-09-13T17:59:36.894-0400: 39.059: [GC (GCLocker Initiated GC) [PSYoungGen: 145726K->43312K(136704K)] 439019K->344530K(660992K), 0.0122440 secs] [Times: user=0.12 sys=0.00, real=0.01 secs] 
2016-09-13T17:59:37.040-0400: 39.205: [GC (GCLocker Initiated GC) [PSYoungGen: 136496K->41817K(178176K)] 439288K->355521K(702464K), 0.0077747 secs] [Times: user=0.09 sys=0.00, real=0.00 secs] 
2016-09-13T17:59:37.172-0400: 39.338: [GC (GCLocker Initiated GC) [PSYoungGen: 139097K->50870K(174080K)] 453009K->365019K(698368K), 0.0073272 secs] [Times: user=0.08 sys=0.00, real=0.01 secs] 
2016-09-13T17:59:37.314-0400: 39.480: [GC (GCLocker Initiated GC) [PSYoungGen: 148150K->65998K(175104K)] 462483K->385098K(699392K), 0.0127967 secs] [Times: user=0.12 sys=0.00, real=0.01 secs] 
2016-09-13T17:59:37.507-0400: 39.672: [GC (GCLocker Initiated GC) [PSYoungGen: 164302K->47673K(180224K)] 483477K->367033K(704512K), 0.0085121 secs] [Times: user=0.06 sys=0.01, real=0.01 secs] 
2016-09-13T17:59:37.683-0400: 39.849: [GC (GCLocker Initiated GC) [PSYoungGen: 145977K->24959K(177664K)] 468550K->358361K(701952K), 0.0129580 secs] [Times: user=0.14 sys=0.01, real=0.02 secs] 
2016-09-13T17:59:37.861-0400: 40.027: [GC (Allocation Failure) [PSYoungGen: 125823K->40143K(180224K)] 459384K->373992K(704512K), 0.0098683 secs] [Times: user=0.10 sys=0.01, real=0.01 secs] 
2016-09-13T17:59:38.024-0400: 40.189: [GC (GCLocker Initiated GC) [PSYoungGen: 139800K->26323K(182272K)] 475168K->361837K(706560K), 0.0090345 secs] [Times: user=0.08 sys=0.00, real=0.01 secs] 
2016-09-13T17:59:38.172-0400: 40.338: [GC (GCLocker Initiated GC) [PSYoungGen: 132819K->29479K(182272K)] 470034K->366852K(706560K), 0.0104087 secs] [Times: user=0.09 sys=0.00, real=0.01 secs] 
2016-09-13T17:59:38.340-0400: 40.505: [GC (GCLocker Initiated GC) [PSYoungGen: 135975K->26378K(185344K)] 475000K->365585K(709632K), 0.0175749 secs] [Times: user=0.16 sys=0.00, real=0.02 secs] 
2016-09-13T17:59:38.524-0400: 40.690: [GC (GCLocker Initiated GC) [PSYoungGen: 137994K->63110K(175104K)] 478782K->404036K(699392K), 0.0149650 secs] [Times: user=0.16 sys=0.00, real=0.02 secs] 
2016-09-13T17:59:38.705-0400: 40.870: [GC (GCLocker Initiated GC) [PSYoungGen: 174726K->43125K(186368K)] 517398K->386065K(710656K), 0.0250845 secs] [Times: user=0.25 sys=0.00, real=0.03 secs] 
2016-09-13T17:59:38.890-0400: 41.055: [GC (GCLocker Initiated GC) [PSYoungGen: 150645K->49255K(157184K)] 493615K->392434K(681472K), 0.0253712 secs] [Times: user=0.27 sys=0.00, real=0.02 secs] 
2016-09-13T17:59:39.060-0400: 41.225: [GC (GCLocker Initiated GC) [PSYoungGen: 156775K->62896K(177664K)] 500026K->409410K(701952K), 0.0224408 secs] [Times: user=0.22 sys=0.00, real=0.02 secs] 
2016-09-13T17:59:39.263-0400: 41.428: [GC (Allocation Failure) [PSYoungGen: 165296K->9891K(112640K)] 524018K->368822K(636928K), 0.0219941 secs] [Times: user=0.25 sys=0.00, real=0.02 secs] 
2016-09-13T17:59:39.427-0400: 41.592: [GC (GCLocker Initiated GC) [PSYoungGen: 111566K->62769K(172032K)] 472016K->428039K(696320K), 0.0097512 secs] [Times: user=0.08 sys=0.01, real=0.02 secs] 
2016-09-13T17:59:39.581-0400: 41.746: [GC (GCLocker Initiated GC) [PSYoungGen: 152881K->12718K(102912K)] 519720K->379842K(627200K), 0.0146914 secs] [Times: user=0.14 sys=0.00, real=0.01 secs] 
2016-09-13T17:59:39.750-0400: 41.915: [GC (GCLocker Initiated GC) [PSYoungGen: 102830K->37170K(179200K)] 476054K->412146K(703488K), 0.0286466 secs] [Times: user=0.29 sys=0.00, real=0.03 secs] 
2016-09-13T17:59:39.931-0400: 42.096: [GC (GCLocker Initiated GC) [PSYoungGen: 129330K->41725K(134144K)] 504313K->422887K(658432K), 0.0217275 secs] [Times: user=0.21 sys=0.00, real=0.02 secs] 
2016-09-13T17:59:40.086-0400: 42.252: [GC (Allocation Failure) [PSYoungGen: 133885K->32714K(174080K)] 522822K->421951K(698368K), 0.0108522 secs] [Times: user=0.13 sys=0.01, real=0.02 secs] 
2016-09-13T17:59:40.226-0400: 42.392: [GC (GCLocker Initiated GC) [PSYoungGen: 127434K->50966K(171520K)] 516674K->444980K(695808K), 0.0233346 secs] [Times: user=0.27 sys=0.00, real=0.03 secs] 
2016-09-13T17:59:40.392-0400: 42.557: [GC (GCLocker Initiated GC) [PSYoungGen: 145686K->43120K(182272K)] 539909K->449844K(706560K), 0.0271855 secs] [Times: user=0.23 sys=0.01, real=0.03 secs] 
2016-09-13T17:59:40.546-0400: 42.711: [GC (GCLocker Initiated GC) [PSYoungGen: 151152K->71850K(180224K)] 557902K->478798K(704512K), 0.0092104 secs] [Times: user=0.07 sys=0.00, real=0.01 secs] 
2016-09-13T17:59:40.674-0400: 42.840: [GC (GCLocker Initiated GC) [PSYoungGen: 179882K->47959K(181760K)] 587011K->464378K(706048K), 0.0122520 secs] [Times: user=0.12 sys=0.00, real=0.01 secs] 
2016-09-13T17:59:40.831-0400: 42.996: [GC (GCLocker Initiated GC) [PSYoungGen: 147799K->46403K(146432K)] 564523K->463427K(670720K), 0.0197935 secs] [Times: user=0.22 sys=0.01, real=0.02 secs] 
2016-09-13T17:59:40.996-0400: 43.162: [GC (GCLocker Initiated GC) [PSYoungGen: 146243K->35555K(179712K)] 563326K->452856K(704000K), 0.0094671 secs] [Times: user=0.09 sys=0.00, real=0.00 secs] 
2016-09-13T17:59:41.130-0400: 43.295: [GC (GCLocker Initiated GC) [PSYoungGen: 137443K->44708K(177664K)] 554926K->469998K(701952K), 0.0304770 secs] [Times: user=0.35 sys=0.00, real=0.03 secs] 
2016-09-13T17:59:41.300-0400: 43.466: [GC (GCLocker Initiated GC) [PSYoungGen: 146596K->50806K(182272K)] 571918K->476325K(706560K), 0.0206741 secs] [Times: user=0.23 sys=0.00, real=0.02 secs] 
2016-09-13T17:59:41.484-0400: 43.649: [GC (GCLocker Initiated GC) [PSYoungGen: 159862K->46249K(181760K)] 585493K->482773K(706048K), 0.0154940 secs] [Times: user=0.19 sys=0.00, real=0.02 secs] 
2016-09-13T17:59:41.652-0400: 43.817: [GC (GCLocker Initiated GC) [PSYoungGen: 155305K->41853K(187392K)] 592083K->490948K(711680K), 0.0094935 secs] [Times: user=0.11 sys=0.00, real=0.01 secs] 
2016-09-13T17:59:41.861-0400: 44.026: [GC (GCLocker Initiated GC) [PSYoungGen: 160125K->44576K(186880K)] 615770K->500399K(711168K), 0.0067941 secs] [Times: user=0.06 sys=0.00, real=0.00 secs] 
2016-09-13T17:59:42.051-0400: 44.217: [GC (GCLocker Initiated GC) [PSYoungGen: 162848K->31248K(189952K)] 626443K->495034K(714240K), 0.0083445 secs] [Times: user=0.07 sys=0.00, real=0.01 secs] 
2016-09-13T17:59:42.249-0400: 44.415: [GC (GCLocker Initiated GC) [PSYoungGen: 155152K->40046K(190464K)] 620675K->505879K(714752K), 0.0073810 secs] [Times: user=0.06 sys=0.00, real=0.01 secs] 
2016-09-13T17:59:42.477-0400: 44.643: [GC (GCLocker Initiated GC) [PSYoungGen: 163950K->23409K(193024K)] 637455K->497100K(717312K), 0.0169224 secs] [Times: user=0.16 sys=0.00, real=0.01 secs] 
2016-09-13T17:59:42.689-0400: 44.854: [GC (GCLocker Initiated GC) [PSYoungGen: 151921K->29480K(194048K)] 637843K->515564K(718336K), 0.0122526 secs] [Times: user=0.11 sys=0.01, real=0.01 secs] 
2016-09-13T17:59:42.904-0400: 45.069: [GC (GCLocker Initiated GC) [PSYoungGen: 157992K->37264K(192000K)] 656257K->538729K(716288K), 0.0057832 secs] [Times: user=0.05 sys=0.00, real=0.01 secs] 
2016-09-13T17:59:43.159-0400: 45.324: [GC (GCLocker Initiated GC) [PSYoungGen: 168848K->26697K(194560K)] 676602K->540863K(718848K), 0.0308970 secs] [Times: user=0.36 sys=0.00, real=0.03 secs] 
2016-09-13T17:59:43.190-0400: 45.355: [Full GC (Ergonomics) [PSYoungGen: 26697K->0K(194560K)] [ParOldGen: 514166K->37137K(524288K)] 540863K->37137K(718848K), [Metaspace: 44347K->44347K(1087488K)], 0.0500611 secs] [Times: user=0.24 sys=0.01, real=0.05 secs] 
2016-09-13T17:59:43.400-0400: 45.566: [GC (GCLocker Initiated GC) [PSYoungGen: 131584K->38778K(194048K)] 170337K->77532K(718336K), 0.0221793 secs] [Times: user=0.20 sys=0.00, real=0.02 secs] 
2016-09-13T17:59:43.604-0400: 45.770: [GC (GCLocker Initiated GC) [PSYoungGen: 174970K->60045K(196608K)] 214063K->107071K(720896K), 0.0139107 secs] [Times: user=0.14 sys=0.00, real=0.02 secs] 
2016-09-13T17:59:43.804-0400: 45.970: [GC (GCLocker Initiated GC) [PSYoungGen: 196237K->15875K(191488K)] 250882K->70753K(715776K), 0.0111569 secs] [Times: user=0.10 sys=0.00, real=0.01 secs] 
2016-09-13T17:59:44.011-0400: 46.176: [GC (GCLocker Initiated GC) [PSYoungGen: 141827K->40179K(194048K)] 196886K->100038K(718336K), 0.0375875 secs] [Times: user=0.40 sys=0.00, real=0.04 secs] 
2016-09-13T17:59:44.241-0400: 46.407: [GC (GCLocker Initiated GC) [PSYoungGen: 166131K->29638K(190464K)] 226003K->89795K(714752K), 0.0167939 secs] [Times: user=0.13 sys=0.00, real=0.02 secs] 
2016-09-13T17:59:44.439-0400: 46.604: [GC (GCLocker Initiated GC) [PSYoungGen: 157638K->35651K(192512K)] 219324K->103650K(716800K), 0.0513302 secs] [Times: user=0.57 sys=0.00, real=0.05 secs] 
2016-09-13T17:59:44.660-0400: 46.825: [GC (GCLocker Initiated GC) [PSYoungGen: 163651K->9798K(194560K)] 245592K->94923K(718848K), 0.0178854 secs] [Times: user=0.15 sys=0.00, real=0.02 secs] 
2016-09-13T17:59:44.860-0400: 47.025: [GC (GCLocker Initiated GC) [PSYoungGen: 142406K->41661K(197120K)] 227567K->127015K(721408K), 0.0061341 secs] [Times: user=0.05 sys=0.00, real=0.00 secs] 
2016-09-13T17:59:45.057-0400: 47.223: [GC (Allocation Failure) [PSYoungGen: 174269K->44949K(196096K)] 259709K->139802K(720384K), 0.0318294 secs] [Times: user=0.37 sys=0.00, real=0.03 secs] 
2016-09-13T17:59:45.323-0400: 47.489: [GC (GCLocker Initiated GC) [PSYoungGen: 177045K->47705K(180224K)] 271933K->142802K(704512K), 0.0216219 secs] [Times: user=0.21 sys=0.01, real=0.02 secs] 
2016-09-13T17:59:45.536-0400: 47.701: [GC (GCLocker Initiated GC) [PSYoungGen: 179801K->20552K(196096K)] 287070K->128019K(720384K), 0.0145887 secs] [Times: user=0.14 sys=0.00, real=0.01 secs] 
2016-09-13T17:59:45.775-0400: 47.940: [GC (GCLocker Initiated GC) [PSYoungGen: 150600K->6730K(137216K)] 264205K->131329K(661504K), 0.0303956 secs] [Times: user=0.33 sys=0.01, real=0.03 secs] 
2016-09-13T17:59:45.996-0400: 48.161: [GC (GCLocker Initiated GC) [PSYoungGen: 136778K->43245K(193024K)] 263063K->169677K(717312K), 0.0213465 secs] [Times: user=0.21 sys=0.00, real=0.02 secs] 
2016-09-13T17:59:46.184-0400: 48.350: [GC (GCLocker Initiated GC) [PSYoungGen: 168173K->9804K(135168K)] 294616K->136437K(659456K), 0.0029888 secs] [Times: user=0.02 sys=0.00, real=0.00 secs] 
2016-09-13T17:59:46.346-0400: 48.511: [GC (Allocation Failure) [PSYoungGen: 134732K->21880K(195072K)] 262942K->153392K(719360K), 0.0111687 secs] [Times: user=0.10 sys=0.00, real=0.02 secs] 
2016-09-13T17:59:46.543-0400: 48.709: [GC (GCLocker Initiated GC) [PSYoungGen: 147832K->43153K(193024K)] 279353K->174809K(717312K), 0.0137290 secs] [Times: user=0.13 sys=0.00, real=0.02 secs] 
2016-09-13T17:59:46.750-0400: 48.915: [GC (GCLocker Initiated GC) [PSYoungGen: 169105K->23469K(192000K)] 303952K->158560K(716288K), 0.0138255 secs] [Times: user=0.11 sys=0.00, real=0.01 secs] 
2016-09-13T17:59:47.010-0400: 49.176: [GC (GCLocker Initiated GC) [PSYoungGen: 150445K->26383K(193024K)] 285797K->161939K(717312K), 0.0077910 secs] [Times: user=0.05 sys=0.00, real=0.01 secs] 
2016-09-13T17:59:47.219-0400: 49.385: [GC (GCLocker Initiated GC) [PSYoungGen: 153359K->30844K(192000K)] 288928K->166540K(716288K), 0.0048577 secs] [Times: user=0.04 sys=0.00, real=0.00 secs] 
2016-09-13T17:59:47.432-0400: 49.598: [GC (GCLocker Initiated GC) [PSYoungGen: 163964K->38555K(193024K)] 301252K->177433K(717312K), 0.0088358 secs] [Times: user=0.07 sys=0.00, real=0.01 secs] 
2016-09-13T17:59:47.635-0400: 49.801: [GC (GCLocker Initiated GC) [PSYoungGen: 171675K->30965K(197120K)] 310576K->170023K(721408K), 0.0059440 secs] [Times: user=0.04 sys=0.01, real=0.01 secs] 
2016-09-13T17:59:47.858-0400: 50.023: [GC (GCLocker Initiated GC) [PSYoungGen: 173301K->26633K(199680K)] 320285K->175445K(723968K), 0.0109178 secs] [Times: user=0.10 sys=0.00, real=0.01 secs] 
2016-09-13T17:59:48.114-0400: 50.280: [GC (GCLocker Initiated GC) [PSYoungGen: 168969K->44666K(200704K)] 317976K->193816K(724992K), 0.0262554 secs] [Times: user=0.28 sys=0.01, real=0.03 secs] 
2016-09-13T17:59:48.340-0400: 50.506: [GC (GCLocker Initiated GC) [PSYoungGen: 190074K->28120K(203776K)] 345569K->183824K(728064K), 0.0137246 secs] [Times: user=0.13 sys=0.00, real=0.01 secs] 
2016-09-13T17:59:48.578-0400: 50.744: [GC (Allocation Failure) [PSYoungGen: 173528K->20338K(201728K)] 330770K->177800K(726016K), 0.0094227 secs] [Times: user=0.09 sys=0.00, real=0.00 secs] 
2016-09-13T17:59:48.817-0400: 50.983: [GC (GCLocker Initiated GC) [PSYoungGen: 167794K->44667K(203264K)] 325320K->202454K(727552K), 0.0070694 secs] [Times: user=0.05 sys=0.00, real=0.00 secs] 
2016-09-13T17:59:49.050-0400: 51.216: [GC (GCLocker Initiated GC) [PSYoungGen: 192123K->9800K(200704K)] 362248K->180004K(724992K), 0.0124467 secs] [Times: user=0.12 sys=0.00, real=0.01 secs] 
2016-09-13T17:59:49.302-0400: 51.467: [GC (GCLocker Initiated GC) [PSYoungGen: 152136K->5280K(147968K)] 336143K->198621K(672256K), 0.0172256 secs] [Times: user=0.22 sys=0.01, real=0.02 secs] 
2016-09-13T17:59:49.558-0400: 51.724: [GC (GCLocker Initiated GC) [PSYoungGen: 147616K->22232K(203776K)] 347129K->221986K(728064K), 0.0150444 secs] [Times: user=0.19 sys=0.00, real=0.01 secs] 
2016-09-13T17:59:49.769-0400: 51.935: [GC (GCLocker Initiated GC) [PSYoungGen: 165080K->28057K(171008K)] 365080K->228235K(695296K), 0.0128823 secs] [Times: user=0.16 sys=0.00, real=0.01 secs] 
2016-09-13T17:59:50.008-0400: 52.173: [GC (GCLocker Initiated GC) [PSYoungGen: 170905K->37364K(197632K)] 371165K->237770K(721920K), 0.0214670 secs] [Times: user=0.29 sys=0.01, real=0.02 secs] 
2016-09-13T17:59:50.294-0400: 52.459: [GC (GCLocker Initiated GC) [PSYoungGen: 179188K->6638K(198656K)] 391806K->221026K(722944K), 0.0325258 secs] [Times: user=0.33 sys=0.00, real=0.03 secs] 
2016-09-13T17:59:50.498-0400: 52.663: [GC (GCLocker Initiated GC) [PSYoungGen: 148462K->55394K(188416K)] 362948K->276215K(712704K), 0.0216772 secs] [Times: user=0.20 sys=0.01, real=0.02 secs] 
2016-09-13T17:59:50.708-0400: 52.873: [GC (Allocation Failure) [PSYoungGen: 186466K->47736K(179200K)] 407384K->274973K(703488K), 0.0095045 secs] [Times: user=0.06 sys=0.00, real=0.01 secs] 
2016-09-13T17:59:50.910-0400: 53.075: [GC (GCLocker Initiated GC) [PSYoungGen: 178808K->30967K(197120K)] 406048K->258349K(721408K), 0.0225111 secs] [Times: user=0.22 sys=0.00, real=0.02 secs] 
2016-09-13T17:59:51.110-0400: 53.276: [GC (GCLocker Initiated GC) [PSYoungGen: 159479K->44980K(193536K)] 388417K->274089K(717824K), 0.0053643 secs] [Times: user=0.04 sys=0.00, real=0.01 secs] 
2016-09-13T17:59:51.328-0400: 53.493: [GC (GCLocker Initiated GC) [PSYoungGen: 173492K->50710K(188928K)] 402710K->289306K(713216K), 0.0161339 secs] [Times: user=0.16 sys=0.00, real=0.01 secs] 
2016-09-13T17:59:51.512-0400: 53.678: [GC (GCLocker Initiated GC) [PSYoungGen: 172566K->46377K(168448K)] 411181K->288168K(692736K), 0.0080592 secs] [Times: user=0.06 sys=0.00, real=0.01 secs] 
2016-09-13T17:59:51.725-0400: 53.891: [GC (Allocation Failure) [PSYoungGen: 168233K->25168K(192512K)] 416297K->281126K(716800K), 0.0074362 secs] [Times: user=0.07 sys=0.00, real=0.01 secs] 
2016-09-13T17:59:51.927-0400: 54.092: [GC (GCLocker Initiated GC) [PSYoungGen: 146512K->46255K(190976K)] 402473K->302495K(715264K), 0.0111519 secs] [Times: user=0.12 sys=0.00, real=0.02 secs] 
2016-09-13T17:59:52.142-0400: 54.307: [GC (Allocation Failure) [PSYoungGen: 167599K->11232K(189952K)] 423975K->267924K(714240K), 0.0120744 secs] [Times: user=0.12 sys=0.01, real=0.01 secs] 
2016-09-13T17:59:52.346-0400: 54.512: [GC (GCLocker Initiated GC) [PSYoungGen: 130047K->41689K(190976K)] 388258K->300034K(715264K), 0.0094469 secs] [Times: user=0.09 sys=0.00, real=0.02 secs] 
2016-09-13T17:59:52.528-0400: 54.694: [GC (GCLocker Initiated GC) [PSYoungGen: 161497K->34040K(183296K)] 419859K->292501K(707584K), 0.0076047 secs] [Times: user=0.06 sys=0.01, real=0.01 secs] 
2016-09-13T17:59:52.699-0400: 54.864: [GC (GCLocker Initiated GC) [PSYoungGen: 154360K->63116K(187392K)] 412888K->335570K(711680K), 0.0108805 secs] [Times: user=0.11 sys=0.00, real=0.01 secs] 
2016-09-13T17:59:52.898-0400: 55.064: [GC (GCLocker Initiated GC) [PSYoungGen: 183436K->26633K(189952K)] 462059K->317616K(714240K), 0.0305305 secs] [Times: user=0.34 sys=0.01, real=0.03 secs] 
2016-09-13T17:59:53.114-0400: 55.280: [GC (GCLocker Initiated GC) [PSYoungGen: 142345K->70492K(186368K)] 434968K->381598K(710656K), 0.0101770 secs] [Times: user=0.10 sys=0.00, real=0.01 secs] 
2016-09-13T17:59:53.299-0400: 55.464: [GC (GCLocker Initiated GC) [PSYoungGen: 186204K->29766K(180224K)] 503444K->354704K(704512K), 0.0223337 secs] [Times: user=0.25 sys=0.00, real=0.02 secs] 
2016-09-13T17:59:53.469-0400: 55.635: [GC (GCLocker Initiated GC) [PSYoungGen: 134214K->52357K(157184K)] 459345K->377883K(681472K), 0.0123941 secs] [Times: user=0.13 sys=0.01, real=0.01 secs] 
2016-09-13T17:59:53.645-0400: 55.810: [GC (GCLocker Initiated GC) [PSYoungGen: 156805K->14515K(181760K)] 488442K->358497K(706048K), 0.0129386 secs] [Times: user=0.16 sys=0.00, real=0.02 secs] 
2016-09-13T17:59:53.812-0400: 55.977: [GC (GCLocker Initiated GC) [PSYoungGen: 115891K->29608K(131072K)] 461540K->383100K(655360K), 0.0170576 secs] [Times: user=0.20 sys=0.00, real=0.02 secs] 
2016-09-13T17:59:53.992-0400: 56.157: [GC (GCLocker Initiated GC) [PSYoungGen: 130984K->41565K(180736K)] 486092K->396871K(705024K), 0.0111637 secs] [Times: user=0.08 sys=0.00, real=0.01 secs] 
2016-09-13T17:59:54.147-0400: 56.313: [GC (GCLocker Initiated GC) [PSYoungGen: 144989K->37387K(178688K)] 507928K->400650K(702976K), 0.0227076 secs] [Times: user=0.29 sys=0.00, real=0.03 secs] 
2016-09-13T17:59:54.302-0400: 56.467: [GC (GCLocker Initiated GC) [PSYoungGen: 140811K->67581K(173568K)] 504105K->444836K(697856K), 0.0204621 secs] [Times: user=0.25 sys=0.00, real=0.02 secs] 
2016-09-13T17:59:54.476-0400: 56.642: [GC (Allocation Failure) [PSYoungGen: 169469K->47955K(181248K)] 546861K->437738K(705536K), 0.0104727 secs] [Times: user=0.11 sys=0.00, real=0.00 secs] 
2016-09-13T17:59:54.487-0400: 56.653: [GC (GCLocker Initiated GC) [PSYoungGen: 47966K->64K(176640K)] 437749K->431369K(700928K), 0.0073933 secs] [Times: user=0.05 sys=0.00, real=0.01 secs] 
2016-09-13T17:59:54.662-0400: 56.827: [GC (GCLocker Initiated GC) [PSYoungGen: 98368K->69003K(167424K)] 529679K->500315K(691712K), 0.0152315 secs] [Times: user=0.15 sys=0.00, real=0.02 secs] 
2016-09-13T17:59:54.833-0400: 56.998: [GC (GCLocker Initiated GC) [PSYoungGen: 167307K->44922K(176128K)] 600322K->502616K(700416K), 0.0073685 secs] [Times: user=0.09 sys=0.00, real=0.01 secs] 
2016-09-13T17:59:54.960-0400: 57.126: [GC (GCLocker Initiated GC) [PSYoungGen: 134010K->23345K(112640K)] 591749K->481352K(636928K), 0.0050198 secs] [Times: user=0.05 sys=0.00, real=0.00 secs] 
2016-09-13T17:59:55.113-0400: 57.278: [GC (Allocation Failure) [PSYoungGen: 112433K->41539K(177152K)] 570650K->504506K(701440K), 0.0315024 secs] [Times: user=0.43 sys=0.00, real=0.03 secs] 
2016-09-13T17:59:55.286-0400: 57.451: [GC (GCLocker Initiated GC) [PSYoungGen: 134163K->14201K(173568K)] 603205K->483424K(697856K), 0.0126123 secs] [Times: user=0.15 sys=0.00, real=0.02 secs] 
2016-09-13T17:59:55.430-0400: 57.595: [GC (GCLocker Initiated GC) [PSYoungGen: 106873K->46218K(178176K)] 577803K->517358K(702464K), 0.0105284 secs] [Times: user=0.11 sys=0.00, real=0.01 secs] 
2016-09-13T17:59:55.582-0400: 57.747: [GC (GCLocker Initiated GC) [PSYoungGen: 143498K->9613K(177664K)] 616298K->482501K(701952K), 0.0233779 secs] [Times: user=0.24 sys=0.00, real=0.02 secs] 
2016-09-13T17:59:55.725-0400: 57.891: [GC (GCLocker Initiated GC) [PSYoungGen: 106893K->46159K(181248K)] 581478K->520897K(705536K), 0.0144166 secs] [Times: user=0.14 sys=0.00, real=0.02 secs] 
2016-09-13T17:59:55.908-0400: 58.074: [GC (GCLocker Initiated GC) [PSYoungGen: 147023K->23431K(124416K)] 637154K->513756K(648704K), 0.0109540 secs] [Times: user=0.09 sys=0.00, real=0.01 secs] 
2016-09-13T17:59:56.079-0400: 58.245: [GC (Allocation Failure) [PSYoungGen: 124295K->49287K(177664K)] 616353K->541629K(701952K), 0.0133094 secs] [Times: user=0.12 sys=0.02, real=0.01 secs] 
2016-09-13T17:59:56.253-0400: 58.418: [GC (GCLocker Initiated GC) [PSYoungGen: 148584K->56790K(179200K)] 642445K->558439K(703488K), 0.0096101 secs] [Times: user=0.08 sys=0.00, real=0.01 secs] 
2016-09-13T17:59:56.263-0400: 58.428: [Full GC (Ergonomics) [PSYoungGen: 56790K->0K(179200K)] [ParOldGen: 501648K->43703K(524288K)] 558439K->43703K(703488K), [Metaspace: 44364K->44364K(1087488K)], 0.0592744 secs] [Times: user=0.28 sys=0.02, real=0.06 secs] 
2016-09-13T17:59:56.454-0400: 58.619: [GC (GCLocker Initiated GC) [PSYoungGen: 99840K->78239K(170496K)] 149685K->128084K(694784K), 0.0123121 secs] [Times: user=0.13 sys=0.00, real=0.01 secs] 
2016-09-13T17:59:56.572-0400: 58.738: [GC (GCLocker Initiated GC) [PSYoungGen: 166303K->43339K(175104K)] 216260K->119482K(699392K), 0.0098312 secs] [Times: user=0.09 sys=0.00, real=0.01 secs] 
2016-09-13T17:59:56.702-0400: 58.867: [GC (GCLocker Initiated GC) [PSYoungGen: 131403K->50742K(175104K)] 213762K->133404K(699392K), 0.0071684 secs] [Times: user=0.05 sys=0.00, real=0.01 secs] 
2016-09-13T17:59:56.853-0400: 59.018: [GC (GCLocker Initiated GC) [PSYoungGen: 138806K->25045K(113152K)] 227601K->120125K(637440K), 0.0053199 secs] [Times: user=0.04 sys=0.00, real=0.01 secs] 
2016-09-13T17:59:57.005-0400: 59.171: [GC (GCLocker Initiated GC) [PSYoungGen: 113109K->46224K(176128K)] 208228K->141568K(700416K), 0.0213243 secs] [Times: user=0.25 sys=0.01, real=0.02 secs] 
2016-09-13T17:59:57.157-0400: 59.322: [GC (Allocation Failure) [PSYoungGen: 136848K->41826K(132608K)] 232589K->142318K(656896K), 0.0080277 secs] [Times: user=0.11 sys=0.00, real=0.00 secs] 
2016-09-13T17:59:57.288-0400: 59.453: [GC (GCLocker Initiated GC) [PSYoungGen: 128232K->32682K(174592K)] 234799K->157736K(698880K), 0.0069443 secs] [Times: user=0.09 sys=0.00, real=0.00 secs] 
2016-09-13T17:59:57.463-0400: 59.628: [GC (GCLocker Initiated GC) [PSYoungGen: 128426K->32613K(172544K)] 259684K->164104K(696832K), 0.0084353 secs] [Times: user=0.08 sys=0.01, real=0.01 secs] 
2016-09-13T17:59:57.627-0400: 59.792: [GC (Allocation Failure) [PSYoungGen: 128357K->23563K(181760K)] 261383K->162917K(706048K), 0.0058313 secs] [Times: user=0.04 sys=0.01, real=0.01 secs] 
2016-09-13T17:59:57.633-0400: 59.799: [GC (GCLocker Initiated GC) [PSYoungGen: 23575K->256K(181248K)] 162928K->167525K(705536K), 0.0079746 secs] [Times: user=0.12 sys=0.00, real=0.01 secs] 
2016-09-13T17:59:57.787-0400: 59.952: [GC (GCLocker Initiated GC) [PSYoungGen: 106008K->64697K(171008K)] 274797K->233494K(695296K), 0.0180293 secs] [Times: user=0.14 sys=0.01, real=0.02 secs] 
2016-09-13T17:59:57.930-0400: 60.095: [GC (GCLocker Initiated GC) [PSYoungGen: 158905K->43094K(178176K)] 327727K->253400K(702464K), 0.0171126 secs] [Times: user=0.18 sys=0.00, real=0.01 secs] 
2016-09-13T17:59:58.095-0400: 60.260: [GC (GCLocker Initiated GC) [PSYoungGen: 137302K->41853K(169472K)] 355430K->275426K(693760K), 0.0083441 secs] [Times: user=0.10 sys=0.00, real=0.01 secs] 
2016-09-13T17:59:58.259-0400: 60.424: [GC (GCLocker Initiated GC) [PSYoungGen: 138621K->28147K(175104K)] 378478K->268174K(699392K), 0.0107867 secs] [Times: user=0.10 sys=0.00, real=0.01 secs] 
2016-09-13T17:59:58.427-0400: 60.592: [GC (GCLocker Initiated GC) [PSYoungGen: 124915K->32804K(175616K)] 365148K->273329K(699904K), 0.0078764 secs] [Times: user=0.08 sys=0.00, real=0.01 secs] 
2016-09-13T17:59:58.605-0400: 60.770: [GC (GCLocker Initiated GC) [PSYoungGen: 140324K->11163K(180736K)] 386949K->262648K(705024K), 0.0122123 secs] [Times: user=0.13 sys=0.00, real=0.02 secs] 
2016-09-13T17:59:58.779-0400: 60.944: [GC (Allocation Failure) [PSYoungGen: 118683K->21885K(186368K)] 370186K->278071K(710656K), 0.0069661 secs] [Times: user=0.04 sys=0.00, real=0.00 secs] 
2016-09-13T17:59:58.951-0400: 61.116: [GC (Allocation Failure) [PSYoungGen: 137085K->46256K(187392K)] 393271K->302668K(711680K), 0.0064345 secs] [Times: user=0.08 sys=0.00, real=0.01 secs] 
2016-09-13T17:59:59.131-0400: 61.297: [GC (GCLocker Initiated GC) [PSYoungGen: 159655K->28118K(184832K)] 422142K->290701K(709120K), 0.0221481 secs] [Times: user=0.24 sys=0.00, real=0.02 secs] 
2016-09-13T17:59:59.356-0400: 61.522: [GC (Allocation Failure) [PSYoungGen: 144854K->23345K(186880K)] 413862K->292475K(711168K), 0.0298332 secs] [Times: user=0.30 sys=0.00, real=0.02 secs] 
2016-09-13T17:59:59.536-0400: 61.702: [GC (GCLocker Initiated GC) [PSYoungGen: 136579K->30998K(185344K)] 411784K->306404K(709632K), 0.0063497 secs] [Times: user=0.05 sys=0.00, real=0.00 secs] 
2016-09-13T17:59:59.757-0400: 61.923: [GC (Allocation Failure) [PSYoungGen: 154390K->40020K(188928K)] 430056K->315879K(713216K), 0.0251366 secs] [Times: user=0.24 sys=0.00, real=0.02 secs] 
2016-09-13T17:59:59.935-0400: 62.100: [GC (GCLocker Initiated GC) [PSYoungGen: 163412K->43085K(196096K)] 439277K->319175K(720384K), 0.0063054 secs] [Times: user=0.05 sys=0.00, real=0.01 secs] 
2016-09-13T18:00:00.184-0400: 62.350: [GC (GCLocker Initiated GC) [PSYoungGen: 174669K->41661K(196608K)] 450874K->318064K(720896K), 0.0059694 secs] [Times: user=0.05 sys=0.00, real=0.01 secs] 
2016-09-13T18:00:00.395-0400: 62.560: [GC (GCLocker Initiated GC) [PSYoungGen: 173245K->44608K(196096K)] 449950K->321572K(720384K), 0.0070406 secs] [Times: user=0.04 sys=0.00, real=0.01 secs] 
2016-09-13T18:00:00.577-0400: 62.743: [GC (GCLocker Initiated GC) [PSYoungGen: 175680K->41506K(173056K)] 452661K->318680K(697344K), 0.0322616 secs] [Times: user=0.32 sys=0.00, real=0.03 secs] 
2016-09-13T18:00:00.827-0400: 62.993: [GC (GCLocker Initiated GC) [PSYoungGen: 172578K->24955K(196608K)] 455980K->313122K(720896K), 0.0051994 secs] [Times: user=0.04 sys=0.01, real=0.01 secs] 
2016-09-13T18:00:01.032-0400: 63.198: [GC (Allocation Failure) [PSYoungGen: 157051K->43217K(196096K)] 445428K->331820K(720384K), 0.0218057 secs] [Times: user=0.23 sys=0.00, real=0.02 secs] 
2016-09-13T18:00:01.250-0400: 63.415: [GC (GCLocker Initiated GC) [PSYoungGen: 175313K->47550K(195072K)] 463991K->336351K(719360K), 0.0148430 secs] [Times: user=0.14 sys=0.00, real=0.01 secs] 
2016-09-13T18:00:01.450-0400: 63.615: [GC (GCLocker Initiated GC) [PSYoungGen: 178622K->26568K(196608K)] 473676K->321744K(720896K), 0.0135218 secs] [Times: user=0.12 sys=0.00, real=0.01 secs] 
2016-09-13T18:00:01.695-0400: 63.860: [GC (GCLocker Initiated GC) [PSYoungGen: 157640K->64449K(182272K)] 453172K->360203K(706560K), 0.0092074 secs] [Times: user=0.10 sys=0.00, real=0.01 secs] 
2016-09-13T18:00:01.882-0400: 64.047: [GC (Allocation Failure) [PSYoungGen: 182209K->28174K(189952K)] 484261K->330373K(714240K), 0.0088774 secs] [Times: user=0.09 sys=0.00, real=0.01 secs] 
2016-09-13T18:00:02.075-0400: 64.240: [GC (GCLocker Initiated GC) [PSYoungGen: 141928K->24955K(186368K)] 450202K->341083K(710656K), 0.0187795 secs] [Times: user=0.21 sys=0.00, real=0.02 secs] 
2016-09-13T18:00:02.282-0400: 64.448: [GC (Allocation Failure) [PSYoungGen: 144251K->58373K(178176K)] 460510K->374782K(702464K), 0.0298682 secs] [Times: user=0.26 sys=0.00, real=0.03 secs] 
2016-09-13T18:00:02.493-0400: 64.658: [GC (GCLocker Initiated GC) [PSYoungGen: 176581K->41757K(190464K)] 494509K->359832K(714752K), 0.0309562 secs] [Times: user=0.36 sys=0.00, real=0.03 secs] 
2016-09-13T18:00:02.675-0400: 64.841: [GC (GCLocker Initiated GC) [PSYoungGen: 157981K->56966K(173568K)] 476070K->375331K(697856K), 0.0097635 secs] [Times: user=0.08 sys=0.00, real=0.01 secs] 
2016-09-13T18:00:02.850-0400: 65.015: [GC (GCLocker Initiated GC) [PSYoungGen: 173190K->37296K(189440K)] 491728K->356377K(713728K), 0.0056162 secs] [Times: user=0.05 sys=0.00, real=0.00 secs] 
2016-09-13T18:00:03.010-0400: 65.175: [GC (GCLocker Initiated GC) [PSYoungGen: 151472K->50779K(186880K)] 470653K->374750K(711168K), 0.0069130 secs] [Times: user=0.05 sys=0.00, real=0.01 secs] 
2016-09-13T18:00:03.168-0400: 65.333: [GC (GCLocker Initiated GC) [PSYoungGen: 164955K->29416K(188416K)] 489054K->361385K(712704K), 0.0064213 secs] [Times: user=0.06 sys=0.00, real=0.00 secs] 
2016-09-13T18:00:03.382-0400: 65.548: [GC (GCLocker Initiated GC) [PSYoungGen: 144616K->11191K(187392K)] 476607K->350981K(711680K), 0.0262359 secs] [Times: user=0.27 sys=0.00, real=0.03 secs] 
2016-09-13T18:00:03.588-0400: 65.754: [GC (GCLocker Initiated GC) [PSYoungGen: 126391K->26441K(188416K)] 472449K->383278K(712704K), 0.0168178 secs] [Times: user=0.18 sys=0.00, real=0.01 secs] 
2016-09-13T18:00:03.750-0400: 65.916: [GC (GCLocker Initiated GC) [PSYoungGen: 142665K->5301K(188416K)] 508720K->371624K(712704K), 0.0248634 secs] [Times: user=0.28 sys=0.00, real=0.02 secs] 
2016-09-13T18:00:03.933-0400: 66.099: [GC (GCLocker Initiated GC) [PSYoungGen: 121525K->41538K(188928K)] 488192K->408477K(713216K), 0.0178569 secs] [Times: user=0.19 sys=0.00, real=0.02 secs] 
2016-09-13T18:00:04.139-0400: 66.304: [GC (GCLocker Initiated GC) [PSYoungGen: 157250K->49233K(165376K)] 524245K->416387K(689664K), 0.0101812 secs] [Times: user=0.12 sys=0.00, real=0.01 secs] 
2016-09-13T18:00:04.327-0400: 66.493: [GC (GCLocker Initiated GC) [PSYoungGen: 164945K->56785K(180224K)] 532307K->428842K(704512K), 0.0259072 secs] [Times: user=0.26 sys=0.00, real=0.03 secs] 
2016-09-13T18:00:04.532-0400: 66.697: [GC (GCLocker Initiated GC) [PSYoungGen: 162257K->46319K(183808K)] 540460K->438329K(708096K), 0.0077990 secs] [Times: user=0.07 sys=0.00, real=0.01 secs] 
2016-09-13T18:00:04.687-0400: 66.853: [GC (Allocation Failure) [PSYoungGen: 151791K->32735K(177152K)] 549904K->431042K(701440K), 0.0232454 secs] [Times: user=0.29 sys=0.00, real=0.03 secs] 
2016-09-13T18:00:04.869-0400: 67.035: [GC (GCLocker Initiated GC) [PSYoungGen: 138719K->43308K(180736K)] 537029K->450921K(705024K), 0.0265205 secs] [Times: user=0.34 sys=0.00, real=0.03 secs] 
2016-09-13T18:00:05.037-0400: 67.203: [GC (Allocation Failure) [PSYoungGen: 149292K->32709K(180736K)] 556946K->440690K(705024K), 0.0060930 secs] [Times: user=0.07 sys=0.00, real=0.00 secs] 
2016-09-13T18:00:05.226-0400: 67.392: [GC (GCLocker Initiated GC) [PSYoungGen: 145948K->40148K(184832K)] 555448K->449921K(709120K), 0.0194836 secs] [Times: user=0.18 sys=0.00, real=0.02 secs] 
2016-09-13T18:00:05.437-0400: 67.602: [GC (GCLocker Initiated GC) [PSYoungGen: 154324K->28178K(187904K)] 570348K->444355K(712192K), 0.0061718 secs] [Times: user=0.04 sys=0.00, real=0.00 secs] 
2016-09-13T18:00:05.620-0400: 67.785: [GC (GCLocker Initiated GC) [PSYoungGen: 151570K->23490K(190464K)] 569363K->441402K(714752K), 0.0321052 secs] [Times: user=0.31 sys=0.01, real=0.03 secs] 
2016-09-13T18:00:05.841-0400: 68.007: [GC (GCLocker Initiated GC) [PSYoungGen: 146882K->46064K(194560K)] 566382K->465694K(718848K), 0.0112114 secs] [Times: user=0.08 sys=0.01, real=0.01 secs] 
2016-09-13T18:00:06.026-0400: 68.192: [GC (GCLocker Initiated GC) [PSYoungGen: 174064K->29851K(158208K)] 593899K->454437K(682496K), 0.0295738 secs] [Times: user=0.31 sys=0.00, real=0.04 secs] 
2016-09-13T18:00:06.236-0400: 68.401: [GC (GCLocker Initiated GC) [PSYoungGen: 157851K->29483K(196096K)] 584118K->462132K(720384K), 0.0065914 secs] [Times: user=0.05 sys=0.01, real=0.01 secs] 
2016-09-13T18:00:06.433-0400: 68.599: [GC (GCLocker Initiated GC) [PSYoungGen: 160043K->25078K(194048K)] 592718K->462467K(718336K), 0.0055708 secs] [Times: user=0.06 sys=0.00, real=0.01 secs] 
2016-09-13T18:00:06.649-0400: 68.814: [GC (GCLocker Initiated GC) [PSYoungGen: 155638K->9804K(194048K)] 606905K->464255K(718336K), 0.0077882 secs] [Times: user=0.08 sys=0.01, real=0.01 secs] 
2016-09-13T18:00:06.880-0400: 69.045: [GC (GCLocker Initiated GC) [PSYoungGen: 141388K->46282K(195584K)] 595993K->501031K(719872K), 0.0105827 secs] [Times: user=0.13 sys=0.00, real=0.01 secs] 
2016-09-13T18:00:07.101-0400: 69.266: [GC (GCLocker Initiated GC) [PSYoungGen: 177866K->46218K(193024K)] 632634K->501140K(717312K), 0.0331929 secs] [Times: user=0.32 sys=0.00, real=0.03 secs] 
2016-09-13T18:00:07.320-0400: 69.486: [GC (GCLocker Initiated GC) [PSYoungGen: 173194K->29571K(156672K)] 629645K->496784K(680960K), 0.0062429 secs] [Times: user=0.06 sys=0.00, real=0.00 secs] 
2016-09-13T18:00:07.514-0400: 69.680: [GC (GCLocker Initiated GC) [PSYoungGen: 156547K->43148K(193024K)] 625431K->516712K(717312K), 0.0108005 secs] [Times: user=0.09 sys=0.00, real=0.01 secs] 
2016-09-13T18:00:07.700-0400: 69.865: [GC (GCLocker Initiated GC) [PSYoungGen: 171148K->44641K(193536K)] 644731K->518500K(717824K), 0.0211334 secs] [Times: user=0.21 sys=0.00, real=0.02 secs] 
2016-09-13T18:00:07.905-0400: 70.071: [GC (GCLocker Initiated GC) [PSYoungGen: 172641K->47868K(193024K)] 646525K->553823K(717312K), 0.0203673 secs] [Times: user=0.21 sys=0.00, real=0.02 secs] 
2016-09-13T18:00:07.926-0400: 70.091: [Full GC (Ergonomics) [PSYoungGen: 47868K->0K(193024K)] [ParOldGen: 505954K->39542K(524288K)] 553823K->39542K(717312K), [Metaspace: 44444K->44444K(1087488K)], 0.0651234 secs] [Times: user=0.39 sys=0.01, real=0.07 secs] 
2016-09-13T18:00:08.176-0400: 70.342: [GC (GCLocker Initiated GC) [PSYoungGen: 126976K->55490K(182784K)] 168097K->96611K(707072K), 0.0239659 secs] [Times: user=0.25 sys=0.00, real=0.02 secs] 
2016-09-13T18:00:08.347-0400: 70.512: [GC (GCLocker Initiated GC) [PSYoungGen: 182466K->38655K(194048K)] 223643K->83202K(718336K), 0.0136447 secs] [Times: user=0.13 sys=0.00, real=0.02 secs] 
2016-09-13T18:00:08.528-0400: 70.693: [GC (GCLocker Initiated GC) [PSYoungGen: 161535K->43249K(166400K)] 206110K->92656K(690688K), 0.0093423 secs] [Times: user=0.08 sys=0.00, real=0.02 secs] 
2016-09-13T18:00:08.714-0400: 70.879: [GC (GCLocker Initiated GC) [PSYoungGen: 166129K->50939K(187904K)] 215586K->102106K(712192K), 0.0067069 secs] [Times: user=0.07 sys=0.01, real=0.01 secs] 
2016-09-13T18:00:08.916-0400: 71.082: [GC (GCLocker Initiated GC) [PSYoungGen: 172283K->26480K(189440K)] 229650K->94712K(713728K), 0.0103953 secs] [Times: user=0.10 sys=0.00, real=0.00 secs] 
2016-09-13T18:00:09.113-0400: 71.279: [GC (GCLocker Initiated GC) [PSYoungGen: 147824K->44832K(192000K)] 216075K->113304K(716288K), 0.0134386 secs] [Times: user=0.14 sys=0.00, real=0.01 secs] 
2016-09-13T18:00:09.322-0400: 71.487: [GC (GCLocker Initiated GC) [PSYoungGen: 170784K->41725K(193024K)] 239282K->111900K(717312K), 0.0072608 secs] [Times: user=0.07 sys=0.00, real=0.01 secs] 
2016-09-13T18:00:09.517-0400: 71.682: [GC (GCLocker Initiated GC) [PSYoungGen: 167677K->47837K(193536K)] 238061K->132148K(717824K), 0.0126863 secs] [Times: user=0.15 sys=0.00, real=0.01 secs] 
2016-09-13T18:00:09.735-0400: 71.901: [GC (GCLocker Initiated GC) [PSYoungGen: 176349K->53972K(194048K)] 260686K->138455K(718336K), 0.0131621 secs] [Times: user=0.18 sys=0.00, real=0.02 secs] 
2016-09-13T18:00:09.964-0400: 72.129: [GC (GCLocker Initiated GC) [PSYoungGen: 182484K->41762K(194048K)] 267126K->141837K(718336K), 0.0098499 secs] [Times: user=0.13 sys=0.00, real=0.01 secs] 
2016-09-13T18:00:10.184-0400: 72.349: [GC (GCLocker Initiated GC) [PSYoungGen: 170274K->28024K(194048K)] 270407K->128391K(718336K), 0.0092545 secs] [Times: user=0.09 sys=0.00, real=0.01 secs] 
2016-09-13T18:00:10.357-0400: 72.522: [GC (Allocation Failure) [PSYoungGen: 156536K->30998K(194560K)] 257092K->131813K(718848K), 0.0109739 secs] [Times: user=0.06 sys=0.00, real=0.01 secs] 
2016-09-13T18:00:10.547-0400: 72.712: [GC (GCLocker Initiated GC) [PSYoungGen: 162070K->28243K(195584K)] 262891K->129329K(719872K), 0.0044936 secs] [Times: user=0.05 sys=0.00, real=0.01 secs] 
2016-09-13T18:00:10.793-0400: 72.959: [GC (GCLocker Initiated GC) [PSYoungGen: 159315K->38752K(193024K)] 260524K->140172K(717312K), 0.0076289 secs] [Times: user=0.10 sys=0.01, real=0.01 secs] 
2016-09-13T18:00:11.010-0400: 73.176: [GC (GCLocker Initiated GC) [PSYoungGen: 172384K->25087K(195584K)] 277567K->135055K(719872K), 0.0120507 secs] [Times: user=0.13 sys=0.00, real=0.01 secs] 
2016-09-13T18:00:11.252-0400: 73.418: [GC (GCLocker Initiated GC) [PSYoungGen: 158719K->61533K(187904K)] 274826K->199046K(712192K), 0.0124730 secs] [Times: user=0.13 sys=0.00, real=0.01 secs] 
2016-09-13T18:00:11.460-0400: 73.626: [GC (GCLocker Initiated GC) [PSYoungGen: 187485K->5498K(131584K)] 340451K->213411K(655872K), 0.0072584 secs] [Times: user=0.08 sys=0.00, real=0.01 secs] 
2016-09-13T18:00:11.671-0400: 73.837: [GC (GCLocker Initiated GC) [PSYoungGen: 131450K->23506K(192000K)] 345704K->237951K(716288K), 0.0122452 secs] [Times: user=0.15 sys=0.01, real=0.01 secs] 
2016-09-13T18:00:11.856-0400: 74.022: [GC (GCLocker Initiated GC) [PSYoungGen: 144338K->50870K(172032K)] 358805K->265467K(696320K), 0.0138802 secs] [Times: user=0.15 sys=0.00, real=0.01 secs] 
2016-09-13T18:00:12.054-0400: 74.219: [GC (GCLocker Initiated GC) [PSYoungGen: 171702K->46473K(188928K)] 387965K->273626K(713216K), 0.0128656 secs] [Times: user=0.18 sys=0.00, real=0.01 secs] 
2016-09-13T18:00:12.248-0400: 74.413: [GC (GCLocker Initiated GC) [PSYoungGen: 163209K->40142K(157184K)] 391908K->269074K(681472K), 0.0226747 secs] [Times: user=0.22 sys=0.00, real=0.02 secs] 
2016-09-13T18:00:12.458-0400: 74.623: [GC (GCLocker Initiated GC) [PSYoungGen: 156878K->14228K(186880K)] 397987K->255590K(711168K), 0.0102034 secs] [Times: user=0.09 sys=0.00, real=0.01 secs] 
2016-09-13T18:00:12.656-0400: 74.822: [GC (Allocation Failure) [PSYoungGen: 130964K->28119K(187392K)] 374010K->277351K(711680K), 0.0152621 secs] [Times: user=0.16 sys=0.01, real=0.01 secs] 
2016-09-13T18:00:12.849-0400: 75.014: [GC (GCLocker Initiated GC) [PSYoungGen: 144080K->64416K(178176K)] 394831K->315368K(702464K), 0.0216615 secs] [Times: user=0.23 sys=0.00, real=0.02 secs] 
2016-09-13T18:00:13.033-0400: 75.198: [GC (GCLocker Initiated GC) [PSYoungGen: 173984K->32549K(185856K)] 424958K->283646K(710144K), 0.0130742 secs] [Times: user=0.13 sys=0.00, real=0.01 secs] 
2016-09-13T18:00:13.205-0400: 75.370: [GC (GCLocker Initiated GC) [PSYoungGen: 142117K->44609K(180736K)] 394811K->302143K(705024K), 0.0131404 secs] [Times: user=0.14 sys=0.00, real=0.02 secs] 
2016-09-13T18:00:13.383-0400: 75.548: [GC (GCLocker Initiated GC) [PSYoungGen: 157249K->23617K(184832K)] 414900K->281415K(709120K), 0.0053093 secs] [Times: user=0.05 sys=0.00, real=0.01 secs] 
2016-09-13T18:00:13.565-0400: 75.731: [GC (Allocation Failure) [PSYoungGen: 136257K->4988K(186880K)] 400260K->269160K(711168K), 0.0072276 secs] [Times: user=0.06 sys=0.00, real=0.01 secs] 
2016-09-13T18:00:13.764-0400: 75.929: [GC (GCLocker Initiated GC) [PSYoungGen: 119940K->27966K(143872K)] 385631K->293772K(668160K), 0.0138161 secs] [Times: user=0.10 sys=0.00, real=0.02 secs] 
2016-09-13T18:00:13.946-0400: 76.111: [GC (GCLocker Initiated GC) [PSYoungGen: 143678K->15816K(188416K)] 411030K->283328K(712704K), 0.0073428 secs] [Times: user=0.07 sys=0.00, real=0.01 secs] 
2016-09-13T18:00:14.170-0400: 76.335: [GC (Allocation Failure) [PSYoungGen: 134088K->3686K(187904K)] 407817K->283612K(712192K), 0.0088932 secs] [Times: user=0.09 sys=0.00, real=0.01 secs] 
2016-09-13T18:00:14.361-0400: 76.526: [GC (Allocation Failure) [PSYoungGen: 121958K->40111K(190976K)] 401884K->320443K(715264K), 0.0150590 secs] [Times: user=0.13 sys=0.00, real=0.02 secs] 
2016-09-13T18:00:14.522-0400: 76.688: [GC (GCLocker Initiated GC) [PSYoungGen: 160943K->46217K(167424K)] 441280K->326677K(691712K), 0.0089289 secs] [Times: user=0.07 sys=0.00, real=0.01 secs] 
2016-09-13T18:00:14.717-0400: 76.883: [GC (GCLocker Initiated GC) [PSYoungGen: 167049K->30848K(193536K)] 447531K->311590K(717824K), 0.0101622 secs] [Times: user=0.08 sys=0.00, real=0.00 secs] 
2016-09-13T18:00:14.898-0400: 77.064: [GC (GCLocker Initiated GC) [PSYoungGen: 151680K->62834K(183808K)] 432450K->348354K(708096K), 0.0132712 secs] [Times: user=0.11 sys=0.00, real=0.01 secs] 
2016-09-13T18:00:15.121-0400: 77.286: [GC (GCLocker Initiated GC) [PSYoungGen: 183666K->23468K(187904K)] 476796K->321234K(712192K), 0.0124077 secs] [Times: user=0.12 sys=0.00, real=0.01 secs] 
2016-09-13T18:00:15.306-0400: 77.471: [GC (GCLocker Initiated GC) [PSYoungGen: 135084K->26410K(138240K)] 432978K->324597K(662528K), 0.0084114 secs] [Times: user=0.07 sys=0.00, real=0.01 secs] 
2016-09-13T18:00:15.498-0400: 77.663: [GC (Allocation Failure) [PSYoungGen: 138026K->47895K(180736K)] 436413K->346487K(705024K), 0.0070582 secs] [Times: user=0.05 sys=0.00, real=0.00 secs] 
2016-09-13T18:00:15.710-0400: 77.876: [GC (GCLocker Initiated GC) [PSYoungGen: 154303K->14296K(182784K)] 458970K->319090K(707072K), 0.0179369 secs] [Times: user=0.20 sys=0.00, real=0.02 secs] 
2016-09-13T18:00:15.883-0400: 78.049: [GC (GCLocker Initiated GC) [PSYoungGen: 123864K->44662K(188416K)] 430230K->351139K(712704K), 0.0092663 secs] [Times: user=0.07 sys=0.00, real=0.01 secs] 
2016-09-13T18:00:16.074-0400: 78.239: [GC (GCLocker Initiated GC) [PSYoungGen: 160374K->14578K(130560K)] 479171K->341248K(654848K), 0.0181193 secs] [Times: user=0.19 sys=0.00, real=0.02 secs] 
2016-09-13T18:00:16.261-0400: 78.426: [GC (GCLocker Initiated GC) [PSYoungGen: 130290K->43154K(187904K)] 460130K->373188K(712192K), 0.0067244 secs] [Times: user=0.07 sys=0.00, real=0.01 secs] 
2016-09-13T18:00:16.440-0400: 78.606: [GC (Allocation Failure) [PSYoungGen: 158866K->27865K(143872K)] 488922K->358001K(668160K), 0.0169730 secs] [Times: user=0.18 sys=0.00, real=0.02 secs] 
2016-09-13T18:00:16.646-0400: 78.811: [GC (GCLocker Initiated GC) [PSYoungGen: 143125K->38533K(188416K)] 479337K->381016K(712704K), 0.0100493 secs] [Times: user=0.09 sys=0.00, real=0.02 secs] 
2016-09-13T18:00:16.834-0400: 78.999: [GC (GCLocker Initiated GC) [PSYoungGen: 157317K->28115K(186880K)] 501374K->372365K(711168K), 0.0051846 secs] [Times: user=0.04 sys=0.00, real=0.01 secs] 
2016-09-13T18:00:17.002-0400: 79.167: [GC (GCLocker Initiated GC) [PSYoungGen: 146899K->29516K(190976K)] 491190K->374134K(715264K), 0.0243951 secs] [Times: user=0.26 sys=0.00, real=0.02 secs] 
2016-09-13T18:00:17.229-0400: 79.395: [GC (Allocation Failure) [PSYoungGen: 157004K->46154K(189952K)] 503230K->392613K(714240K), 0.0065023 secs] [Times: user=0.06 sys=0.00, real=0.01 secs] 
2016-09-13T18:00:17.428-0400: 79.594: [GC (GCLocker Initiated GC) [PSYoungGen: 173642K->27896K(197120K)] 520104K->374414K(721408K), 0.0179120 secs] [Times: user=0.16 sys=0.00, real=0.01 secs] 
2016-09-13T18:00:17.647-0400: 79.812: [GC (GCLocker Initiated GC) [PSYoungGen: 162552K->25104K(197120K)] 516690K->379340K(721408K), 0.0424381 secs] [Times: user=0.43 sys=0.00, real=0.05 secs] 
2016-09-13T18:00:17.886-0400: 80.052: [GC (GCLocker Initiated GC) [PSYoungGen: 159760K->25109K(198144K)] 520079K->397827K(722432K), 0.0173225 secs] [Times: user=0.17 sys=0.00, real=0.02 secs] 
2016-09-13T18:00:18.099-0400: 80.265: [GC (GCLocker Initiated GC) [PSYoungGen: 163861K->47735K(198144K)] 542666K->426808K(722432K), 0.0208251 secs] [Times: user=0.20 sys=0.00, real=0.02 secs] 
2016-09-13T18:00:18.319-0400: 80.485: [GC (GCLocker Initiated GC) [PSYoungGen: 186487K->43152K(197632K)] 565614K->424129K(721920K), 0.0358481 secs] [Times: user=0.38 sys=0.00, real=0.03 secs] 
2016-09-13T18:00:18.553-0400: 80.719: [GC (GCLocker Initiated GC) [PSYoungGen: 178320K->40078K(198656K)] 560994K->427632K(722944K), 0.0091599 secs] [Times: user=0.07 sys=0.01, real=0.01 secs] 
2016-09-13T18:00:18.774-0400: 80.939: [GC (GCLocker Initiated GC) [PSYoungGen: 175246K->49100K(194048K)] 564394K->438515K(718336K), 0.0171578 secs] [Times: user=0.16 sys=0.00, real=0.02 secs] 
2016-09-13T18:00:18.990-0400: 81.155: [GC (GCLocker Initiated GC) [PSYoungGen: 180172K->17238K(196608K)] 569610K->406818K(720896K), 0.0396000 secs] [Times: user=0.49 sys=0.01, real=0.04 secs] 
2016-09-13T18:00:19.237-0400: 81.402: [GC (GCLocker Initiated GC) [PSYoungGen: 148310K->43147K(195584K)] 537989K->437607K(719872K), 0.0320716 secs] [Times: user=0.36 sys=0.01, real=0.03 secs] 
2016-09-13T18:00:19.467-0400: 81.632: [GC (GCLocker Initiated GC) [PSYoungGen: 173195K->49442K(179712K)] 574002K->450451K(704000K), 0.0069108 secs] [Times: user=0.07 sys=0.00, real=0.01 secs] 
2016-09-13T18:00:19.649-0400: 81.814: [GC (GCLocker Initiated GC) [PSYoungGen: 179490K->29483K(196096K)] 586613K->438298K(720384K), 0.0286425 secs] [Times: user=0.38 sys=0.00, real=0.03 secs] 
2016-09-13T18:00:19.859-0400: 82.024: [GC (GCLocker Initiated GC) [PSYoungGen: 157483K->26537K(154624K)] 572429K->449350K(678912K), 0.0112520 secs] [Times: user=0.14 sys=0.00, real=0.01 secs] 
2016-09-13T18:00:20.096-0400: 82.262: [GC (GCLocker Initiated GC) [PSYoungGen: 154537K->5148K(189952K)] 595706K->455630K(714240K), 0.0197975 secs] [Times: user=0.20 sys=0.00, real=0.02 secs] 
2016-09-13T18:00:20.299-0400: 82.465: [GC (GCLocker Initiated GC) [PSYoungGen: 130588K->52324K(178176K)] 587411K->509228K(702464K), 0.0094604 secs] [Times: user=0.10 sys=0.00, real=0.01 secs] 
2016-09-13T18:00:20.502-0400: 82.667: [GC (GCLocker Initiated GC) [PSYoungGen: 177764K->30967K(194560K)] 642289K->495826K(718848K), 0.0057497 secs] [Times: user=0.06 sys=0.00, real=0.00 secs] 
2016-09-13T18:00:20.699-0400: 82.864: [GC (GCLocker Initiated GC) [PSYoungGen: 154871K->62901K(186880K)] 619982K->534218K(711168K), 0.0243353 secs] [Times: user=0.24 sys=0.00, real=0.02 secs] 
2016-09-13T18:00:20.908-0400: 83.073: [GC (GCLocker Initiated GC) [PSYoungGen: 186805K->40180K(189440K)] 661287K->514820K(713728K), 0.0229538 secs] [Times: user=0.24 sys=0.00, real=0.02 secs] 
2016-09-13T18:00:21.101-0400: 83.266: [GC (GCLocker Initiated GC) [PSYoungGen: 154356K->43085K(157696K)] 630670K->519471K(681984K), 0.0218350 secs] [Times: user=0.22 sys=0.01, real=0.02 secs] 
2016-09-13T18:00:21.299-0400: 83.465: [GC (GCLocker Initiated GC) [PSYoungGen: 157261K->32645K(187392K)] 645825K->521406K(711680K), 0.0104644 secs] [Times: user=0.09 sys=0.00, real=0.01 secs] 
2016-09-13T18:00:21.504-0400: 83.669: [GC (Allocation Failure) [PSYoungGen: 148869K->24928K(185344K)] 639191K->526174K(709632K), 0.0120320 secs] [Times: user=0.11 sys=0.01, real=0.02 secs] 
2016-09-13T18:00:21.697-0400: 83.862: [GC (Allocation Failure) [PSYoungGen: 141152K->56848K(184832K)] 642398K->559799K(709120K), 0.0334145 secs] [Times: user=0.31 sys=0.00, real=0.03 secs] 
2016-09-13T18:00:21.912-0400: 84.077: [GC (GCLocker Initiated GC) [PSYoungGen: 174096K->50838K(168448K)] 677053K->554157K(692736K), 0.0142031 secs] [Times: user=0.16 sys=0.00, real=0.01 secs] 
2016-09-13T18:00:22.092-0400: 84.258: [GC (GCLocker Initiated GC) [PSYoungGen: 168086K->31158K(190464K)] 677607K->540892K(714752K), 0.0270555 secs] [Times: user=0.30 sys=0.00, real=0.03 secs] 
2016-09-13T18:00:22.275-0400: 84.440: [GC (GCLocker Initiated GC) [PSYoungGen: 147894K->47868K(188416K)] 657854K->564063K(712704K), 0.0084572 secs] [Times: user=0.08 sys=0.00, real=0.01 secs] 
2016-09-13T18:00:22.284-0400: 84.449: [Full GC (Ergonomics) [PSYoungGen: 47868K->0K(188416K)] [ParOldGen: 516194K->40244K(524288K)] 564063K->40244K(712704K), [Metaspace: 44491K->44491K(1087488K)], 0.0564889 secs] [Times: user=0.38 sys=0.00, real=0.06 secs] 
2016-09-13T18:00:22.486-0400: 84.652: [GC (GCLocker Initiated GC) [PSYoungGen: 116736K->70800K(173056K)] 163110K->120212K(697344K), 0.0089911 secs] [Times: user=0.12 sys=0.00, real=0.01 secs] 
2016-09-13T18:00:22.655-0400: 84.820: [GC (GCLocker Initiated GC) [PSYoungGen: 172176K->10082K(111616K)] 233843K->99485K(635904K), 0.0101983 secs] [Times: user=0.13 sys=0.00, real=0.01 secs] 
2016-09-13T18:00:22.816-0400: 84.981: [GC (GCLocker Initiated GC) [PSYoungGen: 111458K->29580K(182784K)] 202578K->120985K(707072K), 0.0119169 secs] [Times: user=0.12 sys=0.00, real=0.01 secs] 
2016-09-13T18:00:22.997-0400: 85.162: [GC (GCLocker Initiated GC) [PSYoungGen: 130444K->30993K(132096K)] 223404K->124104K(656384K), 0.0122586 secs] [Times: user=0.13 sys=0.00, real=0.01 secs] 
2016-09-13T18:00:23.152-0400: 85.318: [GC (GCLocker Initiated GC) [PSYoungGen: 131857K->23345K(179200K)] 232612K->125781K(703488K), 0.0131398 secs] [Times: user=0.13 sys=0.00, real=0.01 secs] 
2016-09-13T18:00:23.307-0400: 85.472: [GC (GCLocker Initiated GC) [PSYoungGen: 125745K->46312K(177664K)] 228309K->149129K(701952K), 0.0098723 secs] [Times: user=0.08 sys=0.01, real=0.02 secs] 
2016-09-13T18:00:23.497-0400: 85.663: [GC (GCLocker Initiated GC) [PSYoungGen: 148712K->24929K(184320K)] 257636K->140256K(708608K), 0.0125154 secs] [Times: user=0.14 sys=0.00, real=0.01 secs] 
2016-09-13T18:00:23.710-0400: 85.875: [GC (GCLocker Initiated GC) [PSYoungGen: 136545K->28274K(184832K)] 267271K->159213K(709120K), 0.0096681 secs] [Times: user=0.11 sys=0.00, real=0.01 secs] 
2016-09-13T18:00:23.885-0400: 86.050: [GC (GCLocker Initiated GC) [PSYoungGen: 139890K->46218K(186880K)] 270853K->182108K(711168K), 0.0104890 secs] [Times: user=0.10 sys=0.00, real=0.01 secs] 
2016-09-13T18:00:24.082-0400: 86.247: [GC (GCLocker Initiated GC) [PSYoungGen: 161930K->41825K(187392K)] 301086K->185676K(711680K), 0.0087577 secs] [Times: user=0.07 sys=0.00, real=0.01 secs] 
2016-09-13T18:00:24.273-0400: 86.438: [GC (Allocation Failure) [PSYoungGen: 157537K->49233K(188416K)] 303014K->194844K(712704K), 0.0114722 secs] [Times: user=0.13 sys=0.00, real=0.01 secs] 
2016-09-13T18:00:24.466-0400: 86.632: [GC (GCLocker Initiated GC) [PSYoungGen: 167505K->47956K(189440K)] 313119K->204435K(713728K), 0.0078535 secs] [Times: user=0.11 sys=0.00, real=0.01 secs] 
2016-09-13T18:00:24.650-0400: 86.815: [GC (GCLocker Initiated GC) [PSYoungGen: 166228K->28119K(188416K)] 328918K->191015K(712704K), 0.0101234 secs] [Times: user=0.10 sys=0.00, real=0.01 secs] 
2016-09-13T18:00:24.852-0400: 87.017: [GC (GCLocker Initiated GC) [PSYoungGen: 147415K->41534K(189440K)] 310459K->204728K(713728K), 0.0153955 secs] [Times: user=0.10 sys=0.00, real=0.01 secs] 
2016-09-13T18:00:25.053-0400: 87.219: [GC (GCLocker Initiated GC) [PSYoungGen: 160830K->28247K(189440K)] 330160K->197791K(713728K), 0.0086730 secs] [Times: user=0.12 sys=0.01, real=0.01 secs] 
2016-09-13T18:00:25.268-0400: 87.433: [GC (GCLocker Initiated GC) [PSYoungGen: 151639K->28275K(190464K)] 328921K->205846K(714752K), 0.0146259 secs] [Times: user=0.17 sys=0.00, real=0.01 secs] 
2016-09-13T18:00:25.465-0400: 87.630: [GC (GCLocker Initiated GC) [PSYoungGen: 151667K->53940K(189440K)] 330778K->233383K(713728K), 0.0182461 secs] [Times: user=0.22 sys=0.00, real=0.02 secs] 
2016-09-13T18:00:25.674-0400: 87.840: [GC (GCLocker Initiated GC) [PSYoungGen: 177844K->52324K(176640K)] 357349K->241088K(700928K), 0.0105319 secs] [Times: user=0.10 sys=0.00, real=0.01 secs] 
2016-09-13T18:00:25.869-0400: 88.034: [GC (GCLocker Initiated GC) [PSYoungGen: 176228K->44794K(192000K)] 365143K->236990K(716288K), 0.0120095 secs] [Times: user=0.10 sys=0.00, real=0.01 secs] 
2016-09-13T18:00:26.056-0400: 88.222: [GC (GCLocker Initiated GC) [PSYoungGen: 165114K->44730K(165376K)] 357502K->239000K(689664K), 0.0148147 secs] [Times: user=0.15 sys=0.00, real=0.01 secs] 
2016-09-13T18:00:26.268-0400: 88.433: [GC (GCLocker Initiated GC) [PSYoungGen: 165050K->25114K(189952K)] 365593K->230547K(714240K), 0.0219349 secs] [Times: user=0.22 sys=0.01, real=0.03 secs] 
2016-09-13T18:00:26.461-0400: 88.627: [GC (Allocation Failure) [PSYoungGen: 145946K->43117K(189440K)] 351550K->248847K(713728K), 0.0194144 secs] [Times: user=0.16 sys=0.01, real=0.02 secs] 
2016-09-13T18:00:26.658-0400: 88.824: [GC (GCLocker Initiated GC) [PSYoungGen: 163949K->43085K(192000K)] 369682K->255008K(716288K), 0.0117339 secs] [Times: user=0.10 sys=0.00, real=0.01 secs] 
2016-09-13T18:00:26.861-0400: 89.026: [GC (GCLocker Initiated GC) [PSYoungGen: 169037K->43181K(192000K)] 382585K->256836K(716288K), 0.0280621 secs] [Times: user=0.29 sys=0.00, real=0.03 secs] 
2016-09-13T18:00:27.094-0400: 89.259: [GC (GCLocker Initiated GC) [PSYoungGen: 169133K->59860K(187392K)] 382935K->281380K(711680K), 0.0198074 secs] [Times: user=0.21 sys=0.00, real=0.02 secs] 
2016-09-13T18:00:27.292-0400: 89.458: [GC (GCLocker Initiated GC) [PSYoungGen: 182740K->47832K(192512K)] 404291K->269446K(716800K), 0.0126962 secs] [Times: user=0.11 sys=0.00, real=0.01 secs] 
2016-09-13T18:00:27.475-0400: 89.641: [GC (Allocation Failure) [PSYoungGen: 170710K->32421K(189952K)] 394077K->262124K(714240K), 0.0134907 secs] [Times: user=0.11 sys=0.00, real=0.02 secs] 
2016-09-13T18:00:27.657-0400: 89.823: [GC (GCLocker Initiated GC) [PSYoungGen: 155813K->41816K(191488K)] 385516K->271657K(715776K), 0.0154032 secs] [Times: user=0.15 sys=0.00, real=0.01 secs] 
2016-09-13T18:00:27.865-0400: 90.030: [GC (GCLocker Initiated GC) [PSYoungGen: 165208K->47801K(193024K)] 395261K->278122K(717312K), 0.0238479 secs] [Times: user=0.25 sys=0.00, real=0.03 secs] 
2016-09-13T18:00:28.072-0400: 90.238: [GC (GCLocker Initiated GC) [PSYoungGen: 175289K->43340K(193024K)] 407154K->275368K(717312K), 0.0232498 secs] [Times: user=0.26 sys=0.00, real=0.02 secs] 
2016-09-13T18:00:28.288-0400: 90.453: [GC (GCLocker Initiated GC) [PSYoungGen: 170828K->47773K(194560K)] 402881K->283007K(718848K), 0.0162522 secs] [Times: user=0.16 sys=0.00, real=0.01 secs] 
2016-09-13T18:00:28.502-0400: 90.667: [GC (GCLocker Initiated GC) [PSYoungGen: 178845K->44730K(194560K)] 423241K->292381K(718848K), 0.0177074 secs] [Times: user=0.14 sys=0.00, real=0.02 secs] 
2016-09-13T18:00:28.726-0400: 90.891: [GC (GCLocker Initiated GC) [PSYoungGen: 175802K->52292K(195584K)] 425233K->309518K(719872K), 0.0076266 secs] [Times: user=0.05 sys=0.00, real=0.01 secs] 
2016-09-13T18:00:28.954-0400: 91.119: [GC (GCLocker Initiated GC) [PSYoungGen: 185924K->46256K(197120K)] 443175K->303700K(721408K), 0.0094699 secs] [Times: user=0.10 sys=0.00, real=0.01 secs] 
2016-09-13T18:00:29.158-0400: 91.323: [GC (GCLocker Initiated GC) [PSYoungGen: 179888K->26633K(197632K)] 443603K->298096K(721920K), 0.0210533 secs] [Times: user=0.27 sys=0.00, real=0.02 secs] 
2016-09-13T18:00:29.353-0400: 91.518: [GC (GCLocker Initiated GC) [PSYoungGen: 161801K->41699K(177152K)] 433286K->313442K(701440K), 0.0073053 secs] [Times: user=0.09 sys=0.00, real=0.01 secs] 
2016-09-13T18:00:29.600-0400: 91.765: [GC (GCLocker Initiated GC) [PSYoungGen: 176867K->38906K(199680K)] 448756K->317099K(723968K), 0.0073776 secs] [Times: user=0.10 sys=0.00, real=0.00 secs] 
2016-09-13T18:00:29.818-0400: 91.984: [GC (Allocation Failure) [PSYoungGen: 176634K->28119K(198144K)] 454936K->314306K(722432K), 0.0070168 secs] [Times: user=0.04 sys=0.01, real=0.00 secs] 
2016-09-13T18:00:30.049-0400: 92.215: [GC (GCLocker Initiated GC) [PSYoungGen: 165847K->55495K(194048K)] 452036K->352583K(718336K), 0.0102140 secs] [Times: user=0.08 sys=0.00, real=0.01 secs] 
2016-09-13T18:00:30.252-0400: 92.418: [GC (GCLocker Initiated GC) [PSYoungGen: 188615K->28024K(197632K)] 493537K->333147K(721920K), 0.0081704 secs] [Times: user=0.06 sys=0.00, real=0.01 secs] 
2016-09-13T18:00:30.460-0400: 92.625: [GC (GCLocker Initiated GC) [PSYoungGen: 161144K->43152K(194560K)] 466566K->348826K(718848K), 0.0215376 secs] [Times: user=0.22 sys=0.00, real=0.02 secs] 
2016-09-13T18:00:30.686-0400: 92.852: [GC (Allocation Failure) [PSYoungGen: 176272K->52331K(196096K)] 481994K->358251K(720384K), 0.0090320 secs] [Times: user=0.11 sys=0.00, real=0.01 secs] 
2016-09-13T18:00:30.900-0400: 93.065: [GC (GCLocker Initiated GC) [PSYoungGen: 185451K->61283K(186880K)] 491380K->370314K(711168K), 0.0128641 secs] [Times: user=0.14 sys=0.00, real=0.01 secs] 
2016-09-13T18:00:31.099-0400: 93.264: [GC (GCLocker Initiated GC) [PSYoungGen: 183139K->46404K(192000K)] 500071K->363458K(716288K), 0.0118444 secs] [Times: user=0.11 sys=0.01, real=0.01 secs] 
2016-09-13T18:00:31.300-0400: 93.465: [GC (GCLocker Initiated GC) [PSYoungGen: 168260K->64693K(182784K)] 485357K->382098K(707072K), 0.0088175 secs] [Times: user=0.12 sys=0.00, real=0.01 secs] 
2016-09-13T18:00:31.518-0400: 93.683: [GC (GCLocker Initiated GC) [PSYoungGen: 179381K->20687K(135680K)] 510477K->352106K(659968K), 0.0099068 secs] [Times: user=0.12 sys=0.00, real=0.01 secs] 
2016-09-13T18:00:31.705-0400: 93.870: [GC (GCLocker Initiated GC) [PSYoungGen: 135375K->26569K(187392K)] 466867K->370422K(711680K), 0.0159551 secs] [Times: user=0.15 sys=0.00, real=0.02 secs] 
2016-09-13T18:00:31.904-0400: 94.069: [GC (GCLocker Initiated GC) [PSYoungGen: 138697K->47486K(159744K)] 483000K->398139K(684032K), 0.0266551 secs] [Times: user=0.22 sys=0.00, real=0.03 secs] 
2016-09-13T18:00:32.076-0400: 94.241: [GC (GCLocker Initiated GC) [PSYoungGen: 159614K->50715K(185856K)] 510278K->401509K(710144K), 0.0094722 secs] [Times: user=0.08 sys=0.00, real=0.00 secs] 
2016-09-13T18:00:32.259-0400: 94.425: [GC (GCLocker Initiated GC) [PSYoungGen: 162843K->43244K(155648K)] 513858K->403671K(679936K), 0.0310548 secs] [Times: user=0.26 sys=0.00, real=0.03 secs] 
2016-09-13T18:00:32.460-0400: 94.626: [GC (Allocation Failure) [PSYoungGen: 155372K->44762K(187392K)] 522139K->411806K(711680K), 0.0230414 secs] [Times: user=0.30 sys=0.00, real=0.02 secs] 
2016-09-13T18:00:32.645-0400: 94.810: [GC (GCLocker Initiated GC) [PSYoungGen: 160395K->40243K(185344K)] 533513K->413587K(709632K), 0.0110511 secs] [Times: user=0.12 sys=0.00, real=0.02 secs] 
2016-09-13T18:00:32.834-0400: 94.999: [GC (GCLocker Initiated GC) [PSYoungGen: 156979K->25231K(188928K)] 532022K->400468K(713216K), 0.0138787 secs] [Times: user=0.16 sys=0.00, real=0.02 secs] 
2016-09-13T18:00:33.057-0400: 95.223: [GC (GCLocker Initiated GC) [PSYoungGen: 147599K->27774K(189440K)] 530679K->410981K(713728K), 0.0276761 secs] [Times: user=0.30 sys=0.00, real=0.02 secs] 
2016-09-13T18:00:33.263-0400: 95.428: [GC (GCLocker Initiated GC) [PSYoungGen: 150142K->26564K(194048K)] 539620K->416172K(718336K), 0.0102818 secs] [Times: user=0.10 sys=0.01, real=0.01 secs] 
2016-09-13T18:00:33.469-0400: 95.635: [GC (GCLocker Initiated GC) [PSYoungGen: 154564K->31095K(194560K)] 551874K->428681K(718848K), 0.0103649 secs] [Times: user=0.10 sys=0.00, real=0.01 secs] 
2016-09-13T18:00:33.681-0400: 95.846: [GC (GCLocker Initiated GC) [PSYoungGen: 159095K->47860K(193536K)] 556857K->453354K(717824K), 0.0379354 secs] [Times: user=0.39 sys=0.02, real=0.04 secs] 
2016-09-13T18:00:33.900-0400: 96.066: [GC (GCLocker Initiated GC) [PSYoungGen: 176372K->49192K(194560K)] 582028K->459535K(718848K), 0.0380230 secs] [Times: user=0.40 sys=0.00, real=0.04 secs] 
2016-09-13T18:00:34.104-0400: 96.270: [GC (GCLocker Initiated GC) [PSYoungGen: 177704K->44826K(195584K)] 594264K->467600K(719872K), 0.0126391 secs] [Times: user=0.14 sys=0.00, real=0.02 secs] 
2016-09-13T18:00:34.325-0400: 96.491: [GC (GCLocker Initiated GC) [PSYoungGen: 173338K->32553K(161280K)] 608550K->467966K(685568K), 0.0051269 secs] [Times: user=0.04 sys=0.00, real=0.01 secs] 
2016-09-13T18:00:34.533-0400: 96.698: [GC (GCLocker Initiated GC) [PSYoungGen: 161065K->62770K(184832K)] 596670K->504585K(709120K), 0.0183514 secs] [Times: user=0.21 sys=0.00, real=0.02 secs] 
2016-09-13T18:00:34.709-0400: 96.875: [GC (GCLocker Initiated GC) [PSYoungGen: 182578K->70768K(190976K)] 624406K->515754K(715264K), 0.0103867 secs] [Times: user=0.16 sys=0.00, real=0.01 secs] 
2016-09-13T18:00:34.923-0400: 97.088: [GC (GCLocker Initiated GC) [PSYoungGen: 190576K->28243K(176640K)] 641875K->479901K(700928K), 0.0076030 secs] [Times: user=0.08 sys=0.00, real=0.01 secs] 
2016-09-13T18:00:35.104-0400: 97.270: [GC (GCLocker Initiated GC) [PSYoungGen: 133715K->26288K(183808K)] 593347K->486121K(708096K), 0.0130741 secs] [Times: user=0.14 sys=0.00, real=0.02 secs] 
2016-09-13T18:00:35.299-0400: 97.464: [GC (GCLocker Initiated GC) [PSYoungGen: 131760K->38565K(177152K)] 597828K->504772K(701440K), 0.0134093 secs] [Times: user=0.17 sys=0.00, real=0.01 secs] 
2016-09-13T18:00:35.488-0400: 97.654: [GC (GCLocker Initiated GC) [PSYoungGen: 144549K->69159K(175616K)] 610907K->544820K(699904K), 0.0098399 secs] [Times: user=0.14 sys=0.00, real=0.01 secs] 
2016-09-13T18:00:35.657-0400: 97.822: [GC (GCLocker Initiated GC) [PSYoungGen: 175143K->35651K(182784K)] 650829K->511688K(707072K), 0.0103610 secs] [Times: user=0.14 sys=0.00, real=0.00 secs] 
2016-09-13T18:00:35.849-0400: 98.015: [GC (GCLocker Initiated GC) [PSYoungGen: 136515K->9805K(180224K)] 624708K->504216K(704512K), 0.0235343 secs] [Times: user=0.22 sys=0.00, real=0.02 secs] 
2016-09-13T18:00:36.026-0400: 98.192: [GC (GCLocker Initiated GC) [PSYoungGen: 110669K->23659K(181248K)] 614280K->527499K(705536K), 0.0105780 secs] [Times: user=0.14 sys=0.00, real=0.02 secs] 
2016-09-13T18:00:36.173-0400: 98.338: [GC (GCLocker Initiated GC) [PSYoungGen: 124523K->46346K(180736K)] 628584K->550723K(705024K), 0.0084666 secs] [Times: user=0.11 sys=0.00, real=0.01 secs] 
2016-09-13T18:00:36.306-0400: 98.472: [GC (GCLocker Initiated GC) [PSYoungGen: 147210K->63274K(173056K)] 653249K->569466K(697344K), 0.0101604 secs] [Times: user=0.14 sys=0.00, real=0.02 secs] 
2016-09-13T18:00:36.457-0400: 98.623: [GC (GCLocker Initiated GC) [PSYoungGen: 157482K->50939K(178176K)] 663898K->557667K(702464K), 0.0071926 secs] [Times: user=0.10 sys=0.01, real=0.00 secs] 
2016-09-13T18:00:36.636-0400: 98.802: [GC (Allocation Failure) [PSYoungGen: 145147K->23528K(176128K)] 653626K->532102K(700416K), 0.0137557 secs] [Times: user=0.18 sys=0.00, real=0.01 secs] 
2016-09-13T18:00:36.802-0400: 98.968: [GC (GCLocker Initiated GC) [PSYoungGen: 118760K->32432K(177664K)] 627337K->541247K(701952K), 0.0067204 secs] [Times: user=0.09 sys=0.00, real=0.01 secs] 
2016-09-13T18:00:36.936-0400: 99.101: [GC (Allocation Failure) [PSYoungGen: 127664K->28264K(177152K)] 636616K->537387K(701440K), 0.0103274 secs] [Times: user=0.15 sys=0.00, real=0.00 secs] 
2016-09-13T18:00:37.085-0400: 99.251: [GC (GCLocker Initiated GC) [PSYoungGen: 122691K->28030K(177664K)] 637888K->543511K(701952K), 0.0079259 secs] [Times: user=0.10 sys=0.00, real=0.01 secs] 
2016-09-13T18:00:37.249-0400: 99.414: [GC (GCLocker Initiated GC) [PSYoungGen: 128382K->58406K(178688K)] 643890K->574056K(702976K), 0.0099915 secs] [Times: user=0.12 sys=0.00, real=0.01 secs] 
2016-09-13T18:00:37.426-0400: 99.592: [GC (GCLocker Initiated GC) [PSYoungGen: 161830K->47773K(182784K)] 677685K->569890K(707072K), 0.0172477 secs] [Times: user=0.19 sys=0.02, real=0.02 secs] 
2016-09-13T18:00:37.444-0400: 99.609: [Full GC (Ergonomics) [PSYoungGen: 47773K->0K(182784K)] [ParOldGen: 522116K->40636K(524288K)] 569890K->40636K(707072K), [Metaspace: 44514K->44514K(1087488K)], 0.0563671 secs] [Times: user=0.47 sys=0.02, real=0.06 secs] 
2016-09-13T18:00:37.652-0400: 99.817: [GC (Allocation Failure) [PSYoungGen: 103424K->55676K(179712K)] 150299K->102551K(704000K), 0.0083683 secs] [Times: user=0.13 sys=0.00, real=0.01 secs] 
2016-09-13T18:00:37.783-0400: 99.948: [GC (GCLocker Initiated GC) [PSYoungGen: 157052K->29644K(181760K)] 203930K->122547K(706048K), 0.0104713 secs] [Times: user=0.15 sys=0.00, real=0.01 secs] 
2016-09-13T18:00:37.923-0400: 100.089: [GC (GCLocker Initiated GC) [PSYoungGen: 131020K->57081K(179200K)] 223987K->150404K(703488K), 0.0077462 secs] [Times: user=0.10 sys=0.01, real=0.01 secs] 
2016-09-13T18:00:38.089-0400: 100.254: [GC (Allocation Failure) [PSYoungGen: 157433K->50902K(181248K)] 250848K->150689K(705536K), 0.0090056 secs] [Times: user=0.13 sys=0.00, real=0.01 secs] 
2016-09-13T18:00:38.246-0400: 100.411: [GC (GCLocker Initiated GC) [PSYoungGen: 146853K->32650K(176640K)] 252714K->147877K(700928K), 0.0068745 secs] [Times: user=0.10 sys=0.00, real=0.01 secs] 
2016-09-13T18:00:38.425-0400: 100.591: [GC (GCLocker Initiated GC) [PSYoungGen: 133514K->41984K(179200K)] 251937K->160656K(703488K), 0.0066196 secs] [Times: user=0.08 sys=0.00, real=0.01 secs] 
2016-09-13T18:00:38.597-0400: 100.763: [GC (GCLocker Initiated GC) [PSYoungGen: 142848K->26501K(183296K)] 261525K->149952K(707584K), 0.0102914 secs] [Times: user=0.09 sys=0.00, real=0.00 secs] 
2016-09-13T18:00:38.757-0400: 100.922: [GC (Allocation Failure) [PSYoungGen: 135045K->10145K(182784K)] 260061K->135374K(707072K), 0.0100093 secs] [Times: user=0.11 sys=0.01, real=0.00 secs] 
2016-09-13T18:00:38.915-0400: 101.081: [GC (GCLocker Initiated GC) [PSYoungGen: 118689K->44577K(186368K)] 243921K->170187K(710656K), 0.0332930 secs] [Times: user=0.39 sys=0.01, real=0.04 secs] 
2016-09-13T18:00:39.101-0400: 101.266: [GC (GCLocker Initiated GC) [PSYoungGen: 155681K->41758K(153088K)] 281314K->167570K(677376K), 0.0091107 secs] [Times: user=0.10 sys=0.00, real=0.01 secs] 
2016-09-13T18:00:39.286-0400: 101.451: [GC (GCLocker Initiated GC) [PSYoungGen: 152862K->47900K(184832K)] 278832K->186242K(709120K), 0.0097721 secs] [Times: user=0.11 sys=0.00, real=0.01 secs] 
2016-09-13T18:00:39.464-0400: 101.630: [GC (GCLocker Initiated GC) [PSYoungGen: 160028K->50902K(184832K)] 298424K->189506K(709120K), 0.0099564 secs] [Times: user=0.11 sys=0.00, real=0.01 secs] 
2016-09-13T18:00:39.644-0400: 101.810: [GC (GCLocker Initiated GC) [PSYoungGen: 163030K->28055K(187392K)] 301670K->174550K(711680K), 0.0146854 secs] [Times: user=0.14 sys=0.00, real=0.02 secs] 
2016-09-13T18:00:39.850-0400: 102.016: [GC (GCLocker Initiated GC) [PSYoungGen: 143767K->24828K(187904K)] 291875K->173192K(712192K), 0.0187264 secs] [Times: user=0.19 sys=0.00, real=0.02 secs] 
2016-09-13T18:00:40.111-0400: 102.276: [GC (GCLocker Initiated GC) [PSYoungGen: 140540K->41662K(185856K)] 295133K->199364K(710144K), 0.0245929 secs] [Times: user=0.25 sys=0.00, real=0.02 secs] 
2016-09-13T18:00:40.291-0400: 102.457: [GC (GCLocker Initiated GC) [PSYoungGen: 159934K->38662K(187904K)] 317760K->196626K(712192K), 0.0212595 secs] [Times: user=0.21 sys=0.00, real=0.02 secs] 
2016-09-13T18:00:40.468-0400: 102.634: [GC (GCLocker Initiated GC) [PSYoungGen: 156934K->8397K(188928K)] 327074K->186293K(713216K), 0.0041668 secs] [Times: user=0.03 sys=0.00, real=0.00 secs] 
2016-09-13T18:00:40.669-0400: 102.835: [GC (GCLocker Initiated GC) [PSYoungGen: 130765K->44673K(191488K)] 308915K->224705K(715776K), 0.0065983 secs] [Times: user=0.05 sys=0.00, real=0.01 secs] 
2016-09-13T18:00:40.857-0400: 103.022: [GC (GCLocker Initiated GC) [PSYoungGen: 167041K->33972K(186880K)] 347137K->214116K(711168K), 0.0056239 secs] [Times: user=0.03 sys=0.00, real=0.00 secs] 
2016-09-13T18:00:41.057-0400: 103.223: [GC (GCLocker Initiated GC) [PSYoungGen: 157876K->8153K(189952K)] 350346K->208371K(714240K), 0.0103302 secs] [Times: user=0.11 sys=0.00, real=0.01 secs] 
2016-09-13T18:00:41.253-0400: 103.419: [GC (GCLocker Initiated GC) [PSYoungGen: 132057K->26441K(193024K)] 338379K->232944K(717312K), 0.0050697 secs] [Times: user=0.04 sys=0.00, real=0.01 secs] 
2016-09-13T18:00:41.492-0400: 103.657: [GC (GCLocker Initiated GC) [PSYoungGen: 154441K->2179K(193536K)] 379469K->234994K(717824K), 0.0316498 secs] [Times: user=0.35 sys=0.00, real=0.03 secs] 
2016-09-13T18:00:41.700-0400: 103.865: [GC (GCLocker Initiated GC) [PSYoungGen: 130179K->59919K(179200K)] 363098K->293040K(703488K), 0.0078069 secs] [Times: user=0.06 sys=0.00, real=0.01 secs] 
2016-09-13T18:00:41.884-0400: 104.050: [GC (GCLocker Initiated GC) [PSYoungGen: 171535K->43052K(186880K)] 404803K->276517K(711168K), 0.0066618 secs] [Times: user=0.04 sys=0.00, real=0.01 secs] 
2016-09-13T18:00:42.067-0400: 104.233: [GC (GCLocker Initiated GC) [PSYoungGen: 154668K->52357K(182272K)] 389683K->287590K(706560K), 0.0068092 secs] [Times: user=0.06 sys=0.00, real=0.01 secs] 
2016-09-13T18:00:42.252-0400: 104.417: [GC (GCLocker Initiated GC) [PSYoungGen: 159877K->9677K(117248K)] 407282K->261835K(641536K), 0.0077948 secs] [Times: user=0.06 sys=0.00, real=0.01 secs] 
2016-09-13T18:00:42.428-0400: 104.593: [GC (Allocation Failure) [PSYoungGen: 117197K->26282K(187904K)] 369455K->280246K(712192K), 0.0062532 secs] [Times: user=0.03 sys=0.00, real=0.00 secs] 
2016-09-13T18:00:42.614-0400: 104.779: [GC (GCLocker Initiated GC) [PSYoungGen: 135993K->32517K(142848K)] 391475K->294321K(667136K), 0.0142224 secs] [Times: user=0.12 sys=0.01, real=0.02 secs] 
2016-09-13T18:00:42.814-0400: 104.980: [GC (GCLocker Initiated GC) [PSYoungGen: 142597K->23372K(182272K)] 410687K->291703K(706560K), 0.0167450 secs] [Times: user=0.14 sys=0.00, real=0.02 secs] 
2016-09-13T18:00:42.997-0400: 105.162: [GC (Allocation Failure) [PSYoungGen: 135500K->28056K(180224K)] 405489K->298271K(704512K), 0.0267716 secs] [Times: user=0.29 sys=0.00, real=0.02 secs] 
2016-09-13T18:00:43.165-0400: 105.331: [GC (GCLocker Initiated GC) [PSYoungGen: 140184K->44698K(187392K)] 410411K->321175K(711680K), 0.0101141 secs] [Times: user=0.08 sys=0.00, real=0.01 secs] 
2016-09-13T18:00:43.353-0400: 105.518: [GC (GCLocker Initiated GC) [PSYoungGen: 167066K->12900K(188928K)] 443621K->289643K(713216K), 0.0244515 secs] [Times: user=0.24 sys=0.00, real=0.03 secs] 
2016-09-13T18:00:43.542-0400: 105.708: [GC (GCLocker Initiated GC) [PSYoungGen: 135268K->41746K(194560K)] 412035K->318773K(718848K), 0.0346429 secs] [Times: user=0.36 sys=0.00, real=0.04 secs] 
2016-09-13T18:00:43.746-0400: 105.912: [GC (GCLocker Initiated GC) [PSYoungGen: 169746K->47964K(176128K)] 446956K->331525K(700416K), 0.0133098 secs] [Times: user=0.16 sys=0.00, real=0.02 secs] 
2016-09-13T18:00:43.983-0400: 106.149: [GC (GCLocker Initiated GC) [PSYoungGen: 175964K->41443K(193024K)] 462763K->328507K(717312K), 0.0330412 secs] [Times: user=0.33 sys=0.00, real=0.04 secs] 
2016-09-13T18:00:44.173-0400: 106.339: [GC (Allocation Failure) [PSYoungGen: 164835K->35554K(159232K)] 451921K->322712K(683520K), 0.0258931 secs] [Times: user=0.29 sys=0.00, real=0.03 secs] 
2016-09-13T18:00:44.371-0400: 106.537: [GC (GCLocker Initiated GC) [PSYoungGen: 158946K->46313K(187904K)] 446107K->341377K(712192K), 0.0100386 secs] [Times: user=0.11 sys=0.00, real=0.01 secs] 
2016-09-13T18:00:44.547-0400: 106.712: [GC (Allocation Failure) [PSYoungGen: 168169K->23473K(189440K)] 466443K->322039K(713728K), 0.0067774 secs] [Times: user=0.06 sys=0.00, real=0.01 secs] 
2016-09-13T18:00:44.755-0400: 106.921: [GC (GCLocker Initiated GC) [PSYoungGen: 145329K->41693K(193024K)] 443895K->340499K(717312K), 0.0239183 secs] [Times: user=0.24 sys=0.00, real=0.03 secs] 
2016-09-13T18:00:44.994-0400: 107.159: [GC (GCLocker Initiated GC) [PSYoungGen: 169693K->30907K(194048K)] 468533K->329983K(718336K), 0.0140126 secs] [Times: user=0.13 sys=0.00, real=0.02 secs] 
2016-09-13T18:00:45.206-0400: 107.371: [GC (GCLocker Initiated GC) [PSYoungGen: 158907K->24923K(195072K)] 458003K->331763K(719360K), 0.0097324 secs] [Times: user=0.08 sys=0.00, real=0.02 secs] 
2016-09-13T18:00:45.410-0400: 107.576: [GC (Allocation Failure) [PSYoungGen: 157019K->35459K(194560K)] 465509K->348699K(718848K), 0.0081659 secs] [Times: user=0.04 sys=0.00, real=0.01 secs] 
2016-09-13T18:00:45.651-0400: 107.816: [GC (GCLocker Initiated GC) [PSYoungGen: 167555K->47865K(193536K)] 480798K->361239K(717824K), 0.0063257 secs] [Times: user=0.06 sys=0.00, real=0.01 secs] 
2016-09-13T18:00:45.850-0400: 108.016: [GC (Allocation Failure) [PSYoungGen: 181497K->46382K(196608K)] 494929K->360090K(720896K), 0.0179564 secs] [Times: user=0.20 sys=0.00, real=0.02 secs] 
2016-09-13T18:00:46.045-0400: 108.211: [GC (GCLocker Initiated GC) [PSYoungGen: 180014K->49351K(194048K)] 493725K->363189K(718336K), 0.0117574 secs] [Times: user=0.12 sys=0.00, real=0.02 secs] 
2016-09-13T18:00:46.257-0400: 108.423: [GC (GCLocker Initiated GC) [PSYoungGen: 179399K->26473K(196096K)] 499332K->346600K(720384K), 0.0117666 secs] [Times: user=0.10 sys=0.00, real=0.01 secs] 
2016-09-13T18:00:46.481-0400: 108.646: [GC (Allocation Failure) [PSYoungGen: 156521K->30998K(191488K)] 482790K->358912K(715776K), 0.0489511 secs] [Times: user=0.51 sys=0.00, real=0.05 secs] 
2016-09-13T18:00:46.530-0400: 108.695: [GC (GCLocker Initiated GC) [PSYoungGen: 31155K->32K(194048K)] 359069K->358779K(718336K), 0.0048931 secs] [Times: user=0.04 sys=0.00, real=0.00 secs] 
2016-09-13T18:00:46.708-0400: 108.873: [GC (GCLocker Initiated GC) [PSYoungGen: 125915K->61533K(180224K)] 490738K->432439K(704512K), 0.0250831 secs] [Times: user=0.28 sys=0.00, real=0.02 secs] 
2016-09-13T18:00:46.883-0400: 109.048: [GC (GCLocker Initiated GC) [PSYoungGen: 175197K->41762K(187904K)] 546278K->440561K(712192K), 0.0073424 secs] [Times: user=0.08 sys=0.00, real=0.01 secs] 
2016-09-13T18:00:47.063-0400: 109.228: [GC (GCLocker Initiated GC) [PSYoungGen: 155426K->20430K(184320K)] 561989K->431692K(708608K), 0.0092928 secs] [Times: user=0.09 sys=0.00, real=0.01 secs] 
2016-09-13T18:00:47.248-0400: 109.413: [GC (GCLocker Initiated GC) [PSYoungGen: 135630K->43180K(186880K)] 547043K->454782K(711168K), 0.0172851 secs] [Times: user=0.16 sys=0.00, real=0.02 secs] 
2016-09-13T18:00:47.453-0400: 109.619: [GC (GCLocker Initiated GC) [PSYoungGen: 158380K->8152K(188928K)] 582336K->432286K(713216K), 0.0215141 secs] [Times: user=0.19 sys=0.00, real=0.02 secs] 
2016-09-13T18:00:47.658-0400: 109.823: [GC (GCLocker Initiated GC) [PSYoungGen: 125912K->26410K(144384K)] 556200K->456891K(668672K), 0.0074253 secs] [Times: user=0.06 sys=0.00, real=0.00 secs] 
2016-09-13T18:00:47.886-0400: 110.052: [GC (GCLocker Initiated GC) [PSYoungGen: 144170K->9639K(187392K)] 582247K->447862K(711680K), 0.0234911 secs] [Times: user=0.21 sys=0.00, real=0.03 secs] 
2016-09-13T18:00:48.078-0400: 110.243: [GC (Allocation Failure) [PSYoungGen: 127911K->30929K(187904K)] 572235K->475396K(712192K), 0.0182076 secs] [Times: user=0.17 sys=0.00, real=0.02 secs] 
2016-09-13T18:00:48.255-0400: 110.421: [GC (GCLocker Initiated GC) [PSYoungGen: 149201K->40237K(189440K)] 593669K->487873K(713728K), 0.0077887 secs] [Times: user=0.06 sys=0.00, real=0.01 secs] 
2016-09-13T18:00:48.470-0400: 110.635: [GC (GCLocker Initiated GC) [PSYoungGen: 163629K->53811K(189440K)] 613024K->503524K(713728K), 0.0271704 secs] [Times: user=0.24 sys=0.00, real=0.03 secs] 
2016-09-13T18:00:48.683-0400: 110.849: [GC (GCLocker Initiated GC) [PSYoungGen: 177203K->32485K(192512K)] 626936K->482368K(716800K), 0.0075660 secs] [Times: user=0.05 sys=0.00, real=0.01 secs] 
2016-09-13T18:00:48.849-0400: 111.014: [GC (GCLocker Initiated GC) [PSYoungGen: 155877K->51019K(190976K)] 606040K->513502K(715264K), 0.0108115 secs] [Times: user=0.12 sys=0.00, real=0.01 secs] 
2016-09-13T18:00:49.048-0400: 111.214: [GC (GCLocker Initiated GC) [PSYoungGen: 174411K->31152K(191488K)] 643038K->500064K(715776K), 0.0210988 secs] [Times: user=0.23 sys=0.00, real=0.02 secs] 
2016-09-13T18:00:49.256-0400: 111.421: [GC (GCLocker Initiated GC) [PSYoungGen: 155056K->47801K(191488K)] 625710K->518629K(715776K), 0.0297204 secs] [Times: user=0.35 sys=0.00, real=0.02 secs] 
2016-09-13T18:00:49.462-0400: 111.628: [GC (GCLocker Initiated GC) [PSYoungGen: 171705K->47609K(190464K)] 642745K->518772K(714752K), 0.0145096 secs] [Times: user=0.16 sys=0.00, real=0.02 secs] 
2016-09-13T18:00:49.691-0400: 111.857: [GC (GCLocker Initiated GC) [PSYoungGen: 168441K->16197K(191488K)] 653396K->501354K(715776K), 0.0184110 secs] [Times: user=0.23 sys=0.01, real=0.02 secs] 
2016-09-13T18:00:49.889-0400: 112.054: [GC (Allocation Failure) [PSYoungGen: 137029K->43277K(190464K)] 622441K->535014K(714752K), 0.0099572 secs] [Times: user=0.10 sys=0.00, real=0.01 secs] 
2016-09-13T18:00:50.065-0400: 112.230: [GC (GCLocker Initiated GC) [PSYoungGen: 164109K->47741K(190976K)] 655849K->539718K(715264K), 0.0156625 secs] [Times: user=0.15 sys=0.00, real=0.02 secs] 
2016-09-13T18:00:50.271-0400: 112.437: [GC (GCLocker Initiated GC) [PSYoungGen: 168573K->41665K(189952K)] 660553K->533842K(714240K), 0.0148498 secs] [Times: user=0.12 sys=0.00, real=0.01 secs] 
2016-09-13T18:00:50.499-0400: 112.664: [GC (GCLocker Initiated GC) [PSYoungGen: 162497K->59796K(180736K)] 657899K->555399K(705024K), 0.0206107 secs] [Times: user=0.18 sys=0.00, real=0.02 secs] 
2016-09-13T18:00:50.696-0400: 112.861: [GC (GCLocker Initiated GC) [PSYoungGen: 180628K->41657K(190464K)] 677976K->539045K(714752K), 0.0075636 secs] [Times: user=0.06 sys=0.00, real=0.00 secs] 
2016-09-13T18:00:50.865-0400: 113.031: [GC (Allocation Failure) [PSYoungGen: 157369K->41692K(157696K)] 657967K->542514K(681984K), 0.0144188 secs] [Times: user=0.13 sys=0.00, real=0.02 secs] 
2016-09-13T18:00:51.076-0400: 113.242: [GC (GCLocker Initiated GC) [PSYoungGen: 157404K->56971K(182272K)] 658232K->558032K(706560K), 0.0394866 secs] [Times: user=0.40 sys=0.01, real=0.04 secs] 
2016-09-13T18:00:51.247-0400: 113.412: [GC (GCLocker Initiated GC) [PSYoungGen: 169611K->28088K(185344K)] 677060K->535787K(709632K), 0.0100430 secs] [Times: user=0.11 sys=0.00, real=0.02 secs] 
2016-09-13T18:00:51.428-0400: 113.593: [GC (GCLocker Initiated GC) [PSYoungGen: 140728K->49227K(188928K)] 650141K->558916K(713216K), 0.0074743 secs] [Times: user=0.07 sys=0.00, real=0.00 secs] 
2016-09-13T18:00:51.614-0400: 113.779: [GC (GCLocker Initiated GC) [PSYoungGen: 166475K->25023K(189440K)] 679501K->538192K(713728K), 0.0150475 secs] [Times: user=0.14 sys=0.00, real=0.02 secs] 
2016-09-13T18:00:51.824-0400: 113.990: [Full GC (Ergonomics) [PSYoungGen: 142271K->0K(189440K)] [ParOldGen: 516329K->41233K(524288K)] 658601K->41233K(713728K), [Metaspace: 44533K->44533K(1087488K)], 0.0645176 secs] [Times: user=0.38 sys=0.02, real=0.07 secs] 
2016-09-13T18:00:52.062-0400: 114.227: [GC (GCLocker Initiated GC) [PSYoungGen: 117248K->66063K(177152K)] 160101K->139291K(701440K), 0.0195849 secs] [Times: user=0.19 sys=0.00, real=0.02 secs] 
2016-09-13T18:00:52.208-0400: 114.374: [GC (Allocation Failure) [PSYoungGen: 171535K->47868K(183808K)] 244919K->168666K(708096K), 0.0128735 secs] [Times: user=0.12 sys=0.00, real=0.01 secs] 
2016-09-13T18:00:52.222-0400: 114.387: [GC (GCLocker Initiated GC) [PSYoungGen: 47882K->128K(177152K)] 168679K->174624K(701440K), 0.0075293 secs] [Times: user=0.08 sys=0.00, real=0.01 secs] 
2016-09-13T18:00:52.359-0400: 114.524: [GC (GCLocker Initiated GC) [PSYoungGen: 100467K->78494K(179200K)] 275022K->253049K(703488K), 0.0101495 secs] [Times: user=0.10 sys=0.01, real=0.01 secs] 
2016-09-13T18:00:52.517-0400: 114.683: [GC (GCLocker Initiated GC) [PSYoungGen: 178846K->28025K(171008K)] 359517K->253353K(695296K), 0.0250060 secs] [Times: user=0.31 sys=0.00, real=0.02 secs] 
2016-09-13T18:00:52.690-0400: 114.855: [GC (GCLocker Initiated GC) [PSYoungGen: 116089K->69069K(175104K)] 342967K->296059K(699392K), 0.0219774 secs] [Times: user=0.30 sys=0.00, real=0.02 secs] 
2016-09-13T18:00:52.851-0400: 115.016: [GC (GCLocker Initiated GC) [PSYoungGen: 157133K->46256K(175104K)] 385739K->303822K(699392K), 0.0082317 secs] [Times: user=0.11 sys=0.00, real=0.01 secs] 
2016-09-13T18:00:52.956-0400: 115.122: [GC (GCLocker Initiated GC) [PSYoungGen: 134320K->51088K(175104K)] 392073K->309020K(699392K), 0.0066180 secs] [Times: user=0.09 sys=0.00, real=0.00 secs] 
2016-09-13T18:00:53.098-0400: 115.264: [GC (GCLocker Initiated GC) [PSYoungGen: 139152K->38634K(171008K)] 403197K->321294K(695296K), 0.0067781 secs] [Times: user=0.05 sys=0.00, real=0.00 secs] 
2016-09-13T18:00:53.253-0400: 115.419: [GC (Allocation Failure) [PSYoungGen: 126698K->25086K(173056K)] 421538K->326168K(697344K), 0.0179164 secs] [Times: user=0.19 sys=0.00, real=0.02 secs] 
2016-09-13T18:00:53.402-0400: 115.568: [GC (GCLocker Initiated GC) [PSYoungGen: 112309K->31221K(171520K)] 419466K->343231K(695808K), 0.0052549 secs] [Times: user=0.04 sys=0.00, real=0.01 secs] 
2016-09-13T18:00:53.538-0400: 115.703: [GC (GCLocker Initiated GC) [PSYoungGen: 123893K->23373K(174592K)] 442333K->341999K(698880K), 0.0105897 secs] [Times: user=0.15 sys=0.00, real=0.01 secs] 
2016-09-13T18:00:53.708-0400: 115.874: [GC (GCLocker Initiated GC) [PSYoungGen: 116045K->13124K(180224K)] 440774K->338066K(704512K), 0.0163914 secs] [Times: user=0.19 sys=0.01, real=0.01 secs] 
2016-09-13T18:00:53.904-0400: 116.070: [GC (GCLocker Initiated GC) [PSYoungGen: 112452K->24954K(124416K)] 449784K->367119K(648704K), 0.0138142 secs] [Times: user=0.12 sys=0.00, real=0.02 secs] 
2016-09-13T18:00:54.064-0400: 116.229: [GC (GCLocker Initiated GC) [PSYoungGen: 124282K->46153K(179200K)] 468217K->390289K(703488K), 0.0171086 secs] [Times: user=0.18 sys=0.00, real=0.02 secs] 
2016-09-13T18:00:54.242-0400: 116.408: [GC (GCLocker Initiated GC) [PSYoungGen: 146505K->50907K(178688K)] 492332K->396939K(702976K), 0.0188730 secs] [Times: user=0.19 sys=0.00, real=0.02 secs] 
2016-09-13T18:00:54.429-0400: 116.594: [GC (GCLocker Initiated GC) [PSYoungGen: 151259K->34067K(178688K)] 497305K->380243K(702976K), 0.0067504 secs] [Times: user=0.05 sys=0.00, real=0.00 secs] 
2016-09-13T18:00:54.573-0400: 116.739: [GC (GCLocker Initiated GC) [PSYoungGen: 138515K->53912K(180736K)] 484795K->407996K(705024K), 0.0091831 secs] [Times: user=0.09 sys=0.00, real=0.01 secs] 
2016-09-13T18:00:54.729-0400: 116.894: [GC (Allocation Failure) [PSYoungGen: 158360K->14732K(182784K)] 518719K->385972K(707072K), 0.0236562 secs] [Times: user=0.36 sys=0.00, real=0.02 secs] 
2016-09-13T18:00:54.899-0400: 117.064: [GC (GCLocker Initiated GC) [PSYoungGen: 116727K->46377K(151040K)] 494041K->423960K(675328K), 0.0063867 secs] [Times: user=0.07 sys=0.00, real=0.00 secs] 
2016-09-13T18:00:55.075-0400: 117.241: [GC (GCLocker Initiated GC) [PSYoungGen: 150825K->38687K(186368K)] 530139K->418139K(710656K), 0.0099740 secs] [Times: user=0.06 sys=0.00, real=0.01 secs] 
2016-09-13T18:00:55.273-0400: 117.439: [GC (GCLocker Initiated GC) [PSYoungGen: 147231K->29634K(138240K)] 532786K->415448K(662528K), 0.0073874 secs] [Times: user=0.06 sys=0.00, real=0.01 secs] 
2016-09-13T18:00:55.446-0400: 117.611: [GC (GCLocker Initiated GC) [PSYoungGen: 138178K->6602K(180736K)] 536162K->407742K(705024K), 0.0238670 secs] [Times: user=0.17 sys=0.00, real=0.03 secs] 
2016-09-13T18:00:55.630-0400: 117.795: [GC (GCLocker Initiated GC) [PSYoungGen: 115146K->28024K(182272K)] 516420K->431011K(706560K), 0.0242443 secs] [Times: user=0.25 sys=0.00, real=0.02 secs] 
2016-09-13T18:00:55.813-0400: 117.978: [GC (GCLocker Initiated GC) [PSYoungGen: 136568K->43089K(186880K)] 539561K->446408K(711168K), 0.0204502 secs] [Times: user=0.18 sys=0.00, real=0.02 secs] 
2016-09-13T18:00:56.026-0400: 118.192: [GC (Allocation Failure) [PSYoungGen: 159313K->28237K(186880K)] 568944K->438050K(711168K), 0.0155034 secs] [Times: user=0.17 sys=0.00, real=0.02 secs] 
2016-09-13T18:00:56.215-0400: 118.380: [GC (GCLocker Initiated GC) [PSYoungGen: 144461K->43090K(188928K)] 554277K->453124K(713216K), 0.0100552 secs] [Times: user=0.08 sys=0.00, real=0.01 secs] 
2016-09-13T18:00:56.396-0400: 118.562: [GC (Allocation Failure) [PSYoungGen: 163922K->29571K(188928K)] 573969K->439698K(713216K), 0.0118706 secs] [Times: user=0.11 sys=0.01, real=0.01 secs] 
2016-09-13T18:00:56.609-0400: 118.775: [GC (GCLocker Initiated GC) [PSYoungGen: 149640K->46527K(189952K)] 561286K->465996K(714240K), 0.0094402 secs] [Times: user=0.11 sys=0.00, real=0.01 secs] 
2016-09-13T18:00:56.808-0400: 118.974: [GC (GCLocker Initiated GC) [PSYoungGen: 170943K->43277K(191488K)] 592109K->464594K(715776K), 0.0087905 secs] [Times: user=0.07 sys=0.00, real=0.01 secs] 
2016-09-13T18:00:57.012-0400: 119.178: [GC (GCLocker Initiated GC) [PSYoungGen: 167693K->44598K(195072K)] 595188K->472266K(719360K), 0.0463804 secs] [Times: user=0.38 sys=0.00, real=0.05 secs] 
2016-09-13T18:00:57.235-0400: 119.401: [GC (GCLocker Initiated GC) [PSYoungGen: 172598K->66025K(194048K)] 600301K->498431K(718336K), 0.0077311 secs] [Times: user=0.07 sys=0.01, real=0.01 secs] 
2016-09-13T18:00:57.416-0400: 119.581: [GC (GCLocker Initiated GC) [PSYoungGen: 194025K->47901K(181760K)] 626600K->483814K(706048K), 0.0159743 secs] [Times: user=0.22 sys=0.00, real=0.01 secs] 
2016-09-13T18:00:57.615-0400: 119.780: [GC (GCLocker Initiated GC) [PSYoungGen: 161565K->28093K(187904K)] 603772K->472116K(712192K), 0.0151718 secs] [Times: user=0.17 sys=0.00, real=0.02 secs] 
2016-09-13T18:00:57.790-0400: 119.956: [GC (GCLocker Initiated GC) [PSYoungGen: 141757K->50714K(187904K)] 585955K->495098K(712192K), 0.0249407 secs] [Times: user=0.27 sys=0.00, real=0.02 secs] 
2016-09-13T18:00:57.976-0400: 120.142: [GC (Allocation Failure) [PSYoungGen: 165402K->23345K(188416K)] 611402K->469555K(712704K), 0.0047847 secs] [Times: user=0.05 sys=0.00, real=0.00 secs] 
2016-09-13T18:00:58.140-0400: 120.306: [GC (GCLocker Initiated GC) [PSYoungGen: 138033K->41693K(183296K)] 584248K->488118K(707584K), 0.0069420 secs] [Times: user=0.07 sys=0.00, real=0.00 secs] 
2016-09-13T18:00:58.328-0400: 120.494: [GC (GCLocker Initiated GC) [PSYoungGen: 156381K->43089K(185856K)] 602881K->489814K(710144K), 0.0147578 secs] [Times: user=0.18 sys=0.00, real=0.01 secs] 
2016-09-13T18:00:58.501-0400: 120.667: [GC (GCLocker Initiated GC) [PSYoungGen: 157777K->49483K(190976K)] 606059K->497912K(715264K), 0.0329346 secs] [Times: user=0.40 sys=0.00, real=0.03 secs] 
2016-09-13T18:00:58.740-0400: 120.906: [GC (GCLocker Initiated GC) [PSYoungGen: 170827K->9709K(131072K)] 627041K->466156K(655360K), 0.0112837 secs] [Times: user=0.13 sys=0.01, real=0.01 secs] 
2016-09-13T18:00:58.904-0400: 121.070: [GC (GCLocker Initiated GC) [PSYoungGen: 131053K->38559K(193024K)] 587527K->495235K(717312K), 0.0260745 secs] [Times: user=0.28 sys=0.00, real=0.03 secs] 
2016-09-13T18:00:59.099-0400: 121.264: [GC (GCLocker Initiated GC) [PSYoungGen: 159391K->66213K(187392K)] 616371K->527982K(711680K), 0.0181205 secs] [Times: user=0.20 sys=0.00, real=0.02 secs] 
2016-09-13T18:00:59.292-0400: 121.458: [GC (GCLocker Initiated GC) [PSYoungGen: 187045K->49224K(184320K)] 648878K->512853K(708608K), 0.0097044 secs] [Times: user=0.07 sys=0.00, real=0.01 secs] 
2016-09-13T18:00:59.493-0400: 121.659: [GC (GCLocker Initiated GC) [PSYoungGen: 158792K->40084K(150016K)] 628747K->513291K(674304K), 0.0121630 secs] [Times: user=0.10 sys=0.00, real=0.01 secs] 
2016-09-13T18:00:59.684-0400: 121.850: [GC (GCLocker Initiated GC) [PSYoungGen: 149652K->49287K(184320K)] 623135K->522865K(708608K), 0.0098361 secs] [Times: user=0.10 sys=0.00, real=0.01 secs] 
2016-09-13T18:00:59.852-0400: 122.017: [GC (GCLocker Initiated GC) [PSYoungGen: 160391K->43053K(184320K)] 634048K->516954K(708608K), 0.0096251 secs] [Times: user=0.08 sys=0.00, real=0.01 secs] 
2016-09-13T18:01:00.046-0400: 122.212: [GC (GCLocker Initiated GC) [PSYoungGen: 154157K->8343K(182784K)] 640297K->503860K(707072K), 0.0269799 secs] [Times: user=0.23 sys=0.00, real=0.03 secs] 
2016-09-13T18:01:00.246-0400: 122.411: [GC (GCLocker Initiated GC) [PSYoungGen: 120983K->34169K(185856K)] 622697K->537721K(710144K), 0.0102318 secs] [Times: user=0.10 sys=0.00, real=0.02 secs] 
2016-09-13T18:01:00.454-0400: 122.619: [GC (GCLocker Initiated GC) [PSYoungGen: 146809K->41720K(184320K)] 658255K->553281K(708608K), 0.0171380 secs] [Times: user=0.16 sys=0.00, real=0.02 secs] 
2016-09-13T18:01:00.647-0400: 122.813: [Full GC (Ergonomics) [PSYoungGen: 159992K->0K(184320K)] [ParOldGen: 523840K->37100K(524288K)] 683832K->37100K(708608K), [Metaspace: 44550K->44550K(1087488K)], 0.0710055 secs] [Times: user=0.46 sys=0.02, real=0.08 secs] 
2016-09-13T18:01:00.892-0400: 123.057: [GC (GCLocker Initiated GC) [PSYoungGen: 118272K->57046K(186880K)] 156990K->95773K(711168K), 0.0065486 secs] [Times: user=0.07 sys=0.00, real=0.01 secs] 
2016-09-13T18:01:01.057-0400: 123.222: [GC (GCLocker Initiated GC) [PSYoungGen: 175318K->12835K(186368K)] 220232K->86961K(710656K), 0.0132531 secs] [Times: user=0.11 sys=0.00, real=0.01 secs] 
2016-09-13T18:01:01.249-0400: 123.415: [GC (GCLocker Initiated GC) [PSYoungGen: 126499K->4988K(118784K)] 214435K->93181K(643072K), 0.0158411 secs] [Times: user=0.17 sys=0.00, real=0.01 secs] 
2016-09-13T18:01:01.445-0400: 123.611: [GC (GCLocker Initiated GC) [PSYoungGen: 118652K->16088K(187392K)] 220553K->118111K(711680K), 0.0090547 secs] [Times: user=0.08 sys=0.00, real=0.01 secs] 
2016-09-13T18:01:01.639-0400: 123.805: [GC (GCLocker Initiated GC) [PSYoungGen: 127704K->21698K(133632K)] 229889K->130129K(657920K), 0.0049037 secs] [Times: user=0.03 sys=0.00, real=0.00 secs] 
2016-09-13T18:01:01.818-0400: 123.984: [GC (GCLocker Initiated GC) [PSYoungGen: 133314K->47645K(182272K)] 243443K->157901K(706560K), 0.0139318 secs] [Times: user=0.11 sys=0.01, real=0.01 secs] 
2016-09-13T18:01:02.013-0400: 124.179: [GC (GCLocker Initiated GC) [PSYoungGen: 157213K->14355K(184320K)] 273575K->130856K(708608K), 0.0142660 secs] [Times: user=0.16 sys=0.00, real=0.02 secs] 
2016-09-13T18:01:02.200-0400: 124.365: [GC (Allocation Failure) [PSYoungGen: 123923K->32613K(178176K)] 240443K->155531K(702464K), 0.0053344 secs] [Times: user=0.04 sys=0.00, real=0.00 secs] 
2016-09-13T18:01:02.368-0400: 124.534: [GC (Allocation Failure) [PSYoungGen: 143266K->5174K(183296K)] 266185K->138942K(707584K), 0.0107991 secs] [Times: user=0.11 sys=0.00, real=0.01 secs] 
2016-09-13T18:01:02.527-0400: 124.693: [GC (GCLocker Initiated GC) [PSYoungGen: 117674K->27907K(185344K)] 252960K->163347K(709632K), 0.0127978 secs] [Times: user=0.14 sys=0.00, real=0.02 secs] 
2016-09-13T18:01:02.756-0400: 124.922: [GC (GCLocker Initiated GC) [PSYoungGen: 149763K->23399K(188416K)] 285424K->159175K(712704K), 0.0044985 secs] [Times: user=0.03 sys=0.01, real=0.00 secs] 
2016-09-13T18:01:02.943-0400: 125.109: [GC (Allocation Failure) [PSYoungGen: 145255K->41598K(194048K)] 281335K->177947K(718336K), 0.0062029 secs] [Times: user=0.05 sys=0.00, real=0.01 secs] 
2016-09-13T18:01:03.127-0400: 125.293: [GC (GCLocker Initiated GC) [PSYoungGen: 172158K->21794K(195584K)] 308507K->158258K(719872K), 0.0127211 secs] [Times: user=0.11 sys=0.01, real=0.02 secs] 
2016-09-13T18:01:03.344-0400: 125.510: [GC (GCLocker Initiated GC) [PSYoungGen: 152354K->19034K(193536K)] 296434K->163324K(717824K), 0.0031986 secs] [Times: user=0.02 sys=0.01, real=0.01 secs] 
2016-09-13T18:01:03.582-0400: 125.747: [GC (GCLocker Initiated GC) [PSYoungGen: 153178K->27928K(195072K)] 300536K->183163K(719360K), 0.0121503 secs] [Times: user=0.12 sys=0.00, real=0.01 secs] 
2016-09-13T18:01:03.815-0400: 125.981: [GC (GCLocker Initiated GC) [PSYoungGen: 162072K->32613K(200192K)] 323614K->195891K(724480K), 0.0055905 secs] [Times: user=0.03 sys=0.01, real=0.01 secs] 
2016-09-13T18:01:04.044-0400: 126.210: [GC (Allocation Failure) [PSYoungGen: 175461K->27929K(199680K)] 338817K->191447K(723968K), 0.0116819 secs] [Times: user=0.09 sys=0.00, real=0.02 secs] 
2016-09-13T18:01:04.263-0400: 126.428: [GC (GCLocker Initiated GC) [PSYoungGen: 170777K->41697K(199168K)] 334298K->208453K(723456K), 0.0067878 secs] [Times: user=0.04 sys=0.00, real=0.01 secs] 
2016-09-13T18:01:04.506-0400: 126.672: [GC (GCLocker Initiated GC) [PSYoungGen: 187105K->29357K(201728K)] 354063K->196513K(726016K), 0.0147444 secs] [Times: user=0.17 sys=0.00, real=0.02 secs] 
2016-09-13T18:01:04.765-0400: 126.930: [GC (GCLocker Initiated GC) [PSYoungGen: 174765K->23500K(202752K)] 343451K->198400K(727040K), 0.0110134 secs] [Times: user=0.10 sys=0.00, real=0.02 secs] 
2016-09-13T18:01:05.001-0400: 127.166: [GC (GCLocker Initiated GC) [PSYoungGen: 175564K->6666K(204288K)] 351985K->183280K(728576K), 0.0206306 secs] [Times: user=0.22 sys=0.01, real=0.02 secs] 
2016-09-13T18:01:05.255-0400: 127.421: [GC (Allocation Failure) [PSYoungGen: 158730K->52266K(195072K)] 335521K->253512K(719360K), 0.0296064 secs] [Times: user=0.35 sys=0.00, real=0.03 secs] 
2016-09-13T18:01:05.478-0400: 127.644: [GC (GCLocker Initiated GC) [PSYoungGen: 192444K->46531K(187904K)] 395208K->267733K(712192K), 0.0099667 secs] [Times: user=0.09 sys=0.00, real=0.01 secs] 
2016-09-13T18:01:05.702-0400: 127.867: [GC (GCLocker Initiated GC) [PSYoungGen: 187843K->23218K(200192K)] 416649K->252363K(724480K), 0.0109489 secs] [Times: user=0.08 sys=0.01, real=0.01 secs] 
2016-09-13T18:01:05.910-0400: 128.076: [GC (GCLocker Initiated GC) [PSYoungGen: 159410K->41661K(198144K)] 390076K->272466K(722432K), 0.0052396 secs] [Times: user=0.04 sys=0.00, real=0.00 secs] 
2016-09-13T18:01:06.138-0400: 128.304: [GC (GCLocker Initiated GC) [PSYoungGen: 177853K->40106K(199168K)] 408974K->271436K(723456K), 0.0104189 secs] [Times: user=0.08 sys=0.00, real=0.01 secs] 
2016-09-13T18:01:06.360-0400: 128.526: [GC (GCLocker Initiated GC) [PSYoungGen: 176298K->27991K(164352K)] 407662K->259529K(688640K), 0.0187931 secs] [Times: user=0.19 sys=0.00, real=0.02 secs] 
2016-09-13T18:01:06.588-0400: 128.754: [GC (GCLocker Initiated GC) [PSYoungGen: 164183K->12773K(197120K)] 397262K->246241K(721408K), 0.0093465 secs] [Times: user=0.09 sys=0.00, real=0.01 secs] 
2016-09-13T18:01:06.818-0400: 128.983: [GC (GCLocker Initiated GC) [PSYoungGen: 148965K->23281K(197120K)] 382612K->261678K(721408K), 0.0488428 secs] [Times: user=0.44 sys=0.00, real=0.04 secs] 
2016-09-13T18:01:07.091-0400: 129.257: [GC (GCLocker Initiated GC) [PSYoungGen: 159473K->27960K(196608K)] 405519K->274152K(720896K), 0.0192317 secs] [Times: user=0.18 sys=0.00, real=0.02 secs] 
2016-09-13T18:01:07.298-0400: 129.464: [GC (GCLocker Initiated GC) [PSYoungGen: 169784K->40174K(198144K)] 422085K->292703K(722432K), 0.0069204 secs] [Times: user=0.05 sys=0.00, real=0.00 secs] 
2016-09-13T18:01:07.503-0400: 129.669: [GC (GCLocker Initiated GC) [PSYoungGen: 181998K->24896K(203264K)] 436112K->283685K(727552K), 0.0065433 secs] [Times: user=0.05 sys=0.00, real=0.01 secs] 
2016-09-13T18:01:07.750-0400: 129.915: [GC (GCLocker Initiated GC) [PSYoungGen: 172864K->12890K(203776K)] 433182K->273426K(728064K), 0.0132178 secs] [Times: user=0.12 sys=0.00, real=0.01 secs] 
2016-09-13T18:01:07.991-0400: 130.156: [GC (GCLocker Initiated GC) [PSYoungGen: 160858K->9895K(205824K)] 423087K->281497K(730112K), 0.0061438 secs] [Times: user=0.04 sys=0.01, real=0.01 secs] 
2016-09-13T18:01:08.236-0400: 130.402: [GC (GCLocker Initiated GC) [PSYoungGen: 159399K->28119K(177664K)] 432715K->301668K(701952K), 0.0166488 secs] [Times: user=0.16 sys=0.00, real=0.01 secs] 
2016-09-13T18:01:08.469-0400: 130.635: [GC (GCLocker Initiated GC) [PSYoungGen: 177623K->44698K(199680K)] 451353K->318689K(723968K), 0.0181452 secs] [Times: user=0.20 sys=0.00, real=0.01 secs] 
2016-09-13T18:01:08.699-0400: 130.864: [GC (GCLocker Initiated GC) [PSYoungGen: 190106K->55203K(200704K)] 464134K->335459K(724992K), 0.0265698 secs] [Times: user=0.24 sys=0.00, real=0.02 secs] 
2016-09-13T18:01:08.941-0400: 131.107: [GC (GCLocker Initiated GC) [PSYoungGen: 200611K->26564K(198656K)] 487103K->320797K(722944K), 0.0100219 secs] [Times: user=0.09 sys=0.00, real=0.01 secs] 
2016-09-13T18:01:09.187-0400: 131.352: [GC (GCLocker Initiated GC) [PSYoungGen: 163780K->28083K(165376K)] 458195K->322708K(689664K), 0.0283859 secs] [Times: user=0.24 sys=0.00, real=0.03 secs] 
2016-09-13T18:01:09.413-0400: 131.578: [GC (GCLocker Initiated GC) [PSYoungGen: 165299K->15907K(198656K)] 466191K->318528K(722944K), 0.0214461 secs] [Times: user=0.22 sys=0.00, real=0.02 secs] 
2016-09-13T18:01:09.651-0400: 131.816: [GC (GCLocker Initiated GC) [PSYoungGen: 154659K->23563K(198144K)] 463359K->337072K(722432K), 0.0223883 secs] [Times: user=0.25 sys=0.00, real=0.02 secs] 
2016-09-13T18:01:09.871-0400: 132.036: [GC (GCLocker Initiated GC) [PSYoungGen: 162315K->50742K(194560K)] 475899K->364520K(718848K), 0.0335350 secs] [Times: user=0.36 sys=0.01, real=0.03 secs] 
2016-09-13T18:01:10.098-0400: 132.264: [GC (GCLocker Initiated GC) [PSYoungGen: 187958K->27966K(199680K)] 513958K->364695K(723968K), 0.0056793 secs] [Times: user=0.05 sys=0.00, real=0.00 secs] 
2016-09-13T18:01:10.312-0400: 132.477: [GC (GCLocker Initiated GC) [PSYoungGen: 165182K->47767K(195072K)] 503496K->386219K(719360K), 0.0068386 secs] [Times: user=0.05 sys=0.00, real=0.01 secs] 
2016-09-13T18:01:10.565-0400: 132.731: [GC (GCLocker Initiated GC) [PSYoungGen: 182935K->5115K(140288K)] 524599K->351596K(664576K), 0.0202075 secs] [Times: user=0.20 sys=0.00, real=0.02 secs] 
2016-09-13T18:01:10.774-0400: 132.940: [GC (GCLocker Initiated GC) [PSYoungGen: 140283K->46281K(192000K)] 488422K->394688K(716288K), 0.0105097 secs] [Times: user=0.10 sys=0.00, real=0.01 secs] 
2016-09-13T18:01:11.014-0400: 133.179: [GC (GCLocker Initiated GC) [PSYoungGen: 173257K->5243K(132608K)] 533883K->366004K(656896K), 0.0257548 secs] [Times: user=0.29 sys=0.00, real=0.03 secs] 
2016-09-13T18:01:11.214-0400: 133.379: [GC (GCLocker Initiated GC) [PSYoungGen: 132219K->40239K(193536K)] 493002K->401240K(717824K), 0.0228974 secs] [Times: user=0.26 sys=0.00, real=0.03 secs] 
2016-09-13T18:01:11.419-0400: 133.585: [GC (Allocation Failure) [PSYoungGen: 165167K->40269K(193536K)] 527958K->412261K(717824K), 0.0069561 secs] [Times: user=0.07 sys=0.00, real=0.00 secs] 
2016-09-13T18:01:11.427-0400: 133.592: [GC (GCLocker Initiated GC) [PSYoungGen: 40279K->32K(190464K)] 412270K->416533K(714752K), 0.0140268 secs] [Times: user=0.12 sys=0.00, real=0.02 secs] 
2016-09-13T18:01:11.615-0400: 133.780: [GC (GCLocker Initiated GC) [PSYoungGen: 121888K->64501K(186368K)] 539910K->482524K(710656K), 0.0181955 secs] [Times: user=0.15 sys=0.00, real=0.02 secs] 
2016-09-13T18:01:11.821-0400: 133.986: [GC (GCLocker Initiated GC) [PSYoungGen: 186357K->23499K(185344K)] 605921K->482885K(709632K), 0.0278566 secs] [Times: user=0.24 sys=0.00, real=0.03 secs] 
2016-09-13T18:01:12.013-0400: 134.179: [GC (GCLocker Initiated GC) [PSYoungGen: 133067K->32491K(142336K)] 600081K->507403K(666624K), 0.0124209 secs] [Times: user=0.10 sys=0.00, real=0.01 secs] 
2016-09-13T18:01:12.180-0400: 134.346: [GC (GCLocker Initiated GC) [PSYoungGen: 142059K->27806K(185856K)] 617175K->509144K(710144K), 0.0094303 secs] [Times: user=0.08 sys=0.00, real=0.01 secs] 
2016-09-13T18:01:12.375-0400: 134.540: [GC (GCLocker Initiated GC) [PSYoungGen: 141470K->24891K(182272K)] 624519K->514187K(706560K), 0.0342482 secs] [Times: user=0.32 sys=0.00, real=0.04 secs] 
2016-09-13T18:01:12.585-0400: 134.751: [GC (GCLocker Initiated GC) [PSYoungGen: 138555K->26346K(190464K)] 630932K->518941K(714752K), 0.0066284 secs] [Times: user=0.04 sys=0.00, real=0.01 secs] 
2016-09-13T18:01:12.781-0400: 134.946: [GC (GCLocker Initiated GC) [PSYoungGen: 150762K->33908K(187392K)] 643398K->531214K(711680K), 0.0474267 secs] [Times: user=0.46 sys=0.00, real=0.05 secs] 
2016-09-13T18:01:12.828-0400: 134.994: [Full GC (Ergonomics) [PSYoungGen: 33908K->0K(187392K)] [ParOldGen: 497306K->34492K(524288K)] 531214K->34492K(711680K), [Metaspace: 44573K->44573K(1087488K)], 0.0521030 secs] [Times: user=0.25 sys=0.00, real=0.05 secs] 
2016-09-13T18:01:13.043-0400: 135.208: [GC (GCLocker Initiated GC) [PSYoungGen: 124416K->56975K(187392K)] 158932K->97566K(711680K), 0.0179444 secs] [Times: user=0.15 sys=0.00, real=0.02 secs] 
2016-09-13T18:01:13.205-0400: 135.371: [GC (GCLocker Initiated GC) [PSYoungGen: 182927K->37329K(194048K)] 223540K->87601K(718336K), 0.0105922 secs] [Times: user=0.14 sys=0.00, real=0.02 secs] 
2016-09-13T18:01:13.363-0400: 135.529: [GC (GCLocker Initiated GC) [PSYoungGen: 163281K->52448K(187904K)] 213575K->104373K(712192K), 0.0072983 secs] [Times: user=0.10 sys=0.00, real=0.01 secs] 
2016-09-13T18:01:13.539-0400: 135.705: [GC (GCLocker Initiated GC) [PSYoungGen: 174304K->46531K(168448K)] 226467K->111147K(692736K), 0.0068891 secs] [Times: user=0.09 sys=0.00, real=0.00 secs] 
2016-09-13T18:01:13.743-0400: 135.908: [GC (GCLocker Initiated GC) [PSYoungGen: 168387K->28401K(193536K)] 239122K->99385K(717824K), 0.0182655 secs] [Times: user=0.25 sys=0.00, real=0.02 secs] 
2016-09-13T18:01:13.959-0400: 136.125: [GC (GCLocker Initiated GC) [PSYoungGen: 150769K->32773K(155648K)] 228018K->110318K(679936K), 0.0136327 secs] [Times: user=0.13 sys=0.00, real=0.01 secs] 
2016-09-13T18:01:14.164-0400: 136.330: [GC (Allocation Failure) [PSYoungGen: 155141K->9922K(187392K)] 238947K->98534K(711680K), 0.0047780 secs] [Times: user=0.04 sys=0.00, real=0.01 secs] 
2016-09-13T18:01:14.345-0400: 136.510: [GC (Allocation Failure) [PSYoungGen: 131041K->46287K(188416K)] 219653K->135191K(712704K), 0.0209843 secs] [Times: user=0.25 sys=0.00, real=0.02 secs] 
2016-09-13T18:01:14.543-0400: 136.708: [GC (GCLocker Initiated GC) [PSYoungGen: 162578K->27993K(192512K)] 257557K->123108K(716800K), 0.0055564 secs] [Times: user=0.07 sys=0.00, real=0.01 secs] 
2016-09-13T18:01:14.746-0400: 136.912: [GC (GCLocker Initiated GC) [PSYoungGen: 154457K->23400K(193024K)] 252634K->121691K(717312K), 0.0164160 secs] [Times: user=0.15 sys=0.00, real=0.02 secs] 
2016-09-13T18:01:14.953-0400: 137.118: [GC (GCLocker Initiated GC) [PSYoungGen: 149864K->32677K(189440K)] 248404K->131438K(713728K), 0.0165063 secs] [Times: user=0.18 sys=0.00, real=0.02 secs] 
2016-09-13T18:01:15.186-0400: 137.352: [GC (GCLocker Initiated GC) [PSYoungGen: 163237K->26532K(192000K)] 262012K->125568K(716288K), 0.0285955 secs] [Times: user=0.30 sys=0.00, real=0.03 secs] 
2016-09-13T18:01:15.406-0400: 137.572: [GC (GCLocker Initiated GC) [PSYoungGen: 157092K->46409K(197120K)] 257965K->152025K(721408K), 0.0176329 secs] [Times: user=0.17 sys=0.00, real=0.02 secs] 
2016-09-13T18:01:15.620-0400: 137.785: [GC (GCLocker Initiated GC) [PSYoungGen: 183625K->29670K(199680K)] 290821K->137001K(723968K), 0.0253475 secs] [Times: user=0.28 sys=0.01, real=0.02 secs] 
2016-09-13T18:01:15.846-0400: 138.012: [GC (Allocation Failure) [PSYoungGen: 166886K->41817K(198656K)] 274233K->149373K(722944K), 0.0106123 secs] [Times: user=0.09 sys=0.00, real=0.02 secs] 
2016-09-13T18:01:16.052-0400: 138.218: [GC (GCLocker Initiated GC) [PSYoungGen: 180569K->41724K(199680K)] 288128K->149430K(723968K), 0.0173191 secs] [Times: user=0.18 sys=0.00, real=0.02 secs] 
2016-09-13T18:01:16.298-0400: 138.464: [GC (GCLocker Initiated GC) [PSYoungGen: 180476K->46256K(198144K)] 289929K->155875K(722432K), 0.0199237 secs] [Times: user=0.24 sys=0.01, real=0.02 secs] 
2016-09-13T18:01:16.508-0400: 138.673: [GC (GCLocker Initiated GC) [PSYoungGen: 183472K->56758K(194048K)] 293222K->178757K(718336K), 0.0143206 secs] [Times: user=0.15 sys=0.00, real=0.01 secs] 
2016-09-13T18:01:16.721-0400: 138.886: [GC (GCLocker Initiated GC) [PSYoungGen: 193974K->46531K(193536K)] 317817K->193381K(717824K), 0.0088019 secs] [Times: user=0.08 sys=0.00, real=0.01 secs] 
2016-09-13T18:01:16.922-0400: 139.088: [GC (GCLocker Initiated GC) [PSYoungGen: 172483K->46291K(194048K)] 319374K->193549K(718336K), 0.0225378 secs] [Times: user=0.29 sys=0.00, real=0.02 secs] 
2016-09-13T18:01:17.142-0400: 139.307: [GC (GCLocker Initiated GC) [PSYoungGen: 172243K->24800K(193024K)] 321050K->178314K(717312K), 0.0281210 secs] [Times: user=0.27 sys=0.01, real=0.03 secs] 
2016-09-13T18:01:17.361-0400: 139.527: [GC (GCLocker Initiated GC) [PSYoungGen: 150752K->9862K(136192K)] 313540K->172765K(660480K), 0.0113052 secs] [Times: user=0.09 sys=0.00, real=0.01 secs] 
2016-09-13T18:01:17.598-0400: 139.764: [GC (GCLocker Initiated GC) [PSYoungGen: 135814K->43239K(193024K)] 298890K->209495K(717312K), 0.0155479 secs] [Times: user=0.13 sys=0.00, real=0.01 secs] 
2016-09-13T18:01:17.803-0400: 139.968: [GC (GCLocker Initiated GC) [PSYoungGen: 166631K->15806K(192512K)] 345062K->194351K(716800K), 0.0140814 secs] [Times: user=0.15 sys=0.00, real=0.02 secs] 
2016-09-13T18:01:18.002-0400: 140.167: [GC (GCLocker Initiated GC) [PSYoungGen: 139198K->27960K(188416K)] 317957K->212866K(712704K), 0.0228891 secs] [Times: user=0.21 sys=0.00, real=0.02 secs] 
2016-09-13T18:01:18.206-0400: 140.371: [GC (Allocation Failure) [PSYoungGen: 151864K->64475K(188416K)] 338603K->269632K(712704K), 0.0149897 secs] [Times: user=0.15 sys=0.00, real=0.02 secs] 
2016-09-13T18:01:18.399-0400: 140.564: [GC (GCLocker Initiated GC) [PSYoungGen: 188379K->25020K(188928K)] 393539K->284975K(713216K), 0.0115903 secs] [Times: user=0.11 sys=0.00, real=0.01 secs] 
2016-09-13T18:01:18.589-0400: 140.755: [GC (GCLocker Initiated GC) [PSYoungGen: 140220K->46217K(188416K)] 401963K->308107K(712704K), 0.0194785 secs] [Times: user=0.20 sys=0.00, real=0.02 secs] 
2016-09-13T18:01:18.804-0400: 140.969: [GC (Allocation Failure) [PSYoungGen: 161417K->9826K(186880K)] 435739K->284250K(711168K), 0.0135103 secs] [Times: user=0.14 sys=0.00, real=0.02 secs] 
2016-09-13T18:01:19.001-0400: 141.167: [GC (GCLocker Initiated GC) [PSYoungGen: 119706K->14356K(187904K)] 400206K->295097K(712192K), 0.0062908 secs] [Times: user=0.06 sys=0.00, real=0.00 secs] 
2016-09-13T18:01:19.162-0400: 141.328: [GC (GCLocker Initiated GC) [PSYoungGen: 128020K->50902K(182784K)] 408784K->331844K(707072K), 0.0077412 secs] [Times: user=0.09 sys=0.00, real=0.01 secs] 
2016-09-13T18:01:19.314-0400: 141.479: [GC (GCLocker Initiated GC) [PSYoungGen: 160470K->46288K(156160K)] 441596K->329150K(680448K), 0.0071115 secs] [Times: user=0.08 sys=0.00, real=0.01 secs] 
2016-09-13T18:01:19.499-0400: 141.665: [GC (GCLocker Initiated GC) [PSYoungGen: 155856K->47799K(184320K)] 444941K->337097K(708608K), 0.0100120 secs] [Times: user=0.10 sys=0.01, real=0.01 secs] 
2016-09-13T18:01:19.699-0400: 141.865: [GC (GCLocker Initiated GC) [PSYoungGen: 155319K->28212K(136192K)] 458505K->342342K(660480K), 0.0078035 secs] [Times: user=0.09 sys=0.01, real=0.00 secs] 
2016-09-13T18:01:19.904-0400: 142.070: [GC (GCLocker Initiated GC) [PSYoungGen: 135732K->46288K(182784K)] 449998K->360708K(707072K), 0.0177171 secs] [Times: user=0.22 sys=0.00, real=0.02 secs] 
2016-09-13T18:01:20.115-0400: 142.280: [GC (GCLocker Initiated GC) [PSYoungGen: 154320K->28121K(182784K)] 474933K->353461K(707072K), 0.0098709 secs] [Times: user=0.12 sys=0.00, real=0.01 secs] 
2016-09-13T18:01:20.267-0400: 142.432: [GC (GCLocker Initiated GC) [PSYoungGen: 136153K->32926K(183808K)] 467576K->364570K(708096K), 0.0069019 secs] [Times: user=0.08 sys=0.00, real=0.01 secs] 
2016-09-13T18:01:20.452-0400: 142.618: [GC (GCLocker Initiated GC) [PSYoungGen: 148126K->32649K(184320K)] 481311K->366000K(708608K), 0.0132573 secs] [Times: user=0.13 sys=0.00, real=0.01 secs] 
2016-09-13T18:01:20.649-0400: 142.814: [GC (GCLocker Initiated GC) [PSYoungGen: 147849K->9837K(189952K)] 493389K->369279K(714240K), 0.0046483 secs] [Times: user=0.04 sys=0.00, real=0.00 secs] 
2016-09-13T18:01:20.849-0400: 143.015: [GC (GCLocker Initiated GC) [PSYoungGen: 133229K->10055K(190976K)] 506554K->383689K(715264K), 0.0104172 secs] [Times: user=0.12 sys=0.00, real=0.01 secs] 
2016-09-13T18:01:21.072-0400: 143.238: [GC (GCLocker Initiated GC) [PSYoungGen: 133447K->41817K(193024K)] 508627K->417297K(717312K), 0.0213105 secs] [Times: user=0.20 sys=0.00, real=0.02 secs] 
2016-09-13T18:01:21.274-0400: 143.439: [GC (GCLocker Initiated GC) [PSYoungGen: 166745K->47987K(173056K)] 542294K->431293K(697344K), 0.0247474 secs] [Times: user=0.29 sys=0.00, real=0.03 secs] 
2016-09-13T18:01:21.488-0400: 143.654: [GC (GCLocker Initiated GC) [PSYoungGen: 172915K->47581K(187392K)] 556270K->432657K(711680K), 0.0285298 secs] [Times: user=0.27 sys=0.02, real=0.03 secs] 
2016-09-13T18:01:21.700-0400: 143.865: [GC (GCLocker Initiated GC) [PSYoungGen: 164317K->43180K(189440K)] 549628K->428621K(713728K), 0.0180074 secs] [Times: user=0.18 sys=0.00, real=0.02 secs] 
2016-09-13T18:01:21.882-0400: 144.047: [GC (GCLocker Initiated GC) [PSYoungGen: 159916K->27987K(184320K)] 551448K->419638K(708608K), 0.0412712 secs] [Times: user=0.44 sys=0.00, real=0.04 secs] 
2016-09-13T18:01:22.079-0400: 144.244: [GC (GCLocker Initiated GC) [PSYoungGen: 145747K->53817K(187392K)] 537589K->453569K(711680K), 0.0147973 secs] [Times: user=0.17 sys=0.00, real=0.01 secs] 
2016-09-13T18:01:22.256-0400: 144.422: [GC (GCLocker Initiated GC) [PSYoungGen: 171577K->63146K(176640K)] 573155K->470918K(700928K), 0.0084623 secs] [Times: user=0.06 sys=0.00, real=0.00 secs] 
2016-09-13T18:01:22.420-0400: 144.585: [GC (GCLocker Initiated GC) [PSYoungGen: 166570K->43148K(182784K)] 576067K->452976K(707072K), 0.0252220 secs] [Times: user=0.30 sys=0.00, real=0.02 secs] 
2016-09-13T18:01:22.611-0400: 144.777: [GC (GCLocker Initiated GC) [PSYoungGen: 146572K->23368K(178176K)] 562517K->439451K(702464K), 0.0050800 secs] [Times: user=0.05 sys=0.01, real=0.01 secs] 
2016-09-13T18:01:22.779-0400: 144.945: [GC (GCLocker Initiated GC) [PSYoungGen: 129352K->12709K(181760K)] 551664K->435218K(706048K), 0.0095496 secs] [Times: user=0.06 sys=0.02, real=0.01 secs] 
2016-09-13T18:01:22.947-0400: 145.113: [GC (Allocation Failure) [PSYoungGen: 118693K->21698K(183808K)] 547328K->453483K(708096K), 0.0129936 secs] [Times: user=0.11 sys=0.00, real=0.02 secs] 
2016-09-13T18:01:23.136-0400: 145.302: [GC (GCLocker Initiated GC) [PSYoungGen: 131778K->47677K(184832K)] 563565K->479587K(709120K), 0.0238169 secs] [Times: user=0.26 sys=0.00, real=0.02 secs] 
2016-09-13T18:01:23.350-0400: 145.516: [GC (GCLocker Initiated GC) [PSYoungGen: 157757K->5147K(184320K)] 597397K->444929K(708608K), 0.0043222 secs] [Times: user=0.03 sys=0.00, real=0.00 secs] 
2016-09-13T18:01:23.532-0400: 145.698: [GC (GCLocker Initiated GC) [PSYoungGen: 113691K->26320K(135168K)] 567180K->480085K(659456K), 0.0130929 secs] [Times: user=0.12 sys=0.00, real=0.01 secs] 
2016-09-13T18:01:23.701-0400: 145.866: [GC (GCLocker Initiated GC) [PSYoungGen: 134864K->44896K(181760K)] 594902K->512632K(706048K), 0.0076945 secs] [Times: user=0.08 sys=0.00, real=0.01 secs] 
2016-09-13T18:01:23.868-0400: 146.033: [GC (GCLocker Initiated GC) [PSYoungGen: 153440K->51156K(182784K)] 621360K->519305K(707072K), 0.0214448 secs] [Times: user=0.23 sys=0.00, real=0.02 secs] 
2016-09-13T18:01:24.048-0400: 146.213: [GC (GCLocker Initiated GC) [PSYoungGen: 159700K->50843K(182272K)] 627875K->519373K(706560K), 0.0069556 secs] [Times: user=0.06 sys=0.00, real=0.00 secs] 
2016-09-13T18:01:24.226-0400: 146.392: [GC (GCLocker Initiated GC) [PSYoungGen: 156315K->24801K(130560K)] 626389K->502694K(654848K), 0.0268937 secs] [Times: user=0.24 sys=0.00, real=0.03 secs] 
2016-09-13T18:01:24.418-0400: 146.583: [GC (GCLocker Initiated GC) [PSYoungGen: 130273K->12767K(183296K)] 615785K->498445K(707584K), 0.0191269 secs] [Times: user=0.18 sys=0.00, real=0.02 secs] 
2016-09-13T18:01:24.590-0400: 146.756: [GC (GCLocker Initiated GC) [PSYoungGen: 119775K->26378K(133632K)] 605472K->518384K(657920K), 0.0206559 secs] [Times: user=0.18 sys=0.01, real=0.02 secs] 
2016-09-13T18:01:24.791-0400: 146.956: [GC (GCLocker Initiated GC) [PSYoungGen: 133386K->26447K(184832K)] 625654K->521898K(709120K), 0.0141738 secs] [Times: user=0.13 sys=0.00, real=0.01 secs] 
2016-09-13T18:01:24.940-0400: 147.105: [GC (GCLocker Initiated GC) [PSYoungGen: 138575K->47900K(182272K)] 634261K->543836K(706560K), 0.0068496 secs] [Times: user=0.07 sys=0.00, real=0.00 secs] 
2016-09-13T18:01:25.111-0400: 147.276: [GC (Allocation Failure) [PSYoungGen: 160028K->35873K(187904K)] 656067K->532122K(712192K), 0.0099452 secs] [Times: user=0.10 sys=0.00, real=0.01 secs] 
2016-09-13T18:01:25.121-0400: 147.287: [GC (GCLocker Initiated GC) --[PSYoungGen: 35879K->35879K(187904K)] 532128K->560021K(712192K), 0.0091157 secs] [Times: user=0.12 sys=0.01, real=0.01 secs] 
2016-09-13T18:01:25.130-0400: 147.296: [Full GC (Ergonomics) [PSYoungGen: 35879K->0K(187904K)] [ParOldGen: 524141K->35002K(524288K)] 560021K->35002K(712192K), [Metaspace: 44625K->44625K(1087488K)], 0.0543577 secs] [Times: user=0.34 sys=0.00, real=0.05 secs] 
2016-09-13T18:01:25.350-0400: 147.516: [GC (GCLocker Initiated GC) [PSYoungGen: 119808K->51214K(188928K)] 156329K->87736K(713216K), 0.0187221 secs] [Times: user=0.23 sys=0.00, real=0.02 secs] 
2016-09-13T18:01:25.520-0400: 147.686: [GC (GCLocker Initiated GC) [PSYoungGen: 171022K->61565K(177664K)] 207623K->100201K(701952K), 0.0111259 secs] [Times: user=0.10 sys=0.00, real=0.01 secs] 
2016-09-13T18:01:25.684-0400: 147.849: [GC (Allocation Failure) [PSYoungGen: 167037K->43340K(183808K)] 207296K->83843K(708096K), 0.0055455 secs] [Times: user=0.03 sys=0.00, real=0.01 secs] 
2016-09-13T18:01:25.865-0400: 148.031: [GC (GCLocker Initiated GC) [PSYoungGen: 148812K->43180K(177664K)] 189319K->83896K(701952K), 0.0066726 secs] [Times: user=0.05 sys=0.00, real=0.01 secs] 
2016-09-13T18:01:26.034-0400: 148.199: [GC (GCLocker Initiated GC) [PSYoungGen: 150700K->32767K(181760K)] 191438K->73723K(706048K), 0.0052868 secs] [Times: user=0.06 sys=0.00, real=0.01 secs] 
2016-09-13T18:01:26.215-0400: 148.381: [GC (GCLocker Initiated GC) [PSYoungGen: 140287K->23255K(185344K)] 190463K->76751K(709632K), 0.0061592 secs] [Times: user=0.04 sys=0.00, real=0.01 secs] 
2016-09-13T18:01:26.457-0400: 148.623: [GC (GCLocker Initiated GC) [PSYoungGen: 139479K->18885K(187392K)] 199077K->78547K(711680K), 0.0213695 secs] [Times: user=0.22 sys=0.00, real=0.02 secs] 
2016-09-13T18:01:26.631-0400: 148.796: [GC (GCLocker Initiated GC) [PSYoungGen: 135109K->52484K(185344K)] 194787K->116945K(709632K), 0.0110639 secs] [Times: user=0.10 sys=0.00, real=0.01 secs] 
2016-09-13T18:01:26.796-0400: 148.962: [GC (GCLocker Initiated GC) [PSYoungGen: 167172K->44699K(188416K)] 231712K->111049K(712704K), 0.0061473 secs] [Times: user=0.05 sys=0.00, real=0.00 secs] 
2016-09-13T18:01:26.975-0400: 149.141: [GC (Allocation Failure) [PSYoungGen: 159387K->5179K(185344K)] 233625K->79531K(709632K), 0.0081720 secs] [Times: user=0.08 sys=0.00, real=0.01 secs] 
2016-09-13T18:01:27.149-0400: 149.315: [GC (GCLocker Initiated GC) [PSYoungGen: 117819K->9491K(122368K)] 192171K->84036K(646656K), 0.0081436 secs] [Times: user=0.05 sys=0.00, real=0.01 secs] 
2016-09-13T18:01:27.319-0400: 149.485: [GC (Allocation Failure) [PSYoungGen: 122131K->49351K(182784K)] 196703K->124054K(707072K), 0.0132759 secs] [Times: user=0.08 sys=0.01, real=0.01 secs] 
2016-09-13T18:01:27.504-0400: 149.670: [GC (GCLocker Initiated GC) [PSYoungGen: 154069K->46314K(154112K)] 234848K->136447K(678400K), 0.0250353 secs] [Times: user=0.35 sys=0.01, real=0.03 secs] 
2016-09-13T18:01:27.686-0400: 149.852: [GC (GCLocker Initiated GC) [PSYoungGen: 153834K->46377K(184320K)] 244090K->136729K(708608K), 0.0140211 secs] [Times: user=0.20 sys=0.00, real=0.02 secs] 
2016-09-13T18:01:27.851-0400: 150.017: [GC (GCLocker Initiated GC) [PSYoungGen: 152873K->54039K(160768K)] 243248K->144643K(685056K), 0.0101991 secs] [Times: user=0.08 sys=0.01, real=0.01 secs] 
2016-09-13T18:01:28.047-0400: 150.212: [GC (GCLocker Initiated GC) [PSYoungGen: 160535K->3756K(178176K)] 263355K->117551K(702464K), 0.0154701 secs] [Times: user=0.15 sys=0.00, real=0.02 secs] 
2016-09-13T18:01:28.243-0400: 150.408: [GC (Allocation Failure) [PSYoungGen: 102060K->41783K(180224K)] 215937K->155936K(704512K), 0.0220519 secs] [Times: user=0.22 sys=0.00, real=0.02 secs] 
2016-09-13T18:01:28.400-0400: 150.566: [GC (GCLocker Initiated GC) [PSYoungGen: 140087K->27988K(173056K)] 254240K->142327K(697344K), 0.0221147 secs] [Times: user=0.21 sys=0.00, real=0.02 secs] 
2016-09-13T18:01:28.578-0400: 150.743: [GC (GCLocker Initiated GC) [PSYoungGen: 128340K->8343K(176640K)] 255102K->135243K(700928K), 0.0112265 secs] [Times: user=0.12 sys=0.00, real=0.01 secs] 
2016-09-13T18:01:28.742-0400: 150.908: [GC (GCLocker Initiated GC) [PSYoungGen: 108695K->27960K(179200K)] 243399K->162929K(703488K), 0.0169528 secs] [Times: user=0.16 sys=0.00, real=0.02 secs] 
2016-09-13T18:01:28.937-0400: 151.102: [GC (GCLocker Initiated GC) [PSYoungGen: 137016K->19034K(182272K)] 278066K->160246K(706560K), 0.0278734 secs] [Times: user=0.29 sys=0.00, real=0.02 secs] 
2016-09-13T18:01:29.112-0400: 151.277: [GC (GCLocker Initiated GC) [PSYoungGen: 128090K->47705K(186880K)] 269331K->189163K(711168K), 0.0550019 secs] [Times: user=0.59 sys=0.00, real=0.05 secs] 
2016-09-13T18:01:29.323-0400: 151.489: [GC (GCLocker Initiated GC) [PSYoungGen: 163417K->46286K(162304K)] 311190K->203427K(686592K), 0.0136540 secs] [Times: user=0.12 sys=0.01, real=0.02 secs] 
2016-09-13T18:01:29.493-0400: 151.659: [GC (GCLocker Initiated GC) [PSYoungGen: 161998K->47832K(185344K)] 319320K->205297K(709632K), 0.0062954 secs] [Times: user=0.06 sys=0.00, real=0.01 secs] 
2016-09-13T18:01:29.650-0400: 151.815: [GC (GCLocker Initiated GC) [PSYoungGen: 158424K->38591K(149504K)] 315891K->196299K(673792K), 0.0365727 secs] [Times: user=0.42 sys=0.00, real=0.03 secs] 
2016-09-13T18:01:29.848-0400: 152.014: [GC (Allocation Failure) [PSYoungGen: 149183K->50970K(182784K)] 313206K->215167K(707072K), 0.0107500 secs] [Times: user=0.12 sys=0.00, real=0.01 secs] 
2016-09-13T18:01:30.008-0400: 152.173: [GC (GCLocker Initiated GC) [PSYoungGen: 160538K->34099K(184832K)] 324738K->198438K(709120K), 0.0104788 secs] [Times: user=0.10 sys=0.00, real=0.01 secs] 
2016-09-13T18:01:30.195-0400: 152.361: [GC (GCLocker Initiated GC) [PSYoungGen: 143667K->34200K(182272K)] 308028K->198861K(706560K), 0.0297831 secs] [Times: user=0.40 sys=0.00, real=0.03 secs] 
2016-09-13T18:01:30.406-0400: 152.572: [GC (GCLocker Initiated GC) [PSYoungGen: 149400K->25052K(183808K)] 321723K->205223K(708096K), 0.0191992 secs] [Times: user=0.23 sys=0.00, real=0.02 secs] 
2016-09-13T18:01:30.597-0400: 152.763: [GC (GCLocker Initiated GC) [PSYoungGen: 140252K->9826K(192512K)] 326524K->196370K(716800K), 0.0100716 secs] [Times: user=0.08 sys=0.00, real=0.00 secs] 
2016-09-13T18:01:30.801-0400: 152.967: [GC (GCLocker Initiated GC) [PSYoungGen: 134754K->35651K(160768K)] 327392K->230025K(685056K), 0.0113370 secs] [Times: user=0.15 sys=0.00, real=0.01 secs] 
2016-09-13T18:01:31.004-0400: 153.170: [GC (GCLocker Initiated GC) [PSYoungGen: 160579K->43341K(191488K)] 355157K->251723K(715776K), 0.0072849 secs] [Times: user=0.09 sys=0.01, real=0.01 secs] 
2016-09-13T18:01:31.226-0400: 153.392: [GC (GCLocker Initiated GC) [PSYoungGen: 168781K->41912K(192000K)] 377231K->250517K(716288K), 0.0098644 secs] [Times: user=0.11 sys=0.00, real=0.02 secs] 
2016-09-13T18:01:31.419-0400: 153.585: [GC (Allocation Failure) [PSYoungGen: 167352K->41789K(194560K)] 377547K->252203K(718848K), 0.0111163 secs] [Times: user=0.10 sys=0.01, real=0.01 secs] 
2016-09-13T18:01:31.605-0400: 153.771: [GC (GCLocker Initiated GC) [PSYoungGen: 170813K->29638K(158720K)] 381291K->240309K(683008K), 0.0129527 secs] [Times: user=0.12 sys=0.00, real=0.02 secs] 
2016-09-13T18:01:31.819-0400: 153.985: [GC (GCLocker Initiated GC) [PSYoungGen: 158662K->28120K(196608K)] 369512K->239408K(720896K), 0.0082146 secs] [Times: user=0.11 sys=0.00, real=0.00 secs] 
2016-09-13T18:01:32.044-0400: 154.209: [GC (Allocation Failure) [PSYoungGen: 160728K->9921K(194560K)] 378205K->227587K(718848K), 0.0112882 secs] [Times: user=0.13 sys=0.00, real=0.01 secs] 
2016-09-13T18:01:32.287-0400: 154.452: [GC (GCLocker Initiated GC) [PSYoungGen: 138509K->23409K(198656K)] 362250K->247438K(722944K), 0.0091346 secs] [Times: user=0.08 sys=0.00, real=0.02 secs] 
2016-09-13T18:01:32.480-0400: 154.645: [GC (GCLocker Initiated GC) [PSYoungGen: 160113K->44667K(181760K)] 384190K->268847K(706048K), 0.0135242 secs] [Times: user=0.14 sys=0.00, real=0.01 secs] 
2016-09-13T18:01:32.699-0400: 154.865: [GC (GCLocker Initiated GC) [PSYoungGen: 181371K->41698K(198144K)] 414844K->281517K(722432K), 0.0099592 secs] [Times: user=0.11 sys=0.00, real=0.01 secs] 
2016-09-13T18:01:32.909-0400: 155.074: [GC (GCLocker Initiated GC) [PSYoungGen: 175842K->44832K(179200K)] 415743K->284950K(703488K), 0.0081091 secs] [Times: user=0.07 sys=0.00, real=0.01 secs] 
2016-09-13T18:01:33.137-0400: 155.302: [GC (Allocation Failure) [PSYoungGen: 178976K->43181K(196608K)] 419131K->285045K(720896K), 0.0120996 secs] [Times: user=0.11 sys=0.00, real=0.01 secs] 
2016-09-13T18:01:33.330-0400: 155.495: [GC (GCLocker Initiated GC) [PSYoungGen: 169200K->28210K(159744K)] 417139K->276288K(684032K), 0.0299727 secs] [Times: user=0.34 sys=0.00, real=0.03 secs] 
2016-09-13T18:01:33.554-0400: 155.719: [GC (Allocation Failure) [PSYoungGen: 159282K->44571K(193536K)] 407541K->293146K(717824K), 0.0165290 secs] [Times: user=0.14 sys=0.00, real=0.02 secs] 
2016-09-13T18:01:33.761-0400: 155.927: [GC (GCLocker Initiated GC) [PSYoungGen: 174619K->32677K(194560K)] 423199K->281462K(718848K), 0.0064301 secs] [Times: user=0.09 sys=0.01, real=0.01 secs] 
2016-09-13T18:01:33.967-0400: 156.132: [GC (Allocation Failure) [PSYoungGen: 162725K->27865K(196608K)] 411739K->277097K(720896K), 0.0272244 secs] [Times: user=0.32 sys=0.00, real=0.03 secs] 
2016-09-13T18:01:34.202-0400: 156.367: [GC (GCLocker Initiated GC) [PSYoungGen: 160167K->19041K(196096K)] 415474K->274585K(720384K), 0.0038381 secs] [Times: user=0.03 sys=0.00, real=0.00 secs] 
2016-09-13T18:01:34.437-0400: 156.602: [GC (GCLocker Initiated GC) [PSYoungGen: 154209K->37045K(198656K)] 409783K->292774K(722944K), 0.0122317 secs] [Times: user=0.14 sys=0.00, real=0.01 secs] 
2016-09-13T18:01:34.694-0400: 156.859: [GC (GCLocker Initiated GC) [PSYoungGen: 177333K->20469K(199680K)] 439229K->296232K(723968K), 0.0051835 secs] [Times: user=0.04 sys=0.00, real=0.01 secs] 
2016-09-13T18:01:34.920-0400: 157.086: [GC (GCLocker Initiated GC) [PSYoungGen: 160757K->50811K(194560K)] 436725K->331439K(718848K), 0.0071172 secs] [Times: user=0.08 sys=0.00, real=0.00 secs] 
2016-09-13T18:01:35.110-0400: 157.275: [GC (GCLocker Initiated GC) [PSYoungGen: 185979K->31316K(198656K)] 468192K->313747K(722944K), 0.0105291 secs] [Times: user=0.13 sys=0.00, real=0.01 secs] 
2016-09-13T18:01:35.334-0400: 157.499: [GC (GCLocker Initiated GC) [PSYoungGen: 166484K->5179K(197120K)] 462693K->301695K(721408K), 0.0153529 secs] [Times: user=0.16 sys=0.00, real=0.02 secs] 
2016-09-13T18:01:35.547-0400: 157.712: [GC (Allocation Failure) [PSYoungGen: 141371K->23782K(199168K)] 439601K->322201K(723456K), 0.0080352 secs] [Times: user=0.05 sys=0.00, real=0.01 secs] 
2016-09-13T18:01:35.555-0400: 157.721: [GC (GCLocker Initiated GC) [PSYoungGen: 24574K->32K(197120K)] 322993K->326315K(721408K), 0.0057240 secs] [Times: user=0.08 sys=0.01, real=0.01 secs] 
2016-09-13T18:01:35.824-0400: 157.989: [GC (GCLocker Initiated GC) [PSYoungGen: 131113K->37387K(174080K)] 463472K->369745K(698368K), 0.0075172 secs] [Times: user=0.08 sys=0.00, real=0.01 secs] 
2016-09-13T18:01:36.024-0400: 158.190: [GC (GCLocker Initiated GC) [PSYoungGen: 173579K->34067K(200192K)] 505971K->373063K(724480K), 0.0097688 secs] [Times: user=0.12 sys=0.00, real=0.01 secs] 
2016-09-13T18:01:36.250-0400: 158.416: [GC (GCLocker Initiated GC) [PSYoungGen: 170771K->8089K(198656K)] 522106K->364198K(722944K), 0.0130307 secs] [Times: user=0.13 sys=0.00, real=0.01 secs] 
2016-09-13T18:01:36.466-0400: 158.631: [GC (GCLocker Initiated GC) [PSYoungGen: 144793K->40275K(196608K)] 502644K->398232K(720896K), 0.0224692 secs] [Times: user=0.25 sys=0.00, real=0.03 secs] 
2016-09-13T18:01:36.705-0400: 158.870: [GC (GCLocker Initiated GC) [PSYoungGen: 174419K->52489K(186880K)] 532593K->410873K(711168K), 0.0088111 secs] [Times: user=0.10 sys=0.00, real=0.01 secs] 
2016-09-13T18:01:36.915-0400: 159.081: [GC (GCLocker Initiated GC) [PSYoungGen: 186633K->58309K(179712K)] 545061K->421452K(704000K), 0.0187870 secs] [Times: user=0.19 sys=0.00, real=0.02 secs] 
2016-09-13T18:01:37.100-0400: 159.265: [GC (GCLocker Initiated GC) [PSYoungGen: 168901K->53971K(164864K)] 538204K->423476K(689152K), 0.0098419 secs] [Times: user=0.13 sys=0.00, real=0.01 secs] 
2016-09-13T18:01:37.276-0400: 159.441: [GC (GCLocker Initiated GC) [PSYoungGen: 164563K->43276K(184320K)] 535764K->419212K(708608K), 0.0127322 secs] [Times: user=0.12 sys=0.00, real=0.01 secs] 
2016-09-13T18:01:37.462-0400: 159.627: [GC (GCLocker Initiated GC) [PSYoungGen: 148236K->32490K(137728K)] 524209K->408593K(662016K), 0.0142453 secs] [Times: user=0.13 sys=0.00, real=0.02 secs] 
2016-09-13T18:01:37.644-0400: 159.810: [GC (GCLocker Initiated GC) [PSYoungGen: 137450K->43184K(180224K)] 513565K->425525K(704512K), 0.0392352 secs] [Times: user=0.41 sys=0.00, real=0.04 secs] 
2016-09-13T18:01:37.829-0400: 159.994: [GC (GCLocker Initiated GC) [PSYoungGen: 149168K->50646K(179200K)] 531548K->433204K(703488K), 0.0073551 secs] [Times: user=0.05 sys=0.00, real=0.01 secs] 
2016-09-13T18:01:37.960-0400: 160.126: [GC (Allocation Failure) [PSYoungGen: 156630K->41696K(186368K)] 540959K->427690K(710656K), 0.0336006 secs] [Times: user=0.35 sys=0.00, real=0.03 secs] 
2016-09-13T18:01:38.134-0400: 160.300: [GC (GCLocker Initiated GC) [PSYoungGen: 155872K->43085K(186880K)] 541872K->429349K(711168K), 0.0093316 secs] [Times: user=0.09 sys=0.00, real=0.01 secs] 
2016-09-13T18:01:38.307-0400: 160.473: [GC (Allocation Failure) [PSYoungGen: 157261K->49132K(186880K)] 543549K->435543K(711168K), 0.0068660 secs] [Times: user=0.05 sys=0.00, real=0.01 secs] 
2016-09-13T18:01:38.488-0400: 160.653: [GC (GCLocker Initiated GC) [PSYoungGen: 164849K->58399K(175104K)] 552779K->460184K(699392K), 0.0483820 secs] [Times: user=0.47 sys=0.00, real=0.05 secs] 
2016-09-13T18:01:38.701-0400: 160.867: [GC (GCLocker Initiated GC) [PSYoungGen: 174623K->62956K(177664K)] 576743K->465278K(701952K), 0.0126657 secs] [Times: user=0.12 sys=0.00, real=0.01 secs] 
2016-09-13T18:01:38.868-0400: 161.034: [GC (GCLocker Initiated GC) [PSYoungGen: 165356K->49537K(182272K)] 567703K->452062K(706560K), 0.0354599 secs] [Times: user=0.36 sys=0.00, real=0.03 secs] 
2016-09-13T18:01:39.052-0400: 161.218: [GC (GCLocker Initiated GC) [PSYoungGen: 151937K->23340K(180736K)] 560557K->433786K(705024K), 0.0219532 secs] [Times: user=0.22 sys=0.00, real=0.02 secs] 
2016-09-13T18:01:39.245-0400: 161.411: [GC (GCLocker Initiated GC) [PSYoungGen: 127276K->32522K(182272K)] 550003K->455458K(706560K), 0.0052516 secs] [Times: user=0.04 sys=0.00, real=0.01 secs] 
2016-09-13T18:01:39.413-0400: 161.578: [GC (GCLocker Initiated GC) [PSYoungGen: 136458K->50838K(183808K)] 559544K->478640K(708096K), 0.0129550 secs] [Times: user=0.12 sys=0.00, real=0.01 secs] 
2016-09-13T18:01:39.580-0400: 161.745: [GC (GCLocker Initiated GC) [PSYoungGen: 157846K->40020K(147456K)] 585823K->468178K(671744K), 0.0149598 secs] [Times: user=0.14 sys=0.00, real=0.01 secs] 
2016-09-13T18:01:39.746-0400: 161.912: [GC (GCLocker Initiated GC) [PSYoungGen: 147028K->8248K(179712K)] 582805K->444211K(704000K), 0.0115485 secs] [Times: user=0.08 sys=0.01, real=0.02 secs] 
2016-09-13T18:01:39.929-0400: 162.094: [GC (Allocation Failure) [PSYoungGen: 114232K->5307K(182272K)] 556272K->449205K(706560K), 0.0167836 secs] [Times: user=0.22 sys=0.00, real=0.01 secs] 
2016-09-13T18:01:40.102-0400: 162.268: [GC (GCLocker Initiated GC) [PSYoungGen: 111291K->29574K(180736K)] 555195K->473722K(705024K), 0.0158366 secs] [Times: user=0.17 sys=0.00, real=0.02 secs] 
2016-09-13T18:01:40.299-0400: 162.465: [GC (GCLocker Initiated GC) [PSYoungGen: 137094K->27965K(182272K)] 596628K->492343K(706560K), 0.0165047 secs] [Times: user=0.13 sys=0.00, real=0.02 secs] 
2016-09-13T18:01:40.501-0400: 162.666: [GC (GCLocker Initiated GC) [PSYoungGen: 135485K->43058K(186880K)] 600066K->507833K(711168K), 0.0092688 secs] [Times: user=0.08 sys=0.01, real=0.01 secs] 
2016-09-13T18:01:40.699-0400: 162.864: [GC (GCLocker Initiated GC) [PSYoungGen: 157746K->26383K(186368K)] 631684K->500467K(710656K), 0.0175073 secs] [Times: user=0.17 sys=0.00, real=0.02 secs] 
2016-09-13T18:01:40.882-0400: 163.047: [GC (GCLocker Initiated GC) [PSYoungGen: 141071K->46255K(187392K)] 615157K->526610K(711680K), 0.0220237 secs] [Times: user=0.20 sys=0.00, real=0.02 secs] 
2016-09-13T18:01:41.069-0400: 163.235: [GC (GCLocker Initiated GC) [PSYoungGen: 164015K->65871K(183808K)] 645923K->548080K(708096K), 0.0225443 secs] [Times: user=0.28 sys=0.00, real=0.02 secs] 
2016-09-13T18:01:41.272-0400: 163.437: [GC (GCLocker Initiated GC) [PSYoungGen: 183631K->56854K(178688K)] 667425K->551382K(702976K), 0.0292568 secs] [Times: user=0.33 sys=0.00, real=0.03 secs] 
2016-09-13T18:01:41.459-0400: 163.625: [GC (GCLocker Initiated GC) [PSYoungGen: 157206K->50774K(181248K)] 651760K->545580K(705536K), 0.0311123 secs] [Times: user=0.32 sys=0.00, real=0.03 secs] 
2016-09-13T18:01:41.641-0400: 163.806: [GC (GCLocker Initiated GC) [PSYoungGen: 151126K->25019K(179200K)] 652200K->536974K(703488K), 0.0280130 secs] [Times: user=0.29 sys=0.00, real=0.03 secs] 
2016-09-13T18:01:41.669-0400: 163.834: [Full GC (Ergonomics) [PSYoungGen: 25019K->0K(179200K)] [ParOldGen: 511954K->38046K(524288K)] 536974K->38046K(703488K), [Metaspace: 44644K->44644K(1087488K)], 0.0562501 secs] [Times: user=0.30 sys=0.01, real=0.05 secs] 
2016-09-13T18:01:41.836-0400: 164.002: [GC (GCLocker Initiated GC) [PSYoungGen: 100352K->72046K(172544K)] 138468K->110163K(696832K), 0.0083188 secs] [Times: user=0.05 sys=0.00, real=0.00 secs] 
2016-09-13T18:01:41.941-0400: 164.107: [GC (GCLocker Initiated GC) [PSYoungGen: 172398K->35676K(177664K)] 210562K->107572K(701952K), 0.0116368 secs] [Times: user=0.10 sys=0.00, real=0.01 secs] 
2016-09-13T18:01:42.073-0400: 164.238: [GC (GCLocker Initiated GC) [PSYoungGen: 126300K->56981K(175104K)] 198327K->153526K(699392K), 0.0080241 secs] [Times: user=0.07 sys=0.00, real=0.01 secs] 
2016-09-13T18:01:42.206-0400: 164.371: [GC (GCLocker Initiated GC) [PSYoungGen: 147605K->28184K(176128K)] 245671K->126473K(700416K), 0.0101396 secs] [Times: user=0.12 sys=0.00, real=0.02 secs] 
2016-09-13T18:01:42.381-0400: 164.547: [GC (GCLocker Initiated GC) [PSYoungGen: 119832K->23409K(176128K)] 219894K->123747K(700416K), 0.0117495 secs] [Times: user=0.16 sys=0.00, real=0.01 secs] 
2016-09-13T18:01:42.512-0400: 164.677: [GC (GCLocker Initiated GC) [PSYoungGen: 115057K->31035K(172544K)] 221753K->137964K(696832K), 0.0097326 secs] [Times: user=0.10 sys=0.00, real=0.01 secs] 
2016-09-13T18:01:42.662-0400: 164.828: [GC (GCLocker Initiated GC) [PSYoungGen: 125243K->50651K(174592K)] 232226K->157839K(698880K), 0.0174527 secs] [Times: user=0.16 sys=0.00, real=0.02 secs] 
2016-09-13T18:01:42.814-0400: 164.980: [GC (GCLocker Initiated GC) [PSYoungGen: 144859K->31252K(177664K)] 252223K->141945K(701952K), 0.0117559 secs] [Times: user=0.10 sys=0.00, real=0.01 secs] 
2016-09-13T18:01:42.986-0400: 165.151: [GC (GCLocker Initiated GC) [PSYoungGen: 132628K->46313K(179712K)] 243428K->157471K(704000K), 0.0107118 secs] [Times: user=0.10 sys=0.01, real=0.02 secs] 
2016-09-13T18:01:43.139-0400: 165.304: [GC (Allocation Failure) [PSYoungGen: 147689K->25109K(181248K)] 265140K->142711K(705536K), 0.0276814 secs] [Times: user=0.28 sys=0.00, real=0.02 secs] 
2016-09-13T18:01:43.319-0400: 165.484: [GC (GCLocker Initiated GC) [PSYoungGen: 132117K->52299K(182784K)] 249724K->170119K(707072K), 0.0163335 secs] [Times: user=0.19 sys=0.00, real=0.01 secs] 
2016-09-13T18:01:43.506-0400: 165.671: [GC (GCLocker Initiated GC) [PSYoungGen: 159307K->42006K(181760K)] 286265K->169142K(706048K), 0.0100040 secs] [Times: user=0.12 sys=0.00, real=0.02 secs] 
2016-09-13T18:01:43.689-0400: 165.854: [GC (GCLocker Initiated GC) [PSYoungGen: 151062K->47900K(183296K)] 284459K->186151K(707584K), 0.0254912 secs] [Times: user=0.31 sys=0.00, real=0.02 secs] 
2016-09-13T18:01:43.889-0400: 166.054: [GC (GCLocker Initiated GC) [PSYoungGen: 156956K->46500K(184320K)] 296915K->186602K(708608K), 0.0118092 secs] [Times: user=0.15 sys=0.00, real=0.01 secs] 
2016-09-13T18:01:44.078-0400: 166.243: [GC (GCLocker Initiated GC) [PSYoungGen: 160676K->38592K(186368K)] 302497K->180560K(710656K), 0.0069351 secs] [Times: user=0.05 sys=0.01, real=0.00 secs] 
2016-09-13T18:01:44.270-0400: 166.436: [GC (GCLocker Initiated GC) [PSYoungGen: 152768K->6857K(186368K)] 307101K->161237K(710656K), 0.0031734 secs] [Times: user=0.01 sys=0.00, real=0.00 secs] 
2016-09-13T18:01:44.448-0400: 166.613: [GC (GCLocker Initiated GC) [PSYoungGen: 123593K->43117K(189440K)] 278001K->197785K(713728K), 0.0091967 secs] [Times: user=0.08 sys=0.00, real=0.02 secs] 
2016-09-13T18:01:44.651-0400: 166.816: [GC (GCLocker Initiated GC) [PSYoungGen: 159853K->28184K(184832K)] 320786K->201379K(709120K), 0.0147271 secs] [Times: user=0.18 sys=0.00, real=0.01 secs] 
2016-09-13T18:01:44.844-0400: 167.010: [GC (GCLocker Initiated GC) [PSYoungGen: 146456K->34290K(187904K)] 319671K->207781K(712192K), 0.0110286 secs] [Times: user=0.12 sys=0.00, real=0.01 secs] 
2016-09-13T18:01:45.058-0400: 167.223: [GC (GCLocker Initiated GC) [PSYoungGen: 152562K->12682K(192000K)] 332154K->200140K(716288K), 0.0152497 secs] [Times: user=0.17 sys=0.00, real=0.01 secs] 
2016-09-13T18:01:45.251-0400: 167.417: [GC (GCLocker Initiated GC) [PSYoungGen: 137610K->28247K(193024K)] 331397K->229854K(717312K), 0.0069540 secs] [Times: user=0.04 sys=0.00, real=0.01 secs] 
2016-09-13T18:01:45.457-0400: 167.623: [GC (GCLocker Initiated GC) [PSYoungGen: 153175K->28088K(190976K)] 361148K->242491K(715264K), 0.0125255 secs] [Times: user=0.14 sys=0.00, real=0.01 secs] 
2016-09-13T18:01:45.682-0400: 167.847: [GC (GCLocker Initiated GC) [PSYoungGen: 156088K->41948K(192000K)] 372098K->258164K(716288K), 0.0085373 secs] [Times: user=0.11 sys=0.00, real=0.01 secs] 
2016-09-13T18:01:45.915-0400: 168.080: [GC (GCLocker Initiated GC) [PSYoungGen: 169948K->40111K(196096K)] 386364K->256737K(720384K), 0.0117736 secs] [Times: user=0.07 sys=0.00, real=0.01 secs] 
2016-09-13T18:01:46.100-0400: 168.265: [GC (Allocation Failure) [PSYoungGen: 174255K->61341K(195584K)] 391053K->278312K(719872K), 0.0104037 secs] [Times: user=0.08 sys=0.00, real=0.01 secs] 
2016-09-13T18:01:46.316-0400: 168.482: [GC (GCLocker Initiated GC) [PSYoungGen: 195485K->29607K(192512K)] 412459K->246857K(716800K), 0.0243052 secs] [Times: user=0.31 sys=0.00, real=0.02 secs] 
2016-09-13T18:01:46.503-0400: 168.668: [GC (GCLocker Initiated GC) [PSYoungGen: 155559K->55772K(181760K)] 372979K->273508K(706048K), 0.0073939 secs] [Times: user=0.10 sys=0.00, real=0.01 secs] 
2016-09-13T18:01:46.700-0400: 168.865: [GC (GCLocker Initiated GC) [PSYoungGen: 181724K->66057K(176640K)] 399621K->284172K(700928K), 0.0192809 secs] [Times: user=0.16 sys=0.01, real=0.02 secs] 
2016-09-13T18:01:46.891-0400: 169.056: [GC (GCLocker Initiated GC) [PSYoungGen: 170505K->32613K(183296K)] 400793K->263114K(707584K), 0.0144825 secs] [Times: user=0.13 sys=0.00, real=0.01 secs] 
2016-09-13T18:01:47.071-0400: 169.237: [GC (GCLocker Initiated GC) [PSYoungGen: 137061K->47959K(179200K)] 367740K->284808K(703488K), 0.0142988 secs] [Times: user=0.14 sys=0.00, real=0.01 secs] 
2016-09-13T18:01:47.254-0400: 169.419: [GC (GCLocker Initiated GC) [PSYoungGen: 154455K->28151K(182272K)] 397516K->271559K(706560K), 0.0102203 secs] [Times: user=0.09 sys=0.00, real=0.01 secs] 
2016-09-13T18:01:47.453-0400: 169.618: [GC (GCLocker Initiated GC) [PSYoungGen: 134645K->41757K(180224K)] 385872K->293253K(704512K), 0.0159941 secs] [Times: user=0.15 sys=0.00, real=0.02 secs] 
2016-09-13T18:01:47.643-0400: 169.808: [GC (GCLocker Initiated GC) [PSYoungGen: 153373K->27961K(183808K)] 404871K->279626K(708096K), 0.0098319 secs] [Times: user=0.09 sys=0.01, real=0.01 secs] 
2016-09-13T18:01:47.830-0400: 169.995: [GC (GCLocker Initiated GC) [PSYoungGen: 139577K->41570K(184320K)] 391290K->293413K(708608K), 0.0403120 secs] [Times: user=0.45 sys=0.00, real=0.04 secs] 
2016-09-13T18:01:48.025-0400: 170.190: [GC (GCLocker Initiated GC) [PSYoungGen: 160866K->46192K(187904K)] 414261K->299772K(712192K), 0.0145664 secs] [Times: user=0.16 sys=0.00, real=0.02 secs] 
2016-09-13T18:01:48.216-0400: 170.382: [GC (GCLocker Initiated GC) [PSYoungGen: 165488K->6921K(188416K)] 426787K->275993K(712704K), 0.0248395 secs] [Times: user=0.24 sys=0.00, real=0.02 secs] 
2016-09-13T18:01:48.434-0400: 170.599: [GC (GCLocker Initiated GC) [PSYoungGen: 126729K->41693K(190976K)] 395822K->315740K(715264K), 0.0065297 secs] [Times: user=0.05 sys=0.00, real=0.01 secs] 
2016-09-13T18:01:48.600-0400: 170.765: [GC (Allocation Failure) [PSYoungGen: 161501K->12772K(190464K)] 435679K->287210K(714752K), 0.0277606 secs] [Times: user=0.36 sys=0.01, real=0.03 secs] 
2016-09-13T18:01:48.821-0400: 170.986: [GC (GCLocker Initiated GC) [PSYoungGen: 132187K->23472K(144384K)] 408143K->308814K(668672K), 0.0124484 secs] [Times: user=0.10 sys=0.00, real=0.01 secs] 
2016-09-13T18:01:49.000-0400: 171.166: [GC (GCLocker Initiated GC) [PSYoungGen: 144304K->8303K(189440K)] 431168K->295426K(713728K), 0.0113291 secs] [Times: user=0.09 sys=0.00, real=0.01 secs] 
2016-09-13T18:01:49.183-0400: 171.348: [GC (GCLocker Initiated GC) [PSYoungGen: 129135K->46287K(190464K)] 418011K->335358K(714752K), 0.0071773 secs] [Times: user=0.08 sys=0.01, real=0.01 secs] 
2016-09-13T18:01:49.400-0400: 171.566: [GC (GCLocker Initiated GC) [PSYoungGen: 167119K->50907K(185344K)] 456506K->358745K(709632K), 0.0079918 secs] [Times: user=0.09 sys=0.00, real=0.01 secs] 
2016-09-13T18:01:49.569-0400: 171.734: [GC (Allocation Failure) [PSYoungGen: 164571K->62961K(176640K)] 472557K->371180K(700928K), 0.0151177 secs] [Times: user=0.18 sys=0.00, real=0.01 secs] 
2016-09-13T18:01:49.748-0400: 171.913: [GC (GCLocker Initiated GC) [PSYoungGen: 176182K->26756K(183808K)] 485920K->395944K(708096K), 0.0107982 secs] [Times: user=0.14 sys=0.00, real=0.01 secs] 
2016-09-13T18:01:49.929-0400: 172.095: [GC (GCLocker Initiated GC) [PSYoungGen: 129668K->46196K(149504K)] 500445K->417108K(673792K), 0.0287295 secs] [Times: user=0.32 sys=0.00, real=0.03 secs] 
2016-09-13T18:01:50.116-0400: 172.281: [GC (GCLocker Initiated GC) [PSYoungGen: 149108K->29448K(183296K)] 532387K->412791K(707584K), 0.0051886 secs] [Times: user=0.05 sys=0.00, real=0.00 secs] 
2016-09-13T18:01:50.264-0400: 172.430: [GC (GCLocker Initiated GC) [PSYoungGen: 134920K->52574K(180736K)] 518383K->436299K(705024K), 0.0093799 secs] [Times: user=0.10 sys=0.00, real=0.01 secs] 
2016-09-13T18:01:50.449-0400: 172.615: [GC (GCLocker Initiated GC) [PSYoungGen: 158046K->14538K(184832K)] 553985K->416824K(709120K), 0.0054736 secs] [Times: user=0.04 sys=0.00, real=0.00 secs] 
2016-09-13T18:01:50.631-0400: 172.797: [GC (GCLocker Initiated GC) [PSYoungGen: 122058K->31003K(138752K)] 524369K->434988K(663040K), 0.0117559 secs] [Times: user=0.11 sys=0.00, real=0.01 secs] 
2016-09-13T18:01:50.835-0400: 173.001: [GC (Allocation Failure) [PSYoungGen: 138523K->41794K(183296K)] 542784K->456862K(707584K), 0.0086519 secs] [Times: user=0.10 sys=0.01, real=0.01 secs] 
2016-09-13T18:01:51.012-0400: 173.178: [GC (GCLocker Initiated GC) [PSYoungGen: 146540K->24860K(181760K)] 567683K->446113K(706048K), 0.0173311 secs] [Times: user=0.20 sys=0.00, real=0.02 secs] 
2016-09-13T18:01:51.183-0400: 173.349: [GC (GCLocker Initiated GC) [PSYoungGen: 133916K->38757K(187392K)] 555186K->460272K(711680K), 0.0085427 secs] [Times: user=0.12 sys=0.00, real=0.01 secs] 
2016-09-13T18:01:51.362-0400: 173.527: [GC (GCLocker Initiated GC) [PSYoungGen: 156005K->41762K(185856K)] 579099K->466617K(710144K), 0.0100642 secs] [Times: user=0.09 sys=0.00, real=0.01 secs] 
2016-09-13T18:01:51.537-0400: 173.703: [GC (GCLocker Initiated GC) [PSYoungGen: 159010K->47832K(190464K)] 583893K->472916K(714752K), 0.0100323 secs] [Times: user=0.07 sys=0.00, real=0.00 secs] 
2016-09-13T18:01:51.731-0400: 173.896: [GC (GCLocker Initiated GC) [PSYoungGen: 170200K->47550K(191488K)] 595325K->477441K(715776K), 0.0207872 secs] [Times: user=0.17 sys=0.01, real=0.02 secs] 
2016-09-13T18:01:51.917-0400: 174.083: [GC (GCLocker Initiated GC) [PSYoungGen: 169918K->50934K(188416K)] 599977K->493306K(712704K), 0.0118067 secs] [Times: user=0.14 sys=0.00, real=0.01 secs] 
2016-09-13T18:01:52.121-0400: 174.286: [GC (GCLocker Initiated GC) [PSYoungGen: 169718K->69101K(187904K)] 612298K->522490K(712192K), 0.0082728 secs] [Times: user=0.10 sys=0.00, real=0.01 secs] 
2016-09-13T18:01:52.340-0400: 174.505: [GC (GCLocker Initiated GC) [PSYoungGen: 187885K->8184K(173568K)] 642967K->467962K(697856K), 0.0135929 secs] [Times: user=0.14 sys=0.00, real=0.01 secs] 
2016-09-13T18:01:52.511-0400: 174.677: [GC (GCLocker Initiated GC) [PSYoungGen: 107512K->27966K(180736K)] 573582K->498809K(705024K), 0.0081974 secs] [Times: user=0.10 sys=0.00, real=0.01 secs] 
2016-09-13T18:01:52.659-0400: 174.825: [GC (GCLocker Initiated GC) [PSYoungGen: 127294K->58438K(176128K)] 598318K->529601K(700416K), 0.0075684 secs] [Times: user=0.11 sys=0.00, real=0.00 secs] 
2016-09-13T18:01:52.812-0400: 174.978: [GC (GCLocker Initiated GC) [PSYoungGen: 155718K->14488K(179712K)] 634588K->511860K(704000K), 0.0094990 secs] [Times: user=0.14 sys=0.00, real=0.01 secs] 
2016-09-13T18:01:53.004-0400: 175.170: [GC (GCLocker Initiated GC) [PSYoungGen: 111768K->34138K(172544K)] 610796K->533416K(696832K), 0.0072131 secs] [Times: user=0.08 sys=0.00, real=0.01 secs] 
2016-09-13T18:01:53.164-0400: 175.329: [GC (GCLocker Initiated GC) [PSYoungGen: 131418K->35591K(176128K)] 630718K->541204K(700416K), 0.0130509 secs] [Times: user=0.18 sys=0.00, real=0.02 secs] 
2016-09-13T18:01:53.177-0400: 175.342: [Full GC (Ergonomics) [PSYoungGen: 35591K->0K(176128K)] [ParOldGen: 505612K->33963K(524288K)] 541204K->33963K(700416K), [Metaspace: 44646K->44646K(1087488K)], 0.0513903 secs] [Times: user=0.34 sys=0.01, real=0.05 secs] 
2016-09-13T18:01:53.344-0400: 175.510: [GC (GCLocker Initiated GC) [PSYoungGen: 97280K->42044K(179712K)] 137360K->82124K(704000K), 0.0085871 secs] [Times: user=0.10 sys=0.00, real=0.01 secs] 
2016-09-13T18:01:53.490-0400: 175.655: [GC (GCLocker Initiated GC) [PSYoungGen: 150588K->46536K(181248K)] 196927K->113103K(705536K), 0.0088916 secs] [Times: user=0.12 sys=0.00, real=0.01 secs] 
2016-09-13T18:01:53.660-0400: 175.825: [GC (GCLocker Initiated GC) [PSYoungGen: 155080K->32930K(184320K)] 227875K->106036K(708608K), 0.0073228 secs] [Times: user=0.09 sys=0.00, real=0.00 secs] 
2016-09-13T18:01:53.867-0400: 176.032: [GC (GCLocker Initiated GC) [PSYoungGen: 149666K->33940K(186880K)] 222901K->107295K(711168K), 0.0168417 secs] [Times: user=0.17 sys=0.00, real=0.02 secs] 
2016-09-13T18:01:54.064-0400: 176.230: [GC (GCLocker Initiated GC) [PSYoungGen: 150676K->40340K(188928K)] 230128K->119954K(713216K), 0.0074551 secs] [Times: user=0.11 sys=0.00, real=0.01 secs] 
2016-09-13T18:01:54.254-0400: 176.420: [GC (Allocation Failure) [PSYoungGen: 164756K->49218K(190464K)] 244392K->130591K(714752K), 0.0223692 secs] [Times: user=0.23 sys=0.00, real=0.03 secs] 
2016-09-13T18:01:54.453-0400: 176.618: [GC (GCLocker Initiated GC) [PSYoungGen: 173634K->46377K(195072K)] 255009K->135591K(719360K), 0.0087411 secs] [Times: user=0.12 sys=0.00, real=0.01 secs] 
2016-09-13T18:01:54.647-0400: 176.813: [GC (GCLocker Initiated GC) [PSYoungGen: 174377K->50938K(179200K)] 263834K->140554K(703488K), 0.0183012 secs] [Times: user=0.23 sys=0.00, real=0.02 secs] 
2016-09-13T18:01:54.858-0400: 177.023: [GC (GCLocker Initiated GC) [PSYoungGen: 178938K->50997K(191488K)] 268783K->141118K(715776K), 0.0076176 secs] [Times: user=0.10 sys=0.00, real=0.00 secs] 
2016-09-13T18:01:55.066-0400: 177.232: [GC (Allocation Failure) [PSYoungGen: 173877K->49352K(192512K)] 264051K->139708K(716800K), 0.0135418 secs] [Times: user=0.13 sys=0.00, real=0.02 secs] 
2016-09-13T18:01:55.261-0400: 177.426: [GC (GCLocker Initiated GC) [PSYoungGen: 172220K->47704K(191488K)] 262640K->139832K(715776K), 0.0162508 secs] [Times: user=0.14 sys=0.00, real=0.02 secs] 
2016-09-13T18:01:55.477-0400: 177.642: [GC (GCLocker Initiated GC) [PSYoungGen: 170584K->41634K(164864K)] 262738K->134064K(689152K), 0.0090475 secs] [Times: user=0.09 sys=0.00, real=0.00 secs] 
2016-09-13T18:01:55.673-0400: 177.838: [GC (Allocation Failure) [PSYoungGen: 164514K->43436K(193024K)] 258566K->149895K(717312K), 0.0170086 secs] [Times: user=0.25 sys=0.00, real=0.02 secs] 
2016-09-13T18:01:55.872-0400: 178.037: [GC (GCLocker Initiated GC) [PSYoungGen: 169900K->44826K(190976K)] 276359K->151487K(715264K), 0.0172639 secs] [Times: user=0.18 sys=0.00, real=0.02 secs] 
2016-09-13T18:01:56.081-0400: 178.246: [GC (Allocation Failure) [PSYoungGen: 171290K->41660K(195584K)] 278214K->148773K(719872K), 0.0135198 secs] [Times: user=0.15 sys=0.00, real=0.01 secs] 
2016-09-13T18:01:56.286-0400: 178.451: [GC (GCLocker Initiated GC) [PSYoungGen: 174268K->46373K(194048K)] 281383K->153714K(718336K), 0.0102803 secs] [Times: user=0.11 sys=0.00, real=0.02 secs] 
2016-09-13T18:01:56.508-0400: 178.673: [GC (GCLocker Initiated GC) [PSYoungGen: 178981K->37074K(199680K)] 292432K->150639K(723968K), 0.0087049 secs] [Times: user=0.07 sys=0.00, real=0.01 secs] 
2016-09-13T18:01:56.741-0400: 178.907: [GC (GCLocker Initiated GC) [PSYoungGen: 175826K->32619K(198656K)] 297132K->164719K(722944K), 0.0082098 secs] [Times: user=0.11 sys=0.00, real=0.01 secs] 
2016-09-13T18:01:57.017-0400: 179.182: [GC (GCLocker Initiated GC) [PSYoungGen: 171371K->11473K(195072K)] 309571K->149761K(719360K), 0.0200353 secs] [Times: user=0.18 sys=0.00, real=0.02 secs] 
2016-09-13T18:01:57.221-0400: 179.386: [GC (GCLocker Initiated GC) [PSYoungGen: 146641K->49479K(184832K)] 286507K->192706K(709120K), 0.0357270 secs] [Times: user=0.39 sys=0.00, real=0.04 secs] 
2016-09-13T18:01:57.461-0400: 179.627: [GC (GCLocker Initiated GC) [PSYoungGen: 184647K->41475K(199168K)] 334167K->197142K(723456K), 0.0158640 secs] [Times: user=0.14 sys=0.00, real=0.02 secs] 
2016-09-13T18:01:57.654-0400: 179.819: [GC (GCLocker Initiated GC) [PSYoungGen: 175619K->46344K(197120K)] 331434K->202258K(721408K), 0.0064894 secs] [Times: user=0.06 sys=0.00, real=0.01 secs] 
2016-09-13T18:01:57.861-0400: 180.027: [GC (GCLocker Initiated GC) [PSYoungGen: 180488K->43147K(198144K)] 336600K->199523K(722432K), 0.0491495 secs] [Times: user=0.51 sys=0.00, real=0.05 secs] 
2016-09-13T18:01:58.098-0400: 180.263: [GC (GCLocker Initiated GC) [PSYoungGen: 178315K->26378K(197120K)] 349922K->198218K(721408K), 0.0411742 secs] [Times: user=0.39 sys=0.00, real=0.04 secs] 
2016-09-13T18:01:58.325-0400: 180.490: [GC (GCLocker Initiated GC) [PSYoungGen: 161546K->31063K(198656K)] 339487K->210668K(722944K), 0.0125343 secs] [Times: user=0.15 sys=0.00, real=0.02 secs] 
2016-09-13T18:01:58.556-0400: 180.722: [GC (Allocation Failure) [PSYoungGen: 168791K->23409K(199168K)] 348494K->207831K(723456K), 0.0244606 secs] [Times: user=0.25 sys=0.00, real=0.02 secs] 
2016-09-13T18:01:58.765-0400: 180.931: [GC (GCLocker Initiated GC) [PSYoungGen: 161137K->29607K(198144K)] 345562K->214249K(722432K), 0.0127923 secs] [Times: user=0.12 sys=0.00, real=0.02 secs] 
2016-09-13T18:01:58.998-0400: 181.164: [GC (GCLocker Initiated GC) [PSYoungGen: 168359K->31284K(199168K)] 353182K->216333K(723456K), 0.0225966 secs] [Times: user=0.22 sys=0.00, real=0.02 secs] 
2016-09-13T18:01:59.255-0400: 181.421: [GC (GCLocker Initiated GC) [PSYoungGen: 170036K->41597K(201216K)] 358393K->230261K(725504K), 0.0232788 secs] [Times: user=0.21 sys=0.00, real=0.03 secs] 
2016-09-13T18:01:59.459-0400: 181.625: [GC (GCLocker Initiated GC) [PSYoungGen: 183933K->48050K(201216K)] 372782K->237042K(725504K), 0.0066956 secs] [Times: user=0.06 sys=0.00, real=0.00 secs] 
2016-09-13T18:01:59.683-0400: 181.848: [GC (GCLocker Initiated GC) [PSYoungGen: 190386K->43180K(201216K)] 379553K->232517K(725504K), 0.0297690 secs] [Times: user=0.30 sys=0.01, real=0.03 secs] 
2016-09-13T18:01:59.933-0400: 182.098: [GC (GCLocker Initiated GC) [PSYoungGen: 183468K->46276K(186880K)] 379075K->242037K(711168K), 0.0075496 secs] [Times: user=0.06 sys=0.00, real=0.01 secs] 
2016-09-13T18:02:00.146-0400: 182.311: [GC (Allocation Failure) [PSYoungGen: 186564K->21917K(199680K)] 390204K->230398K(723968K), 0.0166103 secs] [Times: user=0.16 sys=0.00, real=0.02 secs] 
2016-09-13T18:02:00.390-0400: 182.556: [GC (GCLocker Initiated GC) [PSYoungGen: 160157K->28116K(200192K)] 368670K->236830K(724480K), 0.0071873 secs] [Times: user=0.09 sys=0.00, real=0.01 secs] 
2016-09-13T18:02:00.616-0400: 182.781: [GC (GCLocker Initiated GC) [PSYoungGen: 166356K->27991K(198144K)] 382775K->244600K(722432K), 0.0198433 secs] [Times: user=0.24 sys=0.00, real=0.01 secs] 
2016-09-13T18:02:00.867-0400: 183.033: [GC (GCLocker Initiated GC) [PSYoungGen: 166743K->29416K(199168K)] 383373K->247746K(723456K), 0.0128442 secs] [Times: user=0.11 sys=0.01, real=0.02 secs] 
2016-09-13T18:02:01.068-0400: 183.233: [GC (GCLocker Initiated GC) [PSYoungGen: 168168K->41848K(201216K)] 386512K->267866K(725504K), 0.0091360 secs] [Times: user=0.07 sys=0.00, real=0.01 secs] 
2016-09-13T18:02:01.299-0400: 183.464: [GC (GCLocker Initiated GC) [PSYoungGen: 184184K->46186K(201216K)] 416410K->280149K(725504K), 0.0262871 secs] [Times: user=0.27 sys=0.01, real=0.02 secs] 
2016-09-13T18:02:01.544-0400: 183.709: [GC (GCLocker Initiated GC) [PSYoungGen: 188522K->24917K(201728K)] 425565K->262134K(726016K), 0.0045964 secs] [Times: user=0.04 sys=0.00, real=0.01 secs] 
2016-09-13T18:02:01.815-0400: 183.981: [GC (GCLocker Initiated GC) [PSYoungGen: 166229K->43307K(184832K)] 411255K->293216K(709120K), 0.0273678 secs] [Times: user=0.24 sys=0.00, real=0.03 secs] 
2016-09-13T18:02:02.031-0400: 184.197: [GC (GCLocker Initiated GC) [PSYoungGen: 184619K->43244K(201216K)] 434687K->293648K(725504K), 0.0278112 secs] [Times: user=0.25 sys=0.00, real=0.03 secs] 
2016-09-13T18:02:02.251-0400: 184.417: [GC (GCLocker Initiated GC) [PSYoungGen: 183532K->28146K(168448K)] 441799K->286527K(692736K), 0.0097227 secs] [Times: user=0.09 sys=0.01, real=0.01 secs] 
2016-09-13T18:02:02.469-0400: 184.635: [GC (Allocation Failure) [PSYoungGen: 168434K->46409K(198656K)] 428448K->311338K(722944K), 0.0122764 secs] [Times: user=0.17 sys=0.00, real=0.01 secs] 
2016-09-13T18:02:02.707-0400: 184.873: [GC (GCLocker Initiated GC) [PSYoungGen: 185161K->47991K(186880K)] 450099K->313017K(711168K), 0.0069415 secs] [Times: user=0.06 sys=0.01, real=0.01 secs] 
2016-09-13T18:02:02.912-0400: 185.078: [GC (GCLocker Initiated GC) [PSYoungGen: 186743K->44640K(199168K)] 451777K->310000K(723456K), 0.0213045 secs] [Times: user=0.15 sys=0.00, real=0.02 secs] 
2016-09-13T18:02:03.128-0400: 185.294: [GC (GCLocker Initiated GC) [PSYoungGen: 180832K->43088K(179712K)] 446326K->311754K(704000K), 0.0080186 secs] [Times: user=0.06 sys=0.00, real=0.01 secs] 
2016-09-13T18:02:03.341-0400: 185.506: [GC (GCLocker Initiated GC) [PSYoungGen: 179280K->43084K(198656K)] 448289K->312278K(722944K), 0.0065098 secs] [Times: user=0.06 sys=0.00, real=0.00 secs] 
2016-09-13T18:02:03.587-0400: 185.753: [GC (GCLocker Initiated GC) [PSYoungGen: 179788K->27934K(198144K)] 449004K->297351K(722432K), 0.0058922 secs] [Times: user=0.04 sys=0.00, real=0.01 secs] 
2016-09-13T18:02:03.811-0400: 185.977: [GC (GCLocker Initiated GC) [PSYoungGen: 164638K->9804K(195072K)] 441874K->290319K(719360K), 0.0260920 secs] [Times: user=0.28 sys=0.01, real=0.03 secs] 
2016-09-13T18:02:04.062-0400: 186.228: [GC (GCLocker Initiated GC) [PSYoungGen: 143948K->5179K(139776K)] 438296K->299697K(664064K), 0.0100388 secs] [Times: user=0.09 sys=0.00, real=0.01 secs] 
2016-09-13T18:02:04.287-0400: 186.452: [GC (GCLocker Initiated GC) [PSYoungGen: 139323K->23595K(197632K)] 441460K->325891K(721920K), 0.0110597 secs] [Times: user=0.10 sys=0.00, real=0.02 secs] 
2016-09-13T18:02:04.491-0400: 186.656: [GC (GCLocker Initiated GC) [PSYoungGen: 155179K->61282K(193024K)] 457831K->364128K(717312K), 0.0221544 secs] [Times: user=0.21 sys=0.00, real=0.02 secs] 
2016-09-13T18:02:04.701-0400: 186.866: [GC (GCLocker Initiated GC) [PSYoungGen: 192866K->26441K(192000K)] 503355K->338634K(716288K), 0.0144060 secs] [Times: user=0.12 sys=0.00, real=0.01 secs] 
2016-09-13T18:02:04.901-0400: 187.066: [GC (GCLocker Initiated GC) [PSYoungGen: 149321K->59982K(183296K)] 461517K->375456K(707584K), 0.0103797 secs] [Times: user=0.09 sys=0.00, real=0.01 secs] 
2016-09-13T18:02:05.103-0400: 187.268: [GC (GCLocker Initiated GC) [PSYoungGen: 182862K->44922K(186880K)] 504661K->366939K(711168K), 0.0102868 secs] [Times: user=0.08 sys=0.00, real=0.01 secs] 
2016-09-13T18:02:05.308-0400: 187.474: [GC (GCLocker Initiated GC) [PSYoungGen: 156026K->32367K(143872K)] 491834K->368432K(668160K), 0.0488662 secs] [Times: user=0.44 sys=0.00, real=0.05 secs] 
2016-09-13T18:02:05.500-0400: 187.666: [GC (GCLocker Initiated GC) [PSYoungGen: 143471K->47772K(182784K)] 482651K->393134K(707072K), 0.0327364 secs] [Times: user=0.31 sys=0.00, real=0.03 secs] 
2016-09-13T18:02:05.704-0400: 187.870: [GC (GCLocker Initiated GC) [PSYoungGen: 158364K->26473K(183296K)] 517479K->385797K(707584K), 0.0117372 secs] [Times: user=0.12 sys=0.00, real=0.02 secs] 
2016-09-13T18:02:05.890-0400: 188.055: [GC (GCLocker Initiated GC) [PSYoungGen: 137065K->29761K(186368K)] 508813K->401646K(710656K), 0.0146046 secs] [Times: user=0.15 sys=0.00, real=0.01 secs] 
2016-09-13T18:02:06.093-0400: 188.258: [GC (GCLocker Initiated GC) [PSYoungGen: 148033K->46216K(187392K)] 520099K->418527K(711680K), 0.0070000 secs] [Times: user=0.05 sys=0.00, real=0.01 secs] 
2016-09-13T18:02:06.323-0400: 188.489: [GC (GCLocker Initiated GC) [PSYoungGen: 164486K->40201K(189440K)] 537158K->413153K(713728K), 0.0058042 secs] [Times: user=0.03 sys=0.01, real=0.01 secs] 
2016-09-13T18:02:06.496-0400: 188.662: [GC (GCLocker Initiated GC) [PSYoungGen: 163593K->58558K(182272K)] 538242K->433319K(706560K), 0.0104932 secs] [Times: user=0.09 sys=0.00, real=0.00 secs] 
2016-09-13T18:02:06.698-0400: 188.864: [GC (GCLocker Initiated GC) [PSYoungGen: 181950K->32677K(192000K)] 569032K->419995K(716288K), 0.0076258 secs] [Times: user=0.09 sys=0.00, real=0.00 secs] 
2016-09-13T18:02:06.904-0400: 189.069: [GC (GCLocker Initiated GC) [PSYoungGen: 152485K->28024K(147968K)] 539872K->415598K(672256K), 0.0121327 secs] [Times: user=0.12 sys=0.00, real=0.02 secs] 
2016-09-13T18:02:07.100-0400: 189.265: [GC (GCLocker Initiated GC) [PSYoungGen: 147832K->50902K(187392K)] 541712K->444940K(711680K), 0.0093712 secs] [Times: user=0.08 sys=0.01, real=0.01 secs] 
2016-09-13T18:02:07.297-0400: 189.462: [GC (GCLocker Initiated GC) [PSYoungGen: 169174K->58405K(177152K)] 563214K->452674K(701440K), 0.0126561 secs] [Times: user=0.15 sys=0.00, real=0.01 secs] 
2016-09-13T18:02:07.493-0400: 189.659: [GC (GCLocker Initiated GC) [PSYoungGen: 176677K->28094K(188416K)] 583440K->435051K(712704K), 0.0074092 secs] [Times: user=0.07 sys=0.00, real=0.01 secs] 
2016-09-13T18:02:07.699-0400: 189.865: [GC (GCLocker Initiated GC) [PSYoungGen: 141758K->26288K(140288K)] 556331K->441046K(664576K), 0.0147191 secs] [Times: user=0.16 sys=0.00, real=0.01 secs] 
2016-09-13T18:02:07.898-0400: 190.064: [GC (GCLocker Initiated GC) [PSYoungGen: 139952K->40173K(189440K)] 560979K->465887K(713728K), 0.0160801 secs] [Times: user=0.16 sys=0.01, real=0.01 secs] 
2016-09-13T18:02:08.082-0400: 190.248: [GC (Allocation Failure) [PSYoungGen: 156909K->47828K(186368K)] 582799K->478594K(710656K), 0.0073607 secs] [Times: user=0.11 sys=0.00, real=0.01 secs] 
2016-09-13T18:02:08.278-0400: 190.443: [GC (GCLocker Initiated GC) [PSYoungGen: 164162K->43185K(190976K)] 596447K->478702K(715264K), 0.0153918 secs] [Times: user=0.15 sys=0.00, real=0.01 secs] 
2016-09-13T18:02:08.500-0400: 190.665: [GC (GCLocker Initiated GC) [PSYoungGen: 164529K->55462K(189952K)] 607670K->498750K(714240K), 0.0102176 secs] [Times: user=0.14 sys=0.00, real=0.01 secs] 
2016-09-13T18:02:08.683-0400: 190.848: [GC (GCLocker Initiated GC) [PSYoungGen: 176806K->51125K(188928K)] 620212K->505474K(713216K), 0.0075530 secs] [Times: user=0.09 sys=0.00, real=0.01 secs] 
2016-09-13T18:02:08.868-0400: 191.033: [GC (GCLocker Initiated GC) [PSYoungGen: 168885K->46409K(164352K)] 623389K->501155K(688640K), 0.0096683 secs] [Times: user=0.11 sys=0.00, real=0.01 secs] 
2016-09-13T18:02:09.071-0400: 191.237: [GC (GCLocker Initiated GC) [PSYoungGen: 164169K->43270K(192000K)] 618949K->501414K(716288K), 0.0133481 secs] [Times: user=0.15 sys=0.00, real=0.01 secs] 
2016-09-13T18:02:09.266-0400: 191.431: [GC (GCLocker Initiated GC) [PSYoungGen: 164614K->46319K(189440K)] 622780K->510825K(713728K), 0.0073377 secs] [Times: user=0.09 sys=0.00, real=0.01 secs] 
2016-09-13T18:02:09.457-0400: 191.622: [GC (GCLocker Initiated GC) [PSYoungGen: 167663K->40110K(191488K)] 632420K->506596K(715776K), 0.0082495 secs] [Times: user=0.07 sys=0.00, real=0.00 secs] 
2016-09-13T18:02:09.659-0400: 191.824: [GC (GCLocker Initiated GC) [PSYoungGen: 165038K->32773K(189952K)] 637788K->505708K(714240K), 0.0075941 secs] [Times: user=0.07 sys=0.00, real=0.00 secs] 
2016-09-13T18:02:09.862-0400: 192.027: [GC (GCLocker Initiated GC) [PSYoungGen: 157701K->46281K(195584K)] 630854K->519652K(719872K), 0.0089835 secs] [Times: user=0.07 sys=0.00, real=0.01 secs] 
2016-09-13T18:02:10.095-0400: 192.260: [GC (GCLocker Initiated GC) [PSYoungGen: 177353K->50651K(195072K)] 650772K->524176K(719360K), 0.0143289 secs] [Times: user=0.13 sys=0.01, real=0.02 secs] 
2016-09-13T18:02:10.305-0400: 192.471: [GC (GCLocker Initiated GC) [PSYoungGen: 181723K->28180K(197120K)] 668962K->520055K(721408K), 0.0122392 secs] [Times: user=0.17 sys=0.00, real=0.02 secs] 
2016-09-13T18:02:10.509-0400: 192.675: [GC (GCLocker Initiated GC) [PSYoungGen: 160276K->47737K(197120K)] 652445K->539962K(721408K), 0.0075816 secs] [Times: user=0.08 sys=0.00, real=0.01 secs] 
2016-09-13T18:02:10.715-0400: 192.881: [GC (GCLocker Initiated GC) [PSYoungGen: 179833K->49101K(196096K)] 672080K->541545K(720384K), 0.0122363 secs] [Times: user=0.12 sys=0.01, real=0.02 secs] 
2016-09-13T18:02:10.950-0400: 193.116: [GC (Allocation Failure) [PSYoungGen: 180173K->2141K(133632K)] 675758K->510007K(657920K), 0.0047867 secs] [Times: user=0.03 sys=0.00, real=0.00 secs] 
2016-09-13T18:02:11.165-0400: 193.330: [Full GC (Ergonomics) [PSYoungGen: 131325K->0K(133632K)] [ParOldGen: 513940K->32314K(524288K)] 645266K->32314K(657920K), [Metaspace: 44658K->44658K(1087488K)], 0.0520346 secs] [Times: user=0.30 sys=0.02, real=0.06 secs] 
2016-09-13T18:02:11.401-0400: 193.566: [GC (GCLocker Initiated GC) [PSYoungGen: 131072K->32616K(194048K)] 166441K->67986K(718336K), 0.0065827 secs] [Times: user=0.04 sys=0.00, real=0.00 secs] 
2016-09-13T18:02:11.591-0400: 193.757: [GC (GCLocker Initiated GC) [PSYoungGen: 156520K->43079K(167424K)] 191908K->83434K(691712K), 0.0300041 secs] [Times: user=0.26 sys=0.00, real=0.03 secs] 
2016-09-13T18:02:11.806-0400: 193.972: [GC (GCLocker Initiated GC) [PSYoungGen: 166983K->29479K(192512K)] 213439K->95817K(716800K), 0.0329692 secs] [Times: user=0.33 sys=0.00, real=0.04 secs] 
2016-09-13T18:02:12.021-0400: 194.186: [GC (GCLocker Initiated GC) [PSYoungGen: 154919K->46154K(190976K)] 221292K->118804K(715264K), 0.0066740 secs] [Times: user=0.04 sys=0.00, real=0.00 secs] 
2016-09-13T18:02:12.242-0400: 194.407: [GC (GCLocker Initiated GC) [PSYoungGen: 171594K->47641K(195072K)] 244440K->122160K(719360K), 0.0324152 secs] [Times: user=0.34 sys=0.00, real=0.03 secs] 
2016-09-13T18:02:12.441-0400: 194.607: [GC (GCLocker Initiated GC) [PSYoungGen: 176665K->41756K(171008K)] 251336K->124218K(695296K), 0.0101387 secs] [Times: user=0.07 sys=0.00, real=0.01 secs] 
2016-09-13T18:02:12.636-0400: 194.802: [GC (GCLocker Initiated GC) [PSYoungGen: 170780K->26596K(195072K)] 256458K->112452K(719360K), 0.0173090 secs] [Times: user=0.15 sys=0.00, real=0.01 secs] 
2016-09-13T18:02:12.845-0400: 195.011: [GC (GCLocker Initiated GC) [PSYoungGen: 156644K->14291K(194560K)] 254672K->112524K(718848K), 0.0154398 secs] [Times: user=0.16 sys=0.01, real=0.02 secs] 
2016-09-13T18:02:13.056-0400: 195.222: [GC (GCLocker Initiated GC) [PSYoungGen: 144339K->32394K(194048K)] 242830K->134033K(718336K), 0.0079768 secs] [Times: user=0.08 sys=0.00, real=0.00 secs] 
2016-09-13T18:02:13.282-0400: 195.448: [GC (GCLocker Initiated GC) [PSYoungGen: 163978K->41757K(195072K)] 265770K->143704K(719360K), 0.0127451 secs] [Times: user=0.13 sys=0.00, real=0.01 secs] 
2016-09-13T18:02:13.511-0400: 195.677: [GC (GCLocker Initiated GC) [PSYoungGen: 173341K->55549K(189952K)] 276843K->159277K(714240K), 0.0137544 secs] [Times: user=0.14 sys=0.00, real=0.01 secs] 
2016-09-13T18:02:13.729-0400: 195.895: [GC (GCLocker Initiated GC) [PSYoungGen: 182525K->28270K(194560K)] 292589K->153707K(718848K), 0.0078204 secs] [Times: user=0.11 sys=0.00, real=0.01 secs] 
2016-09-13T18:02:13.926-0400: 196.092: [GC (GCLocker Initiated GC) [PSYoungGen: 155246K->47833K(193536K)] 280943K->178446K(717824K), 0.0239920 secs] [Times: user=0.33 sys=0.00, real=0.03 secs] 
2016-09-13T18:02:14.107-0400: 196.273: [GC (GCLocker Initiated GC) [PSYoungGen: 174809K->46223K(194560K)] 305517K->177136K(718848K), 0.0064561 secs] [Times: user=0.05 sys=0.00, real=0.01 secs] 
2016-09-13T18:02:14.317-0400: 196.483: [GC (GCLocker Initiated GC) [PSYoungGen: 173199K->64384K(181248K)] 305813K->200171K(705536K), 0.0174811 secs] [Times: user=0.18 sys=0.00, real=0.01 secs] 
2016-09-13T18:02:14.509-0400: 196.675: [GC (Allocation Failure) [PSYoungGen: 178048K->29415K(187904K)] 314003K->165485K(712192K), 0.0158900 secs] [Times: user=0.15 sys=0.00, real=0.01 secs] 
2016-09-13T18:02:14.687-0400: 196.853: [GC (GCLocker Initiated GC) [PSYoungGen: 143079K->49479K(187392K)] 280668K->196434K(711680K), 0.0078874 secs] [Times: user=0.10 sys=0.00, real=0.01 secs] 
2016-09-13T18:02:14.878-0400: 197.044: [GC (GCLocker Initiated GC) [PSYoungGen: 164679K->41852K(157184K)] 314808K->192355K(681472K), 0.0136030 secs] [Times: user=0.15 sys=0.00, real=0.01 secs] 
2016-09-13T18:02:15.072-0400: 197.238: [GC (GCLocker Initiated GC) [PSYoungGen: 157052K->43212K(188928K)] 309104K->195500K(713216K), 0.0095130 secs] [Times: user=0.09 sys=0.00, real=0.01 secs] 
2016-09-13T18:02:15.252-0400: 197.417: [GC (GCLocker Initiated GC) [PSYoungGen: 161996K->50838K(186880K)] 314388K->209613K(711168K), 0.0067915 secs] [Times: user=0.07 sys=0.00, real=0.01 secs] 
2016-09-13T18:02:15.454-0400: 197.619: [GC (GCLocker Initiated GC) [PSYoungGen: 169622K->28247K(192512K)] 334636K->199522K(716800K), 0.0181508 secs] [Times: user=0.20 sys=0.00, real=0.02 secs] 
2016-09-13T18:02:15.665-0400: 197.831: [GC (GCLocker Initiated GC) [PSYoungGen: 152151K->46473K(192512K)] 323429K->218059K(716800K), 0.0069103 secs] [Times: user=0.09 sys=0.00, real=0.01 secs] 
2016-09-13T18:02:15.866-0400: 198.032: [GC (GCLocker Initiated GC) [PSYoungGen: 170377K->53972K(190976K)] 342162K->225963K(715264K), 0.0078996 secs] [Times: user=0.10 sys=0.00, real=0.01 secs] 
2016-09-13T18:02:16.063-0400: 198.229: [GC (GCLocker Initiated GC) [PSYoungGen: 176852K->54034K(177152K)] 348865K->232301K(701440K), 0.0102809 secs] [Times: user=0.11 sys=0.01, real=0.01 secs] 
2016-09-13T18:02:16.263-0400: 198.429: [GC (GCLocker Initiated GC) [PSYoungGen: 176914K->23308K(188928K)] 361398K->215650K(713216K), 0.0135595 secs] [Times: user=0.10 sys=0.01, real=0.02 secs] 
2016-09-13T18:02:16.464-0400: 198.630: [GC (GCLocker Initiated GC) [PSYoungGen: 141068K->67454K(185344K)] 333436K->260091K(709632K), 0.0194480 secs] [Times: user=0.20 sys=0.00, real=0.02 secs] 
2016-09-13T18:02:16.649-0400: 198.814: [GC (GCLocker Initiated GC) [PSYoungGen: 185214K->23468K(181248K)] 383954K->232962K(705536K), 0.0076370 secs] [Times: user=0.07 sys=0.00, real=0.01 secs] 
2016-09-13T18:02:16.838-0400: 199.004: [GC (Allocation Failure) [PSYoungGen: 127916K->25019K(183296K)] 337543K->242524K(707584K), 0.0225934 secs] [Times: user=0.23 sys=0.00, real=0.02 secs] 
2016-09-13T18:02:17.007-0400: 199.173: [GC (GCLocker Initiated GC) [PSYoungGen: 129467K->43117K(176640K)] 346974K->260834K(700928K), 0.0096051 secs] [Times: user=0.09 sys=0.00, real=0.02 secs] 
2016-09-13T18:02:17.175-0400: 199.341: [GC (Allocation Failure) [PSYoungGen: 148075K->9862K(180224K)] 372130K->234063K(704512K), 0.0106094 secs] [Times: user=0.13 sys=0.00, real=0.01 secs] 
2016-09-13T18:02:17.331-0400: 199.496: [GC (Allocation Failure) [PSYoungGen: 114822K->41756K(183808K)] 339023K->266304K(708096K), 0.0066839 secs] [Times: user=0.05 sys=0.00, real=0.01 secs] 
2016-09-13T18:02:17.511-0400: 199.677: [GC (GCLocker Initiated GC) [PSYoungGen: 151324K->29330K(184320K)] 381947K->260080K(708608K), 0.0064595 secs] [Times: user=0.04 sys=0.00, real=0.01 secs] 
2016-09-13T18:02:17.710-0400: 199.876: [GC (GCLocker Initiated GC) [PSYoungGen: 138898K->9704K(184832K)] 377437K->248316K(709120K), 0.0202748 secs] [Times: user=0.19 sys=0.00, real=0.02 secs] 
2016-09-13T18:02:17.917-0400: 200.082: [GC (GCLocker Initiated GC) [PSYoungGen: 121832K->44800K(185856K)] 363625K->291394K(710144K), 0.0257778 secs] [Times: user=0.30 sys=0.01, real=0.02 secs] 
2016-09-13T18:02:18.115-0400: 200.280: [GC (GCLocker Initiated GC) [PSYoungGen: 156928K->34323K(181248K)] 415741K->311508K(705536K), 0.0104320 secs] [Times: user=0.12 sys=0.00, real=0.01 secs] 
2016-09-13T18:02:18.306-0400: 200.471: [GC (GCLocker Initiated GC) [PSYoungGen: 149011K->41789K(184832K)] 427843K->333044K(709120K), 0.0067246 secs] [Times: user=0.08 sys=0.00, real=0.01 secs] 
2016-09-13T18:02:18.485-0400: 200.650: [GC (GCLocker Initiated GC) [PSYoungGen: 156477K->38906K(185856K)] 447774K->330453K(710144K), 0.0069665 secs] [Times: user=0.10 sys=0.00, real=0.01 secs] 
2016-09-13T18:02:18.671-0400: 200.836: [GC (GCLocker Initiated GC) [PSYoungGen: 161786K->43306K(189440K)] 453383K->341163K(713728K), 0.0115628 secs] [Times: user=0.10 sys=0.01, real=0.01 secs] 
2016-09-13T18:02:18.872-0400: 201.037: [GC (GCLocker Initiated GC) [PSYoungGen: 166186K->43212K(193536K)] 464162K->341410K(717824K), 0.0130191 secs] [Times: user=0.12 sys=0.01, real=0.01 secs] 
2016-09-13T18:02:19.101-0400: 201.266: [GC (GCLocker Initiated GC) [PSYoungGen: 172236K->32682K(194560K)] 476719K->337458K(718848K), 0.0051904 secs] [Times: user=0.05 sys=0.00, real=0.00 secs] 
2016-09-13T18:02:19.314-0400: 201.479: [GC (GCLocker Initiated GC) [PSYoungGen: 161706K->29596K(194048K)] 480401K->348493K(718336K), 0.0193557 secs] [Times: user=0.17 sys=0.00, real=0.02 secs] 
2016-09-13T18:02:19.527-0400: 201.692: [GC (GCLocker Initiated GC) [PSYoungGen: 162204K->43180K(195072K)] 481238K->373164K(719360K), 0.0069926 secs] [Times: user=0.05 sys=0.00, real=0.01 secs] 
2016-09-13T18:02:19.741-0400: 201.906: [GC (GCLocker Initiated GC) [PSYoungGen: 175788K->26388K(197632K)] 511891K->367266K(721920K), 0.0129742 secs] [Times: user=0.12 sys=0.01, real=0.01 secs] 
2016-09-13T18:02:19.982-0400: 202.148: [GC (GCLocker Initiated GC) [PSYoungGen: 163604K->47641K(198656K)] 506286K->390529K(722944K), 0.0195029 secs] [Times: user=0.17 sys=0.00, real=0.02 secs] 
2016-09-13T18:02:20.200-0400: 202.365: [GC (Allocation Failure) [PSYoungGen: 184857K->15815K(196608K)] 527759K->363454K(720896K), 0.0063578 secs] [Times: user=0.05 sys=0.00, real=0.00 secs] 
2016-09-13T18:02:20.434-0400: 202.600: [GC (Allocation Failure) [PSYoungGen: 148376K->40264K(197632K)] 496015K->392627K(721920K), 0.0109778 secs] [Times: user=0.09 sys=0.00, real=0.01 secs] 
2016-09-13T18:02:20.646-0400: 202.811: [GC (GCLocker Initiated GC) [PSYoungGen: 173081K->40148K(195584K)] 531519K->416984K(719872K), 0.0147493 secs] [Times: user=0.14 sys=0.01, real=0.02 secs] 
2016-09-13T18:02:20.869-0400: 203.035: [GC (GCLocker Initiated GC) [PSYoungGen: 174292K->29634K(196608K)] 558813K->414357K(720896K), 0.0240307 secs] [Times: user=0.25 sys=0.00, real=0.02 secs] 
2016-09-13T18:02:21.094-0400: 203.259: [GC (GCLocker Initiated GC) [PSYoungGen: 163778K->28057K(197120K)] 560755K->434364K(721408K), 0.0121727 secs] [Times: user=0.11 sys=0.00, real=0.01 secs] 
2016-09-13T18:02:21.300-0400: 203.466: [GC (GCLocker Initiated GC) [PSYoungGen: 166809K->50719K(198144K)] 574793K->460361K(722432K), 0.0156434 secs] [Times: user=0.14 sys=0.00, real=0.02 secs] 
2016-09-13T18:02:21.549-0400: 203.715: [GC (GCLocker Initiated GC) [PSYoungGen: 189471K->23372K(199680K)] 607073K->441143K(723968K), 0.0056167 secs] [Times: user=0.04 sys=0.00, real=0.00 secs] 
2016-09-13T18:02:21.784-0400: 203.950: [GC (GCLocker Initiated GC) [PSYoungGen: 160076K->23490K(160256K)] 581066K->444682K(684544K), 0.0083838 secs] [Times: user=0.07 sys=0.00, real=0.01 secs] 
2016-09-13T18:02:22.003-0400: 204.169: [GC (GCLocker Initiated GC) [PSYoungGen: 160194K->14488K(198144K)] 589155K->443654K(722432K), 0.0104273 secs] [Times: user=0.12 sys=0.00, real=0.01 secs] 
2016-09-13T18:02:22.278-0400: 204.444: [GC (Allocation Failure) [PSYoungGen: 150680K->12891K(198656K)] 592080K->454457K(722944K), 0.0268912 secs] [Times: user=0.30 sys=0.00, real=0.02 secs] 
2016-09-13T18:02:22.485-0400: 204.651: [GC (GCLocker Initiated GC) [PSYoungGen: 146085K->29544K(193536K)] 593726K->485016K(717824K), 0.0054352 secs] [Times: user=0.06 sys=0.00, real=0.01 secs] 
2016-09-13T18:02:22.698-0400: 204.863: [GC (GCLocker Initiated GC) [PSYoungGen: 166760K->46222K(196608K)] 628582K->508174K(720896K), 0.0178862 secs] [Times: user=0.19 sys=0.00, real=0.02 secs] 
2016-09-13T18:02:22.934-0400: 205.099: [GC (GCLocker Initiated GC) [PSYoungGen: 183438K->44858K(195584K)] 646912K->508534K(719872K), 0.0209785 secs] [Times: user=0.24 sys=0.01, real=0.02 secs] 
2016-09-13T18:02:23.164-0400: 205.330: [GC (GCLocker Initiated GC) [PSYoungGen: 177978K->11190K(144384K)] 643208K->476755K(668672K), 0.0353916 secs] [Times: user=0.44 sys=0.01, real=0.04 secs] 
2016-09-13T18:02:23.379-0400: 205.545: [GC (GCLocker Initiated GC) [PSYoungGen: 144310K->32523K(200192K)] 610056K->506025K(724480K), 0.0234483 secs] [Times: user=0.24 sys=0.00, real=0.02 secs] 
2016-09-13T18:02:23.623-0400: 205.789: [GC (GCLocker Initiated GC) [PSYoungGen: 167691K->26559K(161792K)] 648975K->507982K(686080K), 0.0110368 secs] [Times: user=0.09 sys=0.01, real=0.01 secs] 
2016-09-13T18:02:23.826-0400: 205.991: [GC (GCLocker Initiated GC) [PSYoungGen: 161727K->27997K(197632K)] 646363K->512826K(721920K), 0.0192606 secs] [Times: user=0.19 sys=0.00, real=0.02 secs] 
2016-09-13T18:02:24.048-0400: 206.214: [GC (GCLocker Initiated GC) [PSYoungGen: 165725K->26537K(195072K)] 656654K->517685K(719360K), 0.0202490 secs] [Times: user=0.24 sys=0.00, real=0.02 secs] 
2016-09-13T18:02:24.268-0400: 206.434: [GC (GCLocker Initiated GC) [PSYoungGen: 164265K->40110K(199168K)] 657076K->545347K(723456K), 0.0173907 secs] [Times: user=0.16 sys=0.01, real=0.01 secs] 
2016-09-13T18:02:24.514-0400: 206.680: [GC (GCLocker Initiated GC) [PSYoungGen: 183982K->53752K(197632K)] 690972K->567006K(721920K), 0.0094532 secs] [Times: user=0.07 sys=0.00, real=0.01 secs] 
2016-09-13T18:02:24.524-0400: 206.690: [Full GC (Ergonomics) [PSYoungGen: 53752K->0K(197632K)] [ParOldGen: 513254K->44714K(524288K)] 567006K->44714K(721920K), [Metaspace: 44666K->44666K(1087488K)], 0.0599454 secs] [Times: user=0.28 sys=0.01, real=0.06 secs] 
2016-09-13T18:02:24.760-0400: 206.926: [GC (GCLocker Initiated GC) [PSYoungGen: 143872K->58617K(186368K)] 190267K->105012K(710656K), 0.0171625 secs] [Times: user=0.20 sys=0.00, real=0.02 secs] 
2016-09-13T18:02:24.941-0400: 207.106: [GC (GCLocker Initiated GC) [PSYoungGen: 182521K->26542K(193024K)] 235180K->87207K(717312K), 0.0316107 secs] [Times: user=0.35 sys=0.00, real=0.03 secs] 
2016-09-13T18:02:25.143-0400: 207.309: [GC (GCLocker Initiated GC) [PSYoungGen: 150446K->47955K(190976K)] 211236K->108939K(715264K), 0.0183328 secs] [Times: user=0.20 sys=0.01, real=0.02 secs] 
2016-09-13T18:02:25.374-0400: 207.539: [GC (GCLocker Initiated GC) [PSYoungGen: 171859K->29448K(153600K)] 233007K->90718K(677888K), 0.0189612 secs] [Times: user=0.21 sys=0.00, real=0.02 secs] 
2016-09-13T18:02:25.552-0400: 207.717: [GC (GCLocker Initiated GC) [PSYoungGen: 153352K->32394K(195072K)] 214795K->94018K(719360K), 0.0133285 secs] [Times: user=0.11 sys=0.00, real=0.01 secs] 
2016-09-13T18:02:25.773-0400: 207.938: [GC (GCLocker Initiated GC) [PSYoungGen: 160906K->3745K(192512K)] 228781K->76296K(716800K), 0.0214170 secs] [Times: user=0.18 sys=0.01, real=0.02 secs] 
2016-09-13T18:02:26.030-0400: 208.196: [GC (GCLocker Initiated GC) [PSYoungGen: 132257K->21762K(196608K)] 211071K->100887K(720896K), 0.0202129 secs] [Times: user=0.17 sys=0.00, real=0.02 secs] 
2016-09-13T18:02:26.219-0400: 208.385: [GC (GCLocker Initiated GC) [PSYoungGen: 152322K->32618K(163328K)] 231460K->111915K(687616K), 0.0239593 secs] [Times: user=0.27 sys=0.00, real=0.02 secs] 
2016-09-13T18:02:26.447-0400: 208.613: [GC (GCLocker Initiated GC) [PSYoungGen: 163178K->43366K(191488K)] 248795K->135210K(715776K), 0.0199284 secs] [Times: user=0.19 sys=0.01, real=0.02 secs] 
2016-09-13T18:02:26.653-0400: 208.819: [GC (GCLocker Initiated GC) [PSYoungGen: 172902K->43340K(193024K)] 267823K->138407K(717312K), 0.0288125 secs] [Times: user=0.32 sys=0.00, real=0.03 secs] 
2016-09-13T18:02:26.882-0400: 209.047: [GC (GCLocker Initiated GC) [PSYoungGen: 172876K->42092K(197632K)] 269806K->139303K(721920K), 0.0067661 secs] [Times: user=0.08 sys=0.00, real=0.01 secs] 
2016-09-13T18:02:27.081-0400: 209.246: [GC (GCLocker Initiated GC) [PSYoungGen: 175212K->46436K(179712K)] 272680K->144216K(704000K), 0.0098385 secs] [Times: user=0.13 sys=0.00, real=0.01 secs] 
2016-09-13T18:02:27.279-0400: 209.444: [GC (GCLocker Initiated GC) [PSYoungGen: 179556K->41757K(196608K)] 277367K->139679K(720896K), 0.0066854 secs] [Times: user=0.04 sys=0.00, real=0.00 secs] 
2016-09-13T18:02:27.498-0400: 209.663: [GC (GCLocker Initiated GC) [PSYoungGen: 172317K->41694K(172544K)] 273324K->150446K(696832K), 0.0141721 secs] [Times: user=0.15 sys=0.00, real=0.01 secs] 
2016-09-13T18:02:27.698-0400: 209.863: [GC (GCLocker Initiated GC) [PSYoungGen: 172254K->61533K(184320K)] 281357K->170798K(708608K), 0.0075974 secs] [Times: user=0.06 sys=0.01, real=0.00 secs] 
2016-09-13T18:02:27.899-0400: 210.064: [GC (GCLocker Initiated GC) [PSYoungGen: 181341K->26351K(190976K)] 302957K->148144K(715264K), 0.0112192 secs] [Times: user=0.12 sys=0.00, real=0.01 secs] 
2016-09-13T18:02:28.124-0400: 210.290: [GC (GCLocker Initiated GC) [PSYoungGen: 146159K->43179K(186880K)] 267959K->165094K(711168K), 0.0246316 secs] [Times: user=0.21 sys=0.00, real=0.03 secs] 
2016-09-13T18:02:28.314-0400: 210.480: [GC (GCLocker Initiated GC) [PSYoungGen: 164011K->44763K(189440K)] 287446K->168570K(713728K), 0.0276156 secs] [Times: user=0.33 sys=0.00, real=0.03 secs] 
2016-09-13T18:02:28.500-0400: 210.665: [GC (GCLocker Initiated GC) [PSYoungGen: 165595K->51034K(190976K)] 295510K->181135K(715264K), 0.0064601 secs] [Times: user=0.05 sys=0.01, real=0.00 secs] 
2016-09-13T18:02:28.713-0400: 210.879: [GC (GCLocker Initiated GC) [PSYoungGen: 173914K->44736K(192512K)] 311854K->184534K(716800K), 0.0193665 secs] [Times: user=0.20 sys=0.00, real=0.02 secs] 
2016-09-13T18:02:28.920-0400: 211.085: [GC (GCLocker Initiated GC) [PSYoungGen: 167616K->49133K(192000K)] 307431K->189153K(716288K), 0.0261565 secs] [Times: user=0.26 sys=0.00, real=0.02 secs] 
2016-09-13T18:02:29.111-0400: 211.277: [GC (GCLocker Initiated GC) [PSYoungGen: 173037K->43243K(167424K)] 313090K->191044K(691712K), 0.0217944 secs] [Times: user=0.25 sys=0.00, real=0.02 secs] 
2016-09-13T18:02:29.335-0400: 211.501: [GC (GCLocker Initiated GC) [PSYoungGen: 167147K->29606K(192512K)] 321280K->184044K(716800K), 0.0061943 secs] [Times: user=0.05 sys=0.00, real=0.01 secs] 
2016-09-13T18:02:29.540-0400: 211.706: [GC (GCLocker Initiated GC) [PSYoungGen: 155558K->46377K(192000K)] 310057K->205725K(716288K), 0.0074720 secs] [Times: user=0.08 sys=0.00, real=0.01 secs] 
2016-09-13T18:02:29.718-0400: 211.884: [GC (GCLocker Initiated GC) [PSYoungGen: 172329K->43312K(193536K)] 332028K->207843K(717824K), 0.0342727 secs] [Times: user=0.47 sys=0.00, real=0.03 secs] 
2016-09-13T18:02:29.933-0400: 212.098: [GC (Allocation Failure) [PSYoungGen: 173360K->41731K(194560K)] 338235K->206934K(718848K), 0.0097588 secs] [Times: user=0.14 sys=0.00, real=0.01 secs] 
2016-09-13T18:02:30.142-0400: 212.307: [GC (GCLocker Initiated GC) [PSYoungGen: 171779K->39924K(196096K)] 336993K->205245K(720384K), 0.0146098 secs] [Times: user=0.10 sys=0.00, real=0.02 secs] 
2016-09-13T18:02:30.395-0400: 212.561: [GC (Allocation Failure) [PSYoungGen: 175604K->23431K(196096K)] 342678K->190619K(720384K), 0.0267738 secs] [Times: user=0.23 sys=0.01, real=0.03 secs] 
2016-09-13T18:02:30.627-0400: 212.792: [GC (GCLocker Initiated GC) [PSYoungGen: 158513K->46281K(199680K)] 327221K->215272K(723968K), 0.0298747 secs] [Times: user=0.33 sys=0.00, real=0.04 secs] 
2016-09-13T18:02:30.849-0400: 213.014: [GC (GCLocker Initiated GC) [PSYoungGen: 184521K->9677K(147968K)] 359590K->184954K(672256K), 0.0113963 secs] [Times: user=0.10 sys=0.00, real=0.01 secs] 
2016-09-13T18:02:31.048-0400: 213.213: [GC (GCLocker Initiated GC) [PSYoungGen: 147917K->49378K(194048K)] 323202K->224823K(718336K), 0.0132327 secs] [Times: user=0.14 sys=0.00, real=0.01 secs] 
2016-09-13T18:02:31.271-0400: 213.437: [GC (GCLocker Initiated GC) [PSYoungGen: 178402K->43025K(195584K)] 354081K->218842K(719872K), 0.0173703 secs] [Times: user=0.17 sys=0.00, real=0.02 secs] 
2016-09-13T18:02:31.499-0400: 213.665: [GC (Allocation Failure) [PSYoungGen: 172049K->43116K(193024K)] 349684K->220807K(717312K), 0.0144207 secs] [Times: user=0.13 sys=0.00, real=0.01 secs] 
2016-09-13T18:02:31.687-0400: 213.852: [GC (GCLocker Initiated GC) [PSYoungGen: 167708K->23405K(194560K)] 351474K->207388K(718848K), 0.0145137 secs] [Times: user=0.15 sys=0.00, real=0.02 secs] 
2016-09-13T18:02:31.899-0400: 214.064: [GC (GCLocker Initiated GC) [PSYoungGen: 153453K->44673K(197632K)] 343794K->235153K(721920K), 0.0165017 secs] [Times: user=0.18 sys=0.00, real=0.01 secs] 
2016-09-13T18:02:32.111-0400: 214.277: [GC (GCLocker Initiated GC) [PSYoungGen: 177793K->64506K(197632K)] 368360K->255268K(721920K), 0.0454215 secs] [Times: user=0.52 sys=0.01, real=0.05 secs] 
2016-09-13T18:02:32.350-0400: 214.515: [GC (GCLocker Initiated GC) [PSYoungGen: 197626K->21954K(182272K)] 391573K->222286K(706560K), 0.0115167 secs] [Times: user=0.13 sys=0.01, real=0.01 secs] 
2016-09-13T18:02:32.530-0400: 214.695: [GC (GCLocker Initiated GC) [PSYoungGen: 139714K->46309K(189952K)] 340154K->246967K(714240K), 0.0064902 secs] [Times: user=0.06 sys=0.01, real=0.01 secs] 
2016-09-13T18:02:32.703-0400: 214.868: [GC (GCLocker Initiated GC) [PSYoungGen: 164069K->46383K(187904K)] 364972K->247417K(712192K), 0.0144693 secs] [Times: user=0.16 sys=0.00, real=0.02 secs] 
2016-09-13T18:02:32.916-0400: 215.081: [GC (GCLocker Initiated GC) [PSYoungGen: 165167K->28051K(189440K)] 366240K->229342K(713728K), 0.0150303 secs] [Times: user=0.17 sys=0.00, real=0.01 secs] 
2016-09-13T18:02:33.100-0400: 215.265: [GC (GCLocker Initiated GC) [PSYoungGen: 146835K->61623K(181248K)] 349846K->267889K(705536K), 0.0255835 secs] [Times: user=0.30 sys=0.01, real=0.02 secs] 
2016-09-13T18:02:33.302-0400: 215.467: [GC (GCLocker Initiated GC) [PSYoungGen: 173239K->9858K(121856K)] 387241K->224041K(646144K), 0.0029820 secs] [Times: user=0.02 sys=0.00, real=0.00 secs] 
2016-09-13T18:02:33.499-0400: 215.664: [GC (GCLocker Initiated GC) [PSYoungGen: 121474K->23623K(186368K)] 349498K->251911K(710656K), 0.0185297 secs] [Times: user=0.21 sys=0.00, real=0.02 secs] 
2016-09-13T18:02:33.679-0400: 215.845: [GC (GCLocker Initiated GC) [PSYoungGen: 132679K->46468K(155648K)] 362593K->276549K(679936K), 0.0068207 secs] [Times: user=0.09 sys=0.01, real=0.00 secs] 
2016-09-13T18:02:33.848-0400: 216.013: [GC (GCLocker Initiated GC) [PSYoungGen: 155524K->46409K(184832K)] 385941K->277118K(709120K), 0.0084733 secs] [Times: user=0.08 sys=0.00, real=0.01 secs] 
2016-09-13T18:02:34.046-0400: 216.212: [GC (Allocation Failure) [PSYoungGen: 155977K->28057K(184320K)] 392805K->265126K(708608K), 0.0064811 secs] [Times: user=0.07 sys=0.00, real=0.01 secs] 
2016-09-13T18:02:34.216-0400: 216.381: [GC (GCLocker Initiated GC) [PSYoungGen: 137625K->29383K(185344K)] 374697K->266545K(709632K), 0.0215881 secs] [Times: user=0.13 sys=0.00, real=0.02 secs] 
2016-09-13T18:02:34.430-0400: 216.595: [GC (GCLocker Initiated GC) [PSYoungGen: 143559K->50716K(185344K)] 380760K->288177K(709632K), 0.0114203 secs] [Times: user=0.07 sys=0.00, real=0.01 secs] 
2016-09-13T18:02:34.609-0400: 216.775: [GC (Allocation Failure) [PSYoungGen: 164892K->49319K(188416K)] 402417K->288525K(712704K), 0.0089851 secs] [Times: user=0.09 sys=0.00, real=0.01 secs] 
2016-09-13T18:02:34.771-0400: 216.936: [GC (GCLocker Initiated GC) [PSYoungGen: 165031K->32773K(148992K)] 404240K->282830K(673280K), 0.0104428 secs] [Times: user=0.10 sys=0.00, real=0.01 secs] 
2016-09-13T18:02:34.945-0400: 217.110: [GC (Allocation Failure) [PSYoungGen: 148485K->23436K(187904K)] 400083K->275197K(712192K), 0.0104861 secs] [Times: user=0.12 sys=0.00, real=0.01 secs] 
2016-09-13T18:02:35.143-0400: 217.308: [GC (GCLocker Initiated GC) [PSYoungGen: 137353K->27806K(187392K)] 395189K->285911K(711680K), 0.0100810 secs] [Times: user=0.09 sys=0.00, real=0.01 secs] 
2016-09-13T18:02:35.346-0400: 217.511: [GC (Allocation Failure) [PSYoungGen: 144542K->23500K(189952K)] 410478K->289550K(714240K), 0.0229230 secs] [Times: user=0.29 sys=0.01, real=0.03 secs] 
2016-09-13T18:02:35.558-0400: 217.724: [GC (GCLocker Initiated GC) [PSYoungGen: 143447K->23532K(188928K)] 411015K->291358K(713216K), 0.0109694 secs] [Times: user=0.10 sys=0.01, real=0.01 secs] 
2016-09-13T18:02:35.748-0400: 217.913: [GC (GCLocker Initiated GC) [PSYoungGen: 144876K->40142K(193536K)] 414447K->309832K(717824K), 0.0060374 secs] [Times: user=0.04 sys=0.01, real=0.00 secs] 
2016-09-13T18:02:35.960-0400: 218.125: [GC (GCLocker Initiated GC) [PSYoungGen: 167118K->41565K(192512K)] 438472K->313163K(716800K), 0.0229018 secs] [Times: user=0.21 sys=0.00, real=0.02 secs] 
2016-09-13T18:02:36.166-0400: 218.332: [GC (GCLocker Initiated GC) [PSYoungGen: 168541K->8244K(193536K)] 446317K->304447K(717824K), 0.0248054 secs] [Times: user=0.26 sys=0.00, real=0.03 secs] 
2016-09-13T18:02:36.387-0400: 218.552: [GC (GCLocker Initiated GC) [PSYoungGen: 136756K->23745K(195072K)] 436185K->323387K(719360K), 0.0127800 secs] [Times: user=0.13 sys=0.00, real=0.02 secs] 
2016-09-13T18:02:36.606-0400: 218.771: [GC (GCLocker Initiated GC) [PSYoungGen: 152257K->41656K(194560K)] 452112K->341645K(718848K), 0.0195388 secs] [Times: user=0.20 sys=0.00, real=0.02 secs] 
2016-09-13T18:02:36.807-0400: 218.972: [GC (GCLocker Initiated GC) [PSYoungGen: 171704K->27928K(195072K)] 471715K->328117K(719360K), 0.0167967 secs] [Times: user=0.13 sys=0.01, real=0.02 secs] 
2016-09-13T18:02:37.050-0400: 219.216: [GC (GCLocker Initiated GC) [PSYoungGen: 157976K->46249K(193536K)] 458431K->357619K(717824K), 0.0142829 secs] [Times: user=0.13 sys=0.00, real=0.01 secs] 
2016-09-13T18:02:37.255-0400: 219.421: [GC (GCLocker Initiated GC) [PSYoungGen: 176809K->49474K(180224K)] 494425K->367332K(704512K), 0.0174561 secs] [Times: user=0.19 sys=0.00, real=0.02 secs] 
2016-09-13T18:02:37.465-0400: 219.631: [GC (GCLocker Initiated GC) [PSYoungGen: 180034K->26473K(196096K)] 503974K->352047K(720384K), 0.0054804 secs] [Times: user=0.04 sys=0.00, real=0.01 secs] 
2016-09-13T18:02:37.660-0400: 219.826: [GC (Allocation Failure) [PSYoungGen: 154985K->41602K(170496K)] 482370K->375272K(694784K), 0.0121373 secs] [Times: user=0.11 sys=0.01, real=0.01 secs] 
2016-09-13T18:02:37.878-0400: 220.044: [GC (GCLocker Initiated GC) [PSYoungGen: 170114K->39988K(195072K)] 503787K->373812K(719360K), 0.0074809 secs] [Times: user=0.04 sys=0.00, real=0.00 secs] 
2016-09-13T18:02:38.117-0400: 220.283: [GC (Allocation Failure) [PSYoungGen: 169524K->21726K(194048K)] 515819K->368069K(718336K), 0.0236879 secs] [Times: user=0.21 sys=0.00, real=0.02 secs] 
2016-09-13T18:02:38.313-0400: 220.478: [GC (GCLocker Initiated GC) [PSYoungGen: 151262K->27992K(195072K)] 497608K->374452K(719360K), 0.0199249 secs] [Times: user=0.21 sys=0.00, real=0.02 secs] 
2016-09-13T18:02:38.518-0400: 220.683: [GC (GCLocker Initiated GC) [PSYoungGen: 161624K->44640K(195584K)] 508358K->391634K(719872K), 0.0236793 secs] [Times: user=0.20 sys=0.00, real=0.02 secs] 
2016-09-13T18:02:38.765-0400: 220.931: [GC (GCLocker Initiated GC) [PSYoungGen: 178272K->27924K(198144K)] 525423K->375210K(722432K), 0.0291137 secs] [Times: user=0.33 sys=0.00, real=0.03 secs] 
2016-09-13T18:02:38.972-0400: 221.138: [GC (GCLocker Initiated GC) [PSYoungGen: 165140K->55457K(193024K)] 514008K->404530K(717312K), 0.0102732 secs] [Times: user=0.11 sys=0.00, real=0.01 secs] 
2016-09-13T18:02:39.182-0400: 221.347: [GC (GCLocker Initiated GC) [PSYoungGen: 192673K->29511K(197120K)] 541769K->383518K(721408K), 0.0281814 secs] [Times: user=0.29 sys=0.00, real=0.03 secs] 
2016-09-13T18:02:39.404-0400: 221.570: [GC (GCLocker Initiated GC) [PSYoungGen: 160071K->46249K(195584K)] 514321K->406819K(719872K), 0.0217205 secs] [Times: user=0.20 sys=0.00, real=0.02 secs] 
2016-09-13T18:02:39.646-0400: 221.811: [GC (GCLocker Initiated GC) [PSYoungGen: 176809K->21826K(196608K)] 549710K->401004K(720896K), 0.0189617 secs] [Times: user=0.19 sys=0.00, real=0.02 secs] 
2016-09-13T18:02:39.847-0400: 222.013: [GC (GCLocker Initiated GC) [PSYoungGen: 152386K->28024K(158720K)] 539431K->415220K(683008K), 0.0114390 secs] [Times: user=0.12 sys=0.00, real=0.02 secs] 
2016-09-13T18:02:40.064-0400: 222.229: [GC (GCLocker Initiated GC) [PSYoungGen: 158584K->53848K(189440K)] 545869K->441272K(713728K), 0.0113074 secs] [Times: user=0.11 sys=0.00, real=0.01 secs] 
2016-09-13T18:02:40.255-0400: 222.420: [GC (GCLocker Initiated GC) [PSYoungGen: 179800K->43216K(194048K)] 568924K->440077K(718336K), 0.0186425 secs] [Times: user=0.17 sys=0.00, real=0.02 secs] 
2016-09-13T18:02:40.473-0400: 222.639: [GC (GCLocker Initiated GC) [PSYoungGen: 169168K->41726K(190464K)] 566030K->438872K(714752K), 0.0137606 secs] [Times: user=0.15 sys=0.00, real=0.01 secs] 
2016-09-13T18:02:40.671-0400: 222.837: [GC (Allocation Failure) [PSYoungGen: 168190K->44640K(192512K)] 565512K->442033K(716800K), 0.0353681 secs] [Times: user=0.35 sys=0.01, real=0.03 secs] 
2016-09-13T18:02:40.908-0400: 223.074: [GC (GCLocker Initiated GC) [PSYoungGen: 170820K->65898K(181760K)] 569732K->464933K(706048K), 0.0288790 secs] [Times: user=0.29 sys=0.00, real=0.03 secs] 
2016-09-13T18:02:41.087-0400: 223.253: [GC (GCLocker Initiated GC) [PSYoungGen: 181610K->28115K(188928K)] 592867K->439526K(713216K), 0.0099869 secs] [Times: user=0.07 sys=0.01, real=0.02 secs] 
2016-09-13T18:02:41.268-0400: 223.434: [GC (GCLocker Initiated GC) [PSYoungGen: 143827K->41788K(183808K)] 558438K->456659K(708096K), 0.0219874 secs] [Times: user=0.19 sys=0.00, real=0.02 secs] 
2016-09-13T18:02:41.473-0400: 223.639: [GC (GCLocker Initiated GC) [PSYoungGen: 158524K->41689K(186880K)] 573596K->457092K(711168K), 0.0224690 secs] [Times: user=0.23 sys=0.00, real=0.03 secs] 
2016-09-13T18:02:41.654-0400: 223.820: [GC (GCLocker Initiated GC) [PSYoungGen: 158425K->35869K(187392K)] 579976K->457532K(711680K), 0.0172207 secs] [Times: user=0.19 sys=0.00, real=0.02 secs] 
2016-09-13T18:02:41.855-0400: 224.020: [GC (GCLocker Initiated GC) [PSYoungGen: 160285K->50933K(189952K)] 581973K->477411K(714240K), 0.0089154 secs] [Times: user=0.08 sys=0.00, real=0.01 secs] 
2016-09-13T18:02:42.056-0400: 224.221: [GC (GCLocker Initiated GC) [PSYoungGen: 175349K->43312K(195072K)] 603586K->481009K(719360K), 0.0178386 secs] [Times: user=0.18 sys=0.00, real=0.02 secs] 
2016-09-13T18:02:42.264-0400: 224.430: [GC (GCLocker Initiated GC) [PSYoungGen: 172848K->46191K(195072K)] 610726K->484286K(719360K), 0.0247780 secs] [Times: user=0.23 sys=0.00, real=0.03 secs] 
2016-09-13T18:02:42.480-0400: 224.645: [GC (GCLocker Initiated GC) [PSYoungGen: 175727K->46191K(196096K)] 614018K->484671K(720384K), 0.0192340 secs] [Times: user=0.17 sys=0.00, real=0.02 secs] 
2016-09-13T18:02:42.699-0400: 224.864: [GC (GCLocker Initiated GC) [PSYoungGen: 177775K->46217K(196096K)] 622388K->491016K(720384K), 0.0071557 secs] [Times: user=0.05 sys=0.00, real=0.00 secs] 
2016-09-13T18:02:42.898-0400: 225.064: [GC (GCLocker Initiated GC) [PSYoungGen: 177801K->58214K(190976K)] 622744K->503440K(715264K), 0.0169689 secs] [Times: user=0.15 sys=0.00, real=0.01 secs] 
2016-09-13T18:02:43.168-0400: 225.334: [GC (GCLocker Initiated GC) [PSYoungGen: 185190K->5365K(132608K)] 638140K->459914K(656896K), 0.0083198 secs] [Times: user=0.07 sys=0.00, real=0.01 secs] 
2016-09-13T18:02:43.384-0400: 225.550: [GC (GCLocker Initiated GC) [PSYoungGen: 132341K->29479K(191488K)] 593092K->490620K(715776K), 0.0245897 secs] [Times: user=0.26 sys=0.00, real=0.03 secs] 
2016-09-13T18:02:43.553-0400: 225.718: [GC (GCLocker Initiated GC) [PSYoungGen: 149287K->30940K(151040K)] 616546K->498518K(675328K), 0.0149969 secs] [Times: user=0.15 sys=0.00, real=0.01 secs] 
2016-09-13T18:02:43.750-0400: 225.916: [GC (Allocation Failure) [PSYoungGen: 150748K->23345K(188928K)] 620006K->494343K(713216K), 0.0059603 secs] [Times: user=0.04 sys=0.00, real=0.01 secs] 
2016-09-13T18:02:43.958-0400: 226.123: [GC (GCLocker Initiated GC) [PSYoungGen: 143665K->30880K(188416K)] 614666K->502106K(712704K), 0.0109408 secs] [Times: user=0.08 sys=0.00, real=0.01 secs] 
2016-09-13T18:02:44.123-0400: 226.288: [GC (GCLocker Initiated GC) [PSYoungGen: 151200K->41689K(192512K)] 622538K->513122K(716800K), 0.0082612 secs] [Times: user=0.08 sys=0.00, real=0.01 secs] 
2016-09-13T18:02:44.324-0400: 226.490: [GC (GCLocker Initiated GC) [PSYoungGen: 168153K->46292K(191488K)] 639662K->525648K(715776K), 0.0188238 secs] [Times: user=0.23 sys=0.00, real=0.02 secs] 
2016-09-13T18:02:44.561-0400: 226.727: [GC (Allocation Failure) [PSYoungGen: 172756K->41475K(195072K)] 652243K->522666K(719360K), 0.0098877 secs] [Times: user=0.08 sys=0.00, real=0.01 secs] 
2016-09-13T18:02:44.782-0400: 226.947: [GC (GCLocker Initiated GC) [PSYoungGen: 172547K->27902K(195584K)] 659823K->515375K(719872K), 0.0087463 secs] [Times: user=0.09 sys=0.00, real=0.01 secs] 
2016-09-13T18:02:45.002-0400: 227.168: [GC (GCLocker Initiated GC) [PSYoungGen: 158974K->23437K(197120K)] 649707K->514321K(721408K), 0.0234651 secs] [Times: user=0.21 sys=0.00, real=0.02 secs] 
2016-09-13T18:02:45.213-0400: 227.379: [GC (GCLocker Initiated GC) --[PSYoungGen: 157069K->157069K(197120K)] 647989K->678553K(721408K), 0.0228427 secs] [Times: user=0.23 sys=0.00, real=0.03 secs] 
2016-09-13T18:02:45.236-0400: 227.402: [Full GC (Ergonomics) [PSYoungGen: 157069K->0K(197120K)] [ParOldGen: 521484K->40765K(524288K)] 678553K->40765K(721408K), [Metaspace: 44668K->44668K(1087488K)], 0.0592625 secs] [Times: user=0.29 sys=0.01, real=0.05 secs] 
2016-09-13T18:02:45.481-0400: 227.647: [GC (GCLocker Initiated GC) [PSYoungGen: 133632K->58777K(192512K)] 180526K->123896K(716800K), 0.0075616 secs] [Times: user=0.08 sys=0.00, real=0.01 secs] 
2016-09-13T18:02:45.666-0400: 227.832: [GC (GCLocker Initiated GC) [PSYoungGen: 192409K->22268K(193536K)] 266769K->132133K(717824K), 0.0082584 secs] [Times: user=0.09 sys=0.00, real=0.01 secs] 
2016-09-13T18:02:45.865-0400: 228.031: [GC (GCLocker Initiated GC) [PSYoungGen: 146684K->46377K(193024K)] 256590K->156540K(717312K), 0.0075219 secs] [Times: user=0.08 sys=0.00, real=0.01 secs] 
2016-09-13T18:02:46.051-0400: 228.216: [GC (GCLocker Initiated GC) [PSYoungGen: 170793K->55517K(185856K)] 280978K->165936K(710144K), 0.0106689 secs] [Times: user=0.13 sys=0.00, real=0.01 secs] 
2016-09-13T18:02:46.269-0400: 228.435: [GC (GCLocker Initiated GC) [PSYoungGen: 172253K->14355K(131584K)] 295001K->138818K(655872K), 0.0161052 secs] [Times: user=0.15 sys=0.00, real=0.01 secs] 
2016-09-13T18:02:46.452-0400: 228.618: [GC (Allocation Failure) [PSYoungGen: 131091K->40047K(190976K)] 255752K->164937K(715264K), 0.0071333 secs] [Times: user=0.05 sys=0.00, real=0.01 secs] 
2016-09-13T18:02:46.650-0400: 228.816: [GC (GCLocker Initiated GC) [PSYoungGen: 153986K->9698K(188416K)] 284951K->140793K(712704K), 0.0062706 secs] [Times: user=0.05 sys=0.01, real=0.01 secs] 
2016-09-13T18:02:46.864-0400: 229.030: [GC (Allocation Failure) [PSYoungGen: 126946K->9698K(189440K)] 270425K->153378K(713728K), 0.0111283 secs] [Times: user=0.10 sys=0.00, real=0.01 secs] 
2016-09-13T18:02:47.071-0400: 229.237: [GC (GCLocker Initiated GC) [PSYoungGen: 125692K->9735K(189440K)] 275448K->159677K(713728K), 0.0055774 secs] [Times: user=0.03 sys=0.01, real=0.01 secs] 
2016-09-13T18:02:47.259-0400: 229.425: [GC (GCLocker Initiated GC) [PSYoungGen: 126471K->8184K(187392K)] 288587K->170502K(711680K), 0.0116795 secs] [Times: user=0.11 sys=0.01, real=0.01 secs] 
2016-09-13T18:02:47.452-0400: 229.617: [GC (GCLocker Initiated GC) [PSYoungGen: 124920K->23504K(140288K)] 296557K->201460K(664576K), 0.0117967 secs] [Times: user=0.10 sys=0.00, real=0.01 secs] 
2016-09-13T18:02:47.655-0400: 229.820: [GC (GCLocker Initiated GC) [PSYoungGen: 140240K->44667K(185344K)] 318282K->222876K(709632K), 0.0064475 secs] [Times: user=0.05 sys=0.00, real=0.01 secs] 
2016-09-13T18:02:47.841-0400: 230.007: [GC (GCLocker Initiated GC) [PSYoungGen: 161915K->26446K(187904K)] 340305K->204965K(712192K), 0.0153435 secs] [Times: user=0.14 sys=0.00, real=0.02 secs] 
2016-09-13T18:02:48.030-0400: 230.196: [GC (GCLocker Initiated GC) [PSYoungGen: 143694K->23340K(186368K)] 322394K->202292K(710656K), 0.0509331 secs] [Times: user=0.47 sys=0.00, real=0.05 secs] 
2016-09-13T18:02:48.256-0400: 230.421: [GC (GCLocker Initiated GC) [PSYoungGen: 147756K->25022K(188416K)] 334459K->211903K(712704K), 0.0175742 secs] [Times: user=0.17 sys=0.00, real=0.01 secs] 
2016-09-13T18:02:48.452-0400: 230.618: [GC (GCLocker Initiated GC) [PSYoungGen: 149438K->34131K(197120K)] 336512K->221443K(721408K), 0.0050422 secs] [Times: user=0.04 sys=0.00, real=0.01 secs] 
2016-09-13T18:02:48.647-0400: 230.812: [GC (GCLocker Initiated GC) [PSYoungGen: 171347K->44831K(197120K)] 358737K->238646K(721408K), 0.0344730 secs] [Times: user=0.35 sys=0.00, real=0.04 secs] 
2016-09-13T18:02:48.881-0400: 231.046: [GC (Allocation Failure) [PSYoungGen: 182047K->51029K(189952K)] 376105K->245261K(714240K), 0.0109833 secs] [Times: user=0.12 sys=0.00, real=0.01 secs] 
2016-09-13T18:02:49.095-0400: 231.260: [GC (GCLocker Initiated GC) [PSYoungGen: 178005K->41788K(194560K)] 372238K->236085K(718848K), 0.0098373 secs] [Times: user=0.08 sys=0.01, real=0.01 secs] 
2016-09-13T18:02:49.326-0400: 231.491: [GC (GCLocker Initiated GC) [PSYoungGen: 168764K->29512K(188416K)] 375249K->236281K(712704K), 0.0328524 secs] [Times: user=0.32 sys=0.00, real=0.04 secs] 
2016-09-13T18:02:49.513-0400: 231.679: [GC (GCLocker Initiated GC) [PSYoungGen: 156488K->55430K(191488K)] 363312K->268559K(715776K), 0.0224212 secs] [Times: user=0.24 sys=0.01, real=0.03 secs] 
2016-09-13T18:02:49.706-0400: 231.871: [GC (GCLocker Initiated GC) [PSYoungGen: 182406K->46288K(190976K)] 395626K->265757K(715264K), 0.0091576 secs] [Times: user=0.09 sys=0.00, real=0.01 secs] 
2016-09-13T18:02:49.899-0400: 232.065: [GC (Allocation Failure) [PSYoungGen: 167120K->55362K(176640K)] 386693K->275089K(700928K), 0.0254324 secs] [Times: user=0.25 sys=0.01, real=0.02 secs] 
2016-09-13T18:02:50.092-0400: 232.258: [GC (GCLocker Initiated GC) [PSYoungGen: 176194K->61379K(177664K)] 395927K->288900K(701952K), 0.0215053 secs] [Times: user=0.23 sys=0.01, real=0.02 secs] 
2016-09-13T18:02:50.291-0400: 232.457: [GC (GCLocker Initiated GC) [PSYoungGen: 164803K->23504K(182784K)] 407740K->266572K(707072K), 0.0209370 secs] [Times: user=0.23 sys=0.00, real=0.02 secs] 
2016-09-13T18:02:50.475-0400: 232.640: [GC (GCLocker Initiated GC) [PSYoungGen: 126928K->46222K(179712K)] 371724K->291234K(704000K), 0.0068428 secs] [Times: user=0.05 sys=0.00, real=0.01 secs] 
2016-09-13T18:02:50.659-0400: 232.824: [GC (GCLocker Initiated GC) [PSYoungGen: 150670K->50742K(181760K)] 401785K->302043K(706048K), 0.0070764 secs] [Times: user=0.05 sys=0.01, real=0.00 secs] 
2016-09-13T18:02:50.818-0400: 232.983: [GC (GCLocker Initiated GC) [PSYoungGen: 155190K->28247K(181248K)] 408075K->296466K(705536K), 0.0153257 secs] [Times: user=0.16 sys=0.00, real=0.01 secs] 
2016-09-13T18:02:51.007-0400: 233.172: [GC (Allocation Failure) [PSYoungGen: 135255K->12837K(182784K)] 411087K->293489K(707072K), 0.0142213 secs] [Times: user=0.10 sys=0.01, real=0.02 secs] 
2016-09-13T18:02:51.193-0400: 233.359: [GC (Allocation Failure) [PSYoungGen: 118998K->23372K(184320K)] 399650K->311823K(708608K), 0.0218442 secs] [Times: user=0.22 sys=0.01, real=0.02 secs] 
2016-09-13T18:02:51.401-0400: 233.567: [GC (GCLocker Initiated GC) [PSYoungGen: 130216K->23250K(184832K)] 424742K->317954K(709120K), 0.0118685 secs] [Times: user=0.10 sys=0.00, real=0.01 secs] 
2016-09-13T18:02:51.556-0400: 233.721: [GC (Allocation Failure) [PSYoungGen: 132818K->41747K(185856K)] 429267K->338268K(710144K), 0.0162061 secs] [Times: user=0.16 sys=0.00, real=0.01 secs] 
2016-09-13T18:02:51.721-0400: 233.886: [GC (GCLocker Initiated GC) [PSYoungGen: 152905K->28083K(185344K)] 455500K->330809K(709632K), 0.0100329 secs] [Times: user=0.10 sys=0.00, real=0.01 secs] 
2016-09-13T18:02:51.911-0400: 234.076: [GC (GCLocker Initiated GC) [PSYoungGen: 141235K->58373K(181248K)] 444089K->361394K(705536K), 0.0188080 secs] [Times: user=0.18 sys=0.01, real=0.02 secs] 
2016-09-13T18:02:52.107-0400: 234.273: [GC (Allocation Failure) [PSYoungGen: 169989K->24892K(186880K)] 473024K->328062K(711168K), 0.0195157 secs] [Times: user=0.16 sys=0.00, real=0.02 secs] 
2016-09-13T18:02:52.277-0400: 234.443: [GC (GCLocker Initiated GC) [PSYoungGen: 135983K->44581K(183808K)] 440673K->349476K(708096K), 0.0190119 secs] [Times: user=0.19 sys=0.00, real=0.02 secs] 
2016-09-13T18:02:52.451-0400: 234.616: [GC (GCLocker Initiated GC) [PSYoungGen: 158245K->49288K(186368K)] 463160K->354274K(710656K), 0.0313332 secs] [Times: user=0.35 sys=0.01, real=0.03 secs] 
2016-09-13T18:02:52.657-0400: 234.822: [GC (GCLocker Initiated GC) [PSYoungGen: 162952K->24955K(187904K)] 474267K->337912K(712192K), 0.0065204 secs] [Times: user=0.06 sys=0.00, real=0.00 secs] 
2016-09-13T18:02:52.847-0400: 235.013: [GC (GCLocker Initiated GC) [PSYoungGen: 140155K->6859K(187904K)] 466814K->333695K(712192K), 0.0142073 secs] [Times: user=0.18 sys=0.00, real=0.02 secs] 
2016-09-13T18:02:53.060-0400: 235.225: [GC (Allocation Failure) [PSYoungGen: 122059K->23713K(185856K)] 456729K->372239K(710144K), 0.0065773 secs] [Times: user=0.09 sys=0.00, real=0.00 secs] 
2016-09-13T18:02:53.245-0400: 235.410: [GC (GCLocker Initiated GC) [PSYoungGen: 133812K->9980K(186880K)] 488412K->364783K(711168K), 0.0051455 secs] [Times: user=0.05 sys=0.00, real=0.01 secs] 
2016-09-13T18:02:53.445-0400: 235.611: [GC (GCLocker Initiated GC) [PSYoungGen: 125180K->27748K(183296K)] 481679K->384448K(707584K), 0.0153034 secs] [Times: user=0.16 sys=0.00, real=0.02 secs] 
2016-09-13T18:02:53.647-0400: 235.812: [GC (Allocation Failure) [PSYoungGen: 146532K->28024K(186880K)] 503332K->390980K(711168K), 0.0265583 secs] [Times: user=0.18 sys=0.00, real=0.03 secs] 
2016-09-13T18:02:53.674-0400: 235.839: [GC (GCLocker Initiated GC) [PSYoungGen: 28037K->32K(192512K)] 390992K->399997K(716800K), 0.0068313 secs] [Times: user=0.09 sys=0.00, real=0.01 secs] 
2016-09-13T18:02:53.870-0400: 236.036: [GC (GCLocker Initiated GC) [PSYoungGen: 125140K->46403K(174592K)] 531180K->452443K(698880K), 0.0105276 secs] [Times: user=0.08 sys=0.00, real=0.01 secs] 
2016-09-13T18:02:54.068-0400: 236.234: [GC (GCLocker Initiated GC) [PSYoungGen: 174403K->26665K(196608K)] 580624K->474344K(720896K), 0.0118770 secs] [Times: user=0.14 sys=0.00, real=0.01 secs] 
2016-09-13T18:02:54.248-0400: 236.413: [GC (GCLocker Initiated GC) [PSYoungGen: 153641K->47868K(192512K)] 603009K->497536K(716800K), 0.0069801 secs] [Times: user=0.08 sys=0.00, real=0.00 secs] 
2016-09-13T18:02:54.453-0400: 236.618: [GC (Allocation Failure) [PSYoungGen: 174844K->41662K(192000K)] 624738K->491698K(716288K), 0.0102560 secs] [Times: user=0.11 sys=0.00, real=0.01 secs] 
2016-09-13T18:02:54.464-0400: 236.629: [GC (GCLocker Initiated GC) [PSYoungGen: 41855K->32K(123392K)] 491891K->496057K(647680K), 0.0089431 secs] [Times: user=0.11 sys=0.01, real=0.01 secs] 
2016-09-13T18:02:54.473-0400: 236.638: [Full GC (Ergonomics) [PSYoungGen: 32K->0K(123392K)] [ParOldGen: 496025K->39517K(524288K)] 496057K->39517K(647680K), [Metaspace: 44676K->44676K(1087488K)], 0.0575201 secs] [Times: user=0.48 sys=0.00, real=0.06 secs] 
2016-09-13T18:02:54.691-0400: 236.856: [GC (GCLocker Initiated GC) [PSYoungGen: 121928K->58623K(177664K)] 167521K->104216K(701952K), 0.0075152 secs] [Times: user=0.10 sys=0.00, real=0.01 secs] 
2016-09-13T18:02:54.852-0400: 237.017: [GC (GCLocker Initiated GC) [PSYoungGen: 165119K->17716K(184320K)] 222928K->107833K(708608K), 0.0065561 secs] [Times: user=0.08 sys=0.00, real=0.01 secs] 
2016-09-13T18:02:55.056-0400: 237.221: [GC (GCLocker Initiated GC) [PSYoungGen: 124212K->27993K(174080K)] 221932K->130475K(698368K), 0.0070345 secs] [Times: user=0.06 sys=0.00, real=0.00 secs] 
2016-09-13T18:02:55.222-0400: 237.388: [GC (GCLocker Initiated GC) [PSYoungGen: 136537K->35587K(180224K)] 239072K->138210K(704512K), 0.0138213 secs] [Times: user=0.15 sys=0.00, real=0.02 secs] 
2016-09-13T18:02:55.398-0400: 237.563: [GC (GCLocker Initiated GC) [PSYoungGen: 144131K->32735K(182272K)] 248299K->144601K(706560K), 0.0062602 secs] [Times: user=0.06 sys=0.00, real=0.00 secs] 
2016-09-13T18:02:55.573-0400: 237.738: [GC (GCLocker Initiated GC) [PSYoungGen: 153567K->24956K(187392K)] 265522K->150746K(711680K), 0.0075770 secs] [Times: user=0.10 sys=0.00, real=0.01 secs] 
2016-09-13T18:02:55.811-0400: 237.976: [GC (Allocation Failure) [PSYoungGen: 145788K->9799K(193024K)] 283999K->148091K(717312K), 0.0107628 secs] [Times: user=0.14 sys=0.00, real=0.01 secs] 
2016-09-13T18:02:56.003-0400: 238.169: [GC (GCLocker Initiated GC) [PSYoungGen: 141383K->38757K(195584K)] 279678K->177155K(719872K), 0.0084679 secs] [Times: user=0.09 sys=0.00, real=0.01 secs] 
2016-09-13T18:02:56.226-0400: 238.391: [GC (Allocation Failure) [PSYoungGen: 170341K->22044K(193536K)] 310434K->168374K(717824K), 0.0238991 secs] [Times: user=0.30 sys=0.01, real=0.03 secs] 
2016-09-13T18:02:56.445-0400: 238.611: [GC (GCLocker Initiated GC) [PSYoungGen: 155676K->32651K(195584K)] 308081K->185298K(719872K), 0.0058886 secs] [Times: user=0.08 sys=0.00, real=0.01 secs] 
2016-09-13T18:02:56.691-0400: 238.856: [GC (GCLocker Initiated GC) [PSYoungGen: 166283K->9773K(199680K)] 337297K->180894K(723968K), 0.0064659 secs] [Times: user=0.05 sys=0.00, real=0.01 secs] 
2016-09-13T18:02:56.912-0400: 239.078: [GC (GCLocker Initiated GC) [PSYoungGen: 149549K->55618K(195584K)] 322288K->234595K(719872K), 0.0131616 secs] [Times: user=0.14 sys=0.01, real=0.01 secs] 
2016-09-13T18:02:57.141-0400: 239.307: [GC (GCLocker Initiated GC) [PSYoungGen: 195394K->61506K(177152K)] 376001K->259178K(701440K), 0.0091761 secs] [Times: user=0.11 sys=0.00, real=0.01 secs] 
2016-09-13T18:02:57.306-0400: 239.472: [GC (GCLocker Initiated GC) [PSYoungGen: 172098K->44832K(186368K)] 369796K->250341K(710656K), 0.0224459 secs] [Times: user=0.32 sys=0.00, real=0.03 secs] 
2016-09-13T18:02:57.500-0400: 239.665: [GC (GCLocker Initiated GC) [PSYoungGen: 155424K->56919K(178176K)] 360965K->264294K(702464K), 0.0077053 secs] [Times: user=0.09 sys=0.00, real=0.00 secs] 
2016-09-13T18:02:57.684-0400: 239.850: [GC (GCLocker Initiated GC) [PSYoungGen: 159319K->46563K(182272K)] 366947K->266527K(706560K), 0.0086715 secs] [Times: user=0.11 sys=0.01, real=0.01 secs] 
2016-09-13T18:02:57.860-0400: 240.025: [GC (GCLocker Initiated GC) [PSYoungGen: 148963K->38816K(174592K)] 369064K->259275K(698880K), 0.0058707 secs] [Times: user=0.05 sys=0.00, real=0.00 secs] 
2016-09-13T18:02:58.015-0400: 240.180: [GC (GCLocker Initiated GC) [PSYoungGen: 141728K->50748K(178688K)] 362323K->274626K(702976K), 0.0073282 secs] [Times: user=0.08 sys=0.01, real=0.01 secs] 
2016-09-13T18:02:58.157-0400: 240.322: [GC (GCLocker Initiated GC) [PSYoungGen: 153660K->28062K(183296K)] 379277K->258405K(707584K), 0.0062351 secs] [Times: user=0.07 sys=0.00, real=0.00 secs] 
2016-09-13T18:02:58.350-0400: 240.515: [GC (Allocation Failure) [PSYoungGen: 137630K->23469K(184320K)] 374185K->260266K(708608K), 0.0116212 secs] [Times: user=0.13 sys=0.00, real=0.01 secs] 
2016-09-13T18:02:58.523-0400: 240.689: [GC (GCLocker Initiated GC) [PSYoungGen: 133037K->43216K(185344K)] 369834K->280152K(709632K), 0.0226806 secs] [Times: user=0.24 sys=0.00, real=0.02 secs] 
2016-09-13T18:02:58.740-0400: 240.906: [GC (GCLocker Initiated GC) [PSYoungGen: 156880K->26442K(186368K)] 399921K->269642K(710656K), 0.0047783 secs] [Times: user=0.04 sys=0.00, real=0.00 secs] 
2016-09-13T18:02:58.917-0400: 241.082: [GC (GCLocker Initiated GC) [PSYoungGen: 140106K->29420K(186368K)] 384934K->277350K(710656K), 0.0238359 secs] [Times: user=0.23 sys=0.00, real=0.02 secs] 
2016-09-13T18:02:59.108-0400: 241.273: [GC (GCLocker Initiated GC) [PSYoungGen: 148204K->34004K(187392K)] 396287K->282167K(711680K), 0.0220272 secs] [Times: user=0.21 sys=0.00, real=0.02 secs] 
2016-09-13T18:02:59.338-0400: 241.504: [GC (GCLocker Initiated GC) [PSYoungGen: 152788K->21926K(192512K)] 410107K->287043K(716800K), 0.0306096 secs] [Times: user=0.27 sys=0.00, real=0.03 secs] 
2016-09-13T18:02:59.551-0400: 241.717: [GC (GCLocker Initiated GC) [PSYoungGen: 148902K->47550K(191488K)] 414373K->313262K(715776K), 0.0317827 secs] [Times: user=0.34 sys=0.01, real=0.03 secs] 
2016-09-13T18:02:59.764-0400: 241.929: [GC (GCLocker Initiated GC) [PSYoungGen: 174526K->46090K(193536K)] 441950K->333394K(717824K), 0.0149129 secs] [Times: user=0.13 sys=0.00, real=0.02 secs] 
2016-09-13T18:02:59.933-0400: 242.098: [GC (GCLocker Initiated GC) [PSYoungGen: 173066K->26601K(153600K)] 468067K->321716K(677888K), 0.0124528 secs] [Times: user=0.12 sys=0.00, real=0.01 secs] 
2016-09-13T18:03:00.129-0400: 242.295: [GC (GCLocker Initiated GC) [PSYoungGen: 153577K->44608K(193536K)] 448943K->340239K(717824K), 0.0070598 secs] [Times: user=0.07 sys=0.00, real=0.01 secs] 
2016-09-13T18:03:00.343-0400: 242.509: [GC (GCLocker Initiated GC) [PSYoungGen: 172096K->9683K(194048K)] 469256K->306899K(718336K), 0.0196425 secs] [Times: user=0.26 sys=0.01, real=0.02 secs] 
2016-09-13T18:03:00.549-0400: 242.715: [GC (GCLocker Initiated GC) [PSYoungGen: 137171K->14202K(194048K)] 434535K->311646K(718336K), 0.0220445 secs] [Times: user=0.22 sys=0.01, real=0.02 secs] 
2016-09-13T18:03:00.754-0400: 242.919: [GC (GCLocker Initiated GC) [PSYoungGen: 140154K->14328K(140288K)] 437651K->311963K(664576K), 0.0033864 secs] [Times: user=0.02 sys=0.00, real=0.01 secs] 
2016-09-13T18:03:00.948-0400: 243.114: [GC (GCLocker Initiated GC) [PSYoungGen: 140280K->46224K(189952K)] 437923K->344065K(714240K), 0.0082796 secs] [Times: user=0.11 sys=0.00, real=0.01 secs] 
2016-09-13T18:03:01.186-0400: 243.351: [GC (GCLocker Initiated GC) [PSYoungGen: 169104K->9645K(192512K)] 468639K->309303K(716800K), 0.0237960 secs] [Times: user=0.25 sys=0.00, real=0.03 secs] 
2016-09-13T18:03:01.405-0400: 243.570: [GC (GCLocker Initiated GC) [PSYoungGen: 132525K->5212K(192512K)] 444374K->317279K(716800K), 0.0049255 secs] [Times: user=0.05 sys=0.00, real=0.01 secs] 
2016-09-13T18:03:01.582-0400: 243.748: [GC (GCLocker Initiated GC) [PSYoungGen: 128092K->35587K(158720K)] 440273K->347997K(683008K), 0.0105324 secs] [Times: user=0.12 sys=0.00, real=0.01 secs] 
2016-09-13T18:03:01.771-0400: 243.937: [GC (GCLocker Initiated GC) [PSYoungGen: 158467K->25173K(195072K)] 471062K->350054K(719360K), 0.0078580 secs] [Times: user=0.10 sys=0.00, real=0.01 secs] 
2016-09-13T18:03:01.994-0400: 244.159: [GC (GCLocker Initiated GC) [PSYoungGen: 151637K->29389K(156160K)] 476699K->354719K(680448K), 0.0244568 secs] [Times: user=0.20 sys=0.00, real=0.03 secs] 
2016-09-13T18:03:02.202-0400: 244.367: [GC (Allocation Failure) [PSYoungGen: 155853K->49388K(185856K)] 481298K->374979K(710144K), 0.0082608 secs] [Times: user=0.05 sys=0.00, real=0.01 secs] 
2016-09-13T18:03:02.395-0400: 244.560: [GC (GCLocker Initiated GC) [PSYoungGen: 173292K->27993K(190464K)] 498886K->359853K(714752K), 0.0184332 secs] [Times: user=0.21 sys=0.00, real=0.02 secs] 
2016-09-13T18:03:02.630-0400: 244.795: [GC (GCLocker Initiated GC) [PSYoungGen: 151897K->38816K(194048K)] 483788K->370870K(718336K), 0.0070098 secs] [Times: user=0.08 sys=0.00, real=0.01 secs] 
2016-09-13T18:03:02.815-0400: 244.980: [GC (GCLocker Initiated GC) [PSYoungGen: 170912K->41660K(195584K)] 504545K->378477K(719872K), 0.0137134 secs] [Times: user=0.11 sys=0.00, real=0.02 secs] 
2016-09-13T18:03:03.056-0400: 245.221: [GC (GCLocker Initiated GC) [PSYoungGen: 173756K->20488K(197120K)] 518225K->369774K(721408K), 0.0057109 secs] [Times: user=0.04 sys=0.00, real=0.00 secs] 
2016-09-13T18:03:03.247-0400: 245.413: [GC (GCLocker Initiated GC) [PSYoungGen: 155144K->43276K(197632K)] 505951K->394269K(721920K), 0.0171440 secs] [Times: user=0.16 sys=0.00, real=0.02 secs] 
2016-09-13T18:03:03.455-0400: 245.621: [GC (GCLocker Initiated GC) [PSYoungGen: 177932K->46254K(193536K)] 529126K->397629K(717824K), 0.0194459 secs] [Times: user=0.17 sys=0.00, real=0.02 secs] 
2016-09-13T18:03:03.683-0400: 245.849: [GC (GCLocker Initiated GC) [PSYoungGen: 175278K->44726K(174080K)] 526764K->400912K(698368K), 0.0187335 secs] [Times: user=0.19 sys=0.00, real=0.02 secs] 
2016-09-13T18:03:03.893-0400: 246.058: [GC (GCLocker Initiated GC) [PSYoungGen: 173750K->29576K(197120K)] 536120K->398109K(721408K), 0.0057569 secs] [Times: user=0.05 sys=0.00, real=0.01 secs] 
2016-09-13T18:03:04.098-0400: 246.264: [GC (GCLocker Initiated GC) [PSYoungGen: 159112K->47928K(194560K)] 535353K->424332K(718848K), 0.0148844 secs] [Times: user=0.16 sys=0.00, real=0.01 secs] 
2016-09-13T18:03:04.327-0400: 246.492: [GC (GCLocker Initiated GC) [PSYoungGen: 177464K->62860K(180736K)] 555583K->441239K(705024K), 0.0078348 secs] [Times: user=0.06 sys=0.01, real=0.01 secs] 
2016-09-13T18:03:04.515-0400: 246.680: [GC (GCLocker Initiated GC) [PSYoungGen: 176524K->44730K(187904K)] 555082K->423469K(712192K), 0.0237277 secs] [Times: user=0.21 sys=0.00, real=0.03 secs] 
2016-09-13T18:03:04.700-0400: 246.865: [GC (GCLocker Initiated GC) [PSYoungGen: 158394K->50774K(186368K)] 537164K->429686K(710656K), 0.0365946 secs] [Times: user=0.36 sys=0.00, real=0.04 secs] 
2016-09-13T18:03:04.887-0400: 247.052: [GC (Allocation Failure) [PSYoungGen: 164438K->26533K(187904K)] 549525K->420943K(712192K), 0.0084310 secs] [Times: user=0.07 sys=0.01, real=0.01 secs] 
2016-09-13T18:03:05.077-0400: 247.242: [GC (GCLocker Initiated GC) [PSYoungGen: 140197K->44608K(185856K)] 534610K->440737K(710144K), 0.0190829 secs] [Times: user=0.21 sys=0.00, real=0.02 secs] 
2016-09-13T18:03:05.253-0400: 247.419: [GC (Allocation Failure) [PSYoungGen: 159808K->43116K(186880K)] 556174K->439683K(711168K), 0.0281721 secs] [Times: user=0.29 sys=0.00, real=0.03 secs] 
2016-09-13T18:03:05.442-0400: 247.608: [GC (Allocation Failure) [PSYoungGen: 156558K->9800K(187904K)] 553126K->406636K(712192K), 0.0105974 secs] [Times: user=0.12 sys=0.00, real=0.01 secs] 
2016-09-13T18:03:05.617-0400: 247.782: [GC (GCLocker Initiated GC) [PSYoungGen: 127560K->26441K(189952K)] 524399K->423468K(714240K), 0.0135282 secs] [Times: user=0.14 sys=0.00, real=0.01 secs] 
2016-09-13T18:03:05.810-0400: 247.975: [GC (GCLocker Initiated GC) [PSYoungGen: 144201K->29484K(184832K)] 541393K->426937K(709120K), 0.0169123 secs] [Times: user=0.18 sys=0.00, real=0.01 secs] 
2016-09-13T18:03:06.006-0400: 248.172: [GC (GCLocker Initiated GC) [PSYoungGen: 149292K->30998K(187392K)] 546801K->428748K(711680K), 0.0054563 secs] [Times: user=0.04 sys=0.00, real=0.01 secs] 
2016-09-13T18:03:06.210-0400: 248.376: [GC (GCLocker Initiated GC) [PSYoungGen: 150806K->6697K(192512K)] 556394K->418620K(716800K), 0.0163893 secs] [Times: user=0.16 sys=0.00, real=0.01 secs] 
2016-09-13T18:03:06.415-0400: 248.581: [GC (Allocation Failure) [PSYoungGen: 134185K->34131K(194560K)] 546144K->446351K(718848K), 0.0065871 secs] [Times: user=0.05 sys=0.00, real=0.01 secs] 
2016-09-13T18:03:06.632-0400: 248.798: [GC (GCLocker Initiated GC) [PSYoungGen: 161619K->24924K(191488K)] 573841K->446542K(715776K), 0.0157703 secs] [Times: user=0.17 sys=0.00, real=0.02 secs] 
2016-09-13T18:03:06.851-0400: 249.016: [GC (GCLocker Initiated GC) [PSYoungGen: 155484K->9820K(193024K)] 589427K->443871K(717312K), 0.0236857 secs] [Times: user=0.24 sys=0.00, real=0.02 secs] 
2016-09-13T18:03:07.061-0400: 249.227: [GC (Allocation Failure) [PSYoungGen: 140380K->41634K(197120K)] 576292K->477696K(721408K), 0.0184723 secs] [Times: user=0.17 sys=0.00, real=0.02 secs] 
2016-09-13T18:03:07.284-0400: 249.450: [GC (GCLocker Initiated GC) [PSYoungGen: 175143K->43153K(177664K)] 612723K->480939K(701952K), 0.0129968 secs] [Times: user=0.11 sys=0.00, real=0.02 secs] 
2016-09-13T18:03:07.499-0400: 249.664: [GC (GCLocker Initiated GC) [PSYoungGen: 177297K->59827K(182272K)] 615264K->497933K(706560K), 0.0112031 secs] [Times: user=0.09 sys=0.00, real=0.01 secs] 
2016-09-13T18:03:07.685-0400: 249.850: [GC (Allocation Failure) [PSYoungGen: 176563K->30999K(189440K)] 614900K->469580K(713728K), 0.0145646 secs] [Times: user=0.14 sys=0.00, real=0.02 secs] 
2016-09-13T18:03:07.877-0400: 250.042: [GC (GCLocker Initiated GC) [PSYoungGen: 147735K->46191K(187392K)] 586322K->489488K(711680K), 0.0072382 secs] [Times: user=0.07 sys=0.00, real=0.00 secs] 
2016-09-13T18:03:08.069-0400: 250.234: [GC (GCLocker Initiated GC) [PSYoungGen: 165999K->41507K(189952K)] 609468K->485154K(714240K), 0.0359871 secs] [Times: user=0.39 sys=0.00, real=0.03 secs] 
2016-09-13T18:03:08.271-0400: 250.437: [GC (GCLocker Initiated GC) [PSYoungGen: 161315K->49255K(189952K)] 604982K->493044K(714240K), 0.0086492 secs] [Times: user=0.07 sys=0.00, real=0.01 secs] 
2016-09-13T18:03:08.454-0400: 250.620: [GC (GCLocker Initiated GC) [PSYoungGen: 170087K->24863K(191488K)] 621712K->484343K(715776K), 0.0296899 secs] [Times: user=0.26 sys=0.00, real=0.03 secs] 
2016-09-13T18:03:08.661-0400: 250.827: [GC (GCLocker Initiated GC) [PSYoungGen: 145695K->49320K(189440K)] 605200K->509018K(713728K), 0.0143564 secs] [Times: user=0.14 sys=0.00, real=0.01 secs] 
2016-09-13T18:03:08.862-0400: 251.028: [GC (GCLocker Initiated GC) [PSYoungGen: 169128K->49197K(169472K)] 628857K->510525K(693760K), 0.0230099 secs] [Times: user=0.25 sys=0.00, real=0.02 secs] 
2016-09-13T18:03:09.046-0400: 251.211: [GC (GCLocker Initiated GC) [PSYoungGen: 169005K->43206K(191488K)] 630409K->512351K(715776K), 0.0219144 secs] [Times: user=0.22 sys=0.00, real=0.03 secs] 
2016-09-13T18:03:09.256-0400: 251.422: [GC (GCLocker Initiated GC) [PSYoungGen: 162502K->26383K(145920K)] 631669K->501951K(670208K), 0.0121156 secs] [Times: user=0.10 sys=0.00, real=0.01 secs] 
2016-09-13T18:03:09.451-0400: 251.616: [GC (GCLocker Initiated GC) [PSYoungGen: 145679K->14260K(187904K)] 635010K->505278K(712192K), 0.0069466 secs] [Times: user=0.05 sys=0.00, real=0.01 secs] 
2016-09-13T18:03:09.650-0400: 251.815: [GC (GCLocker Initiated GC) [PSYoungGen: 132532K->22018K(188928K)] 629865K->527173K(713216K), 0.0115032 secs] [Times: user=0.11 sys=0.00, real=0.01 secs] 
2016-09-13T18:03:09.861-0400: 252.027: [GC (GCLocker Initiated GC) [PSYoungGen: 140290K->65903K(176640K)] 645631K->571364K(700928K), 0.0128026 secs] [Times: user=0.12 sys=0.00, real=0.01 secs] 
2016-09-13T18:03:10.029-0400: 252.194: [GC (GCLocker Initiated GC) [PSYoungGen: 173423K->32521K(184832K)] 678929K->538082K(709120K), 0.0099792 secs] [Times: user=0.08 sys=0.00, real=0.01 secs] 
2016-09-13T18:03:10.200-0400: 252.366: [GC (GCLocker Initiated GC) [PSYoungGen: 140041K->8126K(183808K)] 645832K->521795K(708096K), 0.0050866 secs] [Times: user=0.03 sys=0.00, real=0.00 secs] 
2016-09-13T18:03:10.205-0400: 252.371: [Full GC (Ergonomics) [PSYoungGen: 8126K->0K(183808K)] [ParOldGen: 513669K->27213K(524288K)] 521795K->27213K(708096K), [Metaspace: 44685K->44685K(1087488K)], 0.1518493 secs] [Times: user=1.76 sys=0.01, real=0.16 secs] 
2016-09-13T18:03:10.507-0400: 252.672: [GC (GCLocker Initiated GC) [PSYoungGen: 110592K->72260K(183296K)] 137914K->111732K(707584K), 0.0091841 secs] [Times: user=0.11 sys=0.00, real=0.02 secs] 
2016-09-13T18:03:10.650-0400: 252.815: [GC (GCLocker Initiated GC) [PSYoungGen: 182852K->56946K(166912K)] 222359K->116561K(691200K), 0.0147746 secs] [Times: user=0.20 sys=0.00, real=0.01 secs] 
2016-09-13T18:03:10.753-0400: 252.919: [GC (GCLocker Initiated GC) [PSYoungGen: 145010K->38713K(175104K)] 206216K->103096K(699392K), 0.0077922 secs] [Times: user=0.04 sys=0.00, real=0.01 secs] 
2016-09-13T18:03:10.862-0400: 253.028: [GC (Allocation Failure) [PSYoungGen: 126777K->46503K(167424K)] 191271K->129448K(691712K), 0.0142171 secs] [Times: user=0.15 sys=0.01, real=0.02 secs] 
2016-09-13T18:03:11.003-0400: 253.168: [GC (GCLocker Initiated GC) [PSYoungGen: 138151K->46345K(173056K)] 221099K->131151K(697344K), 0.0095075 secs] [Times: user=0.11 sys=0.00, real=0.01 secs] 
2016-09-13T18:03:11.135-0400: 253.301: [GC (GCLocker Initiated GC) [PSYoungGen: 137993K->50816K(178688K)] 222827K->135958K(702976K), 0.0180303 secs] [Times: user=0.19 sys=0.00, real=0.02 secs] 
2016-09-13T18:03:11.297-0400: 253.462: [GC (GCLocker Initiated GC) [PSYoungGen: 152192K->41884K(180736K)] 243463K->154626K(705024K), 0.0078218 secs] [Times: user=0.05 sys=0.00, real=0.00 secs] 
2016-09-13T18:03:11.466-0400: 253.631: [GC (GCLocker Initiated GC) [PSYoungGen: 143260K->43280K(178176K)] 257761K->158088K(702464K), 0.0152068 secs] [Times: user=0.15 sys=0.00, real=0.02 secs] 
2016-09-13T18:03:11.655-0400: 253.821: [GC (GCLocker Initiated GC) [PSYoungGen: 150288K->28152K(179712K)] 272941K->151007K(704000K), 0.0232200 secs] [Times: user=0.26 sys=0.00, real=0.03 secs] 
2016-09-13T18:03:11.846-0400: 254.012: [GC (GCLocker Initiated GC) [PSYoungGen: 135160K->27896K(186880K)] 264269K->157206K(711168K), 0.0096064 secs] [Times: user=0.09 sys=0.00, real=0.02 secs] 
2016-09-13T18:03:12.039-0400: 254.205: [GC (GCLocker Initiated GC) [PSYoungGen: 145144K->31067K(188416K)] 274474K->160527K(712704K), 0.0246547 secs] [Times: user=0.25 sys=0.00, real=0.02 secs] 
2016-09-13T18:03:12.234-0400: 254.400: [GC (GCLocker Initiated GC) [PSYoungGen: 148315K->20334K(190976K)] 277843K->154628K(715264K), 0.0107825 secs] [Times: user=0.11 sys=0.00, real=0.01 secs] 
2016-09-13T18:03:12.422-0400: 254.588: [GC (Allocation Failure) [PSYoungGen: 141678K->43121K(190976K)] 276186K->179408K(715264K), 0.0291991 secs] [Times: user=0.29 sys=0.00, real=0.03 secs] 
2016-09-13T18:03:12.648-0400: 254.813: [GC (GCLocker Initiated GC) [PSYoungGen: 164465K->49355K(189952K)] 300754K->185928K(714240K), 0.0063660 secs] [Times: user=0.04 sys=0.01, real=0.00 secs] 
2016-09-13T18:03:12.816-0400: 254.982: [GC (Allocation Failure) [PSYoungGen: 170699K->24886K(191488K)] 307288K->161669K(715776K), 0.0203273 secs] [Times: user=0.20 sys=0.02, real=0.02 secs] 
2016-09-13T18:03:13.013-0400: 255.178: [GC (GCLocker Initiated GC) [PSYoungGen: 144868K->43185K(189440K)] 283169K->186389K(713728K), 0.0177391 secs] [Times: user=0.15 sys=0.00, real=0.02 secs] 
2016-09-13T18:03:13.210-0400: 255.376: [GC (Allocation Failure) [PSYoungGen: 166065K->26564K(190976K)] 310810K->171510K(715264K), 0.0058637 secs] [Times: user=0.04 sys=0.00, real=0.01 secs] 
2016-09-13T18:03:13.402-0400: 255.567: [GC (GCLocker Initiated GC) [PSYoungGen: 146957K->15874K(194048K)] 297978K->167097K(718336K), 0.0314132 secs] [Times: user=0.41 sys=0.01, real=0.03 secs] 
2016-09-13T18:03:13.644-0400: 255.810: [GC (GCLocker Initiated GC) [PSYoungGen: 142850K->12710K(139776K)] 300219K->170363K(664064K), 0.0078735 secs] [Times: user=0.08 sys=0.00, real=0.01 secs] 
2016-09-13T18:03:13.837-0400: 256.003: [GC (GCLocker Initiated GC) [PSYoungGen: 139686K->29671K(197120K)] 297467K->193682K(721408K), 0.0070233 secs] [Times: user=0.06 sys=0.00, real=0.00 secs] 
2016-09-13T18:03:14.053-0400: 256.218: [GC (GCLocker Initiated GC) [PSYoungGen: 158695K->11254K(194048K)] 330317K->183160K(718336K), 0.0248230 secs] [Times: user=0.20 sys=0.00, real=0.03 secs] 
2016-09-13T18:03:14.284-0400: 256.450: [GC (GCLocker Initiated GC) [PSYoungGen: 140278K->26601K(194560K)] 320043K->206552K(718848K), 0.0046983 secs] [Times: user=0.03 sys=0.00, real=0.01 secs] 
2016-09-13T18:03:14.499-0400: 256.665: [GC (GCLocker Initiated GC) [PSYoungGen: 158185K->28126K(194048K)] 353428K->228216K(718336K), 0.0194331 secs] [Times: user=0.26 sys=0.00, real=0.02 secs] 
2016-09-13T18:03:14.706-0400: 256.872: [GC (GCLocker Initiated GC) [PSYoungGen: 159710K->41758K(194560K)] 361461K->243565K(718848K), 0.0148925 secs] [Times: user=0.15 sys=0.00, real=0.02 secs] 
2016-09-13T18:03:14.920-0400: 257.085: [GC (GCLocker Initiated GC) [PSYoungGen: 176926K->40200K(196096K)] 380364K->243785K(720384K), 0.0247239 secs] [Times: user=0.26 sys=0.00, real=0.02 secs] 
2016-09-13T18:03:15.150-0400: 257.315: [GC (GCLocker Initiated GC) [PSYoungGen: 175368K->39924K(200704K)] 380564K->245349K(724992K), 0.0385087 secs] [Times: user=0.44 sys=0.00, real=0.04 secs] 
2016-09-13T18:03:15.382-0400: 257.547: [GC (GCLocker Initiated GC) [PSYoungGen: 179188K->41784K(181248K)] 384645K->247402K(705536K), 0.0066470 secs] [Times: user=0.09 sys=0.00, real=0.01 secs] 
2016-09-13T18:03:15.628-0400: 257.793: [GC (GCLocker Initiated GC) [PSYoungGen: 181048K->46383K(196096K)] 386854K->266091K(720384K), 0.0137607 secs] [Times: user=0.19 sys=0.00, real=0.02 secs] 
2016-09-13T18:03:15.839-0400: 258.005: [GC (GCLocker Initiated GC) [PSYoungGen: 180527K->35805K(169984K)] 400263K->255676K(694272K), 0.0070874 secs] [Times: user=0.08 sys=0.00, real=0.00 secs] 
2016-09-13T18:03:16.059-0400: 258.224: [GC (GCLocker Initiated GC) [PSYoungGen: 169949K->23649K(198144K)] 397553K->265234K(722432K), 0.0215192 secs] [Times: user=0.30 sys=0.00, real=0.02 secs] 
2016-09-13T18:03:16.273-0400: 258.438: [GC (GCLocker Initiated GC) [PSYoungGen: 160353K->51034K(197632K)] 402206K->293078K(721920K), 0.0073924 secs] [Times: user=0.09 sys=0.00, real=0.01 secs] 
2016-09-13T18:03:16.500-0400: 258.666: [GC (Allocation Failure) [PSYoungGen: 187738K->41790K(198144K)] 430126K->284411K(722432K), 0.0101998 secs] [Times: user=0.13 sys=0.00, real=0.01 secs] 
2016-09-13T18:03:16.707-0400: 258.873: [GC (GCLocker Initiated GC) [PSYoungGen: 175422K->26320K(160256K)] 418046K->269051K(684544K), 0.0337427 secs] [Times: user=0.30 sys=0.00, real=0.04 secs] 
2016-09-13T18:03:16.942-0400: 259.107: [GC (Allocation Failure) [PSYoungGen: 159952K->28052K(198144K)] 402917K->271113K(722432K), 0.0101067 secs] [Times: user=0.09 sys=0.00, real=0.01 secs] 
2016-09-13T18:03:17.141-0400: 259.307: [GC (GCLocker Initiated GC) [PSYoungGen: 163220K->41470K(196608K)] 406282K->284690K(720896K), 0.0130031 secs] [Times: user=0.11 sys=0.00, real=0.01 secs] 
2016-09-13T18:03:17.396-0400: 259.561: [GC (Allocation Failure) [PSYoungGen: 176638K->12714K(198144K)] 419879K->256118K(722432K), 0.0332103 secs] [Times: user=0.38 sys=0.00, real=0.04 secs] 
2016-09-13T18:03:17.605-0400: 259.771: [GC (GCLocker Initiated GC) [PSYoungGen: 149418K->54094K(190976K)] 392824K->299245K(715264K), 0.0098090 secs] [Times: user=0.10 sys=0.00, real=0.01 secs] 
2016-09-13T18:03:17.819-0400: 259.984: [GC (GCLocker Initiated GC) [PSYoungGen: 190798K->30967K(197120K)] 437496K->277861K(721408K), 0.0394228 secs] [Times: user=0.46 sys=0.01, real=0.04 secs] 
2016-09-13T18:03:18.060-0400: 260.225: [GC (GCLocker Initiated GC) [PSYoungGen: 160503K->37266K(166912K)] 421126K->299586K(691200K), 0.0236428 secs] [Times: user=0.29 sys=0.00, real=0.02 secs] 
2016-09-13T18:03:18.259-0400: 260.425: [GC (GCLocker Initiated GC) [PSYoungGen: 166802K->29735K(194560K)] 429144K->299901K(718848K), 0.0101107 secs] [Times: user=0.09 sys=0.01, real=0.01 secs] 
2016-09-13T18:03:18.460-0400: 260.626: [GC (GCLocker Initiated GC) [PSYoungGen: 161319K->44571K(192512K)] 431639K->318048K(716800K), 0.0126546 secs] [Times: user=0.11 sys=0.00, real=0.01 secs] 
2016-09-13T18:03:18.664-0400: 260.830: [GC (GCLocker Initiated GC) [PSYoungGen: 176155K->38936K(200192K)] 452873K->315718K(724480K), 0.0091416 secs] [Times: user=0.09 sys=0.00, real=0.01 secs] 
2016-09-13T18:03:18.900-0400: 261.065: [GC (GCLocker Initiated GC) [PSYoungGen: 178200K->24832K(200192K)] 468796K->315687K(724480K), 0.0054192 secs] [Times: user=0.04 sys=0.00, real=0.00 secs] 
2016-09-13T18:03:19.128-0400: 261.293: [GC (Allocation Failure) [PSYoungGen: 164096K->23308K(200704K)] 455071K->314398K(724992K), 0.0190405 secs] [Times: user=0.19 sys=0.00, real=0.01 secs] 
2016-09-13T18:03:19.353-0400: 261.519: [GC (GCLocker Initiated GC) [PSYoungGen: 164108K->26352K(200192K)] 455200K->317638K(724480K), 0.0110418 secs] [Times: user=0.09 sys=0.01, real=0.01 secs] 
2016-09-13T18:03:19.600-0400: 261.766: [GC (GCLocker Initiated GC) [PSYoungGen: 167152K->14424K(200704K)] 459984K->307387K(724992K), 0.0107930 secs] [Times: user=0.11 sys=0.00, real=0.01 secs] 
2016-09-13T18:03:19.851-0400: 262.016: [GC (GCLocker Initiated GC) [PSYoungGen: 156760K->58240K(200704K)] 449991K->351664K(724992K), 0.0159648 secs] [Times: user=0.12 sys=0.00, real=0.01 secs] 
2016-09-13T18:03:20.099-0400: 262.264: [GC (GCLocker Initiated GC) [PSYoungGen: 200576K->41666K(191488K)] 503294K->362772K(715776K), 0.0172750 secs] [Times: user=0.17 sys=0.00, real=0.02 secs] 
2016-09-13T18:03:20.302-0400: 262.467: [GC (GCLocker Initiated GC) [PSYoungGen: 171714K->47800K(178176K)] 494421K->370657K(702464K), 0.0097253 secs] [Times: user=0.09 sys=0.00, real=0.01 secs] 
2016-09-13T18:03:20.499-0400: 262.665: [GC (GCLocker Initiated GC) [PSYoungGen: 177848K->50774K(189440K)] 500952K->374130K(713728K), 0.0170451 secs] [Times: user=0.17 sys=0.00, real=0.02 secs] 
2016-09-13T18:03:20.702-0400: 262.868: [GC (GCLocker Initiated GC) [PSYoungGen: 172630K->27961K(192000K)] 502097K->362120K(716288K), 0.0211554 secs] [Times: user=0.19 sys=0.00, real=0.02 secs] 
2016-09-13T18:03:20.900-0400: 263.066: [GC (GCLocker Initiated GC) [PSYoungGen: 149817K->24927K(187904K)] 487237K->368627K(712192K), 0.0117399 secs] [Times: user=0.08 sys=0.00, real=0.01 secs] 
2016-09-13T18:03:21.130-0400: 263.295: [GC (GCLocker Initiated GC) [PSYoungGen: 148319K->5178K(190464K)] 504176K->361236K(714752K), 0.0242095 secs] [Times: user=0.23 sys=0.00, real=0.02 secs] 
2016-09-13T18:03:21.347-0400: 263.512: [GC (Allocation Failure) [PSYoungGen: 128570K->20484K(193536K)] 486247K->378412K(717824K), 0.0097099 secs] [Times: user=0.07 sys=0.00, real=0.02 secs] 
2016-09-13T18:03:21.519-0400: 263.684: [GC (GCLocker Initiated GC) [PSYoungGen: 145924K->43180K(193024K)] 503858K->401358K(717312K), 0.0090234 secs] [Times: user=0.07 sys=0.00, real=0.01 secs] 
2016-09-13T18:03:21.712-0400: 263.877: [GC (GCLocker Initiated GC) [PSYoungGen: 168620K->55240K(183808K)] 526913K->413743K(708096K), 0.0087405 secs] [Times: user=0.07 sys=0.00, real=0.01 secs] 
2016-09-13T18:03:21.901-0400: 264.067: [GC (GCLocker Initiated GC) [PSYoungGen: 170952K->23440K(188928K)] 529513K->391202K(713216K), 0.0200475 secs] [Times: user=0.21 sys=0.00, real=0.02 secs] 
2016-09-13T18:03:22.102-0400: 264.267: [GC (GCLocker Initiated GC) [PSYoungGen: 139152K->43053K(186880K)] 508673K->412751K(711168K), 0.0112987 secs] [Times: user=0.09 sys=0.00, real=0.01 secs] 
2016-09-13T18:03:22.306-0400: 264.471: [GC (GCLocker Initiated GC) [PSYoungGen: 160813K->23535K(188928K)] 539732K->410195K(713216K), 0.0185574 secs] [Times: user=0.17 sys=0.01, real=0.02 secs] 
2016-09-13T18:03:22.499-0400: 264.665: [GC (GCLocker Initiated GC) [PSYoungGen: 141295K->67513K(174592K)] 528094K->460718K(698880K), 0.0095434 secs] [Times: user=0.10 sys=0.01, real=0.01 secs] 
2016-09-13T18:03:22.674-0400: 264.839: [GC (GCLocker Initiated GC) [PSYoungGen: 172985K->50868K(156672K)] 566407K->452022K(680960K), 0.0152101 secs] [Times: user=0.13 sys=0.01, real=0.02 secs] 
2016-09-13T18:03:22.852-0400: 265.018: [GC (GCLocker Initiated GC) [PSYoungGen: 156340K->28142K(185344K)] 563748K->435854K(709632K), 0.0165317 secs] [Times: user=0.19 sys=0.00, real=0.02 secs] 
2016-09-13T18:03:23.063-0400: 265.228: [GC (GCLocker Initiated GC) [PSYoungGen: 134126K->52330K(182784K)] 541989K->460528K(707072K), 0.0180440 secs] [Times: user=0.20 sys=0.00, real=0.02 secs] 
2016-09-13T18:03:23.217-0400: 265.382: [GC (Allocation Failure) [PSYoungGen: 158314K->40015K(180224K)] 566688K->448590K(704512K), 0.0070835 secs] [Times: user=0.05 sys=0.01, real=0.00 secs] 
2016-09-13T18:03:23.370-0400: 265.535: [GC (GCLocker Initiated GC) [PSYoungGen: 142098K->9863K(181760K)] 556748K->424719K(706048K), 0.0083909 secs] [Times: user=0.08 sys=0.00, real=0.01 secs] 
2016-09-13T18:03:23.525-0400: 265.691: [GC (GCLocker Initiated GC) [PSYoungGen: 116359K->46154K(185856K)] 531352K->461348K(710144K), 0.0215762 secs] [Times: user=0.24 sys=0.00, real=0.02 secs] 
2016-09-13T18:03:23.714-0400: 265.879: [GC (GCLocker Initiated GC) [PSYoungGen: 155722K->62988K(173056K)] 572597K->484557K(697344K), 0.0069739 secs] [Times: user=0.07 sys=0.00, real=0.01 secs] 
2016-09-13T18:03:23.913-0400: 266.078: [GC (GCLocker Initiated GC) [PSYoungGen: 172556K->34074K(183296K)] 607829K->469589K(707584K), 0.0074903 secs] [Times: user=0.08 sys=0.00, real=0.01 secs] 
2016-09-13T18:03:24.078-0400: 266.244: [GC (GCLocker Initiated GC) [PSYoungGen: 135450K->46350K(147968K)] 572725K->492958K(672256K), 0.0192978 secs] [Times: user=0.22 sys=0.00, real=0.02 secs] 
2016-09-13T18:03:24.252-0400: 266.418: [GC (GCLocker Initiated GC) [PSYoungGen: 147726K->29512K(180736K)] 600438K->482367K(705024K), 0.0062530 secs] [Times: user=0.05 sys=0.00, real=0.01 secs] 
2016-09-13T18:03:24.424-0400: 266.590: [GC (GCLocker Initiated GC) [PSYoungGen: 132936K->54040K(178688K)] 585803K->517799K(702976K), 0.0086290 secs] [Times: user=0.11 sys=0.00, real=0.01 secs] 
2016-09-13T18:03:24.610-0400: 266.776: [GC (GCLocker Initiated GC) [PSYoungGen: 157464K->29448K(185344K)] 628914K->507195K(709632K), 0.0186493 secs] [Times: user=0.18 sys=0.00, real=0.02 secs] 
2016-09-13T18:03:24.794-0400: 266.960: [GC (GCLocker Initiated GC) [PSYoungGen: 138504K->46472K(184832K)] 617944K->532142K(709120K), 0.0119030 secs] [Times: user=0.15 sys=0.01, real=0.01 secs] 
2016-09-13T18:03:24.971-0400: 267.136: [GC (GCLocker Initiated GC) [PSYoungGen: 155528K->5153K(182272K)] 650514K->500377K(706560K), 0.0125133 secs] [Times: user=0.14 sys=0.00, real=0.01 secs] 
2016-09-13T18:03:25.125-0400: 267.291: [GC (Allocation Failure) [PSYoungGen: 112673K->43281K(184832K)] 608120K->538883K(709120K), 0.0112162 secs] [Times: user=0.11 sys=0.00, real=0.02 secs] 
2016-09-13T18:03:25.312-0400: 267.477: [GC (GCLocker Initiated GC) [PSYoungGen: 150801K->29394K(178688K)] 646406K->525086K(702976K), 0.0114381 secs] [Times: user=0.11 sys=0.00, real=0.01 secs] 
2016-09-13T18:03:25.514-0400: 267.679: [GC (GCLocker Initiated GC) [PSYoungGen: 138450K->31152K(182272K)] 646483K->539266K(706560K), 0.0271870 secs] [Times: user=0.28 sys=0.00, real=0.03 secs] 
2016-09-13T18:03:25.706-0400: 267.872: [Full GC (Ergonomics) [PSYoungGen: 140208K->0K(182272K)] [ParOldGen: 515863K->47327K(524288K)] 656072K->47327K(706560K), [Metaspace: 44731K->44731K(1087488K)], 0.0634747 secs] [Times: user=0.39 sys=0.01, real=0.07 secs] 
2016-09-13T18:03:25.908-0400: 268.073: [GC (GCLocker Initiated GC) [PSYoungGen: 109056K->54221K(184832K)] 165678K->110843K(709120K), 0.0098329 secs] [Times: user=0.11 sys=0.00, real=0.01 secs] 
2016-09-13T18:03:26.075-0400: 268.240: [GC (GCLocker Initiated GC) [PSYoungGen: 168909K->51002K(165888K)] 225856K->122186K(690176K), 0.0142480 secs] [Times: user=0.18 sys=0.00, real=0.02 secs] 
2016-09-13T18:03:26.256-0400: 268.421: [GC (Allocation Failure) [PSYoungGen: 165690K->41789K(189440K)] 236924K->113216K(713728K), 0.0179206 secs] [Times: user=0.17 sys=0.00, real=0.01 secs] 
2016-09-13T18:03:26.274-0400: 268.439: [GC (GCLocker Initiated GC) [PSYoungGen: 41798K->32K(114688K)] 113225K->123626K(638976K), 0.0120780 secs] [Times: user=0.13 sys=0.00, real=0.01 secs] 
2016-09-13T18:03:26.452-0400: 268.618: [GC (GCLocker Initiated GC) [PSYoungGen: 113082K->63299K(173056K)] 238196K->188413K(697344K), 0.0206141 secs] [Times: user=0.21 sys=0.00, real=0.02 secs] 
2016-09-13T18:03:26.609-0400: 268.775: [GC (GCLocker Initiated GC) [PSYoungGen: 160579K->32464K(179712K)] 285723K->185502K(704000K), 0.0069254 secs] [Times: user=0.06 sys=0.00, real=0.01 secs] 
2016-09-13T18:03:26.749-0400: 268.914: [GC (GCLocker Initiated GC) [PSYoungGen: 129744K->44481K(173568K)] 282984K->199320K(697856K), 0.0059726 secs] [Times: user=0.05 sys=0.00, real=0.00 secs] 
2016-09-13T18:03:26.900-0400: 269.065: [GC (GCLocker Initiated GC) [PSYoungGen: 145345K->50812K(178176K)] 301725K->207355K(702464K), 0.0217094 secs] [Times: user=0.25 sys=0.00, real=0.02 secs] 
2016-09-13T18:03:27.081-0400: 269.247: [GC (GCLocker Initiated GC) [PSYoungGen: 151676K->47804K(184320K)] 308400K->210832K(708608K), 0.0070793 secs] [Times: user=0.06 sys=0.00, real=0.01 secs] 
2016-09-13T18:03:27.249-0400: 269.414: [GC (GCLocker Initiated GC) [PSYoungGen: 154812K->46185K(153600K)] 317885K->209369K(677888K), 0.0240158 secs] [Times: user=0.24 sys=0.00, real=0.02 secs] 
2016-09-13T18:03:27.443-0400: 269.609: [GC (Allocation Failure) [PSYoungGen: 153193K->6667K(180736K)] 322608K->183802K(705024K), 0.0131502 secs] [Times: user=0.12 sys=0.00, real=0.02 secs] 
2016-09-13T18:03:27.614-0400: 269.780: [GC (GCLocker Initiated GC) [PSYoungGen: 111241K->46446K(183296K)] 289896K->225345K(707584K), 0.0080818 secs] [Times: user=0.08 sys=0.00, real=0.01 secs] 
2016-09-13T18:03:27.791-0400: 269.957: [GC (GCLocker Initiated GC) [PSYoungGen: 151406K->46153K(180736K)] 333384K->228234K(705024K), 0.0511742 secs] [Times: user=0.43 sys=0.00, real=0.05 secs] 
2016-09-13T18:03:28.017-0400: 270.183: [GC (GCLocker Initiated GC) [PSYoungGen: 152649K->29543K(182784K)] 347087K->230281K(707072K), 0.0166018 secs] [Times: user=0.17 sys=0.00, real=0.01 secs] 
2016-09-13T18:03:28.194-0400: 270.359: [GC (GCLocker Initiated GC) [PSYoungGen: 136039K->32585K(180736K)] 344566K->241372K(705024K), 0.0062582 secs] [Times: user=0.05 sys=0.00, real=0.01 secs] 
2016-09-13T18:03:28.348-0400: 270.513: [GC (GCLocker Initiated GC) [PSYoungGen: 144201K->24955K(183296K)] 353254K->234209K(707584K), 0.0080508 secs] [Times: user=0.06 sys=0.00, real=0.01 secs] 
2016-09-13T18:03:28.553-0400: 270.719: [GC (GCLocker Initiated GC) [PSYoungGen: 136571K->11163K(190464K)] 345957K->220810K(714752K), 0.0278631 secs] [Times: user=0.31 sys=0.00, real=0.03 secs] 
2016-09-13T18:03:28.736-0400: 270.902: [GC (GCLocker Initiated GC) [PSYoungGen: 130971K->46281K(166400K)] 340665K->260748K(690688K), 0.0208800 secs] [Times: user=0.21 sys=0.00, real=0.02 secs] 
2016-09-13T18:03:28.909-0400: 271.075: [GC (GCLocker Initiated GC) [PSYoungGen: 166089K->31151K(193024K)] 380729K->246067K(717312K), 0.0064115 secs] [Times: user=0.06 sys=0.00, real=0.00 secs] 
2016-09-13T18:03:29.103-0400: 271.269: [GC (GCLocker Initiated GC) [PSYoungGen: 151983K->60041K(181248K)] 367039K->275412K(705536K), 0.0153050 secs] [Times: user=0.14 sys=0.01, real=0.02 secs] 
2016-09-13T18:03:29.298-0400: 271.464: [GC (GCLocker Initiated GC) [PSYoungGen: 180873K->50966K(184832K)] 402409K->272606K(709120K), 0.0150542 secs] [Times: user=0.19 sys=0.00, real=0.01 secs] 
2016-09-13T18:03:29.485-0400: 271.651: [GC (GCLocker Initiated GC) [PSYoungGen: 160534K->43154K(153088K)] 382182K->265106K(677376K), 0.0067432 secs] [Times: user=0.05 sys=0.00, real=0.01 secs] 
2016-09-13T18:03:29.660-0400: 271.826: [GC (GCLocker Initiated GC) [PSYoungGen: 152722K->49442K(184320K)] 376223K->273106K(708608K), 0.0211572 secs] [Times: user=0.24 sys=0.00, real=0.02 secs] 
2016-09-13T18:03:29.873-0400: 272.039: [GC (GCLocker Initiated GC) [PSYoungGen: 159522K->47614K(184832K)] 383355K->280655K(709120K), 0.0076948 secs] [Times: user=0.07 sys=0.00, real=0.01 secs] 
2016-09-13T18:03:30.049-0400: 272.215: [GC (GCLocker Initiated GC) [PSYoungGen: 157694K->15842K(185856K)] 402907K->261127K(710144K), 0.0040344 secs] [Times: user=0.02 sys=0.00, real=0.00 secs] 
2016-09-13T18:03:30.232-0400: 272.398: [GC (Allocation Failure) [PSYoungGen: 127458K->28400K(140288K)] 372902K->283206K(664576K), 0.0054591 secs] [Times: user=0.07 sys=0.00, real=0.01 secs] 
2016-09-13T18:03:30.402-0400: 272.568: [GC (GCLocker Initiated GC) [PSYoungGen: 140016K->15880K(185856K)] 400897K->277062K(710144K), 0.0048925 secs] [Times: user=0.04 sys=0.00, real=0.00 secs] 
2016-09-13T18:03:30.593-0400: 272.758: [GC (GCLocker Initiated GC) [PSYoungGen: 128520K->14360K(185856K)] 391243K->277319K(710144K), 0.0118421 secs] [Times: user=0.11 sys=0.00, real=0.01 secs] 
2016-09-13T18:03:30.794-0400: 272.960: [GC (Allocation Failure) [PSYoungGen: 127000K->9576K(188928K)] 396059K->278841K(713216K), 0.0188542 secs] [Times: user=0.20 sys=0.00, real=0.02 secs] 
2016-09-13T18:03:30.967-0400: 273.132: [GC (GCLocker Initiated GC) [PSYoungGen: 124934K->29356K(145408K)] 395718K->303308K(669696K), 0.0307665 secs] [Times: user=0.27 sys=0.00, real=0.04 secs] 
2016-09-13T18:03:31.188-0400: 273.353: [GC (Allocation Failure) [PSYoungGen: 145068K->9799K(185344K)] 420715K->285600K(709632K), 0.0147134 secs] [Times: user=0.14 sys=0.00, real=0.02 secs] 
2016-09-13T18:03:31.336-0400: 273.501: [GC (GCLocker Initiated GC) [PSYoungGen: 125253K->46245K(184832K)] 402572K->323782K(709120K), 0.0172247 secs] [Times: user=0.18 sys=0.00, real=0.02 secs] 
2016-09-13T18:03:31.515-0400: 273.680: [GC (GCLocker Initiated GC) [PSYoungGen: 162469K->44798K(187904K)] 441550K->324060K(712192K), 0.0136005 secs] [Times: user=0.16 sys=0.00, real=0.02 secs] 
2016-09-13T18:03:31.699-0400: 273.865: [GC (GCLocker Initiated GC) [PSYoungGen: 161534K->62902K(179712K)] 441010K->348825K(704000K), 0.0099136 secs] [Times: user=0.09 sys=0.00, real=0.01 secs] 
2016-09-13T18:03:31.898-0400: 274.064: [GC (GCLocker Initiated GC) [PSYoungGen: 179638K->50911K(179200K)] 465728K->337164K(703488K), 0.0103280 secs] [Times: user=0.11 sys=0.00, real=0.01 secs] 
2016-09-13T18:03:32.074-0400: 274.240: [GC (GCLocker Initiated GC) [PSYoungGen: 150239K->49511K(148992K)] 436629K->336150K(673280K), 0.0096036 secs] [Times: user=0.11 sys=0.00, real=0.01 secs] 
2016-09-13T18:03:32.241-0400: 274.407: [GC (Allocation Failure) [PSYoungGen: 148839K->31312K(183808K)] 435494K->328896K(708096K), 0.0071341 secs] [Times: user=0.10 sys=0.01, real=0.01 secs] 
2016-09-13T18:03:32.406-0400: 274.571: [GC (GCLocker Initiated GC) [PSYoungGen: 132331K->46409K(148480K)] 431434K->356534K(672768K), 0.0081465 secs] [Times: user=0.12 sys=0.00, real=0.01 secs] 
2016-09-13T18:03:32.552-0400: 274.717: [GC (GCLocker Initiated GC) [PSYoungGen: 148297K->23404K(181248K)] 459944K->335261K(705536K), 0.0099413 secs] [Times: user=0.10 sys=0.00, real=0.01 secs] 
2016-09-13T18:03:32.745-0400: 274.910: [GC (Allocation Failure) [PSYoungGen: 126828K->5398K(179712K)] 446412K->325207K(704000K), 0.0107904 secs] [Times: user=0.15 sys=0.00, real=0.02 secs] 
2016-09-13T18:03:32.918-0400: 275.084: [GC (GCLocker Initiated GC) [PSYoungGen: 108822K->32491K(179200K)] 428634K->352545K(703488K), 0.0076000 secs] [Times: user=0.08 sys=0.00, real=0.00 secs] 
2016-09-13T18:03:33.083-0400: 275.249: [GC (GCLocker Initiated GC) [PSYoungGen: 140523K->44954K(181760K)] 460761K->365338K(706048K), 0.0144860 secs] [Times: user=0.13 sys=0.00, real=0.02 secs] 
2016-09-13T18:03:33.250-0400: 275.416: [GC (GCLocker Initiated GC) [PSYoungGen: 152986K->43152K(187392K)] 473532K->363967K(711680K), 0.0088495 secs] [Times: user=0.07 sys=0.00, real=0.01 secs] 
2016-09-13T18:03:33.467-0400: 275.632: [GC (GCLocker Initiated GC) [PSYoungGen: 157840K->28019K(142848K)] 478683K->349110K(667136K), 0.0362588 secs] [Times: user=0.35 sys=0.00, real=0.04 secs] 
2016-09-13T18:03:33.695-0400: 275.860: [GC (Allocation Failure) [PSYoungGen: 142707K->20436K(187904K)] 470189K->361762K(712192K), 0.0198485 secs] [Times: user=0.25 sys=0.00, real=0.02 secs] 
2016-09-13T18:03:33.871-0400: 276.036: [GC (GCLocker Initiated GC) [PSYoungGen: 137684K->58368K(186880K)] 479018K->399896K(711168K), 0.0091086 secs] [Times: user=0.09 sys=0.00, real=0.01 secs] 
2016-09-13T18:03:34.038-0400: 276.203: [GC (GCLocker Initiated GC) [PSYoungGen: 175616K->31190K(189440K)] 517167K->372895K(713728K), 0.0049829 secs] [Times: user=0.04 sys=0.00, real=0.00 secs] 
2016-09-13T18:03:34.218-0400: 276.383: [GC (GCLocker Initiated GC) [PSYoungGen: 145878K->41665K(156672K)] 487750K->386784K(680960K), 0.0113570 secs] [Times: user=0.12 sys=0.01, real=0.01 secs] 
2016-09-13T18:03:34.414-0400: 276.580: [GC (GCLocker Initiated GC) [PSYoungGen: 156353K->25073K(187392K)] 507651K->376589K(711680K), 0.0187932 secs] [Times: user=0.24 sys=0.00, real=0.02 secs] 
2016-09-13T18:03:34.604-0400: 276.769: [GC (GCLocker Initiated GC) [PSYoungGen: 141809K->28302K(185856K)] 495053K->386280K(710144K), 0.0076581 secs] [Times: user=0.09 sys=0.00, real=0.01 secs] 
2016-09-13T18:03:34.772-0400: 276.937: [GC (GCLocker Initiated GC) [PSYoungGen: 145038K->61411K(181760K)] 503197K->444120K(706048K), 0.0185131 secs] [Times: user=0.19 sys=0.00, real=0.02 secs] 
2016-09-13T18:03:34.972-0400: 277.137: [GC (GCLocker Initiated GC) [PSYoungGen: 176099K->41725K(188416K)] 562132K->464394K(712704K), 0.0273495 secs] [Times: user=0.26 sys=0.00, real=0.03 secs] 
2016-09-13T18:03:35.187-0400: 277.352: [GC (GCLocker Initiated GC) [PSYoungGen: 156413K->27865K(183296K)] 585253K->456891K(707584K), 0.0099831 secs] [Times: user=0.07 sys=0.01, real=0.02 secs] 
2016-09-13T18:03:35.359-0400: 277.525: [GC (GCLocker Initiated GC) [PSYoungGen: 144601K->64415K(181248K)] 573671K->493658K(705536K), 0.0134681 secs] [Times: user=0.11 sys=0.00, real=0.01 secs] 
2016-09-13T18:03:35.532-0400: 277.698: [GC (Allocation Failure) [PSYoungGen: 181151K->27992K(186880K)] 610518K->465249K(711168K), 0.0099822 secs] [Times: user=0.09 sys=0.00, real=0.01 secs] 
2016-09-13T18:03:35.727-0400: 277.893: [GC (GCLocker Initiated GC) [PSYoungGen: 138072K->21822K(132096K)] 581404K->471431K(656384K), 0.0124697 secs] [Times: user=0.10 sys=0.01, real=0.02 secs] 
2016-09-13T18:03:35.901-0400: 278.066: [GC (GCLocker Initiated GC) [PSYoungGen: 131902K->61378K(176640K)] 583071K->512712K(700928K), 0.0241510 secs] [Times: user=0.21 sys=0.00, real=0.02 secs] 
2016-09-13T18:03:36.085-0400: 278.250: [GC (GCLocker Initiated GC) [PSYoungGen: 163778K->52420K(155136K)] 615224K->504052K(679424K), 0.0152396 secs] [Times: user=0.13 sys=0.00, real=0.02 secs] 
2016-09-13T18:03:36.260-0400: 278.426: [GC (GCLocker Initiated GC) [PSYoungGen: 154820K->6698K(178176K)] 614073K->478377K(702464K), 0.0317590 secs] [Times: user=0.36 sys=0.00, real=0.03 secs] 
2016-09-13T18:03:36.449-0400: 278.614: [GC (GCLocker Initiated GC) [PSYoungGen: 103978K->21794K(119296K)] 582020K->503076K(643584K), 0.0099146 secs] [Times: user=0.11 sys=0.00, real=0.01 secs] 
2016-09-13T18:03:36.589-0400: 278.755: [GC (Allocation Failure) [PSYoungGen: 119074K->23595K(181760K)] 603499K->508238K(706048K), 0.0115333 secs] [Times: user=0.13 sys=0.00, real=0.01 secs] 
2016-09-13T18:03:36.738-0400: 278.903: [GC (GCLocker Initiated GC) [PSYoungGen: 124971K->41602K(179200K)] 609615K->526506K(703488K), 0.0100731 secs] [Times: user=0.08 sys=0.00, real=0.01 secs] 
2016-09-13T18:03:36.894-0400: 279.059: [GC (GCLocker Initiated GC) [PSYoungGen: 142978K->44858K(180736K)] 634222K->536344K(705024K), 0.0223107 secs] [Times: user=0.23 sys=0.00, real=0.03 secs] 
2016-09-13T18:03:37.091-0400: 279.256: [GC (GCLocker Initiated GC) [PSYoungGen: 149306K->28119K(180224K)] 653162K->532275K(704512K), 0.0155271 secs] [Times: user=0.16 sys=0.00, real=0.01 secs] 
2016-09-13T18:03:37.271-0400: 279.437: [GC (GCLocker Initiated GC) [PSYoungGen: 132567K->50838K(181248K)] 636748K->555399K(705536K), 0.0228977 secs] [Times: user=0.24 sys=0.00, real=0.02 secs] 
2016-09-13T18:03:37.460-0400: 279.625: [GC (GCLocker Initiated GC) [PSYoungGen: 158870K->40233K(183296K)] 663719K->548265K(707584K), 0.0266128 secs] [Times: user=0.27 sys=0.00, real=0.02 secs] 
2016-09-13T18:03:37.487-0400: 279.652: [Full GC (Ergonomics) [PSYoungGen: 40233K->0K(183296K)] [ParOldGen: 508031K->38639K(524288K)] 548265K->38639K(707584K), [Metaspace: 44736K->44736K(1087488K)], 0.0578218 secs] [Times: user=0.27 sys=0.01, real=0.06 secs] 
2016-09-13T18:03:37.721-0400: 279.887: [GC (Allocation Failure) [PSYoungGen: 108032K->64351K(176128K)] 146785K->103104K(700416K), 0.0197313 secs] [Times: user=0.19 sys=0.00, real=0.02 secs] 
2016-09-13T18:03:37.866-0400: 280.031: [GC (Allocation Failure) [PSYoungGen: 165353K->24896K(182784K)] 204106K->94379K(707072K), 0.0137589 secs] [Times: user=0.14 sys=0.00, real=0.02 secs] 
2016-09-13T18:03:37.991-0400: 280.157: [GC (GCLocker Initiated GC) [PSYoungGen: 127931K->49128K(181248K)] 198933K->120244K(705536K), 0.0145497 secs] [Times: user=0.12 sys=0.01, real=0.01 secs] 
2016-09-13T18:03:38.121-0400: 280.287: [GC (GCLocker Initiated GC) [PSYoungGen: 154088K->44826K(182784K)] 225252K->116070K(707072K), 0.0146360 secs] [Times: user=0.13 sys=0.00, real=0.02 secs] 
2016-09-13T18:03:38.299-0400: 280.464: [GC (GCLocker Initiated GC) [PSYoungGen: 149786K->32618K(179200K)] 227292K->111900K(703488K), 0.0102351 secs] [Times: user=0.10 sys=0.00, real=0.01 secs] 
2016-09-13T18:03:38.489-0400: 280.654: [GC (GCLocker Initiated GC) [PSYoungGen: 140650K->25076K(181760K)] 232238K->116784K(706048K), 0.0247478 secs] [Times: user=0.25 sys=0.01, real=0.02 secs] 
2016-09-13T18:03:38.689-0400: 280.855: [GC (GCLocker Initiated GC) [PSYoungGen: 133108K->46304K(186368K)] 225081K->138391K(710656K), 0.0211605 secs] [Times: user=0.19 sys=0.00, real=0.02 secs] 
2016-09-13T18:03:38.870-0400: 281.036: [GC (GCLocker Initiated GC) [PSYoungGen: 162016K->58341K(174080K)] 254309K->150839K(698368K), 0.0223599 secs] [Times: user=0.21 sys=0.00, real=0.02 secs] 
2016-09-13T18:03:39.046-0400: 281.211: [GC (GCLocker Initiated GC) [PSYoungGen: 174053K->55522K(181760K)] 266578K->148241K(706048K), 0.0292797 secs] [Times: user=0.31 sys=0.00, real=0.03 secs] 
2016-09-13T18:03:39.231-0400: 281.397: [GC (GCLocker Initiated GC) [PSYoungGen: 160994K->22050K(183808K)] 256923K->129000K(708096K), 0.0101001 secs] [Times: user=0.10 sys=0.00, real=0.01 secs] 
2016-09-13T18:03:39.404-0400: 281.570: [GC (GCLocker Initiated GC) [PSYoungGen: 127522K->46223K(180736K)] 234653K->153596K(705024K), 0.0104996 secs] [Times: user=0.10 sys=0.00, real=0.01 secs] 
2016-09-13T18:03:39.558-0400: 281.724: [GC (Allocation Failure) [PSYoungGen: 151695K->41694K(182272K)] 259176K->149350K(706560K), 0.0195830 secs] [Times: user=0.22 sys=0.01, real=0.02 secs] 
2016-09-13T18:03:39.721-0400: 281.886: [GC (GCLocker Initiated GC) [PSYoungGen: 147166K->66125K(176640K)] 254830K->173904K(700928K), 0.0078327 secs] [Times: user=0.04 sys=0.00, real=0.01 secs] 
2016-09-13T18:03:39.899-0400: 282.064: [GC (GCLocker Initiated GC) [PSYoungGen: 169549K->26501K(182784K)] 285047K->142149K(707072K), 0.0059911 secs] [Times: user=0.06 sys=0.00, real=0.00 secs] 
2016-09-13T18:03:40.069-0400: 282.235: [GC (GCLocker Initiated GC) [PSYoungGen: 129925K->47960K(179200K)] 245828K->164052K(703488K), 0.0075333 secs] [Times: user=0.09 sys=0.00, real=0.01 secs] 
2016-09-13T18:03:40.254-0400: 282.420: [GC (GCLocker Initiated GC) [PSYoungGen: 151896K->47838K(181248K)] 274259K->170427K(705536K), 0.0146182 secs] [Times: user=0.13 sys=0.00, real=0.02 secs] 
2016-09-13T18:03:40.434-0400: 282.600: [GC (Allocation Failure) [PSYoungGen: 151774K->26756K(183296K)] 274653K->158910K(707584K), 0.0103852 secs] [Times: user=0.14 sys=0.00, real=0.01 secs] 
2016-09-13T18:03:40.616-0400: 282.781: [GC (GCLocker Initiated GC) [PSYoungGen: 134969K->41790K(184320K)] 268642K->175830K(708608K), 0.0063477 secs] [Times: user=0.07 sys=0.00, real=0.00 secs] 
2016-09-13T18:03:40.799-0400: 282.964: [GC (Allocation Failure) [PSYoungGen: 150846K->23687K(184832K)] 285140K->158151K(709120K), 0.0094074 secs] [Times: user=0.11 sys=0.00, real=0.01 secs] 
2016-09-13T18:03:40.969-0400: 283.135: [GC (GCLocker Initiated GC) [PSYoungGen: 136327K->41762K(184832K)] 270796K->176532K(709120K), 0.0096821 secs] [Times: user=0.13 sys=0.00, real=0.01 secs] 
2016-09-13T18:03:41.128-0400: 283.293: [GC (GCLocker Initiated GC) [PSYoungGen: 154402K->47863K(187392K)] 289353K->183015K(711680K), 0.0096208 secs] [Times: user=0.09 sys=0.00, real=0.01 secs] 
2016-09-13T18:03:41.343-0400: 283.509: [GC (Allocation Failure) [PSYoungGen: 165623K->12933K(187392K)] 306870K->154405K(711680K), 0.0139399 secs] [Times: user=0.14 sys=0.00, real=0.02 secs] 
2016-09-13T18:03:41.534-0400: 283.699: [GC (GCLocker Initiated GC) [PSYoungGen: 130693K->46224K(190976K)] 272168K->197052K(715264K), 0.0106758 secs] [Times: user=0.15 sys=0.00, real=0.01 secs] 
2016-09-13T18:03:41.716-0400: 283.881: [GC (GCLocker Initiated GC) [PSYoungGen: 165520K->46185K(165888K)] 319575K->200272K(690176K), 0.0132316 secs] [Times: user=0.11 sys=0.00, real=0.01 secs] 
2016-09-13T18:03:41.907-0400: 284.073: [GC (GCLocker Initiated GC) [PSYoungGen: 165481K->38789K(192512K)] 325674K->199277K(716800K), 0.0071453 secs] [Times: user=0.08 sys=0.00, real=0.01 secs] 
2016-09-13T18:03:42.117-0400: 284.282: [GC (GCLocker Initiated GC) [PSYoungGen: 160645K->21704K(189952K)] 322803K->190122K(714240K), 0.0321264 secs] [Times: user=0.35 sys=0.01, real=0.03 secs] 
2016-09-13T18:03:42.324-0400: 284.489: [GC (Allocation Failure) [PSYoungGen: 143560K->26537K(192512K)] 318209K->201251K(716800K), 0.0086368 secs] [Times: user=0.09 sys=0.01, real=0.01 secs] 
2016-09-13T18:03:42.523-0400: 284.688: [GC (GCLocker Initiated GC) [PSYoungGen: 149495K->23441K(191488K)] 330283K->204384K(715776K), 0.0171030 secs] [Times: user=0.17 sys=0.00, real=0.02 secs] 
2016-09-13T18:03:42.721-0400: 284.887: [GC (GCLocker Initiated GC) [PSYoungGen: 147857K->49229K(190976K)] 328831K->230447K(715264K), 0.0179610 secs] [Times: user=0.18 sys=0.00, real=0.02 secs] 
2016-09-13T18:03:42.916-0400: 285.081: [GC (GCLocker Initiated GC) [PSYoungGen: 174157K->44831K(193024K)] 355482K->243040K(717312K), 0.0096863 secs] [Times: user=0.12 sys=0.00, real=0.00 secs] 
2016-09-13T18:03:43.114-0400: 285.279: [GC (GCLocker Initiated GC) [PSYoungGen: 169759K->44422K(193024K)] 367991K->242855K(717312K), 0.0241480 secs] [Times: user=0.20 sys=0.00, real=0.03 secs] 
2016-09-13T18:03:43.341-0400: 285.506: [GC (GCLocker Initiated GC) [PSYoungGen: 170374K->23345K(193536K)] 370537K->228187K(717824K), 0.0144077 secs] [Times: user=0.14 sys=0.00, real=0.01 secs] 
2016-09-13T18:03:43.540-0400: 285.706: [GC (GCLocker Initiated GC) [PSYoungGen: 149297K->34221K(189440K)] 354263K->239479K(713728K), 0.0108970 secs] [Times: user=0.09 sys=0.01, real=0.01 secs] 
2016-09-13T18:03:43.755-0400: 285.920: [GC (GCLocker Initiated GC) [PSYoungGen: 161709K->9735K(192000K)] 368543K->218348K(716288K), 0.0276520 secs] [Times: user=0.29 sys=0.00, real=0.03 secs] 
2016-09-13T18:03:43.952-0400: 286.117: [GC (GCLocker Initiated GC) [PSYoungGen: 137223K->47864K(191488K)] 346082K->257031K(715776K), 0.0149917 secs] [Times: user=0.16 sys=0.00, real=0.01 secs] 
2016-09-13T18:03:44.156-0400: 286.321: [GC (GCLocker Initiated GC) [PSYoungGen: 172792K->47740K(173056K)] 382199K->257328K(697344K), 0.0210884 secs] [Times: user=0.21 sys=0.01, real=0.02 secs] 
2016-09-13T18:03:44.365-0400: 286.531: [GC (GCLocker Initiated GC) [PSYoungGen: 172668K->23368K(193536K)] 385635K->236528K(717824K), 0.0061856 secs] [Times: user=0.04 sys=0.00, real=0.01 secs] 
2016-09-13T18:03:44.562-0400: 286.727: [GC (GCLocker Initiated GC) [PSYoungGen: 147272K->41912K(165888K)] 362129K->256971K(690176K), 0.0251001 secs] [Times: user=0.30 sys=0.00, real=0.02 secs] 
2016-09-13T18:03:44.749-0400: 286.914: [GC (Allocation Failure) [PSYoungGen: 165816K->32490K(194048K)] 380931K->247791K(718336K), 0.0052207 secs] [Times: user=0.04 sys=0.00, real=0.00 secs] 
2016-09-13T18:03:44.995-0400: 287.161: [GC (Allocation Failure) [PSYoungGen: 157851K->6851K(191488K)] 373152K->231498K(715776K), 0.0106167 secs] [Times: user=0.07 sys=0.01, real=0.01 secs] 
2016-09-13T18:03:45.202-0400: 287.367: [GC (GCLocker Initiated GC) [PSYoungGen: 133296K->25051K(195072K)] 364018K->256049K(719360K), 0.0127904 secs] [Times: user=0.14 sys=0.00, real=0.01 secs] 
2016-09-13T18:03:45.409-0400: 287.574: [GC (GCLocker Initiated GC) [PSYoungGen: 155099K->29516K(159744K)] 392395K->267014K(684032K), 0.0198817 secs] [Times: user=0.20 sys=0.00, real=0.02 secs] 
2016-09-13T18:03:45.618-0400: 287.784: [GC (GCLocker Initiated GC) [PSYoungGen: 159564K->34232K(196096K)] 397118K->271947K(720384K), 0.0261854 secs] [Times: user=0.27 sys=0.01, real=0.02 secs] 
2016-09-13T18:03:45.857-0400: 288.022: [GC (GCLocker Initiated GC) [PSYoungGen: 168376K->9863K(194048K)] 418349K->260046K(718336K), 0.0129096 secs] [Times: user=0.11 sys=0.00, real=0.01 secs] 
2016-09-13T18:03:46.054-0400: 288.220: [GC (GCLocker Initiated GC) [PSYoungGen: 144007K->43281K(197120K)] 395711K->295163K(721408K), 0.0273737 secs] [Times: user=0.31 sys=0.00, real=0.03 secs] 
2016-09-13T18:03:46.328-0400: 288.494: [GC (GCLocker Initiated GC) [PSYoungGen: 179473K->23469K(199168K)] 440753K->284828K(723456K), 0.0102586 secs] [Times: user=0.09 sys=0.00, real=0.01 secs] 
2016-09-13T18:03:46.514-0400: 288.679: [GC (GCLocker Initiated GC) [PSYoungGen: 159661K->50806K(192000K)] 422648K->313923K(716288K), 0.0215485 secs] [Times: user=0.20 sys=0.00, real=0.02 secs] 
2016-09-13T18:03:46.738-0400: 288.903: [GC (Allocation Failure) [PSYoungGen: 181878K->23627K(196608K)] 452888K->294800K(720896K), 0.0101165 secs] [Times: user=0.10 sys=0.00, real=0.01 secs] 
2016-09-13T18:03:46.977-0400: 289.143: [GC (GCLocker Initiated GC) [PSYoungGen: 153881K->26288K(189952K)] 426572K->299165K(714240K), 0.0154990 secs] [Times: user=0.14 sys=0.00, real=0.01 secs] 
2016-09-13T18:03:47.242-0400: 289.408: [GC (GCLocker Initiated GC) [PSYoungGen: 158896K->44544K(194048K)] 433331K->319035K(718336K), 0.0070493 secs] [Times: user=0.05 sys=0.00, real=0.01 secs] 
2016-09-13T18:03:47.443-0400: 289.609: [GC (Allocation Failure) [PSYoungGen: 177152K->38713K(199168K)] 454901K->322723K(723456K), 0.0100406 secs] [Times: user=0.08 sys=0.00, real=0.01 secs] 
2016-09-13T18:03:47.644-0400: 289.809: [GC (GCLocker Initiated GC) [PSYoungGen: 174393K->47613K(183296K)] 458407K->331812K(707584K), 0.0084271 secs] [Times: user=0.08 sys=0.00, real=0.01 secs] 
2016-09-13T18:03:47.853-0400: 290.019: [GC (GCLocker Initiated GC) [PSYoungGen: 183293K->9763K(194048K)] 479869K->306489K(718336K), 0.0079378 secs] [Times: user=0.06 sys=0.00, real=0.01 secs] 
2016-09-13T18:03:48.064-0400: 290.230: [GC (Allocation Failure) [PSYoungGen: 138787K->44730K(174080K)] 435610K->341701K(698368K), 0.0059243 secs] [Times: user=0.06 sys=0.00, real=0.01 secs] 
2016-09-13T18:03:48.266-0400: 290.431: [GC (GCLocker Initiated GC) [PSYoungGen: 173754K->46222K(191488K)] 470725K->344897K(715776K), 0.0110696 secs] [Times: user=0.10 sys=0.00, real=0.02 secs] 
2016-09-13T18:03:48.499-0400: 290.664: [GC (GCLocker Initiated GC) [PSYoungGen: 170126K->61342K(185344K)] 470580K->361989K(709632K), 0.0112570 secs] [Times: user=0.11 sys=0.00, real=0.01 secs] 
2016-09-13T18:03:48.681-0400: 290.846: [GC (Allocation Failure) [PSYoungGen: 185246K->41752K(188928K)] 487610K->344180K(713216K), 0.0070401 secs] [Times: user=0.07 sys=0.00, real=0.01 secs] 
2016-09-13T18:03:48.890-0400: 291.055: [GC (GCLocker Initiated GC) [PSYoungGen: 154904K->47865K(186368K)] 457338K->350504K(710656K), 0.0074476 secs] [Times: user=0.08 sys=0.00, real=0.01 secs] 
2016-09-13T18:03:49.062-0400: 291.228: [GC (GCLocker Initiated GC) [PSYoungGen: 161017K->28247K(187392K)] 463659K->331150K(711680K), 0.0087119 secs] [Times: user=0.08 sys=0.00, real=0.01 secs] 
2016-09-13T18:03:49.236-0400: 291.402: [GC (GCLocker Initiated GC) [PSYoungGen: 142935K->28023K(186880K)] 445991K->331394K(711168K), 0.0256436 secs] [Times: user=0.25 sys=0.01, real=0.02 secs] 
2016-09-13T18:03:49.434-0400: 291.599: [GC (GCLocker Initiated GC) [PSYoungGen: 142711K->23686K(188416K)] 450697K->331995K(712704K), 0.0063108 secs] [Times: user=0.08 sys=0.00, real=0.01 secs] 
2016-09-13T18:03:49.607-0400: 291.772: [GC (GCLocker Initiated GC) [PSYoungGen: 141958K->24986K(187392K)] 450387K->333601K(711680K), 0.0057956 secs] [Times: user=0.03 sys=0.01, real=0.01 secs] 
2016-09-13T18:03:49.818-0400: 291.984: [GC (Allocation Failure) [PSYoungGen: 143258K->41603K(190976K)] 451874K->350445K(715264K), 0.0246643 secs] [Times: user=0.23 sys=0.01, real=0.02 secs] 
2016-09-13T18:03:50.016-0400: 292.181: [GC (GCLocker Initiated GC) [PSYoungGen: 164995K->47800K(190464K)] 473842K->356785K(714752K), 0.0085923 secs] [Times: user=0.07 sys=0.01, real=0.00 secs] 
2016-09-13T18:03:50.210-0400: 292.376: [GC (GCLocker Initiated GC) [PSYoungGen: 171192K->9957K(191488K)] 487917K->327014K(715776K), 0.0185623 secs] [Times: user=0.18 sys=0.01, real=0.02 secs] 
2016-09-13T18:03:50.416-0400: 292.582: [GC (GCLocker Initiated GC) [PSYoungGen: 132837K->29548K(152576K)] 451438K->348425K(676864K), 0.0180165 secs] [Times: user=0.22 sys=0.00, real=0.01 secs] 
2016-09-13T18:03:50.651-0400: 292.816: [GC (GCLocker Initiated GC) [PSYoungGen: 152428K->23373K(193024K)] 483670K->362387K(717312K), 0.0108656 secs] [Times: user=0.11 sys=0.00, real=0.01 secs] 
2016-09-13T18:03:50.856-0400: 293.022: [GC (GCLocker Initiated GC) [PSYoungGen: 149325K->60018K(186368K)] 488705K->399628K(710656K), 0.0125920 secs] [Times: user=0.13 sys=0.00, real=0.01 secs] 
2016-09-13T18:03:51.066-0400: 293.232: [GC (GCLocker Initiated GC) [PSYoungGen: 185970K->14515K(189952K)] 531711K->360552K(714240K), 0.0045223 secs] [Times: user=0.03 sys=0.00, real=0.01 secs] 
2016-09-13T18:03:51.247-0400: 293.413: [GC (GCLocker Initiated GC) [PSYoungGen: 132275K->50748K(168960K)] 484449K->403147K(693248K), 0.0216473 secs] [Times: user=0.23 sys=0.00, real=0.03 secs] 
2016-09-13T18:03:51.449-0400: 293.614: [GC (GCLocker Initiated GC) [PSYoungGen: 168508K->9987K(187392K)] 533079K->383834K(711680K), 0.0119480 secs] [Times: user=0.16 sys=0.00, real=0.01 secs] 
2016-09-13T18:03:51.655-0400: 293.820: [GC (GCLocker Initiated GC) [PSYoungGen: 122627K->9640K(187392K)] 508649K->397410K(711680K), 0.0062231 secs] [Times: user=0.04 sys=0.00, real=0.01 secs] 
2016-09-13T18:03:51.851-0400: 294.017: [GC (GCLocker Initiated GC) [PSYoungGen: 122280K->11258K(184320K)] 522212K->414366K(708608K), 0.0142993 secs] [Times: user=0.14 sys=0.01, real=0.01 secs] 
2016-09-13T18:03:52.061-0400: 294.226: [GC (GCLocker Initiated GC) [PSYoungGen: 123898K->24892K(185856K)] 533273K->434492K(710144K), 0.0203750 secs] [Times: user=0.20 sys=0.00, real=0.02 secs] 
2016-09-13T18:03:52.255-0400: 294.420: [GC (GCLocker Initiated GC) [PSYoungGen: 137532K->14329K(186880K)] 559457K->436483K(711168K), 0.0182432 secs] [Times: user=0.17 sys=0.00, real=0.02 secs] 
2016-09-13T18:03:52.474-0400: 294.639: [GC (Allocation Failure) [PSYoungGen: 133625K->23496K(186880K)] 563627K->453657K(711168K), 0.0062573 secs] [Times: user=0.06 sys=0.00, real=0.01 secs] 
2016-09-13T18:03:52.652-0400: 294.817: [GC (Allocation Failure) [PSYoungGen: 138297K->5151K(190976K)] 568458K->435502K(715264K), 0.0258568 secs] [Times: user=0.29 sys=0.01, real=0.03 secs] 
2016-09-13T18:03:52.864-0400: 295.029: [GC (GCLocker Initiated GC) [PSYoungGen: 127089K->23308K(190976K)] 563514K->459903K(715264K), 0.0125611 secs] [Times: user=0.14 sys=0.01, real=0.02 secs] 
2016-09-13T18:03:53.071-0400: 295.237: [GC (Allocation Failure) [PSYoungGen: 150284K->34164K(193536K)] 593068K->477190K(717824K), 0.0099495 secs] [Times: user=0.12 sys=0.01, real=0.01 secs] 
2016-09-13T18:03:53.277-0400: 295.442: [GC (GCLocker Initiated GC) [PSYoungGen: 167483K->46248K(194048K)] 612027K->497006K(718336K), 0.0311565 secs] [Times: user=0.28 sys=0.00, real=0.03 secs] 
2016-09-13T18:03:53.498-0400: 295.664: [GC (GCLocker Initiated GC) [PSYoungGen: 179880K->52421K(186368K)] 636892K->509650K(710656K), 0.0104564 secs] [Times: user=0.11 sys=0.01, real=0.01 secs] 
2016-09-13T18:03:53.691-0400: 295.856: [GC (GCLocker Initiated GC) [PSYoungGen: 174277K->46376K(168448K)] 637590K->509918K(692736K), 0.0074293 secs] [Times: user=0.07 sys=0.00, real=0.01 secs] 
2016-09-13T18:03:53.930-0400: 296.096: [GC (Allocation Failure) [PSYoungGen: 168232K->4993K(188928K)] 645563K->482564K(713216K), 0.0297178 secs] [Times: user=0.19 sys=0.00, real=0.03 secs] 
2016-09-13T18:03:54.134-0400: 296.299: [GC (GCLocker Initiated GC) [PSYoungGen: 121729K->43149K(160256K)] 600819K->522310K(684544K), 0.0091300 secs] [Times: user=0.12 sys=0.00, real=0.01 secs] 
2016-09-13T18:03:54.315-0400: 296.480: [GC (GCLocker Initiated GC) [PSYoungGen: 159885K->44704K(186368K)] 639072K->524038K(710656K), 0.0132193 secs] [Times: user=0.16 sys=0.00, real=0.02 secs] 
2016-09-13T18:03:54.507-0400: 296.673: [GC (GCLocker Initiated GC) [PSYoungGen: 157344K->55459K(168448K)] 636718K->541142K(692736K), 0.0097739 secs] [Times: user=0.10 sys=0.00, real=0.02 secs] 
2016-09-13T18:03:54.676-0400: 296.842: [GC (GCLocker Initiated GC) [PSYoungGen: 168099K->49447K(180736K)] 653824K->546032K(705024K), 0.0153461 secs] [Times: user=0.14 sys=0.00, real=0.01 secs] 
2016-09-13T18:03:54.900-0400: 297.066: [GC (GCLocker Initiated GC) [PSYoungGen: 150823K->9640K(181760K)] 647472K->512582K(706048K), 0.0135095 secs] [Times: user=0.11 sys=0.00, real=0.01 secs] 
