Java HotSpot(TM) 64-Bit Server VM (25.101-b13) for linux-amd64 JRE (1.8.0_101-b13), built on Jun 22 2016 02:59:44 by "java_re" with gcc 4.3.0 20080428 (Red Hat 4.3.0-8)
Memory: 4k page, physical 264122320k(102628848k free), swap 268399612k(268399612k free)
CommandLine flags: -XX:GCLogFileSize=1048576 -XX:+HeapDumpOnOutOfMemoryError -XX:HeapDumpPath=artifacts/heapdump -XX:InitialHeapSize=805306368 -XX:MaxHeapSize=805306368 -XX:NumberOfGCLogFiles=10 -XX:+PrintGC -XX:+PrintGCDateStamps -XX:+PrintGCDetails -XX:+PrintGCTimeStamps -XX:+UseCompressedClassPointers -XX:+UseCompressedOops -XX:+UseGCLogFileRotation -XX:+UseParallelGC 
2016-09-25T21:15:25.402-0400: 2.189: [GC (Metadata GC Threshold) [PSYoungGen: 121898K->15576K(229376K)] 121898K->15664K(753664K), 0.0260701 secs] [Times: user=0.16 sys=0.01, real=0.03 secs] 
2016-09-25T21:15:25.428-0400: 2.215: [Full GC (Metadata GC Threshold) [PSYoungGen: 15576K->0K(229376K)] [ParOldGen: 88K->14601K(334336K)] 15664K->14601K(563712K), [Metaspace: 21071K->21071K(1067008K)], 0.0425082 secs] [Times: user=0.34 sys=0.02, real=0.04 secs] 
2016-09-25T21:15:27.292-0400: 4.079: [GC (Metadata GC Threshold) [PSYoungGen: 126190K->15028K(229376K)] 140791K->29765K(563712K), 0.0208361 secs] [Times: user=0.14 sys=0.03, real=0.02 secs] 
2016-09-25T21:15:27.313-0400: 4.100: [Full GC (Metadata GC Threshold) [PSYoungGen: 15028K->0K(229376K)] [ParOldGen: 14737K->20420K(524288K)] 29765K->20420K(753664K), [Metaspace: 35052K->35052K(1079296K)], 0.0559280 secs] [Times: user=0.40 sys=0.03, real=0.06 secs] 
2016-09-25T21:15:28.972-0400: 5.760: [GC (GCLocker Initiated GC) [PSYoungGen: 194251K->26988K(229376K)] 217371K->50116K(753664K), 0.0122898 secs] [Times: user=0.14 sys=0.00, real=0.02 secs] 
2016-09-25T21:15:29.236-0400: 6.023: [GC (GCLocker Initiated GC) [PSYoungGen: 223596K->27918K(229376K)] 246776K->51106K(753664K), 0.0081344 secs] [Times: user=0.07 sys=0.01, real=0.01 secs] 
2016-09-25T21:15:29.412-0400: 6.199: [GC (GCLocker Initiated GC) [PSYoungGen: 224526K->32383K(229376K)] 254523K->67788K(753664K), 0.0073936 secs] [Times: user=0.09 sys=0.02, real=0.01 secs] 
2016-09-25T21:15:29.589-0400: 6.376: [GC (GCLocker Initiated GC) [PSYoungGen: 228991K->31226K(215040K)] 278111K->83054K(739328K), 0.0140771 secs] [Times: user=0.17 sys=0.00, real=0.02 secs] 
2016-09-25T21:15:29.753-0400: 6.541: [GC (GCLocker Initiated GC) [PSYoungGen: 213498K->38370K(220672K)] 271268K->112348K(744960K), 0.0185187 secs] [Times: user=0.21 sys=0.01, real=0.02 secs] 
2016-09-25T21:15:29.936-0400: 6.723: [GC (GCLocker Initiated GC) [PSYoungGen: 220642K->25079K(217600K)] 306992K->111438K(741888K), 0.0094328 secs] [Times: user=0.12 sys=0.01, real=0.01 secs] 
2016-09-25T21:15:30.103-0400: 6.890: [GC (GCLocker Initiated GC) [PSYoungGen: 201207K->31762K(219136K)] 297242K->131093K(743424K), 0.0065435 secs] [Times: user=0.09 sys=0.01, real=0.00 secs] 
2016-09-25T21:15:30.274-0400: 7.061: [GC (GCLocker Initiated GC) [PSYoungGen: 207890K->12884K(217088K)] 323822K->129434K(741376K), 0.0040632 secs] [Times: user=0.04 sys=0.00, real=0.01 secs] 
2016-09-25T21:15:30.441-0400: 7.229: [GC (GCLocker Initiated GC) [PSYoungGen: 186964K->23590K(198144K)] 314485K->151612K(722432K), 0.0053875 secs] [Times: user=0.04 sys=0.00, real=0.01 secs] 
2016-09-25T21:15:30.599-0400: 7.386: [GC (GCLocker Initiated GC) [PSYoungGen: 197670K->20341K(218112K)] 334026K->157760K(742400K), 0.0156221 secs] [Times: user=0.14 sys=0.00, real=0.02 secs] 
2016-09-25T21:15:30.774-0400: 7.561: [GC (GCLocker Initiated GC) [PSYoungGen: 195957K->22553K(217600K)] 347080K->174837K(741888K), 0.0338675 secs] [Times: user=0.34 sys=0.00, real=0.04 secs] 
2016-09-25T21:15:30.966-0400: 7.753: [GC (GCLocker Initiated GC) [PSYoungGen: 198169K->38881K(214528K)] 353267K->200013K(738816K), 0.0059178 secs] [Times: user=0.06 sys=0.00, real=0.00 secs] 
2016-09-25T21:15:31.118-0400: 7.905: [GC (GCLocker Initiated GC) [PSYoungGen: 212961K->19867K(218112K)] 382297K->203296K(742400K), 0.0062847 secs] [Times: user=0.04 sys=0.00, real=0.01 secs] 
2016-09-25T21:15:31.293-0400: 8.081: [GC (GCLocker Initiated GC) [PSYoungGen: 193947K->37645K(213504K)] 377443K->232628K(737792K), 0.0107415 secs] [Times: user=0.13 sys=0.01, real=0.02 secs] 
2016-09-25T21:15:31.433-0400: 8.220: [GC (GCLocker Initiated GC) [PSYoungGen: 207629K->44345K(214528K)] 405345K->250824K(738816K), 0.0058483 secs] [Times: user=0.06 sys=0.00, real=0.01 secs] 
2016-09-25T21:15:31.583-0400: 8.371: [GC (GCLocker Initiated GC) [PSYoungGen: 214329K->30923K(210432K)] 430261K->269104K(734720K), 0.0055588 secs] [Times: user=0.06 sys=0.01, real=0.00 secs] 
2016-09-25T21:15:31.726-0400: 8.514: [GC (GCLocker Initiated GC) [PSYoungGen: 193739K->21125K(212480K)] 435992K->264009K(736768K), 0.0094703 secs] [Times: user=0.08 sys=0.00, real=0.01 secs] 
2016-09-25T21:15:31.859-0400: 8.646: [GC (GCLocker Initiated GC) [PSYoungGen: 183941K->41567K(207360K)] 426851K->293140K(731648K), 0.0057908 secs] [Times: user=0.05 sys=0.01, real=0.01 secs] 
2016-09-25T21:15:31.993-0400: 8.780: [GC (GCLocker Initiated GC) [PSYoungGen: 200287K->40217K(199168K)] 451933K->292474K(723456K), 0.0117291 secs] [Times: user=0.13 sys=0.04, real=0.02 secs] 
2016-09-25T21:15:32.136-0400: 8.923: [GC (GCLocker Initiated GC) [PSYoungGen: 198937K->28177K(210432K)] 458671K->288506K(734720K), 0.0045268 secs] [Times: user=0.05 sys=0.00, real=0.00 secs] 
2016-09-25T21:15:32.262-0400: 9.050: [GC (GCLocker Initiated GC) [PSYoungGen: 184849K->40171K(208384K)] 445244K->314707K(732672K), 0.0072484 secs] [Times: user=0.07 sys=0.01, real=0.00 secs] 
2016-09-25T21:15:32.401-0400: 9.189: [GC (GCLocker Initiated GC) [PSYoungGen: 196843K->32084K(207872K)] 471575K->312766K(732160K), 0.0211888 secs] [Times: user=0.25 sys=0.00, real=0.03 secs] 
2016-09-25T21:15:32.543-0400: 9.330: [GC (GCLocker Initiated GC) [PSYoungGen: 189268K->45488K(202752K)] 470188K->329646K(727040K), 0.0101669 secs] [Times: user=0.10 sys=0.00, real=0.00 secs] 
2016-09-25T21:15:32.699-0400: 9.486: [GC (GCLocker Initiated GC) [PSYoungGen: 202672K->32148K(209408K)] 492430K->322516K(733696K), 0.0107604 secs] [Times: user=0.10 sys=0.00, real=0.01 secs] 
2016-09-25T21:15:32.845-0400: 9.632: [GC (GCLocker Initiated GC) [PSYoungGen: 186772K->15834K(207360K)] 488015K->317655K(731648K), 0.0067286 secs] [Times: user=0.05 sys=0.00, real=0.00 secs] 
2016-09-25T21:15:32.978-0400: 9.765: [GC (GCLocker Initiated GC) [PSYoungGen: 170458K->36134K(207872K)] 477812K->344064K(732160K), 0.0150263 secs] [Times: user=0.15 sys=0.00, real=0.01 secs] 
2016-09-25T21:15:33.107-0400: 9.895: [GC (GCLocker Initiated GC) [PSYoungGen: 190758K->40011K(207872K)] 498845K->364844K(732160K), 0.0108810 secs] [Times: user=0.08 sys=0.03, real=0.01 secs] 
2016-09-25T21:15:33.258-0400: 10.045: [GC (GCLocker Initiated GC) [PSYoungGen: 194635K->14516K(206848K)] 530500K->361707K(731136K), 0.0061512 secs] [Times: user=0.04 sys=0.00, real=0.01 secs] 
2016-09-25T21:15:33.382-0400: 10.169: [GC (GCLocker Initiated GC) [PSYoungGen: 167092K->44234K(197120K)] 519750K->397523K(721408K), 0.0048582 secs] [Times: user=0.06 sys=0.01, real=0.01 secs] 
2016-09-25T21:15:33.506-0400: 10.293: [GC (GCLocker Initiated GC) [PSYoungGen: 196810K->56435K(192000K)] 550240K->415827K(716288K), 0.0094785 secs] [Times: user=0.10 sys=0.01, real=0.01 secs] 
2016-09-25T21:15:33.624-0400: 10.411: [GC (GCLocker Initiated GC) [PSYoungGen: 190579K->33452K(198144K)] 555407K->415037K(722432K), 0.0063096 secs] [Times: user=0.05 sys=0.03, real=0.00 secs] 
2016-09-25T21:15:33.743-0400: 10.530: [GC (GCLocker Initiated GC) [PSYoungGen: 167596K->38884K(193536K)] 554782K->432026K(717824K), 0.0228977 secs] [Times: user=0.31 sys=0.00, real=0.02 secs] 
2016-09-25T21:15:33.886-0400: 10.674: [GC (GCLocker Initiated GC) [PSYoungGen: 175588K->46920K(197120K)] 571615K->443487K(721408K), 0.0123768 secs] [Times: user=0.14 sys=0.03, real=0.01 secs] 
2016-09-25T21:15:34.036-0400: 10.823: [GC (GCLocker Initiated GC) [PSYoungGen: 183624K->26606K(200704K)] 588386K->431844K(724992K), 0.0048399 secs] [Times: user=0.03 sys=0.00, real=0.00 secs] 
2016-09-25T21:15:34.182-0400: 10.970: [GC (GCLocker Initiated GC) [PSYoungGen: 164846K->53721K(192000K)] 570147K->459578K(716288K), 0.0081497 secs] [Times: user=0.10 sys=0.00, real=0.00 secs] 
2016-09-25T21:15:34.324-0400: 11.111: [GC (GCLocker Initiated GC) [PSYoungGen: 191961K->31975K(198656K)] 600576K->451877K(722944K), 0.0097337 secs] [Times: user=0.11 sys=0.01, real=0.00 secs] 
2016-09-25T21:15:34.468-0400: 11.255: [GC (GCLocker Initiated GC) [PSYoungGen: 165095K->27732K(161280K)] 593133K->458964K(685568K), 0.0076337 secs] [Times: user=0.06 sys=0.01, real=0.01 secs] 
2016-09-25T21:15:34.613-0400: 11.401: [GC (GCLocker Initiated GC) [PSYoungGen: 160852K->29197K(197120K)] 594960K->469245K(721408K), 0.0061519 secs] [Times: user=0.06 sys=0.00, real=0.01 secs] 
2016-09-25T21:15:34.766-0400: 11.553: [GC (GCLocker Initiated GC) [PSYoungGen: 163853K->29256K(195584K)] 616086K->481972K(719872K), 0.0113804 secs] [Times: user=0.12 sys=0.00, real=0.01 secs] 
2016-09-25T21:15:34.910-0400: 11.698: [GC (GCLocker Initiated GC) [PSYoungGen: 163912K->48381K(195584K)] 616734K->501774K(719872K), 0.0048097 secs] [Times: user=0.05 sys=0.00, real=0.01 secs] 
2016-09-25T21:15:35.047-0400: 11.834: [GC (GCLocker Initiated GC) [PSYoungGen: 184573K->29274K(198144K)] 647541K->492712K(722432K), 0.0125585 secs] [Times: user=0.11 sys=0.01, real=0.01 secs] 
2016-09-25T21:15:35.187-0400: 11.975: [GC (Allocation Failure) [PSYoungGen: 165466K->39997K(198144K)] 631613K->506644K(722432K), 0.0051004 secs] [Times: user=0.05 sys=0.00, real=0.00 secs] 
2016-09-25T21:15:35.325-0400: 12.113: [GC (GCLocker Initiated GC) [PSYoungGen: 179773K->45387K(199680K)] 649123K->515240K(723968K), 0.0128037 secs] [Times: user=0.16 sys=0.00, real=0.01 secs] 
2016-09-25T21:15:35.472-0400: 12.259: [GC (GCLocker Initiated GC) [PSYoungGen: 185163K->24862K(201728K)] 665826K->505917K(726016K), 0.0103477 secs] [Times: user=0.12 sys=0.01, real=0.01 secs] 
2016-09-25T21:15:35.615-0400: 12.402: [GC (GCLocker Initiated GC) [PSYoungGen: 165662K->38363K(179200K)] 646783K->519708K(703488K), 0.0107804 secs] [Times: user=0.08 sys=0.00, real=0.01 secs] 
2016-09-25T21:15:35.756-0400: 12.543: [GC (GCLocker Initiated GC) [PSYoungGen: 179163K->31663K(202240K)] 663236K->516001K(726528K), 0.0088823 secs] [Times: user=0.05 sys=0.00, real=0.01 secs] 
2016-09-25T21:15:35.889-0400: 12.676: [GC (GCLocker Initiated GC) [PSYoungGen: 174511K->26185K(200192K)] 664351K->516245K(724480K), 0.0101188 secs] [Times: user=0.09 sys=0.01, real=0.01 secs] 
2016-09-25T21:15:36.045-0400: 12.832: [GC (GCLocker Initiated GC) [PSYoungGen: 169033K->46578K(199680K)] 661938K->539761K(723968K), 0.0366869 secs] [Times: user=0.37 sys=0.01, real=0.03 secs] 
2016-09-25T21:15:36.223-0400: 13.010: [GC (GCLocker Initiated GC) [PSYoungGen: 189426K->27613K(202240K)] 685527K->548276K(726528K), 0.0203794 secs] [Times: user=0.23 sys=0.02, real=0.02 secs] 
2016-09-25T21:15:36.244-0400: 13.031: [Full GC (Ergonomics) [PSYoungGen: 27613K->0K(202240K)] [ParOldGen: 520662K->54550K(524288K)] 548276K->54550K(726528K), [Metaspace: 43125K->43125K(1085440K)], 0.2529300 secs] [Times: user=3.18 sys=0.02, real=0.25 secs] 
2016-09-25T21:15:36.643-0400: 13.431: [GC (GCLocker Initiated GC) [PSYoungGen: 142848K->57486K(191488K)] 197431K->112069K(715776K), 0.0054664 secs] [Times: user=0.06 sys=0.01, real=0.00 secs] 
2016-09-25T21:15:36.786-0400: 13.574: [GC (GCLocker Initiated GC) [PSYoungGen: 190606K->23467K(197632K)] 247943K->89278K(721920K), 0.0078634 secs] [Times: user=0.03 sys=0.00, real=0.01 secs] 
2016-09-25T21:15:36.924-0400: 13.711: [GC (GCLocker Initiated GC) [PSYoungGen: 156587K->49164K(194048K)] 225131K->117944K(718336K), 0.0183281 secs] [Times: user=0.20 sys=0.00, real=0.02 secs] 
2016-09-25T21:15:37.077-0400: 13.864: [GC (GCLocker Initiated GC) [PSYoungGen: 179212K->19496K(196096K)] 256119K->123655K(720384K), 0.0100790 secs] [Times: user=0.12 sys=0.00, real=0.01 secs] 
2016-09-25T21:15:37.248-0400: 14.036: [GC (GCLocker Initiated GC) [PSYoungGen: 149544K->10115K(193024K)] 272608K->133422K(717312K), 0.0100432 secs] [Times: user=0.05 sys=0.00, real=0.01 secs] 
2016-09-25T21:15:37.395-0400: 14.182: [GC (GCLocker Initiated GC) [PSYoungGen: 137091K->31596K(158720K)] 269963K->164722K(683008K), 0.0144823 secs] [Times: user=0.15 sys=0.00, real=0.01 secs] 
2016-09-25T21:15:37.558-0400: 14.346: [GC (GCLocker Initiated GC) [PSYoungGen: 158572K->16821K(193024K)] 296958K->168951K(717312K), 0.0075223 secs] [Times: user=0.04 sys=0.00, real=0.01 secs] 
2016-09-25T21:15:37.728-0400: 14.515: [GC (GCLocker Initiated GC) [PSYoungGen: 145845K->37071K(192512K)] 298045K->189529K(716800K), 0.0122561 secs] [Times: user=0.12 sys=0.00, real=0.01 secs] 
2016-09-25T21:15:37.889-0400: 14.676: [GC (GCLocker Initiated GC) [PSYoungGen: 166095K->40071K(196608K)] 321426K->211918K(720896K), 0.0132497 secs] [Times: user=0.17 sys=0.01, real=0.01 secs] 
2016-09-25T21:15:38.100-0400: 14.887: [GC (GCLocker Initiated GC) [PSYoungGen: 174215K->40117K(197120K)] 351494K->217815K(721408K), 0.0158926 secs] [Times: user=0.21 sys=0.00, real=0.02 secs] 
2016-09-25T21:15:38.266-0400: 15.054: [GC (GCLocker Initiated GC) [PSYoungGen: 174261K->31991K(194048K)] 354751K->221140K(718336K), 0.0068237 secs] [Times: user=0.07 sys=0.00, real=0.00 secs] 
2016-09-25T21:15:38.438-0400: 15.225: [GC (GCLocker Initiated GC) [PSYoungGen: 168695K->23982K(196608K)] 360693K->216593K(720896K), 0.0144511 secs] [Times: user=0.16 sys=0.01, real=0.01 secs] 
2016-09-25T21:15:38.619-0400: 15.406: [GC (GCLocker Initiated GC) [PSYoungGen: 160686K->26497K(198144K)] 356060K->222415K(722432K), 0.0122241 secs] [Times: user=0.12 sys=0.00, real=0.01 secs] 
2016-09-25T21:15:38.801-0400: 15.588: [GC (GCLocker Initiated GC) [PSYoungGen: 169857K->33543K(200704K)] 368664K->235673K(724992K), 0.0244922 secs] [Times: user=0.29 sys=0.00, real=0.03 secs] 
2016-09-25T21:15:38.991-0400: 15.778: [GC (Allocation Failure) [PSYoungGen: 176903K->40201K(204288K)] 381866K->245755K(728576K), 0.0052261 secs] [Times: user=0.05 sys=0.00, real=0.01 secs] 
2016-09-25T21:15:39.174-0400: 15.962: [GC (GCLocker Initiated GC) [PSYoungGen: 189193K->29277K(178688K)] 394751K->240845K(702976K), 0.0088420 secs] [Times: user=0.05 sys=0.01, real=0.01 secs] 
2016-09-25T21:15:39.358-0400: 16.145: [GC (GCLocker Initiated GC) [PSYoungGen: 178269K->40202K(203776K)] 389877K->252441K(728064K), 0.0061822 secs] [Times: user=0.04 sys=0.01, real=0.01 secs] 
2016-09-25T21:15:39.518-0400: 16.305: [GC (GCLocker Initiated GC) [PSYoungGen: 189706K->33451K(204800K)] 402143K->268157K(729088K), 0.0079670 secs] [Times: user=0.04 sys=0.01, real=0.01 secs] 
2016-09-25T21:15:39.713-0400: 16.500: [GC (GCLocker Initiated GC) [PSYoungGen: 182955K->22667K(206336K)] 424451K->264807K(730624K), 0.0191720 secs] [Times: user=0.20 sys=0.00, real=0.02 secs] 
2016-09-25T21:15:39.899-0400: 16.686: [GC (GCLocker Initiated GC) [PSYoungGen: 175755K->44445K(205824K)] 417941K->287402K(730112K), 0.0078066 secs] [Times: user=0.09 sys=0.00, real=0.01 secs] 
2016-09-25T21:15:40.112-0400: 16.899: [GC (GCLocker Initiated GC) [PSYoungGen: 197533K->26689K(207872K)] 440494K->270351K(732160K), 0.0101059 secs] [Times: user=0.09 sys=0.01, real=0.02 secs] 
2016-09-25T21:15:40.292-0400: 17.079: [GC (GCLocker Initiated GC) [PSYoungGen: 179265K->32404K(185344K)] 429684K->283542K(709632K), 0.0098353 secs] [Times: user=0.08 sys=0.00, real=0.01 secs] 
2016-09-25T21:15:40.505-0400: 17.292: [GC (GCLocker Initiated GC) [PSYoungGen: 184980K->24247K(205312K)] 446922K->287071K(729600K), 0.0129634 secs] [Times: user=0.10 sys=0.00, real=0.01 secs] 
2016-09-25T21:15:40.696-0400: 17.483: [GC (GCLocker Initiated GC) [PSYoungGen: 177335K->36137K(204800K)] 440270K->299993K(729088K), 0.0193942 secs] [Times: user=0.19 sys=0.00, real=0.02 secs] 
2016-09-25T21:15:40.890-0400: 17.677: [GC (GCLocker Initiated GC) [PSYoungGen: 189225K->39151K(208384K)] 455800K->306571K(732672K), 0.0049491 secs] [Times: user=0.05 sys=0.00, real=0.01 secs] 
2016-09-25T21:15:41.110-0400: 17.897: [GC (GCLocker Initiated GC) [PSYoungGen: 196335K->32423K(189952K)] 466457K->303392K(714240K), 0.0076491 secs] [Times: user=0.07 sys=0.01, real=0.01 secs] 
2016-09-25T21:15:41.296-0400: 18.083: [GC (GCLocker Initiated GC) [PSYoungGen: 189607K->31082K(210432K)] 467339K->309764K(734720K), 0.0114063 secs] [Times: user=0.10 sys=0.00, real=0.01 secs] 
2016-09-25T21:15:41.532-0400: 18.319: [GC (GCLocker Initiated GC) [PSYoungGen: 191338K->12156K(208896K)] 478085K->313466K(733184K), 0.0078226 secs] [Times: user=0.08 sys=0.00, real=0.01 secs] 
2016-09-25T21:15:41.730-0400: 18.517: [GC (GCLocker Initiated GC) [PSYoungGen: 172412K->32229K(211968K)] 473808K->334693K(736256K), 0.0167134 secs] [Times: user=0.17 sys=0.01, real=0.02 secs] 
2016-09-25T21:15:41.936-0400: 18.723: [GC (GCLocker Initiated GC) [PSYoungGen: 194533K->39056K(211456K)] 497128K->358782K(735744K), 0.0065908 secs] [Times: user=0.06 sys=0.01, real=0.01 secs] 
2016-09-25T21:15:42.163-0400: 18.950: [GC (GCLocker Initiated GC) [PSYoungGen: 201360K->22799K(211968K)] 530744K->369293K(736256K), 0.0102018 secs] [Times: user=0.14 sys=0.00, real=0.00 secs] 
2016-09-25T21:15:42.376-0400: 19.163: [GC (GCLocker Initiated GC) [PSYoungGen: 184079K->36065K(211456K)] 530724K->383382K(735744K), 0.0137351 secs] [Times: user=0.11 sys=0.00, real=0.01 secs] 
2016-09-25T21:15:42.621-0400: 19.408: [GC (GCLocker Initiated GC) [PSYoungGen: 197345K->22713K(211456K)] 555494K->381515K(735744K), 0.0066782 secs] [Times: user=0.07 sys=0.00, real=0.01 secs] 
2016-09-25T21:15:42.857-0400: 19.644: [GC (GCLocker Initiated GC) [PSYoungGen: 184505K->24147K(211456K)] 543692K->384040K(735744K), 0.0135049 secs] [Times: user=0.13 sys=0.01, real=0.01 secs] 
2016-09-25T21:15:43.084-0400: 19.872: [GC (GCLocker Initiated GC) [PSYoungGen: 185939K->19824K(211968K)] 555329K->400627K(736256K), 0.0223527 secs] [Times: user=0.25 sys=0.00, real=0.02 secs] 
2016-09-25T21:15:43.324-0400: 20.111: [GC (GCLocker Initiated GC) [PSYoungGen: 183152K->30617K(211968K)] 563963K->412041K(736256K), 0.0089487 secs] [Times: user=0.09 sys=0.01, real=0.00 secs] 
2016-09-25T21:15:43.540-0400: 20.327: [GC (GCLocker Initiated GC) [PSYoungGen: 193945K->47093K(205312K)] 580798K->440015K(729600K), 0.0061537 secs] [Times: user=0.08 sys=0.00, real=0.01 secs] 
2016-09-25T21:15:43.733-0400: 20.520: [GC (GCLocker Initiated GC) [PSYoungGen: 204789K->27864K(209920K)] 597714K->434962K(734208K), 0.0293522 secs] [Times: user=0.32 sys=0.00, real=0.03 secs] 
2016-09-25T21:15:43.955-0400: 20.742: [GC (GCLocker Initiated GC) [PSYoungGen: 185560K->21298K(207360K)] 602339K->438645K(731648K), 0.0079610 secs] [Times: user=0.06 sys=0.01, real=0.01 secs] 
2016-09-25T21:15:44.156-0400: 20.943: [GC (GCLocker Initiated GC) [PSYoungGen: 180530K->32104K(209408K)] 597879K->450166K(733696K), 0.0110171 secs] [Times: user=0.13 sys=0.00, real=0.01 secs] 
2016-09-25T21:15:44.355-0400: 21.142: [GC (GCLocker Initiated GC) [PSYoungGen: 191336K->22753K(209920K)] 621591K->453614K(734208K), 0.0242631 secs] [Times: user=0.28 sys=0.00, real=0.02 secs] 
2016-09-25T21:15:44.594-0400: 21.381: [GC (GCLocker Initiated GC) [PSYoungGen: 185569K->21187K(211456K)] 620539K->456822K(735744K), 0.0137189 secs] [Times: user=0.09 sys=0.01, real=0.02 secs] 
2016-09-25T21:15:44.787-0400: 21.574: [GC (GCLocker Initiated GC) [PSYoungGen: 184003K->47001K(204800K)] 619880K->486299K(729088K), 0.0103296 secs] [Times: user=0.11 sys=0.01, real=0.01 secs] 
2016-09-25T21:15:44.994-0400: 21.781: [GC (GCLocker Initiated GC) [PSYoungGen: 203673K->23779K(209408K)] 645590K->477086K(733696K), 0.0125509 secs] [Times: user=0.10 sys=0.00, real=0.02 secs] 
2016-09-25T21:15:45.191-0400: 21.978: [GC (GCLocker Initiated GC) [PSYoungGen: 180451K->33465K(207360K)] 638011K->502431K(731648K), 0.0168921 secs] [Times: user=0.13 sys=0.04, real=0.02 secs] 
2016-09-25T21:15:45.398-0400: 22.186: [GC (GCLocker Initiated GC) [PSYoungGen: 191161K->38742K(208896K)] 662904K->511087K(733184K), 0.0388806 secs] [Times: user=0.42 sys=0.00, real=0.04 secs] 
2016-09-25T21:15:45.622-0400: 22.410: [GC (GCLocker Initiated GC) [PSYoungGen: 196438K->37563K(208896K)] 668932K->534979K(733184K), 0.0266139 secs] [Times: user=0.30 sys=0.00, real=0.02 secs] 
2016-09-25T21:15:45.851-0400: 22.638: [Full GC (Ergonomics) [PSYoungGen: 194235K->0K(208896K)] [ParOldGen: 506868K->78242K(524288K)] 701103K->78242K(733184K), [Metaspace: 43162K->43162K(1085440K)], 0.0831233 secs] [Times: user=0.37 sys=0.03, real=0.08 secs] 
2016-09-25T21:15:46.135-0400: 22.922: [GC (GCLocker Initiated GC) [PSYoungGen: 156672K->41818K(198656K)] 234916K->120062K(722944K), 0.0106360 secs] [Times: user=0.13 sys=0.00, real=0.01 secs] 
2016-09-25T21:15:46.342-0400: 23.130: [GC (GCLocker Initiated GC) [PSYoungGen: 198490K->33500K(209408K)] 283663K->120836K(733696K), 0.0149357 secs] [Times: user=0.19 sys=0.01, real=0.01 secs] 
2016-09-25T21:15:46.537-0400: 23.324: [GC (GCLocker Initiated GC) [PSYoungGen: 188636K->36069K(191488K)] 276040K->126825K(715776K), 0.0177359 secs] [Times: user=0.17 sys=0.00, real=0.02 secs] 
2016-09-25T21:15:46.759-0400: 23.546: [GC (Allocation Failure) [PSYoungGen: 191205K->32116K(208384K)] 284801K->126314K(732672K), 0.0154552 secs] [Times: user=0.18 sys=0.00, real=0.01 secs] 
2016-09-25T21:15:46.958-0400: 23.745: [GC (GCLocker Initiated GC) [PSYoungGen: 188788K->38811K(206848K)] 282991K->133576K(731136K), 0.0269255 secs] [Times: user=0.26 sys=0.00, real=0.03 secs] 
2016-09-25T21:15:47.189-0400: 23.976: [GC (GCLocker Initiated GC) [PSYoungGen: 195483K->36120K(210944K)] 293659K->134889K(735232K), 0.0119865 secs] [Times: user=0.11 sys=0.01, real=0.01 secs] 
2016-09-25T21:15:47.388-0400: 24.176: [GC (GCLocker Initiated GC) [PSYoungGen: 197400K->36069K(210944K)] 296410K->135667K(735232K), 0.0149005 secs] [Times: user=0.10 sys=0.00, real=0.02 secs] 
2016-09-25T21:15:47.610-0400: 24.397: [GC (GCLocker Initiated GC) [PSYoungGen: 197349K->27863K(211968K)] 296980K->128039K(736256K), 0.0117494 secs] [Times: user=0.09 sys=0.00, real=0.01 secs] 
2016-09-25T21:15:47.827-0400: 24.615: [GC (GCLocker Initiated GC) [PSYoungGen: 191191K->32117K(211968K)] 294282K->146582K(736256K), 0.0075888 secs] [Times: user=0.07 sys=0.00, real=0.01 secs] 
2016-09-25T21:15:48.025-0400: 24.812: [GC (GCLocker Initiated GC) [PSYoungGen: 195445K->40076K(211456K)] 312676K->157870K(735744K), 0.0301104 secs] [Times: user=0.28 sys=0.00, real=0.03 secs] 
2016-09-25T21:15:48.285-0400: 25.072: [GC (Allocation Failure) [PSYoungGen: 203916K->19786K(212480K)] 324487K->140899K(736768K), 0.0280063 secs] [Times: user=0.25 sys=0.00, real=0.02 secs] 
2016-09-25T21:15:54.482-0400: 31.269: [GC (GCLocker Initiated GC) [PSYoungGen: 183626K->29275K(212480K)] 304927K->151174K(736768K), 0.0147779 secs] [Times: user=0.11 sys=0.00, real=0.01 secs] 
2016-09-25T21:15:54.698-0400: 31.485: [GC (GCLocker Initiated GC) [PSYoungGen: 193115K->47039K(210944K)] 317747K->177592K(735232K), 0.0064330 secs] [Times: user=0.05 sys=0.00, real=0.01 secs] 
2016-09-25T21:15:54.919-0400: 31.707: [GC (Allocation Failure) [PSYoungGen: 210879K->30645K(210944K)] 341460K->186113K(735232K), 0.0081556 secs] [Times: user=0.06 sys=0.01, real=0.01 secs] 
2016-09-25T21:15:55.114-0400: 31.901: [GC (GCLocker Initiated GC) [PSYoungGen: 189153K->25132K(185344K)] 347322K->194605K(709632K), 0.0232072 secs] [Times: user=0.17 sys=0.01, real=0.03 secs] 
2016-09-25T21:15:55.297-0400: 32.085: [GC (GCLocker Initiated GC) [PSYoungGen: 184876K->31861K(211968K)] 354532K->202045K(736256K), 0.0525570 secs] [Times: user=0.56 sys=0.00, real=0.05 secs] 
2016-09-25T21:15:55.555-0400: 32.342: [GC (GCLocker Initiated GC) [PSYoungGen: 193141K->27931K(210432K)] 368951K->204264K(734720K), 0.0140436 secs] [Times: user=0.15 sys=0.00, real=0.01 secs] 
2016-09-25T21:15:55.774-0400: 32.561: [GC (GCLocker Initiated GC) [PSYoungGen: 189211K->33480K(211456K)] 368255K->213143K(735744K), 0.0103099 secs] [Times: user=0.12 sys=0.02, real=0.02 secs] 
2016-09-25T21:15:55.980-0400: 32.768: [GC (GCLocker Initiated GC) [PSYoungGen: 196808K->22695K(210432K)] 388816K->215271K(734720K), 0.0101126 secs] [Times: user=0.12 sys=0.01, real=0.01 secs] 
2016-09-25T21:15:56.176-0400: 32.963: [GC (GCLocker Initiated GC) [PSYoungGen: 186023K->45508K(207872K)] 378706K->238853K(732160K), 0.0074374 secs] [Times: user=0.06 sys=0.01, real=0.01 secs] 
2016-09-25T21:15:56.376-0400: 33.163: [GC (GCLocker Initiated GC) [PSYoungGen: 206276K->13251K(174080K)] 408052K->226397K(698368K), 0.0157799 secs] [Times: user=0.18 sys=0.00, real=0.01 secs] 
2016-09-25T21:15:56.562-0400: 33.349: [GC (GCLocker Initiated GC) [PSYoungGen: 174019K->50929K(198656K)] 387191K->264698K(722944K), 0.0068070 secs] [Times: user=0.07 sys=0.00, real=0.01 secs] 
2016-09-25T21:15:56.724-0400: 33.511: [GC (GCLocker Initiated GC) [PSYoungGen: 197361K->36047K(204288K)] 411201K->266634K(728576K), 0.0254628 secs] [Times: user=0.24 sys=0.00, real=0.02 secs] 
2016-09-25T21:15:56.927-0400: 33.714: [GC (GCLocker Initiated GC) [PSYoungGen: 182479K->18382K(203776K)] 418658K->255052K(728064K), 0.0158517 secs] [Times: user=0.16 sys=0.01, real=0.02 secs] 
2016-09-25T21:15:57.106-0400: 33.893: [GC (GCLocker Initiated GC) [PSYoungGen: 166350K->42638K(190976K)] 403030K->279854K(715264K), 0.0214687 secs] [Times: user=0.19 sys=0.01, real=0.02 secs] 
2016-09-25T21:15:57.294-0400: 34.081: [GC (GCLocker Initiated GC) [PSYoungGen: 190606K->38779K(204288K)] 427990K->290203K(728576K), 0.0102054 secs] [Times: user=0.12 sys=0.00, real=0.01 secs] 
2016-09-25T21:15:57.495-0400: 34.283: [GC (Allocation Failure) [PSYoungGen: 184699K->10594K(156672K)] 449834K->276276K(680960K), 0.0033739 secs] [Times: user=0.02 sys=0.01, real=0.00 secs] 
2016-09-25T21:15:57.658-0400: 34.445: [GC (GCLocker Initiated GC) [PSYoungGen: 154041K->44242K(198656K)] 422423K->324043K(722944K), 0.0227721 secs] [Times: user=0.26 sys=0.01, real=0.02 secs] 
2016-09-25T21:15:57.835-0400: 34.623: [GC (GCLocker Initiated GC) [PSYoungGen: 183506K->23702K(200704K)] 468859K->309528K(724992K), 0.0217336 secs] [Times: user=0.23 sys=0.01, real=0.02 secs] 
2016-09-25T21:15:58.044-0400: 34.831: [GC (GCLocker Initiated GC) [PSYoungGen: 162966K->30521K(195072K)] 456988K->325023K(719360K), 0.0093752 secs] [Times: user=0.05 sys=0.00, real=0.00 secs] 
2016-09-25T21:15:58.215-0400: 35.002: [GC (GCLocker Initiated GC) [PSYoungGen: 171321K->41558K(198144K)] 465896K->336641K(722432K), 0.0104792 secs] [Times: user=0.08 sys=0.01, real=0.01 secs] 
2016-09-25T21:15:58.397-0400: 35.184: [GC (GCLocker Initiated GC) [PSYoungGen: 182358K->31893K(201728K)] 482891K->332948K(726016K), 0.0113255 secs] [Times: user=0.08 sys=0.00, real=0.01 secs] 
2016-09-25T21:15:58.598-0400: 35.386: [GC (GCLocker Initiated GC) [PSYoungGen: 178325K->21037K(202752K)] 479520K->322731K(727040K), 0.0179987 secs] [Times: user=0.18 sys=0.00, real=0.02 secs] 
2016-09-25T21:15:58.814-0400: 35.601: [GC (GCLocker Initiated GC) [PSYoungGen: 167469K->25290K(202240K)] 477348K->335731K(726528K), 0.0125402 secs] [Times: user=0.12 sys=0.00, real=0.02 secs] 
2016-09-25T21:15:59.011-0400: 35.798: [GC (GCLocker Initiated GC) [PSYoungGen: 175306K->30636K(204288K)] 485813K->355265K(728576K), 0.0244139 secs] [Times: user=0.28 sys=0.00, real=0.03 secs] 
2016-09-25T21:15:59.236-0400: 36.023: [GC (GCLocker Initiated GC) [PSYoungGen: 180652K->33395K(206336K)] 510882K->364146K(730624K), 0.0256115 secs] [Times: user=0.30 sys=0.00, real=0.02 secs] 
2016-09-25T21:15:59.510-0400: 36.297: [GC (GCLocker Initiated GC) [PSYoungGen: 189555K->13082K(206848K)] 535256K->359274K(731136K), 0.0096679 secs] [Times: user=0.09 sys=0.00, real=0.01 secs] 
2016-09-25T21:15:59.695-0400: 36.482: [GC (GCLocker Initiated GC) [PSYoungGen: 169242K->41410K(205312K)] 518189K->390950K(729600K), 0.0171086 secs] [Times: user=0.15 sys=0.01, real=0.01 secs] 
2016-09-25T21:15:59.907-0400: 36.694: [GC (GCLocker Initiated GC) [PSYoungGen: 195010K->23795K(207872K)] 545950K->380670K(732160K), 0.0130751 secs] [Times: user=0.12 sys=0.01, real=0.01 secs] 
2016-09-25T21:16:00.077-0400: 36.864: [GC (GCLocker Initiated GC) [PSYoungGen: 177395K->31873K(204800K)] 536972K->391959K(729088K), 0.0208666 secs] [Times: user=0.22 sys=0.00, real=0.02 secs] 
2016-09-25T21:16:00.296-0400: 37.083: [GC (GCLocker Initiated GC) [PSYoungGen: 187009K->40167K(206848K)] 547314K->400943K(731136K), 0.0103845 secs] [Times: user=0.10 sys=0.00, real=0.01 secs] 
2016-09-25T21:16:00.499-0400: 37.286: [GC (GCLocker Initiated GC) [PSYoungGen: 195303K->45935K(202752K)] 556093K->407302K(727040K), 0.0115385 secs] [Times: user=0.10 sys=0.00, real=0.01 secs] 
2016-09-25T21:16:00.703-0400: 37.490: [GC (GCLocker Initiated GC) [PSYoungGen: 195439K->36413K(205824K)] 556816K->412196K(730112K), 0.0097869 secs] [Times: user=0.08 sys=0.00, real=0.00 secs] 
2016-09-25T21:16:00.921-0400: 37.708: [GC (GCLocker Initiated GC) [PSYoungGen: 185917K->47400K(200192K)] 561729K->424260K(724480K), 0.0121135 secs] [Times: user=0.14 sys=0.00, real=0.01 secs] 
2016-09-25T21:16:01.139-0400: 37.927: [GC (GCLocker Initiated GC) [PSYoungGen: 191784K->24662K(203264K)] 578104K->420125K(727552K), 0.0161341 secs] [Times: user=0.19 sys=0.01, real=0.02 secs] 
2016-09-25T21:16:01.336-0400: 38.124: [GC (GCLocker Initiated GC) [PSYoungGen: 169046K->37775K(201216K)] 564542K->442478K(725504K), 0.0227762 secs] [Times: user=0.24 sys=0.00, real=0.02 secs] 
2016-09-25T21:16:01.551-0400: 38.338: [GC (GCLocker Initiated GC) [PSYoungGen: 183183K->24304K(202752K)] 587910K->446236K(727040K), 0.0326586 secs] [Times: user=0.39 sys=0.00, real=0.04 secs] 
2016-09-25T21:16:01.771-0400: 38.558: [GC (GCLocker Initiated GC) [PSYoungGen: 169712K->39245K(204288K)] 591671K->462222K(728576K), 0.0278989 secs] [Times: user=0.34 sys=0.00, real=0.03 secs] 
2016-09-25T21:16:02.007-0400: 38.794: [GC (GCLocker Initiated GC) [PSYoungGen: 187725K->27065K(204800K)] 616212K->461933K(729088K), 0.0304699 secs] [Times: user=0.32 sys=0.01, real=0.03 secs] 
2016-09-25T21:16:02.214-0400: 39.001: [GC (GCLocker Initiated GC) [PSYoungGen: 175545K->40287K(204800K)] 610650K->476456K(729088K), 0.0062165 secs] [Times: user=0.04 sys=0.00, real=0.01 secs] 
2016-09-25T21:16:02.406-0400: 39.193: [GC (GCLocker Initiated GC) [PSYoungGen: 189791K->54016K(203776K)] 625984K->496594K(728064K), 0.0155494 secs] [Times: user=0.20 sys=0.00, real=0.01 secs] 
2016-09-25T21:16:02.637-0400: 39.424: [GC (GCLocker Initiated GC) [PSYoungGen: 203520K->4012K(192512K)] 667865K->488035K(716800K), 0.0112349 secs] [Times: user=0.10 sys=0.00, real=0.01 secs] 
2016-09-25T21:16:02.827-0400: 39.614: [GC (GCLocker Initiated GC) [PSYoungGen: 138156K->29393K(198144K)] 628981K->521083K(722432K), 0.0121004 secs] [Times: user=0.07 sys=0.02, real=0.01 secs] 
2016-09-25T21:16:02.997-0400: 39.785: [GC (GCLocker Initiated GC) [PSYoungGen: 163537K->32024K(189440K)] 658049K->527123K(713728K), 0.0216432 secs] [Times: user=0.20 sys=0.00, real=0.02 secs] 
2016-09-25T21:16:03.209-0400: 39.996: [GC (GCLocker Initiated GC) [PSYoungGen: 168728K->26730K(195072K)] 665178K->526502K(719360K), 0.0063887 secs] [Times: user=0.05 sys=0.01, real=0.01 secs] 
2016-09-25T21:16:03.422-0400: 40.209: [Full GC (Ergonomics) [PSYoungGen: 163434K->0K(195072K)] [ParOldGen: 505201K->110304K(524288K)] 668635K->110304K(719360K), [Metaspace: 43328K->43328K(1085440K)], 0.0698797 secs] [Times: user=0.34 sys=0.02, real=0.07 secs] 
2016-09-25T21:16:03.694-0400: 40.482: [GC (GCLocker Initiated GC) [PSYoungGen: 136704K->40312K(203264K)] 247011K->150619K(727552K), 0.0139572 secs] [Times: user=0.09 sys=0.00, real=0.01 secs] 
2016-09-25T21:16:03.915-0400: 40.703: [GC (GCLocker Initiated GC) [PSYoungGen: 187256K->38915K(204288K)] 297596K->151455K(728576K), 0.0124833 secs] [Times: user=0.12 sys=0.00, real=0.01 secs] 
2016-09-25T21:16:04.154-0400: 40.945: [GC (GCLocker Initiated GC) [PSYoungGen: 185859K->21402K(203776K)] 302468K->163010K(728064K), 0.0152791 secs] [Times: user=0.07 sys=0.00, real=0.02 secs] 
2016-09-25T21:16:04.376-0400: 41.163: [GC (GCLocker Initiated GC) [PSYoungGen: 168858K->10888K(158720K)] 321975K->181069K(683008K), 0.0229088 secs] [Times: user=0.18 sys=0.00, real=0.02 secs] 
2016-09-25T21:16:04.602-0400: 41.389: [GC (GCLocker Initiated GC) [PSYoungGen: 158344K->40568K(201728K)] 334108K->217346K(726016K), 0.0066285 secs] [Times: user=0.04 sys=0.01, real=0.01 secs] 
2016-09-25T21:16:04.791-0400: 41.579: [GC (GCLocker Initiated GC) [PSYoungGen: 183928K->43237K(186880K)] 363593K->223816K(711168K), 0.0173030 secs] [Times: user=0.20 sys=0.00, real=0.02 secs] 
2016-09-25T21:16:04.996-0400: 41.783: [GC (GCLocker Initiated GC) [PSYoungGen: 186597K->43239K(198144K)] 370117K->227594K(722432K), 0.0119338 secs] [Times: user=0.11 sys=0.00, real=0.01 secs] 
2016-09-25T21:16:05.187-0400: 41.974: [GC (GCLocker Initiated GC) [PSYoungGen: 180455K->32280K(169984K)] 372951K->225636K(694272K), 0.0378687 secs] [Times: user=0.41 sys=0.00, real=0.04 secs] 
2016-09-25T21:16:05.409-0400: 42.196: [GC (GCLocker Initiated GC) [PSYoungGen: 169496K->32364K(200192K)] 363255K->226984K(724480K), 0.0073513 secs] [Times: user=0.07 sys=0.00, real=0.01 secs] 
2016-09-25T21:16:05.608-0400: 42.395: [GC (GCLocker Initiated GC) [PSYoungGen: 173164K->40458K(198144K)] 370506K->238662K(722432K), 0.0080284 secs] [Times: user=0.04 sys=0.00, real=0.01 secs] 
2016-09-25T21:16:05.812-0400: 42.599: [GC (GCLocker Initiated GC) [PSYoungGen: 181258K->34885K(202752K)] 382403K->236802K(727040K), 0.0335633 secs] [Times: user=0.34 sys=0.00, real=0.04 secs] 
2016-09-25T21:16:06.040-0400: 42.827: [GC (GCLocker Initiated GC) [PSYoungGen: 182341K->40561K(202752K)] 392388K->251439K(727040K), 0.0070173 secs] [Times: user=0.07 sys=0.00, real=0.01 secs] 
2016-09-25T21:16:06.260-0400: 43.047: [GC (GCLocker Initiated GC) [PSYoungGen: 188017K->18688K(205312K)] 408396K->250814K(729600K), 0.0062757 secs] [Times: user=0.03 sys=0.00, real=0.01 secs] 
2016-09-25T21:16:06.450-0400: 43.237: [GC (GCLocker Initiated GC) [PSYoungGen: 168192K->44386K(194048K)] 400505K->277565K(718336K), 0.0183415 secs] [Times: user=0.18 sys=0.01, real=0.02 secs] 
2016-09-25T21:16:06.663-0400: 43.450: [GC (GCLocker Initiated GC) [PSYoungGen: 193890K->14595K(201728K)] 429784K->264751K(726016K), 0.0202139 secs] [Times: user=0.20 sys=0.00, real=0.02 secs] 
2016-09-25T21:16:06.865-0400: 43.652: [GC (GCLocker Initiated GC) [PSYoungGen: 157955K->30895K(174592K)] 409812K->297012K(698880K), 0.0114857 secs] [Times: user=0.15 sys=0.00, real=0.01 secs] 
2016-09-25T21:16:07.068-0400: 43.855: [GC (Allocation Failure) [PSYoungGen: 174255K->25239K(202752K)] 440686K->292369K(727040K), 0.0166178 secs] [Times: user=0.11 sys=0.00, real=0.02 secs] 
2016-09-25T21:16:07.086-0400: 43.873: [GC (GCLocker Initiated GC) [PSYoungGen: 27836K->1414K(201216K)] 294966K->299027K(725504K), 0.0044321 secs] [Times: user=0.04 sys=0.00, real=0.00 secs] 
2016-09-25T21:16:07.272-0400: 44.060: [GC (GCLocker Initiated GC) [PSYoungGen: 146883K->33762K(204800K)] 445846K->332725K(729088K), 0.0392936 secs] [Times: user=0.48 sys=0.00, real=0.04 secs] 
2016-09-25T21:16:07.505-0400: 44.292: [GC (GCLocker Initiated GC) [PSYoungGen: 180194K->22868K(169472K)] 488725K->341883K(693760K), 0.0132544 secs] [Times: user=0.13 sys=0.01, real=0.01 secs] 
2016-09-25T21:16:07.700-0400: 44.488: [GC (GCLocker Initiated GC) [PSYoungGen: 169300K->35121K(201728K)] 492465K->359082K(726016K), 0.0069480 secs] [Times: user=0.05 sys=0.00, real=0.01 secs] 
2016-09-25T21:16:07.892-0400: 44.679: [GC (GCLocker Initiated GC) [PSYoungGen: 181553K->40292K(201728K)] 505546K->381235K(726016K), 0.0134340 secs] [Times: user=0.13 sys=0.01, real=0.02 secs] 
2016-09-25T21:16:08.079-0400: 44.866: [GC (GCLocker Initiated GC) [PSYoungGen: 186724K->42960K(201216K)] 530404K->398158K(725504K), 0.0132763 secs] [Times: user=0.11 sys=0.01, real=0.01 secs] 
2016-09-25T21:16:08.292-0400: 45.080: [GC (GCLocker Initiated GC) [PSYoungGen: 187344K->48485K(193024K)] 542638K->404578K(717312K), 0.0135725 secs] [Times: user=0.19 sys=0.00, real=0.02 secs] 
2016-09-25T21:16:08.514-0400: 45.301: [GC (GCLocker Initiated GC) [PSYoungGen: 192869K->33603K(202240K)] 551768K->393265K(726528K), 0.0076498 secs] [Times: user=0.08 sys=0.01, real=0.01 secs] 
2016-09-25T21:16:08.733-0400: 45.521: [GC (GCLocker Initiated GC) [PSYoungGen: 173379K->32223K(172032K)] 535744K->395319K(696320K), 0.0080592 secs] [Times: user=0.06 sys=0.00, real=0.01 secs] 
2016-09-25T21:16:08.940-0400: 45.728: [GC (GCLocker Initiated GC) [PSYoungGen: 171999K->24096K(198144K)] 540554K->393408K(722432K), 0.0100164 secs] [Times: user=0.05 sys=0.01, real=0.01 secs] 
2016-09-25T21:16:09.158-0400: 45.945: [GC (GCLocker Initiated GC) [PSYoungGen: 164896K->32275K(197120K)] 539843K->408032K(721408K), 0.0134889 secs] [Times: user=0.12 sys=0.00, real=0.01 secs] 
2016-09-25T21:16:09.358-0400: 46.146: [GC (GCLocker Initiated GC) [PSYoungGen: 173075K->35073K(203776K)] 551601K->414489K(728064K), 0.0299204 secs] [Times: user=0.24 sys=0.01, real=0.03 secs] 
2016-09-25T21:16:09.832-0400: 46.619: [GC (GCLocker Initiated GC) [PSYoungGen: 184577K->32443K(202752K)] 564006K->412725K(727040K), 0.0173548 secs] [Times: user=0.17 sys=0.00, real=0.02 secs] 
2016-09-25T21:16:10.050-0400: 46.838: [GC (GCLocker Initiated GC) [PSYoungGen: 181947K->12464K(204288K)] 569202K->414236K(728576K), 0.0186311 secs] [Times: user=0.25 sys=0.00, real=0.02 secs] 
2016-09-25T21:16:10.253-0400: 47.040: [GC (GCLocker Initiated GC) [PSYoungGen: 165552K->43306K(205824K)] 571407K->450313K(730112K), 0.0233836 secs] [Times: user=0.24 sys=0.00, real=0.03 secs] 
2016-09-25T21:16:10.467-0400: 47.254: [GC (GCLocker Initiated GC) [PSYoungGen: 196394K->24621K(207872K)] 611728K->465319K(732160K), 0.0084915 secs] [Times: user=0.11 sys=0.00, real=0.01 secs] 
2016-09-25T21:16:10.662-0400: 47.449: [GC (GCLocker Initiated GC) [PSYoungGen: 177197K->23447K(176128K)] 624705K->482922K(700416K), 0.0124457 secs] [Times: user=0.14 sys=0.00, real=0.01 secs] 
2016-09-25T21:16:10.863-0400: 47.650: [GC (GCLocker Initiated GC) [PSYoungGen: 176023K->40578K(204288K)] 642314K->508045K(728576K), 0.0449308 secs] [Times: user=0.30 sys=0.05, real=0.04 secs] 
2016-09-25T21:16:11.074-0400: 47.861: [GC (GCLocker Initiated GC) [PSYoungGen: 191618K->53942K(205312K)] 659122K->546758K(729600K), 0.0101567 secs] [Times: user=0.13 sys=0.00, real=0.02 secs] 
2016-09-25T21:16:11.084-0400: 47.871: [Full GC (Ergonomics) [PSYoungGen: 53942K->0K(205312K)] [ParOldGen: 492815K->137976K(524288K)] 546758K->137976K(729600K), [Metaspace: 43341K->43341K(1085440K)], 0.0838437 secs] [Times: user=0.61 sys=0.05, real=0.08 secs] 
2016-09-25T21:16:11.343-0400: 48.130: [GC (GCLocker Initiated GC) [PSYoungGen: 151040K->42082K(197120K)] 291763K->182805K(721408K), 0.0127197 secs] [Times: user=0.10 sys=0.00, real=0.01 secs] 
2016-09-25T21:16:11.513-0400: 48.300: [GC (GCLocker Initiated GC) [PSYoungGen: 182370K->29461K(201216K)] 328586K->193131K(725504K), 0.0074954 secs] [Times: user=0.08 sys=0.01, real=0.01 secs] 
2016-09-25T21:16:11.742-0400: 48.529: [GC (GCLocker Initiated GC) [PSYoungGen: 169749K->11716K(200704K)] 341552K->189582K(724992K), 0.0414750 secs] [Times: user=0.43 sys=0.02, real=0.05 secs] 
2016-09-25T21:16:11.936-0400: 48.723: [GC (GCLocker Initiated GC) [PSYoungGen: 153028K->37523K(201728K)] 333609K->232320K(726016K), 0.0072911 secs] [Times: user=0.09 sys=0.01, real=0.01 secs] 
2016-09-25T21:16:12.108-0400: 48.896: [GC (GCLocker Initiated GC) [PSYoungGen: 178835K->32093K(196096K)] 376477K->230408K(720384K), 0.0138891 secs] [Times: user=0.15 sys=0.01, real=0.02 secs] 
2016-09-25T21:16:12.281-0400: 49.068: [GC (GCLocker Initiated GC) [PSYoungGen: 173917K->37515K(199168K)] 372276K->236549K(723456K), 0.0085180 secs] [Times: user=0.08 sys=0.01, real=0.01 secs] 
2016-09-25T21:16:12.444-0400: 49.232: [GC (GCLocker Initiated GC) [PSYoungGen: 179339K->30851K(200192K)] 381105K->249538K(724480K), 0.0152029 secs] [Times: user=0.20 sys=0.02, real=0.01 secs] 
2016-09-25T21:16:12.646-0400: 49.434: [GC (GCLocker Initiated GC) [PSYoungGen: 178819K->38811K(202752K)] 404434K->265097K(727040K), 0.0150575 secs] [Times: user=0.14 sys=0.00, real=0.01 secs] 
2016-09-25T21:16:12.851-0400: 49.638: [GC (GCLocker Initiated GC) [PSYoungGen: 186779K->21287K(207360K)] 422539K->257682K(731648K), 0.0087403 secs] [Times: user=0.07 sys=0.00, real=0.01 secs] 
2016-09-25T21:16:13.023-0400: 49.810: [GC (GCLocker Initiated GC) [PSYoungGen: 173863K->33394K(186368K)] 418563K->278675K(710656K), 0.0080221 secs] [Times: user=0.07 sys=0.01, real=0.00 secs] 
2016-09-25T21:16:13.213-0400: 50.000: [GC (GCLocker Initiated GC) [PSYoungGen: 185970K->34669K(206336K)] 431278K->291355K(730624K), 0.0145876 secs] [Times: user=0.18 sys=0.00, real=0.02 secs] 
2016-09-25T21:16:13.432-0400: 50.219: [GC (GCLocker Initiated GC) [PSYoungGen: 188269K->25314K(205312K)] 451901K->308422K(729600K), 0.0053147 secs] [Times: user=0.05 sys=0.00, real=0.01 secs] 
2016-09-25T21:16:13.615-0400: 50.402: [GC (GCLocker Initiated GC) [PSYoungGen: 178914K->21100K(208896K)] 466297K->309051K(733184K), 0.0106818 secs] [Times: user=0.11 sys=0.01, real=0.01 secs] 
2016-09-25T21:16:13.776-0400: 50.564: [GC (GCLocker Initiated GC) [PSYoungGen: 178796K->33092K(208896K)] 471038K->325837K(733184K), 0.0087801 secs] [Times: user=0.05 sys=0.00, real=0.01 secs] 
2016-09-25T21:16:13.963-0400: 50.751: [GC (GCLocker Initiated GC) [PSYoungGen: 190788K->38541K(208384K)] 483551K->331718K(732672K), 0.0076381 secs] [Times: user=0.06 sys=0.01, real=0.00 secs] 
2016-09-25T21:16:14.145-0400: 50.932: [GC (Allocation Failure) [PSYoungGen: 197261K->19652K(209408K)] 506682K->342917K(733696K), 0.0063442 secs] [Times: user=0.06 sys=0.00, real=0.00 secs] 
2016-09-25T21:16:14.325-0400: 51.112: [GC (GCLocker Initiated GC) [PSYoungGen: 178372K->38679K(208896K)] 501824K->362475K(733184K), 0.0053263 secs] [Times: user=0.04 sys=0.01, real=0.00 secs] 
2016-09-25T21:16:14.509-0400: 51.296: [GC (GCLocker Initiated GC) [PSYoungGen: 196375K->48300K(206336K)] 522973K->375335K(730624K), 0.0061348 secs] [Times: user=0.07 sys=0.00, real=0.01 secs] 
2016-09-25T21:16:14.700-0400: 51.488: [GC (GCLocker Initiated GC) [PSYoungGen: 205996K->38861K(205312K)] 535764K->369153K(729600K), 0.0081249 secs] [Times: user=0.07 sys=0.01, real=0.01 secs] 
2016-09-25T21:16:14.909-0400: 51.696: [GC (GCLocker Initiated GC) [PSYoungGen: 188365K->15905K(165888K)] 528138K->369784K(690176K), 0.0161561 secs] [Times: user=0.15 sys=0.00, real=0.02 secs] 
2016-09-25T21:16:15.104-0400: 51.891: [GC (GCLocker Initiated GC) [PSYoungGen: 165409K->40116K(204288K)] 519525K->405696K(728576K), 0.0102034 secs] [Times: user=0.09 sys=0.00, real=0.01 secs] 
2016-09-25T21:16:15.293-0400: 52.080: [GC (GCLocker Initiated GC) [PSYoungGen: 187572K->42785K(190464K)] 553206K->409033K(714752K), 0.0081737 secs] [Times: user=0.04 sys=0.01, real=0.01 secs] 
2016-09-25T21:16:15.462-0400: 52.250: [GC (Allocation Failure) [PSYoungGen: 190241K->40207K(203264K)] 559393K->409998K(727552K), 0.0082614 secs] [Times: user=0.07 sys=0.00, real=0.00 secs] 
2016-09-25T21:16:15.631-0400: 52.418: [GC (GCLocker Initiated GC) [PSYoungGen: 184591K->38959K(183808K)] 554390K->417539K(708096K), 0.0066475 secs] [Times: user=0.05 sys=0.00, real=0.01 secs] 
2016-09-25T21:16:15.855-0400: 52.643: [GC (GCLocker Initiated GC) [PSYoungGen: 183343K->33526K(204288K)] 564626K->415536K(728576K), 0.0077994 secs] [Times: user=0.06 sys=0.00, real=0.01 secs] 
2016-09-25T21:16:16.119-0400: 52.907: [GC (GCLocker Initiated GC) [PSYoungGen: 179958K->19012K(202240K)] 571443K->411271K(726528K), 0.0056278 secs] [Times: user=0.04 sys=0.00, real=0.01 secs] 
2016-09-25T21:16:16.365-0400: 53.153: [GC (GCLocker Initiated GC) [PSYoungGen: 165444K->27480K(205312K)] 565989K->429248K(729600K), 0.0095067 secs] [Times: user=0.08 sys=0.00, real=0.01 secs] 
2016-09-25T21:16:16.610-0400: 53.397: [GC (GCLocker Initiated GC) [PSYoungGen: 176984K->49105K(198656K)] 578757K->452364K(722944K), 0.0113061 secs] [Times: user=0.11 sys=0.01, real=0.01 secs] 
2016-09-25T21:16:16.884-0400: 53.671: [GC (Allocation Failure) [PSYoungGen: 198609K->23458K(203776K)] 608851K->435140K(728064K), 0.0273170 secs] [Times: user=0.29 sys=0.00, real=0.02 secs] 
2016-09-25T21:16:16.914-0400: 53.701: [GC (GCLocker Initiated GC) [PSYoungGen: 24383K->64K(145408K)] 436065K->441782K(669696K), 0.0174488 secs] [Times: user=0.19 sys=0.00, real=0.02 secs] 
2016-09-25T21:16:17.155-0400: 53.943: [GC (GCLocker Initiated GC) [PSYoungGen: 144103K->32044K(202752K)] 589871K->477813K(727040K), 0.0099346 secs] [Times: user=0.08 sys=0.01, real=0.01 secs] 
2016-09-25T21:16:17.364-0400: 54.151: [GC (GCLocker Initiated GC) [PSYoungGen: 173356K->31507K(173056K)] 627253K->487349K(697344K), 0.0181063 secs] [Times: user=0.18 sys=0.00, real=0.01 secs] 
2016-09-25T21:16:17.596-0400: 54.383: [GC (GCLocker Initiated GC) [PSYoungGen: 172819K->28720K(200704K)] 636983K->494307K(724992K), 0.0294944 secs] [Times: user=0.27 sys=0.00, real=0.03 secs] 
2016-09-25T21:16:17.829-0400: 54.616: [GC (GCLocker Initiated GC) [PSYoungGen: 172592K->51880K(198144K)] 640904K->524364K(722432K), 0.0098741 secs] [Times: user=0.14 sys=0.00, real=0.01 secs] 
2016-09-25T21:16:18.042-0400: 54.829: [GC (Allocation Failure) [PSYoungGen: 195752K->43791K(199168K)] 671106K->542211K(723456K), 0.0068247 secs] [Times: user=0.08 sys=0.00, real=0.01 secs] 
2016-09-25T21:16:18.049-0400: 54.836: [Full GC (Ergonomics) [PSYoungGen: 43791K->0K(199168K)] [ParOldGen: 498420K->166546K(524288K)] 542211K->166546K(723456K), [Metaspace: 43362K->43362K(1085440K)], 0.0789325 secs] [Times: user=0.50 sys=0.00, real=0.08 secs] 
2016-09-25T21:16:18.348-0400: 55.136: [GC (GCLocker Initiated GC) [PSYoungGen: 139194K->33360K(173056K)] 305892K->200059K(697344K), 0.0090139 secs] [Times: user=0.10 sys=0.00, real=0.01 secs] 
2016-09-25T21:16:18.570-0400: 55.357: [GC (GCLocker Initiated GC) [PSYoungGen: 172624K->17736K(199680K)] 344845K->191755K(723968K), 0.0170452 secs] [Times: user=0.13 sys=0.00, real=0.02 secs] 
2016-09-25T21:16:18.795-0400: 55.583: [GC (GCLocker Initiated GC) [PSYoungGen: 158536K->27392K(199680K)] 337231K->207432K(723968K), 0.0079278 secs] [Times: user=0.06 sys=0.01, real=0.01 secs] 
2016-09-25T21:16:19.018-0400: 55.805: [GC (GCLocker Initiated GC) [PSYoungGen: 168192K->46508K(198144K)] 348272K->228137K(722432K), 0.0063398 secs] [Times: user=0.06 sys=0.00, real=0.01 secs] 
2016-09-25T21:16:19.220-0400: 56.007: [GC (GCLocker Initiated GC) [PSYoungGen: 187820K->51963K(193536K)] 369532K->245841K(717824K), 0.0220852 secs] [Times: user=0.23 sys=0.00, real=0.02 secs] 
2016-09-25T21:16:19.452-0400: 56.239: [GC (GCLocker Initiated GC) [PSYoungGen: 193275K->14096K(196608K)] 395263K->233770K(720896K), 0.0144586 secs] [Times: user=0.10 sys=0.01, real=0.02 secs] 
2016-09-25T21:16:19.654-0400: 56.441: [GC (GCLocker Initiated GC) [PSYoungGen: 146192K->40727K(197120K)] 368579K->264797K(721408K), 0.0052546 secs] [Times: user=0.04 sys=0.00, real=0.01 secs] 
2016-09-25T21:16:19.845-0400: 56.632: [GC (GCLocker Initiated GC) [PSYoungGen: 172823K->38244K(194048K)] 396930K->263552K(718336K), 0.0219567 secs] [Times: user=0.22 sys=0.00, real=0.02 secs] 
2016-09-25T21:16:20.048-0400: 56.835: [GC (GCLocker Initiated GC) [PSYoungGen: 170340K->13894K(195584K)] 408024K->271836K(719872K), 0.0079506 secs] [Times: user=0.06 sys=0.00, real=0.01 secs] 
2016-09-25T21:16:20.232-0400: 57.019: [GC (GCLocker Initiated GC) [PSYoungGen: 145990K->33336K(194048K)] 404050K->292789K(718336K), 0.0085310 secs] [Times: user=0.07 sys=0.00, real=0.01 secs] 
2016-09-25T21:16:20.376-0400: 57.163: [GC (GCLocker Initiated GC) [PSYoungGen: 167992K->42895K(196096K)] 427544K->303080K(720384K), 0.0147364 secs] [Times: user=0.11 sys=0.00, real=0.01 secs] 
2016-09-25T21:16:20.591-0400: 57.379: [GC (Allocation Failure) [PSYoungGen: 177551K->30741K(196608K)] 443187K->318734K(720896K), 0.0057558 secs] [Times: user=0.04 sys=0.00, real=0.01 secs] 
2016-09-25T21:16:20.799-0400: 57.586: [GC (GCLocker Initiated GC) [PSYoungGen: 166741K->18423K(198144K)] 457434K->320452K(722432K), 0.0089020 secs] [Times: user=0.08 sys=0.00, real=0.01 secs] 
2016-09-25T21:16:21.011-0400: 57.798: [GC (GCLocker Initiated GC) [PSYoungGen: 156663K->23869K(199168K)] 469557K->337308K(723456K), 0.0056295 secs] [Times: user=0.04 sys=0.00, real=0.01 secs] 
2016-09-25T21:16:21.210-0400: 57.997: [GC (GCLocker Initiated GC) [PSYoungGen: 166205K->38723K(200704K)] 482503K->355580K(724992K), 0.0078962 secs] [Times: user=0.07 sys=0.00, real=0.01 secs] 
2016-09-25T21:16:21.415-0400: 58.202: [GC (GCLocker Initiated GC) [PSYoungGen: 181059K->29349K(199680K)] 506250K->355104K(723968K), 0.0105046 secs] [Times: user=0.08 sys=0.01, real=0.01 secs] 
2016-09-25T21:16:21.634-0400: 58.422: [GC (GCLocker Initiated GC) [PSYoungGen: 174757K->36133K(201728K)] 500515K->362524K(726016K), 0.0046334 secs] [Times: user=0.03 sys=0.00, real=0.00 secs] 
2016-09-25T21:16:21.858-0400: 58.645: [GC (GCLocker Initiated GC) [PSYoungGen: 181541K->27863K(201728K)] 507934K->354793K(726016K), 0.0053109 secs] [Times: user=0.04 sys=0.00, real=0.01 secs] 
2016-09-25T21:16:22.035-0400: 58.823: [GC (GCLocker Initiated GC) [PSYoungGen: 178391K->33687K(204288K)] 510723K->366610K(728576K), 0.0121859 secs] [Times: user=0.10 sys=0.00, real=0.01 secs] 
2016-09-25T21:16:22.244-0400: 59.032: [GC (GCLocker Initiated GC) [PSYoungGen: 184215K->28431K(204288K)] 520412K->365507K(728576K), 0.0156804 secs] [Times: user=0.16 sys=0.00, real=0.01 secs] 
2016-09-25T21:16:22.459-0400: 59.246: [GC (GCLocker Initiated GC) [PSYoungGen: 184591K->36687K(206848K)] 527170K->380322K(731136K), 0.0091578 secs] [Times: user=0.07 sys=0.00, real=0.01 secs] 
2016-09-25T21:16:22.707-0400: 59.494: [GC (GCLocker Initiated GC) [PSYoungGen: 192847K->12520K(208896K)] 551300K->371921K(733184K), 0.0129807 secs] [Times: user=0.15 sys=0.00, real=0.01 secs] 
2016-09-25T21:16:22.916-0400: 59.703: [GC (GCLocker Initiated GC) [PSYoungGen: 170216K->48847K(206848K)] 535251K->415075K(731136K), 0.0060404 secs] [Times: user=0.07 sys=0.00, real=0.00 secs] 
2016-09-25T21:16:23.142-0400: 59.930: [GC (GCLocker Initiated GC) [PSYoungGen: 206543K->36508K(204800K)] 572792K->403842K(729088K), 0.0057545 secs] [Times: user=0.04 sys=0.00, real=0.00 secs] 
2016-09-25T21:16:23.342-0400: 60.129: [GC (GCLocker Initiated GC) [PSYoungGen: 186012K->38084K(205824K)] 556048K->417220K(730112K), 0.0089689 secs] [Times: user=0.08 sys=0.00, real=0.01 secs] 
2016-09-25T21:16:23.563-0400: 60.350: [GC (GCLocker Initiated GC) [PSYoungGen: 187588K->32259K(200704K)] 566757K->412470K(724992K), 0.0256304 secs] [Times: user=0.22 sys=0.00, real=0.02 secs] 
2016-09-25T21:16:23.773-0400: 60.560: [GC (GCLocker Initiated GC) [PSYoungGen: 181763K->16056K(203264K)] 562197K->419075K(727552K), 0.0263956 secs] [Times: user=0.30 sys=0.01, real=0.03 secs] 
2016-09-25T21:16:24.014-0400: 60.801: [GC (GCLocker Initiated GC) [PSYoungGen: 165560K->6812K(204288K)] 594432K->436635K(728576K), 0.0179617 secs] [Times: user=0.21 sys=0.00, real=0.02 secs] 
2016-09-25T21:16:24.250-0400: 61.037: [GC (GCLocker Initiated GC) [PSYoungGen: 156316K->21293K(205824K)] 595782K->461676K(730112K), 0.0166835 secs] [Times: user=0.12 sys=0.00, real=0.02 secs] 
2016-09-25T21:16:24.452-0400: 61.239: [GC (GCLocker Initiated GC) [PSYoungGen: 170797K->37455K(204800K)] 613908K->481385K(729088K), 0.0152376 secs] [Times: user=0.14 sys=0.01, real=0.02 secs] 
2016-09-25T21:16:24.663-0400: 61.450: [GC (GCLocker Initiated GC) [PSYoungGen: 187471K->25504K(175616K)] 637035K->497353K(699904K), 0.0199528 secs] [Times: user=0.18 sys=0.00, real=0.02 secs] 
2016-09-25T21:16:24.891-0400: 61.678: [GC (GCLocker Initiated GC) [PSYoungGen: 175520K->38818K(203776K)] 647491K->511514K(728064K), 0.0074011 secs] [Times: user=0.06 sys=0.00, real=0.01 secs] 
2016-09-25T21:16:25.083-0400: 61.871: [GC (GCLocker Initiated GC) [PSYoungGen: 188834K->29433K(205312K)] 669723K->532596K(729600K), 0.0211546 secs] [Times: user=0.22 sys=0.00, real=0.02 secs] 
2016-09-25T21:16:25.105-0400: 61.892: [Full GC (Ergonomics) [PSYoungGen: 29433K->0K(205312K)] [ParOldGen: 503163K->190790K(524288K)] 532596K->190790K(729600K), [Metaspace: 43395K->43395K(1085440K)], 0.1013199 secs] [Times: user=0.38 sys=0.04, real=0.10 secs] 
2016-09-25T21:16:25.377-0400: 62.164: [GC (Allocation Failure) [PSYoungGen: 150016K->30980K(203776K)] 340886K->221851K(728064K), 0.0223099 secs] [Times: user=0.15 sys=0.01, real=0.02 secs] 
2016-09-25T21:16:25.400-0400: 62.187: [GC (GCLocker Initiated GC) [PSYoungGen: 31687K->64K(204800K)] 222558K->232623K(729088K), 0.0133310 secs] [Times: user=0.13 sys=0.00, real=0.01 secs] 
2016-09-25T21:16:25.621-0400: 62.408: [GC (GCLocker Initiated GC) [PSYoungGen: 152976K->35124K(207360K)] 388235K->270384K(731648K), 0.0226224 secs] [Times: user=0.21 sys=0.01, real=0.03 secs] 
2016-09-25T21:16:25.843-0400: 62.630: [GC (GCLocker Initiated GC) [PSYoungGen: 188724K->36191K(189952K)] 426761K->275354K(714240K), 0.0097415 secs] [Times: user=0.06 sys=0.00, real=0.00 secs] 
2016-09-25T21:16:26.073-0400: 62.860: [GC (GCLocker Initiated GC) [PSYoungGen: 189791K->45679K(200192K)] 428979K->285549K(724480K), 0.0070124 secs] [Times: user=0.06 sys=0.00, real=0.01 secs] 
2016-09-25T21:16:26.294-0400: 63.082: [GC (GCLocker Initiated GC) [PSYoungGen: 191087K->29351K(203776K)] 430983K->294252K(728064K), 0.0093003 secs] [Times: user=0.06 sys=0.00, real=0.01 secs] 
2016-09-25T21:16:26.532-0400: 63.319: [GC (GCLocker Initiated GC) [PSYoungGen: 174759K->11835K(203776K)] 447990K->310047K(728064K), 0.0146849 secs] [Times: user=0.14 sys=0.00, real=0.02 secs] 
2016-09-25T21:16:26.739-0400: 63.527: [GC (GCLocker Initiated GC) [PSYoungGen: 159803K->43044K(191488K)] 458018K->342031K(715776K), 0.0115091 secs] [Times: user=0.15 sys=0.00, real=0.01 secs] 
2016-09-25T21:16:26.926-0400: 63.713: [GC (GCLocker Initiated GC) [PSYoungGen: 191012K->34788K(204288K)] 490020K->334502K(728576K), 0.0170597 secs] [Times: user=0.17 sys=0.01, real=0.02 secs] 
2016-09-25T21:16:27.152-0400: 63.939: [GC (GCLocker Initiated GC) [PSYoungGen: 180196K->24086K(169984K)] 485455K->330039K(694272K), 0.0218188 secs] [Times: user=0.24 sys=0.00, real=0.02 secs] 
2016-09-25T21:16:27.353-0400: 64.140: [GC (GCLocker Initiated GC) [PSYoungGen: 169494K->40351K(200192K)] 478176K->349792K(724480K), 0.0108475 secs] [Times: user=0.12 sys=0.01, real=0.02 secs] 
2016-09-25T21:16:27.554-0400: 64.341: [GC (GCLocker Initiated GC) [PSYoungGen: 184223K->21228K(201728K)] 496427K->342213K(726016K), 0.0175375 secs] [Times: user=0.10 sys=0.01, real=0.02 secs] 
2016-09-25T21:16:27.765-0400: 64.552: [GC (GCLocker Initiated GC) [PSYoungGen: 165100K->14513K(202752K)] 495544K->348324K(727040K), 0.0064110 secs] [Times: user=0.03 sys=0.00, real=0.00 secs] 
2016-09-25T21:16:27.969-0400: 64.756: [GC (GCLocker Initiated GC) [PSYoungGen: 161969K->48553K(196096K)] 495995K->383401K(720384K), 0.0094878 secs] [Times: user=0.13 sys=0.00, real=0.01 secs] 
2016-09-25T21:16:28.166-0400: 64.953: [GC (GCLocker Initiated GC) [PSYoungGen: 196009K->32357K(203264K)] 539065K->376172K(727552K), 0.0059223 secs] [Times: user=0.06 sys=0.01, real=0.00 secs] 
2016-09-25T21:16:28.373-0400: 65.161: [GC (GCLocker Initiated GC) [PSYoungGen: 174181K->33572K(175616K)] 526204K->386375K(699904K), 0.0229910 secs] [Times: user=0.25 sys=0.00, real=0.03 secs] 
2016-09-25T21:16:28.582-0400: 65.369: [GC (GCLocker Initiated GC) [PSYoungGen: 175396K->48228K(195584K)] 528276K->401808K(719872K), 0.0216049 secs] [Times: user=0.17 sys=0.00, real=0.03 secs] 
2016-09-25T21:16:28.804-0400: 65.591: [GC (GCLocker Initiated GC) [PSYoungGen: 186468K->13063K(199168K)] 548177K->388954K(723456K), 0.0077843 secs] [Times: user=0.05 sys=0.00, real=0.00 secs] 
2016-09-25T21:16:28.983-0400: 65.770: [GC (GCLocker Initiated GC) [PSYoungGen: 151303K->15995K(200704K)] 534174K->410340K(724992K), 0.0055926 secs] [Times: user=0.04 sys=0.00, real=0.00 secs] 
2016-09-25T21:16:29.177-0400: 65.964: [GC (GCLocker Initiated GC) [PSYoungGen: 155771K->32283K(172544K)] 554186K->431539K(696832K), 0.0057752 secs] [Times: user=0.05 sys=0.00, real=0.01 secs] 
2016-09-25T21:16:29.376-0400: 66.163: [GC (GCLocker Initiated GC) [PSYoungGen: 172059K->32443K(200704K)] 574234K->435563K(724992K), 0.0077395 secs] [Times: user=0.07 sys=0.00, real=0.01 secs] 
2016-09-25T21:16:29.569-0400: 66.356: [GC (GCLocker Initiated GC) [PSYoungGen: 174267K->47379K(199168K)] 580101K->454181K(723456K), 0.0127526 secs] [Times: user=0.15 sys=0.00, real=0.01 secs] 
2016-09-25T21:16:29.776-0400: 66.563: [GC (GCLocker Initiated GC) [PSYoungGen: 189203K->30997K(202240K)] 601588K->444405K(726528K), 0.0168717 secs] [Times: user=0.16 sys=0.00, real=0.01 secs] 
2016-09-25T21:16:29.990-0400: 66.777: [GC (GCLocker Initiated GC) [PSYoungGen: 173845K->41990K(201216K)] 590172K->459438K(725504K), 0.0059523 secs] [Times: user=0.05 sys=0.01, real=0.01 secs] 
2016-09-25T21:16:30.180-0400: 66.968: [GC (GCLocker Initiated GC) [PSYoungGen: 184838K->54203K(192512K)] 602314K->472786K(716800K), 0.0080706 secs] [Times: user=0.09 sys=0.01, real=0.01 secs] 
2016-09-25T21:16:30.401-0400: 67.188: [GC (Allocation Failure) [PSYoungGen: 187323K->40404K(197632K)] 605945K->470899K(721920K), 0.0141334 secs] [Times: user=0.13 sys=0.00, real=0.02 secs] 
2016-09-25T21:16:30.620-0400: 67.407: [GC (GCLocker Initiated GC) [PSYoungGen: 173521K->41790K(196096K)] 604020K->481355K(720384K), 0.0068107 secs] [Times: user=0.05 sys=0.00, real=0.01 secs] 
2016-09-25T21:16:30.845-0400: 67.632: [GC (GCLocker Initiated GC) [PSYoungGen: 175422K->24251K(197120K)] 620439K->470205K(721408K), 0.0187959 secs] [Times: user=0.18 sys=0.01, real=0.02 secs] 
2016-09-25T21:16:31.073-0400: 67.861: [GC (GCLocker Initiated GC) [PSYoungGen: 157883K->37720K(194048K)] 603873K->484763K(718336K), 0.0249997 secs] [Times: user=0.28 sys=0.00, real=0.03 secs] 
2016-09-25T21:16:31.313-0400: 68.100: [GC (GCLocker Initiated GC) [PSYoungGen: 173400K->37771K(196608K)] 622522K->487948K(720896K), 0.0109213 secs] [Times: user=0.08 sys=0.02, real=0.02 secs] 
2016-09-25T21:16:31.533-0400: 68.320: [GC (GCLocker Initiated GC) [PSYoungGen: 173451K->22934K(200192K)] 633167K->486303K(724480K), 0.0136296 secs] [Times: user=0.11 sys=0.00, real=0.02 secs] 
2016-09-25T21:16:31.756-0400: 68.543: [GC (GCLocker Initiated GC) [PSYoungGen: 164758K->32477K(201216K)] 630949K->499746K(725504K), 0.0144161 secs] [Times: user=0.11 sys=0.00, real=0.01 secs] 
2016-09-25T21:16:32.016-0400: 68.804: [GC (GCLocker Initiated GC) [PSYoungGen: 174301K->20448K(201216K)] 649680K->513135K(725504K), 0.0200547 secs] [Times: user=0.20 sys=0.00, real=0.02 secs] 
2016-09-25T21:16:32.235-0400: 69.022: [GC (GCLocker Initiated GC) [PSYoungGen: 164832K->24468K(201216K)] 665647K->537215K(725504K), 0.0082514 secs] [Times: user=0.07 sys=0.00, real=0.01 secs] 
2016-09-25T21:16:32.243-0400: 69.030: [Full GC (Ergonomics) [PSYoungGen: 24468K->0K(201216K)] [ParOldGen: 512747K->220188K(524288K)] 537215K->220188K(725504K), [Metaspace: 43481K->43481K(1085440K)], 0.0906306 secs] [Times: user=0.55 sys=0.02, real=0.08 secs] 
2016-09-25T21:16:32.550-0400: 69.337: [GC (GCLocker Initiated GC) [PSYoungGen: 144384K->35709K(204288K)] 364648K->255974K(728576K), 0.0129182 secs] [Times: user=0.13 sys=0.00, real=0.02 secs] 
2016-09-25T21:16:32.756-0400: 69.544: [GC (GCLocker Initiated GC) [PSYoungGen: 185213K->52910K(202752K)] 408277K->277409K(727040K), 0.0099821 secs] [Times: user=0.13 sys=0.00, real=0.01 secs] 
2016-09-25T21:16:32.977-0400: 69.764: [GC (GCLocker Initiated GC) [PSYoungGen: 202414K->43458K(198656K)] 427098K->288140K(722944K), 0.0069654 secs] [Times: user=0.07 sys=0.00, real=0.01 secs] 
2016-09-25T21:16:33.191-0400: 69.978: [GC (GCLocker Initiated GC) [PSYoungGen: 182722K->12446K(152064K)] 443608K->285196K(676352K), 0.0262951 secs] [Times: user=0.27 sys=0.00, real=0.03 secs] 
2016-09-25T21:16:33.415-0400: 70.202: [GC (GCLocker Initiated GC) [PSYoungGen: 151710K->21945K(200704K)] 439537K->310946K(724992K), 0.0068359 secs] [Times: user=0.05 sys=0.00, real=0.00 secs] 
2016-09-25T21:16:33.618-0400: 70.405: [GC (GCLocker Initiated GC) [PSYoungGen: 160185K->40668K(199680K)] 457490K->339091K(723968K), 0.0075361 secs] [Times: user=0.03 sys=0.01, real=0.01 secs] 
2016-09-25T21:16:33.808-0400: 70.596: [GC (GCLocker Initiated GC) [PSYoungGen: 178908K->43258K(198144K)] 480457K->345789K(722432K), 0.0064040 secs] [Times: user=0.07 sys=0.00, real=0.01 secs] 
2016-09-25T21:16:34.005-0400: 70.792: [GC (GCLocker Initiated GC) [PSYoungGen: 179450K->55541K(192000K)] 487451K->364430K(716288K), 0.0080443 secs] [Times: user=0.09 sys=0.00, real=0.00 secs] 
2016-09-25T21:16:34.201-0400: 70.988: [GC (GCLocker Initiated GC) [PSYoungGen: 191733K->24132K(195072K)] 506055K->347483K(719360K), 0.0269875 secs] [Times: user=0.21 sys=0.01, real=0.03 secs] 
2016-09-25T21:16:34.398-0400: 71.185: [GC (GCLocker Initiated GC) [PSYoungGen: 151108K->40336K(167424K)] 474704K->364874K(691712K), 0.0077960 secs] [Times: user=0.06 sys=0.00, real=0.01 secs] 
2016-09-25T21:16:34.590-0400: 71.377: [GC (GCLocker Initiated GC) [PSYoungGen: 167312K->20183K(193024K)] 505370K->359075K(717312K), 0.0044600 secs] [Times: user=0.03 sys=0.00, real=0.01 secs] 
2016-09-25T21:16:34.788-0400: 71.575: [GC (GCLocker Initiated GC) [PSYoungGen: 147671K->20277K(192512K)] 500078K->373655K(716800K), 0.0047504 secs] [Times: user=0.04 sys=0.00, real=0.00 secs] 
2016-09-25T21:16:34.963-0400: 71.751: [GC (GCLocker Initiated GC) [PSYoungGen: 147765K->48464K(192512K)] 509302K->410941K(716800K), 0.0058605 secs] [Times: user=0.05 sys=0.00, real=0.00 secs] 
2016-09-25T21:16:35.137-0400: 71.924: [GC (GCLocker Initiated GC) [PSYoungGen: 176464K->25405K(195072K)] 541662K->415685K(719360K), 0.0061655 secs] [Times: user=0.07 sys=0.00, real=0.01 secs] 
2016-09-25T21:16:35.333-0400: 72.121: [GC (GCLocker Initiated GC) [PSYoungGen: 153405K->21260K(190976K)] 547823K->416327K(715264K), 0.0063571 secs] [Times: user=0.05 sys=0.00, real=0.01 secs] 
2016-09-25T21:16:35.528-0400: 72.315: [GC (GCLocker Initiated GC) [PSYoungGen: 150796K->29217K(193536K)] 545888K->425024K(717824K), 0.0058498 secs] [Times: user=0.03 sys=0.00, real=0.00 secs] 
2016-09-25T21:16:35.731-0400: 72.518: [GC (Allocation Failure) [PSYoungGen: 158753K->30975K(193024K)] 566802K->442287K(717312K), 0.0125025 secs] [Times: user=0.12 sys=0.00, real=0.02 secs] 
2016-09-25T21:16:35.940-0400: 72.727: [GC (GCLocker Initiated GC) [PSYoungGen: 166156K->30555K(195584K)] 580168K->456125K(719872K), 0.0149550 secs] [Times: user=0.13 sys=0.00, real=0.02 secs] 
2016-09-25T21:16:36.154-0400: 72.941: [GC (Allocation Failure) [PSYoungGen: 167259K->18433K(202240K)] 603829K->455530K(726528K), 0.0062190 secs] [Times: user=0.04 sys=0.00, real=0.01 secs] 
2016-09-25T21:16:36.365-0400: 73.152: [GC (GCLocker Initiated GC) [PSYoungGen: 164471K->34768K(202752K)] 606968K->477900K(727040K), 0.0088404 secs] [Times: user=0.07 sys=0.00, real=0.00 secs] 
2016-09-25T21:16:36.577-0400: 73.364: [GC (GCLocker Initiated GC) [PSYoungGen: 181712K->42972K(202752K)] 624876K->486850K(727040K), 0.0245998 secs] [Times: user=0.25 sys=0.00, real=0.02 secs] 
2016-09-25T21:16:36.781-0400: 73.569: [GC (GCLocker Initiated GC) [PSYoungGen: 190428K->48372K(196096K)] 634335K->501061K(720384K), 0.0093033 secs] [Times: user=0.12 sys=0.00, real=0.01 secs] 
2016-09-25T21:16:36.971-0400: 73.758: [GC (GCLocker Initiated GC) [PSYoungGen: 195828K->45698K(198144K)] 648549K->515318K(722432K), 0.0081933 secs] [Times: user=0.09 sys=0.01, real=0.01 secs] 
2016-09-25T21:16:37.151-0400: 73.938: [GC (GCLocker Initiated GC) [PSYoungGen: 182914K->25449K(199680K)] 655262K->522798K(723968K), 0.0115913 secs] [Times: user=0.14 sys=0.01, real=0.02 secs] 
2016-09-25T21:16:37.163-0400: 73.950: [Full GC (Ergonomics) [PSYoungGen: 25449K->0K(199680K)] [ParOldGen: 497348K->236047K(524288K)] 522798K->236047K(723968K), [Metaspace: 43487K->43487K(1085440K)], 0.0665340 secs] [Times: user=0.42 sys=0.01, real=0.06 secs] 
2016-09-25T21:16:37.411-0400: 74.199: [GC (GCLocker Initiated GC) [PSYoungGen: 137216K->33650K(194048K)] 378781K->275216K(718336K), 0.0075518 secs] [Times: user=0.06 sys=0.00, real=0.01 secs] 
2016-09-25T21:16:37.595-0400: 74.382: [GC (GCLocker Initiated GC) [PSYoungGen: 171890K->23981K(197120K)] 418863K->273162K(721408K), 0.0291858 secs] [Times: user=0.29 sys=0.01, real=0.03 secs] 
2016-09-25T21:16:37.807-0400: 74.595: [GC (GCLocker Initiated GC) [PSYoungGen: 162221K->34781K(199168K)] 414146K->287378K(723456K), 0.0275839 secs] [Times: user=0.30 sys=0.00, real=0.03 secs] 
2016-09-25T21:16:38.022-0400: 74.809: [GC (GCLocker Initiated GC) [PSYoungGen: 180189K->26644K(201728K)] 438212K->285282K(726016K), 0.0240733 secs] [Times: user=0.21 sys=0.00, real=0.03 secs] 
2016-09-25T21:16:38.240-0400: 75.027: [GC (GCLocker Initiated GC) [PSYoungGen: 172052K->48736K(199168K)] 433471K->310869K(723456K), 0.0063579 secs] [Times: user=0.06 sys=0.00, real=0.01 secs] 
2016-09-25T21:16:38.437-0400: 75.224: [GC (GCLocker Initiated GC) [PSYoungGen: 193120K->34030K(203264K)] 460686K->302506K(727552K), 0.0104915 secs] [Times: user=0.10 sys=0.01, real=0.01 secs] 
2016-09-25T21:16:38.645-0400: 75.433: [GC (GCLocker Initiated GC) [PSYoungGen: 178414K->33689K(197632K)] 446979K->303244K(721920K), 0.0228635 secs] [Times: user=0.20 sys=0.00, real=0.02 secs] 
2016-09-25T21:16:38.862-0400: 75.649: [GC (GCLocker Initiated GC) [PSYoungGen: 180633K->35102K(201216K)] 457034K->312528K(725504K), 0.0086077 secs] [Times: user=0.05 sys=0.00, real=0.01 secs] 
2016-09-25T21:16:39.082-0400: 75.870: [GC (GCLocker Initiated GC) [PSYoungGen: 182046K->28502K(204288K)] 462536K->320816K(728576K), 0.0062412 secs] [Times: user=0.04 sys=0.01, real=0.00 secs] 
2016-09-25T21:16:39.304-0400: 76.091: [GC (GCLocker Initiated GC) [PSYoungGen: 183638K->30248K(206848K)] 482704K->330489K(731136K), 0.0163314 secs] [Times: user=0.20 sys=0.00, real=0.01 secs] 
2016-09-25T21:16:39.535-0400: 76.322: [GC (GCLocker Initiated GC) [PSYoungGen: 185384K->42284K(208384K)] 491088K->349318K(732672K), 0.0089392 secs] [Times: user=0.10 sys=0.01, real=0.01 secs] 
2016-09-25T21:16:39.766-0400: 76.553: [GC (GCLocker Initiated GC) [PSYoungGen: 199980K->31329K(209920K)] 508536K->341164K(734208K), 0.0232873 secs] [Times: user=0.15 sys=0.02, real=0.02 secs] 
2016-09-25T21:16:39.988-0400: 76.775: [GC (GCLocker Initiated GC) [PSYoungGen: 189025K->29890K(207872K)] 498903K->354634K(732160K), 0.0101433 secs] [Times: user=0.09 sys=0.00, real=0.01 secs] 
2016-09-25T21:16:40.220-0400: 77.008: [GC (GCLocker Initiated GC) [PSYoungGen: 189122K->30102K(208896K)] 519294K->361463K(733184K), 0.0230414 secs] [Times: user=0.20 sys=0.00, real=0.03 secs] 
2016-09-25T21:16:40.495-0400: 77.283: [GC (GCLocker Initiated GC) [PSYoungGen: 189334K->29983K(210432K)] 526334K->368407K(734720K), 0.0106759 secs] [Times: user=0.09 sys=0.00, real=0.01 secs] 
2016-09-25T21:16:40.787-0400: 77.574: [GC (GCLocker Initiated GC) [PSYoungGen: 193823K->24828K(211456K)] 541864K->374175K(735744K), 0.0051254 secs] [Times: user=0.03 sys=0.00, real=0.00 secs] 
2016-09-25T21:16:41.038-0400: 77.826: [GC (GCLocker Initiated GC) [PSYoungGen: 188668K->30080K(212480K)] 540810K->383691K(736768K), 0.0057618 secs] [Times: user=0.04 sys=0.00, real=0.01 secs] 
2016-09-25T21:16:41.288-0400: 78.075: [GC (GCLocker Initiated GC) [PSYoungGen: 196992K->27246K(213504K)] 556203K->387755K(737792K), 0.0060102 secs] [Times: user=0.04 sys=0.01, real=0.01 secs] 
2016-09-25T21:16:41.542-0400: 78.329: [GC (GCLocker Initiated GC) [PSYoungGen: 194158K->25698K(215552K)] 565682K->398546K(739840K), 0.0105727 secs] [Times: user=0.09 sys=0.01, real=0.01 secs] 
2016-09-25T21:16:41.818-0400: 78.605: [GC (GCLocker Initiated GC) [PSYoungGen: 195682K->32636K(215552K)] 576757K->414774K(739840K), 0.0048590 secs] [Times: user=0.05 sys=0.00, real=0.01 secs] 
2016-09-25T21:16:42.016-0400: 78.803: [GC (GCLocker Initiated GC) [PSYoungGen: 202620K->31852K(215552K)] 590292K->426075K(739840K), 0.0060431 secs] [Times: user=0.05 sys=0.00, real=0.00 secs] 
2016-09-25T21:16:42.211-0400: 78.998: [GC (GCLocker Initiated GC) [PSYoungGen: 203884K->31667K(215552K)] 598116K->427707K(739840K), 0.0052371 secs] [Times: user=0.05 sys=0.00, real=0.01 secs] 
2016-09-25T21:16:42.405-0400: 79.192: [GC (GCLocker Initiated GC) [PSYoungGen: 203699K->31587K(217600K)] 605280K->434791K(741888K), 0.0086569 secs] [Times: user=0.08 sys=0.01, real=0.00 secs] 
2016-09-25T21:16:42.607-0400: 79.394: [GC (GCLocker Initiated GC) [PSYoungGen: 207715K->23861K(217600K)] 621639K->439408K(741888K), 0.0097556 secs] [Times: user=0.12 sys=0.00, real=0.01 secs] 
2016-09-25T21:16:42.812-0400: 79.600: [GC (GCLocker Initiated GC) [PSYoungGen: 199989K->22440K(220160K)] 627803K->452003K(744448K), 0.0052912 secs] [Times: user=0.05 sys=0.00, real=0.01 secs] 
2016-09-25T21:16:43.015-0400: 79.802: [GC (GCLocker Initiated GC) [PSYoungGen: 200616K->35881K(214528K)] 632890K->469813K(738816K), 0.0083990 secs] [Times: user=0.09 sys=0.00, real=0.01 secs] 
2016-09-25T21:16:43.206-0400: 79.994: [GC (GCLocker Initiated GC) [PSYoungGen: 214057K->41313K(212992K)] 648022K->487701K(737280K), 0.0218365 secs] [Times: user=0.28 sys=0.00, real=0.02 secs] 
2016-09-25T21:16:43.412-0400: 80.199: [GC (Allocation Failure) [PSYoungGen: 211297K->22210K(216064K)] 671404K->500120K(740352K), 0.0104170 secs] [Times: user=0.09 sys=0.00, real=0.02 secs] 
2016-09-25T21:16:43.619-0400: 80.406: [GC (GCLocker Initiated GC) [PSYoungGen: 189582K->27535K(214016K)] 670192K->509705K(738304K), 0.0215772 secs] [Times: user=0.19 sys=0.00, real=0.02 secs] 
2016-09-25T21:16:43.809-0400: 80.596: [GC (GCLocker Initiated GC) [PSYoungGen: 197519K->35635K(215040K)] 679751K->519472K(739328K), 0.0130511 secs] [Times: user=0.14 sys=0.00, real=0.01 secs] 
2016-09-25T21:16:44.005-0400: 80.792: [GC (GCLocker Initiated GC) [PSYoungGen: 205619K->24781K(216576K)] 692169K->512712K(740864K), 0.0177140 secs] [Times: user=0.19 sys=0.00, real=0.02 secs] 
2016-09-25T21:16:44.194-0400: 80.981: [GC (GCLocker Initiated GC) [PSYoungGen: 196301K->35517K(216576K)] 684269K->525060K(740864K), 0.0277888 secs] [Times: user=0.28 sys=0.00, real=0.03 secs] 
2016-09-25T21:16:44.407-0400: 81.195: [GC (GCLocker Initiated GC) [PSYoungGen: 207037K->20799K(215552K)] 702081K->536190K(739840K), 0.0104134 secs] [Times: user=0.09 sys=0.01, real=0.01 secs] 
2016-09-25T21:16:44.418-0400: 81.205: [Full GC (Ergonomics) [PSYoungGen: 20799K->0K(215552K)] [ParOldGen: 515390K->276472K(524288K)] 536190K->276472K(739840K), [Metaspace: 43586K->43586K(1085440K)], 0.0639159 secs] [Times: user=0.42 sys=0.02, real=0.06 secs] 
2016-09-25T21:16:44.660-0400: 81.447: [GC (GCLocker Initiated GC) [PSYoungGen: 169984K->31940K(202240K)] 453208K->315173K(726528K), 0.0099707 secs] [Times: user=0.13 sys=0.01, real=0.01 secs] 
2016-09-25T21:16:44.864-0400: 81.652: [GC (GCLocker Initiated GC) [PSYoungGen: 201924K->40790K(211968K)] 485161K->325730K(736256K), 0.0063990 secs] [Times: user=0.08 sys=0.00, real=0.00 secs] 
2016-09-25T21:16:45.038-0400: 81.825: [GC (GCLocker Initiated GC) [PSYoungGen: 207702K->36688K(203776K)] 492845K->323031K(728064K), 0.0142034 secs] [Times: user=0.20 sys=0.00, real=0.01 secs] 
2016-09-25T21:16:45.250-0400: 82.038: [GC (GCLocker Initiated GC) [PSYoungGen: 203600K->39445K(210944K)] 503460K->340437K(735232K), 0.0058732 secs] [Times: user=0.04 sys=0.00, real=0.01 secs] 
2016-09-25T21:16:45.457-0400: 82.244: [GC (GCLocker Initiated GC) [PSYoungGen: 202261K->23442K(212480K)] 512718K->351345K(736768K), 0.0096556 secs] [Times: user=0.09 sys=0.01, real=0.01 secs] 
2016-09-25T21:16:45.647-0400: 82.434: [GC (GCLocker Initiated GC) [PSYoungGen: 186258K->38253K(210944K)] 514368K->367677K(735232K), 0.0088678 secs] [Times: user=0.09 sys=0.01, real=0.01 secs] 
2016-09-25T21:16:45.825-0400: 82.613: [GC (GCLocker Initiated GC) [PSYoungGen: 200045K->32889K(195072K)] 537588K->371859K(719360K), 0.0052845 secs] [Times: user=0.05 sys=0.00, real=0.00 secs] 
2016-09-25T21:16:46.015-0400: 82.802: [GC (GCLocker Initiated GC) [PSYoungGen: 194681K->31663K(212992K)] 536437K->391122K(737280K), 0.0069315 secs] [Times: user=0.07 sys=0.00, real=0.00 secs] 
2016-09-25T21:16:46.189-0400: 82.976: [GC (GCLocker Initiated GC) [PSYoungGen: 196015K->41103K(211456K)] 558267K->404814K(735744K), 0.0061350 secs] [Times: user=0.07 sys=0.00, real=0.01 secs] 
2016-09-25T21:16:46.362-0400: 83.149: [GC (GCLocker Initiated GC) [PSYoungGen: 205455K->47896K(205312K)] 569411K->415994K(729600K), 0.0062624 secs] [Times: user=0.08 sys=0.00, real=0.00 secs] 
2016-09-25T21:16:46.555-0400: 83.342: [GC (GCLocker Initiated GC) [PSYoungGen: 204568K->11405K(168448K)] 589021K->397350K(692736K), 0.0174802 secs] [Times: user=0.24 sys=0.01, real=0.01 secs] 
2016-09-25T21:16:46.739-0400: 83.526: [GC (GCLocker Initiated GC) [PSYoungGen: 168077K->46576K(201216K)] 554035K->434058K(725504K), 0.0072059 secs] [Times: user=0.09 sys=0.01, real=0.01 secs] 
2016-09-25T21:16:46.895-0400: 83.682: [GC (GCLocker Initiated GC) [PSYoungGen: 193008K->47529K(194048K)] 583218K->439215K(718336K), 0.0118562 secs] [Times: user=0.15 sys=0.01, real=0.01 secs] 
2016-09-25T21:16:47.071-0400: 83.859: [GC (GCLocker Initiated GC) [PSYoungGen: 193961K->23192K(201728K)] 591084K->421512K(726016K), 0.0119352 secs] [Times: user=0.15 sys=0.01, real=0.02 secs] 
2016-09-25T21:16:47.237-0400: 84.024: [GC (GCLocker Initiated GC) [PSYoungGen: 163992K->45034K(185856K)] 565108K->455554K(710144K), 0.0066845 secs] [Times: user=0.07 sys=0.00, real=0.01 secs] 
2016-09-25T21:16:47.402-0400: 84.189: [GC (GCLocker Initiated GC) [PSYoungGen: 185834K->12748K(198144K)] 612769K->462637K(722432K), 0.0057060 secs] [Times: user=0.06 sys=0.00, real=0.01 secs] 
2016-09-25T21:16:47.554-0400: 84.342: [GC (GCLocker Initiated GC) [PSYoungGen: 148940K->13973K(199168K)] 610990K->477459K(723456K), 0.0069263 secs] [Times: user=0.05 sys=0.01, real=0.00 secs] 
2016-09-25T21:16:47.711-0400: 84.499: [GC (GCLocker Initiated GC) [PSYoungGen: 150165K->23252K(195072K)] 625943K->500330K(719360K), 0.0182462 secs] [Times: user=0.23 sys=0.00, real=0.02 secs] 
2016-09-25T21:16:47.877-0400: 84.664: [GC (GCLocker Initiated GC) [PSYoungGen: 159444K->28679K(197120K)] 644759K->515255K(721408K), 0.0057278 secs] [Times: user=0.05 sys=0.00, real=0.01 secs] 
2016-09-25T21:16:48.028-0400: 84.815: [GC (GCLocker Initiated GC) [PSYoungGen: 164871K->36505K(200704K)] 656494K->529337K(724992K), 0.0228740 secs] [Times: user=0.25 sys=0.00, real=0.02 secs] 
2016-09-25T21:16:48.207-0400: 84.994: [Full GC (Ergonomics) [PSYoungGen: 179353K->0K(200704K)] [ParOldGen: 506349K->310565K(524288K)] 685703K->310565K(724992K), [Metaspace: 43693K->43693K(1087488K)], 0.0866052 secs] [Times: user=0.81 sys=0.02, real=0.08 secs] 
2016-09-25T21:16:48.470-0400: 85.257: [GC (GCLocker Initiated GC) [PSYoungGen: 142848K->32745K(200704K)] 453442K->343340K(724992K), 0.0151322 secs] [Times: user=0.18 sys=0.00, real=0.02 secs] 
2016-09-25T21:16:48.626-0400: 85.413: [GC (GCLocker Initiated GC) [PSYoungGen: 175593K->54234K(194048K)] 486212K->376956K(718336K), 0.0070261 secs] [Times: user=0.09 sys=0.00, real=0.00 secs] 
2016-09-25T21:16:48.774-0400: 85.562: [GC (GCLocker Initiated GC) [PSYoungGen: 192474K->16180K(200192K)] 522181K->363159K(724480K), 0.0199283 secs] [Times: user=0.22 sys=0.01, real=0.02 secs] 
2016-09-25T21:16:48.924-0400: 85.712: [GC (GCLocker Initiated GC) [PSYoungGen: 154420K->32450K(195072K)] 509636K->388747K(719360K), 0.0139905 secs] [Times: user=0.15 sys=0.00, real=0.01 secs] 
2016-09-25T21:16:49.074-0400: 85.861: [GC (GCLocker Initiated GC) [PSYoungGen: 170690K->31330K(197632K)] 529713K->399483K(721920K), 0.0236395 secs] [Times: user=0.23 sys=0.00, real=0.02 secs] 
2016-09-25T21:16:49.231-0400: 86.019: [GC (GCLocker Initiated GC) [PSYoungGen: 169570K->29720K(198656K)] 543216K->426090K(722944K), 0.0233892 secs] [Times: user=0.27 sys=0.00, real=0.03 secs] 
2016-09-25T21:16:49.388-0400: 86.175: [GC (GCLocker Initiated GC) [PSYoungGen: 175640K->36597K(200704K)] 572011K->433985K(724992K), 0.0107753 secs] [Times: user=0.12 sys=0.00, real=0.01 secs] 
2016-09-25T21:16:49.556-0400: 86.343: [GC (Allocation Failure) [PSYoungGen: 182517K->49011K(199680K)] 579952K->447525K(723968K), 0.0080875 secs] [Times: user=0.10 sys=0.00, real=0.01 secs] 
2016-09-25T21:16:49.722-0400: 86.509: [GC (GCLocker Initiated GC) [PSYoungGen: 194419K->21735K(203776K)] 592934K->421529K(728064K), 0.0293962 secs] [Times: user=0.26 sys=0.02, real=0.03 secs] 
2016-09-25T21:16:49.910-0400: 86.698: [GC (GCLocker Initiated GC) [PSYoungGen: 167143K->39505K(203264K)] 570501K->444195K(727552K), 0.0288156 secs] [Times: user=0.33 sys=0.01, real=0.03 secs] 
2016-09-25T21:16:50.093-0400: 86.880: [GC (GCLocker Initiated GC) [PSYoungGen: 185425K->28450K(174592K)] 590155K->434444K(698880K), 0.0053981 secs] [Times: user=0.04 sys=0.00, real=0.01 secs] 
2016-09-25T21:16:50.258-0400: 87.046: [GC (GCLocker Initiated GC) [PSYoungGen: 174370K->27233K(204800K)] 583155K->437177K(729088K), 0.0195717 secs] [Times: user=0.16 sys=0.00, real=0.02 secs] 
2016-09-25T21:16:50.440-0400: 87.228: [GC (GCLocker Initiated GC) [PSYoungGen: 175713K->51995K(200704K)] 585689K->463384K(724992K), 0.0165556 secs] [Times: user=0.20 sys=0.00, real=0.02 secs] 
2016-09-25T21:16:50.637-0400: 87.424: [GC (GCLocker Initiated GC) [PSYoungGen: 200475K->22029K(202752K)] 614574K->437589K(727040K), 0.0113214 secs] [Times: user=0.10 sys=0.00, real=0.01 secs] 
2016-09-25T21:16:50.815-0400: 87.602: [GC (GCLocker Initiated GC) [PSYoungGen: 164877K->28783K(172032K)] 583140K->448634K(696320K), 0.0071281 secs] [Times: user=0.05 sys=0.00, real=0.01 secs] 
2016-09-25T21:16:50.992-0400: 87.780: [GC (GCLocker Initiated GC) [PSYoungGen: 171631K->27561K(201728K)] 599688K->457137K(726016K), 0.0088830 secs] [Times: user=0.09 sys=0.00, real=0.01 secs] 
2016-09-25T21:16:51.158-0400: 87.945: [GC (GCLocker Initiated GC) [PSYoungGen: 171945K->23083K(200192K)] 601591K->454160K(724480K), 0.0050232 secs] [Times: user=0.03 sys=0.00, real=0.01 secs] 
2016-09-25T21:16:51.311-0400: 88.098: [GC (GCLocker Initiated GC) [PSYoungGen: 167467K->48875K(198656K)] 598577K->481445K(722944K), 0.0080169 secs] [Times: user=0.09 sys=0.00, real=0.01 secs] 
2016-09-25T21:16:51.495-0400: 88.282: [GC (GCLocker Initiated GC) [PSYoungGen: 192235K->35491K(202752K)] 624809K->482798K(727040K), 0.0062083 secs] [Times: user=0.06 sys=0.00, real=0.00 secs] 
2016-09-25T21:16:51.674-0400: 88.461: [GC (GCLocker Initiated GC) [PSYoungGen: 178851K->38666K(200192K)] 628891K->490070K(724480K), 0.0057298 secs] [Times: user=0.06 sys=0.00, real=0.01 secs] 
2016-09-25T21:16:51.855-0400: 88.642: [GC (GCLocker Initiated GC) [PSYoungGen: 183562K->37306K(202240K)] 635097K->509377K(726528K), 0.0067119 secs] [Times: user=0.06 sys=0.01, real=0.00 secs] 
2016-09-25T21:16:52.031-0400: 88.818: [GC (GCLocker Initiated GC) [PSYoungGen: 182202K->25387K(201728K)] 661045K->519544K(726016K), 0.0059768 secs] [Times: user=0.07 sys=0.00, real=0.01 secs] 
2016-09-25T21:16:52.207-0400: 88.994: [GC (GCLocker Initiated GC) [PSYoungGen: 173867K->13898K(203776K)] 672308K->527813K(728064K), 0.0165621 secs] [Times: user=0.16 sys=0.00, real=0.02 secs] 
2016-09-25T21:16:52.224-0400: 89.011: [Full GC (Ergonomics) [PSYoungGen: 13898K->0K(203776K)] [ParOldGen: 513914K->328038K(524288K)] 527813K->328038K(728064K), [Metaspace: 43708K->43708K(1087488K)], 0.0705941 secs] [Times: user=0.46 sys=0.01, real=0.07 secs] 
2016-09-25T21:16:52.472-0400: 89.259: [GC (GCLocker Initiated GC) [PSYoungGen: 148480K->42783K(202240K)] 482151K->376455K(726528K), 0.0115041 secs] [Times: user=0.12 sys=0.02, real=0.02 secs] 
2016-09-25T21:16:52.655-0400: 89.443: [GC (Allocation Failure) [PSYoungGen: 188191K->23910K(203776K)] 531363K->376853K(728064K), 0.0240886 secs] [Times: user=0.29 sys=0.00, real=0.02 secs] 
2016-09-25T21:16:52.842-0400: 89.630: [GC (GCLocker Initiated GC) [PSYoungGen: 169318K->35741K(201216K)] 522265K->390327K(725504K), 0.0234263 secs] [Times: user=0.23 sys=0.00, real=0.02 secs] 
2016-09-25T21:16:53.025-0400: 89.812: [GC (GCLocker Initiated GC) [PSYoungGen: 182173K->43619K(202752K)] 536791K->399812K(727040K), 0.0065594 secs] [Times: user=0.05 sys=0.01, real=0.00 secs] 
2016-09-25T21:16:53.197-0400: 89.985: [GC (GCLocker Initiated GC) [PSYoungGen: 190051K->33128K(202752K)] 551663K->404320K(727040K), 0.0068579 secs] [Times: user=0.07 sys=0.00, real=0.01 secs] 
2016-09-25T21:16:53.368-0400: 90.155: [GC (GCLocker Initiated GC) [PSYoungGen: 180584K->38394K(203264K)] 557201K->416585K(727552K), 0.0075366 secs] [Times: user=0.10 sys=0.00, real=0.01 secs] 
2016-09-25T21:16:53.546-0400: 90.333: [GC (GCLocker Initiated GC) [PSYoungGen: 185850K->38432K(205312K)] 564167K->418261K(729600K), 0.0079395 secs] [Times: user=0.06 sys=0.00, real=0.00 secs] 
2016-09-25T21:16:53.742-0400: 90.529: [GC (GCLocker Initiated GC) [PSYoungGen: 189472K->49333K(200704K)] 569364K->430766K(724992K), 0.0070725 secs] [Times: user=0.08 sys=0.01, real=0.01 secs] 
2016-09-25T21:16:53.914-0400: 90.702: [GC (GCLocker Initiated GC) [PSYoungGen: 200373K->53385K(194560K)] 581842K->436660K(718848K), 0.0089483 secs] [Times: user=0.10 sys=0.02, real=0.01 secs] 
2016-09-25T21:16:54.073-0400: 90.860: [GC (GCLocker Initiated GC) [PSYoungGen: 189577K->30302K(199168K)] 578288K->434182K(723456K), 0.0242311 secs] [Times: user=0.24 sys=0.00, real=0.03 secs] 
2016-09-25T21:16:54.254-0400: 91.041: [GC (GCLocker Initiated GC) [PSYoungGen: 166494K->17960K(198656K)] 574494K->446380K(722944K), 0.0094793 secs] [Times: user=0.09 sys=0.00, real=0.01 secs] 
2016-09-25T21:16:54.423-0400: 91.211: [GC (Allocation Failure) [PSYoungGen: 155176K->28856K(166400K)] 590472K->481912K(690688K), 0.0160748 secs] [Times: user=0.20 sys=0.00, real=0.01 secs] 
2016-09-25T21:16:54.597-0400: 91.384: [GC (GCLocker Initiated GC) [PSYoungGen: 165805K->24760K(199680K)] 622911K->499435K(723968K), 0.0114613 secs] [Times: user=0.16 sys=0.00, real=0.01 secs] 
2016-09-25T21:16:54.780-0400: 91.568: [GC (GCLocker Initiated GC) [PSYoungGen: 164024K->35337K(198656K)] 638914K->511477K(722944K), 0.0105981 secs] [Times: user=0.11 sys=0.00, real=0.01 secs] 
2016-09-25T21:16:54.960-0400: 91.747: [GC (GCLocker Initiated GC) [PSYoungGen: 174601K->41099K(199680K)] 653601K->521374K(723968K), 0.0190513 secs] [Times: user=0.17 sys=0.00, real=0.02 secs] 
2016-09-25T21:16:55.153-0400: 91.941: [GC (GCLocker Initiated GC) [PSYoungGen: 182923K->38367K(200192K)] 663297K->520371K(724480K), 0.0059682 secs] [Times: user=0.05 sys=0.01, real=0.01 secs] 
2016-09-25T21:16:55.336-0400: 92.123: [GC (GCLocker Initiated GC) [PSYoungGen: 180191K->25191K(203264K)] 672998K->519675K(727552K), 0.0057435 secs] [Times: user=0.06 sys=0.01, real=0.00 secs] 
2016-09-25T21:16:55.522-0400: 92.309: [GC (GCLocker Initiated GC) [PSYoungGen: 171623K->44131K(203264K)] 666206K->540394K(727552K), 0.0066002 secs] [Times: user=0.05 sys=0.00, real=0.01 secs] 
2016-09-25T21:16:55.697-0400: 92.484: [Full GC (Ergonomics) [PSYoungGen: 190563K->0K(203264K)] [ParOldGen: 501819K->319903K(524288K)] 692383K->319903K(727552K), [Metaspace: 43714K->43714K(1087488K)], 0.1122348 secs] [Times: user=1.04 sys=0.01, real=0.11 secs] 
2016-09-25T21:16:55.980-0400: 92.768: [GC (GCLocker Initiated GC) [PSYoungGen: 146432K->30548K(203776K)] 469176K->353292K(728064K), 0.0138151 secs] [Times: user=0.12 sys=0.00, real=0.02 secs] 
2016-09-25T21:16:56.177-0400: 92.964: [GC (GCLocker Initiated GC) [PSYoungGen: 177492K->25133K(203776K)] 501619K->364719K(728064K), 0.0143870 secs] [Times: user=0.12 sys=0.00, real=0.01 secs] 
2016-09-25T21:16:56.384-0400: 93.171: [GC (GCLocker Initiated GC) [PSYoungGen: 172077K->33353K(202240K)] 514428K->377499K(726528K), 0.0107811 secs] [Times: user=0.11 sys=0.00, real=0.01 secs] 
2016-09-25T21:16:56.561-0400: 93.348: [GC (GCLocker Initiated GC) [PSYoungGen: 182857K->25135K(203264K)] 535170K->390072K(727552K), 0.0062093 secs] [Times: user=0.05 sys=0.01, real=0.01 secs] 
2016-09-25T21:16:56.734-0400: 93.521: [GC (GCLocker Initiated GC) [PSYoungGen: 174639K->37287K(206848K)] 544981K->409510K(731136K), 0.0139586 secs] [Times: user=0.15 sys=0.00, real=0.02 secs] 
2016-09-25T21:16:56.924-0400: 93.711: [GC (GCLocker Initiated GC) [PSYoungGen: 192423K->44312K(199680K)] 570052K->423671K(723968K), 0.0178533 secs] [Times: user=0.22 sys=0.00, real=0.01 secs] 
2016-09-25T21:16:57.132-0400: 93.919: [GC (GCLocker Initiated GC) [PSYoungGen: 199448K->40148K(206848K)] 584445K->427183K(731136K), 0.0276088 secs] [Times: user=0.32 sys=0.01, real=0.03 secs] 
2016-09-25T21:16:57.325-0400: 94.112: [GC (GCLocker Initiated GC) [PSYoungGen: 191700K->38532K(190464K)] 578907K->427655K(714752K), 0.0105175 secs] [Times: user=0.11 sys=0.00, real=0.01 secs] 
2016-09-25T21:16:57.491-0400: 94.278: [GC (GCLocker Initiated GC) [PSYoungGen: 190084K->34373K(208384K)] 579221K->425232K(732672K), 0.0206459 secs] [Times: user=0.21 sys=0.00, real=0.02 secs] 
2016-09-25T21:16:57.677-0400: 94.464: [GC (GCLocker Initiated GC) [PSYoungGen: 187973K->45132K(206336K)] 581584K->440452K(730624K), 0.0151895 secs] [Times: user=0.21 sys=0.00, real=0.01 secs] 
2016-09-25T21:16:57.858-0400: 94.646: [GC (GCLocker Initiated GC) [PSYoungGen: 198732K->54599K(197120K)] 594089K->454180K(721408K), 0.0100916 secs] [Times: user=0.13 sys=0.01, real=0.01 secs] 
2016-09-25T21:16:58.018-0400: 94.805: [GC (GCLocker Initiated GC) [PSYoungGen: 196935K->26271K(202240K)] 607546K->457158K(726528K), 0.0062948 secs] [Times: user=0.08 sys=0.00, real=0.01 secs] 
2016-09-25T21:16:58.188-0400: 94.975: [GC (GCLocker Initiated GC) [PSYoungGen: 168607K->31720K(199680K)] 603632K->468148K(723968K), 0.0072768 secs] [Times: user=0.09 sys=0.00, real=0.01 secs] 
2016-09-25T21:16:58.362-0400: 95.149: [GC (GCLocker Initiated GC) [PSYoungGen: 174568K->22073K(201216K)] 613898K->462919K(725504K), 0.0180621 secs] [Times: user=0.19 sys=0.00, real=0.02 secs] 
2016-09-25T21:16:58.556-0400: 95.344: [GC (GCLocker Initiated GC) [PSYoungGen: 164921K->55959K(192512K)] 605800K->501145K(716800K), 0.0242388 secs] [Times: user=0.32 sys=0.01, real=0.02 secs] 
2016-09-25T21:16:58.726-0400: 95.514: [GC (GCLocker Initiated GC) [PSYoungGen: 190103K->20934K(198144K)] 643473K->478611K(722432K), 0.0140300 secs] [Times: user=0.15 sys=0.00, real=0.01 secs] 
2016-09-25T21:16:58.902-0400: 95.689: [GC (GCLocker Initiated GC) [PSYoungGen: 155078K->35763K(193024K)] 615521K->497744K(717312K), 0.0153160 secs] [Times: user=0.19 sys=0.00, real=0.02 secs] 
2016-09-25T21:16:59.061-0400: 95.848: [GC (GCLocker Initiated GC) [PSYoungGen: 169907K->37004K(195584K)] 632122K->514316K(719872K), 0.0069287 secs] [Times: user=0.09 sys=0.00, real=0.01 secs] 
2016-09-25T21:16:59.210-0400: 95.997: [GC (GCLocker Initiated GC) [PSYoungGen: 171148K->26206K(198144K)] 653867K->526557K(722432K), 0.0143668 secs] [Times: user=0.17 sys=0.00, real=0.02 secs] 
2016-09-25T21:16:59.380-0400: 96.168: [GC (GCLocker Initiated GC) [PSYoungGen: 167518K->42521K(199680K)] 667991K->544500K(723968K), 0.0191126 secs] [Times: user=0.23 sys=0.00, real=0.02 secs] 
2016-09-25T21:16:59.548-0400: 96.336: [GC (GCLocker Initiated GC) [PSYoungGen: 183833K->35462K(200192K)] 685892K->539062K(724480K), 0.0305915 secs] [Times: user=0.27 sys=0.00, real=0.03 secs] 
2016-09-25T21:16:59.579-0400: 96.366: [Full GC (Ergonomics) [PSYoungGen: 35462K->0K(200192K)] [ParOldGen: 503600K->350237K(524288K)] 539062K->350237K(724480K), [Metaspace: 43734K->43734K(1087488K)], 0.0664119 secs] [Times: user=0.50 sys=0.02, real=0.07 secs] 
2016-09-25T21:16:59.813-0400: 96.600: [GC (GCLocker Initiated GC) [PSYoungGen: 144896K->41619K(201728K)] 495136K->391860K(726016K), 0.0104405 secs] [Times: user=0.07 sys=0.00, real=0.02 secs] 
2016-09-25T21:16:59.984-0400: 96.771: [GC (GCLocker Initiated GC) [PSYoungGen: 186515K->41300K(205312K)] 542172K->399010K(729600K), 0.0202552 secs] [Times: user=0.20 sys=0.01, real=0.02 secs] 
2016-09-25T21:17:00.161-0400: 96.949: [GC (GCLocker Initiated GC) [PSYoungGen: 189780K->35563K(184320K)] 550233K->397646K(708608K), 0.0257800 secs] [Times: user=0.25 sys=0.01, real=0.03 secs] 
2016-09-25T21:17:00.359-0400: 97.146: [GC (GCLocker Initiated GC) [PSYoungGen: 184043K->30531K(203776K)] 562418K->410359K(728064K), 0.0253667 secs] [Times: user=0.30 sys=0.00, real=0.03 secs] 
2016-09-25T21:17:00.549-0400: 97.336: [GC (GCLocker Initiated GC) [PSYoungGen: 179523K->33023K(203264K)] 559380K->417232K(727552K), 0.0068024 secs] [Times: user=0.07 sys=0.00, real=0.01 secs] 
2016-09-25T21:17:00.709-0400: 97.496: [GC (GCLocker Initiated GC) [PSYoungGen: 182015K->41105K(205312K)] 569013K->429716K(729600K), 0.0099709 secs] [Times: user=0.08 sys=0.00, real=0.01 secs] 
2016-09-25T21:17:00.886-0400: 97.674: [GC (GCLocker Initiated GC) [PSYoungGen: 193681K->31624K(205824K)] 585027K->440782K(730112K), 0.0162094 secs] [Times: user=0.16 sys=0.00, real=0.02 secs] 
2016-09-25T21:17:01.075-0400: 97.862: [GC (GCLocker Initiated GC) [PSYoungGen: 184200K->31722K(207360K)] 598980K->448131K(731648K), 0.0101291 secs] [Times: user=0.10 sys=0.00, real=0.01 secs] 
2016-09-25T21:17:01.266-0400: 98.053: [GC (GCLocker Initiated GC) [PSYoungGen: 188394K->26067K(207872K)] 611749K->451076K(732160K), 0.0079855 secs] [Times: user=0.06 sys=0.01, real=0.00 secs] 
2016-09-25T21:17:01.434-0400: 98.221: [GC (GCLocker Initiated GC) [PSYoungGen: 182739K->38447K(210944K)] 607807K->475834K(735232K), 0.0060978 secs] [Times: user=0.06 sys=0.00, real=0.01 secs] 
2016-09-25T21:17:01.611-0400: 98.398: [GC (GCLocker Initiated GC) [PSYoungGen: 198191K->30460K(190464K)] 638284K->491122K(714752K), 0.0076993 secs] [Times: user=0.07 sys=0.00, real=0.01 secs] 
2016-09-25T21:17:01.797-0400: 98.585: [GC (GCLocker Initiated GC) [PSYoungGen: 190204K->23668K(209408K)] 653850K->489064K(733696K), 0.0071508 secs] [Times: user=0.04 sys=0.00, real=0.01 secs] 
2016-09-25T21:17:01.965-0400: 98.752: [GC (GCLocker Initiated GC) [PSYoungGen: 182900K->39854K(209920K)] 651007K->509701K(734208K), 0.0057278 secs] [Times: user=0.05 sys=0.00, real=0.00 secs] 
2016-09-25T21:17:02.152-0400: 98.939: [GC (GCLocker Initiated GC) [PSYoungGen: 199086K->19341K(208896K)] 671956K->493809K(733184K), 0.0241942 secs] [Times: user=0.23 sys=0.00, real=0.03 secs] 
2016-09-25T21:17:02.360-0400: 99.147: [GC (GCLocker Initiated GC) [PSYoungGen: 177037K->11562K(169472K)] 659735K->495796K(693760K), 0.0282619 secs] [Times: user=0.30 sys=0.01, real=0.03 secs] 
2016-09-25T21:17:02.565-0400: 99.353: [GC (GCLocker Initiated GC) [PSYoungGen: 169258K->27972K(210432K)] 664325K->524919K(734720K), 0.0068409 secs] [Times: user=0.08 sys=0.00, real=0.00 secs] 
2016-09-25T21:17:02.737-0400: 99.525: [GC (GCLocker Initiated GC) [PSYoungGen: 184644K->50714K(207872K)] 681618K->553547K(732160K), 0.0083953 secs] [Times: user=0.10 sys=0.00, real=0.01 secs] 
2016-09-25T21:17:02.908-0400: 99.695: [GC (GCLocker Initiated GC) --[PSYoungGen: 207386K->207386K(207872K)] 712982K->730832K(732160K), 0.0101381 secs] [Times: user=0.06 sys=0.00, real=0.01 secs] 
2016-09-25T21:17:02.918-0400: 99.705: [Full GC (Ergonomics) [PSYoungGen: 207386K->0K(207872K)] [ParOldGen: 523445K->381663K(524288K)] 730832K->381663K(732160K), [Metaspace: 43737K->43737K(1087488K)], 0.0651776 secs] [Times: user=0.43 sys=0.01, real=0.07 secs] 
2016-09-25T21:17:03.155-0400: 99.942: [GC (GCLocker Initiated GC) [PSYoungGen: 156672K->29453K(205824K)] 538358K->411139K(730112K), 0.0244013 secs] [Times: user=0.27 sys=0.00, real=0.02 secs] 
2016-09-25T21:17:03.335-0400: 100.122: [GC (GCLocker Initiated GC) [PSYoungGen: 181005K->38454K(206848K)] 562716K->423633K(731136K), 0.0091059 secs] [Times: user=0.10 sys=0.00, real=0.01 secs] 
2016-09-25T21:17:03.499-0400: 100.287: [GC (GCLocker Initiated GC) [PSYoungGen: 190006K->38284K(206848K)] 575382K->425119K(731136K), 0.0068872 secs] [Times: user=0.05 sys=0.01, real=0.01 secs] 
2016-09-25T21:17:03.653-0400: 100.440: [GC (GCLocker Initiated GC) [PSYoungGen: 189836K->34334K(186368K)] 583566K->443046K(710656K), 0.0117318 secs] [Times: user=0.15 sys=0.01, real=0.02 secs] 
2016-09-25T21:17:03.825-0400: 100.612: [GC (GCLocker Initiated GC) [PSYoungGen: 185886K->30286K(205824K)] 598658K->460784K(730112K), 0.0081572 secs] [Times: user=0.09 sys=0.00, real=0.00 secs] 
2016-09-25T21:17:03.981-0400: 100.768: [GC (GCLocker Initiated GC) [PSYoungGen: 182862K->34046K(204800K)] 613407K->466030K(729088K), 0.0053865 secs] [Times: user=0.05 sys=0.00, real=0.01 secs] 
2016-09-25T21:17:04.132-0400: 100.919: [GC (GCLocker Initiated GC) [PSYoungGen: 186622K->39419K(206848K)] 618639K->491710K(731136K), 0.0074308 secs] [Times: user=0.10 sys=0.00, real=0.01 secs] 
2016-09-25T21:17:04.285-0400: 101.073: [GC (GCLocker Initiated GC) [PSYoungGen: 195579K->24667K(207360K)] 650732K->494455K(731648K), 0.0119943 secs] [Times: user=0.12 sys=0.00, real=0.01 secs] 
2016-09-25T21:17:04.448-0400: 101.235: [GC (GCLocker Initiated GC) [PSYoungGen: 180827K->36790K(209920K)] 653535K->510802K(734208K), 0.0242314 secs] [Times: user=0.27 sys=0.00, real=0.02 secs] 
2016-09-25T21:17:04.635-0400: 101.422: [GC (GCLocker Initiated GC) [PSYoungGen: 196534K->26193K(210432K)] 677676K->508576K(734720K), 0.0229183 secs] [Times: user=0.25 sys=0.00, real=0.02 secs] 
2016-09-25T21:17:04.833-0400: 101.620: [GC (GCLocker Initiated GC) [PSYoungGen: 185937K->34264K(209408K)] 673725K->523528K(733696K), 0.0281700 secs] [Times: user=0.31 sys=0.01, real=0.03 secs] 
2016-09-25T21:17:05.022-0400: 101.810: [GC (GCLocker Initiated GC) [PSYoungGen: 195544K->38314K(210432K)] 687578K->531845K(734720K), 0.0060182 secs] [Times: user=0.05 sys=0.00, real=0.00 secs] 
2016-09-25T21:17:05.182-0400: 101.969: [GC (GCLocker Initiated GC) [PSYoungGen: 199594K->28173K(211456K)] 693154K->536637K(735744K), 0.0062527 secs] [Times: user=0.05 sys=0.00, real=0.01 secs] 
2016-09-25T21:17:05.188-0400: 101.975: [Full GC (Ergonomics) [PSYoungGen: 28173K->0K(211456K)] [ParOldGen: 508463K->361247K(524288K)] 536637K->361247K(735744K), [Metaspace: 43752K->43752K(1087488K)], 0.0888645 secs] [Times: user=0.66 sys=0.01, real=0.09 secs] 
2016-09-25T21:17:05.450-0400: 102.238: [GC (GCLocker Initiated GC) [PSYoungGen: 163328K->31475K(211968K)] 530172K->398320K(736256K), 0.0050059 secs] [Times: user=0.04 sys=0.01, real=0.01 secs] 
2016-09-25T21:17:05.612-0400: 102.399: [GC (GCLocker Initiated GC) [PSYoungGen: 194803K->24465K(212992K)] 563713K->394774K(737280K), 0.0080151 secs] [Times: user=0.08 sys=0.00, real=0.01 secs] 
2016-09-25T21:17:05.777-0400: 102.564: [GC (GCLocker Initiated GC) [PSYoungGen: 190353K->43310K(209408K)] 560708K->414907K(733696K), 0.0132992 secs] [Times: user=0.13 sys=0.02, real=0.01 secs] 
2016-09-25T21:17:05.957-0400: 102.744: [GC (GCLocker Initiated GC) [PSYoungGen: 209198K->32613K(213504K)] 587574K->412186K(737792K), 0.0139247 secs] [Times: user=0.13 sys=0.01, real=0.01 secs] 
2016-09-25T21:17:06.136-0400: 102.924: [GC (GCLocker Initiated GC) [PSYoungGen: 195941K->19115K(211968K)] 578354K->418957K(736256K), 0.0281002 secs] [Times: user=0.32 sys=0.00, real=0.03 secs] 
2016-09-25T21:17:06.322-0400: 103.109: [GC (GCLocker Initiated GC) [PSYoungGen: 182443K->20448K(212480K)] 582301K->421531K(736768K), 0.0326732 secs] [Times: user=0.35 sys=0.01, real=0.04 secs] 
2016-09-25T21:17:06.515-0400: 103.303: [GC (GCLocker Initiated GC) [PSYoungGen: 183776K->32800K(212480K)] 584988K->435248K(736768K), 0.0084586 secs] [Times: user=0.07 sys=0.00, real=0.01 secs] 
2016-09-25T21:17:06.690-0400: 103.477: [GC (GCLocker Initiated GC) [PSYoungGen: 196128K->24870K(211456K)] 605491K->435629K(735744K), 0.0258826 secs] [Times: user=0.32 sys=0.00, real=0.03 secs] 
2016-09-25T21:17:06.886-0400: 103.673: [GC (Allocation Failure) [PSYoungGen: 189222K->39997K(211968K)] 605440K->457838K(736256K), 0.0123648 secs] [Times: user=0.12 sys=0.01, real=0.01 secs] 
2016-09-25T21:17:07.078-0400: 103.865: [GC (GCLocker Initiated GC) [PSYoungGen: 203108K->22122K(212992K)] 622299K->445666K(737280K), 0.0131280 secs] [Times: user=0.13 sys=0.00, real=0.01 secs] 
2016-09-25T21:17:07.254-0400: 104.041: [GC (GCLocker Initiated GC) [PSYoungGen: 185450K->31368K(195072K)] 608998K->456524K(719360K), 0.0094144 secs] [Times: user=0.10 sys=0.01, real=0.01 secs] 
2016-09-25T21:17:07.428-0400: 104.215: [GC (GCLocker Initiated GC) [PSYoungGen: 194696K->30418K(212480K)] 625401K->462447K(736768K), 0.0168494 secs] [Times: user=0.25 sys=0.00, real=0.02 secs] 
2016-09-25T21:17:07.607-0400: 104.395: [GC (GCLocker Initiated GC) [PSYoungGen: 195282K->41255K(210944K)] 632746K->480267K(735232K), 0.0135210 secs] [Times: user=0.17 sys=0.00, real=0.01 secs] 
2016-09-25T21:17:07.794-0400: 104.581: [GC (GCLocker Initiated GC) [PSYoungGen: 206119K->34373K(214016K)] 650560K->480375K(738304K), 0.0066913 secs] [Times: user=0.06 sys=0.00, real=0.00 secs] 
2016-09-25T21:17:07.974-0400: 104.762: [GC (GCLocker Initiated GC) [PSYoungGen: 199749K->23893K(189440K)] 655227K->510708K(713728K), 0.0090252 secs] [Times: user=0.11 sys=0.01, real=0.01 secs] 
2016-09-25T21:17:08.160-0400: 104.947: [GC (GCLocker Initiated GC) [PSYoungGen: 189269K->24843K(213504K)] 680215K->517506K(737792K), 0.0123173 secs] [Times: user=0.12 sys=0.01, real=0.01 secs] 
2016-09-25T21:17:08.360-0400: 105.147: [GC (GCLocker Initiated GC) [PSYoungGen: 190731K->34370K(212992K)] 683404K->528568K(737280K), 0.0050872 secs] [Times: user=0.06 sys=0.00, real=0.01 secs] 
2016-09-25T21:17:08.526-0400: 105.313: [GC (GCLocker Initiated GC) [PSYoungGen: 200258K->23537K(214528K)] 697166K->532759K(738816K), 0.0134844 secs] [Times: user=0.13 sys=0.00, real=0.01 secs] 
2016-09-25T21:17:08.540-0400: 105.327: [Full GC (Ergonomics) [PSYoungGen: 23537K->0K(214528K)] [ParOldGen: 509221K->304513K(524288K)] 532759K->304513K(738816K), [Metaspace: 43766K->43766K(1087488K)], 0.0790039 secs] [Times: user=0.67 sys=0.02, real=0.08 secs] 
2016-09-25T21:17:08.803-0400: 105.590: [GC (GCLocker Initiated GC) [PSYoungGen: 167936K->44319K(212480K)] 472466K->354249K(736768K), 0.0220042 secs] [Times: user=0.25 sys=0.00, real=0.02 secs] 
2016-09-25T21:17:09.011-0400: 105.798: [GC (GCLocker Initiated GC) [PSYoungGen: 212255K->30666K(213504K)] 528974K->365614K(737792K), 0.0061984 secs] [Times: user=0.07 sys=0.00, real=0.01 secs] 
2016-09-25T21:17:09.184-0400: 105.971: [GC (GCLocker Initiated GC) [PSYoungGen: 194506K->34177K(198144K)] 532299K->373703K(722432K), 0.0067471 secs] [Times: user=0.06 sys=0.00, real=0.00 secs] 
2016-09-25T21:17:09.356-0400: 106.143: [GC (GCLocker Initiated GC) [PSYoungGen: 198017K->31531K(214016K)] 543107K->378030K(738304K), 0.0081901 secs] [Times: user=0.07 sys=0.00, real=0.01 secs] 
2016-09-25T21:17:09.551-0400: 106.338: [GC (Allocation Failure) [PSYoungGen: 197419K->19539K(211968K)] 554720K->378342K(736256K), 0.0124056 secs] [Times: user=0.13 sys=0.01, real=0.02 secs] 
2016-09-25T21:17:09.726-0400: 106.513: [GC (GCLocker Initiated GC) [PSYoungGen: 184144K->42435K(209920K)] 545647K->405535K(734208K), 0.0063595 secs] [Times: user=0.08 sys=0.00, real=0.00 secs] 
2016-09-25T21:17:09.900-0400: 106.687: [GC (GCLocker Initiated GC) [PSYoungGen: 205251K->32949K(212480K)] 571129K->400290K(736768K), 0.0198248 secs] [Times: user=0.17 sys=0.00, real=0.02 secs] 
2016-09-25T21:17:10.084-0400: 106.871: [GC (GCLocker Initiated GC) [PSYoungGen: 195765K->23248K(210432K)] 571235K->400073K(734720K), 0.0046857 secs] [Times: user=0.05 sys=0.00, real=0.00 secs] 
2016-09-25T21:17:10.245-0400: 107.032: [GC (GCLocker Initiated GC) [PSYoungGen: 187088K->31288K(211968K)] 569323K->425582K(736256K), 0.0110423 secs] [Times: user=0.14 sys=0.00, real=0.01 secs] 
2016-09-25T21:17:10.421-0400: 107.208: [GC (GCLocker Initiated GC) [PSYoungGen: 195128K->45093K(208384K)] 589594K->443355K(732672K), 0.0060106 secs] [Times: user=0.05 sys=0.01, real=0.01 secs] 
2016-09-25T21:17:10.589-0400: 107.377: [GC (GCLocker Initiated GC) [PSYoungGen: 206885K->34186K(211968K)] 605247K->433933K(736256K), 0.0226064 secs] [Times: user=0.27 sys=0.00, real=0.02 secs] 
2016-09-25T21:17:10.763-0400: 107.550: [GC (GCLocker Initiated GC) [PSYoungGen: 195978K->49145K(202752K)] 598540K->453133K(727040K), 0.0102979 secs] [Times: user=0.14 sys=0.01, real=0.00 secs] 
2016-09-25T21:17:10.933-0400: 107.721: [GC (GCLocker Initiated GC) [PSYoungGen: 202745K->50460K(204288K)] 606770K->455886K(728576K), 0.0061494 secs] [Times: user=0.07 sys=0.01, real=0.01 secs] 
2016-09-25T21:17:11.093-0400: 107.880: [GC (GCLocker Initiated GC) [PSYoungGen: 204060K->48777K(198144K)] 614955K->461052K(722432K), 0.0096067 secs] [Times: user=0.12 sys=0.01, real=0.02 secs] 
2016-09-25T21:17:11.267-0400: 108.054: [GC (GCLocker Initiated GC) [PSYoungGen: 189065K->27210K(201216K)] 606981K->454229K(725504K), 0.0059327 secs] [Times: user=0.06 sys=0.00, real=0.00 secs] 
2016-09-25T21:17:11.440-0400: 108.228: [GC (GCLocker Initiated GC) [PSYoungGen: 167498K->24840K(199680K)] 599983K->458542K(723968K), 0.0113798 secs] [Times: user=0.15 sys=0.00, real=0.01 secs] 
2016-09-25T21:17:11.593-0400: 108.380: [GC (GCLocker Initiated GC) [PSYoungGen: 165640K->46182K(200704K)] 599370K->481282K(724992K), 0.0055212 secs] [Times: user=0.06 sys=0.00, real=0.01 secs] 
2016-09-25T21:17:11.753-0400: 108.540: [GC (GCLocker Initiated GC) [PSYoungGen: 186982K->39717K(201216K)] 622116K->500335K(725504K), 0.0228218 secs] [Times: user=0.27 sys=0.00, real=0.03 secs] 
2016-09-25T21:17:11.916-0400: 108.703: [GC (GCLocker Initiated GC) [PSYoungGen: 180005K->29990K(170496K)] 640712K->502869K(694784K), 0.0098485 secs] [Times: user=0.08 sys=0.00, real=0.01 secs] 
2016-09-25T21:17:12.076-0400: 108.863: [GC (GCLocker Initiated GC) [PSYoungGen: 170278K->21656K(199168K)] 649940K->502630K(723456K), 0.0238020 secs] [Times: user=0.29 sys=0.00, real=0.02 secs] 
2016-09-25T21:17:12.222-0400: 109.009: [GC (GCLocker Initiated GC) [PSYoungGen: 161944K->36455K(199680K)] 645645K->542810K(723968K), 0.0108847 secs] [Times: user=0.08 sys=0.00, real=0.00 secs] 
2016-09-25T21:17:12.233-0400: 109.020: [Full GC (Ergonomics) [PSYoungGen: 36455K->0K(199680K)] [ParOldGen: 506355K->331078K(524288K)] 542810K->331078K(723968K), [Metaspace: 43772K->43772K(1087488K)], 0.0693374 secs] [Times: user=0.42 sys=0.01, real=0.08 secs] 
2016-09-25T21:17:12.442-0400: 109.229: [GC (GCLocker Initiated GC) [PSYoungGen: 140288K->21869K(201216K)] 478168K->359750K(725504K), 0.0090874 secs] [Times: user=0.10 sys=0.00, real=0.01 secs] 
2016-09-25T21:17:12.600-0400: 109.387: [GC (GCLocker Initiated GC) [PSYoungGen: 165741K->30132K(201216K)] 511294K->376956K(725504K), 0.0132023 secs] [Times: user=0.17 sys=0.00, real=0.01 secs] 
2016-09-25T21:17:12.759-0400: 109.547: [GC (GCLocker Initiated GC) [PSYoungGen: 174004K->54408K(194560K)] 523149K->404889K(718848K), 0.0086040 secs] [Times: user=0.12 sys=0.00, real=0.01 secs] 
2016-09-25T21:17:12.902-0400: 109.689: [GC (GCLocker Initiated GC) [PSYoungGen: 193672K->51558K(190976K)] 544178K->419522K(715264K), 0.0063142 secs] [Times: user=0.07 sys=0.00, real=0.01 secs] 
2016-09-25T21:17:13.050-0400: 109.837: [GC (GCLocker Initiated GC) [PSYoungGen: 190822K->32509K(199680K)] 561587K->404297K(723968K), 0.0060257 secs] [Times: user=0.05 sys=0.01, real=0.01 secs] 
2016-09-25T21:17:13.200-0400: 109.987: [GC (GCLocker Initiated GC) [PSYoungGen: 167677K->47174K(197632K)] 546356K->426997K(721920K), 0.0171392 secs] [Times: user=0.26 sys=0.00, real=0.02 secs] 
2016-09-25T21:17:13.368-0400: 110.155: [GC (GCLocker Initiated GC) [PSYoungGen: 182342K->47422K(196096K)] 562176K->444322K(720384K), 0.0104779 secs] [Times: user=0.14 sys=0.01, real=0.01 secs] 
2016-09-25T21:17:13.510-0400: 110.297: [GC (GCLocker Initiated GC) [PSYoungGen: 179518K->44728K(197120K)] 576566K->442945K(721408K), 0.0183019 secs] [Times: user=0.19 sys=0.00, real=0.02 secs] 
2016-09-25T21:17:13.684-0400: 110.471: [GC (GCLocker Initiated GC) [PSYoungGen: 176824K->21636K(197120K)] 581801K->427719K(721408K), 0.0116165 secs] [Times: user=0.13 sys=0.00, real=0.01 secs] 
2016-09-25T21:17:13.833-0400: 110.620: [GC (GCLocker Initiated GC) [PSYoungGen: 153732K->31402K(163840K)] 570830K->449648K(688128K), 0.0252286 secs] [Times: user=0.34 sys=0.00, real=0.03 secs] 
2016-09-25T21:17:14.017-0400: 110.804: [GC (GCLocker Initiated GC) [PSYoungGen: 163498K->40761K(196608K)] 584461K->462845K(720896K), 0.0067039 secs] [Times: user=0.07 sys=0.00, real=0.01 secs] 
2016-09-25T21:17:14.182-0400: 110.970: [GC (GCLocker Initiated GC) [PSYoungGen: 173881K->27211K(195584K)] 606857K->474938K(719872K), 0.0054379 secs] [Times: user=0.06 sys=0.00, real=0.00 secs] 
2016-09-25T21:17:14.354-0400: 111.141: [GC (GCLocker Initiated GC) [PSYoungGen: 160331K->38080K(198144K)] 608228K->506039K(722432K), 0.0089812 secs] [Times: user=0.07 sys=0.00, real=0.01 secs] 
2016-09-25T21:17:14.532-0400: 111.319: [GC (GCLocker Initiated GC) [PSYoungGen: 175808K->19215K(197632K)] 649210K->504648K(721920K), 0.0234541 secs] [Times: user=0.25 sys=0.02, real=0.03 secs] 
2016-09-25T21:17:14.722-0400: 111.509: [GC (GCLocker Initiated GC) [PSYoungGen: 156943K->40952K(201728K)] 642408K->527810K(726016K), 0.0079827 secs] [Times: user=0.06 sys=0.03, real=0.01 secs] 
2016-09-25T21:17:14.896-0400: 111.683: [GC (GCLocker Initiated GC) [PSYoungGen: 182776K->21791K(201728K)] 669721K->509986K(726016K), 0.0082481 secs] [Times: user=0.05 sys=0.00, real=0.01 secs] 
2016-09-25T21:17:15.059-0400: 111.847: [GC (GCLocker Initiated GC) [PSYoungGen: 163615K->35535K(198144K)] 651819K->524969K(722432K), 0.0123052 secs] [Times: user=0.14 sys=0.00, real=0.01 secs] 
2016-09-25T21:17:15.237-0400: 112.025: [GC (GCLocker Initiated GC) [PSYoungGen: 177871K->35507K(200192K)] 671488K->530548K(724480K), 0.0178812 secs] [Times: user=0.17 sys=0.01, real=0.02 secs] 
2016-09-25T21:17:15.439-0400: 112.227: [Full GC (Ergonomics) [PSYoungGen: 177843K->0K(200192K)] [ParOldGen: 504508K->320443K(524288K)] 682351K->320443K(724480K), [Metaspace: 43780K->43780K(1087488K)], 0.0837896 secs] [Times: user=0.56 sys=0.01, real=0.09 secs] 
2016-09-25T21:17:15.683-0400: 112.470: [GC (GCLocker Initiated GC) [PSYoungGen: 142336K->26168K(201728K)] 470912K->354745K(726016K), 0.0264717 secs] [Times: user=0.26 sys=0.00, real=0.02 secs] 
2016-09-25T21:17:15.904-0400: 112.691: [GC (GCLocker Initiated GC) [PSYoungGen: 174136K->34494K(203264K)] 505515K->383717K(727552K), 0.0082378 secs] [Times: user=0.08 sys=0.00, real=0.00 secs] 
2016-09-25T21:17:16.059-0400: 112.846: [GC (GCLocker Initiated GC) [PSYoungGen: 182462K->17871K(206336K)] 531758K->368765K(730624K), 0.0123604 secs] [Times: user=0.12 sys=0.00, real=0.01 secs] 
2016-09-25T21:17:16.222-0400: 113.010: [GC (GCLocker Initiated GC) [PSYoungGen: 170447K->31692K(184320K)] 526771K->400304K(708608K), 0.0050369 secs] [Times: user=0.06 sys=0.00, real=0.00 secs] 
2016-09-25T21:17:16.382-0400: 113.169: [GC (GCLocker Initiated GC) [PSYoungGen: 184268K->35899K(206848K)] 553013K->406084K(731136K), 0.0180900 secs] [Times: user=0.20 sys=0.00, real=0.02 secs] 
2016-09-25T21:17:16.564-0400: 113.352: [GC (GCLocker Initiated GC) [PSYoungGen: 190523K->35544K(206336K)] 563441K->410035K(730624K), 0.0125179 secs] [Times: user=0.13 sys=0.01, real=0.01 secs] 
2016-09-25T21:17:16.738-0400: 113.525: [GC (GCLocker Initiated GC) [PSYoungGen: 190168K->16696K(207872K)] 564663K->411533K(732160K), 0.0054190 secs] [Times: user=0.04 sys=0.00, real=0.01 secs] 
2016-09-25T21:17:16.905-0400: 113.692: [GC (GCLocker Initiated GC) [PSYoungGen: 173880K->46643K(204288K)] 568798K->443159K(728576K), 0.0062928 secs] [Times: user=0.07 sys=0.00, real=0.00 secs] 
2016-09-25T21:17:17.074-0400: 113.861: [GC (GCLocker Initiated GC) [PSYoungGen: 203827K->14203K(204800K)] 607137K->435302K(729088K), 0.0133368 secs] [Times: user=0.12 sys=0.01, real=0.02 secs] 
2016-09-25T21:17:17.245-0400: 114.032: [GC (Allocation Failure) [PSYoungGen: 163707K->26105K(175616K)] 584846K->448994K(699904K), 0.0053785 secs] [Times: user=0.04 sys=0.01, real=0.00 secs] 
2016-09-25T21:17:17.400-0400: 114.187: [GC (GCLocker Initiated GC) [PSYoungGen: 175609K->25158K(206848K)] 598498K->471164K(731136K), 0.0131893 secs] [Times: user=0.16 sys=0.01, real=0.01 secs] 
2016-09-25T21:17:17.555-0400: 114.342: [GC (GCLocker Initiated GC) [PSYoungGen: 177222K->33073K(205312K)] 631457K->489019K(729600K), 0.0065798 secs] [Times: user=0.06 sys=0.00, real=0.00 secs] 
2016-09-25T21:17:17.717-0400: 114.504: [GC (GCLocker Initiated GC) [PSYoungGen: 185137K->44010K(203776K)] 641118K->501606K(728064K), 0.0086228 secs] [Times: user=0.09 sys=0.00, real=0.01 secs] 
2016-09-25T21:17:17.880-0400: 114.668: [GC (GCLocker Initiated GC) [PSYoungGen: 195562K->27893K(206336K)] 658636K->519671K(730624K), 0.0058752 secs] [Times: user=0.05 sys=0.01, real=0.01 secs] 
2016-09-25T21:17:17.887-0400: 114.674: [Full GC (Ergonomics) [PSYoungGen: 27893K->0K(206336K)] [ParOldGen: 491778K->312416K(524288K)] 519671K->312416K(730624K), [Metaspace: 43781K->43781K(1087488K)], 0.0603414 secs] [Times: user=0.46 sys=0.00, real=0.06 secs] 
2016-09-25T21:17:18.094-0400: 114.882: [GC (GCLocker Initiated GC) [PSYoungGen: 151552K->34802K(204288K)] 464210K->347461K(728576K), 0.0270646 secs] [Times: user=0.40 sys=0.01, real=0.02 secs] 
2016-09-25T21:17:18.285-0400: 115.073: [GC (GCLocker Initiated GC) [PSYoungGen: 188914K->37106K(206336K)] 504286K->354368K(730624K), 0.0059759 secs] [Times: user=0.06 sys=0.00, real=0.00 secs] 
2016-09-25T21:17:18.457-0400: 115.244: [GC (GCLocker Initiated GC) [PSYoungGen: 191218K->35943K(208896K)] 508489K->354773K(733184K), 0.0061469 secs] [Times: user=0.06 sys=0.00, real=0.01 secs] 
2016-09-25T21:17:18.632-0400: 115.419: [GC (GCLocker Initiated GC) [PSYoungGen: 193639K->25172K(209408K)] 512538K->356681K(733696K), 0.0110741 secs] [Times: user=0.13 sys=0.00, real=0.02 secs] 
2016-09-25T21:17:18.803-0400: 115.590: [GC (GCLocker Initiated GC) [PSYoungGen: 182868K->22403K(209408K)] 519873K->371990K(733696K), 0.0064268 secs] [Times: user=0.07 sys=0.00, real=0.00 secs] 
2016-09-25T21:17:18.985-0400: 115.772: [GC (GCLocker Initiated GC) [PSYoungGen: 181635K->26410K(209920K)] 534005K->380605K(734208K), 0.0104921 secs] [Times: user=0.10 sys=0.00, real=0.01 secs] 
2016-09-25T21:17:19.148-0400: 115.935: [GC (GCLocker Initiated GC) [PSYoungGen: 185642K->33031K(209920K)] 545243K->394462K(734208K), 0.0080416 secs] [Times: user=0.07 sys=0.00, real=0.01 secs] 
2016-09-25T21:17:19.314-0400: 116.101: [GC (Allocation Failure) [PSYoungGen: 194823K->23369K(210432K)] 567202K->397441K(734720K), 0.0100930 secs] [Times: user=0.10 sys=0.00, real=0.02 secs] 
2016-09-25T21:17:19.468-0400: 116.255: [GC (GCLocker Initiated GC) [PSYoungGen: 183728K->35751K(212992K)] 563200K->430143K(737280K), 0.0072675 secs] [Times: user=0.08 sys=0.00, real=0.01 secs] 
2016-09-25T21:17:25.482-0400: 122.269: [GC (Allocation Failure) [PSYoungGen: 200615K->25071K(189952K)] 595010K->420956K(714240K), 0.0169551 secs] [Times: user=0.10 sys=0.04, real=0.02 secs] 
2016-09-25T21:17:36.391-0400: 133.178: [GC (Allocation Failure) [PSYoungGen: 189935K->45578K(206336K)] 585820K->466044K(730624K), 0.0184958 secs] [Times: user=0.15 sys=0.01, real=0.02 secs] 
2016-09-25T21:17:46.311-0400: 143.098: [GC (Allocation Failure) [PSYoungGen: 204298K->43498K(202240K)] 624764K->509142K(726528K), 0.0211400 secs] [Times: user=0.17 sys=0.02, real=0.02 secs] 
