Java HotSpot(TM) 64-Bit Server VM (25.77-b03) for linux-amd64 JRE (1.8.0_77-b03), built on Mar 20 2016 22:00:46 by "java_re" with gcc 4.3.0 20080428 (Red Hat 4.3.0-8)
Memory: 4k page, physical 264122324k(97685132k free), swap 268399612k(268246080k free)
CommandLine flags: -XX:GCLogFileSize=1048576 -XX:+HeapDumpOnOutOfMemoryError -XX:HeapDumpPath=artifacts/heapdump -XX:InitialHeapSize=805306368 -XX:MaxHeapSize=805306368 -XX:NumberOfGCLogFiles=10 -XX:+PrintGC -XX:+PrintGCDateStamps -XX:+PrintGCDetails -XX:+PrintGCTimeStamps -XX:+UseCompressedClassPointers -XX:+UseCompressedOops -XX:+UseGCLogFileRotation -XX:+UseParallelGC 
2016-09-13T20:31:15.171-0400: 2.218: [GC (Metadata GC Threshold) [PSYoungGen: 121898K->15499K(229376K)] 121898K->15588K(753664K), 0.0214346 secs] [Times: user=0.06 sys=0.07, real=0.02 secs] 
2016-09-13T20:31:15.193-0400: 2.239: [Full GC (Metadata GC Threshold) [PSYoungGen: 15499K->0K(229376K)] [ParOldGen: 88K->14597K(352768K)] 15588K->14597K(582144K), [Metaspace: 21054K->21054K(1067008K)], 0.0532493 secs] [Times: user=0.36 sys=0.02, real=0.05 secs] 
2016-09-13T20:31:17.057-0400: 4.104: [GC (Metadata GC Threshold) [PSYoungGen: 124220K->14621K(229376K)] 138817K->29354K(582144K), 0.0163527 secs] [Times: user=0.10 sys=0.02, real=0.01 secs] 
2016-09-13T20:31:17.073-0400: 4.120: [Full GC (Metadata GC Threshold) [PSYoungGen: 14621K->0K(229376K)] [ParOldGen: 14733K->20207K(524288K)] 29354K->20207K(753664K), [Metaspace: 34909K->34909K(1079296K)], 0.0711818 secs] [Times: user=0.48 sys=0.03, real=0.07 secs] 
2016-09-13T20:31:18.598-0400: 5.644: [GC (GCLocker Initiated GC) [PSYoungGen: 196608K->31492K(229376K)] 216839K->100332K(753664K), 0.0212054 secs] [Times: user=0.28 sys=0.02, real=0.02 secs] 
2016-09-13T20:31:18.975-0400: 6.022: [GC (GCLocker Initiated GC) [PSYoungGen: 228100K->22096K(229376K)] 306075K->100078K(753664K), 0.0078254 secs] [Times: user=0.06 sys=0.00, real=0.01 secs] 
2016-09-13T20:31:19.307-0400: 6.353: [GC (GCLocker Initiated GC) [PSYoungGen: 218704K->28674K(225792K)] 298504K->120633K(750080K), 0.0167149 secs] [Times: user=0.17 sys=0.01, real=0.02 secs] 
2016-09-13T20:31:19.710-0400: 6.757: [GC (GCLocker Initiated GC) [PSYoungGen: 225282K->30319K(223232K)] 317602K->128722K(747520K), 0.0225159 secs] [Times: user=0.22 sys=0.00, real=0.02 secs] 
2016-09-13T20:31:20.130-0400: 7.177: [GC (GCLocker Initiated GC) [PSYoungGen: 219759K->35350K(225280K)] 318523K->140196K(749568K), 0.0190404 secs] [Times: user=0.17 sys=0.01, real=0.02 secs] 
2016-09-13T20:31:20.617-0400: 7.664: [GC (GCLocker Initiated GC) [PSYoungGen: 224790K->5385K(212992K)] 342136K->122740K(737280K), 0.0137351 secs] [Times: user=0.13 sys=0.00, real=0.01 secs] 
2016-09-13T20:31:20.961-0400: 8.008: [GC (GCLocker Initiated GC) [PSYoungGen: 181513K->30301K(206848K)] 298890K->147686K(731136K), 0.0120384 secs] [Times: user=0.12 sys=0.01, real=0.01 secs] 
2016-09-13T20:31:21.373-0400: 8.419: [GC (Allocation Failure) [PSYoungGen: 206429K->40389K(210432K)] 324158K->166910K(734720K), 0.0235930 secs] [Times: user=0.20 sys=0.01, real=0.03 secs] 
2016-09-13T20:31:21.733-0400: 8.780: [GC (Allocation Failure) [PSYoungGen: 207301K->22677K(214528K)] 333822K->150380K(738816K), 0.0123278 secs] [Times: user=0.12 sys=0.00, real=0.01 secs] 
2016-09-13T20:31:22.118-0400: 9.165: [GC (Allocation Failure) [PSYoungGen: 189589K->28224K(210944K)] 317292K->156821K(735232K), 0.0148546 secs] [Times: user=0.14 sys=0.01, real=0.01 secs] 
2016-09-13T20:31:22.492-0400: 9.539: [GC (GCLocker Initiated GC) [PSYoungGen: 193168K->20086K(213504K)] 327840K->163400K(737792K), 0.0096833 secs] [Times: user=0.10 sys=0.00, real=0.01 secs] 
2016-09-13T20:31:22.961-0400: 10.008: [GC (GCLocker Initiated GC) [PSYoungGen: 188534K->1509K(214016K)] 350350K->164117K(738304K), 0.0123393 secs] [Times: user=0.10 sys=0.01, real=0.01 secs] 
2016-09-13T20:31:23.287-0400: 10.334: [GC (GCLocker Initiated GC) [PSYoungGen: 171493K->44418K(214528K)] 334162K->231728K(738816K), 0.0096326 secs] [Times: user=0.09 sys=0.01, real=0.02 secs] 
2016-09-13T20:31:23.471-0400: 10.518: [GC (GCLocker Initiated GC) [PSYoungGen: 214402K->20001K(209408K)] 407963K->213954K(733696K), 0.0068514 secs] [Times: user=0.06 sys=0.00, real=0.01 secs] 
2016-09-13T20:31:23.682-0400: 10.729: [GC (GCLocker Initiated GC) [PSYoungGen: 181793K->50132K(211968K)] 375922K->244652K(736256K), 0.0274191 secs] [Times: user=0.23 sys=0.00, real=0.03 secs] 
2016-09-13T20:31:23.904-0400: 10.951: [GC (GCLocker Initiated GC) [PSYoungGen: 211924K->44938K(190464K)] 406531K->246544K(714752K), 0.0247720 secs] [Times: user=0.22 sys=0.02, real=0.03 secs] 
2016-09-13T20:31:24.079-0400: 11.126: [GC (GCLocker Initiated GC) [PSYoungGen: 185226K->48020K(188416K)] 386932K->262380K(712704K), 0.0087069 secs] [Times: user=0.12 sys=0.01, real=0.01 secs] 
2016-09-13T20:31:24.274-0400: 11.321: [GC (Allocation Failure) [PSYoungGen: 188308K->41821K(195584K)] 402705K->264151K(719872K), 0.0104605 secs] [Times: user=0.10 sys=0.02, real=0.01 secs] 
2016-09-13T20:31:24.445-0400: 11.492: [GC (GCLocker Initiated GC) [PSYoungGen: 169968K->19198K(196608K)] 398373K->247867K(720896K), 0.0109251 secs] [Times: user=0.14 sys=0.00, real=0.02 secs] 
2016-09-13T20:31:24.618-0400: 11.664: [GC (GCLocker Initiated GC) [PSYoungGen: 150270K->53912K(187392K)] 379135K->286110K(711680K), 0.0088445 secs] [Times: user=0.07 sys=0.01, real=0.00 secs] 
2016-09-13T20:31:24.771-0400: 11.818: [GC (GCLocker Initiated GC) [PSYoungGen: 176792K->31163K(192512K)] 409230K->263798K(716800K), 0.0256738 secs] [Times: user=0.31 sys=0.00, real=0.03 secs] 
2016-09-13T20:31:24.933-0400: 11.980: [GC (GCLocker Initiated GC) [PSYoungGen: 154043K->28025K(185856K)] 386687K->260882K(710144K), 0.0167409 secs] [Times: user=0.21 sys=0.00, real=0.02 secs] 
2016-09-13T20:31:25.101-0400: 12.148: [GC (GCLocker Initiated GC) [PSYoungGen: 154489K->61665K(189952K)] 387458K->300989K(714240K), 0.0254267 secs] [Times: user=0.30 sys=0.00, real=0.02 secs] 
2016-09-13T20:31:25.295-0400: 12.341: [GC (GCLocker Initiated GC) [PSYoungGen: 188129K->38975K(193024K)] 436666K->299961K(717312K), 0.0101599 secs] [Times: user=0.09 sys=0.03, real=0.01 secs] 
2016-09-13T20:31:25.466-0400: 12.512: [GC (GCLocker Initiated GC) [PSYoungGen: 160319K->47614K(190464K)] 422849K->310432K(714752K), 0.0273350 secs] [Times: user=0.24 sys=0.01, real=0.03 secs] 
2016-09-13T20:31:25.651-0400: 12.698: [GC (GCLocker Initiated GC) [PSYoungGen: 168958K->5588K(187904K)] 447139K->299185K(712192K), 0.0067077 secs] [Times: user=0.07 sys=0.00, real=0.01 secs] 
2016-09-13T20:31:25.838-0400: 12.884: [GC (Allocation Failure) [PSYoungGen: 123348K->46127K(164352K)] 416965K->340113K(688640K), 0.0287390 secs] [Times: user=0.25 sys=0.00, real=0.02 secs] 
2016-09-13T20:31:26.011-0400: 13.057: [GC (GCLocker Initiated GC) [PSYoungGen: 163887K->53791K(182784K)] 457886K->355677K(707072K), 0.0279348 secs] [Times: user=0.32 sys=0.01, real=0.03 secs] 
2016-09-13T20:31:26.153-0400: 13.200: [GC (GCLocker Initiated GC) [PSYoungGen: 163359K->53971K(163840K)] 465321K->356119K(688128K), 0.0070676 secs] [Times: user=0.07 sys=0.01, real=0.01 secs] 
2016-09-13T20:31:26.310-0400: 13.356: [GC (GCLocker Initiated GC) [PSYoungGen: 163539K->49637K(183296K)] 465869K->376594K(707584K), 0.0082777 secs] [Times: user=0.08 sys=0.00, real=0.01 secs] 
2016-09-13T20:31:26.453-0400: 13.500: [GC (GCLocker Initiated GC) [PSYoungGen: 154085K->26415K(131072K)] 487296K->359937K(655360K), 0.0188951 secs] [Times: user=0.19 sys=0.00, real=0.02 secs] 
2016-09-13T20:31:26.592-0400: 13.638: [GC (GCLocker Initiated GC) [PSYoungGen: 130863K->40148K(184832K)] 464505K->373963K(709120K), 0.0119567 secs] [Times: user=0.15 sys=0.00, real=0.01 secs] 
2016-09-13T20:31:26.742-0400: 13.788: [GC (Allocation Failure) [PSYoungGen: 147668K->26505K(181760K)] 481553K->368198K(706048K), 0.0097322 secs] [Times: user=0.12 sys=0.01, real=0.01 secs] 
2016-09-13T20:31:26.886-0400: 13.933: [GC (GCLocker Initiated GC) [PSYoungGen: 133836K->46099K(183808K)] 477047K->391116K(708096K), 0.0308858 secs] [Times: user=0.29 sys=0.02, real=0.04 secs] 
2016-09-13T20:31:27.059-0400: 14.106: [GC (GCLocker Initiated GC) [PSYoungGen: 157203K->32613K(183296K)] 514398K->390025K(707584K), 0.0079760 secs] [Times: user=0.07 sys=0.00, real=0.00 secs] 
2016-09-13T20:31:27.207-0400: 14.254: [GC (GCLocker Initiated GC) [PSYoungGen: 143717K->49192K(185344K)] 501185K->408498K(709632K), 0.0128902 secs] [Times: user=0.10 sys=0.00, real=0.02 secs] 
2016-09-13T20:31:27.356-0400: 14.403: [GC (Allocation Failure) [PSYoungGen: 164904K->47742K(186880K)] 524402K->415107K(711168K), 0.0089847 secs] [Times: user=0.09 sys=0.00, real=0.00 secs] 
2016-09-13T20:31:27.515-0400: 14.562: [GC (GCLocker Initiated GC) [PSYoungGen: 163454K->33914K(186880K)] 536894K->407534K(711168K), 0.0096120 secs] [Times: user=0.08 sys=0.00, real=0.01 secs] 
2016-09-13T20:31:27.695-0400: 14.742: [GC (GCLocker Initiated GC) [PSYoungGen: 153722K->52234K(188928K)] 527362K->426071K(713216K), 0.0260737 secs] [Times: user=0.27 sys=0.00, real=0.03 secs] 
2016-09-13T20:31:27.857-0400: 14.903: [GC (GCLocker Initiated GC) [PSYoungGen: 172042K->31025K(192000K)] 552033K->415762K(716288K), 0.0083602 secs] [Times: user=0.07 sys=0.00, real=0.00 secs] 
2016-09-13T20:31:28.016-0400: 15.063: [GC (GCLocker Initiated GC) [PSYoungGen: 152881K->32527K(154624K)] 537690K->423742K(678912K), 0.0119980 secs] [Times: user=0.11 sys=0.00, real=0.01 secs] 
2016-09-13T20:31:28.204-0400: 15.250: [GC (GCLocker Initiated GC) [PSYoungGen: 154383K->47928K(189440K)] 547215K->448564K(713728K), 0.0242202 secs] [Times: user=0.33 sys=0.01, real=0.03 secs] 
2016-09-13T20:31:28.394-0400: 15.441: [GC (GCLocker Initiated GC) [PSYoungGen: 169784K->66056K(188416K)] 572033K->480767K(712704K), 0.0102119 secs] [Times: user=0.08 sys=0.00, real=0.01 secs] 
2016-09-13T20:31:28.527-0400: 15.574: [GC (GCLocker Initiated GC) [PSYoungGen: 187912K->70369K(171008K)] 604245K->529585K(695296K), 0.0128425 secs] [Times: user=0.09 sys=0.03, real=0.02 secs] 
2016-09-13T20:31:28.686-0400: 15.732: [GC (GCLocker Initiated GC) [PSYoungGen: 167649K->25019K(179712K)] 628409K->510249K(704000K), 0.0340712 secs] [Times: user=0.32 sys=0.02, real=0.04 secs] 
2016-09-13T20:31:28.861-0400: 15.907: [GC (GCLocker Initiated GC) [PSYoungGen: 122299K->44677K(173056K)] 607713K->533520K(697344K), 0.0062851 secs] [Times: user=0.07 sys=0.00, real=0.00 secs] 
2016-09-13T20:31:29.779-0400: 16.826: [GC (GCLocker Initiated GC) [PSYoungGen: 142469K->38506K(176640K)] 632880K->529023K(700928K), 0.0190673 secs] [Times: user=0.20 sys=0.00, real=0.02 secs] 
2016-09-13T20:31:29.915-0400: 16.961: [Full GC (Ergonomics) [PSYoungGen: 136298K->0K(176640K)] [ParOldGen: 498322K->44512K(524288K)] 634621K->44512K(700928K), [Metaspace: 44103K->44099K(1087488K)], 0.2554745 secs] [Times: user=2.48 sys=0.06, real=0.26 secs] 
2016-09-13T20:31:30.286-0400: 17.333: [GC (GCLocker Initiated GC) [PSYoungGen: 97792K->75434K(167936K)] 142389K->138257K(692224K), 0.0101721 secs] [Times: user=0.12 sys=0.00, real=0.02 secs] 
2016-09-13T20:31:30.403-0400: 17.450: [GC (GCLocker Initiated GC) [PSYoungGen: 167594K->56826K(177152K)] 230540K->183975K(701440K), 0.0170460 secs] [Times: user=0.22 sys=0.00, real=0.02 secs] 
2016-09-13T20:31:30.523-0400: 17.570: [GC (GCLocker Initiated GC) [PSYoungGen: 148986K->60172K(175104K)] 279208K->233248K(699392K), 0.0105054 secs] [Times: user=0.09 sys=0.00, real=0.01 secs] 
2016-09-13T20:31:30.629-0400: 17.676: [GC (GCLocker Initiated GC) [PSYoungGen: 150284K->48118K(138240K)] 329538K->270366K(662528K), 0.0098765 secs] [Times: user=0.11 sys=0.00, real=0.01 secs] 
2016-09-13T20:31:30.747-0400: 17.794: [GC (Allocation Failure) [PSYoungGen: 138230K->44640K(176640K)] 362008K->290023K(700928K), 0.0149988 secs] [Times: user=0.15 sys=0.00, real=0.02 secs] 
2016-09-13T20:31:30.871-0400: 17.918: [GC (GCLocker Initiated GC) [PSYoungGen: 134418K->65966K(173568K)] 385876K->364790K(697856K), 0.0131038 secs] [Times: user=0.13 sys=0.01, real=0.01 secs] 
2016-09-13T20:31:30.996-0400: 18.042: [GC (GCLocker Initiated GC) [PSYoungGen: 160174K->73560K(171008K)] 459027K->409052K(695296K), 0.0198699 secs] [Times: user=0.18 sys=0.01, real=0.02 secs] 
2016-09-13T20:31:31.108-0400: 18.154: [GC (GCLocker Initiated GC) [PSYoungGen: 161624K->41570K(175104K)] 497181K->419865K(699392K), 0.0175142 secs] [Times: user=0.15 sys=0.00, real=0.02 secs] 
2016-09-13T20:31:31.252-0400: 18.299: [GC (GCLocker Initiated GC) [PSYoungGen: 129634K->49164K(168448K)] 509491K->476418K(692736K), 0.0132936 secs] [Times: user=0.13 sys=0.00, real=0.01 secs] 
2016-09-13T20:31:31.377-0400: 18.424: [GC (GCLocker Initiated GC) [PSYoungGen: 137740K->46536K(172032K)] 577337K->536624K(696320K), 0.0137163 secs] [Times: user=0.18 sys=0.00, real=0.01 secs] 
2016-09-13T20:31:31.391-0400: 18.437: [Full GC (Ergonomics) [PSYoungGen: 46536K->0K(172032K)] [ParOldGen: 490087K->45559K(524288K)] 536624K->45559K(696320K), [Metaspace: 44104K->44104K(1087488K)], 0.0691128 secs] [Times: user=0.44 sys=0.01, real=0.07 secs] 
2016-09-13T20:31:31.565-0400: 18.612: [GC (GCLocker Initiated GC) [PSYoungGen: 88576K->79858K(168960K)] 134299K->133176K(693248K), 0.0156473 secs] [Times: user=0.18 sys=0.01, real=0.02 secs] 
2016-09-13T20:31:31.681-0400: 18.727: [GC (GCLocker Initiated GC) [PSYoungGen: 167922K->70656K(175104K)] 221317K->165468K(699392K), 0.0101796 secs] [Times: user=0.12 sys=0.00, real=0.01 secs] 
2016-09-13T20:31:31.793-0400: 18.840: [GC (GCLocker Initiated GC) [PSYoungGen: 158720K->85806K(175104K)] 253817K->225197K(699392K), 0.0184055 secs] [Times: user=0.23 sys=0.00, real=0.02 secs] 
2016-09-13T20:31:31.929-0400: 18.976: [GC (GCLocker Initiated GC) [PSYoungGen: 173870K->52575K(175104K)] 313342K->233369K(699392K), 0.0140549 secs] [Times: user=0.18 sys=0.00, real=0.01 secs] 
2016-09-13T20:31:32.047-0400: 19.094: [GC (GCLocker Initiated GC) [PSYoungGen: 140639K->43121K(175104K)] 327535K->269731K(699392K), 0.0213845 secs] [Times: user=0.18 sys=0.01, real=0.03 secs] 
2016-09-13T20:31:32.197-0400: 19.244: [GC (GCLocker Initiated GC) [PSYoungGen: 131185K->55266K(175104K)] 371540K->335310K(699392K), 0.0220503 secs] [Times: user=0.19 sys=0.01, real=0.02 secs] 
2016-09-13T20:31:32.335-0400: 19.382: [GC (GCLocker Initiated GC) [PSYoungGen: 143330K->84496K(175104K)] 423405K->401290K(699392K), 0.0136838 secs] [Times: user=0.18 sys=0.00, real=0.02 secs] 
2016-09-13T20:31:32.468-0400: 19.515: [GC (GCLocker Initiated GC) [PSYoungGen: 172560K->46127K(175104K)] 490961K->392011K(699392K), 0.0152558 secs] [Times: user=0.18 sys=0.00, real=0.01 secs] 
2016-09-13T20:31:32.627-0400: 19.674: [GC (GCLocker Initiated GC) [PSYoungGen: 134191K->62802K(175104K)] 486233K->451445K(699392K), 0.0111996 secs] [Times: user=0.10 sys=0.01, real=0.02 secs] 
2016-09-13T20:31:32.777-0400: 19.824: [GC (GCLocker Initiated GC) [PSYoungGen: 150866K->67395K(175104K)] 539738K->492939K(699392K), 0.0098610 secs] [Times: user=0.14 sys=0.01, real=0.00 secs] 
2016-09-13T20:31:32.914-0400: 19.961: [GC (GCLocker Initiated GC) [PSYoungGen: 155459K->66244K(175104K)] 593379K->540749K(699392K), 0.0099008 secs] [Times: user=0.12 sys=0.02, real=0.01 secs] 
2016-09-13T20:31:32.924-0400: 19.971: [Full GC (Ergonomics) [PSYoungGen: 66244K->0K(175104K)] [ParOldGen: 474505K->43958K(524288K)] 540749K->43958K(699392K), [Metaspace: 44117K->44117K(1087488K)], 0.0900733 secs] [Times: user=0.50 sys=0.03, real=0.09 secs] 
2016-09-13T20:31:33.112-0400: 20.159: [GC (GCLocker Initiated GC) [PSYoungGen: 88064K->72105K(175104K)] 132049K->116098K(699392K), 0.0126241 secs] [Times: user=0.09 sys=0.00, real=0.01 secs] 
2016-09-13T20:31:33.224-0400: 20.270: [GC (GCLocker Initiated GC) [PSYoungGen: 160169K->64640K(175104K)] 217944K->186672K(699392K), 0.0143322 secs] [Times: user=0.20 sys=0.00, real=0.02 secs] 
2016-09-13T20:31:33.370-0400: 20.417: [GC (GCLocker Initiated GC) [PSYoungGen: 152704K->69286K(175104K)] 280976K->234207K(699392K), 0.0099553 secs] [Times: user=0.13 sys=0.00, real=0.01 secs] 
2016-09-13T20:31:33.492-0400: 20.539: [GC (GCLocker Initiated GC) [PSYoungGen: 157350K->54039K(175104K)] 325536K->260553K(699392K), 0.0170271 secs] [Times: user=0.20 sys=0.01, real=0.02 secs] 
2016-09-13T20:31:33.623-0400: 20.670: [GC (GCLocker Initiated GC) [PSYoungGen: 142103K->56822K(175104K)] 350309K->301605K(699392K), 0.0301222 secs] [Times: user=0.30 sys=0.01, real=0.03 secs] 
2016-09-13T20:31:33.758-0400: 20.805: [GC (GCLocker Initiated GC) [PSYoungGen: 144886K->64576K(175104K)] 389837K->346214K(699392K), 0.0231785 secs] [Times: user=0.37 sys=0.00, real=0.02 secs] 
2016-09-13T20:31:33.882-0400: 20.929: [GC (GCLocker Initiated GC) [PSYoungGen: 152640K->78217K(175104K)] 434494K->396778K(699392K), 0.0202151 secs] [Times: user=0.28 sys=0.00, real=0.02 secs] 
2016-09-13T20:31:34.024-0400: 21.071: [GC (GCLocker Initiated GC) [PSYoungGen: 166281K->81283K(175104K)] 494096K->463983K(699392K), 0.0115133 secs] [Times: user=0.13 sys=0.00, real=0.02 secs] 
2016-09-13T20:31:34.149-0400: 21.195: [GC (GCLocker Initiated GC) [PSYoungGen: 169347K->43562K(175104K)] 552230K->482980K(699392K), 0.0219837 secs] [Times: user=0.26 sys=0.01, real=0.02 secs] 
2016-09-13T20:31:34.277-0400: 21.324: [GC (GCLocker Initiated GC) [PSYoungGen: 131626K->50780K(175104K)] 571066K->527018K(699392K), 0.0122455 secs] [Times: user=0.14 sys=0.00, real=0.01 secs] 
2016-09-13T20:31:34.290-0400: 21.336: [Full GC (Ergonomics) [PSYoungGen: 50780K->0K(175104K)] [ParOldGen: 476237K->32079K(524288K)] 527018K->32079K(699392K), [Metaspace: 44164K->44164K(1087488K)], 0.0547073 secs] [Times: user=0.37 sys=0.00, real=0.05 secs] 
2016-09-13T20:31:34.471-0400: 21.518: [GC (GCLocker Initiated GC) [PSYoungGen: 88064K->82959K(175104K)] 126254K->121157K(699392K), 0.0082577 secs] [Times: user=0.09 sys=0.00, real=0.01 secs] 
2016-09-13T20:31:34.605-0400: 21.652: [GC (GCLocker Initiated GC) [PSYoungGen: 171023K->73593K(175104K)] 209369K->156577K(699392K), 0.0251290 secs] [Times: user=0.34 sys=0.00, real=0.03 secs] 
2016-09-13T20:31:34.717-0400: 21.764: [GC (GCLocker Initiated GC) [PSYoungGen: 161657K->65998K(175104K)] 244693K->185647K(699392K), 0.0104898 secs] [Times: user=0.10 sys=0.00, real=0.01 secs] 
2016-09-13T20:31:34.829-0400: 21.876: [GC (GCLocker Initiated GC) [PSYoungGen: 154062K->47897K(175104K)] 282846K->219439K(699392K), 0.0084102 secs] [Times: user=0.08 sys=0.00, real=0.01 secs] 
2016-09-13T20:31:34.946-0400: 21.992: [GC (GCLocker Initiated GC) [PSYoungGen: 135961K->73751K(175104K)] 307587K->289698K(699392K), 0.0115989 secs] [Times: user=0.15 sys=0.00, real=0.02 secs] 
2016-09-13T20:31:35.089-0400: 22.136: [GC (GCLocker Initiated GC) [PSYoungGen: 161815K->41726K(175104K)] 383856K->303827K(699392K), 0.0095389 secs] [Times: user=0.12 sys=0.00, real=0.01 secs] 
2016-09-13T20:31:35.221-0400: 22.268: [GC (GCLocker Initiated GC) [PSYoungGen: 129790K->39956K(175104K)] 398288K->334442K(699392K), 0.0200744 secs] [Times: user=0.18 sys=0.00, real=0.02 secs] 
2016-09-13T20:31:35.375-0400: 22.422: [GC (GCLocker Initiated GC) [PSYoungGen: 128020K->61438K(175104K)] 428743K->398821K(699392K), 0.0150024 secs] [Times: user=0.15 sys=0.00, real=0.02 secs] 
2016-09-13T20:31:35.504-0400: 22.550: [GC (GCLocker Initiated GC) [PSYoungGen: 149502K->66125K(175104K)] 486993K->440320K(699392K), 0.0140513 secs] [Times: user=0.15 sys=0.00, real=0.02 secs] 
2016-09-13T20:31:35.641-0400: 22.688: [GC (GCLocker Initiated GC) [PSYoungGen: 154189K->46318K(175104K)] 534635K->463513K(699392K), 0.0353127 secs] [Times: user=0.38 sys=0.00, real=0.04 secs] 
2016-09-13T20:31:35.823-0400: 22.870: [GC (GCLocker Initiated GC) [PSYoungGen: 134382K->46314K(175104K)] 569999K->518647K(699392K), 0.0129416 secs] [Times: user=0.11 sys=0.01, real=0.02 secs] 
2016-09-13T20:31:35.836-0400: 22.883: [Full GC (Ergonomics) [PSYoungGen: 46314K->0K(175104K)] [ParOldGen: 472332K->42413K(524288K)] 518647K->42413K(699392K), [Metaspace: 44175K->44175K(1087488K)], 0.0582888 secs] [Times: user=0.31 sys=0.01, real=0.05 secs] 
2016-09-13T20:31:36.007-0400: 23.054: [GC (GCLocker Initiated GC) [PSYoungGen: 88064K->78277K(175104K)] 132088K->122309K(699392K), 0.0121808 secs] [Times: user=0.15 sys=0.00, real=0.02 secs] 
2016-09-13T20:31:36.132-0400: 23.179: [GC (GCLocker Initiated GC) [PSYoungGen: 166341K->84351K(175104K)] 210619K->183733K(699392K), 0.0104414 secs] [Times: user=0.15 sys=0.00, real=0.01 secs] 
2016-09-13T20:31:36.252-0400: 23.299: [GC (GCLocker Initiated GC) [PSYoungGen: 172415K->52416K(175104K)] 271935K->176511K(699392K), 0.0080841 secs] [Times: user=0.06 sys=0.00, real=0.01 secs] 
2016-09-13T20:31:36.356-0400: 23.403: [GC (GCLocker Initiated GC) [PSYoungGen: 140480K->38537K(175104K)] 266277K->200981K(699392K), 0.0170702 secs] [Times: user=0.16 sys=0.00, real=0.01 secs] 
2016-09-13T20:31:40.634-0400: 27.681: [GC (GCLocker Initiated GC) [PSYoungGen: 126601K->40078K(175104K)] 307413K->248378K(699392K), 0.0317981 secs] [Times: user=0.32 sys=0.02, real=0.03 secs] 
2016-09-13T20:31:40.786-0400: 27.833: [GC (Allocation Failure) [PSYoungGen: 128142K->53784K(175104K)] 336777K->300747K(699392K), 0.0168084 secs] [Times: user=0.18 sys=0.00, real=0.02 secs] 
2016-09-13T20:31:40.928-0400: 27.974: [GC (GCLocker Initiated GC) [PSYoungGen: 141848K->43407K(175104K)] 390333K->330051K(699392K), 0.0172484 secs] [Times: user=0.17 sys=0.01, real=0.02 secs] 
2016-09-13T20:31:41.065-0400: 28.112: [GC (GCLocker Initiated GC) [PSYoungGen: 131471K->65935K(175104K)] 418138K->383120K(699392K), 0.0221524 secs] [Times: user=0.28 sys=0.01, real=0.02 secs] 
2016-09-13T20:31:41.190-0400: 28.237: [GC (GCLocker Initiated GC) [PSYoungGen: 153999K->76699K(175104K)] 471320K->445903K(699392K), 0.0160620 secs] [Times: user=0.20 sys=0.00, real=0.01 secs] 
2016-09-13T20:31:41.310-0400: 28.356: [GC (Allocation Failure) [PSYoungGen: 164763K->34191K(175104K)] 535493K->447719K(699392K), 0.0177897 secs] [Times: user=0.20 sys=0.01, real=0.02 secs] 
2016-09-13T20:31:41.429-0400: 28.476: [GC (GCLocker Initiated GC) [PSYoungGen: 122255K->57076K(175104K)] 535786K->516466K(699392K), 0.0117481 secs] [Times: user=0.12 sys=0.01, real=0.01 secs] 
2016-09-13T20:31:41.552-0400: 28.599: [GC (GCLocker Initiated GC) [PSYoungGen: 145140K->47768K(175104K)] 604577K->537818K(699392K), 0.0231232 secs] [Times: user=0.24 sys=0.00, real=0.02 secs] 
2016-09-13T20:31:41.575-0400: 28.622: [Full GC (Ergonomics) [PSYoungGen: 47768K->0K(175104K)] [ParOldGen: 490049K->33707K(524288K)] 537818K->33707K(699392K), [Metaspace: 44260K->44260K(1087488K)], 0.0656149 secs] [Times: user=0.34 sys=0.01, real=0.07 secs] 
2016-09-13T20:31:41.751-0400: 28.798: [GC (GCLocker Initiated GC) [PSYoungGen: 88064K->57108K(175104K)] 121817K->90861K(699392K), 0.0115257 secs] [Times: user=0.12 sys=0.00, real=0.01 secs] 
2016-09-13T20:31:41.881-0400: 28.928: [GC (Allocation Failure) [PSYoungGen: 145172K->67698K(175104K)] 179031K->144700K(699392K), 0.0189974 secs] [Times: user=0.23 sys=0.00, real=0.02 secs] 
2016-09-13T20:31:42.015-0400: 29.062: [GC (GCLocker Initiated GC) [PSYoungGen: 155762K->81218K(175104K)] 232770K->194905K(699392K), 0.0141658 secs] [Times: user=0.16 sys=0.00, real=0.02 secs] 
2016-09-13T20:31:42.135-0400: 29.181: [GC (GCLocker Initiated GC) [PSYoungGen: 169282K->50779K(175104K)] 292247K->228684K(699392K), 0.0111092 secs] [Times: user=0.12 sys=0.00, real=0.01 secs] 
2016-09-13T20:31:42.256-0400: 29.303: [GC (GCLocker Initiated GC) [PSYoungGen: 138843K->42007K(175104K)] 319961K->264431K(699392K), 0.0122686 secs] [Times: user=0.18 sys=0.00, real=0.01 secs] 
2016-09-13T20:31:42.386-0400: 29.433: [GC (GCLocker Initiated GC) [PSYoungGen: 130071K->44641K(175104K)] 352550K->303902K(699392K), 0.0153385 secs] [Times: user=0.20 sys=0.00, real=0.02 secs] 
2016-09-13T20:31:42.498-0400: 29.545: [GC (GCLocker Initiated GC) [PSYoungGen: 132705K->46249K(175104K)] 391995K->337646K(699392K), 0.0118497 secs] [Times: user=0.08 sys=0.01, real=0.01 secs] 
2016-09-13T20:31:42.614-0400: 29.661: [GC (GCLocker Initiated GC) [PSYoungGen: 134313K->66189K(175104K)] 426001K->399164K(699392K), 0.0101605 secs] [Times: user=0.15 sys=0.00, real=0.01 secs] 
2016-09-13T20:31:42.747-0400: 29.794: [GC (GCLocker Initiated GC) [PSYoungGen: 154253K->69095K(175104K)] 487479K->439054K(699392K), 0.0340798 secs] [Times: user=0.48 sys=0.00, real=0.04 secs] 
2016-09-13T20:31:42.901-0400: 29.947: [GC (GCLocker Initiated GC) [PSYoungGen: 157159K->81250K(175104K)] 527267K->488050K(699392K), 0.0209410 secs] [Times: user=0.23 sys=0.00, real=0.02 secs] 
2016-09-13T20:31:43.766-0400: 30.813: [GC (GCLocker Initiated GC) [PSYoungGen: 169314K->41789K(175104K)] 576295K->497524K(699392K), 0.0187956 secs] [Times: user=0.16 sys=0.01, real=0.02 secs] 
2016-09-13T20:31:43.928-0400: 30.975: [GC (GCLocker Initiated GC) [PSYoungGen: 129853K->55117K(175104K)] 585836K->547689K(699392K), 0.0187221 secs] [Times: user=0.20 sys=0.01, real=0.01 secs] 
2016-09-13T20:31:43.947-0400: 30.993: [Full GC (Ergonomics) [PSYoungGen: 55117K->0K(175104K)] [ParOldGen: 492571K->44182K(524288K)] 547689K->44182K(699392K), [Metaspace: 44267K->44267K(1087488K)], 0.0657316 secs] [Times: user=0.40 sys=0.01, real=0.07 secs] 
2016-09-13T20:31:44.111-0400: 31.158: [GC (GCLocker Initiated GC) [PSYoungGen: 88064K->78372K(175104K)] 132339K->122647K(699392K), 0.0163031 secs] [Times: user=0.22 sys=0.01, real=0.01 secs] 
2016-09-13T20:31:44.247-0400: 31.294: [GC (GCLocker Initiated GC) [PSYoungGen: 166436K->63084K(175104K)] 210929K->150466K(699392K), 0.0109867 secs] [Times: user=0.12 sys=0.00, real=0.02 secs] 
2016-09-13T20:31:44.373-0400: 31.420: [GC (GCLocker Initiated GC) [PSYoungGen: 151148K->34104K(175104K)] 240127K->159932K(699392K), 0.0101713 secs] [Times: user=0.07 sys=0.02, real=0.01 secs] 
2016-09-13T20:31:44.503-0400: 31.550: [GC (GCLocker Initiated GC) [PSYoungGen: 122168K->32517K(175104K)] 260345K->199710K(699392K), 0.0176678 secs] [Times: user=0.15 sys=0.01, real=0.02 secs] 
2016-09-13T20:31:44.639-0400: 31.686: [GC (GCLocker Initiated GC) [PSYoungGen: 120581K->69005K(175104K)] 287993K->285332K(699392K), 0.0146618 secs] [Times: user=0.14 sys=0.00, real=0.01 secs] 
2016-09-13T20:31:44.755-0400: 31.802: [GC (GCLocker Initiated GC) [PSYoungGen: 157069K->82800K(175104K)] 373554K->334395K(699392K), 0.0120744 secs] [Times: user=0.11 sys=0.00, real=0.01 secs] 
2016-09-13T20:31:44.891-0400: 31.937: [GC (GCLocker Initiated GC) [PSYoungGen: 170864K->84287K(175104K)] 422488K->366579K(699392K), 0.0463332 secs] [Times: user=0.50 sys=0.01, real=0.05 secs] 
2016-09-13T20:31:45.066-0400: 32.113: [GC (GCLocker Initiated GC) [PSYoungGen: 172351K->57044K(175104K)] 454651K->382102K(699392K), 0.0102814 secs] [Times: user=0.11 sys=0.00, real=0.02 secs] 
2016-09-13T20:31:45.198-0400: 32.245: [GC (Allocation Failure) [PSYoungGen: 145108K->78021K(175104K)] 471788K->440039K(699392K), 0.0172135 secs] [Times: user=0.19 sys=0.00, real=0.01 secs] 
2016-09-13T20:31:45.330-0400: 32.377: [GC (GCLocker Initiated GC) [PSYoungGen: 166085K->43121K(175104K)] 528112K->461496K(699392K), 0.0248448 secs] [Times: user=0.26 sys=0.00, real=0.02 secs] 
2016-09-13T20:31:45.474-0400: 32.521: [GC (Allocation Failure) [PSYoungGen: 131185K->79737K(175104K)] 549659K->534926K(699392K), 0.0145500 secs] [Times: user=0.20 sys=0.00, real=0.02 secs] 
2016-09-13T20:31:45.582-0400: 32.629: [GC (GCLocker Initiated GC) [PSYoungGen: 167801K->81219K(175104K)] 622994K->574576K(699392K), 0.0118723 secs] [Times: user=0.16 sys=0.00, real=0.01 secs] 
2016-09-13T20:31:45.594-0400: 32.641: [Full GC (Ergonomics) [PSYoungGen: 81219K->0K(175104K)] [ParOldGen: 493356K->44298K(524288K)] 574576K->44298K(699392K), [Metaspace: 44275K->44275K(1087488K)], 0.0572839 secs] [Times: user=0.36 sys=0.02, real=0.06 secs] 
2016-09-13T20:31:45.770-0400: 32.816: [GC (GCLocker Initiated GC) [PSYoungGen: 88064K->64826K(175104K)] 132384K->109147K(699392K), 0.0087797 secs] [Times: user=0.13 sys=0.00, real=0.01 secs] 
2016-09-13T20:31:45.862-0400: 32.908: [GC (GCLocker Initiated GC) [PSYoungGen: 152890K->66194K(175104K)] 198816K->159759K(699392K), 0.0129468 secs] [Times: user=0.20 sys=0.00, real=0.01 secs] 
2016-09-13T20:31:45.983-0400: 33.029: [GC (GCLocker Initiated GC) [PSYoungGen: 154258K->67763K(175104K)] 247982K->199670K(699392K), 0.0129158 secs] [Times: user=0.19 sys=0.00, real=0.02 secs] 
2016-09-13T20:31:46.105-0400: 33.152: [GC (GCLocker Initiated GC) [PSYoungGen: 155827K->82928K(175104K)] 287896K->251767K(699392K), 0.0122829 secs] [Times: user=0.19 sys=0.00, real=0.02 secs] 
2016-09-13T20:31:46.237-0400: 33.283: [GC (GCLocker Initiated GC) [PSYoungGen: 170992K->67486K(175104K)] 346061K->279239K(699392K), 0.0121350 secs] [Times: user=0.15 sys=0.00, real=0.01 secs] 
2016-09-13T20:31:46.364-0400: 33.411: [GC (GCLocker Initiated GC) [PSYoungGen: 155550K->37361K(175104K)] 379593K->301101K(699392K), 0.0132851 secs] [Times: user=0.16 sys=0.00, real=0.02 secs] 
2016-09-13T20:31:46.489-0400: 33.535: [GC (GCLocker Initiated GC) [PSYoungGen: 125425K->82673K(175104K)] 389407K->365054K(699392K), 0.0168304 secs] [Times: user=0.20 sys=0.00, real=0.01 secs] 
2016-09-13T20:31:46.621-0400: 33.668: [GC (GCLocker Initiated GC) [PSYoungGen: 170737K->56791K(175104K)] 453255K->369815K(699392K), 0.0088231 secs] [Times: user=0.08 sys=0.00, real=0.01 secs] 
2016-09-13T20:31:46.759-0400: 33.806: [GC (GCLocker Initiated GC) [PSYoungGen: 144855K->82896K(175104K)] 459559K->434276K(699392K), 0.0142794 secs] [Times: user=0.18 sys=0.00, real=0.01 secs] 
2016-09-13T20:31:46.905-0400: 33.952: [GC (GCLocker Initiated GC) [PSYoungGen: 170960K->59988K(175104K)] 534524K->460276K(699392K), 0.0105192 secs] [Times: user=0.09 sys=0.01, real=0.01 secs] 
2016-09-13T20:31:47.037-0400: 34.084: [GC (GCLocker Initiated GC) [PSYoungGen: 148052K->67698K(175104K)] 548533K->507870K(699392K), 0.0163695 secs] [Times: user=0.19 sys=0.00, real=0.01 secs] 
2016-09-13T20:31:47.183-0400: 34.229: [GC (GCLocker Initiated GC) [PSYoungGen: 155762K->53912K(175104K)] 596025K->535532K(699392K), 0.0104384 secs] [Times: user=0.12 sys=0.00, real=0.01 secs] 
2016-09-13T20:31:47.193-0400: 34.240: [Full GC (Ergonomics) [PSYoungGen: 53912K->0K(175104K)] [ParOldGen: 481619K->40240K(524288K)] 535532K->40240K(699392K), [Metaspace: 44284K->44284K(1087488K)], 0.0530221 secs] [Times: user=0.29 sys=0.01, real=0.05 secs] 
2016-09-13T20:31:47.395-0400: 34.442: [GC (GCLocker Initiated GC) [PSYoungGen: 88064K->64511K(175104K)] 129862K->106310K(699392K), 0.0294688 secs] [Times: user=0.29 sys=0.00, real=0.03 secs] 
2016-09-13T20:31:47.537-0400: 34.584: [GC (GCLocker Initiated GC) [PSYoungGen: 152575K->67545K(175104K)] 195912K->158462K(699392K), 0.0140224 secs] [Times: user=0.15 sys=0.00, real=0.01 secs] 
2016-09-13T20:31:47.684-0400: 34.730: [GC (GCLocker Initiated GC) [PSYoungGen: 155609K->55459K(175104K)] 255683K->193605K(699392K), 0.0252326 secs] [Times: user=0.30 sys=0.00, real=0.03 secs] 
2016-09-13T20:31:47.844-0400: 34.891: [GC (GCLocker Initiated GC) [PSYoungGen: 143523K->72323K(175104K)] 281761K->248812K(699392K), 0.0166727 secs] [Times: user=0.24 sys=0.00, real=0.02 secs] 
2016-09-13T20:31:47.976-0400: 35.022: [GC (GCLocker Initiated GC) [PSYoungGen: 160387K->64544K(175104K)] 336972K->283954K(699392K), 0.0125211 secs] [Times: user=0.18 sys=0.00, real=0.01 secs] 
2016-09-13T20:31:48.114-0400: 35.161: [GC (GCLocker Initiated GC) [PSYoungGen: 152608K->81377K(175104K)] 372171K->343797K(699392K), 0.0136990 secs] [Times: user=0.20 sys=0.00, real=0.02 secs] 
2016-09-13T20:31:48.280-0400: 35.327: [GC (GCLocker Initiated GC) [PSYoungGen: 169441K->61661K(175104K)] 434988K->363935K(699392K), 0.0126845 secs] [Times: user=0.16 sys=0.01, real=0.01 secs] 
2016-09-13T20:31:48.405-0400: 35.452: [GC (GCLocker Initiated GC) [PSYoungGen: 149725K->50779K(175104K)] 452046K->407946K(699392K), 0.0138242 secs] [Times: user=0.13 sys=0.00, real=0.02 secs] 
2016-09-13T20:31:48.558-0400: 35.605: [GC (GCLocker Initiated GC) [PSYoungGen: 138843K->59855K(175104K)] 497746K->455442K(699392K), 0.0158209 secs] [Times: user=0.16 sys=0.00, real=0.01 secs] 
2016-09-13T20:31:48.696-0400: 35.742: [GC (GCLocker Initiated GC) [PSYoungGen: 147919K->61474K(175104K)] 545185K->495427K(699392K), 0.0307202 secs] [Times: user=0.35 sys=0.00, real=0.02 secs] 
2016-09-13T20:31:48.826-0400: 35.873: [GC (GCLocker Initiated GC) [PSYoungGen: 149538K->52335K(175104K)] 583519K->523024K(699392K), 0.0117310 secs] [Times: user=0.17 sys=0.00, real=0.02 secs] 
2016-09-13T20:31:48.838-0400: 35.885: [Full GC (Ergonomics) [PSYoungGen: 52335K->0K(175104K)] [ParOldGen: 470688K->33632K(524288K)] 523024K->33632K(699392K), [Metaspace: 44294K->44294K(1087488K)], 0.0588363 secs] [Times: user=0.35 sys=0.00, real=0.06 secs] 
2016-09-13T20:31:49.003-0400: 36.050: [GC (GCLocker Initiated GC) [PSYoungGen: 88064K->60237K(148480K)] 130973K->103154K(672768K), 0.0073751 secs] [Times: user=0.05 sys=0.02, real=0.01 secs] 
2016-09-13T20:31:49.138-0400: 36.185: [GC (GCLocker Initiated GC) [PSYoungGen: 148301K->70491K(172032K)] 192906K->153694K(696320K), 0.0376136 secs] [Times: user=0.42 sys=0.00, real=0.04 secs] 
2016-09-13T20:31:49.265-0400: 36.311: [GC (GCLocker Initiated GC) [PSYoungGen: 157531K->78276K(173056K)] 240750K->207407K(697344K), 0.0128464 secs] [Times: user=0.20 sys=0.00, real=0.02 secs] 
2016-09-13T20:31:49.390-0400: 36.437: [GC (GCLocker Initiated GC) [PSYoungGen: 165316K->53972K(175104K)] 294606K->224533K(699392K), 0.0098052 secs] [Times: user=0.15 sys=0.00, real=0.01 secs] 
2016-09-13T20:31:49.495-0400: 36.541: [GC (GCLocker Initiated GC) [PSYoungGen: 142036K->46387K(175104K)] 312823K->263030K(699392K), 0.0115154 secs] [Times: user=0.17 sys=0.00, real=0.01 secs] 
2016-09-13T20:31:49.622-0400: 36.669: [GC (GCLocker Initiated GC) [PSYoungGen: 134451K->49506K(175104K)] 357191K->308887K(699392K), 0.0091931 secs] [Times: user=0.13 sys=0.00, real=0.01 secs] 
2016-09-13T20:31:49.749-0400: 36.796: [GC (GCLocker Initiated GC) [PSYoungGen: 137570K->82805K(175104K)] 406198K->394204K(699392K), 0.0136213 secs] [Times: user=0.20 sys=0.00, real=0.01 secs] 
2016-09-13T20:31:49.862-0400: 36.909: [GC (GCLocker Initiated GC) [PSYoungGen: 170869K->85839K(175104K)] 482301K->452212K(699392K), 0.0145248 secs] [Times: user=0.22 sys=0.01, real=0.02 secs] 
2016-09-13T20:31:49.992-0400: 37.038: [GC (GCLocker Initiated GC) [PSYoungGen: 173903K->43116K(175104K)] 541849K->443169K(699392K), 0.0106622 secs] [Times: user=0.06 sys=0.00, real=0.01 secs] 
2016-09-13T20:31:50.106-0400: 37.153: [GC (Allocation Failure) [PSYoungGen: 131180K->64545K(175104K)] 531372K->510624K(699392K), 0.0120855 secs] [Times: user=0.17 sys=0.01, real=0.02 secs] 
2016-09-13T20:31:50.221-0400: 37.267: [GC (GCLocker Initiated GC) [PSYoungGen: 152609K->50939K(175104K)] 598691K->535201K(699392K), 0.0098987 secs] [Times: user=0.14 sys=0.00, real=0.01 secs] 
2016-09-13T20:31:50.231-0400: 37.277: [Full GC (Ergonomics) [PSYoungGen: 50939K->0K(175104K)] [ParOldGen: 484261K->34129K(524288K)] 535201K->34129K(699392K), [Metaspace: 44315K->44315K(1087488K)], 0.0506907 secs] [Times: user=0.37 sys=0.00, real=0.05 secs] 
2016-09-13T20:31:50.407-0400: 37.453: [GC (GCLocker Initiated GC) [PSYoungGen: 88064K->79854K(175104K)] 122438K->114228K(699392K), 0.0105107 secs] [Times: user=0.14 sys=0.00, real=0.02 secs] 
2016-09-13T20:31:50.531-0400: 37.578: [GC (GCLocker Initiated GC) [PSYoungGen: 167918K->82923K(175104K)] 203855K->157201K(699392K), 0.0122477 secs] [Times: user=0.18 sys=0.01, real=0.01 secs] 
2016-09-13T20:31:50.642-0400: 37.689: [GC (GCLocker Initiated GC) [PSYoungGen: 170987K->60019K(175104K)] 245329K->196911K(699392K), 0.0129082 secs] [Times: user=0.20 sys=0.00, real=0.01 secs] 
2016-09-13T20:31:50.792-0400: 37.838: [GC (GCLocker Initiated GC) [PSYoungGen: 148083K->43281K(175104K)] 291114K->226049K(699392K), 0.0204403 secs] [Times: user=0.27 sys=0.01, real=0.02 secs] 
2016-09-13T20:31:50.946-0400: 37.992: [GC (GCLocker Initiated GC) [PSYoungGen: 131345K->82711K(175104K)] 314319K->325264K(699392K), 0.0123824 secs] [Times: user=0.19 sys=0.00, real=0.02 secs] 
2016-09-13T20:31:51.065-0400: 38.112: [GC (GCLocker Initiated GC) [PSYoungGen: 170775K->84442K(175104K)] 422581K->380502K(699392K), 0.0130575 secs] [Times: user=0.22 sys=0.00, real=0.02 secs] 
2016-09-13T20:31:51.196-0400: 38.243: [GC (GCLocker Initiated GC) [PSYoungGen: 172506K->64697K(175104K)] 476282K->394558K(699392K), 0.0091972 secs] [Times: user=0.14 sys=0.00, real=0.00 secs] 
2016-09-13T20:31:51.315-0400: 38.361: [GC (GCLocker Initiated GC) [PSYoungGen: 152761K->67613K(175104K)] 484271K->435889K(699392K), 0.0098274 secs] [Times: user=0.10 sys=0.00, real=0.01 secs] 
2016-09-13T20:31:51.467-0400: 38.514: [GC (GCLocker Initiated GC) [PSYoungGen: 155677K->38565K(175104K)] 533281K->454339K(699392K), 0.0359787 secs] [Times: user=0.35 sys=0.00, real=0.04 secs] 
2016-09-13T20:31:51.653-0400: 38.700: [GC (GCLocker Initiated GC) [PSYoungGen: 126629K->44641K(175104K)] 543941K->498628K(699392K), 0.0100346 secs] [Times: user=0.09 sys=0.00, real=0.01 secs] 
2016-09-13T20:31:51.792-0400: 38.839: [GC (GCLocker Initiated GC) [PSYoungGen: 132705K->68812K(175104K)] 586696K->554820K(699392K), 0.0214677 secs] [Times: user=0.14 sys=0.00, real=0.02 secs] 
2016-09-13T20:31:51.814-0400: 38.860: [Full GC (Ergonomics) [PSYoungGen: 68812K->0K(175104K)] [ParOldGen: 486008K->41622K(524288K)] 554820K->41622K(699392K), [Metaspace: 44322K->44322K(1087488K)], 0.0600502 secs] [Times: user=0.37 sys=0.01, real=0.06 secs] 
2016-09-13T20:31:52.001-0400: 39.048: [GC (GCLocker Initiated GC) [PSYoungGen: 88064K->84352K(175104K)] 129952K->132315K(699392K), 0.0097797 secs] [Times: user=0.11 sys=0.00, real=0.01 secs] 
2016-09-13T20:31:52.097-0400: 39.143: [GC (GCLocker Initiated GC) [PSYoungGen: 172416K->82928K(175104K)] 220526K->173912K(699392K), 0.0140854 secs] [Times: user=0.21 sys=0.00, real=0.01 secs] 
2016-09-13T20:31:52.201-0400: 39.248: [GC (GCLocker Initiated GC) [PSYoungGen: 170992K->67704K(175104K)] 261998K->199959K(699392K), 0.0100788 secs] [Times: user=0.14 sys=0.01, real=0.01 secs] 
2016-09-13T20:31:52.329-0400: 39.376: [GC (GCLocker Initiated GC) [PSYoungGen: 155768K->44708K(175104K)] 288155K->216891K(699392K), 0.0088882 secs] [Times: user=0.08 sys=0.00, real=0.01 secs] 
2016-09-13T20:31:52.442-0400: 39.489: [GC (GCLocker Initiated GC) [PSYoungGen: 132772K->35586K(175104K)] 317135K->259587K(699392K), 0.0136820 secs] [Times: user=0.11 sys=0.00, real=0.02 secs] 
2016-09-13T20:31:52.559-0400: 39.606: [GC (GCLocker Initiated GC) [PSYoungGen: 123650K->64198K(175104K)] 347869K->331182K(699392K), 0.0141135 secs] [Times: user=0.09 sys=0.01, real=0.01 secs] 
2016-09-13T20:31:52.701-0400: 39.748: [GC (GCLocker Initiated GC) [PSYoungGen: 152262K->61405K(175104K)] 419291K->365030K(699392K), 0.0118569 secs] [Times: user=0.12 sys=0.00, real=0.01 secs] 
2016-09-13T20:31:52.823-0400: 39.870: [GC (GCLocker Initiated GC) [PSYoungGen: 149469K->70528K(175104K)] 459197K->417014K(699392K), 0.0106705 secs] [Times: user=0.10 sys=0.00, real=0.01 secs] 
2016-09-13T20:31:52.954-0400: 40.001: [GC (GCLocker Initiated GC) [PSYoungGen: 158592K->49223K(175104K)] 511386K->446157K(699392K), 0.0156695 secs] [Times: user=0.15 sys=0.00, real=0.02 secs] 
2016-09-13T20:31:53.065-0400: 40.112: [GC (GCLocker Initiated GC) [PSYoungGen: 137287K->46216K(175104K)] 540311K->467718K(699392K), 0.0238463 secs] [Times: user=0.30 sys=0.00, real=0.03 secs] 
2016-09-13T20:31:53.212-0400: 40.258: [GC (GCLocker Initiated GC) [PSYoungGen: 134280K->61628K(175104K)] 557373K->521443K(699392K), 0.0153938 secs] [Times: user=0.19 sys=0.00, real=0.01 secs] 
2016-09-13T20:31:53.342-0400: 40.389: [GC (GCLocker Initiated GC) [PSYoungGen: 149692K->58155K(175104K)] 611358K->555020K(699392K), 0.0111119 secs] [Times: user=0.11 sys=0.00, real=0.01 secs] 
2016-09-13T20:31:53.353-0400: 40.400: [Full GC (Ergonomics) [PSYoungGen: 58155K->0K(175104K)] [ParOldGen: 496865K->47704K(524288K)] 555020K->47704K(699392K), [Metaspace: 44326K->44326K(1087488K)], 0.0552833 secs] [Times: user=0.37 sys=0.01, real=0.06 secs] 
2016-09-13T20:31:53.523-0400: 40.569: [GC (GCLocker Initiated GC) [PSYoungGen: 88064K->58494K(146944K)] 142089K->112520K(671232K), 0.0116297 secs] [Times: user=0.12 sys=0.00, real=0.01 secs] 
2016-09-13T20:31:53.666-0400: 40.713: [GC (GCLocker Initiated GC) [PSYoungGen: 146558K->75520K(174080K)] 200707K->172533K(698368K), 0.0136692 secs] [Times: user=0.16 sys=0.00, real=0.02 secs] 
2016-09-13T20:31:53.800-0400: 40.847: [GC (GCLocker Initiated GC) [PSYoungGen: 163072K->61597K(174592K)] 260089K->195310K(698880K), 0.0124135 secs] [Times: user=0.17 sys=0.00, real=0.01 secs] 
2016-09-13T20:31:53.921-0400: 40.968: [GC (GCLocker Initiated GC) [PSYoungGen: 149149K->69164K(175104K)] 283147K->239818K(699392K), 0.0121515 secs] [Times: user=0.19 sys=0.00, real=0.01 secs] 
2016-09-13T20:31:54.050-0400: 41.097: [GC (GCLocker Initiated GC) [PSYoungGen: 157228K->61841K(150016K)] 340048K->281314K(674304K), 0.0128147 secs] [Times: user=0.21 sys=0.00, real=0.01 secs] 
2016-09-13T20:31:54.202-0400: 41.249: [GC (GCLocker Initiated GC) [PSYoungGen: 149905K->49292K(173056K)] 371014K->313282K(697344K), 0.0337094 secs] [Times: user=0.36 sys=0.01, real=0.04 secs] 
2016-09-13T20:31:54.354-0400: 41.401: [GC (Allocation Failure) [PSYoungGen: 137356K->41629K(173056K)] 407630K->350179K(697344K), 0.0119085 secs] [Times: user=0.11 sys=0.01, real=0.01 secs] 
2016-09-13T20:31:54.476-0400: 41.523: [GC (GCLocker Initiated GC) [PSYoungGen: 128778K->52107K(175104K)] 443403K->397285K(699392K), 0.0114929 secs] [Times: user=0.11 sys=0.00, real=0.01 secs] 
2016-09-13T20:31:54.596-0400: 41.643: [GC (GCLocker Initiated GC) [PSYoungGen: 143243K->81313K(172544K)] 488652K->455741K(696832K), 0.0177044 secs] [Times: user=0.14 sys=0.01, real=0.01 secs] 
2016-09-13T20:31:54.741-0400: 41.788: [GC (GCLocker Initiated GC) [PSYoungGen: 172449K->70581K(175104K)] 548563K->477323K(699392K), 0.0117228 secs] [Times: user=0.09 sys=0.01, real=0.01 secs] 
2016-09-13T20:31:54.916-0400: 41.963: [GC (GCLocker Initiated GC) [PSYoungGen: 158645K->64416K(175104K)] 567159K->503537K(699392K), 0.0135027 secs] [Times: user=0.14 sys=0.00, real=0.01 secs] 
2016-09-13T20:31:55.071-0400: 42.117: [GC (GCLocker Initiated GC) [PSYoungGen: 152480K->79732K(175104K)] 597775K->561645K(699392K), 0.0206779 secs] [Times: user=0.26 sys=0.01, real=0.02 secs] 
2016-09-13T20:31:55.092-0400: 42.139: [Full GC (Ergonomics) [PSYoungGen: 79732K->0K(175104K)] [ParOldGen: 481912K->42728K(524288K)] 561645K->42728K(699392K), [Metaspace: 44332K->44332K(1087488K)], 0.0557412 secs] [Times: user=0.30 sys=0.02, real=0.06 secs] 
2016-09-13T20:31:55.280-0400: 42.326: [GC (GCLocker Initiated GC) [PSYoungGen: 88064K->54194K(175104K)] 143171K->109302K(699392K), 0.0185268 secs] [Times: user=0.21 sys=0.00, real=0.02 secs] 
2016-09-13T20:31:55.428-0400: 42.475: [GC (GCLocker Initiated GC) [PSYoungGen: 142258K->72069K(175104K)] 197427K->164125K(699392K), 0.0169399 secs] [Times: user=0.15 sys=0.00, real=0.01 secs] 
2016-09-13T20:31:55.588-0400: 42.635: [GC (GCLocker Initiated GC) [PSYoungGen: 160133K->37268K(175104K)] 252374K->160114K(699392K), 0.0284079 secs] [Times: user=0.31 sys=0.00, real=0.03 secs] 
2016-09-13T20:31:55.726-0400: 42.773: [GC (Allocation Failure) [PSYoungGen: 125332K->50715K(175104K)] 248320K->204432K(699392K), 0.0186712 secs] [Times: user=0.18 sys=0.00, real=0.02 secs] 
2016-09-13T20:31:55.861-0400: 42.908: [GC (GCLocker Initiated GC) [PSYoungGen: 137310K->75138K(175104K)] 292547K->271476K(699392K), 0.0166710 secs] [Times: user=0.17 sys=0.00, real=0.02 secs] 
2016-09-13T20:31:56.022-0400: 43.069: [GC (GCLocker Initiated GC) [PSYoungGen: 163202K->40020K(175104K)] 365736K->267059K(699392K), 0.0095924 secs] [Times: user=0.06 sys=0.00, real=0.01 secs] 
2016-09-13T20:31:56.166-0400: 43.213: [GC (GCLocker Initiated GC) [PSYoungGen: 128084K->46254K(175104K)] 355145K->310057K(699392K), 0.0217756 secs] [Times: user=0.20 sys=0.00, real=0.03 secs] 
2016-09-13T20:31:56.299-0400: 43.346: [GC (GCLocker Initiated GC) [PSYoungGen: 134318K->53842K(175104K)] 404337K->362068K(699392K), 0.0099993 secs] [Times: user=0.08 sys=0.00, real=0.01 secs] 
2016-09-13T20:31:56.421-0400: 43.468: [GC (GCLocker Initiated GC) [PSYoungGen: 141906K->56922K(175104K)] 451677K->403435K(699392K), 0.0091296 secs] [Times: user=0.08 sys=0.00, real=0.01 secs] 
2016-09-13T20:31:56.556-0400: 43.603: [GC (GCLocker Initiated GC) [PSYoungGen: 144986K->62924K(175104K)] 491553K->449212K(699392K), 0.0140055 secs] [Times: user=0.13 sys=0.00, real=0.01 secs] 
2016-09-13T20:31:56.676-0400: 43.723: [GC (GCLocker Initiated GC) [PSYoungGen: 150988K->45011K(133120K)] 537432K->469724K(657408K), 0.0166144 secs] [Times: user=0.19 sys=0.00, real=0.01 secs] 
2016-09-13T20:31:56.811-0400: 43.858: [GC (GCLocker Initiated GC) [PSYoungGen: 133075K->69037K(173056K)] 559329K->532061K(697344K), 0.0115196 secs] [Times: user=0.12 sys=0.00, real=0.01 secs] 
2016-09-13T20:31:56.906-0400: 43.953: [GC (GCLocker Initiated GC) [PSYoungGen: 156077K->47741K(174080K)] 619126K->550473K(698368K), 0.0092586 secs] [Times: user=0.10 sys=0.00, real=0.02 secs] 
2016-09-13T20:31:56.916-0400: 43.963: [Full GC (Ergonomics) [PSYoungGen: 47741K->0K(174080K)] [ParOldGen: 502731K->35705K(524288K)] 550473K->35705K(698368K), [Metaspace: 44354K->44354K(1087488K)], 0.0478547 secs] [Times: user=0.30 sys=0.00, real=0.04 secs] 
2016-09-13T20:31:57.072-0400: 44.119: [GC (GCLocker Initiated GC) [PSYoungGen: 87040K->81658K(174592K)] 130464K->137232K(698880K), 0.0234060 secs] [Times: user=0.34 sys=0.01, real=0.02 secs] 
2016-09-13T20:31:57.194-0400: 44.240: [GC (GCLocker Initiated GC) [PSYoungGen: 169722K->46563K(175104K)] 239092K->159111K(699392K), 0.0148307 secs] [Times: user=0.21 sys=0.00, real=0.02 secs] 
2016-09-13T20:31:57.319-0400: 44.366: [GC (GCLocker Initiated GC) [PSYoungGen: 134627K->52298K(175104K)] 261183K->203406K(699392K), 0.0118485 secs] [Times: user=0.11 sys=0.00, real=0.01 secs] 
2016-09-13T20:31:57.429-0400: 44.476: [GC (GCLocker Initiated GC) [PSYoungGen: 140362K->67645K(175104K)] 293173K->257230K(699392K), 0.0116852 secs] [Times: user=0.16 sys=0.01, real=0.01 secs] 
2016-09-13T20:31:57.531-0400: 44.577: [GC (GCLocker Initiated GC) [PSYoungGen: 155709K->57010K(175104K)] 345305K->284835K(699392K), 0.0079278 secs] [Times: user=0.12 sys=0.00, real=0.01 secs] 
2016-09-13T20:31:57.628-0400: 44.674: [GC (GCLocker Initiated GC) [PSYoungGen: 145074K->79822K(175104K)] 372938K->350430K(699392K), 0.0129352 secs] [Times: user=0.18 sys=0.01, real=0.02 secs] 
2016-09-13T20:31:57.719-0400: 44.766: [GC (GCLocker Initiated GC) [PSYoungGen: 167886K->84384K(175104K)] 438558K->404038K(699392K), 0.0138538 secs] [Times: user=0.21 sys=0.01, real=0.01 secs] 
2016-09-13T20:31:57.823-0400: 44.870: [GC (GCLocker Initiated GC) [PSYoungGen: 172448K->76822K(175104K)] 492301K->444088K(699392K), 0.0132442 secs] [Times: user=0.21 sys=0.00, real=0.02 secs] 
2016-09-13T20:31:57.937-0400: 44.983: [GC (GCLocker Initiated GC) [PSYoungGen: 164886K->72202K(175104K)] 532189K->476272K(699392K), 0.0119578 secs] [Times: user=0.19 sys=0.01, real=0.01 secs] 
2016-09-13T20:31:58.052-0400: 45.099: [GC (GCLocker Initiated GC) [PSYoungGen: 160266K->50785K(175104K)] 564361K->499118K(699392K), 0.0113316 secs] [Times: user=0.18 sys=0.00, real=0.01 secs] 
2016-09-13T20:31:58.202-0400: 45.249: [GC (GCLocker Initiated GC) [PSYoungGen: 138849K->76752K(175104K)] 587304K->572515K(699392K), 0.0141464 secs] [Times: user=0.21 sys=0.00, real=0.02 secs] 
2016-09-13T20:31:58.216-0400: 45.263: [Full GC (Ergonomics) [PSYoungGen: 76752K->0K(175104K)] [ParOldGen: 495762K->34157K(524288K)] 572515K->34157K(699392K), [Metaspace: 44354K->44354K(1087488K)], 0.0452141 secs] [Times: user=0.39 sys=0.00, real=0.04 secs] 
2016-09-13T20:31:58.371-0400: 45.418: [GC (GCLocker Initiated GC) [PSYoungGen: 88064K->51220K(175104K)] 142202K->105359K(699392K), 0.0088181 secs] [Times: user=0.14 sys=0.00, real=0.01 secs] 
2016-09-13T20:31:58.491-0400: 45.538: [GC (GCLocker Initiated GC) [PSYoungGen: 139284K->44827K(175104K)] 193429K->142021K(699392K), 0.0128213 secs] [Times: user=0.19 sys=0.01, real=0.01 secs] 
2016-09-13T20:31:58.588-0400: 45.635: [GC (GCLocker Initiated GC) [PSYoungGen: 132891K->86083K(175104K)] 230110K->226169K(699392K), 0.0147473 secs] [Times: user=0.23 sys=0.01, real=0.01 secs] 
2016-09-13T20:31:58.712-0400: 45.759: [GC (GCLocker Initiated GC) [PSYoungGen: 174147K->70614K(175104K)] 320610K->257024K(699392K), 0.0131383 secs] [Times: user=0.15 sys=0.00, real=0.01 secs] 
2016-09-13T20:31:58.822-0400: 45.869: [GC (GCLocker Initiated GC) [PSYoungGen: 158678K->67582K(175104K)] 345123K->308912K(699392K), 0.0168018 secs] [Times: user=0.23 sys=0.00, real=0.02 secs] 
2016-09-13T20:31:58.953-0400: 45.999: [GC (GCLocker Initiated GC) [PSYoungGen: 155646K->66126K(175104K)] 397012K->351731K(699392K), 0.0136146 secs] [Times: user=0.19 sys=0.01, real=0.01 secs] 
2016-09-13T20:31:59.045-0400: 46.092: [GC (GCLocker Initiated GC) [PSYoungGen: 154190K->52489K(175104K)] 439817K->377798K(699392K), 0.0120406 secs] [Times: user=0.17 sys=0.00, real=0.02 secs] 
2016-09-13T20:31:59.144-0400: 46.190: [GC (GCLocker Initiated GC) [PSYoungGen: 140553K->50971K(175104K)] 467437K->423652K(699392K), 0.0104610 secs] [Times: user=0.16 sys=0.00, real=0.01 secs] 
2016-09-13T20:31:59.243-0400: 46.289: [GC (GCLocker Initiated GC) [PSYoungGen: 139035K->72386K(175104K)] 511873K->489542K(699392K), 0.0129664 secs] [Times: user=0.19 sys=0.00, real=0.02 secs] 
2016-09-13T20:31:59.348-0400: 46.395: [GC (GCLocker Initiated GC) [PSYoungGen: 160450K->61475K(175104K)] 579144K->516982K(699392K), 0.0124992 secs] [Times: user=0.18 sys=0.00, real=0.01 secs] 
2016-09-13T20:31:59.463-0400: 46.510: [GC (GCLocker Initiated GC) [PSYoungGen: 149539K->70651K(175104K)] 611241K->569021K(699392K), 0.0102439 secs] [Times: user=0.14 sys=0.00, real=0.01 secs] 
2016-09-13T20:31:59.474-0400: 46.520: [Full GC (Ergonomics) [PSYoungGen: 70651K->0K(175104K)] [ParOldGen: 498370K->40342K(524288K)] 569021K->40342K(699392K), [Metaspace: 44356K->44356K(1087488K)], 0.0491766 secs] [Times: user=0.40 sys=0.00, real=0.05 secs] 
2016-09-13T20:31:59.610-0400: 46.656: [GC (GCLocker Initiated GC) [PSYoungGen: 88064K->75488K(175104K)] 128411K->115836K(699392K), 0.0081417 secs] [Times: user=0.13 sys=0.00, real=0.01 secs] 
2016-09-13T20:31:59.706-0400: 46.753: [GC (GCLocker Initiated GC) [PSYoungGen: 163552K->85875K(175104K)] 204058K->192277K(699392K), 0.0130545 secs] [Times: user=0.21 sys=0.00, real=0.02 secs] 
2016-09-13T20:31:59.851-0400: 46.897: [GC (GCLocker Initiated GC) [PSYoungGen: 173939K->66216K(175104K)] 281976K->212444K(699392K), 0.0097047 secs] [Times: user=0.12 sys=0.00, real=0.01 secs] 
2016-09-13T20:31:59.977-0400: 47.023: [GC (Allocation Failure) [PSYoungGen: 154280K->57013K(175104K)] 300525K->247602K(699392K), 0.0174830 secs] [Times: user=0.23 sys=0.00, real=0.01 secs] 
2016-09-13T20:32:00.138-0400: 47.185: [GC (GCLocker Initiated GC) [PSYoungGen: 145077K->53663K(175104K)] 335666K->282588K(699392K), 0.0278547 secs] [Times: user=0.27 sys=0.00, real=0.02 secs] 
2016-09-13T20:32:00.264-0400: 47.311: [GC (GCLocker Initiated GC) [PSYoungGen: 141727K->56790K(175104K)] 370669K->346661K(699392K), 0.0230867 secs] [Times: user=0.22 sys=0.00, real=0.02 secs] 
2016-09-13T20:32:00.398-0400: 47.445: [GC (GCLocker Initiated GC) [PSYoungGen: 144854K->55452K(175104K)] 446992K->389726K(699392K), 0.0108224 secs] [Times: user=0.09 sys=0.00, real=0.01 secs] 
2016-09-13T20:32:00.515-0400: 47.562: [GC (GCLocker Initiated GC) [PSYoungGen: 143516K->68976K(175104K)] 479455K->444690K(699392K), 0.0215210 secs] [Times: user=0.23 sys=0.00, real=0.03 secs] 
2016-09-13T20:32:00.632-0400: 47.678: [GC (GCLocker Initiated GC) [PSYoungGen: 157040K->62796K(175104K)] 535842K->472187K(699392K), 0.0380543 secs] [Times: user=0.41 sys=0.00, real=0.04 secs] 
2016-09-13T20:32:00.758-0400: 47.805: [GC (GCLocker Initiated GC) [PSYoungGen: 150860K->47895K(175104K)] 560271K->498592K(699392K), 0.0191706 secs] [Times: user=0.21 sys=0.00, real=0.02 secs] 
2016-09-13T20:32:00.862-0400: 47.908: [GC (GCLocker Initiated GC) [PSYoungGen: 135959K->60147K(173056K)] 592761K->558409K(697344K), 0.0098053 secs] [Times: user=0.10 sys=0.00, real=0.01 secs] 
2016-09-13T20:32:00.872-0400: 47.918: [Full GC (Ergonomics) [PSYoungGen: 60147K->0K(173056K)] [ParOldGen: 498262K->46617K(524288K)] 558409K->46617K(697344K), [Metaspace: 44361K->44361K(1087488K)], 0.0582196 secs] [Times: user=0.39 sys=0.01, real=0.06 secs] 
2016-09-13T20:32:01.025-0400: 48.072: [GC (GCLocker Initiated GC) [PSYoungGen: 88064K->58807K(174080K)] 140922K->111666K(698368K), 0.0085156 secs] [Times: user=0.09 sys=0.00, real=0.01 secs] 
2016-09-13T20:32:01.126-0400: 48.172: [GC (GCLocker Initiated GC) [PSYoungGen: 146871K->49329K(175104K)] 212109K->147195K(699392K), 0.0218445 secs] [Times: user=0.29 sys=0.01, real=0.02 secs] 
2016-09-13T20:32:01.261-0400: 48.308: [GC (GCLocker Initiated GC) [PSYoungGen: 140465K->49420K(175104K)] 239876K->176387K(699392K), 0.0079764 secs] [Times: user=0.11 sys=0.00, real=0.01 secs] 
2016-09-13T20:32:01.374-0400: 48.421: [GC (GCLocker Initiated GC) [PSYoungGen: 140556K->60050K(174592K)] 273903K->236203K(698880K), 0.0214437 secs] [Times: user=0.32 sys=0.01, real=0.03 secs] 
2016-09-13T20:32:01.498-0400: 48.545: [GC (Allocation Failure) [PSYoungGen: 154770K->66248K(176128K)] 331174K->273237K(700416K), 0.0095221 secs] [Times: user=0.08 sys=0.00, real=0.00 secs] 
2016-09-13T20:32:01.608-0400: 48.655: [GC (GCLocker Initiated GC) [PSYoungGen: 156354K->66217K(180224K)] 369418K->320619K(704512K), 0.0165893 secs] [Times: user=0.22 sys=0.00, real=0.01 secs] 
2016-09-13T20:32:01.731-0400: 48.777: [GC (GCLocker Initiated GC) [PSYoungGen: 164521K->81340K(179712K)] 418951K->393806K(704000K), 0.0156824 secs] [Times: user=0.20 sys=0.00, real=0.01 secs] 
2016-09-13T20:32:01.872-0400: 48.919: [GC (GCLocker Initiated GC) [PSYoungGen: 179644K->40329K(170496K)] 504434K->403541K(694784K), 0.0143731 secs] [Times: user=0.19 sys=0.00, real=0.01 secs] 
2016-09-13T20:32:02.015-0400: 49.062: [GC (GCLocker Initiated GC) [PSYoungGen: 128393K->63061K(175104K)] 491676K->463126K(699392K), 0.0102017 secs] [Times: user=0.13 sys=0.00, real=0.01 secs] 
2016-09-13T20:32:02.125-0400: 49.172: [GC (GCLocker Initiated GC) [PSYoungGen: 151125K->61633K(169984K)] 559016K->506216K(694272K), 0.0101318 secs] [Times: user=0.13 sys=0.01, real=0.01 secs] 
2016-09-13T20:32:02.216-0400: 49.262: [GC (Allocation Failure) [PSYoungGen: 149697K->78335K(172544K)] 594322K->579549K(696832K), 0.0147023 secs] [Times: user=0.24 sys=0.00, real=0.01 secs] 
2016-09-13T20:32:02.230-0400: 49.277: [Full GC (Ergonomics) [PSYoungGen: 78335K->0K(172544K)] [ParOldGen: 501213K->43315K(524288K)] 579549K->43315K(696832K), [Metaspace: 44361K->44361K(1087488K)], 0.0611608 secs] [Times: user=0.46 sys=0.02, real=0.06 secs] 
2016-09-13T20:32:02.409-0400: 49.456: [GC (GCLocker Initiated GC) [PSYoungGen: 88064K->81536K(175104K)] 131418K->124891K(699392K), 0.0091008 secs] [Times: user=0.12 sys=0.00, real=0.01 secs] 
2016-09-13T20:32:02.524-0400: 49.571: [GC (GCLocker Initiated GC) [PSYoungGen: 169600K->85993K(175104K)] 219217K->163437K(699392K), 0.0122454 secs] [Times: user=0.19 sys=0.00, real=0.02 secs] 
2016-09-13T20:32:02.633-0400: 49.680: [GC (GCLocker Initiated GC) [PSYoungGen: 174057K->55649K(175104K)] 257629K->194153K(699392K), 0.0112210 secs] [Times: user=0.14 sys=0.00, real=0.01 secs] 
2016-09-13T20:32:02.740-0400: 49.786: [GC (GCLocker Initiated GC) [PSYoungGen: 143713K->79890K(175104K)] 285349K->258335K(699392K), 0.0105658 secs] [Times: user=0.16 sys=0.00, real=0.01 secs] 
2016-09-13T20:32:02.861-0400: 49.908: [GC (GCLocker Initiated GC) [PSYoungGen: 167954K->38629K(175104K)] 346414K->253838K(699392K), 0.0219556 secs] [Times: user=0.26 sys=0.00, real=0.02 secs] 
2016-09-13T20:32:02.996-0400: 50.042: [GC (GCLocker Initiated GC) [PSYoungGen: 126693K->84292K(175104K)] 341979K->337812K(699392K), 0.0140307 secs] [Times: user=0.17 sys=0.00, real=0.01 secs] 
2016-09-13T20:32:03.135-0400: 50.181: [GC (GCLocker Initiated GC) [PSYoungGen: 172356K->40420K(175104K)] 432021K->338303K(699392K), 0.0098005 secs] [Times: user=0.11 sys=0.01, real=0.01 secs] 
2016-09-13T20:32:03.256-0400: 50.303: [GC (GCLocker Initiated GC) [PSYoungGen: 128484K->73533K(175104K)] 426569K->408518K(699392K), 0.0097816 secs] [Times: user=0.11 sys=0.00, real=0.00 secs] 
2016-09-13T20:32:03.379-0400: 50.425: [GC (GCLocker Initiated GC) [PSYoungGen: 161597K->60078K(175104K)] 499666K->457659K(699392K), 0.0123061 secs] [Times: user=0.20 sys=0.01, real=0.01 secs] 
2016-09-13T20:32:03.478-0400: 50.525: [GC (GCLocker Initiated GC) [PSYoungGen: 148142K->76698K(175104K)] 551802K->517111K(699392K), 0.0126189 secs] [Times: user=0.17 sys=0.00, real=0.01 secs] 
2016-09-13T20:32:03.597-0400: 50.644: [GC (GCLocker Initiated GC) [PSYoungGen: 164762K->81278K(175104K)] 605406K->570858K(699392K), 0.0119174 secs] [Times: user=0.13 sys=0.00, real=0.01 secs] 
2016-09-13T20:32:03.609-0400: 50.656: [Full GC (Ergonomics) [PSYoungGen: 81278K->0K(175104K)] [ParOldGen: 489580K->46368K(524288K)] 570858K->46368K(699392K), [Metaspace: 44363K->44363K(1087488K)], 0.0445134 secs] [Times: user=0.29 sys=0.00, real=0.04 secs] 
2016-09-13T20:32:03.738-0400: 50.784: [GC (GCLocker Initiated GC) [PSYoungGen: 88064K->86060K(175104K)] 134462K->144609K(699392K), 0.0130709 secs] [Times: user=0.19 sys=0.00, real=0.01 secs] 
2016-09-13T20:32:03.863-0400: 50.909: [GC (GCLocker Initiated GC) [PSYoungGen: 174124K->55618K(175104K)] 244867K->175416K(699392K), 0.0153928 secs] [Times: user=0.27 sys=0.00, real=0.02 secs] 
2016-09-13T20:32:03.970-0400: 51.017: [GC (GCLocker Initiated GC) [PSYoungGen: 143682K->50879K(175104K)] 263496K->225693K(699392K), 0.0129100 secs] [Times: user=0.19 sys=0.00, real=0.01 secs] 
2016-09-13T20:32:04.085-0400: 51.132: [GC (GCLocker Initiated GC) [PSYoungGen: 138943K->46558K(175104K)] 321616K->273489K(699392K), 0.0097797 secs] [Times: user=0.15 sys=0.00, real=0.01 secs] 
2016-09-13T20:32:04.182-0400: 51.228: [GC (GCLocker Initiated GC) [PSYoungGen: 134622K->69073K(175104K)] 361578K->332956K(699392K), 0.0166718 secs] [Times: user=0.25 sys=0.00, real=0.02 secs] 
2016-09-13T20:32:04.285-0400: 51.332: [GC (GCLocker Initiated GC) [PSYoungGen: 157137K->63152K(175104K)] 422745K->382155K(699392K), 0.0124216 secs] [Times: user=0.20 sys=0.00, real=0.02 secs] 
2016-09-13T20:32:04.397-0400: 51.444: [GC (GCLocker Initiated GC) [PSYoungGen: 151216K->67763K(175104K)] 477943K->431190K(699392K), 0.0113514 secs] [Times: user=0.17 sys=0.01, real=0.01 secs] 
2016-09-13T20:32:04.513-0400: 51.560: [GC (GCLocker Initiated GC) [PSYoungGen: 155827K->81399K(175104K)] 519340K->481550K(699392K), 0.0129386 secs] [Times: user=0.21 sys=0.01, real=0.01 secs] 
2016-09-13T20:32:04.649-0400: 51.696: [GC (GCLocker Initiated GC) [PSYoungGen: 169463K->47806K(175104K)] 583330K->504605K(699392K), 0.0129675 secs] [Times: user=0.21 sys=0.00, real=0.01 secs] 
2016-09-13T20:32:04.743-0400: 51.790: [GC (GCLocker Initiated GC) [PSYoungGen: 135870K->66062K(175104K)] 592702K->564169K(699392K), 0.0182749 secs] [Times: user=0.25 sys=0.00, real=0.02 secs] 
2016-09-13T20:32:04.761-0400: 51.808: [Full GC (Ergonomics) [PSYoungGen: 66062K->0K(175104K)] [ParOldGen: 498106K->39187K(524288K)] 564169K->39187K(699392K), [Metaspace: 44368K->44368K(1087488K)], 0.0527584 secs] [Times: user=0.32 sys=0.01, real=0.05 secs] 
2016-09-13T20:32:04.911-0400: 51.958: [GC (GCLocker Initiated GC) [PSYoungGen: 88064K->72573K(175104K)] 135039K->119549K(699392K), 0.0110010 secs] [Times: user=0.13 sys=0.00, real=0.01 secs] 
2016-09-13T20:32:05.029-0400: 52.076: [GC (GCLocker Initiated GC) [PSYoungGen: 160637K->76695K(175104K)] 207896K->171624K(699392K), 0.0115259 secs] [Times: user=0.12 sys=0.00, real=0.01 secs] 
2016-09-13T20:32:05.144-0400: 52.191: [GC (Allocation Failure) [PSYoungGen: 164759K->37046K(175104K)] 265788K->173220K(699392K), 0.0100424 secs] [Times: user=0.10 sys=0.00, real=0.01 secs] 
2016-09-13T20:32:05.244-0400: 52.291: [GC (GCLocker Initiated GC) [PSYoungGen: 123493K->35558K(175104K)] 265741K->216068K(699392K), 0.0130370 secs] [Times: user=0.14 sys=0.00, real=0.02 secs] 
2016-09-13T20:32:05.358-0400: 52.404: [GC (GCLocker Initiated GC) [PSYoungGen: 123622K->64577K(175104K)] 304283K->281937K(699392K), 0.0093775 secs] [Times: user=0.10 sys=0.00, real=0.00 secs] 
2016-09-13T20:32:05.459-0400: 52.505: [GC (GCLocker Initiated GC) [PSYoungGen: 152641K->64634K(175104K)] 376078K->324724K(699392K), 0.0119412 secs] [Times: user=0.17 sys=0.00, real=0.01 secs] 
2016-09-13T20:32:05.566-0400: 52.612: [GC (GCLocker Initiated GC) [PSYoungGen: 152698K->67581K(175104K)] 418957K->370606K(699392K), 0.0105932 secs] [Times: user=0.13 sys=0.01, real=0.02 secs] 
2016-09-13T20:32:05.690-0400: 52.737: [GC (Allocation Failure) [PSYoungGen: 155645K->35623K(175104K)] 458795K->381567K(699392K), 0.0170112 secs] [Times: user=0.19 sys=0.00, real=0.01 secs] 
2016-09-13T20:32:05.809-0400: 52.856: [GC (GCLocker Initiated GC) [PSYoungGen: 119055K->55394K(175104K)] 471074K->444115K(699392K), 0.0159077 secs] [Times: user=0.18 sys=0.00, real=0.01 secs] 
2016-09-13T20:32:05.919-0400: 52.966: [GC (GCLocker Initiated GC) [PSYoungGen: 143458K->64575K(175104K)] 532427K->494874K(699392K), 0.0285844 secs] [Times: user=0.42 sys=0.00, real=0.03 secs] 
2016-09-13T20:32:06.069-0400: 53.116: [GC (GCLocker Initiated GC) [PSYoungGen: 152639K->59955K(175104K)] 595288K->539347K(699392K), 0.0167994 secs] [Times: user=0.23 sys=0.01, real=0.01 secs] 
2016-09-13T20:32:06.086-0400: 53.133: [Full GC (Ergonomics) [PSYoungGen: 59955K->0K(175104K)] [ParOldGen: 479391K->40919K(524288K)] 539347K->40919K(699392K), [Metaspace: 44368K->44368K(1087488K)], 0.0902997 secs] [Times: user=0.90 sys=0.00, real=0.10 secs] 
2016-09-13T20:32:06.269-0400: 53.315: [GC (GCLocker Initiated GC) [PSYoungGen: 88064K->85902K(175104K)] 129087K->154263K(699392K), 0.0126589 secs] [Times: user=0.20 sys=0.00, real=0.01 secs] 
2016-09-13T20:32:06.376-0400: 53.423: [GC (GCLocker Initiated GC) [PSYoungGen: 173966K->69350K(175104K)] 248573K->189917K(699392K), 0.0127465 secs] [Times: user=0.19 sys=0.01, real=0.01 secs] 
2016-09-13T20:32:06.501-0400: 53.548: [GC (GCLocker Initiated GC) [PSYoungGen: 157414K->66158K(175104K)] 285782K->237384K(699392K), 0.0128000 secs] [Times: user=0.20 sys=0.00, real=0.01 secs] 
2016-09-13T20:32:06.622-0400: 53.669: [GC (GCLocker Initiated GC) [PSYoungGen: 154222K->72265K(175104K)] 325531K->274257K(699392K), 0.0131523 secs] [Times: user=0.16 sys=0.00, real=0.01 secs] 
2016-09-13T20:32:06.727-0400: 53.774: [GC (GCLocker Initiated GC) [PSYoungGen: 160329K->84356K(175104K)] 362521K->330923K(699392K), 0.0132897 secs] [Times: user=0.19 sys=0.00, real=0.02 secs] 
2016-09-13T20:32:06.836-0400: 53.882: [GC (GCLocker Initiated GC) [PSYoungGen: 172420K->85961K(175104K)] 419083K->384515K(699392K), 0.0130432 secs] [Times: user=0.21 sys=0.00, real=0.01 secs] 
2016-09-13T20:32:06.931-0400: 53.978: [GC (GCLocker Initiated GC) [PSYoungGen: 174025K->66311K(175104K)] 472585K->419933K(699392K), 0.0133647 secs] [Times: user=0.22 sys=0.01, real=0.01 secs] 
2016-09-13T20:32:07.039-0400: 54.085: [GC (GCLocker Initiated GC) [PSYoungGen: 154375K->72111K(175104K)] 508019K->468687K(699392K), 0.0134232 secs] [Times: user=0.21 sys=0.00, real=0.01 secs] 
2016-09-13T20:32:07.173-0400: 54.219: [GC (GCLocker Initiated GC) [PSYoungGen: 160175K->38938K(175104K)] 568994K->494975K(699392K), 0.0134780 secs] [Times: user=0.20 sys=0.00, real=0.01 secs] 
2016-09-13T20:32:07.285-0400: 54.331: [GC (GCLocker Initiated GC) [PSYoungGen: 127002K->84315K(175104K)] 583081K->568306K(699392K), 0.0120781 secs] [Times: user=0.17 sys=0.01, real=0.02 secs] 
2016-09-13T20:32:07.297-0400: 54.344: [Full GC (Ergonomics) [PSYoungGen: 84315K->0K(175104K)] [ParOldGen: 483990K->42691K(524288K)] 568306K->42691K(699392K), [Metaspace: 44368K->44368K(1087488K)], 0.0498233 secs] [Times: user=0.35 sys=0.00, real=0.04 secs] 
2016-09-13T20:32:07.469-0400: 54.516: [GC (GCLocker Initiated GC) [PSYoungGen: 88064K->72329K(175104K)] 130794K->115059K(699392K), 0.0090792 secs] [Times: user=0.13 sys=0.00, real=0.01 secs] 
2016-09-13T20:32:07.588-0400: 54.635: [GC (GCLocker Initiated GC) [PSYoungGen: 160393K->58618K(175104K)] 209201K->162651K(699392K), 0.0125110 secs] [Times: user=0.20 sys=0.01, real=0.01 secs] 
2016-09-13T20:32:07.692-0400: 54.739: [GC (GCLocker Initiated GC) [PSYoungGen: 146682K->85870K(175104K)] 251073K->227028K(699392K), 0.0133969 secs] [Times: user=0.21 sys=0.01, real=0.01 secs] 
2016-09-13T20:32:07.803-0400: 54.850: [GC (GCLocker Initiated GC) [PSYoungGen: 173934K->66312K(175104K)] 315346K->230837K(699392K), 0.0103873 secs] [Times: user=0.16 sys=0.00, real=0.01 secs] 
2016-09-13T20:32:07.909-0400: 54.956: [GC (GCLocker Initiated GC) [PSYoungGen: 154376K->51002K(175104K)] 325032K->240316K(699392K), 0.0075816 secs] [Times: user=0.10 sys=0.00, real=0.01 secs] 
2016-09-13T20:32:08.027-0400: 55.073: [GC (GCLocker Initiated GC) [PSYoungGen: 139066K->63183K(175104K)] 328451K->271011K(699392K), 0.0089814 secs] [Times: user=0.10 sys=0.00, real=0.02 secs] 
2016-09-13T20:32:08.157-0400: 55.204: [GC (GCLocker Initiated GC) [PSYoungGen: 151247K->8215K(175104K)] 366769K->246849K(699392K), 0.0069491 secs] [Times: user=0.04 sys=0.00, real=0.00 secs] 
2016-09-13T20:32:08.291-0400: 55.338: [GC (GCLocker Initiated GC) [PSYoungGen: 96279K->62998K(175104K)] 336551K->308165K(699392K), 0.0162253 secs] [Times: user=0.19 sys=0.01, real=0.01 secs] 
2016-09-13T20:32:08.428-0400: 55.475: [GC (GCLocker Initiated GC) [PSYoungGen: 151062K->29511K(175104K)] 396344K->274986K(699392K), 0.0075069 secs] [Times: user=0.07 sys=0.00, real=0.01 secs] 
2016-09-13T20:32:08.562-0400: 55.608: [GC (GCLocker Initiated GC) [PSYoungGen: 117575K->23372K(175104K)] 370730K->288984K(699392K), 0.0153666 secs] [Times: user=0.18 sys=0.00, real=0.02 secs] 
2016-09-13T20:32:08.700-0400: 55.746: [GC (GCLocker Initiated GC) [PSYoungGen: 111436K->49261K(175104K)] 377240K->315299K(699392K), 0.0069926 secs] [Times: user=0.08 sys=0.00, real=0.00 secs] 
2016-09-13T20:32:08.861-0400: 55.908: [GC (GCLocker Initiated GC) [PSYoungGen: 137325K->28302K(175104K)] 409616K->300790K(699392K), 0.0047991 secs] [Times: user=0.04 sys=0.00, real=0.00 secs] 
2016-09-13T20:32:09.014-0400: 56.061: [GC (GCLocker Initiated GC) [PSYoungGen: 116366K->46377K(175104K)] 389054K->319327K(699392K), 0.0064135 secs] [Times: user=0.06 sys=0.00, real=0.01 secs] 
2016-09-13T20:32:09.150-0400: 56.197: [GC (GCLocker Initiated GC) [PSYoungGen: 134441K->50588K(175104K)] 415149K->331500K(699392K), 0.0098223 secs] [Times: user=0.09 sys=0.00, real=0.01 secs] 
2016-09-13T20:32:09.300-0400: 56.346: [GC (GCLocker Initiated GC) [PSYoungGen: 138652K->47864K(175104K)] 425815K->338211K(699392K), 0.0212524 secs] [Times: user=0.22 sys=0.00, real=0.02 secs] 
2016-09-13T20:32:09.448-0400: 56.495: [GC (Allocation Failure) [PSYoungGen: 135928K->28120K(175104K)] 432369K->333981K(699392K), 0.0068598 secs] [Times: user=0.05 sys=0.00, real=0.00 secs] 
2016-09-13T20:32:09.600-0400: 56.647: [GC (GCLocker Initiated GC) [PSYoungGen: 115041K->12715K(175104K)] 422421K->329425K(699392K), 0.0074371 secs] [Times: user=0.08 sys=0.00, real=0.00 secs] 
2016-09-13T20:32:09.725-0400: 56.771: [GC (GCLocker Initiated GC) [PSYoungGen: 100779K->40084K(128512K)] 417492K->356943K(652800K), 0.0061102 secs] [Times: user=0.04 sys=0.00, real=0.01 secs] 
2016-09-13T20:32:09.894-0400: 56.941: [GC (GCLocker Initiated GC) [PSYoungGen: 128148K->23314K(174592K)] 457327K->352711K(698880K), 0.0137018 secs] [Times: user=0.10 sys=0.00, real=0.02 secs] 
2016-09-13T20:32:10.051-0400: 57.098: [GC (GCLocker Initiated GC) [PSYoungGen: 111890K->32772K(121856K)] 447585K->368695K(646144K), 0.0180427 secs] [Times: user=0.22 sys=0.00, real=0.02 secs] 
2016-09-13T20:32:10.233-0400: 57.280: [GC (Allocation Failure) [PSYoungGen: 121348K->23436K(175104K)] 463516K->365901K(699392K), 0.0095303 secs] [Times: user=0.06 sys=0.00, real=0.01 secs] 
2016-09-13T20:32:10.357-0400: 57.403: [GC (GCLocker Initiated GC) [PSYoungGen: 114968K->46218K(173568K)] 458952K->390404K(697856K), 0.0116478 secs] [Times: user=0.12 sys=0.00, real=0.01 secs] 
2016-09-13T20:32:10.502-0400: 57.549: [GC (GCLocker Initiated GC) [PSYoungGen: 138378K->23472K(178688K)] 491835K->377068K(702976K), 0.0091826 secs] [Times: user=0.09 sys=0.00, real=0.01 secs] 
2016-09-13T20:32:10.686-0400: 57.733: [GC (GCLocker Initiated GC) [PSYoungGen: 122288K->32644K(177664K)] 482090K->392792K(701952K), 0.0058959 secs] [Times: user=0.04 sys=0.00, real=0.01 secs] 
2016-09-13T20:32:10.856-0400: 57.903: [GC (GCLocker Initiated GC) [PSYoungGen: 131460K->26500K(181248K)] 497846K->393033K(705536K), 0.0086267 secs] [Times: user=0.07 sys=0.01, real=0.00 secs] 
2016-09-13T20:32:11.030-0400: 58.076: [GC (Allocation Failure) [PSYoungGen: 131972K->27961K(179200K)] 498770K->394985K(703488K), 0.0135126 secs] [Times: user=0.16 sys=0.01, real=0.01 secs] 
2016-09-13T20:32:11.202-0400: 58.249: [GC (GCLocker Initiated GC) [PSYoungGen: 129443K->14234K(184320K)] 502541K->387471K(708608K), 0.0043157 secs] [Times: user=0.03 sys=0.01, real=0.00 secs] 
2016-09-13T20:32:11.398-0400: 58.445: [GC (GCLocker Initiated GC) [PSYoungGen: 126874K->28056K(184320K)] 503193K->404546K(708608K), 0.0145628 secs] [Times: user=0.15 sys=0.00, real=0.01 secs] 
2016-09-13T20:32:11.572-0400: 58.619: [GC (GCLocker Initiated GC) [PSYoungGen: 140696K->41635K(188416K)] 517205K->430519K(712704K), 0.0299206 secs] [Times: user=0.33 sys=0.00, real=0.03 secs] 
2016-09-13T20:32:11.754-0400: 58.801: [GC (GCLocker Initiated GC) [PSYoungGen: 160931K->47837K(187904K)] 549870K->436931K(712192K), 0.0103102 secs] [Times: user=0.12 sys=0.01, real=0.01 secs] 
2016-09-13T20:32:11.951-0400: 58.997: [GC (GCLocker Initiated GC) [PSYoungGen: 167133K->23410K(192000K)] 565559K->421982K(716288K), 0.0137329 secs] [Times: user=0.13 sys=0.00, real=0.01 secs] 
2016-09-13T20:32:12.193-0400: 59.239: [GC (GCLocker Initiated GC) [PSYoungGen: 146802K->40173K(192000K)] 548641K->442142K(716288K), 0.0323931 secs] [Times: user=0.34 sys=0.00, real=0.03 secs] 
2016-09-13T20:32:12.392-0400: 59.439: [GC (GCLocker Initiated GC) [PSYoungGen: 163565K->29639K(189440K)] 565665K->432035K(713728K), 0.0273085 secs] [Times: user=0.29 sys=0.01, real=0.03 secs] 
2016-09-13T20:32:12.603-0400: 59.650: [GC (GCLocker Initiated GC) [PSYoungGen: 155591K->41725K(190976K)] 559517K->445864K(715264K), 0.0108204 secs] [Times: user=0.12 sys=0.00, real=0.01 secs] 
2016-09-13T20:32:12.792-0400: 59.839: [GC (GCLocker Initiated GC) [PSYoungGen: 167677K->34195K(190976K)] 571846K->438566K(715264K), 0.0218557 secs] [Times: user=0.28 sys=0.01, real=0.02 secs] 
2016-09-13T20:32:13.019-0400: 60.066: [GC (GCLocker Initiated GC) [PSYoungGen: 166291K->32767K(194048K)] 576775K->457236K(718336K), 0.0237712 secs] [Times: user=0.28 sys=0.00, real=0.02 secs] 
2016-09-13T20:32:13.232-0400: 60.279: [GC (GCLocker Initiated GC) [PSYoungGen: 164863K->26414K(197120K)] 592445K->461775K(721408K), 0.0070146 secs] [Times: user=0.04 sys=0.00, real=0.01 secs] 
2016-09-13T20:32:13.456-0400: 60.503: [GC (GCLocker Initiated GC) [PSYoungGen: 166702K->58406K(199168K)] 602232K->495645K(723456K), 0.0168836 secs] [Times: user=0.20 sys=0.00, real=0.01 secs] 
2016-09-13T20:32:13.673-0400: 60.720: [GC (GCLocker Initiated GC) [PSYoungGen: 198694K->46599K(193024K)] 637524K->485600K(717312K), 0.0145493 secs] [Times: user=0.19 sys=0.00, real=0.02 secs] 
2016-09-13T20:32:13.899-0400: 60.946: [GC (GCLocker Initiated GC) [PSYoungGen: 176647K->50812K(181248K)] 617332K->491722K(705536K), 0.0132399 secs] [Times: user=0.17 sys=0.00, real=0.01 secs] 
2016-09-13T20:32:14.105-0400: 61.151: [GC (Allocation Failure) [PSYoungGen: 180860K->14508K(191488K)] 621795K->457101K(715776K), 0.0087820 secs] [Times: user=0.07 sys=0.00, real=0.01 secs] 
2016-09-13T20:32:14.286-0400: 61.333: [GC (GCLocker Initiated GC) [PSYoungGen: 134836K->24955K(147968K)] 583504K->483140K(672256K), 0.0147599 secs] [Times: user=0.17 sys=0.00, real=0.02 secs] 
2016-09-13T20:32:14.499-0400: 61.545: [GC (GCLocker Initiated GC) [PSYoungGen: 147835K->28129K(194048K)] 619752K->500206K(718336K), 0.0111005 secs] [Times: user=0.13 sys=0.00, real=0.01 secs] 
2016-09-13T20:32:14.709-0400: 61.756: [GC (GCLocker Initiated GC) [PSYoungGen: 154081K->61411K(187392K)] 626175K->533593K(711680K), 0.0086175 secs] [Times: user=0.07 sys=0.00, real=0.01 secs] 
2016-09-13T20:32:14.915-0400: 61.962: [GC (GCLocker Initiated GC) [PSYoungGen: 187363K->51003K(186368K)] 659573K->532504K(710656K), 0.0083707 secs] [Times: user=0.09 sys=0.00, real=0.01 secs] 
2016-09-13T20:32:15.105-0400: 62.152: [GC (GCLocker Initiated GC) [PSYoungGen: 164667K->46436K(187904K)] 652270K->537318K(712192K), 0.0100102 secs] [Times: user=0.10 sys=0.00, real=0.01 secs] 
2016-09-13T20:32:15.307-0400: 62.354: [GC (GCLocker Initiated GC) [PSYoungGen: 160100K->5185K(183296K)] 664733K->525239K(707584K), 0.0099615 secs] [Times: user=0.13 sys=0.01, real=0.02 secs] 
2016-09-13T20:32:15.317-0400: 62.364: [Full GC (Ergonomics) [PSYoungGen: 5185K->0K(183296K)] [ParOldGen: 520054K->36828K(524288K)] 525239K->36828K(707584K), [Metaspace: 44383K->44383K(1087488K)], 0.0493977 secs] [Times: user=0.36 sys=0.01, real=0.04 secs] 
2016-09-13T20:32:15.500-0400: 62.547: [GC (GCLocker Initiated GC) [PSYoungGen: 109568K->75474K(185344K)] 148083K->118545K(709632K), 0.0105845 secs] [Times: user=0.16 sys=0.00, real=0.01 secs] 
2016-09-13T20:32:15.685-0400: 62.732: [GC (Allocation Failure) [PSYoungGen: 185042K->23554K(168960K)] 234297K->82262K(693248K), 0.0088612 secs] [Times: user=0.10 sys=0.00, real=0.01 secs] 
2016-09-13T20:32:15.844-0400: 62.890: [GC (GCLocker Initiated GC) [PSYoungGen: 115714K->50998K(177152K)] 174425K->109977K(701440K), 0.0073671 secs] [Times: user=0.10 sys=0.01, real=0.01 secs] 
2016-09-13T20:32:15.992-0400: 63.039: [GC (GCLocker Initiated GC) [PSYoungGen: 143158K->44859K(172032K)] 202171K->104153K(696320K), 0.0075645 secs] [Times: user=0.11 sys=0.00, real=0.01 secs] 
2016-09-13T20:32:16.132-0400: 63.179: [GC (GCLocker Initiated GC) [PSYoungGen: 137019K->46387K(174592K)] 198022K->119791K(698880K), 0.0099848 secs] [Times: user=0.15 sys=0.00, real=0.01 secs] 
2016-09-13T20:32:16.314-0400: 63.360: [GC (GCLocker Initiated GC) [PSYoungGen: 138547K->23685K(177152K)] 225796K->118761K(701440K), 0.0173393 secs] [Times: user=0.20 sys=0.00, real=0.02 secs] 
2016-09-13T20:32:16.478-0400: 63.525: [GC (GCLocker Initiated GC) [PSYoungGen: 123013K->50937K(178688K)] 219703K->147912K(702976K), 0.0125795 secs] [Times: user=0.16 sys=0.00, real=0.01 secs] 
2016-09-13T20:32:16.656-0400: 63.703: [GC (GCLocker Initiated GC) [PSYoungGen: 150265K->12997K(181248K)] 254856K->122495K(705536K), 0.0116964 secs] [Times: user=0.13 sys=0.00, real=0.01 secs] 
2016-09-13T20:32:16.832-0400: 63.879: [GC (GCLocker Initiated GC) [PSYoungGen: 114373K->25051K(126464K)] 225409K->139358K(650752K), 0.0205702 secs] [Times: user=0.19 sys=0.00, real=0.02 secs] 
2016-09-13T20:32:16.989-0400: 64.036: [GC (Allocation Failure) [PSYoungGen: 126427K->29395K(183296K)] 240938K->145634K(707584K), 0.0255242 secs] [Times: user=0.26 sys=0.00, real=0.02 secs] 
2016-09-13T20:32:17.150-0400: 64.197: [GC (GCLocker Initiated GC) [PSYoungGen: 133147K->41660K(180224K)] 250905K->161017K(704512K), 0.0140716 secs] [Times: user=0.15 sys=0.01, real=0.01 secs] 
2016-09-13T20:32:17.326-0400: 64.373: [GC (GCLocker Initiated GC) [PSYoungGen: 146620K->27843K(184320K)] 267504K->149066K(708608K), 0.0108919 secs] [Times: user=0.10 sys=0.00, real=0.02 secs] 
2016-09-13T20:32:17.515-0400: 64.562: [GC (GCLocker Initiated GC) [PSYoungGen: 138947K->66026K(182272K)] 261720K->195029K(706560K), 0.0177438 secs] [Times: user=0.22 sys=0.02, real=0.02 secs] 
2016-09-13T20:32:17.706-0400: 64.753: [GC (GCLocker Initiated GC) [PSYoungGen: 177130K->44986K(184832K)] 307824K->186431K(709120K), 0.0089877 secs] [Times: user=0.11 sys=0.00, real=0.01 secs] 
2016-09-13T20:32:17.860-0400: 64.907: [GC (GCLocker Initiated GC) [PSYoungGen: 150458K->58559K(164352K)] 292138K->200551K(688640K), 0.0066466 secs] [Times: user=0.04 sys=0.00, real=0.00 secs] 
2016-09-13T20:32:18.035-0400: 65.082: [GC (GCLocker Initiated GC) [PSYoungGen: 164031K->35869K(184320K)] 306058K->178137K(708608K), 0.0133090 secs] [Times: user=0.17 sys=0.01, real=0.02 secs] 
2016-09-13T20:32:18.214-0400: 65.261: [GC (GCLocker Initiated GC) [PSYoungGen: 139293K->50721K(181248K)] 289194K->211585K(705536K), 0.0191300 secs] [Times: user=0.21 sys=0.00, real=0.02 secs] 
2016-09-13T20:32:18.400-0400: 65.446: [GC (Allocation Failure) [PSYoungGen: 154145K->15720K(180224K)] 315056K->178280K(704512K), 0.0173608 secs] [Times: user=0.16 sys=0.00, real=0.02 secs] 
2016-09-13T20:32:18.554-0400: 65.601: [GC (GCLocker Initiated GC) [PSYoungGen: 118120K->44699K(181248K)] 280686K->213609K(705536K), 0.0167609 secs] [Times: user=0.16 sys=0.00, real=0.02 secs] 
2016-09-13T20:32:18.711-0400: 65.758: [GC (Allocation Failure) [PSYoungGen: 147099K->52484K(181248K)] 316134K->221881K(705536K), 0.0064812 secs] [Times: user=0.05 sys=0.01, real=0.01 secs] 
2016-09-13T20:32:18.871-0400: 65.918: [GC (GCLocker Initiated GC) [PSYoungGen: 156932K->30903K(182272K)] 326329K->208102K(706560K), 0.0485557 secs] [Times: user=0.51 sys=0.02, real=0.05 secs] 
2016-09-13T20:32:19.071-0400: 66.118: [GC (GCLocker Initiated GC) [PSYoungGen: 135351K->24927K(183296K)] 321838K->211596K(707584K), 0.0181300 secs] [Times: user=0.15 sys=0.01, real=0.02 secs] 
2016-09-13T20:32:19.242-0400: 66.289: [GC (GCLocker Initiated GC) [PSYoungGen: 133471K->32549K(183296K)] 320326K->219590K(707584K), 0.0098760 secs] [Times: user=0.10 sys=0.00, real=0.01 secs] 
2016-09-13T20:32:19.417-0400: 66.463: [GC (GCLocker Initiated GC) [PSYoungGen: 141093K->55304K(181760K)] 328161K->242649K(706048K), 0.0088096 secs] [Times: user=0.10 sys=0.00, real=0.00 secs] 
2016-09-13T20:32:19.605-0400: 66.652: [GC (GCLocker Initiated GC) [PSYoungGen: 164872K->9916K(184832K)] 364490K->215764K(709120K), 0.0102416 secs] [Times: user=0.12 sys=0.00, real=0.02 secs] 
2016-09-13T20:32:19.819-0400: 66.866: [GC (GCLocker Initiated GC) [PSYoungGen: 119484K->16066K(185856K)] 331417K->235917K(710144K), 0.0046172 secs] [Times: user=0.04 sys=0.00, real=0.00 secs] 
2016-09-13T20:32:19.980-0400: 67.026: [GC (GCLocker Initiated GC) [PSYoungGen: 125122K->23533K(132608K)] 351113K->257332K(656896K), 0.0104243 secs] [Times: user=0.13 sys=0.01, real=0.01 secs] 
2016-09-13T20:32:20.146-0400: 67.193: [GC (Allocation Failure) [PSYoungGen: 132589K->29735K(186880K)] 366407K->275949K(711168K), 0.0086767 secs] [Times: user=0.09 sys=0.00, real=0.01 secs] 
2016-09-13T20:32:20.335-0400: 67.382: [GC (GCLocker Initiated GC) [PSYoungGen: 141554K->41603K(183296K)] 389287K->291072K(707584K), 0.0067374 secs] [Times: user=0.07 sys=0.01, real=0.01 secs] 
2016-09-13T20:32:20.502-0400: 67.549: [GC (GCLocker Initiated GC) [PSYoungGen: 154243K->47959K(185856K)] 411523K->305303K(710144K), 0.0100860 secs] [Times: user=0.13 sys=0.00, real=0.01 secs] 
2016-09-13T20:32:20.738-0400: 67.785: [GC (GCLocker Initiated GC) [PSYoungGen: 163671K->17553K(187392K)] 428629K->282795K(711680K), 0.0100947 secs] [Times: user=0.11 sys=0.01, real=0.01 secs] 
2016-09-13T20:32:20.927-0400: 67.974: [GC (GCLocker Initiated GC) [PSYoungGen: 133265K->34350K(182784K)] 404604K->313576K(707072K), 0.0076014 secs] [Times: user=0.09 sys=0.00, real=0.01 secs] 
2016-09-13T20:32:21.128-0400: 68.174: [GC (GCLocker Initiated GC) [PSYoungGen: 153646K->11291K(186880K)] 445147K->310718K(711168K), 0.0053809 secs] [Times: user=0.04 sys=0.00, real=0.00 secs] 
2016-09-13T20:32:21.317-0400: 68.364: [GC (Allocation Failure) [PSYoungGen: 130587K->29416K(187904K)] 430070K->329042K(712192K), 0.0134290 secs] [Times: user=0.13 sys=0.00, real=0.01 secs] 
2016-09-13T20:32:21.506-0400: 68.553: [GC (GCLocker Initiated GC) [PSYoungGen: 155879K->60014K(186880K)] 455507K->378014K(711168K), 0.0103549 secs] [Times: user=0.11 sys=0.00, real=0.02 secs] 
2016-09-13T20:32:21.710-0400: 68.756: [GC (Allocation Failure) [PSYoungGen: 186478K->32420K(193536K)] 504671K->350791K(717824K), 0.0124905 secs] [Times: user=0.13 sys=0.00, real=0.01 secs] 
2016-09-13T20:32:21.899-0400: 68.946: [GC (GCLocker Initiated GC) [PSYoungGen: 152291K->46291K(189952K)] 472180K->375545K(714240K), 0.0139783 secs] [Times: user=0.18 sys=0.00, real=0.01 secs] 
2016-09-13T20:32:22.089-0400: 69.135: [GC (GCLocker Initiated GC) [PSYoungGen: 167635K->67798K(175104K)] 497020K->397408K(699392K), 0.0101262 secs] [Times: user=0.12 sys=0.00, real=0.01 secs] 
2016-09-13T20:32:22.273-0400: 69.320: [GC (Allocation Failure) [PSYoungGen: 173268K->46558K(183808K)] 504606K->378121K(708096K), 0.0120346 secs] [Times: user=0.16 sys=0.00, real=0.01 secs] 
2016-09-13T20:32:22.454-0400: 69.500: [GC (GCLocker Initiated GC) [PSYoungGen: 152030K->41848K(177664K)] 483593K->373700K(701952K), 0.0110584 secs] [Times: user=0.12 sys=0.00, real=0.01 secs] 
2016-09-13T20:32:22.648-0400: 69.695: [GC (GCLocker Initiated GC) [PSYoungGen: 148344K->28089K(181248K)] 486391K->366445K(705536K), 0.0099142 secs] [Times: user=0.14 sys=0.00, real=0.01 secs] 
2016-09-13T20:32:22.811-0400: 69.857: [GC (GCLocker Initiated GC) [PSYoungGen: 134585K->34100K(179712K)] 472994K->372612K(704000K), 0.0093680 secs] [Times: user=0.11 sys=0.00, real=0.01 secs] 
2016-09-13T20:32:23.000-0400: 70.046: [GC (GCLocker Initiated GC) [PSYoungGen: 148276K->34130K(184320K)] 486832K->377381K(708608K), 0.0153709 secs] [Times: user=0.19 sys=0.00, real=0.01 secs] 
2016-09-13T20:32:23.183-0400: 70.229: [GC (GCLocker Initiated GC) [PSYoungGen: 148306K->44545K(189952K)] 493270K->392843K(714240K), 0.0113963 secs] [Times: user=0.13 sys=0.00, real=0.01 secs] 
2016-09-13T20:32:23.374-0400: 70.421: [GC (GCLocker Initiated GC) [PSYoungGen: 168961K->23617K(192000K)] 518916K->373762K(716288K), 0.0099181 secs] [Times: user=0.14 sys=0.00, real=0.01 secs] 
2016-09-13T20:32:23.598-0400: 70.644: [GC (GCLocker Initiated GC) [PSYoungGen: 148033K->27934K(190976K)] 499753K->379831K(715264K), 0.0172032 secs] [Times: user=0.17 sys=0.00, real=0.01 secs] 
2016-09-13T20:32:23.819-0400: 70.866: [GC (GCLocker Initiated GC) [PSYoungGen: 155422K->60083K(187904K)] 513514K->430556K(712192K), 0.0111515 secs] [Times: user=0.14 sys=0.01, real=0.01 secs] 
2016-09-13T20:32:24.027-0400: 71.074: [GC (GCLocker Initiated GC) [PSYoungGen: 187571K->41692K(192512K)] 559741K->414080K(716800K), 0.0144309 secs] [Times: user=0.14 sys=0.00, real=0.02 secs] 
2016-09-13T20:32:24.231-0400: 71.278: [GC (Allocation Failure) [PSYoungGen: 162524K->46313K(167424K)] 535098K->419188K(691712K), 0.0094294 secs] [Times: user=0.11 sys=0.00, real=0.01 secs] 
2016-09-13T20:32:24.402-0400: 71.448: [GC (GCLocker Initiated GC) [PSYoungGen: 166025K->28051K(190976K)] 544975K->407194K(715264K), 0.0111927 secs] [Times: user=0.11 sys=0.00, real=0.01 secs] 
2016-09-13T20:32:24.609-0400: 71.656: [GC (GCLocker Initiated GC) [PSYoungGen: 149907K->47833K(189952K)] 529081K->427181K(714240K), 0.0128630 secs] [Times: user=0.15 sys=0.00, real=0.01 secs] 
2016-09-13T20:32:24.813-0400: 71.860: [GC (GCLocker Initiated GC) [PSYoungGen: 169689K->63089K(181248K)] 549176K->456447K(705536K), 0.0087062 secs] [Times: user=0.10 sys=0.00, real=0.01 secs] 
2016-09-13T20:32:25.005-0400: 72.052: [GC (GCLocker Initiated GC) [PSYoungGen: 175729K->32714K(187392K)] 569110K->437034K(711680K), 0.0068998 secs] [Times: user=0.09 sys=0.00, real=0.01 secs] 
2016-09-13T20:32:25.196-0400: 72.243: [GC (GCLocker Initiated GC) [PSYoungGen: 145354K->46057K(183296K)] 551337K->458266K(707584K), 0.0144242 secs] [Times: user=0.16 sys=0.00, real=0.01 secs] 
2016-09-13T20:32:25.349-0400: 72.396: [GC (GCLocker Initiated GC) [PSYoungGen: 160745K->47959K(186368K)] 572985K->460401K(710656K), 0.0179281 secs] [Times: user=0.27 sys=0.00, real=0.01 secs] 
2016-09-13T20:32:25.546-0400: 72.593: [GC (GCLocker Initiated GC) [PSYoungGen: 162647K->5248K(184832K)] 588874K->447117K(709120K), 0.0037360 secs] [Times: user=0.05 sys=0.00, real=0.01 secs] 
2016-09-13T20:32:25.732-0400: 72.778: [GC (GCLocker Initiated GC) [PSYoungGen: 118912K->40153K(187904K)] 560806K->482134K(712192K), 0.0107617 secs] [Times: user=0.13 sys=0.00, real=0.01 secs] 
2016-09-13T20:32:25.906-0400: 72.953: [GC (GCLocker Initiated GC) [PSYoungGen: 153817K->41852K(183296K)] 597504K->487180K(707584K), 0.0100907 secs] [Times: user=0.07 sys=0.00, real=0.02 secs] 
2016-09-13T20:32:26.112-0400: 73.159: [GC (GCLocker Initiated GC) [PSYoungGen: 158076K->41601K(185856K)] 604961K->488621K(710144K), 0.0211322 secs] [Times: user=0.24 sys=0.00, real=0.02 secs] 
2016-09-13T20:32:26.323-0400: 73.370: [GC (Allocation Failure) [PSYoungGen: 157825K->64640K(181248K)] 605107K->512170K(705536K), 0.0087792 secs] [Times: user=0.09 sys=0.00, real=0.01 secs] 
2016-09-13T20:32:26.514-0400: 73.561: [GC (Allocation Failure) [PSYoungGen: 178304K->41793K(187904K)] 625834K->494070K(712192K), 0.0088946 secs] [Times: user=0.10 sys=0.00, real=0.01 secs] 
2016-09-13T20:32:26.678-0400: 73.725: [GC (GCLocker Initiated GC) [PSYoungGen: 155457K->46464K(181760K)] 607737K->499071K(706048K), 0.0089614 secs] [Times: user=0.13 sys=0.00, real=0.00 secs] 
2016-09-13T20:32:26.862-0400: 73.909: [GC (GCLocker Initiated GC) [PSYoungGen: 163200K->46532K(186368K)] 617331K->500901K(710656K), 0.0104208 secs] [Times: user=0.15 sys=0.00, real=0.01 secs] 
2016-09-13T20:32:27.078-0400: 74.124: [GC (Allocation Failure) [PSYoungGen: 163268K->5279K(185344K)] 633031K->475233K(709632K), 0.0072121 secs] [Times: user=0.08 sys=0.00, real=0.00 secs] 
2016-09-13T20:32:27.267-0400: 74.314: [GC (GCLocker Initiated GC) [PSYoungGen: 122015K->50992K(167936K)] 591972K->521104K(692224K), 0.0232252 secs] [Times: user=0.24 sys=0.01, real=0.03 secs] 
2016-09-13T20:32:27.465-0400: 74.512: [GC (Allocation Failure) [PSYoungGen: 167728K->59954K(180224K)] 637898K->530263K(704512K), 0.0202063 secs] [Times: user=0.21 sys=0.00, real=0.02 secs] 
2016-09-13T20:32:27.642-0400: 74.689: [GC (GCLocker Initiated GC) [PSYoungGen: 165496K->46285K(184320K)] 637323K->519970K(708608K), 0.0066853 secs] [Times: user=0.06 sys=0.00, real=0.01 secs] 
2016-09-13T20:32:27.806-0400: 74.853: [GC (GCLocker Initiated GC) [PSYoungGen: 152781K->40015K(176128K)] 626565K->514114K(700416K), 0.0182585 secs] [Times: user=0.18 sys=0.00, real=0.02 secs] 
2016-09-13T20:32:28.020-0400: 75.067: [GC (GCLocker Initiated GC) [PSYoungGen: 148559K->9741K(181248K)] 630318K->491713K(705536K), 0.0221194 secs] [Times: user=0.24 sys=0.00, real=0.02 secs] 
2016-09-13T20:32:28.213-0400: 75.260: [GC (GCLocker Initiated GC) [PSYoungGen: 118285K->46314K(187904K)] 600282K->528494K(712192K), 0.0213353 secs] [Times: user=0.22 sys=0.00, real=0.02 secs] 
2016-09-13T20:32:28.396-0400: 75.443: [GC (GCLocker Initiated GC) [PSYoungGen: 158954K->41821K(154624K)] 644233K->540931K(678912K), 0.0132966 secs] [Times: user=0.16 sys=0.00, real=0.01 secs] 
2016-09-13T20:32:28.565-0400: 75.611: [GC (GCLocker Initiated GC) [PSYoungGen: 154461K->56823K(181248K)] 655168K->575980K(705536K), 0.0088365 secs] [Times: user=0.09 sys=0.00, real=0.01 secs] 
2016-09-13T20:32:28.574-0400: 75.620: [Full GC (Ergonomics) [PSYoungGen: 56823K->0K(181248K)] [ParOldGen: 519157K->43682K(524288K)] 575980K->43682K(705536K), [Metaspace: 44468K->44468K(1087488K)], 0.0568574 secs] [Times: user=0.25 sys=0.00, real=0.06 secs] 
2016-09-13T20:32:28.782-0400: 75.829: [GC (GCLocker Initiated GC) [PSYoungGen: 109568K->69222K(179200K)] 153332K->112986K(703488K), 0.0125980 secs] [Times: user=0.14 sys=0.00, real=0.01 secs] 
2016-09-13T20:32:28.936-0400: 75.983: [GC (GCLocker Initiated GC) [PSYoungGen: 178790K->47832K(182784K)] 228652K->113217K(707072K), 0.0060822 secs] [Times: user=0.05 sys=0.01, real=0.00 secs] 
2016-09-13T20:32:29.085-0400: 76.132: [GC (Allocation Failure) [PSYoungGen: 148696K->28160K(129536K)] 215708K->104550K(653824K), 0.0056150 secs] [Times: user=0.05 sys=0.00, real=0.01 secs] 
2016-09-13T20:32:29.240-0400: 76.287: [GC (GCLocker Initiated GC) [PSYoungGen: 129024K->23308K(180224K)] 205417K->99878K(704512K), 0.0269924 secs] [Times: user=0.30 sys=0.00, real=0.02 secs] 
2016-09-13T20:32:29.408-0400: 76.455: [GC (GCLocker Initiated GC) [PSYoungGen: 124684K->35495K(179712K)] 201277K->112306K(704000K), 0.0174227 secs] [Times: user=0.18 sys=0.00, real=0.01 secs] 
2016-09-13T20:32:29.574-0400: 76.621: [GC (GCLocker Initiated GC) [PSYoungGen: 136871K->28050K(182272K)] 215226K->112697K(706560K), 0.0045040 secs] [Times: user=0.04 sys=0.00, real=0.01 secs] 
2016-09-13T20:32:29.712-0400: 76.758: [GC (GCLocker Initiated GC) [PSYoungGen: 134546K->49228K(180736K)] 219500K->140655K(705024K), 0.0096597 secs] [Times: user=0.07 sys=0.00, real=0.01 secs] 
2016-09-13T20:32:29.898-0400: 76.945: [GC (GCLocker Initiated GC) [PSYoungGen: 155724K->44667K(184832K)] 247201K->136272K(709120K), 0.0156002 secs] [Times: user=0.12 sys=0.00, real=0.01 secs] 
2016-09-13T20:32:30.079-0400: 77.125: [GC (GCLocker Initiated GC) [PSYoungGen: 157819K->40079K(185856K)] 249580K->138171K(710144K), 0.0211449 secs] [Times: user=0.19 sys=0.01, real=0.02 secs] 
2016-09-13T20:32:30.271-0400: 77.318: [GC (GCLocker Initiated GC) [PSYoungGen: 153231K->32581K(187904K)] 257707K->137194K(712192K), 0.0102005 secs] [Times: user=0.09 sys=0.01, real=0.01 secs] 
2016-09-13T20:32:30.478-0400: 77.524: [GC (GCLocker Initiated GC) [PSYoungGen: 151877K->28179K(187392K)] 262713K->139350K(711680K), 0.0126308 secs] [Times: user=0.13 sys=0.00, real=0.01 secs] 
2016-09-13T20:32:30.670-0400: 77.717: [GC (GCLocker Initiated GC) [PSYoungGen: 147475K->44667K(193024K)] 260410K->157930K(717312K), 0.0077646 secs] [Times: user=0.07 sys=0.00, real=0.01 secs] 
2016-09-13T20:32:30.871-0400: 77.918: [GC (GCLocker Initiated GC) [PSYoungGen: 171131K->49569K(193024K)] 284438K->167579K(717312K), 0.0080954 secs] [Times: user=0.07 sys=0.00, real=0.01 secs] 
2016-09-13T20:32:31.070-0400: 78.116: [GC (GCLocker Initiated GC) [PSYoungGen: 176033K->44762K(194048K)] 294053K->170617K(718336K), 0.0191717 secs] [Times: user=0.21 sys=0.00, real=0.02 secs] 
2016-09-13T20:32:31.285-0400: 78.332: [GC (GCLocker Initiated GC) [PSYoungGen: 172250K->43111K(194048K)] 298128K->173731K(718336K), 0.0233736 secs] [Times: user=0.23 sys=0.01, real=0.03 secs] 
2016-09-13T20:32:31.497-0400: 78.544: [GC (Allocation Failure) [PSYoungGen: 170599K->43275K(194048K)] 301504K->177449K(718336K), 0.0161249 secs] [Times: user=0.15 sys=0.00, real=0.01 secs] 
2016-09-13T20:32:31.711-0400: 78.758: [GC (GCLocker Initiated GC) [PSYoungGen: 173835K->46250K(194048K)] 308014K->180655K(718336K), 0.0110786 secs] [Times: user=0.11 sys=0.00, real=0.01 secs] 
2016-09-13T20:32:31.905-0400: 78.952: [GC (GCLocker Initiated GC) [PSYoungGen: 176810K->43185K(196096K)] 317320K->183817K(720384K), 0.0197316 secs] [Times: user=0.16 sys=0.01, real=0.02 secs] 
2016-09-13T20:32:32.115-0400: 79.161: [GC (GCLocker Initiated GC) [PSYoungGen: 178865K->55522K(197120K)] 319579K->196406K(721408K), 0.0330878 secs] [Times: user=0.37 sys=0.00, real=0.04 secs] 
2016-09-13T20:32:32.362-0400: 79.408: [GC (GCLocker Initiated GC) [PSYoungGen: 191202K->26351K(195584K)] 333820K->182848K(719872K), 0.0162662 secs] [Times: user=0.16 sys=0.00, real=0.02 secs] 
2016-09-13T20:32:32.570-0400: 79.616: [GC (GCLocker Initiated GC) [PSYoungGen: 157423K->30939K(196608K)] 315567K->189198K(720896K), 0.0101419 secs] [Times: user=0.10 sys=0.00, real=0.01 secs] 
2016-09-13T20:32:32.814-0400: 79.860: [GC (GCLocker Initiated GC) [PSYoungGen: 162011K->9837K(192000K)] 332514K->209419K(716288K), 0.0162767 secs] [Times: user=0.16 sys=0.00, real=0.02 secs] 
2016-09-13T20:32:33.025-0400: 80.072: [GC (GCLocker Initiated GC) [PSYoungGen: 136813K->56951K(184320K)] 336446K->256648K(708608K), 0.0167528 secs] [Times: user=0.21 sys=0.00, real=0.02 secs] 
2016-09-13T20:32:33.220-0400: 80.267: [GC (GCLocker Initiated GC) [PSYoungGen: 183927K->46277K(190976K)] 383943K->255560K(715264K), 0.0237208 secs] [Times: user=0.23 sys=0.00, real=0.02 secs] 
2016-09-13T20:32:33.433-0400: 80.479: [GC (GCLocker Initiated GC) [PSYoungGen: 165573K->44666K(164352K)] 377970K->261817K(688640K), 0.0179697 secs] [Times: user=0.18 sys=0.00, real=0.02 secs] 
2016-09-13T20:32:33.608-0400: 80.655: [GC (GCLocker Initiated GC) [PSYoungGen: 163962K->49192K(188416K)] 381138K->271074K(712704K), 0.0258334 secs] [Times: user=0.27 sys=0.00, real=0.02 secs] 
2016-09-13T20:32:33.810-0400: 80.856: [GC (GCLocker Initiated GC) [PSYoungGen: 167976K->41729K(188928K)] 393108K->273216K(713216K), 0.0055229 secs] [Times: user=0.04 sys=0.00, real=0.00 secs] 
2016-09-13T20:32:33.975-0400: 81.021: [GC (GCLocker Initiated GC) [PSYoungGen: 160513K->32703K(190976K)] 392254K->264756K(715264K), 0.0142689 secs] [Times: user=0.12 sys=0.00, real=0.02 secs] 
2016-09-13T20:32:34.199-0400: 81.245: [GC (GCLocker Initiated GC) [PSYoungGen: 156095K->23281K(189952K)] 389823K->257210K(714240K), 0.0275324 secs] [Times: user=0.30 sys=0.00, real=0.02 secs] 
2016-09-13T20:32:34.406-0400: 81.452: [GC (GCLocker Initiated GC) [PSYoungGen: 146673K->32517K(193536K)] 386708K->272690K(717824K), 0.0068350 secs] [Times: user=0.05 sys=0.00, real=0.01 secs] 
2016-09-13T20:32:34.620-0400: 81.667: [GC (GCLocker Initiated GC) [PSYoungGen: 161541K->40051K(194048K)] 402030K->286808K(718336K), 0.0345213 secs] [Times: user=0.36 sys=0.00, real=0.03 secs] 
2016-09-13T20:32:34.862-0400: 81.909: [GC (GCLocker Initiated GC) [PSYoungGen: 169075K->41785K(196096K)] 416081K->288993K(720384K), 0.0101708 secs] [Times: user=0.10 sys=0.00, real=0.01 secs] 
2016-09-13T20:32:35.069-0400: 82.116: [GC (GCLocker Initiated GC) [PSYoungGen: 175417K->46090K(195584K)] 428728K->299465K(719872K), 0.0116116 secs] [Times: user=0.10 sys=0.00, real=0.01 secs] 
2016-09-13T20:32:35.259-0400: 82.306: [GC (GCLocker Initiated GC) [PSYoungGen: 179722K->41539K(197632K)] 434728K->298128K(721920K), 0.0147570 secs] [Times: user=0.12 sys=0.00, real=0.01 secs] 
2016-09-13T20:32:35.476-0400: 82.523: [GC (GCLocker Initiated GC) [PSYoungGen: 179267K->44581K(198656K)] 435904K->301266K(722944K), 0.0231521 secs] [Times: user=0.19 sys=0.00, real=0.02 secs] 
2016-09-13T20:32:35.698-0400: 82.745: [GC (GCLocker Initiated GC) [PSYoungGen: 182309K->46435K(200704K)] 442138K->309381K(724992K), 0.0233689 secs] [Times: user=0.24 sys=0.00, real=0.02 secs] 
2016-09-13T20:32:35.912-0400: 82.959: [GC (GCLocker Initiated GC) [PSYoungGen: 186723K->47614K(187904K)] 449697K->310849K(712192K), 0.0143203 secs] [Times: user=0.12 sys=0.00, real=0.01 secs] 
2016-09-13T20:32:36.168-0400: 83.214: [GC (GCLocker Initiated GC) [PSYoungGen: 187902K->43402K(202240K)] 451369K->317721K(726528K), 0.0088101 secs] [Times: user=0.09 sys=0.00, real=0.01 secs] 
2016-09-13T20:32:36.364-0400: 83.411: [GC (Allocation Failure) [PSYoungGen: 184202K->27897K(200704K)] 460271K->304247K(724992K), 0.0064368 secs] [Times: user=0.05 sys=0.00, real=0.01 secs] 
2016-09-13T20:32:36.608-0400: 83.655: [GC (GCLocker Initiated GC) [PSYoungGen: 168697K->47772K(199680K)] 445049K->324205K(723968K), 0.0214734 secs] [Times: user=0.22 sys=0.00, real=0.02 secs] 
2016-09-13T20:32:36.870-0400: 83.917: [GC (GCLocker Initiated GC) [PSYoungGen: 187036K->58214K(197632K)] 463762K->335125K(721920K), 0.0085590 secs] [Times: user=0.06 sys=0.00, real=0.01 secs] 
2016-09-13T20:32:37.067-0400: 84.113: [GC (GCLocker Initiated GC) [PSYoungGen: 197478K->43047K(198656K)] 474590K->320216K(722944K), 0.0476013 secs] [Times: user=0.47 sys=0.00, real=0.05 secs] 
2016-09-13T20:32:37.324-0400: 84.371: [GC (GCLocker Initiated GC) [PSYoungGen: 177191K->41761K(176128K)] 457510K->322302K(700416K), 0.0187061 secs] [Times: user=0.20 sys=0.00, real=0.02 secs] 
2016-09-13T20:32:37.509-0400: 84.556: [GC (GCLocker Initiated GC) [PSYoungGen: 175905K->44789K(197632K)] 464098K->333175K(721920K), 0.0146854 secs] [Times: user=0.16 sys=0.00, real=0.01 secs] 
2016-09-13T20:32:37.709-0400: 84.755: [GC (GCLocker Initiated GC) [PSYoungGen: 180469K->47742K(196096K)] 469082K->336752K(720384K), 0.0207311 secs] [Times: user=0.22 sys=0.01, real=0.02 secs] 
2016-09-13T20:32:37.946-0400: 84.993: [GC (GCLocker Initiated GC) [PSYoungGen: 183422K->9763K(193536K)] 481731K->315745K(717824K), 0.0097471 secs] [Times: user=0.09 sys=0.00, real=0.02 secs] 
2016-09-13T20:32:38.158-0400: 85.205: [GC (Allocation Failure) [PSYoungGen: 142883K->26505K(197632K)] 450615K->337489K(721920K), 0.0061788 secs] [Times: user=0.05 sys=0.00, real=0.00 secs] 
2016-09-13T20:32:38.387-0400: 85.434: [GC (GCLocker Initiated GC) [PSYoungGen: 158596K->14287K(194560K)] 471098K->326983K(718848K), 0.0394447 secs] [Times: user=0.44 sys=0.01, real=0.04 secs] 
2016-09-13T20:32:38.640-0400: 85.687: [GC (GCLocker Initiated GC) [PSYoungGen: 144335K->41852K(196096K)] 457369K->355142K(720384K), 0.0092104 secs] [Times: user=0.09 sys=0.00, real=0.01 secs] 
2016-09-13T20:32:38.828-0400: 85.874: [GC (GCLocker Initiated GC) [PSYoungGen: 171900K->34068K(191488K)] 486740K->349164K(715776K), 0.0120674 secs] [Times: user=0.11 sys=0.00, real=0.01 secs] 
2016-09-13T20:32:39.055-0400: 86.102: [GC (GCLocker Initiated GC) [PSYoungGen: 165140K->2295K(194048K)] 493992K->341991K(718336K), 0.0079609 secs] [Times: user=0.07 sys=0.00, real=0.01 secs] 
2016-09-13T20:32:39.282-0400: 86.329: [GC (Allocation Failure) [PSYoungGen: 133367K->47737K(192000K)] 473177K->387820K(716288K), 0.0192277 secs] [Times: user=0.21 sys=0.00, real=0.02 secs] 
2016-09-13T20:32:39.491-0400: 86.537: [GC (GCLocker Initiated GC) [PSYoungGen: 173689K->66153K(192512K)] 513778K->412487K(716800K), 0.0094168 secs] [Times: user=0.08 sys=0.01, real=0.01 secs] 
2016-09-13T20:32:39.679-0400: 86.725: [GC (GCLocker Initiated GC) [PSYoungGen: 192105K->46307K(180224K)] 538590K->392911K(704512K), 0.0071056 secs] [Times: user=0.07 sys=0.00, real=0.00 secs] 
2016-09-13T20:32:39.857-0400: 86.903: [GC (GCLocker Initiated GC) [PSYoungGen: 156899K->67389K(178176K)] 503597K->414398K(702464K), 0.0160398 secs] [Times: user=0.14 sys=0.00, real=0.01 secs] 
2016-09-13T20:32:40.047-0400: 87.094: [GC (Allocation Failure) [PSYoungGen: 177981K->5147K(175104K)] 537311K->364630K(699392K), 0.0068198 secs] [Times: user=0.06 sys=0.00, real=0.01 secs] 
2016-09-13T20:32:40.202-0400: 87.249: [GC (GCLocker Initiated GC) [PSYoungGen: 96963K->29547K(121856K)] 462522K->395358K(646144K), 0.0101138 secs] [Times: user=0.10 sys=0.00, real=0.01 secs] 
2016-09-13T20:32:40.353-0400: 87.399: [GC (GCLocker Initiated GC) [PSYoungGen: 121707K->29420K(178688K)] 493859K->401757K(702976K), 0.0059828 secs] [Times: user=0.05 sys=0.00, real=0.01 secs] 
2016-09-13T20:32:40.498-0400: 87.545: [GC (GCLocker Initiated GC) [PSYoungGen: 126700K->67389K(175616K)] 499077K->439881K(699904K), 0.0388110 secs] [Times: user=0.39 sys=0.01, real=0.04 secs] 
2016-09-13T20:32:40.697-0400: 87.744: [GC (Allocation Failure) [PSYoungGen: 164669K->51024K(176640K)] 537202K->431451K(700928K), 0.0163743 secs] [Times: user=0.18 sys=0.00, real=0.01 secs] 
2016-09-13T20:32:40.714-0400: 87.761: [GC (GCLocker Initiated GC) [PSYoungGen: 51033K->32K(91136K)] 431460K->438653K(615424K), 0.0110714 secs] [Times: user=0.11 sys=0.01, real=0.01 secs] 
2016-09-13T20:32:40.887-0400: 87.934: [GC (GCLocker Initiated GC) [PSYoungGen: 86252K->50873K(175104K)] 530948K->495569K(699392K), 0.0248049 secs] [Times: user=0.26 sys=0.01, real=0.03 secs] 
2016-09-13T20:32:41.026-0400: 88.073: [GC (Allocation Failure) [PSYoungGen: 138937K->41826K(130048K)] 590058K->520783K(654336K), 0.0106977 secs] [Times: user=0.12 sys=0.01, real=0.02 secs] 
2016-09-13T20:32:41.157-0400: 88.204: [GC (GCLocker Initiated GC) [PSYoungGen: 129890K->65994K(169984K)] 608851K->545220K(694272K), 0.0167360 secs] [Times: user=0.18 sys=0.00, real=0.01 secs] 
2016-09-13T20:32:41.295-0400: 88.342: [GC (GCLocker Initiated GC) [PSYoungGen: 151498K->34258K(172544K)] 636821K->537993K(696832K), 0.0159182 secs] [Times: user=0.20 sys=0.00, real=0.02 secs] 
2016-09-13T20:32:41.311-0400: 88.358: [Full GC (Ergonomics) [PSYoungGen: 34258K->0K(172544K)] [ParOldGen: 503734K->37268K(524288K)] 537993K->37268K(696832K), [Metaspace: 44504K->44504K(1087488K)], 0.0577647 secs] [Times: user=0.37 sys=0.01, real=0.06 secs] 
2016-09-13T20:32:41.473-0400: 88.520: [GC (Allocation Failure) [PSYoungGen: 85504K->69290K(174592K)] 129191K->112978K(698880K), 0.0248893 secs] [Times: user=0.35 sys=0.01, real=0.03 secs] 
2016-09-13T20:32:41.609-0400: 88.656: [GC (GCLocker Initiated GC) [PSYoungGen: 154452K->53880K(175104K)] 204215K->131408K(699392K), 0.0100806 secs] [Times: user=0.10 sys=0.00, real=0.01 secs] 
2016-09-13T20:32:41.720-0400: 88.767: [GC (GCLocker Initiated GC) [PSYoungGen: 141944K->67708K(175104K)] 219653K->150167K(699392K), 0.0089520 secs] [Times: user=0.11 sys=0.00, real=0.01 secs] 
2016-09-13T20:32:41.853-0400: 88.900: [GC (GCLocker Initiated GC) [PSYoungGen: 155772K->55496K(175104K)] 238247K->156520K(699392K), 0.0148492 secs] [Times: user=0.21 sys=0.00, real=0.02 secs] 
2016-09-13T20:32:42.019-0400: 89.066: [GC (GCLocker Initiated GC) [PSYoungGen: 143560K->69132K(175104K)] 244820K->178279K(699392K), 0.0120909 secs] [Times: user=0.15 sys=0.00, real=0.01 secs] 
2016-09-13T20:32:42.135-0400: 89.182: [GC (GCLocker Initiated GC) [PSYoungGen: 157196K->44736K(175104K)] 266591K->154399K(699392K), 0.0199545 secs] [Times: user=0.23 sys=0.00, real=0.02 secs] 
2016-09-13T20:32:42.286-0400: 89.333: [GC (GCLocker Initiated GC) [PSYoungGen: 132800K->48040K(175104K)] 242491K->176044K(699392K), 0.0106161 secs] [Times: user=0.10 sys=0.00, real=0.02 secs] 
2016-09-13T20:32:42.431-0400: 89.477: [GC (GCLocker Initiated GC) [PSYoungGen: 136104K->52330K(140800K)] 264134K->189823K(665088K), 0.0215454 secs] [Times: user=0.23 sys=0.00, real=0.02 secs] 
2016-09-13T20:32:42.579-0400: 89.625: [GC (GCLocker Initiated GC) [PSYoungGen: 140394K->26511K(174592K)] 287035K->181019K(698880K), 0.0049383 secs] [Times: user=0.05 sys=0.00, real=0.00 secs] 
2016-09-13T20:32:42.708-0400: 89.755: [GC (GCLocker Initiated GC) [PSYoungGen: 114575K->31094K(174592K)] 276699K->193443K(698880K), 0.0097219 secs] [Times: user=0.10 sys=0.00, real=0.01 secs] 
2016-09-13T20:32:42.869-0400: 89.915: [GC (GCLocker Initiated GC) [PSYoungGen: 119158K->41725K(169472K)] 281926K->207775K(693760K), 0.0155195 secs] [Times: user=0.16 sys=0.00, real=0.01 secs] 
2016-09-13T20:32:43.018-0400: 90.065: [GC (GCLocker Initiated GC) [PSYoungGen: 131837K->50875K(172032K)] 298009K->217288K(696320K), 0.0233280 secs] [Times: user=0.26 sys=0.00, real=0.02 secs] 
2016-09-13T20:32:43.174-0400: 90.221: [GC (GCLocker Initiated GC) [PSYoungGen: 140987K->5056K(174592K)] 315093K->179285K(698880K), 0.0308615 secs] [Times: user=0.31 sys=0.00, real=0.03 secs] 
2016-09-13T20:32:43.307-0400: 90.354: [GC (GCLocker Initiated GC) [PSYoungGen: 99264K->46409K(178176K)] 275030K->222467K(702464K), 0.0068456 secs] [Times: user=0.09 sys=0.00, real=0.01 secs] 
2016-09-13T20:32:43.469-0400: 90.516: [GC (GCLocker Initiated GC) [PSYoungGen: 140617K->41629K(169984K)] 316688K->217748K(694272K), 0.0177744 secs] [Times: user=0.18 sys=0.01, real=0.01 secs] 
2016-09-13T20:32:43.650-0400: 90.696: [GC (Allocation Failure) [PSYoungGen: 138397K->41593K(174592K)] 314603K->218008K(698880K), 0.0100952 secs] [Times: user=0.11 sys=0.00, real=0.01 secs] 
2016-09-13T20:32:43.838-0400: 90.885: [GC (GCLocker Initiated GC) [PSYoungGen: 138361K->27838K(182272K)] 314776K->204418K(706560K), 0.0077364 secs] [Times: user=0.07 sys=0.00, real=0.00 secs] 
2016-09-13T20:32:43.995-0400: 91.042: [GC (GCLocker Initiated GC) [PSYoungGen: 137918K->50710K(183808K)] 314624K->227560K(708096K), 0.0222834 secs] [Times: user=0.23 sys=0.00, real=0.03 secs] 
2016-09-13T20:32:44.144-0400: 91.190: [GC (GCLocker Initiated GC) [PSYoungGen: 160790K->47737K(187392K)] 337710K->233974K(711680K), 0.0181372 secs] [Times: user=0.18 sys=0.00, real=0.02 secs] 
2016-09-13T20:32:44.303-0400: 91.350: [GC (GCLocker Initiated GC) [PSYoungGen: 162425K->49324K(187904K)] 348684K->244906K(712192K), 0.0097673 secs] [Times: user=0.09 sys=0.00, real=0.01 secs] 
2016-09-13T20:32:44.498-0400: 91.545: [GC (GCLocker Initiated GC) [PSYoungGen: 164012K->43407K(182784K)] 367295K->254435K(707072K), 0.0189466 secs] [Times: user=0.19 sys=0.00, real=0.02 secs] 
2016-09-13T20:32:44.721-0400: 91.767: [GC (GCLocker Initiated GC) [PSYoungGen: 159631K->49192K(185856K)] 376858K->266604K(710144K), 0.0282583 secs] [Times: user=0.33 sys=0.00, real=0.03 secs] 
2016-09-13T20:32:44.900-0400: 91.946: [GC (GCLocker Initiated GC) [PSYoungGen: 165416K->29797K(191488K)] 384528K->252121K(715776K), 0.0059033 secs] [Times: user=0.03 sys=0.00, real=0.00 secs] 
2016-09-13T20:32:45.097-0400: 92.144: [GC (GCLocker Initiated GC) [PSYoungGen: 152677K->50939K(192000K)] 381226K->279726K(716288K), 0.0067447 secs] [Times: user=0.07 sys=0.00, real=0.00 secs] 
2016-09-13T20:32:45.296-0400: 92.343: [GC (GCLocker Initiated GC) [PSYoungGen: 173819K->61442K(184320K)] 402753K->299765K(708608K), 0.0166611 secs] [Times: user=0.18 sys=0.01, real=0.01 secs] 
2016-09-13T20:32:45.499-0400: 92.546: [GC (Allocation Failure) [PSYoungGen: 176130K->46405K(188416K)] 420811K->291319K(712704K), 0.0136808 secs] [Times: user=0.17 sys=0.01, real=0.01 secs] 
2016-09-13T20:32:45.706-0400: 92.752: [GC (GCLocker Initiated GC) [PSYoungGen: 160394K->29384K(186368K)] 411383K->280585K(710656K), 0.0152502 secs] [Times: user=0.11 sys=0.01, real=0.02 secs] 
2016-09-13T20:32:45.913-0400: 92.960: [GC (Allocation Failure) [PSYoungGen: 146120K->40046K(188416K)] 397520K->291569K(712704K), 0.0277763 secs] [Times: user=0.26 sys=0.01, real=0.03 secs] 
2016-09-13T20:32:46.109-0400: 93.156: [GC (GCLocker Initiated GC) [PSYoungGen: 155314K->44794K(186368K)] 408355K->298045K(710656K), 0.0215851 secs] [Times: user=0.23 sys=0.00, real=0.02 secs] 
2016-09-13T20:32:46.300-0400: 93.347: [GC (GCLocker Initiated GC) [PSYoungGen: 165626K->26660K(188416K)] 432578K->293762K(712704K), 0.0183647 secs] [Times: user=0.23 sys=0.00, real=0.02 secs] 
2016-09-13T20:32:46.505-0400: 93.552: [GC (GCLocker Initiated GC) [PSYoungGen: 147492K->31068K(193024K)] 420689K->309156K(717312K), 0.0065211 secs] [Times: user=0.06 sys=0.00, real=0.01 secs] 
2016-09-13T20:32:46.700-0400: 93.747: [GC (GCLocker Initiated GC) [PSYoungGen: 157532K->46224K(193536K)] 435654K->333645K(717824K), 0.0107246 secs] [Times: user=0.14 sys=0.00, real=0.01 secs] 
2016-09-13T20:32:46.900-0400: 93.947: [GC (GCLocker Initiated GC) [PSYoungGen: 172688K->28216K(194048K)] 461637K->332564K(718336K), 0.0069534 secs] [Times: user=0.10 sys=0.00, real=0.00 secs] 
2016-09-13T20:32:47.116-0400: 94.163: [GC (GCLocker Initiated GC) [PSYoungGen: 156728K->28157K(194560K)] 462672K->334361K(718848K), 0.0137317 secs] [Times: user=0.15 sys=0.00, real=0.01 secs] 
2016-09-13T20:32:47.315-0400: 94.362: [GC (GCLocker Initiated GC) [PSYoungGen: 156669K->46249K(196096K)] 463186K->355987K(720384K), 0.0078770 secs] [Times: user=0.05 sys=0.00, real=0.01 secs] 
2016-09-13T20:32:47.533-0400: 94.580: [GC (GCLocker Initiated GC) [PSYoungGen: 176809K->46467K(196096K)] 486583K->356395K(720384K), 0.0124437 secs] [Times: user=0.15 sys=0.00, real=0.01 secs] 
2016-09-13T20:32:47.766-0400: 94.813: [GC (GCLocker Initiated GC) [PSYoungGen: 177027K->27998K(195584K)] 493230K->344572K(719872K), 0.0084199 secs] [Times: user=0.08 sys=0.00, real=0.01 secs] 
2016-09-13T20:32:48.005-0400: 95.051: [GC (GCLocker Initiated GC) [PSYoungGen: 159070K->23346K(196096K)] 484929K->349375K(720384K), 0.0103615 secs] [Times: user=0.09 sys=0.00, real=0.01 secs] 
2016-09-13T20:32:48.211-0400: 95.258: [GC (GCLocker Initiated GC) [PSYoungGen: 154418K->10143K(193536K)] 486777K->342696K(717824K), 0.0059392 secs] [Times: user=0.06 sys=0.01, real=0.01 secs] 
2016-09-13T20:32:48.428-0400: 95.475: [GC (GCLocker Initiated GC) [PSYoungGen: 138143K->44986K(173056K)] 472401K->379607K(697344K), 0.0094457 secs] [Times: user=0.10 sys=0.00, real=0.01 secs] 
2016-09-13T20:32:48.657-0400: 95.704: [GC (GCLocker Initiated GC) [PSYoungGen: 172986K->40052K(196096K)] 515454K->382656K(720384K), 0.0095876 secs] [Times: user=0.08 sys=0.00, real=0.00 secs] 
2016-09-13T20:32:48.873-0400: 95.920: [GC (GCLocker Initiated GC) [PSYoungGen: 168564K->27870K(156672K)] 517360K->376772K(680960K), 0.0098350 secs] [Times: user=0.06 sys=0.01, real=0.01 secs] 
2016-09-13T20:32:49.085-0400: 96.132: [GC (GCLocker Initiated GC) [PSYoungGen: 156382K->61251K(184320K)] 505321K->411911K(708608K), 0.0199558 secs] [Times: user=0.22 sys=0.00, real=0.02 secs] 
2016-09-13T20:32:49.281-0400: 96.328: [GC (GCLocker Initiated GC) [PSYoungGen: 181059K->34068K(190976K)] 531804K->386471K(715264K), 0.0084137 secs] [Times: user=0.06 sys=0.00, real=0.01 secs] 
2016-09-13T20:32:49.486-0400: 96.533: [GC (Allocation Failure) [PSYoungGen: 153876K->24891K(186368K)] 512650K->383771K(710656K), 0.0097312 secs] [Times: user=0.05 sys=0.01, real=0.02 secs] 
2016-09-13T20:32:49.672-0400: 96.718: [GC (Allocation Failure) [PSYoungGen: 146167K->25045K(189952K)] 505048K->384077K(714240K), 0.0065326 secs] [Times: user=0.05 sys=0.00, real=0.01 secs] 
2016-09-13T20:32:49.845-0400: 96.891: [GC (GCLocker Initiated GC) [PSYoungGen: 143122K->24923K(190464K)] 508228K->390144K(714752K), 0.0108600 secs] [Times: user=0.09 sys=0.00, real=0.01 secs] 
2016-09-13T20:32:50.059-0400: 97.106: [GC (GCLocker Initiated GC) [PSYoungGen: 152923K->40078K(193024K)] 518273K->405622K(717312K), 0.0368939 secs] [Times: user=0.36 sys=0.00, real=0.04 secs] 
2016-09-13T20:32:50.299-0400: 97.346: [GC (GCLocker Initiated GC) [PSYoungGen: 168078K->61341K(183808K)] 533887K->427343K(708096K), 0.0141679 secs] [Times: user=0.12 sys=0.00, real=0.01 secs] 
2016-09-13T20:32:50.491-0400: 97.537: [GC (GCLocker Initiated GC) [PSYoungGen: 181149K->41598K(190976K)] 548851K->409518K(715264K), 0.0142822 secs] [Times: user=0.14 sys=0.00, real=0.01 secs] 
2016-09-13T20:32:50.657-0400: 97.704: [GC (GCLocker Initiated GC) [PSYoungGen: 161406K->46191K(188416K)] 529597K->420587K(712704K), 0.0102896 secs] [Times: user=0.06 sys=0.00, real=0.00 secs] 
2016-09-13T20:32:50.851-0400: 97.898: [GC (GCLocker Initiated GC) [PSYoungGen: 167535K->32543K(190464K)] 548301K->413428K(714752K), 0.0089499 secs] [Times: user=0.06 sys=0.00, real=0.01 secs] 
2016-09-13T20:32:51.050-0400: 98.097: [GC (GCLocker Initiated GC) [PSYoungGen: 153887K->26446K(190464K)] 541034K->413821K(714752K), 0.0099401 secs] [Times: user=0.08 sys=0.00, real=0.01 secs] 
2016-09-13T20:32:51.252-0400: 98.299: [GC (GCLocker Initiated GC) [PSYoungGen: 151886K->46153K(192000K)] 539267K->433752K(716288K), 0.0164892 secs] [Times: user=0.14 sys=0.00, real=0.02 secs] 
2016-09-13T20:32:51.458-0400: 98.504: [GC (Allocation Failure) [PSYoungGen: 171593K->51000K(190976K)] 559413K->439025K(715264K), 0.0138693 secs] [Times: user=0.16 sys=0.00, real=0.01 secs] 
2016-09-13T20:32:51.654-0400: 98.701: [GC (GCLocker Initiated GC) [PSYoungGen: 174097K->46409K(193024K)] 563641K->440829K(717312K), 0.0127686 secs] [Times: user=0.15 sys=0.00, real=0.01 secs] 
2016-09-13T20:32:51.859-0400: 98.906: [GC (GCLocker Initiated GC) [PSYoungGen: 170313K->46224K(191488K)] 564954K->441073K(715776K), 0.0097991 secs] [Times: user=0.10 sys=0.00, real=0.01 secs] 
2016-09-13T20:32:52.064-0400: 99.110: [GC (GCLocker Initiated GC) [PSYoungGen: 170640K->40147K(192512K)] 567248K->436870K(716800K), 0.0079609 secs] [Times: user=0.03 sys=0.00, real=0.01 secs] 
2016-09-13T20:32:52.282-0400: 99.328: [GC (GCLocker Initiated GC) [PSYoungGen: 164563K->41665K(191488K)] 564520K->441765K(715776K), 0.0194579 secs] [Times: user=0.21 sys=0.00, real=0.02 secs] 
2016-09-13T20:32:52.479-0400: 99.526: [GC (Allocation Failure) [PSYoungGen: 170177K->44667K(192000K)] 570299K->444916K(716288K), 0.0297324 secs] [Times: user=0.32 sys=0.00, real=0.03 secs] 
2016-09-13T20:32:52.698-0400: 99.745: [GC (GCLocker Initiated GC) [PSYoungGen: 171674K->49233K(197120K)] 573442K->458764K(721408K), 0.0130219 secs] [Times: user=0.14 sys=0.00, real=0.01 secs] 
2016-09-13T20:32:52.898-0400: 99.945: [GC (GCLocker Initiated GC) [PSYoungGen: 183889K->61559K(196608K)] 593614K->477553K(720896K), 0.0135259 secs] [Times: user=0.12 sys=0.00, real=0.01 secs] 
2016-09-13T20:32:53.101-0400: 100.148: [GC (Allocation Failure) [PSYoungGen: 196215K->47708K(192512K)] 612339K->464027K(716800K), 0.0229490 secs] [Times: user=0.22 sys=0.00, real=0.02 secs] 
2016-09-13T20:32:53.319-0400: 100.365: [GC (Allocation Failure) [PSYoungGen: 169769K->23218K(150528K)] 586087K->439738K(674816K), 0.0257393 secs] [Times: user=0.24 sys=0.01, real=0.02 secs] 
2016-09-13T20:32:53.532-0400: 100.578: [GC (Allocation Failure) [PSYoungGen: 150194K->41688K(195584K)] 566714K->458330K(719872K), 0.0307067 secs] [Times: user=0.32 sys=0.00, real=0.03 secs] 
2016-09-13T20:32:53.730-0400: 100.776: [GC (GCLocker Initiated GC) [PSYoungGen: 166141K->28020K(193024K)] 588858K->450928K(717312K), 0.0100191 secs] [Times: user=0.10 sys=0.00, real=0.01 secs] 
2016-09-13T20:32:53.925-0400: 100.971: [GC (GCLocker Initiated GC) [PSYoungGen: 154484K->43121K(193536K)] 577596K->466372K(717824K), 0.0347038 secs] [Times: user=0.38 sys=0.00, real=0.04 secs] 
2016-09-13T20:32:54.140-0400: 101.187: [GC (GCLocker Initiated GC) [PSYoungGen: 171633K->49320K(193024K)] 594906K->472649K(717312K), 0.0076468 secs] [Times: user=0.07 sys=0.01, real=0.01 secs] 
2016-09-13T20:32:54.373-0400: 101.420: [GC (GCLocker Initiated GC) [PSYoungGen: 177832K->29575K(197120K)] 602707K->462214K(721408K), 0.0060726 secs] [Times: user=0.07 sys=0.00, real=0.01 secs] 
2016-09-13T20:32:54.581-0400: 101.627: [GC (Allocation Failure) [PSYoungGen: 161159K->23373K(196608K)] 595473K->463988K(720896K), 0.0149301 secs] [Times: user=0.14 sys=0.01, real=0.01 secs] 
2016-09-13T20:32:54.801-0400: 101.848: [GC (GCLocker Initiated GC) [PSYoungGen: 153812K->28028K(196608K)] 600502K->474907K(720896K), 0.0069824 secs] [Times: user=0.06 sys=0.00, real=0.01 secs] 
2016-09-13T20:32:55.024-0400: 102.070: [GC (GCLocker Initiated GC) [PSYoungGen: 159612K->49192K(181248K)] 606592K->496429K(705536K), 0.0143971 secs] [Times: user=0.12 sys=0.00, real=0.02 secs] 
2016-09-13T20:32:55.235-0400: 102.282: [GC (GCLocker Initiated GC) [PSYoungGen: 180776K->26505K(196608K)] 628098K->473957K(720896K), 0.0130054 secs] [Times: user=0.12 sys=0.00, real=0.02 secs] 
2016-09-13T20:32:55.439-0400: 102.485: [GC (GCLocker Initiated GC) [PSYoungGen: 156553K->33946K(164352K)] 604069K->481682K(688640K), 0.0261312 secs] [Times: user=0.29 sys=0.01, real=0.02 secs] 
2016-09-13T20:32:55.655-0400: 102.702: [GC (GCLocker Initiated GC) [PSYoungGen: 163994K->15997K(192512K)] 623902K->483686K(716800K), 0.0104969 secs] [Times: user=0.12 sys=0.00, real=0.01 secs] 
2016-09-13T20:32:55.855-0400: 102.902: [GC (GCLocker Initiated GC) [PSYoungGen: 145021K->46280K(193536K)] 612894K->524994K(717824K), 0.0284178 secs] [Times: user=0.27 sys=0.01, real=0.03 secs] 
2016-09-13T20:32:56.086-0400: 103.133: [GC (Allocation Failure) [PSYoungGen: 175304K->32677K(194048K)] 655562K->513194K(718336K), 0.0264458 secs] [Times: user=0.32 sys=0.01, real=0.03 secs] 
2016-09-13T20:32:56.282-0400: 103.329: [GC (GCLocker Initiated GC) [PSYoungGen: 164261K->41793K(195072K)] 644781K->528630K(719360K), 0.0258448 secs] [Times: user=0.31 sys=0.01, real=0.03 secs] 
2016-09-13T20:32:56.502-0400: 103.548: [GC (Allocation Failure) [PSYoungGen: 173377K->9741K(195072K)] 667941K->504637K(719360K), 0.0258384 secs] [Times: user=0.34 sys=0.01, real=0.02 secs] 
2016-09-13T20:32:56.707-0400: 103.754: [GC (GCLocker Initiated GC) [PSYoungGen: 141837K->47805K(180224K)] 636736K->547497K(704512K), 0.0220538 secs] [Times: user=0.25 sys=0.00, real=0.03 secs] 
2016-09-13T20:32:56.926-0400: 103.972: [GC (GCLocker Initiated GC) [PSYoungGen: 179901K->44758K(194048K)] 679612K->550702K(718336K), 0.0079876 secs] [Times: user=0.07 sys=0.00, real=0.01 secs] 
2016-09-13T20:32:57.120-0400: 104.167: [GC (GCLocker Initiated GC) [PSYoungGen: 171734K->33759K(160768K)] 677848K->544543K(685056K), 0.0239264 secs] [Times: user=0.20 sys=0.00, real=0.02 secs] 
2016-09-13T20:32:57.341-0400: 104.388: [GC (GCLocker Initiated GC) [PSYoungGen: 160735K->20430K(192000K)] 673053K->532829K(716288K), 0.0058149 secs] [Times: user=0.05 sys=0.00, real=0.00 secs] 
2016-09-13T20:32:57.546-0400: 104.593: [GC (Allocation Failure) [PSYoungGen: 147918K->14265K(192000K)] 660437K->527043K(716288K), 0.0048894 secs] [Times: user=0.04 sys=0.00, real=0.01 secs] 
2016-09-13T20:32:57.742-0400: 104.789: [GC (GCLocker Initiated GC) [PSYoungGen: 141753K->41474K(197120K)] 654538K->559025K(721408K), 0.0149190 secs] [Times: user=0.15 sys=0.00, real=0.02 secs] 
2016-09-13T20:32:57.757-0400: 104.804: [Full GC (Ergonomics) [PSYoungGen: 41474K->0K(197120K)] [ParOldGen: 517550K->37634K(524288K)] 559025K->37634K(721408K), [Metaspace: 44526K->44526K(1087488K)], 0.0538139 secs] [Times: user=0.28 sys=0.02, real=0.05 secs] 
2016-09-13T20:32:57.976-0400: 105.023: [GC (GCLocker Initiated GC) [PSYoungGen: 132096K->45075K(177664K)] 169734K->82714K(701952K), 0.0136650 secs] [Times: user=0.15 sys=0.01, real=0.01 secs] 
2016-09-13T20:32:58.187-0400: 105.234: [GC (GCLocker Initiated GC) [PSYoungGen: 177171K->30903K(198656K)] 214911K->79758K(722944K), 0.0228410 secs] [Times: user=0.21 sys=0.00, real=0.03 secs] 
2016-09-13T20:32:58.431-0400: 105.478: [GC (GCLocker Initiated GC) [PSYoungGen: 163511K->39992K(173056K)] 215487K->96581K(697344K), 0.0335746 secs] [Times: user=0.34 sys=0.00, real=0.03 secs] 
2016-09-13T20:32:58.647-0400: 105.694: [GC (GCLocker Initiated GC) [PSYoungGen: 172600K->11382K(194560K)] 241461K->80386K(718848K), 0.0219497 secs] [Times: user=0.20 sys=0.01, real=0.03 secs] 
2016-09-13T20:32:58.862-0400: 105.909: [GC (GCLocker Initiated GC) [PSYoungGen: 142966K->38592K(195584K)] 213625K->109382K(719872K), 0.0148107 secs] [Times: user=0.14 sys=0.00, real=0.02 secs] 
2016-09-13T20:32:59.073-0400: 106.120: [GC (GCLocker Initiated GC) [PSYoungGen: 170176K->43174K(197632K)] 241007K->114053K(721920K), 0.0276098 secs] [Times: user=0.28 sys=0.01, real=0.03 secs] 
2016-09-13T20:32:59.301-0400: 106.348: [GC (GCLocker Initiated GC) [PSYoungGen: 177318K->55459K(189952K)] 254297K->132769K(714240K), 0.0089131 secs] [Times: user=0.09 sys=0.00, real=0.01 secs] 
2016-09-13T20:32:59.524-0400: 106.571: [GC (GCLocker Initiated GC) [PSYoungGen: 189603K->24737K(194560K)] 266939K->108263K(718848K), 0.0324519 secs] [Times: user=0.32 sys=0.00, real=0.04 secs] 
2016-09-13T20:32:59.722-0400: 106.768: [GC (GCLocker Initiated GC) [PSYoungGen: 150177K->55395K(181248K)] 233898K->145286K(705536K), 0.0146023 secs] [Times: user=0.14 sys=0.00, real=0.02 secs] 
2016-09-13T20:32:59.919-0400: 106.965: [GC (Allocation Failure) [PSYoungGen: 180835K->37046K(193536K)] 270748K->133224K(717824K), 0.0131961 secs] [Times: user=0.12 sys=0.00, real=0.01 secs] 
2016-09-13T20:33:00.121-0400: 107.167: [GC (Allocation Failure) [PSYoungGen: 155481K->24954K(146432K)] 251659K->128911K(670720K), 0.0191502 secs] [Times: user=0.17 sys=0.00, real=0.02 secs] 
2016-09-13T20:33:00.306-0400: 107.353: [GC (GCLocker Initiated GC) [PSYoungGen: 140921K->35810K(192000K)] 250954K->146151K(716288K), 0.0314084 secs] [Times: user=0.35 sys=0.00, real=0.04 secs] 
2016-09-13T20:33:00.521-0400: 107.568: [GC (GCLocker Initiated GC) [PSYoungGen: 160226K->26474K(188928K)] 270582K->136952K(713216K), 0.0123594 secs] [Times: user=0.10 sys=0.00, real=0.01 secs] 
2016-09-13T20:33:00.705-0400: 107.752: [GC (GCLocker Initiated GC) [PSYoungGen: 150890K->49318K(190464K)] 261528K->160185K(714752K), 0.0233995 secs] [Times: user=0.21 sys=0.01, real=0.03 secs] 
2016-09-13T20:33:00.911-0400: 107.958: [GC (GCLocker Initiated GC) [PSYoungGen: 176806K->44602K(193024K)] 289261K->160257K(717312K), 0.0346217 secs] [Times: user=0.30 sys=0.00, real=0.03 secs] 
2016-09-13T20:33:01.104-0400: 108.151: [GC (GCLocker Initiated GC) [PSYoungGen: 172090K->46409K(194560K)] 288064K->162608K(718848K), 0.0176529 secs] [Times: user=0.19 sys=0.00, real=0.02 secs] 
2016-09-13T20:33:01.331-0400: 108.378: [GC (GCLocker Initiated GC) [PSYoungGen: 175433K->38693K(167936K)] 291654K->155246K(692224K), 0.0129878 secs] [Times: user=0.15 sys=0.00, real=0.01 secs] 
2016-09-13T20:33:01.549-0400: 108.596: [GC (GCLocker Initiated GC) [PSYoungGen: 167717K->24892K(194560K)] 290486K->162976K(718848K), 0.0065997 secs] [Times: user=0.05 sys=0.00, real=0.01 secs] 
2016-09-13T20:33:01.800-0400: 108.847: [GC (GCLocker Initiated GC) [PSYoungGen: 155452K->21944K(194048K)] 295107K->161705K(718336K), 0.0234260 secs] [Times: user=0.26 sys=0.00, real=0.02 secs] 
2016-09-13T20:33:02.014-0400: 109.061: [GC (GCLocker Initiated GC) [PSYoungGen: 152504K->41630K(198144K)] 303414K->192718K(722432K), 0.0116197 secs] [Times: user=0.09 sys=0.00, real=0.01 secs] 
2016-09-13T20:33:02.228-0400: 109.274: [GC (GCLocker Initiated GC) [PSYoungGen: 176798K->41566K(198144K)] 327933K->198899K(722432K), 0.0274928 secs] [Times: user=0.23 sys=0.00, real=0.03 secs] 
2016-09-13T20:33:02.432-0400: 109.478: [GC (GCLocker Initiated GC) [PSYoungGen: 176734K->32681K(195584K)] 334097K->196266K(719872K), 0.0139514 secs] [Times: user=0.13 sys=0.00, real=0.01 secs] 
2016-09-13T20:33:02.662-0400: 109.708: [GC (GCLocker Initiated GC) [PSYoungGen: 169385K->9688K(197120K)] 345145K->190214K(721408K), 0.0121137 secs] [Times: user=0.11 sys=0.00, real=0.01 secs] 
2016-09-13T20:33:02.865-0400: 109.911: [GC (GCLocker Initiated GC) [PSYoungGen: 146392K->41729K(199680K)] 326924K->223852K(723968K), 0.0127876 secs] [Times: user=0.11 sys=0.00, real=0.02 secs] 
2016-09-13T20:33:03.098-0400: 110.145: [GC (GCLocker Initiated GC) [PSYoungGen: 178945K->49600K(186880K)] 362775K->238258K(711168K), 0.0199389 secs] [Times: user=0.23 sys=0.00, real=0.02 secs] 
2016-09-13T20:33:03.301-0400: 110.348: [GC (GCLocker Initiated GC) [PSYoungGen: 186816K->50748K(191488K)] 375563K->239776K(715776K), 0.0143695 secs] [Times: user=0.15 sys=0.00, real=0.02 secs] 
2016-09-13T20:33:03.499-0400: 110.546: [GC (GCLocker Initiated GC) [PSYoungGen: 176700K->59954K(186368K)] 365945K->250940K(710656K), 0.0098811 secs] [Times: user=0.10 sys=0.00, real=0.01 secs] 
2016-09-13T20:33:03.725-0400: 110.772: [GC (GCLocker Initiated GC) [PSYoungGen: 185906K->43212K(190976K)] 377017K->234516K(715264K), 0.0164712 secs] [Times: user=0.16 sys=0.00, real=0.02 secs] 
2016-09-13T20:33:03.932-0400: 110.979: [GC (GCLocker Initiated GC) [PSYoungGen: 160972K->41629K(159744K)] 352470K->233438K(684032K), 0.0133468 secs] [Times: user=0.12 sys=0.00, real=0.01 secs] 
2016-09-13T20:33:04.122-0400: 111.169: [GC (GCLocker Initiated GC) [PSYoungGen: 159389K->63237K(181248K)] 352902K->257058K(705536K), 0.0133713 secs] [Times: user=0.14 sys=0.00, real=0.01 secs] 
2016-09-13T20:33:04.298-0400: 111.345: [GC (GCLocker Initiated GC) [PSYoungGen: 175365K->40047K(186880K)] 378451K->247840K(711168K), 0.0232412 secs] [Times: user=0.20 sys=0.01, real=0.02 secs] 
2016-09-13T20:33:04.499-0400: 111.545: [GC (GCLocker Initiated GC) [PSYoungGen: 152175K->28029K(183808K)] 366201K->242294K(708096K), 0.0099184 secs] [Times: user=0.08 sys=0.01, real=0.01 secs] 
2016-09-13T20:33:04.681-0400: 111.728: [GC (GCLocker Initiated GC) [PSYoungGen: 143740K->46281K(186880K)] 358201K->260940K(711168K), 0.0148996 secs] [Times: user=0.11 sys=0.00, real=0.02 secs] 
2016-09-13T20:33:04.858-0400: 111.905: [GC (GCLocker Initiated GC) [PSYoungGen: 161993K->43184K(185856K)] 376749K->258184K(710144K), 0.0099802 secs] [Times: user=0.09 sys=0.00, real=0.01 secs] 
2016-09-13T20:33:05.049-0400: 112.096: [GC (GCLocker Initiated GC) [PSYoungGen: 164016K->43212K(188928K)] 379070K->258443K(713216K), 0.0218779 secs] [Times: user=0.20 sys=0.00, real=0.02 secs] 
2016-09-13T20:33:05.255-0400: 112.301: [GC (GCLocker Initiated GC) [PSYoungGen: 164044K->53871K(192000K)] 379418K->269454K(716288K), 0.0142598 secs] [Times: user=0.14 sys=0.00, real=0.02 secs] 
2016-09-13T20:33:05.458-0400: 112.505: [GC (GCLocker Initiated GC) [PSYoungGen: 179823K->43243K(194048K)] 395409K->260494K(718336K), 0.0166236 secs] [Times: user=0.17 sys=0.00, real=0.01 secs] 
2016-09-13T20:33:05.679-0400: 112.726: [GC (GCLocker Initiated GC) [PSYoungGen: 169195K->47837K(193024K)] 386668K->265716K(717312K), 0.0334238 secs] [Times: user=0.38 sys=0.00, real=0.03 secs] 
2016-09-13T20:33:05.884-0400: 112.930: [GC (Allocation Failure) [PSYoungGen: 175837K->46408K(193536K)] 395323K->275248K(717824K), 0.0068595 secs] [Times: user=0.07 sys=0.00, real=0.01 secs] 
2016-09-13T20:33:06.075-0400: 113.122: [GC (GCLocker Initiated GC) [PSYoungGen: 174408K->41630K(193024K)] 403251K->270674K(717312K), 0.0101490 secs] [Times: user=0.09 sys=0.00, real=0.01 secs] 
2016-09-13T20:33:06.299-0400: 113.346: [GC (GCLocker Initiated GC) [PSYoungGen: 173726K->46277K(194560K)] 409135K->281816K(718848K), 0.0253447 secs] [Times: user=0.25 sys=0.00, real=0.02 secs] 
2016-09-13T20:33:06.499-0400: 113.546: [GC (GCLocker Initiated GC) [PSYoungGen: 178373K->46466K(197120K)] 415593K->288498K(721408K), 0.0060290 secs] [Times: user=0.04 sys=0.02, real=0.00 secs] 
2016-09-13T20:33:06.742-0400: 113.788: [GC (Allocation Failure) [PSYoungGen: 184194K->21795K(198656K)] 432650K->279857K(722944K), 0.0100799 secs] [Times: user=0.09 sys=0.00, real=0.01 secs] 
2016-09-13T20:33:06.967-0400: 114.013: [GC (Allocation Failure) [PSYoungGen: 159523K->27865K(198144K)] 417585K->286049K(722432K), 0.0121304 secs] [Times: user=0.12 sys=0.00, real=0.02 secs] 
2016-09-13T20:33:07.206-0400: 114.253: [GC (GCLocker Initiated GC) [PSYoungGen: 162354K->26383K(198656K)] 422056K->286208K(722944K), 0.0142997 secs] [Times: user=0.15 sys=0.00, real=0.02 secs] 
2016-09-13T20:33:07.441-0400: 114.488: [GC (Allocation Failure) [PSYoungGen: 161551K->43149K(196608K)] 421461K->303182K(720896K), 0.0255507 secs] [Times: user=0.26 sys=0.00, real=0.02 secs] 
2016-09-13T20:33:07.644-0400: 114.691: [GC (GCLocker Initiated GC) [PSYoungGen: 176326K->18975K(197632K)] 442435K->285312K(721920K), 0.0083042 secs] [Times: user=0.07 sys=0.00, real=0.01 secs] 
2016-09-13T20:33:07.882-0400: 114.929: [GC (GCLocker Initiated GC) [PSYoungGen: 154143K->20403K(198144K)] 428083K->294529K(722432K), 0.0146624 secs] [Times: user=0.15 sys=0.00, real=0.02 secs] 
2016-09-13T20:33:08.125-0400: 115.172: [GC (GCLocker Initiated GC) [PSYoungGen: 154547K->41879K(176128K)] 430206K->317771K(700416K), 0.0120184 secs] [Times: user=0.11 sys=0.01, real=0.02 secs] 
2016-09-13T20:33:08.331-0400: 115.377: [GC (GCLocker Initiated GC) [PSYoungGen: 176023K->63153K(184320K)] 451939K->345519K(708608K), 0.0218515 secs] [Times: user=0.23 sys=0.01, real=0.02 secs] 
2016-09-13T20:33:08.522-0400: 115.568: [GC (GCLocker Initiated GC) [PSYoungGen: 183985K->43455K(191488K)] 469567K->329188K(715776K), 0.0228418 secs] [Times: user=0.21 sys=0.01, real=0.02 secs] 
2016-09-13T20:33:08.718-0400: 115.764: [GC (GCLocker Initiated GC) [PSYoungGen: 164287K->27961K(187904K)] 451767K->315831K(712192K), 0.0325308 secs] [Times: user=0.29 sys=0.00, real=0.03 secs] 
2016-09-13T20:33:08.921-0400: 115.968: [GC (GCLocker Initiated GC) [PSYoungGen: 150329K->46313K(190464K)] 439802K->335882K(714752K), 0.0179929 secs] [Times: user=0.21 sys=0.00, real=0.02 secs] 
2016-09-13T20:33:09.111-0400: 116.158: [GC (GCLocker Initiated GC) [PSYoungGen: 168681K->22135K(194048K)] 462996K->316646K(718336K), 0.0121196 secs] [Times: user=0.10 sys=0.00, real=0.01 secs] 
2016-09-13T20:33:09.308-0400: 116.354: [GC (GCLocker Initiated GC) [PSYoungGen: 148087K->32555K(158720K)] 444186K->333460K(683008K), 0.0259303 secs] [Times: user=0.29 sys=0.01, real=0.02 secs] 
2016-09-13T20:33:09.533-0400: 116.579: [GC (Allocation Failure) [PSYoungGen: 158507K->6729K(189952K)] 465719K->321665K(714240K), 0.0166503 secs] [Times: user=0.21 sys=0.00, real=0.02 secs] 
2016-09-13T20:33:09.734-0400: 116.781: [GC (GCLocker Initiated GC) [PSYoungGen: 130633K->41762K(192000K)] 445569K->356979K(716288K), 0.0130471 secs] [Times: user=0.14 sys=0.00, real=0.01 secs] 
2016-09-13T20:33:09.938-0400: 116.985: [GC (GCLocker Initiated GC) [PSYoungGen: 165666K->27993K(189440K)] 486962K->349416K(713728K), 0.0181716 secs] [Times: user=0.19 sys=0.01, real=0.02 secs] 
2016-09-13T20:33:10.125-0400: 117.171: [GC (GCLocker Initiated GC) [PSYoungGen: 154457K->47682K(192000K)] 475893K->369307K(716288K), 0.0067562 secs] [Times: user=0.07 sys=0.00, real=0.01 secs] 
2016-09-13T20:33:10.334-0400: 117.381: [GC (Allocation Failure) [PSYoungGen: 174146K->23585K(195584K)] 502196K->356425K(719872K), 0.0090352 secs] [Times: user=0.08 sys=0.00, real=0.01 secs] 
2016-09-13T20:33:10.541-0400: 117.588: [GC (GCLocker Initiated GC) [PSYoungGen: 146967K->26377K(154624K)] 485882K->365552K(678912K), 0.0079987 secs] [Times: user=0.07 sys=0.00, real=0.01 secs] 
2016-09-13T20:33:10.754-0400: 117.801: [GC (GCLocker Initiated GC) [PSYoungGen: 154377K->26351K(194560K)] 495317K->367475K(718848K), 0.0457021 secs] [Times: user=0.45 sys=0.00, real=0.05 secs] 
2016-09-13T20:33:11.003-0400: 118.050: [GC (GCLocker Initiated GC) [PSYoungGen: 156399K->46313K(192512K)] 497752K->387908K(716800K), 0.0251159 secs] [Times: user=0.23 sys=0.00, real=0.03 secs] 
2016-09-13T20:33:11.215-0400: 118.261: [GC (GCLocker Initiated GC) [PSYoungGen: 176361K->64502K(166912K)] 524050K->430633K(691200K), 0.0214757 secs] [Times: user=0.22 sys=0.01, real=0.03 secs] 
2016-09-13T20:33:11.366-0400: 118.412: [GC (Allocation Failure) [PSYoungGen: 166902K->30970K(182272K)] 533318K->437028K(706560K), 0.0231277 secs] [Times: user=0.22 sys=0.00, real=0.03 secs] 
2016-09-13T20:33:11.565-0400: 118.612: [GC (GCLocker Initiated GC) [PSYoungGen: 133370K->23499K(177152K)] 545503K->435802K(701440K), 0.0321009 secs] [Times: user=0.34 sys=0.00, real=0.04 secs] 
2016-09-13T20:33:11.735-0400: 118.781: [GC (Allocation Failure) [PSYoungGen: 128971K->23341K(181248K)] 549105K->443872K(705536K), 0.0097694 secs] [Times: user=0.09 sys=0.00, real=0.01 secs] 
2016-09-13T20:33:11.887-0400: 118.934: [GC (GCLocker Initiated GC) [PSYoungGen: 122944K->29579K(178688K)] 549551K->456391K(702976K), 0.0215670 secs] [Times: user=0.22 sys=0.00, real=0.03 secs] 
2016-09-13T20:33:12.066-0400: 119.113: [GC (GCLocker Initiated GC) [PSYoungGen: 141707K->49256K(183296K)] 568616K->476387K(707584K), 0.0355583 secs] [Times: user=0.43 sys=0.00, real=0.04 secs] 
2016-09-13T20:33:12.256-0400: 119.303: [GC (Allocation Failure) [PSYoungGen: 161384K->29639K(188416K)] 594631K->464493K(712704K), 0.0274188 secs] [Times: user=0.30 sys=0.00, real=0.02 secs] 
2016-09-13T20:33:12.469-0400: 119.516: [GC (GCLocker Initiated GC) [PSYoungGen: 147911K->29484K(188928K)] 582768K->472196K(713216K), 0.0067786 secs] [Times: user=0.05 sys=0.00, real=0.01 secs] 
2016-09-13T20:33:12.656-0400: 119.703: [GC (Allocation Failure) [PSYoungGen: 147756K->12678K(188928K)] 604209K->469331K(713216K), 0.0241172 secs] [Times: user=0.23 sys=0.00, real=0.02 secs] 
2016-09-13T20:33:12.861-0400: 119.908: [GC (GCLocker Initiated GC) [PSYoungGen: 130439K->27902K(189440K)] 593168K->492280K(713728K), 0.0054913 secs] [Times: user=0.03 sys=0.00, real=0.00 secs] 
2016-09-13T20:33:13.057-0400: 120.104: [GC (Allocation Failure) [PSYoungGen: 148734K->43149K(189952K)] 613293K->507764K(714240K), 0.0218456 secs] [Times: user=0.21 sys=0.01, real=0.02 secs] 
2016-09-13T20:33:13.251-0400: 120.298: [GC (GCLocker Initiated GC) [PSYoungGen: 167325K->44635K(190976K)] 633459K->510841K(715264K), 0.0211582 secs] [Times: user=0.20 sys=0.01, real=0.02 secs] 
2016-09-13T20:33:13.494-0400: 120.540: [GC (GCLocker Initiated GC) [PSYoungGen: 169051K->9830K(193536K)] 647637K->488554K(717824K), 0.0112521 secs] [Times: user=0.12 sys=0.00, real=0.01 secs] 
2016-09-13T20:33:13.699-0400: 120.746: [GC (GCLocker Initiated GC) [PSYoungGen: 135782K->28302K(154624K)] 630000K->522827K(678912K), 0.0098940 secs] [Times: user=0.11 sys=0.00, real=0.01 secs] 
2016-09-13T20:33:13.909-0400: 120.956: [GC (Allocation Failure) [PSYoungGen: 154254K->32645K(195072K)] 648802K->527414K(719360K), 0.0233265 secs] [Times: user=0.22 sys=0.00, real=0.02 secs] 
2016-09-13T20:33:14.124-0400: 121.171: [GC (GCLocker Initiated GC) [PSYoungGen: 162181K->43206K(192000K)] 656952K->542810K(716288K), 0.0235434 secs] [Times: user=0.25 sys=0.00, real=0.02 secs] 
2016-09-13T20:33:14.310-0400: 121.357: [GC (GCLocker Initiated GC) [PSYoungGen: 172742K->49260K(192512K)] 672377K->549213K(716800K), 0.0143283 secs] [Times: user=0.14 sys=0.00, real=0.01 secs] 
2016-09-13T20:33:14.537-0400: 121.584: [GC (GCLocker Initiated GC) [PSYoungGen: 178284K->41534K(195584K)] 678413K->549482K(719872K), 0.0275669 secs] [Times: user=0.25 sys=0.00, real=0.02 secs] 
2016-09-13T20:33:14.741-0400: 121.788: [Full GC (Ergonomics) [PSYoungGen: 170558K->0K(195584K)] [ParOldGen: 515577K->41205K(524288K)] 686135K->41205K(719872K), [Metaspace: 44562K->44562K(1087488K)], 0.0670196 secs] [Times: user=0.40 sys=0.01, real=0.07 secs] 
2016-09-13T20:33:14.972-0400: 122.018: [GC (GCLocker Initiated GC) [PSYoungGen: 129024K->36054K(189952K)] 173444K->80474K(714240K), 0.0372176 secs] [Times: user=0.43 sys=0.00, real=0.04 secs] 
2016-09-13T20:33:15.204-0400: 122.251: [GC (GCLocker Initiated GC) [PSYoungGen: 165590K->46224K(193024K)] 211638K->103397K(717312K), 0.0203348 secs] [Times: user=0.24 sys=0.00, real=0.02 secs] 
2016-09-13T20:33:15.420-0400: 122.466: [GC (GCLocker Initiated GC) [PSYoungGen: 175760K->46256K(195584K)] 232957K->111159K(719872K), 0.0140073 secs] [Times: user=0.18 sys=0.00, real=0.01 secs] 
2016-09-13T20:33:15.615-0400: 122.662: [GC (GCLocker Initiated GC) [PSYoungGen: 177328K->55549K(186880K)] 242272K->120714K(711168K), 0.0215980 secs] [Times: user=0.24 sys=0.00, real=0.03 secs] 
2016-09-13T20:33:15.841-0400: 122.887: [GC (GCLocker Initiated GC) [PSYoungGen: 186621K->32549K(194560K)] 251812K->108581K(718848K), 0.0184939 secs] [Times: user=0.18 sys=0.00, real=0.02 secs] 
2016-09-13T20:33:16.048-0400: 123.094: [GC (GCLocker Initiated GC) [PSYoungGen: 157989K->29569K(155136K)] 240175K->116374K(679424K), 0.0252803 secs] [Times: user=0.27 sys=0.01, real=0.03 secs] 
2016-09-13T20:33:16.262-0400: 123.308: [GC (GCLocker Initiated GC) [PSYoungGen: 155009K->10114K(189440K)] 255678K->111104K(713728K), 0.0029008 secs] [Times: user=0.02 sys=0.01, real=0.00 secs] 
2016-09-13T20:33:16.489-0400: 123.535: [GC (GCLocker Initiated GC) [PSYoungGen: 133506K->28089K(191488K)] 240575K->135329K(715776K), 0.0114506 secs] [Times: user=0.14 sys=0.00, real=0.01 secs] 
2016-09-13T20:33:16.701-0400: 123.748: [GC (GCLocker Initiated GC) [PSYoungGen: 151481K->43057K(194048K)] 266331K->158037K(718336K), 0.0196629 secs] [Times: user=0.18 sys=0.00, real=0.02 secs] 
2016-09-13T20:33:16.900-0400: 123.947: [GC (GCLocker Initiated GC) [PSYoungGen: 171057K->29756K(194048K)] 298553K->162061K(718336K), 0.0210152 secs] [Times: user=0.23 sys=0.00, real=0.02 secs] 
2016-09-13T20:33:17.098-0400: 124.145: [GC (GCLocker Initiated GC) [PSYoungGen: 157756K->63202K(182784K)] 291775K->203619K(707072K), 0.0140219 secs] [Times: user=0.17 sys=0.00, real=0.01 secs] 
2016-09-13T20:33:17.297-0400: 124.344: [GC (GCLocker Initiated GC) [PSYoungGen: 181986K->40174K(190464K)] 328507K->186834K(714752K), 0.0240811 secs] [Times: user=0.27 sys=0.00, real=0.02 secs] 
2016-09-13T20:33:17.501-0400: 124.548: [GC (GCLocker Initiated GC) [PSYoungGen: 158958K->58367K(183808K)] 305864K->211565K(708096K), 0.0122914 secs] [Times: user=0.11 sys=0.01, real=0.01 secs] 
2016-09-13T20:33:17.691-0400: 124.737: [GC (GCLocker Initiated GC) [PSYoungGen: 173055K->26447K(188416K)] 333981K->187562K(712704K), 0.0173518 secs] [Times: user=0.18 sys=0.00, real=0.02 secs] 
2016-09-13T20:33:17.909-0400: 124.956: [GC (GCLocker Initiated GC) [PSYoungGen: 141135K->23527K(185344K)] 319138K->201668K(709632K), 0.0270463 secs] [Times: user=0.30 sys=0.00, real=0.03 secs] 
2016-09-13T20:33:18.107-0400: 125.154: [GC (GCLocker Initiated GC) [PSYoungGen: 139239K->46159K(187392K)] 323647K->230768K(711680K), 0.0114730 secs] [Times: user=0.10 sys=0.00, real=0.02 secs] 
2016-09-13T20:33:18.306-0400: 125.352: [GC (GCLocker Initiated GC) [PSYoungGen: 161871K->29447K(186368K)] 346539K->214238K(710656K), 0.0110583 secs] [Times: user=0.08 sys=0.00, real=0.02 secs] 
2016-09-13T20:33:18.478-0400: 125.524: [GC (Allocation Failure) [PSYoungGen: 148231K->60041K(179200K)] 334683K->246718K(703488K), 0.0106168 secs] [Times: user=0.10 sys=0.00, real=0.01 secs] 
2016-09-13T20:33:18.665-0400: 125.712: [GC (GCLocker Initiated GC) [PSYoungGen: 177438K->40205K(190464K)] 365633K->246820K(714752K), 0.0094526 secs] [Times: user=0.08 sys=0.00, real=0.01 secs] 
2016-09-13T20:33:18.849-0400: 125.896: [GC (GCLocker Initiated GC) [PSYoungGen: 155405K->41697K(157184K)] 362258K->248736K(681472K), 0.0223523 secs] [Times: user=0.23 sys=0.00, real=0.02 secs] 
2016-09-13T20:33:19.051-0400: 126.097: [GC (GCLocker Initiated GC) [PSYoungGen: 156897K->38726K(187904K)] 370036K->252074K(712192K), 0.0140725 secs] [Times: user=0.15 sys=0.00, real=0.01 secs] 
2016-09-13T20:33:19.255-0400: 126.302: [GC (Allocation Failure) [PSYoungGen: 156998K->25109K(184832K)] 376537K->261667K(709120K), 0.0104530 secs] [Times: user=0.11 sys=0.00, real=0.01 secs] 
2016-09-13T20:33:19.475-0400: 126.522: [GC (GCLocker Initiated GC) [PSYoungGen: 142139K->50742K(190976K)] 380216K->289020K(715264K), 0.0207884 secs] [Times: user=0.22 sys=0.01, real=0.03 secs] 
2016-09-13T20:33:19.656-0400: 126.702: [GC (GCLocker Initiated GC) [PSYoungGen: 175158K->38559K(192512K)] 414962K->278419K(716800K), 0.0096057 secs] [Times: user=0.08 sys=0.00, real=0.00 secs] 
2016-09-13T20:33:19.849-0400: 126.896: [GC (GCLocker Initiated GC) [PSYoungGen: 162975K->29542K(193024K)] 408918K->275674K(717312K), 0.0191849 secs] [Times: user=0.20 sys=0.00, real=0.02 secs] 
2016-09-13T20:33:20.055-0400: 127.102: [GC (Allocation Failure) [PSYoungGen: 158054K->52419K(193024K)] 404418K->303607K(717312K), 0.0143467 secs] [Times: user=0.14 sys=0.00, real=0.02 secs] 
2016-09-13T20:33:20.273-0400: 127.320: [GC (GCLocker Initiated GC) [PSYoungGen: 180931K->41570K(195584K)] 432120K->297615K(719872K), 0.0163171 secs] [Times: user=0.18 sys=0.00, real=0.02 secs] 
2016-09-13T20:33:20.499-0400: 127.545: [GC (GCLocker Initiated GC) [PSYoungGen: 171618K->28150K(195072K)] 443021K->299754K(719360K), 0.0291806 secs] [Times: user=0.30 sys=0.00, real=0.03 secs] 
2016-09-13T20:33:20.723-0400: 127.770: [GC (GCLocker Initiated GC) [PSYoungGen: 158198K->40015K(194048K)] 430028K->311980K(718336K), 0.0218960 secs] [Times: user=0.23 sys=0.00, real=0.02 secs] 
2016-09-13T20:33:20.919-0400: 127.965: [GC (GCLocker Initiated GC) [PSYoungGen: 172623K->49292K(195072K)] 444826K->321700K(719360K), 0.0104641 secs] [Times: user=0.09 sys=0.00, real=0.01 secs] 
2016-09-13T20:33:21.150-0400: 128.196: [GC (GCLocker Initiated GC) [PSYoungGen: 181900K->5084K(190976K)] 457348K->289795K(715264K), 0.0213917 secs] [Times: user=0.21 sys=0.01, real=0.02 secs] 
2016-09-13T20:33:21.355-0400: 128.401: [GC (Allocation Failure) [PSYoungGen: 132060K->38714K(194560K)] 417121K->323996K(718848K), 0.0106021 secs] [Times: user=0.10 sys=0.00, real=0.01 secs] 
2016-09-13T20:33:21.539-0400: 128.585: [GC (GCLocker Initiated GC) [PSYoungGen: 165690K->44481K(193024K)] 450980K->329897K(717312K), 0.0220861 secs] [Times: user=0.16 sys=0.00, real=0.02 secs] 
2016-09-13T20:33:21.749-0400: 128.796: [GC (GCLocker Initiated GC) [PSYoungGen: 173505K->27966K(194560K)] 460590K->315265K(718848K), 0.0101870 secs] [Times: user=0.10 sys=0.00, real=0.01 secs] 
2016-09-13T20:33:22.011-0400: 129.058: [GC (Allocation Failure) [PSYoungGen: 156990K->5120K(192512K)] 456463K->304818K(716800K), 0.0400182 secs] [Times: user=0.44 sys=0.01, real=0.04 secs] 
2016-09-13T20:33:22.224-0400: 129.270: [GC (GCLocker Initiated GC) [PSYoungGen: 133120K->43181K(195072K)] 432824K->343020K(719360K), 0.0101609 secs] [Times: user=0.10 sys=0.00, real=0.01 secs] 
2016-09-13T20:33:22.410-0400: 129.456: [GC (GCLocker Initiated GC) [PSYoungGen: 171181K->30975K(189952K)] 471194K->331119K(714240K), 0.0244897 secs] [Times: user=0.25 sys=0.01, real=0.02 secs] 
2016-09-13T20:33:22.651-0400: 129.698: [GC (Allocation Failure) [PSYoungGen: 158975K->43211K(192512K)] 465477K->354462K(716800K), 0.0108305 secs] [Times: user=0.10 sys=0.00, real=0.01 secs] 
2016-09-13T20:33:22.844-0400: 129.891: [GC (GCLocker Initiated GC) [PSYoungGen: 166107K->9762K(195072K)] 483433K->327273K(719360K), 0.0128375 secs] [Times: user=0.11 sys=0.00, real=0.02 secs] 
2016-09-13T20:33:23.048-0400: 130.094: [GC (GCLocker Initiated GC) [PSYoungGen: 139810K->24827K(155136K)] 463486K->348601K(679424K), 0.0166164 secs] [Times: user=0.14 sys=0.00, real=0.01 secs] 
2016-09-13T20:33:23.259-0400: 130.306: [GC (Allocation Failure) [PSYoungGen: 154875K->41666K(194560K)] 478701K->368772K(718848K), 0.0104585 secs] [Times: user=0.10 sys=0.00, real=0.01 secs] 
2016-09-13T20:33:23.467-0400: 130.514: [GC (GCLocker Initiated GC) [PSYoungGen: 170787K->40205K(195072K)] 499411K->369019K(719360K), 0.0149196 secs] [Times: user=0.12 sys=0.00, real=0.02 secs] 
2016-09-13T20:33:23.697-0400: 130.743: [GC (Allocation Failure) [PSYoungGen: 170765K->39988K(196608K)] 499791K->369215K(720896K), 0.0146378 secs] [Times: user=0.12 sys=0.01, real=0.01 secs] 
2016-09-13T20:33:23.886-0400: 130.933: [GC (Allocation Failure) [PSYoungGen: 173495K->41443K(197120K)] 502722K->370710K(721408K), 0.0289656 secs] [Times: user=0.26 sys=0.01, real=0.03 secs] 
2016-09-13T20:33:24.104-0400: 131.151: [GC (GCLocker Initiated GC) [PSYoungGen: 175075K->43180K(198656K)] 504344K->372654K(722944K), 0.0069345 secs] [Times: user=0.05 sys=0.01, real=0.01 secs] 
2016-09-13T20:33:24.327-0400: 131.374: [GC (Allocation Failure) [PSYoungGen: 178348K->41757K(177152K)] 507975K->371677K(701440K), 0.0249704 secs] [Times: user=0.28 sys=0.00, real=0.03 secs] 
2016-09-13T20:33:24.542-0400: 131.589: [GC (GCLocker Initiated GC) [PSYoungGen: 175707K->32676K(200192K)] 507145K->364374K(724480K), 0.0163284 secs] [Times: user=0.14 sys=0.00, real=0.02 secs] 
2016-09-13T20:33:24.795-0400: 131.842: [GC (Allocation Failure) [PSYoungGen: 169892K->9894K(198144K)] 507784K->347938K(722432K), 0.0057235 secs] [Times: user=0.05 sys=0.00, real=0.01 secs] 
2016-09-13T20:33:25.009-0400: 132.055: [GC (GCLocker Initiated GC) [PSYoungGen: 147110K->29480K(199168K)] 485154K->367799K(723456K), 0.0376778 secs] [Times: user=0.42 sys=0.00, real=0.03 secs] 
2016-09-13T20:33:25.249-0400: 132.296: [GC (GCLocker Initiated GC) [PSYoungGen: 167720K->32586K(171008K)] 506145K->371275K(695296K), 0.0073798 secs] [Times: user=0.06 sys=0.00, real=0.01 secs] 
2016-09-13T20:33:25.455-0400: 132.502: [GC (Allocation Failure) [PSYoungGen: 170826K->46346K(195584K)] 511059K->388315K(719872K), 0.0064869 secs] [Times: user=0.06 sys=0.00, real=0.01 secs] 
2016-09-13T20:33:25.683-0400: 132.730: [GC (GCLocker Initiated GC) [PSYoungGen: 184074K->44730K(198144K)] 526045K->391396K(722432K), 0.0170511 secs] [Times: user=0.17 sys=0.00, real=0.02 secs] 
2016-09-13T20:33:25.911-0400: 132.958: [GC (GCLocker Initiated GC) [PSYoungGen: 182458K->35809K(198144K)] 529146K->382812K(722432K), 0.0153560 secs] [Times: user=0.20 sys=0.00, real=0.01 secs] 
2016-09-13T20:33:26.124-0400: 133.171: [GC (GCLocker Initiated GC) [PSYoungGen: 175585K->58527K(198656K)] 522638K->407321K(722944K), 0.0224667 secs] [Times: user=0.22 sys=0.00, real=0.02 secs] 
2016-09-13T20:33:26.351-0400: 133.398: [GC (GCLocker Initiated GC) [PSYoungGen: 198303K->44662K(194560K)] 547119K->393672K(718848K), 0.0138861 secs] [Times: user=0.18 sys=0.00, real=0.01 secs] 
2016-09-13T20:33:26.552-0400: 133.599: [GC (GCLocker Initiated GC) [PSYoungGen: 175734K->35869K(167424K)] 524875K->397405K(691712K), 0.0152444 secs] [Times: user=0.19 sys=0.00, real=0.01 secs] 
2016-09-13T20:33:26.760-0400: 133.807: [GC (GCLocker Initiated GC) [PSYoungGen: 166940K->38623K(198144K)] 530215K->409580K(722432K), 0.0059834 secs] [Times: user=0.04 sys=0.00, real=0.00 secs] 
2016-09-13T20:33:26.987-0400: 134.033: [GC (GCLocker Initiated GC) [PSYoungGen: 173791K->9704K(196096K)] 546292K->382406K(720384K), 0.0365348 secs] [Times: user=0.39 sys=0.00, real=0.04 secs] 
2016-09-13T20:33:27.222-0400: 134.269: [GC (GCLocker Initiated GC) [PSYoungGen: 144872K->29730K(199168K)] 517714K->408750K(723456K), 0.0065732 secs] [Times: user=0.06 sys=0.00, real=0.01 secs] 
2016-09-13T20:33:27.452-0400: 134.499: [GC (GCLocker Initiated GC) [PSYoungGen: 166946K->35713K(173056K)] 552065K->421109K(697344K), 0.0264946 secs] [Times: user=0.36 sys=0.01, real=0.03 secs] 
2016-09-13T20:33:27.698-0400: 134.744: [GC (GCLocker Initiated GC) [PSYoungGen: 172929K->46287K(196608K)] 566174K->453508K(720896K), 0.0201000 secs] [Times: user=0.24 sys=0.01, real=0.02 secs] 
2016-09-13T20:33:27.907-0400: 134.954: [GC (GCLocker Initiated GC) [PSYoungGen: 183503K->60047K(197632K)] 590924K->479860K(721920K), 0.0110565 secs] [Times: user=0.13 sys=0.00, real=0.02 secs] 
2016-09-13T20:33:28.124-0400: 135.170: [GC (GCLocker Initiated GC) [PSYoungGen: 197263K->34131K(195584K)] 617098K->464744K(719872K), 0.0095255 secs] [Times: user=0.07 sys=0.00, real=0.01 secs] 
2016-09-13T20:33:28.308-0400: 135.355: [GC (GCLocker Initiated GC) [PSYoungGen: 165203K->52261K(183808K)] 595858K->486246K(708096K), 0.0146797 secs] [Times: user=0.13 sys=0.01, real=0.01 secs] 
2016-09-13T20:33:28.535-0400: 135.582: [GC (GCLocker Initiated GC) [PSYoungGen: 183333K->30966K(195584K)] 623412K->474162K(719872K), 0.0158145 secs] [Times: user=0.15 sys=0.01, real=0.02 secs] 
2016-09-13T20:33:28.745-0400: 135.792: [GC (Allocation Failure) [PSYoungGen: 158454K->5089K(132608K)] 610883K->468394K(656896K), 0.0135560 secs] [Times: user=0.13 sys=0.01, real=0.02 secs] 
2016-09-13T20:33:28.961-0400: 136.008: [GC (GCLocker Initiated GC) [PSYoungGen: 131424K->43021K(193024K)] 596247K->507916K(717312K), 0.0199634 secs] [Times: user=0.18 sys=0.01, real=0.02 secs] 
2016-09-13T20:33:29.153-0400: 136.199: [GC (GCLocker Initiated GC) [PSYoungGen: 166413K->29388K(153088K)] 631425K->494574K(677376K), 0.0124883 secs] [Times: user=0.10 sys=0.00, real=0.01 secs] 
2016-09-13T20:33:29.397-0400: 136.443: [GC (GCLocker Initiated GC) [PSYoungGen: 152780K->41571K(190464K)] 621211K->517822K(714752K), 0.0278587 secs] [Times: user=0.24 sys=0.01, real=0.02 secs] 
2016-09-13T20:33:29.585-0400: 136.632: [GC (GCLocker Initiated GC) [PSYoungGen: 165475K->28025K(189952K)] 643504K->506193K(714240K), 0.0229195 secs] [Times: user=0.25 sys=0.00, real=0.03 secs] 
2016-09-13T20:33:29.815-0400: 136.862: [GC (GCLocker Initiated GC) [PSYoungGen: 151929K->32735K(193024K)] 636468K->517429K(717312K), 0.0161542 secs] [Times: user=0.18 sys=0.00, real=0.02 secs] 
2016-09-13T20:33:30.045-0400: 137.092: [GC (GCLocker Initiated GC) [PSYoungGen: 164319K->44794K(193536K)] 650616K->531367K(717824K), 0.0273669 secs] [Times: user=0.25 sys=0.02, real=0.03 secs] 
2016-09-13T20:33:30.245-0400: 137.292: [GC (GCLocker Initiated GC) [PSYoungGen: 176378K->9677K(196096K)] 670592K->504049K(720384K), 0.0180243 secs] [Times: user=0.17 sys=0.00, real=0.02 secs] 
2016-09-13T20:33:30.469-0400: 137.516: [GC (GCLocker Initiated GC) [PSYoungGen: 142797K->26405K(159744K)] 637179K->520927K(684032K), 0.0115651 secs] [Times: user=0.10 sys=0.00, real=0.01 secs] 
2016-09-13T20:33:30.658-0400: 137.704: [GC (GCLocker Initiated GC) [PSYoungGen: 159525K->47826K(193536K)] 654236K->542702K(717824K), 0.0313133 secs] [Times: user=0.29 sys=0.00, real=0.03 secs] 
2016-09-13T20:33:30.882-0400: 137.929: [GC (GCLocker Initiated GC) [PSYoungGen: 178898K->49351K(180736K)] 674054K->546310K(705024K), 0.0190112 secs] [Times: user=0.18 sys=0.00, real=0.02 secs] 
2016-09-13T20:33:31.099-0400: 138.145: [GC (GCLocker Initiated GC) [PSYoungGen: 180423K->26601K(196096K)] 691057K->537393K(720384K), 0.0101281 secs] [Times: user=0.09 sys=0.00, real=0.01 secs] 
2016-09-13T20:33:31.305-0400: 138.352: [GC (GCLocker Initiated GC) [PSYoungGen: 154601K->43094K(194048K)] 667041K->555745K(718336K), 0.0108941 secs] [Times: user=0.07 sys=0.00, real=0.02 secs] 
2016-09-13T20:33:31.501-0400: 138.548: [GC (GCLocker Initiated GC) [PSYoungGen: 171094K->61443K(182784K)] 683761K->580272K(707072K), 0.0093188 secs] [Times: user=0.10 sys=0.00, real=0.01 secs] 
2016-09-13T20:33:31.510-0400: 138.557: [Full GC (Ergonomics) [PSYoungGen: 61443K->0K(182784K)] [ParOldGen: 518829K->46266K(524288K)] 580272K->46266K(707072K), [Metaspace: 44613K->44613K(1087488K)], 0.0555122 secs] [Times: user=0.30 sys=0.01, real=0.05 secs] 
2016-09-13T20:33:31.718-0400: 138.765: [GC (GCLocker Initiated GC) [PSYoungGen: 116736K->58494K(175616K)] 163253K->105012K(699904K), 0.0151533 secs] [Times: user=0.14 sys=0.01, real=0.01 secs] 
2016-09-13T20:33:31.913-0400: 138.960: [GC (GCLocker Initiated GC) [PSYoungGen: 175230K->46414K(186880K)] 229451K->114754K(711168K), 0.0066670 secs] [Times: user=0.07 sys=0.00, real=0.01 secs] 
2016-09-13T20:33:32.099-0400: 139.146: [GC (GCLocker Initiated GC) [PSYoungGen: 156494K->23532K(133632K)] 238514K->105777K(657920K), 0.0279765 secs] [Times: user=0.30 sys=0.00, real=0.02 secs] 
2016-09-13T20:33:32.292-0400: 139.339: [GC (GCLocker Initiated GC) [PSYoungGen: 133612K->28024K(186368K)] 228113K->122727K(710656K), 0.0144064 secs] [Times: user=0.14 sys=0.01, real=0.01 secs] 
2016-09-13T20:33:32.486-0400: 139.533: [GC (GCLocker Initiated GC) [PSYoungGen: 139640K->27960K(184832K)] 240594K->129020K(709120K), 0.0051679 secs] [Times: user=0.03 sys=0.01, real=0.01 secs] 
2016-09-13T20:33:32.684-0400: 139.730: [GC (GCLocker Initiated GC) [PSYoungGen: 139576K->39983K(186368K)] 240684K->141276K(710656K), 0.0287687 secs] [Times: user=0.36 sys=0.01, real=0.03 secs] 
2016-09-13T20:33:32.867-0400: 139.914: [GC (GCLocker Initiated GC) [PSYoungGen: 156719K->40547K(185856K)] 258211K->155937K(710144K), 0.0075454 secs] [Times: user=0.09 sys=0.01, real=0.01 secs] 
2016-09-13T20:33:33.049-0400: 140.096: [GC (GCLocker Initiated GC) [PSYoungGen: 157283K->32485K(190976K)] 278841K->154317K(715264K), 0.0069575 secs] [Times: user=0.07 sys=0.00, real=0.01 secs] 
2016-09-13T20:33:33.289-0400: 140.336: [GC (GCLocker Initiated GC) [PSYoungGen: 157925K->10076K(190464K)] 298129K->158044K(714752K), 0.0047137 secs] [Times: user=0.04 sys=0.00, real=0.00 secs] 
2016-09-13T20:33:33.500-0400: 140.547: [GC (GCLocker Initiated GC) [PSYoungGen: 135516K->38848K(195584K)] 291112K->194752K(719872K), 0.0222406 secs] [Times: user=0.27 sys=0.00, real=0.02 secs] 
2016-09-13T20:33:33.702-0400: 140.748: [GC (GCLocker Initiated GC) [PSYoungGen: 168384K->59986K(189952K)] 324546K->228524K(714240K), 0.0133725 secs] [Times: user=0.13 sys=0.01, real=0.01 secs] 
2016-09-13T20:33:33.932-0400: 140.979: [GC (GCLocker Initiated GC) [PSYoungGen: 189522K->69132K(174080K)] 358090K->237867K(698368K), 0.0180950 secs] [Times: user=0.22 sys=0.01, real=0.02 secs] 
2016-09-13T20:33:34.087-0400: 141.133: [GC (GCLocker Initiated GC) [PSYoungGen: 171532K->46314K(182272K)] 340393K->224438K(706560K), 0.0098719 secs] [Times: user=0.09 sys=0.00, real=0.02 secs] 
2016-09-13T20:33:34.251-0400: 141.297: [GC (Allocation Failure) [PSYoungGen: 148714K->26601K(177664K)] 333072K->212691K(701952K), 0.0103370 secs] [Times: user=0.07 sys=0.01, real=0.01 secs] 
2016-09-13T20:33:34.451-0400: 141.497: [GC (GCLocker Initiated GC) [PSYoungGen: 124870K->27966K(180736K)] 317035K->220428K(705024K), 0.0098070 secs] [Times: user=0.09 sys=0.00, real=0.01 secs] 
2016-09-13T20:33:34.634-0400: 141.681: [GC (GCLocker Initiated GC) [PSYoungGen: 131902K->43180K(179712K)] 326031K->237380K(704000K), 0.0077978 secs] [Times: user=0.06 sys=0.00, real=0.01 secs] 
2016-09-13T20:33:34.795-0400: 141.842: [GC (GCLocker Initiated GC) [PSYoungGen: 153260K->26505K(183296K)] 349007K->222421K(707584K), 0.0062286 secs] [Times: user=0.04 sys=0.00, real=0.01 secs] 
2016-09-13T20:33:34.961-0400: 142.008: [GC (Allocation Failure) [PSYoungGen: 136585K->38528K(181760K)] 332795K->241078K(706048K), 0.0192905 secs] [Times: user=0.20 sys=0.00, real=0.02 secs] 
2016-09-13T20:33:35.168-0400: 142.215: [GC (GCLocker Initiated GC) [PSYoungGen: 154300K->23585K(185856K)] 358369K->227859K(710144K), 0.0094200 secs] [Times: user=0.08 sys=0.00, real=0.01 secs] 
2016-09-13T20:33:35.340-0400: 142.386: [GC (Allocation Failure) [PSYoungGen: 140321K->28110K(188928K)] 350857K->238829K(713216K), 0.0098675 secs] [Times: user=0.10 sys=0.00, real=0.01 secs] 
2016-09-13T20:33:35.528-0400: 142.575: [GC (GCLocker Initiated GC) [PSYoungGen: 153026K->23404K(191488K)] 369819K->240386K(715776K), 0.0236831 secs] [Times: user=0.20 sys=0.00, real=0.02 secs] 
2016-09-13T20:33:35.747-0400: 142.794: [GC (GCLocker Initiated GC) [PSYoungGen: 148332K->9608K(194560K)] 373038K->234434K(718848K), 0.0108640 secs] [Times: user=0.10 sys=0.00, real=0.02 secs] 
2016-09-13T20:33:35.975-0400: 143.022: [GC (GCLocker Initiated GC) [PSYoungGen: 138632K->24800K(154112K)] 364999K->251372K(678400K), 0.0239466 secs] [Times: user=0.22 sys=0.00, real=0.03 secs] 
2016-09-13T20:33:36.184-0400: 143.231: [GC (GCLocker Initiated GC) [PSYoungGen: 153824K->30839K(198144K)] 380421K->259132K(722432K), 0.0103662 secs] [Times: user=0.09 sys=0.00, real=0.01 secs] 
2016-09-13T20:33:36.405-0400: 143.452: [GC (GCLocker Initiated GC) [PSYoungGen: 164471K->9676K(194560K)] 399026K->250429K(718848K), 0.0119688 secs] [Times: user=0.11 sys=0.00, real=0.02 secs] 
2016-09-13T20:33:36.646-0400: 143.693: [GC (Allocation Failure) [PSYoungGen: 143308K->25013K(198656K)] 384071K->265994K(722944K), 0.0113629 secs] [Times: user=0.10 sys=0.00, real=0.02 secs] 
2016-09-13T20:33:36.850-0400: 143.896: [GC (GCLocker Initiated GC) [PSYoungGen: 164277K->44672K(198656K)] 405260K->285849K(722944K), 0.0078915 secs] [Times: user=0.07 sys=0.00, real=0.01 secs] 
2016-09-13T20:33:37.061-0400: 144.108: [GC (GCLocker Initiated GC) [PSYoungGen: 183936K->41629K(198144K)] 425403K->283290K(722432K), 0.0121945 secs] [Times: user=0.11 sys=0.00, real=0.01 secs] 
2016-09-13T20:33:37.286-0400: 144.333: [GC (GCLocker Initiated GC) [PSYoungGen: 177821K->44799K(181248K)] 419577K->286764K(705536K), 0.0132173 secs] [Times: user=0.12 sys=0.00, real=0.02 secs] 
2016-09-13T20:33:37.499-0400: 144.545: [GC (GCLocker Initiated GC) [PSYoungGen: 180991K->58309K(184832K)] 424487K->301908K(709120K), 0.0141115 secs] [Times: user=0.10 sys=0.01, real=0.01 secs] 
2016-09-13T20:33:37.710-0400: 144.757: [GC (GCLocker Initiated GC) [PSYoungGen: 178117K->61405K(181248K)] 421841K->305302K(705536K), 0.0078587 secs] [Times: user=0.06 sys=0.00, real=0.01 secs] 
2016-09-13T20:33:37.897-0400: 144.944: [GC (GCLocker Initiated GC) [PSYoungGen: 181213K->41756K(187392K)] 432726K->293561K(711680K), 0.0177276 secs] [Times: user=0.17 sys=0.00, real=0.01 secs] 
2016-09-13T20:33:38.099-0400: 145.145: [GC (GCLocker Initiated GC) [PSYoungGen: 151836K->34010K(144384K)] 409745K->292105K(668672K), 0.0246467 secs] [Times: user=0.24 sys=0.01, real=0.02 secs] 
2016-09-13T20:33:38.299-0400: 145.345: [GC (GCLocker Initiated GC) [PSYoungGen: 144090K->46159K(182784K)] 403746K->310494K(707072K), 0.0092600 secs] [Times: user=0.07 sys=0.00, real=0.01 secs] 
2016-09-13T20:33:38.480-0400: 145.527: [GC (GCLocker Initiated GC) [PSYoungGen: 156751K->47710K(182272K)] 422630K->319791K(706560K), 0.0318123 secs] [Times: user=0.31 sys=0.00, real=0.03 secs] 
2016-09-13T20:33:38.656-0400: 145.703: [GC (Allocation Failure) [PSYoungGen: 158302K->44698K(188928K)] 430663K->320234K(713216K), 0.0152547 secs] [Times: user=0.12 sys=0.00, real=0.01 secs] 
2016-09-13T20:33:38.844-0400: 145.890: [GC (GCLocker Initiated GC) [PSYoungGen: 160397K->11222K(189440K)] 442008K->293062K(713728K), 0.0181085 secs] [Times: user=0.19 sys=0.00, real=0.02 secs] 
2016-09-13T20:33:39.046-0400: 146.092: [GC (GCLocker Initiated GC) [PSYoungGen: 130006K->26319K(189952K)] 411872K->308335K(714240K), 0.0057021 secs] [Times: user=0.04 sys=0.00, real=0.01 secs] 
2016-09-13T20:33:39.226-0400: 146.273: [GC (GCLocker Initiated GC) [PSYoungGen: 145615K->38720K(158208K)] 427653K->320979K(682496K), 0.0137712 secs] [Times: user=0.14 sys=0.01, real=0.02 secs] 
2016-09-13T20:33:39.416-0400: 146.463: [GC (GCLocker Initiated GC) [PSYoungGen: 158016K->26573K(190464K)] 440334K->327358K(714752K), 0.0064029 secs] [Times: user=0.05 sys=0.00, real=0.00 secs] 
2016-09-13T20:33:39.621-0400: 146.668: [GC (GCLocker Initiated GC) [PSYoungGen: 148941K->35618K(188928K)] 449899K->336809K(713216K), 0.0183807 secs] [Times: user=0.19 sys=0.00, real=0.02 secs] 
2016-09-13T20:33:39.826-0400: 146.873: [GC (GCLocker Initiated GC) [PSYoungGen: 157986K->26409K(192000K)] 459373K->337193K(716288K), 0.0115257 secs] [Times: user=0.10 sys=0.00, real=0.02 secs] 
2016-09-13T20:33:40.017-0400: 147.064: [GC (GCLocker Initiated GC) [PSYoungGen: 154921K->32612K(190976K)] 465732K->343639K(715264K), 0.0155618 secs] [Times: user=0.14 sys=0.00, real=0.01 secs] 
2016-09-13T20:33:40.255-0400: 147.302: [GC (GCLocker Initiated GC) [PSYoungGen: 161124K->6799K(194048K)] 486096K->342679K(718336K), 0.0266600 secs] [Times: user=0.26 sys=0.00, real=0.03 secs] 
2016-09-13T20:33:40.468-0400: 147.515: [GC (GCLocker Initiated GC) [PSYoungGen: 140943K->41597K(196096K)] 478631K->379420K(720384K), 0.0090753 secs] [Times: user=0.07 sys=0.00, real=0.01 secs] 
2016-09-13T20:33:40.687-0400: 147.733: [GC (Allocation Failure) [PSYoungGen: 175741K->24800K(197120K)] 521338K->370504K(721408K), 0.0172947 secs] [Times: user=0.15 sys=0.00, real=0.02 secs] 
2016-09-13T20:33:40.922-0400: 147.969: [GC (GCLocker Initiated GC) [PSYoungGen: 156173K->24955K(198144K)] 507952K->376798K(722432K), 0.0244750 secs] [Times: user=0.22 sys=0.01, real=0.02 secs] 
2016-09-13T20:33:41.162-0400: 148.209: [GC (GCLocker Initiated GC) [PSYoungGen: 162171K->28151K(197632K)] 515574K->381890K(721920K), 0.0260076 secs] [Times: user=0.29 sys=0.00, real=0.03 secs] 
2016-09-13T20:33:41.375-0400: 148.422: [GC (GCLocker Initiated GC) [PSYoungGen: 169975K->32458K(199168K)] 523948K->388238K(723456K), 0.0333128 secs] [Times: user=0.35 sys=0.01, real=0.04 secs] 
2016-09-13T20:33:41.649-0400: 148.696: [GC (GCLocker Initiated GC) [PSYoungGen: 174282K->43206K(202240K)] 533240K->402287K(726528K), 0.0065515 secs] [Times: user=0.05 sys=0.00, real=0.00 secs] 
2016-09-13T20:33:41.854-0400: 148.901: [GC (GCLocker Initiated GC) [PSYoungGen: 190150K->41571K(188928K)] 549235K->400889K(713216K), 0.0080174 secs] [Times: user=0.06 sys=0.00, real=0.01 secs] 
2016-09-13T20:33:42.067-0400: 149.113: [GC (GCLocker Initiated GC) [PSYoungGen: 188515K->43270K(201728K)] 547864K->402733K(726016K), 0.0161848 secs] [Times: user=0.13 sys=0.00, real=0.02 secs] 
2016-09-13T20:33:42.299-0400: 149.346: [GC (GCLocker Initiated GC) [PSYoungGen: 186630K->44549K(188416K)] 546275K->410561K(712704K), 0.0207283 secs] [Times: user=0.19 sys=0.00, real=0.02 secs] 
2016-09-13T20:33:42.553-0400: 149.599: [GC (GCLocker Initiated GC) [PSYoungGen: 187909K->15901K(200192K)] 553943K->381991K(724480K), 0.0123866 secs] [Times: user=0.10 sys=0.00, real=0.01 secs] 
2016-09-13T20:33:42.750-0400: 149.797: [GC (GCLocker Initiated GC) [PSYoungGen: 155165K->28055K(167424K)] 521526K->402278K(691712K), 0.0114086 secs] [Times: user=0.10 sys=0.01, real=0.01 secs] 
2016-09-13T20:33:42.989-0400: 150.035: [GC (GCLocker Initiated GC) [PSYoungGen: 167319K->12646K(199168K)] 541561K->387156K(723456K), 0.0122173 secs] [Times: user=0.13 sys=0.00, real=0.01 secs] 
2016-09-13T20:33:43.217-0400: 150.263: [GC (GCLocker Initiated GC) [PSYoungGen: 151910K->47890K(187392K)] 526649K->430362K(711680K), 0.0282940 secs] [Times: user=0.32 sys=0.00, real=0.02 secs] 
2016-09-13T20:33:43.453-0400: 150.500: [GC (GCLocker Initiated GC) [PSYoungGen: 187154K->56913K(186880K)] 571197K->441237K(711168K), 0.0228495 secs] [Times: user=0.22 sys=0.01, real=0.03 secs] 
2016-09-13T20:33:43.675-0400: 150.722: [GC (GCLocker Initiated GC) [PSYoungGen: 179793K->31030K(192512K)] 570250K->421660K(716800K), 0.0093650 secs] [Times: user=0.08 sys=0.00, real=0.01 secs] 
2016-09-13T20:33:43.881-0400: 150.928: [GC (GCLocker Initiated GC) [PSYoungGen: 153910K->27842K(185856K)] 550642K->427797K(710144K), 0.0302015 secs] [Times: user=0.29 sys=0.00, real=0.03 secs] 
2016-09-13T20:33:44.103-0400: 151.150: [GC (GCLocker Initiated GC) [PSYoungGen: 153282K->46064K(190464K)] 554784K->447700K(714752K), 0.0081785 secs] [Times: user=0.07 sys=0.00, real=0.01 secs] 
2016-09-13T20:33:44.269-0400: 151.316: [GC (GCLocker Initiated GC) [PSYoungGen: 171504K->46281K(193536K)] 573349K->462017K(717824K), 0.0275497 secs] [Times: user=0.25 sys=0.00, real=0.03 secs] 
2016-09-13T20:33:44.473-0400: 151.519: [GC (GCLocker Initiated GC) [PSYoungGen: 173257K->46383K(173568K)] 590532K->463907K(697856K), 0.0140516 secs] [Times: user=0.15 sys=0.00, real=0.01 secs] 
2016-09-13T20:33:44.681-0400: 151.728: [GC (GCLocker Initiated GC) [PSYoungGen: 173359K->46217K(194048K)] 590966K->464014K(718336K), 0.0194473 secs] [Times: user=0.19 sys=0.00, real=0.02 secs] 
2016-09-13T20:33:44.879-0400: 151.926: [GC (GCLocker Initiated GC) [PSYoungGen: 172169K->46341K(172544K)] 590194K->464525K(696832K), 0.0095015 secs] [Times: user=0.10 sys=0.00, real=0.01 secs] 
2016-09-13T20:33:45.079-0400: 152.125: [GC (GCLocker Initiated GC) [PSYoungGen: 172293K->52171K(190464K)] 590508K->470517K(714752K), 0.0087348 secs] [Times: user=0.08 sys=0.00, real=0.00 secs] 
2016-09-13T20:33:45.273-0400: 152.319: [GC (Allocation Failure) [PSYoungGen: 174027K->44545K(192000K)] 592504K->469169K(716288K), 0.0113451 secs] [Times: user=0.09 sys=0.00, real=0.01 secs] 
2016-09-13T20:33:45.499-0400: 152.546: [GC (GCLocker Initiated GC) [PSYoungGen: 166401K->41506K(186368K)] 591028K->470804K(710656K), 0.0177402 secs] [Times: user=0.17 sys=0.00, real=0.02 secs] 
2016-09-13T20:33:45.689-0400: 152.736: [GC (GCLocker Initiated GC) [PSYoungGen: 164386K->46250K(189440K)] 599974K->481973K(713728K), 0.0144495 secs] [Times: user=0.14 sys=0.01, real=0.01 secs] 
2016-09-13T20:33:45.910-0400: 152.956: [GC (GCLocker Initiated GC) [PSYoungGen: 169130K->37233K(190976K)] 617079K->485378K(715264K), 0.0055945 secs] [Times: user=0.05 sys=0.00, real=0.00 secs] 
2016-09-13T20:33:46.114-0400: 153.160: [GC (GCLocker Initiated GC) [PSYoungGen: 166769K->58430K(193536K)] 616695K->511647K(717824K), 0.0109827 secs] [Times: user=0.09 sys=0.01, real=0.01 secs] 
2016-09-13T20:33:46.307-0400: 153.354: [GC (GCLocker Initiated GC) [PSYoungGen: 187966K->49224K(194048K)] 641238K->502776K(718336K), 0.0407948 secs] [Times: user=0.44 sys=0.00, real=0.05 secs] 
2016-09-13T20:33:46.520-0400: 153.567: [GC (Allocation Failure) [PSYoungGen: 174664K->41661K(167424K)] 628487K->504751K(691712K), 0.0073204 secs] [Times: user=0.06 sys=0.00, real=0.00 secs] 
2016-09-13T20:33:46.720-0400: 153.766: [GC (GCLocker Initiated GC) [PSYoungGen: 162867K->23372K(190464K)] 632032K->492813K(714752K), 0.0052878 secs] [Times: user=0.03 sys=0.01, real=0.00 secs] 
2016-09-13T20:33:46.913-0400: 153.960: [GC (GCLocker Initiated GC) [PSYoungGen: 147788K->44453K(191488K)] 617514K->514357K(715776K), 0.0226090 secs] [Times: user=0.19 sys=0.01, real=0.03 secs] 
2016-09-13T20:33:47.123-0400: 154.170: [GC (Allocation Failure) [PSYoungGen: 168869K->47859K(194048K)] 638807K->517919K(718336K), 0.0111193 secs] [Times: user=0.09 sys=0.00, real=0.01 secs] 
2016-09-13T20:33:47.329-0400: 154.376: [GC (GCLocker Initiated GC) [PSYoungGen: 176029K->20277K(194560K)] 652164K->505750K(718848K), 0.0361897 secs] [Times: user=0.39 sys=0.00, real=0.03 secs] 
2016-09-13T20:33:47.578-0400: 154.624: [GC (GCLocker Initiated GC) [PSYoungGen: 149301K->11317K(190976K)] 636321K->498483K(715264K), 0.0107741 secs] [Times: user=0.10 sys=0.00, real=0.01 secs] 
2016-09-13T20:33:47.784-0400: 154.831: [GC (GCLocker Initiated GC) [PSYoungGen: 135221K->38438K(162816K)] 623934K->532105K(687104K), 0.0120015 secs] [Times: user=0.10 sys=0.00, real=0.02 secs] 
2016-09-13T20:33:47.966-0400: 155.013: [GC (GCLocker Initiated GC) [PSYoungGen: 162342K->20276K(192512K)] 659125K->517174K(716800K), 0.0350128 secs] [Times: user=0.36 sys=0.00, real=0.04 secs] 
2016-09-13T20:33:48.185-0400: 155.232: [GC (Allocation Failure) [PSYoungGen: 146228K->29671K(192512K)] 643148K->526808K(716800K), 0.0130543 secs] [Times: user=0.14 sys=0.00, real=0.02 secs] 
2016-09-13T20:33:48.364-0400: 155.411: [GC (GCLocker Initiated GC) [PSYoungGen: 155623K->23437K(194560K)] 652761K->522311K(718848K), 0.0100956 secs] [Times: user=0.10 sys=0.00, real=0.01 secs] 
2016-09-13T20:33:48.585-0400: 155.632: [GC (GCLocker Initiated GC) [PSYoungGen: 153485K->38757K(193536K)] 654083K->539518K(717824K), 0.0062517 secs] [Times: user=0.06 sys=0.00, real=0.01 secs] 
2016-09-13T20:33:48.817-0400: 155.864: [GC (GCLocker Initiated GC) [PSYoungGen: 168805K->26633K(197120K)] 675718K->548952K(721408K), 0.0077106 secs] [Times: user=0.08 sys=0.00, real=0.00 secs] 
2016-09-13T20:33:48.825-0400: 155.872: [Full GC (Ergonomics) [PSYoungGen: 26633K->0K(197120K)] [ParOldGen: 522318K->40826K(524288K)] 548952K->40826K(721408K), [Metaspace: 44641K->44641K(1087488K)], 0.0523738 secs] [Times: user=0.36 sys=0.01, real=0.06 secs] 
2016-09-13T20:33:49.051-0400: 156.098: [GC (GCLocker Initiated GC) [PSYoungGen: 135680K->60297K(196096K)] 178150K->148330K(720384K), 0.0142256 secs] [Times: user=0.20 sys=0.00, real=0.01 secs] 
2016-09-13T20:33:49.267-0400: 156.314: [GC (GCLocker Initiated GC) [PSYoungGen: 195977K->43584K(193024K)] 284069K->179228K(717312K), 0.0224899 secs] [Times: user=0.29 sys=0.01, real=0.03 secs] 
2016-09-13T20:33:49.447-0400: 156.493: [GC (GCLocker Initiated GC) [PSYoungGen: 170560K->44763K(194560K)] 306405K->181045K(718848K), 0.0061282 secs] [Times: user=0.04 sys=0.01, real=0.01 secs] 
2016-09-13T20:33:49.659-0400: 156.706: [GC (GCLocker Initiated GC) [PSYoungGen: 171739K->57042K(186368K)] 308049K->193487K(710656K), 0.0118713 secs] [Times: user=0.16 sys=0.00, real=0.01 secs] 
2016-09-13T20:33:49.856-0400: 156.903: [GC (GCLocker Initiated GC) [PSYoungGen: 175826K->40175K(190464K)] 312517K->190631K(714752K), 0.0095936 secs] [Times: user=0.13 sys=0.00, real=0.00 secs] 
2016-09-13T20:33:50.050-0400: 157.097: [GC (GCLocker Initiated GC) [PSYoungGen: 158959K->32650K(186368K)] 315515K->189368K(710656K), 0.0070044 secs] [Times: user=0.05 sys=0.00, real=0.01 secs] 
2016-09-13T20:33:50.262-0400: 157.309: [GC (GCLocker Initiated GC) [PSYoungGen: 154506K->43394K(188928K)] 312941K->208106K(713216K), 0.0128664 secs] [Times: user=0.11 sys=0.00, real=0.01 secs] 
2016-09-13T20:33:50.460-0400: 157.506: [GC (GCLocker Initiated GC) [PSYoungGen: 165250K->23468K(194048K)] 336169K->194533K(718336K), 0.0258262 secs] [Times: user=0.29 sys=0.00, real=0.02 secs] 
2016-09-13T20:33:50.666-0400: 157.712: [GC (Allocation Failure) [PSYoungGen: 152492K->46376K(195072K)] 323849K->217880K(719360K), 0.0089000 secs] [Times: user=0.08 sys=0.00, real=0.01 secs] 
2016-09-13T20:33:50.866-0400: 157.913: [GC (GCLocker Initiated GC) [PSYoungGen: 175400K->46318K(195584K)] 346907K->218068K(719872K), 0.0186623 secs] [Times: user=0.16 sys=0.00, real=0.02 secs] 
2016-09-13T20:33:51.084-0400: 158.131: [GC (GCLocker Initiated GC) [PSYoungGen: 175342K->32607K(161792K)] 347273K->204732K(686080K), 0.0263147 secs] [Times: user=0.25 sys=0.00, real=0.03 secs] 
2016-09-13T20:33:51.299-0400: 158.345: [GC (GCLocker Initiated GC) [PSYoungGen: 161631K->34258K(196096K)] 345946K->218778K(720384K), 0.0219328 secs] [Times: user=0.23 sys=0.00, real=0.02 secs] 
2016-09-13T20:33:51.500-0400: 158.546: [GC (GCLocker Initiated GC) [PSYoungGen: 165330K->50779K(194048K)] 349878K->238507K(718336K), 0.0241287 secs] [Times: user=0.26 sys=0.00, real=0.02 secs] 
2016-09-13T20:33:51.723-0400: 158.770: [GC (GCLocker Initiated GC) [PSYoungGen: 181851K->43244K(198144K)] 369772K->243647K(722432K), 0.0339501 secs] [Times: user=0.39 sys=0.00, real=0.04 secs] 
2016-09-13T20:33:51.973-0400: 159.020: [GC (GCLocker Initiated GC) [PSYoungGen: 176364K->9863K(143360K)] 384574K->218349K(667648K), 0.0097915 secs] [Times: user=0.10 sys=0.00, real=0.01 secs] 
2016-09-13T20:33:52.171-0400: 159.218: [GC (Allocation Failure) [PSYoungGen: 142983K->21880K(195584K)] 351648K->230667K(719872K), 0.0061037 secs] [Times: user=0.04 sys=0.00, real=0.01 secs] 
2016-09-13T20:33:52.366-0400: 159.413: [GC (GCLocker Initiated GC) [PSYoungGen: 150904K->28275K(157696K)] 359693K->237407K(681984K), 0.0268280 secs] [Times: user=0.30 sys=0.00, real=0.03 secs] 
2016-09-13T20:33:52.614-0400: 159.661: [GC (GCLocker Initiated GC) [PSYoungGen: 157299K->17426K(193536K)] 375605K->235890K(717824K), 0.0251279 secs] [Times: user=0.28 sys=0.00, real=0.03 secs] 
2016-09-13T20:33:52.850-0400: 159.897: [GC (GCLocker Initiated GC) [PSYoungGen: 146450K->11291K(193536K)] 372644K->245226K(717824K), 0.0097865 secs] [Times: user=0.09 sys=0.00, real=0.01 secs] 
2016-09-13T20:33:53.046-0400: 160.092: [GC (GCLocker Initiated GC) [PSYoungGen: 140315K->28268K(192000K)] 380537K->268620K(716288K), 0.0155368 secs] [Times: user=0.17 sys=0.00, real=0.02 secs] 
2016-09-13T20:33:53.258-0400: 160.305: [GC (GCLocker Initiated GC) [PSYoungGen: 160876K->41857K(194560K)] 402766K->284193K(718848K), 0.0105479 secs] [Times: user=0.13 sys=0.00, real=0.01 secs] 
2016-09-13T20:33:53.464-0400: 160.511: [GC (GCLocker Initiated GC) [PSYoungGen: 174465K->47805K(193024K)] 416982K->290489K(717312K), 0.0149032 secs] [Times: user=0.15 sys=0.00, real=0.02 secs] 
2016-09-13T20:33:53.709-0400: 160.756: [GC (GCLocker Initiated GC) [PSYoungGen: 177853K->23340K(196096K)] 429855K->275472K(720384K), 0.0428866 secs] [Times: user=0.41 sys=0.00, real=0.04 secs] 
2016-09-13T20:33:53.927-0400: 160.973: [GC (GCLocker Initiated GC) [PSYoungGen: 153388K->39059K(193536K)] 407287K->293176K(717824K), 0.0096680 secs] [Times: user=0.12 sys=0.00, real=0.02 secs] 
2016-09-13T20:33:54.119-0400: 161.166: [GC (GCLocker Initiated GC) [PSYoungGen: 170643K->62993K(195072K)] 424878K->326463K(719360K), 0.0102642 secs] [Times: user=0.07 sys=0.00, real=0.01 secs] 
2016-09-13T20:33:54.325-0400: 161.372: [GC (GCLocker Initiated GC) [PSYoungGen: 194577K->41726K(188928K)] 458290K->314801K(713216K), 0.0073142 secs] [Times: user=0.08 sys=0.00, real=0.01 secs] 
2016-09-13T20:33:54.537-0400: 161.584: [GC (Allocation Failure) [PSYoungGen: 163582K->41625K(192000K)] 436793K->314967K(716288K), 0.0629133 secs] [Times: user=0.60 sys=0.00, real=0.06 secs] 
2016-09-13T20:33:54.759-0400: 161.806: [GC (GCLocker Initiated GC) [PSYoungGen: 163106K->9922K(190976K)] 437967K->284889K(715264K), 0.0381623 secs] [Times: user=0.42 sys=0.00, real=0.04 secs] 
2016-09-13T20:33:54.977-0400: 162.024: [GC (GCLocker Initiated GC) [PSYoungGen: 131778K->27934K(150016K)] 409898K->306322K(674304K), 0.0120301 secs] [Times: user=0.11 sys=0.01, real=0.01 secs] 
2016-09-13T20:33:55.158-0400: 162.205: [GC (Allocation Failure) [PSYoungGen: 149790K->24854K(193024K)] 434331K->309531K(717312K), 0.0199187 secs] [Times: user=0.17 sys=0.00, real=0.02 secs] 
2016-09-13T20:33:55.347-0400: 162.394: [GC (GCLocker Initiated GC) [PSYoungGen: 149782K->43371K(190976K)] 434459K->331373K(715264K), 0.0121257 secs] [Times: user=0.13 sys=0.00, real=0.02 secs] 
2016-09-13T20:33:55.559-0400: 162.605: [GC (GCLocker Initiated GC) [PSYoungGen: 168299K->27934K(193536K)] 462630K->322519K(717824K), 0.0261129 secs] [Times: user=0.32 sys=0.00, real=0.02 secs] 
2016-09-13T20:33:55.766-0400: 162.813: [GC (GCLocker Initiated GC) [PSYoungGen: 157470K->46287K(194048K)] 452290K->341260K(718336K), 0.0302751 secs] [Times: user=0.35 sys=0.00, real=0.04 secs] 
2016-09-13T20:33:55.981-0400: 163.027: [GC (Allocation Failure) [PSYoungGen: 175823K->35650K(194048K)] 470813K->330783K(718336K), 0.0181053 secs] [Times: user=0.17 sys=0.00, real=0.02 secs] 
2016-09-13T20:33:56.201-0400: 163.247: [GC (GCLocker Initiated GC) [PSYoungGen: 167234K->26378K(195072K)] 462892K->328454K(719360K), 0.0121928 secs] [Times: user=0.11 sys=0.00, real=0.01 secs] 
2016-09-13T20:33:56.406-0400: 163.452: [GC (Allocation Failure) [PSYoungGen: 157962K->59922K(186880K)] 461780K->382053K(711168K), 0.0110183 secs] [Times: user=0.08 sys=0.01, real=0.02 secs] 
2016-09-13T20:33:56.605-0400: 163.652: [GC (GCLocker Initiated GC) [PSYoungGen: 183784K->44794K(193536K)] 507433K->405103K(717824K), 0.0089212 secs] [Times: user=0.07 sys=0.00, real=0.01 secs] 
2016-09-13T20:33:56.834-0400: 163.880: [GC (Allocation Failure) [PSYoungGen: 169722K->41602K(190464K)] 531829K->403911K(714752K), 0.0083763 secs] [Times: user=0.04 sys=0.00, real=0.01 secs] 
2016-09-13T20:33:57.002-0400: 164.048: [GC (GCLocker Initiated GC) [PSYoungGen: 166530K->34009K(192000K)] 528841K->396447K(716288K), 0.0185786 secs] [Times: user=0.17 sys=0.00, real=0.02 secs] 
2016-09-13T20:33:57.220-0400: 164.267: [GC (GCLocker Initiated GC) [PSYoungGen: 158937K->43243K(194560K)] 522962K->407415K(718848K), 0.0300393 secs] [Times: user=0.33 sys=0.00, real=0.03 secs] 
2016-09-13T20:33:57.460-0400: 164.507: [GC (Allocation Failure) [PSYoungGen: 173291K->27929K(194560K)] 537737K->392577K(718848K), 0.0103170 secs] [Times: user=0.10 sys=0.00, real=0.01 secs] 
2016-09-13T20:33:57.651-0400: 164.698: [GC (GCLocker Initiated GC) [PSYoungGen: 155474K->12863K(195072K)] 526196K->383783K(719360K), 0.0099774 secs] [Times: user=0.09 sys=0.00, real=0.01 secs] 
2016-09-13T20:33:57.853-0400: 164.900: [GC (Allocation Failure) [PSYoungGen: 144447K->28151K(196608K)] 523182K->407162K(720896K), 0.0061542 secs] [Times: user=0.05 sys=0.00, real=0.01 secs] 
2016-09-13T20:33:58.076-0400: 165.122: [GC (GCLocker Initiated GC) [PSYoungGen: 159735K->42994K(196096K)] 538748K->422251K(720384K), 0.0180916 secs] [Times: user=0.17 sys=0.01, real=0.02 secs] 
2016-09-13T20:33:58.292-0400: 165.339: [GC (GCLocker Initiated GC) [PSYoungGen: 176114K->26473K(196608K)] 567661K->418159K(720896K), 0.0271838 secs] [Times: user=0.28 sys=0.01, real=0.03 secs] 
2016-09-13T20:33:58.527-0400: 165.574: [GC (Allocation Failure) [PSYoungGen: 159593K->21853K(198144K)] 557631K->424672K(722432K), 0.0105808 secs] [Times: user=0.09 sys=0.00, real=0.02 secs] 
2016-09-13T20:33:58.751-0400: 165.798: [GC (GCLocker Initiated GC) [PSYoungGen: 158045K->44634K(197632K)] 560870K->447711K(721920K), 0.0296992 secs] [Times: user=0.29 sys=0.00, real=0.03 secs] 
2016-09-13T20:33:58.962-0400: 166.009: [GC (GCLocker Initiated GC) [PSYoungGen: 180826K->32708K(197120K)] 585433K->437472K(721408K), 0.0049612 secs] [Times: user=0.04 sys=0.00, real=0.00 secs] 
2016-09-13T20:33:59.198-0400: 166.245: [GC (Allocation Failure) [PSYoungGen: 170436K->14355K(198144K)] 576895K->428681K(722432K), 0.0168950 secs] [Times: user=0.17 sys=0.00, real=0.01 secs] 
2016-09-13T20:33:59.422-0400: 166.468: [GC (GCLocker Initiated GC) [PSYoungGen: 152083K->27992K(198144K)] 566412K->442541K(722432K), 0.0237080 secs] [Times: user=0.26 sys=0.00, real=0.02 secs] 
2016-09-13T20:33:59.665-0400: 166.712: [GC (GCLocker Initiated GC) [PSYoungGen: 168792K->31094K(199680K)] 589525K->452028K(723968K), 0.0189464 secs] [Times: user=0.20 sys=0.00, real=0.02 secs] 
2016-09-13T20:33:59.895-0400: 166.942: [GC (Allocation Failure) [PSYoungGen: 171894K->41693K(201216K)] 594612K->473750K(725504K), 0.0209922 secs] [Times: user=0.17 sys=0.01, real=0.03 secs] 
2016-09-13T20:34:00.151-0400: 167.198: [GC (GCLocker Initiated GC) [PSYoungGen: 186383K->15779K(202240K)] 619958K->449482K(726528K), 0.0136316 secs] [Times: user=0.10 sys=0.01, real=0.01 secs] 
2016-09-13T20:34:00.363-0400: 167.410: [GC (GCLocker Initiated GC) [PSYoungGen: 160675K->46371K(198144K)] 594744K->480685K(722432K), 0.0290993 secs] [Times: user=0.34 sys=0.01, real=0.03 secs] 
2016-09-13T20:34:00.591-0400: 167.638: [GC (GCLocker Initiated GC) [PSYoungGen: 186659K->32491K(201216K)] 621006K->467153K(725504K), 0.0174358 secs] [Times: user=0.21 sys=0.00, real=0.02 secs] 
2016-09-13T20:34:00.812-0400: 167.858: [GC (GCLocker Initiated GC) [PSYoungGen: 172779K->46281K(198144K)] 607752K->492016K(722432K), 0.0083731 secs] [Times: user=0.06 sys=0.00, real=0.01 secs] 
2016-09-13T20:34:01.046-0400: 168.093: [GC (GCLocker Initiated GC) [PSYoungGen: 186569K->15934K(201216K)] 644479K->474045K(725504K), 0.0231367 secs] [Times: user=0.26 sys=0.00, real=0.03 secs] 
2016-09-13T20:34:01.303-0400: 168.350: [GC (GCLocker Initiated GC) [PSYoungGen: 156222K->26409K(197120K)] 622138K->493999K(721408K), 0.0459004 secs] [Times: user=0.49 sys=0.00, real=0.05 secs] 
2016-09-13T20:34:01.544-0400: 168.591: [GC (GCLocker Initiated GC) [PSYoungGen: 166697K->46344K(199168K)] 640419K->520237K(723456K), 0.0099530 secs] [Times: user=0.10 sys=0.00, real=0.01 secs] 
2016-09-13T20:34:01.795-0400: 168.842: [GC (Allocation Failure) [PSYoungGen: 186632K->17393K(200704K)] 663584K->494629K(724992K), 0.0119202 secs] [Times: user=0.11 sys=0.00, real=0.01 secs] 
2016-09-13T20:34:02.000-0400: 169.047: [GC (Allocation Failure) [PSYoungGen: 156145K->23405K(162304K)] 633381K->509963K(686592K), 0.0111308 secs] [Times: user=0.09 sys=0.00, real=0.01 secs] 
2016-09-13T20:34:02.207-0400: 169.253: [GC (GCLocker Initiated GC) [PSYoungGen: 162157K->29542K(201216K)] 648718K->516241K(725504K), 0.0139686 secs] [Times: user=0.12 sys=0.00, real=0.02 secs] 
2016-09-13T20:34:02.450-0400: 169.497: [GC (GCLocker Initiated GC) [PSYoungGen: 170854K->23309K(198656K)] 665202K->517850K(722944K), 0.0115979 secs] [Times: user=0.11 sys=0.00, real=0.01 secs] 
2016-09-13T20:34:02.682-0400: 169.728: [GC (GCLocker Initiated GC) [PSYoungGen: 164621K->46383K(197120K)] 660877K->542727K(721408K), 0.0368399 secs] [Times: user=0.42 sys=0.00, real=0.04 secs] 
2016-09-13T20:34:02.905-0400: 169.952: [GC (Allocation Failure) [PSYoungGen: 187695K->27934K(200704K)] 684061K->524414K(724992K), 0.0198462 secs] [Times: user=0.21 sys=0.01, real=0.02 secs] 
2016-09-13T20:34:03.135-0400: 170.182: [GC (GCLocker Initiated GC) [PSYoungGen: 169246K->28147K(197120K)] 665729K->533976K(721408K), 0.0098707 secs] [Times: user=0.10 sys=0.00, real=0.01 secs] 
2016-09-13T20:34:03.372-0400: 170.419: [GC (GCLocker Initiated GC) [PSYoungGen: 173555K->44698K(200704K)] 681005K->552409K(724992K), 0.0238370 secs] [Times: user=0.25 sys=0.00, real=0.03 secs] 
2016-09-13T20:34:03.617-0400: 170.663: [GC (GCLocker Initiated GC) [PSYoungGen: 190106K->41912K(202240K)] 700937K->552814K(726528K), 0.0110817 secs] [Times: user=0.10 sys=0.00, real=0.01 secs] 
2016-09-13T20:34:03.870-0400: 170.917: [Full GC (Ergonomics) [PSYoungGen: 186296K->0K(202240K)] [ParOldGen: 512720K->47231K(524288K)] 699016K->47231K(726528K), [Metaspace: 44643K->44643K(1087488K)], 0.0768641 secs] [Times: user=0.43 sys=0.01, real=0.07 secs] 
2016-09-13T20:34:04.114-0400: 171.161: [GC (GCLocker Initiated GC) [PSYoungGen: 144384K->57316K(201728K)] 197772K->128930K(726016K), 0.0114458 secs] [Times: user=0.12 sys=0.00, real=0.01 secs] 
2016-09-13T20:34:04.323-0400: 171.369: [GC (GCLocker Initiated GC) [PSYoungGen: 201700K->40142K(194560K)] 273540K->142821K(718848K), 0.0258160 secs] [Times: user=0.24 sys=0.00, real=0.03 secs] 
2016-09-13T20:34:04.541-0400: 171.588: [GC (GCLocker Initiated GC) [PSYoungGen: 174286K->27966K(198144K)] 278575K->132471K(722432K), 0.0217331 secs] [Times: user=0.22 sys=0.00, real=0.02 secs] 
2016-09-13T20:34:04.769-0400: 171.815: [GC (GCLocker Initiated GC) [PSYoungGen: 162110K->46192K(196608K)] 268306K->152551K(720896K), 0.0204658 secs] [Times: user=0.23 sys=0.00, real=0.02 secs] 
2016-09-13T20:34:04.971-0400: 172.018: [GC (Allocation Failure) [PSYoungGen: 180336K->31184K(165376K)] 286829K->137816K(689664K), 0.0098282 secs] [Times: user=0.10 sys=0.00, real=0.01 secs] 
2016-09-13T20:34:05.194-0400: 172.241: [GC (GCLocker Initiated GC) [PSYoungGen: 165328K->12837K(196096K)] 271960K->130317K(720384K), 0.0061457 secs] [Times: user=0.05 sys=0.01, real=0.01 secs] 
2016-09-13T20:34:05.416-0400: 172.463: [GC (GCLocker Initiated GC) [PSYoungGen: 146981K->26409K(197632K)] 265992K->145552K(721920K), 0.0237584 secs] [Times: user=0.23 sys=0.00, real=0.02 secs] 
2016-09-13T20:34:05.653-0400: 172.700: [GC (GCLocker Initiated GC) [PSYoungGen: 160553K->14414K(197632K)] 291949K->145956K(721920K), 0.0038625 secs] [Times: user=0.03 sys=0.00, real=0.01 secs] 
2016-09-13T20:34:05.887-0400: 172.934: [GC (Allocation Failure) [PSYoungGen: 150606K->23372K(198144K)] 294642K->172239K(722432K), 0.0132117 secs] [Times: user=0.10 sys=0.01, real=0.02 secs] 
2016-09-13T20:34:06.120-0400: 173.167: [GC (GCLocker Initiated GC) [PSYoungGen: 158206K->29761K(196608K)] 313148K->184964K(720896K), 0.0049011 secs] [Times: user=0.04 sys=0.00, real=0.00 secs] 
2016-09-13T20:34:06.357-0400: 173.404: [GC (GCLocker Initiated GC) [PSYoungGen: 170049K->28051K(197632K)] 328401K->186671K(721920K), 0.0058361 secs] [Times: user=0.04 sys=0.00, real=0.00 secs] 
2016-09-13T20:34:06.610-0400: 173.657: [GC (GCLocker Initiated GC) [PSYoungGen: 168339K->23394K(203776K)] 333062K->188158K(728064K), 0.0119050 secs] [Times: user=0.10 sys=0.00, real=0.01 secs] 
2016-09-13T20:34:06.836-0400: 173.883: [GC (Allocation Failure) [PSYoungGen: 172898K->37142K(203264K)] 337784K->202351K(727552K), 0.0224872 secs] [Times: user=0.25 sys=0.00, real=0.02 secs] 
2016-09-13T20:34:07.088-0400: 174.135: [GC (GCLocker Initiated GC) [PSYoungGen: 186646K->44603K(202752K)] 351858K->219094K(727040K), 0.0282471 secs] [Times: user=0.26 sys=0.00, real=0.03 secs] 
2016-09-13T20:34:07.327-0400: 174.373: [GC (Allocation Failure) [PSYoungGen: 193083K->52323K(201216K)] 367817K->233278K(725504K), 0.0190255 secs] [Times: user=0.18 sys=0.01, real=0.02 secs] 
2016-09-13T20:34:07.346-0400: 174.393: [GC (GCLocker Initiated GC) [PSYoungGen: 52538K->64K(193024K)] 233493K->245337K(717312K), 0.0069985 secs] [Times: user=0.06 sys=0.00, real=0.01 secs] 
2016-09-13T20:34:07.510-0400: 174.557: [GC (GCLocker Initiated GC) [PSYoungGen: 131355K->61341K(193536K)] 378148K->320283K(717824K), 0.0172380 secs] [Times: user=0.14 sys=0.00, real=0.01 secs] 
2016-09-13T20:34:07.722-0400: 174.768: [GC (GCLocker Initiated GC) [PSYoungGen: 193437K->44794K(184320K)] 452438K->322362K(708608K), 0.0415185 secs] [Times: user=0.49 sys=0.00, real=0.04 secs] 
2016-09-13T20:34:07.956-0400: 175.003: [GC (GCLocker Initiated GC) [PSYoungGen: 160506K->24800K(188928K)] 444158K->308767K(713216K), 0.0130706 secs] [Times: user=0.13 sys=0.00, real=0.01 secs] 
2016-09-13T20:34:08.124-0400: 175.171: [GC (GCLocker Initiated GC) [PSYoungGen: 140512K->46280K(188928K)] 424546K->335040K(713216K), 0.0101041 secs] [Times: user=0.11 sys=0.00, real=0.01 secs] 
2016-09-13T20:34:08.301-0400: 175.348: [GC (GCLocker Initiated GC) [PSYoungGen: 164040K->26346K(144384K)] 454321K->316770K(668672K), 0.0136254 secs] [Times: user=0.13 sys=0.00, real=0.01 secs] 
2016-09-13T20:34:08.501-0400: 175.548: [GC (GCLocker Initiated GC) [PSYoungGen: 144106K->59854K(180736K)] 434846K->350740K(705024K), 0.0212506 secs] [Times: user=0.22 sys=0.00, real=0.02 secs] 
2016-09-13T20:34:08.698-0400: 175.745: [GC (GCLocker Initiated GC) [PSYoungGen: 170446K->29543K(186368K)] 467560K->326910K(710656K), 0.0183612 secs] [Times: user=0.19 sys=0.00, real=0.02 secs] 
2016-09-13T20:34:08.890-0400: 175.937: [GC (GCLocker Initiated GC) [PSYoungGen: 140135K->20308K(181760K)] 445189K->330201K(706048K), 0.0095888 secs] [Times: user=0.07 sys=0.00, real=0.01 secs] 
2016-09-13T20:34:09.071-0400: 176.118: [GC (GCLocker Initiated GC) [PSYoungGen: 133460K->34098K(185344K)] 443498K->344365K(709632K), 0.0234272 secs] [Times: user=0.21 sys=0.00, real=0.02 secs] 
2016-09-13T20:34:09.276-0400: 176.323: [GC (GCLocker Initiated GC) [PSYoungGen: 147250K->64511K(178176K)] 459314K->376893K(702464K), 0.0101798 secs] [Times: user=0.10 sys=0.00, real=0.00 secs] 
2016-09-13T20:34:09.445-0400: 176.491: [GC (Allocation Failure) [PSYoungGen: 174079K->17452K(185856K)] 498857K->342502K(710144K), 0.0043861 secs] [Times: user=0.04 sys=0.00, real=0.01 secs] 
2016-09-13T20:34:09.449-0400: 176.496: [GC (GCLocker Initiated GC) [PSYoungGen: 17463K->64K(182272K)] 342513K->337730K(706560K), 0.0110456 secs] [Times: user=0.09 sys=0.00, real=0.01 secs] 
2016-09-13T20:34:09.614-0400: 176.661: [GC (GCLocker Initiated GC) [PSYoungGen: 106560K->49440K(156160K)] 444231K->387119K(680448K), 0.0312367 secs] [Times: user=0.33 sys=0.00, real=0.03 secs] 
2016-09-13T20:34:09.819-0400: 176.866: [GC (GCLocker Initiated GC) [PSYoungGen: 155936K->27801K(185856K)] 499712K->387168K(710144K), 0.0215073 secs] [Times: user=0.18 sys=0.01, real=0.02 secs] 
2016-09-13T20:34:10.000-0400: 177.047: [GC (Allocation Failure) [PSYoungGen: 133785K->6666K(182272K)] 499346K->379994K(706560K), 0.0118066 secs] [Times: user=0.10 sys=0.00, real=0.01 secs] 
2016-09-13T20:34:10.155-0400: 177.202: [GC (Allocation Failure) [PSYoungGen: 112133K->49350K(179712K)] 485461K->422887K(704000K), 0.0172133 secs] [Times: user=0.17 sys=0.00, real=0.02 secs] 
2016-09-13T20:34:10.324-0400: 177.370: [GC (GCLocker Initiated GC) [PSYoungGen: 152774K->24801K(182272K)] 526317K->416720K(706560K), 0.0067660 secs] [Times: user=0.04 sys=0.00, real=0.01 secs] 
2016-09-13T20:34:10.517-0400: 177.564: [GC (GCLocker Initiated GC) [PSYoungGen: 128225K->47800K(180736K)] 520157K->439879K(705024K), 0.0229393 secs] [Times: user=0.24 sys=0.00, real=0.02 secs] 
2016-09-13T20:34:10.689-0400: 177.736: [GC (GCLocker Initiated GC) [PSYoungGen: 153269K->46121K(182272K)] 545710K->444779K(706560K), 0.0164297 secs] [Times: user=0.14 sys=0.00, real=0.01 secs] 
2016-09-13T20:34:10.877-0400: 177.924: [GC (GCLocker Initiated GC) [PSYoungGen: 151593K->47577K(183808K)] 550262K->446481K(708096K), 0.0161013 secs] [Times: user=0.15 sys=0.00, real=0.01 secs] 
2016-09-13T20:34:11.018-0400: 178.065: [GC (GCLocker Initiated GC) [PSYoungGen: 154073K->49254K(156160K)] 554676K->453150K(680448K), 0.0086511 secs] [Times: user=0.08 sys=0.00, real=0.00 secs] 
2016-09-13T20:34:11.189-0400: 178.236: [GC (Allocation Failure) [PSYoungGen: 155750K->23404K(185344K)] 561385K->433839K(709632K), 0.0053406 secs] [Times: user=0.05 sys=0.00, real=0.00 secs] 
2016-09-13T20:34:11.329-0400: 178.376: [GC (Allocation Failure) [PSYoungGen: 129900K->23408K(130048K)] 540335K->434053K(654336K), 0.0173604 secs] [Times: user=0.18 sys=0.00, real=0.01 secs] 
2016-09-13T20:34:11.499-0400: 178.546: [GC (GCLocker Initiated GC) [PSYoungGen: 125196K->50780K(180224K)] 541915K->467634K(704512K), 0.0069600 secs] [Times: user=0.09 sys=0.02, real=0.00 secs] 
2016-09-13T20:34:11.673-0400: 178.719: [GC (GCLocker Initiated GC) [PSYoungGen: 155740K->46436K(181760K)] 572639K->463498K(706048K), 0.0078283 secs] [Times: user=0.09 sys=0.00, real=0.01 secs] 
2016-09-13T20:34:11.847-0400: 178.894: [GC (GCLocker Initiated GC) [PSYoungGen: 151396K->29644K(180224K)] 574784K->457889K(704512K), 0.0098304 secs] [Times: user=0.13 sys=0.00, real=0.02 secs] 
2016-09-13T20:34:12.044-0400: 179.090: [GC (GCLocker Initiated GC) [PSYoungGen: 138188K->11371K(182784K)] 572588K->445886K(707072K), 0.0204987 secs] [Times: user=0.23 sys=0.00, real=0.02 secs] 
2016-09-13T20:34:12.226-0400: 179.273: [GC (GCLocker Initiated GC) [PSYoungGen: 119915K->31162K(181248K)] 554460K->470587K(705536K), 0.0126605 secs] [Times: user=0.15 sys=0.00, real=0.02 secs] 
2016-09-13T20:34:12.411-0400: 179.458: [GC (GCLocker Initiated GC) [PSYoungGen: 144314K->50907K(184320K)] 583998K->493862K(708608K), 0.0101172 secs] [Times: user=0.14 sys=0.00, real=0.01 secs] 
2016-09-13T20:34:12.597-0400: 179.643: [GC (Allocation Failure) [PSYoungGen: 164059K->9795K(187392K)] 608563K->454438K(711680K), 0.0078577 secs] [Times: user=0.08 sys=0.00, real=0.00 secs] 
2016-09-13T20:34:12.761-0400: 179.808: [GC (GCLocker Initiated GC) [PSYoungGen: 123459K->27870K(141824K)] 568107K->472615K(666112K), 0.0211877 secs] [Times: user=0.20 sys=0.00, real=0.02 secs] 
2016-09-13T20:34:12.974-0400: 180.021: [GC (GCLocker Initiated GC) [PSYoungGen: 141534K->29384K(188928K)] 586455K->474376K(713216K), 0.0209300 secs] [Times: user=0.19 sys=0.00, real=0.02 secs] 
2016-09-13T20:34:13.135-0400: 180.182: [GC (GCLocker Initiated GC) [PSYoungGen: 147144K->46345K(185344K)] 592343K->491717K(709632K), 0.0210628 secs] [Times: user=0.26 sys=0.00, real=0.03 secs] 
2016-09-13T20:34:13.312-0400: 180.359: [GC (Allocation Failure) [PSYoungGen: 164105K->47682K(189440K)] 609497K->493290K(713728K), 0.0095235 secs] [Times: user=0.09 sys=0.00, real=0.01 secs] 
2016-09-13T20:34:13.500-0400: 180.547: [GC (GCLocker Initiated GC) [PSYoungGen: 167490K->47773K(167936K)] 613099K->501193K(692224K), 0.0159794 secs] [Times: user=0.18 sys=0.00, real=0.02 secs] 
2016-09-13T20:34:13.697-0400: 180.744: [GC (GCLocker Initiated GC) [PSYoungGen: 167581K->64484K(175616K)] 621006K->518129K(699904K), 0.0108661 secs] [Times: user=0.09 sys=0.00, real=0.01 secs] 
2016-09-13T20:34:13.900-0400: 180.946: [GC (GCLocker Initiated GC) [PSYoungGen: 167908K->28116K(182784K)] 635472K->495830K(707072K), 0.0208524 secs] [Times: user=0.24 sys=0.01, real=0.02 secs] 
2016-09-13T20:34:14.100-0400: 181.147: [GC (GCLocker Initiated GC) [PSYoungGen: 131540K->41975K(176128K)] 600943K->511540K(700416K), 0.0102063 secs] [Times: user=0.11 sys=0.00, real=0.01 secs] 
2016-09-13T20:34:14.280-0400: 181.326: [GC (GCLocker Initiated GC) [PSYoungGen: 147959K->26345K(180736K)] 623887K->502530K(705024K), 0.0102501 secs] [Times: user=0.06 sys=0.00, real=0.01 secs] 
2016-09-13T20:34:14.457-0400: 181.504: [GC (Allocation Failure) [PSYoungGen: 132329K->58214K(180736K)] 610265K->536358K(705024K), 0.0246843 secs] [Times: user=0.22 sys=0.00, real=0.02 secs] 
2016-09-13T20:34:14.642-0400: 181.689: [GC (GCLocker Initiated GC) [PSYoungGen: 165734K->49256K(184832K)] 643892K->527494K(709120K), 0.0177327 secs] [Times: user=0.16 sys=0.00, real=0.02 secs] 
2016-09-13T20:34:14.804-0400: 181.851: [GC (Allocation Failure) [PSYoungGen: 156776K->24891K(182784K)] 641332K->509636K(707072K), 0.0058062 secs] [Times: user=0.04 sys=0.00, real=0.01 secs] 
2016-09-13T20:34:14.963-0400: 182.009: [GC (Allocation Failure) [PSYoungGen: 132411K->32682K(183808K)] 617156K->517661K(708096K), 0.0072321 secs] [Times: user=0.08 sys=0.00, real=0.01 secs] 
2016-09-13T20:34:15.123-0400: 182.170: [GC (GCLocker Initiated GC) [PSYoungGen: 140202K->47832K(183296K)] 625183K->533047K(707584K), 0.0057040 secs] [Times: user=0.06 sys=0.00, real=0.01 secs] 
2016-09-13T20:34:15.315-0400: 182.361: [GC (GCLocker Initiated GC) [PSYoungGen: 157912K->27838K(183808K)] 643152K->513346K(708096K), 0.0141938 secs] [Times: user=0.14 sys=0.00, real=0.02 secs] 
2016-09-13T20:34:15.499-0400: 182.546: [GC (GCLocker Initiated GC) [PSYoungGen: 137918K->52548K(185344K)] 629862K->555310K(709632K), 0.0086388 secs] [Times: user=0.11 sys=0.00, real=0.01 secs] 
2016-09-13T20:34:15.700-0400: 182.747: [Full GC (Ergonomics) [PSYoungGen: 165700K->0K(185344K)] [ParOldGen: 518238K->45531K(524288K)] 683938K->45531K(709632K), [Metaspace: 44644K->44644K(1087488K)], 0.0734510 secs] [Times: user=0.35 sys=0.01, real=0.07 secs] 
2016-09-13T20:34:15.956-0400: 183.002: [GC (Allocation Failure) [PSYoungGen: 113152K->38942K(152576K)] 160377K->86167K(676864K), 0.0162966 secs] [Times: user=0.17 sys=0.00, real=0.01 secs] 
2016-09-13T20:34:16.150-0400: 183.197: [GC (GCLocker Initiated GC) [PSYoungGen: 151518K->47865K(186368K)] 200262K->107740K(710656K), 0.0160663 secs] [Times: user=0.15 sys=0.01, real=0.01 secs] 
2016-09-13T20:34:16.327-0400: 183.374: [GC (GCLocker Initiated GC) [PSYoungGen: 163577K->59982K(186368K)] 223679K->120173K(710656K), 0.0292547 secs] [Times: user=0.31 sys=0.00, real=0.04 secs] 
2016-09-13T20:34:16.499-0400: 183.546: [GC (GCLocker Initiated GC) [PSYoungGen: 175694K->64538K(177664K)] 237469K->126598K(701952K), 0.0337295 secs] [Times: user=0.37 sys=0.01, real=0.03 secs] 
2016-09-13T20:34:16.684-0400: 183.731: [GC (GCLocker Initiated GC) [PSYoungGen: 166938K->25181K(182272K)] 230712K->96770K(706560K), 0.0097625 secs] [Times: user=0.11 sys=0.00, real=0.01 secs] 
2016-09-13T20:34:16.827-0400: 183.873: [GC (GCLocker Initiated GC) [PSYoungGen: 127581K->47646K(178176K)] 199455K->119792K(702464K), 0.0061400 secs] [Times: user=0.05 sys=0.00, real=0.01 secs] 
2016-09-13T20:34:16.966-0400: 184.012: [GC (GCLocker Initiated GC) [PSYoungGen: 150046K->23659K(180224K)] 225252K->99051K(704512K), 0.0167610 secs] [Times: user=0.19 sys=0.00, real=0.02 secs] 
2016-09-13T20:34:17.122-0400: 184.169: [GC (GCLocker Initiated GC) [PSYoungGen: 126059K->46159K(180224K)] 201494K->121904K(704512K), 0.0306377 secs] [Times: user=0.28 sys=0.01, real=0.03 secs] 
2016-09-13T20:34:17.292-0400: 184.339: [GC (GCLocker Initiated GC) [PSYoungGen: 152655K->46308K(182272K)] 234724K->137739K(706560K), 0.0182268 secs] [Times: user=0.19 sys=0.00, real=0.02 secs] 
2016-09-13T20:34:17.477-0400: 184.524: [GC (GCLocker Initiated GC) [PSYoungGen: 152804K->48055K(183808K)] 244416K->140026K(708096K), 0.0196466 secs] [Times: user=0.24 sys=0.00, real=0.02 secs] 
2016-09-13T20:34:17.669-0400: 184.715: [GC (GCLocker Initiated GC) [PSYoungGen: 160183K->49356K(185344K)] 252188K->141578K(709632K), 0.0107775 secs] [Times: user=0.09 sys=0.00, real=0.01 secs] 
2016-09-13T20:34:17.863-0400: 184.909: [GC (GCLocker Initiated GC) [PSYoungGen: 161484K->26506K(188416K)] 259795K->126537K(712704K), 0.0263410 secs] [Times: user=0.28 sys=0.00, real=0.03 secs] 
2016-09-13T20:34:18.082-0400: 185.129: [GC (GCLocker Initiated GC) [PSYoungGen: 142730K->43217K(159744K)] 244305K->152630K(684032K), 0.0256347 secs] [Times: user=0.27 sys=0.00, real=0.03 secs] 
2016-09-13T20:34:18.287-0400: 185.333: [GC (GCLocker Initiated GC) [PSYoungGen: 159441K->49196K(187392K)] 268910K->158792K(711680K), 0.0099836 secs] [Times: user=0.07 sys=0.01, real=0.02 secs] 
2016-09-13T20:34:18.458-0400: 185.505: [GC (GCLocker Initiated GC) [PSYoungGen: 166444K->64506K(181760K)] 277782K->175987K(706048K), 0.0300928 secs] [Times: user=0.32 sys=0.00, real=0.03 secs] 
2016-09-13T20:34:18.654-0400: 185.701: [GC (Allocation Failure) [PSYoungGen: 181754K->11474K(181248K)] 307133K->159871K(705536K), 0.0167877 secs] [Times: user=0.22 sys=0.00, real=0.02 secs] 
2016-09-13T20:34:18.812-0400: 185.859: [GC (GCLocker Initiated GC) [PSYoungGen: 116946K->55368K(161280K)] 266862K->211522K(685568K), 0.0075603 secs] [Times: user=0.08 sys=0.00, real=0.01 secs] 
2016-09-13T20:34:18.970-0400: 186.017: [GC (GCLocker Initiated GC) [PSYoungGen: 160840K->29516K(183808K)] 318719K->187499K(708096K), 0.0243037 secs] [Times: user=0.29 sys=0.01, real=0.02 secs] 
2016-09-13T20:34:19.141-0400: 186.188: [GC (GCLocker Initiated GC) [PSYoungGen: 133452K->34078K(138240K)] 291524K->201496K(662528K), 0.0064388 secs] [Times: user=0.07 sys=0.00, real=0.01 secs] 
2016-09-13T20:34:19.298-0400: 186.345: [GC (GCLocker Initiated GC) [PSYoungGen: 138014K->70836K(171008K)] 305674K->238667K(695296K), 0.0085756 secs] [Times: user=0.11 sys=0.00, real=0.00 secs] 
2016-09-13T20:34:19.461-0400: 186.508: [GC (GCLocker Initiated GC) [PSYoungGen: 166068K->51092K(178688K)] 334130K->219541K(702976K), 0.0095807 secs] [Times: user=0.14 sys=0.00, real=0.01 secs] 
2016-09-13T20:34:19.643-0400: 186.690: [GC (Allocation Failure) [PSYoungGen: 146324K->23564K(176640K)] 316360K->193884K(700928K), 0.0056383 secs] [Times: user=0.06 sys=0.00, real=0.01 secs] 
2016-09-13T20:34:19.783-0400: 186.830: [GC (GCLocker Initiated GC) [PSYoungGen: 119820K->28157K(178176K)] 290143K->198831K(702464K), 0.0063538 secs] [Times: user=0.07 sys=0.01, real=0.01 secs] 
2016-09-13T20:34:19.918-0400: 186.965: [GC (GCLocker Initiated GC) [PSYoungGen: 124413K->56987K(177664K)] 295109K->228137K(701952K), 0.0075991 secs] [Times: user=0.12 sys=0.00, real=0.00 secs] 
2016-09-13T20:34:20.093-0400: 187.140: [GC (GCLocker Initiated GC) [PSYoungGen: 154267K->28180K(179712K)] 339296K->228677K(704000K), 0.0096385 secs] [Times: user=0.14 sys=0.00, real=0.01 secs] 
2016-09-13T20:34:20.272-0400: 187.318: [GC (GCLocker Initiated GC) [PSYoungGen: 125460K->41618K(172032K)] 326026K->242350K(696320K), 0.0168139 secs] [Times: user=0.13 sys=0.00, real=0.02 secs] 
2016-09-13T20:34:20.456-0400: 187.503: [GC (GCLocker Initiated GC) [PSYoungGen: 140434K->41694K(176128K)] 349042K->250577K(700416K), 0.0257196 secs] [Times: user=0.24 sys=0.01, real=0.02 secs] 
2016-09-13T20:34:20.653-0400: 187.699: [GC (GCLocker Initiated GC) [PSYoungGen: 140510K->32590K(181248K)] 355537K->247772K(705536K), 0.0059235 secs] [Times: user=0.04 sys=0.00, real=0.01 secs] 
2016-09-13T20:34:20.804-0400: 187.851: [GC (Allocation Failure) [PSYoungGen: 143694K->49558K(183296K)] 360537K->266602K(707584K), 0.0225243 secs] [Times: user=0.23 sys=0.01, real=0.02 secs] 
2016-09-13T20:34:20.998-0400: 188.045: [GC (GCLocker Initiated GC) [PSYoungGen: 155696K->9858K(184832K)] 378816K->233203K(709120K), 0.0212495 secs] [Times: user=0.22 sys=0.00, real=0.02 secs] 
2016-09-13T20:34:21.196-0400: 188.243: [GC (GCLocker Initiated GC) [PSYoungGen: 122498K->9677K(122368K)] 353520K->240916K(646656K), 0.0252591 secs] [Times: user=0.28 sys=0.00, real=0.02 secs] 
2016-09-13T20:34:21.365-0400: 188.412: [GC (Allocation Failure) [PSYoungGen: 122317K->9799K(185344K)] 355127K->242785K(709632K), 0.0098122 secs] [Times: user=0.11 sys=0.00, real=0.01 secs] 
2016-09-13T20:34:21.518-0400: 188.564: [GC (GCLocker Initiated GC) [PSYoungGen: 119367K->47800K(157696K)] 352356K->281139K(681984K), 0.0211762 secs] [Times: user=0.23 sys=0.01, real=0.02 secs] 
2016-09-13T20:34:21.750-0400: 188.797: [GC (GCLocker Initiated GC) [PSYoungGen: 157368K->35715K(188416K)] 396877K->275367K(712704K), 0.0194159 secs] [Times: user=0.24 sys=0.00, real=0.02 secs] 
2016-09-13T20:34:21.919-0400: 188.966: [GC (GCLocker Initiated GC) [PSYoungGen: 146819K->34131K(145408K)] 386487K->281606K(669696K), 0.0238309 secs] [Times: user=0.26 sys=0.00, real=0.02 secs] 
2016-09-13T20:34:22.106-0400: 189.153: [GC (GCLocker Initiated GC) [PSYoungGen: 145235K->29451K(183296K)] 398843K->289395K(707584K), 0.0051122 secs] [Times: user=0.04 sys=0.00, real=0.01 secs] 
2016-09-13T20:34:22.269-0400: 189.316: [GC (GCLocker Initiated GC) [PSYoungGen: 143115K->64352K(180736K)] 403271K->330804K(705024K), 0.0243199 secs] [Times: user=0.26 sys=0.00, real=0.02 secs] 
2016-09-13T20:34:22.483-0400: 189.530: [GC (GCLocker Initiated GC) [PSYoungGen: 178016K->50838K(184832K)] 444493K->344850K(709120K), 0.0107035 secs] [Times: user=0.11 sys=0.00, real=0.01 secs] 
2016-09-13T20:34:22.676-0400: 189.723: [GC (GCLocker Initiated GC) [PSYoungGen: 160406K->44549K(154624K)] 454619K->346566K(678912K), 0.0093037 secs] [Times: user=0.07 sys=0.00, real=0.00 secs] 
2016-09-13T20:34:22.832-0400: 189.879: [GC (GCLocker Initiated GC) [PSYoungGen: 154117K->32581K(187392K)] 457797K->336324K(711680K), 0.0182316 secs] [Times: user=0.18 sys=0.00, real=0.02 secs] 
2016-09-13T20:34:23.008-0400: 190.055: [GC (GCLocker Initiated GC) [PSYoungGen: 145221K->31190K(143872K)] 456597K->342721K(668160K), 0.0100572 secs] [Times: user=0.11 sys=0.00, real=0.01 secs] 
2016-09-13T20:34:23.208-0400: 190.255: [GC (GCLocker Initiated GC) [PSYoungGen: 143830K->5339K(182272K)] 464691K->338549K(706560K), 0.0050603 secs] [Times: user=0.04 sys=0.00, real=0.00 secs] 
2016-09-13T20:34:23.416-0400: 190.463: [GC (GCLocker Initiated GC) [PSYoungGen: 117467K->9959K(184832K)] 456925K->349666K(709120K), 0.0180998 secs] [Times: user=0.26 sys=0.01, real=0.01 secs] 
2016-09-13T20:34:23.605-0400: 190.652: [GC (GCLocker Initiated GC) [PSYoungGen: 122087K->43431K(188416K)] 467895K->389489K(712704K), 0.0070918 secs] [Times: user=0.09 sys=0.01, real=0.01 secs] 
2016-09-13T20:34:23.780-0400: 190.827: [GC (GCLocker Initiated GC) [PSYoungGen: 159143K->17653K(133632K)] 505382K->376279K(657920K), 0.0044158 secs] [Times: user=0.05 sys=0.00, real=0.00 secs] 
2016-09-13T20:34:23.942-0400: 190.989: [GC (Allocation Failure) [PSYoungGen: 133365K->46403K(186368K)] 492217K->405488K(710656K), 0.0199257 secs] [Times: user=0.24 sys=0.00, real=0.02 secs] 
2016-09-13T20:34:24.143-0400: 191.190: [GC (GCLocker Initiated GC) [PSYoungGen: 161091K->46196K(187904K)] 520182K->405512K(712192K), 0.0199869 secs] [Times: user=0.23 sys=0.00, real=0.02 secs] 
2016-09-13T20:34:24.327-0400: 191.374: [GC (Allocation Failure) [PSYoungGen: 160884K->23557K(185856K)] 526358K->389197K(710144K), 0.0096119 secs] [Times: user=0.08 sys=0.00, real=0.02 secs] 
2016-09-13T20:34:24.520-0400: 191.567: [GC (GCLocker Initiated GC) [PSYoungGen: 137709K->24950K(186880K)] 509425K->397001K(711168K), 0.0119346 secs] [Times: user=0.14 sys=0.01, real=0.01 secs] 
2016-09-13T20:34:24.701-0400: 191.747: [GC (GCLocker Initiated GC) [PSYoungGen: 139638K->32458K(184320K)] 511750K->404810K(708608K), 0.0475201 secs] [Times: user=0.50 sys=0.00, real=0.05 secs] 
2016-09-13T20:34:24.904-0400: 191.950: [GC (GCLocker Initiated GC) [PSYoungGen: 152778K->41598K(186368K)] 526669K->421707K(710656K), 0.0152539 secs] [Times: user=0.16 sys=0.00, real=0.02 secs] 
2016-09-13T20:34:25.098-0400: 192.145: [GC (GCLocker Initiated GC) [PSYoungGen: 161918K->30971K(189952K)] 554204K->423427K(714240K), 0.0147409 secs] [Times: user=0.17 sys=0.00, real=0.01 secs] 
2016-09-13T20:34:25.319-0400: 192.365: [GC (GCLocker Initiated GC) [PSYoungGen: 161019K->39924K(193024K)] 555182K->435733K(717312K), 0.0078462 secs] [Times: user=0.06 sys=0.00, real=0.00 secs] 
2016-09-13T20:34:25.517-0400: 192.564: [GC (GCLocker Initiated GC) [PSYoungGen: 169972K->44486K(196608K)] 565806K->440450K(720896K), 0.0065627 secs] [Times: user=0.06 sys=0.00, real=0.00 secs] 
2016-09-13T20:34:25.748-0400: 192.795: [GC (GCLocker Initiated GC) [PSYoungGen: 178630K->11254K(145408K)] 582213K->419458K(669696K), 0.0307055 secs] [Times: user=0.25 sys=0.00, real=0.03 secs] 
2016-09-13T20:34:25.996-0400: 193.043: [GC (GCLocker Initiated GC) [PSYoungGen: 145398K->24956K(199168K)] 556818K->448751K(723456K), 0.0085915 secs] [Times: user=0.08 sys=0.00, real=0.00 secs] 
2016-09-13T20:34:26.218-0400: 193.265: [GC (GCLocker Initiated GC) [PSYoungGen: 159100K->27970K(162304K)] 584611K->453628K(686592K), 0.0061505 secs] [Times: user=0.07 sys=0.00, real=0.00 secs] 
2016-09-13T20:34:26.428-0400: 193.475: [GC (GCLocker Initiated GC) [PSYoungGen: 162114K->29639K(197120K)] 587897K->455557K(721408K), 0.0213816 secs] [Times: user=0.20 sys=0.01, real=0.02 secs] 
2016-09-13T20:34:26.649-0400: 193.696: [GC (GCLocker Initiated GC) [PSYoungGen: 166343K->34127K(194560K)] 598358K->466273K(718848K), 0.0250289 secs] [Times: user=0.22 sys=0.00, real=0.02 secs] 
2016-09-13T20:34:26.909-0400: 193.956: [GC (GCLocker Initiated GC) [PSYoungGen: 170831K->44640K(197632K)] 604512K->489032K(721920K), 0.0084973 secs] [Times: user=0.08 sys=0.00, real=0.01 secs] 
2016-09-13T20:34:27.102-0400: 194.148: [GC (GCLocker Initiated GC) [PSYoungGen: 185952K->47832K(200192K)] 630366K->492369K(724480K), 0.0114366 secs] [Times: user=0.11 sys=0.00, real=0.01 secs] 
2016-09-13T20:34:27.318-0400: 194.365: [GC (GCLocker Initiated GC) [PSYoungGen: 189144K->44608K(198144K)] 635221K->496992K(722432K), 0.0189337 secs] [Times: user=0.17 sys=0.00, real=0.02 secs] 
2016-09-13T20:34:27.553-0400: 194.600: [GC (GCLocker Initiated GC) [PSYoungGen: 180800K->8153K(144384K)] 633363K->471486K(668672K), 0.0208774 secs] [Times: user=0.21 sys=0.00, real=0.02 secs] 
2016-09-13T20:34:27.772-0400: 194.818: [GC (GCLocker Initiated GC) [PSYoungGen: 144345K->32484K(200704K)] 607706K->496092K(724992K), 0.0160658 secs] [Times: user=0.16 sys=0.01, real=0.02 secs] 
2016-09-13T20:34:28.003-0400: 195.049: [GC (GCLocker Initiated GC) [PSYoungGen: 168676K->5243K(197632K)] 640067K->490533K(721920K), 0.0044413 secs] [Times: user=0.04 sys=0.00, real=0.00 secs] 
2016-09-13T20:34:28.235-0400: 195.282: [GC (GCLocker Initiated GC) [PSYoungGen: 141435K->36951K(199680K)] 626747K->522394K(723968K), 0.0299732 secs] [Times: user=0.27 sys=0.01, real=0.03 secs] 
2016-09-13T20:34:28.455-0400: 195.501: [GC (Allocation Failure) [PSYoungGen: 173143K->46213K(182784K)] 658820K->539630K(707072K), 0.0104132 secs] [Times: user=0.10 sys=0.00, real=0.01 secs] 
2016-09-13T20:34:28.671-0400: 195.718: [GC (GCLocker Initiated GC) [PSYoungGen: 182405K->47895K(192000K)] 675825K->541528K(716288K), 0.0225865 secs] [Times: user=0.22 sys=0.00, real=0.02 secs] 
2016-09-13T20:34:28.868-0400: 195.915: [GC (GCLocker Initiated GC) [PSYoungGen: 174871K->46159K(173568K)] 670179K->541681K(697856K), 0.0135473 secs] [Times: user=0.14 sys=0.00, real=0.01 secs] 
2016-09-13T20:34:29.084-0400: 196.131: [GC (GCLocker Initiated GC) [PSYoungGen: 173135K->28030K(195072K)] 674907K->529972K(719360K), 0.0066713 secs] [Times: user=0.04 sys=0.01, real=0.01 secs] 
2016-09-13T20:34:29.308-0400: 196.355: [GC (GCLocker Initiated GC) [PSYoungGen: 153982K->46128K(193024K)] 656130K->548412K(717312K), 0.0330906 secs] [Times: user=0.35 sys=0.00, real=0.03 secs] 
2016-09-13T20:34:29.516-0400: 196.562: [GC (Allocation Failure) [PSYoungGen: 172080K->27991K(192000K)] 677498K->533540K(716288K), 0.0055842 secs] [Times: user=0.04 sys=0.00, real=0.01 secs] 
2016-09-13T20:34:29.707-0400: 196.754: [GC (GCLocker Initiated GC) [PSYoungGen: 154967K->29357K(193024K)] 660519K->535256K(717312K), 0.0244648 secs] [Times: user=0.29 sys=0.00, real=0.03 secs] 
2016-09-13T20:34:29.904-0400: 196.951: [GC (GCLocker Initiated GC) [PSYoungGen: 156333K->46217K(193536K)] 663851K->553799K(717824K), 0.0067306 secs] [Times: user=0.05 sys=0.00, real=0.01 secs] 
2016-09-13T20:34:30.121-0400: 197.168: [GC (GCLocker Initiated GC) [PSYoungGen: 175753K->44545K(195072K)] 683556K->552572K(719360K), 0.0251256 secs] [Times: user=0.25 sys=0.00, real=0.02 secs] 
2016-09-13T20:34:30.327-0400: 197.373: [GC (GCLocker Initiated GC) [PSYoungGen: 174081K->44539K(195584K)] 682126K->552766K(719872K), 0.0176835 secs] [Times: user=0.14 sys=0.00, real=0.02 secs] 
2016-09-13T20:34:30.541-0400: 197.587: [Full GC (Ergonomics) [PSYoungGen: 174587K->0K(195584K)] [ParOldGen: 515870K->38797K(524288K)] 690458K->38797K(719872K), [Metaspace: 44662K->44662K(1087488K)], 0.0654845 secs] [Times: user=0.32 sys=0.01, real=0.06 secs] 
2016-09-13T20:34:30.776-0400: 197.823: [GC (GCLocker Initiated GC) [PSYoungGen: 130048K->20583K(196096K)] 175101K->65637K(720384K), 0.0036561 secs] [Times: user=0.01 sys=0.00, real=0.00 secs] 
2016-09-13T20:34:30.989-0400: 198.036: [GC (GCLocker Initiated GC) [PSYoungGen: 150631K->23276K(194048K)] 197312K->84124K(718336K), 0.0120914 secs] [Times: user=0.11 sys=0.00, real=0.01 secs] 
2016-09-13T20:34:31.201-0400: 198.248: [GC (GCLocker Initiated GC) [PSYoungGen: 153324K->20559K(195072K)] 214183K->81593K(719360K), 0.0115189 secs] [Times: user=0.14 sys=0.00, real=0.01 secs] 
2016-09-13T20:34:31.411-0400: 198.457: [GC (GCLocker Initiated GC) [PSYoungGen: 150607K->16001K(197120K)] 217718K->90959K(721408K), 0.0219743 secs] [Times: user=0.26 sys=0.00, real=0.02 secs] 
2016-09-13T20:34:31.638-0400: 198.685: [GC (Allocation Failure) [PSYoungGen: 149121K->26532K(159744K)] 224257K->101948K(684032K), 0.0179771 secs] [Times: user=0.17 sys=0.00, real=0.02 secs] 
2016-09-13T20:34:31.847-0400: 198.894: [GC (GCLocker Initiated GC) [PSYoungGen: 158423K->41566K(194560K)] 235358K->118663K(718848K), 0.0182197 secs] [Times: user=0.16 sys=0.00, real=0.02 secs] 
2016-09-13T20:34:32.058-0400: 199.105: [GC (GCLocker Initiated GC) [PSYoungGen: 174686K->47801K(195584K)] 251806K->124993K(719872K), 0.0098475 secs] [Times: user=0.08 sys=0.00, real=0.01 secs] 
2016-09-13T20:34:32.262-0400: 199.308: [GC (GCLocker Initiated GC) [PSYoungGen: 180921K->46376K(193536K)] 258235K->129936K(717824K), 0.0118861 secs] [Times: user=0.12 sys=0.00, real=0.01 secs] 
2016-09-13T20:34:32.484-0400: 199.530: [GC (GCLocker Initiated GC) [PSYoungGen: 174376K->43339K(195072K)] 259611K->128701K(719360K), 0.0116515 secs] [Times: user=0.11 sys=0.00, real=0.01 secs] 
2016-09-13T20:34:32.712-0400: 199.759: [GC (GCLocker Initiated GC) [PSYoungGen: 171339K->32739K(189952K)] 264465K->126067K(714240K), 0.0089609 secs] [Times: user=0.08 sys=0.00, real=0.01 secs] 
2016-09-13T20:34:32.908-0400: 199.955: [GC (GCLocker Initiated GC) [PSYoungGen: 160739K->29512K(192512K)] 254248K->127979K(716800K), 0.0324016 secs] [Times: user=0.35 sys=0.00, real=0.03 secs] 
2016-09-13T20:34:33.105-0400: 200.151: [GC (GCLocker Initiated GC) [PSYoungGen: 157512K->44895K(197120K)] 257676K->145264K(721408K), 0.0142233 secs] [Times: user=0.17 sys=0.00, real=0.02 secs] 
2016-09-13T20:34:33.329-0400: 200.376: [GC (GCLocker Initiated GC) [PSYoungGen: 179551K->41598K(198144K)] 280281K->142530K(722432K), 0.0165682 secs] [Times: user=0.17 sys=0.00, real=0.01 secs] 
2016-09-13T20:34:33.578-0400: 200.624: [GC (GCLocker Initiated GC) [PSYoungGen: 176254K->14297K(197120K)] 278883K->117064K(721408K), 0.0244908 secs] [Times: user=0.31 sys=0.00, real=0.02 secs] 
2016-09-13T20:34:33.776-0400: 200.823: [GC (GCLocker Initiated GC) [PSYoungGen: 148441K->52543K(186880K)] 251279K->155485K(711168K), 0.0100867 secs] [Times: user=0.12 sys=0.00, real=0.00 secs] 
2016-09-13T20:34:34.008-0400: 201.054: [GC (GCLocker Initiated GC) [PSYoungGen: 186687K->31062K(196608K)] 289685K->134175K(720896K), 0.0133361 secs] [Times: user=0.12 sys=0.01, real=0.01 secs] 
2016-09-13T20:34:34.212-0400: 201.258: [GC (GCLocker Initiated GC) [PSYoungGen: 159574K->59854K(188416K)] 262709K->178363K(712704K), 0.0104451 secs] [Times: user=0.08 sys=0.00, real=0.01 secs] 
2016-09-13T20:34:34.454-0400: 201.501: [GC (GCLocker Initiated GC) [PSYoungGen: 188366K->23600K(191488K)] 314532K->194094K(715776K), 0.0066092 secs] [Times: user=0.06 sys=0.00, real=0.01 secs] 
2016-09-13T20:34:34.641-0400: 201.687: [GC (GCLocker Initiated GC) [PSYoungGen: 143408K->40116K(160256K)] 315650K->212551K(684544K), 0.0262351 secs] [Times: user=0.26 sys=0.00, real=0.02 secs] 
2016-09-13T20:34:34.823-0400: 201.870: [GC (GCLocker Initiated GC) [PSYoungGen: 159924K->32740K(190976K)] 332442K->205397K(715264K), 0.0099629 secs] [Times: user=0.09 sys=0.00, real=0.01 secs] 
2016-09-13T20:34:35.032-0400: 202.078: [GC (GCLocker Initiated GC) [PSYoungGen: 155108K->46281K(188416K)] 327994K->220825K(712704K), 0.0162640 secs] [Times: user=0.18 sys=0.00, real=0.02 secs] 
2016-09-13T20:34:35.211-0400: 202.258: [GC (GCLocker Initiated GC) [PSYoungGen: 168649K->34254K(192512K)] 343374K->209263K(716800K), 0.0062887 secs] [Times: user=0.06 sys=0.00, real=0.01 secs] 
2016-09-13T20:34:35.404-0400: 202.450: [GC (Allocation Failure) [PSYoungGen: 163278K->28054K(193536K)] 338322K->203237K(717824K), 0.0072933 secs] [Times: user=0.06 sys=0.00, real=0.01 secs] 
2016-09-13T20:34:35.622-0400: 202.669: [GC (Allocation Failure) [PSYoungGen: 157078K->29389K(194560K)] 332261K->204911K(718848K), 0.0196611 secs] [Times: user=0.17 sys=0.00, real=0.02 secs] 
2016-09-13T20:34:35.846-0400: 202.893: [GC (GCLocker Initiated GC) [PSYoungGen: 162431K->29452K(196096K)] 344027K->211203K(720384K), 0.0067092 secs] [Times: user=0.08 sys=0.00, real=0.01 secs] 
2016-09-13T20:34:36.055-0400: 203.102: [GC (GCLocker Initiated GC) [PSYoungGen: 163596K->32708K(195072K)] 351696K->220962K(719360K), 0.0194317 secs] [Times: user=0.21 sys=0.00, real=0.02 secs] 
2016-09-13T20:34:36.301-0400: 203.348: [GC (GCLocker Initiated GC) [PSYoungGen: 172484K->32613K(197632K)] 374551K->234987K(721920K), 0.0245492 secs] [Times: user=0.25 sys=0.00, real=0.02 secs] 
2016-09-13T20:34:36.569-0400: 203.616: [GC (GCLocker Initiated GC) [PSYoungGen: 172389K->46568K(201728K)] 375020K->261525K(726016K), 0.0088388 secs] [Times: user=0.12 sys=0.00, real=0.01 secs] 
2016-09-13T20:34:36.794-0400: 203.840: [GC (Allocation Failure) [PSYoungGen: 191976K->28243K(203776K)] 407131K->243639K(728064K), 0.0055029 secs] [Times: user=0.06 sys=0.00, real=0.01 secs] 
2016-09-13T20:34:37.018-0400: 204.065: [GC (GCLocker Initiated GC) [PSYoungGen: 173305K->47963K(199680K)] 390220K->265209K(723968K), 0.0221564 secs] [Times: user=0.18 sys=0.00, real=0.02 secs] 
2016-09-13T20:34:37.259-0400: 204.306: [GC (GCLocker Initiated GC) [PSYoungGen: 190299K->13077K(155648K)] 421250K->244296K(679936K), 0.0263598 secs] [Times: user=0.28 sys=0.00, real=0.02 secs] 
2016-09-13T20:34:37.507-0400: 204.554: [GC (GCLocker Initiated GC) [PSYoungGen: 155413K->41693K(199680K)] 388263K->279341K(723968K), 0.0070490 secs] [Times: user=0.06 sys=0.00, real=0.01 secs] 
2016-09-13T20:34:37.701-0400: 204.748: [GC (GCLocker Initiated GC) [PSYoungGen: 179933K->43216K(181760K)] 419281K->282734K(706048K), 0.0195324 secs] [Times: user=0.21 sys=0.00, real=0.02 secs] 
2016-09-13T20:34:37.940-0400: 204.987: [GC (Allocation Failure) [PSYoungGen: 181456K->23372K(200704K)] 427399K->269508K(724992K), 0.0265761 secs] [Times: user=0.33 sys=0.00, real=0.02 secs] 
2016-09-13T20:34:38.209-0400: 205.256: [GC (GCLocker Initiated GC) [PSYoungGen: 161610K->23409K(161792K)] 407810K->269838K(686080K), 0.0084316 secs] [Times: user=0.04 sys=0.00, real=0.01 secs] 
2016-09-13T20:34:38.432-0400: 205.479: [GC (GCLocker Initiated GC) [PSYoungGen: 161649K->47965K(196096K)] 408094K->294619K(720384K), 0.0123881 secs] [Times: user=0.13 sys=0.00, real=0.01 secs] 
2016-09-13T20:34:38.662-0400: 205.709: [GC (GCLocker Initiated GC) [PSYoungGen: 183133K->23723K(198656K)] 446712K->295118K(722944K), 0.0090850 secs] [Times: user=0.10 sys=0.00, real=0.01 secs] 
2016-09-13T20:34:38.870-0400: 205.917: [GC (GCLocker Initiated GC) [PSYoungGen: 158891K->41719K(197632K)] 430364K->313428K(721920K), 0.0093558 secs] [Times: user=0.07 sys=0.00, real=0.01 secs] 
2016-09-13T20:34:39.076-0400: 206.123: [GC (GCLocker Initiated GC) [PSYoungGen: 177911K->47869K(184320K)] 449669K->332106K(708608K), 0.0207126 secs] [Times: user=0.25 sys=0.00, real=0.02 secs] 
2016-09-13T20:34:39.322-0400: 206.369: [GC (GCLocker Initiated GC) [PSYoungGen: 184061K->31094K(199168K)] 475903K->323082K(723456K), 0.0329723 secs] [Times: user=0.37 sys=0.00, real=0.03 secs] 
2016-09-13T20:34:39.521-0400: 206.567: [GC (GCLocker Initiated GC) [PSYoungGen: 165238K->41789K(176128K)] 457627K->339042K(700416K), 0.0219898 secs] [Times: user=0.22 sys=0.00, real=0.02 secs] 
2016-09-13T20:34:39.759-0400: 206.806: [GC (GCLocker Initiated GC) [PSYoungGen: 175933K->40052K(197632K)] 473210K->337547K(721920K), 0.0325478 secs] [Times: user=0.33 sys=0.00, real=0.03 secs] 
2016-09-13T20:34:39.945-0400: 206.992: [GC (GCLocker Initiated GC) [PSYoungGen: 175220K->27992K(196608K)] 474399K->327234K(720896K), 0.0111571 secs] [Times: user=0.11 sys=0.00, real=0.02 secs] 
2016-09-13T20:34:40.170-0400: 207.216: [GC (Allocation Failure) [PSYoungGen: 163160K->27960K(199168K)] 462572K->327479K(723456K), 0.0161541 secs] [Times: user=0.16 sys=0.00, real=0.01 secs] 
2016-09-13T20:34:40.436-0400: 207.482: [GC (GCLocker Initiated GC) [PSYoungGen: 167319K->38597K(198656K)] 468357K->339836K(722944K), 0.0373322 secs] [Times: user=0.37 sys=0.00, real=0.04 secs] 
2016-09-13T20:34:40.661-0400: 207.708: [GC (GCLocker Initiated GC) [PSYoungGen: 178373K->44513K(201216K)] 479858K->346125K(725504K), 0.0114332 secs] [Times: user=0.09 sys=0.01, real=0.01 secs] 
2016-09-13T20:34:40.896-0400: 207.943: [GC (GCLocker Initiated GC) [PSYoungGen: 187361K->50934K(194048K)] 488998K->352701K(718336K), 0.0215970 secs] [Times: user=0.23 sys=0.00, real=0.02 secs] 
2016-09-13T20:34:41.109-0400: 208.156: [GC (Allocation Failure) [PSYoungGen: 193782K->30999K(201216K)] 495728K->334673K(725504K), 0.0227305 secs] [Times: user=0.25 sys=0.00, real=0.02 secs] 
2016-09-13T20:34:41.327-0400: 208.374: [GC (GCLocker Initiated GC) [PSYoungGen: 169751K->44704K(199680K)] 473428K->348594K(723968K), 0.0067738 secs] [Times: user=0.06 sys=0.00, real=0.01 secs] 
2016-09-13T20:34:41.526-0400: 208.573: [GC (GCLocker Initiated GC) [PSYoungGen: 183456K->41841K(200704K)] 487614K->346169K(724992K), 0.0226531 secs] [Times: user=0.20 sys=0.01, real=0.03 secs] 
2016-09-13T20:34:41.785-0400: 208.832: [GC (GCLocker Initiated GC) [PSYoungGen: 181105K->12895K(152576K)] 491530K->323530K(676864K), 0.0238044 secs] [Times: user=0.24 sys=0.00, real=0.03 secs] 
2016-09-13T20:34:42.008-0400: 209.054: [GC (GCLocker Initiated GC) [PSYoungGen: 152159K->14595K(198144K)] 468942K->345347K(722432K), 0.0109279 secs] [Times: user=0.11 sys=0.00, real=0.02 secs] 
2016-09-13T20:34:42.238-0400: 209.285: [GC (GCLocker Initiated GC) [PSYoungGen: 149763K->37227K(172544K)] 480537K->368246K(696832K), 0.0264915 secs] [Times: user=0.34 sys=0.00, real=0.02 secs] 
2016-09-13T20:34:42.464-0400: 209.510: [GC (GCLocker Initiated GC) [PSYoungGen: 172395K->48023K(195072K)] 503592K->387055K(719360K), 0.0063257 secs] [Times: user=0.07 sys=0.00, real=0.01 secs] 
2016-09-13T20:34:42.659-0400: 209.706: [GC (GCLocker Initiated GC) [PSYoungGen: 181143K->49288K(182784K)] 520210K->388461K(707072K), 0.0269503 secs] [Times: user=0.28 sys=0.00, real=0.02 secs] 
2016-09-13T20:34:42.887-0400: 209.934: [GC (GCLocker Initiated GC) [PSYoungGen: 182408K->31318K(197632K)] 527660K->385936K(721920K), 0.0060834 secs] [Times: user=0.06 sys=0.01, real=0.01 secs] 
2016-09-13T20:34:43.099-0400: 210.146: [GC (GCLocker Initiated GC) [PSYoungGen: 161878K->26500K(157184K)] 522600K->387408K(681472K), 0.0239884 secs] [Times: user=0.22 sys=0.00, real=0.02 secs] 
2016-09-13T20:34:43.305-0400: 210.351: [GC (GCLocker Initiated GC) [PSYoungGen: 157060K->61533K(184320K)] 518253K->436628K(708608K), 0.0143874 secs] [Times: user=0.17 sys=0.00, real=0.02 secs] 
2016-09-13T20:34:43.505-0400: 210.552: [GC (GCLocker Initiated GC) [PSYoungGen: 182365K->26415K(191488K)] 565079K->409260K(715776K), 0.0197067 secs] [Times: user=0.19 sys=0.01, real=0.02 secs] 
2016-09-13T20:34:43.718-0400: 210.765: [GC (GCLocker Initiated GC) [PSYoungGen: 147247K->43250K(188928K)] 531641K->436990K(713216K), 0.0215769 secs] [Times: user=0.27 sys=0.00, real=0.02 secs] 
2016-09-13T20:34:43.935-0400: 210.982: [GC (Allocation Failure) [PSYoungGen: 165618K->17493K(190976K)] 560897K->412892K(715264K), 0.0063031 secs] [Times: user=0.07 sys=0.00, real=0.01 secs] 
2016-09-13T20:34:44.129-0400: 211.176: [GC (Allocation Failure) [PSYoungGen: 139861K->20366K(192512K)] 535260K->420550K(716800K), 0.0051789 secs] [Times: user=0.04 sys=0.00, real=0.00 secs] 
2016-09-13T20:34:44.306-0400: 211.353: [GC (GCLocker Initiated GC) [PSYoungGen: 145294K->67831K(193024K)] 545487K->474340K(717312K), 0.0094243 secs] [Times: user=0.12 sys=0.00, real=0.02 secs] 
2016-09-13T20:34:44.528-0400: 211.574: [GC (GCLocker Initiated GC) [PSYoungGen: 192759K->27991K(181760K)] 600860K->436285K(706048K), 0.0118793 secs] [Times: user=0.14 sys=0.01, real=0.02 secs] 
2016-09-13T20:34:44.717-0400: 211.764: [GC (GCLocker Initiated GC) [PSYoungGen: 140631K->28057K(187392K)] 555356K->449157K(711680K), 0.0072969 secs] [Times: user=0.08 sys=0.00, real=0.00 secs] 
2016-09-13T20:34:44.918-0400: 211.964: [GC (GCLocker Initiated GC) [PSYoungGen: 140697K->31221K(179712K)] 569458K->460179K(704000K), 0.0244102 secs] [Times: user=0.23 sys=0.00, real=0.02 secs] 
2016-09-13T20:34:45.103-0400: 212.149: [GC (Allocation Failure) [PSYoungGen: 146421K->21886K(184832K)] 577180K->463573K(709120K), 0.0129709 secs] [Times: user=0.15 sys=0.00, real=0.02 secs] 
2016-09-13T20:34:45.304-0400: 212.350: [GC (GCLocker Initiated GC) [PSYoungGen: 136384K->50998K(187904K)] 579589K->494413K(712192K), 0.0076978 secs] [Times: user=0.08 sys=0.00, real=0.01 secs] 
2016-09-13T20:34:45.497-0400: 212.544: [GC (GCLocker Initiated GC) [PSYoungGen: 170806K->46351K(166400K)] 614492K->490243K(690688K), 0.0073768 secs] [Times: user=0.08 sys=0.00, real=0.00 secs] 
2016-09-13T20:34:45.705-0400: 212.751: [GC (GCLocker Initiated GC) [PSYoungGen: 166159K->47581K(189440K)] 611764K->493463K(713728K), 0.0213790 secs] [Times: user=0.17 sys=0.00, real=0.02 secs] 
2016-09-13T20:34:45.880-0400: 212.926: [GC (GCLocker Initiated GC) [PSYoungGen: 165341K->49351K(167424K)] 612770K->498539K(691712K), 0.0268331 secs] [Times: user=0.28 sys=0.01, real=0.02 secs] 
2016-09-13T20:34:46.089-0400: 213.135: [GC (GCLocker Initiated GC) [PSYoungGen: 167111K->24990K(189952K)] 622541K->486822K(714240K), 0.0217670 secs] [Times: user=0.19 sys=0.00, real=0.02 secs] 
2016-09-13T20:34:46.273-0400: 213.319: [GC (GCLocker Initiated GC) [PSYoungGen: 141726K->46149K(163328K)] 603580K->508201K(687616K), 0.0078043 secs] [Times: user=0.08 sys=0.00, real=0.01 secs] 
2016-09-13T20:34:46.459-0400: 213.505: [GC (GCLocker Initiated GC) [PSYoungGen: 162885K->44704K(189440K)] 626769K->510229K(713728K), 0.0089114 secs] [Times: user=0.05 sys=0.00, real=0.00 secs] 
2016-09-13T20:34:46.657-0400: 213.704: [GC (GCLocker Initiated GC) [PSYoungGen: 162464K->17367K(188416K)] 640260K->495412K(712704K), 0.0081019 secs] [Times: user=0.08 sys=0.00, real=0.00 secs] 
2016-09-13T20:34:46.854-0400: 213.901: [GC (GCLocker Initiated GC) [PSYoungGen: 135127K->37138K(185856K)] 619266K->527472K(710144K), 0.0270666 secs] [Times: user=0.38 sys=0.00, real=0.03 secs] 
2016-09-13T20:34:47.060-0400: 214.107: [GC (GCLocker Initiated GC) [PSYoungGen: 157458K->53751K(188416K)] 647840K->553435K(712704K), 0.0084674 secs] [Times: user=0.06 sys=0.00, real=0.01 secs] 
2016-09-13T20:34:47.249-0400: 214.296: [GC (GCLocker Initiated GC) [PSYoungGen: 174071K->27970K(192512K)] 680088K->534267K(716800K), 0.0146417 secs] [Times: user=0.13 sys=0.00, real=0.01 secs] 
2016-09-13T20:34:47.451-0400: 214.498: [GC (GCLocker Initiated GC) [PSYoungGen: 149314K->50683K(172032K)] 657152K->563220K(696320K), 0.0300392 secs] [Times: user=0.29 sys=0.01, real=0.03 secs] 
2016-09-13T20:34:47.482-0400: 214.528: [Full GC (Ergonomics) [PSYoungGen: 50683K->0K(172032K)] [ParOldGen: 512536K->40758K(524288K)] 563220K->40758K(696320K), [Metaspace: 44671K->44671K(1087488K)], 0.0580764 secs] [Times: user=0.26 sys=0.00, real=0.06 secs] 
2016-09-13T20:34:47.704-0400: 214.750: [GC (GCLocker Initiated GC) [PSYoungGen: 121344K->70932K(173056K)] 165436K->131731K(697344K), 0.0100322 secs] [Times: user=0.09 sys=0.01, real=0.01 secs] 
2016-09-13T20:34:47.848-0400: 214.895: [GC (GCLocker Initiated GC) [PSYoungGen: 172308K->9730K(111616K)] 245534K->106286K(635904K), 0.0100808 secs] [Times: user=0.09 sys=0.00, real=0.01 secs] 
2016-09-13T20:34:48.003-0400: 215.050: [GC (GCLocker Initiated GC) [PSYoungGen: 111106K->47869K(181248K)] 207810K->144732K(705536K), 0.0173674 secs] [Times: user=0.20 sys=0.01, real=0.02 secs] 
2016-09-13T20:34:48.192-0400: 215.239: [GC (GCLocker Initiated GC) [PSYoungGen: 147197K->5638K(105472K)] 250144K->108723K(629760K), 0.0259666 secs] [Times: user=0.34 sys=0.01, real=0.03 secs] 
2016-09-13T20:34:48.355-0400: 215.402: [GC (GCLocker Initiated GC) [PSYoungGen: 104966K->52272K(176640K)] 208221K->156011K(700928K), 0.0099502 secs] [Times: user=0.09 sys=0.00, real=0.01 secs] 
2016-09-13T20:34:48.486-0400: 215.532: [GC (GCLocker Initiated GC) [PSYoungGen: 146480K->54003K(148480K)] 250242K->170027K(672768K), 0.0102146 secs] [Times: user=0.13 sys=0.00, real=0.02 secs] 
2016-09-13T20:34:48.649-0400: 215.695: [GC (GCLocker Initiated GC) [PSYoungGen: 148211K->17521K(177664K)] 276418K->152044K(701952K), 0.0036906 secs] [Times: user=0.03 sys=0.01, real=0.00 secs] 
2016-09-13T20:34:48.819-0400: 215.866: [GC (GCLocker Initiated GC) [PSYoungGen: 109681K->28057K(120320K)] 251926K->178130K(644608K), 0.0139335 secs] [Times: user=0.18 sys=0.01, real=0.01 secs] 
2016-09-13T20:34:48.968-0400: 216.015: [GC (GCLocker Initiated GC) [PSYoungGen: 120217K->28057K(176640K)] 270612K->178615K(700928K), 0.0065942 secs] [Times: user=0.08 sys=0.00, real=0.00 secs] 
2016-09-13T20:34:49.124-0400: 216.171: [GC (GCLocker Initiated GC) [PSYoungGen: 123289K->64612K(173568K)] 275578K->217071K(697856K), 0.0129265 secs] [Times: user=0.15 sys=0.00, real=0.02 secs] 
2016-09-13T20:34:49.279-0400: 216.326: [GC (GCLocker Initiated GC) [PSYoungGen: 159844K->52388K(176128K)] 312348K->205093K(700416K), 0.0070150 secs] [Times: user=0.06 sys=0.00, real=0.00 secs] 
2016-09-13T20:34:49.409-0400: 216.456: [GC (GCLocker Initiated GC) [PSYoungGen: 143524K->32804K(124416K)] 296331K->196565K(648704K), 0.0102613 secs] [Times: user=0.13 sys=0.00, real=0.01 secs] 
2016-09-13T20:34:49.559-0400: 216.605: [GC (GCLocker Initiated GC) [PSYoungGen: 123940K->27934K(175616K)] 289432K->198342K(699904K), 0.0095770 secs] [Times: user=0.11 sys=0.00, real=0.01 secs] 
2016-09-13T20:34:49.741-0400: 216.787: [GC (Allocation Failure) [PSYoungGen: 121630K->26441K(173568K)] 292060K->197164K(697856K), 0.0247042 secs] [Times: user=0.30 sys=0.01, real=0.02 secs] 
2016-09-13T20:34:49.900-0400: 216.947: [GC (GCLocker Initiated GC) [PSYoungGen: 120137K->59791K(173056K)] 290907K->232337K(697344K), 0.0105991 secs] [Times: user=0.11 sys=0.00, real=0.01 secs] 
2016-09-13T20:34:50.061-0400: 217.108: [GC (GCLocker Initiated GC) [PSYoungGen: 155535K->32808K(177664K)] 341877K->219429K(701952K), 0.0098149 secs] [Times: user=0.11 sys=0.00, real=0.01 secs] 
2016-09-13T20:34:50.221-0400: 217.268: [GC (GCLocker Initiated GC) [PSYoungGen: 128552K->47673K(177664K)] 315345K->237776K(701952K), 0.0182319 secs] [Times: user=0.18 sys=0.00, real=0.02 secs] 
2016-09-13T20:34:50.416-0400: 217.463: [GC (GCLocker Initiated GC) [PSYoungGen: 149049K->9735K(179712K)] 346835K->212309K(704000K), 0.0075600 secs] [Times: user=0.07 sys=0.00, real=0.00 secs] 
2016-09-13T20:34:50.583-0400: 217.630: [GC (GCLocker Initiated GC) [PSYoungGen: 111111K->34068K(176640K)] 313721K->244505K(700928K), 0.0131323 secs] [Times: user=0.13 sys=0.00, real=0.02 secs] 
2016-09-13T20:34:50.704-0400: 217.751: [GC (GCLocker Initiated GC) [PSYoungGen: 138516K->41570K(179712K)] 350676K->258468K(704000K), 0.0147122 secs] [Times: user=0.14 sys=0.00, real=0.02 secs] 
2016-09-13T20:34:50.871-0400: 217.918: [GC (Allocation Failure) [PSYoungGen: 146018K->46280K(184320K)] 363131K->263618K(708608K), 0.0068982 secs] [Times: user=0.04 sys=0.00, real=0.01 secs] 
2016-09-13T20:34:51.062-0400: 218.109: [GC (GCLocker Initiated GC) [PSYoungGen: 158082K->44699K(186368K)] 376939K->263816K(710656K), 0.0073296 secs] [Times: user=0.05 sys=0.00, real=0.01 secs] 
2016-09-13T20:34:51.258-0400: 218.305: [GC (Allocation Failure) [PSYoungGen: 157851K->28115K(184320K)] 383283K->253776K(708608K), 0.0234931 secs] [Times: user=0.22 sys=0.01, real=0.02 secs] 
2016-09-13T20:34:51.446-0400: 218.492: [GC (GCLocker Initiated GC) [PSYoungGen: 142750K->33977K(186880K)] 374486K->265906K(711168K), 0.0073875 secs] [Times: user=0.06 sys=0.00, real=0.01 secs] 
2016-09-13T20:34:51.643-0400: 218.690: [GC (GCLocker Initiated GC) [PSYoungGen: 150201K->14319K(190464K)] 388297K->252530K(714752K), 0.0097809 secs] [Times: user=0.06 sys=0.00, real=0.01 secs] 
2016-09-13T20:34:51.850-0400: 218.896: [GC (GCLocker Initiated GC) [PSYoungGen: 136687K->32677K(155136K)] 381001K->286324K(679424K), 0.0265636 secs] [Times: user=0.28 sys=0.00, real=0.03 secs] 
2016-09-13T20:34:52.085-0400: 219.132: [GC (GCLocker Initiated GC) [PSYoungGen: 155045K->17462K(191488K)] 414795K->291108K(715776K), 0.0113794 secs] [Times: user=0.11 sys=0.00, real=0.02 secs] 
2016-09-13T20:34:52.299-0400: 219.346: [GC (GCLocker Initiated GC) [PSYoungGen: 142902K->53688K(190976K)] 422832K->338391K(715264K), 0.0171272 secs] [Times: user=0.14 sys=0.00, real=0.02 secs] 
2016-09-13T20:34:52.492-0400: 219.539: [GC (GCLocker Initiated GC) [PSYoungGen: 179128K->26660K(194048K)] 476085K->323818K(718336K), 0.0335222 secs] [Times: user=0.31 sys=0.00, real=0.03 secs] 
2016-09-13T20:34:52.693-0400: 219.740: [GC (GCLocker Initiated GC) [PSYoungGen: 150564K->58436K(182784K)] 449542K->359299K(707072K), 0.0117484 secs] [Times: user=0.12 sys=0.00, real=0.01 secs] 
2016-09-13T20:34:52.902-0400: 219.948: [GC (GCLocker Initiated GC) [PSYoungGen: 182340K->35740K(192000K)] 489309K->342856K(716288K), 0.0052239 secs] [Times: user=0.04 sys=0.00, real=0.00 secs] 
2016-09-13T20:34:53.092-0400: 220.139: [GC (Allocation Failure) [PSYoungGen: 154012K->49351K(188416K)] 461284K->366032K(712704K), 0.0170073 secs] [Times: user=0.18 sys=0.00, real=0.02 secs] 
2016-09-13T20:34:53.298-0400: 220.345: [GC (GCLocker Initiated GC) [PSYoungGen: 167623K->52229K(186368K)] 484327K->369072K(710656K), 0.0216182 secs] [Times: user=0.24 sys=0.00, real=0.02 secs] 
2016-09-13T20:34:53.507-0400: 220.554: [GC (GCLocker Initiated GC) [PSYoungGen: 166917K->49282K(188416K)] 485414K->367992K(712704K), 0.0071408 secs] [Times: user=0.05 sys=0.01, real=0.01 secs] 
2016-09-13T20:34:53.666-0400: 220.712: [GC (Allocation Failure) [PSYoungGen: 163970K->47704K(187392K)] 482699K->366630K(711680K), 0.0152164 secs] [Times: user=0.18 sys=0.00, real=0.02 secs] 
2016-09-13T20:34:53.846-0400: 220.892: [GC (Allocation Failure) [PSYoungGen: 162392K->41566K(156672K)] 481318K->369798K(680960K), 0.0137613 secs] [Times: user=0.14 sys=0.01, real=0.02 secs] 
2016-09-13T20:34:54.043-0400: 221.090: [GC (Allocation Failure) [PSYoungGen: 153000K->5137K(182784K)] 481232K->333523K(707072K), 0.0043109 secs] [Times: user=0.03 sys=0.00, real=0.00 secs] 
2016-09-13T20:34:54.213-0400: 221.260: [GC (GCLocker Initiated GC) [PSYoungGen: 117163K->27929K(186368K)] 447068K->358048K(710656K), 0.0053458 secs] [Times: user=0.04 sys=0.00, real=0.01 secs] 
2016-09-13T20:34:54.403-0400: 221.450: [GC (GCLocker Initiated GC) [PSYoungGen: 140569K->46318K(186880K)] 470945K->376864K(711168K), 0.0144541 secs] [Times: user=0.14 sys=0.00, real=0.02 secs] 
2016-09-13T20:34:54.621-0400: 221.668: [GC (GCLocker Initiated GC) [PSYoungGen: 163054K->34132K(188416K)] 493625K->364855K(712704K), 0.0101145 secs] [Times: user=0.11 sys=0.00, real=0.01 secs] 
2016-09-13T20:34:54.793-0400: 221.840: [GC (GCLocker Initiated GC) [PSYoungGen: 150868K->32543K(186368K)] 481606K->367983K(710656K), 0.0163956 secs] [Times: user=0.17 sys=0.00, real=0.02 secs] 
2016-09-13T20:34:54.955-0400: 222.002: [GC (GCLocker Initiated GC) [PSYoungGen: 153887K->20456K(187904K)] 490890K->363778K(712192K), 0.0086189 secs] [Times: user=0.07 sys=0.00, real=0.01 secs] 
2016-09-13T20:34:55.162-0400: 222.209: [GC (GCLocker Initiated GC) [PSYoungGen: 141800K->17452K(195072K)] 485214K->365718K(719360K), 0.0202885 secs] [Times: user=0.21 sys=0.00, real=0.02 secs] 
2016-09-13T20:34:55.371-0400: 222.418: [GC (Allocation Failure) [PSYoungGen: 146988K->28088K(157696K)] 497009K->384410K(681984K), 0.0176210 secs] [Times: user=0.16 sys=0.01, real=0.02 secs] 
2016-09-13T20:34:55.579-0400: 222.626: [GC (GCLocker Initiated GC) [PSYoungGen: 157624K->27992K(197120K)] 513946K->384528K(721408K), 0.0055365 secs] [Times: user=0.04 sys=0.02, real=0.00 secs] 
2016-09-13T20:34:55.802-0400: 222.849: [GC (GCLocker Initiated GC) [PSYoungGen: 161112K->20612K(194560K)] 525266K->385031K(718848K), 0.0071560 secs] [Times: user=0.06 sys=0.00, real=0.01 secs] 
2016-09-13T20:34:56.009-0400: 223.056: [GC (GCLocker Initiated GC) [PSYoungGen: 153732K->34067K(198656K)] 518287K->404864K(722944K), 0.0131413 secs] [Times: user=0.13 sys=0.00, real=0.01 secs] 
2016-09-13T20:34:56.254-0400: 223.301: [GC (Allocation Failure) [PSYoungGen: 172307K->9831K(197120K)] 556935K->394668K(721408K), 0.0383434 secs] [Times: user=0.39 sys=0.00, real=0.04 secs] 
2016-09-13T20:34:56.524-0400: 223.571: [GC (GCLocker Initiated GC) [PSYoungGen: 142698K->30998K(199168K)] 533610K->422115K(723456K), 0.0127041 secs] [Times: user=0.10 sys=0.02, real=0.02 secs] 
2016-09-13T20:34:56.732-0400: 223.778: [GC (GCLocker Initiated GC) [PSYoungGen: 174358K->33908K(200704K)] 565625K->425295K(724992K), 0.0172934 secs] [Times: user=0.16 sys=0.00, real=0.02 secs] 
2016-09-13T20:34:56.959-0400: 224.005: [GC (Allocation Failure) [PSYoungGen: 177268K->27929K(199168K)] 574942K->433327K(723456K), 0.0230968 secs] [Times: user=0.22 sys=0.00, real=0.02 secs] 
2016-09-13T20:34:57.202-0400: 224.249: [GC (GCLocker Initiated GC) [PSYoungGen: 173811K->12805K(202240K)] 585284K->424443K(726528K), 0.0240718 secs] [Times: user=0.23 sys=0.00, real=0.02 secs] 
2016-09-13T20:34:57.451-0400: 224.498: [GC (GCLocker Initiated GC) [PSYoungGen: 161285K->27806K(203776K)] 579079K->445794K(728064K), 0.0227551 secs] [Times: user=0.19 sys=0.00, real=0.02 secs] 
2016-09-13T20:34:57.708-0400: 224.755: [GC (GCLocker Initiated GC) [PSYoungGen: 181918K->41783K(205824K)] 606048K->472110K(730112K), 0.0193445 secs] [Times: user=0.19 sys=0.00, real=0.01 secs] 
2016-09-13T20:34:57.957-0400: 225.004: [GC (GCLocker Initiated GC) [PSYoungGen: 195895K->41715K(203264K)] 629535K->475793K(727552K), 0.0422468 secs] [Times: user=0.44 sys=0.00, real=0.04 secs] 
2016-09-13T20:34:58.236-0400: 225.283: [GC (GCLocker Initiated GC) [PSYoungGen: 190195K->49377K(198144K)] 624299K->483687K(722432K), 0.0172998 secs] [Times: user=0.20 sys=0.00, real=0.01 secs] 
2016-09-13T20:34:58.450-0400: 225.497: [GC (Allocation Failure) [PSYoungGen: 197857K->29635K(203264K)] 638516K->478120K(727552K), 0.0185877 secs] [Times: user=0.20 sys=0.00, real=0.02 secs] 
2016-09-13T20:34:58.675-0400: 225.721: [GC (GCLocker Initiated GC) [PSYoungGen: 171971K->46159K(188928K)] 620459K->499326K(713216K), 0.0328380 secs] [Times: user=0.35 sys=0.01, real=0.04 secs] 
2016-09-13T20:34:58.890-0400: 225.937: [GC (GCLocker Initiated GC) [PSYoungGen: 188495K->58367K(188416K)] 641673K->511673K(712704K), 0.0170377 secs] [Times: user=0.16 sys=0.00, real=0.01 secs] 
2016-09-13T20:34:59.105-0400: 226.151: [GC (GCLocker Initiated GC) [PSYoungGen: 185343K->62994K(190464K)] 640199K->522556K(714752K), 0.0076320 secs] [Times: user=0.08 sys=0.00, real=0.01 secs] 
2016-09-13T20:34:59.300-0400: 226.346: [GC (GCLocker Initiated GC) [PSYoungGen: 189970K->63087K(174080K)] 649741K->535246K(698368K), 0.0112854 secs] [Times: user=0.13 sys=0.00, real=0.01 secs] 
2016-09-13T20:34:59.492-0400: 226.539: [GC (Allocation Failure) [PSYoungGen: 165487K->23746K(182272K)] 651540K->510029K(706560K), 0.0089286 secs] [Times: user=0.10 sys=0.00, real=0.01 secs] 
2016-09-13T20:34:59.662-0400: 226.709: [GC (GCLocker Initiated GC) [PSYoungGen: 125348K->41730K(175104K)] 613150K->529678K(699392K), 0.0152075 secs] [Times: user=0.17 sys=0.00, real=0.02 secs] 
2016-09-13T20:34:59.845-0400: 226.892: [GC (GCLocker Initiated GC) [PSYoungGen: 145154K->37291K(179200K)] 639208K->531571K(703488K), 0.0070837 secs] [Times: user=0.10 sys=0.00, real=0.01 secs] 
2016-09-13T20:35:00.022-0400: 227.069: [GC (Allocation Failure) [PSYoungGen: 140715K->28216K(182272K)] 635061K->536546K(706560K), 0.0082794 secs] [Times: user=0.12 sys=0.00, real=0.01 secs] 
2016-09-13T20:35:00.203-0400: 227.249: [Full GC (Ergonomics) [PSYoungGen: 136335K->0K(182272K)] [ParOldGen: 514405K->35376K(524288K)] 650740K->35376K(706560K), [Metaspace: 44673K->44673K(1087488K)], 0.0607166 secs] [Times: user=0.31 sys=0.01, real=0.06 secs] 
2016-09-13T20:35:00.417-0400: 227.464: [GC (GCLocker Initiated GC) [PSYoungGen: 113664K->67735K(181760K)] 149271K->103343K(706048K), 0.0281344 secs] [Times: user=0.26 sys=0.01, real=0.02 secs] 
2016-09-13T20:35:00.615-0400: 227.662: [GC (GCLocker Initiated GC) [PSYoungGen: 181399K->32645K(185344K)] 223119K->116001K(709632K), 0.0070168 secs] [Times: user=0.06 sys=0.00, real=0.01 secs] 
2016-09-13T20:35:00.763-0400: 227.809: [GC (GCLocker Initiated GC) [PSYoungGen: 139141K->8221K(183296K)] 222680K->101091K(707584K), 0.0147370 secs] [Times: user=0.13 sys=0.00, real=0.02 secs] 
2016-09-13T20:35:00.912-0400: 227.958: [GC (GCLocker Initiated GC) [PSYoungGen: 114717K->44672K(184320K)] 207838K->138018K(708608K), 0.0144625 secs] [Times: user=0.14 sys=0.00, real=0.01 secs] 
2016-09-13T20:35:01.108-0400: 228.155: [GC (GCLocker Initiated GC) [PSYoungGen: 151168K->28019K(134656K)] 258243K->135296K(658944K), 0.0176953 secs] [Times: user=0.17 sys=0.01, real=0.01 secs] 
2016-09-13T20:35:01.315-0400: 228.362: [GC (GCLocker Initiated GC) [PSYoungGen: 134515K->26288K(183296K)] 255586K->153702K(707584K), 0.0278295 secs] [Times: user=0.29 sys=0.00, real=0.03 secs] 
2016-09-13T20:35:01.505-0400: 228.552: [GC (GCLocker Initiated GC) [PSYoungGen: 134832K->40078K(181760K)] 262349K->167753K(706048K), 0.0104991 secs] [Times: user=0.09 sys=0.01, real=0.01 secs] 
2016-09-13T20:35:01.672-0400: 228.719: [GC (GCLocker Initiated GC) [PSYoungGen: 148622K->43245K(185344K)] 276374K->171190K(709632K), 0.0141160 secs] [Times: user=0.14 sys=0.00, real=0.01 secs] 
2016-09-13T20:35:01.854-0400: 228.900: [GC (GCLocker Initiated GC) [PSYoungGen: 157933K->34163K(184832K)] 291980K->168365K(709120K), 0.0058984 secs] [Times: user=0.04 sys=0.00, real=0.01 secs] 
2016-09-13T20:35:02.059-0400: 229.106: [GC (GCLocker Initiated GC) [PSYoungGen: 148851K->29543K(189952K)] 283070K->168586K(714240K), 0.0130211 secs] [Times: user=0.12 sys=0.00, real=0.01 secs] 
2016-09-13T20:35:02.265-0400: 229.311: [GC (Allocation Failure) [PSYoungGen: 152423K->29538K(188416K)] 297733K->181058K(712704K), 0.0305599 secs] [Times: user=0.31 sys=0.00, real=0.03 secs] 
2016-09-13T20:35:02.488-0400: 229.535: [GC (GCLocker Initiated GC) [PSYoungGen: 152418K->31254K(194560K)] 303938K->182905K(718848K), 0.0093031 secs] [Times: user=0.10 sys=0.00, real=0.01 secs] 
2016-09-13T20:35:02.669-0400: 229.716: [GC (GCLocker Initiated GC) [PSYoungGen: 162838K->48017K(193024K)] 314612K->199974K(717312K), 0.0158217 secs] [Times: user=0.20 sys=0.00, real=0.01 secs] 
2016-09-13T20:35:02.862-0400: 229.908: [GC (Allocation Failure) [PSYoungGen: 179601K->51251K(192512K)] 331773K->208221K(716800K), 0.0073141 secs] [Times: user=0.09 sys=0.00, real=0.01 secs] 
2016-09-13T20:35:03.069-0400: 230.116: [GC (GCLocker Initiated GC) [PSYoungGen: 180275K->46378K(175616K)] 337250K->203701K(699904K), 0.0067114 secs] [Times: user=0.08 sys=0.00, real=0.01 secs] 
2016-09-13T20:35:03.284-0400: 230.330: [GC (GCLocker Initiated GC) [PSYoungGen: 175402K->44672K(195584K)] 332817K->202291K(719872K), 0.0169824 secs] [Times: user=0.21 sys=0.01, real=0.02 secs] 
2016-09-13T20:35:03.508-0400: 230.555: [GC (GCLocker Initiated GC) [PSYoungGen: 173184K->50875K(179712K)] 338567K->225553K(704000K), 0.0103619 secs] [Times: user=0.12 sys=0.00, real=0.01 secs] 
2016-09-13T20:35:03.712-0400: 230.759: [GC (GCLocker Initiated GC) [PSYoungGen: 179387K->66153K(180736K)] 354217K->241169K(705024K), 0.0109182 secs] [Times: user=0.10 sys=0.00, real=0.01 secs] 
2016-09-13T20:35:03.892-0400: 230.939: [GC (GCLocker Initiated GC) [PSYoungGen: 178793K->46345K(187392K)] 354049K->221819K(711680K), 0.0103926 secs] [Times: user=0.12 sys=0.00, real=0.01 secs] 
2016-09-13T20:35:04.105-0400: 231.152: [GC (GCLocker Initiated GC) [PSYoungGen: 158985K->14524K(185344K)] 342228K->197926K(709632K), 0.0039685 secs] [Times: user=0.03 sys=0.00, real=0.01 secs] 
2016-09-13T20:35:04.284-0400: 231.331: [GC (GCLocker Initiated GC) [PSYoungGen: 127164K->41724K(154624K)] 310607K->225368K(678912K), 0.0275339 secs] [Times: user=0.30 sys=0.00, real=0.03 secs] 
2016-09-13T20:35:04.466-0400: 231.512: [GC (Allocation Failure) [PSYoungGen: 154364K->55554K(183808K)] 338042K->239563K(708096K), 0.0101397 secs] [Times: user=0.14 sys=0.00, real=0.02 secs] 
2016-09-13T20:35:04.476-0400: 231.523: [GC (GCLocker Initiated GC) [PSYoungGen: 55566K->32K(112640K)] 239575K->242310K(636928K), 0.0078628 secs] [Times: user=0.11 sys=0.00, real=0.00 secs] 
2016-09-13T20:35:04.648-0400: 231.695: [GC (GCLocker Initiated GC) [PSYoungGen: 111873K->71117K(167424K)] 355670K->314915K(691712K), 0.0100336 secs] [Times: user=0.15 sys=0.01, real=0.01 secs] 
2016-09-13T20:35:04.782-0400: 231.829: [GC (GCLocker Initiated GC) [PSYoungGen: 160205K->38694K(175616K)] 404025K->310519K(699904K), 0.0078671 secs] [Times: user=0.11 sys=0.00, real=0.01 secs] 
2016-09-13T20:35:04.911-0400: 231.958: [GC (GCLocker Initiated GC) [PSYoungGen: 127782K->50934K(170496K)] 399744K->332136K(694784K), 0.0075981 secs] [Times: user=0.10 sys=0.00, real=0.01 secs] 
2016-09-13T20:35:05.076-0400: 232.123: [GC (GCLocker Initiated GC) [PSYoungGen: 144116K->44794K(175104K)] 425511K->327839K(699392K), 0.0183824 secs] [Times: user=0.14 sys=0.00, real=0.01 secs] 
2016-09-13T20:35:05.256-0400: 232.303: [GC (GCLocker Initiated GC) [PSYoungGen: 137978K->5270K(177664K)] 433175K->300742K(701952K), 0.0153621 secs] [Times: user=0.13 sys=0.00, real=0.01 secs] 
2016-09-13T20:35:05.415-0400: 232.461: [GC (Allocation Failure) [PSYoungGen: 103574K->44704K(180224K)] 399225K->340549K(704512K), 0.0103407 secs] [Times: user=0.08 sys=0.01, real=0.01 secs] 
2016-09-13T20:35:05.554-0400: 232.601: [GC (GCLocker Initiated GC) [PSYoungGen: 143008K->46319K(176640K)] 438860K->342495K(700928K), 0.0125965 secs] [Times: user=0.16 sys=0.00, real=0.01 secs] 
2016-09-13T20:35:05.701-0400: 232.748: [GC (GCLocker Initiated GC) [PSYoungGen: 146671K->44608K(178688K)] 443008K->341213K(702976K), 0.0070937 secs] [Times: user=0.06 sys=0.00, real=0.01 secs] 
2016-09-13T20:35:05.890-0400: 232.937: [GC (GCLocker Initiated GC) [PSYoungGen: 144960K->23496K(182784K)] 449208K->327961K(707072K), 0.0208530 secs] [Times: user=0.23 sys=0.01, real=0.02 secs] 
2016-09-13T20:35:06.071-0400: 233.117: [GC (GCLocker Initiated GC) [PSYoungGen: 131016K->43248K(183296K)] 435598K->348012K(707584K), 0.0057026 secs] [Times: user=0.04 sys=0.00, real=0.01 secs] 
2016-09-13T20:35:06.250-0400: 233.296: [GC (GCLocker Initiated GC) [PSYoungGen: 150768K->27806K(184832K)] 461815K->339047K(709120K), 0.0094766 secs] [Times: user=0.10 sys=0.01, real=0.01 secs] 
2016-09-13T20:35:06.451-0400: 233.498: [GC (Allocation Failure) [PSYoungGen: 140446K->5365K(184832K)] 465568K->330574K(709120K), 0.0136051 secs] [Times: user=0.12 sys=0.01, real=0.01 secs] 
2016-09-13T20:35:06.678-0400: 233.725: [GC (GCLocker Initiated GC) [PSYoungGen: 118005K->47518K(185856K)] 443228K->372993K(710144K), 0.0473375 secs] [Times: user=0.48 sys=0.00, real=0.04 secs] 
2016-09-13T20:35:06.860-0400: 233.907: [GC (GCLocker Initiated GC) [PSYoungGen: 159134K->60067K(172032K)] 484696K->385709K(696320K), 0.0263026 secs] [Times: user=0.27 sys=0.00, real=0.02 secs] 
2016-09-13T20:35:07.031-0400: 234.078: [GC (GCLocker Initiated GC) [PSYoungGen: 171683K->51114K(180224K)] 497482K->377213K(704512K), 0.0073619 secs] [Times: user=0.10 sys=0.00, real=0.01 secs] 
2016-09-13T20:35:07.166-0400: 234.213: [GC (GCLocker Initiated GC) [PSYoungGen: 151466K->46504K(146944K)] 477676K->376068K(671232K), 0.0246445 secs] [Times: user=0.33 sys=0.00, real=0.03 secs] 
2016-09-13T20:35:07.318-0400: 234.365: [GC (GCLocker Initiated GC) [PSYoungGen: 146856K->55527K(179200K)] 476612K->385590K(703488K), 0.0074146 secs] [Times: user=0.09 sys=0.01, real=0.00 secs] 
2016-09-13T20:35:07.488-0400: 234.535: [GC (GCLocker Initiated GC) [PSYoungGen: 155367K->49192K(180736K)] 485449K->379420K(705024K), 0.0148933 secs] [Times: user=0.15 sys=0.01, real=0.01 secs] 
2016-09-13T20:35:07.654-0400: 234.701: [GC (Allocation Failure) [PSYoungGen: 149032K->29543K(177664K)] 485357K->367534K(701952K), 0.0189053 secs] [Times: user=0.20 sys=0.00, real=0.02 secs] 
2016-09-13T20:35:07.823-0400: 234.869: [GC (GCLocker Initiated GC) [PSYoungGen: 130919K->32675K(179712K)] 468913K->373908K(704000K), 0.0142029 secs] [Times: user=0.13 sys=0.00, real=0.02 secs] 
2016-09-13T20:35:07.992-0400: 235.039: [GC (GCLocker Initiated GC) [PSYoungGen: 134051K->27870K(180736K)] 475449K->369549K(705024K), 0.0140304 secs] [Times: user=0.13 sys=0.00, real=0.01 secs] 
2016-09-13T20:35:08.163-0400: 235.209: [GC (GCLocker Initiated GC) [PSYoungGen: 135390K->9837K(182272K)] 484783K->366961K(706560K), 0.0104203 secs] [Times: user=0.09 sys=0.00, real=0.01 secs] 
2016-09-13T20:35:08.337-0400: 235.384: [GC (Allocation Failure) [PSYoungGen: 117357K->41571K(184832K)] 474601K->399073K(709120K), 0.0104054 secs] [Times: user=0.10 sys=0.00, real=0.01 secs] 
2016-09-13T20:35:08.511-0400: 235.558: [GC (GCLocker Initiated GC) [PSYoungGen: 151238K->46095K(185344K)] 510258K->405230K(709632K), 0.0218019 secs] [Times: user=0.21 sys=0.00, real=0.02 secs] 
2016-09-13T20:35:08.700-0400: 235.747: [GC (Allocation Failure) [PSYoungGen: 157199K->5210K(184320K)] 525473K->373745K(708608K), 0.0205860 secs] [Times: user=0.18 sys=0.00, real=0.02 secs] 
2016-09-13T20:35:08.899-0400: 235.946: [GC (GCLocker Initiated GC) [PSYoungGen: 112499K->44485K(186368K)] 487109K->419355K(710656K), 0.0059520 secs] [Times: user=0.04 sys=0.01, real=0.00 secs] 
2016-09-13T20:35:09.075-0400: 236.122: [GC (GCLocker Initiated GC) [PSYoungGen: 155077K->40137K(181760K)] 529949K->415065K(706048K), 0.0175379 secs] [Times: user=0.16 sys=0.00, real=0.02 secs] 
2016-09-13T20:35:09.251-0400: 236.298: [GC (Allocation Failure) [PSYoungGen: 151241K->47769K(184320K)] 526328K->423191K(708608K), 0.0076994 secs] [Times: user=0.07 sys=0.00, real=0.01 secs] 
2016-09-13T20:35:09.442-0400: 236.488: [GC (GCLocker Initiated GC) [PSYoungGen: 157794K->24987K(186368K)] 534735K->411104K(710656K), 0.0155327 secs] [Times: user=0.14 sys=0.01, real=0.02 secs] 
2016-09-13T20:35:09.624-0400: 236.671: [GC (GCLocker Initiated GC) [PSYoungGen: 140187K->29447K(187392K)] 526424K->415812K(711680K), 0.0316212 secs] [Times: user=0.35 sys=0.00, real=0.03 secs] 
2016-09-13T20:35:09.842-0400: 236.888: [GC (Allocation Failure) [PSYoungGen: 144647K->41725K(188928K)] 531328K->428677K(713216K), 0.0115489 secs] [Times: user=0.12 sys=0.00, real=0.01 secs] 
2016-09-13T20:35:10.005-0400: 237.052: [GC (GCLocker Initiated GC) [PSYoungGen: 161533K->32581K(188416K)] 548488K->419694K(712704K), 0.0196181 secs] [Times: user=0.22 sys=0.00, real=0.02 secs] 
2016-09-13T20:35:10.208-0400: 237.255: [GC (GCLocker Initiated GC) [PSYoungGen: 152389K->15906K(189952K)] 548671K->412386K(714240K), 0.0044381 secs] [Times: user=0.04 sys=0.00, real=0.00 secs] 
2016-09-13T20:35:10.405-0400: 237.452: [GC (GCLocker Initiated GC) [PSYoungGen: 139810K->11467K(190464K)] 544045K->417446K(714752K), 0.0252036 secs] [Times: user=0.24 sys=0.00, real=0.03 secs] 
2016-09-13T20:35:10.631-0400: 237.678: [GC (GCLocker Initiated GC) [PSYoungGen: 135371K->23553K(190976K)] 541354K->429682K(715264K), 0.0136757 secs] [Times: user=0.14 sys=0.00, real=0.01 secs] 
2016-09-13T20:35:10.832-0400: 237.879: [GC (GCLocker Initiated GC) [PSYoungGen: 152065K->29575K(193024K)] 558252K->436022K(717312K), 0.0069684 secs] [Times: user=0.05 sys=0.00, real=0.01 secs] 
2016-09-13T20:35:11.041-0400: 238.088: [GC (GCLocker Initiated GC) [PSYoungGen: 158087K->32395K(193536K)] 564564K->439083K(717824K), 0.0112348 secs] [Times: user=0.11 sys=0.00, real=0.01 secs] 
2016-09-13T20:35:11.255-0400: 238.301: [GC (Allocation Failure) [PSYoungGen: 168587K->27959K(195072K)] 581576K->447103K(719360K), 0.0321092 secs] [Times: user=0.28 sys=0.00, real=0.03 secs] 
2016-09-13T20:35:11.486-0400: 238.532: [GC (GCLocker Initiated GC) [PSYoungGen: 164151K->46185K(199168K)] 583298K->465608K(723456K), 0.0227236 secs] [Times: user=0.24 sys=0.00, real=0.03 secs] 
2016-09-13T20:35:11.698-0400: 238.745: [GC (GCLocker Initiated GC) [PSYoungGen: 188521K->58558K(201216K)] 609646K->485917K(725504K), 0.0227636 secs] [Times: user=0.24 sys=0.00, real=0.02 secs] 
2016-09-13T20:35:11.935-0400: 238.981: [GC (GCLocker Initiated GC) [PSYoungGen: 200894K->41608K(189952K)] 628629K->469602K(714240K), 0.0110382 secs] [Times: user=0.11 sys=0.00, real=0.01 secs] 
2016-09-13T20:35:12.183-0400: 239.229: [GC (GCLocker Initiated GC) [PSYoungGen: 170632K->24918K(195584K)] 605058K->459546K(719872K), 0.0058235 secs] [Times: user=0.04 sys=0.00, real=0.01 secs] 
2016-09-13T20:35:12.366-0400: 239.413: [GC (Allocation Failure) [PSYoungGen: 153942K->31030K(188928K)] 590195K->467421K(713216K), 0.0146163 secs] [Times: user=0.15 sys=0.00, real=0.02 secs] 
2016-09-13T20:35:12.564-0400: 239.610: [GC (GCLocker Initiated GC) [PSYoungGen: 161590K->22029K(193024K)] 597984K->467746K(717312K), 0.0126767 secs] [Times: user=0.10 sys=0.01, real=0.02 secs] 
2016-09-13T20:35:12.792-0400: 239.839: [GC (Allocation Failure) [PSYoungGen: 152589K->5180K(197120K)] 599971K->452787K(721408K), 0.0063054 secs] [Times: user=0.06 sys=0.00, real=0.01 secs] 
2016-09-13T20:35:13.002-0400: 240.049: [GC (GCLocker Initiated GC) [PSYoungGen: 134930K->14515K(198656K)] 588612K->468327K(722944K), 0.0060690 secs] [Times: user=0.05 sys=0.00, real=0.01 secs] 
2016-09-13T20:35:13.237-0400: 240.284: [GC (Allocation Failure) [PSYoungGen: 149683K->27864K(190976K)] 603517K->482022K(715264K), 0.0141539 secs] [Times: user=0.14 sys=0.01, real=0.01 secs] 
2016-09-13T20:35:13.445-0400: 240.492: [GC (GCLocker Initiated GC) [PSYoungGen: 158313K->26474K(195072K)] 618545K->495986K(719360K), 0.0125660 secs] [Times: user=0.12 sys=0.00, real=0.02 secs] 
2016-09-13T20:35:13.676-0400: 240.723: [GC (GCLocker Initiated GC) [PSYoungGen: 162154K->43341K(200192K)] 633189K->514506K(724480K), 0.0205206 secs] [Times: user=0.23 sys=0.00, real=0.02 secs] 
2016-09-13T20:35:13.933-0400: 240.980: [GC (GCLocker Initiated GC) [PSYoungGen: 186701K->35554K(202752K)] 657892K->506899K(727040K), 0.0246357 secs] [Times: user=0.25 sys=0.00, real=0.03 secs] 
2016-09-13T20:35:14.134-0400: 241.181: [GC (GCLocker Initiated GC) [PSYoungGen: 178914K->29511K(197120K)] 656356K->516291K(721408K), 0.0150144 secs] [Times: user=0.16 sys=0.00, real=0.02 secs] 
2016-09-13T20:35:14.364-0400: 241.411: [GC (GCLocker Initiated GC) [PSYoungGen: 173383K->26383K(200192K)] 660358K->524141K(724480K), 0.0271750 secs] [Times: user=0.30 sys=0.00, real=0.03 secs] 
2016-09-13T20:35:14.623-0400: 241.670: [GC (Allocation Failure) [PSYoungGen: 170255K->5179K(204800K)] 675830K->511022K(729088K), 0.0129005 secs] [Times: user=0.13 sys=0.00, real=0.02 secs] 
2016-09-13T20:35:14.854-0400: 241.901: [GC (GCLocker Initiated GC) [PSYoungGen: 155199K->46254K(197120K)] 662561K->553824K(721408K), 0.0119040 secs] [Times: user=0.10 sys=0.00, real=0.01 secs] 
2016-09-13T20:35:15.098-0400: 242.145: [Full GC (Ergonomics) [PSYoungGen: 196782K->0K(197120K)] [ParOldGen: 513673K->46315K(524288K)] 710456K->46315K(721408K), [Metaspace: 44690K->44690K(1087488K)], 0.0744003 secs] [Times: user=0.47 sys=0.01, real=0.07 secs] 
2016-09-13T20:35:15.372-0400: 242.419: [GC (Allocation Failure) [PSYoungGen: 150528K->35931K(202752K)] 198457K->83860K(727040K), 0.0127840 secs] [Times: user=0.14 sys=0.00, real=0.01 secs] 
2016-09-13T20:35:15.604-0400: 242.651: [GC (GCLocker Initiated GC) [PSYoungGen: 176401K->29448K(172544K)] 230406K->94648K(696832K), 0.0212965 secs] [Times: user=0.23 sys=0.00, real=0.02 secs] 
2016-09-13T20:35:15.862-0400: 242.908: [GC (GCLocker Initiated GC) [PSYoungGen: 172296K->9827K(199168K)] 245188K->82783K(723456K), 0.0063153 secs] [Times: user=0.06 sys=0.00, real=0.01 secs] 
2016-09-13T20:35:16.084-0400: 243.131: [GC (GCLocker Initiated GC) [PSYoungGen: 152163K->49378K(199680K)] 225339K->124169K(723968K), 0.0128777 secs] [Times: user=0.13 sys=0.00, real=0.02 secs] 
2016-09-13T20:35:16.286-0400: 243.333: [GC (GCLocker Initiated GC) [PSYoungGen: 191714K->43185K(196608K)] 266528K->118196K(720896K), 0.0185076 secs] [Times: user=0.22 sys=0.00, real=0.02 secs] 
2016-09-13T20:35:16.523-0400: 243.570: [GC (GCLocker Initiated GC) [PSYoungGen: 177329K->29512K(163840K)] 258506K->112433K(688128K), 0.0138192 secs] [Times: user=0.14 sys=0.01, real=0.02 secs] 
2016-09-13T20:35:16.744-0400: 243.790: [GC (GCLocker Initiated GC) [PSYoungGen: 163656K->55522K(188928K)] 248228K->150880K(713216K), 0.0104707 secs] [Times: user=0.10 sys=0.01, real=0.01 secs] 
2016-09-13T20:35:16.943-0400: 243.989: [GC (GCLocker Initiated GC) [PSYoungGen: 183522K->5275K(133632K)] 286496K->108423K(657920K), 0.0220912 secs] [Times: user=0.26 sys=0.00, real=0.02 secs] 
2016-09-13T20:35:17.163-0400: 244.210: [GC (GCLocker Initiated GC) [PSYoungGen: 133275K->41885K(192512K)] 239620K->148507K(716800K), 0.0130709 secs] [Times: user=0.15 sys=0.01, real=0.02 secs] 
2016-09-13T20:35:17.372-0400: 244.418: [GC (Allocation Failure) [PSYoungGen: 165789K->23500K(147456K)] 272620K->130481K(671744K), 0.0113233 secs] [Times: user=0.09 sys=0.00, real=0.01 secs] 
2016-09-13T20:35:17.564-0400: 244.611: [GC (GCLocker Initiated GC) [PSYoungGen: 146202K->44762K(189440K)] 254702K->153382K(713728K), 0.0284898 secs] [Times: user=0.28 sys=0.01, real=0.03 secs] 
2016-09-13T20:35:17.762-0400: 244.809: [GC (Allocation Failure) [PSYoungGen: 167642K->44667K(190976K)] 277993K->155161K(715264K), 0.0133570 secs] [Times: user=0.14 sys=0.00, real=0.01 secs] 
2016-09-13T20:35:17.952-0400: 244.999: [GC (GCLocker Initiated GC) [PSYoungGen: 167547K->32554K(188928K)] 278047K->143251K(713216K), 0.0377279 secs] [Times: user=0.43 sys=0.00, real=0.04 secs] 
2016-09-13T20:35:18.173-0400: 245.219: [GC (GCLocker Initiated GC) [PSYoungGen: 157482K->46128K(190976K)] 268430K->157309K(715264K), 0.0059475 secs] [Times: user=0.04 sys=0.00, real=0.01 secs] 
2016-09-13T20:35:18.364-0400: 245.410: [GC (GCLocker Initiated GC) [PSYoungGen: 171056K->28328K(192512K)] 283948K->141391K(716800K), 0.0378157 secs] [Times: user=0.43 sys=0.00, real=0.04 secs] 
2016-09-13T20:35:18.574-0400: 245.621: [GC (GCLocker Initiated GC) [PSYoungGen: 156840K->35651K(193536K)] 269959K->149012K(717824K), 0.0106008 secs] [Times: user=0.13 sys=0.00, real=0.01 secs] 
2016-09-13T20:35:18.793-0400: 245.840: [GC (GCLocker Initiated GC) [PSYoungGen: 164163K->31189K(194560K)] 277629K->155433K(718848K), 0.0099404 secs] [Times: user=0.10 sys=0.00, real=0.01 secs] 
2016-09-13T20:35:19.006-0400: 246.052: [GC (GCLocker Initiated GC) [PSYoungGen: 165845K->32613K(195072K)] 290252K->157223K(719360K), 0.0064457 secs] [Times: user=0.05 sys=0.00, real=0.01 secs] 
2016-09-13T20:35:19.231-0400: 246.277: [GC (Allocation Failure) [PSYoungGen: 167269K->26224K(200704K)] 291965K->150967K(724992K), 0.0264624 secs] [Times: user=0.23 sys=0.01, real=0.03 secs] 
2016-09-13T20:35:19.453-0400: 246.500: [GC (GCLocker Initiated GC) [PSYoungGen: 169072K->43244K(199680K)] 293816K->174241K(723968K), 0.0093550 secs] [Times: user=0.09 sys=0.00, real=0.01 secs] 
2016-09-13T20:35:19.678-0400: 246.724: [GC (Allocation Failure) [PSYoungGen: 186092K->47768K(198656K)] 317108K->178970K(722944K), 0.0057900 secs] [Times: user=0.07 sys=0.00, real=0.00 secs] 
2016-09-13T20:35:19.899-0400: 246.946: [GC (GCLocker Initiated GC) [PSYoungGen: 188056K->47810K(188416K)] 319261K->189888K(712704K), 0.0216307 secs] [Times: user=0.27 sys=0.00, real=0.02 secs] 
2016-09-13T20:35:20.142-0400: 247.189: [GC (GCLocker Initiated GC) [PSYoungGen: 188098K->28206K(200192K)] 338008K->178358K(724480K), 0.0121327 secs] [Times: user=0.13 sys=0.00, real=0.01 secs] 
2016-09-13T20:35:20.407-0400: 247.453: [GC (GCLocker Initiated GC) [PSYoungGen: 165422K->46409K(199168K)] 320238K->201348K(723456K), 0.0106507 secs] [Times: user=0.12 sys=0.01, real=0.02 secs] 
2016-09-13T20:35:20.625-0400: 247.672: [GC (GCLocker Initiated GC) [PSYoungGen: 183625K->61346K(185856K)] 340159K->242448K(710144K), 0.0280344 secs] [Times: user=0.24 sys=0.01, real=0.03 secs] 
2016-09-13T20:35:20.822-0400: 247.869: [GC (GCLocker Initiated GC) [PSYoungGen: 184226K->40238K(192512K)] 365341K->261090K(716800K), 0.0118654 secs] [Times: user=0.12 sys=0.00, real=0.01 secs] 
2016-09-13T20:35:21.047-0400: 248.094: [GC (GCLocker Initiated GC) [PSYoungGen: 163118K->2051K(187904K)] 402539K->249259K(712192K), 0.0272490 secs] [Times: user=0.22 sys=0.00, real=0.03 secs] 
2016-09-13T20:35:21.257-0400: 248.304: [GC (GCLocker Initiated GC) [PSYoungGen: 122883K->43244K(191488K)] 371800K->292327K(715776K), 0.0217016 secs] [Times: user=0.20 sys=0.00, real=0.02 secs] 
2016-09-13T20:35:21.448-0400: 248.494: [GC (GCLocker Initiated GC) [PSYoungGen: 164076K->30967K(185856K)] 419262K->286268K(710144K), 0.0097613 secs] [Times: user=0.06 sys=0.01, real=0.02 secs] 
2016-09-13T20:35:21.639-0400: 248.686: [GC (GCLocker Initiated GC) [PSYoungGen: 152311K->25050K(188928K)] 409153K->286637K(713216K), 0.0271765 secs] [Times: user=0.26 sys=0.00, real=0.02 secs] 
2016-09-13T20:35:21.834-0400: 248.881: [GC (GCLocker Initiated GC) [PSYoungGen: 146394K->36982K(188928K)] 408007K->298899K(713216K), 0.0222244 secs] [Times: user=0.21 sys=0.01, real=0.03 secs] 
2016-09-13T20:35:22.050-0400: 249.097: [GC (GCLocker Initiated GC) [PSYoungGen: 165494K->63020K(192000K)] 427437K->332636K(716288K), 0.0105273 secs] [Times: user=0.09 sys=0.00, real=0.01 secs] 
2016-09-13T20:35:22.278-0400: 249.325: [GC (GCLocker Initiated GC) [PSYoungGen: 191532K->9900K(186880K)] 475045K->304353K(711168K), 0.0188992 secs] [Times: user=0.19 sys=0.00, real=0.02 secs] 
2016-09-13T20:35:22.478-0400: 249.525: [GC (GCLocker Initiated GC) [PSYoungGen: 126636K->58405K(175616K)] 421295K->353274K(699904K), 0.0123002 secs] [Times: user=0.11 sys=0.00, real=0.01 secs] 
2016-09-13T20:35:22.685-0400: 249.732: [GC (GCLocker Initiated GC) [PSYoungGen: 175141K->12895K(184320K)] 482185K->320125K(708608K), 0.0256742 secs] [Times: user=0.28 sys=0.00, real=0.03 secs] 
2016-09-13T20:35:22.859-0400: 249.906: [GC (GCLocker Initiated GC) [PSYoungGen: 119391K->59923K(166912K)] 426800K->372130K(691200K), 0.0207908 secs] [Times: user=0.22 sys=0.01, real=0.02 secs] 
2016-09-13T20:35:23.031-0400: 250.078: [GC (GCLocker Initiated GC) [PSYoungGen: 166419K->37014K(183808K)] 478668K->349452K(708096K), 0.0136161 secs] [Times: user=0.13 sys=0.00, real=0.01 secs] 
2016-09-13T20:35:23.184-0400: 250.231: [GC (Allocation Failure) [PSYoungGen: 137878K->31003K(132096K)] 450323K->349757K(656384K), 0.0150426 secs] [Times: user=0.15 sys=0.00, real=0.02 secs] 
2016-09-13T20:35:23.334-0400: 250.380: [GC (Allocation Failure) [PSYoungGen: 127634K->26692K(178176K)] 446388K->351770K(702464K), 0.0183919 secs] [Times: user=0.18 sys=0.00, real=0.02 secs] 
2016-09-13T20:35:23.511-0400: 250.558: [GC (GCLocker Initiated GC) [PSYoungGen: 129604K->50714K(176128K)] 454685K->375992K(700416K), 0.0138675 secs] [Times: user=0.13 sys=0.00, real=0.01 secs] 
2016-09-13T20:35:23.668-0400: 250.715: [GC (GCLocker Initiated GC) [PSYoungGen: 153626K->55330K(181760K)] 478990K->380887K(706048K), 0.0251976 secs] [Times: user=0.25 sys=0.00, real=0.02 secs] 
2016-09-13T20:35:23.863-0400: 250.910: [GC (GCLocker Initiated GC) [PSYoungGen: 161826K->16114K(184320K)] 493485K->347983K(708608K), 0.0176887 secs] [Times: user=0.23 sys=0.01, real=0.02 secs] 
2016-09-13T20:35:24.042-0400: 251.089: [GC (GCLocker Initiated GC) [PSYoungGen: 122610K->41825K(180224K)] 457666K->389331K(704512K), 0.0106415 secs] [Times: user=0.12 sys=0.00, real=0.01 secs] 
2016-09-13T20:35:24.205-0400: 251.251: [GC (GCLocker Initiated GC) [PSYoungGen: 148321K->29485K(182272K)] 501927K->383367K(706560K), 0.0067930 secs] [Times: user=0.06 sys=0.00, real=0.01 secs] 
2016-09-13T20:35:24.358-0400: 251.405: [GC (Allocation Failure) [PSYoungGen: 135980K->23405K(183808K)] 493137K->388384K(708096K), 0.0097472 secs] [Times: user=0.10 sys=0.00, real=0.01 secs] 
2016-09-13T20:35:24.536-0400: 251.583: [GC (GCLocker Initiated GC) [PSYoungGen: 136557K->41720K(184832K)] 501542K->406835K(709120K), 0.0092401 secs] [Times: user=0.11 sys=0.00, real=0.00 secs] 
2016-09-13T20:35:24.715-0400: 251.762: [GC (GCLocker Initiated GC) [PSYoungGen: 154872K->46222K(189952K)] 521640K->413293K(714240K), 0.0158199 secs] [Times: user=0.14 sys=0.00, real=0.02 secs] 
2016-09-13T20:35:24.915-0400: 251.962: [GC (GCLocker Initiated GC) [PSYoungGen: 165518K->52299K(172032K)] 532602K->419534K(696320K), 0.0168207 secs] [Times: user=0.17 sys=0.00, real=0.02 secs] 
2016-09-13T20:35:25.114-0400: 252.161: [GC (Allocation Failure) [PSYoungGen: 171595K->26447K(190464K)] 538866K->399865K(714752K), 0.0207624 secs] [Times: user=0.20 sys=0.00, real=0.02 secs] 
2016-09-13T20:35:25.295-0400: 252.341: [GC (GCLocker Initiated GC) [PSYoungGen: 143681K->64570K(182272K)] 518618K->445808K(706560K), 0.0129205 secs] [Times: user=0.14 sys=0.00, real=0.02 secs] 
2016-09-13T20:35:25.523-0400: 252.570: [GC (GCLocker Initiated GC) [PSYoungGen: 181818K->32681K(186368K)] 575348K->426503K(710656K), 0.0136805 secs] [Times: user=0.14 sys=0.00, real=0.02 secs] 
2016-09-13T20:35:25.689-0400: 252.736: [GC (GCLocker Initiated GC) [PSYoungGen: 140201K->61278K(168960K)] 534378K->455633K(693248K), 0.0100213 secs] [Times: user=0.08 sys=0.01, real=0.01 secs] 
2016-09-13T20:35:25.857-0400: 252.904: [GC (Allocation Failure) [PSYoungGen: 168798K->47740K(183296K)] 563413K->442568K(707584K), 0.0148849 secs] [Times: user=0.13 sys=0.00, real=0.01 secs] 
2016-09-13T20:35:26.046-0400: 253.092: [GC (GCLocker Initiated GC) [PSYoungGen: 149303K->23308K(126464K)] 550206K->424455K(650752K), 0.0291454 secs] [Times: user=0.25 sys=0.00, real=0.03 secs] 
2016-09-13T20:35:26.223-0400: 253.270: [GC (Allocation Failure) [PSYoungGen: 126220K->32335K(183808K)] 527400K->433760K(708096K), 0.0173354 secs] [Times: user=0.15 sys=0.00, real=0.02 secs] 
2016-09-13T20:35:26.392-0400: 253.439: [GC (Allocation Failure) [PSYoungGen: 137807K->25078K(181248K)] 539232K->437348K(705536K), 0.0069276 secs] [Times: user=0.07 sys=0.00, real=0.01 secs] 
2016-09-13T20:35:26.551-0400: 253.598: [GC (GCLocker Initiated GC) [PSYoungGen: 130388K->24986K(184320K)] 548733K->443520K(708608K), 0.0101246 secs] [Times: user=0.07 sys=0.00, real=0.01 secs] 
2016-09-13T20:35:26.732-0400: 253.779: [GC (Allocation Failure) [PSYoungGen: 134554K->41979K(182784K)] 554727K->462303K(707072K), 0.0108022 secs] [Times: user=0.16 sys=0.00, real=0.01 secs] 
2016-09-13T20:35:26.904-0400: 253.951: [GC (GCLocker Initiated GC) [PSYoungGen: 151547K->31127K(186368K)] 571874K->451576K(710656K), 0.0071657 secs] [Times: user=0.08 sys=0.00, real=0.01 secs] 
2016-09-13T20:35:27.100-0400: 254.146: [GC (GCLocker Initiated GC) [PSYoungGen: 147863K->44673K(185856K)] 576022K->472955K(710144K), 0.0122491 secs] [Times: user=0.11 sys=0.01, real=0.01 secs] 
2016-09-13T20:35:27.291-0400: 254.338: [GC (GCLocker Initiated GC) [PSYoungGen: 161409K->43270K(191488K)] 589710K->476208K(715776K), 0.0161338 secs] [Times: user=0.17 sys=0.00, real=0.01 secs] 
2016-09-13T20:35:27.498-0400: 254.545: [GC (GCLocker Initiated GC) [PSYoungGen: 167174K->50710K(192000K)] 606374K->493148K(716288K), 0.0250494 secs] [Times: user=0.22 sys=0.01, real=0.02 secs] 
2016-09-13T20:35:27.711-0400: 254.758: [GC (GCLocker Initiated GC) [PSYoungGen: 174614K->34254K(191488K)] 623149K->482979K(715776K), 0.0057111 secs] [Times: user=0.05 sys=0.00, real=0.01 secs] 
2016-09-13T20:35:27.907-0400: 254.954: [GC (GCLocker Initiated GC) [PSYoungGen: 158670K->42994K(192000K)] 607442K->499585K(716288K), 0.0360840 secs] [Times: user=0.31 sys=0.00, real=0.04 secs] 
2016-09-13T20:35:28.102-0400: 255.149: [GC (GCLocker Initiated GC) [PSYoungGen: 167410K->46249K(194048K)] 625553K->504731K(718336K), 0.0270286 secs] [Times: user=0.30 sys=0.00, real=0.03 secs] 
2016-09-13T20:35:28.314-0400: 255.360: [GC (GCLocker Initiated GC) [PSYoungGen: 174249K->44726K(194048K)] 632862K->511159K(718336K), 0.0337213 secs] [Times: user=0.37 sys=0.00, real=0.03 secs] 
2016-09-13T20:35:28.545-0400: 255.592: [GC (GCLocker Initiated GC) [PSYoungGen: 172726K->23404K(195072K)] 648407K->503771K(719360K), 0.0132953 secs] [Times: user=0.13 sys=0.00, real=0.02 secs] 
2016-09-13T20:35:28.740-0400: 255.787: [GC (GCLocker Initiated GC) [PSYoungGen: 152940K->34041K(163840K)] 633362K->514789K(688128K), 0.0246896 secs] [Times: user=0.25 sys=0.01, real=0.02 secs] 
2016-09-13T20:35:28.967-0400: 256.014: [GC (Allocation Failure) [PSYoungGen: 163577K->46064K(194048K)] 644515K->530320K(718336K), 0.0215281 secs] [Times: user=0.23 sys=0.00, real=0.03 secs] 
2016-09-13T20:35:29.168-0400: 256.214: [GC (GCLocker Initiated GC) [PSYoungGen: 176112K->24956K(194560K)] 660368K->513938K(718848K), 0.0113363 secs] [Times: user=0.14 sys=0.00, real=0.01 secs] 
2016-09-13T20:35:29.408-0400: 256.455: [GC (GCLocker Initiated GC) [PSYoungGen: 155004K->19013K(197120K)] 653121K->517325K(721408K), 0.0077479 secs] [Times: user=0.11 sys=0.00, real=0.01 secs] 
2016-09-13T20:35:29.623-0400: 256.669: [GC (GCLocker Initiated GC) [PSYoungGen: 152133K->26350K(159744K)] 650592K->526530K(684032K), 0.0102340 secs] [Times: user=0.11 sys=0.00, real=0.01 secs] 
2016-09-13T20:35:29.840-0400: 256.887: [GC (GCLocker Initiated GC) [PSYoungGen: 159470K->32676K(199680K)] 659664K->539178K(723968K), 0.0123990 secs] [Times: user=0.17 sys=0.00, real=0.01 secs] 
2016-09-13T20:35:30.050-0400: 257.096: [GC (GCLocker Initiated GC) [PSYoungGen: 168868K->23659K(197120K)] 681486K->539694K(721408K), 0.0079459 secs] [Times: user=0.06 sys=0.00, real=0.01 secs] 
2016-09-13T20:35:30.058-0400: 257.104: [Full GC (Ergonomics) [PSYoungGen: 23659K->0K(197120K)] [ParOldGen: 516034K->39314K(524288K)] 539694K->39314K(721408K), [Metaspace: 44702K->44702K(1087488K)], 0.0589629 secs] [Times: user=0.36 sys=0.01, real=0.06 secs] 
2016-09-13T20:35:30.301-0400: 257.347: [GC (Allocation Failure) [PSYoungGen: 136192K->38863K(199168K)] 183190K->85861K(723456K), 0.0100833 secs] [Times: user=0.10 sys=0.00, real=0.01 secs] 
2016-09-13T20:35:30.510-0400: 257.557: [GC (GCLocker Initiated GC) [PSYoungGen: 177615K->53976K(193024K)] 224624K->139416K(717312K), 0.0109172 secs] [Times: user=0.15 sys=0.00, real=0.01 secs] 
2016-09-13T20:35:30.731-0400: 257.778: [GC (GCLocker Initiated GC) [PSYoungGen: 192728K->44704K(196608K)] 278473K->130567K(720896K), 0.0276930 secs] [Times: user=0.30 sys=0.00, real=0.03 secs] 
2016-09-13T20:35:30.948-0400: 257.994: [GC (GCLocker Initiated GC) [PSYoungGen: 176800K->9980K(142336K)] 264190K->97588K(666624K), 0.0131594 secs] [Times: user=0.15 sys=0.00, real=0.01 secs] 
2016-09-13T20:35:31.163-0400: 258.210: [GC (GCLocker Initiated GC) [PSYoungGen: 142076K->41667K(196096K)] 231501K->131376K(720384K), 0.0212042 secs] [Times: user=0.20 sys=0.00, real=0.02 secs] 
2016-09-13T20:35:31.415-0400: 258.462: [GC (GCLocker Initiated GC) [PSYoungGen: 171203K->5238K(135168K)] 273148K->107255K(659456K), 0.0098719 secs] [Times: user=0.08 sys=0.01, real=0.01 secs] 
2016-09-13T20:35:31.606-0400: 258.653: [GC (GCLocker Initiated GC) [PSYoungGen: 134774K->32399K(197632K)] 236966K->134697K(721920K), 0.0343328 secs] [Times: user=0.29 sys=0.00, real=0.04 secs] 
2016-09-13T20:35:31.862-0400: 258.909: [GC (GCLocker Initiated GC) [PSYoungGen: 161935K->28094K(157696K)] 270349K->141234K(681984K), 0.0067120 secs] [Times: user=0.07 sys=0.00, real=0.01 secs] 
2016-09-13T20:35:32.048-0400: 259.095: [GC (GCLocker Initiated GC) [PSYoungGen: 157630K->55586K(185344K)] 272395K->170616K(709632K), 0.0063920 secs] [Times: user=0.08 sys=0.00, real=0.00 secs] 
2016-09-13T20:35:32.255-0400: 259.302: [GC (GCLocker Initiated GC) [PSYoungGen: 178978K->8424K(191488K)] 306244K->138871K(715776K), 0.0097015 secs] [Times: user=0.11 sys=0.00, real=0.01 secs] 
2016-09-13T20:35:32.456-0400: 259.503: [GC (GCLocker Initiated GC) [PSYoungGen: 131816K->23569K(189952K)] 271598K->163568K(714240K), 0.0146529 secs] [Times: user=0.13 sys=0.00, real=0.01 secs] 
2016-09-13T20:35:32.682-0400: 259.729: [GC (Allocation Failure) [PSYoungGen: 148497K->46445K(191488K)] 288701K->186819K(715776K), 0.0070880 secs] [Times: user=0.09 sys=0.00, real=0.01 secs] 
2016-09-13T20:35:32.868-0400: 259.915: [GC (GCLocker Initiated GC) [PSYoungGen: 171373K->43238K(192512K)] 311750K->183872K(716800K), 0.0124540 secs] [Times: user=0.15 sys=0.00, real=0.01 secs] 
2016-09-13T20:35:33.088-0400: 260.135: [GC (GCLocker Initiated GC) [PSYoungGen: 167142K->37137K(161280K)] 307929K->178133K(685568K), 0.0138789 secs] [Times: user=0.11 sys=0.00, real=0.01 secs] 
2016-09-13T20:35:33.275-0400: 260.322: [GC (GCLocker Initiated GC) [PSYoungGen: 161041K->46441K(189952K)] 303681K->195331K(714240K), 0.0075690 secs] [Times: user=0.10 sys=0.00, real=0.01 secs] 
2016-09-13T20:35:33.493-0400: 260.540: [GC (Allocation Failure) [PSYoungGen: 169321K->23474K(191488K)] 324580K->178887K(715776K), 0.0045568 secs] [Times: user=0.05 sys=0.00, real=0.01 secs] 
2016-09-13T20:35:33.687-0400: 260.734: [GC (GCLocker Initiated GC) [PSYoungGen: 142506K->29384K(188416K)] 303994K->190904K(712704K), 0.0101728 secs] [Times: user=0.07 sys=0.00, real=0.02 secs] 
2016-09-13T20:35:33.899-0400: 260.946: [GC (GCLocker Initiated GC) [PSYoungGen: 155848K->32740K(190976K)] 331275K->208403K(715264K), 0.0098896 secs] [Times: user=0.12 sys=0.00, real=0.01 secs] 
2016-09-13T20:35:34.130-0400: 261.177: [GC (GCLocker Initiated GC) [PSYoungGen: 159204K->23718K(196096K)] 342468K->207242K(720384K), 0.0064499 secs] [Times: user=0.05 sys=0.00, real=0.01 secs] 
2016-09-13T20:35:34.357-0400: 261.404: [GC (GCLocker Initiated GC) [PSYoungGen: 159910K->27998K(196608K)] 351215K->219571K(720896K), 0.0060722 secs] [Times: user=0.07 sys=0.00, real=0.00 secs] 
2016-09-13T20:35:34.581-0400: 261.628: [GC (GCLocker Initiated GC) [PSYoungGen: 164190K->34477K(200192K)] 355786K->226298K(724480K), 0.0082077 secs] [Times: user=0.10 sys=0.00, real=0.01 secs] 
2016-09-13T20:35:34.805-0400: 261.852: [GC (Allocation Failure) [PSYoungGen: 177837K->6859K(200192K)] 375795K->218829K(724480K), 0.0110060 secs] [Times: user=0.11 sys=0.01, real=0.02 secs] 
2016-09-13T20:35:35.048-0400: 262.095: [GC (GCLocker Initiated GC) [PSYoungGen: 150219K->43116K(198656K)] 362191K->255144K(722944K), 0.0336368 secs] [Times: user=0.31 sys=0.00, real=0.03 secs] 
2016-09-13T20:35:35.312-0400: 262.359: [GC (Allocation Failure) [PSYoungGen: 183404K->41944K(182272K)] 397126K->255958K(706560K), 0.0100861 secs] [Times: user=0.14 sys=0.00, real=0.01 secs] 
2016-09-13T20:35:35.499-0400: 262.546: [GC (GCLocker Initiated GC) [PSYoungGen: 181786K->60045K(185856K)] 397320K->281871K(710144K), 0.0105560 secs] [Times: user=0.13 sys=0.01, real=0.01 secs] 
2016-09-13T20:35:35.712-0400: 262.758: [GC (GCLocker Initiated GC) [PSYoungGen: 183949K->43216K(193024K)] 413715K->273227K(717312K), 0.0080764 secs] [Times: user=0.05 sys=0.00, real=0.01 secs] 
2016-09-13T20:35:35.902-0400: 262.949: [GC (GCLocker Initiated GC) [PSYoungGen: 167120K->40237K(188928K)] 398675K->271993K(713216K), 0.0064470 secs] [Times: user=0.06 sys=0.00, real=0.01 secs] 
2016-09-13T20:35:36.138-0400: 263.184: [GC (Allocation Failure) [PSYoungGen: 164141K->23404K(190976K)] 402222K->267832K(715264K), 0.0184745 secs] [Times: user=0.14 sys=0.00, real=0.02 secs] 
2016-09-13T20:35:36.330-0400: 263.377: [GC (GCLocker Initiated GC) [PSYoungGen: 147308K->47833K(192512K)] 391739K->292622K(716800K), 0.0058554 secs] [Times: user=0.06 sys=0.00, real=0.01 secs] 
2016-09-13T20:35:36.514-0400: 263.561: [GC (GCLocker Initiated GC) [PSYoungGen: 173785K->47768K(174080K)] 418809K->292954K(698368K), 0.0085896 secs] [Times: user=0.09 sys=0.01, real=0.01 secs] 
2016-09-13T20:35:36.716-0400: 263.763: [GC (GCLocker Initiated GC) [PSYoungGen: 173720K->43063K(194048K)] 418917K->291484K(718336K), 0.0062321 secs] [Times: user=0.05 sys=0.00, real=0.00 secs] 
2016-09-13T20:35:36.938-0400: 263.985: [GC (GCLocker Initiated GC) [PSYoungGen: 167991K->43249K(168448K)] 416485K->297981K(692736K), 0.0142954 secs] [Times: user=0.17 sys=0.00, real=0.01 secs] 
2016-09-13T20:35:37.131-0400: 264.178: [GC (GCLocker Initiated GC) [PSYoungGen: 168177K->28004K(193024K)] 423053K->295279K(717312K), 0.0062515 secs] [Times: user=0.06 sys=0.00, real=0.01 secs] 
2016-09-13T20:35:37.359-0400: 264.406: [GC (GCLocker Initiated GC) [PSYoungGen: 153956K->23655K(192000K)] 422766K->292561K(716288K), 0.0176763 secs] [Times: user=0.18 sys=0.01, real=0.02 secs] 
2016-09-13T20:35:37.554-0400: 264.601: [GC (GCLocker Initiated GC) [PSYoungGen: 149607K->12841K(193536K)] 424744K->288231K(717824K), 0.0085817 secs] [Times: user=0.08 sys=0.00, real=0.01 secs] 
2016-09-13T20:35:37.787-0400: 264.833: [GC (GCLocker Initiated GC) [PSYoungGen: 140841K->15992K(194560K)] 422331K->299168K(718848K), 0.0043631 secs] [Times: user=0.03 sys=0.01, real=0.01 secs] 
2016-09-13T20:35:38.003-0400: 265.050: [GC (GCLocker Initiated GC) [PSYoungGen: 143992K->34195K(189952K)] 433271K->335795K(714240K), 0.0066315 secs] [Times: user=0.05 sys=0.00, real=0.01 secs] 
2016-09-13T20:35:38.212-0400: 265.259: [GC (GCLocker Initiated GC) [PSYoungGen: 163731K->52229K(193024K)] 465361K->363138K(717312K), 0.0153584 secs] [Times: user=0.14 sys=0.01, real=0.01 secs] 
2016-09-13T20:35:38.462-0400: 265.509: [GC (GCLocker Initiated GC) [PSYoungGen: 181765K->23474K(195584K)] 505174K->354631K(719872K), 0.0105240 secs] [Times: user=0.11 sys=0.01, real=0.01 secs] 
2016-09-13T20:35:38.652-0400: 265.699: [GC (GCLocker Initiated GC) [PSYoungGen: 150962K->31285K(159232K)] 488465K->368927K(683520K), 0.0224742 secs] [Times: user=0.29 sys=0.00, real=0.02 secs] 
2016-09-13T20:35:38.864-0400: 265.911: [GC (Allocation Failure) [PSYoungGen: 158773K->28061K(193024K)] 502735K->372299K(717312K), 0.0115229 secs] [Times: user=0.11 sys=0.00, real=0.01 secs] 
2016-09-13T20:35:39.080-0400: 266.126: [GC (GCLocker Initiated GC) [PSYoungGen: 157317K->41793K(190976K)] 503074K->387752K(715264K), 0.0067952 secs] [Times: user=0.08 sys=0.00, real=0.00 secs] 
2016-09-13T20:35:39.272-0400: 266.319: [GC (GCLocker Initiated GC) [PSYoungGen: 171329K->46440K(196096K)] 517439K->392792K(720384K), 0.0277988 secs] [Times: user=0.30 sys=0.00, real=0.03 secs] 
2016-09-13T20:35:39.502-0400: 266.549: [GC (GCLocker Initiated GC) [PSYoungGen: 180584K->44667K(179200K)] 533189K->402022K(703488K), 0.0296480 secs] [Times: user=0.32 sys=0.00, real=0.03 secs] 
2016-09-13T20:35:39.720-0400: 266.767: [GC (GCLocker Initiated GC) [PSYoungGen: 178811K->64384K(182272K)] 536376K->422121K(706560K), 0.0214932 secs] [Times: user=0.19 sys=0.00, real=0.02 secs] 
2016-09-13T20:35:39.932-0400: 266.979: [GC (GCLocker Initiated GC) [PSYoungGen: 182144K->9677K(127488K)] 541428K->369080K(651776K), 0.0229982 secs] [Times: user=0.22 sys=0.01, real=0.02 secs] 
2016-09-13T20:35:40.124-0400: 267.171: [GC (Allocation Failure) [PSYoungGen: 127437K->24954K(189952K)] 493115K->390834K(714240K), 0.0164324 secs] [Times: user=0.14 sys=0.01, real=0.02 secs] 
2016-09-13T20:35:40.307-0400: 267.353: [GC (GCLocker Initiated GC) [PSYoungGen: 141178K->44577K(188416K)] 507067K->410742K(712704K), 0.0073627 secs] [Times: user=0.07 sys=0.00, real=0.01 secs] 
2016-09-13T20:35:40.514-0400: 267.561: [GC (GCLocker Initiated GC) [PSYoungGen: 160801K->31062K(185344K)] 540717K->411141K(709632K), 0.0221938 secs] [Times: user=0.22 sys=0.00, real=0.03 secs] 
2016-09-13T20:35:40.739-0400: 267.785: [GC (GCLocker Initiated GC) [PSYoungGen: 148822K->46154K(186880K)] 530597K->429665K(711168K), 0.0333142 secs] [Times: user=0.34 sys=0.01, real=0.03 secs] 
2016-09-13T20:35:40.912-0400: 267.959: [GC (GCLocker Initiated GC) [PSYoungGen: 163914K->43117K(192512K)] 547512K->426845K(716800K), 0.0097796 secs] [Times: user=0.07 sys=0.00, real=0.01 secs] 
2016-09-13T20:35:41.087-0400: 268.133: [GC (GCLocker Initiated GC) [PSYoungGen: 166509K->46439K(192512K)] 550337K->432074K(716800K), 0.0069357 secs] [Times: user=0.05 sys=0.01, real=0.01 secs] 
2016-09-13T20:35:41.308-0400: 268.355: [GC (GCLocker Initiated GC) [PSYoungGen: 169831K->39988K(188416K)] 561814K->432250K(712704K), 0.0302080 secs] [Times: user=0.34 sys=0.00, real=0.03 secs] 
2016-09-13T20:35:41.514-0400: 268.561: [GC (GCLocker Initiated GC) [PSYoungGen: 163380K->64411K(187904K)] 555680K->456847K(712192K), 0.0096218 secs] [Times: user=0.09 sys=0.00, real=0.01 secs] 
2016-09-13T20:35:41.714-0400: 268.761: [GC (GCLocker Initiated GC) [PSYoungGen: 187803K->9772K(184320K)] 586326K->422177K(708608K), 0.0238292 secs] [Times: user=0.22 sys=0.00, real=0.03 secs] 
2016-09-13T20:35:41.933-0400: 268.980: [GC (GCLocker Initiated GC) [PSYoungGen: 120364K->31004K(141824K)] 545113K->455995K(666112K), 0.0161480 secs] [Times: user=0.18 sys=0.00, real=0.02 secs] 
2016-09-13T20:35:42.097-0400: 269.144: [GC (GCLocker Initiated GC) [PSYoungGen: 141596K->49483K(184832K)] 574229K->482294K(709120K), 0.0130404 secs] [Times: user=0.16 sys=0.00, real=0.01 secs] 
2016-09-13T20:35:42.306-0400: 269.353: [GC (Allocation Failure) [PSYoungGen: 161099K->23531K(185856K)] 607811K->472022K(710144K), 0.0065151 secs] [Times: user=0.05 sys=0.00, real=0.01 secs] 
2016-09-13T20:35:42.485-0400: 269.532: [GC (Allocation Failure) [PSYoungGen: 134939K->46276K(187904K)] 583430K->495031K(712192K), 0.0277492 secs] [Times: user=0.30 sys=0.00, real=0.03 secs] 
2016-09-13T20:35:42.682-0400: 269.728: [GC (GCLocker Initiated GC) [PSYoungGen: 160964K->50806K(187904K)] 609722K->499612K(712192K), 0.0153491 secs] [Times: user=0.14 sys=0.00, real=0.02 secs] 
2016-09-13T20:35:42.864-0400: 269.910: [GC (GCLocker Initiated GC) [PSYoungGen: 165494K->24891K(187904K)] 622086K->481515K(712192K), 0.0297122 secs] [Times: user=0.31 sys=0.00, real=0.03 secs] 
2016-09-13T20:35:43.088-0400: 270.134: [GC (GCLocker Initiated GC) [PSYoungGen: 139579K->14329K(187904K)] 602328K->477299K(712192K), 0.0121354 secs] [Times: user=0.10 sys=0.00, real=0.01 secs] 
2016-09-13T20:35:43.261-0400: 270.308: [GC (GCLocker Initiated GC) [PSYoungGen: 129017K->32702K(182272K)] 598223K->502103K(706560K), 0.0077477 secs] [Times: user=0.06 sys=0.00, real=0.01 secs] 
2016-09-13T20:35:43.448-0400: 270.495: [GC (GCLocker Initiated GC) [PSYoungGen: 147902K->27929K(185344K)] 623520K->503978K(709632K), 0.0224582 secs] [Times: user=0.24 sys=0.00, real=0.02 secs] 
2016-09-13T20:35:43.647-0400: 270.693: [GC (Allocation Failure) [PSYoungGen: 143129K->28020K(185856K)] 625482K->510477K(710144K), 0.0146092 secs] [Times: user=0.15 sys=0.00, real=0.02 secs] 
2016-09-13T20:35:43.863-0400: 270.909: [GC (GCLocker Initiated GC) [PSYoungGen: 150275K->27896K(189440K)] 638807K->516550K(713728K), 0.0315362 secs] [Times: user=0.31 sys=0.00, real=0.03 secs] 
2016-09-13T20:35:44.096-0400: 271.143: [GC (Allocation Failure) [PSYoungGen: 151800K->43090K(196096K)] 640616K->532107K(720384K), 0.0091454 secs] [Times: user=0.08 sys=0.00, real=0.00 secs] 
2016-09-13T20:35:44.286-0400: 271.333: [GC (GCLocker Initiated GC) [PSYoungGen: 175150K->37392K(197120K)] 670242K->532623K(721408K), 0.0081960 secs] [Times: user=0.10 sys=0.01, real=0.01 secs] 
2016-09-13T20:35:44.501-0400: 271.547: [GC (GCLocker Initiated GC) [PSYoungGen: 170512K->28215K(195584K)] 679664K->537604K(719872K), 0.0215188 secs] [Times: user=0.21 sys=0.00, real=0.02 secs] 
2016-09-13T20:35:44.717-0400: 271.764: [GC (Allocation Failure) [PSYoungGen: 163895K->47700K(196608K)] 673307K->557442K(720896K), 0.0150616 secs] [Times: user=0.16 sys=0.00, real=0.01 secs] 
2016-09-13T20:35:44.940-0400: 271.987: [GC (GCLocker Initiated GC) --[PSYoungGen: 178320K->178320K(196608K)] 694138K->701976K(720896K), 0.0131108 secs] [Times: user=0.15 sys=0.00, real=0.01 secs] 
2016-09-13T20:35:44.953-0400: 272.000: [Full GC (Ergonomics) [PSYoungGen: 178320K->0K(196608K)] [ParOldGen: 523655K->41114K(524288K)] 701976K->41114K(720896K), [Metaspace: 44741K->44741K(1087488K)], 0.0589736 secs] [Times: user=0.39 sys=0.00, real=0.06 secs] 
2016-09-13T20:35:45.166-0400: 272.213: [GC (GCLocker Initiated GC) [PSYoungGen: 135680K->43593K(198144K)] 176928K->84841K(722432K), 0.0076729 secs] [Times: user=0.05 sys=0.00, real=0.01 secs] 
2016-09-13T20:35:45.386-0400: 272.432: [GC (GCLocker Initiated GC) [PSYoungGen: 178761K->5270K(140800K)] 221541K->68308K(665088K), 0.0216706 secs] [Times: user=0.24 sys=0.00, real=0.02 secs] 
2016-09-13T20:35:45.611-0400: 272.658: [GC (GCLocker Initiated GC) [PSYoungGen: 140438K->43308K(195072K)] 205003K->115629K(719360K), 0.0230600 secs] [Times: user=0.25 sys=0.00, real=0.02 secs] 
2016-09-13T20:35:45.830-0400: 272.876: [GC (GCLocker Initiated GC) [PSYoungGen: 172332K->24955K(154112K)] 244669K->97414K(678400K), 0.0038961 secs] [Times: user=0.03 sys=0.00, real=0.00 secs] 
2016-09-13T20:35:46.040-0400: 273.086: [GC (GCLocker Initiated GC) [PSYoungGen: 153979K->27897K(197120K)] 226457K->100545K(721408K), 0.0213024 secs] [Times: user=0.18 sys=0.00, real=0.02 secs] 
2016-09-13T20:35:46.262-0400: 273.309: [GC (GCLocker Initiated GC) [PSYoungGen: 159993K->58277K(190464K)] 232822K->138822K(714752K), 0.0265091 secs] [Times: user=0.25 sys=0.01, real=0.03 secs] 
2016-09-13T20:35:46.469-0400: 273.516: [GC (GCLocker Initiated GC) [PSYoungGen: 190373K->43213K(193536K)] 272560K->125660K(717824K), 0.0220317 secs] [Times: user=0.16 sys=0.00, real=0.02 secs] 
2016-09-13T20:35:46.695-0400: 273.742: [GC (Allocation Failure) [PSYoungGen: 167629K->8317K(133120K)] 262276K->112223K(657408K), 0.0094764 secs] [Times: user=0.08 sys=0.00, real=0.01 secs] 
2016-09-13T20:35:46.886-0400: 273.933: [GC (GCLocker Initiated GC) [PSYoungGen: 132530K->26505K(194560K)] 242511K->136608K(718848K), 0.0180021 secs] [Times: user=0.19 sys=0.00, real=0.02 secs] 
2016-09-13T20:35:47.100-0400: 274.146: [GC (GCLocker Initiated GC) [PSYoungGen: 150921K->32607K(157184K)] 267163K->149142K(681472K), 0.0056907 secs] [Times: user=0.05 sys=0.00, real=0.00 secs] 
2016-09-13T20:35:47.305-0400: 274.351: [GC (Allocation Failure) [PSYoungGen: 157023K->23377K(189952K)] 276656K->143279K(714240K), 0.0108653 secs] [Times: user=0.11 sys=0.00, real=0.02 secs] 
2016-09-13T20:35:47.505-0400: 274.552: [GC (GCLocker Initiated GC) [PSYoungGen: 148290K->50768K(188416K)] 274267K->176946K(712704K), 0.0214761 secs] [Times: user=0.18 sys=0.00, real=0.02 secs] 
2016-09-13T20:35:47.705-0400: 274.752: [GC (GCLocker Initiated GC) [PSYoungGen: 176720K->50844K(189440K)] 303099K->177424K(713728K), 0.0059982 secs] [Times: user=0.05 sys=0.00, real=0.01 secs] 
2016-09-13T20:35:47.903-0400: 274.950: [GC (Allocation Failure) [PSYoungGen: 173724K->21890K(192512K)] 301830K->150112K(716800K), 0.0286022 secs] [Times: user=0.32 sys=0.00, real=0.03 secs] 
2016-09-13T20:35:48.120-0400: 275.167: [GC (GCLocker Initiated GC) [PSYoungGen: 139144K->23490K(188416K)] 273441K->158078K(712704K), 0.0306173 secs] [Times: user=0.32 sys=0.01, real=0.03 secs] 
2016-09-13T20:35:48.317-0400: 275.364: [GC (GCLocker Initiated GC) [PSYoungGen: 147394K->32650K(190976K)] 282010K->167495K(715264K), 0.0261896 secs] [Times: user=0.30 sys=0.00, real=0.02 secs] 
2016-09-13T20:35:48.514-0400: 275.561: [GC (GCLocker Initiated GC) [PSYoungGen: 156554K->60146K(184320K)] 291583K->202912K(708608K), 0.0241238 secs] [Times: user=0.27 sys=0.00, real=0.03 secs] 
2016-09-13T20:35:48.714-0400: 275.761: [GC (GCLocker Initiated GC) [PSYoungGen: 180978K->30908K(191488K)] 325364K->175544K(715776K), 0.0128117 secs] [Times: user=0.13 sys=0.00, real=0.01 secs] 
2016-09-13T20:35:48.900-0400: 275.946: [GC (GCLocker Initiated GC) [PSYoungGen: 151740K->65993K(177664K)] 296395K->218405K(701952K), 0.0104601 secs] [Times: user=0.08 sys=0.00, real=0.01 secs] 
2016-09-13T20:35:49.096-0400: 276.143: [GC (GCLocker Initiated GC) [PSYoungGen: 175561K->23376K(185856K)] 340402K->191523K(710144K), 0.0235807 secs] [Times: user=0.20 sys=0.00, real=0.02 secs] 
2016-09-13T20:35:49.288-0400: 276.335: [GC (GCLocker Initiated GC) [PSYoungGen: 132944K->27998K(180224K)] 313538K->208938K(704512K), 0.0101026 secs] [Times: user=0.08 sys=0.00, real=0.01 secs] 
2016-09-13T20:35:49.470-0400: 276.517: [GC (Allocation Failure) [PSYoungGen: 139102K->46280K(183808K)] 320366K->227789K(708096K), 0.0410722 secs] [Times: user=0.47 sys=0.00, real=0.04 secs] 
2016-09-13T20:35:49.679-0400: 276.726: [GC (GCLocker Initiated GC) [PSYoungGen: 157384K->65994K(175104K)] 338906K->247797K(699392K), 0.0279752 secs] [Times: user=0.36 sys=0.00, real=0.02 secs] 
2016-09-13T20:35:49.883-0400: 276.930: [GC (Allocation Failure) [PSYoungGen: 168394K->5180K(108032K)] 364050K->200908K(632320K), 0.0093961 secs] [Times: user=0.10 sys=0.00, real=0.01 secs] 
2016-09-13T20:35:50.032-0400: 277.079: [GC (GCLocker Initiated GC) [PSYoungGen: 106262K->26451K(183296K)] 303509K->223895K(707584K), 0.0058670 secs] [Times: user=0.04 sys=0.00, real=0.01 secs] 
2016-09-13T20:35:50.198-0400: 277.245: [GC (GCLocker Initiated GC) [PSYoungGen: 127827K->28264K(130048K)] 325427K->226082K(654336K), 0.0160453 secs] [Times: user=0.17 sys=0.00, real=0.01 secs] 
2016-09-13T20:35:50.386-0400: 277.432: [GC (GCLocker Initiated GC) [PSYoungGen: 129640K->23558K(179200K)] 327471K->221723K(703488K), 0.0051077 secs] [Times: user=0.03 sys=0.00, real=0.01 secs] 
2016-09-13T20:35:50.530-0400: 277.577: [GC (GCLocker Initiated GC) [PSYoungGen: 126982K->59764K(177152K)] 325373K->258412K(701440K), 0.0239930 secs] [Times: user=0.24 sys=0.01, real=0.02 secs] 
2016-09-13T20:35:50.703-0400: 277.749: [GC (GCLocker Initiated GC) [PSYoungGen: 163188K->52515K(179712K)] 361878K->251410K(704000K), 0.0075651 secs] [Times: user=0.08 sys=0.00, real=0.01 secs] 
2016-09-13T20:35:50.857-0400: 277.904: [GC (GCLocker Initiated GC) [PSYoungGen: 152867K->40052K(140800K)] 351796K->245509K(665088K), 0.0111894 secs] [Times: user=0.07 sys=0.00, real=0.01 secs] 
2016-09-13T20:35:51.017-0400: 278.064: [GC (GCLocker Initiated GC) [PSYoungGen: 140404K->43174K(181760K)] 345906K->248740K(706048K), 0.0250834 secs] [Times: user=0.27 sys=0.00, real=0.02 secs] 
2016-09-13T20:35:51.207-0400: 278.253: [GC (GCLocker Initiated GC) [PSYoungGen: 147110K->10070K(179712K)] 365052K->228222K(704000K), 0.0031423 secs] [Times: user=0.02 sys=0.00, real=0.01 secs] 
2016-09-13T20:35:51.353-0400: 278.399: [GC (GCLocker Initiated GC) [PSYoungGen: 114006K->46281K(185344K)] 332417K->265023K(709632K), 0.0135713 secs] [Times: user=0.12 sys=0.00, real=0.01 secs] 
2016-09-13T20:35:51.514-0400: 278.560: [GC (GCLocker Initiated GC) [PSYoungGen: 154825K->52356K(161280K)] 375160K->272975K(685568K), 0.0140651 secs] [Times: user=0.15 sys=0.00, real=0.02 secs] 
2016-09-13T20:35:51.691-0400: 278.738: [GC (GCLocker Initiated GC) [PSYoungGen: 160900K->59918K(175616K)] 381621K->286916K(699904K), 0.0217188 secs] [Times: user=0.20 sys=0.01, real=0.02 secs] 
2016-09-13T20:35:51.860-0400: 278.906: [GC (GCLocker Initiated GC) [PSYoungGen: 157198K->49228K(179712K)] 384367K->276673K(704000K), 0.0098332 secs] [Times: user=0.08 sys=0.00, real=0.01 secs] 
2016-09-13T20:35:52.028-0400: 279.075: [GC (GCLocker Initiated GC) [PSYoungGen: 146508K->27993K(175616K)] 375654K->264868K(699904K), 0.0093292 secs] [Times: user=0.10 sys=0.00, real=0.01 secs] 
2016-09-13T20:35:52.216-0400: 279.263: [GC (GCLocker Initiated GC) [PSYoungGen: 126297K->27998K(178176K)] 369272K->275765K(702464K), 0.0090295 secs] [Times: user=0.10 sys=0.00, real=0.00 secs] 
2016-09-13T20:35:52.376-0400: 279.423: [GC (GCLocker Initiated GC) [PSYoungGen: 126302K->59896K(176128K)] 374254K->309600K(700416K), 0.0097343 secs] [Times: user=0.12 sys=0.00, real=0.00 secs] 
2016-09-13T20:35:52.509-0400: 279.556: [GC (GCLocker Initiated GC) [PSYoungGen: 158200K->55618K(154112K)] 407994K->305595K(678400K), 0.0095572 secs] [Times: user=0.14 sys=0.00, real=0.01 secs] 
2016-09-13T20:35:52.689-0400: 279.736: [GC (GCLocker Initiated GC) [PSYoungGen: 153922K->5279K(174080K)] 416333K->272613K(698368K), 0.0056961 secs] [Times: user=0.06 sys=0.00, real=0.00 secs] 
2016-09-13T20:35:52.847-0400: 279.894: [GC (GCLocker Initiated GC) [PSYoungGen: 96415K->24831K(176640K)] 369875K->298481K(700928K), 0.0278757 secs] [Times: user=0.27 sys=0.01, real=0.03 secs] 
2016-09-13T20:35:53.013-0400: 280.060: [GC (GCLocker Initiated GC) [PSYoungGen: 115967K->33946K(169472K)] 397237K->320045K(693760K), 0.0070126 secs] [Times: user=0.06 sys=0.00, real=0.01 secs] 
2016-09-13T20:35:53.166-0400: 280.213: [GC (GCLocker Initiated GC) [PSYoungGen: 127642K->24991K(173056K)] 415376K->326624K(697344K), 0.0130736 secs] [Times: user=0.11 sys=0.00, real=0.02 secs] 
2016-09-13T20:35:53.319-0400: 280.365: [GC (GCLocker Initiated GC) [PSYoungGen: 118687K->40079K(176640K)] 423402K->345082K(700928K), 0.0145543 secs] [Times: user=0.14 sys=0.00, real=0.01 secs] 
2016-09-13T20:35:53.504-0400: 280.550: [GC (GCLocker Initiated GC) [PSYoungGen: 146063K->41751K(180224K)] 455806K->351608K(704512K), 0.0147824 secs] [Times: user=0.13 sys=0.00, real=0.02 secs] 
2016-09-13T20:35:53.662-0400: 280.709: [GC (GCLocker Initiated GC) [PSYoungGen: 147735K->46218K(186368K)] 457614K->356413K(710656K), 0.0092995 secs] [Times: user=0.09 sys=0.00, real=0.01 secs] 
2016-09-13T20:35:53.870-0400: 280.916: [GC (GCLocker Initiated GC) [PSYoungGen: 161418K->9980K(187904K)] 483987K->343327K(712192K), 0.0067467 secs] [Times: user=0.05 sys=0.00, real=0.01 secs] 
2016-09-13T20:35:54.056-0400: 281.103: [GC (GCLocker Initiated GC) [PSYoungGen: 125180K->26293K(186368K)] 464752K->366081K(710656K), 0.0177089 secs] [Times: user=0.18 sys=0.00, real=0.01 secs] 
2016-09-13T20:35:54.255-0400: 281.302: [GC (GCLocker Initiated GC) [PSYoungGen: 142005K->24859K(187392K)] 487935K->375417K(711680K), 0.0223525 secs] [Times: user=0.24 sys=0.00, real=0.03 secs] 
2016-09-13T20:35:54.456-0400: 281.503: [GC (GCLocker Initiated GC) [PSYoungGen: 140571K->23622K(188928K)] 497278K->380523K(713216K), 0.0060471 secs] [Times: user=0.05 sys=0.00, real=0.00 secs] 
2016-09-13T20:35:54.649-0400: 281.696: [GC (GCLocker Initiated GC) [PSYoungGen: 144966K->14732K(188928K)] 514229K->384292K(713216K), 0.0107080 secs] [Times: user=0.10 sys=0.00, real=0.01 secs] 
2016-09-13T20:35:54.873-0400: 281.920: [GC (GCLocker Initiated GC) [PSYoungGen: 136076K->43021K(193024K)] 505865K->412940K(717312K), 0.0122770 secs] [Times: user=0.10 sys=0.00, real=0.01 secs] 
2016-09-13T20:35:55.068-0400: 282.115: [GC (GCLocker Initiated GC) [PSYoungGen: 168973K->49446K(175616K)] 540435K->421098K(699904K), 0.0245653 secs] [Times: user=0.31 sys=0.00, real=0.02 secs] 
2016-09-13T20:35:55.273-0400: 282.320: [GC (GCLocker Initiated GC) [PSYoungGen: 175398K->49256K(186368K)] 547063K->422752K(710656K), 0.0178231 secs] [Times: user=0.17 sys=0.00, real=0.02 secs] 
2016-09-13T20:35:55.454-0400: 282.501: [GC (GCLocker Initiated GC) [PSYoungGen: 164968K->50747K(166912K)] 538486K->428976K(691200K), 0.0067718 secs] [Times: user=0.06 sys=0.00, real=0.01 secs] 
2016-09-13T20:35:55.652-0400: 282.699: [GC (Allocation Failure) [PSYoungGen: 166459K->24859K(188928K)] 551026K->417213K(713216K), 0.0133934 secs] [Times: user=0.11 sys=0.00, real=0.01 secs] 
2016-09-13T20:35:55.853-0400: 282.900: [GC (GCLocker Initiated GC) [PSYoungGen: 137030K->41570K(155648K)] 530903K->435687K(679936K), 0.0266711 secs] [Times: user=0.26 sys=0.00, real=0.03 secs] 
2016-09-13T20:35:56.048-0400: 283.094: [GC (GCLocker Initiated GC) [PSYoungGen: 155234K->30903K(187904K)] 549510K->425305K(712192K), 0.0135029 secs] [Times: user=0.12 sys=0.00, real=0.01 secs] 
2016-09-13T20:35:56.245-0400: 283.291: [GC (GCLocker Initiated GC) [PSYoungGen: 147127K->41848K(185344K)] 544801K->439642K(709632K), 0.0293431 secs] [Times: user=0.24 sys=0.00, real=0.03 secs] 
2016-09-13T20:35:56.448-0400: 283.495: [GC (GCLocker Initiated GC) [PSYoungGen: 158072K->67453K(177664K)] 558943K->474581K(701952K), 0.0098479 secs] [Times: user=0.08 sys=0.00, real=0.01 secs] 
2016-09-13T20:35:56.624-0400: 283.671: [GC (GCLocker Initiated GC) [PSYoungGen: 177021K->29420K(185856K)] 584174K->442850K(710144K), 0.0062949 secs] [Times: user=0.05 sys=0.00, real=0.01 secs] 
2016-09-13T20:35:56.783-0400: 283.830: [GC (Allocation Failure) [PSYoungGen: 138988K->9703K(184832K)] 555524K->437021K(709120K), 0.0217370 secs] [Times: user=0.21 sys=0.01, real=0.02 secs] 
2016-09-13T20:35:56.956-0400: 284.003: [GC (GCLocker Initiated GC) [PSYoungGen: 120295K->41633K(186368K)] 547613K->469133K(710656K), 0.0143440 secs] [Times: user=0.15 sys=0.00, real=0.01 secs] 
2016-09-13T20:35:57.130-0400: 284.177: [GC (Allocation Failure) [PSYoungGen: 152225K->30971K(180224K)] 579859K->458822K(704512K), 0.0280064 secs] [Times: user=0.31 sys=0.00, real=0.03 secs] 
2016-09-13T20:35:57.314-0400: 284.361: [GC (GCLocker Initiated GC) [PSYoungGen: 141894K->46249K(183296K)] 571263K->478897K(707584K), 0.0113909 secs] [Times: user=0.11 sys=0.00, real=0.01 secs] 
2016-09-13T20:35:57.504-0400: 284.550: [GC (GCLocker Initiated GC) [PSYoungGen: 158377K->32453K(185344K)] 597198K->471396K(709632K), 0.0206695 secs] [Times: user=0.22 sys=0.00, real=0.02 secs] 
2016-09-13T20:35:57.685-0400: 284.732: [GC (GCLocker Initiated GC) [PSYoungGen: 151749K->31056K(187904K)] 598308K->479339K(712192K), 0.0058246 secs] [Times: user=0.05 sys=0.00, real=0.01 secs] 
2016-09-13T20:35:57.883-0400: 284.929: [GC (Allocation Failure) [PSYoungGen: 150352K->44730K(193024K)] 598822K->500995K(717312K), 0.0104265 secs] [Times: user=0.09 sys=0.00, real=0.01 secs] 
2016-09-13T20:35:58.084-0400: 285.130: [GC (GCLocker Initiated GC) [PSYoungGen: 171706K->44545K(193536K)] 627974K->501014K(717824K), 0.0097243 secs] [Times: user=0.08 sys=0.00, real=0.01 secs] 
2016-09-13T20:35:58.297-0400: 285.344: [GC (GCLocker Initiated GC) [PSYoungGen: 171521K->23441K(194560K)] 641888K->493915K(718848K), 0.0196285 secs] [Times: user=0.21 sys=0.00, real=0.02 secs] 
2016-09-13T20:35:58.509-0400: 285.556: [GC (Allocation Failure) [PSYoungGen: 152465K->51030K(180224K)] 623140K->521937K(704512K), 0.0103354 secs] [Times: user=0.14 sys=0.00, real=0.01 secs] 
2016-09-13T20:35:58.705-0400: 285.752: [GC (GCLocker Initiated GC) [PSYoungGen: 180054K->41474K(195072K)] 650961K->512560K(719360K), 0.0113121 secs] [Times: user=0.10 sys=0.00, real=0.02 secs] 
2016-09-13T20:35:58.925-0400: 285.972: [GC (GCLocker Initiated GC) [PSYoungGen: 167938K->41571K(168448K)] 639026K->512951K(692736K), 0.0124318 secs] [Times: user=0.18 sys=0.00, real=0.02 secs] 
2016-09-13T20:35:59.146-0400: 286.192: [GC (GCLocker Initiated GC) [PSYoungGen: 168035K->28174K(193024K)] 647048K->507333K(717312K), 0.0169537 secs] [Times: user=0.19 sys=0.00, real=0.02 secs] 
2016-09-13T20:35:59.351-0400: 286.398: [GC (GCLocker Initiated GC) [PSYoungGen: 155662K->14329K(192000K)] 635002K->509082K(716288K), 0.0102893 secs] [Times: user=0.13 sys=0.00, real=0.01 secs] 
2016-09-13T20:35:59.549-0400: 286.596: [GC (GCLocker Initiated GC) [PSYoungGen: 141817K->50774K(190464K)] 636790K->545898K(714752K), 0.0087521 secs] [Times: user=0.08 sys=0.00, real=0.01 secs] 
2016-09-13T20:35:59.763-0400: 286.810: [GC (GCLocker Initiated GC) [PSYoungGen: 175702K->43180K(193536K)] 671083K->538829K(717824K), 0.0193191 secs] [Times: user=0.21 sys=0.01, real=0.02 secs] 
2016-09-13T20:35:59.949-0400: 286.996: [GC (GCLocker Initiated GC) [PSYoungGen: 168108K->46223K(193536K)] 665365K->543764K(717824K), 0.0090145 secs] [Times: user=0.08 sys=0.00, real=0.01 secs] 
2016-09-13T20:36:00.177-0400: 287.224: [GC (Allocation Failure) [PSYoungGen: 172175K->39983K(166400K)] 672976K->540888K(690688K), 0.0359046 secs] [Times: user=0.33 sys=0.00, real=0.03 secs] 
2016-09-13T20:36:00.389-0400: 287.435: [GC (GCLocker Initiated GC) [PSYoungGen: 165935K->49256K(191488K)] 666850K->550318K(715776K), 0.0064664 secs] [Times: user=0.06 sys=0.00, real=0.00 secs] 
2016-09-13T20:36:00.561-0400: 287.608: [GC (GCLocker Initiated GC) [PSYoungGen: 174696K->28030K(192512K)] 675953K->529342K(716800K), 0.0286355 secs] [Times: user=0.32 sys=0.00, real=0.03 secs] 
2016-09-13T20:36:00.813-0400: 287.860: [GC (GCLocker Initiated GC) [PSYoungGen: 153470K->23435K(193536K)] 662403K->532613K(717824K), 0.0168013 secs] [Times: user=0.15 sys=0.00, real=0.02 secs] 
2016-09-13T20:36:01.010-0400: 288.056: [GC (GCLocker Initiated GC) [PSYoungGen: 151947K->36951K(194560K)] 661150K->546501K(718848K), 0.0120003 secs] [Times: user=0.10 sys=0.00, real=0.01 secs] 
2016-09-13T20:36:01.225-0400: 288.271: [GC (GCLocker Initiated GC) [PSYoungGen: 165463K->47889K(193536K)] 675206K->565439K(717824K), 0.0243689 secs] [Times: user=0.22 sys=0.00, real=0.03 secs] 
2016-09-13T20:36:01.249-0400: 288.296: [Full GC (Ergonomics) [PSYoungGen: 47889K->0K(193536K)] [ParOldGen: 517550K->41702K(524288K)] 565439K->41702K(717824K), [Metaspace: 44744K->44744K(1087488K)], 0.0634277 secs] [Times: user=0.34 sys=0.01, real=0.06 secs] 
2016-09-13T20:36:01.473-0400: 288.520: [GC (GCLocker Initiated GC) [PSYoungGen: 130048K->63078K(193536K)] 171999K->130849K(717824K), 0.0321353 secs] [Times: user=0.37 sys=0.00, real=0.03 secs] 
2016-09-13T20:36:01.679-0400: 288.726: [GC (GCLocker Initiated GC) [PSYoungGen: 193126K->35656K(192512K)] 260904K->144749K(716800K), 0.0108548 secs] [Times: user=0.10 sys=0.00, real=0.01 secs] 
2016-09-13T20:36:01.857-0400: 288.904: [GC (GCLocker Initiated GC) [PSYoungGen: 159560K->50868K(175104K)] 268842K->161873K(699392K), 0.0079930 secs] [Times: user=0.06 sys=0.00, real=0.00 secs] 
2016-09-13T20:36:02.050-0400: 289.096: [GC (GCLocker Initiated GC) [PSYoungGen: 174772K->10076K(186880K)] 299490K->135099K(711168K), 0.0066811 secs] [Times: user=0.07 sys=0.00, real=0.01 secs] 
2016-09-13T20:36:02.258-0400: 289.305: [GC (GCLocker Initiated GC) [PSYoungGen: 126812K->50907K(167936K)] 258095K->182419K(692224K), 0.0111840 secs] [Times: user=0.14 sys=0.00, real=0.01 secs] 
2016-09-13T20:36:02.453-0400: 289.500: [GC (Allocation Failure) [PSYoungGen: 167643K->8189K(184832K)] 311369K->152034K(709120K), 0.0171745 secs] [Times: user=0.15 sys=0.01, real=0.02 secs] 
2016-09-13T20:36:02.659-0400: 289.706: [GC (GCLocker Initiated GC) [PSYoungGen: 118781K->58308K(168960K)] 262632K->203922K(693248K), 0.0262317 secs] [Times: user=0.22 sys=0.01, real=0.02 secs] 
2016-09-13T20:36:02.847-0400: 289.894: [GC (GCLocker Initiated GC) [PSYoungGen: 168900K->14323K(182272K)] 320614K->166238K(706560K), 0.0391535 secs] [Times: user=0.41 sys=0.00, real=0.04 secs] 
2016-09-13T20:36:03.012-0400: 290.059: [GC (Allocation Failure) [PSYoungGen: 116723K->43217K(145920K)] 268702K->200044K(670208K), 0.0151044 secs] [Times: user=0.16 sys=0.00, real=0.01 secs] 
2016-09-13T20:36:03.028-0400: 290.075: [GC (GCLocker Initiated GC) [PSYoungGen: 43498K->96K(178688K)] 200325K->205930K(702976K), 0.0055982 secs] [Times: user=0.04 sys=0.01, real=0.00 secs] 
2016-09-13T20:36:03.202-0400: 290.248: [GC (GCLocker Initiated GC) [PSYoungGen: 96988K->67862K(168448K)] 308898K->279788K(692736K), 0.0129480 secs] [Times: user=0.17 sys=0.00, real=0.01 secs] 
2016-09-13T20:36:03.354-0400: 290.401: [GC (GCLocker Initiated GC) [PSYoungGen: 168214K->44794K(175616K)] 380307K->302964K(699904K), 0.0172331 secs] [Times: user=0.18 sys=0.00, real=0.02 secs] 
2016-09-13T20:36:03.491-0400: 290.538: [GC (GCLocker Initiated GC) [PSYoungGen: 133370K->46382K(135168K)] 391761K->323235K(659456K), 0.0079681 secs] [Times: user=0.09 sys=0.00, real=0.01 secs] 
2016-09-13T20:36:03.625-0400: 290.671: [GC (GCLocker Initiated GC) [PSYoungGen: 134958K->46224K(175104K)] 413449K->324991K(699392K), 0.0159001 secs] [Times: user=0.16 sys=0.00, real=0.02 secs] 
2016-09-13T20:36:03.780-0400: 290.827: [GC (Allocation Failure) [PSYoungGen: 136336K->24991K(173568K)] 421415K->316375K(697856K), 0.0099861 secs] [Times: user=0.12 sys=0.00, real=0.01 secs] 
2016-09-13T20:36:03.907-0400: 290.954: [GC (GCLocker Initiated GC) [PSYoungGen: 114596K->65871K(169472K)] 407499K->359039K(693760K), 0.0110013 secs] [Times: user=0.11 sys=0.00, real=0.02 secs] 
2016-09-13T20:36:04.076-0400: 291.122: [GC (Allocation Failure) [PSYoungGen: 153935K->22017K(175104K)] 454875K->323145K(699392K), 0.0248828 secs] [Times: user=0.22 sys=0.01, real=0.03 secs] 
2016-09-13T20:36:04.101-0400: 291.148: [GC (GCLocker Initiated GC) [PSYoungGen: 22030K->128K(174080K)] 323158K->326064K(698368K), 0.0048229 secs] [Times: user=0.03 sys=0.00, real=0.00 secs] 
2016-09-13T20:36:04.238-0400: 291.284: [GC (GCLocker Initiated GC) [PSYoungGen: 88192K->76784K(175104K)] 414139K->402748K(699392K), 0.0080732 secs] [Times: user=0.07 sys=0.00, real=0.00 secs] 
2016-09-13T20:36:04.350-0400: 291.397: [GC (GCLocker Initiated GC) [PSYoungGen: 164848K->44949K(175104K)] 491173K->397488K(699392K), 0.0107881 secs] [Times: user=0.14 sys=0.00, real=0.01 secs] 
2016-09-13T20:36:04.498-0400: 291.545: [GC (Allocation Failure) [PSYoungGen: 133013K->61570K(175104K)] 485586K->414459K(699392K), 0.0066363 secs] [Times: user=0.10 sys=0.00, real=0.00 secs] 
2016-09-13T20:36:04.505-0400: 291.552: [GC (GCLocker Initiated GC) [PSYoungGen: 61584K->32K(175104K)] 414473K->405149K(699392K), 0.0079108 secs] [Times: user=0.08 sys=0.00, real=0.01 secs] 
2016-09-13T20:36:04.645-0400: 291.692: [GC (GCLocker Initiated GC) [PSYoungGen: 88096K->41985K(175104K)] 499288K->453177K(699392K), 0.0099265 secs] [Times: user=0.15 sys=0.00, real=0.01 secs] 
2016-09-13T20:36:04.794-0400: 291.841: [GC (GCLocker Initiated GC) [PSYoungGen: 130049K->28089K(175104K)] 541264K->448923K(699392K), 0.0081111 secs] [Times: user=0.11 sys=0.00, real=0.01 secs] 
2016-09-13T20:36:04.909-0400: 291.956: [GC (GCLocker Initiated GC) [PSYoungGen: 116153K->43217K(175104K)] 538637K->472103K(699392K), 0.0069381 secs] [Times: user=0.08 sys=0.00, real=0.01 secs] 
2016-09-13T20:36:05.064-0400: 292.111: [GC (Allocation Failure) [PSYoungGen: 131281K->40148K(167936K)] 560292K->470852K(692224K), 0.0109267 secs] [Times: user=0.11 sys=0.00, real=0.01 secs] 
2016-09-13T20:36:05.212-0400: 292.258: [GC (GCLocker Initiated GC) [PSYoungGen: 128212K->37143K(171520K)] 558919K->468135K(695808K), 0.0065570 secs] [Times: user=0.07 sys=0.00, real=0.01 secs] 
2016-09-13T20:36:05.373-0400: 292.420: [GC (Allocation Failure) [PSYoungGen: 125207K->27997K(174592K)] 562483K->465459K(698880K), 0.0157350 secs] [Times: user=0.19 sys=0.00, real=0.02 secs] 
2016-09-13T20:36:05.535-0400: 292.582: [GC (GCLocker Initiated GC) [PSYoungGen: 127618K->9768K(176128K)] 571155K->453519K(700416K), 0.0112648 secs] [Times: user=0.15 sys=0.01, real=0.01 secs] 
2016-09-13T20:36:05.698-0400: 292.745: [GC (GCLocker Initiated GC) [PSYoungGen: 109608K->50969K(181760K)] 553415K->494931K(706048K), 0.0074142 secs] [Times: user=0.09 sys=0.00, real=0.00 secs] 
2016-09-13T20:36:05.857-0400: 292.904: [GC (GCLocker Initiated GC) [PSYoungGen: 155417K->78240K(182784K)] 599399K->522569K(707072K), 0.0169508 secs] [Times: user=0.20 sys=0.00, real=0.01 secs] 
2016-09-13T20:36:06.050-0400: 293.096: [GC (Allocation Failure) [PSYoungGen: 182688K->8408K(167424K)] 639340K->503364K(691712K), 0.0069746 secs] [Times: user=0.08 sys=0.00, real=0.01 secs] 
2016-09-13T20:36:06.057-0400: 293.103: [Full GC (Ergonomics) [PSYoungGen: 8408K->0K(167424K)] [ParOldGen: 494956K->38743K(524288K)] 503364K->38743K(691712K), [Metaspace: 44745K->44745K(1087488K)], 0.0556160 secs] [Times: user=0.32 sys=0.01, real=0.05 secs] 
2016-09-13T20:36:06.243-0400: 293.290: [GC (GCLocker Initiated GC) [PSYoungGen: 87292K->84229K(175104K)] 127555K->130567K(699392K), 0.0109834 secs] [Times: user=0.14 sys=0.00, real=0.01 secs] 
2016-09-13T20:36:06.372-0400: 293.419: [GC (GCLocker Initiated GC) [PSYoungGen: 172293K->47900K(175104K)] 218697K->118870K(699392K), 0.0132805 secs] [Times: user=0.12 sys=0.00, real=0.01 secs] 
2016-09-13T20:36:06.508-0400: 293.555: [GC (GCLocker Initiated GC) [PSYoungGen: 135964K->23405K(175104K)] 213019K->118921K(699392K), 0.0129285 secs] [Times: user=0.14 sys=0.00, real=0.01 secs] 
2016-09-13T20:36:06.650-0400: 293.696: [GC (GCLocker Initiated GC) [PSYoungGen: 111469K->63184K(175104K)] 207287K->166818K(699392K), 0.0113468 secs] [Times: user=0.12 sys=0.00, real=0.01 secs] 
2016-09-13T20:36:06.818-0400: 293.864: [GC (GCLocker Initiated GC) [PSYoungGen: 151248K->20493K(175104K)] 264083K->133608K(699392K), 0.0155287 secs] [Times: user=0.13 sys=0.00, real=0.01 secs] 
2016-09-13T20:36:06.963-0400: 294.010: [GC (GCLocker Initiated GC) [PSYoungGen: 108557K->67491K(175104K)] 221855K->181083K(699392K), 0.0086604 secs] [Times: user=0.10 sys=0.01, real=0.01 secs] 
2016-09-13T20:36:07.109-0400: 294.156: [GC (GCLocker Initiated GC) [PSYoungGen: 155555K->52298K(175104K)] 270720K->185906K(699392K), 0.0118330 secs] [Times: user=0.10 sys=0.00, real=0.01 secs] 
2016-09-13T20:36:07.249-0400: 294.295: [GC (GCLocker Initiated GC) [PSYoungGen: 140362K->46409K(175104K)] 274306K->186686K(699392K), 0.0125660 secs] [Times: user=0.18 sys=0.00, real=0.01 secs] 
2016-09-13T20:36:07.399-0400: 294.446: [GC (Allocation Failure) [PSYoungGen: 134473K->9830K(175104K)] 280947K->156572K(699392K), 0.0032072 secs] [Times: user=0.03 sys=0.00, real=0.00 secs] 
2016-09-13T20:36:07.518-0400: 294.564: [GC (GCLocker Initiated GC) [PSYoungGen: 96728K->46160K(175104K)] 244988K->194771K(699392K), 0.0180941 secs] [Times: user=0.20 sys=0.00, real=0.02 secs] 
2016-09-13T20:36:07.698-0400: 294.745: [GC (GCLocker Initiated GC) [PSYoungGen: 134224K->41603K(175104K)] 292065K->199524K(699392K), 0.0066223 secs] [Times: user=0.09 sys=0.00, real=0.00 secs] 
2016-09-13T20:36:07.854-0400: 294.901: [GC (GCLocker Initiated GC) [PSYoungGen: 129667K->41661K(166912K)] 287614K->199730K(691200K), 0.0070448 secs] [Times: user=0.03 sys=0.01, real=0.01 secs] 
2016-09-13T20:36:07.980-0400: 295.027: [GC (GCLocker Initiated GC) [PSYoungGen: 129725K->50778K(171008K)] 287964K->213916K(695296K), 0.0130900 secs] [Times: user=0.16 sys=0.00, real=0.01 secs] 
2016-09-13T20:36:08.114-0400: 295.161: [GC (GCLocker Initiated GC) [PSYoungGen: 138842K->46414K(174080K)] 308315K->234345K(698368K), 0.0097485 secs] [Times: user=0.15 sys=0.00, real=0.01 secs] 
2016-09-13T20:36:08.262-0400: 295.309: [GC (Allocation Failure) [PSYoungGen: 143694K->51088K(177152K)] 331800K->239495K(701440K), 0.0076448 secs] [Times: user=0.11 sys=0.00, real=0.01 secs] 
2016-09-13T20:36:08.433-0400: 295.479: [GC (GCLocker Initiated GC) [PSYoungGen: 148368K->28125K(180224K)] 336775K->216807K(704512K), 0.0080291 secs] [Times: user=0.11 sys=0.00, real=0.01 secs] 
2016-09-13T20:36:08.594-0400: 295.641: [GC (GCLocker Initiated GC) [PSYoungGen: 131549K->29575K(181760K)] 321798K->220124K(706048K), 0.0091790 secs] [Times: user=0.10 sys=0.00, real=0.01 secs] 
2016-09-13T20:36:08.803-0400: 295.850: [GC (GCLocker Initiated GC) [PSYoungGen: 132999K->20180K(183808K)] 326811K->215727K(708096K), 0.0297672 secs] [Times: user=0.28 sys=0.00, real=0.03 secs] 
2016-09-13T20:36:08.987-0400: 296.034: [GC (GCLocker Initiated GC) [PSYoungGen: 127188K->72101K(179200K)] 330586K->281792K(703488K), 0.0098510 secs] [Times: user=0.15 sys=0.00, real=0.02 secs] 
2016-09-13T20:36:09.112-0400: 296.159: [GC (GCLocker Initiated GC) [PSYoungGen: 179109K->49543K(178176K)] 388822K->295951K(702464K), 0.0108855 secs] [Times: user=0.17 sys=0.00, real=0.01 secs] 
2016-09-13T20:36:09.253-0400: 296.300: [GC (GCLocker Initiated GC) [PSYoungGen: 144775K->54098K(149504K)] 391205K->312929K(673792K), 0.0084139 secs] [Times: user=0.11 sys=0.00, real=0.01 secs] 
2016-09-13T20:36:09.425-0400: 296.472: [GC (GCLocker Initiated GC) [PSYoungGen: 149330K->52452K(179200K)] 408350K->320905K(703488K), 0.0080981 secs] [Times: user=0.11 sys=0.00, real=0.01 secs] 
2016-09-13T20:36:09.602-0400: 296.649: [GC (GCLocker Initiated GC) [PSYoungGen: 147684K->19130K(178176K)] 428310K->299926K(702464K), 0.0163640 secs] [Times: user=0.22 sys=0.01, real=0.02 secs] 
2016-09-13T20:36:09.757-0400: 296.804: [GC (GCLocker Initiated GC) [PSYoungGen: 114362K->37169K(173568K)] 401271K->325872K(697856K), 0.0092722 secs] [Times: user=0.07 sys=0.00, real=0.00 secs] 
2016-09-13T20:36:09.899-0400: 296.945: [GC (GCLocker Initiated GC) [PSYoungGen: 132913K->49324K(176128K)] 421677K->346005K(700416K), 0.0104997 secs] [Times: user=0.10 sys=0.00, real=0.01 secs] 
2016-09-13T20:36:10.064-0400: 297.111: [GC (GCLocker Initiated GC) [PSYoungGen: 145068K->41790K(173568K)] 441775K->341775K(697856K), 0.0103582 secs] [Times: user=0.11 sys=0.00, real=0.01 secs] 
2016-09-13T20:36:25.796-0400: 312.843: [GC (Allocation Failure) [PSYoungGen: 144190K->5183K(178176K)] 444181K->306874K(702464K), 0.0245888 secs] [Times: user=0.20 sys=0.01, real=0.02 secs] 
