Java HotSpot(TM) 64-Bit Server VM (25.101-b13) for linux-amd64 JRE (1.8.0_101-b13), built on Jun 22 2016 02:59:44 by "java_re" with gcc 4.3.0 20080428 (Red Hat 4.3.0-8)
Memory: 4k page, physical 264122320k(164209304k free), swap 268399612k(268399612k free)
CommandLine flags: -XX:GCLogFileSize=1048576 -XX:+HeapDumpOnOutOfMemoryError -XX:HeapDumpPath=artifacts/heapdump -XX:InitialHeapSize=805306368 -XX:MaxHeapSize=805306368 -XX:NumberOfGCLogFiles=10 -XX:+PrintGC -XX:+PrintGCDateStamps -XX:+PrintGCDetails -XX:+PrintGCTimeStamps -XX:+UseCompressedClassPointers -XX:+UseCompressedOops -XX:+UseGCLogFileRotation -XX:+UseParallelGC 
2016-09-24T04:20:21.580-0400: 2.228: [GC (Metadata GC Threshold) [PSYoungGen: 125831K->15531K(229376K)] 125831K->15611K(753664K), 0.0233381 secs] [Times: user=0.12 sys=0.01, real=0.03 secs] 
2016-09-24T04:20:21.604-0400: 2.252: [Full GC (Metadata GC Threshold) [PSYoungGen: 15531K->0K(229376K)] [ParOldGen: 80K->14601K(351744K)] 15611K->14601K(581120K), [Metaspace: 21074K->21074K(1067008K)], 0.0559923 secs] [Times: user=0.37 sys=0.01, real=0.05 secs] 
2016-09-24T04:20:23.505-0400: 4.153: [GC (Metadata GC Threshold) [PSYoungGen: 121024K->15487K(229376K)] 135625K->30224K(581120K), 0.0161650 secs] [Times: user=0.09 sys=0.02, real=0.01 secs] 
2016-09-24T04:20:23.521-0400: 4.169: [Full GC (Metadata GC Threshold) [PSYoungGen: 15487K->0K(229376K)] [ParOldGen: 14737K->20912K(524288K)] 30224K->20912K(753664K), [Metaspace: 35069K->35069K(1079296K)], 0.0740976 secs] [Times: user=0.49 sys=0.02, real=0.08 secs] 
2016-09-24T04:20:25.282-0400: 5.930: [GC (GCLocker Initiated GC) [PSYoungGen: 194121K->31021K(229376K)] 225834K->62742K(753664K), 0.0166633 secs] [Times: user=0.19 sys=0.03, real=0.02 secs] 
2016-09-24T04:20:25.538-0400: 6.186: [GC (GCLocker Initiated GC) [PSYoungGen: 227629K->32759K(229376K)] 267551K->143594K(753664K), 0.0145335 secs] [Times: user=0.16 sys=0.06, real=0.01 secs] 
2016-09-24T04:20:25.667-0400: 6.315: [GC (GCLocker Initiated GC) [PSYoungGen: 229367K->32737K(229376K)] 363297K->180752K(753664K), 0.0071078 secs] [Times: user=0.05 sys=0.04, real=0.00 secs] 
2016-09-24T04:20:25.759-0400: 6.407: [GC (GCLocker Initiated GC) [PSYoungGen: 229345K->32761K(120832K)] 377405K->240726K(645120K), 0.0117873 secs] [Times: user=0.17 sys=0.02, real=0.01 secs] 
2016-09-24T04:20:25.820-0400: 6.468: [GC (GCLocker Initiated GC) [PSYoungGen: 120825K->83003K(175104K)] 331650K->293835K(699392K), 0.0083374 secs] [Times: user=0.11 sys=0.00, real=0.01 secs] 
2016-09-24T04:20:25.858-0400: 6.506: [GC (GCLocker Initiated GC) [PSYoungGen: 171067K->86493K(175104K)] 387482K->322733K(699392K), 0.0092343 secs] [Times: user=0.12 sys=0.00, real=0.01 secs] 
2016-09-24T04:20:25.909-0400: 6.557: [GC (GCLocker Initiated GC) [PSYoungGen: 174557K->86111K(175104K)] 410867K->355407K(699392K), 0.0100012 secs] [Times: user=0.14 sys=0.02, real=0.01 secs] 
2016-09-24T04:20:25.959-0400: 6.607: [GC (GCLocker Initiated GC) [PSYoungGen: 174175K->81868K(175104K)] 444973K->374595K(699392K), 0.0085169 secs] [Times: user=0.11 sys=0.02, real=0.01 secs] 
2016-09-24T04:20:26.004-0400: 6.652: [GC (GCLocker Initiated GC) [PSYoungGen: 169932K->53468K(175104K)] 473638K->406204K(699392K), 0.0097019 secs] [Times: user=0.12 sys=0.04, real=0.00 secs] 
2016-09-24T04:20:26.054-0400: 6.702: [GC (GCLocker Initiated GC) [PSYoungGen: 141532K->60348K(175104K)] 512889K->458994K(699392K), 0.0157923 secs] [Times: user=0.22 sys=0.01, real=0.02 secs] 
2016-09-24T04:20:26.103-0400: 6.751: [GC (GCLocker Initiated GC) [PSYoungGen: 148412K->50622K(175104K)] 550548K->476210K(699392K), 0.0069346 secs] [Times: user=0.08 sys=0.02, real=0.00 secs] 
2016-09-24T04:20:26.142-0400: 6.790: [GC (GCLocker Initiated GC) [PSYoungGen: 138686K->71003K(175104K)] 574390K->520495K(699392K), 0.0083513 secs] [Times: user=0.08 sys=0.01, real=0.01 secs] 
2016-09-24T04:20:26.190-0400: 6.838: [GC (GCLocker Initiated GC) [PSYoungGen: 159067K->71035K(175104K)] 615458K->553470K(699392K), 0.0113334 secs] [Times: user=0.14 sys=0.04, real=0.01 secs] 
2016-09-24T04:20:26.202-0400: 6.850: [Full GC (Ergonomics) [PSYoungGen: 71035K->0K(175104K)] [ParOldGen: 482434K->69546K(524288K)] 553470K->69546K(699392K), [Metaspace: 42912K->42893K(1085440K)], 0.1714761 secs] [Times: user=2.53 sys=0.02, real=0.17 secs] 
2016-09-24T04:20:26.407-0400: 7.055: [GC (GCLocker Initiated GC) [PSYoungGen: 88064K->79295K(175104K)] 160528K->151768K(699392K), 0.0090019 secs] [Times: user=0.13 sys=0.00, real=0.01 secs] 
2016-09-24T04:20:26.458-0400: 7.106: [GC (GCLocker Initiated GC) [PSYoungGen: 167359K->73750K(175104K)] 245387K->173919K(699392K), 0.0072258 secs] [Times: user=0.10 sys=0.00, real=0.01 secs] 
2016-09-24T04:20:26.499-0400: 7.147: [GC (GCLocker Initiated GC) [PSYoungGen: 161814K->58978K(175104K)] 272927K->205530K(699392K), 0.0067936 secs] [Times: user=0.11 sys=0.00, real=0.01 secs] 
2016-09-24T04:20:26.542-0400: 7.190: [GC (GCLocker Initiated GC) [PSYoungGen: 147042K->54896K(175104K)] 296425K->241143K(699392K), 0.0066876 secs] [Times: user=0.09 sys=0.01, real=0.01 secs] 
2016-09-24T04:20:26.577-0400: 7.225: [GC (GCLocker Initiated GC) [PSYoungGen: 142960K->57614K(175104K)] 334747K->269981K(699392K), 0.0065102 secs] [Times: user=0.07 sys=0.00, real=0.01 secs] 
2016-09-24T04:20:26.619-0400: 7.267: [GC (GCLocker Initiated GC) [PSYoungGen: 145678K->54736K(175104K)] 358163K->321662K(699392K), 0.0078610 secs] [Times: user=0.12 sys=0.00, real=0.01 secs] 
2016-09-24T04:20:26.656-0400: 7.304: [GC (GCLocker Initiated GC) [PSYoungGen: 142800K->64445K(175104K)] 412550K->372382K(699392K), 0.0081177 secs] [Times: user=0.12 sys=0.00, real=0.01 secs] 
2016-09-24T04:20:26.701-0400: 7.349: [GC (GCLocker Initiated GC) [PSYoungGen: 152509K->71114K(175104K)] 469959K->422792K(699392K), 0.0088415 secs] [Times: user=0.10 sys=0.03, real=0.01 secs] 
2016-09-24T04:20:26.742-0400: 7.390: [GC (GCLocker Initiated GC) [PSYoungGen: 159178K->62900K(175104K)] 510981K->457004K(699392K), 0.0079501 secs] [Times: user=0.10 sys=0.01, real=0.01 secs] 
2016-09-24T04:20:26.782-0400: 7.430: [GC (GCLocker Initiated GC) [PSYoungGen: 150964K->60316K(175104K)] 546505K->468289K(699392K), 0.0072849 secs] [Times: user=0.07 sys=0.00, real=0.00 secs] 
2016-09-24T04:20:26.815-0400: 7.463: [GC (GCLocker Initiated GC) [PSYoungGen: 148380K->84468K(175104K)] 556493K->511977K(699392K), 0.0091673 secs] [Times: user=0.13 sys=0.00, real=0.01 secs] 
2016-09-24T04:20:26.853-0400: 7.501: [GC (GCLocker Initiated GC) [PSYoungGen: 172532K->58946K(175104K)] 605616K->538187K(699392K), 0.0076176 secs] [Times: user=0.11 sys=0.00, real=0.01 secs] 
2016-09-24T04:20:26.861-0400: 7.509: [Full GC (Ergonomics) [PSYoungGen: 58946K->0K(175104K)] [ParOldGen: 479240K->74091K(524288K)] 538187K->74091K(699392K), [Metaspace: 43004K->43004K(1085440K)], 0.0546549 secs] [Times: user=0.52 sys=0.00, real=0.06 secs] 
2016-09-24T04:20:26.950-0400: 7.598: [GC (GCLocker Initiated GC) [PSYoungGen: 88064K->84724K(175104K)] 164995K->167064K(699392K), 0.0063199 secs] [Times: user=0.08 sys=0.00, real=0.01 secs] 
2016-09-24T04:20:26.988-0400: 7.636: [GC (GCLocker Initiated GC) [PSYoungGen: 172788K->52118K(175104K)] 257958K->153975K(699392K), 0.0077485 secs] [Times: user=0.07 sys=0.01, real=0.01 secs] 
2016-09-24T04:20:27.020-0400: 7.668: [GC (GCLocker Initiated GC) [PSYoungGen: 140182K->67113K(175104K)] 242724K->199812K(699392K), 0.0073580 secs] [Times: user=0.10 sys=0.00, real=0.01 secs] 
2016-09-24T04:20:27.061-0400: 7.709: [GC (GCLocker Initiated GC) [PSYoungGen: 155177K->46668K(175104K)] 290635K->217639K(699392K), 0.0068872 secs] [Times: user=0.07 sys=0.00, real=0.01 secs] 
2016-09-24T04:20:27.095-0400: 7.743: [GC (GCLocker Initiated GC) [PSYoungGen: 134732K->78194K(175104K)] 313925K->275294K(699392K), 0.0068496 secs] [Times: user=0.09 sys=0.00, real=0.00 secs] 
2016-09-24T04:20:27.134-0400: 7.782: [GC (GCLocker Initiated GC) [PSYoungGen: 166258K->52213K(175104K)] 366499K->304420K(699392K), 0.0074834 secs] [Times: user=0.12 sys=0.01, real=0.00 secs] 
2016-09-24T04:20:27.169-0400: 7.818: [GC (GCLocker Initiated GC) [PSYoungGen: 140277K->64204K(175104K)] 396663K->339925K(699392K), 0.0068398 secs] [Times: user=0.06 sys=0.00, real=0.01 secs] 
2016-09-24T04:20:27.219-0400: 7.867: [GC (GCLocker Initiated GC) [PSYoungGen: 152268K->60314K(175104K)] 444377K->377058K(699392K), 0.0066789 secs] [Times: user=0.10 sys=0.01, real=0.01 secs] 
2016-09-24T04:20:27.261-0400: 7.909: [GC (GCLocker Initiated GC) [PSYoungGen: 148378K->77768K(175104K)] 470618K->412527K(699392K), 0.0068456 secs] [Times: user=0.09 sys=0.00, real=0.01 secs] 
2016-09-24T04:20:27.296-0400: 7.944: [GC (GCLocker Initiated GC) [PSYoungGen: 165832K->69586K(175104K)] 500842K->431921K(699392K), 0.0065113 secs] [Times: user=0.09 sys=0.00, real=0.01 secs] 
2016-09-24T04:20:27.333-0400: 7.981: [GC (GCLocker Initiated GC) [PSYoungGen: 157650K->77832K(175104K)] 520079K->471564K(699392K), 0.0210041 secs] [Times: user=0.31 sys=0.00, real=0.02 secs] 
2016-09-24T04:20:27.386-0400: 8.034: [GC (GCLocker Initiated GC) [PSYoungGen: 165896K->55007K(175104K)] 565055K->499120K(699392K), 0.0074177 secs] [Times: user=0.11 sys=0.00, real=0.00 secs] 
2016-09-24T04:20:27.430-0400: 8.078: [GC (GCLocker Initiated GC) [PSYoungGen: 143071K->64296K(175104K)] 591441K->534729K(699392K), 0.0073975 secs] [Times: user=0.11 sys=0.00, real=0.01 secs] 
2016-09-24T04:20:27.438-0400: 8.086: [Full GC (Ergonomics) [PSYoungGen: 64296K->0K(175104K)] [ParOldGen: 470432K->70861K(524288K)] 534729K->70861K(699392K), [Metaspace: 43106K->43106K(1085440K)], 0.0470798 secs] [Times: user=0.37 sys=0.01, real=0.05 secs] 
2016-09-24T04:20:27.509-0400: 8.157: [GC (GCLocker Initiated GC) [PSYoungGen: 88064K->86106K(175104K)] 159075K->165218K(699392K), 0.0074246 secs] [Times: user=0.11 sys=0.00, real=0.01 secs] 
2016-09-24T04:20:27.555-0400: 8.203: [GC (GCLocker Initiated GC) [PSYoungGen: 174170K->64403K(175104K)] 254871K->179403K(699392K), 0.0077706 secs] [Times: user=0.08 sys=0.00, real=0.01 secs] 
2016-09-24T04:20:27.596-0400: 8.244: [GC (GCLocker Initiated GC) [PSYoungGen: 152467K->63056K(175104K)] 267627K->212521K(699392K), 0.0066542 secs] [Times: user=0.10 sys=0.00, real=0.01 secs] 
2016-09-24T04:20:27.636-0400: 8.284: [GC (GCLocker Initiated GC) [PSYoungGen: 151120K->74151K(175104K)] 303441K->253958K(699392K), 0.0074206 secs] [Times: user=0.11 sys=0.00, real=0.01 secs] 
2016-09-24T04:20:27.675-0400: 8.323: [GC (GCLocker Initiated GC) [PSYoungGen: 162215K->82219K(175104K)] 354316K->299415K(699392K), 0.0079838 secs] [Times: user=0.09 sys=0.00, real=0.01 secs] 
2016-09-24T04:20:27.721-0400: 8.370: [GC (GCLocker Initiated GC) [PSYoungGen: 170283K->62842K(175104K)] 392996K->299730K(699392K), 0.0073825 secs] [Times: user=0.05 sys=0.00, real=0.01 secs] 
2016-09-24T04:20:27.757-0400: 8.405: [GC (GCLocker Initiated GC) [PSYoungGen: 150906K->60380K(175104K)] 393322K->323540K(699392K), 0.0068754 secs] [Times: user=0.07 sys=0.00, real=0.01 secs] 
2016-09-24T04:20:27.799-0400: 8.447: [GC (GCLocker Initiated GC) [PSYoungGen: 148444K->78040K(175104K)] 418553K->370341K(699392K), 0.0076268 secs] [Times: user=0.09 sys=0.00, real=0.01 secs] 
2016-09-24T04:20:27.835-0400: 8.483: [GC (GCLocker Initiated GC) [PSYoungGen: 166104K->63116K(175104K)] 458593K->387349K(699392K), 0.0067853 secs] [Times: user=0.08 sys=0.00, real=0.01 secs] 
2016-09-24T04:20:27.878-0400: 8.526: [GC (GCLocker Initiated GC) [PSYoungGen: 151180K->66014K(175104K)] 480885K->434031K(699392K), 0.0076186 secs] [Times: user=0.12 sys=0.00, real=0.01 secs] 
2016-09-24T04:20:27.917-0400: 8.566: [GC (GCLocker Initiated GC) [PSYoungGen: 154078K->64338K(175104K)] 526032K->459934K(699392K), 0.0075089 secs] [Times: user=0.09 sys=0.00, real=0.01 secs] 
2016-09-24T04:20:27.954-0400: 8.602: [GC (GCLocker Initiated GC) [PSYoungGen: 152402K->65812K(175104K)] 557528K->490323K(699392K), 0.0076757 secs] [Times: user=0.08 sys=0.00, real=0.01 secs] 
2016-09-24T04:20:27.995-0400: 8.643: [GC (GCLocker Initiated GC) [PSYoungGen: 153876K->64370K(152576K)] 578434K->516497K(676864K), 0.0071031 secs] [Times: user=0.08 sys=0.00, real=0.00 secs] 
2016-09-24T04:20:28.028-0400: 8.676: [GC (GCLocker Initiated GC) [PSYoungGen: 152434K->71341K(174080K)] 607375K->575350K(698368K), 0.0084638 secs] [Times: user=0.12 sys=0.00, real=0.01 secs] 
2016-09-24T04:20:28.036-0400: 8.684: [Full GC (Ergonomics) [PSYoungGen: 71341K->0K(174080K)] [ParOldGen: 504009K->91405K(524288K)] 575350K->91405K(698368K), [Metaspace: 43236K->43236K(1085440K)], 0.0457085 secs] [Times: user=0.37 sys=0.01, real=0.04 secs] 
2016-09-24T04:20:28.117-0400: 8.765: [GC (GCLocker Initiated GC) [PSYoungGen: 88576K->75583K(173568K)] 182836K->169844K(697856K), 0.0060782 secs] [Times: user=0.08 sys=0.01, real=0.01 secs] 
2016-09-24T04:20:28.160-0400: 8.808: [GC (GCLocker Initiated GC) [PSYoungGen: 164159K->65716K(175616K)] 266686K->185308K(699904K), 0.0072606 secs] [Times: user=0.07 sys=0.00, real=0.01 secs] 
2016-09-24T04:20:28.206-0400: 8.854: [GC (GCLocker Initiated GC) [PSYoungGen: 156340K->63332K(175616K)] 284269K->203959K(699904K), 0.0114179 secs] [Times: user=0.14 sys=0.00, real=0.01 secs] 
2016-09-24T04:20:28.255-0400: 8.903: [GC (GCLocker Initiated GC) [PSYoungGen: 153956K->54632K(175104K)] 297305K->218975K(699392K), 0.0077103 secs] [Times: user=0.06 sys=0.00, real=0.01 secs] 
2016-09-24T04:20:28.297-0400: 8.945: [GC (GCLocker Initiated GC) [PSYoungGen: 145768K->79486K(171008K)] 314341K->256479K(695296K), 0.0126723 secs] [Times: user=0.16 sys=0.01, real=0.01 secs] 
2016-09-24T04:20:28.350-0400: 8.998: [GC (GCLocker Initiated GC) [PSYoungGen: 170622K->61684K(175104K)] 347703K->271855K(699392K), 0.0073336 secs] [Times: user=0.07 sys=0.01, real=0.01 secs] 
2016-09-24T04:20:28.384-0400: 9.032: [GC (GCLocker Initiated GC) [PSYoungGen: 149748K->50946K(175104K)] 360053K->299521K(699392K), 0.0071684 secs] [Times: user=0.08 sys=0.00, real=0.00 secs] 
2016-09-24T04:20:28.432-0400: 9.080: [GC (GCLocker Initiated GC) [PSYoungGen: 139010K->55076K(175104K)] 388958K->344890K(699392K), 0.0072187 secs] [Times: user=0.11 sys=0.00, real=0.01 secs] 
2016-09-24T04:20:28.472-0400: 9.120: [GC (GCLocker Initiated GC) [PSYoungGen: 143140K->75454K(175104K)] 438536K->390418K(699392K), 0.0066585 secs] [Times: user=0.10 sys=0.01, real=0.01 secs] 
2016-09-24T04:20:28.513-0400: 9.161: [GC (GCLocker Initiated GC) [PSYoungGen: 163518K->73962K(175104K)] 478573K->419453K(699392K), 0.0074515 secs] [Times: user=0.09 sys=0.01, real=0.01 secs] 
2016-09-24T04:20:28.556-0400: 9.204: [GC (GCLocker Initiated GC) [PSYoungGen: 162026K->59186K(175104K)] 513154K->443292K(699392K), 0.0070617 secs] [Times: user=0.10 sys=0.00, real=0.01 secs] 
2016-09-24T04:20:28.606-0400: 9.254: [GC (GCLocker Initiated GC) [PSYoungGen: 147250K->37305K(175104K)] 534129K->459945K(699392K), 0.0081974 secs] [Times: user=0.08 sys=0.01, real=0.01 secs] 
2016-09-24T04:20:28.642-0400: 9.290: [GC (GCLocker Initiated GC) [PSYoungGen: 125369K->72686K(175104K)] 557617K->529721K(699392K), 0.0074015 secs] [Times: user=0.09 sys=0.01, real=0.01 secs] 
2016-09-24T04:20:28.695-0400: 9.343: [GC (GCLocker Initiated GC) [PSYoungGen: 160750K->33046K(175104K)] 625392K->532153K(699392K), 0.0081688 secs] [Times: user=0.08 sys=0.00, real=0.01 secs] 
2016-09-24T04:20:28.703-0400: 9.351: [Full GC (Ergonomics) [PSYoungGen: 33046K->0K(175104K)] [ParOldGen: 499107K->81336K(524288K)] 532153K->81336K(699392K), [Metaspace: 43326K->43326K(1085440K)], 0.0454004 secs] [Times: user=0.32 sys=0.01, real=0.04 secs] 
2016-09-24T04:20:28.773-0400: 9.421: [GC (GCLocker Initiated GC) [PSYoungGen: 88064K->84890K(175104K)] 175019K->174546K(699392K), 0.0072412 secs] [Times: user=0.09 sys=0.00, real=0.01 secs] 
2016-09-24T04:20:28.822-0400: 9.470: [GC (GCLocker Initiated GC) [PSYoungGen: 172954K->54884K(175104K)] 268168K->169727K(699392K), 0.0114983 secs] [Times: user=0.14 sys=0.00, real=0.00 secs] 
2016-09-24T04:20:28.864-0400: 9.512: [GC (GCLocker Initiated GC) [PSYoungGen: 142948K->69866K(175104K)] 257867K->209577K(699392K), 0.0068265 secs] [Times: user=0.11 sys=0.00, real=0.00 secs] 
2016-09-24T04:20:28.906-0400: 9.554: [GC (GCLocker Initiated GC) [PSYoungGen: 157930K->76782K(175104K)] 304555K->245503K(699392K), 0.0092137 secs] [Times: user=0.10 sys=0.00, real=0.01 secs] 
2016-09-24T04:20:28.961-0400: 9.609: [GC (GCLocker Initiated GC) [PSYoungGen: 164846K->35942K(175104K)] 339183K->256859K(699392K), 0.0067408 secs] [Times: user=0.10 sys=0.00, real=0.01 secs] 
2016-09-24T04:20:28.994-0400: 9.642: [GC (GCLocker Initiated GC) [PSYoungGen: 124006K->70004K(175104K)] 351905K->319981K(699392K), 0.0067243 secs] [Times: user=0.09 sys=0.01, real=0.01 secs] 
2016-09-24T04:20:29.036-0400: 9.684: [GC (GCLocker Initiated GC) [PSYoungGen: 158068K->41430K(175104K)] 414829K->310946K(699392K), 0.0071201 secs] [Times: user=0.06 sys=0.01, real=0.01 secs] 
2016-09-24T04:20:29.078-0400: 9.726: [GC (GCLocker Initiated GC) [PSYoungGen: 129494K->60366K(175104K)] 401922K->357744K(699392K), 0.0108762 secs] [Times: user=0.14 sys=0.00, real=0.01 secs] 
2016-09-24T04:20:29.163-0400: 9.811: [GC (GCLocker Initiated GC) [PSYoungGen: 148430K->68732K(175104K)] 452659K->392387K(699392K), 0.0074364 secs] [Times: user=0.10 sys=0.01, real=0.00 secs] 
2016-09-24T04:20:29.210-0400: 9.858: [GC (GCLocker Initiated GC) [PSYoungGen: 156796K->44152K(175104K)] 486070K->420075K(699392K), 0.0066285 secs] [Times: user=0.10 sys=0.00, real=0.01 secs] 
2016-09-24T04:20:29.254-0400: 9.902: [GC (GCLocker Initiated GC) [PSYoungGen: 132216K->84840K(175104K)] 516413K->485694K(699392K), 0.0071807 secs] [Times: user=0.11 sys=0.00, real=0.00 secs] 
2016-09-24T04:20:29.297-0400: 9.945: [GC (GCLocker Initiated GC) [PSYoungGen: 172904K->42894K(175104K)] 579320K->499877K(699392K), 0.0069003 secs] [Times: user=0.11 sys=0.00, real=0.01 secs] 
2016-09-24T04:20:29.336-0400: 9.984: [GC (GCLocker Initiated GC) [PSYoungGen: 130958K->86140K(175104K)] 590782K->558687K(699392K), 0.0075721 secs] [Times: user=0.11 sys=0.00, real=0.01 secs] 
2016-09-24T04:20:29.344-0400: 9.992: [Full GC (Ergonomics) [PSYoungGen: 86140K->0K(175104K)] [ParOldGen: 472546K->91134K(524288K)] 558687K->91134K(699392K), [Metaspace: 43329K->43329K(1085440K)], 0.0574307 secs] [Times: user=0.45 sys=0.01, real=0.05 secs] 
2016-09-24T04:20:29.439-0400: 10.087: [GC (GCLocker Initiated GC) [PSYoungGen: 88064K->76836K(175104K)] 180796K->169569K(699392K), 0.0066956 secs] [Times: user=0.10 sys=0.00, real=0.01 secs] 
2016-09-24T04:20:29.479-0400: 10.127: [GC (GCLocker Initiated GC) [PSYoungGen: 164900K->78012K(175104K)] 260488K->201346K(699392K), 0.0071078 secs] [Times: user=0.10 sys=0.00, real=0.01 secs] 
2016-09-24T04:20:29.521-0400: 10.169: [GC (GCLocker Initiated GC) [PSYoungGen: 166076K->68590K(175104K)] 293715K->236005K(699392K), 0.0075024 secs] [Times: user=0.12 sys=0.00, real=0.01 secs] 
2016-09-24T04:20:29.565-0400: 10.213: [GC (GCLocker Initiated GC) [PSYoungGen: 156654K->64448K(175104K)] 327546K->253520K(699392K), 0.0067965 secs] [Times: user=0.09 sys=0.00, real=0.00 secs] 
2016-09-24T04:20:29.605-0400: 10.253: [GC (GCLocker Initiated GC) [PSYoungGen: 152512K->75294K(175104K)] 348486K->289340K(699392K), 0.0064127 secs] [Times: user=0.08 sys=0.00, real=0.00 secs] 
2016-09-24T04:20:29.646-0400: 10.294: [GC (GCLocker Initiated GC) [PSYoungGen: 163358K->68530K(175104K)] 382933K->329289K(699392K), 0.0076569 secs] [Times: user=0.11 sys=0.00, real=0.00 secs] 
2016-09-24T04:20:29.685-0400: 10.333: [GC (GCLocker Initiated GC) [PSYoungGen: 156594K->71436K(175104K)] 421520K->367950K(699392K), 0.0078185 secs] [Times: user=0.11 sys=0.00, real=0.00 secs] 
2016-09-24T04:20:29.727-0400: 10.375: [GC (GCLocker Initiated GC) [PSYoungGen: 159500K->53662K(175104K)] 459208K->390528K(699392K), 0.0068030 secs] [Times: user=0.10 sys=0.00, real=0.00 secs] 
2016-09-24T04:20:29.762-0400: 10.410: [GC (GCLocker Initiated GC) [PSYoungGen: 141726K->63162K(175104K)] 481422K->437233K(699392K), 0.0073030 secs] [Times: user=0.11 sys=0.00, real=0.01 secs] 
2016-09-24T04:20:29.798-0400: 10.446: [GC (GCLocker Initiated GC) [PSYoungGen: 151226K->55204K(175104K)] 526975K->469394K(699392K), 0.0072733 secs] [Times: user=0.08 sys=0.00, real=0.01 secs] 
2016-09-24T04:20:29.838-0400: 10.486: [GC (GCLocker Initiated GC) [PSYoungGen: 143268K->69752K(175104K)] 567082K->513114K(699392K), 0.0070925 secs] [Times: user=0.09 sys=0.00, real=0.01 secs] 
2016-09-24T04:20:29.876-0400: 10.524: [GC (GCLocker Initiated GC) [PSYoungGen: 157816K->64480K(175104K)] 601444K->527526K(699392K), 0.0067910 secs] [Times: user=0.09 sys=0.00, real=0.01 secs] 
2016-09-24T04:20:29.915-0400: 10.563: [GC (GCLocker Initiated GC) [PSYoungGen: 152544K->50852K(175104K)] 615818K->553870K(699392K), 0.0066323 secs] [Times: user=0.09 sys=0.00, real=0.00 secs] 
2016-09-24T04:20:29.921-0400: 10.569: [Full GC (Ergonomics) [PSYoungGen: 50852K->0K(175104K)] [ParOldGen: 503018K->93846K(524288K)] 553870K->93846K(699392K), [Metaspace: 43329K->43329K(1085440K)], 0.0462085 secs] [Times: user=0.39 sys=0.00, real=0.05 secs] 
2016-09-24T04:20:29.995-0400: 10.643: [GC (GCLocker Initiated GC) [PSYoungGen: 88064K->84890K(175104K)] 184730K->186957K(699392K), 0.0069077 secs] [Times: user=0.09 sys=0.00, real=0.01 secs] 
2016-09-24T04:20:30.036-0400: 10.684: [GC (GCLocker Initiated GC) [PSYoungGen: 172954K->61812K(175104K)] 275297K->189213K(699392K), 0.0068356 secs] [Times: user=0.08 sys=0.00, real=0.01 secs] 
2016-09-24T04:20:30.065-0400: 10.713: [GC (GCLocker Initiated GC) [PSYoungGen: 149876K->80758K(175104K)] 280151K->221121K(699392K), 0.0065437 secs] [Times: user=0.10 sys=0.00, real=0.00 secs] 
2016-09-24T04:20:30.108-0400: 10.756: [GC (GCLocker Initiated GC) [PSYoungGen: 168822K->53680K(175104K)] 309316K->236700K(699392K), 0.0070177 secs] [Times: user=0.09 sys=0.01, real=0.01 secs] 
2016-09-24T04:20:30.141-0400: 10.789: [GC (GCLocker Initiated GC) [PSYoungGen: 141744K->78168K(175104K)] 328933K->287567K(699392K), 0.0078084 secs] [Times: user=0.11 sys=0.00, real=0.01 secs] 
2016-09-24T04:20:30.181-0400: 10.829: [GC (GCLocker Initiated GC) [PSYoungGen: 166232K->59080K(175104K)] 375798K->311302K(699392K), 0.0070772 secs] [Times: user=0.10 sys=0.01, real=0.01 secs] 
2016-09-24T04:20:30.217-0400: 10.865: [GC (GCLocker Initiated GC) [PSYoungGen: 147144K->78168K(175104K)] 410226K->359346K(699392K), 0.0072536 secs] [Times: user=0.11 sys=0.00, real=0.01 secs] 
2016-09-24T04:20:30.262-0400: 10.911: [GC (GCLocker Initiated GC) [PSYoungGen: 166232K->65798K(175104K)] 448853K->365361K(699392K), 0.0066252 secs] [Times: user=0.09 sys=0.00, real=0.00 secs] 
2016-09-24T04:20:30.294-0400: 10.942: [GC (GCLocker Initiated GC) [PSYoungGen: 153862K->86172K(175104K)] 457613K->402668K(699392K), 0.0071339 secs] [Times: user=0.10 sys=0.01, real=0.00 secs] 
2016-09-24T04:20:30.344-0400: 10.992: [GC (GCLocker Initiated GC) [PSYoungGen: 174236K->51150K(175104K)] 503068K->425158K(699392K), 0.0070957 secs] [Times: user=0.09 sys=0.01, real=0.00 secs] 
2016-09-24T04:20:30.379-0400: 11.027: [GC (GCLocker Initiated GC) [PSYoungGen: 139214K->64370K(175104K)] 513366K->454007K(699392K), 0.0070172 secs] [Times: user=0.07 sys=0.00, real=0.01 secs] 
2016-09-24T04:20:30.418-0400: 11.066: [GC (GCLocker Initiated GC) [PSYoungGen: 152434K->61794K(175104K)] 547914K->506330K(699392K), 0.0080089 secs] [Times: user=0.11 sys=0.00, real=0.01 secs] 
2016-09-24T04:20:30.458-0400: 11.106: [GC (GCLocker Initiated GC) [PSYoungGen: 149858K->61780K(175104K)] 598622K->543525K(699392K), 0.0080256 secs] [Times: user=0.10 sys=0.01, real=0.01 secs] 
2016-09-24T04:20:30.466-0400: 11.114: [Full GC (Ergonomics) [PSYoungGen: 61780K->0K(175104K)] [ParOldGen: 481744K->98105K(524288K)] 543525K->98105K(699392K), [Metaspace: 43332K->43332K(1085440K)], 0.0460158 secs] [Times: user=0.36 sys=0.00, real=0.04 secs] 
2016-09-24T04:20:30.540-0400: 11.188: [GC (GCLocker Initiated GC) [PSYoungGen: 88064K->82442K(175104K)] 193296K->187683K(699392K), 0.0069285 secs] [Times: user=0.08 sys=0.00, real=0.01 secs] 
2016-09-24T04:20:30.587-0400: 11.235: [GC (GCLocker Initiated GC) [PSYoungGen: 170506K->61794K(175104K)] 288199K->203402K(699392K), 0.0064894 secs] [Times: user=0.08 sys=0.00, real=0.00 secs] 
2016-09-24T04:20:30.620-0400: 11.268: [GC (GCLocker Initiated GC) [PSYoungGen: 149858K->65848K(175104K)] 291667K->239347K(699392K), 0.0067967 secs] [Times: user=0.09 sys=0.00, real=0.01 secs] 
2016-09-24T04:20:30.664-0400: 11.312: [GC (GCLocker Initiated GC) [PSYoungGen: 153912K->59108K(175104K)] 332892K->269722K(699392K), 0.0070179 secs] [Times: user=0.09 sys=0.00, real=0.00 secs] 
2016-09-24T04:20:30.702-0400: 11.350: [GC (GCLocker Initiated GC) [PSYoungGen: 147172K->57748K(175104K)] 357815K->310835K(699392K), 0.0073912 secs] [Times: user=0.10 sys=0.00, real=0.01 secs] 
2016-09-24T04:20:30.739-0400: 11.387: [GC (GCLocker Initiated GC) [PSYoungGen: 145812K->71354K(175104K)] 401696K->362938K(699392K), 0.0076026 secs] [Times: user=0.10 sys=0.00, real=0.01 secs] 
2016-09-24T04:20:30.783-0400: 11.431: [GC (GCLocker Initiated GC) [PSYoungGen: 159418K->60430K(175104K)] 453891K->390757K(699392K), 0.0072359 secs] [Times: user=0.11 sys=0.01, real=0.00 secs] 
2016-09-24T04:20:30.813-0400: 11.461: [GC (GCLocker Initiated GC) [PSYoungGen: 148494K->75390K(175104K)] 478961K->429426K(699392K), 0.0071688 secs] [Times: user=0.10 sys=0.00, real=0.01 secs] 
2016-09-24T04:20:30.860-0400: 11.508: [GC (GCLocker Initiated GC) [PSYoungGen: 163454K->48358K(175104K)] 524365K->442416K(699392K), 0.0066162 secs] [Times: user=0.09 sys=0.01, real=0.01 secs] 
2016-09-24T04:20:30.900-0400: 11.548: [GC (GCLocker Initiated GC) [PSYoungGen: 136422K->71372K(175104K)] 539956K->493108K(699392K), 0.0061931 secs] [Times: user=0.08 sys=0.00, real=0.01 secs] 
2016-09-24T04:20:30.942-0400: 11.590: [GC (GCLocker Initiated GC) [PSYoungGen: 159436K->76658K(175104K)] 590830K->518165K(699392K), 0.0071286 secs] [Times: user=0.10 sys=0.00, real=0.01 secs] 
2016-09-24T04:20:30.980-0400: 11.628: [GC (GCLocker Initiated GC) [PSYoungGen: 164722K->67180K(175104K)] 606262K->533594K(699392K), 0.0070597 secs] [Times: user=0.10 sys=0.00, real=0.01 secs] 
2016-09-24T04:20:31.020-0400: 11.668: [Full GC (Ergonomics) [PSYoungGen: 155244K->0K(175104K)] [ParOldGen: 476567K->113181K(524288K)] 631812K->113181K(699392K), [Metaspace: 43345K->43345K(1085440K)], 0.0496437 secs] [Times: user=0.38 sys=0.00, real=0.05 secs] 
2016-09-24T04:20:31.109-0400: 11.757: [GC (GCLocker Initiated GC) [PSYoungGen: 88064K->69866K(175104K)] 204184K->185986K(699392K), 0.0057268 secs] [Times: user=0.07 sys=0.00, real=0.01 secs] 
2016-09-24T04:20:31.139-0400: 11.787: [GC (GCLocker Initiated GC) [PSYoungGen: 157930K->78040K(175104K)] 279606K->217842K(699392K), 0.0065897 secs] [Times: user=0.09 sys=0.00, real=0.01 secs] 
2016-09-24T04:20:31.181-0400: 11.830: [GC (GCLocker Initiated GC) [PSYoungGen: 166104K->52408K(175104K)] 314257K->244423K(699392K), 0.0071063 secs] [Times: user=0.10 sys=0.00, real=0.01 secs] 
2016-09-24T04:20:31.227-0400: 11.875: [GC (GCLocker Initiated GC) [PSYoungGen: 140472K->38830K(175104K)] 335422K->250616K(699392K), 0.0070925 secs] [Times: user=0.04 sys=0.00, real=0.00 secs] 
2016-09-24T04:20:31.257-0400: 11.906: [GC (GCLocker Initiated GC) [PSYoungGen: 126894K->67208K(175104K)] 346965K->321639K(699392K), 0.0082786 secs] [Times: user=0.08 sys=0.00, real=0.01 secs] 
2016-09-24T04:20:31.299-0400: 11.947: [GC (GCLocker Initiated GC) [PSYoungGen: 155272K->63066K(175104K)] 415212K->352041K(699392K), 0.0094066 secs] [Times: user=0.07 sys=0.00, real=0.01 secs] 
2016-09-24T04:20:31.335-0400: 11.983: [GC (GCLocker Initiated GC) [PSYoungGen: 151130K->72658K(175104K)] 440625K->381639K(699392K), 0.0069271 secs] [Times: user=0.09 sys=0.00, real=0.00 secs] 
2016-09-24T04:20:31.375-0400: 12.023: [GC (GCLocker Initiated GC) [PSYoungGen: 160722K->55016K(175104K)] 469777K->409257K(699392K), 0.0071191 secs] [Times: user=0.10 sys=0.01, real=0.01 secs] 
2016-09-24T04:20:31.404-0400: 12.052: [GC (GCLocker Initiated GC) [PSYoungGen: 143080K->67400K(175104K)] 497589K->475199K(699392K), 0.0076276 secs] [Times: user=0.11 sys=0.00, real=0.00 secs] 
2016-09-24T04:20:31.448-0400: 12.096: [GC (GCLocker Initiated GC) [PSYoungGen: 155464K->54984K(175104K)] 563394K->504180K(699392K), 0.0069525 secs] [Times: user=0.10 sys=0.00, real=0.01 secs] 
2016-09-24T04:20:31.482-0400: 12.130: [GC (GCLocker Initiated GC) [PSYoungGen: 143048K->66081K(172032K)] 595190K->552566K(696320K), 0.0076671 secs] [Times: user=0.09 sys=0.01, real=0.01 secs] 
2016-09-24T04:20:31.490-0400: 12.138: [Full GC (Ergonomics) [PSYoungGen: 66081K->0K(172032K)] [ParOldGen: 486484K->104770K(524288K)] 552566K->104770K(696320K), [Metaspace: 43353K->43353K(1085440K)], 0.0470466 secs] [Times: user=0.39 sys=0.00, real=0.05 secs] 
2016-09-24T04:20:31.572-0400: 12.220: [GC (GCLocker Initiated GC) [PSYoungGen: 88064K->70040K(173568K)] 195653K->177629K(697856K), 0.0058333 secs] [Times: user=0.08 sys=0.00, real=0.01 secs] 
2016-09-24T04:20:31.605-0400: 12.253: [GC (GCLocker Initiated GC) [PSYoungGen: 158104K->59189K(174080K)] 265839K->213587K(698368K), 0.0076748 secs] [Times: user=0.11 sys=0.00, real=0.00 secs] 
2016-09-24T04:20:31.646-0400: 12.294: [GC (GCLocker Initiated GC) [PSYoungGen: 149813K->82139K(175104K)] 312411K->257590K(699392K), 0.0074478 secs] [Times: user=0.10 sys=0.00, real=0.00 secs] 
2016-09-24T04:20:31.682-0400: 12.330: [GC (GCLocker Initiated GC) [PSYoungGen: 172763K->83457K(175104K)] 350988K->286654K(699392K), 0.0072046 secs] [Times: user=0.10 sys=0.01, real=0.01 secs] 
2016-09-24T04:20:31.722-0400: 12.370: [GC (GCLocker Initiated GC) [PSYoungGen: 171521K->55029K(175104K)] 374805K->311586K(699392K), 0.0074298 secs] [Times: user=0.10 sys=0.01, real=0.01 secs] 
2016-09-24T04:20:31.759-0400: 12.407: [GC (GCLocker Initiated GC) [PSYoungGen: 143093K->78291K(175104K)] 416066K->357209K(699392K), 0.0070319 secs] [Times: user=0.09 sys=0.00, real=0.01 secs] 
2016-09-24T04:20:31.807-0400: 12.455: [GC (GCLocker Initiated GC) [PSYoungGen: 166355K->54965K(175104K)] 457624K->365955K(699392K), 0.0057667 secs] [Times: user=0.07 sys=0.00, real=0.00 secs] 
2016-09-24T04:20:31.843-0400: 12.491: [GC (GCLocker Initiated GC) [PSYoungGen: 143029K->58983K(175104K)] 454045K->406999K(699392K), 0.0071261 secs] [Times: user=0.11 sys=0.00, real=0.00 secs] 
2016-09-24T04:20:31.883-0400: 12.531: [GC (GCLocker Initiated GC) [PSYoungGen: 147047K->55043K(175104K)] 497918K->444212K(699392K), 0.0074800 secs] [Times: user=0.10 sys=0.01, real=0.00 secs] 
2016-09-24T04:20:31.918-0400: 12.566: [GC (GCLocker Initiated GC) [PSYoungGen: 143107K->84936K(175104K)] 535054K->496458K(699392K), 0.0077380 secs] [Times: user=0.12 sys=0.00, real=0.01 secs] 
2016-09-24T04:20:31.959-0400: 12.607: [GC (GCLocker Initiated GC) [PSYoungGen: 173000K->64635K(175104K)] 592815K->524344K(699392K), 0.0074899 secs] [Times: user=0.10 sys=0.01, real=0.01 secs] 
2016-09-24T04:20:31.967-0400: 12.615: [Full GC (Ergonomics) [PSYoungGen: 64635K->0K(175104K)] [ParOldGen: 459708K->109752K(524288K)] 524344K->109752K(699392K), [Metaspace: 43353K->43353K(1085440K)], 0.0462808 secs] [Times: user=0.38 sys=0.00, real=0.04 secs] 
2016-09-24T04:20:32.051-0400: 12.699: [GC (GCLocker Initiated GC) [PSYoungGen: 88064K->79380K(175104K)] 200556K->191872K(699392K), 0.0064352 secs] [Times: user=0.08 sys=0.00, real=0.01 secs] 
2016-09-24T04:20:32.083-0400: 12.731: [GC (GCLocker Initiated GC) [PSYoungGen: 167444K->75403K(175104K)] 286845K->215723K(699392K), 0.0067813 secs] [Times: user=0.09 sys=0.00, real=0.00 secs] 
2016-09-24T04:20:32.127-0400: 12.775: [GC (GCLocker Initiated GC) [PSYoungGen: 163467K->73944K(175104K)] 314876K->253058K(699392K), 0.0071661 secs] [Times: user=0.09 sys=0.00, real=0.01 secs] 
2016-09-24T04:20:32.163-0400: 12.811: [GC (GCLocker Initiated GC) [PSYoungGen: 162008K->65784K(175104K)] 342106K->284330K(699392K), 0.0072891 secs] [Times: user=0.09 sys=0.01, real=0.00 secs] 
2016-09-24T04:20:32.200-0400: 12.848: [GC (GCLocker Initiated GC) [PSYoungGen: 153848K->65921K(175104K)] 383274K->316106K(699392K), 0.0069210 secs] [Times: user=0.10 sys=0.00, real=0.01 secs] 
2016-09-24T04:20:32.243-0400: 12.891: [GC (GCLocker Initiated GC) [PSYoungGen: 153985K->54951K(175104K)] 407045K->332969K(699392K), 0.0063469 secs] [Times: user=0.09 sys=0.00, real=0.00 secs] 
2016-09-24T04:20:32.275-0400: 12.923: [GC (GCLocker Initiated GC) [PSYoungGen: 143015K->79499K(175104K)] 432375K->381473K(699392K), 0.0070980 secs] [Times: user=0.09 sys=0.00, real=0.00 secs] 
2016-09-24T04:20:32.318-0400: 12.966: [GC (GCLocker Initiated GC) [PSYoungGen: 167563K->54887K(175104K)] 469613K->386078K(699392K), 0.0061747 secs] [Times: user=0.09 sys=0.00, real=0.01 secs] 
2016-09-24T04:20:32.351-0400: 13.000: [GC (GCLocker Initiated GC) [PSYoungGen: 142951K->67321K(175104K)] 474233K->422025K(699392K), 0.0071972 secs] [Times: user=0.10 sys=0.00, real=0.01 secs] 
2016-09-24T04:20:32.395-0400: 13.043: [GC (GCLocker Initiated GC) [PSYoungGen: 155385K->63161K(175104K)] 515586K->461833K(699392K), 0.0077498 secs] [Times: user=0.11 sys=0.00, real=0.01 secs] 
2016-09-24T04:20:32.424-0400: 13.072: [GC (GCLocker Initiated GC) [PSYoungGen: 151225K->86267K(175104K)] 552727K->507303K(699392K), 0.0080218 secs] [Times: user=0.12 sys=0.00, real=0.00 secs] 
2016-09-24T04:20:32.467-0400: 13.115: [GC (GCLocker Initiated GC) [PSYoungGen: 174331K->59125K(175104K)] 595513K->527008K(699392K), 0.0073345 secs] [Times: user=0.10 sys=0.00, real=0.01 secs] 
2016-09-24T04:20:32.475-0400: 13.123: [Full GC (Ergonomics) [PSYoungGen: 59125K->0K(175104K)] [ParOldGen: 467882K->109517K(524288K)] 527008K->109517K(699392K), [Metaspace: 43357K->43357K(1085440K)], 0.0483490 secs] [Times: user=0.39 sys=0.01, real=0.05 secs] 
2016-09-24T04:20:32.552-0400: 13.201: [GC (GCLocker Initiated GC) [PSYoungGen: 88064K->84921K(175104K)] 199101K->198659K(699392K), 0.0070564 secs] [Times: user=0.09 sys=0.00, real=0.01 secs] 
2016-09-24T04:20:32.590-0400: 13.238: [GC (GCLocker Initiated GC) [PSYoungGen: 172985K->76708K(175104K)] 289583K->227829K(699392K), 0.0082327 secs] [Times: user=0.08 sys=0.00, real=0.01 secs] 
2016-09-24T04:20:32.634-0400: 13.282: [GC (GCLocker Initiated GC) [PSYoungGen: 164772K->60475K(175104K)] 326795K->252866K(699392K), 0.0069513 secs] [Times: user=0.09 sys=0.00, real=0.01 secs] 
2016-09-24T04:20:32.669-0400: 13.318: [GC (GCLocker Initiated GC) [PSYoungGen: 148539K->59189K(175104K)] 342537K->287637K(699392K), 0.0066467 secs] [Times: user=0.07 sys=0.01, real=0.01 secs] 
2016-09-24T04:20:32.712-0400: 13.360: [GC (GCLocker Initiated GC) [PSYoungGen: 147253K->61775K(175104K)] 391225K->338771K(699392K), 0.0072310 secs] [Times: user=0.09 sys=0.00, real=0.01 secs] 
2016-09-24T04:20:32.750-0400: 13.399: [GC (GCLocker Initiated GC) [PSYoungGen: 149839K->69848K(175104K)] 429626K->373190K(699392K), 0.0070762 secs] [Times: user=0.10 sys=0.00, real=0.01 secs] 
2016-09-24T04:20:32.794-0400: 13.442: [GC (GCLocker Initiated GC) [PSYoungGen: 157912K->55025K(175104K)] 465428K->407685K(699392K), 0.0080292 secs] [Times: user=0.09 sys=0.00, real=0.01 secs] 
2016-09-24T04:20:32.828-0400: 13.476: [GC (GCLocker Initiated GC) [PSYoungGen: 143089K->64466K(175104K)] 498682K->449022K(699392K), 0.0071649 secs] [Times: user=0.10 sys=0.00, real=0.01 secs] 
2016-09-24T04:20:32.864-0400: 13.512: [GC (GCLocker Initiated GC) [PSYoungGen: 152530K->66004K(175104K)] 540001K->482401K(699392K), 0.0079619 secs] [Times: user=0.11 sys=0.00, real=0.00 secs] 
2016-09-24T04:20:32.905-0400: 13.553: [GC (GCLocker Initiated GC) [PSYoungGen: 154068K->61844K(150016K)] 573294K->520908K(674304K), 0.0071305 secs] [Times: user=0.10 sys=0.00, real=0.00 secs] 
2016-09-24T04:20:32.939-0400: 13.587: [GC (GCLocker Initiated GC) [PSYoungGen: 149908K->82218K(173056K)] 612545K->563039K(697344K), 0.0077453 secs] [Times: user=0.11 sys=0.00, real=0.01 secs] 
2016-09-24T04:20:32.946-0400: 13.595: [Full GC (Ergonomics) [PSYoungGen: 82218K->0K(173056K)] [ParOldGen: 480821K->123972K(524288K)] 563039K->123972K(697344K), [Metaspace: 43357K->43357K(1085440K)], 0.0492946 secs] [Times: user=0.41 sys=0.00, real=0.05 secs] 
2016-09-24T04:20:33.028-0400: 13.676: [GC (GCLocker Initiated GC) [PSYoungGen: 87040K->70040K(174080K)] 217813K->200813K(698368K), 0.0056135 secs] [Times: user=0.07 sys=0.00, real=0.00 secs] 
2016-09-24T04:20:33.060-0400: 13.708: [GC (GCLocker Initiated GC) [PSYoungGen: 157080K->61857K(175104K)] 288765K->225399K(699392K), 0.0070818 secs] [Times: user=0.09 sys=0.00, real=0.01 secs] 
2016-09-24T04:20:33.101-0400: 13.749: [GC (GCLocker Initiated GC) [PSYoungGen: 149921K->52329K(175104K)] 316270K->258468K(699392K), 0.0066499 secs] [Times: user=0.09 sys=0.00, real=0.01 secs] 
2016-09-24T04:20:33.132-0400: 13.780: [GC (GCLocker Initiated GC) [PSYoungGen: 140393K->75390K(175104K)] 354783K->318727K(699392K), 0.0077430 secs] [Times: user=0.08 sys=0.00, real=0.01 secs] 
2016-09-24T04:20:33.176-0400: 13.824: [GC (GCLocker Initiated GC) [PSYoungGen: 163454K->76689K(175104K)] 411097K->356099K(699392K), 0.0071597 secs] [Times: user=0.10 sys=0.00, real=0.01 secs] 
2016-09-24T04:20:33.217-0400: 13.865: [GC (GCLocker Initiated GC) [PSYoungGen: 164753K->54887K(175104K)] 445637K->368841K(699392K), 0.0066973 secs] [Times: user=0.09 sys=0.00, real=0.01 secs] 
2016-09-24T04:20:33.248-0400: 13.896: [GC (GCLocker Initiated GC) [PSYoungGen: 142951K->78135K(175104K)] 463952K->434668K(699392K), 0.0085796 secs] [Times: user=0.12 sys=0.00, real=0.01 secs] 
2016-09-24T04:20:33.292-0400: 13.940: [GC (GCLocker Initiated GC) [PSYoungGen: 166199K->80583K(175104K)] 529655K->465011K(699392K), 0.0076192 secs] [Times: user=0.10 sys=0.00, real=0.01 secs] 
2016-09-24T04:20:33.334-0400: 13.982: [GC (GCLocker Initiated GC) [PSYoungGen: 168647K->52471K(175104K)] 561338K->484829K(699392K), 0.0071319 secs] [Times: user=0.07 sys=0.00, real=0.01 secs] 
2016-09-24T04:20:33.370-0400: 14.018: [GC (GCLocker Initiated GC) [PSYoungGen: 140535K->71179K(175104K)] 578402K->529972K(699392K), 0.0072910 secs] [Times: user=0.10 sys=0.01, real=0.01 secs] 
2016-09-24T04:20:33.409-0400: 14.057: [GC (GCLocker Initiated GC) [PSYoungGen: 159243K->65829K(175104K)] 618142K->542781K(699392K), 0.0072373 secs] [Times: user=0.08 sys=0.00, real=0.01 secs] 
2016-09-24T04:20:33.416-0400: 14.064: [Full GC (Ergonomics) [PSYoungGen: 65829K->0K(175104K)] [ParOldGen: 476951K->123681K(524288K)] 542781K->123681K(699392K), [Metaspace: 43364K->43364K(1085440K)], 0.0496913 secs] [Times: user=0.43 sys=0.00, real=0.05 secs] 
2016-09-24T04:20:33.499-0400: 14.147: [GC (GCLocker Initiated GC) [PSYoungGen: 88064K->74199K(175104K)] 214535K->200671K(699392K), 0.0091107 secs] [Times: user=0.13 sys=0.00, real=0.01 secs] 
2016-09-24T04:20:33.544-0400: 14.192: [GC (GCLocker Initiated GC) [PSYoungGen: 162263K->84871K(175104K)] 296902K->232543K(699392K), 0.0071962 secs] [Times: user=0.10 sys=0.00, real=0.00 secs] 
2016-09-24T04:20:33.584-0400: 14.232: [GC (GCLocker Initiated GC) [PSYoungGen: 172935K->61999K(175104K)] 334353K->253717K(699392K), 0.0067083 secs] [Times: user=0.09 sys=0.00, real=0.00 secs] 
2016-09-24T04:20:33.630-0400: 14.278: [GC (GCLocker Initiated GC) [PSYoungGen: 150063K->69847K(175104K)] 341932K->274588K(699392K), 0.0070449 secs] [Times: user=0.10 sys=0.00, real=0.01 secs] 
2016-09-24T04:20:33.662-0400: 14.310: [GC (GCLocker Initiated GC) [PSYoungGen: 157911K->63029K(175104K)] 366040K->295995K(699392K), 0.0081271 secs] [Times: user=0.08 sys=0.02, real=0.01 secs] 
2016-09-24T04:20:33.720-0400: 14.368: [GC (GCLocker Initiated GC) [PSYoungGen: 151093K->33141K(175104K)] 397630K->299075K(699392K), 0.0086772 secs] [Times: user=0.08 sys=0.01, real=0.01 secs] 
2016-09-24T04:20:33.761-0400: 14.409: [GC (GCLocker Initiated GC) [PSYoungGen: 121205K->67047K(175104K)] 389958K->341721K(699392K), 0.0179113 secs] [Times: user=0.21 sys=0.02, real=0.02 secs] 
2016-09-24T04:20:33.813-0400: 14.461: [GC (GCLocker Initiated GC) [PSYoungGen: 155111K->43974K(175104K)] 435819K->356380K(699392K), 0.0102164 secs] [Times: user=0.09 sys=0.02, real=0.02 secs] 
2016-09-24T04:20:33.855-0400: 14.503: [GC (GCLocker Initiated GC) [PSYoungGen: 132038K->44005K(175104K)] 448747K->382776K(699392K), 0.0084496 secs] [Times: user=0.06 sys=0.01, real=0.01 secs] 
2016-09-24T04:20:33.901-0400: 14.549: [GC (GCLocker Initiated GC) [PSYoungGen: 132069K->67239K(175104K)] 480517K->421649K(699392K), 0.0133555 secs] [Times: user=0.13 sys=0.02, real=0.02 secs] 
2016-09-24T04:20:33.953-0400: 14.601: [GC (GCLocker Initiated GC) [PSYoungGen: 155303K->41369K(175104K)] 512574K->424927K(699392K), 0.0138670 secs] [Times: user=0.13 sys=0.02, real=0.02 secs] 
2016-09-24T04:20:33.991-0400: 14.639: [GC (GCLocker Initiated GC) [PSYoungGen: 129433K->58933K(175104K)] 513157K->464786K(699392K), 0.0099393 secs] [Times: user=0.08 sys=0.01, real=0.01 secs] 
2016-09-24T04:20:34.032-0400: 14.681: [GC (GCLocker Initiated GC) [PSYoungGen: 146997K->53693K(175104K)] 559796K->507582K(699392K), 0.0212000 secs] [Times: user=0.22 sys=0.03, real=0.02 secs] 
2016-09-24T04:20:34.088-0400: 14.736: [GC (GCLocker Initiated GC) [PSYoungGen: 141757K->72721K(175104K)] 601154K->550407K(699392K), 0.0075466 secs] [Times: user=0.11 sys=0.01, real=0.01 secs] 
2016-09-24T04:20:34.096-0400: 14.744: [Full GC (Ergonomics) [PSYoungGen: 72721K->0K(175104K)] [ParOldGen: 477686K->128330K(524288K)] 550407K->128330K(699392K), [Metaspace: 43371K->43371K(1085440K)], 0.0537443 secs] [Times: user=0.40 sys=0.05, real=0.05 secs] 
2016-09-24T04:20:34.190-0400: 14.838: [GC (GCLocker Initiated GC) [PSYoungGen: 88064K->55436K(175104K)] 224533K->191906K(699392K), 0.0050220 secs] [Times: user=0.05 sys=0.00, real=0.01 secs] 
2016-09-24T04:20:34.217-0400: 14.865: [GC (GCLocker Initiated GC) [PSYoungGen: 143500K->75439K(175104K)] 280143K->234647K(699392K), 0.0098421 secs] [Times: user=0.14 sys=0.00, real=0.01 secs] 
2016-09-24T04:20:34.263-0400: 14.911: [GC (GCLocker Initiated GC) [PSYoungGen: 163503K->63221K(175104K)] 325566K->274597K(699392K), 0.0079963 secs] [Times: user=0.10 sys=0.01, real=0.00 secs] 
2016-09-24T04:20:34.302-0400: 14.950: [GC (GCLocker Initiated GC) [PSYoungGen: 151285K->70039K(175104K)] 362918K->306595K(699392K), 0.0066835 secs] [Times: user=0.09 sys=0.01, real=0.01 secs] 
2016-09-24T04:20:34.343-0400: 14.991: [GC (GCLocker Initiated GC) [PSYoungGen: 158103K->57643K(175104K)] 409051K->328144K(699392K), 0.0097185 secs] [Times: user=0.09 sys=0.01, real=0.00 secs] 
2016-09-24T04:20:34.386-0400: 15.034: [GC (GCLocker Initiated GC) [PSYoungGen: 145707K->69833K(175104K)] 416291K->357285K(699392K), 0.0138856 secs] [Times: user=0.15 sys=0.02, real=0.01 secs] 
2016-09-24T04:20:34.432-0400: 15.080: [GC (GCLocker Initiated GC) [PSYoungGen: 157897K->59075K(173056K)] 453676K->399947K(697344K), 0.0078845 secs] [Times: user=0.12 sys=0.01, real=0.01 secs] 
2016-09-24T04:20:34.478-0400: 15.126: [GC (GCLocker Initiated GC) [PSYoungGen: 147139K->59079K(174080K)] 493579K->426306K(698368K), 0.0082352 secs] [Times: user=0.07 sys=0.02, real=0.01 secs] 
2016-09-24T04:20:34.513-0400: 15.161: [GC (GCLocker Initiated GC) [PSYoungGen: 147143K->76625K(172032K)] 517346K->465015K(696320K), 0.0085123 secs] [Times: user=0.08 sys=0.00, real=0.01 secs] 
2016-09-24T04:20:34.571-0400: 15.219: [GC (GCLocker Initiated GC) [PSYoungGen: 164689K->59015K(175104K)] 558586K->485957K(699392K), 0.0066892 secs] [Times: user=0.09 sys=0.00, real=0.01 secs] 
2016-09-24T04:20:34.612-0400: 15.260: [GC (GCLocker Initiated GC) [PSYoungGen: 147079K->75293K(173568K)] 576169K->538707K(697856K), 0.0088074 secs] [Times: user=0.13 sys=0.00, real=0.01 secs] 
2016-09-24T04:20:34.657-0400: 15.305: [GC (GCLocker Initiated GC) [PSYoungGen: 163357K->63051K(175104K)] 626849K->550113K(699392K), 0.0069496 secs] [Times: user=0.11 sys=0.00, real=0.01 secs] 
2016-09-24T04:20:34.664-0400: 15.312: [Full GC (Ergonomics) [PSYoungGen: 63051K->0K(175104K)] [ParOldGen: 487061K->123979K(524288K)] 550113K->123979K(699392K), [Metaspace: 43377K->43377K(1085440K)], 0.0537308 secs] [Times: user=0.44 sys=0.00, real=0.05 secs] 
2016-09-24T04:20:34.749-0400: 15.397: [GC (GCLocker Initiated GC) [PSYoungGen: 88064K->83649K(174080K)] 212177K->207763K(698368K), 0.0074795 secs] [Times: user=0.09 sys=0.01, real=0.01 secs] 
2016-09-24T04:20:34.792-0400: 15.440: [GC (GCLocker Initiated GC) [PSYoungGen: 171713K->63363K(175104K)] 310228K->248633K(699392K), 0.0076536 secs] [Times: user=0.09 sys=0.01, real=0.01 secs] 
2016-09-24T04:20:34.830-0400: 15.478: [GC (GCLocker Initiated GC) [PSYoungGen: 151427K->69989K(175104K)] 337114K->291636K(699392K), 0.0077856 secs] [Times: user=0.11 sys=0.01, real=0.01 secs] 
2016-09-24T04:20:34.869-0400: 15.517: [GC (GCLocker Initiated GC) [PSYoungGen: 158053K->53392K(175104K)] 386695K->308302K(699392K), 0.0082989 secs] [Times: user=0.07 sys=0.01, real=0.01 secs] 
2016-09-24T04:20:34.906-0400: 15.554: [GC (GCLocker Initiated GC) [PSYoungGen: 141456K->49538K(175104K)] 396437K->357659K(699392K), 0.0087937 secs] [Times: user=0.08 sys=0.01, real=0.01 secs] 
2016-09-24T04:20:34.946-0400: 15.594: [GC (GCLocker Initiated GC) [PSYoungGen: 137602K->63176K(151552K)] 445981K->413835K(675840K), 0.0072213 secs] [Times: user=0.10 sys=0.01, real=0.00 secs] 
2016-09-24T04:20:34.983-0400: 15.631: [GC (GCLocker Initiated GC) [PSYoungGen: 151240K->56507K(175104K)] 504757K->443017K(699392K), 0.0064354 secs] [Times: user=0.10 sys=0.00, real=0.00 secs] 
2016-09-24T04:20:35.031-0400: 15.679: [GC (GCLocker Initiated GC) [PSYoungGen: 145595K->80914K(174080K)] 544475K->491274K(698368K), 0.0073831 secs] [Times: user=0.10 sys=0.00, real=0.01 secs] 
2016-09-24T04:20:35.083-0400: 15.731: [GC (GCLocker Initiated GC) [PSYoungGen: 170002K->60398K(175104K)] 581745K->497180K(699392K), 0.0071188 secs] [Times: user=0.10 sys=0.01, real=0.00 secs] 
2016-09-24T04:20:35.121-0400: 15.769: [GC (GCLocker Initiated GC) [PSYoungGen: 148462K->76754K(175104K)] 590717K->547937K(699392K), 0.0077651 secs] [Times: user=0.11 sys=0.01, real=0.01 secs] 
2016-09-24T04:20:35.129-0400: 15.777: [Full GC (Ergonomics) [PSYoungGen: 76754K->0K(175104K)] [ParOldGen: 471183K->140791K(524288K)] 547937K->140791K(699392K), [Metaspace: 43378K->43378K(1085440K)], 0.0491105 secs] [Times: user=0.40 sys=0.01, real=0.05 secs] 
2016-09-24T04:20:35.223-0400: 15.871: [GC (GCLocker Initiated GC) [PSYoungGen: 88064K->42875K(175104K)] 242693K->197505K(699392K), 0.0162664 secs] [Times: user=0.13 sys=0.02, real=0.01 secs] 
2016-09-24T04:20:35.272-0400: 15.920: [GC (GCLocker Initiated GC) [PSYoungGen: 130939K->66992K(175104K)] 286987K->238707K(699392K), 0.0064065 secs] [Times: user=0.08 sys=0.01, real=0.01 secs] 
2016-09-24T04:20:35.306-0400: 15.954: [GC (GCLocker Initiated GC) [PSYoungGen: 155056K->60393K(175104K)] 335005K->278493K(699392K), 0.0086353 secs] [Times: user=0.08 sys=0.01, real=0.01 secs] 
2016-09-24T04:20:35.352-0400: 16.000: [GC (GCLocker Initiated GC) [PSYoungGen: 148457K->48247K(175104K)] 374847K->325217K(699392K), 0.0070501 secs] [Times: user=0.10 sys=0.01, real=0.01 secs] 
2016-09-24T04:20:35.397-0400: 16.045: [GC (GCLocker Initiated GC) [PSYoungGen: 136311K->72753K(175104K)] 416165K->374749K(699392K), 0.0066144 secs] [Times: user=0.09 sys=0.00, real=0.01 secs] 
2016-09-24T04:20:35.437-0400: 16.085: [GC (GCLocker Initiated GC) [PSYoungGen: 160817K->56583K(175104K)] 475094K->399885K(699392K), 0.0069976 secs] [Times: user=0.09 sys=0.02, real=0.01 secs] 
2016-09-24T04:20:35.490-0400: 16.138: [GC (GCLocker Initiated GC) [PSYoungGen: 144647K->54888K(174080K)] 488909K->411985K(698368K), 0.0119330 secs] [Times: user=0.15 sys=0.01, real=0.01 secs] 
2016-09-24T04:20:35.531-0400: 16.179: [GC (GCLocker Initiated GC) [PSYoungGen: 142952K->61620K(150016K)] 500224K->445050K(674304K), 0.0114564 secs] [Times: user=0.10 sys=0.02, real=0.02 secs] 
2016-09-24T04:20:35.581-0400: 16.229: [GC (GCLocker Initiated GC) [PSYoungGen: 149684K->67275K(174592K)] 533173K->478303K(698880K), 0.0071979 secs] [Times: user=0.10 sys=0.00, real=0.01 secs] 
2016-09-24T04:20:35.619-0400: 16.267: [GC (GCLocker Initiated GC) [PSYoungGen: 157387K->57839K(174080K)] 568443K->504665K(698368K), 0.0097438 secs] [Times: user=0.13 sys=0.00, real=0.01 secs] 
2016-09-24T04:20:35.663-0400: 16.311: [GC (GCLocker Initiated GC) [PSYoungGen: 147951K->60553K(176640K)] 597316K->540353K(700928K), 0.0069972 secs] [Times: user=0.11 sys=0.00, real=0.00 secs] 
2016-09-24T04:20:35.670-0400: 16.318: [Full GC (Ergonomics) [PSYoungGen: 60553K->0K(176640K)] [ParOldGen: 479800K->125456K(524288K)] 540353K->125456K(700928K), [Metaspace: 43383K->43383K(1085440K)], 0.0497254 secs] [Times: user=0.52 sys=0.06, real=0.05 secs] 
2016-09-24T04:20:35.760-0400: 16.408: [GC (GCLocker Initiated GC) [PSYoungGen: 95232K->75220K(176128K)] 220827K->200815K(700416K), 0.0065573 secs] [Times: user=0.09 sys=0.01, real=0.01 secs] 
2016-09-24T04:20:35.794-0400: 16.442: [GC (GCLocker Initiated GC) [PSYoungGen: 170452K->75435K(173056K)] 298950K->230090K(697344K), 0.0112408 secs] [Times: user=0.11 sys=0.01, real=0.02 secs] 
2016-09-24T04:20:35.844-0400: 16.492: [GC (GCLocker Initiated GC) [PSYoungGen: 164523K->57661K(175616K)] 331458K->268489K(699904K), 0.0074039 secs] [Times: user=0.09 sys=0.01, real=0.00 secs] 
2016-09-24T04:20:35.887-0400: 16.535: [GC (GCLocker Initiated GC) [PSYoungGen: 146749K->54997K(172544K)] 365741K->293451K(696832K), 0.0065906 secs] [Times: user=0.09 sys=0.01, real=0.00 secs] 
2016-09-24T04:20:35.922-0400: 16.570: [GC (GCLocker Initiated GC) [PSYoungGen: 145109K->57583K(174592K)] 386371K->330393K(698880K), 0.0110641 secs] [Times: user=0.10 sys=0.00, real=0.01 secs] 
2016-09-24T04:20:35.970-0400: 16.618: [GC (GCLocker Initiated GC) [PSYoungGen: 147695K->49502K(176640K)] 420641K->347367K(700928K), 0.0123302 secs] [Times: user=0.10 sys=0.01, real=0.02 secs] 
2016-09-24T04:20:36.009-0400: 16.657: [GC (GCLocker Initiated GC) [PSYoungGen: 143710K->81028K(175616K)] 441751K->409363K(699904K), 0.0082310 secs] [Times: user=0.11 sys=0.01, real=0.01 secs] 
2016-09-24T04:20:36.067-0400: 16.715: [GC (GCLocker Initiated GC) [PSYoungGen: 175236K->59185K(175616K)] 524031K->442596K(699904K), 0.0073029 secs] [Times: user=0.09 sys=0.02, real=0.01 secs] 
2016-09-24T04:20:36.111-0400: 16.759: [GC (GCLocker Initiated GC) [PSYoungGen: 148273K->67084K(156672K)] 534572K->471604K(680960K), 0.0083738 secs] [Times: user=0.07 sys=0.00, real=0.01 secs] 
2016-09-24T04:20:36.145-0400: 16.793: [GC (GCLocker Initiated GC) [PSYoungGen: 156172K->64461K(176640K)] 560849K->488564K(700928K), 0.0078714 secs] [Times: user=0.07 sys=0.00, real=0.00 secs] 
2016-09-24T04:20:36.189-0400: 16.837: [GC (GCLocker Initiated GC) [PSYoungGen: 155085K->57648K(148480K)] 584655K->510791K(672768K), 0.0080729 secs] [Times: user=0.07 sys=0.01, real=0.01 secs] 
2016-09-24T04:20:36.229-0400: 16.877: [GC (GCLocker Initiated GC) [PSYoungGen: 148272K->65829K(175104K)] 601534K->542718K(699392K), 0.0070743 secs] [Times: user=0.09 sys=0.00, real=0.01 secs] 
2016-09-24T04:20:36.264-0400: 16.912: [Full GC (Ergonomics) [PSYoungGen: 157989K->0K(175104K)] [ParOldGen: 482362K->148892K(524288K)] 640352K->148892K(699392K), [Metaspace: 43383K->43383K(1085440K)], 0.0475854 secs] [Times: user=0.36 sys=0.06, real=0.04 secs] 
2016-09-24T04:20:36.342-0400: 16.990: [GC (GCLocker Initiated GC) [PSYoungGen: 92160K->78249K(174592K)] 245219K->231309K(698880K), 0.0059704 secs] [Times: user=0.08 sys=0.00, real=0.01 secs] 
2016-09-24T04:20:36.380-0400: 17.028: [GC (GCLocker Initiated GC) [PSYoungGen: 170409K->61716K(177664K)] 328955K->250849K(701952K), 0.0066285 secs] [Times: user=0.08 sys=0.01, real=0.01 secs] 
2016-09-24T04:20:36.416-0400: 17.064: [GC (GCLocker Initiated GC) [PSYoungGen: 153364K->72580K(176128K)] 345273K->283883K(700416K), 0.0072144 secs] [Times: user=0.10 sys=0.01, real=0.01 secs] 
2016-09-24T04:20:36.457-0400: 17.105: [GC (GCLocker Initiated GC) [PSYoungGen: 164228K->63253K(175616K)] 377013K->300888K(699904K), 0.0075566 secs] [Times: user=0.07 sys=0.01, real=0.01 secs] 
2016-09-24T04:20:36.510-0400: 17.158: [GC (GCLocker Initiated GC) [PSYoungGen: 155413K->53771K(176128K)] 408294K->328942K(700416K), 0.0067703 secs] [Times: user=0.07 sys=0.00, real=0.01 secs] 
2016-09-24T04:20:36.560-0400: 17.208: [GC (GCLocker Initiated GC) [PSYoungGen: 145931K->62955K(174080K)] 428028K->356470K(698368K), 0.0064695 secs] [Times: user=0.08 sys=0.01, real=0.01 secs] 
2016-09-24T04:20:36.599-0400: 17.247: [GC (GCLocker Initiated GC) [PSYoungGen: 157163K->59157K(176128K)] 451283K->388861K(700416K), 0.0074796 secs] [Times: user=0.10 sys=0.01, real=0.01 secs] 
2016-09-24T04:20:36.636-0400: 17.284: [GC (GCLocker Initiated GC) [PSYoungGen: 153365K->72611K(178176K)] 484522K->423260K(702464K), 0.0077436 secs] [Times: user=0.08 sys=0.01, real=0.01 secs] 
2016-09-24T04:20:36.682-0400: 17.330: [GC (GCLocker Initiated GC) [PSYoungGen: 169891K->77920K(175616K)] 526093K->468486K(699904K), 0.0078992 secs] [Times: user=0.10 sys=0.01, real=0.01 secs] 
2016-09-24T04:20:36.719-0400: 17.367: [GC (GCLocker Initiated GC) [PSYoungGen: 175200K->59162K(177152K)] 568504K->493543K(701440K), 0.0078206 secs] [Times: user=0.08 sys=0.01, real=0.01 secs] 
2016-09-24T04:20:36.764-0400: 17.412: [GC (GCLocker Initiated GC) [PSYoungGen: 150298K->57716K(148992K)] 598323K->522531K(673280K), 0.0072849 secs] [Times: user=0.07 sys=0.00, real=0.00 secs] 
2016-09-24T04:20:36.805-0400: 17.453: [GC (GCLocker Initiated GC) [PSYoungGen: 148852K->47967K(174080K)] 616442K->536395K(698368K), 0.0060954 secs] [Times: user=0.06 sys=0.01, real=0.00 secs] 
2016-09-24T04:20:36.811-0400: 17.459: [Full GC (Ergonomics) [PSYoungGen: 47967K->0K(174080K)] [ParOldGen: 488428K->144700K(524288K)] 536395K->144700K(698368K), [Metaspace: 43391K->43391K(1085440K)], 0.0462504 secs] [Times: user=0.35 sys=0.04, real=0.05 secs] 
2016-09-24T04:20:36.889-0400: 17.538: [GC (GCLocker Initiated GC) [PSYoungGen: 90112K->83498K(175104K)] 240298K->236384K(699392K), 0.0067217 secs] [Times: user=0.08 sys=0.01, real=0.01 secs] 
2016-09-24T04:20:36.927-0400: 17.575: [GC (GCLocker Initiated GC) [PSYoungGen: 173610K->60199K(175104K)] 326563K->248904K(699392K), 0.0065479 secs] [Times: user=0.08 sys=0.00, real=0.00 secs] 
2016-09-24T04:20:36.959-0400: 17.607: [GC (GCLocker Initiated GC) [PSYoungGen: 148263K->83324K(175104K)] 345195K->294146K(699392K), 0.0087038 secs] [Times: user=0.10 sys=0.01, real=0.01 secs] 
2016-09-24T04:20:37.011-0400: 17.659: [GC (GCLocker Initiated GC) [PSYoungGen: 171388K->63010K(175104K)] 395955K->310905K(699392K), 0.0099230 secs] [Times: user=0.14 sys=0.01, real=0.01 secs] 
2016-09-24T04:20:37.059-0400: 17.708: [GC (GCLocker Initiated GC) [PSYoungGen: 151074K->79085K(175104K)] 401742K->336905K(699392K), 0.0063127 secs] [Times: user=0.08 sys=0.01, real=0.01 secs] 
2016-09-24T04:20:37.099-0400: 17.747: [GC (GCLocker Initiated GC) [PSYoungGen: 167149K->62932K(175104K)] 435918K->363077K(699392K), 0.0076991 secs] [Times: user=0.09 sys=0.01, real=0.01 secs] 
2016-09-24T04:20:37.140-0400: 17.788: [GC (GCLocker Initiated GC) [PSYoungGen: 150996K->27769K(175104K)] 464727K->385047K(699392K), 0.0053336 secs] [Times: user=0.07 sys=0.00, real=0.01 secs] 
2016-09-24T04:20:37.170-0400: 17.818: [GC (GCLocker Initiated GC) [PSYoungGen: 115833K->60264K(175104K)] 473244K->459854K(699392K), 0.0104488 secs] [Times: user=0.12 sys=0.01, real=0.01 secs] 
2016-09-24T04:20:37.215-0400: 17.864: [GC (GCLocker Initiated GC) [PSYoungGen: 148328K->71000K(175104K)] 550716K->499468K(699392K), 0.0072858 secs] [Times: user=0.11 sys=0.01, real=0.01 secs] 
2016-09-24T04:20:37.248-0400: 17.896: [GC (GCLocker Initiated GC) [PSYoungGen: 159064K->75210K(175104K)] 587721K->536630K(699392K), 0.0081351 secs] [Times: user=0.10 sys=0.01, real=0.01 secs] 
2016-09-24T04:20:37.294-0400: 17.942: [GC (GCLocker Initiated GC) [PSYoungGen: 163274K->43968K(175104K)] 632932K->542404K(699392K), 0.0075799 secs] [Times: user=0.06 sys=0.01, real=0.01 secs] 
2016-09-24T04:20:37.302-0400: 17.950: [Full GC (Ergonomics) [PSYoungGen: 43968K->0K(175104K)] [ParOldGen: 498435K->149229K(524288K)] 542404K->149229K(699392K), [Metaspace: 43392K->43392K(1085440K)], 0.0465070 secs] [Times: user=0.35 sys=0.05, real=0.05 secs] 
2016-09-24T04:20:37.380-0400: 18.028: [GC (GCLocker Initiated GC) [PSYoungGen: 88064K->80739K(175104K)] 249620K->242295K(699392K), 0.0068430 secs] [Times: user=0.08 sys=0.01, real=0.01 secs] 
2016-09-24T04:20:37.417-0400: 18.065: [GC (GCLocker Initiated GC) [PSYoungGen: 168803K->50558K(175104K)] 338599K->241215K(699392K), 0.0079673 secs] [Times: user=0.05 sys=0.00, real=0.01 secs] 
2016-09-24T04:20:37.458-0400: 18.107: [GC (GCLocker Initiated GC) [PSYoungGen: 138622K->53325K(175104K)] 332129K->263291K(699392K), 0.0072288 secs] [Times: user=0.07 sys=0.01, real=0.01 secs] 
2016-09-24T04:20:37.501-0400: 18.149: [GC (GCLocker Initiated GC) [PSYoungGen: 141389K->58996K(175104K)] 358226K->308584K(699392K), 0.0068840 secs] [Times: user=0.09 sys=0.00, real=0.01 secs] 
2016-09-24T04:20:37.553-0400: 18.201: [GC (GCLocker Initiated GC) [PSYoungGen: 147060K->52036K(175104K)] 410200K->347999K(699392K), 0.0065150 secs] [Times: user=0.08 sys=0.01, real=0.01 secs] 
2016-09-24T04:20:37.585-0400: 18.233: [GC (GCLocker Initiated GC) [PSYoungGen: 140100K->85981K(175104K)] 438918K->401362K(699392K), 0.0073090 secs] [Times: user=0.10 sys=0.01, real=0.00 secs] 
2016-09-24T04:20:37.628-0400: 18.276: [GC (GCLocker Initiated GC) [PSYoungGen: 174045K->66982K(175104K)] 490907K->419301K(699392K), 0.0081579 secs] [Times: user=0.10 sys=0.01, real=0.01 secs] 
2016-09-24T04:20:37.670-0400: 18.318: [GC (GCLocker Initiated GC) [PSYoungGen: 155046K->54800K(175104K)] 510143K->430495K(699392K), 0.0064575 secs] [Times: user=0.07 sys=0.01, real=0.01 secs] 
2016-09-24T04:20:37.705-0400: 18.353: [GC (GCLocker Initiated GC) [PSYoungGen: 142864K->69715K(175104K)] 524115K->483745K(699392K), 0.0074476 secs] [Times: user=0.10 sys=0.01, real=0.00 secs] 
2016-09-24T04:20:37.745-0400: 18.393: [GC (GCLocker Initiated GC) [PSYoungGen: 157779K->61600K(175104K)] 585420K->511186K(699392K), 0.0069746 secs] [Times: user=0.08 sys=0.01, real=0.00 secs] 
2016-09-24T04:20:37.782-0400: 18.430: [GC (GCLocker Initiated GC) [PSYoungGen: 149664K->65618K(175104K)] 599404K->537288K(699392K), 0.0104664 secs] [Times: user=0.12 sys=0.00, real=0.00 secs] 
2016-09-24T04:20:37.837-0400: 18.485: [GC (GCLocker Initiated GC) [PSYoungGen: 153682K->65632K(175104K)] 628299K->570281K(699392K), 0.0074046 secs] [Times: user=0.10 sys=0.01, real=0.01 secs] 
2016-09-24T04:20:37.845-0400: 18.493: [Full GC (Ergonomics) [PSYoungGen: 65632K->0K(175104K)] [ParOldGen: 504648K->137078K(524288K)] 570281K->137078K(699392K), [Metaspace: 43392K->43392K(1085440K)], 0.1952674 secs] [Times: user=2.61 sys=0.24, real=0.19 secs] 
2016-09-24T04:20:38.094-0400: 18.742: [GC (GCLocker Initiated GC) [PSYoungGen: 88064K->57407K(173056K)] 225236K->194580K(697344K), 0.0134714 secs] [Times: user=0.15 sys=0.01, real=0.02 secs] 
2016-09-24T04:20:38.143-0400: 18.791: [GC (GCLocker Initiated GC) [PSYoungGen: 145471K->52231K(174080K)] 285416K->223637K(698368K), 0.0161203 secs] [Times: user=0.15 sys=0.03, real=0.01 secs] 
2016-09-24T04:20:38.200-0400: 18.848: [GC (GCLocker Initiated GC) [PSYoungGen: 140295K->50846K(174592K)] 323926K->267375K(698880K), 0.0064126 secs] [Times: user=0.08 sys=0.01, real=0.01 secs] 
2016-09-24T04:20:38.247-0400: 18.895: [GC (GCLocker Initiated GC) [PSYoungGen: 141470K->84597K(175616K)] 362184K->329960K(699904K), 0.0096870 secs] [Times: user=0.15 sys=0.01, real=0.01 secs] 
2016-09-24T04:20:38.298-0400: 18.946: [GC (GCLocker Initiated GC) [PSYoungGen: 175221K->65600K(174592K)] 423445K->337154K(698880K), 0.0109377 secs] [Times: user=0.14 sys=0.01, real=0.01 secs] 
2016-09-24T04:20:38.365-0400: 19.013: [GC (GCLocker Initiated GC) [PSYoungGen: 153664K->52103K(175104K)] 426702K->345706K(699392K), 0.0108026 secs] [Times: user=0.11 sys=0.01, real=0.01 secs] 
2016-09-24T04:20:38.430-0400: 19.078: [GC (GCLocker Initiated GC) [PSYoungGen: 140167K->57648K(175104K)] 448822K->374740K(699392K), 0.0175842 secs] [Times: user=0.19 sys=0.02, real=0.02 secs] 
2016-09-24T04:20:38.479-0400: 19.127: [GC (GCLocker Initiated GC) [PSYoungGen: 145712K->39743K(175104K)] 465630K->397907K(699392K), 0.0069482 secs] [Times: user=0.07 sys=0.00, real=0.01 secs] 
2016-09-24T04:20:38.513-0400: 19.161: [GC (GCLocker Initiated GC) [PSYoungGen: 127807K->59042K(172032K)] 487488K->456840K(696320K), 0.0066817 secs] [Times: user=0.11 sys=0.00, real=0.01 secs] 
2016-09-24T04:20:38.547-0400: 19.195: [GC (GCLocker Initiated GC) [PSYoungGen: 147106K->68332K(173568K)] 553229K->509965K(697856K), 0.0084137 secs] [Times: user=0.10 sys=0.01, real=0.01 secs] 
2016-09-24T04:20:38.594-0400: 19.242: [GC (GCLocker Initiated GC) [PSYoungGen: 156396K->56182K(173568K)] 607689K->533526K(697856K), 0.0063713 secs] [Times: user=0.09 sys=0.00, real=0.01 secs] 
2016-09-24T04:20:38.600-0400: 19.248: [Full GC (Ergonomics) [PSYoungGen: 56182K->0K(173568K)] [ParOldGen: 477343K->136202K(524288K)] 533526K->136202K(697856K), [Metaspace: 43392K->43392K(1085440K)], 0.0469985 secs] [Times: user=0.40 sys=0.02, real=0.05 secs] 
2016-09-24T04:20:38.678-0400: 19.326: [GC (GCLocker Initiated GC) [PSYoungGen: 90112K->81835K(174592K)] 231930K->226354K(698880K), 0.0107455 secs] [Times: user=0.14 sys=0.01, real=0.01 secs] 
2016-09-24T04:20:38.722-0400: 19.371: [GC (GCLocker Initiated GC) [PSYoungGen: 171947K->62871K(175104K)] 316733K->232392K(699392K), 0.0075860 secs] [Times: user=0.08 sys=0.00, real=0.00 secs] 
2016-09-24T04:20:38.769-0400: 19.417: [GC (GCLocker Initiated GC) [PSYoungGen: 150935K->49464K(175104K)] 324701K->245171K(699392K), 0.0067854 secs] [Times: user=0.07 sys=0.00, real=0.01 secs] 
2016-09-24T04:20:38.809-0400: 19.457: [GC (GCLocker Initiated GC) [PSYoungGen: 137528K->71018K(175104K)] 333463K->296981K(699392K), 0.0104403 secs] [Times: user=0.09 sys=0.02, real=0.01 secs] 
2016-09-24T04:20:38.855-0400: 19.503: [GC (GCLocker Initiated GC) [PSYoungGen: 159082K->60264K(148480K)] 394670K->328614K(672768K), 0.0068591 secs] [Times: user=0.09 sys=0.00, real=0.01 secs] 
2016-09-24T04:20:38.900-0400: 19.548: [GC (GCLocker Initiated GC) [PSYoungGen: 148328K->53325K(175104K)] 424810K->346328K(699392K), 0.0145411 secs] [Times: user=0.12 sys=0.00, real=0.02 secs] 
2016-09-24T04:20:38.957-0400: 19.605: [GC (GCLocker Initiated GC) [PSYoungGen: 142413K->53279K(174080K)] 435455K->366944K(698368K), 0.0078483 secs] [Times: user=0.07 sys=0.00, real=0.01 secs] 
2016-09-24T04:20:38.999-0400: 19.647: [GC (GCLocker Initiated GC) [PSYoungGen: 142367K->50672K(175616K)] 456138K->389052K(699904K), 0.0075988 secs] [Times: user=0.07 sys=0.00, real=0.01 secs] 
2016-09-24T04:20:39.041-0400: 19.689: [GC (GCLocker Initiated GC) [PSYoungGen: 142320K->81772K(175104K)] 488974K->450332K(699392K), 0.0114190 secs] [Times: user=0.09 sys=0.00, real=0.01 secs] 
2016-09-24T04:20:39.092-0400: 19.740: [GC (GCLocker Initiated GC) [PSYoungGen: 173420K->46718K(175104K)] 542116K->453609K(699392K), 0.0070031 secs] [Times: user=0.08 sys=0.01, real=0.01 secs] 
2016-09-24T04:20:39.137-0400: 19.785: [GC (Allocation Failure) [PSYoungGen: 134782K->58960K(147456K)] 541773K->485182K(671744K), 0.0070635 secs] [Times: user=0.10 sys=0.00, real=0.01 secs] 
2016-09-24T04:20:39.182-0400: 19.830: [GC (GCLocker Initiated GC) [PSYoungGen: 147024K->42461K(174592K)] 573270K->481189K(698880K), 0.0076466 secs] [Times: user=0.06 sys=0.01, real=0.01 secs] 
2016-09-24T04:20:39.217-0400: 19.865: [GC (GCLocker Initiated GC) [PSYoungGen: 130525K->49179K(174592K)] 578183K->505207K(698880K), 0.0095108 secs] [Times: user=0.08 sys=0.00, real=0.01 secs] 
2016-09-24T04:20:39.267-0400: 19.915: [GC (GCLocker Initiated GC) [PSYoungGen: 137243K->57454K(170496K)] 608292K->543647K(694784K), 0.0072635 secs] [Times: user=0.09 sys=0.01, real=0.01 secs] 
2016-09-24T04:20:39.274-0400: 19.923: [Full GC (Ergonomics) [PSYoungGen: 57454K->0K(170496K)] [ParOldGen: 486193K->139743K(524288K)] 543647K->139743K(694784K), [Metaspace: 43397K->43397K(1085440K)], 0.0694146 secs] [Times: user=0.46 sys=0.03, real=0.07 secs] 
2016-09-24T04:20:39.392-0400: 20.040: [GC (GCLocker Initiated GC) [PSYoungGen: 90112K->57373K(172544K)] 235437K->202698K(696832K), 0.0078344 secs] [Times: user=0.04 sys=0.00, real=0.01 secs] 
2016-09-24T04:20:39.427-0400: 20.075: [GC (GCLocker Initiated GC) [PSYoungGen: 147485K->52039K(176640K)] 293014K->214120K(700928K), 0.0109449 secs] [Times: user=0.07 sys=0.00, real=0.01 secs] 
2016-09-24T04:20:39.495-0400: 20.143: [GC (GCLocker Initiated GC) [PSYoungGen: 151367K->61475K(178176K)] 315119K->244430K(702464K), 0.0086867 secs] [Times: user=0.10 sys=0.01, real=0.01 secs] 
2016-09-24T04:20:39.543-0400: 20.191: [GC (GCLocker Initiated GC) [PSYoungGen: 160803K->54736K(179712K)] 347283K->245552K(704000K), 0.0058894 secs] [Times: user=0.08 sys=0.00, real=0.00 secs] 
2016-09-24T04:20:39.579-0400: 20.228: [GC (GCLocker Initiated GC) [PSYoungGen: 159696K->75071K(180224K)] 350783K->293432K(704512K), 0.0078044 secs] [Times: user=0.10 sys=0.01, real=0.01 secs] 
2016-09-24T04:20:39.640-0400: 20.288: [GC (GCLocker Initiated GC) [PSYoungGen: 180031K->61617K(181760K)] 406539K->314088K(706048K), 0.0105166 secs] [Times: user=0.12 sys=0.01, real=0.01 secs] 
2016-09-24T04:20:39.759-0400: 20.407: [GC (GCLocker Initiated GC) [PSYoungGen: 161969K->37337K(137728K)] 452501K->333527K(662016K), 0.0062583 secs] [Times: user=0.07 sys=0.01, real=0.01 secs] 
2016-09-24T04:20:39.925-0400: 20.574: [GC (GCLocker Initiated GC) [PSYoungGen: 137689K->32859K(177152K)] 433894K->330762K(701440K), 0.0102477 secs] [Times: user=0.09 sys=0.02, real=0.01 secs] 
2016-09-24T04:20:40.019-0400: 20.667: [GC (GCLocker Initiated GC) [PSYoungGen: 128091K->83008K(178688K)] 428859K->407037K(702976K), 0.0101572 secs] [Times: user=0.15 sys=0.01, real=0.01 secs] 
2016-09-24T04:20:40.156-0400: 20.804: [GC (GCLocker Initiated GC) [PSYoungGen: 178240K->31469K(171520K)] 515860K->408433K(695808K), 0.0313317 secs] [Times: user=0.48 sys=0.01, real=0.03 secs] 
2016-09-24T04:20:40.241-0400: 20.889: [GC (GCLocker Initiated GC) [PSYoungGen: 119533K->41143K(175104K)] 502201K->438915K(699392K), 0.0186341 secs] [Times: user=0.30 sys=0.01, real=0.02 secs] 
2016-09-24T04:20:40.323-0400: 20.971: [GC (GCLocker Initiated GC) [PSYoungGen: 129207K->53279K(175104K)] 527136K->466437K(699392K), 0.0137476 secs] [Times: user=0.13 sys=0.01, real=0.01 secs] 
2016-09-24T04:20:40.382-0400: 21.030: [GC (GCLocker Initiated GC) [PSYoungGen: 141343K->45324K(133632K)] 560085K->483233K(657920K), 0.0114065 secs] [Times: user=0.12 sys=0.02, real=0.01 secs] 
2016-09-24T04:20:40.459-0400: 21.107: [GC (GCLocker Initiated GC) [PSYoungGen: 133388K->54644K(175616K)] 582215K->514774K(699904K), 0.0849989 secs] [Times: user=0.44 sys=0.08, real=0.09 secs] 
2016-09-24T04:20:40.596-0400: 21.244: [GC (GCLocker Initiated GC) [PSYoungGen: 145268K->39878K(173056K)] 609562K->508529K(697344K), 0.0194505 secs] [Times: user=0.18 sys=0.02, real=0.02 secs] 
2016-09-24T04:20:40.702-0400: 21.350: [GC (GCLocker Initiated GC) [PSYoungGen: 130502K->46483K(177664K)] 602103K->546827K(701952K), 0.0902113 secs] [Times: user=0.45 sys=0.10, real=0.09 secs] 
2016-09-24T04:20:40.792-0400: 21.440: [Full GC (Ergonomics) [PSYoungGen: 46483K->0K(177664K)] [ParOldGen: 500343K->146558K(524288K)] 546827K->146558K(701952K), [Metaspace: 43397K->43397K(1085440K)], 0.1337671 secs] [Times: user=1.22 sys=0.13, real=0.14 secs] 
2016-09-24T04:20:40.983-0400: 21.631: [GC (GCLocker Initiated GC) [PSYoungGen: 96768K->71265K(176640K)] 248856K->223353K(700928K), 0.0858278 secs] [Times: user=0.52 sys=0.09, real=0.08 secs] 
2016-09-24T04:20:41.180-0400: 21.828: [GC (GCLocker Initiated GC) [PSYoungGen: 168033K->45412K(179712K)] 334829K->228947K(704000K), 0.0062647 secs] [Times: user=0.08 sys=0.01, real=0.01 secs] 
2016-09-24T04:20:41.280-0400: 21.928: [GC (GCLocker Initiated GC) [PSYoungGen: 140644K->75218K(170496K)] 332053K->272472K(694784K), 0.0110175 secs] [Times: user=0.16 sys=0.01, real=0.01 secs] 
2016-09-24T04:20:41.468-0400: 22.116: [GC (GCLocker Initiated GC) [PSYoungGen: 170450K->80447K(175104K)] 378601K->322830K(699392K), 0.0239311 secs] [Times: user=0.38 sys=0.04, real=0.02 secs] 
2016-09-24T04:20:41.602-0400: 22.250: [GC (GCLocker Initiated GC) [PSYoungGen: 168511K->54870K(175104K)] 410927K->335424K(699392K), 0.0095243 secs] [Times: user=0.11 sys=0.01, real=0.01 secs] 
2016-09-24T04:20:41.655-0400: 22.303: [GC (GCLocker Initiated GC) [PSYoungGen: 142934K->56081K(175104K)] 426303K->354787K(699392K), 0.0085861 secs] [Times: user=0.09 sys=0.01, real=0.01 secs] 
2016-09-24T04:20:41.692-0400: 22.340: [GC (GCLocker Initiated GC) [PSYoungGen: 144145K->63007K(175104K)] 448385K->402780K(699392K), 0.0184260 secs] [Times: user=0.27 sys=0.00, real=0.02 secs] 
2016-09-24T04:20:41.759-0400: 22.407: [GC (Allocation Failure) [PSYoungGen: 151071K->27773K(175104K)] 501736K->401860K(699392K), 0.0126563 secs] [Times: user=0.17 sys=0.01, real=0.01 secs] 
2016-09-24T04:20:41.843-0400: 22.491: [GC (GCLocker Initiated GC) [PSYoungGen: 115292K->50806K(139264K)] 509629K->449649K(663552K), 0.0215868 secs] [Times: user=0.31 sys=0.03, real=0.02 secs] 
2016-09-24T04:20:41.932-0400: 22.581: [GC (GCLocker Initiated GC) [PSYoungGen: 138870K->45330K(176640K)] 543303K->455680K(700928K), 0.0772738 secs] [Times: user=0.39 sys=0.20, real=0.08 secs] 
2016-09-24T04:20:42.062-0400: 22.710: [GC (GCLocker Initiated GC) [PSYoungGen: 135442K->52145K(142336K)] 548577K->483243K(666624K), 0.0310225 secs] [Times: user=0.11 sys=0.05, real=0.02 secs] 
2016-09-24T04:20:42.160-0400: 22.808: [GC (GCLocker Initiated GC) [PSYoungGen: 142257K->64453K(172032K)] 593724K->527102K(696320K), 0.0129718 secs] [Times: user=0.15 sys=0.05, real=0.01 secs] 
2016-09-24T04:20:42.241-0400: 22.889: [GC (GCLocker Initiated GC) [PSYoungGen: 154565K->30524K(173056K)] 626731K->508589K(697344K), 0.0231561 secs] [Times: user=0.23 sys=0.08, real=0.03 secs] 
2016-09-24T04:20:42.309-0400: 22.958: [Full GC (Ergonomics) [PSYoungGen: 120636K->0K(173056K)] [ParOldGen: 483593K->158651K(524288K)] 604230K->158651K(697344K), [Metaspace: 43397K->43397K(1085440K)], 0.1193410 secs] [Times: user=1.43 sys=0.39, real=0.12 secs] 
2016-09-24T04:20:42.519-0400: 23.167: [GC (GCLocker Initiated GC) [PSYoungGen: 90112K->46941K(176128K)] 248900K->205730K(700416K), 0.0437681 secs] [Times: user=0.68 sys=0.10, real=0.05 secs] 
2016-09-24T04:20:42.638-0400: 23.286: [GC (GCLocker Initiated GC) [PSYoungGen: 142173K->51070K(177152K)] 301099K->232405K(701440K), 0.0171083 secs] [Times: user=0.26 sys=0.02, real=0.02 secs] 
2016-09-24T04:20:42.710-0400: 23.358: [GC (Allocation Failure) [PSYoungGen: 146302K->70217K(174080K)] 331722K->265751K(698368K), 0.0125562 secs] [Times: user=0.14 sys=0.04, real=0.02 secs] 
2016-09-24T04:20:42.783-0400: 23.431: [GC (Allocation Failure) [PSYoungGen: 165449K->45457K(178176K)] 360983K->263320K(702464K), 0.0069550 secs] [Times: user=0.08 sys=0.00, real=0.00 secs] 
2016-09-24T04:20:42.822-0400: 23.470: [GC (GCLocker Initiated GC) [PSYoungGen: 140689K->80644K(169472K)] 358572K->313880K(693760K), 0.0106850 secs] [Times: user=0.14 sys=0.00, real=0.01 secs] 
2016-09-24T04:20:42.877-0400: 23.525: [GC (GCLocker Initiated GC) [PSYoungGen: 168708K->44229K(175104K)] 407524K->316004K(699392K), 0.0098118 secs] [Times: user=0.13 sys=0.00, real=0.01 secs] 
2016-09-24T04:20:42.913-0400: 23.561: [GC (GCLocker Initiated GC) [PSYoungGen: 132293K->73938K(175104K)] 404340K->369552K(699392K), 0.0080467 secs] [Times: user=0.11 sys=0.00, real=0.01 secs] 
2016-09-24T04:20:42.955-0400: 23.603: [GC (GCLocker Initiated GC) [PSYoungGen: 162002K->63280K(175104K)] 463182K->406900K(699392K), 0.0079574 secs] [Times: user=0.10 sys=0.01, real=0.01 secs] 
2016-09-24T04:20:43.006-0400: 23.654: [GC (GCLocker Initiated GC) [PSYoungGen: 151344K->33670K(175104K)] 507158K->413158K(699392K), 0.0065985 secs] [Times: user=0.06 sys=0.00, real=0.00 secs] 
2016-09-24T04:20:43.043-0400: 23.691: [GC (GCLocker Initiated GC) [PSYoungGen: 121734K->67200K(175104K)] 501461K->463800K(699392K), 0.0074177 secs] [Times: user=0.09 sys=0.00, real=0.00 secs] 
2016-09-24T04:20:43.086-0400: 23.734: [GC (GCLocker Initiated GC) [PSYoungGen: 155264K->60550K(175104K)] 554671K->486109K(699392K), 0.0087500 secs] [Times: user=0.09 sys=0.00, real=0.01 secs] 
2016-09-24T04:20:43.126-0400: 23.775: [GC (GCLocker Initiated GC) [PSYoungGen: 148614K->48132K(175104K)] 579754K->498842K(699392K), 0.0162764 secs] [Times: user=0.22 sys=0.00, real=0.02 secs] 
2016-09-24T04:20:43.178-0400: 23.826: [GC (GCLocker Initiated GC) [PSYoungGen: 136196K->63144K(175104K)] 586968K->559088K(699392K), 0.0102561 secs] [Times: user=0.16 sys=0.00, real=0.01 secs] 
2016-09-24T04:20:43.189-0400: 23.837: [Full GC (Ergonomics) [PSYoungGen: 63144K->0K(175104K)] [ParOldGen: 495944K->152512K(524288K)] 559088K->152512K(699392K), [Metaspace: 43413K->43413K(1085440K)], 0.0563919 secs] [Times: user=0.36 sys=0.07, real=0.06 secs] 
2016-09-24T04:20:43.280-0400: 23.928: [GC (GCLocker Initiated GC) [PSYoungGen: 88064K->65036K(175104K)] 254287K->231259K(699392K), 0.0077838 secs] [Times: user=0.05 sys=0.01, real=0.01 secs] 
2016-09-24T04:20:43.328-0400: 23.976: [GC (GCLocker Initiated GC) [PSYoungGen: 153100K->35961K(175104K)] 330193K->249400K(699392K), 0.0102880 secs] [Times: user=0.14 sys=0.01, real=0.01 secs] 
2016-09-24T04:20:43.366-0400: 24.014: [GC (GCLocker Initiated GC) [PSYoungGen: 124025K->86271K(175104K)] 339053K->324687K(699392K), 0.0090092 secs] [Times: user=0.10 sys=0.01, real=0.01 secs] 
2016-09-24T04:20:43.413-0400: 24.061: [GC (GCLocker Initiated GC) [PSYoungGen: 174335K->48417K(175104K)] 423614K->317289K(699392K), 0.0077404 secs] [Times: user=0.08 sys=0.01, real=0.01 secs] 
2016-09-24T04:20:43.454-0400: 24.102: [GC (GCLocker Initiated GC) [PSYoungGen: 136481K->53687K(175104K)] 413483K->351614K(699392K), 0.0082944 secs] [Times: user=0.08 sys=0.01, real=0.01 secs] 
2016-09-24T04:20:43.502-0400: 24.150: [GC (GCLocker Initiated GC) [PSYoungGen: 141751K->49745K(175104K)] 445272K->387741K(699392K), 0.0076606 secs] [Times: user=0.08 sys=0.01, real=0.01 secs] 
2016-09-24T04:20:43.544-0400: 24.192: [GC (GCLocker Initiated GC) [PSYoungGen: 137809K->67260K(175104K)] 475911K->427659K(699392K), 0.0073531 secs] [Times: user=0.08 sys=0.00, real=0.00 secs] 
2016-09-24T04:20:43.581-0400: 24.229: [GC (GCLocker Initiated GC) [PSYoungGen: 155324K->65961K(175104K)] 519878K->445935K(699392K), 0.0102550 secs] [Times: user=0.09 sys=0.01, real=0.01 secs] 
2016-09-24T04:20:43.631-0400: 24.279: [GC (GCLocker Initiated GC) [PSYoungGen: 154025K->45407K(175104K)] 540825K->453206K(699392K), 0.0083963 secs] [Times: user=0.07 sys=0.00, real=0.01 secs] 
2016-09-24T04:20:43.672-0400: 24.320: [GC (GCLocker Initiated GC) [PSYoungGen: 133471K->52310K(174080K)] 545570K->485221K(698368K), 0.0077720 secs] [Times: user=0.07 sys=0.01, real=0.01 secs] 
2016-09-24T04:20:43.720-0400: 24.368: [GC (GCLocker Initiated GC) [PSYoungGen: 140374K->70021K(174592K)] 573313K->521236K(698880K), 0.0074858 secs] [Times: user=0.09 sys=0.01, real=0.01 secs] 
2016-09-24T04:20:43.763-0400: 24.411: [GC (GCLocker Initiated GC) [PSYoungGen: 158085K->74072K(175104K)] 613090K->540588K(699392K), 0.0070473 secs] [Times: user=0.08 sys=0.00, real=0.00 secs] 
2016-09-24T04:20:43.811-0400: 24.459: [GC (GCLocker Initiated GC) [PSYoungGen: 162136K->45513K(175104K)] 631588K->552120K(699392K), 0.0122779 secs] [Times: user=0.09 sys=0.01, real=0.02 secs] 
2016-09-24T04:20:43.823-0400: 24.471: [Full GC (Ergonomics) [PSYoungGen: 45513K->0K(175104K)] [ParOldGen: 506606K->149558K(524288K)] 552120K->149558K(699392K), [Metaspace: 43424K->43424K(1085440K)], 0.0473907 secs] [Times: user=0.38 sys=0.06, real=0.04 secs] 
2016-09-24T04:20:43.897-0400: 24.545: [GC (GCLocker Initiated GC) [PSYoungGen: 88064K->85063K(175104K)] 243151K->242851K(699392K), 0.0067691 secs] [Times: user=0.10 sys=0.01, real=0.01 secs] 
2016-09-24T04:20:43.945-0400: 24.593: [GC (GCLocker Initiated GC) [PSYoungGen: 173127K->28050K(175104K)] 339179K->240885K(699392K), 0.0086559 secs] [Times: user=0.09 sys=0.00, real=0.01 secs] 
2016-09-24T04:20:44.001-0400: 24.650: [GC (GCLocker Initiated GC) [PSYoungGen: 116114K->60419K(175104K)] 334596K->295727K(699392K), 0.0063805 secs] [Times: user=0.08 sys=0.00, real=0.01 secs] 
2016-09-24T04:20:44.044-0400: 24.692: [GC (GCLocker Initiated GC) [PSYoungGen: 148483K->61889K(175104K)] 389341K->322211K(699392K), 0.0064080 secs] [Times: user=0.08 sys=0.01, real=0.00 secs] 
2016-09-24T04:20:44.082-0400: 24.730: [GC (GCLocker Initiated GC) [PSYoungGen: 149953K->67100K(175104K)] 410346K->345678K(699392K), 0.0077051 secs] [Times: user=0.08 sys=0.00, real=0.01 secs] 
2016-09-24T04:20:44.135-0400: 24.783: [GC (GCLocker Initiated GC) [PSYoungGen: 155164K->41546K(175104K)] 440668K->354645K(699392K), 0.0081837 secs] [Times: user=0.08 sys=0.00, real=0.01 secs] 
2016-09-24T04:20:44.182-0400: 24.830: [GC (GCLocker Initiated GC) [PSYoungGen: 129610K->57752K(175104K)] 445718K->396166K(699392K), 0.0098870 secs] [Times: user=0.10 sys=0.01, real=0.00 secs] 
2016-09-24T04:20:44.238-0400: 24.886: [GC (GCLocker Initiated GC) [PSYoungGen: 145816K->54960K(175104K)] 493895K->419868K(699392K), 0.0097427 secs] [Times: user=0.11 sys=0.02, real=0.01 secs] 
2016-09-24T04:20:44.281-0400: 24.929: [GC (GCLocker Initiated GC) [PSYoungGen: 143024K->72765K(175104K)] 513513K->473592K(699392K), 0.0074611 secs] [Times: user=0.10 sys=0.00, real=0.01 secs] 
2016-09-24T04:20:44.330-0400: 24.978: [GC (GCLocker Initiated GC) [PSYoungGen: 160829K->63335K(175104K)] 571368K->513736K(699392K), 0.0084233 secs] [Times: user=0.13 sys=0.00, real=0.01 secs] 
2016-09-24T04:20:44.592-0400: 25.240: [Full GC (Ergonomics) [PSYoungGen: 151399K->0K(175104K)] [ParOldGen: 485757K->151298K(524288K)] 637157K->151298K(699392K), [Metaspace: 43429K->43429K(1085440K)], 0.0514693 secs] [Times: user=0.42 sys=0.04, real=0.06 secs] 
2016-09-24T04:20:44.704-0400: 25.352: [GC (GCLocker Initiated GC) [PSYoungGen: 88064K->82344K(175104K)] 243597K->237878K(699392K), 0.0101217 secs] [Times: user=0.14 sys=0.01, real=0.00 secs] 
2016-09-24T04:20:44.743-0400: 25.391: [GC (GCLocker Initiated GC) [PSYoungGen: 170408K->72466K(175104K)] 326175K->276420K(699392K), 0.0088469 secs] [Times: user=0.13 sys=0.00, real=0.00 secs] 
2016-09-24T04:20:44.795-0400: 25.443: [GC (GCLocker Initiated GC) [PSYoungGen: 160530K->49890K(175104K)] 372742K->292291K(699392K), 0.0075642 secs] [Times: user=0.07 sys=0.02, real=0.01 secs] 
2016-09-24T04:20:44.839-0400: 25.487: [GC (GCLocker Initiated GC) [PSYoungGen: 137954K->68823K(175104K)] 392212K->341409K(699392K), 0.0077123 secs] [Times: user=0.10 sys=0.01, real=0.01 secs] 
2016-09-24T04:20:44.885-0400: 25.533: [GC (GCLocker Initiated GC) [PSYoungGen: 156887K->52313K(175104K)] 429776K->354276K(699392K), 0.0070378 secs] [Times: user=0.07 sys=0.01, real=0.00 secs] 
2016-09-24T04:20:44.928-0400: 25.576: [GC (GCLocker Initiated GC) [PSYoungGen: 140377K->48419K(175104K)] 447925K->401110K(699392K), 0.0069194 secs] [Times: user=0.14 sys=0.02, real=0.01 secs] 
2016-09-24T04:20:44.966-0400: 25.614: [GC (GCLocker Initiated GC) [PSYoungGen: 136483K->76800K(175104K)] 490632K->464059K(699392K), 0.0089912 secs] [Times: user=0.12 sys=0.01, real=0.01 secs] 
2016-09-24T04:20:45.015-0400: 25.663: [GC (GCLocker Initiated GC) [PSYoungGen: 164864K->65942K(175104K)] 554939K->487871K(699392K), 0.0077283 secs] [Times: user=0.11 sys=0.01, real=0.01 secs] 
2016-09-24T04:20:45.057-0400: 25.705: [GC (GCLocker Initiated GC) [PSYoungGen: 154006K->57872K(175104K)] 581474K->507602K(699392K), 0.0087115 secs] [Times: user=0.11 sys=0.01, real=0.01 secs] 
2016-09-24T04:20:45.107-0400: 25.755: [GC (GCLocker Initiated GC) [PSYoungGen: 145936K->54015K(175104K)] 605288K->560055K(699392K), 0.0085661 secs] [Times: user=0.10 sys=0.01, real=0.01 secs] 
2016-09-24T04:20:45.116-0400: 25.764: [Full GC (Ergonomics) [PSYoungGen: 54015K->0K(175104K)] [ParOldGen: 506040K->166401K(524288K)] 560055K->166401K(699392K), [Metaspace: 43434K->43434K(1085440K)], 0.0590265 secs] [Times: user=0.48 sys=0.06, real=0.06 secs] 
2016-09-24T04:20:45.214-0400: 25.862: [GC (GCLocker Initiated GC) [PSYoungGen: 88064K->86286K(175104K)] 257851K->258774K(699392K), 0.0067053 secs] [Times: user=0.10 sys=0.01, real=0.01 secs] 
2016-09-24T04:20:45.255-0400: 25.903: [GC (GCLocker Initiated GC) [PSYoungGen: 174350K->60653K(175104K)] 352360K->275942K(699392K), 0.0069187 secs] [Times: user=0.11 sys=0.00, real=0.00 secs] 
2016-09-24T04:20:45.299-0400: 25.947: [GC (GCLocker Initiated GC) [PSYoungGen: 148717K->63409K(175104K)] 366832K->306629K(699392K), 0.0070798 secs] [Times: user=0.08 sys=0.01, real=0.01 secs] 
2016-09-24T04:20:45.345-0400: 25.993: [GC (GCLocker Initiated GC) [PSYoungGen: 151473K->54098K(175104K)] 400180K->349511K(699392K), 0.0072429 secs] [Times: user=0.10 sys=0.01, real=0.00 secs] 
2016-09-24T04:20:45.395-0400: 26.043: [GC (GCLocker Initiated GC) [PSYoungGen: 142162K->66026K(175104K)] 444411K->390843K(699392K), 0.0077561 secs] [Times: user=0.08 sys=0.02, real=0.01 secs] 
2016-09-24T04:20:45.429-0400: 26.077: [GC (GCLocker Initiated GC) [PSYoungGen: 154090K->85224K(175104K)] 481741K->446077K(699392K), 0.0153653 secs] [Times: user=0.21 sys=0.01, real=0.02 secs] 
2016-09-24T04:20:45.482-0400: 26.130: [GC (GCLocker Initiated GC) [PSYoungGen: 173288K->56543K(175104K)] 534727K->467583K(699392K), 0.0097223 secs] [Times: user=0.13 sys=0.01, real=0.01 secs] 
2016-09-24T04:20:45.520-0400: 26.168: [GC (GCLocker Initiated GC) [PSYoungGen: 144607K->76982K(175104K)] 562600K->522704K(699392K), 0.0160172 secs] [Times: user=0.21 sys=0.01, real=0.02 secs] 
2016-09-24T04:20:45.579-0400: 26.227: [GC (GCLocker Initiated GC) [PSYoungGen: 165046K->34724K(175104K)] 613611K->520597K(699392K), 0.0079907 secs] [Times: user=0.05 sys=0.01, real=0.01 secs] 
2016-09-24T04:20:45.587-0400: 26.235: [Full GC (Ergonomics) [PSYoungGen: 34724K->0K(175104K)] [ParOldGen: 485873K->159483K(524288K)] 520597K->159483K(699392K), [Metaspace: 43435K->43435K(1085440K)], 0.0560886 secs] [Times: user=0.50 sys=0.06, real=0.06 secs] 
2016-09-24T04:20:45.679-0400: 26.327: [GC (GCLocker Initiated GC) [PSYoungGen: 88064K->85838K(175104K)] 251695K->254869K(699392K), 0.0106911 secs] [Times: user=0.16 sys=0.01, real=0.01 secs] 
2016-09-24T04:20:45.731-0400: 26.379: [GC (Allocation Failure) [PSYoungGen: 173902K->55445K(175104K)] 348495K->272165K(699392K), 0.0076267 secs] [Times: user=0.09 sys=0.00, real=0.01 secs] 
2016-09-24T04:20:45.762-0400: 26.410: [GC (GCLocker Initiated GC) [PSYoungGen: 143509K->75765K(175104K)] 360248K->327295K(699392K), 0.0081176 secs] [Times: user=0.11 sys=0.01, real=0.01 secs] 
2016-09-24T04:20:45.814-0400: 26.462: [GC (GCLocker Initiated GC) [PSYoungGen: 163829K->45614K(175104K)] 418180K->330657K(699392K), 0.0076433 secs] [Times: user=0.09 sys=0.01, real=0.01 secs] 
2016-09-24T04:20:45.853-0400: 26.501: [GC (GCLocker Initiated GC) [PSYoungGen: 133678K->66518K(175104K)] 418933K->394351K(699392K), 0.0075374 secs] [Times: user=0.11 sys=0.01, real=0.01 secs] 
2016-09-24T04:20:45.899-0400: 26.547: [GC (GCLocker Initiated GC) [PSYoungGen: 154582K->75870K(175104K)] 502834K->440190K(699392K), 0.0069040 secs] [Times: user=0.10 sys=0.01, real=0.01 secs] 
2016-09-24T04:20:45.943-0400: 26.591: [GC (GCLocker Initiated GC) [PSYoungGen: 163934K->53871K(175104K)] 531012K->459945K(699392K), 0.0069030 secs] [Times: user=0.09 sys=0.01, real=0.00 secs] 
2016-09-24T04:20:45.983-0400: 26.631: [GC (GCLocker Initiated GC) [PSYoungGen: 141935K->71620K(175104K)] 550896K->511075K(699392K), 0.0071191 secs] [Times: user=0.11 sys=0.01, real=0.00 secs] 
2016-09-24T04:20:46.024-0400: 26.672: [GC (GCLocker Initiated GC) [PSYoungGen: 159684K->69152K(175104K)] 604732K->528608K(699392K), 0.0073740 secs] [Times: user=0.07 sys=0.01, real=0.00 secs] 
2016-09-24T04:20:46.069-0400: 26.717: [GC (GCLocker Initiated GC) [PSYoungGen: 157216K->58074K(175104K)] 622708K->553160K(699392K), 0.0073046 secs] [Times: user=0.11 sys=0.01, real=0.01 secs] 
2016-09-24T04:20:46.076-0400: 26.724: [Full GC (Ergonomics) [PSYoungGen: 58074K->0K(175104K)] [ParOldGen: 495086K->171167K(524288K)] 553160K->171167K(699392K), [Metaspace: 43445K->43445K(1085440K)], 0.0594876 secs] [Times: user=0.51 sys=0.06, real=0.06 secs] 
2016-09-24T04:20:46.174-0400: 26.822: [GC (GCLocker Initiated GC) [PSYoungGen: 88064K->85635K(175104K)] 262086K->270458K(699392K), 0.0072704 secs] [Times: user=0.10 sys=0.01, real=0.01 secs] 
2016-09-24T04:20:46.226-0400: 26.874: [GC (GCLocker Initiated GC) [PSYoungGen: 173699K->70181K(175104K)] 361361K->268720K(699392K), 0.0081041 secs] [Times: user=0.07 sys=0.00, real=0.01 secs] 
2016-09-24T04:20:46.264-0400: 26.912: [GC (GCLocker Initiated GC) [PSYoungGen: 158245K->62004K(175104K)] 363682K->289939K(699392K), 0.0159967 secs] [Times: user=0.19 sys=0.00, real=0.01 secs] 
2016-09-24T04:20:46.326-0400: 26.974: [GC (GCLocker Initiated GC) [PSYoungGen: 150068K->64715K(175104K)] 390399K->326190K(699392K), 0.0089498 secs] [Times: user=0.08 sys=0.01, real=0.01 secs] 
2016-09-24T04:20:46.380-0400: 27.028: [GC (GCLocker Initiated GC) [PSYoungGen: 152779K->60278K(175104K)] 414315K->347026K(699392K), 0.0062382 secs] [Times: user=0.09 sys=0.01, real=0.01 secs] 
2016-09-24T04:20:46.417-0400: 27.065: [GC (GCLocker Initiated GC) [PSYoungGen: 148342K->85216K(175104K)] 450134K->413104K(699392K), 0.0149779 secs] [Times: user=0.17 sys=0.01, real=0.01 secs] 
2016-09-24T04:20:46.486-0400: 27.134: [GC (GCLocker Initiated GC) [PSYoungGen: 173280K->59058K(175104K)] 510808K->416490K(699392K), 0.0063765 secs] [Times: user=0.06 sys=0.01, real=0.00 secs] 
2016-09-24T04:20:46.538-0400: 27.186: [GC (GCLocker Initiated GC) [PSYoungGen: 147122K->75419K(175104K)] 507477K->460703K(699392K), 0.0099683 secs] [Times: user=0.14 sys=0.01, real=0.01 secs] 
2016-09-24T04:20:46.595-0400: 27.243: [GC (GCLocker Initiated GC) [PSYoungGen: 163483K->64800K(175104K)] 563785K->490148K(699392K), 0.0097192 secs] [Times: user=0.11 sys=0.01, real=0.01 secs] 
2016-09-24T04:20:46.660-0400: 27.308: [GC (GCLocker Initiated GC) [PSYoungGen: 152864K->67548K(175104K)] 581082K->507396K(699392K), 0.0099730 secs] [Times: user=0.09 sys=0.01, real=0.01 secs] 
2016-09-24T04:20:46.715-0400: 27.363: [GC (GCLocker Initiated GC) [PSYoungGen: 155612K->68148K(175104K)] 596936K->534751K(699392K), 0.0094127 secs] [Times: user=0.12 sys=0.01, real=0.01 secs] 
2016-09-24T04:20:46.766-0400: 27.414: [GC (GCLocker Initiated GC) [PSYoungGen: 156212K->45649K(175104K)] 622958K->546282K(699392K), 0.0062305 secs] [Times: user=0.07 sys=0.01, real=0.00 secs] 
2016-09-24T04:20:46.773-0400: 27.421: [Full GC (Ergonomics) [PSYoungGen: 45649K->0K(175104K)] [ParOldGen: 500632K->170653K(524288K)] 546282K->170653K(699392K), [Metaspace: 43451K->43451K(1085440K)], 0.0585433 secs] [Times: user=0.53 sys=0.06, real=0.06 secs] 
2016-09-24T04:20:46.865-0400: 27.513: [GC (GCLocker Initiated GC) [PSYoungGen: 88064K->87025K(175104K)] 261892K->266261K(699392K), 0.0132139 secs] [Times: user=0.13 sys=0.02, real=0.01 secs] 
2016-09-24T04:20:46.934-0400: 27.582: [GC (GCLocker Initiated GC) [PSYoungGen: 175089K->62034K(175104K)] 354425K->265800K(699392K), 0.0148543 secs] [Times: user=0.17 sys=0.02, real=0.02 secs] 
2016-09-24T04:20:46.998-0400: 27.646: [GC (GCLocker Initiated GC) [PSYoungGen: 150098K->73028K(175104K)] 353942K->311404K(699392K), 0.0113027 secs] [Times: user=0.18 sys=0.02, real=0.01 secs] 
2016-09-24T04:20:47.074-0400: 27.722: [GC (GCLocker Initiated GC) [PSYoungGen: 161092K->59635K(175104K)] 402246K->334220K(699392K), 0.0065512 secs] [Times: user=0.09 sys=0.01, real=0.01 secs] 
2016-09-24T04:20:47.112-0400: 27.760: [GC (GCLocker Initiated GC) [PSYoungGen: 147699K->75852K(175104K)] 427884K->377468K(699392K), 0.0100958 secs] [Times: user=0.15 sys=0.00, real=0.02 secs] 
2016-09-24T04:20:47.164-0400: 27.812: [GC (GCLocker Initiated GC) [PSYoungGen: 163916K->49793K(175104K)] 465766K->405435K(699392K), 0.0072216 secs] [Times: user=0.10 sys=0.00, real=0.00 secs] 
2016-09-24T04:20:47.216-0400: 27.864: [GC (GCLocker Initiated GC) [PSYoungGen: 137857K->65390K(175104K)] 499041K->451635K(699392K), 0.0068112 secs] [Times: user=0.10 sys=0.00, real=0.01 secs] 
2016-09-24T04:20:47.257-0400: 27.905: [GC (GCLocker Initiated GC) [PSYoungGen: 153454K->66555K(175104K)] 544645K->488803K(699392K), 0.0072195 secs] [Times: user=0.11 sys=0.01, real=0.01 secs] 
2016-09-24T04:20:47.313-0400: 27.961: [GC (GCLocker Initiated GC) [PSYoungGen: 154619K->38007K(175104K)] 593357K->522622K(699392K), 0.0070179 secs] [Times: user=0.10 sys=0.00, real=0.01 secs] 
2016-09-24T04:20:47.320-0400: 27.968: [Full GC (Ergonomics) [PSYoungGen: 38007K->0K(175104K)] [ParOldGen: 484615K->184422K(524288K)] 522622K->184422K(699392K), [Metaspace: 43604K->43604K(1087488K)], 0.0468646 secs] [Times: user=0.40 sys=0.00, real=0.05 secs] 
2016-09-24T04:20:47.403-0400: 28.051: [GC (GCLocker Initiated GC) [PSYoungGen: 88064K->70629K(175104K)] 275379K->257945K(699392K), 0.0068108 secs] [Times: user=0.07 sys=0.00, real=0.00 secs] 
2016-09-24T04:20:47.440-0400: 28.088: [GC (GCLocker Initiated GC) [PSYoungGen: 158693K->69211K(175104K)] 346152K->299836K(699392K), 0.0083914 secs] [Times: user=0.12 sys=0.00, real=0.01 secs] 
2016-09-24T04:20:47.488-0400: 28.136: [GC (GCLocker Initiated GC) [PSYoungGen: 157275K->68021K(175104K)] 392151K->333824K(699392K), 0.0070874 secs] [Times: user=0.11 sys=0.00, real=0.01 secs] 
2016-09-24T04:20:47.529-0400: 28.177: [GC (GCLocker Initiated GC) [PSYoungGen: 156085K->65323K(175104K)] 430076K->358255K(699392K), 0.0066224 secs] [Times: user=0.10 sys=0.00, real=0.01 secs] 
2016-09-24T04:20:47.576-0400: 28.224: [GC (GCLocker Initiated GC) [PSYoungGen: 153387K->71848K(175104K)] 451841K->402729K(699392K), 0.0073020 secs] [Times: user=0.11 sys=0.00, real=0.01 secs] 
2016-09-24T04:20:47.623-0400: 28.271: [GC (GCLocker Initiated GC) [PSYoungGen: 159912K->61241K(149504K)] 497772K->425987K(673792K), 0.0065347 secs] [Times: user=0.10 sys=0.00, real=0.00 secs] 
2016-09-24T04:20:47.665-0400: 28.313: [GC (GCLocker Initiated GC) [PSYoungGen: 149305K->71850K(174592K)] 520193K->464377K(698880K), 0.0077600 secs] [Times: user=0.11 sys=0.01, real=0.00 secs] 
2016-09-24T04:20:47.712-0400: 28.360: [GC (GCLocker Initiated GC) [PSYoungGen: 159914K->79926K(174592K)] 552583K->492688K(698880K), 0.0075249 secs] [Times: user=0.10 sys=0.01, real=0.01 secs] 
2016-09-24T04:20:47.761-0400: 28.409: [GC (GCLocker Initiated GC) [PSYoungGen: 167990K->74767K(175104K)] 594366K->522506K(699392K), 0.0085777 secs] [Times: user=0.10 sys=0.01, real=0.01 secs] 
2016-09-24T04:20:47.807-0400: 28.455: [GC (GCLocker Initiated GC) [PSYoungGen: 162831K->66170K(175104K)] 613371K->539718K(699392K), 0.0073936 secs] [Times: user=0.12 sys=0.00, real=0.01 secs] 
2016-09-24T04:20:47.856-0400: 28.504: [GC (GCLocker Initiated GC) [PSYoungGen: 154234K->63534K(175104K)] 630591K->558391K(699392K), 0.0076020 secs] [Times: user=0.12 sys=0.00, real=0.01 secs] 
2016-09-24T04:20:47.864-0400: 28.512: [Full GC (Ergonomics) [PSYoungGen: 63534K->0K(175104K)] [ParOldGen: 494856K->192068K(524288K)] 558391K->192068K(699392K), [Metaspace: 43629K->43629K(1087488K)], 0.0484525 secs] [Times: user=0.42 sys=0.00, real=0.04 secs] 
2016-09-24T04:20:47.945-0400: 28.593: [GC (GCLocker Initiated GC) [PSYoungGen: 88064K->81781K(175104K)] 281290K->275007K(699392K), 0.0065007 secs] [Times: user=0.10 sys=0.00, real=0.00 secs] 
2016-09-24T04:20:47.993-0400: 28.641: [GC (GCLocker Initiated GC) [PSYoungGen: 169845K->74558K(175104K)] 365872K->300602K(699392K), 0.0076778 secs] [Times: user=0.13 sys=0.00, real=0.01 secs] 
2016-09-24T04:20:48.038-0400: 28.686: [GC (GCLocker Initiated GC) [PSYoungGen: 162622K->58422K(175104K)] 388792K->320946K(699392K), 0.0097777 secs] [Times: user=0.14 sys=0.01, real=0.01 secs] 
2016-09-24T04:20:48.082-0400: 28.730: [GC (GCLocker Initiated GC) [PSYoungGen: 146486K->76078K(175104K)] 417199K->369674K(699392K), 0.0080727 secs] [Times: user=0.10 sys=0.00, real=0.00 secs] 
2016-09-24T04:20:48.132-0400: 28.780: [GC (GCLocker Initiated GC) [PSYoungGen: 164142K->47392K(175104K)] 463194K->392350K(699392K), 0.0074876 secs] [Times: user=0.10 sys=0.00, real=0.01 secs] 
2016-09-24T04:20:48.171-0400: 28.819: [GC (GCLocker Initiated GC) [PSYoungGen: 135456K->65030K(175104K)] 481940K->443668K(699392K), 0.0078631 secs] [Times: user=0.11 sys=0.00, real=0.01 secs] 
2016-09-24T04:20:48.218-0400: 28.866: [GC (GCLocker Initiated GC) [PSYoungGen: 153094K->66343K(175104K)] 537214K->477293K(699392K), 0.0071657 secs] [Times: user=0.11 sys=0.00, real=0.01 secs] 
2016-09-24T04:20:48.255-0400: 28.903: [GC (GCLocker Initiated GC) [PSYoungGen: 154407K->59752K(175104K)] 568192K->494862K(699392K), 0.0083360 secs] [Times: user=0.10 sys=0.00, real=0.01 secs] 
2016-09-24T04:20:48.309-0400: 28.958: [GC (GCLocker Initiated GC) [PSYoungGen: 147816K->70126K(158208K)] 592573K->532193K(682496K), 0.0085998 secs] [Times: user=0.14 sys=0.00, real=0.01 secs] 
2016-09-24T04:20:48.360-0400: 29.008: [GC (GCLocker Initiated GC) [PSYoungGen: 158190K->60810K(175616K)] 624499K->553617K(699904K), 0.0069537 secs] [Times: user=0.11 sys=0.00, real=0.01 secs] 
2016-09-24T04:20:48.367-0400: 29.015: [Full GC (Ergonomics) [PSYoungGen: 60810K->0K(175616K)] [ParOldGen: 492807K->192093K(524288K)] 553617K->192093K(699904K), [Metaspace: 43636K->43636K(1087488K)], 0.0435341 secs] [Times: user=0.37 sys=0.00, real=0.04 secs] 
2016-09-24T04:20:48.439-0400: 29.087: [GC (GCLocker Initiated GC) [PSYoungGen: 89088K->83926K(174592K)] 281346K->278885K(698880K), 0.0072109 secs] [Times: user=0.11 sys=0.00, real=0.01 secs] 
2016-09-24T04:20:48.491-0400: 29.139: [GC (GCLocker Initiated GC) [PSYoungGen: 173014K->52697K(175104K)] 376262K->297594K(699392K), 0.0075241 secs] [Times: user=0.11 sys=0.00, real=0.01 secs] 
2016-09-24T04:20:48.537-0400: 29.185: [GC (GCLocker Initiated GC) [PSYoungGen: 140761K->53967K(175104K)] 396672K->332363K(699392K), 0.0068345 secs] [Times: user=0.10 sys=0.00, real=0.01 secs] 
2016-09-24T04:20:48.581-0400: 29.229: [GC (GCLocker Initiated GC) [PSYoungGen: 142031K->76870K(175104K)] 428646K->387392K(699392K), 0.0074742 secs] [Times: user=0.12 sys=0.00, real=0.01 secs] 
2016-09-24T04:20:48.631-0400: 29.279: [GC (GCLocker Initiated GC) [PSYoungGen: 164934K->37505K(175104K)] 482340K->382653K(699392K), 0.0067027 secs] [Times: user=0.08 sys=0.00, real=0.01 secs] 
2016-09-24T04:20:48.668-0400: 29.316: [GC (GCLocker Initiated GC) [PSYoungGen: 125569K->60539K(175104K)] 470861K->436278K(699392K), 0.0075351 secs] [Times: user=0.13 sys=0.00, real=0.01 secs] 
2016-09-24T04:20:48.718-0400: 29.366: [GC (GCLocker Initiated GC) [PSYoungGen: 148603K->47226K(175104K)] 531203K->456191K(699392K), 0.0072916 secs] [Times: user=0.10 sys=0.00, real=0.01 secs] 
2016-09-24T04:20:48.750-0400: 29.398: [GC (GCLocker Initiated GC) [PSYoungGen: 135290K->78026K(175104K)] 547018K->500110K(699392K), 0.0069373 secs] [Times: user=0.09 sys=0.00, real=0.01 secs] 
2016-09-24T04:20:48.801-0400: 29.449: [GC (GCLocker Initiated GC) [PSYoungGen: 166090K->56700K(175104K)] 596060K->510404K(699392K), 0.0091732 secs] [Times: user=0.14 sys=0.01, real=0.01 secs] 
2016-09-24T04:20:48.843-0400: 29.491: [GC (GCLocker Initiated GC) [PSYoungGen: 144764K->76637K(175104K)] 598972K->551965K(699392K), 0.0082536 secs] [Times: user=0.11 sys=0.01, real=0.00 secs] 
2016-09-24T04:20:48.890-0400: 29.538: [GC (GCLocker Initiated GC) [PSYoungGen: 164701K->42960K(175104K)] 645481K->544619K(699392K), 0.0064835 secs] [Times: user=0.07 sys=0.00, real=0.01 secs] 
2016-09-24T04:20:48.896-0400: 29.545: [Full GC (Ergonomics) [PSYoungGen: 42960K->0K(175104K)] [ParOldGen: 501658K->204707K(524288K)] 544619K->204707K(699392K), [Metaspace: 43646K->43646K(1087488K)], 0.0478886 secs] [Times: user=0.46 sys=0.01, real=0.05 secs] 
2016-09-24T04:20:48.983-0400: 29.631: [GC (GCLocker Initiated GC) [PSYoungGen: 88064K->74163K(175104K)] 292917K->279017K(699392K), 0.0061824 secs] [Times: user=0.10 sys=0.00, real=0.00 secs] 
2016-09-24T04:20:49.023-0400: 29.671: [GC (GCLocker Initiated GC) [PSYoungGen: 162227K->54018K(175104K)] 367181K->296265K(699392K), 0.0070560 secs] [Times: user=0.11 sys=0.00, real=0.00 secs] 
2016-09-24T04:20:49.066-0400: 29.714: [GC (GCLocker Initiated GC) [PSYoungGen: 142082K->77002K(175104K)] 389922K->352726K(699392K), 0.0068125 secs] [Times: user=0.11 sys=0.00, real=0.00 secs] 
2016-09-24T04:20:49.107-0400: 29.755: [GC (GCLocker Initiated GC) [PSYoungGen: 165066K->63146K(175104K)] 443788K->371113K(699392K), 0.0081628 secs] [Times: user=0.10 sys=0.00, real=0.01 secs] 
2016-09-24T04:20:49.155-0400: 29.803: [GC (GCLocker Initiated GC) [PSYoungGen: 151210K->44323K(175104K)] 459348K->386941K(699392K), 0.0078766 secs] [Times: user=0.08 sys=0.01, real=0.01 secs] 
2016-09-24T04:20:49.191-0400: 29.839: [GC (GCLocker Initiated GC) [PSYoungGen: 132387K->72925K(175104K)] 477780K->448745K(699392K), 0.0084656 secs] [Times: user=0.13 sys=0.00, real=0.01 secs] 
2016-09-24T04:20:49.258-0400: 29.907: [GC (GCLocker Initiated GC) [PSYoungGen: 160989K->33585K(175104K)] 545095K->457736K(699392K), 0.0062226 secs] [Times: user=0.09 sys=0.00, real=0.01 secs] 
2016-09-24T04:20:49.285-0400: 29.933: [GC (GCLocker Initiated GC) [PSYoungGen: 121649K->84757K(175104K)] 548724K->524708K(699392K), 0.0078111 secs] [Times: user=0.11 sys=0.00, real=0.00 secs] 
2016-09-24T04:20:49.342-0400: 29.990: [GC (GCLocker Initiated GC) [PSYoungGen: 172821K->42938K(175104K)] 621095K->543129K(699392K), 0.0095072 secs] [Times: user=0.10 sys=0.00, real=0.01 secs] 
2016-09-24T04:20:49.352-0400: 30.000: [Full GC (Ergonomics) [PSYoungGen: 42938K->0K(175104K)] [ParOldGen: 500191K->206422K(524288K)] 543129K->206422K(699392K), [Metaspace: 43663K->43663K(1087488K)], 0.0519442 secs] [Times: user=0.49 sys=0.01, real=0.06 secs] 
2016-09-24T04:20:49.443-0400: 30.091: [GC (GCLocker Initiated GC) [PSYoungGen: 88064K->79790K(175104K)] 300105K->291831K(699392K), 0.0077719 secs] [Times: user=0.08 sys=0.00, real=0.00 secs] 
2016-09-24T04:20:49.494-0400: 30.142: [GC (GCLocker Initiated GC) [PSYoungGen: 167854K->70105K(175104K)] 388225K->306332K(699392K), 0.0083065 secs] [Times: user=0.09 sys=0.00, real=0.01 secs] 
2016-09-24T04:20:49.545-0400: 30.193: [GC (GCLocker Initiated GC) [PSYoungGen: 158169K->41778K(175104K)] 397171K->293741K(699392K), 0.0059215 secs] [Times: user=0.05 sys=0.01, real=0.00 secs] 
2016-09-24T04:20:49.589-0400: 30.237: [GC (GCLocker Initiated GC) [PSYoungGen: 129842K->70120K(175104K)] 396820K->340572K(699392K), 0.0064225 secs] [Times: user=0.08 sys=0.00, real=0.01 secs] 
2016-09-24T04:20:49.643-0400: 30.291: [GC (GCLocker Initiated GC) [PSYoungGen: 158184K->47903K(175104K)] 428845K->346387K(699392K), 0.0080624 secs] [Times: user=0.09 sys=0.00, real=0.00 secs] 
2016-09-24T04:20:49.676-0400: 30.324: [GC (GCLocker Initiated GC) [PSYoungGen: 135967K->76876K(175104K)] 439953K->415109K(699392K), 0.0085463 secs] [Times: user=0.10 sys=0.01, real=0.01 secs] 
2016-09-24T04:20:49.734-0400: 30.382: [GC (GCLocker Initiated GC) [PSYoungGen: 164940K->58100K(175104K)] 514863K->438451K(699392K), 0.0082366 secs] [Times: user=0.13 sys=0.00, real=0.01 secs] 
2016-09-24T04:20:49.779-0400: 30.427: [GC (GCLocker Initiated GC) [PSYoungGen: 146164K->45616K(175104K)] 530715K->449929K(699392K), 0.0059615 secs] [Times: user=0.07 sys=0.00, real=0.01 secs] 
2016-09-24T04:20:49.816-0400: 30.464: [GC (GCLocker Initiated GC) [PSYoungGen: 133680K->61938K(175104K)] 540871K->486087K(699392K), 0.0081948 secs] [Times: user=0.10 sys=0.01, real=0.01 secs] 
2016-09-24T04:20:49.859-0400: 30.507: [GC (GCLocker Initiated GC) [PSYoungGen: 150002K->41599K(175104K)] 577089K->505900K(699392K), 0.0062848 secs] [Times: user=0.07 sys=0.00, real=0.01 secs] 
2016-09-24T04:20:49.899-0400: 30.547: [GC (GCLocker Initiated GC) [PSYoungGen: 129663K->64665K(175104K)] 594107K->566219K(699392K), 0.0077748 secs] [Times: user=0.08 sys=0.00, real=0.01 secs] 
2016-09-24T04:20:49.907-0400: 30.555: [Full GC (Ergonomics) [PSYoungGen: 64665K->0K(175104K)] [ParOldGen: 501553K->214420K(524288K)] 566219K->214420K(699392K), [Metaspace: 43666K->43666K(1087488K)], 0.0518615 secs] [Times: user=0.40 sys=0.01, real=0.05 secs] 
2016-09-24T04:20:49.991-0400: 30.639: [GC (GCLocker Initiated GC) [PSYoungGen: 88063K->78583K(175104K)] 306761K->297281K(699392K), 0.0066031 secs] [Times: user=0.10 sys=0.00, real=0.01 secs] 
2016-09-24T04:20:50.033-0400: 30.681: [GC (GCLocker Initiated GC) [PSYoungGen: 166647K->78310K(175104K)] 390929K->318574K(699392K), 0.0072999 secs] [Times: user=0.10 sys=0.00, real=0.01 secs] 
2016-09-24T04:20:50.078-0400: 30.726: [GC (GCLocker Initiated GC) [PSYoungGen: 166374K->56472K(175104K)] 416145K->313736K(699392K), 0.0061735 secs] [Times: user=0.07 sys=0.01, real=0.01 secs] 
2016-09-24T04:20:50.128-0400: 30.776: [GC (GCLocker Initiated GC) [PSYoungGen: 144536K->43912K(175104K)] 404697K->321031K(699392K), 0.0068214 secs] [Times: user=0.07 sys=0.00, real=0.01 secs] 
2016-09-24T04:20:50.169-0400: 30.817: [GC (GCLocker Initiated GC) [PSYoungGen: 131976K->74248K(175104K)] 412789K->382598K(699392K), 0.0073903 secs] [Times: user=0.13 sys=0.00, real=0.01 secs] 
2016-09-24T04:20:50.222-0400: 30.870: [GC (GCLocker Initiated GC) [PSYoungGen: 162312K->55195K(175104K)] 485781K->392936K(699392K), 0.0075738 secs] [Times: user=0.08 sys=0.01, real=0.01 secs] 
2016-09-24T04:20:50.272-0400: 30.920: [GC (GCLocker Initiated GC) [PSYoungGen: 143259K->61928K(175104K)] 491863K->443688K(699392K), 0.0074817 secs] [Times: user=0.11 sys=0.00, real=0.01 secs] 
2016-09-24T04:20:50.313-0400: 30.961: [GC (GCLocker Initiated GC) [PSYoungGen: 149992K->78196K(175104K)] 535083K->474761K(699392K), 0.0078037 secs] [Times: user=0.10 sys=0.00, real=0.01 secs] 
2016-09-24T04:20:50.372-0400: 31.020: [GC (GCLocker Initiated GC) [PSYoungGen: 166260K->57635K(175104K)] 568307K->479380K(699392K), 0.0068664 secs] [Times: user=0.07 sys=0.01, real=0.01 secs] 
2016-09-24T04:20:50.409-0400: 31.057: [GC (GCLocker Initiated GC) [PSYoungGen: 145699K->70080K(175104K)] 570335K->514295K(699392K), 0.0070278 secs] [Times: user=0.10 sys=0.00, real=0.01 secs] 
2016-09-24T04:20:50.455-0400: 31.103: [GC (GCLocker Initiated GC) [PSYoungGen: 158144K->41795K(175104K)] 605175K->516652K(699392K), 0.0067340 secs] [Times: user=0.07 sys=0.00, real=0.00 secs] 
2016-09-24T04:20:50.497-0400: 31.145: [GC (GCLocker Initiated GC) [PSYoungGen: 129859K->70213K(175104K)] 606124K->574389K(699392K), 0.0075055 secs] [Times: user=0.10 sys=0.00, real=0.01 secs] 
2016-09-24T04:20:50.505-0400: 31.153: [Full GC (Ergonomics) [PSYoungGen: 70213K->0K(175104K)] [ParOldGen: 504176K->220578K(524288K)] 574389K->220578K(699392K), [Metaspace: 43678K->43678K(1087488K)], 0.0503398 secs] [Times: user=0.44 sys=0.00, real=0.05 secs] 
2016-09-24T04:20:50.594-0400: 31.242: [GC (GCLocker Initiated GC) [PSYoungGen: 88064K->66342K(175104K)] 310119K->288398K(699392K), 0.0080179 secs] [Times: user=0.06 sys=0.00, real=0.01 secs] 
2016-09-24T04:20:50.628-0400: 31.277: [GC (GCLocker Initiated GC) [PSYoungGen: 154406K->64649K(175104K)] 379875K->331685K(699392K), 0.0078806 secs] [Times: user=0.10 sys=0.00, real=0.01 secs] 
2016-09-24T04:20:50.677-0400: 31.325: [GC (GCLocker Initiated GC) [PSYoungGen: 152713K->49697K(175104K)] 420658K->354868K(699392K), 0.0070198 secs] [Times: user=0.09 sys=0.00, real=0.01 secs] 
2016-09-24T04:20:50.713-0400: 31.361: [GC (GCLocker Initiated GC) [PSYoungGen: 137761K->74222K(175104K)] 445728K->413912K(699392K), 0.0079511 secs] [Times: user=0.11 sys=0.00, real=0.01 secs] 
2016-09-24T04:20:50.762-0400: 31.410: [GC (GCLocker Initiated GC) [PSYoungGen: 162286K->47104K(175104K)] 502215K->420247K(699392K), 0.0104234 secs] [Times: user=0.09 sys=0.00, real=0.01 secs] 
2016-09-24T04:20:50.804-0400: 31.452: [GC (GCLocker Initiated GC) [PSYoungGen: 135168K->63338K(175104K)] 513948K->474005K(699392K), 0.0071051 secs] [Times: user=0.09 sys=0.00, real=0.00 secs] 
2016-09-24T04:20:50.850-0400: 31.498: [GC (GCLocker Initiated GC) [PSYoungGen: 151402K->48422K(175104K)] 567584K->512664K(699392K), 0.0079538 secs] [Times: user=0.12 sys=0.00, real=0.01 secs] 
2016-09-24T04:20:50.886-0400: 31.534: [GC (GCLocker Initiated GC) [PSYoungGen: 136486K->64712K(175104K)] 600806K->556697K(699392K), 0.0077452 secs] [Times: user=0.09 sys=0.00, real=0.00 secs] 
2016-09-24T04:20:50.894-0400: 31.542: [Full GC (Ergonomics) [PSYoungGen: 64712K->0K(175104K)] [ParOldGen: 491984K->224362K(524288K)] 556697K->224362K(699392K), [Metaspace: 43679K->43679K(1087488K)], 0.0578974 secs] [Times: user=0.33 sys=0.01, real=0.06 secs] 
2016-09-24T04:20:50.996-0400: 31.644: [GC (GCLocker Initiated GC) [PSYoungGen: 88064K->48591K(175104K)] 314085K->274612K(699392K), 0.0064446 secs] [Times: user=0.07 sys=0.00, real=0.01 secs] 
2016-09-24T04:20:51.027-0400: 31.675: [GC (GCLocker Initiated GC) [PSYoungGen: 136655K->76910K(175104K)] 365524K->333704K(699392K), 0.0102967 secs] [Times: user=0.15 sys=0.00, real=0.01 secs] 
2016-09-24T04:20:51.078-0400: 31.726: [GC (GCLocker Initiated GC) [PSYoungGen: 164974K->57905K(175104K)] 429989K->360155K(699392K), 0.0070690 secs] [Times: user=0.09 sys=0.00, real=0.01 secs] 
2016-09-24T04:20:51.120-0400: 31.769: [GC (GCLocker Initiated GC) [PSYoungGen: 145969K->45728K(175104K)] 448292K->367680K(699392K), 0.0064287 secs] [Times: user=0.07 sys=0.00, real=0.01 secs] 
2016-09-24T04:20:51.157-0400: 31.805: [GC (GCLocker Initiated GC) [PSYoungGen: 133792K->72954K(175104K)] 465416K->421620K(699392K), 0.0069943 secs] [Times: user=0.09 sys=0.00, real=0.01 secs] 
2016-09-24T04:20:51.205-0400: 31.853: [GC (GCLocker Initiated GC) [PSYoungGen: 161018K->49633K(175104K)] 512471K->449240K(699392K), 0.0075361 secs] [Times: user=0.12 sys=0.00, real=0.00 secs] 
2016-09-24T04:20:51.237-0400: 31.885: [GC (GCLocker Initiated GC) [PSYoungGen: 137697K->76999K(175104K)] 537483K->513912K(699392K), 0.0080517 secs] [Times: user=0.12 sys=0.00, real=0.01 secs] 
2016-09-24T04:20:51.282-0400: 31.930: [GC (GCLocker Initiated GC) [PSYoungGen: 165063K->56614K(175104K)] 611551K->526963K(699392K), 0.0070690 secs] [Times: user=0.09 sys=0.00, real=0.01 secs] 
2016-09-24T04:20:51.289-0400: 31.937: [Full GC (Ergonomics) [PSYoungGen: 56614K->0K(175104K)] [ParOldGen: 470349K->225584K(524288K)] 526963K->225584K(699392K), [Metaspace: 43679K->43679K(1087488K)], 0.0492128 secs] [Times: user=0.40 sys=0.00, real=0.05 secs] 
2016-09-24T04:20:51.373-0400: 32.021: [GC (GCLocker Initiated GC) [PSYoungGen: 88064K->71684K(175104K)] 317856K->301477K(699392K), 0.0061844 secs] [Times: user=0.08 sys=0.01, real=0.01 secs] 
2016-09-24T04:20:51.417-0400: 32.065: [GC (GCLocker Initiated GC) [PSYoungGen: 159748K->82358K(175104K)] 400462K->333502K(699392K), 0.0067825 secs] [Times: user=0.10 sys=0.00, real=0.01 secs] 
2016-09-24T04:20:51.457-0400: 32.105: [GC (GCLocker Initiated GC) [PSYoungGen: 170422K->56356K(175104K)] 427180K->335620K(699392K), 0.0071557 secs] [Times: user=0.08 sys=0.01, real=0.01 secs] 
2016-09-24T04:20:51.496-0400: 32.144: [GC (GCLocker Initiated GC) [PSYoungGen: 144420K->64696K(175104K)] 423965K->384006K(699392K), 0.0075502 secs] [Times: user=0.11 sys=0.01, real=0.01 secs] 
2016-09-24T04:20:51.539-0400: 32.187: [GC (GCLocker Initiated GC) [PSYoungGen: 152760K->65985K(175104K)] 472800K->413832K(699392K), 0.0074917 secs] [Times: user=0.11 sys=0.01, real=0.01 secs] 
2016-09-24T04:20:51.573-0400: 32.221: [GC (GCLocker Initiated GC) [PSYoungGen: 154049K->67572K(175104K)] 504865K->451533K(699392K), 0.0076726 secs] [Times: user=0.11 sys=0.00, real=0.01 secs] 
2016-09-24T04:20:51.619-0400: 32.267: [GC (GCLocker Initiated GC) [PSYoungGen: 155636K->36207K(175104K)] 543729K->450937K(699392K), 0.0077471 secs] [Times: user=0.08 sys=0.00, real=0.01 secs] 
2016-09-24T04:20:51.650-0400: 32.299: [GC (GCLocker Initiated GC) [PSYoungGen: 124271K->64695K(175104K)] 540570K->501920K(699392K), 0.0074072 secs] [Times: user=0.09 sys=0.00, real=0.01 secs] 
2016-09-24T04:20:51.696-0400: 32.344: [GC (GCLocker Initiated GC) [PSYoungGen: 152759K->41536K(175104K)] 592804K->513533K(699392K), 0.0068194 secs] [Times: user=0.06 sys=0.01, real=0.01 secs] 
2016-09-24T04:20:51.739-0400: 32.387: [GC (GCLocker Initiated GC) [PSYoungGen: 129600K->64834K(175104K)] 601661K->582274K(699392K), 0.0091004 secs] [Times: user=0.11 sys=0.01, real=0.01 secs] 
2016-09-24T04:20:51.748-0400: 32.397: [Full GC (Ergonomics) [PSYoungGen: 64834K->0K(175104K)] [ParOldGen: 517439K->219931K(524288K)] 582274K->219931K(699392K), [Metaspace: 43685K->43685K(1087488K)], 0.1343947 secs] [Times: user=1.71 sys=0.01, real=0.14 secs] 
2016-09-24T04:20:51.921-0400: 32.569: [GC (GCLocker Initiated GC) [PSYoungGen: 88064K->75902K(175104K)] 310765K->298611K(699392K), 0.0074725 secs] [Times: user=0.08 sys=0.01, real=0.01 secs] 
2016-09-24T04:20:51.965-0400: 32.613: [GC (GCLocker Initiated GC) [PSYoungGen: 163966K->67480K(175104K)] 392513K->310786K(699392K), 0.0066615 secs] [Times: user=0.08 sys=0.00, real=0.00 secs] 
2016-09-24T04:20:52.008-0400: 32.656: [GC (GCLocker Initiated GC) [PSYoungGen: 155544K->57738K(175104K)] 400340K->335872K(699392K), 0.0076065 secs] [Times: user=0.11 sys=0.00, real=0.01 secs] 
2016-09-24T04:20:52.048-0400: 32.696: [GC (GCLocker Initiated GC) [PSYoungGen: 145802K->57946K(175104K)] 429452K->365144K(699392K), 0.0069166 secs] [Times: user=0.07 sys=0.00, real=0.01 secs] 
2016-09-24T04:20:52.091-0400: 32.739: [GC (GCLocker Initiated GC) [PSYoungGen: 146010K->48555K(174080K)] 462835K->402636K(698368K), 0.0073699 secs] [Times: user=0.08 sys=0.00, real=0.01 secs] 
2016-09-24T04:20:52.135-0400: 32.784: [GC (Allocation Failure) [PSYoungGen: 136619K->78280K(174592K)] 496203K->454901K(698880K), 0.0069587 secs] [Times: user=0.09 sys=0.00, real=0.01 secs] 
2016-09-24T04:20:52.178-0400: 32.826: [GC (GCLocker Initiated GC) [PSYoungGen: 166344K->53885K(175104K)] 545677K->470530K(699392K), 0.0069615 secs] [Times: user=0.09 sys=0.00, real=0.01 secs] 
2016-09-24T04:20:52.215-0400: 32.863: [GC (GCLocker Initiated GC) [PSYoungGen: 141949K->66108K(175104K)] 558751K->497132K(699392K), 0.0088548 secs] [Times: user=0.07 sys=0.00, real=0.01 secs] 
2016-09-24T04:20:52.258-0400: 32.906: [GC (GCLocker Initiated GC) [PSYoungGen: 154172K->62057K(173056K)] 592054K->538603K(697344K), 0.0083753 secs] [Times: user=0.10 sys=0.00, real=0.01 secs] 
2016-09-24T04:20:52.267-0400: 32.915: [Full GC (Ergonomics) [PSYoungGen: 62057K->0K(173056K)] [ParOldGen: 476545K->216412K(524288K)] 538603K->216412K(697344K), [Metaspace: 43693K->43693K(1087488K)], 0.0513475 secs] [Times: user=0.41 sys=0.01, real=0.05 secs] 
2016-09-24T04:20:52.348-0400: 32.996: [GC (GCLocker Initiated GC) [PSYoungGen: 88064K->83782K(174080K)] 304742K->300460K(698368K), 0.0068166 secs] [Times: user=0.07 sys=0.01, real=0.01 secs] 
2016-09-24T04:20:52.392-0400: 33.040: [GC (GCLocker Initiated GC) [PSYoungGen: 171846K->66105K(175104K)] 389958K->316191K(699392K), 0.0072788 secs] [Times: user=0.11 sys=0.01, real=0.01 secs] 
2016-09-24T04:20:52.430-0400: 33.078: [GC (GCLocker Initiated GC) [PSYoungGen: 154169K->67445K(175104K)] 407085K->337371K(699392K), 0.0085226 secs] [Times: user=0.10 sys=0.00, real=0.01 secs] 
2016-09-24T04:20:52.477-0400: 33.125: [GC (GCLocker Initiated GC) [PSYoungGen: 155509K->56891K(175104K)] 432289K->347970K(699392K), 0.0065373 secs] [Times: user=0.09 sys=0.00, real=0.01 secs] 
2016-09-24T04:20:52.521-0400: 33.169: [GC (GCLocker Initiated GC) [PSYoungGen: 144955K->48163K(175104K)] 436131K->356560K(699392K), 0.0066678 secs] [Times: user=0.07 sys=0.00, real=0.01 secs] 
2016-09-24T04:20:52.557-0400: 33.205: [GC (GCLocker Initiated GC) [PSYoungGen: 136227K->56487K(173056K)] 445322K->399933K(697344K), 0.0074525 secs] [Times: user=0.07 sys=0.00, real=0.01 secs] 
2016-09-24T04:20:52.602-0400: 33.250: [GC (GCLocker Initiated GC) [PSYoungGen: 144551K->59281K(174080K)] 492013K->435951K(698368K), 0.0074012 secs] [Times: user=0.10 sys=0.00, real=0.01 secs] 
2016-09-24T04:20:52.640-0400: 33.288: [GC (GCLocker Initiated GC) [PSYoungGen: 147345K->64716K(175104K)] 526866K->489647K(699392K), 0.0090752 secs] [Times: user=0.11 sys=0.00, real=0.01 secs] 
2016-09-24T04:20:52.686-0400: 33.334: [GC (GCLocker Initiated GC) [PSYoungGen: 156876K->55248K(175104K)] 584760K->517668K(699392K), 0.0079865 secs] [Times: user=0.07 sys=0.00, real=0.01 secs] 
2016-09-24T04:20:52.733-0400: 33.381: [Full GC (Ergonomics) [PSYoungGen: 147408K->0K(175104K)] [ParOldGen: 467879K->229345K(524288K)] 615288K->229345K(699392K), [Metaspace: 43694K->43694K(1087488K)], 0.0529292 secs] [Times: user=0.45 sys=0.00, real=0.06 secs] 
2016-09-24T04:20:52.818-0400: 33.466: [GC (GCLocker Initiated GC) [PSYoungGen: 92160K->77046K(172032K)] 321630K->306516K(696320K), 0.0134698 secs] [Times: user=0.16 sys=0.01, real=0.01 secs] 
2016-09-24T04:20:52.870-0400: 33.518: [GC (GCLocker Initiated GC) [PSYoungGen: 167158K->43151K(133632K)] 406147K->333092K(657920K), 0.0126326 secs] [Times: user=0.15 sys=0.00, real=0.02 secs] 
2016-09-24T04:20:52.920-0400: 33.568: [GC (GCLocker Initiated GC) [PSYoungGen: 133263K->55158K(177152K)] 423297K->373062K(701440K), 0.0077046 secs] [Times: user=0.07 sys=0.00, real=0.01 secs] 
2016-09-24T04:20:52.959-0400: 33.607: [GC (GCLocker Initiated GC) [PSYoungGen: 145270K->82420K(175104K)] 471519K->447212K(699392K), 0.0143916 secs] [Times: user=0.20 sys=0.00, real=0.01 secs] 
2016-09-24T04:20:53.020-0400: 33.668: [GC (GCLocker Initiated GC) [PSYoungGen: 172532K->53796K(175104K)] 544215K->468266K(699392K), 0.0072950 secs] [Times: user=0.10 sys=0.00, real=0.01 secs] 
2016-09-24T04:20:53.056-0400: 33.704: [GC (GCLocker Initiated GC) [PSYoungGen: 141860K->71565K(175104K)] 560533K->515228K(699392K), 0.0088602 secs] [Times: user=0.13 sys=0.00, real=0.01 secs] 
2016-09-24T04:20:53.104-0400: 33.752: [GC (GCLocker Initiated GC) [PSYoungGen: 159629K->56526K(175104K)] 608868K->545764K(699392K), 0.0074083 secs] [Times: user=0.08 sys=0.01, real=0.00 secs] 
2016-09-24T04:20:53.111-0400: 33.759: [Full GC (Ergonomics) [PSYoungGen: 56526K->0K(175104K)] [ParOldGen: 489238K->227529K(524288K)] 545764K->227529K(699392K), [Metaspace: 43734K->43734K(1087488K)], 0.0509444 secs] [Times: user=0.42 sys=0.00, real=0.06 secs] 
2016-09-24T04:20:53.193-0400: 33.841: [GC (GCLocker Initiated GC) [PSYoungGen: 88064K->82513K(175104K)] 319767K->314217K(699392K), 0.0070599 secs] [Times: user=0.08 sys=0.00, real=0.01 secs] 
2016-09-24T04:20:53.239-0400: 33.887: [GC (GCLocker Initiated GC) [PSYoungGen: 170577K->67287K(175104K)] 405017K->328427K(699392K), 0.0069352 secs] [Times: user=0.08 sys=0.01, real=0.01 secs] 
2016-09-24T04:20:53.282-0400: 33.930: [GC (GCLocker Initiated GC) [PSYoungGen: 155351K->68839K(175104K)] 419314K->356497K(699392K), 0.0087113 secs] [Times: user=0.07 sys=0.01, real=0.01 secs] 
2016-09-24T04:20:53.326-0400: 33.974: [GC (GCLocker Initiated GC) [PSYoungGen: 156903K->79622K(175104K)] 448908K->395397K(699392K), 0.0079842 secs] [Times: user=0.10 sys=0.00, real=0.01 secs] 
2016-09-24T04:20:53.374-0400: 34.022: [GC (GCLocker Initiated GC) [PSYoungGen: 167686K->61805K(175104K)] 486311K->409662K(699392K), 0.0066364 secs] [Times: user=0.09 sys=0.00, real=0.01 secs] 
2016-09-24T04:20:53.409-0400: 34.057: [GC (GCLocker Initiated GC) [PSYoungGen: 149869K->78354K(175104K)] 505978K->464778K(699392K), 0.0079614 secs] [Times: user=0.12 sys=0.00, real=0.01 secs] 
2016-09-24T04:20:53.457-0400: 34.105: [GC (GCLocker Initiated GC) [PSYoungGen: 166418K->59178K(175104K)] 558426K->464276K(699392K), 0.0120365 secs] [Times: user=0.16 sys=0.00, real=0.01 secs] 
2016-09-24T04:20:53.498-0400: 34.146: [GC (GCLocker Initiated GC) [PSYoungGen: 147242K->64685K(175104K)] 555239K->501764K(699392K), 0.0066377 secs] [Times: user=0.09 sys=0.00, real=0.01 secs] 
2016-09-24T04:20:53.539-0400: 34.187: [GC (GCLocker Initiated GC) [PSYoungGen: 152749K->66109K(175104K)] 593215K->530243K(699392K), 0.0075463 secs] [Times: user=0.07 sys=0.00, real=0.01 secs] 
2016-09-24T04:20:53.579-0400: 34.227: [GC (GCLocker Initiated GC) [PSYoungGen: 154173K->48227K(175104K)] 620050K->541904K(699392K), 0.0077917 secs] [Times: user=0.07 sys=0.00, real=0.01 secs] 
2016-09-24T04:20:53.587-0400: 34.235: [Full GC (Ergonomics) [PSYoungGen: 48227K->0K(175104K)] [ParOldGen: 493677K->232619K(524288K)] 541904K->232619K(699392K), [Metaspace: 43734K->43734K(1087488K)], 0.0691106 secs] [Times: user=0.43 sys=0.01, real=0.07 secs] 
2016-09-24T04:20:53.696-0400: 34.344: [GC (GCLocker Initiated GC) [PSYoungGen: 88064K->75740K(175104K)] 327669K->315346K(699392K), 0.0102198 secs] [Times: user=0.14 sys=0.00, real=0.01 secs] 
2016-09-24T04:20:53.742-0400: 34.390: [GC (GCLocker Initiated GC) [PSYoungGen: 163804K->52500K(175104K)] 403522K->312188K(699392K), 0.0094051 secs] [Times: user=0.12 sys=0.00, real=0.00 secs] 
2016-09-24T04:20:53.778-0400: 34.426: [GC (GCLocker Initiated GC) [PSYoungGen: 140564K->85183K(175104K)] 404087K->383244K(699392K), 0.0080890 secs] [Times: user=0.12 sys=0.00, real=0.01 secs] 
2016-09-24T04:20:53.824-0400: 34.472: [GC (GCLocker Initiated GC) [PSYoungGen: 173247K->56625K(175104K)] 472698K->394899K(699392K), 0.0071584 secs] [Times: user=0.11 sys=0.00, real=0.00 secs] 
2016-09-24T04:20:53.859-0400: 34.507: [GC (GCLocker Initiated GC) [PSYoungGen: 144689K->78279K(175104K)] 485801K->440433K(699392K), 0.0075032 secs] [Times: user=0.10 sys=0.00, real=0.01 secs] 
2016-09-24T04:20:53.905-0400: 34.553: [GC (GCLocker Initiated GC) [PSYoungGen: 166343K->74289K(175104K)] 536723K->477959K(699392K), 0.0077169 secs] [Times: user=0.13 sys=0.00, real=0.00 secs] 
2016-09-24T04:20:53.955-0400: 34.603: [GC (GCLocker Initiated GC) [PSYoungGen: 162353K->48648K(175104K)] 576936K->504637K(699392K), 0.0066867 secs] [Times: user=0.11 sys=0.00, real=0.00 secs] 
2016-09-24T04:20:53.987-0400: 34.635: [GC (GCLocker Initiated GC) [PSYoungGen: 136712K->86319K(175104K)] 592887K->574507K(699392K), 0.0083784 secs] [Times: user=0.13 sys=0.00, real=0.01 secs] 
2016-09-24T04:20:53.996-0400: 34.644: [Full GC (Ergonomics) [PSYoungGen: 86319K->0K(175104K)] [ParOldGen: 488187K->245047K(524288K)] 574507K->245047K(699392K), [Metaspace: 43734K->43734K(1087488K)], 0.0504204 secs] [Times: user=0.42 sys=0.00, real=0.05 secs] 
2016-09-24T04:20:54.085-0400: 34.733: [GC (GCLocker Initiated GC) [PSYoungGen: 88064K->78308K(175104K)] 335849K->326093K(699392K), 0.0062529 secs] [Times: user=0.08 sys=0.00, real=0.00 secs] 
2016-09-24T04:20:54.122-0400: 34.770: [GC (GCLocker Initiated GC) [PSYoungGen: 166372K->73000K(175104K)] 414392K->340831K(699392K), 0.0069014 secs] [Times: user=0.10 sys=0.00, real=0.00 secs] 
2016-09-24T04:20:54.163-0400: 34.812: [GC (GCLocker Initiated GC) [PSYoungGen: 161064K->78309K(175104K)] 437091K->374194K(699392K), 0.0074399 secs] [Times: user=0.10 sys=0.01, real=0.00 secs] 
2016-09-24T04:20:54.212-0400: 34.860: [GC (GCLocker Initiated GC) [PSYoungGen: 166373K->75483K(175104K)] 465042K->396644K(699392K), 0.0071711 secs] [Times: user=0.10 sys=0.00, real=0.01 secs] 
2016-09-24T04:20:54.254-0400: 34.902: [GC (GCLocker Initiated GC) [PSYoungGen: 163547K->51169K(175104K)] 490292K->400223K(699392K), 0.0096444 secs] [Times: user=0.13 sys=0.00, real=0.02 secs] 
2016-09-24T04:20:54.299-0400: 34.947: [GC (GCLocker Initiated GC) [PSYoungGen: 139233K->60620K(175104K)] 497885K->426810K(699392K), 0.0065622 secs] [Times: user=0.06 sys=0.00, real=0.01 secs] 
2016-09-24T04:20:54.345-0400: 34.993: [GC (GCLocker Initiated GC) [PSYoungGen: 148684K->65999K(175104K)] 527385K->460381K(699392K), 0.0069679 secs] [Times: user=0.08 sys=0.00, real=0.00 secs] 
2016-09-24T04:20:54.386-0400: 35.034: [GC (GCLocker Initiated GC) [PSYoungGen: 154063K->49655K(175104K)] 556779K->463911K(699392K), 0.0070360 secs] [Times: user=0.06 sys=0.00, real=0.00 secs] 
2016-09-24T04:20:54.421-0400: 35.069: [GC (GCLocker Initiated GC) [PSYoungGen: 137719K->61909K(175104K)] 558913K->493180K(699392K), 0.0066727 secs] [Times: user=0.07 sys=0.00, real=0.01 secs] 
2016-09-24T04:20:54.468-0400: 35.116: [GC (GCLocker Initiated GC) [PSYoungGen: 149973K->51196K(175104K)] 583993K->525205K(699392K), 0.0070732 secs] [Times: user=0.09 sys=0.00, real=0.01 secs] 
2016-09-24T04:20:54.504-0400: 35.152: [Full GC (Ergonomics) [PSYoungGen: 139260K->0K(175104K)] [ParOldGen: 478140K->247867K(524288K)] 617401K->247867K(699392K), [Metaspace: 43737K->43737K(1087488K)], 0.0480486 secs] [Times: user=0.41 sys=0.00, real=0.04 secs] 
2016-09-24T04:20:54.581-0400: 35.229: [GC (GCLocker Initiated GC) [PSYoungGen: 88064K->78369K(175104K)] 341580K->331885K(699392K), 0.0058536 secs] [Times: user=0.08 sys=0.01, real=0.01 secs] 
2016-09-24T04:20:54.631-0400: 35.279: [GC (GCLocker Initiated GC) [PSYoungGen: 166433K->62135K(175104K)] 426846K->345087K(699392K), 0.0085812 secs] [Times: user=0.10 sys=0.01, real=0.01 secs] 
2016-09-24T04:20:54.667-0400: 35.315: [GC (GCLocker Initiated GC) [PSYoungGen: 150199K->72779K(175104K)] 435988K->385098K(699392K), 0.0073867 secs] [Times: user=0.11 sys=0.00, real=0.01 secs] 
2016-09-24T04:20:54.719-0400: 35.367: [GC (GCLocker Initiated GC) [PSYoungGen: 160843K->52497K(175104K)] 484165K->403632K(699392K), 0.0071564 secs] [Times: user=0.09 sys=0.00, real=0.01 secs] 
2016-09-24T04:20:54.755-0400: 35.404: [GC (GCLocker Initiated GC) [PSYoungGen: 140561K->72886K(175104K)] 491897K->451940K(699392K), 0.0070847 secs] [Times: user=0.11 sys=0.00, real=0.01 secs] 
2016-09-24T04:20:54.798-0400: 35.446: [GC (GCLocker Initiated GC) [PSYoungGen: 160950K->71615K(175104K)] 550832K->475790K(699392K), 0.0072030 secs] [Times: user=0.11 sys=0.00, real=0.01 secs] 
2016-09-24T04:20:54.838-0400: 35.486: [GC (GCLocker Initiated GC) [PSYoungGen: 159679K->64588K(175104K)] 563996K->506198K(699392K), 0.0070285 secs] [Times: user=0.09 sys=0.01, real=0.01 secs] 
2016-09-24T04:20:54.877-0400: 35.525: [GC (GCLocker Initiated GC) [PSYoungGen: 152652K->74086K(175104K)] 594454K->538206K(699392K), 0.0071224 secs] [Times: user=0.08 sys=0.00, real=0.01 secs] 
2016-09-24T04:20:54.919-0400: 35.567: [GC (GCLocker Initiated GC) [PSYoungGen: 162150K->56696K(175104K)] 629175K->550125K(699392K), 0.0066695 secs] [Times: user=0.07 sys=0.01, real=0.01 secs] 
2016-09-24T04:20:54.926-0400: 35.574: [Full GC (Ergonomics) [PSYoungGen: 56696K->0K(175104K)] [ParOldGen: 493429K->246998K(524288K)] 550125K->246998K(699392K), [Metaspace: 43743K->43743K(1087488K)], 0.0523745 secs] [Times: user=0.46 sys=0.00, real=0.05 secs] 
2016-09-24T04:20:55.013-0400: 35.661: [GC (GCLocker Initiated GC) [PSYoungGen: 88064K->74405K(175104K)] 337997K->324339K(699392K), 0.0065745 secs] [Times: user=0.07 sys=0.00, real=0.01 secs] 
2016-09-24T04:20:55.048-0400: 35.696: [GC (GCLocker Initiated GC) [PSYoungGen: 162469K->57932K(175104K)] 412539K->334701K(699392K), 0.0081389 secs] [Times: user=0.08 sys=0.00, real=0.01 secs] 
2016-09-24T04:20:55.088-0400: 35.736: [GC (GCLocker Initiated GC) [PSYoungGen: 145996K->75487K(175104K)] 425643K->369371K(699392K), 0.0075058 secs] [Times: user=0.09 sys=0.00, real=0.01 secs] 
2016-09-24T04:20:55.128-0400: 35.776: [GC (GCLocker Initiated GC) [PSYoungGen: 163551K->56618K(175104K)] 462900K->401454K(699392K), 0.0073872 secs] [Times: user=0.10 sys=0.00, real=0.01 secs] 
2016-09-24T04:20:55.171-0400: 35.819: [GC (GCLocker Initiated GC) [PSYoungGen: 144682K->71510K(175104K)] 494999K->444304K(699392K), 0.0075439 secs] [Times: user=0.11 sys=0.00, real=0.01 secs] 
2016-09-24T04:20:55.216-0400: 35.864: [GC (GCLocker Initiated GC) [PSYoungGen: 159574K->58013K(175104K)] 540504K->464049K(699392K), 0.0061096 secs] [Times: user=0.07 sys=0.00, real=0.01 secs] 
2016-09-24T04:20:55.256-0400: 35.904: [GC (GCLocker Initiated GC) [PSYoungGen: 146077K->76780K(175104K)] 554934K->502755K(699392K), 0.0074906 secs] [Times: user=0.11 sys=0.00, real=0.01 secs] 
2016-09-24T04:20:55.296-0400: 35.944: [GC (GCLocker Initiated GC) [PSYoungGen: 164844K->67566K(175104K)] 596353K->532199K(699392K), 0.0074950 secs] [Times: user=0.11 sys=0.00, real=0.01 secs] 
2016-09-24T04:20:55.338-0400: 35.986: [GC (GCLocker Initiated GC) [PSYoungGen: 155630K->53734K(175104K)] 620389K->561292K(699392K), 0.0074256 secs] [Times: user=0.08 sys=0.00, real=0.01 secs] 
2016-09-24T04:20:55.346-0400: 35.994: [Full GC (Ergonomics) [PSYoungGen: 53734K->0K(175104K)] [ParOldGen: 507557K->253925K(524288K)] 561292K->253925K(699392K), [Metaspace: 43743K->43743K(1087488K)], 0.0483160 secs] [Times: user=0.42 sys=0.00, real=0.04 secs] 
2016-09-24T04:20:55.420-0400: 36.068: [GC (GCLocker Initiated GC) [PSYoungGen: 88064K->78464K(175104K)] 350295K->340696K(699392K), 0.0096583 secs] [Times: user=0.14 sys=0.00, real=0.01 secs] 
2016-09-24T04:20:55.471-0400: 36.119: [GC (GCLocker Initiated GC) [PSYoungGen: 166528K->58052K(175104K)] 438355K->351179K(699392K), 0.0062578 secs] [Times: user=0.08 sys=0.00, real=0.01 secs] 
2016-09-24T04:20:55.509-0400: 36.158: [GC (GCLocker Initiated GC) [PSYoungGen: 146116K->72672K(175104K)] 442120K->384419K(699392K), 0.0063944 secs] [Times: user=0.09 sys=0.00, real=0.01 secs] 
2016-09-24T04:20:55.548-0400: 36.196: [GC (GCLocker Initiated GC) [PSYoungGen: 160736K->66092K(175104K)] 480643K->410941K(699392K), 0.0081721 secs] [Times: user=0.12 sys=0.00, real=0.01 secs] 
2016-09-24T04:20:55.595-0400: 36.243: [GC (GCLocker Initiated GC) [PSYoungGen: 154156K->42879K(175104K)] 507176K->425133K(699392K), 0.0061371 secs] [Times: user=0.08 sys=0.01, real=0.00 secs] 
2016-09-24T04:20:55.629-0400: 36.277: [GC (GCLocker Initiated GC) [PSYoungGen: 130943K->63301K(175104K)] 513507K->473507K(699392K), 0.0068207 secs] [Times: user=0.08 sys=0.00, real=0.01 secs] 
2016-09-24T04:20:55.667-0400: 36.315: [GC (GCLocker Initiated GC) [PSYoungGen: 151365K->74023K(175104K)] 567041K->516098K(699392K), 0.0103055 secs] [Times: user=0.14 sys=0.00, real=0.01 secs] 
2016-09-24T04:20:55.710-0400: 36.358: [GC (GCLocker Initiated GC) [PSYoungGen: 162087K->63353K(175104K)] 604261K->545377K(699392K), 0.0070788 secs] [Times: user=0.10 sys=0.01, real=0.01 secs] 
2016-09-24T04:20:55.717-0400: 36.365: [Full GC (Ergonomics) [PSYoungGen: 63353K->0K(175104K)] [ParOldGen: 482023K->254954K(524288K)] 545377K->254954K(699392K), [Metaspace: 43750K->43750K(1087488K)], 0.0475368 secs] [Times: user=0.43 sys=0.00, real=0.05 secs] 
2016-09-24T04:20:55.797-0400: 36.445: [GC (GCLocker Initiated GC) [PSYoungGen: 88064K->82564K(175104K)] 347258K->341759K(699392K), 0.0070452 secs] [Times: user=0.10 sys=0.00, real=0.01 secs] 
2016-09-24T04:20:55.838-0400: 36.486: [GC (GCLocker Initiated GC) [PSYoungGen: 170628K->75534K(175104K)] 432622K->354784K(699392K), 0.0136364 secs] [Times: user=0.20 sys=0.00, real=0.01 secs] 
2016-09-24T04:20:55.886-0400: 36.534: [GC (GCLocker Initiated GC) [PSYoungGen: 163598K->65996K(175104K)] 448522K->382778K(699392K), 0.0067949 secs] [Times: user=0.09 sys=0.00, real=0.00 secs] 
2016-09-24T04:20:55.928-0400: 36.576: [GC (GCLocker Initiated GC) [PSYoungGen: 154060K->70078K(175104K)] 477621K->414614K(699392K), 0.0069083 secs] [Times: user=0.11 sys=0.01, real=0.01 secs] 
2016-09-24T04:20:55.968-0400: 36.616: [GC (GCLocker Initiated GC) [PSYoungGen: 158142K->49860K(175104K)] 502837K->426422K(699392K), 0.0063152 secs] [Times: user=0.09 sys=0.00, real=0.01 secs] 
2016-09-24T04:20:56.003-0400: 36.651: [GC (GCLocker Initiated GC) [PSYoungGen: 137924K->79637K(175104K)] 520134K->489614K(699392K), 0.0069938 secs] [Times: user=0.09 sys=0.01, real=0.00 secs] 
2016-09-24T04:20:56.048-0400: 36.696: [GC (GCLocker Initiated GC) [PSYoungGen: 167701K->45669K(175104K)] 579826K->486953K(699392K), 0.0076265 secs] [Times: user=0.06 sys=0.01, real=0.01 secs] 
2016-09-24T04:20:56.076-0400: 36.724: [GC (GCLocker Initiated GC) [PSYoungGen: 133733K->71397K(175104K)] 577850K->539251K(699392K), 0.0073780 secs] [Times: user=0.10 sys=0.00, real=0.01 secs] 
2016-09-24T04:20:56.126-0400: 36.774: [GC (GCLocker Initiated GC) [PSYoungGen: 159461K->52617K(175104K)] 638226K->560438K(699392K), 0.0069462 secs] [Times: user=0.06 sys=0.01, real=0.00 secs] 
2016-09-24T04:20:56.133-0400: 36.781: [Full GC (Ergonomics) [PSYoungGen: 52617K->0K(175104K)] [ParOldGen: 507820K->259176K(524288K)] 560438K->259176K(699392K), [Metaspace: 43752K->43752K(1087488K)], 0.0522470 secs] [Times: user=0.44 sys=0.00, real=0.06 secs] 
2016-09-24T04:20:56.215-0400: 36.864: [GC (GCLocker Initiated GC) [PSYoungGen: 88064K->84967K(175104K)] 354155K->356459K(699392K), 0.0088574 secs] [Times: user=0.13 sys=0.00, real=0.01 secs] 
2016-09-24T04:20:56.257-0400: 36.905: [GC (GCLocker Initiated GC) [PSYoungGen: 173031K->45682K(175104K)] 454114K->357277K(699392K), 0.0067723 secs] [Times: user=0.08 sys=0.00, real=0.01 secs] 
2016-09-24T04:20:56.298-0400: 36.946: [GC (GCLocker Initiated GC) [PSYoungGen: 133746K->71524K(175104K)] 454904K->406843K(699392K), 0.0062660 secs] [Times: user=0.09 sys=0.00, real=0.01 secs] 
2016-09-24T04:20:56.338-0400: 36.986: [GC (GCLocker Initiated GC) [PSYoungGen: 159588K->64537K(175104K)] 495098K->431965K(699392K), 0.0067949 secs] [Times: user=0.09 sys=0.00, real=0.01 secs] 
2016-09-24T04:20:56.378-0400: 37.026: [GC (GCLocker Initiated GC) [PSYoungGen: 152601K->67302K(175104K)] 520094K->458392K(699392K), 0.0073672 secs] [Times: user=0.08 sys=0.00, real=0.01 secs] 
2016-09-24T04:20:56.422-0400: 37.070: [GC (GCLocker Initiated GC) [PSYoungGen: 155366K->77026K(175104K)] 561451K->509485K(699392K), 0.0073945 secs] [Times: user=0.11 sys=0.00, real=0.01 secs] 
2016-09-24T04:20:56.457-0400: 37.105: [GC (GCLocker Initiated GC) [PSYoungGen: 165090K->71351K(175104K)] 597825K->546886K(699392K), 0.0078040 secs] [Times: user=0.11 sys=0.00, real=0.01 secs] 
2016-09-24T04:20:56.504-0400: 37.152: [Full GC (Ergonomics) [PSYoungGen: 159415K->0K(175104K)] [ParOldGen: 483819K->270863K(524288K)] 643235K->270863K(699392K), [Metaspace: 43755K->43755K(1087488K)], 0.0607962 secs] [Times: user=0.42 sys=0.01, real=0.06 secs] 
2016-09-24T04:20:56.601-0400: 37.249: [GC (GCLocker Initiated GC) [PSYoungGen: 88064K->56617K(175104K)] 364399K->332952K(699392K), 0.0051156 secs] [Times: user=0.06 sys=0.00, real=0.01 secs] 
2016-09-24T04:20:56.637-0400: 37.285: [GC (GCLocker Initiated GC) [PSYoungGen: 144681K->79457K(175104K)] 430530K->374177K(699392K), 0.0068568 secs] [Times: user=0.08 sys=0.00, real=0.01 secs] 
2016-09-24T04:20:56.686-0400: 37.334: [GC (GCLocker Initiated GC) [PSYoungGen: 167521K->41523K(175104K)] 467889K->362890K(699392K), 0.0067454 secs] [Times: user=0.08 sys=0.00, real=0.00 secs] 
2016-09-24T04:20:56.712-0400: 37.360: [GC (GCLocker Initiated GC) [PSYoungGen: 129587K->57787K(175104K)] 451045K->400174K(699392K), 0.0074708 secs] [Times: user=0.06 sys=0.00, real=0.01 secs] 
2016-09-24T04:20:56.763-0400: 37.411: [GC (GCLocker Initiated GC) [PSYoungGen: 145851K->57851K(175104K)] 493655K->437405K(699392K), 0.0078245 secs] [Times: user=0.07 sys=0.00, real=0.00 secs] 
2016-09-24T04:20:56.796-0400: 37.444: [GC (GCLocker Initiated GC) [PSYoungGen: 145915K->71524K(175104K)] 525571K->476187K(699392K), 0.0074142 secs] [Times: user=0.09 sys=0.00, real=0.01 secs] 
2016-09-24T04:20:56.842-0400: 37.490: [GC (GCLocker Initiated GC) [PSYoungGen: 159588K->78267K(175104K)] 575344K->511099K(699392K), 0.0082883 secs] [Times: user=0.09 sys=0.00, real=0.01 secs] 
2016-09-24T04:20:56.890-0400: 37.538: [GC (GCLocker Initiated GC) [PSYoungGen: 166331K->38913K(175104K)] 599211K->505062K(699392K), 0.0058256 secs] [Times: user=0.08 sys=0.00, real=0.01 secs] 
2016-09-24T04:20:56.921-0400: 37.569: [GC (GCLocker Initiated GC) [PSYoungGen: 126977K->82296K(175104K)] 602714K->581528K(699392K), 0.0079411 secs] [Times: user=0.12 sys=0.00, real=0.01 secs] 
2016-09-24T04:20:56.930-0400: 37.578: [Full GC (Ergonomics) [PSYoungGen: 82296K->0K(175104K)] [ParOldGen: 499231K->280463K(524288K)] 581528K->280463K(699392K), [Metaspace: 43764K->43764K(1087488K)], 0.0518961 secs] [Times: user=0.44 sys=0.00, real=0.05 secs] 
2016-09-24T04:20:57.026-0400: 37.674: [GC (GCLocker Initiated GC) [PSYoungGen: 88064K->64649K(175104K)] 378074K->354660K(699392K), 0.0102896 secs] [Times: user=0.15 sys=0.01, real=0.01 secs] 
2016-09-24T04:20:57.062-0400: 37.710: [GC (GCLocker Initiated GC) [PSYoungGen: 152711K->82238K(175104K)] 445681K->386803K(699392K), 0.0072493 secs] [Times: user=0.09 sys=0.00, real=0.01 secs] 
2016-09-24T04:20:57.110-0400: 37.758: [GC (GCLocker Initiated GC) [PSYoungGen: 170302K->52338K(175104K)] 475006K->382132K(699392K), 0.0062457 secs] [Times: user=0.08 sys=0.00, real=0.01 secs] 
2016-09-24T04:20:57.143-0400: 37.791: [GC (GCLocker Initiated GC) [PSYoungGen: 140402K->76792K(175104K)] 475732K->433006K(699392K), 0.0078905 secs] [Times: user=0.09 sys=0.00, real=0.00 secs] 
2016-09-24T04:20:57.189-0400: 37.837: [GC (GCLocker Initiated GC) [PSYoungGen: 164856K->49716K(175104K)] 523850K->470276K(699392K), 0.0079787 secs] [Times: user=0.11 sys=0.01, real=0.01 secs] 
2016-09-24T04:20:57.228-0400: 37.877: [GC (GCLocker Initiated GC) [PSYoungGen: 137780K->58019K(175104K)] 558537K->519973K(699392K), 0.0073277 secs] [Times: user=0.12 sys=0.00, real=0.01 secs] 
2016-09-24T04:20:57.270-0400: 37.918: [GC (GCLocker Initiated GC) [PSYoungGen: 146083K->74220K(175104K)] 610903K->561503K(699392K), 0.0069451 secs] [Times: user=0.09 sys=0.00, real=0.01 secs] 
2016-09-24T04:20:57.277-0400: 37.925: [Full GC (Ergonomics) [PSYoungGen: 74220K->0K(175104K)] [ParOldGen: 487283K->275367K(524288K)] 561503K->275367K(699392K), [Metaspace: 43764K->43764K(1087488K)], 0.0480544 secs] [Times: user=0.41 sys=0.00, real=0.05 secs] 
2016-09-24T04:20:57.358-0400: 38.006: [GC (GCLocker Initiated GC) [PSYoungGen: 88064K->60749K(175104K)] 366320K->339005K(699392K), 0.0076296 secs] [Times: user=0.06 sys=0.00, real=0.01 secs] 
2016-09-24T04:20:57.401-0400: 38.049: [GC (GCLocker Initiated GC) [PSYoungGen: 148813K->75493K(175104K)] 427136K->383131K(699392K), 0.0067932 secs] [Times: user=0.09 sys=0.00, real=0.01 secs] 
2016-09-24T04:20:57.441-0400: 38.089: [GC (GCLocker Initiated GC) [PSYoungGen: 163557K->66021K(175104K)] 476786K->409785K(699392K), 0.0066501 secs] [Times: user=0.10 sys=0.00, real=0.01 secs] 
2016-09-24T04:20:57.483-0400: 38.131: [GC (GCLocker Initiated GC) [PSYoungGen: 154085K->74262K(175104K)] 503411K->448652K(699392K), 0.0074068 secs] [Times: user=0.11 sys=0.00, real=0.00 secs] 
2016-09-24T04:20:57.527-0400: 38.175: [GC (GCLocker Initiated GC) [PSYoungGen: 162326K->63150K(175104K)] 536963K->466975K(699392K), 0.0066645 secs] [Times: user=0.10 sys=0.01, real=0.00 secs] 
2016-09-24T04:20:57.564-0400: 38.212: [GC (GCLocker Initiated GC) [PSYoungGen: 151214K->52556K(175104K)] 558226K->497998K(699392K), 0.0070834 secs] [Times: user=0.11 sys=0.00, real=0.00 secs] 
2016-09-24T04:20:57.609-0400: 38.257: [GC (GCLocker Initiated GC) [PSYoungGen: 140620K->66161K(175104K)] 598267K->550266K(699392K), 0.0074140 secs] [Times: user=0.10 sys=0.00, real=0.01 secs] 
2016-09-24T04:20:57.616-0400: 38.265: [Full GC (Ergonomics) [PSYoungGen: 66161K->0K(175104K)] [ParOldGen: 484105K->281353K(524288K)] 550266K->281353K(699392K), [Metaspace: 43764K->43764K(1087488K)], 0.0506950 secs] [Times: user=0.46 sys=0.00, real=0.05 secs] 
2016-09-24T04:20:57.705-0400: 38.353: [GC (GCLocker Initiated GC) [PSYoungGen: 88064K->86248K(175104K)] 369545K->370430K(699392K), 0.0068765 secs] [Times: user=0.10 sys=0.00, real=0.00 secs] 
2016-09-24T04:20:57.744-0400: 38.392: [GC (GCLocker Initiated GC) [PSYoungGen: 174312K->63289K(175104K)] 461308K->380776K(699392K), 0.0068517 secs] [Times: user=0.08 sys=0.01, real=0.00 secs] 
2016-09-24T04:20:57.786-0400: 38.434: [GC (GCLocker Initiated GC) [PSYoungGen: 151353K->44186K(175104K)] 469031K->397686K(699392K), 0.0072365 secs] [Times: user=0.07 sys=0.00, real=0.00 secs] 
2016-09-24T04:20:57.823-0400: 38.471: [GC (GCLocker Initiated GC) [PSYoungGen: 132250K->48504K(175104K)] 488711K->420525K(699392K), 0.0069392 secs] [Times: user=0.06 sys=0.01, real=0.00 secs] 
2016-09-24T04:20:57.868-0400: 38.516: [GC (GCLocker Initiated GC) [PSYoungGen: 136568K->60782K(175104K)] 518301K->463659K(699392K), 0.0080462 secs] [Times: user=0.10 sys=0.00, real=0.01 secs] 
2016-09-24T04:20:57.912-0400: 38.560: [GC (GCLocker Initiated GC) [PSYoungGen: 148846K->70009K(175104K)] 554651K->486143K(699392K), 0.0065772 secs] [Times: user=0.10 sys=0.00, real=0.01 secs] 
2016-09-24T04:20:57.952-0400: 38.600: [GC (GCLocker Initiated GC) [PSYoungGen: 158073K->66010K(175104K)] 576948K->516670K(699392K), 0.0072699 secs] [Times: user=0.10 sys=0.00, real=0.01 secs] 
2016-09-24T04:20:57.986-0400: 38.634: [GC (GCLocker Initiated GC) [PSYoungGen: 154074K->72805K(175104K)] 604888K->550043K(699392K), 0.0071818 secs] [Times: user=0.10 sys=0.01, real=0.00 secs] 
2016-09-24T04:20:57.994-0400: 38.642: [Full GC (Ergonomics) [PSYoungGen: 72805K->0K(175104K)] [ParOldGen: 477237K->282144K(524288K)] 550043K->282144K(699392K), [Metaspace: 43767K->43767K(1087488K)], 0.0457004 secs] [Times: user=0.37 sys=0.00, real=0.05 secs] 
2016-09-24T04:20:58.076-0400: 38.724: [GC (GCLocker Initiated GC) [PSYoungGen: 88064K->74531K(175104K)] 371038K->357505K(699392K), 0.0062629 secs] [Times: user=0.08 sys=0.00, real=0.00 secs] 
2016-09-24T04:20:58.117-0400: 38.765: [GC (GCLocker Initiated GC) [PSYoungGen: 162595K->53721K(175104K)] 452412K->374433K(699392K), 0.0061212 secs] [Times: user=0.09 sys=0.00, real=0.01 secs] 
2016-09-24T04:20:58.155-0400: 38.803: [GC (GCLocker Initiated GC) [PSYoungGen: 141785K->76855K(175104K)] 470913K->433599K(699392K), 0.0077199 secs] [Times: user=0.10 sys=0.00, real=0.01 secs] 
2016-09-24T04:20:58.198-0400: 38.846: [GC (GCLocker Initiated GC) [PSYoungGen: 164919K->52331K(175104K)] 524480K->423476K(699392K), 0.0090550 secs] [Times: user=0.09 sys=0.00, real=0.01 secs] 
2016-09-24T04:20:58.234-0400: 38.882: [GC (GCLocker Initiated GC) [PSYoungGen: 140395K->75365K(175104K)] 521143K->485183K(699392K), 0.0069642 secs] [Times: user=0.10 sys=0.00, real=0.00 secs] 
2016-09-24T04:20:58.285-0400: 38.933: [GC (GCLocker Initiated GC) [PSYoungGen: 163429K->49812K(175104K)] 576059K->521156K(699392K), 0.0075403 secs] [Times: user=0.11 sys=0.00, real=0.00 secs] 
2016-09-24T04:20:58.293-0400: 38.941: [Full GC (Ergonomics) [PSYoungGen: 49812K->0K(175104K)] [ParOldGen: 471344K->282142K(524288K)] 521156K->282142K(699392K), [Metaspace: 43769K->43769K(1087488K)], 0.0499041 secs] [Times: user=0.45 sys=0.00, real=0.06 secs] 
2016-09-24T04:20:58.373-0400: 39.021: [GC (GCLocker Initiated GC) [PSYoungGen: 88064K->82384K(175104K)] 370342K->364662K(699392K), 0.0060197 secs] [Times: user=0.08 sys=0.00, real=0.01 secs] 
2016-09-24T04:20:58.407-0400: 39.055: [GC (GCLocker Initiated GC) [PSYoungGen: 170448K->80982K(175104K)] 452941K->385967K(699392K), 0.0069797 secs] [Times: user=0.10 sys=0.00, real=0.00 secs] 
2016-09-24T04:20:58.451-0400: 39.099: [GC (GCLocker Initiated GC) [PSYoungGen: 169046K->75431K(175104K)] 479580K->407043K(699392K), 0.0066192 secs] [Times: user=0.09 sys=0.00, real=0.01 secs] 
2016-09-24T04:20:58.487-0400: 39.135: [GC (GCLocker Initiated GC) [PSYoungGen: 163495K->66056K(175104K)] 495177K->429517K(699392K), 0.0073257 secs] [Times: user=0.12 sys=0.00, real=0.01 secs] 
2016-09-24T04:20:58.529-0400: 39.177: [GC (GCLocker Initiated GC) [PSYoungGen: 154120K->63057K(175104K)] 520507K->453134K(699392K), 0.0068336 secs] [Times: user=0.08 sys=0.00, real=0.01 secs] 
2016-09-24T04:20:58.576-0400: 39.224: [GC (GCLocker Initiated GC) [PSYoungGen: 151121K->52620K(175104K)] 548189K->476039K(699392K), 0.0072010 secs] [Times: user=0.09 sys=0.01, real=0.01 secs] 
2016-09-24T04:20:58.607-0400: 39.255: [GC (GCLocker Initiated GC) [PSYoungGen: 140684K->78239K(175104K)] 564189K->528251K(699392K), 0.0085651 secs] [Times: user=0.11 sys=0.00, real=0.01 secs] 
2016-09-24T04:20:58.655-0400: 39.303: [GC (GCLocker Initiated GC) [PSYoungGen: 166303K->64623K(175104K)] 630023K->550704K(699392K), 0.0091184 secs] [Times: user=0.08 sys=0.00, real=3.85 secs] 
2016-09-24T04:21:02.506-0400: 43.154: [Full GC (Ergonomics) [PSYoungGen: 64623K->0K(175104K)] [ParOldGen: 486080K->288295K(524288K)] 550704K->288295K(699392K), [Metaspace: 43769K->43769K(1087488K)], 0.0687941 secs] [Times: user=0.50 sys=0.01, real=0.07 secs] 
2016-09-24T04:21:02.632-0400: 43.280: [GC (GCLocker Initiated GC) [PSYoungGen: 88064K->82329K(175104K)] 379285K->373559K(699392K), 0.0071380 secs] [Times: user=0.10 sys=0.00, real=0.01 secs] 
2016-09-24T04:21:02.675-0400: 43.323: [GC (GCLocker Initiated GC) [PSYoungGen: 170393K->68822K(175104K)] 461740K->382701K(699392K), 0.0071913 secs] [Times: user=0.09 sys=0.00, real=0.01 secs] 
2016-09-24T04:21:02.725-0400: 43.373: [GC (GCLocker Initiated GC) [PSYoungGen: 156886K->51131K(175104K)] 473516K->402405K(699392K), 0.0074033 secs] [Times: user=0.10 sys=0.00, real=0.00 secs] 
2016-09-24T04:21:02.765-0400: 43.413: [GC (GCLocker Initiated GC) [PSYoungGen: 139195K->68898K(175104K)] 492075K->453666K(699392K), 0.0085181 secs] [Times: user=0.11 sys=0.00, real=0.00 secs] 
2016-09-24T04:21:02.810-0400: 43.458: [GC (GCLocker Initiated GC) [PSYoungGen: 156962K->67300K(175104K)] 544641K->480201K(699392K), 0.0076373 secs] [Times: user=0.10 sys=0.00, real=0.01 secs] 
2016-09-24T04:21:02.859-0400: 43.507: [GC (GCLocker Initiated GC) [PSYoungGen: 155364K->73009K(175104K)] 586002K->509708K(699392K), 0.0066585 secs] [Times: user=0.08 sys=0.00, real=0.01 secs] 
2016-09-24T04:21:02.909-0400: 43.557: [GC (GCLocker Initiated GC) [PSYoungGen: 161073K->52291K(175104K)] 604559K->510196K(699392K), 0.0067075 secs] [Times: user=0.07 sys=0.00, real=0.01 secs] 
2016-09-24T04:21:02.947-0400: 43.595: [GC (GCLocker Initiated GC) [PSYoungGen: 140355K->57831K(175104K)] 603741K->559692K(699392K), 0.0086888 secs] [Times: user=0.10 sys=0.00, real=0.01 secs] 
2016-09-24T04:21:02.956-0400: 43.604: [Full GC (Ergonomics) [PSYoungGen: 57831K->0K(175104K)] [ParOldGen: 501861K->294843K(524288K)] 559692K->294843K(699392K), [Metaspace: 43778K->43778K(1087488K)], 0.0596507 secs] [Times: user=0.53 sys=0.00, real=0.06 secs] 
2016-09-24T04:21:03.051-0400: 43.699: [GC (GCLocker Initiated GC) [PSYoungGen: 88063K->66175K(175104K)] 383167K->361278K(699392K), 0.0100815 secs] [Times: user=0.11 sys=0.00, real=0.01 secs] 
2016-09-24T04:21:03.092-0400: 43.741: [GC (GCLocker Initiated GC) [PSYoungGen: 154239K->75578K(175104K)] 452243K->393341K(699392K), 0.0118150 secs] [Times: user=0.12 sys=0.00, real=0.02 secs] 
2016-09-24T04:21:03.142-0400: 43.790: [GC (GCLocker Initiated GC) [PSYoungGen: 163642K->56342K(175104K)] 484296K->407515K(699392K), 0.0074424 secs] [Times: user=0.08 sys=0.01, real=0.01 secs] 
2016-09-24T04:21:03.174-0400: 43.822: [GC (GCLocker Initiated GC) [PSYoungGen: 144406K->78113K(175104K)] 495736K->459844K(699392K), 0.0080714 secs] [Times: user=0.09 sys=0.00, real=0.01 secs] 
2016-09-24T04:21:03.227-0400: 43.875: [GC (GCLocker Initiated GC) [PSYoungGen: 166177K->56501K(175104K)] 553401K->476924K(699392K), 0.0076388 secs] [Times: user=0.11 sys=0.00, real=0.01 secs] 
2016-09-24T04:21:03.270-0400: 43.918: [GC (GCLocker Initiated GC) [PSYoungGen: 144565K->57947K(175104K)] 565017K->512816K(699392K), 0.0073838 secs] [Times: user=0.11 sys=0.01, real=0.01 secs] 
2016-09-24T04:21:03.311-0400: 43.959: [GC (GCLocker Initiated GC) [PSYoungGen: 146011K->71550K(175104K)] 617227K->554285K(699392K), 0.0108730 secs] [Times: user=0.16 sys=0.01, real=0.01 secs] 
2016-09-24T04:21:03.322-0400: 43.970: [Full GC (Ergonomics) [PSYoungGen: 71550K->0K(175104K)] [ParOldGen: 482735K->295289K(524288K)] 554285K->295289K(699392K), [Metaspace: 43778K->43778K(1087488K)], 0.0582953 secs] [Times: user=0.49 sys=0.01, real=0.06 secs] 
2016-09-24T04:21:03.424-0400: 44.072: [GC (GCLocker Initiated GC) [PSYoungGen: 88064K->79580K(175104K)] 386204K->377720K(699392K), 0.0072227 secs] [Times: user=0.09 sys=0.00, real=0.00 secs] 
2016-09-24T04:21:03.460-0400: 44.108: [GC (GCLocker Initiated GC) [PSYoungGen: 167644K->79528K(175104K)] 468732K->412503K(699392K), 0.0079763 secs] [Times: user=0.13 sys=0.00, real=0.01 secs] 
2016-09-24T04:21:03.505-0400: 44.153: [GC (GCLocker Initiated GC) [PSYoungGen: 167592K->57973K(175104K)] 510073K->433610K(699392K), 0.0143778 secs] [Times: user=0.13 sys=0.00, real=0.01 secs] 
2016-09-24T04:21:03.555-0400: 44.203: [GC (GCLocker Initiated GC) [PSYoungGen: 146037K->74116K(175104K)] 524550K->485853K(699392K), 0.0080915 secs] [Times: user=0.12 sys=0.01, real=0.01 secs] 
2016-09-24T04:21:03.596-0400: 44.245: [GC (GCLocker Initiated GC) [PSYoungGen: 162180K->68921K(175104K)] 574066K->505840K(699392K), 0.0074666 secs] [Times: user=0.10 sys=0.00, real=0.01 secs] 
2016-09-24T04:21:03.641-0400: 44.289: [GC (GCLocker Initiated GC) [PSYoungGen: 156985K->67411K(175104K)] 602131K->543195K(699392K), 0.0081946 secs] [Times: user=0.11 sys=0.00, real=0.01 secs] 
2016-09-24T04:21:03.649-0400: 44.297: [Full GC (Ergonomics) [PSYoungGen: 67411K->0K(175104K)] [ParOldGen: 475783K->303309K(524288K)] 543195K->303309K(699392K), [Metaspace: 43778K->43778K(1087488K)], 0.0533422 secs] [Times: user=0.47 sys=0.00, real=0.06 secs] 
2016-09-24T04:21:04.968-0400: 45.617: [GC (GCLocker Initiated GC) [PSYoungGen: 88064K->41780K(175104K)] 395512K->349229K(699392K), 0.0057058 secs] [Times: user=0.06 sys=0.00, real=0.01 secs] 
2016-09-24T04:21:05.005-0400: 45.653: [GC (GCLocker Initiated GC) [PSYoungGen: 129844K->75523K(175104K)] 444265K->402975K(699392K), 0.0078040 secs] [Times: user=0.11 sys=0.00, real=0.00 secs] 
2016-09-24T04:21:05.059-0400: 45.707: [GC (GCLocker Initiated GC) [PSYoungGen: 163587K->44032K(175104K)] 497953K->391257K(699392K), 0.0070804 secs] [Times: user=0.06 sys=0.00, real=0.01 secs] 
2016-09-24T04:21:05.104-0400: 45.752: [GC (GCLocker Initiated GC) [PSYoungGen: 132096K->75466K(175104K)] 484781K->447675K(699392K), 0.0099005 secs] [Times: user=0.12 sys=0.00, real=0.00 secs] 
2016-09-24T04:21:05.155-0400: 45.803: [GC (GCLocker Initiated GC) [PSYoungGen: 163530K->67315K(175104K)] 541671K->473172K(699392K), 0.0085151 secs] [Times: user=0.09 sys=0.01, real=0.01 secs] 
2016-09-24T04:21:05.199-0400: 45.847: [GC (GCLocker Initiated GC) [PSYoungGen: 155379K->68729K(175104K)] 564033K->510525K(699392K), 0.0102279 secs] [Times: user=0.12 sys=0.00, real=0.01 secs] 
2016-09-24T04:21:05.245-0400: 45.893: [GC (GCLocker Initiated GC) [PSYoungGen: 156793K->76810K(175104K)] 609526K->570811K(699392K), 0.0087516 secs] [Times: user=0.13 sys=0.00, real=0.00 secs] 
2016-09-24T04:21:05.254-0400: 45.902: [Full GC (Ergonomics) [PSYoungGen: 76810K->0K(175104K)] [ParOldGen: 494001K->281178K(524288K)] 570811K->281178K(699392K), [Metaspace: 43819K->43819K(1087488K)], 0.1175157 secs] [Times: user=1.48 sys=0.02, real=0.12 secs] 
2016-09-24T04:21:05.411-0400: 46.059: [GC (GCLocker Initiated GC) [PSYoungGen: 88064K->80976K(175104K)] 376251K->369163K(699392K), 0.0072112 secs] [Times: user=0.11 sys=0.00, real=0.01 secs] 
2016-09-24T04:21:05.462-0400: 46.110: [GC (GCLocker Initiated GC) [PSYoungGen: 169040K->60706K(175104K)] 473531K->383609K(699392K), 0.0106420 secs] [Times: user=0.12 sys=0.01, real=0.00 secs] 
2016-09-24T04:21:05.508-0400: 46.156: [GC (GCLocker Initiated GC) [PSYoungGen: 148770K->71276K(175104K)] 474531K->426176K(699392K), 0.0074394 secs] [Times: user=0.08 sys=0.01, real=0.01 secs] 
2016-09-24T04:21:05.557-0400: 46.205: [GC (GCLocker Initiated GC) [PSYoungGen: 159340K->37596K(175104K)] 522450K->437825K(699392K), 0.0075649 secs] [Times: user=0.09 sys=0.00, real=0.01 secs] 
2016-09-24T04:21:05.597-0400: 46.245: [GC (GCLocker Initiated GC) [PSYoungGen: 125660K->57852K(175104K)] 525963K->507529K(699392K), 0.0075432 secs] [Times: user=0.10 sys=0.00, real=0.01 secs] 
2016-09-24T04:21:05.644-0400: 46.292: [GC (GCLocker Initiated GC) [PSYoungGen: 145916K->47257K(175104K)] 603858K->549092K(699392K), 0.0066607 secs] [Times: user=0.09 sys=0.00, real=0.00 secs] 
2016-09-24T04:21:05.651-0400: 46.299: [Full GC (Ergonomics) [PSYoungGen: 47257K->0K(175104K)] [ParOldGen: 501834K->281221K(524288K)] 549092K->281221K(699392K), [Metaspace: 43823K->43823K(1087488K)], 0.0493190 secs] [Times: user=0.35 sys=0.00, real=0.05 secs] 
2016-09-24T04:21:05.738-0400: 46.387: [GC (GCLocker Initiated GC) [PSYoungGen: 88064K->54026K(175104K)] 369335K->335298K(699392K), 0.0058721 secs] [Times: user=0.06 sys=0.00, real=0.01 secs] 
2016-09-24T04:21:05.779-0400: 46.427: [GC (GCLocker Initiated GC) [PSYoungGen: 142090K->63470K(175104K)] 426789K->374715K(699392K), 0.0080784 secs] [Times: user=0.11 sys=0.01, real=0.01 secs] 
2016-09-24T04:21:05.816-0400: 46.465: [GC (GCLocker Initiated GC) [PSYoungGen: 151534K->61870K(175104K)] 464190K->410549K(699392K), 0.0076672 secs] [Times: user=0.11 sys=0.00, real=0.01 secs] 
2016-09-24T04:21:05.863-0400: 46.511: [GC (GCLocker Initiated GC) [PSYoungGen: 149934K->68710K(175104K)] 514926K->445235K(699392K), 0.0075756 secs] [Times: user=0.07 sys=0.01, real=0.00 secs] 
2016-09-24T04:21:05.912-0400: 46.560: [GC (GCLocker Initiated GC) [PSYoungGen: 156774K->45702K(175104K)] 536094K->450208K(699392K), 0.0068615 secs] [Times: user=0.07 sys=0.00, real=0.01 secs] 
2016-09-24T04:21:05.950-0400: 46.598: [GC (GCLocker Initiated GC) [PSYoungGen: 133766K->70079K(175104K)] 542442K->506436K(699392K), 0.0076113 secs] [Times: user=0.11 sys=0.00, real=0.01 secs] 
2016-09-24T04:21:05.992-0400: 46.640: [GC (GCLocker Initiated GC) [PSYoungGen: 158143K->71301K(175104K)] 602670K->544975K(699392K), 0.0075701 secs] [Times: user=0.12 sys=0.00, real=0.01 secs] 
2016-09-24T04:21:06.000-0400: 46.648: [Full GC (Ergonomics) [PSYoungGen: 71301K->0K(175104K)] [ParOldGen: 473674K->281603K(524288K)] 544975K->281603K(699392K), [Metaspace: 43827K->43827K(1087488K)], 0.0524340 secs] [Times: user=0.45 sys=0.01, real=0.05 secs] 
2016-09-24T04:21:06.090-0400: 46.738: [GC (GCLocker Initiated GC) [PSYoungGen: 88064K->71545K(175104K)] 375141K->358622K(699392K), 0.0056848 secs] [Times: user=0.09 sys=0.00, real=0.01 secs] 
2016-09-24T04:21:06.131-0400: 46.779: [GC (GCLocker Initiated GC) [PSYoungGen: 159609K->70092K(175104K)] 454880K->389222K(699392K), 0.0069828 secs] [Times: user=0.10 sys=0.00, real=0.01 secs] 
2016-09-24T04:21:06.177-0400: 46.825: [GC (GCLocker Initiated GC) [PSYoungGen: 158156K->63252K(175104K)] 484198K->406224K(699392K), 0.0064311 secs] [Times: user=0.09 sys=0.01, real=0.01 secs] 
2016-09-24T04:21:06.209-0400: 46.857: [GC (GCLocker Initiated GC) [PSYoungGen: 151316K->72747K(175104K)] 497057K->435341K(699392K), 0.0081508 secs] [Times: user=0.11 sys=0.00, real=0.01 secs] 
2016-09-24T04:21:06.255-0400: 46.903: [GC (GCLocker Initiated GC) [PSYoungGen: 160811K->53674K(175104K)] 528965K->452301K(699392K), 0.0073446 secs] [Times: user=0.10 sys=0.00, real=0.01 secs] 
2016-09-24T04:21:06.293-0400: 46.941: [GC (GCLocker Initiated GC) [PSYoungGen: 141738K->83624K(175104K)] 540915K->494140K(699392K), 0.0068672 secs] [Times: user=0.10 sys=0.00, real=0.01 secs] 
2016-09-24T04:21:06.333-0400: 46.981: [GC (GCLocker Initiated GC) [PSYoungGen: 171688K->64550K(175104K)] 587734K->500242K(699392K), 0.0066064 secs] [Times: user=0.08 sys=0.01, real=0.01 secs] 
2016-09-24T04:21:06.380-0400: 47.028: [GC (GCLocker Initiated GC) [PSYoungGen: 152614K->51038K(175104K)] 588348K->507622K(699392K), 0.0070178 secs] [Times: user=0.09 sys=0.00, real=0.01 secs] 
2016-09-24T04:21:06.423-0400: 47.071: [GC (GCLocker Initiated GC) [PSYoungGen: 139102K->64595K(175104K)] 601135K->534090K(699392K), 0.0088166 secs] [Times: user=0.08 sys=0.00, real=0.00 secs] 
2016-09-24T04:21:06.475-0400: 47.123: [GC (GCLocker Initiated GC) [PSYoungGen: 152659K->53565K(175104K)] 625070K->545637K(699392K), 0.0068232 secs] [Times: user=0.09 sys=0.00, real=0.00 secs] 
2016-09-24T04:21:06.482-0400: 47.130: [Full GC (Ergonomics) [PSYoungGen: 53565K->0K(175104K)] [ParOldGen: 492072K->274568K(524288K)] 545637K->274568K(699392K), [Metaspace: 43830K->43830K(1087488K)], 0.0553846 secs] [Times: user=0.43 sys=0.03, real=0.06 secs] 
2016-09-24T04:21:06.565-0400: 47.213: [GC (GCLocker Initiated GC) [PSYoungGen: 88064K->78383K(175104K)] 368088K->358408K(699392K), 0.0066367 secs] [Times: user=0.08 sys=0.00, real=0.00 secs] 
2016-09-24T04:21:06.608-0400: 47.256: [GC (GCLocker Initiated GC) [PSYoungGen: 166447K->54927K(175104K)] 446637K->356276K(699392K), 0.0077745 secs] [Times: user=0.08 sys=0.00, real=0.01 secs] 
2016-09-24T04:21:06.651-0400: 47.299: [GC (GCLocker Initiated GC) [PSYoungGen: 142991K->57864K(175104K)] 447196K->391071K(699392K), 0.0069652 secs] [Times: user=0.09 sys=0.01, real=0.01 secs] 
2016-09-24T04:21:06.695-0400: 47.343: [GC (GCLocker Initiated GC) [PSYoungGen: 145928K->55260K(175104K)] 485447K->414384K(699392K), 0.0069088 secs] [Times: user=0.09 sys=0.00, real=0.00 secs] 
2016-09-24T04:21:06.736-0400: 47.384: [GC (GCLocker Initiated GC) [PSYoungGen: 143324K->70078K(175104K)] 507921K->455709K(699392K), 0.0073031 secs] [Times: user=0.11 sys=0.00, real=0.01 secs] 
2016-09-24T04:21:06.775-0400: 47.423: [GC (GCLocker Initiated GC) [PSYoungGen: 158142K->59119K(172032K)] 553375K->470009K(696320K), 0.0071480 secs] [Times: user=0.09 sys=0.01, real=0.01 secs] 
2016-09-24T04:21:06.815-0400: 47.463: [GC (GCLocker Initiated GC) [PSYoungGen: 147183K->61728K(173568K)] 558236K->513974K(697856K), 0.0072191 secs] [Times: user=0.09 sys=0.01, real=0.00 secs] 
2016-09-24T04:21:06.852-0400: 47.500: [GC (GCLocker Initiated GC) [PSYoungGen: 149792K->63200K(174080K)] 604784K->551078K(698368K), 0.0078015 secs] [Times: user=0.12 sys=0.00, real=0.01 secs] 
2016-09-24T04:21:06.860-0400: 47.508: [Full GC (Ergonomics) [PSYoungGen: 63200K->0K(174080K)] [ParOldGen: 487877K->291072K(524288K)] 551078K->291072K(698368K), [Metaspace: 43830K->43830K(1087488K)], 0.0577367 secs] [Times: user=0.56 sys=0.01, real=0.06 secs] 
2016-09-24T04:21:06.954-0400: 47.602: [GC (GCLocker Initiated GC) [PSYoungGen: 93184K->70346K(175104K)] 388422K->365584K(699392K), 0.0064354 secs] [Times: user=0.10 sys=0.00, real=0.01 secs] 
2016-09-24T04:21:06.994-0400: 47.642: [GC (GCLocker Initiated GC) [PSYoungGen: 163530K->65932K(179200K)] 463048K->377278K(703488K), 0.0071903 secs] [Times: user=0.08 sys=0.01, real=0.01 secs] 
2016-09-24T04:21:07.046-0400: 47.694: [GC (GCLocker Initiated GC) [PSYoungGen: 163212K->79445K(177152K)] 480046K->410544K(701440K), 0.0112201 secs] [Times: user=0.11 sys=0.00, real=0.01 secs] 
2016-09-24T04:21:07.092-0400: 47.740: [GC (GCLocker Initiated GC) [PSYoungGen: 176725K->61977K(177664K)] 508503K->410596K(701952K), 0.0063169 secs] [Times: user=0.09 sys=0.00, real=0.01 secs] 
2016-09-24T04:21:07.137-0400: 47.785: [GC (GCLocker Initiated GC) [PSYoungGen: 154649K->51023K(177152K)] 510122K->424840K(701440K), 0.0070664 secs] [Times: user=0.08 sys=0.01, real=0.01 secs] 
2016-09-24T04:21:07.178-0400: 47.826: [GC (GCLocker Initiated GC) [PSYoungGen: 143695K->67286K(176128K)] 520402K->464916K(700416K), 0.0092788 secs] [Times: user=0.09 sys=0.01, real=0.01 secs] 
2016-09-24T04:21:07.231-0400: 47.879: [GC (GCLocker Initiated GC) [PSYoungGen: 159958K->60814K(176640K)] 588832K->501136K(700928K), 0.0068056 secs] [Times: user=0.09 sys=0.00, real=0.01 secs] 
2016-09-24T04:21:07.277-0400: 47.925: [GC (GCLocker Initiated GC) [PSYoungGen: 153486K->51007K(176640K)] 602034K->524765K(700928K), 0.0059381 secs] [Times: user=0.10 sys=0.00, real=0.01 secs] 
2016-09-24T04:21:07.315-0400: 47.963: [GC (GCLocker Initiated GC) [PSYoungGen: 145215K->73931K(177152K)] 621781K->567279K(701440K), 0.0068427 secs] [Times: user=0.10 sys=0.00, real=0.00 secs] 
2016-09-24T04:21:07.322-0400: 47.970: [Full GC (Ergonomics) [PSYoungGen: 73931K->0K(177152K)] [ParOldGen: 493347K->295092K(524288K)] 567279K->295092K(701440K), [Metaspace: 43837K->43837K(1087488K)], 0.0977655 secs] [Times: user=0.48 sys=0.08, real=0.10 secs] 
2016-09-24T04:21:07.456-0400: 48.104: [GC (GCLocker Initiated GC) [PSYoungGen: 94208K->82550K(173056K)] 394893K->385935K(697344K), 0.0083570 secs] [Times: user=0.08 sys=0.02, real=0.01 secs] 
2016-09-24T04:21:07.502-0400: 48.150: [GC (GCLocker Initiated GC) [PSYoungGen: 170614K->74077K(175104K)] 479599K->403004K(699392K), 0.0070442 secs] [Times: user=0.11 sys=0.01, real=0.00 secs] 
2016-09-24T04:21:07.547-0400: 48.195: [GC (GCLocker Initiated GC) [PSYoungGen: 162141K->36031K(175104K)] 495291K->398180K(699392K), 0.0064095 secs] [Times: user=0.07 sys=0.00, real=0.00 secs] 
2016-09-24T04:21:07.580-0400: 48.228: [GC (GCLocker Initiated GC) [PSYoungGen: 124095K->78130K(175104K)] 486304K->458540K(699392K), 0.0066182 secs] [Times: user=0.09 sys=0.01, real=0.01 secs] 
2016-09-24T04:21:07.622-0400: 48.271: [GC (GCLocker Initiated GC) [PSYoungGen: 166194K->56508K(175104K)] 555585K->460067K(699392K), 0.0081879 secs] [Times: user=0.08 sys=0.00, real=0.00 secs] 
2016-09-24T04:21:07.659-0400: 48.307: [GC (GCLocker Initiated GC) [PSYoungGen: 144572K->50728K(175104K)] 549577K->491708K(699392K), 0.0074408 secs] [Times: user=0.08 sys=0.00, real=0.01 secs] 
2016-09-24T04:21:07.698-0400: 48.346: [GC (GCLocker Initiated GC) [PSYoungGen: 138792K->61672K(175104K)] 585259K->535557K(699392K), 0.0078361 secs] [Times: user=0.07 sys=0.01, real=0.01 secs] 
2016-09-24T04:21:07.743-0400: 48.391: [GC (GCLocker Initiated GC) [PSYoungGen: 149736K->48346K(175104K)] 626965K->561292K(699392K), 0.0067491 secs] [Times: user=0.08 sys=0.01, real=0.00 secs] 
2016-09-24T04:21:07.750-0400: 48.398: [Full GC (Ergonomics) [PSYoungGen: 48346K->0K(175104K)] [ParOldGen: 512946K->288832K(524288K)] 561292K->288832K(699392K), [Metaspace: 43841K->43841K(1087488K)], 0.0537134 secs] [Times: user=0.51 sys=0.01, real=0.06 secs] 
2016-09-24T04:21:07.831-0400: 48.479: [GC (GCLocker Initiated GC) [PSYoungGen: 88064K->85062K(175104K)] 376995K->373993K(699392K), 0.0089154 secs] [Times: user=0.12 sys=0.00, real=0.01 secs] 
2016-09-24T04:21:07.878-0400: 48.526: [GC (GCLocker Initiated GC) [PSYoungGen: 173126K->52677K(175104K)] 470395K->379110K(699392K), 0.0075964 secs] [Times: user=0.07 sys=0.00, real=0.01 secs] 
2016-09-24T04:21:07.925-0400: 48.573: [GC (GCLocker Initiated GC) [PSYoungGen: 140741K->57918K(175104K)] 478027K->424440K(699392K), 0.0066166 secs] [Times: user=0.08 sys=0.00, real=0.00 secs] 
2016-09-24T04:21:07.958-0400: 48.606: [GC (GCLocker Initiated GC) [PSYoungGen: 145982K->71367K(175104K)] 512700K->463172K(699392K), 0.0072835 secs] [Times: user=0.12 sys=0.00, real=0.01 secs] 
2016-09-24T04:21:08.001-0400: 48.649: [GC (GCLocker Initiated GC) [PSYoungGen: 159431K->45686K(175104K)] 552691K->486928K(699392K), 0.0075249 secs] [Times: user=0.11 sys=0.00, real=0.01 secs] 
2016-09-24T04:21:08.040-0400: 48.688: [GC (GCLocker Initiated GC) [PSYoungGen: 133750K->71549K(175104K)] 577892K->548799K(699392K), 0.0078120 secs] [Times: user=0.12 sys=0.00, real=0.01 secs] 
2016-09-24T04:21:08.048-0400: 48.696: [Full GC (Ergonomics) [PSYoungGen: 71549K->0K(175104K)] [ParOldGen: 477250K->300799K(524288K)] 548799K->300799K(699392K), [Metaspace: 43842K->43842K(1087488K)], 0.0550202 secs] [Times: user=0.49 sys=0.00, real=0.06 secs] 
2016-09-24T04:21:08.137-0400: 48.785: [GC (GCLocker Initiated GC) [PSYoungGen: 88064K->83675K(175104K)] 395741K->391352K(699392K), 0.0071353 secs] [Times: user=0.10 sys=0.00, real=0.01 secs] 
2016-09-24T04:21:08.175-0400: 48.823: [GC (GCLocker Initiated GC) [PSYoungGen: 171739K->45820K(175104K)] 479534K->405816K(699392K), 0.0069910 secs] [Times: user=0.11 sys=0.00, real=0.01 secs] 
2016-09-24T04:21:08.220-0400: 48.868: [GC (GCLocker Initiated GC) [PSYoungGen: 133884K->60725K(175104K)] 506252K->452783K(699392K), 0.0065333 secs] [Times: user=0.09 sys=0.01, real=0.01 secs] 
2016-09-24T04:21:08.263-0400: 48.911: [GC (GCLocker Initiated GC) [PSYoungGen: 148789K->67354K(175104K)] 546557K->484875K(699392K), 0.0065245 secs] [Times: user=0.10 sys=0.00, real=0.00 secs] 
2016-09-24T04:21:08.303-0400: 48.951: [GC (GCLocker Initiated GC) [PSYoungGen: 155418K->83541K(175104K)] 585246K->528967K(699392K), 0.0077398 secs] [Times: user=0.11 sys=0.00, real=0.00 secs] 
2016-09-24T04:21:08.354-0400: 49.002: [GC (GCLocker Initiated GC) [PSYoungGen: 171605K->48351K(175104K)] 628060K->531167K(699392K), 0.0215625 secs] [Times: user=0.28 sys=0.00, real=0.03 secs] 
2016-09-24T04:21:08.376-0400: 49.024: [Full GC (Ergonomics) [PSYoungGen: 48351K->0K(175104K)] [ParOldGen: 482816K->298063K(524288K)] 531167K->298063K(699392K), [Metaspace: 43842K->43842K(1087488K)], 0.0528343 secs] [Times: user=0.46 sys=0.00, real=0.05 secs] 
2016-09-24T04:21:08.458-0400: 49.106: [GC (GCLocker Initiated GC) [PSYoungGen: 88064K->70288K(175104K)] 386219K->368443K(699392K), 0.0065996 secs] [Times: user=0.06 sys=0.01, real=0.01 secs] 
2016-09-24T04:21:08.499-0400: 49.147: [GC (GCLocker Initiated GC) [PSYoungGen: 158352K->67094K(175104K)] 459308K->386574K(699392K), 0.0095049 secs] [Times: user=0.08 sys=0.00, real=0.01 secs] 
2016-09-24T04:21:08.546-0400: 49.194: [GC (GCLocker Initiated GC) [PSYoungGen: 155158K->64517K(175104K)] 474928K->402505K(699392K), 0.0100253 secs] [Times: user=0.08 sys=0.00, real=0.01 secs] 
2016-09-24T04:21:08.591-0400: 49.239: [GC (GCLocker Initiated GC) [PSYoungGen: 152581K->63226K(175104K)] 493330K->429038K(699392K), 0.0086219 secs] [Times: user=0.10 sys=0.01, real=0.01 secs] 
2016-09-24T04:21:08.633-0400: 49.281: [GC (GCLocker Initiated GC) [PSYoungGen: 151290K->76984K(175104K)] 525331K->458477K(699392K), 0.0072519 secs] [Times: user=0.10 sys=0.00, real=0.01 secs] 
2016-09-24T04:21:08.683-0400: 49.331: [GC (GCLocker Initiated GC) [PSYoungGen: 165048K->56369K(175104K)] 557587K->459214K(699392K), 0.0068283 secs] [Times: user=0.07 sys=0.00, real=0.00 secs] 
2016-09-24T04:21:08.720-0400: 49.368: [GC (GCLocker Initiated GC) [PSYoungGen: 144430K->71304K(175104K)] 554284K->488504K(699392K), 0.0067385 secs] [Times: user=0.09 sys=0.01, real=0.01 secs] 
2016-09-24T04:21:08.766-0400: 49.414: [GC (GCLocker Initiated GC) [PSYoungGen: 159368K->65784K(175104K)] 579440K->499991K(699392K), 0.0070354 secs] [Times: user=0.08 sys=0.01, real=0.00 secs] 
2016-09-24T04:21:08.806-0400: 49.454: [GC (GCLocker Initiated GC) [PSYoungGen: 153848K->60644K(174080K)] 599100K->518671K(698368K), 0.0073656 secs] [Times: user=0.08 sys=0.00, real=0.00 secs] 
2016-09-24T04:21:08.850-0400: 49.498: [GC (GCLocker Initiated GC) [PSYoungGen: 148708K->61743K(174592K)] 606840K->535469K(698880K), 0.0070019 secs] [Times: user=0.08 sys=0.00, real=0.01 secs] 
2016-09-24T04:21:08.886-0400: 49.534: [GC (GCLocker Initiated GC) [PSYoungGen: 149807K->60369K(173568K)] 626389K->559157K(697856K), 0.0073916 secs] [Times: user=0.07 sys=0.01, real=0.00 secs] 
2016-09-24T04:21:08.894-0400: 49.542: [Full GC (Ergonomics) [PSYoungGen: 60369K->0K(173568K)] [ParOldGen: 498787K->305696K(524288K)] 559157K->305696K(697856K), [Metaspace: 43845K->43845K(1087488K)], 0.0758887 secs] [Times: user=0.46 sys=0.02, real=0.08 secs] 
2016-09-24T04:21:09.009-0400: 49.657: [GC (GCLocker Initiated GC) [PSYoungGen: 90624K->63834K(174080K)] 409573K->382783K(698368K), 0.0184834 secs] [Times: user=0.26 sys=0.00, real=0.02 secs] 
2016-09-24T04:21:09.060-0400: 49.708: [GC (GCLocker Initiated GC) [PSYoungGen: 154458K->63062K(176640K)] 473462K->404940K(700928K), 0.0064333 secs] [Times: user=0.09 sys=0.00, real=0.01 secs] 
2016-09-24T04:21:09.096-0400: 49.744: [GC (GCLocker Initiated GC) [PSYoungGen: 159830K->66040K(177152K)] 501831K->420689K(701440K), 0.0121121 secs] [Times: user=0.14 sys=0.00, real=0.01 secs] 
2016-09-24T04:21:09.155-0400: 49.803: [GC (GCLocker Initiated GC) [PSYoungGen: 162808K->60793K(180224K)] 526938K->459573K(704512K), 0.0123163 secs] [Times: user=0.18 sys=0.00, real=0.01 secs] 
2016-09-24T04:21:09.201-0400: 49.849: [GC (GCLocker Initiated GC) [PSYoungGen: 163193K->53741K(180736K)] 567575K->464388K(705024K), 0.0076974 secs] [Times: user=0.06 sys=0.00, real=0.01 secs] 
2016-09-24T04:21:09.245-0400: 49.893: [GC (GCLocker Initiated GC) [PSYoungGen: 156141K->78041K(175104K)] 566832K->538163K(699392K), 0.0084917 secs] [Times: user=0.13 sys=0.01, real=0.00 secs] 
2016-09-24T04:21:09.293-0400: 49.941: [GC (GCLocker Initiated GC) [PSYoungGen: 174297K->68676K(179200K)] 634458K->567240K(703488K), 0.0073205 secs] [Times: user=0.12 sys=0.00, real=0.01 secs] 
2016-09-24T04:21:09.301-0400: 49.949: [Full GC (Ergonomics) [PSYoungGen: 68676K->0K(179200K)] [ParOldGen: 498564K->303608K(524288K)] 567240K->303608K(703488K), [Metaspace: 43845K->43845K(1087488K)], 0.0502484 secs] [Times: user=0.47 sys=0.00, real=0.05 secs] 
2016-09-24T04:21:09.383-0400: 50.031: [GC (GCLocker Initiated GC) [PSYoungGen: 96256K->81371K(170496K)] 402889K->388004K(694784K), 0.0065901 secs] [Times: user=0.09 sys=0.00, real=0.00 secs] 
2016-09-24T04:21:09.437-0400: 50.085: [GC (GCLocker Initiated GC) [PSYoungGen: 169435K->59183K(175104K)] 488453K->399644K(699392K), 0.0073749 secs] [Times: user=0.09 sys=0.00, real=0.01 secs] 
2016-09-24T04:21:09.471-0400: 50.119: [GC (GCLocker Initiated GC) [PSYoungGen: 147247K->77986K(174080K)] 487871K->438213K(698368K), 0.0073602 secs] [Times: user=0.08 sys=0.01, real=0.01 secs] 
2016-09-24T04:21:09.521-0400: 50.169: [GC (GCLocker Initiated GC) [PSYoungGen: 166050K->56547K(175104K)] 541260K->452515K(699392K), 0.0066169 secs] [Times: user=0.10 sys=0.01, real=0.01 secs] 
2016-09-24T04:21:09.563-0400: 50.211: [GC (GCLocker Initiated GC) [PSYoungGen: 144611K->65964K(173056K)] 540649K->477654K(697344K), 0.0064447 secs] [Times: user=0.09 sys=0.00, real=0.00 secs] 
2016-09-24T04:21:09.610-0400: 50.258: [GC (GCLocker Initiated GC) [PSYoungGen: 154028K->64807K(174080K)] 569877K->516456K(698368K), 0.0069947 secs] [Times: user=0.10 sys=0.00, real=0.01 secs] 
2016-09-24T04:21:09.656-0400: 50.304: [GC (GCLocker Initiated GC) [PSYoungGen: 152871K->47139K(174592K)] 610062K->536293K(698880K), 0.0073749 secs] [Times: user=0.09 sys=0.00, real=0.01 secs] 
2016-09-24T04:21:09.663-0400: 50.311: [Full GC (Ergonomics) [PSYoungGen: 47139K->0K(174592K)] [ParOldGen: 489154K->309477K(524288K)] 536293K->309477K(698880K), [Metaspace: 43845K->43845K(1087488K)], 0.0505288 secs] [Times: user=0.45 sys=0.00, real=0.04 secs] 
2016-09-24T04:21:09.743-0400: 50.391: [GC (GCLocker Initiated GC) [PSYoungGen: 90112K->83991K(174592K)] 406645K->414025K(698880K), 0.0071102 secs] [Times: user=0.11 sys=0.00, real=0.00 secs] 
2016-09-24T04:21:09.790-0400: 50.438: [GC (GCLocker Initiated GC) [PSYoungGen: 174103K->67124K(175104K)] 515022K->429406K(699392K), 0.0067364 secs] [Times: user=0.09 sys=0.00, real=0.01 secs] 
2016-09-24T04:21:09.830-0400: 50.478: [GC (GCLocker Initiated GC) [PSYoungGen: 155188K->57898K(175104K)] 517582K->472106K(699392K), 0.0079504 secs] [Times: user=0.12 sys=0.00, real=0.01 secs] 
2016-09-24T04:21:09.872-0400: 50.520: [GC (GCLocker Initiated GC) [PSYoungGen: 145962K->68668K(175104K)] 565678K->535019K(699392K), 0.0127137 secs] [Times: user=0.20 sys=0.00, real=0.02 secs] 
2016-09-24T04:21:09.885-0400: 50.533: [Full GC (Ergonomics) [PSYoungGen: 68668K->0K(175104K)] [ParOldGen: 466350K->313721K(524288K)] 535019K->313721K(699392K), [Metaspace: 43845K->43845K(1087488K)], 0.0568976 secs] [Times: user=0.54 sys=0.00, real=0.05 secs] 
2016-09-24T04:21:09.979-0400: 50.627: [GC (GCLocker Initiated GC) [PSYoungGen: 88064K->79885K(175104K)] 411301K->403123K(699392K), 0.0065951 secs] [Times: user=0.10 sys=0.00, real=0.01 secs] 
2016-09-24T04:21:10.021-0400: 50.669: [GC (GCLocker Initiated GC) [PSYoungGen: 167949K->48310K(175104K)] 496650K->410548K(699392K), 0.0063380 secs] [Times: user=0.08 sys=0.00, real=0.01 secs] 
2016-09-24T04:21:10.062-0400: 50.710: [GC (GCLocker Initiated GC) [PSYoungGen: 136374K->61890K(175104K)] 506884K->449252K(699392K), 0.0064897 secs] [Times: user=0.08 sys=0.00, real=0.00 secs] 
2016-09-24T04:21:10.107-0400: 50.755: [GC (GCLocker Initiated GC) [PSYoungGen: 149954K->56625K(175104K)] 544147K->465062K(699392K), 0.0067889 secs] [Times: user=0.08 sys=0.00, real=0.00 secs] 
2016-09-24T04:21:10.145-0400: 50.794: [GC (GCLocker Initiated GC) [PSYoungGen: 144689K->83609K(175104K)] 558779K->509350K(699392K), 0.0085998 secs] [Times: user=0.11 sys=0.00, real=0.01 secs] 
2016-09-24T04:21:10.187-0400: 50.835: [GC (GCLocker Initiated GC) [PSYoungGen: 171673K->42927K(175104K)] 597512K->484344K(699392K), 0.0066150 secs] [Times: user=0.07 sys=0.00, real=0.00 secs] 
2016-09-24T04:21:10.225-0400: 50.873: [GC (GCLocker Initiated GC) [PSYoungGen: 130991K->66344K(175104K)] 579379K->530363K(699392K), 0.0102844 secs] [Times: user=0.12 sys=0.00, real=0.01 secs] 
2016-09-24T04:21:10.277-0400: 50.925: [Full GC (Ergonomics) [PSYoungGen: 154408K->0K(175104K)] [ParOldGen: 473566K->311990K(524288K)] 627974K->311990K(699392K), [Metaspace: 43845K->43845K(1087488K)], 0.0486107 secs] [Times: user=0.33 sys=0.01, real=0.05 secs] 
2016-09-24T04:21:10.353-0400: 51.001: [GC (GCLocker Initiated GC) [PSYoungGen: 88064K->86729K(175104K)] 401557K->402922K(699392K), 0.0073134 secs] [Times: user=0.11 sys=0.00, real=0.01 secs] 
2016-09-24T04:21:10.397-0400: 51.045: [GC (GCLocker Initiated GC) [PSYoungGen: 174793K->64658K(175104K)] 493812K->422669K(699392K), 0.0092823 secs] [Times: user=0.13 sys=0.00, real=0.01 secs] 
2016-09-24T04:21:10.437-0400: 51.085: [GC (GCLocker Initiated GC) [PSYoungGen: 152722K->62174K(175104K)] 511618K->443435K(699392K), 0.0072359 secs] [Times: user=0.08 sys=0.00, real=0.01 secs] 
2016-09-24T04:21:10.481-0400: 51.129: [GC (GCLocker Initiated GC) [PSYoungGen: 150238K->44466K(175104K)] 541132K->474152K(699392K), 0.0071650 secs] [Times: user=0.08 sys=0.00, real=0.01 secs] 
2016-09-24T04:21:10.524-0400: 51.172: [GC (GCLocker Initiated GC) [PSYoungGen: 132530K->48679K(175104K)] 562365K->510446K(699392K), 0.0071010 secs] [Times: user=0.10 sys=0.01, real=0.00 secs] 
2016-09-24T04:21:10.565-0400: 51.213: [GC (GCLocker Initiated GC) [PSYoungGen: 136743K->78524K(175104K)] 598578K->567014K(699392K), 0.0072744 secs] [Times: user=0.12 sys=0.00, real=0.00 secs] 
2016-09-24T04:21:10.573-0400: 51.221: [Full GC (Ergonomics) [PSYoungGen: 78524K->0K(175104K)] [ParOldGen: 488490K->317898K(524288K)] 567014K->317898K(699392K), [Metaspace: 43845K->43845K(1087488K)], 0.0522423 secs] [Times: user=0.48 sys=0.00, real=0.06 secs] 
2016-09-24T04:21:10.658-0400: 51.306: [GC (GCLocker Initiated GC) [PSYoungGen: 88064K->72167K(175104K)] 407371K->391474K(699392K), 0.0071995 secs] [Times: user=0.07 sys=0.01, real=0.01 secs] 
2016-09-24T04:21:10.711-0400: 51.359: [GC (GCLocker Initiated GC) [PSYoungGen: 160231K->56736K(175104K)] 485037K->414064K(699392K), 0.0067327 secs] [Times: user=0.09 sys=0.00, real=0.01 secs] 
2016-09-24T04:21:10.751-0400: 51.399: [GC (GCLocker Initiated GC) [PSYoungGen: 144800K->73349K(175104K)] 502168K->461299K(699392K), 0.0078173 secs] [Times: user=0.11 sys=0.01, real=0.01 secs] 
2016-09-24T04:21:10.792-0400: 51.440: [GC (GCLocker Initiated GC) [PSYoungGen: 161413K->77274K(175104K)] 556180K->495004K(699392K), 0.0076114 secs] [Times: user=0.10 sys=0.00, real=0.01 secs] 
2016-09-24T04:21:10.837-0400: 51.485: [GC (GCLocker Initiated GC) [PSYoungGen: 165338K->70359K(175104K)] 591247K->519078K(699392K), 0.0071536 secs] [Times: user=0.10 sys=0.01, real=0.01 secs] 
2016-09-24T04:21:10.880-0400: 51.528: [GC (GCLocker Initiated GC) [PSYoungGen: 158423K->56839K(175104K)] 607202K->528291K(699392K), 0.0065161 secs] [Times: user=0.09 sys=0.00, real=0.01 secs] 
2016-09-24T04:21:10.925-0400: 51.573: [Full GC (Ergonomics) [PSYoungGen: 144903K->0K(175104K)] [ParOldGen: 479681K->330693K(524288K)] 624584K->330693K(699392K), [Metaspace: 43846K->43846K(1087488K)], 0.0551295 secs] [Times: user=0.46 sys=0.00, real=0.05 secs] 
2016-09-24T04:21:11.024-0400: 51.672: [GC (GCLocker Initiated GC) [PSYoungGen: 88064K->66792K(175104K)] 425682K->404411K(699392K), 0.0057328 secs] [Times: user=0.08 sys=0.00, real=0.00 secs] 
2016-09-24T04:21:11.061-0400: 51.709: [GC (GCLocker Initiated GC) [PSYoungGen: 154856K->77143K(175104K)] 495434K->442240K(699392K), 0.0077110 secs] [Times: user=0.11 sys=0.00, real=0.01 secs] 
2016-09-24T04:21:11.110-0400: 51.758: [GC (GCLocker Initiated GC) [PSYoungGen: 165207K->48926K(175104K)] 530366K->456998K(699392K), 0.0071114 secs] [Times: user=0.10 sys=0.00, real=0.01 secs] 
2016-09-24T04:21:11.154-0400: 51.802: [GC (GCLocker Initiated GC) [PSYoungGen: 136990K->70788K(175104K)] 550612K->512642K(699392K), 0.0079911 secs] [Times: user=0.10 sys=0.00, real=0.01 secs] 
2016-09-24T04:21:11.207-0400: 51.855: [GC (GCLocker Initiated GC) [PSYoungGen: 158852K->67931K(175104K)] 603523K->546338K(699392K), 0.0072133 secs] [Times: user=0.11 sys=0.00, real=0.01 secs] 
2016-09-24T04:21:11.214-0400: 51.862: [Full GC (Ergonomics) [PSYoungGen: 67931K->0K(175104K)] [ParOldGen: 478406K->326409K(524288K)] 546338K->326409K(699392K), [Metaspace: 43846K->43846K(1087488K)], 0.0548585 secs] [Times: user=0.52 sys=0.02, real=0.05 secs] 
2016-09-24T04:21:11.308-0400: 51.956: [GC (GCLocker Initiated GC) [PSYoungGen: 88064K->70786K(175104K)] 417319K->400041K(699392K), 0.0076837 secs] [Times: user=0.08 sys=0.00, real=0.01 secs] 
2016-09-24T04:21:11.362-0400: 52.010: [GC (GCLocker Initiated GC) [PSYoungGen: 158850K->39615K(175104K)] 493636K->408266K(699392K), 0.0067759 secs] [Times: user=0.09 sys=0.00, real=0.01 secs] 
2016-09-24T04:21:11.410-0400: 52.058: [GC (GCLocker Initiated GC) [PSYoungGen: 127679K->51407K(175104K)] 499086K->448557K(699392K), 0.0080031 secs] [Times: user=0.09 sys=0.00, real=0.01 secs] 
2016-09-24T04:21:11.454-0400: 52.102: [GC (GCLocker Initiated GC) [PSYoungGen: 139471K->59868K(175104K)] 542234K->484030K(699392K), 0.0077432 secs] [Times: user=0.07 sys=0.01, real=0.01 secs] 
2016-09-24T04:21:11.509-0400: 52.158: [GC (GCLocker Initiated GC) [PSYoungGen: 147932K->44859K(175104K)] 576198K->500233K(699392K), 0.0071422 secs] [Times: user=0.09 sys=0.00, real=0.01 secs] 
2016-09-24T04:21:11.549-0400: 52.197: [GC (GCLocker Initiated GC) [PSYoungGen: 132923K->78632K(175104K)] 593892K->563806K(699392K), 0.0079878 secs] [Times: user=0.09 sys=0.00, real=0.01 secs] 
2016-09-24T04:21:11.557-0400: 52.205: [Full GC (Ergonomics) [PSYoungGen: 78632K->0K(175104K)] [ParOldGen: 485174K->333785K(524288K)] 563806K->333785K(699392K), [Metaspace: 43859K->43859K(1087488K)], 0.0688345 secs] [Times: user=0.61 sys=0.01, real=0.07 secs] 
2016-09-24T04:21:11.681-0400: 52.329: [GC (GCLocker Initiated GC) [PSYoungGen: 88064K->61638K(175104K)] 427471K->401045K(699392K), 0.0056276 secs] [Times: user=0.05 sys=0.01, real=0.01 secs] 
2016-09-24T04:21:11.714-0400: 52.362: [GC (GCLocker Initiated GC) [PSYoungGen: 149702K->80118K(175104K)] 497425K->437646K(699392K), 0.0066975 secs] [Times: user=0.09 sys=0.00, real=0.01 secs] 
2016-09-24T04:21:11.769-0400: 52.417: [GC (GCLocker Initiated GC) [PSYoungGen: 168182K->62475K(175104K)] 532563K->460510K(699392K), 0.0075276 secs] [Times: user=0.09 sys=0.00, real=0.01 secs] 
2016-09-24T04:21:11.811-0400: 52.459: [GC (GCLocker Initiated GC) [PSYoungGen: 150539K->59702K(175104K)] 550487K->477103K(699392K), 0.0072221 secs] [Times: user=0.08 sys=0.00, real=0.01 secs] 
2016-09-24T04:21:11.860-0400: 52.508: [GC (GCLocker Initiated GC) [PSYoungGen: 147766K->58492K(175104K)] 569323K->504228K(699392K), 0.0074179 secs] [Times: user=0.10 sys=0.01, real=0.01 secs] 
2016-09-24T04:21:11.912-0400: 52.560: [GC (GCLocker Initiated GC) [PSYoungGen: 146556K->62176K(172032K)] 595070K->536306K(696320K), 0.0068790 secs] [Times: user=0.10 sys=0.00, real=0.01 secs] 
2016-09-24T04:21:11.943-0400: 52.591: [GC (GCLocker Initiated GC) [PSYoungGen: 150240K->85018K(173568K)] 627335K->599913K(697856K), 0.0084055 secs] [Times: user=0.12 sys=0.00, real=0.00 secs] 
2016-09-24T04:21:11.952-0400: 52.600: [Full GC (Ergonomics) [PSYoungGen: 85018K->0K(173568K)] [ParOldGen: 514895K->347420K(524288K)] 599913K->347420K(697856K), [Metaspace: 43859K->43859K(1087488K)], 0.0559052 secs] [Times: user=0.44 sys=0.01, real=0.06 secs] 
2016-09-24T04:21:12.052-0400: 52.700: [GC (GCLocker Initiated GC) [PSYoungGen: 88064K->65590K(175104K)] 439746K->417272K(699392K), 0.0076314 secs] [Times: user=0.11 sys=0.00, real=0.01 secs] 
2016-09-24T04:21:12.087-0400: 52.735: [GC (GCLocker Initiated GC) [PSYoungGen: 153654K->66525K(175104K)] 505542K->444454K(699392K), 0.0069937 secs] [Times: user=0.09 sys=0.01, real=0.00 secs] 
2016-09-24T04:21:12.146-0400: 52.794: [GC (GCLocker Initiated GC) [PSYoungGen: 154589K->65206K(171008K)] 534016K->467478K(695296K), 0.0067566 secs] [Times: user=0.09 sys=0.01, real=0.00 secs] 
2016-09-24T04:21:12.184-0400: 52.832: [GC (GCLocker Initiated GC) [PSYoungGen: 153270K->83799K(173056K)] 555604K->502334K(697344K), 0.0073827 secs] [Times: user=0.10 sys=0.00, real=0.00 secs] 
2016-09-24T04:21:12.233-0400: 52.881: [GC (GCLocker Initiated GC) [PSYoungGen: 171863K->60868K(175104K)] 590567K->507533K(699392K), 0.0074350 secs] [Times: user=0.10 sys=0.00, real=0.01 secs] 
2016-09-24T04:21:12.275-0400: 52.923: [GC (GCLocker Initiated GC) [PSYoungGen: 148932K->45944K(175104K)] 597023K->523388K(699392K), 0.0072270 secs] [Times: user=0.06 sys=0.00, real=0.01 secs] 
2016-09-24T04:21:12.320-0400: 52.968: [Full GC (Ergonomics) [PSYoungGen: 134008K->0K(175104K)] [ParOldGen: 482994K->343326K(524288K)] 617002K->343326K(699392K), [Metaspace: 43860K->43860K(1087488K)], 0.0582637 secs] [Times: user=0.59 sys=0.00, real=0.06 secs] 
2016-09-24T04:21:12.417-0400: 53.065: [GC (GCLocker Initiated GC) [PSYoungGen: 88064K->71978K(175104K)] 431645K->415560K(699392K), 0.0072796 secs] [Times: user=0.07 sys=0.00, real=0.01 secs] 
2016-09-24T04:21:12.456-0400: 53.104: [GC (GCLocker Initiated GC) [PSYoungGen: 160042K->62472K(175104K)] 503671K->433057K(699392K), 0.0094135 secs] [Times: user=0.12 sys=0.00, real=0.01 secs] 
2016-09-24T04:21:12.507-0400: 53.155: [GC (GCLocker Initiated GC) [PSYoungGen: 150536K->66778K(174080K)] 525232K->463110K(698368K), 0.0076884 secs] [Times: user=0.10 sys=0.00, real=0.01 secs] 
2016-09-24T04:21:12.559-0400: 53.207: [GC (GCLocker Initiated GC) [PSYoungGen: 154842K->63821K(152064K)] 556763K->483468K(676352K), 0.0075488 secs] [Times: user=0.10 sys=0.01, real=0.01 secs] 
2016-09-24T04:21:12.597-0400: 53.245: [GC (GCLocker Initiated GC) [PSYoungGen: 151885K->73467K(172544K)] 582410K->517336K(696832K), 0.0070482 secs] [Times: user=0.09 sys=0.01, real=0.01 secs] 
2016-09-24T04:21:12.650-0400: 53.298: [GC (GCLocker Initiated GC) [PSYoungGen: 161531K->58221K(174080K)] 605493K->525216K(698368K), 0.0064634 secs] [Times: user=0.09 sys=0.00, real=0.01 secs] 
2016-09-24T04:21:12.683-0400: 53.331: [GC (GCLocker Initiated GC) [PSYoungGen: 146285K->82641K(173056K)] 616180K->560636K(697344K), 0.0082064 secs] [Times: user=0.09 sys=0.00, real=0.00 secs] 
2016-09-24T04:21:12.742-0400: 53.390: [Full GC (Ergonomics) [PSYoungGen: 170705K->0K(173056K)] [ParOldGen: 483649K->345362K(524288K)] 654354K->345362K(697344K), [Metaspace: 43860K->43860K(1087488K)], 0.0537717 secs] [Times: user=0.45 sys=0.01, real=0.06 secs] 
2016-09-24T04:21:12.826-0400: 53.474: [GC (GCLocker Initiated GC) [PSYoungGen: 88064K->86001K(175104K)] 438937K->442274K(699392K), 0.0074186 secs] [Times: user=0.12 sys=0.00, real=0.00 secs] 
2016-09-24T04:21:12.874-0400: 53.522: [GC (GCLocker Initiated GC) [PSYoungGen: 174065K->73081K(175104K)] 537342K->452917K(699392K), 0.0065810 secs] [Times: user=0.08 sys=0.00, real=0.01 secs] 
2016-09-24T04:21:12.915-0400: 53.563: [GC (GCLocker Initiated GC) [PSYoungGen: 161145K->56865K(175104K)] 543822K->474403K(699392K), 0.0067907 secs] [Times: user=0.09 sys=0.00, real=0.00 secs] 
2016-09-24T04:21:12.958-0400: 53.606: [GC (GCLocker Initiated GC) [PSYoungGen: 144929K->74399K(175104K)] 566806K->514881K(699392K), 0.0074157 secs] [Times: user=0.11 sys=0.00, real=0.01 secs] 
2016-09-24T04:21:13.003-0400: 53.651: [GC (GCLocker Initiated GC) [PSYoungGen: 162463K->55704K(175104K)] 612512K->517611K(699392K), 0.0070389 secs] [Times: user=0.07 sys=0.00, real=0.00 secs] 
2016-09-24T04:21:13.045-0400: 53.693: [GC (GCLocker Initiated GC) [PSYoungGen: 143768K->70187K(175104K)] 608542K->559167K(699392K), 0.0071603 secs] [Times: user=0.10 sys=0.00, real=0.00 secs] 
2016-09-24T04:21:13.053-0400: 53.701: [Full GC (Ergonomics) [PSYoungGen: 70187K->0K(175104K)] [ParOldGen: 488980K->334655K(524288K)] 559167K->334655K(699392K), [Metaspace: 43860K->43860K(1087488K)], 0.0900977 secs] [Times: user=1.10 sys=0.00, real=0.10 secs] 
2016-09-24T04:21:13.182-0400: 53.830: [GC (GCLocker Initiated GC) [PSYoungGen: 88064K->78914K(175104K)] 428332K->419183K(699392K), 0.0066854 secs] [Times: user=0.08 sys=0.01, real=0.00 secs] 
2016-09-24T04:21:13.227-0400: 53.875: [GC (GCLocker Initiated GC) [PSYoungGen: 166978K->61037K(175104K)] 511451K->419124K(699392K), 0.0063189 secs] [Times: user=0.07 sys=0.00, real=0.00 secs] 
2016-09-24T04:21:13.268-0400: 53.916: [GC (GCLocker Initiated GC) [PSYoungGen: 149101K->73056K(175104K)] 507281K->445885K(699392K), 0.0072559 secs] [Times: user=0.08 sys=0.00, real=0.01 secs] 
2016-09-24T04:21:13.306-0400: 53.954: [GC (GCLocker Initiated GC) [PSYoungGen: 161120K->74508K(175104K)] 534079K->468719K(699392K), 0.0076671 secs] [Times: user=0.08 sys=0.00, real=0.00 secs] 
2016-09-24T04:21:13.354-0400: 54.002: [GC (GCLocker Initiated GC) [PSYoungGen: 162572K->63725K(175104K)] 561079K->486343K(699392K), 0.0069915 secs] [Times: user=0.07 sys=0.00, real=0.00 secs] 
2016-09-24T04:21:13.391-0400: 54.039: [GC (GCLocker Initiated GC) [PSYoungGen: 151789K->67783K(175104K)] 574499K->511912K(699392K), 0.0074953 secs] [Times: user=0.08 sys=0.00, real=0.01 secs] 
2016-09-24T04:21:13.437-0400: 54.085: [GC (GCLocker Initiated GC) [PSYoungGen: 155847K->70581K(175104K)] 601500K->547027K(699392K), 0.0076501 secs] [Times: user=0.12 sys=0.00, real=0.01 secs] 
2016-09-24T04:21:13.483-0400: 54.131: [GC (GCLocker Initiated GC) [PSYoungGen: 158645K->86136K(175104K)] 638000K->570891K(699392K), 0.0071676 secs] [Times: user=0.10 sys=0.00, real=0.00 secs] 
2016-09-24T04:21:13.490-0400: 54.139: [Full GC (Ergonomics) [PSYoungGen: 86136K->0K(175104K)] [ParOldGen: 484755K->328912K(524288K)] 570891K->328912K(699392K), [Metaspace: 43860K->43860K(1087488K)], 0.0517961 secs] [Times: user=0.48 sys=0.00, real=0.06 secs] 
2016-09-24T04:21:13.567-0400: 54.215: [GC (GCLocker Initiated GC) [PSYoungGen: 88064K->78832K(175104K)] 422439K->413208K(699392K), 0.0066340 secs] [Times: user=0.08 sys=0.00, real=0.00 secs] 
2016-09-24T04:21:13.615-0400: 54.263: [GC (GCLocker Initiated GC) [PSYoungGen: 166896K->70285K(175104K)] 504110K->431890K(699392K), 0.0067055 secs] [Times: user=0.09 sys=0.01, real=0.00 secs] 
2016-09-24T04:21:13.651-0400: 54.299: [GC (GCLocker Initiated GC) [PSYoungGen: 158347K->66200K(175104K)] 520217K->464132K(699392K), 0.0071719 secs] [Times: user=0.11 sys=0.01, real=0.01 secs] 
2016-09-24T04:21:13.698-0400: 54.346: [GC (GCLocker Initiated GC) [PSYoungGen: 154264K->54072K(175104K)] 558262K->499502K(699392K), 0.0083469 secs] [Times: user=0.09 sys=0.01, real=0.01 secs] 
2016-09-24T04:21:13.740-0400: 54.388: [GC (GCLocker Initiated GC) [PSYoungGen: 142136K->56577K(175104K)] 595704K->534041K(699392K), 0.0073558 secs] [Times: user=0.08 sys=0.00, real=0.01 secs] 
2016-09-24T04:21:13.748-0400: 54.396: [Full GC (Ergonomics) [PSYoungGen: 56577K->0K(175104K)] [ParOldGen: 477464K->345381K(524288K)] 534041K->345381K(699392K), [Metaspace: 43860K->43860K(1087488K)], 0.0459509 secs] [Times: user=0.36 sys=0.00, real=0.04 secs] 
2016-09-24T04:21:13.835-0400: 54.483: [GC (GCLocker Initiated GC) [PSYoungGen: 88064K->67605K(175104K)] 436281K->415822K(699392K), 0.0060029 secs] [Times: user=0.08 sys=0.00, real=0.00 secs] 
2016-09-24T04:21:13.877-0400: 54.525: [GC (GCLocker Initiated GC) [PSYoungGen: 155669K->67546K(155648K)] 504130K->444038K(679936K), 0.0065469 secs] [Times: user=0.08 sys=0.01, real=0.01 secs] 
2016-09-24T04:21:13.917-0400: 54.565: [GC (GCLocker Initiated GC) [PSYoungGen: 155610K->84468K(174080K)] 537597K->477255K(698368K), 0.0110218 secs] [Times: user=0.15 sys=0.01, real=0.01 secs] 
2016-09-24T04:21:13.966-0400: 54.614: [GC (GCLocker Initiated GC) [PSYoungGen: 172020K->75392K(174592K)] 567624K->495584K(698880K), 0.0082088 secs] [Times: user=0.12 sys=0.00, real=0.01 secs] 
2016-09-24T04:21:14.007-0400: 54.655: [GC (GCLocker Initiated GC) [PSYoungGen: 162944K->76998K(175104K)] 583235K->519615K(699392K), 0.0074952 secs] [Times: user=0.10 sys=0.01, real=0.01 secs] 
2016-09-24T04:21:14.053-0400: 54.701: [GC (GCLocker Initiated GC) [PSYoungGen: 165062K->57971K(175104K)] 607717K->527186K(699392K), 0.0082896 secs] [Times: user=0.11 sys=0.00, real=0.01 secs] 
2016-09-24T04:21:14.094-0400: 54.742: [GC (GCLocker Initiated GC) [PSYoungGen: 146035K->74269K(175104K)] 618091K->576948K(699392K), 0.0078483 secs] [Times: user=0.11 sys=0.01, real=0.01 secs] 
2016-09-24T04:21:14.102-0400: 54.751: [Full GC (Ergonomics) [PSYoungGen: 74269K->0K(175104K)] [ParOldGen: 502679K->349226K(524288K)] 576948K->349226K(699392K), [Metaspace: 43860K->43860K(1087488K)], 0.0538218 secs] [Times: user=0.48 sys=0.00, real=0.05 secs] 
2016-09-24T04:21:14.198-0400: 54.847: [GC (GCLocker Initiated GC) [PSYoungGen: 88064K->61154K(175104K)] 448222K->421312K(699392K), 0.0056683 secs] [Times: user=0.07 sys=0.00, real=0.01 secs] 
2016-09-24T04:21:14.235-0400: 54.883: [GC (GCLocker Initiated GC) [PSYoungGen: 149218K->67457K(175104K)] 512131K->450637K(699392K), 0.0066616 secs] [Times: user=0.09 sys=0.00, real=0.00 secs] 
2016-09-24T04:21:14.282-0400: 54.930: [GC (GCLocker Initiated GC) [PSYoungGen: 155521K->58197K(175104K)] 545633K->481585K(699392K), 0.0069889 secs] [Times: user=0.10 sys=0.01, real=0.01 secs] 
2016-09-24T04:21:14.322-0400: 54.970: [GC (GCLocker Initiated GC) [PSYoungGen: 146261K->69065K(175104K)] 572533K->520622K(699392K), 0.0070358 secs] [Times: user=0.10 sys=0.00, real=0.01 secs] 
2016-09-24T04:21:14.365-0400: 55.013: [GC (GCLocker Initiated GC) [PSYoungGen: 157129K->70221K(158720K)] 608789K->552694K(683008K), 0.0069987 secs] [Times: user=0.10 sys=0.00, real=0.00 secs] 
2016-09-24T04:21:14.372-0400: 55.020: [Full GC (Ergonomics) [PSYoungGen: 70221K->0K(158720K)] [ParOldGen: 482472K->343903K(524288K)] 552694K->343903K(683008K), [Metaspace: 43860K->43860K(1087488K)], 0.0607889 secs] [Times: user=0.54 sys=0.01, real=0.06 secs] 
2016-09-24T04:21:14.467-0400: 55.115: [GC (GCLocker Initiated GC) [PSYoungGen: 88064K->80247K(173056K)] 441564K->433747K(697344K), 0.0066942 secs] [Times: user=0.09 sys=0.00, real=0.00 secs] 
2016-09-24T04:21:14.523-0400: 55.171: [GC (GCLocker Initiated GC) [PSYoungGen: 167287K->50070K(174080K)] 531122K->436912K(698368K), 0.0062295 secs] [Times: user=0.08 sys=0.01, real=0.00 secs] 
2016-09-24T04:21:14.552-0400: 55.200: [GC (GCLocker Initiated GC) [PSYoungGen: 137110K->78069K(175104K)] 524157K->485053K(699392K), 0.0078170 secs] [Times: user=0.11 sys=0.01, real=0.01 secs] 
2016-09-24T04:21:14.603-0400: 55.251: [GC (GCLocker Initiated GC) [PSYoungGen: 166133K->42032K(175104K)] 585469K->497130K(699392K), 0.0063442 secs] [Times: user=0.08 sys=0.00, real=0.00 secs] 
2016-09-24T04:21:14.647-0400: 55.295: [GC (GCLocker Initiated GC) [PSYoungGen: 130096K->43094K(175104K)] 585429K->534680K(699392K), 0.0073330 secs] [Times: user=0.09 sys=0.00, real=0.01 secs] 
2016-09-24T04:21:14.655-0400: 55.303: [Full GC (Ergonomics) [PSYoungGen: 43094K->0K(175104K)] [ParOldGen: 491585K->352235K(524288K)] 534680K->352235K(699392K), [Metaspace: 43860K->43860K(1087488K)], 0.0561517 secs] [Times: user=0.43 sys=0.01, real=0.05 secs] 
2016-09-24T04:21:14.740-0400: 55.388: [GC (GCLocker Initiated GC) [PSYoungGen: 88064K->64339K(175104K)] 448221K->424497K(699392K), 0.0077561 secs] [Times: user=0.09 sys=0.00, real=0.01 secs] 
2016-09-24T04:21:14.795-0400: 55.443: [GC (GCLocker Initiated GC) [PSYoungGen: 152403K->44383K(175104K)] 522048K->427910K(699392K), 0.0070868 secs] [Times: user=0.04 sys=0.01, real=0.00 secs] 
2016-09-24T04:21:14.830-0400: 55.478: [GC (GCLocker Initiated GC) [PSYoungGen: 132447K->45739K(175104K)] 516064K->451703K(699392K), 0.0175133 secs] [Times: user=0.15 sys=0.00, real=0.02 secs] 
2016-09-24T04:21:14.885-0400: 55.533: [GC (GCLocker Initiated GC) [PSYoungGen: 133803K->56543K(175104K)] 539977K->477098K(699392K), 0.0068947 secs] [Times: user=0.07 sys=0.00, real=0.00 secs] 
2016-09-24T04:21:14.926-0400: 55.575: [GC (GCLocker Initiated GC) [PSYoungGen: 144607K->66146K(175104K)] 568011K->507985K(699392K), 0.0101195 secs] [Times: user=0.11 sys=0.01, real=0.01 secs] 
2016-09-24T04:21:14.972-0400: 55.620: [GC (Allocation Failure) [PSYoungGen: 154210K->66154K(175104K)] 601600K->540144K(699392K), 0.0083668 secs] [Times: user=0.09 sys=0.00, real=0.01 secs] 
2016-09-24T04:21:15.016-0400: 55.664: [GC (GCLocker Initiated GC) [PSYoungGen: 154218K->56653K(144896K)] 630922K->565322K(669184K), 0.0229793 secs] [Times: user=0.30 sys=0.01, real=0.02 secs] 
2016-09-24T04:21:15.039-0400: 55.687: [Full GC (Ergonomics) [PSYoungGen: 56653K->0K(144896K)] [ParOldGen: 508668K->353462K(524288K)] 565322K->353462K(669184K), [Metaspace: 43862K->43862K(1087488K)], 0.0466494 secs] [Times: user=0.33 sys=0.00, real=0.05 secs] 
2016-09-24T04:21:15.117-0400: 55.765: [GC (GCLocker Initiated GC) [PSYoungGen: 88064K->85516K(174080K)] 441724K->447276K(698368K), 0.0078788 secs] [Times: user=0.12 sys=0.00, real=0.01 secs] 
2016-09-24T04:21:15.163-0400: 55.811: [GC (GCLocker Initiated GC) [PSYoungGen: 173068K->67645K(174592K)] 540393K->471438K(698880K), 0.0119617 secs] [Times: user=0.16 sys=0.00, real=0.01 secs] 
2016-09-24T04:21:15.216-0400: 55.864: [GC (GCLocker Initiated GC) [PSYoungGen: 155197K->55564K(175104K)] 568525K->487541K(699392K), 0.0061081 secs] [Times: user=0.08 sys=0.00, real=0.00 secs] 
2016-09-24T04:21:15.252-0400: 55.900: [GC (GCLocker Initiated GC) [PSYoungGen: 143628K->75851K(175104K)] 582511K->541492K(699392K), 0.0082579 secs] [Times: user=0.12 sys=0.00, real=0.01 secs] 
2016-09-24T04:21:15.300-0400: 55.948: [GC (GCLocker Initiated GC) [PSYoungGen: 163915K->60590K(175104K)] 629678K->558632K(699392K), 0.0075436 secs] [Times: user=0.11 sys=0.00, real=0.01 secs] 
2016-09-24T04:21:15.307-0400: 55.956: [Full GC (Ergonomics) [PSYoungGen: 60590K->0K(175104K)] [ParOldGen: 498041K->351056K(524288K)] 558632K->351056K(699392K), [Metaspace: 43862K->43862K(1087488K)], 0.0505795 secs] [Times: user=0.45 sys=0.01, real=0.05 secs] 
2016-09-24T04:21:15.391-0400: 56.039: [GC (GCLocker Initiated GC) [PSYoungGen: 88064K->87012K(175104K)] 447406K->451755K(699392K), 0.0077090 secs] [Times: user=0.11 sys=0.00, real=0.01 secs] 
2016-09-24T04:21:15.441-0400: 56.089: [GC (GCLocker Initiated GC) [PSYoungGen: 175076K->60820K(175104K)] 547071K->458612K(699392K), 0.0085158 secs] [Times: user=0.10 sys=0.00, real=0.01 secs] 
2016-09-24T04:21:15.478-0400: 56.126: [GC (GCLocker Initiated GC) [PSYoungGen: 148884K->85023K(175104K)] 546879K->511023K(699392K), 0.0082612 secs] [Times: user=0.12 sys=0.01, real=0.01 secs] 
2016-09-24T04:21:15.520-0400: 56.168: [GC (GCLocker Initiated GC) [PSYoungGen: 173087K->50196K(175104K)] 599232K->521734K(699392K), 0.0067052 secs] [Times: user=0.09 sys=0.00, real=0.01 secs] 
2016-09-24T04:21:15.526-0400: 56.175: [Full GC (Ergonomics) [PSYoungGen: 50196K->0K(175104K)] [ParOldGen: 471537K->356008K(524288K)] 521734K->356008K(699392K), [Metaspace: 43862K->43862K(1087488K)], 0.0551924 secs] [Times: user=0.54 sys=0.00, real=0.05 secs] 
2016-09-24T04:21:15.611-0400: 56.259: [GC (GCLocker Initiated GC) [PSYoungGen: 88064K->80184K(175104K)] 446595K->438715K(699392K), 0.0064532 secs] [Times: user=0.10 sys=0.00, real=0.01 secs] 
2016-09-24T04:21:15.656-0400: 56.304: [GC (GCLocker Initiated GC) [PSYoungGen: 168248K->70563K(175104K)] 530976K->453676K(699392K), 0.0071059 secs] [Times: user=0.10 sys=0.00, real=0.01 secs] 
2016-09-24T04:21:15.698-0400: 56.346: [GC (GCLocker Initiated GC) [PSYoungGen: 158627K->69099K(175104K)] 541831K->480577K(699392K), 0.0077789 secs] [Times: user=0.10 sys=0.00, real=0.01 secs] 
2016-09-24T04:21:15.746-0400: 56.394: [GC (GCLocker Initiated GC) [PSYoungGen: 157163K->74537K(175104K)] 571429K->511615K(699392K), 0.0089886 secs] [Times: user=0.10 sys=0.00, real=0.01 secs] 
2016-09-24T04:21:15.788-0400: 56.436: [GC (GCLocker Initiated GC) [PSYoungGen: 162601K->73329K(175104K)] 602537K->552258K(699392K), 0.0085671 secs] [Times: user=0.12 sys=0.00, real=0.01 secs] 
2016-09-24T04:21:15.796-0400: 56.444: [Full GC (Ergonomics) [PSYoungGen: 73329K->0K(175104K)] [ParOldGen: 478928K->369947K(524288K)] 552258K->369947K(699392K), [Metaspace: 43862K->43862K(1087488K)], 0.0489448 secs] [Times: user=0.42 sys=0.00, real=0.05 secs] 
2016-09-24T04:21:15.887-0400: 56.535: [GC (GCLocker Initiated GC) [PSYoungGen: 88064K->68010K(175104K)] 460788K->440735K(699392K), 0.0060375 secs] [Times: user=0.09 sys=0.01, real=0.00 secs] 
2016-09-24T04:21:15.927-0400: 56.575: [GC (GCLocker Initiated GC) [PSYoungGen: 156074K->40637K(175104K)] 531662K->435149K(699392K), 0.0068362 secs] [Times: user=0.06 sys=0.00, real=0.00 secs] 
2016-09-24T04:21:15.968-0400: 56.616: [GC (GCLocker Initiated GC) [PSYoungGen: 128701K->56831K(175104K)] 527322K->468850K(699392K), 0.0074532 secs] [Times: user=0.07 sys=0.01, real=0.01 secs] 
2016-09-24T04:21:16.009-0400: 56.657: [GC (GCLocker Initiated GC) [PSYoungGen: 144895K->47469K(175104K)] 557434K->484176K(699392K), 0.0079732 secs] [Times: user=0.07 sys=0.00, real=0.01 secs] 
2016-09-24T04:21:16.059-0400: 56.707: [GC (GCLocker Initiated GC) [PSYoungGen: 135533K->51727K(175104K)] 583114K->538229K(699392K), 0.0080592 secs] [Times: user=0.11 sys=0.00, real=0.01 secs] 
2016-09-24T04:21:16.067-0400: 56.715: [Full GC (Ergonomics) [PSYoungGen: 51727K->0K(175104K)] [ParOldGen: 486502K->367822K(524288K)] 538229K->367822K(699392K), [Metaspace: 43862K->43862K(1087488K)], 0.0493168 secs] [Times: user=0.44 sys=0.01, real=0.05 secs] 
2016-09-24T04:21:16.155-0400: 56.803: [GC (GCLocker Initiated GC) [PSYoungGen: 88064K->69141K(175104K)] 455980K->437058K(699392K), 0.0065351 secs] [Times: user=0.10 sys=0.00, real=0.00 secs] 
2016-09-24T04:21:16.196-0400: 56.844: [GC (GCLocker Initiated GC) [PSYoungGen: 157205K->84197K(175104K)] 533322K->476402K(699392K), 0.0080295 secs] [Times: user=0.12 sys=0.01, real=0.01 secs] 
2016-09-24T04:21:16.251-0400: 56.899: [GC (GCLocker Initiated GC) [PSYoungGen: 172261K->33774K(175104K)] 571402K->455894K(699392K), 0.0063896 secs] [Times: user=0.07 sys=0.01, real=0.01 secs] 
2016-09-24T04:21:16.288-0400: 56.936: [GC (GCLocker Initiated GC) [PSYoungGen: 121838K->61229K(175104K)] 553653K->498160K(699392K), 0.0077383 secs] [Times: user=0.07 sys=0.00, real=0.01 secs] 
2016-09-24T04:21:16.343-0400: 56.991: [GC (GCLocker Initiated GC) [PSYoungGen: 149293K->45834K(175104K)] 591735K->497785K(699392K), 0.0073825 secs] [Times: user=0.09 sys=0.00, real=0.00 secs] 
2016-09-24T04:21:16.382-0400: 57.030: [GC (GCLocker Initiated GC) [PSYoungGen: 133898K->58075K(175104K)] 587331K->532668K(699392K), 0.0067688 secs] [Times: user=0.09 sys=0.00, real=0.01 secs] 
2016-09-24T04:21:16.426-0400: 57.074: [GC (GCLocker Initiated GC) [PSYoungGen: 146139K->50007K(175104K)] 622238K->560848K(699392K), 0.0079949 secs] [Times: user=0.07 sys=0.00, real=0.01 secs] 
2016-09-24T04:21:16.435-0400: 57.083: [Full GC (Ergonomics) [PSYoungGen: 50007K->0K(175104K)] [ParOldGen: 510840K->367356K(524288K)] 560848K->367356K(699392K), [Metaspace: 43862K->43862K(1087488K)], 0.0642944 secs] [Times: user=0.58 sys=0.01, real=0.06 secs] 
2016-09-24T04:21:16.535-0400: 57.183: [GC (GCLocker Initiated GC) [PSYoungGen: 88064K->87034K(175104K)] 459675K->461345K(699392K), 0.0068917 secs] [Times: user=0.10 sys=0.00, real=0.01 secs] 
2016-09-24T04:21:16.577-0400: 57.225: [GC (GCLocker Initiated GC) [PSYoungGen: 175098K->69182K(175104K)] 554815K->476081K(699392K), 0.0086171 secs] [Times: user=0.11 sys=0.01, real=0.01 secs] 
2016-09-24T04:21:16.627-0400: 57.275: [GC (GCLocker Initiated GC) [PSYoungGen: 157246K->59554K(175104K)] 569571K->489293K(699392K), 0.0063521 secs] [Times: user=0.09 sys=0.00, real=0.00 secs] 
2016-09-24T04:21:16.676-0400: 57.324: [GC (GCLocker Initiated GC) [PSYoungGen: 147618K->44480K(175104K)] 584395K->499835K(699392K), 0.0068202 secs] [Times: user=0.08 sys=0.01, real=0.01 secs] 
2016-09-24T04:21:16.719-0400: 57.367: [GC (GCLocker Initiated GC) [PSYoungGen: 132544K->70488K(175104K)] 602796K->559298K(699392K), 0.0072700 secs] [Times: user=0.10 sys=0.00, real=0.01 secs] 
2016-09-24T04:21:16.727-0400: 57.375: [Full GC (Ergonomics) [PSYoungGen: 70488K->0K(175104K)] [ParOldGen: 488809K->376165K(524288K)] 559298K->376165K(699392K), [Metaspace: 43862K->43862K(1087488K)], 0.0577446 secs] [Times: user=0.47 sys=0.00, real=0.06 secs] 
2016-09-24T04:21:16.830-0400: 57.478: [GC (GCLocker Initiated GC) [PSYoungGen: 88064K->69523K(175104K)] 472495K->453954K(699392K), 0.0191150 secs] [Times: user=0.23 sys=0.01, real=0.02 secs] 
2016-09-24T04:21:16.891-0400: 57.539: [GC (GCLocker Initiated GC) [PSYoungGen: 157587K->60776K(175104K)] 542082K->474994K(699392K), 0.0100400 secs] [Times: user=0.10 sys=0.00, real=0.01 secs] 
2016-09-24T04:21:16.943-0400: 57.591: [GC (GCLocker Initiated GC) [PSYoungGen: 148840K->68928K(175104K)] 568579K->513940K(699392K), 0.0084934 secs] [Times: user=0.08 sys=0.00, real=0.00 secs] 
2016-09-24T04:21:16.989-0400: 57.637: [GC (GCLocker Initiated GC) [PSYoungGen: 156992K->58432K(175104K)] 602257K->534429K(699392K), 0.0080621 secs] [Times: user=0.06 sys=0.01, real=0.01 secs] 
2016-09-24T04:21:17.049-0400: 57.697: [GC (GCLocker Initiated GC) [PSYoungGen: 146496K->36361K(175104K)] 622539K->548893K(699392K), 0.0076831 secs] [Times: user=0.08 sys=0.00, real=0.01 secs] 
2016-09-24T04:21:17.056-0400: 57.704: [Full GC (Ergonomics) [PSYoungGen: 36361K->0K(175104K)] [ParOldGen: 512531K->368504K(524288K)] 548893K->368504K(699392K), [Metaspace: 43862K->43862K(1087488K)], 0.0544925 secs] [Times: user=0.54 sys=0.00, real=0.05 secs] 
2016-09-24T04:21:17.141-0400: 57.789: [GC (GCLocker Initiated GC) [PSYoungGen: 88064K->77847K(175104K)] 462032K->451816K(699392K), 0.0079751 secs] [Times: user=0.08 sys=0.00, real=0.01 secs] 
2016-09-24T04:21:17.206-0400: 57.854: [GC (GCLocker Initiated GC) [PSYoungGen: 165911K->38114K(175104K)] 544181K->449242K(699392K), 0.0068241 secs] [Times: user=0.09 sys=0.00, real=0.00 secs] 
2016-09-24T04:21:17.252-0400: 57.900: [GC (GCLocker Initiated GC) [PSYoungGen: 126178K->40642K(175104K)] 537367K->470593K(699392K), 0.0075858 secs] [Times: user=0.07 sys=0.00, real=0.01 secs] 
2016-09-24T04:21:17.298-0400: 57.946: [GC (GCLocker Initiated GC) [PSYoungGen: 128706K->53183K(175104K)] 558965K->527823K(699392K), 0.0079141 secs] [Times: user=0.10 sys=0.00, real=0.01 secs] 
2016-09-24T04:21:17.306-0400: 57.954: [Full GC (Ergonomics) [PSYoungGen: 53183K->0K(175104K)] [ParOldGen: 474640K->379575K(524288K)] 527823K->379575K(699392K), [Metaspace: 43862K->43862K(1087488K)], 0.0605077 secs] [Times: user=0.61 sys=0.02, real=0.06 secs] 
2016-09-24T04:21:17.414-0400: 58.062: [GC (GCLocker Initiated GC) [PSYoungGen: 88064K->55294K(175104K)] 473248K->440479K(699392K), 0.0114669 secs] [Times: user=0.12 sys=0.00, real=0.01 secs] 
2016-09-24T04:21:17.459-0400: 58.107: [GC (GCLocker Initiated GC) [PSYoungGen: 143358K->65058K(175104K)] 534166K->479834K(699392K), 0.0083391 secs] [Times: user=0.08 sys=0.00, real=0.01 secs] 
2016-09-24T04:21:17.521-0400: 58.169: [GC (GCLocker Initiated GC) [PSYoungGen: 153122K->52645K(173056K)] 573416K->499873K(697344K), 0.0068185 secs] [Times: user=0.09 sys=0.00, real=0.01 secs] 
2016-09-24T04:21:17.555-0400: 58.203: [GC (GCLocker Initiated GC) [PSYoungGen: 140709K->85994K(174080K)] 590735K->538793K(698368K), 0.0086749 secs] [Times: user=0.10 sys=0.00, real=0.01 secs] 
2016-09-24T04:21:17.612-0400: 58.261: [GC (GCLocker Initiated GC) [PSYoungGen: 174058K->41512K(175104K)] 632386K->542310K(699392K), 0.0087016 secs] [Times: user=0.09 sys=0.00, real=0.01 secs] 
2016-09-24T04:21:17.621-0400: 58.269: [Full GC (Ergonomics) [PSYoungGen: 41512K->0K(175104K)] [ParOldGen: 500798K->385336K(524288K)] 542310K->385336K(699392K), [Metaspace: 43862K->43862K(1087488K)], 0.0525794 secs] [Times: user=0.33 sys=0.01, real=0.05 secs] 
2016-09-24T04:21:17.715-0400: 58.363: [GC (GCLocker Initiated GC) [PSYoungGen: 88064K->78987K(175104K)] 475350K->466273K(699392K), 0.0071265 secs] [Times: user=0.09 sys=0.00, real=0.01 secs] 
2016-09-24T04:21:17.765-0400: 58.413: [GC (GCLocker Initiated GC) [PSYoungGen: 167051K->62646K(175104K)] 558624K->474593K(699392K), 0.0092165 secs] [Times: user=0.08 sys=0.00, real=0.01 secs] 
2016-09-24T04:21:17.826-0400: 58.474: [GC (GCLocker Initiated GC) [PSYoungGen: 150710K->52786K(175104K)] 565468K->487785K(699392K), 0.0074039 secs] [Times: user=0.08 sys=0.00, real=0.00 secs] 
2016-09-24T04:21:17.884-0400: 58.533: [GC (GCLocker Initiated GC) [PSYoungGen: 140850K->61168K(175104K)] 578680K->529940K(699392K), 0.0082258 secs] [Times: user=0.10 sys=0.00, real=0.00 secs] 
2016-09-24T04:21:17.938-0400: 58.586: [GC (GCLocker Initiated GC) [PSYoungGen: 149232K->59555K(175104K)] 620759K->567463K(699392K), 0.0128801 secs] [Times: user=0.19 sys=0.00, real=0.01 secs] 
2016-09-24T04:21:17.951-0400: 58.599: [Full GC (Ergonomics) [PSYoungGen: 59555K->0K(175104K)] [ParOldGen: 507907K->383219K(524288K)] 567463K->383219K(699392K), [Metaspace: 43871K->43871K(1087488K)], 0.0516087 secs] [Times: user=0.46 sys=0.00, real=0.06 secs] 
2016-09-24T04:21:18.039-0400: 58.687: [GC (GCLocker Initiated GC) [PSYoungGen: 88064K->71035K(175104K)] 474088K->457059K(699392K), 0.0078600 secs] [Times: user=0.06 sys=0.00, real=0.01 secs] 
2016-09-24T04:21:18.099-0400: 58.747: [GC (GCLocker Initiated GC) [PSYoungGen: 159099K->44853K(175104K)] 550788K->481571K(699392K), 0.0200744 secs] [Times: user=0.24 sys=0.00, real=0.02 secs] 
2016-09-24T04:21:18.160-0400: 58.808: [GC (GCLocker Initiated GC) [PSYoungGen: 132917K->79853K(175104K)] 569719K->542153K(699392K), 0.0150618 secs] [Times: user=0.19 sys=0.00, real=0.02 secs] 
2016-09-24T04:21:18.232-0400: 58.880: [Full GC (Ergonomics) [PSYoungGen: 167917K->0K(175104K)] [ParOldGen: 471906K->388800K(524288K)] 639824K->388800K(699392K), [Metaspace: 43871K->43871K(1087488K)], 0.0536230 secs] [Times: user=0.44 sys=0.01, real=0.06 secs] 
2016-09-24T04:21:18.330-0400: 58.978: [GC (GCLocker Initiated GC) [PSYoungGen: 88064K->70903K(175104K)] 477522K->460361K(699392K), 0.0111172 secs] [Times: user=0.15 sys=0.00, real=0.01 secs] 
2016-09-24T04:21:18.379-0400: 59.027: [GC (GCLocker Initiated GC) [PSYoungGen: 158967K->48644K(175104K)] 550013K->469670K(699392K), 0.0083988 secs] [Times: user=0.10 sys=0.00, real=0.01 secs] 
2016-09-24T04:21:18.432-0400: 59.080: [GC (GCLocker Initiated GC) [PSYoungGen: 136708K->62436K(175104K)] 557942K->505051K(699392K), 0.0070388 secs] [Times: user=0.09 sys=0.00, real=0.01 secs] 
2016-09-24T04:21:18.477-0400: 59.125: [GC (GCLocker Initiated GC) [PSYoungGen: 150500K->85417K(175104K)] 593267K->548358K(699392K), 0.0101793 secs] [Times: user=0.10 sys=0.01, real=0.01 secs] 
2016-09-24T04:21:18.537-0400: 59.185: [GC (GCLocker Initiated GC) [PSYoungGen: 173481K->55379K(175104K)] 645997K->549390K(699392K), 0.0068151 secs] [Times: user=0.07 sys=0.00, real=0.01 secs] 
2016-09-24T04:21:18.544-0400: 59.192: [Full GC (Ergonomics) [PSYoungGen: 55379K->0K(175104K)] [ParOldGen: 494010K->386811K(524288K)] 549390K->386811K(699392K), [Metaspace: 43871K->43871K(1087488K)], 0.0516209 secs] [Times: user=0.40 sys=0.00, real=0.05 secs] 
2016-09-24T04:21:18.634-0400: 59.283: [GC (GCLocker Initiated GC) [PSYoungGen: 88064K->77701K(175104K)] 481815K->471452K(699392K), 0.0074895 secs] [Times: user=0.08 sys=0.01, real=0.00 secs] 
2016-09-24T04:21:18.691-0400: 59.339: [GC (GCLocker Initiated GC) [PSYoungGen: 165765K->52987K(175104K)] 562434K->484983K(699392K), 0.0074303 secs] [Times: user=0.09 sys=0.00, real=0.01 secs] 
2016-09-24T04:21:18.754-0400: 59.403: [GC (GCLocker Initiated GC) [PSYoungGen: 141051K->45935K(175104K)] 585754K->508044K(699392K), 0.0251815 secs] [Times: user=0.30 sys=0.00, real=0.02 secs] 
2016-09-24T04:21:18.830-0400: 59.478: [GC (GCLocker Initiated GC) [PSYoungGen: 133999K->79710K(175104K)] 599019K->559423K(699392K), 0.0101978 secs] [Times: user=0.13 sys=0.00, real=0.01 secs] 
2016-09-24T04:21:18.840-0400: 59.488: [Full GC (Ergonomics) [PSYoungGen: 79710K->0K(175104K)] [ParOldGen: 479713K->397689K(524288K)] 559423K->397689K(699392K), [Metaspace: 43871K->43871K(1087488K)], 0.0661965 secs] [Times: user=0.57 sys=0.02, real=0.07 secs] 
2016-09-24T04:21:18.975-0400: 59.623: [GC (GCLocker Initiated GC) [PSYoungGen: 88064K->42250K(175104K)] 495342K->449529K(699392K), 0.0081073 secs] [Times: user=0.05 sys=0.01, real=0.01 secs] 
2016-09-24T04:21:19.050-0400: 59.698: [GC (GCLocker Initiated GC) [PSYoungGen: 130314K->46971K(175104K)] 537846K->477690K(699392K), 0.0075974 secs] [Times: user=0.10 sys=0.00, real=0.01 secs] 
2016-09-24T04:21:19.104-0400: 59.752: [GC (GCLocker Initiated GC) [PSYoungGen: 135035K->43475K(175104K)] 582246K->503548K(699392K), 0.0193449 secs] [Times: user=0.18 sys=0.00, real=0.02 secs] 
2016-09-24T04:21:19.185-0400: 59.833: [GC (GCLocker Initiated GC) [PSYoungGen: 131539K->33733K(175104K)] 592989K->511414K(699392K), 0.0160816 secs] [Times: user=0.16 sys=0.00, real=0.01 secs] 
2016-09-24T04:21:19.232-0400: 59.880: [Full GC (Ergonomics) [PSYoungGen: 121797K->0K(175104K)] [ParOldGen: 487196K->406232K(524288K)] 608994K->406232K(699392K), [Metaspace: 43871K->43871K(1087488K)], 0.0587774 secs] [Times: user=0.41 sys=0.00, real=0.06 secs] 
2016-09-24T04:21:19.342-0400: 59.991: [GC (GCLocker Initiated GC) [PSYoungGen: 88064K->65364K(175104K)] 505393K->482693K(699392K), 0.0330018 secs] [Times: user=0.45 sys=0.00, real=0.03 secs] 
2016-09-24T04:21:19.410-0400: 60.058: [GC (GCLocker Initiated GC) [PSYoungGen: 153428K->71531K(175104K)] 570809K->510592K(699392K), 0.0081235 secs] [Times: user=0.11 sys=0.01, real=0.01 secs] 
2016-09-24T04:21:19.466-0400: 60.114: [GC (GCLocker Initiated GC) [PSYoungGen: 159595K->50052K(175104K)] 607002K->514570K(699392K), 0.0068918 secs] [Times: user=0.07 sys=0.00, real=0.00 secs] 
2016-09-24T04:21:19.525-0400: 60.173: [GC (GCLocker Initiated GC) [PSYoungGen: 138116K->45815K(175104K)] 608119K->533198K(699392K), 0.0071288 secs] [Times: user=0.08 sys=0.00, real=0.00 secs] 
2016-09-24T04:21:19.533-0400: 60.181: [Full GC (Ergonomics) [PSYoungGen: 45815K->0K(175104K)] [ParOldGen: 487383K->379868K(524288K)] 533198K->379868K(699392K), [Metaspace: 43871K->43871K(1087488K)], 0.0662274 secs] [Times: user=0.65 sys=0.00, real=0.07 secs] 
2016-09-24T04:21:19.636-0400: 60.284: [GC (GCLocker Initiated GC) [PSYoungGen: 88064K->84443K(175104K)] 468118K->472597K(699392K), 0.0083520 secs] [Times: user=0.11 sys=0.01, real=0.01 secs] 
2016-09-24T04:21:19.697-0400: 60.345: [GC (GCLocker Initiated GC) [PSYoungGen: 172507K->55440K(175104K)] 565160K->461824K(699392K), 0.0070657 secs] [Times: user=0.09 sys=0.00, real=0.01 secs] 
2016-09-24T04:21:19.739-0400: 60.387: [GC (GCLocker Initiated GC) [PSYoungGen: 143504K->45799K(175104K)] 558075K->481631K(699392K), 0.0072666 secs] [Times: user=0.06 sys=0.00, real=0.01 secs] 
2016-09-24T04:21:19.792-0400: 60.440: [GC (GCLocker Initiated GC) [PSYoungGen: 133863K->56720K(175104K)] 577950K->519359K(699392K), 0.0067725 secs] [Times: user=0.08 sys=0.00, real=0.01 secs] 
2016-09-24T04:21:19.842-0400: 60.490: [GC (GCLocker Initiated GC) [PSYoungGen: 144784K->47332K(175104K)] 607937K->537066K(699392K), 0.0093792 secs] [Times: user=0.08 sys=0.00, real=0.00 secs] 
2016-09-24T04:21:19.852-0400: 60.500: [Full GC (Ergonomics) [PSYoungGen: 47332K->0K(175104K)] [ParOldGen: 489733K->382886K(524288K)] 537066K->382886K(699392K), [Metaspace: 43871K->43871K(1087488K)], 0.0508587 secs] [Times: user=0.42 sys=0.00, real=0.06 secs] 
2016-09-24T04:21:19.937-0400: 60.585: [GC (GCLocker Initiated GC) [PSYoungGen: 88064K->85258K(175104K)] 473776K->484471K(699392K), 0.0081339 secs] [Times: user=0.09 sys=0.00, real=0.01 secs] 
2016-09-24T04:21:19.988-0400: 60.636: [GC (GCLocker Initiated GC) [PSYoungGen: 173322K->58329K(175104K)] 575488K->504825K(699392K), 0.0081854 secs] [Times: user=0.11 sys=0.00, real=0.01 secs] 
2016-09-24T04:21:20.040-0400: 60.688: [GC (GCLocker Initiated GC) [PSYoungGen: 146393K->54017K(175104K)] 592931K->524663K(699392K), 0.0078970 secs] [Times: user=0.07 sys=0.00, real=0.01 secs] 
2016-09-24T04:21:20.086-0400: 60.734: [GC (GCLocker Initiated GC) [PSYoungGen: 142081K->74599K(175104K)] 617051K->573554K(699392K), 0.0111165 secs] [Times: user=0.13 sys=0.00, real=0.01 secs] 
2016-09-24T04:21:20.097-0400: 60.745: [Full GC (Ergonomics) [PSYoungGen: 74599K->0K(175104K)] [ParOldGen: 498954K->393202K(524288K)] 573554K->393202K(699392K), [Metaspace: 43871K->43871K(1087488K)], 0.0575149 secs] [Times: user=0.44 sys=0.00, real=0.06 secs] 
2016-09-24T04:21:20.202-0400: 60.850: [GC (GCLocker Initiated GC) [PSYoungGen: 88064K->67902K(175104K)] 485584K->465422K(699392K), 0.0069371 secs] [Times: user=0.07 sys=0.00, real=0.01 secs] 
2016-09-24T04:21:20.252-0400: 60.900: [GC (GCLocker Initiated GC) [PSYoungGen: 155966K->55530K(175104K)] 553687K->481607K(699392K), 0.0079672 secs] [Times: user=0.09 sys=0.00, real=0.01 secs] 
2016-09-24T04:21:20.300-0400: 60.948: [GC (GCLocker Initiated GC) [PSYoungGen: 143594K->48751K(175104K)] 569835K->499032K(699392K), 0.0066314 secs] [Times: user=0.06 sys=0.00, real=0.01 secs] 
2016-09-24T04:21:20.356-0400: 61.004: [GC (GCLocker Initiated GC) [PSYoungGen: 136815K->48781K(175104K)] 592554K->526016K(699392K), 0.0070548 secs] [Times: user=0.09 sys=0.00, real=0.01 secs] 
2016-09-24T04:21:20.394-0400: 61.042: [GC (GCLocker Initiated GC) [PSYoungGen: 136845K->67782K(175104K)] 614216K->565200K(699392K), 0.0097374 secs] [Times: user=0.09 sys=0.00, real=0.01 secs] 
2016-09-24T04:21:20.404-0400: 61.052: [Full GC (Ergonomics) [PSYoungGen: 67782K->0K(175104K)] [ParOldGen: 497417K->396152K(524288K)] 565200K->396152K(699392K), [Metaspace: 43871K->43871K(1087488K)], 0.0637095 secs] [Times: user=0.41 sys=0.02, real=0.06 secs] 
2016-09-24T04:21:20.519-0400: 61.167: [GC (GCLocker Initiated GC) [PSYoungGen: 88064K->40782K(175104K)] 497095K->449814K(699392K), 0.0080475 secs] [Times: user=0.06 sys=0.01, real=0.01 secs] 
2016-09-24T04:21:20.568-0400: 61.216: [GC (GCLocker Initiated GC) [PSYoungGen: 128846K->40126K(175104K)] 540722K->465537K(699392K), 0.0075372 secs] [Times: user=0.07 sys=0.00, real=0.01 secs] 
2016-09-24T04:21:20.629-0400: 61.277: [GC (GCLocker Initiated GC) [PSYoungGen: 128190K->41813K(175104K)] 556354K->485583K(699392K), 0.0182932 secs] [Times: user=0.21 sys=0.00, real=0.02 secs] 
2016-09-24T04:21:20.691-0400: 61.339: [GC (GCLocker Initiated GC) [PSYoungGen: 129877K->54054K(142336K)] 573783K->523394K(666624K), 0.0098505 secs] [Times: user=0.13 sys=0.01, real=0.01 secs] 
2016-09-24T04:21:20.748-0400: 61.396: [GC (GCLocker Initiated GC) [PSYoungGen: 142118K->72667K(171008K)] 614310K->544859K(695296K), 0.0108432 secs] [Times: user=0.14 sys=0.00, real=0.01 secs] 
2016-09-24T04:21:20.812-0400: 61.460: [GC (GCLocker Initiated GC) [PSYoungGen: 158683K->38821K(173056K)] 639224K->555018K(697344K), 0.0119917 secs] [Times: user=0.11 sys=0.00, real=0.02 secs] 
2016-09-24T04:21:20.824-0400: 61.472: [Full GC (Ergonomics) [PSYoungGen: 38821K->0K(173056K)] [ParOldGen: 516197K->402429K(524288K)] 555018K->402429K(697344K), [Metaspace: 43871K->43871K(1087488K)], 0.0757106 secs] [Times: user=0.69 sys=0.00, real=0.07 secs] 
2016-09-24T04:21:20.944-0400: 61.592: [GC (GCLocker Initiated GC) [PSYoungGen: 86016K->69390K(175104K)] 489928K->473310K(699392K), 0.0081174 secs] [Times: user=0.07 sys=0.00, real=0.00 secs] 
2016-09-24T04:21:21.001-0400: 61.649: [GC (GCLocker Initiated GC) [PSYoungGen: 157454K->52672K(175104K)] 561669K->489444K(699392K), 0.0084137 secs] [Times: user=0.10 sys=0.00, real=0.01 secs] 
2016-09-24T04:21:21.042-0400: 61.691: [GC (GCLocker Initiated GC) [PSYoungGen: 140736K->58201K(172032K)] 577673K->524508K(696320K), 0.0089526 secs] [Times: user=0.08 sys=0.01, real=0.00 secs] 
2016-09-24T04:21:21.096-0400: 61.744: [GC (GCLocker Initiated GC) [PSYoungGen: 146265K->84974K(173568K)] 618172K->556881K(697856K), 0.0091940 secs] [Times: user=0.09 sys=0.00, real=0.01 secs] 
2016-09-24T04:21:21.144-0400: 61.792: [Full GC (Ergonomics) [PSYoungGen: 173038K->0K(173568K)] [ParOldGen: 477588K->407795K(524288K)] 650626K->407795K(697856K), [Metaspace: 43881K->43881K(1087488K)], 0.0720644 secs] [Times: user=0.63 sys=0.00, real=0.07 secs] 
2016-09-24T04:21:21.261-0400: 61.909: [GC (GCLocker Initiated GC) [PSYoungGen: 88064K->55923K(175104K)] 501405K->469264K(699392K), 0.0066563 secs] [Times: user=0.05 sys=0.00, real=0.01 secs] 
2016-09-24T04:21:21.315-0400: 61.963: [GC (GCLocker Initiated GC) [PSYoungGen: 143987K->62124K(175104K)] 560263K->496183K(699392K), 0.0091644 secs] [Times: user=0.07 sys=0.00, real=0.01 secs] 
2016-09-24T04:21:21.358-0400: 62.006: [GC (GCLocker Initiated GC) [PSYoungGen: 150188K->58143K(172032K)] 584374K->524346K(696320K), 0.0081864 secs] [Times: user=0.07 sys=0.00, real=0.01 secs] 
2016-09-24T04:21:21.420-0400: 62.068: [Full GC (Ergonomics) [PSYoungGen: 146207K->0K(172032K)] [ParOldGen: 478459K->402185K(524288K)] 624666K->402185K(696320K), [Metaspace: 43881K->43881K(1087488K)], 0.0604937 secs] [Times: user=0.46 sys=0.00, real=0.06 secs] 
2016-09-24T04:21:21.535-0400: 62.183: [GC (GCLocker Initiated GC) [PSYoungGen: 88064K->65342K(173568K)] 493120K->470399K(697856K), 0.0079485 secs] [Times: user=0.08 sys=0.00, real=0.01 secs] 
2016-09-24T04:21:21.585-0400: 62.233: [GC (GCLocker Initiated GC) [PSYoungGen: 153406K->85327K(173568K)] 561329K->493251K(697856K), 0.0064282 secs] [Times: user=0.09 sys=0.01, real=0.00 secs] 
2016-09-24T04:21:21.631-0400: 62.279: [GC (GCLocker Initiated GC) [PSYoungGen: 173391K->84724K(175104K)] 584925K->508383K(699392K), 0.0072582 secs] [Times: user=0.10 sys=0.00, real=0.01 secs] 
2016-09-24T04:21:21.673-0400: 62.321: [GC (GCLocker Initiated GC) [PSYoungGen: 172788K->67364K(175104K)] 599241K->533571K(699392K), 0.0097676 secs] [Times: user=0.11 sys=0.00, real=0.02 secs] 
2016-09-24T04:21:21.723-0400: 62.371: [GC (GCLocker Initiated GC) [PSYoungGen: 155428K->66627K(175104K)] 624491K->553939K(699392K), 0.0116869 secs] [Times: user=0.15 sys=0.00, real=0.01 secs] 
2016-09-24T04:21:21.734-0400: 62.382: [Full GC (Ergonomics) [PSYoungGen: 66627K->0K(175104K)] [ParOldGen: 487311K->402444K(524288K)] 553939K->402444K(699392K), [Metaspace: 43881K->43881K(1087488K)], 0.0541024 secs] [Times: user=0.41 sys=0.01, real=0.05 secs] 
2016-09-24T04:21:21.821-0400: 62.469: [GC (GCLocker Initiated GC) [PSYoungGen: 88064K->78579K(175104K)] 490608K->481124K(699392K), 0.0075318 secs] [Times: user=0.10 sys=0.00, real=0.01 secs] 
2016-09-24T04:21:21.875-0400: 62.523: [GC (GCLocker Initiated GC) [PSYoungGen: 166643K->35564K(175104K)] 586864K->477199K(699392K), 0.0104209 secs] [Times: user=0.11 sys=0.00, real=0.01 secs] 
2016-09-24T04:21:21.931-0400: 62.580: [GC (GCLocker Initiated GC) [PSYoungGen: 123628K->45336K(175104K)] 568101K->507535K(699392K), 0.0073541 secs] [Times: user=0.06 sys=0.00, real=0.01 secs] 
2016-09-24T04:21:21.966-0400: 62.614: [GC (GCLocker Initiated GC) [PSYoungGen: 133400K->85118K(175104K)] 597391K->572610K(699392K), 0.0092833 secs] [Times: user=0.10 sys=0.00, real=0.01 secs] 
2016-09-24T04:21:21.975-0400: 62.624: [Full GC (Ergonomics) [PSYoungGen: 85118K->0K(175104K)] [ParOldGen: 487491K->410265K(524288K)] 572610K->410265K(699392K), [Metaspace: 43881K->43881K(1087488K)], 0.0576847 secs] [Times: user=0.51 sys=0.00, real=0.05 secs] 
2016-09-24T04:21:22.087-0400: 62.735: [GC (GCLocker Initiated GC) [PSYoungGen: 88064K->62380K(175104K)] 498674K->472990K(699392K), 0.0128659 secs] [Times: user=0.18 sys=0.01, real=0.01 secs] 
2016-09-24T04:21:22.131-0400: 62.779: [GC (GCLocker Initiated GC) [PSYoungGen: 150444K->70352K(175104K)] 563957K->512099K(699392K), 0.0242943 secs] [Times: user=0.29 sys=0.01, real=0.03 secs] 
2016-09-24T04:21:22.212-0400: 62.860: [GC (GCLocker Initiated GC) [PSYoungGen: 158416K->52744K(175104K)] 606984K->537391K(699392K), 0.0080479 secs] [Times: user=0.11 sys=0.00, real=0.01 secs] 
2016-09-24T04:21:22.221-0400: 62.869: [Full GC (Ergonomics) [PSYoungGen: 52744K->0K(175104K)] [ParOldGen: 484646K->411837K(524288K)] 537391K->411837K(699392K), [Metaspace: 43881K->43881K(1087488K)], 0.0638745 secs] [Times: user=0.50 sys=0.01, real=0.07 secs] 
2016-09-24T04:21:22.331-0400: 62.979: [GC (GCLocker Initiated GC) [PSYoungGen: 88064K->56910K(175104K)] 500008K->468854K(699392K), 0.0064769 secs] [Times: user=0.06 sys=0.01, real=0.01 secs] 
2016-09-24T04:21:22.377-0400: 63.025: [GC (GCLocker Initiated GC) [PSYoungGen: 144974K->77178K(175104K)] 560128K->500199K(699392K), 0.0074242 secs] [Times: user=0.08 sys=0.00, real=0.01 secs] 
2016-09-24T04:21:22.429-0400: 63.077: [GC (GCLocker Initiated GC) [PSYoungGen: 165242K->45720K(175104K)] 588322K->495644K(699392K), 0.0233757 secs] [Times: user=0.30 sys=0.00, real=0.02 secs] 
2016-09-24T04:21:22.495-0400: 63.143: [GC (GCLocker Initiated GC) [PSYoungGen: 133784K->59673K(175104K)] 586590K->528179K(699392K), 0.0101875 secs] [Times: user=0.08 sys=0.01, real=0.01 secs] 
2016-09-24T04:21:22.557-0400: 63.205: [GC (GCLocker Initiated GC) [PSYoungGen: 147737K->52684K(175104K)] 616362K->561890K(699392K), 0.0078857 secs] [Times: user=0.10 sys=0.00, real=0.01 secs] 
2016-09-24T04:21:22.565-0400: 63.213: [Full GC (Ergonomics) [PSYoungGen: 52684K->0K(175104K)] [ParOldGen: 509206K->409040K(524288K)] 561890K->409040K(699392K), [Metaspace: 43881K->43881K(1087488K)], 0.0691122 secs] [Times: user=0.60 sys=0.00, real=0.06 secs] 
2016-09-24T04:21:22.675-0400: 63.323: [GC (GCLocker Initiated GC) [PSYoungGen: 88064K->64182K(175104K)] 498539K->474658K(699392K), 0.0119192 secs] [Times: user=0.13 sys=0.00, real=0.01 secs] 
2016-09-24T04:21:22.734-0400: 63.382: [GC (GCLocker Initiated GC) [PSYoungGen: 152246K->44568K(175104K)] 562872K->479858K(699392K), 0.0070536 secs] [Times: user=0.06 sys=0.00, real=0.00 secs] 
2016-09-24T04:21:22.777-0400: 63.425: [GC (GCLocker Initiated GC) [PSYoungGen: 132632K->80097K(175104K)] 573549K->531477K(699392K), 0.0075986 secs] [Times: user=0.10 sys=0.00, real=0.01 secs] 
2016-09-24T04:21:22.841-0400: 63.489: [GC (GCLocker Initiated GC) [PSYoungGen: 168161K->55641K(175104K)] 630502K->546263K(699392K), 0.0083902 secs] [Times: user=0.08 sys=0.00, real=0.01 secs] 
2016-09-24T04:21:22.850-0400: 63.498: [Full GC (Ergonomics) [PSYoungGen: 55641K->0K(175104K)] [ParOldGen: 490622K->414300K(524288K)] 546263K->414300K(699392K), [Metaspace: 43881K->43881K(1087488K)], 0.0576244 secs] [Times: user=0.48 sys=0.00, real=0.06 secs] 
2016-09-24T04:21:22.946-0400: 63.594: [GC (GCLocker Initiated GC) [PSYoungGen: 88064K->81223K(175104K)] 505198K->498357K(699392K), 0.0068489 secs] [Times: user=0.10 sys=0.01, real=0.00 secs] 
2016-09-24T04:21:22.993-0400: 63.641: [GC (GCLocker Initiated GC) [PSYoungGen: 169287K->44855K(175104K)] 589303K->494265K(699392K), 0.0091100 secs] [Times: user=0.10 sys=0.00, real=0.02 secs] 
2016-09-24T04:21:23.043-0400: 63.691: [GC (GCLocker Initiated GC) [PSYoungGen: 132919K->71664K(175104K)] 582759K->552487K(699392K), 0.0085953 secs] [Times: user=0.10 sys=0.00, real=0.00 secs] 
2016-09-24T04:21:23.052-0400: 63.700: [Full GC (Ergonomics) [PSYoungGen: 71664K->0K(175104K)] [ParOldGen: 480823K->414564K(524288K)] 552487K->414564K(699392K), [Metaspace: 43882K->43882K(1087488K)], 0.0459285 secs] [Times: user=0.33 sys=0.00, real=0.05 secs] 
2016-09-24T04:21:23.139-0400: 63.787: [GC (GCLocker Initiated GC) [PSYoungGen: 88064K->54438K(175104K)] 505584K->471958K(699392K), 0.0140067 secs] [Times: user=0.14 sys=0.00, real=0.01 secs] 
2016-09-24T04:21:23.182-0400: 63.830: [GC (GCLocker Initiated GC) [PSYoungGen: 142502K->51445K(175104K)] 560153K->512547K(699392K), 0.0087012 secs] [Times: user=0.09 sys=0.01, real=0.00 secs] 
2016-09-24T04:21:23.234-0400: 63.882: [Full GC (Ergonomics) [PSYoungGen: 139509K->0K(175104K)] [ParOldGen: 467993K->413704K(524288K)] 607503K->413704K(699392K), [Metaspace: 43882K->43882K(1087488K)], 0.0580638 secs] [Times: user=0.44 sys=0.00, real=0.06 secs] 
2016-09-24T04:21:23.336-0400: 63.984: [GC (GCLocker Initiated GC) [PSYoungGen: 88064K->64773K(175104K)] 501959K->478669K(699392K), 0.0098132 secs] [Times: user=0.13 sys=0.00, real=0.01 secs] 
2016-09-24T04:21:23.388-0400: 64.036: [GC (GCLocker Initiated GC) [PSYoungGen: 152837K->86742K(175104K)] 579108K->524728K(699392K), 0.0123890 secs] [Times: user=0.17 sys=0.00, real=0.01 secs] 
2016-09-24T04:21:23.456-0400: 64.105: [GC (GCLocker Initiated GC) [PSYoungGen: 174806K->64790K(175104K)] 627769K->548680K(699392K), 0.0082762 secs] [Times: user=0.08 sys=0.00, real=0.01 secs] 
2016-09-24T04:21:23.465-0400: 64.113: [Full GC (Ergonomics) [PSYoungGen: 64790K->0K(175104K)] [ParOldGen: 483890K->424907K(524288K)] 548680K->424907K(699392K), [Metaspace: 43882K->43882K(1087488K)], 0.0619306 secs] [Times: user=0.54 sys=0.00, real=0.06 secs] 
2016-09-24T04:21:23.573-0400: 64.221: [GC (GCLocker Initiated GC) [PSYoungGen: 88064K->62261K(175104K)] 513021K->487218K(699392K), 0.0058014 secs] [Times: user=0.07 sys=0.00, real=0.01 secs] 
2016-09-24T04:21:23.618-0400: 64.266: [GC (GCLocker Initiated GC) [PSYoungGen: 150325K->75973K(175104K)] 583417K->529101K(699392K), 0.0095002 secs] [Times: user=0.10 sys=0.01, real=0.01 secs] 
2016-09-24T04:21:23.687-0400: 64.335: [Full GC (Ergonomics) [PSYoungGen: 164037K->0K(175104K)] [ParOldGen: 472152K->424240K(524288K)] 636190K->424240K(699392K), [Metaspace: 43882K->43882K(1087488K)], 0.0649836 secs] [Times: user=0.50 sys=0.01, real=0.06 secs] 
2016-09-24T04:21:23.799-0400: 64.448: [GC (GCLocker Initiated GC) [PSYoungGen: 88064K->59920K(175104K)] 521855K->493711K(699392K), 0.0348382 secs] [Times: user=0.38 sys=0.00, real=0.04 secs] 
2016-09-24T04:21:23.888-0400: 64.536: [GC (GCLocker Initiated GC) [PSYoungGen: 147984K->63851K(175104K)] 588675K->545239K(699392K), 0.0129048 secs] [Times: user=0.09 sys=0.00, real=0.01 secs] 
2016-09-24T04:21:23.901-0400: 64.549: [Full GC (Ergonomics) [PSYoungGen: 63851K->0K(175104K)] [ParOldGen: 481387K->422745K(524288K)] 545239K->422745K(699392K), [Metaspace: 43882K->43882K(1087488K)], 0.0589275 secs] [Times: user=0.46 sys=0.01, real=0.06 secs] 
2016-09-24T04:21:24.026-0400: 64.674: [GC (GCLocker Initiated GC) [PSYoungGen: 88064K->65504K(175104K)] 518984K->496424K(699392K), 0.0094890 secs] [Times: user=0.11 sys=0.01, real=0.01 secs] 
2016-09-24T04:21:24.084-0400: 64.732: [GC (GCLocker Initiated GC) [PSYoungGen: 153568K->71687K(175104K)] 590103K->508222K(699392K), 0.0105583 secs] [Times: user=0.10 sys=0.01, real=0.01 secs] 
2016-09-24T04:21:24.145-0400: 64.793: [GC (GCLocker Initiated GC) [PSYoungGen: 159751K->45499K(175104K)] 601772K->521047K(699392K), 0.0112966 secs] [Times: user=0.10 sys=0.00, real=0.01 secs] 
2016-09-24T04:21:24.156-0400: 64.804: [Full GC (Ergonomics) [PSYoungGen: 45499K->0K(175104K)] [ParOldGen: 475547K->430176K(524288K)] 521047K->430176K(699392K), [Metaspace: 43883K->43883K(1087488K)], 0.0601318 secs] [Times: user=0.39 sys=0.01, real=0.06 secs] 
2016-09-24T04:21:24.258-0400: 64.906: [GC (GCLocker Initiated GC) [PSYoungGen: 88064K->69348K(175104K)] 521114K->502398K(699392K), 0.0073021 secs] [Times: user=0.07 sys=0.00, real=0.01 secs] 
2016-09-24T04:21:24.310-0400: 64.958: [GC (GCLocker Initiated GC) [PSYoungGen: 157412K->52886K(175104K)] 600068K->513203K(699392K), 0.0078347 secs] [Times: user=0.07 sys=0.01, real=0.01 secs] 
2016-09-24T04:21:24.358-0400: 65.006: [GC (GCLocker Initiated GC) [PSYoungGen: 140950K->44562K(175104K)] 608048K->546613K(699392K), 0.0132451 secs] [Times: user=0.18 sys=0.00, real=0.01 secs] 
2016-09-24T04:21:24.372-0400: 65.020: [Full GC (Ergonomics) [PSYoungGen: 44562K->0K(175104K)] [ParOldGen: 502050K->429670K(524288K)] 546613K->429670K(699392K), [Metaspace: 43892K->43892K(1087488K)], 0.0500188 secs] [Times: user=0.45 sys=0.01, real=0.05 secs] 
2016-09-24T04:21:24.469-0400: 65.117: [GC (GCLocker Initiated GC) [PSYoungGen: 88064K->79141K(175104K)] 517944K->509022K(699392K), 0.0156106 secs] [Times: user=0.22 sys=0.00, real=0.02 secs] 
2016-09-24T04:21:24.528-0400: 65.176: [GC (GCLocker Initiated GC) [PSYoungGen: 167205K->65012K(175104K)] 597397K->515782K(699392K), 0.0071323 secs] [Times: user=0.10 sys=0.00, real=0.01 secs] 
2016-09-24T04:21:24.564-0400: 65.212: [GC (GCLocker Initiated GC) [PSYoungGen: 153076K->60819K(175104K)] 603951K->546590K(699392K), 0.0076868 secs] [Times: user=0.11 sys=0.00, real=0.00 secs] 
2016-09-24T04:21:24.572-0400: 65.220: [Full GC (Ergonomics) [PSYoungGen: 60819K->0K(175104K)] [ParOldGen: 485770K->431576K(524288K)] 546590K->431576K(699392K), [Metaspace: 43936K->43936K(1087488K)], 0.0542103 secs] [Times: user=0.49 sys=0.00, real=0.06 secs] 
2016-09-24T04:21:25.751-0400: 66.399: [GC (Allocation Failure) [PSYoungGen: 88064K->8753K(175104K)] 519707K->440397K(699392K), 0.0045560 secs] [Times: user=0.05 sys=0.00, real=0.01 secs] 
2016-09-24T04:21:30.742-0400: 71.390: [GC (Allocation Failure) [PSYoungGen: 96809K->19396K(175104K)] 528452K->459353K(699392K), 0.0186272 secs] [Times: user=0.16 sys=0.01, real=0.02 secs] 
2016-09-24T04:21:35.631-0400: 76.279: [GC (Allocation Failure) [PSYoungGen: 107460K->19972K(175104K)] 547417K->479150K(699392K), 0.0091421 secs] [Times: user=0.06 sys=0.01, real=0.01 secs] 
2016-09-24T04:21:40.590-0400: 81.238: [GC (Allocation Failure) [PSYoungGen: 108036K->19684K(175104K)] 567214K->498586K(699392K), 0.0094123 secs] [Times: user=0.06 sys=0.00, real=0.01 secs] 
2016-09-24T04:21:40.600-0400: 81.248: [Full GC (Ergonomics) [PSYoungGen: 19684K->0K(175104K)] [ParOldGen: 478902K->306845K(524288K)] 498586K->306845K(699392K), [Metaspace: 44005K->44005K(1087488K)], 0.1013215 secs] [Times: user=0.68 sys=0.02, real=0.10 secs] 
2016-09-24T04:21:45.445-0400: 86.093: [GC (Allocation Failure) [PSYoungGen: 88064K->20196K(175104K)] 394909K->327042K(699392K), 0.0137238 secs] [Times: user=0.08 sys=0.02, real=0.01 secs] 
2016-09-24T04:21:50.444-0400: 91.093: [GC (Allocation Failure) [PSYoungGen: 108260K->21348K(175104K)] 415106K->348015K(699392K), 0.0080938 secs] [Times: user=0.05 sys=0.01, real=0.00 secs] 
