Java HotSpot(TM) 64-Bit Server VM (25.101-b13) for linux-amd64 JRE (1.8.0_101-b13), built on Jun 22 2016 02:59:44 by "java_re" with gcc 4.3.0 20080428 (Red Hat 4.3.0-8)
Memory: 4k page, physical 264122324k(156945104k free), swap 268399612k(268399612k free)
CommandLine flags: -XX:GCLogFileSize=1048576 -XX:+HeapDumpOnOutOfMemoryError -XX:HeapDumpPath=artifacts/heapdump -XX:InitialHeapSize=805306368 -XX:MaxHeapSize=805306368 -XX:NumberOfGCLogFiles=10 -XX:+PrintGC -XX:+PrintGCDateStamps -XX:+PrintGCDetails -XX:+PrintGCTimeStamps -XX:+UseCompressedClassPointers -XX:+UseCompressedOops -XX:+UseGCLogFileRotation -XX:+UseParallelGC 
2016-09-22T22:29:55.442-0400: 2.152: [GC (Metadata GC Threshold) [PSYoungGen: 125830K->15463K(229376K)] 125830K->15551K(753664K), 0.0197233 secs] [Times: user=0.03 sys=0.08, real=0.02 secs] 
2016-09-22T22:29:55.461-0400: 2.172: [Full GC (Metadata GC Threshold) [PSYoungGen: 15463K->0K(229376K)] [ParOldGen: 88K->14602K(360448K)] 15551K->14602K(589824K), [Metaspace: 21078K->21078K(1067008K)], 0.0604602 secs] [Times: user=0.48 sys=0.01, real=0.06 secs] 
2016-09-22T22:29:57.162-0400: 3.872: [GC (Metadata GC Threshold) [PSYoungGen: 120366K->14976K(229376K)] 134968K->29714K(589824K), 0.0139110 secs] [Times: user=0.08 sys=0.04, real=0.02 secs] 
2016-09-22T22:29:57.176-0400: 3.887: [Full GC (Metadata GC Threshold) [PSYoungGen: 14976K->0K(229376K)] [ParOldGen: 14738K->20419K(524288K)] 29714K->20419K(753664K), [Metaspace: 35061K->35061K(1079296K)], 0.0494456 secs] [Times: user=0.48 sys=0.01, real=0.04 secs] 
2016-09-22T22:30:02.188-0400: 8.899: [GC (GCLocker Initiated GC) [PSYoungGen: 194935K->32765K(229376K)] 218054K->66429K(753664K), 0.0109120 secs] [Times: user=0.13 sys=0.04, real=0.01 secs] 
2016-09-22T22:30:02.450-0400: 9.161: [GC (GCLocker Initiated GC) [PSYoungGen: 229373K->5239K(229376K)] 282051K->57925K(753664K), 0.0059975 secs] [Times: user=0.09 sys=0.00, real=0.01 secs] 
2016-09-22T22:30:02.647-0400: 9.358: [GC (GCLocker Initiated GC) [PSYoungGen: 201847K->30935K(227840K)] 260167K->91963K(752128K), 0.0058340 secs] [Times: user=0.06 sys=0.01, real=0.00 secs] 
2016-09-22T22:30:02.816-0400: 9.527: [GC (GCLocker Initiated GC) [PSYoungGen: 227543K->25970K(205312K)] 291304K->89739K(729600K), 0.0178835 secs] [Times: user=0.23 sys=0.02, real=0.01 secs] 
2016-09-22T22:30:02.990-0400: 9.701: [GC (Allocation Failure) [PSYoungGen: 196978K->27348K(216576K)] 264452K->94829K(740864K), 0.0159119 secs] [Times: user=0.18 sys=0.00, real=0.01 secs] 
2016-09-22T22:30:03.138-0400: 9.849: [GC (GCLocker Initiated GC) [PSYoungGen: 196489K->45039K(200704K)] 266670K->118041K(724992K), 0.0068361 secs] [Times: user=0.06 sys=0.01, real=0.00 secs] 
2016-09-22T22:30:03.284-0400: 9.995: [GC (GCLocker Initiated GC) [PSYoungGen: 200687K->30021K(208896K)] 274011K->106677K(733184K), 0.0134089 secs] [Times: user=0.17 sys=0.00, real=0.02 secs] 
2016-09-22T22:30:03.440-0400: 10.151: [GC (GCLocker Initiated GC) [PSYoungGen: 185669K->47648K(200192K)] 269193K->131771K(724480K), 0.0174013 secs] [Times: user=0.27 sys=0.00, real=0.02 secs] 
2016-09-22T22:30:03.592-0400: 10.303: [GC (GCLocker Initiated GC) [PSYoungGen: 196128K->51622K(200192K)] 285696K->155229K(724480K), 0.0139140 secs] [Times: user=0.19 sys=0.00, real=0.01 secs] 
2016-09-22T22:30:03.738-0400: 10.449: [GC (GCLocker Initiated GC) [PSYoungGen: 200102K->42091K(197120K)] 303760K->162781K(721408K), 0.0146485 secs] [Times: user=0.17 sys=0.00, real=0.01 secs] 
2016-09-22T22:30:03.869-0400: 10.580: [GC (GCLocker Initiated GC) [PSYoungGen: 177259K->13171K(148480K)] 311679K->172978K(672768K), 0.0105169 secs] [Times: user=0.11 sys=0.04, real=0.01 secs] 
2016-09-22T22:30:04.001-0400: 10.712: [GC (GCLocker Initiated GC) [PSYoungGen: 148339K->10567K(198144K)] 319106K->181859K(722432K), 0.0037069 secs] [Times: user=0.03 sys=0.00, real=0.00 secs] 
2016-09-22T22:30:04.123-0400: 10.834: [GC (GCLocker Initiated GC) [PSYoungGen: 144711K->40111K(174592K)] 316174K->212107K(698880K), 0.0098750 secs] [Times: user=0.14 sys=0.00, real=0.01 secs] 
2016-09-22T22:30:04.243-0400: 10.954: [GC (GCLocker Initiated GC) [PSYoungGen: 174255K->49654K(189440K)] 348981K->224861K(713728K), 0.0050787 secs] [Times: user=0.06 sys=0.00, real=0.01 secs] 
2016-09-22T22:30:04.346-0400: 11.057: [GC (GCLocker Initiated GC) [PSYoungGen: 174582K->37361K(193536K)] 349810K->223907K(717824K), 0.0075992 secs] [Times: user=0.06 sys=0.01, real=0.01 secs] 
2016-09-22T22:30:04.457-0400: 11.168: [GC (GCLocker Initiated GC) [PSYoungGen: 162289K->35979K(187904K)] 348871K->236533K(712192K), 0.0091762 secs] [Times: user=0.07 sys=0.02, real=0.01 secs] 
2016-09-22T22:30:04.591-0400: 11.302: [GC (GCLocker Initiated GC) [PSYoungGen: 162443K->33393K(191488K)] 363081K->264250K(715776K), 0.0093133 secs] [Times: user=0.11 sys=0.00, real=0.01 secs] 
2016-09-22T22:30:04.711-0400: 11.422: [GC (GCLocker Initiated GC) [PSYoungGen: 159857K->30529K(191488K)] 397643K->268789K(715776K), 0.0122268 secs] [Times: user=0.17 sys=0.00, real=0.01 secs] 
2016-09-22T22:30:04.860-0400: 11.571: [GC (GCLocker Initiated GC) [PSYoungGen: 165697K->17189K(194560K)] 420274K->272283K(718848K), 0.0077244 secs] [Times: user=0.08 sys=0.00, real=0.01 secs] 
2016-09-22T22:30:04.989-0400: 11.700: [GC (GCLocker Initiated GC) [PSYoungGen: 152357K->28086K(198656K)] 415721K->305483K(722944K), 0.0057029 secs] [Times: user=0.03 sys=0.03, real=0.01 secs] 
2016-09-22T22:30:05.118-0400: 11.829: [GC (GCLocker Initiated GC) [PSYoungGen: 171446K->40203K(200704K)] 448946K->318245K(724992K), 0.0075795 secs] [Times: user=0.08 sys=0.00, real=0.00 secs] 
2016-09-22T22:30:05.249-0400: 11.960: [GC (GCLocker Initiated GC) [PSYoungGen: 183563K->39965K(203264K)] 461694K->318621K(727552K), 0.0058708 secs] [Times: user=0.04 sys=0.02, real=0.01 secs] 
2016-09-22T22:30:05.375-0400: 12.086: [GC (GCLocker Initiated GC) [PSYoungGen: 185373K->19743K(203776K)] 468082K->302883K(728064K), 0.0100281 secs] [Times: user=0.11 sys=0.00, real=0.00 secs] 
2016-09-22T22:30:05.500-0400: 12.211: [GC (GCLocker Initiated GC) [PSYoungGen: 165151K->40139K(202240K)] 451032K->326584K(726528K), 0.0102798 secs] [Times: user=0.11 sys=0.01, real=0.01 secs] 
2016-09-22T22:30:05.628-0400: 12.339: [GC (GCLocker Initiated GC) [PSYoungGen: 184523K->42903K(187392K)] 471009K->335337K(711680K), 0.0106281 secs] [Times: user=0.12 sys=0.00, real=0.01 secs] 
2016-09-22T22:30:05.786-0400: 12.497: [GC (GCLocker Initiated GC) [PSYoungGen: 187287K->16978K(201216K)] 490844K->321036K(725504K), 0.0043152 secs] [Times: user=0.02 sys=0.00, real=0.01 secs] 
2016-09-22T22:30:05.912-0400: 12.623: [GC (GCLocker Initiated GC) [PSYoungGen: 158290K->41584K(183296K)] 466391K->361055K(707584K), 0.0092138 secs] [Times: user=0.10 sys=0.01, real=0.01 secs] 
2016-09-22T22:30:06.042-0400: 12.753: [GC (GCLocker Initiated GC) [PSYoungGen: 182896K->34629K(203264K)] 505100K->373525K(727552K), 0.0095691 secs] [Times: user=0.08 sys=0.00, real=0.01 secs] 
2016-09-22T22:30:06.172-0400: 12.883: [GC (GCLocker Initiated GC) [PSYoungGen: 176965K->28176K(171008K)] 522625K->390563K(695296K), 0.0055014 secs] [Times: user=0.05 sys=0.01, real=0.01 secs] 
2016-09-22T22:30:06.318-0400: 13.029: [GC (GCLocker Initiated GC) [PSYoungGen: 170512K->11866K(198656K)] 544252K->386206K(722944K), 0.0044301 secs] [Times: user=0.05 sys=0.00, real=0.00 secs] 
2016-09-22T22:30:06.441-0400: 13.152: [GC (GCLocker Initiated GC) [PSYoungGen: 153178K->44111K(199680K)] 533011K->424522K(723968K), 0.0089191 secs] [Times: user=0.08 sys=0.00, real=0.01 secs] 
2016-09-22T22:30:06.582-0400: 13.293: [GC (GCLocker Initiated GC) [PSYoungGen: 185423K->34848K(202240K)] 574071K->445600K(726528K), 0.0102823 secs] [Times: user=0.12 sys=0.01, real=0.01 secs] 
2016-09-22T22:30:06.737-0400: 13.448: [GC (GCLocker Initiated GC) [PSYoungGen: 177696K->14437K(201728K)] 599251K->452771K(726016K), 0.0060656 secs] [Times: user=0.03 sys=0.02, real=0.00 secs] 
2016-09-22T22:30:06.859-0400: 13.570: [GC (GCLocker Initiated GC) [PSYoungGen: 157285K->32039K(198656K)] 606519K->481793K(722944K), 0.0046224 secs] [Times: user=0.04 sys=0.00, real=0.00 secs] 
2016-09-22T22:30:06.979-0400: 13.690: [GC (GCLocker Initiated GC) [PSYoungGen: 175911K->51002K(195072K)] 625840K->501440K(719360K), 0.0086089 secs] [Times: user=0.07 sys=0.01, real=0.01 secs] 
2016-09-22T22:30:07.112-0400: 13.823: [GC (GCLocker Initiated GC) [PSYoungGen: 194874K->44124K(197120K)] 645387K->495161K(721408K), 0.0095089 secs] [Times: user=0.08 sys=0.00, real=0.01 secs] 
2016-09-22T22:30:07.238-0400: 13.949: [GC (GCLocker Initiated GC) [PSYoungGen: 179292K->35928K(171520K)] 633062K->490198K(695808K), 0.0051620 secs] [Times: user=0.04 sys=0.00, real=0.00 secs] 
2016-09-22T22:30:07.346-0400: 14.057: [GC (GCLocker Initiated GC) [PSYoungGen: 171096K->41442K(198144K)] 625474K->501729K(722432K), 0.0064066 secs] [Times: user=0.07 sys=0.00, real=0.01 secs] 
2016-09-22T22:30:07.486-0400: 14.197: [GC (GCLocker Initiated GC) [PSYoungGen: 178146K->19934K(198144K)] 647885K->511799K(722432K), 0.0088480 secs] [Times: user=0.08 sys=0.01, real=0.02 secs] 
2016-09-22T22:30:07.618-0400: 14.329: [GC (GCLocker Initiated GC) [PSYoungGen: 156638K->52307K(192512K)] 648533K->544780K(716800K), 0.0054443 secs] [Times: user=0.04 sys=0.01, real=0.00 secs] 
2016-09-22T22:30:07.744-0400: 14.455: [GC (GCLocker Initiated GC) [PSYoungGen: 183379K->29165K(196608K)] 675925K->541113K(720896K), 0.0087730 secs] [Times: user=0.08 sys=0.02, real=0.01 secs] 
2016-09-22T22:30:07.753-0400: 14.464: [Full GC (Ergonomics) [PSYoungGen: 29165K->0K(196608K)] [ParOldGen: 511948K->45555K(524288K)] 541113K->45555K(720896K), [Metaspace: 43044K->43040K(1085440K)], 0.2178887 secs] [Times: user=2.69 sys=0.25, real=0.22 secs] 
2016-09-22T22:30:08.094-0400: 14.805: [GC (GCLocker Initiated GC) [PSYoungGen: 131072K->43095K(195584K)] 184855K->96886K(719872K), 0.0055802 secs] [Times: user=0.04 sys=0.01, real=0.01 secs] 
2016-09-22T22:30:08.220-0400: 14.931: [GC (GCLocker Initiated GC) [PSYoungGen: 176215K->42761K(197120K)] 230104K->100079K(721408K), 0.0051288 secs] [Times: user=0.04 sys=0.01, real=0.00 secs] 
2016-09-22T22:30:08.357-0400: 15.068: [GC (GCLocker Initiated GC) [PSYoungGen: 175881K->40171K(195072K)] 233204K->97989K(719360K), 0.0099501 secs] [Times: user=0.12 sys=0.02, real=0.01 secs] 
2016-09-22T22:30:08.501-0400: 15.212: [GC (GCLocker Initiated GC) [PSYoungGen: 174315K->32025K(196608K)] 234857K->93084K(720896K), 0.0105463 secs] [Times: user=0.13 sys=0.01, real=0.01 secs] 
2016-09-22T22:30:08.639-0400: 15.350: [GC (GCLocker Initiated GC) [PSYoungGen: 166169K->28020K(196608K)] 232653K->94991K(720896K), 0.0240401 secs] [Times: user=0.33 sys=0.02, real=0.02 secs] 
2016-09-22T22:30:08.796-0400: 15.507: [GC (GCLocker Initiated GC) [PSYoungGen: 166772K->26597K(198144K)] 239216K->113089K(722432K), 0.0046500 secs] [Times: user=0.05 sys=0.00, real=0.00 secs] 
2016-09-22T22:30:08.940-0400: 15.651: [GC (GCLocker Initiated GC) [PSYoungGen: 165349K->42598K(202240K)] 257266K->145785K(726528K), 0.0055751 secs] [Times: user=0.06 sys=0.01, real=0.00 secs] 
2016-09-22T22:30:09.068-0400: 15.779: [GC (GCLocker Initiated GC) [PSYoungGen: 185958K->35823K(179200K)] 300160K->166538K(703488K), 0.0054927 secs] [Times: user=0.05 sys=0.01, real=0.00 secs] 
2016-09-22T22:30:09.222-0400: 15.933: [GC (GCLocker Initiated GC) [PSYoungGen: 179183K->45193K(199680K)] 312627K->178950K(723968K), 0.0056555 secs] [Times: user=0.05 sys=0.02, real=0.01 secs] 
2016-09-22T22:30:09.366-0400: 16.077: [GC (GCLocker Initiated GC) [PSYoungGen: 187529K->22233K(201216K)] 329405K->169793K(725504K), 0.0105022 secs] [Times: user=0.11 sys=0.01, real=0.02 secs] 
2016-09-22T22:30:09.509-0400: 16.220: [GC (GCLocker Initiated GC) [PSYoungGen: 164569K->27674K(201216K)] 320396K->199979K(725504K), 0.0052459 secs] [Times: user=0.06 sys=0.00, real=0.00 secs] 
2016-09-22T22:30:09.657-0400: 16.368: [GC (GCLocker Initiated GC) [PSYoungGen: 172058K->39845K(202240K)] 344369K->212449K(726528K), 0.0112553 secs] [Times: user=0.15 sys=0.01, real=0.01 secs] 
2016-09-22T22:30:09.796-0400: 16.507: [GC (GCLocker Initiated GC) [PSYoungGen: 184229K->35780K(200704K)] 362463K->225089K(724992K), 0.0105133 secs] [Times: user=0.11 sys=0.01, real=0.01 secs] 
2016-09-22T22:30:09.934-0400: 16.645: [GC (GCLocker Initiated GC) [PSYoungGen: 182724K->48006K(202752K)] 372157K->237717K(727040K), 0.0060534 secs] [Times: user=0.06 sys=0.01, real=0.01 secs] 
2016-09-22T22:30:10.072-0400: 16.783: [GC (GCLocker Initiated GC) [PSYoungGen: 194950K->29016K(204800K)] 384682K->218968K(729088K), 0.0086914 secs] [Times: user=0.08 sys=0.01, real=0.01 secs] 
2016-09-22T22:30:10.211-0400: 16.922: [GC (GCLocker Initiated GC) [PSYoungGen: 175448K->31646K(178176K)] 365429K->235436K(702464K), 0.0585873 secs] [Times: user=0.89 sys=0.06, real=0.06 secs] 
2016-09-22T22:30:10.393-0400: 17.104: [GC (GCLocker Initiated GC) [PSYoungGen: 178078K->22359K(202240K)] 389975K->258872K(726528K), 0.0062007 secs] [Times: user=0.05 sys=0.01, real=0.01 secs] 
2016-09-22T22:30:10.531-0400: 17.242: [GC (GCLocker Initiated GC) [PSYoungGen: 168791K->54772K(201216K)] 405459K->294428K(725504K), 0.0151697 secs] [Times: user=0.17 sys=0.02, real=0.01 secs] 
2016-09-22T22:30:10.694-0400: 17.405: [GC (GCLocker Initiated GC) [PSYoungGen: 201204K->29026K(201728K)] 446441K->288053K(726016K), 0.0194838 secs] [Times: user=0.26 sys=0.01, real=0.02 secs] 
2016-09-22T22:30:10.841-0400: 17.552: [GC (GCLocker Initiated GC) [PSYoungGen: 169826K->26296K(167424K)] 429049K->299324K(691712K), 0.0099523 secs] [Times: user=0.07 sys=0.01, real=0.01 secs] 
2016-09-22T22:30:10.996-0400: 17.707: [GC (Allocation Failure) [PSYoungGen: 167096K->21306K(200704K)] 450157K->315569K(724992K), 0.0109201 secs] [Times: user=0.15 sys=0.01, real=0.01 secs] 
2016-09-22T22:30:11.146-0400: 17.857: [GC (GCLocker Initiated GC) [PSYoungGen: 160347K->25119K(200192K)] 457309K->322562K(724480K), 0.0105473 secs] [Times: user=0.10 sys=0.01, real=0.02 secs] 
2016-09-22T22:30:11.287-0400: 17.998: [GC (GCLocker Initiated GC) [PSYoungGen: 166431K->29231K(200704K)] 463945K->327292K(724992K), 0.0057624 secs] [Times: user=0.04 sys=0.01, real=0.00 secs] 
2016-09-22T22:30:11.457-0400: 18.168: [GC (GCLocker Initiated GC) [PSYoungGen: 174639K->25112K(201216K)] 472704K->323706K(725504K), 0.0116632 secs] [Times: user=0.08 sys=0.02, real=0.01 secs] 
2016-09-22T22:30:11.629-0400: 18.340: [GC (GCLocker Initiated GC) [PSYoungGen: 170520K->26500K(205312K)] 469115K->325660K(729600K), 0.0235362 secs] [Times: user=0.25 sys=0.03, real=0.02 secs] 
2016-09-22T22:30:11.832-0400: 18.543: [GC (GCLocker Initiated GC) [PSYoungGen: 178564K->34911K(205312K)] 485889K->342878K(729600K), 0.0068505 secs] [Times: user=0.06 sys=0.02, real=0.01 secs] 
2016-09-22T22:30:12.027-0400: 18.738: [GC (GCLocker Initiated GC) [PSYoungGen: 186975K->49776K(199680K)] 495180K->358677K(723968K), 0.0078735 secs] [Times: user=0.05 sys=0.01, real=0.01 secs] 
2016-09-22T22:30:12.237-0400: 18.948: [GC (GCLocker Initiated GC) [PSYoungGen: 197232K->38929K(204800K)] 506181K->348525K(729088K), 0.0056381 secs] [Times: user=0.04 sys=0.01, real=0.00 secs] 
2016-09-22T22:30:12.449-0400: 19.160: [GC (GCLocker Initiated GC) [PSYoungGen: 186385K->56581K(193024K)] 496010K->369579K(717312K), 0.0088438 secs] [Times: user=0.09 sys=0.01, real=0.01 secs] 
2016-09-22T22:30:12.599-0400: 19.310: [GC (GCLocker Initiated GC) [PSYoungGen: 192773K->36326K(199168K)] 511321K->379845K(723456K), 0.0066942 secs] [Times: user=0.05 sys=0.01, real=0.00 secs] 
2016-09-22T22:30:12.753-0400: 19.464: [GC (GCLocker Initiated GC) [PSYoungGen: 172518K->29646K(194560K)] 521496K->395514K(718848K), 0.0094333 secs] [Times: user=0.10 sys=0.00, real=0.01 secs] 
2016-09-22T22:30:12.952-0400: 19.663: [GC (GCLocker Initiated GC) [PSYoungGen: 168398K->23873K(198144K)] 547966K->404096K(722432K), 0.0136684 secs] [Times: user=0.12 sys=0.00, real=0.01 secs] 
2016-09-22T22:30:13.132-0400: 19.843: [GC (GCLocker Initiated GC) [PSYoungGen: 162625K->40332K(202240K)] 542851K->421297K(726528K), 0.0183859 secs] [Times: user=0.17 sys=0.00, real=0.02 secs] 
2016-09-22T22:30:13.323-0400: 20.033: [GC (GCLocker Initiated GC) [PSYoungGen: 184204K->42996K(202752K)] 565255K->424804K(727040K), 0.0057113 secs] [Times: user=0.07 sys=0.00, real=0.01 secs] 
2016-09-22T22:30:13.483-0400: 20.194: [GC (GCLocker Initiated GC) [PSYoungGen: 186868K->40334K(202752K)] 568711K->425622K(727040K), 0.0163845 secs] [Times: user=0.24 sys=0.01, real=0.02 secs] 
2016-09-22T22:30:13.676-0400: 20.387: [GC (Allocation Failure) [PSYoungGen: 184206K->31110K(175104K)] 569841K->417593K(699392K), 0.0125969 secs] [Times: user=0.19 sys=0.01, real=0.01 secs] 
2016-09-22T22:30:13.860-0400: 20.571: [GC (GCLocker Initiated GC) [PSYoungGen: 173866K->29514K(202752K)] 561699K->418229K(727040K), 0.0068337 secs] [Times: user=0.07 sys=0.01, real=0.01 secs] 
2016-09-22T22:30:14.067-0400: 20.778: [GC (GCLocker Initiated GC) [PSYoungGen: 174922K->37484K(201728K)] 563670K->427044K(726016K), 0.0061078 secs] [Times: user=0.06 sys=0.01, real=0.00 secs] 
2016-09-22T22:30:14.238-0400: 20.949: [GC (GCLocker Initiated GC) [PSYoungGen: 182892K->21443K(203776K)] 580603K->430724K(728064K), 0.0079100 secs] [Times: user=0.08 sys=0.00, real=0.00 secs] 
2016-09-22T22:30:14.430-0400: 21.141: [GC (GCLocker Initiated GC) [PSYoungGen: 169923K->30781K(203776K)] 579236K->441039K(728064K), 0.0064377 secs] [Times: user=0.07 sys=0.00, real=0.01 secs] 
2016-09-22T22:30:14.588-0400: 21.299: [GC (GCLocker Initiated GC) [PSYoungGen: 179261K->27970K(205824K)] 589601K->452683K(730112K), 0.0084302 secs] [Times: user=0.08 sys=0.01, real=0.01 secs] 
2016-09-22T22:30:14.733-0400: 21.444: [GC (GCLocker Initiated GC) [PSYoungGen: 180546K->18635K(205312K)] 607978K->460404K(729600K), 0.0075094 secs] [Times: user=0.08 sys=0.00, real=0.01 secs] 
2016-09-22T22:30:14.890-0400: 21.601: [GC (GCLocker Initiated GC) [PSYoungGen: 171211K->14557K(207872K)] 625280K->482939K(732160K), 0.0065047 secs] [Times: user=0.07 sys=0.00, real=0.01 secs] 
2016-09-22T22:30:15.036-0400: 21.747: [GC (GCLocker Initiated GC) [PSYoungGen: 169181K->34645K(208384K)] 643022K->509239K(732672K), 0.0126331 secs] [Times: user=0.14 sys=0.02, real=0.01 secs] 
2016-09-22T22:30:15.188-0400: 21.899: [GC (GCLocker Initiated GC) [PSYoungGen: 189269K->33274K(206336K)] 663880K->508476K(730624K), 0.0159441 secs] [Times: user=0.16 sys=0.01, real=0.01 secs] 
2016-09-22T22:30:15.341-0400: 22.052: [GC (GCLocker Initiated GC) [PSYoungGen: 188410K->47059K(202240K)] 663645K->522864K(726528K), 0.0097719 secs] [Times: user=0.12 sys=0.01, real=0.01 secs] 
2016-09-22T22:30:15.499-0400: 22.210: [GC (GCLocker Initiated GC) [PSYoungGen: 202195K->40296K(204800K)] 680713K->543769K(729088K), 0.0106721 secs] [Times: user=0.14 sys=0.01, real=0.01 secs] 
2016-09-22T22:30:15.510-0400: 22.221: [Full GC (Ergonomics) [PSYoungGen: 40296K->0K(204800K)] [ParOldGen: 503473K->71103K(524288K)] 543769K->71103K(729088K), [Metaspace: 43158K->43158K(1085440K)], 0.0595183 secs] [Times: user=0.45 sys=0.08, real=0.06 secs] 
2016-09-22T22:30:15.706-0400: 22.417: [GC (GCLocker Initiated GC) [PSYoungGen: 148480K->33673K(182272K)] 222506K->107699K(706560K), 0.0096578 secs] [Times: user=0.12 sys=0.02, real=0.02 secs] 
2016-09-22T22:30:15.863-0400: 22.574: [GC (GCLocker Initiated GC) [PSYoungGen: 182153K->36213K(204800K)] 264327K->120527K(729088K), 0.0056800 secs] [Times: user=0.03 sys=0.00, real=0.01 secs] 
2016-09-22T22:30:16.009-0400: 22.720: [GC (Allocation Failure) [PSYoungGen: 186229K->15973K(203776K)] 278756K->133434K(728064K), 0.0101908 secs] [Times: user=0.13 sys=0.01, real=0.01 secs] 
2016-09-22T22:30:16.145-0400: 22.856: [GC (GCLocker Initiated GC) [PSYoungGen: 164399K->40220K(206336K)] 284560K->161032K(730624K), 0.0104577 secs] [Times: user=0.15 sys=0.01, real=0.02 secs] 
2016-09-22T22:30:16.298-0400: 23.009: [GC (Allocation Failure) [PSYoungGen: 191772K->45578K(197632K)] 312776K->167172K(721920K), 0.0116216 secs] [Times: user=0.15 sys=0.01, real=0.01 secs] 
2016-09-22T22:30:16.464-0400: 23.175: [GC (GCLocker Initiated GC) [PSYoungGen: 196846K->18576K(203264K)] 321140K->143434K(727552K), 0.0044002 secs] [Times: user=0.04 sys=0.00, real=0.01 secs] 
2016-09-22T22:30:16.600-0400: 23.311: [GC (GCLocker Initiated GC) [PSYoungGen: 163984K->11833K(157696K)] 302496K->150938K(681984K), 0.0159062 secs] [Times: user=0.16 sys=0.02, real=0.02 secs] 
2016-09-22T22:30:16.738-0400: 23.449: [GC (GCLocker Initiated GC) [PSYoungGen: 157241K->25088K(204800K)] 299086K->167590K(729088K), 0.0046076 secs] [Times: user=0.03 sys=0.01, real=0.00 secs] 
2016-09-22T22:30:16.880-0400: 23.591: [GC (GCLocker Initiated GC) [PSYoungGen: 170496K->30484K(176128K)] 313120K->173592K(700416K), 0.0161087 secs] [Times: user=0.16 sys=0.01, real=0.02 secs] 
2016-09-22T22:30:17.032-0400: 23.743: [GC (GCLocker Initiated GC) [PSYoungGen: 175892K->26466K(202240K)] 321937K->181179K(726528K), 0.0059510 secs] [Times: user=0.03 sys=0.00, real=0.01 secs] 
2016-09-22T22:30:17.165-0400: 23.875: [GC (GCLocker Initiated GC) [PSYoungGen: 173922K->45591K(200192K)] 331412K->203658K(724480K), 0.0196524 secs] [Times: user=0.25 sys=0.02, real=0.02 secs] 
2016-09-22T22:30:17.328-0400: 24.039: [GC (GCLocker Initiated GC) [PSYoungGen: 193047K->33472K(207360K)] 360791K->223385K(731648K), 0.0071863 secs] [Times: user=0.08 sys=0.01, real=0.01 secs] 
2016-09-22T22:30:17.475-0400: 24.186: [GC (GCLocker Initiated GC) [PSYoungGen: 184512K->33371K(184832K)] 374454K->234737K(709120K), 0.0221606 secs] [Times: user=0.26 sys=0.03, real=0.02 secs] 
2016-09-22T22:30:17.637-0400: 24.348: [GC (GCLocker Initiated GC) [PSYoungGen: 184411K->17369K(203776K)] 395429K->253266K(728064K), 0.0045168 secs] [Times: user=0.04 sys=0.01, real=0.00 secs] 
2016-09-22T22:30:17.776-0400: 24.487: [GC (GCLocker Initiated GC) [PSYoungGen: 167897K->48202K(204288K)] 406511K->287530K(728576K), 0.0176085 secs] [Times: user=0.16 sys=0.01, real=0.01 secs] 
2016-09-22T22:30:17.941-0400: 24.652: [GC (GCLocker Initiated GC) [PSYoungGen: 198730K->23873K(205312K)] 444945K->284155K(729600K), 0.0131634 secs] [Times: user=0.14 sys=0.00, real=0.02 secs] 
2016-09-22T22:30:18.101-0400: 24.812: [GC (GCLocker Initiated GC) [PSYoungGen: 171329K->30729K(178688K)] 431800K->308115K(702976K), 0.0109218 secs] [Times: user=0.11 sys=0.01, real=0.01 secs] 
2016-09-22T22:30:18.259-0400: 24.970: [GC (GCLocker Initiated GC) [PSYoungGen: 178185K->38766K(201216K)] 461004K->322126K(725504K), 0.0047817 secs] [Times: user=0.03 sys=0.01, real=0.00 secs] 
2016-09-22T22:30:18.429-0400: 25.140: [GC (GCLocker Initiated GC) [PSYoungGen: 185710K->30779K(201728K)] 471787K->344463K(726016K), 0.0072638 secs] [Times: user=0.06 sys=0.01, real=0.01 secs] 
2016-09-22T22:30:18.640-0400: 25.351: [GC (GCLocker Initiated GC) [PSYoungGen: 177723K->33546K(205824K)] 497040K->369655K(730112K), 0.0173478 secs] [Times: user=0.23 sys=0.00, real=0.02 secs] 
2016-09-22T22:30:18.807-0400: 25.518: [GC (GCLocker Initiated GC) [PSYoungGen: 188170K->43638K(205824K)] 524512K->380582K(730112K), 0.0060817 secs] [Times: user=0.07 sys=0.01, real=0.00 secs] 
2016-09-22T22:30:18.939-0400: 25.650: [GC (GCLocker Initiated GC) [PSYoungGen: 198262K->48978K(201216K)] 535208K->386981K(725504K), 0.0097185 secs] [Times: user=0.14 sys=0.00, real=0.01 secs] 
2016-09-22T22:30:19.083-0400: 25.794: [GC (GCLocker Initiated GC) [PSYoungGen: 196434K->39290K(204800K)] 534539K->378588K(729088K), 0.0053833 secs] [Times: user=0.05 sys=0.00, real=0.01 secs] 
2016-09-22T22:30:19.238-0400: 25.949: [GC (GCLocker Initiated GC) [PSYoungGen: 186746K->21861K(204288K)] 531566K->367843K(728576K), 0.0049144 secs] [Times: user=0.04 sys=0.00, real=0.00 secs] 
2016-09-22T22:30:19.359-0400: 26.070: [GC (GCLocker Initiated GC) [PSYoungGen: 169317K->38067K(185856K)] 515307K->385392K(710144K), 0.0054588 secs] [Times: user=0.05 sys=0.01, real=0.00 secs] 
2016-09-22T22:30:19.486-0400: 26.197: [GC (GCLocker Initiated GC) [PSYoungGen: 185523K->35143K(206336K)] 535550K->386260K(730624K), 0.0061579 secs] [Times: user=0.05 sys=0.00, real=0.01 secs] 
2016-09-22T22:30:19.622-0400: 26.333: [GC (GCLocker Initiated GC) [PSYoungGen: 185159K->32567K(204288K)] 536447K->384968K(728576K), 0.0052304 secs] [Times: user=0.04 sys=0.00, real=0.01 secs] 
2016-09-22T22:30:19.750-0400: 26.461: [GC (GCLocker Initiated GC) [PSYoungGen: 182583K->45939K(201728K)] 537824K->402233K(726016K), 0.0050232 secs] [Times: user=0.05 sys=0.00, real=0.01 secs] 
2016-09-22T22:30:19.882-0400: 26.593: [GC (GCLocker Initiated GC) [PSYoungGen: 194931K->5362K(154624K)] 562035K->381435K(678912K), 0.0183702 secs] [Times: user=0.23 sys=0.00, real=0.02 secs] 
2016-09-22T22:30:20.030-0400: 26.741: [GC (GCLocker Initiated GC) [PSYoungGen: 154354K->47528K(197632K)] 530460K->424650K(721920K), 0.0251455 secs] [Times: user=0.35 sys=0.00, real=0.03 secs] 
2016-09-22T22:30:20.169-0400: 26.880: [GC (GCLocker Initiated GC) [PSYoungGen: 186792K->31149K(200704K)] 563987K->428311K(724992K), 0.0061120 secs] [Times: user=0.06 sys=0.00, real=0.01 secs] 
2016-09-22T22:30:20.299-0400: 27.010: [GC (GCLocker Initiated GC) [PSYoungGen: 170413K->30831K(195584K)] 570307K->431726K(719872K), 0.0065759 secs] [Times: user=0.04 sys=0.00, real=0.00 secs] 
2016-09-22T22:30:23.828-0400: 30.539: [GC (GCLocker Initiated GC) [PSYoungGen: 172143K->31108K(198656K)] 578475K->438388K(722944K), 0.0111139 secs] [Times: user=0.09 sys=0.01, real=0.01 secs] 
2016-09-22T22:30:23.972-0400: 30.683: [GC (GCLocker Initiated GC) [PSYoungGen: 172420K->39253K(203776K)] 579737K->450397K(728064K), 0.0063337 secs] [Times: user=0.04 sys=0.00, real=0.01 secs] 
2016-09-22T22:30:24.130-0400: 30.841: [GC (GCLocker Initiated GC) [PSYoungGen: 188757K->10724K(204800K)] 606714K->448682K(729088K), 0.0113458 secs] [Times: user=0.10 sys=0.00, real=0.01 secs] 
2016-09-22T22:30:24.286-0400: 30.997: [GC (GCLocker Initiated GC) [PSYoungGen: 160228K->20208K(205824K)] 609006K->469972K(730112K), 0.0140795 secs] [Times: user=0.13 sys=0.00, real=0.02 secs] 
2016-09-22T22:30:24.440-0400: 31.151: [GC (GCLocker Initiated GC) [PSYoungGen: 169200K->35431K(184832K)] 619012K->486360K(709120K), 0.0249113 secs] [Times: user=0.26 sys=0.00, real=0.02 secs] 
2016-09-22T22:30:24.620-0400: 31.331: [GC (GCLocker Initiated GC) [PSYoungGen: 184423K->21818K(205824K)] 636704K->475244K(730112K), 0.0075324 secs] [Times: user=0.07 sys=0.01, real=0.01 secs] 
2016-09-22T22:30:24.774-0400: 31.485: [GC (GCLocker Initiated GC) [PSYoungGen: 171834K->34115K(204800K)] 627993K->491498K(729088K), 0.0098656 secs] [Times: user=0.09 sys=0.01, real=0.01 secs] 
2016-09-22T22:30:24.920-0400: 31.631: [GC (GCLocker Initiated GC) [PSYoungGen: 184131K->19073K(205824K)] 644248K->496553K(730112K), 0.0113377 secs] [Times: user=0.11 sys=0.01, real=0.01 secs] 
2016-09-22T22:30:25.078-0400: 31.789: [GC (GCLocker Initiated GC) [PSYoungGen: 171137K->32502K(205312K)] 662300K->524764K(729600K), 0.0065152 secs] [Times: user=0.05 sys=0.00, real=0.00 secs] 
2016-09-22T22:30:25.242-0400: 31.953: [GC (GCLocker Initiated GC) [PSYoungGen: 184566K->16021K(207360K)] 676834K->522953K(731648K), 0.0332876 secs] [Times: user=0.33 sys=0.01, real=0.04 secs] 
2016-09-22T22:30:25.276-0400: 31.987: [Full GC (Ergonomics) [PSYoungGen: 16021K->0K(207360K)] [ParOldGen: 506931K->101318K(524288K)] 522953K->101318K(731648K), [Metaspace: 43461K->43461K(1085440K)], 0.0718062 secs] [Times: user=0.52 sys=0.01, real=0.07 secs] 
2016-09-22T22:30:25.512-0400: 32.223: [GC (GCLocker Initiated GC) [PSYoungGen: 155136K->35670K(207360K)] 256457K->136991K(731648K), 0.0514288 secs] [Times: user=0.66 sys=0.01, real=0.05 secs] 
2016-09-22T22:30:25.727-0400: 32.438: [GC (GCLocker Initiated GC) [PSYoungGen: 190806K->24471K(207360K)] 292189K->127230K(731648K), 0.0106243 secs] [Times: user=0.08 sys=0.00, real=0.01 secs] 
2016-09-22T22:30:25.901-0400: 32.612: [GC (GCLocker Initiated GC) [PSYoungGen: 181655K->22059K(208384K)] 293889K->135526K(732672K), 0.0048432 secs] [Times: user=0.04 sys=0.00, real=0.00 secs] 
2016-09-22T22:30:26.066-0400: 32.777: [GC (GCLocker Initiated GC) [PSYoungGen: 179243K->40837K(206848K)] 292712K->155611K(731136K), 0.0060415 secs] [Times: user=0.06 sys=0.00, real=0.01 secs] 
2016-09-22T22:30:26.224-0400: 32.935: [GC (GCLocker Initiated GC) [PSYoungGen: 197509K->19046K(209408K)] 324492K->147260K(733696K), 0.0063798 secs] [Times: user=0.06 sys=0.00, real=0.01 secs] 
2016-09-22T22:30:26.399-0400: 33.110: [GC (GCLocker Initiated GC) [PSYoungGen: 175718K->27029K(203776K)] 306798K->162057K(728064K), 0.0054244 secs] [Times: user=0.05 sys=0.00, real=0.00 secs] 
2016-09-22T22:30:26.563-0400: 33.274: [GC (GCLocker Initiated GC) [PSYoungGen: 184213K->32798K(206848K)] 327370K->177053K(731136K), 0.0081901 secs] [Times: user=0.10 sys=0.01, real=0.01 secs] 
2016-09-22T22:30:26.737-0400: 33.448: [GC (GCLocker Initiated GC) [PSYoungGen: 189982K->15310K(212480K)] 343772K->170352K(736768K), 0.0039468 secs] [Times: user=0.04 sys=0.00, real=0.00 secs] 
2016-09-22T22:30:26.907-0400: 33.618: [GC (GCLocker Initiated GC) [PSYoungGen: 178126K->39584K(202752K)] 333201K->196045K(727040K), 0.0132848 secs] [Times: user=0.15 sys=0.01, real=0.01 secs] 
2016-09-22T22:30:27.074-0400: 33.785: [GC (GCLocker Initiated GC) [PSYoungGen: 202400K->23172K(211456K)] 361771K->186451K(735744K), 0.0045959 secs] [Times: user=0.03 sys=0.00, real=0.01 secs] 
2016-09-22T22:30:27.235-0400: 33.946: [GC (GCLocker Initiated GC) [PSYoungGen: 182404K->24361K(183808K)] 353808K->197081K(708096K), 0.0208366 secs] [Times: user=0.17 sys=0.02, real=0.02 secs] 
2016-09-22T22:30:27.422-0400: 34.133: [GC (GCLocker Initiated GC) [PSYoungGen: 183593K->10973K(207872K)] 369835K->214578K(732160K), 0.0053330 secs] [Times: user=0.04 sys=0.01, real=0.01 secs] 
2016-09-22T22:30:27.570-0400: 34.281: [GC (GCLocker Initiated GC) [PSYoungGen: 169693K->39248K(208384K)] 373322K->244057K(732672K), 0.0064510 secs] [Times: user=0.05 sys=0.00, real=0.01 secs] 
2016-09-22T22:30:27.746-0400: 34.457: [GC (GCLocker Initiated GC) [PSYoungGen: 197968K->22045K(210944K)] 409574K->234708K(735232K), 0.0051985 secs] [Times: user=0.04 sys=0.00, real=0.01 secs] 
2016-09-22T22:30:27.941-0400: 34.652: [GC (GCLocker Initiated GC) [PSYoungGen: 181277K->49287K(208896K)] 394035K->263552K(733184K), 0.0064512 secs] [Times: user=0.08 sys=0.00, real=0.01 secs] 
2016-09-22T22:30:28.123-0400: 34.834: [GC (GCLocker Initiated GC) [PSYoungGen: 208519K->33116K(204800K)] 425570K->262369K(729088K), 0.0201020 secs] [Times: user=0.19 sys=0.00, real=0.02 secs] 
2016-09-22T22:30:28.331-0400: 35.042: [GC (GCLocker Initiated GC) [PSYoungGen: 184668K->20943K(206848K)] 424207K->262133K(731136K), 0.0062585 secs] [Times: user=0.03 sys=0.01, real=0.01 secs] 
2016-09-22T22:30:28.528-0400: 35.239: [GC (GCLocker Initiated GC) [PSYoungGen: 172495K->24999K(201728K)] 417849K->272116K(726016K), 0.0048345 secs] [Times: user=0.04 sys=0.00, real=0.00 secs] 
2016-09-22T22:30:28.720-0400: 35.431: [GC (GCLocker Initiated GC) [PSYoungGen: 177575K->13443K(204800K)] 438360K->275957K(729088K), 0.0041834 secs] [Times: user=0.04 sys=0.01, real=0.00 secs] 
2016-09-22T22:30:28.892-0400: 35.603: [GC (GCLocker Initiated GC) [PSYoungGen: 166019K->35873K(207872K)] 428560K->300457K(732160K), 0.0054418 secs] [Times: user=0.04 sys=0.00, real=0.01 secs] 
2016-09-22T22:30:29.061-0400: 35.772: [GC (GCLocker Initiated GC) [PSYoungGen: 191521K->44132K(200192K)] 456108K->310538K(724480K), 0.0190976 secs] [Times: user=0.25 sys=0.00, real=0.02 secs] 
2016-09-22T22:30:29.268-0400: 35.979: [GC (GCLocker Initiated GC) [PSYoungGen: 199780K->14310K(205312K)] 481066K->297383K(729600K), 0.0087935 secs] [Times: user=0.11 sys=0.00, real=0.01 secs] 
2016-09-22T22:30:29.442-0400: 36.153: [GC (GCLocker Initiated GC) [PSYoungGen: 162790K->34209K(182784K)] 448588K->321735K(707072K), 0.0058067 secs] [Times: user=0.05 sys=0.00, real=0.01 secs] 
2016-09-22T22:30:29.608-0400: 36.319: [GC (GCLocker Initiated GC) [PSYoungGen: 182689K->29036K(207360K)] 472946K->339690K(731648K), 0.0215970 secs] [Times: user=0.26 sys=0.00, real=0.02 secs] 
2016-09-22T22:30:29.790-0400: 36.500: [GC (GCLocker Initiated GC) [PSYoungGen: 180076K->31550K(182784K)] 494801K->347879K(707072K), 0.0178483 secs] [Times: user=0.19 sys=0.01, real=0.02 secs] 
2016-09-22T22:30:29.975-0400: 36.686: [GC (GCLocker Initiated GC) [PSYoungGen: 182590K->30277K(205824K)] 504383K->375272K(730112K), 0.0109949 secs] [Times: user=0.11 sys=0.01, real=0.00 secs] 
2016-09-22T22:30:30.157-0400: 36.867: [GC (GCLocker Initiated GC) [PSYoungGen: 183877K->24671K(204288K)] 528882K->384671K(728576K), 0.0199321 secs] [Times: user=0.22 sys=0.00, real=0.02 secs] 
2016-09-22T22:30:30.333-0400: 37.044: [GC (GCLocker Initiated GC) [PSYoungGen: 178271K->34059K(208384K)] 538402K->406479K(732672K), 0.0101103 secs] [Times: user=0.10 sys=0.01, real=0.01 secs] 
2016-09-22T22:30:30.514-0400: 37.225: [GC (GCLocker Initiated GC) [PSYoungGen: 193291K->31464K(208384K)] 565793K->418677K(732672K), 0.0120892 secs] [Times: user=0.12 sys=0.00, real=0.01 secs] 
2016-09-22T22:30:30.722-0400: 37.433: [GC (GCLocker Initiated GC) [PSYoungGen: 190696K->24956K(211968K)] 584881K->420514K(736256K), 0.0224037 secs] [Times: user=0.21 sys=0.00, real=0.02 secs] 
2016-09-22T22:30:30.909-0400: 37.620: [GC (GCLocker Initiated GC) [PSYoungGen: 189820K->41299K(211968K)] 591011K->444241K(736256K), 0.0077304 secs] [Times: user=0.07 sys=0.01, real=0.01 secs] 
2016-09-22T22:30:31.105-0400: 37.816: [GC (GCLocker Initiated GC) [PSYoungGen: 206163K->33233K(212992K)] 614738K->443421K(737280K), 0.0263057 secs] [Times: user=0.30 sys=0.00, real=0.03 secs] 
2016-09-22T22:30:31.328-0400: 38.039: [GC (GCLocker Initiated GC) [PSYoungGen: 196561K->22342K(185856K)] 613656K->441196K(710144K), 0.0046616 secs] [Times: user=0.05 sys=0.00, real=0.00 secs] 
2016-09-22T22:30:31.505-0400: 38.216: [GC (GCLocker Initiated GC) [PSYoungGen: 185670K->30574K(213504K)] 607810K->454374K(737792K), 0.0108704 secs] [Times: user=0.14 sys=0.01, real=0.02 secs] 
2016-09-22T22:30:31.702-0400: 38.413: [GC (GCLocker Initiated GC) [PSYoungGen: 195438K->33002K(211968K)] 624711K->464019K(736256K), 0.0184094 secs] [Times: user=0.20 sys=0.00, real=0.02 secs] 
2016-09-22T22:30:31.918-0400: 38.629: [GC (GCLocker Initiated GC) [PSYoungGen: 197866K->29017K(213504K)] 637012K->469859K(737792K), 0.0126673 secs] [Times: user=0.12 sys=0.00, real=0.01 secs] 
2016-09-22T22:30:32.122-0400: 38.833: [GC (Allocation Failure) [PSYoungGen: 196953K->22479K(212992K)] 643391K->492238K(737280K), 0.0113315 secs] [Times: user=0.10 sys=0.00, real=0.01 secs] 
2016-09-22T22:30:32.313-0400: 39.024: [GC (GCLocker Initiated GC) [PSYoungGen: 190415K->34418K(216576K)] 660175K->516887K(740864K), 0.0068973 secs] [Times: user=0.06 sys=0.01, real=0.01 secs] 
2016-09-22T22:30:32.523-0400: 39.234: [GC (GCLocker Initiated GC) [PSYoungGen: 205938K->16940K(188928K)] 696607K->509227K(713216K), 0.0078525 secs] [Times: user=0.06 sys=0.01, real=0.01 secs] 
2016-09-22T22:30:32.724-0400: 39.435: [GC (Allocation Failure) [PSYoungGen: 188460K->31691K(216576K)] 685140K->530092K(740864K), 0.0313867 secs] [Times: user=0.35 sys=0.00, real=0.04 secs] 
2016-09-22T22:30:32.946-0400: 39.657: [Full GC (Ergonomics) [PSYoungGen: 201780K->0K(216576K)] [ParOldGen: 501101K->160705K(524288K)] 702882K->160705K(740864K), [Metaspace: 43554K->43554K(1085440K)], 0.0892404 secs] [Times: user=0.61 sys=0.02, real=0.10 secs] 
2016-09-22T22:30:33.213-0400: 39.924: [GC (GCLocker Initiated GC) [PSYoungGen: 170496K->41255K(211968K)] 331223K->201982K(736256K), 0.0067647 secs] [Times: user=0.06 sys=0.00, real=0.01 secs] 
2016-09-22T22:30:33.404-0400: 40.115: [GC (GCLocker Initiated GC) [PSYoungGen: 211751K->29036K(215552K)] 379280K->219822K(739840K), 0.0116470 secs] [Times: user=0.14 sys=0.01, real=0.02 secs] 
2016-09-22T22:30:33.584-0400: 40.295: [GC (GCLocker Initiated GC) [PSYoungGen: 196460K->38257K(214016K)] 387302K->230663K(738304K), 0.0103338 secs] [Times: user=0.14 sys=0.00, real=0.01 secs] 
2016-09-22T22:30:33.785-0400: 40.496: [GC (GCLocker Initiated GC) [PSYoungGen: 205681K->23843K(214528K)] 406344K->225881K(738816K), 0.0109449 secs] [Times: user=0.14 sys=0.00, real=0.02 secs] 
2016-09-22T22:30:33.982-0400: 40.693: [GC (GCLocker Initiated GC) [PSYoungGen: 190243K->34442K(214016K)] 397774K->243681K(738304K), 0.0069309 secs] [Times: user=0.06 sys=0.01, real=0.01 secs] 
2016-09-22T22:30:34.160-0400: 40.871: [GC (GCLocker Initiated GC) [PSYoungGen: 200842K->30104K(211968K)] 415583K->246406K(736256K), 0.0048620 secs] [Times: user=0.03 sys=0.00, real=0.00 secs] 
2016-09-22T22:30:34.352-0400: 41.063: [GC (GCLocker Initiated GC) [PSYoungGen: 197016K->30495K(212992K)] 416233K->251333K(737280K), 0.0080209 secs] [Times: user=0.10 sys=0.00, real=0.01 secs] 
2016-09-22T22:30:34.559-0400: 41.270: [GC (GCLocker Initiated GC) [PSYoungGen: 197407K->26022K(214528K)] 423657K->253960K(738816K), 0.0068863 secs] [Times: user=0.07 sys=0.00, real=0.00 secs] 
2016-09-22T22:30:34.752-0400: 41.463: [GC (GCLocker Initiated GC) [PSYoungGen: 197542K->31706K(215040K)] 430949K->266604K(739328K), 0.0058477 secs] [Times: user=0.06 sys=0.00, real=0.01 secs] 
2016-09-22T22:30:34.956-0400: 41.667: [GC (GCLocker Initiated GC) [PSYoungGen: 203226K->24973K(217600K)] 443757K->267102K(741888K), 0.0052048 secs] [Times: user=0.03 sys=0.00, real=0.00 secs] 
2016-09-22T22:30:35.139-0400: 41.850: [GC (GCLocker Initiated GC) [PSYoungGen: 200589K->38513K(214528K)] 442727K->282361K(738816K), 0.0060621 secs] [Times: user=0.06 sys=0.00, real=0.00 secs] 
2016-09-22T22:30:35.334-0400: 42.045: [GC (GCLocker Initiated GC) [PSYoungGen: 214129K->27870K(218624K)] 463433K->278869K(742912K), 0.0054482 secs] [Times: user=0.04 sys=0.00, real=0.01 secs] 
2016-09-22T22:30:36.330-0400: 43.040: [GC (GCLocker Initiated GC) [PSYoungGen: 201950K->29052K(203264K)] 452953K->281947K(727552K), 0.0058554 secs] [Times: user=0.04 sys=0.01, real=0.01 secs] 
2016-09-22T22:30:36.519-0400: 43.230: [GC (GCLocker Initiated GC) [PSYoungGen: 203132K->34394K(216064K)] 456205K->289120K(740352K), 0.0055832 secs] [Times: user=0.03 sys=0.01, real=0.00 secs] 
2016-09-22T22:30:36.724-0400: 43.435: [GC (GCLocker Initiated GC) [PSYoungGen: 207962K->20106K(216576K)] 479081K->301087K(740864K), 0.0053124 secs] [Times: user=0.04 sys=0.00, real=0.01 secs] 
2016-09-22T22:30:36.951-0400: 43.662: [GC (GCLocker Initiated GC) [PSYoungGen: 193674K->25414K(218624K)] 481438K->315334K(742912K), 0.0128974 secs] [Times: user=0.10 sys=0.01, real=0.01 secs] 
2016-09-22T22:30:37.162-0400: 43.873: [GC (GCLocker Initiated GC) [PSYoungGen: 201030K->33294K(218624K)] 493764K->328172K(742912K), 0.0069632 secs] [Times: user=0.05 sys=0.00, real=0.01 secs] 
2016-09-22T22:30:37.367-0400: 44.078: [GC (GCLocker Initiated GC) [PSYoungGen: 208910K->21216K(219136K)] 509258K->339800K(743424K), 0.0063890 secs] [Times: user=0.05 sys=0.00, real=0.00 secs] 
2016-09-22T22:30:37.569-0400: 44.279: [GC (GCLocker Initiated GC) [PSYoungGen: 197344K->20925K(219136K)] 518632K->360265K(743424K), 0.0194522 secs] [Times: user=0.20 sys=0.00, real=0.02 secs] 
2016-09-22T22:30:37.795-0400: 44.506: [GC (GCLocker Initiated GC) [PSYoungGen: 197053K->42894K(210944K)] 539128K->394822K(735232K), 0.0062981 secs] [Times: user=0.07 sys=0.00, real=0.00 secs] 
2016-09-22T22:30:37.978-0400: 44.689: [GC (GCLocker Initiated GC) [PSYoungGen: 210830K->34488K(215040K)] 565667K->415392K(739328K), 0.0063536 secs] [Times: user=0.09 sys=0.01, real=0.00 secs] 
2016-09-22T22:30:38.179-0400: 44.890: [GC (GCLocker Initiated GC) [PSYoungGen: 202424K->40030K(210944K)] 583361K->422575K(735232K), 0.0058296 secs] [Times: user=0.05 sys=0.00, real=0.00 secs] 
2016-09-22T22:30:38.371-0400: 45.082: [GC (GCLocker Initiated GC) [PSYoungGen: 203870K->30086K(212992K)] 591829K->419731K(737280K), 0.0070106 secs] [Times: user=0.07 sys=0.00, real=0.01 secs] 
2016-09-22T22:30:38.545-0400: 45.256: [GC (GCLocker Initiated GC) [PSYoungGen: 193926K->29956K(209408K)] 587754K->425145K(733696K), 0.0074772 secs] [Times: user=0.07 sys=0.00, real=0.01 secs] 
2016-09-22T22:30:38.720-0400: 45.431: [GC (GCLocker Initiated GC) [PSYoungGen: 195332K->38349K(211456K)] 596015K->440350K(735744K), 0.0062634 secs] [Times: user=0.06 sys=0.00, real=0.00 secs] 
2016-09-22T22:30:38.903-0400: 45.614: [GC (GCLocker Initiated GC) [PSYoungGen: 203725K->45170K(208384K)] 605755K->475651K(732672K), 0.0072400 secs] [Times: user=0.10 sys=0.00, real=0.01 secs] 
2016-09-22T22:30:39.067-0400: 45.778: [GC (GCLocker Initiated GC) [PSYoungGen: 205938K->34109K(211456K)] 638784K->471049K(735744K), 0.0061243 secs] [Times: user=0.06 sys=0.00, real=0.00 secs] 
2016-09-22T22:30:39.215-0400: 45.926: [GC (GCLocker Initiated GC) [PSYoungGen: 194877K->31120K(207360K)] 637413K->475005K(731648K), 0.0120691 secs] [Times: user=0.14 sys=0.01, real=0.01 secs] 
2016-09-22T22:30:39.430-0400: 46.141: [GC (GCLocker Initiated GC) [PSYoungGen: 192912K->40747K(209920K)] 639503K->488432K(734208K), 0.0057350 secs] [Times: user=0.05 sys=0.00, real=0.01 secs] 
2016-09-22T22:30:39.585-0400: 46.296: [GC (GCLocker Initiated GC) [PSYoungGen: 202539K->40618K(210432K)] 650248K->489458K(734720K), 0.0098847 secs] [Times: user=0.11 sys=0.00, real=0.02 secs] 
2016-09-22T22:30:39.741-0400: 46.452: [GC (GCLocker Initiated GC) [PSYoungGen: 201386K->42046K(203264K)] 652963K->494725K(727552K), 0.0138115 secs] [Times: user=0.19 sys=0.00, real=0.02 secs] 
2016-09-22T22:30:39.924-0400: 46.634: [GC (GCLocker Initiated GC) [PSYoungGen: 202814K->23473K(209408K)] 667863K->513955K(733696K), 0.0133967 secs] [Times: user=0.18 sys=0.00, real=0.02 secs] 
2016-09-22T22:30:40.085-0400: 46.796: [GC (GCLocker Initiated GC) [PSYoungGen: 181169K->39384K(209920K)] 674410K->533959K(734208K), 0.0059668 secs] [Times: user=0.07 sys=0.01, real=0.01 secs] 
2016-09-22T22:30:40.225-0400: 46.936: [Full GC (Ergonomics) [PSYoungGen: 197080K->0K(209920K)] [ParOldGen: 497437K->165236K(524288K)] 694517K->165236K(734208K), [Metaspace: 43580K->43580K(1085440K)], 0.0703445 secs] [Times: user=0.50 sys=0.01, real=0.08 secs] 
2016-09-22T22:30:42.786-0400: 49.497: [GC (GCLocker Initiated GC) [PSYoungGen: 157696K->35994K(207872K)] 325752K->204050K(732160K), 0.0113162 secs] [Times: user=0.10 sys=0.00, real=0.02 secs] 
2016-09-22T22:30:42.954-0400: 49.665: [GC (GCLocker Initiated GC) [PSYoungGen: 193690K->23153K(208896K)] 364516K->203902K(733184K), 0.0050049 secs] [Times: user=0.04 sys=0.00, real=0.01 secs] 
2016-09-22T22:30:43.131-0400: 49.842: [GC (GCLocker Initiated GC) [PSYoungGen: 180849K->35349K(209408K)] 361631K->217151K(733696K), 0.0053235 secs] [Times: user=0.04 sys=0.02, real=0.01 secs] 
2016-09-22T22:30:43.301-0400: 50.012: [GC (GCLocker Initiated GC) [PSYoungGen: 194581K->43514K(209920K)] 379244K->232196K(734208K), 0.0071027 secs] [Times: user=0.04 sys=0.01, real=0.01 secs] 
2016-09-22T22:30:43.487-0400: 50.198: [GC (GCLocker Initiated GC) [PSYoungGen: 202746K->34160K(209920K)] 391535K->224278K(734208K), 0.0065239 secs] [Times: user=0.07 sys=0.00, real=0.00 secs] 
2016-09-22T22:30:43.681-0400: 50.392: [GC (GCLocker Initiated GC) [PSYoungGen: 193392K->11610K(171008K)] 402576K->222274K(695296K), 0.0056218 secs] [Times: user=0.07 sys=0.00, real=0.01 secs] 
2016-09-22T22:30:43.875-0400: 50.586: [GC (GCLocker Initiated GC) [PSYoungGen: 170842K->49366K(200704K)] 381632K->261716K(724992K), 0.0066493 secs] [Times: user=0.07 sys=0.00, real=0.00 secs] 
2016-09-22T22:30:44.056-0400: 50.767: [GC (GCLocker Initiated GC) [PSYoungGen: 196822K->40037K(204800K)] 409197K->264840K(729088K), 0.0062232 secs] [Times: user=0.07 sys=0.01, real=0.00 secs] 
2016-09-22T22:30:44.232-0400: 50.943: [GC (GCLocker Initiated GC) [PSYoungGen: 187493K->31981K(200704K)] 423166K->288344K(724992K), 0.0064956 secs] [Times: user=0.09 sys=0.00, real=0.01 secs] 
2016-09-22T22:30:44.417-0400: 51.128: [GC (GCLocker Initiated GC) [PSYoungGen: 179437K->41476K(202752K)] 435833K->302301K(727040K), 0.0155396 secs] [Times: user=0.14 sys=0.01, real=0.01 secs] 
2016-09-22T22:30:44.634-0400: 51.345: [GC (GCLocker Initiated GC) [PSYoungGen: 188932K->34959K(203264K)] 452657K->306010K(727552K), 0.0136894 secs] [Times: user=0.13 sys=0.00, real=0.02 secs] 
2016-09-22T22:30:44.849-0400: 51.560: [GC (GCLocker Initiated GC) [PSYoungGen: 185999K->37726K(204800K)] 457061K->310969K(729088K), 0.0206058 secs] [Times: user=0.25 sys=0.00, real=0.02 secs] 
2016-09-22T22:30:45.053-0400: 51.764: [GC (GCLocker Initiated GC) [PSYoungGen: 188766K->33731K(204800K)] 466601K->313744K(729088K), 0.0163171 secs] [Times: user=0.17 sys=0.00, real=0.02 secs] 
2016-09-22T22:30:45.259-0400: 51.970: [GC (GCLocker Initiated GC) [PSYoungGen: 188867K->28423K(206848K)] 474459K->327113K(731136K), 0.0156212 secs] [Times: user=0.19 sys=0.00, real=0.01 secs] 
2016-09-22T22:30:45.463-0400: 52.174: [GC (GCLocker Initiated GC) [PSYoungGen: 183559K->42177K(208896K)] 484964K->345899K(733184K), 0.0091425 secs] [Times: user=0.14 sys=0.00, real=0.01 secs] 
2016-09-22T22:30:45.680-0400: 52.391: [GC (GCLocker Initiated GC) [PSYoungGen: 199873K->25540K(209920K)] 510493K->338659K(734208K), 0.0054870 secs] [Times: user=0.04 sys=0.00, real=0.00 secs] 
2016-09-22T22:30:45.870-0400: 52.581: [GC (GCLocker Initiated GC) [PSYoungGen: 183236K->35303K(206848K)] 501933K->356318K(731136K), 0.0126730 secs] [Times: user=0.14 sys=0.00, real=0.01 secs] 
2016-09-22T22:30:46.086-0400: 52.797: [GC (GCLocker Initiated GC) [PSYoungGen: 192999K->43668K(208384K)] 519439K->372491K(732672K), 0.0298199 secs] [Times: user=0.43 sys=0.00, real=0.04 secs] 
2016-09-22T22:30:46.324-0400: 53.035: [GC (GCLocker Initiated GC) [PSYoungGen: 201364K->50318K(202240K)] 530414K->384740K(726528K), 0.0104411 secs] [Times: user=0.14 sys=0.01, real=0.01 secs] 
2016-09-22T22:30:46.536-0400: 53.247: [GC (GCLocker Initiated GC) [PSYoungGen: 199822K->25987K(205824K)] 539657K->368386K(730112K), 0.0201102 secs] [Times: user=0.31 sys=0.00, real=0.02 secs] 
2016-09-22T22:30:46.742-0400: 53.453: [GC (GCLocker Initiated GC) [PSYoungGen: 175491K->35166K(201728K)] 524662K->386736K(726016K), 0.0055941 secs] [Times: user=0.07 sys=0.01, real=0.01 secs] 
2016-09-22T22:30:46.936-0400: 53.647: [GC (GCLocker Initiated GC) [PSYoungGen: 184670K->26208K(203776K)] 544390K->407106K(728064K), 0.0085614 secs] [Times: user=0.10 sys=0.00, real=0.00 secs] 
2016-09-22T22:30:47.128-0400: 53.839: [GC (GCLocker Initiated GC) [PSYoungGen: 175712K->20126K(206848K)] 564718K->411690K(731136K), 0.0062472 secs] [Times: user=0.05 sys=0.00, real=0.00 secs] 
2016-09-22T22:30:47.300-0400: 54.011: [GC (GCLocker Initiated GC) [PSYoungGen: 172702K->43181K(196096K)] 568037K->440733K(720384K), 0.0108673 secs] [Times: user=0.13 sys=0.00, real=0.01 secs] 
2016-09-22T22:30:47.485-0400: 54.196: [GC (GCLocker Initiated GC) [PSYoungGen: 195757K->25154K(206336K)] 596082K->438332K(730624K), 0.0154368 secs] [Times: user=0.16 sys=0.01, real=0.02 secs] 
2016-09-22T22:30:47.678-0400: 54.389: [GC (GCLocker Initiated GC) [PSYoungGen: 175170K->30569K(180736K)] 591054K->448194K(705024K), 0.0052246 secs] [Times: user=0.04 sys=0.00, real=0.00 secs] 
2016-09-22T22:30:47.856-0400: 54.567: [GC (GCLocker Initiated GC) [PSYoungGen: 180585K->32317K(205312K)] 603619K->457210K(729600K), 0.0052790 secs] [Times: user=0.05 sys=0.00, real=0.00 secs] 
2016-09-22T22:30:48.001-0400: 54.712: [GC (GCLocker Initiated GC) [PSYoungGen: 183869K->49044K(203776K)] 608772K->476000K(728064K), 0.0061399 secs] [Times: user=0.07 sys=0.00, real=0.01 secs] 
2016-09-22T22:30:48.175-0400: 54.886: [GC (GCLocker Initiated GC) [PSYoungGen: 200596K->23423K(206336K)] 631575K->455708K(730624K), 0.0049414 secs] [Times: user=0.04 sys=0.01, real=0.00 secs] 
2016-09-22T22:30:48.335-0400: 55.046: [GC (GCLocker Initiated GC) [PSYoungGen: 173439K->27231K(177664K)] 608442K->463529K(701952K), 0.0063053 secs] [Times: user=0.04 sys=0.00, real=0.00 secs] 
2016-09-22T22:30:48.494-0400: 55.205: [GC (GCLocker Initiated GC) [PSYoungGen: 177247K->17626K(204288K)] 622988K->464620K(728576K), 0.0088217 secs] [Times: user=0.07 sys=0.00, real=0.01 secs] 
2016-09-22T22:30:48.663-0400: 55.374: [GC (GCLocker Initiated GC) [PSYoungGen: 167130K->25988K(204800K)] 620877K->480946K(729088K), 0.0053988 secs] [Times: user=0.05 sys=0.00, real=0.01 secs] 
2016-09-22T22:30:48.831-0400: 55.542: [GC (GCLocker Initiated GC) [PSYoungGen: 175492K->27406K(204800K)] 635858K->489076K(729088K), 0.0058427 secs] [Times: user=0.05 sys=0.00, real=0.01 secs] 
2016-09-22T22:30:49.003-0400: 55.714: [GC (GCLocker Initiated GC) [PSYoungGen: 180494K->26098K(205312K)] 648921K->495954K(729600K), 0.0059750 secs] [Times: user=0.05 sys=0.00, real=0.01 secs] 
2016-09-22T22:30:49.161-0400: 55.872: [GC (GCLocker Initiated GC) [PSYoungGen: 179186K->49264K(201216K)] 651913K->531633K(725504K), 0.0112903 secs] [Times: user=0.14 sys=0.00, real=0.01 secs] 
2016-09-22T22:30:49.355-0400: 56.066: [GC (GCLocker Initiated GC) [PSYoungGen: 199792K->46573K(197120K)] 682407K->546890K(721408K), 0.0077301 secs] [Times: user=0.09 sys=0.02, real=0.00 secs] 
2016-09-22T22:30:49.548-0400: 56.259: [GC (GCLocker Initiated GC) [PSYoungGen: 197101K->25985K(204800K)] 697443K->527854K(729088K), 0.0184920 secs] [Times: user=0.18 sys=0.01, real=0.02 secs] 
2016-09-22T22:30:49.724-0400: 56.435: [GC (GCLocker Initiated GC) [PSYoungGen: 171905K->29075K(175104K)] 673805K->545984K(699392K), 0.0116517 secs] [Times: user=0.12 sys=0.00, real=0.02 secs] 
2016-09-22T22:30:49.736-0400: 56.447: [Full GC (Ergonomics) [PSYoungGen: 29075K->0K(175104K)] [ParOldGen: 516908K->136658K(524288K)] 545984K->136658K(699392K), [Metaspace: 43598K->43598K(1085440K)], 0.0749048 secs] [Times: user=0.57 sys=0.01, real=0.07 secs] 
2016-09-22T22:30:49.974-0400: 56.685: [GC (GCLocker Initiated GC) [PSYoungGen: 145920K->55108K(194048K)] 282615K->194504K(718336K), 0.0078552 secs] [Times: user=0.08 sys=0.01, real=0.01 secs] 
2016-09-22T22:30:50.131-0400: 56.842: [GC (GCLocker Initiated GC) [PSYoungGen: 193348K->37044K(200192K)] 332906K->182639K(724480K), 0.0126957 secs] [Times: user=0.10 sys=0.00, real=0.01 secs] 
2016-09-22T22:30:50.302-0400: 57.013: [GC (GCLocker Initiated GC) [PSYoungGen: 175284K->27526K(196096K)] 326319K->182853K(720384K), 0.0103478 secs] [Times: user=0.10 sys=0.00, real=0.01 secs] 
2016-09-22T22:30:50.479-0400: 57.190: [GC (GCLocker Initiated GC) [PSYoungGen: 167814K->11461K(199168K)] 335424K->196843K(723456K), 0.0327688 secs] [Times: user=0.34 sys=0.00, real=0.03 secs] 
2016-09-22T22:30:50.678-0400: 57.388: [GC (GCLocker Initiated GC) [PSYoungGen: 151749K->27440K(200704K)] 342563K->219842K(724992K), 0.0148323 secs] [Times: user=0.14 sys=0.00, real=0.01 secs] 
2016-09-22T22:30:50.859-0400: 57.570: [GC (GCLocker Initiated GC) [PSYoungGen: 170288K->19401K(201216K)] 374848K->233427K(725504K), 0.0181647 secs] [Times: user=0.22 sys=0.00, real=0.02 secs] 
2016-09-22T22:30:51.038-0400: 57.749: [GC (GCLocker Initiated GC) [PSYoungGen: 162249K->35725K(203264K)] 381909K->257012K(727552K), 0.0220641 secs] [Times: user=0.19 sys=0.00, real=0.02 secs] 
2016-09-22T22:30:51.236-0400: 57.947: [GC (GCLocker Initiated GC) [PSYoungGen: 182157K->30316K(177152K)] 408997K->258731K(701440K), 0.0055263 secs] [Times: user=0.05 sys=0.01, real=0.00 secs] 
2016-09-22T22:30:51.408-0400: 58.119: [GC (GCLocker Initiated GC) [PSYoungGen: 176748K->39642K(201728K)] 408022K->285926K(726016K), 0.0062737 secs] [Times: user=0.07 sys=0.01, real=0.00 secs] 
2016-09-22T22:30:51.575-0400: 58.286: [GC (GCLocker Initiated GC) [PSYoungGen: 187098K->38139K(202752K)] 433441K->285804K(727040K), 0.0082862 secs] [Times: user=0.09 sys=0.00, real=0.00 secs] 
2016-09-22T22:30:51.740-0400: 58.451: [GC (GCLocker Initiated GC) [PSYoungGen: 185595K->21906K(205824K)] 433262K->295250K(730112K), 0.0055134 secs] [Times: user=0.05 sys=0.01, real=0.00 secs] 
2016-09-22T22:30:51.915-0400: 58.626: [GC (GCLocker Initiated GC) [PSYoungGen: 173458K->22260K(206336K)] 450853K->300863K(730624K), 0.0054485 secs] [Times: user=0.04 sys=0.01, real=0.00 secs] 
2016-09-22T22:30:52.085-0400: 58.796: [GC (GCLocker Initiated GC) [PSYoungGen: 173812K->14105K(207360K)] 469969K->311729K(731648K), 0.0049184 secs] [Times: user=0.03 sys=0.01, real=0.01 secs] 
2016-09-22T22:30:52.262-0400: 58.973: [GC (GCLocker Initiated GC) [PSYoungGen: 167193K->49143K(202240K)] 464841K->348330K(726528K), 0.0239623 secs] [Times: user=0.28 sys=0.00, real=0.02 secs] 
2016-09-22T22:30:52.449-0400: 59.160: [GC (GCLocker Initiated GC) [PSYoungGen: 202231K->40819K(200704K)] 501441K->341426K(724992K), 0.0056405 secs] [Times: user=0.05 sys=0.01, real=0.01 secs] 
2016-09-22T22:30:52.604-0400: 59.315: [GC (GCLocker Initiated GC) [PSYoungGen: 182131K->30017K(171520K)] 485478K->353677K(695808K), 0.0289092 secs] [Times: user=0.36 sys=0.00, real=0.03 secs] 
2016-09-22T22:30:52.781-0400: 59.492: [GC (GCLocker Initiated GC) [PSYoungGen: 171329K->31178K(202752K)] 495219K->364460K(727040K), 0.0056556 secs] [Times: user=0.04 sys=0.00, real=0.01 secs] 
2016-09-22T22:30:52.941-0400: 59.652: [GC (GCLocker Initiated GC) [PSYoungGen: 176074K->27454K(200192K)] 514982K->367488K(724480K), 0.0054051 secs] [Times: user=0.05 sys=0.00, real=0.00 secs] 
2016-09-22T22:30:53.098-0400: 59.809: [GC (GCLocker Initiated GC) [PSYoungGen: 172350K->49155K(198656K)] 512442K->390691K(722944K), 0.0056454 secs] [Times: user=0.06 sys=0.00, real=0.00 secs] 
2016-09-22T22:30:53.260-0400: 59.971: [GC (GCLocker Initiated GC) [PSYoungGen: 194051K->35559K(202752K)] 538371K->381248K(727040K), 0.0179503 secs] [Times: user=0.21 sys=0.00, real=0.02 secs] 
2016-09-22T22:30:53.441-0400: 60.152: [GC (GCLocker Initiated GC) [PSYoungGen: 180455K->43719K(201728K)] 526233K->390880K(726016K), 0.0110058 secs] [Times: user=0.13 sys=0.00, real=0.01 secs] 
2016-09-22T22:30:53.607-0400: 60.318: [GC (GCLocker Initiated GC) [PSYoungGen: 189127K->24630K(203776K)] 540413K->377297K(728064K), 0.0047510 secs] [Times: user=0.04 sys=0.00, real=0.00 secs] 
2016-09-22T22:30:53.774-0400: 60.485: [GC (GCLocker Initiated GC) [PSYoungGen: 170038K->21965K(201728K)] 529248K->382560K(726016K), 0.0096334 secs] [Times: user=0.12 sys=0.00, real=0.01 secs] 
2016-09-22T22:30:53.945-0400: 60.656: [GC (GCLocker Initiated GC) [PSYoungGen: 168397K->28651K(203264K)] 537112K->398521K(727552K), 0.0066651 secs] [Times: user=0.06 sys=0.01, real=0.01 secs] 
2016-09-22T22:30:54.116-0400: 60.827: [GC (GCLocker Initiated GC) [PSYoungGen: 175083K->31640K(200192K)] 550000K->407912K(724480K), 0.0170036 secs] [Times: user=0.19 sys=0.01, real=0.01 secs] 
2016-09-22T22:30:54.304-0400: 61.015: [GC (GCLocker Initiated GC) [PSYoungGen: 181656K->35591K(202752K)] 563347K->418766K(727040K), 0.0059956 secs] [Times: user=0.06 sys=0.00, real=0.01 secs] 
2016-09-22T22:30:54.495-0400: 61.206: [GC (GCLocker Initiated GC) [PSYoungGen: 185607K->29035K(205824K)] 571486K->432604K(730112K), 0.0251813 secs] [Times: user=0.30 sys=0.00, real=0.02 secs] 
2016-09-22T22:30:54.693-0400: 61.404: [GC (GCLocker Initiated GC) [PSYoungGen: 186219K->34252K(207872K)] 592491K->442111K(732160K), 0.0061485 secs] [Times: user=0.04 sys=0.01, real=0.01 secs] 
2016-09-22T22:30:54.880-0400: 61.591: [GC (GCLocker Initiated GC) [PSYoungGen: 191436K->38471K(211456K)] 606082K->454681K(735744K), 0.0141843 secs] [Times: user=0.16 sys=0.00, real=0.02 secs] 
2016-09-22T22:30:55.066-0400: 61.777: [GC (GCLocker Initiated GC) [PSYoungGen: 200263K->22220K(211968K)] 616714K->459168K(736256K), 0.0199531 secs] [Times: user=0.20 sys=0.00, real=0.02 secs] 
2016-09-22T22:30:55.267-0400: 61.978: [GC (GCLocker Initiated GC) [PSYoungGen: 184012K->28935K(209920K)] 623681K->470191K(734208K), 0.0177882 secs] [Times: user=0.15 sys=0.00, real=0.01 secs] 
2016-09-22T22:30:55.476-0400: 62.187: [GC (Allocation Failure) [PSYoungGen: 190727K->21070K(210944K)] 634797K->485695K(735232K), 0.0162583 secs] [Times: user=0.15 sys=0.00, real=0.01 secs] 
2016-09-22T22:30:55.664-0400: 62.375: [GC (GCLocker Initiated GC) [PSYoungGen: 182862K->37609K(211968K)] 647490K->504071K(736256K), 0.0134871 secs] [Times: user=0.16 sys=0.00, real=0.02 secs] 
2016-09-22T22:30:55.864-0400: 62.575: [GC (GCLocker Initiated GC) [PSYoungGen: 200425K->49429K(212480K)] 666950K->517954K(736768K), 0.0145377 secs] [Times: user=0.17 sys=0.00, real=0.02 secs] 
2016-09-22T22:30:56.065-0400: 62.776: [GC (GCLocker Initiated GC) [PSYoungGen: 212245K->26810K(204288K)] 683511K->507955K(728576K), 0.0213773 secs] [Times: user=0.22 sys=0.00, real=0.02 secs] 
2016-09-22T22:30:56.269-0400: 62.980: [GC (GCLocker Initiated GC) [PSYoungGen: 181434K->21204K(208384K)] 670693K->512513K(732672K), 0.0229042 secs] [Times: user=0.23 sys=0.00, real=0.02 secs] 
2016-09-22T22:30:56.498-0400: 63.209: [GC (GCLocker Initiated GC) [PSYoungGen: 175828K->37550K(207872K)] 667161K->530923K(732160K), 0.0097015 secs] [Times: user=0.10 sys=0.00, real=0.01 secs] 
2016-09-22T22:30:56.685-0400: 63.396: [Full GC (Ergonomics) [PSYoungGen: 192174K->0K(207872K)] [ParOldGen: 505556K->193113K(524288K)] 697730K->193113K(732160K), [Metaspace: 43621K->43621K(1085440K)], 0.0768783 secs] [Times: user=0.41 sys=0.03, real=0.08 secs] 
2016-09-22T22:30:56.927-0400: 63.638: [GC (GCLocker Initiated GC) [PSYoungGen: 154624K->36201K(208384K)] 350445K->232022K(732672K), 0.0170223 secs] [Times: user=0.18 sys=0.01, real=0.01 secs] 
2016-09-22T22:30:57.127-0400: 63.838: [GC (GCLocker Initiated GC) [PSYoungGen: 190825K->41505K(206848K)] 386675K->239447K(731136K), 0.0118405 secs] [Times: user=0.14 sys=0.01, real=0.01 secs] 
2016-09-22T22:30:57.330-0400: 64.041: [GC (Allocation Failure) [PSYoungGen: 195105K->12101K(165888K)] 399956K->235098K(690176K), 0.0105987 secs] [Times: user=0.10 sys=0.00, real=0.01 secs] 
2016-09-22T22:30:57.507-0400: 64.218: [GC (GCLocker Initiated GC) [PSYoungGen: 165647K->29322K(208384K)] 388832K->254822K(732672K), 0.0174181 secs] [Times: user=0.16 sys=0.00, real=0.01 secs] 
2016-09-22T22:30:57.696-0400: 64.407: [GC (GCLocker Initiated GC) [PSYoungGen: 181898K->46633K(199680K)] 407457K->274066K(723968K), 0.0131273 secs] [Times: user=0.18 sys=0.00, real=0.01 secs] 
2016-09-22T22:30:57.884-0400: 64.595: [GC (GCLocker Initiated GC) [PSYoungGen: 199209K->39861K(204800K)] 426676K->271686K(729088K), 0.0053104 secs] [Times: user=0.04 sys=0.00, real=0.01 secs] 
2016-09-22T22:30:58.065-0400: 64.776: [GC (GCLocker Initiated GC) [PSYoungGen: 187317K->37551K(185344K)] 425951K->286019K(709632K), 0.0057332 secs] [Times: user=0.06 sys=0.00, real=0.01 secs] 
2016-09-22T22:30:58.236-0400: 64.947: [GC (GCLocker Initiated GC) [PSYoungGen: 185007K->25182K(205312K)] 443085K->309524K(729600K), 0.0056379 secs] [Times: user=0.06 sys=0.00, real=0.00 secs] 
2016-09-22T22:30:58.441-0400: 65.152: [GC (GCLocker Initiated GC) [PSYoungGen: 173662K->33320K(182272K)] 466323K->327881K(706560K), 0.0129825 secs] [Times: user=0.17 sys=0.00, real=0.01 secs] 
2016-09-22T22:30:58.655-0400: 65.366: [GC (GCLocker Initiated GC) [PSYoungGen: 181800K->29247K(204800K)] 483465K->332727K(729088K), 0.0116548 secs] [Times: user=0.10 sys=0.00, real=0.00 secs] 
2016-09-22T22:30:58.850-0400: 65.561: [GC (GCLocker Initiated GC) [PSYoungGen: 180287K->41063K(203264K)] 483931K->346618K(727552K), 0.0246095 secs] [Times: user=0.30 sys=0.02, real=0.03 secs] 
2016-09-22T22:30:59.045-0400: 65.756: [GC (GCLocker Initiated GC) [PSYoungGen: 192103K->37137K(208896K)] 497776K->344435K(733184K), 0.0056402 secs] [Times: user=0.04 sys=0.01, real=0.01 secs] 
2016-09-22T22:30:59.238-0400: 65.949: [GC (Allocation Failure) [PSYoungGen: 192785K->13098K(168960K)] 510990K->349276K(693248K), 0.0088536 secs] [Times: user=0.08 sys=0.01, real=0.01 secs] 
2016-09-22T22:30:59.407-0400: 66.118: [GC (GCLocker Initiated GC) [PSYoungGen: 168746K->33224K(209408K)] 507625K->390249K(733696K), 0.0091055 secs] [Times: user=0.11 sys=0.00, real=0.01 secs] 
2016-09-22T22:30:59.580-0400: 66.291: [GC (GCLocker Initiated GC) [PSYoungGen: 187848K->38424K(207360K)] 547677K->399971K(731648K), 0.0139441 secs] [Times: user=0.16 sys=0.00, real=0.01 secs] 
2016-09-22T22:30:59.763-0400: 66.474: [GC (GCLocker Initiated GC) [PSYoungGen: 193048K->32923K(206848K)] 565556K->406981K(731136K), 0.0113213 secs] [Times: user=0.11 sys=0.01, real=0.01 secs] 
2016-09-22T22:30:59.964-0400: 66.675: [GC (GCLocker Initiated GC) [PSYoungGen: 189083K->31612K(207360K)] 568610K->412717K(731648K), 0.0056585 secs] [Times: user=0.06 sys=0.00, real=0.01 secs] 
2016-09-22T22:31:00.143-0400: 66.854: [GC (GCLocker Initiated GC) [PSYoungGen: 187772K->37242K(209920K)] 576282K->443552K(734208K), 0.0086299 secs] [Times: user=0.10 sys=0.00, real=0.01 secs] 
2016-09-22T22:31:00.331-0400: 67.042: [GC (GCLocker Initiated GC) [PSYoungGen: 197498K->26754K(209920K)] 609246K->456437K(734208K), 0.0092465 secs] [Times: user=0.11 sys=0.00, real=0.01 secs] 
2016-09-22T22:31:00.527-0400: 67.238: [GC (GCLocker Initiated GC) [PSYoungGen: 187010K->12898K(209920K)] 637034K->464657K(734208K), 0.0199881 secs] [Times: user=0.21 sys=0.00, real=0.02 secs] 
2016-09-22T22:31:00.752-0400: 67.463: [GC (GCLocker Initiated GC) [PSYoungGen: 173666K->39822K(200704K)] 633553K->501504K(724992K), 0.0064715 secs] [Times: user=0.05 sys=0.01, real=0.01 secs] 
2016-09-22T22:31:00.948-0400: 67.659: [GC (GCLocker Initiated GC) [PSYoungGen: 200590K->19419K(209920K)] 675830K->520541K(734208K), 0.0244319 secs] [Times: user=0.35 sys=0.00, real=0.02 secs] 
2016-09-22T22:31:00.973-0400: 67.684: [Full GC (Ergonomics) [PSYoungGen: 19419K->0K(209920K)] [ParOldGen: 501121K->106251K(524288K)] 520541K->106251K(734208K), [Metaspace: 43635K->43635K(1085440K)], 0.0666051 secs] [Times: user=0.47 sys=0.01, real=0.07 secs] 
2016-09-22T22:31:01.226-0400: 67.937: [GC (GCLocker Initiated GC) [PSYoungGen: 157696K->31423K(189440K)] 263951K->137686K(713728K), 0.0079455 secs] [Times: user=0.07 sys=0.00, real=0.02 secs] 
2016-09-22T22:31:01.406-0400: 68.116: [GC (GCLocker Initiated GC) [PSYoungGen: 189119K->26118K(209920K)] 300788K->139230K(734208K), 0.0069193 secs] [Times: user=0.04 sys=0.00, real=0.01 secs] 
2016-09-22T22:31:01.578-0400: 68.289: [GC (GCLocker Initiated GC) [PSYoungGen: 185350K->44990K(208384K)] 298602K->159732K(732672K), 0.0240232 secs] [Times: user=0.29 sys=0.00, real=0.02 secs] 
2016-09-22T22:31:01.766-0400: 68.477: [GC (GCLocker Initiated GC) [PSYoungGen: 204222K->20724K(209408K)] 318986K->150322K(733696K), 0.0046024 secs] [Times: user=0.04 sys=0.00, real=0.01 secs] 
2016-09-22T22:31:01.930-0400: 68.641: [GC (GCLocker Initiated GC) [PSYoungGen: 177396K->31521K(188416K)] 309801K->165319K(712704K), 0.0143617 secs] [Times: user=0.16 sys=0.00, real=0.01 secs] 
2016-09-22T22:31:02.098-0400: 68.809: [GC (GCLocker Initiated GC) [PSYoungGen: 188193K->25927K(208384K)] 327534K->166561K(732672K), 0.0264755 secs] [Times: user=0.31 sys=0.00, real=0.02 secs] 
2016-09-22T22:31:02.299-0400: 69.010: [GC (GCLocker Initiated GC) [PSYoungGen: 183623K->46515K(207360K)] 329765K->193901K(731648K), 0.0098400 secs] [Times: user=0.10 sys=0.00, real=0.01 secs] 
2016-09-22T22:31:02.482-0400: 69.193: [GC (GCLocker Initiated GC) [PSYoungGen: 204211K->19481K(208384K)] 354430K->190133K(732672K), 0.0258348 secs] [Times: user=0.28 sys=0.01, real=0.03 secs] 
2016-09-22T22:31:02.670-0400: 69.381: [GC (GCLocker Initiated GC) [PSYoungGen: 174105K->19491K(174592K)] 347473K->205255K(698880K), 0.0163089 secs] [Times: user=0.12 sys=0.01, real=0.01 secs] 
2016-09-22T22:31:02.841-0400: 69.552: [GC (GCLocker Initiated GC) [PSYoungGen: 174115K->35791K(207872K)] 359893K->223262K(732160K), 0.0117942 secs] [Times: user=0.12 sys=0.00, real=0.01 secs] 
2016-09-22T22:31:03.011-0400: 69.722: [GC (GCLocker Initiated GC) [PSYoungGen: 190415K->20654K(207872K)] 378048K->226049K(732160K), 0.0176902 secs] [Times: user=0.19 sys=0.01, real=0.02 secs] 
2016-09-22T22:31:03.200-0400: 69.911: [GC (GCLocker Initiated GC) [PSYoungGen: 175278K->26126K(205312K)] 388899K->241222K(729600K), 0.0203053 secs] [Times: user=0.23 sys=0.00, real=0.02 secs] 
2016-09-22T22:31:03.384-0400: 70.095: [GC (GCLocker Initiated GC) [PSYoungGen: 182286K->28070K(206848K)] 401127K->248409K(731136K), 0.0169262 secs] [Times: user=0.20 sys=0.00, real=0.02 secs] 
2016-09-22T22:31:03.582-0400: 70.293: [GC (GCLocker Initiated GC) [PSYoungGen: 184230K->28135K(207872K)] 408697K->254631K(732160K), 0.0123191 secs] [Times: user=0.15 sys=0.00, real=0.01 secs] 
2016-09-22T22:31:03.789-0400: 70.500: [GC (GCLocker Initiated GC) [PSYoungGen: 190951K->25469K(209408K)] 424258K->260830K(733696K), 0.0068157 secs] [Times: user=0.04 sys=0.01, real=0.01 secs] 
2016-09-22T22:31:03.964-0400: 70.675: [GC (GCLocker Initiated GC) [PSYoungGen: 188285K->34858K(215552K)] 426358K->275146K(739840K), 0.0064969 secs] [Times: user=0.05 sys=0.00, real=0.01 secs] 
2016-09-22T22:31:04.177-0400: 70.888: [GC (GCLocker Initiated GC) [PSYoungGen: 204842K->19807K(216064K)] 449243K->266354K(740352K), 0.0112518 secs] [Times: user=0.10 sys=0.00, real=0.01 secs] 
2016-09-22T22:31:04.384-0400: 71.095: [GC (GCLocker Initiated GC) [PSYoungGen: 189791K->25535K(212992K)] 443241K->280954K(737280K), 0.0050299 secs] [Times: user=0.03 sys=0.01, real=0.01 secs] 
2016-09-22T22:31:04.585-0400: 71.296: [GC (GCLocker Initiated GC) [PSYoungGen: 195519K->44540K(214528K)] 456371K->315765K(738816K), 0.0066272 secs] [Times: user=0.08 sys=0.00, real=0.01 secs] 
2016-09-22T22:31:04.772-0400: 71.483: [GC (GCLocker Initiated GC) [PSYoungGen: 214524K->33603K(205312K)] 491164K->339525K(729600K), 0.0065037 secs] [Times: user=0.06 sys=0.01, real=0.01 secs] 
2016-09-22T22:31:04.949-0400: 71.660: [GC (GCLocker Initiated GC) [PSYoungGen: 191299K->33290K(209920K)] 497466K->354943K(734208K), 0.0175814 secs] [Times: user=0.18 sys=0.00, real=0.02 secs] 
2016-09-22T22:31:05.156-0400: 71.867: [GC (GCLocker Initiated GC) [PSYoungGen: 190986K->30407K(205312K)] 515341K->356522K(729600K), 0.0177800 secs] [Times: user=0.21 sys=0.00, real=0.01 secs] 
2016-09-22T22:31:05.332-0400: 72.043: [GC (GCLocker Initiated GC) [PSYoungGen: 189639K->34399K(208384K)] 515761K->362250K(732672K), 0.0166175 secs] [Times: user=0.18 sys=0.00, real=0.02 secs] 
2016-09-22T22:31:05.538-0400: 72.249: [GC (GCLocker Initiated GC) [PSYoungGen: 193631K->23720K(211456K)] 521484K->353124K(735744K), 0.0062090 secs] [Times: user=0.05 sys=0.00, real=0.00 secs] 
2016-09-22T22:31:05.739-0400: 72.450: [GC (GCLocker Initiated GC) [PSYoungGen: 188072K->31966K(212480K)] 520313K->366031K(736768K), 0.0218348 secs] [Times: user=0.21 sys=0.00, real=0.02 secs] 
2016-09-22T22:31:05.926-0400: 72.637: [GC (GCLocker Initiated GC) [PSYoungGen: 196318K->32738K(211968K)] 534499K->372872K(736256K), 0.0052675 secs] [Times: user=0.05 sys=0.00, real=0.01 secs] 
2016-09-22T22:31:06.108-0400: 72.819: [GC (GCLocker Initiated GC) [PSYoungGen: 199650K->36785K(212992K)] 539930K->378386K(737280K), 0.0192394 secs] [Times: user=0.17 sys=0.01, real=0.02 secs] 
2016-09-22T22:31:06.305-0400: 73.016: [GC (GCLocker Initiated GC) [PSYoungGen: 203697K->29917K(214528K)] 548103K->375688K(738816K), 0.0069154 secs] [Times: user=0.06 sys=0.00, real=0.01 secs] 
2016-09-22T22:31:06.476-0400: 73.187: [GC (GCLocker Initiated GC) [PSYoungGen: 199389K->29963K(215040K)] 548244K->380137K(739328K), 0.0053518 secs] [Times: user=0.04 sys=0.00, real=0.00 secs] 
2016-09-22T22:31:06.665-0400: 73.376: [GC (GCLocker Initiated GC) [PSYoungGen: 199435K->23472K(216064K)] 555012K->380413K(740352K), 0.0175258 secs] [Times: user=0.17 sys=0.00, real=0.02 secs] 
2016-09-22T22:31:06.870-0400: 73.581: [GC (GCLocker Initiated GC) [PSYoungGen: 194992K->22295K(216064K)] 561390K->398377K(740352K), 0.0227923 secs] [Times: user=0.25 sys=0.01, real=0.02 secs] 
2016-09-22T22:31:07.060-0400: 73.771: [GC (GCLocker Initiated GC) [PSYoungGen: 193815K->32930K(216576K)] 572612K->413300K(740864K), 0.0214461 secs] [Times: user=0.26 sys=0.00, real=0.02 secs] 
2016-09-22T22:31:07.254-0400: 73.965: [GC (GCLocker Initiated GC) [PSYoungGen: 205986K->35401K(217088K)] 586389K->417237K(741376K), 0.0052492 secs] [Times: user=0.05 sys=0.00, real=0.01 secs] 
2016-09-22T22:31:07.440-0400: 74.151: [GC (GCLocker Initiated GC) [PSYoungGen: 208457K->21972K(216576K)] 593126K->429652K(740864K), 0.0207210 secs] [Times: user=0.30 sys=0.00, real=0.02 secs] 
2016-09-22T22:31:07.646-0400: 74.357: [GC (GCLocker Initiated GC) [PSYoungGen: 194004K->31758K(204288K)] 607193K->446221K(728576K), 0.0076421 secs] [Times: user=0.06 sys=0.00, real=0.01 secs] 
2016-09-22T22:31:07.846-0400: 74.557: [GC (GCLocker Initiated GC) [PSYoungGen: 203790K->30238K(217600K)] 623778K->476176K(741888K), 0.0153164 secs] [Times: user=0.16 sys=0.00, real=0.02 secs] 
2016-09-22T22:31:08.040-0400: 74.751: [GC (GCLocker Initiated GC) [PSYoungGen: 203806K->33056K(216576K)] 652450K->483308K(740864K), 0.0074315 secs] [Times: user=0.08 sys=0.01, real=0.01 secs] 
2016-09-22T22:31:08.212-0400: 74.923: [GC (GCLocker Initiated GC) [PSYoungGen: 206624K->27627K(218112K)] 662288K->484825K(742400K), 0.0073453 secs] [Times: user=0.09 sys=0.00, real=0.01 secs] 
2016-09-22T22:31:08.425-0400: 75.135: [GC (GCLocker Initiated GC) [PSYoungGen: 203755K->28813K(218112K)] 670633K->497164K(742400K), 0.0104061 secs] [Times: user=0.09 sys=0.00, real=0.02 secs] 
2016-09-22T22:31:08.627-0400: 75.338: [GC (GCLocker Initiated GC) [PSYoungGen: 204941K->38275K(217088K)] 675998K->510761K(741376K), 0.0174049 secs] [Times: user=0.19 sys=0.01, real=0.01 secs] 
2016-09-22T22:31:08.823-0400: 75.534: [GC (GCLocker Initiated GC) [PSYoungGen: 214403K->36905K(213504K)] 686922K->510945K(737792K), 0.0175796 secs] [Times: user=0.15 sys=0.01, real=0.02 secs] 
2016-09-22T22:31:09.037-0400: 75.748: [GC (GCLocker Initiated GC) [PSYoungGen: 213033K->29139K(219136K)] 695392K->529159K(743424K), 0.0080905 secs] [Times: user=0.08 sys=0.00, real=0.00 secs] 
2016-09-22T22:31:09.045-0400: 75.756: [Full GC (Ergonomics) [PSYoungGen: 29139K->0K(219136K)] [ParOldGen: 500020K->130985K(524288K)] 529159K->130985K(743424K), [Metaspace: 43703K->43703K(1087488K)], 0.0857700 secs] [Times: user=0.76 sys=0.00, real=0.09 secs] 
2016-09-22T22:31:09.316-0400: 76.027: [GC (GCLocker Initiated GC) [PSYoungGen: 175104K->41261K(216576K)] 306326K->177884K(740864K), 0.0099191 secs] [Times: user=0.12 sys=0.00, real=0.00 secs] 
2016-09-22T22:31:09.504-0400: 76.215: [GC (GCLocker Initiated GC) [PSYoungGen: 216365K->40886K(212480K)] 353066K->179179K(736768K), 0.0156273 secs] [Times: user=0.23 sys=0.00, real=0.02 secs] 
2016-09-22T22:31:09.690-0400: 76.401: [GC (GCLocker Initiated GC) [PSYoungGen: 207798K->46311K(213504K)] 348819K->188540K(737792K), 0.0056964 secs] [Times: user=0.05 sys=0.00, real=0.01 secs] 
2016-09-22T22:31:09.881-0400: 76.592: [GC (GCLocker Initiated GC) [PSYoungGen: 213223K->20701K(207360K)] 361017K->183300K(731648K), 0.0116133 secs] [Times: user=0.10 sys=0.00, real=0.01 secs] 
2016-09-22T22:31:10.063-0400: 76.774: [GC (GCLocker Initiated GC) [PSYoungGen: 179421K->23390K(210432K)] 350135K->195513K(734720K), 0.0068056 secs] [Times: user=0.06 sys=0.00, real=0.01 secs] 
2016-09-22T22:31:10.235-0400: 76.946: [GC (GCLocker Initiated GC) [PSYoungGen: 182110K->31439K(206336K)] 357033K->207704K(730624K), 0.0079965 secs] [Times: user=0.07 sys=0.00, real=0.00 secs] 
2016-09-22T22:31:10.404-0400: 77.115: [GC (GCLocker Initiated GC) [PSYoungGen: 190159K->15221K(208384K)] 371869K->206378K(732672K), 0.0073231 secs] [Times: user=0.04 sys=0.00, real=0.01 secs] 
2016-09-22T22:31:10.566-0400: 77.277: [GC (GCLocker Initiated GC) [PSYoungGen: 173941K->25726K(211456K)] 365206K->218248K(735744K), 0.0257836 secs] [Times: user=0.27 sys=0.01, real=0.03 secs] 
2016-09-22T22:31:10.759-0400: 77.470: [GC (GCLocker Initiated GC) [PSYoungGen: 187518K->29906K(192000K)] 380118K->223676K(716288K), 0.0058791 secs] [Times: user=0.04 sys=0.00, real=0.00 secs] 
2016-09-22T22:31:10.940-0400: 77.651: [GC (GCLocker Initiated GC) [PSYoungGen: 191698K->32873K(210944K)] 393641K->236029K(735232K), 0.0184957 secs] [Times: user=0.20 sys=0.00, real=0.02 secs] 
2016-09-22T22:31:11.134-0400: 77.845: [GC (GCLocker Initiated GC) [PSYoungGen: 196201K->28613K(210432K)] 399408K->233259K(734720K), 0.0066187 secs] [Times: user=0.03 sys=0.01, real=0.01 secs] 
2016-09-22T22:31:11.305-0400: 78.016: [GC (GCLocker Initiated GC) [PSYoungGen: 191941K->24921K(213504K)] 404716K->239109K(737792K), 0.0227227 secs] [Times: user=0.26 sys=0.00, real=0.03 secs] 
2016-09-22T22:31:11.498-0400: 78.209: [GC (GCLocker Initiated GC) [PSYoungGen: 192857K->32871K(212992K)] 407078K->253934K(737280K), 0.0152675 secs] [Times: user=0.16 sys=0.00, real=0.01 secs] 
2016-09-22T22:31:11.696-0400: 78.407: [GC (GCLocker Initiated GC) [PSYoungGen: 200807K->21746K(216064K)] 421903K->249543K(740352K), 0.0056933 secs] [Times: user=0.05 sys=0.00, real=0.00 secs] 
2016-09-22T22:31:11.865-0400: 78.576: [GC (GCLocker Initiated GC) [PSYoungGen: 193266K->36558K(216064K)] 421263K->268514K(740352K), 0.0110744 secs] [Times: user=0.10 sys=0.00, real=0.02 secs] 
2016-09-22T22:31:12.042-0400: 78.753: [GC (GCLocker Initiated GC) [PSYoungGen: 208078K->43549K(209920K)] 442752K->279358K(734208K), 0.0124022 secs] [Times: user=0.13 sys=0.00, real=0.02 secs] 
2016-09-22T22:31:12.225-0400: 78.936: [GC (GCLocker Initiated GC) [PSYoungGen: 207389K->35555K(212992K)] 443231K->280725K(737280K), 0.0156497 secs] [Times: user=0.17 sys=0.00, real=0.02 secs] 
2016-09-22T22:31:12.408-0400: 79.119: [GC (GCLocker Initiated GC) [PSYoungGen: 199395K->19207K(211968K)] 447886K->282508K(736256K), 0.0139168 secs] [Times: user=0.13 sys=0.00, real=0.01 secs] 
2016-09-22T22:31:12.589-0400: 79.300: [GC (GCLocker Initiated GC) [PSYoungGen: 182023K->36876K(200192K)] 450791K->307061K(724480K), 0.0225126 secs] [Times: user=0.19 sys=0.00, real=0.02 secs] 
2016-09-22T22:31:12.787-0400: 79.498: [GC (GCLocker Initiated GC) [PSYoungGen: 199692K->32759K(213504K)] 472604K->307095K(737792K), 0.0273539 secs] [Times: user=0.32 sys=0.01, real=0.03 secs] 
2016-09-22T22:31:12.958-0400: 79.669: [GC (GCLocker Initiated GC) [PSYoungGen: 196087K->41836K(205312K)] 470527K->322993K(729600K), 0.0145267 secs] [Times: user=0.15 sys=0.00, real=0.01 secs] 
2016-09-22T22:31:13.133-0400: 79.844: [GC (GCLocker Initiated GC) [PSYoungGen: 205164K->24611K(211456K)] 491951K->333926K(735744K), 0.0243845 secs] [Times: user=0.24 sys=0.00, real=0.03 secs] 
2016-09-22T22:31:13.355-0400: 80.066: [GC (GCLocker Initiated GC) [PSYoungGen: 184867K->35377K(196096K)] 494215K->345912K(720384K), 0.0271141 secs] [Times: user=0.25 sys=0.01, real=0.02 secs] 
2016-09-22T22:31:13.541-0400: 80.252: [GC (Allocation Failure) [PSYoungGen: 195633K->19159K(209920K)] 510809K->349159K(734208K), 0.0133366 secs] [Times: user=0.15 sys=0.00, real=0.01 secs] 
2016-09-22T22:31:13.694-0400: 80.405: [GC (GCLocker Initiated GC) [PSYoungGen: 177017K->24311K(210432K)] 509716K->360870K(734720K), 0.0219324 secs] [Times: user=0.20 sys=0.00, real=0.03 secs] 
2016-09-22T22:31:13.894-0400: 80.605: [GC (GCLocker Initiated GC) [PSYoungGen: 184055K->33048K(209920K)] 526051K->376213K(734208K), 0.0052942 secs] [Times: user=0.04 sys=0.00, real=0.01 secs] 
2016-09-22T22:31:14.080-0400: 80.791: [GC (GCLocker Initiated GC) [PSYoungGen: 194840K->35398K(210432K)] 538038K->382814K(734720K), 0.0150932 secs] [Times: user=0.18 sys=0.00, real=0.02 secs] 
2016-09-22T22:31:14.263-0400: 80.974: [GC (GCLocker Initiated GC) [PSYoungGen: 197190K->31646K(211456K)] 544644K->383096K(735744K), 0.0069316 secs] [Times: user=0.05 sys=0.00, real=0.01 secs] 
2016-09-22T22:31:14.464-0400: 81.175: [GC (GCLocker Initiated GC) [PSYoungGen: 196510K->39975K(212480K)] 547979K->406514K(736768K), 0.0209641 secs] [Times: user=0.23 sys=0.00, real=0.02 secs] 
2016-09-22T22:31:14.664-0400: 81.375: [GC (GCLocker Initiated GC) [PSYoungGen: 204839K->22298K(212992K)] 577015K->409773K(737280K), 0.0194136 secs] [Times: user=0.18 sys=0.01, real=0.02 secs] 
2016-09-22T22:31:14.859-0400: 81.570: [GC (GCLocker Initiated GC) [PSYoungGen: 186138K->43914K(207872K)] 573788K->433276K(732160K), 0.0078462 secs] [Times: user=0.08 sys=0.00, real=0.01 secs] 
2016-09-22T22:31:15.048-0400: 81.759: [GC (GCLocker Initiated GC) [PSYoungGen: 207754K->31551K(211968K)] 597308K->422729K(736256K), 0.0159733 secs] [Times: user=0.14 sys=0.01, real=0.01 secs] 
2016-09-22T22:31:15.226-0400: 81.937: [GC (GCLocker Initiated GC) [PSYoungGen: 191295K->28635K(188416K)] 590724K->429564K(712704K), 0.0220936 secs] [Times: user=0.26 sys=0.00, real=0.03 secs] 
2016-09-22T22:31:15.434-0400: 82.145: [GC (GCLocker Initiated GC) [PSYoungGen: 188379K->22397K(209408K)] 593323K->436812K(733696K), 0.0053714 secs] [Times: user=0.04 sys=0.00, real=0.01 secs] 
2016-09-22T22:31:15.616-0400: 82.327: [GC (GCLocker Initiated GC) [PSYoungGen: 182653K->41368K(208896K)] 599850K->460272K(733184K), 0.0235876 secs] [Times: user=0.26 sys=0.00, real=0.02 secs] 
2016-09-22T22:31:15.832-0400: 82.543: [GC (GCLocker Initiated GC) [PSYoungGen: 201624K->13141K(208896K)] 627417K->462392K(733184K), 0.0207333 secs] [Times: user=0.18 sys=0.00, real=0.02 secs] 
2016-09-22T22:31:16.027-0400: 82.738: [GC (GCLocker Initiated GC) [PSYoungGen: 170837K->48003K(205824K)] 620102K->499216K(730112K), 0.0119264 secs] [Times: user=0.10 sys=0.00, real=0.01 secs] 
2016-09-22T22:31:16.218-0400: 82.929: [GC (GCLocker Initiated GC) [PSYoungGen: 205699K->30172K(207360K)] 656941K->483109K(731648K), 0.0136969 secs] [Times: user=0.13 sys=0.01, real=0.01 secs] 
2016-09-22T22:31:16.396-0400: 83.107: [GC (GCLocker Initiated GC) [PSYoungGen: 181212K->20456K(171520K)] 636978K->496681K(695808K), 0.0238591 secs] [Times: user=0.24 sys=0.00, real=0.02 secs] 
2016-09-22T22:31:16.577-0400: 83.288: [GC (GCLocker Initiated GC) [PSYoungGen: 171496K->24718K(206848K)] 650592K->518622K(731136K), 0.0218991 secs] [Times: user=0.19 sys=0.00, real=0.02 secs] 
2016-09-22T22:31:16.759-0400: 83.470: [Full GC (Ergonomics) [PSYoungGen: 177294K->0K(206848K)] [ParOldGen: 499320K->142198K(524288K)] 676614K->142198K(731136K), [Metaspace: 43714K->43714K(1087488K)], 0.0860242 secs] [Times: user=0.57 sys=0.01, real=0.08 secs] 
2016-09-22T22:31:17.025-0400: 83.736: [GC (GCLocker Initiated GC) [PSYoungGen: 152576K->25554K(205312K)] 300382K->173360K(729600K), 0.0103991 secs] [Times: user=0.13 sys=0.00, real=0.02 secs] 
2016-09-22T22:31:17.216-0400: 83.927: [GC (GCLocker Initiated GC) [PSYoungGen: 178130K->23580K(207360K)] 330058K->177617K(731648K), 0.0138897 secs] [Times: user=0.12 sys=0.00, real=0.01 secs] 
2016-09-22T22:31:17.398-0400: 84.109: [GC (GCLocker Initiated GC) [PSYoungGen: 179740K->47739K(206336K)] 333822K->206309K(730624K), 0.0056898 secs] [Times: user=0.06 sys=0.01, real=0.00 secs] 
2016-09-22T22:31:17.595-0400: 84.306: [GC (GCLocker Initiated GC) [PSYoungGen: 203899K->29213K(209408K)] 366556K->193182K(733696K), 0.0051671 secs] [Times: user=0.06 sys=0.00, real=0.00 secs] 
2016-09-22T22:31:17.778-0400: 84.489: [GC (GCLocker Initiated GC) [PSYoungGen: 183837K->29008K(183808K)] 348144K->219356K(708096K), 0.0183848 secs] [Times: user=0.20 sys=0.00, real=0.02 secs] 
2016-09-22T22:31:17.966-0400: 84.677: [GC (GCLocker Initiated GC) [PSYoungGen: 183632K->25163K(207360K)] 383638K->226769K(731648K), 0.0047792 secs] [Times: user=0.04 sys=0.00, real=0.01 secs] 
2016-09-22T22:31:18.135-0400: 84.846: [GC (GCLocker Initiated GC) [PSYoungGen: 181323K->49548K(205824K)] 382941K->266451K(730112K), 0.0066640 secs] [Times: user=0.07 sys=0.00, real=0.00 secs] 
2016-09-22T22:31:18.345-0400: 85.056: [GC (GCLocker Initiated GC) [PSYoungGen: 205708K->34555K(208384K)] 425330K->255963K(732672K), 0.0109308 secs] [Times: user=0.09 sys=0.00, real=0.02 secs] 
2016-09-22T22:31:18.530-0400: 85.241: [GC (GCLocker Initiated GC) [PSYoungGen: 187643K->46545K(199680K)] 409068K->269758K(723968K), 0.0060543 secs] [Times: user=0.06 sys=0.01, real=0.01 secs] 
2016-09-22T22:31:18.708-0400: 85.419: [GC (GCLocker Initiated GC) [PSYoungGen: 199633K->37485K(205824K)] 428449K->278721K(730112K), 0.0068586 secs] [Times: user=0.08 sys=0.01, real=0.01 secs] 
2016-09-22T22:31:18.889-0400: 85.600: [GC (GCLocker Initiated GC) [PSYoungGen: 186477K->46885K(196096K)] 427762K->300819K(720384K), 0.0059666 secs] [Times: user=0.07 sys=0.00, real=0.01 secs] 
2016-09-22T22:31:19.076-0400: 85.787: [GC (GCLocker Initiated GC) [PSYoungGen: 195877K->25008K(203776K)] 450037K->299851K(728064K), 0.0139695 secs] [Times: user=0.16 sys=0.00, real=0.01 secs] 
2016-09-22T22:31:19.253-0400: 85.964: [GC (GCLocker Initiated GC) [PSYoungGen: 169904K->42781K(203264K)] 444842K->319562K(727552K), 0.0231099 secs] [Times: user=0.35 sys=0.00, real=0.03 secs] 
2016-09-22T22:31:19.431-0400: 86.142: [GC (GCLocker Initiated GC) [PSYoungGen: 187677K->42496K(202240K)] 469920K->326572K(726528K), 0.0097216 secs] [Times: user=0.14 sys=0.00, real=0.01 secs] 
2016-09-22T22:31:19.609-0400: 86.320: [GC (GCLocker Initiated GC) [PSYoungGen: 185856K->52176K(195584K)] 470169K->337989K(719872K), 0.0225688 secs] [Times: user=0.23 sys=0.01, real=0.02 secs] 
2016-09-22T22:31:19.795-0400: 86.506: [GC (GCLocker Initiated GC) [PSYoungGen: 195536K->50801K(194048K)] 481382K->338369K(718336K), 0.0071209 secs] [Times: user=0.05 sys=0.00, real=0.00 secs] 
2016-09-22T22:31:19.955-0400: 86.666: [GC (GCLocker Initiated GC) [PSYoungGen: 181873K->23369K(196608K)] 473645K->322294K(720896K), 0.0134575 secs] [Times: user=0.17 sys=0.00, real=0.01 secs] 
2016-09-22T22:31:20.120-0400: 86.830: [GC (GCLocker Initiated GC) [PSYoungGen: 154441K->32953K(192512K)] 458929K->339034K(716800K), 0.0243705 secs] [Times: user=0.28 sys=0.00, real=0.02 secs] 
2016-09-22T22:31:20.302-0400: 87.013: [GC (GCLocker Initiated GC) [PSYoungGen: 164025K->39858K(194560K)] 470179K->347491K(718848K), 0.0096234 secs] [Times: user=0.10 sys=0.00, real=0.01 secs] 
2016-09-22T22:31:20.450-0400: 87.161: [GC (GCLocker Initiated GC) [PSYoungGen: 170930K->36800K(193024K)] 481326K->362242K(717312K), 0.0275882 secs] [Times: user=0.32 sys=0.00, real=0.03 secs] 
2016-09-22T22:31:20.638-0400: 87.349: [GC (GCLocker Initiated GC) [PSYoungGen: 173504K->27476K(196096K)] 507075K->362379K(720384K), 0.0138792 secs] [Times: user=0.14 sys=0.00, real=0.01 secs] 
2016-09-22T22:31:20.812-0400: 87.523: [GC (GCLocker Initiated GC) [PSYoungGen: 164180K->35754K(198144K)] 501864K->385920K(722432K), 0.0233295 secs] [Times: user=0.25 sys=0.00, real=0.03 secs] 
2016-09-22T22:31:21.002-0400: 87.713: [GC (GCLocker Initiated GC) [PSYoungGen: 179626K->29119K(200704K)] 535274K->386323K(724992K), 0.0104733 secs] [Times: user=0.08 sys=0.02, real=0.01 secs] 
2016-09-22T22:31:21.178-0400: 87.889: [GC (GCLocker Initiated GC) [PSYoungGen: 172991K->26193K(203264K)] 532930K->387812K(727552K), 0.0215982 secs] [Times: user=0.25 sys=0.00, real=0.02 secs] 
2016-09-22T22:31:21.354-0400: 88.065: [GC (GCLocker Initiated GC) [PSYoungGen: 175697K->30273K(204800K)] 540048K->396261K(729088K), 0.0059548 secs] [Times: user=0.04 sys=0.00, real=0.01 secs] 
2016-09-22T22:31:21.523-0400: 88.234: [GC (GCLocker Initiated GC) [PSYoungGen: 179777K->24573K(205312K)] 553971K->421986K(729600K), 0.0102220 secs] [Times: user=0.08 sys=0.01, real=0.01 secs] 
2016-09-22T22:31:21.695-0400: 88.406: [GC (GCLocker Initiated GC) [PSYoungGen: 177149K->24775K(206336K)] 577268K->426236K(730624K), 0.0542749 secs] [Times: user=0.54 sys=0.00, real=0.05 secs] 
2016-09-22T22:31:21.921-0400: 88.632: [GC (GCLocker Initiated GC) [PSYoungGen: 177351K->34338K(204800K)] 579017K->437573K(729088K), 0.0197471 secs] [Times: user=0.19 sys=0.01, real=0.02 secs] 
2016-09-22T22:31:22.114-0400: 88.825: [GC (GCLocker Initiated GC) [PSYoungGen: 189474K->24923K(206848K)] 594146K->433928K(731136K), 0.0219364 secs] [Times: user=0.20 sys=0.00, real=0.03 secs] 
2016-09-22T22:31:22.298-0400: 89.009: [GC (GCLocker Initiated GC) [PSYoungGen: 180059K->35717K(208896K)] 589105K->446425K(733184K), 0.0059871 secs] [Times: user=0.06 sys=0.00, real=0.00 secs] 
2016-09-22T22:31:22.489-0400: 89.200: [GC (GCLocker Initiated GC) [PSYoungGen: 194949K->30345K(209920K)] 605726K->442753K(734208K), 0.0384902 secs] [Times: user=0.41 sys=0.00, real=0.04 secs] 
2016-09-22T22:31:22.696-0400: 89.407: [GC (GCLocker Initiated GC) [PSYoungGen: 189577K->49127K(196608K)] 602018K->471431K(720896K), 0.0062369 secs] [Times: user=0.08 sys=0.01, real=0.00 secs] 
2016-09-22T22:31:22.875-0400: 89.586: [GC (GCLocker Initiated GC) [PSYoungGen: 196583K->33286K(204800K)] 626999K->478727K(729088K), 0.0055291 secs] [Times: user=0.06 sys=0.00, real=0.00 secs] 
2016-09-22T22:31:23.047-0400: 89.758: [GC (GCLocker Initiated GC) [PSYoungGen: 180742K->42567K(204800K)] 626187K->489744K(729088K), 0.0108235 secs] [Times: user=0.14 sys=0.00, real=0.01 secs] 
2016-09-22T22:31:23.217-0400: 89.928: [GC (GCLocker Initiated GC) [PSYoungGen: 192071K->45141K(195072K)] 639276K->493885K(719360K), 0.0066411 secs] [Times: user=0.07 sys=0.00, real=0.00 secs] 
2016-09-22T22:31:23.375-0400: 90.086: [GC (GCLocker Initiated GC) [PSYoungGen: 194645K->23349K(204288K)] 643488K->492705K(728576K), 0.0072711 secs] [Times: user=0.05 sys=0.00, real=0.00 secs] 
2016-09-22T22:31:23.543-0400: 90.254: [GC (GCLocker Initiated GC) [PSYoungGen: 169781K->30273K(177152K)] 643190K->505191K(701440K), 0.0297631 secs] [Times: user=0.36 sys=0.01, real=0.03 secs] 
2016-09-22T22:31:23.746-0400: 90.457: [GC (GCLocker Initiated GC) [PSYoungGen: 176705K->19393K(202240K)] 659794K->503965K(726528K), 0.0064796 secs] [Times: user=0.05 sys=0.00, real=0.01 secs] 
2016-09-22T22:31:23.914-0400: 90.625: [GC (GCLocker Initiated GC) [PSYoungGen: 165313K->35690K(202752K)] 652768K->524652K(727040K), 0.0102583 secs] [Times: user=0.10 sys=0.00, real=0.01 secs] 
2016-09-22T22:31:24.084-0400: 90.795: [GC (GCLocker Initiated GC) [PSYoungGen: 181610K->31828K(201728K)] 673275K->525057K(726016K), 0.0091792 secs] [Times: user=0.11 sys=0.00, real=0.01 secs] 
2016-09-22T22:31:24.265-0400: 90.976: [GC (GCLocker Initiated GC) [PSYoungGen: 181332K->39947K(203264K)] 677294K->537573K(727552K), 0.0245141 secs] [Times: user=0.32 sys=0.00, real=0.03 secs] 
2016-09-22T22:31:24.465-0400: 91.176: [GC (GCLocker Initiated GC) [PSYoungGen: 189451K->22388K(207872K)] 693008K->541176K(732160K), 0.0055612 secs] [Times: user=0.06 sys=0.00, real=0.01 secs] 
2016-09-22T22:31:24.470-0400: 91.181: [Full GC (Ergonomics) [PSYoungGen: 22388K->0K(207872K)] [ParOldGen: 518788K->95681K(524288K)] 541176K->95681K(732160K), [Metaspace: 43730K->43730K(1087488K)], 0.0796336 secs] [Times: user=0.64 sys=0.02, real=0.08 secs] 
2016-09-22T22:31:24.705-0400: 91.416: [GC (GCLocker Initiated GC) [PSYoungGen: 153600K->52059K(205824K)] 249309K->155869K(730112K), 0.0097149 secs] [Times: user=0.13 sys=0.00, real=0.02 secs] 
2016-09-22T22:31:24.882-0400: 91.593: [GC (GCLocker Initiated GC) [PSYoungGen: 205659K->35888K(203776K)] 312321K->171179K(728064K), 0.0100944 secs] [Times: user=0.12 sys=0.02, real=0.01 secs] 
2016-09-22T22:31:25.054-0400: 91.765: [GC (GCLocker Initiated GC) [PSYoungGen: 183344K->37122K(184832K)] 318644K->176764K(709120K), 0.0060056 secs] [Times: user=0.05 sys=0.01, real=0.01 secs] 
2016-09-22T22:31:25.214-0400: 91.925: [GC (GCLocker Initiated GC) [PSYoungGen: 184578K->35878K(205824K)] 326949K->179823K(730112K), 0.0145336 secs] [Times: user=0.16 sys=0.02, real=0.02 secs] 
2016-09-22T22:31:25.397-0400: 92.108: [GC (GCLocker Initiated GC) [PSYoungGen: 185894K->24979K(204288K)] 330127K->178905K(728576K), 0.0101020 secs] [Times: user=0.08 sys=0.00, real=0.01 secs] 
2016-09-22T22:31:25.572-0400: 92.283: [GC (GCLocker Initiated GC) [PSYoungGen: 174995K->28826K(206848K)] 330350K->185866K(731136K), 0.0060232 secs] [Times: user=0.06 sys=0.00, real=0.01 secs] 
2016-09-22T22:31:25.737-0400: 92.448: [GC (GCLocker Initiated GC) [PSYoungGen: 181914K->31681K(205824K)] 345777K->196986K(730112K), 0.0176315 secs] [Times: user=0.22 sys=0.00, real=0.02 secs] 
2016-09-22T22:31:25.895-0400: 92.606: [GC (GCLocker Initiated GC) [PSYoungGen: 184769K->41233K(205824K)] 355478K->213483K(730112K), 0.0044461 secs] [Times: user=0.05 sys=0.01, real=0.00 secs] 
2016-09-22T22:31:26.052-0400: 92.763: [GC (GCLocker Initiated GC) [PSYoungGen: 195857K->30231K(206848K)] 370812K->206692K(731136K), 0.0080357 secs] [Times: user=0.08 sys=0.00, real=0.01 secs] 
2016-09-22T22:31:26.227-0400: 92.938: [GC (GCLocker Initiated GC) [PSYoungGen: 184855K->13057K(206848K)] 377688K->207475K(731136K), 0.0131638 secs] [Times: user=0.17 sys=0.00, real=0.01 secs] 
2016-09-22T22:31:26.381-0400: 93.092: [GC (GCLocker Initiated GC) [PSYoungGen: 168705K->49299K(205312K)] 363147K->245566K(729600K), 0.0056644 secs] [Times: user=0.07 sys=0.00, real=0.01 secs] 
2016-09-22T22:31:26.538-0400: 93.249: [GC (GCLocker Initiated GC) [PSYoungGen: 204947K->31673K(206848K)] 408055K->236295K(731136K), 0.0064915 secs] [Times: user=0.09 sys=0.00, real=0.00 secs] 
2016-09-22T22:31:26.682-0400: 93.393: [GC (GCLocker Initiated GC) [PSYoungGen: 181689K->40791K(205312K)] 386429K->247048K(729600K), 0.0060199 secs] [Times: user=0.07 sys=0.00, real=0.01 secs] 
2016-09-22T22:31:26.829-0400: 93.540: [GC (GCLocker Initiated GC) [PSYoungGen: 190807K->27385K(205824K)] 402532K->253738K(730112K), 0.0154196 secs] [Times: user=0.18 sys=0.00, real=0.01 secs] 
2016-09-22T22:31:26.985-0400: 93.696: [GC (GCLocker Initiated GC) [PSYoungGen: 178425K->40858K(205824K)] 407507K->271227K(730112K), 0.0075052 secs] [Times: user=0.09 sys=0.00, real=0.01 secs] 
2016-09-22T22:31:27.130-0400: 93.841: [GC (GCLocker Initiated GC) [PSYoungGen: 191898K->41027K(206336K)] 425098K->275559K(730624K), 0.0048310 secs] [Times: user=0.05 sys=0.00, real=0.01 secs] 
2016-09-22T22:31:27.268-0400: 93.979: [GC (GCLocker Initiated GC) [PSYoungGen: 191555K->49062K(199680K)] 426328K->285162K(723968K), 0.0071952 secs] [Times: user=0.08 sys=0.00, real=0.01 secs] 
2016-09-22T22:31:27.410-0400: 94.121: [GC (GCLocker Initiated GC) [PSYoungGen: 199590K->32819K(204800K)] 443803K->278312K(729088K), 0.0181772 secs] [Times: user=0.22 sys=0.00, real=0.02 secs] 
2016-09-22T22:31:27.565-0400: 94.276: [GC (GCLocker Initiated GC) [PSYoungGen: 178227K->22037K(202752K)] 433191K->278274K(727040K), 0.0097045 secs] [Times: user=0.13 sys=0.00, real=0.01 secs] 
2016-09-22T22:31:27.699-0400: 94.410: [GC (GCLocker Initiated GC) [PSYoungGen: 167445K->33788K(202240K)] 431826K->299498K(726528K), 0.0047858 secs] [Times: user=0.06 sys=0.00, real=0.00 secs] 
2016-09-22T22:31:27.836-0400: 94.547: [GC (Allocation Failure) [PSYoungGen: 180732K->25572K(202752K)] 453340K->299044K(727040K), 0.0121775 secs] [Times: user=0.16 sys=0.00, real=0.01 secs] 
2016-09-22T22:31:27.972-0400: 94.683: [GC (GCLocker Initiated GC) [PSYoungGen: 172516K->22733K(205824K)] 450038K->303818K(730112K), 0.0114162 secs] [Times: user=0.08 sys=0.01, real=0.01 secs] 
2016-09-22T22:31:28.125-0400: 94.836: [GC (GCLocker Initiated GC) [PSYoungGen: 173773K->14717K(205824K)] 460488K->302345K(730112K), 0.0297554 secs] [Times: user=0.30 sys=0.00, real=0.04 secs] 
2016-09-22T22:31:28.278-0400: 94.989: [GC (GCLocker Initiated GC) [PSYoungGen: 165757K->48639K(197632K)] 453403K->337310K(721920K), 0.0099085 secs] [Times: user=0.12 sys=0.00, real=0.01 secs] 
2016-09-22T22:31:28.400-0400: 95.111: [GC (GCLocker Initiated GC) [PSYoungGen: 190975K->31063K(202240K)] 485104K->342325K(726528K), 0.0234217 secs] [Times: user=0.31 sys=0.00, real=0.02 secs] 
2016-09-22T22:31:28.549-0400: 95.259: [GC (GCLocker Initiated GC) [PSYoungGen: 173399K->20181K(199168K)] 490268K->346095K(723456K), 0.0194134 secs] [Times: user=0.25 sys=0.00, real=0.02 secs] 
2016-09-22T22:31:28.702-0400: 95.413: [GC (Allocation Failure) [PSYoungGen: 165077K->24345K(201728K)] 499161K->359382K(726016K), 0.0367956 secs] [Times: user=0.42 sys=0.00, real=0.04 secs] 
2016-09-22T22:31:28.859-0400: 95.570: [GC (GCLocker Initiated GC) [PSYoungGen: 168484K->39163K(204800K)] 504871K->376585K(729088K), 0.0092946 secs] [Times: user=0.14 sys=0.00, real=0.01 secs] 
2016-09-22T22:31:28.994-0400: 95.705: [GC (GCLocker Initiated GC) [PSYoungGen: 188667K->48583K(198144K)] 528798K->389641K(722432K), 0.0054871 secs] [Times: user=0.06 sys=0.01, real=0.01 secs] 
2016-09-22T22:31:29.143-0400: 95.854: [GC (GCLocker Initiated GC) [PSYoungGen: 198087K->46269K(197120K)] 539241K->388213K(721408K), 0.0128090 secs] [Times: user=0.17 sys=0.00, real=0.02 secs] 
2016-09-22T22:31:29.283-0400: 95.994: [GC (GCLocker Initiated GC) [PSYoungGen: 183485K->57066K(194560K)] 525671K->400510K(718848K), 0.0059878 secs] [Times: user=0.08 sys=0.00, real=0.01 secs] 
2016-09-22T22:31:29.418-0400: 96.129: [GC (GCLocker Initiated GC) [PSYoungGen: 194282K->25778K(195584K)] 537733K->370393K(719872K), 0.0075440 secs] [Times: user=0.06 sys=0.01, real=0.00 secs] 
2016-09-22T22:31:29.552-0400: 96.263: [GC (GCLocker Initiated GC) [PSYoungGen: 153778K->42037K(170496K)] 498451K->387981K(694784K), 0.0092980 secs] [Times: user=0.10 sys=0.00, real=0.01 secs] 
2016-09-22T22:31:29.676-0400: 96.387: [GC (GCLocker Initiated GC) [PSYoungGen: 170037K->25766K(195072K)] 515985K->391767K(719360K), 0.0131428 secs] [Times: user=0.11 sys=0.00, real=0.01 secs] 
2016-09-22T22:31:29.811-0400: 96.522: [GC (GCLocker Initiated GC) [PSYoungGen: 154790K->35294K(164352K)] 523513K->405155K(688640K), 0.0103404 secs] [Times: user=0.06 sys=0.00, real=0.01 secs] 
2016-09-22T22:31:29.941-0400: 96.652: [GC (GCLocker Initiated GC) [PSYoungGen: 164318K->26997K(194048K)] 536904K->400831K(718336K), 0.0107810 secs] [Times: user=0.09 sys=0.00, real=0.01 secs] 
2016-09-22T22:31:30.089-0400: 96.800: [GC (GCLocker Initiated GC) [PSYoungGen: 159093K->52819K(193024K)] 532956K->427773K(717312K), 0.0054417 secs] [Times: user=0.07 sys=0.00, real=0.01 secs] 
2016-09-22T22:31:30.234-0400: 96.945: [GC (GCLocker Initiated GC) [PSYoungGen: 184915K->32842K(198656K)] 565271K->425021K(722944K), 0.0051240 secs] [Times: user=0.06 sys=0.01, real=0.01 secs] 
2016-09-22T22:31:30.371-0400: 97.082: [GC (GCLocker Initiated GC) [PSYoungGen: 167498K->29880K(164864K)] 566589K->430251K(689152K), 0.0104195 secs] [Times: user=0.14 sys=0.00, real=0.01 secs] 
2016-09-22T22:31:30.503-0400: 97.214: [GC (GCLocker Initiated GC) [PSYoungGen: 164536K->26989K(197632K)] 564966K->428477K(721920K), 0.0070067 secs] [Times: user=0.05 sys=0.00, real=0.01 secs] 
2016-09-22T22:31:30.644-0400: 97.355: [GC (GCLocker Initiated GC) [PSYoungGen: 163693K->40755K(196608K)] 565251K->456913K(720896K), 0.0062567 secs] [Times: user=0.05 sys=0.01, real=0.01 secs] 
2016-09-22T22:31:30.772-0400: 97.483: [GC (GCLocker Initiated GC) [PSYoungGen: 177459K->46275K(199168K)] 593624K->463605K(723456K), 0.0061354 secs] [Times: user=0.05 sys=0.00, real=0.01 secs] 
2016-09-22T22:31:30.917-0400: 97.628: [GC (GCLocker Initiated GC) [PSYoungGen: 185539K->27337K(200704K)] 608346K->451445K(724992K), 0.0049305 secs] [Times: user=0.04 sys=0.01, real=0.00 secs] 
2016-09-22T22:31:31.056-0400: 97.767: [GC (GCLocker Initiated GC) [PSYoungGen: 166601K->19144K(200192K)] 593550K->447508K(724480K), 0.0061736 secs] [Times: user=0.07 sys=0.00, real=0.00 secs] 
2016-09-22T22:31:31.200-0400: 97.911: [GC (GCLocker Initiated GC) [PSYoungGen: 159432K->18885K(200704K)] 595921K->456721K(724992K), 0.0051332 secs] [Times: user=0.04 sys=0.00, real=0.00 secs] 
2016-09-22T22:31:31.350-0400: 98.061: [GC (GCLocker Initiated GC) [PSYoungGen: 159173K->31540K(196608K)] 602417K->475824K(720896K), 0.0055733 secs] [Times: user=0.06 sys=0.02, real=0.01 secs] 
2016-09-22T22:31:31.498-0400: 98.209: [GC (GCLocker Initiated GC) [PSYoungGen: 172852K->38213K(199168K)] 623911K->490719K(723456K), 0.0053286 secs] [Times: user=0.06 sys=0.01, real=0.00 secs] 
2016-09-22T22:31:31.638-0400: 98.349: [GC (GCLocker Initiated GC) [PSYoungGen: 179525K->29940K(199680K)] 637561K->491951K(723968K), 0.0052617 secs] [Times: user=0.05 sys=0.00, real=0.00 secs] 
2016-09-22T22:31:31.779-0400: 98.490: [GC (GCLocker Initiated GC) [PSYoungGen: 176884K->53005K(200192K)] 638937K->516376K(724480K), 0.0174853 secs] [Times: user=0.19 sys=0.00, real=0.02 secs] 
2016-09-22T22:31:31.928-0400: 98.639: [GC (GCLocker Initiated GC) [PSYoungGen: 199949K->35341K(203776K)] 663355K->513496K(728064K), 0.0245085 secs] [Times: user=0.27 sys=0.01, real=0.02 secs] 
2016-09-22T22:31:32.094-0400: 98.805: [GC (GCLocker Initiated GC) [PSYoungGen: 178189K->25850K(168960K)] 666025K->514901K(693248K), 0.0126639 secs] [Times: user=0.12 sys=0.00, real=0.01 secs] 
2016-09-22T22:31:32.248-0400: 98.958: [GC (GCLocker Initiated GC) [PSYoungGen: 168698K->27026K(202240K)] 666139K->536569K(726528K), 0.0084405 secs] [Times: user=0.09 sys=0.01, real=0.01 secs] 
2016-09-22T22:31:32.256-0400: 98.967: [Full GC (Ergonomics) [PSYoungGen: 27026K->0K(202240K)] [ParOldGen: 509543K->129932K(524288K)] 536569K->129932K(726528K), [Metaspace: 43745K->43745K(1087488K)], 0.0884677 secs] [Times: user=0.67 sys=0.01, real=0.08 secs] 
2016-09-22T22:31:32.488-0400: 99.199: [GC (GCLocker Initiated GC) [PSYoungGen: 144384K->44998K(200704K)] 274412K->175026K(724992K), 0.0065714 secs] [Times: user=0.05 sys=0.01, real=0.01 secs] 
2016-09-22T22:31:32.628-0400: 99.339: [GC (GCLocker Initiated GC) [PSYoungGen: 189382K->31227K(204288K)] 322164K->176231K(728576K), 0.0216725 secs] [Times: user=0.26 sys=0.00, real=0.02 secs] 
2016-09-22T22:31:32.811-0400: 99.522: [GC (GCLocker Initiated GC) [PSYoungGen: 178171K->38172K(203776K)] 323260K->184428K(728064K), 0.0176608 secs] [Times: user=0.19 sys=0.00, real=0.02 secs] 
2016-09-22T22:31:32.965-0400: 99.675: [GC (GCLocker Initiated GC) [PSYoungGen: 185116K->48897K(199168K)] 331531K->196650K(723456K), 0.0256770 secs] [Times: user=0.29 sys=0.01, real=0.03 secs] 
2016-09-22T22:31:33.117-0400: 99.828: [GC (GCLocker Initiated GC) [PSYoungGen: 192257K->38056K(202752K)] 340124K->197977K(727040K), 0.0226228 secs] [Times: user=0.26 sys=0.00, real=0.02 secs] 
2016-09-22T22:31:33.265-0400: 99.976: [GC (GCLocker Initiated GC) [PSYoungGen: 181416K->39043K(199168K)] 344055K->202880K(723456K), 0.0312348 secs] [Times: user=0.34 sys=0.01, real=0.04 secs] 
2016-09-22T22:31:33.419-0400: 100.130: [GC (GCLocker Initiated GC) [PSYoungGen: 183939K->24146K(201728K)] 354538K->211916K(726016K), 0.0061138 secs] [Times: user=0.05 sys=0.00, real=0.00 secs] 
2016-09-22T22:31:33.561-0400: 100.272: [GC (GCLocker Initiated GC) [PSYoungGen: 169042K->21498K(205312K)] 362217K->215545K(729600K), 0.0169517 secs] [Times: user=0.17 sys=0.00, real=0.02 secs] 
2016-09-22T22:31:33.712-0400: 100.423: [GC (GCLocker Initiated GC) [PSYoungGen: 169978K->40731K(189440K)] 372191K->243972K(713728K), 0.0145384 secs] [Times: user=0.16 sys=0.00, real=0.01 secs] 
2016-09-22T22:31:33.860-0400: 100.571: [GC (GCLocker Initiated GC) [PSYoungGen: 189211K->31159K(206848K)] 393873K->239616K(731136K), 0.0373816 secs] [Times: user=0.40 sys=0.01, real=0.04 secs] 
2016-09-22T22:31:34.025-0400: 100.736: [GC (GCLocker Initiated GC) [PSYoungGen: 180663K->33755K(183296K)] 395974K->250197K(707584K), 0.0141817 secs] [Times: user=0.13 sys=0.00, real=0.02 secs] 
2016-09-22T22:31:34.166-0400: 100.877: [GC (GCLocker Initiated GC) [PSYoungGen: 183259K->35043K(204288K)] 399819K->255247K(728576K), 0.0164055 secs] [Times: user=0.14 sys=0.01, real=0.02 secs] 
2016-09-22T22:31:34.335-0400: 101.046: [GC (GCLocker Initiated GC) [PSYoungGen: 186083K->32521K(202752K)] 406304K->256470K(727040K), 0.0197513 secs] [Times: user=0.18 sys=0.01, real=0.01 secs] 
2016-09-22T22:31:34.475-0400: 101.186: [GC (GCLocker Initiated GC) [PSYoungGen: 183561K->17347K(206848K)] 419890K->271036K(731136K), 0.0363399 secs] [Times: user=0.35 sys=0.02, real=0.03 secs] 
2016-09-22T22:31:34.648-0400: 101.359: [GC (GCLocker Initiated GC) [PSYoungGen: 173507K->37721K(207872K)] 427392K->292489K(732160K), 0.0058460 secs] [Times: user=0.04 sys=0.01, real=0.00 secs] 
2016-09-22T22:31:34.776-0400: 101.487: [GC (GCLocker Initiated GC) [PSYoungGen: 193881K->21600K(210432K)] 455403K->294813K(734720K), 0.0078343 secs] [Times: user=0.10 sys=0.00, real=0.00 secs] 
2016-09-22T22:31:34.926-0400: 101.637: [GC (GCLocker Initiated GC) [PSYoungGen: 180320K->31153K(189952K)] 459000K->310811K(714240K), 0.0061117 secs] [Times: user=0.06 sys=0.00, real=0.01 secs] 
2016-09-22T22:31:35.066-0400: 101.777: [GC (GCLocker Initiated GC) [PSYoungGen: 189873K->40631K(207872K)] 474960K->326847K(732160K), 0.0092671 secs] [Times: user=0.11 sys=0.00, real=0.02 secs] 
2016-09-22T22:31:35.214-0400: 101.925: [GC (GCLocker Initiated GC) [PSYoungGen: 198327K->23216K(208896K)] 489463K->334337K(733184K), 0.0054892 secs] [Times: user=0.06 sys=0.01, real=0.01 secs] 
2016-09-22T22:31:35.354-0400: 102.065: [GC (GCLocker Initiated GC) [PSYoungGen: 180912K->23184K(209920K)] 501495K->344943K(734208K), 0.0107723 secs] [Times: user=0.11 sys=0.00, real=0.01 secs] 
2016-09-22T22:31:35.514-0400: 102.224: [GC (GCLocker Initiated GC) [PSYoungGen: 182928K->42028K(202240K)] 512816K->372978K(726528K), 0.0064389 secs] [Times: user=0.07 sys=0.00, real=0.01 secs] 
2016-09-22T22:31:35.680-0400: 102.391: [GC (Allocation Failure) [PSYoungGen: 201772K->24642K(209920K)] 539497K->385065K(734208K), 0.0229204 secs] [Times: user=0.27 sys=0.01, real=0.02 secs] 
2016-09-22T22:31:35.850-0400: 102.561: [GC (GCLocker Initiated GC) [PSYoungGen: 181324K->34086K(191488K)] 544447K->398541K(715776K), 0.0061957 secs] [Times: user=0.04 sys=0.01, real=0.01 secs] 
2016-09-22T22:31:36.013-0400: 102.724: [GC (GCLocker Initiated GC) [PSYoungGen: 191270K->23499K(208896K)] 567887K->401450K(733184K), 0.0215231 secs] [Times: user=0.20 sys=0.00, real=0.03 secs] 
2016-09-22T22:31:36.184-0400: 102.895: [GC (GCLocker Initiated GC) [PSYoungGen: 181195K->38310K(208384K)] 564766K->423436K(732672K), 0.0110415 secs] [Times: user=0.09 sys=0.00, real=0.02 secs] 
2016-09-22T22:31:36.357-0400: 103.068: [GC (GCLocker Initiated GC) [PSYoungGen: 196006K->30188K(208896K)] 589253K->424814K(733184K), 0.0095384 secs] [Times: user=0.10 sys=0.00, real=0.01 secs] 
2016-09-22T22:31:36.509-0400: 103.220: [GC (GCLocker Initiated GC) [PSYoungGen: 190444K->34061K(209920K)] 587810K->451789K(734208K), 0.0097590 secs] [Times: user=0.10 sys=0.01, real=0.01 secs] 
2016-09-22T22:31:36.681-0400: 103.392: [GC (GCLocker Initiated GC) [PSYoungGen: 194317K->16445K(211456K)] 615057K->457298K(735744K), 0.0175535 secs] [Times: user=0.18 sys=0.01, real=0.02 secs] 
2016-09-22T22:31:36.842-0400: 103.553: [GC (GCLocker Initiated GC) [PSYoungGen: 179261K->41158K(204288K)] 625655K->488715K(728576K), 0.0173615 secs] [Times: user=0.19 sys=0.01, real=0.02 secs] 
2016-09-22T22:31:37.031-0400: 103.742: [GC (GCLocker Initiated GC) [PSYoungGen: 203974K->39866K(207360K)] 651553K->489037K(731648K), 0.0115932 secs] [Times: user=0.12 sys=0.01, real=0.01 secs] 
2016-09-22T22:31:37.197-0400: 103.908: [GC (GCLocker Initiated GC) [PSYoungGen: 195514K->30509K(186368K)] 645163K->495325K(710656K), 0.0124183 secs] [Times: user=0.16 sys=0.00, real=0.01 secs] 
2016-09-22T22:31:37.352-0400: 104.063: [GC (GCLocker Initiated GC) [PSYoungGen: 186157K->38387K(207872K)] 651079K->504940K(732160K), 0.0239075 secs] [Times: user=0.30 sys=0.00, real=0.03 secs] 
2016-09-22T22:31:37.529-0400: 104.240: [GC (GCLocker Initiated GC) [PSYoungGen: 195059K->26305K(208384K)] 669175K->501974K(732672K), 0.0102716 secs] [Times: user=0.12 sys=0.00, real=0.01 secs] 
2016-09-22T22:31:37.684-0400: 104.395: [GC (GCLocker Initiated GC) [PSYoungGen: 182977K->23156K(209920K)] 661583K->503343K(734208K), 0.0055144 secs] [Times: user=0.05 sys=0.00, real=0.01 secs] 
2016-09-22T22:31:37.851-0400: 104.562: [GC (GCLocker Initiated GC) [PSYoungGen: 182388K->26266K(209920K)] 670774K->515936K(734208K), 0.0092166 secs] [Times: user=0.11 sys=0.00, real=0.01 secs] 
2016-09-22T22:31:38.008-0400: 104.719: [GC (GCLocker Initiated GC) [PSYoungGen: 185498K->27644K(210432K)] 678839K->522439K(734720K), 0.0069663 secs] [Times: user=0.05 sys=0.01, real=0.01 secs] 
2016-09-22T22:31:38.173-0400: 104.884: [GC (GCLocker Initiated GC) [PSYoungGen: 189436K->35706K(209920K)] 684233K->532201K(734208K), 0.0275026 secs] [Times: user=0.31 sys=0.00, real=0.03 secs] 
2016-09-22T22:31:38.354-0400: 105.065: [GC (GCLocker Initiated GC) [PSYoungGen: 197498K->46832K(204800K)] 694014K->547684K(729088K), 0.0059671 secs] [Times: user=0.07 sys=0.01, real=0.01 secs] 
2016-09-22T22:31:38.509-0400: 105.220: [Full GC (Ergonomics) [PSYoungGen: 203504K->0K(204800K)] [ParOldGen: 506313K->179831K(524288K)] 709817K->179831K(729088K), [Metaspace: 43759K->43759K(1087488K)], 0.0636404 secs] [Times: user=0.42 sys=0.02, real=0.06 secs] 
2016-09-22T22:31:38.723-0400: 105.434: [GC (GCLocker Initiated GC) [PSYoungGen: 156672K->41505K(198656K)] 336506K->221340K(722944K), 0.0052026 secs] [Times: user=0.06 sys=0.00, real=0.01 secs] 
2016-09-22T22:31:38.894-0400: 105.605: [GC (GCLocker Initiated GC) [PSYoungGen: 198177K->46522K(202240K)] 378040K->228220K(726528K), 0.0070764 secs] [Times: user=0.06 sys=0.00, real=0.01 secs] 
2016-09-22T22:31:39.051-0400: 105.761: [GC (GCLocker Initiated GC) [PSYoungGen: 195002K->26298K(205312K)] 382126K->234007K(729600K), 0.0133895 secs] [Times: user=0.15 sys=0.00, real=0.01 secs] 
2016-09-22T22:31:39.201-0400: 105.912: [GC (GCLocker Initiated GC) [PSYoungGen: 174778K->37289K(203264K)] 383802K->248040K(727552K), 0.0046743 secs] [Times: user=0.04 sys=0.00, real=0.00 secs] 
2016-09-22T22:31:39.349-0400: 106.060: [GC (GCLocker Initiated GC) [PSYoungGen: 186793K->42517K(204800K)] 400337K->257674K(729088K), 0.0113191 secs] [Times: user=0.14 sys=0.00, real=0.01 secs] 
2016-09-22T22:31:39.512-0400: 106.223: [GC (GCLocker Initiated GC) [PSYoungGen: 192021K->37133K(204800K)] 408625K->255330K(729088K), 0.0108226 secs] [Times: user=0.13 sys=0.00, real=0.01 secs] 
2016-09-22T22:31:39.670-0400: 106.381: [GC (GCLocker Initiated GC) [PSYoungGen: 187661K->41109K(205312K)] 408733K->263758K(729600K), 0.0095307 secs] [Times: user=0.13 sys=0.00, real=0.01 secs] 
2016-09-22T22:31:39.823-0400: 106.534: [GC (GCLocker Initiated GC) [PSYoungGen: 191637K->49380K(200704K)] 419719K->278909K(724992K), 0.0053670 secs] [Times: user=0.05 sys=0.01, real=0.01 secs] 
2016-09-22T22:31:39.975-0400: 106.686: [GC (GCLocker Initiated GC) [PSYoungGen: 194788K->52219K(197632K)] 424358K->283423K(721920K), 0.0125483 secs] [Times: user=0.15 sys=0.01, real=0.01 secs] 
2016-09-22T22:31:40.128-0400: 106.839: [GC (GCLocker Initiated GC) [PSYoungGen: 197627K->42611K(201216K)] 428901K->291834K(725504K), 0.0114722 secs] [Times: user=0.12 sys=0.01, real=0.01 secs] 
2016-09-22T22:31:40.276-0400: 106.987: [GC (GCLocker Initiated GC) [PSYoungGen: 182387K->31718K(171520K)] 437025K->304307K(695808K), 0.0056384 secs] [Times: user=0.05 sys=0.00, real=0.00 secs] 
2016-09-22T22:31:40.425-0400: 107.136: [GC (GCLocker Initiated GC) [PSYoungGen: 171494K->29020K(200192K)] 446805K->306005K(724480K), 0.0093310 secs] [Times: user=0.09 sys=0.00, real=0.01 secs] 
2016-09-22T22:31:40.582-0400: 107.293: [GC (GCLocker Initiated GC) [PSYoungGen: 169308K->34465K(199680K)] 451762K->318684K(723968K), 0.0236888 secs] [Times: user=0.25 sys=0.00, real=0.02 secs] 
2016-09-22T22:31:40.756-0400: 107.467: [GC (GCLocker Initiated GC) [PSYoungGen: 174753K->26229K(201216K)] 464435K->320035K(725504K), 0.0145553 secs] [Times: user=0.13 sys=0.01, real=0.01 secs] 
2016-09-22T22:31:40.911-0400: 107.622: [GC (GCLocker Initiated GC) [PSYoungGen: 169589K->33107K(200704K)] 464992K->330143K(724992K), 0.0106081 secs] [Times: user=0.10 sys=0.00, real=0.01 secs] 
2016-09-22T22:31:41.070-0400: 107.781: [GC (GCLocker Initiated GC) [PSYoungGen: 176467K->22197K(202240K)] 482960K->330347K(726528K), 0.0056626 secs] [Times: user=0.03 sys=0.00, real=0.01 secs] 
2016-09-22T22:31:41.218-0400: 107.929: [GC (GCLocker Initiated GC) [PSYoungGen: 168629K->35744K(202752K)] 482394K->351208K(727040K), 0.0128797 secs] [Times: user=0.13 sys=0.00, real=0.01 secs] 
2016-09-22T22:31:41.375-0400: 108.086: [GC (GCLocker Initiated GC) [PSYoungGen: 182176K->24722K(205312K)] 508596K->352760K(729600K), 0.0254647 secs] [Times: user=0.27 sys=0.00, real=0.02 secs] 
2016-09-22T22:31:41.539-0400: 108.250: [GC (GCLocker Initiated GC) [PSYoungGen: 175250K->32679K(204800K)] 506009K->364907K(729088K), 0.0100344 secs] [Times: user=0.10 sys=0.00, real=0.01 secs] 
2016-09-22T22:31:41.695-0400: 108.406: [GC (GCLocker Initiated GC) [PSYoungGen: 183207K->21822K(205312K)] 519506K->367478K(729600K), 0.0138965 secs] [Times: user=0.18 sys=0.00, real=0.01 secs] 
2016-09-22T22:31:41.866-0400: 108.577: [GC (GCLocker Initiated GC) [PSYoungGen: 174910K->46507K(205312K)] 520598K->404251K(729600K), 0.0108504 secs] [Times: user=0.14 sys=0.00, real=0.02 secs] 
2016-09-22T22:31:42.021-0400: 108.732: [GC (GCLocker Initiated GC) [PSYoungGen: 199595K->34321K(207872K)] 560108K->412529K(732160K), 0.0108487 secs] [Times: user=0.14 sys=0.00, real=0.01 secs] 
2016-09-22T22:31:42.175-0400: 108.886: [GC (GCLocker Initiated GC) [PSYoungGen: 186897K->43584K(206336K)] 571962K->432849K(730624K), 0.0067537 secs] [Times: user=0.06 sys=0.01, real=0.00 secs] 
2016-09-22T22:31:42.319-0400: 109.030: [GC (GCLocker Initiated GC) [PSYoungGen: 196160K->38375K(207360K)] 585458K->448002K(731648K), 0.0060436 secs] [Times: user=0.06 sys=0.01, real=0.00 secs] 
2016-09-22T22:31:42.453-0400: 109.164: [GC (GCLocker Initiated GC) [PSYoungGen: 190439K->31185K(183296K)] 602921K->445123K(707584K), 0.0059070 secs] [Times: user=0.05 sys=0.01, real=0.01 secs] 
2016-09-22T22:31:42.587-0400: 109.298: [GC (GCLocker Initiated GC) [PSYoungGen: 183249K->24109K(205312K)] 604156K->457037K(729600K), 0.0060899 secs] [Times: user=0.04 sys=0.00, real=0.00 secs] 
2016-09-22T22:31:42.724-0400: 109.435: [GC (GCLocker Initiated GC) [PSYoungGen: 176173K->21249K(205312K)] 611834K->457761K(729600K), 0.0059696 secs] [Times: user=0.03 sys=0.01, real=0.01 secs] 
2016-09-22T22:31:42.852-0400: 109.563: [GC (GCLocker Initiated GC) [PSYoungGen: 173313K->28379K(206336K)] 617968K->473789K(730624K), 0.0061321 secs] [Times: user=0.04 sys=0.01, real=0.01 secs] 
2016-09-22T22:31:42.995-0400: 109.706: [GC (GCLocker Initiated GC) [PSYoungGen: 183515K->35049K(207360K)] 628957K->481582K(731648K), 0.0103120 secs] [Times: user=0.09 sys=0.00, real=0.00 secs] 
2016-09-22T22:31:43.127-0400: 109.838: [GC (GCLocker Initiated GC) [PSYoungGen: 190185K->36682K(209920K)] 636836K->511443K(734208K), 0.0066034 secs] [Times: user=0.09 sys=0.00, real=0.00 secs] 
2016-09-22T22:31:43.286-0400: 109.997: [GC (Allocation Failure) [PSYoungGen: 195402K->15114K(209920K)] 676972K->511210K(734208K), 0.0187906 secs] [Times: user=0.28 sys=0.00, real=0.02 secs] 
2016-09-22T22:31:43.305-0400: 110.016: [Full GC (Ergonomics) [PSYoungGen: 15114K->0K(209920K)] [ParOldGen: 496095K->88137K(524288K)] 511210K->88137K(734208K), [Metaspace: 43780K->43780K(1087488K)], 0.0640768 secs] [Times: user=0.49 sys=0.00, real=0.07 secs] 
2016-09-22T22:31:43.505-0400: 110.216: [GC (GCLocker Initiated GC) [PSYoungGen: 158720K->43599K(204800K)] 246858K->131737K(729088K), 0.0047437 secs] [Times: user=0.05 sys=0.00, real=0.01 secs] 
2016-09-22T22:31:43.644-0400: 110.355: [GC (GCLocker Initiated GC) [PSYoungGen: 196175K->40589K(193536K)] 284442K->130144K(717824K), 0.0155729 secs] [Times: user=0.23 sys=0.01, real=0.02 secs] 
2016-09-22T22:31:43.786-0400: 110.497: [GC (GCLocker Initiated GC) [PSYoungGen: 193165K->32313K(208384K)] 285507K->125608K(732672K), 0.0063690 secs] [Times: user=0.07 sys=0.00, real=0.01 secs] 
2016-09-22T22:31:43.934-0400: 110.644: [GC (Allocation Failure) [PSYoungGen: 184889K->25893K(178688K)] 285184K->127137K(702976K), 0.0315884 secs] [Times: user=0.48 sys=0.01, real=0.03 secs] 
2016-09-22T22:31:44.105-0400: 110.816: [GC (GCLocker Initiated GC) [PSYoungGen: 178469K->29713K(206848K)] 279718K->137420K(731136K), 0.0053648 secs] [Times: user=0.05 sys=0.00, real=0.01 secs] 
2016-09-22T22:31:44.278-0400: 110.988: [GC (GCLocker Initiated GC) [PSYoungGen: 183825K->32000K(205312K)] 294238K->143556K(729600K), 0.0045815 secs] [Times: user=0.05 sys=0.00, real=0.00 secs] 
2016-09-22T22:31:44.474-0400: 111.185: [GC (GCLocker Initiated GC) [PSYoungGen: 186112K->23298K(207360K)] 297677K->136489K(731648K), 0.0048127 secs] [Times: user=0.04 sys=0.01, real=0.01 secs] 
2016-09-22T22:31:44.637-0400: 111.348: [GC (GCLocker Initiated GC) [PSYoungGen: 181506K->27551K(207360K)] 301805K->149348K(731648K), 0.0063465 secs] [Times: user=0.06 sys=0.00, real=0.00 secs] 
2016-09-22T22:31:44.822-0400: 111.533: [GC (GCLocker Initiated GC) [PSYoungGen: 185759K->38221K(210944K)] 313126K->167170K(735232K), 0.0070114 secs] [Times: user=0.05 sys=0.00, real=0.01 secs] 
2016-09-22T22:31:45.007-0400: 111.718: [GC (GCLocker Initiated GC) [PSYoungGen: 201037K->37085K(211968K)] 332254K->169778K(736256K), 0.0082809 secs] [Times: user=0.10 sys=0.00, real=0.01 secs] 
2016-09-22T22:31:45.169-0400: 111.880: [GC (GCLocker Initiated GC) [PSYoungGen: 199901K->34363K(211968K)] 335340K->174071K(736256K), 0.0138851 secs] [Times: user=0.14 sys=0.01, real=0.01 secs] 
2016-09-22T22:31:45.340-0400: 112.051: [GC (GCLocker Initiated GC) [PSYoungGen: 198203K->38696K(212480K)] 340641K->182649K(736768K), 0.0080767 secs] [Times: user=0.07 sys=0.01, real=0.01 secs] 
2016-09-22T22:31:45.519-0400: 112.230: [GC (GCLocker Initiated GC) [PSYoungGen: 202536K->37342K(212992K)] 346681K->183213K(737280K), 0.0050565 secs] [Times: user=0.05 sys=0.00, real=0.00 secs] 
2016-09-22T22:31:45.695-0400: 112.406: [GC (GCLocker Initiated GC) [PSYoungGen: 201182K->40067K(204288K)] 347079K->187773K(728576K), 0.0057708 secs] [Times: user=0.06 sys=0.00, real=0.00 secs] 
2016-09-22T22:31:45.865-0400: 112.576: [GC (GCLocker Initiated GC) [PSYoungGen: 203907K->34390K(213504K)] 351750K->202904K(737792K), 0.0060466 secs] [Times: user=0.04 sys=0.00, real=0.01 secs] 
2016-09-22T22:31:46.041-0400: 112.751: [GC (GCLocker Initiated GC) [PSYoungGen: 197718K->29039K(192512K)] 366256K->199207K(716800K), 0.0112666 secs] [Times: user=0.11 sys=0.00, real=0.01 secs] 
2016-09-22T22:31:46.218-0400: 112.929: [GC (GCLocker Initiated GC) [PSYoungGen: 192367K->27951K(211968K)] 370728K->208039K(736256K), 0.0144375 secs] [Times: user=0.14 sys=0.00, real=0.01 secs] 
2016-09-22T22:31:46.396-0400: 113.107: [GC (GCLocker Initiated GC) [PSYoungGen: 191791K->44035K(211456K)] 374612K->228758K(735744K), 0.0163991 secs] [Times: user=0.20 sys=0.01, real=0.01 secs] 
2016-09-22T22:31:46.589-0400: 113.300: [GC (GCLocker Initiated GC) [PSYoungGen: 207875K->26550K(211968K)] 400776K->234632K(736256K), 0.0109142 secs] [Times: user=0.10 sys=0.00, real=0.01 secs] 
2016-09-22T22:31:46.778-0400: 113.489: [GC (GCLocker Initiated GC) [PSYoungGen: 188342K->28988K(190976K)] 406089K->248781K(715264K), 0.0080489 secs] [Times: user=0.07 sys=0.00, real=0.00 secs] 
2016-09-22T22:31:46.960-0400: 113.671: [GC (GCLocker Initiated GC) [PSYoungGen: 190780K->46776K(205824K)] 410765K->273822K(730112K), 0.0092152 secs] [Times: user=0.12 sys=0.01, real=0.01 secs] 
2016-09-22T22:31:47.145-0400: 113.856: [GC (GCLocker Initiated GC) [PSYoungGen: 203448K->12800K(169984K)] 447119K->268969K(694272K), 0.0099002 secs] [Times: user=0.07 sys=0.00, real=0.02 secs] 
2016-09-22T22:31:47.311-0400: 114.022: [GC (GCLocker Initiated GC) [PSYoungGen: 169472K->29131K(209408K)] 433873K->295260K(733696K), 0.0201139 secs] [Times: user=0.23 sys=0.01, real=0.02 secs] 
2016-09-22T22:31:47.518-0400: 114.229: [GC (GCLocker Initiated GC) [PSYoungGen: 184267K->29190K(184832K)] 459703K->306477K(709120K), 0.0082763 secs] [Times: user=0.05 sys=0.03, real=0.00 secs] 
2016-09-22T22:31:47.680-0400: 114.391: [GC (GCLocker Initiated GC) [PSYoungGen: 184326K->27684K(207872K)] 467020K->325645K(732160K), 0.0122184 secs] [Times: user=0.13 sys=0.00, real=0.01 secs] 
2016-09-22T22:31:47.860-0400: 114.571: [GC (GCLocker Initiated GC) [PSYoungGen: 184356K->43865K(206336K)] 482491K->343594K(730624K), 0.0080701 secs] [Times: user=0.06 sys=0.03, real=0.01 secs] 
2016-09-22T22:31:48.020-0400: 114.731: [GC (GCLocker Initiated GC) [PSYoungGen: 200537K->51976K(199168K)] 502999K->355917K(723456K), 0.0107702 secs] [Times: user=0.14 sys=0.02, real=0.01 secs] 
2016-09-22T22:31:48.173-0400: 114.884: [GC (GCLocker Initiated GC) [PSYoungGen: 198408K->51987K(198656K)] 502478K->368356K(722944K), 0.0065675 secs] [Times: user=0.08 sys=0.00, real=0.01 secs] 
2016-09-22T22:31:48.321-0400: 115.032: [GC (GCLocker Initiated GC) [PSYoungGen: 198419K->34536K(202240K)] 516329K->370171K(726528K), 0.0101888 secs] [Times: user=0.12 sys=0.00, real=0.01 secs] 
2016-09-22T22:31:48.474-0400: 115.185: [GC (GCLocker Initiated GC) [PSYoungGen: 174824K->20578K(200192K)] 515955K->363302K(724480K), 0.0089033 secs] [Times: user=0.09 sys=0.00, real=0.01 secs] 
2016-09-22T22:31:48.626-0400: 115.337: [GC (GCLocker Initiated GC) [PSYoungGen: 160866K->41108K(200192K)] 506293K->396065K(724480K), 0.0059214 secs] [Times: user=0.05 sys=0.00, real=0.01 secs] 
2016-09-22T22:31:48.771-0400: 115.482: [GC (GCLocker Initiated GC) [PSYoungGen: 181396K->40957K(200192K)] 539168K->400222K(724480K), 0.0091289 secs] [Times: user=0.08 sys=0.00, real=0.01 secs] 
2016-09-22T22:31:48.943-0400: 115.654: [GC (GCLocker Initiated GC) [PSYoungGen: 181245K->19466K(202240K)] 545919K->404551K(726528K), 0.0066939 secs] [Times: user=0.05 sys=0.01, real=0.01 secs] 
2016-09-22T22:31:49.097-0400: 115.808: [GC (GCLocker Initiated GC) [PSYoungGen: 161802K->38496K(181248K)] 551165K->429175K(705536K), 0.0055407 secs] [Times: user=0.05 sys=0.00, real=0.00 secs] 
2016-09-22T22:31:49.250-0400: 115.961: [GC (GCLocker Initiated GC) [PSYoungGen: 180832K->39749K(202240K)] 574441K->434981K(726528K), 0.0138957 secs] [Times: user=0.11 sys=0.02, real=0.01 secs] 
2016-09-22T22:31:49.410-0400: 116.121: [GC (GCLocker Initiated GC) [PSYoungGen: 182597K->33000K(176128K)] 583309K->435237K(700416K), 0.0076234 secs] [Times: user=0.06 sys=0.00, real=0.01 secs] 
2016-09-22T22:31:49.567-0400: 116.278: [GC (GCLocker Initiated GC) [PSYoungGen: 175848K->43867K(199680K)] 582168K->451777K(723968K), 0.0088655 secs] [Times: user=0.08 sys=0.00, real=0.01 secs] 
2016-09-22T22:31:49.735-0400: 116.445: [GC (GCLocker Initiated GC) [PSYoungGen: 186715K->12747K(200704K)] 594635K->438517K(724992K), 0.0116931 secs] [Times: user=0.09 sys=0.00, real=0.01 secs] 
2016-09-22T22:31:49.925-0400: 116.636: [GC (GCLocker Initiated GC) [PSYoungGen: 155595K->24697K(203264K)] 586833K->457571K(727552K), 0.0076474 secs] [Times: user=0.05 sys=0.00, real=0.01 secs] 
2016-09-22T22:31:50.100-0400: 116.811: [GC (GCLocker Initiated GC) [PSYoungGen: 169081K->24653K(169472K)] 601989K->459035K(693760K), 0.0057854 secs] [Times: user=0.02 sys=0.00, real=0.00 secs] 
2016-09-22T22:31:50.246-0400: 116.957: [GC (GCLocker Initiated GC) [PSYoungGen: 169037K->42541K(200704K)] 603423K->486563K(724992K), 0.0067323 secs] [Times: user=0.05 sys=0.00, real=0.01 secs] 
2016-09-22T22:31:50.414-0400: 117.125: [GC (GCLocker Initiated GC) [PSYoungGen: 185901K->25287K(202240K)] 640856K->481946K(726528K), 0.0049788 secs] [Times: user=0.05 sys=0.00, real=0.01 secs] 
2016-09-22T22:31:50.561-0400: 117.272: [GC (GCLocker Initiated GC) [PSYoungGen: 168647K->40005K(202752K)] 628014K->501238K(727040K), 0.0062084 secs] [Times: user=0.06 sys=0.00, real=0.01 secs] 
2016-09-22T22:31:50.719-0400: 117.429: [GC (GCLocker Initiated GC) [PSYoungGen: 185413K->41303K(203264K)] 646786K->504353K(727552K), 0.0063879 secs] [Times: user=0.06 sys=0.00, real=0.00 secs] 
2016-09-22T22:31:50.868-0400: 117.579: [GC (GCLocker Initiated GC) [PSYoungGen: 186711K->43920K(200704K)] 655216K->514154K(724992K), 0.0113532 secs] [Times: user=0.13 sys=0.01, real=0.01 secs] 
2016-09-22T22:31:51.949-0400: 118.660: [GC (Allocation Failure) [PSYoungGen: 186256K->5772K(148480K)] 656492K->496522K(672768K), 0.0048480 secs] [Times: user=0.04 sys=0.02, real=0.00 secs] 
2016-09-22T22:32:01.397-0400: 128.108: [GC (Allocation Failure) [PSYoungGen: 148068K->38857K(200192K)] 638819K->534939K(724480K), 0.0256862 secs] [Times: user=0.26 sys=0.03, real=0.02 secs] 
