Java HotSpot(TM) 64-Bit Server VM (25.101-b13) for linux-amd64 JRE (1.8.0_101-b13), built on Jun 22 2016 02:59:44 by "java_re" with gcc 4.3.0 20080428 (Red Hat 4.3.0-8)
Memory: 4k page, physical 264122320k(216912352k free), swap 268399612k(268399612k free)
CommandLine flags: -XX:GCLogFileSize=1048576 -XX:+HeapDumpOnOutOfMemoryError -XX:HeapDumpPath=artifacts/heapdump -XX:InitialHeapSize=805306368 -XX:MaxHeapSize=805306368 -XX:NumberOfGCLogFiles=10 -XX:+PrintGC -XX:+PrintGCDateStamps -XX:+PrintGCDetails -XX:+PrintGCTimeStamps -XX:+UseCompressedClassPointers -XX:+UseCompressedOops -XX:+UseGCLogFileRotation -XX:+UseParallelGC 
2016-09-24T03:21:23.723-0400: 2.167: [GC (Metadata GC Threshold) [PSYoungGen: 121898K->15551K(229376K)] 121898K->15639K(753664K), 0.0325692 secs] [Times: user=0.21 sys=0.00, real=0.03 secs] 
2016-09-24T03:21:23.756-0400: 2.200: [Full GC (Metadata GC Threshold) [PSYoungGen: 15551K->0K(229376K)] [ParOldGen: 88K->14600K(321536K)] 15639K->14600K(550912K), [Metaspace: 21071K->21071K(1067008K)], 0.0410420 secs] [Times: user=0.27 sys=0.02, real=0.04 secs] 
2016-09-24T03:21:25.596-0400: 4.040: [GC (Metadata GC Threshold) [PSYoungGen: 121273K->15165K(229376K)] 135874K->29901K(550912K), 0.0327896 secs] [Times: user=0.34 sys=0.01, real=0.03 secs] 
2016-09-24T03:21:25.629-0400: 4.073: [Full GC (Metadata GC Threshold) [PSYoungGen: 15165K->0K(229376K)] [ParOldGen: 14736K->20611K(512512K)] 29901K->20611K(741888K), [Metaspace: 35003K->35003K(1079296K)], 0.0563855 secs] [Times: user=0.49 sys=0.01, real=0.06 secs] 
2016-09-24T03:21:27.281-0400: 5.725: [GC (GCLocker Initiated GC) [PSYoungGen: 196608K->32742K(229376K)] 217226K->80962K(741888K), 0.0161260 secs] [Times: user=0.17 sys=0.01, real=0.02 secs] 
2016-09-24T03:21:27.479-0400: 5.923: [GC (GCLocker Initiated GC) [PSYoungGen: 229350K->32748K(229376K)] 281724K->123262K(741888K), 0.0094825 secs] [Times: user=0.13 sys=0.02, real=0.01 secs] 
2016-09-24T03:21:27.598-0400: 6.042: [GC (GCLocker Initiated GC) [PSYoungGen: 229356K->31658K(228352K)] 330706K->149216K(740864K), 0.0122828 secs] [Times: user=0.11 sys=0.00, real=0.01 secs] 
2016-09-24T03:21:27.713-0400: 6.157: [GC (GCLocker Initiated GC) [PSYoungGen: 228266K->33790K(121856K)] 345943K->199613K(634368K), 0.0112677 secs] [Times: user=0.14 sys=0.01, real=0.02 secs] 
2016-09-24T03:21:27.779-0400: 6.223: [GC (GCLocker Initiated GC) [PSYoungGen: 121854K->69134K(175104K)] 287747K->235035K(687616K), 0.0126641 secs] [Times: user=0.15 sys=0.00, real=0.01 secs] 
2016-09-24T03:21:27.831-0400: 6.275: [GC (GCLocker Initiated GC) [PSYoungGen: 157198K->59352K(175104K)] 327338K->254502K(687616K), 0.0103839 secs] [Times: user=0.09 sys=0.05, real=0.01 secs] 
2016-09-24T03:21:27.889-0400: 6.333: [GC (GCLocker Initiated GC) [PSYoungGen: 147416K->45505K(175104K)] 343919K->288512K(687616K), 0.0126214 secs] [Times: user=0.12 sys=0.09, real=0.01 secs] 
2016-09-24T03:21:27.935-0400: 6.379: [GC (GCLocker Initiated GC) [PSYoungGen: 133569K->56173K(175104K)] 379316K->313045K(687616K), 0.0073022 secs] [Times: user=0.10 sys=0.02, real=0.01 secs] 
2016-09-24T03:21:27.984-0400: 6.428: [GC (GCLocker Initiated GC) [PSYoungGen: 144237K->73700K(175104K)] 406654K->355397K(687616K), 0.0113234 secs] [Times: user=0.17 sys=0.00, real=0.01 secs] 
2016-09-24T03:21:28.047-0400: 6.491: [GC (GCLocker Initiated GC) [PSYoungGen: 161764K->60153K(175104K)] 450281K->362428K(687616K), 0.0072461 secs] [Times: user=0.10 sys=0.00, real=0.01 secs] 
2016-09-24T03:21:28.097-0400: 6.541: [GC (GCLocker Initiated GC) [PSYoungGen: 148217K->76400K(175104K)] 453239K->418136K(687616K), 0.0100946 secs] [Times: user=0.13 sys=0.04, real=0.01 secs] 
2016-09-24T03:21:28.149-0400: 6.593: [GC (GCLocker Initiated GC) [PSYoungGen: 164464K->46703K(175104K)] 512963K->422478K(687616K), 0.0066732 secs] [Times: user=0.11 sys=0.00, real=0.01 secs] 
2016-09-24T03:21:28.193-0400: 6.638: [GC (GCLocker Initiated GC) [PSYoungGen: 134767K->43843K(175104K)] 510682K->422690K(687616K), 0.0057781 secs] [Times: user=0.06 sys=0.00, real=0.01 secs] 
2016-09-24T03:21:28.237-0400: 6.681: [GC (GCLocker Initiated GC) [PSYoungGen: 131907K->61582K(175104K)] 514881K->466427K(687616K), 0.0074517 secs] [Times: user=0.11 sys=0.02, real=0.01 secs] 
2016-09-24T03:21:28.285-0400: 6.729: [GC (GCLocker Initiated GC) [PSYoungGen: 149646K->55894K(175104K)] 557327K->480032K(687616K), 0.0080450 secs] [Times: user=0.08 sys=0.00, real=0.00 secs] 
2016-09-24T03:21:28.334-0400: 6.778: [GC (GCLocker Initiated GC) [PSYoungGen: 143958K->61425K(175104K)] 573609K->492658K(687616K), 0.0084571 secs] [Times: user=0.11 sys=0.02, real=0.01 secs] 
2016-09-24T03:21:28.388-0400: 6.832: [GC (GCLocker Initiated GC) [PSYoungGen: 149489K->62868K(175104K)] 586177K->505204K(687616K), 0.0067791 secs] [Times: user=0.09 sys=0.01, real=0.01 secs] 
2016-09-24T03:21:28.432-0400: 6.876: [GC (GCLocker Initiated GC) [PSYoungGen: 150932K->62804K(175104K)] 593365K->529817K(687616K), 0.0075295 secs] [Times: user=0.11 sys=0.01, real=0.01 secs] 
2016-09-24T03:21:28.440-0400: 6.884: [Full GC (Ergonomics) [PSYoungGen: 62804K->0K(175104K)] [ParOldGen: 467012K->54505K(524288K)] 529817K->54505K(699392K), [Metaspace: 42836K->42824K(1085440K)], 0.1958762 secs] [Times: user=2.97 sys=0.02, real=0.20 secs] 
2016-09-24T03:21:28.671-0400: 7.115: [GC (GCLocker Initiated GC) [PSYoungGen: 88064K->86107K(175104K)] 148139K->151590K(699392K), 0.0084403 secs] [Times: user=0.12 sys=0.01, real=0.01 secs] 
2016-09-24T03:21:28.720-0400: 7.164: [GC (GCLocker Initiated GC) [PSYoungGen: 174171K->49385K(175104K)] 249234K->135753K(699392K), 0.0057201 secs] [Times: user=0.06 sys=0.01, real=0.01 secs] 
2016-09-24T03:21:28.764-0400: 7.208: [GC (GCLocker Initiated GC) [PSYoungGen: 137449K->54704K(175104K)] 223902K->146837K(699392K), 0.0059222 secs] [Times: user=0.07 sys=0.00, real=0.00 secs] 
2016-09-24T03:21:28.807-0400: 7.251: [GC (GCLocker Initiated GC) [PSYoungGen: 142768K->60136K(175104K)] 235036K->176938K(699392K), 0.0075340 secs] [Times: user=0.09 sys=0.00, real=0.01 secs] 
2016-09-24T03:21:28.856-0400: 7.300: [GC (GCLocker Initiated GC) [PSYoungGen: 148200K->60074K(148480K)] 265012K->186626K(672768K), 0.0056592 secs] [Times: user=0.07 sys=0.00, real=0.00 secs] 
2016-09-24T03:21:28.895-0400: 7.339: [GC (GCLocker Initiated GC) [PSYoungGen: 148138K->84454K(173056K)] 277473K->231651K(697344K), 0.0211957 secs] [Times: user=0.32 sys=0.00, real=0.02 secs] 
2016-09-24T03:21:28.946-0400: 7.390: [GC (GCLocker Initiated GC) [PSYoungGen: 171494K->73668K(174080K)] 318887K->241592K(698368K), 0.0133365 secs] [Times: user=0.16 sys=0.00, real=0.01 secs] 
2016-09-24T03:21:28.995-0400: 7.439: [GC (GCLocker Initiated GC) [PSYoungGen: 160708K->79100K(175104K)] 331592K->259698K(699392K), 0.0070067 secs] [Times: user=0.09 sys=0.00, real=0.00 secs] 
2016-09-24T03:21:29.043-0400: 7.487: [GC (GCLocker Initiated GC) [PSYoungGen: 167164K->75078K(175104K)] 350681K->266958K(699392K), 0.0064734 secs] [Times: user=0.08 sys=0.00, real=0.00 secs] 
2016-09-24T03:21:29.086-0400: 7.530: [GC (GCLocker Initiated GC) [PSYoungGen: 163142K->54857K(175104K)] 355124K->282272K(699392K), 0.0064447 secs] [Times: user=0.08 sys=0.01, real=0.00 secs] 
2016-09-24T03:21:29.130-0400: 7.574: [GC (GCLocker Initiated GC) [PSYoungGen: 142921K->61685K(175104K)] 373154K->308496K(699392K), 0.0070650 secs] [Times: user=0.07 sys=0.01, real=0.01 secs] 
2016-09-24T03:21:29.175-0400: 7.619: [GC (GCLocker Initiated GC) [PSYoungGen: 149749K->67020K(175104K)] 399528K->337505K(699392K), 0.0068261 secs] [Times: user=0.09 sys=0.00, real=0.00 secs] 
2016-09-24T03:21:29.224-0400: 7.668: [GC (GCLocker Initiated GC) [PSYoungGen: 155084K->68416K(175104K)] 428328K->354203K(699392K), 0.0071772 secs] [Times: user=0.11 sys=0.00, real=0.00 secs] 
2016-09-24T03:21:29.273-0400: 7.717: [GC (GCLocker Initiated GC) [PSYoungGen: 156480K->69770K(175104K)] 445126K->361536K(699392K), 0.0060420 secs] [Times: user=0.09 sys=0.00, real=0.01 secs] 
2016-09-24T03:21:29.318-0400: 7.762: [GC (GCLocker Initiated GC) [PSYoungGen: 157834K->61574K(175104K)] 449701K->364653K(699392K), 0.0065008 secs] [Times: user=0.08 sys=0.00, real=0.01 secs] 
2016-09-24T03:21:29.354-0400: 7.798: [GC (GCLocker Initiated GC) [PSYoungGen: 149638K->79266K(175104K)] 452903K->401855K(699392K), 0.0077547 secs] [Times: user=0.08 sys=0.00, real=0.01 secs] 
2016-09-24T03:21:29.400-0400: 7.844: [GC (GCLocker Initiated GC) [PSYoungGen: 167330K->69862K(175104K)] 492696K->413269K(699392K), 0.0075120 secs] [Times: user=0.11 sys=0.00, real=0.01 secs] 
2016-09-24T03:21:29.445-0400: 7.889: [GC (GCLocker Initiated GC) [PSYoungGen: 157926K->57603K(175104K)] 501361K->431253K(699392K), 0.0061655 secs] [Times: user=0.08 sys=0.01, real=0.00 secs] 
2016-09-24T03:21:29.493-0400: 7.937: [GC (GCLocker Initiated GC) [PSYoungGen: 145667K->52234K(175104K)] 519352K->439875K(699392K), 0.0061542 secs] [Times: user=0.07 sys=0.00, real=0.01 secs] 
2016-09-24T03:21:29.532-0400: 7.976: [GC (GCLocker Initiated GC) [PSYoungGen: 140298K->72672K(175104K)] 527997K->481075K(699392K), 0.0070564 secs] [Times: user=0.09 sys=0.01, real=0.01 secs] 
2016-09-24T03:21:29.583-0400: 8.027: [GC (GCLocker Initiated GC) [PSYoungGen: 160736K->64256K(175104K)] 571925K->486783K(699392K), 0.0066337 secs] [Times: user=0.09 sys=0.00, real=0.00 secs] 
2016-09-24T03:21:29.631-0400: 8.075: [GC (GCLocker Initiated GC) [PSYoungGen: 152320K->69766K(175104K)] 577588K->511616K(699392K), 0.0065444 secs] [Times: user=0.08 sys=0.00, real=0.01 secs] 
2016-09-24T03:21:29.681-0400: 8.125: [GC (GCLocker Initiated GC) [PSYoungGen: 157830K->79312K(175104K)] 602398K->550022K(699392K), 0.0100937 secs] [Times: user=0.09 sys=0.01, real=0.01 secs] 
2016-09-24T03:21:29.735-0400: 8.179: [GC (GCLocker Initiated GC) [PSYoungGen: 167376K->68352K(175104K)] 642326K->549178K(699392K), 0.0073603 secs] [Times: user=0.08 sys=0.00, real=0.01 secs] 
2016-09-24T03:21:29.779-0400: 8.223: [GC (GCLocker Initiated GC) [PSYoungGen: 156416K->71180K(175104K)] 640011K->570077K(699392K), 0.0078812 secs] [Times: user=0.10 sys=0.01, real=0.01 secs] 
2016-09-24T03:21:29.787-0400: 8.231: [Full GC (Ergonomics) [PSYoungGen: 71180K->0K(175104K)] [ParOldGen: 498897K->69430K(524288K)] 570077K->69430K(699392K), [Metaspace: 43112K->43112K(1085440K)], 0.0561158 secs] [Times: user=0.58 sys=0.01, real=0.06 secs] 
2016-09-24T03:21:29.891-0400: 8.335: [GC (GCLocker Initiated GC) [PSYoungGen: 88064K->74246K(175104K)] 165745K->151935K(699392K), 0.0094585 secs] [Times: user=0.11 sys=0.00, real=0.01 secs] 
2016-09-24T03:21:29.949-0400: 8.393: [GC (GCLocker Initiated GC) [PSYoungGen: 162310K->64288K(175104K)] 245486K->168588K(699392K), 0.0063275 secs] [Times: user=0.09 sys=0.00, real=0.01 secs] 
2016-09-24T03:21:30.012-0400: 8.456: [GC (GCLocker Initiated GC) [PSYoungGen: 152352K->57648K(174080K)] 268900K->197536K(698368K), 0.0065407 secs] [Times: user=0.08 sys=0.00, real=0.01 secs] 
2016-09-24T03:21:30.055-0400: 8.500: [GC (GCLocker Initiated GC) [PSYoungGen: 145712K->72452K(174592K)] 286889K->224944K(698880K), 0.0073439 secs] [Times: user=0.10 sys=0.00, real=0.01 secs] 
2016-09-24T03:21:30.103-0400: 8.547: [GC (GCLocker Initiated GC) [PSYoungGen: 160516K->61588K(174080K)] 315755K->236137K(698368K), 0.0162707 secs] [Times: user=0.23 sys=0.00, real=0.01 secs] 
2016-09-24T03:21:30.150-0400: 8.594: [GC (GCLocker Initiated GC) [PSYoungGen: 150164K->57584K(174592K)] 327533K->262347K(698880K), 0.0062854 secs] [Times: user=0.07 sys=0.00, real=0.01 secs] 
2016-09-24T03:21:30.196-0400: 8.640: [GC (GCLocker Initiated GC) [PSYoungGen: 146160K->65858K(172032K)] 357701K->288683K(696320K), 0.0063092 secs] [Times: user=0.08 sys=0.01, real=0.01 secs] 
2016-09-24T03:21:30.246-0400: 8.690: [GC (GCLocker Initiated GC) [PSYoungGen: 156482K->73848K(174080K)] 386240K->304103K(698368K), 0.0080858 secs] [Times: user=0.07 sys=0.00, real=0.01 secs] 
2016-09-24T03:21:30.292-0400: 8.736: [GC (GCLocker Initiated GC) [PSYoungGen: 164472K->67098K(177152K)] 397618K->311464K(701440K), 0.0117877 secs] [Times: user=0.16 sys=0.00, real=0.02 secs] 
2016-09-24T03:21:30.345-0400: 8.789: [GC (GCLocker Initiated GC) [PSYoungGen: 160794K->67003K(177152K)] 413447K->324122K(701440K), 0.0065622 secs] [Times: user=0.08 sys=0.01, real=0.00 secs] 
2016-09-24T03:21:30.397-0400: 8.841: [GC (GCLocker Initiated GC) [PSYoungGen: 160699K->46848K(175616K)] 420615K->339582K(699904K), 0.0105254 secs] [Times: user=0.14 sys=0.00, real=0.01 secs] 
2016-09-24T03:21:30.485-0400: 8.929: [GC (GCLocker Initiated GC) [PSYoungGen: 140544K->55122K(177152K)] 445475K->387537K(701440K), 0.0064349 secs] [Times: user=0.10 sys=0.00, real=0.00 secs] 
2016-09-24T03:21:30.537-0400: 8.981: [GC (GCLocker Initiated GC) [PSYoungGen: 148818K->69812K(178688K)] 492128K->413684K(702976K), 0.0070702 secs] [Times: user=0.10 sys=0.00, real=0.01 secs] 
2016-09-24T03:21:30.584-0400: 9.029: [GC (GCLocker Initiated GC) [PSYoungGen: 165044K->69812K(165376K)] 519849K->438606K(689664K), 0.0073375 secs] [Times: user=0.10 sys=0.00, real=0.00 secs] 
2016-09-24T03:21:30.634-0400: 9.078: [GC (GCLocker Initiated GC) [PSYoungGen: 165044K->72516K(176128K)] 533894K->447256K(700416K), 0.0069869 secs] [Times: user=0.10 sys=0.00, real=0.01 secs] 
2016-09-24T03:21:30.676-0400: 9.120: [GC (GCLocker Initiated GC) [PSYoungGen: 164676K->83440K(175616K)] 546500K->487270K(699904K), 0.0075263 secs] [Times: user=0.10 sys=0.00, real=0.01 secs] 
2016-09-24T03:21:30.728-0400: 9.172: [GC (GCLocker Initiated GC) [PSYoungGen: 175600K->44038K(174592K)] 584889K->457923K(698880K), 0.0067316 secs] [Times: user=0.04 sys=0.01, real=0.01 secs] 
2016-09-24T03:21:30.771-0400: 9.215: [GC (GCLocker Initiated GC) [PSYoungGen: 132102K->83394K(175104K)] 550118K->513934K(699392K), 0.0070296 secs] [Times: user=0.11 sys=0.00, real=0.01 secs] 
2016-09-24T03:21:30.822-0400: 9.267: [GC (GCLocker Initiated GC) [PSYoungGen: 171458K->67020K(175104K)] 602090K->534626K(699392K), 0.0079332 secs] [Times: user=0.12 sys=0.00, real=0.00 secs] 
2016-09-24T03:21:30.867-0400: 9.312: [GC (GCLocker Initiated GC) [PSYoungGen: 155084K->56284K(175104K)] 625500K->552748K(699392K), 0.0069803 secs] [Times: user=0.10 sys=0.00, real=0.01 secs] 
2016-09-24T03:21:30.875-0400: 9.319: [Full GC (Ergonomics) [PSYoungGen: 56284K->0K(175104K)] [ParOldGen: 496463K->65064K(524288K)] 552748K->65064K(699392K), [Metaspace: 43174K->43174K(1085440K)], 0.0586882 secs] [Times: user=0.43 sys=0.02, real=0.05 secs] 
2016-09-24T03:21:30.975-0400: 9.419: [GC (GCLocker Initiated GC) [PSYoungGen: 88064K->72914K(175104K)] 155978K->140836K(699392K), 0.0104758 secs] [Times: user=0.16 sys=0.00, real=0.01 secs] 
2016-09-24T03:21:31.020-0400: 9.464: [GC (GCLocker Initiated GC) [PSYoungGen: 160978K->77930K(175104K)] 229071K->148196K(699392K), 0.0072121 secs] [Times: user=0.10 sys=0.01, real=0.01 secs] 
2016-09-24T03:21:31.072-0400: 9.516: [GC (GCLocker Initiated GC) [PSYoungGen: 165994K->49387K(175104K)] 237669K->147177K(699392K), 0.0078555 secs] [Times: user=0.06 sys=0.00, real=0.01 secs] 
2016-09-24T03:21:31.108-0400: 9.553: [GC (GCLocker Initiated GC) [PSYoungGen: 137451K->84712K(175104K)] 238060K->199311K(699392K), 0.0069693 secs] [Times: user=0.09 sys=0.00, real=0.01 secs] 
2016-09-24T03:21:31.157-0400: 9.601: [GC (GCLocker Initiated GC) [PSYoungGen: 172776K->57570K(175104K)] 290154K->197088K(699392K), 0.0059733 secs] [Times: user=0.08 sys=0.00, real=0.01 secs] 
2016-09-24T03:21:31.198-0400: 9.642: [GC (GCLocker Initiated GC) [PSYoungGen: 145634K->67162K(175104K)] 285196K->221972K(699392K), 0.0065533 secs] [Times: user=0.08 sys=0.01, real=0.01 secs] 
2016-09-24T03:21:31.239-0400: 9.684: [GC (GCLocker Initiated GC) [PSYoungGen: 155226K->63048K(175104K)] 312870K->236098K(699392K), 0.0070731 secs] [Times: user=0.08 sys=0.01, real=0.01 secs] 
2016-09-24T03:21:31.286-0400: 9.730: [GC (GCLocker Initiated GC) [PSYoungGen: 151112K->73912K(175104K)] 329679K->254305K(699392K), 0.0055401 secs] [Times: user=0.07 sys=0.01, real=0.00 secs] 
2016-09-24T03:21:31.325-0400: 9.769: [GC (GCLocker Initiated GC) [PSYoungGen: 161976K->72356K(175104K)] 342481K->272253K(699392K), 0.0072298 secs] [Times: user=0.08 sys=0.00, real=0.00 secs] 
2016-09-24T03:21:31.366-0400: 9.810: [GC (GCLocker Initiated GC) [PSYoungGen: 160420K->71148K(175104K)] 363212K->301330K(699392K), 0.0082451 secs] [Times: user=0.12 sys=0.01, real=0.01 secs] 
2016-09-24T03:21:31.411-0400: 9.855: [GC (GCLocker Initiated GC) [PSYoungGen: 159212K->75120K(175104K)] 395630K->324116K(699392K), 0.0069125 secs] [Times: user=0.09 sys=0.00, real=0.01 secs] 
2016-09-24T03:21:31.455-0400: 9.899: [GC (GCLocker Initiated GC) [PSYoungGen: 163184K->52202K(175104K)] 416015K->335139K(699392K), 0.0068724 secs] [Times: user=0.08 sys=0.00, real=0.01 secs] 
2016-09-24T03:21:31.502-0400: 9.946: [GC (GCLocker Initiated GC) [PSYoungGen: 140266K->76580K(175104K)] 428845K->376365K(699392K), 0.0067759 secs] [Times: user=0.09 sys=0.00, real=0.01 secs] 
2016-09-24T03:21:31.559-0400: 10.003: [GC (GCLocker Initiated GC) [PSYoungGen: 164644K->60284K(175104K)] 474251K->370350K(699392K), 0.0064038 secs] [Times: user=0.07 sys=0.01, real=0.01 secs] 
2016-09-24T03:21:31.596-0400: 10.040: [GC (GCLocker Initiated GC) [PSYoungGen: 148348K->58828K(175104K)] 458446K->384188K(699392K), 0.0056008 secs] [Times: user=0.07 sys=0.00, real=0.00 secs] 
2016-09-24T03:21:31.632-0400: 10.076: [GC (GCLocker Initiated GC) [PSYoungGen: 146892K->86076K(175104K)] 475076K->422658K(699392K), 0.0104991 secs] [Times: user=0.14 sys=0.00, real=0.02 secs] 
2016-09-24T03:21:31.689-0400: 10.133: [GC (GCLocker Initiated GC) [PSYoungGen: 174140K->80566K(175104K)] 516188K->435234K(699392K), 0.0069168 secs] [Times: user=0.10 sys=0.00, real=0.01 secs] 
2016-09-24T03:21:31.733-0400: 10.177: [GC (GCLocker Initiated GC) [PSYoungGen: 168630K->52106K(175104K)] 523471K->412762K(699392K), 0.0076117 secs] [Times: user=0.07 sys=0.00, real=0.01 secs] 
2016-09-24T03:21:31.776-0400: 10.221: [GC (GCLocker Initiated GC) [PSYoungGen: 140170K->68558K(175104K)] 513098K->458115K(699392K), 0.0087192 secs] [Times: user=0.10 sys=0.00, real=0.01 secs] 
2016-09-24T03:21:31.829-0400: 10.273: [GC (GCLocker Initiated GC) [PSYoungGen: 156622K->56105K(175104K)] 554419K->466562K(699392K), 0.0135025 secs] [Times: user=0.17 sys=0.00, real=0.02 secs] 
2016-09-24T03:21:31.883-0400: 10.327: [GC (GCLocker Initiated GC) [PSYoungGen: 144169K->63002K(175104K)] 560116K->479367K(699392K), 0.0168007 secs] [Times: user=0.24 sys=0.00, real=0.01 secs] 
2016-09-24T03:21:31.934-0400: 10.378: [GC (GCLocker Initiated GC) [PSYoungGen: 151066K->80722K(175104K)] 575635K->520603K(699392K), 0.0113970 secs] [Times: user=0.15 sys=0.01, real=0.01 secs] 
2016-09-24T03:21:31.982-0400: 10.426: [GC (GCLocker Initiated GC) [PSYoungGen: 168786K->68448K(175104K)] 612497K->518044K(699392K), 0.0064129 secs] [Times: user=0.08 sys=0.00, real=0.01 secs] 
2016-09-24T03:21:32.025-0400: 10.469: [GC (GCLocker Initiated GC) [PSYoungGen: 156512K->73834K(175104K)] 609877K->550589K(699392K), 0.0075400 secs] [Times: user=0.11 sys=0.00, real=0.00 secs] 
2016-09-24T03:21:32.069-0400: 10.513: [GC (GCLocker Initiated GC) [PSYoungGen: 161898K->65734K(175104K)] 641452K->560575K(699392K), 0.0062566 secs] [Times: user=0.09 sys=0.00, real=0.01 secs] 
2016-09-24T03:21:32.076-0400: 10.520: [Full GC (Ergonomics) [PSYoungGen: 65734K->0K(175104K)] [ParOldGen: 494841K->78771K(524288K)] 560575K->78771K(699392K), [Metaspace: 43234K->43234K(1085440K)], 0.0460932 secs] [Times: user=0.39 sys=0.00, real=0.04 secs] 
2016-09-24T03:21:32.159-0400: 10.604: [GC (GCLocker Initiated GC) [PSYoungGen: 88064K->80822K(175104K)] 169582K->162341K(699392K), 0.0065230 secs] [Times: user=0.08 sys=0.00, real=0.01 secs] 
2016-09-24T03:21:32.210-0400: 10.654: [GC (GCLocker Initiated GC) [PSYoungGen: 168886K->56361K(175104K)] 253141K->157492K(699392K), 0.0090329 secs] [Times: user=0.13 sys=0.00, real=0.01 secs] 
2016-09-24T03:21:32.255-0400: 10.699: [GC (GCLocker Initiated GC) [PSYoungGen: 144425K->84711K(175104K)] 249775K->193204K(699392K), 0.0066590 secs] [Times: user=0.09 sys=0.00, real=0.00 secs] 
2016-09-24T03:21:32.297-0400: 10.741: [GC (GCLocker Initiated GC) [PSYoungGen: 172775K->60283K(175104K)] 286809K->201760K(699392K), 0.0075850 secs] [Times: user=0.08 sys=0.00, real=0.01 secs] 
2016-09-24T03:21:32.347-0400: 10.791: [GC (GCLocker Initiated GC) [PSYoungGen: 148347K->65559K(175104K)] 289860K->212883K(699392K), 0.0070084 secs] [Times: user=0.08 sys=0.01, real=0.01 secs] 
2016-09-24T03:21:32.377-0400: 10.822: [GC (GCLocker Initiated GC) [PSYoungGen: 153623K->86043K(175104K)] 301147K->242010K(699392K), 0.0069954 secs] [Times: user=0.09 sys=0.00, real=0.01 secs] 
2016-09-24T03:21:32.420-0400: 10.864: [GC (GCLocker Initiated GC) [PSYoungGen: 174107K->63015K(175104K)] 332887K->256038K(699392K), 0.0105850 secs] [Times: user=0.15 sys=0.01, real=0.01 secs] 
2016-09-24T03:21:32.467-0400: 10.911: [GC (GCLocker Initiated GC) [PSYoungGen: 151079K->69875K(175104K)] 350936K->283643K(699392K), 0.0101921 secs] [Times: user=0.14 sys=0.00, real=0.01 secs] 
2016-09-24T03:21:32.519-0400: 10.963: [GC (GCLocker Initiated GC) [PSYoungGen: 157939K->68429K(175104K)] 383979K->294974K(699392K), 0.0056147 secs] [Times: user=0.08 sys=0.00, real=0.01 secs] 
2016-09-24T03:21:32.564-0400: 11.008: [GC (GCLocker Initiated GC) [PSYoungGen: 156493K->50897K(175104K)] 404787K->315864K(699392K), 0.0055281 secs] [Times: user=0.08 sys=0.00, real=0.00 secs] 
2016-09-24T03:21:32.615-0400: 11.059: [GC (GCLocker Initiated GC) [PSYoungGen: 138961K->75073K(175104K)] 408102K->350025K(699392K), 0.0064595 secs] [Times: user=0.09 sys=0.00, real=0.00 secs] 
2016-09-24T03:21:32.657-0400: 11.102: [GC (GCLocker Initiated GC) [PSYoungGen: 163137K->61729K(175104K)] 448965K->366800K(699392K), 0.0061232 secs] [Times: user=0.08 sys=0.00, real=0.01 secs] 
2016-09-24T03:21:32.708-0400: 11.152: [GC (GCLocker Initiated GC) [PSYoungGen: 149793K->57583K(175104K)] 463305K->385118K(699392K), 0.0055985 secs] [Times: user=0.07 sys=0.00, real=0.00 secs] 
2016-09-24T03:21:32.751-0400: 11.195: [GC (GCLocker Initiated GC) [PSYoungGen: 145647K->75120K(175104K)] 478628K->409877K(699392K), 0.0069763 secs] [Times: user=0.09 sys=0.00, real=0.01 secs] 
2016-09-24T03:21:32.796-0400: 11.240: [GC (GCLocker Initiated GC) [PSYoungGen: 163184K->61555K(175104K)] 498017K->410315K(699392K), 0.0063917 secs] [Times: user=0.08 sys=0.00, real=0.01 secs] 
2016-09-24T03:21:32.838-0400: 11.282: [GC (GCLocker Initiated GC) [PSYoungGen: 149619K->61839K(175104K)] 506627K->440828K(699392K), 0.0068832 secs] [Times: user=0.07 sys=0.01, real=0.01 secs] 
2016-09-24T03:21:32.885-0400: 11.329: [GC (GCLocker Initiated GC) [PSYoungGen: 149903K->75151K(175104K)] 529122K->473880K(699392K), 0.0068844 secs] [Times: user=0.10 sys=0.00, real=0.00 secs] 
2016-09-24T03:21:32.933-0400: 11.377: [GC (GCLocker Initiated GC) [PSYoungGen: 163215K->73847K(175104K)] 564764K->498755K(699392K), 0.0075026 secs] [Times: user=0.11 sys=0.00, real=0.01 secs] 
2016-09-24T03:21:32.986-0400: 11.430: [GC (GCLocker Initiated GC) [PSYoungGen: 161911K->65766K(175104K)] 587001K->519649K(699392K), 0.0071261 secs] [Times: user=0.09 sys=0.01, real=0.00 secs] 
2016-09-24T03:21:33.035-0400: 11.479: [GC (GCLocker Initiated GC) [PSYoungGen: 153830K->72529K(175104K)] 615892K->539107K(699392K), 0.0065774 secs] [Times: user=0.09 sys=0.00, real=0.00 secs] 
2016-09-24T03:21:33.083-0400: 11.527: [GC (GCLocker Initiated GC) [PSYoungGen: 160593K->61683K(175104K)] 627272K->543715K(699392K), 0.0067523 secs] [Times: user=0.08 sys=0.00, real=0.00 secs] 
2016-09-24T03:21:33.127-0400: 11.571: [GC (GCLocker Initiated GC) [PSYoungGen: 149747K->83439K(175104K)] 637201K->576754K(699392K), 0.0072247 secs] [Times: user=0.11 sys=0.00, real=0.01 secs] 
2016-09-24T03:21:33.134-0400: 11.579: [Full GC (Ergonomics) [PSYoungGen: 83439K->0K(175104K)] [ParOldGen: 493314K->88453K(524288K)] 576754K->88453K(699392K), [Metaspace: 43252K->43252K(1085440K)], 0.0436068 secs] [Times: user=0.35 sys=0.00, real=0.04 secs] 
2016-09-24T03:21:33.218-0400: 11.662: [GC (GCLocker Initiated GC) [PSYoungGen: 88064K->67372K(175104K)] 179283K->158591K(699392K), 0.0144044 secs] [Times: user=0.18 sys=0.01, real=0.01 secs] 
2016-09-24T03:21:33.269-0400: 11.713: [GC (GCLocker Initiated GC) [PSYoungGen: 155436K->72498K(175104K)] 249574K->171388K(699392K), 0.0058042 secs] [Times: user=0.07 sys=0.00, real=0.01 secs] 
2016-09-24T03:21:33.311-0400: 11.755: [GC (GCLocker Initiated GC) [PSYoungGen: 160562K->64397K(175104K)] 263284K->193213K(699392K), 0.0061758 secs] [Times: user=0.08 sys=0.00, real=0.01 secs] 
2016-09-24T03:21:33.355-0400: 11.799: [GC (GCLocker Initiated GC) [PSYoungGen: 152461K->52060K(175104K)] 286917K->195035K(699392K), 0.0056655 secs] [Times: user=0.05 sys=0.00, real=0.00 secs] 
2016-09-24T03:21:33.394-0400: 11.838: [GC (GCLocker Initiated GC) [PSYoungGen: 140124K->79234K(175104K)] 287304K->226717K(699392K), 0.0220456 secs] [Times: user=0.33 sys=0.00, real=0.03 secs] 
2016-09-24T03:21:33.448-0400: 11.892: [GC (GCLocker Initiated GC) [PSYoungGen: 167298K->65747K(175104K)] 318505K->252524K(699392K), 0.0074406 secs] [Times: user=0.11 sys=0.01, real=0.01 secs] 
2016-09-24T03:21:33.492-0400: 11.936: [GC (GCLocker Initiated GC) [PSYoungGen: 153811K->65637K(175104K)] 348801K->278604K(699392K), 0.0071675 secs] [Times: user=0.10 sys=0.00, real=0.01 secs] 
2016-09-24T03:21:33.532-0400: 11.976: [GC (GCLocker Initiated GC) [PSYoungGen: 153701K->76547K(175104K)] 368106K->306199K(699392K), 0.0070631 secs] [Times: user=0.10 sys=0.00, real=0.01 secs] 
2016-09-24T03:21:33.576-0400: 12.020: [GC (GCLocker Initiated GC) [PSYoungGen: 164611K->50833K(175104K)] 401250K->313557K(699392K), 0.0065181 secs] [Times: user=0.09 sys=0.00, real=0.01 secs] 
2016-09-24T03:21:33.619-0400: 12.063: [GC (GCLocker Initiated GC) [PSYoungGen: 138897K->61651K(175104K)] 407249K->331756K(699392K), 0.0056404 secs] [Times: user=0.08 sys=0.00, real=0.01 secs] 
2016-09-24T03:21:33.662-0400: 12.106: [GC (GCLocker Initiated GC) [PSYoungGen: 149715K->76593K(175104K)] 429450K->367549K(699392K), 0.0080915 secs] [Times: user=0.10 sys=0.00, real=0.00 secs] 
2016-09-24T03:21:33.708-0400: 12.152: [GC (GCLocker Initiated GC) [PSYoungGen: 164657K->45355K(175104K)] 455722K->367979K(699392K), 0.0064188 secs] [Times: user=0.10 sys=0.00, real=0.01 secs] 
2016-09-24T03:21:33.746-0400: 12.190: [GC (GCLocker Initiated GC) [PSYoungGen: 133419K->65829K(175104K)] 458878K->411912K(699392K), 0.0072786 secs] [Times: user=0.10 sys=0.00, real=0.00 secs] 
2016-09-24T03:21:33.793-0400: 12.237: [GC (GCLocker Initiated GC) [PSYoungGen: 153893K->64379K(175104K)] 502921K->434210K(699392K), 0.0096644 secs] [Times: user=0.10 sys=0.00, real=0.02 secs] 
2016-09-24T03:21:33.846-0400: 12.290: [GC (GCLocker Initiated GC) [PSYoungGen: 152443K->37237K(175104K)] 533171K->439994K(699392K), 0.0177760 secs] [Times: user=0.20 sys=0.00, real=0.02 secs] 
2016-09-24T03:21:33.901-0400: 12.345: [GC (GCLocker Initiated GC) [PSYoungGen: 125301K->49369K(175104K)] 535472K->476184K(699392K), 0.0103635 secs] [Times: user=0.11 sys=0.00, real=0.01 secs] 
2016-09-24T03:21:33.951-0400: 12.395: [GC (GCLocker Initiated GC) [PSYoungGen: 137433K->71037K(175104K)] 571179K->518820K(699392K), 0.0135406 secs] [Times: user=0.19 sys=0.00, real=0.02 secs] 
2016-09-24T03:21:33.999-0400: 12.443: [GC (GCLocker Initiated GC) [PSYoungGen: 159101K->52124K(175104K)] 614722K->527026K(699392K), 0.0087859 secs] [Times: user=0.11 sys=0.00, real=0.01 secs] 
2016-09-24T03:21:34.049-0400: 12.493: [GC (GCLocker Initiated GC) [PSYoungGen: 140188K->58906K(147456K)] 624624K->557171K(671744K), 0.0070077 secs] [Times: user=0.06 sys=0.01, real=0.01 secs] 
2016-09-24T03:21:34.056-0400: 12.500: [Full GC (Ergonomics) [PSYoungGen: 58906K->0K(147456K)] [ParOldGen: 498264K->87782K(524288K)] 557171K->87782K(671744K), [Metaspace: 43255K->43255K(1085440K)], 0.0492213 secs] [Times: user=0.37 sys=0.05, real=0.05 secs] 
2016-09-24T03:21:34.144-0400: 12.588: [GC (GCLocker Initiated GC) [PSYoungGen: 88064K->80808K(174080K)] 181350K->174095K(698368K), 0.0060301 secs] [Times: user=0.08 sys=0.01, real=0.00 secs] 
2016-09-24T03:21:34.184-0400: 12.628: [GC (GCLocker Initiated GC) [PSYoungGen: 168360K->68383K(174592K)] 261807K->177310K(698880K), 0.0067545 secs] [Times: user=0.08 sys=0.01, real=0.00 secs] 
2016-09-24T03:21:34.222-0400: 12.666: [GC (GCLocker Initiated GC) [PSYoungGen: 155935K->79169K(175104K)] 264886K->193955K(699392K), 0.0061494 secs] [Times: user=0.09 sys=0.01, real=0.00 secs] 
2016-09-24T03:21:34.267-0400: 12.711: [GC (GCLocker Initiated GC) [PSYoungGen: 167233K->64365K(175104K)] 282036K->184937K(699392K), 0.0067850 secs] [Times: user=0.06 sys=0.02, real=0.01 secs] 
2016-09-24T03:21:34.313-0400: 12.757: [GC (GCLocker Initiated GC) [PSYoungGen: 152429K->77929K(175104K)] 275789K->204479K(699392K), 0.0110873 secs] [Times: user=0.12 sys=0.01, real=0.02 secs] 
2016-09-24T03:21:34.361-0400: 12.805: [GC (GCLocker Initiated GC) [PSYoungGen: 165993K->69797K(175104K)] 298083K->217212K(699392K), 0.0064832 secs] [Times: user=0.08 sys=0.02, real=0.01 secs] 
2016-09-24T03:21:34.414-0400: 12.859: [GC (GCLocker Initiated GC) [PSYoungGen: 157861K->35868K(175104K)] 314787K->202628K(699392K), 0.0089538 secs] [Times: user=0.08 sys=0.01, real=0.01 secs] 
2016-09-24T03:21:34.476-0400: 12.920: [GC (GCLocker Initiated GC) [PSYoungGen: 123932K->71087K(175104K)] 296174K->246557K(699392K), 0.0055043 secs] [Times: user=0.07 sys=0.01, real=0.00 secs] 
2016-09-24T03:21:34.530-0400: 12.974: [GC (GCLocker Initiated GC) [PSYoungGen: 159151K->49465K(175104K)] 341480K->244359K(699392K), 0.0051356 secs] [Times: user=0.06 sys=0.01, real=0.01 secs] 
2016-09-24T03:21:34.570-0400: 13.015: [GC (GCLocker Initiated GC) [PSYoungGen: 137529K->57537K(175104K)] 339417K->274764K(699392K), 0.0123629 secs] [Times: user=0.16 sys=0.00, real=0.02 secs] 
2016-09-24T03:21:34.613-0400: 13.057: [GC (GCLocker Initiated GC) [PSYoungGen: 145601K->83187K(175104K)] 362934K->306301K(699392K), 0.0067649 secs] [Times: user=0.09 sys=0.00, real=0.01 secs] 
2016-09-24T03:21:34.664-0400: 13.108: [GC (GCLocker Initiated GC) [PSYoungGen: 171251K->58933K(175104K)] 400923K->318678K(699392K), 0.0064681 secs] [Times: user=0.07 sys=0.02, real=0.00 secs] 
2016-09-24T03:21:34.714-0400: 13.158: [GC (GCLocker Initiated GC) [PSYoungGen: 146997K->57679K(175104K)] 411028K->335669K(699392K), 0.0064165 secs] [Times: user=0.08 sys=0.00, real=0.00 secs] 
2016-09-24T03:21:34.759-0400: 13.203: [GC (GCLocker Initiated GC) [PSYoungGen: 145743K->67034K(175104K)] 435170K->367744K(699392K), 0.0066205 secs] [Times: user=0.09 sys=0.01, real=0.01 secs] 
2016-09-24T03:21:34.805-0400: 13.249: [GC (GCLocker Initiated GC) [PSYoungGen: 155098K->64224K(175104K)] 459894K->372131K(699392K), 0.0061011 secs] [Times: user=0.05 sys=0.02, real=0.00 secs] 
2016-09-24T03:21:34.848-0400: 13.292: [GC (GCLocker Initiated GC) [PSYoungGen: 152288K->61698K(150016K)] 472486K->393086K(674304K), 0.0166766 secs] [Times: user=0.23 sys=0.02, real=0.02 secs] 
2016-09-24T03:21:34.904-0400: 13.348: [GC (GCLocker Initiated GC) [PSYoungGen: 149762K->73829K(173056K)] 488090K->412634K(697344K), 0.0069835 secs] [Times: user=0.09 sys=0.01, real=0.00 secs] 
2016-09-24T03:21:34.956-0400: 13.400: [GC (GCLocker Initiated GC) [PSYoungGen: 160869K->63002K(174080K)] 507920K->430768K(698368K), 0.0066308 secs] [Times: user=0.08 sys=0.02, real=0.01 secs] 
2016-09-24T03:21:35.005-0400: 13.449: [GC (GCLocker Initiated GC) [PSYoungGen: 150042K->54869K(174592K)] 517881K->446057K(698880K), 0.0065496 secs] [Times: user=0.07 sys=0.02, real=0.00 secs] 
2016-09-24T03:21:35.049-0400: 13.493: [GC (GCLocker Initiated GC) [PSYoungGen: 144469K->72433K(174592K)] 538466K->476290K(698880K), 0.0070534 secs] [Times: user=0.10 sys=0.00, real=0.01 secs] 
2016-09-24T03:21:35.092-0400: 13.536: [GC (GCLocker Initiated GC) [PSYoungGen: 162033K->61793K(174592K)] 565925K->486406K(698880K), 0.0062996 secs] [Times: user=0.08 sys=0.00, real=0.01 secs] 
2016-09-24T03:21:35.138-0400: 13.582: [GC (GCLocker Initiated GC) [PSYoungGen: 152417K->59139K(175104K)] 587951K->503264K(699392K), 0.0059482 secs] [Times: user=0.07 sys=0.00, real=0.01 secs] 
2016-09-24T03:21:35.184-0400: 13.628: [GC (GCLocker Initiated GC) [PSYoungGen: 149763K->60233K(175104K)] 602789K->513764K(699392K), 0.0061563 secs] [Times: user=0.06 sys=0.00, real=0.00 secs] 
2016-09-24T03:21:35.235-0400: 13.679: [GC (GCLocker Initiated GC) [PSYoungGen: 154441K->61638K(176128K)] 608466K->526951K(700416K), 0.0064090 secs] [Times: user=0.07 sys=0.01, real=0.00 secs] 
2016-09-24T03:21:35.277-0400: 13.721: [GC (GCLocker Initiated GC) [PSYoungGen: 155846K->68434K(179200K)] 621456K->541154K(703488K), 0.0068711 secs] [Times: user=0.08 sys=0.01, real=0.01 secs] 
2016-09-24T03:21:35.328-0400: 13.772: [GC (GCLocker Initiated GC) [PSYoungGen: 167250K->71161K(179712K)] 650860K->566009K(704000K), 0.0064154 secs] [Times: user=0.07 sys=0.01, real=0.01 secs] 
2016-09-24T03:21:35.378-0400: 13.822: [Full GC (Ergonomics) [PSYoungGen: 169977K->0K(179712K)] [ParOldGen: 500416K->100595K(524288K)] 670394K->100595K(704000K), [Metaspace: 43259K->43259K(1085440K)], 0.0547501 secs] [Times: user=0.36 sys=0.06, real=0.05 secs] 
2016-09-24T03:21:35.485-0400: 13.929: [GC (GCLocker Initiated GC) [PSYoungGen: 98816K->76867K(174080K)] 199509K->177561K(698368K), 0.0063647 secs] [Times: user=0.07 sys=0.01, real=0.00 secs] 
2016-09-24T03:21:35.534-0400: 13.978: [GC (GCLocker Initiated GC) [PSYoungGen: 169027K->65793K(177152K)] 272523K->197037K(701440K), 0.0065492 secs] [Times: user=0.10 sys=0.00, real=0.01 secs] 
2016-09-24T03:21:35.584-0400: 14.028: [GC (GCLocker Initiated GC) [PSYoungGen: 157953K->67052K(174080K)] 292013K->235422K(698368K), 0.0068493 secs] [Times: user=0.09 sys=0.01, real=0.00 secs] 
2016-09-24T03:21:35.631-0400: 14.075: [GC (GCLocker Initiated GC) [PSYoungGen: 161260K->61620K(176128K)] 332429K->248024K(700416K), 0.0084589 secs] [Times: user=0.12 sys=0.01, real=0.01 secs] 
2016-09-24T03:21:35.678-0400: 14.122: [GC (GCLocker Initiated GC) [PSYoungGen: 155828K->71271K(180224K)] 349187K->264996K(704512K), 0.0060832 secs] [Times: user=0.07 sys=0.01, real=0.01 secs] 
2016-09-24T03:21:35.722-0400: 14.166: [GC (GCLocker Initiated GC) [PSYoungGen: 170599K->67094K(166912K)] 369871K->277686K(691200K), 0.0076445 secs] [Times: user=0.08 sys=0.01, real=0.01 secs] 
2016-09-24T03:21:35.768-0400: 14.212: [GC (GCLocker Initiated GC) [PSYoungGen: 166422K->71130K(179712K)] 377432K->301506K(704000K), 0.0066511 secs] [Times: user=0.08 sys=0.00, real=0.01 secs] 
2016-09-24T03:21:35.814-0400: 14.258: [GC (GCLocker Initiated GC) [PSYoungGen: 170458K->69733K(180224K)] 406408K->306133K(704512K), 0.0093500 secs] [Times: user=0.10 sys=0.02, real=0.02 secs] 
2016-09-24T03:21:35.864-0400: 14.308: [GC (GCLocker Initiated GC) [PSYoungGen: 169061K->54805K(180224K)] 410953K->306570K(704512K), 0.0147423 secs] [Times: user=0.21 sys=0.02, real=0.01 secs] 
2016-09-24T03:21:35.919-0400: 14.363: [GC (GCLocker Initiated GC) [PSYoungGen: 154133K->54964K(180736K)] 410021K->311201K(705024K), 0.0129698 secs] [Times: user=0.11 sys=0.01, real=0.01 secs] 
2016-09-24T03:21:35.976-0400: 14.420: [GC (GCLocker Initiated GC) [PSYoungGen: 154292K->76424K(174592K)] 410614K->333302K(698880K), 0.0061441 secs] [Times: user=0.07 sys=0.00, real=0.00 secs] 
2016-09-24T03:21:36.016-0400: 14.460: [GC (GCLocker Initiated GC) [PSYoungGen: 169608K->77914K(171520K)] 429309K->362292K(695808K), 0.0070457 secs] [Times: user=0.10 sys=0.00, real=0.01 secs] 
2016-09-24T03:21:36.071-0400: 14.516: [GC (GCLocker Initiated GC) [PSYoungGen: 171098K->79156K(175104K)] 458310K->373553K(699392K), 0.0071162 secs] [Times: user=0.09 sys=0.01, real=0.01 secs] 
2016-09-24T03:21:36.118-0400: 14.562: [GC (GCLocker Initiated GC) [PSYoungGen: 167220K->60365K(175104K)] 464462K->372843K(699392K), 0.0061069 secs] [Times: user=0.09 sys=0.00, real=0.01 secs] 
2016-09-24T03:21:36.159-0400: 14.603: [GC (GCLocker Initiated GC) [PSYoungGen: 148429K->84531K(175104K)] 462339K->417802K(699392K), 0.0081790 secs] [Times: user=0.08 sys=0.02, real=0.01 secs] 
2016-09-24T03:21:36.203-0400: 14.647: [GC (GCLocker Initiated GC) [PSYoungGen: 172595K->54575K(175104K)] 511363K->400407K(699392K), 0.1157380 secs] [Times: user=1.02 sys=0.12, real=0.11 secs] 
2016-09-24T03:21:36.365-0400: 14.809: [GC (GCLocker Initiated GC) [PSYoungGen: 142639K->54767K(175104K)] 491285K->430691K(699392K), 0.0068464 secs] [Times: user=0.07 sys=0.03, real=0.00 secs] 
2016-09-24T03:21:36.423-0400: 14.867: [GC (GCLocker Initiated GC) [PSYoungGen: 142831K->38361K(175104K)] 525705K->426901K(699392K), 0.0165764 secs] [Times: user=0.21 sys=0.01, real=0.01 secs] 
2016-09-24T03:21:36.480-0400: 14.924: [GC (GCLocker Initiated GC) [PSYoungGen: 126425K->61456K(175104K)] 515085K->454443K(699392K), 0.0129231 secs] [Times: user=0.17 sys=0.00, real=0.01 secs] 
2016-09-24T03:21:36.532-0400: 14.976: [GC (GCLocker Initiated GC) [PSYoungGen: 149520K->62708K(175104K)] 542645K->470943K(699392K), 0.0071416 secs] [Times: user=0.06 sys=0.01, real=0.01 secs] 
2016-09-24T03:21:36.586-0400: 15.030: [GC (GCLocker Initiated GC) [PSYoungGen: 150772K->57406K(175104K)] 565248K->499179K(699392K), 0.0080846 secs] [Times: user=0.11 sys=0.01, real=0.01 secs] 
2016-09-24T03:21:36.632-0400: 15.076: [GC (GCLocker Initiated GC) [PSYoungGen: 145470K->57421K(145920K)] 587470K->518608K(670208K), 0.0070252 secs] [Times: user=0.08 sys=0.01, real=0.01 secs] 
2016-09-24T03:21:36.673-0400: 15.117: [GC (GCLocker Initiated GC) [PSYoungGen: 145485K->62838K(176128K)] 612101K->549981K(700416K), 0.0081202 secs] [Times: user=0.08 sys=0.01, real=0.01 secs] 
2016-09-24T03:21:36.721-0400: 15.165: [Full GC (Ergonomics) [PSYoungGen: 152950K->0K(176128K)] [ParOldGen: 492767K->103987K(524288K)] 645717K->103987K(700416K), [Metaspace: 43277K->43277K(1085440K)], 0.0545393 secs] [Times: user=0.31 sys=0.07, real=0.06 secs] 
2016-09-24T03:21:36.816-0400: 15.260: [GC (GCLocker Initiated GC) [PSYoungGen: 90112K->61681K(174080K)] 203672K->175241K(698368K), 0.0053820 secs] [Times: user=0.07 sys=0.00, real=0.00 secs] 
2016-09-24T03:21:36.865-0400: 15.309: [GC (GCLocker Initiated GC) [PSYoungGen: 151793K->65472K(174592K)] 270803K->187640K(698880K), 0.0065204 secs] [Times: user=0.08 sys=0.01, real=0.00 secs] 
2016-09-24T03:21:36.912-0400: 15.356: [GC (GCLocker Initiated GC) [PSYoungGen: 158144K->76433K(174080K)] 283136K->217855K(698368K), 0.0069354 secs] [Times: user=0.09 sys=0.01, real=0.01 secs] 
2016-09-24T03:21:36.956-0400: 15.400: [GC (GCLocker Initiated GC) [PSYoungGen: 169105K->69604K(177664K)] 317399K->237096K(701952K), 0.0067910 secs] [Times: user=0.09 sys=0.01, real=0.01 secs] 
2016-09-24T03:21:37.003-0400: 15.447: [GC (GCLocker Initiated GC) [PSYoungGen: 162788K->77815K(171008K)] 339887K->255162K(695296K), 0.0073091 secs] [Times: user=0.11 sys=0.00, real=0.00 secs] 
2016-09-24T03:21:37.056-0400: 15.500: [GC (GCLocker Initiated GC) [PSYoungGen: 170999K->38536K(175104K)] 352474K->255401K(699392K), 0.0091001 secs] [Times: user=0.12 sys=0.01, real=0.01 secs] 
2016-09-24T03:21:37.098-0400: 15.542: [GC (GCLocker Initiated GC) [PSYoungGen: 126600K->85850K(175104K)] 343606K->307147K(699392K), 0.0062997 secs] [Times: user=0.08 sys=0.01, real=0.01 secs] 
2016-09-24T03:21:37.139-0400: 15.583: [GC (GCLocker Initiated GC) [PSYoungGen: 173914K->54704K(175104K)] 398066K->312905K(699392K), 0.0061493 secs] [Times: user=0.08 sys=0.00, real=0.01 secs] 
2016-09-24T03:21:37.179-0400: 15.623: [GC (GCLocker Initiated GC) [PSYoungGen: 142768K->76418K(175104K)] 403735K->341691K(699392K), 0.0070716 secs] [Times: user=0.09 sys=0.01, real=0.01 secs] 
2016-09-24T03:21:37.221-0400: 15.665: [GC (GCLocker Initiated GC) [PSYoungGen: 164482K->58707K(175104K)] 436562K->348602K(699392K), 0.0101038 secs] [Times: user=0.08 sys=0.01, real=0.01 secs] 
2016-09-24T03:21:37.261-0400: 15.705: [GC (GCLocker Initiated GC) [PSYoungGen: 146771K->73636K(175104K)] 436759K->392262K(699392K), 0.0096014 secs] [Times: user=0.12 sys=0.02, real=0.01 secs] 
2016-09-24T03:21:37.304-0400: 15.748: [GC (GCLocker Initiated GC) [PSYoungGen: 161700K->85915K(175104K)] 487354K->430708K(699392K), 0.0128546 secs] [Times: user=0.20 sys=0.02, real=0.01 secs] 
2016-09-24T03:21:37.358-0400: 15.802: [GC (GCLocker Initiated GC) [PSYoungGen: 173979K->66886K(175104K)] 521618K->422908K(699392K), 0.0073894 secs] [Times: user=0.09 sys=0.01, real=0.01 secs] 
2016-09-24T03:21:37.403-0400: 15.847: [GC (GCLocker Initiated GC) [PSYoungGen: 154950K->56022K(175104K)] 524583K->439382K(699392K), 0.0205689 secs] [Times: user=0.29 sys=0.02, real=0.02 secs] 
2016-09-24T03:21:37.465-0400: 15.909: [GC (GCLocker Initiated GC) [PSYoungGen: 144086K->58676K(175104K)] 527560K->445074K(699392K), 0.0095938 secs] [Times: user=0.11 sys=0.00, real=0.01 secs] 
2016-09-24T03:21:37.509-0400: 15.953: [GC (GCLocker Initiated GC) [PSYoungGen: 146740K->69508K(175104K)] 538651K->464351K(699392K), 0.0066792 secs] [Times: user=0.06 sys=0.01, real=0.01 secs] 
2016-09-24T03:21:37.551-0400: 15.995: [GC (GCLocker Initiated GC) [PSYoungGen: 157572K->64204K(175104K)] 563426K->486540K(699392K), 0.0060893 secs] [Times: user=0.08 sys=0.00, real=0.01 secs] 
2016-09-24T03:21:37.592-0400: 16.036: [GC (GCLocker Initiated GC) [PSYoungGen: 152268K->53404K(175104K)] 585561K->513947K(699392K), 0.0175223 secs] [Times: user=0.21 sys=0.01, real=0.02 secs] 
2016-09-24T03:21:37.643-0400: 16.087: [GC (GCLocker Initiated GC) [PSYoungGen: 141468K->69650K(175104K)] 602167K->546815K(699392K), 0.0067367 secs] [Times: user=0.09 sys=0.02, real=0.00 secs] 
2016-09-24T03:21:37.685-0400: 16.129: [GC (GCLocker Initiated GC) [PSYoungGen: 157714K->80500K(175104K)] 643223K->574324K(699392K), 0.0102167 secs] [Times: user=0.14 sys=0.02, real=0.01 secs] 
2016-09-24T03:21:37.695-0400: 16.139: [Full GC (Ergonomics) [PSYoungGen: 80500K->0K(175104K)] [ParOldGen: 493824K->120849K(524288K)] 574324K->120849K(699392K), [Metaspace: 43278K->43278K(1085440K)], 0.0755701 secs] [Times: user=0.30 sys=0.07, real=0.07 secs] 
2016-09-24T03:21:37.822-0400: 16.266: [GC (GCLocker Initiated GC) [PSYoungGen: 88062K->60168K(175104K)] 217257K->189363K(699392K), 0.0142362 secs] [Times: user=0.16 sys=0.01, real=0.01 secs] 
2016-09-24T03:21:37.875-0400: 16.319: [GC (GCLocker Initiated GC) [PSYoungGen: 148232K->61457K(175104K)] 285644K->200587K(699392K), 0.0063978 secs] [Times: user=0.05 sys=0.01, real=0.00 secs] 
2016-09-24T03:21:37.919-0400: 16.363: [GC (GCLocker Initiated GC) [PSYoungGen: 149521K->52117K(175104K)] 300887K->218574K(699392K), 0.0062132 secs] [Times: user=0.07 sys=0.00, real=0.01 secs] 
2016-09-24T03:21:37.958-0400: 16.402: [GC (GCLocker Initiated GC) [PSYoungGen: 140181K->60139K(175104K)] 313510K->233716K(699392K), 0.0063044 secs] [Times: user=0.06 sys=0.01, real=0.01 secs] 
2016-09-24T03:21:38.008-0400: 16.452: [GC (GCLocker Initiated GC) [PSYoungGen: 148203K->34407K(175104K)] 331299K->252895K(699392K), 0.0076247 secs] [Times: user=0.10 sys=0.02, real=0.01 secs] 
2016-09-24T03:21:38.047-0400: 16.491: [GC (GCLocker Initiated GC) [PSYoungGen: 122471K->79164K(175104K)] 347797K->307456K(699392K), 0.0063107 secs] [Times: user=0.09 sys=0.01, real=0.00 secs] 
2016-09-24T03:21:38.091-0400: 16.535: [GC (GCLocker Initiated GC) [PSYoungGen: 167228K->64250K(175104K)] 402354K->318579K(699392K), 0.0083357 secs] [Times: user=0.09 sys=0.01, real=0.01 secs] 
2016-09-24T03:21:38.147-0400: 16.591: [GC (GCLocker Initiated GC) [PSYoungGen: 152314K->74954K(175104K)] 406859K->335165K(699392K), 0.0056631 secs] [Times: user=0.07 sys=0.00, real=0.00 secs] 
2016-09-24T03:21:38.206-0400: 16.650: [GC (GCLocker Initiated GC) [PSYoungGen: 163018K->53404K(175104K)] 431540K->346472K(699392K), 0.0060305 secs] [Times: user=0.09 sys=0.01, real=0.00 secs] 
2016-09-24T03:21:38.248-0400: 16.692: [GC (GCLocker Initiated GC) [PSYoungGen: 141468K->57390K(175104K)] 440762K->358314K(699392K), 0.0056569 secs] [Times: user=0.08 sys=0.00, real=0.00 secs] 
2016-09-24T03:21:38.309-0400: 16.753: [GC (GCLocker Initiated GC) [PSYoungGen: 145454K->41190K(175104K)] 455930K->359966K(699392K), 0.0068402 secs] [Times: user=0.06 sys=0.01, real=0.01 secs] 
2016-09-24T03:21:38.369-0400: 16.813: [GC (GCLocker Initiated GC) [PSYoungGen: 129254K->58711K(175104K)] 448063K->394001K(699392K), 0.0096059 secs] [Times: user=0.12 sys=0.01, real=0.01 secs] 
2016-09-24T03:21:38.412-0400: 16.856: [GC (GCLocker Initiated GC) [PSYoungGen: 146775K->68268K(175104K)] 487588K->420116K(699392K), 0.0102416 secs] [Times: user=0.14 sys=0.02, real=0.02 secs] 
2016-09-24T03:21:38.479-0400: 16.923: [GC (GCLocker Initiated GC) [PSYoungGen: 156332K->84483K(175104K)] 508442K->457124K(699392K), 0.0152486 secs] [Times: user=0.22 sys=0.02, real=0.02 secs] 
2016-09-24T03:21:38.559-0400: 17.003: [GC (GCLocker Initiated GC) [PSYoungGen: 172547K->60155K(175104K)] 556693K->444521K(699392K), 0.0112515 secs] [Times: user=0.11 sys=0.02, real=0.01 secs] 
2016-09-24T03:21:38.647-0400: 17.091: [GC (GCLocker Initiated GC) [PSYoungGen: 148219K->56111K(175104K)] 540927K->455876K(699392K), 0.0090712 secs] [Times: user=0.13 sys=0.01, real=0.01 secs] 
2016-09-24T03:21:38.713-0400: 17.157: [GC (GCLocker Initiated GC) [PSYoungGen: 144175K->43890K(175104K)] 548257K->456290K(699392K), 0.0100411 secs] [Times: user=0.12 sys=0.01, real=0.02 secs] 
2016-09-24T03:21:38.768-0400: 17.212: [GC (GCLocker Initiated GC) [PSYoungGen: 131954K->50715K(175104K)] 547190K->468998K(699392K), 0.0061481 secs] [Times: user=0.06 sys=0.00, real=0.00 secs] 
2016-09-24T03:21:38.820-0400: 17.264: [GC (GCLocker Initiated GC) [PSYoungGen: 138779K->58704K(146944K)] 559805K->505749K(671232K), 0.0065939 secs] [Times: user=0.10 sys=0.00, real=0.01 secs] 
2016-09-24T03:21:38.865-0400: 17.309: [GC (GCLocker Initiated GC) [PSYoungGen: 146768K->48065K(175616K)] 596545K->534577K(699904K), 0.0069750 secs] [Times: user=0.12 sys=0.00, real=0.00 secs] 
2016-09-24T03:21:38.872-0400: 17.316: [Full GC (Ergonomics) [PSYoungGen: 48065K->0K(175616K)] [ParOldGen: 486511K->110570K(524288K)] 534577K->110570K(699904K), [Metaspace: 43294K->43294K(1085440K)], 0.0587398 secs] [Times: user=0.45 sys=0.09, real=0.06 secs] 
2016-09-24T03:21:38.976-0400: 17.420: [GC (GCLocker Initiated GC) [PSYoungGen: 89088K->74076K(174592K)] 206512K->191501K(698880K), 0.0076444 secs] [Times: user=0.10 sys=0.01, real=0.01 secs] 
2016-09-24T03:21:39.030-0400: 17.474: [GC (GCLocker Initiated GC) [PSYoungGen: 163164K->68358K(175104K)] 284465K->210675K(699392K), 0.0069324 secs] [Times: user=0.08 sys=0.00, real=0.01 secs] 
2016-09-24T03:21:39.089-0400: 17.534: [GC (GCLocker Initiated GC) [PSYoungGen: 156422K->63038K(175104K)] 309576K->216500K(699392K), 0.0107741 secs] [Times: user=0.06 sys=0.00, real=0.01 secs] 
2016-09-24T03:21:39.149-0400: 17.593: [GC (GCLocker Initiated GC) [PSYoungGen: 151102K->54808K(172032K)] 304625K->227717K(696320K), 0.0060144 secs] [Times: user=0.08 sys=0.01, real=0.01 secs] 
2016-09-24T03:21:39.195-0400: 17.639: [GC (GCLocker Initiated GC) [PSYoungGen: 142872K->64367K(173568K)] 315881K->239084K(697856K), 0.0090180 secs] [Times: user=0.05 sys=0.01, real=0.01 secs] 
2016-09-24T03:21:39.245-0400: 17.690: [GC (GCLocker Initiated GC) [PSYoungGen: 152431K->60333K(172032K)] 335356K->276127K(696320K), 0.0087232 secs] [Times: user=0.07 sys=0.01, real=0.01 secs] 
2016-09-24T03:21:39.298-0400: 17.742: [GC (GCLocker Initiated GC) [PSYoungGen: 152493K->56312K(174592K)] 376573K->299745K(698880K), 0.0100823 secs] [Times: user=0.11 sys=0.01, real=0.01 secs] 
2016-09-24T03:21:39.360-0400: 17.804: [GC (GCLocker Initiated GC) [PSYoungGen: 148472K->49419K(178688K)] 400129K->309642K(702976K), 0.0063831 secs] [Times: user=0.08 sys=0.00, real=0.01 secs] 
2016-09-24T03:21:39.414-0400: 17.858: [GC (GCLocker Initiated GC) [PSYoungGen: 148235K->64426K(179712K)] 414748K->350290K(704000K), 0.0065235 secs] [Times: user=0.08 sys=0.00, real=0.00 secs] 
2016-09-24T03:21:39.469-0400: 17.913: [GC (GCLocker Initiated GC) [PSYoungGen: 163242K->64390K(180736K)] 449231K->360340K(705024K), 0.0117340 secs] [Times: user=0.16 sys=0.00, real=0.01 secs] 
2016-09-24T03:21:39.523-0400: 17.967: [GC (GCLocker Initiated GC) [PSYoungGen: 165254K->72568K(173568K)] 464006K->382548K(697856K), 0.0080730 secs] [Times: user=0.10 sys=0.00, real=0.00 secs] 
2016-09-24T03:21:39.583-0400: 18.028: [GC (GCLocker Initiated GC) [PSYoungGen: 173432K->64365K(180224K)] 488856K->393770K(704512K), 0.0186584 secs] [Times: user=0.22 sys=0.02, real=0.02 secs] 
2016-09-24T03:21:39.663-0400: 18.108: [GC (GCLocker Initiated GC) [PSYoungGen: 161645K->73868K(171520K)] 496473K->419996K(695808K), 0.0075031 secs] [Times: user=0.09 sys=0.01, real=0.00 secs] 
2016-09-24T03:21:39.732-0400: 18.176: [GC (GCLocker Initiated GC) [PSYoungGen: 171148K->68460K(177664K)] 522798K->421924K(701952K), 0.0074476 secs] [Times: user=0.08 sys=0.02, real=0.01 secs] 
2016-09-24T03:21:39.829-0400: 18.273: [GC (GCLocker Initiated GC) [PSYoungGen: 161644K->64507K(157696K)] 534089K->437455K(681984K), 0.0408926 secs] [Times: user=0.24 sys=0.04, real=0.04 secs] 
2016-09-24T03:21:39.944-0400: 18.388: [GC (GCLocker Initiated GC) [PSYoungGen: 157691K->52295K(175616K)] 542865K->440666K(699904K), 0.0520393 secs] [Times: user=0.24 sys=0.06, real=0.05 secs] 
2016-09-24T03:21:40.067-0400: 18.512: [GC (GCLocker Initiated GC) [PSYoungGen: 145479K->35729K(175616K)] 539310K->431368K(699904K), 0.0101302 secs] [Times: user=0.08 sys=0.01, real=0.01 secs] 
2016-09-24T03:21:40.131-0400: 18.575: [GC (GCLocker Initiated GC) [PSYoungGen: 128913K->37224K(174080K)] 525945K->438671K(698368K), 0.0080706 secs] [Times: user=0.07 sys=0.01, real=0.01 secs] 
2016-09-24T03:21:40.212-0400: 18.657: [GC (GCLocker Initiated GC) [PSYoungGen: 126312K->69762K(159232K)] 527820K->473130K(683520K), 0.0093357 secs] [Times: user=0.11 sys=0.01, real=0.01 secs] 
2016-09-24T03:21:40.302-0400: 18.746: [GC (GCLocker Initiated GC) [PSYoungGen: 158850K->50831K(175616K)] 574384K->474921K(699904K), 0.0090982 secs] [Times: user=0.09 sys=0.02, real=0.00 secs] 
2016-09-24T03:21:40.433-0400: 18.877: [GC (Allocation Failure) [PSYoungGen: 139407K->58971K(147968K)] 563675K->489104K(672256K), 0.0070158 secs] [Times: user=0.09 sys=0.01, real=0.01 secs] 
2016-09-24T03:21:40.527-0400: 18.971: [GC (GCLocker Initiated GC) [PSYoungGen: 146226K->45311K(173056K)] 580409K->482627K(697344K), 0.0069909 secs] [Times: user=0.08 sys=0.01, real=0.00 secs] 
2016-09-24T03:21:40.578-0400: 19.022: [GC (GCLocker Initiated GC) [PSYoungGen: 134399K->41439K(172544K)] 574550K->482095K(696832K), 0.0133869 secs] [Times: user=0.16 sys=0.00, real=0.01 secs] 
2016-09-24T03:21:40.719-0400: 19.163: [GC (GCLocker Initiated GC) [PSYoungGen: 130527K->47885K(176128K)] 571320K->501286K(700416K), 0.0990647 secs] [Times: user=0.56 sys=0.08, real=0.10 secs] 
2016-09-24T03:21:40.931-0400: 19.375: [GC (GCLocker Initiated GC) [PSYoungGen: 143117K->27864K(177152K)] 631728K->518212K(701440K), 0.0068340 secs] [Times: user=0.07 sys=0.01, real=0.01 secs] 
2016-09-24T03:21:41.082-0400: 19.526: [GC (GCLocker Initiated GC) [PSYoungGen: 123096K->45332K(178176K)] 614161K->537052K(702464K), 0.0081055 secs] [Times: user=0.07 sys=0.01, real=0.00 secs] 
2016-09-24T03:21:41.190-0400: 19.634: [Full GC (Ergonomics) [PSYoungGen: 141588K->0K(178176K)] [ParOldGen: 522805K->115686K(524288K)] 664393K->115686K(702464K), [Metaspace: 43299K->43299K(1085440K)], 0.0624791 secs] [Times: user=0.53 sys=0.03, real=0.06 secs] 
2016-09-24T03:21:41.324-0400: 19.768: [GC (GCLocker Initiated GC) [PSYoungGen: 96256K->72751K(169472K)] 222834K->199329K(693760K), 0.0178361 secs] [Times: user=0.28 sys=0.01, real=0.01 secs] 
2016-09-24T03:21:41.413-0400: 19.857: [GC (GCLocker Initiated GC) [PSYoungGen: 169007K->79378K(174592K)] 296089K->207229K(698880K), 0.0095071 secs] [Times: user=0.13 sys=0.05, real=0.02 secs] 
2016-09-24T03:21:41.582-0400: 20.026: [GC (GCLocker Initiated GC) [PSYoungGen: 167442K->65733K(175104K)] 299393K->202284K(699392K), 0.0182460 secs] [Times: user=0.25 sys=0.05, real=0.02 secs] 
2016-09-24T03:21:41.655-0400: 20.099: [GC (GCLocker Initiated GC) [PSYoungGen: 153797K->37196K(175104K)] 293211K->201307K(699392K), 0.0092386 secs] [Times: user=0.15 sys=0.01, real=0.01 secs] 
2016-09-24T03:21:41.729-0400: 20.173: [GC (GCLocker Initiated GC) [PSYoungGen: 125260K->56252K(175104K)] 290847K->231711K(699392K), 0.0111527 secs] [Times: user=0.12 sys=0.06, real=0.01 secs] 
2016-09-24T03:21:41.798-0400: 20.242: [GC (GCLocker Initiated GC) [PSYoungGen: 144316K->50821K(175104K)] 327022K->234013K(699392K), 0.0096124 secs] [Times: user=0.11 sys=0.05, real=0.01 secs] 
2016-09-24T03:21:41.863-0400: 20.307: [GC (GCLocker Initiated GC) [PSYoungGen: 138885K->44076K(132608K)] 332928K->249470K(656896K), 0.0091948 secs] [Times: user=0.15 sys=0.02, real=0.00 secs] 
2016-09-24T03:21:41.937-0400: 20.381: [GC (GCLocker Initiated GC) [PSYoungGen: 132140K->39793K(174592K)] 340254K->253787K(698880K), 0.0124339 secs] [Times: user=0.13 sys=0.05, real=0.01 secs] 
2016-09-24T03:21:42.019-0400: 20.463: [GC (GCLocker Initiated GC) [PSYoungGen: 128881K->49546K(173568K)] 347297K->272463K(697856K), 0.0121609 secs] [Times: user=0.15 sys=0.02, real=0.01 secs] 
2016-09-24T03:21:42.081-0400: 20.525: [GC (GCLocker Initiated GC) [PSYoungGen: 138634K->62922K(173056K)] 361594K->286435K(697344K), 0.0175434 secs] [Times: user=0.24 sys=0.02, real=0.02 secs] 
2016-09-24T03:21:42.160-0400: 20.604: [GC (GCLocker Initiated GC) [PSYoungGen: 154058K->41228K(174080K)] 380356K->280155K(698368K), 0.0081158 secs] [Times: user=0.10 sys=0.01, real=0.01 secs] 
2016-09-24T03:21:42.220-0400: 20.664: [GC (GCLocker Initiated GC) [PSYoungGen: 132364K->59042K(178176K)] 374014K->318771K(702464K), 0.0098465 secs] [Times: user=0.10 sys=0.02, real=0.01 secs] 
2016-09-24T03:21:42.281-0400: 20.725: [GC (GCLocker Initiated GC) [PSYoungGen: 156322K->67209K(164864K)] 421577K->349160K(689152K), 0.0103836 secs] [Times: user=0.12 sys=0.01, real=0.01 secs] 
2016-09-24T03:21:42.343-0400: 20.787: [GC (GCLocker Initiated GC) [PSYoungGen: 164489K->44040K(179200K)] 449239K->344195K(703488K), 0.0064428 secs] [Times: user=0.06 sys=0.01, real=0.00 secs] 
2016-09-24T03:21:42.397-0400: 20.841: [GC (GCLocker Initiated GC) [PSYoungGen: 139272K->33221K(178176K)] 447627K->355564K(702464K), 0.0230680 secs] [Times: user=0.27 sys=0.01, real=0.02 secs] 
2016-09-24T03:21:42.466-0400: 20.910: [GC (GCLocker Initiated GC) [PSYoungGen: 128453K->53469K(174592K)] 453741K->403646K(698880K), 0.0129335 secs] [Times: user=0.15 sys=0.02, real=0.01 secs] 
2016-09-24T03:21:42.532-0400: 20.976: [GC (GCLocker Initiated GC) [PSYoungGen: 149213K->65898K(176640K)] 510431K->438447K(700928K), 0.0105847 secs] [Times: user=0.12 sys=0.01, real=0.02 secs] 
2016-09-24T03:21:42.588-0400: 21.032: [GC (GCLocker Initiated GC) [PSYoungGen: 161642K->68443K(173568K)] 536953K->445706K(697856K), 0.0076543 secs] [Times: user=0.08 sys=0.00, real=0.01 secs] 
2016-09-24T03:21:42.641-0400: 21.085: [GC (GCLocker Initiated GC) [PSYoungGen: 158555K->53488K(143872K)] 535866K->436771K(668160K), 0.0088512 secs] [Times: user=0.09 sys=0.00, real=0.01 secs] 
2016-09-24T03:21:42.694-0400: 21.138: [GC (GCLocker Initiated GC) [PSYoungGen: 143600K->52561K(178176K)] 529922K->451519K(702464K), 0.0114455 secs] [Times: user=0.11 sys=0.02, real=0.02 secs] 
2016-09-24T03:21:42.755-0400: 21.199: [GC (GCLocker Initiated GC) [PSYoungGen: 147793K->63015K(175616K)] 546846K->469551K(699904K), 0.0064822 secs] [Times: user=0.06 sys=0.01, real=0.00 secs] 
2016-09-24T03:21:42.802-0400: 21.246: [GC (GCLocker Initiated GC) [PSYoungGen: 158247K->55234K(178176K)] 568938K->483924K(702464K), 0.0086654 secs] [Times: user=0.06 sys=0.02, real=0.01 secs] 
2016-09-24T03:21:42.865-0400: 21.309: [GC (GCLocker Initiated GC) [PSYoungGen: 155586K->67251K(179200K)] 587103K->518485K(703488K), 0.0077041 secs] [Times: user=0.10 sys=0.02, real=0.00 secs] 
2016-09-24T03:21:42.917-0400: 21.361: [GC (GCLocker Initiated GC) [PSYoungGen: 167603K->52320K(181760K)] 624332K->515030K(706048K), 0.0094947 secs] [Times: user=0.10 sys=0.01, real=0.01 secs] 
2016-09-24T03:21:42.991-0400: 21.435: [GC (Allocation Failure) [PSYoungGen: 154208K->76817K(179200K)] 627773K->569973K(703488K), 0.0072682 secs] [Times: user=0.09 sys=0.01, real=0.01 secs] 
2016-09-24T03:21:43.060-0400: 21.504: [Full GC (Ergonomics) [PSYoungGen: 177515K->0K(179200K)] [ParOldGen: 495856K->134743K(524288K)] 673371K->134743K(703488K), [Metaspace: 43308K->43308K(1085440K)], 0.0599747 secs] [Times: user=0.41 sys=0.03, real=0.06 secs] 
2016-09-24T03:21:43.169-0400: 21.613: [GC (GCLocker Initiated GC) [PSYoungGen: 101888K->80454K(171008K)] 236723K->215290K(695296K), 0.0077056 secs] [Times: user=0.09 sys=0.01, real=0.01 secs] 
2016-09-24T03:21:43.227-0400: 21.671: [GC (GCLocker Initiated GC) [PSYoungGen: 168518K->52068K(175104K)] 303499K->214159K(699392K), 0.0087734 secs] [Times: user=0.07 sys=0.02, real=0.01 secs] 
2016-09-24T03:21:43.275-0400: 21.719: [GC (GCLocker Initiated GC) [PSYoungGen: 140132K->74152K(175104K)] 302314K->240860K(699392K), 0.0115582 secs] [Times: user=0.14 sys=0.02, real=0.01 secs] 
2016-09-24T03:21:43.330-0400: 21.774: [GC (GCLocker Initiated GC) [PSYoungGen: 162216K->67265K(175104K)] 328960K->242849K(699392K), 0.0177662 secs] [Times: user=0.20 sys=0.02, real=0.02 secs] 
2016-09-24T03:21:43.411-0400: 21.855: [GC (GCLocker Initiated GC) [PSYoungGen: 155329K->28673K(175104K)] 340445K->259054K(699392K), 0.0101205 secs] [Times: user=0.08 sys=0.01, real=0.01 secs] 
2016-09-24T03:21:43.520-0400: 21.964: [GC (GCLocker Initiated GC) [PSYoungGen: 116737K->34827K(175104K)] 350799K->289046K(699392K), 0.0132875 secs] [Times: user=0.18 sys=0.01, real=0.01 secs] 
2016-09-24T03:21:43.629-0400: 22.074: [GC (GCLocker Initiated GC) [PSYoungGen: 122891K->37509K(175104K)] 385281K->300505K(699392K), 0.0043228 secs] [Times: user=0.03 sys=0.00, real=0.00 secs] 
2016-09-24T03:21:45.245-0400: 23.689: [GC (GCLocker Initiated GC) [PSYoungGen: 125573K->64747K(175104K)] 391393K->339223K(699392K), 0.0091296 secs] [Times: user=0.09 sys=0.02, real=0.00 secs] 
2016-09-24T03:21:45.311-0400: 23.755: [GC (GCLocker Initiated GC) [PSYoungGen: 152811K->76666K(175104K)] 432873K->366986K(699392K), 0.0083876 secs] [Times: user=0.11 sys=0.02, real=0.01 secs] 
2016-09-24T03:21:45.367-0400: 23.811: [GC (GCLocker Initiated GC) [PSYoungGen: 164730K->49551K(175104K)] 455120K->379685K(699392K), 0.0073554 secs] [Times: user=0.09 sys=0.01, real=0.01 secs] 
2016-09-24T03:21:45.415-0400: 23.859: [GC (GCLocker Initiated GC) [PSYoungGen: 137615K->55286K(175104K)] 470583K->410381K(699392K), 0.0067379 secs] [Times: user=0.08 sys=0.01, real=0.00 secs] 
2016-09-24T03:21:45.467-0400: 23.911: [GC (GCLocker Initiated GC) [PSYoungGen: 143350K->64674K(175104K)] 501230K->427426K(699392K), 0.0077790 secs] [Times: user=0.06 sys=0.02, real=0.01 secs] 
2016-09-24T03:21:45.539-0400: 23.983: [GC (GCLocker Initiated GC) [PSYoungGen: 152738K->39020K(175104K)] 526584K->444696K(699392K), 0.0110819 secs] [Times: user=0.13 sys=0.01, real=0.01 secs] 
2016-09-24T03:21:45.607-0400: 24.051: [GC (GCLocker Initiated GC) [PSYoungGen: 127084K->56342K(175104K)] 533282K->464758K(699392K), 0.0137250 secs] [Times: user=0.17 sys=0.01, real=0.01 secs] 
2016-09-24T03:21:45.660-0400: 24.104: [GC (GCLocker Initiated GC) [PSYoungGen: 144406K->72748K(175104K)] 563864K->502279K(699392K), 0.0197484 secs] [Times: user=0.28 sys=0.00, real=0.02 secs] 
2016-09-24T03:21:45.735-0400: 24.179: [GC (GCLocker Initiated GC) [PSYoungGen: 160812K->71400K(175104K)] 595778K->519210K(699392K), 0.0065315 secs] [Times: user=0.09 sys=0.00, real=0.00 secs] 
2016-09-24T03:21:45.789-0400: 24.234: [GC (GCLocker Initiated GC) [PSYoungGen: 159464K->59066K(175104K)] 607484K->510506K(699392K), 0.0064550 secs] [Times: user=0.10 sys=0.00, real=0.01 secs] 
2016-09-24T03:21:45.844-0400: 24.288: [GC (GCLocker Initiated GC) [PSYoungGen: 147130K->81139K(175104K)] 598688K->542740K(699392K), 0.0179712 secs] [Times: user=0.25 sys=0.03, real=0.02 secs] 
2016-09-24T03:21:45.912-0400: 24.356: [GC (GCLocker Initiated GC) [PSYoungGen: 169203K->47278K(175104K)] 641685K->551756K(699392K), 0.0150434 secs] [Times: user=0.17 sys=0.02, real=0.02 secs] 
2016-09-24T03:21:45.927-0400: 24.371: [Full GC (Ergonomics) [PSYoungGen: 47278K->0K(175104K)] [ParOldGen: 504477K->146434K(524288K)] 551756K->146434K(699392K), [Metaspace: 43314K->43314K(1085440K)], 0.0796754 secs] [Times: user=0.52 sys=0.10, real=0.08 secs] 
2016-09-24T03:21:46.078-0400: 24.522: [GC (GCLocker Initiated GC) [PSYoungGen: 88064K->47039K(175104K)] 246849K->205824K(699392K), 0.0077176 secs] [Times: user=0.05 sys=0.01, real=0.01 secs] 
2016-09-24T03:21:46.148-0400: 24.592: [GC (GCLocker Initiated GC) [PSYoungGen: 135103K->63272K(175104K)] 294038K->237940K(699392K), 0.0066653 secs] [Times: user=0.07 sys=0.01, real=0.01 secs] 
2016-09-24T03:21:46.218-0400: 24.663: [GC (GCLocker Initiated GC) [PSYoungGen: 151336K->60658K(175104K)] 331442K->249556K(699392K), 0.0077534 secs] [Times: user=0.08 sys=0.01, real=0.01 secs] 
2016-09-24T03:21:46.289-0400: 24.733: [GC (GCLocker Initiated GC) [PSYoungGen: 148722K->57877K(172032K)] 344538K->254350K(696320K), 0.0055056 secs] [Times: user=0.06 sys=0.01, real=0.01 secs] 
2016-09-24T03:21:46.371-0400: 24.815: [GC (GCLocker Initiated GC) [PSYoungGen: 145941K->61700K(173568K)] 350570K->279184K(697856K), 0.0109386 secs] [Times: user=0.14 sys=0.02, real=0.02 secs] 
2016-09-24T03:21:46.466-0400: 24.910: [GC (GCLocker Initiated GC) [PSYoungGen: 149764K->48325K(175616K)] 380807K->301399K(699904K), 0.0074320 secs] [Times: user=0.11 sys=0.00, real=0.00 secs] 
2016-09-24T03:21:46.520-0400: 24.964: [GC (Allocation Failure) [PSYoungGen: 140997K->44147K(176128K)] 395572K->323594K(700416K), 0.0116851 secs] [Times: user=0.12 sys=0.01, real=0.01 secs] 
2016-09-24T03:21:46.584-0400: 25.028: [GC (GCLocker Initiated GC) [PSYoungGen: 134408K->60462K(175616K)] 416554K->368878K(699904K), 0.0078369 secs] [Times: user=0.09 sys=0.01, real=0.00 secs] 
2016-09-24T03:21:46.658-0400: 25.102: [GC (GCLocker Initiated GC) [PSYoungGen: 155694K->59308K(177152K)] 473649K->380523K(701440K), 0.0065869 secs] [Times: user=0.07 sys=0.00, real=0.01 secs] 
2016-09-24T03:21:46.717-0400: 25.161: [GC (GCLocker Initiated GC) [PSYoungGen: 154540K->47076K(179200K)] 476735K->391689K(703488K), 0.0064546 secs] [Times: user=0.09 sys=0.01, real=0.01 secs] 
2016-09-24T03:21:46.773-0400: 25.217: [GC (GCLocker Initiated GC) [PSYoungGen: 146916K->64525K(179712K)] 497053K->423466K(704000K), 0.0065425 secs] [Times: user=0.09 sys=0.00, real=0.01 secs] 
2016-09-24T03:21:46.833-0400: 25.277: [GC (GCLocker Initiated GC) [PSYoungGen: 164365K->68611K(177664K)] 534269K->439174K(701952K), 0.0143993 secs] [Times: user=0.22 sys=0.00, real=0.02 secs] 
2016-09-24T03:21:46.896-0400: 25.340: [GC (GCLocker Initiated GC) [PSYoungGen: 165891K->59190K(179712K)] 539180K->435889K(704000K), 0.0191755 secs] [Times: user=0.28 sys=0.00, real=0.02 secs] 
2016-09-24T03:21:46.959-0400: 25.403: [GC (GCLocker Initiated GC) [PSYoungGen: 156470K->63210K(178688K)] 533213K->443329K(702976K), 0.0084012 secs] [Times: user=0.11 sys=0.00, real=0.01 secs] 
2016-09-24T03:21:47.013-0400: 25.457: [GC (GCLocker Initiated GC) [PSYoungGen: 162538K->46998K(179200K)] 545440K->446722K(703488K), 0.0103977 secs] [Times: user=0.10 sys=0.00, real=0.02 secs] 
2016-09-24T03:21:47.070-0400: 25.514: [GC (GCLocker Initiated GC) [PSYoungGen: 146326K->56447K(178176K)] 554369K->470628K(702464K), 0.0070748 secs] [Times: user=0.07 sys=0.00, real=0.01 secs] 
2016-09-24T03:21:47.134-0400: 25.578: [GC (GCLocker Initiated GC) [PSYoungGen: 158847K->45529K(180224K)] 575916K->464653K(704512K), 0.0067405 secs] [Times: user=0.06 sys=0.00, real=0.01 secs] 
2016-09-24T03:21:47.193-0400: 25.637: [GC (GCLocker Initiated GC) [PSYoungGen: 147929K->63503K(183296K)] 581981K->500971K(707584K), 0.0079174 secs] [Times: user=0.10 sys=0.00, real=0.01 secs] 
2016-09-24T03:21:47.253-0400: 25.697: [GC (GCLocker Initiated GC) [PSYoungGen: 168975K->67467K(173056K)] 612513K->514596K(697344K), 0.0072736 secs] [Times: user=0.11 sys=0.00, real=0.01 secs] 
2016-09-24T03:21:47.314-0400: 25.758: [GC (GCLocker Initiated GC) [PSYoungGen: 172939K->51283K(182784K)] 625617K->514200K(707072K), 0.0062782 secs] [Times: user=0.08 sys=0.00, real=0.00 secs] 
2016-09-24T03:21:47.371-0400: 25.815: [GC (GCLocker Initiated GC) [PSYoungGen: 153683K->55191K(157696K)] 622084K->555479K(681984K), 0.0069808 secs] [Times: user=0.09 sys=0.00, real=0.01 secs] 
2016-09-24T03:21:47.378-0400: 25.822: [Full GC (Ergonomics) [PSYoungGen: 55191K->0K(157696K)] [ParOldGen: 500288K->158823K(524288K)] 555479K->158823K(681984K), [Metaspace: 43516K->43516K(1085440K)], 0.0484277 secs] [Times: user=0.37 sys=0.01, real=0.05 secs] 
2016-09-24T03:21:47.475-0400: 25.919: [GC (GCLocker Initiated GC) [PSYoungGen: 102400K->67787K(177664K)] 261424K->226811K(701952K), 0.0061944 secs] [Times: user=0.10 sys=0.00, real=0.00 secs] 
2016-09-24T03:21:47.523-0400: 25.967: [GC (GCLocker Initiated GC) [PSYoungGen: 168139K->78087K(178688K)] 330043K->250630K(702976K), 0.0065325 secs] [Times: user=0.10 sys=0.00, real=0.00 secs] 
2016-09-24T03:21:47.575-0400: 26.020: [GC (GCLocker Initiated GC) [PSYoungGen: 178439K->56509K(179200K)] 351043K->229689K(703488K), 0.0055792 secs] [Times: user=0.06 sys=0.00, real=0.00 secs] 
2016-09-24T03:21:47.637-0400: 26.081: [GC (GCLocker Initiated GC) [PSYoungGen: 152253K->67268K(178688K)] 328220K->246709K(702976K), 0.0063040 secs] [Times: user=0.08 sys=0.00, real=0.01 secs] 
2016-09-24T03:21:47.685-0400: 26.129: [GC (GCLocker Initiated GC) [PSYoungGen: 163012K->79436K(171520K)] 345253K->269105K(695808K), 0.0067684 secs] [Times: user=0.11 sys=0.00, real=0.00 secs] 
2016-09-24T03:21:47.732-0400: 26.176: [GC (GCLocker Initiated GC) [PSYoungGen: 167500K->72684K(175104K)] 359961K->277990K(699392K), 0.0065073 secs] [Times: user=0.09 sys=0.00, real=0.01 secs] 
2016-09-24T03:21:47.775-0400: 26.219: [GC (GCLocker Initiated GC) [PSYoungGen: 160748K->59152K(175104K)] 368832K->285424K(699392K), 0.0069241 secs] [Times: user=0.06 sys=0.01, real=0.00 secs] 
2016-09-24T03:21:47.831-0400: 26.275: [GC (GCLocker Initiated GC) [PSYoungGen: 147216K->55135K(143360K)] 378995K->297070K(667648K), 0.0082078 secs] [Times: user=0.08 sys=0.01, real=0.01 secs] 
2016-09-24T03:21:47.884-0400: 26.328: [GC (GCLocker Initiated GC) [PSYoungGen: 143199K->45842K(174080K)] 389242K->300648K(698368K), 0.0058783 secs] [Times: user=0.07 sys=0.00, real=0.00 secs] 
2016-09-24T03:21:47.934-0400: 26.378: [GC (GCLocker Initiated GC) [PSYoungGen: 133394K->67221K(174592K)] 397733K->332339K(698880K), 0.0099021 secs] [Times: user=0.14 sys=0.00, real=0.01 secs] 
2016-09-24T03:21:47.985-0400: 26.429: [GC (GCLocker Initiated GC) [PSYoungGen: 154773K->74099K(174592K)] 423012K->365888K(698880K), 0.0077115 secs] [Times: user=0.11 sys=0.00, real=0.00 secs] 
2016-09-24T03:21:48.038-0400: 26.482: [GC (GCLocker Initiated GC) [PSYoungGen: 162163K->64587K(175104K)] 465126K->387105K(699392K), 0.0072455 secs] [Times: user=0.11 sys=0.00, real=0.01 secs] 
2016-09-24T03:21:48.091-0400: 26.535: [GC (GCLocker Initiated GC) [PSYoungGen: 152651K->60500K(171008K)] 478014K->400028K(695296K), 0.0098913 secs] [Times: user=0.12 sys=0.00, real=0.01 secs] 
2016-09-24T03:21:48.143-0400: 26.587: [GC (GCLocker Initiated GC) [PSYoungGen: 148564K->45524K(173056K)] 496260K->395142K(697344K), 0.0364834 secs] [Times: user=0.40 sys=0.00, real=0.03 secs] 
2016-09-24T03:21:48.219-0400: 26.663: [GC (GCLocker Initiated GC) [PSYoungGen: 133588K->60419K(173568K)] 486028K->420295K(697856K), 0.0151157 secs] [Times: user=0.19 sys=0.00, real=0.01 secs] 
2016-09-24T03:21:48.281-0400: 26.725: [GC (GCLocker Initiated GC) [PSYoungGen: 152067K->55145K(175104K)] 522875K->426540K(699392K), 0.0065056 secs] [Times: user=0.06 sys=0.00, real=0.01 secs] 
2016-09-24T03:21:48.331-0400: 26.775: [GC (GCLocker Initiated GC) [PSYoungGen: 146793K->68660K(177664K)] 520953K->446305K(701952K), 0.0081383 secs] [Times: user=0.10 sys=0.00, real=0.01 secs] 
2016-09-24T03:21:48.391-0400: 26.835: [GC (GCLocker Initiated GC) [PSYoungGen: 164404K->56589K(178688K)] 546258K->475581K(702976K), 0.0083140 secs] [Times: user=0.11 sys=0.01, real=0.01 secs] 
2016-09-24T03:21:48.453-0400: 26.897: [GC (GCLocker Initiated GC) [PSYoungGen: 152333K->66007K(178688K)] 579529K->504725K(702976K), 0.0092333 secs] [Times: user=0.13 sys=0.00, real=0.02 secs] 
2016-09-24T03:21:48.507-0400: 26.951: [GC (GCLocker Initiated GC) [PSYoungGen: 163287K->56550K(178688K)] 604800K->520398K(702976K), 0.0071120 secs] [Times: user=0.09 sys=0.00, real=0.00 secs] 
2016-09-24T03:21:48.555-0400: 26.999: [GC (GCLocker Initiated GC) [PSYoungGen: 153830K->79468K(171520K)] 617743K->572451K(695808K), 0.0080213 secs] [Times: user=0.10 sys=0.01, real=0.01 secs] 
2016-09-24T03:21:48.564-0400: 27.008: [Full GC (Ergonomics) [PSYoungGen: 79468K->0K(171520K)] [ParOldGen: 492983K->179028K(524288K)] 572451K->179028K(695808K), [Metaspace: 43516K->43516K(1085440K)], 0.0594190 secs] [Times: user=0.42 sys=0.01, real=0.06 secs] 
2016-09-24T03:21:48.662-0400: 27.106: [GC (GCLocker Initiated GC) [PSYoungGen: 91136K->47327K(176640K)] 273078K->229270K(700928K), 5.4015540 secs] [Times: user=0.22 sys=0.01, real=5.40 secs] 
2016-09-24T03:21:54.119-0400: 32.563: [GC (GCLocker Initiated GC) [PSYoungGen: 138463K->70152K(174592K)] 327267K->262570K(698880K), 0.0066897 secs] [Times: user=0.09 sys=0.00, real=0.01 secs] 
2016-09-24T03:21:54.170-0400: 32.614: [GC (GCLocker Initiated GC) [PSYoungGen: 159240K->76671K(165888K)] 351735K->273965K(690176K), 0.0078090 secs] [Times: user=0.08 sys=0.00, real=0.01 secs] 
2016-09-24T03:21:54.223-0400: 32.667: [GC (GCLocker Initiated GC) [PSYoungGen: 165759K->57844K(175104K)] 363099K->281493K(699392K), 0.0069178 secs] [Times: user=0.11 sys=0.00, real=0.00 secs] 
2016-09-24T03:21:55.920-0400: 34.364: [GC (GCLocker Initiated GC) [PSYoungGen: 145908K->41478K(175104K)] 369719K->275372K(699392K), 0.0103494 secs] [Times: user=0.10 sys=0.00, real=0.01 secs] 
2016-09-24T03:21:55.976-0400: 34.420: [GC (GCLocker Initiated GC) [PSYoungGen: 129542K->37368K(175104K)] 371950K->289884K(699392K), 0.0222584 secs] [Times: user=0.19 sys=0.01, real=0.02 secs] 
2016-09-24T03:21:56.045-0400: 34.489: [GC (GCLocker Initiated GC) [PSYoungGen: 125432K->45408K(175104K)] 384827K->305481K(699392K), 0.0091088 secs] [Times: user=0.09 sys=0.00, real=0.00 secs] 
2016-09-24T03:21:56.099-0400: 34.543: [GC (GCLocker Initiated GC) [PSYoungGen: 133472K->53805K(174080K)] 393799K->321467K(698368K), 0.0130693 secs] [Times: user=0.14 sys=0.00, real=0.01 secs] 
2016-09-24T03:21:56.159-0400: 34.603: [GC (GCLocker Initiated GC) [PSYoungGen: 141869K->67164K(174592K)] 417768K->346374K(698880K), 0.0098849 secs] [Times: user=0.09 sys=0.01, real=0.01 secs] 
2016-09-24T03:21:56.215-0400: 34.659: [GC (GCLocker Initiated GC) [PSYoungGen: 155228K->45532K(175104K)] 437394K->332394K(699392K), 0.0148050 secs] [Times: user=0.15 sys=0.01, real=0.01 secs] 
2016-09-24T03:21:56.272-0400: 34.716: [GC (GCLocker Initiated GC) [PSYoungGen: 134108K->65866K(175104K)] 421141K->358937K(699392K), 0.0151560 secs] [Times: user=0.15 sys=0.00, real=0.02 secs] 
2016-09-24T03:21:56.333-0400: 34.777: [GC (GCLocker Initiated GC) [PSYoungGen: 154442K->55018K(171008K)] 459723K->360901K(695296K), 0.0101953 secs] [Times: user=0.11 sys=0.00, real=0.02 secs] 
2016-09-24T03:21:56.405-0400: 34.849: [GC (GCLocker Initiated GC) [PSYoungGen: 143594K->52428K(173056K)] 464882K->374358K(697344K), 0.0060132 secs] [Times: user=0.05 sys=0.00, real=0.00 secs] 
2016-09-24T03:21:56.462-0400: 34.906: [GC (GCLocker Initiated GC) [PSYoungGen: 141004K->41442K(177152K)] 465779K->376363K(701440K), 0.0072276 secs] [Times: user=0.06 sys=0.00, real=0.01 secs] 
2016-09-24T03:21:56.526-0400: 34.970: [GC (GCLocker Initiated GC) [PSYoungGen: 136162K->70121K(164864K)] 471163K->407098K(689152K), 0.0069600 secs] [Times: user=0.08 sys=0.01, real=0.00 secs] 
2016-09-24T03:21:56.584-0400: 35.028: [GC (GCLocker Initiated GC) [PSYoungGen: 164841K->62044K(177664K)] 504540K->406508K(701952K), 0.0075449 secs] [Times: user=0.09 sys=0.00, real=0.00 secs] 
2016-09-24T03:21:56.647-0400: 35.091: [GC (GCLocker Initiated GC) [PSYoungGen: 154204K->59329K(151552K)] 506984K->412924K(675840K), 0.0076403 secs] [Times: user=0.08 sys=0.00, real=0.01 secs] 
2016-09-24T03:21:56.709-0400: 35.153: [GC (GCLocker Initiated GC) [PSYoungGen: 151489K->67247K(174080K)] 510533K->433819K(698368K), 0.0114456 secs] [Times: user=0.13 sys=0.00, real=0.01 secs] 
2016-09-24T03:21:56.766-0400: 35.210: [GC (GCLocker Initiated GC) [PSYoungGen: 158383K->55093K(175104K)] 530605K->430692K(699392K), 0.0085754 secs] [Times: user=0.10 sys=0.00, real=0.01 secs] 
2016-09-24T03:21:56.821-0400: 35.265: [GC (GCLocker Initiated GC) [PSYoungGen: 146229K->78215K(169984K)] 527302K->461355K(694272K), 0.0092556 secs] [Times: user=0.13 sys=0.00, real=0.01 secs] 
2016-09-24T03:21:56.885-0400: 35.329: [GC (GCLocker Initiated GC) [PSYoungGen: 166279K->54991K(175104K)] 557712K->460694K(699392K), 0.0067085 secs] [Times: user=0.09 sys=0.00, real=0.00 secs] 
2016-09-24T03:21:56.933-0400: 35.377: [GC (GCLocker Initiated GC) [PSYoungGen: 143055K->67251K(174080K)] 552882K->484411K(698368K), 0.0070121 secs] [Times: user=0.10 sys=0.00, real=0.01 secs] 
2016-09-24T03:21:56.981-0400: 35.425: [GC (GCLocker Initiated GC) [PSYoungGen: 157363K->73937K(164352K)] 577336K->494571K(688640K), 0.0070458 secs] [Times: user=0.09 sys=0.01, real=0.01 secs] 
2016-09-24T03:21:57.030-0400: 35.474: [GC (GCLocker Initiated GC) [PSYoungGen: 164049K->74141K(175104K)] 594390K->521238K(699392K), 0.0089387 secs] [Times: user=0.11 sys=0.00, real=0.01 secs] 
2016-09-24T03:21:57.084-0400: 35.528: [GC (GCLocker Initiated GC) [PSYoungGen: 162205K->49548K(175104K)] 614928K->504270K(699392K), 0.0064687 secs] [Times: user=0.06 sys=0.00, real=0.00 secs] 
2016-09-24T03:21:57.142-0400: 35.586: [GC (GCLocker Initiated GC) [PSYoungGen: 137612K->44277K(175104K)] 595296K->509324K(699392K), 0.0057751 secs] [Times: user=0.08 sys=0.01, real=0.00 secs] 
2016-09-24T03:21:57.189-0400: 35.633: [GC (GCLocker Initiated GC) [PSYoungGen: 132341K->63148K(175104K)] 600115K->542391K(699392K), 0.0065372 secs] [Times: user=0.08 sys=0.01, real=0.01 secs] 
2016-09-24T03:21:57.238-0400: 35.682: [GC (GCLocker Initiated GC) [PSYoungGen: 151212K->51041K(175104K)] 630470K->545733K(699392K), 0.0072694 secs] [Times: user=0.08 sys=0.00, real=0.01 secs] 
2016-09-24T03:21:57.290-0400: 35.734: [GC (GCLocker Initiated GC) [PSYoungGen: 139105K->63234K(151552K)] 636600K->566833K(675840K), 0.0060995 secs] [Times: user=0.09 sys=0.00, real=0.01 secs] 
2016-09-24T03:21:57.297-0400: 35.741: [Full GC (Ergonomics) [PSYoungGen: 63234K->0K(151552K)] [ParOldGen: 503598K->184545K(524288K)] 566833K->184545K(675840K), [Metaspace: 43574K->43574K(1085440K)], 0.0589520 secs] [Times: user=0.42 sys=0.02, real=0.06 secs] 
2016-09-24T03:21:57.405-0400: 35.849: [GC (GCLocker Initiated GC) [PSYoungGen: 88064K->75619K(172032K)] 278148K->265703K(696320K), 0.0122370 secs] [Times: user=0.17 sys=0.01, real=0.01 secs] 
2016-09-24T03:21:57.455-0400: 35.899: [GC (GCLocker Initiated GC) [PSYoungGen: 162147K->63257K(173568K)] 354968K->282729K(697856K), 0.0075497 secs] [Times: user=0.08 sys=0.00, real=0.01 secs] 
2016-09-24T03:21:57.510-0400: 35.954: [GC (GCLocker Initiated GC) [PSYoungGen: 149785K->46892K(175104K)] 374761K->283313K(699392K), 0.0130060 secs] [Times: user=0.14 sys=0.02, real=0.02 secs] 
2016-09-24T03:21:57.564-0400: 36.008: [GC (GCLocker Initiated GC) [PSYoungGen: 134956K->67361K(175104K)] 376860K->311303K(699392K), 0.0056994 secs] [Times: user=0.07 sys=0.00, real=0.00 secs] 
2016-09-24T03:21:57.614-0400: 36.058: [GC (GCLocker Initiated GC) [PSYoungGen: 155425K->44409K(175104K)] 412959K->343182K(699392K), 0.0062411 secs] [Times: user=0.07 sys=0.00, real=0.00 secs] 
2016-09-24T03:21:57.666-0400: 36.110: [GC (GCLocker Initiated GC) [PSYoungGen: 132473K->73959K(175104K)] 440785K->387054K(699392K), 0.0061005 secs] [Times: user=0.10 sys=0.00, real=0.00 secs] 
2016-09-24T03:21:57.718-0400: 36.162: [GC (GCLocker Initiated GC) [PSYoungGen: 162023K->68716K(175104K)] 477992K->401496K(699392K), 0.0077653 secs] [Times: user=0.09 sys=0.00, real=0.01 secs] 
2016-09-24T03:21:57.774-0400: 36.218: [GC (GCLocker Initiated GC) [PSYoungGen: 156780K->53688K(175104K)] 495033K->412919K(699392K), 0.0057605 secs] [Times: user=0.07 sys=0.00, real=0.01 secs] 
2016-09-24T03:21:57.827-0400: 36.272: [GC (GCLocker Initiated GC) [PSYoungGen: 141752K->44363K(175104K)] 514594K->434035K(699392K), 0.0051644 secs] [Times: user=0.08 sys=0.00, real=0.00 secs] 
2016-09-24T03:21:57.873-0400: 36.317: [GC (GCLocker Initiated GC) [PSYoungGen: 132427K->75382K(175104K)] 524921K->469893K(699392K), 0.0063023 secs] [Times: user=0.09 sys=0.01, real=0.01 secs] 
2016-09-24T03:21:57.914-0400: 36.358: [GC (GCLocker Initiated GC) [PSYoungGen: 163446K->72708K(175104K)] 560721K->474662K(699392K), 0.0059492 secs] [Times: user=0.08 sys=0.00, real=0.00 secs] 
2016-09-24T03:21:57.961-0400: 36.405: [GC (GCLocker Initiated GC) [PSYoungGen: 160772K->72726K(175104K)] 565597K->482234K(699392K), 0.0061672 secs] [Times: user=0.08 sys=0.00, real=0.01 secs] 
2016-09-24T03:21:58.016-0400: 36.460: [GC (GCLocker Initiated GC) [PSYoungGen: 160790K->61926K(175104K)] 578606K->483105K(699392K), 0.0054488 secs] [Times: user=0.09 sys=0.00, real=0.00 secs] 
2016-09-24T03:21:58.063-0400: 36.507: [GC (GCLocker Initiated GC) [PSYoungGen: 149990K->65889K(175104K)] 573879K->509391K(699392K), 0.0061102 secs] [Times: user=0.08 sys=0.00, real=0.00 secs] 
2016-09-24T03:21:58.107-0400: 36.551: [GC (GCLocker Initiated GC) [PSYoungGen: 153953K->64475K(175104K)] 605701K->527640K(699392K), 0.0059466 secs] [Times: user=0.08 sys=0.00, real=0.00 secs] 
2016-09-24T03:21:58.156-0400: 36.600: [GC (GCLocker Initiated GC) [PSYoungGen: 152539K->71443K(175104K)] 618546K->539377K(699392K), 0.0097731 secs] [Times: user=0.13 sys=0.00, real=0.01 secs] 
2016-09-24T03:21:58.209-0400: 36.653: [GC (GCLocker Initiated GC) [PSYoungGen: 159507K->46944K(175104K)] 635631K->542635K(699392K), 0.0069934 secs] [Times: user=0.07 sys=0.00, real=0.01 secs] 
2016-09-24T03:21:58.216-0400: 36.660: [Full GC (Ergonomics) [PSYoungGen: 46944K->0K(175104K)] [ParOldGen: 495690K->196570K(524288K)] 542635K->196570K(699392K), [Metaspace: 43590K->43590K(1085440K)], 0.0485808 secs] [Times: user=0.33 sys=0.00, real=0.05 secs] 
2016-09-24T03:21:58.312-0400: 36.756: [GC (GCLocker Initiated GC) [PSYoungGen: 88064K->58057K(146432K)] 287436K->257437K(670720K), 0.0193348 secs] [Times: user=0.23 sys=0.00, real=0.02 secs] 
2016-09-24T03:21:58.377-0400: 36.821: [GC (GCLocker Initiated GC) [PSYoungGen: 146121K->37553K(174080K)] 356370K->264934K(698368K), 0.0221792 secs] [Times: user=0.22 sys=0.01, real=0.02 secs] 
2016-09-24T03:21:58.439-0400: 36.884: [GC (GCLocker Initiated GC) [PSYoungGen: 125105K->64575K(174592K)] 352530K->319735K(698880K), 0.0075950 secs] [Times: user=0.11 sys=0.00, real=0.01 secs] 
2016-09-24T03:21:58.490-0400: 36.934: [GC (GCLocker Initiated GC) [PSYoungGen: 152127K->59285K(171008K)] 415412K->332637K(695296K), 0.0060029 secs] [Times: user=0.07 sys=0.01, real=0.01 secs] 
2016-09-24T03:21:58.537-0400: 36.981: [GC (GCLocker Initiated GC) [PSYoungGen: 147349K->44355K(173056K)] 428864K->327931K(697344K), 0.0061340 secs] [Times: user=0.05 sys=0.00, real=0.01 secs] 
2016-09-24T03:21:58.586-0400: 37.030: [GC (GCLocker Initiated GC) [PSYoungGen: 132419K->63306K(175104K)] 416121K->378781K(699392K), 0.0068179 secs] [Times: user=0.10 sys=0.00, real=0.00 secs] 
2016-09-24T03:21:58.632-0400: 37.076: [GC (GCLocker Initiated GC) [PSYoungGen: 155466K->82032K(174592K)] 471052K->407738K(698880K), 0.0072516 secs] [Times: user=0.11 sys=0.00, real=0.01 secs] 
2016-09-24T03:21:58.677-0400: 37.121: [GC (GCLocker Initiated GC) [PSYoungGen: 174192K->82090K(175104K)] 499970K->415210K(699392K), 0.0068002 secs] [Times: user=0.10 sys=0.00, real=0.01 secs] 
2016-09-24T03:21:58.723-0400: 37.167: [GC (GCLocker Initiated GC) [PSYoungGen: 170154K->68626K(175104K)] 506013K->424055K(699392K), 0.0063525 secs] [Times: user=0.09 sys=0.00, real=0.00 secs] 
2016-09-24T03:21:58.775-0400: 37.219: [GC (GCLocker Initiated GC) [PSYoungGen: 156690K->55135K(175104K)] 514936K->432940K(699392K), 0.0083424 secs] [Times: user=0.12 sys=0.00, real=0.01 secs] 
2016-09-24T03:21:58.816-0400: 37.260: [GC (GCLocker Initiated GC) [PSYoungGen: 143199K->67290K(175104K)] 522525K->452703K(699392K), 0.0106454 secs] [Times: user=0.13 sys=0.00, real=0.01 secs] 
2016-09-24T03:21:58.866-0400: 37.310: [GC (GCLocker Initiated GC) [PSYoungGen: 155354K->63173K(175104K)] 546229K->464173K(699392K), 0.0067771 secs] [Times: user=0.08 sys=0.00, real=0.00 secs] 
2016-09-24T03:21:58.913-0400: 37.357: [GC (GCLocker Initiated GC) [PSYoungGen: 151237K->64675K(153088K)] 569842K->485207K(677376K), 0.0062578 secs] [Times: user=0.08 sys=0.01, real=0.01 secs] 
2016-09-24T03:21:58.960-0400: 37.404: [GC (GCLocker Initiated GC) [PSYoungGen: 152739K->65868K(176128K)] 573376K->492598K(700416K), 0.0062788 secs] [Times: user=0.09 sys=0.00, real=0.01 secs] 
2016-09-24T03:21:59.012-0400: 37.456: [GC (GCLocker Initiated GC) [PSYoungGen: 155468K->79483K(174592K)] 582270K->510939K(698880K), 0.0067612 secs] [Times: user=0.09 sys=0.00, real=0.01 secs] 
2016-09-24T03:21:59.053-0400: 37.498: [GC (GCLocker Initiated GC) [PSYoungGen: 169083K->51145K(175104K)] 603328K->518513K(699392K), 0.0071704 secs] [Times: user=0.11 sys=0.00, real=0.01 secs] 
2016-09-24T03:21:59.102-0400: 37.546: [GC (GCLocker Initiated GC) [PSYoungGen: 139209K->64668K(153088K)] 617472K->557098K(677376K), 0.0058075 secs] [Times: user=0.07 sys=0.00, real=0.01 secs] 
2016-09-24T03:21:59.107-0400: 37.552: [Full GC (Ergonomics) [PSYoungGen: 64668K->0K(153088K)] [ParOldGen: 492430K->208400K(524288K)] 557098K->208400K(677376K), [Metaspace: 43631K->43631K(1087488K)], 0.0520252 secs] [Times: user=0.39 sys=0.01, real=0.05 secs] 
2016-09-24T03:21:59.203-0400: 37.648: [GC (GCLocker Initiated GC) [PSYoungGen: 88064K->70115K(174592K)] 308864K->290916K(698880K), 0.0063137 secs] [Times: user=0.09 sys=0.00, real=0.00 secs] 
2016-09-24T03:21:59.252-0400: 37.696: [GC (GCLocker Initiated GC) [PSYoungGen: 158179K->55045K(174592K)] 384499K->287470K(698880K), 0.0073584 secs] [Times: user=0.06 sys=0.00, real=0.01 secs] 
2016-09-24T03:21:59.313-0400: 37.757: [GC (GCLocker Initiated GC) [PSYoungGen: 143109K->52406K(175104K)] 385142K->312695K(699392K), 0.0059599 secs] [Times: user=0.08 sys=0.00, real=0.01 secs] 
2016-09-24T03:21:59.363-0400: 37.807: [GC (GCLocker Initiated GC) [PSYoungGen: 141494K->74055K(175104K)] 404609K->337795K(699392K), 0.0058269 secs] [Times: user=0.08 sys=0.00, real=0.00 secs] 
2016-09-24T03:21:59.408-0400: 37.852: [GC (GCLocker Initiated GC) [PSYoungGen: 163143K->73947K(175104K)] 426942K->364071K(699392K), 0.0072583 secs] [Times: user=0.10 sys=0.00, real=0.01 secs] 
2016-09-24T03:21:59.455-0400: 37.899: [GC (GCLocker Initiated GC) [PSYoungGen: 162011K->74051K(175104K)] 458931K->383664K(699392K), 0.0061556 secs] [Times: user=0.09 sys=0.00, real=0.00 secs] 
2016-09-24T03:21:59.507-0400: 37.951: [GC (GCLocker Initiated GC) [PSYoungGen: 162115K->44116K(175104K)] 471941K->374839K(699392K), 0.0073812 secs] [Times: user=0.06 sys=0.01, real=0.01 secs] 
2016-09-24T03:21:59.541-0400: 37.985: [GC (GCLocker Initiated GC) [PSYoungGen: 132180K->72686K(175104K)] 466045K->407076K(699392K), 0.0075608 secs] [Times: user=0.08 sys=0.00, real=0.01 secs] 
2016-09-24T03:21:59.590-0400: 38.034: [GC (GCLocker Initiated GC) [PSYoungGen: 160750K->67292K(175104K)] 500628K->415910K(699392K), 0.0065093 secs] [Times: user=0.07 sys=0.01, real=0.01 secs] 
2016-09-24T03:21:59.642-0400: 38.086: [GC (GCLocker Initiated GC) [PSYoungGen: 155356K->65996K(175104K)] 516218K->430204K(699392K), 0.0055631 secs] [Times: user=0.07 sys=0.01, real=0.01 secs] 
2016-09-24T03:21:59.694-0400: 38.138: [GC (GCLocker Initiated GC) [PSYoungGen: 154060K->56418K(175104K)] 532004K->437754K(699392K), 0.0056919 secs] [Times: user=0.06 sys=0.00, real=0.01 secs] 
2016-09-24T03:21:59.747-0400: 38.191: [GC (GCLocker Initiated GC) [PSYoungGen: 144482K->57800K(145920K)] 534023K->449295K(670208K), 0.0070976 secs] [Times: user=0.09 sys=0.00, real=0.01 secs] 
2016-09-24T03:21:59.797-0400: 38.241: [GC (GCLocker Initiated GC) [PSYoungGen: 145864K->60449K(175616K)] 545667K->462174K(699904K), 0.0262584 secs] [Times: user=0.31 sys=0.00, real=0.03 secs] 
2016-09-24T03:21:59.872-0400: 38.316: [GC (GCLocker Initiated GC) [PSYoungGen: 150049K->63275K(174080K)] 558599K->486026K(698368K), 0.0068730 secs] [Times: user=0.09 sys=0.00, real=0.01 secs] 
2016-09-24T03:21:59.921-0400: 38.365: [GC (GCLocker Initiated GC) [PSYoungGen: 152875K->57722K(175104K)] 577022K->500130K(699392K), 0.0063652 secs] [Times: user=0.09 sys=0.01, real=0.01 secs] 
2016-09-24T03:21:59.972-0400: 38.416: [GC (GCLocker Initiated GC) [PSYoungGen: 150394K->60614K(174080K)] 593054K->514624K(698368K), 0.0069325 secs] [Times: user=0.07 sys=0.01, real=0.01 secs] 
2016-09-24T03:22:00.015-0400: 38.459: [GC (GCLocker Initiated GC) [PSYoungGen: 153286K->71268K(176640K)] 607557K->551906K(700928K), 0.0081346 secs] [Times: user=0.10 sys=0.00, real=0.01 secs] 
2016-09-24T03:22:00.066-0400: 38.510: [GC (GCLocker Initiated GC) [PSYoungGen: 168036K->72648K(178176K)] 648718K->563363K(702464K), 0.0078164 secs] [Times: user=0.09 sys=0.01, real=0.00 secs] 
2016-09-24T03:22:00.119-0400: 38.563: [Full GC (Ergonomics) [PSYoungGen: 169416K->0K(178176K)] [ParOldGen: 493447K->223976K(524288K)] 662864K->223976K(702464K), [Metaspace: 43645K->43645K(1087488K)], 0.0594178 secs] [Times: user=0.43 sys=0.02, real=0.06 secs] 
2016-09-24T03:22:00.232-0400: 38.676: [GC (GCLocker Initiated GC) [PSYoungGen: 96768K->77069K(173056K)] 320922K->301224K(697344K), 0.0067156 secs] [Times: user=0.09 sys=0.01, real=0.01 secs] 
2016-09-24T03:22:00.282-0400: 38.726: [GC (GCLocker Initiated GC) [PSYoungGen: 167181K->65897K(176128K)] 394171K->314154K(700416K), 0.0069390 secs] [Times: user=0.11 sys=0.00, real=0.01 secs] 
2016-09-24T03:22:00.323-0400: 38.767: [GC (GCLocker Initiated GC) [PSYoungGen: 156009K->69914K(175104K)] 404314K->335108K(699392K), 0.0072509 secs] [Times: user=0.09 sys=0.00, real=0.00 secs] 
2016-09-24T03:22:00.373-0400: 38.817: [GC (GCLocker Initiated GC) [PSYoungGen: 162074K->71394K(176128K)] 430998K->343633K(700416K), 0.0061624 secs] [Times: user=0.09 sys=0.00, real=0.01 secs] 
2016-09-24T03:22:00.420-0400: 38.864: [GC (GCLocker Initiated GC) [PSYoungGen: 163554K->59146K(177152K)] 442581K->360488K(701440K), 0.0064125 secs] [Times: user=0.09 sys=0.00, real=0.01 secs] 
2016-09-24T03:22:00.467-0400: 38.911: [GC (GCLocker Initiated GC) [PSYoungGen: 153354K->65896K(177664K)] 458792K->373316K(701952K), 0.0060167 secs] [Times: user=0.08 sys=0.01, real=0.00 secs] 
2016-09-24T03:22:00.518-0400: 38.962: [GC (GCLocker Initiated GC) [PSYoungGen: 160104K->76760K(175104K)] 472987K->392959K(699392K), 0.0078361 secs] [Times: user=0.07 sys=0.01, real=0.01 secs] 
2016-09-24T03:22:00.570-0400: 39.014: [GC (GCLocker Initiated GC) [PSYoungGen: 169944K->63132K(177664K)] 486237K->390913K(701952K), 0.0070043 secs] [Times: user=0.07 sys=0.00, real=0.01 secs] 
2016-09-24T03:22:00.617-0400: 39.061: [GC (GCLocker Initiated GC) [PSYoungGen: 156316K->49847K(176640K)] 490768K->406507K(700928K), 0.0069926 secs] [Times: user=0.06 sys=0.01, real=0.01 secs] 
2016-09-24T03:22:00.660-0400: 39.104: [GC (GCLocker Initiated GC) [PSYoungGen: 143031K->82116K(175616K)] 499758K->457044K(699904K), 0.0073358 secs] [Times: user=0.10 sys=0.00, real=0.01 secs] 
2016-09-24T03:22:00.704-0400: 39.148: [GC (GCLocker Initiated GC) [PSYoungGen: 175300K->71339K(174592K)] 557188K->472723K(698880K), 0.0073440 secs] [Times: user=0.11 sys=0.00, real=0.00 secs] 
2016-09-24T03:22:00.756-0400: 39.200: [GC (GCLocker Initiated GC) [PSYoungGen: 159403K->80810K(175104K)] 566397K->501970K(699392K), 0.0069109 secs] [Times: user=0.09 sys=0.00, real=0.01 secs] 
2016-09-24T03:22:00.808-0400: 39.252: [GC (GCLocker Initiated GC) [PSYoungGen: 168874K->61922K(175104K)] 606298K->521545K(699392K), 0.0068844 secs] [Times: user=0.09 sys=0.00, real=0.01 secs] 
2016-09-24T03:22:00.856-0400: 39.301: [GC (GCLocker Initiated GC) [PSYoungGen: 149986K->53779K(175104K)] 617797K->545208K(699392K), 0.0062190 secs] [Times: user=0.08 sys=0.00, real=0.01 secs] 
2016-09-24T03:22:00.863-0400: 39.307: [Full GC (Ergonomics) [PSYoungGen: 53779K->0K(175104K)] [ParOldGen: 491428K->223109K(524288K)] 545208K->223109K(699392K), [Metaspace: 43655K->43655K(1087488K)], 0.0484942 secs] [Times: user=0.40 sys=0.01, real=0.04 secs] 
2016-09-24T03:22:00.960-0400: 39.404: [GC (GCLocker Initiated GC) [PSYoungGen: 88064K->76831K(175104K)] 313941K->302709K(699392K), 0.0076680 secs] [Times: user=0.12 sys=0.00, real=0.01 secs] 
2016-09-24T03:22:01.001-0400: 39.446: [GC (GCLocker Initiated GC) [PSYoungGen: 164895K->79299K(175104K)] 390897K->322268K(699392K), 0.0115584 secs] [Times: user=0.18 sys=0.00, real=0.01 secs] 
2016-09-24T03:22:01.052-0400: 39.496: [GC (GCLocker Initiated GC) [PSYoungGen: 167363K->63194K(175104K)] 415832K->329724K(699392K), 0.0063222 secs] [Times: user=0.10 sys=0.00, real=0.01 secs] 
2016-09-24T03:22:01.097-0400: 39.541: [GC (GCLocker Initiated GC) [PSYoungGen: 151258K->73930K(175104K)] 425933K->361290K(699392K), 0.0099784 secs] [Times: user=0.14 sys=0.01, real=0.01 secs] 
2016-09-24T03:22:01.152-0400: 39.596: [GC (GCLocker Initiated GC) [PSYoungGen: 161994K->50874K(175104K)] 449485K->363215K(699392K), 0.0059566 secs] [Times: user=0.08 sys=0.00, real=0.01 secs] 
2016-09-24T03:22:01.192-0400: 39.636: [GC (GCLocker Initiated GC) [PSYoungGen: 138938K->76599K(175104K)] 451401K->396348K(699392K), 0.0066170 secs] [Times: user=0.10 sys=0.00, real=0.01 secs] 
2016-09-24T03:22:01.242-0400: 39.686: [GC (GCLocker Initiated GC) [PSYoungGen: 164663K->60463K(175104K)] 489933K->387625K(699392K), 0.0073237 secs] [Times: user=0.07 sys=0.00, real=0.00 secs] 
2016-09-24T03:22:01.290-0400: 39.735: [GC (GCLocker Initiated GC) [PSYoungGen: 148527K->49567K(175104K)] 481148K->388171K(699392K), 0.0064885 secs] [Times: user=0.07 sys=0.01, real=0.01 secs] 
2016-09-24T03:22:01.333-0400: 39.777: [GC (GCLocker Initiated GC) [PSYoungGen: 137631K->72569K(175104K)] 477018K->415223K(699392K), 0.0073966 secs] [Times: user=0.12 sys=0.00, real=0.01 secs] 
2016-09-24T03:22:01.375-0400: 39.819: [GC (GCLocker Initiated GC) [PSYoungGen: 160633K->77887K(175104K)] 506177K->423961K(699392K), 0.0085968 secs] [Times: user=0.07 sys=0.02, real=0.01 secs] 
2016-09-24T03:22:01.426-0400: 39.870: [GC (GCLocker Initiated GC) [PSYoungGen: 165951K->65661K(175104K)] 512064K->423051K(699392K), 0.0097812 secs] [Times: user=0.12 sys=0.01, real=0.01 secs] 
2016-09-24T03:22:01.477-0400: 39.921: [GC (GCLocker Initiated GC) [PSYoungGen: 153725K->45487K(175104K)] 513900K->427768K(699392K), 0.0064790 secs] [Times: user=0.08 sys=0.00, real=0.01 secs] 
2016-09-24T03:22:01.523-0400: 39.967: [GC (GCLocker Initiated GC) [PSYoungGen: 133551K->57733K(175104K)] 519929K->459542K(699392K), 0.0074156 secs] [Times: user=0.10 sys=0.00, real=0.00 secs] 
2016-09-24T03:22:01.574-0400: 40.018: [GC (GCLocker Initiated GC) [PSYoungGen: 145797K->67108K(175104K)] 550544K->484638K(699392K), 0.0085162 secs] [Times: user=0.10 sys=0.01, real=0.01 secs] 
2016-09-24T03:22:01.627-0400: 40.071: [GC (GCLocker Initiated GC) [PSYoungGen: 155172K->63254K(175104K)] 575999K->484599K(699392K), 0.0063233 secs] [Times: user=0.09 sys=0.01, real=0.00 secs] 
2016-09-24T03:22:01.673-0400: 40.117: [GC (GCLocker Initiated GC) [PSYoungGen: 151318K->64287K(152576K)] 572783K->513358K(676864K), 0.0076025 secs] [Times: user=0.12 sys=0.00, real=0.01 secs] 
2016-09-24T03:22:01.713-0400: 40.157: [GC (GCLocker Initiated GC) [PSYoungGen: 152351K->84810K(172032K)] 601549K->546515K(696320K), 0.0081236 secs] [Times: user=0.12 sys=0.00, real=0.01 secs] 
2016-09-24T03:22:01.765-0400: 40.209: [GC (GCLocker Initiated GC) [PSYoungGen: 171338K->69937K(173568K)] 633167K->555330K(697856K), 0.0071774 secs] [Times: user=0.10 sys=0.00, real=0.00 secs] 
2016-09-24T03:22:01.820-0400: 40.264: [Full GC (Ergonomics) [PSYoungGen: 156465K->0K(173568K)] [ParOldGen: 491022K->233872K(524288K)] 647487K->233872K(697856K), [Metaspace: 43694K->43694K(1087488K)], 0.0857849 secs] [Times: user=0.38 sys=0.06, real=0.09 secs] 
2016-09-24T03:22:01.946-0400: 40.390: [GC (GCLocker Initiated GC) [PSYoungGen: 86528K->51196K(175104K)] 323204K->287873K(699392K), 0.0064805 secs] [Times: user=0.07 sys=0.01, real=0.00 secs] 
2016-09-24T03:22:02.003-0400: 40.447: [GC (GCLocker Initiated GC) [PSYoungGen: 139260K->48221K(175104K)] 386793K->327570K(699392K), 0.0061205 secs] [Times: user=0.09 sys=0.00, real=0.00 secs] 
2016-09-24T03:22:02.048-0400: 40.492: [GC (GCLocker Initiated GC) [PSYoungGen: 136285K->46776K(175104K)] 419740K->341590K(699392K), 0.0149777 secs] [Times: user=0.19 sys=0.00, real=0.02 secs] 
2016-09-24T03:22:02.108-0400: 40.552: [GC (GCLocker Initiated GC) [PSYoungGen: 134840K->60499K(175104K)] 435262K->369505K(699392K), 0.0157313 secs] [Times: user=0.21 sys=0.00, real=0.02 secs] 
2016-09-24T03:22:02.164-0400: 40.608: [GC (GCLocker Initiated GC) [PSYoungGen: 148563K->53641K(175104K)] 457679K->383578K(699392K), 0.0064999 secs] [Times: user=0.08 sys=0.00, real=0.00 secs] 
2016-09-24T03:22:02.209-0400: 40.654: [GC (GCLocker Initiated GC) [PSYoungGen: 141705K->68567K(175104K)] 474470K->420760K(699392K), 0.0063341 secs] [Times: user=0.10 sys=0.00, real=0.01 secs] 
2016-09-24T03:22:02.257-0400: 40.702: [GC (GCLocker Initiated GC) [PSYoungGen: 156631K->60359K(171008K)] 508913K->426708K(695296K), 0.0062216 secs] [Times: user=0.08 sys=0.00, real=0.01 secs] 
2016-09-24T03:22:02.297-0400: 40.741: [GC (GCLocker Initiated GC) [PSYoungGen: 148423K->76668K(173056K)] 517721K->451876K(697344K), 0.0058468 secs] [Times: user=0.08 sys=0.02, real=0.01 secs] 
2016-09-24T03:22:02.340-0400: 40.784: [GC (GCLocker Initiated GC) [PSYoungGen: 164732K->67250K(175104K)] 541853K->450359K(699392K), 0.0092596 secs] [Times: user=0.07 sys=0.01, real=0.01 secs] 
2016-09-24T03:22:02.383-0400: 40.827: [GC (GCLocker Initiated GC) [PSYoungGen: 155314K->84640K(175104K)] 539793K->469747K(699392K), 0.0075412 secs] [Times: user=0.08 sys=0.00, real=0.00 secs] 
2016-09-24T03:22:02.434-0400: 40.878: [GC (GCLocker Initiated GC) [PSYoungGen: 172704K->42650K(175104K)] 561922K->437719K(699392K), 0.0075239 secs] [Times: user=0.07 sys=0.00, real=0.01 secs] 
2016-09-24T03:22:02.483-0400: 40.928: [GC (GCLocker Initiated GC) [PSYoungGen: 130714K->68581K(175104K)] 536667K->480454K(699392K), 0.0069737 secs] [Times: user=0.09 sys=0.01, real=0.00 secs] 
2016-09-24T03:22:02.537-0400: 40.981: [GC (GCLocker Initiated GC) [PSYoungGen: 156645K->52337K(175104K)] 582415K->492175K(699392K), 0.0061249 secs] [Times: user=0.08 sys=0.00, real=0.01 secs] 
2016-09-24T03:22:02.583-0400: 41.027: [GC (GCLocker Initiated GC) [PSYoungGen: 140401K->63060K(175104K)] 581699K->519757K(699392K), 0.0087063 secs] [Times: user=0.11 sys=0.01, real=0.00 secs] 
2016-09-24T03:22:02.634-0400: 41.078: [GC (GCLocker Initiated GC) [PSYoungGen: 151124K->57609K(175104K)] 616081K->525690K(699392K), 0.0069374 secs] [Times: user=0.09 sys=0.01, real=0.00 secs] 
2016-09-24T03:22:02.685-0400: 41.129: [GC (GCLocker Initiated GC) [PSYoungGen: 145673K->50731K(175104K)] 616590K->526231K(699392K), 0.0079242 secs] [Times: user=0.10 sys=0.00, real=0.00 secs] 
2016-09-24T03:22:02.742-0400: 41.186: [GC (GCLocker Initiated GC) [PSYoungGen: 138795K->60457K(169984K)] 623861K->555469K(694272K), 0.0066705 secs] [Times: user=0.09 sys=0.00, real=0.00 secs] 
2016-09-24T03:22:02.794-0400: 41.238: [Full GC (Ergonomics) [PSYoungGen: 148521K->0K(169984K)] [ParOldGen: 503188K->199058K(524288K)] 651709K->199058K(694272K), [Metaspace: 43697K->43697K(1087488K)], 0.1545538 secs] [Times: user=2.09 sys=0.01, real=0.16 secs] 
2016-09-24T03:22:02.993-0400: 41.437: [GC (GCLocker Initiated GC) [PSYoungGen: 88064K->72927K(172544K)] 287216K->272079K(696832K), 0.0099968 secs] [Times: user=0.13 sys=0.00, real=0.02 secs] 
2016-09-24T03:22:03.042-0400: 41.486: [GC (GCLocker Initiated GC) [PSYoungGen: 160991K->75332K(174592K)] 363012K->283685K(698880K), 0.0087284 secs] [Times: user=0.07 sys=0.01, real=0.00 secs] 
2016-09-24T03:22:03.097-0400: 41.541: [GC (GCLocker Initiated GC) [PSYoungGen: 163396K->55197K(175104K)] 374506K->276306K(699392K), 0.0067760 secs] [Times: user=0.07 sys=0.00, real=0.01 secs] 
2016-09-24T03:22:03.154-0400: 41.598: [GC (GCLocker Initiated GC) [PSYoungGen: 143261K->34678K(175104K)] 367120K->280797K(699392K), 0.0077891 secs] [Times: user=0.07 sys=0.01, real=0.01 secs] 
2016-09-24T03:22:03.206-0400: 41.650: [GC (GCLocker Initiated GC) [PSYoungGen: 122742K->55229K(175104K)] 370239K->329040K(699392K), 0.0088554 secs] [Times: user=0.08 sys=0.02, real=0.01 secs] 
2016-09-24T03:22:03.261-0400: 41.706: [GC (GCLocker Initiated GC) [PSYoungGen: 143293K->54896K(173056K)] 419919K->333612K(697344K), 0.0078719 secs] [Times: user=0.07 sys=0.00, real=0.01 secs] 
2016-09-24T03:22:03.319-0400: 41.763: [GC (GCLocker Initiated GC) [PSYoungGen: 142960K->48242K(174080K)] 429813K->342464K(698368K), 0.0066967 secs] [Times: user=0.07 sys=0.01, real=0.01 secs] 
2016-09-24T03:22:03.372-0400: 41.816: [GC (GCLocker Initiated GC) [PSYoungGen: 136306K->66041K(175616K)] 436008K->369075K(699904K), 0.0071029 secs] [Times: user=0.07 sys=0.00, real=0.01 secs] 
2016-09-24T03:22:03.430-0400: 41.874: [GC (Allocation Failure) [PSYoungGen: 156665K->60520K(151552K)] 462506K->368431K(675840K), 0.0072263 secs] [Times: user=0.07 sys=0.01, real=0.01 secs] 
2016-09-24T03:22:03.481-0400: 41.925: [GC (GCLocker Initiated GC) [PSYoungGen: 151144K->54889K(177152K)] 460411K->364764K(701440K), 0.0085771 secs] [Times: user=0.07 sys=0.00, real=0.01 secs] 
2016-09-24T03:22:03.544-0400: 41.988: [GC (GCLocker Initiated GC) [PSYoungGen: 148585K->45586K(175104K)] 466680K->365712K(699392K), 0.0050760 secs] [Times: user=0.05 sys=0.01, real=0.00 secs] 
2016-09-24T03:22:03.595-0400: 42.039: [GC (GCLocker Initiated GC) [PSYoungGen: 139282K->45605K(179200K)] 462160K->402941K(703488K), 0.0080082 secs] [Times: user=0.10 sys=0.00, real=0.01 secs] 
2016-09-24T03:22:03.646-0400: 42.090: [GC (GCLocker Initiated GC) [PSYoungGen: 143397K->44172K(178688K)] 500967K->406379K(702976K), 0.0061032 secs] [Times: user=0.06 sys=0.00, real=0.00 secs] 
2016-09-24T03:22:03.698-0400: 42.142: [GC (GCLocker Initiated GC) [PSYoungGen: 141964K->65881K(178688K)] 509712K->434241K(702976K), 0.0111205 secs] [Times: user=0.13 sys=0.01, real=0.01 secs] 
2016-09-24T03:22:03.756-0400: 42.200: [GC (GCLocker Initiated GC) [PSYoungGen: 164185K->71314K(169984K)] 540865K->464931K(694272K), 0.0071499 secs] [Times: user=0.10 sys=0.00, real=0.01 secs] 
2016-09-24T03:22:03.817-0400: 42.261: [GC (GCLocker Initiated GC) [PSYoungGen: 169618K->52415K(178688K)] 571377K->454776K(702976K), 0.0070540 secs] [Times: user=0.07 sys=0.00, real=0.01 secs] 
2016-09-24T03:22:03.881-0400: 42.325: [GC (GCLocker Initiated GC) [PSYoungGen: 145599K->37309K(176640K)] 558894K->453980K(700928K), 0.0069862 secs] [Times: user=0.04 sys=0.00, real=0.01 secs] 
2016-09-24T03:22:03.951-0400: 42.395: [GC (Allocation Failure) [PSYoungGen: 130493K->38653K(177152K)] 552618K->469489K(701440K), 0.0254474 secs] [Times: user=0.27 sys=0.00, real=0.03 secs] 
2016-09-24T03:22:03.977-0400: 42.421: [GC (GCLocker Initiated GC) [PSYoungGen: 38738K->192K(93696K)] 469574K->483186K(617984K), 0.0082205 secs] [Times: user=0.10 sys=0.00, real=0.01 secs] 
2016-09-24T03:22:03.985-0400: 42.430: [Full GC (Ergonomics) [PSYoungGen: 192K->0K(93696K)] [ParOldGen: 482994K->208822K(524288K)] 483186K->208822K(617984K), [Metaspace: 43717K->43717K(1087488K)], 0.0647830 secs] [Times: user=0.46 sys=0.02, real=0.06 secs] 
2016-09-24T03:22:04.098-0400: 42.542: [GC (GCLocker Initiated GC) [PSYoungGen: 91007K->38969K(175104K)] 307930K->255899K(699392K), 0.0060800 secs] [Times: user=0.05 sys=0.00, real=0.01 secs] 
2016-09-24T03:22:04.154-0400: 42.598: [GC (GCLocker Initiated GC) [PSYoungGen: 127033K->56456K(175104K)] 346676K->279680K(699392K), 0.0098088 secs] [Times: user=0.14 sys=0.00, real=0.02 secs] 
2016-09-24T03:22:04.198-0400: 42.642: [GC (GCLocker Initiated GC) [PSYoungGen: 144520K->64478K(175104K)] 367769K->289831K(699392K), 0.0094186 secs] [Times: user=0.09 sys=0.00, real=0.01 secs] 
2016-09-24T03:22:04.249-0400: 42.693: [GC (GCLocker Initiated GC) [PSYoungGen: 152542K->52214K(140288K)] 378023K->288979K(664576K), 0.0141856 secs] [Times: user=0.15 sys=0.00, real=0.02 secs] 
2016-09-24T03:22:04.315-0400: 42.759: [GC (GCLocker Initiated GC) [PSYoungGen: 140278K->49775K(177664K)] 385166K->311473K(701952K), 0.0087044 secs] [Times: user=0.10 sys=0.01, real=0.01 secs] 
2016-09-24T03:22:04.373-0400: 42.817: [GC (GCLocker Initiated GC) [PSYoungGen: 141423K->44353K(174080K)] 412682K->337916K(698368K), 0.0065590 secs] [Times: user=0.06 sys=0.01, real=0.01 secs] 
2016-09-24T03:22:04.429-0400: 42.873: [GC (GCLocker Initiated GC) [PSYoungGen: 136001K->69885K(169472K)] 437782K->377795K(693760K), 0.0166847 secs] [Times: user=0.21 sys=0.00, real=0.02 secs] 
2016-09-24T03:22:04.495-0400: 42.939: [GC (GCLocker Initiated GC) [PSYoungGen: 158973K->55186K(174080K)] 469095K->376703K(698368K), 0.0062023 secs] [Times: user=0.08 sys=0.00, real=0.00 secs] 
2016-09-24T03:22:04.547-0400: 42.991: [GC (GCLocker Initiated GC) [PSYoungGen: 144274K->43968K(171008K)] 468521K->386479K(695296K), 0.0117743 secs] [Times: user=0.11 sys=0.00, real=0.01 secs] 
2016-09-24T03:22:04.606-0400: 43.050: [GC (GCLocker Initiated GC) [PSYoungGen: 138176K->55023K(175104K)] 480785K->399502K(699392K), 0.0135859 secs] [Times: user=0.12 sys=0.00, real=0.01 secs] 
2016-09-24T03:22:04.662-0400: 43.106: [GC (GCLocker Initiated GC) [PSYoungGen: 149231K->65928K(177664K)] 499123K->443540K(701952K), 0.0098153 secs] [Times: user=0.11 sys=0.01, real=0.01 secs] 
2016-09-24T03:22:04.725-0400: 43.169: [GC (GCLocker Initiated GC) [PSYoungGen: 164232K->64657K(163328K)] 546032K->452516K(687616K), 0.0060887 secs] [Times: user=0.07 sys=0.00, real=0.00 secs] 
2016-09-24T03:22:04.779-0400: 43.223: [GC (GCLocker Initiated GC) [PSYoungGen: 162961K->80868K(171520K)] 557702K->487104K(695808K), 0.0083258 secs] [Times: user=0.10 sys=0.00, real=0.01 secs] 
2016-09-24T03:22:04.838-0400: 43.283: [GC (GCLocker Initiated GC) [PSYoungGen: 168932K->57903K(175104K)] 582163K->500243K(699392K), 0.0120760 secs] [Times: user=0.13 sys=0.01, real=0.01 secs] 
2016-09-24T03:22:04.910-0400: 43.354: [GC (GCLocker Initiated GC) [PSYoungGen: 145967K->46918K(174080K)] 597982K->507683K(698368K), 0.0067829 secs] [Times: user=0.05 sys=0.00, real=0.01 secs] 
2016-09-24T03:22:04.978-0400: 43.422: [GC (GCLocker Initiated GC) [PSYoungGen: 134982K->29284K(174592K)] 604061K->513959K(698880K), 0.0172501 secs] [Times: user=0.19 sys=0.00, real=0.02 secs] 
2016-09-24T03:22:05.035-0400: 43.479: [GC (GCLocker Initiated GC) [PSYoungGen: 117348K->52227K(171008K)] 602101K->538916K(695296K), 0.0123172 secs] [Times: user=0.10 sys=0.00, real=0.01 secs] 
2016-09-24T03:22:05.091-0400: 43.536: [Full GC (Ergonomics) [PSYoungGen: 140803K->0K(171008K)] [ParOldGen: 489465K->223803K(524288K)] 630268K->223803K(695296K), [Metaspace: 43717K->43717K(1087488K)], 0.0593114 secs] [Times: user=0.36 sys=0.02, real=0.06 secs] 
2016-09-24T03:22:05.197-0400: 43.641: [GC (GCLocker Initiated GC) [PSYoungGen: 88576K->62014K(173056K)] 315303K->288741K(697344K), 0.0058300 secs] [Times: user=0.05 sys=0.00, real=0.01 secs] 
2016-09-24T03:22:05.252-0400: 43.697: [GC (GCLocker Initiated GC) [PSYoungGen: 150590K->56449K(173568K)] 382878K->315260K(697856K), 0.0079957 secs] [Times: user=0.11 sys=0.00, real=0.01 secs] 
2016-09-24T03:22:05.306-0400: 43.750: [GC (GCLocker Initiated GC) [PSYoungGen: 149633K->76801K(170496K)] 412150K->344050K(694784K), 0.0069997 secs] [Times: user=0.09 sys=0.01, real=0.00 secs] 
2016-09-24T03:22:05.356-0400: 43.800: [GC (Allocation Failure) [PSYoungGen: 169985K->57704K(176640K)] 442838K->347430K(700928K), 0.0081242 secs] [Times: user=0.09 sys=0.00, real=0.01 secs] 
2016-09-24T03:22:05.411-0400: 43.855: [GC (GCLocker Initiated GC) [PSYoungGen: 147304K->48243K(138240K)] 437040K->352115K(662528K), 0.0066919 secs] [Times: user=0.08 sys=0.00, real=0.01 secs] 
2016-09-24T03:22:05.454-0400: 43.898: [GC (GCLocker Initiated GC) [PSYoungGen: 137843K->49674K(175104K)] 441737K->359629K(699392K), 0.0058603 secs] [Times: user=0.05 sys=0.00, real=0.01 secs] 
2016-09-24T03:22:05.498-0400: 43.942: [GC (GCLocker Initiated GC) [PSYoungGen: 140810K->70098K(173568K)] 453677K->386315K(697856K), 0.0072099 secs] [Times: user=0.09 sys=0.01, real=0.01 secs] 
2016-09-24T03:22:05.553-0400: 43.997: [GC (GCLocker Initiated GC) [PSYoungGen: 161234K->56423K(177152K)] 491081K->388347K(701440K), 0.0077241 secs] [Times: user=0.08 sys=0.00, real=0.01 secs] 
2016-09-24T03:22:05.623-0400: 44.067: [GC (GCLocker Initiated GC) [PSYoungGen: 151143K->43073K(177152K)] 497950K->390481K(701440K), 0.0050660 secs] [Times: user=0.06 sys=0.00, real=0.00 secs] 
2016-09-24T03:22:05.673-0400: 44.117: [GC (GCLocker Initiated GC) [PSYoungGen: 137793K->49566K(177152K)] 492020K->411222K(701440K), 0.0064137 secs] [Times: user=0.08 sys=0.01, real=0.01 secs] 
2016-09-24T03:22:05.735-0400: 44.179: [GC (GCLocker Initiated GC) [PSYoungGen: 147358K->74093K(172032K)] 509108K->437767K(696320K), 0.0066194 secs] [Times: user=0.08 sys=0.00, real=0.00 secs] 
2016-09-24T03:22:05.785-0400: 44.229: [GC (GCLocker Initiated GC) [PSYoungGen: 171885K->38851K(177152K)] 535650K->433054K(701440K), 0.0052523 secs] [Times: user=0.07 sys=0.00, real=0.00 secs] 
2016-09-24T03:22:05.824-0400: 44.269: [GC (GCLocker Initiated GC) [PSYoungGen: 131011K->79400K(172032K)] 527934K->478349K(696320K), 0.0061694 secs] [Times: user=0.10 sys=0.00, real=0.00 secs] 
2016-09-24T03:22:05.876-0400: 44.320: [GC (GCLocker Initiated GC) [PSYoungGen: 171560K->84898K(175104K)] 575922K->496582K(699392K), 0.0087881 secs] [Times: user=0.08 sys=0.01, real=0.01 secs] 
2016-09-24T03:22:05.934-0400: 44.378: [GC (GCLocker Initiated GC) [PSYoungGen: 172962K->68694K(175104K)] 592855K->490540K(699392K), 0.0061044 secs] [Times: user=0.08 sys=0.00, real=0.01 secs] 
2016-09-24T03:22:05.989-0400: 44.433: [GC (GCLocker Initiated GC) [PSYoungGen: 156758K->49545K(175104K)] 589445K->484231K(699392K), 0.0285127 secs] [Times: user=0.35 sys=0.01, real=0.03 secs] 
2016-09-24T03:22:06.072-0400: 44.516: [GC (GCLocker Initiated GC) [PSYoungGen: 137609K->48161K(175104K)] 581866K->514659K(699392K), 0.0184605 secs] [Times: user=0.24 sys=0.00, real=0.02 secs] 
2016-09-24T03:22:06.139-0400: 44.583: [GC (GCLocker Initiated GC) [PSYoungGen: 136225K->42835K(175104K)] 613556K->539616K(699392K), 0.0111013 secs] [Times: user=0.10 sys=0.01, real=0.01 secs] 
2016-09-24T03:22:06.150-0400: 44.594: [Full GC (Ergonomics) [PSYoungGen: 42835K->0K(175104K)] [ParOldGen: 496781K->227868K(524288K)] 539616K->227868K(699392K), [Metaspace: 43717K->43717K(1087488K)], 0.0717332 secs] [Times: user=0.47 sys=0.01, real=0.07 secs] 
2016-09-24T03:22:06.269-0400: 44.713: [GC (GCLocker Initiated GC) [PSYoungGen: 88064K->59375K(175104K)] 316092K->287403K(699392K), 0.0099778 secs] [Times: user=0.11 sys=0.00, real=0.01 secs] 
2016-09-24T03:22:06.323-0400: 44.767: [GC (GCLocker Initiated GC) [PSYoungGen: 147439K->61819K(175104K)] 375495K->306887K(699392K), 0.0083462 secs] [Times: user=0.11 sys=0.00, real=0.00 secs] 
2016-09-24T03:22:06.375-0400: 44.819: [GC (GCLocker Initiated GC) [PSYoungGen: 149883K->55326K(143872K)] 400432K->315930K(668160K), 0.0063451 secs] [Times: user=0.07 sys=0.01, real=0.00 secs] 
2016-09-24T03:22:06.431-0400: 44.875: [GC (GCLocker Initiated GC) [PSYoungGen: 143390K->56314K(177664K)] 404142K->335424K(701952K), 0.0066942 secs] [Times: user=0.08 sys=0.00, real=0.01 secs] 
2016-09-24T03:22:06.483-0400: 44.928: [GC (GCLocker Initiated GC) [PSYoungGen: 147450K->71389K(174592K)] 426708K->375679K(698880K), 0.0078723 secs] [Times: user=0.10 sys=0.01, real=0.00 secs] 
2016-09-24T03:22:06.536-0400: 44.980: [GC (GCLocker Initiated GC) [PSYoungGen: 162525K->55145K(176640K)] 469735K->377822K(700928K), 0.0078531 secs] [Times: user=0.06 sys=0.02, real=0.01 secs] 
2016-09-24T03:22:06.596-0400: 45.040: [GC (GCLocker Initiated GC) [PSYoungGen: 147305K->58028K(150528K)] 479619K->406041K(674816K), 0.0072251 secs] [Times: user=0.09 sys=0.00, real=0.01 secs] 
2016-09-24T03:22:06.654-0400: 45.099: [GC (Allocation Failure) [PSYoungGen: 150188K->49425K(175616K)] 498386K->403815K(699904K), 0.0098044 secs] [Times: user=0.09 sys=0.00, real=0.01 secs] 
2016-09-24T03:22:06.665-0400: 45.109: [GC (GCLocker Initiated GC) [PSYoungGen: 49604K->128K(175104K)] 403994K->417395K(699392K), 0.0159615 secs] [Times: user=0.15 sys=0.00, real=0.01 secs] 
2016-09-24T03:22:06.727-0400: 45.172: [GC (GCLocker Initiated GC) [PSYoungGen: 94336K->51340K(177152K)] 511610K->468622K(701440K), 0.0143524 secs] [Times: user=0.14 sys=0.00, real=0.01 secs] 
2016-09-24T03:22:06.795-0400: 45.239: [GC (GCLocker Initiated GC) [PSYoungGen: 141452K->55348K(145920K)] 562861K->488651K(670208K), 0.0114023 secs] [Times: user=0.12 sys=0.00, real=0.01 secs] 
2016-09-24T03:22:06.861-0400: 45.305: [GC (GCLocker Initiated GC) [PSYoungGen: 145460K->53796K(175616K)] 578878K->502956K(699904K), 0.0078484 secs] [Times: user=0.07 sys=0.00, real=0.01 secs] 
2016-09-24T03:22:06.914-0400: 45.358: [GC (GCLocker Initiated GC) [PSYoungGen: 146468K->67554K(173056K)] 595708K->532523K(697344K), 0.0100476 secs] [Times: user=0.12 sys=0.00, real=0.02 secs] 
2016-09-24T03:22:06.979-0400: 45.423: [GC (GCLocker Initiated GC) [PSYoungGen: 160226K->48530K(179712K)] 630672K->519804K(704000K), 0.0129166 secs] [Times: user=0.10 sys=0.00, real=0.01 secs] 
2016-09-24T03:22:07.046-0400: 45.491: [GC (GCLocker Initiated GC) [PSYoungGen: 145810K->42919K(178688K)] 623909K->532834K(702976K), 0.0253207 secs] [Times: user=0.28 sys=0.01, real=0.02 secs] 
2016-09-24T03:22:07.072-0400: 45.516: [Full GC (Ergonomics) [PSYoungGen: 42919K->0K(178688K)] [ParOldGen: 489915K->233372K(524288K)] 532834K->233372K(702976K), [Metaspace: 43722K->43722K(1087488K)], 0.0442926 secs] [Times: user=0.33 sys=0.00, real=0.05 secs] 
2016-09-24T03:22:07.160-0400: 45.604: [GC (GCLocker Initiated GC) [PSYoungGen: 97280K->58579K(179200K)] 332352K->293652K(703488K), 0.0063767 secs] [Times: user=0.06 sys=0.00, real=0.01 secs] 
2016-09-24T03:22:07.226-0400: 45.670: [GC (GCLocker Initiated GC) [PSYoungGen: 157395K->66240K(178688K)] 395266K->316422K(702976K), 0.0115952 secs] [Times: user=0.07 sys=0.00, real=0.01 secs] 
2016-09-24T03:22:07.306-0400: 45.750: [GC (GCLocker Initiated GC) [PSYoungGen: 165056K->51127K(180224K)] 420705K->318302K(704512K), 0.0065220 secs] [Times: user=0.06 sys=0.00, real=0.00 secs] 
2016-09-24T03:22:07.374-0400: 45.818: [GC (GCLocker Initiated GC) [PSYoungGen: 151479K->49806K(180224K)] 421521K->322103K(704512K), 0.0072051 secs] [Times: user=0.06 sys=0.01, real=0.00 secs] 
2016-09-24T03:22:07.449-0400: 45.893: [GC (GCLocker Initiated GC) [PSYoungGen: 150158K->34885K(179200K)] 428231K->332720K(703488K), 0.0080072 secs] [Times: user=0.08 sys=0.00, real=0.01 secs] 
2016-09-24T03:22:07.516-0400: 45.960: [GC (GCLocker Initiated GC) [PSYoungGen: 136261K->51219K(180224K)] 446406K->362219K(704512K), 0.0069008 secs] [Times: user=0.06 sys=0.00, real=0.01 secs] 
2016-09-24T03:22:07.585-0400: 46.029: [GC (GCLocker Initiated GC) [PSYoungGen: 152595K->39071K(182272K)] 472050K->359412K(706560K), 0.0058698 secs] [Times: user=0.03 sys=0.00, real=0.00 secs] 
2016-09-24T03:22:07.658-0400: 46.102: [GC (GCLocker Initiated GC) [PSYoungGen: 145055K->21832K(181760K)] 478150K->377526K(706048K), 0.0103429 secs] [Times: user=0.10 sys=0.01, real=0.01 secs] 
2016-09-24T03:22:07.734-0400: 46.178: [GC (GCLocker Initiated GC) [PSYoungGen: 127816K->43342K(183808K)] 492979K->411021K(708096K), 0.0066508 secs] [Times: user=0.06 sys=0.00, real=0.01 secs] 
2016-09-24T03:22:07.799-0400: 46.244: [GC (GCLocker Initiated GC) [PSYoungGen: 151374K->63598K(172032K)] 523206K->436498K(696320K), 0.0068163 secs] [Times: user=0.06 sys=0.00, real=0.01 secs] 
2016-09-24T03:22:07.865-0400: 46.309: [GC (GCLocker Initiated GC) [PSYoungGen: 171630K->77227K(167936K)] 547258K->459265K(692224K), 0.0074196 secs] [Times: user=0.08 sys=0.01, real=0.00 secs] 
2016-09-24T03:22:07.925-0400: 46.369: [GC (GCLocker Initiated GC) [PSYoungGen: 166315K->54213K(175616K)] 558121K->459300K(699904K), 0.0060869 secs] [Times: user=0.07 sys=0.00, real=0.00 secs] 
2016-09-24T03:22:07.985-0400: 46.429: [GC (GCLocker Initiated GC) [PSYoungGen: 143301K->50988K(166912K)] 548568K->457157K(691200K), 0.0067431 secs] [Times: user=0.05 sys=0.00, real=0.00 secs] 
2016-09-24T03:22:08.040-0400: 46.484: [GC (GCLocker Initiated GC) [PSYoungGen: 142636K->55333K(172544K)] 551718K->477387K(696832K), 0.0066769 secs] [Times: user=0.07 sys=0.00, real=0.01 secs] 
2016-09-24T03:22:08.095-0400: 46.539: [GC (GCLocker Initiated GC) [PSYoungGen: 146981K->55300K(176640K)] 574606K->510835K(700928K), 0.0080809 secs] [Times: user=0.09 sys=0.00, real=0.01 secs] 
2016-09-24T03:22:08.165-0400: 46.609: [GC (GCLocker Initiated GC) [PSYoungGen: 157188K->63597K(179712K)] 612808K->524079K(704000K), 0.0177948 secs] [Times: user=0.20 sys=0.00, real=0.02 secs] 
2016-09-24T03:22:08.246-0400: 46.690: [GC (GCLocker Initiated GC) [PSYoungGen: 165485K->48722K(182784K)] 635599K->523878K(707072K), 0.0070028 secs] [Times: user=0.05 sys=0.00, real=0.00 secs] 
2016-09-24T03:22:08.321-0400: 46.765: [GC (GCLocker Initiated GC) [PSYoungGen: 153682K->29919K(182784K)] 638411K->519890K(707072K), 0.0121649 secs] [Times: user=0.15 sys=0.00, real=0.01 secs] 
2016-09-24T03:22:08.389-0400: 46.833: [Full GC (Ergonomics) [PSYoungGen: 134879K->0K(182784K)] [ParOldGen: 495463K->248215K(524288K)] 630343K->248215K(707072K), [Metaspace: 43722K->43722K(1087488K)], 0.0604489 secs] [Times: user=0.35 sys=0.01, real=0.06 secs] 
2016-09-24T03:22:08.509-0400: 46.953: [GC (GCLocker Initiated GC) [PSYoungGen: 104960K->52823K(181760K)] 353466K->301330K(706048K), 0.0134491 secs] [Times: user=0.11 sys=0.00, real=0.01 secs] 
2016-09-24T03:22:08.584-0400: 47.029: [GC (GCLocker Initiated GC) [PSYoungGen: 157783K->48686K(182272K)] 406389K->306571K(706560K), 0.0063063 secs] [Times: user=0.05 sys=0.00, real=0.00 secs] 
2016-09-24T03:22:08.644-0400: 47.088: [GC (GCLocker Initiated GC) [PSYoungGen: 153646K->58029K(182272K)] 412944K->321159K(706560K), 0.0068826 secs] [Times: user=0.07 sys=0.00, real=0.00 secs] 
2016-09-24T03:22:08.710-0400: 47.154: [GC (GCLocker Initiated GC) [PSYoungGen: 165549K->50019K(182784K)] 430053K->315420K(707072K), 0.0075119 secs] [Times: user=0.05 sys=0.01, real=0.01 secs] 
2016-09-24T03:22:08.774-0400: 47.218: [GC (GCLocker Initiated GC) [PSYoungGen: 157539K->47361K(185344K)] 427135K->317983K(709632K), 0.0144610 secs] [Times: user=0.18 sys=0.00, real=0.02 secs] 
2016-09-24T03:22:08.848-0400: 47.292: [GC (GCLocker Initiated GC) [PSYoungGen: 161025K->54168K(185344K)] 439820K->333968K(709632K), 0.0117252 secs] [Times: user=0.14 sys=0.00, real=0.01 secs] 
2016-09-24T03:22:08.925-0400: 47.369: [GC (GCLocker Initiated GC) [PSYoungGen: 167832K->44487K(189952K)] 447728K->328064K(714240K), 0.0061350 secs] [Times: user=0.05 sys=0.00, real=0.00 secs] 
2016-09-24T03:22:08.995-0400: 47.439: [GC (GCLocker Initiated GC) [PSYoungGen: 163783K->66300K(185856K)] 448782K->355070K(710144K), 0.0060920 secs] [Times: user=0.07 sys=0.00, real=0.00 secs] 
2016-09-24T03:22:09.068-0400: 47.512: [GC (GCLocker Initiated GC) [PSYoungGen: 185596K->70385K(179200K)] 474490K->373799K(703488K), 0.0125539 secs] [Times: user=0.15 sys=0.00, real=0.01 secs] 
2016-09-24T03:22:09.142-0400: 47.586: [GC (GCLocker Initiated GC) [PSYoungGen: 175857K->52681K(183808K)] 486261K->369508K(708096K), 0.0063400 secs] [Times: user=0.06 sys=0.00, real=0.01 secs] 
2016-09-24T03:22:09.219-0400: 47.664: [GC (GCLocker Initiated GC) [PSYoungGen: 158153K->62159K(183808K)] 476526K->382943K(708096K), 0.0076954 secs] [Times: user=0.07 sys=0.00, real=0.01 secs] 
2016-09-24T03:22:09.289-0400: 47.733: [GC (GCLocker Initiated GC) [PSYoungGen: 169679K->49888K(157696K)] 493172K->379634K(681984K), 0.0155391 secs] [Times: user=0.19 sys=0.00, real=0.02 secs] 
2016-09-24T03:22:09.366-0400: 47.810: [GC (GCLocker Initiated GC) [PSYoungGen: 157408K->56690K(185344K)] 487236K->387398K(709632K), 0.0068617 secs] [Times: user=0.06 sys=0.00, real=0.00 secs] 
2016-09-24T03:22:09.446-0400: 47.890: [GC (GCLocker Initiated GC) [PSYoungGen: 166258K->44603K(184320K)] 502407K->406121K(708608K), 0.0064566 secs] [Times: user=0.07 sys=0.00, real=0.00 secs] 
2016-09-24T03:22:09.519-0400: 47.963: [GC (GCLocker Initiated GC) [PSYoungGen: 154171K->31067K(184320K)] 530593K->408380K(708608K), 0.0057034 secs] [Times: user=0.04 sys=0.00, real=0.01 secs] 
2016-09-24T03:22:09.577-0400: 48.022: [GC (GCLocker Initiated GC) [PSYoungGen: 141147K->41731K(185856K)] 525314K->444433K(710144K), 0.0068967 secs] [Times: user=0.07 sys=0.00, real=0.01 secs] 
2016-09-24T03:22:09.638-0400: 48.082: [GC (GCLocker Initiated GC) [PSYoungGen: 151811K->71632K(176640K)] 554592K->488825K(700928K), 0.0078609 secs] [Times: user=0.08 sys=0.00, real=0.01 secs] 
2016-09-24T03:22:09.703-0400: 48.147: [GC (GCLocker Initiated GC) [PSYoungGen: 173008K->44237K(181760K)] 592993K->478570K(706048K), 0.0108092 secs] [Times: user=0.06 sys=0.01, real=0.00 secs] 
2016-09-24T03:22:09.776-0400: 48.220: [GC (GCLocker Initiated GC) [PSYoungGen: 145613K->45592K(176640K)] 580114K->484896K(700928K), 0.0073018 secs] [Times: user=0.06 sys=0.00, real=0.01 secs] 
2016-09-24T03:22:09.847-0400: 48.291: [GC (GCLocker Initiated GC) [PSYoungGen: 147992K->43021K(179712K)] 587391K->483086K(704000K), 0.0161417 secs] [Times: user=0.17 sys=0.00, real=0.02 secs] 
2016-09-24T03:22:09.931-0400: 48.375: [GC (GCLocker Initiated GC) [PSYoungGen: 145421K->49710K(178688K)] 592340K->497480K(702976K), 0.0072243 secs] [Times: user=0.06 sys=0.00, real=0.01 secs] 
2016-09-24T03:22:10.003-0400: 48.447: [GC (GCLocker Initiated GC) [PSYoungGen: 158254K->41522K(182272K)] 608848K->495622K(706560K), 0.0124750 secs] [Times: user=0.12 sys=0.01, real=0.01 secs] 
2016-09-24T03:22:10.071-0400: 48.515: [GC (GCLocker Initiated GC) [PSYoungGen: 150066K->36091K(187392K)] 604287K->516769K(711680K), 0.0081105 secs] [Times: user=0.06 sys=0.01, real=0.01 secs] 
2016-09-24T03:22:10.143-0400: 48.588: [GC (GCLocker Initiated GC) [PSYoungGen: 151803K->34837K(188416K)] 637985K->537866K(712704K), 0.0076120 secs] [Times: user=0.07 sys=0.00, real=0.00 secs] 
2016-09-24T03:22:10.151-0400: 48.595: [Full GC (Ergonomics) [PSYoungGen: 34837K->0K(188416K)] [ParOldGen: 503029K->270745K(524288K)] 537866K->270745K(712704K), [Metaspace: 43733K->43733K(1087488K)], 0.0598960 secs] [Times: user=0.43 sys=0.01, real=0.06 secs] 
2016-09-24T03:22:10.264-0400: 48.708: [GC (GCLocker Initiated GC) [PSYoungGen: 115708K->72030K(176128K)] 389405K->361927K(700416K), 0.0073123 secs] [Times: user=0.10 sys=0.00, real=0.00 secs] 
2016-09-24T03:22:10.325-0400: 48.769: [GC (GCLocker Initiated GC) [PSYoungGen: 175454K->72707K(176640K)] 468147K->370698K(700928K), 0.0065131 secs] [Times: user=0.09 sys=0.00, real=0.00 secs] 
2016-09-24T03:22:10.388-0400: 48.833: [GC (GCLocker Initiated GC) [PSYoungGen: 176131K->71486K(173056K)] 476950K->381098K(697344K), 0.0067056 secs] [Times: user=0.11 sys=0.00, real=0.01 secs] 
2016-09-24T03:22:10.430-0400: 48.874: [GC (GCLocker Initiated GC) [PSYoungGen: 159550K->67319K(175104K)] 477506K->406311K(699392K), 0.0063859 secs] [Times: user=0.09 sys=0.01, real=0.01 secs] 
2016-09-24T03:22:10.482-0400: 48.926: [GC (GCLocker Initiated GC) [PSYoungGen: 155383K->52475K(175104K)] 494561K->409953K(699392K), 0.0059716 secs] [Times: user=0.08 sys=0.00, real=0.01 secs] 
2016-09-24T03:22:10.533-0400: 48.977: [GC (GCLocker Initiated GC) [PSYoungGen: 140539K->41671K(130048K)] 498024K->428269K(654336K), 0.0067962 secs] [Times: user=0.06 sys=0.00, real=0.01 secs] 
2016-09-24T03:22:10.581-0400: 49.025: [GC (GCLocker Initiated GC) [PSYoungGen: 129735K->71681K(174080K)] 523179K->468588K(698368K), 0.0062765 secs] [Times: user=0.08 sys=0.01, real=0.01 secs] 
2016-09-24T03:22:10.629-0400: 49.073: [GC (GCLocker Initiated GC) [PSYoungGen: 159233K->65895K(174592K)] 556363K->482974K(698880K), 0.0064275 secs] [Times: user=0.11 sys=0.00, real=0.01 secs] 
2016-09-24T03:22:14.031-0400: 52.475: [GC (Allocation Failure) [PSYoungGen: 153447K->15053K(175104K)] 570529K->444892K(699392K), 0.0062369 secs] [Times: user=0.06 sys=0.02, real=0.01 secs] 
2016-09-24T03:22:19.184-0400: 57.628: [GC (Allocation Failure) [PSYoungGen: 103117K->22437K(175104K)] 532956K->466929K(699392K), 0.0156784 secs] [Times: user=0.03 sys=0.07, real=0.01 secs] 
2016-09-24T03:22:24.184-0400: 62.628: [GC (Allocation Failure) [PSYoungGen: 110501K->22117K(175104K)] 554993K->488758K(699392K), 0.0105870 secs] [Times: user=0.04 sys=0.03, real=0.01 secs] 
2016-09-24T03:22:29.145-0400: 67.589: [GC (Allocation Failure) [PSYoungGen: 110181K->23045K(175104K)] 576822K->511444K(699392K), 0.0245471 secs] [Times: user=0.07 sys=0.00, real=0.02 secs] 
2016-09-24T03:22:33.939-0400: 72.383: [GC (Allocation Failure) [PSYoungGen: 111109K->21637K(175104K)] 599508K->532689K(699392K), 0.0095769 secs] [Times: user=0.05 sys=0.01, real=0.01 secs] 
2016-09-24T03:22:33.949-0400: 72.393: [Full GC (Ergonomics) [PSYoungGen: 21637K->0K(175104K)] [ParOldGen: 511052K->157486K(524288K)] 532689K->157486K(699392K), [Metaspace: 43881K->43881K(1087488K)], 0.0719662 secs] [Times: user=0.47 sys=0.01, real=0.07 secs] 
2016-09-24T03:22:38.902-0400: 77.346: [GC (Allocation Failure) [PSYoungGen: 88064K->22949K(175104K)] 245550K->180435K(699392K), 0.0065129 secs] [Times: user=0.03 sys=0.02, real=0.01 secs] 
