Java HotSpot(TM) 64-Bit Server VM (25.101-b13) for linux-amd64 JRE (1.8.0_101-b13), built on Jun 22 2016 02:59:44 by "java_re" with gcc 4.3.0 20080428 (Red Hat 4.3.0-8)
Memory: 4k page, physical 264122320k(195727008k free), swap 268399612k(268399612k free)
CommandLine flags: -XX:GCLogFileSize=1048576 -XX:+HeapDumpOnOutOfMemoryError -XX:HeapDumpPath=artifacts/heapdump -XX:InitialHeapSize=805306368 -XX:MaxHeapSize=805306368 -XX:NumberOfGCLogFiles=10 -XX:+PrintGC -XX:+PrintGCDateStamps -XX:+PrintGCDetails -XX:+PrintGCTimeStamps -XX:+UseCompressedClassPointers -XX:+UseCompressedOops -XX:+UseGCLogFileRotation -XX:+UseParallelGC 
2016-09-24T03:53:24.941-0400: 2.157: [GC (Metadata GC Threshold) [PSYoungGen: 121898K->15674K(229376K)] 121898K->15762K(753664K), 0.0229545 secs] [Times: user=0.18 sys=0.00, real=0.03 secs] 
2016-09-24T03:53:24.964-0400: 2.180: [Full GC (Metadata GC Threshold) [PSYoungGen: 15674K->0K(229376K)] [ParOldGen: 88K->14601K(347648K)] 15762K->14601K(577024K), [Metaspace: 21076K->21076K(1067008K)], 0.0505285 secs] [Times: user=0.39 sys=0.04, real=0.05 secs] 
2016-09-24T03:53:26.758-0400: 3.975: [GC (Metadata GC Threshold) [PSYoungGen: 121272K->15475K(229376K)] 135873K->30212K(577024K), 0.0154544 secs] [Times: user=0.13 sys=0.00, real=0.01 secs] 
2016-09-24T03:53:26.774-0400: 3.990: [Full GC (Metadata GC Threshold) [PSYoungGen: 15475K->0K(229376K)] [ParOldGen: 14737K->20830K(524288K)] 30212K->20830K(753664K), [Metaspace: 35070K->35070K(1079296K)], 0.0615406 secs] [Times: user=0.59 sys=0.01, real=0.07 secs] 
2016-09-24T03:53:28.459-0400: 5.675: [GC (GCLocker Initiated GC) [PSYoungGen: 196280K->32758K(229376K)] 229260K->74629K(753664K), 0.0194280 secs] [Times: user=0.21 sys=0.02, real=0.02 secs] 
2016-09-24T03:53:28.764-0400: 5.981: [GC (GCLocker Initiated GC) [PSYoungGen: 229366K->32762K(229376K)] 282074K->121067K(753664K), 0.0091276 secs] [Times: user=0.10 sys=0.00, real=0.00 secs] 
2016-09-24T03:53:28.861-0400: 6.078: [GC (GCLocker Initiated GC) [PSYoungGen: 229370K->32744K(229376K)] 317792K->162146K(753664K), 0.0347941 secs] [Times: user=0.43 sys=0.03, real=0.04 secs] 
2016-09-24T03:53:28.982-0400: 6.199: [GC (GCLocker Initiated GC) [PSYoungGen: 229352K->32767K(120832K)] 361502K->216632K(645120K), 0.0200948 secs] [Times: user=0.25 sys=0.01, real=0.02 secs] 
2016-09-24T03:53:29.052-0400: 6.269: [GC (GCLocker Initiated GC) [PSYoungGen: 120831K->85887K(175104K)] 314269K->279325K(699392K), 0.0100874 secs] [Times: user=0.14 sys=0.00, real=0.02 secs] 
2016-09-24T03:53:29.101-0400: 6.318: [GC (GCLocker Initiated GC) [PSYoungGen: 173951K->86591K(175104K)] 370330K->304182K(699392K), 0.0154015 secs] [Times: user=0.17 sys=0.06, real=0.02 secs] 
2016-09-24T03:53:29.156-0400: 6.373: [GC (GCLocker Initiated GC) [PSYoungGen: 174655K->60387K(175104K)] 393681K->315242K(699392K), 0.0084112 secs] [Times: user=0.12 sys=0.02, real=0.01 secs] 
2016-09-24T03:53:29.198-0400: 6.415: [GC (GCLocker Initiated GC) [PSYoungGen: 148451K->66942K(175104K)] 403444K->349233K(699392K), 0.0090629 secs] [Times: user=0.11 sys=0.01, real=0.01 secs] 
2016-09-24T03:53:29.248-0400: 6.464: [GC (GCLocker Initiated GC) [PSYoungGen: 155006K->43808K(175104K)] 441462K->363066K(699392K), 0.0115488 secs] [Times: user=0.16 sys=0.00, real=0.01 secs] 
2016-09-24T03:53:29.289-0400: 6.505: [GC (GCLocker Initiated GC) [PSYoungGen: 131872K->58932K(175104K)] 454493K->403475K(699392K), 0.0083063 secs] [Times: user=0.13 sys=0.00, real=0.01 secs] 
2016-09-24T03:53:29.338-0400: 6.555: [GC (Allocation Failure) [PSYoungGen: 146996K->56153K(175104K)] 508274K->435320K(699392K), 0.0087201 secs] [Times: user=0.10 sys=0.02, real=0.01 secs] 
2016-09-24T03:53:29.393-0400: 6.609: [GC (GCLocker Initiated GC) [PSYoungGen: 142705K->58690K(175104K)] 524572K->449064K(699392K), 0.0067269 secs] [Times: user=0.08 sys=0.01, real=0.01 secs] 
2016-09-24T03:53:29.436-0400: 6.653: [GC (GCLocker Initiated GC) [PSYoungGen: 146754K->68268K(175104K)] 539954K->481996K(699392K), 0.0088897 secs] [Times: user=0.11 sys=0.03, real=0.01 secs] 
2016-09-24T03:53:29.481-0400: 6.698: [GC (GCLocker Initiated GC) [PSYoungGen: 156332K->50657K(175104K)] 570181K->486396K(699392K), 0.0077873 secs] [Times: user=0.09 sys=0.03, real=0.01 secs] 
2016-09-24T03:53:29.518-0400: 6.734: [GC (GCLocker Initiated GC) [PSYoungGen: 138721K->58772K(175104K)] 577230K->513849K(699392K), 0.0082346 secs] [Times: user=0.11 sys=0.01, real=0.01 secs] 
2016-09-24T03:53:29.567-0400: 6.784: [GC (GCLocker Initiated GC) [PSYoungGen: 146836K->42557K(175104K)] 611511K->542619K(699392K), 0.0091642 secs] [Times: user=0.07 sys=0.02, real=0.01 secs] 
2016-09-24T03:53:29.577-0400: 6.793: [Full GC (Ergonomics) [PSYoungGen: 42557K->0K(175104K)] [ParOldGen: 500061K->73929K(524288K)] 542619K->73929K(699392K), [Metaspace: 42950K->42942K(1085440K)], 0.1973758 secs] [Times: user=2.99 sys=0.06, real=0.19 secs] 
2016-09-24T03:53:29.824-0400: 7.041: [GC (GCLocker Initiated GC) [PSYoungGen: 88064K->69746K(175104K)] 171481K->153172K(699392K), 0.0061785 secs] [Times: user=0.09 sys=0.00, real=0.00 secs] 
2016-09-24T03:53:29.864-0400: 7.080: [GC (GCLocker Initiated GC) [PSYoungGen: 157810K->53342K(175104K)] 245420K->161602K(699392K), 0.0076961 secs] [Times: user=0.08 sys=0.00, real=0.00 secs] 
2016-09-24T03:53:29.906-0400: 7.123: [GC (Allocation Failure) [PSYoungGen: 141406K->53162K(175104K)] 260566K->182041K(699392K), 0.0074648 secs] [Times: user=0.07 sys=0.00, real=0.00 secs] 
2016-09-24T03:53:29.914-0400: 7.131: [GC (GCLocker Initiated GC) [PSYoungGen: 53510K->128K(175104K)] 182388K->206394K(699392K), 0.0061792 secs] [Times: user=0.10 sys=0.00, real=0.00 secs] 
2016-09-24T03:53:29.959-0400: 7.176: [GC (GCLocker Initiated GC) [PSYoungGen: 88192K->73782K(175104K)] 294464K->280078K(699392K), 0.0086461 secs] [Times: user=0.13 sys=0.00, real=0.01 secs] 
2016-09-24T03:53:30.003-0400: 7.219: [GC (GCLocker Initiated GC) [PSYoungGen: 161846K->60168K(175104K)] 379041K->277713K(699392K), 0.0062582 secs] [Times: user=0.07 sys=0.01, real=0.00 secs] 
2016-09-24T03:53:30.051-0400: 7.268: [GC (GCLocker Initiated GC) [PSYoungGen: 148232K->43968K(175104K)] 372572K->305098K(699392K), 0.0061038 secs] [Times: user=0.10 sys=0.00, real=0.01 secs] 
2016-09-24T03:53:30.081-0400: 7.298: [GC (GCLocker Initiated GC) [PSYoungGen: 132032K->66936K(175104K)] 393243K->344653K(699392K), 0.0070451 secs] [Times: user=0.08 sys=0.00, real=0.01 secs] 
2016-09-24T03:53:30.125-0400: 7.341: [GC (GCLocker Initiated GC) [PSYoungGen: 155000K->53533K(175104K)] 438377K->372317K(699392K), 0.0077651 secs] [Times: user=0.13 sys=0.00, real=0.00 secs] 
2016-09-24T03:53:30.170-0400: 7.387: [GC (GCLocker Initiated GC) [PSYoungGen: 141597K->67000K(175104K)] 460519K->403812K(699392K), 0.0069439 secs] [Times: user=0.11 sys=0.00, real=0.01 secs] 
2016-09-24T03:53:30.207-0400: 7.424: [GC (GCLocker Initiated GC) [PSYoungGen: 155064K->57518K(175104K)] 502084K->430502K(699392K), 0.0075875 secs] [Times: user=0.10 sys=0.00, real=0.01 secs] 
2016-09-24T03:53:30.252-0400: 7.469: [GC (GCLocker Initiated GC) [PSYoungGen: 145582K->65618K(175104K)] 522707K->453953K(699392K), 0.0071104 secs] [Times: user=0.10 sys=0.00, real=0.01 secs] 
2016-09-24T03:53:30.287-0400: 7.504: [GC (GCLocker Initiated GC) [PSYoungGen: 153682K->79100K(175104K)] 542184K->481424K(699392K), 0.0073384 secs] [Times: user=0.11 sys=0.00, real=0.01 secs] 
2016-09-24T03:53:30.330-0400: 7.547: [GC (GCLocker Initiated GC) [PSYoungGen: 167164K->73831K(175104K)] 578137K->510719K(699392K), 0.0074091 secs] [Times: user=0.12 sys=0.00, real=0.01 secs] 
2016-09-24T03:53:30.376-0400: 7.593: [GC (GCLocker Initiated GC) [PSYoungGen: 161895K->57436K(175104K)] 598875K->547425K(699392K), 0.0087275 secs] [Times: user=0.15 sys=0.00, real=0.01 secs] 
2016-09-24T03:53:30.385-0400: 7.602: [Full GC (Ergonomics) [PSYoungGen: 57436K->0K(175104K)] [ParOldGen: 489989K->65333K(524288K)] 547425K->65333K(699392K), [Metaspace: 43045K->43045K(1085440K)], 0.0606509 secs] [Times: user=0.65 sys=0.06, real=0.06 secs] 
2016-09-24T03:53:30.477-0400: 7.694: [GC (GCLocker Initiated GC) [PSYoungGen: 88064K->72688K(175104K)] 167110K->151742K(699392K), 0.0058847 secs] [Times: user=0.09 sys=0.00, real=0.01 secs] 
2016-09-24T03:53:30.526-0400: 7.742: [GC (GCLocker Initiated GC) [PSYoungGen: 160752K->39964K(175104K)] 253499K->156216K(699392K), 0.0058953 secs] [Times: user=0.07 sys=0.01, real=0.00 secs] 
2016-09-24T03:53:30.565-0400: 7.782: [GC (GCLocker Initiated GC) [PSYoungGen: 128028K->65617K(175104K)] 244409K->195848K(699392K), 0.0067260 secs] [Times: user=0.08 sys=0.00, real=0.00 secs] 
2016-09-24T03:53:30.611-0400: 7.827: [GC (GCLocker Initiated GC) [PSYoungGen: 153681K->64407K(175104K)] 292135K->230170K(699392K), 0.0070662 secs] [Times: user=0.11 sys=0.00, real=0.01 secs] 
2016-09-24T03:53:30.660-0400: 7.876: [GC (GCLocker Initiated GC) [PSYoungGen: 152471K->67234K(175104K)] 326574K->253858K(699392K), 0.0078748 secs] [Times: user=0.10 sys=0.01, real=0.01 secs] 
2016-09-24T03:53:30.707-0400: 7.924: [GC (GCLocker Initiated GC) [PSYoungGen: 155298K->60178K(175104K)] 346016K->256764K(699392K), 0.0066592 secs] [Times: user=0.06 sys=0.00, real=0.00 secs] 
2016-09-24T03:53:30.753-0400: 7.970: [GC (GCLocker Initiated GC) [PSYoungGen: 148242K->73866K(175104K)] 350310K->289861K(699392K), 0.0072159 secs] [Times: user=0.10 sys=0.00, real=0.01 secs] 
2016-09-24T03:53:30.804-0400: 8.020: [GC (GCLocker Initiated GC) [PSYoungGen: 161930K->57808K(175104K)] 384869K->285277K(699392K), 0.0070558 secs] [Times: user=0.09 sys=0.01, real=0.00 secs] 
2016-09-24T03:53:30.852-0400: 8.069: [GC (GCLocker Initiated GC) [PSYoungGen: 145872K->50660K(175104K)] 378824K->293619K(699392K), 0.0062120 secs] [Times: user=0.06 sys=0.00, real=0.01 secs] 
2016-09-24T03:53:30.889-0400: 8.106: [GC (GCLocker Initiated GC) [PSYoungGen: 138724K->48134K(175104K)] 383100K->307774K(699392K), 0.0067227 secs] [Times: user=0.08 sys=0.00, real=0.01 secs] 
2016-09-24T03:53:30.933-0400: 8.150: [GC (GCLocker Initiated GC) [PSYoungGen: 136198K->61684K(172032K)] 398608K->352992K(696320K), 0.0073954 secs] [Times: user=0.10 sys=0.00, real=0.01 secs] 
2016-09-24T03:53:30.979-0400: 8.195: [GC (GCLocker Initiated GC) [PSYoungGen: 149748K->41416K(173568K)] 441627K->358077K(697856K), 0.0074421 secs] [Times: user=0.06 sys=0.00, real=0.01 secs] 
2016-09-24T03:53:31.025-0400: 8.241: [GC (GCLocker Initiated GC) [PSYoungGen: 129480K->43832K(176128K)] 448899K->385507K(700416K), 0.0072180 secs] [Times: user=0.07 sys=0.00, real=0.00 secs] 
2016-09-24T03:53:31.067-0400: 8.284: [GC (GCLocker Initiated GC) [PSYoungGen: 134456K->59190K(150016K)] 480385K->440636K(674304K), 0.0080694 secs] [Times: user=0.09 sys=0.00, real=0.01 secs] 
2016-09-24T03:53:31.110-0400: 8.327: [GC (GCLocker Initiated GC) [PSYoungGen: 149814K->61538K(175104K)] 534070K->459943K(699392K), 0.0067088 secs] [Times: user=0.05 sys=0.01, real=0.01 secs] 
2016-09-24T03:53:31.147-0400: 8.364: [GC (GCLocker Initiated GC) [PSYoungGen: 153186K->80758K(174592K)] 551698K->513419K(698880K), 0.0086570 secs] [Times: user=0.09 sys=0.00, real=0.01 secs] 
2016-09-24T03:53:31.191-0400: 8.408: [GC (GCLocker Initiated GC) [PSYoungGen: 172406K->52180K(175104K)] 614769K->522092K(699392K), 0.0077972 secs] [Times: user=0.06 sys=0.01, real=0.01 secs] 
2016-09-24T03:53:31.249-0400: 8.466: [Full GC (Ergonomics) [PSYoungGen: 140244K->0K(175104K)] [ParOldGen: 489035K->70945K(524288K)] 629280K->70945K(699392K), [Metaspace: 43289K->43289K(1085440K)], 0.0582222 secs] [Times: user=0.36 sys=0.04, real=0.06 secs] 
2016-09-24T03:53:31.347-0400: 8.564: [GC (GCLocker Initiated GC) [PSYoungGen: 88064K->56508K(144896K)] 165875K->134319K(669184K), 0.0083221 secs] [Times: user=0.07 sys=0.00, real=0.01 secs] 
2016-09-24T03:53:31.384-0400: 8.600: [GC (GCLocker Initiated GC) [PSYoungGen: 144572K->75148K(171008K)] 225304K->170034K(695296K), 0.0076372 secs] [Times: user=0.07 sys=0.01, real=0.00 secs] 
2016-09-24T03:53:31.433-0400: 8.650: [GC (GCLocker Initiated GC) [PSYoungGen: 161164K->54728K(173056K)] 256179K->175851K(697344K), 0.0070956 secs] [Times: user=0.06 sys=0.00, real=0.01 secs] 
2016-09-24T03:53:31.476-0400: 8.693: [GC (GCLocker Initiated GC) [PSYoungGen: 140744K->39924K(174592K)] 261951K->185783K(698880K), 0.0059793 secs] [Times: user=0.04 sys=0.00, real=0.00 secs] 
2016-09-24T03:53:31.514-0400: 8.730: [GC (GCLocker Initiated GC) [PSYoungGen: 127988K->76722K(175104K)] 278078K->240782K(699392K), 0.0071700 secs] [Times: user=0.09 sys=0.00, real=0.01 secs] 
2016-09-24T03:53:31.559-0400: 8.775: [GC (GCLocker Initiated GC) [PSYoungGen: 164786K->64714K(175104K)] 343938K->270174K(699392K), 0.0071972 secs] [Times: user=0.08 sys=0.00, real=0.01 secs] 
2016-09-24T03:53:31.606-0400: 8.822: [GC (GCLocker Initiated GC) [PSYoungGen: 152778K->69752K(175104K)] 367797K->286785K(699392K), 0.0062480 secs] [Times: user=0.06 sys=0.00, real=0.00 secs] 
2016-09-24T03:53:31.645-0400: 8.861: [GC (GCLocker Initiated GC) [PSYoungGen: 157816K->73880K(175104K)] 381852K->303697K(699392K), 0.0064019 secs] [Times: user=0.08 sys=0.01, real=0.00 secs] 
2016-09-24T03:53:31.685-0400: 8.901: [GC (GCLocker Initiated GC) [PSYoungGen: 161944K->60220K(175104K)] 398368K->317414K(699392K), 0.0063300 secs] [Times: user=0.06 sys=0.00, real=0.00 secs] 
2016-09-24T03:53:31.725-0400: 8.942: [GC (GCLocker Initiated GC) [PSYoungGen: 148284K->64448K(175104K)] 411130K->345308K(699392K), 0.0067522 secs] [Times: user=0.09 sys=0.00, real=0.00 secs] 
2016-09-24T03:53:31.766-0400: 8.982: [GC (GCLocker Initiated GC) [PSYoungGen: 152512K->49438K(175104K)] 433610K->355358K(699392K), 0.0082059 secs] [Times: user=0.10 sys=0.00, real=0.00 secs] 
2016-09-24T03:53:31.807-0400: 9.023: [GC (GCLocker Initiated GC) [PSYoungGen: 137502K->54888K(173056K)] 443429K->382961K(697344K), 0.0068101 secs] [Times: user=0.08 sys=0.00, real=0.00 secs] 
2016-09-24T03:53:31.843-0400: 9.060: [GC (GCLocker Initiated GC) [PSYoungGen: 142952K->65954K(174080K)] 473989K->408303K(698368K), 0.0077001 secs] [Times: user=0.08 sys=0.00, real=0.00 secs] 
2016-09-24T03:53:31.889-0400: 9.105: [GC (GCLocker Initiated GC) [PSYoungGen: 154018K->53502K(173568K)] 503367K->419776K(697856K), 0.0079769 secs] [Times: user=0.07 sys=0.00, real=0.01 secs] 
2016-09-24T03:53:31.935-0400: 9.151: [GC (GCLocker Initiated GC) [PSYoungGen: 144126K->56362K(175104K)] 515838K->444749K(699392K), 0.0069528 secs] [Times: user=0.07 sys=0.00, real=0.00 secs] 
2016-09-24T03:53:31.976-0400: 9.192: [GC (GCLocker Initiated GC) [PSYoungGen: 146986K->72690K(174592K)] 538132K->485986K(698880K), 0.0069553 secs] [Times: user=0.11 sys=0.00, real=0.01 secs] 
2016-09-24T03:53:32.027-0400: 9.243: [GC (GCLocker Initiated GC) [PSYoungGen: 164850K->67148K(177152K)] 578385K->498841K(701440K), 0.0073498 secs] [Times: user=0.11 sys=0.00, real=0.01 secs] 
2016-09-24T03:53:32.059-0400: 9.276: [GC (GCLocker Initiated GC) [PSYoungGen: 159308K->67272K(177152K)] 591196K->515874K(701440K), 0.0082149 secs] [Times: user=0.10 sys=0.00, real=0.01 secs] 
2016-09-24T03:53:32.108-0400: 9.324: [GC (GCLocker Initiated GC) [PSYoungGen: 159432K->72594K(164864K)] 619017K->539620K(689152K), 0.0072810 secs] [Times: user=0.09 sys=0.01, real=0.01 secs] 
2016-09-24T03:53:32.149-0400: 9.366: [GC (GCLocker Initiated GC) [PSYoungGen: 164754K->82030K(174592K)] 634565K->557750K(698880K), 0.0073712 secs] [Times: user=0.11 sys=0.01, real=0.01 secs] 
2016-09-24T03:53:32.186-0400: 9.403: [GC (GCLocker Initiated GC) --[PSYoungGen: 170094K->170094K(174592K)] 645915K->692333K(698880K), 0.0117988 secs] [Times: user=0.15 sys=0.00, real=0.01 secs] 
2016-09-24T03:53:32.198-0400: 9.415: [Full GC (Ergonomics) [PSYoungGen: 170094K->0K(174592K)] [ParOldGen: 522238K->83218K(524288K)] 692333K->83218K(698880K), [Metaspace: 43342K->43342K(1085440K)], 0.0407828 secs] [Times: user=0.29 sys=0.00, real=0.04 secs] 
2016-09-24T03:53:32.272-0400: 9.489: [GC (GCLocker Initiated GC) [PSYoungGen: 88064K->71500K(175104K)] 174116K->157552K(699392K), 0.0063460 secs] [Times: user=0.08 sys=0.00, real=0.01 secs] 
2016-09-24T03:53:32.314-0400: 9.530: [GC (GCLocker Initiated GC) [PSYoungGen: 159564K->64480K(175104K)] 245730K->174436K(699392K), 0.0066755 secs] [Times: user=0.08 sys=0.00, real=0.01 secs] 
2016-09-24T03:53:32.380-0400: 9.597: [GC (GCLocker Initiated GC) [PSYoungGen: 152544K->64526K(153088K)] 262692K->206342K(677376K), 0.0080960 secs] [Times: user=0.13 sys=0.00, real=0.01 secs] 
2016-09-24T03:53:32.425-0400: 9.642: [GC (GCLocker Initiated GC) [PSYoungGen: 152590K->57698K(175616K)] 298502K->215026K(699904K), 0.0180601 secs] [Times: user=0.25 sys=0.00, real=0.02 secs] 
2016-09-24T03:53:32.473-0400: 9.689: [GC (GCLocker Initiated GC) [PSYoungGen: 146786K->72672K(174592K)] 306934K->256341K(698880K), 0.0076646 secs] [Times: user=0.12 sys=0.00, real=0.01 secs] 
2016-09-24T03:53:32.514-0400: 9.731: [GC (GCLocker Initiated GC) [PSYoungGen: 161760K->80694K(174592K)] 349019K->283383K(698880K), 0.0069418 secs] [Times: user=0.10 sys=0.00, real=0.01 secs] 
2016-09-24T03:53:32.549-0400: 9.766: [GC (GCLocker Initiated GC) [PSYoungGen: 168758K->66974K(175104K)] 371569K->306895K(699392K), 0.0110590 secs] [Times: user=0.17 sys=0.00, real=0.01 secs] 
2016-09-24T03:53:32.590-0400: 9.807: [GC (GCLocker Initiated GC) [PSYoungGen: 155038K->71308K(175104K)] 400574K->349712K(699392K), 0.0078155 secs] [Times: user=0.12 sys=0.00, real=0.01 secs] 
2016-09-24T03:53:32.637-0400: 9.853: [GC (GCLocker Initiated GC) [PSYoungGen: 159372K->71244K(159744K)] 443253K->367839K(684032K), 0.0073897 secs] [Times: user=0.11 sys=0.00, real=0.01 secs] 
2016-09-24T03:53:32.680-0400: 9.897: [GC (GCLocker Initiated GC) [PSYoungGen: 159308K->57648K(174592K)] 462814K->391458K(698880K), 0.0078640 secs] [Times: user=0.11 sys=0.00, real=0.01 secs] 
2016-09-24T03:53:32.727-0400: 9.943: [GC (GCLocker Initiated GC) [PSYoungGen: 145712K->60288K(174592K)] 479806K->420556K(698880K), 0.0077608 secs] [Times: user=0.11 sys=0.00, real=0.01 secs] 
2016-09-24T03:53:32.763-0400: 9.980: [GC (GCLocker Initiated GC) [PSYoungGen: 148352K->81966K(174080K)] 508858K->452327K(698368K), 0.0090597 secs] [Times: user=0.08 sys=0.00, real=0.00 secs] 
2016-09-24T03:53:32.804-0400: 10.021: [GC (GCLocker Initiated GC) [PSYoungGen: 170030K->60444K(175104K)] 545983K->469317K(699392K), 0.0079429 secs] [Times: user=0.11 sys=0.00, real=0.00 secs] 
2016-09-24T03:53:32.849-0400: 10.065: [GC (GCLocker Initiated GC) [PSYoungGen: 148508K->69862K(175104K)] 561464K->492880K(699392K), 0.0070206 secs] [Times: user=0.11 sys=0.00, real=0.01 secs] 
2016-09-24T03:53:32.888-0400: 10.105: [GC (GCLocker Initiated GC) [PSYoungGen: 157926K->76708K(175104K)] 586546K->514012K(699392K), 0.0070959 secs] [Times: user=0.09 sys=0.01, real=0.01 secs] 
2016-09-24T03:53:32.927-0400: 10.144: [GC (GCLocker Initiated GC) [PSYoungGen: 164772K->59126K(175104K)] 609002K->536352K(699392K), 0.0075033 secs] [Times: user=0.09 sys=0.00, real=0.01 secs] 
2016-09-24T03:53:32.935-0400: 10.152: [Full GC (Ergonomics) [PSYoungGen: 59126K->0K(175104K)] [ParOldGen: 477226K->88658K(524288K)] 536352K->88658K(699392K), [Metaspace: 43351K->43351K(1085440K)], 0.0437515 secs] [Times: user=0.38 sys=0.00, real=0.04 secs] 
2016-09-24T03:53:33.013-0400: 10.230: [GC (GCLocker Initiated GC) [PSYoungGen: 88064K->81170K(175104K)] 187632K->180739K(699392K), 0.0069833 secs] [Times: user=0.10 sys=0.00, real=0.01 secs] 
2016-09-24T03:53:33.058-0400: 10.275: [GC (GCLocker Initiated GC) [PSYoungGen: 169234K->41274K(175104K)] 277154K->169004K(699392K), 0.0067627 secs] [Times: user=0.04 sys=0.01, real=0.01 secs] 
2016-09-24T03:53:33.102-0400: 10.319: [GC (GCLocker Initiated GC) [PSYoungGen: 129338K->63236K(175104K)] 278764K->218452K(699392K), 0.0062247 secs] [Times: user=0.07 sys=0.01, real=0.01 secs] 
2016-09-24T03:53:33.145-0400: 10.361: [GC (GCLocker Initiated GC) [PSYoungGen: 151300K->69752K(175104K)] 313414K->243314K(699392K), 0.0071224 secs] [Times: user=0.10 sys=0.00, real=0.00 secs] 
2016-09-24T03:53:33.186-0400: 10.402: [GC (GCLocker Initiated GC) [PSYoungGen: 157816K->65734K(175104K)] 331449K->268155K(699392K), 0.0070811 secs] [Times: user=0.09 sys=0.00, real=0.00 secs] 
2016-09-24T03:53:33.215-0400: 10.432: [GC (GCLocker Initiated GC) [PSYoungGen: 153798K->72626K(175104K)] 356393K->314858K(699392K), 0.0082587 secs] [Times: user=0.10 sys=0.00, real=0.01 secs] 
2016-09-24T03:53:33.258-0400: 10.475: [GC (GCLocker Initiated GC) [PSYoungGen: 160690K->71244K(175104K)] 405726K->345310K(699392K), 0.0070665 secs] [Times: user=0.09 sys=0.00, real=0.01 secs] 
2016-09-24T03:53:33.290-0400: 10.506: [GC (GCLocker Initiated GC) [PSYoungGen: 159308K->72612K(175104K)] 433635K->378666K(699392K), 0.0076664 secs] [Times: user=0.11 sys=0.00, real=0.01 secs] 
2016-09-24T03:53:33.334-0400: 10.550: [GC (GCLocker Initiated GC) [PSYoungGen: 160676K->76644K(175104K)] 469562K->415872K(699392K), 0.0083468 secs] [Times: user=0.12 sys=0.01, real=0.02 secs] 
2016-09-24T03:53:33.374-0400: 10.591: [GC (GCLocker Initiated GC) [PSYoungGen: 164708K->56316K(175104K)] 506688K->412296K(699392K), 0.0062348 secs] [Times: user=0.06 sys=0.01, real=0.00 secs] 
2016-09-24T03:53:33.412-0400: 10.629: [GC (GCLocker Initiated GC) [PSYoungGen: 144380K->76598K(175104K)] 500578K->461721K(699392K), 0.0088001 secs] [Times: user=0.13 sys=0.00, real=0.01 secs] 
2016-09-24T03:53:33.455-0400: 10.671: [GC (GCLocker Initiated GC) [PSYoungGen: 164662K->84886K(175104K)] 551425K->481645K(699392K), 0.0077846 secs] [Times: user=0.11 sys=0.00, real=0.01 secs] 
2016-09-24T03:53:33.494-0400: 10.711: [GC (GCLocker Initiated GC) [PSYoungGen: 172950K->77870K(175104K)] 569771K->495671K(699392K), 0.0086139 secs] [Times: user=0.13 sys=0.01, real=0.01 secs] 
2016-09-24T03:53:33.530-0400: 10.747: [GC (GCLocker Initiated GC) [PSYoungGen: 165934K->59060K(175104K)] 584279K->514283K(699392K), 0.0120145 secs] [Times: user=0.14 sys=0.00, real=0.02 secs] 
2016-09-24T03:53:33.576-0400: 10.793: [GC (GCLocker Initiated GC) [PSYoungGen: 147124K->54838K(175104K)] 614563K->539111K(699392K), 0.0080037 secs] [Times: user=0.07 sys=0.00, real=0.01 secs] 
2016-09-24T03:53:33.584-0400: 10.801: [Full GC (Ergonomics) [PSYoungGen: 54838K->0K(175104K)] [ParOldGen: 484273K->96250K(524288K)] 539111K->96250K(699392K), [Metaspace: 43381K->43381K(1085440K)], 0.0462097 secs] [Times: user=0.41 sys=0.00, real=0.04 secs] 
2016-09-24T03:53:33.663-0400: 10.880: [GC (GCLocker Initiated GC) [PSYoungGen: 88064K->71454K(175104K)] 184406K->167796K(699392K), 0.0065130 secs] [Times: user=0.09 sys=0.00, real=0.00 secs] 
2016-09-24T03:53:33.703-0400: 10.920: [GC (GCLocker Initiated GC) [PSYoungGen: 159518K->79312K(175104K)] 258740K->202254K(699392K), 0.0084073 secs] [Times: user=0.12 sys=0.00, real=0.00 secs] 
2016-09-24T03:53:33.742-0400: 10.959: [GC (GCLocker Initiated GC) [PSYoungGen: 167376K->79408K(175104K)] 290537K->217915K(699392K), 0.0078084 secs] [Times: user=0.11 sys=0.00, real=0.01 secs] 
2016-09-24T03:53:33.788-0400: 11.005: [GC (GCLocker Initiated GC) [PSYoungGen: 167472K->71322K(175104K)] 319575K->232160K(699392K), 0.0070890 secs] [Times: user=0.10 sys=0.00, real=0.01 secs] 
2016-09-24T03:53:33.831-0400: 11.048: [GC (GCLocker Initiated GC) [PSYoungGen: 159386K->61762K(175104K)] 323017K->258439K(699392K), 0.0166811 secs] [Times: user=0.24 sys=0.00, real=0.02 secs] 
2016-09-24T03:53:33.883-0400: 11.099: [GC (GCLocker Initiated GC) [PSYoungGen: 149826K->50865K(175104K)] 350674K->261640K(699392K), 0.0163824 secs] [Times: user=0.16 sys=0.01, real=0.01 secs] 
2016-09-24T03:53:33.927-0400: 11.143: [GC (GCLocker Initiated GC) [PSYoungGen: 138929K->69926K(175104K)] 352546K->320538K(699392K), 0.0142773 secs] [Times: user=0.18 sys=0.00, real=0.01 secs] 
2016-09-24T03:53:33.975-0400: 11.192: [GC (GCLocker Initiated GC) [PSYoungGen: 157990K->76676K(175104K)] 411339K->348106K(699392K), 0.0117866 secs] [Times: user=0.15 sys=0.00, real=0.01 secs] 
2016-09-24T03:53:34.027-0400: 11.244: [GC (GCLocker Initiated GC) [PSYoungGen: 164740K->59030K(175104K)] 451136K->367510K(699392K), 0.0073842 secs] [Times: user=0.09 sys=0.01, real=0.01 secs] 
2016-09-24T03:53:34.063-0400: 11.279: [GC (GCLocker Initiated GC) [PSYoungGen: 147094K->80648K(175104K)] 455728K->410089K(699392K), 0.0076292 secs] [Times: user=0.11 sys=0.00, real=0.00 secs] 
2016-09-24T03:53:34.104-0400: 11.321: [GC (GCLocker Initiated GC) [PSYoungGen: 168712K->57854K(175104K)] 501629K->427719K(699392K), 0.0082569 secs] [Times: user=0.11 sys=0.00, real=0.00 secs] 
2016-09-24T03:53:34.142-0400: 11.359: [GC (GCLocker Initiated GC) [PSYoungGen: 145918K->71244K(175104K)] 521397K->452711K(699392K), 0.0086395 secs] [Times: user=0.08 sys=0.00, real=0.01 secs] 
2016-09-24T03:53:34.190-0400: 11.407: [GC (GCLocker Initiated GC) [PSYoungGen: 159308K->65766K(175104K)] 543862K->475200K(699392K), 0.0072974 secs] [Times: user=0.10 sys=0.01, real=0.01 secs] 
2016-09-24T03:53:34.229-0400: 11.446: [GC (GCLocker Initiated GC) [PSYoungGen: 153830K->75152K(175104K)] 568785K->504093K(699392K), 0.0071392 secs] [Times: user=0.10 sys=0.00, real=0.01 secs] 
2016-09-24T03:53:34.263-0400: 11.479: [GC (GCLocker Initiated GC) [PSYoungGen: 163216K->61730K(175104K)] 596267K->534360K(699392K), 0.0081371 secs] [Times: user=0.12 sys=0.00, real=0.00 secs] 
2016-09-24T03:53:34.307-0400: 11.523: [Full GC (Ergonomics) [PSYoungGen: 149794K->0K(175104K)] [ParOldGen: 475544K->96069K(524288K)] 625338K->96069K(699392K), [Metaspace: 43404K->43404K(1085440K)], 0.0419105 secs] [Times: user=0.33 sys=0.00, real=0.04 secs] 
2016-09-24T03:53:34.382-0400: 11.599: [GC (GCLocker Initiated GC) [PSYoungGen: 88064K->86382K(175104K)] 186954K->193373K(699392K), 0.0073343 secs] [Times: user=0.09 sys=0.01, real=0.00 secs] 
2016-09-24T03:53:34.422-0400: 11.639: [GC (GCLocker Initiated GC) [PSYoungGen: 174446K->57839K(175104K)] 284284K->210383K(699392K), 0.0078242 secs] [Times: user=0.11 sys=0.00, real=0.01 secs] 
2016-09-24T03:53:34.467-0400: 11.683: [GC (GCLocker Initiated GC) [PSYoungGen: 145903K->64461K(175104K)] 303983K->246150K(699392K), 0.0074409 secs] [Times: user=0.10 sys=0.00, real=0.00 secs] 
2016-09-24T03:53:34.502-0400: 11.719: [GC (GCLocker Initiated GC) [PSYoungGen: 152525K->69925K(175104K)] 334346K->276658K(699392K), 0.0073944 secs] [Times: user=0.11 sys=0.00, real=0.00 secs] 
2016-09-24T03:53:34.541-0400: 11.758: [GC (GCLocker Initiated GC) [PSYoungGen: 157989K->69861K(175104K)] 364772K->302887K(699392K), 0.0081089 secs] [Times: user=0.11 sys=0.00, real=0.01 secs] 
2016-09-24T03:53:34.583-0400: 11.799: [GC (GCLocker Initiated GC) [PSYoungGen: 157925K->59203K(175104K)] 399069K->342776K(699392K), 0.0073625 secs] [Times: user=0.11 sys=0.00, real=0.00 secs] 
2016-09-24T03:53:34.619-0400: 11.836: [GC (GCLocker Initiated GC) [PSYoungGen: 147267K->81934K(175104K)] 433729K->390673K(699392K), 0.0081957 secs] [Times: user=0.13 sys=0.00, real=0.01 secs] 
2016-09-24T03:53:34.662-0400: 11.879: [GC (GCLocker Initiated GC) [PSYoungGen: 169998K->68639K(175104K)] 484266K->421182K(699392K), 0.0083258 secs] [Times: user=0.12 sys=0.00, real=0.01 secs] 
2016-09-24T03:53:34.707-0400: 11.924: [GC (GCLocker Initiated GC) [PSYoungGen: 156703K->57913K(175104K)] 522929K->463868K(699392K), 0.0080584 secs] [Times: user=0.11 sys=0.00, real=0.01 secs] 
2016-09-24T03:53:34.753-0400: 11.970: [GC (GCLocker Initiated GC) [PSYoungGen: 145977K->73678K(175104K)] 551972K->504656K(699392K), 0.0081191 secs] [Times: user=0.12 sys=0.00, real=0.01 secs] 
2016-09-24T03:53:34.787-0400: 12.003: [GC (GCLocker Initiated GC) [PSYoungGen: 161742K->70191K(175104K)] 603714K->543555K(699392K), 0.0087388 secs] [Times: user=0.12 sys=0.01, real=0.01 secs] 
2016-09-24T03:53:34.796-0400: 12.012: [Full GC (Ergonomics) [PSYoungGen: 70191K->0K(175104K)] [ParOldGen: 473364K->110472K(524288K)] 543555K->110472K(699392K), [Metaspace: 43404K->43404K(1085440K)], 0.0496786 secs] [Times: user=0.38 sys=0.00, real=0.05 secs] 
2016-09-24T03:53:34.886-0400: 12.102: [GC (GCLocker Initiated GC) [PSYoungGen: 88064K->67417K(174080K)] 208234K->187588K(698368K), 0.0062906 secs] [Times: user=0.07 sys=0.01, real=0.00 secs] 
2016-09-24T03:53:34.919-0400: 12.136: [GC (GCLocker Initiated GC) [PSYoungGen: 155481K->71133K(174592K)] 275836K->208479K(698880K), 0.0082320 secs] [Times: user=0.08 sys=0.01, real=0.01 secs] 
2016-09-24T03:53:34.962-0400: 12.179: [GC (GCLocker Initiated GC) [PSYoungGen: 159197K->67161K(173056K)] 302092K->232201K(697344K), 0.0077217 secs] [Times: user=0.11 sys=0.00, real=0.00 secs] 
2016-09-24T03:53:35.008-0400: 12.225: [GC (GCLocker Initiated GC) [PSYoungGen: 157273K->71275K(174080K)] 330555K->261340K(698368K), 0.0082933 secs] [Times: user=0.12 sys=0.00, real=0.01 secs] 
2016-09-24T03:53:35.055-0400: 12.272: [GC (GCLocker Initiated GC) [PSYoungGen: 161387K->69971K(175616K)] 365025K->282280K(699904K), 0.0062361 secs] [Times: user=0.08 sys=0.00, real=0.00 secs] 
2016-09-24T03:53:35.093-0400: 12.310: [GC (GCLocker Initiated GC) [PSYoungGen: 164691K->71133K(177152K)] 377181K->315307K(701440K), 0.0080079 secs] [Times: user=0.12 sys=0.01, real=0.01 secs] 
2016-09-24T03:53:35.132-0400: 12.349: [GC (GCLocker Initiated GC) [PSYoungGen: 165853K->73957K(179200K)] 410138K->365974K(703488K), 0.0082721 secs] [Times: user=0.12 sys=0.00, real=0.01 secs] 
2016-09-24T03:53:35.178-0400: 12.395: [GC (GCLocker Initiated GC) [PSYoungGen: 171237K->69990K(167424K)] 468732K->388288K(691712K), 0.0075712 secs] [Times: user=0.10 sys=0.00, real=0.01 secs] 
2016-09-24T03:53:35.223-0400: 12.440: [GC (GCLocker Initiated GC) [PSYoungGen: 167270K->79311K(175616K)] 485623K->407758K(699904K), 0.0074173 secs] [Times: user=0.09 sys=0.00, real=0.00 secs] 
2016-09-24T03:53:35.264-0400: 12.480: [GC (GCLocker Initiated GC) [PSYoungGen: 173519K->77989K(172544K)] 507524K->420637K(696832K), 0.0118144 secs] [Times: user=0.14 sys=0.00, real=0.01 secs] 
2016-09-24T03:53:35.315-0400: 12.531: [GC (GCLocker Initiated GC) [PSYoungGen: 172197K->57771K(175104K)] 524439K->445690K(699392K), 0.0076877 secs] [Times: user=0.11 sys=0.00, real=0.01 secs] 
2016-09-24T03:53:35.356-0400: 12.572: [GC (GCLocker Initiated GC) [PSYoungGen: 147883K->72516K(176128K)] 541305K->488099K(700416K), 0.0072897 secs] [Times: user=0.09 sys=0.01, real=0.01 secs] 
2016-09-24T03:53:35.398-0400: 12.614: [GC (GCLocker Initiated GC) [PSYoungGen: 162628K->67209K(173568K)] 582481K->518583K(697856K), 0.0076095 secs] [Times: user=0.10 sys=0.00, real=0.01 secs] 
2016-09-24T03:53:35.441-0400: 12.658: [GC (GCLocker Initiated GC) [PSYoungGen: 157833K->53469K(175104K)] 612011K->535166K(699392K), 0.0074623 secs] [Times: user=0.08 sys=0.00, real=0.01 secs] 
2016-09-24T03:53:35.449-0400: 12.665: [Full GC (Ergonomics) [PSYoungGen: 53469K->0K(175104K)] [ParOldGen: 481696K->107182K(524288K)] 535166K->107182K(699392K), [Metaspace: 43406K->43406K(1085440K)], 0.0451865 secs] [Times: user=0.38 sys=0.00, real=0.04 secs] 
2016-09-24T03:53:35.523-0400: 12.740: [GC (GCLocker Initiated GC) [PSYoungGen: 90624K->83650K(174080K)] 200640K->193666K(698368K), 0.0084558 secs] [Times: user=0.11 sys=0.00, real=0.00 secs] 
2016-09-24T03:53:35.566-0400: 12.782: [GC (GCLocker Initiated GC) [PSYoungGen: 171714K->68529K(175104K)] 287245K->217336K(699392K), 0.0077837 secs] [Times: user=0.11 sys=0.00, real=0.00 secs] 
2016-09-24T03:53:35.602-0400: 12.819: [GC (GCLocker Initiated GC) [PSYoungGen: 156593K->72735K(175104K)] 305493K->245079K(699392K), 0.0096003 secs] [Times: user=0.08 sys=0.00, real=0.00 secs] 
2016-09-24T03:53:35.643-0400: 12.859: [GC (GCLocker Initiated GC) [PSYoungGen: 160799K->71166K(159232K)] 336279K->262181K(683520K), 0.0070104 secs] [Times: user=0.10 sys=0.00, real=0.00 secs] 
2016-09-24T03:53:35.686-0400: 12.902: [GC (GCLocker Initiated GC) [PSYoungGen: 159230K->53647K(173056K)] 355813K->280405K(697344K), 0.0061375 secs] [Times: user=0.08 sys=0.00, real=0.00 secs] 
2016-09-24T03:53:35.714-0400: 12.931: [GC (GCLocker Initiated GC) [PSYoungGen: 140687K->80790K(174080K)] 367661K->321845K(698368K), 0.0091309 secs] [Times: user=0.11 sys=0.00, real=0.01 secs] 
2016-09-24T03:53:35.764-0400: 12.981: [GC (GCLocker Initiated GC) [PSYoungGen: 167830K->46943K(175104K)] 417053K->327817K(699392K), 0.0077868 secs] [Times: user=0.07 sys=0.03, real=0.00 secs] 
2016-09-24T03:53:35.798-0400: 13.014: [GC (GCLocker Initiated GC) [PSYoungGen: 135007K->79393K(175104K)] 416054K->388052K(699392K), 0.0087390 secs] [Times: user=0.12 sys=0.00, real=0.01 secs] 
2016-09-24T03:53:35.841-0400: 13.057: [GC (GCLocker Initiated GC) [PSYoungGen: 167457K->61821K(175104K)] 491169K->414432K(699392K), 0.0070302 secs] [Times: user=0.10 sys=0.00, real=0.01 secs] 
2016-09-24T03:53:35.885-0400: 13.101: [GC (GCLocker Initiated GC) [PSYoungGen: 149885K->55011K(175104K)] 516132K->440765K(699392K), 0.0067771 secs] [Times: user=0.10 sys=0.00, real=0.00 secs] 
2016-09-24T03:53:35.930-0400: 13.147: [GC (GCLocker Initiated GC) [PSYoungGen: 143075K->56329K(175104K)] 542563K->469800K(699392K), 0.0070499 secs] [Times: user=0.09 sys=0.00, real=0.01 secs] 
2016-09-24T03:53:35.975-0400: 13.191: [GC (GCLocker Initiated GC) [PSYoungGen: 144393K->57693K(175104K)] 566023K->494688K(699392K), 0.0059178 secs] [Times: user=0.08 sys=0.00, real=0.00 secs] 
2016-09-24T03:53:36.022-0400: 13.239: [GC (GCLocker Initiated GC) [PSYoungGen: 145757K->56283K(175104K)] 589547K->519474K(699392K), 0.0070945 secs] [Times: user=0.09 sys=0.00, real=0.00 secs] 
2016-09-24T03:53:36.062-0400: 13.279: [GC (GCLocker Initiated GC) [PSYoungGen: 144347K->76721K(175104K)] 613028K->558091K(699392K), 0.0088006 secs] [Times: user=0.10 sys=0.00, real=0.00 secs] 
2016-09-24T03:53:36.102-0400: 13.319: [GC (GCLocker Initiated GC) [PSYoungGen: 164785K->72405K(175104K)] 646303K->584301K(699392K), 0.0080259 secs] [Times: user=0.11 sys=0.01, real=0.00 secs] 
2016-09-24T03:53:36.111-0400: 13.327: [Full GC (Ergonomics) [PSYoungGen: 72405K->0K(175104K)] [ParOldGen: 511895K->114831K(524288K)] 584301K->114831K(699392K), [Metaspace: 43417K->43417K(1085440K)], 0.0447137 secs] [Times: user=0.38 sys=0.00, real=0.05 secs] 
2016-09-24T03:53:36.182-0400: 13.399: [GC (GCLocker Initiated GC) [PSYoungGen: 88064K->85142K(175104K)] 205750K->213628K(699392K), 0.0071698 secs] [Times: user=0.09 sys=0.00, real=0.00 secs] 
2016-09-24T03:53:36.228-0400: 13.444: [GC (GCLocker Initiated GC) [PSYoungGen: 173206K->55121K(175104K)] 316554K->226407K(699392K), 0.0069159 secs] [Times: user=0.08 sys=0.00, real=0.01 secs] 
2016-09-24T03:53:36.267-0400: 13.484: [GC (GCLocker Initiated GC) [PSYoungGen: 143185K->60274K(175104K)] 314619K->244503K(699392K), 0.0062603 secs] [Times: user=0.07 sys=0.00, real=0.00 secs] 
2016-09-24T03:53:36.301-0400: 13.517: [GC (GCLocker Initiated GC) [PSYoungGen: 148338K->74021K(175104K)] 335387K->292534K(699392K), 0.0078283 secs] [Times: user=0.11 sys=0.00, real=0.01 secs] 
2016-09-24T03:53:36.349-0400: 13.565: [GC (GCLocker Initiated GC) [PSYoungGen: 162085K->40115K(175104K)] 381526K->297985K(699392K), 0.0067499 secs] [Times: user=0.08 sys=0.00, real=0.01 secs] 
2016-09-24T03:53:36.381-0400: 13.597: [GC (GCLocker Initiated GC) [PSYoungGen: 128179K->72470K(175104K)] 386175K->351277K(699392K), 0.0075317 secs] [Times: user=0.09 sys=0.01, real=0.01 secs] 
2016-09-24T03:53:36.421-0400: 13.638: [GC (GCLocker Initiated GC) [PSYoungGen: 160534K->63221K(175104K)] 443593K->367022K(699392K), 0.0079609 secs] [Times: user=0.08 sys=0.01, real=0.01 secs] 
2016-09-24T03:53:36.465-0400: 13.682: [GC (GCLocker Initiated GC) [PSYoungGen: 151285K->39923K(175104K)] 457926K->363429K(699392K), 0.0069054 secs] [Times: user=0.05 sys=0.01, real=0.00 secs] 
2016-09-24T03:53:36.506-0400: 13.722: [GC (GCLocker Initiated GC) [PSYoungGen: 127987K->60365K(175104K)] 454359K->415633K(699392K), 0.0081963 secs] [Times: user=0.10 sys=0.01, real=0.00 secs] 
2016-09-24T03:53:36.541-0400: 13.757: [GC (GCLocker Initiated GC) [PSYoungGen: 148429K->84807K(175104K)] 503893K->461082K(699392K), 0.0085626 secs] [Times: user=0.10 sys=0.01, real=0.01 secs] 
2016-09-24T03:53:36.586-0400: 13.803: [GC (GCLocker Initiated GC) [PSYoungGen: 172871K->53551K(175104K)] 549275K->454858K(699392K), 0.0075466 secs] [Times: user=0.06 sys=0.00, real=0.00 secs] 
2016-09-24T03:53:36.622-0400: 13.839: [GC (GCLocker Initiated GC) [PSYoungGen: 141615K->60475K(175104K)] 543132K->477360K(699392K), 0.0064897 secs] [Times: user=0.06 sys=0.00, real=0.00 secs] 
2016-09-24T03:53:36.662-0400: 13.879: [GC (GCLocker Initiated GC) [PSYoungGen: 148539K->65843K(175104K)] 568227K->503788K(699392K), 0.0093567 secs] [Times: user=0.07 sys=0.02, real=0.01 secs] 
2016-09-24T03:53:36.706-0400: 13.923: [GC (GCLocker Initiated GC) [PSYoungGen: 153907K->79375K(175104K)] 597335K->531555K(699392K), 0.0072686 secs] [Times: user=0.10 sys=0.01, real=0.00 secs] 
2016-09-24T03:53:36.750-0400: 13.967: [GC (GCLocker Initiated GC) [PSYoungGen: 167439K->74007K(175104K)] 626491K->552630K(699392K), 0.0079481 secs] [Times: user=0.11 sys=0.01, real=0.01 secs] 
2016-09-24T03:53:36.794-0400: 14.011: [GC (GCLocker Initiated GC) [PSYoungGen: 162071K->57761K(175104K)] 640920K->564222K(699392K), 0.0072587 secs] [Times: user=0.10 sys=0.01, real=0.01 secs] 
2016-09-24T03:53:36.801-0400: 14.018: [Full GC (Ergonomics) [PSYoungGen: 57761K->0K(175104K)] [ParOldGen: 506460K->117448K(524288K)] 564222K->117448K(699392K), [Metaspace: 43421K->43421K(1085440K)], 0.0500228 secs] [Times: user=0.43 sys=0.05, real=0.05 secs] 
2016-09-24T03:53:36.888-0400: 14.104: [GC (GCLocker Initiated GC) [PSYoungGen: 88064K->83791K(175104K)] 213754K->209482K(699392K), 0.0126866 secs] [Times: user=0.13 sys=0.02, real=0.01 secs] 
2016-09-24T03:53:36.940-0400: 14.157: [GC (GCLocker Initiated GC) [PSYoungGen: 171855K->57775K(175104K)] 305704K->208793K(699392K), 0.0073839 secs] [Times: user=0.10 sys=0.01, real=0.01 secs] 
2016-09-24T03:53:36.983-0400: 14.199: [GC (GCLocker Initiated GC) [PSYoungGen: 145839K->76597K(175104K)] 299643K->247196K(699392K), 0.0078935 secs] [Times: user=0.11 sys=0.00, real=0.00 secs] 
2016-09-24T03:53:37.026-0400: 14.243: [GC (GCLocker Initiated GC) [PSYoungGen: 164661K->53771K(175104K)] 341351K->258002K(699392K), 0.0070919 secs] [Times: user=0.10 sys=0.01, real=0.00 secs] 
2016-09-24T03:53:37.068-0400: 14.284: [GC (GCLocker Initiated GC) [PSYoungGen: 141835K->63097K(175104K)] 351592K->300500K(699392K), 0.0089251 secs] [Times: user=0.12 sys=0.01, real=0.01 secs] 
2016-09-24T03:53:37.116-0400: 14.332: [GC (GCLocker Initiated GC) [PSYoungGen: 151161K->63033K(175104K)] 388690K->323953K(699392K), 0.0082605 secs] [Times: user=0.10 sys=0.00, real=0.01 secs] 
2016-09-24T03:53:37.165-0400: 14.381: [GC (GCLocker Initiated GC) [PSYoungGen: 151097K->68557K(175104K)] 422928K->362541K(699392K), 0.0073296 secs] [Times: user=0.09 sys=0.01, real=0.00 secs] 
2016-09-24T03:53:37.209-0400: 14.425: [GC (GCLocker Initiated GC) [PSYoungGen: 156621K->54901K(175104K)] 453955K->369060K(699392K), 0.0072832 secs] [Times: user=0.07 sys=0.01, real=0.01 secs] 
2016-09-24T03:53:37.255-0400: 14.472: [GC (GCLocker Initiated GC) [PSYoungGen: 142965K->34601K(175104K)] 462676K->375012K(699392K), 0.0065111 secs] [Times: user=0.04 sys=0.00, real=0.00 secs] 
2016-09-24T03:53:37.289-0400: 14.506: [GC (GCLocker Initiated GC) [PSYoungGen: 122665K->61711K(175104K)] 469894K->435170K(699392K), 0.0072456 secs] [Times: user=0.07 sys=0.02, real=0.01 secs] 
2016-09-24T03:53:37.350-0400: 14.567: [GC (GCLocker Initiated GC) [PSYoungGen: 149775K->60329K(148480K)] 532854K->456120K(672768K), 0.0067150 secs] [Times: user=0.07 sys=0.01, real=0.01 secs] 
2016-09-24T03:53:37.399-0400: 14.616: [GC (GCLocker Initiated GC) [PSYoungGen: 148393K->67024K(175104K)] 544268K->482271K(699392K), 0.0075496 secs] [Times: user=0.07 sys=0.01, real=0.01 secs] 
2016-09-24T03:53:37.436-0400: 14.653: [GC (GCLocker Initiated GC) [PSYoungGen: 155600K->75404K(174592K)] 576416K->535756K(698880K), 0.0089583 secs] [Times: user=0.11 sys=0.01, real=0.01 secs] 
2016-09-24T03:53:37.487-0400: 14.704: [GC (GCLocker Initiated GC) [PSYoungGen: 163980K->65812K(175104K)] 629983K->541839K(699392K), 0.0065239 secs] [Times: user=0.09 sys=0.01, real=0.00 secs] 
2016-09-24T03:53:37.533-0400: 14.750: [GC (GCLocker Initiated GC) [PSYoungGen: 153876K->82030K(175104K)] 634007K->568133K(699392K), 0.0070084 secs] [Times: user=0.10 sys=0.00, real=0.01 secs] 
2016-09-24T03:53:37.540-0400: 14.757: [Full GC (Ergonomics) [PSYoungGen: 82030K->0K(175104K)] [ParOldGen: 486102K->119530K(524288K)] 568133K->119530K(699392K), [Metaspace: 43423K->43423K(1085440K)], 0.0558402 secs] [Times: user=0.35 sys=0.06, real=0.06 secs] 
2016-09-24T03:53:37.626-0400: 14.843: [GC (GCLocker Initiated GC) [PSYoungGen: 88064K->78186K(175104K)] 210549K->200671K(699392K), 0.0102127 secs] [Times: user=0.08 sys=0.00, real=0.01 secs] 
2016-09-24T03:53:37.672-0400: 14.889: [GC (GCLocker Initiated GC) [PSYoungGen: 166250K->86030K(175104K)] 291786K->220477K(699392K), 0.0161012 secs] [Times: user=0.21 sys=0.02, real=0.02 secs] 
2016-09-24T03:53:37.720-0400: 14.937: [GC (GCLocker Initiated GC) [PSYoungGen: 174094K->77930K(175104K)] 314090K->236059K(699392K), 0.0076072 secs] [Times: user=0.10 sys=0.01, real=0.01 secs] 
2016-09-24T03:53:37.764-0400: 14.981: [GC (GCLocker Initiated GC) [PSYoungGen: 165994K->60347K(175104K)] 333795K->247548K(699392K), 0.0071594 secs] [Times: user=0.07 sys=0.00, real=0.00 secs] 
2016-09-24T03:53:37.819-0400: 15.036: [GC (GCLocker Initiated GC) [PSYoungGen: 148411K->37369K(175104K)] 338421K->248125K(699392K), 0.0078169 secs] [Times: user=0.05 sys=0.01, real=0.01 secs] 
2016-09-24T03:53:37.860-0400: 15.077: [GC (GCLocker Initiated GC) [PSYoungGen: 125433K->78008K(175104K)] 338993K->306897K(699392K), 0.0077650 secs] [Times: user=0.08 sys=0.00, real=0.01 secs] 
2016-09-24T03:53:37.909-0400: 15.126: [GC (GCLocker Initiated GC) [PSYoungGen: 166072K->67147K(175104K)] 404617K->321165K(699392K), 0.0065698 secs] [Times: user=0.09 sys=0.00, real=0.01 secs] 
2016-09-24T03:53:37.945-0400: 15.162: [GC (GCLocker Initiated GC) [PSYoungGen: 155211K->80693K(175104K)] 412075K->361013K(699392K), 0.0076875 secs] [Times: user=0.12 sys=0.00, real=0.00 secs] 
2016-09-24T03:53:37.989-0400: 15.206: [GC (GCLocker Initiated GC) [PSYoungGen: 168757K->76657K(175104K)] 456062K->383461K(699392K), 0.0069465 secs] [Times: user=0.08 sys=0.01, real=0.01 secs] 
2016-09-24T03:53:38.038-0400: 15.254: [GC (GCLocker Initiated GC) [PSYoungGen: 164721K->38651K(175104K)] 481408K->373417K(699392K), 0.0069107 secs] [Times: user=0.04 sys=0.01, real=0.01 secs] 
2016-09-24T03:53:38.070-0400: 15.287: [GC (GCLocker Initiated GC) [PSYoungGen: 126715K->73866K(175104K)] 467025K->426852K(699392K), 0.0072805 secs] [Times: user=0.11 sys=0.01, real=0.01 secs] 
2016-09-24T03:53:38.116-0400: 15.333: [GC (GCLocker Initiated GC) [PSYoungGen: 161930K->71271K(175104K)] 517661K->445094K(699392K), 0.0071467 secs] [Times: user=0.09 sys=0.02, real=0.01 secs] 
2016-09-24T03:53:38.162-0400: 15.379: [GC (GCLocker Initiated GC) [PSYoungGen: 159335K->62924K(175104K)] 539978K->456316K(699392K), 0.0070070 secs] [Times: user=0.09 sys=0.01, real=0.00 secs] 
2016-09-24T03:53:38.192-0400: 15.409: [GC (GCLocker Initiated GC) [PSYoungGen: 150988K->69847K(175104K)] 544564K->520511K(699392K), 0.0090069 secs] [Times: user=0.14 sys=0.01, real=0.01 secs] 
2016-09-24T03:53:38.236-0400: 15.453: [GC (GCLocker Initiated GC) [PSYoungGen: 157911K->68480K(175104K)] 611430K->553534K(699392K), 0.0083242 secs] [Times: user=0.12 sys=0.01, real=0.01 secs] 
2016-09-24T03:53:38.245-0400: 15.462: [Full GC (Ergonomics) [PSYoungGen: 68480K->0K(175104K)] [ParOldGen: 485054K->129990K(524288K)] 553534K->129990K(699392K), [Metaspace: 43433K->43433K(1085440K)], 0.0583856 secs] [Times: user=0.47 sys=0.05, real=0.06 secs] 
2016-09-24T03:53:38.342-0400: 15.559: [GC (GCLocker Initiated GC) [PSYoungGen: 88064K->68594K(175104K)] 218181K->198711K(699392K), 0.0063099 secs] [Times: user=0.06 sys=0.00, real=0.00 secs] 
2016-09-24T03:53:38.379-0400: 15.595: [GC (GCLocker Initiated GC) [PSYoungGen: 156658K->64430K(175104K)] 289658K->218418K(699392K), 0.0124972 secs] [Times: user=0.17 sys=0.02, real=0.01 secs] 
2016-09-24T03:53:38.424-0400: 15.640: [GC (GCLocker Initiated GC) [PSYoungGen: 152493K->67322K(175104K)] 309411K->254523K(699392K), 0.0076023 secs] [Times: user=0.11 sys=0.00, real=0.00 secs] 
2016-09-24T03:53:38.466-0400: 15.683: [GC (GCLocker Initiated GC) [PSYoungGen: 155386K->72658K(175104K)] 345544K->270226K(699392K), 0.0070225 secs] [Times: user=0.07 sys=0.01, real=0.00 secs] 
2016-09-24T03:53:38.510-0400: 15.727: [GC (Allocation Failure) [PSYoungGen: 160722K->68493K(156672K)] 370505K->284237K(680960K), 0.0066644 secs] [Times: user=0.06 sys=0.01, real=0.01 secs] 
2016-09-24T03:53:38.552-0400: 15.768: [GC (GCLocker Initiated GC) [PSYoungGen: 155687K->65779K(175104K)] 376830K->296918K(699392K), 0.0070924 secs] [Times: user=0.10 sys=0.01, real=0.01 secs] 
2016-09-24T03:53:38.590-0400: 15.807: [GC (GCLocker Initiated GC) [PSYoungGen: 155379K->71102K(173568K)] 392686K->321070K(697856K), 0.0096862 secs] [Times: user=0.12 sys=0.00, real=0.01 secs] 
2016-09-24T03:53:38.634-0400: 15.850: [GC (GCLocker Initiated GC) [PSYoungGen: 160702K->59029K(177152K)] 420206K->325729K(701440K), 0.0076233 secs] [Times: user=0.09 sys=0.00, real=0.01 secs] 
2016-09-24T03:53:38.675-0400: 15.892: [GC (GCLocker Initiated GC) [PSYoungGen: 152213K->68447K(176640K)] 424457K->349354K(700928K), 0.0098400 secs] [Times: user=0.10 sys=0.01, real=0.01 secs] 
2016-09-24T03:53:38.725-0400: 15.942: [GC (GCLocker Initiated GC) [PSYoungGen: 161631K->69830K(177664K)] 445293K->376977K(701952K), 0.0097023 secs] [Times: user=0.09 sys=0.01, real=0.01 secs] 
2016-09-24T03:53:38.783-0400: 16.000: [GC (GCLocker Initiated GC) [PSYoungGen: 165062K->65921K(177152K)] 477735K->387226K(701440K), 0.0076572 secs] [Times: user=0.09 sys=0.02, real=0.00 secs] 
2016-09-24T03:53:38.839-0400: 16.056: [GC (GCLocker Initiated GC) [PSYoungGen: 161153K->39827K(175104K)] 490704K->395614K(699392K), 0.0138887 secs] [Times: user=0.18 sys=0.01, real=0.01 secs] 
2016-09-24T03:53:38.896-0400: 16.113: [GC (GCLocker Initiated GC) [PSYoungGen: 134035K->64429K(178176K)] 494555K->432113K(702464K), 0.0070137 secs] [Times: user=0.08 sys=0.00, real=0.01 secs] 
2016-09-24T03:53:38.929-0400: 16.146: [GC (GCLocker Initiated GC) [PSYoungGen: 158637K->63068K(173568K)] 529111K->485465K(697856K), 0.0082112 secs] [Times: user=0.12 sys=0.00, real=0.01 secs] 
2016-09-24T03:53:38.979-0400: 16.196: [GC (GCLocker Initiated GC) [PSYoungGen: 158812K->72450K(176640K)] 593868K->513299K(700928K), 0.0163226 secs] [Times: user=0.21 sys=0.02, real=0.02 secs] 
2016-09-24T03:53:39.043-0400: 16.259: [GC (GCLocker Initiated GC) [PSYoungGen: 168194K->57450K(180224K)] 617296K->524643K(704512K), 0.0097546 secs] [Times: user=0.15 sys=0.01, real=0.00 secs] 
2016-09-24T03:53:39.086-0400: 16.303: [GC (GCLocker Initiated GC) [PSYoungGen: 155754K->68228K(166912K)] 625790K->543904K(691200K), 0.0069901 secs] [Times: user=0.08 sys=0.01, real=0.00 secs] 
2016-09-24T03:53:39.131-0400: 16.347: [Full GC (Ergonomics) [PSYoungGen: 166532K->0K(166912K)] [ParOldGen: 481290K->135585K(524288K)] 647822K->135585K(691200K), [Metaspace: 43436K->43436K(1085440K)], 0.0536168 secs] [Times: user=0.46 sys=0.07, real=0.06 secs] 
2016-09-24T03:53:39.221-0400: 16.438: [GC (GCLocker Initiated GC) [PSYoungGen: 98304K->80768K(172544K)] 239412K->221876K(696832K), 0.0067003 secs] [Times: user=0.06 sys=0.01, real=0.01 secs] 
2016-09-24T03:53:39.265-0400: 16.481: [GC (GCLocker Initiated GC) [PSYoungGen: 171904K->50713K(142336K)] 315733K->199160K(666624K), 0.0077384 secs] [Times: user=0.06 sys=0.00, real=0.00 secs] 
2016-09-24T03:53:39.302-0400: 16.518: [GC (GCLocker Initiated GC) [PSYoungGen: 141849K->61596K(177152K)] 293091K->232158K(701440K), 0.0082389 secs] [Times: user=0.07 sys=0.02, real=0.01 secs] 
2016-09-24T03:53:39.347-0400: 16.563: [GC (GCLocker Initiated GC) [PSYoungGen: 152220K->84578K(175616K)] 322916K->279957K(699904K), 0.0082867 secs] [Times: user=0.12 sys=0.01, real=0.01 secs] 
2016-09-24T03:53:39.391-0400: 16.608: [GC (GCLocker Initiated GC) [PSYoungGen: 175202K->31721K(174592K)] 370632K->262610K(698880K), 0.0073312 secs] [Times: user=0.06 sys=0.00, real=0.01 secs] 
2016-09-24T03:53:39.423-0400: 16.640: [GC (GCLocker Initiated GC) [PSYoungGen: 119785K->76481K(175104K)] 356784K->327294K(699392K), 0.0074781 secs] [Times: user=0.10 sys=0.00, real=0.00 secs] 
2016-09-24T03:53:39.467-0400: 16.684: [GC (GCLocker Initiated GC) [PSYoungGen: 164545K->62821K(175104K)] 421009K->352132K(699392K), 0.0081855 secs] [Times: user=0.09 sys=0.00, real=0.01 secs] 
2016-09-24T03:53:39.505-0400: 16.722: [GC (GCLocker Initiated GC) [PSYoungGen: 150885K->68396K(175104K)] 441619K->370199K(699392K), 0.0071176 secs] [Times: user=0.09 sys=0.02, real=0.00 secs] 
2016-09-24T03:53:39.541-0400: 16.758: [GC (GCLocker Initiated GC) [PSYoungGen: 156460K->73732K(175104K)] 461237K->400533K(699392K), 0.0078084 secs] [Times: user=0.12 sys=0.01, real=0.01 secs] 
2016-09-24T03:53:39.579-0400: 16.796: [GC (GCLocker Initiated GC) [PSYoungGen: 161796K->85964K(175104K)] 491553K->436263K(699392K), 0.0084531 secs] [Times: user=0.11 sys=0.01, real=0.01 secs] 
2016-09-24T03:53:39.620-0400: 16.836: [GC (GCLocker Initiated GC) [PSYoungGen: 174028K->52132K(175104K)] 524481K->444799K(699392K), 0.0070807 secs] [Times: user=0.10 sys=0.01, real=0.01 secs] 
2016-09-24T03:53:39.659-0400: 16.875: [GC (GCLocker Initiated GC) [PSYoungGen: 140196K->75115K(175104K)] 535610K->493845K(699392K), 0.0073158 secs] [Times: user=0.10 sys=0.01, real=0.01 secs] 
2016-09-24T03:53:39.700-0400: 16.916: [GC (GCLocker Initiated GC) [PSYoungGen: 163179K->62964K(175104K)] 587483K->525429K(699392K), 0.0072011 secs] [Times: user=0.10 sys=0.01, real=0.01 secs] 
2016-09-24T03:53:39.738-0400: 16.955: [Full GC (Ergonomics) [PSYoungGen: 151028K->0K(175104K)] [ParOldGen: 476223K->143459K(524288K)] 627252K->143459K(699392K), [Metaspace: 43436K->43436K(1085440K)], 0.0560830 secs] [Times: user=0.47 sys=0.06, real=0.05 secs] 
2016-09-24T03:53:39.839-0400: 17.056: [GC (GCLocker Initiated GC) [PSYoungGen: 88064K->80596K(175104K)] 239315K->231847K(699392K), 0.0069425 secs] [Times: user=0.11 sys=0.01, real=0.01 secs] 
2016-09-24T03:53:39.877-0400: 17.093: [GC (GCLocker Initiated GC) [PSYoungGen: 168660K->77864K(175104K)] 320140K->260843K(699392K), 0.0080534 secs] [Times: user=0.11 sys=0.01, real=0.01 secs] 
2016-09-24T03:53:39.924-0400: 17.141: [GC (GCLocker Initiated GC) [PSYoungGen: 165928K->72478K(175104K)] 362544K->297720K(699392K), 0.0072814 secs] [Times: user=0.11 sys=0.00, real=0.00 secs] 
2016-09-24T03:53:39.967-0400: 17.184: [GC (GCLocker Initiated GC) [PSYoungGen: 160542K->61518K(175104K)] 395419K->310250K(699392K), 0.0064303 secs] [Times: user=0.10 sys=0.00, real=0.00 secs] 
2016-09-24T03:53:40.008-0400: 17.225: [GC (GCLocker Initiated GC) [PSYoungGen: 149582K->47986K(175104K)] 401819K->332943K(699392K), 0.0062617 secs] [Times: user=0.09 sys=0.01, real=0.01 secs] 
2016-09-24T03:53:40.042-0400: 17.259: [GC (GCLocker Initiated GC) [PSYoungGen: 136050K->53468K(175104K)] 423964K->361950K(699392K), 0.0059150 secs] [Times: user=0.08 sys=0.01, real=0.00 secs] 
2016-09-24T03:53:40.080-0400: 17.296: [GC (GCLocker Initiated GC) [PSYoungGen: 141532K->62964K(175104K)] 455516K->407024K(699392K), 0.0076310 secs] [Times: user=0.09 sys=0.02, real=0.01 secs] 
2016-09-24T03:53:40.120-0400: 17.337: [GC (GCLocker Initiated GC) [PSYoungGen: 151028K->69650K(175104K)] 498560K->431036K(699392K), 0.0068764 secs] [Times: user=0.09 sys=0.00, real=0.01 secs] 
2016-09-24T03:53:40.152-0400: 17.368: [GC (GCLocker Initiated GC) [PSYoungGen: 157714K->79164K(175104K)] 522489K->471272K(699392K), 0.0086635 secs] [Times: user=0.13 sys=0.00, real=0.01 secs] 
2016-09-24T03:53:40.187-0400: 17.403: [GC (GCLocker Initiated GC) [PSYoungGen: 167228K->60072K(175104K)] 559391K->498466K(699392K), 0.0167673 secs] [Times: user=0.20 sys=0.02, real=0.02 secs] 
2016-09-24T03:53:40.235-0400: 17.451: [GC (GCLocker Initiated GC) [PSYoungGen: 148136K->65426K(175104K)] 586663K->517752K(699392K), 0.0094393 secs] [Times: user=0.11 sys=0.01, real=0.01 secs] 
2016-09-24T03:53:40.287-0400: 17.503: [GC (GCLocker Initiated GC) [PSYoungGen: 153490K->69618K(175104K)] 611361K->542680K(699392K), 0.0089957 secs] [Times: user=0.11 sys=0.01, real=0.01 secs] 
2016-09-24T03:53:40.296-0400: 17.512: [Full GC (Ergonomics) [PSYoungGen: 69618K->0K(175104K)] [ParOldGen: 473061K->138523K(524288K)] 542680K->138523K(699392K), [Metaspace: 43445K->43445K(1085440K)], 0.0511566 secs] [Times: user=0.34 sys=0.05, real=0.05 secs] 
2016-09-24T03:53:40.376-0400: 17.593: [GC (GCLocker Initiated GC) [PSYoungGen: 88064K->81864K(175104K)] 226654K->220455K(699392K), 0.0071307 secs] [Times: user=0.09 sys=0.01, real=0.01 secs] 
2016-09-24T03:53:40.419-0400: 17.635: [GC (GCLocker Initiated GC) [PSYoungGen: 169928K->65632K(175104K)] 313555K->228537K(699392K), 0.0084170 secs] [Times: user=0.10 sys=0.00, real=0.01 secs] 
2016-09-24T03:53:40.463-0400: 17.679: [GC (GCLocker Initiated GC) [PSYoungGen: 153696K->65568K(175104K)] 322197K->258737K(699392K), 0.0071723 secs] [Times: user=0.09 sys=0.01, real=0.00 secs] 
2016-09-24T03:53:40.501-0400: 17.718: [GC (GCLocker Initiated GC) [PSYoungGen: 153632K->58804K(175104K)] 347088K->270084K(699392K), 0.0069255 secs] [Times: user=0.10 sys=0.01, real=0.01 secs] 
2016-09-24T03:53:40.533-0400: 17.750: [GC (GCLocker Initiated GC) [PSYoungGen: 146868K->76467K(175104K)] 360940K->312451K(699392K), 0.0072607 secs] [Times: user=0.10 sys=0.01, real=0.01 secs] 
2016-09-24T03:53:40.575-0400: 17.792: [GC (GCLocker Initiated GC) [PSYoungGen: 164531K->64364K(175104K)] 407359K->323711K(699392K), 0.0093236 secs] [Times: user=0.12 sys=0.01, real=0.01 secs] 
2016-09-24T03:53:40.629-0400: 17.846: [GC (GCLocker Initiated GC) [PSYoungGen: 152428K->68268K(156672K)] 414590K->355167K(680960K), 0.0079842 secs] [Times: user=0.11 sys=0.01, real=0.01 secs] 
2016-09-24T03:53:40.660-0400: 17.877: [GC (GCLocker Initiated GC) [PSYoungGen: 156332K->68460K(175104K)] 443432K->392271K(699392K), 0.0140979 secs] [Times: user=0.18 sys=0.01, real=0.02 secs] 
2016-09-24T03:53:40.727-0400: 17.943: [GC (GCLocker Initiated GC) [PSYoungGen: 157548K->77782K(174080K)] 492394K->429153K(698368K), 0.0079330 secs] [Times: user=0.11 sys=0.02, real=0.01 secs] 
2016-09-24T03:53:40.791-0400: 18.008: [GC (GCLocker Initiated GC) [PSYoungGen: 166870K->45350K(175104K)] 527780K->411893K(699392K), 0.0075618 secs] [Times: user=0.08 sys=0.01, real=0.01 secs] 
2016-09-24T03:53:40.824-0400: 18.040: [GC (GCLocker Initiated GC) [PSYoungGen: 133414K->77672K(175104K)] 500127K->471754K(699392K), 0.0083746 secs] [Times: user=0.08 sys=0.00, real=0.00 secs] 
2016-09-24T03:53:40.878-0400: 18.095: [GC (GCLocker Initiated GC) [PSYoungGen: 165736K->68397K(175104K)] 564314K->496961K(699392K), 0.0086308 secs] [Times: user=0.10 sys=0.02, real=0.01 secs] 
2016-09-24T03:53:40.929-0400: 18.146: [GC (GCLocker Initiated GC) [PSYoungGen: 156461K->29278K(175104K)] 601313K->502770K(699392K), 0.0115847 secs] [Times: user=0.13 sys=0.01, real=0.01 secs] 
2016-09-24T03:53:40.984-0400: 18.201: [Full GC (Ergonomics) [PSYoungGen: 117342K->0K(175104K)] [ParOldGen: 479045K->136641K(524288K)] 596388K->136641K(699392K), [Metaspace: 43447K->43447K(1085440K)], 0.0646168 secs] [Times: user=0.40 sys=0.07, real=0.06 secs] 
2016-09-24T03:53:41.106-0400: 18.322: [GC (GCLocker Initiated GC) [PSYoungGen: 88064K->73845K(175104K)] 230137K->215918K(699392K), 0.0110706 secs] [Times: user=0.14 sys=0.02, real=0.01 secs] 
2016-09-24T03:53:41.169-0400: 18.386: [GC (GCLocker Initiated GC) [PSYoungGen: 161909K->77846K(175104K)] 304150K->231396K(699392K), 0.0107274 secs] [Times: user=0.14 sys=0.01, real=0.01 secs] 
2016-09-24T03:53:41.229-0400: 18.445: [GC (GCLocker Initiated GC) [PSYoungGen: 165910K->60232K(175104K)] 324917K->254702K(699392K), 0.0073720 secs] [Times: user=0.11 sys=0.00, real=0.01 secs] 
2016-09-24T03:53:41.267-0400: 18.483: [GC (GCLocker Initiated GC) [PSYoungGen: 148296K->68300K(175104K)] 345637K->284932K(699392K), 0.0077767 secs] [Times: user=0.12 sys=0.01, real=0.01 secs] 
2016-09-24T03:53:41.309-0400: 18.525: [GC (GCLocker Initiated GC) [PSYoungGen: 156364K->81850K(175104K)] 378516K->313731K(699392K), 0.0073361 secs] [Times: user=0.10 sys=0.00, real=0.01 secs] 
2016-09-24T03:53:41.362-0400: 18.578: [GC (GCLocker Initiated GC) [PSYoungGen: 169914K->46636K(175104K)] 418093K->309999K(699392K), 0.0067550 secs] [Times: user=0.09 sys=0.00, real=0.01 secs] 
2016-09-24T03:53:41.396-0400: 18.613: [GC (GCLocker Initiated GC) [PSYoungGen: 134700K->65586K(175104K)] 402349K->351137K(699392K), 0.0072784 secs] [Times: user=0.09 sys=0.00, real=0.01 secs] 
2016-09-24T03:53:41.438-0400: 18.655: [GC (GCLocker Initiated GC) [PSYoungGen: 153650K->66854K(175104K)] 442489K->377626K(699392K), 0.0069738 secs] [Times: user=0.10 sys=0.00, real=0.01 secs] 
2016-09-24T03:53:41.475-0400: 18.692: [GC (GCLocker Initiated GC) [PSYoungGen: 154918K->47972K(175104K)] 465884K->386218K(699392K), 0.0077518 secs] [Times: user=0.06 sys=0.01, real=0.01 secs] 
2016-09-24T03:53:41.537-0400: 18.753: [GC (GCLocker Initiated GC) [PSYoungGen: 136036K->62950K(175104K)] 489267K->446175K(699392K), 0.0082685 secs] [Times: user=0.09 sys=0.00, real=0.01 secs] 
2016-09-24T03:53:41.589-0400: 18.806: [GC (GCLocker Initiated GC) [PSYoungGen: 151014K->38521K(175104K)] 545140K->438420K(699392K), 0.0055491 secs] [Times: user=0.06 sys=0.00, real=0.01 secs] 
2016-09-24T03:53:41.639-0400: 18.856: [GC (GCLocker Initiated GC) [PSYoungGen: 126585K->57436K(175104K)] 536043K->467157K(699392K), 0.0066194 secs] [Times: user=0.07 sys=0.01, real=0.01 secs] 
2016-09-24T03:53:41.688-0400: 18.905: [GC (GCLocker Initiated GC) [PSYoungGen: 145500K->42379K(175104K)] 559455K->486267K(699392K), 0.0072988 secs] [Times: user=0.07 sys=0.00, real=0.01 secs] 
2016-09-24T03:53:41.728-0400: 18.945: [GC (GCLocker Initiated GC) [PSYoungGen: 130443K->75082K(175104K)] 574433K->527448K(699392K), 0.0073815 secs] [Times: user=0.09 sys=0.00, real=0.01 secs] 
2016-09-24T03:53:41.779-0400: 18.995: [GC (GCLocker Initiated GC) [PSYoungGen: 163146K->72204K(175104K)] 623719K->539775K(699392K), 0.0121900 secs] [Times: user=0.13 sys=0.01, real=0.01 secs] 
2016-09-24T03:53:41.834-0400: 19.051: [GC (GCLocker Initiated GC) [PSYoungGen: 160268K->58643K(175104K)] 636080K->548255K(699392K), 0.0076483 secs] [Times: user=0.08 sys=0.00, real=0.01 secs] 
2016-09-24T03:53:41.842-0400: 19.059: [Full GC (Ergonomics) [PSYoungGen: 58643K->0K(175104K)] [ParOldGen: 489611K->139229K(524288K)] 548255K->139229K(699392K), [Metaspace: 43447K->43447K(1085440K)], 0.0478037 secs] [Times: user=0.35 sys=0.01, real=0.05 secs] 
2016-09-24T03:53:41.923-0400: 19.140: [GC (GCLocker Initiated GC) [PSYoungGen: 88064K->84749K(175104K)] 232925K->229611K(699392K), 0.0099652 secs] [Times: user=0.11 sys=0.01, real=0.00 secs] 
2016-09-24T03:53:41.976-0400: 19.192: [GC (GCLocker Initiated GC) [PSYoungGen: 172813K->49354K(175104K)] 320537K->216496K(699392K), 0.0198229 secs] [Times: user=0.23 sys=0.00, real=0.02 secs] 
2016-09-24T03:53:42.037-0400: 19.254: [GC (GCLocker Initiated GC) [PSYoungGen: 137418K->60158K(175104K)] 311429K->242552K(699392K), 0.0066359 secs] [Times: user=0.08 sys=0.00, real=0.01 secs] 
2016-09-24T03:53:42.079-0400: 19.295: [GC (GCLocker Initiated GC) [PSYoungGen: 148222K->64190K(175104K)] 330678K->278076K(699392K), 0.0069371 secs] [Times: user=0.09 sys=0.00, real=0.01 secs] 
2016-09-24T03:53:42.146-0400: 19.363: [GC (GCLocker Initiated GC) [PSYoungGen: 152254K->42571K(175104K)] 374504K->282683K(699392K), 0.0097633 secs] [Times: user=0.11 sys=0.00, real=0.01 secs] 
2016-09-24T03:53:42.195-0400: 19.411: [GC (GCLocker Initiated GC) [PSYoungGen: 130635K->76431K(175104K)] 378985K->340005K(699392K), 0.0083138 secs] [Times: user=0.08 sys=0.01, real=0.01 secs] 
2016-09-24T03:53:42.242-0400: 19.459: [GC (GCLocker Initiated GC) [PSYoungGen: 164495K->44136K(175104K)] 439088K->329865K(699392K), 0.0084136 secs] [Times: user=0.06 sys=0.00, real=0.00 secs] 
2016-09-24T03:53:42.290-0400: 19.507: [GC (GCLocker Initiated GC) [PSYoungGen: 132200K->53515K(175104K)] 426190K->355944K(699392K), 0.0097658 secs] [Times: user=0.10 sys=0.01, real=0.01 secs] 
2016-09-24T03:53:42.346-0400: 19.562: [GC (GCLocker Initiated GC) [PSYoungGen: 141579K->34280K(175104K)] 449536K->354772K(699392K), 0.0066928 secs] [Times: user=0.05 sys=0.00, real=0.00 secs] 
2016-09-24T03:53:42.382-0400: 19.599: [GC (GCLocker Initiated GC) [PSYoungGen: 122344K->81943K(175104K)] 445659K->443417K(699392K), 0.0103145 secs] [Times: user=0.12 sys=0.00, real=0.00 secs] 
2016-09-24T03:53:42.435-0400: 19.652: [GC (GCLocker Initiated GC) [PSYoungGen: 170007K->63113K(175104K)] 546560K->456389K(699392K), 0.0076261 secs] [Times: user=0.08 sys=0.01, real=0.01 secs] 
2016-09-24T03:53:42.479-0400: 19.696: [GC (GCLocker Initiated GC) [PSYoungGen: 151177K->64278K(175104K)] 547236K->466295K(699392K), 0.0068636 secs] [Times: user=0.07 sys=0.00, real=0.01 secs] 
2016-09-24T03:53:42.530-0400: 19.746: [GC (GCLocker Initiated GC) [PSYoungGen: 152342K->61671K(175104K)] 565302K->481769K(699392K), 0.0196404 secs] [Times: user=0.19 sys=0.02, real=0.02 secs] 
2016-09-24T03:53:42.613-0400: 19.829: [GC (GCLocker Initiated GC) [PSYoungGen: 149735K->38804K(175104K)] 590778K->497854K(699392K), 0.0119190 secs] [Times: user=0.16 sys=0.01, real=0.02 secs] 
2016-09-24T03:53:42.670-0400: 19.886: [GC (GCLocker Initiated GC) [PSYoungGen: 126868K->43702K(175104K)] 586014K->512791K(699392K), 0.0117824 secs] [Times: user=0.15 sys=0.01, real=0.01 secs] 
2016-09-24T03:53:42.769-0400: 19.986: [GC (Allocation Failure) [PSYoungGen: 131766K->41732K(175104K)] 601093K->532881K(699392K), 0.0211893 secs] [Times: user=0.34 sys=0.02, real=0.02 secs] 
2016-09-24T03:53:42.791-0400: 20.007: [Full GC (Ergonomics) [PSYoungGen: 41732K->0K(175104K)] [ParOldGen: 491149K->133958K(524288K)] 532881K->133958K(699392K), [Metaspace: 43447K->43447K(1085440K)], 0.0939115 secs] [Times: user=0.79 sys=0.10, real=0.10 secs] 
2016-09-24T03:53:42.959-0400: 20.175: [GC (GCLocker Initiated GC) [PSYoungGen: 86953K->57610K(175104K)] 226312K->196969K(699392K), 0.0611893 secs] [Times: user=0.75 sys=0.05, real=0.06 secs] 
2016-09-24T03:53:43.073-0400: 20.289: [GC (GCLocker Initiated GC) [PSYoungGen: 145674K->37101K(175104K)] 290616K->190497K(699392K), 0.0095978 secs] [Times: user=0.12 sys=0.00, real=0.02 secs] 
2016-09-24T03:53:43.139-0400: 20.356: [GC (GCLocker Initiated GC) [PSYoungGen: 125165K->54992K(169984K)] 286825K->233312K(694272K), 0.0098789 secs] [Times: user=0.11 sys=0.01, real=0.01 secs] 
2016-09-24T03:53:43.208-0400: 20.425: [GC (GCLocker Initiated GC) [PSYoungGen: 143056K->71280K(172544K)] 326919K->274715K(696832K), 0.0071344 secs] [Times: user=0.09 sys=0.02, real=0.01 secs] 
2016-09-24T03:53:43.260-0400: 20.477: [GC (GCLocker Initiated GC) [PSYoungGen: 159344K->56185K(175616K)] 368427K->269878K(699904K), 0.0156656 secs] [Times: user=0.21 sys=0.01, real=0.02 secs] 
2016-09-24T03:53:43.329-0400: 20.545: [GC (GCLocker Initiated GC) [PSYoungGen: 146297K->49467K(139776K)] 362808K->290833K(664064K), 0.0090383 secs] [Times: user=0.13 sys=0.01, real=0.01 secs] 
2016-09-24T03:53:43.388-0400: 20.605: [GC (GCLocker Initiated GC) [PSYoungGen: 139579K->49468K(176128K)] 386443K->326519K(700416K), 0.0080742 secs] [Times: user=0.11 sys=0.01, real=0.01 secs] 
2016-09-24T03:53:43.451-0400: 20.667: [GC (GCLocker Initiated GC) [PSYoungGen: 142652K->65800K(174592K)] 419800K->348863K(698880K), 0.0125341 secs] [Times: user=0.11 sys=0.02, real=0.02 secs] 
2016-09-24T03:53:43.562-0400: 20.779: [GC (GCLocker Initiated GC) [PSYoungGen: 158984K->80855K(171008K)] 448312K->378898K(695296K), 0.0088640 secs] [Times: user=0.10 sys=0.01, real=0.00 secs] 
2016-09-24T03:53:43.736-0400: 20.952: [GC (GCLocker Initiated GC) [PSYoungGen: 168919K->50951K(175104K)] 480551K->371274K(699392K), 0.0157007 secs] [Times: user=0.16 sys=0.01, real=0.01 secs] 
2016-09-24T03:53:43.840-0400: 21.057: [GC (GCLocker Initiated GC) [PSYoungGen: 139015K->71154K(175104K)] 459406K->417768K(699392K), 0.0255879 secs] [Times: user=0.30 sys=0.03, real=0.03 secs] 
2016-09-24T03:53:44.035-0400: 21.251: [GC (GCLocker Initiated GC) [PSYoungGen: 159218K->74046K(175104K)] 510109K->434901K(699392K), 0.0126421 secs] [Times: user=0.20 sys=0.01, real=0.01 secs] 
2016-09-24T03:53:44.138-0400: 21.354: [GC (GCLocker Initiated GC) [PSYoungGen: 162110K->49669K(175104K)] 533912K->427562K(699392K), 0.0071283 secs] [Times: user=0.10 sys=0.00, real=0.01 secs] 
2016-09-24T03:53:44.277-0400: 21.493: [GC (GCLocker Initiated GC) [PSYoungGen: 137733K->44250K(175104K)] 524235K->436749K(699392K), 0.0101575 secs] [Times: user=0.15 sys=0.02, real=0.01 secs] 
2016-09-24T03:53:44.386-0400: 21.602: [GC (GCLocker Initiated GC) [PSYoungGen: 132314K->66964K(175104K)] 524901K->464335K(699392K), 0.0071967 secs] [Times: user=0.10 sys=0.01, real=0.00 secs] 
2016-09-24T03:53:44.450-0400: 21.666: [GC (GCLocker Initiated GC) [PSYoungGen: 155028K->64591K(175104K)] 557280K->469861K(699392K), 0.0152865 secs] [Times: user=0.26 sys=0.00, real=0.02 secs] 
2016-09-24T03:53:44.517-0400: 21.734: [GC (GCLocker Initiated GC) [PSYoungGen: 152655K->46755K(175104K)] 568766K->464836K(699392K), 0.0059589 secs] [Times: user=0.09 sys=0.01, real=0.01 secs] 
2016-09-24T03:53:44.552-0400: 21.769: [GC (GCLocker Initiated GC) [PSYoungGen: 134819K->59010K(147456K)] 553135K->488590K(671744K), 0.0074712 secs] [Times: user=0.09 sys=0.00, real=0.01 secs] 
2016-09-24T03:53:44.605-0400: 21.822: [GC (GCLocker Initiated GC) [PSYoungGen: 147074K->59115K(176640K)] 584978K->543356K(700928K), 0.0117623 secs] [Times: user=0.16 sys=0.01, real=0.01 secs] 
2016-09-24T03:53:44.617-0400: 21.834: [Full GC (Ergonomics) [PSYoungGen: 59115K->0K(176640K)] [ParOldGen: 484240K->161314K(524288K)] 543356K->161314K(700928K), [Metaspace: 43457K->43457K(1085440K)], 0.2054924 secs] [Times: user=1.38 sys=0.56, real=0.21 secs] 
2016-09-24T03:53:44.916-0400: 22.133: [GC (GCLocker Initiated GC) [PSYoungGen: 90624K->38751K(174080K)] 256250K->204377K(698368K), 0.0202010 secs] [Times: user=0.30 sys=0.06, real=0.02 secs] 
2016-09-24T03:53:44.998-0400: 22.214: [GC (GCLocker Initiated GC) [PSYoungGen: 129375K->38434K(177152K)] 297797K->216970K(701440K), 0.0096144 secs] [Times: user=0.10 sys=0.04, real=0.01 secs] 
2016-09-24T03:53:45.081-0400: 22.297: [GC (GCLocker Initiated GC) [PSYoungGen: 131106K->41405K(177152K)] 323404K->265191K(701440K), 0.0148544 secs] [Times: user=0.24 sys=0.05, real=0.02 secs] 
2016-09-24T03:53:45.157-0400: 22.374: [GC (GCLocker Initiated GC) [PSYoungGen: 134077K->60418K(177152K)] 360731K->297115K(701440K), 0.0137385 secs] [Times: user=0.18 sys=0.05, real=0.01 secs] 
2016-09-24T03:53:45.258-0400: 22.474: [GC (GCLocker Initiated GC) [PSYoungGen: 154114K->44060K(177152K)] 403163K->298967K(701440K), 0.0142209 secs] [Times: user=0.16 sys=0.08, real=0.01 secs] 
2016-09-24T03:53:45.345-0400: 22.562: [GC (GCLocker Initiated GC) [PSYoungGen: 137756K->31845K(177152K)] 406438K->317436K(701440K), 0.0132088 secs] [Times: user=0.17 sys=0.02, real=0.01 secs] 
2016-09-24T03:53:45.412-0400: 22.629: [GC (GCLocker Initiated GC) [PSYoungGen: 126565K->57524K(177664K)] 412277K->343675K(701952K), 0.0163585 secs] [Times: user=0.18 sys=0.02, real=0.02 secs] 
2016-09-24T03:53:45.493-0400: 22.710: [GC (GCLocker Initiated GC) [PSYoungGen: 152244K->46882K(174080K)] 443927K->352593K(698368K), 0.0136176 secs] [Times: user=0.11 sys=0.03, real=0.02 secs] 
2016-09-24T03:53:45.557-0400: 22.774: [GC (GCLocker Initiated GC) [PSYoungGen: 143650K->65883K(176640K)] 452121K->381653K(700928K), 0.0074687 secs] [Times: user=0.10 sys=0.01, real=0.01 secs] 
2016-09-24T03:53:45.603-0400: 22.820: [GC (GCLocker Initiated GC) [PSYoungGen: 162651K->69829K(172544K)] 483921K->402534K(696832K), 0.0096267 secs] [Times: user=0.10 sys=0.01, real=0.00 secs] 
2016-09-24T03:53:45.651-0400: 22.868: [GC (GCLocker Initiated GC) [PSYoungGen: 159941K->77999K(168448K)] 492682K->426153K(692736K), 0.0075080 secs] [Times: user=0.12 sys=0.01, real=0.01 secs] 
2016-09-24T03:53:45.699-0400: 22.916: [GC (GCLocker Initiated GC) [PSYoungGen: 168111K->83349K(175104K)] 521744K->452429K(699392K), 0.0093415 secs] [Times: user=0.13 sys=0.01, real=0.01 secs] 
2016-09-24T03:53:45.745-0400: 22.961: [GC (GCLocker Initiated GC) [PSYoungGen: 171413K->59171K(175104K)] 541905K->465326K(699392K), 0.0084486 secs] [Times: user=0.13 sys=0.01, real=0.00 secs] 
2016-09-24T03:53:45.790-0400: 23.007: [GC (GCLocker Initiated GC) [PSYoungGen: 147235K->57820K(175104K)] 558873K->491731K(699392K), 0.0074547 secs] [Times: user=0.09 sys=0.01, real=0.01 secs] 
2016-09-24T03:53:45.836-0400: 23.053: [GC (GCLocker Initiated GC) [PSYoungGen: 145884K->60467K(175104K)] 582604K->530320K(699392K), 0.0082063 secs] [Times: user=0.12 sys=0.00, real=0.01 secs] 
2016-09-24T03:53:45.884-0400: 23.101: [GC (GCLocker Initiated GC) [PSYoungGen: 148531K->46826K(175104K)] 621118K->529354K(699392K), 0.0097576 secs] [Times: user=0.06 sys=0.01, real=0.01 secs] 
2016-09-24T03:53:45.939-0400: 23.156: [Full GC (Ergonomics) [PSYoungGen: 134890K->0K(175104K)] [ParOldGen: 490748K->154623K(524288K)] 625638K->154623K(699392K), [Metaspace: 43458K->43458K(1085440K)], 0.0645588 secs] [Times: user=0.48 sys=0.02, real=0.07 secs] 
2016-09-24T03:53:46.037-0400: 23.253: [GC (GCLocker Initiated GC) [PSYoungGen: 88064K->86537K(175104K)] 246247K->247420K(699392K), 0.0069512 secs] [Times: user=0.09 sys=0.01, real=0.01 secs] 
2016-09-24T03:53:46.079-0400: 23.296: [GC (GCLocker Initiated GC) [PSYoungGen: 174601K->56417K(175104K)] 338361K->267084K(699392K), 0.0073977 secs] [Times: user=0.09 sys=0.01, real=0.01 secs] 
2016-09-24T03:53:46.124-0400: 23.341: [GC (GCLocker Initiated GC) [PSYoungGen: 144481K->65969K(175104K)] 358097K->289650K(699392K), 0.0107218 secs] [Times: user=0.13 sys=0.02, real=0.01 secs] 
2016-09-24T03:53:46.176-0400: 23.393: [GC (GCLocker Initiated GC) [PSYoungGen: 154033K->57810K(175104K)] 385934K->308011K(699392K), 0.0060395 secs] [Times: user=0.09 sys=0.01, real=0.01 secs] 
2016-09-24T03:53:46.218-0400: 23.435: [GC (GCLocker Initiated GC) [PSYoungGen: 145874K->56491K(175104K)] 400175K->343862K(699392K), 0.0070581 secs] [Times: user=0.10 sys=0.02, real=0.01 secs] 
2016-09-24T03:53:46.271-0400: 23.488: [GC (GCLocker Initiated GC) [PSYoungGen: 144555K->64693K(173056K)] 450700K->372825K(697344K), 0.0092415 secs] [Times: user=0.09 sys=0.01, real=0.01 secs] 
2016-09-24T03:53:46.323-0400: 23.540: [GC (GCLocker Initiated GC) [PSYoungGen: 152757K->37120K(174080K)] 466512K->375944K(698368K), 0.0071506 secs] [Times: user=0.06 sys=0.01, real=0.00 secs] 
2016-09-24T03:53:46.365-0400: 23.581: [GC (GCLocker Initiated GC) [PSYoungGen: 125184K->63094K(175104K)] 469549K->414631K(699392K), 0.0063273 secs] [Times: user=0.06 sys=0.01, real=0.00 secs] 
2016-09-24T03:53:46.407-0400: 23.624: [GC (GCLocker Initiated GC) [PSYoungGen: 152182K->73869K(175104K)] 503901K->439702K(699392K), 0.0123803 secs] [Times: user=0.13 sys=0.01, real=0.01 secs] 
2016-09-24T03:53:46.456-0400: 23.673: [GC (GCLocker Initiated GC) [PSYoungGen: 162957K->49634K(175104K)] 531578K->449895K(699392K), 0.0076554 secs] [Times: user=0.07 sys=0.01, real=0.01 secs] 
2016-09-24T03:53:46.511-0400: 23.727: [GC (GCLocker Initiated GC) [PSYoungGen: 137698K->61753K(150016K)] 538149K->476454K(674304K), 0.0072658 secs] [Times: user=0.10 sys=0.00, real=0.01 secs] 
2016-09-24T03:53:46.545-0400: 23.761: [GC (GCLocker Initiated GC) [PSYoungGen: 149817K->68728K(173056K)] 567463K->513977K(697344K), 0.0084575 secs] [Times: user=0.09 sys=0.00, real=0.00 secs] 
2016-09-24T03:53:46.592-0400: 23.809: [GC (GCLocker Initiated GC) [PSYoungGen: 155768K->67495K(174080K)] 603979K->530006K(698368K), 0.0107560 secs] [Times: user=0.16 sys=0.01, real=0.02 secs] 
2016-09-24T03:53:46.651-0400: 23.868: [GC (GCLocker Initiated GC) [PSYoungGen: 154535K->47071K(174080K)] 622502K->533457K(698368K), 0.0100779 secs] [Times: user=0.16 sys=0.01, real=0.01 secs] 
2016-09-24T03:53:46.661-0400: 23.878: [Full GC (Ergonomics) [PSYoungGen: 47071K->0K(174080K)] [ParOldGen: 486385K->140297K(524288K)] 533457K->140297K(698368K), [Metaspace: 43463K->43463K(1085440K)], 0.1392649 secs] [Times: user=1.91 sys=0.14, real=0.14 secs] 
2016-09-24T03:53:46.826-0400: 24.043: [GC (GCLocker Initiated GC) [PSYoungGen: 88064K->84210K(174592K)] 231220K->246267K(698880K), 0.0071934 secs] [Times: user=0.10 sys=0.01, real=0.00 secs] 
2016-09-24T03:53:46.877-0400: 24.093: [GC (GCLocker Initiated GC) [PSYoungGen: 172274K->59411K(175104K)] 339892K->263486K(699392K), 0.0145814 secs] [Times: user=0.17 sys=0.02, real=0.01 secs] 
2016-09-24T03:53:46.933-0400: 24.150: [GC (GCLocker Initiated GC) [PSYoungGen: 147475K->60353K(175104K)] 351672K->293838K(699392K), 0.0098661 secs] [Times: user=0.10 sys=0.01, real=0.02 secs] 
2016-09-24T03:53:46.977-0400: 24.193: [GC (GCLocker Initiated GC) [PSYoungGen: 148417K->62115K(172032K)] 384695K->332664K(696320K), 0.0078455 secs] [Times: user=0.09 sys=0.00, real=0.01 secs] 
2016-09-24T03:53:47.027-0400: 24.244: [GC (GCLocker Initiated GC) [PSYoungGen: 150179K->54021K(173568K)] 424865K->360687K(697856K), 0.0165597 secs] [Times: user=0.26 sys=0.00, real=0.02 secs] 
2016-09-24T03:53:47.078-0400: 24.294: [GC (GCLocker Initiated GC) [PSYoungGen: 142085K->66099K(175104K)] 451538K->392624K(699392K), 0.0139869 secs] [Times: user=0.12 sys=0.02, real=0.01 secs] 
2016-09-24T03:53:47.136-0400: 24.352: [GC (GCLocker Initiated GC) [PSYoungGen: 158259K->52753K(176128K)] 491676K->428959K(700416K), 0.0068584 secs] [Times: user=0.10 sys=0.01, real=0.01 secs] 
2016-09-24T03:53:47.184-0400: 24.401: [GC (GCLocker Initiated GC) [PSYoungGen: 144913K->63261K(174592K)] 532312K->479968K(698880K), 0.0085733 secs] [Times: user=0.09 sys=0.00, real=0.00 secs] 
2016-09-24T03:53:47.232-0400: 24.449: [GC (GCLocker Initiated GC) [PSYoungGen: 157981K->69830K(176640K)] 574796K->514434K(700928K), 0.0069336 secs] [Times: user=0.09 sys=0.01, real=0.01 secs] 
2016-09-24T03:53:47.281-0400: 24.498: [GC (GCLocker Initiated GC) [PSYoungGen: 164550K->53928K(179200K)] 615991K->519341K(703488K), 0.0076596 secs] [Times: user=0.06 sys=0.01, real=0.01 secs] 
2016-09-24T03:53:47.332-0400: 24.549: [GC (GCLocker Initiated GC) [PSYoungGen: 150184K->67478K(178688K)] 619753K->550162K(702976K), 0.0070216 secs] [Times: user=0.09 sys=0.00, real=0.01 secs] 
2016-09-24T03:53:47.340-0400: 24.556: [Full GC (Ergonomics) [PSYoungGen: 67478K->0K(178688K)] [ParOldGen: 482684K->148494K(524288K)] 550162K->148494K(702976K), [Metaspace: 43475K->43475K(1085440K)], 0.0609430 secs] [Times: user=0.37 sys=0.07, real=0.06 secs] 
2016-09-24T03:53:47.449-0400: 24.665: [GC (GCLocker Initiated GC) [PSYoungGen: 96256K->81628K(171008K)] 244886K->232958K(695296K), 0.0102783 secs] [Times: user=0.15 sys=0.02, real=0.01 secs] 
2016-09-24T03:53:47.497-0400: 24.714: [GC (Allocation Failure) [PSYoungGen: 169692K->79680K(175104K)] 325212K->255510K(699392K), 0.0155550 secs] [Times: user=0.23 sys=0.03, real=0.01 secs] 
2016-09-24T03:53:47.514-0400: 24.731: [GC (GCLocker Initiated GC) [PSYoungGen: 79691K->192K(175104K)] 255521K->264885K(699392K), 0.0076339 secs] [Times: user=0.09 sys=0.01, real=0.00 secs] 
2016-09-24T03:53:47.568-0400: 24.784: [GC (GCLocker Initiated GC) [PSYoungGen: 88256K->52737K(175104K)] 355659K->320140K(699392K), 0.0063889 secs] [Times: user=0.06 sys=0.01, real=0.01 secs] 
2016-09-24T03:53:47.611-0400: 24.827: [GC (GCLocker Initiated GC) [PSYoungGen: 140801K->60819K(175104K)] 413736K->349609K(699392K), 0.0065848 secs] [Times: user=0.08 sys=0.01, real=0.01 secs] 
2016-09-24T03:53:47.660-0400: 24.876: [GC (GCLocker Initiated GC) [PSYoungGen: 148883K->80902K(175104K)] 441771K->381494K(699392K), 0.0096237 secs] [Times: user=0.14 sys=0.01, real=0.01 secs] 
2016-09-24T03:53:47.712-0400: 24.929: [GC (GCLocker Initiated GC) [PSYoungGen: 168966K->34709K(175104K)] 469695K->371346K(699392K), 0.0078462 secs] [Times: user=0.08 sys=0.01, real=0.01 secs] 
2016-09-24T03:53:47.754-0400: 24.971: [GC (GCLocker Initiated GC) [PSYoungGen: 122773K->69140K(175104K)] 459530K->429471K(699392K), 0.0080661 secs] [Times: user=0.09 sys=0.01, real=0.01 secs] 
2016-09-24T03:53:47.801-0400: 25.018: [GC (GCLocker Initiated GC) [PSYoungGen: 157204K->85219K(175104K)] 520411K->471222K(699392K), 0.0085315 secs] [Times: user=0.11 sys=0.01, real=0.01 secs] 
2016-09-24T03:53:47.849-0400: 25.066: [GC (GCLocker Initiated GC) [PSYoungGen: 173283K->58194K(175104K)] 559364K->473704K(699392K), 0.0069713 secs] [Times: user=0.11 sys=0.00, real=0.01 secs] 
2016-09-24T03:53:47.904-0400: 25.121: [GC (GCLocker Initiated GC) [PSYoungGen: 146258K->62245K(175104K)] 563176K->516627K(699392K), 0.0077278 secs] [Times: user=0.12 sys=0.00, real=0.00 secs] 
2016-09-24T03:53:47.962-0400: 25.179: [GC (GCLocker Initiated GC) [PSYoungGen: 150309K->63518K(175104K)] 612884K->540480K(699392K), 0.0074983 secs] [Times: user=0.08 sys=0.01, real=0.00 secs] 
2016-09-24T03:53:47.970-0400: 25.186: [Full GC (Ergonomics) [PSYoungGen: 63518K->0K(175104K)] [ParOldGen: 476962K->159522K(524288K)] 540480K->159522K(699392K), [Metaspace: 43475K->43475K(1085440K)], 0.0527464 secs] [Times: user=0.39 sys=0.04, real=0.06 secs] 
2016-09-24T03:53:48.067-0400: 25.284: [GC (GCLocker Initiated GC) [PSYoungGen: 88064K->72148K(175104K)] 251773K->235857K(699392K), 0.0100189 secs] [Times: user=0.15 sys=0.01, real=0.01 secs] 
2016-09-24T03:53:48.114-0400: 25.331: [GC (GCLocker Initiated GC) [PSYoungGen: 160212K->60825K(175104K)] 331099K->257315K(699392K), 0.0097346 secs] [Times: user=0.09 sys=0.02, real=0.01 secs] 
2016-09-24T03:53:48.162-0400: 25.378: [GC (GCLocker Initiated GC) [PSYoungGen: 148889K->35856K(175104K)] 350883K->261694K(699392K), 0.0109398 secs] [Times: user=0.10 sys=0.01, real=0.01 secs] 
2016-09-24T03:53:48.215-0400: 25.432: [GC (GCLocker Initiated GC) [PSYoungGen: 123920K->66086K(175104K)] 355348K->306134K(699392K), 0.0070165 secs] [Times: user=0.09 sys=0.02, real=0.01 secs] 
2016-09-24T03:53:48.263-0400: 25.479: [GC (GCLocker Initiated GC) [PSYoungGen: 154150K->67413K(175104K)] 394342K->346252K(699392K), 0.0072980 secs] [Times: user=0.10 sys=0.01, real=0.00 secs] 
2016-09-24T03:53:48.323-0400: 25.540: [GC (GCLocker Initiated GC) [PSYoungGen: 155477K->67559K(175104K)] 447916K->387773K(699392K), 0.0071927 secs] [Times: user=0.10 sys=0.01, real=0.00 secs] 
2016-09-24T03:53:48.379-0400: 25.596: [GC (GCLocker Initiated GC) [PSYoungGen: 155623K->71598K(175104K)] 477273K->410349K(699392K), 0.0063616 secs] [Times: user=0.09 sys=0.00, real=0.01 secs] 
2016-09-24T03:53:48.417-0400: 25.633: [GC (GCLocker Initiated GC) [PSYoungGen: 159662K->71860K(175104K)] 505347K->429215K(699392K), 0.0145010 secs] [Times: user=0.16 sys=0.02, real=0.01 secs] 
2016-09-24T03:53:48.477-0400: 25.694: [GC (GCLocker Initiated GC) [PSYoungGen: 159924K->51116K(175104K)] 522744K->435226K(699392K), 0.0069794 secs] [Times: user=0.08 sys=0.01, real=0.01 secs] 
2016-09-24T03:53:48.521-0400: 25.738: [GC (GCLocker Initiated GC) [PSYoungGen: 139180K->68716K(175104K)] 523312K->484756K(699392K), 0.0072671 secs] [Times: user=0.11 sys=0.00, real=0.01 secs] 
2016-09-24T03:53:48.562-0400: 25.778: [GC (GCLocker Initiated GC) [PSYoungGen: 156780K->85245K(175104K)] 575667K->514386K(699392K), 0.0073561 secs] [Times: user=0.10 sys=0.01, real=0.01 secs] 
2016-09-24T03:53:48.614-0400: 25.831: [GC (GCLocker Initiated GC) [PSYoungGen: 173309K->64820K(175104K)] 605620K->514412K(699392K), 0.0068240 secs] [Times: user=0.09 sys=0.00, real=0.00 secs] 
2016-09-24T03:53:48.647-0400: 25.863: [GC (GCLocker Initiated GC) [PSYoungGen: 152884K->67640K(175104K)] 605266K->534384K(699392K), 0.0087956 secs] [Times: user=0.05 sys=0.01, real=0.01 secs] 
2016-09-24T03:53:48.704-0400: 25.921: [GC (GCLocker Initiated GC) [PSYoungGen: 155704K->58158K(175104K)] 633593K->572257K(699392K), 0.0079337 secs] [Times: user=0.10 sys=0.01, real=0.00 secs] 
2016-09-24T03:53:48.712-0400: 25.929: [Full GC (Ergonomics) [PSYoungGen: 58158K->0K(175104K)] [ParOldGen: 514098K->170072K(524288K)] 572257K->170072K(699392K), [Metaspace: 43485K->43485K(1085440K)], 0.0441942 secs] [Times: user=0.30 sys=0.05, real=0.05 secs] 
2016-09-24T03:53:48.795-0400: 26.011: [GC (GCLocker Initiated GC) [PSYoungGen: 88064K->60810K(175104K)] 263601K->236347K(699392K), 0.0060369 secs] [Times: user=0.05 sys=0.01, real=0.00 secs] 
2016-09-24T03:53:48.835-0400: 26.052: [GC (GCLocker Initiated GC) [PSYoungGen: 148874K->59405K(175104K)] 332568K->253550K(699392K), 0.0078486 secs] [Times: user=0.06 sys=0.00, real=0.01 secs] 
2016-09-24T03:53:48.901-0400: 26.118: [GC (GCLocker Initiated GC) [PSYoungGen: 147469K->81031K(175104K)] 356635K->295282K(699392K), 0.0095014 secs] [Times: user=0.07 sys=0.01, real=0.01 secs] 
2016-09-24T03:53:48.963-0400: 26.179: [GC (GCLocker Initiated GC) [PSYoungGen: 169095K->37724K(175104K)] 388099K->284541K(699392K), 0.0072374 secs] [Times: user=0.07 sys=0.01, real=0.00 secs] 
2016-09-24T03:53:48.997-0400: 26.214: [GC (Allocation Failure) [PSYoungGen: 125788K->51018K(175104K)] 375444K->318982K(699392K), 0.0079418 secs] [Times: user=0.06 sys=0.00, real=0.01 secs] 
2016-09-24T03:53:49.007-0400: 26.223: [GC (GCLocker Initiated GC) [PSYoungGen: 51325K->96K(175104K)] 319290K->345947K(699392K), 0.0079951 secs] [Times: user=0.06 sys=0.00, real=0.01 secs] 
2016-09-24T03:53:49.058-0400: 26.274: [GC (GCLocker Initiated GC) [PSYoungGen: 88156K->57976K(175104K)] 434030K->403865K(699392K), 0.0100920 secs] [Times: user=0.09 sys=0.01, real=0.01 secs] 
2016-09-24T03:53:49.105-0400: 26.322: [GC (GCLocker Initiated GC) [PSYoungGen: 146040K->68843K(175104K)] 498101K->431278K(699392K), 0.0081925 secs] [Times: user=0.08 sys=0.00, real=0.00 secs] 
2016-09-24T03:53:49.162-0400: 26.378: [GC (GCLocker Initiated GC) [PSYoungGen: 156907K->36067K(175104K)] 524749K->408909K(699392K), 0.0071528 secs] [Times: user=0.05 sys=0.00, real=0.01 secs] 
2016-09-24T03:53:49.217-0400: 26.434: [GC (GCLocker Initiated GC) [PSYoungGen: 124131K->50797K(175104K)] 502417K->439264K(699392K), 0.0142577 secs] [Times: user=0.13 sys=0.01, real=0.01 secs] 
2016-09-24T03:53:49.294-0400: 26.511: [GC (GCLocker Initiated GC) [PSYoungGen: 138861K->48141K(175104K)] 530164K->445327K(699392K), 0.0082095 secs] [Times: user=0.05 sys=0.01, real=0.01 secs] 
2016-09-24T03:53:49.344-0400: 26.561: [GC (GCLocker Initiated GC) [PSYoungGen: 136205K->54923K(175104K)] 540295K->465048K(699392K), 0.0188356 secs] [Times: user=0.16 sys=0.02, real=0.02 secs] 
2016-09-24T03:53:49.410-0400: 26.627: [GC (GCLocker Initiated GC) [PSYoungGen: 142987K->72710K(175104K)] 558597K->503861K(699392K), 0.0080285 secs] [Times: user=0.08 sys=0.02, real=0.01 secs] 
2016-09-24T03:53:49.476-0400: 26.693: [GC (GCLocker Initiated GC) [PSYoungGen: 160774K->61916K(175104K)] 600195K->526257K(699392K), 0.0098201 secs] [Times: user=0.12 sys=0.01, real=0.01 secs] 
2016-09-24T03:53:49.525-0400: 26.742: [GC (GCLocker Initiated GC) [PSYoungGen: 149980K->65923K(175104K)] 614399K->563496K(699392K), 0.0109966 secs] [Times: user=0.15 sys=0.02, real=0.01 secs] 
2016-09-24T03:53:49.536-0400: 26.753: [Full GC (Ergonomics) [PSYoungGen: 65923K->0K(175104K)] [ParOldGen: 497573K->171532K(524288K)] 563496K->171532K(699392K), [Metaspace: 43489K->43489K(1085440K)], 0.0659310 secs] [Times: user=0.53 sys=0.07, real=0.07 secs] 
2016-09-24T03:53:49.660-0400: 26.877: [GC (GCLocker Initiated GC) [PSYoungGen: 88064K->67449K(175104K)] 262335K->241720K(699392K), 0.0143868 secs] [Times: user=0.20 sys=0.02, real=0.02 secs] 
2016-09-24T03:53:49.738-0400: 26.954: [GC (GCLocker Initiated GC) [PSYoungGen: 155513K->58994K(175104K)] 329971K->246441K(699392K), 0.0159887 secs] [Times: user=0.15 sys=0.02, real=0.01 secs] 
2016-09-24T03:53:49.810-0400: 27.027: [GC (GCLocker Initiated GC) [PSYoungGen: 147058K->71339K(175104K)] 342783K->281188K(699392K), 0.0087779 secs] [Times: user=0.09 sys=0.01, real=0.01 secs] 
2016-09-24T03:53:49.861-0400: 27.077: [GC (GCLocker Initiated GC) [PSYoungGen: 159403K->76715K(175104K)] 382943K->306290K(699392K), 0.0077565 secs] [Times: user=0.11 sys=0.00, real=0.01 secs] 
2016-09-24T03:53:53.955-0400: 31.172: [GC (GCLocker Initiated GC) [PSYoungGen: 164779K->35145K(175104K)] 410712K->307304K(699392K), 0.0067536 secs] [Times: user=0.08 sys=0.00, real=0.00 secs] 
2016-09-24T03:53:54.013-0400: 31.230: [GC (GCLocker Initiated GC) [PSYoungGen: 123209K->61980K(175104K)] 402206K->363460K(699392K), 0.0076296 secs] [Times: user=0.11 sys=0.00, real=0.01 secs] 
2016-09-24T03:53:54.070-0400: 31.287: [GC (GCLocker Initiated GC) [PSYoungGen: 150044K->74220K(175104K)] 451627K->394079K(699392K), 0.0181422 secs] [Times: user=0.23 sys=0.00, real=0.02 secs] 
2016-09-24T03:53:54.145-0400: 31.361: [GC (GCLocker Initiated GC) [PSYoungGen: 162284K->36042K(175104K)] 486789K->387029K(699392K), 0.0077774 secs] [Times: user=0.08 sys=0.00, real=0.00 secs] 
2016-09-24T03:53:54.190-0400: 31.406: [GC (GCLocker Initiated GC) [PSYoungGen: 124106K->74236K(175104K)] 480537K->442122K(699392K), 0.0076446 secs] [Times: user=0.10 sys=0.00, real=0.01 secs] 
2016-09-24T03:53:54.246-0400: 31.463: [GC (GCLocker Initiated GC) [PSYoungGen: 162300K->53918K(175104K)] 538342K->447052K(699392K), 0.0066091 secs] [Times: user=0.06 sys=0.00, real=0.00 secs] 
2016-09-24T03:53:54.284-0400: 31.500: [GC (GCLocker Initiated GC) [PSYoungGen: 141982K->45660K(175104K)] 535209K->469379K(699392K), 0.0090915 secs] [Times: user=0.08 sys=0.00, real=0.00 secs] 
2016-09-24T03:53:54.331-0400: 31.548: [GC (GCLocker Initiated GC) [PSYoungGen: 133724K->80762K(175104K)] 560281K->524305K(699392K), 0.0083064 secs] [Times: user=0.09 sys=0.01, real=0.01 secs] 
2016-09-24T03:53:54.384-0400: 31.601: [GC (GCLocker Initiated GC) [PSYoungGen: 168826K->48373K(175104K)] 615130K->524985K(699392K), 0.0102148 secs] [Times: user=0.09 sys=0.00, real=0.01 secs] 
2016-09-24T03:53:54.432-0400: 31.648: [Full GC (Ergonomics) [PSYoungGen: 136437K->0K(175104K)] [ParOldGen: 484792K->181265K(524288K)] 621229K->181265K(699392K), [Metaspace: 43667K->43667K(1087488K)], 0.0547725 secs] [Times: user=0.42 sys=0.01, real=0.06 secs] 
2016-09-24T03:53:54.529-0400: 31.746: [GC (GCLocker Initiated GC) [PSYoungGen: 88064K->62113K(175104K)] 278865K->252915K(699392K), 0.0060950 secs] [Times: user=0.05 sys=0.00, real=0.01 secs] 
2016-09-24T03:53:54.578-0400: 31.794: [GC (GCLocker Initiated GC) [PSYoungGen: 150177K->63367K(175104K)] 354705K->299940K(699392K), 0.0099141 secs] [Times: user=0.11 sys=0.00, real=0.01 secs] 
2016-09-24T03:53:54.630-0400: 31.846: [GC (GCLocker Initiated GC) [PSYoungGen: 151431K->48357K(175104K)] 390784K->307353K(699392K), 0.0079370 secs] [Times: user=0.06 sys=0.00, real=0.01 secs] 
2016-09-24T03:53:54.680-0400: 31.897: [GC (GCLocker Initiated GC) [PSYoungGen: 136421K->64716K(175104K)] 399595K->347457K(699392K), 0.0073699 secs] [Times: user=0.10 sys=0.00, real=0.01 secs] 
2016-09-24T03:53:54.719-0400: 31.936: [GC (GCLocker Initiated GC) [PSYoungGen: 152780K->69872K(175104K)] 435606K->373770K(699392K), 0.0082247 secs] [Times: user=0.09 sys=0.00, real=0.01 secs] 
2016-09-24T03:53:54.771-0400: 31.987: [GC (GCLocker Initiated GC) [PSYoungGen: 157936K->71535K(175104K)] 471407K->386946K(699392K), 0.0127735 secs] [Times: user=0.18 sys=0.00, real=0.02 secs] 
2016-09-24T03:53:54.829-0400: 32.046: [GC (GCLocker Initiated GC) [PSYoungGen: 159599K->46936K(175104K)] 481839K->379504K(699392K), 0.0062802 secs] [Times: user=0.06 sys=0.00, real=0.01 secs] 
2016-09-24T03:53:54.863-0400: 32.080: [GC (GCLocker Initiated GC) [PSYoungGen: 135000K->78035K(175104K)] 467636K->442391K(699392K), 0.0076380 secs] [Times: user=0.11 sys=0.01, real=0.00 secs] 
2016-09-24T03:53:54.914-0400: 32.130: [GC (GCLocker Initiated GC) [PSYoungGen: 166099K->67484K(175104K)] 541377K->474413K(699392K), 0.0081242 secs] [Times: user=0.13 sys=0.01, real=0.01 secs] 
2016-09-24T03:53:54.960-0400: 32.177: [GC (GCLocker Initiated GC) [PSYoungGen: 155548K->72681K(175104K)] 565298K->494069K(699392K), 0.0068733 secs] [Times: user=0.10 sys=0.00, real=0.01 secs] 
2016-09-24T03:53:55.000-0400: 32.217: [GC (GCLocker Initiated GC) [PSYoungGen: 160745K->71336K(175104K)] 587646K->539456K(699392K), 0.0082310 secs] [Times: user=0.13 sys=0.00, real=0.01 secs] 
2016-09-24T03:53:55.057-0400: 32.274: [GC (GCLocker Initiated GC) [PSYoungGen: 159400K->39031K(175104K)] 630426K->544439K(699392K), 0.0088265 secs] [Times: user=0.11 sys=0.01, real=0.01 secs] 
2016-09-24T03:53:55.066-0400: 32.283: [Full GC (Ergonomics) [PSYoungGen: 39031K->0K(175104K)] [ParOldGen: 505408K->175533K(524288K)] 544439K->175533K(699392K), [Metaspace: 43697K->43697K(1087488K)], 0.0572687 secs] [Times: user=0.43 sys=0.02, real=0.06 secs] 
2016-09-24T03:53:55.161-0400: 32.377: [GC (GCLocker Initiated GC) [PSYoungGen: 88064K->70222K(175104K)] 265122K->247281K(699392K), 0.0101852 secs] [Times: user=0.14 sys=0.00, real=0.01 secs] 
2016-09-24T03:53:55.206-0400: 32.423: [GC (GCLocker Initiated GC) [PSYoungGen: 158286K->79593K(175104K)] 336834K->272614K(699392K), 0.0071555 secs] [Times: user=0.11 sys=0.00, real=0.00 secs] 
2016-09-24T03:53:55.252-0400: 32.468: [GC (GCLocker Initiated GC) [PSYoungGen: 167657K->49590K(175104K)] 371560K->255511K(699392K), 0.0074539 secs] [Times: user=0.05 sys=0.00, real=0.01 secs] 
2016-09-24T03:53:55.296-0400: 32.512: [GC (GCLocker Initiated GC) [PSYoungGen: 137654K->59021K(175104K)] 343680K->286067K(699392K), 0.0076587 secs] [Times: user=0.10 sys=0.00, real=0.01 secs] 
2016-09-24T03:53:55.343-0400: 32.559: [GC (GCLocker Initiated GC) [PSYoungGen: 147085K->33451K(175104K)] 374162K->290771K(699392K), 0.0066344 secs] [Times: user=0.05 sys=0.01, real=0.00 secs] 
2016-09-24T03:53:55.384-0400: 32.600: [GC (GCLocker Initiated GC) [PSYoungGen: 121515K->67499K(175104K)] 381676K->332381K(699392K), 0.0079682 secs] [Times: user=0.08 sys=0.00, real=0.00 secs] 
2016-09-24T03:53:55.439-0400: 32.655: [GC (GCLocker Initiated GC) [PSYoungGen: 155563K->51086K(175104K)] 435340K->346646K(699392K), 0.0085954 secs] [Times: user=0.08 sys=0.00, real=0.01 secs] 
2016-09-24T03:53:55.486-0400: 32.703: [GC (GCLocker Initiated GC) [PSYoungGen: 139150K->52269K(175104K)] 434746K->355355K(699392K), 0.0060605 secs] [Times: user=0.06 sys=0.00, real=0.00 secs] 
2016-09-24T03:53:55.526-0400: 32.742: [GC (GCLocker Initiated GC) [PSYoungGen: 140333K->66077K(175104K)] 447603K->391579K(699392K), 0.0071492 secs] [Times: user=0.09 sys=0.00, real=0.00 secs] 
2016-09-24T03:53:55.569-0400: 32.785: [GC (GCLocker Initiated GC) [PSYoungGen: 154141K->49826K(175104K)] 479824K->404671K(699392K), 0.0079715 secs] [Times: user=0.07 sys=0.00, real=0.01 secs] 
2016-09-24T03:53:55.618-0400: 32.834: [GC (GCLocker Initiated GC) [PSYoungGen: 137890K->45598K(175104K)] 498260K->418825K(699392K), 0.0271654 secs] [Times: user=0.40 sys=0.00, real=0.03 secs] 
2016-09-24T03:53:55.679-0400: 32.895: [GC (GCLocker Initiated GC) [PSYoungGen: 133662K->56654K(144896K)] 513777K->451044K(669184K), 0.0080745 secs] [Times: user=0.08 sys=0.00, real=0.01 secs] 
2016-09-24T03:53:55.725-0400: 32.941: [GC (GCLocker Initiated GC) [PSYoungGen: 144718K->37500K(173056K)] 544630K->482910K(697344K), 0.0095997 secs] [Times: user=0.10 sys=0.00, real=0.01 secs] 
2016-09-24T03:53:55.772-0400: 32.989: [GC (GCLocker Initiated GC) [PSYoungGen: 125052K->68654K(173568K)] 571994K->523032K(697856K), 0.0274887 secs] [Times: user=0.35 sys=0.00, real=0.03 secs] 
2016-09-24T03:53:55.848-0400: 33.065: [GC (GCLocker Initiated GC) [PSYoungGen: 156206K->46919K(175616K)] 618799K->531951K(699904K), 0.0077508 secs] [Times: user=0.09 sys=0.00, real=0.01 secs] 
2016-09-24T03:53:55.856-0400: 33.073: [Full GC (Ergonomics) [PSYoungGen: 46919K->0K(175616K)] [ParOldGen: 485031K->195592K(524288K)] 531951K->195592K(699904K), [Metaspace: 43699K->43699K(1087488K)], 0.0749514 secs] [Times: user=0.38 sys=0.03, real=0.07 secs] 
2016-09-24T03:53:55.968-0400: 33.185: [GC (GCLocker Initiated GC) [PSYoungGen: 88576K->64904K(175104K)] 289753K->266081K(699392K), 0.0121054 secs] [Times: user=0.17 sys=0.00, real=0.01 secs] 
2016-09-24T03:53:56.018-0400: 33.234: [GC (GCLocker Initiated GC) [PSYoungGen: 153480K->59007K(172032K)] 354771K->281618K(696320K), 0.0146877 secs] [Times: user=0.18 sys=0.00, real=0.01 secs] 
2016-09-24T03:53:56.076-0400: 33.293: [GC (GCLocker Initiated GC) [PSYoungGen: 147583K->34818K(173568K)] 383791K->282383K(697856K), 0.0145069 secs] [Times: user=0.18 sys=0.00, real=0.01 secs] 
2016-09-24T03:53:56.136-0400: 33.352: [GC (GCLocker Initiated GC) [PSYoungGen: 123394K->56413K(173056K)] 375742K->314958K(697344K), 0.0138335 secs] [Times: user=0.17 sys=0.01, real=0.01 secs] 
2016-09-24T03:53:56.192-0400: 33.409: [GC (GCLocker Initiated GC) [PSYoungGen: 147549K->45587K(174592K)] 412979K->336068K(698880K), 0.0068430 secs] [Times: user=0.09 sys=0.01, real=0.01 secs] 
2016-09-24T03:53:56.250-0400: 33.466: [GC (GCLocker Initiated GC) [PSYoungGen: 136723K->51289K(174592K)] 440816K->368153K(698880K), 0.0068960 secs] [Times: user=0.08 sys=0.00, real=0.01 secs] 
2016-09-24T03:53:56.297-0400: 33.514: [GC (GCLocker Initiated GC) [PSYoungGen: 148057K->56278K(176640K)] 465013K->388971K(700928K), 0.0078511 secs] [Times: user=0.08 sys=0.01, real=0.01 secs] 
2016-09-24T03:53:56.341-0400: 33.558: [GC (GCLocker Initiated GC) [PSYoungGen: 153046K->66064K(179712K)] 491212K->416948K(704000K), 0.0069051 secs] [Times: user=0.07 sys=0.00, real=0.01 secs] 
2016-09-24T03:53:56.392-0400: 33.608: [GC (GCLocker Initiated GC) [PSYoungGen: 167440K->79444K(181248K)] 523856K->448822K(705536K), 0.0080055 secs] [Times: user=0.10 sys=0.00, real=0.01 secs] 
2016-09-24T03:53:56.439-0400: 33.656: [GC (GCLocker Initiated GC) [PSYoungGen: 180820K->59385K(174080K)] 550318K->440420K(698368K), 0.0062203 secs] [Times: user=0.08 sys=0.00, real=0.01 secs] 
2016-09-24T03:53:56.483-0400: 33.699: [GC (GCLocker Initiated GC) [PSYoungGen: 152569K->83548K(177152K)] 539109K->492548K(701440K), 0.0078005 secs] [Times: user=0.11 sys=0.00, real=0.00 secs] 
2016-09-24T03:53:56.534-0400: 33.751: [GC (GCLocker Initiated GC) [PSYoungGen: 176732K->67393K(173056K)] 591243K->497500K(697344K), 0.0077448 secs] [Times: user=0.10 sys=0.00, real=0.01 secs] 
2016-09-24T03:53:56.572-0400: 33.788: [GC (GCLocker Initiated GC) [PSYoungGen: 155457K->68722K(175104K)] 585647K->530801K(699392K), 0.0072606 secs] [Times: user=0.08 sys=0.00, real=0.01 secs] 
2016-09-24T03:53:56.616-0400: 33.833: [GC (GCLocker Initiated GC) [PSYoungGen: 156786K->51264K(175104K)] 618930K->546567K(699392K), 0.0143215 secs] [Times: user=0.20 sys=0.01, real=0.01 secs] 
2016-09-24T03:53:56.631-0400: 33.847: [Full GC (Ergonomics) [PSYoungGen: 51264K->0K(175104K)] [ParOldGen: 495302K->197965K(524288K)] 546567K->197965K(699392K), [Metaspace: 43712K->43712K(1087488K)], 0.0484564 secs] [Times: user=0.38 sys=0.00, real=0.05 secs] 
2016-09-24T03:53:56.707-0400: 33.923: [GC (GCLocker Initiated GC) [PSYoungGen: 88064K->78454K(175104K)] 286184K->276575K(699392K), 0.0078396 secs] [Times: user=0.10 sys=0.00, real=0.01 secs] 
2016-09-24T03:53:56.754-0400: 33.971: [GC (GCLocker Initiated GC) [PSYoungGen: 166518K->57914K(175104K)] 375739K->278951K(699392K), 0.0110453 secs] [Times: user=0.13 sys=0.00, real=0.02 secs] 
2016-09-24T03:53:56.807-0400: 34.024: [GC (GCLocker Initiated GC) [PSYoungGen: 145978K->45560K(175104K)] 372460K->293058K(699392K), 0.0101091 secs] [Times: user=0.12 sys=0.00, real=0.01 secs] 
2016-09-24T03:53:56.849-0400: 34.066: [GC (GCLocker Initiated GC) [PSYoungGen: 133624K->70212K(175104K)] 386629K->352229K(699392K), 0.0075390 secs] [Times: user=0.08 sys=0.00, real=0.01 secs] 
2016-09-24T03:53:56.905-0400: 34.122: [GC (GCLocker Initiated GC) [PSYoungGen: 158276K->40370K(175104K)] 444475K->369302K(699392K), 0.0073399 secs] [Times: user=0.08 sys=0.00, real=0.00 secs] 
2016-09-24T03:53:56.946-0400: 34.163: [GC (GCLocker Initiated GC) [PSYoungGen: 128434K->64667K(175104K)] 457448K->430912K(699392K), 0.0070474 secs] [Times: user=0.10 sys=0.00, real=0.00 secs] 
2016-09-24T03:53:56.989-0400: 34.206: [GC (GCLocker Initiated GC) [PSYoungGen: 152731K->71559K(175104K)] 519019K->479148K(699392K), 0.0083120 secs] [Times: user=0.10 sys=0.00, real=0.01 secs] 
2016-09-24T03:53:57.043-0400: 34.260: [GC (GCLocker Initiated GC) [PSYoungGen: 159623K->40692K(175104K)] 578134K->469508K(699392K), 0.0085944 secs] [Times: user=0.08 sys=0.01, real=0.00 secs] 
2016-09-24T03:53:57.096-0400: 34.313: [GC (GCLocker Initiated GC) [PSYoungGen: 128756K->65851K(175104K)] 560389K->514694K(699392K), 0.0072311 secs] [Times: user=0.08 sys=0.00, real=0.01 secs] 
2016-09-24T03:53:57.137-0400: 34.354: [GC (GCLocker Initiated GC) [PSYoungGen: 153915K->63246K(175104K)] 605755K->523733K(699392K), 0.0150122 secs] [Times: user=0.16 sys=0.00, real=0.01 secs] 
2016-09-24T03:53:57.198-0400: 34.414: [GC (GCLocker Initiated GC) [PSYoungGen: 151310K->56488K(175104K)] 620079K->543577K(699392K), 0.0083526 secs] [Times: user=0.08 sys=0.01, real=0.01 secs] 
2016-09-24T03:53:57.206-0400: 34.423: [Full GC (Ergonomics) [PSYoungGen: 56488K->0K(175104K)] [ParOldGen: 487089K->209370K(524288K)] 543577K->209370K(699392K), [Metaspace: 43719K->43719K(1087488K)], 0.0597845 secs] [Times: user=0.34 sys=0.02, real=0.06 secs] 
2016-09-24T03:53:57.308-0400: 34.524: [GC (GCLocker Initiated GC) [PSYoungGen: 88064K->47233K(175104K)] 304279K->263448K(699392K), 0.0177212 secs] [Times: user=0.23 sys=0.00, real=0.02 secs] 
2016-09-24T03:53:57.369-0400: 34.586: [GC (GCLocker Initiated GC) [PSYoungGen: 135297K->60679K(148992K)] 363815K->304940K(673280K), 0.0073640 secs] [Times: user=0.08 sys=0.00, real=0.01 secs] 
2016-09-24T03:53:57.418-0400: 34.634: [GC (GCLocker Initiated GC) [PSYoungGen: 148743K->53775K(175104K)] 394549K->308464K(699392K), 0.0063166 secs] [Times: user=0.09 sys=0.00, real=0.01 secs] 
2016-09-24T03:53:57.455-0400: 34.672: [GC (GCLocker Initiated GC) [PSYoungGen: 143887K->61717K(173056K)] 401460K->338796K(697344K), 0.0078714 secs] [Times: user=0.09 sys=0.00, real=0.01 secs] 
2016-09-24T03:53:57.505-0400: 34.721: [GC (GCLocker Initiated GC) [PSYoungGen: 151829K->60442K(177664K)] 430332K->372028K(701952K), 0.0072193 secs] [Times: user=0.11 sys=0.00, real=0.00 secs] 
2016-09-24T03:53:57.547-0400: 34.764: [GC (GCLocker Initiated GC) [PSYoungGen: 156186K->57971K(176128K)] 467868K->413535K(700416K), 0.0082129 secs] [Times: user=0.10 sys=0.01, real=0.01 secs] 
2016-09-24T03:53:57.590-0400: 34.807: [GC (GCLocker Initiated GC) [PSYoungGen: 153715K->68881K(176128K)] 516178K->451003K(700416K), 0.0078429 secs] [Times: user=0.09 sys=0.00, real=0.01 secs] 
2016-09-24T03:53:57.644-0400: 34.861: [GC (GCLocker Initiated GC) [PSYoungGen: 166673K->64667K(178176K)] 550264K->473506K(702464K), 0.0107472 secs] [Times: user=0.16 sys=0.00, real=0.01 secs] 
2016-09-24T03:53:57.702-0400: 34.918: [GC (GCLocker Initiated GC) [PSYoungGen: 162459K->50984K(181248K)] 578154K->486292K(705536K), 0.0069491 secs] [Times: user=0.07 sys=0.01, real=0.01 secs] 
2016-09-24T03:53:57.747-0400: 34.964: [GC (GCLocker Initiated GC) [PSYoungGen: 152872K->76817K(179200K)] 591017K->531928K(703488K), 0.0073292 secs] [Times: user=0.10 sys=0.00, real=0.01 secs] 
2016-09-24T03:53:57.793-0400: 35.010: [GC (GCLocker Initiated GC) [PSYoungGen: 178705K->57940K(179712K)] 634065K->539728K(704000K), 0.0082876 secs] [Times: user=0.09 sys=0.00, real=0.01 secs] 
2016-09-24T03:53:57.802-0400: 35.018: [Full GC (Ergonomics) [PSYoungGen: 57940K->0K(179712K)] [ParOldGen: 481787K->215515K(524288K)] 539728K->215515K(704000K), [Metaspace: 43722K->43722K(1087488K)], 0.0520730 secs] [Times: user=0.42 sys=0.01, real=0.05 secs] 
2016-09-24T03:53:57.904-0400: 35.121: [GC (GCLocker Initiated GC) [PSYoungGen: 96768K->49874K(146944K)] 315037K->268143K(671232K), 0.0059800 secs] [Times: user=0.05 sys=0.00, real=0.00 secs] 
2016-09-24T03:53:57.941-0400: 35.157: [GC (GCLocker Initiated GC) [PSYoungGen: 146642K->67387K(177664K)] 365002K->297521K(701952K), 0.0065232 secs] [Times: user=0.09 sys=0.00, real=0.01 secs] 
2016-09-24T03:53:57.984-0400: 35.200: [GC (GCLocker Initiated GC) [PSYoungGen: 163131K->66124K(178688K)] 396027K->333591K(702976K), 0.0071116 secs] [Times: user=0.09 sys=0.01, real=0.00 secs] 
2016-09-24T03:53:58.033-0400: 35.250: [GC (GCLocker Initiated GC) [PSYoungGen: 161868K->54042K(177664K)] 433586K->338722K(701952K), 0.0068222 secs] [Times: user=0.07 sys=0.00, real=0.01 secs] 
2016-09-24T03:53:58.073-0400: 35.289: [GC (GCLocker Initiated GC) [PSYoungGen: 150810K->66123K(178688K)] 438424K->372215K(702976K), 0.0073658 secs] [Times: user=0.10 sys=0.00, real=0.01 secs] 
2016-09-24T03:53:58.131-0400: 35.347: [GC (GCLocker Initiated GC) [PSYoungGen: 162891K->53990K(178176K)] 485193K->398707K(702464K), 0.0062318 secs] [Times: user=0.08 sys=0.00, real=0.01 secs] 
2016-09-24T03:53:58.180-0400: 35.396: [GC (GCLocker Initiated GC) [PSYoungGen: 152294K->68950K(179200K)] 506617K->428207K(703488K), 0.0067397 secs] [Times: user=0.10 sys=0.00, real=0.01 secs] 
2016-09-24T03:53:58.227-0400: 35.444: [GC (GCLocker Initiated GC) [PSYoungGen: 167254K->72854K(175104K)] 532057K->439757K(699392K), 0.0070857 secs] [Times: user=0.07 sys=0.00, real=0.01 secs] 
2016-09-24T03:53:58.268-0400: 35.484: [GC (GCLocker Initiated GC) [PSYoungGen: 166038K->82200K(175616K)] 538465K->491825K(699904K), 0.0083126 secs] [Times: user=0.12 sys=0.00, real=0.01 secs] 
2016-09-24T03:53:58.327-0400: 35.544: [GC (GCLocker Initiated GC) [PSYoungGen: 175384K->53802K(174592K)] 593326K->495378K(698880K), 0.0067117 secs] [Times: user=0.08 sys=0.01, real=0.01 secs] 
2016-09-24T03:53:58.368-0400: 35.585: [GC (GCLocker Initiated GC) [PSYoungGen: 141866K->63165K(151552K)] 583673K->528663K(675840K), 0.0074263 secs] [Times: user=0.08 sys=0.00, real=0.01 secs] 
2016-09-24T03:53:58.406-0400: 35.623: [GC (GCLocker Initiated GC) [PSYoungGen: 151229K->64660K(176128K)] 620965K->549935K(700416K), 0.0083816 secs] [Times: user=0.09 sys=0.00, real=0.01 secs] 
2016-09-24T03:53:58.415-0400: 35.631: [Full GC (Ergonomics) [PSYoungGen: 64660K->0K(176128K)] [ParOldGen: 485275K->222322K(524288K)] 549935K->222322K(700416K), [Metaspace: 43725K->43725K(1087488K)], 0.0439270 secs] [Times: user=0.29 sys=0.00, real=0.04 secs] 
2016-09-24T03:53:58.498-0400: 35.715: [GC (GCLocker Initiated GC) [PSYoungGen: 90112K->71553K(174592K)] 312476K->293917K(698880K), 0.0222038 secs] [Times: user=0.20 sys=0.01, real=0.02 secs] 
2016-09-24T03:53:58.565-0400: 35.782: [GC (GCLocker Initiated GC) [PSYoungGen: 161665K->32029K(173568K)] 387817K->292865K(697856K), 0.0063831 secs] [Times: user=0.05 sys=0.01, real=0.00 secs] 
2016-09-24T03:53:58.601-0400: 35.818: [GC (GCLocker Initiated GC) [PSYoungGen: 120093K->48293K(175104K)] 382499K->320912K(699392K), 0.0074881 secs] [Times: user=0.06 sys=0.00, real=0.01 secs] 
2016-09-24T03:53:58.647-0400: 35.864: [GC (GCLocker Initiated GC) [PSYoungGen: 136357K->76919K(175104K)] 414544K->366690K(699392K), 0.0073050 secs] [Times: user=0.08 sys=0.00, real=0.01 secs] 
2016-09-24T03:53:58.692-0400: 35.908: [GC (GCLocker Initiated GC) [PSYoungGen: 164983K->45745K(175104K)] 461633K->358062K(699392K), 0.0125155 secs] [Times: user=0.13 sys=0.00, real=0.02 secs] 
2016-09-24T03:53:58.747-0400: 35.963: [GC (GCLocker Initiated GC) [PSYoungGen: 133809K->57913K(175104K)] 461093K->390090K(699392K), 0.0064920 secs] [Times: user=0.07 sys=0.00, real=0.00 secs] 
2016-09-24T03:53:58.783-0400: 36.000: [GC (GCLocker Initiated GC) [PSYoungGen: 145977K->79447K(175104K)] 478245K->421938K(699392K), 0.0065181 secs] [Times: user=0.09 sys=0.00, real=0.00 secs] 
2016-09-24T03:53:58.828-0400: 36.044: [GC (GCLocker Initiated GC) [PSYoungGen: 167511K->81005K(175104K)] 515677K->445974K(699392K), 0.0093729 secs] [Times: user=0.10 sys=0.01, real=0.01 secs] 
2016-09-24T03:53:58.880-0400: 36.096: [GC (GCLocker Initiated GC) [PSYoungGen: 169069K->64472K(175104K)] 539572K->454726K(699392K), 0.0071519 secs] [Times: user=0.10 sys=0.01, real=0.01 secs] 
2016-09-24T03:53:58.920-0400: 36.137: [GC (GCLocker Initiated GC) [PSYoungGen: 152536K->75595K(175104K)] 545597K->481349K(699392K), 0.0070101 secs] [Times: user=0.10 sys=0.00, real=0.01 secs] 
2016-09-24T03:53:58.974-0400: 36.190: [GC (GCLocker Initiated GC) [PSYoungGen: 163659K->44578K(175104K)] 574886K->495764K(699392K), 0.0068822 secs] [Times: user=0.09 sys=0.01, real=0.01 secs] 
2016-09-24T03:53:59.015-0400: 36.231: [GC (GCLocker Initiated GC) [PSYoungGen: 132642K->79608K(175104K)] 589312K->553342K(699392K), 0.0074939 secs] [Times: user=0.10 sys=0.00, real=0.01 secs] 
2016-09-24T03:53:59.070-0400: 36.286: [Full GC (Ergonomics) [PSYoungGen: 167672K->0K(175104K)] [ParOldGen: 489779K->233722K(524288K)] 657452K->233722K(699392K), [Metaspace: 43767K->43767K(1087488K)], 0.0600831 secs] [Times: user=0.39 sys=0.03, real=0.06 secs] 
2016-09-24T03:53:59.180-0400: 36.396: [GC (GCLocker Initiated GC) [PSYoungGen: 88064K->36109K(175104K)] 335403K->283449K(699392K), 0.0257896 secs] [Times: user=0.33 sys=0.01, real=0.03 secs] 
2016-09-24T03:53:59.245-0400: 36.462: [GC (GCLocker Initiated GC) [PSYoungGen: 124173K->51155K(175104K)] 374282K->338519K(699392K), 0.0185634 secs] [Times: user=0.26 sys=0.00, real=0.02 secs] 
2016-09-24T03:53:59.308-0400: 36.525: [GC (GCLocker Initiated GC) [PSYoungGen: 139219K->64646K(175104K)] 432372K->371968K(699392K), 0.0070148 secs] [Times: user=0.09 sys=0.00, real=0.01 secs] 
2016-09-24T03:53:59.343-0400: 36.559: [GC (GCLocker Initiated GC) [PSYoungGen: 152710K->84815K(175104K)] 463002K->413421K(699392K), 0.0076742 secs] [Times: user=0.11 sys=0.00, real=0.00 secs] 
2016-09-24T03:53:59.390-0400: 36.607: [GC (GCLocker Initiated GC) [PSYoungGen: 172879K->48495K(175104K)] 512453K->399480K(699392K), 0.0098104 secs] [Times: user=0.11 sys=0.00, real=0.01 secs] 
2016-09-24T03:53:59.431-0400: 36.648: [GC (GCLocker Initiated GC) [PSYoungGen: 136559K->45616K(175104K)] 487611K->444727K(699392K), 0.0072086 secs] [Times: user=0.10 sys=0.00, real=0.01 secs] 
2016-09-24T03:53:59.479-0400: 36.696: [GC (GCLocker Initiated GC) [PSYoungGen: 133680K->53902K(175104K)] 532913K->475425K(699392K), 0.0066578 secs] [Times: user=0.07 sys=0.00, real=0.01 secs] 
2016-09-24T03:53:59.520-0400: 36.737: [GC (GCLocker Initiated GC) [PSYoungGen: 141966K->60639K(175104K)] 563587K->510061K(699392K), 0.0074791 secs] [Times: user=0.08 sys=0.00, real=0.01 secs] 
2016-09-24T03:53:59.567-0400: 36.784: [GC (GCLocker Initiated GC) [PSYoungGen: 148703K->57987K(175104K)] 607728K->531239K(699392K), 0.0079514 secs] [Times: user=0.08 sys=0.01, real=0.01 secs] 
2016-09-24T03:53:59.615-0400: 36.831: [GC (GCLocker Initiated GC) [PSYoungGen: 146051K->30405K(175104K)] 619358K->523475K(699392K), 0.0058304 secs] [Times: user=0.05 sys=0.00, real=0.00 secs] 
2016-09-24T03:53:59.621-0400: 36.837: [Full GC (Ergonomics) [PSYoungGen: 30405K->0K(175104K)] [ParOldGen: 493069K->226434K(524288K)] 523475K->226434K(699392K), [Metaspace: 43767K->43767K(1087488K)], 0.0542488 secs] [Times: user=0.35 sys=0.00, real=0.06 secs] 
2016-09-24T03:53:59.707-0400: 36.923: [GC (GCLocker Initiated GC) [PSYoungGen: 88064K->83853K(175104K)] 317348K->313138K(699392K), 0.0099939 secs] [Times: user=0.10 sys=0.00, real=0.01 secs] 
2016-09-24T03:53:59.763-0400: 36.980: [GC (GCLocker Initiated GC) [PSYoungGen: 171917K->48501K(175104K)] 405596K->298076K(699392K), 0.0082486 secs] [Times: user=0.06 sys=0.00, real=0.00 secs] 
2016-09-24T03:53:59.805-0400: 37.022: [GC (GCLocker Initiated GC) [PSYoungGen: 136565K->69685K(175104K)] 386261K->334982K(699392K), 0.0077983 secs] [Times: user=0.08 sys=0.00, real=0.00 secs] 
2016-09-24T03:53:59.855-0400: 37.072: [GC (GCLocker Initiated GC) [PSYoungGen: 157749K->69905K(175104K)] 424509K->347992K(699392K), 0.0133051 secs] [Times: user=0.18 sys=0.00, real=0.01 secs] 
2016-09-24T03:54:02.288-0400: 39.504: [GC (GCLocker Initiated GC) [PSYoungGen: 157969K->45748K(175104K)] 460781K->361421K(699392K), 0.0075931 secs] [Times: user=0.06 sys=0.00, real=0.01 secs] 
2016-09-24T03:54:02.354-0400: 39.571: [GC (GCLocker Initiated GC) [PSYoungGen: 133812K->19792K(175104K)] 458045K->369068K(699392K), 0.0069011 secs] [Times: user=0.04 sys=0.01, real=0.01 secs] 
2016-09-24T03:54:02.386-0400: 39.603: [GC (GCLocker Initiated GC) [PSYoungGen: 107856K->68678K(175104K)] 462654K->442997K(699392K), 0.0090744 secs] [Times: user=0.07 sys=0.00, real=0.01 secs] 
2016-09-24T03:54:02.447-0400: 39.663: [GC (GCLocker Initiated GC) [PSYoungGen: 156742K->44364K(175104K)] 545111K->448385K(699392K), 0.0092084 secs] [Times: user=0.06 sys=0.01, real=0.01 secs] 
2016-09-24T03:54:02.502-0400: 39.719: [GC (GCLocker Initiated GC) [PSYoungGen: 132428K->43102K(175104K)] 544809K->461688K(699392K), 0.0083852 secs] [Times: user=0.09 sys=0.00, real=0.01 secs] 
2016-09-24T03:54:02.547-0400: 39.764: [GC (GCLocker Initiated GC) [PSYoungGen: 131166K->49626K(175104K)] 551345K->480079K(699392K), 0.0094883 secs] [Times: user=0.09 sys=0.00, real=0.01 secs] 
2016-09-24T03:54:02.595-0400: 39.812: [GC (GCLocker Initiated GC) [PSYoungGen: 137690K->55044K(175104K)] 574976K->518546K(699392K), 0.0236799 secs] [Times: user=0.28 sys=0.01, real=0.02 secs] 
2016-09-24T03:54:02.659-0400: 39.875: [GC (GCLocker Initiated GC) [PSYoungGen: 143108K->53912K(171008K)] 609473K->543943K(695296K), 0.0133450 secs] [Times: user=0.17 sys=0.00, real=0.01 secs] 
2016-09-24T03:54:02.672-0400: 39.889: [Full GC (Ergonomics) [PSYoungGen: 53912K->0K(171008K)] [ParOldGen: 490031K->251773K(524288K)] 543943K->251773K(695296K), [Metaspace: 43804K->43804K(1087488K)], 0.0784825 secs] [Times: user=0.42 sys=0.00, real=0.08 secs] 
2016-09-24T03:54:02.795-0400: 40.011: [GC (GCLocker Initiated GC) [PSYoungGen: 88064K->58219K(173056K)] 340035K->310190K(697344K), 0.0136965 secs] [Times: user=0.14 sys=0.00, real=0.01 secs] 
2016-09-24T03:54:02.855-0400: 40.072: [GC (GCLocker Initiated GC) [PSYoungGen: 146283K->63360K(176128K)] 401039K->342193K(700416K), 0.0075617 secs] [Times: user=0.10 sys=0.00, real=0.01 secs] 
2016-09-24T03:54:02.898-0400: 40.114: [GC (GCLocker Initiated GC) [PSYoungGen: 156544K->67432K(160768K)] 442216K->367389K(685056K), 0.0073927 secs] [Times: user=0.07 sys=0.00, real=0.01 secs] 
2016-09-24T03:54:02.953-0400: 40.169: [GC (GCLocker Initiated GC) [PSYoungGen: 160616K->53884K(178688K)] 464788K->376513K(702976K), 0.0075494 secs] [Times: user=0.08 sys=0.00, real=0.01 secs] 
2016-09-24T03:54:03.005-0400: 40.222: [GC (GCLocker Initiated GC) [PSYoungGen: 146556K->58021K(151040K)] 469220K->411247K(675328K), 0.0082382 secs] [Times: user=0.09 sys=0.02, real=0.00 secs] 
2016-09-24T03:54:03.049-0400: 40.265: [GC (GCLocker Initiated GC) [PSYoungGen: 150693K->49620K(175616K)] 505305K->410461K(699904K), 0.0073356 secs] [Times: user=0.06 sys=0.00, real=0.01 secs] 
2016-09-24T03:54:03.110-0400: 40.326: [GC (GCLocker Initiated GC) [PSYoungGen: 143828K->56635K(174080K)] 504712K->447987K(698368K), 0.0071283 secs] [Times: user=0.11 sys=0.00, real=0.01 secs] 
2016-09-24T03:54:03.152-0400: 40.369: [GC (GCLocker Initiated GC) [PSYoungGen: 150843K->64712K(177152K)] 547660K->478511K(701440K), 0.0067612 secs] [Times: user=0.09 sys=0.00, real=0.01 secs] 
2016-09-24T03:54:03.199-0400: 40.416: [GC (GCLocker Initiated GC) [PSYoungGen: 164040K->78095K(177664K)] 580579K->512958K(701952K), 0.0082425 secs] [Times: user=0.09 sys=0.02, real=0.01 secs] 
2016-09-24T03:54:03.252-0400: 40.469: [GC (GCLocker Initiated GC) [PSYoungGen: 177423K->65938K(176640K)] 615028K->516398K(700928K), 0.0064629 secs] [Times: user=0.10 sys=0.00, real=0.01 secs] 
2016-09-24T03:54:03.294-0400: 40.510: [GC (GCLocker Initiated GC) [PSYoungGen: 158098K->71320K(163840K)] 608852K->533535K(688128K), 0.0075116 secs] [Times: user=0.12 sys=0.00, real=0.01 secs] 
2016-09-24T03:54:03.341-0400: 40.558: [GC (GCLocker Initiated GC) [PSYoungGen: 163480K->55004K(177152K)] 629814K->539560K(701440K), 0.0064551 secs] [Times: user=0.09 sys=0.00, real=0.01 secs] 
2016-09-24T03:54:03.379-0400: 40.595: [GC (GCLocker Initiated GC) [PSYoungGen: 145628K->72682K(163328K)] 633098K->581066K(687616K), 0.0073347 secs] [Times: user=0.11 sys=0.00, real=0.01 secs] 
2016-09-24T03:54:03.386-0400: 40.603: [Full GC (Ergonomics) [PSYoungGen: 72682K->0K(163328K)] [ParOldGen: 508384K->263950K(524288K)] 581066K->263950K(687616K), [Metaspace: 43849K->43849K(1087488K)], 0.0559941 secs] [Times: user=0.53 sys=0.02, real=0.06 secs] 
2016-09-24T03:54:03.485-0400: 40.702: [GC (GCLocker Initiated GC) [PSYoungGen: 90624K->66220K(175616K)] 364181K->339777K(699904K), 0.0071176 secs] [Times: user=0.09 sys=0.01, real=0.00 secs] 
2016-09-24T03:54:03.530-0400: 40.747: [GC (Allocation Failure) [PSYoungGen: 154796K->57800K(146432K)] 431171K->359451K(670720K), 0.0109888 secs] [Times: user=0.14 sys=0.00, real=0.01 secs] 
2016-09-24T03:54:03.576-0400: 40.793: [GC (GCLocker Initiated GC) [PSYoungGen: 146376K->45599K(173568K)] 454785K->364045K(697856K), 0.0149072 secs] [Times: user=0.22 sys=0.00, real=0.01 secs] 
2016-09-24T03:54:03.629-0400: 40.846: [GC (GCLocker Initiated GC) [PSYoungGen: 134175K->59073K(173568K)] 456775K->405452K(697856K), 0.0075147 secs] [Times: user=0.09 sys=0.01, real=0.01 secs] 
2016-09-24T03:54:03.668-0400: 40.885: [GC (GCLocker Initiated GC) [PSYoungGen: 147649K->69873K(173568K)] 496893K->446704K(697856K), 0.0076171 secs] [Times: user=0.11 sys=0.00, real=0.01 secs] 
2016-09-24T03:54:03.716-0400: 40.933: [GC (Allocation Failure) [PSYoungGen: 160497K->59310K(175104K)] 545502K->471854K(699392K), 0.0069271 secs] [Times: user=0.09 sys=0.01, real=0.01 secs] 
2016-09-24T03:54:03.762-0400: 40.979: [GC (GCLocker Initiated GC) [PSYoungGen: 149055K->56418K(175104K)] 565649K->496734K(699392K), 0.0073220 secs] [Times: user=0.10 sys=0.01, real=0.00 secs] 
2016-09-24T03:54:03.808-0400: 41.025: [GC (GCLocker Initiated GC) [PSYoungGen: 151650K->73872K(176128K)] 597471K->533912K(700416K), 0.0071132 secs] [Times: user=0.12 sys=0.00, real=0.01 secs] 
2016-09-24T03:54:03.852-0400: 41.069: [GC (GCLocker Initiated GC) [PSYoungGen: 169104K->67365K(178176K)] 629181K->548268K(702464K), 0.0080099 secs] [Times: user=0.12 sys=0.00, real=0.01 secs] 
2016-09-24T03:54:03.890-0400: 41.107: [GC (GCLocker Initiated GC) [PSYoungGen: 161573K->80859K(175104K)] 648099K->576180K(699392K), 0.0076070 secs] [Times: user=0.09 sys=0.01, real=0.01 secs] 
2016-09-24T03:54:03.898-0400: 41.114: [Full GC (Ergonomics) [PSYoungGen: 80859K->0K(175104K)] [ParOldGen: 495320K->271051K(524288K)] 576180K->271051K(699392K), [Metaspace: 43863K->43863K(1087488K)], 0.0495327 secs] [Times: user=0.44 sys=0.00, real=0.05 secs] 
2016-09-24T03:54:03.994-0400: 41.210: [GC (GCLocker Initiated GC) [PSYoungGen: 94208K->68993K(175104K)] 377570K->352363K(699392K), 0.0062755 secs] [Times: user=0.10 sys=0.00, real=0.01 secs] 
2016-09-24T03:54:04.035-0400: 41.252: [GC (GCLocker Initiated GC) [PSYoungGen: 157057K->61944K(150016K)] 444525K->362604K(674304K), 0.0071130 secs] [Times: user=0.08 sys=0.00, real=0.01 secs] 
2016-09-24T03:54:04.078-0400: 41.295: [GC (GCLocker Initiated GC) [PSYoungGen: 150008K->64536K(176128K)] 452180K->383653K(700416K), 0.0071352 secs] [Times: user=0.11 sys=0.00, real=0.01 secs] 
2016-09-24T03:54:04.116-0400: 41.333: [GC (GCLocker Initiated GC) [PSYoungGen: 154648K->65788K(174080K)] 473843K->420766K(698368K), 0.0084841 secs] [Times: user=0.12 sys=0.00, real=0.01 secs] 
2016-09-24T03:54:04.163-0400: 41.380: [GC (GCLocker Initiated GC) [PSYoungGen: 155900K->41676K(172544K)] 516926K->441010K(696832K), 0.0073481 secs] [Times: user=0.07 sys=0.00, real=0.00 secs] 
2016-09-24T03:54:04.207-0400: 41.423: [GC (GCLocker Initiated GC) [PSYoungGen: 131788K->44041K(174592K)] 536612K->463021K(698880K), 0.0066729 secs] [Times: user=0.06 sys=0.00, real=0.00 secs] 
2016-09-24T03:54:04.252-0400: 41.469: [GC (GCLocker Initiated GC) [PSYoungGen: 134153K->72599K(173568K)] 555963K->513987K(697856K), 0.0080193 secs] [Times: user=0.12 sys=0.00, real=0.01 secs] 
2016-09-24T03:54:04.298-0400: 41.514: [GC (GCLocker Initiated GC) [PSYoungGen: 160663K->59192K(175104K)] 607569K->539027K(699392K), 0.0071336 secs] [Times: user=0.11 sys=0.00, real=0.01 secs] 
2016-09-24T03:54:04.305-0400: 41.522: [Full GC (Ergonomics) [PSYoungGen: 59192K->0K(175104K)] [ParOldGen: 479834K->263574K(524288K)] 539027K->263574K(699392K), [Metaspace: 43866K->43866K(1087488K)], 0.0493571 secs] [Times: user=0.50 sys=0.01, real=0.05 secs] 
2016-09-24T03:54:04.385-0400: 41.601: [GC (GCLocker Initiated GC) [PSYoungGen: 88064K->79513K(173568K)] 357179K->348628K(697856K), 0.0070797 secs] [Times: user=0.09 sys=0.00, real=0.00 secs] 
2016-09-24T03:54:04.431-0400: 41.648: [GC (GCLocker Initiated GC) [PSYoungGen: 167577K->68596K(175104K)] 446437K->368503K(699392K), 0.0068399 secs] [Times: user=0.11 sys=0.00, real=0.01 secs] 
2016-09-24T03:54:04.478-0400: 41.695: [GC (GCLocker Initiated GC) [PSYoungGen: 156660K->50905K(175104K)] 464801K->386634K(699392K), 0.0064518 secs] [Times: user=0.10 sys=0.00, real=0.01 secs] 
2016-09-24T03:54:04.513-0400: 41.730: [GC (GCLocker Initiated GC) [PSYoungGen: 138969K->52428K(175104K)] 477565K->415868K(699392K), 0.0074631 secs] [Times: user=0.08 sys=0.00, real=0.01 secs] 
2016-09-24T03:54:04.562-0400: 41.779: [GC (GCLocker Initiated GC) [PSYoungGen: 140492K->60497K(172032K)] 506939K->446556K(696320K), 0.0063334 secs] [Times: user=0.09 sys=0.00, real=0.00 secs] 
2016-09-24T03:54:04.602-0400: 41.819: [GC (GCLocker Initiated GC) [PSYoungGen: 148561K->46875K(173568K)] 540177K->456678K(697856K), 0.0072994 secs] [Times: user=0.08 sys=0.00, real=0.01 secs] 
2016-09-24T03:54:04.645-0400: 41.862: [GC (GCLocker Initiated GC) [PSYoungGen: 134939K->84914K(173568K)] 550287K->514353K(697856K), 0.0081419 secs] [Times: user=0.09 sys=0.01, real=0.00 secs] 
2016-09-24T03:54:04.685-0400: 41.902: [GC (GCLocker Initiated GC) [PSYoungGen: 172978K->46832K(175104K)] 605178K->528462K(699392K), 0.0074559 secs] [Times: user=0.11 sys=0.00, real=0.00 secs] 
2016-09-24T03:54:04.693-0400: 41.909: [Full GC (Ergonomics) [PSYoungGen: 46832K->0K(175104K)] [ParOldGen: 481629K->269509K(524288K)] 528462K->269509K(699392K), [Metaspace: 43866K->43866K(1087488K)], 0.0522416 secs] [Times: user=0.48 sys=0.00, real=0.06 secs] 
2016-09-24T03:54:04.780-0400: 41.997: [GC (GCLocker Initiated GC) [PSYoungGen: 88064K->60730K(175104K)] 361809K->334475K(699392K), 0.0083270 secs] [Times: user=0.08 sys=0.00, real=0.01 secs] 
2016-09-24T03:54:04.831-0400: 42.047: [GC (GCLocker Initiated GC) [PSYoungGen: 148794K->48332K(175104K)] 428102K->340896K(699392K), 0.0083256 secs] [Times: user=0.10 sys=0.01, real=0.01 secs] 
2016-09-24T03:54:04.875-0400: 42.092: [GC (GCLocker Initiated GC) [PSYoungGen: 136396K->54859K(173056K)] 429028K->387255K(697344K), 0.0072815 secs] [Times: user=0.09 sys=0.00, real=0.01 secs] 
2016-09-24T03:54:04.916-0400: 42.132: [GC (GCLocker Initiated GC) [PSYoungGen: 142923K->66023K(174080K)] 475399K->428738K(698368K), 0.0074502 secs] [Times: user=0.10 sys=0.00, real=0.01 secs] 
2016-09-24T03:54:04.966-0400: 42.183: [GC (GCLocker Initiated GC) [PSYoungGen: 154087K->51172K(174080K)] 521838K->437220K(698368K), 0.0075176 secs] [Times: user=0.08 sys=0.02, real=0.00 secs] 
2016-09-24T03:54:05.000-0400: 42.217: [GC (GCLocker Initiated GC) [PSYoungGen: 141284K->61736K(175104K)] 527513K->466289K(699392K), 0.0066515 secs] [Times: user=0.08 sys=0.01, real=0.01 secs] 
2016-09-24T03:54:05.051-0400: 42.268: [GC (GCLocker Initiated GC) [PSYoungGen: 151848K->64480K(176640K)] 563246K->517000K(700928K), 0.0087473 secs] [Times: user=0.14 sys=0.00, real=0.01 secs] 
2016-09-24T03:54:05.103-0400: 42.320: [GC (GCLocker Initiated GC) [PSYoungGen: 158176K->44187K(176640K)] 613518K->514900K(700928K), 0.0068648 secs] [Times: user=0.07 sys=0.00, real=0.00 secs] 
2016-09-24T03:54:05.144-0400: 42.361: [GC (GCLocker Initiated GC) [PSYoungGen: 137883K->68702K(176640K)] 608736K->548307K(700928K), 0.0151076 secs] [Times: user=0.18 sys=0.00, real=0.01 secs] 
2016-09-24T03:54:05.160-0400: 42.376: [Full GC (Ergonomics) [PSYoungGen: 68702K->0K(176640K)] [ParOldGen: 479604K->267727K(524288K)] 548307K->267727K(700928K), [Metaspace: 43866K->43866K(1087488K)], 0.0617545 secs] [Times: user=0.46 sys=0.02, real=0.06 secs] 
2016-09-24T03:54:05.253-0400: 42.470: [GC (GCLocker Initiated GC) [PSYoungGen: 93184K->67469K(160768K)] 361043K->335329K(685056K), 0.0143292 secs] [Times: user=0.16 sys=0.00, real=0.02 secs] 
2016-09-24T03:54:05.308-0400: 42.525: [GC (GCLocker Initiated GC) [PSYoungGen: 160653K->44187K(176128K)] 429957K->360378K(700416K), 0.0078623 secs] [Times: user=0.11 sys=0.01, real=0.01 secs] 
2016-09-24T03:54:05.345-0400: 42.562: [GC (GCLocker Initiated GC) [PSYoungGen: 135323K->80918K(172544K)] 462460K->418127K(696832K), 0.0079763 secs] [Times: user=0.12 sys=0.00, real=0.00 secs] 
2016-09-24T03:54:05.401-0400: 42.618: [GC (GCLocker Initiated GC) [PSYoungGen: 172054K->67245K(175104K)] 517696K->427195K(699392K), 0.0070495 secs] [Times: user=0.10 sys=0.00, real=0.01 secs] 
2016-09-24T03:54:05.445-0400: 42.662: [GC (GCLocker Initiated GC) [PSYoungGen: 155309K->53606K(175104K)] 518379K->436203K(699392K), 0.0067967 secs] [Times: user=0.07 sys=0.00, real=0.00 secs] 
2016-09-24T03:54:05.482-0400: 42.699: [GC (GCLocker Initiated GC) [PSYoungGen: 141670K->75397K(175104K)] 527059K->483003K(699392K), 0.0071632 secs] [Times: user=0.10 sys=0.01, real=0.01 secs] 
2016-09-24T03:54:05.524-0400: 42.740: [GC (GCLocker Initiated GC) [PSYoungGen: 163461K->51218K(175104K)] 575306K->494784K(699392K), 0.0075355 secs] [Times: user=0.07 sys=0.00, real=0.00 secs] 
2016-09-24T03:54:05.569-0400: 42.786: [GC (GCLocker Initiated GC) [PSYoungGen: 139282K->36200K(175104K)] 592773K->525543K(699392K), 0.0072501 secs] [Times: user=0.07 sys=0.00, real=0.01 secs] 
2016-09-24T03:54:05.576-0400: 42.793: [Full GC (Ergonomics) [PSYoungGen: 36200K->0K(175104K)] [ParOldGen: 489343K->270189K(524288K)] 525543K->270189K(699392K), [Metaspace: 43867K->43867K(1087488K)], 0.0555768 secs] [Times: user=0.50 sys=0.00, real=0.05 secs] 
2016-09-24T03:54:05.661-0400: 42.878: [GC (GCLocker Initiated GC) [PSYoungGen: 88064K->74177K(175104K)] 361196K->347309K(699392K), 0.0061469 secs] [Times: user=0.06 sys=0.00, real=0.01 secs] 
2016-09-24T03:54:05.707-0400: 42.924: [GC (GCLocker Initiated GC) [PSYoungGen: 162241K->68725K(175104K)] 435601K->352412K(699392K), 0.0070634 secs] [Times: user=0.08 sys=0.00, real=0.01 secs] 
2016-09-24T03:54:05.751-0400: 42.967: [GC (GCLocker Initiated GC) [PSYoungGen: 156789K->60625K(175104K)] 443208K->373462K(699392K), 0.0075442 secs] [Times: user=0.09 sys=0.00, real=0.01 secs] 
2016-09-24T03:54:05.791-0400: 43.008: [GC (GCLocker Initiated GC) [PSYoungGen: 148689K->80960K(175104K)] 461610K->413546K(699392K), 0.0075498 secs] [Times: user=0.10 sys=0.01, real=0.01 secs] 
2016-09-24T03:54:05.839-0400: 43.055: [GC (GCLocker Initiated GC) [PSYoungGen: 169024K->60713K(175104K)] 505837K->418562K(699392K), 0.0194840 secs] [Times: user=0.30 sys=0.03, real=0.02 secs] 
2016-09-24T03:54:05.893-0400: 43.110: [GC (GCLocker Initiated GC) [PSYoungGen: 148777K->52221K(175104K)] 506683K->440652K(699392K), 0.0068721 secs] [Times: user=0.08 sys=0.00, real=0.01 secs] 
2016-09-24T03:54:05.924-0400: 43.141: [GC (GCLocker Initiated GC) [PSYoungGen: 140285K->83492K(175104K)] 528862K->495496K(699392K), 0.0078149 secs] [Times: user=0.11 sys=0.00, real=0.00 secs] 
2016-09-24T03:54:05.973-0400: 43.189: [GC (GCLocker Initiated GC) [PSYoungGen: 171556K->72757K(175104K)] 593160K->503235K(699392K), 0.0077650 secs] [Times: user=0.09 sys=0.00, real=0.01 secs] 
2016-09-24T03:54:06.020-0400: 43.237: [GC (GCLocker Initiated GC) [PSYoungGen: 160821K->51264K(175104K)] 607540K->525726K(699392K), 0.0069183 secs] [Times: user=0.10 sys=0.00, real=0.01 secs] 
2016-09-24T03:54:06.058-0400: 43.275: [GC (GCLocker Initiated GC) [PSYoungGen: 139328K->77883K(175104K)] 616605K->574971K(699392K), 0.0073167 secs] [Times: user=0.11 sys=0.00, real=0.01 secs] 
2016-09-24T03:54:06.066-0400: 43.282: [Full GC (Ergonomics) [PSYoungGen: 77883K->0K(175104K)] [ParOldGen: 497087K->247999K(524288K)] 574971K->247999K(699392K), [Metaspace: 43870K->43870K(1087488K)], 0.1235861 secs] [Times: user=1.65 sys=0.00, real=0.12 secs] 
2016-09-24T03:54:06.222-0400: 43.439: [GC (GCLocker Initiated GC) [PSYoungGen: 88064K->78369K(175104K)] 336174K->326479K(699392K), 0.0066558 secs] [Times: user=0.08 sys=0.00, real=0.00 secs] 
2016-09-24T03:54:06.265-0400: 43.481: [GC (GCLocker Initiated GC) [PSYoungGen: 166433K->47094K(175104K)] 417677K->316863K(699392K), 0.0080427 secs] [Times: user=0.10 sys=0.00, real=0.00 secs] 
2016-09-24T03:54:06.308-0400: 43.525: [GC (GCLocker Initiated GC) [PSYoungGen: 135158K->55054K(175104K)] 410578K->336697K(699392K), 0.0081040 secs] [Times: user=0.08 sys=0.00, real=0.01 secs] 
2016-09-24T03:54:06.354-0400: 43.571: [GC (GCLocker Initiated GC) [PSYoungGen: 143118K->61720K(175104K)] 430421K->368602K(699392K), 0.0088558 secs] [Times: user=0.08 sys=0.00, real=0.01 secs] 
2016-09-24T03:54:06.404-0400: 43.620: [GC (GCLocker Initiated GC) [PSYoungGen: 149784K->56589K(175104K)] 474407K->387311K(699392K), 0.0099993 secs] [Times: user=0.13 sys=0.00, real=0.00 secs] 
2016-09-24T03:54:06.454-0400: 43.670: [GC (GCLocker Initiated GC) [PSYoungGen: 144653K->42834K(175104K)] 485920K->399690K(699392K), 0.0071311 secs] [Times: user=0.06 sys=0.00, real=0.01 secs] 
2016-09-24T03:54:06.494-0400: 43.711: [GC (GCLocker Initiated GC) [PSYoungGen: 130898K->71231K(175104K)] 487933K->446504K(699392K), 0.0100113 secs] [Times: user=0.14 sys=0.00, real=0.01 secs] 
2016-09-24T03:54:06.534-0400: 43.751: [GC (GCLocker Initiated GC) [PSYoungGen: 159295K->58958K(175104K)] 537507K->461985K(699392K), 0.0077015 secs] [Times: user=0.07 sys=0.00, real=0.01 secs] 
2016-09-24T03:54:06.579-0400: 43.796: [GC (GCLocker Initiated GC) [PSYoungGen: 147022K->67269K(175104K)] 552885K->503500K(699392K), 0.0079889 secs] [Times: user=0.08 sys=0.00, real=0.01 secs] 
2016-09-24T03:54:06.615-0400: 43.831: [GC (GCLocker Initiated GC) [PSYoungGen: 155333K->71537K(175104K)] 597237K->546553K(699392K), 0.0080579 secs] [Times: user=0.11 sys=0.00, real=0.01 secs] 
2016-09-24T03:54:06.661-0400: 43.877: [GC (GCLocker Initiated GC) [PSYoungGen: 159601K->60411K(175104K)] 637395K->571446K(699392K), 0.0090252 secs] [Times: user=0.12 sys=0.01, real=0.01 secs] 
2016-09-24T03:54:06.670-0400: 43.886: [Full GC (Ergonomics) [PSYoungGen: 60411K->0K(175104K)] [ParOldGen: 511034K->250609K(524288K)] 571446K->250609K(699392K), [Metaspace: 43886K->43886K(1087488K)], 0.0586660 secs] [Times: user=0.48 sys=0.00, real=0.06 secs] 
2016-09-24T03:54:06.762-0400: 43.978: [GC (GCLocker Initiated GC) [PSYoungGen: 88064K->85217K(175104K)] 344249K->341402K(699392K), 0.0075239 secs] [Times: user=0.10 sys=0.00, real=0.01 secs] 
2016-09-24T03:54:06.810-0400: 44.027: [GC (GCLocker Initiated GC) [PSYoungGen: 173281K->57928K(175104K)] 433618K->361108K(699392K), 0.0084200 secs] [Times: user=0.10 sys=0.00, real=0.01 secs] 
2016-09-24T03:54:06.853-0400: 44.070: [GC (GCLocker Initiated GC) [PSYoungGen: 145992K->55165K(175104K)] 456043K->403712K(699392K), 0.0067619 secs] [Times: user=0.09 sys=0.00, real=0.01 secs] 
2016-09-24T03:54:06.893-0400: 44.109: [GC (GCLocker Initiated GC) [PSYoungGen: 143229K->65920K(175104K)] 491882K->440960K(699392K), 0.0071999 secs] [Times: user=0.09 sys=0.00, real=0.01 secs] 
2016-09-24T03:54:06.937-0400: 44.153: [GC (GCLocker Initiated GC) [PSYoungGen: 153984K->70073K(175104K)] 535933K->459424K(699392K), 0.0075578 secs] [Times: user=0.07 sys=0.00, real=0.01 secs] 
2016-09-24T03:54:06.989-0400: 44.206: [GC (GCLocker Initiated GC) [PSYoungGen: 158137K->60475K(175104K)] 552964K->483165K(699392K), 0.0071022 secs] [Times: user=0.10 sys=0.00, real=0.01 secs] 
2016-09-24T03:54:07.028-0400: 44.245: [GC (GCLocker Initiated GC) [PSYoungGen: 148539K->74001K(175104K)] 571352K->510941K(699392K), 0.0075601 secs] [Times: user=0.12 sys=0.00, real=0.01 secs] 
2016-09-24T03:54:07.070-0400: 44.287: [GC (GCLocker Initiated GC) [PSYoungGen: 162065K->83529K(175104K)] 607247K->537456K(699392K), 0.0073989 secs] [Times: user=0.11 sys=0.00, real=0.01 secs] 
2016-09-24T03:54:07.112-0400: 44.329: [GC (GCLocker Initiated GC) [PSYoungGen: 171593K->63188K(175104K)] 632083K->552716K(699392K), 0.0077121 secs] [Times: user=0.10 sys=0.00, real=0.01 secs] 
2016-09-24T03:54:07.120-0400: 44.336: [Full GC (Ergonomics) [PSYoungGen: 63188K->0K(175104K)] [ParOldGen: 489527K->253526K(524288K)] 552716K->253526K(699392K), [Metaspace: 43886K->43886K(1087488K)], 0.0622528 secs] [Times: user=0.48 sys=0.02, real=0.07 secs] 
2016-09-24T03:54:07.221-0400: 44.438: [GC (GCLocker Initiated GC) [PSYoungGen: 88064K->79644K(175104K)] 344392K->335973K(699392K), 0.0099293 secs] [Times: user=0.13 sys=0.00, real=0.01 secs] 
2016-09-24T03:54:07.263-0400: 44.480: [GC (GCLocker Initiated GC) [PSYoungGen: 167708K->60629K(175104K)] 424057K->350326K(699392K), 0.0070252 secs] [Times: user=0.09 sys=0.01, real=0.00 secs] 
2016-09-24T03:54:07.307-0400: 44.523: [GC (GCLocker Initiated GC) [PSYoungGen: 148693K->69938K(175104K)] 438401K->379327K(699392K), 0.0130409 secs] [Times: user=0.16 sys=0.00, real=0.01 secs] 
2016-09-24T03:54:07.353-0400: 44.569: [GC (GCLocker Initiated GC) [PSYoungGen: 158002K->66061K(175104K)] 474479K->389941K(699392K), 0.0073449 secs] [Times: user=0.09 sys=0.00, real=0.01 secs] 
2016-09-24T03:54:07.394-0400: 44.611: [GC (GCLocker Initiated GC) [PSYoungGen: 154125K->46943K(175104K)] 478029K->404044K(699392K), 0.0067886 secs] [Times: user=0.09 sys=0.01, real=0.00 secs] 
2016-09-24T03:54:07.430-0400: 44.646: [GC (GCLocker Initiated GC) [PSYoungGen: 135007K->69996K(175104K)] 497564K->442535K(699392K), 0.0095942 secs] [Times: user=0.09 sys=0.01, real=0.01 secs] 
2016-09-24T03:54:07.485-0400: 44.702: [GC (GCLocker Initiated GC) [PSYoungGen: 158060K->72683K(175104K)] 540136K->467723K(699392K), 0.0080401 secs] [Times: user=0.09 sys=0.00, real=0.00 secs] 
2016-09-24T03:54:07.525-0400: 44.742: [GC (GCLocker Initiated GC) [PSYoungGen: 160747K->64666K(175104K)] 555867K->479444K(699392K), 0.0088856 secs] [Times: user=0.10 sys=0.00, real=0.01 secs] 
2016-09-24T03:54:07.565-0400: 44.781: [GC (GCLocker Initiated GC) [PSYoungGen: 152730K->68678K(157184K)] 571320K->502802K(681472K), 0.0076216 secs] [Times: user=0.08 sys=0.00, real=0.00 secs] 
2016-09-24T03:54:07.618-0400: 44.835: [GC (GCLocker Initiated GC) [PSYoungGen: 156742K->49707K(174080K)] 592378K->508991K(698368K), 0.0079983 secs] [Times: user=0.10 sys=0.01, real=0.01 secs] 
2016-09-24T03:54:07.653-0400: 44.870: [GC (GCLocker Initiated GC) [PSYoungGen: 137259K->71474K(174592K)] 604794K->553204K(698880K), 0.0080429 secs] [Times: user=0.07 sys=0.01, real=0.01 secs] 
2016-09-24T03:54:07.703-0400: 44.920: [Full GC (Ergonomics) [PSYoungGen: 159026K->0K(174592K)] [ParOldGen: 484560K->260472K(524288K)] 643586K->260472K(698880K), [Metaspace: 43886K->43886K(1087488K)], 0.0517046 secs] [Times: user=0.35 sys=0.01, real=0.05 secs] 
2016-09-24T03:54:07.794-0400: 45.010: [GC (GCLocker Initiated GC) [PSYoungGen: 87552K->63630K(172032K)] 357694K->333772K(696320K), 0.0062025 secs] [Times: user=0.09 sys=0.00, real=0.01 secs] 
2016-09-24T03:54:07.830-0400: 45.047: [GC (GCLocker Initiated GC) [PSYoungGen: 151694K->79388K(173568K)] 424731K->360241K(697856K), 0.0070483 secs] [Times: user=0.09 sys=0.00, real=0.01 secs] 
2016-09-24T03:54:07.875-0400: 45.091: [GC (GCLocker Initiated GC) [PSYoungGen: 167452K->63169K(175104K)] 448456K->377213K(699392K), 0.0080309 secs] [Times: user=0.10 sys=0.01, real=0.01 secs] 
2016-09-24T03:54:07.921-0400: 45.138: [GC (GCLocker Initiated GC) [PSYoungGen: 151233K->51134K(175104K)] 468065K->401035K(699392K), 0.0063814 secs] [Times: user=0.09 sys=0.00, real=0.01 secs] 
2016-09-24T03:54:07.963-0400: 45.180: [GC (GCLocker Initiated GC) [PSYoungGen: 139198K->52484K(175104K)] 489149K->431546K(699392K), 0.0244031 secs] [Times: user=0.35 sys=0.00, real=0.02 secs] 
2016-09-24T03:54:08.022-0400: 45.239: [GC (GCLocker Initiated GC) [PSYoungGen: 140548K->57954K(146432K)] 529185K->460903K(670720K), 0.0069460 secs] [Times: user=0.10 sys=0.00, real=0.00 secs] 
2016-09-24T03:54:08.068-0400: 45.285: [GC (GCLocker Initiated GC) [PSYoungGen: 146018K->56470K(175104K)] 557260K->476666K(699392K), 0.0068118 secs] [Times: user=0.09 sys=0.01, real=0.01 secs] 
2016-09-24T03:54:08.104-0400: 45.321: [GC (GCLocker Initiated GC) [PSYoungGen: 145558K->79183K(174080K)] 565859K->524472K(698368K), 0.0071843 secs] [Times: user=0.10 sys=0.01, real=0.00 secs] 
2016-09-24T03:54:08.143-0400: 45.360: [GC (GCLocker Initiated GC) [PSYoungGen: 168271K->77968K(175104K)] 621731K->558835K(699392K), 0.0123721 secs] [Times: user=0.12 sys=0.00, real=0.01 secs] 
2016-09-24T03:54:08.156-0400: 45.372: [Full GC (Ergonomics) [PSYoungGen: 77968K->0K(175104K)] [ParOldGen: 480867K->272949K(524288K)] 558835K->272949K(699392K), [Metaspace: 43886K->43886K(1087488K)], 0.0517933 secs] [Times: user=0.45 sys=0.00, real=0.05 secs] 
2016-09-24T03:54:08.245-0400: 45.461: [GC (GCLocker Initiated GC) [PSYoungGen: 88064K->76977K(175104K)] 363837K->352751K(699392K), 0.0071476 secs] [Times: user=0.09 sys=0.00, real=0.00 secs] 
2016-09-24T03:54:08.284-0400: 45.501: [GC (GCLocker Initiated GC) [PSYoungGen: 165041K->75363K(175104K)] 446468K->371211K(699392K), 0.0196529 secs] [Times: user=0.27 sys=0.00, real=0.02 secs] 
2016-09-24T03:54:08.340-0400: 45.557: [GC (GCLocker Initiated GC) [PSYoungGen: 163427K->64540K(175104K)] 464787K->386827K(699392K), 0.0076472 secs] [Times: user=0.10 sys=0.00, real=0.01 secs] 
2016-09-24T03:54:08.379-0400: 45.596: [GC (GCLocker Initiated GC) [PSYoungGen: 152604K->56450K(175104K)] 480489K->407967K(699392K), 0.0077416 secs] [Times: user=0.07 sys=0.01, real=0.01 secs] 
2016-09-24T03:54:08.423-0400: 45.640: [GC (GCLocker Initiated GC) [PSYoungGen: 144514K->57949K(175104K)] 498891K->433308K(699392K), 0.0126919 secs] [Times: user=0.17 sys=0.00, real=0.01 secs] 
2016-09-24T03:54:08.468-0400: 45.685: [GC (GCLocker Initiated GC) [PSYoungGen: 146013K->74425K(175104K)] 530655K->469274K(699392K), 0.0081838 secs] [Times: user=0.10 sys=0.01, real=0.01 secs] 
2016-09-24T03:54:08.525-0400: 45.741: [GC (GCLocker Initiated GC) [PSYoungGen: 162489K->38922K(175104K)] 572222K->469829K(699392K), 0.0059183 secs] [Times: user=0.08 sys=0.00, real=0.00 secs] 
2016-09-24T03:54:08.564-0400: 45.780: [GC (Allocation Failure) [PSYoungGen: 126986K->65983K(175104K)] 557962K->507071K(699392K), 0.0073262 secs] [Times: user=0.10 sys=0.01, real=0.00 secs] 
2016-09-24T03:54:08.572-0400: 45.788: [GC (GCLocker Initiated GC) [PSYoungGen: 66082K->320K(175104K)] 507170K->515119K(699392K), 0.0062464 secs] [Times: user=0.08 sys=0.00, real=0.01 secs] 
2016-09-24T03:54:08.578-0400: 45.795: [Full GC (Ergonomics) [PSYoungGen: 320K->0K(175104K)] [ParOldGen: 514799K->260623K(524288K)] 515119K->260623K(699392K), [Metaspace: 43886K->43886K(1087488K)], 0.0500389 secs] [Times: user=0.44 sys=0.01, real=0.05 secs] 
2016-09-24T03:54:08.669-0400: 45.886: [GC (GCLocker Initiated GC) [PSYoungGen: 87752K->85513K(175104K)] 353776K->354237K(699392K), 0.0153058 secs] [Times: user=0.22 sys=0.00, real=0.02 secs] 
2016-09-24T03:54:08.721-0400: 45.938: [GC (GCLocker Initiated GC) [PSYoungGen: 173577K->75310K(175104K)] 451916K->358931K(699392K), 0.0070194 secs] [Times: user=0.09 sys=0.00, real=0.01 secs] 
2016-09-24T03:54:08.771-0400: 45.988: [GC (GCLocker Initiated GC) [PSYoungGen: 163374K->42973K(175104K)] 454022K->359907K(699392K), 0.0059205 secs] [Times: user=0.07 sys=0.00, real=0.01 secs] 
2016-09-24T03:54:08.805-0400: 46.022: [GC (GCLocker Initiated GC) [PSYoungGen: 131037K->82298K(175104K)] 461566K->418851K(699392K), 0.0082755 secs] [Times: user=0.12 sys=0.00, real=0.00 secs] 
2016-09-24T03:54:08.858-0400: 46.074: [GC (GCLocker Initiated GC) [PSYoungGen: 170362K->47137K(175104K)] 507094K->415656K(699392K), 0.0071228 secs] [Times: user=0.10 sys=0.00, real=0.01 secs] 
2016-09-24T03:54:08.901-0400: 46.117: [GC (GCLocker Initiated GC) [PSYoungGen: 135201K->50963K(175104K)] 510607K->460909K(699392K), 0.0085163 secs] [Times: user=0.11 sys=0.00, real=0.01 secs] 
2016-09-24T03:54:08.944-0400: 46.160: [GC (GCLocker Initiated GC) [PSYoungGen: 139027K->60625K(175104K)] 557178K->515796K(699392K), 0.0076616 secs] [Times: user=0.11 sys=0.00, real=0.00 secs] 
2016-09-24T03:54:08.990-0400: 46.207: [Full GC (Ergonomics) [PSYoungGen: 148689K->0K(175104K)] [ParOldGen: 473005K->281047K(524288K)] 621695K->281047K(699392K), [Metaspace: 43886K->43886K(1087488K)], 0.0565112 secs] [Times: user=0.47 sys=0.00, real=0.06 secs] 
2016-09-24T03:54:09.079-0400: 46.296: [GC (GCLocker Initiated GC) [PSYoungGen: 88064K->84938K(175104K)] 371975K->368849K(699392K), 0.0062508 secs] [Times: user=0.08 sys=0.01, real=0.01 secs] 
2016-09-24T03:54:09.123-0400: 46.340: [GC (GCLocker Initiated GC) [PSYoungGen: 173002K->63291K(175104K)] 465210K->392727K(699392K), 0.0095316 secs] [Times: user=0.14 sys=0.01, real=0.00 secs] 
2016-09-24T03:54:09.174-0400: 46.391: [GC (GCLocker Initiated GC) [PSYoungGen: 151355K->52377K(175104K)] 486385K->402947K(699392K), 0.0071154 secs] [Times: user=0.06 sys=0.01, real=0.00 secs] 
2016-09-24T03:54:09.212-0400: 46.429: [GC (GCLocker Initiated GC) [PSYoungGen: 140441K->57747K(175104K)] 491170K->425274K(699392K), 0.0163552 secs] [Times: user=0.21 sys=0.00, real=0.02 secs] 
2016-09-24T03:54:09.263-0400: 46.479: [GC (GCLocker Initiated GC) [PSYoungGen: 145811K->64656K(175104K)] 513858K->459077K(699392K), 0.0078281 secs] [Times: user=0.11 sys=0.01, real=0.00 secs] 
2016-09-24T03:54:09.306-0400: 46.523: [GC (GCLocker Initiated GC) [PSYoungGen: 152720K->55126K(175104K)] 551263K->485501K(699392K), 0.0076048 secs] [Times: user=0.11 sys=0.00, real=0.01 secs] 
2016-09-24T03:54:09.341-0400: 46.558: [GC (GCLocker Initiated GC) [PSYoungGen: 143190K->71440K(175104K)] 579136K->525618K(699392K), 0.0071103 secs] [Times: user=0.10 sys=0.00, real=0.01 secs] 
2016-09-24T03:54:09.391-0400: 46.607: [GC (GCLocker Initiated GC) [PSYoungGen: 159504K->59452K(175104K)] 616455K->544119K(699392K), 0.0079146 secs] [Times: user=0.13 sys=0.01, real=0.01 secs] 
2016-09-24T03:54:09.399-0400: 46.615: [Full GC (Ergonomics) [PSYoungGen: 59452K->0K(175104K)] [ParOldGen: 484666K->268704K(524288K)] 544119K->268704K(699392K), [Metaspace: 43888K->43888K(1087488K)], 0.0579508 secs] [Times: user=0.50 sys=0.00, real=0.06 secs] 
2016-09-24T03:54:09.493-0400: 46.710: [GC (GCLocker Initiated GC) [PSYoungGen: 88064K->71615K(175104K)] 359721K->343273K(699392K), 0.0096851 secs] [Times: user=0.10 sys=0.00, real=0.02 secs] 
2016-09-24T03:54:09.537-0400: 46.753: [GC (GCLocker Initiated GC) [PSYoungGen: 159679K->61871K(175104K)] 439685K->364395K(699392K), 0.0075130 secs] [Times: user=0.07 sys=0.00, real=0.01 secs] 
2016-09-24T03:54:09.584-0400: 46.801: [GC (GCLocker Initiated GC) [PSYoungGen: 149935K->55160K(175104K)] 468820K->390910K(699392K), 0.0150182 secs] [Times: user=0.20 sys=0.01, real=0.01 secs] 
2016-09-24T03:54:09.636-0400: 46.852: [GC (GCLocker Initiated GC) [PSYoungGen: 143224K->73941K(175104K)] 481961K->414716K(699392K), 0.0095511 secs] [Times: user=0.13 sys=0.00, real=0.01 secs] 
2016-09-24T03:54:09.677-0400: 46.893: [GC (GCLocker Initiated GC) [PSYoungGen: 162005K->56237K(175104K)] 502916K->412627K(699392K), 0.0082880 secs] [Times: user=0.07 sys=0.00, real=0.01 secs] 
2016-09-24T03:54:09.716-0400: 46.933: [GC (GCLocker Initiated GC) [PSYoungGen: 144301K->74118K(175104K)] 500868K->464967K(699392K), 0.0080121 secs] [Times: user=0.11 sys=0.01, real=0.01 secs] 
2016-09-24T03:54:09.763-0400: 46.979: [GC (GCLocker Initiated GC) [PSYoungGen: 162182K->58013K(175104K)] 562587K->480748K(699392K), 0.0064797 secs] [Times: user=0.09 sys=0.00, real=0.00 secs] 
2016-09-24T03:54:09.802-0400: 47.019: [GC (GCLocker Initiated GC) [PSYoungGen: 146077K->61811K(172032K)] 574341K->524658K(696320K), 0.0078813 secs] [Times: user=0.12 sys=0.00, real=0.00 secs] 
2016-09-24T03:54:09.842-0400: 47.059: [GC (GCLocker Initiated GC) [PSYoungGen: 149875K->72694K(173568K)] 619685K->552547K(697856K), 0.0071837 secs] [Times: user=0.09 sys=0.00, real=0.00 secs] 
2016-09-24T03:54:09.850-0400: 47.066: [Full GC (Ergonomics) [PSYoungGen: 72694K->0K(173568K)] [ParOldGen: 479853K->279791K(524288K)] 552547K->279791K(697856K), [Metaspace: 43888K->43888K(1087488K)], 0.0526971 secs] [Times: user=0.46 sys=0.01, real=0.06 secs] 
2016-09-24T03:54:09.943-0400: 47.159: [GC (GCLocker Initiated GC) [PSYoungGen: 88064K->82271K(175104K)] 370671K->364879K(699392K), 0.0070769 secs] [Times: user=0.10 sys=0.00, real=0.00 secs] 
2016-09-24T03:54:09.989-0400: 47.205: [GC (Allocation Failure) [PSYoungGen: 170335K->48221K(175104K)] 452944K->355954K(699392K), 0.2320238 secs] [Times: user=0.14 sys=0.01, real=0.23 secs] 
2016-09-24T03:54:11.997-0400: 49.214: [GC (GCLocker Initiated GC) [PSYoungGen: 135060K->54177K(175104K)] 445493K->396336K(699392K), 0.0082750 secs] [Times: user=0.09 sys=0.01, real=0.01 secs] 
2016-09-24T03:54:12.051-0400: 49.268: [GC (GCLocker Initiated GC) [PSYoungGen: 142241K->52476K(175104K)] 487238K->425564K(699392K), 0.0076660 secs] [Times: user=0.10 sys=0.01, real=0.01 secs] 
2016-09-24T03:54:12.096-0400: 49.313: [GC (GCLocker Initiated GC) [PSYoungGen: 140540K->82245K(175104K)] 516478K->471061K(699392K), 0.0082755 secs] [Times: user=0.13 sys=0.00, real=0.01 secs] 
2016-09-24T03:54:12.142-0400: 49.358: [GC (GCLocker Initiated GC) [PSYoungGen: 170309K->71341K(175104K)] 560178K->479545K(699392K), 0.0078072 secs] [Times: user=0.11 sys=0.00, real=0.01 secs] 
2016-09-24T03:54:12.187-0400: 49.404: [GC (GCLocker Initiated GC) [PSYoungGen: 159405K->70020K(175104K)] 571812K->511502K(699392K), 0.0107461 secs] [Times: user=0.13 sys=0.01, real=0.01 secs] 
2016-09-24T03:54:12.243-0400: 49.460: [GC (GCLocker Initiated GC) [PSYoungGen: 158084K->61977K(175104K)] 605203K->531410K(699392K), 0.0073832 secs] [Times: user=0.10 sys=0.00, real=0.00 secs] 
2016-09-24T03:54:12.291-0400: 49.508: [GC (GCLocker Initiated GC) [PSYoungGen: 150041K->45666K(175104K)] 619580K->536226K(699392K), 0.0073955 secs] [Times: user=0.08 sys=0.00, real=0.01 secs] 
2016-09-24T03:54:12.299-0400: 49.515: [Full GC (Ergonomics) [PSYoungGen: 45666K->0K(175104K)] [ParOldGen: 490559K->285640K(524288K)] 536226K->285640K(699392K), [Metaspace: 43895K->43895K(1087488K)], 0.0724367 secs] [Times: user=0.49 sys=0.01, real=0.07 secs] 
2016-09-24T03:54:12.413-0400: 49.629: [GC (GCLocker Initiated GC) [PSYoungGen: 88064K->66286K(175104K)] 373817K->352039K(699392K), 0.0066621 secs] [Times: user=0.07 sys=0.00, real=0.01 secs] 
2016-09-24T03:54:12.453-0400: 49.669: [GC (GCLocker Initiated GC) [PSYoungGen: 154350K->83570K(175104K)] 440324K->397562K(699392K), 0.0136462 secs] [Times: user=0.16 sys=0.00, real=0.02 secs] 
2016-09-24T03:54:12.514-0400: 49.731: [GC (GCLocker Initiated GC) [PSYoungGen: 171634K->44332K(175104K)] 495240K->401110K(699392K), 0.0086531 secs] [Times: user=0.08 sys=0.01, real=0.01 secs] 
2016-09-24T03:54:12.572-0400: 49.789: [GC (GCLocker Initiated GC) [PSYoungGen: 132396K->55167K(175104K)] 504260K->434561K(699392K), 0.0079595 secs] [Times: user=0.10 sys=0.00, real=0.01 secs] 
2016-09-24T03:54:12.620-0400: 49.837: [GC (GCLocker Initiated GC) [PSYoungGen: 143231K->50998K(175104K)] 525454K->439351K(699392K), 0.0195689 secs] [Times: user=0.26 sys=0.00, real=0.02 secs] 
2016-09-24T03:54:12.675-0400: 49.892: [GC (GCLocker Initiated GC) [PSYoungGen: 139062K->68745K(175104K)] 530285K->478183K(699392K), 0.0137277 secs] [Times: user=0.20 sys=0.00, real=0.01 secs] 
2016-09-24T03:54:12.733-0400: 49.949: [GC (GCLocker Initiated GC) [PSYoungGen: 156809K->64690K(175104K)] 569870K->498714K(699392K), 0.0071007 secs] [Times: user=0.09 sys=0.00, real=0.01 secs] 
2016-09-24T03:54:12.772-0400: 49.988: [GC (GCLocker Initiated GC) [PSYoungGen: 152754K->65902K(175104K)] 589684K->517072K(699392K), 0.0119326 secs] [Times: user=0.07 sys=0.00, real=0.02 secs] 
2016-09-24T03:54:12.826-0400: 50.043: [GC (Allocation Failure) [PSYoungGen: 153966K->52390K(175104K)] 605179K->513775K(699392K), 0.0075307 secs] [Times: user=0.08 sys=0.00, real=0.00 secs] 
2016-09-24T03:54:12.871-0400: 50.087: [GC (GCLocker Initiated GC) [PSYoungGen: 138802K->55261K(174080K)] 602888K->532255K(698368K), 0.0074027 secs] [Times: user=0.07 sys=0.00, real=0.01 secs] 
2016-09-24T03:54:12.905-0400: 50.122: [GC (Allocation Failure) [PSYoungGen: 143325K->76753K(174592K)] 620415K->558594K(698880K), 0.0077959 secs] [Times: user=0.09 sys=0.00, real=0.00 secs] 
2016-09-24T03:54:12.952-0400: 50.168: [Full GC (Ergonomics) [PSYoungGen: 162830K->0K(174592K)] [ParOldGen: 487241K->299891K(524288K)] 650072K->299891K(698880K), [Metaspace: 43895K->43895K(1087488K)], 0.0533634 secs] [Times: user=0.46 sys=0.00, real=0.06 secs] 
2016-09-24T03:54:13.042-0400: 50.259: [GC (GCLocker Initiated GC) [PSYoungGen: 88064K->75830K(175104K)] 393441K->381208K(699392K), 0.0067570 secs] [Times: user=0.10 sys=0.00, real=0.00 secs] 
2016-09-24T03:54:13.081-0400: 50.298: [GC (GCLocker Initiated GC) [PSYoungGen: 163894K->78096K(175104K)] 472092K->399417K(699392K), 0.0071212 secs] [Times: user=0.11 sys=0.00, real=0.01 secs] 
2016-09-24T03:54:13.127-0400: 50.343: [GC (GCLocker Initiated GC) [PSYoungGen: 166160K->74238K(175104K)] 494267K->425933K(699392K), 0.0079772 secs] [Times: user=0.12 sys=0.00, real=0.01 secs] 
2016-09-24T03:54:13.178-0400: 50.395: [GC (GCLocker Initiated GC) [PSYoungGen: 162302K->56471K(175104K)] 514109K->434802K(699392K), 0.0068681 secs] [Times: user=0.09 sys=0.00, real=0.01 secs] 
2016-09-24T03:54:13.212-0400: 50.428: [GC (GCLocker Initiated GC) [PSYoungGen: 144535K->85009K(175104K)] 531117K->487086K(699392K), 0.0083100 secs] [Times: user=0.14 sys=0.01, real=0.01 secs] 
2016-09-24T03:54:13.259-0400: 50.476: [GC (GCLocker Initiated GC) [PSYoungGen: 173073K->64542K(175104K)] 575234K->490478K(699392K), 0.0070503 secs] [Times: user=0.10 sys=0.01, real=0.01 secs] 
2016-09-24T03:54:13.303-0400: 50.519: [GC (Allocation Failure) [PSYoungGen: 152606K->59356K(175104K)] 584023K->527859K(699392K), 0.0078207 secs] [Times: user=0.11 sys=0.00, real=0.00 secs] 
2016-09-24T03:54:13.342-0400: 50.559: [GC (GCLocker Initiated GC) [PSYoungGen: 147420K->71394K(175104K)] 618642K->558332K(699392K), 0.0072329 secs] [Times: user=0.10 sys=0.01, real=0.00 secs] 
2016-09-24T03:54:13.350-0400: 50.566: [Full GC (Ergonomics) [PSYoungGen: 71394K->0K(175104K)] [ParOldGen: 486937K->309185K(524288K)] 558332K->309185K(699392K), [Metaspace: 43898K->43898K(1087488K)], 0.0534213 secs] [Times: user=0.50 sys=0.00, real=0.06 secs] 
2016-09-24T03:54:13.442-0400: 50.659: [GC (GCLocker Initiated GC) [PSYoungGen: 88064K->58023K(175104K)] 401388K->371347K(699392K), 0.0069223 secs] [Times: user=0.07 sys=0.00, real=0.01 secs] 
2016-09-24T03:54:13.479-0400: 50.695: [GC (GCLocker Initiated GC) [PSYoungGen: 146087K->71327K(175104K)] 462269K->406151K(699392K), 0.0073079 secs] [Times: user=0.10 sys=0.00, real=0.01 secs] 
2016-09-24T03:54:13.523-0400: 50.740: [GC (GCLocker Initiated GC) [PSYoungGen: 159391K->67299K(175104K)] 494330K->427238K(699392K), 0.0076926 secs] [Times: user=0.11 sys=0.00, real=0.00 secs] 
2016-09-24T03:54:13.575-0400: 50.791: [GC (GCLocker Initiated GC) [PSYoungGen: 155363K->66318K(175104K)] 526253K->459525K(699392K), 0.0076715 secs] [Times: user=0.08 sys=0.00, real=0.01 secs] 
2016-09-24T03:54:13.608-0400: 50.825: [GC (GCLocker Initiated GC) [PSYoungGen: 154382K->79853K(175104K)] 555854K->498571K(699392K), 0.0084956 secs] [Times: user=0.13 sys=0.00, real=0.01 secs] 
2016-09-24T03:54:13.660-0400: 50.876: [GC (GCLocker Initiated GC) [PSYoungGen: 167917K->59175K(175104K)] 599079K->500756K(699392K), 0.0069023 secs] [Times: user=0.07 sys=0.00, real=0.01 secs] 
2016-09-24T03:54:13.715-0400: 50.932: [GC (GCLocker Initiated GC) [PSYoungGen: 147239K->54080K(175104K)] 601134K->515354K(699392K), 0.0069744 secs] [Times: user=0.07 sys=0.00, real=0.00 secs] 
2016-09-24T03:54:13.753-0400: 50.970: [GC (GCLocker Initiated GC) [PSYoungGen: 142144K->69969K(175104K)] 606586K->551657K(699392K), 0.0067586 secs] [Times: user=0.10 sys=0.01, real=0.01 secs] 
2016-09-24T03:54:13.798-0400: 51.014: [Full GC (Ergonomics) [PSYoungGen: 158033K->0K(175104K)] [ParOldGen: 492689K->316644K(524288K)] 650723K->316644K(699392K), [Metaspace: 43900K->43900K(1087488K)], 0.0516735 secs] [Times: user=0.42 sys=0.00, real=0.05 secs] 
2016-09-24T03:54:13.895-0400: 51.112: [GC (GCLocker Initiated GC) [PSYoungGen: 88064K->47542K(175104K)] 410230K->369709K(699392K), 0.0065842 secs] [Times: user=0.08 sys=0.01, real=0.00 secs] 
2016-09-24T03:54:13.939-0400: 51.156: [GC (GCLocker Initiated GC) [PSYoungGen: 135606K->72947K(175104K)] 459196K->419247K(699392K), 0.0066526 secs] [Times: user=0.10 sys=0.00, real=0.01 secs] 
2016-09-24T03:54:13.985-0400: 51.202: [GC (GCLocker Initiated GC) [PSYoungGen: 161011K->62245K(175104K)] 519621K->443460K(699392K), 0.0067137 secs] [Times: user=0.09 sys=0.01, real=0.00 secs] 
2016-09-24T03:54:14.035-0400: 51.251: [GC (GCLocker Initiated GC) [PSYoungGen: 150309K->54071K(175104K)] 534282K->459273K(699392K), 0.0068628 secs] [Times: user=0.08 sys=0.00, real=0.00 secs] 
2016-09-24T03:54:14.074-0400: 51.290: [GC (GCLocker Initiated GC) [PSYoungGen: 142135K->59381K(173056K)] 547469K->512878K(697344K), 0.0084222 secs] [Times: user=0.14 sys=0.00, real=0.02 secs] 
2016-09-24T03:54:14.119-0400: 51.336: [GC (GCLocker Initiated GC) [PSYoungGen: 147445K->77185K(174080K)] 603710K->558700K(698368K), 0.0078997 secs] [Times: user=0.11 sys=0.01, real=0.01 secs] 
2016-09-24T03:54:14.127-0400: 51.344: [Full GC (Ergonomics) [PSYoungGen: 77185K->0K(174080K)] [ParOldGen: 481515K->314878K(524288K)] 558700K->314878K(698368K), [Metaspace: 43901K->43901K(1087488K)], 0.0553435 secs] [Times: user=0.57 sys=0.00, real=0.06 secs] 
2016-09-24T03:54:14.226-0400: 51.443: [GC (GCLocker Initiated GC) [PSYoungGen: 88064K->61110K(175104K)] 408597K->381644K(699392K), 0.0067300 secs] [Times: user=0.08 sys=0.00, real=0.00 secs] 
2016-09-24T03:54:14.267-0400: 51.484: [GC (GCLocker Initiated GC) [PSYoungGen: 149174K->71968K(175104K)] 472547K->411450K(699392K), 0.0089183 secs] [Times: user=0.12 sys=0.00, real=0.01 secs] 
2016-09-24T03:54:14.327-0400: 51.544: [GC (GCLocker Initiated GC) [PSYoungGen: 160032K->43599K(175104K)] 528020K->435790K(699392K), 0.0138449 secs] [Times: user=0.19 sys=0.00, real=0.01 secs] 
2016-09-24T03:54:14.386-0400: 51.603: [GC (GCLocker Initiated GC) [PSYoungGen: 131663K->64866K(175104K)] 528543K->466924K(699392K), 0.0054688 secs] [Times: user=0.08 sys=0.00, real=0.00 secs] 
2016-09-24T03:54:14.429-0400: 51.646: [GC (GCLocker Initiated GC) [PSYoungGen: 152930K->57866K(173056K)] 556493K->488035K(697344K), 0.0070297 secs] [Times: user=0.10 sys=0.00, real=0.01 secs] 
2016-09-24T03:54:14.476-0400: 51.693: [GC (GCLocker Initiated GC) [PSYoungGen: 145930K->80014K(174080K)] 576264K->523220K(698368K), 0.0068972 secs] [Times: user=0.09 sys=0.01, real=0.01 secs] 
2016-09-24T03:54:14.528-0400: 51.745: [GC (GCLocker Initiated GC) [PSYoungGen: 168078K->50217K(175104K)] 612731K->505466K(699392K), 0.0063845 secs] [Times: user=0.06 sys=0.00, real=0.01 secs] 
2016-09-24T03:54:14.564-0400: 51.781: [GC (GCLocker Initiated GC) [PSYoungGen: 138281K->64745K(175104K)] 597365K->564312K(699392K), 0.0078396 secs] [Times: user=0.11 sys=0.00, real=0.00 secs] 
2016-09-24T03:54:14.572-0400: 51.789: [Full GC (Ergonomics) [PSYoungGen: 64745K->0K(175104K)] [ParOldGen: 499567K->316988K(524288K)] 564312K->316988K(699392K), [Metaspace: 43901K->43901K(1087488K)], 0.0557704 secs] [Times: user=0.47 sys=0.01, real=0.06 secs] 
2016-09-24T03:54:14.676-0400: 51.893: [GC (GCLocker Initiated GC) [PSYoungGen: 88064K->71046K(175104K)] 413277K->396260K(699392K), 0.0067326 secs] [Times: user=0.08 sys=0.00, real=0.01 secs] 
2016-09-24T03:54:14.725-0400: 51.942: [GC (GCLocker Initiated GC) [PSYoungGen: 159110K->62371K(150528K)] 489871K->424555K(674816K), 0.0070797 secs] [Times: user=0.10 sys=0.00, real=0.00 secs] 
2016-09-24T03:54:14.779-0400: 51.996: [GC (GCLocker Initiated GC) [PSYoungGen: 150435K->84137K(173056K)] 526307K->463825K(697344K), 0.0074134 secs] [Times: user=0.11 sys=0.01, real=0.01 secs] 
2016-09-24T03:54:14.835-0400: 52.051: [GC (GCLocker Initiated GC) [PSYoungGen: 171177K->51116K(174080K)] 559008K->471344K(698368K), 0.0070580 secs] [Times: user=0.11 sys=0.00, real=0.00 secs] 
2016-09-24T03:54:14.872-0400: 52.089: [GC (GCLocker Initiated GC) [PSYoungGen: 138156K->81564K(175104K)] 558817K->508383K(699392K), 0.0082666 secs] [Times: user=0.13 sys=0.00, real=0.01 secs] 
2016-09-24T03:54:14.924-0400: 52.141: [GC (GCLocker Initiated GC) [PSYoungGen: 169628K->51251K(175104K)] 607323K->518678K(699392K), 0.0068319 secs] [Times: user=0.09 sys=0.01, real=0.00 secs] 
2016-09-24T03:54:14.979-0400: 52.196: [GC (GCLocker Initiated GC) [PSYoungGen: 139315K->58218K(175104K)] 606790K->546768K(699392K), 0.0075362 secs] [Times: user=0.11 sys=0.01, real=0.01 secs] 
2016-09-24T03:54:14.987-0400: 52.203: [Full GC (Ergonomics) [PSYoungGen: 58218K->0K(175104K)] [ParOldGen: 488550K->313007K(524288K)] 546768K->313007K(699392K), [Metaspace: 43902K->43902K(1087488K)], 0.0584415 secs] [Times: user=0.52 sys=0.01, real=0.06 secs] 
2016-09-24T03:54:15.074-0400: 52.291: [GC (GCLocker Initiated GC) [PSYoungGen: 88064K->84879K(175104K)] 406631K->416946K(699392K), 0.0073944 secs] [Times: user=0.12 sys=0.00, real=0.00 secs] 
2016-09-24T03:54:15.129-0400: 52.346: [GC (GCLocker Initiated GC) [PSYoungGen: 172943K->60796K(175104K)] 507768K->419298K(699392K), 0.0073021 secs] [Times: user=0.10 sys=0.00, real=0.01 secs] 
2016-09-24T03:54:15.170-0400: 52.387: [GC (GCLocker Initiated GC) [PSYoungGen: 148860K->77125K(175104K)] 510232K->454375K(699392K), 0.0087275 secs] [Times: user=0.12 sys=0.00, real=0.01 secs] 
2016-09-24T03:54:15.218-0400: 52.435: [GC (GCLocker Initiated GC) [PSYoungGen: 165189K->73276K(175104K)] 542956K->477790K(699392K), 0.0087290 secs] [Times: user=0.13 sys=0.00, real=0.01 secs] 
2016-09-24T03:54:15.264-0400: 52.481: [GC (GCLocker Initiated GC) [PSYoungGen: 161340K->64907K(175104K)] 568580K->492272K(699392K), 0.0104166 secs] [Times: user=0.16 sys=0.00, real=0.01 secs] 
2016-09-24T03:54:15.314-0400: 52.530: [GC (GCLocker Initiated GC) [PSYoungGen: 152971K->65078K(175104K)] 585883K->509835K(699392K), 0.0140676 secs] [Times: user=0.16 sys=0.00, real=0.02 secs] 
2016-09-24T03:54:15.368-0400: 52.584: [GC (GCLocker Initiated GC) [PSYoungGen: 153142K->62377K(175104K)] 604880K->547699K(699392K), 0.0128855 secs] [Times: user=0.10 sys=0.01, real=0.01 secs] 
2016-09-24T03:54:15.381-0400: 52.597: [Full GC (Ergonomics) [PSYoungGen: 62377K->0K(175104K)] [ParOldGen: 485322K->332169K(524288K)] 547699K->332169K(699392K), [Metaspace: 43902K->43902K(1087488K)], 0.0617874 secs] [Times: user=0.67 sys=0.00, real=0.07 secs] 
2016-09-24T03:54:15.477-0400: 52.693: [GC (GCLocker Initiated GC) [PSYoungGen: 88064K->85941K(175104K)] 423035K->429012K(699392K), 0.0109061 secs] [Times: user=0.15 sys=0.00, real=0.01 secs] 
2016-09-24T03:54:15.534-0400: 52.750: [GC (GCLocker Initiated GC) [PSYoungGen: 174005K->66320K(175104K)] 523956K->435462K(699392K), 0.0072038 secs] [Times: user=0.10 sys=0.00, real=0.01 secs] 
2016-09-24T03:54:15.578-0400: 52.795: [GC (GCLocker Initiated GC) [PSYoungGen: 154384K->75800K(175104K)] 529376K->457248K(699392K), 0.0081469 secs] [Times: user=0.10 sys=0.00, real=0.01 secs] 
2016-09-24T03:54:15.621-0400: 52.837: [GC (GCLocker Initiated GC) [PSYoungGen: 163864K->62140K(175104K)] 549615K->477367K(699392K), 0.0080127 secs] [Times: user=0.12 sys=0.00, real=0.01 secs] 
2016-09-24T03:54:15.671-0400: 52.887: [GC (GCLocker Initiated GC) [PSYoungGen: 150204K->77291K(175104K)] 574958K->513747K(699392K), 0.0078418 secs] [Times: user=0.12 sys=0.01, real=0.01 secs] 
2016-09-24T03:54:15.720-0400: 52.936: [GC (GCLocker Initiated GC) [PSYoungGen: 165355K->69010K(175104K)] 601889K->532425K(699392K), 0.0081393 secs] [Times: user=0.13 sys=0.00, real=0.01 secs] 
2016-09-24T03:54:15.762-0400: 52.979: [GC (GCLocker Initiated GC) [PSYoungGen: 157074K->52791K(175104K)] 623242K->548372K(699392K), 0.0082411 secs] [Times: user=0.08 sys=0.00, real=0.00 secs] 
2016-09-24T03:54:15.771-0400: 52.987: [Full GC (Ergonomics) [PSYoungGen: 52791K->0K(175104K)] [ParOldGen: 495580K->337492K(524288K)] 548372K->337492K(699392K), [Metaspace: 43902K->43902K(1087488K)], 0.0563680 secs] [Times: user=0.56 sys=0.00, real=0.06 secs] 
2016-09-24T03:54:15.870-0400: 53.086: [GC (GCLocker Initiated GC) [PSYoungGen: 88064K->76543K(175104K)] 437444K->425923K(699392K), 0.0062497 secs] [Times: user=0.09 sys=0.00, real=0.01 secs] 
2016-09-24T03:54:15.911-0400: 53.127: [GC (GCLocker Initiated GC) [PSYoungGen: 164607K->65955K(175104K)] 514059K->442865K(699392K), 0.0074376 secs] [Times: user=0.10 sys=0.01, real=0.01 secs] 
2016-09-24T03:54:15.957-0400: 53.174: [GC (GCLocker Initiated GC) [PSYoungGen: 154019K->69250K(175104K)] 536388K->479334K(699392K), 0.0079143 secs] [Times: user=0.11 sys=0.00, real=0.01 secs] 
2016-09-24T03:54:16.007-0400: 53.224: [GC (GCLocker Initiated GC) [PSYoungGen: 157314K->73000K(175104K)] 571587K->511497K(699392K), 0.0077652 secs] [Times: user=0.10 sys=0.01, real=0.01 secs] 
2016-09-24T03:54:16.050-0400: 53.267: [GC (GCLocker Initiated GC) [PSYoungGen: 161064K->62523K(175104K)] 607822K->523695K(699392K), 0.0074179 secs] [Times: user=0.07 sys=0.00, real=0.01 secs] 
2016-09-24T03:54:16.095-0400: 53.311: [GC (GCLocker Initiated GC) [PSYoungGen: 150587K->57763K(175104K)] 611817K->551412K(699392K), 0.0068879 secs] [Times: user=0.09 sys=0.01, real=0.00 secs] 
2016-09-24T03:54:16.102-0400: 53.319: [Full GC (Ergonomics) [PSYoungGen: 57763K->0K(175104K)] [ParOldGen: 493649K->336328K(524288K)] 551412K->336328K(699392K), [Metaspace: 43902K->43902K(1087488K)], 0.0516796 secs] [Times: user=0.46 sys=0.01, real=0.05 secs] 
2016-09-24T03:54:16.194-0400: 53.411: [GC (GCLocker Initiated GC) [PSYoungGen: 88064K->56333K(175104K)] 439410K->407679K(699392K), 0.0068555 secs] [Times: user=0.05 sys=0.00, real=0.00 secs] 
2016-09-24T03:54:16.243-0400: 53.460: [GC (GCLocker Initiated GC) [PSYoungGen: 144397K->53989K(175104K)] 504061K->439867K(699392K), 0.0089834 secs] [Times: user=0.12 sys=0.00, real=0.00 secs] 
2016-09-24T03:54:16.288-0400: 53.504: [GC (GCLocker Initiated GC) [PSYoungGen: 142053K->64966K(153088K)] 530824K->468084K(677376K), 0.0078730 secs] [Times: user=0.06 sys=0.01, real=0.01 secs] 
2016-09-24T03:54:16.341-0400: 53.558: [GC (GCLocker Initiated GC) [PSYoungGen: 153030K->56659K(173568K)] 568423K->493330K(697856K), 0.0100193 secs] [Times: user=0.13 sys=0.01, real=0.01 secs] 
2016-09-24T03:54:16.386-0400: 53.602: [GC (GCLocker Initiated GC) [PSYoungGen: 145235K->49891K(173056K)] 582077K->507828K(697344K), 0.0072267 secs] [Times: user=0.06 sys=0.00, real=0.00 secs] 
2016-09-24T03:54:16.435-0400: 53.651: [GC (GCLocker Initiated GC) [PSYoungGen: 138467K->54129K(177152K)] 604602K->557673K(701440K), 0.0123461 secs] [Times: user=0.18 sys=0.01, real=0.01 secs] 
2016-09-24T03:54:16.447-0400: 53.664: [Full GC (Ergonomics) [PSYoungGen: 54129K->0K(177152K)] [ParOldGen: 503544K->343466K(524288K)] 557673K->343466K(701440K), [Metaspace: 43908K->43908K(1087488K)], 0.0620849 secs] [Times: user=0.74 sys=0.00, real=0.06 secs] 
2016-09-24T03:54:16.552-0400: 53.768: [GC (GCLocker Initiated GC) [PSYoungGen: 93184K->63831K(157184K)] 436697K->407344K(681472K), 0.0076960 secs] [Times: user=0.07 sys=0.00, real=0.01 secs] 
2016-09-24T03:54:16.595-0400: 53.812: [GC (GCLocker Initiated GC) [PSYoungGen: 157015K->77049K(172544K)] 503375K->448972K(696832K), 0.0082440 secs] [Times: user=0.10 sys=0.00, real=0.01 secs] 
2016-09-24T03:54:16.645-0400: 53.862: [GC (GCLocker Initiated GC) [PSYoungGen: 167161K->67575K(176128K)] 550014K->477075K(700416K), 0.0073795 secs] [Times: user=0.11 sys=0.00, real=0.00 secs] 
2016-09-24T03:54:16.699-0400: 53.916: [GC (GCLocker Initiated GC) [PSYoungGen: 157687K->45893K(174592K)] 584822K->498241K(698880K), 0.0093674 secs] [Times: user=0.12 sys=0.00, real=0.01 secs] 
2016-09-24T03:54:16.748-0400: 53.965: [GC (GCLocker Initiated GC) [PSYoungGen: 134981K->64662K(154112K)] 591592K->524844K(678400K), 0.0075697 secs] [Times: user=0.07 sys=0.00, real=0.01 secs] 
2016-09-24T03:54:16.799-0400: 54.016: [GC (GCLocker Initiated GC) [PSYoungGen: 153750K->53632K(176128K)] 620940K->529686K(700416K), 0.0080648 secs] [Times: user=0.08 sys=0.00, real=0.01 secs] 
2016-09-24T03:54:16.844-0400: 54.061: [Full GC (Ergonomics) [PSYoungGen: 144768K->0K(176128K)] [ParOldGen: 480187K->347933K(524288K)] 624956K->347933K(700416K), [Metaspace: 43911K->43911K(1087488K)], 0.0745135 secs] [Times: user=0.66 sys=0.02, real=0.07 secs] 
2016-09-24T03:54:16.964-0400: 54.181: [GC (GCLocker Initiated GC) [PSYoungGen: 91136K->50226K(175104K)] 445840K->404931K(699392K), 0.0071413 secs] [Times: user=0.06 sys=0.01, real=0.00 secs] 
2016-09-24T03:54:17.009-0400: 54.225: [GC (GCLocker Initiated GC) [PSYoungGen: 141362K->83416K(172032K)] 496171K->447675K(696320K), 0.0086842 secs] [Times: user=0.11 sys=0.01, real=0.01 secs] 
2016-09-24T03:54:17.054-0400: 54.271: [GC (GCLocker Initiated GC) [PSYoungGen: 171480K->76973K(175104K)] 539838K->485107K(699392K), 0.0082775 secs] [Times: user=0.13 sys=0.00, real=0.01 secs] 
2016-09-24T03:54:17.106-0400: 54.323: [GC (GCLocker Initiated GC) [PSYoungGen: 165037K->53981K(175104K)] 578693K->477947K(699392K), 0.0090097 secs] [Times: user=0.09 sys=0.02, real=0.01 secs] 
2016-09-24T03:54:17.154-0400: 54.371: [GC (GCLocker Initiated GC) [PSYoungGen: 142045K->58006K(175104K)] 572815K->503091K(699392K), 0.0063038 secs] [Times: user=0.10 sys=0.00, real=0.00 secs] 
2016-09-24T03:54:17.191-0400: 54.408: [GC (GCLocker Initiated GC) [PSYoungGen: 146070K->81077K(175104K)] 596623K->537840K(699392K), 0.0079400 secs] [Times: user=0.12 sys=0.00, real=0.01 secs] 
2016-09-24T03:54:17.242-0400: 54.458: [GC (GCLocker Initiated GC) [PSYoungGen: 169141K->63532K(175104K)] 630111K->537533K(699392K), 0.0073630 secs] [Times: user=0.09 sys=0.00, real=0.01 secs] 
2016-09-24T03:54:17.293-0400: 54.510: [GC (GCLocker Initiated GC) [PSYoungGen: 151596K->48683K(175104K)] 633394K->557044K(699392K), 0.0091260 secs] [Times: user=0.13 sys=0.01, real=0.02 secs] 
2016-09-24T03:54:17.303-0400: 54.519: [Full GC (Ergonomics) [PSYoungGen: 48683K->0K(175104K)] [ParOldGen: 508361K->307723K(524288K)] 557044K->307723K(699392K), [Metaspace: 43911K->43911K(1087488K)], 0.0669713 secs] [Times: user=0.61 sys=0.00, real=0.06 secs] 
2016-09-24T03:54:17.395-0400: 54.611: [GC (GCLocker Initiated GC) [PSYoungGen: 88064K->74619K(175104K)] 401348K->387904K(699392K), 0.0064838 secs] [Times: user=0.09 sys=0.00, real=0.00 secs] 
2016-09-24T03:54:17.454-0400: 54.670: [GC (GCLocker Initiated GC) [PSYoungGen: 162683K->66302K(175104K)] 484449K->398701K(699392K), 0.0081002 secs] [Times: user=0.10 sys=0.01, real=0.01 secs] 
2016-09-24T03:54:17.493-0400: 54.710: [GC (GCLocker Initiated GC) [PSYoungGen: 154366K->76909K(175104K)] 497768K->441560K(699392K), 0.0070550 secs] [Times: user=0.10 sys=0.00, real=0.01 secs] 
2016-09-24T03:54:17.544-0400: 54.761: [GC (GCLocker Initiated GC) [PSYoungGen: 164973K->61963K(175104K)] 541801K->455780K(699392K), 0.0076090 secs] [Times: user=0.12 sys=0.00, real=0.00 secs] 
2016-09-24T03:54:17.596-0400: 54.812: [GC (GCLocker Initiated GC) [PSYoungGen: 150027K->56762K(175104K)] 553365K->473024K(699392K), 0.0059087 secs] [Times: user=0.09 sys=0.00, real=0.00 secs] 
2016-09-24T03:54:17.637-0400: 54.853: [GC (GCLocker Initiated GC) [PSYoungGen: 144826K->71409K(175104K)] 561285K->511722K(699392K), 0.0079490 secs] [Times: user=0.11 sys=0.00, real=0.01 secs] 
2016-09-24T03:54:17.685-0400: 54.902: [GC (GCLocker Initiated GC) [PSYoungGen: 159473K->51233K(175104K)] 599828K->520621K(699392K), 0.0081968 secs] [Times: user=0.08 sys=0.00, real=0.00 secs] 
2016-09-24T03:54:17.734-0400: 54.950: [GC (GCLocker Initiated GC) [PSYoungGen: 139297K->59488K(175104K)] 615689K->555680K(699392K), 0.0068516 secs] [Times: user=0.11 sys=0.00, real=0.01 secs] 
2016-09-24T03:54:17.741-0400: 54.957: [Full GC (Ergonomics) [PSYoungGen: 59488K->0K(175104K)] [ParOldGen: 496191K->319309K(524288K)] 555680K->319309K(699392K), [Metaspace: 43911K->43911K(1087488K)], 0.0501030 secs] [Times: user=0.51 sys=0.00, real=0.05 secs] 
2016-09-24T03:54:17.828-0400: 55.045: [GC (GCLocker Initiated GC) [PSYoungGen: 88064K->77385K(175104K)] 411537K->400859K(699392K), 0.0057800 secs] [Times: user=0.08 sys=0.00, real=0.01 secs] 
2016-09-24T03:54:17.874-0400: 55.091: [GC (GCLocker Initiated GC) [PSYoungGen: 165449K->51240K(175104K)] 494371K->403067K(699392K), 0.0063713 secs] [Times: user=0.08 sys=0.00, real=0.01 secs] 
2016-09-24T03:54:17.922-0400: 55.139: [GC (GCLocker Initiated GC) [PSYoungGen: 139304K->41929K(175104K)] 500749K->423092K(699392K), 0.0062439 secs] [Times: user=0.06 sys=0.00, real=0.00 secs] 
2016-09-24T03:54:17.961-0400: 55.177: [GC (GCLocker Initiated GC) [PSYoungGen: 129993K->71344K(175104K)] 511297K->475237K(699392K), 0.0087817 secs] [Times: user=0.14 sys=0.00, real=0.01 secs] 
2016-09-24T03:54:18.004-0400: 55.220: [GC (GCLocker Initiated GC) [PSYoungGen: 159408K->67576K(175104K)] 568890K->522284K(699392K), 0.0081191 secs] [Times: user=0.12 sys=0.00, real=0.00 secs] 
2016-09-24T03:54:18.057-0400: 55.273: [GC (GCLocker Initiated GC) [PSYoungGen: 155640K->55515K(175104K)] 614513K->538293K(699392K), 0.0071587 secs] [Times: user=0.10 sys=0.00, real=0.01 secs] 
2016-09-24T03:54:18.064-0400: 55.281: [Full GC (Ergonomics) [PSYoungGen: 55515K->0K(175104K)] [ParOldGen: 482777K->323090K(524288K)] 538293K->323090K(699392K), [Metaspace: 43911K->43911K(1087488K)], 0.0511539 secs] [Times: user=0.50 sys=0.00, real=0.05 secs] 
2016-09-24T03:54:18.152-0400: 55.369: [GC (GCLocker Initiated GC) [PSYoungGen: 88064K->73237K(175104K)] 413941K->399115K(699392K), 0.0062189 secs] [Times: user=0.08 sys=0.00, real=0.01 secs] 
2016-09-24T03:54:18.189-0400: 55.406: [GC (GCLocker Initiated GC) [PSYoungGen: 161301K->78461K(175104K)] 487239K->436684K(699392K), 0.0088301 secs] [Times: user=0.14 sys=0.00, real=0.01 secs] 
2016-09-24T03:54:18.237-0400: 55.454: [GC (GCLocker Initiated GC) [PSYoungGen: 166525K->64837K(175104K)] 527695K->437866K(699392K), 0.0079501 secs] [Times: user=0.08 sys=0.00, real=0.01 secs] 
2016-09-24T03:54:18.278-0400: 55.494: [GC (GCLocker Initiated GC) [PSYoungGen: 152901K->51365K(175104K)] 536846K->447050K(699392K), 0.0094695 secs] [Times: user=0.08 sys=0.00, real=0.01 secs] 
2016-09-24T03:54:18.329-0400: 55.545: [GC (GCLocker Initiated GC) [PSYoungGen: 139429K->60982K(175104K)] 545979K->480545K(699392K), 0.0070202 secs] [Times: user=0.08 sys=0.00, real=0.01 secs] 
2016-09-24T03:54:18.376-0400: 55.593: [GC (GCLocker Initiated GC) [PSYoungGen: 149046K->66397K(175104K)] 583702K->516949K(699392K), 0.0076664 secs] [Times: user=0.11 sys=0.00, real=0.01 secs] 
2016-09-24T03:54:18.428-0400: 55.644: [GC (GCLocker Initiated GC) [PSYoungGen: 154461K->71365K(175104K)] 610616K->540687K(699392K), 0.0089629 secs] [Times: user=0.13 sys=0.00, real=0.01 secs] 
2016-09-24T03:54:18.467-0400: 55.684: [GC (GCLocker Initiated GC) [PSYoungGen: 159429K->81219K(175104K)] 628779K->566149K(699392K), 0.0093888 secs] [Times: user=0.14 sys=0.00, real=0.01 secs] 
2016-09-24T03:54:18.515-0400: 55.732: [Full GC (Ergonomics) [PSYoungGen: 169283K->0K(175104K)] [ParOldGen: 490500K->331369K(524288K)] 659784K->331369K(699392K), [Metaspace: 43911K->43911K(1087488K)], 0.0578842 secs] [Times: user=0.57 sys=0.01, real=0.05 secs] 
2016-09-24T03:54:18.621-0400: 55.837: [GC (GCLocker Initiated GC) [PSYoungGen: 88064K->57254K(175104K)] 428955K->398146K(699392K), 0.0052485 secs] [Times: user=0.05 sys=0.00, real=0.01 secs] 
2016-09-24T03:54:18.651-0400: 55.868: [GC (GCLocker Initiated GC) [PSYoungGen: 145318K->83889K(175104K)] 489040K->446585K(699392K), 0.0092846 secs] [Times: user=0.14 sys=0.00, real=0.01 secs] 
2016-09-24T03:54:18.702-0400: 55.919: [GC (GCLocker Initiated GC) [PSYoungGen: 171953K->58063K(175104K)] 542923K->458433K(699392K), 0.0099858 secs] [Times: user=0.14 sys=0.00, real=0.00 secs] 
2016-09-24T03:54:18.749-0400: 55.965: [GC (GCLocker Initiated GC) [PSYoungGen: 146127K->69053K(175104K)] 546659K->485405K(699392K), 0.0080337 secs] [Times: user=0.09 sys=0.00, real=0.01 secs] 
2016-09-24T03:54:18.794-0400: 56.011: [GC (GCLocker Initiated GC) [PSYoungGen: 157117K->57084K(175104K)] 580457K->509868K(699392K), 0.0072810 secs] [Times: user=0.09 sys=0.00, real=0.00 secs] 
2016-09-24T03:54:18.838-0400: 56.055: [GC (GCLocker Initiated GC) [PSYoungGen: 145148K->70291K(175104K)] 598430K->550445K(699392K), 0.0079534 secs] [Times: user=0.08 sys=0.00, real=0.01 secs] 
2016-09-24T03:54:18.881-0400: 56.097: [GC (GCLocker Initiated GC) [PSYoungGen: 158355K->68665K(175104K)] 638581K->566041K(699392K), 0.0070288 secs] [Times: user=0.10 sys=0.00, real=0.01 secs] 
2016-09-24T03:54:18.888-0400: 56.105: [Full GC (Ergonomics) [PSYoungGen: 68665K->0K(175104K)] [ParOldGen: 497375K->330308K(524288K)] 566041K->330308K(699392K), [Metaspace: 43911K->43911K(1087488K)], 0.0498281 secs] [Times: user=0.51 sys=0.00, real=0.05 secs] 
2016-09-24T03:54:18.974-0400: 56.191: [GC (GCLocker Initiated GC) [PSYoungGen: 88063K->85798K(175104K)] 418585K->416319K(699392K), 0.0075718 secs] [Times: user=0.12 sys=0.00, real=0.01 secs] 
2016-09-24T03:54:19.020-0400: 56.237: [GC (GCLocker Initiated GC) [PSYoungGen: 173862K->72883K(175104K)] 512703K->434914K(699392K), 0.0080079 secs] [Times: user=0.12 sys=0.01, real=0.01 secs] 
2016-09-24T03:54:19.068-0400: 56.285: [GC (GCLocker Initiated GC) [PSYoungGen: 160947K->63620K(175104K)] 529899K->452357K(699392K), 0.0073868 secs] [Times: user=0.11 sys=0.00, real=0.01 secs] 
2016-09-24T03:54:19.117-0400: 56.333: [GC (GCLocker Initiated GC) [PSYoungGen: 151684K->70226K(175104K)] 540519K->483123K(699392K), 0.0076945 secs] [Times: user=0.13 sys=0.00, real=0.01 secs] 
2016-09-24T03:54:19.165-0400: 56.382: [GC (GCLocker Initiated GC) [PSYoungGen: 158290K->57095K(175104K)] 576676K->511513K(699392K), 0.0072137 secs] [Times: user=0.10 sys=0.00, real=0.00 secs] 
2016-09-24T03:54:19.214-0400: 56.431: [GC (GCLocker Initiated GC) [PSYoungGen: 145159K->39354K(175104K)] 599923K->542653K(699392K), 0.0073229 secs] [Times: user=0.12 sys=0.01, real=0.01 secs] 
2016-09-24T03:54:19.221-0400: 56.438: [Full GC (Ergonomics) [PSYoungGen: 39354K->0K(175104K)] [ParOldGen: 503299K->322417K(524288K)] 542653K->322417K(699392K), [Metaspace: 43911K->43911K(1087488K)], 0.0543063 secs] [Times: user=0.46 sys=0.01, real=0.06 secs] 
2016-09-24T03:54:19.316-0400: 56.532: [GC (GCLocker Initiated GC) [PSYoungGen: 88064K->68901K(175104K)] 413306K->394144K(699392K), 0.0064589 secs] [Times: user=0.07 sys=0.00, real=0.01 secs] 
2016-09-24T03:54:19.362-0400: 56.579: [GC (GCLocker Initiated GC) [PSYoungGen: 156965K->70679K(175104K)] 483645K->424002K(699392K), 0.0079602 secs] [Times: user=0.11 sys=0.01, real=0.00 secs] 
2016-09-24T03:54:19.406-0400: 56.623: [GC (GCLocker Initiated GC) [PSYoungGen: 158743K->51210K(175104K)] 513584K->423596K(699392K), 0.0066740 secs] [Times: user=0.10 sys=0.00, real=0.00 secs] 
2016-09-24T03:54:19.456-0400: 56.673: [GC (GCLocker Initiated GC) [PSYoungGen: 139274K->74455K(175104K)] 519871K->463993K(699392K), 0.0074078 secs] [Times: user=0.11 sys=0.00, real=0.01 secs] 
2016-09-24T03:54:19.501-0400: 56.718: [GC (GCLocker Initiated GC) [PSYoungGen: 162519K->63656K(175104K)] 552283K->474769K(699392K), 0.0077987 secs] [Times: user=0.10 sys=0.00, real=0.01 secs] 
2016-09-24T03:54:19.543-0400: 56.759: [GC (GCLocker Initiated GC) [PSYoungGen: 151720K->65932K(175104K)] 562997K->503944K(699392K), 0.0079245 secs] [Times: user=0.10 sys=0.01, real=0.00 secs] 
2016-09-24T03:54:19.590-0400: 56.807: [GC (GCLocker Initiated GC) [PSYoungGen: 153996K->69363K(175104K)] 598874K->552697K(699392K), 0.0094996 secs] [Times: user=0.15 sys=0.01, real=0.01 secs] 
2016-09-24T03:54:19.600-0400: 56.816: [Full GC (Ergonomics) [PSYoungGen: 69363K->0K(175104K)] [ParOldGen: 483334K->347527K(524288K)] 552697K->347527K(699392K), [Metaspace: 43915K->43915K(1087488K)], 0.0623212 secs] [Times: user=0.58 sys=0.01, real=0.07 secs] 
2016-09-24T03:54:19.700-0400: 56.916: [GC (GCLocker Initiated GC) [PSYoungGen: 88064K->85525K(175104K)] 435743K->433204K(699392K), 0.0068406 secs] [Times: user=0.09 sys=0.00, real=0.01 secs] 
2016-09-24T03:54:19.749-0400: 56.966: [GC (GCLocker Initiated GC) [PSYoungGen: 173589K->67578K(175104K)] 524052K->447780K(699392K), 0.0074876 secs] [Times: user=0.12 sys=0.00, real=0.01 secs] 
2016-09-24T03:54:19.791-0400: 57.008: [GC (GCLocker Initiated GC) [PSYoungGen: 155642K->67687K(175104K)] 538593K->481282K(699392K), 0.0078649 secs] [Times: user=0.11 sys=0.01, real=0.01 secs] 
2016-09-24T03:54:19.843-0400: 57.059: [GC (GCLocker Initiated GC) [PSYoungGen: 155751K->55588K(175104K)] 574814K->497321K(699392K), 0.0068714 secs] [Times: user=0.09 sys=0.00, real=0.00 secs] 
2016-09-24T03:54:19.885-0400: 57.101: [GC (GCLocker Initiated GC) [PSYoungGen: 143652K->55409K(175104K)] 585441K->541574K(699392K), 0.0080463 secs] [Times: user=0.11 sys=0.01, real=0.00 secs] 
2016-09-24T03:54:19.893-0400: 57.109: [Full GC (Ergonomics) [PSYoungGen: 55409K->0K(175104K)] [ParOldGen: 486164K->348178K(524288K)] 541574K->348178K(699392K), [Metaspace: 43915K->43915K(1087488K)], 0.0503095 secs] [Times: user=0.46 sys=0.00, real=0.06 secs] 
2016-09-24T03:54:19.980-0400: 57.197: [GC (GCLocker Initiated GC) [PSYoungGen: 88064K->81782K(175104K)] 439105K->432824K(699392K), 0.0074330 secs] [Times: user=0.12 sys=0.00, real=0.01 secs] 
2016-09-24T03:54:20.031-0400: 57.247: [GC (GCLocker Initiated GC) [PSYoungGen: 169846K->50284K(175104K)] 521014K->420695K(699392K), 0.0068114 secs] [Times: user=0.07 sys=0.00, real=0.01 secs] 
2016-09-24T03:54:20.069-0400: 57.286: [GC (GCLocker Initiated GC) [PSYoungGen: 138348K->67962K(175104K)] 508801K->467943K(699392K), 0.0083759 secs] [Times: user=0.12 sys=0.00, real=0.01 secs] 
2016-09-24T03:54:20.114-0400: 57.331: [GC (GCLocker Initiated GC) [PSYoungGen: 156026K->66632K(175104K)] 562920K->509962K(699392K), 0.0085789 secs] [Times: user=0.12 sys=0.00, real=0.01 secs] 
2016-09-24T03:54:20.169-0400: 57.386: [GC (GCLocker Initiated GC) [PSYoungGen: 154696K->56906K(175104K)] 609266K->534421K(699392K), 0.0061039 secs] [Times: user=0.09 sys=0.00, real=0.01 secs] 
2016-09-24T03:54:20.175-0400: 57.392: [Full GC (Ergonomics) [PSYoungGen: 56906K->0K(175104K)] [ParOldGen: 477514K->346478K(524288K)] 534421K->346478K(699392K), [Metaspace: 43915K->43915K(1087488K)], 0.0503417 secs] [Times: user=0.53 sys=0.00, real=0.05 secs] 
2016-09-24T03:54:20.259-0400: 57.476: [GC (GCLocker Initiated GC) [PSYoungGen: 88064K->83996K(175104K)] 444100K->440033K(699392K), 0.0076164 secs] [Times: user=0.11 sys=0.00, real=0.01 secs] 
2016-09-24T03:54:20.310-0400: 57.527: [GC (GCLocker Initiated GC) [PSYoungGen: 172060K->73030K(175104K)] 537667K->462773K(699392K), 0.0083218 secs] [Times: user=0.12 sys=0.01, real=0.01 secs] 
2016-09-24T03:54:20.370-0400: 57.586: [GC (GCLocker Initiated GC) [PSYoungGen: 161094K->49798K(175104K)] 553563K->466209K(699392K), 0.0067439 secs] [Times: user=0.09 sys=0.00, real=0.01 secs] 
2016-09-24T03:54:20.407-0400: 57.624: [GC (GCLocker Initiated GC) [PSYoungGen: 137862K->86514K(175104K)] 559916K->516084K(699392K), 0.0077667 secs] [Times: user=0.11 sys=0.01, real=0.01 secs] 
2016-09-24T03:54:20.464-0400: 57.680: [GC (GCLocker Initiated GC) [PSYoungGen: 174578K->56891K(175104K)] 613621K->503667K(699392K), 0.0068864 secs] [Times: user=0.08 sys=0.00, real=0.00 secs] 
2016-09-24T03:54:20.523-0400: 57.740: [GC (GCLocker Initiated GC) [PSYoungGen: 144955K->44590K(175104K)] 591795K->510037K(699392K), 0.0066418 secs] [Times: user=0.08 sys=0.00, real=0.00 secs] 
2016-09-24T03:54:20.564-0400: 57.780: [GC (GCLocker Initiated GC) [PSYoungGen: 132654K->78590K(175104K)] 607786K->560025K(699392K), 0.0070831 secs] [Times: user=0.09 sys=0.01, real=0.00 secs] 
2016-09-24T03:54:20.571-0400: 57.787: [Full GC (Ergonomics) [PSYoungGen: 78590K->0K(175104K)] [ParOldGen: 481434K->361990K(524288K)] 560025K->361990K(699392K), [Metaspace: 43915K->43915K(1087488K)], 0.0480498 secs] [Times: user=0.43 sys=0.00, real=0.05 secs] 
2016-09-24T03:54:20.663-0400: 57.879: [GC (GCLocker Initiated GC) [PSYoungGen: 88064K->70820K(175104K)] 455530K->438286K(699392K), 0.0070184 secs] [Times: user=0.10 sys=0.00, real=0.00 secs] 
2016-09-24T03:54:20.705-0400: 57.922: [GC (GCLocker Initiated GC) [PSYoungGen: 158884K->71857K(175104K)] 530628K->458607K(699392K), 0.0074625 secs] [Times: user=0.11 sys=0.00, real=0.00 secs] 
2016-09-24T03:54:20.753-0400: 57.970: [GC (GCLocker Initiated GC) [PSYoungGen: 159921K->54304K(175104K)] 550436K->472933K(699392K), 0.0073073 secs] [Times: user=0.11 sys=0.00, real=0.01 secs] 
2016-09-24T03:54:20.795-0400: 58.012: [GC (GCLocker Initiated GC) [PSYoungGen: 142368K->85257K(175104K)] 566495K->524214K(699392K), 0.0079652 secs] [Times: user=0.12 sys=0.01, real=0.01 secs] 
2016-09-24T03:54:20.843-0400: 58.060: [GC (GCLocker Initiated GC) [PSYoungGen: 173321K->59448K(175104K)] 615083K->545459K(699392K), 0.0081904 secs] [Times: user=0.12 sys=0.00, real=0.00 secs] 
2016-09-24T03:54:20.852-0400: 58.068: [Full GC (Ergonomics) [PSYoungGen: 59448K->0K(175104K)] [ParOldGen: 486010K->360113K(524288K)] 545459K->360113K(699392K), [Metaspace: 43915K->43915K(1087488K)], 0.0528007 secs] [Times: user=0.49 sys=0.01, real=0.06 secs] 
2016-09-24T03:54:20.943-0400: 58.159: [GC (GCLocker Initiated GC) [PSYoungGen: 88064K->77671K(175104K)] 451048K->440655K(699392K), 0.0069754 secs] [Times: user=0.09 sys=0.00, real=0.00 secs] 
2016-09-24T03:54:20.989-0400: 58.206: [GC (GCLocker Initiated GC) [PSYoungGen: 165735K->52558K(175104K)] 534798K->436712K(699392K), 0.0102389 secs] [Times: user=0.11 sys=0.00, real=0.01 secs] 
2016-09-24T03:54:21.046-0400: 58.262: [GC (GCLocker Initiated GC) [PSYoungGen: 140622K->49751K(175104K)] 527562K->453853K(699392K), 0.0062440 secs] [Times: user=0.06 sys=0.01, real=0.00 secs] 
2016-09-24T03:54:21.071-0400: 58.288: [GC (GCLocker Initiated GC) [PSYoungGen: 137815K->86774K(175104K)] 542176K->506596K(699392K), 0.0082563 secs] [Times: user=0.13 sys=0.00, real=0.01 secs] 
2016-09-24T03:54:21.135-0400: 58.351: [GC (GCLocker Initiated GC) [PSYoungGen: 174838K->37897K(175104K)] 604299K->495614K(699392K), 0.0121420 secs] [Times: user=0.11 sys=0.00, real=0.01 secs] 
2016-09-24T03:54:21.178-0400: 58.395: [GC (GCLocker Initiated GC) [PSYoungGen: 125961K->72973K(175104K)] 583822K->542714K(699392K), 0.0075637 secs] [Times: user=0.09 sys=0.01, real=0.01 secs] 
2016-09-24T03:54:21.227-0400: 58.443: [GC (GCLocker Initiated GC) [PSYoungGen: 161037K->61157K(175104K)] 637762K->563213K(699392K), 0.0071387 secs] [Times: user=0.09 sys=0.00, real=0.00 secs] 
2016-09-24T03:54:21.234-0400: 58.451: [Full GC (Ergonomics) [PSYoungGen: 61157K->0K(175104K)] [ParOldGen: 502055K->364995K(524288K)] 563213K->364995K(699392K), [Metaspace: 43915K->43915K(1087488K)], 0.0571831 secs] [Times: user=0.43 sys=0.02, real=0.06 secs] 
2016-09-24T03:54:21.333-0400: 58.550: [GC (GCLocker Initiated GC) [PSYoungGen: 88064K->69313K(175104K)] 461165K->442414K(699392K), 0.0076855 secs] [Times: user=0.10 sys=0.00, real=0.01 secs] 
2016-09-24T03:54:21.381-0400: 58.597: [GC (GCLocker Initiated GC) [PSYoungGen: 157377K->57044K(175104K)] 541501K->445161K(699392K), 0.0063145 secs] [Times: user=0.09 sys=0.00, real=0.01 secs] 
2016-09-24T03:54:21.431-0400: 58.648: [GC (GCLocker Initiated GC) [PSYoungGen: 145108K->74203K(175104K)] 534668K->478398K(699392K), 0.0082687 secs] [Times: user=0.13 sys=0.00, real=0.01 secs] 
2016-09-24T03:54:21.476-0400: 58.693: [GC (GCLocker Initiated GC) [PSYoungGen: 162267K->63496K(175104K)] 569310K->510460K(699392K), 0.0081359 secs] [Times: user=0.12 sys=0.00, real=0.01 secs] 
2016-09-24T03:54:21.524-0400: 58.741: [GC (GCLocker Initiated GC) [PSYoungGen: 151560K->51198K(175104K)] 601332K->515394K(699392K), 0.0065748 secs] [Times: user=0.07 sys=0.01, real=0.00 secs] 
2016-09-24T03:54:21.569-0400: 58.786: [GC (GCLocker Initiated GC) [PSYoungGen: 139262K->48731K(175104K)] 603505K->550233K(699392K), 0.0070711 secs] [Times: user=0.10 sys=0.00, real=0.01 secs] 
2016-09-24T03:54:21.577-0400: 58.793: [Full GC (Ergonomics) [PSYoungGen: 48731K->0K(175104K)] [ParOldGen: 501501K->368649K(524288K)] 550233K->368649K(699392K), [Metaspace: 43915K->43915K(1087488K)], 0.0503070 secs] [Times: user=0.44 sys=0.00, real=0.05 secs] 
2016-09-24T03:54:21.661-0400: 58.877: [GC (GCLocker Initiated GC) [PSYoungGen: 88064K->81758K(175104K)] 456806K->450500K(699392K), 0.0073335 secs] [Times: user=0.12 sys=0.00, real=0.01 secs] 
2016-09-24T03:54:21.712-0400: 58.929: [GC (GCLocker Initiated GC) [PSYoungGen: 169822K->63521K(175104K)] 550856K->459643K(699392K), 0.0068418 secs] [Times: user=0.10 sys=0.01, real=0.01 secs] 
2016-09-24T03:54:21.762-0400: 58.979: [GC (GCLocker Initiated GC) [PSYoungGen: 151585K->44497K(175104K)] 549164K->468672K(699392K), 0.0069097 secs] [Times: user=0.08 sys=0.00, real=0.00 secs] 
2016-09-24T03:54:21.797-0400: 59.014: [GC (GCLocker Initiated GC) [PSYoungGen: 132561K->86667K(175104K)] 562278K->534771K(699392K), 0.0080154 secs] [Times: user=0.12 sys=0.00, real=0.01 secs] 
2016-09-24T03:54:21.849-0400: 59.066: [GC (GCLocker Initiated GC) [PSYoungGen: 174731K->67484K(175104K)] 627321K->538745K(699392K), 0.0076706 secs] [Times: user=0.10 sys=0.00, real=0.01 secs] 
2016-09-24T03:54:21.896-0400: 59.113: [GC (GCLocker Initiated GC) [PSYoungGen: 155548K->53988K(175104K)] 630947K->559926K(699392K), 0.0068080 secs] [Times: user=0.10 sys=0.00, real=0.01 secs] 
2016-09-24T03:54:21.903-0400: 59.120: [Full GC (Ergonomics) [PSYoungGen: 53988K->0K(175104K)] [ParOldGen: 505937K->361575K(524288K)] 559926K->361575K(699392K), [Metaspace: 43915K->43915K(1087488K)], 0.0585839 secs] [Times: user=0.59 sys=0.00, real=0.05 secs] 
2016-09-24T03:54:22.002-0400: 59.219: [GC (GCLocker Initiated GC) [PSYoungGen: 88064K->81960K(175104K)] 452435K->446332K(699392K), 0.0083198 secs] [Times: user=0.11 sys=0.01, real=0.01 secs] 
2016-09-24T03:54:22.050-0400: 59.266: [GC (GCLocker Initiated GC) [PSYoungGen: 170024K->77988K(175104K)] 534740K->468742K(699392K), 0.0081971 secs] [Times: user=0.13 sys=0.00, real=0.01 secs] 
2016-09-24T03:54:22.090-0400: 59.307: [GC (GCLocker Initiated GC) [PSYoungGen: 166052K->71420K(175104K)] 565071K->492624K(699392K), 0.0085246 secs] [Times: user=0.07 sys=0.00, real=0.01 secs] 
2016-09-24T03:54:22.144-0400: 59.361: [GC (GCLocker Initiated GC) [PSYoungGen: 159484K->70281K(175104K)] 583396K->522129K(699392K), 0.0079665 secs] [Times: user=0.13 sys=0.00, real=0.00 secs] 
2016-09-24T03:54:22.180-0400: 59.396: [GC (GCLocker Initiated GC) [PSYoungGen: 158345K->85304K(175104K)] 613588K->557715K(699392K), 0.0088557 secs] [Times: user=0.14 sys=0.00, real=0.01 secs] 
2016-09-24T03:54:22.231-0400: 59.448: [GC (GCLocker Initiated GC) [PSYoungGen: 173368K->56464K(175104K)] 653928K->570504K(699392K), 0.0077649 secs] [Times: user=0.10 sys=0.00, real=0.01 secs] 
2016-09-24T03:54:22.239-0400: 59.456: [Full GC (Ergonomics) [PSYoungGen: 56464K->0K(175104K)] [ParOldGen: 514040K->378791K(524288K)] 570504K->378791K(699392K), [Metaspace: 43915K->43915K(1087488K)], 0.0526643 secs] [Times: user=0.48 sys=0.01, real=0.05 secs] 
2016-09-24T03:54:22.325-0400: 59.542: [GC (GCLocker Initiated GC) [PSYoungGen: 88064K->84429K(175104K)] 472483K->468849K(699392K), 0.0075564 secs] [Times: user=0.11 sys=0.00, real=0.00 secs] 
2016-09-24T03:54:22.375-0400: 59.592: [GC (GCLocker Initiated GC) [PSYoungGen: 172493K->72990K(175104K)] 560250K->479883K(699392K), 0.0076960 secs] [Times: user=0.11 sys=0.01, real=0.01 secs] 
2016-09-24T03:54:22.414-0400: 59.631: [GC (GCLocker Initiated GC) [PSYoungGen: 161054K->62389K(175104K)] 572073K->489186K(699392K), 0.0069563 secs] [Times: user=0.10 sys=0.00, real=0.00 secs] 
2016-09-24T03:54:22.460-0400: 59.676: [GC (GCLocker Initiated GC) [PSYoungGen: 150453K->57937K(175104K)] 577577K->511788K(699392K), 0.0081614 secs] [Times: user=0.10 sys=0.00, real=0.01 secs] 
2016-09-24T03:54:22.500-0400: 59.717: [GC (GCLocker Initiated GC) [PSYoungGen: 146001K->45799K(175104K)] 607482K->526925K(699392K), 0.0065641 secs] [Times: user=0.06 sys=0.00, real=0.01 secs] 
2016-09-24T03:54:22.541-0400: 59.758: [Full GC (Ergonomics) [PSYoungGen: 133863K->0K(175104K)] [ParOldGen: 484058K->382628K(524288K)] 617921K->382628K(699392K), [Metaspace: 43915K->43915K(1087488K)], 0.0608711 secs] [Times: user=0.54 sys=0.00, real=0.07 secs] 
2016-09-24T03:54:22.648-0400: 59.864: [GC (GCLocker Initiated GC) [PSYoungGen: 88064K->59901K(175104K)] 473556K->445394K(699392K), 0.0085976 secs] [Times: user=0.14 sys=0.00, real=0.01 secs] 
2016-09-24T03:54:22.695-0400: 59.912: [GC (GCLocker Initiated GC) [PSYoungGen: 147965K->67460K(175104K)] 536275K->480135K(699392K), 0.0078694 secs] [Times: user=0.11 sys=0.00, real=0.01 secs] 
2016-09-24T03:54:22.744-0400: 59.960: [GC (GCLocker Initiated GC) [PSYoungGen: 155524K->62058K(175104K)] 568273K->516138K(699392K), 0.0091439 secs] [Times: user=0.14 sys=0.00, real=0.00 secs] 
2016-09-24T03:54:22.785-0400: 60.002: [GC (GCLocker Initiated GC) [PSYoungGen: 150122K->86722K(175104K)] 608346K->557941K(699392K), 0.0084159 secs] [Times: user=0.15 sys=0.00, real=0.00 secs] 
2016-09-24T03:54:22.836-0400: 60.053: [Full GC (Ergonomics) [PSYoungGen: 174786K->0K(175104K)] [ParOldGen: 479426K->382807K(524288K)] 654213K->382807K(699392K), [Metaspace: 43915K->43915K(1087488K)], 0.0620075 secs] [Times: user=0.59 sys=0.01, real=0.06 secs] 
2016-09-24T03:54:22.943-0400: 60.160: [GC (GCLocker Initiated GC) [PSYoungGen: 88064K->68898K(175104K)] 476587K->457422K(699392K), 0.0057534 secs] [Times: user=0.08 sys=0.00, real=0.00 secs] 
2016-09-24T03:54:22.981-0400: 60.197: [GC (GCLocker Initiated GC) [PSYoungGen: 156962K->86596K(175104K)] 553728K->493777K(699392K), 0.0078542 secs] [Times: user=0.13 sys=0.00, real=0.01 secs] 
2016-09-24T03:54:23.029-0400: 60.246: [GC (GCLocker Initiated GC) [PSYoungGen: 174660K->75302K(175104K)] 586027K->509343K(699392K), 0.0078342 secs] [Times: user=0.12 sys=0.01, real=0.01 secs] 
2016-09-24T03:54:23.080-0400: 60.297: [GC (GCLocker Initiated GC) [PSYoungGen: 163366K->68988K(175104K)] 612470K->521404K(699392K), 0.0075859 secs] [Times: user=0.10 sys=0.00, real=0.01 secs] 
2016-09-24T03:54:23.127-0400: 60.344: [GC (GCLocker Initiated GC) [PSYoungGen: 157052K->59295K(175104K)] 610865K->518056K(699392K), 0.0080863 secs] [Times: user=0.10 sys=0.00, real=0.01 secs] 
2016-09-24T03:54:23.168-0400: 60.384: [GC (GCLocker Initiated GC) [PSYoungGen: 147359K->65858K(175104K)] 614295K->539039K(699392K), 0.0078708 secs] [Times: user=0.09 sys=0.00, real=0.01 secs] 
2016-09-24T03:54:23.217-0400: 60.434: [GC (GCLocker Initiated GC) [PSYoungGen: 153922K->64836K(175104K)] 632551K->554947K(699392K), 0.0095043 secs] [Times: user=0.06 sys=0.00, real=0.01 secs] 
2016-09-24T03:54:23.227-0400: 60.444: [Full GC (Ergonomics) [PSYoungGen: 64836K->0K(175104K)] [ParOldGen: 490110K->387029K(524288K)] 554947K->387029K(699392K), [Metaspace: 43915K->43915K(1087488K)], 0.0645704 secs] [Times: user=0.54 sys=0.01, real=0.06 secs] 
2016-09-24T03:54:23.341-0400: 60.557: [GC (GCLocker Initiated GC) [PSYoungGen: 88064K->54503K(175104K)] 480548K->446988K(699392K), 0.0056401 secs] [Times: user=0.08 sys=0.00, real=0.01 secs] 
2016-09-24T03:54:23.379-0400: 60.596: [GC (GCLocker Initiated GC) [PSYoungGen: 142567K->81221K(175104K)] 537894K->495548K(699392K), 0.0080867 secs] [Times: user=0.12 sys=0.00, real=0.01 secs] 
2016-09-24T03:54:23.430-0400: 60.647: [GC (GCLocker Initiated GC) [PSYoungGen: 169285K->54215K(175104K)] 586330K->507351K(699392K), 0.0091309 secs] [Times: user=0.09 sys=0.01, real=0.01 secs] 
2016-09-24T03:54:23.473-0400: 60.689: [GC (GCLocker Initiated GC) [PSYoungGen: 142279K->63640K(175104K)] 598370K->531613K(699392K), 0.0071370 secs] [Times: user=0.09 sys=0.00, real=0.01 secs] 
2016-09-24T03:54:23.521-0400: 60.737: [GC (GCLocker Initiated GC) [PSYoungGen: 151704K->59685K(175104K)] 622752K->549400K(699392K), 0.0069635 secs] [Times: user=0.10 sys=0.00, real=0.01 secs] 
2016-09-24T03:54:23.528-0400: 60.745: [Full GC (Ergonomics) [PSYoungGen: 59685K->0K(175104K)] [ParOldGen: 489714K->380600K(524288K)] 549400K->380600K(699392K), [Metaspace: 43915K->43915K(1087488K)], 0.0545512 secs] [Times: user=0.54 sys=0.00, real=0.06 secs] 
2016-09-24T03:54:23.612-0400: 60.829: [GC (GCLocker Initiated GC) [PSYoungGen: 88064K->69531K(175104K)] 475470K->456938K(699392K), 0.0119256 secs] [Times: user=0.17 sys=0.00, real=0.02 secs] 
2016-09-24T03:54:23.667-0400: 60.884: [GC (GCLocker Initiated GC) [PSYoungGen: 157595K->70256K(175104K)] 545471K->465087K(699392K), 0.0076512 secs] [Times: user=0.09 sys=0.00, real=0.01 secs] 
2016-09-24T03:54:23.711-0400: 60.927: [GC (GCLocker Initiated GC) [PSYoungGen: 158320K->74319K(175104K)] 557392K->483628K(699392K), 0.0087366 secs] [Times: user=0.14 sys=0.00, real=0.01 secs] 
2016-09-24T03:54:23.756-0400: 60.973: [GC (GCLocker Initiated GC) [PSYoungGen: 162383K->59461K(175104K)] 577251K->492802K(699392K), 0.0069961 secs] [Times: user=0.08 sys=0.00, real=0.01 secs] 
2016-09-24T03:54:23.807-0400: 61.023: [GC (GCLocker Initiated GC) [PSYoungGen: 147525K->58015K(175104K)] 593112K->536933K(699392K), 0.0075290 secs] [Times: user=0.13 sys=0.01, real=0.01 secs] 
2016-09-24T03:54:23.864-0400: 61.081: [Full GC (Ergonomics) [PSYoungGen: 146079K->0K(175104K)] [ParOldGen: 487058K->380280K(524288K)] 633137K->380280K(699392K), [Metaspace: 43915K->43915K(1087488K)], 0.0611404 secs] [Times: user=0.51 sys=0.01, real=0.06 secs] 
2016-09-24T03:54:23.952-0400: 61.169: [GC (GCLocker Initiated GC) [PSYoungGen: 85698K->83019K(175104K)] 468678K->466000K(699392K), 0.0076571 secs] [Times: user=0.14 sys=0.00, real=0.01 secs] 
2016-09-24T03:54:24.011-0400: 61.228: [GC (GCLocker Initiated GC) [PSYoungGen: 171083K->49924K(175104K)] 559943K->460541K(699392K), 0.0097467 secs] [Times: user=0.14 sys=0.00, real=0.01 secs] 
2016-09-24T03:54:24.054-0400: 61.271: [GC (GCLocker Initiated GC) [PSYoungGen: 137988K->83723K(175104K)] 548701K->508828K(699392K), 0.0074500 secs] [Times: user=0.10 sys=0.00, real=0.00 secs] 
2016-09-24T03:54:24.102-0400: 61.318: [GC (GCLocker Initiated GC) [PSYoungGen: 171787K->55355K(175104K)] 599739K->525994K(699392K), 0.0076197 secs] [Times: user=0.11 sys=0.00, real=0.01 secs] 
2016-09-24T03:54:24.154-0400: 61.371: [GC (GCLocker Initiated GC) [PSYoungGen: 143419K->56869K(175104K)] 618271K->540736K(699392K), 0.0065230 secs] [Times: user=0.08 sys=0.00, real=0.00 secs] 
2016-09-24T03:54:24.161-0400: 61.378: [Full GC (Ergonomics) [PSYoungGen: 56869K->0K(175104K)] [ParOldGen: 483866K->391257K(524288K)] 540736K->391257K(699392K), [Metaspace: 43915K->43915K(1087488K)], 0.0679641 secs] [Times: user=0.67 sys=0.01, real=0.07 secs] 
2016-09-24T03:54:24.267-0400: 61.483: [GC (GCLocker Initiated GC) [PSYoungGen: 88064K->81439K(175104K)] 482046K->475421K(699392K), 0.0065930 secs] [Times: user=0.09 sys=0.00, real=0.00 secs] 
2016-09-24T03:54:24.316-0400: 61.533: [GC (GCLocker Initiated GC) [PSYoungGen: 169503K->59503K(175104K)] 570746K->468796K(699392K), 0.0063330 secs] [Times: user=0.07 sys=0.00, real=0.01 secs] 
2016-09-24T03:54:24.365-0400: 61.581: [GC (GCLocker Initiated GC) [PSYoungGen: 147567K->44493K(175104K)] 565192K->492959K(699392K), 0.0069260 secs] [Times: user=0.10 sys=0.00, real=0.00 secs] 
2016-09-24T03:54:24.411-0400: 61.628: [GC (GCLocker Initiated GC) [PSYoungGen: 132557K->56776K(175104K)] 589218K->525130K(699392K), 0.0076627 secs] [Times: user=0.10 sys=0.00, real=0.01 secs] 
2016-09-24T03:54:24.460-0400: 61.676: [GC (GCLocker Initiated GC) [PSYoungGen: 144840K->72956K(175104K)] 617362K->566702K(699392K), 0.0078822 secs] [Times: user=0.11 sys=0.00, real=0.01 secs] 
2016-09-24T03:54:24.468-0400: 61.684: [Full GC (Ergonomics) [PSYoungGen: 72956K->0K(175104K)] [ParOldGen: 493745K->378347K(524288K)] 566702K->378347K(699392K), [Metaspace: 43915K->43915K(1087488K)], 0.0777984 secs] [Times: user=0.80 sys=0.01, real=0.08 secs] 
2016-09-24T03:54:24.585-0400: 61.802: [GC (GCLocker Initiated GC) [PSYoungGen: 88064K->48905K(175104K)] 466519K->427360K(699392K), 0.0068252 secs] [Times: user=0.06 sys=0.00, real=0.00 secs] 
2016-09-24T03:54:24.633-0400: 61.850: [GC (GCLocker Initiated GC) [PSYoungGen: 136969K->51452K(175104K)] 519345K->471602K(699392K), 0.0071790 secs] [Times: user=0.08 sys=0.00, real=0.01 secs] 
2016-09-24T03:54:24.679-0400: 61.896: [GC (GCLocker Initiated GC) [PSYoungGen: 139516K->46035K(175104K)] 566538K->498444K(699392K), 0.0061025 secs] [Times: user=0.07 sys=0.00, real=0.01 secs] 
2016-09-24T03:54:24.727-0400: 61.943: [GC (GCLocker Initiated GC) [PSYoungGen: 134099K->43203K(175104K)] 592099K->537457K(699392K), 0.0074835 secs] [Times: user=0.11 sys=0.00, real=0.01 secs] 
2016-09-24T03:54:24.734-0400: 61.951: [Full GC (Ergonomics) [PSYoungGen: 43203K->0K(175104K)] [ParOldGen: 494253K->378207K(524288K)] 537457K->378207K(699392K), [Metaspace: 43915K->43915K(1087488K)], 0.0460501 secs] [Times: user=0.35 sys=0.01, real=0.04 secs] 
2016-09-24T03:54:24.814-0400: 62.031: [GC (GCLocker Initiated GC) [PSYoungGen: 88064K->79207K(175104K)] 470512K->461656K(699392K), 0.0076331 secs] [Times: user=0.07 sys=0.01, real=0.01 secs] 
2016-09-24T03:54:24.868-0400: 62.084: [GC (GCLocker Initiated GC) [PSYoungGen: 167271K->56698K(175104K)] 557906K->480059K(699392K), 0.0086639 secs] [Times: user=0.10 sys=0.00, real=0.01 secs] 
2016-09-24T03:54:24.914-0400: 62.131: [GC (GCLocker Initiated GC) [PSYoungGen: 144762K->54080K(175104K)] 568230K->486604K(699392K), 0.0067936 secs] [Times: user=0.07 sys=0.00, real=0.00 secs] 
2016-09-24T03:54:24.957-0400: 62.174: [GC (GCLocker Initiated GC) [PSYoungGen: 142144K->62064K(175104K)] 577778K->514957K(699392K), 0.0072642 secs] [Times: user=0.06 sys=0.00, real=0.01 secs] 
2016-09-24T03:54:25.003-0400: 62.219: [GC (GCLocker Initiated GC) [PSYoungGen: 150128K->72940K(175104K)] 603142K->537720K(699392K), 0.0073346 secs] [Times: user=0.11 sys=0.00, real=0.00 secs] 
2016-09-24T03:54:25.045-0400: 62.261: [GC (GCLocker Initiated GC) [PSYoungGen: 161004K->59623K(175104K)] 631350K->570034K(699392K), 0.0074000 secs] [Times: user=0.12 sys=0.00, real=0.00 secs] 
2016-09-24T03:54:25.052-0400: 62.269: [Full GC (Ergonomics) [PSYoungGen: 59623K->0K(175104K)] [ParOldGen: 510410K->385211K(524288K)] 570034K->385211K(699392K), [Metaspace: 43915K->43915K(1087488K)], 0.0690231 secs] [Times: user=0.70 sys=0.01, real=0.07 secs] 
2016-09-24T03:54:25.170-0400: 62.386: [GC (GCLocker Initiated GC) [PSYoungGen: 88064K->55927K(174080K)] 477589K->445452K(698368K), 0.0100525 secs] [Times: user=0.13 sys=0.00, real=0.01 secs] 
2016-09-24T03:54:25.216-0400: 62.432: [GC (GCLocker Initiated GC) [PSYoungGen: 143991K->74395K(174592K)] 539161K->469565K(698880K), 0.0168313 secs] [Times: user=0.22 sys=0.00, real=0.01 secs] 
2016-09-24T03:54:25.273-0400: 62.490: [GC (GCLocker Initiated GC) [PSYoungGen: 162459K->85103K(175104K)] 560403K->503090K(699392K), 0.0091881 secs] [Times: user=0.12 sys=0.01, real=0.02 secs] 
2016-09-24T03:54:25.330-0400: 62.546: [GC (GCLocker Initiated GC) [PSYoungGen: 173167K->59533K(175104K)] 600692K->514969K(699392K), 0.0076514 secs] [Times: user=0.10 sys=0.01, real=0.01 secs] 
2016-09-24T03:54:25.366-0400: 62.583: [GC (GCLocker Initiated GC) [PSYoungGen: 147597K->82545K(175104K)] 603119K->548572K(699392K), 0.0083766 secs] [Times: user=0.10 sys=0.00, real=0.01 secs] 
2016-09-24T03:54:25.419-0400: 62.636: [GC (Allocation Failure) [PSYoungGen: 170609K->47225K(175104K)] 642202K->556353K(699392K), 0.0067619 secs] [Times: user=0.10 sys=0.00, real=0.01 secs] 
2016-09-24T03:54:25.426-0400: 62.643: [Full GC (Ergonomics) [PSYoungGen: 47225K->0K(175104K)] [ParOldGen: 509128K->386520K(524288K)] 556353K->386520K(699392K), [Metaspace: 43915K->43915K(1087488K)], 0.0560859 secs] [Times: user=0.52 sys=0.02, real=0.06 secs] 
2016-09-24T03:54:25.511-0400: 62.728: [GC (GCLocker Initiated GC) [PSYoungGen: 88064K->82900K(175104K)] 474590K->469427K(699392K), 0.0093796 secs] [Times: user=0.09 sys=0.00, real=0.01 secs] 
2016-09-24T03:54:25.571-0400: 62.788: [GC (GCLocker Initiated GC) [PSYoungGen: 170964K->59482K(175104K)] 564378K->477326K(699392K), 0.0133720 secs] [Times: user=0.20 sys=0.01, real=0.02 secs] 
2016-09-24T03:54:25.621-0400: 62.838: [GC (GCLocker Initiated GC) [PSYoungGen: 147546K->59664K(175104K)] 565514K->496159K(699392K), 0.0096644 secs] [Times: user=0.11 sys=0.01, real=0.01 secs] 
2016-09-24T03:54:25.671-0400: 62.888: [GC (GCLocker Initiated GC) [PSYoungGen: 147728K->69322K(175104K)] 587057K->534213K(699392K), 0.0074688 secs] [Times: user=0.10 sys=0.00, real=0.01 secs] 
2016-09-24T03:54:25.721-0400: 62.938: [GC (GCLocker Initiated GC) [PSYoungGen: 157386K->69298K(175104K)] 628569K->572857K(699392K), 0.0084602 secs] [Times: user=0.13 sys=0.00, real=0.01 secs] 
2016-09-24T03:54:25.730-0400: 62.947: [Full GC (Ergonomics) [PSYoungGen: 69298K->0K(175104K)] [ParOldGen: 503559K->351895K(524288K)] 572857K->351895K(699392K), [Metaspace: 43915K->43915K(1087488K)], 0.0616665 secs] [Times: user=0.65 sys=0.00, real=0.06 secs] 
2016-09-24T03:54:25.833-0400: 63.049: [GC (GCLocker Initiated GC) [PSYoungGen: 88064K->83180K(175104K)] 444068K->439185K(699392K), 0.0064878 secs] [Times: user=0.10 sys=0.00, real=0.01 secs] 
2016-09-24T03:54:25.877-0400: 63.094: [GC (GCLocker Initiated GC) [PSYoungGen: 171244K->62224K(175104K)] 528680K->441634K(699392K), 0.0099337 secs] [Times: user=0.13 sys=0.01, real=0.01 secs] 
2016-09-24T03:54:25.924-0400: 63.141: [GC (GCLocker Initiated GC) [PSYoungGen: 150288K->58127K(175104K)] 535114K->458833K(699392K), 0.0070518 secs] [Times: user=0.10 sys=0.01, real=0.00 secs] 
2016-09-24T03:54:25.964-0400: 63.181: [GC (GCLocker Initiated GC) [PSYoungGen: 146191K->85315K(175104K)] 549659K->497842K(699392K), 0.0073181 secs] [Times: user=0.13 sys=0.00, real=0.00 secs] 
2016-09-24T03:54:26.020-0400: 63.236: [GC (GCLocker Initiated GC) [PSYoungGen: 173379K->70317K(175104K)] 588838K->505815K(699392K), 0.0076641 secs] [Times: user=0.12 sys=0.00, real=0.01 secs] 
2016-09-24T03:54:26.071-0400: 63.288: [GC (GCLocker Initiated GC) [PSYoungGen: 158381K->54244K(175104K)] 598433K->515549K(699392K), 0.0071033 secs] [Times: user=0.11 sys=0.00, real=0.01 secs] 
2016-09-24T03:54:26.109-0400: 63.325: [GC (GCLocker Initiated GC) [PSYoungGen: 142308K->82793K(175104K)] 611883K->565592K(699392K), 0.0074388 secs] [Times: user=0.10 sys=0.00, real=0.01 secs] 
2016-09-24T03:54:26.163-0400: 63.379: [Full GC (Ergonomics) [PSYoungGen: 170857K->0K(175104K)] [ParOldGen: 490968K->359371K(524288K)] 661826K->359371K(699392K), [Metaspace: 43915K->43915K(1087488K)], 0.0556074 secs] [Times: user=0.52 sys=0.00, real=0.05 secs] 
2016-09-24T03:54:26.260-0400: 63.476: [GC (GCLocker Initiated GC) [PSYoungGen: 88064K->81635K(175104K)] 453021K->446592K(699392K), 0.0071982 secs] [Times: user=0.11 sys=0.00, real=0.01 secs] 
2016-09-24T03:54:26.308-0400: 63.525: [GC (GCLocker Initiated GC) [PSYoungGen: 169699K->81246K(175104K)] 535072K->458916K(699392K), 0.0079415 secs] [Times: user=0.12 sys=0.00, real=0.01 secs] 
2016-09-24T03:54:26.363-0400: 63.580: [GC (GCLocker Initiated GC) [PSYoungGen: 169310K->39056K(175104K)] 555141K->440781K(699392K), 0.0075531 secs] [Times: user=0.08 sys=0.00, real=0.00 secs] 
2016-09-24T03:54:26.409-0400: 63.626: [GC (GCLocker Initiated GC) [PSYoungGen: 127120K->44818K(175104K)] 539793K->474578K(699392K), 0.0064843 secs] [Times: user=0.09 sys=0.00, real=0.01 secs] 
2016-09-24T03:54:26.467-0400: 63.683: [GC (GCLocker Initiated GC) [PSYoungGen: 132882K->82340K(175104K)] 570951K->527091K(699392K), 0.0099604 secs] [Times: user=0.14 sys=0.00, real=0.01 secs] 
2016-09-24T03:54:26.528-0400: 63.745: [GC (GCLocker Initiated GC) [PSYoungGen: 170404K->47335K(175104K)] 618460K->503037K(699392K), 0.0062646 secs] [Times: user=0.07 sys=0.00, real=0.01 secs] 
2016-09-24T03:54:26.573-0400: 63.789: [GC (GCLocker Initiated GC) [PSYoungGen: 135399K->50197K(175104K)] 596541K->536654K(699392K), 0.0070595 secs] [Times: user=0.09 sys=0.00, real=0.01 secs] 
2016-09-24T03:54:26.623-0400: 63.840: [Full GC (Ergonomics) [PSYoungGen: 138261K->0K(175104K)] [ParOldGen: 491901K->360353K(524288K)] 630162K->360353K(699392K), [Metaspace: 43915K->43915K(1087488K)], 0.0536777 secs] [Times: user=0.46 sys=0.01, real=0.05 secs] 
2016-09-24T03:54:26.721-0400: 63.938: [GC (GCLocker Initiated GC) [PSYoungGen: 88064K->57035K(175104K)] 448435K->417406K(699392K), 0.0097606 secs] [Times: user=0.13 sys=0.00, real=0.01 secs] 
2016-09-24T03:54:26.770-0400: 63.986: [GC (GCLocker Initiated GC) [PSYoungGen: 145099K->70532K(175104K)] 513633K->444396K(699392K), 0.0068329 secs] [Times: user=0.09 sys=0.00, real=0.01 secs] 
2016-09-24T03:54:26.827-0400: 64.044: [GC (GCLocker Initiated GC) [PSYoungGen: 158596K->50110K(175104K)] 543287K->445493K(699392K), 0.0089221 secs] [Times: user=0.11 sys=0.01, real=0.01 secs] 
2016-09-24T03:54:26.872-0400: 64.089: [GC (GCLocker Initiated GC) [PSYoungGen: 138174K->63318K(175104K)] 533819K->462669K(699392K), 0.0071020 secs] [Times: user=0.09 sys=0.00, real=0.01 secs] 
2016-09-24T03:54:26.925-0400: 64.142: [GC (GCLocker Initiated GC) [PSYoungGen: 151382K->62170K(175104K)] 553691K->495049K(699392K), 0.0070351 secs] [Times: user=0.11 sys=0.01, real=0.00 secs] 
2016-09-24T03:54:26.974-0400: 64.190: [GC (GCLocker Initiated GC) [PSYoungGen: 150234K->49991K(175104K)] 583328K->511026K(699392K), 0.0069745 secs] [Times: user=0.11 sys=0.00, real=0.01 secs] 
2016-09-24T03:54:27.026-0400: 64.243: [GC (GCLocker Initiated GC) [PSYoungGen: 138055K->71912K(175104K)] 609922K->566302K(699392K), 0.0079098 secs] [Times: user=0.11 sys=0.01, real=0.01 secs] 
2016-09-24T03:54:27.034-0400: 64.251: [Full GC (Ergonomics) [PSYoungGen: 71912K->0K(175104K)] [ParOldGen: 494390K->371052K(524288K)] 566302K->371052K(699392K), [Metaspace: 43915K->43915K(1087488K)], 0.0670937 secs] [Times: user=0.55 sys=0.01, real=0.06 secs] 
2016-09-24T03:54:27.149-0400: 64.365: [GC (GCLocker Initiated GC) [PSYoungGen: 88064K->51438K(175104K)] 460728K->424103K(699392K), 0.0177380 secs] [Times: user=0.22 sys=0.01, real=0.02 secs] 
2016-09-24T03:54:27.208-0400: 64.425: [GC (GCLocker Initiated GC) [PSYoungGen: 139502K->74072K(175104K)] 513733K->455019K(699392K), 0.0083668 secs] [Times: user=0.11 sys=0.00, real=0.01 secs] 
2016-09-24T03:54:27.248-0400: 64.465: [GC (GCLocker Initiated GC) [PSYoungGen: 162136K->75846K(175104K)] 543147K->476485K(699392K), 0.0078910 secs] [Times: user=0.11 sys=0.00, real=0.01 secs] 
2016-09-24T03:54:27.298-0400: 64.515: [GC (GCLocker Initiated GC) [PSYoungGen: 163910K->69169K(175104K)] 566043K->498036K(699392K), 0.0117809 secs] [Times: user=0.17 sys=0.00, real=0.01 secs] 
2016-09-24T03:54:27.353-0400: 64.569: [GC (GCLocker Initiated GC) [PSYoungGen: 157233K->54238K(175104K)] 588893K->522194K(699392K), 0.0079313 secs] [Times: user=0.14 sys=0.00, real=0.01 secs] 
2016-09-24T03:54:27.393-0400: 64.609: [GC (GCLocker Initiated GC) [PSYoungGen: 142302K->82698K(175104K)] 610386K->570783K(699392K), 0.0107934 secs] [Times: user=0.17 sys=0.00, real=0.02 secs] 
2016-09-24T03:54:27.404-0400: 64.620: [Full GC (Ergonomics) [PSYoungGen: 82698K->0K(175104K)] [ParOldGen: 488084K->377726K(524288K)] 570783K->377726K(699392K), [Metaspace: 43915K->43915K(1087488K)], 0.0501772 secs] [Times: user=0.50 sys=0.01, real=0.04 secs] 
2016-09-24T03:54:27.502-0400: 64.719: [GC (GCLocker Initiated GC) [PSYoungGen: 88064K->43636K(175104K)] 468519K->424092K(699392K), 0.0048015 secs] [Times: user=0.07 sys=0.00, real=0.01 secs] 
2016-09-24T03:54:27.535-0400: 64.751: [GC (GCLocker Initiated GC) [PSYoungGen: 131700K->83979K(175104K)] 520343K->480762K(699392K), 0.0081208 secs] [Times: user=0.10 sys=0.00, real=0.01 secs] 
2016-09-24T03:54:27.589-0400: 64.806: [GC (GCLocker Initiated GC) [PSYoungGen: 172043K->59617K(175104K)] 579685K->476432K(699392K), 0.0069678 secs] [Times: user=0.10 sys=0.00, real=0.01 secs] 
2016-09-24T03:54:27.638-0400: 64.855: [GC (GCLocker Initiated GC) [PSYoungGen: 147681K->55297K(175104K)] 565678K->494636K(699392K), 0.0068484 secs] [Times: user=0.08 sys=0.01, real=0.01 secs] 
2016-09-24T03:54:27.688-0400: 64.905: [GC (GCLocker Initiated GC) [PSYoungGen: 143361K->78420K(175104K)] 582750K->541609K(699392K), 0.0090922 secs] [Times: user=0.13 sys=0.00, real=0.01 secs] 
2016-09-24T03:54:27.734-0400: 64.950: [GC (GCLocker Initiated GC) [PSYoungGen: 166484K->65148K(175104K)] 632626K->562068K(699392K), 0.0142302 secs] [Times: user=0.19 sys=0.00, real=0.02 secs] 
2016-09-24T03:54:27.748-0400: 64.965: [Full GC (Ergonomics) [PSYoungGen: 65148K->0K(175104K)] [ParOldGen: 496919K->384477K(524288K)] 562068K->384477K(699392K), [Metaspace: 43959K->43959K(1087488K)], 0.0586732 secs] [Times: user=0.58 sys=0.00, real=0.06 secs] 
2016-09-24T03:54:27.851-0400: 65.068: [GC (GCLocker Initiated GC) [PSYoungGen: 88064K->77518K(175104K)] 472608K->462062K(699392K), 0.0071583 secs] [Times: user=0.10 sys=0.00, real=0.01 secs] 
2016-09-24T03:54:27.896-0400: 65.113: [GC (GCLocker Initiated GC) [PSYoungGen: 165582K->65200K(175104K)] 553000K->477026K(699392K), 0.0068016 secs] [Times: user=0.10 sys=0.01, real=0.01 secs] 
2016-09-24T03:54:27.942-0400: 65.158: [GC (GCLocker Initiated GC) [PSYoungGen: 153264K->66155K(175104K)] 565168K->510447K(699392K), 0.0077122 secs] [Times: user=0.10 sys=0.01, real=0.01 secs] 
2016-09-24T03:54:27.989-0400: 65.206: [GC (GCLocker Initiated GC) [PSYoungGen: 154219K->66382K(175104K)] 608078K->541374K(699392K), 0.0073114 secs] [Times: user=0.12 sys=0.00, real=0.01 secs] 
2016-09-24T03:54:28.031-0400: 65.248: [GC (GCLocker Initiated GC) [PSYoungGen: 154446K->66325K(175104K)] 632218K->554624K(699392K), 0.0062695 secs] [Times: user=0.07 sys=0.00, real=0.01 secs] 
2016-09-24T03:54:28.037-0400: 65.254: [Full GC (Ergonomics) [PSYoungGen: 66325K->0K(175104K)] [ParOldGen: 488299K->376809K(524288K)] 554624K->376809K(699392K), [Metaspace: 43959K->43959K(1087488K)], 0.0511000 secs] [Times: user=0.43 sys=0.00, real=0.05 secs] 
2016-09-24T03:54:28.129-0400: 65.346: [GC (GCLocker Initiated GC) [PSYoungGen: 88064K->80297K(175104K)] 467735K->459969K(699392K), 0.0075315 secs] [Times: user=0.11 sys=0.00, real=0.01 secs] 
2016-09-24T03:54:28.177-0400: 65.394: [GC (GCLocker Initiated GC) [PSYoungGen: 168361K->65107K(175104K)] 554832K->474718K(699392K), 0.0074866 secs] [Times: user=0.11 sys=0.00, real=0.01 secs] 
2016-09-24T03:54:28.221-0400: 65.437: [GC (GCLocker Initiated GC) [PSYoungGen: 153171K->56770K(175104K)] 568247K->494643K(699392K), 0.0067299 secs] [Times: user=0.09 sys=0.00, real=0.01 secs] 
2016-09-24T03:54:28.266-0400: 65.483: [GC (GCLocker Initiated GC) [PSYoungGen: 144834K->67607K(174080K)] 582781K->517394K(698368K), 0.0104378 secs] [Times: user=0.13 sys=0.00, real=0.01 secs] 
2016-09-24T03:54:28.314-0400: 65.531: [GC (GCLocker Initiated GC) [PSYoungGen: 155671K->54135K(174592K)] 605544K->548238K(698880K), 0.0072822 secs] [Times: user=0.11 sys=0.00, real=0.00 secs] 
2016-09-24T03:54:28.322-0400: 65.539: [Full GC (Ergonomics) [PSYoungGen: 54135K->0K(174592K)] [ParOldGen: 494102K->377202K(524288K)] 548238K->377202K(698880K), [Metaspace: 43959K->43959K(1087488K)], 0.0592149 secs] [Times: user=0.59 sys=0.01, real=0.06 secs] 
2016-09-24T03:54:28.419-0400: 65.636: [GC (GCLocker Initiated GC) [PSYoungGen: 88064K->83315K(174592K)] 472071K->467322K(698880K), 0.0075664 secs] [Times: user=0.12 sys=0.00, real=0.01 secs] 
2016-09-24T03:54:28.477-0400: 65.694: [GC (GCLocker Initiated GC) [PSYoungGen: 171379K->32313K(175104K)] 561102K->453503K(699392K), 0.0065283 secs] [Times: user=0.08 sys=0.00, real=0.01 secs] 
2016-09-24T03:54:28.519-0400: 65.735: [GC (GCLocker Initiated GC) [PSYoungGen: 120377K->66222K(175104K)] 547081K->503224K(699392K), 0.0074098 secs] [Times: user=0.08 sys=0.00, real=0.01 secs] 
2016-09-24T03:54:28.558-0400: 65.775: [GC (GCLocker Initiated GC) [PSYoungGen: 154286K->63458K(175104K)] 595490K->539330K(699392K), 0.0081512 secs] [Times: user=0.09 sys=0.01, real=0.01 secs] 
2016-09-24T03:54:28.566-0400: 65.783: [Full GC (Ergonomics) [PSYoungGen: 63458K->0K(175104K)] [ParOldGen: 475872K->390592K(524288K)] 539330K->390592K(699392K), [Metaspace: 43960K->43960K(1087488K)], 0.0543020 secs] [Times: user=0.53 sys=0.02, real=0.05 secs] 
2016-09-24T03:54:28.670-0400: 65.887: [GC (GCLocker Initiated GC) [PSYoungGen: 88064K->56940K(175104K)] 484069K->452946K(699392K), 0.0057319 secs] [Times: user=0.09 sys=0.01, real=0.01 secs] 
2016-09-24T03:54:28.726-0400: 65.942: [GC (GCLocker Initiated GC) [PSYoungGen: 145004K->32600K(175104K)] 554698K->448835K(699392K), 0.0068354 secs] [Times: user=0.07 sys=0.00, real=0.00 secs] 
2016-09-24T03:54:28.769-0400: 65.986: [GC (GCLocker Initiated GC) [PSYoungGen: 120664K->59092K(175104K)] 536965K->492687K(699392K), 0.0070937 secs] [Times: user=0.08 sys=0.00, real=0.01 secs] 
2016-09-24T03:54:28.805-0400: 66.022: [GC (GCLocker Initiated GC) [PSYoungGen: 147156K->85101K(175104K)] 583608K->538403K(699392K), 0.0080501 secs] [Times: user=0.12 sys=0.00, real=0.00 secs] 
2016-09-24T03:54:28.855-0400: 66.072: [GC (GCLocker Initiated GC) [PSYoungGen: 173165K->60774K(175104K)] 629209K->554226K(699392K), 0.0080201 secs] [Times: user=0.11 sys=0.00, real=0.01 secs] 
2016-09-24T03:54:28.864-0400: 66.080: [Full GC (Ergonomics) [PSYoungGen: 60774K->0K(175104K)] [ParOldGen: 493451K->387842K(524288K)] 554226K->387842K(699392K), [Metaspace: 43972K->43972K(1087488K)], 0.0554868 secs] [Times: user=0.50 sys=0.01, real=0.05 secs] 
2016-09-24T03:54:28.954-0400: 66.170: [GC (GCLocker Initiated GC) [PSYoungGen: 88064K->69271K(175104K)] 475966K->457173K(699392K), 0.0104242 secs] [Times: user=0.12 sys=0.00, real=0.02 secs] 
2016-09-24T03:54:28.999-0400: 66.216: [GC (GCLocker Initiated GC) [PSYoungGen: 157335K->60642K(175104K)] 545413K->483834K(699392K), 0.0090287 secs] [Times: user=0.12 sys=0.00, real=0.01 secs] 
2016-09-24T03:54:29.049-0400: 66.266: [GC (GCLocker Initiated GC) [PSYoungGen: 148706K->50092K(175104K)] 577522K->501229K(699392K), 0.0081358 secs] [Times: user=0.08 sys=0.00, real=0.01 secs] 
2016-09-24T03:54:29.098-0400: 66.315: [GC (GCLocker Initiated GC) [PSYoungGen: 138156K->72962K(175104K)] 594837K->542909K(699392K), 0.0072270 secs] [Times: user=0.11 sys=0.01, real=0.01 secs] 
2016-09-24T03:54:29.160-0400: 66.377: [GC (GCLocker Initiated GC) [PSYoungGen: 161026K->64786K(175104K)] 633711K->559971K(699392K), 0.0081181 secs] [Times: user=0.11 sys=0.00, real=0.01 secs] 
2016-09-24T03:54:29.168-0400: 66.385: [Full GC (Ergonomics) [PSYoungGen: 64786K->0K(175104K)] [ParOldGen: 495184K->382672K(524288K)] 559971K->382672K(699392K), [Metaspace: 43972K->43972K(1087488K)], 0.0622525 secs] [Times: user=0.59 sys=0.00, real=0.06 secs] 
2016-09-24T03:54:29.265-0400: 66.482: [GC (GCLocker Initiated GC) [PSYoungGen: 88064K->73130K(175104K)] 470819K->455886K(699392K), 0.0134128 secs] [Times: user=0.17 sys=0.00, real=0.01 secs] 
2016-09-24T03:54:29.316-0400: 66.532: [GC (GCLocker Initiated GC) [PSYoungGen: 161194K->67505K(175104K)] 555000K->489451K(699392K), 0.0117657 secs] [Times: user=0.14 sys=0.01, real=0.01 secs] 
2016-09-24T03:54:29.372-0400: 66.589: [GC (GCLocker Initiated GC) [PSYoungGen: 155569K->56713K(175104K)] 591299K->516196K(699392K), 0.0097054 secs] [Times: user=0.16 sys=0.00, real=0.02 secs] 
2016-09-24T03:54:29.419-0400: 66.636: [GC (GCLocker Initiated GC) [PSYoungGen: 144777K->80232K(175104K)] 609860K->545315K(699392K), 0.0070592 secs] [Times: user=0.11 sys=0.00, real=0.01 secs] 
2016-09-24T03:54:29.456-0400: 66.673: [GC (GCLocker Initiated GC) [PSYoungGen: 168296K->60541K(175104K)] 633468K->546085K(699392K), 0.0074749 secs] [Times: user=0.10 sys=0.01, real=0.01 secs] 
2016-09-24T03:54:29.464-0400: 66.681: [Full GC (Ergonomics) [PSYoungGen: 60541K->0K(175104K)] [ParOldGen: 485544K->390635K(524288K)] 546085K->390635K(699392K), [Metaspace: 43972K->43972K(1087488K)], 0.0591202 secs] [Times: user=0.63 sys=0.00, real=0.06 secs] 
2016-09-24T03:54:29.569-0400: 66.786: [GC (GCLocker Initiated GC) [PSYoungGen: 88064K->70772K(175104K)] 487781K->470490K(699392K), 0.0108212 secs] [Times: user=0.16 sys=0.01, real=0.01 secs] 
2016-09-24T03:54:29.626-0400: 66.843: [GC (GCLocker Initiated GC) [PSYoungGen: 158836K->44469K(175104K)] 562664K->480869K(699392K), 0.0075140 secs] [Times: user=0.12 sys=0.00, real=0.00 secs] 
2016-09-24T03:54:29.661-0400: 66.878: [GC (GCLocker Initiated GC) [PSYoungGen: 132533K->86545K(175104K)] 571831K->536130K(699392K), 0.0079657 secs] [Times: user=0.11 sys=0.01, real=0.01 secs] 
2016-09-24T03:54:29.715-0400: 66.932: [GC (GCLocker Initiated GC) [PSYoungGen: 174609K->67306K(175104K)] 625628K->540919K(699392K), 0.0083290 secs] [Times: user=0.14 sys=0.00, real=0.01 secs] 
2016-09-24T03:54:29.755-0400: 66.972: [GC (GCLocker Initiated GC) [PSYoungGen: 155370K->75561K(175104K)] 629090K->574254K(699392K), 0.0085290 secs] [Times: user=0.12 sys=0.00, real=0.01 secs] 
2016-09-24T03:54:29.764-0400: 66.980: [Full GC (Ergonomics) [PSYoungGen: 75561K->0K(175104K)] [ParOldGen: 498692K->398839K(524288K)] 574254K->398839K(699392K), [Metaspace: 43972K->43972K(1087488K)], 0.0553981 secs] [Times: user=0.52 sys=0.00, real=0.05 secs] 
2016-09-24T03:54:29.855-0400: 67.071: [GC (GCLocker Initiated GC) [PSYoungGen: 88064K->74589K(175104K)] 489681K->476207K(699392K), 0.0083058 secs] [Times: user=0.14 sys=0.01, real=0.01 secs] 
2016-09-24T03:54:29.904-0400: 67.121: [GC (GCLocker Initiated GC) [PSYoungGen: 162653K->78333K(175104K)] 569840K->500257K(699392K), 0.0078866 secs] [Times: user=0.13 sys=0.00, real=0.00 secs] 
2016-09-24T03:54:29.951-0400: 67.167: [GC (GCLocker Initiated GC) [PSYoungGen: 166397K->41545K(175104K)] 588368K->492729K(699392K), 0.0074146 secs] [Times: user=0.07 sys=0.00, real=0.01 secs] 
2016-09-24T03:54:29.990-0400: 67.207: [GC (GCLocker Initiated GC) [PSYoungGen: 129609K->75623K(175104K)] 586284K->547921K(699392K), 0.0092378 secs] [Times: user=0.11 sys=0.00, real=0.01 secs] 
2016-09-24T03:54:30.039-0400: 67.256: [GC (GCLocker Initiated GC) [PSYoungGen: 163687K->66048K(175104K)] 638900K->563726K(699392K), 0.0081866 secs] [Times: user=0.10 sys=0.00, real=0.01 secs] 
2016-09-24T03:54:30.047-0400: 67.264: [Full GC (Ergonomics) [PSYoungGen: 66048K->0K(175104K)] [ParOldGen: 497678K->398550K(524288K)] 563726K->398550K(699392K), [Metaspace: 43972K->43972K(1087488K)], 0.0570485 secs] [Times: user=0.63 sys=0.01, real=0.06 secs] 
2016-09-24T03:54:30.142-0400: 67.359: [GC (GCLocker Initiated GC) [PSYoungGen: 88064K->72718K(175104K)] 486754K->471409K(699392K), 0.0071338 secs] [Times: user=0.11 sys=0.00, real=0.00 secs] 
2016-09-24T03:54:30.178-0400: 67.395: [GC (GCLocker Initiated GC) [PSYoungGen: 160782K->79606K(175104K)] 565130K->504944K(699392K), 0.0089043 secs] [Times: user=0.13 sys=0.00, real=0.01 secs] 
2016-09-24T03:54:30.229-0400: 67.445: [GC (GCLocker Initiated GC) [PSYoungGen: 167670K->64753K(175104K)] 606682K->519495K(699392K), 0.0073620 secs] [Times: user=0.10 sys=0.00, real=0.01 secs] 
2016-09-24T03:54:30.272-0400: 67.488: [GC (GCLocker Initiated GC) [PSYoungGen: 152817K->64587K(175104K)] 610377K->541883K(699392K), 0.0080214 secs] [Times: user=0.09 sys=0.00, real=0.01 secs] 
2016-09-24T03:54:30.317-0400: 67.534: [Full GC (Ergonomics) [PSYoungGen: 152651K->0K(175104K)] [ParOldGen: 489513K->377608K(524288K)] 642164K->377608K(699392K), [Metaspace: 43973K->43973K(1087488K)], 0.0724990 secs] [Times: user=0.81 sys=0.01, real=0.07 secs] 
2016-09-24T03:54:30.424-0400: 67.640: [GC (Allocation Failure) [PSYoungGen: 88064K->81194K(175104K)] 468449K->461579K(699392K), 0.0071309 secs] [Times: user=0.11 sys=0.00, real=0.00 secs] 
2016-09-24T03:54:30.461-0400: 67.678: [GC (GCLocker Initiated GC) [PSYoungGen: 168151K->75269K(175104K)] 551236K->486380K(699392K), 0.0090875 secs] [Times: user=0.13 sys=0.00, real=0.01 secs] 
2016-09-24T03:54:30.510-0400: 67.727: [GC (GCLocker Initiated GC) [PSYoungGen: 163333K->55096K(175104K)] 587058K->481973K(699392K), 0.0077692 secs] [Times: user=0.06 sys=0.01, real=0.01 secs] 
2016-09-24T03:54:30.556-0400: 67.772: [GC (GCLocker Initiated GC) [PSYoungGen: 143160K->54940K(175104K)] 574122K->517742K(699392K), 0.0078691 secs] [Times: user=0.12 sys=0.00, real=0.01 secs] 
2016-09-24T03:54:30.599-0400: 67.816: [GC (GCLocker Initiated GC) [PSYoungGen: 143004K->56456K(175104K)] 615416K->530654K(699392K), 0.0062013 secs] [Times: user=0.06 sys=0.00, real=0.01 secs] 
2016-09-24T03:54:30.641-0400: 67.857: [GC (GCLocker Initiated GC) [PSYoungGen: 144520K->52298K(175104K)] 621573K->552988K(699392K), 0.0082740 secs] [Times: user=0.08 sys=0.00, real=0.01 secs] 
2016-09-24T03:54:30.649-0400: 67.866: [Full GC (Ergonomics) [PSYoungGen: 52298K->0K(175104K)] [ParOldGen: 500689K->372136K(524288K)] 552988K->372136K(699392K), [Metaspace: 43973K->43973K(1087488K)], 0.0526261 secs] [Times: user=0.42 sys=0.00, real=0.05 secs] 
2016-09-24T03:54:30.736-0400: 67.952: [GC (GCLocker Initiated GC) [PSYoungGen: 88064K->86529K(175104K)] 472509K->473674K(699392K), 0.0076325 secs] [Times: user=0.11 sys=0.00, real=0.01 secs] 
2016-09-24T03:54:30.783-0400: 68.000: [GC (GCLocker Initiated GC) [PSYoungGen: 174593K->51192K(175104K)] 564533K->477231K(699392K), 0.0078375 secs] [Times: user=0.10 sys=0.00, real=0.00 secs] 
2016-09-24T03:54:30.833-0400: 68.049: [GC (GCLocker Initiated GC) [PSYoungGen: 139256K->64558K(175104K)] 565414K->521146K(699392K), 0.0080652 secs] [Times: user=0.13 sys=0.00, real=0.01 secs] 
2016-09-24T03:54:30.872-0400: 68.089: [GC (GCLocker Initiated GC) [PSYoungGen: 152622K->60816K(175104K)] 610618K->551834K(699392K), 0.0094422 secs] [Times: user=0.11 sys=0.00, real=0.01 secs] 
2016-09-24T03:54:30.882-0400: 68.099: [Full GC (Ergonomics) [PSYoungGen: 60816K->0K(175104K)] [ParOldGen: 491017K->373976K(524288K)] 551834K->373976K(699392K), [Metaspace: 43973K->43973K(1087488K)], 0.0650134 secs] [Times: user=0.51 sys=0.02, real=0.07 secs] 
2016-09-24T03:54:30.983-0400: 68.200: [GC (GCLocker Initiated GC) [PSYoungGen: 88064K->74089K(175104K)] 467656K->453682K(699392K), 0.0075441 secs] [Times: user=0.07 sys=0.01, real=0.00 secs] 
2016-09-24T03:54:31.023-0400: 68.239: [GC (GCLocker Initiated GC) [PSYoungGen: 162153K->74165K(175104K)] 544576K->474912K(699392K), 0.0083778 secs] [Times: user=0.12 sys=0.00, real=0.00 secs] 
2016-09-24T03:54:31.072-0400: 68.288: [GC (GCLocker Initiated GC) [PSYoungGen: 162229K->65999K(175104K)] 565768K->502708K(699392K), 0.0073100 secs] [Times: user=0.10 sys=0.00, real=0.01 secs] 
2016-09-24T03:54:31.107-0400: 68.323: [GC (GCLocker Initiated GC) [PSYoungGen: 154063K->80992K(175104K)] 596432K->553774K(699392K), 0.0089290 secs] [Times: user=0.13 sys=0.00, real=0.01 secs] 
2016-09-24T03:54:31.116-0400: 68.332: [Full GC (Ergonomics) [PSYoungGen: 80992K->0K(175104K)] [ParOldGen: 472782K->386923K(524288K)] 553774K->386923K(699392K), [Metaspace: 43973K->43973K(1087488K)], 0.1850629 secs] [Times: user=2.70 sys=0.00, real=0.18 secs] 
2016-09-24T03:54:31.343-0400: 68.560: [GC (GCLocker Initiated GC) [PSYoungGen: 88064K->70069K(175104K)] 475026K->457032K(699392K), 0.0096574 secs] [Times: user=0.13 sys=0.00, real=0.00 secs] 
2016-09-24T03:54:31.388-0400: 68.604: [GC (GCLocker Initiated GC) [PSYoungGen: 158133K->67254K(175104K)] 549207K->487450K(699392K), 0.0082763 secs] [Times: user=0.12 sys=0.00, real=0.01 secs] 
2016-09-24T03:54:31.424-0400: 68.640: [GC (GCLocker Initiated GC) [PSYoungGen: 155318K->82137K(175104K)] 583812K->534216K(699392K), 0.0090902 secs] [Times: user=0.14 sys=0.00, real=0.00 secs] 
2016-09-24T03:54:31.474-0400: 68.690: [GC (GCLocker Initiated GC) [PSYoungGen: 170201K->64550K(175104K)] 622408K->535020K(699392K), 0.0074592 secs] [Times: user=0.11 sys=0.00, real=0.01 secs] 
2016-09-24T03:54:31.514-0400: 68.730: [GC (GCLocker Initiated GC) [PSYoungGen: 152614K->60740K(175104K)] 625835K->573745K(699392K), 0.0084726 secs] [Times: user=0.13 sys=0.00, real=0.02 secs] 
2016-09-24T03:54:31.522-0400: 68.739: [Full GC (Ergonomics) [PSYoungGen: 60740K->0K(175104K)] [ParOldGen: 513005K->380883K(524288K)] 573745K->380883K(699392K), [Metaspace: 43974K->43974K(1087488K)], 0.0512188 secs] [Times: user=0.46 sys=0.02, real=0.04 secs] 
2016-09-24T03:54:31.616-0400: 68.833: [GC (GCLocker Initiated GC) [PSYoungGen: 88064K->74166K(175104K)] 472713K->458815K(699392K), 0.0074840 secs] [Times: user=0.12 sys=0.00, real=0.01 secs] 
2016-09-24T03:54:31.655-0400: 68.872: [GC (GCLocker Initiated GC) [PSYoungGen: 162230K->61744K(175104K)] 546947K->475644K(699392K), 0.0080180 secs] [Times: user=0.11 sys=0.00, real=0.01 secs] 
2016-09-24T03:54:31.705-0400: 68.921: [GC (GCLocker Initiated GC) [PSYoungGen: 149808K->55162K(175104K)] 572046K->514496K(699392K), 0.0082362 secs] [Times: user=0.09 sys=0.00, real=0.00 secs] 
2016-09-24T03:54:31.753-0400: 68.970: [Full GC (Ergonomics) [PSYoungGen: 143226K->0K(175104K)] [ParOldGen: 478798K->379779K(524288K)] 622025K->379779K(699392K), [Metaspace: 43974K->43974K(1087488K)], 0.0581184 secs] [Times: user=0.58 sys=0.01, real=0.06 secs] 
2016-09-24T03:54:31.854-0400: 69.070: [GC (GCLocker Initiated GC) [PSYoungGen: 88064K->70176K(175104K)] 480135K->462248K(699392K), 0.0069368 secs] [Times: user=0.10 sys=0.00, real=0.01 secs] 
2016-09-24T03:54:31.895-0400: 69.111: [GC (GCLocker Initiated GC) [PSYoungGen: 158240K->79335K(175104K)] 558535K->483137K(699392K), 0.0078226 secs] [Times: user=0.11 sys=0.00, real=0.01 secs] 
2016-09-24T03:54:31.937-0400: 69.153: [GC (GCLocker Initiated GC) [PSYoungGen: 167399K->69946K(175104K)] 573959K->485122K(699392K), 0.0091633 secs] [Times: user=0.09 sys=0.00, real=0.01 secs] 
2016-09-24T03:54:31.983-0400: 69.199: [GC (GCLocker Initiated GC) [PSYoungGen: 158010K->48309K(175104K)] 573288K->496645K(699392K), 0.0099414 secs] [Times: user=0.14 sys=0.00, real=0.00 secs] 
2016-09-24T03:54:32.022-0400: 69.239: [GC (GCLocker Initiated GC) [PSYoungGen: 136373K->72662K(175104K)] 587674K->544822K(699392K), 0.0083302 secs] [Times: user=0.12 sys=0.00, real=0.01 secs] 
2016-09-24T03:54:32.030-0400: 69.247: [Full GC (Ergonomics) [PSYoungGen: 72662K->0K(175104K)] [ParOldGen: 472160K->384418K(524288K)] 544822K->384418K(699392K), [Metaspace: 43974K->43974K(1087488K)], 0.0533989 secs] [Times: user=0.36 sys=0.00, real=0.06 secs] 
2016-09-24T03:54:32.117-0400: 69.334: [GC (GCLocker Initiated GC) [PSYoungGen: 88064K->82189K(175104K)] 472556K->466681K(699392K), 0.0080728 secs] [Times: user=0.12 sys=0.00, real=0.01 secs] 
2016-09-24T03:54:32.160-0400: 69.377: [GC (GCLocker Initiated GC) [PSYoungGen: 170253K->74092K(175104K)] 580593K->495935K(699392K), 0.0074246 secs] [Times: user=0.10 sys=0.00, real=0.01 secs] 
2016-09-24T03:54:32.211-0400: 69.427: [GC (GCLocker Initiated GC) [PSYoungGen: 162156K->53730K(175104K)] 592247K->500724K(699392K), 0.0067696 secs] [Times: user=0.10 sys=0.01, real=0.01 secs] 
2016-09-24T03:54:32.247-0400: 69.463: [GC (GCLocker Initiated GC) [PSYoungGen: 141794K->68491K(175104K)] 588866K->531055K(699392K), 0.0129844 secs] [Times: user=0.17 sys=0.00, real=0.01 secs] 
2016-09-24T03:54:32.298-0400: 69.515: [GC (GCLocker Initiated GC) [PSYoungGen: 156555K->68579K(175104K)] 624551K->550638K(699392K), 0.0172751 secs] [Times: user=0.24 sys=0.00, real=0.02 secs] 
2016-09-24T03:54:32.350-0400: 69.566: [Full GC (Ergonomics) [PSYoungGen: 156643K->0K(175104K)] [ParOldGen: 482313K->381432K(524288K)] 638957K->381432K(699392K), [Metaspace: 43980K->43980K(1087488K)], 0.0552720 secs] [Times: user=0.42 sys=0.00, real=0.06 secs] 
2016-09-24T03:54:32.438-0400: 69.654: [GC (GCLocker Initiated GC) [PSYoungGen: 88064K->82255K(175104K)] 472343K->466535K(699392K), 0.0078248 secs] [Times: user=0.10 sys=0.00, real=0.01 secs] 
2016-09-24T03:54:32.482-0400: 69.699: [GC (GCLocker Initiated GC) [PSYoungGen: 170319K->67237K(175104K)] 563199K->485145K(699392K), 0.0080012 secs] [Times: user=0.10 sys=0.01, real=0.00 secs] 
2016-09-24T03:54:32.525-0400: 69.741: [GC (GCLocker Initiated GC) [PSYoungGen: 155301K->73769K(175104K)] 575962K->528811K(699392K), 0.0081755 secs] [Times: user=0.10 sys=0.00, real=0.00 secs] 
2016-09-24T03:54:32.573-0400: 69.790: [GC (GCLocker Initiated GC) [PSYoungGen: 161833K->57867K(175104K)] 622354K->543091K(699392K), 0.0072059 secs] [Times: user=0.10 sys=0.00, real=0.01 secs] 
2016-09-24T03:54:32.580-0400: 69.797: [Full GC (Ergonomics) [PSYoungGen: 57867K->0K(175104K)] [ParOldGen: 485223K->382693K(524288K)] 543091K->382693K(699392K), [Metaspace: 43980K->43980K(1087488K)], 0.0579329 secs] [Times: user=0.59 sys=0.00, real=0.06 secs] 
2016-09-24T03:54:32.685-0400: 69.902: [GC (GCLocker Initiated GC) [PSYoungGen: 88064K->70207K(175104K)] 473489K->455632K(699392K), 0.0067146 secs] [Times: user=0.10 sys=0.00, real=0.00 secs] 
2016-09-24T03:54:32.719-0400: 69.936: [GC (GCLocker Initiated GC) [PSYoungGen: 158271K->82257K(175104K)] 558593K->486183K(699392K), 0.0101513 secs] [Times: user=0.10 sys=0.00, real=0.01 secs] 
2016-09-24T03:54:32.773-0400: 69.989: [GC (GCLocker Initiated GC) [PSYoungGen: 170321K->38747K(175104K)] 578544K->465263K(699392K), 0.0069104 secs] [Times: user=0.07 sys=0.00, real=0.01 secs] 
2016-09-24T03:54:32.814-0400: 70.031: [GC (GCLocker Initiated GC) [PSYoungGen: 126811K->69943K(175104K)] 553370K->511938K(699392K), 0.0087200 secs] [Times: user=0.13 sys=0.00, real=0.02 secs] 
2016-09-24T03:54:32.854-0400: 70.071: [GC (GCLocker Initiated GC) [PSYoungGen: 158007K->76823K(175104K)] 600111K->542511K(699392K), 0.0087940 secs] [Times: user=0.13 sys=0.01, real=0.01 secs] 
2016-09-24T03:54:32.904-0400: 70.121: [GC (GCLocker Initiated GC) [PSYoungGen: 164887K->41592K(175104K)] 636087K->555376K(699392K), 0.0069365 secs] [Times: user=0.10 sys=0.00, real=0.00 secs] 
2016-09-24T03:54:32.911-0400: 70.128: [Full GC (Ergonomics) [PSYoungGen: 41592K->0K(175104K)] [ParOldGen: 513783K->377288K(524288K)] 555376K->377288K(699392K), [Metaspace: 43980K->43980K(1087488K)], 0.0593034 secs] [Times: user=0.56 sys=0.01, real=0.06 secs] 
2016-09-24T03:54:33.010-0400: 70.227: [GC (GCLocker Initiated GC) [PSYoungGen: 88064K->74161K(175104K)] 470868K->456966K(699392K), 0.0073854 secs] [Times: user=0.12 sys=0.00, real=0.01 secs] 
2016-09-24T03:54:33.052-0400: 70.269: [GC (GCLocker Initiated GC) [PSYoungGen: 162225K->74091K(175104K)] 555891K->491499K(699392K), 0.0088570 secs] [Times: user=0.15 sys=0.00, real=0.01 secs] 
2016-09-24T03:54:33.100-0400: 70.317: [GC (GCLocker Initiated GC) [PSYoungGen: 162155K->52233K(175104K)] 586565K->482685K(699392K), 0.0067127 secs] [Times: user=0.06 sys=0.00, real=0.01 secs] 
2016-09-24T03:54:33.148-0400: 70.364: [GC (GCLocker Initiated GC) [PSYoungGen: 140297K->53711K(175104K)] 574907K->514531K(699392K), 0.0077963 secs] [Times: user=0.11 sys=0.00, real=0.01 secs] 
2016-09-24T03:54:33.184-0400: 70.400: [GC (GCLocker Initiated GC) [PSYoungGen: 141775K->85087K(175104K)] 609553K->575056K(699392K), 0.0100450 secs] [Times: user=0.16 sys=0.01, real=0.00 secs] 
2016-09-24T03:54:33.194-0400: 70.410: [Full GC (Ergonomics) [PSYoungGen: 85087K->0K(175104K)] [ParOldGen: 489968K->395681K(524288K)] 575056K->395681K(699392K), [Metaspace: 43980K->43980K(1087488K)], 0.0546968 secs] [Times: user=0.53 sys=0.00, real=0.06 secs] 
2016-09-24T03:54:33.292-0400: 70.509: [GC (GCLocker Initiated GC) [PSYoungGen: 88064K->62043K(175104K)] 485291K->459271K(699392K), 0.0063167 secs] [Times: user=0.08 sys=0.00, real=0.01 secs] 
2016-09-24T03:54:33.334-0400: 70.550: [GC (GCLocker Initiated GC) [PSYoungGen: 150107K->66265K(175104K)] 559659K->491570K(699392K), 0.0072895 secs] [Times: user=0.12 sys=0.00, real=0.01 secs] 
2016-09-24T03:54:33.384-0400: 70.601: [GC (GCLocker Initiated GC) [PSYoungGen: 154329K->46981K(175104K)] 589421K->503245K(699392K), 0.0068041 secs] [Times: user=0.05 sys=0.00, real=0.00 secs] 
2016-09-24T03:54:33.427-0400: 70.643: [GC (GCLocker Initiated GC) [PSYoungGen: 135045K->77016K(175104K)] 594109K->542249K(699392K), 0.0084776 secs] [Times: user=0.11 sys=0.00, real=0.01 secs] 
2016-09-24T03:54:33.471-0400: 70.688: [GC (GCLocker Initiated GC) [PSYoungGen: 165080K->38798K(175104K)] 630415K->538655K(699392K), 0.0084938 secs] [Times: user=0.10 sys=0.00, real=0.01 secs] 
2016-09-24T03:54:33.480-0400: 70.696: [Full GC (Ergonomics) [PSYoungGen: 38798K->0K(175104K)] [ParOldGen: 499857K->387589K(524288K)] 538655K->387589K(699392K), [Metaspace: 43982K->43982K(1087488K)], 0.0542606 secs] [Times: user=0.51 sys=0.00, real=0.05 secs] 
2016-09-24T03:54:33.566-0400: 70.782: [GC (GCLocker Initiated GC) [PSYoungGen: 88064K->85413K(175104K)] 475822K->483971K(699392K), 0.0091737 secs] [Times: user=0.11 sys=0.00, real=0.01 secs] 
2016-09-24T03:54:33.614-0400: 70.831: [GC (GCLocker Initiated GC) [PSYoungGen: 173477K->81043K(175104K)] 574871K->490443K(699392K), 0.0089311 secs] [Times: user=0.14 sys=0.00, real=0.02 secs] 
2016-09-24T03:54:33.660-0400: 70.876: [GC (GCLocker Initiated GC) [PSYoungGen: 169107K->60648K(175104K)] 581374K->507562K(699392K), 0.0078582 secs] [Times: user=0.11 sys=0.00, real=0.01 secs] 
2016-09-24T03:54:33.707-0400: 70.923: [GC (GCLocker Initiated GC) [PSYoungGen: 148712K->62053K(175104K)] 601151K->527406K(699392K), 0.0076073 secs] [Times: user=0.10 sys=0.01, real=0.01 secs] 
2016-09-24T03:54:33.749-0400: 70.966: [GC (GCLocker Initiated GC) [PSYoungGen: 150117K->67622K(175104K)] 615617K->569073K(699392K), 0.0080453 secs] [Times: user=0.12 sys=0.01, real=0.01 secs] 
2016-09-24T03:54:33.758-0400: 70.974: [Full GC (Ergonomics) [PSYoungGen: 67622K->0K(175104K)] [ParOldGen: 501451K->393282K(524288K)] 569073K->393282K(699392K), [Metaspace: 43982K->43982K(1087488K)], 0.0536320 secs] [Times: user=0.50 sys=0.01, real=0.05 secs] 
2016-09-24T03:54:33.853-0400: 71.069: [GC (GCLocker Initiated GC) [PSYoungGen: 88064K->83033K(175104K)] 489569K->484538K(699392K), 0.0074729 secs] [Times: user=0.12 sys=0.00, real=0.01 secs] 
2016-09-24T03:54:33.903-0400: 71.120: [GC (GCLocker Initiated GC) [PSYoungGen: 171097K->60909K(175104K)] 572764K->501909K(699392K), 0.0080407 secs] [Times: user=0.12 sys=0.00, real=0.00 secs] 
2016-09-24T03:54:33.946-0400: 71.162: [GC (GCLocker Initiated GC) [PSYoungGen: 148973K->62149K(175104K)] 593031K->538282K(699392K), 0.0077857 secs] [Times: user=0.08 sys=0.00, real=0.00 secs] 
2016-09-24T03:54:33.954-0400: 71.170: [Full GC (Ergonomics) [PSYoungGen: 62149K->0K(175104K)] [ParOldGen: 476133K->398002K(524288K)] 538282K->398002K(699392K), [Metaspace: 43983K->43983K(1087488K)], 0.0528999 secs] [Times: user=0.51 sys=0.00, real=0.06 secs] 
2016-09-24T03:54:34.047-0400: 71.264: [GC (GCLocker Initiated GC) [PSYoungGen: 88064K->77296K(175104K)] 487529K->476762K(699392K), 0.0104000 secs] [Times: user=0.15 sys=0.01, real=0.01 secs] 
2016-09-24T03:54:34.091-0400: 71.308: [GC (GCLocker Initiated GC) [PSYoungGen: 165360K->66453K(175104K)] 567579K->502372K(699392K), 0.0083603 secs] [Times: user=0.14 sys=0.00, real=0.01 secs] 
2016-09-24T03:54:34.143-0400: 71.359: [GC (GCLocker Initiated GC) [PSYoungGen: 154517K->43092K(175104K)] 597270K->534332K(699392K), 0.0076472 secs] [Times: user=0.12 sys=0.00, real=0.00 secs] 
2016-09-24T03:54:34.150-0400: 71.367: [Full GC (Ergonomics) [PSYoungGen: 43092K->0K(175104K)] [ParOldGen: 491240K->397210K(524288K)] 534332K->397210K(699392K), [Metaspace: 43983K->43983K(1087488K)], 0.0638873 secs] [Times: user=0.68 sys=0.01, real=0.07 secs] 
2016-09-24T03:54:34.257-0400: 71.473: [GC (GCLocker Initiated GC) [PSYoungGen: 88064K->74941K(175104K)] 486786K->473664K(699392K), 0.0071319 secs] [Times: user=0.11 sys=0.00, real=0.01 secs] 
2016-09-24T03:54:34.300-0400: 71.517: [GC (GCLocker Initiated GC) [PSYoungGen: 163005K->67341K(175104K)] 562243K->488366K(699392K), 0.0079330 secs] [Times: user=0.10 sys=0.00, real=0.01 secs] 
2016-09-24T03:54:34.349-0400: 71.566: [GC (GCLocker Initiated GC) [PSYoungGen: 155405K->65093K(175104K)] 584721K->520747K(699392K), 0.0077579 secs] [Times: user=0.09 sys=0.00, real=0.01 secs] 
2016-09-24T03:54:34.401-0400: 71.617: [GC (GCLocker Initiated GC) [PSYoungGen: 153157K->56649K(175104K)] 612597K->526686K(699392K), 0.0082311 secs] [Times: user=0.09 sys=0.01, real=0.01 secs] 
2016-09-24T03:54:34.409-0400: 71.626: [Full GC (Ergonomics) [PSYoungGen: 56649K->0K(175104K)] [ParOldGen: 470036K->393181K(524288K)] 526686K->393181K(699392K), [Metaspace: 43983K->43983K(1087488K)], 0.0679208 secs] [Times: user=0.62 sys=0.01, real=0.07 secs] 
2016-09-24T03:54:34.512-0400: 71.729: [GC (GCLocker Initiated GC) [PSYoungGen: 88064K->82891K(175104K)] 484767K->479595K(699392K), 0.0082950 secs] [Times: user=0.12 sys=0.00, real=0.01 secs] 
2016-09-24T03:54:34.562-0400: 71.778: [GC (GCLocker Initiated GC) [PSYoungGen: 170955K->71622K(175104K)] 568823K->489782K(699392K), 0.0078311 secs] [Times: user=0.12 sys=0.00, real=0.01 secs] 
2016-09-24T03:54:34.609-0400: 71.825: [GC (GCLocker Initiated GC) [PSYoungGen: 159686K->63379K(175104K)] 586191K->528631K(699392K), 0.0100599 secs] [Times: user=0.09 sys=0.01, real=0.01 secs] 
2016-09-24T03:54:34.662-0400: 71.879: [GC (GCLocker Initiated GC) [PSYoungGen: 151443K->55672K(175104K)] 617642K->533546K(699392K), 0.0134780 secs] [Times: user=0.15 sys=0.01, real=0.01 secs] 
2016-09-24T03:54:34.676-0400: 71.893: [Full GC (Ergonomics) [PSYoungGen: 55672K->0K(175104K)] [ParOldGen: 477874K->401174K(524288K)] 533546K->401174K(699392K), [Metaspace: 43983K->43983K(1087488K)], 0.0588610 secs] [Times: user=0.48 sys=0.00, real=0.06 secs] 
2016-09-24T03:54:34.768-0400: 71.984: [GC (GCLocker Initiated GC) [PSYoungGen: 88064K->73618K(175104K)] 496182K->481737K(699392K), 0.0066715 secs] [Times: user=0.10 sys=0.00, real=0.01 secs] 
2016-09-24T03:54:34.820-0400: 72.037: [GC (GCLocker Initiated GC) [PSYoungGen: 161682K->75973K(175104K)] 569862K->508743K(699392K), 0.0092596 secs] [Times: user=0.13 sys=0.00, real=0.01 secs] 
2016-09-24T03:54:34.863-0400: 72.080: [GC (GCLocker Initiated GC) [PSYoungGen: 164037K->74550K(175104K)] 599650K->527442K(699392K), 0.0081343 secs] [Times: user=0.12 sys=0.00, real=0.00 secs] 
2016-09-24T03:54:34.913-0400: 72.130: [GC (GCLocker Initiated GC) [PSYoungGen: 162614K->43565K(175104K)] 621137K->531589K(699392K), 0.0082880 secs] [Times: user=0.09 sys=0.00, real=0.01 secs] 
2016-09-24T03:54:34.922-0400: 72.139: [Full GC (Ergonomics) [PSYoungGen: 43565K->0K(175104K)] [ParOldGen: 488023K->401270K(524288K)] 531589K->401270K(699392K), [Metaspace: 43983K->43983K(1087488K)], 0.0497708 secs] [Times: user=0.46 sys=0.00, real=0.05 secs] 
2016-09-24T03:54:35.008-0400: 72.225: [GC (GCLocker Initiated GC) [PSYoungGen: 88064K->61263K(175104K)] 494910K->468110K(699392K), 0.0089372 secs] [Times: user=0.07 sys=0.00, real=0.01 secs] 
2016-09-24T03:54:35.061-0400: 72.277: [GC (GCLocker Initiated GC) [PSYoungGen: 149327K->68089K(175104K)] 561945K->493019K(699392K), 0.0119591 secs] [Times: user=0.20 sys=0.00, real=0.01 secs] 
2016-09-24T03:54:35.117-0400: 72.334: [GC (GCLocker Initiated GC) [PSYoungGen: 156153K->51410K(175104K)] 586540K->492697K(699392K), 0.0060027 secs] [Times: user=0.06 sys=0.01, real=0.01 secs] 
2016-09-24T03:54:35.155-0400: 72.371: [GC (GCLocker Initiated GC) [PSYoungGen: 139474K->84384K(175104K)] 580847K->540151K(699392K), 0.0094984 secs] [Times: user=0.13 sys=0.00, real=0.01 secs] 
2016-09-24T03:54:35.207-0400: 72.423: [GC (GCLocker Initiated GC) [PSYoungGen: 172448K->50222K(175104K)] 628282K->533241K(699392K), 0.0102906 secs] [Times: user=0.12 sys=0.00, real=0.01 secs] 
2016-09-24T03:54:35.217-0400: 72.434: [Full GC (Ergonomics) [PSYoungGen: 50222K->0K(175104K)] [ParOldGen: 483018K->409283K(524288K)] 533241K->409283K(699392K), [Metaspace: 43983K->43983K(1087488K)], 0.0501928 secs] [Times: user=0.48 sys=0.00, real=0.05 secs] 
2016-09-24T03:54:35.309-0400: 72.525: [GC (GCLocker Initiated GC) [PSYoungGen: 88064K->75082K(175104K)] 498937K->485956K(699392K), 0.0080809 secs] [Times: user=0.12 sys=0.00, real=0.01 secs] 
2016-09-24T03:54:35.355-0400: 72.572: [GC (GCLocker Initiated GC) [PSYoungGen: 163146K->68429K(175104K)] 580920K->513388K(699392K), 0.0075593 secs] [Times: user=0.10 sys=0.00, real=0.01 secs] 
2016-09-24T03:54:35.404-0400: 72.621: [GC (GCLocker Initiated GC) [PSYoungGen: 156493K->63411K(175104K)] 601496K->530568K(699392K), 0.0069921 secs] [Times: user=0.11 sys=0.00, real=0.00 secs] 
2016-09-24T03:54:35.454-0400: 72.670: [Full GC (Ergonomics) [PSYoungGen: 151475K->0K(175104K)] [ParOldGen: 479206K->416612K(524288K)] 630682K->416612K(699392K), [Metaspace: 43983K->43983K(1087488K)], 0.0677128 secs] [Times: user=0.72 sys=0.01, real=0.07 secs] 
2016-09-24T03:54:35.565-0400: 72.782: [GC (GCLocker Initiated GC) [PSYoungGen: 88064K->74441K(175104K)] 509236K->495613K(699392K), 0.0067789 secs] [Times: user=0.11 sys=0.00, real=0.00 secs] 
2016-09-24T03:54:35.609-0400: 72.825: [GC (GCLocker Initiated GC) [PSYoungGen: 162505K->64160K(175104K)] 589174K->513522K(699392K), 0.0079466 secs] [Times: user=0.12 sys=0.00, real=0.01 secs] 
2016-09-24T03:54:35.658-0400: 72.875: [GC (GCLocker Initiated GC) [PSYoungGen: 152224K->55430K(175104K)] 604415K->541618K(699392K), 0.0080210 secs] [Times: user=0.11 sys=0.00, real=0.01 secs] 
2016-09-24T03:54:35.666-0400: 72.883: [Full GC (Ergonomics) [PSYoungGen: 55430K->0K(175104K)] [ParOldGen: 486187K->417645K(524288K)] 541618K->417645K(699392K), [Metaspace: 43983K->43983K(1087488K)], 0.0577438 secs] [Times: user=0.60 sys=0.00, real=0.06 secs] 
2016-09-24T03:54:35.762-0400: 72.978: [GC (GCLocker Initiated GC) [PSYoungGen: 88064K->77268K(175104K)] 508602K->497806K(699392K), 0.0097071 secs] [Times: user=0.13 sys=0.00, real=0.01 secs] 
2016-09-24T03:54:35.811-0400: 73.027: [GC (GCLocker Initiated GC) [PSYoungGen: 165332K->61374K(175104K)] 585966K->516978K(699392K), 0.0083074 secs] [Times: user=0.11 sys=0.02, real=0.01 secs] 
2016-09-24T03:54:35.861-0400: 73.078: [GC (GCLocker Initiated GC) [PSYoungGen: 149438K->57698K(175104K)] 605134K->547377K(699392K), 0.0080907 secs] [Times: user=0.12 sys=0.00, real=0.01 secs] 
2016-09-24T03:54:35.869-0400: 73.086: [Full GC (Ergonomics) [PSYoungGen: 57698K->0K(175104K)] [ParOldGen: 489678K->417906K(524288K)] 547377K->417906K(699392K), [Metaspace: 43983K->43983K(1087488K)], 0.0480203 secs] [Times: user=0.38 sys=0.00, real=0.05 secs] 
2016-09-24T03:54:35.956-0400: 73.173: [GC (GCLocker Initiated GC) [PSYoungGen: 88064K->85591K(175104K)] 508765K->506292K(699392K), 0.0083496 secs] [Times: user=0.12 sys=0.00, real=0.01 secs] 
2016-09-24T03:54:36.010-0400: 73.227: [GC (GCLocker Initiated GC) [PSYoungGen: 173655K->59310K(175104K)] 604011K->499217K(699392K), 0.0067646 secs] [Times: user=0.08 sys=0.00, real=0.01 secs] 
2016-09-24T03:54:36.055-0400: 73.271: [GC (GCLocker Initiated GC) [PSYoungGen: 147374K->86947K(175104K)] 587443K->541046K(699392K), 0.0095818 secs] [Times: user=0.12 sys=0.00, real=0.01 secs] 
2016-09-24T03:54:36.107-0400: 73.323: [GC (GCLocker Initiated GC) [PSYoungGen: 175011K->82178K(175104K)] 632486K->559942K(699392K), 0.0102967 secs] [Times: user=0.12 sys=0.00, real=0.01 secs] 
2016-09-24T03:54:36.117-0400: 73.334: [Full GC (Ergonomics) [PSYoungGen: 82178K->0K(175104K)] [ParOldGen: 477764K->426772K(524288K)] 559942K->426772K(699392K), [Metaspace: 43991K->43991K(1087488K)], 0.0599889 secs] [Times: user=0.53 sys=0.00, real=0.06 secs] 
2016-09-24T03:54:36.218-0400: 73.434: [GC (GCLocker Initiated GC) [PSYoungGen: 88064K->57738K(175104K)] 514931K->484606K(699392K), 0.0072621 secs] [Times: user=0.06 sys=0.02, real=0.01 secs] 
2016-09-24T03:54:36.266-0400: 73.482: [GC (GCLocker Initiated GC) [PSYoungGen: 145802K->55203K(175104K)] 576858K->515252K(699392K), 0.0099321 secs] [Times: user=0.12 sys=0.00, real=0.01 secs] 
2016-09-24T03:54:36.323-0400: 73.539: [GC (GCLocker Initiated GC) [PSYoungGen: 143267K->54858K(175104K)] 611501K->548214K(699392K), 0.0101329 secs] [Times: user=0.12 sys=0.00, real=0.00 secs] 
2016-09-24T03:54:36.333-0400: 73.550: [Full GC (Ergonomics) [PSYoungGen: 54858K->0K(175104K)] [ParOldGen: 493356K->423124K(524288K)] 548214K->423124K(699392K), [Metaspace: 43991K->43991K(1087488K)], 0.0642572 secs] [Times: user=0.55 sys=0.02, real=0.07 secs] 
2016-09-24T03:54:36.438-0400: 73.654: [GC (GCLocker Initiated GC) [PSYoungGen: 88064K->78525K(175104K)] 513920K->504381K(699392K), 0.0095134 secs] [Times: user=0.08 sys=0.01, real=0.01 secs] 
2016-09-24T03:54:36.490-0400: 73.706: [GC (GCLocker Initiated GC) [PSYoungGen: 166589K->65434K(175104K)] 595219K->509989K(699392K), 0.0100894 secs] [Times: user=0.12 sys=0.00, real=0.01 secs] 
2016-09-24T03:54:36.546-0400: 73.763: [GC (GCLocker Initiated GC) [PSYoungGen: 153498K->50477K(175104K)] 598709K->507992K(699392K), 0.0221665 secs] [Times: user=0.29 sys=0.00, real=0.02 secs] 
2016-09-24T03:54:36.607-0400: 73.824: [GC (GCLocker Initiated GC) [PSYoungGen: 138541K->43717K(175104K)] 605614K->521678K(699392K), 0.0240626 secs] [Times: user=0.30 sys=0.00, real=0.02 secs] 
2016-09-24T03:54:36.683-0400: 73.900: [Full GC (Ergonomics) [PSYoungGen: 131781K->0K(175104K)] [ParOldGen: 484008K->413854K(524288K)] 615790K->413854K(699392K), [Metaspace: 43991K->43991K(1087488K)], 0.0792849 secs] [Times: user=0.97 sys=0.02, real=0.08 secs] 
2016-09-24T03:54:36.795-0400: 74.011: [GC (GCLocker Initiated GC) [PSYoungGen: 88064K->86554K(175104K)] 502028K->500519K(699392K), 0.0078045 secs] [Times: user=0.11 sys=0.01, real=0.01 secs] 
2016-09-24T03:54:36.852-0400: 74.069: [GC (GCLocker Initiated GC) [PSYoungGen: 174618K->69804K(175104K)] 595541K->518739K(699392K), 0.0080693 secs] [Times: user=0.14 sys=0.00, real=0.01 secs] 
2016-09-24T03:54:36.897-0400: 74.114: [GC (GCLocker Initiated GC) [PSYoungGen: 157868K->68466K(175104K)] 607062K->551844K(699392K), 0.0079492 secs] [Times: user=0.11 sys=0.01, real=0.01 secs] 
2016-09-24T03:54:36.905-0400: 74.122: [Full GC (Ergonomics) [PSYoungGen: 68466K->0K(175104K)] [ParOldGen: 483378K->426263K(524288K)] 551844K->426263K(699392K), [Metaspace: 43991K->43991K(1087488K)], 0.0523636 secs] [Times: user=0.50 sys=0.00, real=0.05 secs] 
2016-09-24T03:54:37.004-0400: 74.220: [GC (GCLocker Initiated GC) [PSYoungGen: 88064K->77717K(175104K)] 521176K->510830K(699392K), 0.0081266 secs] [Times: user=0.08 sys=0.01, real=0.00 secs] 
2016-09-24T03:54:37.049-0400: 74.266: [GC (GCLocker Initiated GC) [PSYoungGen: 165781K->77771K(175104K)] 605192K->524029K(699392K), 0.0074207 secs] [Times: user=0.10 sys=0.00, real=0.01 secs] 
2016-09-24T03:54:37.092-0400: 74.309: [GC (GCLocker Initiated GC) [PSYoungGen: 165835K->65238K(175104K)] 617597K->528166K(699392K), 0.0135306 secs] [Times: user=0.16 sys=0.00, real=0.02 secs] 
2016-09-24T03:54:37.153-0400: 74.369: [GC (GCLocker Initiated GC) [PSYoungGen: 153302K->63960K(175104K)] 617645K->559427K(699392K), 0.0077423 secs] [Times: user=0.14 sys=0.00, real=0.01 secs] 
2016-09-24T03:54:37.160-0400: 74.377: [Full GC (Ergonomics) [PSYoungGen: 63960K->0K(175104K)] [ParOldGen: 495467K->419601K(524288K)] 559427K->419601K(699392K), [Metaspace: 43991K->43991K(1087488K)], 0.0491703 secs] [Times: user=0.44 sys=0.00, real=0.05 secs] 
2016-09-24T03:54:37.251-0400: 74.467: [GC (GCLocker Initiated GC) [PSYoungGen: 88064K->76548K(175104K)] 517236K->505721K(699392K), 0.0084615 secs] [Times: user=0.08 sys=0.01, real=0.01 secs] 
2016-09-24T03:54:37.308-0400: 74.525: [GC (GCLocker Initiated GC) [PSYoungGen: 164612K->60194K(175104K)] 607058K->511164K(699392K), 0.0073992 secs] [Times: user=0.08 sys=0.00, real=0.01 secs] 
2016-09-24T03:54:37.359-0400: 74.575: [GC (GCLocker Initiated GC) [PSYoungGen: 148258K->52622K(175104K)] 599245K->529605K(699392K), 0.0229555 secs] [Times: user=0.34 sys=0.01, real=0.02 secs] 
2016-09-24T03:54:37.415-0400: 74.632: [GC (GCLocker Initiated GC) [PSYoungGen: 140686K->57852K(175104K)] 617750K->561548K(699392K), 0.0279075 secs] [Times: user=0.38 sys=0.00, real=0.03 secs] 
2016-09-24T03:54:37.444-0400: 74.660: [Full GC (Ergonomics) [PSYoungGen: 57852K->0K(175104K)] [ParOldGen: 503696K->434708K(524288K)] 561548K->434708K(699392K), [Metaspace: 43991K->43991K(1087488K)], 0.0515111 secs] [Times: user=0.48 sys=0.00, real=0.05 secs] 
2016-09-24T03:54:37.541-0400: 74.758: [GC (GCLocker Initiated GC) [PSYoungGen: 88064K->60320K(175104K)] 533582K->505839K(699392K), 0.0093646 secs] [Times: user=0.11 sys=0.00, real=0.01 secs] 
2016-09-24T03:54:37.598-0400: 74.815: [GC (GCLocker Initiated GC) [PSYoungGen: 148384K->67954K(175104K)] 595363K->523590K(699392K), 0.0071856 secs] [Times: user=0.13 sys=0.00, real=0.01 secs] 
2016-09-24T03:54:37.639-0400: 74.855: [GC (GCLocker Initiated GC) [PSYoungGen: 156018K->66988K(175104K)] 619954K->562012K(699392K), 0.0085146 secs] [Times: user=0.09 sys=0.01, real=0.01 secs] 
2016-09-24T03:54:37.647-0400: 74.864: [Full GC (Ergonomics) [PSYoungGen: 66988K->0K(175104K)] [ParOldGen: 495023K->448989K(524288K)] 562012K->448989K(699392K), [Metaspace: 43991K->43991K(1087488K)], 0.0505021 secs] [Times: user=0.45 sys=0.01, real=0.05 secs] 
2016-09-24T03:54:37.750-0400: 74.967: [GC (GCLocker Initiated GC) [PSYoungGen: 88064K->83584K(175104K)] 539908K->535428K(699392K), 0.0080037 secs] [Times: user=0.11 sys=0.00, real=0.01 secs] 
2016-09-24T03:54:37.798-0400: 75.015: [GC (GCLocker Initiated GC) [PSYoungGen: 171648K->69784K(175104K)] 623624K->538786K(699392K), 0.0095754 secs] [Times: user=0.11 sys=0.00, real=0.01 secs] 
2016-09-24T03:54:37.847-0400: 75.064: [GC (GCLocker Initiated GC) [PSYoungGen: 157847K->78080K(175104K)] 632509K->577608K(699392K), 0.0086793 secs] [Times: user=0.12 sys=0.00, real=0.01 secs] 
2016-09-24T03:54:37.856-0400: 75.072: [Full GC (Ergonomics) [PSYoungGen: 78080K->0K(175104K)] [ParOldGen: 499528K->446483K(524288K)] 577608K->446483K(699392K), [Metaspace: 43991K->43991K(1087488K)], 0.0620233 secs] [Times: user=0.63 sys=0.00, real=0.06 secs] 
2016-09-24T03:54:37.971-0400: 75.188: [GC (GCLocker Initiated GC) [PSYoungGen: 88064K->70291K(175104K)] 537366K->519593K(699392K), 0.0071684 secs] [Times: user=0.11 sys=0.00, real=0.01 secs] 
2016-09-24T03:54:38.011-0400: 75.227: [GC (GCLocker Initiated GC) [PSYoungGen: 158355K->82135K(175104K)] 607725K->560752K(699392K), 0.0089558 secs] [Times: user=0.14 sys=0.00, real=0.01 secs] 
2016-09-24T03:54:38.020-0400: 75.237: [Full GC (Ergonomics) [PSYoungGen: 82135K->0K(175104K)] [ParOldGen: 478617K->445920K(524288K)] 560752K->445920K(699392K), [Metaspace: 43991K->43991K(1087488K)], 0.0508316 secs] [Times: user=0.46 sys=0.00, real=0.05 secs] 
2016-09-24T03:54:38.115-0400: 75.332: [GC (GCLocker Initiated GC) [PSYoungGen: 88064K->77664K(175104K)] 539472K->529073K(699392K), 0.0119808 secs] [Times: user=0.17 sys=0.00, real=0.01 secs] 
2016-09-24T03:54:38.176-0400: 75.393: [GC (GCLocker Initiated GC) [PSYoungGen: 165728K->54727K(175104K)] 621272K->530682K(699392K), 0.0069643 secs] [Times: user=0.09 sys=0.01, real=0.01 secs] 
2016-09-24T03:54:38.217-0400: 75.434: [GC (GCLocker Initiated GC) [PSYoungGen: 142791K->61509K(175104K)] 618897K->564867K(699392K), 0.0084030 secs] [Times: user=0.11 sys=0.01, real=0.01 secs] 
2016-09-24T03:54:38.226-0400: 75.442: [Full GC (Ergonomics) [PSYoungGen: 61509K->0K(175104K)] [ParOldGen: 503357K->443607K(524288K)] 564867K->443607K(699392K), [Metaspace: 43991K->43991K(1087488K)], 0.0693438 secs] [Times: user=0.60 sys=0.03, real=0.07 secs] 
2016-09-24T03:54:38.342-0400: 75.558: [GC (GCLocker Initiated GC) [PSYoungGen: 88064K->61249K(175104K)] 542318K->515503K(699392K), 0.0074988 secs] [Times: user=0.08 sys=0.01, real=0.01 secs] 
2016-09-24T03:54:38.398-0400: 75.615: [GC (GCLocker Initiated GC) [PSYoungGen: 149313K->60949K(175104K)] 607668K->549124K(699392K), 0.0081677 secs] [Times: user=0.11 sys=0.01, real=0.01 secs] 
2016-09-24T03:54:38.407-0400: 75.624: [Full GC (Ergonomics) [PSYoungGen: 60949K->0K(175104K)] [ParOldGen: 488174K->440215K(524288K)] 549124K->440215K(699392K), [Metaspace: 43991K->43991K(1087488K)], 0.0540644 secs] [Times: user=0.46 sys=0.01, real=0.05 secs] 
2016-09-24T03:54:38.490-0400: 75.706: [GC (GCLocker Initiated GC) [PSYoungGen: 88064K->84734K(175104K)] 532550K->553521K(699392K), 0.0092368 secs] [Times: user=0.15 sys=0.00, real=0.01 secs] 
2016-09-24T03:54:38.554-0400: 75.770: [GC (GCLocker Initiated GC) [PSYoungGen: 172798K->55766K(175104K)] 644558K->565824K(699392K), 0.0133807 secs] [Times: user=0.22 sys=0.00, real=0.02 secs] 
2016-09-24T03:54:38.567-0400: 75.784: [Full GC (Ergonomics) [PSYoungGen: 55766K->0K(175104K)] [ParOldGen: 510057K->445136K(524288K)] 565824K->445136K(699392K), [Metaspace: 43993K->43993K(1087488K)], 0.0598077 secs] [Times: user=0.56 sys=0.00, real=0.06 secs] 
2016-09-24T03:54:38.657-0400: 75.874: [GC (GCLocker Initiated GC) [PSYoungGen: 88064K->87002K(175104K)] 533330K->537669K(699392K), 0.0088767 secs] [Times: user=0.12 sys=0.01, real=0.01 secs] 
2016-09-24T03:54:38.718-0400: 75.935: [GC (GCLocker Initiated GC) [PSYoungGen: 175066K->54956K(175104K)] 634360K->535973K(699392K), 0.0125288 secs] [Times: user=0.17 sys=0.01, real=0.01 secs] 
2016-09-24T03:54:38.731-0400: 75.948: [Full GC (Ergonomics) [PSYoungGen: 54956K->0K(175104K)] [ParOldGen: 481016K->452963K(524288K)] 535973K->452963K(699392K), [Metaspace: 43993K->43993K(1087488K)], 0.0493430 secs] [Times: user=0.33 sys=0.00, real=0.05 secs] 
2016-09-24T03:54:38.823-0400: 76.039: [GC (GCLocker Initiated GC) [PSYoungGen: 88064K->62249K(175104K)] 541134K->515320K(699392K), 0.0136085 secs] [Times: user=0.18 sys=0.00, real=0.01 secs] 
2016-09-24T03:54:38.872-0400: 76.089: [GC (GCLocker Initiated GC) [PSYoungGen: 150313K->70935K(175104K)] 606200K->562777K(699392K), 0.0091565 secs] [Times: user=0.12 sys=0.00, real=0.01 secs] 
2016-09-24T03:54:38.882-0400: 76.098: [Full GC (Ergonomics) [PSYoungGen: 70935K->0K(175104K)] [ParOldGen: 491842K->452127K(524288K)] 562777K->452127K(699392K), [Metaspace: 43993K->43993K(1087488K)], 0.0572195 secs] [Times: user=0.60 sys=0.00, real=0.06 secs] 
2016-09-24T03:54:38.987-0400: 76.204: [GC (Allocation Failure) [PSYoungGen: 88064K->70993K(175104K)] 549684K->532614K(699392K), 0.0116621 secs] [Times: user=0.16 sys=0.00, real=0.01 secs] 
2016-09-24T03:54:38.999-0400: 76.216: [GC (GCLocker Initiated GC) --[PSYoungGen: 71550K->71550K(175104K)] 533170K->595530K(699392K), 0.0063322 secs] [Times: user=0.09 sys=0.00, real=0.01 secs] 
2016-09-24T03:54:39.006-0400: 76.223: [Full GC (Ergonomics) [PSYoungGen: 71550K->0K(175104K)] [ParOldGen: 523979K->453161K(524288K)] 595530K->453161K(699392K), [Metaspace: 43993K->43993K(1087488K)], 0.0621753 secs] [Times: user=0.65 sys=0.01, real=0.06 secs] 
2016-09-24T03:54:39.109-0400: 76.325: [GC (GCLocker Initiated GC) [PSYoungGen: 86961K->82602K(175104K)] 542823K->538464K(699392K), 0.0090761 secs] [Times: user=0.14 sys=0.00, real=0.01 secs] 
2016-09-24T03:54:39.154-0400: 76.370: [GC (GCLocker Initiated GC) [PSYoungGen: 170666K->84407K(175104K)] 626638K->559015K(699392K), 0.0080708 secs] [Times: user=0.11 sys=0.00, real=0.01 secs] 
2016-09-24T03:54:39.162-0400: 76.379: [Full GC (Ergonomics) [PSYoungGen: 84407K->0K(175104K)] [ParOldGen: 474608K->460706K(524288K)] 559015K->460706K(699392K), [Metaspace: 43993K->43993K(1087488K)], 0.0621403 secs] [Times: user=0.65 sys=0.01, real=0.07 secs] 
2016-09-24T03:54:39.273-0400: 76.490: [GC (GCLocker Initiated GC) [PSYoungGen: 88064K->71918K(175104K)] 554205K->538059K(699392K), 0.0068152 secs] [Times: user=0.10 sys=0.00, real=0.01 secs] 
2016-09-24T03:54:39.326-0400: 76.543: [GC (GCLocker Initiated GC) [PSYoungGen: 159982K->68398K(175104K)] 626917K->552595K(699392K), 0.0072059 secs] [Times: user=0.08 sys=0.00, real=0.00 secs] 
2016-09-24T03:54:39.333-0400: 76.550: [Full GC (Ergonomics) [PSYoungGen: 68398K->0K(175104K)] [ParOldGen: 484196K->450875K(524288K)] 552595K->450875K(699392K), [Metaspace: 43993K->43993K(1087488K)], 0.0500418 secs] [Times: user=0.45 sys=0.01, real=0.06 secs] 
2016-09-24T03:54:39.419-0400: 76.635: [GC (GCLocker Initiated GC) [PSYoungGen: 88064K->85653K(175104K)] 545811K->543400K(699392K), 0.0079548 secs] [Times: user=0.12 sys=0.01, real=0.01 secs] 
2016-09-24T03:54:39.475-0400: 76.691: [GC (GCLocker Initiated GC) [PSYoungGen: 173717K->65579K(175104K)] 647838K->551929K(699392K), 0.0073681 secs] [Times: user=0.08 sys=0.00, real=0.01 secs] 
2016-09-24T03:54:39.482-0400: 76.699: [Full GC (Ergonomics) [PSYoungGen: 65579K->0K(175104K)] [ParOldGen: 486349K->465090K(524288K)] 551929K->465090K(699392K), [Metaspace: 43993K->43993K(1087488K)], 0.0564042 secs] [Times: user=0.56 sys=0.01, real=0.05 secs] 
2016-09-24T03:54:39.588-0400: 76.805: [GC (GCLocker Initiated GC) [PSYoungGen: 88064K->70460K(175104K)] 553286K->535682K(699392K), 0.0072642 secs] [Times: user=0.11 sys=0.00, real=0.01 secs] 
2016-09-24T03:54:39.631-0400: 76.847: [GC (GCLocker Initiated GC) [PSYoungGen: 158524K->75040K(175104K)] 627820K->567101K(699392K), 0.0082740 secs] [Times: user=0.12 sys=0.01, real=0.01 secs] 
2016-09-24T03:54:39.639-0400: 76.856: [Full GC (Ergonomics) [PSYoungGen: 75040K->0K(175104K)] [ParOldGen: 492061K->461807K(524288K)] 567101K->461807K(699392K), [Metaspace: 43993K->43993K(1087488K)], 0.0567257 secs] [Times: user=0.54 sys=0.01, real=0.06 secs] 
2016-09-24T03:54:39.744-0400: 76.961: [GC (GCLocker Initiated GC) [PSYoungGen: 88064K->73712K(175104K)] 560739K->546388K(699392K), 0.0071788 secs] [Times: user=0.11 sys=0.00, real=0.00 secs] 
2016-09-24T03:54:39.795-0400: 77.012: [GC (GCLocker Initiated GC) [PSYoungGen: 161776K->61072K(175104K)] 639974K->553114K(699392K), 0.0082559 secs] [Times: user=0.08 sys=0.00, real=0.01 secs] 
2016-09-24T03:54:39.803-0400: 77.020: [Full GC (Ergonomics) [PSYoungGen: 61072K->0K(175104K)] [ParOldGen: 492041K->463791K(524288K)] 553114K->463791K(699392K), [Metaspace: 43993K->43993K(1087488K)], 0.0569517 secs] [Times: user=0.54 sys=0.00, real=0.05 secs] 
2016-09-24T03:54:39.903-0400: 77.120: [GC (GCLocker Initiated GC) [PSYoungGen: 88064K->70209K(175104K)] 554648K->536794K(699392K), 0.0097508 secs] [Times: user=0.13 sys=0.01, real=0.00 secs] 
2016-09-24T03:54:39.959-0400: 77.176: [GC (GCLocker Initiated GC) [PSYoungGen: 158273K->61268K(175104K)] 624978K->554336K(699392K), 0.0076480 secs] [Times: user=0.11 sys=0.00, real=0.01 secs] 
2016-09-24T03:54:39.967-0400: 77.183: [Full GC (Ergonomics) [PSYoungGen: 61268K->0K(175104K)] [ParOldGen: 493067K->459974K(524288K)] 554336K->459974K(699392K), [Metaspace: 43993K->43993K(1087488K)], 0.0838843 secs] [Times: user=0.75 sys=0.02, real=0.08 secs] 
2016-09-24T03:54:40.092-0400: 77.309: [GC (GCLocker Initiated GC) [PSYoungGen: 88064K->65150K(175104K)] 549455K->526542K(699392K), 0.0070430 secs] [Times: user=0.09 sys=0.00, real=0.01 secs] 
2016-09-24T03:54:40.141-0400: 77.358: [GC (GCLocker Initiated GC) [PSYoungGen: 153214K->56099K(175104K)] 615994K->543085K(699392K), 0.0075794 secs] [Times: user=0.08 sys=0.00, real=0.01 secs] 
2016-09-24T03:54:40.149-0400: 77.366: [Full GC (Ergonomics) [PSYoungGen: 56099K->0K(175104K)] [ParOldGen: 486986K->462009K(524288K)] 543085K->462009K(699392K), [Metaspace: 43993K->43993K(1087488K)], 0.0545690 secs] [Times: user=0.50 sys=0.00, real=0.06 secs] 
2016-09-24T03:54:40.243-0400: 77.459: [GC (GCLocker Initiated GC) [PSYoungGen: 88064K->78493K(175104K)] 558974K->549403K(699392K), 0.0096723 secs] [Times: user=0.14 sys=0.00, real=0.00 secs] 
2016-09-24T03:54:40.297-0400: 77.514: [GC (GCLocker Initiated GC) [PSYoungGen: 166557K->71629K(175104K)] 647057K->573278K(699392K), 0.0080675 secs] [Times: user=0.12 sys=0.00, real=0.01 secs] 
2016-09-24T03:54:40.305-0400: 77.522: [Full GC (Ergonomics) [PSYoungGen: 71629K->0K(175104K)] [ParOldGen: 501648K->469285K(524288K)] 573278K->469285K(699392K), [Metaspace: 43993K->43993K(1087488K)], 0.0501412 secs] [Times: user=0.46 sys=0.01, real=0.05 secs] 
2016-09-24T03:54:40.398-0400: 77.615: [GC (GCLocker Initiated GC) [PSYoungGen: 88064K->71948K(175104K)] 566916K->550800K(699392K), 0.0080779 secs] [Times: user=0.09 sys=0.00, real=0.01 secs] 
2016-09-24T03:54:40.452-0400: 77.668: [Full GC (Ergonomics) [PSYoungGen: 160012K->0K(175104K)] [ParOldGen: 484278K->459206K(524288K)] 644291K->459206K(699392K), [Metaspace: 43993K->43993K(1087488K)], 0.0763297 secs] [Times: user=0.87 sys=0.01, real=0.08 secs] 
2016-09-24T03:54:40.569-0400: 77.786: [GC (GCLocker Initiated GC) [PSYoungGen: 88064K->78313K(175104K)] 550564K->540814K(699392K), 0.0069821 secs] [Times: user=0.11 sys=0.00, real=0.01 secs] 
2016-09-24T03:54:40.616-0400: 77.833: [GC (GCLocker Initiated GC) [PSYoungGen: 166377K->71860K(175104K)] 629120K->557058K(699392K), 0.0078402 secs] [Times: user=0.13 sys=0.00, real=0.01 secs] 
2016-09-24T03:54:40.624-0400: 77.841: [Full GC (Ergonomics) [PSYoungGen: 71860K->0K(175104K)] [ParOldGen: 485198K->466403K(524288K)] 557058K->466403K(699392K), [Metaspace: 43993K->43993K(1087488K)], 0.0523906 secs] [Times: user=0.50 sys=0.00, real=0.05 secs] 
2016-09-24T03:54:40.726-0400: 77.942: [GC (GCLocker Initiated GC) [PSYoungGen: 88064K->64731K(175104K)] 560057K->536724K(699392K), 0.0064407 secs] [Times: user=0.08 sys=0.00, real=0.00 secs] 
2016-09-24T03:54:40.769-0400: 77.985: [GC (GCLocker Initiated GC) [PSYoungGen: 152795K->68260K(173056K)] 630438K->572351K(697344K), 0.0163611 secs] [Times: user=0.22 sys=0.00, real=0.02 secs] 
2016-09-24T03:54:40.785-0400: 78.002: [Full GC (Ergonomics) [PSYoungGen: 68260K->0K(173056K)] [ParOldGen: 504090K->465751K(524288K)] 572351K->465751K(697344K), [Metaspace: 43993K->43993K(1087488K)], 0.0537186 secs] [Times: user=0.49 sys=0.01, real=0.05 secs] 
2016-09-24T03:54:40.878-0400: 78.094: [GC (GCLocker Initiated GC) [PSYoungGen: 88064K->85032K(174080K)] 557963K->554932K(698368K), 0.0100477 secs] [Times: user=0.16 sys=0.00, real=0.01 secs] 
2016-09-24T03:54:40.935-0400: 78.152: [GC (GCLocker Initiated GC) [PSYoungGen: 173096K->60061K(175104K)] 652589K->555316K(699392K), 0.0093426 secs] [Times: user=0.14 sys=0.00, real=0.01 secs] 
2016-09-24T03:54:40.945-0400: 78.161: [Full GC (Ergonomics) [PSYoungGen: 60061K->0K(175104K)] [ParOldGen: 495254K->467529K(524288K)] 555316K->467529K(699392K), [Metaspace: 43993K->43993K(1087488K)], 0.0510393 secs] [Times: user=0.47 sys=0.01, real=0.05 secs] 
2016-09-24T03:54:41.034-0400: 78.250: [GC (GCLocker Initiated GC) [PSYoungGen: 88064K->85340K(175104K)] 558364K->566441K(699392K), 0.0079040 secs] [Times: user=0.12 sys=0.00, real=0.01 secs] 
2016-09-24T03:54:41.075-0400: 78.292: [GC (GCLocker Initiated GC) --[PSYoungGen: 173404K->173404K(175104K)] 654534K->696151K(699392K), 0.0135020 secs] [Times: user=0.18 sys=0.00, real=0.01 secs] 
2016-09-24T03:54:41.089-0400: 78.305: [Full GC (Ergonomics) [PSYoungGen: 173404K->0K(175104K)] [ParOldGen: 522746K->469420K(524288K)] 696151K->469420K(699392K), [Metaspace: 43993K->43993K(1087488K)], 0.0554014 secs] [Times: user=0.53 sys=0.00, real=0.06 secs] 
2016-09-24T03:54:41.187-0400: 78.404: [GC (GCLocker Initiated GC) [PSYoungGen: 88064K->76373K(175104K)] 557604K->545914K(699392K), 0.0082361 secs] [Times: user=0.11 sys=0.00, real=0.01 secs] 
2016-09-24T03:54:41.240-0400: 78.456: [GC (GCLocker Initiated GC) [PSYoungGen: 164437K->69562K(175104K)] 635413K->562487K(699392K), 0.0073618 secs] [Times: user=0.10 sys=0.00, real=0.01 secs] 
2016-09-24T03:54:41.247-0400: 78.464: [Full GC (Ergonomics) [PSYoungGen: 69562K->0K(175104K)] [ParOldGen: 492925K->462915K(524288K)] 562487K->462915K(699392K), [Metaspace: 43993K->43993K(1087488K)], 0.0498624 secs] [Times: user=0.44 sys=0.01, real=0.05 secs] 
2016-09-24T03:54:41.329-0400: 78.546: [GC (GCLocker Initiated GC) [PSYoungGen: 88064K->85014K(175104K)] 559485K->556436K(699392K), 0.0080598 secs] [Times: user=0.13 sys=0.00, real=0.01 secs] 
2016-09-24T03:54:41.384-0400: 78.601: [GC (GCLocker Initiated GC) [PSYoungGen: 173078K->54299K(175104K)] 650029K->556348K(699392K), 0.0098760 secs] [Times: user=0.13 sys=0.00, real=0.01 secs] 
2016-09-24T03:54:41.394-0400: 78.611: [Full GC (Ergonomics) [PSYoungGen: 54299K->0K(175104K)] [ParOldGen: 502048K->470000K(524288K)] 556348K->470000K(699392K), [Metaspace: 43993K->43993K(1087488K)], 0.0527675 secs] [Times: user=0.48 sys=0.00, real=0.05 secs] 
2016-09-24T03:54:41.489-0400: 78.705: [GC (GCLocker Initiated GC) [PSYoungGen: 88064K->77630K(175104K)] 558176K->547742K(699392K), 0.0067060 secs] [Times: user=0.10 sys=0.00, real=0.01 secs] 
2016-09-24T03:54:41.535-0400: 78.752: [GC (GCLocker Initiated GC) [PSYoungGen: 165694K->55651K(175104K)] 638561K->555743K(699392K), 0.0070131 secs] [Times: user=0.10 sys=0.00, real=0.01 secs] 
2016-09-24T03:54:41.543-0400: 78.759: [Full GC (Ergonomics) [PSYoungGen: 55651K->0K(175104K)] [ParOldGen: 500091K->471467K(524288K)] 555743K->471467K(699392K), [Metaspace: 43993K->43993K(1087488K)], 0.0513154 secs] [Times: user=0.47 sys=0.00, real=0.04 secs] 
2016-09-24T03:54:41.625-0400: 78.841: [GC (GCLocker Initiated GC) [PSYoungGen: 88064K->86098K(175104K)] 559635K->565770K(699392K), 0.0085631 secs] [Times: user=0.12 sys=0.00, real=0.00 secs] 
2016-09-24T03:54:41.678-0400: 78.895: [Full GC (Ergonomics) [PSYoungGen: 174162K->0K(175104K)] [ParOldGen: 484180K->468960K(524288K)] 658342K->468960K(699392K), [Metaspace: 43993K->43993K(1087488K)], 0.0591034 secs] [Times: user=0.59 sys=0.00, real=0.06 secs] 
2016-09-24T03:54:41.788-0400: 79.005: [GC (GCLocker Initiated GC) [PSYoungGen: 88064K->63928K(175104K)] 568074K->543939K(699392K), 0.0080542 secs] [Times: user=0.12 sys=0.00, real=0.01 secs] 
2016-09-24T03:54:41.830-0400: 79.047: [Full GC (Ergonomics) [PSYoungGen: 151992K->0K(175104K)] [ParOldGen: 488446K->478594K(524288K)] 640439K->478594K(699392K), [Metaspace: 43993K->43993K(1087488K)], 0.0677088 secs] [Times: user=0.67 sys=0.01, real=0.07 secs] 
2016-09-24T03:54:41.946-0400: 79.163: [GC (GCLocker Initiated GC) [PSYoungGen: 88064K->59945K(175104K)] 572261K->544143K(699392K), 0.0077478 secs] [Times: user=0.07 sys=0.01, real=0.00 secs] 
2016-09-24T03:54:41.989-0400: 79.206: [Full GC (Ergonomics) [PSYoungGen: 148009K->0K(175104K)] [ParOldGen: 489646K->481339K(524288K)] 637655K->481339K(699392K), [Metaspace: 43993K->43993K(1087488K)], 0.0585736 secs] [Times: user=0.48 sys=0.00, real=0.06 secs] 
2016-09-24T03:54:42.095-0400: 79.311: [GC (GCLocker Initiated GC) [PSYoungGen: 88064K->67841K(175104K)] 572180K->551958K(699392K), 0.0070218 secs] [Times: user=0.10 sys=0.00, real=0.00 secs] 
2016-09-24T03:54:42.136-0400: 79.353: [GC (GCLocker Initiated GC) [PSYoungGen: 155905K->59877K(175104K)] 640042K->562747K(699392K), 0.0081182 secs] [Times: user=0.11 sys=0.00, real=0.01 secs] 
2016-09-24T03:54:42.145-0400: 79.361: [Full GC (Ergonomics) [PSYoungGen: 59877K->0K(175104K)] [ParOldGen: 502869K->471789K(524288K)] 562747K->471789K(699392K), [Metaspace: 43993K->43993K(1087488K)], 0.0567348 secs] [Times: user=0.58 sys=0.00, real=0.05 secs] 
2016-09-24T03:54:42.243-0400: 79.460: [GC (GCLocker Initiated GC) [PSYoungGen: 88064K->76264K(175104K)] 566761K->554961K(699392K), 0.0079219 secs] [Times: user=0.11 sys=0.00, real=0.00 secs] 
2016-09-24T03:54:42.290-0400: 79.506: [GC (GCLocker Initiated GC) [PSYoungGen: 164328K->55505K(175104K)] 643499K->567304K(699392K), 0.0102565 secs] [Times: user=0.14 sys=0.01, real=0.01 secs] 
2016-09-24T03:54:42.300-0400: 79.517: [Full GC (Ergonomics) [PSYoungGen: 55505K->0K(175104K)] [ParOldGen: 511798K->474589K(524288K)] 567304K->474589K(699392K), [Metaspace: 43993K->43993K(1087488K)], 0.0511276 secs] [Times: user=0.46 sys=0.00, real=0.05 secs] 
2016-09-24T03:54:42.387-0400: 79.604: [Full GC (Ergonomics) [PSYoungGen: 88064K->0K(175104K)] [ParOldGen: 481424K->479084K(524288K)] 569488K->479084K(699392K), [Metaspace: 43993K->43993K(1087488K)], 0.0634363 secs] [Times: user=0.67 sys=0.00, real=0.06 secs] 
2016-09-24T03:54:42.487-0400: 79.704: [GC (GCLocker Initiated GC) [PSYoungGen: 88064K->77130K(175104K)] 567269K->556335K(699392K), 0.0078747 secs] [Times: user=0.10 sys=0.00, real=0.01 secs] 
2016-09-24T03:54:42.527-0400: 79.744: [GC (GCLocker Initiated GC) [PSYoungGen: 165194K->67654K(175104K)] 647280K->576476K(699392K), 0.0087982 secs] [Times: user=0.13 sys=0.00, real=0.01 secs] 
2016-09-24T03:54:42.536-0400: 79.753: [Full GC (Ergonomics) [PSYoungGen: 67654K->0K(175104K)] [ParOldGen: 508821K->482836K(524288K)] 576476K->482836K(699392K), [Metaspace: 43993K->43993K(1087488K)], 0.0597085 secs] [Times: user=0.64 sys=0.00, real=0.06 secs] 
2016-09-24T03:54:42.636-0400: 79.853: [Full GC (Ergonomics) [PSYoungGen: 88064K->0K(175104K)] [ParOldGen: 483501K->476499K(524288K)] 571565K->476499K(699392K), [Metaspace: 43996K->43996K(1087488K)], 0.0529301 secs] [Times: user=0.53 sys=0.00, real=0.05 secs] 
2016-09-24T03:54:42.721-0400: 79.937: [GC (GCLocker Initiated GC) [PSYoungGen: 88064K->81157K(175104K)] 567328K->560421K(699392K), 0.0070813 secs] [Times: user=0.10 sys=0.00, real=0.01 secs] 
2016-09-24T03:54:42.763-0400: 79.980: [Full GC (Ergonomics) [PSYoungGen: 169221K->0K(175104K)] [ParOldGen: 482123K->486980K(524288K)] 651344K->486980K(699392K), [Metaspace: 43996K->43996K(1087488K)], 0.0640979 secs] [Times: user=0.59 sys=0.00, real=0.06 secs] 
2016-09-24T03:54:42.866-0400: 80.083: [Full GC (Ergonomics) [PSYoungGen: 88064K->0K(175104K)] [ParOldGen: 487105K->476477K(524288K)] 575169K->476477K(699392K), [Metaspace: 43996K->43996K(1087488K)], 0.0536457 secs] [Times: user=0.51 sys=0.00, real=0.05 secs] 
2016-09-24T03:54:42.953-0400: 80.170: [Full GC (Ergonomics) [PSYoungGen: 88064K->0K(175104K)] [ParOldGen: 484799K->485243K(524288K)] 572863K->485243K(699392K), [Metaspace: 43996K->43996K(1087488K)], 0.0700063 secs] [Times: user=0.74 sys=0.00, real=0.08 secs] 
2016-09-24T03:54:43.070-0400: 80.286: [Full GC (Ergonomics) [PSYoungGen: 88064K->0K(175104K)] [ParOldGen: 488027K->480173K(524288K)] 576091K->480173K(699392K), [Metaspace: 43996K->43996K(1087488K)], 0.0548350 secs] [Times: user=0.51 sys=0.00, real=0.06 secs] 
2016-09-24T03:54:43.153-0400: 80.369: [GC (GCLocker Initiated GC) [PSYoungGen: 88064K->85439K(175104K)] 568505K->573981K(699392K), 0.0087494 secs] [Times: user=0.12 sys=0.01, real=0.01 secs] 
2016-09-24T03:54:43.162-0400: 80.378: [Full GC (Ergonomics) [PSYoungGen: 85439K->0K(175104K)] [ParOldGen: 488541K->491627K(524288K)] 573981K->491627K(699392K), [Metaspace: 43996K->43996K(1087488K)], 0.0617231 secs] [Times: user=0.65 sys=0.00, real=0.07 secs] 
2016-09-24T03:54:43.263-0400: 80.479: [Full GC (Ergonomics) [PSYoungGen: 88064K->0K(175104K)] [ParOldGen: 498465K->482031K(524288K)] 586529K->482031K(699392K), [Metaspace: 43996K->43996K(1087488K)], 0.0789881 secs] [Times: user=0.90 sys=0.01, real=0.07 secs] 
2016-09-24T03:54:43.378-0400: 80.595: [Full GC (Ergonomics) [PSYoungGen: 88064K->0K(175104K)] [ParOldGen: 486201K->474463K(524288K)] 574265K->474463K(699392K), [Metaspace: 43996K->43996K(1087488K)], 0.0525051 secs] [Times: user=0.47 sys=0.01, real=0.05 secs] 
2016-09-24T03:54:43.471-0400: 80.688: [Full GC (Ergonomics) [PSYoungGen: 88064K->0K(175104K)] [ParOldGen: 490766K->491418K(524288K)] 578830K->491418K(699392K), [Metaspace: 43996K->43996K(1087488K)], 0.0555626 secs] [Times: user=0.51 sys=0.01, real=0.06 secs] 
2016-09-24T03:54:43.569-0400: 80.786: [Full GC (Ergonomics) [PSYoungGen: 88064K->0K(175104K)] [ParOldGen: 499548K->481033K(524288K)] 587612K->481033K(699392K), [Metaspace: 43996K->43996K(1087488K)], 0.0543113 secs] [Times: user=0.46 sys=0.01, real=0.06 secs] 
2016-09-24T03:54:43.665-0400: 80.881: [Full GC (Ergonomics) [PSYoungGen: 88064K->0K(175104K)] [ParOldGen: 485699K->476503K(524288K)] 573763K->476503K(699392K), [Metaspace: 43999K->43999K(1087488K)], 0.0545774 secs] [Times: user=0.42 sys=0.01, real=0.05 secs] 
2016-09-24T03:54:43.754-0400: 80.971: [GC (GCLocker Initiated GC) [PSYoungGen: 88064K->79450K(175104K)] 564678K->556065K(699392K), 0.0069971 secs] [Times: user=0.10 sys=0.00, real=0.00 secs] 
2016-09-24T03:54:43.806-0400: 81.022: [GC (GCLocker Initiated GC) [PSYoungGen: 167514K->58167K(175104K)] 649660K->555832K(699392K), 0.0098795 secs] [Times: user=0.12 sys=0.01, real=0.01 secs] 
2016-09-24T03:54:43.816-0400: 81.033: [Full GC (Ergonomics) [PSYoungGen: 58167K->0K(175104K)] [ParOldGen: 497665K->479962K(524288K)] 555832K->479962K(699392K), [Metaspace: 43999K->43999K(1087488K)], 0.0572737 secs] [Times: user=0.59 sys=0.01, real=0.05 secs] 
2016-09-24T03:54:43.910-0400: 81.127: [GC (GCLocker Initiated GC) [PSYoungGen: 88064K->76018K(175104K)] 572717K->560671K(699392K), 0.0114865 secs] [Times: user=0.14 sys=0.00, real=0.01 secs] 
2016-09-24T03:54:43.956-0400: 81.173: [GC (GCLocker Initiated GC) [PSYoungGen: 164082K->67235K(175104K)] 649366K->563184K(699392K), 0.0096196 secs] [Times: user=0.12 sys=0.01, real=0.01 secs] 
2016-09-24T03:54:43.966-0400: 81.183: [Full GC (Ergonomics) [PSYoungGen: 67235K->0K(175104K)] [ParOldGen: 495948K->477122K(524288K)] 563184K->477122K(699392K), [Metaspace: 44005K->44005K(1087488K)], 0.0499178 secs] [Times: user=0.38 sys=0.00, real=0.05 secs] 
2016-09-24T03:54:44.049-0400: 81.266: [GC (GCLocker Initiated GC) [PSYoungGen: 88064K->62188K(175104K)] 565912K->540037K(699392K), 0.0104310 secs] [Times: user=0.09 sys=0.01, real=0.01 secs] 
2016-09-24T03:54:44.094-0400: 81.310: [GC (GCLocker Initiated GC) [PSYoungGen: 150252K->59030K(175104K)] 628134K->574480K(699392K), 0.0084075 secs] [Times: user=0.09 sys=0.00, real=0.02 secs] 
2016-09-24T03:54:44.102-0400: 81.319: [Full GC (Ergonomics) [PSYoungGen: 59030K->0K(175104K)] [ParOldGen: 515449K->487292K(524288K)] 574480K->487292K(699392K), [Metaspace: 44005K->44005K(1087488K)], 0.0540276 secs] [Times: user=0.52 sys=0.01, real=0.05 secs] 
2016-09-24T03:54:44.190-0400: 81.407: [Full GC (Ergonomics) [PSYoungGen: 88064K->0K(175104K)] [ParOldGen: 487691K->489469K(524288K)] 575755K->489469K(699392K), [Metaspace: 44005K->44005K(1087488K)], 0.0511932 secs] [Times: user=0.45 sys=0.01, real=0.05 secs] 
2016-09-24T03:54:44.287-0400: 81.503: [Full GC (Ergonomics) [PSYoungGen: 88064K->0K(175104K)] [ParOldGen: 492267K->480174K(524288K)] 580331K->480174K(699392K), [Metaspace: 44005K->44005K(1087488K)], 0.0538743 secs] [Times: user=0.53 sys=0.01, real=0.05 secs] 
2016-09-24T03:54:44.372-0400: 81.589: [Full GC (Ergonomics) [PSYoungGen: 88064K->0K(175104K)] [ParOldGen: 482989K->497081K(524288K)] 571053K->497081K(699392K), [Metaspace: 44005K->44005K(1087488K)], 0.0586059 secs] [Times: user=0.57 sys=0.00, real=0.06 secs] 
2016-09-24T03:54:44.476-0400: 81.693: [Full GC (Ergonomics) [PSYoungGen: 88064K->0K(175104K)] [ParOldGen: 503867K->486752K(524288K)] 591931K->486752K(699392K), [Metaspace: 44005K->44005K(1087488K)], 0.0532044 secs] [Times: user=0.52 sys=0.00, real=0.05 secs] 
2016-09-24T03:54:44.562-0400: 81.779: [Full GC (Ergonomics) [PSYoungGen: 88064K->0K(175104K)] [ParOldGen: 489679K->495120K(524288K)] 577743K->495120K(699392K), [Metaspace: 44005K->44005K(1087488K)], 0.0604826 secs] [Times: user=0.65 sys=0.01, real=0.07 secs] 
2016-09-24T03:54:44.664-0400: 81.881: [Full GC (Ergonomics) [PSYoungGen: 88064K->0K(175104K)] [ParOldGen: 511457K->490437K(524288K)] 599521K->490437K(699392K), [Metaspace: 44005K->44005K(1087488K)], 0.0572872 secs] [Times: user=0.56 sys=0.00, real=0.05 secs] 
2016-09-24T03:54:44.765-0400: 81.981: [Full GC (Ergonomics) [PSYoungGen: 88064K->0K(175104K)] [ParOldGen: 495922K->488068K(524288K)] 583986K->488068K(699392K), [Metaspace: 44005K->44005K(1087488K)], 0.0661998 secs] [Times: user=0.70 sys=0.00, real=0.06 secs] 
2016-09-24T03:54:44.868-0400: 82.085: [Full GC (Ergonomics) [PSYoungGen: 88064K->0K(175104K)] [ParOldGen: 492371K->491384K(524288K)] 580435K->491384K(699392K), [Metaspace: 44005K->44005K(1087488K)], 0.0550710 secs] [Times: user=0.55 sys=0.01, real=0.06 secs] 
2016-09-24T03:54:44.970-0400: 82.186: [Full GC (Ergonomics) [PSYoungGen: 88064K->0K(175104K)] [ParOldGen: 500961K->492003K(524288K)] 589025K->492003K(699392K), [Metaspace: 44005K->44005K(1087488K)], 0.0549563 secs] [Times: user=0.47 sys=0.00, real=0.06 secs] 
2016-09-24T03:54:45.073-0400: 82.290: [Full GC (Ergonomics) [PSYoungGen: 88064K->0K(175104K)] [ParOldGen: 499140K->480594K(524288K)] 587204K->480594K(699392K), [Metaspace: 44005K->44005K(1087488K)], 0.0620526 secs] [Times: user=0.62 sys=0.00, real=0.07 secs] 
2016-09-24T03:54:45.164-0400: 82.381: [Full GC (Ergonomics) [PSYoungGen: 88064K->0K(175104K)] [ParOldGen: 483496K->501267K(524288K)] 571560K->501267K(699392K), [Metaspace: 44005K->44005K(1087488K)], 0.0548108 secs] [Times: user=0.54 sys=0.00, real=0.05 secs] 
2016-09-24T03:54:45.265-0400: 82.481: [Full GC (Ergonomics) [PSYoungGen: 88064K->0K(175104K)] [ParOldGen: 510951K->493711K(524288K)] 599015K->493711K(699392K), [Metaspace: 44005K->44005K(1087488K)], 0.0572887 secs] [Times: user=0.59 sys=0.00, real=0.05 secs] 
2016-09-24T03:54:45.369-0400: 82.586: [Full GC (Ergonomics) [PSYoungGen: 88064K->0K(175104K)] [ParOldGen: 493880K->486107K(524288K)] 581944K->486107K(699392K), [Metaspace: 44005K->44005K(1087488K)], 0.0600598 secs] [Times: user=0.64 sys=0.01, real=0.06 secs] 
2016-09-24T03:54:45.462-0400: 82.679: [Full GC (Ergonomics) [PSYoungGen: 88064K->0K(175104K)] [ParOldGen: 486311K->493644K(524288K)] 574375K->493644K(699392K), [Metaspace: 44005K->44005K(1087488K)], 0.1080185 secs] [Times: user=1.43 sys=0.01, real=0.10 secs] 
2016-09-24T03:54:45.615-0400: 82.831: [Full GC (Ergonomics) [PSYoungGen: 88064K->0K(175104K)] [ParOldGen: 496555K->489006K(524288K)] 584619K->489006K(699392K), [Metaspace: 44006K->44006K(1087488K)], 0.0579836 secs] [Times: user=0.53 sys=0.01, real=0.05 secs] 
2016-09-24T03:54:45.705-0400: 82.922: [Full GC (Ergonomics) [PSYoungGen: 88064K->0K(175104K)] [ParOldGen: 489035K->497627K(524288K)] 577099K->497627K(699392K), [Metaspace: 44006K->44006K(1087488K)], 0.0631554 secs] [Times: user=0.54 sys=0.00, real=0.06 secs] 
2016-09-24T03:54:45.809-0400: 83.026: [Full GC (Ergonomics) [PSYoungGen: 88064K->0K(175104K)] [ParOldGen: 500461K->487361K(524288K)] 588525K->487361K(699392K), [Metaspace: 44006K->44006K(1087488K)], 0.0571906 secs] [Times: user=0.53 sys=0.01, real=0.06 secs] 
2016-09-24T03:54:45.916-0400: 83.133: [Full GC (Ergonomics) [PSYoungGen: 88064K->0K(175104K)] [ParOldGen: 502353K->493567K(524288K)] 590417K->493567K(699392K), [Metaspace: 44006K->44006K(1087488K)], 0.0566807 secs] [Times: user=0.52 sys=0.01, real=0.05 secs] 
2016-09-24T03:54:46.020-0400: 83.237: [Full GC (Ergonomics) [PSYoungGen: 88064K->0K(175104K)] [ParOldGen: 500382K->488816K(524288K)] 588446K->488816K(699392K), [Metaspace: 44006K->44006K(1087488K)], 0.0712295 secs] [Times: user=0.88 sys=0.02, real=0.07 secs] 
2016-09-24T03:54:46.128-0400: 83.345: [Full GC (Ergonomics) [PSYoungGen: 88064K->0K(175104K)] [ParOldGen: 491564K->497598K(524288K)] 579628K->497598K(699392K), [Metaspace: 44006K->44006K(1087488K)], 0.0545828 secs] [Times: user=0.61 sys=0.02, real=0.06 secs] 
2016-09-24T03:54:46.230-0400: 83.447: [Full GC (Ergonomics) [PSYoungGen: 88064K->0K(175104K)] [ParOldGen: 497661K->498318K(524288K)] 585725K->498318K(699392K), [Metaspace: 44006K->44006K(1087488K)], 0.0577821 secs] [Times: user=0.58 sys=0.00, real=0.06 secs] 
2016-09-24T03:54:46.341-0400: 83.558: [Full GC (Ergonomics) [PSYoungGen: 88064K->0K(175104K)] [ParOldGen: 507959K->490788K(524288K)] 596023K->490788K(699392K), [Metaspace: 44006K->44006K(1087488K)], 0.0734595 secs] [Times: user=0.81 sys=0.01, real=0.08 secs] 
2016-09-24T03:54:46.445-0400: 83.662: [Full GC (Ergonomics) [PSYoungGen: 88064K->0K(175104K)] [ParOldGen: 496406K->496973K(524288K)] 584470K->496973K(699392K), [Metaspace: 44006K->44006K(1087488K)], 0.0550521 secs] [Times: user=0.54 sys=0.01, real=0.05 secs] 
2016-09-24T03:54:46.558-0400: 83.774: [Full GC (Ergonomics) [PSYoungGen: 88064K->0K(175104K)] [ParOldGen: 513763K->495286K(524288K)] 601827K->495286K(699392K), [Metaspace: 44006K->44006K(1087488K)], 0.0651079 secs] [Times: user=0.72 sys=0.00, real=0.07 secs] 
2016-09-24T03:54:46.675-0400: 83.891: [Full GC (Ergonomics) [PSYoungGen: 88064K->0K(175104K)] [ParOldGen: 500882K->493071K(524288K)] 588946K->493071K(699392K), [Metaspace: 44006K->44006K(1087488K)], 0.0580154 secs] [Times: user=0.55 sys=0.01, real=0.05 secs] 
2016-09-24T03:54:46.772-0400: 83.989: [Full GC (Ergonomics) [PSYoungGen: 88064K->0K(175104K)] [ParOldGen: 493186K->493815K(524288K)] 581250K->493815K(699392K), [Metaspace: 44006K->44006K(1087488K)], 0.0666514 secs] [Times: user=0.70 sys=0.00, real=0.07 secs] 
2016-09-24T03:54:46.872-0400: 84.089: [Full GC (Ergonomics) [PSYoungGen: 88064K->0K(175104K)] [ParOldGen: 496685K->505296K(524288K)] 584749K->505296K(699392K), [Metaspace: 44006K->44006K(1087488K)], 0.0557577 secs] [Times: user=0.56 sys=0.01, real=0.06 secs] 
2016-09-24T03:54:46.968-0400: 84.185: [Full GC (Ergonomics) [PSYoungGen: 88064K->0K(175104K)] [ParOldGen: 513583K->503421K(524288K)] 601647K->503421K(699392K), [Metaspace: 44006K->44006K(1087488K)], 0.0638081 secs] [Times: user=0.73 sys=0.01, real=0.06 secs] 
2016-09-24T03:54:47.081-0400: 84.297: [Full GC (Ergonomics) [PSYoungGen: 88064K->0K(175104K)] [ParOldGen: 514304K->502932K(524288K)] 602368K->502932K(699392K), [Metaspace: 44014K->44014K(1087488K)], 0.0542841 secs] [Times: user=0.46 sys=0.00, real=0.06 secs] 
2016-09-24T03:54:47.181-0400: 84.398: [Full GC (Ergonomics) [PSYoungGen: 88064K->0K(175104K)] [ParOldGen: 504362K->496763K(524288K)] 592426K->496763K(699392K), [Metaspace: 44014K->44014K(1087488K)], 0.0600704 secs] [Times: user=0.58 sys=0.01, real=0.06 secs] 
2016-09-24T03:54:47.280-0400: 84.496: [Full GC (Ergonomics) [PSYoungGen: 88064K->0K(175104K)] [ParOldGen: 496797K->491841K(524288K)] 584861K->491841K(699392K), [Metaspace: 44014K->44014K(1087488K)], 0.0553328 secs] [Times: user=0.54 sys=0.00, real=0.06 secs] 
2016-09-24T03:54:47.368-0400: 84.584: [Full GC (Ergonomics) [PSYoungGen: 88064K->0K(175104K)] [ParOldGen: 494971K->504921K(524288K)] 583035K->504921K(699392K), [Metaspace: 44014K->44014K(1087488K)], 0.0583646 secs] [Times: user=0.56 sys=0.01, real=0.06 secs] 
2016-09-24T03:54:47.470-0400: 84.687: [Full GC (Ergonomics) [PSYoungGen: 88064K->0K(175104K)] [ParOldGen: 510460K->501389K(524288K)] 598524K->501389K(699392K), [Metaspace: 44014K->44014K(1087488K)], 0.0676945 secs] [Times: user=0.64 sys=0.00, real=0.07 secs] 
2016-09-24T03:54:47.574-0400: 84.791: [Full GC (Ergonomics) [PSYoungGen: 88064K->0K(175104K)] [ParOldGen: 503421K->497209K(524288K)] 591485K->497209K(699392K), [Metaspace: 44014K->44014K(1087488K)], 0.0610193 secs] [Times: user=0.56 sys=0.00, real=0.06 secs] 
2016-09-24T03:54:47.685-0400: 84.902: [Full GC (Ergonomics) [PSYoungGen: 88064K->0K(175104K)] [ParOldGen: 497294K->492954K(524288K)] 585358K->492954K(699392K), [Metaspace: 44014K->44014K(1087488K)], 0.1046401 secs] [Times: user=1.37 sys=0.01, real=0.10 secs] 
2016-09-24T03:54:47.823-0400: 85.040: [Full GC (Ergonomics) [PSYoungGen: 88064K->0K(175104K)] [ParOldGen: 498421K->504524K(524288K)] 586485K->504524K(699392K), [Metaspace: 44017K->44017K(1087488K)], 0.0652376 secs] [Times: user=0.73 sys=0.00, real=0.06 secs] 
2016-09-24T03:54:47.928-0400: 85.145: [Full GC (Ergonomics) [PSYoungGen: 88064K->0K(175104K)] [ParOldGen: 504615K->498408K(524288K)] 592679K->498408K(699392K), [Metaspace: 44017K->44017K(1087488K)], 0.0589097 secs] [Times: user=0.58 sys=0.00, real=0.06 secs] 
2016-09-24T03:54:48.030-0400: 85.246: [Full GC (Ergonomics) [PSYoungGen: 88064K->0K(175104K)] [ParOldGen: 501341K->503046K(524288K)] 589405K->503046K(699392K), [Metaspace: 44020K->44020K(1087488K)], 0.0649982 secs] [Times: user=0.68 sys=0.00, real=0.07 secs] 
2016-09-24T03:54:48.131-0400: 85.347: [Full GC (Ergonomics) [PSYoungGen: 88064K->0K(175104K)] [ParOldGen: 503130K->498308K(524288K)] 591194K->498308K(699392K), [Metaspace: 44020K->44020K(1087488K)], 0.0602829 secs] [Times: user=0.62 sys=0.00, real=0.06 secs] 
2016-09-24T03:54:48.233-0400: 85.449: [Full GC (Ergonomics) [PSYoungGen: 88064K->0K(175104K)] [ParOldGen: 503916K->504516K(524288K)] 591980K->504516K(699392K), [Metaspace: 44020K->44020K(1087488K)], 0.0498426 secs] [Times: user=0.44 sys=0.00, real=0.06 secs] 
2016-09-24T03:54:48.325-0400: 85.542: [Full GC (Ergonomics) [PSYoungGen: 88064K->0K(175104K)] [ParOldGen: 511378K->497062K(524288K)] 599442K->497062K(699392K), [Metaspace: 44020K->44020K(1087488K)], 0.0580377 secs] [Times: user=0.58 sys=0.00, real=0.06 secs] 
2016-09-24T03:54:48.419-0400: 85.635: [Full GC (Ergonomics) [PSYoungGen: 88064K->0K(175104K)] [ParOldGen: 501164K->505818K(524288K)] 589228K->505818K(699392K), [Metaspace: 44020K->44020K(1087488K)], 0.0508956 secs] [Times: user=0.42 sys=0.00, real=0.05 secs] 
2016-09-24T03:54:48.508-0400: 85.724: [Full GC (Ergonomics) [PSYoungGen: 88064K->0K(175104K)] [ParOldGen: 508699K->509134K(524288K)] 596763K->509134K(699392K), [Metaspace: 44020K->44020K(1087488K)], 0.0519239 secs] [Times: user=0.56 sys=0.00, real=0.05 secs] 
2016-09-24T03:54:48.602-0400: 85.818: [Full GC (Ergonomics) [PSYoungGen: 88064K->0K(175104K)] [ParOldGen: 512804K->508621K(524288K)] 600868K->508621K(699392K), [Metaspace: 44020K->44020K(1087488K)], 0.0629976 secs] [Times: user=0.76 sys=0.02, real=0.07 secs] 
2016-09-24T03:54:48.710-0400: 85.926: [Full GC (Ergonomics) [PSYoungGen: 88064K->0K(175104K)] [ParOldGen: 511360K->496819K(524288K)] 599424K->496819K(699392K), [Metaspace: 44020K->44020K(1087488K)], 0.0515389 secs] [Times: user=0.42 sys=0.01, real=0.05 secs] 
2016-09-24T03:54:48.800-0400: 86.016: [Full GC (Ergonomics) [PSYoungGen: 88064K->0K(175104K)] [ParOldGen: 499606K->504452K(524288K)] 587670K->504452K(699392K), [Metaspace: 44020K->44020K(1087488K)], 0.0547296 secs] [Times: user=0.44 sys=0.00, real=0.06 secs] 
2016-09-24T03:54:48.892-0400: 86.108: [Full GC (Ergonomics) [PSYoungGen: 88064K->0K(175104K)] [ParOldGen: 514116K->517175K(524288K)] 602180K->517175K(699392K), [Metaspace: 44021K->44021K(1087488K)], 0.0627163 secs] [Times: user=0.66 sys=0.00, real=0.07 secs] 
2016-09-24T03:54:48.992-0400: 86.209: [Full GC (Ergonomics) [PSYoungGen: 88064K->0K(175104K)] [ParOldGen: 517354K->509761K(524288K)] 605418K->509761K(699392K), [Metaspace: 44021K->44021K(1087488K)], 0.0529436 secs] [Times: user=0.45 sys=0.01, real=0.06 secs] 
2016-09-24T03:54:49.092-0400: 86.309: [Full GC (Ergonomics) [PSYoungGen: 88064K->0K(175104K)] [ParOldGen: 512527K->510538K(524288K)] 600591K->510538K(699392K), [Metaspace: 44021K->44021K(1087488K)], 0.0556190 secs] [Times: user=0.55 sys=0.00, real=0.06 secs] 
2016-09-24T03:54:49.195-0400: 86.412: [Full GC (Ergonomics) [PSYoungGen: 88064K->0K(175104K)] [ParOldGen: 510658K->502889K(524288K)] 598722K->502889K(699392K), [Metaspace: 44021K->44021K(1087488K)], 0.0635980 secs] [Times: user=0.66 sys=0.00, real=0.06 secs] 
2016-09-24T03:54:49.298-0400: 86.515: [Full GC (Ergonomics) [PSYoungGen: 88064K->0K(175104K)] [ParOldGen: 502945K->503684K(524288K)] 591009K->503684K(699392K), [Metaspace: 44021K->44021K(1087488K)], 0.0662388 secs] [Times: user=0.62 sys=0.01, real=0.07 secs] 
2016-09-24T03:54:49.405-0400: 86.622: [Full GC (Ergonomics) [PSYoungGen: 88064K->0K(175104K)] [ParOldGen: 509312K->508544K(524288K)] 597376K->508544K(699392K), [Metaspace: 44021K->44021K(1087488K)], 0.0679361 secs] [Times: user=0.65 sys=0.01, real=0.06 secs] 
2016-09-24T03:54:49.518-0400: 86.734: [Full GC (Ergonomics) [PSYoungGen: 88064K->0K(175104K)] [ParOldGen: 511741K->507801K(524288K)] 599805K->507801K(699392K), [Metaspace: 44021K->44021K(1087488K)], 0.0622972 secs] [Times: user=0.67 sys=0.00, real=0.06 secs] 
2016-09-24T03:54:49.620-0400: 86.836: [Full GC (Ergonomics) [PSYoungGen: 88064K->0K(175104K)] [ParOldGen: 509293K->505801K(524288K)] 597357K->505801K(699392K), [Metaspace: 44021K->44021K(1087488K)], 0.0547356 secs] [Times: user=0.52 sys=0.00, real=0.06 secs] 
2016-09-24T03:54:49.711-0400: 86.928: [Full GC (Ergonomics) [PSYoungGen: 88064K->0K(175104K)] [ParOldGen: 505888K->511840K(524288K)] 593952K->511840K(699392K), [Metaspace: 44021K->44021K(1087488K)], 0.0600756 secs] [Times: user=0.59 sys=0.00, real=0.06 secs] 
2016-09-24T03:54:49.815-0400: 87.032: [Full GC (Ergonomics) [PSYoungGen: 88064K->0K(175104K)] [ParOldGen: 520160K->510965K(524288K)] 608224K->510965K(699392K), [Metaspace: 44021K->44021K(1087488K)], 0.0832582 secs] [Times: user=1.02 sys=0.01, real=0.08 secs] 
2016-09-24T03:54:49.936-0400: 87.152: [Full GC (Ergonomics) [PSYoungGen: 88064K->0K(175104K)] [ParOldGen: 516470K->514351K(524288K)] 604534K->514351K(699392K), [Metaspace: 44021K->44021K(1087488K)], 0.0662566 secs] [Times: user=0.70 sys=0.01, real=0.06 secs] 
2016-09-24T03:54:50.045-0400: 87.262: [Full GC (Ergonomics) [PSYoungGen: 88064K->0K(175104K)] [ParOldGen: 515739K->506855K(524288K)] 603803K->506855K(699392K), [Metaspace: 44021K->44021K(1087488K)], 0.0484507 secs] [Times: user=0.47 sys=0.00, real=0.04 secs] 
2016-09-24T03:54:50.126-0400: 87.342: [Full GC (Ergonomics) [PSYoungGen: 88064K->0K(175104K)] [ParOldGen: 507040K->515679K(524288K)] 595104K->515679K(699392K), [Metaspace: 44021K->44021K(1087488K)], 0.0552026 secs] [Times: user=0.48 sys=0.00, real=0.05 secs] 
2016-09-24T03:54:50.222-0400: 87.439: [Full GC (Ergonomics) [PSYoungGen: 88064K->0K(175104K)] [ParOldGen: 523853K->518909K(524288K)] 611917K->518909K(699392K), [Metaspace: 44021K->44021K(1087488K)], 0.0513182 secs] [Times: user=0.47 sys=0.01, real=0.04 secs] 
2016-09-24T03:54:50.321-0400: 87.537: [Full GC (Ergonomics) [PSYoungGen: 88064K->0K(175104K)] [ParOldGen: 522059K->508831K(524288K)] 610123K->508831K(699392K), [Metaspace: 44021K->44021K(1087488K)], 0.0508064 secs] [Times: user=0.46 sys=0.00, real=0.05 secs] 
2016-09-24T03:54:50.407-0400: 87.624: [Full GC (Ergonomics) [PSYoungGen: 88064K->0K(175104K)] [ParOldGen: 513028K->517557K(524288K)] 601092K->517557K(699392K), [Metaspace: 44021K->44021K(1087488K)], 0.0595359 secs] [Times: user=0.63 sys=0.00, real=0.06 secs] 
2016-09-24T03:54:50.509-0400: 87.725: [Full GC (Ergonomics) [PSYoungGen: 88064K->0K(175104K)] [ParOldGen: 523092K->515418K(524288K)] 611156K->515418K(699392K), [Metaspace: 44024K->44024K(1087488K)], 0.0637635 secs] [Times: user=0.68 sys=0.00, real=0.06 secs] 
2016-09-24T03:54:50.606-0400: 87.823: [Full GC (Ergonomics) [PSYoungGen: 88064K->0K(175104K)] [ParOldGen: 518222K->518789K(524288K)] 606286K->518789K(699392K), [Metaspace: 44024K->44024K(1087488K)], 0.0496080 secs] [Times: user=0.41 sys=0.01, real=0.05 secs] 
2016-09-24T03:54:50.701-0400: 87.917: [Full GC (Ergonomics) [PSYoungGen: 88064K->0K(175104K)] [ParOldGen: 520233K->511244K(524288K)] 608297K->511244K(699392K), [Metaspace: 44024K->44024K(1087488K)], 0.0552774 secs] [Times: user=0.51 sys=0.00, real=0.06 secs] 
2016-09-24T03:54:50.791-0400: 88.008: [Full GC (Ergonomics) [PSYoungGen: 88064K->0K(175104K)] [ParOldGen: 511307K->517288K(524288K)] 599371K->517288K(699392K), [Metaspace: 44024K->44024K(1087488K)], 0.0618418 secs] [Times: user=0.64 sys=0.01, real=0.06 secs] 
2016-09-24T03:54:50.903-0400: 88.120: [Full GC (Ergonomics) [PSYoungGen: 88064K->0K(175104K)] [ParOldGen: 517805K->505698K(524288K)] 605869K->505698K(699392K), [Metaspace: 44024K->44024K(1087488K)], 0.0635250 secs] [Times: user=0.74 sys=0.01, real=0.06 secs] 
2016-09-24T03:54:51.007-0400: 88.224: [Full GC (Ergonomics) [PSYoungGen: 88064K->0K(175104K)] [ParOldGen: 511227K->512919K(524288K)] 599291K->512919K(699392K), [Metaspace: 44024K->44024K(1087488K)], 0.0726096 secs] [Times: user=0.77 sys=0.01, real=0.07 secs] 
2016-09-24T03:54:51.108-0400: 88.325: [Full GC (Ergonomics) [PSYoungGen: 88064K->2709K(175104K)] [ParOldGen: 518669K->521740K(524288K)] 606733K->524449K(699392K), [Metaspace: 44024K->44024K(1087488K)], 0.0702301 secs] [Times: user=0.72 sys=0.00, real=0.07 secs] 
2016-09-24T03:54:51.214-0400: 88.430: [Full GC (Ergonomics) [PSYoungGen: 87960K->0K(175104K)] [ParOldGen: 521740K->514083K(524288K)] 609700K->514083K(699392K), [Metaspace: 44024K->44024K(1087488K)], 0.0665829 secs] [Times: user=0.60 sys=0.01, real=0.07 secs] 
2016-09-24T03:54:51.323-0400: 88.540: [Full GC (Ergonomics) [PSYoungGen: 88064K->0K(175104K)] [ParOldGen: 515554K->517291K(524288K)] 603618K->517291K(699392K), [Metaspace: 44024K->44024K(1087488K)], 0.0547336 secs] [Times: user=0.52 sys=0.00, real=0.05 secs] 
2016-09-24T03:54:51.418-0400: 88.635: [Full GC (Ergonomics) [PSYoungGen: 88064K->0K(175104K)] [ParOldGen: 522759K->520597K(524288K)] 610823K->520597K(699392K), [Metaspace: 44024K->44024K(1087488K)], 0.0540876 secs] [Times: user=0.50 sys=0.02, real=0.05 secs] 
2016-09-24T03:54:51.507-0400: 88.723: [Full GC (Ergonomics) [PSYoungGen: 88064K->0K(175104K)] [ParOldGen: 523404K->517095K(524288K)] 611468K->517095K(699392K), [Metaspace: 44024K->44024K(1087488K)], 0.0574021 secs] [Times: user=0.52 sys=0.00, real=0.06 secs] 
2016-09-24T03:54:51.609-0400: 88.825: [Full GC (Ergonomics) [PSYoungGen: 88064K->0K(175104K)] [ParOldGen: 519854K->519025K(524288K)] 607918K->519025K(699392K), [Metaspace: 44024K->44024K(1087488K)], 0.0702956 secs] [Times: user=0.84 sys=0.00, real=0.07 secs] 
2016-09-24T03:54:51.721-0400: 88.937: [Full GC (Ergonomics) [PSYoungGen: 88064K->0K(175104K)] [ParOldGen: 519126K->509959K(524288K)] 607190K->509959K(699392K), [Metaspace: 44024K->44024K(1087488K)], 0.0660715 secs] [Times: user=0.69 sys=0.00, real=0.07 secs] 
2016-09-24T03:54:51.821-0400: 89.037: [Full GC (Ergonomics) [PSYoungGen: 88064K->0K(175104K)] [ParOldGen: 512756K->518660K(524288K)] 600820K->518660K(699392K), [Metaspace: 44024K->44024K(1087488K)], 0.0573419 secs] [Times: user=0.53 sys=0.02, real=0.06 secs] 
2016-09-24T03:54:51.922-0400: 89.139: [Full GC (Ergonomics) [PSYoungGen: 88064K->0K(175104K)] [ParOldGen: 524287K->519058K(524288K)] 612351K->519058K(699392K), [Metaspace: 44024K->44024K(1087488K)], 0.1600834 secs] [Times: user=2.38 sys=0.01, real=0.16 secs] 
2016-09-24T03:54:52.121-0400: 89.338: [Full GC (Ergonomics) [PSYoungGen: 88064K->0K(175104K)] [ParOldGen: 519239K->514128K(524288K)] 607303K->514128K(699392K), [Metaspace: 44024K->44024K(1087488K)], 0.0612383 secs] [Times: user=0.68 sys=0.00, real=0.07 secs] 
2016-09-24T03:54:52.217-0400: 89.434: [Full GC (Ergonomics) [PSYoungGen: 88064K->0K(175104K)] [ParOldGen: 514232K->520046K(524288K)] 602296K->520046K(699392K), [Metaspace: 44024K->44024K(1087488K)], 0.0557155 secs] [Times: user=0.52 sys=0.00, real=0.05 secs] 
2016-09-24T03:54:52.315-0400: 89.532: [Full GC (Ergonomics) [PSYoungGen: 87591K->0K(175104K)] [ParOldGen: 522746K->517870K(524288K)] 610337K->517870K(699392K), [Metaspace: 44024K->44024K(1087488K)], 0.0569454 secs] [Times: user=0.57 sys=0.01, real=0.05 secs] 
2016-09-24T03:54:52.406-0400: 89.622: [Full GC (Ergonomics) [PSYoungGen: 88064K->0K(175104K)] [ParOldGen: 517893K->518403K(524288K)] 605957K->518403K(699392K), [Metaspace: 44025K->44025K(1087488K)], 0.0646933 secs] [Times: user=0.70 sys=0.00, real=0.06 secs] 
2016-09-24T03:54:52.513-0400: 89.729: [Full GC (Ergonomics) [PSYoungGen: 88064K->0K(175104K)] [ParOldGen: 521218K->519014K(524288K)] 609282K->519014K(699392K), [Metaspace: 44025K->44025K(1087488K)], 0.0783283 secs] [Times: user=0.87 sys=0.00, real=0.08 secs] 
2016-09-24T03:54:52.634-0400: 89.851: [Full GC (Ergonomics) [PSYoungGen: 86212K->0K(175104K)] [ParOldGen: 521714K->515646K(524288K)] 607927K->515646K(699392K), [Metaspace: 44025K->44025K(1087488K)], 0.0728549 secs] [Times: user=0.74 sys=0.00, real=0.07 secs] 
2016-09-24T03:54:52.745-0400: 89.962: [Full GC (Ergonomics) [PSYoungGen: 88064K->0K(175104K)] [ParOldGen: 517117K->517418K(524288K)] 605181K->517418K(699392K), [Metaspace: 44025K->44025K(1087488K)], 0.0548098 secs] [Times: user=0.56 sys=0.00, real=0.05 secs] 
2016-09-24T03:54:52.833-0400: 90.049: [Full GC (Ergonomics) [PSYoungGen: 88064K->2744K(175104K)] [ParOldGen: 520348K->523432K(524288K)] 608412K->526176K(699392K), [Metaspace: 44025K->44025K(1087488K)], 0.0688301 secs] [Times: user=0.71 sys=0.01, real=0.07 secs] 
2016-09-24T03:54:52.949-0400: 90.165: [Full GC (Ergonomics) [PSYoungGen: 88064K->0K(175104K)] [ParOldGen: 523688K->524018K(524288K)] 611752K->524018K(699392K), [Metaspace: 44025K->44025K(1087488K)], 0.0700811 secs] [Times: user=0.68 sys=0.00, real=0.07 secs] 
2016-09-24T03:54:53.058-0400: 90.275: [Full GC (Ergonomics) [PSYoungGen: 87969K->0K(175104K)] [ParOldGen: 524018K->512206K(524288K)] 611987K->512206K(699392K), [Metaspace: 44025K->44025K(1087488K)], 0.0601622 secs] [Times: user=0.48 sys=0.00, real=0.06 secs] 
2016-09-24T03:54:53.158-0400: 90.374: [Full GC (Ergonomics) [PSYoungGen: 88064K->1353K(175104K)] [ParOldGen: 520491K->523570K(524288K)] 608555K->524924K(699392K), [Metaspace: 44025K->44025K(1087488K)], 0.0997321 secs] [Times: user=1.04 sys=0.01, real=0.10 secs] 
2016-09-24T03:54:53.302-0400: 90.519: [Full GC (Ergonomics) [PSYoungGen: 88064K->0K(175104K)] [ParOldGen: 523689K->513380K(524288K)] 611753K->513380K(699392K), [Metaspace: 44025K->44025K(1087488K)], 0.0542051 secs] [Times: user=0.44 sys=0.00, real=0.05 secs] 
2016-09-24T03:54:53.391-0400: 90.607: [Full GC (Ergonomics) [PSYoungGen: 88064K->0K(175104K)] [ParOldGen: 513417K->520689K(524288K)] 601481K->520689K(699392K), [Metaspace: 44025K->44025K(1087488K)], 0.0534185 secs] [Times: user=0.54 sys=0.01, real=0.06 secs] 
2016-09-24T03:54:53.482-0400: 90.699: [Full GC (Ergonomics) [PSYoungGen: 87659K->0K(175104K)] [ParOldGen: 523389K->519974K(524288K)] 611049K->519974K(699392K), [Metaspace: 44025K->44025K(1087488K)], 0.0562858 secs] [Times: user=0.55 sys=0.01, real=0.05 secs] 
2016-09-24T03:54:53.577-0400: 90.794: [Full GC (Ergonomics) [PSYoungGen: 88064K->0K(175104K)] [ParOldGen: 520145K->516395K(524288K)] 608209K->516395K(699392K), [Metaspace: 44025K->44025K(1087488K)], 0.0549750 secs] [Times: user=0.55 sys=0.01, real=0.05 secs] 
2016-09-24T03:54:53.671-0400: 90.888: [Full GC (Ergonomics) [PSYoungGen: 88064K->0K(175104K)] [ParOldGen: 521954K->522503K(524288K)] 610018K->522503K(699392K), [Metaspace: 44025K->44025K(1087488K)], 0.0566237 secs] [Times: user=0.57 sys=0.00, real=0.06 secs] 
2016-09-24T03:54:53.767-0400: 90.984: [Full GC (Ergonomics) [PSYoungGen: 86791K->0K(175104K)] [ParOldGen: 522503K->512236K(524288K)] 609294K->512236K(699392K), [Metaspace: 44025K->44025K(1087488K)], 0.0567153 secs] [Times: user=0.54 sys=0.01, real=0.06 secs] 
2016-09-24T03:54:53.861-0400: 91.078: [Full GC (Ergonomics) [PSYoungGen: 88064K->0K(175104K)] [ParOldGen: 512393K->523615K(524288K)] 600457K->523615K(699392K), [Metaspace: 44025K->44025K(1087488K)], 0.0553864 secs] [Times: user=0.56 sys=0.01, real=0.06 secs] 
2016-09-24T03:54:53.953-0400: 91.169: [Full GC (Ergonomics) [PSYoungGen: 87002K->0K(175104K)] [ParOldGen: 523615K->518752K(524288K)] 610617K->518752K(699392K), [Metaspace: 44025K->44025K(1087488K)], 0.0551387 secs] [Times: user=0.55 sys=0.00, real=0.06 secs] 
2016-09-24T03:54:54.044-0400: 91.260: [Full GC (Ergonomics) [PSYoungGen: 88064K->0K(175104K)] [ParOldGen: 520237K->522051K(524288K)] 608301K->522051K(699392K), [Metaspace: 44025K->44025K(1087488K)], 0.0702699 secs] [Times: user=0.79 sys=0.01, real=0.07 secs] 
2016-09-24T03:54:54.154-0400: 91.371: [Full GC (Ergonomics) [PSYoungGen: 88064K->0K(175104K)] [ParOldGen: 522115K->519840K(524288K)] 610179K->519840K(699392K), [Metaspace: 44025K->44025K(1087488K)], 0.0536983 secs] [Times: user=0.53 sys=0.00, real=0.05 secs] 
2016-09-24T03:54:54.249-0400: 91.465: [Full GC (Ergonomics) [PSYoungGen: 88064K->0K(175104K)] [ParOldGen: 523975K->519081K(524288K)] 612039K->519081K(699392K), [Metaspace: 44025K->44025K(1087488K)], 0.0557436 secs] [Times: user=0.52 sys=0.00, real=0.06 secs] 
2016-09-24T03:54:54.342-0400: 91.558: [Full GC (Ergonomics) [PSYoungGen: 88064K->2700K(175104K)] [ParOldGen: 522055K->522862K(524288K)] 610119K->525562K(699392K), [Metaspace: 44025K->44025K(1087488K)], 0.1324759 secs] [Times: user=1.93 sys=0.01, real=0.14 secs] 
2016-09-24T03:54:54.512-0400: 91.729: [Full GC (Ergonomics) [PSYoungGen: 87833K->0K(175104K)] [ParOldGen: 522862K->517910K(524288K)] 610695K->517910K(699392K), [Metaspace: 44025K->44025K(1087488K)], 0.0544052 secs] [Times: user=0.54 sys=0.00, real=0.06 secs] 
2016-09-24T03:54:54.600-0400: 91.817: [Full GC (Ergonomics) [PSYoungGen: 88064K->5400K(175104K)] [ParOldGen: 517962K->523724K(524288K)] 606026K->529124K(699392K), [Metaspace: 44025K->44025K(1087488K)], 0.1592514 secs] [Times: user=2.49 sys=0.04, real=0.16 secs] 
2016-09-24T03:54:54.795-0400: 92.012: [Full GC (Ergonomics) [PSYoungGen: 88064K->0K(175104K)] [ParOldGen: 523839K->518795K(524288K)] 611903K->518795K(699392K), [Metaspace: 44025K->44025K(1087488K)], 0.0550575 secs] [Times: user=0.55 sys=0.01, real=0.05 secs] 
2016-09-24T03:54:54.888-0400: 92.104: [Full GC (Ergonomics) [PSYoungGen: 88064K->0K(175104K)] [ParOldGen: 519922K->515832K(524288K)] 607986K->515832K(699392K), [Metaspace: 44025K->44025K(1087488K)], 0.0848606 secs] [Times: user=0.96 sys=0.00, real=0.08 secs] 
2016-09-24T03:54:55.007-0400: 92.223: [Full GC (Ergonomics) [PSYoungGen: 88064K->0K(175104K)] [ParOldGen: 518951K->518897K(524288K)] 607015K->518897K(699392K), [Metaspace: 44025K->44025K(1087488K)], 0.0583926 secs] [Times: user=0.55 sys=0.00, real=0.06 secs] 
2016-09-24T03:54:55.112-0400: 92.328: [Full GC (Ergonomics) [PSYoungGen: 88064K->0K(175104K)] [ParOldGen: 521607K->518068K(524288K)] 609671K->518068K(699392K), [Metaspace: 44025K->44025K(1087488K)], 0.0615129 secs] [Times: user=0.53 sys=0.00, real=0.06 secs] 
2016-09-24T03:54:55.204-0400: 92.421: [Full GC (Ergonomics) [PSYoungGen: 88064K->0K(175104K)] [ParOldGen: 518214K->521321K(524288K)] 606278K->521321K(699392K), [Metaspace: 44025K->44025K(1087488K)], 0.0541673 secs] [Times: user=0.48 sys=0.00, real=0.05 secs] 
2016-09-24T03:54:55.305-0400: 92.521: [Full GC (Ergonomics) [PSYoungGen: 88064K->0K(175104K)] [ParOldGen: 522691K->510998K(524288K)] 610755K->510998K(699392K), [Metaspace: 44025K->44025K(1087488K)], 0.0731132 secs] [Times: user=0.81 sys=0.01, real=0.07 secs] 
2016-09-24T03:54:55.407-0400: 92.624: [Full GC (Ergonomics) [PSYoungGen: 88064K->0K(175104K)] [ParOldGen: 516456K->522366K(524288K)] 604520K->522366K(699392K), [Metaspace: 44025K->44025K(1087488K)], 0.0605165 secs] [Times: user=0.54 sys=0.02, real=0.06 secs] 
2016-09-24T03:54:55.518-0400: 92.734: [Full GC (Ergonomics) [PSYoungGen: 88064K->0K(175104K)] [ParOldGen: 523884K->517609K(524288K)] 611948K->517609K(699392K), [Metaspace: 44025K->44025K(1087488K)], 0.0636930 secs] [Times: user=0.57 sys=0.00, real=0.06 secs] 
2016-09-24T03:54:55.624-0400: 92.840: [Full GC (Ergonomics) [PSYoungGen: 88064K->0K(175104K)] [ParOldGen: 521740K->515403K(524288K)] 609804K->515403K(699392K), [Metaspace: 44025K->44025K(1087488K)], 0.0553890 secs] [Times: user=0.53 sys=0.00, real=0.05 secs] 
2016-09-24T03:54:55.711-0400: 92.928: [Full GC (Ergonomics) [PSYoungGen: 88064K->2709K(175104K)] [ParOldGen: 515621K->522889K(524288K)] 603685K->525598K(699392K), [Metaspace: 44025K->44025K(1087488K)], 0.1263434 secs] [Times: user=1.75 sys=0.01, real=0.13 secs] 
2016-09-24T03:54:55.882-0400: 93.099: [Full GC (Ergonomics) [PSYoungGen: 87655K->0K(175104K)] [ParOldGen: 524239K->518041K(524288K)] 611894K->518041K(699392K), [Metaspace: 44025K->44025K(1087488K)], 0.0563923 secs] [Times: user=0.55 sys=0.00, real=0.06 secs] 
2016-09-24T03:54:55.972-0400: 93.189: [Full GC (Ergonomics) [PSYoungGen: 88064K->0K(175104K)] [ParOldGen: 518172K->521173K(524288K)] 606236K->521173K(699392K), [Metaspace: 44025K->44025K(1087488K)], 0.0559579 secs] [Times: user=0.53 sys=0.00, real=0.06 secs] 
2016-09-24T03:54:56.068-0400: 93.284: [Full GC (Ergonomics) [PSYoungGen: 88064K->2700K(175104K)] [ParOldGen: 524079K->521792K(524288K)] 612143K->524492K(699392K), [Metaspace: 44025K->44025K(1087488K)], 0.0601072 secs] [Times: user=0.60 sys=0.00, real=0.06 secs] 
2016-09-24T03:54:56.163-0400: 93.379: [Full GC (Ergonomics) [PSYoungGen: 85850K->0K(175104K)] [ParOldGen: 521792K->522239K(524288K)] 607642K->522239K(699392K), [Metaspace: 44025K->44025K(1087488K)], 0.0562572 secs] [Times: user=0.54 sys=0.00, real=0.05 secs] 
2016-09-24T03:54:56.253-0400: 93.469: [Full GC (Ergonomics) [PSYoungGen: 88064K->2700K(175104K)] [ParOldGen: 523723K->522138K(524288K)] 611787K->524838K(699392K), [Metaspace: 44025K->44025K(1087488K)], 0.1518633 secs] [Times: user=2.26 sys=0.01, real=0.16 secs] 
2016-09-24T03:54:56.444-0400: 93.661: [Full GC (Ergonomics) [PSYoungGen: 88064K->0K(175104K)] [ParOldGen: 522280K->522698K(524288K)] 610344K->522698K(699392K), [Metaspace: 44037K->44037K(1087488K)], 0.0533699 secs] [Times: user=0.50 sys=0.01, real=0.05 secs] 
2016-09-24T03:54:56.535-0400: 93.752: [Full GC (Ergonomics) [PSYoungGen: 88064K->0K(175104K)] [ParOldGen: 523232K->512688K(524288K)] 611296K->512688K(699392K), [Metaspace: 44037K->44037K(1087488K)], 0.0506806 secs] [Times: user=0.47 sys=0.00, real=0.05 secs] 
2016-09-24T03:54:56.626-0400: 93.843: [Full GC (Ergonomics) [PSYoungGen: 88064K->0K(175104K)] [ParOldGen: 523549K->523768K(524288K)] 611613K->523768K(699392K), [Metaspace: 44037K->44037K(1087488K)], 0.0655519 secs] [Times: user=0.70 sys=0.01, real=0.06 secs] 
2016-09-24T03:54:56.734-0400: 93.950: [Full GC (Ergonomics) [PSYoungGen: 88064K->2700K(175104K)] [ParOldGen: 523858K->521611K(524288K)] 611922K->524311K(699392K), [Metaspace: 44037K->44037K(1087488K)], 0.0536771 secs] [Times: user=0.50 sys=0.01, real=0.06 secs] 
2016-09-24T03:54:56.818-0400: 94.034: [Full GC (Ergonomics) [PSYoungGen: 88064K->2768K(175104K)] [ParOldGen: 521689K->522126K(524288K)] 609753K->524894K(699392K), [Metaspace: 44037K->44037K(1087488K)], 0.0682238 secs] [Times: user=0.63 sys=0.01, real=0.07 secs] 
2016-09-24T03:54:56.920-0400: 94.137: [Full GC (Ergonomics) [PSYoungGen: 87075K->2773K(175104K)] [ParOldGen: 523476K->522741K(524288K)] 610551K->525514K(699392K), [Metaspace: 44037K->44037K(1087488K)], 0.0654725 secs] [Times: user=0.57 sys=0.02, real=0.07 secs] 
2016-09-24T03:54:57.028-0400: 94.245: [Full GC (Ergonomics) [PSYoungGen: 87596K->0K(175104K)] [ParOldGen: 522741K->517759K(524288K)] 610337K->517759K(699392K), [Metaspace: 44037K->44037K(1087488K)], 0.0514016 secs] [Times: user=0.50 sys=0.01, real=0.05 secs] 
2016-09-24T03:54:57.113-0400: 94.329: [Full GC (Ergonomics) [PSYoungGen: 88064K->5528K(175104K)] [ParOldGen: 520676K->522113K(524288K)] 608740K->527642K(699392K), [Metaspace: 44037K->44037K(1087488K)], 0.0990835 secs] [Times: user=1.40 sys=0.01, real=0.10 secs] 
2016-09-24T03:54:57.251-0400: 94.468: [Full GC (Ergonomics) [PSYoungGen: 88064K->0K(175104K)] [ParOldGen: 522749K->515841K(524288K)] 610813K->515841K(699392K), [Metaspace: 44037K->44037K(1087488K)], 0.0743813 secs] [Times: user=0.88 sys=0.01, real=0.08 secs] 
2016-09-24T03:54:57.355-0400: 94.572: [Full GC (Ergonomics) [PSYoungGen: 88064K->10948K(175104K)] [ParOldGen: 524125K->522705K(524288K)] 612189K->533654K(699392K), [Metaspace: 44037K->44037K(1087488K)], 0.1612369 secs] [Times: user=2.42 sys=0.00, real=0.16 secs] 
2016-09-24T03:54:57.560-0400: 94.777: [Full GC (Ergonomics) [PSYoungGen: 88064K->0K(175104K)] [ParOldGen: 524055K->521908K(524288K)] 612119K->521908K(699392K), [Metaspace: 44037K->44037K(1087488K)], 0.0564989 secs] [Times: user=0.54 sys=0.01, real=0.06 secs] 
2016-09-24T03:54:57.654-0400: 94.870: [Full GC (Ergonomics) [PSYoungGen: 88064K->0K(175104K)] [ParOldGen: 521989K->521073K(524288K)] 610053K->521073K(699392K), [Metaspace: 44038K->44038K(1087488K)], 0.0651685 secs] [Times: user=0.73 sys=0.00, real=0.07 secs] 
2016-09-24T03:54:57.752-0400: 94.968: [Full GC (Ergonomics) [PSYoungGen: 88064K->5402K(175104K)] [ParOldGen: 521169K->523691K(524288K)] 609233K->529093K(699392K), [Metaspace: 44038K->44038K(1087488K)], 0.1636576 secs] [Times: user=2.49 sys=0.01, real=0.17 secs] 
2016-09-24T03:54:57.950-0400: 95.167: [Full GC (Ergonomics) [PSYoungGen: 87571K->5400K(175104K)] [ParOldGen: 523691K->522393K(524288K)] 611262K->527794K(699392K), [Metaspace: 44038K->44038K(1087488K)], 0.1612962 secs] [Times: user=2.39 sys=0.01, real=0.16 secs] 
2016-09-24T03:54:58.151-0400: 95.367: [Full GC (Ergonomics) [PSYoungGen: 86987K->0K(175104K)] [ParOldGen: 522393K->522876K(524288K)] 609380K->522876K(699392K), [Metaspace: 44039K->44039K(1087488K)], 0.0641026 secs] [Times: user=0.69 sys=0.00, real=0.07 secs] 
2016-09-24T03:54:58.247-0400: 95.464: [Full GC (Ergonomics) [PSYoungGen: 86779K->2705K(175104K)] [ParOldGen: 522876K->523168K(524288K)] 609656K->525874K(699392K), [Metaspace: 44039K->44039K(1087488K)], 0.1497828 secs] [Times: user=2.19 sys=0.01, real=0.15 secs] 
2016-09-24T03:54:58.440-0400: 95.657: [Full GC (Ergonomics) [PSYoungGen: 85971K->2700K(175104K)] [ParOldGen: 523168K->522048K(524288K)] 609140K->524748K(699392K), [Metaspace: 44039K->44039K(1087488K)], 0.1486064 secs] [Times: user=2.13 sys=0.00, real=0.15 secs] 
2016-09-24T03:54:58.631-0400: 95.847: [Full GC (Ergonomics) [PSYoungGen: 86963K->2704K(175104K)] [ParOldGen: 522048K->522398K(524288K)] 609012K->525102K(699392K), [Metaspace: 44039K->44039K(1087488K)], 0.1658822 secs] [Times: user=2.40 sys=0.01, real=0.17 secs] 
2016-09-24T03:54:58.844-0400: 96.060: [Full GC (Ergonomics) [PSYoungGen: 88064K->0K(175104K)] [ParOldGen: 523836K->517672K(524288K)] 611900K->517672K(699392K), [Metaspace: 44039K->44039K(1087488K)], 0.0677400 secs] [Times: user=0.68 sys=0.01, real=0.06 secs] 
2016-09-24T03:54:58.953-0400: 96.169: [Full GC (Ergonomics) [PSYoungGen: 88064K->2837K(175104K)] [ParOldGen: 520400K->521864K(524288K)] 608464K->524702K(699392K), [Metaspace: 44039K->44039K(1087488K)], 0.1525912 secs] [Times: user=2.21 sys=0.00, real=0.16 secs] 
2016-09-24T03:54:59.150-0400: 96.367: [Full GC (Ergonomics) [PSYoungGen: 88007K->0K(175104K)] [ParOldGen: 523214K->523874K(524288K)] 611221K->523874K(699392K), [Metaspace: 44039K->44039K(1087488K)], 0.0551904 secs] [Times: user=0.55 sys=0.01, real=0.06 secs] 
2016-09-24T03:54:59.235-0400: 96.452: [Full GC (Ergonomics) [PSYoungGen: 88064K->6851K(175104K)] [ParOldGen: 523904K->522767K(524288K)] 611968K->529619K(699392K), [Metaspace: 44039K->44039K(1087488K)], 0.1611420 secs] [Times: user=2.49 sys=0.02, real=0.16 secs] 
2016-09-24T03:54:59.439-0400: 96.656: [Full GC (Ergonomics) [PSYoungGen: 88064K->4074K(175104K)] [ParOldGen: 522799K->523084K(524288K)] 610863K->527158K(699392K), [Metaspace: 44040K->44040K(1087488K)], 0.1492998 secs] [Times: user=2.18 sys=0.02, real=0.15 secs] 
2016-09-24T03:54:59.620-0400: 96.837: [Full GC (Ergonomics) [PSYoungGen: 87227K->13500K(175104K)] [ParOldGen: 523084K->522140K(524288K)] 610312K->535640K(699392K), [Metaspace: 44040K->44040K(1087488K)], 0.1573266 secs] [Times: user=2.34 sys=0.02, real=0.16 secs] 
2016-09-24T03:54:59.808-0400: 97.024: [Full GC (Ergonomics) [PSYoungGen: 88064K->9451K(175104K)] [ParOldGen: 522246K->523821K(524288K)] 610310K->533273K(699392K), [Metaspace: 44040K->44040K(1087488K)], 0.1462099 secs] [Times: user=2.11 sys=0.01, real=0.14 secs] 
2016-09-24T03:54:59.992-0400: 97.209: [Full GC (Ergonomics) [PSYoungGen: 88064K->0K(175104K)] [ParOldGen: 524057K->521669K(524288K)] 612121K->521669K(699392K), [Metaspace: 44040K->44040K(1087488K)], 0.0651192 secs] [Times: user=0.69 sys=0.01, real=0.07 secs] 
2016-09-24T03:55:00.089-0400: 97.306: [Full GC (Ergonomics) [PSYoungGen: 86090K->2765K(175104K)] [ParOldGen: 521669K->521865K(524288K)] 607760K->524630K(699392K), [Metaspace: 44040K->44040K(1087488K)], 0.1529659 secs] [Times: user=2.26 sys=0.00, real=0.16 secs] 
2016-09-24T03:55:00.277-0400: 97.493: [Full GC (Ergonomics) [PSYoungGen: 88064K->4132K(175104K)] [ParOldGen: 523369K->522262K(524288K)] 611433K->526395K(699392K), [Metaspace: 44040K->44040K(1087488K)], 0.1513208 secs] [Times: user=2.18 sys=0.01, real=0.15 secs] 
2016-09-24T03:55:00.474-0400: 97.690: [Full GC (Ergonomics) [PSYoungGen: 87861K->0K(175104K)] [ParOldGen: 523613K->524238K(524288K)] 611474K->524238K(699392K), [Metaspace: 44040K->44040K(1087488K)], 0.0649169 secs] [Times: user=0.54 sys=0.02, real=0.07 secs] 
2016-09-24T03:55:00.577-0400: 97.794: [Full GC (Ergonomics) [PSYoungGen: 88064K->4118K(175104K)] [ParOldGen: 524288K->522971K(524288K)] 612352K->527090K(699392K), [Metaspace: 44040K->44040K(1087488K)], 0.1600367 secs] [Times: user=2.28 sys=0.02, real=0.16 secs] 
2016-09-24T03:55:00.778-0400: 97.994: [Full GC (Ergonomics) [PSYoungGen: 87406K->2767K(175104K)] [ParOldGen: 522971K->523411K(524288K)] 610377K->526179K(699392K), [Metaspace: 44040K->44040K(1087488K)], 0.1554798 secs] [Times: user=2.19 sys=0.01, real=0.15 secs] 
2016-09-24T03:55:00.966-0400: 98.182: [Full GC (Ergonomics) [PSYoungGen: 87037K->12297K(175104K)] [ParOldGen: 523411K->523753K(524288K)] 610449K->536051K(699392K), [Metaspace: 44040K->44040K(1087488K)], 0.1704718 secs] [Times: user=2.45 sys=0.02, real=0.17 secs] 
2016-09-24T03:55:01.171-0400: 98.387: [Full GC (Ergonomics) [PSYoungGen: 88064K->9466K(175104K)] [ParOldGen: 523928K->524225K(524288K)] 611992K->533692K(699392K), [Metaspace: 44040K->44040K(1087488K)], 0.1500173 secs] [Times: user=2.22 sys=0.00, real=0.15 secs] 
2016-09-24T03:55:01.353-0400: 98.569: [Full GC (Ergonomics) [PSYoungGen: 88064K->10908K(175104K)] [ParOldGen: 524240K->523208K(524288K)] 612304K->534116K(699392K), [Metaspace: 44040K->44040K(1087488K)], 0.1500140 secs] [Times: user=2.21 sys=0.00, real=0.16 secs] 
2016-09-24T03:55:01.541-0400: 98.758: [Full GC (Ergonomics) [PSYoungGen: 87371K->0K(175104K)] [ParOldGen: 523208K->521207K(524288K)] 610580K->521207K(699392K), [Metaspace: 44040K->44040K(1087488K)], 0.0554969 secs] [Times: user=0.57 sys=0.00, real=0.06 secs] 
2016-09-24T03:55:01.628-0400: 98.845: [Full GC (Ergonomics) [PSYoungGen: 88064K->5534K(175104K)] [ParOldGen: 522569K->524112K(524288K)] 610633K->529646K(699392K), [Metaspace: 44040K->44040K(1087488K)], 0.1456685 secs] [Times: user=2.12 sys=0.01, real=0.15 secs] 
2016-09-24T03:55:01.809-0400: 99.025: [Full GC (Ergonomics) [PSYoungGen: 88064K->15027K(175104K)] [ParOldGen: 524134K->523087K(524288K)] 612198K->538114K(699392K), [Metaspace: 44040K->44040K(1087488K)], 0.1418564 secs] [Times: user=2.06 sys=0.01, real=0.14 secs] 
2016-09-24T03:55:01.985-0400: 99.202: [Full GC (Ergonomics) [PSYoungGen: 88064K->16314K(175104K)] [ParOldGen: 523259K->522100K(524288K)] 611323K->538414K(699392K), [Metaspace: 44040K->44040K(1087488K)], 0.1544032 secs] [Times: user=2.26 sys=0.01, real=0.15 secs] 
2016-09-24T03:55:02.171-0400: 99.388: [Full GC (Ergonomics) [PSYoungGen: 86845K->11102K(175104K)] [ParOldGen: 522100K->522348K(524288K)] 608945K->533450K(699392K), [Metaspace: 44040K->44040K(1087488K)], 0.1475442 secs] [Times: user=1.96 sys=0.02, real=0.15 secs] 
2016-09-24T03:55:02.354-0400: 99.571: [Full GC (Ergonomics) [PSYoungGen: 88064K->13500K(175104K)] [ParOldGen: 522526K->522979K(524288K)] 610590K->536479K(699392K), [Metaspace: 44040K->44040K(1087488K)], 0.1513889 secs] [Times: user=2.08 sys=0.01, real=0.15 secs] 
2016-09-24T03:55:02.537-0400: 99.754: [Full GC (Ergonomics) [PSYoungGen: 88061K->12346K(175104K)] [ParOldGen: 522994K->521809K(524288K)] 611056K->534155K(699392K), [Metaspace: 44040K->44040K(1087488K)], 0.1345848 secs] [Times: user=1.88 sys=0.00, real=0.13 secs] 
2016-09-24T03:55:02.700-0400: 99.917: [Full GC (Ergonomics) [PSYoungGen: 87129K->17711K(175104K)] [ParOldGen: 521809K->522465K(524288K)] 608939K->540177K(699392K), [Metaspace: 44040K->44040K(1087488K)], 0.1508500 secs] [Times: user=2.20 sys=0.01, real=0.15 secs] 
2016-09-24T03:55:02.889-0400: 100.106: [Full GC (Ergonomics) [PSYoungGen: 88064K->9544K(175104K)] [ParOldGen: 522468K->522616K(524288K)] 610532K->532161K(699392K), [Metaspace: 44040K->44040K(1087488K)], 0.1429677 secs] [Times: user=2.06 sys=0.01, real=0.14 secs] 
2016-09-24T03:55:03.060-0400: 100.277: [Full GC (Ergonomics) [PSYoungGen: 86826K->11133K(175104K)] [ParOldGen: 523966K->524269K(524288K)] 610793K->535402K(699392K), [Metaspace: 44040K->44040K(1087488K)], 0.1492796 secs] [Times: user=2.19 sys=0.01, real=0.15 secs] 
2016-09-24T03:55:03.251-0400: 100.467: [Full GC (Ergonomics) [PSYoungGen: 87972K->2833K(175104K)] [ParOldGen: 524269K->522151K(524288K)] 612241K->524984K(699392K), [Metaspace: 44040K->44040K(1087488K)], 0.1555990 secs] [Times: user=2.27 sys=0.00, real=0.16 secs] 
2016-09-24T03:55:03.435-0400: 100.651: [Full GC (Ergonomics) [PSYoungGen: 88064K->12407K(175104K)] [ParOldGen: 523691K->523813K(524288K)] 611755K->536220K(699392K), [Metaspace: 44040K->44040K(1087488K)], 0.1658449 secs] [Times: user=2.48 sys=0.01, real=0.16 secs] 
2016-09-24T03:55:03.642-0400: 100.859: [Full GC (Ergonomics) [PSYoungGen: 87480K->9568K(175104K)] [ParOldGen: 523813K->522954K(524288K)] 611294K->532522K(699392K), [Metaspace: 44040K->44040K(1087488K)], 0.1507582 secs] [Times: user=2.17 sys=0.01, real=0.14 secs] 
2016-09-24T03:55:03.830-0400: 101.047: [Full GC (Ergonomics) [PSYoungGen: 86769K->26016K(175104K)] [ParOldGen: 522954K->521835K(524288K)] 609723K->547851K(699392K), [Metaspace: 44040K->44040K(1087488K)], 0.1412764 secs] [Times: user=1.91 sys=0.02, real=0.14 secs] 
2016-09-24T03:55:04.001-0400: 101.218: [Full GC (Ergonomics) [PSYoungGen: 87671K->13778K(175104K)] [ParOldGen: 521835K->523555K(524288K)] 609506K->537334K(699392K), [Metaspace: 44040K->44040K(1087488K)], 0.1648870 secs] [Times: user=2.42 sys=0.02, real=0.17 secs] 
2016-09-24T03:55:04.198-0400: 101.414: [Full GC (Ergonomics) [PSYoungGen: 88064K->12469K(175104K)] [ParOldGen: 523773K->523939K(524288K)] 611837K->536409K(699392K), [Metaspace: 44040K->44040K(1087488K)], 0.1568609 secs] [Times: user=2.36 sys=0.01, real=0.16 secs] 
2016-09-24T03:55:04.385-0400: 101.601: [Full GC (Ergonomics) [PSYoungGen: 88064K->21896K(175104K)] [ParOldGen: 523982K->521647K(524288K)] 612046K->543543K(699392K), [Metaspace: 44040K->44040K(1087488K)], 0.1549730 secs] [Times: user=2.29 sys=0.00, real=0.15 secs] 
2016-09-24T03:55:04.571-0400: 101.788: [Full GC (Ergonomics) [PSYoungGen: 87724K->9722K(175104K)] [ParOldGen: 522997K->523406K(524288K)] 610722K->533129K(699392K), [Metaspace: 44040K->44040K(1087488K)], 0.1513594 secs] [Times: user=2.18 sys=0.00, real=0.16 secs] 
2016-09-24T03:55:04.753-0400: 101.970: [Full GC (Ergonomics) [PSYoungGen: 86907K->18975K(175104K)] [ParOldGen: 523406K->522555K(524288K)] 610314K->541530K(699392K), [Metaspace: 44040K->44040K(1087488K)], 0.1414910 secs] [Times: user=2.04 sys=0.00, real=0.15 secs] 
2016-09-24T03:55:04.924-0400: 102.140: [Full GC (Ergonomics) [PSYoungGen: 86156K->17846K(175104K)] [ParOldGen: 522555K->524082K(524288K)] 608711K->541928K(699392K), [Metaspace: 44040K->44040K(1087488K)], 0.1444185 secs] [Times: user=2.13 sys=0.01, real=0.14 secs] 
2016-09-24T03:55:05.102-0400: 102.318: [Full GC (Ergonomics) [PSYoungGen: 88064K->20438K(175104K)] [ParOldGen: 524212K->521866K(524288K)] 612276K->542304K(699392K), [Metaspace: 44040K->44040K(1087488K)], 0.1513241 secs] [Times: user=2.03 sys=0.03, real=0.15 secs] 
2016-09-24T03:55:05.287-0400: 102.503: [Full GC (Ergonomics) [PSYoungGen: 88064K->11048K(175104K)] [ParOldGen: 522000K->522318K(524288K)] 610064K->533366K(699392K), [Metaspace: 44040K->44040K(1087488K)], 0.1486045 secs] [Times: user=2.17 sys=0.01, real=0.15 secs] 
2016-09-24T03:55:05.471-0400: 102.687: [Full GC (Ergonomics) [PSYoungGen: 88064K->27397K(175104K)] [ParOldGen: 522380K->523915K(524288K)] 610444K->551312K(699392K), [Metaspace: 44040K->44040K(1087488K)], 0.1540274 secs] [Times: user=2.13 sys=0.02, real=0.16 secs] 
2016-09-24T03:55:05.655-0400: 102.872: [Full GC (Ergonomics) [PSYoungGen: 85888K->15162K(175104K)] [ParOldGen: 523915K->524205K(524288K)] 609804K->539368K(699392K), [Metaspace: 44040K->44040K(1087488K)], 0.1634237 secs] [Times: user=2.53 sys=0.03, real=0.16 secs] 
2016-09-24T03:55:05.843-0400: 103.060: [Full GC (Ergonomics) [PSYoungGen: 88064K->26009K(175104K)] [ParOldGen: 524279K->523336K(524288K)] 612343K->549346K(699392K), [Metaspace: 44040K->44040K(1087488K)], 0.1369693 secs] [Times: user=2.00 sys=0.01, real=0.13 secs] 
2016-09-24T03:55:06.014-0400: 103.230: [Full GC (Ergonomics) [PSYoungGen: 88064K->16527K(175104K)] [ParOldGen: 523512K->522348K(524288K)] 611576K->538875K(699392K), [Metaspace: 44040K->44040K(1087488K)], 0.1405442 secs] [Times: user=2.03 sys=0.02, real=0.15 secs] 
2016-09-24T03:55:06.186-0400: 103.403: [Full GC (Ergonomics) [PSYoungGen: 88064K->19228K(175104K)] [ParOldGen: 523786K->522702K(524288K)] 611850K->541930K(699392K), [Metaspace: 44040K->44040K(1087488K)], 0.1412193 secs] [Times: user=2.01 sys=0.02, real=0.14 secs] 
2016-09-24T03:55:06.360-0400: 103.577: [Full GC (Ergonomics) [PSYoungGen: 88064K->20512K(175104K)] [ParOldGen: 522943K->521749K(524288K)] 611007K->542262K(699392K), [Metaspace: 44040K->44040K(1087488K)], 0.1464761 secs] [Times: user=2.13 sys=0.00, real=0.15 secs] 
2016-09-24T03:55:06.531-0400: 103.748: [Full GC (Ergonomics) [PSYoungGen: 86550K->21855K(175104K)] [ParOldGen: 521749K->523458K(524288K)] 608300K->545313K(699392K), [Metaspace: 44040K->44040K(1087488K)], 0.1536376 secs] [Times: user=2.32 sys=0.00, real=0.16 secs] 
2016-09-24T03:55:06.716-0400: 103.933: [Full GC (Ergonomics) [PSYoungGen: 87702K->19135K(175104K)] [ParOldGen: 523458K->523480K(524288K)] 611160K->542615K(699392K), [Metaspace: 44040K->44040K(1087488K)], 0.1443132 secs] [Times: user=2.08 sys=0.01, real=0.14 secs] 
2016-09-24T03:55:06.884-0400: 104.101: [Full GC (Ergonomics) [PSYoungGen: 88064K->26045K(175104K)] [ParOldGen: 523554K->522384K(524288K)] 611618K->548429K(699392K), [Metaspace: 44040K->44040K(1087488K)], 0.1430802 secs] [Times: user=2.11 sys=0.00, real=0.14 secs] 
2016-09-24T03:55:07.063-0400: 104.280: [Full GC (Ergonomics) [PSYoungGen: 87466K->9670K(175104K)] [ParOldGen: 523734K->524232K(524288K)] 611201K->533903K(699392K), [Metaspace: 44040K->44040K(1087488K)], 0.1506136 secs] [Times: user=2.18 sys=0.01, real=0.14 secs] 
2016-09-24T03:55:07.242-0400: 104.458: [Full GC (Ergonomics) [PSYoungGen: 86982K->19259K(175104K)] [ParOldGen: 524232K->523191K(524288K)] 611214K->542450K(699392K), [Metaspace: 44040K->44040K(1087488K)], 0.1541528 secs] [Times: user=2.20 sys=0.02, real=0.16 secs] 
2016-09-24T03:55:07.438-0400: 104.654: [Full GC (Ergonomics) [PSYoungGen: 86997K->8478K(175104K)] [ParOldGen: 523191K->523714K(524288K)] 610188K->532193K(699392K), [Metaspace: 44040K->44040K(1087488K)], 0.1462217 secs] [Times: user=2.06 sys=0.02, real=0.15 secs] 
2016-09-24T03:55:07.614-0400: 104.831: [Full GC (Ergonomics) [PSYoungGen: 87794K->26078K(175104K)] [ParOldGen: 523714K->524025K(524288K)] 611508K->550104K(699392K), [Metaspace: 44040K->44040K(1087488K)], 0.1446180 secs] [Times: user=2.06 sys=0.01, real=0.14 secs] 
2016-09-24T03:55:07.790-0400: 105.007: [Full GC (Ergonomics) [PSYoungGen: 87912K->19351K(175104K)] [ParOldGen: 524025K->523003K(524288K)] 611938K->542355K(699392K), [Metaspace: 44040K->44040K(1087488K)], 0.1523492 secs] [Times: user=2.15 sys=0.01, real=0.16 secs] 
2016-09-24T03:55:07.972-0400: 105.189: [Full GC (Ergonomics) [PSYoungGen: 87107K->16447K(175104K)] [ParOldGen: 523003K->523725K(524288K)] 610111K->540172K(699392K), [Metaspace: 44040K->44040K(1087488K)], 0.1432680 secs] [Times: user=2.04 sys=0.00, real=0.15 secs] 
2016-09-24T03:55:08.152-0400: 105.369: [Full GC (Ergonomics) [PSYoungGen: 87235K->20662K(175104K)] [ParOldGen: 523725K->522436K(524288K)] 610960K->543098K(699392K), [Metaspace: 44040K->44040K(1087488K)], 0.1509706 secs] [Times: user=2.24 sys=0.01, real=0.16 secs] 
2016-09-24T03:55:08.343-0400: 105.559: [Full GC (Ergonomics) [PSYoungGen: 86713K->20596K(175104K)] [ParOldGen: 522436K->522866K(524288K)] 609150K->543463K(699392K), [Metaspace: 44040K->44040K(1087488K)], 0.1499670 secs] [Times: user=2.20 sys=0.00, real=0.14 secs] 
2016-09-24T03:55:08.522-0400: 105.739: [Full GC (Ergonomics) [PSYoungGen: 88063K->27412K(175104K)] [ParOldGen: 522881K->521926K(524288K)] 610945K->549339K(699392K), [Metaspace: 44040K->44040K(1087488K)], 0.1399004 secs] [Times: user=2.04 sys=0.00, real=0.15 secs] 
2016-09-24T03:55:08.694-0400: 105.910: [Full GC (Ergonomics) [PSYoungGen: 88064K->27299K(175104K)] [ParOldGen: 521961K->522325K(524288K)] 610025K->549625K(699392K), [Metaspace: 44040K->44040K(1087488K)], 0.1458165 secs] [Times: user=2.13 sys=0.01, real=0.15 secs] 
2016-09-24T03:55:08.871-0400: 106.088: [Full GC (Ergonomics) [PSYoungGen: 88064K->20526K(175104K)] [ParOldGen: 523772K->524128K(524288K)] 611836K->544655K(699392K), [Metaspace: 44040K->44040K(1087488K)], 0.1442652 secs] [Times: user=2.06 sys=0.00, real=0.15 secs] 
2016-09-24T03:55:09.048-0400: 106.265: [Full GC (Ergonomics) [PSYoungGen: 88064K->19130K(175104K)] [ParOldGen: 524166K->521903K(524288K)] 612230K->541033K(699392K), [Metaspace: 44043K->44043K(1087488K)], 0.1525935 secs] [Times: user=2.18 sys=0.00, real=0.15 secs] 
2016-09-24T03:55:09.252-0400: 106.468: [Full GC (Ergonomics) [PSYoungGen: 88064K->13867K(175104K)] [ParOldGen: 521923K->523571K(524288K)] 609987K->537438K(699392K), [Metaspace: 44048K->44048K(1087488K)], 0.1570895 secs] [Times: user=2.17 sys=0.01, real=0.16 secs] 
2016-09-24T03:55:09.438-0400: 106.654: [Full GC (Ergonomics) [PSYoungGen: 88064K->29927K(175104K)] [ParOldGen: 523648K->524070K(524288K)] 611712K->553997K(699392K), [Metaspace: 44048K->44048K(1087488K)], 0.1409471 secs] [Times: user=2.04 sys=0.02, real=0.14 secs] 
2016-09-24T03:55:09.610-0400: 106.827: [Full GC (Ergonomics) [PSYoungGen: 87318K->23393K(175104K)] [ParOldGen: 524070K->524246K(524288K)] 611388K->547640K(699392K), [Metaspace: 44048K->44048K(1087488K)], 0.1384138 secs] [Times: user=2.02 sys=0.00, real=0.14 secs] 
2016-09-24T03:55:09.773-0400: 106.990: [Full GC (Ergonomics) [PSYoungGen: 88064K->31837K(175104K)] [ParOldGen: 524288K->522968K(524288K)] 612352K->554805K(699392K), [Metaspace: 44048K->44048K(1087488K)], 0.1321395 secs] [Times: user=1.83 sys=0.01, real=0.14 secs] 
2016-09-24T03:55:09.932-0400: 107.148: [Full GC (Ergonomics) [PSYoungGen: 85490K->30329K(175104K)] [ParOldGen: 522968K->522022K(524288K)] 608459K->552352K(699392K), [Metaspace: 44048K->44048K(1087488K)], 0.1401612 secs] [Times: user=2.00 sys=0.01, real=0.14 secs] 
2016-09-24T03:55:10.100-0400: 107.317: [Full GC (Ergonomics) [PSYoungGen: 88064K->25022K(175104K)] [ParOldGen: 522121K->522403K(524288K)] 610185K->547425K(699392K), [Metaspace: 44051K->44051K(1087488K)], 0.1377250 secs] [Times: user=1.98 sys=0.01, real=0.14 secs] 
2016-09-24T03:55:10.263-0400: 107.479: [Full GC (Ergonomics) [PSYoungGen: 86927K->34435K(175104K)] [ParOldGen: 522403K->524253K(524288K)] 609330K->558688K(699392K), [Metaspace: 44051K->44051K(1087488K)], 0.1360398 secs] [Times: user=1.86 sys=0.01, real=0.13 secs] 
2016-09-24T03:55:10.434-0400: 107.650: [Full GC (Ergonomics) [PSYoungGen: 88064K->29241K(175104K)] [ParOldGen: 524284K->523020K(524288K)] 612348K->552261K(699392K), [Metaspace: 44051K->44051K(1087488K)], 0.1434293 secs] [Times: user=2.01 sys=0.01, real=0.15 secs] 
2016-09-24T03:55:10.597-0400: 107.814: [Full GC (Ergonomics) [PSYoungGen: 87345K->31481K(175104K)] [ParOldGen: 523020K->522557K(524288K)] 610365K->554038K(699392K), [Metaspace: 44051K->44051K(1087488K)], 0.1571747 secs] [Times: user=2.22 sys=0.03, real=0.16 secs] 
2016-09-24T03:55:10.787-0400: 108.003: [Full GC (Ergonomics) [PSYoungGen: 88064K->33220K(175104K)] [ParOldGen: 524002K->523789K(524288K)] 612066K->557009K(699392K), [Metaspace: 44051K->44051K(1087488K)], 0.1573911 secs] [Times: user=2.11 sys=0.00, real=0.16 secs] 
2016-09-24T03:55:10.972-0400: 108.189: [Full GC (Ergonomics) [PSYoungGen: 87557K->21197K(175104K)] [ParOldGen: 523789K->524236K(524288K)] 611346K->545433K(699392K), [Metaspace: 44051K->44051K(1087488K)], 0.1546657 secs] [Times: user=2.11 sys=0.05, real=0.16 secs] 
2016-09-24T03:55:11.157-0400: 108.374: [Full GC (Ergonomics) [PSYoungGen: 88064K->31715K(175104K)] [ParOldGen: 524270K->523385K(524288K)] 612334K->555101K(699392K), [Metaspace: 44051K->44051K(1087488K)], 0.1615029 secs] [Times: user=2.19 sys=0.01, real=0.16 secs] 
2016-09-24T03:55:11.350-0400: 108.567: [Full GC (Ergonomics) [PSYoungGen: 88064K->20996K(175104K)] [ParOldGen: 523397K->522398K(524288K)] 611461K->543395K(699392K), [Metaspace: 44051K->44051K(1087488K)], 0.1464500 secs] [Times: user=1.78 sys=0.01, real=0.15 secs] 
2016-09-24T03:55:11.526-0400: 108.742: [Full GC (Ergonomics) [PSYoungGen: 88064K->35800K(175104K)] [ParOldGen: 523763K->522944K(524288K)] 611827K->558745K(699392K), [Metaspace: 44051K->44051K(1087488K)], 0.1523581 secs] [Times: user=2.04 sys=0.01, real=0.15 secs] 
2016-09-24T03:55:11.710-0400: 108.926: [Full GC (Ergonomics) [PSYoungGen: 86807K->34732K(175104K)] [ParOldGen: 522944K->521548K(524288K)] 609752K->556281K(699392K), [Metaspace: 44051K->44051K(1087488K)], 0.1448048 secs] [Times: user=1.98 sys=0.02, real=0.15 secs] 
2016-09-24T03:55:11.879-0400: 109.096: [Full GC (Ergonomics) [PSYoungGen: 88064K->37400K(175104K)] [ParOldGen: 523003K->522076K(524288K)] 611067K->559476K(699392K), [Metaspace: 44051K->44051K(1087488K)], 0.1381133 secs] [Times: user=1.68 sys=0.00, real=0.14 secs] 
2016-09-24T03:55:12.051-0400: 109.268: [Full GC (Ergonomics) [PSYoungGen: 85706K->23722K(175104K)] [ParOldGen: 522076K->523908K(524288K)] 607782K->547630K(699392K), [Metaspace: 44051K->44051K(1087488K)], 0.1476221 secs] [Times: user=2.08 sys=0.02, real=0.15 secs] 
2016-09-24T03:55:12.221-0400: 109.438: [Full GC (Ergonomics) [PSYoungGen: 87615K->37346K(175104K)] [ParOldGen: 523908K->522964K(524288K)] 611524K->560310K(699392K), [Metaspace: 44051K->44051K(1087488K)], 0.1420019 secs] [Times: user=1.74 sys=0.01, real=0.15 secs] 
2016-09-24T03:55:12.392-0400: 109.609: [Full GC (Ergonomics) [PSYoungGen: 85675K->37282K(175104K)] [ParOldGen: 522964K->523508K(524288K)] 608639K->560791K(699392K), [Metaspace: 44051K->44051K(1087488K)], 0.1531525 secs] [Times: user=1.77 sys=0.00, real=0.16 secs] 
2016-09-24T03:55:12.583-0400: 109.800: [Full GC (Ergonomics) [PSYoungGen: 88064K->23751K(175104K)] [ParOldGen: 523515K->523859K(524288K)] 611579K->547611K(699392K), [Metaspace: 44051K->44051K(1087488K)], 0.1455128 secs] [Times: user=1.86 sys=0.01, real=0.14 secs] 
2016-09-24T03:55:12.759-0400: 109.975: [Full GC (Ergonomics) [PSYoungGen: 86219K->41436K(175104K)] [ParOldGen: 523859K->522706K(524288K)] 610078K->564143K(699392K), [Metaspace: 44051K->44051K(1087488K)], 0.1698239 secs] [Times: user=1.99 sys=0.02, real=0.17 secs] 
2016-09-24T03:55:12.952-0400: 110.169: [Full GC (Ergonomics) [PSYoungGen: 88064K->37366K(175104K)] [ParOldGen: 523165K->521849K(524288K)] 611229K->559216K(699392K), [Metaspace: 44051K->44051K(1087488K)], 0.1380524 secs] [Times: user=1.70 sys=0.00, real=0.14 secs] 
2016-09-24T03:55:13.115-0400: 110.331: [Full GC (Ergonomics) [PSYoungGen: 88064K->30569K(175104K)] [ParOldGen: 523203K->523586K(524288K)] 611267K->554155K(699392K), [Metaspace: 44051K->44051K(1087488K)], 0.1404798 secs] [Times: user=1.92 sys=0.02, real=0.14 secs] 
2016-09-24T03:55:13.287-0400: 110.504: [Full GC (Ergonomics) [PSYoungGen: 88064K->29200K(175104K)] [ParOldGen: 524287K->524284K(524288K)] 612351K->553484K(699392K), [Metaspace: 44051K->44051K(1087488K)], 0.1450593 secs] [Times: user=1.90 sys=0.03, real=0.14 secs] 
2016-09-24T03:55:13.460-0400: 110.677: [Full GC (Ergonomics) [PSYoungGen: 88064K->34618K(175104K)] [ParOldGen: 524287K->523095K(524288K)] 612351K->557713K(699392K), [Metaspace: 44051K->44051K(1087488K)], 0.1515473 secs] [Times: user=1.99 sys=0.00, real=0.15 secs] 
2016-09-24T03:55:13.638-0400: 110.854: [Full GC (Ergonomics) [PSYoungGen: 86861K->37373K(175104K)] [ParOldGen: 523095K->523418K(524288K)] 609956K->560792K(699392K), [Metaspace: 44051K->44051K(1087488K)], 0.1447578 secs] [Times: user=1.96 sys=0.01, real=0.15 secs] 
2016-09-24T03:55:13.801-0400: 111.018: [Full GC (Ergonomics) [PSYoungGen: 88064K->39995K(175104K)] [ParOldGen: 523523K->523970K(524288K)] 611587K->563966K(699392K), [Metaspace: 44051K->44051K(1087488K)], 0.1487683 secs] [Times: user=1.89 sys=0.02, real=0.15 secs] 
2016-09-24T03:55:13.987-0400: 111.204: [Full GC (Ergonomics) [PSYoungGen: 87909K->34720K(175104K)] [ParOldGen: 523970K->522921K(524288K)] 611879K->557642K(699392K), [Metaspace: 44052K->44052K(1087488K)], 0.1412080 secs] [Times: user=1.95 sys=0.02, real=0.14 secs] 
2016-09-24T03:55:14.160-0400: 111.377: [Full GC (Ergonomics) [PSYoungGen: 88064K->29556K(175104K)] [ParOldGen: 522944K->522977K(524288K)] 611008K->552533K(699392K), [Metaspace: 44052K->44052K(1087488K)], 0.1574552 secs] [Times: user=2.01 sys=0.01, real=0.16 secs] 
2016-09-24T03:55:14.343-0400: 111.560: [Full GC (Ergonomics) [PSYoungGen: 87874K->38780K(175104K)] [ParOldGen: 522977K->523743K(524288K)] 610852K->562524K(699392K), [Metaspace: 44052K->44052K(1087488K)], 0.1383759 secs] [Times: user=1.86 sys=0.01, real=0.13 secs] 
2016-09-24T03:55:14.518-0400: 111.735: [Full GC (Ergonomics) [PSYoungGen: 85717K->30621K(175104K)] [ParOldGen: 523743K->524021K(524288K)] 609461K->554642K(699392K), [Metaspace: 44052K->44052K(1087488K)], 0.1983938 secs] [Times: user=2.37 sys=0.03, real=0.20 secs] 
2016-09-24T03:55:14.751-0400: 111.967: [Full GC (Ergonomics) [PSYoungGen: 87409K->36286K(175104K)] [ParOldGen: 524021K->524202K(524288K)] 611430K->560488K(699392K), [Metaspace: 44052K->44052K(1087488K)], 0.1513811 secs] [Times: user=1.94 sys=0.01, real=0.15 secs] 
2016-09-24T03:55:14.931-0400: 112.147: [Full GC (Ergonomics) [PSYoungGen: 88064K->33610K(175104K)] [ParOldGen: 524287K->523115K(524288K)] 612351K->556725K(699392K), [Metaspace: 44052K->44052K(1087488K)], 0.1454642 secs] [Times: user=2.04 sys=0.00, real=0.15 secs] 
2016-09-24T03:55:15.098-0400: 112.314: [Full GC (Ergonomics) [PSYoungGen: 88064K->40057K(175104K)] [ParOldGen: 523122K->523845K(524288K)] 611186K->563903K(699392K), [Metaspace: 44052K->44052K(1087488K)], 0.1588438 secs] [Times: user=2.01 sys=0.02, real=0.16 secs] 
2016-09-24T03:55:15.288-0400: 112.505: [Full GC (Ergonomics) [PSYoungGen: 86151K->28053K(175104K)] [ParOldGen: 523845K->523784K(524288K)] 609996K->551838K(699392K), [Metaspace: 44052K->44052K(1087488K)], 0.1380714 secs] [Times: user=1.79 sys=0.01, real=0.14 secs] 
2016-09-24T03:55:15.444-0400: 112.661: [Full GC (Ergonomics) [PSYoungGen: 88064K->41650K(175104K)] [ParOldGen: 523875K->522833K(524288K)] 611939K->564483K(699392K), [Metaspace: 44052K->44052K(1087488K)], 0.1353135 secs] [Times: user=1.82 sys=0.01, real=0.13 secs] 
2016-09-24T03:55:15.603-0400: 112.819: [Full GC (Ergonomics) [PSYoungGen: 88064K->51219K(175104K)] [ParOldGen: 523093K->521794K(524288K)] 611157K->573013K(699392K), [Metaspace: 44052K->44052K(1087488K)], 0.1470752 secs] [Times: user=1.94 sys=0.03, real=0.14 secs] 
2016-09-24T03:55:15.782-0400: 112.999: [Full GC (Ergonomics) [PSYoungGen: 88064K->37541K(175104K)] [ParOldGen: 521838K->523314K(524288K)] 609902K->560856K(699392K), [Metaspace: 44052K->44052K(1087488K)], 0.1507085 secs] [Times: user=1.82 sys=0.02, real=0.14 secs] 
2016-09-24T03:55:15.955-0400: 113.172: [Full GC (Ergonomics) [PSYoungGen: 88064K->37788K(175104K)] [ParOldGen: 523352K->523320K(524288K)] 611416K->561109K(699392K), [Metaspace: 44052K->44052K(1087488K)], 0.1602644 secs] [Times: user=2.22 sys=0.02, real=0.16 secs] 
2016-09-24T03:55:16.133-0400: 113.350: [Full GC (Ergonomics) [PSYoungGen: 85519K->48514K(175104K)] [ParOldGen: 523320K->522374K(524288K)] 608840K->570889K(699392K), [Metaspace: 44052K->44052K(1087488K)], 0.1494964 secs] [Times: user=2.11 sys=0.02, real=0.16 secs] 
2016-09-24T03:55:16.308-0400: 113.524: [Full GC (Ergonomics) [PSYoungGen: 87130K->36225K(175104K)] [ParOldGen: 522374K->523930K(524288K)] 609505K->560155K(699392K), [Metaspace: 44052K->44052K(1087488K)], 0.1518251 secs] [Times: user=1.92 sys=0.01, real=0.15 secs] 
2016-09-24T03:55:16.485-0400: 113.702: [Full GC (Ergonomics) [PSYoungGen: 87657K->36386K(175104K)] [ParOldGen: 523930K->523054K(524288K)] 611587K->559440K(699392K), [Metaspace: 44052K->44052K(1087488K)], 0.2314383 secs] [Times: user=2.44 sys=0.05, real=0.23 secs] 
2016-09-24T03:55:16.743-0400: 113.960: [Full GC (Ergonomics) [PSYoungGen: 86847K->43176K(175104K)] [ParOldGen: 523054K->523004K(524288K)] 609901K->566180K(699392K), [Metaspace: 44052K->44052K(1087488K)], 0.1387221 secs] [Times: user=1.80 sys=0.02, real=0.13 secs] 
2016-09-24T03:55:16.909-0400: 114.126: [Full GC (Ergonomics) [PSYoungGen: 88064K->36299K(175104K)] [ParOldGen: 523089K->523371K(524288K)] 611153K->559671K(699392K), [Metaspace: 44052K->44052K(1087488K)], 0.1530919 secs] [Times: user=1.56 sys=0.02, real=0.16 secs] 
2016-09-24T03:55:17.091-0400: 114.308: [Full GC (Ergonomics) [PSYoungGen: 88064K->40385K(175104K)] [ParOldGen: 523697K->523796K(524288K)] 611761K->564181K(699392K), [Metaspace: 44052K->44052K(1087488K)], 0.1356104 secs] [Times: user=1.60 sys=0.00, real=0.14 secs] 
2016-09-24T03:55:17.247-0400: 114.464: [Full GC (Ergonomics) [PSYoungGen: 88064K->45752K(175104K)] [ParOldGen: 523910K->524019K(524288K)] 611974K->569771K(699392K), [Metaspace: 44052K->44052K(1087488K)], 0.1326998 secs] [Times: user=1.74 sys=0.01, real=0.13 secs] 
2016-09-24T03:55:17.400-0400: 114.617: [Full GC (Ergonomics) [PSYoungGen: 88064K->42971K(175104K)] [ParOldGen: 524287K->523115K(524288K)] 612351K->566086K(699392K), [Metaspace: 44059K->44059K(1087488K)], 0.1900554 secs] [Times: user=2.84 sys=0.02, real=0.19 secs] 
2016-09-24T03:55:17.609-0400: 114.826: [Full GC (Ergonomics) [PSYoungGen: 88064K->47024K(175104K)] [ParOldGen: 523269K->523221K(524288K)] 611333K->570246K(699392K), [Metaspace: 44059K->44059K(1087488K)], 0.1428890 secs] [Times: user=2.09 sys=0.00, real=0.14 secs] 
2016-09-24T03:55:17.777-0400: 114.994: [Full GC (Ergonomics) [PSYoungGen: 88064K->30706K(175104K)] [ParOldGen: 523608K->523875K(524288K)] 611672K->554581K(699392K), [Metaspace: 44059K->44059K(1087488K)], 0.1314277 secs] [Times: user=1.95 sys=0.04, real=0.13 secs] 
2016-09-24T03:55:17.932-0400: 115.149: [Full GC (Ergonomics) [PSYoungGen: 88064K->33627K(175104K)] [ParOldGen: 524209K->523903K(524288K)] 612273K->557531K(699392K), [Metaspace: 44059K->44059K(1087488K)], 0.1435263 secs] [Times: user=2.09 sys=0.01, real=0.15 secs] 
2016-09-24T03:55:18.104-0400: 115.320: [Full GC (Ergonomics) [PSYoungGen: 85489K->51055K(175104K)] [ParOldGen: 523903K->522565K(524288K)] 609393K->573620K(699392K), [Metaspace: 44059K->44059K(1087488K)], 0.1464631 secs] [Times: user=2.03 sys=0.02, real=0.14 secs] 
2016-09-24T03:55:18.288-0400: 115.505: [Full GC (Ergonomics) [PSYoungGen: 88064K->3094K(175104K)] [ParOldGen: 522705K->522704K(524288K)] 610769K->525798K(699392K), [Metaspace: 44088K->44088K(1087488K)], 0.2264286 secs] [Times: user=3.40 sys=0.03, real=0.23 secs] 
2016-09-24T03:55:23.028-0400: 120.245: [Full GC (Ergonomics) [PSYoungGen: 88064K->0K(175104K)] [ParOldGen: 522711K->489633K(524288K)] 610775K->489633K(699392K), [Metaspace: 44100K->44100K(1087488K)], 0.1246550 secs] [Times: user=1.01 sys=0.01, real=0.12 secs] 
2016-09-24T03:55:28.282-0400: 125.499: [Full GC (Ergonomics) [PSYoungGen: 88064K->0K(175104K)] [ParOldGen: 489633K->491794K(524288K)] 577697K->491794K(699392K), [Metaspace: 44106K->44106K(1087488K)], 0.1449673 secs] [Times: user=1.01 sys=0.06, real=0.15 secs] 
2016-09-24T03:55:33.800-0400: 131.016: [Full GC (Ergonomics) [PSYoungGen: 88064K->0K(175104K)] [ParOldGen: 491794K->483089K(524288K)] 579858K->483089K(699392K), [Metaspace: 44108K->44108K(1087488K)], 0.1244474 secs] [Times: user=1.01 sys=0.01, real=0.13 secs] 
2016-09-24T03:55:38.992-0400: 136.209: [Full GC (Ergonomics) [PSYoungGen: 88064K->0K(175104K)] [ParOldGen: 483089K->427496K(524288K)] 571153K->427496K(699392K), [Metaspace: 44112K->44112K(1087488K)], 0.1069368 secs] [Times: user=0.90 sys=0.08, real=0.11 secs] 
2016-09-24T03:55:44.207-0400: 141.424: [GC (Allocation Failure) [PSYoungGen: 88064K->20996K(175104K)] 515560K->448501K(699392K), 0.0090624 secs] [Times: user=0.06 sys=0.01, real=0.01 secs] 
