Java HotSpot(TM) 64-Bit Server VM (25.77-b03) for linux-amd64 JRE (1.8.0_77-b03), built on Mar 20 2016 22:00:46 by "java_re" with gcc 4.3.0 20080428 (Red Hat 4.3.0-8)
Memory: 4k page, physical 264122324k(96850228k free), swap 268399612k(268246128k free)
CommandLine flags: -XX:GCLogFileSize=1048576 -XX:+HeapDumpOnOutOfMemoryError -XX:HeapDumpPath=artifacts/heapdump -XX:InitialHeapSize=805306368 -XX:MaxHeapSize=805306368 -XX:NumberOfGCLogFiles=10 -XX:+PrintGC -XX:+PrintGCDateStamps -XX:+PrintGCDetails -XX:+PrintGCTimeStamps -XX:+UseCompressedClassPointers -XX:+UseCompressedOops -XX:+UseGCLogFileRotation -XX:+UseParallelGC 
2016-09-15T11:53:25.591-0400: 2.047: [GC (Metadata GC Threshold) [PSYoungGen: 121898K->15680K(229376K)] 121898K->15760K(753664K), 0.0185497 secs] [Times: user=0.14 sys=0.03, real=0.02 secs] 
2016-09-15T11:53:25.610-0400: 2.065: [Full GC (Metadata GC Threshold) [PSYoungGen: 15680K->0K(229376K)] [ParOldGen: 80K->14597K(346112K)] 15760K->14597K(575488K), [Metaspace: 21035K->21035K(1067008K)], 0.0390044 secs] [Times: user=0.36 sys=0.03, real=0.04 secs] 
2016-09-15T11:53:27.115-0400: 3.571: [GC (Metadata GC Threshold) [PSYoungGen: 118769K->14800K(229376K)] 133367K->29533K(575488K), 0.0174879 secs] [Times: user=0.10 sys=0.04, real=0.02 secs] 
2016-09-15T11:53:27.133-0400: 3.588: [Full GC (Metadata GC Threshold) [PSYoungGen: 14800K->0K(229376K)] [ParOldGen: 14733K->20305K(524288K)] 29533K->20305K(753664K), [Metaspace: 35082K->35082K(1079296K)], 0.0624444 secs] [Times: user=0.33 sys=0.02, real=0.06 secs] 
2016-09-15T11:53:28.833-0400: 5.289: [GC (GCLocker Initiated GC) [PSYoungGen: 196608K->29975K(229376K)] 216918K->62443K(753664K), 0.0133984 secs] [Times: user=0.13 sys=0.01, real=0.01 secs] 
2016-09-15T11:53:29.708-0400: 6.163: [GC (GCLocker Initiated GC) [PSYoungGen: 226583K->21362K(229376K)] 265482K->60269K(753664K), 0.0133210 secs] [Times: user=0.17 sys=0.00, real=0.01 secs] 
2016-09-15T11:53:30.779-0400: 7.235: [GC (GCLocker Initiated GC) [PSYoungGen: 217970K->32747K(229376K)] 257182K->78837K(753664K), 0.0088366 secs] [Times: user=0.10 sys=0.00, real=0.01 secs] 
2016-09-15T11:53:31.848-0400: 8.303: [GC (Allocation Failure) [PSYoungGen: 229355K->20725K(217088K)] 287597K->78975K(741376K), 0.0219970 secs] [Times: user=0.14 sys=0.00, real=0.02 secs] 
2016-09-15T11:53:32.869-0400: 9.324: [GC (Allocation Failure) [PSYoungGen: 204412K->21067K(223232K)] 262661K->79325K(747520K), 0.0079685 secs] [Times: user=0.09 sys=0.01, real=0.01 secs] 
2016-09-15T11:53:33.318-0400: 9.774: [GC (GCLocker Initiated GC) [PSYoungGen: 205387K->33747K(219648K)] 263656K->134549K(743936K), 0.0098330 secs] [Times: user=0.11 sys=0.00, real=0.01 secs] 
2016-09-15T11:53:33.516-0400: 9.972: [GC (GCLocker Initiated GC) [PSYoungGen: 216019K->39722K(222208K)] 317126K->207662K(746496K), 0.0118983 secs] [Times: user=0.13 sys=0.04, real=0.01 secs] 
2016-09-15T11:53:33.796-0400: 10.252: [GC (GCLocker Initiated GC) [PSYoungGen: 221994K->39462K(206848K)] 396158K->250084K(731136K), 0.0101917 secs] [Times: user=0.09 sys=0.01, real=0.00 secs] 
2016-09-15T11:53:34.037-0400: 10.493: [GC (Allocation Failure) [PSYoungGen: 206374K->45765K(212992K)] 417340K->341789K(737280K), 0.0179098 secs] [Times: user=0.24 sys=0.02, real=0.01 secs] 
2016-09-15T11:53:34.289-0400: 10.744: [GC (GCLocker Initiated GC) [PSYoungGen: 209678K->43677K(200704K)] 511777K->396394K(724992K), 0.0204245 secs] [Times: user=0.25 sys=0.02, real=0.02 secs] 
2016-09-15T11:53:34.515-0400: 10.971: [GC (GCLocker Initiated GC) [PSYoungGen: 195229K->49788K(201728K)] 566308K->439484K(726016K), 0.0093598 secs] [Times: user=0.08 sys=0.01, real=0.01 secs] 
2016-09-15T11:53:34.789-0400: 11.244: [GC (GCLocker Initiated GC) [PSYoungGen: 201340K->55671K(189952K)] 591380K->488396K(714240K), 0.0211085 secs] [Times: user=0.24 sys=0.02, real=0.02 secs] 
2016-09-15T11:53:35.008-0400: 11.464: [GC (GCLocker Initiated GC) [PSYoungGen: 185719K->61458K(192000K)] 618486K->561410K(716288K), 0.0153202 secs] [Times: user=0.16 sys=0.02, real=0.01 secs] 
2016-09-15T11:53:35.024-0400: 11.479: [Full GC (Ergonomics) [PSYoungGen: 61458K->0K(192000K)] [ParOldGen: 499952K->44758K(524288K)] 561410K->44758K(716288K), [Metaspace: 43501K->43497K(1085440K)], 0.2450718 secs] [Times: user=3.54 sys=0.01, real=0.25 secs] 
2016-09-15T11:53:35.430-0400: 11.885: [GC (GCLocker Initiated GC) [PSYoungGen: 130048K->68345K(171520K)] 187306K->168136K(695808K), 0.0152918 secs] [Times: user=0.22 sys=0.00, real=0.01 secs] 
2016-09-15T11:53:35.591-0400: 12.047: [GC (GCLocker Initiated GC) [PSYoungGen: 169721K->80331K(181760K)] 269665K->222801K(706048K), 0.0111645 secs] [Times: user=0.16 sys=0.00, real=0.01 secs] 
2016-09-15T11:53:35.731-0400: 12.187: [GC (GCLocker Initiated GC) [PSYoungGen: 181707K->80303K(168448K)] 336600K->265827K(692736K), 0.0099420 secs] [Times: user=0.15 sys=0.00, real=0.01 secs] 
2016-09-15T11:53:35.862-0400: 12.318: [GC (Allocation Failure) [PSYoungGen: 168365K->56298K(175104K)] 360314K->285309K(699392K), 0.0100501 secs] [Times: user=0.14 sys=0.00, real=0.01 secs] 
2016-09-15T11:53:35.968-0400: 12.423: [GC (GCLocker Initiated GC) [PSYoungGen: 144362K->85722K(175104K)] 373379K->315093K(699392K), 0.0116708 secs] [Times: user=0.13 sys=0.00, real=0.01 secs] 
2016-09-15T11:53:36.080-0400: 12.536: [GC (GCLocker Initiated GC) [PSYoungGen: 173786K->79815K(175104K)] 409386K->339810K(699392K), 0.0166649 secs] [Times: user=0.18 sys=0.00, real=0.02 secs] 
2016-09-15T11:53:36.209-0400: 12.665: [GC (GCLocker Initiated GC) [PSYoungGen: 167879K->61622K(175104K)] 434181K->376996K(699392K), 0.0157182 secs] [Times: user=0.20 sys=0.00, real=0.01 secs] 
2016-09-15T11:53:36.349-0400: 12.804: [GC (Allocation Failure) [PSYoungGen: 149686K->55775K(175104K)] 477403K->420241K(699392K), 0.0099630 secs] [Times: user=0.15 sys=0.00, real=0.01 secs] 
2016-09-15T11:53:36.470-0400: 12.926: [GC (GCLocker Initiated GC) [PSYoungGen: 143839K->73672K(175104K)] 508311K->492987K(699392K), 0.0092998 secs] [Times: user=0.14 sys=0.00, real=0.01 secs] 
2016-09-15T11:53:36.626-0400: 13.082: [GC (GCLocker Initiated GC) [PSYoungGen: 161736K->49571K(175104K)] 587156K->493516K(699392K), 0.0094237 secs] [Times: user=0.14 sys=0.01, real=0.02 secs] 
2016-09-15T11:53:36.733-0400: 13.188: [GC (GCLocker Initiated GC) [PSYoungGen: 137635K->85854K(175104K)] 581688K->554858K(699392K), 0.0108671 secs] [Times: user=0.15 sys=0.00, real=0.01 secs] 
2016-09-15T11:53:36.744-0400: 13.199: [Full GC (Ergonomics) [PSYoungGen: 85854K->0K(175104K)] [ParOldGen: 469004K->51190K(524288K)] 554858K->51190K(699392K), [Metaspace: 43608K->43608K(1085440K)], 0.0435674 secs] [Times: user=0.32 sys=0.01, real=0.04 secs] 
2016-09-15T11:53:36.893-0400: 13.348: [GC (GCLocker Initiated GC) [PSYoungGen: 88064K->86406K(175104K)] 139385K->143802K(699392K), 0.0108543 secs] [Times: user=0.16 sys=0.00, real=0.01 secs] 
2016-09-15T11:53:37.041-0400: 13.497: [GC (GCLocker Initiated GC) [PSYoungGen: 174470K->85822K(175104K)] 232060K->180753K(699392K), 0.0086233 secs] [Times: user=0.13 sys=0.00, real=0.01 secs] 
2016-09-15T11:53:37.159-0400: 13.614: [GC (GCLocker Initiated GC) [PSYoungGen: 173886K->67697K(175104K)] 275023K->205428K(699392K), 0.0091983 secs] [Times: user=0.11 sys=0.01, real=0.01 secs] 
2016-09-15T11:53:37.297-0400: 13.753: [GC (GCLocker Initiated GC) [PSYoungGen: 155761K->55251K(175104K)] 305924K->254354K(699392K), 0.0081079 secs] [Times: user=0.11 sys=0.00, real=0.00 secs] 
2016-09-15T11:53:37.439-0400: 13.895: [GC (GCLocker Initiated GC) [PSYoungGen: 143315K->73640K(175104K)] 348792K->279245K(699392K), 0.0156768 secs] [Times: user=0.21 sys=0.00, real=0.01 secs] 
2016-09-15T11:53:37.570-0400: 14.026: [GC (Allocation Failure) [PSYoungGen: 161704K->55383K(175104K)] 367581K->261568K(699392K), 0.0071338 secs] [Times: user=0.09 sys=0.00, real=0.01 secs] 
2016-09-15T11:53:37.689-0400: 14.145: [GC (GCLocker Initiated GC) [PSYoungGen: 141353K->73640K(175104K)] 353613K->304408K(699392K), 0.0085941 secs] [Times: user=0.06 sys=0.00, real=0.01 secs] 
2016-09-15T11:53:37.838-0400: 14.293: [GC (GCLocker Initiated GC) [PSYoungGen: 161704K->85758K(175104K)] 392542K->347263K(699392K), 0.0116363 secs] [Times: user=0.13 sys=0.00, real=0.01 secs] 
2016-09-15T11:53:37.957-0400: 14.412: [GC (Allocation Failure) [PSYoungGen: 173822K->73672K(175104K)] 435548K->390396K(699392K), 0.0114423 secs] [Times: user=0.18 sys=0.00, real=0.01 secs] 
2016-09-15T11:53:38.091-0400: 14.546: [GC (GCLocker Initiated GC) [PSYoungGen: 161736K->55219K(175104K)] 478466K->390465K(699392K), 0.0080582 secs] [Times: user=0.12 sys=0.00, real=0.01 secs] 
2016-09-15T11:53:38.225-0400: 14.680: [GC (GCLocker Initiated GC) [PSYoungGen: 143283K->86018K(175104K)] 478817K->427739K(699392K), 0.0103704 secs] [Times: user=0.16 sys=0.00, real=0.01 secs] 
2016-09-15T11:53:38.374-0400: 14.830: [GC (GCLocker Initiated GC) [PSYoungGen: 174082K->55383K(175104K)] 522099K->440166K(699392K), 0.0087161 secs] [Times: user=0.13 sys=0.00, real=0.01 secs] 
2016-09-15T11:53:38.505-0400: 14.960: [GC (GCLocker Initiated GC) [PSYoungGen: 143447K->74000K(175104K)] 528474K->477403K(699392K), 0.0109186 secs] [Times: user=0.16 sys=0.00, real=0.01 secs] 
2016-09-15T11:53:38.635-0400: 15.090: [GC (GCLocker Initiated GC) [PSYoungGen: 162064K->85822K(175104K)] 565705K->514071K(699392K), 0.0094403 secs] [Times: user=0.13 sys=0.01, real=0.01 secs] 
2016-09-15T11:53:38.749-0400: 15.204: [GC (GCLocker Initiated GC) [PSYoungGen: 173886K->85954K(175104K)] 602300K->550962K(699392K), 0.0119970 secs] [Times: user=0.16 sys=0.00, real=0.01 secs] 
2016-09-15T11:53:38.761-0400: 15.216: [Full GC (Ergonomics) [PSYoungGen: 85954K->0K(175104K)] [ParOldGen: 465008K->45730K(524288K)] 550962K->45730K(699392K), [Metaspace: 43724K->43724K(1085440K)], 0.0498750 secs] [Times: user=0.30 sys=0.02, real=0.05 secs] 
2016-09-15T11:53:38.923-0400: 15.378: [GC (GCLocker Initiated GC) [PSYoungGen: 88064K->85950K(175104K)] 134116K->132002K(699392K), 0.0083080 secs] [Times: user=0.10 sys=0.00, real=0.01 secs] 
2016-09-15T11:53:39.059-0400: 15.515: [GC (GCLocker Initiated GC) [PSYoungGen: 174014K->85758K(175104K)] 220181K->168923K(699392K), 0.0221111 secs] [Times: user=0.30 sys=0.00, real=0.02 secs] 
2016-09-15T11:53:39.212-0400: 15.667: [GC (GCLocker Initiated GC) [PSYoungGen: 173822K->73836K(175104K)] 263367K->218192K(699392K), 0.0097171 secs] [Times: user=0.13 sys=0.00, real=0.01 secs] 
2016-09-15T11:53:39.342-0400: 15.798: [GC (GCLocker Initiated GC) [PSYoungGen: 161900K->79715K(175104K)] 312411K->266991K(699392K), 0.0101739 secs] [Times: user=0.15 sys=0.00, real=0.01 secs] 
2016-09-15T11:53:39.478-0400: 15.933: [GC (GCLocker Initiated GC) [PSYoungGen: 167779K->61590K(175104K)] 361486K->297949K(699392K), 0.0132173 secs] [Times: user=0.16 sys=0.00, real=0.01 secs] 
2016-09-15T11:53:39.616-0400: 16.071: [GC (GCLocker Initiated GC) [PSYoungGen: 149654K->74000K(175104K)] 386183K->329054K(699392K), 0.0102356 secs] [Times: user=0.15 sys=0.00, real=0.00 secs] 
2016-09-15T11:53:39.738-0400: 16.193: [GC (GCLocker Initiated GC) [PSYoungGen: 162064K->85790K(175104K)] 417479K->365820K(699392K), 0.0102448 secs] [Times: user=0.14 sys=0.00, real=0.01 secs] 
2016-09-15T11:53:39.875-0400: 16.330: [GC (GCLocker Initiated GC) [PSYoungGen: 173854K->85790K(175104K)] 454011K->402508K(699392K), 0.0127994 secs] [Times: user=0.14 sys=0.00, real=0.01 secs] 
2016-09-15T11:53:40.018-0400: 16.474: [GC (GCLocker Initiated GC) [PSYoungGen: 173854K->67569K(175104K)] 490737K->402780K(699392K), 0.0115696 secs] [Times: user=0.08 sys=0.00, real=0.01 secs] 
2016-09-15T11:53:40.140-0400: 16.596: [GC (GCLocker Initiated GC) [PSYoungGen: 155633K->55511K(175104K)] 490846K->439640K(699392K), 0.0125153 secs] [Times: user=0.15 sys=0.00, real=0.01 secs] 
2016-09-15T11:53:40.290-0400: 16.745: [GC (GCLocker Initiated GC) [PSYoungGen: 143575K->37322K(175104K)] 546273K->458521K(699392K), 0.0074753 secs] [Times: user=0.07 sys=0.00, real=0.01 secs] 
2016-09-15T11:53:40.407-0400: 16.862: [GC (GCLocker Initiated GC) [PSYoungGen: 125386K->67405K(175104K)] 546733K->489028K(699392K), 0.0128511 secs] [Times: user=0.14 sys=0.00, real=0.02 secs] 
2016-09-15T11:53:40.535-0400: 16.990: [GC (GCLocker Initiated GC) [PSYoungGen: 155469K->43397K(175104K)] 589524K->544412K(699392K), 0.0101426 secs] [Times: user=0.14 sys=0.00, real=0.01 secs] 
2016-09-15T11:53:40.545-0400: 17.001: [Full GC (Ergonomics) [PSYoungGen: 43397K->0K(175104K)] [ParOldGen: 501015K->51036K(524288K)] 544412K->51036K(699392K), [Metaspace: 43785K->43785K(1085440K)], 0.0454862 secs] [Times: user=0.35 sys=0.00, real=0.05 secs] 
2016-09-15T11:53:40.694-0400: 17.149: [GC (Allocation Failure) [PSYoungGen: 88064K->86274K(175104K)] 139260K->143545K(699392K), 0.0100447 secs] [Times: user=0.14 sys=0.00, real=0.01 secs] 
2016-09-15T11:53:40.819-0400: 17.274: [GC (GCLocker Initiated GC) [PSYoungGen: 174338K->74327K(175104K)] 231609K->168800K(699392K), 0.0097110 secs] [Times: user=0.15 sys=0.01, real=0.01 secs] 
2016-09-15T11:53:40.966-0400: 17.422: [GC (Allocation Failure) [PSYoungGen: 162391K->79551K(175104K)] 256906K->174504K(699392K), 0.0097450 secs] [Times: user=0.12 sys=0.01, real=0.02 secs] 
2016-09-15T11:53:41.089-0400: 17.544: [GC (GCLocker Initiated GC) [PSYoungGen: 167615K->61358K(175104K)] 262574K->217227K(699392K), 0.0108133 secs] [Times: user=0.14 sys=0.03, real=0.01 secs] 
2016-09-15T11:53:41.213-0400: 17.668: [GC (GCLocker Initiated GC) [PSYoungGen: 149422K->86182K(175104K)] 311525K->272721K(699392K), 0.0087719 secs] [Times: user=0.12 sys=0.00, real=0.01 secs] 
2016-09-15T11:53:41.334-0400: 17.789: [GC (GCLocker Initiated GC) [PSYoungGen: 174246K->79779K(175104K)] 366884K->321357K(699392K), 0.0098894 secs] [Times: user=0.10 sys=0.02, real=0.01 secs] 
2016-09-15T11:53:41.481-0400: 17.936: [GC (GCLocker Initiated GC) [PSYoungGen: 167843K->73672K(175104K)] 415689K->394750K(699392K), 0.0116775 secs] [Times: user=0.17 sys=0.01, real=0.01 secs] 
2016-09-15T11:53:41.612-0400: 18.067: [GC (Allocation Failure) [PSYoungGen: 161736K->73640K(175104K)] 489239K->401426K(699392K), 0.0164204 secs] [Times: user=0.21 sys=0.00, real=0.02 secs] 
2016-09-15T11:53:41.734-0400: 18.190: [GC (GCLocker Initiated GC) [PSYoungGen: 161704K->73900K(175104K)] 489501K->420246K(699392K), 0.0096131 secs] [Times: user=0.13 sys=0.01, real=0.01 secs] 
2016-09-15T11:53:41.883-0400: 18.339: [GC (GCLocker Initiated GC) [PSYoungGen: 161964K->67597K(175104K)] 520749K->463140K(699392K), 0.0177856 secs] [Times: user=0.28 sys=0.01, real=0.02 secs] 
2016-09-15T11:53:42.009-0400: 18.465: [GC (GCLocker Initiated GC) [PSYoungGen: 155661K->85854K(175104K)] 551240K->536267K(699392K), 0.0120035 secs] [Times: user=0.17 sys=0.01, real=0.01 secs] 
2016-09-15T11:53:42.022-0400: 18.477: [Full GC (Ergonomics) [PSYoungGen: 85854K->0K(175104K)] [ParOldGen: 450413K->51151K(524288K)] 536267K->51151K(699392K), [Metaspace: 43813K->43813K(1087488K)], 0.0568681 secs] [Times: user=0.42 sys=0.01, real=0.06 secs] 
2016-09-15T11:53:42.188-0400: 18.644: [GC (GCLocker Initiated GC) [PSYoungGen: 88064K->86662K(175104K)] 145494K->162317K(699392K), 0.0104275 secs] [Times: user=0.14 sys=0.00, real=0.01 secs] 
2016-09-15T11:53:43.181-0400: 19.637: [GC (GCLocker Initiated GC) [PSYoungGen: 174726K->55479K(175104K)] 250596K->187180K(699392K), 0.0115937 secs] [Times: user=0.13 sys=0.01, real=0.01 secs] 
2016-09-15T11:53:43.334-0400: 19.790: [GC (GCLocker Initiated GC) [PSYoungGen: 143543K->85822K(175104K)] 281394K->248337K(699392K), 0.0088679 secs] [Times: user=0.13 sys=0.00, real=0.01 secs] 
2016-09-15T11:53:43.462-0400: 19.918: [GC (GCLocker Initiated GC) [PSYoungGen: 173886K->85854K(175104K)] 336600K->321635K(699392K), 0.0137082 secs] [Times: user=0.21 sys=0.00, real=0.02 secs] 
2016-09-15T11:53:43.671-0400: 20.126: [GC (GCLocker Initiated GC) [PSYoungGen: 173918K->73740K(175104K)] 422210K->370924K(699392K), 0.0206657 secs] [Times: user=0.26 sys=0.00, real=0.02 secs] 
2016-09-15T11:53:43.826-0400: 20.281: [GC (GCLocker Initiated GC) [PSYoungGen: 161804K->85822K(175104K)] 459030K->425880K(699392K), 0.0117247 secs] [Times: user=0.14 sys=0.01, real=0.02 secs] 
2016-09-15T11:53:43.964-0400: 20.419: [GC (GCLocker Initiated GC) [PSYoungGen: 173886K->85758K(175104K)] 513992K->492833K(699392K), 0.0117700 secs] [Times: user=0.17 sys=0.00, real=0.02 secs] 
2016-09-15T11:53:44.118-0400: 20.573: [GC (GCLocker Initiated GC) [PSYoungGen: 173822K->85854K(175104K)] 587030K->566210K(699392K), 0.0128802 secs] [Times: user=0.18 sys=0.01, real=0.01 secs] 
2016-09-15T11:53:44.131-0400: 20.586: [Full GC (Ergonomics) [PSYoungGen: 85854K->0K(175104K)] [ParOldGen: 480356K->45102K(524288K)] 566210K->45102K(699392K), [Metaspace: 43822K->43822K(1087488K)], 0.0590922 secs] [Times: user=0.34 sys=0.01, real=0.06 secs] 
2016-09-15T11:53:44.299-0400: 20.755: [GC (GCLocker Initiated GC) [PSYoungGen: 88064K->86242K(175104K)] 133252K->155731K(699392K), 0.0105345 secs] [Times: user=0.13 sys=0.01, real=0.01 secs] 
2016-09-15T11:53:44.437-0400: 20.892: [GC (GCLocker Initiated GC) [PSYoungGen: 174306K->86086K(175104K)] 243837K->229113K(699392K), 0.0157842 secs] [Times: user=0.24 sys=0.00, real=0.01 secs] 
2016-09-15T11:53:44.565-0400: 21.020: [GC (Allocation Failure) [PSYoungGen: 174150K->73444K(175104K)] 317397K->302213K(699392K), 0.0146412 secs] [Times: user=0.21 sys=0.01, real=0.02 secs] 
2016-09-15T11:53:44.689-0400: 21.144: [GC (GCLocker Initiated GC) [PSYoungGen: 161340K->85854K(175104K)] 396185K->375517K(699392K), 0.0116168 secs] [Times: user=0.18 sys=0.00, real=0.01 secs] 
2016-09-15T11:53:44.805-0400: 21.260: [GC (GCLocker Initiated GC) [PSYoungGen: 173918K->85822K(175104K)] 463764K->436749K(699392K), 0.0148782 secs] [Times: user=0.18 sys=0.00, real=0.02 secs] 
2016-09-15T11:53:44.934-0400: 21.389: [GC (GCLocker Initiated GC) [PSYoungGen: 173886K->86314K(175104K)] 524939K->498285K(699392K), 0.0142729 secs] [Times: user=0.20 sys=0.00, real=0.02 secs] 
2016-09-15T11:53:45.061-0400: 21.516: [GC (GCLocker Initiated GC) [PSYoungGen: 174378K->85822K(175104K)] 592701K->565383K(699392K), 0.0117775 secs] [Times: user=0.18 sys=0.00, real=0.01 secs] 
2016-09-15T11:53:45.073-0400: 21.528: [Full GC (Ergonomics) [PSYoungGen: 85822K->0K(175104K)] [ParOldGen: 479561K->57443K(524288K)] 565383K->57443K(699392K), [Metaspace: 43828K->43828K(1087488K)], 0.0748963 secs] [Times: user=0.39 sys=0.02, real=0.08 secs] 
2016-09-15T11:53:45.280-0400: 21.736: [GC (GCLocker Initiated GC) [PSYoungGen: 88064K->86118K(175104K)] 151866K->155995K(699392K), 0.0092645 secs] [Times: user=0.13 sys=0.00, real=0.01 secs] 
2016-09-15T11:53:45.398-0400: 21.853: [GC (Allocation Failure) [PSYoungGen: 174182K->73704K(175104K)] 250344K->205037K(699392K), 0.0181429 secs] [Times: user=0.24 sys=0.01, real=0.02 secs] 
2016-09-15T11:53:45.534-0400: 21.989: [GC (GCLocker Initiated GC) [PSYoungGen: 160789K->86018K(175104K)] 298197K->266086K(699392K), 0.0218123 secs] [Times: user=0.28 sys=0.02, real=0.03 secs] 
2016-09-15T11:53:45.696-0400: 22.151: [GC (GCLocker Initiated GC) [PSYoungGen: 174082K->67893K(175104K)] 354354K->321357K(699392K), 0.0133931 secs] [Times: user=0.18 sys=0.01, real=0.01 secs] 
2016-09-15T11:53:45.837-0400: 22.293: [GC (GCLocker Initiated GC) [PSYoungGen: 155957K->67633K(175104K)] 415683K->363905K(699392K), 0.0132866 secs] [Times: user=0.14 sys=0.00, real=0.01 secs] 
2016-09-15T11:53:45.977-0400: 22.432: [GC (GCLocker Initiated GC) [PSYoungGen: 155697K->67437K(175104K)] 464301K->437067K(699392K), 0.0160569 secs] [Times: user=0.14 sys=0.01, real=0.01 secs] 
2016-09-15T11:53:46.133-0400: 22.588: [GC (GCLocker Initiated GC) [PSYoungGen: 155501K->61394K(175104K)] 525447K->480044K(699392K), 0.0195076 secs] [Times: user=0.21 sys=0.00, real=0.02 secs] 
2016-09-15T11:53:46.261-0400: 22.716: [GC (GCLocker Initiated GC) [PSYoungGen: 149458K->85758K(175104K)] 568167K->583601K(699392K), 0.0151754 secs] [Times: user=0.16 sys=0.00, real=0.02 secs] 
2016-09-15T11:53:46.276-0400: 22.732: [Full GC (Ergonomics) [PSYoungGen: 85758K->0K(175104K)] [ParOldGen: 497843K->45061K(524288K)] 583601K->45061K(699392K), [Metaspace: 43877K->43877K(1087488K)], 0.0602269 secs] [Times: user=0.37 sys=0.01, real=0.06 secs] 
2016-09-15T11:53:46.449-0400: 22.905: [GC (GCLocker Initiated GC) [PSYoungGen: 88064K->86274K(175104K)] 139561K->149921K(699392K), 0.0094927 secs] [Times: user=0.13 sys=0.00, real=0.01 secs] 
2016-09-15T11:53:46.585-0400: 23.040: [GC (GCLocker Initiated GC) [PSYoungGen: 174338K->49667K(175104K)] 238033K->211166K(699392K), 0.0190349 secs] [Times: user=0.26 sys=0.01, real=0.02 secs] 
2016-09-15T11:53:46.701-0400: 23.156: [GC (GCLocker Initiated GC) [PSYoungGen: 137731K->61558K(175104K)] 305577K->260045K(699392K), 0.0189366 secs] [Times: user=0.20 sys=0.01, real=0.02 secs] 
2016-09-15T11:53:46.829-0400: 23.285: [GC (GCLocker Initiated GC) [PSYoungGen: 149622K->85758K(175104K)] 354360K->345463K(699392K), 0.0129580 secs] [Times: user=0.12 sys=0.01, real=0.01 secs] 
2016-09-15T11:53:46.948-0400: 23.403: [GC (Allocation Failure) [PSYoungGen: 173822K->85790K(175104K)] 433574K->436975K(699392K), 0.0226886 secs] [Times: user=0.30 sys=0.00, real=0.03 secs] 
2016-09-15T11:53:47.088-0400: 23.543: [GC (GCLocker Initiated GC) [PSYoungGen: 173854K->85854K(175104K)] 525040K->492023K(699392K), 0.0163449 secs] [Times: user=0.25 sys=0.02, real=0.01 secs] 
2016-09-15T11:53:47.226-0400: 23.681: [GC (GCLocker Initiated GC) [PSYoungGen: 173918K->73672K(175104K)] 580437K->553407K(699392K), 0.0201482 secs] [Times: user=0.26 sys=0.01, real=0.02 secs] 
2016-09-15T11:53:47.246-0400: 23.701: [Full GC (Ergonomics) [PSYoungGen: 73672K->0K(175104K)] [ParOldGen: 479734K->57486K(524288K)] 553407K->57486K(699392K), [Metaspace: 43897K->43897K(1087488K)], 0.0510202 secs] [Times: user=0.39 sys=0.00, real=0.06 secs] 
2016-09-15T11:53:47.449-0400: 23.904: [GC (GCLocker Initiated GC) [PSYoungGen: 88064K->86242K(175104K)] 151649K->174127K(699392K), 0.0200530 secs] [Times: user=0.29 sys=0.01, real=0.02 secs] 
2016-09-15T11:53:47.604-0400: 24.059: [GC (GCLocker Initiated GC) [PSYoungGen: 174306K->79715K(175104K)] 262552K->229603K(699392K), 0.0116387 secs] [Times: user=0.15 sys=0.00, real=0.02 secs] 
2016-09-15T11:53:47.729-0400: 24.184: [GC (GCLocker Initiated GC) [PSYoungGen: 167779K->85918K(175104K)] 323886K->333301K(699392K), 0.0147244 secs] [Times: user=0.22 sys=0.00, real=0.01 secs] 
2016-09-15T11:53:47.873-0400: 24.329: [GC (GCLocker Initiated GC) [PSYoungGen: 173982K->49276K(175104K)] 421552K->388147K(699392K), 0.0182169 secs] [Times: user=0.19 sys=0.01, real=0.02 secs] 
2016-09-15T11:53:47.993-0400: 24.448: [GC (GCLocker Initiated GC) [PSYoungGen: 137340K->67797K(175104K)] 476455K->449728K(699392K), 0.0169952 secs] [Times: user=0.18 sys=0.00, real=0.02 secs] 
2016-09-15T11:53:48.117-0400: 24.572: [GC (GCLocker Initiated GC) [PSYoungGen: 155861K->85790K(175104K)] 544077K->565766K(699392K), 0.0303204 secs] [Times: user=0.39 sys=0.01, real=0.02 secs] 
2016-09-15T11:53:48.147-0400: 24.603: [Full GC (Ergonomics) [PSYoungGen: 85790K->0K(175104K)] [ParOldGen: 479976K->51956K(524288K)] 565766K->51956K(699392K), [Metaspace: 43901K->43901K(1087488K)], 0.0581142 secs] [Times: user=0.38 sys=0.01, real=0.06 secs] 
2016-09-15T11:53:48.311-0400: 24.766: [GC (GCLocker Initiated GC) [PSYoungGen: 88064K->86046K(175104K)] 140112K->174545K(699392K), 0.0135095 secs] [Times: user=0.18 sys=0.01, real=0.01 secs] 
2016-09-15T11:53:48.446-0400: 24.902: [GC (GCLocker Initiated GC) [PSYoungGen: 174110K->73640K(175104K)] 262817K->229728K(699392K), 0.0136614 secs] [Times: user=0.20 sys=0.00, real=0.02 secs] 
2016-09-15T11:53:54.344-0400: 30.800: [GC (Allocation Failure) [PSYoungGen: 161704K->49411K(175104K)] 324022K->260425K(699392K), 0.0247915 secs] [Times: user=0.18 sys=0.02, real=0.03 secs] 
2016-09-15T11:53:54.466-0400: 30.921: [GC (GCLocker Initiated GC) [PSYoungGen: 137475K->85822K(175104K)] 348495K->345921K(699392K), 0.0132711 secs] [Times: user=0.20 sys=0.00, real=0.02 secs] 
2016-09-15T11:53:54.608-0400: 31.063: [GC (GCLocker Initiated GC) [PSYoungGen: 173886K->73804K(175104K)] 446496K->389067K(699392K), 0.0148306 secs] [Times: user=0.16 sys=0.00, real=0.01 secs] 
2016-09-15T11:53:54.738-0400: 31.194: [GC (GCLocker Initiated GC) [PSYoungGen: 161868K->73380K(175104K)] 477386K->456186K(699392K), 0.0166942 secs] [Times: user=0.20 sys=0.00, real=0.01 secs] 
2016-09-15T11:53:54.882-0400: 31.337: [GC (GCLocker Initiated GC) [PSYoungGen: 161444K->61718K(175104K)] 544393K->542019K(699392K), 0.0206678 secs] [Times: user=0.26 sys=0.01, real=0.02 secs] 
2016-09-15T11:53:54.903-0400: 31.358: [Full GC (Ergonomics) [PSYoungGen: 61718K->0K(175104K)] [ParOldGen: 480300K->51839K(524288K)] 542019K->51839K(699392K), [Metaspace: 43908K->43908K(1087488K)], 0.0597486 secs] [Times: user=0.38 sys=0.01, real=0.06 secs] 
2016-09-15T11:53:55.076-0400: 31.532: [GC (GCLocker Initiated GC) [PSYoungGen: 88064K->86242K(175104K)] 145979K->156308K(699392K), 0.0180564 secs] [Times: user=0.23 sys=0.01, real=0.01 secs] 
2016-09-15T11:53:55.203-0400: 31.658: [GC (GCLocker Initiated GC) [PSYoungGen: 174306K->85886K(175104K)] 250808K->211551K(699392K), 0.0217007 secs] [Times: user=0.31 sys=0.01, real=0.02 secs] 
2016-09-15T11:53:55.346-0400: 31.801: [GC (GCLocker Initiated GC) [PSYoungGen: 173950K->80107K(175104K)] 300381K->261528K(699392K), 0.0126421 secs] [Times: user=0.19 sys=0.00, real=0.02 secs] 
2016-09-15T11:53:55.465-0400: 31.921: [GC (GCLocker Initiated GC) [PSYoungGen: 168171K->79747K(175104K)] 349667K->316070K(699392K), 0.0138333 secs] [Times: user=0.23 sys=0.01, real=0.02 secs] 
2016-09-15T11:53:55.592-0400: 32.048: [GC (Allocation Failure) [PSYoungGen: 167811K->85822K(175104K)] 404232K->383325K(699392K), 0.0140945 secs] [Times: user=0.20 sys=0.01, real=0.01 secs] 
2016-09-15T11:53:55.713-0400: 32.169: [GC (GCLocker Initiated GC) [PSYoungGen: 172737K->85758K(175104K)] 476315K->468619K(699392K), 0.0140912 secs] [Times: user=0.19 sys=0.00, real=0.01 secs] 
2016-09-15T11:53:55.858-0400: 32.313: [GC (Allocation Failure) [PSYoungGen: 173822K->67309K(175104K)] 563057K->505419K(699392K), 0.0155702 secs] [Times: user=0.10 sys=0.01, real=0.01 secs] 
2016-09-15T11:53:55.873-0400: 32.329: [Full GC (Ergonomics) [PSYoungGen: 67309K->0K(175104K)] [ParOldGen: 438110K->45591K(524288K)] 505419K->45591K(699392K), [Metaspace: 43908K->43908K(1087488K)], 0.0542441 secs] [Times: user=0.26 sys=0.00, real=0.06 secs] 
2016-09-15T11:53:56.047-0400: 32.502: [GC (GCLocker Initiated GC) [PSYoungGen: 82051K->86146K(175104K)] 133717K->162112K(699392K), 0.0118574 secs] [Times: user=0.13 sys=0.01, real=0.02 secs] 
2016-09-15T11:53:56.199-0400: 32.654: [GC (GCLocker Initiated GC) [PSYoungGen: 174210K->67533K(175104K)] 262346K->235372K(699392K), 0.0150321 secs] [Times: user=0.17 sys=0.00, real=0.01 secs] 
2016-09-15T11:53:56.343-0400: 32.798: [GC (GCLocker Initiated GC) [PSYoungGen: 155597K->61718K(175104K)] 342005K->302945K(699392K), 0.0278949 secs] [Times: user=0.35 sys=0.00, real=0.03 secs] 
2016-09-15T11:53:56.504-0400: 32.960: [GC (GCLocker Initiated GC) [PSYoungGen: 149782K->79715K(175104K)] 397400K->376265K(699392K), 0.0136807 secs] [Times: user=0.17 sys=0.00, real=0.02 secs] 
2016-09-15T11:53:56.664-0400: 33.120: [GC (GCLocker Initiated GC) [PSYoungGen: 167779K->61526K(175104K)] 470557K->413015K(699392K), 0.0170805 secs] [Times: user=0.16 sys=0.00, real=0.02 secs] 
2016-09-15T11:53:56.807-0400: 33.262: [GC (GCLocker Initiated GC) [PSYoungGen: 149590K->79523K(175104K)] 513434K->492218K(699392K), 0.0124098 secs] [Times: user=0.13 sys=0.00, real=0.02 secs] 
2016-09-15T11:53:56.953-0400: 33.408: [Full GC (Ergonomics) [PSYoungGen: 167587K->0K(175104K)] [ParOldGen: 431046K->57554K(524288K)] 598633K->57554K(699392K), [Metaspace: 43916K->43916K(1087488K)], 0.0569895 secs] [Times: user=0.25 sys=0.02, real=0.06 secs] 
2016-09-15T11:53:57.116-0400: 33.572: [GC (GCLocker Initiated GC) [PSYoungGen: 88064K->86110K(175104K)] 145706K->180203K(699392K), 0.0256743 secs] [Times: user=0.33 sys=0.00, real=0.02 secs] 
2016-09-15T11:53:57.249-0400: 33.705: [GC (GCLocker Initiated GC) [PSYoungGen: 174174K->86086K(175104K)] 268315K->308397K(699392K), 0.0151312 secs] [Times: user=0.22 sys=0.00, real=0.01 secs] 
2016-09-15T11:53:57.370-0400: 33.825: [GC (GCLocker Initiated GC) [PSYoungGen: 174150K->85790K(175104K)] 396643K->436346K(699392K), 0.0197002 secs] [Times: user=0.28 sys=0.00, real=0.02 secs] 
2016-09-15T11:53:57.488-0400: 33.943: [GC (GCLocker Initiated GC) [PSYoungGen: 173854K->73576K(175104K)] 524564K->460871K(699392K), 0.0174772 secs] [Times: user=0.22 sys=0.01, real=0.01 secs] 
2016-09-15T11:53:57.619-0400: 34.074: [Full GC (Ergonomics) [PSYoungGen: 161640K->0K(175104K)] [ParOldGen: 399604K->51760K(524288K)] 561245K->51760K(699392K), [Metaspace: 43917K->43917K(1087488K)], 0.0510749 secs] [Times: user=0.39 sys=0.01, real=0.05 secs] 
2016-09-15T11:53:57.819-0400: 34.274: [GC (GCLocker Initiated GC) [PSYoungGen: 88064K->85790K(175104K)] 146256K->168282K(699392K), 0.0203606 secs] [Times: user=0.27 sys=0.02, real=0.02 secs] 
2016-09-15T11:53:57.963-0400: 34.418: [GC (GCLocker Initiated GC) [PSYoungGen: 173854K->85726K(175104K)] 256455K->217218K(699392K), 0.0115181 secs] [Times: user=0.10 sys=0.00, real=0.01 secs] 
2016-09-15T11:53:58.100-0400: 34.556: [GC (GCLocker Initiated GC) [PSYoungGen: 173790K->55387K(175104K)] 311472K->253915K(699392K), 0.0201879 secs] [Times: user=0.19 sys=0.00, real=0.02 secs] 
2016-09-15T11:53:58.239-0400: 34.694: [GC (GCLocker Initiated GC) [PSYoungGen: 143451K->55415K(175104K)] 348072K->321086K(699392K), 0.0114421 secs] [Times: user=0.13 sys=0.00, real=0.01 secs] 
2016-09-15T11:53:58.394-0400: 34.849: [GC (GCLocker Initiated GC) [PSYoungGen: 143479K->73640K(175104K)] 409410K->364154K(699392K), 0.0099660 secs] [Times: user=0.12 sys=0.00, real=0.01 secs] 
2016-09-15T11:53:58.506-0400: 34.961: [GC (GCLocker Initiated GC) [PSYoungGen: 161704K->85662K(175104K)] 452517K->401059K(699392K), 0.0114424 secs] [Times: user=0.10 sys=0.00, real=0.02 secs] 
2016-09-15T11:53:58.648-0400: 35.103: [GC (GCLocker Initiated GC) [PSYoungGen: 173726K->85758K(175104K)] 495251K->444032K(699392K), 0.0168654 secs] [Times: user=0.19 sys=0.00, real=0.01 secs] 
2016-09-15T11:53:58.773-0400: 35.228: [GC (Allocation Failure) [PSYoungGen: 173822K->61490K(175104K)] 538359K->493167K(699392K), 0.0173141 secs] [Times: user=0.19 sys=0.01, real=0.02 secs] 
2016-09-15T11:53:58.790-0400: 35.246: [Full GC (Ergonomics) [PSYoungGen: 61490K->0K(175104K)] [ParOldGen: 431677K->51968K(524288K)] 493167K->51968K(699392K), [Metaspace: 43938K->43938K(1087488K)], 0.0518256 secs] [Times: user=0.25 sys=0.01, real=0.05 secs] 
2016-09-15T11:53:58.937-0400: 35.393: [GC (GCLocker Initiated GC) [PSYoungGen: 84012K->80459K(175104K)] 142055K->138502K(699392K), 0.0110547 secs] [Times: user=0.06 sys=0.01, real=0.01 secs] 
2016-09-15T11:53:59.060-0400: 35.515: [GC (GCLocker Initiated GC) [PSYoungGen: 168523K->73804K(175104K)] 226821K->169715K(699392K), 0.0316993 secs] [Times: user=0.39 sys=0.00, real=0.03 secs] 
2016-09-15T11:53:59.229-0400: 35.685: [GC (Allocation Failure) [PSYoungGen: 161868K->55415K(175104K)] 264125K->176173K(699392K), 0.0077190 secs] [Times: user=0.09 sys=0.00, real=0.01 secs] 
2016-09-15T11:53:59.371-0400: 35.826: [GC (GCLocker Initiated GC) [PSYoungGen: 143479K->55351K(175104K)] 264237K->194438K(699392K), 0.0100701 secs] [Times: user=0.13 sys=0.00, real=0.01 secs] 
2016-09-15T11:53:59.493-0400: 35.948: [GC (GCLocker Initiated GC) [PSYoungGen: 143415K->85886K(175104K)] 288743K->273882K(699392K), 0.0129247 secs] [Times: user=0.15 sys=0.00, real=0.01 secs] 
2016-09-15T11:53:59.657-0400: 36.112: [GC (GCLocker Initiated GC) [PSYoungGen: 173950K->19392K(175104K)] 374098K->243940K(699392K), 0.0275130 secs] [Times: user=0.28 sys=0.00, real=0.02 secs] 
2016-09-15T11:53:59.812-0400: 36.267: [GC (GCLocker Initiated GC) [PSYoungGen: 107456K->61134K(175104K)] 332175K->286268K(699392K), 0.0098729 secs] [Times: user=0.06 sys=0.01, real=0.01 secs] 
2016-09-15T11:53:59.954-0400: 36.410: [GC (GCLocker Initiated GC) [PSYoungGen: 149198K->85822K(175104K)] 380482K->353700K(699392K), 0.0193349 secs] [Times: user=0.23 sys=0.00, real=0.02 secs] 
2016-09-15T11:54:00.112-0400: 36.568: [GC (GCLocker Initiated GC) [PSYoungGen: 173886K->19324K(175104K)] 466313K->385131K(699392K), 0.0104555 secs] [Times: user=0.15 sys=0.00, real=0.01 secs] 
2016-09-15T11:54:00.259-0400: 36.715: [GC (GCLocker Initiated GC) [PSYoungGen: 107388K->55938K(175104K)] 485634K->434467K(699392K), 0.0075848 secs] [Times: user=0.06 sys=0.00, real=0.00 secs] 
2016-09-15T11:54:00.392-0400: 36.847: [GC (GCLocker Initiated GC) [PSYoungGen: 144002K->55355K(175104K)] 522882K->452718K(699392K), 0.0107678 secs] [Times: user=0.09 sys=0.00, real=0.01 secs] 
2016-09-15T11:54:00.508-0400: 36.963: [GC (GCLocker Initiated GC) [PSYoungGen: 143419K->67273K(175104K)] 540858K->489280K(699392K), 0.0110562 secs] [Times: user=0.10 sys=0.00, real=0.01 secs] 
2016-09-15T11:54:00.633-0400: 37.089: [GC (GCLocker Initiated GC) [PSYoungGen: 155337K->85958K(175104K)] 577660K->526594K(699392K), 0.0154640 secs] [Times: user=0.18 sys=0.00, real=0.02 secs] 
2016-09-15T11:54:00.649-0400: 37.104: [Full GC (Ergonomics) [PSYoungGen: 85958K->0K(175104K)] [ParOldGen: 440636K->51871K(524288K)] 526594K->51871K(699392K), [Metaspace: 43986K->43986K(1087488K)], 0.0553413 secs] [Times: user=0.34 sys=0.02, real=0.05 secs] 
2016-09-15T11:54:00.818-0400: 37.273: [GC (GCLocker Initiated GC) [PSYoungGen: 88064K->86114K(175104K)] 140068K->150268K(699392K), 0.0149302 secs] [Times: user=0.18 sys=0.00, real=0.01 secs] 
2016-09-15T11:54:00.935-0400: 37.391: [GC (Allocation Failure) [PSYoungGen: 174178K->85986K(175104K)] 238687K->223983K(699392K), 0.0135719 secs] [Times: user=0.21 sys=0.00, real=0.02 secs] 
2016-09-15T11:54:01.071-0400: 37.527: [GC (GCLocker Initiated GC) [PSYoungGen: 174050K->37030K(175104K)] 312059K->217979K(699392K), 0.0121754 secs] [Times: user=0.09 sys=0.01, real=0.01 secs] 
2016-09-15T11:54:01.211-0400: 37.667: [GC (GCLocker Initiated GC) [PSYoungGen: 125094K->31054K(175104K)] 318268K->248617K(699392K), 0.0131874 secs] [Times: user=0.13 sys=0.01, real=0.01 secs] 
2016-09-15T11:54:01.356-0400: 37.811: [GC (GCLocker Initiated GC) [PSYoungGen: 119118K->73352K(175104K)] 336774K->297333K(699392K), 0.0127649 secs] [Times: user=0.09 sys=0.00, real=0.01 secs] 
2016-09-15T11:54:01.508-0400: 37.963: [GC (GCLocker Initiated GC) [PSYoungGen: 161416K->55451K(175104K)] 397627K->322313K(699392K), 0.0254688 secs] [Times: user=0.25 sys=0.00, real=0.02 secs] 
2016-09-15T11:54:01.660-0400: 38.115: [GC (GCLocker Initiated GC) [PSYoungGen: 143515K->55191K(175104K)] 410496K->322423K(699392K), 0.0156670 secs] [Times: user=0.12 sys=0.00, real=0.01 secs] 
2016-09-15T11:54:01.809-0400: 38.264: [GC (GCLocker Initiated GC) [PSYoungGen: 143255K->43009K(175104K)] 416616K->328615K(699392K), 0.0220322 secs] [Times: user=0.19 sys=0.01, real=0.02 secs] 
2016-09-15T11:54:01.926-0400: 38.381: [GC (GCLocker Initiated GC) [PSYoungGen: 131073K->67505K(175104K)] 417051K->371968K(699392K), 0.0187808 secs] [Times: user=0.16 sys=0.00, real=0.02 secs] 
2016-09-15T11:54:02.087-0400: 38.542: [GC (GCLocker Initiated GC) [PSYoungGen: 155569K->37194K(175104K)] 466322K->378582K(699392K), 0.0210778 secs] [Times: user=0.20 sys=0.00, real=0.03 secs] 
2016-09-15T11:54:02.205-0400: 38.661: [GC (GCLocker Initiated GC) [PSYoungGen: 125258K->79683K(175104K)] 472885K->463896K(699392K), 0.0288212 secs] [Times: user=0.34 sys=0.01, real=0.03 secs] 
2016-09-15T11:54:02.362-0400: 38.818: [GC (GCLocker Initiated GC) [PSYoungGen: 167747K->55743K(175104K)] 558391K->482996K(699392K), 0.0188522 secs] [Times: user=0.21 sys=0.02, real=0.02 secs] 
2016-09-15T11:54:02.489-0400: 38.944: [GC (GCLocker Initiated GC) [PSYoungGen: 143807K->55287K(175104K)] 571237K->501209K(699392K), 0.0120712 secs] [Times: user=0.12 sys=0.00, real=0.01 secs] 
2016-09-15T11:54:02.611-0400: 39.066: [GC (GCLocker Initiated GC) [PSYoungGen: 143351K->85762K(175104K)] 589629K->538194K(699392K), 0.0264182 secs] [Times: user=0.27 sys=0.00, real=0.03 secs] 
2016-09-15T11:54:02.778-0400: 39.234: [Full GC (Ergonomics) [PSYoungGen: 173826K->0K(175104K)] [ParOldGen: 458677K->46238K(524288K)] 632503K->46238K(699392K), [Metaspace: 44035K->44035K(1087488K)], 0.0571300 secs] [Times: user=0.33 sys=0.02, real=0.05 secs] 
2016-09-15T11:54:02.962-0400: 39.417: [GC (Allocation Failure) [PSYoungGen: 88064K->74060K(175104K)] 140727K->126723K(699392K), 0.0183907 secs] [Times: user=0.23 sys=0.00, real=0.02 secs] 
2016-09-15T11:54:03.108-0400: 39.564: [GC (GCLocker Initiated GC) [PSYoungGen: 156479K->55223K(175104K)] 215218K->139104K(699392K), 0.0165995 secs] [Times: user=0.17 sys=0.00, real=0.01 secs] 
2016-09-15T11:54:03.281-0400: 39.736: [GC (GCLocker Initiated GC) [PSYoungGen: 143287K->73544K(175104K)] 227401K->157761K(699392K), 0.0269970 secs] [Times: user=0.30 sys=0.01, real=0.03 secs] 
2016-09-15T11:54:03.442-0400: 39.897: [GC (Allocation Failure) [PSYoungGen: 161608K->43237K(175104K)] 252250K->176523K(699392K), 0.0096358 secs] [Times: user=0.09 sys=0.00, real=0.01 secs] 
2016-09-15T11:54:03.566-0400: 40.021: [GC (GCLocker Initiated GC) [PSYoungGen: 131301K->24716K(175104K)] 264594K->188659K(699392K), 0.0271578 secs] [Times: user=0.26 sys=0.00, real=0.03 secs] 
2016-09-15T11:54:03.710-0400: 40.165: [GC (GCLocker Initiated GC) [PSYoungGen: 112780K->55547K(175104K)] 288921K->250033K(699392K), 0.0144374 secs] [Times: user=0.15 sys=0.00, real=0.01 secs] 
2016-09-15T11:54:03.856-0400: 40.311: [GC (Allocation Failure) [PSYoungGen: 143611K->36934K(175104K)] 344348K->268485K(699392K), 0.0173101 secs] [Times: user=0.18 sys=0.00, real=0.01 secs] 
2016-09-15T11:54:04.002-0400: 40.457: [GC (GCLocker Initiated GC) [PSYoungGen: 121135K->55091K(175104K)] 358761K->292993K(699392K), 0.0231778 secs] [Times: user=0.26 sys=0.00, real=0.02 secs] 
2016-09-15T11:54:04.138-0400: 40.593: [GC (GCLocker Initiated GC) [PSYoungGen: 143155K->61102K(175104K)] 381059K->317326K(699392K), 0.0193322 secs] [Times: user=0.18 sys=0.00, real=0.02 secs] 
2016-09-15T11:54:04.278-0400: 40.733: [GC (GCLocker Initiated GC) [PSYoungGen: 149166K->61362K(175104K)] 411820K->342361K(699392K), 0.0133574 secs] [Times: user=0.12 sys=0.00, real=0.01 secs] 
2016-09-15T11:54:04.414-0400: 40.869: [GC (GCLocker Initiated GC) [PSYoungGen: 149426K->55451K(175104K)] 442580K->348888K(699392K), 0.0244758 secs] [Times: user=0.24 sys=0.00, real=0.03 secs] 
2016-09-15T11:54:04.543-0400: 40.998: [GC (GCLocker Initiated GC) [PSYoungGen: 143515K->85794K(175104K)] 437022K->385668K(699392K), 0.0174148 secs] [Times: user=0.19 sys=0.00, real=0.02 secs] 
2016-09-15T11:54:04.669-0400: 41.124: [GC (GCLocker Initiated GC) [PSYoungGen: 173855K->73704K(175104K)] 480171K->453243K(699392K), 0.0128684 secs] [Times: user=0.16 sys=0.00, real=0.01 secs] 
2016-09-15T11:54:04.812-0400: 41.268: [GC (Allocation Failure) [PSYoungGen: 161768K->31118K(175104K)] 547709K->453778K(699392K), 0.0096825 secs] [Times: user=0.08 sys=0.00, real=0.01 secs] 
2016-09-15T11:54:04.956-0400: 41.411: [GC (GCLocker Initiated GC) [PSYoungGen: 119182K->49084K(175104K)] 541842K->484292K(699392K), 0.0107858 secs] [Times: user=0.08 sys=0.00, real=0.00 secs] 
2016-09-15T11:54:05.108-0400: 41.564: [GC (GCLocker Initiated GC) [PSYoungGen: 137148K->73608K(175104K)] 572717K->545779K(699392K), 0.0166747 secs] [Times: user=0.18 sys=0.00, real=0.01 secs] 
2016-09-15T11:54:05.125-0400: 41.581: [Full GC (Ergonomics) [PSYoungGen: 73608K->0K(175104K)] [ParOldGen: 472171K->52035K(524288K)] 545779K->52035K(699392K), [Metaspace: 44105K->44105K(1087488K)], 0.0589537 secs] [Times: user=0.36 sys=0.01, real=0.06 secs] 
2016-09-15T11:54:05.304-0400: 41.760: [GC (GCLocker Initiated GC) [PSYoungGen: 88064K->85790K(175104K)] 140186K->180437K(699392K), 0.0131751 secs] [Times: user=0.21 sys=0.00, real=0.02 secs] 
2016-09-15T11:54:05.433-0400: 41.888: [GC (GCLocker Initiated GC) [PSYoungGen: 173854K->79943K(175104K)] 268834K->254222K(699392K), 0.0131048 secs] [Times: user=0.18 sys=0.01, real=0.01 secs] 
2016-09-15T11:54:05.577-0400: 42.032: [GC (GCLocker Initiated GC) [PSYoungGen: 168007K->19132K(175104K)] 354656K->242515K(699392K), 0.0098435 secs] [Times: user=0.12 sys=0.00, real=0.00 secs] 
2016-09-15T11:54:05.714-0400: 42.169: [GC (GCLocker Initiated GC) [PSYoungGen: 107196K->73512K(175104K)] 330593K->297176K(699392K), 0.0271161 secs] [Times: user=0.24 sys=0.00, real=0.03 secs] 
2016-09-15T11:54:05.845-0400: 42.300: [GC (GCLocker Initiated GC) [PSYoungGen: 161576K->73612K(175104K)] 391447K->328034K(699392K), 0.0173117 secs] [Times: user=0.17 sys=0.00, real=0.02 secs] 
2016-09-15T11:54:05.963-0400: 42.419: [GC (GCLocker Initiated GC) [PSYoungGen: 161676K->49344K(175104K)] 422439K->377363K(699392K), 0.0221617 secs] [Times: user=0.22 sys=0.00, real=0.02 secs] 
2016-09-15T11:54:06.097-0400: 42.552: [GC (GCLocker Initiated GC) [PSYoungGen: 137408K->49148K(175104K)] 477804K->426254K(699392K), 0.0220226 secs] [Times: user=0.21 sys=0.00, real=0.02 secs] 
2016-09-15T11:54:06.238-0400: 42.694: [GC (GCLocker Initiated GC) [PSYoungGen: 137212K->79687K(175104K)] 514320K->456907K(699392K), 0.0244239 secs] [Times: user=0.24 sys=0.00, real=0.02 secs] 
2016-09-15T11:54:06.384-0400: 42.839: [GC (GCLocker Initiated GC) [PSYoungGen: 167751K->67469K(175104K)] 551401K->469620K(699392K), 0.0111254 secs] [Times: user=0.09 sys=0.00, real=0.01 secs] 
2016-09-15T11:54:06.536-0400: 42.991: [GC (GCLocker Initiated GC) [PSYoungGen: 155533K->55223K(175104K)] 557733K->494148K(699392K), 0.0106253 secs] [Times: user=0.08 sys=0.00, real=0.00 secs] 
2016-09-15T11:54:06.675-0400: 43.131: [GC (GCLocker Initiated GC) [PSYoungGen: 143287K->79683K(175104K)] 582266K->537031K(699392K), 0.0118726 secs] [Times: user=0.10 sys=0.00, real=0.01 secs] 
2016-09-15T11:54:06.687-0400: 43.143: [Full GC (Ergonomics) [PSYoungGen: 79683K->0K(175104K)] [ParOldGen: 457348K->52134K(524288K)] 537031K->52134K(699392K), [Metaspace: 44116K->44116K(1087488K)], 0.0595199 secs] [Times: user=0.36 sys=0.01, real=0.06 secs] 
2016-09-15T11:54:06.853-0400: 43.308: [GC (GCLocker Initiated GC) [PSYoungGen: 88064K->86498K(175104K)] 140470K->181429K(699392K), 0.0170080 secs] [Times: user=0.21 sys=0.01, real=0.02 secs] 
2016-09-15T11:54:06.992-0400: 43.447: [GC (GCLocker Initiated GC) [PSYoungGen: 174562K->37126K(175104K)] 269849K->224529K(699392K), 0.0174591 secs] [Times: user=0.25 sys=0.00, real=0.02 secs] 
2016-09-15T11:54:07.116-0400: 43.571: [GC (Allocation Failure) [PSYoungGen: 125190K->74068K(175104K)] 319018K->286256K(699392K), 0.0088128 secs] [Times: user=0.09 sys=0.01, real=0.00 secs] 
2016-09-15T11:54:07.273-0400: 43.729: [GC (GCLocker Initiated GC) [PSYoungGen: 162132K->55223K(175104K)] 374326K->285894K(699392K), 0.0128565 secs] [Times: user=0.10 sys=0.00, real=0.01 secs] 
2016-09-15T11:54:07.405-0400: 43.861: [GC (GCLocker Initiated GC) [PSYoungGen: 143287K->79715K(175104K)] 374040K->328844K(699392K), 0.0211455 secs] [Times: user=0.27 sys=0.00, real=0.02 secs] 
2016-09-15T11:54:07.522-0400: 43.978: [GC (GCLocker Initiated GC) [PSYoungGen: 167779K->86346K(175104K)] 423176K->396922K(699392K), 0.0142495 secs] [Times: user=0.22 sys=0.01, real=0.02 secs] 
2016-09-15T11:54:07.665-0400: 44.121: [GC (GCLocker Initiated GC) [PSYoungGen: 174410K->55547K(175104K)] 491221K->409115K(699392K), 0.0111496 secs] [Times: user=0.17 sys=0.01, real=0.02 secs] 
2016-09-15T11:54:07.813-0400: 44.269: [GC (GCLocker Initiated GC) [PSYoungGen: 143611K->37162K(175104K)] 515755K->409393K(699392K), 0.0107988 secs] [Times: user=0.10 sys=0.01, real=0.01 secs] 
2016-09-15T11:54:07.952-0400: 44.407: [GC (GCLocker Initiated GC) [PSYoungGen: 125226K->55159K(175104K)] 503781K->452199K(699392K), 0.0212207 secs] [Times: user=0.20 sys=0.00, real=0.02 secs] 
2016-09-15T11:54:08.099-0400: 44.555: [GC (Allocation Failure) [PSYoungGen: 143223K->43073K(175104K)] 546536K->482932K(699392K), 0.0080800 secs] [Times: user=0.06 sys=0.01, real=0.00 secs] 
2016-09-15T11:54:08.247-0400: 44.702: [Full GC (Ergonomics) [PSYoungGen: 125846K->0K(175104K)] [ParOldGen: 445934K->46264K(524288K)] 571781K->46264K(699392K), [Metaspace: 44119K->44119K(1087488K)], 0.0514741 secs] [Times: user=0.27 sys=0.01, real=0.06 secs] 
2016-09-15T11:54:08.408-0400: 44.863: [GC (Allocation Failure) [PSYoungGen: 88064K->85886K(175104K)] 134414K->138319K(699392K), 0.0176618 secs] [Times: user=0.21 sys=0.00, real=0.01 secs] 
2016-09-15T11:54:08.536-0400: 44.992: [GC (GCLocker Initiated GC) [PSYoungGen: 169623K->43201K(175104K)] 228132K->199473K(699392K), 0.0107431 secs] [Times: user=0.10 sys=0.00, real=0.00 secs] 
2016-09-15T11:54:08.658-0400: 45.114: [GC (GCLocker Initiated GC) [PSYoungGen: 131265K->79779K(175104K)] 287797K->273045K(699392K), 0.0132824 secs] [Times: user=0.18 sys=0.01, real=0.01 secs] 
2016-09-15T11:54:08.778-0400: 45.233: [GC (GCLocker Initiated GC) [PSYoungGen: 167843K->85890K(175104K)] 361308K->315948K(699392K), 0.0136966 secs] [Times: user=0.20 sys=0.00, real=0.01 secs] 
2016-09-15T11:54:08.898-0400: 45.353: [GC (GCLocker Initiated GC) [PSYoungGen: 173954K->67465K(175104K)] 410342K->358851K(699392K), 0.0120091 secs] [Times: user=0.20 sys=0.00, real=0.01 secs] 
2016-09-15T11:54:09.026-0400: 45.482: [GC (GCLocker Initiated GC) [PSYoungGen: 155529K->79975K(175104K)] 447175K->402156K(699392K), 0.0120448 secs] [Times: user=0.18 sys=0.00, real=0.02 secs] 
2016-09-15T11:54:09.140-0400: 45.595: [GC (GCLocker Initiated GC) [PSYoungGen: 168039K->73608K(175104K)] 490222K->414496K(699392K), 0.0101263 secs] [Times: user=0.14 sys=0.00, real=0.01 secs] 
2016-09-15T11:54:09.268-0400: 45.723: [GC (GCLocker Initiated GC) [PSYoungGen: 161672K->85986K(175104K)] 502719K->451641K(699392K), 0.0120754 secs] [Times: user=0.16 sys=0.01, real=0.01 secs] 
2016-09-15T11:54:09.411-0400: 45.867: [GC (GCLocker Initiated GC) [PSYoungGen: 174050K->37254K(175104K)] 552562K->452679K(699392K), 0.0096116 secs] [Times: user=0.12 sys=0.00, real=0.01 secs] 
2016-09-15T11:54:09.520-0400: 45.976: [GC (GCLocker Initiated GC) [PSYoungGen: 125318K->85726K(175104K)] 540886K->513579K(699392K), 0.0218700 secs] [Times: user=0.26 sys=0.00, real=0.02 secs] 
2016-09-15T11:54:09.663-0400: 46.118: [GC (Allocation Failure) [PSYoungGen: 173790K->73672K(175104K)] 601937K->544471K(699392K), 0.0111743 secs] [Times: user=0.14 sys=0.00, real=0.01 secs] 
2016-09-15T11:54:09.674-0400: 46.130: [Full GC (Ergonomics) [PSYoungGen: 73672K->0K(175104K)] [ParOldGen: 470799K->46099K(524288K)] 544471K->46099K(699392K), [Metaspace: 44129K->44129K(1087488K)], 0.0507008 secs] [Times: user=0.29 sys=0.01, real=0.05 secs] 
2016-09-15T11:54:09.827-0400: 46.282: [GC (GCLocker Initiated GC) [PSYoungGen: 88064K->86374K(175104K)] 134174K->175010K(699392K), 0.0114475 secs] [Times: user=0.12 sys=0.00, real=0.02 secs] 
2016-09-15T11:54:09.972-0400: 46.427: [GC (GCLocker Initiated GC) [PSYoungGen: 174438K->19064K(175104K)] 275250K->187577K(699392K), 0.0091162 secs] [Times: user=0.08 sys=0.00, real=0.01 secs] 
2016-09-15T11:54:10.105-0400: 46.561: [GC (GCLocker Initiated GC) [PSYoungGen: 107128K->55159K(175104K)] 288118K->236400K(699392K), 0.0224235 secs] [Times: user=0.12 sys=0.00, real=0.03 secs] 
2016-09-15T11:54:10.274-0400: 46.730: [GC (GCLocker Initiated GC) [PSYoungGen: 143223K->55187K(175104K)] 324517K->236741K(699392K), 0.0074338 secs] [Times: user=0.06 sys=0.00, real=0.01 secs] 
2016-09-15T11:54:10.408-0400: 46.863: [GC (GCLocker Initiated GC) [PSYoungGen: 143251K->79683K(175104K)] 324812K->279597K(699392K), 0.0331764 secs] [Times: user=0.37 sys=0.00, real=0.03 secs] 
2016-09-15T11:54:10.569-0400: 47.024: [GC (GCLocker Initiated GC) [PSYoungGen: 167747K->49048K(175104K)] 367820K->279788K(699392K), 0.0123114 secs] [Times: user=0.11 sys=0.00, real=0.01 secs] 
2016-09-15T11:54:10.681-0400: 47.137: [GC (GCLocker Initiated GC) [PSYoungGen: 137112K->61818K(175104K)] 367900K->329183K(699392K), 0.0206561 secs] [Times: user=0.25 sys=0.01, real=0.02 secs] 
2016-09-15T11:54:10.813-0400: 47.268: [GC (GCLocker Initiated GC) [PSYoungGen: 149882K->49340K(175104K)] 423589K->359960K(699392K), 0.0144794 secs] [Times: user=0.14 sys=0.01, real=0.02 secs] 
2016-09-15T11:54:10.913-0400: 47.369: [GC (GCLocker Initiated GC) [PSYoungGen: 137404K->61490K(175104K)] 454231K->451385K(699392K), 0.0123735 secs] [Times: user=0.15 sys=0.00, real=0.01 secs] 
2016-09-15T11:54:11.050-0400: 47.505: [GC (GCLocker Initiated GC) [PSYoungGen: 149554K->61430K(175104K)] 545526K->475738K(699392K), 0.0246202 secs] [Times: user=0.25 sys=0.00, real=0.02 secs] 
2016-09-15T11:54:11.189-0400: 47.644: [GC (GCLocker Initiated GC) [PSYoungGen: 149494K->55355K(175104K)] 570059K->476335K(699392K), 0.0193558 secs] [Times: user=0.18 sys=0.00, real=0.02 secs] 
2016-09-15T11:54:11.303-0400: 47.759: [GC (GCLocker Initiated GC) [PSYoungGen: 143419K->61330K(175104K)] 564643K->519295K(699392K), 0.0231854 secs] [Times: user=0.22 sys=0.01, real=0.02 secs] 
2016-09-15T11:54:11.327-0400: 47.782: [Full GC (Ergonomics) [PSYoungGen: 61330K->0K(175104K)] [ParOldGen: 457965K->57644K(524288K)] 519295K->57644K(699392K), [Metaspace: 44130K->44130K(1087488K)], 0.0999470 secs] [Times: user=0.86 sys=0.00, real=0.10 secs] 
2016-09-15T11:54:11.515-0400: 47.970: [GC (GCLocker Initiated GC) [PSYoungGen: 88064K->86046K(175104K)] 146325K->150383K(699392K), 0.0145284 secs] [Times: user=0.18 sys=0.00, real=0.02 secs] 
2016-09-15T11:54:11.636-0400: 48.091: [GC (Allocation Failure) [PSYoungGen: 174110K->55155K(175104K)] 244787K->162814K(699392K), 0.0078733 secs] [Times: user=0.07 sys=0.00, real=0.00 secs] 
2016-09-15T11:54:11.736-0400: 48.191: [GC (GCLocker Initiated GC) [PSYoungGen: 139188K->73772K(175104K)] 252922K->187594K(699392K), 0.0124830 secs] [Times: user=0.14 sys=0.00, real=0.01 secs] 
2016-09-15T11:54:11.866-0400: 48.321: [GC (GCLocker Initiated GC) [PSYoungGen: 161836K->79715K(175104K)] 275913K->230581K(699392K), 0.0110232 secs] [Times: user=0.13 sys=0.00, real=0.02 secs] 
2016-09-15T11:54:12.012-0400: 48.467: [GC (Allocation Failure) [PSYoungGen: 167779K->73704K(175104K)] 325070K->267744K(699392K), 0.0100626 secs] [Times: user=0.10 sys=0.00, real=0.01 secs] 
2016-09-15T11:54:12.152-0400: 48.607: [GC (GCLocker Initiated GC) [PSYoungGen: 161768K->24848K(175104K)] 355808K->255630K(699392K), 0.0161266 secs] [Times: user=0.22 sys=0.00, real=0.02 secs] 
2016-09-15T11:54:12.300-0400: 48.756: [GC (GCLocker Initiated GC) [PSYoungGen: 112912K->19392K(175104K)] 368091K->274667K(699392K), 0.0063201 secs] [Times: user=0.06 sys=0.00, real=0.00 secs] 
2016-09-15T11:54:12.435-0400: 48.890: [GC (GCLocker Initiated GC) [PSYoungGen: 107456K->61430K(175104K)] 362969K->317201K(699392K), 0.0200335 secs] [Times: user=0.19 sys=0.00, real=0.02 secs] 
2016-09-15T11:54:12.547-0400: 49.002: [GC (GCLocker Initiated GC) [PSYoungGen: 149494K->61330K(175104K)] 411394K->341731K(699392K), 0.0098885 secs] [Times: user=0.08 sys=0.01, real=0.02 secs] 
2016-09-15T11:54:12.673-0400: 49.129: [GC (Allocation Failure) [PSYoungGen: 149394K->61690K(175104K)] 436214K->366847K(699392K), 0.0084175 secs] [Times: user=0.07 sys=0.00, real=0.01 secs] 
2016-09-15T11:54:12.802-0400: 49.258: [GC (GCLocker Initiated GC) [PSYoungGen: 143726K->49212K(175104K)] 454959K->379084K(699392K), 0.0067325 secs] [Times: user=0.07 sys=0.00, real=0.01 secs] 
2016-09-15T11:54:12.906-0400: 49.362: [GC (GCLocker Initiated GC) [PSYoungGen: 137276K->61266K(175104K)] 467704K->410015K(699392K), 0.0225080 secs] [Times: user=0.23 sys=0.00, real=0.03 secs] 
2016-09-15T11:54:13.049-0400: 49.505: [GC (GCLocker Initiated GC) [PSYoungGen: 149330K->85662K(175104K)] 498126K->465109K(699392K), 0.0262101 secs] [Times: user=0.29 sys=0.00, real=0.02 secs] 
2016-09-15T11:54:13.199-0400: 49.654: [GC (GCLocker Initiated GC) [PSYoungGen: 173726K->73416K(175104K)] 553243K->459111K(699392K), 0.0083923 secs] [Times: user=0.07 sys=0.00, real=0.00 secs] 
2016-09-15T11:54:13.326-0400: 49.782: [GC (GCLocker Initiated GC) [PSYoungGen: 161480K->55159K(175104K)] 553427K->465606K(699392K), 0.0285701 secs] [Times: user=0.26 sys=0.01, real=0.03 secs] 
2016-09-15T11:54:13.468-0400: 49.924: [GC (GCLocker Initiated GC) [PSYoungGen: 143223K->79455K(175104K)] 559831K->496330K(699392K), 0.0132483 secs] [Times: user=0.12 sys=0.00, real=0.01 secs] 
2016-09-15T11:54:13.606-0400: 50.062: [GC (GCLocker Initiated GC) [PSYoungGen: 167519K->61234K(175104K)] 590555K->526907K(699392K), 0.0109314 secs] [Times: user=0.09 sys=0.00, real=0.02 secs] 
2016-09-15T11:54:13.617-0400: 50.073: [Full GC (Ergonomics) [PSYoungGen: 61234K->0K(175104K)] [ParOldGen: 465673K->51457K(524288K)] 526907K->51457K(699392K), [Metaspace: 44136K->44136K(1087488K)], 0.0518020 secs] [Times: user=0.30 sys=0.00, real=0.05 secs] 
2016-09-15T11:54:13.766-0400: 50.222: [GC (GCLocker Initiated GC) [PSYoungGen: 88064K->86242K(175104K)] 139692K->168245K(699392K), 0.0116843 secs] [Times: user=0.16 sys=0.00, real=0.02 secs] 
2016-09-15T11:54:13.898-0400: 50.354: [GC (GCLocker Initiated GC) [PSYoungGen: 174306K->31054K(175104K)] 256535K->180633K(699392K), 0.0106332 secs] [Times: user=0.09 sys=0.00, real=0.01 secs] 
2016-09-15T11:54:14.014-0400: 50.470: [GC (GCLocker Initiated GC) [PSYoungGen: 119118K->85858K(175104K)] 269058K->236049K(699392K), 0.0087148 secs] [Times: user=0.08 sys=0.00, real=0.01 secs] 
2016-09-15T11:54:14.142-0400: 50.597: [GC (Allocation Failure) [PSYoungGen: 173922K->55123K(175104K)] 324155K->241933K(699392K), 0.0156933 secs] [Times: user=0.19 sys=0.01, real=0.02 secs] 
2016-09-15T11:54:14.244-0400: 50.699: [GC (GCLocker Initiated GC) [PSYoungGen: 141562K->86118K(175104K)] 334448K->339905K(699392K), 0.0190948 secs] [Times: user=0.28 sys=0.00, real=0.02 secs] 
2016-09-15T11:54:14.373-0400: 50.829: [GC (GCLocker Initiated GC) [PSYoungGen: 174182K->55711K(175104K)] 427972K->328213K(699392K), 0.0094869 secs] [Times: user=0.14 sys=0.00, real=0.01 secs] 
2016-09-15T11:54:14.491-0400: 50.946: [GC (Allocation Failure) [PSYoungGen: 143775K->61362K(175104K)] 416380K->334063K(699392K), 0.0167706 secs] [Times: user=0.17 sys=0.00, real=0.01 secs] 
2016-09-15T11:54:14.644-0400: 51.100: [GC (GCLocker Initiated GC) [PSYoungGen: 147913K->36962K(175104K)] 426689K->364622K(699392K), 0.0166796 secs] [Times: user=0.19 sys=0.00, real=0.02 secs] 
2016-09-15T11:54:14.764-0400: 51.219: [GC (GCLocker Initiated GC) [PSYoungGen: 125026K->85726K(175104K)] 452806K->413625K(699392K), 0.0105950 secs] [Times: user=0.13 sys=0.00, real=0.01 secs] 
2016-09-15T11:54:14.918-0400: 51.374: [GC (Allocation Failure) [PSYoungGen: 173790K->37094K(175104K)] 514010K->420122K(699392K), 0.0104391 secs] [Times: user=0.10 sys=0.00, real=0.01 secs] 
2016-09-15T11:54:15.057-0400: 51.512: [GC (GCLocker Initiated GC) [PSYoungGen: 125158K->85598K(175104K)] 508187K->468722K(699392K), 0.0267074 secs] [Times: user=0.29 sys=0.01, real=0.02 secs] 
2016-09-15T11:54:15.210-0400: 51.665: [GC (Allocation Failure) [PSYoungGen: 173662K->49376K(175104K)] 563043K->457077K(699392K), 0.0117399 secs] [Times: user=0.12 sys=0.00, real=0.01 secs] 
2016-09-15T11:54:15.342-0400: 51.798: [GC (GCLocker Initiated GC) [PSYoungGen: 137440K->43073K(175104K)] 545143K->487493K(699392K), 0.0144206 secs] [Times: user=0.12 sys=0.01, real=0.02 secs] 
2016-09-15T11:54:15.449-0400: 51.904: [GC (GCLocker Initiated GC) [PSYoungGen: 131137K->85854K(175104K)] 575689K->573074K(699392K), 0.0101139 secs] [Times: user=0.12 sys=0.00, real=0.01 secs] 
2016-09-15T11:54:15.459-0400: 51.914: [Full GC (Ergonomics) [PSYoungGen: 85854K->0K(175104K)] [ParOldGen: 487220K->57957K(524288K)] 573074K->57957K(699392K), [Metaspace: 44139K->44139K(1087488K)], 0.0630974 secs] [Times: user=0.41 sys=0.01, real=0.06 secs] 
2016-09-15T11:54:15.623-0400: 52.079: [GC (GCLocker Initiated GC) [PSYoungGen: 88064K->86242K(175104K)] 146130K->174684K(699392K), 0.0119022 secs] [Times: user=0.14 sys=0.00, real=0.01 secs] 
2016-09-15T11:54:15.727-0400: 52.182: [GC (GCLocker Initiated GC) [PSYoungGen: 174306K->55287K(175104K)] 262792K->186985K(699392K), 0.0270855 secs] [Times: user=0.30 sys=0.00, real=0.03 secs] 
2016-09-15T11:54:15.849-0400: 52.305: [GC (Allocation Failure) [PSYoungGen: 143351K->67761K(175104K)] 281351K->266834K(699392K), 0.0109024 secs] [Times: user=0.12 sys=0.00, real=0.01 secs] 
2016-09-15T11:54:15.966-0400: 52.422: [GC (GCLocker Initiated GC) [PSYoungGen: 155825K->55355K(175104K)] 354904K->279173K(699392K), 0.0105121 secs] [Times: user=0.09 sys=0.01, real=0.02 secs] 
2016-09-15T11:54:16.070-0400: 52.525: [GC (GCLocker Initiated GC) [PSYoungGen: 143419K->85662K(175104K)] 367286K->328037K(699392K), 0.0114436 secs] [Times: user=0.13 sys=0.01, real=0.01 secs] 
2016-09-15T11:54:16.198-0400: 52.653: [GC (GCLocker Initiated GC) [PSYoungGen: 173726K->67633K(175104K)] 416199K->334534K(699392K), 0.0102749 secs] [Times: user=0.12 sys=0.00, real=0.01 secs] 
2016-09-15T11:54:16.312-0400: 52.767: [GC (GCLocker Initiated GC) [PSYoungGen: 155697K->30955K(175104K)] 422628K->359084K(699392K), 0.0098976 secs] [Times: user=0.09 sys=0.00, real=0.01 secs] 
2016-09-15T11:54:16.442-0400: 52.897: [GC (GCLocker Initiated GC) [PSYoungGen: 119019K->86018K(175104K)] 447366K->426667K(699392K), 0.0101171 secs] [Times: user=0.11 sys=0.00, real=0.01 secs] 
2016-09-15T11:54:16.594-0400: 53.050: [GC (GCLocker Initiated GC) [PSYoungGen: 174082K->36966K(175104K)] 515008K->402451K(699392K), 0.0101725 secs] [Times: user=0.08 sys=0.00, real=0.01 secs] 
2016-09-15T11:54:16.701-0400: 53.156: [GC (GCLocker Initiated GC) [PSYoungGen: 125030K->85630K(175104K)] 490552K->475588K(699392K), 0.0181541 secs] [Times: user=0.20 sys=0.00, real=0.02 secs] 
2016-09-15T11:54:16.866-0400: 53.322: [GC (GCLocker Initiated GC) [PSYoungGen: 173694K->49312K(175104K)] 569891K->475964K(699392K), 0.0192992 secs] [Times: user=0.19 sys=0.00, real=0.02 secs] 
2016-09-15T11:54:17.021-0400: 53.476: [GC (GCLocker Initiated GC) [PSYoungGen: 137376K->85498K(175104K)] 570240K->518638K(699392K), 0.0205962 secs] [Times: user=0.20 sys=0.01, real=0.02 secs] 
2016-09-15T11:54:17.152-0400: 53.607: [GC (GCLocker Initiated GC) [PSYoungGen: 173562K->73480K(175104K)] 606766K->555403K(699392K), 0.0333788 secs] [Times: user=0.40 sys=0.00, real=0.03 secs] 
2016-09-15T11:54:17.185-0400: 53.641: [Full GC (Ergonomics) [PSYoungGen: 73480K->0K(175104K)] [ParOldGen: 481923K->57994K(524288K)] 555403K->57994K(699392K), [Metaspace: 44174K->44174K(1087488K)], 0.0506670 secs] [Times: user=0.32 sys=0.01, real=0.06 secs] 
2016-09-15T11:54:17.342-0400: 53.797: [GC (GCLocker Initiated GC) [PSYoungGen: 88064K->74448K(175104K)] 152483K->138867K(699392K), 0.0110966 secs] [Times: user=0.16 sys=0.01, real=0.01 secs] 
2016-09-15T11:54:17.461-0400: 53.916: [GC (Allocation Failure) [PSYoungGen: 162512K->85890K(175104K)] 227112K->200050K(699392K), 0.0246920 secs] [Times: user=0.33 sys=0.00, real=0.02 secs] 
2016-09-15T11:54:17.577-0400: 54.032: [GC (GCLocker Initiated GC) [PSYoungGen: 173954K->61394K(175104K)] 288120K->236757K(699392K), 0.0176038 secs] [Times: user=0.22 sys=0.00, real=0.01 secs] 
2016-09-15T11:54:17.699-0400: 54.154: [GC (Allocation Failure) [PSYoungGen: 149458K->43365K(175104K)] 343138K->291988K(699392K), 0.0127904 secs] [Times: user=0.16 sys=0.00, real=0.01 secs] 
2016-09-15T11:54:17.818-0400: 54.274: [GC (GCLocker Initiated GC) [PSYoungGen: 131429K->67373K(175104K)] 380053K->340557K(699392K), 0.0186173 secs] [Times: user=0.19 sys=0.00, real=0.02 secs] 
2016-09-15T11:54:17.962-0400: 54.417: [GC (GCLocker Initiated GC) [PSYoungGen: 155437K->49216K(175104K)] 428797K->341068K(699392K), 0.0136407 secs] [Times: user=0.13 sys=0.00, real=0.02 secs] 
2016-09-15T11:54:18.066-0400: 54.521: [GC (GCLocker Initiated GC) [PSYoungGen: 137280K->55255K(175104K)] 429179K->383864K(699392K), 0.0162441 secs] [Times: user=0.22 sys=0.00, real=0.02 secs] 
2016-09-15T11:54:18.211-0400: 54.666: [GC (GCLocker Initiated GC) [PSYoungGen: 143319K->55451K(175104K)] 484170K->451097K(699392K), 0.0256937 secs] [Times: user=0.29 sys=0.01, real=0.03 secs] 
2016-09-15T11:54:18.374-0400: 54.829: [GC (GCLocker Initiated GC) [PSYoungGen: 143515K->37098K(175104K)] 551331K->475548K(699392K), 0.0159630 secs] [Times: user=0.13 sys=0.00, real=0.02 secs] 
2016-09-15T11:54:18.522-0400: 54.977: [GC (GCLocker Initiated GC) [PSYoungGen: 125162K->61298K(175104K)] 563940K->518740K(699392K), 0.0129516 secs] [Times: user=0.12 sys=0.00, real=0.01 secs] 
2016-09-15T11:54:18.535-0400: 54.990: [Full GC (Ergonomics) [PSYoungGen: 61298K->0K(175104K)] [ParOldGen: 457442K->51893K(524288K)] 518740K->51893K(699392K), [Metaspace: 44174K->44174K(1087488K)], 0.0462927 secs] [Times: user=0.28 sys=0.00, real=0.05 secs] 
2016-09-15T11:54:18.694-0400: 55.149: [GC (GCLocker Initiated GC) [PSYoungGen: 88064K->85758K(175104K)] 140066K->149910K(699392K), 0.0085775 secs] [Times: user=0.07 sys=0.00, real=0.01 secs] 
2016-09-15T11:54:18.820-0400: 55.275: [GC (GCLocker Initiated GC) [PSYoungGen: 173822K->37453K(175104K)] 250200K->180933K(699392K), 0.0172385 secs] [Times: user=0.19 sys=0.00, real=0.02 secs] 
2016-09-15T11:54:18.951-0400: 55.407: [GC (GCLocker Initiated GC) [PSYoungGen: 125517K->55255K(175104K)] 275210K->205394K(699392K), 0.0078555 secs] [Times: user=0.06 sys=0.00, real=0.01 secs] 
2016-09-15T11:54:19.080-0400: 55.535: [GC (GCLocker Initiated GC) [PSYoungGen: 143319K->55191K(175104K)] 293534K->223858K(699392K), 0.0112907 secs] [Times: user=0.07 sys=0.00, real=0.01 secs] 
2016-09-15T11:54:19.199-0400: 55.654: [GC (GCLocker Initiated GC) [PSYoungGen: 143255K->85790K(175104K)] 311947K->260865K(699392K), 0.0088111 secs] [Times: user=0.11 sys=0.01, real=0.01 secs] 
2016-09-15T11:54:19.307-0400: 55.762: [GC (Allocation Failure) [PSYoungGen: 173854K->61522K(175104K)] 355107K->297773K(699392K), 0.0119647 secs] [Times: user=0.17 sys=0.00, real=0.02 secs] 
2016-09-15T11:54:19.462-0400: 55.917: [GC (GCLocker Initiated GC) [PSYoungGen: 148187K->55187K(175104K)] 390513K->322105K(699392K), 0.0090147 secs] [Times: user=0.09 sys=0.00, real=0.01 secs] 
2016-09-15T11:54:19.595-0400: 56.050: [GC (GCLocker Initiated GC) [PSYoungGen: 143251K->37685K(175104K)] 422444K->316998K(699392K), 0.0069055 secs] [Times: user=0.06 sys=0.00, real=0.01 secs] 
2016-09-15T11:54:19.707-0400: 56.163: [GC (GCLocker Initiated GC) [PSYoungGen: 125749K->42845K(175104K)] 405126K->334631K(699392K), 0.0210849 secs] [Times: user=0.15 sys=0.01, real=0.03 secs] 
2016-09-15T11:54:19.852-0400: 56.308: [GC (GCLocker Initiated GC) [PSYoungGen: 130909K->55647K(175104K)] 428945K->353795K(699392K), 0.0191637 secs] [Times: user=0.22 sys=0.00, real=0.02 secs] 
2016-09-15T11:54:20.003-0400: 56.458: [GC (Allocation Failure) [PSYoungGen: 143711K->85658K(175104K)] 442007K->396747K(699392K), 0.0140058 secs] [Times: user=0.13 sys=0.00, real=0.02 secs] 
2016-09-15T11:54:20.114-0400: 56.569: [GC (GCLocker Initiated GC) [PSYoungGen: 173722K->85726K(175104K)] 484817K->433390K(699392K), 0.0111228 secs] [Times: user=0.12 sys=0.00, real=0.01 secs] 
2016-09-15T11:54:20.256-0400: 56.712: [GC (GCLocker Initiated GC) [PSYoungGen: 173790K->85986K(175104K)] 521552K->482655K(699392K), 0.0113294 secs] [Times: user=0.16 sys=0.00, real=0.01 secs] 
2016-09-15T11:54:20.362-0400: 56.818: [GC (Allocation Failure) [PSYoungGen: 174050K->79715K(175104K)] 570795K->525180K(699392K), 0.0123096 secs] [Times: user=0.13 sys=0.00, real=0.01 secs] 
2016-09-15T11:54:20.375-0400: 56.830: [Full GC (Ergonomics) [PSYoungGen: 79715K->0K(175104K)] [ParOldGen: 445464K->52341K(524288K)] 525180K->52341K(699392K), [Metaspace: 44177K->44177K(1087488K)], 0.0509300 secs] [Times: user=0.31 sys=0.00, real=0.05 secs] 
2016-09-15T11:54:20.531-0400: 56.986: [GC (GCLocker Initiated GC) [PSYoungGen: 88064K->86274K(175104K)] 140407K->144692K(699392K), 0.0108430 secs] [Times: user=0.16 sys=0.00, real=0.01 secs] 
2016-09-15T11:54:20.645-0400: 57.100: [GC (Allocation Failure) [PSYoungGen: 174338K->85986K(175104K)] 232915K->181600K(699392K), 0.0110790 secs] [Times: user=0.16 sys=0.00, real=0.02 secs] 
2016-09-15T11:54:20.779-0400: 57.235: [GC (Allocation Failure) [PSYoungGen: 172097K->37258K(175104K)] 267712K->151553K(699392K), 0.0060733 secs] [Times: user=0.06 sys=0.00, real=0.00 secs] 
2016-09-15T11:54:20.894-0400: 57.350: [GC (GCLocker Initiated GC) [PSYoungGen: 125322K->85530K(175104K)] 239617K->206348K(699392K), 0.0082644 secs] [Times: user=0.08 sys=0.00, real=0.01 secs] 
2016-09-15T11:54:21.014-0400: 57.470: [GC (Allocation Failure) [PSYoungGen: 173594K->61494K(175104K)] 306783K->231244K(699392K), 0.0383554 secs] [Times: user=0.39 sys=0.00, real=0.04 secs] 
2016-09-15T11:54:21.053-0400: 57.509: [GC (GCLocker Initiated GC) [PSYoungGen: 61769K->64K(175104K)] 231519K->237189K(699392K), 0.0093141 secs] [Times: user=0.09 sys=0.00, real=0.01 secs] 
2016-09-15T11:54:21.170-0400: 57.625: [GC (GCLocker Initiated GC) [PSYoungGen: 88128K->79911K(175104K)] 325259K->317058K(699392K), 0.0114083 secs] [Times: user=0.08 sys=0.00, real=0.01 secs] 
2016-09-15T11:54:21.296-0400: 57.752: [GC (GCLocker Initiated GC) [PSYoungGen: 167975K->24784K(175104K)] 411261K->323401K(699392K), 0.0177167 secs] [Times: user=0.15 sys=0.00, real=0.01 secs] 
2016-09-15T11:54:21.441-0400: 57.896: [GC (GCLocker Initiated GC) [PSYoungGen: 112848K->67601K(175104K)] 411787K->403077K(699392K), 0.0350983 secs] [Times: user=0.37 sys=0.00, real=0.04 secs] 
2016-09-15T11:54:21.622-0400: 58.078: [GC (Allocation Failure) [PSYoungGen: 155665K->55091K(175104K)] 497253K->439651K(699392K), 0.0100211 secs] [Times: user=0.09 sys=0.01, real=0.01 secs] 
2016-09-15T11:54:21.734-0400: 58.189: [GC (GCLocker Initiated GC) [PSYoungGen: 143155K->79519K(175104K)] 527721K->506761K(699392K), 0.0170608 secs] [Times: user=0.17 sys=0.00, real=0.02 secs] 
2016-09-15T11:54:21.882-0400: 58.337: [GC (GCLocker Initiated GC) [PSYoungGen: 167583K->79815K(175104K)] 600947K->549748K(699392K), 0.0227837 secs] [Times: user=0.25 sys=0.00, real=0.02 secs] 
2016-09-15T11:54:21.905-0400: 58.360: [Full GC (Ergonomics) [PSYoungGen: 79815K->0K(175104K)] [ParOldGen: 469933K->52129K(524288K)] 549748K->52129K(699392K), [Metaspace: 44181K->44181K(1087488K)], 0.0560990 secs] [Times: user=0.32 sys=0.01, real=0.06 secs] 
2016-09-15T11:54:22.077-0400: 58.532: [GC (GCLocker Initiated GC) [PSYoungGen: 88064K->86210K(175104K)] 140279K->144500K(699392K), 0.0101061 secs] [Times: user=0.09 sys=0.00, real=0.00 secs] 
2016-09-15T11:54:22.240-0400: 58.696: [GC (Allocation Failure) [PSYoungGen: 174274K->55091K(175104K)] 232734K->144441K(699392K), 0.0206922 secs] [Times: user=0.21 sys=0.01, real=0.02 secs] 
2016-09-15T11:54:22.374-0400: 58.829: [GC (Allocation Failure) [PSYoungGen: 141982K->55187K(175104K)] 231333K->144641K(699392K), 0.0374620 secs] [Times: user=0.41 sys=0.00, real=0.04 secs] 
2016-09-15T11:54:22.487-0400: 58.943: [GC (GCLocker Initiated GC) [PSYoungGen: 143251K->73676K(175104K)] 232706K->163250K(699392K), 0.0136278 secs] [Times: user=0.13 sys=0.00, real=0.02 secs] 
2016-09-15T11:54:22.607-0400: 59.062: [GC (GCLocker Initiated GC) [PSYoungGen: 161740K->67697K(175104K)] 251368K->206217K(699392K), 0.0104351 secs] [Times: user=0.10 sys=0.00, real=0.02 secs] 
2016-09-15T11:54:22.722-0400: 59.177: [GC (GCLocker Initiated GC) [PSYoungGen: 155761K->86118K(175104K)] 300672K->273713K(699392K), 0.0113926 secs] [Times: user=0.15 sys=0.00, real=0.01 secs] 
2016-09-15T11:54:22.856-0400: 59.311: [GC (GCLocker Initiated GC) [PSYoungGen: 174182K->55451K(175104K)] 373931K->310331K(699392K), 0.0096416 secs] [Times: user=0.10 sys=0.00, real=0.00 secs] 
2016-09-15T11:54:22.992-0400: 59.447: [GC (Allocation Failure) [PSYoungGen: 143515K->49084K(175104K)] 404797K->328842K(699392K), 0.0171546 secs] [Times: user=0.16 sys=0.00, real=0.02 secs] 
2016-09-15T11:54:23.112-0400: 59.567: [GC (GCLocker Initiated GC) [PSYoungGen: 136150K->55419K(175104K)] 421983K->341348K(699392K), 0.0282866 secs] [Times: user=0.33 sys=0.00, real=0.03 secs] 
2016-09-15T11:54:23.304-0400: 59.759: [GC (Allocation Failure) [PSYoungGen: 143483K->55027K(175104K)] 429532K->371702K(699392K), 0.0190817 secs] [Times: user=0.18 sys=0.00, real=0.02 secs] 
2016-09-15T11:54:23.419-0400: 59.875: [GC (GCLocker Initiated GC) [PSYoungGen: 140746K->61590K(175104K)] 463496K->384484K(699392K), 0.0100256 secs] [Times: user=0.11 sys=0.01, real=0.01 secs] 
2016-09-15T11:54:23.575-0400: 60.031: [GC (GCLocker Initiated GC) [PSYoungGen: 149654K->18965K(175104K)] 490926K->360864K(699392K), 0.0056584 secs] [Times: user=0.08 sys=0.00, real=0.01 secs] 
2016-09-15T11:54:23.700-0400: 60.156: [GC (GCLocker Initiated GC) [PSYoungGen: 107029K->37226K(175104K)] 461388K->391681K(699392K), 0.0236287 secs] [Times: user=0.29 sys=0.00, real=0.02 secs] 
2016-09-15T11:54:23.849-0400: 60.304: [GC (GCLocker Initiated GC) [PSYoungGen: 125290K->73804K(175104K)] 492003K->459050K(699392K), 0.0101308 secs] [Times: user=0.12 sys=0.00, real=0.01 secs] 
2016-09-15T11:54:23.991-0400: 60.446: [GC (Allocation Failure) [PSYoungGen: 161868K->37322K(175104K)] 559434K->435007K(699392K), 0.0198446 secs] [Times: user=0.27 sys=0.00, real=0.02 secs] 
2016-09-15T11:54:24.119-0400: 60.575: [GC (GCLocker Initiated GC) [PSYoungGen: 123396K->55447K(175104K)] 527157K->459679K(699392K), 0.0091682 secs] [Times: user=0.12 sys=0.01, real=0.01 secs] 
2016-09-15T11:54:24.260-0400: 60.715: [GC (GCLocker Initiated GC) [PSYoungGen: 143511K->61266K(175104K)] 548104K->484343K(699392K), 0.0109251 secs] [Times: user=0.09 sys=0.00, real=0.01 secs] 
2016-09-15T11:54:24.406-0400: 60.861: [GC (GCLocker Initiated GC) [PSYoungGen: 149330K->73544K(175104K)] 578697K->521256K(699392K), 0.0104987 secs] [Times: user=0.10 sys=0.00, real=0.02 secs] 
2016-09-15T11:54:24.536-0400: 60.991: [GC (GCLocker Initiated GC) [PSYoungGen: 161608K->55515K(175104K)] 621792K->552284K(699392K), 0.0104627 secs] [Times: user=0.12 sys=0.00, real=0.01 secs] 
2016-09-15T11:54:24.546-0400: 61.001: [Full GC (Ergonomics) [PSYoungGen: 55515K->0K(175104K)] [ParOldGen: 496769K->58663K(524288K)] 552284K->58663K(699392K), [Metaspace: 44221K->44221K(1087488K)], 0.0481347 secs] [Times: user=0.26 sys=0.01, real=0.05 secs] 
2016-09-15T11:54:24.692-0400: 61.148: [GC (GCLocker Initiated GC) [PSYoungGen: 88064K->85758K(175104K)] 146774K->156618K(699392K), 0.0236037 secs] [Times: user=0.30 sys=0.01, real=0.03 secs] 
2016-09-15T11:54:24.838-0400: 61.293: [GC (GCLocker Initiated GC) [PSYoungGen: 173822K->50055K(175104K)] 245043K->188378K(699392K), 0.0111886 secs] [Times: user=0.14 sys=0.00, real=0.01 secs] 
2016-09-15T11:54:24.939-0400: 61.395: [GC (GCLocker Initiated GC) [PSYoungGen: 138119K->85886K(175104K)] 276490K->273764K(699392K), 0.0114525 secs] [Times: user=0.17 sys=0.00, real=0.01 secs] 
2016-09-15T11:54:25.067-0400: 61.522: [GC (GCLocker Initiated GC) [PSYoungGen: 173950K->61750K(175104K)] 362004K->322887K(699392K), 0.0169456 secs] [Times: user=0.25 sys=0.00, real=0.02 secs] 
2016-09-15T11:54:25.212-0400: 61.668: [GC (GCLocker Initiated GC) [PSYoungGen: 149814K->36994K(175104K)] 417265K->329068K(699392K), 0.0069603 secs] [Times: user=0.08 sys=0.01, real=0.01 secs] 
2016-09-15T11:54:25.338-0400: 61.794: [GC (GCLocker Initiated GC) [PSYoungGen: 125058K->73416K(175104K)] 417798K->384492K(699392K), 0.0117317 secs] [Times: user=0.08 sys=0.00, real=0.01 secs] 
2016-09-15T11:54:25.447-0400: 61.902: [GC (GCLocker Initiated GC) [PSYoungGen: 161480K->85918K(175104K)] 472610K->452014K(699392K), 0.0147069 secs] [Times: user=0.12 sys=0.01, real=0.02 secs] 
2016-09-15T11:54:25.564-0400: 62.019: [GC (GCLocker Initiated GC) [PSYoungGen: 173982K->79715K(175104K)] 540249K->500948K(699392K), 0.0304713 secs] [Times: user=0.35 sys=0.00, real=0.03 secs] 
2016-09-15T11:54:25.723-0400: 62.178: [GC (GCLocker Initiated GC) [PSYoungGen: 167779K->73380K(175104K)] 589054K->519075K(699392K), 0.0190853 secs] [Times: user=0.22 sys=0.00, real=0.02 secs] 
2016-09-15T11:54:25.742-0400: 62.197: [Full GC (Ergonomics) [PSYoungGen: 73380K->0K(175104K)] [ParOldGen: 445695K->40002K(524288K)] 519075K->40002K(699392K), [Metaspace: 44221K->44221K(1087488K)], 0.0419343 secs] [Times: user=0.22 sys=0.00, real=0.04 secs] 
2016-09-15T11:54:25.900-0400: 62.356: [GC (GCLocker Initiated GC) [PSYoungGen: 88064K->86274K(175104K)] 134211K->168871K(699392K), 0.0118276 secs] [Times: user=0.17 sys=0.00, real=0.01 secs] 
2016-09-15T11:54:26.020-0400: 62.475: [GC (GCLocker Initiated GC) [PSYoungGen: 174338K->79683K(175104K)] 263227K->205585K(699392K), 0.0159844 secs] [Times: user=0.19 sys=0.01, real=0.02 secs] 
2016-09-15T11:54:26.140-0400: 62.595: [GC (Allocation Failure) [PSYoungGen: 167747K->73672K(175104K)] 293870K->236545K(699392K), 0.0112053 secs] [Times: user=0.15 sys=0.00, real=0.01 secs] 
2016-09-15T11:54:26.262-0400: 62.717: [GC (GCLocker Initiated GC) [PSYoungGen: 159646K->73868K(175104K)] 328595K->279605K(699392K), 0.0113143 secs] [Times: user=0.19 sys=0.00, real=0.01 secs] 
2016-09-15T11:54:26.408-0400: 62.863: [GC (GCLocker Initiated GC) [PSYoungGen: 161932K->55775K(175104K)] 380034K->274373K(699392K), 0.0091081 secs] [Times: user=0.13 sys=0.01, real=0.01 secs] 
2016-09-15T11:54:26.534-0400: 62.990: [GC (GCLocker Initiated GC) [PSYoungGen: 143839K->37713K(175104K)] 368785K->281217K(699392K), 0.0085058 secs] [Times: user=0.11 sys=0.02, real=0.01 secs] 
2016-09-15T11:54:26.668-0400: 63.123: [GC (GCLocker Initiated GC) [PSYoungGen: 125777K->73640K(175104K)] 375627K->342185K(699392K), 0.0095126 secs] [Times: user=0.15 sys=0.00, real=0.01 secs] 
2016-09-15T11:54:26.800-0400: 63.255: [GC (GCLocker Initiated GC) [PSYoungGen: 161704K->37258K(175104K)] 430269K->305934K(699392K), 0.0060341 secs] [Times: user=0.08 sys=0.00, real=0.00 secs] 
2016-09-15T11:54:26.909-0400: 63.364: [GC (GCLocker Initiated GC) [PSYoungGen: 125322K->73576K(175104K)] 400210K->348771K(699392K), 0.0112064 secs] [Times: user=0.13 sys=0.00, real=0.01 secs] 
2016-09-15T11:54:27.031-0400: 63.487: [GC (GCLocker Initiated GC) [PSYoungGen: 161640K->85854K(175104K)] 437051K->403926K(699392K), 0.0143686 secs] [Times: user=0.21 sys=0.00, real=0.01 secs] 
2016-09-15T11:54:27.156-0400: 63.611: [GC (GCLocker Initiated GC) [PSYoungGen: 173918K->55675K(175104K)] 492165K->428936K(699392K), 0.0118177 secs] [Times: user=0.16 sys=0.00, real=0.01 secs] 
2016-09-15T11:54:27.262-0400: 63.717: [GC (GCLocker Initiated GC) [PSYoungGen: 143739K->85986K(175104K)] 517851K->484698K(699392K), 0.0120946 secs] [Times: user=0.17 sys=0.00, real=0.01 secs] 
2016-09-15T11:54:27.388-0400: 63.843: [GC (Allocation Failure) [PSYoungGen: 174050K->73576K(175104K)] 573117K->491167K(699392K), 0.0143436 secs] [Times: user=0.22 sys=0.00, real=0.01 secs] 
2016-09-15T11:54:27.499-0400: 63.954: [GC (GCLocker Initiated GC) [PSYoungGen: 156199K->55511K(175104K)] 579866K->515927K(699392K), 0.0105633 secs] [Times: user=0.15 sys=0.01, real=0.01 secs] 
2016-09-15T11:54:27.509-0400: 63.965: [Full GC (Ergonomics) [PSYoungGen: 55511K->0K(175104K)] [ParOldGen: 460416K->57818K(524288K)] 515927K->57818K(699392K), [Metaspace: 44225K->44225K(1087488K)], 0.0443114 secs] [Times: user=0.38 sys=0.00, real=0.04 secs] 
2016-09-15T11:54:27.650-0400: 64.105: [GC (GCLocker Initiated GC) [PSYoungGen: 88064K->86438K(175104K)] 145947K->180771K(699392K), 0.0107442 secs] [Times: user=0.16 sys=0.01, real=0.01 secs] 
2016-09-15T11:54:27.798-0400: 64.253: [GC (GCLocker Initiated GC) [PSYoungGen: 174502K->42909K(175104K)] 275793K->163284K(699392K), 0.0088469 secs] [Times: user=0.07 sys=0.00, real=0.00 secs] 
2016-09-15T11:54:27.924-0400: 64.379: [GC (GCLocker Initiated GC) [PSYoungGen: 130973K->67469K(175104K)] 251355K->187978K(699392K), 0.0236441 secs] [Times: user=0.26 sys=0.00, real=0.02 secs] 
2016-09-15T11:54:28.057-0400: 64.513: [GC (GCLocker Initiated GC) [PSYoungGen: 155533K->67337K(175104K)] 276108K->224490K(699392K), 0.0097521 secs] [Times: user=0.08 sys=0.00, real=0.00 secs] 
2016-09-15T11:54:28.178-0400: 64.633: [GC (Allocation Failure) [PSYoungGen: 155401K->37389K(175104K)] 312797K->243506K(699392K), 0.0150857 secs] [Times: user=0.15 sys=0.00, real=0.01 secs] 
2016-09-15T11:54:28.311-0400: 64.767: [GC (GCLocker Initiated GC) [PSYoungGen: 125453K->61526K(175104K)] 331575K->286460K(699392K), 0.0176311 secs] [Times: user=0.17 sys=0.00, real=0.02 secs] 
2016-09-15T11:54:28.482-0400: 64.937: [GC (GCLocker Initiated GC) [PSYoungGen: 149588K->67729K(175104K)] 380969K->329629K(699392K), 0.0120711 secs] [Times: user=0.12 sys=0.00, real=0.01 secs] 
2016-09-15T11:54:28.610-0400: 65.065: [GC (GCLocker Initiated GC) [PSYoungGen: 155793K->43269K(175104K)] 423902K->329715K(699392K), 0.0256712 secs] [Times: user=0.31 sys=0.01, real=0.03 secs] 
2016-09-15T11:54:28.762-0400: 65.218: [GC (GCLocker Initiated GC) [PSYoungGen: 131333K->73900K(175104K)] 424029K->366856K(699392K), 0.0219677 secs] [Times: user=0.25 sys=0.00, real=0.02 secs] 
2016-09-15T11:54:28.870-0400: 65.325: [GC (GCLocker Initiated GC) [PSYoungGen: 161964K->85822K(175104K)] 455226K->415934K(699392K), 0.0129205 secs] [Times: user=0.21 sys=0.00, real=0.01 secs] 
2016-09-15T11:54:29.004-0400: 65.460: [GC (GCLocker Initiated GC) [PSYoungGen: 173886K->55483K(175104K)] 510383K->428550K(699392K), 0.0102160 secs] [Times: user=0.10 sys=0.00, real=0.01 secs] 
2016-09-15T11:54:29.112-0400: 65.567: [GC (Allocation Failure) [PSYoungGen: 143547K->67469K(175104K)] 516818K->489624K(699392K), 0.0180295 secs] [Times: user=0.21 sys=0.00, real=0.02 secs] 
2016-09-15T11:54:29.248-0400: 65.704: [GC (GCLocker Initiated GC) [PSYoungGen: 155533K->79683K(175104K)] 577693K->538445K(699392K), 0.0157029 secs] [Times: user=0.20 sys=0.00, real=0.01 secs] 
2016-09-15T11:54:29.264-0400: 65.719: [Full GC (Ergonomics) [PSYoungGen: 79683K->0K(175104K)] [ParOldGen: 458762K->51650K(524288K)] 538445K->51650K(699392K), [Metaspace: 44285K->44285K(1087488K)], 0.0520829 secs] [Times: user=0.32 sys=0.01, real=0.06 secs] 
2016-09-15T11:54:29.412-0400: 65.868: [GC (Allocation Failure) [PSYoungGen: 88064K->86530K(175104K)] 139991K->180982K(699392K), 0.0183739 secs] [Times: user=0.27 sys=0.01, real=0.02 secs] 
2016-09-15T11:54:29.540-0400: 65.995: [GC (GCLocker Initiated GC) [PSYoungGen: 174594K->73672K(175104K)] 269048K->205731K(699392K), 0.0115987 secs] [Times: user=0.16 sys=0.01, real=0.01 secs] 
2016-09-15T11:54:29.658-0400: 66.113: [GC (GCLocker Initiated GC) [PSYoungGen: 161736K->80107K(175104K)] 293994K->248990K(699392K), 0.0124290 secs] [Times: user=0.20 sys=0.00, real=0.01 secs] 
2016-09-15T11:54:29.809-0400: 66.264: [GC (GCLocker Initiated GC) [PSYoungGen: 168171K->79423K(175104K)] 337152K->267085K(699392K), 0.0110392 secs] [Times: user=0.11 sys=0.01, real=0.01 secs] 
2016-09-15T11:54:29.922-0400: 66.377: [GC (GCLocker Initiated GC) [PSYoungGen: 167487K->73608K(175104K)] 355465K->304254K(699392K), 0.0192799 secs] [Times: user=0.22 sys=0.00, real=0.02 secs] 
2016-09-15T11:54:30.057-0400: 66.513: [GC (GCLocker Initiated GC) [PSYoungGen: 161672K->61362K(175104K)] 398566K->334958K(699392K), 0.0103611 secs] [Times: user=0.08 sys=0.00, real=0.01 secs] 
2016-09-15T11:54:30.208-0400: 66.664: [GC (GCLocker Initiated GC) [PSYoungGen: 149426K->55191K(175104K)] 429424K->353674K(699392K), 0.0145712 secs] [Times: user=0.14 sys=0.00, real=0.01 secs] 
2016-09-15T11:54:30.336-0400: 66.791: [GC (GCLocker Initiated GC) [PSYoungGen: 143255K->67469K(175104K)] 441774K->378233K(699392K), 0.0233335 secs] [Times: user=0.21 sys=0.00, real=0.03 secs] 
2016-09-15T11:54:30.483-0400: 66.939: [GC (GCLocker Initiated GC) [PSYoungGen: 155533K->49475K(175104K)] 466636K->421433K(699392K), 0.0184877 secs] [Times: user=0.17 sys=0.00, real=0.02 secs] 
2016-09-15T11:54:30.637-0400: 67.092: [GC (GCLocker Initiated GC) [PSYoungGen: 137539K->55091K(175104K)] 509650K->451752K(699392K), 0.0151806 secs] [Times: user=0.14 sys=0.00, real=0.01 secs] 
2016-09-15T11:54:30.732-0400: 67.188: [GC (GCLocker Initiated GC) [PSYoungGen: 143155K->73612K(175104K)] 539903K->488697K(699392K), 0.0244928 secs] [Times: user=0.24 sys=0.00, real=0.03 secs] 
2016-09-15T11:54:30.863-0400: 67.318: [GC (GCLocker Initiated GC) [PSYoungGen: 161676K->73672K(175104K)] 583063K->550542K(699392K), 0.0135186 secs] [Times: user=0.18 sys=0.01, real=0.02 secs] 
2016-09-15T11:54:30.877-0400: 67.332: [Full GC (Ergonomics) [PSYoungGen: 73672K->0K(175104K)] [ParOldGen: 476870K->51872K(524288K)] 550542K->51872K(699392K), [Metaspace: 44292K->44292K(1087488K)], 0.0524854 secs] [Times: user=0.41 sys=0.00, real=0.05 secs] 
2016-09-15T11:54:31.031-0400: 67.487: [GC (GCLocker Initiated GC) [PSYoungGen: 88064K->86078K(175104K)] 140089K->162404K(699392K), 0.0126482 secs] [Times: user=0.19 sys=0.01, real=0.01 secs] 
2016-09-15T11:54:31.172-0400: 67.627: [GC (Allocation Failure) [PSYoungGen: 174142K->43397K(175104K)] 262737K->187402K(699392K), 0.0111434 secs] [Times: user=0.16 sys=0.00, real=0.01 secs] 
2016-09-15T11:54:31.299-0400: 67.754: [GC (GCLocker Initiated GC) [PSYoungGen: 131461K->55123K(175104K)] 281541K->229975K(699392K), 0.0084199 secs] [Times: user=0.07 sys=0.00, real=0.00 secs] 
2016-09-15T11:54:31.453-0400: 67.908: [GC (GCLocker Initiated GC) [PSYoungGen: 143187K->37098K(175104K)] 324268K->218259K(699392K), 0.0162319 secs] [Times: user=0.15 sys=0.00, real=0.02 secs] 
2016-09-15T11:54:31.565-0400: 68.020: [GC (GCLocker Initiated GC) [PSYoungGen: 125162K->67405K(175104K)] 306661K->249196K(699392K), 0.0265757 secs] [Times: user=0.27 sys=0.00, real=0.03 secs] 
2016-09-15T11:54:31.694-0400: 68.150: [GC (GCLocker Initiated GC) [PSYoungGen: 155469K->55611K(175104K)] 337402K->274177K(699392K), 0.0219299 secs] [Times: user=0.26 sys=0.01, real=0.03 secs] 
2016-09-15T11:54:31.841-0400: 68.296: [GC (GCLocker Initiated GC) [PSYoungGen: 143675K->85726K(175104K)] 368436K->341318K(699392K), 0.0104800 secs] [Times: user=0.12 sys=0.00, real=0.01 secs] 
2016-09-15T11:54:31.936-0400: 68.392: [GC (GCLocker Initiated GC) [PSYoungGen: 173790K->80011K(175104K)] 429491K->360147K(699392K), 0.0318556 secs] [Times: user=0.38 sys=0.00, real=0.03 secs] 
2016-09-15T11:54:32.064-0400: 68.519: [GC (GCLocker Initiated GC) [PSYoungGen: 168075K->85986K(175104K)] 448303K->427256K(699392K), 0.0111999 secs] [Times: user=0.12 sys=0.01, real=0.01 secs] 
2016-09-15T11:54:32.205-0400: 68.661: [GC (GCLocker Initiated GC) [PSYoungGen: 174050K->19160K(175104K)] 539824K->433843K(699392K), 0.0070272 secs] [Times: user=0.10 sys=0.00, real=0.01 secs] 
2016-09-15T11:54:32.326-0400: 68.782: [GC (GCLocker Initiated GC) [PSYoungGen: 107224K->73512K(175104K)] 528035K->494605K(699392K), 0.0197616 secs] [Times: user=0.22 sys=0.00, real=0.02 secs] 
2016-09-15T11:54:32.460-0400: 68.915: [GC (GCLocker Initiated GC) [PSYoungGen: 161576K->73836K(175104K)] 589043K->537905K(699392K), 0.0119391 secs] [Times: user=0.17 sys=0.00, real=0.01 secs] 
2016-09-15T11:54:32.472-0400: 68.928: [Full GC (Ergonomics) [PSYoungGen: 73836K->0K(175104K)] [ParOldGen: 464069K->51906K(524288K)] 537905K->51906K(699392K), [Metaspace: 44299K->44299K(1087488K)], 0.0535334 secs] [Times: user=0.31 sys=0.02, real=0.05 secs] 
2016-09-15T11:54:32.654-0400: 69.110: [GC (GCLocker Initiated GC) [PSYoungGen: 88064K->74068K(175104K)] 146310K->132314K(699392K), 0.0104807 secs] [Times: user=0.12 sys=0.02, real=0.01 secs] 
2016-09-15T11:54:32.769-0400: 69.224: [GC (Allocation Failure) [PSYoungGen: 162132K->73512K(175104K)] 220549K->168663K(699392K), 0.0158951 secs] [Times: user=0.18 sys=0.00, real=0.01 secs] 
2016-09-15T11:54:32.887-0400: 69.342: [GC (GCLocker Initiated GC) [PSYoungGen: 157812K->61330K(175104K)] 259038K->193230K(699392K), 0.0198169 secs] [Times: user=0.21 sys=0.00, real=0.02 secs] 
2016-09-15T11:54:33.031-0400: 69.486: [GC (GCLocker Initiated GC) [PSYoungGen: 149394K->73936K(175104K)] 287624K->224608K(699392K), 0.0081842 secs] [Times: user=0.08 sys=0.00, real=0.01 secs] 
2016-09-15T11:54:33.179-0400: 69.635: [GC (Allocation Failure) [PSYoungGen: 162000K->55223K(175104K)] 312730K->206228K(699392K), 0.0216921 secs] [Times: user=0.24 sys=0.01, real=0.02 secs] 
2016-09-15T11:54:33.314-0400: 69.770: [GC (GCLocker Initiated GC) [PSYoungGen: 143287K->73640K(175104K)] 294298K->267500K(699392K), 0.0127044 secs] [Times: user=0.16 sys=0.00, real=0.01 secs] 
2016-09-15T11:54:33.449-0400: 69.904: [GC (GCLocker Initiated GC) [PSYoungGen: 161704K->61166K(175104K)] 355611K->273574K(699392K), 0.0106805 secs] [Times: user=0.09 sys=0.00, real=0.01 secs] 
2016-09-15T11:54:33.572-0400: 70.027: [GC (GCLocker Initiated GC) [PSYoungGen: 149230K->55383K(175104K)] 361886K->322882K(699392K), 0.0115349 secs] [Times: user=0.13 sys=0.02, real=0.01 secs] 
2016-09-15T11:54:33.699-0400: 70.154: [GC (GCLocker Initiated GC) [PSYoungGen: 143447K->73412K(175104K)] 417048K->365545K(699392K), 0.0109199 secs] [Times: user=0.11 sys=0.01, real=0.01 secs] 
2016-09-15T11:54:33.831-0400: 70.286: [GC (GCLocker Initiated GC) [PSYoungGen: 161476K->55223K(175104K)] 459687K->377846K(699392K), 0.0084853 secs] [Times: user=0.08 sys=0.01, real=0.01 secs] 
2016-09-15T11:54:33.932-0400: 70.387: [GC (GCLocker Initiated GC) [PSYoungGen: 143287K->54995K(175104K)] 466041K->378025K(699392K), 0.0145434 secs] [Times: user=0.12 sys=0.02, real=0.01 secs] 
2016-09-15T11:54:34.058-0400: 70.514: [GC (Allocation Failure) [PSYoungGen: 143059K->67829K(175104K)] 466337K->445894K(699392K), 0.0177312 secs] [Times: user=0.20 sys=0.00, real=0.02 secs] 
2016-09-15T11:54:34.177-0400: 70.632: [GC (GCLocker Initiated GC) [PSYoungGen: 155893K->73576K(175104K)] 533964K->482493K(699392K), 0.0138491 secs] [Times: user=0.15 sys=0.00, real=0.01 secs] 
2016-09-15T11:54:34.305-0400: 70.760: [GC (GCLocker Initiated GC) [PSYoungGen: 161640K->55383K(175104K)] 570656K->513119K(699392K), 0.0179524 secs] [Times: user=0.24 sys=0.00, real=0.02 secs] 
2016-09-15T11:54:34.323-0400: 70.778: [Full GC (Ergonomics) [PSYoungGen: 55383K->0K(175104K)] [ParOldGen: 457736K->51989K(524288K)] 513119K->51989K(699392K), [Metaspace: 44299K->44299K(1087488K)], 0.0507946 secs] [Times: user=0.32 sys=0.01, real=0.05 secs] 
2016-09-15T11:54:34.475-0400: 70.931: [GC (GCLocker Initiated GC) [PSYoungGen: 88064K->86046K(175104K)] 140111K->168469K(699392K), 0.0111132 secs] [Times: user=0.16 sys=0.00, real=0.01 secs] 
2016-09-15T11:54:34.589-0400: 71.044: [GC (GCLocker Initiated GC) [PSYoungGen: 174110K->73968K(175104K)] 256563K->181268K(699392K), 0.0098600 secs] [Times: user=0.11 sys=0.00, real=0.01 secs] 
2016-09-15T11:54:34.701-0400: 71.157: [GC (GCLocker Initiated GC) [PSYoungGen: 162032K->49472K(175104K)] 281626K->199724K(699392K), 0.0074260 secs] [Times: user=0.08 sys=0.00, real=0.01 secs] 
2016-09-15T11:54:34.850-0400: 71.305: [GC (GCLocker Initiated GC) [PSYoungGen: 137536K->67437K(175104K)] 288111K->260828K(699392K), 0.0105393 secs] [Times: user=0.08 sys=0.00, real=0.01 secs] 
2016-09-15T11:54:35.010-0400: 71.466: [GC (GCLocker Initiated GC) [PSYoungGen: 155501K->55223K(175104K)] 355032K->255021K(699392K), 0.0072049 secs] [Times: user=0.05 sys=0.00, real=0.01 secs] 
2016-09-15T11:54:35.121-0400: 71.576: [GC (GCLocker Initiated GC) [PSYoungGen: 143287K->61330K(175104K)] 349275K->316185K(699392K), 0.0190168 secs] [Times: user=0.19 sys=0.00, real=0.02 secs] 
2016-09-15T11:54:35.278-0400: 71.733: [GC (GCLocker Initiated GC) [PSYoungGen: 149394K->49344K(175104K)] 410635K->359460K(699392K), 0.0104679 secs] [Times: user=0.08 sys=0.01, real=0.01 secs] 
2016-09-15T11:54:35.416-0400: 71.872: [GC (Allocation Failure) [PSYoungGen: 137408K->73708K(175104K)] 447880K->384447K(699392K), 0.0073599 secs] [Times: user=0.07 sys=0.00, real=0.00 secs] 
2016-09-15T11:54:35.537-0400: 71.993: [GC (GCLocker Initiated GC) [PSYoungGen: 160993K->73480K(175104K)] 477808K->390390K(699392K), 0.0082230 secs] [Times: user=0.08 sys=0.00, real=0.00 secs] 
2016-09-15T11:54:35.666-0400: 72.121: [GC (GCLocker Initiated GC) [PSYoungGen: 161544K->85822K(175104K)] 478479K->463666K(699392K), 0.0128904 secs] [Times: user=0.15 sys=0.00, real=0.02 secs] 
2016-09-15T11:54:35.784-0400: 72.240: [GC (GCLocker Initiated GC) [PSYoungGen: 173886K->85726K(175104K)] 551778K->482118K(699392K), 0.0203148 secs] [Times: user=0.21 sys=0.01, real=0.02 secs] 
2016-09-15T11:54:35.907-0400: 72.362: [GC (GCLocker Initiated GC) [PSYoungGen: 173790K->55447K(175104K)] 576411K->519117K(699392K), 0.0109330 secs] [Times: user=0.14 sys=0.00, real=0.02 secs] 
2016-09-15T11:54:35.918-0400: 72.373: [Full GC (Ergonomics) [PSYoungGen: 55447K->0K(175104K)] [ParOldGen: 463670K->46074K(524288K)] 519117K->46074K(699392K), [Metaspace: 44299K->44299K(1087488K)], 0.0482249 secs] [Times: user=0.30 sys=0.01, real=0.04 secs] 
2016-09-15T11:54:36.075-0400: 72.530: [GC (GCLocker Initiated GC) [PSYoungGen: 88064K->86274K(175104K)] 140453K->144738K(699392K), 0.0089067 secs] [Times: user=0.13 sys=0.00, real=0.01 secs] 
2016-09-15T11:54:36.225-0400: 72.680: [GC (GCLocker Initiated GC) [PSYoungGen: 174338K->55415K(175104K)] 239042K->157320K(699392K), 0.0084891 secs] [Times: user=0.09 sys=0.00, real=0.01 secs] 
2016-09-15T11:54:36.353-0400: 72.809: [GC (GCLocker Initiated GC) [PSYoungGen: 143479K->43237K(175104K)] 245476K->193953K(699392K), 0.0204599 secs] [Times: user=0.22 sys=0.00, real=0.02 secs] 
2016-09-15T11:54:36.502-0400: 72.957: [GC (Allocation Failure) [PSYoungGen: 131301K->37290K(175104K)] 294569K->200834K(699392K), 0.0057301 secs] [Times: user=0.04 sys=0.00, real=0.01 secs] 
2016-09-15T11:54:36.620-0400: 73.076: [GC (GCLocker Initiated GC) [PSYoungGen: 119605K->73352K(175104K)] 289224K->261283K(699392K), 0.0143404 secs] [Times: user=0.08 sys=0.00, real=0.01 secs] 
2016-09-15T11:54:36.745-0400: 73.200: [GC (Allocation Failure) [PSYoungGen: 161416K->55319K(175104K)] 349977K->262208K(699392K), 0.0116774 secs] [Times: user=0.10 sys=0.00, real=0.02 secs] 
2016-09-15T11:54:36.852-0400: 73.307: [GC (GCLocker Initiated GC) [PSYoungGen: 142199K->55255K(175104K)] 355164K->304945K(699392K), 0.0133602 secs] [Times: user=0.13 sys=0.00, real=0.01 secs] 
2016-09-15T11:54:37.003-0400: 73.459: [GC (Allocation Failure) [PSYoungGen: 143319K->73480K(175104K)] 399389K->329677K(699392K), 0.0069253 secs] [Times: user=0.06 sys=0.00, real=0.01 secs] 
2016-09-15T11:54:37.113-0400: 73.568: [GC (GCLocker Initiated GC) [PSYoungGen: 161544K->79587K(175104K)] 417748K->354307K(699392K), 0.0234820 secs] [Times: user=0.25 sys=0.00, real=0.03 secs] 
2016-09-15T11:54:37.251-0400: 73.706: [GC (Allocation Failure) [PSYoungGen: 167651K->67597K(175104K)] 442575K->379271K(699392K), 0.0091403 secs] [Times: user=0.10 sys=0.00, real=0.01 secs] 
2016-09-15T11:54:37.370-0400: 73.825: [GC (GCLocker Initiated GC) [PSYoungGen: 155661K->61430K(175104K)] 467340K->397677K(699392K), 0.0235127 secs] [Times: user=0.25 sys=0.00, real=0.02 secs] 
2016-09-15T11:54:37.500-0400: 73.955: [GC (Allocation Failure) [PSYoungGen: 149494K->67341K(175104K)] 485782K->409979K(699392K), 0.0219162 secs] [Times: user=0.23 sys=0.00, real=0.02 secs] 
2016-09-15T11:54:37.522-0400: 73.978: [GC (GCLocker Initiated GC) [PSYoungGen: 67691K->96K(175104K)] 410329K->409864K(699392K), 0.0083500 secs] [Times: user=0.07 sys=0.00, real=0.01 secs] 
2016-09-15T11:54:37.660-0400: 74.115: [GC (GCLocker Initiated GC) [PSYoungGen: 88160K->85982K(175104K)] 497934K->501839K(699392K), 0.0174448 secs] [Times: user=0.19 sys=0.00, real=0.02 secs] 
2016-09-15T11:54:37.788-0400: 74.243: [GC (GCLocker Initiated GC) [PSYoungGen: 174046K->74000K(175104K)] 590147K->527122K(699392K), 0.0108585 secs] [Times: user=0.13 sys=0.00, real=0.01 secs] 
2016-09-15T11:54:37.799-0400: 74.254: [Full GC (Ergonomics) [PSYoungGen: 74000K->0K(175104K)] [ParOldGen: 453122K->46286K(524288K)] 527122K->46286K(699392K), [Metaspace: 44301K->44301K(1087488K)], 0.0557875 secs] [Times: user=0.39 sys=0.02, real=0.05 secs] 
2016-09-15T11:54:37.975-0400: 74.430: [GC (GCLocker Initiated GC) [PSYoungGen: 88064K->74519K(175104K)] 140567K->127023K(699392K), 0.0081053 secs] [Times: user=0.10 sys=0.00, real=0.01 secs] 
2016-09-15T11:54:38.097-0400: 74.552: [GC (GCLocker Initiated GC) [PSYoungGen: 162583K->61458K(175104K)] 227430K->157711K(699392K), 0.0112550 secs] [Times: user=0.12 sys=0.00, real=0.01 secs] 
2016-09-15T11:54:38.226-0400: 74.681: [GC (GCLocker Initiated GC) [PSYoungGen: 149522K->55387K(175104K)] 251910K->200411K(699392K), 0.0172477 secs] [Times: user=0.16 sys=0.01, real=0.02 secs] 
2016-09-15T11:54:38.337-0400: 74.793: [GC (GCLocker Initiated GC) [PSYoungGen: 143451K->49148K(175104K)] 288590K->231004K(699392K), 0.0093236 secs] [Times: user=0.08 sys=0.00, real=0.00 secs] 
2016-09-15T11:54:38.470-0400: 74.925: [GC (GCLocker Initiated GC) [PSYoungGen: 137212K->43301K(175104K)] 331468K->274282K(699392K), 0.0128519 secs] [Times: user=0.11 sys=0.00, real=0.01 secs] 
2016-09-15T11:54:38.613-0400: 75.068: [GC (GCLocker Initiated GC) [PSYoungGen: 131365K->37226K(175104K)] 374756K->281032K(699392K), 0.0205915 secs] [Times: user=0.20 sys=0.00, real=0.02 secs] 
2016-09-15T11:54:38.751-0400: 75.207: [GC (GCLocker Initiated GC) [PSYoungGen: 125290K->49084K(175104K)] 375920K->299965K(699392K), 0.0071383 secs] [Times: user=0.05 sys=0.00, real=0.01 secs] 
2016-09-15T11:54:38.853-0400: 75.308: [GC (GCLocker Initiated GC) [PSYoungGen: 137148K->73284K(175104K)] 388071K->360761K(699392K), 0.0207754 secs] [Times: user=0.22 sys=0.00, real=0.02 secs] 
2016-09-15T11:54:38.988-0400: 75.444: [GC (GCLocker Initiated GC) [PSYoungGen: 161348K->55387K(175104K)] 455104K->391780K(699392K), 0.0175997 secs] [Times: user=0.18 sys=0.00, real=0.01 secs] 
2016-09-15T11:54:39.104-0400: 75.560: [GC (GCLocker Initiated GC) [PSYoungGen: 143451K->61298K(175104K)] 486103K->428673K(699392K), 0.0276077 secs] [Times: user=0.26 sys=0.00, real=0.03 secs] 
2016-09-15T11:54:39.257-0400: 75.712: [GC (Allocation Failure) [PSYoungGen: 149362K->55351K(175104K)] 523139K->471929K(699392K), 0.0094034 secs] [Times: user=0.09 sys=0.00, real=0.00 secs] 
2016-09-15T11:54:39.378-0400: 75.834: [GC (Allocation Failure) [PSYoungGen: 143415K->79719K(175104K)] 559993K->496565K(699392K), 0.0209019 secs] [Times: user=0.23 sys=0.01, real=0.02 secs] 
2016-09-15T11:54:39.514-0400: 75.969: [GC (GCLocker Initiated GC) [PSYoungGen: 167783K->42813K(175104K)] 584634K->478321K(699392K), 0.0153551 secs] [Times: user=0.17 sys=0.00, real=0.02 secs] 
2016-09-15T11:54:39.654-0400: 76.109: [GC (GCLocker Initiated GC) [PSYoungGen: 130877K->55515K(175104K)] 578679K->503428K(699392K), 0.0075193 secs] [Times: user=0.07 sys=0.00, real=0.01 secs] 
2016-09-15T11:54:39.789-0400: 76.244: [GC (GCLocker Initiated GC) [PSYoungGen: 143579K->61462K(175104K)] 597659K->515818K(699392K), 0.0125292 secs] [Times: user=0.14 sys=0.00, real=0.01 secs] 
2016-09-15T11:54:39.921-0400: 76.377: [Full GC (Ergonomics) [PSYoungGen: 149526K->0K(175104K)] [ParOldGen: 466688K->52428K(524288K)] 616214K->52428K(699392K), [Metaspace: 44301K->44301K(1087488K)], 0.0611332 secs] [Times: user=0.45 sys=0.02, real=0.06 secs] 
2016-09-15T11:54:40.087-0400: 76.542: [GC (GCLocker Initiated GC) [PSYoungGen: 88064K->86114K(175104K)] 140492K->144618K(699392K), 0.0094792 secs] [Times: user=0.12 sys=0.00, real=0.02 secs] 
2016-09-15T11:54:40.205-0400: 76.661: [GC (GCLocker Initiated GC) [PSYoungGen: 174178K->85954K(175104K)] 233043K->163771K(699392K), 0.0188208 secs] [Times: user=0.28 sys=0.00, real=0.02 secs] 
2016-09-15T11:54:40.343-0400: 76.798: [GC (GCLocker Initiated GC) [PSYoungGen: 174018K->85854K(175104K)] 258126K->200645K(699392K), 0.0120117 secs] [Times: user=0.18 sys=0.00, real=0.01 secs] 
2016-09-15T11:54:40.477-0400: 76.932: [GC (GCLocker Initiated GC) [PSYoungGen: 173918K->85854K(175104K)] 288734K->267826K(699392K), 0.0128420 secs] [Times: user=0.18 sys=0.00, real=0.01 secs] 
2016-09-15T11:54:40.622-0400: 77.077: [GC (GCLocker Initiated GC) [PSYoungGen: 173918K->55123K(175104K)] 362169K->261875K(699392K), 0.0100799 secs] [Times: user=0.09 sys=0.00, real=0.01 secs] 
2016-09-15T11:54:40.739-0400: 77.195: [GC (Allocation Failure) [PSYoungGen: 143187K->79783K(175104K)] 350288K->287004K(699392K), 0.0133068 secs] [Times: user=0.13 sys=0.01, real=0.01 secs] 
2016-09-15T11:54:40.870-0400: 77.325: [GC (GCLocker Initiated GC) [PSYoungGen: 167468K->61458K(175104K)] 380764K->329704K(699392K), 0.0106202 secs] [Times: user=0.10 sys=0.00, real=0.01 secs] 
2016-09-15T11:54:41.014-0400: 77.469: [GC (GCLocker Initiated GC) [PSYoungGen: 149522K->49212K(175104K)] 423886K->323703K(699392K), 0.0200285 secs] [Times: user=0.25 sys=0.00, real=0.02 secs] 
2016-09-15T11:54:41.143-0400: 77.598: [GC (Allocation Failure) [PSYoungGen: 137276K->73640K(175104K)] 418186K->385249K(699392K), 0.0099547 secs] [Times: user=0.11 sys=0.02, real=0.01 secs] 
2016-09-15T11:54:41.267-0400: 77.722: [GC (GCLocker Initiated GC) [PSYoungGen: 161704K->61590K(175104K)] 473319K->409962K(699392K), 0.0103463 secs] [Times: user=0.13 sys=0.00, real=0.02 secs] 
2016-09-15T11:54:41.396-0400: 77.852: [GC (GCLocker Initiated GC) [PSYoungGen: 149654K->61754K(175104K)] 504299K->417019K(699392K), 0.0094680 secs] [Times: user=0.11 sys=0.00, real=0.00 secs] 
2016-09-15T11:54:41.509-0400: 77.964: [GC (GCLocker Initiated GC) [PSYoungGen: 149818K->55515K(175104K)] 505092K->453605K(699392K), 0.0102655 secs] [Times: user=0.13 sys=0.00, real=0.01 secs] 
2016-09-15T11:54:41.645-0400: 78.100: [GC (GCLocker Initiated GC) [PSYoungGen: 143579K->73576K(175104K)] 547749K->478046K(699392K), 0.0106694 secs] [Times: user=0.11 sys=0.00, real=0.01 secs] 
2016-09-15T11:54:41.760-0400: 78.216: [GC (Allocation Failure) [PSYoungGen: 161640K->49116K(175104K)] 566241K->472217K(699392K), 0.0223370 secs] [Times: user=0.25 sys=0.00, real=0.02 secs] 
2016-09-15T11:54:41.894-0400: 78.349: [GC (GCLocker Initiated GC) [PSYoungGen: 132951K->43205K(175104K)] 562127K->515174K(699392K), 0.0087855 secs] [Times: user=0.07 sys=0.00, real=0.01 secs] 
2016-09-15T11:54:41.903-0400: 78.358: [Full GC (Ergonomics) [PSYoungGen: 43205K->0K(175104K)] [ParOldGen: 471969K->46779K(524288K)] 515174K->46779K(699392K), [Metaspace: 44301K->44301K(1087488K)], 0.0613886 secs] [Times: user=0.41 sys=0.01, real=0.06 secs] 
2016-09-15T11:54:42.083-0400: 78.539: [GC (GCLocker Initiated GC) [PSYoungGen: 88064K->79619K(175104K)] 141093K->132649K(699392K), 0.0174936 secs] [Times: user=0.20 sys=0.00, real=0.02 secs] 
2016-09-15T11:54:42.224-0400: 78.679: [GC (Allocation Failure) [PSYoungGen: 167683K->49308K(175104K)] 227143K->145510K(699392K), 0.0138586 secs] [Times: user=0.16 sys=0.01, real=0.02 secs] 
2016-09-15T11:54:42.238-0400: 78.694: [GC (GCLocker Initiated GC) [PSYoungGen: 49312K->32K(175104K)] 145514K->163405K(699392K), 0.0074817 secs] [Times: user=0.07 sys=0.00, real=0.00 secs] 
2016-09-15T11:54:42.354-0400: 78.809: [GC (GCLocker Initiated GC) [PSYoungGen: 88091K->86210K(175104K)] 251470K->273888K(699392K), 0.0150376 secs] [Times: user=0.20 sys=0.00, real=0.02 secs] 
2016-09-15T11:54:42.493-0400: 78.948: [GC (GCLocker Initiated GC) [PSYoungGen: 174274K->37386K(175104K)] 374452K->287040K(699392K), 0.0100114 secs] [Times: user=0.10 sys=0.00, real=0.01 secs] 
2016-09-15T11:54:42.626-0400: 79.081: [GC (GCLocker Initiated GC) [PSYoungGen: 125450K->85822K(175104K)] 375448K->341982K(699392K), 0.0092976 secs] [Times: user=0.09 sys=0.00, real=0.01 secs] 
2016-09-15T11:54:42.742-0400: 79.198: [GC (Allocation Failure) [PSYoungGen: 173886K->37094K(175104K)] 436163K->342016K(699392K), 0.0100680 secs] [Times: user=0.09 sys=0.00, real=0.01 secs] 
2016-09-15T11:54:42.880-0400: 79.335: [GC (GCLocker Initiated GC) [PSYoungGen: 125158K->55515K(175104K)] 430086K->360718K(699392K), 0.0170742 secs] [Times: user=0.18 sys=0.01, real=0.02 secs] 
2016-09-15T11:54:43.005-0400: 79.461: [GC (Allocation Failure) [PSYoungGen: 143579K->85722K(175104K)] 448969K->415868K(699392K), 0.0111097 secs] [Times: user=0.17 sys=0.00, real=0.02 secs] 
2016-09-15T11:54:43.115-0400: 79.570: [GC (GCLocker Initiated GC) [PSYoungGen: 173786K->67761K(175104K)] 503938K->470988K(699392K), 0.0133357 secs] [Times: user=0.21 sys=0.00, real=0.02 secs] 
2016-09-15T11:54:43.238-0400: 79.694: [GC (GCLocker Initiated GC) [PSYoungGen: 155825K->73804K(175104K)] 565426K->501954K(699392K), 0.0105473 secs] [Times: user=0.17 sys=0.00, real=0.01 secs] 
2016-09-15T11:54:43.412-0400: 79.867: [Full GC (Ergonomics) [PSYoungGen: 161868K->0K(175104K)] [ParOldGen: 440306K->46215K(524288K)] 602174K->46215K(699392K), [Metaspace: 44302K->44302K(1087488K)], 0.0581989 secs] [Times: user=0.32 sys=0.00, real=0.06 secs] 
2016-09-15T11:54:43.576-0400: 80.032: [GC (GCLocker Initiated GC) [PSYoungGen: 88064K->85918K(175104K)] 134438K->144442K(699392K), 0.0088615 secs] [Times: user=0.08 sys=0.00, real=0.00 secs] 
2016-09-15T11:54:43.695-0400: 80.151: [GC (GCLocker Initiated GC) [PSYoungGen: 173982K->61362K(175104K)] 232783K->181609K(699392K), 0.0309127 secs] [Times: user=0.29 sys=0.01, real=0.03 secs] 
2016-09-15T11:54:43.863-0400: 80.318: [GC (GCLocker Initiated GC) [PSYoungGen: 149426K->67469K(175104K)] 270034K->206562K(699392K), 0.0168704 secs] [Times: user=0.15 sys=0.01, real=0.02 secs] 
2016-09-15T11:54:44.013-0400: 80.468: [GC (GCLocker Initiated GC) [PSYoungGen: 155533K->73544K(175104K)] 300932K->255505K(699392K), 0.0177843 secs] [Times: user=0.16 sys=0.00, real=0.02 secs] 
2016-09-15T11:54:44.177-0400: 80.632: [GC (Allocation Failure) [PSYoungGen: 161608K->43205K(175104K)] 349780K->231465K(699392K), 0.0121443 secs] [Times: user=0.11 sys=0.00, real=0.01 secs] 
2016-09-15T11:54:44.291-0400: 80.747: [GC (GCLocker Initiated GC) [PSYoungGen: 131269K->61294K(175104K)] 319534K->268076K(699392K), 0.0215749 secs] [Times: user=0.25 sys=0.00, real=0.02 secs] 
2016-09-15T11:54:44.454-0400: 80.910: [GC (GCLocker Initiated GC) [PSYoungGen: 149358K->37094K(175104K)] 368315K->274387K(699392K), 0.0100760 secs] [Times: user=0.08 sys=0.00, real=0.01 secs] 
2016-09-15T11:54:44.593-0400: 81.049: [GC (Allocation Failure) [PSYoungGen: 125158K->67437K(175104K)] 368691K->311393K(699392K), 0.0155216 secs] [Times: user=0.15 sys=0.00, real=0.02 secs] 
2016-09-15T11:54:44.694-0400: 81.149: [GC (GCLocker Initiated GC) [PSYoungGen: 152237K->73672K(175104K)] 402269K->378686K(699392K), 0.0123270 secs] [Times: user=0.16 sys=0.00, real=0.01 secs] 
2016-09-15T11:54:44.830-0400: 81.286: [GC (GCLocker Initiated GC) [PSYoungGen: 161736K->73840K(175104K)] 479088K->391303K(699392K), 0.0237303 secs] [Times: user=0.26 sys=0.00, real=0.02 secs] 
2016-09-15T11:54:44.946-0400: 81.401: [GC (GCLocker Initiated GC) [PSYoungGen: 161904K->73576K(175104K)] 479707K->428284K(699392K), 0.0192617 secs] [Times: user=0.22 sys=0.00, real=0.02 secs] 
2016-09-15T11:54:45.080-0400: 81.535: [GC (GCLocker Initiated GC) [PSYoungGen: 161640K->67469K(175104K)] 516391K->458789K(699392K), 0.0287299 secs] [Times: user=0.33 sys=0.00, real=0.03 secs] 
2016-09-15T11:54:45.229-0400: 81.684: [GC (Allocation Failure) [PSYoungGen: 155533K->67405K(175104K)] 546956K->483388K(699392K), 0.0127359 secs] [Times: user=0.13 sys=0.00, real=0.01 secs] 
2016-09-15T11:54:45.387-0400: 81.842: [GC (GCLocker Initiated GC) [PSYoungGen: 151426K->73608K(175104K)] 573484K->508091K(699392K), 0.0160650 secs] [Times: user=0.17 sys=0.01, real=0.02 secs] 
2016-09-15T11:54:45.537-0400: 81.992: [GC (Allocation Failure) [PSYoungGen: 161672K->30891K(175104K)] 596444K->496289K(699392K), 0.0139667 secs] [Times: user=0.13 sys=0.01, real=0.01 secs] 
2016-09-15T11:54:45.551-0400: 82.006: [Full GC (Ergonomics) [PSYoungGen: 30891K->0K(175104K)] [ParOldGen: 465398K->46800K(524288K)] 496289K->46800K(699392K), [Metaspace: 44302K->44302K(1087488K)], 0.0548524 secs] [Times: user=0.35 sys=0.00, real=0.05 secs] 
2016-09-15T11:54:45.684-0400: 82.139: [GC (GCLocker Initiated GC) [PSYoungGen: 88064K->86078K(175104K)] 134870K->181484K(699392K), 0.0300859 secs] [Times: user=0.42 sys=0.00, real=0.03 secs] 
2016-09-15T11:54:45.820-0400: 82.275: [GC (GCLocker Initiated GC) [PSYoungGen: 174142K->62013K(175104K)] 269769K->194662K(699392K), 0.0099744 secs] [Times: user=0.13 sys=0.00, real=0.01 secs] 
2016-09-15T11:54:45.939-0400: 82.394: [GC (Allocation Failure) [PSYoungGen: 150077K->55255K(175104K)] 288983K->243363K(699392K), 0.0149803 secs] [Times: user=0.17 sys=0.02, real=0.01 secs] 
2016-09-15T11:54:46.057-0400: 82.512: [GC (GCLocker Initiated GC) [PSYoungGen: 143319K->49080K(175104K)] 331439K->279812K(699392K), 0.0098498 secs] [Times: user=0.07 sys=0.00, real=0.00 secs] 
2016-09-15T11:54:46.194-0400: 82.650: [GC (Allocation Failure) [PSYoungGen: 137144K->49831K(175104K)] 373976K->305008K(699392K), 0.0214091 secs] [Times: user=0.21 sys=0.00, real=0.03 secs] 
2016-09-15T11:54:46.302-0400: 82.758: [GC (GCLocker Initiated GC) [PSYoungGen: 136446K->61362K(175104K)] 397698K->359675K(699392K), 0.0185335 secs] [Times: user=0.19 sys=0.00, real=0.02 secs] 
2016-09-15T11:54:46.438-0400: 82.893: [GC (GCLocker Initiated GC) [PSYoungGen: 149426K->67469K(175104K)] 447915K->402683K(699392K), 0.0180830 secs] [Times: user=0.17 sys=0.00, real=0.02 secs] 
2016-09-15T11:54:46.560-0400: 83.015: [GC (Allocation Failure) [PSYoungGen: 155533K->37517K(175104K)] 497501K->416080K(699392K), 0.0166671 secs] [Times: user=0.20 sys=0.00, real=0.02 secs] 
2016-09-15T11:54:46.675-0400: 83.130: [GC (GCLocker Initiated GC) [PSYoungGen: 125581K->85790K(175104K)] 504149K->470740K(699392K), 0.0090941 secs] [Times: user=0.11 sys=0.00, real=0.01 secs] 
2016-09-15T11:54:46.821-0400: 83.276: [GC (Allocation Failure) [PSYoungGen: 173854K->67305K(175104K)] 564948K->476720K(699392K), 0.0087693 secs] [Times: user=0.09 sys=0.00, real=0.01 secs] 
2016-09-15T11:54:46.974-0400: 83.430: [GC (Allocation Failure) [PSYoungGen: 155367K->55187K(175104K)] 564783K->513337K(699392K), 0.0085585 secs] [Times: user=0.12 sys=0.00, real=0.01 secs] 
2016-09-15T11:54:46.983-0400: 83.438: [Full GC (Ergonomics) [PSYoungGen: 55187K->0K(175104K)] [ParOldGen: 458150K->40518K(524288K)] 513337K->40518K(699392K), [Metaspace: 44308K->44308K(1087488K)], 0.0537877 secs] [Times: user=0.42 sys=0.00, real=0.06 secs] 
2016-09-15T11:54:47.125-0400: 83.581: [GC (GCLocker Initiated GC) [PSYoungGen: 83839K->73960K(175104K)] 130433K->120553K(699392K), 0.0073279 secs] [Times: user=0.06 sys=0.00, real=0.01 secs] 
2016-09-15T11:54:47.247-0400: 83.702: [GC (Allocation Failure) [PSYoungGen: 162024K->74391K(175104K)] 214941K->164362K(699392K), 0.0172723 secs] [Times: user=0.23 sys=0.00, real=0.02 secs] 
2016-09-15T11:54:47.373-0400: 83.828: [GC (GCLocker Initiated GC) [PSYoungGen: 161050K->49212K(175104K)] 257096K->175924K(699392K), 0.0126607 secs] [Times: user=0.13 sys=0.00, real=0.01 secs] 
2016-09-15T11:54:47.493-0400: 83.948: [GC (GCLocker Initiated GC) [PSYoungGen: 137276K->73804K(175104K)] 264052K->219104K(699392K), 0.0153689 secs] [Times: user=0.15 sys=0.00, real=0.02 secs] 
2016-09-15T11:54:47.619-0400: 84.074: [GC (GCLocker Initiated GC) [PSYoungGen: 161868K->73740K(175104K)] 307289K->255730K(699392K), 0.0199842 secs] [Times: user=0.22 sys=0.00, real=0.02 secs] 
2016-09-15T11:54:47.737-0400: 84.193: [GC (GCLocker Initiated GC) [PSYoungGen: 161804K->61586K(175104K)] 343898K->304722K(699392K), 0.0116676 secs] [Times: user=0.13 sys=0.00, real=0.01 secs] 
2016-09-15T11:54:47.860-0400: 84.316: [GC (GCLocker Initiated GC) [PSYoungGen: 149650K->86178K(175104K)] 392929K->384267K(699392K), 0.0152489 secs] [Times: user=0.18 sys=0.00, real=0.01 secs] 
2016-09-15T11:54:48.005-0400: 84.461: [GC (GCLocker Initiated GC) [PSYoungGen: 174242K->49308K(175104K)] 484575K->378569K(699392K), 0.0108218 secs] [Times: user=0.10 sys=0.00, real=0.02 secs] 
2016-09-15T11:54:48.132-0400: 84.587: [GC (GCLocker Initiated GC) [PSYoungGen: 137372K->73640K(175104K)] 466640K->403191K(699392K), 0.0107520 secs] [Times: user=0.11 sys=0.00, real=0.01 secs] 
2016-09-15T11:54:48.287-0400: 84.743: [GC (Allocation Failure) [PSYoungGen: 161704K->24784K(175104K)] 497966K->397591K(699392K), 0.0460928 secs] [Times: user=0.48 sys=0.00, real=0.05 secs] 
2016-09-15T11:54:48.481-0400: 84.936: [GC (GCLocker Initiated GC) [PSYoungGen: 111181K->61102K(175104K)] 490064K->440244K(699392K), 0.0098304 secs] [Times: user=0.07 sys=0.00, real=0.01 secs] 
2016-09-15T11:54:48.611-0400: 85.067: [GC (GCLocker Initiated GC) [PSYoungGen: 149166K->49575K(175104K)] 540645K->459375K(699392K), 0.0152929 secs] [Times: user=0.19 sys=0.00, real=0.01 secs] 
2016-09-15T11:54:48.730-0400: 85.185: [GC (GCLocker Initiated GC) [PSYoungGen: 137639K->55155K(175104K)] 547789K->483992K(699392K), 0.0099336 secs] [Times: user=0.15 sys=0.00, real=0.01 secs] 
2016-09-15T11:54:48.859-0400: 85.315: [GC (GCLocker Initiated GC) [PSYoungGen: 143219K->61754K(175104K)] 572086K->527199K(699392K), 0.0083290 secs] [Times: user=0.11 sys=0.00, real=0.01 secs] 
2016-09-15T11:54:48.868-0400: 85.323: [Full GC (Ergonomics) [PSYoungGen: 61754K->0K(175104K)] [ParOldGen: 465445K->39428K(524288K)] 527199K->39428K(699392K), [Metaspace: 44320K->44320K(1087488K)], 0.1098224 secs] [Times: user=1.33 sys=0.02, real=0.11 secs] 
2016-09-15T11:54:49.095-0400: 85.550: [GC (GCLocker Initiated GC) [PSYoungGen: 88064K->86078K(175104K)] 127629K->143868K(699392K), 0.0119429 secs] [Times: user=0.18 sys=0.00, real=0.01 secs] 
2016-09-15T11:54:49.209-0400: 85.664: [GC (GCLocker Initiated GC) [PSYoungGen: 174142K->67369K(175104K)] 231986K->198676K(699392K), 0.0155826 secs] [Times: user=0.24 sys=0.00, real=0.01 secs] 
2016-09-15T11:54:49.320-0400: 85.776: [GC (GCLocker Initiated GC) [PSYoungGen: 155433K->85986K(175104K)] 292863K->266101K(699392K), 0.0108782 secs] [Times: user=0.15 sys=0.00, real=0.01 secs] 
2016-09-15T11:54:49.432-0400: 85.887: [GC (GCLocker Initiated GC) [PSYoungGen: 174050K->86150K(175104K)] 354415K->309332K(699392K), 0.0113152 secs] [Times: user=0.13 sys=0.00, real=0.01 secs] 
2016-09-15T11:54:49.540-0400: 85.995: [GC (GCLocker Initiated GC) [PSYoungGen: 174214K->85822K(175104K)] 397444K->364026K(699392K), 0.0221916 secs] [Times: user=0.30 sys=0.00, real=0.02 secs] 
2016-09-15T11:54:49.683-0400: 86.138: [GC (GCLocker Initiated GC) [PSYoungGen: 173886K->55383K(175104K)] 452094K->388417K(699392K), 0.0118631 secs] [Times: user=0.17 sys=0.00, real=0.01 secs] 
2016-09-15T11:54:49.846-0400: 86.302: [GC (Allocation Failure) [PSYoungGen: 143447K->55155K(175104K)] 488796K->400788K(699392K), 0.0080327 secs] [Times: user=0.10 sys=0.00, real=0.01 secs] 
2016-09-15T11:54:49.972-0400: 86.428: [GC (GCLocker Initiated GC) [PSYoungGen: 139964K->37229K(175104K)] 491672K->419432K(699392K), 0.0095114 secs] [Times: user=0.09 sys=0.00, real=0.01 secs] 
2016-09-15T11:54:50.101-0400: 86.557: [GC (GCLocker Initiated GC) [PSYoungGen: 125293K->61362K(175104K)] 513775K->468344K(699392K), 0.0152610 secs] [Times: user=0.13 sys=0.00, real=0.02 secs] 
2016-09-15T11:54:50.252-0400: 86.707: [GC (GCLocker Initiated GC) [PSYoungGen: 149426K->36998K(175104K)] 568784K->474661K(699392K), 0.0225009 secs] [Times: user=0.20 sys=0.01, real=0.02 secs] 
2016-09-15T11:54:50.386-0400: 86.841: [GC (GCLocker Initiated GC) [PSYoungGen: 125062K->73676K(175104K)] 563075K->511956K(699392K), 0.0212139 secs] [Times: user=0.22 sys=0.00, real=0.02 secs] 
2016-09-15T11:54:50.502-0400: 86.957: [GC (GCLocker Initiated GC) [PSYoungGen: 161740K->67437K(175104K)] 600134K->542557K(699392K), 0.0167602 secs] [Times: user=0.19 sys=0.00, real=0.02 secs] 
2016-09-15T11:54:50.519-0400: 86.974: [Full GC (Ergonomics) [PSYoungGen: 67437K->0K(175104K)] [ParOldGen: 475120K->51848K(524288K)] 542557K->51848K(699392K), [Metaspace: 44323K->44323K(1087488K)], 0.0539880 secs] [Times: user=0.35 sys=0.00, real=0.05 secs] 
2016-09-15T11:54:50.691-0400: 87.147: [GC (Allocation Failure) [PSYoungGen: 88064K->49568K(175104K)] 146133K->107637K(699392K), 0.0138811 secs] [Times: user=0.12 sys=0.01, real=0.01 secs] 
2016-09-15T11:54:50.826-0400: 87.282: [GC (GCLocker Initiated GC) [PSYoungGen: 137632K->79715K(175104K)] 195707K->156711K(699392K), 0.0095338 secs] [Times: user=0.10 sys=0.00, real=0.02 secs] 
2016-09-15T11:54:50.962-0400: 87.418: [GC (Allocation Failure) [PSYoungGen: 167779K->37322K(175104K)] 257246K->163366K(699392K), 0.0138035 secs] [Times: user=0.14 sys=0.00, real=0.02 secs] 
2016-09-15T11:54:51.099-0400: 87.555: [GC (GCLocker Initiated GC) [PSYoungGen: 119403K->55711K(175104K)] 251523K->188278K(699392K), 0.0097379 secs] [Times: user=0.10 sys=0.00, real=0.01 secs] 
2016-09-15T11:54:51.238-0400: 87.693: [GC (GCLocker Initiated GC) [PSYoungGen: 143775K->85790K(175104K)] 276378K->248880K(699392K), 0.0242268 secs] [Times: user=0.26 sys=0.00, real=0.02 secs] 
2016-09-15T11:54:51.384-0400: 87.840: [GC (GCLocker Initiated GC) [PSYoungGen: 173854K->55255K(175104K)] 336992K->236909K(699392K), 0.0154823 secs] [Times: user=0.16 sys=0.01, real=0.02 secs] 
2016-09-15T11:54:51.509-0400: 87.965: [GC (GCLocker Initiated GC) [PSYoungGen: 143319K->73448K(175104K)] 325037K->316176K(699392K), 0.0128494 secs] [Times: user=0.10 sys=0.00, real=0.01 secs] 
2016-09-15T11:54:51.649-0400: 88.105: [GC (GCLocker Initiated GC) [PSYoungGen: 161512K->73708K(175104K)] 410662K->353500K(699392K), 0.0156420 secs] [Times: user=0.13 sys=0.00, real=0.01 secs] 
2016-09-15T11:54:51.800-0400: 88.255: [GC (Allocation Failure) [PSYoungGen: 161772K->61458K(175104K)] 441836K->378271K(699392K), 0.0294535 secs] [Times: user=0.33 sys=0.00, real=0.03 secs] 
2016-09-15T11:54:51.943-0400: 88.398: [GC (GCLocker Initiated GC) [PSYoungGen: 149522K->67569K(175104K)] 466341K->396649K(699392K), 0.0187726 secs] [Times: user=0.17 sys=0.00, real=0.02 secs] 
2016-09-15T11:54:52.079-0400: 88.534: [GC (GCLocker Initiated GC) [PSYoungGen: 155633K->61266K(175104K)] 484856K->421108K(699392K), 0.0298707 secs] [Times: user=0.32 sys=0.00, real=0.03 secs] 
2016-09-15T11:54:52.242-0400: 88.697: [GC (GCLocker Initiated GC) [PSYoungGen: 149330K->43329K(175104K)] 515502K->446031K(699392K), 0.0176776 secs] [Times: user=0.17 sys=0.00, real=0.02 secs] 
2016-09-15T11:54:52.370-0400: 88.825: [GC (Allocation Failure) [PSYoungGen: 131393K->55191K(175104K)] 534214K->458512K(699392K), 0.0101326 secs] [Times: user=0.09 sys=0.00, real=0.01 secs] 
2016-09-15T11:54:52.497-0400: 88.953: [GC (GCLocker Initiated GC) [PSYoungGen: 141300K->43201K(175104K)] 550696K->495405K(699392K), 0.0205435 secs] [Times: user=0.25 sys=0.00, real=0.02 secs] 
2016-09-15T11:54:52.645-0400: 89.100: [Full GC (Ergonomics) [PSYoungGen: 131265K->0K(175104K)] [ParOldGen: 470668K->51860K(524288K)] 601933K->51860K(699392K), [Metaspace: 44323K->44323K(1087488K)], 0.0557545 secs] [Times: user=0.37 sys=0.01, real=0.06 secs] 
2016-09-15T11:54:52.820-0400: 89.275: [GC (GCLocker Initiated GC) [PSYoungGen: 88064K->67889K(175104K)] 152105K->131930K(699392K), 0.0098802 secs] [Times: user=0.08 sys=0.00, real=0.01 secs] 
2016-09-15T11:54:52.971-0400: 89.427: [GC (Allocation Failure) [PSYoungGen: 155953K->24812K(175104K)] 226149K->168628K(699392K), 0.0123565 secs] [Times: user=0.12 sys=0.01, real=0.01 secs] 
2016-09-15T11:54:53.096-0400: 89.551: [GC (GCLocker Initiated GC) [PSYoungGen: 112876K->73644K(175104K)] 256693K->217557K(699392K), 0.0306608 secs] [Times: user=0.32 sys=0.00, real=0.02 secs] 
2016-09-15T11:54:53.259-0400: 89.715: [GC (GCLocker Initiated GC) [PSYoungGen: 161708K->30859K(175104K)] 305724K->211749K(699392K), 0.0181957 secs] [Times: user=0.15 sys=0.00, real=0.02 secs] 
2016-09-15T11:54:53.420-0400: 89.876: [GC (Allocation Failure) [PSYoungGen: 118923K->49244K(175104K)] 300134K->297556K(699392K), 0.0171044 secs] [Times: user=0.14 sys=0.01, real=0.02 secs] 
2016-09-15T11:54:53.563-0400: 90.019: [GC (GCLocker Initiated GC) [PSYoungGen: 133881K->55095K(175104K)] 388268K->309733K(699392K), 0.0080871 secs] [Times: user=0.05 sys=0.01, real=0.01 secs] 
2016-09-15T11:54:53.692-0400: 90.147: [GC (GCLocker Initiated GC) [PSYoungGen: 143159K->30923K(175104K)] 410096K->316172K(699392K), 0.0097087 secs] [Times: user=0.08 sys=0.00, real=0.01 secs] 
2016-09-15T11:54:53.814-0400: 90.269: [GC (GCLocker Initiated GC) [PSYoungGen: 118987K->79879K(175104K)] 404440K->371511K(699392K), 0.0150215 secs] [Times: user=0.13 sys=0.00, real=0.02 secs] 
2016-09-15T11:54:53.956-0400: 90.411: [GC (GCLocker Initiated GC) [PSYoungGen: 167943K->61298K(175104K)] 459712K->371739K(699392K), 0.0158112 secs] [Times: user=0.17 sys=0.00, real=0.01 secs] 
2016-09-15T11:54:54.075-0400: 90.531: [GC (Allocation Failure) [PSYoungGen: 149362K->67569K(175104K)] 460035K->408869K(699392K), 0.0172008 secs] [Times: user=0.14 sys=0.01, real=0.02 secs] 
2016-09-15T11:54:54.230-0400: 90.686: [GC (GCLocker Initiated GC) [PSYoungGen: 153251K->49308K(175104K)] 500626K->433424K(699392K), 0.0161537 secs] [Times: user=0.18 sys=0.00, real=0.01 secs] 
2016-09-15T11:54:54.363-0400: 90.819: [GC (GCLocker Initiated GC) [PSYoungGen: 137372K->73772K(175104K)] 521564K->458091K(699392K), 0.0142823 secs] [Times: user=0.15 sys=0.00, real=0.02 secs] 
2016-09-15T11:54:54.504-0400: 90.959: [GC (GCLocker Initiated GC) [PSYoungGen: 161836K->43265K(175104K)] 552503K->470666K(699392K), 0.0144022 secs] [Times: user=0.17 sys=0.00, real=0.02 secs] 
2016-09-15T11:54:54.660-0400: 91.115: [GC (GCLocker Initiated GC) [PSYoungGen: 131329K->55191K(175104K)] 558872K->507138K(699392K), 0.0099939 secs] [Times: user=0.07 sys=0.01, real=0.01 secs] 
2016-09-15T11:54:54.800-0400: 91.255: [Full GC (Ergonomics) [PSYoungGen: 143255K->0K(175104K)] [ParOldGen: 470226K->46002K(524288K)] 613481K->46002K(699392K), [Metaspace: 44335K->44335K(1087488K)], 0.0655845 secs] [Times: user=0.39 sys=0.00, real=0.06 secs] 
2016-09-15T11:54:54.965-0400: 91.421: [GC (GCLocker Initiated GC) [PSYoungGen: 88064K->85562K(175104K)] 134114K->143762K(699392K), 0.0110193 secs] [Times: user=0.11 sys=0.00, real=0.02 secs] 
2016-09-15T11:54:55.088-0400: 91.543: [GC (GCLocker Initiated GC) [PSYoungGen: 173626K->55483K(175104K)] 231873K->204975K(699392K), 0.0195616 secs] [Times: user=0.24 sys=0.01, real=0.02 secs] 
2016-09-15T11:54:55.247-0400: 91.702: [GC (GCLocker Initiated GC) [PSYoungGen: 143547K->49112K(175104K)] 305343K->211511K(699392K), 0.0097327 secs] [Times: user=0.08 sys=0.01, real=0.02 secs] 
2016-09-15T11:54:55.363-0400: 91.818: [GC (GCLocker Initiated GC) [PSYoungGen: 137176K->79715K(175104K)] 299729K->266727K(699392K), 0.0110393 secs] [Times: user=0.13 sys=0.00, real=0.01 secs] 
2016-09-15T11:54:55.474-0400: 91.929: [GC (GCLocker Initiated GC) [PSYoungGen: 167779K->67565K(175104K)] 354886K->315721K(699392K), 0.0295741 secs] [Times: user=0.37 sys=0.00, real=0.03 secs] 
2016-09-15T11:54:55.611-0400: 92.066: [GC (GCLocker Initiated GC) [PSYoungGen: 155629K->61462K(175104K)] 403967K->370662K(699392K), 0.0137060 secs] [Times: user=0.15 sys=0.01, real=0.01 secs] 
2016-09-15T11:54:55.748-0400: 92.203: [GC (GCLocker Initiated GC) [PSYoungGen: 149526K->61362K(175104K)] 458774K->395178K(699392K), 0.0097840 secs] [Times: user=0.08 sys=0.00, real=0.01 secs] 
2016-09-15T11:54:55.854-0400: 92.310: [GC (GCLocker Initiated GC) [PSYoungGen: 149426K->85498K(175104K)] 483407K->456212K(699392K), 0.0116503 secs] [Times: user=0.10 sys=0.00, real=0.01 secs] 
2016-09-15T11:54:55.966-0400: 92.421: [GC (GCLocker Initiated GC) [PSYoungGen: 173562K->73640K(175104K)] 544425K->505397K(699392K), 0.0131263 secs] [Times: user=0.21 sys=0.00, real=0.02 secs] 
2016-09-15T11:54:56.085-0400: 92.540: [GC (GCLocker Initiated GC) [PSYoungGen: 161704K->85954K(175104K)] 593738K->542587K(699392K), 0.0109698 secs] [Times: user=0.11 sys=0.00, real=0.02 secs] 
2016-09-15T11:54:56.096-0400: 92.551: [Full GC (Ergonomics) [PSYoungGen: 85954K->0K(175104K)] [ParOldGen: 456633K->52330K(524288K)] 542587K->52330K(699392K), [Metaspace: 44336K->44336K(1087488K)], 0.0566872 secs] [Times: user=0.44 sys=0.02, real=0.05 secs] 
2016-09-15T11:54:56.273-0400: 92.728: [GC (Allocation Failure) [PSYoungGen: 88064K->86078K(175104K)] 140435K->174900K(699392K), 0.0111839 secs] [Times: user=0.17 sys=0.00, real=0.01 secs] 
2016-09-15T11:54:56.402-0400: 92.857: [GC (GCLocker Initiated GC) [PSYoungGen: 169237K->73640K(175104K)] 264134K->223783K(699392K), 0.0126606 secs] [Times: user=0.18 sys=0.00, real=0.01 secs] 
2016-09-15T11:54:56.515-0400: 92.970: [GC (GCLocker Initiated GC) [PSYoungGen: 161704K->85822K(175104K)] 311896K->272795K(699392K), 0.0116862 secs] [Times: user=0.18 sys=0.00, real=0.01 secs] 
2016-09-15T11:54:56.654-0400: 93.110: [GC (Allocation Failure) [PSYoungGen: 173886K->55287K(175104K)] 360945K->309455K(699392K), 0.0202894 secs] [Times: user=0.18 sys=0.00, real=0.02 secs] 
2016-09-15T11:54:56.802-0400: 93.257: [GC (GCLocker Initiated GC) [PSYoungGen: 142907K->43201K(175104K)] 403150K->334102K(699392K), 0.0100105 secs] [Times: user=0.09 sys=0.00, real=0.01 secs] 
2016-09-15T11:54:56.926-0400: 93.382: [GC (GCLocker Initiated GC) [PSYoungGen: 131265K->61134K(175104K)] 422342K->370696K(699392K), 0.0088829 secs] [Times: user=0.08 sys=0.00, real=0.01 secs] 
2016-09-15T11:54:57.049-0400: 93.504: [GC (GCLocker Initiated GC) [PSYoungGen: 149198K->85826K(175104K)] 459093K->420125K(699392K), 0.0106935 secs] [Times: user=0.09 sys=0.00, real=0.01 secs] 
2016-09-15T11:54:57.203-0400: 93.659: [GC (GCLocker Initiated GC) [PSYoungGen: 173890K->37130K(175104K)] 526556K->408461K(699392K), 0.0213572 secs] [Times: user=0.21 sys=0.00, real=0.02 secs] 
2016-09-15T11:54:57.340-0400: 93.795: [GC (GCLocker Initiated GC) [PSYoungGen: 125194K->43009K(175104K)] 502955K->433171K(699392K), 0.0224209 secs] [Times: user=0.23 sys=0.00, real=0.02 secs] 
2016-09-15T11:54:57.488-0400: 93.943: [GC (GCLocker Initiated GC) [PSYoungGen: 131073K->61330K(175104K)] 521361K->470095K(699392K), 0.0182017 secs] [Times: user=0.17 sys=0.00, real=0.01 secs] 
2016-09-15T11:54:57.614-0400: 94.069: [GC (GCLocker Initiated GC) [PSYoungGen: 149394K->85858K(175104K)] 558235K->507124K(699392K), 0.0153129 secs] [Times: user=0.16 sys=0.00, real=0.02 secs] 
2016-09-15T11:54:57.742-0400: 94.197: [GC (GCLocker Initiated GC) [PSYoungGen: 173922K->49180K(175104K)] 595549K->526078K(699392K), 0.0219585 secs] [Times: user=0.20 sys=0.00, real=0.02 secs] 
2016-09-15T11:54:57.764-0400: 94.219: [Full GC (Ergonomics) [PSYoungGen: 49180K->0K(175104K)] [ParOldGen: 476897K->58472K(524288K)] 526078K->58472K(699392K), [Metaspace: 44337K->44337K(1087488K)], 0.0551815 secs] [Times: user=0.30 sys=0.01, real=0.06 secs] 
2016-09-15T11:54:57.913-0400: 94.369: [GC (GCLocker Initiated GC) [PSYoungGen: 88064K->86374K(175104K)] 146684K->151069K(699392K), 0.0124989 secs] [Times: user=0.15 sys=0.00, real=0.01 secs] 
2016-09-15T11:54:58.054-0400: 94.510: [GC (Allocation Failure) [PSYoungGen: 174437K->61394K(175104K)] 239487K->145685K(699392K), 0.0080124 secs] [Times: user=0.08 sys=0.00, real=0.01 secs] 
2016-09-15T11:54:58.190-0400: 94.645: [GC (GCLocker Initiated GC) [PSYoungGen: 147960K->55191K(175104K)] 238326K->145636K(699392K), 0.0105896 secs] [Times: user=0.08 sys=0.00, real=0.01 secs] 
2016-09-15T11:54:58.300-0400: 94.755: [GC (GCLocker Initiated GC) [PSYoungGen: 143255K->55127K(175104K)] 233893K->158166K(699392K), 0.0089535 secs] [Times: user=0.06 sys=0.00, real=0.01 secs] 
2016-09-15T11:54:58.436-0400: 94.892: [GC (GCLocker Initiated GC) [PSYoungGen: 143191K->55387K(175104K)] 252548K->183065K(699392K), 0.0180767 secs] [Times: user=0.20 sys=0.01, real=0.01 secs] 
2016-09-15T11:54:58.547-0400: 95.002: [GC (GCLocker Initiated GC) [PSYoungGen: 143451K->55191K(175104K)] 271177K->183192K(699392K), 0.0087494 secs] [Times: user=0.09 sys=0.00, real=0.02 secs] 
2016-09-15T11:54:58.648-0400: 95.104: [GC (GCLocker Initiated GC) [PSYoungGen: 143255K->86054K(175104K)] 271539K->232666K(699392K), 0.0166473 secs] [Times: user=0.21 sys=0.00, real=0.01 secs] 
2016-09-15T11:54:58.813-0400: 95.268: [GC (GCLocker Initiated GC) [PSYoungGen: 174118K->37421K(175104K)] 339048K->239421K(699392K), 0.0102973 secs] [Times: user=0.11 sys=0.00, real=0.01 secs] 
2016-09-15T11:54:58.981-0400: 95.437: [GC (Allocation Failure) [PSYoungGen: 125485K->743K(175104K)] 333579K->209112K(699392K), 0.0230351 secs] [Times: user=0.28 sys=0.00, real=0.02 secs] 
2016-09-15T11:54:59.082-0400: 95.537: [GC (GCLocker Initiated GC) [PSYoungGen: 88807K->85822K(175104K)] 297177K->318799K(699392K), 0.0099760 secs] [Times: user=0.12 sys=0.00, real=0.01 secs] 
2016-09-15T11:54:59.209-0400: 95.664: [GC (GCLocker Initiated GC) [PSYoungGen: 173886K->85694K(175104K)] 407000K->355526K(699392K), 0.0118976 secs] [Times: user=0.11 sys=0.01, real=0.01 secs] 
2016-09-15T11:54:59.357-0400: 95.812: [GC (GCLocker Initiated GC) [PSYoungGen: 173758K->85758K(175104K)] 443620K->416662K(699392K), 0.0147383 secs] [Times: user=0.20 sys=0.01, real=0.01 secs] 
2016-09-15T11:54:59.482-0400: 95.938: [GC (GCLocker Initiated GC) [PSYoungGen: 173822K->85790K(175104K)] 504751K->459552K(699392K), 0.0109621 secs] [Times: user=0.13 sys=0.00, real=0.01 secs] 
2016-09-15T11:54:59.607-0400: 96.062: [GC (GCLocker Initiated GC) [PSYoungGen: 173854K->73640K(175104K)] 547870K->502615K(699392K), 0.0106597 secs] [Times: user=0.14 sys=0.00, real=0.02 secs] 
2016-09-15T11:54:59.718-0400: 96.173: [GC (GCLocker Initiated GC) [PSYoungGen: 161704K->73608K(175104K)] 590940K->503087K(699392K), 0.0186543 secs] [Times: user=0.16 sys=0.00, real=0.02 secs] 
2016-09-15T11:54:59.878-0400: 96.333: [GC (GCLocker Initiated GC) [PSYoungGen: 161672K->79847K(175104K)] 591306K->558380K(699392K), 0.0195375 secs] [Times: user=0.25 sys=0.01, real=0.02 secs] 
2016-09-15T11:54:59.897-0400: 96.353: [Full GC (Ergonomics) [PSYoungGen: 79847K->0K(175104K)] [ParOldGen: 478533K->46314K(524288K)] 558380K->46314K(699392K), [Metaspace: 44341K->44341K(1087488K)], 0.0494230 secs] [Times: user=0.28 sys=0.00, real=0.04 secs] 
2016-09-15T11:55:00.054-0400: 96.509: [GC (GCLocker Initiated GC) [PSYoungGen: 88064K->86046K(175104K)] 134420K->168852K(699392K), 0.0105123 secs] [Times: user=0.13 sys=0.00, real=0.01 secs] 
2016-09-15T11:55:00.172-0400: 96.628: [GC (GCLocker Initiated GC) [PSYoungGen: 174110K->85954K(175104K)] 256958K->236207K(699392K), 0.0155400 secs] [Times: user=0.23 sys=0.00, real=0.02 secs] 
2016-09-15T11:55:00.302-0400: 96.757: [GC (Allocation Failure) [PSYoungGen: 174018K->55287K(175104K)] 324358K->254682K(699392K), 0.0180247 secs] [Times: user=0.20 sys=0.01, real=0.02 secs] 
2016-09-15T11:55:00.461-0400: 96.916: [GC (GCLocker Initiated GC) [PSYoungGen: 138873K->55419K(175104K)] 344343K->285457K(699392K), 0.0068873 secs] [Times: user=0.06 sys=0.00, real=0.01 secs] 
2016-09-15T11:55:00.595-0400: 97.050: [GC (GCLocker Initiated GC) [PSYoungGen: 143483K->55319K(175104K)] 380150K->310486K(699392K), 0.0337433 secs] [Times: user=0.39 sys=0.00, real=0.04 secs] 
2016-09-15T11:55:00.730-0400: 97.186: [GC (GCLocker Initiated GC) [PSYoungGen: 143383K->73512K(175104K)] 398855K->329104K(699392K), 0.0173006 secs] [Times: user=0.17 sys=0.00, real=0.02 secs] 
2016-09-15T11:55:00.883-0400: 97.339: [GC (GCLocker Initiated GC) [PSYoungGen: 161576K->67437K(175104K)] 423525K->347871K(699392K), 0.0107613 secs] [Times: user=0.10 sys=0.00, real=0.01 secs] 
2016-09-15T11:55:01.008-0400: 97.463: [GC (GCLocker Initiated GC) [PSYoungGen: 155501K->73708K(175104K)] 436156K->384857K(699392K), 0.0101884 secs] [Times: user=0.08 sys=0.00, real=0.01 secs] 
2016-09-15T11:55:01.147-0400: 97.602: [GC (GCLocker Initiated GC) [PSYoungGen: 161772K->73480K(175104K)] 473041K->403242K(699392K), 0.0306627 secs] [Times: user=0.32 sys=0.01, real=0.04 secs] 
2016-09-15T11:55:01.289-0400: 97.744: [GC (GCLocker Initiated GC) [PSYoungGen: 161544K->73672K(175104K)] 491443K->488781K(699392K), 0.0160289 secs] [Times: user=0.15 sys=0.00, real=0.01 secs] 
2016-09-15T11:55:01.415-0400: 97.870: [GC (GCLocker Initiated GC) [PSYoungGen: 161736K->85826K(175104K)] 576992K->507417K(699392K), 0.0117248 secs] [Times: user=0.08 sys=0.00, real=0.01 secs] 
2016-09-15T11:55:01.583-0400: 98.038: [GC (GCLocker Initiated GC) [PSYoungGen: 173890K->36738K(175104K)] 601760K->483256K(699392K), 0.0176231 secs] [Times: user=0.16 sys=0.00, real=0.02 secs] 
2016-09-15T11:55:01.601-0400: 98.056: [Full GC (Ergonomics) [PSYoungGen: 36738K->0K(175104K)] [ParOldGen: 446518K->40055K(524288K)] 483256K->40055K(699392K), [Metaspace: 44341K->44341K(1087488K)], 0.0491646 secs] [Times: user=0.32 sys=0.01, real=0.05 secs] 
2016-09-15T11:55:01.744-0400: 98.199: [GC (GCLocker Initiated GC) [PSYoungGen: 88064K->86242K(175104K)] 128424K->132677K(699392K), 0.0099261 secs] [Times: user=0.14 sys=0.00, real=0.01 secs] 
2016-09-15T11:55:01.870-0400: 98.325: [GC (Allocation Failure) [PSYoungGen: 174306K->61522K(175104K)] 227126K->133099K(699392K), 0.0088169 secs] [Times: user=0.10 sys=0.00, real=0.01 secs] 
2016-09-15T11:55:02.002-0400: 98.457: [GC (GCLocker Initiated GC) [PSYoungGen: 149508K->55611K(175104K)] 227160K->133538K(699392K), 0.0065693 secs] [Times: user=0.08 sys=0.01, real=0.01 secs] 
2016-09-15T11:55:02.107-0400: 98.562: [GC (GCLocker Initiated GC) [PSYoungGen: 143675K->55383K(175104K)] 227926K->158174K(699392K), 0.0075036 secs] [Times: user=0.10 sys=0.00, real=0.01 secs] 
2016-09-15T11:55:02.246-0400: 98.701: [GC (GCLocker Initiated GC) [PSYoungGen: 143447K->74164K(175104K)] 252545K->201795K(699392K), 0.0101273 secs] [Times: user=0.16 sys=0.00, real=0.02 secs] 
2016-09-15T11:55:02.393-0400: 98.849: [GC (Allocation Failure) [PSYoungGen: 162228K->37190K(175104K)] 302302K->195797K(699392K), 0.0149867 secs] [Times: user=0.18 sys=0.01, real=0.02 secs] 
2016-09-15T11:55:02.528-0400: 98.983: [GC (GCLocker Initiated GC) [PSYoungGen: 125254K->55351K(175104K)] 283866K->214271K(699392K), 0.0092843 secs] [Times: user=0.12 sys=0.00, real=0.01 secs] 
2016-09-15T11:55:02.675-0400: 99.131: [GC (Allocation Failure) [PSYoungGen: 143415K->79583K(175104K)] 302494K->238750K(699392K), 0.0069227 secs] [Times: user=0.08 sys=0.00, real=0.01 secs] 
2016-09-15T11:55:02.802-0400: 99.257: [GC (GCLocker Initiated GC) [PSYoungGen: 165573K->55415K(175104K)] 330815K->257234K(699392K), 0.0088134 secs] [Times: user=0.08 sys=0.00, real=0.01 secs] 
2016-09-15T11:55:02.920-0400: 99.375: [GC (GCLocker Initiated GC) [PSYoungGen: 143479K->85662K(175104K)] 345340K->299941K(699392K), 0.0180419 secs] [Times: user=0.18 sys=0.00, real=0.02 secs] 
2016-09-15T11:55:03.073-0400: 99.528: [GC (GCLocker Initiated GC) [PSYoungGen: 173726K->61526K(175104K)] 394211K->330738K(699392K), 0.0154314 secs] [Times: user=0.16 sys=0.01, real=0.02 secs] 
2016-09-15T11:55:03.207-0400: 99.663: [GC (GCLocker Initiated GC) [PSYoungGen: 149590K->55547K(175104K)] 431460K->362033K(699392K), 0.0103382 secs] [Times: user=0.12 sys=0.00, real=0.02 secs] 
2016-09-15T11:55:03.332-0400: 99.788: [GC (GCLocker Initiated GC) [PSYoungGen: 143611K->61330K(175104K)] 462401K->398620K(699392K), 0.0153428 secs] [Times: user=0.16 sys=0.00, real=0.02 secs] 
2016-09-15T11:55:03.452-0400: 99.907: [GC (GCLocker Initiated GC) [PSYoungGen: 149394K->49180K(175104K)] 486725K->435223K(699392K), 0.0204017 secs] [Times: user=0.22 sys=0.00, real=0.02 secs] 
2016-09-15T11:55:03.575-0400: 100.030: [GC (Allocation Failure) [PSYoungGen: 137244K->86022K(175104K)] 523430K->502874K(699392K), 0.0106640 secs] [Times: user=0.10 sys=0.00, real=0.01 secs] 
2016-09-15T11:55:03.685-0400: 100.141: [GC (GCLocker Initiated GC) [PSYoungGen: 169340K->55287K(175104K)] 592267K->515104K(699392K), 0.0102013 secs] [Times: user=0.08 sys=0.00, real=0.02 secs] 
2016-09-15T11:55:03.696-0400: 100.151: [Full GC (Ergonomics) [PSYoungGen: 55287K->0K(175104K)] [ParOldGen: 459817K->52709K(524288K)] 515104K->52709K(699392K), [Metaspace: 44342K->44342K(1087488K)], 0.0510509 secs] [Times: user=0.32 sys=0.01, real=0.04 secs] 
2016-09-15T11:55:03.850-0400: 100.305: [GC (GCLocker Initiated GC) [PSYoungGen: 88064K->86242K(175104K)] 140837K->157240K(699392K), 0.0246440 secs] [Times: user=0.35 sys=0.01, real=0.02 secs] 
2016-09-15T11:55:04.008-0400: 100.463: [GC (GCLocker Initiated GC) [PSYoungGen: 174306K->67469K(175104K)] 251511K->188244K(699392K), 0.0150086 secs] [Times: user=0.20 sys=0.00, real=0.01 secs] 
2016-09-15T11:55:04.119-0400: 100.574: [GC (GCLocker Initiated GC) [PSYoungGen: 155533K->85790K(175104K)] 276670K->231534K(699392K), 0.0097323 secs] [Times: user=0.11 sys=0.00, real=0.01 secs] 
2016-09-15T11:55:04.258-0400: 100.713: [GC (Allocation Failure) [PSYoungGen: 173854K->73476K(175104K)] 325749K->262113K(699392K), 0.0173309 secs] [Times: user=0.15 sys=0.01, real=0.01 secs] 
2016-09-15T11:55:04.275-0400: 100.731: [GC (GCLocker Initiated GC) [PSYoungGen: 73488K->32K(175104K)] 262125K->261743K(699392K), 0.0066965 secs] [Times: user=0.05 sys=0.00, real=0.01 secs] 
2016-09-15T11:55:04.403-0400: 100.858: [GC (GCLocker Initiated GC) [PSYoungGen: 88096K->86114K(175104K)] 349812K->372131K(699392K), 0.0179273 secs] [Times: user=0.18 sys=0.00, real=0.02 secs] 
2016-09-15T11:55:04.541-0400: 100.996: [GC (GCLocker Initiated GC) [PSYoungGen: 174178K->67145K(175104K)] 460265K->378203K(699392K), 0.0155481 secs] [Times: user=0.12 sys=0.01, real=0.02 secs] 
2016-09-15T11:55:04.676-0400: 101.132: [GC (GCLocker Initiated GC) [PSYoungGen: 155209K->61298K(175104K)] 472574K->421284K(699392K), 0.0302321 secs] [Times: user=0.29 sys=0.00, real=0.02 secs] 
2016-09-15T11:55:04.836-0400: 101.291: [GC (GCLocker Initiated GC) [PSYoungGen: 149362K->30859K(175104K)] 527810K->427792K(699392K), 0.0152960 secs] [Times: user=0.14 sys=0.00, real=0.01 secs] 
2016-09-15T11:55:04.991-0400: 101.446: [GC (GCLocker Initiated GC) [PSYoungGen: 118923K->49052K(175104K)] 521972K->452189K(699392K), 0.0227738 secs] [Times: user=0.20 sys=0.00, real=0.02 secs] 
2016-09-15T11:55:05.116-0400: 101.571: [GC (GCLocker Initiated GC) [PSYoungGen: 137116K->49148K(175104K)] 546696K->483131K(699392K), 0.0098430 secs] [Times: user=0.07 sys=0.00, real=0.01 secs] 
2016-09-15T11:55:05.257-0400: 101.712: [GC (GCLocker Initiated GC) [PSYoungGen: 137212K->85662K(175104K)] 571254K->532138K(699392K), 0.0215482 secs] [Times: user=0.24 sys=0.00, real=0.02 secs] 
2016-09-15T11:55:05.432-0400: 101.888: [GC (GCLocker Initiated GC) [PSYoungGen: 173726K->55287K(175104K)] 620407K->550844K(699392K), 0.0289589 secs] [Times: user=0.34 sys=0.00, real=0.03 secs] 
2016-09-15T11:55:05.461-0400: 101.917: [Full GC (Ergonomics) [PSYoungGen: 55287K->0K(175104K)] [ParOldGen: 495557K->46617K(524288K)] 550844K->46617K(699392K), [Metaspace: 44342K->44342K(1087488K)], 0.0522198 secs] [Times: user=0.24 sys=0.00, real=0.05 secs] 
2016-09-15T11:55:05.611-0400: 102.067: [GC (GCLocker Initiated GC) [PSYoungGen: 88064K->79747K(175104K)] 134751K->126435K(699392K), 0.0173226 secs] [Times: user=0.07 sys=0.01, real=0.02 secs] 
2016-09-15T11:55:05.717-0400: 102.172: [GC (GCLocker Initiated GC) [PSYoungGen: 167811K->61362K(175104K)] 220638K->181553K(699392K), 0.0212759 secs] [Times: user=0.22 sys=0.00, real=0.02 secs] 
2016-09-15T11:55:05.851-0400: 102.306: [GC (GCLocker Initiated GC) [PSYoungGen: 149424K->49084K(175104K)] 282121K->194174K(699392K), 0.0147499 secs] [Times: user=0.16 sys=0.00, real=0.01 secs] 
2016-09-15T11:55:06.006-0400: 102.462: [GC (Allocation Failure) [PSYoungGen: 137148K->37062K(175104K)] 294962K->225362K(699392K), 0.0096009 secs] [Times: user=0.07 sys=0.01, real=0.02 secs] 
2016-09-15T11:55:06.138-0400: 102.593: [GC (GCLocker Initiated GC) [PSYoungGen: 125126K->73576K(175104K)] 313432K->262149K(699392K), 0.0122576 secs] [Times: user=0.10 sys=0.00, real=0.01 secs] 
2016-09-15T11:55:06.287-0400: 102.742: [GC (GCLocker Initiated GC) [PSYoungGen: 161640K->55319K(175104K)] 356296K->286693K(699392K), 0.0166630 secs] [Times: user=0.18 sys=0.01, real=0.02 secs] 
2016-09-15T11:55:06.437-0400: 102.892: [GC (GCLocker Initiated GC) [PSYoungGen: 143383K->55351K(175104K)] 387257K->299500K(699392K), 0.0105754 secs] [Times: user=0.12 sys=0.00, real=0.01 secs] 
2016-09-15T11:55:06.556-0400: 103.011: [GC (GCLocker Initiated GC) [PSYoungGen: 143415K->73608K(175104K)] 387640K->317945K(699392K), 0.0146863 secs] [Times: user=0.18 sys=0.00, real=0.01 secs] 
2016-09-15T11:55:06.688-0400: 103.143: [GC (GCLocker Initiated GC) [PSYoungGen: 161672K->73804K(175104K)] 412193K->361107K(699392K), 0.0149788 secs] [Times: user=0.18 sys=0.00, real=0.01 secs] 
2016-09-15T11:55:06.831-0400: 103.287: [GC (GCLocker Initiated GC) [PSYoungGen: 161868K->73836K(175104K)] 449186K->379990K(699392K), 0.0152895 secs] [Times: user=0.20 sys=0.00, real=0.01 secs] 
2016-09-15T11:55:06.958-0400: 103.414: [GC (GCLocker Initiated GC) [PSYoungGen: 161900K->85790K(175104K)] 468230K->416883K(699392K), 0.0267684 secs] [Times: user=0.35 sys=0.00, real=0.02 secs] 
2016-09-15T11:55:07.091-0400: 103.546: [GC (GCLocker Initiated GC) [PSYoungGen: 173854K->73672K(175104K)] 505196K->441592K(699392K), 0.0096148 secs] [Times: user=0.10 sys=0.01, real=0.01 secs] 
2016-09-15T11:55:07.225-0400: 103.681: [GC (GCLocker Initiated GC) [PSYoungGen: 161736K->85726K(175104K)] 529771K->472294K(699392K), 0.0090794 secs] [Times: user=0.12 sys=0.00, real=0.01 secs] 
2016-09-15T11:55:07.386-0400: 103.842: [GC (GCLocker Initiated GC) [PSYoungGen: 173790K->79683K(175104K)] 560410K->503085K(699392K), 0.0113143 secs] [Times: user=0.15 sys=0.00, real=0.02 secs] 
2016-09-15T11:55:07.491-0400: 103.946: [GC (GCLocker Initiated GC) [PSYoungGen: 167747K->79619K(175104K)] 591515K->546172K(699392K), 0.0217346 secs] [Times: user=0.21 sys=0.00, real=0.02 secs] 
2016-09-15T11:55:07.513-0400: 103.968: [Full GC (Ergonomics) [PSYoungGen: 79619K->0K(175104K)] [ParOldGen: 466552K->59053K(524288K)] 546172K->59053K(699392K), [Metaspace: 44349K->44349K(1087488K)], 0.0581359 secs] [Times: user=0.36 sys=0.01, real=0.06 secs] 
2016-09-15T11:55:07.692-0400: 104.147: [GC (GCLocker Initiated GC) [PSYoungGen: 88064K->80139K(175104K)] 147484K->139559K(699392K), 0.0091782 secs] [Times: user=0.07 sys=0.01, real=0.01 secs] 
2016-09-15T11:55:07.811-0400: 104.266: [GC (GCLocker Initiated GC) [PSYoungGen: 168203K->85790K(175104K)] 234003K->182700K(699392K), 0.0106911 secs] [Times: user=0.14 sys=0.00, real=0.01 secs] 
2016-09-15T11:55:07.935-0400: 104.390: [GC (GCLocker Initiated GC) [PSYoungGen: 173854K->74000K(175104K)] 270795K->231835K(699392K), 0.0115174 secs] [Times: user=0.16 sys=0.00, real=0.01 secs] 
2016-09-15T11:55:08.058-0400: 104.513: [GC (GCLocker Initiated GC) [PSYoungGen: 162064K->73804K(175104K)] 326330K->299128K(699392K), 0.0116437 secs] [Times: user=0.14 sys=0.00, real=0.01 secs] 
2016-09-15T11:55:08.205-0400: 104.660: [GC (GCLocker Initiated GC) [PSYoungGen: 161868K->49148K(175104K)] 399456K->299161K(699392K), 0.0146676 secs] [Times: user=0.16 sys=0.00, real=0.02 secs] 
2016-09-15T11:55:08.337-0400: 104.793: [GC (GCLocker Initiated GC) [PSYoungGen: 137212K->67633K(175104K)] 393650K->360657K(699392K), 0.0100490 secs] [Times: user=0.12 sys=0.00, real=0.00 secs] 
2016-09-15T11:55:08.478-0400: 104.934: [GC (GCLocker Initiated GC) [PSYoungGen: 155697K->54995K(175104K)] 455046K->366909K(699392K), 0.0149110 secs] [Times: user=0.13 sys=0.02, real=0.01 secs] 
2016-09-15T11:55:08.608-0400: 105.063: [GC (GCLocker Initiated GC) [PSYoungGen: 143059K->85890K(175104K)] 455177K->410286K(699392K), 0.0314206 secs] [Times: user=0.35 sys=0.00, real=0.04 secs] 
2016-09-15T11:55:08.768-0400: 105.224: [GC (Allocation Failure) [PSYoungGen: 173954K->36870K(175104K)] 504540K->416347K(699392K), 0.0165731 secs] [Times: user=0.17 sys=0.00, real=0.01 secs] 
2016-09-15T11:55:08.886-0400: 105.342: [GC (GCLocker Initiated GC) [PSYoungGen: 119058K->55059K(175104K)] 504611K->465171K(699392K), 0.0086000 secs] [Times: user=0.06 sys=0.00, real=0.01 secs] 
2016-09-15T11:55:09.027-0400: 105.483: [GC (GCLocker Initiated GC) [PSYoungGen: 143123K->67697K(175104K)] 553545K->496471K(699392K), 0.0105784 secs] [Times: user=0.12 sys=0.00, real=0.02 secs] 
2016-09-15T11:55:09.142-0400: 105.597: [GC (GCLocker Initiated GC) [PSYoungGen: 155761K->55415K(175104K)] 585105K->521541K(699392K), 0.0139174 secs] [Times: user=0.19 sys=0.00, real=0.02 secs] 
2016-09-15T11:55:09.156-0400: 105.611: [Full GC (Ergonomics) [PSYoungGen: 55415K->0K(175104K)] [ParOldGen: 466125K->47403K(524288K)] 521541K->47403K(699392K), [Metaspace: 44349K->44349K(1087488K)], 0.0555246 secs] [Times: user=0.36 sys=0.01, real=0.05 secs] 
2016-09-15T11:55:09.312-0400: 105.767: [GC (GCLocker Initiated GC) [PSYoungGen: 88064K->85790K(175104K)] 141740K->145542K(699392K), 0.0111224 secs] [Times: user=0.15 sys=0.00, real=0.01 secs] 
2016-09-15T11:55:09.460-0400: 105.915: [GC (Allocation Failure) [PSYoungGen: 173854K->61358K(175104K)] 239963K->182442K(699392K), 0.0270079 secs] [Times: user=0.35 sys=0.00, real=0.02 secs] 
2016-09-15T11:55:09.602-0400: 106.058: [GC (GCLocker Initiated GC) [PSYoungGen: 144959K->73808K(175104K)] 272118K->201078K(699392K), 0.0100143 secs] [Times: user=0.09 sys=0.00, real=0.01 secs] 
2016-09-15T11:55:09.719-0400: 106.175: [GC (GCLocker Initiated GC) [PSYoungGen: 161872K->79715K(175104K)] 289307K->243907K(699392K), 0.0115048 secs] [Times: user=0.17 sys=0.01, real=0.01 secs] 
2016-09-15T11:55:09.847-0400: 106.302: [GC (GCLocker Initiated GC) [PSYoungGen: 167779K->73868K(175104K)] 338402K->287159K(699392K), 0.0116319 secs] [Times: user=0.17 sys=0.00, real=0.02 secs] 
2016-09-15T11:55:10.014-0400: 106.469: [GC (Allocation Failure) [PSYoungGen: 161932K->61230K(175104K)] 375579K->293401K(699392K), 0.0093764 secs] [Times: user=0.11 sys=0.00, real=0.01 secs] 
2016-09-15T11:55:10.128-0400: 106.583: [GC (GCLocker Initiated GC) [PSYoungGen: 149294K->67241K(175104K)] 381465K->299523K(699392K), 0.0192494 secs] [Times: user=0.12 sys=0.00, real=0.01 secs] 
2016-09-15T11:55:10.276-0400: 106.732: [GC (GCLocker Initiated GC) [PSYoungGen: 155305K->55223K(175104K)] 393721K->330185K(699392K), 0.0106260 secs] [Times: user=0.08 sys=0.00, real=0.00 secs] 
2016-09-15T11:55:10.411-0400: 106.866: [GC (GCLocker Initiated GC) [PSYoungGen: 143287K->48952K(175104K)] 418292K->354623K(699392K), 0.0188398 secs] [Times: user=0.18 sys=0.00, real=0.02 secs] 
2016-09-15T11:55:10.515-0400: 106.971: [GC (GCLocker Initiated GC) [PSYoungGen: 137016K->86050K(175104K)] 442791K->446659K(699392K), 0.0145952 secs] [Times: user=0.20 sys=0.00, real=0.02 secs] 
2016-09-15T11:55:10.654-0400: 107.109: [GC (GCLocker Initiated GC) [PSYoungGen: 174114K->55906K(175104K)] 541020K->514261K(699392K), 0.0123933 secs] [Times: user=0.18 sys=0.00, real=0.01 secs] 
2016-09-15T11:55:10.666-0400: 107.121: [Full GC (Ergonomics) [PSYoungGen: 55906K->0K(175104K)] [ParOldGen: 458354K->47455K(524288K)] 514261K->47455K(699392K), [Metaspace: 44350K->44350K(1087488K)], 0.0540491 secs] [Times: user=0.39 sys=0.02, real=0.06 secs] 
2016-09-15T11:55:10.832-0400: 107.287: [GC (GCLocker Initiated GC) [PSYoungGen: 88064K->86046K(175104K)] 141922K->164204K(699392K), 0.0113384 secs] [Times: user=0.16 sys=0.01, real=0.01 secs] 
2016-09-15T11:55:10.967-0400: 107.422: [GC (GCLocker Initiated GC) [PSYoungGen: 174110K->55547K(175104K)] 258390K->195081K(699392K), 0.0122484 secs] [Times: user=0.18 sys=0.00, real=0.02 secs] 
2016-09-15T11:55:11.093-0400: 107.548: [GC (GCLocker Initiated GC) [PSYoungGen: 143611K->79683K(175104K)] 283260K->238005K(699392K), 0.0119726 secs] [Times: user=0.18 sys=0.00, real=0.01 secs] 
2016-09-15T11:55:11.239-0400: 107.694: [GC (GCLocker Initiated GC) [PSYoungGen: 167747K->85822K(175104K)] 326166K->299052K(699392K), 0.0129204 secs] [Times: user=0.19 sys=0.00, real=0.01 secs] 
2016-09-15T11:55:11.359-0400: 107.815: [GC (GCLocker Initiated GC) [PSYoungGen: 173886K->73576K(175104K)] 387370K->323842K(699392K), 0.0116988 secs] [Times: user=0.16 sys=0.00, real=0.01 secs] 
2016-09-15T11:55:11.506-0400: 107.962: [GC (Allocation Failure) [PSYoungGen: 161640K->37517K(175104K)] 424277K->318671K(699392K), 0.0066942 secs] [Times: user=0.10 sys=0.00, real=0.01 secs] 
2016-09-15T11:55:11.644-0400: 108.099: [GC (GCLocker Initiated GC) [PSYoungGen: 123333K->55091K(175104K)] 410561K->342571K(699392K), 0.0234161 secs] [Times: user=0.21 sys=0.00, real=0.02 secs] 
2016-09-15T11:55:11.806-0400: 108.262: [GC (GCLocker Initiated GC) [PSYoungGen: 143155K->73608K(175104K)] 436717K->385531K(699392K), 0.0077396 secs] [Times: user=0.08 sys=0.00, real=0.01 secs] 
2016-09-15T11:55:11.922-0400: 108.377: [GC (GCLocker Initiated GC) [PSYoungGen: 161672K->61266K(175104K)] 473858K->373735K(699392K), 0.0215010 secs] [Times: user=0.25 sys=0.00, real=0.02 secs] 
2016-09-15T11:55:12.069-0400: 108.524: [GC (GCLocker Initiated GC) [PSYoungGen: 149330K->61426K(175104K)] 462405K->429436K(699392K), 0.0108570 secs] [Times: user=0.11 sys=0.00, real=0.01 secs] 
2016-09-15T11:55:12.205-0400: 108.661: [GC (GCLocker Initiated GC) [PSYoungGen: 149490K->61362K(175104K)] 523902K->454103K(699392K), 0.0095404 secs] [Times: user=0.09 sys=0.00, real=0.01 secs] 
2016-09-15T11:55:12.339-0400: 108.795: [GC (Allocation Failure) [PSYoungGen: 149426K->73348K(175104K)] 542315K->484597K(699392K), 0.0197000 secs] [Times: user=0.18 sys=0.00, real=0.02 secs] 
2016-09-15T11:55:12.460-0400: 108.915: [GC (GCLocker Initiated GC) [PSYoungGen: 161412K->85662K(175104K)] 572662K->527406K(699392K), 0.0112308 secs] [Times: user=0.12 sys=0.00, real=0.01 secs] 
2016-09-15T11:55:12.628-0400: 109.084: [Full GC (Ergonomics) [PSYoungGen: 173726K->0K(175104K)] [ParOldGen: 460302K->52295K(524288K)] 634028K->52295K(699392K), [Metaspace: 44363K->44363K(1087488K)], 0.0603330 secs] [Times: user=0.40 sys=0.00, real=0.06 secs] 
2016-09-15T11:55:12.809-0400: 109.264: [GC (GCLocker Initiated GC) [PSYoungGen: 88064K->85986K(175104K)] 140485K->187007K(699392K), 0.0115564 secs] [Times: user=0.17 sys=0.00, real=0.01 secs] 
2016-09-15T11:55:12.948-0400: 109.404: [GC (Allocation Failure) [PSYoungGen: 174050K->49308K(175104K)] 281384K->175339K(699392K), 0.0141559 secs] [Times: user=0.18 sys=0.00, real=0.01 secs] 
2016-09-15T11:55:13.082-0400: 109.538: [GC (GCLocker Initiated GC) [PSYoungGen: 137372K->86050K(175104K)] 263409K->248836K(699392K), 0.0111119 secs] [Times: user=0.17 sys=0.00, real=0.01 secs] 
2016-09-15T11:55:13.222-0400: 109.678: [GC (GCLocker Initiated GC) [PSYoungGen: 174114K->73868K(175104K)] 337233K->273933K(699392K), 0.0121674 secs] [Times: user=0.19 sys=0.01, real=0.01 secs] 
2016-09-15T11:55:13.358-0400: 109.814: [GC (GCLocker Initiated GC) [PSYoungGen: 161929K->55547K(175104K)] 368424K->262154K(699392K), 0.0066140 secs] [Times: user=0.08 sys=0.00, real=0.00 secs] 
2016-09-15T11:55:13.500-0400: 109.955: [GC (GCLocker Initiated GC) [PSYoungGen: 143611K->37094K(175104K)] 356423K->268571K(699392K), 0.0136255 secs] [Times: user=0.13 sys=0.01, real=0.01 secs] 
2016-09-15T11:55:13.637-0400: 110.093: [GC (GCLocker Initiated GC) [PSYoungGen: 125158K->85822K(175104K)] 356717K->335741K(699392K), 0.0101550 secs] [Times: user=0.12 sys=0.01, real=0.01 secs] 
2016-09-15T11:55:13.751-0400: 110.207: [GC (GCLocker Initiated GC) [PSYoungGen: 173886K->43201K(175104K)] 430017K->317864K(699392K), 0.0100354 secs] [Times: user=0.09 sys=0.00, real=0.01 secs] 
2016-09-15T11:55:13.885-0400: 110.340: [GC (GCLocker Initiated GC) [PSYoungGen: 131265K->55383K(175104K)] 412019K->360737K(699392K), 0.0077501 secs] [Times: user=0.10 sys=0.01, real=0.01 secs] 
2016-09-15T11:55:14.022-0400: 110.478: [GC (GCLocker Initiated GC) [PSYoungGen: 143447K->85594K(175104K)] 448820K->415411K(699392K), 0.0101486 secs] [Times: user=0.15 sys=0.01, real=0.01 secs] 
2016-09-15T11:55:14.141-0400: 110.596: [GC (GCLocker Initiated GC) [PSYoungGen: 173658K->61590K(175104K)] 509709K->434226K(699392K), 0.0111161 secs] [Times: user=0.14 sys=0.01, real=0.01 secs] 
2016-09-15T11:55:14.302-0400: 110.757: [GC (GCLocker Initiated GC) [PSYoungGen: 149654K->18741K(175104K)] 540770K->452665K(699392K), 0.0144792 secs] [Times: user=0.16 sys=0.00, real=0.02 secs] 
2016-09-15T11:55:14.456-0400: 110.911: [GC (GCLocker Initiated GC) [PSYoungGen: 106805K->49052K(175104K)] 541029K->483503K(699392K), 0.0298049 secs] [Times: user=0.28 sys=0.00, real=0.02 secs] 
2016-09-15T11:55:14.628-0400: 111.084: [GC (Allocation Failure) [PSYoungGen: 137116K->67309K(175104K)] 571671K->501975K(699392K), 0.0176626 secs] [Times: user=0.17 sys=0.00, real=0.01 secs] 
2016-09-15T11:55:14.747-0400: 111.202: [GC (GCLocker Initiated GC) [PSYoungGen: 155373K->48920K(175104K)] 590045K->508159K(699392K), 0.0154968 secs] [Times: user=0.14 sys=0.00, real=0.02 secs] 
2016-09-15T11:55:14.866-0400: 111.322: [GC (GCLocker Initiated GC) [PSYoungGen: 136984K->85890K(175104K)] 596332K->569650K(699392K), 0.0305453 secs] [Times: user=0.37 sys=0.00, real=0.04 secs] 
2016-09-15T11:55:14.897-0400: 111.352: [Full GC (Ergonomics) [PSYoungGen: 85890K->0K(175104K)] [ParOldGen: 483760K->52553K(524288K)] 569650K->52553K(699392K), [Metaspace: 44368K->44368K(1087488K)], 0.0528084 secs] [Times: user=0.27 sys=0.00, real=0.05 secs] 
2016-09-15T11:55:15.061-0400: 111.517: [GC (GCLocker Initiated GC) [PSYoungGen: 88064K->74519K(175104K)] 159064K->145520K(699392K), 0.0136845 secs] [Times: user=0.16 sys=0.00, real=0.01 secs] 
2016-09-15T11:55:15.208-0400: 111.664: [GC (GCLocker Initiated GC) [PSYoungGen: 162583K->55191K(175104K)] 239756K->157350K(699392K), 0.0160565 secs] [Times: user=0.17 sys=0.01, real=0.01 secs] 
2016-09-15T11:55:15.321-0400: 111.777: [GC (GCLocker Initiated GC) [PSYoungGen: 143255K->73772K(175104K)] 245478K->176287K(699392K), 0.0070546 secs] [Times: user=0.08 sys=0.00, real=0.01 secs] 
2016-09-15T11:55:15.442-0400: 111.897: [GC (GCLocker Initiated GC) [PSYoungGen: 161836K->67597K(175104K)] 264712K->207394K(699392K), 0.0151785 secs] [Times: user=0.13 sys=0.01, real=0.02 secs] 
2016-09-15T11:55:15.560-0400: 112.015: [GC (GCLocker Initiated GC) [PSYoungGen: 155661K->85762K(175104K)] 301687K->232047K(699392K), 0.0102598 secs] [Times: user=0.08 sys=0.00, real=0.01 secs] 
2016-09-15T11:55:15.686-0400: 112.141: [GC (GCLocker Initiated GC) [PSYoungGen: 173826K->73704K(175104K)] 332460K->305562K(699392K), 0.0124647 secs] [Times: user=0.17 sys=0.00, real=0.02 secs] 
2016-09-15T11:55:15.825-0400: 112.280: [GC (GCLocker Initiated GC) [PSYoungGen: 161768K->49148K(175104K)] 399760K->323849K(699392K), 0.0177519 secs] [Times: user=0.18 sys=0.00, real=0.02 secs] 
2016-09-15T11:55:15.933-0400: 112.388: [GC (GCLocker Initiated GC) [PSYoungGen: 137212K->61198K(175104K)] 412129K->366765K(699392K), 0.0131460 secs] [Times: user=0.14 sys=0.00, real=0.01 secs] 
2016-09-15T11:55:16.075-0400: 112.530: [GC (GCLocker Initiated GC) [PSYoungGen: 149262K->67565K(175104K)] 454872K->409768K(699392K), 0.0206439 secs] [Times: user=0.21 sys=0.00, real=0.02 secs] 
2016-09-15T11:55:16.206-0400: 112.661: [GC (GCLocker Initiated GC) [PSYoungGen: 155629K->85806K(175104K)] 503982K->483239K(699392K), 0.0123537 secs] [Times: user=0.16 sys=0.01, real=0.02 secs] 
2016-09-15T11:55:16.327-0400: 112.782: [GC (GCLocker Initiated GC) [PSYoungGen: 173870K->85726K(175104K)] 571367K->526072K(699392K), 0.0107440 secs] [Times: user=0.11 sys=0.00, real=0.02 secs] 
2016-09-15T11:55:16.457-0400: 112.912: [GC (GCLocker Initiated GC) [PSYoungGen: 173790K->61262K(175104K)] 614429K->562959K(699392K), 0.0194725 secs] [Times: user=0.22 sys=0.00, real=0.02 secs] 
2016-09-15T11:55:16.476-0400: 112.932: [Full GC (Ergonomics) [PSYoungGen: 61262K->0K(175104K)] [ParOldGen: 501697K->46628K(524288K)] 562959K->46628K(699392K), [Metaspace: 44368K->44368K(1087488K)], 0.0489456 secs] [Times: user=0.25 sys=0.02, real=0.04 secs] 
2016-09-15T11:55:16.648-0400: 113.104: [GC (GCLocker Initiated GC) [PSYoungGen: 88064K->86114K(175104K)] 146884K->157084K(699392K), 0.0100853 secs] [Times: user=0.11 sys=0.00, real=0.01 secs] 
2016-09-15T11:55:16.811-0400: 113.266: [GC (GCLocker Initiated GC) [PSYoungGen: 174178K->18933K(175104K)] 263378K->187835K(699392K), 0.0094336 secs] [Times: user=0.11 sys=0.00, real=0.01 secs] 
2016-09-15T11:55:16.933-0400: 113.388: [GC (GCLocker Initiated GC) [PSYoungGen: 106997K->55155K(175104K)] 282442K->230703K(699392K), 0.0128979 secs] [Times: user=0.15 sys=0.00, real=0.01 secs] 
2016-09-15T11:55:17.061-0400: 113.517: [GC (GCLocker Initiated GC) [PSYoungGen: 143219K->85954K(175104K)] 330965K->304227K(699392K), 0.0252998 secs] [Times: user=0.36 sys=0.00, real=0.02 secs] 
2016-09-15T11:55:17.204-0400: 113.660: [GC (GCLocker Initiated GC) [PSYoungGen: 174018K->49504K(175104K)] 410569K->347300K(699392K), 0.0092547 secs] [Times: user=0.13 sys=0.00, real=0.01 secs] 
2016-09-15T11:55:17.299-0400: 113.754: [GC (GCLocker Initiated GC) [PSYoungGen: 137568K->61458K(175104K)] 441509K->408216K(699392K), 0.0099599 secs] [Times: user=0.11 sys=0.00, real=0.01 secs] 
2016-09-15T11:55:17.423-0400: 113.879: [GC (GCLocker Initiated GC) [PSYoungGen: 149522K->79879K(175104K)] 502710K->451616K(699392K), 0.0280394 secs] [Times: user=0.38 sys=0.00, real=0.03 secs] 
2016-09-15T11:55:17.555-0400: 114.011: [GC (GCLocker Initiated GC) [PSYoungGen: 167943K->73448K(175104K)] 539984K->445757K(699392K), 0.0168367 secs] [Times: user=0.17 sys=0.00, real=0.02 secs] 
2016-09-15T11:55:17.678-0400: 114.134: [GC (GCLocker Initiated GC) [PSYoungGen: 161512K->86018K(175104K)] 533852K->519407K(699392K), 0.0319960 secs] [Times: user=0.46 sys=0.00, real=0.03 secs] 
2016-09-15T11:55:17.710-0400: 114.166: [Full GC (Ergonomics) [PSYoungGen: 86018K->0K(175104K)] [ParOldGen: 433389K->52428K(524288K)] 519407K->52428K(699392K), [Metaspace: 44368K->44368K(1087488K)], 0.0509839 secs] [Times: user=0.36 sys=0.00, real=0.05 secs] 
2016-09-15T11:55:17.862-0400: 114.317: [GC (Allocation Failure) [PSYoungGen: 88064K->86078K(175104K)] 140764K->169153K(699392K), 0.0099771 secs] [Times: user=0.14 sys=0.00, real=0.01 secs] 
2016-09-15T11:55:17.976-0400: 114.432: [GC (GCLocker Initiated GC) [PSYoungGen: 174142K->67533K(175104K)] 257223K->212067K(699392K), 0.0112466 secs] [Times: user=0.14 sys=0.00, real=0.00 secs] 
2016-09-15T11:55:18.103-0400: 114.559: [GC (GCLocker Initiated GC) [PSYoungGen: 155597K->85594K(175104K)] 300179K->266925K(699392K), 0.0258802 secs] [Times: user=0.35 sys=0.00, real=0.03 secs] 
2016-09-15T11:55:18.232-0400: 114.687: [GC (GCLocker Initiated GC) [PSYoungGen: 173658K->79943K(175104K)] 355350K->298237K(699392K), 0.0108607 secs] [Times: user=0.12 sys=0.00, real=0.01 secs] 
2016-09-15T11:55:18.358-0400: 114.814: [GC (GCLocker Initiated GC) [PSYoungGen: 168007K->67533K(175104K)] 392412K->328696K(699392K), 0.0138853 secs] [Times: user=0.18 sys=0.00, real=0.01 secs] 
2016-09-15T11:55:18.472-0400: 114.927: [GC (GCLocker Initiated GC) [PSYoungGen: 155597K->85922K(175104K)] 417115K->371876K(699392K), 0.0219290 secs] [Times: user=0.28 sys=0.00, real=0.02 secs] 
2016-09-15T11:55:18.632-0400: 115.087: [GC (GCLocker Initiated GC) [PSYoungGen: 173986K->36934K(175104K)] 466180K->365985K(699392K), 0.0095542 secs] [Times: user=0.07 sys=0.00, real=0.01 secs] 
2016-09-15T11:55:18.744-0400: 115.200: [GC (GCLocker Initiated GC) [PSYoungGen: 124998K->73640K(175104K)] 454170K->427271K(699392K), 0.0231278 secs] [Times: user=0.23 sys=0.00, real=0.02 secs] 
2016-09-15T11:55:18.863-0400: 115.318: [GC (GCLocker Initiated GC) [PSYoungGen: 161704K->85922K(175104K)] 515523K->500783K(699392K), 0.0110982 secs] [Times: user=0.12 sys=0.01, real=0.01 secs] 
2016-09-15T11:55:18.985-0400: 115.440: [GC (GCLocker Initiated GC) [PSYoungGen: 173986K->55483K(175104K)] 588961K->501117K(699392K), 0.0338393 secs] [Times: user=0.38 sys=0.01, real=0.04 secs] 
2016-09-15T11:55:19.141-0400: 115.596: [GC (GCLocker Initiated GC) [PSYoungGen: 143547K->49180K(175104K)] 589436K->543952K(699392K), 0.0223707 secs] [Times: user=0.27 sys=0.00, real=0.02 secs] 
2016-09-15T11:55:19.164-0400: 115.619: [Full GC (Ergonomics) [PSYoungGen: 49180K->0K(175104K)] [ParOldGen: 494772K->52798K(524288K)] 543952K->52798K(699392K), [Metaspace: 44370K->44370K(1087488K)], 0.0504865 secs] [Times: user=0.28 sys=0.02, real=0.05 secs] 
2016-09-15T11:55:19.330-0400: 115.785: [GC (GCLocker Initiated GC) [PSYoungGen: 88064K->86242K(175104K)] 140965K->145218K(699392K), 0.0087856 secs] [Times: user=0.10 sys=0.00, real=0.01 secs] 
2016-09-15T11:55:19.449-0400: 115.904: [GC (GCLocker Initiated GC) [PSYoungGen: 174306K->79583K(175104K)] 233318K->181684K(699392K), 0.0119213 secs] [Times: user=0.13 sys=0.00, real=0.01 secs] 
2016-09-15T11:55:19.576-0400: 116.031: [GC (GCLocker Initiated GC) [PSYoungGen: 167647K->61490K(175104K)] 275949K->230678K(699392K), 0.0102566 secs] [Times: user=0.11 sys=0.00, real=0.00 secs] 
2016-09-15T11:55:19.690-0400: 116.145: [GC (GCLocker Initiated GC) [PSYoungGen: 149554K->73772K(175104K)] 318979K->292113K(699392K), 0.0109024 secs] [Times: user=0.15 sys=0.00, real=0.01 secs] 
2016-09-15T11:55:19.817-0400: 116.273: [GC (GCLocker Initiated GC) [PSYoungGen: 161836K->85790K(175104K)] 386518K->335072K(699392K), 0.0109723 secs] [Times: user=0.15 sys=0.00, real=0.01 secs] 
2016-09-15T11:55:19.933-0400: 116.388: [GC (Allocation Failure) [PSYoungGen: 173854K->79879K(175104K)] 423491K->353944K(699392K), 0.0107534 secs] [Times: user=0.14 sys=0.00, real=0.01 secs] 
2016-09-15T11:55:20.061-0400: 116.516: [GC (GCLocker Initiated GC) [PSYoungGen: 167943K->73672K(175104K)] 442014K->402701K(699392K), 0.0102284 secs] [Times: user=0.13 sys=0.00, real=0.01 secs] 
2016-09-15T11:55:20.209-0400: 116.664: [GC (GCLocker Initiated GC) [PSYoungGen: 161736K->55483K(175104K)] 503064K->396906K(699392K), 0.0141260 secs] [Times: user=0.13 sys=0.01, real=0.01 secs] 
2016-09-15T11:55:20.328-0400: 116.783: [GC (GCLocker Initiated GC) [PSYoungGen: 143547K->61166K(175104K)] 485035K->427401K(699392K), 0.0223864 secs] [Times: user=0.23 sys=0.00, real=0.02 secs] 
2016-09-15T11:55:20.503-0400: 116.959: [GC (GCLocker Initiated GC) [PSYoungGen: 149230K->37062K(175104K)] 533995K->494846K(699392K), 0.0112566 secs] [Times: user=0.10 sys=0.00, real=0.01 secs] 
2016-09-15T11:55:20.515-0400: 116.970: [Full GC (Ergonomics) [PSYoungGen: 37062K->0K(175104K)] [ParOldGen: 457784K->52858K(524288K)] 494846K->52858K(699392K), [Metaspace: 44370K->44370K(1087488K)], 0.0523178 secs] [Times: user=0.28 sys=0.01, real=0.05 secs] 
2016-09-15T11:55:20.681-0400: 117.136: [GC (GCLocker Initiated GC) [PSYoungGen: 88064K->85598K(175104K)] 141031K->144640K(699392K), 0.0131684 secs] [Times: user=0.07 sys=0.00, real=0.01 secs] 
2016-09-15T11:55:20.809-0400: 117.264: [GC (GCLocker Initiated GC) [PSYoungGen: 173662K->79879K(175104K)] 232897K->188194K(699392K), 0.0125271 secs] [Times: user=0.19 sys=0.00, real=0.01 secs] 
2016-09-15T11:55:20.913-0400: 117.368: [GC (GCLocker Initiated GC) [PSYoungGen: 167943K->67629K(175104K)] 276574K->225184K(699392K), 0.0111111 secs] [Times: user=0.15 sys=0.01, real=0.01 secs] 
2016-09-15T11:55:21.029-0400: 117.484: [GC (GCLocker Initiated GC) [PSYoungGen: 155693K->79651K(175104K)] 313296K->273824K(699392K), 0.0118992 secs] [Times: user=0.12 sys=0.00, real=0.01 secs] 
2016-09-15T11:55:21.144-0400: 117.599: [GC (GCLocker Initiated GC) [PSYoungGen: 167715K->55447K(175104K)] 361918K->341091K(699392K), 0.0237593 secs] [Times: user=0.29 sys=0.00, real=0.02 secs] 
2016-09-15T11:55:21.276-0400: 117.731: [GC (GCLocker Initiated GC) [PSYoungGen: 143511K->79847K(175104K)] 429162K->384031K(699392K), 0.0170053 secs] [Times: user=0.19 sys=0.00, real=0.01 secs] 
2016-09-15T11:55:21.412-0400: 117.867: [GC (GCLocker Initiated GC) [PSYoungGen: 167911K->55351K(175104K)] 484594K->390699K(699392K), 0.0090495 secs] [Times: user=0.10 sys=0.00, real=0.01 secs] 
2016-09-15T11:55:21.529-0400: 117.984: [GC (GCLocker Initiated GC) [PSYoungGen: 143415K->85986K(175104K)] 479124K->428077K(699392K), 0.0141622 secs] [Times: user=0.17 sys=0.00, real=0.01 secs] 
2016-09-15T11:55:21.685-0400: 118.141: [GC (Allocation Failure) [PSYoungGen: 174050K->67337K(175104K)] 516463K->446484K(699392K), 0.0171541 secs] [Times: user=0.19 sys=0.00, real=0.02 secs] 
2016-09-15T11:55:21.809-0400: 118.265: [GC (GCLocker Initiated GC) [PSYoungGen: 155401K->85726K(175104K)] 534553K->464990K(699392K), 0.0126971 secs] [Times: user=0.13 sys=0.00, real=0.01 secs] 
2016-09-15T11:55:21.952-0400: 118.408: [GC (GCLocker Initiated GC) [PSYoungGen: 173790K->55223K(175104K)] 559406K->459339K(699392K), 0.0169326 secs] [Times: user=0.18 sys=0.00, real=0.02 secs] 
2016-09-15T11:55:22.076-0400: 118.531: [GC (GCLocker Initiated GC) [PSYoungGen: 143287K->61686K(175104K)] 553509K->472183K(699392K), 0.0146114 secs] [Times: user=0.14 sys=0.01, real=0.01 secs] 
2016-09-15T11:55:22.242-0400: 118.697: [GC (GCLocker Initiated GC) [PSYoungGen: 149750K->30987K(175104K)] 578620K->527145K(699392K), 0.0283427 secs] [Times: user=0.27 sys=0.00, real=0.03 secs] 
2016-09-15T11:55:22.270-0400: 118.726: [Full GC (Ergonomics) [PSYoungGen: 30987K->0K(175104K)] [ParOldGen: 496158K->52912K(524288K)] 527145K->52912K(699392K), [Metaspace: 44375K->44375K(1087488K)], 0.0585128 secs] [Times: user=0.29 sys=0.01, real=0.06 secs] 
2016-09-15T11:55:22.440-0400: 118.895: [GC (GCLocker Initiated GC) [PSYoungGen: 88064K->85758K(175104K)] 141024K->156943K(699392K), 0.0217759 secs] [Times: user=0.27 sys=0.00, real=0.02 secs] 
2016-09-15T11:55:22.583-0400: 119.038: [GC (Allocation Failure) [PSYoungGen: 173822K->49212K(175104K)] 245312K->199977K(699392K), 0.0140386 secs] [Times: user=0.16 sys=0.00, real=0.02 secs] 
2016-09-15T11:55:22.703-0400: 119.158: [GC (GCLocker Initiated GC) [PSYoungGen: 137276K->61298K(175104K)] 288047K->236644K(699392K), 0.0091000 secs] [Times: user=0.07 sys=0.00, real=0.01 secs] 
2016-09-15T11:55:22.849-0400: 119.305: [GC (GCLocker Initiated GC) [PSYoungGen: 149362K->43201K(175104K)] 330987K->243334K(699392K), 0.0178446 secs] [Times: user=0.20 sys=0.01, real=0.01 secs] 
2016-09-15T11:55:22.992-0400: 119.447: [GC (Allocation Failure) [PSYoungGen: 131265K->85758K(175104K)] 331518K->298297K(699392K), 0.0094356 secs] [Times: user=0.10 sys=0.00, real=0.01 secs] 
2016-09-15T11:55:23.090-0400: 119.546: [GC (GCLocker Initiated GC) [PSYoungGen: 173822K->67629K(175104K)] 386362K->347301K(699392K), 0.0243102 secs] [Times: user=0.34 sys=0.00, real=0.02 secs] 
2016-09-15T11:55:23.266-0400: 119.721: [GC (GCLocker Initiated GC) [PSYoungGen: 155693K->31182K(175104K)] 453839K->347822K(699392K), 0.0065058 secs] [Times: user=0.04 sys=0.01, real=0.01 secs] 
2016-09-15T11:55:23.414-0400: 119.870: [GC (GCLocker Initiated GC) [PSYoungGen: 119246K->61394K(175104K)] 442187K->384625K(699392K), 0.0205797 secs] [Times: user=0.23 sys=0.00, real=0.02 secs] 
2016-09-15T11:55:23.544-0400: 119.999: [GC (Allocation Failure) [PSYoungGen: 149458K->67665K(175104K)] 472916K->415558K(699392K), 0.0215438 secs] [Times: user=0.22 sys=0.00, real=0.02 secs] 
2016-09-15T11:55:23.686-0400: 120.142: [GC (GCLocker Initiated GC) [PSYoungGen: 152112K->55319K(175104K)] 506081K->464254K(699392K), 0.0121299 secs] [Times: user=0.12 sys=0.00, real=0.02 secs] 
2016-09-15T11:55:23.828-0400: 120.283: [GC (GCLocker Initiated GC) [PSYoungGen: 143383K->61462K(175104K)] 558632K->495023K(699392K), 0.0211773 secs] [Times: user=0.19 sys=0.00, real=0.02 secs] 
2016-09-15T11:55:23.986-0400: 120.441: [GC (Allocation Failure) [PSYoungGen: 149526K->49052K(175104K)] 583140K->482925K(699392K), 0.0145789 secs] [Times: user=0.11 sys=0.00, real=0.02 secs] 
2016-09-15T11:55:24.105-0400: 120.561: [GC (GCLocker Initiated GC) [PSYoungGen: 137116K->61330K(175104K)] 570995K->531934K(699392K), 0.0261370 secs] [Times: user=0.27 sys=0.00, real=0.03 secs] 
2016-09-15T11:55:24.132-0400: 120.587: [Full GC (Ergonomics) [PSYoungGen: 61330K->0K(175104K)] [ParOldGen: 470604K->47075K(524288K)] 531934K->47075K(699392K), [Metaspace: 44375K->44375K(1087488K)], 0.0524020 secs] [Times: user=0.23 sys=0.02, real=0.05 secs] 
2016-09-15T11:55:24.308-0400: 120.763: [GC (GCLocker Initiated GC) [PSYoungGen: 88064K->74160K(175104K)] 147408K->133504K(699392K), 0.0130808 secs] [Times: user=0.16 sys=0.00, real=0.01 secs] 
2016-09-15T11:55:24.487-0400: 120.943: [GC (Allocation Failure) [PSYoungGen: 162224K->43073K(175104K)] 227870K->145856K(699392K), 0.0316877 secs] [Times: user=0.36 sys=0.00, real=0.04 secs] 
2016-09-15T11:55:24.635-0400: 121.091: [GC (GCLocker Initiated GC) [PSYoungGen: 131137K->67405K(175104K)] 233926K->188530K(699392K), 0.0183323 secs] [Times: user=0.15 sys=0.00, real=0.02 secs] 
2016-09-15T11:55:24.764-0400: 121.220: [GC (GCLocker Initiated GC) [PSYoungGen: 155469K->73576K(175104K)] 276815K->213455K(699392K), 0.0099607 secs] [Times: user=0.12 sys=0.00, real=0.01 secs] 
2016-09-15T11:55:24.910-0400: 121.366: [GC (GCLocker Initiated GC) [PSYoungGen: 161640K->36930K(175104K)] 314019K->207785K(699392K), 0.0075710 secs] [Times: user=0.05 sys=0.00, real=0.01 secs] 
2016-09-15T11:55:25.048-0400: 121.504: [GC (GCLocker Initiated GC) [PSYoungGen: 124994K->37290K(175104K)] 308248K->220664K(699392K), 0.0174353 secs] [Times: user=0.19 sys=0.01, real=0.01 secs] 
2016-09-15T11:55:25.189-0400: 121.645: [GC (GCLocker Initiated GC) [PSYoungGen: 125354K->73612K(175104K)] 308770K->257467K(699392K), 0.0073397 secs] [Times: user=0.06 sys=0.00, real=0.01 secs] 
2016-09-15T11:55:25.307-0400: 121.762: [GC (GCLocker Initiated GC) [PSYoungGen: 161676K->42973K(175104K)] 345623K->300096K(699392K), 0.0142949 secs] [Times: user=0.14 sys=0.00, real=0.02 secs] 
2016-09-15T11:55:25.445-0400: 121.900: [GC (GCLocker Initiated GC) [PSYoungGen: 131037K->73612K(175104K)] 394477K->337132K(699392K), 0.0142332 secs] [Times: user=0.15 sys=0.00, real=0.02 secs] 
2016-09-15T11:55:25.580-0400: 122.036: [GC (GCLocker Initiated GC) [PSYoungGen: 161676K->49084K(175104K)] 425327K->337302K(699392K), 0.0099851 secs] [Times: user=0.07 sys=0.00, real=0.01 secs] 
2016-09-15T11:55:25.741-0400: 122.197: [GC (GCLocker Initiated GC) [PSYoungGen: 137148K->55515K(175104K)] 437658K->380445K(699392K), 0.0161258 secs] [Times: user=0.16 sys=0.00, real=0.02 secs] 
2016-09-15T11:55:25.885-0400: 122.341: [GC (GCLocker Initiated GC) [PSYoungGen: 143579K->18840K(175104K)] 480852K->356521K(699392K), 0.0113683 secs] [Times: user=0.10 sys=0.00, real=0.02 secs] 
2016-09-15T11:55:26.052-0400: 122.507: [GC (Allocation Failure) [PSYoungGen: 106904K->19164K(175104K)] 463098K->375633K(699392K), 0.0100810 secs] [Times: user=0.11 sys=0.00, real=0.01 secs] 
2016-09-15T11:55:26.180-0400: 122.635: [GC (GCLocker Initiated GC) [PSYoungGen: 107228K->61330K(175104K)] 463703K->417907K(699392K), 0.0067862 secs] [Times: user=0.06 sys=0.00, real=0.00 secs] 
2016-09-15T11:55:26.297-0400: 122.752: [GC (Allocation Failure) [PSYoungGen: 149394K->67633K(175104K)] 506147K->460964K(699392K), 0.0215914 secs] [Times: user=0.24 sys=0.00, real=0.02 secs] 
2016-09-15T11:55:26.319-0400: 122.774: [GC (GCLocker Initiated GC) [PSYoungGen: 67649K->64K(175104K)] 460980K->485072K(699392K), 0.0088959 secs] [Times: user=0.08 sys=0.00, real=0.01 secs] 
2016-09-15T11:55:26.328-0400: 122.783: [Full GC (Ergonomics) [PSYoungGen: 64K->0K(175104K)] [ParOldGen: 485008K->58378K(524288K)] 485072K->58378K(699392K), [Metaspace: 44375K->44375K(1087488K)], 0.0771152 secs] [Times: user=0.65 sys=0.02, real=0.07 secs] 
2016-09-15T11:55:26.519-0400: 122.974: [GC (GCLocker Initiated GC) [PSYoungGen: 83865K->74096K(175104K)] 148319K->138557K(699392K), 0.0104536 secs] [Times: user=0.12 sys=0.00, real=0.01 secs] 
2016-09-15T11:55:26.632-0400: 123.087: [GC (GCLocker Initiated GC) [PSYoungGen: 162160K->61202K(175104K)] 226669K->168915K(699392K), 0.0099549 secs] [Times: user=0.06 sys=0.00, real=0.01 secs] 
2016-09-15T11:55:26.724-0400: 123.179: [GC (GCLocker Initiated GC) [PSYoungGen: 149266K->85790K(175104K)] 257149K->260806K(699392K), 0.0132091 secs] [Times: user=0.18 sys=0.00, real=0.02 secs] 
2016-09-15T11:55:26.863-0400: 123.318: [GC (GCLocker Initiated GC) [PSYoungGen: 173854K->61234K(175104K)] 348874K->254715K(699392K), 0.0114031 secs] [Times: user=0.06 sys=0.00, real=0.01 secs] 
2016-09-15T11:55:27.018-0400: 123.474: [GC (GCLocker Initiated GC) [PSYoungGen: 149298K->30827K(175104K)] 342848K->267153K(699392K), 0.0108843 secs] [Times: user=0.08 sys=0.00, real=0.01 secs] 
2016-09-15T11:55:27.127-0400: 123.582: [GC (GCLocker Initiated GC) [PSYoungGen: 118891K->85694K(175104K)] 355265K->322172K(699392K), 0.0126539 secs] [Times: user=0.10 sys=0.00, real=0.02 secs] 
2016-09-15T11:55:27.269-0400: 123.725: [GC (GCLocker Initiated GC) [PSYoungGen: 173758K->85790K(175104K)] 416353K->401600K(699392K), 0.0117454 secs] [Times: user=0.18 sys=0.00, real=0.01 secs] 
2016-09-15T11:55:27.403-0400: 123.858: [GC (GCLocker Initiated GC) [PSYoungGen: 173854K->79715K(175104K)] 489840K->444609K(699392K), 0.0124678 secs] [Times: user=0.18 sys=0.00, real=0.01 secs] 
2016-09-15T11:55:27.516-0400: 123.972: [GC (GCLocker Initiated GC) [PSYoungGen: 167779K->85790K(175104K)] 532749K->499675K(699392K), 0.0122162 secs] [Times: user=0.17 sys=0.01, real=0.01 secs] 
2016-09-15T11:55:27.656-0400: 124.111: [GC (GCLocker Initiated GC) [PSYoungGen: 173854K->61230K(175104K)] 588033K->554684K(699392K), 0.0116423 secs] [Times: user=0.14 sys=0.00, real=0.00 secs] 
2016-09-15T11:55:27.668-0400: 124.123: [Full GC (Ergonomics) [PSYoungGen: 61230K->0K(175104K)] [ParOldGen: 493453K->46037K(524288K)] 554684K->46037K(699392K), [Metaspace: 44386K->44386K(1087488K)], 0.0519512 secs] [Times: user=0.33 sys=0.00, real=0.06 secs] 
2016-09-15T11:55:27.855-0400: 124.310: [GC (GCLocker Initiated GC) [PSYoungGen: 88060K->86406K(175104K)] 146598K->151018K(699392K), 0.0119609 secs] [Times: user=0.17 sys=0.01, real=0.01 secs] 
2016-09-15T11:55:28.006-0400: 124.461: [GC (GCLocker Initiated GC) [PSYoungGen: 174470K->49372K(175104K)] 245384K->175704K(699392K), 0.0120877 secs] [Times: user=0.17 sys=0.00, real=0.02 secs] 
2016-09-15T11:55:28.144-0400: 124.600: [GC (Allocation Failure) [PSYoungGen: 137436K->55611K(175104K)] 270109K->212719K(699392K), 0.0095385 secs] [Times: user=0.10 sys=0.00, real=0.01 secs] 
2016-09-15T11:55:28.300-0400: 124.756: [GC (GCLocker Initiated GC) [PSYoungGen: 143638K->49667K(175104K)] 306822K->231392K(699392K), 0.0129479 secs] [Times: user=0.12 sys=0.00, real=0.01 secs] 
2016-09-15T11:55:28.437-0400: 124.892: [GC (GCLocker Initiated GC) [PSYoungGen: 137731K->79651K(175104K)] 319593K->279840K(699392K), 0.0138677 secs] [Times: user=0.14 sys=0.00, real=0.01 secs] 
2016-09-15T11:55:28.596-0400: 125.051: [GC (GCLocker Initiated GC) [PSYoungGen: 167715K->31542K(175104K)] 374290K->286837K(699392K), 0.0165190 secs] [Times: user=0.18 sys=0.00, real=0.01 secs] 
2016-09-15T11:55:28.717-0400: 125.173: [GC (GCLocker Initiated GC) [PSYoungGen: 119606K->61458K(175104K)] 374910K->335473K(699392K), 0.0080634 secs] [Times: user=0.07 sys=0.00, real=0.00 secs] 
2016-09-15T11:55:28.862-0400: 125.318: [GC (GCLocker Initiated GC) [PSYoungGen: 149522K->49116K(175104K)] 435901K->353956K(699392K), 0.0102461 secs] [Times: user=0.07 sys=0.00, real=0.01 secs] 
2016-09-15T11:55:29.011-0400: 125.466: [GC (GCLocker Initiated GC) [PSYoungGen: 137180K->55255K(175104K)] 442224K->384859K(699392K), 0.0228481 secs] [Times: user=0.26 sys=0.00, real=0.02 secs] 
2016-09-15T11:55:29.136-0400: 125.592: [GC (GCLocker Initiated GC) [PSYoungGen: 143319K->55807K(175104K)] 479112K->458577K(699392K), 0.0133986 secs] [Times: user=0.22 sys=0.00, real=0.01 secs] 
2016-09-15T11:55:29.275-0400: 125.730: [GC (GCLocker Initiated GC) [PSYoungGen: 143871K->86282K(175104K)] 546946K->495888K(699392K), 0.0114510 secs] [Times: user=0.14 sys=0.01, real=0.01 secs] 
2016-09-15T11:55:29.427-0400: 125.882: [GC (GCLocker Initiated GC) [PSYoungGen: 174343K->67241K(175104K)] 590380K->501918K(699392K), 0.0131688 secs] [Times: user=0.09 sys=0.00, real=0.02 secs] 
2016-09-15T11:55:29.552-0400: 126.007: [GC (GCLocker Initiated GC) [PSYoungGen: 155305K->55351K(175104K)] 590017K->520597K(699392K), 0.0151137 secs] [Times: user=0.17 sys=0.00, real=0.01 secs] 
2016-09-15T11:55:29.567-0400: 126.022: [Full GC (Ergonomics) [PSYoungGen: 55351K->0K(175104K)] [ParOldGen: 465246K->52336K(524288K)] 520597K->52336K(699392K), [Metaspace: 44387K->44387K(1087488K)], 0.0530806 secs] [Times: user=0.38 sys=0.00, real=0.06 secs] 
2016-09-15T11:55:29.729-0400: 126.184: [GC (GCLocker Initiated GC) [PSYoungGen: 88061K->86342K(175104K)] 140758K->145114K(699392K), 0.0105808 secs] [Times: user=0.13 sys=0.00, real=0.01 secs] 
2016-09-15T11:55:29.862-0400: 126.317: [GC (GCLocker Initiated GC) [PSYoungGen: 174406K->49212K(175104K)] 233460K->133222K(699392K), 0.0106298 secs] [Times: user=0.06 sys=0.00, real=0.01 secs] 
2016-09-15T11:55:30.000-0400: 126.455: [GC (GCLocker Initiated GC) [PSYoungGen: 137276K->61654K(175104K)] 221289K->176162K(699392K), 0.0122842 secs] [Times: user=0.14 sys=0.00, real=0.01 secs] 
2016-09-15T11:55:30.131-0400: 126.586: [GC (GCLocker Initiated GC) [PSYoungGen: 149718K->85886K(175104K)] 264262K->273826K(699392K), 0.0155167 secs] [Times: user=0.23 sys=0.00, real=0.01 secs] 
2016-09-15T11:55:30.296-0400: 126.751: [GC (Allocation Failure) [PSYoungGen: 173950K->37094K(175104K)] 368804K->298885K(699392K), 0.0103420 secs] [Times: user=0.12 sys=0.00, real=0.00 secs] 
2016-09-15T11:55:30.421-0400: 126.876: [GC (GCLocker Initiated GC) [PSYoungGen: 122066K->79779K(175104K)] 389932K->347928K(699392K), 0.0110151 secs] [Times: user=0.12 sys=0.00, real=0.01 secs] 
2016-09-15T11:55:30.555-0400: 127.011: [GC (GCLocker Initiated GC) [PSYoungGen: 167843K->37354K(175104K)] 448492K->336535K(699392K), 0.0096617 secs] [Times: user=0.12 sys=0.00, real=0.01 secs] 
2016-09-15T11:55:30.683-0400: 127.138: [GC (GCLocker Initiated GC) [PSYoungGen: 125418K->73512K(175104K)] 424680K->391438K(699392K), 0.0146198 secs] [Times: user=0.18 sys=0.00, real=0.02 secs] 
2016-09-15T11:55:30.817-0400: 127.272: [GC (GCLocker Initiated GC) [PSYoungGen: 161576K->61494K(175104K)] 485736K->416149K(699392K), 0.0159357 secs] [Times: user=0.17 sys=0.00, real=0.01 secs] 
2016-09-15T11:55:30.957-0400: 127.412: [GC (Allocation Failure) [PSYoungGen: 149558K->43073K(175104K)] 510386K->416466K(699392K), 0.0100011 secs] [Times: user=0.08 sys=0.00, real=0.00 secs] 
2016-09-15T11:55:31.076-0400: 127.532: [GC (GCLocker Initiated GC) [PSYoungGen: 125599K->61590K(175104K)] 505067K->453492K(699392K), 0.0125033 secs] [Times: user=0.11 sys=0.00, real=0.01 secs] 
2016-09-15T11:55:31.231-0400: 127.686: [GC (GCLocker Initiated GC) [PSYoungGen: 149654K->61294K(175104K)] 547779K->478091K(699392K), 0.0154659 secs] [Times: user=0.18 sys=0.00, real=0.01 secs] 
2016-09-15T11:55:31.366-0400: 127.821: [GC (GCLocker Initiated GC) [PSYoungGen: 149358K->79847K(175104K)] 572272K->533272K(699392K), 0.0108526 secs] [Times: user=0.11 sys=0.00, real=0.02 secs] 
2016-09-15T11:55:31.495-0400: 127.950: [GC (GCLocker Initiated GC) [PSYoungGen: 167911K->55219K(175104K)] 621641K->558020K(699392K), 0.0133023 secs] [Times: user=0.14 sys=0.00, real=0.02 secs] 
2016-09-15T11:55:31.508-0400: 127.963: [Full GC (Ergonomics) [PSYoungGen: 55219K->0K(175104K)] [ParOldGen: 502801K->46130K(524288K)] 558020K->46130K(699392K), [Metaspace: 44388K->44388K(1087488K)], 0.0543944 secs] [Times: user=0.33 sys=0.01, real=0.05 secs] 
2016-09-15T11:55:31.691-0400: 128.147: [GC (GCLocker Initiated GC) [PSYoungGen: 88064K->43365K(175104K)] 141082K->96383K(699392K), 0.0183849 secs] [Times: user=0.15 sys=0.01, real=0.02 secs] 
2016-09-15T11:55:31.852-0400: 128.307: [GC (GCLocker Initiated GC) [PSYoungGen: 131429K->55091K(175104K)] 190670K->133253K(699392K), 0.0139894 secs] [Times: user=0.14 sys=0.00, real=0.01 secs] 
2016-09-15T11:55:32.018-0400: 128.473: [GC (GCLocker Initiated GC) [PSYoungGen: 143155K->55223K(175104K)] 221666K->152071K(699392K), 0.0095957 secs] [Times: user=0.08 sys=0.00, real=0.01 secs] 
2016-09-15T11:55:32.135-0400: 128.590: [GC (GCLocker Initiated GC) [PSYoungGen: 143287K->73608K(175104K)] 246223K->176827K(699392K), 0.0142907 secs] [Times: user=0.15 sys=0.00, real=0.02 secs] 
2016-09-15T11:55:32.271-0400: 128.727: [GC (Allocation Failure) [PSYoungGen: 161672K->79519K(175104K)] 264978K->219582K(699392K), 0.0139469 secs] [Times: user=0.15 sys=0.00, real=0.01 secs] 
2016-09-15T11:55:32.407-0400: 128.862: [GC (GCLocker Initiated GC) [PSYoungGen: 167583K->79815K(175104K)] 307652K->250386K(699392K), 0.0114233 secs] [Times: user=0.13 sys=0.00, real=0.02 secs] 
2016-09-15T11:55:32.570-0400: 129.025: [GC (Allocation Failure) [PSYoungGen: 167879K->36962K(175104K)] 338458K->226049K(699392K), 0.0059226 secs] [Times: user=0.06 sys=0.00, real=0.01 secs] 
2016-09-15T11:55:32.696-0400: 129.152: [GC (GCLocker Initiated GC) [PSYoungGen: 125026K->73508K(175104K)] 314119K->262696K(699392K), 0.0216751 secs] [Times: user=0.25 sys=0.00, real=0.02 secs] 
2016-09-15T11:55:32.837-0400: 129.292: [GC (GCLocker Initiated GC) [PSYoungGen: 161572K->85658K(175104K)] 350915K->299436K(699392K), 0.0120738 secs] [Times: user=0.17 sys=0.00, real=0.01 secs] 
2016-09-15T11:55:32.939-0400: 129.395: [GC (GCLocker Initiated GC) [PSYoungGen: 173722K->73640K(175104K)] 393740K->299868K(699392K), 0.0078259 secs] [Times: user=0.09 sys=0.00, real=0.00 secs] 
2016-09-15T11:55:33.073-0400: 129.528: [GC (GCLocker Initiated GC) [PSYoungGen: 161704K->67473K(175104K)] 388147K->312400K(699392K), 0.0291682 secs] [Times: user=0.29 sys=0.00, real=0.03 secs] 
2016-09-15T11:55:33.242-0400: 129.697: [GC (GCLocker Initiated GC) [PSYoungGen: 155537K->86050K(175104K)] 400831K->374317K(699392K), 0.0214232 secs] [Times: user=0.23 sys=0.01, real=0.02 secs] 
2016-09-15T11:55:33.389-0400: 129.844: [GC (GCLocker Initiated GC) [PSYoungGen: 174114K->67505K(175104K)] 462383K->355877K(699392K), 0.0212558 secs] [Times: user=0.22 sys=0.01, real=0.02 secs] 
2016-09-15T11:55:33.524-0400: 129.979: [GC (GCLocker Initiated GC) [PSYoungGen: 155569K->49212K(175104K)] 450103K->374372K(699392K), 0.0099626 secs] [Times: user=0.08 sys=0.00, real=0.01 secs] 
2016-09-15T11:55:33.662-0400: 130.117: [GC (GCLocker Initiated GC) [PSYoungGen: 137276K->61526K(175104K)] 462612K->435590K(699392K), 0.0231245 secs] [Times: user=0.26 sys=0.00, real=0.02 secs] 
2016-09-15T11:55:33.814-0400: 130.270: [GC (GCLocker Initiated GC) [PSYoungGen: 149590K->67533K(175104K)] 529843K->466311K(699392K), 0.0117047 secs] [Times: user=0.14 sys=0.00, real=0.01 secs] 
2016-09-15T11:55:33.971-0400: 130.426: [GC (GCLocker Initiated GC) [PSYoungGen: 155597K->37062K(175104K)] 560547K->484641K(699392K), 0.0123600 secs] [Times: user=0.14 sys=0.01, real=0.01 secs] 
2016-09-15T11:55:34.089-0400: 130.545: [GC (GCLocker Initiated GC) [PSYoungGen: 125126K->55155K(175104K)] 578810K->509147K(699392K), 0.0165153 secs] [Times: user=0.17 sys=0.00, real=0.01 secs] 
2016-09-15T11:55:34.221-0400: 130.677: [GC (GCLocker Initiated GC) --[PSYoungGen: 143219K->143219K(175104K)] 597572K->664556K(699392K), 0.0188097 secs] [Times: user=0.19 sys=0.01, real=0.02 secs] 
2016-09-15T11:55:34.240-0400: 130.696: [Full GC (Ergonomics) [PSYoungGen: 143219K->0K(175104K)] [ParOldGen: 521337K->59165K(524288K)] 664556K->59165K(699392K), [Metaspace: 44389K->44389K(1087488K)], 0.0634992 secs] [Times: user=0.38 sys=0.01, real=0.06 secs] 
2016-09-15T11:55:34.403-0400: 130.858: [GC (GCLocker Initiated GC) [PSYoungGen: 88064K->86146K(175104K)] 147540K->145622K(699392K), 0.0093503 secs] [Times: user=0.08 sys=0.00, real=0.01 secs] 
2016-09-15T11:55:34.535-0400: 130.990: [GC (GCLocker Initiated GC) [PSYoungGen: 174210K->37322K(175104K)] 246028K->158607K(699392K), 0.0246035 secs] [Times: user=0.26 sys=0.00, real=0.03 secs] 
2016-09-15T11:55:34.695-0400: 131.150: [GC (GCLocker Initiated GC) [PSYoungGen: 125386K->73740K(175104K)] 253001K->219855K(699392K), 0.0080607 secs] [Times: user=0.08 sys=0.00, real=0.01 secs] 
2016-09-15T11:55:34.856-0400: 131.311: [GC (GCLocker Initiated GC) [PSYoungGen: 161804K->37158K(175104K)] 326485K->238368K(699392K), 0.0216247 secs] [Times: user=0.24 sys=0.00, real=0.02 secs] 
2016-09-15T11:55:35.020-0400: 131.476: [GC (GCLocker Initiated GC) [PSYoungGen: 125222K->73480K(175104K)] 326738K->275263K(699392K), 0.0259904 secs] [Times: user=0.29 sys=0.00, real=0.02 secs] 
2016-09-15T11:55:35.168-0400: 131.624: [GC (Allocation Failure) [PSYoungGen: 161544K->24979K(175104K)] 369639K->269605K(699392K), 0.0180956 secs] [Times: user=0.18 sys=0.00, real=0.01 secs] 
2016-09-15T11:55:35.293-0400: 131.748: [GC (GCLocker Initiated GC) [PSYoungGen: 113043K->73512K(175104K)] 357670K->318577K(699392K), 0.0082611 secs] [Times: user=0.07 sys=0.00, real=0.01 secs] 
2016-09-15T11:55:35.453-0400: 131.908: [GC (GCLocker Initiated GC) [PSYoungGen: 161576K->67369K(175104K)] 412960K->337074K(699392K), 0.0214704 secs] [Times: user=0.24 sys=0.00, real=0.02 secs] 
2016-09-15T11:55:35.594-0400: 132.049: [GC (Allocation Failure) [PSYoungGen: 155433K->55387K(175104K)] 425196K->325261K(699392K), 0.0070702 secs] [Times: user=0.05 sys=0.00, real=0.01 secs] 
2016-09-15T11:55:35.722-0400: 132.177: [GC (Allocation Failure) [PSYoungGen: 143451K->42973K(175104K)] 413325K->331480K(699392K), 0.0146588 secs] [Times: user=0.13 sys=0.00, real=0.02 secs] 
2016-09-15T11:55:35.846-0400: 132.301: [GC (GCLocker Initiated GC) [PSYoungGen: 131037K->73416K(175104K)] 419549K->362008K(699392K), 0.0406094 secs] [Times: user=0.34 sys=0.00, real=0.04 secs] 
2016-09-15T11:55:36.003-0400: 132.458: [GC (GCLocker Initiated GC) [PSYoungGen: 161480K->79459K(175104K)] 450120K->374449K(699392K), 0.0159853 secs] [Times: user=0.16 sys=0.00, real=0.02 secs] 
2016-09-15T11:55:36.148-0400: 132.603: [GC (GCLocker Initiated GC) [PSYoungGen: 167523K->61394K(175104K)] 462555K->381018K(699392K), 0.0161581 secs] [Times: user=0.16 sys=0.00, real=0.01 secs] 
2016-09-15T11:55:36.282-0400: 132.738: [GC (GCLocker Initiated GC) [PSYoungGen: 149458K->36738K(175104K)] 469084K->411306K(699392K), 0.0157406 secs] [Times: user=0.12 sys=0.00, real=0.02 secs] 
2016-09-15T11:55:36.392-0400: 132.847: [GC (GCLocker Initiated GC) [PSYoungGen: 124802K->79523K(175104K)] 499575K->454400K(699392K), 0.0090927 secs] [Times: user=0.08 sys=0.00, real=0.01 secs] 
2016-09-15T11:55:36.490-0400: 132.946: [GC (GCLocker Initiated GC) [PSYoungGen: 167587K->79651K(175104K)] 542561K->467066K(699392K), 0.0087433 secs] [Times: user=0.09 sys=0.00, real=0.01 secs] 
2016-09-15T11:55:36.668-0400: 133.124: [GC (Allocation Failure) [PSYoungGen: 167715K->61426K(175104K)] 561392K->473604K(699392K), 0.0156398 secs] [Times: user=0.19 sys=0.00, real=0.01 secs] 
2016-09-15T11:55:36.816-0400: 133.271: [GC (GCLocker Initiated GC) [PSYoungGen: 144198K->55579K(175104K)] 562451K->474107K(699392K), 0.0107447 secs] [Times: user=0.12 sys=0.00, real=0.00 secs] 
2016-09-15T11:55:36.931-0400: 133.387: [GC (GCLocker Initiated GC) [PSYoungGen: 143643K->55187K(175104K)] 562448K->492337K(699392K), 0.0104561 secs] [Times: user=0.12 sys=0.00, real=0.01 secs] 
2016-09-15T11:55:37.048-0400: 133.503: [GC (GCLocker Initiated GC) [PSYoungGen: 143251K->86118K(175104K)] 580403K->559840K(699392K), 0.0232393 secs] [Times: user=0.22 sys=0.00, real=0.02 secs] 
2016-09-15T11:55:37.071-0400: 133.527: [Full GC (Ergonomics) [PSYoungGen: 86118K->0K(175104K)] [ParOldGen: 473722K->52958K(524288K)] 559840K->52958K(699392K), [Metaspace: 44395K->44395K(1087488K)], 0.0671190 secs] [Times: user=0.37 sys=0.01, real=0.07 secs] 
2016-09-15T11:55:37.247-0400: 133.703: [GC (GCLocker Initiated GC) [PSYoungGen: 88064K->79651K(175104K)] 147268K->138855K(699392K), 0.0140063 secs] [Times: user=0.08 sys=0.00, real=0.02 secs] 
2016-09-15T11:55:37.385-0400: 133.840: [GC (GCLocker Initiated GC) [PSYoungGen: 167715K->67565K(175104K)] 227022K->181879K(699392K), 0.0120154 secs] [Times: user=0.13 sys=0.00, real=0.02 secs] 
2016-09-15T11:55:37.516-0400: 133.972: [GC (GCLocker Initiated GC) [PSYoungGen: 155629K->61562K(175104K)] 276373K->219015K(699392K), 0.0183902 secs] [Times: user=0.20 sys=0.00, real=0.01 secs] 
2016-09-15T11:55:37.661-0400: 134.117: [GC (GCLocker Initiated GC) [PSYoungGen: 149626K->24876K(175104K)] 307358K->225728K(699392K), 0.0253838 secs] [Times: user=0.28 sys=0.00, real=0.02 secs] 
2016-09-15T11:55:37.790-0400: 134.245: [GC (GCLocker Initiated GC) [PSYoungGen: 112940K->61654K(175104K)] 319982K->287065K(699392K), 0.0096161 secs] [Times: user=0.10 sys=0.00, real=0.01 secs] 
2016-09-15T11:55:37.918-0400: 134.374: [GC (GCLocker Initiated GC) [PSYoungGen: 149718K->49344K(175104K)] 381268K->348166K(699392K), 0.0124326 secs] [Times: user=0.10 sys=0.01, real=0.01 secs] 
2016-09-15T11:55:38.046-0400: 134.501: [GC (GCLocker Initiated GC) [PSYoungGen: 137408K->86509K(175104K)] 448506K->458830K(699392K), 0.0136212 secs] [Times: user=0.21 sys=0.00, real=0.02 secs] 
2016-09-15T11:55:38.177-0400: 134.633: [GC (GCLocker Initiated GC) [PSYoungGen: 174573K->85626K(175104K)] 546947K->513153K(699392K), 0.0132094 secs] [Times: user=0.22 sys=0.00, real=0.01 secs] 
2016-09-15T11:55:38.303-0400: 134.759: [Full GC (Ergonomics) [PSYoungGen: 173690K->0K(175104K)] [ParOldGen: 439792K->46274K(524288K)] 613482K->46274K(699392K), [Metaspace: 44399K->44399K(1087488K)], 0.0527948 secs] [Times: user=0.36 sys=0.02, real=0.06 secs] 
2016-09-15T11:55:38.481-0400: 134.936: [GC (GCLocker Initiated GC) [PSYoungGen: 88064K->86734K(175104K)] 140589K->145334K(699392K), 0.0120154 secs] [Times: user=0.16 sys=0.00, real=0.01 secs] 
2016-09-15T11:55:38.654-0400: 135.110: [GC (Allocation Failure) [PSYoungGen: 174798K->73476K(175104K)] 239509K->157311K(699392K), 0.0106103 secs] [Times: user=0.13 sys=0.00, real=0.01 secs] 
2016-09-15T11:55:38.784-0400: 135.239: [GC (GCLocker Initiated GC) [PSYoungGen: 161540K->49112K(175104K)] 245381K->181689K(699392K), 0.0202315 secs] [Times: user=0.23 sys=0.00, real=0.02 secs] 
2016-09-15T11:55:38.905-0400: 135.360: [GC (GCLocker Initiated GC) [PSYoungGen: 137176K->85854K(175104K)] 269801K->267246K(699392K), 0.0107403 secs] [Times: user=0.13 sys=0.00, real=0.01 secs] 
2016-09-15T11:55:39.057-0400: 135.512: [GC (GCLocker Initiated GC) [PSYoungGen: 173918K->73508K(175104K)] 361527K->291776K(699392K), 0.0197965 secs] [Times: user=0.22 sys=0.00, real=0.02 secs] 
2016-09-15T11:55:39.215-0400: 135.670: [GC (GCLocker Initiated GC) [PSYoungGen: 161572K->73480K(175104K)] 386041K->298068K(699392K), 0.0075815 secs] [Times: user=0.07 sys=0.00, real=0.01 secs] 
2016-09-15T11:55:39.351-0400: 135.806: [GC (GCLocker Initiated GC) [PSYoungGen: 161544K->43237K(175104K)] 398620K->317023K(699392K), 0.0171536 secs] [Times: user=0.16 sys=0.00, real=0.02 secs] 
2016-09-15T11:55:39.493-0400: 135.948: [GC (GCLocker Initiated GC) [PSYoungGen: 131301K->49180K(175104K)] 417329K->353708K(699392K), 0.0271521 secs] [Times: user=0.27 sys=0.00, real=0.03 secs] 
2016-09-15T11:55:39.691-0400: 136.146: [GC (GCLocker Initiated GC) [PSYoungGen: 137244K->37098K(175104K)] 454109K->384434K(699392K), 0.0096456 secs] [Times: user=0.06 sys=0.00, real=0.01 secs] 
2016-09-15T11:55:39.811-0400: 136.266: [GC (GCLocker Initiated GC) [PSYoungGen: 125162K->85854K(175104K)] 472797K->440027K(699392K), 0.0173202 secs] [Times: user=0.23 sys=0.00, real=0.02 secs] 
2016-09-15T11:55:39.951-0400: 136.407: [GC (GCLocker Initiated GC) [PSYoungGen: 173918K->37453K(175104K)] 534236K->434365K(699392K), 0.0087335 secs] [Times: user=0.13 sys=0.01, real=0.01 secs] 
2016-09-15T11:55:40.071-0400: 136.526: [GC (GCLocker Initiated GC) [PSYoungGen: 125517K->73576K(175104K)] 522594K->470936K(699392K), 0.0066463 secs] [Times: user=0.06 sys=0.00, real=0.01 secs] 
2016-09-15T11:55:40.215-0400: 136.671: [GC (GCLocker Initiated GC) [PSYoungGen: 161639K->49376K(175104K)] 571505K->477570K(699392K), 0.0212768 secs] [Times: user=0.22 sys=0.00, real=0.03 secs] 
2016-09-15T11:55:40.355-0400: 136.811: [GC (GCLocker Initiated GC) [PSYoungGen: 137440K->55091K(175104K)] 565877K->508104K(699392K), 0.0143933 secs] [Times: user=0.13 sys=0.01, real=0.02 secs] 
2016-09-15T11:55:40.471-0400: 136.927: [GC (GCLocker Initiated GC) [PSYoungGen: 143155K->73936K(175104K)] 602592K->569975K(699392K), 0.0302622 secs] [Times: user=0.33 sys=0.01, real=0.03 secs] 
2016-09-15T11:55:40.502-0400: 136.957: [Full GC (Ergonomics) [PSYoungGen: 73936K->0K(175104K)] [ParOldGen: 496039K->52867K(524288K)] 569975K->52867K(699392K), [Metaspace: 44405K->44405K(1087488K)], 0.0584868 secs] [Times: user=0.29 sys=0.02, real=0.06 secs] 
2016-09-15T11:55:40.670-0400: 137.125: [GC (GCLocker Initiated GC) [PSYoungGen: 88064K->86014K(175104K)] 141191K->151292K(699392K), 0.0099021 secs] [Times: user=0.12 sys=0.00, real=0.01 secs] 
2016-09-15T11:55:40.809-0400: 137.264: [GC (GCLocker Initiated GC) [PSYoungGen: 174078K->49276K(175104K)] 245489K->169835K(699392K), 0.0098537 secs] [Times: user=0.09 sys=0.00, real=0.01 secs] 
2016-09-15T11:55:40.927-0400: 137.383: [GC (GCLocker Initiated GC) [PSYoungGen: 137340K->55383K(175104K)] 258003K->237128K(699392K), 0.0139231 secs] [Times: user=0.19 sys=0.01, real=0.02 secs] 
2016-09-15T11:55:41.060-0400: 137.515: [GC (GCLocker Initiated GC) [PSYoungGen: 143447K->73668K(175104K)] 325268K->292239K(699392K), 0.0376825 secs] [Times: user=0.49 sys=0.00, real=0.04 secs] 
2016-09-15T11:55:41.222-0400: 137.677: [GC (GCLocker Initiated GC) [PSYoungGen: 161732K->85822K(175104K)] 380344K->395983K(699392K), 0.0142685 secs] [Times: user=0.22 sys=0.00, real=0.02 secs] 
2016-09-15T11:55:41.360-0400: 137.816: [GC (GCLocker Initiated GC) [PSYoungGen: 173886K->55511K(175104K)] 484189K->432939K(699392K), 0.0121400 secs] [Times: user=0.17 sys=0.02, real=0.01 secs] 
2016-09-15T11:55:41.488-0400: 137.943: [GC (GCLocker Initiated GC) [PSYoungGen: 143575K->55255K(175104K)] 527859K->470026K(699392K), 0.0099607 secs] [Times: user=0.12 sys=0.00, real=0.01 secs] 
2016-09-15T11:55:41.630-0400: 138.085: [GC (Allocation Failure) [PSYoungGen: 143319K->85758K(175104K)] 558171K->525225K(699392K), 0.0130633 secs] [Times: user=0.17 sys=0.01, real=0.01 secs] 
2016-09-15T11:55:41.643-0400: 138.098: [Full GC (Ergonomics) [PSYoungGen: 85758K->0K(175104K)] [ParOldGen: 439467K->52852K(524288K)] 525225K->52852K(699392K), [Metaspace: 44409K->44409K(1087488K)], 0.0493498 secs] [Times: user=0.29 sys=0.00, real=0.05 secs] 
2016-09-15T11:55:41.802-0400: 138.257: [GC (GCLocker Initiated GC) [PSYoungGen: 88064K->86110K(175104K)] 140921K->175417K(699392K), 0.0116557 secs] [Times: user=0.16 sys=0.00, real=0.01 secs] 
2016-09-15T11:55:41.915-0400: 138.371: [GC (GCLocker Initiated GC) [PSYoungGen: 174174K->73804K(175104K)] 263591K->200242K(699392K), 0.0139374 secs] [Times: user=0.18 sys=0.00, real=0.02 secs] 
2016-09-15T11:55:42.060-0400: 138.515: [GC (GCLocker Initiated GC) [PSYoungGen: 161868K->85790K(175104K)] 288342K->297974K(699392K), 0.0127349 secs] [Times: user=0.20 sys=0.00, real=0.01 secs] 
2016-09-15T11:55:42.213-0400: 138.668: [GC (GCLocker Initiated GC) [PSYoungGen: 173854K->31182K(175104K)] 404405K->286286K(699392K), 0.0286032 secs] [Times: user=0.33 sys=0.00, real=0.03 secs] 
2016-09-15T11:55:42.362-0400: 138.817: [GC (GCLocker Initiated GC) [PSYoungGen: 119246K->55415K(175104K)] 386810K->347765K(699392K), 0.0091693 secs] [Times: user=0.12 sys=0.00, real=0.01 secs] 
2016-09-15T11:55:42.492-0400: 138.948: [GC (GCLocker Initiated GC) [PSYoungGen: 143479K->55255K(175104K)] 435889K->366173K(699392K), 0.0070987 secs] [Times: user=0.08 sys=0.00, real=0.01 secs] 
2016-09-15T11:55:42.630-0400: 139.086: [GC (GCLocker Initiated GC) [PSYoungGen: 143319K->85658K(175104K)] 454290K->445521K(699392K), 0.0104285 secs] [Times: user=0.11 sys=0.01, real=0.01 secs] 
2016-09-15T11:55:42.745-0400: 139.200: [GC (GCLocker Initiated GC) [PSYoungGen: 173722K->61494K(175104K)] 533727K->494534K(699392K), 0.0143752 secs] [Times: user=0.15 sys=0.00, real=0.02 secs] 
2016-09-15T11:55:42.759-0400: 139.214: [Full GC (Ergonomics) [PSYoungGen: 61494K->0K(175104K)] [ParOldGen: 433040K->46777K(524288K)] 494534K->46777K(699392K), [Metaspace: 44409K->44409K(1087488K)], 0.0511828 secs] [Times: user=0.30 sys=0.01, real=0.05 secs] 
2016-09-15T11:55:42.958-0400: 139.413: [GC (Allocation Failure) [PSYoungGen: 88064K->86178K(175104K)] 134900K->139089K(699392K), 0.0096912 secs] [Times: user=0.13 sys=0.01, real=0.00 secs] 
2016-09-15T11:55:43.086-0400: 139.541: [GC (GCLocker Initiated GC) [PSYoungGen: 173492K->55451K(175104K)] 232478K->151426K(699392K), 0.0093572 secs] [Times: user=0.09 sys=0.00, real=0.01 secs] 
2016-09-15T11:55:43.219-0400: 139.674: [GC (GCLocker Initiated GC) [PSYoungGen: 143515K->85822K(175104K)] 239593K->200409K(699392K), 0.0197437 secs] [Times: user=0.22 sys=0.01, real=0.02 secs] 
2016-09-15T11:55:43.351-0400: 139.806: [GC (GCLocker Initiated GC) [PSYoungGen: 173886K->43041K(175104K)] 288526K->182068K(699392K), 0.0302394 secs] [Times: user=0.29 sys=0.00, real=0.03 secs] 
2016-09-15T11:55:43.485-0400: 139.940: [GC (Allocation Failure) [PSYoungGen: 131105K->37226K(175104K)] 270426K->243679K(699392K), 0.0168473 secs] [Times: user=0.18 sys=0.00, real=0.02 secs] 
2016-09-15T11:55:43.644-0400: 140.099: [GC (GCLocker Initiated GC) [PSYoungGen: 121678K->55091K(175104K)] 334207K->268051K(699392K), 0.0159641 secs] [Times: user=0.16 sys=0.00, real=0.02 secs] 
2016-09-15T11:55:43.805-0400: 140.261: [GC (GCLocker Initiated GC) [PSYoungGen: 143155K->49376K(175104K)] 362282K->286847K(699392K), 0.0099620 secs] [Times: user=0.10 sys=0.00, real=0.01 secs] 
2016-09-15T11:55:43.914-0400: 140.369: [GC (GCLocker Initiated GC) [PSYoungGen: 137440K->67629K(175104K)] 375227K->336091K(699392K), 0.0102163 secs] [Times: user=0.10 sys=0.00, real=0.01 secs] 
2016-09-15T11:55:44.086-0400: 140.542: [GC (GCLocker Initiated GC) [PSYoungGen: 155693K->6622K(175104K)] 448570K->354294K(699392K), 0.0144349 secs] [Times: user=0.15 sys=0.00, real=0.02 secs] 
2016-09-15T11:55:44.254-0400: 140.709: [GC (GCLocker Initiated GC) [PSYoungGen: 94686K->55383K(175104K)] 448492K->409300K(699392K), 0.0145746 secs] [Times: user=0.12 sys=0.01, real=0.02 secs] 
2016-09-15T11:55:44.368-0400: 140.823: [GC (GCLocker Initiated GC) [PSYoungGen: 143447K->55287K(175104K)] 497462K->445848K(699392K), 0.0165765 secs] [Times: user=0.16 sys=0.00, real=0.01 secs] 
2016-09-15T11:55:44.495-0400: 140.951: [GC (Allocation Failure) [PSYoungGen: 143351K->61850K(175104K)] 534093K->537817K(699392K), 0.0120661 secs] [Times: user=0.12 sys=0.01, real=0.02 secs] 
2016-09-15T11:55:44.508-0400: 140.963: [Full GC (Ergonomics) [PSYoungGen: 61850K->0K(175104K)] [ParOldGen: 475967K->53262K(524288K)] 537817K->53262K(699392K), [Metaspace: 44409K->44409K(1087488K)], 0.0530795 secs] [Times: user=0.27 sys=0.00, real=0.05 secs] 
2016-09-15T11:55:44.658-0400: 141.113: [GC (GCLocker Initiated GC) [PSYoungGen: 83590K->85854K(175104K)] 142927K->151266K(699392K), 0.0098913 secs] [Times: user=0.10 sys=0.00, real=0.01 secs] 
2016-09-15T11:55:44.808-0400: 141.264: [GC (GCLocker Initiated GC) [PSYoungGen: 173918K->42977K(175104K)] 245564K->157399K(699392K), 0.0155792 secs] [Times: user=0.15 sys=0.00, real=0.01 secs] 
2016-09-15T11:55:44.928-0400: 141.383: [GC (Allocation Failure) [PSYoungGen: 131041K->86018K(175104K)] 245634K->206985K(699392K), 0.0081046 secs] [Times: user=0.09 sys=0.00, real=0.01 secs] 
2016-09-15T11:55:45.085-0400: 141.540: [GC (GCLocker Initiated GC) [PSYoungGen: 171493K->55187K(175104K)] 298535K->219127K(699392K), 0.0086274 secs] [Times: user=0.08 sys=0.00, real=0.01 secs] 
2016-09-15T11:55:45.238-0400: 141.693: [GC (GCLocker Initiated GC) [PSYoungGen: 143251K->73412K(175104K)] 307474K->237786K(699392K), 0.0220426 secs] [Times: user=0.21 sys=0.00, real=0.02 secs] 
2016-09-15T11:55:45.365-0400: 141.820: [GC (GCLocker Initiated GC) [PSYoungGen: 161476K->42909K(175104K)] 325955K->243941K(699392K), 0.0080789 secs] [Times: user=0.08 sys=0.00, real=0.01 secs] 
2016-09-15T11:55:45.479-0400: 141.934: [GC (GCLocker Initiated GC) [PSYoungGen: 130973K->55615K(175104K)] 332165K->281219K(699392K), 0.0092211 secs] [Times: user=0.06 sys=0.00, real=0.01 secs] 
2016-09-15T11:55:45.600-0400: 142.055: [GC (GCLocker Initiated GC) [PSYoungGen: 143679K->73840K(175104K)] 369337K->348561K(699392K), 0.0106280 secs] [Times: user=0.10 sys=0.00, real=0.01 secs] 
2016-09-15T11:55:45.714-0400: 142.169: [GC (GCLocker Initiated GC) [PSYoungGen: 161904K->73380K(175104K)] 436846K->397213K(699392K), 0.0281931 secs] [Times: user=0.27 sys=0.00, real=0.03 secs] 
2016-09-15T11:55:45.859-0400: 142.315: [GC (GCLocker Initiated GC) [PSYoungGen: 161444K->85954K(175104K)] 485398K->446454K(699392K), 0.0166161 secs] [Times: user=0.16 sys=0.00, real=0.02 secs] 
2016-09-15T11:55:46.010-0400: 142.466: [GC (GCLocker Initiated GC) [PSYoungGen: 174018K->37094K(175104K)] 552913K->458930K(699392K), 0.0328144 secs] [Times: user=0.37 sys=0.00, real=0.03 secs] 
2016-09-15T11:55:46.166-0400: 142.621: [GC (Allocation Failure) [PSYoungGen: 125158K->67341K(175104K)] 547242K->489669K(699392K), 0.0174500 secs] [Times: user=0.19 sys=0.00, real=0.02 secs] 
2016-09-15T11:55:46.287-0400: 142.743: [GC (GCLocker Initiated GC) [PSYoungGen: 150969K->55287K(175104K)] 579372K->520259K(699392K), 0.0102283 secs] [Times: user=0.12 sys=0.00, real=0.02 secs] 
2016-09-15T11:55:46.298-0400: 142.753: [Full GC (Ergonomics) [PSYoungGen: 55287K->0K(175104K)] [ParOldGen: 464972K->47092K(524288K)] 520259K->47092K(699392K), [Metaspace: 44410K->44410K(1087488K)], 0.0496927 secs] [Times: user=0.32 sys=0.00, real=0.04 secs] 
2016-09-15T11:55:46.467-0400: 142.923: [GC (GCLocker Initiated GC) [PSYoungGen: 88064K->80299K(175104K)] 141273K->133508K(699392K), 0.0103779 secs] [Times: user=0.11 sys=0.00, real=0.02 secs] 
2016-09-15T11:55:46.636-0400: 143.091: [GC (GCLocker Initiated GC) [PSYoungGen: 168363K->55287K(175104K)] 227683K->188226K(699392K), 0.0108468 secs] [Times: user=0.08 sys=0.00, real=0.00 secs] 
2016-09-15T11:55:46.759-0400: 143.215: [GC (GCLocker Initiated GC) [PSYoungGen: 143351K->79423K(175104K)] 276321K->224842K(699392K), 0.0102518 secs] [Times: user=0.10 sys=0.01, real=0.01 secs] 
2016-09-15T11:55:46.896-0400: 143.352: [GC (GCLocker Initiated GC) [PSYoungGen: 167487K->73480K(175104K)] 319012K->261567K(699392K), 0.0214326 secs] [Times: user=0.23 sys=0.00, real=0.02 secs] 
2016-09-15T11:55:47.059-0400: 143.514: [GC (Allocation Failure) [PSYoungGen: 161544K->49112K(175104K)] 355954K->274157K(699392K), 0.0097523 secs] [Times: user=0.09 sys=0.00, real=0.01 secs] 
2016-09-15T11:55:47.182-0400: 143.637: [GC (GCLocker Initiated GC) [PSYoungGen: 137176K->73772K(175104K)] 362227K->311116K(699392K), 0.0268742 secs] [Times: user=0.30 sys=0.01, real=0.03 secs] 
2016-09-15T11:55:47.304-0400: 143.760: [GC (GCLocker Initiated GC) [PSYoungGen: 161836K->73608K(175104K)] 399250K->366012K(699392K), 0.0321562 secs] [Times: user=0.44 sys=0.00, real=0.04 secs] 
2016-09-15T11:55:47.442-0400: 143.897: [GC (GCLocker Initiated GC) [PSYoungGen: 161672K->61494K(175104K)] 454186K->390570K(699392K), 0.0103460 secs] [Times: user=0.08 sys=0.00, real=0.01 secs] 
2016-09-15T11:55:47.612-0400: 144.068: [GC (GCLocker Initiated GC) [PSYoungGen: 149558K->25011K(175104K)] 497001K->427718K(699392K), 0.0360410 secs] [Times: user=0.36 sys=0.01, real=0.04 secs] 
2016-09-15T11:55:47.770-0400: 144.225: [GC (GCLocker Initiated GC) [PSYoungGen: 113075K->61362K(175104K)] 515858K->464411K(699392K), 0.0179748 secs] [Times: user=0.20 sys=0.00, real=0.02 secs] 
2016-09-15T11:55:47.899-0400: 144.355: [GC (GCLocker Initiated GC) [PSYoungGen: 149426K->49180K(175104K)] 564673K->488830K(699392K), 0.0076554 secs] [Times: user=0.05 sys=0.01, real=0.00 secs] 
2016-09-15T11:55:48.054-0400: 144.509: [Full GC (Ergonomics) [PSYoungGen: 137244K->0K(175104K)] [ParOldGen: 452049K->46765K(524288K)] 589293K->46765K(699392K), [Metaspace: 44410K->44410K(1087488K)], 0.0665038 secs] [Times: user=0.40 sys=0.01, real=0.07 secs] 
2016-09-15T11:55:48.234-0400: 144.689: [GC (GCLocker Initiated GC) [PSYoungGen: 88064K->85982K(175104K)] 134835K->157061K(699392K), 0.0141391 secs] [Times: user=0.14 sys=0.00, real=0.02 secs] 
2016-09-15T11:55:48.363-0400: 144.818: [GC (GCLocker Initiated GC) [PSYoungGen: 174046K->49539K(175104K)] 245198K->175922K(699392K), 0.0323667 secs] [Times: user=0.35 sys=0.00, real=0.03 secs] 
2016-09-15T11:55:48.499-0400: 144.955: [GC (GCLocker Initiated GC) [PSYoungGen: 137603K->73608K(175104K)] 264201K->237095K(699392K), 0.0175448 secs] [Times: user=0.23 sys=0.01, real=0.02 secs] 
2016-09-15T11:55:48.657-0400: 145.112: [GC (Allocation Failure) [PSYoungGen: 161672K->73836K(175104K)] 331590K->243897K(699392K), 0.0224334 secs] [Times: user=0.33 sys=0.00, real=0.02 secs] 
2016-09-15T11:55:48.680-0400: 145.135: [GC (GCLocker Initiated GC) [PSYoungGen: 73841K->0K(175104K)] 243903K->243675K(699392K), 0.0065902 secs] [Times: user=0.07 sys=0.01, real=0.00 secs] 
2016-09-15T11:55:48.815-0400: 145.270: [GC (GCLocker Initiated GC) [PSYoungGen: 83401K->73936K(175104K)] 333152K->323686K(699392K), 0.0100161 secs] [Times: user=0.13 sys=0.00, real=0.01 secs] 
2016-09-15T11:55:48.944-0400: 145.399: [GC (GCLocker Initiated GC) [PSYoungGen: 162000K->73672K(175104K)] 417979K->360490K(699392K), 0.0152869 secs] [Times: user=0.18 sys=0.00, real=0.02 secs] 
2016-09-15T11:55:49.088-0400: 145.544: [GC (GCLocker Initiated GC) [PSYoungGen: 161736K->67533K(175104K)] 466838K->409205K(699392K), 0.0218001 secs] [Times: user=0.25 sys=0.00, real=0.02 secs] 
2016-09-15T11:55:49.226-0400: 145.681: [GC (GCLocker Initiated GC) [PSYoungGen: 155597K->61590K(175104K)] 503689K->446283K(699392K), 0.0243607 secs] [Times: user=0.32 sys=0.00, real=0.03 secs] 
2016-09-15T11:55:49.359-0400: 145.815: [GC (GCLocker Initiated GC) [PSYoungGen: 149654K->55287K(175104K)] 534462K->458775K(699392K), 0.0146537 secs] [Times: user=0.17 sys=0.00, real=0.01 secs] 
2016-09-15T11:55:49.488-0400: 145.943: [GC (Allocation Failure) [PSYoungGen: 143351K->61494K(175104K)] 553023K->489667K(699392K), 0.0099872 secs] [Times: user=0.10 sys=0.00, real=0.01 secs] 
2016-09-15T11:55:49.656-0400: 146.111: [GC (GCLocker Initiated GC) [PSYoungGen: 144191K->55547K(175104K)] 578439K->532759K(699392K), 0.0099608 secs] [Times: user=0.09 sys=0.00, real=0.00 secs] 
2016-09-15T11:55:49.666-0400: 146.121: [Full GC (Ergonomics) [PSYoungGen: 55547K->0K(175104K)] [ParOldGen: 477212K->47221K(524288K)] 532759K->47221K(699392K), [Metaspace: 44414K->44414K(1087488K)], 0.0552661 secs] [Times: user=0.31 sys=0.01, real=0.06 secs] 
2016-09-15T11:55:49.832-0400: 146.287: [GC (GCLocker Initiated GC) [PSYoungGen: 88064K->85498K(175104K)] 135327K->138837K(699392K), 0.0141242 secs] [Times: user=0.14 sys=0.00, real=0.01 secs] 
2016-09-15T11:55:49.951-0400: 146.406: [GC (GCLocker Initiated GC) [PSYoungGen: 173562K->49312K(175104K)] 226926K->157455K(699392K), 0.0260573 secs] [Times: user=0.29 sys=0.01, real=0.03 secs] 
2016-09-15T11:55:50.086-0400: 146.542: [GC (GCLocker Initiated GC) [PSYoungGen: 137376K->73444K(175104K)] 251860K->243074K(699392K), 0.0117480 secs] [Times: user=0.16 sys=0.00, real=0.02 secs] 
2016-09-15T11:55:50.230-0400: 146.686: [GC (GCLocker Initiated GC) [PSYoungGen: 161508K->79555K(175104K)] 337256K->273648K(699392K), 0.0095857 secs] [Times: user=0.08 sys=0.01, real=0.01 secs] 
2016-09-15T11:55:50.369-0400: 146.825: [GC (GCLocker Initiated GC) [PSYoungGen: 167619K->43269K(175104K)] 368125K->280509K(699392K), 0.0084751 secs] [Times: user=0.07 sys=0.00, real=0.01 secs] 
2016-09-15T11:55:50.495-0400: 146.950: [GC (GCLocker Initiated GC) [PSYoungGen: 131333K->61622K(175104K)] 368743K->311433K(699392K), 0.0278244 secs] [Times: user=0.28 sys=0.00, real=0.03 secs] 
2016-09-15T11:55:50.651-0400: 147.106: [GC (Allocation Failure) [PSYoungGen: 149686K->43237K(175104K)] 405916K->317780K(699392K), 0.0068105 secs] [Times: user=0.04 sys=0.00, real=0.01 secs] 
2016-09-15T11:55:50.789-0400: 147.245: [GC (GCLocker Initiated GC) [PSYoungGen: 128140K->36998K(175104K)] 408758K->336132K(699392K), 0.0197976 secs] [Times: user=0.23 sys=0.00, real=0.02 secs] 
2016-09-15T11:55:50.921-0400: 147.377: [GC (GCLocker Initiated GC) [PSYoungGen: 125062K->55351K(175104K)] 430978K->361535K(699392K), 0.0300859 secs] [Times: user=0.38 sys=0.00, real=0.03 secs] 
2016-09-15T11:55:51.067-0400: 147.523: [GC (GCLocker Initiated GC) [PSYoungGen: 143415K->85790K(175104K)] 449758K->404558K(699392K), 0.0258657 secs] [Times: user=0.31 sys=0.01, real=0.03 secs] 
2016-09-15T11:55:51.238-0400: 147.693: [GC (GCLocker Initiated GC) [PSYoungGen: 173854K->55579K(175104K)] 498935K->435470K(699392K), 0.0160462 secs] [Times: user=0.23 sys=0.00, real=0.01 secs] 
2016-09-15T11:55:51.372-0400: 147.827: [GC (GCLocker Initiated GC) [PSYoungGen: 143643K->85630K(175104K)] 523583K->465822K(699392K), 0.0137210 secs] [Times: user=0.17 sys=0.00, real=0.01 secs] 
2016-09-15T11:55:51.510-0400: 147.966: [GC (GCLocker Initiated GC) [PSYoungGen: 173694K->49244K(175104K)] 553911K->490510K(699392K), 0.0101316 secs] [Times: user=0.08 sys=0.01, real=0.01 secs] 
2016-09-15T11:55:51.521-0400: 147.976: [Full GC (Ergonomics) [PSYoungGen: 49244K->0K(175104K)] [ParOldGen: 441266K->41000K(524288K)] 490510K->41000K(699392K), [Metaspace: 44414K->44414K(1087488K)], 0.0577221 secs] [Times: user=0.34 sys=0.01, real=0.06 secs] 
2016-09-15T11:55:51.697-0400: 148.153: [GC (GCLocker Initiated GC) [PSYoungGen: 88064K->61618K(175104K)] 141905K->115459K(699392K), 0.0100523 secs] [Times: user=0.09 sys=0.00, real=0.00 secs] 
2016-09-15T11:55:51.835-0400: 148.290: [GC (GCLocker Initiated GC) [PSYoungGen: 149682K->73608K(175104K)] 203676K->164608K(699392K), 0.0218466 secs] [Times: user=0.26 sys=0.00, real=0.03 secs] 
2016-09-15T11:55:51.974-0400: 148.430: [GC (GCLocker Initiated GC) [PSYoungGen: 161672K->55351K(175104K)] 259091K->153053K(699392K), 0.0099290 secs] [Times: user=0.11 sys=0.00, real=0.01 secs] 
2016-09-15T11:55:52.101-0400: 148.557: [GC (GCLocker Initiated GC) [PSYoungGen: 143415K->48888K(175104K)] 241445K->165418K(699392K), 0.0090046 secs] [Times: user=0.05 sys=0.00, real=0.01 secs] 
2016-09-15T11:55:52.250-0400: 148.705: [GC (GCLocker Initiated GC) [PSYoungGen: 136952K->55191K(175104K)] 265752K->202304K(699392K), 0.0304561 secs] [Times: user=0.32 sys=0.01, real=0.03 secs] 
2016-09-15T11:55:52.430-0400: 148.885: [GC (Allocation Failure) [PSYoungGen: 143255K->61134K(175104K)] 290387K->208533K(699392K), 0.0098927 secs] [Times: user=0.09 sys=0.00, real=0.01 secs] 
2016-09-15T11:55:52.585-0400: 149.040: [GC (Allocation Failure) [PSYoungGen: 149030K->19000K(175104K)] 296430K->190804K(699392K), 0.0057846 secs] [Times: user=0.06 sys=0.01, real=0.01 secs] 
2016-09-15T11:55:52.705-0400: 149.160: [GC (GCLocker Initiated GC) [PSYoungGen: 102881K->55351K(175104K)] 280759K->233496K(699392K), 0.0132810 secs] [Times: user=0.13 sys=0.00, real=0.02 secs] 
2016-09-15T11:55:52.853-0400: 149.308: [GC (GCLocker Initiated GC) [PSYoungGen: 143415K->73480K(175104K)] 327946K->276347K(699392K), 0.0082519 secs] [Times: user=0.08 sys=0.00, real=0.01 secs] 
2016-09-15T11:55:52.989-0400: 149.444: [GC (GCLocker Initiated GC) [PSYoungGen: 161544K->43429K(175104K)] 364415K->264660K(699392K), 0.0280253 secs] [Times: user=0.33 sys=0.00, real=0.03 secs] 
2016-09-15T11:55:53.127-0400: 149.582: [GC (Allocation Failure) [PSYoungGen: 131493K->73608K(175104K)] 352844K->331865K(699392K), 0.0106869 secs] [Times: user=0.14 sys=0.00, real=0.02 secs] 
2016-09-15T11:55:53.138-0400: 149.594: [GC (GCLocker Initiated GC) [PSYoungGen: 73626K->128K(175104K)] 331883K->349906K(699392K), 0.0076965 secs] [Times: user=0.12 sys=0.00, real=0.00 secs] 
2016-09-15T11:55:53.234-0400: 149.689: [GC (GCLocker Initiated GC) [PSYoungGen: 82502K->86242K(175104K)] 438355K->466395K(699392K), 0.0128773 secs] [Times: user=0.16 sys=0.00, real=0.01 secs] 
2016-09-15T11:55:53.336-0400: 149.792: [GC (GCLocker Initiated GC) [PSYoungGen: 174306K->73640K(175104K)] 554624K->497219K(699392K), 0.0120661 secs] [Times: user=0.16 sys=0.00, real=0.01 secs] 
2016-09-15T11:55:53.457-0400: 149.912: [GC (Allocation Failure) [PSYoungGen: 161704K->85954K(175104K)] 591450K->540104K(699392K), 0.0113310 secs] [Times: user=0.12 sys=0.00, real=0.01 secs] 
2016-09-15T11:55:53.468-0400: 149.923: [Full GC (Ergonomics) [PSYoungGen: 85954K->0K(175104K)] [ParOldGen: 454150K->53413K(524288K)] 540104K->53413K(699392K), [Metaspace: 44414K->44414K(1087488K)], 0.0696532 secs] [Times: user=0.38 sys=0.02, real=0.07 secs] 
2016-09-15T11:55:53.661-0400: 150.117: [GC (GCLocker Initiated GC) [PSYoungGen: 88064K->86242K(175104K)] 141482K->145735K(699392K), 0.0110859 secs] [Times: user=0.17 sys=0.00, real=0.01 secs] 
2016-09-15T11:55:53.817-0400: 150.272: [GC (GCLocker Initiated GC) [PSYoungGen: 174306K->85854K(175104K)] 239928K->218857K(699392K), 0.0132971 secs] [Times: user=0.20 sys=0.00, real=0.01 secs] 
2016-09-15T11:55:53.932-0400: 150.388: [GC (GCLocker Initiated GC) [PSYoungGen: 173918K->79683K(175104K)] 307131K->255728K(699392K), 0.0119593 secs] [Times: user=0.17 sys=0.00, real=0.01 secs] 
2016-09-15T11:55:54.092-0400: 150.548: [GC (GCLocker Initiated GC) [PSYoungGen: 167747K->55187K(175104K)] 343796K->267994K(699392K), 0.0159478 secs] [Times: user=0.22 sys=0.00, real=0.02 secs] 
2016-09-15T11:55:54.233-0400: 150.689: [GC (GCLocker Initiated GC) [PSYoungGen: 143251K->85690K(175104K)] 356195K->304821K(699392K), 0.0088899 secs] [Times: user=0.11 sys=0.00, real=0.01 secs] 
2016-09-15T11:55:54.354-0400: 150.809: [GC (GCLocker Initiated GC) [PSYoungGen: 173754K->55287K(175104K)] 393111K->317320K(699392K), 0.0230407 secs] [Times: user=0.27 sys=0.00, real=0.03 secs] 
2016-09-15T11:55:54.495-0400: 150.950: [GC (GCLocker Initiated GC) [PSYoungGen: 143351K->67305K(175104K)] 411815K->336045K(699392K), 0.0077562 secs] [Times: user=0.07 sys=0.00, real=0.01 secs] 
2016-09-15T11:55:54.624-0400: 151.079: [GC (GCLocker Initiated GC) [PSYoungGen: 155369K->67277K(175104K)] 424150K->348304K(699392K), 0.0091257 secs] [Times: user=0.07 sys=0.00, real=0.01 secs] 
2016-09-15T11:55:54.756-0400: 151.211: [GC (Allocation Failure) [PSYoungGen: 155341K->55579K(175104K)] 442658K->397894K(699392K), 0.0108173 secs] [Times: user=0.15 sys=0.00, real=0.00 secs] 
2016-09-15T11:55:54.888-0400: 151.343: [GC (GCLocker Initiated GC) [PSYoungGen: 139468K->55383K(175104K)] 487858K->422290K(699392K), 0.0218821 secs] [Times: user=0.28 sys=0.00, real=0.02 secs] 
2016-09-15T11:55:55.047-0400: 151.502: [GC (Allocation Failure) [PSYoungGen: 143447K->55547K(175104K)] 516588K->447049K(699392K), 0.0113962 secs] [Times: user=0.14 sys=0.00, real=0.02 secs] 
2016-09-15T11:55:55.202-0400: 151.657: [GC (GCLocker Initiated GC) [PSYoungGen: 140893K->55287K(175104K)] 538470K->471504K(699392K), 0.0149684 secs] [Times: user=0.18 sys=0.00, real=0.02 secs] 
2016-09-15T11:55:55.339-0400: 151.794: [GC (Allocation Failure) [PSYoungGen: 143351K->73640K(175104K)] 559733K->508406K(699392K), 0.0193845 secs] [Times: user=0.24 sys=0.00, real=0.02 secs] 
2016-09-15T11:55:55.464-0400: 151.920: [GC (GCLocker Initiated GC) [PSYoungGen: 161704K->85790K(175104K)] 596476K->545154K(699392K), 0.0120042 secs] [Times: user=0.13 sys=0.00, real=0.02 secs] 
2016-09-15T11:55:55.625-0400: 152.080: [Full GC (Ergonomics) [PSYoungGen: 173854K->0K(175104K)] [ParOldGen: 465492K->47245K(524288K)] 639346K->47245K(699392K), [Metaspace: 44414K->44414K(1087488K)], 0.0605738 secs] [Times: user=0.31 sys=0.00, real=0.06 secs] 
2016-09-15T11:55:55.818-0400: 152.273: [GC (GCLocker Initiated GC) [PSYoungGen: 88064K->80139K(175104K)] 147607K->139682K(699392K), 0.0081353 secs] [Times: user=0.09 sys=0.00, real=0.00 secs] 
2016-09-15T11:55:55.938-0400: 152.393: [GC (GCLocker Initiated GC) [PSYoungGen: 168203K->61330K(175104K)] 234182K->182484K(699392K), 0.0229502 secs] [Times: user=0.19 sys=0.01, real=0.02 secs] 
2016-09-15T11:55:56.089-0400: 152.544: [GC (GCLocker Initiated GC) [PSYoungGen: 149394K->37226K(175104K)] 282747K->207132K(699392K), 0.0278854 secs] [Times: user=0.27 sys=0.01, real=0.03 secs] 
2016-09-15T11:55:56.246-0400: 152.702: [GC (GCLocker Initiated GC) [PSYoungGen: 125290K->37062K(175104K)] 301828K->226001K(699392K), 0.0096149 secs] [Times: user=0.08 sys=0.00, real=0.02 secs] 
2016-09-15T11:55:56.382-0400: 152.837: [GC (GCLocker Initiated GC) [PSYoungGen: 125126K->55415K(175104K)] 326560K->275209K(699392K), 0.0222469 secs] [Times: user=0.25 sys=0.00, real=0.02 secs] 
2016-09-15T11:55:56.509-0400: 152.964: [GC (GCLocker Initiated GC) [PSYoungGen: 143479K->67569K(175104K)] 363634K->306201K(699392K), 0.0203511 secs] [Times: user=0.21 sys=0.00, real=0.02 secs] 
2016-09-15T11:55:56.641-0400: 153.096: [GC (GCLocker Initiated GC) [PSYoungGen: 155633K->79683K(175104K)] 394313K->355121K(699392K), 0.0142343 secs] [Times: user=0.18 sys=0.00, real=0.01 secs] 
2016-09-15T11:55:56.774-0400: 153.230: [GC (GCLocker Initiated GC) [PSYoungGen: 167747K->43301K(175104K)] 443467K->367741K(699392K), 0.0163770 secs] [Times: user=0.17 sys=0.00, real=0.02 secs] 
2016-09-15T11:55:56.890-0400: 153.346: [GC (GCLocker Initiated GC) [PSYoungGen: 131365K->55219K(175104K)] 455807K->416575K(699392K), 0.0123462 secs] [Times: user=0.18 sys=0.00, real=0.01 secs] 
2016-09-15T11:55:57.044-0400: 153.499: [GC (GCLocker Initiated GC) [PSYoungGen: 143283K->86054K(175104K)] 504703K->453669K(699392K), 0.0140240 secs] [Times: user=0.16 sys=0.00, real=0.02 secs] 
2016-09-15T11:55:57.171-0400: 153.626: [GC (GCLocker Initiated GC) [PSYoungGen: 174118K->73476K(175104K)] 541746K->496266K(699392K), 0.0129314 secs] [Times: user=0.18 sys=0.00, real=0.01 secs] 
2016-09-15T11:55:57.291-0400: 153.747: [GC (GCLocker Initiated GC) [PSYoungGen: 161540K->73672K(175104K)] 590514K->520999K(699392K), 0.0264013 secs] [Times: user=0.36 sys=0.02, real=0.03 secs] 
2016-09-15T11:55:57.444-0400: 153.900: [GC (GCLocker Initiated GC) [PSYoungGen: 161736K->73672K(175104K)] 609368K->551938K(699392K), 0.0103613 secs] [Times: user=0.11 sys=0.00, real=0.01 secs] 
2016-09-15T11:55:57.455-0400: 153.910: [Full GC (Ergonomics) [PSYoungGen: 73672K->0K(175104K)] [ParOldGen: 478266K->53870K(524288K)] 551938K->53870K(699392K), [Metaspace: 44423K->44423K(1087488K)], 0.0576417 secs] [Times: user=0.40 sys=0.01, real=0.06 secs] 
2016-09-15T11:55:57.641-0400: 154.097: [GC (GCLocker Initiated GC) [PSYoungGen: 88064K->86018K(175104K)] 142076K->164331K(699392K), 0.0117321 secs] [Times: user=0.19 sys=0.00, real=0.01 secs] 
2016-09-15T11:55:57.770-0400: 154.225: [GC (GCLocker Initiated GC) [PSYoungGen: 174082K->55351K(175104K)] 252739K->188966K(699392K), 0.0148316 secs] [Times: user=0.17 sys=0.00, real=0.01 secs] 
2016-09-15T11:55:57.887-0400: 154.343: [GC (GCLocker Initiated GC) [PSYoungGen: 143415K->85790K(175104K)] 277163K->231824K(699392K), 0.0092956 secs] [Times: user=0.08 sys=0.01, real=0.02 secs] 
2016-09-15T11:55:58.025-0400: 154.480: [GC (Allocation Failure) [PSYoungGen: 173854K->61266K(175104K)] 320120K->232107K(699392K), 0.0125471 secs] [Times: user=0.08 sys=0.01, real=0.02 secs] 
2016-09-15T11:55:58.143-0400: 154.599: [GC (GCLocker Initiated GC) [PSYoungGen: 149270K->55287K(175104K)] 326187K->256943K(699392K), 0.0077848 secs] [Times: user=0.08 sys=0.00, real=0.01 secs] 
2016-09-15T11:55:58.287-0400: 154.743: [GC (GCLocker Initiated GC) [PSYoungGen: 143351K->67533K(175104K)] 357272K->299822K(699392K), 0.0140798 secs] [Times: user=0.18 sys=0.00, real=0.02 secs] 
2016-09-15T11:55:58.429-0400: 154.884: [GC (GCLocker Initiated GC) [PSYoungGen: 155597K->85986K(175104K)] 388129K->343134K(699392K), 0.0096100 secs] [Times: user=0.13 sys=0.00, real=0.01 secs] 
2016-09-15T11:55:58.554-0400: 155.009: [GC (GCLocker Initiated GC) [PSYoungGen: 174050K->61198K(175104K)] 431441K->337105K(699392K), 0.0185429 secs] [Times: user=0.19 sys=0.00, real=0.02 secs] 
2016-09-15T11:55:58.706-0400: 155.161: [GC (GCLocker Initiated GC) [PSYoungGen: 149262K->49244K(175104K)] 425279K->380055K(699392K), 0.0094725 secs] [Times: user=0.10 sys=0.00, real=0.02 secs] 
2016-09-15T11:55:58.837-0400: 155.292: [GC (Allocation Failure) [PSYoungGen: 137308K->49084K(175104K)] 468284K->386395K(699392K), 0.0154362 secs] [Times: user=0.13 sys=0.00, real=0.01 secs] 
2016-09-15T11:55:58.946-0400: 155.401: [GC (GCLocker Initiated GC) [PSYoungGen: 137148K->67305K(175104K)] 474459K->423273K(699392K), 0.0106217 secs] [Times: user=0.09 sys=0.00, real=0.02 secs] 
2016-09-15T11:55:59.067-0400: 155.523: [GC (GCLocker Initiated GC) [PSYoungGen: 155369K->79619K(175104K)] 511664K->454250K(699392K), 0.0100892 secs] [Times: user=0.08 sys=0.00, real=0.02 secs] 
2016-09-15T11:55:59.208-0400: 155.663: [GC (Allocation Failure) [PSYoungGen: 167683K->55255K(175104K)] 554808K->460849K(699392K), 0.0332132 secs] [Times: user=0.37 sys=0.00, real=0.03 secs] 
2016-09-15T11:55:59.351-0400: 155.806: [GC (GCLocker Initiated GC) [PSYoungGen: 141111K->55383K(175104K)] 552780K->467179K(699392K), 0.0073894 secs] [Times: user=0.10 sys=0.00, real=0.01 secs] 
2016-09-15T11:55:59.472-0400: 155.928: [GC (GCLocker Initiated GC) [PSYoungGen: 143447K->73772K(175104K)] 555352K->504030K(699392K), 0.0108370 secs] [Times: user=0.17 sys=0.00, real=0.01 secs] 
2016-09-15T11:55:59.604-0400: 156.059: [GC (GCLocker Initiated GC) [PSYoungGen: 161836K->55123K(175104K)] 598508K->510483K(699392K), 0.0112499 secs] [Times: user=0.16 sys=0.00, real=0.01 secs] 
2016-09-15T11:55:59.728-0400: 156.183: [GC (GCLocker Initiated GC) [PSYoungGen: 143187K->74196K(175104K)] 604887K->536032K(699392K), 0.0110907 secs] [Times: user=0.14 sys=0.00, real=0.01 secs] 
2016-09-15T11:55:59.858-0400: 156.314: [GC (GCLocker Initiated GC) [PSYoungGen: 162260K->79715K(175104K)] 624379K->578591K(699392K), 0.0114216 secs] [Times: user=0.15 sys=0.00, real=0.01 secs] 
2016-09-15T11:55:59.870-0400: 156.325: [Full GC (Ergonomics) [PSYoungGen: 79715K->0K(175104K)] [ParOldGen: 498876K->53975K(524288K)] 578591K->53975K(699392K), [Metaspace: 44431K->44431K(1087488K)], 0.0529027 secs] [Times: user=0.34 sys=0.01, real=0.05 secs] 
2016-09-15T11:56:00.020-0400: 156.475: [GC (GCLocker Initiated GC) [PSYoungGen: 88064K->86242K(175104K)] 148156K->194934K(699392K), 0.0115258 secs] [Times: user=0.18 sys=0.00, real=0.01 secs] 
2016-09-15T11:56:00.146-0400: 156.601: [GC (Allocation Failure) [PSYoungGen: 174306K->36866K(175104K)] 289316K->207263K(699392K), 0.0093853 secs] [Times: user=0.09 sys=0.00, real=0.01 secs] 
2016-09-15T11:56:00.256-0400: 156.712: [GC (GCLocker Initiated GC) [PSYoungGen: 124930K->85954K(175104K)] 295327K->280779K(699392K), 0.0106545 secs] [Times: user=0.12 sys=0.00, real=0.00 secs] 
2016-09-15T11:56:00.409-0400: 156.864: [GC (GCLocker Initiated GC) [PSYoungGen: 174018K->49148K(175104K)] 381046K->274848K(699392K), 0.0154086 secs] [Times: user=0.17 sys=0.00, real=0.01 secs] 
2016-09-15T11:56:00.519-0400: 156.975: [GC (GCLocker Initiated GC) [PSYoungGen: 137212K->67437K(175104K)] 362993K->342102K(699392K), 0.0104577 secs] [Times: user=0.10 sys=0.00, real=0.01 secs] 
2016-09-15T11:56:00.649-0400: 157.105: [GC (GCLocker Initiated GC) [PSYoungGen: 155501K->85758K(175104K)] 430207K->433672K(699392K), 0.0130048 secs] [Times: user=0.18 sys=0.00, real=0.01 secs] 
2016-09-15T11:56:00.779-0400: 157.234: [GC (GCLocker Initiated GC) [PSYoungGen: 173822K->73708K(175104K)] 521951K->446389K(699392K), 0.0104801 secs] [Times: user=0.06 sys=0.01, real=0.01 secs] 
2016-09-15T11:56:00.920-0400: 157.375: [GC (GCLocker Initiated GC) [PSYoungGen: 161772K->61394K(175104K)] 534578K->470957K(699392K), 0.0201400 secs] [Times: user=0.22 sys=0.00, real=0.02 secs] 
2016-09-15T11:56:01.099-0400: 157.555: [GC (Allocation Failure) [PSYoungGen: 149458K->67241K(175104K)] 565194K->483072K(699392K), 0.0096038 secs] [Times: user=0.10 sys=0.00, real=0.01 secs] 
2016-09-15T11:56:01.277-0400: 157.733: [GC (GCLocker Initiated GC) [PSYoungGen: 155305K->61198K(175104K)] 571142K->507521K(699392K), 0.0219247 secs] [Times: user=0.19 sys=0.00, real=0.02 secs] 
2016-09-15T11:56:01.445-0400: 157.900: [Full GC (Ergonomics) [PSYoungGen: 149262K->0K(175104K)] [ParOldGen: 464859K->53633K(524288K)] 614121K->53633K(699392K), [Metaspace: 44437K->44437K(1087488K)], 0.0651452 secs] [Times: user=0.39 sys=0.01, real=0.07 secs] 
2016-09-15T11:56:01.631-0400: 158.087: [GC (GCLocker Initiated GC) [PSYoungGen: 88064K->85854K(175104K)] 141991K->164081K(699392K), 0.0106397 secs] [Times: user=0.13 sys=0.00, real=0.01 secs] 
2016-09-15T11:56:01.741-0400: 158.196: [GC (GCLocker Initiated GC) [PSYoungGen: 173918K->55906K(175104K)] 252161K->189296K(699392K), 0.0124933 secs] [Times: user=0.16 sys=0.00, real=0.01 secs] 
2016-09-15T11:56:01.868-0400: 158.324: [GC (GCLocker Initiated GC) [PSYoungGen: 143970K->73836K(175104K)] 277626K->244248K(699392K), 0.0116669 secs] [Times: user=0.16 sys=0.00, real=0.01 secs] 
2016-09-15T11:56:01.993-0400: 158.449: [GC (GCLocker Initiated GC) [PSYoungGen: 161900K->55906K(175104K)] 332404K->244779K(699392K), 0.0099288 secs] [Times: user=0.15 sys=0.00, real=0.01 secs] 
2016-09-15T11:56:02.110-0400: 158.565: [GC (GCLocker Initiated GC) [PSYoungGen: 143970K->55643K(175104K)] 339258K->269799K(699392K), 0.0083106 secs] [Times: user=0.12 sys=0.00, real=0.01 secs] 
2016-09-15T11:56:02.228-0400: 158.684: [GC (GCLocker Initiated GC) [PSYoungGen: 143707K->73672K(175104K)] 364249K->312918K(699392K), 0.0107738 secs] [Times: user=0.15 sys=0.01, real=0.01 secs] 
2016-09-15T11:56:02.336-0400: 158.791: [GC (GCLocker Initiated GC) [PSYoungGen: 161736K->73804K(175104K)] 401227K->368457K(699392K), 0.0119779 secs] [Times: user=0.17 sys=0.00, real=0.01 secs] 
2016-09-15T11:56:02.442-0400: 158.897: [GC (GCLocker Initiated GC) [PSYoungGen: 161868K->86018K(175104K)] 462807K->448195K(699392K), 0.0131316 secs] [Times: user=0.22 sys=0.00, real=0.01 secs] 
2016-09-15T11:56:02.528-0400: 158.984: [GC (GCLocker Initiated GC) [PSYoungGen: 174082K->86314K(175104K)] 536592K->473603K(699392K), 0.0118174 secs] [Times: user=0.17 sys=0.00, real=0.01 secs] 
2016-09-15T11:56:02.642-0400: 159.098: [GC (GCLocker Initiated GC) [PSYoungGen: 174378K->67533K(175104K)] 562543K->492580K(699392K), 0.0109075 secs] [Times: user=0.11 sys=0.00, real=0.01 secs] 
2016-09-15T11:56:02.751-0400: 159.206: [GC (GCLocker Initiated GC) [PSYoungGen: 155594K->73544K(175104K)] 581002K->553943K(699392K), 0.0123514 secs] [Times: user=0.18 sys=0.00, real=0.01 secs] 
2016-09-15T11:56:02.763-0400: 159.219: [Full GC (Ergonomics) [PSYoungGen: 73544K->0K(175104K)] [ParOldGen: 480399K->54660K(524288K)] 553943K->54660K(699392K), [Metaspace: 44437K->44437K(1087488K)], 0.0481681 secs] [Times: user=0.37 sys=0.01, real=0.05 secs] 
2016-09-15T11:56:02.891-0400: 159.346: [GC (GCLocker Initiated GC) [PSYoungGen: 88064K->86046K(175104K)] 142912K->165194K(699392K), 0.0108111 secs] [Times: user=0.17 sys=0.00, real=0.01 secs] 
2016-09-15T11:56:03.012-0400: 159.467: [GC (GCLocker Initiated GC) [PSYoungGen: 174110K->37418K(175104K)] 271822K->153878K(699392K), 0.0070978 secs] [Times: user=0.10 sys=0.00, real=0.01 secs] 
2016-09-15T11:56:03.116-0400: 159.572: [GC (GCLocker Initiated GC) [PSYoungGen: 125482K->55511K(175104K)] 254403K->184740K(699392K), 0.0120683 secs] [Times: user=0.17 sys=0.00, real=0.01 secs] 
2016-09-15T11:56:03.241-0400: 159.697: [GC (GCLocker Initiated GC) [PSYoungGen: 143575K->86150K(175104K)] 278972K->239915K(699392K), 0.0105521 secs] [Times: user=0.14 sys=0.00, real=0.01 secs] 
2016-09-15T11:56:03.362-0400: 159.817: [GC (Allocation Failure) [PSYoungGen: 174214K->55351K(175104K)] 328614K->258979K(699392K), 0.0106032 secs] [Times: user=0.14 sys=0.00, real=0.01 secs] 
2016-09-15T11:56:03.495-0400: 159.950: [GC (GCLocker Initiated GC) [PSYoungGen: 143343K->55507K(175104K)] 347135K->296072K(699392K), 0.0089636 secs] [Times: user=0.12 sys=0.00, real=0.01 secs] 
2016-09-15T11:56:03.612-0400: 160.068: [GC (GCLocker Initiated GC) [PSYoungGen: 143571K->79683K(175104K)] 390281K->326529K(699392K), 0.0184026 secs] [Times: user=0.22 sys=0.01, real=0.02 secs] 
2016-09-15T11:56:03.738-0400: 160.193: [GC (GCLocker Initiated GC) [PSYoungGen: 167747K->67565K(175104K)] 414865K->369690K(699392K), 0.0109357 secs] [Times: user=0.13 sys=0.00, real=0.01 secs] 
2016-09-15T11:56:03.891-0400: 160.346: [GC (GCLocker Initiated GC) [PSYoungGen: 155629K->36930K(175104K)] 470092K->369918K(699392K), 0.0101499 secs] [Times: user=0.11 sys=0.00, real=0.01 secs] 
2016-09-15T11:56:04.030-0400: 160.485: [GC (GCLocker Initiated GC) [PSYoungGen: 124994K->55615K(175104K)] 470302K->401042K(699392K), 0.0132245 secs] [Times: user=0.15 sys=0.00, real=0.01 secs] 
2016-09-15T11:56:04.162-0400: 160.617: [GC (Allocation Failure) [PSYoungGen: 143679K->55191K(175104K)] 507423K->437420K(699392K), 0.0100928 secs] [Times: user=0.08 sys=0.00, real=0.01 secs] 
2016-09-15T11:56:04.173-0400: 160.628: [GC (GCLocker Initiated GC) [PSYoungGen: 55692K->128K(175104K)] 437921K->431335K(699392K), 0.0064432 secs] [Times: user=0.05 sys=0.00, real=0.01 secs] 
2016-09-15T11:56:04.299-0400: 160.754: [GC (GCLocker Initiated GC) [PSYoungGen: 84162K->55970K(175104K)] 521444K->493269K(699392K), 0.0254176 secs] [Times: user=0.29 sys=0.00, real=0.02 secs] 
2016-09-15T11:56:04.432-0400: 160.888: [GC (GCLocker Initiated GC) [PSYoungGen: 144034K->55287K(175104K)] 581369K->511518K(699392K), 0.0149623 secs] [Times: user=0.17 sys=0.00, real=0.01 secs] 
2016-09-15T11:56:04.448-0400: 160.903: [Full GC (Ergonomics) [PSYoungGen: 55287K->0K(175104K)] [ParOldGen: 456231K->46404K(524288K)] 511518K->46404K(699392K), [Metaspace: 44439K->44439K(1087488K)], 0.0992793 secs] [Times: user=0.91 sys=0.02, real=0.10 secs] 
2016-09-15T11:56:04.631-0400: 161.086: [GC (GCLocker Initiated GC) [PSYoungGen: 88064K->86178K(175104K)] 134778K->163267K(699392K), 0.0107032 secs] [Times: user=0.12 sys=0.00, real=0.01 secs] 
2016-09-15T11:56:04.750-0400: 161.206: [GC (GCLocker Initiated GC) [PSYoungGen: 174242K->73772K(175104K)] 251603K->206379K(699392K), 0.0145595 secs] [Times: user=0.18 sys=0.00, real=0.01 secs] 
2016-09-15T11:56:04.871-0400: 161.326: [GC (GCLocker Initiated GC) [PSYoungGen: 161836K->67401K(175104K)] 306873K->230971K(699392K), 0.0095938 secs] [Times: user=0.10 sys=0.01, real=0.01 secs] 
2016-09-15T11:56:04.992-0400: 161.447: [GC (GCLocker Initiated GC) [PSYoungGen: 155465K->61458K(175104K)] 319071K->243416K(699392K), 0.0086881 secs] [Times: user=0.08 sys=0.00, real=0.01 secs] 
2016-09-15T11:56:05.096-0400: 161.551: [GC (GCLocker Initiated GC) [PSYoungGen: 149522K->49372K(175104K)] 337844K->316985K(699392K), 0.0116261 secs] [Times: user=0.17 sys=0.00, real=0.01 secs] 
2016-09-15T11:56:05.230-0400: 161.685: [GC (GCLocker Initiated GC) [PSYoungGen: 137436K->86054K(175104K)] 411312K->360229K(699392K), 0.0085409 secs] [Times: user=0.08 sys=0.00, real=0.01 secs] 
2016-09-15T11:56:05.356-0400: 161.811: [GC (GCLocker Initiated GC) [PSYoungGen: 174118K->43009K(175104K)] 448633K->354406K(699392K), 0.0079469 secs] [Times: user=0.06 sys=0.00, real=0.00 secs] 
2016-09-15T11:56:05.484-0400: 161.939: [GC (GCLocker Initiated GC) [PSYoungGen: 131073K->61134K(175104K)] 442512K->391065K(699392K), 0.0083130 secs] [Times: user=0.06 sys=0.00, real=0.01 secs] 
2016-09-15T11:56:05.630-0400: 162.086: [GC (GCLocker Initiated GC) [PSYoungGen: 149198K->31150K(175104K)] 485442K->434307K(699392K), 0.0156271 secs] [Times: user=0.14 sys=0.00, real=0.01 secs] 
2016-09-15T11:56:05.764-0400: 162.220: [GC (GCLocker Initiated GC) [PSYoungGen: 119214K->49116K(175104K)] 528567K->458719K(699392K), 0.0136756 secs] [Times: user=0.13 sys=0.00, real=0.02 secs] 
2016-09-15T11:56:05.886-0400: 162.342: [GC (Allocation Failure) [PSYoungGen: 137180K->37226K(175104K)] 559244K->495852K(699392K), 0.0085436 secs] [Times: user=0.08 sys=0.00, real=0.01 secs] 
2016-09-15T11:56:05.895-0400: 162.350: [Full GC (Ergonomics) [PSYoungGen: 37226K->0K(175104K)] [ParOldGen: 458626K->52827K(524288K)] 495852K->52827K(699392K), [Metaspace: 44439K->44439K(1087488K)], 0.0588720 secs] [Times: user=0.31 sys=0.01, real=0.06 secs] 
2016-09-15T11:56:06.080-0400: 162.536: [GC (GCLocker Initiated GC) [PSYoungGen: 88061K->85986K(175104K)] 140894K->144894K(699392K), 0.0077965 secs] [Times: user=0.11 sys=0.00, real=0.01 secs] 
2016-09-15T11:56:06.204-0400: 162.659: [GC (Allocation Failure) [PSYoungGen: 174050K->73804K(175104K)] 233167K->163580K(699392K), 0.0114605 secs] [Times: user=0.13 sys=0.00, real=0.01 secs] 
2016-09-15T11:56:06.324-0400: 162.779: [GC (Allocation Failure) [PSYoungGen: 159098K->49308K(175104K)] 248874K->157608K(699392K), 0.0151639 secs] [Times: user=0.18 sys=0.00, real=0.02 secs] 
2016-09-15T11:56:06.449-0400: 162.904: [GC (GCLocker Initiated GC) [PSYoungGen: 137372K->73480K(175104K)] 245683K->218353K(699392K), 0.0111886 secs] [Times: user=0.10 sys=0.00, real=0.01 secs] 
2016-09-15T11:56:06.572-0400: 163.027: [GC (GCLocker Initiated GC) [PSYoungGen: 161544K->49280K(175104K)] 306465K->218612K(699392K), 0.0176812 secs] [Times: user=0.16 sys=0.00, real=0.02 secs] 
2016-09-15T11:56:06.725-0400: 163.180: [GC (Allocation Failure) [PSYoungGen: 137344K->42909K(175104K)] 312938K->279677K(699392K), 0.0237564 secs] [Times: user=0.26 sys=0.00, real=0.03 secs] 
2016-09-15T11:56:06.749-0400: 163.204: [GC (GCLocker Initiated GC) [PSYoungGen: 43554K->160K(175104K)] 280322K->303918K(699392K), 0.0177020 secs] [Times: user=0.18 sys=0.00, real=0.01 secs] 
2016-09-15T11:56:06.871-0400: 163.327: [GC (GCLocker Initiated GC) [PSYoungGen: 82226K->86210K(175104K)] 392059K->396075K(699392K), 0.0089083 secs] [Times: user=0.08 sys=0.01, real=0.01 secs] 
2016-09-15T11:56:07.024-0400: 163.479: [GC (GCLocker Initiated GC) [PSYoungGen: 174274K->42877K(175104K)] 490429K->377928K(699392K), 0.0079152 secs] [Times: user=0.06 sys=0.00, real=0.01 secs] 
2016-09-15T11:56:07.173-0400: 163.629: [GC (GCLocker Initiated GC) [PSYoungGen: 130941K->55287K(175104K)] 472361K->396795K(699392K), 0.0097323 secs] [Times: user=0.08 sys=0.00, real=0.01 secs] 
2016-09-15T11:56:07.304-0400: 163.759: [GC (GCLocker Initiated GC) [PSYoungGen: 143351K->73640K(175104K)] 485220K->434073K(699392K), 0.0113148 secs] [Times: user=0.15 sys=0.01, real=0.01 secs] 
2016-09-15T11:56:07.458-0400: 163.913: [GC (GCLocker Initiated GC) [PSYoungGen: 161704K->79715K(175104K)] 522168K->476780K(699392K), 0.0144197 secs] [Times: user=0.20 sys=0.00, real=0.01 secs] 
2016-09-15T11:56:07.588-0400: 164.043: [GC (GCLocker Initiated GC) [PSYoungGen: 167779K->73804K(175104K)] 565004K->507606K(699392K), 0.0096974 secs] [Times: user=0.11 sys=0.00, real=0.01 secs] 
2016-09-15T11:56:07.692-0400: 164.147: [GC (GCLocker Initiated GC) [PSYoungGen: 161868K->55547K(175104K)] 601928K->538440K(699392K), 0.0131816 secs] [Times: user=0.16 sys=0.00, real=0.01 secs] 
2016-09-15T11:56:07.705-0400: 164.160: [Full GC (Ergonomics) [PSYoungGen: 55547K->0K(175104K)] [ParOldGen: 482892K->46909K(524288K)] 538440K->46909K(699392K), [Metaspace: 44448K->44448K(1087488K)], 0.0566397 secs] [Times: user=0.37 sys=0.01, real=0.06 secs] 
2016-09-15T11:56:07.875-0400: 164.330: [GC (GCLocker Initiated GC) [PSYoungGen: 88064K->85758K(175104K)] 141085K->163079K(699392K), 0.0090306 secs] [Times: user=0.11 sys=0.00, real=0.01 secs] 
2016-09-15T11:56:08.024-0400: 164.479: [GC (GCLocker Initiated GC) [PSYoungGen: 173822K->61490K(175104K)] 257304K->212285K(699392K), 0.0121388 secs] [Times: user=0.15 sys=0.00, real=0.02 secs] 
2016-09-15T11:56:08.154-0400: 164.609: [GC (GCLocker Initiated GC) [PSYoungGen: 149554K->67373K(175104K)] 300654K->218732K(699392K), 0.0078002 secs] [Times: user=0.06 sys=0.00, real=0.01 secs] 
2016-09-15T11:56:08.308-0400: 164.763: [GC (Allocation Failure) [PSYoungGen: 155437K->61326K(175104K)] 306921K->267769K(699392K), 0.0274066 secs] [Times: user=0.31 sys=0.00, real=0.02 secs] 
2016-09-15T11:56:08.442-0400: 164.897: [GC (GCLocker Initiated GC) [PSYoungGen: 149390K->86086K(175104K)] 355833K->298732K(699392K), 0.0104888 secs] [Times: user=0.14 sys=0.01, real=0.01 secs] 
2016-09-15T11:56:08.592-0400: 165.048: [GC (GCLocker Initiated GC) [PSYoungGen: 174150K->37549K(175104K)] 393165K->293322K(699392K), 0.0115991 secs] [Times: user=0.16 sys=0.00, real=0.01 secs] 
2016-09-15T11:56:08.710-0400: 165.166: [GC (GCLocker Initiated GC) [PSYoungGen: 125613K->49216K(175104K)] 393599K->317281K(699392K), 0.0100368 secs] [Times: user=0.07 sys=0.00, real=0.01 secs] 
2016-09-15T11:56:08.879-0400: 165.334: [GC (GCLocker Initiated GC) [PSYoungGen: 137280K->61134K(175104K)] 411473K->341834K(699392K), 0.0087082 secs] [Times: user=0.07 sys=0.00, real=0.01 secs] 
2016-09-15T11:56:09.010-0400: 165.465: [GC (Allocation Failure) [PSYoungGen: 149198K->73608K(175104K)] 430460K->409696K(699392K), 0.0118190 secs] [Times: user=0.17 sys=0.00, real=0.01 secs] 
2016-09-15T11:56:09.118-0400: 165.573: [GC (GCLocker Initiated GC) [PSYoungGen: 161672K->73640K(175104K)] 497760K->428261K(699392K), 0.0090099 secs] [Times: user=0.13 sys=0.00, real=0.00 secs] 
2016-09-15T11:56:09.261-0400: 165.716: [GC (GCLocker Initiated GC) [PSYoungGen: 161704K->73608K(175104K)] 522761K->453206K(699392K), 0.0134441 secs] [Times: user=0.19 sys=0.00, real=0.01 secs] 
2016-09-15T11:56:09.415-0400: 165.870: [GC (GCLocker Initiated GC) [PSYoungGen: 161672K->55351K(175104K)] 547452K->459671K(699392K), 0.0233070 secs] [Times: user=0.30 sys=0.01, real=0.03 secs] 
2016-09-15T11:56:09.524-0400: 165.980: [GC (Allocation Failure) [PSYoungGen: 143415K->86050K(175104K)] 548001K->515079K(699392K), 0.0106763 secs] [Times: user=0.15 sys=0.00, real=0.01 secs] 
2016-09-15T11:56:09.656-0400: 166.111: [GC (GCLocker Initiated GC) [PSYoungGen: 174114K->67533K(175104K)] 603149K->551699K(699392K), 0.0124123 secs] [Times: user=0.13 sys=0.00, real=0.01 secs] 
2016-09-15T11:56:09.668-0400: 166.124: [Full GC (Ergonomics) [PSYoungGen: 67533K->0K(175104K)] [ParOldGen: 484165K->52906K(524288K)] 551699K->52906K(699392K), [Metaspace: 44468K->44468K(1087488K)], 0.0513862 secs] [Times: user=0.40 sys=0.00, real=0.05 secs] 
2016-09-15T11:56:09.849-0400: 166.304: [GC (GCLocker Initiated GC) [PSYoungGen: 88064K->85986K(175104K)] 141331K->163553K(699392K), 0.0097024 secs] [Times: user=0.11 sys=0.00, real=0.01 secs] 
2016-09-15T11:56:09.977-0400: 166.432: [GC (GCLocker Initiated GC) [PSYoungGen: 174050K->73576K(175104K)] 251889K->194411K(699392K), 0.0105265 secs] [Times: user=0.17 sys=0.01, real=0.00 secs] 
2016-09-15T11:56:10.108-0400: 166.563: [GC (GCLocker Initiated GC) [PSYoungGen: 161640K->36998K(175104K)] 288692K->194513K(699392K), 0.0093224 secs] [Times: user=0.08 sys=0.00, real=0.01 secs] 
2016-09-15T11:56:10.226-0400: 166.681: [GC (GCLocker Initiated GC) [PSYoungGen: 125062K->86150K(175104K)] 282719K->274333K(699392K), 0.0102823 secs] [Times: user=0.13 sys=0.00, real=0.02 secs] 
2016-09-15T11:56:10.369-0400: 166.825: [GC (Allocation Failure) [PSYoungGen: 174214K->79619K(175104K)] 362428K->316905K(699392K), 0.0117238 secs] [Times: user=0.14 sys=0.01, real=0.01 secs] 
2016-09-15T11:56:10.517-0400: 166.972: [GC (GCLocker Initiated GC) [PSYoungGen: 165583K->25107K(175104K)] 408944K->311285K(699392K), 0.0121196 secs] [Times: user=0.14 sys=0.00, real=0.01 secs] 
2016-09-15T11:56:10.647-0400: 167.102: [GC (GCLocker Initiated GC) [PSYoungGen: 113171K->85986K(175104K)] 405730K->384895K(699392K), 0.0098959 secs] [Times: user=0.08 sys=0.00, real=0.02 secs] 
2016-09-15T11:56:10.799-0400: 167.254: [GC (Allocation Failure) [PSYoungGen: 174050K->55647K(175104K)] 473169K->373126K(699392K), 0.0113668 secs] [Times: user=0.14 sys=0.01, real=0.01 secs] 
2016-09-15T11:56:10.897-0400: 167.353: [GC (GCLocker Initiated GC) [PSYoungGen: 143711K->85954K(175104K)] 461195K->446279K(699392K), 0.0114434 secs] [Times: user=0.17 sys=0.00, real=0.01 secs] 
2016-09-15T11:56:11.026-0400: 167.481: [GC (GCLocker Initiated GC) [PSYoungGen: 174018K->85822K(175104K)] 540611K->458750K(699392K), 0.0102263 secs] [Times: user=0.12 sys=0.01, real=0.02 secs] 
2016-09-15T11:56:11.189-0400: 167.644: [GC (GCLocker Initiated GC) [PSYoungGen: 173886K->36966K(175104K)] 553843K->453657K(699392K), 0.0229583 secs] [Times: user=0.24 sys=0.01, real=0.02 secs] 
2016-09-15T11:56:11.317-0400: 167.773: [GC (GCLocker Initiated GC) [PSYoungGen: 125030K->85498K(175104K)] 547832K->508583K(699392K), 0.0203450 secs] [Times: user=0.20 sys=0.00, real=0.02 secs] 
2016-09-15T11:56:11.454-0400: 167.909: [GC (GCLocker Initiated GC) [PSYoungGen: 173562K->61266K(175104K)] 596695K->514862K(699392K), 0.0148819 secs] [Times: user=0.14 sys=0.00, real=0.02 secs] 
2016-09-15T11:56:11.611-0400: 168.066: [Full GC (Ergonomics) [PSYoungGen: 149330K->0K(175104K)] [ParOldGen: 459712K->52793K(524288K)] 609042K->52793K(699392K), [Metaspace: 44468K->44468K(1087488K)], 0.0540710 secs] [Times: user=0.27 sys=0.04, real=0.05 secs] 
2016-09-15T11:56:11.776-0400: 168.231: [GC (GCLocker Initiated GC) [PSYoungGen: 88064K->86402K(175104K)] 140858K->145271K(699392K), 0.0101879 secs] [Times: user=0.11 sys=0.00, real=0.00 secs] 
2016-09-15T11:56:11.909-0400: 168.365: [GC (Allocation Failure) [PSYoungGen: 174466K->79551K(175104K)] 233668K->188345K(699392K), 0.0113786 secs] [Times: user=0.14 sys=0.00, real=0.01 secs] 
2016-09-15T11:56:12.045-0400: 168.501: [GC (GCLocker Initiated GC) [PSYoungGen: 164366K->37290K(175104K)] 279235K->188736K(699392K), 0.0301149 secs] [Times: user=0.39 sys=0.00, real=0.03 secs] 
2016-09-15T11:56:12.176-0400: 168.631: [GC (GCLocker Initiated GC) [PSYoungGen: 125354K->37062K(175104K)] 276914K->189078K(699392K), 0.0095285 secs] [Times: user=0.12 sys=0.00, real=0.00 secs] 
2016-09-15T11:56:12.300-0400: 168.755: [GC (Allocation Failure) [PSYoungGen: 125126K->61622K(175104K)] 289405K->226177K(699392K), 0.0135671 secs] [Times: user=0.13 sys=0.00, real=0.01 secs] 
2016-09-15T11:56:12.452-0400: 168.908: [GC (GCLocker Initiated GC) [PSYoungGen: 149379K->55743K(175104K)] 320009K->263302K(699392K), 0.0120689 secs] [Times: user=0.15 sys=0.00, real=0.01 secs] 
2016-09-15T11:56:12.600-0400: 169.055: [GC (GCLocker Initiated GC) [PSYoungGen: 143807K->49244K(175104K)] 357651K->263372K(699392K), 0.0128859 secs] [Times: user=0.17 sys=0.00, real=0.01 secs] 
2016-09-15T11:56:12.722-0400: 169.178: [GC (GCLocker Initiated GC) [PSYoungGen: 137308K->67533K(175104K)] 357636K->318396K(699392K), 0.0087317 secs] [Times: user=0.11 sys=0.00, real=0.01 secs] 
2016-09-15T11:56:12.864-0400: 169.320: [GC (GCLocker Initiated GC) [PSYoungGen: 155597K->37030K(175104K)] 418618K->318536K(699392K), 0.0104141 secs] [Times: user=0.09 sys=0.00, real=0.01 secs] 
2016-09-15T11:56:13.005-0400: 169.460: [GC (Allocation Failure) [PSYoungGen: 125094K->73576K(175104K)] 412934K->361708K(699392K), 0.0229553 secs] [Times: user=0.25 sys=0.00, real=0.03 secs] 
2016-09-15T11:56:13.158-0400: 169.613: [GC (GCLocker Initiated GC) [PSYoungGen: 158750K->48920K(175104K)] 452958K->361455K(699392K), 0.0268499 secs] [Times: user=0.28 sys=0.00, real=0.02 secs] 
2016-09-15T11:56:13.289-0400: 169.744: [GC (GCLocker Initiated GC) [PSYoungGen: 136984K->55287K(175104K)] 449880K->404769K(699392K), 0.0308844 secs] [Times: user=0.32 sys=0.00, real=0.03 secs] 
2016-09-15T11:56:13.445-0400: 169.900: [GC (GCLocker Initiated GC) [PSYoungGen: 143351K->73740K(175104K)] 493005K->441738K(699392K), 0.0091517 secs] [Times: user=0.10 sys=0.00, real=0.01 secs] 
2016-09-15T11:56:13.613-0400: 170.068: [GC (GCLocker Initiated GC) [PSYoungGen: 161804K->37322K(175104K)] 548343K->442526K(699392K), 0.0144972 secs] [Times: user=0.17 sys=0.00, real=0.01 secs] 
2016-09-15T11:56:13.750-0400: 170.205: [GC (Allocation Failure) [PSYoungGen: 125386K->43105K(175104K)] 530895K->448717K(699392K), 0.0106956 secs] [Times: user=0.10 sys=0.00, real=0.01 secs] 
2016-09-15T11:56:13.862-0400: 170.317: [GC (GCLocker Initiated GC) [PSYoungGen: 131169K->85662K(175104K)] 536787K->509632K(699392K), 0.0105511 secs] [Times: user=0.12 sys=0.00, real=0.01 secs] 
2016-09-15T11:56:14.008-0400: 170.463: [GC (GCLocker Initiated GC) [PSYoungGen: 173726K->37062K(175104K)] 609871K->491715K(699392K), 0.0075391 secs] [Times: user=0.06 sys=0.00, real=0.00 secs] 
2016-09-15T11:56:14.121-0400: 170.576: [GC (GCLocker Initiated GC) [PSYoungGen: 125126K->85790K(175104K)] 579983K->547006K(699392K), 0.0208331 secs] [Times: user=0.24 sys=0.00, real=0.02 secs] 
2016-09-15T11:56:14.265-0400: 170.721: [GC (GCLocker Initiated GC) [PSYoungGen: 173854K->67437K(175104K)] 635202K->577504K(699392K), 0.0222955 secs] [Times: user=0.25 sys=0.00, real=0.03 secs] 
2016-09-15T11:56:14.288-0400: 170.743: [Full GC (Ergonomics) [PSYoungGen: 67437K->0K(175104K)] [ParOldGen: 510067K->53437K(524288K)] 577504K->53437K(699392K), [Metaspace: 44470K->44470K(1087488K)], 0.0650729 secs] [Times: user=0.37 sys=0.02, real=0.06 secs] 
2016-09-15T11:56:14.480-0400: 170.935: [GC (GCLocker Initiated GC) [PSYoungGen: 88064K->73768K(175104K)] 154337K->140041K(699392K), 0.0303249 secs] [Times: user=0.28 sys=0.00, real=0.03 secs] 
2016-09-15T11:56:14.640-0400: 171.095: [GC (GCLocker Initiated GC) [PSYoungGen: 161832K->55187K(175104K)] 228259K->158603K(699392K), 0.0179342 secs] [Times: user=0.20 sys=0.00, real=0.02 secs] 
2016-09-15T11:56:14.796-0400: 171.251: [GC (GCLocker Initiated GC) [PSYoungGen: 143251K->48888K(175104K)] 246709K->170651K(699392K), 0.0085147 secs] [Times: user=0.07 sys=0.00, real=0.00 secs] 
2016-09-15T11:56:14.906-0400: 171.362: [GC (GCLocker Initiated GC) [PSYoungGen: 136952K->73772K(175104K)] 258986K->226301K(699392K), 0.0125506 secs] [Times: user=0.14 sys=0.00, real=0.02 secs] 
2016-09-15T11:56:15.052-0400: 171.507: [GC (GCLocker Initiated GC) [PSYoungGen: 161836K->55351K(175104K)] 314367K->226375K(699392K), 0.0150165 secs] [Times: user=0.18 sys=0.00, real=0.01 secs] 
2016-09-15T11:56:15.183-0400: 171.638: [GC (GCLocker Initiated GC) [PSYoungGen: 143415K->67437K(175104K)] 314488K->256854K(699392K), 0.0128888 secs] [Times: user=0.12 sys=0.00, real=0.02 secs] 
2016-09-15T11:56:15.308-0400: 171.764: [GC (GCLocker Initiated GC) [PSYoungGen: 155501K->49376K(175104K)] 351220K->306136K(699392K), 0.0103011 secs] [Times: user=0.10 sys=0.00, real=0.01 secs] 
2016-09-15T11:56:15.459-0400: 171.914: [GC (Allocation Failure) [PSYoungGen: 137440K->61134K(175104K)] 400451K->354944K(699392K), 0.0230319 secs] [Times: user=0.25 sys=0.01, real=0.02 secs] 
2016-09-15T11:56:15.602-0400: 172.057: [GC (GCLocker Initiated GC) [PSYoungGen: 146744K->55255K(175104K)] 446629K->355243K(699392K), 0.0283610 secs] [Times: user=0.31 sys=0.00, real=0.03 secs] 
2016-09-15T11:56:15.742-0400: 172.197: [GC (Allocation Failure) [PSYoungGen: 143319K->73412K(175104K)] 449642K->380027K(699392K), 0.0160718 secs] [Times: user=0.17 sys=0.00, real=0.02 secs] 
2016-09-15T11:56:15.874-0400: 172.329: [GC (GCLocker Initiated GC) [PSYoungGen: 161476K->79687K(175104K)] 468097K->416794K(699392K), 0.0293598 secs] [Times: user=0.34 sys=0.02, real=0.03 secs] 
2016-09-15T11:56:16.042-0400: 172.497: [GC (GCLocker Initiated GC) [PSYoungGen: 167751K->55059K(175104K)] 505319K->411268K(699392K), 0.0112138 secs] [Times: user=0.10 sys=0.00, real=0.01 secs] 
2016-09-15T11:56:16.159-0400: 172.614: [GC (GCLocker Initiated GC) [PSYoungGen: 143123K->67177K(175104K)] 499396K->423546K(699392K), 0.0118267 secs] [Times: user=0.09 sys=0.00, real=0.01 secs] 
2016-09-15T11:56:16.268-0400: 172.723: [GC (GCLocker Initiated GC) [PSYoungGen: 155241K->79687K(175104K)] 511713K->503088K(699392K), 0.0137014 secs] [Times: user=0.11 sys=0.01, real=0.02 secs] 
2016-09-15T11:56:16.407-0400: 172.862: [GC (GCLocker Initiated GC) [PSYoungGen: 167751K->61298K(175104K)] 597571K->515841K(699392K), 0.0170746 secs] [Times: user=0.15 sys=0.00, real=0.02 secs] 
2016-09-15T11:56:16.548-0400: 173.004: [Full GC (Ergonomics) [PSYoungGen: 149362K->0K(175104K)] [ParOldGen: 460884K->47345K(524288K)] 610246K->47345K(699392K), [Metaspace: 44470K->44470K(1087488K)], 0.0709562 secs] [Times: user=0.41 sys=0.01, real=0.07 secs] 
2016-09-15T11:56:16.748-0400: 173.204: [GC (GCLocker Initiated GC) [PSYoungGen: 88064K->56034K(175104K)] 141510K->109480K(699392K), 0.0094055 secs] [Times: user=0.09 sys=0.01, real=0.01 secs] 
2016-09-15T11:56:16.878-0400: 173.334: [GC (GCLocker Initiated GC) [PSYoungGen: 144098K->85726K(175104K)] 197681K->164296K(699392K), 0.0107458 secs] [Times: user=0.11 sys=0.00, real=0.01 secs] 
2016-09-15T11:56:17.011-0400: 173.466: [GC (GCLocker Initiated GC) [PSYoungGen: 173790K->67565K(175104K)] 253029K->226087K(699392K), 0.0157144 secs] [Times: user=0.17 sys=0.00, real=0.01 secs] 
2016-09-15T11:56:17.128-0400: 173.583: [GC (GCLocker Initiated GC) [PSYoungGen: 155629K->85758K(175104K)] 314344K->244749K(699392K), 0.0118526 secs] [Times: user=0.11 sys=0.00, real=0.01 secs] 
2016-09-15T11:56:17.269-0400: 173.724: [GC (GCLocker Initiated GC) [PSYoungGen: 173822K->73512K(175104K)] 339199K->311909K(699392K), 0.0147841 secs] [Times: user=0.16 sys=0.00, real=0.01 secs] 
2016-09-15T11:56:17.413-0400: 173.868: [GC (GCLocker Initiated GC) [PSYoungGen: 161576K->37094K(175104K)] 412394K->312511K(699392K), 0.0147124 secs] [Times: user=0.16 sys=0.01, real=0.02 secs] 
2016-09-15T11:56:17.529-0400: 173.984: [GC (GCLocker Initiated GC) [PSYoungGen: 125158K->67341K(175104K)] 400651K->343085K(699392K), 0.0076920 secs] [Times: user=0.05 sys=0.00, real=0.01 secs] 
2016-09-15T11:56:17.659-0400: 174.114: [GC (Allocation Failure) [PSYoungGen: 155405K->30891K(175104K)] 437367K->373878K(699392K), 0.0188492 secs] [Times: user=0.20 sys=0.00, real=0.02 secs] 
2016-09-15T11:56:17.815-0400: 174.270: [GC (GCLocker Initiated GC) [PSYoungGen: 118952K->79359K(175104K)] 461945K->422635K(699392K), 0.0089914 secs] [Times: user=0.06 sys=0.01, real=0.01 secs] 
2016-09-15T11:56:17.928-0400: 174.384: [GC (Allocation Failure) [PSYoungGen: 167423K->61462K(175104K)] 517084K->429460K(699392K), 0.0079722 secs] [Times: user=0.06 sys=0.00, real=0.01 secs] 
2016-09-15T11:56:18.046-0400: 174.501: [GC (GCLocker Initiated GC) [PSYoungGen: 148258K->73512K(175104K)] 522331K->466094K(699392K), 0.0289869 secs] [Times: user=0.31 sys=0.01, real=0.03 secs] 
2016-09-15T11:56:18.217-0400: 174.672: [GC (GCLocker Initiated GC) [PSYoungGen: 161576K->43073K(175104K)] 560578K->478612K(699392K), 0.0235270 secs] [Times: user=0.21 sys=0.00, real=0.02 secs] 
2016-09-15T11:56:18.360-0400: 174.815: [GC (GCLocker Initiated GC) [PSYoungGen: 131137K->55451K(175104K)] 573061K->497495K(699392K), 0.0100716 secs] [Times: user=0.11 sys=0.00, real=0.01 secs] 
2016-09-15T11:56:18.497-0400: 174.952: [GC (GCLocker Initiated GC) [PSYoungGen: 143515K->73640K(175104K)] 585729K->534550K(699392K), 0.0093523 secs] [Times: user=0.09 sys=0.00, real=0.00 secs] 
2016-09-15T11:56:18.507-0400: 174.962: [Full GC (Ergonomics) [PSYoungGen: 73640K->0K(175104K)] [ParOldGen: 460910K->53476K(524288K)] 534550K->53476K(699392K), [Metaspace: 44470K->44470K(1087488K)], 0.0587063 secs] [Times: user=0.39 sys=0.01, real=0.06 secs] 
2016-09-15T11:56:18.673-0400: 175.128: [GC (GCLocker Initiated GC) [PSYoungGen: 88064K->85986K(175104K)] 141766K->145764K(699392K), 0.0149387 secs] [Times: user=0.22 sys=0.00, real=0.02 secs] 
2016-09-15T11:56:18.806-0400: 175.261: [GC (GCLocker Initiated GC) [PSYoungGen: 174050K->79879K(175104K)] 246019K->188638K(699392K), 0.0092784 secs] [Times: user=0.13 sys=0.00, real=0.01 secs] 
2016-09-15T11:56:18.930-0400: 175.385: [GC (GCLocker Initiated GC) [PSYoungGen: 167941K->55483K(175104K)] 289200K->219566K(699392K), 0.0109150 secs] [Times: user=0.13 sys=0.00, real=0.01 secs] 
2016-09-15T11:56:19.096-0400: 175.552: [GC (GCLocker Initiated GC) [PSYoungGen: 143547K->43169K(175104K)] 313720K->231866K(699392K), 0.0125413 secs] [Times: user=0.16 sys=0.00, real=0.01 secs] 
2016-09-15T11:56:19.239-0400: 175.694: [GC (GCLocker Initiated GC) [PSYoungGen: 131233K->85986K(175104K)] 320162K->305566K(699392K), 0.0099353 secs] [Times: user=0.13 sys=0.00, real=0.01 secs] 
2016-09-15T11:56:19.368-0400: 175.823: [GC (Allocation Failure) [PSYoungGen: 174050K->30795K(175104K)] 400409K->293895K(699392K), 0.0135093 secs] [Times: user=0.13 sys=0.00, real=0.01 secs] 
2016-09-15T11:56:19.498-0400: 175.954: [GC (GCLocker Initiated GC) [PSYoungGen: 117657K->73640K(175104K)] 386833K->361176K(699392K), 0.0104087 secs] [Times: user=0.14 sys=0.00, real=0.01 secs] 
2016-09-15T11:56:19.629-0400: 176.084: [GC (GCLocker Initiated GC) [PSYoungGen: 161704K->85986K(175104K)] 449316K->392138K(699392K), 0.0144737 secs] [Times: user=0.18 sys=0.01, real=0.01 secs] 
2016-09-15T11:56:19.752-0400: 176.207: [GC (GCLocker Initiated GC) [PSYoungGen: 174050K->67437K(175104K)] 480669K->428843K(699392K), 0.0103815 secs] [Times: user=0.11 sys=0.00, real=0.01 secs] 
2016-09-15T11:56:19.878-0400: 176.333: [GC (GCLocker Initiated GC) [PSYoungGen: 155501K->85822K(175104K)] 517144K->490314K(699392K), 0.0100428 secs] [Times: user=0.16 sys=0.00, real=0.01 secs] 
2016-09-15T11:56:20.010-0400: 176.466: [GC (GCLocker Initiated GC) [PSYoungGen: 173886K->85790K(175104K)] 584657K->502928K(699392K), 0.0092516 secs] [Times: user=0.12 sys=0.00, real=0.01 secs] 
2016-09-15T11:56:20.147-0400: 176.603: [GC (Allocation Failure) [PSYoungGen: 173854K->43005K(175104K)] 591011K->515144K(699392K), 0.0121465 secs] [Times: user=0.13 sys=0.00, real=0.02 secs] 
2016-09-15T11:56:20.160-0400: 176.615: [Full GC (Ergonomics) [PSYoungGen: 43005K->0K(175104K)] [ParOldGen: 472139K->35373K(524288K)] 515144K->35373K(699392K), [Metaspace: 44470K->44470K(1087488K)], 0.0456819 secs] [Times: user=0.26 sys=0.01, real=0.04 secs] 
2016-09-15T11:56:20.314-0400: 176.769: [GC (GCLocker Initiated GC) [PSYoungGen: 86567K->86242K(175104K)] 128015K->133765K(699392K), 0.0074526 secs] [Times: user=0.08 sys=0.00, real=0.01 secs] 
2016-09-15T11:56:20.463-0400: 176.918: [GC (GCLocker Initiated GC) [PSYoungGen: 174306K->61330K(175104K)] 234073K->127859K(699392K), 0.0138400 secs] [Times: user=0.13 sys=0.00, real=0.02 secs] 
2016-09-15T11:56:20.600-0400: 177.055: [GC (GCLocker Initiated GC) [PSYoungGen: 149394K->61722K(175104K)] 216093K->159096K(699392K), 0.0276718 secs] [Times: user=0.29 sys=0.01, real=0.03 secs] 
2016-09-15T11:56:20.757-0400: 177.212: [GC (GCLocker Initiated GC) [PSYoungGen: 149786K->67373K(175104K)] 247375K->195597K(699392K), 0.0169215 secs] [Times: user=0.16 sys=0.00, real=0.01 secs] 
2016-09-15T11:56:20.902-0400: 177.357: [GC (Allocation Failure) [PSYoungGen: 155437K->43301K(175104K)] 283910K->226536K(699392K), 0.0162743 secs] [Times: user=0.17 sys=0.00, real=0.02 secs] 
2016-09-15T11:56:20.919-0400: 177.374: [GC (GCLocker Initiated GC) [PSYoungGen: 43311K->128K(175104K)] 226547K->250714K(699392K), 0.0123855 secs] [Times: user=0.13 sys=0.00, real=0.01 secs] 
2016-09-15T11:56:21.040-0400: 177.495: [GC (GCLocker Initiated GC) [PSYoungGen: 88192K->85726K(175104K)] 338784K->348468K(699392K), 0.0102644 secs] [Times: user=0.10 sys=0.00, real=0.01 secs] 
2016-09-15T11:56:21.209-0400: 177.664: [GC (GCLocker Initiated GC) [PSYoungGen: 173790K->49244K(175104K)] 448771K->360942K(699392K), 0.0208806 secs] [Times: user=0.23 sys=0.01, real=0.02 secs] 
2016-09-15T11:56:21.336-0400: 177.791: [GC (GCLocker Initiated GC) [PSYoungGen: 137308K->85726K(175104K)] 449087K->422105K(699392K), 0.0168951 secs] [Times: user=0.19 sys=0.00, real=0.01 secs] 
2016-09-15T11:56:21.469-0400: 177.925: [GC (GCLocker Initiated GC) [PSYoungGen: 173790K->67597K(175104K)] 516292K->477232K(699392K), 0.0111193 secs] [Times: user=0.17 sys=0.00, real=0.01 secs] 
2016-09-15T11:56:21.627-0400: 178.083: [GC (GCLocker Initiated GC) [PSYoungGen: 155661K->73640K(175104K)] 571642K->538520K(699392K), 0.0101074 secs] [Times: user=0.13 sys=0.00, real=0.02 secs] 
2016-09-15T11:56:21.638-0400: 178.093: [Full GC (Ergonomics) [PSYoungGen: 73640K->0K(175104K)] [ParOldGen: 464880K->53914K(524288K)] 538520K->53914K(699392K), [Metaspace: 44473K->44473K(1087488K)], 0.0542943 secs] [Times: user=0.38 sys=0.00, real=0.05 secs] 
2016-09-15T11:56:21.812-0400: 178.267: [GC (Allocation Failure) [PSYoungGen: 88064K->73476K(175104K)] 149293K->134705K(699392K), 0.0097956 secs] [Times: user=0.12 sys=0.00, real=0.01 secs] 
2016-09-15T11:56:21.907-0400: 178.363: [GC (GCLocker Initiated GC) [PSYoungGen: 161472K->85658K(175104K)] 222865K->214020K(699392K), 0.0143149 secs] [Times: user=0.18 sys=0.00, real=0.02 secs] 
2016-09-15T11:56:22.056-0400: 178.511: [GC (Allocation Failure) [PSYoungGen: 173722K->67501K(175104K)] 308497K->232770K(699392K), 0.0152128 secs] [Times: user=0.18 sys=0.00, real=0.01 secs] 
2016-09-15T11:56:22.201-0400: 178.657: [GC (GCLocker Initiated GC) [PSYoungGen: 150233K->55579K(175104K)] 321578K->245448K(699392K), 0.0075305 secs] [Times: user=0.10 sys=0.00, real=0.01 secs] 
2016-09-15T11:56:22.312-0400: 178.767: [GC (GCLocker Initiated GC) [PSYoungGen: 143643K->79683K(175104K)] 333757K->282090K(699392K), 0.0181800 secs] [Times: user=0.18 sys=0.00, real=0.02 secs] 
2016-09-15T11:56:22.457-0400: 178.912: [GC (GCLocker Initiated GC) [PSYoungGen: 167747K->55355K(175104K)] 382440K->312661K(699392K), 0.0161063 secs] [Times: user=0.14 sys=0.00, real=0.01 secs] 
2016-09-15T11:56:22.610-0400: 179.065: [GC (Allocation Failure) [PSYoungGen: 143419K->61298K(175104K)] 400873K->319020K(699392K), 0.0126393 secs] [Times: user=0.11 sys=0.00, real=0.01 secs] 
2016-09-15T11:56:22.759-0400: 179.214: [GC (GCLocker Initiated GC) [PSYoungGen: 148954K->25043K(175104K)] 412751K->319491K(699392K), 0.0371469 secs] [Times: user=0.38 sys=0.01, real=0.04 secs] 
2016-09-15T11:56:22.914-0400: 179.370: [GC (GCLocker Initiated GC) [PSYoungGen: 113107K->73480K(175104K)] 407664K->374387K(699392K), 0.0097146 secs] [Times: user=0.09 sys=0.00, real=0.01 secs] 
2016-09-15T11:56:23.052-0400: 179.508: [GC (GCLocker Initiated GC) [PSYoungGen: 161544K->55419K(175104K)] 468692K->380879K(699392K), 0.0082921 secs] [Times: user=0.08 sys=0.00, real=0.01 secs] 
2016-09-15T11:56:23.194-0400: 179.649: [GC (Allocation Failure) [PSYoungGen: 143483K->55191K(175104K)] 475357K->387324K(699392K), 0.0145854 secs] [Times: user=0.15 sys=0.00, real=0.02 secs] 
2016-09-15T11:56:23.313-0400: 179.769: [GC (GCLocker Initiated GC) [PSYoungGen: 143255K->55255K(175104K)] 481463K->411800K(699392K), 0.0080205 secs] [Times: user=0.08 sys=0.00, real=0.01 secs] 
2016-09-15T11:56:23.449-0400: 179.904: [GC (GCLocker Initiated GC) [PSYoungGen: 143319K->73872K(175104K)] 506049K->436713K(699392K), 0.0327678 secs] [Times: user=0.36 sys=0.00, real=0.03 secs] 
2016-09-15T11:56:23.611-0400: 180.067: [GC (GCLocker Initiated GC) [PSYoungGen: 161936K->55483K(175104K)] 537277K->431256K(699392K), 0.0208914 secs] [Times: user=0.23 sys=0.00, real=0.02 secs] 
2016-09-15T11:56:23.814-0400: 180.269: [GC (GCLocker Initiated GC) [PSYoungGen: 143547K->36738K(175104K)] 525397K->418848K(699392K), 0.0060781 secs] [Times: user=0.04 sys=0.00, real=0.01 secs] 
2016-09-15T11:56:23.923-0400: 180.378: [GC (GCLocker Initiated GC) [PSYoungGen: 124802K->79683K(175104K)] 507122K->480339K(699392K), 0.0102561 secs] [Times: user=0.11 sys=0.00, real=0.01 secs] 
2016-09-15T11:56:24.058-0400: 180.513: [GC (GCLocker Initiated GC) [PSYoungGen: 167747K->37098K(175104K)] 568770K->498974K(699392K), 0.0273576 secs] [Times: user=0.26 sys=0.00, real=0.02 secs] 
2016-09-15T11:56:24.085-0400: 180.540: [Full GC (Ergonomics) [PSYoungGen: 37098K->0K(175104K)] [ParOldGen: 461876K->54048K(524288K)] 498974K->54048K(699392K), [Metaspace: 44474K->44474K(1087488K)], 0.0681024 secs] [Times: user=0.43 sys=0.00, real=0.07 secs] 
2016-09-15T11:56:24.282-0400: 180.737: [GC (GCLocker Initiated GC) [PSYoungGen: 88064K->85790K(175104K)] 142267K->158218K(699392K), 0.0106579 secs] [Times: user=0.11 sys=0.00, real=0.01 secs] 
2016-09-15T11:56:24.433-0400: 180.888: [GC (GCLocker Initiated GC) [PSYoungGen: 173854K->43169K(175104K)] 252544K->170758K(699392K), 0.0096962 secs] [Times: user=0.09 sys=0.00, real=0.01 secs] 
2016-09-15T11:56:24.553-0400: 181.008: [GC (GCLocker Initiated GC) [PSYoungGen: 131233K->73284K(175104K)] 258882K->207284K(699392K), 0.0213247 secs] [Times: user=0.20 sys=0.00, real=0.02 secs] 
2016-09-15T11:56:24.661-0400: 181.116: [GC (GCLocker Initiated GC) [PSYoungGen: 161348K->55419K(175104K)] 295687K->256710K(699392K), 0.0130835 secs] [Times: user=0.10 sys=0.00, real=0.01 secs] 
2016-09-15T11:56:24.803-0400: 181.259: [GC (GCLocker Initiated GC) [PSYoungGen: 143482K->73836K(175104K)] 345129K->312208K(699392K), 0.0192089 secs] [Times: user=0.21 sys=0.01, real=0.02 secs] 
2016-09-15T11:56:24.916-0400: 181.371: [GC (GCLocker Initiated GC) [PSYoungGen: 161900K->67533K(175104K)] 406490K->348685K(699392K), 0.0216908 secs] [Times: user=0.24 sys=0.00, real=0.02 secs] 
2016-09-15T11:56:25.055-0400: 181.510: [GC (GCLocker Initiated GC) [PSYoungGen: 155597K->67829K(175104K)] 442915K->373672K(699392K), 0.0215390 secs] [Times: user=0.26 sys=0.01, real=0.03 secs] 
2016-09-15T11:56:25.212-0400: 181.668: [GC (GCLocker Initiated GC) [PSYoungGen: 155893K->73640K(175104K)] 467818K->404402K(699392K), 0.0133364 secs] [Times: user=0.16 sys=0.00, real=0.01 secs] 
2016-09-15T11:56:25.330-0400: 181.785: [GC (GCLocker Initiated GC) [PSYoungGen: 161704K->85890K(175104K)] 492670K->435404K(699392K), 0.0112092 secs] [Times: user=0.13 sys=0.00, real=0.01 secs] 
2016-09-15T11:56:25.476-0400: 181.931: [GC (GCLocker Initiated GC) [PSYoungGen: 173954K->73412K(175104K)] 529781K->472031K(699392K), 0.0101388 secs] [Times: user=0.10 sys=0.00, real=0.00 secs] 
2016-09-15T11:56:25.612-0400: 182.067: [GC (GCLocker Initiated GC) [PSYoungGen: 161476K->79751K(175104K)] 560193K->478588K(699392K), 0.0134572 secs] [Times: user=0.12 sys=0.00, real=0.01 secs] 
2016-09-15T11:56:25.746-0400: 182.202: [GC (GCLocker Initiated GC) [PSYoungGen: 167815K->37030K(175104K)] 572996K->460876K(699392K), 0.0112460 secs] [Times: user=0.13 sys=0.00, real=0.02 secs] 
2016-09-15T11:56:25.893-0400: 182.348: [GC (GCLocker Initiated GC) [PSYoungGen: 125094K->36966K(175104K)] 561226K->473350K(699392K), 0.0170327 secs] [Times: user=0.19 sys=0.00, real=0.02 secs] 
2016-09-15T11:56:26.036-0400: 182.491: [GC (GCLocker Initiated GC) [PSYoungGen: 125030K->67729K(175104K)] 561511K->522539K(699392K), 0.0101519 secs] [Times: user=0.09 sys=0.00, real=0.00 secs] 
2016-09-15T11:56:26.153-0400: 182.609: [Full GC (Ergonomics) [PSYoungGen: 155793K->0K(175104K)] [ParOldGen: 460976K->48319K(524288K)] 616769K->48319K(699392K), [Metaspace: 44478K->44478K(1087488K)], 0.0583635 secs] [Times: user=0.32 sys=0.00, real=0.06 secs] 
2016-09-15T11:56:26.320-0400: 182.775: [GC (GCLocker Initiated GC) [PSYoungGen: 88064K->73964K(175104K)] 136409K->122309K(699392K), 0.0172483 secs] [Times: user=0.19 sys=0.00, real=0.02 secs] 
2016-09-15T11:56:26.448-0400: 182.903: [GC (GCLocker Initiated GC) [PSYoungGen: 162028K->85954K(175104K)] 210600K->159357K(699392K), 0.0097804 secs] [Times: user=0.09 sys=0.00, real=0.01 secs] 
2016-09-15T11:56:26.580-0400: 183.035: [GC (GCLocker Initiated GC) [PSYoungGen: 174018K->37030K(175104K)] 253775K->165638K(699392K), 0.0103281 secs] [Times: user=0.09 sys=0.00, real=0.01 secs] 
2016-09-15T11:56:26.693-0400: 183.148: [GC (GCLocker Initiated GC) [PSYoungGen: 125094K->61430K(175104K)] 260055K->196494K(699392K), 0.0085031 secs] [Times: user=0.06 sys=0.01, real=0.01 secs] 
2016-09-15T11:56:26.835-0400: 183.290: [GC (GCLocker Initiated GC) [PSYoungGen: 149494K->67665K(175104K)] 290882K->227530K(699392K), 0.0292831 secs] [Times: user=0.35 sys=0.00, real=0.03 secs] 
2016-09-15T11:56:26.969-0400: 183.424: [GC (GCLocker Initiated GC) [PSYoungGen: 155729K->85694K(175104K)] 315636K->245868K(699392K), 0.0171016 secs] [Times: user=0.21 sys=0.00, real=0.01 secs] 
2016-09-15T11:56:27.079-0400: 183.534: [GC (GCLocker Initiated GC) [PSYoungGen: 173758K->61426K(175104K)] 333980K->300719K(699392K), 0.0208859 secs] [Times: user=0.23 sys=0.00, real=0.02 secs] 
2016-09-15T11:56:27.212-0400: 183.668: [GC (Allocation Failure) [PSYoungGen: 149490K->61526K(175104K)] 389032K->368200K(699392K), 0.0113317 secs] [Times: user=0.12 sys=0.01, real=0.01 secs] 
2016-09-15T11:56:27.224-0400: 183.679: [GC (GCLocker Initiated GC) [PSYoungGen: 61549K->128K(175104K)] 368223K->368053K(699392K), 0.0100704 secs] [Times: user=0.09 sys=0.00, real=0.01 secs] 
2016-09-15T11:56:27.321-0400: 183.776: [GC (GCLocker Initiated GC) [PSYoungGen: 88192K->86110K(175104K)] 456117K->496577K(699392K), 0.0121405 secs] [Times: user=0.15 sys=0.00, real=0.01 secs] 
2016-09-15T11:56:27.491-0400: 183.946: [GC (GCLocker Initiated GC) [PSYoungGen: 174174K->55159K(175104K)] 590842K->490560K(699392K), 0.0239653 secs] [Times: user=0.28 sys=0.00, real=0.02 secs] 
2016-09-15T11:56:27.515-0400: 183.970: [Full GC (Ergonomics) [PSYoungGen: 55159K->0K(175104K)] [ParOldGen: 435400K->47890K(524288K)] 490560K->47890K(699392K), [Metaspace: 44483K->44483K(1087488K)], 0.0525950 secs] [Times: user=0.35 sys=0.02, real=0.06 secs] 
2016-09-15T11:56:27.655-0400: 184.111: [GC (GCLocker Initiated GC) [PSYoungGen: 88064K->85950K(175104K)] 136013K->152125K(699392K), 0.0146112 secs] [Times: user=0.19 sys=0.00, real=0.02 secs] 
2016-09-15T11:56:27.796-0400: 184.251: [GC (Allocation Failure) [PSYoungGen: 174014K->37062K(175104K)] 252503K->176832K(699392K), 0.0097648 secs] [Times: user=0.10 sys=0.00, real=0.00 secs] 
2016-09-15T11:56:27.898-0400: 184.354: [GC (GCLocker Initiated GC) [PSYoungGen: 124043K->55255K(175104K)] 269889K->201376K(699392K), 0.0073412 secs] [Times: user=0.08 sys=0.00, real=0.00 secs] 
2016-09-15T11:56:28.024-0400: 184.479: [GC (GCLocker Initiated GC) [PSYoungGen: 143319K->85922K(175104K)] 289644K->256682K(699392K), 0.0288617 secs] [Times: user=0.33 sys=0.01, real=0.03 secs] 
2016-09-15T11:56:28.162-0400: 184.617: [GC (GCLocker Initiated GC) [PSYoungGen: 173986K->55579K(175104K)] 345107K->245389K(699392K), 0.0070418 secs] [Times: user=0.09 sys=0.00, real=0.01 secs] 
2016-09-15T11:56:28.279-0400: 184.735: [GC (Allocation Failure) [PSYoungGen: 143643K->67533K(175104K)] 339816K->282230K(699392K), 0.0146406 secs] [Times: user=0.17 sys=0.00, real=0.01 secs] 
2016-09-15T11:56:28.414-0400: 184.870: [GC (GCLocker Initiated GC) [PSYoungGen: 155597K->73772K(175104K)] 370295K->306978K(699392K), 0.0093173 secs] [Times: user=0.11 sys=0.00, real=0.01 secs] 
2016-09-15T11:56:28.529-0400: 184.984: [GC (Allocation Failure) [PSYoungGen: 161836K->67309K(175104K)] 395353K->319310K(699392K), 0.0103427 secs] [Times: user=0.08 sys=0.00, real=0.01 secs] 
2016-09-15T11:56:28.648-0400: 185.103: [GC (GCLocker Initiated GC) [PSYoungGen: 155373K->67505K(175104K)] 407380K->356033K(699392K), 0.0225400 secs] [Times: user=0.20 sys=0.00, real=0.03 secs] 
2016-09-15T11:56:28.798-0400: 185.253: [GC (Allocation Failure) [PSYoungGen: 155569K->37030K(175104K)] 450320K->338116K(699392K), 0.0146346 secs] [Times: user=0.11 sys=0.00, real=0.01 secs] 
2016-09-15T11:56:28.919-0400: 185.374: [GC (GCLocker Initiated GC) [PSYoungGen: 125094K->55223K(175104K)] 426185K->392860K(699392K), 0.0186386 secs] [Times: user=0.21 sys=0.00, real=0.02 secs] 
2016-09-15T11:56:29.047-0400: 185.502: [GC (GCLocker Initiated GC) [PSYoungGen: 143287K->61330K(175104K)] 487074K->423618K(699392K), 0.0164638 secs] [Times: user=0.17 sys=0.00, real=0.02 secs] 
2016-09-15T11:56:29.173-0400: 185.628: [GC (GCLocker Initiated GC) [PSYoungGen: 149394K->37485K(175104K)] 524142K->455067K(699392K), 0.0070083 secs] [Times: user=0.08 sys=0.00, real=0.01 secs] 
2016-09-15T11:56:29.295-0400: 185.750: [GC (Allocation Failure) [PSYoungGen: 125549K->55059K(175104K)] 549370K->479327K(699392K), 0.0141724 secs] [Times: user=0.14 sys=0.00, real=0.02 secs] 
2016-09-15T11:56:29.425-0400: 185.880: [GC (GCLocker Initiated GC) [PSYoungGen: 143123K->79747K(175104K)] 567396K->504140K(699392K), 0.0121662 secs] [Times: user=0.13 sys=0.00, real=0.02 secs] 
2016-09-15T11:56:29.561-0400: 186.016: [GC (Allocation Failure) [PSYoungGen: 167811K->55319K(175104K)] 598326K->504359K(699392K), 0.0085500 secs] [Times: user=0.11 sys=0.00, real=0.01 secs] 
2016-09-15T11:56:29.679-0400: 186.134: [GC (GCLocker Initiated GC) [PSYoungGen: 143383K->85922K(175104K)] 592434K->583881K(699392K), 0.0106609 secs] [Times: user=0.15 sys=0.00, real=0.01 secs] 
2016-09-15T11:56:29.690-0400: 186.145: [Full GC (Ergonomics) [PSYoungGen: 85922K->0K(175104K)] [ParOldGen: 497958K->54397K(524288K)] 583881K->54397K(699392K), [Metaspace: 44483K->44483K(1087488K)], 0.0578386 secs] [Times: user=0.43 sys=0.01, real=0.05 secs] 
2016-09-15T11:56:29.855-0400: 186.310: [GC (GCLocker Initiated GC) [PSYoungGen: 88064K->85726K(175104K)] 142508K->146246K(699392K), 0.0085029 secs] [Times: user=0.11 sys=0.00, real=0.01 secs] 
2016-09-15T11:56:29.971-0400: 186.426: [GC (GCLocker Initiated GC) [PSYoungGen: 173790K->79715K(175104K)] 234408K->207481K(699392K), 0.0111858 secs] [Times: user=0.16 sys=0.01, real=0.01 secs] 
2016-09-15T11:56:30.085-0400: 186.541: [GC (GCLocker Initiated GC) [PSYoungGen: 167775K->85822K(175104K)] 295892K->287154K(699392K), 0.0127155 secs] [Times: user=0.20 sys=0.00, real=0.02 secs] 
2016-09-15T11:56:30.224-0400: 186.680: [GC (GCLocker Initiated GC) [PSYoungGen: 173886K->55611K(175104K)] 375320K->293779K(699392K), 0.0095746 secs] [Times: user=0.13 sys=0.00, real=0.01 secs] 
2016-09-15T11:56:30.324-0400: 186.780: [GC (GCLocker Initiated GC) [PSYoungGen: 143675K->74196K(175104K)] 382204K->331453K(699392K), 0.0092281 secs] [Times: user=0.14 sys=0.00, real=0.01 secs] 
2016-09-15T11:56:30.432-0400: 186.888: [GC (GCLocker Initiated GC) [PSYoungGen: 162260K->85854K(175104K)] 419632K->410531K(699392K), 0.0105998 secs] [Times: user=0.16 sys=0.00, real=0.01 secs] 
2016-09-15T11:56:30.531-0400: 186.987: [GC (GCLocker Initiated GC) [PSYoungGen: 173918K->85854K(175104K)] 498766K->471948K(699392K), 0.0107748 secs] [Times: user=0.17 sys=0.00, real=0.01 secs] 
2016-09-15T11:56:30.654-0400: 187.110: [GC (GCLocker Initiated GC) [PSYoungGen: 173918K->61490K(175104K)] 560099K->526978K(699392K), 0.0125849 secs] [Times: user=0.18 sys=0.02, real=0.01 secs] 
2016-09-15T11:56:30.667-0400: 187.122: [Full GC (Ergonomics) [PSYoungGen: 61490K->0K(175104K)] [ParOldGen: 465488K->60490K(524288K)] 526978K->60490K(699392K), [Metaspace: 44483K->44483K(1087488K)], 0.0631458 secs] [Times: user=0.52 sys=0.01, real=0.07 secs] 
2016-09-15T11:56:30.843-0400: 187.299: [GC (GCLocker Initiated GC) [PSYoungGen: 88064K->86694K(175104K)] 148579K->177584K(699392K), 0.0109463 secs] [Times: user=0.16 sys=0.00, real=0.01 secs] 
2016-09-15T11:56:31.009-0400: 187.465: [GC (GCLocker Initiated GC) [PSYoungGen: 174758K->19128K(175104K)] 290197K->208632K(699392K), 0.0089401 secs] [Times: user=0.13 sys=0.00, real=0.01 secs] 
2016-09-15T11:56:31.156-0400: 187.611: [GC (Allocation Failure) [PSYoungGen: 107192K->37453K(175104K)] 303120K->233672K(699392K), 0.0115965 secs] [Times: user=0.16 sys=0.00, real=0.00 secs] 
2016-09-15T11:56:31.285-0400: 187.740: [GC (GCLocker Initiated GC) [PSYoungGen: 125517K->73804K(175104K)] 321742K->288381K(699392K), 0.0115429 secs] [Times: user=0.14 sys=0.00, real=0.02 secs] 
2016-09-15T11:56:31.445-0400: 187.900: [GC (Allocation Failure) [PSYoungGen: 161868K->55679K(175104K)] 382775K->295110K(699392K), 0.0127765 secs] [Times: user=0.15 sys=0.00, real=0.02 secs] 
2016-09-15T11:56:31.576-0400: 188.031: [GC (GCLocker Initiated GC) [PSYoungGen: 143743K->73576K(175104K)] 383175K->331352K(699392K), 0.0120518 secs] [Times: user=0.14 sys=0.00, real=0.01 secs] 
2016-09-15T11:56:31.696-0400: 188.151: [GC (GCLocker Initiated GC) [PSYoungGen: 161639K->73772K(175104K)] 419771K->368497K(699392K), 0.0130776 secs] [Times: user=0.15 sys=0.00, real=0.01 secs] 
2016-09-15T11:56:31.829-0400: 188.285: [GC (GCLocker Initiated GC) [PSYoungGen: 161836K->86018K(175104K)] 456783K->387324K(699392K), 0.0115667 secs] [Times: user=0.15 sys=0.00, real=0.01 secs] 
2016-09-15T11:56:31.957-0400: 188.413: [GC (Allocation Failure) [PSYoungGen: 174082K->36898K(175104K)] 475425K->374974K(699392K), 0.0093719 secs] [Times: user=0.08 sys=0.00, real=0.00 secs] 
2016-09-15T11:56:32.066-0400: 188.522: [GC (GCLocker Initiated GC) [PSYoungGen: 124962K->85990K(175104K)] 463043K->430258K(699392K), 0.0164241 secs] [Times: user=0.17 sys=0.00, real=0.02 secs] 
2016-09-15T11:56:32.205-0400: 188.660: [GC (GCLocker Initiated GC) [PSYoungGen: 174054K->79459K(175104K)] 524747K->430560K(699392K), 0.0319695 secs] [Times: user=0.28 sys=0.00, real=0.04 secs] 
2016-09-15T11:56:32.366-0400: 188.821: [GC (GCLocker Initiated GC) [PSYoungGen: 167523K->24880K(175104K)] 524758K->412585K(699392K), 0.0122860 secs] [Times: user=0.10 sys=0.00, real=0.02 secs] 
2016-09-15T11:56:32.491-0400: 188.946: [GC (GCLocker Initiated GC) [PSYoungGen: 112944K->73576K(175104K)] 500695K->479852K(699392K), 0.0353547 secs] [Times: user=0.41 sys=0.00, real=0.03 secs] 
2016-09-15T11:56:32.653-0400: 189.109: [GC (GCLocker Initiated GC) [PSYoungGen: 161640K->61490K(175104K)] 567958K->492383K(699392K), 0.0170909 secs] [Times: user=0.18 sys=0.00, real=0.02 secs] 
2016-09-15T11:56:32.810-0400: 189.265: [GC (GCLocker Initiated GC) [PSYoungGen: 149554K->49376K(175104K)] 580522K->517482K(699392K), 0.0103641 secs] [Times: user=0.11 sys=0.00, real=0.01 secs] 
2016-09-15T11:56:32.820-0400: 189.276: [Full GC (Ergonomics) [PSYoungGen: 49376K->0K(175104K)] [ParOldGen: 468106K->42253K(524288K)] 517482K->42253K(699392K), [Metaspace: 44484K->44484K(1087488K)], 0.0546974 secs] [Times: user=0.26 sys=0.00, real=0.05 secs] 
2016-09-15T11:56:32.982-0400: 189.437: [GC (GCLocker Initiated GC) [PSYoungGen: 88064K->85758K(175104K)] 130689K->158758K(699392K), 0.0109092 secs] [Times: user=0.12 sys=0.00, real=0.01 secs] 
2016-09-15T11:56:33.108-0400: 189.564: [GC (GCLocker Initiated GC) [PSYoungGen: 173822K->55351K(175104K)] 246970K->207946K(699392K), 0.0177616 secs] [Times: user=0.22 sys=0.00, real=0.01 secs] 
2016-09-15T11:56:33.253-0400: 189.708: [GC (GCLocker Initiated GC) [PSYoungGen: 143415K->73704K(175104K)] 302195K->287319K(699392K), 0.0106106 secs] [Times: user=0.14 sys=0.00, real=0.01 secs] 
2016-09-15T11:56:33.422-0400: 189.877: [GC (GCLocker Initiated GC) [PSYoungGen: 161768K->49244K(175104K)] 387781K->275541K(699392K), 0.0147800 secs] [Times: user=0.17 sys=0.00, real=0.02 secs] 
2016-09-15T11:56:33.545-0400: 190.000: [GC (Allocation Failure) [PSYoungGen: 137308K->73380K(175104K)] 363719K->330465K(699392K), 0.0145410 secs] [Times: user=0.13 sys=0.00, real=0.02 secs] 
2016-09-15T11:56:33.678-0400: 190.133: [GC (GCLocker Initiated GC) [PSYoungGen: 161444K->85990K(175104K)] 418535K->355335K(699392K), 0.0098466 secs] [Times: user=0.10 sys=0.00, real=0.01 secs] 
2016-09-15T11:56:33.811-0400: 190.267: [GC (GCLocker Initiated GC) [PSYoungGen: 174054K->79683K(175104K)] 455652K->361573K(699392K), 0.0071852 secs] [Times: user=0.10 sys=0.00, real=0.01 secs] 
2016-09-15T11:56:33.937-0400: 190.392: [GC (GCLocker Initiated GC) [PSYoungGen: 167747K->74000K(175104K)] 449998K->417152K(699392K), 0.0142224 secs] [Times: user=0.20 sys=0.00, real=0.01 secs] 
2016-09-15T11:56:34.082-0400: 190.537: [GC (GCLocker Initiated GC) [PSYoungGen: 162064K->61622K(175104K)] 505442K->441562K(699392K), 0.0207482 secs] [Times: user=0.25 sys=0.00, real=0.02 secs] 
2016-09-15T11:56:34.215-0400: 190.670: [GC (GCLocker Initiated GC) [PSYoungGen: 149686K->79651K(175104K)] 529841K->478330K(699392K), 0.0097905 secs] [Times: user=0.10 sys=0.00, real=0.01 secs] 
2016-09-15T11:56:34.355-0400: 190.810: [GC (GCLocker Initiated GC) [PSYoungGen: 167715K->61458K(175104K)] 572613K->484716K(699392K), 0.0103701 secs] [Times: user=0.14 sys=0.00, real=0.01 secs] 
2016-09-15T11:56:34.466-0400: 190.922: [GC (GCLocker Initiated GC) [PSYoungGen: 149522K->85986K(175104K)] 572968K->552296K(699392K), 0.0117193 secs] [Times: user=0.16 sys=0.00, real=0.02 secs] 
2016-09-15T11:56:34.478-0400: 190.934: [Full GC (Ergonomics) [PSYoungGen: 85986K->0K(175104K)] [ParOldGen: 466310K->54869K(524288K)] 552296K->54869K(699392K), [Metaspace: 44484K->44484K(1087488K)], 0.0581283 secs] [Times: user=0.43 sys=0.00, real=0.06 secs] 
2016-09-15T11:56:34.665-0400: 191.120: [GC (GCLocker Initiated GC) [PSYoungGen: 88064K->74551K(175104K)] 155142K->141630K(699392K), 0.0081044 secs] [Times: user=0.13 sys=0.00, real=0.01 secs] 
2016-09-15T11:56:34.809-0400: 191.264: [GC (GCLocker Initiated GC) [PSYoungGen: 162615K->67533K(175104K)] 229937K->172204K(699392K), 0.0159578 secs] [Times: user=0.16 sys=0.00, real=0.01 secs] 
2016-09-15T11:56:34.942-0400: 191.397: [GC (GCLocker Initiated GC) [PSYoungGen: 155597K->61330K(175104K)] 260316K->178318K(699392K), 0.0083633 secs] [Times: user=0.07 sys=0.01, real=0.01 secs] 
2016-09-15T11:56:35.058-0400: 191.514: [GC (GCLocker Initiated GC) [PSYoungGen: 149394K->73544K(175104K)] 266603K->209238K(699392K), 0.0192406 secs] [Times: user=0.22 sys=0.00, real=0.02 secs] 
2016-09-15T11:56:35.222-0400: 191.677: [GC (GCLocker Initiated GC) [PSYoungGen: 161608K->37290K(175104K)] 309544K->221943K(699392K), 0.0113232 secs] [Times: user=0.11 sys=0.00, real=0.01 secs] 
2016-09-15T11:56:35.352-0400: 191.807: [GC (GCLocker Initiated GC) [PSYoungGen: 125354K->85726K(175104K)] 310190K->276928K(699392K), 0.0095718 secs] [Times: user=0.09 sys=0.00, real=0.01 secs] 
2016-09-15T11:56:35.478-0400: 191.933: [GC (GCLocker Initiated GC) [PSYoungGen: 173790K->43041K(175104K)] 365359K->289537K(699392K), 0.0215950 secs] [Times: user=0.18 sys=0.00, real=0.02 secs] 
2016-09-15T11:56:35.612-0400: 192.067: [GC (GCLocker Initiated GC) [PSYoungGen: 131105K->73772K(175104K)] 383863K->326813K(699392K), 0.0095966 secs] [Times: user=0.10 sys=0.01, real=0.01 secs] 
2016-09-15T11:56:35.734-0400: 192.189: [GC (GCLocker Initiated GC) [PSYoungGen: 161836K->85530K(175104K)] 414986K->357189K(699392K), 0.0155298 secs] [Times: user=0.16 sys=0.00, real=0.02 secs] 
2016-09-15T11:56:35.869-0400: 192.324: [GC (GCLocker Initiated GC) [PSYoungGen: 173594K->55483K(175104K)] 451593K->376119K(699392K), 0.0316035 secs] [Times: user=0.38 sys=0.00, real=0.03 secs] 
2016-09-15T11:56:36.016-0400: 192.472: [GC (GCLocker Initiated GC) [PSYoungGen: 143547K->61166K(175104K)] 464381K->400673K(699392K), 0.0273255 secs] [Times: user=0.29 sys=0.02, real=0.02 secs] 
2016-09-15T11:56:36.141-0400: 192.596: [GC (GCLocker Initiated GC) [PSYoungGen: 149230K->85922K(175104K)] 494954K->431782K(699392K), 0.0070748 secs] [Times: user=0.09 sys=0.00, real=0.01 secs] 
2016-09-15T11:56:36.274-0400: 192.730: [GC (GCLocker Initiated GC) [PSYoungGen: 173986K->61294K(175104K)] 519857K->462303K(699392K), 0.0234282 secs] [Times: user=0.25 sys=0.01, real=0.03 secs] 
2016-09-15T11:56:36.414-0400: 192.870: [GC (GCLocker Initiated GC) [PSYoungGen: 149358K->61102K(175104K)] 550554K->462401K(699392K), 0.0221457 secs] [Times: user=0.20 sys=0.01, real=0.03 secs] 
2016-09-15T11:56:36.538-0400: 192.993: [GC (GCLocker Initiated GC) [PSYoungGen: 149166K->79783K(175104K)] 562814K->493558K(699392K), 0.0118487 secs] [Times: user=0.12 sys=0.00, real=0.01 secs] 
2016-09-15T11:56:36.649-0400: 193.104: [GC (GCLocker Initiated GC) [PSYoungGen: 167847K->79523K(175104K)] 581894K->530280K(699392K), 0.0256495 secs] [Times: user=0.22 sys=0.00, real=0.02 secs] 
2016-09-15T11:56:36.674-0400: 193.130: [Full GC (Ergonomics) [PSYoungGen: 79523K->0K(175104K)] [ParOldGen: 450756K->54960K(524288K)] 530280K->54960K(699392K), [Metaspace: 44485K->44485K(1087488K)], 0.0605489 secs] [Times: user=0.35 sys=0.01, real=0.06 secs] 
2016-09-15T11:56:36.871-0400: 193.327: [GC (GCLocker Initiated GC) [PSYoungGen: 88064K->73768K(175104K)] 155445K->141149K(699392K), 0.0139174 secs] [Times: user=0.15 sys=0.00, real=0.01 secs] 
2016-09-15T11:56:37.005-0400: 193.461: [GC (GCLocker Initiated GC) [PSYoungGen: 161832K->55383K(175104K)] 235414K->165970K(699392K), 0.0101189 secs] [Times: user=0.13 sys=0.00, real=0.01 secs] 
2016-09-15T11:56:37.120-0400: 193.576: [GC (GCLocker Initiated GC) [PSYoungGen: 143447K->86018K(175104K)] 254395K->215523K(699392K), 0.0130676 secs] [Times: user=0.16 sys=0.00, real=0.01 secs] 
2016-09-15T11:56:37.268-0400: 193.723: [GC (GCLocker Initiated GC) [PSYoungGen: 174082K->37322K(175104K)] 303886K->209786K(699392K), 0.0086418 secs] [Times: user=0.09 sys=0.00, real=0.02 secs] 
2016-09-15T11:56:37.369-0400: 193.825: [GC (GCLocker Initiated GC) [PSYoungGen: 125386K->85790K(175104K)] 297965K->282977K(699392K), 0.0098863 secs] [Times: user=0.12 sys=0.00, real=0.01 secs] 
2016-09-15T11:56:37.489-0400: 193.945: [GC (GCLocker Initiated GC) [PSYoungGen: 173854K->73904K(175104K)] 377170K->368488K(699392K), 0.0215598 secs] [Times: user=0.29 sys=0.00, real=0.02 secs] 
2016-09-15T11:56:37.610-0400: 194.066: [GC (GCLocker Initiated GC) [PSYoungGen: 161968K->73672K(175104K)] 462954K->417483K(699392K), 0.0112289 secs] [Times: user=0.11 sys=0.00, real=0.01 secs] 
2016-09-15T11:56:37.720-0400: 194.176: [GC (GCLocker Initiated GC) [PSYoungGen: 161736K->73640K(175104K)] 505578K->436014K(699392K), 0.0102581 secs] [Times: user=0.16 sys=0.00, real=0.01 secs] 
2016-09-15T11:56:37.858-0400: 194.314: [GC (GCLocker Initiated GC) [PSYoungGen: 161704K->61166K(175104K)] 530380K->448334K(699392K), 0.0179993 secs] [Times: user=0.21 sys=0.00, real=0.02 secs] 
2016-09-15T11:56:38.007-0400: 194.463: [GC (GCLocker Initiated GC) [PSYoungGen: 149230K->55319K(175104K)] 542649K->485324K(699392K), 0.0095092 secs] [Times: user=0.11 sys=0.00, real=0.02 secs] 
2016-09-15T11:56:38.123-0400: 194.578: [GC (GCLocker Initiated GC) [PSYoungGen: 143383K->85822K(175104K)] 573754K->534742K(699392K), 0.0090152 secs] [Times: user=0.10 sys=0.01, real=0.01 secs] 
2016-09-15T11:56:38.132-0400: 194.588: [Full GC (Ergonomics) [PSYoungGen: 85822K->0K(175104K)] [ParOldGen: 448919K->55119K(524288K)] 534742K->55119K(699392K), [Metaspace: 44485K->44485K(1087488K)], 0.0534487 secs] [Times: user=0.28 sys=0.01, real=0.05 secs] 
2016-09-15T11:56:38.283-0400: 194.738: [GC (GCLocker Initiated GC) [PSYoungGen: 88064K->86242K(175104K)] 143393K->147646K(699392K), 0.0072039 secs] [Times: user=0.10 sys=0.00, real=0.01 secs] 
2016-09-15T11:56:38.431-0400: 194.886: [GC (GCLocker Initiated GC) [PSYoungGen: 174306K->67829K(175104K)] 235785K->166509K(699392K), 0.0087809 secs] [Times: user=0.12 sys=0.00, real=0.01 secs] 
2016-09-15T11:56:38.528-0400: 194.983: [GC (GCLocker Initiated GC) [PSYoungGen: 155893K->85658K(175104K)] 254940K->191244K(699392K), 0.0159575 secs] [Times: user=0.23 sys=0.00, real=0.02 secs] 
2016-09-15T11:56:38.659-0400: 195.114: [GC (GCLocker Initiated GC) [PSYoungGen: 173722K->85986K(175104K)] 285492K->234334K(699392K), 0.0097974 secs] [Times: user=0.13 sys=0.00, real=0.01 secs] 
2016-09-15T11:56:38.802-0400: 195.258: [GC (GCLocker Initiated GC) [PSYoungGen: 174050K->31083K(175104K)] 340687K->264836K(699392K), 0.0142260 secs] [Times: user=0.19 sys=0.00, real=0.02 secs] 
2016-09-15T11:56:38.931-0400: 195.386: [GC (GCLocker Initiated GC) [PSYoungGen: 119147K->55187K(175104K)] 359224K->344188K(699392K), 0.0164779 secs] [Times: user=0.22 sys=0.01, real=0.01 secs] 
2016-09-15T11:56:39.051-0400: 195.507: [GC (GCLocker Initiated GC) [PSYoungGen: 143251K->85822K(175104K)] 444634K->393432K(699392K), 0.0097095 secs] [Times: user=0.14 sys=0.00, real=0.01 secs] 
2016-09-15T11:56:39.200-0400: 195.655: [GC (Allocation Failure) [PSYoungGen: 173886K->43169K(175104K)] 481526K->387534K(699392K), 0.0157655 secs] [Times: user=0.19 sys=0.00, real=0.01 secs] 
2016-09-15T11:56:39.319-0400: 195.774: [GC (GCLocker Initiated GC) [PSYoungGen: 131233K->61230K(175104K)] 475604K->436228K(699392K), 0.0100339 secs] [Times: user=0.10 sys=0.00, real=0.01 secs] 
2016-09-15T11:56:39.473-0400: 195.929: [GC (GCLocker Initiated GC) [PSYoungGen: 149294K->85658K(175104K)] 530476K->497350K(699392K), 0.0098281 secs] [Times: user=0.12 sys=0.01, real=0.01 secs] 
2016-09-15T11:56:39.572-0400: 196.027: [GC (Allocation Failure) [PSYoungGen: 173722K->79943K(175104K)] 585450K->540423K(699392K), 0.0098524 secs] [Times: user=0.14 sys=0.01, real=0.01 secs] 
2016-09-15T11:56:39.582-0400: 196.037: [Full GC (Ergonomics) [PSYoungGen: 79943K->0K(175104K)] [ParOldGen: 460480K->55197K(524288K)] 540423K->55197K(699392K), [Metaspace: 44485K->44485K(1087488K)], 0.0575233 secs] [Times: user=0.42 sys=0.01, real=0.06 secs] 
2016-09-15T11:56:39.734-0400: 196.189: [GC (GCLocker Initiated GC) [PSYoungGen: 88063K->74676K(175104K)] 143266K->129878K(699392K), 0.0103622 secs] [Times: user=0.12 sys=0.00, real=0.01 secs] 
2016-09-15T11:56:39.843-0400: 196.299: [GC (GCLocker Initiated GC) [PSYoungGen: 162740K->73704K(175104K)] 230382K->178764K(699392K), 0.0128165 secs] [Times: user=0.18 sys=0.00, real=0.02 secs] 
2016-09-15T11:56:39.977-0400: 196.433: [GC (GCLocker Initiated GC) [PSYoungGen: 161768K->55515K(175104K)] 267133K->179404K(699392K), 0.0170753 secs] [Times: user=0.18 sys=0.00, real=0.01 secs] 
2016-09-15T11:56:40.108-0400: 196.563: [GC (GCLocker Initiated GC) [PSYoungGen: 143579K->67437K(175104K)] 267523K->210210K(699392K), 0.0205261 secs] [Times: user=0.22 sys=0.00, real=0.02 secs] 
2016-09-15T11:56:40.248-0400: 196.704: [GC (GCLocker Initiated GC) [PSYoungGen: 155501K->85658K(175104K)] 298322K->265080K(699392K), 0.0084336 secs] [Times: user=0.12 sys=0.01, real=0.01 secs] 
2016-09-15T11:56:40.361-0400: 196.816: [GC (GCLocker Initiated GC) [PSYoungGen: 173722K->79911K(175104K)] 353259K->332508K(699392K), 0.0133945 secs] [Times: user=0.18 sys=0.01, real=0.01 secs] 
2016-09-15T11:56:40.464-0400: 196.920: [GC (Allocation Failure) [PSYoungGen: 167975K->73904K(175104K)] 420927K->387889K(699392K), 0.0114212 secs] [Times: user=0.13 sys=0.00, real=0.02 secs] 
2016-09-15T11:56:40.591-0400: 197.046: [GC (Allocation Failure) [PSYoungGen: 161968K->55451K(175104K)] 475953K->369712K(699392K), 0.0063539 secs] [Times: user=0.06 sys=0.02, real=0.01 secs] 
2016-09-15T11:56:40.687-0400: 197.142: [GC (GCLocker Initiated GC) [PSYoungGen: 142172K->85790K(175104K)] 462508K->412493K(699392K), 0.0078627 secs] [Times: user=0.11 sys=0.00, real=0.01 secs] 
2016-09-15T11:56:40.830-0400: 197.286: [GC (GCLocker Initiated GC) [PSYoungGen: 173854K->73704K(175104K)] 500817K->437276K(699392K), 0.0136657 secs] [Times: user=0.18 sys=0.00, real=0.01 secs] 
2016-09-15T11:56:40.958-0400: 197.413: [GC (GCLocker Initiated GC) [PSYoungGen: 161768K->43205K(175104K)] 531457K->413161K(699392K), 0.0088627 secs] [Times: user=0.08 sys=0.00, real=0.00 secs] 
2016-09-15T11:56:41.078-0400: 197.533: [GC (Allocation Failure) [PSYoungGen: 131269K->73672K(175104K)] 501356K->492839K(699392K), 0.0117770 secs] [Times: user=0.16 sys=0.00, real=0.01 secs] 
2016-09-15T11:56:41.209-0400: 197.665: [GC (GCLocker Initiated GC) [PSYoungGen: 160904K->55679K(175104K)] 586146K->499461K(699392K), 0.0098078 secs] [Times: user=0.14 sys=0.00, real=0.01 secs] 
2016-09-15T11:56:41.219-0400: 197.675: [Full GC (Ergonomics) [PSYoungGen: 55679K->0K(175104K)] [ParOldGen: 443782K->49299K(524288K)] 499461K->49299K(699392K), [Metaspace: 44485K->44485K(1087488K)], 0.0571819 secs] [Times: user=0.31 sys=0.03, real=0.06 secs] 
2016-09-15T11:56:41.377-0400: 197.832: [GC (GCLocker Initiated GC) [PSYoungGen: 88064K->86110K(175104K)] 137550K->165971K(699392K), 0.0089439 secs] [Times: user=0.12 sys=0.00, real=0.00 secs] 
2016-09-15T11:56:41.481-0400: 197.936: [GC (Allocation Failure) [PSYoungGen: 174174K->79587K(175104K)] 254306K->221025K(699392K), 0.0296234 secs] [Times: user=0.35 sys=0.00, real=0.03 secs] 
2016-09-15T11:56:41.637-0400: 198.092: [GC (Allocation Failure) [PSYoungGen: 167651K->61298K(175104K)] 309090K->239447K(699392K), 0.0234236 secs] [Times: user=0.21 sys=0.00, real=0.02 secs] 
2016-09-15T11:56:41.661-0400: 198.116: [GC (GCLocker Initiated GC) [PSYoungGen: 61314K->128K(175104K)] 239463K->239405K(699392K), 0.0091900 secs] [Times: user=0.07 sys=0.00, real=0.01 secs] 
2016-09-15T11:56:41.760-0400: 198.215: [GC (GCLocker Initiated GC) [PSYoungGen: 88192K->85630K(175104K)] 327470K->324908K(699392K), 0.0092765 secs] [Times: user=0.07 sys=0.00, real=0.01 secs] 
2016-09-15T11:56:41.885-0400: 198.340: [GC (GCLocker Initiated GC) [PSYoungGen: 173694K->55743K(175104K)] 413161K->356243K(699392K), 0.0111532 secs] [Times: user=0.11 sys=0.00, real=0.02 secs] 
2016-09-15T11:56:41.989-0400: 198.444: [GC (GCLocker Initiated GC) [PSYoungGen: 143807K->79519K(175104K)] 444444K->392598K(699392K), 0.0098910 secs] [Times: user=0.11 sys=0.00, real=0.01 secs] 
2016-09-15T11:56:42.085-0400: 198.540: [GC (GCLocker Initiated GC) [PSYoungGen: 167583K->85954K(175104K)] 480710K->466050K(699392K), 0.0233569 secs] [Times: user=0.30 sys=0.00, real=0.03 secs] 
2016-09-15T11:56:42.213-0400: 198.669: [GC (GCLocker Initiated GC) [PSYoungGen: 174018K->67437K(175104K)] 554206K->508807K(699392K), 0.0151131 secs] [Times: user=0.11 sys=0.01, real=0.02 secs] 
2016-09-15T11:56:42.229-0400: 198.684: [Full GC (Ergonomics) [PSYoungGen: 67437K->0K(175104K)] [ParOldGen: 441370K->58936K(524288K)] 508807K->58936K(699392K), [Metaspace: 44486K->44486K(1087488K)], 0.0666705 secs] [Times: user=0.55 sys=0.01, real=0.06 secs] 
2016-09-15T11:56:42.403-0400: 198.858: [GC (Allocation Failure) [PSYoungGen: 88064K->86470K(175104K)] 147041K->151523K(699392K), 0.0108824 secs] [Times: user=0.09 sys=0.00, real=0.01 secs] 
2016-09-15T11:56:42.520-0400: 198.975: [GC (Allocation Failure) [PSYoungGen: 171866K->55447K(175104K)] 236919K->194407K(699392K), 0.0111116 secs] [Times: user=0.16 sys=0.00, real=0.01 secs] 
2016-09-15T11:56:42.646-0400: 199.101: [GC (GCLocker Initiated GC) [PSYoungGen: 143511K->85658K(175104K)] 282477K->249255K(699392K), 0.0094883 secs] [Times: user=0.14 sys=0.00, real=0.02 secs] 
2016-09-15T11:56:42.770-0400: 199.225: [GC (GCLocker Initiated GC) [PSYoungGen: 173722K->85790K(175104K)] 343487K->273899K(699392K), 0.0090418 secs] [Times: user=0.13 sys=0.00, real=0.01 secs] 
2016-09-15T11:56:42.896-0400: 199.351: [GC (GCLocker Initiated GC) [PSYoungGen: 173854K->73576K(175104K)] 362156K->304695K(699392K), 0.0189178 secs] [Times: user=0.20 sys=0.00, real=0.01 secs] 
2016-09-15T11:56:43.007-0400: 199.462: [GC (GCLocker Initiated GC) [PSYoungGen: 161640K->86050K(175104K)] 392885K->372130K(699392K), 0.0124253 secs] [Times: user=0.17 sys=0.00, real=0.02 secs] 
2016-09-15T11:56:43.117-0400: 199.573: [GC (GCLocker Initiated GC) [PSYoungGen: 174114K->85854K(175104K)] 460448K->397140K(699392K), 0.0090943 secs] [Times: user=0.12 sys=0.00, real=0.00 secs] 
2016-09-15T11:56:43.264-0400: 199.719: [GC (GCLocker Initiated GC) [PSYoungGen: 173918K->55319K(175104K)] 491410K->409528K(699392K), 0.0122956 secs] [Times: user=0.12 sys=0.00, real=0.02 secs] 
2016-09-15T11:56:43.393-0400: 199.848: [GC (GCLocker Initiated GC) [PSYoungGen: 143383K->79815K(175104K)] 497830K->464765K(699392K), 0.0193594 secs] [Times: user=0.21 sys=0.00, real=0.02 secs] 
2016-09-15T11:56:43.529-0400: 199.984: [GC (GCLocker Initiated GC) [PSYoungGen: 167879K->49504K(175104K)] 552916K->507748K(699392K), 0.0108371 secs] [Times: user=0.14 sys=0.00, real=0.01 secs] 
2016-09-15T11:56:43.540-0400: 199.995: [Full GC (Ergonomics) [PSYoungGen: 49504K->0K(175104K)] [ParOldGen: 458244K->46789K(524288K)] 507748K->46789K(699392K), [Metaspace: 44486K->44486K(1087488K)], 0.0597254 secs] [Times: user=0.39 sys=0.01, real=0.06 secs] 
2016-09-15T11:56:43.729-0400: 200.184: [GC (GCLocker Initiated GC) [PSYoungGen: 88064K->67537K(175104K)] 141121K->120594K(699392K), 0.0147526 secs] [Times: user=0.16 sys=0.01, real=0.01 secs] 
2016-09-15T11:56:43.852-0400: 200.307: [GC (GCLocker Initiated GC) [PSYoungGen: 155601K->85890K(175104K)] 214847K->175803K(699392K), 0.0139238 secs] [Times: user=0.16 sys=0.00, real=0.01 secs] 
2016-09-15T11:56:44.009-0400: 200.464: [GC (Allocation Failure) [PSYoungGen: 173954K->55287K(175104K)] 276288K->188271K(699392K), 0.0121448 secs] [Times: user=0.10 sys=0.00, real=0.01 secs] 
2016-09-15T11:56:44.022-0400: 200.477: [GC (GCLocker Initiated GC) [PSYoungGen: 55294K->32K(175104K)] 188279K->188249K(699392K), 0.0142427 secs] [Times: user=0.16 sys=0.00, real=0.02 secs] 
2016-09-15T11:56:44.176-0400: 200.631: [GC (GCLocker Initiated GC) [PSYoungGen: 88096K->85758K(175104K)] 276313K->273975K(699392K), 0.0080856 secs] [Times: user=0.09 sys=0.01, real=0.00 secs] 
2016-09-15T11:56:44.312-0400: 200.768: [GC (GCLocker Initiated GC) [PSYoungGen: 173822K->37322K(175104K)] 374517K->311232K(699392K), 0.0179483 secs] [Times: user=0.24 sys=0.00, real=0.02 secs] 
2016-09-15T11:56:44.455-0400: 200.911: [GC (GCLocker Initiated GC) [PSYoungGen: 125386K->73480K(175104K)] 411500K->378119K(699392K), 0.0160409 secs] [Times: user=0.18 sys=0.00, real=0.02 secs] 
2016-09-15T11:56:44.582-0400: 201.038: [GC (GCLocker Initiated GC) [PSYoungGen: 161544K->73836K(175104K)] 466437K->427489K(699392K), 0.0111508 secs] [Times: user=0.16 sys=0.01, real=0.01 secs] 
2016-09-15T11:56:44.712-0400: 201.168: [GC (GCLocker Initiated GC) [PSYoungGen: 161900K->61686K(175104K)] 515920K->452472K(699392K), 0.0117609 secs] [Times: user=0.15 sys=0.00, real=0.01 secs] 
2016-09-15T11:56:44.848-0400: 201.303: [GC (GCLocker Initiated GC) [PSYoungGen: 149750K->73804K(175104K)] 540813K->501428K(699392K), 0.0140424 secs] [Times: user=0.16 sys=0.00, real=0.01 secs] 
2016-09-15T11:56:45.003-0400: 201.459: [GC (GCLocker Initiated GC) [PSYoungGen: 161868K->67373K(175104K)] 601791K->507555K(699392K), 0.0095972 secs] [Times: user=0.07 sys=0.00, real=0.01 secs] 
2016-09-15T11:56:45.013-0400: 201.468: [Full GC (Ergonomics) [PSYoungGen: 67373K->0K(175104K)] [ParOldGen: 440182K->52860K(524288K)] 507555K->52860K(699392K), [Metaspace: 44486K->44486K(1087488K)], 0.0569117 secs] [Times: user=0.32 sys=0.01, real=0.06 secs] 
2016-09-15T11:56:45.194-0400: 201.649: [GC (GCLocker Initiated GC) [PSYoungGen: 88064K->86046K(175104K)] 141061K->163343K(699392K), 0.0101360 secs] [Times: user=0.12 sys=0.00, real=0.01 secs] 
2016-09-15T11:56:45.310-0400: 201.765: [GC (GCLocker Initiated GC) [PSYoungGen: 174110K->79815K(175104K)] 251471K->218498K(699392K), 0.0231435 secs] [Times: user=0.26 sys=0.01, real=0.02 secs] 
2016-09-15T11:56:45.496-0400: 201.952: [GC (GCLocker Initiated GC) [PSYoungGen: 167879K->49340K(175104K)] 312835K->231350K(699392K), 0.0123630 secs] [Times: user=0.12 sys=0.00, real=0.01 secs] 
2016-09-15T11:56:45.654-0400: 202.110: [GC (GCLocker Initiated GC) [PSYoungGen: 137404K->73544K(175104K)] 319618K->274102K(699392K), 0.0296452 secs] [Times: user=0.34 sys=0.00, real=0.03 secs] 
2016-09-15T11:56:45.809-0400: 202.265: [GC (GCLocker Initiated GC) [PSYoungGen: 161608K->67569K(175104K)] 362533K->280731K(699392K), 0.0261109 secs] [Times: user=0.27 sys=0.00, real=0.02 secs] 
2016-09-15T11:56:45.964-0400: 202.419: [GC (GCLocker Initiated GC) [PSYoungGen: 155633K->55807K(175104K)] 374884K->311823K(699392K), 0.0154212 secs] [Times: user=0.21 sys=0.00, real=0.02 secs] 
2016-09-15T11:56:46.082-0400: 202.537: [GC (GCLocker Initiated GC) [PSYoungGen: 143871K->85790K(175104K)] 400160K->379017K(699392K), 0.0122324 secs] [Times: user=0.14 sys=0.00, real=0.01 secs] 
2016-09-15T11:56:46.206-0400: 202.661: [GC (GCLocker Initiated GC) [PSYoungGen: 173854K->74032K(175104K)] 474003K->410783K(699392K), 0.0091467 secs] [Times: user=0.13 sys=0.01, real=0.01 secs] 
2016-09-15T11:56:46.322-0400: 202.778: [GC (GCLocker Initiated GC) [PSYoungGen: 162096K->85790K(175104K)] 511041K->453095K(699392K), 0.0079090 secs] [Times: user=0.10 sys=0.00, real=0.01 secs] 
2016-09-15T11:56:46.454-0400: 202.909: [GC (GCLocker Initiated GC) [PSYoungGen: 173854K->49472K(175104K)] 553485K->496064K(699392K), 0.0264093 secs] [Times: user=0.31 sys=0.01, real=0.03 secs] 
2016-09-15T11:56:46.481-0400: 202.936: [Full GC (Ergonomics) [PSYoungGen: 49472K->0K(175104K)] [ParOldGen: 446592K->52891K(524288K)] 496064K->52891K(699392K), [Metaspace: 44492K->44492K(1087488K)], 0.0599061 secs] [Times: user=0.37 sys=0.02, real=0.06 secs] 
2016-09-15T11:56:46.666-0400: 203.121: [GC (Allocation Failure) [PSYoungGen: 88064K->86178K(175104K)] 147060K->151249K(699392K), 0.0079482 secs] [Times: user=0.10 sys=0.00, real=0.01 secs] 
2016-09-15T11:56:46.803-0400: 203.258: [GC (GCLocker Initiated GC) [PSYoungGen: 170061K->61490K(175104K)] 241207K->206100K(699392K), 0.0128969 secs] [Times: user=0.18 sys=0.01, real=0.01 secs] 
2016-09-15T11:56:46.927-0400: 203.382: [GC (GCLocker Initiated GC) [PSYoungGen: 149554K->85822K(175104K)] 294525K->255440K(699392K), 0.0096293 secs] [Times: user=0.15 sys=0.00, real=0.02 secs] 
2016-09-15T11:56:47.062-0400: 203.517: [GC (GCLocker Initiated GC) [PSYoungGen: 173886K->73540K(175104K)] 349940K->286328K(699392K), 0.0083076 secs] [Times: user=0.12 sys=0.00, real=0.01 secs] 
2016-09-15T11:56:47.209-0400: 203.664: [GC (GCLocker Initiated GC) [PSYoungGen: 161604K->43333K(175104K)] 380474K->262290K(699392K), 0.0155061 secs] [Times: user=0.16 sys=0.00, real=0.01 secs] 
2016-09-15T11:56:47.337-0400: 203.792: [GC (GCLocker Initiated GC) [PSYoungGen: 131397K->79523K(175104K)] 350464K->323329K(699392K), 0.0144647 secs] [Times: user=0.13 sys=0.00, real=0.01 secs] 
2016-09-15T11:56:47.460-0400: 203.916: [GC (GCLocker Initiated GC) [PSYoungGen: 167587K->49084K(175104K)] 411648K->348071K(699392K), 0.0297064 secs] [Times: user=0.27 sys=0.00, real=0.03 secs] 
2016-09-15T11:56:47.632-0400: 204.087: [GC (Allocation Failure) [PSYoungGen: 137148K->55451K(175104K)] 442482K->379269K(699392K), 0.0103965 secs] [Times: user=0.10 sys=0.00, real=0.01 secs] 
2016-09-15T11:56:47.774-0400: 204.229: [GC (GCLocker Initiated GC) [PSYoungGen: 143515K->55743K(175104K)] 467333K->379705K(699392K), 0.0067236 secs] [Times: user=0.09 sys=0.00, real=0.01 secs] 
2016-09-15T11:56:47.892-0400: 204.347: [GC (Allocation Failure) [PSYoungGen: 143807K->61458K(175104K)] 473886K->428106K(699392K), 0.0099828 secs] [Times: user=0.13 sys=0.00, real=0.01 secs] 
2016-09-15T11:56:48.037-0400: 204.492: [GC (GCLocker Initiated GC) [PSYoungGen: 148162K->61686K(175104K)] 520885K->483137K(699392K), 0.0106593 secs] [Times: user=0.15 sys=0.00, real=0.01 secs] 
2016-09-15T11:56:48.168-0400: 204.623: [GC (GCLocker Initiated GC) [PSYoungGen: 149750K->73836K(175104K)] 571562K->514360K(699392K), 0.0112093 secs] [Times: user=0.14 sys=0.00, real=0.01 secs] 
2016-09-15T11:56:48.302-0400: 204.757: [Full GC (Ergonomics) [PSYoungGen: 161900K->0K(175104K)] [ParOldGen: 446696K->47248K(524288K)] 608596K->47248K(699392K), [Metaspace: 44496K->44496K(1087488K)], 0.0567008 secs] [Times: user=0.30 sys=0.01, real=0.06 secs] 
2016-09-15T11:56:48.471-0400: 204.926: [GC (Allocation Failure) [PSYoungGen: 88064K->80039K(175104K)] 147604K->139580K(699392K), 0.0147986 secs] [Times: user=0.16 sys=0.00, real=0.01 secs] 
2016-09-15T11:56:48.602-0400: 205.057: [GC (GCLocker Initiated GC) [PSYoungGen: 163270K->61330K(175104K)] 228886K->188399K(699392K), 0.0206671 secs] [Times: user=0.22 sys=0.00, real=0.02 secs] 
2016-09-15T11:56:48.735-0400: 205.191: [GC (GCLocker Initiated GC) [PSYoungGen: 149394K->73640K(175104K)] 276757K->219519K(699392K), 0.0117078 secs] [Times: user=0.16 sys=0.01, real=0.01 secs] 
2016-09-15T11:56:48.859-0400: 205.314: [GC (GCLocker Initiated GC) [PSYoungGen: 161704K->86018K(175104K)] 307944K->256866K(699392K), 0.0100927 secs] [Times: user=0.15 sys=0.01, real=0.01 secs] 
2016-09-15T11:56:49.013-0400: 205.469: [GC (GCLocker Initiated GC) [PSYoungGen: 174082K->55511K(175104K)] 357334K->275528K(699392K), 0.0085488 secs] [Times: user=0.12 sys=0.00, real=0.01 secs] 
2016-09-15T11:56:49.136-0400: 205.591: [GC (GCLocker Initiated GC) [PSYoungGen: 143575K->85954K(175104K)] 363948K->312561K(699392K), 0.0084792 secs] [Times: user=0.12 sys=0.01, real=0.00 secs] 
2016-09-15T11:56:49.271-0400: 205.726: [GC (GCLocker Initiated GC) [PSYoungGen: 174018K->67597K(175104K)] 400762K->331083K(699392K), 0.0088332 secs] [Times: user=0.10 sys=0.01, real=0.01 secs] 
2016-09-15T11:56:49.392-0400: 205.848: [GC (Allocation Failure) [PSYoungGen: 155661K->61722K(175104K)] 419452K->362074K(699392K), 0.0144707 secs] [Times: user=0.15 sys=0.00, real=0.01 secs] 
2016-09-15T11:56:49.546-0400: 206.001: [GC (Allocation Failure) [PSYoungGen: 149663K->36802K(175104K)] 450016K->355827K(699392K), 0.0132551 secs] [Times: user=0.15 sys=0.00, real=0.02 secs] 
2016-09-15T11:56:49.666-0400: 206.121: [GC (GCLocker Initiated GC) [PSYoungGen: 124866K->73252K(175104K)] 443896K->392386K(699392K), 0.0128044 secs] [Times: user=0.10 sys=0.00, real=0.02 secs] 
2016-09-15T11:56:49.809-0400: 206.265: [GC (GCLocker Initiated GC) [PSYoungGen: 161316K->67569K(175104K)] 486560K->405075K(699392K), 0.0094807 secs] [Times: user=0.09 sys=0.00, real=0.01 secs] 
2016-09-15T11:56:49.914-0400: 206.369: [GC (GCLocker Initiated GC) [PSYoungGen: 155633K->73608K(175104K)] 493276K->448016K(699392K), 0.0103542 secs] [Times: user=0.12 sys=0.01, real=0.01 secs] 
2016-09-15T11:56:50.048-0400: 206.503: [GC (GCLocker Initiated GC) [PSYoungGen: 161672K->73644K(175104K)] 536083K->466376K(699392K), 0.0142385 secs] [Times: user=0.12 sys=0.01, real=0.01 secs] 
2016-09-15T11:56:50.173-0400: 206.628: [GC (GCLocker Initiated GC) [PSYoungGen: 161708K->55447K(175104K)] 560718K->455093K(699392K), 0.0063155 secs] [Times: user=0.06 sys=0.00, real=0.01 secs] 
2016-09-15T11:56:50.299-0400: 206.754: [GC (GCLocker Initiated GC) [PSYoungGen: 143511K->73608K(175104K)] 543434K->491915K(699392K), 0.0080540 secs] [Times: user=0.11 sys=0.00, real=0.00 secs] 
2016-09-15T11:56:50.438-0400: 206.894: [GC (GCLocker Initiated GC) [PSYoungGen: 161672K->61426K(175104K)] 586365K->504643K(699392K), 0.0103562 secs] [Times: user=0.10 sys=0.00, real=0.01 secs] 
2016-09-15T11:56:50.587-0400: 207.042: [GC (Allocation Failure) [PSYoungGen: 149490K->61362K(175104K)] 598930K->511086K(699392K), 0.0223008 secs] [Times: user=0.21 sys=0.00, real=0.03 secs] 
2016-09-15T11:56:50.708-0400: 207.164: [GC (GCLocker Initiated GC) [PSYoungGen: 149426K->73544K(175104K)] 599155K->541782K(699392K), 0.0124521 secs] [Times: user=0.12 sys=0.00, real=0.01 secs] 
2016-09-15T11:56:50.854-0400: 207.309: [Full GC (Ergonomics) [PSYoungGen: 161608K->0K(175104K)] [ParOldGen: 480413K->47199K(524288K)] 642021K->47199K(699392K), [Metaspace: 44515K->44515K(1087488K)], 0.0566146 secs] [Times: user=0.29 sys=0.00, real=0.06 secs] 
2016-09-15T11:56:51.037-0400: 207.492: [GC (GCLocker Initiated GC) [PSYoungGen: 88064K->85918K(175104K)] 135635K->151714K(699392K), 0.0204916 secs] [Times: user=0.22 sys=0.00, real=0.02 secs] 
2016-09-15T11:56:51.175-0400: 207.630: [GC (Allocation Failure) [PSYoungGen: 173982K->85826K(175104K)] 245940K->188886K(699392K), 0.0151003 secs] [Times: user=0.20 sys=0.00, real=0.02 secs] 
2016-09-15T11:56:51.296-0400: 207.751: [GC (GCLocker Initiated GC) [PSYoungGen: 172121K->43201K(175104K)] 281256K->195317K(699392K), 0.0249723 secs] [Times: user=0.29 sys=0.01, real=0.03 secs] 
2016-09-15T11:56:51.445-0400: 207.900: [GC (GCLocker Initiated GC) [PSYoungGen: 131265K->73740K(175104K)] 283394K->226153K(699392K), 0.0100921 secs] [Times: user=0.10 sys=0.00, real=0.01 secs] 
2016-09-15T11:56:51.591-0400: 208.047: [GC (GCLocker Initiated GC) [PSYoungGen: 161804K->55187K(175104K)] 320408K->232464K(699392K), 0.0130633 secs] [Times: user=0.16 sys=0.00, real=0.01 secs] 
2016-09-15T11:56:51.700-0400: 208.155: [GC (GCLocker Initiated GC) [PSYoungGen: 143251K->79879K(175104K)] 320589K->275585K(699392K), 0.0112927 secs] [Times: user=0.15 sys=0.00, real=0.01 secs] 
2016-09-15T11:56:51.866-0400: 208.321: [GC (GCLocker Initiated GC) [PSYoungGen: 167943K->37258K(175104K)] 382159K->306572K(699392K), 0.0217186 secs] [Times: user=0.19 sys=0.00, real=0.02 secs] 
2016-09-15T11:56:52.031-0400: 208.487: [GC (Allocation Failure) [PSYoungGen: 125322K->79523K(175104K)] 394751K->349195K(699392K), 0.0149269 secs] [Times: user=0.10 sys=0.00, real=0.01 secs] 
2016-09-15T11:56:52.196-0400: 208.652: [GC (GCLocker Initiated GC) [PSYoungGen: 167018K->24915K(175104K)] 442765K->337201K(699392K), 0.0441645 secs] [Times: user=0.44 sys=0.00, real=0.04 secs] 
2016-09-15T11:56:52.346-0400: 208.802: [GC (GCLocker Initiated GC) [PSYoungGen: 112979K->55059K(175104K)] 425384K->367895K(699392K), 0.0129908 secs] [Times: user=0.12 sys=0.01, real=0.02 secs] 
2016-09-15T11:56:52.461-0400: 208.916: [GC (GCLocker Initiated GC) [PSYoungGen: 143123K->73772K(175104K)] 456146K->386939K(699392K), 0.0181589 secs] [Times: user=0.22 sys=0.00, real=0.02 secs] 
2016-09-15T11:56:52.605-0400: 209.060: [GC (GCLocker Initiated GC) [PSYoungGen: 161836K->85598K(175104K)] 481181K->405367K(699392K), 0.0355522 secs] [Times: user=0.39 sys=0.00, real=0.04 secs] 
2016-09-15T11:56:52.787-0400: 209.243: [GC (GCLocker Initiated GC) [PSYoungGen: 173662K->61298K(175104K)] 499547K->460227K(699392K), 0.0129641 secs] [Times: user=0.15 sys=0.00, real=0.02 secs] 
2016-09-15T11:56:52.910-0400: 209.365: [GC (GCLocker Initiated GC) [PSYoungGen: 149362K->55255K(175104K)] 554383K->484843K(699392K), 0.0308049 secs] [Times: user=0.36 sys=0.01, real=0.03 secs] 
2016-09-15T11:56:53.071-0400: 209.526: [GC (GCLocker Initiated GC) [PSYoungGen: 143319K->85726K(175104K)] 573022K->515720K(699392K), 0.0078710 secs] [Times: user=0.09 sys=0.01, real=0.01 secs] 
2016-09-15T11:56:53.208-0400: 209.663: [GC (GCLocker Initiated GC) [PSYoungGen: 173790K->79651K(175104K)] 610008K->558701K(699392K), 0.0222794 secs] [Times: user=0.24 sys=0.00, real=0.02 secs] 
2016-09-15T11:56:53.231-0400: 209.686: [Full GC (Ergonomics) [PSYoungGen: 79651K->0K(175104K)] [ParOldGen: 479050K->53332K(524288K)] 558701K->53332K(699392K), [Metaspace: 44515K->44515K(1087488K)], 0.0518386 secs] [Times: user=0.27 sys=0.01, real=0.05 secs] 
2016-09-15T11:56:53.383-0400: 209.838: [GC (GCLocker Initiated GC) [PSYoungGen: 88064K->86662K(175104K)] 141444K->164342K(699392K), 0.0133549 secs] [Times: user=0.17 sys=0.00, real=0.02 secs] 
2016-09-15T11:56:53.519-0400: 209.974: [GC (GCLocker Initiated GC) [PSYoungGen: 174726K->42977K(175104K)] 252465K->188461K(699392K), 0.0132771 secs] [Times: user=0.09 sys=0.00, real=0.01 secs] 
2016-09-15T11:56:53.634-0400: 210.090: [GC (GCLocker Initiated GC) [PSYoungGen: 131041K->79751K(175104K)] 276634K->237761K(699392K), 0.0096734 secs] [Times: user=0.08 sys=0.00, real=0.01 secs] 
2016-09-15T11:56:53.765-0400: 210.221: [GC (Allocation Failure) [PSYoungGen: 167815K->73640K(175104K)] 325862K->274707K(699392K), 0.0090919 secs] [Times: user=0.13 sys=0.00, real=0.01 secs] 
2016-09-15T11:56:53.881-0400: 210.337: [GC (GCLocker Initiated GC) [PSYoungGen: 159685K->73704K(175104K)] 366827K->323687K(699392K), 0.0094803 secs] [Times: user=0.15 sys=0.00, real=0.01 secs] 
2016-09-15T11:56:54.044-0400: 210.499: [GC (GCLocker Initiated GC) [PSYoungGen: 161768K->42877K(175104K)] 417856K->317449K(699392K), 0.0107464 secs] [Times: user=0.10 sys=0.00, real=0.01 secs] 
2016-09-15T11:56:54.170-0400: 210.626: [GC (GCLocker Initiated GC) [PSYoungGen: 130941K->67565K(175104K)] 405667K->378892K(699392K), 0.0096930 secs] [Times: user=0.12 sys=0.00, real=0.01 secs] 
2016-09-15T11:56:54.285-0400: 210.740: [GC (GCLocker Initiated GC) [PSYoungGen: 155629K->73672K(175104K)] 473067K->433966K(699392K), 0.0102562 secs] [Times: user=0.16 sys=0.00, real=0.01 secs] 
2016-09-15T11:56:54.413-0400: 210.868: [GC (GCLocker Initiated GC) [PSYoungGen: 161736K->85694K(175104K)] 522369K->446611K(699392K), 0.0172552 secs] [Times: user=0.17 sys=0.00, real=0.02 secs] 
2016-09-15T11:56:54.555-0400: 211.010: [GC (GCLocker Initiated GC) [PSYoungGen: 173758K->73704K(175104K)] 534828K->471383K(699392K), 0.0107357 secs] [Times: user=0.15 sys=0.00, real=0.01 secs] 
2016-09-15T11:56:54.678-0400: 211.133: [GC (GCLocker Initiated GC) [PSYoungGen: 161768K->74132K(175104K)] 565614K->496339K(699392K), 0.0087847 secs] [Times: user=0.10 sys=0.01, real=0.00 secs] 
2016-09-15T11:56:54.836-0400: 211.292: [GC (GCLocker Initiated GC) [PSYoungGen: 162196K->67469K(175104K)] 590496K->514302K(699392K), 0.0082734 secs] [Times: user=0.11 sys=0.00, real=0.00 secs] 
2016-09-15T11:56:54.963-0400: 211.419: [GC (Allocation Failure) [PSYoungGen: 155533K->61622K(175104K)] 602419K->539191K(699392K), 0.0234586 secs] [Times: user=0.26 sys=0.01, real=0.02 secs] 
2016-09-15T11:56:54.987-0400: 211.442: [Full GC (Ergonomics) [PSYoungGen: 61622K->0K(175104K)] [ParOldGen: 477568K->41693K(524288K)] 539191K->41693K(699392K), [Metaspace: 44517K->44517K(1087488K)], 0.0604142 secs] [Times: user=0.36 sys=0.00, real=0.06 secs] 
2016-09-15T11:56:55.148-0400: 211.603: [GC (GCLocker Initiated GC) [PSYoungGen: 88064K->86178K(175104K)] 129758K->133947K(699392K), 0.0089550 secs] [Times: user=0.10 sys=0.00, real=0.01 secs] 
2016-09-15T11:56:55.287-0400: 211.742: [GC (GCLocker Initiated GC) [PSYoungGen: 174242K->49340K(175104K)] 228201K->140288K(699392K), 0.0102729 secs] [Times: user=0.11 sys=0.01, real=0.02 secs] 
2016-09-15T11:56:55.421-0400: 211.876: [GC (Allocation Failure) [PSYoungGen: 137404K->73612K(175104K)] 228691K->165002K(699392K), 0.0112321 secs] [Times: user=0.11 sys=0.00, real=0.01 secs] 
2016-09-15T11:56:55.548-0400: 212.003: [GC (Allocation Failure) [PSYoungGen: 155953K->37126K(175104K)] 247344K->147205K(699392K), 0.0065425 secs] [Times: user=0.09 sys=0.00, real=0.00 secs] 
2016-09-15T11:56:55.686-0400: 212.141: [GC (GCLocker Initiated GC) [PSYoungGen: 119175K->55351K(175104K)] 235329K->190021K(699392K), 0.0089445 secs] [Times: user=0.10 sys=0.00, real=0.01 secs] 
2016-09-15T11:56:55.828-0400: 212.283: [GC (GCLocker Initiated GC) [PSYoungGen: 143414K->79879K(175104K)] 278457K->251491K(699392K), 0.0105043 secs] [Times: user=0.14 sys=0.00, real=0.02 secs] 
2016-09-15T11:56:55.942-0400: 212.397: [GC (GCLocker Initiated GC) [PSYoungGen: 167943K->36962K(175104K)] 339625K->263766K(699392K), 0.0096232 secs] [Times: user=0.09 sys=0.00, real=0.01 secs] 
2016-09-15T11:56:56.048-0400: 212.503: [GC (GCLocker Initiated GC) [PSYoungGen: 125026K->68024K(175104K)] 352158K->349976K(699392K), 0.0122150 secs] [Times: user=0.12 sys=0.01, real=0.01 secs] 
2016-09-15T11:56:56.200-0400: 212.655: [GC (GCLocker Initiated GC) [PSYoungGen: 156088K->37126K(175104K)] 438043K->338252K(699392K), 0.0073113 secs] [Times: user=0.09 sys=0.00, real=0.00 secs] 
2016-09-15T11:56:56.305-0400: 212.761: [GC (GCLocker Initiated GC) [PSYoungGen: 125190K->85630K(175104K)] 432467K->399233K(699392K), 0.0157306 secs] [Times: user=0.17 sys=0.00, real=0.02 secs] 
2016-09-15T11:56:56.474-0400: 212.929: [GC (Allocation Failure) [PSYoungGen: 173694K->55287K(175104K)] 488066K->454869K(699392K), 0.0118988 secs] [Times: user=0.14 sys=0.01, real=0.01 secs] 
2016-09-15T11:56:56.602-0400: 213.058: [GC (GCLocker Initiated GC) [PSYoungGen: 139228K->55579K(175104K)] 544885K->461519K(699392K), 0.0223899 secs] [Times: user=0.30 sys=0.01, real=0.02 secs] 
2016-09-15T11:56:56.738-0400: 213.194: [GC (GCLocker Initiated GC) [PSYoungGen: 143643K->55319K(175104K)] 549680K->479709K(699392K), 0.0144558 secs] [Times: user=0.18 sys=0.01, real=0.01 secs] 
2016-09-15T11:56:56.887-0400: 213.342: [GC (GCLocker Initiated GC) [PSYoungGen: 143383K->55415K(175104K)] 574483K->505048K(699392K), 0.0134290 secs] [Times: user=0.15 sys=0.01, real=0.02 secs] 
2016-09-15T11:56:56.901-0400: 213.356: [Full GC (Ergonomics) [PSYoungGen: 55415K->0K(175104K)] [ParOldGen: 449633K->47904K(524288K)] 505048K->47904K(699392K), [Metaspace: 44517K->44517K(1087488K)], 0.0677337 secs] [Times: user=0.39 sys=0.02, real=0.07 secs] 
2016-09-15T11:56:57.069-0400: 213.524: [GC (GCLocker Initiated GC) [PSYoungGen: 88064K->85854K(175104K)] 136341K->158431K(699392K), 0.0163260 secs] [Times: user=0.20 sys=0.00, real=0.01 secs] 
2016-09-15T11:56:57.210-0400: 213.665: [GC (GCLocker Initiated GC) [PSYoungGen: 173918K->56002K(175104K)] 258894K->159519K(699392K), 0.0079352 secs] [Times: user=0.08 sys=0.01, real=0.01 secs] 
2016-09-15T11:56:57.323-0400: 213.778: [GC (GCLocker Initiated GC) [PSYoungGen: 144066K->85790K(175104K)] 247815K->214334K(699392K), 0.0084639 secs] [Times: user=0.10 sys=0.01, real=0.01 secs] 
2016-09-15T11:56:57.450-0400: 213.905: [GC (GCLocker Initiated GC) [PSYoungGen: 173854K->85822K(175104K)] 308644K->287580K(699392K), 0.0131274 secs] [Times: user=0.20 sys=0.01, real=0.01 secs] 
2016-09-15T11:56:57.584-0400: 214.040: [GC (GCLocker Initiated GC) [PSYoungGen: 173886K->85986K(175104K)] 375714K->324580K(699392K), 0.0094074 secs] [Times: user=0.14 sys=0.00, real=0.01 secs] 
2016-09-15T11:56:57.696-0400: 214.151: [GC (GCLocker Initiated GC) [PSYoungGen: 174050K->55511K(175104K)] 412792K->355491K(699392K), 0.0109107 secs] [Times: user=0.15 sys=0.00, real=0.01 secs] 
2016-09-15T11:56:57.828-0400: 214.284: [GC (GCLocker Initiated GC) [PSYoungGen: 143575K->86150K(175104K)] 443664K->435115K(699392K), 0.0136305 secs] [Times: user=0.20 sys=0.00, real=0.01 secs] 
2016-09-15T11:56:57.977-0400: 214.433: [GC (GCLocker Initiated GC) [PSYoungGen: 174214K->55319K(175104K)] 529307K->434971K(699392K), 0.0197476 secs] [Times: user=0.18 sys=0.00, real=0.02 secs] 
2016-09-15T11:56:58.096-0400: 214.551: [GC (GCLocker Initiated GC) [PSYoungGen: 143383K->61330K(175104K)] 523295K->471909K(699392K), 0.0135777 secs] [Times: user=0.12 sys=0.00, real=0.01 secs] 
2016-09-15T11:56:58.264-0400: 214.720: [GC (Allocation Failure) [PSYoungGen: 149394K->55091K(175104K)] 566246K->490420K(699392K), 0.0204206 secs] [Times: user=0.18 sys=0.01, real=0.02 secs] 
2016-09-15T11:56:58.404-0400: 214.859: [GC (GCLocker Initiated GC) [PSYoungGen: 142039K->67601K(175104K)] 583443K->539507K(699392K), 0.0352940 secs] [Times: user=0.42 sys=0.00, real=0.04 secs] 
2016-09-15T11:56:58.440-0400: 214.895: [Full GC (Ergonomics) [PSYoungGen: 67601K->0K(175104K)] [ParOldGen: 471906K->53926K(524288K)] 539507K->53926K(699392K), [Metaspace: 44517K->44517K(1087488K)], 0.0562459 secs] [Times: user=0.35 sys=0.01, real=0.06 secs] 
2016-09-15T11:56:58.615-0400: 215.070: [GC (GCLocker Initiated GC) [PSYoungGen: 88064K->86146K(175104K)] 148218K->152375K(699392K), 0.0135530 secs] [Times: user=0.17 sys=0.02, real=0.02 secs] 
2016-09-15T11:56:58.736-0400: 215.191: [GC (GCLocker Initiated GC) [PSYoungGen: 174210K->43333K(175104K)] 246741K->152837K(699392K), 0.0131452 secs] [Times: user=0.12 sys=0.00, real=0.01 secs] 
2016-09-15T11:56:58.879-0400: 215.335: [GC (GCLocker Initiated GC) [PSYoungGen: 131397K->73608K(175104K)] 241077K->220273K(699392K), 0.0174275 secs] [Times: user=0.26 sys=0.00, real=0.02 secs] 
2016-09-15T11:56:59.026-0400: 215.482: [GC (GCLocker Initiated GC) [PSYoungGen: 161672K->73804K(175104K)] 308541K->239034K(699392K), 0.0086138 secs] [Times: user=0.11 sys=0.00, real=0.01 secs] 
2016-09-15T11:56:59.160-0400: 215.615: [GC (GCLocker Initiated GC) [PSYoungGen: 161868K->37094K(175104K)] 339586K->233321K(699392K), 0.0077968 secs] [Times: user=0.09 sys=0.00, real=0.01 secs] 
2016-09-15T11:56:59.289-0400: 215.745: [GC (GCLocker Initiated GC) [PSYoungGen: 125158K->55906K(175104K)] 333851K->264759K(699392K), 0.0069705 secs] [Times: user=0.08 sys=0.00, real=0.01 secs] 
2016-09-15T11:56:59.440-0400: 215.895: [GC (GCLocker Initiated GC) [PSYoungGen: 143970K->85822K(175104K)] 353106K->319549K(699392K), 0.0139652 secs] [Times: user=0.16 sys=0.02, real=0.01 secs] 
2016-09-15T11:56:59.564-0400: 216.020: [GC (GCLocker Initiated GC) [PSYoungGen: 173886K->86018K(175104K)] 407677K->356403K(699392K), 0.0099577 secs] [Times: user=0.15 sys=0.00, real=0.01 secs] 
2016-09-15T11:56:59.685-0400: 216.140: [GC (GCLocker Initiated GC) [PSYoungGen: 174082K->55319K(175104K)] 444699K->411269K(699392K), 0.0114420 secs] [Times: user=0.18 sys=0.01, real=0.02 secs] 
2016-09-15T11:56:59.835-0400: 216.290: [GC (GCLocker Initiated GC) [PSYoungGen: 143383K->73740K(175104K)] 505524K->436172K(699392K), 0.0095755 secs] [Times: user=0.08 sys=0.00, real=0.01 secs] 
2016-09-15T11:56:59.969-0400: 216.424: [GC (GCLocker Initiated GC) [PSYoungGen: 161804K->37062K(175104K)] 530437K->424188K(699392K), 0.0139885 secs] [Times: user=0.17 sys=0.00, real=0.01 secs] 
2016-09-15T11:57:00.088-0400: 216.544: [GC (GCLocker Initiated GC) [PSYoungGen: 125126K->43429K(175104K)] 524583K->479464K(699392K), 0.0083587 secs] [Times: user=0.08 sys=0.00, real=0.01 secs] 
2016-09-15T11:57:00.250-0400: 216.706: [Full GC (Ergonomics) [PSYoungGen: 131493K->0K(175104K)] [ParOldGen: 454312K->53258K(524288K)] 585805K->53258K(699392K), [Metaspace: 44517K->44517K(1087488K)], 0.0633648 secs] [Times: user=0.38 sys=0.01, real=0.06 secs] 
2016-09-15T11:57:00.446-0400: 216.901: [GC (GCLocker Initiated GC) [PSYoungGen: 88064K->85790K(175104K)] 141358K->175534K(699392K), 0.0118492 secs] [Times: user=0.16 sys=0.00, real=0.02 secs] 
2016-09-15T11:57:00.609-0400: 217.064: [GC (GCLocker Initiated GC) [PSYoungGen: 173854K->37094K(175104K)] 269777K->194206K(699392K), 0.0212632 secs] [Times: user=0.25 sys=0.00, real=0.02 secs] 
2016-09-15T11:57:00.736-0400: 217.192: [GC (GCLocker Initiated GC) [PSYoungGen: 125158K->67209K(175104K)] 282379K->255080K(699392K), 0.0157047 secs] [Times: user=0.14 sys=0.00, real=0.01 secs] 
2016-09-15T11:57:00.879-0400: 217.334: [GC (GCLocker Initiated GC) [PSYoungGen: 155273K->85822K(175104K)] 343186K->298147K(699392K), 0.0108735 secs] [Times: user=0.11 sys=0.00, real=0.01 secs] 
2016-09-15T11:57:01.002-0400: 217.457: [GC (GCLocker Initiated GC) [PSYoungGen: 173886K->85658K(175104K)] 386320K->383466K(699392K), 0.0122668 secs] [Times: user=0.18 sys=0.00, real=0.01 secs] 
2016-09-15T11:57:01.113-0400: 217.568: [GC (GCLocker Initiated GC) [PSYoungGen: 173722K->86018K(175104K)] 471561K->463015K(699392K), 0.0142599 secs] [Times: user=0.18 sys=0.00, real=0.01 secs] 
2016-09-15T11:57:01.257-0400: 217.713: [GC (GCLocker Initiated GC) [PSYoungGen: 174082K->55059K(175104K)] 557274K->505336K(699392K), 0.0223700 secs] [Times: user=0.19 sys=0.00, real=0.02 secs] 
2016-09-15T11:57:01.280-0400: 217.735: [Full GC (Ergonomics) [PSYoungGen: 55059K->0K(175104K)] [ParOldGen: 450276K->53165K(524288K)] 505336K->53165K(699392K), [Metaspace: 44517K->44517K(1087488K)], 0.0596403 secs] [Times: user=0.29 sys=0.02, real=0.06 secs] 
2016-09-15T11:57:01.454-0400: 217.910: [GC (GCLocker Initiated GC) [PSYoungGen: 88064K->80139K(175104K)] 147485K->139560K(699392K), 0.0213198 secs] [Times: user=0.20 sys=0.00, real=0.02 secs] 
2016-09-15T11:57:01.618-0400: 218.074: [GC (GCLocker Initiated GC) [PSYoungGen: 168203K->36866K(175104K)] 227711K->133824K(699392K), 0.0083754 secs] [Times: user=0.08 sys=0.00, real=0.00 secs] 
2016-09-15T11:57:01.746-0400: 218.201: [GC (GCLocker Initiated GC) [PSYoungGen: 124930K->43400K(175104K)] 228166K->189266K(699392K), 0.0195890 secs] [Times: user=0.21 sys=0.00, real=0.02 secs] 
2016-09-15T11:57:01.889-0400: 218.344: [GC (GCLocker Initiated GC) [PSYoungGen: 131464K->73704K(175104K)] 277467K->238418K(699392K), 0.0124457 secs] [Times: user=0.15 sys=0.01, real=0.01 secs] 
2016-09-15T11:57:02.011-0400: 218.466: [GC (GCLocker Initiated GC) [PSYoungGen: 161768K->61686K(175104K)] 332823K->257169K(699392K), 0.0132735 secs] [Times: user=0.09 sys=0.01, real=0.01 secs] 
2016-09-15T11:57:02.167-0400: 218.622: [GC (Allocation Failure) [PSYoungGen: 149750K->48952K(175104K)] 345275K->263149K(699392K), 0.0118288 secs] [Times: user=0.11 sys=0.00, real=0.02 secs] 
2016-09-15T11:57:02.295-0400: 218.750: [GC (GCLocker Initiated GC) [PSYoungGen: 137016K->73640K(175104K)] 351214K->342657K(699392K), 0.0093328 secs] [Times: user=0.12 sys=0.01, real=0.01 secs] 
2016-09-15T11:57:02.426-0400: 218.881: [GC (GCLocker Initiated GC) [PSYoungGen: 161704K->55547K(175104K)] 442992K->355375K(699392K), 0.0083847 secs] [Times: user=0.11 sys=0.00, real=0.01 secs] 
2016-09-15T11:57:02.550-0400: 219.006: [GC (GCLocker Initiated GC) [PSYoungGen: 143611K->55219K(175104K)] 444058K->356089K(699392K), 0.0101669 secs] [Times: user=0.12 sys=0.01, real=0.01 secs] 
2016-09-15T11:57:02.655-0400: 219.110: [GC (GCLocker Initiated GC) [PSYoungGen: 143283K->73608K(175104K)] 444320K->392990K(699392K), 0.0080046 secs] [Times: user=0.11 sys=0.00, real=0.01 secs] 
2016-09-15T11:57:02.774-0400: 219.229: [GC (GCLocker Initiated GC) [PSYoungGen: 161672K->85854K(175104K)] 481113K->435978K(699392K), 0.0151139 secs] [Times: user=0.17 sys=0.01, real=0.02 secs] 
2016-09-15T11:57:02.919-0400: 219.374: [GC (Allocation Failure) [PSYoungGen: 173918K->43041K(175104K)] 524156K->442154K(699392K), 0.0114188 secs] [Times: user=0.10 sys=0.01, real=0.01 secs] 
2016-09-15T11:57:03.068-0400: 219.523: [GC (GCLocker Initiated GC) [PSYoungGen: 131105K->67273K(175104K)] 530224K->466651K(699392K), 0.0134432 secs] [Times: user=0.10 sys=0.00, real=0.01 secs] 
2016-09-15T11:57:03.170-0400: 219.625: [GC (GCLocker Initiated GC) [PSYoungGen: 155337K->85790K(175104K)] 554797K->509685K(699392K), 0.0183070 secs] [Times: user=0.18 sys=0.00, real=0.02 secs] 
2016-09-15T11:57:03.291-0400: 219.746: [GC (Allocation Failure) [PSYoungGen: 173854K->55059K(175104K)] 597841K->515763K(699392K), 0.0162376 secs] [Times: user=0.17 sys=0.00, real=0.01 secs] 
2016-09-15T11:57:03.307-0400: 219.762: [Full GC (Ergonomics) [PSYoungGen: 55059K->0K(175104K)] [ParOldGen: 460704K->47149K(524288K)] 515763K->47149K(699392K), [Metaspace: 44517K->44517K(1087488K)], 0.0567667 secs] [Times: user=0.33 sys=0.00, real=0.06 secs] 
2016-09-15T11:57:03.461-0400: 219.916: [GC (GCLocker Initiated GC) [PSYoungGen: 82205K->86438K(175104K)] 135429K->139662K(699392K), 0.0111411 secs] [Times: user=0.11 sys=0.00, real=0.01 secs] 
2016-09-15T11:57:03.633-0400: 220.088: [GC (GCLocker Initiated GC) [PSYoungGen: 174502K->55155K(175104K)] 233955K->145858K(699392K), 0.0103952 secs] [Times: user=0.10 sys=0.01, real=0.01 secs] 
2016-09-15T11:57:03.746-0400: 220.202: [GC (GCLocker Initiated GC) [PSYoungGen: 143219K->85658K(175104K)] 233982K->200880K(699392K), 0.0095990 secs] [Times: user=0.15 sys=0.00, real=0.02 secs] 
2016-09-15T11:57:03.877-0400: 220.333: [GC (GCLocker Initiated GC) [PSYoungGen: 173722K->73640K(175104K)] 295072K->249817K(699392K), 0.0104522 secs] [Times: user=0.15 sys=0.00, real=0.01 secs] 
2016-09-15T11:57:04.011-0400: 220.466: [GC (GCLocker Initiated GC) [PSYoungGen: 161704K->61262K(175104K)] 337895K->280309K(699392K), 0.0098627 secs] [Times: user=0.12 sys=0.00, real=0.01 secs] 
2016-09-15T11:57:04.135-0400: 220.590: [GC (GCLocker Initiated GC) [PSYoungGen: 149326K->73576K(175104K)] 368398K->292767K(699392K), 0.0101517 secs] [Times: user=0.10 sys=0.00, real=0.01 secs] 
2016-09-15T11:57:04.294-0400: 220.749: [GC (GCLocker Initiated GC) [PSYoungGen: 161640K->42973K(175104K)] 393130K->329445K(699392K), 0.0226789 secs] [Times: user=0.28 sys=0.00, real=0.03 secs] 
2016-09-15T11:57:04.444-0400: 220.899: [GC (Allocation Failure) [PSYoungGen: 131037K->37485K(175104K)] 417528K->384878K(699392K), 0.0146833 secs] [Times: user=0.19 sys=0.01, real=0.02 secs] 
2016-09-15T11:57:04.539-0400: 220.994: [GC (GCLocker Initiated GC) [PSYoungGen: 121706K->85594K(175104K)] 475174K->463989K(699392K), 0.0189619 secs] [Times: user=0.25 sys=0.00, real=0.02 secs] 
2016-09-15T11:57:04.667-0400: 221.123: [GC (GCLocker Initiated GC) [PSYoungGen: 173658K->55547K(175104K)] 558315K->495031K(699392K), 0.0102975 secs] [Times: user=0.12 sys=0.00, real=0.02 secs] 
2016-09-15T11:57:04.678-0400: 221.133: [Full GC (Ergonomics) [PSYoungGen: 55547K->0K(175104K)] [ParOldGen: 439484K->59694K(524288K)] 495031K->59694K(699392K), [Metaspace: 44518K->44518K(1087488K)], 0.0563996 secs] [Times: user=0.34 sys=0.01, real=0.05 secs] 
2016-09-15T11:57:04.841-0400: 221.296: [GC (GCLocker Initiated GC) [PSYoungGen: 88064K->86342K(175104K)] 154014K->170517K(699392K), 0.0108991 secs] [Times: user=0.12 sys=0.00, real=0.01 secs] 
2016-09-15T11:57:04.992-0400: 221.447: [GC (GCLocker Initiated GC) [PSYoungGen: 174406K->18965K(175104K)] 270734K->170852K(699392K), 0.0234938 secs] [Times: user=0.31 sys=0.00, real=0.03 secs] 
2016-09-15T11:57:05.129-0400: 221.584: [GC (GCLocker Initiated GC) [PSYoungGen: 107029K->73476K(175104K)] 259632K->226354K(699392K), 0.0095746 secs] [Times: user=0.08 sys=0.00, real=0.01 secs] 
2016-09-15T11:57:05.269-0400: 221.724: [GC (GCLocker Initiated GC) [PSYoungGen: 161540K->73512K(175104K)] 314460K->263002K(699392K), 0.0216228 secs] [Times: user=0.23 sys=0.00, real=0.02 secs] 
2016-09-15T11:57:05.412-0400: 221.867: [GC (GCLocker Initiated GC) [PSYoungGen: 161576K->67405K(175104K)] 357339K->312036K(699392K), 0.0122784 secs] [Times: user=0.11 sys=0.00, real=0.01 secs] 
2016-09-15T11:57:05.534-0400: 221.989: [GC (GCLocker Initiated GC) [PSYoungGen: 155469K->37030K(175104K)] 406497K->343024K(699392K), 0.0224851 secs] [Times: user=0.22 sys=0.00, real=0.03 secs] 
2016-09-15T11:57:05.678-0400: 222.133: [GC (GCLocker Initiated GC) [PSYoungGen: 125094K->67501K(175104K)] 437255K->398163K(699392K), 0.0109707 secs] [Times: user=0.10 sys=0.01, real=0.01 secs] 
2016-09-15T11:57:05.813-0400: 222.268: [GC (GCLocker Initiated GC) [PSYoungGen: 155565K->61102K(175104K)] 486341K->410207K(699392K), 0.0248204 secs] [Times: user=0.24 sys=0.00, real=0.03 secs] 
2016-09-15T11:57:05.960-0400: 222.415: [GC (Allocation Failure) [PSYoungGen: 149166K->55451K(175104K)] 504695K->441459K(699392K), 0.0103959 secs] [Times: user=0.10 sys=0.01, real=0.01 secs] 
2016-09-15T11:57:06.087-0400: 222.542: [GC (GCLocker Initiated GC) [PSYoungGen: 138019K->37158K(175104K)] 530102K->447913K(699392K), 0.0088322 secs] [Times: user=0.09 sys=0.00, real=0.02 secs] 
2016-09-15T11:57:06.223-0400: 222.679: [GC (GCLocker Initiated GC) [PSYoungGen: 125222K->79587K(175104K)] 536019K->490488K(699392K), 0.0089370 secs] [Times: user=0.07 sys=0.00, real=0.01 secs] 
2016-09-15T11:57:06.355-0400: 222.811: [GC (GCLocker Initiated GC) [PSYoungGen: 167651K->67405K(175104K)] 584848K->503110K(699392K), 0.0175053 secs] [Times: user=0.19 sys=0.00, real=0.02 secs] 
2016-09-15T11:57:06.504-0400: 222.960: [GC (GCLocker Initiated GC) [PSYoungGen: 155469K->74032K(175104K)] 597403K->558774K(699392K), 0.0201761 secs] [Times: user=0.25 sys=0.00, real=0.02 secs] 
2016-09-15T11:57:06.525-0400: 222.980: [Full GC (Ergonomics) [PSYoungGen: 74032K->0K(175104K)] [ParOldGen: 484742K->53459K(524288K)] 558774K->53459K(699392K), [Metaspace: 44518K->44518K(1087488K)], 0.0599951 secs] [Times: user=0.39 sys=0.01, real=0.06 secs] 
2016-09-15T11:57:06.723-0400: 223.178: [GC (GCLocker Initiated GC) [PSYoungGen: 88064K->85726K(175104K)] 141587K->145325K(699392K), 0.0156354 secs] [Times: user=0.15 sys=0.00, real=0.02 secs] 
2016-09-15T11:57:06.851-0400: 223.306: [GC (GCLocker Initiated GC) [PSYoungGen: 173790K->49308K(175104K)] 233492K->163936K(699392K), 0.0115381 secs] [Times: user=0.12 sys=0.01, real=0.01 secs] 
2016-09-15T11:57:06.965-0400: 223.420: [GC (GCLocker Initiated GC) [PSYoungGen: 137372K->61590K(175104K)] 258094K->224973K(699392K), 0.0117680 secs] [Times: user=0.13 sys=0.00, real=0.02 secs] 
2016-09-15T11:57:07.118-0400: 223.573: [GC (GCLocker Initiated GC) [PSYoungGen: 149654K->42941K(175104K)] 313332K->255658K(699392K), 0.0274320 secs] [Times: user=0.24 sys=0.00, real=0.02 secs] 
2016-09-15T11:57:07.272-0400: 223.728: [GC (GCLocker Initiated GC) [PSYoungGen: 131005K->55807K(175104K)] 356222K->281160K(699392K), 0.0071572 secs] [Times: user=0.09 sys=0.00, real=0.01 secs] 
2016-09-15T11:57:07.424-0400: 223.880: [GC (Allocation Failure) [PSYoungGen: 143871K->73704K(175104K)] 375654K->324027K(699392K), 0.0087490 secs] [Times: user=0.11 sys=0.00, real=0.01 secs] 
2016-09-15T11:57:07.433-0400: 223.889: [GC (GCLocker Initiated GC) [PSYoungGen: 73726K->128K(175104K)] 324049K->323771K(699392K), 0.0068132 secs] [Times: user=0.10 sys=0.00, real=0.01 secs] 
2016-09-15T11:57:07.558-0400: 224.013: [GC (GCLocker Initiated GC) [PSYoungGen: 88192K->85858K(175104K)] 411841K->415582K(699392K), 0.0319302 secs] [Times: user=0.38 sys=0.00, real=0.03 secs] 
2016-09-15T11:57:07.710-0400: 224.165: [GC (GCLocker Initiated GC) [PSYoungGen: 173922K->36934K(175104K)] 509829K->415790K(699392K), 0.0119796 secs] [Times: user=0.10 sys=0.00, real=0.01 secs] 
2016-09-15T11:57:07.883-0400: 224.339: [GC (GCLocker Initiated GC) [PSYoungGen: 124998K->67241K(175104K)] 510094K->452581K(699392K), 0.0101934 secs] [Times: user=0.11 sys=0.00, real=0.01 secs] 
2016-09-15T11:57:07.986-0400: 224.442: [GC (GCLocker Initiated GC) [PSYoungGen: 155305K->49016K(175104K)] 540816K->446764K(699392K), 0.0152580 secs] [Times: user=0.09 sys=0.00, real=0.02 secs] 
2016-09-15T11:57:08.099-0400: 224.555: [GC (GCLocker Initiated GC) [PSYoungGen: 137080K->85926K(175104K)] 540940K->514213K(699392K), 0.0174825 secs] [Times: user=0.17 sys=0.00, real=0.02 secs] 
2016-09-15T11:57:08.236-0400: 224.692: [GC (GCLocker Initiated GC) [PSYoungGen: 173990K->61202K(175104K)] 602447K->514359K(699392K), 0.0340084 secs] [Times: user=0.32 sys=0.00, real=0.03 secs] 
2016-09-15T11:57:08.271-0400: 224.726: [Full GC (Ergonomics) [PSYoungGen: 61202K->0K(175104K)] [ParOldGen: 453157K->53846K(524288K)] 514359K->53846K(699392K), [Metaspace: 44518K->44518K(1087488K)], 0.0555875 secs] [Times: user=0.27 sys=0.00, real=0.05 secs] 
2016-09-15T11:57:08.454-0400: 224.910: [GC (Allocation Failure) [PSYoungGen: 88064K->86178K(175104K)] 142103K->158442K(699392K), 0.0154315 secs] [Times: user=0.14 sys=0.01, real=0.02 secs] 
2016-09-15T11:57:08.470-0400: 224.925: [GC (GCLocker Initiated GC) [PSYoungGen: 86186K->96K(175104K)] 158450K->170144K(699392K), 0.0181804 secs] [Times: user=0.17 sys=0.00, real=0.02 secs] 
2016-09-15T11:57:08.602-0400: 225.058: [GC (GCLocker Initiated GC) [PSYoungGen: 82208K->73772K(175104K)] 258331K->249895K(699392K), 0.0167010 secs] [Times: user=0.16 sys=0.00, real=0.02 secs] 
2016-09-15T11:57:08.717-0400: 225.172: [GC (GCLocker Initiated GC) [PSYoungGen: 161836K->36998K(175104K)] 344132K->262335K(699392K), 0.0286447 secs] [Times: user=0.27 sys=0.01, real=0.02 secs] 
2016-09-15T11:57:08.857-0400: 225.312: [GC (GCLocker Initiated GC) [PSYoungGen: 125062K->67533K(175104K)] 357041K->336278K(699392K), 0.0238258 secs] [Times: user=0.29 sys=0.00, real=0.02 secs] 
2016-09-15T11:57:09.020-0400: 225.475: [GC (GCLocker Initiated GC) [PSYoungGen: 155597K->79487K(175104K)] 430459K->403085K(699392K), 0.0133173 secs] [Times: user=0.15 sys=0.00, real=0.01 secs] 
2016-09-15T11:57:09.137-0400: 225.592: [GC (Allocation Failure) [PSYoungGen: 167551K->85562K(175104K)] 491179K->439701K(699392K), 0.0114330 secs] [Times: user=0.11 sys=0.00, real=0.01 secs] 
2016-09-15T11:57:09.255-0400: 225.710: [GC (GCLocker Initiated GC) [PSYoungGen: 173626K->67533K(175104K)] 527765K->482557K(699392K), 0.0115928 secs] [Times: user=0.14 sys=0.01, real=0.01 secs] 
2016-09-15T11:57:09.393-0400: 225.849: [GC (GCLocker Initiated GC) [PSYoungGen: 155597K->67469K(175104K)] 576783K->488939K(699392K), 0.0181905 secs] [Times: user=0.17 sys=0.00, real=0.02 secs] 
2016-09-15T11:57:09.527-0400: 225.983: [GC (GCLocker Initiated GC) [PSYoungGen: 155533K->49116K(175104K)] 583209K->513338K(699392K), 0.0154486 secs] [Times: user=0.12 sys=0.00, real=0.02 secs] 
2016-09-15T11:57:09.543-0400: 225.998: [Full GC (Ergonomics) [PSYoungGen: 49116K->0K(175104K)] [ParOldGen: 464222K->47621K(524288K)] 513338K->47621K(699392K), [Metaspace: 44518K->44518K(1087488K)], 0.0606942 secs] [Times: user=0.38 sys=0.01, real=0.06 secs] 
2016-09-15T11:57:09.717-0400: 226.173: [GC (Allocation Failure) [PSYoungGen: 88064K->74583K(175104K)] 142020K->128540K(699392K), 0.0090791 secs] [Times: user=0.10 sys=0.00, real=0.00 secs] 
2016-09-15T11:57:09.847-0400: 226.303: [GC (GCLocker Initiated GC) [PSYoungGen: 162647K->85858K(175104K)] 216609K->158756K(699392K), 0.0136775 secs] [Times: user=0.17 sys=0.00, real=0.02 secs] 
2016-09-15T11:57:10.000-0400: 226.455: [GC (GCLocker Initiated GC) [PSYoungGen: 173922K->73672K(175104K)] 246831K->183198K(699392K), 0.0127334 secs] [Times: user=0.18 sys=0.00, real=0.01 secs] 
2016-09-15T11:57:10.104-0400: 226.560: [GC (GCLocker Initiated GC) [PSYoungGen: 161736K->85822K(175104K)] 271444K->201904K(699392K), 0.0078998 secs] [Times: user=0.11 sys=0.00, real=0.01 secs] 
2016-09-15T11:57:10.266-0400: 226.721: [GC (GCLocker Initiated GC) [PSYoungGen: 173886K->37322K(175104K)] 308319K->208505K(699392K), 0.0085520 secs] [Times: user=0.11 sys=0.00, real=0.01 secs] 
2016-09-15T11:57:10.413-0400: 226.868: [GC (GCLocker Initiated GC) [PSYoungGen: 125386K->55415K(175104K)] 302910K->233238K(699392K), 0.0082220 secs] [Times: user=0.11 sys=0.01, real=0.01 secs] 
2016-09-15T11:57:10.540-0400: 226.996: [GC (Allocation Failure) [PSYoungGen: 143477K->55810K(175104K)] 327703K->240172K(699392K), 0.0076891 secs] [Times: user=0.09 sys=0.00, real=0.01 secs] 
2016-09-15T11:57:10.669-0400: 227.125: [GC (GCLocker Initiated GC) [PSYoungGen: 138452K->55447K(175104K)] 328889K->264547K(699392K), 0.0079586 secs] [Times: user=0.09 sys=0.00, real=0.01 secs] 
2016-09-15T11:57:10.799-0400: 227.254: [GC (GCLocker Initiated GC) [PSYoungGen: 143511K->73708K(175104K)] 352670K->282963K(699392K), 0.0102327 secs] [Times: user=0.09 sys=0.00, real=0.01 secs] 
2016-09-15T11:57:10.919-0400: 227.375: [GC (GCLocker Initiated GC) [PSYoungGen: 161770K->43233K(175104K)] 377445K->338197K(699392K), 0.0228819 secs] [Times: user=0.25 sys=0.00, real=0.02 secs] 
2016-09-15T11:57:11.065-0400: 227.521: [GC (GCLocker Initiated GC) [PSYoungGen: 131297K->73480K(175104K)] 432496K->374922K(699392K), 0.0191689 secs] [Times: user=0.19 sys=0.00, real=0.02 secs] 
2016-09-15T11:57:11.220-0400: 227.675: [GC (GCLocker Initiated GC) [PSYoungGen: 161544K->61362K(175104K)] 469434K->387736K(699392K), 0.0162229 secs] [Times: user=0.18 sys=0.00, real=0.02 secs] 
2016-09-15T11:57:11.341-0400: 227.796: [GC (GCLocker Initiated GC) [PSYoungGen: 149426K->86018K(175104K)] 475859K->442985K(699392K), 0.0101830 secs] [Times: user=0.15 sys=0.00, real=0.01 secs] 
2016-09-15T11:57:11.446-0400: 227.902: [GC (GCLocker Initiated GC) [PSYoungGen: 174082K->79943K(175104K)] 531287K->486071K(699392K), 0.0106677 secs] [Times: user=0.15 sys=0.00, real=0.02 secs] 
2016-09-15T11:57:11.570-0400: 228.025: [GC (GCLocker Initiated GC) [PSYoungGen: 168007K->73772K(175104K)] 574496K->480561K(699392K), 0.0082624 secs] [Times: user=0.10 sys=0.00, real=0.01 secs] 
2016-09-15T11:57:11.693-0400: 228.148: [GC (GCLocker Initiated GC) [PSYoungGen: 161836K->67765K(175104K)] 568885K->511712K(699392K), 0.0128848 secs] [Times: user=0.12 sys=0.00, real=0.01 secs] 
2016-09-15T11:57:11.842-0400: 228.298: [GC (GCLocker Initiated GC) [PSYoungGen: 155829K->85790K(175104K)] 599885K->578574K(699392K), 0.0318159 secs] [Times: user=0.38 sys=0.00, real=0.03 secs] 
2016-09-15T11:57:11.874-0400: 228.330: [Full GC (Ergonomics) [PSYoungGen: 85790K->0K(175104K)] [ParOldGen: 492784K->53787K(524288K)] 578574K->53787K(699392K), [Metaspace: 44518K->44518K(1087488K)], 0.0566549 secs] [Times: user=0.32 sys=0.00, real=0.06 secs] 
2016-09-15T11:57:12.023-0400: 228.478: [GC (GCLocker Initiated GC) [PSYoungGen: 88064K->86662K(175104K)] 142094K->171068K(699392K), 0.0113350 secs] [Times: user=0.11 sys=0.01, real=0.01 secs] 
2016-09-15T11:57:12.155-0400: 228.611: [GC (GCLocker Initiated GC) [PSYoungGen: 174726K->79551K(175104K)] 259241K->219749K(699392K), 0.0122642 secs] [Times: user=0.15 sys=0.01, real=0.01 secs] 
2016-09-15T11:57:12.285-0400: 228.740: [GC (GCLocker Initiated GC) [PSYoungGen: 167615K->49112K(175104K)] 307995K->238212K(699392K), 0.0114725 secs] [Times: user=0.09 sys=0.01, real=0.02 secs] 
2016-09-15T11:57:12.420-0400: 228.875: [GC (GCLocker Initiated GC) [PSYoungGen: 137176K->61266K(175104K)] 326307K->268733K(699392K), 0.0109045 secs] [Times: user=0.11 sys=0.01, real=0.01 secs] 
2016-09-15T11:57:12.524-0400: 228.979: [GC (GCLocker Initiated GC) [PSYoungGen: 149330K->67469K(175104K)] 357141K->330255K(699392K), 0.0119199 secs] [Times: user=0.12 sys=0.00, real=0.02 secs] 
2016-09-15T11:57:12.678-0400: 229.133: [GC (GCLocker Initiated GC) [PSYoungGen: 155533K->67697K(175104K)] 424481K->373402K(699392K), 0.0120502 secs] [Times: user=0.15 sys=0.00, real=0.01 secs] 
2016-09-15T11:57:12.810-0400: 229.265: [GC (GCLocker Initiated GC) [PSYoungGen: 155761K->73380K(175104K)] 467634K->397663K(699392K), 0.0185407 secs] [Times: user=0.18 sys=0.00, real=0.02 secs] 
2016-09-15T11:57:12.944-0400: 229.399: [GC (Allocation Failure) [PSYoungGen: 161444K->43137K(175104K)] 485920K->428506K(699392K), 0.0090149 secs] [Times: user=0.11 sys=0.01, real=0.01 secs] 
2016-09-15T11:57:13.086-0400: 229.541: [GC (GCLocker Initiated GC) [PSYoungGen: 125883K->55251K(175104K)] 517327K->501686K(699392K), 0.0213892 secs] [Times: user=0.30 sys=0.00, real=0.02 secs] 
2016-09-15T11:57:13.107-0400: 229.563: [Full GC (Ergonomics) [PSYoungGen: 55251K->0K(175104K)] [ParOldGen: 446435K->48113K(524288K)] 501686K->48113K(699392K), [Metaspace: 44518K->44518K(1087488K)], 0.0507882 secs] [Times: user=0.33 sys=0.00, real=0.06 secs] 
2016-09-15T11:57:13.261-0400: 229.716: [GC (Allocation Failure) [PSYoungGen: 88064K->85982K(175104K)] 136230K->158448K(699392K), 0.0099566 secs] [Times: user=0.11 sys=0.01, real=0.01 secs] 
2016-09-15T11:57:13.375-0400: 229.830: [GC (GCLocker Initiated GC) [PSYoungGen: 170450K->67697K(175104K)] 248992K->207552K(699392K), 0.0460572 secs] [Times: user=0.63 sys=0.00, real=0.05 secs] 
2016-09-15T11:57:13.529-0400: 229.985: [GC (Allocation Failure) [PSYoungGen: 155761K->74100K(175104K)] 295971K->232843K(699392K), 0.0144145 secs] [Times: user=0.14 sys=0.00, real=0.01 secs] 
2016-09-15T11:57:13.655-0400: 230.111: [GC (GCLocker Initiated GC) [PSYoungGen: 162164K->85822K(175104K)] 320912K->269162K(699392K), 0.0105018 secs] [Times: user=0.12 sys=0.01, real=0.01 secs] 
2016-09-15T11:57:13.797-0400: 230.252: [GC (GCLocker Initiated GC) [PSYoungGen: 173886K->55679K(175104K)] 363421K->263714K(699392K), 0.0098015 secs] [Times: user=0.10 sys=0.00, real=0.00 secs] 
2016-09-15T11:57:13.925-0400: 230.380: [GC (Allocation Failure) [PSYoungGen: 143743K->49020K(175104K)] 352095K->257623K(699392K), 0.0093647 secs] [Times: user=0.06 sys=0.00, real=0.01 secs] 
2016-09-15T11:57:14.083-0400: 230.538: [GC (Allocation Failure) [PSYoungGen: 137084K->54995K(175104K)] 345687K->263670K(699392K), 0.0122494 secs] [Times: user=0.11 sys=0.00, real=0.01 secs] 
2016-09-15T11:57:14.235-0400: 230.690: [GC (GCLocker Initiated GC) [PSYoungGen: 138072K->54995K(175104K)] 352822K->269848K(699392K), 0.0190636 secs] [Times: user=0.15 sys=0.00, real=0.02 secs] 
2016-09-15T11:57:14.357-0400: 230.813: [GC (GCLocker Initiated GC) [PSYoungGen: 143059K->73412K(175104K)] 358010K->288506K(699392K), 0.0177823 secs] [Times: user=0.18 sys=0.00, real=0.01 secs] 
2016-09-15T11:57:14.477-0400: 230.932: [GC (GCLocker Initiated GC) [PSYoungGen: 161476K->73740K(175104K)] 376752K->325585K(699392K), 0.0117667 secs] [Times: user=0.11 sys=0.00, real=0.01 secs] 
2016-09-15T11:57:14.588-0400: 231.044: [GC (GCLocker Initiated GC) [PSYoungGen: 161804K->67537K(175104K)] 413691K->374531K(699392K), 0.0160642 secs] [Times: user=0.13 sys=0.00, real=0.01 secs] 
2016-09-15T11:57:14.705-0400: 231.160: [GC (Allocation Failure) [PSYoungGen: 155601K->43205K(175104K)] 468868K->399101K(699392K), 0.0112604 secs] [Times: user=0.09 sys=0.00, real=0.02 secs] 
2016-09-15T11:57:14.811-0400: 231.267: [GC (GCLocker Initiated GC) [PSYoungGen: 131269K->85662K(175104K)] 487170K->460064K(699392K), 0.0132812 secs] [Times: user=0.14 sys=0.01, real=0.01 secs] 
2016-09-15T11:57:14.942-0400: 231.398: [GC (GCLocker Initiated GC) [PSYoungGen: 173726K->37617K(175104K)] 548138K->430366K(699392K), 0.0069151 secs] [Times: user=0.08 sys=0.00, real=0.01 secs] 
2016-09-15T11:57:15.067-0400: 231.522: [GC (GCLocker Initiated GC) [PSYoungGen: 125681K->73380K(175104K)] 518595K->466569K(699392K), 0.0102014 secs] [Times: user=0.11 sys=0.00, real=0.02 secs] 
2016-09-15T11:57:15.214-0400: 231.670: [GC (GCLocker Initiated GC) [PSYoungGen: 161444K->55483K(175104K)] 572962K->485329K(699392K), 0.0157988 secs] [Times: user=0.16 sys=0.00, real=0.02 secs] 
2016-09-15T11:57:15.321-0400: 231.777: [GC (GCLocker Initiated GC) [PSYoungGen: 143547K->55255K(175104K)] 573569K->503769K(699392K), 0.0308319 secs] [Times: user=0.32 sys=0.00, real=0.03 secs] 
2016-09-15T11:57:15.459-0400: 231.914: [GC (GCLocker Initiated GC) [PSYoungGen: 143319K->49507K(175104K)] 591942K->552909K(699392K), 0.0214133 secs] [Times: user=0.22 sys=0.01, real=0.02 secs] 
2016-09-15T11:57:15.480-0400: 231.936: [Full GC (Ergonomics) [PSYoungGen: 49507K->0K(175104K)] [ParOldGen: 503401K->48382K(524288K)] 552909K->48382K(699392K), [Metaspace: 44522K->44522K(1087488K)], 0.0658474 secs] [Times: user=0.43 sys=0.01, real=0.06 secs] 
2016-09-15T11:57:15.659-0400: 232.114: [GC (GCLocker Initiated GC) [PSYoungGen: 88064K->85950K(175104K)] 142614K->146575K(699392K), 0.0225804 secs] [Times: user=0.22 sys=0.00, real=0.02 secs] 
2016-09-15T11:57:15.802-0400: 232.258: [GC (GCLocker Initiated GC) [PSYoungGen: 174014K->85922K(175104K)] 234849K->208071K(699392K), 0.0170552 secs] [Times: user=0.22 sys=0.00, real=0.02 secs] 
2016-09-15T11:57:15.927-0400: 232.382: [GC (GCLocker Initiated GC) [PSYoungGen: 173986K->73672K(175104K)] 296496K->251156K(699392K), 0.0130929 secs] [Times: user=0.18 sys=0.00, real=0.02 secs] 
2016-09-15T11:57:16.052-0400: 232.508: [GC (GCLocker Initiated GC) [PSYoungGen: 161736K->61654K(175104K)] 345461K->269758K(699392K), 0.0173431 secs] [Times: user=0.20 sys=0.00, real=0.02 secs] 
2016-09-15T11:57:16.213-0400: 232.669: [GC (GCLocker Initiated GC) [PSYoungGen: 149718K->19160K(175104K)] 382275K->306685K(699392K), 0.0093799 secs] [Times: user=0.10 sys=0.00, real=0.01 secs] 
2016-09-15T11:57:16.380-0400: 232.835: [GC (GCLocker Initiated GC) [PSYoungGen: 107224K->37421K(175104K)] 401000K->331496K(699392K), 0.0105416 secs] [Times: user=0.13 sys=0.00, real=0.01 secs] 
2016-09-15T11:57:16.499-0400: 232.954: [GC (GCLocker Initiated GC) [PSYoungGen: 125485K->85790K(175104K)] 425727K->404360K(699392K), 0.0168421 secs] [Times: user=0.21 sys=0.00, real=0.02 secs] 
2016-09-15T11:57:16.638-0400: 233.093: [GC (GCLocker Initiated GC) [PSYoungGen: 173854K->73868K(175104K)] 498988K->484203K(699392K), 0.0123057 secs] [Times: user=0.17 sys=0.01, real=0.01 secs] 
2016-09-15T11:57:16.755-0400: 233.210: [GC (Allocation Failure) [PSYoungGen: 161932K->73708K(175104K)] 572455K->484530K(699392K), 0.0085011 secs] [Times: user=0.09 sys=0.00, real=0.01 secs] 
2016-09-15T11:57:16.875-0400: 233.330: [GC (GCLocker Initiated GC) [PSYoungGen: 156222K->61298K(175104K)] 573120K->496820K(699392K), 0.0182426 secs] [Times: user=0.17 sys=0.01, real=0.02 secs] 
2016-09-15T11:57:16.893-0400: 233.348: [Full GC (Ergonomics) [PSYoungGen: 61298K->0K(175104K)] [ParOldGen: 435522K->53989K(524288K)] 496820K->53989K(699392K), [Metaspace: 44522K->44522K(1087488K)], 0.0568441 secs] [Times: user=0.33 sys=0.01, real=0.06 secs] 
2016-09-15T11:57:17.056-0400: 233.511: [GC (GCLocker Initiated GC) [PSYoungGen: 88064K->86210K(175104K)] 142162K->164608K(699392K), 0.0108632 secs] [Times: user=0.12 sys=0.00, real=0.00 secs] 
2016-09-15T11:57:17.171-0400: 233.626: [GC (GCLocker Initiated GC) [PSYoungGen: 174274K->85954K(175104K)] 252848K->213705K(699392K), 0.0198151 secs] [Times: user=0.21 sys=0.01, real=0.02 secs] 
2016-09-15T11:57:17.320-0400: 233.775: [GC (GCLocker Initiated GC) [PSYoungGen: 174018K->24944K(175104K)] 320206K->219991K(699392K), 0.0161869 secs] [Times: user=0.17 sys=0.00, real=0.02 secs] 
2016-09-15T11:57:17.481-0400: 233.936: [GC (Allocation Failure) [PSYoungGen: 113008K->55287K(175104K)] 308366K->250920K(699392K), 0.0069287 secs] [Times: user=0.06 sys=0.00, real=0.01 secs] 
2016-09-15T11:57:17.614-0400: 234.070: [GC (GCLocker Initiated GC) [PSYoungGen: 143348K->85886K(175104K)] 338987K->306084K(699392K), 0.0094880 secs] [Times: user=0.12 sys=0.00, real=0.01 secs] 
2016-09-15T11:57:17.722-0400: 234.177: [GC (Allocation Failure) [PSYoungGen: 173950K->73772K(175104K)] 394352K->330744K(699392K), 0.0158607 secs] [Times: user=0.20 sys=0.00, real=0.02 secs] 
2016-09-15T11:57:17.845-0400: 234.300: [GC (GCLocker Initiated GC) [PSYoungGen: 161836K->73704K(175104K)] 418813K->391723K(699392K), 0.0136254 secs] [Times: user=0.14 sys=0.00, real=0.02 secs] 
2016-09-15T11:57:17.953-0400: 234.408: [GC (Allocation Failure) [PSYoungGen: 161768K->86218K(175104K)] 479857K->422839K(699392K), 0.0094659 secs] [Times: user=0.12 sys=0.00, real=0.01 secs] 
2016-09-15T11:57:18.080-0400: 234.535: [GC (GCLocker Initiated GC) [PSYoungGen: 174282K->73380K(175104K)] 510904K->440817K(699392K), 0.0095545 secs] [Times: user=0.10 sys=0.00, real=0.01 secs] 
2016-09-15T11:57:18.204-0400: 234.659: [GC (GCLocker Initiated GC) [PSYoungGen: 161444K->85954K(175104K)] 529019K->484032K(699392K), 0.0100394 secs] [Times: user=0.15 sys=0.00, real=0.01 secs] 
2016-09-15T11:57:18.369-0400: 234.824: [GC (Allocation Failure) [PSYoungGen: 174018K->42973K(175104K)] 578223K->508236K(699392K), 0.0095259 secs] [Times: user=0.12 sys=0.00, real=0.01 secs] 
2016-09-15T11:57:18.378-0400: 234.834: [Full GC (Ergonomics) [PSYoungGen: 42973K->0K(175104K)] [ParOldGen: 465263K->40902K(524288K)] 508236K->40902K(699392K), [Metaspace: 44522K->44522K(1087488K)], 0.0647520 secs] [Times: user=0.62 sys=0.01, real=0.06 secs] 
2016-09-15T11:57:18.558-0400: 235.014: [GC (GCLocker Initiated GC) [PSYoungGen: 88064K->86110K(175104K)] 128971K->133093K(699392K), 0.0080067 secs] [Times: user=0.09 sys=0.00, real=0.00 secs] 
2016-09-15T11:57:18.683-0400: 235.139: [GC (Allocation Failure) [PSYoungGen: 174174K->67469K(175104K)] 221512K->121406K(699392K), 0.0183469 secs] [Times: user=0.19 sys=0.00, real=0.02 secs] 
2016-09-15T11:57:18.817-0400: 235.273: [GC (GCLocker Initiated GC) [PSYoungGen: 155533K->85790K(175104K)] 209475K->164308K(699392K), 0.0171162 secs] [Times: user=0.23 sys=0.00, real=0.01 secs] 
2016-09-15T11:57:18.949-0400: 235.404: [GC (Allocation Failure) [PSYoungGen: 173854K->43560K(175104K)] 252576K->158908K(699392K), 0.0127459 secs] [Times: user=0.20 sys=0.01, real=0.01 secs] 
2016-09-15T11:57:19.050-0400: 235.505: [GC (GCLocker Initiated GC) [PSYoungGen: 131624K->85954K(175104K)] 246978K->207697K(699392K), 0.0087490 secs] [Times: user=0.13 sys=0.00, real=0.01 secs] 
2016-09-15T11:57:19.172-0400: 235.628: [GC (Allocation Failure) [PSYoungGen: 174018K->85890K(175104K)] 296021K->220171K(699392K), 0.0084417 secs] [Times: user=0.09 sys=0.00, real=0.01 secs] 
2016-09-15T11:57:19.296-0400: 235.751: [GC (GCLocker Initiated GC) [PSYoungGen: 173954K->74064K(175104K)] 308241K->263521K(699392K), 0.0111145 secs] [Times: user=0.16 sys=0.00, real=0.00 secs] 
2016-09-15T11:57:19.464-0400: 235.920: [GC (GCLocker Initiated GC) [PSYoungGen: 162128K->55547K(175104K)] 364040K->275796K(699392K), 0.0196897 secs] [Times: user=0.22 sys=0.00, real=0.02 secs] 
2016-09-15T11:57:19.615-0400: 236.071: [GC (GCLocker Initiated GC) [PSYoungGen: 143611K->61330K(175104K)] 364221K->282207K(699392K), 0.0152980 secs] [Times: user=0.16 sys=0.00, real=0.02 secs] 
2016-09-15T11:57:19.741-0400: 236.197: [GC (GCLocker Initiated GC) [PSYoungGen: 149394K->61330K(175104K)] 370475K->306815K(699392K), 0.0180788 secs] [Times: user=0.20 sys=0.00, real=0.02 secs] 
2016-09-15T11:57:19.876-0400: 236.331: [GC (GCLocker Initiated GC) [PSYoungGen: 149394K->73612K(175104K)] 394927K->355870K(699392K), 0.0185568 secs] [Times: user=0.19 sys=0.00, real=0.02 secs] 
2016-09-15T11:57:20.025-0400: 236.480: [GC (GCLocker Initiated GC) [PSYoungGen: 161676K->37030K(175104K)] 444161K->368538K(699392K), 0.0211273 secs] [Times: user=0.20 sys=0.00, real=0.02 secs] 
2016-09-15T11:57:20.159-0400: 236.614: [GC (GCLocker Initiated GC) [PSYoungGen: 125094K->61330K(175104K)] 456829K->393332K(699392K), 0.0158165 secs] [Times: user=0.16 sys=0.01, real=0.01 secs] 
2016-09-15T11:57:20.298-0400: 236.753: [GC (GCLocker Initiated GC) [PSYoungGen: 149394K->55383K(175104K)] 487630K->430181K(699392K), 0.0120886 secs] [Times: user=0.11 sys=0.00, real=0.01 secs] 
2016-09-15T11:57:20.450-0400: 236.906: [GC (GCLocker Initiated GC) [PSYoungGen: 143447K->55255K(175104K)] 524987K->436915K(699392K), 0.0079260 secs] [Times: user=0.08 sys=0.00, real=0.01 secs] 
2016-09-15T11:57:20.589-0400: 237.044: [GC (Allocation Failure) [PSYoungGen: 143319K->55679K(175104K)] 531358K->443986K(699392K), 0.0078479 secs] [Times: user=0.07 sys=0.01, real=0.01 secs] 
2016-09-15T11:57:20.742-0400: 237.197: [GC (GCLocker Initiated GC) [PSYoungGen: 140515K->55219K(175104K)] 534898K->492425K(699392K), 0.0109178 secs] [Times: user=0.11 sys=0.00, real=0.01 secs] 
2016-09-15T11:57:20.856-0400: 237.311: [GC (GCLocker Initiated GC) [PSYoungGen: 143283K->85890K(175104K)] 586614K->547573K(699392K), 0.0135148 secs] [Times: user=0.13 sys=0.00, real=0.01 secs] 
2016-09-15T11:57:20.869-0400: 237.325: [Full GC (Ergonomics) [PSYoungGen: 85890K->0K(175104K)] [ParOldGen: 461683K->53409K(524288K)] 547573K->53409K(699392K), [Metaspace: 44524K->44524K(1087488K)], 0.0561390 secs] [Times: user=0.26 sys=0.01, real=0.05 secs] 
2016-09-15T11:57:21.029-0400: 237.484: [GC (GCLocker Initiated GC) [PSYoungGen: 88064K->86566K(175104K)] 141767K->176720K(699392K), 0.0215693 secs] [Times: user=0.25 sys=0.01, real=0.02 secs] 
2016-09-15T11:57:21.148-0400: 237.604: [GC (GCLocker Initiated GC) [PSYoungGen: 174630K->67433K(175104K)] 264887K->237649K(699392K), 0.0192887 secs] [Times: user=0.25 sys=0.00, real=0.02 secs] 
2016-09-15T11:57:21.273-0400: 237.728: [GC (Allocation Failure) [PSYoungGen: 155497K->86445K(175104K)] 326040K->299673K(699392K), 0.0184002 secs] [Times: user=0.25 sys=0.01, real=0.02 secs] 
2016-09-15T11:57:21.402-0400: 237.858: [GC (GCLocker Initiated GC) [PSYoungGen: 169393K->61362K(175104K)] 388696K->299461K(699392K), 0.0219256 secs] [Times: user=0.21 sys=0.00, real=0.02 secs] 
2016-09-15T11:57:21.512-0400: 237.967: [GC (GCLocker Initiated GC) [PSYoungGen: 149426K->49372K(175104K)] 387803K->336476K(699392K), 0.0283827 secs] [Times: user=0.35 sys=0.00, real=0.03 secs] 
2016-09-15T11:57:21.655-0400: 238.110: [GC (GCLocker Initiated GC) [PSYoungGen: 137436K->73612K(175104K)] 424548K->391382K(699392K), 0.0231725 secs] [Times: user=0.21 sys=0.00, real=0.03 secs] 
2016-09-15T11:57:21.808-0400: 238.264: [GC (GCLocker Initiated GC) [PSYoungGen: 161676K->73608K(175104K)] 479667K->398294K(699392K), 0.0100177 secs] [Times: user=0.09 sys=0.00, real=0.01 secs] 
2016-09-15T11:57:21.925-0400: 238.381: [GC (GCLocker Initiated GC) [PSYoungGen: 161672K->74164K(175104K)] 492788K->405604K(699392K), 0.0105666 secs] [Times: user=0.14 sys=0.00, real=0.02 secs] 
2016-09-15T11:57:22.060-0400: 238.515: [GC (GCLocker Initiated GC) [PSYoungGen: 162228K->73672K(175104K)] 500098K->448299K(699392K), 0.0087513 secs] [Times: user=0.12 sys=0.00, real=0.01 secs] 
2016-09-15T11:57:22.214-0400: 238.669: [GC (GCLocker Initiated GC) [PSYoungGen: 161736K->37062K(175104K)] 548588K->424197K(699392K), 0.0192282 secs] [Times: user=0.28 sys=0.00, real=0.02 secs] 
2016-09-15T11:57:22.341-0400: 238.796: [GC (GCLocker Initiated GC) [PSYoungGen: 125126K->73608K(175104K)] 512477K->473401K(699392K), 0.0104409 secs] [Times: user=0.11 sys=0.00, real=0.01 secs] 
2016-09-15T11:57:22.473-0400: 238.928: [GC (GCLocker Initiated GC) [PSYoungGen: 161672K->73772K(175104K)] 561826K->510511K(699392K), 0.0157521 secs] [Times: user=0.18 sys=0.00, real=0.02 secs] 
2016-09-15T11:57:22.603-0400: 239.058: [GC (GCLocker Initiated GC) [PSYoungGen: 161836K->79423K(175104K)] 598696K->516558K(699392K), 0.0121364 secs] [Times: user=0.11 sys=0.00, real=0.01 secs] 
2016-09-15T11:57:22.718-0400: 239.174: [GC (GCLocker Initiated GC) [PSYoungGen: 167487K->61590K(175104K)] 604871K->547710K(699392K), 0.0209026 secs] [Times: user=0.24 sys=0.00, real=0.02 secs] 
2016-09-15T11:57:22.739-0400: 239.195: [Full GC (Ergonomics) [PSYoungGen: 61590K->0K(175104K)] [ParOldGen: 486119K->53448K(524288K)] 547710K->53448K(699392K), [Metaspace: 44525K->44525K(1087488K)], 0.0565357 secs] [Times: user=0.41 sys=0.01, real=0.06 secs] 
2016-09-15T11:57:22.904-0400: 239.360: [GC (GCLocker Initiated GC) [PSYoungGen: 88064K->86210K(175104K)] 141828K->146049K(699392K), 0.0085673 secs] [Times: user=0.11 sys=0.01, real=0.01 secs] 
2016-09-15T11:57:23.032-0400: 239.488: [GC (GCLocker Initiated GC) [PSYoungGen: 174274K->55383K(175104K)] 240477K->140358K(699392K), 0.0136166 secs] [Times: user=0.21 sys=0.01, real=0.01 secs] 
2016-09-15T11:57:23.148-0400: 239.603: [GC (GCLocker Initiated GC) [PSYoungGen: 143447K->73936K(175104K)] 228649K->159429K(699392K), 0.0091714 secs] [Times: user=0.13 sys=0.00, real=0.01 secs] 
2016-09-15T11:57:23.277-0400: 239.733: [GC (GCLocker Initiated GC) [PSYoungGen: 162000K->61398K(175104K)] 247663K->183598K(699392K), 0.0146394 secs] [Times: user=0.10 sys=0.01, real=0.01 secs] 
2016-09-15T11:57:23.405-0400: 239.860: [GC (GCLocker Initiated GC) [PSYoungGen: 149462K->61362K(175104K)] 271687K->202072K(699392K), 0.0125871 secs] [Times: user=0.10 sys=0.00, real=0.02 secs] 
2016-09-15T11:57:23.528-0400: 239.984: [GC (GCLocker Initiated GC) [PSYoungGen: 149426K->73904K(175104K)] 296225K->239064K(699392K), 0.0085636 secs] [Times: user=0.13 sys=0.00, real=0.01 secs] 
2016-09-15T11:57:23.654-0400: 240.109: [GC (GCLocker Initiated GC) [PSYoungGen: 161968K->85790K(175104K)] 333284K->294207K(699392K), 0.0099212 secs] [Times: user=0.13 sys=0.00, real=0.01 secs] 
2016-09-15T11:57:23.772-0400: 240.228: [GC (GCLocker Initiated GC) [PSYoungGen: 173854K->73608K(175104K)] 382330K->330984K(699392K), 0.0107980 secs] [Times: user=0.15 sys=0.00, real=0.01 secs] 
2016-09-15T11:57:23.904-0400: 240.359: [GC (GCLocker Initiated GC) [PSYoungGen: 161672K->55415K(175104K)] 425238K->337537K(699392K), 0.0097388 secs] [Times: user=0.13 sys=0.00, real=0.01 secs] 
2016-09-15T11:57:24.049-0400: 240.504: [GC (Allocation Failure) [PSYoungGen: 143479K->37681K(175104K)] 431689K->326215K(699392K), 0.0062914 secs] [Times: user=0.09 sys=0.00, real=0.00 secs] 
2016-09-15T11:57:24.143-0400: 240.599: [GC (GCLocker Initiated GC) [PSYoungGen: 125745K->79715K(175104K)] 414285K->368554K(699392K), 0.0184760 secs] [Times: user=0.19 sys=0.00, real=0.02 secs] 
2016-09-15T11:57:24.286-0400: 240.741: [GC (GCLocker Initiated GC) [PSYoungGen: 167779K->43137K(175104K)] 468938K->381022K(699392K), 0.0120452 secs] [Times: user=0.10 sys=0.00, real=0.02 secs] 
2016-09-15T11:57:24.408-0400: 240.863: [GC (Allocation Failure) [PSYoungGen: 131201K->49312K(175104K)] 475359K->424121K(699392K), 0.0286489 secs] [Times: user=0.27 sys=0.01, real=0.03 secs] 
2016-09-15T11:57:24.567-0400: 241.022: [GC (Allocation Failure) [PSYoungGen: 137376K->42941K(175104K)] 512185K->436258K(699392K), 0.0072306 secs] [Times: user=0.06 sys=0.00, real=0.01 secs] 
2016-09-15T11:57:24.673-0400: 241.128: [GC (GCLocker Initiated GC) [PSYoungGen: 131005K->85662K(175104K)] 524329K->485181K(699392K), 0.0187200 secs] [Times: user=0.18 sys=0.01, real=0.02 secs] 
2016-09-15T11:57:24.803-0400: 241.258: [GC (GCLocker Initiated GC) [PSYoungGen: 173726K->85758K(175104K)] 573332K->516046K(699392K), 0.0166085 secs] [Times: user=0.23 sys=0.01, real=0.02 secs] 
2016-09-15T11:57:24.911-0400: 241.366: [GC (GCLocker Initiated GC) [PSYoungGen: 173822K->61490K(175104K)] 604415K->565298K(699392K), 0.0105051 secs] [Times: user=0.14 sys=0.00, real=0.01 secs] 
2016-09-15T11:57:24.922-0400: 241.377: [Full GC (Ergonomics) [PSYoungGen: 61490K->0K(175104K)] [ParOldGen: 503808K->59598K(524288K)] 565298K->59598K(699392K), [Metaspace: 44527K->44527K(1087488K)], 0.0519135 secs] [Times: user=0.35 sys=0.01, real=0.05 secs] 
2016-09-15T11:57:25.068-0400: 241.523: [GC (GCLocker Initiated GC) [PSYoungGen: 88064K->86242K(175104K)] 147698K->176251K(699392K), 0.0103258 secs] [Times: user=0.14 sys=0.00, real=0.01 secs] 
2016-09-15T11:57:25.209-0400: 241.664: [GC (GCLocker Initiated GC) [PSYoungGen: 174306K->37517K(175104K)] 282630K->207484K(699392K), 0.0073121 secs] [Times: user=0.10 sys=0.00, real=0.01 secs] 
2016-09-15T11:57:25.336-0400: 241.791: [GC (GCLocker Initiated GC) [PSYoungGen: 125581K->55547K(175104K)] 301760K->250077K(699392K), 0.0095716 secs] [Times: user=0.11 sys=0.00, real=0.00 secs] 
2016-09-15T11:57:25.463-0400: 241.919: [GC (GCLocker Initiated GC) [PSYoungGen: 143611K->85922K(175104K)] 338508K->317413K(699392K), 0.0135113 secs] [Times: user=0.15 sys=0.01, real=0.02 secs] 
2016-09-15T11:57:25.612-0400: 242.067: [GC (GCLocker Initiated GC) [PSYoungGen: 173986K->85854K(175104K)] 417713K->366511K(699392K), 0.0085271 secs] [Times: user=0.11 sys=0.00, real=0.01 secs] 
2016-09-15T11:57:25.715-0400: 242.171: [GC (GCLocker Initiated GC) [PSYoungGen: 173918K->85986K(175104K)] 454740K->433784K(699392K), 0.0109361 secs] [Times: user=0.16 sys=0.01, real=0.01 secs] 
2016-09-15T11:57:25.862-0400: 242.318: [GC (GCLocker Initiated GC) [PSYoungGen: 174050K->37094K(175104K)] 534180K->476695K(699392K), 0.0083628 secs] [Times: user=0.11 sys=0.00, real=0.01 secs] 
2016-09-15T11:57:25.871-0400: 242.326: [Full GC (Ergonomics) [PSYoungGen: 37094K->0K(175104K)] [ParOldGen: 439601K->47331K(524288K)] 476695K->47331K(699392K), [Metaspace: 44528K->44528K(1087488K)], 0.0518709 secs] [Times: user=0.45 sys=0.02, real=0.05 secs] 
2016-09-15T11:57:26.041-0400: 242.496: [GC (GCLocker Initiated GC) [PSYoungGen: 88064K->85758K(175104K)] 135644K->157638K(699392K), 0.0089810 secs] [Times: user=0.10 sys=0.00, real=0.01 secs] 
2016-09-15T11:57:26.200-0400: 242.656: [GC (Allocation Failure) [PSYoungGen: 173822K->55351K(175104K)] 245706K->164133K(699392K), 0.0090136 secs] [Times: user=0.10 sys=0.00, real=0.01 secs] 
2016-09-15T11:57:26.210-0400: 242.665: [GC (GCLocker Initiated GC) [PSYoungGen: 55870K->128K(175104K)] 164652K->151737K(699392K), 0.0081441 secs] [Times: user=0.06 sys=0.00, real=0.01 secs] 
2016-09-15T11:57:26.317-0400: 242.772: [GC (GCLocker Initiated GC) [PSYoungGen: 84765K->67661K(175104K)] 242450K->225362K(699392K), 0.0184158 secs] [Times: user=0.20 sys=0.00, real=0.01 secs] 
2016-09-15T11:57:26.454-0400: 242.909: [GC (GCLocker Initiated GC) [PSYoungGen: 155725K->73772K(175104K)] 319508K->274569K(699392K), 0.0245735 secs] [Times: user=0.33 sys=0.00, real=0.03 secs] 
2016-09-15T11:57:26.609-0400: 243.065: [GC (GCLocker Initiated GC) [PSYoungGen: 161836K->67305K(175104K)] 362915K->286909K(699392K), 0.0091276 secs] [Times: user=0.09 sys=0.00, real=0.01 secs] 
2016-09-15T11:57:26.706-0400: 243.161: [GC (GCLocker Initiated GC) [PSYoungGen: 155369K->85922K(175104K)] 381173K->323996K(699392K), 0.0149189 secs] [Times: user=0.21 sys=0.00, real=0.02 secs] 
2016-09-15T11:57:26.844-0400: 243.299: [GC (Allocation Failure) [PSYoungGen: 173986K->67697K(175104K)] 424246K->354690K(699392K), 0.0102869 secs] [Times: user=0.10 sys=0.00, real=0.01 secs] 
2016-09-15T11:57:26.950-0400: 243.405: [GC (GCLocker Initiated GC) [PSYoungGen: 150409K->43233K(175104K)] 443478K->409525K(699392K), 0.0092017 secs] [Times: user=0.12 sys=0.00, real=0.01 secs] 
2016-09-15T11:57:27.067-0400: 243.522: [GC (Allocation Failure) [PSYoungGen: 131297K->85922K(175104K)] 497642K->495108K(699392K), 0.0096124 secs] [Times: user=0.11 sys=0.02, real=0.02 secs] 
2016-09-15T11:57:27.225-0400: 243.680: [GC (GCLocker Initiated GC) [PSYoungGen: 173986K->73640K(175104K)] 583177K->483451K(699392K), 0.0113304 secs] [Times: user=0.13 sys=0.00, real=0.02 secs] 
2016-09-15T11:57:27.377-0400: 243.833: [GC (Allocation Failure) [PSYoungGen: 161704K->37062K(175104K)] 583841K->459466K(699392K), 0.0081996 secs] [Times: user=0.10 sys=0.00, real=0.00 secs] 
2016-09-15T11:57:27.515-0400: 243.971: [GC (GCLocker Initiated GC) [PSYoungGen: 125126K->55223K(175104K)] 547535K->477696K(699392K), 0.0148082 secs] [Times: user=0.17 sys=0.01, real=0.02 secs] 
2016-09-15T11:57:27.647-0400: 244.103: [GC (GCLocker Initiated GC) [PSYoungGen: 143287K->85758K(175104K)] 566076K->532967K(699392K), 0.0137184 secs] [Times: user=0.17 sys=0.00, real=0.02 secs] 
2016-09-15T11:57:27.661-0400: 244.117: [Full GC (Ergonomics) [PSYoungGen: 85758K->0K(175104K)] [ParOldGen: 447208K->59998K(524288K)] 532967K->59998K(699392K), [Metaspace: 44532K->44532K(1087488K)], 0.0555578 secs] [Times: user=0.44 sys=0.00, real=0.06 secs] 
2016-09-15T11:57:27.819-0400: 244.274: [GC (GCLocker Initiated GC) [PSYoungGen: 88064K->86766K(175104K)] 148311K->189538K(699392K), 0.0124904 secs] [Times: user=0.18 sys=0.00, real=0.01 secs] 
2016-09-15T11:57:27.933-0400: 244.389: [GC (GCLocker Initiated GC) [PSYoungGen: 174830K->61914K(175104K)] 283921K->256782K(699392K), 0.0113745 secs] [Times: user=0.16 sys=0.00, real=0.01 secs] 
2016-09-15T11:57:28.054-0400: 244.509: [GC (GCLocker Initiated GC) [PSYoungGen: 149978K->55447K(175104K)] 351814K->288129K(699392K), 0.0086765 secs] [Times: user=0.11 sys=0.00, real=0.01 secs] 
2016-09-15T11:57:28.161-0400: 244.617: [GC (GCLocker Initiated GC) [PSYoungGen: 143511K->85658K(175104K)] 376235K->361222K(699392K), 0.0100109 secs] [Times: user=0.15 sys=0.00, real=0.01 secs] 
2016-09-15T11:57:28.264-0400: 244.720: [GC (GCLocker Initiated GC) [PSYoungGen: 173722K->79783K(175104K)] 449368K->398081K(699392K), 0.0168834 secs] [Times: user=0.18 sys=0.00, real=0.02 secs] 
2016-09-15T11:57:28.402-0400: 244.857: [GC (GCLocker Initiated GC) [PSYoungGen: 167847K->73868K(175104K)] 498477K->453913K(699392K), 0.0186088 secs] [Times: user=0.24 sys=0.00, real=0.02 secs] 
2016-09-15T11:57:28.517-0400: 244.973: [GC (GCLocker Initiated GC) [PSYoungGen: 161932K->73836K(175104K)] 548172K->478624K(699392K), 0.0107465 secs] [Times: user=0.11 sys=0.00, real=0.01 secs] 
2016-09-15T11:57:28.652-0400: 245.108: [GC (GCLocker Initiated GC) [PSYoungGen: 161900K->79683K(175104K)] 566938K->539704K(699392K), 0.0136911 secs] [Times: user=0.17 sys=0.00, real=0.01 secs] 
2016-09-15T11:57:28.666-0400: 245.122: [Full GC (Ergonomics) [PSYoungGen: 79683K->0K(175104K)] [ParOldGen: 460021K->53862K(524288K)] 539704K->53862K(699392K), [Metaspace: 44542K->44542K(1087488K)], 0.0544327 secs] [Times: user=0.42 sys=0.01, real=0.06 secs] 
2016-09-15T11:57:28.829-0400: 245.285: [GC (Allocation Failure) [PSYoungGen: 88064K->86438K(175104K)] 154415K->177089K(699392K), 0.0083143 secs] [Times: user=0.12 sys=0.00, real=0.01 secs] 
2016-09-15T11:57:28.838-0400: 245.294: [GC (GCLocker Initiated GC) [PSYoungGen: 86459K->128K(175104K)] 177111K->182734K(699392K), 0.0072760 secs] [Times: user=0.10 sys=0.01, real=0.00 secs] 
2016-09-15T11:57:28.965-0400: 245.421: [GC (GCLocker Initiated GC) [PSYoungGen: 84508K->86018K(175104K)] 273190K->299000K(699392K), 0.0083577 secs] [Times: user=0.11 sys=0.00, real=0.01 secs] 
2016-09-15T11:57:29.092-0400: 245.547: [GC (GCLocker Initiated GC) [PSYoungGen: 174082K->37290K(175104K)] 387106K->305460K(699392K), 0.0138121 secs] [Times: user=0.19 sys=0.00, real=0.01 secs] 
2016-09-15T11:57:29.209-0400: 245.665: [GC (GCLocker Initiated GC) [PSYoungGen: 125354K->80011K(175104K)] 399871K->354811K(699392K), 0.0176705 secs] [Times: user=0.22 sys=0.00, real=0.01 secs] 
2016-09-15T11:57:29.338-0400: 245.793: [GC (GCLocker Initiated GC) [PSYoungGen: 168075K->61526K(175104K)] 443129K->355089K(699392K), 0.0260404 secs] [Times: user=0.34 sys=0.00, real=0.02 secs] 
2016-09-15T11:57:29.462-0400: 245.917: [GC (GCLocker Initiated GC) [PSYoungGen: 149590K->73608K(175104K)] 449561K->410312K(699392K), 0.0099346 secs] [Times: user=0.13 sys=0.00, real=0.01 secs] 
2016-09-15T11:57:29.592-0400: 246.047: [GC (GCLocker Initiated GC) [PSYoungGen: 161672K->55547K(175104K)] 504812K->398791K(699392K), 0.0084310 secs] [Times: user=0.11 sys=0.01, real=0.01 secs] 
2016-09-15T11:57:29.709-0400: 246.165: [GC (GCLocker Initiated GC) [PSYoungGen: 143611K->55383K(175104K)] 487026K->417486K(699392K), 0.0101204 secs] [Times: user=0.13 sys=0.00, real=0.01 secs] 
2016-09-15T11:57:29.842-0400: 246.298: [GC (GCLocker Initiated GC) [PSYoungGen: 143447K->85858K(175104K)] 511712K->478527K(699392K), 0.0266381 secs] [Times: user=0.32 sys=0.00, real=0.03 secs] 
2016-09-15T11:57:29.990-0400: 246.446: [GC (Allocation Failure) [PSYoungGen: 173922K->37354K(175104K)] 579035K->509600K(699392K), 0.0099052 secs] [Times: user=0.14 sys=0.00, real=0.01 secs] 
2016-09-15T11:57:30.000-0400: 246.456: [Full GC (Ergonomics) [PSYoungGen: 37354K->0K(175104K)] [ParOldGen: 472246K->47773K(524288K)] 509600K->47773K(699392K), [Metaspace: 44542K->44542K(1087488K)], 0.0561050 secs] [Times: user=0.38 sys=0.01, real=0.06 secs] 
2016-09-15T11:57:30.170-0400: 246.625: [GC (GCLocker Initiated GC) [PSYoungGen: 88064K->85954K(175104K)] 135838K->139803K(699392K), 0.0104615 secs] [Times: user=0.11 sys=0.00, real=0.01 secs] 
2016-09-15T11:57:30.297-0400: 246.752: [GC (Allocation Failure) [PSYoungGen: 174018K->55579K(175104K)] 234180K->152498K(699392K), 0.0154613 secs] [Times: user=0.20 sys=0.00, real=0.01 secs] 
2016-09-15T11:57:30.432-0400: 246.887: [GC (GCLocker Initiated GC) [PSYoungGen: 143294K->55711K(175104K)] 246289K->177238K(699392K), 0.0122573 secs] [Times: user=0.19 sys=0.00, real=0.01 secs] 
2016-09-15T11:57:30.553-0400: 247.008: [GC (GCLocker Initiated GC) [PSYoungGen: 143775K->73672K(175104K)] 265321K->195346K(699392K), 0.0085147 secs] [Times: user=0.12 sys=0.00, real=0.01 secs] 
2016-09-15T11:57:30.686-0400: 247.141: [GC (GCLocker Initiated GC) [PSYoungGen: 161736K->79519K(175104K)] 283608K->250306K(699392K), 0.0113410 secs] [Times: user=0.17 sys=0.00, real=0.02 secs] 
2016-09-15T11:57:30.819-0400: 247.275: [GC (Allocation Failure) [PSYoungGen: 167583K->85790K(175104K)] 338389K->262799K(699392K), 0.0088636 secs] [Times: user=0.13 sys=0.00, real=0.01 secs] 
2016-09-15T11:57:30.935-0400: 247.390: [GC (GCLocker Initiated GC) [PSYoungGen: 173701K->61590K(175104K)] 356785K->263182K(699392K), 0.0206095 secs] [Times: user=0.21 sys=0.00, real=0.03 secs] 
2016-09-15T11:57:31.058-0400: 247.514: [GC (GCLocker Initiated GC) [PSYoungGen: 149654K->79651K(175104K)] 351456K->318351K(699392K), 0.0110254 secs] [Times: user=0.13 sys=0.01, real=0.01 secs] 
2016-09-15T11:57:31.204-0400: 247.660: [GC (GCLocker Initiated GC) [PSYoungGen: 167715K->55906K(175104K)] 412502K->337288K(699392K), 0.0165147 secs] [Times: user=0.22 sys=0.01, real=0.02 secs] 
2016-09-15T11:57:31.339-0400: 247.795: [GC (GCLocker Initiated GC) [PSYoungGen: 143970K->55679K(175104K)] 437745K->349712K(699392K), 0.0085676 secs] [Times: user=0.07 sys=0.00, real=0.01 secs] 
2016-09-15T11:57:31.470-0400: 247.925: [GC (GCLocker Initiated GC) [PSYoungGen: 143743K->43461K(175104K)] 456312K->392764K(699392K), 0.0117408 secs] [Times: user=0.10 sys=0.00, real=0.01 secs] 
2016-09-15T11:57:31.615-0400: 248.071: [GC (GCLocker Initiated GC) [PSYoungGen: 131525K->73740K(175104K)] 499095K->441430K(699392K), 0.0137026 secs] [Times: user=0.16 sys=0.00, real=0.02 secs] 
2016-09-15T11:57:31.758-0400: 248.214: [GC (GCLocker Initiated GC) [PSYoungGen: 161804K->37030K(175104K)] 548018K->459953K(699392K), 0.0107722 secs] [Times: user=0.08 sys=0.00, real=0.01 secs] 
2016-09-15T11:57:31.882-0400: 248.338: [GC (GCLocker Initiated GC) [PSYoungGen: 125094K->55419K(175104K)] 554425K->503095K(699392K), 0.0122985 secs] [Times: user=0.09 sys=0.00, real=0.01 secs] 
2016-09-15T11:57:32.012-0400: 248.468: [Full GC (Ergonomics) [PSYoungGen: 143483K->0K(175104K)] [ParOldGen: 453798K->53948K(524288K)] 597281K->53948K(699392K), [Metaspace: 44542K->44542K(1087488K)], 0.0688157 secs] [Times: user=0.44 sys=0.00, real=0.07 secs] 
2016-09-15T11:57:32.189-0400: 248.644: [GC (Allocation Failure) [PSYoungGen: 88064K->86406K(175104K)] 142283K->164925K(699392K), 0.0149150 secs] [Times: user=0.18 sys=0.00, real=0.01 secs] 
2016-09-15T11:57:32.310-0400: 248.765: [GC (GCLocker Initiated GC) [PSYoungGen: 169866K->55223K(175104K)] 254461K->195188K(699392K), 0.0123590 secs] [Times: user=0.14 sys=0.00, real=0.01 secs] 
2016-09-15T11:57:32.412-0400: 248.868: [GC (GCLocker Initiated GC) [PSYoungGen: 143287K->73608K(175104K)] 283389K->213985K(699392K), 0.0369652 secs] [Times: user=0.40 sys=0.00, real=0.04 secs] 
2016-09-15T11:57:32.563-0400: 249.018: [GC (GCLocker Initiated GC) [PSYoungGen: 161672K->80303K(175104K)] 302287K->239450K(699392K), 0.0098577 secs] [Times: user=0.13 sys=0.00, real=0.01 secs] 
2016-09-15T11:57:32.707-0400: 249.162: [GC (GCLocker Initiated GC) [PSYoungGen: 168367K->43169K(175104K)] 339752K->251624K(699392K), 0.0147023 secs] [Times: user=0.17 sys=0.01, real=0.02 secs] 
2016-09-15T11:57:32.854-0400: 249.310: [GC (GCLocker Initiated GC) [PSYoungGen: 131230K->55515K(175104K)] 346115K->307134K(699392K), 0.0108153 secs] [Times: user=0.11 sys=0.00, real=0.01 secs] 
2016-09-15T11:57:32.985-0400: 249.441: [GC (GCLocker Initiated GC) [PSYoungGen: 143579K->37354K(175104K)] 401477K->332001K(699392K), 0.0146134 secs] [Times: user=0.18 sys=0.00, real=0.02 secs] 
2016-09-15T11:57:33.105-0400: 249.560: [GC (GCLocker Initiated GC) [PSYoungGen: 125418K->85790K(175104K)] 426171K->398821K(699392K), 0.0131675 secs] [Times: user=0.16 sys=0.00, real=0.02 secs] 
2016-09-15T11:57:33.243-0400: 249.698: [GC (GCLocker Initiated GC) [PSYoungGen: 173854K->73544K(175104K)] 487130K->429652K(699392K), 0.0160512 secs] [Times: user=0.23 sys=0.00, real=0.02 secs] 
2016-09-15T11:57:33.367-0400: 249.823: [GC (GCLocker Initiated GC) [PSYoungGen: 161608K->85790K(175104K)] 517798K->448370K(699392K), 0.0092803 secs] [Times: user=0.11 sys=0.00, real=0.02 secs] 
2016-09-15T11:57:33.495-0400: 249.951: [GC (GCLocker Initiated GC) [PSYoungGen: 173854K->73672K(175104K)] 543126K->497934K(699392K), 0.0153618 secs] [Times: user=0.18 sys=0.01, real=0.02 secs] 
2016-09-15T11:57:33.631-0400: 250.087: [GC (Allocation Failure) [PSYoungGen: 161736K->73644K(175104K)] 592266K->504441K(699392K), 0.0192080 secs] [Times: user=0.20 sys=0.01, real=0.02 secs] 
2016-09-15T11:57:33.755-0400: 250.210: [GC (GCLocker Initiated GC) [PSYoungGen: 161708K->73444K(175104K)] 592511K->504547K(699392K), 0.0084323 secs] [Times: user=0.08 sys=0.01, real=0.01 secs] 
2016-09-15T11:57:33.872-0400: 250.327: [GC (GCLocker Initiated GC) [PSYoungGen: 161508K->73804K(175104K)] 592687K->541585K(699392K), 0.0102597 secs] [Times: user=0.14 sys=0.00, real=0.01 secs] 
2016-09-15T11:57:33.882-0400: 250.338: [Full GC (Ergonomics) [PSYoungGen: 73804K->0K(175104K)] [ParOldGen: 467780K->48283K(524288K)] 541585K->48283K(699392K), [Metaspace: 44542K->44542K(1087488K)], 0.0526004 secs] [Times: user=0.38 sys=0.01, real=0.05 secs] 
2016-09-15T11:57:34.036-0400: 250.491: [GC (GCLocker Initiated GC) [PSYoungGen: 88064K->86046K(175104K)] 136518K->201325K(699392K), 0.0105610 secs] [Times: user=0.14 sys=0.01, real=0.00 secs] 
2016-09-15T11:57:34.162-0400: 250.617: [GC (GCLocker Initiated GC) [PSYoungGen: 174110K->67793K(175104K)] 295696K->244626K(699392K), 0.0126366 secs] [Times: user=0.18 sys=0.01, real=0.01 secs] 
2016-09-15T11:57:34.287-0400: 250.743: [GC (GCLocker Initiated GC) [PSYoungGen: 155857K->73608K(175104K)] 333326K->288139K(699392K), 0.0186009 secs] [Times: user=0.24 sys=0.00, real=0.02 secs] 
2016-09-15T11:57:34.434-0400: 250.890: [GC (GCLocker Initiated GC) [PSYoungGen: 161672K->67533K(175104K)] 376323K->300536K(699392K), 0.0153515 secs] [Times: user=0.20 sys=0.00, real=0.02 secs] 
2016-09-15T11:57:34.548-0400: 251.003: [GC (GCLocker Initiated GC) [PSYoungGen: 155597K->85854K(175104K)] 388731K->349507K(699392K), 0.0107235 secs] [Times: user=0.16 sys=0.01, real=0.01 secs] 
2016-09-15T11:57:34.683-0400: 251.138: [GC (GCLocker Initiated GC) [PSYoungGen: 173918K->61622K(175104K)] 437630K->404468K(699392K), 0.0109881 secs] [Times: user=0.15 sys=0.00, real=0.01 secs] 
2016-09-15T11:57:34.812-0400: 251.267: [GC (Allocation Failure) [PSYoungGen: 149686K->36962K(175104K)] 498722K->440964K(699392K), 0.0129521 secs] [Times: user=0.17 sys=0.00, real=0.01 secs] 
2016-09-15T11:57:34.972-0400: 251.427: [GC (GCLocker Initiated GC) [PSYoungGen: 125026K->55187K(175104K)] 529034K->459338K(699392K), 0.0071404 secs] [Times: user=0.09 sys=0.01, real=0.01 secs] 
2016-09-15T11:57:35.106-0400: 251.562: [GC (GCLocker Initiated GC) [PSYoungGen: 143251K->85658K(175104K)] 547617K->496251K(699392K), 0.0123835 secs] [Times: user=0.19 sys=0.00, real=0.02 secs] 
2016-09-15T11:57:35.229-0400: 251.684: [GC (GCLocker Initiated GC) [PSYoungGen: 173722K->85822K(175104K)] 584682K->502992K(699392K), 0.0091402 secs] [Times: user=0.12 sys=0.00, real=0.01 secs] 
2016-09-15T11:57:35.347-0400: 251.802: [GC (GCLocker Initiated GC) [PSYoungGen: 173886K->73608K(175104K)] 591215K->509618K(699392K), 0.0134904 secs] [Times: user=0.17 sys=0.00, real=0.02 secs] 
2016-09-15T11:57:35.468-0400: 251.923: [Full GC (Ergonomics) [PSYoungGen: 161672K->0K(175104K)] [ParOldGen: 448318K->60626K(524288K)] 609991K->60626K(699392K), [Metaspace: 44543K->44543K(1087488K)], 0.0601990 secs] [Times: user=0.41 sys=0.01, real=0.06 secs] 
2016-09-15T11:57:35.616-0400: 252.071: [GC (GCLocker Initiated GC) [PSYoungGen: 88064K->85954K(175104K)] 154862K->158827K(699392K), 0.0096688 secs] [Times: user=0.13 sys=0.00, real=0.00 secs] 
2016-09-15T11:57:35.721-0400: 252.176: [GC (GCLocker Initiated GC) [PSYoungGen: 174018K->79911K(175104K)] 247259K->208314K(699392K), 0.0108755 secs] [Times: user=0.16 sys=0.00, real=0.01 secs] 
2016-09-15T11:57:35.832-0400: 252.288: [GC (GCLocker Initiated GC) [PSYoungGen: 167975K->61330K(175104K)] 297080K->209068K(699392K), 0.0082896 secs] [Times: user=0.07 sys=0.00, real=0.01 secs] 
2016-09-15T11:57:35.958-0400: 252.414: [GC (Allocation Failure) [PSYoungGen: 149394K->55287K(175104K)] 303512K->227733K(699392K), 0.0098827 secs] [Times: user=0.10 sys=0.01, real=0.01 secs] 
2016-09-15T11:57:36.092-0400: 252.547: [GC (GCLocker Initiated GC) [PSYoungGen: 140825K->43724K(175104K)] 319346K->222334K(699392K), 0.0080929 secs] [Times: user=0.07 sys=0.00, real=0.01 secs] 
2016-09-15T11:57:36.226-0400: 252.681: [GC (GCLocker Initiated GC) [PSYoungGen: 131788K->37322K(175104K)] 316632K->283230K(699392K), 0.0079127 secs] [Times: user=0.11 sys=0.00, real=0.01 secs] 
2016-09-15T11:57:36.315-0400: 252.770: [GC (GCLocker Initiated GC) [PSYoungGen: 125386K->85790K(175104K)] 371359K->374619K(699392K), 0.0181977 secs] [Times: user=0.24 sys=0.00, real=0.02 secs] 
2016-09-15T11:57:36.480-0400: 252.935: [GC (GCLocker Initiated GC) [PSYoungGen: 173854K->61458K(175104K)] 474976K->453997K(699392K), 0.0166994 secs] [Times: user=0.23 sys=0.01, real=0.02 secs] 
2016-09-15T11:57:36.626-0400: 253.082: [GC (GCLocker Initiated GC) [PSYoungGen: 149522K->85626K(175104K)] 542109K->514970K(699392K), 0.0130937 secs] [Times: user=0.14 sys=0.00, real=0.02 secs] 
2016-09-15T11:57:36.639-0400: 253.095: [Full GC (Ergonomics) [PSYoungGen: 85626K->0K(175104K)] [ParOldGen: 429344K->54173K(524288K)] 514970K->54173K(699392K), [Metaspace: 44543K->44543K(1087488K)], 0.0568646 secs] [Times: user=0.35 sys=0.01, real=0.06 secs] 
2016-09-15T11:57:36.812-0400: 253.267: [GC (GCLocker Initiated GC) [PSYoungGen: 88064K->86498K(175104K)] 148472K->165132K(699392K), 0.0236485 secs] [Times: user=0.30 sys=0.00, real=0.02 secs] 
2016-09-15T11:57:36.977-0400: 253.432: [GC (GCLocker Initiated GC) [PSYoungGen: 174562K->43233K(175104K)] 253372K->208093K(699392K), 0.0154227 secs] [Times: user=0.18 sys=0.01, real=0.01 secs] 
2016-09-15T11:57:37.110-0400: 253.565: [GC (GCLocker Initiated GC) [PSYoungGen: 131297K->86018K(175104K)] 296232K->305928K(699392K), 0.0104513 secs] [Times: user=0.16 sys=0.00, real=0.01 secs] 
2016-09-15T11:57:37.237-0400: 253.693: [GC (GCLocker Initiated GC) [PSYoungGen: 174082K->85822K(175104K)] 394107K->367076K(699392K), 0.0114279 secs] [Times: user=0.18 sys=0.01, real=0.01 secs] 
2016-09-15T11:57:37.367-0400: 253.822: [GC (GCLocker Initiated GC) [PSYoungGen: 173886K->43397K(175104K)] 455502K->380003K(699392K), 0.0096331 secs] [Times: user=0.11 sys=0.01, real=0.02 secs] 
2016-09-15T11:57:37.488-0400: 253.944: [GC (GCLocker Initiated GC) [PSYoungGen: 131461K->85922K(175104K)] 468109K->447186K(699392K), 0.0123528 secs] [Times: user=0.15 sys=0.00, real=0.01 secs] 
2016-09-15T11:57:37.632-0400: 254.087: [GC (Allocation Failure) [PSYoungGen: 173986K->85822K(175104K)] 541495K->483858K(699392K), 0.0125470 secs] [Times: user=0.14 sys=0.01, real=0.01 secs] 
2016-09-15T11:57:37.757-0400: 254.212: [GC (GCLocker Initiated GC) [PSYoungGen: 172952K->61426K(175104K)] 577064K->526595K(699392K), 0.0120372 secs] [Times: user=0.16 sys=0.00, real=0.01 secs] 
2016-09-15T11:57:37.769-0400: 254.224: [Full GC (Ergonomics) [PSYoungGen: 61426K->0K(175104K)] [ParOldGen: 465168K->54367K(524288K)] 526595K->54367K(699392K), [Metaspace: 44543K->44543K(1087488K)], 0.0581130 secs] [Times: user=0.35 sys=0.01, real=0.05 secs] 
2016-09-15T11:57:37.932-0400: 254.387: [GC (GCLocker Initiated GC) [PSYoungGen: 88064K->86146K(175104K)] 142786K->146943K(699392K), 0.0100341 secs] [Times: user=0.11 sys=0.00, real=0.01 secs] 
2016-09-15T11:57:38.045-0400: 254.500: [GC (Allocation Failure) [PSYoungGen: 174210K->85986K(175104K)] 235105K->196216K(699392K), 0.0090968 secs] [Times: user=0.13 sys=0.00, real=0.01 secs] 
2016-09-15T11:57:38.175-0400: 254.630: [GC (GCLocker Initiated GC) [PSYoungGen: 172891K->49340K(175104K)] 289197K->245092K(699392K), 0.0149408 secs] [Times: user=0.18 sys=0.00, real=0.02 secs] 
2016-09-15T11:57:38.304-0400: 254.759: [GC (GCLocker Initiated GC) [PSYoungGen: 137404K->73676K(175104K)] 345387K->281779K(699392K), 0.0172343 secs] [Times: user=0.21 sys=0.00, real=0.02 secs] 
2016-09-15T11:57:38.453-0400: 254.909: [GC (GCLocker Initiated GC) [PSYoungGen: 161740K->85854K(175104K)] 370125K->337056K(699392K), 0.0116768 secs] [Times: user=0.13 sys=0.00, real=0.01 secs] 
2016-09-15T11:57:38.572-0400: 255.027: [GC (GCLocker Initiated GC) [PSYoungGen: 173918K->61426K(175104K)] 431226K->325076K(699392K), 0.0127328 secs] [Times: user=0.12 sys=0.00, real=0.01 secs] 
2016-09-15T11:57:38.697-0400: 255.153: [GC (GCLocker Initiated GC) [PSYoungGen: 149490K->55611K(175104K)] 419453K->392730K(699392K), 0.0096978 secs] [Times: user=0.12 sys=0.00, real=0.00 secs] 
2016-09-15T11:57:38.864-0400: 255.319: [GC (GCLocker Initiated GC) [PSYoungGen: 143675K->85758K(175104K)] 481016K->441615K(699392K), 0.0103678 secs] [Times: user=0.12 sys=0.00, real=0.01 secs] 
2016-09-15T11:57:39.027-0400: 255.482: [GC (GCLocker Initiated GC) [PSYoungGen: 173822K->55351K(175104K)] 541972K->441985K(699392K), 0.0198231 secs] [Times: user=0.22 sys=0.02, real=0.02 secs] 
2016-09-15T11:57:39.188-0400: 255.643: [GC (GCLocker Initiated GC) [PSYoungGen: 143415K->43493K(175104K)] 530068K->497098K(699392K), 0.0202304 secs] [Times: user=0.20 sys=0.00, real=0.03 secs] 
2016-09-15T11:57:39.208-0400: 255.663: [Full GC (Ergonomics) [PSYoungGen: 43493K->0K(175104K)] [ParOldGen: 453605K->60524K(524288K)] 497098K->60524K(699392K), [Metaspace: 44543K->44543K(1087488K)], 0.0586081 secs] [Times: user=0.41 sys=0.01, real=0.05 secs] 
2016-09-15T11:57:39.368-0400: 255.823: [GC (GCLocker Initiated GC) [PSYoungGen: 88064K->74576K(175104K)] 148775K->135287K(699392K), 0.0128684 secs] [Times: user=0.10 sys=0.00, real=0.01 secs] 
2016-09-15T11:57:39.483-0400: 255.938: [GC (Allocation Failure) [PSYoungGen: 162640K->73576K(175104K)] 223482K->196735K(699392K), 0.0135176 secs] [Times: user=0.16 sys=0.01, real=0.02 secs] 
2016-09-15T11:57:39.581-0400: 256.036: [GC (GCLocker Initiated GC) [PSYoungGen: 161640K->85790K(175104K)] 284805K->215166K(699392K), 0.0107049 secs] [Times: user=0.14 sys=0.00, real=0.01 secs] 
2016-09-15T11:57:39.694-0400: 256.149: [GC (GCLocker Initiated GC) [PSYoungGen: 173854K->85922K(175104K)] 303258K->245969K(699392K), 0.0199805 secs] [Times: user=0.27 sys=0.00, real=0.02 secs] 
2016-09-15T11:57:39.826-0400: 256.282: [GC (GCLocker Initiated GC) [PSYoungGen: 173986K->73896K(175104K)] 340155K->295039K(699392K), 0.0110191 secs] [Times: user=0.16 sys=0.00, real=0.02 secs] 
2016-09-15T11:57:39.945-0400: 256.400: [GC (GCLocker Initiated GC) [PSYoungGen: 161960K->74068K(175104K)] 389299K->332182K(699392K), 0.0083970 secs] [Times: user=0.13 sys=0.00, real=0.01 secs] 
2016-09-15T11:57:40.082-0400: 256.537: [GC (GCLocker Initiated GC) [PSYoungGen: 162132K->55351K(175104K)] 420466K->362585K(699392K), 0.0212062 secs] [Times: user=0.24 sys=0.01, real=0.02 secs] 
2016-09-15T11:57:40.211-0400: 256.666: [GC (GCLocker Initiated GC) [PSYoungGen: 143415K->85790K(175104K)] 450685K->399426K(699392K), 0.0108109 secs] [Times: user=0.12 sys=0.00, real=0.01 secs] 
2016-09-15T11:57:40.349-0400: 256.804: [GC (GCLocker Initiated GC) [PSYoungGen: 173854K->67373K(175104K)] 493932K->412018K(699392K), 0.0443293 secs] [Times: user=0.46 sys=0.01, real=0.04 secs] 
2016-09-15T11:57:40.510-0400: 256.965: [GC (GCLocker Initiated GC) [PSYoungGen: 155437K->55611K(175104K)] 506501K->443237K(699392K), 0.0156311 secs] [Times: user=0.21 sys=0.00, real=0.01 secs] 
2016-09-15T11:57:40.664-0400: 257.120: [GC (GCLocker Initiated GC) [PSYoungGen: 143675K->85758K(175104K)] 531331K->504089K(699392K), 0.0103112 secs] [Times: user=0.14 sys=0.01, real=0.01 secs] 
2016-09-15T11:57:40.778-0400: 257.233: [GC (Allocation Failure) [PSYoungGen: 173822K->85758K(175104K)] 592206K->552878K(699392K), 0.0109250 secs] [Times: user=0.15 sys=0.01, real=0.01 secs] 
2016-09-15T11:57:40.790-0400: 257.245: [Full GC (Ergonomics) [PSYoungGen: 85758K->0K(175104K)] [ParOldGen: 467120K->48192K(524288K)] 552878K->48192K(699392K), [Metaspace: 44543K->44543K(1087488K)], 0.0591757 secs] [Times: user=0.51 sys=0.01, real=0.06 secs] 
2016-09-15T11:57:40.950-0400: 257.405: [GC (GCLocker Initiated GC) [PSYoungGen: 88064K->86766K(175104K)] 136262K->141039K(699392K), 0.0083595 secs] [Times: user=0.12 sys=0.00, real=0.01 secs] 
2016-09-15T11:57:41.057-0400: 257.513: [GC (GCLocker Initiated GC) [PSYoungGen: 174830K->73704K(175104K)] 235506K->171738K(699392K), 0.0089580 secs] [Times: user=0.14 sys=0.00, real=0.00 secs] 
2016-09-15T11:57:41.178-0400: 257.633: [GC (GCLocker Initiated GC) [PSYoungGen: 161768K->86150K(175104K)] 259832K->196547K(699392K), 0.0077508 secs] [Times: user=0.11 sys=0.00, real=0.00 secs] 
2016-09-15T11:57:41.318-0400: 257.773: [GC (GCLocker Initiated GC) [PSYoungGen: 174214K->30923K(175104K)] 290734K->190555K(699392K), 0.0078955 secs] [Times: user=0.07 sys=0.00, real=0.00 secs] 
2016-09-15T11:57:41.453-0400: 257.908: [GC (GCLocker Initiated GC) [PSYoungGen: 118987K->67957K(175104K)] 284965K->270693K(699392K), 0.0134062 secs] [Times: user=0.16 sys=0.00, real=0.01 secs] 
2016-09-15T11:57:41.584-0400: 258.039: [GC (GCLocker Initiated GC) [PSYoungGen: 156021K->73836K(175104K)] 359112K->277219K(699392K), 0.0100003 secs] [Times: user=0.11 sys=0.00, real=0.01 secs] 
2016-09-15T11:57:41.696-0400: 258.151: [GC (GCLocker Initiated GC) [PSYoungGen: 161900K->67469K(175104K)] 365583K->295719K(699392K), 0.0225364 secs] [Times: user=0.19 sys=0.00, real=0.03 secs] 
2016-09-15T11:57:41.829-0400: 258.285: [GC (Allocation Failure) [PSYoungGen: 155533K->73672K(175104K)] 384289K->320765K(699392K), 0.0104491 secs] [Times: user=0.12 sys=0.00, real=0.01 secs] 
2016-09-15T11:57:41.946-0400: 258.402: [GC (GCLocker Initiated GC) [PSYoungGen: 159103K->73672K(175104K)] 412271K->345200K(699392K), 0.0098302 secs] [Times: user=0.13 sys=0.00, real=0.02 secs] 
2016-09-15T11:57:42.064-0400: 258.519: [GC (GCLocker Initiated GC) [PSYoungGen: 161736K->55319K(175104K)] 433312K->375607K(699392K), 0.0118039 secs] [Times: user=0.09 sys=0.01, real=0.02 secs] 
2016-09-15T11:57:42.208-0400: 258.663: [GC (GCLocker Initiated GC) [PSYoungGen: 143383K->55938K(175104K)] 476042K->407122K(699392K), 0.0091330 secs] [Times: user=0.10 sys=0.00, real=0.01 secs] 
2016-09-15T11:57:42.323-0400: 258.778: [GC (Allocation Failure) [PSYoungGen: 144002K->85822K(175104K)] 495474K->462252K(699392K), 0.0088152 secs] [Times: user=0.12 sys=0.00, real=0.01 secs] 
2016-09-15T11:57:42.449-0400: 258.904: [GC (GCLocker Initiated GC) [PSYoungGen: 169734K->49667K(175104K)] 552240K->486976K(699392K), 0.0107160 secs] [Times: user=0.12 sys=0.00, real=0.01 secs] 
2016-09-15T11:57:42.558-0400: 259.013: [GC (GCLocker Initiated GC) [PSYoungGen: 137731K->79947K(175104K)] 575138K->517636K(699392K), 0.0173811 secs] [Times: user=0.20 sys=0.00, real=0.01 secs] 
2016-09-15T11:57:42.688-0400: 259.144: [GC (GCLocker Initiated GC) [PSYoungGen: 168011K->55223K(175104K)] 605748K->553978K(699392K), 0.0167949 secs] [Times: user=0.19 sys=0.00, real=0.01 secs] 
2016-09-15T11:57:42.705-0400: 259.161: [Full GC (Ergonomics) [PSYoungGen: 55223K->0K(175104K)] [ParOldGen: 498754K->48783K(524288K)] 553978K->48783K(699392K), [Metaspace: 44545K->44545K(1087488K)], 0.0615338 secs] [Times: user=0.48 sys=0.02, real=0.06 secs] 
2016-09-15T11:57:42.880-0400: 259.335: [GC (GCLocker Initiated GC) [PSYoungGen: 88064K->86078K(175104K)] 136894K->177434K(699392K), 0.0101674 secs] [Times: user=0.16 sys=0.00, real=0.01 secs] 
2016-09-15T11:57:43.004-0400: 259.459: [GC (GCLocker Initiated GC) [PSYoungGen: 174142K->67565K(175104K)] 271849K->208361K(699392K), 0.0129356 secs] [Times: user=0.11 sys=0.01, real=0.02 secs] 
2016-09-15T11:57:43.147-0400: 259.603: [GC (GCLocker Initiated GC) [PSYoungGen: 155629K->55611K(175104K)] 296533K->233265K(699392K), 0.0152217 secs] [Times: user=0.19 sys=0.01, real=0.02 secs] 
2016-09-15T11:57:43.321-0400: 259.776: [GC (GCLocker Initiated GC) [PSYoungGen: 143675K->55123K(175104K)] 321354K->232905K(699392K), 0.0100224 secs] [Times: user=0.09 sys=0.01, real=0.01 secs] 
2016-09-15T11:57:43.467-0400: 259.922: [GC (GCLocker Initiated GC) [PSYoungGen: 143187K->85630K(175104K)] 321174K->281938K(699392K), 0.0203087 secs] [Times: user=0.22 sys=0.00, real=0.02 secs] 
2016-09-15T11:57:43.608-0400: 260.063: [GC (GCLocker Initiated GC) [PSYoungGen: 173694K->73444K(175104K)] 370044K->324629K(699392K), 0.0127847 secs] [Times: user=0.18 sys=0.01, real=0.01 secs] 
2016-09-15T11:57:43.732-0400: 260.188: [GC (GCLocker Initiated GC) [PSYoungGen: 161508K->86214K(175104K)] 412740K->380147K(699392K), 0.0123285 secs] [Times: user=0.16 sys=0.01, real=0.01 secs] 
2016-09-15T11:57:43.847-0400: 260.302: [GC (GCLocker Initiated GC) [PSYoungGen: 174278K->55483K(175104K)] 468532K->435399K(699392K), 0.0215521 secs] [Times: user=0.28 sys=0.01, real=0.03 secs] 
2016-09-15T11:57:43.964-0400: 260.419: [GC (GCLocker Initiated GC) [PSYoungGen: 143547K->85986K(175104K)] 523819K->490881K(699392K), 0.0115330 secs] [Times: user=0.16 sys=0.01, real=0.02 secs] 
2016-09-15T11:57:44.089-0400: 260.544: [GC (GCLocker Initiated GC) [PSYoungGen: 174050K->55447K(175104K)] 591310K->509309K(699392K), 0.0138645 secs] [Times: user=0.21 sys=0.00, real=0.01 secs] 
2016-09-15T11:57:44.103-0400: 260.558: [Full GC (Ergonomics) [PSYoungGen: 55447K->0K(175104K)] [ParOldGen: 453862K->54517K(524288K)] 509309K->54517K(699392K), [Metaspace: 44545K->44545K(1087488K)], 0.0590526 secs] [Times: user=0.39 sys=0.02, real=0.06 secs] 
2016-09-15T11:57:44.272-0400: 260.727: [GC (GCLocker Initiated GC) [PSYoungGen: 88064K->74484K(175104K)] 161106K->147526K(699392K), 0.0087588 secs] [Times: user=0.13 sys=0.01, real=0.01 secs] 
2016-09-15T11:57:44.396-0400: 260.851: [GC (GCLocker Initiated GC) [PSYoungGen: 162548K->73868K(175104K)] 235946K->209096K(699392K), 0.0152108 secs] [Times: user=0.22 sys=0.01, real=0.01 secs] 
2016-09-15T11:57:44.497-0400: 260.953: [GC (GCLocker Initiated GC) [PSYoungGen: 161932K->85758K(175104K)] 297207K->251708K(699392K), 0.0103658 secs] [Times: user=0.13 sys=0.01, real=0.01 secs] 
2016-09-15T11:57:44.633-0400: 261.089: [GC (GCLocker Initiated GC) [PSYoungGen: 173822K->61558K(175104K)] 345861K->258001K(699392K), 0.0178587 secs] [Times: user=0.18 sys=0.00, real=0.02 secs] 
2016-09-15T11:57:44.791-0400: 261.246: [GC (GCLocker Initiated GC) [PSYoungGen: 149622K->55807K(175104K)] 352143K->276860K(699392K), 0.0128171 secs] [Times: user=0.16 sys=0.02, real=0.01 secs] 
2016-09-15T11:57:44.940-0400: 261.396: [GC (GCLocker Initiated GC) [PSYoungGen: 143871K->37389K(175104K)] 377380K->270986K(699392K), 0.0206475 secs] [Times: user=0.21 sys=0.01, real=0.02 secs] 
2016-09-15T11:57:45.065-0400: 261.520: [GC (GCLocker Initiated GC) [PSYoungGen: 125453K->55355K(175104K)] 371232K->301385K(699392K), 0.0116152 secs] [Times: user=0.11 sys=0.00, real=0.02 secs] 
2016-09-15T11:57:45.194-0400: 261.649: [GC (Allocation Failure) [PSYoungGen: 143419K->73772K(175104K)] 395566K->344263K(699392K), 0.0144310 secs] [Times: user=0.17 sys=0.00, real=0.02 secs] 
2016-09-15T11:57:45.312-0400: 261.767: [GC (GCLocker Initiated GC) [PSYoungGen: 157843K->73708K(175104K)] 434409K->380753K(699392K), 0.0216382 secs] [Times: user=0.24 sys=0.01, real=0.02 secs] 
2016-09-15T11:57:45.460-0400: 261.915: [GC (GCLocker Initiated GC) [PSYoungGen: 161772K->37453K(175104K)] 481317K->375523K(699392K), 0.0221650 secs] [Times: user=0.30 sys=0.00, real=0.02 secs] 
2016-09-15T11:57:45.602-0400: 262.058: [GC (GCLocker Initiated GC) [PSYoungGen: 125517K->55679K(175104K)] 475801K->406097K(699392K), 0.0100991 secs] [Times: user=0.15 sys=0.00, real=0.01 secs] 
2016-09-15T11:57:45.722-0400: 262.177: [GC (Allocation Failure) [PSYoungGen: 143743K->73544K(175104K)] 494427K->442761K(699392K), 0.0098608 secs] [Times: user=0.10 sys=0.00, real=0.01 secs] 
2016-09-15T11:57:45.846-0400: 262.302: [GC (GCLocker Initiated GC) [PSYoungGen: 155865K->61622K(175104K)] 531157K->479722K(699392K), 0.0113729 secs] [Times: user=0.13 sys=0.00, real=0.02 secs] 
2016-09-15T11:57:45.963-0400: 262.418: [GC (Allocation Failure) [PSYoungGen: 149686K->55255K(175104K)] 568024K->492085K(699392K), 0.0101689 secs] [Times: user=0.09 sys=0.01, real=0.01 secs] 
2016-09-15T11:57:46.087-0400: 262.542: [GC (GCLocker Initiated GC) [PSYoungGen: 143319K->85858K(175104K)] 580156K->522954K(699392K), 0.0122147 secs] [Times: user=0.13 sys=0.00, real=0.02 secs] 
2016-09-15T11:57:46.234-0400: 262.689: [GC (GCLocker Initiated GC) [PSYoungGen: 173922K->61426K(175104K)] 617354K->541575K(699392K), 0.0151214 secs] [Times: user=0.15 sys=0.00, real=0.02 secs] 
2016-09-15T11:57:46.249-0400: 262.704: [Full GC (Ergonomics) [PSYoungGen: 61426K->0K(175104K)] [ParOldGen: 480149K->60994K(524288K)] 541575K->60994K(699392K), [Metaspace: 44548K->44548K(1087488K)], 0.0640457 secs] [Times: user=0.38 sys=0.00, real=0.06 secs] 
2016-09-15T11:57:46.426-0400: 262.882: [GC (GCLocker Initiated GC) [PSYoungGen: 88064K->86086K(175104K)] 149239K->171562K(699392K), 0.0225079 secs] [Times: user=0.29 sys=0.00, real=0.03 secs] 
2016-09-15T11:57:46.548-0400: 263.003: [GC (GCLocker Initiated GC) [PSYoungGen: 174150K->55191K(175104K)] 259628K->183602K(699392K), 0.0099765 secs] [Times: user=0.09 sys=0.00, real=0.01 secs] 
2016-09-15T11:57:46.681-0400: 263.136: [GC (GCLocker Initiated GC) [PSYoungGen: 143255K->85790K(175104K)] 271713K->244775K(699392K), 0.0116961 secs] [Times: user=0.16 sys=0.01, real=0.01 secs] 
2016-09-15T11:57:46.820-0400: 263.275: [GC (GCLocker Initiated GC) [PSYoungGen: 173854K->55123K(175104K)] 333071K->257141K(699392K), 0.0114596 secs] [Times: user=0.10 sys=0.00, real=0.01 secs] 
2016-09-15T11:57:46.918-0400: 263.373: [GC (GCLocker Initiated GC) [PSYoungGen: 143187K->85790K(175104K)] 351461K->324551K(699392K), 0.0115492 secs] [Times: user=0.14 sys=0.00, real=0.01 secs] 
2016-09-15T11:57:47.053-0400: 263.509: [GC (GCLocker Initiated GC) [PSYoungGen: 173854K->79879K(175104K)] 412780K->355570K(699392K), 0.0124009 secs] [Times: user=0.20 sys=0.00, real=0.01 secs] 
2016-09-15T11:57:47.151-0400: 263.606: [GC (GCLocker Initiated GC) [PSYoungGen: 167943K->85822K(175104K)] 443846K->440852K(699392K), 0.0128066 secs] [Times: user=0.18 sys=0.01, real=0.01 secs] 
2016-09-15T11:57:47.294-0400: 263.750: [GC (GCLocker Initiated GC) [PSYoungGen: 173886K->73640K(175104K)] 529255K->465750K(699392K), 0.0139144 secs] [Times: user=0.16 sys=0.00, real=0.02 secs] 
2016-09-15T11:57:47.423-0400: 263.879: [GC (Allocation Failure) [PSYoungGen: 161704K->73412K(175104K)] 553845K->508353K(699392K), 0.0116948 secs] [Times: user=0.13 sys=0.00, real=0.01 secs] 
2016-09-15T11:57:47.536-0400: 263.991: [GC (GCLocker Initiated GC) [PSYoungGen: 161476K->79879K(175104K)] 596423K->557495K(699392K), 0.0125286 secs] [Times: user=0.15 sys=0.01, real=0.01 secs] 
2016-09-15T11:57:47.549-0400: 264.004: [Full GC (Ergonomics) [PSYoungGen: 79879K->0K(175104K)] [ParOldGen: 477615K->54906K(524288K)] 557495K->54906K(699392K), [Metaspace: 44549K->44549K(1087488K)], 0.0619307 secs] [Times: user=0.34 sys=0.01, real=0.06 secs] 
2016-09-15T11:57:47.725-0400: 264.180: [GC (GCLocker Initiated GC) [PSYoungGen: 88064K->79911K(175104K)] 155229K->147084K(699392K), 0.0185138 secs] [Times: user=0.27 sys=0.00, real=0.02 secs] 
2016-09-15T11:57:47.846-0400: 264.301: [GC (Allocation Failure) [PSYoungGen: 167975K->37130K(175104K)] 235430K->159512K(699392K), 0.0110754 secs] [Times: user=0.07 sys=0.01, real=0.02 secs] 
2016-09-15T11:57:47.978-0400: 264.433: [GC (GCLocker Initiated GC) [PSYoungGen: 125194K->55383K(175104K)] 247582K->214536K(699392K), 0.0177912 secs] [Times: user=0.21 sys=0.00, real=0.02 secs] 
2016-09-15T11:57:48.092-0400: 264.548: [GC (GCLocker Initiated GC) [PSYoungGen: 143447K->73900K(175104K)] 309030K->239627K(699392K), 0.0125264 secs] [Times: user=0.17 sys=0.00, real=0.01 secs] 
2016-09-15T11:57:48.232-0400: 264.687: [GC (GCLocker Initiated GC) [PSYoungGen: 161964K->73576K(175104K)] 328008K->258308K(699392K), 0.0100794 secs] [Times: user=0.11 sys=0.00, real=0.01 secs] 
2016-09-15T11:57:48.344-0400: 264.800: [GC (GCLocker Initiated GC) [PSYoungGen: 161640K->61494K(175104K)] 346493K->264839K(699392K), 0.0084355 secs] [Times: user=0.08 sys=0.00, real=0.01 secs] 
2016-09-15T11:57:48.452-0400: 264.907: [GC (GCLocker Initiated GC) [PSYoungGen: 149558K->73640K(175104K)] 353052K->344258K(699392K), 0.0274192 secs] [Times: user=0.34 sys=0.00, real=0.03 secs] 
2016-09-15T11:57:48.605-0400: 265.060: [GC (GCLocker Initiated GC) [PSYoungGen: 161704K->61494K(175104K)] 438713K->375229K(699392K), 0.0110532 secs] [Times: user=0.11 sys=0.00, real=0.02 secs] 
2016-09-15T11:57:48.746-0400: 265.201: [GC (GCLocker Initiated GC) [PSYoungGen: 149558K->43265K(175104K)] 469723K->400343K(699392K), 0.0107640 secs] [Times: user=0.11 sys=0.01, real=0.02 secs] 
2016-09-15T11:57:48.873-0400: 265.328: [GC (GCLocker Initiated GC) [PSYoungGen: 131329K->85986K(175104K)] 494608K->467626K(699392K), 0.0101928 secs] [Times: user=0.11 sys=0.00, real=0.01 secs] 
2016-09-15T11:57:48.986-0400: 265.442: [GC (GCLocker Initiated GC) [PSYoungGen: 174050K->73672K(175104K)] 556012K->504558K(699392K), 0.0108386 secs] [Times: user=0.15 sys=0.00, real=0.02 secs] 
2016-09-15T11:57:49.095-0400: 265.550: [GC (GCLocker Initiated GC) [PSYoungGen: 161736K->61462K(175104K)] 598878K->504955K(699392K), 0.0103436 secs] [Times: user=0.10 sys=0.00, real=0.01 secs] 
2016-09-15T11:57:49.239-0400: 265.695: [Full GC (Ergonomics) [PSYoungGen: 149526K->0K(175104K)] [ParOldGen: 449917K->54944K(524288K)] 599443K->54944K(699392K), [Metaspace: 44567K->44567K(1087488K)], 0.0565469 secs] [Times: user=0.37 sys=0.01, real=0.06 secs] 
2016-09-15T11:57:49.409-0400: 265.865: [GC (GCLocker Initiated GC) [PSYoungGen: 88064K->85858K(175104K)] 143008K->171177K(699392K), 0.0185249 secs] [Times: user=0.22 sys=0.01, real=0.02 secs] 
2016-09-15T11:57:49.542-0400: 265.997: [GC (GCLocker Initiated GC) [PSYoungGen: 173922K->55415K(175104K)] 265533K->238442K(699392K), 0.0115895 secs] [Times: user=0.16 sys=0.00, real=0.01 secs] 
2016-09-15T11:57:49.678-0400: 266.133: [GC (GCLocker Initiated GC) [PSYoungGen: 143479K->61686K(175104K)] 332736K->287545K(699392K), 0.0083892 secs] [Times: user=0.10 sys=0.00, real=0.00 secs] 
2016-09-15T11:57:49.815-0400: 266.271: [GC (Allocation Failure) [PSYoungGen: 149750K->67505K(175104K)] 375791K->293969K(699392K), 0.0085219 secs] [Times: user=0.07 sys=0.00, real=0.01 secs] 
2016-09-15T11:57:49.824-0400: 266.280: [GC (GCLocker Initiated GC) [PSYoungGen: 67520K->32K(175104K)] 293985K->287764K(699392K), 0.0141006 secs] [Times: user=0.09 sys=0.00, real=0.02 secs] 
2016-09-15T11:57:49.935-0400: 266.391: [GC (GCLocker Initiated GC) [PSYoungGen: 86372K->85466K(175104K)] 380180K->385348K(699392K), 0.0181120 secs] [Times: user=0.18 sys=0.01, real=0.02 secs] 
2016-09-15T11:57:50.067-0400: 266.522: [GC (Allocation Failure) [PSYoungGen: 173530K->43301K(175104K)] 474346K->417153K(699392K), 0.0138894 secs] [Times: user=0.12 sys=0.03, real=0.02 secs] 
2016-09-15T11:57:50.200-0400: 266.656: [GC (Allocation Failure) [PSYoungGen: 130832K->55191K(175104K)] 504684K->447699K(699392K), 0.0138958 secs] [Times: user=0.14 sys=0.00, real=0.01 secs] 
2016-09-15T11:57:50.311-0400: 266.767: [GC (GCLocker Initiated GC) [PSYoungGen: 143255K->73512K(175104K)] 535769K->466145K(699392K), 0.0091733 secs] [Times: user=0.08 sys=0.00, real=0.01 secs] 
2016-09-15T11:57:50.465-0400: 266.920: [GC (GCLocker Initiated GC) [PSYoungGen: 161576K->55091K(175104K)] 560572K->490813K(699392K), 0.0164877 secs] [Times: user=0.15 sys=0.00, real=0.02 secs] 
2016-09-15T11:57:50.482-0400: 266.937: [Full GC (Ergonomics) [PSYoungGen: 55091K->0K(175104K)] [ParOldGen: 435722K->54796K(524288K)] 490813K->54796K(699392K), [Metaspace: 44573K->44573K(1087488K)], 0.0760134 secs] [Times: user=0.50 sys=0.02, real=0.08 secs] 
2016-09-15T11:57:50.656-0400: 267.111: [GC (GCLocker Initiated GC) [PSYoungGen: 88064K->86078K(175104K)] 143221K->147310K(699392K), 0.0112303 secs] [Times: user=0.12 sys=0.00, real=0.00 secs] 
2016-09-15T11:57:50.780-0400: 267.235: [GC (GCLocker Initiated GC) [PSYoungGen: 174142K->31186K(175104K)] 247667K->135602K(699392K), 0.0235574 secs] [Times: user=0.28 sys=0.00, real=0.02 secs] 
2016-09-15T11:57:50.897-0400: 267.352: [GC (GCLocker Initiated GC) [PSYoungGen: 119250K->55255K(175104K)] 229900K->166336K(699392K), 0.0081316 secs] [Times: user=0.05 sys=0.00, real=0.00 secs] 
2016-09-15T11:57:51.030-0400: 267.485: [GC (GCLocker Initiated GC) [PSYoungGen: 143319K->86150K(175104K)] 254481K->227799K(699392K), 0.0130933 secs] [Times: user=0.16 sys=0.00, real=0.01 secs] 
2016-09-15T11:57:51.163-0400: 267.618: [GC (GCLocker Initiated GC) [PSYoungGen: 174214K->79651K(175104K)] 315938K->288844K(699392K), 0.0126299 secs] [Times: user=0.21 sys=0.00, real=0.02 secs] 
2016-09-15T11:57:51.299-0400: 267.754: [GC (Allocation Failure) [PSYoungGen: 167715K->73836K(175104K)] 383287K->362640K(699392K), 0.0117351 secs] [Times: user=0.15 sys=0.02, real=0.01 secs] 
2016-09-15T11:57:51.433-0400: 267.888: [GC (GCLocker Initiated GC) [PSYoungGen: 161900K->73672K(175104K)] 450710K->381178K(699392K), 0.0139789 secs] [Times: user=0.19 sys=0.00, real=0.01 secs] 
2016-09-15T11:57:51.543-0400: 267.998: [GC (GCLocker Initiated GC) [PSYoungGen: 161736K->86346K(175104K)] 475421K->418400K(699392K), 0.0108685 secs] [Times: user=0.14 sys=0.01, real=0.01 secs] 
2016-09-15T11:57:51.708-0400: 268.163: [GC (GCLocker Initiated GC) [PSYoungGen: 174410K->30891K(175104K)] 518886K->412092K(699392K), 0.0146722 secs] [Times: user=0.11 sys=0.00, real=0.01 secs] 
2016-09-15T11:57:51.867-0400: 268.322: [GC (Allocation Failure) [PSYoungGen: 118955K->73416K(175104K)] 500501K->473462K(699392K), 0.0113333 secs] [Times: user=0.09 sys=0.00, real=0.02 secs] 
2016-09-15T11:57:52.003-0400: 268.458: [GC (GCLocker Initiated GC) [PSYoungGen: 160176K->55319K(175104K)] 566297K->479761K(699392K), 0.0286532 secs] [Times: user=0.27 sys=0.00, real=0.03 secs] 
2016-09-15T11:57:52.162-0400: 268.617: [GC (GCLocker Initiated GC) [PSYoungGen: 143383K->55419K(175104K)] 574099K->504471K(699392K), 0.0169961 secs] [Times: user=0.14 sys=0.00, real=0.02 secs] 
2016-09-15T11:57:52.179-0400: 268.634: [Full GC (Ergonomics) [PSYoungGen: 55419K->0K(175104K)] [ParOldGen: 449052K->53773K(524288K)] 504471K->53773K(699392K), [Metaspace: 44573K->44573K(1087488K)], 0.0697356 secs] [Times: user=0.38 sys=0.03, real=0.07 secs] 
2016-09-15T11:57:52.351-0400: 268.806: [GC (GCLocker Initiated GC) [PSYoungGen: 88064K->85826K(175104K)] 148011K->163998K(699392K), 0.0338982 secs] [Times: user=0.37 sys=0.00, real=0.03 secs] 
2016-09-15T11:57:52.512-0400: 268.968: [GC (Allocation Failure) [PSYoungGen: 173890K->31474K(175104K)] 264506K->177065K(699392K), 0.0146994 secs] [Times: user=0.16 sys=0.00, real=0.01 secs] 
2016-09-15T11:57:52.609-0400: 269.064: [GC (GCLocker Initiated GC) [PSYoungGen: 119538K->85694K(175104K)] 265131K->268035K(699392K), 0.0195681 secs] [Times: user=0.26 sys=0.00, real=0.02 secs] 
2016-09-15T11:57:52.736-0400: 269.192: [GC (GCLocker Initiated GC) [PSYoungGen: 173758K->73804K(175104K)] 356354K->292993K(699392K), 0.0095173 secs] [Times: user=0.13 sys=0.00, real=0.00 secs] 
2016-09-15T11:57:52.853-0400: 269.309: [GC (GCLocker Initiated GC) [PSYoungGen: 161868K->85790K(175104K)] 381105K->366077K(699392K), 0.0117664 secs] [Times: user=0.18 sys=0.00, real=0.01 secs] 
2016-09-15T11:57:52.969-0400: 269.425: [GC (GCLocker Initiated GC) [PSYoungGen: 173854K->85854K(175104K)] 454307K->433276K(699392K), 0.0130171 secs] [Times: user=0.20 sys=0.00, real=0.01 secs] 
2016-09-15T11:57:53.081-0400: 269.536: [GC (GCLocker Initiated GC) [PSYoungGen: 173918K->79779K(175104K)] 521618K->488560K(699392K), 0.0126300 secs] [Times: user=0.20 sys=0.00, real=0.01 secs] 
2016-09-15T11:57:53.218-0400: 269.673: [GC (GCLocker Initiated GC) [PSYoungGen: 167843K->74100K(175104K)] 583009K->489558K(699392K), 0.0096907 secs] [Times: user=0.12 sys=0.00, real=0.01 secs] 
2016-09-15T11:57:53.369-0400: 269.824: [GC (GCLocker Initiated GC) [PSYoungGen: 162164K->19164K(175104K)] 589824K->465334K(699392K), 0.0098597 secs] [Times: user=0.11 sys=0.00, real=0.01 secs] 
2016-09-15T11:57:53.379-0400: 269.834: [Full GC (Ergonomics) [PSYoungGen: 19164K->0K(175104K)] [ParOldGen: 446169K->47894K(524288K)] 465334K->47894K(699392K), [Metaspace: 44573K->44573K(1087488K)], 0.0683270 secs] [Times: user=0.49 sys=0.01, real=0.06 secs] 
2016-09-15T11:57:53.571-0400: 270.027: [GC (GCLocker Initiated GC) [PSYoungGen: 88064K->55483K(175104K)] 154415K->121834K(699392K), 0.0114257 secs] [Times: user=0.14 sys=0.00, real=0.01 secs] 
2016-09-15T11:57:53.702-0400: 270.157: [GC (GCLocker Initiated GC) [PSYoungGen: 143547K->37485K(175104K)] 222347K->134972K(699392K), 0.0091474 secs] [Times: user=0.08 sys=0.00, real=0.01 secs] 
2016-09-15T11:57:53.844-0400: 270.299: [GC (GCLocker Initiated GC) [PSYoungGen: 125549K->67373K(175104K)] 223371K->183686K(699392K), 0.0356682 secs] [Times: user=0.36 sys=0.00, real=0.04 secs] 
2016-09-15T11:57:54.006-0400: 270.462: [GC (Allocation Failure) [PSYoungGen: 155437K->43365K(175104K)] 278186K->184427K(699392K), 0.0068151 secs] [Times: user=0.06 sys=0.00, real=0.01 secs] 
2016-09-15T11:57:54.013-0400: 270.469: [GC (GCLocker Initiated GC) [PSYoungGen: 43377K->128K(175104K)] 184439K->184233K(699392K), 0.0181843 secs] [Times: user=0.16 sys=0.00, real=0.02 secs] 
2016-09-15T11:57:54.161-0400: 270.617: [GC (GCLocker Initiated GC) [PSYoungGen: 86036K->73480K(175104K)] 276216K->263660K(699392K), 0.0256282 secs] [Times: user=0.25 sys=0.01, real=0.02 secs] 
2016-09-15T11:57:54.298-0400: 270.753: [GC (GCLocker Initiated GC) [PSYoungGen: 161544K->36998K(175104K)] 351800K->300413K(699392K), 0.0238334 secs] [Times: user=0.21 sys=0.00, real=0.02 secs] 
2016-09-15T11:57:54.445-0400: 270.901: [GC (GCLocker Initiated GC) [PSYoungGen: 125061K->49344K(175104K)] 400982K->337674K(699392K), 0.0162615 secs] [Times: user=0.11 sys=0.00, real=0.02 secs] 
2016-09-15T11:57:54.565-0400: 271.021: [GC (Allocation Failure) [PSYoungGen: 137408K->67533K(175104K)] 425786K->356154K(699392K), 0.0210772 secs] [Times: user=0.22 sys=0.00, real=0.02 secs] 
2016-09-15T11:57:54.680-0400: 271.135: [GC (GCLocker Initiated GC) [PSYoungGen: 155597K->79751K(175104K)] 444224K->405127K(699392K), 0.0154301 secs] [Times: user=0.13 sys=0.00, real=0.01 secs] 
2016-09-15T11:57:54.853-0400: 271.308: [GC (GCLocker Initiated GC) [PSYoungGen: 167815K->67209K(175104K)] 499403K->417610K(699392K), 0.0294584 secs] [Times: user=0.33 sys=0.00, real=0.03 secs] 
2016-09-15T11:57:55.010-0400: 271.466: [GC (GCLocker Initiated GC) [PSYoungGen: 155273K->55091K(175104K)] 517955K->454335K(699392K), 0.0108460 secs] [Times: user=0.10 sys=0.00, real=0.01 secs] 
2016-09-15T11:57:55.129-0400: 271.584: [GC (GCLocker Initiated GC) [PSYoungGen: 143155K->73904K(175104K)] 548830K->510081K(699392K), 0.0163692 secs] [Times: user=0.16 sys=0.01, real=0.01 secs] 
2016-09-15T11:57:55.258-0400: 271.713: [GC (GCLocker Initiated GC) [PSYoungGen: 161968K->55351K(175104K)] 610360K->528490K(699392K), 0.0219429 secs] [Times: user=0.24 sys=0.01, real=0.02 secs] 
2016-09-15T11:57:55.280-0400: 271.735: [Full GC (Ergonomics) [PSYoungGen: 55351K->0K(175104K)] [ParOldGen: 473139K->53867K(524288K)] 528490K->53867K(699392K), [Metaspace: 44573K->44573K(1087488K)], 0.0590094 secs] [Times: user=0.41 sys=0.01, real=0.06 secs] 
2016-09-15T11:57:55.445-0400: 271.900: [GC (GCLocker Initiated GC) [PSYoungGen: 88064K->86438K(175104K)] 154191K->189015K(699392K), 0.0109295 secs] [Times: user=0.16 sys=0.01, real=0.02 secs] 
2016-09-15T11:57:55.559-0400: 272.015: [GC (GCLocker Initiated GC) [PSYoungGen: 174502K->43329K(175104K)] 277395K->213782K(699392K), 0.0105521 secs] [Times: user=0.14 sys=0.01, real=0.01 secs] 
2016-09-15T11:57:55.671-0400: 272.126: [GC (GCLocker Initiated GC) [PSYoungGen: 131393K->67597K(175104K)] 302308K->275098K(699392K), 0.0109844 secs] [Times: user=0.17 sys=0.00, real=0.01 secs] 
2016-09-15T11:57:55.796-0400: 272.251: [GC (GCLocker Initiated GC) [PSYoungGen: 155661K->43201K(175104K)] 363377K->299832K(699392K), 0.0126562 secs] [Times: user=0.16 sys=0.00, real=0.01 secs] 
2016-09-15T11:57:55.922-0400: 272.378: [GC (GCLocker Initiated GC) [PSYoungGen: 131265K->85822K(175104K)] 394030K->361020K(699392K), 0.0104037 secs] [Times: user=0.11 sys=0.00, real=0.01 secs] 
2016-09-15T11:57:56.066-0400: 272.522: [GC (GCLocker Initiated GC) [PSYoungGen: 173885K->18933K(175104K)] 473728K->379833K(699392K), 0.0221782 secs] [Times: user=0.24 sys=0.03, real=0.03 secs] 
2016-09-15T11:57:56.221-0400: 272.677: [GC (GCLocker Initiated GC) [PSYoungGen: 106997K->79587K(175104K)] 467928K->440794K(699392K), 0.0095053 secs] [Times: user=0.11 sys=0.00, real=0.01 secs] 
2016-09-15T11:57:56.351-0400: 272.806: [GC (Allocation Failure) [PSYoungGen: 167651K->55287K(175104K)] 534974K->446998K(699392K), 0.0090579 secs] [Times: user=0.08 sys=0.01, real=0.01 secs] 
2016-09-15T11:57:56.472-0400: 272.928: [GC (GCLocker Initiated GC) [PSYoungGen: 143302K->61358K(175104K)] 535269K->508340K(699392K), 0.0107960 secs] [Times: user=0.14 sys=0.01, real=0.01 secs] 
2016-09-15T11:57:56.483-0400: 272.939: [Full GC (Ergonomics) [PSYoungGen: 61358K->0K(175104K)] [ParOldGen: 446981K->53999K(524288K)] 508340K->53999K(699392K), [Metaspace: 44573K->44573K(1087488K)], 0.0585016 secs] [Times: user=0.42 sys=0.01, real=0.06 secs] 
2016-09-15T11:57:56.623-0400: 273.078: [GC (GCLocker Initiated GC) [PSYoungGen: 88064K->86406K(175104K)] 142123K->182990K(699392K), 0.0125326 secs] [Times: user=0.14 sys=0.01, real=0.01 secs] 
2016-09-15T11:57:56.732-0400: 273.188: [GC (GCLocker Initiated GC) [PSYoungGen: 174470K->85822K(175104K)] 271102K->262164K(699392K), 0.0133663 secs] [Times: user=0.21 sys=0.01, real=0.01 secs] 
2016-09-15T11:57:56.865-0400: 273.320: [GC (GCLocker Initiated GC) [PSYoungGen: 173886K->73508K(175104K)] 356591K->311204K(699392K), 0.0120949 secs] [Times: user=0.19 sys=0.00, real=0.02 secs] 
2016-09-15T11:57:56.997-0400: 273.453: [GC (Allocation Failure) [PSYoungGen: 161572K->85954K(175104K)] 399316K->323833K(699392K), 0.0089772 secs] [Times: user=0.14 sys=0.00, real=0.00 secs] 
2016-09-15T11:57:57.120-0400: 273.575: [GC (GCLocker Initiated GC) [PSYoungGen: 174018K->73544K(175104K)] 411897K->336023K(699392K), 0.0102727 secs] [Times: user=0.11 sys=0.00, real=0.01 secs] 
2016-09-15T11:57:57.281-0400: 273.736: [GC (Allocation Failure) [PSYoungGen: 161608K->73508K(175104K)] 424201K->354625K(699392K), 0.0111305 secs] [Times: user=0.13 sys=0.00, real=0.01 secs] 
2016-09-15T11:57:57.387-0400: 273.842: [GC (GCLocker Initiated GC) [PSYoungGen: 161572K->73544K(175104K)] 442695K->354787K(699392K), 0.0104278 secs] [Times: user=0.12 sys=0.01, real=0.02 secs] 
2016-09-15T11:57:57.499-0400: 273.955: [GC (GCLocker Initiated GC) [PSYoungGen: 161608K->79879K(175104K)] 455149K->391984K(699392K), 0.0176236 secs] [Times: user=0.25 sys=0.00, real=0.02 secs] 
2016-09-15T11:57:57.619-0400: 274.074: [GC (GCLocker Initiated GC) [PSYoungGen: 167943K->79779K(175104K)] 480186K->447020K(699392K), 0.0118906 secs] [Times: user=0.18 sys=0.00, real=0.01 secs] 
2016-09-15T11:57:57.727-0400: 274.182: [GC (GCLocker Initiated GC) [PSYoungGen: 167843K->86150K(175104K)] 535200K->484205K(699392K), 0.0122612 secs] [Times: user=0.19 sys=0.00, real=0.02 secs] 
2016-09-15T11:57:57.873-0400: 274.328: [GC (GCLocker Initiated GC) [PSYoungGen: 174214K->67209K(175104K)] 572553K->520475K(699392K), 0.0222193 secs] [Times: user=0.24 sys=0.01, real=0.02 secs] 
2016-09-15T11:57:57.895-0400: 274.351: [Full GC (Ergonomics) [PSYoungGen: 67209K->0K(175104K)] [ParOldGen: 453265K->53819K(524288K)] 520475K->53819K(699392K), [Metaspace: 44573K->44573K(1087488K)], 0.0593537 secs] [Times: user=0.42 sys=0.01, real=0.06 secs] 
2016-09-15T11:57:58.049-0400: 274.505: [GC (GCLocker Initiated GC) [PSYoungGen: 88064K->86274K(175104K)] 141986K->176647K(699392K), 0.0117833 secs] [Times: user=0.16 sys=0.00, real=0.01 secs] 
2016-09-15T11:57:58.190-0400: 274.645: [GC (GCLocker Initiated GC) [PSYoungGen: 174338K->73672K(175104K)] 271545K->232356K(699392K), 0.0122069 secs] [Times: user=0.18 sys=0.00, real=0.01 secs] 
2016-09-15T11:57:58.314-0400: 274.769: [GC (GCLocker Initiated GC) [PSYoungGen: 161736K->85854K(175104K)] 320680K->287491K(699392K), 0.0119382 secs] [Times: user=0.18 sys=0.00, real=0.01 secs] 
2016-09-15T11:57:58.438-0400: 274.894: [GC (GCLocker Initiated GC) [PSYoungGen: 173918K->73576K(175104K)] 375608K->311851K(699392K), 0.0102109 secs] [Times: user=0.14 sys=0.00, real=0.01 secs] 
2016-09-15T11:57:58.542-0400: 274.997: [GC (GCLocker Initiated GC) [PSYoungGen: 161640K->73704K(175104K)] 400276K->361092K(699392K), 0.0122526 secs] [Times: user=0.20 sys=0.00, real=0.01 secs] 
2016-09-15T11:57:58.667-0400: 275.123: [GC (GCLocker Initiated GC) [PSYoungGen: 161768K->67761K(175104K)] 449271K->392029K(699392K), 0.0169902 secs] [Times: user=0.24 sys=0.00, real=0.02 secs] 
2016-09-15T11:57:58.827-0400: 275.282: [GC (Allocation Failure) [PSYoungGen: 155825K->37258K(175104K)] 480105K->410618K(699392K), 0.0098206 secs] [Times: user=0.13 sys=0.02, real=0.02 secs] 
2016-09-15T11:57:58.942-0400: 275.397: [GC (GCLocker Initiated GC) [PSYoungGen: 125322K->73380K(175104K)] 498688K->447045K(699392K), 0.0073056 secs] [Times: user=0.10 sys=0.00, real=0.01 secs] 
2016-09-15T11:57:59.075-0400: 275.531: [GC (GCLocker Initiated GC) [PSYoungGen: 161444K->25111K(175104K)] 553493K->447623K(699392K), 0.0136847 secs] [Times: user=0.10 sys=0.01, real=0.02 secs] 
2016-09-15T11:57:59.203-0400: 275.658: [GC (GCLocker Initiated GC) [PSYoungGen: 113175K->55387K(175104K)] 548182K->490816K(699392K), 0.0073801 secs] [Times: user=0.06 sys=0.00, real=0.01 secs] 
2016-09-15T11:57:59.319-0400: 275.775: [GC (GCLocker Initiated GC) [PSYoungGen: 143451K->55223K(175104K)] 585025K->503139K(699392K), 0.0139792 secs] [Times: user=0.14 sys=0.00, real=0.01 secs] 
2016-09-15T11:57:59.334-0400: 275.789: [Full GC (Ergonomics) [PSYoungGen: 55223K->0K(175104K)] [ParOldGen: 447916K->48253K(524288K)] 503139K->48253K(699392K), [Metaspace: 44573K->44573K(1087488K)], 0.0611158 secs] [Times: user=0.34 sys=0.00, real=0.06 secs] 
2016-09-15T11:57:59.505-0400: 275.960: [GC (GCLocker Initiated GC) [PSYoungGen: 88064K->86210K(175104K)] 148654K->152876K(699392K), 0.0098018 secs] [Times: user=0.09 sys=0.01, real=0.01 secs] 
2016-09-15T11:57:59.643-0400: 276.099: [GC (GCLocker Initiated GC) [PSYoungGen: 174274K->43041K(175104K)] 240988K->152965K(699392K), 0.0099164 secs] [Times: user=0.06 sys=0.02, real=0.01 secs] 
2016-09-15T11:57:59.743-0400: 276.198: [GC (GCLocker Initiated GC) [PSYoungGen: 131105K->85822K(175104K)] 241233K->256844K(699392K), 0.0125163 secs] [Times: user=0.17 sys=0.00, real=0.01 secs] 
2016-09-15T11:57:59.870-0400: 276.325: [GC (GCLocker Initiated GC) [PSYoungGen: 173886K->67469K(175104K)] 351026K->299567K(699392K), 0.0120949 secs] [Times: user=0.12 sys=0.00, real=0.01 secs] 
2016-09-15T11:57:59.998-0400: 276.454: [GC (GCLocker Initiated GC) [PSYoungGen: 155533K->67373K(175104K)] 387936K->342585K(699392K), 0.0104589 secs] [Times: user=0.09 sys=0.00, real=0.01 secs] 
2016-09-15T11:58:00.128-0400: 276.584: [GC (GCLocker Initiated GC) [PSYoungGen: 155437K->55415K(175104K)] 436956K->373691K(699392K), 0.0096321 secs] [Times: user=0.12 sys=0.00, real=0.01 secs] 
2016-09-15T11:58:00.282-0400: 276.737: [GC (Allocation Failure) [PSYoungGen: 143479K->55255K(175104K)] 474255K->386119K(699392K), 0.0071434 secs] [Times: user=0.05 sys=0.00, real=0.01 secs] 
2016-09-15T11:58:00.289-0400: 276.745: [GC (GCLocker Initiated GC) [PSYoungGen: 55271K->96K(175104K)] 386135K->386013K(699392K), 0.0144009 secs] [Times: user=0.13 sys=0.01, real=0.01 secs] 
2016-09-15T11:58:00.445-0400: 276.900: [GC (GCLocker Initiated GC) [PSYoungGen: 87156K->73640K(175104K)] 479148K->465632K(699392K), 0.0107915 secs] [Times: user=0.10 sys=0.00, real=0.02 secs] 
2016-09-15T11:58:00.612-0400: 277.068: [GC (GCLocker Initiated GC) [PSYoungGen: 161704K->49116K(175104K)] 559874K->472094K(699392K), 0.0083434 secs] [Times: user=0.07 sys=0.00, real=0.01 secs] 
2016-09-15T11:58:00.710-0400: 277.165: [GC (GCLocker Initiated GC) [PSYoungGen: 137180K->55091K(175104K)] 566303K->520947K(699392K), 0.0108863 secs] [Times: user=0.07 sys=0.00, real=0.01 secs] 
2016-09-15T11:58:00.721-0400: 277.176: [Full GC (Ergonomics) [PSYoungGen: 55091K->0K(175104K)] [ParOldGen: 465856K->59938K(524288K)] 520947K->59938K(699392K), [Metaspace: 44573K->44573K(1087488K)], 0.0648463 secs] [Times: user=0.36 sys=0.01, real=0.06 secs] 
2016-09-15T11:58:00.911-0400: 277.366: [GC (GCLocker Initiated GC) [PSYoungGen: 88064K->86338K(175104K)] 148268K->146542K(699392K), 0.0188097 secs] [Times: user=0.19 sys=0.00, real=0.02 secs] 
2016-09-15T11:58:01.060-0400: 277.516: [GC (GCLocker Initiated GC) [PSYoungGen: 174402K->73804K(175104K)] 234626K->159296K(699392K), 0.0102346 secs] [Times: user=0.12 sys=0.00, real=0.01 secs] 
2016-09-15T11:58:01.202-0400: 277.657: [GC (Allocation Failure) [PSYoungGen: 161868K->55283K(175104K)] 259585K->189905K(699392K), 0.0083873 secs] [Times: user=0.09 sys=0.00, real=0.01 secs] 
2016-09-15T11:58:01.309-0400: 277.764: [GC (GCLocker Initiated GC) [PSYoungGen: 143347K->79651K(175104K)] 277975K->238723K(699392K), 0.0096987 secs] [Times: user=0.10 sys=0.00, real=0.01 secs] 
2016-09-15T11:58:01.465-0400: 277.920: [GC (GCLocker Initiated GC) [PSYoungGen: 167715K->73380K(175104K)] 326947K->263279K(699392K), 0.0104589 secs] [Times: user=0.08 sys=0.00, real=0.01 secs] 
2016-09-15T11:58:01.613-0400: 278.069: [GC (GCLocker Initiated GC) [PSYoungGen: 161444K->54963K(175104K)] 357941K->257622K(699392K), 0.0104827 secs] [Times: user=0.06 sys=0.00, real=0.01 secs] 
2016-09-15T11:58:01.738-0400: 278.193: [GC (Allocation Failure) [PSYoungGen: 143027K->55583K(175104K)] 352038K->264705K(699392K), 0.0096457 secs] [Times: user=0.09 sys=0.00, real=0.01 secs] 
2016-09-15T11:58:01.859-0400: 278.315: [GC (GCLocker Initiated GC) [PSYoungGen: 138902K->55223K(175104K)] 354100K->301063K(699392K), 0.0196162 secs] [Times: user=0.21 sys=0.00, real=0.02 secs] 
2016-09-15T11:58:01.994-0400: 278.449: [GC (GCLocker Initiated GC) [PSYoungGen: 143287K->55419K(175104K)] 389152K->301535K(699392K), 0.0070010 secs] [Times: user=0.05 sys=0.00, real=0.01 secs] 
2016-09-15T11:58:02.092-0400: 278.547: [GC (GCLocker Initiated GC) [PSYoungGen: 143483K->43205K(175104K)] 389753K->307968K(699392K), 0.0093713 secs] [Times: user=0.07 sys=0.00, real=0.01 secs] 
2016-09-15T11:58:02.245-0400: 278.701: [GC (GCLocker Initiated GC) [PSYoungGen: 131269K->55127K(175104K)] 396058K->338565K(699392K), 0.0154941 secs] [Times: user=0.14 sys=0.01, real=0.02 secs] 
2016-09-15T11:58:02.365-0400: 278.820: [GC (GCLocker Initiated GC) [PSYoungGen: 143191K->85562K(175104K)] 426760K->405881K(699392K), 0.0277660 secs] [Times: user=0.28 sys=0.01, real=0.03 secs] 
2016-09-15T11:58:02.486-0400: 278.942: [GC (GCLocker Initiated GC) [PSYoungGen: 173626K->55319K(175104K)] 494199K->461062K(699392K), 0.0212870 secs] [Times: user=0.17 sys=0.00, real=0.03 secs] 
2016-09-15T11:58:02.648-0400: 279.103: [GC (GCLocker Initiated GC) [PSYoungGen: 143383K->37489K(175104K)] 567645K->480064K(699392K), 0.0240655 secs] [Times: user=0.24 sys=0.01, real=0.03 secs] 
2016-09-15T11:58:02.805-0400: 279.261: [Full GC (Ergonomics) [PSYoungGen: 125553K->0K(175104K)] [ParOldGen: 448657K->42083K(524288K)] 574211K->42083K(699392K), [Metaspace: 44573K->44573K(1087488K)], 0.0641777 secs] [Times: user=0.39 sys=0.00, real=0.07 secs] 
2016-09-15T11:58:03.004-0400: 279.459: [GC (GCLocker Initiated GC) [PSYoungGen: 88064K->86078K(175104K)] 136264K->164653K(699392K), 0.0208505 secs] [Times: user=0.29 sys=0.02, real=0.02 secs] 
2016-09-15T11:58:03.120-0400: 279.575: [GC (GCLocker Initiated GC) [PSYoungGen: 174142K->79551K(175104K)] 252832K->249954K(699392K), 0.0127865 secs] [Times: user=0.19 sys=0.00, real=0.01 secs] 
2016-09-15T11:58:03.247-0400: 279.702: [GC (GCLocker Initiated GC) [PSYoungGen: 167615K->79975K(175104K)] 338239K->329741K(699392K), 0.0132309 secs] [Times: user=0.19 sys=0.01, real=0.02 secs] 
2016-09-15T11:58:03.392-0400: 279.847: [GC (Allocation Failure) [PSYoungGen: 168039K->37354K(175104K)] 424338K->366861K(699392K), 0.0123051 secs] [Times: user=0.18 sys=0.00, real=0.01 secs] 
2016-09-15T11:58:03.499-0400: 279.954: [GC (GCLocker Initiated GC) [PSYoungGen: 122290K->55155K(175104K)] 457872K->390872K(699392K), 0.0101423 secs] [Times: user=0.16 sys=0.00, real=0.01 secs] 
2016-09-15T11:58:03.609-0400: 280.064: [GC (GCLocker Initiated GC) [PSYoungGen: 143219K->85854K(175104K)] 479095K->446174K(699392K), 0.0113352 secs] [Times: user=0.18 sys=0.01, real=0.01 secs] 
2016-09-15T11:58:03.704-0400: 280.159: [GC (GCLocker Initiated GC) [PSYoungGen: 173918K->85822K(175104K)] 534342K->519626K(699392K), 0.0154199 secs] [Times: user=0.24 sys=0.00, real=0.02 secs] 
2016-09-15T11:58:03.719-0400: 280.175: [Full GC (Ergonomics) [PSYoungGen: 85822K->0K(175104K)] [ParOldGen: 433803K->54382K(524288K)] 519626K->54382K(699392K), [Metaspace: 44573K->44573K(1087488K)], 0.0514279 secs] [Times: user=0.49 sys=0.02, real=0.05 secs] 
2016-09-15T11:58:03.868-0400: 280.324: [GC (GCLocker Initiated GC) [PSYoungGen: 88064K->86858K(175104K)] 142605K->171774K(699392K), 0.0151472 secs] [Times: user=0.22 sys=0.00, real=0.01 secs] 
2016-09-15T11:58:03.991-0400: 280.447: [GC (GCLocker Initiated GC) [PSYoungGen: 174922K->67597K(175104K)] 260115K->215211K(699392K), 0.0115383 secs] [Times: user=0.18 sys=0.00, real=0.01 secs] 
2016-09-15T11:58:04.112-0400: 280.568: [GC (GCLocker Initiated GC) [PSYoungGen: 155661K->37713K(175104K)] 321800K->240454K(699392K), 0.0099945 secs] [Times: user=0.13 sys=0.00, real=0.01 secs] 
2016-09-15T11:58:04.240-0400: 280.695: [GC (GCLocker Initiated GC) [PSYoungGen: 125777K->79651K(175104K)] 328565K->301127K(699392K), 0.0091308 secs] [Times: user=0.11 sys=0.00, real=0.01 secs] 
2016-09-15T11:58:04.335-0400: 280.791: [GC (GCLocker Initiated GC) [PSYoungGen: 167715K->85854K(175104K)] 389524K->344257K(699392K), 0.0124677 secs] [Times: user=0.19 sys=0.00, real=0.02 secs] 
2016-09-15T11:58:04.471-0400: 280.926: [GC (GCLocker Initiated GC) [PSYoungGen: 173918K->85954K(175104K)] 432419K->417678K(699392K), 0.0130181 secs] [Times: user=0.21 sys=0.00, real=0.01 secs] 
2016-09-15T11:58:04.604-0400: 281.059: [GC (GCLocker Initiated GC) [PSYoungGen: 174018K->55219K(175104K)] 505843K->454177K(699392K), 0.0116567 secs] [Times: user=0.18 sys=0.00, real=0.02 secs] 
2016-09-15T11:58:04.739-0400: 281.194: [GC (Allocation Failure) [PSYoungGen: 143279K->73804K(175104K)] 542581K->491482K(699392K), 0.0102062 secs] [Times: user=0.16 sys=0.00, real=0.01 secs] 
2016-09-15T11:58:04.874-0400: 281.329: [GC (GCLocker Initiated GC) [PSYoungGen: 161868K->55351K(175104K)] 579546K->491586K(699392K), 0.0097635 secs] [Times: user=0.15 sys=0.00, real=0.01 secs] 
2016-09-15T11:58:04.884-0400: 281.339: [Full GC (Ergonomics) [PSYoungGen: 55351K->0K(175104K)] [ParOldGen: 436235K->42226K(524288K)] 491586K->42226K(699392K), [Metaspace: 44573K->44573K(1087488K)], 0.0518724 secs] [Times: user=0.49 sys=0.01, real=0.05 secs] 
2016-09-15T11:58:05.045-0400: 281.500: [GC (GCLocker Initiated GC) [PSYoungGen: 88064K->86078K(175104K)] 130309K->158698K(699392K), 0.0116532 secs] [Times: user=0.18 sys=0.00, real=0.02 secs] 
2016-09-15T11:58:05.200-0400: 281.656: [GC (GCLocker Initiated GC) [PSYoungGen: 174142K->37549K(175104K)] 258976K->201954K(699392K), 0.0119051 secs] [Times: user=0.20 sys=0.00, real=0.01 secs] 
2016-09-15T11:58:05.313-0400: 281.768: [GC (GCLocker Initiated GC) [PSYoungGen: 125613K->37058K(175104K)] 296309K->250398K(699392K), 0.0090454 secs] [Times: user=0.13 sys=0.00, real=0.01 secs] 
2016-09-15T11:58:05.425-0400: 281.880: [GC (GCLocker Initiated GC) [PSYoungGen: 125122K->86509K(175104K)] 338683K->330605K(699392K), 0.0140965 secs] [Times: user=0.22 sys=0.00, real=0.02 secs] 
2016-09-15T11:58:05.535-0400: 281.991: [GC (GCLocker Initiated GC) [PSYoungGen: 174573K->73836K(175104K)] 418946K->373707K(699392K), 0.0117686 secs] [Times: user=0.18 sys=0.01, real=0.01 secs] 
2016-09-15T11:58:05.646-0400: 282.101: [GC (GCLocker Initiated GC) [PSYoungGen: 161900K->85922K(175104K)] 467972K->446836K(699392K), 0.0135057 secs] [Times: user=0.21 sys=0.00, real=0.02 secs] 
2016-09-15T11:58:05.758-0400: 282.213: [GC (GCLocker Initiated GC) [PSYoungGen: 173986K->61490K(175104K)] 534904K->489729K(699392K), 0.0121680 secs] [Times: user=0.21 sys=0.00, real=0.01 secs] 
2016-09-15T11:58:05.770-0400: 282.225: [Full GC (Ergonomics) [PSYoungGen: 61490K->0K(175104K)] [ParOldGen: 428239K->48317K(524288K)] 489729K->48317K(699392K), [Metaspace: 44573K->44573K(1087488K)], 0.0524885 secs] [Times: user=0.41 sys=0.00, real=0.05 secs] 
2016-09-15T11:58:05.920-0400: 282.375: [GC (GCLocker Initiated GC) [PSYoungGen: 88064K->74124K(175104K)] 148815K->134875K(699392K), 0.0107181 secs] [Times: user=0.14 sys=0.00, real=0.01 secs] 
2016-09-15T11:58:06.044-0400: 282.499: [GC (GCLocker Initiated GC) [PSYoungGen: 162188K->85954K(175104K)] 229235K->196261K(699392K), 0.0112929 secs] [Times: user=0.15 sys=0.00, real=0.01 secs] 
2016-09-15T11:58:06.200-0400: 282.656: [GC (GCLocker Initiated GC) [PSYoungGen: 174018K->49112K(175104K)] 284517K->214749K(699392K), 0.0087935 secs] [Times: user=0.08 sys=0.00, real=0.01 secs] 
2016-09-15T11:58:06.298-0400: 282.753: [GC (GCLocker Initiated GC) [PSYoungGen: 137176K->79523K(175104K)] 302906K->245340K(699392K), 0.0106946 secs] [Times: user=0.09 sys=0.00, real=0.01 secs] 
2016-09-15T11:58:06.452-0400: 282.908: [GC (GCLocker Initiated GC) [PSYoungGen: 167587K->61394K(175104K)] 345640K->306564K(699392K), 0.0113131 secs] [Times: user=0.11 sys=0.01, real=0.01 secs] 
2016-09-15T11:58:06.582-0400: 283.037: [GC (GCLocker Initiated GC) [PSYoungGen: 149458K->43141K(175104K)] 400762K->300764K(699392K), 0.0269342 secs] [Times: user=0.26 sys=0.01, real=0.03 secs] 
2016-09-15T11:58:06.746-0400: 283.202: [GC (GCLocker Initiated GC) [PSYoungGen: 131205K->73708K(175104K)] 395073K->368235K(699392K), 0.0098366 secs] [Times: user=0.09 sys=0.00, real=0.02 secs] 
2016-09-15T11:58:06.868-0400: 283.323: [GC (GCLocker Initiated GC) [PSYoungGen: 161772K->55223K(175104K)] 456520K->368471K(699392K), 0.0116776 secs] [Times: user=0.10 sys=0.01, real=0.01 secs] 
2016-09-15T11:58:07.020-0400: 283.475: [GC (Allocation Failure) [PSYoungGen: 143287K->49280K(175104K)] 468861K->393322K(699392K), 0.0214663 secs] [Times: user=0.21 sys=0.00, real=0.02 secs] 
2016-09-15T11:58:07.168-0400: 283.623: [GC (GCLocker Initiated GC) [PSYoungGen: 134316K->36966K(175104K)] 484434K->387334K(699392K), 0.0213940 secs] [Times: user=0.21 sys=0.00, real=0.02 secs] 
2016-09-15T11:58:07.298-0400: 283.753: [GC (Allocation Failure) [PSYoungGen: 125030K->73384K(175104K)] 475440K->423898K(699392K), 0.0380508 secs] [Times: user=0.38 sys=0.00, real=0.04 secs] 
2016-09-15T11:58:07.448-0400: 283.904: [GC (GCLocker Initiated GC) [PSYoungGen: 161448K->67177K(175104K)] 511962K->454377K(699392K), 0.0314523 secs] [Times: user=0.30 sys=0.00, real=0.03 secs] 
2016-09-15T11:58:07.605-0400: 284.061: [GC (GCLocker Initiated GC) [PSYoungGen: 155241K->55419K(175104K)] 554789K->455070K(699392K), 0.0066207 secs] [Times: user=0.06 sys=0.00, real=0.01 secs] 
2016-09-15T11:58:07.722-0400: 284.177: [GC (GCLocker Initiated GC) [PSYoungGen: 143483K->67601K(175104K)] 549487K->473896K(699392K), 0.0281871 secs] [Times: user=0.32 sys=0.00, real=0.03 secs] 
2016-09-15T11:58:07.850-0400: 284.306: [GC (GCLocker Initiated GC) [PSYoungGen: 155665K->85758K(175104K)] 561990K->540999K(699392K), 0.0121911 secs] [Times: user=0.15 sys=0.00, real=0.01 secs] 
2016-09-15T11:58:07.863-0400: 284.318: [Full GC (Ergonomics) [PSYoungGen: 85758K->0K(175104K)] [ParOldGen: 455240K->61189K(524288K)] 540999K->61189K(699392K), [Metaspace: 44573K->44573K(1087488K)], 0.0585995 secs] [Times: user=0.35 sys=0.01, real=0.06 secs] 
2016-09-15T11:58:08.038-0400: 284.494: [GC (Allocation Failure) [PSYoungGen: 88064K->86858K(175104K)] 161478K->184573K(699392K), 0.0112482 secs] [Times: user=0.17 sys=0.00, real=0.01 secs] 
2016-09-15T11:58:08.156-0400: 284.612: [GC (GCLocker Initiated GC) [PSYoungGen: 174922K->73640K(175104K)] 272648K->233107K(699392K), 0.0111856 secs] [Times: user=0.14 sys=0.00, real=0.00 secs] 
2016-09-15T11:58:08.274-0400: 284.730: [GC (Allocation Failure) [PSYoungGen: 161704K->43205K(175104K)] 321471K->239681K(699392K), 0.0154318 secs] [Times: user=0.11 sys=0.01, real=0.02 secs] 
2016-09-15T11:58:08.429-0400: 284.885: [GC (GCLocker Initiated GC) [PSYoungGen: 128027K->55219K(175104K)] 330578K->258062K(699392K), 0.0073413 secs] [Times: user=0.10 sys=0.00, real=0.01 secs] 
2016-09-15T11:58:08.536-0400: 284.991: [GC (GCLocker Initiated GC) [PSYoungGen: 143283K->73704K(175104K)] 346185K->294998K(699392K), 0.0188088 secs] [Times: user=0.23 sys=0.00, real=0.02 secs] 
2016-09-15T11:58:08.679-0400: 285.134: [GC (GCLocker Initiated GC) [PSYoungGen: 161768K->67960K(175104K)] 383232K->325979K(699392K), 0.0156471 secs] [Times: user=0.13 sys=0.00, real=0.01 secs] 
2016-09-15T11:58:08.822-0400: 285.277: [GC (GCLocker Initiated GC) [PSYoungGen: 156024K->73640K(175104K)] 414220K->368912K(699392K), 0.0098028 secs] [Times: user=0.11 sys=0.00, real=0.01 secs] 
2016-09-15T11:58:08.938-0400: 285.394: [GC (GCLocker Initiated GC) [PSYoungGen: 161704K->73576K(175104K)] 457343K->381468K(699392K), 0.0106773 secs] [Times: user=0.11 sys=0.00, real=0.01 secs] 
2016-09-15T11:58:09.050-0400: 285.506: [GC (GCLocker Initiated GC) [PSYoungGen: 161640K->61462K(175104K)] 469764K->406304K(699392K), 0.0277761 secs] [Times: user=0.31 sys=0.00, real=0.03 secs] 
2016-09-15T11:58:09.217-0400: 285.672: [GC (GCLocker Initiated GC) [PSYoungGen: 149526K->73544K(175104K)] 494656K->437362K(699392K), 0.0111954 secs] [Times: user=0.13 sys=0.01, real=0.01 secs] 
2016-09-15T11:58:09.336-0400: 285.791: [GC (GCLocker Initiated GC) [PSYoungGen: 161608K->85854K(175104K)] 525563K->474417K(699392K), 0.0163628 secs] [Times: user=0.21 sys=0.00, real=0.01 secs] 
2016-09-15T11:58:09.457-0400: 285.912: [GC (GCLocker Initiated GC) [PSYoungGen: 173918K->79847K(175104K)] 562802K->535700K(699392K), 0.0132146 secs] [Times: user=0.18 sys=0.00, real=0.01 secs] 
2016-09-15T11:58:09.470-0400: 285.926: [Full GC (Ergonomics) [PSYoungGen: 79847K->0K(175104K)] [ParOldGen: 455853K->60804K(524288K)] 535700K->60804K(699392K), [Metaspace: 44573K->44573K(1087488K)], 0.0582477 secs] [Times: user=0.40 sys=0.01, real=0.06 secs] 
2016-09-15T11:58:09.636-0400: 286.092: [GC (GCLocker Initiated GC) [PSYoungGen: 88064K->85922K(175104K)] 148951K->152885K(699392K), 0.0099538 secs] [Times: user=0.12 sys=0.00, real=0.00 secs] 
2016-09-15T11:58:09.746-0400: 286.201: [GC (GCLocker Initiated GC) [PSYoungGen: 173986K->85986K(175104K)] 241254K->214459K(699392K), 0.0134119 secs] [Times: user=0.20 sys=0.01, real=0.02 secs] 
2016-09-15T11:58:09.864-0400: 286.319: [GC (GCLocker Initiated GC) [PSYoungGen: 174050K->61554K(175104K)] 314738K->263479K(699392K), 0.0127098 secs] [Times: user=0.20 sys=0.00, real=0.02 secs] 
2016-09-15T11:58:09.981-0400: 286.436: [GC (GCLocker Initiated GC) [PSYoungGen: 149618K->74000K(175104K)] 351764K->318847K(699392K), 0.0125225 secs] [Times: user=0.19 sys=0.00, real=0.01 secs] 
2016-09-15T11:58:10.093-0400: 286.549: [GC (GCLocker Initiated GC) [PSYoungGen: 162064K->55447K(175104K)] 413039K->349575K(699392K), 0.0102835 secs] [Times: user=0.15 sys=0.01, real=0.01 secs] 
2016-09-15T11:58:10.256-0400: 286.711: [GC (GCLocker Initiated GC) [PSYoungGen: 143511K->49667K(175104K)] 449926K->356374K(699392K), 0.0100186 secs] [Times: user=0.08 sys=0.00, real=0.00 secs] 
2016-09-15T11:58:10.385-0400: 286.841: [GC (GCLocker Initiated GC) [PSYoungGen: 137731K->73220K(175104K)] 444564K->392634K(699392K), 0.0344540 secs] [Times: user=0.36 sys=0.01, real=0.04 secs] 
2016-09-15T11:58:10.541-0400: 286.996: [GC (GCLocker Initiated GC) [PSYoungGen: 161284K->49507K(175104K)] 481059K->411919K(699392K), 0.0286740 secs] [Times: user=0.27 sys=0.01, real=0.03 secs] 
2016-09-15T11:58:10.680-0400: 287.135: [GC (Allocation Failure) [PSYoungGen: 137571K->79491K(175104K)] 500350K->454834K(699392K), 0.0335751 secs] [Times: user=0.30 sys=0.01, real=0.03 secs] 
2016-09-15T11:58:10.714-0400: 287.170: [GC (GCLocker Initiated GC) [PSYoungGen: 79885K->160K(175104K)] 455229K->448750K(699392K), 0.0109822 secs] [Times: user=0.11 sys=0.00, real=0.01 secs] 
2016-09-15T11:58:10.725-0400: 287.181: [Full GC (Ergonomics) [PSYoungGen: 160K->0K(175104K)] [ParOldGen: 448590K->54341K(524288K)] 448750K->54341K(699392K), [Metaspace: 44573K->44573K(1087488K)], 0.0611491 secs] [Times: user=0.38 sys=0.02, real=0.06 secs] 
2016-09-15T11:58:10.890-0400: 287.345: [GC (GCLocker Initiated GC) [PSYoungGen: 86895K->85986K(175104K)] 147312K->152477K(699392K), 0.0087937 secs] [Times: user=0.11 sys=0.01, real=0.01 secs] 
2016-09-15T11:58:11.012-0400: 287.467: [GC (GCLocker Initiated GC) [PSYoungGen: 174050K->37290K(175104K)] 241106K->177750K(699392K), 0.0112788 secs] [Times: user=0.18 sys=0.00, real=0.01 secs] 
2016-09-15T11:58:11.147-0400: 287.602: [GC (GCLocker Initiated GC) [PSYoungGen: 125354K->73868K(175104K)] 278077K->245280K(699392K), 0.0141595 secs] [Times: user=0.20 sys=0.00, real=0.02 secs] 
2016-09-15T11:58:11.272-0400: 287.728: [GC (GCLocker Initiated GC) [PSYoungGen: 161932K->79747K(175104K)] 345558K->318340K(699392K), 0.0133254 secs] [Times: user=0.20 sys=0.00, real=0.01 secs] 
2016-09-15T11:58:11.424-0400: 287.880: [GC (Allocation Failure) [PSYoungGen: 167811K->31118K(175104K)] 406720K->330873K(699392K), 0.0120520 secs] [Times: user=0.11 sys=0.00, real=0.02 secs] 
2016-09-15T11:58:11.536-0400: 287.991: [GC (GCLocker Initiated GC) [PSYoungGen: 119182K->85822K(175104K)] 418943K->391949K(699392K), 0.0088117 secs] [Times: user=0.08 sys=0.02, real=0.00 secs] 
2016-09-15T11:58:11.687-0400: 288.142: [GC (GCLocker Initiated GC) [PSYoungGen: 173886K->48952K(175104K)] 486315K->397918K(699392K), 0.0260201 secs] [Times: user=0.26 sys=0.01, real=0.03 secs] 
2016-09-15T11:58:11.839-0400: 288.294: [GC (Allocation Failure) [PSYoungGen: 137016K->55551K(175104K)] 492099K->410729K(699392K), 0.0099372 secs] [Times: user=0.07 sys=0.00, real=0.01 secs] 
2016-09-15T11:58:11.944-0400: 288.399: [GC (GCLocker Initiated GC) [PSYoungGen: 139313K->73512K(175104K)] 500567K->453414K(699392K), 0.0156275 secs] [Times: user=0.16 sys=0.00, real=0.02 secs] 
2016-09-15T11:58:12.058-0400: 288.513: [GC (GCLocker Initiated GC) [PSYoungGen: 161576K->86182K(175104K)] 541665K->508948K(699392K), 0.0126367 secs] [Times: user=0.19 sys=0.00, real=0.01 secs] 
2016-09-15T11:58:12.187-0400: 288.642: [GC (GCLocker Initiated GC) [PSYoungGen: 174246K->55515K(175104K)] 603823K->503765K(699392K), 0.0106012 secs] [Times: user=0.18 sys=0.00, real=0.02 secs] 
2016-09-15T11:58:12.197-0400: 288.653: [Full GC (Ergonomics) [PSYoungGen: 55515K->0K(175104K)] [ParOldGen: 448250K->48732K(524288K)] 503765K->48732K(699392K), [Metaspace: 44580K->44580K(1087488K)], 0.0578457 secs] [Times: user=0.46 sys=0.02, real=0.05 secs] 
2016-09-15T11:58:12.334-0400: 288.790: [GC (GCLocker Initiated GC) [PSYoungGen: 88064K->85690K(175104K)] 142974K->146675K(699392K), 0.0109807 secs] [Times: user=0.17 sys=0.00, real=0.01 secs] 
2016-09-15T11:58:12.439-0400: 288.894: [GC (GCLocker Initiated GC) [PSYoungGen: 173754K->80207K(175104K)] 234995K->196258K(699392K), 0.0124264 secs] [Times: user=0.15 sys=0.01, real=0.01 secs] 
2016-09-15T11:58:12.563-0400: 289.018: [GC (GCLocker Initiated GC) [PSYoungGen: 168271K->55351K(175104K)] 290685K->196929K(699392K), 0.0098661 secs] [Times: user=0.13 sys=0.00, real=0.01 secs] 
2016-09-15T11:58:12.688-0400: 289.143: [GC (GCLocker Initiated GC) [PSYoungGen: 143415K->55643K(175104K)] 297409K->209756K(699392K), 0.0076400 secs] [Times: user=0.09 sys=0.00, real=0.00 secs] 
2016-09-15T11:58:12.805-0400: 289.260: [GC (GCLocker Initiated GC) [PSYoungGen: 143707K->73608K(175104K)] 304235K->252668K(699392K), 0.0095566 secs] [Times: user=0.12 sys=0.00, real=0.01 secs] 
2016-09-15T11:58:12.922-0400: 289.377: [GC (GCLocker Initiated GC) [PSYoungGen: 161672K->61398K(175104K)] 346977K->246791K(699392K), 0.0159879 secs] [Times: user=0.15 sys=0.00, real=0.02 secs] 
2016-09-15T11:58:13.066-0400: 289.522: [GC (GCLocker Initiated GC) [PSYoungGen: 149462K->55383K(175104K)] 340977K->283616K(699392K), 0.0236560 secs] [Times: user=0.26 sys=0.00, real=0.03 secs] 
2016-09-15T11:58:13.238-0400: 289.693: [GC (GCLocker Initiated GC) [PSYoungGen: 143447K->49568K(175104K)] 383927K->326657K(699392K), 0.0079411 secs] [Times: user=0.09 sys=0.00, real=0.00 secs] 
2016-09-15T11:58:13.361-0400: 289.817: [GC (GCLocker Initiated GC) [PSYoungGen: 137632K->55187K(175104K)] 414920K->351007K(699392K), 0.0074197 secs] [Times: user=0.09 sys=0.00, real=0.01 secs] 
2016-09-15T11:58:13.479-0400: 289.934: [GC (Allocation Failure) [PSYoungGen: 143251K->73476K(175104K)] 439365K->387951K(699392K), 0.0178045 secs] [Times: user=0.18 sys=0.01, real=0.02 secs] 
2016-09-15T11:58:13.605-0400: 290.061: [GC (GCLocker Initiated GC) [PSYoungGen: 161540K->67633K(175104K)] 476020K->418691K(699392K), 0.0095308 secs] [Times: user=0.11 sys=0.00, real=0.01 secs] 
2016-09-15T11:58:13.721-0400: 290.176: [GC (GCLocker Initiated GC) [PSYoungGen: 155697K->61494K(175104K)] 507037K->437394K(699392K), 0.0177217 secs] [Times: user=0.14 sys=0.00, real=0.02 secs] 
2016-09-15T11:58:13.838-0400: 290.293: [GC (GCLocker Initiated GC) [PSYoungGen: 149558K->85854K(175104K)] 525690K->504835K(699392K), 0.0114426 secs] [Times: user=0.15 sys=0.00, real=0.01 secs] 
2016-09-15T11:58:13.941-0400: 290.396: [GC (GCLocker Initiated GC) [PSYoungGen: 173918K->67633K(175104K)] 593265K->505489K(699392K), 0.0201943 secs] [Times: user=0.24 sys=0.00, real=0.02 secs] 
2016-09-15T11:58:14.070-0400: 290.526: [GC (GCLocker Initiated GC) [PSYoungGen: 155697K->67469K(175104K)] 593762K->536145K(699392K), 0.0183816 secs] [Times: user=0.18 sys=0.01, real=0.02 secs] 
2016-09-15T11:58:14.089-0400: 290.544: [Full GC (Ergonomics) [PSYoungGen: 67469K->0K(175104K)] [ParOldGen: 468676K->54413K(524288K)] 536145K->54413K(699392K), [Metaspace: 44581K->44581K(1087488K)], 0.0518111 secs] [Times: user=0.26 sys=0.00, real=0.05 secs] 
2016-09-15T11:58:14.240-0400: 290.695: [GC (GCLocker Initiated GC) [PSYoungGen: 88064K->86118K(175104K)] 142619K->140674K(699392K), 0.0145559 secs] [Times: user=0.16 sys=0.00, real=0.01 secs] 
2016-09-15T11:58:14.357-0400: 290.813: [GC (Allocation Failure) [PSYoungGen: 174182K->55323K(175104K)] 228986K->152936K(699392K), 0.0249485 secs] [Times: user=0.33 sys=0.00, real=0.02 secs] 
2016-09-15T11:58:14.487-0400: 290.943: [GC (GCLocker Initiated GC) [PSYoungGen: 143052K->73836K(175104K)] 246740K->196212K(699392K), 0.0084906 secs] [Times: user=0.08 sys=0.02, real=0.02 secs] 
2016-09-15T11:58:14.631-0400: 291.087: [GC (GCLocker Initiated GC) [PSYoungGen: 161900K->67861K(175104K)] 284329K->226883K(699392K), 0.0315707 secs] [Times: user=0.36 sys=0.00, real=0.03 secs] 
2016-09-15T11:58:14.786-0400: 291.242: [GC (Allocation Failure) [PSYoungGen: 155925K->55479K(175104K)] 315061K->275665K(699392K), 0.0120659 secs] [Times: user=0.19 sys=0.00, real=0.02 secs] 
2016-09-15T11:58:14.911-0400: 291.367: [GC (GCLocker Initiated GC) [PSYoungGen: 143543K->49312K(175104K)] 363731K->287844K(699392K), 0.0070657 secs] [Times: user=0.05 sys=0.01, real=0.01 secs] 
2016-09-15T11:58:15.065-0400: 291.520: [GC (GCLocker Initiated GC) [PSYoungGen: 137376K->55807K(175104K)] 388217K->325344K(699392K), 0.0096253 secs] [Times: user=0.15 sys=0.00, real=0.01 secs] 
2016-09-15T11:58:15.205-0400: 291.660: [GC (GCLocker Initiated GC) [PSYoungGen: 143871K->73608K(175104K)] 419508K->349372K(699392K), 0.0076116 secs] [Times: user=0.10 sys=0.00, real=0.01 secs] 
2016-09-15T11:58:15.311-0400: 291.767: [GC (GCLocker Initiated GC) [PSYoungGen: 161672K->61686K(175104K)] 437596K->428887K(699392K), 0.0146371 secs] [Times: user=0.23 sys=0.00, real=0.01 secs] 
2016-09-15T11:58:15.432-0400: 291.887: [GC (GCLocker Initiated GC) [PSYoungGen: 149750K->80011K(175104K)] 516999K->551030K(699392K), 0.0151179 secs] [Times: user=0.23 sys=0.00, real=0.01 secs] 
2016-09-15T11:58:15.447-0400: 291.903: [Full GC (Ergonomics) [PSYoungGen: 80011K->0K(175104K)] [ParOldGen: 471019K->54614K(524288K)] 551030K->54614K(699392K), [Metaspace: 44584K->44584K(1087488K)], 0.0645279 secs] [Times: user=0.38 sys=0.01, real=0.07 secs] 
2016-09-15T11:58:15.618-0400: 292.074: [GC (GCLocker Initiated GC) [PSYoungGen: 88064K->81039K(175104K)] 155099K->178449K(699392K), 0.0127500 secs] [Times: user=0.18 sys=0.00, real=0.01 secs] 
2016-09-15T11:58:15.732-0400: 292.187: [GC (GCLocker Initiated GC) [PSYoungGen: 169103K->79587K(175104K)] 272905K->209092K(699392K), 0.0262729 secs] [Times: user=0.28 sys=0.00, real=0.03 secs] 
2016-09-15T11:58:15.855-0400: 292.311: [GC (GCLocker Initiated GC) [PSYoungGen: 167651K->85790K(175104K)] 303373K->276323K(699392K), 0.0116288 secs] [Times: user=0.15 sys=0.00, real=0.01 secs] 
2016-09-15T11:58:16.010-0400: 292.466: [GC (Allocation Failure) [PSYoungGen: 173854K->37517K(175104K)] 376651K->270810K(699392K), 0.0104061 secs] [Times: user=0.12 sys=0.00, real=0.01 secs] 
2016-09-15T11:58:16.119-0400: 292.575: [GC (GCLocker Initiated GC) [PSYoungGen: 120797K->67829K(175104K)] 360165K->331779K(699392K), 0.0105707 secs] [Times: user=0.07 sys=0.01, real=0.01 secs] 
2016-09-15T11:58:16.255-0400: 292.710: [GC (GCLocker Initiated GC) [PSYoungGen: 155893K->55451K(175104K)] 426094K->331822K(699392K), 0.0124044 secs] [Times: user=0.13 sys=0.00, real=0.01 secs] 
2016-09-15T11:58:16.388-0400: 292.843: [GC (GCLocker Initiated GC) [PSYoungGen: 143515K->73772K(175104K)] 426305K->356830K(699392K), 0.0129586 secs] [Times: user=0.16 sys=0.00, real=0.01 secs] 
2016-09-15T11:58:16.501-0400: 292.956: [GC (GCLocker Initiated GC) [PSYoungGen: 161836K->55415K(175104K)] 445070K->387548K(699392K), 0.0102062 secs] [Times: user=0.14 sys=0.01, real=0.01 secs] 
2016-09-15T11:58:16.620-0400: 293.075: [GC (GCLocker Initiated GC) [PSYoungGen: 143479K->86018K(175104K)] 475834K->442808K(699392K), 0.0111134 secs] [Times: user=0.15 sys=0.00, real=0.01 secs] 
2016-09-15T11:58:16.762-0400: 293.217: [GC (GCLocker Initiated GC) [PSYoungGen: 174082K->18936K(175104K)] 543305K->406832K(699392K), 0.0084714 secs] [Times: user=0.10 sys=0.00, real=0.01 secs] 
2016-09-15T11:58:16.874-0400: 293.329: [GC (GCLocker Initiated GC) [PSYoungGen: 107000K->79555K(175104K)] 495111K->467777K(699392K), 0.0240310 secs] [Times: user=0.28 sys=0.00, real=0.03 secs] 
2016-09-15T11:58:17.029-0400: 293.484: [GC (GCLocker Initiated GC) [PSYoungGen: 167619K->55579K(175104K)] 568201K->474506K(699392K), 0.0132549 secs] [Times: user=0.17 sys=0.00, real=0.01 secs] 
2016-09-15T11:58:17.151-0400: 293.606: [GC (GCLocker Initiated GC) [PSYoungGen: 143643K->37094K(175104K)] 575666K->487650K(699392K), 0.0130005 secs] [Times: user=0.11 sys=0.00, real=0.01 secs] 
2016-09-15T11:58:17.164-0400: 293.619: [Full GC (Ergonomics) [PSYoungGen: 37094K->0K(175104K)] [ParOldGen: 450556K->54626K(524288K)] 487650K->54626K(699392K), [Metaspace: 44586K->44586K(1087488K)], 0.0540600 secs] [Times: user=0.37 sys=0.02, real=0.06 secs] 
2016-09-15T11:58:17.312-0400: 293.767: [GC (GCLocker Initiated GC) [PSYoungGen: 88064K->73444K(175104K)] 142738K->128118K(699392K), 0.0112125 secs] [Times: user=0.16 sys=0.00, real=0.01 secs] 
2016-09-15T11:58:17.446-0400: 293.902: [GC (GCLocker Initiated GC) [PSYoungGen: 161508K->55579K(175104K)] 222517K->134956K(699392K), 0.0097935 secs] [Times: user=0.15 sys=0.00, real=0.02 secs] 
2016-09-15T11:58:17.594-0400: 294.049: [GC (Allocation Failure) [PSYoungGen: 143643K->55159K(175104K)] 229126K->140886K(699392K), 0.0167980 secs] [Times: user=0.16 sys=0.00, real=0.02 secs] 
2016-09-15T11:58:17.727-0400: 294.182: [GC (GCLocker Initiated GC) [PSYoungGen: 139378K->55515K(175104K)] 231180K->171760K(699392K), 0.0137727 secs] [Times: user=0.18 sys=0.01, real=0.02 secs] 
2016-09-15T11:58:17.879-0400: 294.334: [GC (GCLocker Initiated GC) [PSYoungGen: 143579K->85694K(175104K)] 259933K->202300K(699392K), 0.0090650 secs] [Times: user=0.08 sys=0.00, real=0.01 secs] 
2016-09-15T11:58:18.009-0400: 294.465: [GC (Allocation Failure) [PSYoungGen: 173758K->79747K(175104K)] 290406K->245162K(699392K), 0.0114529 secs] [Times: user=0.17 sys=0.01, real=0.01 secs] 
2016-09-15T11:58:18.155-0400: 294.610: [GC (GCLocker Initiated GC) [PSYoungGen: 167811K->43005K(175104K)] 333232K->251226K(699392K), 0.0115748 secs] [Times: user=0.12 sys=0.00, real=0.01 secs] 
2016-09-15T11:58:18.295-0400: 294.751: [GC (GCLocker Initiated GC) [PSYoungGen: 131069K->55223K(175104K)] 345458K->287956K(699392K), 0.0133840 secs] [Times: user=0.14 sys=0.00, real=0.02 secs] 
2016-09-15T11:58:18.423-0400: 294.878: [GC (GCLocker Initiated GC) [PSYoungGen: 143287K->55383K(175104K)] 382417K->349496K(699392K), 0.0133685 secs] [Times: user=0.16 sys=0.00, real=0.02 secs] 
2016-09-15T11:58:18.557-0400: 295.013: [GC (GCLocker Initiated GC) [PSYoungGen: 143447K->85822K(175104K)] 437607K->410477K(699392K), 0.0141545 secs] [Times: user=0.19 sys=0.00, real=0.01 secs] 
2016-09-15T11:58:18.723-0400: 295.178: [GC (GCLocker Initiated GC) [PSYoungGen: 173886K->55351K(175104K)] 505167K->453764K(699392K), 0.0122550 secs] [Times: user=0.17 sys=0.00, real=0.01 secs] 
2016-09-15T11:58:18.859-0400: 295.314: [GC (GCLocker Initiated GC) [PSYoungGen: 143415K->55319K(175104K)] 554300K->466463K(699392K), 0.0107878 secs] [Times: user=0.12 sys=0.01, real=0.01 secs] 
2016-09-15T11:58:19.009-0400: 295.464: [GC (GCLocker Initiated GC) [PSYoungGen: 143383K->37681K(175104K)] 566853K->461403K(699392K), 0.0182449 secs] [Times: user=0.26 sys=0.00, real=0.01 secs] 
2016-09-15T11:58:19.136-0400: 295.591: [GC (GCLocker Initiated GC) [PSYoungGen: 125745K->55383K(175104K)] 555634K->485579K(699392K), 0.0101898 secs] [Times: user=0.13 sys=0.00, real=0.00 secs] 
2016-09-15T11:58:19.264-0400: 295.720: [GC (GCLocker Initiated GC) [PSYoungGen: 143447K->85758K(175104K)] 573696K->570850K(699392K), 0.0109303 secs] [Times: user=0.13 sys=0.01, real=0.01 secs] 
2016-09-15T11:58:19.275-0400: 295.731: [Full GC (Ergonomics) [PSYoungGen: 85758K->0K(175104K)] [ParOldGen: 485092K->54741K(524288K)] 570850K->54741K(699392K), [Metaspace: 44587K->44587K(1087488K)], 0.0585245 secs] [Times: user=0.32 sys=0.00, real=0.06 secs] 
2016-09-15T11:58:19.441-0400: 295.896: [GC (GCLocker Initiated GC) [PSYoungGen: 88064K->86434K(175104K)] 143023K->165693K(699392K), 0.0262597 secs] [Times: user=0.25 sys=0.00, real=0.02 secs] 
2016-09-15T11:58:19.580-0400: 296.036: [GC (GCLocker Initiated GC) [PSYoungGen: 174498K->73736K(175104K)] 253983K->214955K(699392K), 0.0141323 secs] [Times: user=0.18 sys=0.00, real=0.01 secs] 
2016-09-15T11:58:19.699-0400: 296.154: [GC (GCLocker Initiated GC) [PSYoungGen: 161800K->85890K(175104K)] 303190K->257799K(699392K), 0.0099149 secs] [Times: user=0.09 sys=0.00, real=0.01 secs] 
2016-09-15T11:58:19.856-0400: 296.312: [GC (GCLocker Initiated GC) [PSYoungGen: 173954K->67533K(175104K)] 358077K->282298K(699392K), 0.0099118 secs] [Times: user=0.10 sys=0.00, real=0.00 secs] 
2016-09-15T11:58:19.985-0400: 296.440: [GC (Allocation Failure) [PSYoungGen: 155597K->73772K(175104K)] 370628K->331643K(699392K), 0.0124951 secs] [Times: user=0.19 sys=0.00, real=0.02 secs] 
2016-09-15T11:58:20.118-0400: 296.574: [GC (GCLocker Initiated GC) [PSYoungGen: 161836K->55415K(175104K)] 419713K->350058K(699392K), 0.0092806 secs] [Times: user=0.13 sys=0.01, real=0.01 secs] 
2016-09-15T11:58:20.240-0400: 296.695: [GC (GCLocker Initiated GC) [PSYoungGen: 143479K->86018K(175104K)] 438265K->411338K(699392K), 0.0135075 secs] [Times: user=0.22 sys=0.00, real=0.01 secs] 
2016-09-15T11:58:20.406-0400: 296.862: [GC (Allocation Failure) [PSYoungGen: 174082K->86118K(175104K)] 499444K->478793K(699392K), 0.0119200 secs] [Times: user=0.20 sys=0.00, real=0.02 secs] 
2016-09-15T11:58:20.538-0400: 296.994: [GC (GCLocker Initiated GC) [PSYoungGen: 172625K->55415K(175104K)] 571375K->509335K(699392K), 0.0110844 secs] [Times: user=0.17 sys=0.00, real=0.01 secs] 
2016-09-15T11:58:20.550-0400: 297.005: [Full GC (Ergonomics) [PSYoungGen: 55415K->0K(175104K)] [ParOldGen: 453920K->48801K(524288K)] 509335K->48801K(699392K), [Metaspace: 44620K->44620K(1087488K)], 0.0480833 secs] [Times: user=0.44 sys=0.00, real=0.05 secs] 
2016-09-15T11:58:20.739-0400: 297.195: [GC (Allocation Failure) [PSYoungGen: 88064K->86306K(175104K)] 137052K->153519K(699392K), 0.0111537 secs] [Times: user=0.15 sys=0.00, real=0.01 secs] 
2016-09-15T11:58:20.936-0400: 297.391: [GC (GCLocker Initiated GC) [PSYoungGen: 174370K->73804K(175104K)] 241589K->190367K(699392K), 0.0118270 secs] [Times: user=0.19 sys=0.00, real=0.01 secs] 
2016-09-15T11:58:21.141-0400: 297.596: [GC (GCLocker Initiated GC) [PSYoungGen: 161868K->73772K(175104K)] 284548K->196727K(699392K), 0.0114752 secs] [Times: user=0.14 sys=0.00, real=0.01 secs] 
2016-09-15T11:58:21.309-0400: 297.764: [GC (GCLocker Initiated GC) [PSYoungGen: 161836K->37226K(175104K)] 284793K->184735K(699392K), 0.0135815 secs] [Times: user=0.11 sys=0.00, real=0.01 secs] 
2016-09-15T11:58:21.515-0400: 297.971: [GC (GCLocker Initiated GC) [PSYoungGen: 125290K->55419K(175104K)] 272919K->203307K(699392K), 0.0099275 secs] [Times: user=0.09 sys=0.00, real=0.01 secs] 
2016-09-15T11:58:21.693-0400: 298.148: [GC (GCLocker Initiated GC) [PSYoungGen: 143483K->85562K(175104K)] 291509K->233855K(699392K), 0.0106863 secs] [Times: user=0.10 sys=0.00, real=0.01 secs] 
2016-09-15T11:58:21.857-0400: 298.313: [GC (Allocation Failure) [PSYoungGen: 173626K->74164K(175104K)] 328142K->271349K(699392K), 0.0124368 secs] [Times: user=0.18 sys=0.01, real=0.01 secs] 
2016-09-15T11:58:21.988-0400: 298.444: [GC (GCLocker Initiated GC) [PSYoungGen: 162228K->73640K(175104K)] 359418K->313843K(699392K), 0.0118166 secs] [Times: user=0.19 sys=0.01, real=0.01 secs] 
2016-09-15T11:58:22.165-0400: 298.621: [GC (Allocation Failure) [PSYoungGen: 161704K->61850K(175104K)] 402010K->320524K(699392K), 0.0081640 secs] [Times: user=0.11 sys=0.00, real=0.01 secs] 
2016-09-15T11:58:22.342-0400: 298.798: [GC (GCLocker Initiated GC) [PSYoungGen: 146082K->55415K(175104K)] 410831K->344623K(699392K), 0.0097907 secs] [Times: user=0.15 sys=0.00, real=0.01 secs] 
2016-09-15T11:58:22.482-0400: 298.937: [GC (GCLocker Initiated GC) [PSYoungGen: 143479K->85758K(175104K)] 432729K->399623K(699392K), 0.0127077 secs] [Times: user=0.20 sys=0.00, real=0.01 secs] 
2016-09-15T11:58:22.642-0400: 299.098: [GC (GCLocker Initiated GC) [PSYoungGen: 173822K->43461K(175104K)] 494039K->418661K(699392K), 0.0121056 secs] [Times: user=0.16 sys=0.00, real=0.01 secs] 
2016-09-15T11:58:22.826-0400: 299.282: [GC (GCLocker Initiated GC) [PSYoungGen: 131525K->56070K(175104K)] 519096K->443965K(699392K), 0.0069425 secs] [Times: user=0.10 sys=0.00, real=0.01 secs] 
2016-09-15T11:58:22.983-0400: 299.438: [GC (GCLocker Initiated GC) [PSYoungGen: 144134K->85530K(175104K)] 538146K->485751K(699392K), 0.0105412 secs] [Times: user=0.16 sys=0.00, real=0.01 secs] 
2016-09-15T11:58:23.186-0400: 299.641: [GC (GCLocker Initiated GC) [PSYoungGen: 173594K->37094K(175104K)] 586214K->510575K(699392K), 0.0109632 secs] [Times: user=0.17 sys=0.00, real=0.02 secs] 
2016-09-15T11:58:23.197-0400: 299.652: [Full GC (Ergonomics) [PSYoungGen: 37094K->0K(175104K)] [ParOldGen: 473481K->48884K(524288K)] 510575K->48884K(699392K), [Metaspace: 44624K->44624K(1087488K)], 0.0490915 secs] [Times: user=0.48 sys=0.00, real=0.04 secs] 
2016-09-15T11:58:23.405-0400: 299.860: [GC (GCLocker Initiated GC) [PSYoungGen: 88064K->80143K(175104K)] 143143K->135222K(699392K), 0.0112693 secs] [Times: user=0.15 sys=0.00, real=0.02 secs] 
2016-09-15T11:58:23.608-0400: 300.064: [GC (Allocation Failure) [PSYoungGen: 168207K->55159K(175104K)] 229604K->159505K(699392K), 0.0107500 secs] [Times: user=0.09 sys=0.00, real=0.01 secs] 
2016-09-15T11:58:23.769-0400: 300.224: [GC (GCLocker Initiated GC) [PSYoungGen: 143223K->55611K(175104K)] 247575K->178331K(699392K), 0.0102654 secs] [Times: user=0.11 sys=0.00, real=0.01 secs] 
2016-09-15T11:58:23.896-0400: 300.351: [GC (GCLocker Initiated GC) [PSYoungGen: 143675K->85758K(175104K)] 266426K->208792K(699392K), 0.0186932 secs] [Times: user=0.24 sys=0.00, real=0.01 secs] 
2016-09-15T11:58:24.055-0400: 300.511: [GC (GCLocker Initiated GC) [PSYoungGen: 173822K->67565K(175104K)] 296898K->239384K(699392K), 0.0146496 secs] [Times: user=0.19 sys=0.00, real=0.02 secs] 
2016-09-15T11:58:24.275-0400: 300.730: [GC (GCLocker Initiated GC) [PSYoungGen: 155629K->67401K(175104K)] 327496K->276010K(699392K), 0.0156659 secs] [Times: user=0.21 sys=0.00, real=0.02 secs] 
2016-09-15T11:58:24.409-0400: 300.865: [GC (GCLocker Initiated GC) [PSYoungGen: 155465K->73576K(175104K)] 364098K->324846K(699392K), 0.0115745 secs] [Times: user=0.14 sys=0.00, real=0.01 secs] 
2016-09-15T11:58:24.555-0400: 301.010: [GC (GCLocker Initiated GC) [PSYoungGen: 161640K->73868K(175104K)] 419189K->368206K(699392K), 0.0108980 secs] [Times: user=0.16 sys=0.00, real=0.01 secs] 
2016-09-15T11:58:24.726-0400: 301.181: [GC (GCLocker Initiated GC) [PSYoungGen: 161932K->55383K(175104K)] 456435K->404876K(699392K), 0.0128838 secs] [Times: user=0.16 sys=0.00, real=0.02 secs] 
2016-09-15T11:58:24.890-0400: 301.346: [GC (Allocation Failure) [PSYoungGen: 143447K->61590K(175104K)] 493133K->435688K(699392K), 0.0254855 secs] [Times: user=0.28 sys=0.00, real=0.03 secs] 
2016-09-15T11:58:25.070-0400: 301.525: [GC (Allocation Failure) [PSYoungGen: 149654K->73740K(175104K)] 523752K->484587K(699392K), 0.0112235 secs] [Times: user=0.12 sys=0.00, real=0.01 secs] 
2016-09-15T11:58:25.258-0400: 301.713: [GC (GCLocker Initiated GC) [PSYoungGen: 161804K->73512K(175104K)] 572651K->484618K(699392K), 0.0126715 secs] [Times: user=0.12 sys=0.00, real=0.01 secs] 
2016-09-15T11:58:25.425-0400: 301.880: [GC (GCLocker Initiated GC) [PSYoungGen: 161576K->73480K(175104K)] 572847K->484994K(699392K), 0.0168297 secs] [Times: user=0.13 sys=0.00, real=0.02 secs] 
2016-09-15T11:58:25.642-0400: 302.097: [GC (GCLocker Initiated GC) [PSYoungGen: 161544K->49116K(175104K)] 579181K->466824K(699392K), 0.0095885 secs] [Times: user=0.08 sys=0.00, real=0.01 secs] 
2016-09-15T11:58:25.802-0400: 302.257: [GC (GCLocker Initiated GC) [PSYoungGen: 137180K->55387K(175104K)] 561319K->479653K(699392K), 0.0227232 secs] [Times: user=0.21 sys=0.01, real=0.02 secs] 
2016-09-15T11:58:25.971-0400: 302.426: [GC (GCLocker Initiated GC) [PSYoungGen: 143451K->67765K(175104K)] 567938K->492511K(699392K), 0.0099495 secs] [Times: user=0.08 sys=0.00, real=0.01 secs] 
2016-09-15T11:58:26.111-0400: 302.566: [GC (GCLocker Initiated GC) [PSYoungGen: 155829K->55355K(175104K)] 580751K->510747K(699392K), 0.0260237 secs] [Times: user=0.25 sys=0.01, real=0.03 secs] 
2016-09-15T11:58:26.137-0400: 302.592: [Full GC (Ergonomics) [PSYoungGen: 55355K->0K(175104K)] [ParOldGen: 455392K->41842K(524288K)] 510747K->41842K(699392K), [Metaspace: 44624K->44624K(1087488K)], 0.1209899 secs] [Times: user=1.06 sys=0.01, real=0.12 secs] 
2016-09-15T11:58:26.393-0400: 302.848: [GC (Allocation Failure) [PSYoungGen: 88064K->80039K(175104K)] 130116K->122091K(699392K), 0.0157017 secs] [Times: user=0.16 sys=0.00, real=0.02 secs] 
2016-09-15T11:58:26.570-0400: 303.025: [GC (GCLocker Initiated GC) [PSYoungGen: 168103K->61394K(175104K)] 210155K->140803K(699392K), 0.0100978 secs] [Times: user=0.11 sys=0.00, real=0.01 secs] 
2016-09-15T11:58:26.741-0400: 303.197: [GC (GCLocker Initiated GC) [PSYoungGen: 149458K->73416K(175104K)] 228903K->153121K(699392K), 0.0082451 secs] [Times: user=0.06 sys=0.00, real=0.01 secs] 
2016-09-15T11:58:26.910-0400: 303.365: [GC (GCLocker Initiated GC) [PSYoungGen: 161480K->55419K(175104K)] 241450K->184101K(699392K), 0.0231840 secs] [Times: user=0.30 sys=0.00, real=0.02 secs] 
2016-09-15T11:58:27.136-0400: 303.591: [GC (GCLocker Initiated GC) [PSYoungGen: 143483K->37062K(175104K)] 278489K->202719K(699392K), 0.0082110 secs] [Times: user=0.07 sys=0.00, real=0.00 secs] 
2016-09-15T11:58:27.301-0400: 303.756: [GC (GCLocker Initiated GC) [PSYoungGen: 125126K->73968K(175104K)] 290852K->270213K(699392K), 0.0242179 secs] [Times: user=0.27 sys=0.00, real=0.02 secs] 
2016-09-15T11:58:27.484-0400: 303.939: [GC (Allocation Failure) [PSYoungGen: 162032K->85922K(175104K)] 358313K->282666K(699392K), 0.0096935 secs] [Times: user=0.10 sys=0.00, real=0.01 secs] 
2016-09-15T11:58:27.655-0400: 304.111: [GC (GCLocker Initiated GC) [PSYoungGen: 173986K->61426K(175104K)] 370736K->307059K(699392K), 0.0099007 secs] [Times: user=0.11 sys=0.00, real=0.01 secs] 
2016-09-15T11:58:27.823-0400: 304.279: [GC (GCLocker Initiated GC) [PSYoungGen: 149490K->73644K(175104K)] 395171K->319437K(699392K), 0.0193622 secs] [Times: user=0.18 sys=0.00, real=0.02 secs] 
2016-09-15T11:58:28.001-0400: 304.457: [GC (GCLocker Initiated GC) [PSYoungGen: 161708K->49376K(175104K)] 407829K->344396K(699392K), 0.0195897 secs] [Times: user=0.19 sys=0.01, real=0.02 secs] 
2016-09-15T11:58:28.217-0400: 304.672: [GC (GCLocker Initiated GC) [PSYoungGen: 137440K->55355K(175104K)] 432760K->350926K(699392K), 0.0092717 secs] [Times: user=0.08 sys=0.00, real=0.00 secs] 
2016-09-15T11:58:28.362-0400: 304.818: [GC (GCLocker Initiated GC) [PSYoungGen: 143419K->67145K(175104K)] 439246K->363239K(699392K), 0.0174461 secs] [Times: user=0.18 sys=0.00, real=0.02 secs] 
2016-09-15T11:58:28.554-0400: 305.010: [GC (GCLocker Initiated GC) [PSYoungGen: 155209K->67633K(175104K)] 457420K->369971K(699392K), 0.0378279 secs] [Times: user=0.40 sys=0.00, real=0.04 secs] 
2016-09-15T11:58:28.755-0400: 305.210: [GC (Allocation Failure) [PSYoungGen: 155697K->18904K(175104K)] 476425K->370439K(699392K), 0.0070696 secs] [Times: user=0.05 sys=0.00, real=0.01 secs] 
2016-09-15T11:58:28.901-0400: 305.356: [GC (GCLocker Initiated GC) [PSYoungGen: 106968K->73512K(175104K)] 458509K->425163K(699392K), 0.0112304 secs] [Times: user=0.10 sys=0.00, real=0.01 secs] 
2016-09-15T11:58:29.052-0400: 305.507: [GC (Allocation Failure) [PSYoungGen: 161576K->61462K(175104K)] 513548K->413538K(699392K), 0.0237143 secs] [Times: user=0.27 sys=0.01, real=0.02 secs] 
2016-09-15T11:58:29.226-0400: 305.682: [GC (GCLocker Initiated GC) [PSYoungGen: 149526K->73804K(175104K)] 501608K->426389K(699392K), 0.0129481 secs] [Times: user=0.17 sys=0.00, real=0.02 secs] 
2016-09-15T11:58:29.384-0400: 305.840: [GC (GCLocker Initiated GC) [PSYoungGen: 161868K->79751K(175104K)] 514512K->432678K(699392K), 0.0105801 secs] [Times: user=0.11 sys=0.00, real=0.01 secs] 
2016-09-15T11:58:29.525-0400: 305.981: [GC (GCLocker Initiated GC) [PSYoungGen: 167815K->73612K(175104K)] 521036K->451400K(699392K), 0.0100009 secs] [Times: user=0.08 sys=0.00, real=0.01 secs] 
2016-09-15T11:58:29.684-0400: 306.140: [GC (GCLocker Initiated GC) [PSYoungGen: 161676K->85790K(175104K)] 539640K->488394K(699392K), 0.0119545 secs] [Times: user=0.18 sys=0.00, real=0.02 secs] 
2016-09-15T11:58:29.871-0400: 306.326: [GC (GCLocker Initiated GC) [PSYoungGen: 173854K->43137K(175104K)] 582575K->494682K(699392K), 0.0118994 secs] [Times: user=0.11 sys=0.00, real=0.01 secs] 
2016-09-15T11:58:30.046-0400: 306.502: [Full GC (Ergonomics) [PSYoungGen: 131201K->0K(175104K)] [ParOldGen: 457874K->41909K(524288K)] 589075K->41909K(699392K), [Metaspace: 44636K->44636K(1087488K)], 0.0739819 secs] [Times: user=0.53 sys=0.02, real=0.08 secs] 
2016-09-15T11:58:30.277-0400: 306.732: [GC (Allocation Failure) [PSYoungGen: 88064K->85858K(175104K)] 130233K->128027K(699392K), 0.0099743 secs] [Times: user=0.10 sys=0.00, real=0.00 secs] 
2016-09-15T11:58:30.438-0400: 306.893: [GC (GCLocker Initiated GC) [PSYoungGen: 172335K->49148K(175104K)] 220580K->116033K(699392K), 0.0260306 secs] [Times: user=0.27 sys=0.00, real=0.02 secs] 
2016-09-15T11:58:30.623-0400: 307.078: [GC (GCLocker Initiated GC) [PSYoungGen: 137212K->73804K(175104K)] 204379K->141091K(699392K), 0.0134773 secs] [Times: user=0.13 sys=0.00, real=0.02 secs] 
2016-09-15T11:58:30.796-0400: 307.251: [GC (GCLocker Initiated GC) [PSYoungGen: 161868K->55551K(175104K)] 235405K->129528K(699392K), 0.0061084 secs] [Times: user=0.05 sys=0.00, real=0.01 secs] 
2016-09-15T11:58:30.964-0400: 307.420: [GC (GCLocker Initiated GC) [PSYoungGen: 143615K->55223K(175104K)] 223882K->135717K(699392K), 0.0284950 secs] [Times: user=0.28 sys=0.00, real=0.03 secs] 
2016-09-15T11:58:31.169-0400: 307.625: [GC (GCLocker Initiated GC) [PSYoungGen: 143287K->55223K(175104K)] 230191K->142206K(699392K), 0.0140493 secs] [Times: user=0.17 sys=0.00, real=0.01 secs] 
2016-09-15T11:58:31.378-0400: 307.833: [GC (GCLocker Initiated GC) [PSYoungGen: 143287K->36834K(175104K)] 236975K->130789K(699392K), 0.0134276 secs] [Times: user=0.16 sys=0.00, real=0.01 secs] 
2016-09-15T11:58:31.523-0400: 307.979: [GC (GCLocker Initiated GC) [PSYoungGen: 124898K->86186K(175104K)] 219108K->180538K(699392K), 0.0079633 secs] [Times: user=0.09 sys=0.00, real=0.01 secs] 
2016-09-15T11:58:31.654-0400: 308.109: [GC (GCLocker Initiated GC) [PSYoungGen: 174250K->79943K(175104K)] 268807K->193048K(699392K), 0.0091016 secs] [Times: user=0.11 sys=0.00, real=0.01 secs] 
2016-09-15T11:58:31.839-0400: 308.295: [GC (Allocation Failure) [PSYoungGen: 168007K->12829K(175104K)] 293332K->180783K(699392K), 0.0288332 secs] [Times: user=0.24 sys=0.02, real=0.03 secs] 
2016-09-15T11:58:32.009-0400: 308.465: [GC (Allocation Failure) [PSYoungGen: 95933K->49280K(175104K)] 263887K->247876K(699392K), 0.0118841 secs] [Times: user=0.08 sys=0.00, real=0.01 secs] 
2016-09-15T11:58:32.166-0400: 308.621: [GC (GCLocker Initiated GC) [PSYoungGen: 137035K->55191K(175104K)] 341706K->260301K(699392K), 0.0230380 secs] [Times: user=0.22 sys=0.00, real=0.03 secs] 
2016-09-15T11:58:32.370-0400: 308.825: [GC (GCLocker Initiated GC) [PSYoungGen: 143255K->61462K(175104K)] 354476K->272974K(699392K), 0.0063338 secs] [Times: user=0.04 sys=0.00, real=0.01 secs] 
2016-09-15T11:58:32.513-0400: 308.969: [GC (GCLocker Initiated GC) [PSYoungGen: 149526K->79619K(175104K)] 361063K->327937K(699392K), 0.0099974 secs] [Times: user=0.10 sys=0.00, real=0.01 secs] 
2016-09-15T11:58:32.728-0400: 309.184: [GC (Allocation Failure) [PSYoungGen: 167683K->31054K(175104K)] 422151K->322069K(699392K), 0.0164531 secs] [Times: user=0.14 sys=0.01, real=0.01 secs] 
2016-09-15T11:58:32.893-0400: 309.348: [GC (Allocation Failure) [PSYoungGen: 118195K->49312K(175104K)] 409210K->371164K(699392K), 0.0170330 secs] [Times: user=0.18 sys=0.00, real=0.02 secs] 
2016-09-15T11:58:33.036-0400: 309.492: [GC (GCLocker Initiated GC) [PSYoungGen: 137376K->61362K(175104K)] 459228K->383318K(699392K), 0.0204267 secs] [Times: user=0.17 sys=0.01, real=0.02 secs] 
2016-09-15T11:58:33.226-0400: 309.681: [GC (GCLocker Initiated GC) [PSYoungGen: 149426K->49280K(175104K)] 471636K->371562K(699392K), 0.0085068 secs] [Times: user=0.06 sys=0.01, real=0.01 secs] 
2016-09-15T11:58:33.401-0400: 309.856: [GC (Allocation Failure) [PSYoungGen: 137344K->67341K(175104K)] 465782K->396054K(699392K), 0.0229255 secs] [Times: user=0.25 sys=0.00, real=0.02 secs] 
2016-09-15T11:58:33.595-0400: 310.051: [GC (GCLocker Initiated GC) [PSYoungGen: 155405K->55287K(175104K)] 484118K->426809K(699392K), 0.0104340 secs] [Times: user=0.11 sys=0.00, real=0.01 secs] 
2016-09-15T11:58:33.761-0400: 310.216: [GC (GCLocker Initiated GC) [PSYoungGen: 143351K->49280K(175104K)] 514880K->421084K(699392K), 0.0207828 secs] [Times: user=0.20 sys=0.00, real=0.02 secs] 
2016-09-15T11:58:33.946-0400: 310.401: [GC (GCLocker Initiated GC) [PSYoungGen: 137344K->85726K(175104K)] 509222K->458052K(699392K), 0.0174924 secs] [Times: user=0.17 sys=0.00, real=0.02 secs] 
2016-09-15T11:58:34.110-0400: 310.566: [GC (GCLocker Initiated GC) [PSYoungGen: 173790K->73384K(175104K)] 546158K->482281K(699392K), 0.0180182 secs] [Times: user=0.16 sys=0.00, real=0.02 secs] 
2016-09-15T11:58:34.262-0400: 310.717: [GC (GCLocker Initiated GC) [PSYoungGen: 161448K->61398K(175104K)] 570381K->500973K(699392K), 0.0220666 secs] [Times: user=0.20 sys=0.01, real=0.02 secs] 
2016-09-15T11:58:34.406-0400: 310.861: [GC (GCLocker Initiated GC) [PSYoungGen: 149462K->61490K(175104K)] 589247K->525662K(699392K), 0.0103249 secs] [Times: user=0.08 sys=0.00, real=0.02 secs] 
2016-09-15T11:58:34.416-0400: 310.872: [Full GC (Ergonomics) [PSYoungGen: 61490K->0K(175104K)] [ParOldGen: 464172K->42172K(524288K)] 525662K->42172K(699392K), [Metaspace: 44636K->44636K(1087488K)], 0.0637471 secs] [Times: user=0.39 sys=0.00, real=0.06 secs] 
2016-09-15T11:58:34.635-0400: 311.090: [GC (GCLocker Initiated GC) [PSYoungGen: 88064K->86342K(175104K)] 136398K->146826K(699392K), 0.0204720 secs] [Times: user=0.23 sys=0.01, real=0.02 secs] 
2016-09-15T11:58:34.804-0400: 311.260: [GC (GCLocker Initiated GC) [PSYoungGen: 174406K->55415K(175104K)] 235078K->171825K(699392K), 0.0111726 secs] [Times: user=0.13 sys=0.00, real=0.02 secs] 
2016-09-15T11:58:34.979-0400: 311.434: [GC (GCLocker Initiated GC) [PSYoungGen: 143479K->61658K(175104K)] 260240K->178702K(699392K), 0.0101404 secs] [Times: user=0.07 sys=0.01, real=0.01 secs] 
2016-09-15T11:58:35.128-0400: 311.584: [GC (GCLocker Initiated GC) [PSYoungGen: 149722K->61330K(175104K)] 266886K->178605K(699392K), 0.0146651 secs] [Times: user=0.14 sys=0.00, real=0.01 secs] 
2016-09-15T11:58:35.286-0400: 311.742: [GC (GCLocker Initiated GC) [PSYoungGen: 149394K->61526K(175104K)] 266717K->221649K(699392K), 0.0107183 secs] [Times: user=0.09 sys=0.00, real=0.02 secs] 
2016-09-15T11:58:35.448-0400: 311.903: [GC (GCLocker Initiated GC) [PSYoungGen: 149590K->55355K(174080K)] 309828K->246251K(698368K), 0.0185897 secs] [Times: user=0.19 sys=0.00, real=0.01 secs] 
2016-09-15T11:58:35.622-0400: 312.077: [GC (GCLocker Initiated GC) [PSYoungGen: 143419K->55191K(174592K)] 346664K->258687K(698880K), 0.0077955 secs] [Times: user=0.05 sys=0.01, real=0.01 secs] 
2016-09-15T11:58:35.775-0400: 312.230: [GC (GCLocker Initiated GC) [PSYoungGen: 143255K->43073K(174592K)] 346848K->265190K(698880K), 0.0098801 secs] [Times: user=0.07 sys=0.01, real=0.01 secs] 
2016-09-15T11:58:35.964-0400: 312.419: [GC (GCLocker Initiated GC) [PSYoungGen: 132161K->85890K(175104K)] 354338K->320501K(699392K), 0.0259862 secs] [Times: user=0.32 sys=0.00, real=0.03 secs] 
2016-09-15T11:58:36.126-0400: 312.581: [GC (GCLocker Initiated GC) [PSYoungGen: 174978K->55647K(175104K)] 409603K->332947K(699392K), 0.0089858 secs] [Times: user=0.10 sys=0.00, real=0.01 secs] 
2016-09-15T11:58:36.281-0400: 312.736: [GC (GCLocker Initiated GC) [PSYoungGen: 143711K->85694K(175104K)] 427139K->369406K(699392K), 0.0112153 secs] [Times: user=0.12 sys=0.00, real=0.01 secs] 
2016-09-15T11:58:36.456-0400: 312.912: [GC (GCLocker Initiated GC) [PSYoungGen: 173758K->37357K(175104K)] 469969K->370163K(699392K), 0.0088661 secs] [Times: user=0.09 sys=0.01, real=0.00 secs] 
2016-09-15T11:58:36.649-0400: 313.104: [GC (Allocation Failure) [PSYoungGen: 125421K->61134K(175104K)] 458789K->394932K(699392K), 0.0243630 secs] [Times: user=0.28 sys=0.00, real=0.02 secs] 
2016-09-15T11:58:36.808-0400: 313.264: [GC (GCLocker Initiated GC) [PSYoungGen: 149198K->73512K(175104K)] 483002K->407411K(699392K), 0.0092177 secs] [Times: user=0.06 sys=0.01, real=0.01 secs] 
2016-09-15T11:58:36.975-0400: 313.431: [GC (GCLocker Initiated GC) [PSYoungGen: 161576K->49248K(175104K)] 495658K->383566K(699392K), 0.0137432 secs] [Times: user=0.14 sys=0.00, real=0.02 secs] 
2016-09-15T11:58:37.134-0400: 313.589: [GC (GCLocker Initiated GC) [PSYoungGen: 137312K->55319K(175104K)] 478032K->439051K(699392K), 0.0100906 secs] [Times: user=0.13 sys=0.00, real=0.01 secs] 
2016-09-15T11:58:37.321-0400: 313.776: [GC (GCLocker Initiated GC) [PSYoungGen: 143383K->61330K(175104K)] 527319K->445549K(699392K), 0.0115907 secs] [Times: user=0.10 sys=0.00, real=0.01 secs] 
2016-09-15T11:58:37.518-0400: 313.974: [GC (GCLocker Initiated GC) [PSYoungGen: 149394K->73348K(175104K)] 533656K->457893K(699392K), 0.0092798 secs] [Times: user=0.07 sys=0.01, real=0.01 secs] 
2016-09-15T11:58:37.667-0400: 314.122: [GC (GCLocker Initiated GC) [PSYoungGen: 161412K->85726K(175104K)] 552080K->519038K(699392K), 0.0195573 secs] [Times: user=0.21 sys=0.00, real=0.02 secs] 
2016-09-15T11:58:37.811-0400: 314.267: [GC (GCLocker Initiated GC) [PSYoungGen: 173790K->61330K(175104K)] 607144K->519275K(699392K), 0.0096687 secs] [Times: user=0.09 sys=0.00, real=0.01 secs] 
2016-09-15T11:58:37.972-0400: 314.427: [GC (GCLocker Initiated GC) [PSYoungGen: 149394K->73608K(175104K)] 607471K->580568K(699392K), 0.0144891 secs] [Times: user=0.18 sys=0.00, real=0.01 secs] 
2016-09-15T11:58:37.987-0400: 314.442: [Full GC (Ergonomics) [PSYoungGen: 73608K->0K(175104K)] [ParOldGen: 506960K->42174K(524288K)] 580568K->42174K(699392K), [Metaspace: 44637K->44637K(1087488K)], 0.0612554 secs] [Times: user=0.47 sys=0.00, real=0.07 secs] 
2016-09-15T11:58:38.213-0400: 314.668: [GC (Allocation Failure) [PSYoungGen: 88064K->86374K(175104K)] 136355K->140740K(699392K), 0.0079656 secs] [Times: user=0.08 sys=0.01, real=0.01 secs] 
2016-09-15T11:58:38.370-0400: 314.826: [GC (GCLocker Initiated GC) [PSYoungGen: 174438K->73772K(175104K)] 228810K->165297K(699392K), 0.0342569 secs] [Times: user=0.41 sys=0.00, real=0.03 secs] 
2016-09-15T11:58:38.588-0400: 315.043: [GC (GCLocker Initiated GC) [PSYoungGen: 161836K->61102K(175104K)] 253610K->153135K(699392K), 0.0077211 secs] [Times: user=0.04 sys=0.00, real=0.01 secs] 
2016-09-15T11:58:38.730-0400: 315.185: [GC (Allocation Failure) [PSYoungGen: 149166K->55483K(175104K)] 247624K->154021K(699392K), 0.0109651 secs] [Times: user=0.11 sys=0.00, real=0.01 secs] 
2016-09-15T11:58:38.889-0400: 315.345: [GC (GCLocker Initiated GC) [PSYoungGen: 143547K->55319K(175104K)] 242086K->154329K(699392K), 0.0118324 secs] [Times: user=0.13 sys=0.00, real=0.01 secs] 
2016-09-15T11:58:39.094-0400: 315.549: [GC (GCLocker Initiated GC) [PSYoungGen: 143383K->55159K(175104K)] 248729K->160600K(699392K), 0.0061804 secs] [Times: user=0.04 sys=0.01, real=0.01 secs] 
2016-09-15T11:58:39.255-0400: 315.710: [GC (GCLocker Initiated GC) [PSYoungGen: 143223K->37030K(175104K)] 254832K->166975K(699392K), 0.0082307 secs] [Times: user=0.05 sys=0.00, real=0.01 secs] 
2016-09-15T11:58:39.416-0400: 315.871: [GC (Allocation Failure) [PSYoungGen: 125094K->37485K(175104K)] 267443K->216593K(699392K), 0.0097633 secs] [Times: user=0.08 sys=0.01, real=0.00 secs] 
2016-09-15T11:58:39.568-0400: 316.023: [GC (GCLocker Initiated GC) [PSYoungGen: 125547K->79651K(175104K)] 304659K->277296K(699392K), 0.0147354 secs] [Times: user=0.16 sys=0.00, real=0.01 secs] 
2016-09-15T11:58:39.752-0400: 316.207: [GC (GCLocker Initiated GC) [PSYoungGen: 167715K->37066K(175104K)] 377792K->247215K(699392K), 0.0132138 secs] [Times: user=0.11 sys=0.01, real=0.01 secs] 
2016-09-15T11:58:39.943-0400: 316.398: [GC (GCLocker Initiated GC) [PSYoungGen: 125130K->54995K(175104K)] 335280K->265397K(699392K), 0.0214976 secs] [Times: user=0.21 sys=0.00, real=0.02 secs] 
2016-09-15T11:58:40.102-0400: 316.558: [GC (GCLocker Initiated GC) [PSYoungGen: 143059K->86086K(175104K)] 353509K->314896K(699392K), 0.0188034 secs] [Times: user=0.20 sys=0.00, real=0.02 secs] 
2016-09-15T11:58:40.298-0400: 316.753: [GC (GCLocker Initiated GC) [PSYoungGen: 174150K->25171K(175104K)] 415426K->315340K(699392K), 0.0184225 secs] [Times: user=0.16 sys=0.00, real=0.02 secs] 
2016-09-15T11:58:40.460-0400: 316.915: [GC (GCLocker Initiated GC) [PSYoungGen: 113235K->61462K(175104K)] 403602K->352088K(699392K), 0.0128097 secs] [Times: user=0.12 sys=0.01, real=0.01 secs] 
2016-09-15T11:58:40.611-0400: 317.066: [GC (GCLocker Initiated GC) [PSYoungGen: 149526K->43301K(175104K)] 440277K->370622K(699392K), 0.0144599 secs] [Times: user=0.15 sys=0.00, real=0.01 secs] 
2016-09-15T11:58:40.815-0400: 317.270: [GC (Allocation Failure) [PSYoungGen: 131365K->79455K(175104K)] 464802K->413192K(699392K), 0.0093874 secs] [Times: user=0.09 sys=0.00, real=0.01 secs] 
2016-09-15T11:58:40.973-0400: 317.428: [GC (GCLocker Initiated GC) [PSYoungGen: 167519K->67665K(175104K)] 501262K->456226K(699392K), 0.0104573 secs] [Times: user=0.10 sys=0.00, real=0.01 secs] 
2016-09-15T11:58:41.146-0400: 317.602: [GC (GCLocker Initiated GC) [PSYoungGen: 155729K->61366K(175104K)] 544396K->468510K(699392K), 0.0304595 secs] [Times: user=0.30 sys=0.01, real=0.04 secs] 
2016-09-15T11:58:41.336-0400: 317.792: [GC (Allocation Failure) [PSYoungGen: 149430K->73448K(175104K)] 556907K->481176K(699392K), 0.0103570 secs] [Times: user=0.09 sys=0.00, real=0.00 secs] 
2016-09-15T11:58:41.501-0400: 317.956: [GC (GCLocker Initiated GC) [PSYoungGen: 156109K->55191K(175104K)] 569912K->469253K(699392K), 0.0099326 secs] [Times: user=0.08 sys=0.00, real=0.01 secs] 
2016-09-15T11:58:41.653-0400: 318.109: [GC (GCLocker Initiated GC) [PSYoungGen: 143255K->73384K(175104K)] 557337K->487553K(699392K), 0.0193536 secs] [Times: user=0.19 sys=0.00, real=0.02 secs] 
2016-09-15T11:58:41.821-0400: 318.276: [GC (GCLocker Initiated GC) [PSYoungGen: 161448K->55159K(175104K)] 575676K->469622K(699392K), 0.0147574 secs] [Times: user=0.12 sys=0.00, real=0.02 secs] 
2016-09-15T11:58:41.982-0400: 318.437: [GC (GCLocker Initiated GC) [PSYoungGen: 143223K->67441K(175104K)] 557941K->488321K(699392K), 0.0168105 secs] [Times: user=0.18 sys=0.00, real=0.02 secs] 
2016-09-15T11:58:42.192-0400: 318.647: [GC (GCLocker Initiated GC) [PSYoungGen: 155505K->42977K(175104K)] 576606K->464321K(699392K), 0.0097999 secs] [Times: user=0.09 sys=0.00, real=0.01 secs] 
2016-09-15T11:58:42.402-0400: 318.857: [GC (GCLocker Initiated GC) [PSYoungGen: 131041K->73412K(175104K)] 558496K->500963K(699392K), 0.0136793 secs] [Times: user=0.13 sys=0.00, real=0.01 secs] 
2016-09-15T11:58:42.542-0400: 318.998: [GC (GCLocker Initiated GC) [PSYoungGen: 161476K->61594K(175104K)] 589270K->513831K(699392K), 0.0089881 secs] [Times: user=0.08 sys=0.00, real=0.01 secs] 
2016-09-15T11:58:42.671-0400: 319.126: [GC (GCLocker Initiated GC) [PSYoungGen: 149658K->61298K(175104K)] 601965K->538157K(699392K), 0.0281489 secs] [Times: user=0.31 sys=0.00, real=0.03 secs] 
2016-09-15T11:58:42.699-0400: 319.154: [Full GC (Ergonomics) [PSYoungGen: 61298K->0K(175104K)] [ParOldGen: 476859K->42240K(524288K)] 538157K->42240K(699392K), [Metaspace: 44637K->44637K(1087488K)], 0.0699105 secs] [Times: user=0.44 sys=0.00, real=0.07 secs] 
2016-09-15T11:58:42.922-0400: 319.377: [GC (Allocation Failure) [PSYoungGen: 88064K->86410K(175104K)] 130581K->128927K(699392K), 0.0094929 secs] [Times: user=0.08 sys=0.00, real=0.01 secs] 
2016-09-15T11:58:43.083-0400: 319.539: [GC (GCLocker Initiated GC) [PSYoungGen: 174474K->73512K(175104K)] 216997K->134955K(699392K), 0.0201873 secs] [Times: user=0.21 sys=0.01, real=0.02 secs] 
2016-09-15T11:58:43.299-0400: 319.754: [GC (GCLocker Initiated GC) [PSYoungGen: 161576K->55059K(175104K)] 223038K->116796K(699392K), 0.0096337 secs] [Times: user=0.08 sys=0.01, real=0.01 secs] 
2016-09-15T11:58:43.449-0400: 319.905: [GC (Allocation Failure) [PSYoungGen: 143123K->73708K(175104K)] 211217K->141898K(699392K), 0.0147986 secs] [Times: user=0.17 sys=0.00, real=0.01 secs] 
2016-09-15T11:58:43.612-0400: 320.067: [GC (GCLocker Initiated GC) [PSYoungGen: 160525K->49180K(175104K)] 234790K->141922K(699392K), 0.0215028 secs] [Times: user=0.18 sys=0.01, real=0.02 secs] 
2016-09-15T11:58:43.790-0400: 320.245: [GC (Allocation Failure) [PSYoungGen: 137244K->37098K(175104K)] 236191K->136133K(699392K), 0.0151932 secs] [Times: user=0.13 sys=0.00, real=0.01 secs] 
2016-09-15T11:58:43.955-0400: 320.410: [GC (GCLocker Initiated GC) [PSYoungGen: 125066K->37126K(175104K)] 230177K->142495K(699392K), 0.0267011 secs] [Times: user=0.31 sys=0.00, real=0.03 secs] 
2016-09-15T11:58:44.131-0400: 320.586: [GC (Allocation Failure) [PSYoungGen: 125190K->73676K(175104K)] 230791K->179568K(699392K), 0.0171516 secs] [Times: user=0.20 sys=0.00, real=0.02 secs] 
2016-09-15T11:58:44.294-0400: 320.749: [GC (GCLocker Initiated GC) [PSYoungGen: 161735K->73708K(175104K)] 267633K->179873K(699392K), 0.0117700 secs] [Times: user=0.12 sys=0.00, real=0.01 secs] 
2016-09-15T11:58:44.505-0400: 320.960: [GC (GCLocker Initiated GC) [PSYoungGen: 161772K->67437K(175104K)] 274060K->180180K(699392K), 0.0194275 secs] [Times: user=0.22 sys=0.00, real=0.02 secs] 
2016-09-15T11:58:44.672-0400: 321.128: [GC (Allocation Failure) [PSYoungGen: 155501K->43301K(175104K)] 268397K->186879K(699392K), 0.0068657 secs] [Times: user=0.06 sys=0.00, real=0.01 secs] 
2016-09-15T11:58:44.838-0400: 321.294: [GC (GCLocker Initiated GC) [PSYoungGen: 131365K->55287K(175104K)] 274949K->199170K(699392K), 0.0121744 secs] [Times: user=0.15 sys=0.01, real=0.01 secs] 
2016-09-15T11:58:44.994-0400: 321.449: [GC (Allocation Failure) [PSYoungGen: 143351K->85890K(175104K)] 287433K->236322K(699392K), 0.0189419 secs] [Times: user=0.22 sys=0.01, real=0.02 secs] 
2016-09-15T11:58:45.163-0400: 321.619: [GC (GCLocker Initiated GC) [PSYoungGen: 173954K->49408K(175104K)] 324386K->236574K(699392K), 0.0081287 secs] [Times: user=0.08 sys=0.00, real=0.01 secs] 
2016-09-15T11:58:45.320-0400: 321.775: [GC (GCLocker Initiated GC) [PSYoungGen: 137472K->61234K(175104K)] 324876K->249069K(699392K), 0.0104173 secs] [Times: user=0.07 sys=0.00, real=0.01 secs] 
2016-09-15T11:58:45.477-0400: 321.933: [GC (Allocation Failure) [PSYoungGen: 149298K->85662K(175104K)] 337270K->298202K(699392K), 0.0196576 secs] [Times: user=0.20 sys=0.00, real=0.02 secs] 
2016-09-15T11:58:45.671-0400: 322.126: [GC (GCLocker Initiated GC) [PSYoungGen: 168573K->24748K(175104K)] 387188K->286007K(699392K), 0.0134237 secs] [Times: user=0.14 sys=0.00, real=0.01 secs] 
2016-09-15T11:58:45.849-0400: 322.304: [GC (GCLocker Initiated GC) [PSYoungGen: 112812K->73672K(175104K)] 380389K->341392K(699392K), 0.0069391 secs] [Times: user=0.07 sys=0.01, real=0.01 secs] 
2016-09-15T11:58:46.030-0400: 322.485: [GC (Allocation Failure) [PSYoungGen: 161736K->67373K(175104K)] 429486K->335227K(699392K), 0.0223018 secs] [Times: user=0.23 sys=0.00, real=0.02 secs] 
2016-09-15T11:58:46.213-0400: 322.668: [GC (GCLocker Initiated GC) [PSYoungGen: 155437K->61458K(175104K)] 423291K->359986K(699392K), 0.0088306 secs] [Times: user=0.07 sys=0.00, real=0.01 secs] 
2016-09-15T11:58:46.382-0400: 322.837: [GC (GCLocker Initiated GC) [PSYoungGen: 149522K->55778K(175104K)] 448377K->372987K(699392K), 0.0130189 secs] [Times: user=0.12 sys=0.00, real=0.01 secs] 
2016-09-15T11:58:46.521-0400: 322.976: [GC (GCLocker Initiated GC) [PSYoungGen: 143842K->73512K(175104K)] 461412K->391512K(699392K), 0.0074626 secs] [Times: user=0.07 sys=0.01, real=0.01 secs] 
2016-09-15T11:58:46.696-0400: 323.151: [GC (GCLocker Initiated GC) [PSYoungGen: 161576K->19132K(175104K)] 497921K->355581K(699392K), 0.0150248 secs] [Times: user=0.15 sys=0.01, real=0.01 secs] 
2016-09-15T11:58:46.875-0400: 323.331: [GC (GCLocker Initiated GC) [PSYoungGen: 107196K->55223K(175104K)] 449874K->398339K(699392K), 0.0070899 secs] [Times: user=0.06 sys=0.00, real=0.01 secs] 
2016-09-15T11:58:47.059-0400: 323.514: [GC (GCLocker Initiated GC) [PSYoungGen: 143287K->54995K(175104K)] 486422K->398226K(699392K), 0.0103796 secs] [Times: user=0.08 sys=0.00, real=0.01 secs] 
2016-09-15T11:58:47.245-0400: 323.701: [GC (Allocation Failure) [PSYoungGen: 143059K->25111K(175104K)] 498598K->417197K(699392K), 0.0067742 secs] [Times: user=0.05 sys=0.00, real=0.01 secs] 
2016-09-15T11:58:47.411-0400: 323.866: [GC (Allocation Failure) [PSYoungGen: 113175K->55323K(175104K)] 505261K->447683K(699392K), 0.0501599 secs] [Times: user=0.52 sys=0.01, real=0.05 secs] 
2016-09-15T11:58:47.592-0400: 324.047: [GC (GCLocker Initiated GC) [PSYoungGen: 143387K->85854K(175104K)] 535753K->484586K(699392K), 0.0081541 secs] [Times: user=0.09 sys=0.00, real=0.01 secs] 
2016-09-15T11:58:47.740-0400: 324.196: [GC (Allocation Failure) [PSYoungGen: 173918K->55483K(175104K)] 572938K->472856K(699392K), 0.0234677 secs] [Times: user=0.28 sys=0.00, real=0.02 secs] 
2016-09-15T11:58:47.938-0400: 324.393: [GC (GCLocker Initiated GC) [PSYoungGen: 143547K->36934K(175104K)] 560920K->454722K(699392K), 0.0100938 secs] [Times: user=0.09 sys=0.01, real=0.01 secs] 
2016-09-15T11:58:48.095-0400: 324.550: [GC (Allocation Failure) [PSYoungGen: 124998K->55383K(175104K)] 543024K->473528K(699392K), 0.0141740 secs] [Times: user=0.16 sys=0.00, real=0.02 secs] 
2016-09-15T11:58:48.253-0400: 324.708: [GC (Allocation Failure) [PSYoungGen: 143447K->43173K(175104K)] 561592K->479630K(699392K), 0.0187932 secs] [Times: user=0.19 sys=0.00, real=0.02 secs] 
2016-09-15T11:58:48.389-0400: 324.844: [GC (Allocation Failure) [PSYoungGen: 131237K->61490K(175104K)] 567694K->498239K(699392K), 0.0142800 secs] [Times: user=0.14 sys=0.01, real=0.01 secs] 
2016-09-15T11:58:48.585-0400: 325.040: [GC (GCLocker Initiated GC) [PSYoungGen: 144982K->55255K(173056K)] 587806K->516595K(697344K), 0.0153767 secs] [Times: user=0.16 sys=0.00, real=0.02 secs] 
2016-09-15T11:58:48.764-0400: 325.219: [GC (GCLocker Initiated GC) [PSYoungGen: 143319K->73708K(174080K)] 604836K->535344K(698368K), 0.0265967 secs] [Times: user=0.31 sys=0.00, real=0.03 secs] 
2016-09-15T11:58:48.954-0400: 325.409: [GC (GCLocker Initiated GC) [PSYoungGen: 161772K->55906K(175104K)] 623574K->536241K(699392K), 0.0097348 secs] [Times: user=0.14 sys=0.00, real=0.01 secs] 
2016-09-15T11:58:49.087-0400: 325.542: [GC (GCLocker Initiated GC) [PSYoungGen: 143970K->73544K(175104K)] 624553K->554254K(699392K), 0.0071668 secs] [Times: user=0.10 sys=0.00, real=0.01 secs] 
2016-09-15T11:58:49.274-0400: 325.730: [GC (Allocation Failure) [PSYoungGen: 161608K->85726K(175104K)] 642349K->578720K(699392K), 0.0134623 secs] [Times: user=0.12 sys=0.01, real=0.02 secs] 
2016-09-15T11:58:49.288-0400: 325.743: [Full GC (Ergonomics) [PSYoungGen: 85726K->0K(175104K)] [ParOldGen: 492994K->42135K(524288K)] 578720K->42135K(699392K), [Metaspace: 44650K->44650K(1087488K)], 0.0819841 secs] [Times: user=0.64 sys=0.00, real=0.08 secs] 
2016-09-15T11:58:49.502-0400: 325.957: [GC (GCLocker Initiated GC) [PSYoungGen: 84655K->74580K(175104K)] 132865K->122790K(699392K), 0.0118698 secs] [Times: user=0.15 sys=0.00, real=0.01 secs] 
2016-09-15T11:58:49.664-0400: 326.120: [GC (GCLocker Initiated GC) [PSYoungGen: 162644K->73772K(175104K)] 211159K->141628K(699392K), 0.0126414 secs] [Times: user=0.16 sys=0.00, real=0.02 secs] 
2016-09-15T11:58:49.875-0400: 326.330: [GC (Allocation Failure) [PSYoungGen: 161836K->37254K(175104K)] 235914K->129841K(699392K), 0.0257212 secs] [Times: user=0.34 sys=0.01, real=0.03 secs] 
2016-09-15T11:58:50.427-0400: 326.882: [GC (Allocation Failure) [PSYoungGen: 125318K->18705K(175104K)] 217905K->129800K(699392K), 0.0057351 secs] [Times: user=0.02 sys=0.01, real=0.01 secs] 
