Java HotSpot(TM) 64-Bit Server VM (25.101-b13) for linux-amd64 JRE (1.8.0_101-b13), built on Jun 22 2016 02:59:44 by "java_re" with gcc 4.3.0 20080428 (Red Hat 4.3.0-8)
Memory: 4k page, physical 264122320k(254884648k free), swap 268399612k(268399612k free)
CommandLine flags: -XX:GCLogFileSize=1048576 -XX:+HeapDumpOnOutOfMemoryError -XX:HeapDumpPath=artifacts/heapdump -XX:InitialHeapSize=805306368 -XX:MaxHeapSize=805306368 -XX:NumberOfGCLogFiles=10 -XX:+PrintGC -XX:+PrintGCDateStamps -XX:+PrintGCDetails -XX:+PrintGCTimeStamps -XX:+UseCompressedClassPointers -XX:+UseCompressedOops -XX:+UseGCLogFileRotation -XX:+UseParallelGC 
2016-09-24T00:44:04.915-0400: 2.201: [GC (Metadata GC Threshold) [PSYoungGen: 121898K->15483K(229376K)] 121898K->15571K(753664K), 0.0241894 secs] [Times: user=0.14 sys=0.01, real=0.02 secs] 
2016-09-24T00:44:04.939-0400: 2.226: [Full GC (Metadata GC Threshold) [PSYoungGen: 15483K->0K(229376K)] [ParOldGen: 88K->14601K(339456K)] 15571K->14601K(568832K), [Metaspace: 21075K->21075K(1067008K)], 0.0440938 secs] [Times: user=0.34 sys=0.02, real=0.05 secs] 
2016-09-24T00:44:06.736-0400: 4.022: [GC (Metadata GC Threshold) [PSYoungGen: 120737K->14790K(229376K)] 135338K->29528K(568832K), 0.0190833 secs] [Times: user=0.14 sys=0.01, real=0.02 secs] 
2016-09-24T00:44:06.755-0400: 4.041: [Full GC (Metadata GC Threshold) [PSYoungGen: 14790K->0K(229376K)] [ParOldGen: 14737K->20224K(524288K)] 29528K->20224K(753664K), [Metaspace: 35065K->35065K(1079296K)], 0.0546352 secs] [Times: user=0.43 sys=0.01, real=0.05 secs] 
2016-09-24T00:44:08.496-0400: 5.782: [GC (GCLocker Initiated GC) [PSYoungGen: 196608K->30211K(229376K)] 216838K->62599K(753664K), 0.0180790 secs] [Times: user=0.27 sys=0.00, real=0.02 secs] 
2016-09-24T00:44:09.298-0400: 6.584: [GC (GCLocker Initiated GC) [PSYoungGen: 226819K->21269K(229376K)] 265638K->60096K(753664K), 0.0104798 secs] [Times: user=0.08 sys=0.01, real=0.01 secs] 
2016-09-24T00:44:10.345-0400: 7.631: [GC (GCLocker Initiated GC) [PSYoungGen: 217877K->27439K(224256K)] 256712K->78432K(748544K), 0.0095869 secs] [Times: user=0.10 sys=0.01, real=0.01 secs] 
2016-09-24T00:44:11.435-0400: 8.721: [GC (Allocation Failure) [PSYoungGen: 224047K->21720K(230400K)] 281453K->79134K(754688K), 0.0070082 secs] [Times: user=0.08 sys=0.00, real=0.00 secs] 
2016-09-24T00:44:12.480-0400: 9.767: [GC (Allocation Failure) [PSYoungGen: 219864K->27600K(228864K)] 277278K->97172K(753152K), 0.0094494 secs] [Times: user=0.10 sys=0.02, real=0.01 secs] 
2016-09-24T00:44:13.489-0400: 10.776: [GC (Allocation Failure) [PSYoungGen: 221106K->21746K(230400K)] 290678K->91326K(754688K), 0.0179089 secs] [Times: user=0.17 sys=0.03, real=0.02 secs] 
2016-09-24T00:44:14.526-0400: 11.812: [GC (Allocation Failure) [PSYoungGen: 220402K->27440K(229888K)] 289982K->109178K(754176K), 0.0212217 secs] [Times: user=0.21 sys=0.04, real=0.02 secs] 
2016-09-24T00:44:15.639-0400: 12.925: [GC (GCLocker Initiated GC) [PSYoungGen: 226096K->27504K(227840K)] 307834K->121401K(752128K), 0.0089818 secs] [Times: user=0.07 sys=0.02, real=0.01 secs] 
2016-09-24T00:44:16.663-0400: 13.949: [GC (Allocation Failure) [PSYoungGen: 223088K->33259K(228864K)] 317340K->133962K(753152K), 0.0067214 secs] [Times: user=0.05 sys=0.01, real=0.00 secs] 
2016-09-24T00:44:17.689-0400: 14.975: [GC (Allocation Failure) [PSYoungGen: 224376K->21205K(220672K)] 325079K->121916K(744960K), 0.0106710 secs] [Times: user=0.09 sys=0.02, real=0.01 secs] 
2016-09-24T00:44:18.694-0400: 15.980: [GC (Allocation Failure) [PSYoungGen: 208402K->21173K(224768K)] 309113K->121884K(749056K), 0.0084050 secs] [Times: user=0.06 sys=0.01, real=0.02 secs] 
2016-09-24T00:44:19.687-0400: 16.973: [GC (Allocation Failure) [PSYoungGen: 208277K->21362K(223232K)] 308987K->122072K(747520K), 0.0131479 secs] [Times: user=0.12 sys=0.02, real=0.01 secs] 
2016-09-24T00:44:20.534-0400: 17.821: [GC (Allocation Failure) [PSYoungGen: 204262K->15494K(224256K)] 304973K->116205K(748544K), 0.0268983 secs] [Times: user=0.26 sys=0.04, real=0.02 secs] 
2016-09-24T00:44:20.831-0400: 18.117: [GC (GCLocker Initiated GC) [PSYoungGen: 203398K->34355K(219648K)] 304114K->195830K(743936K), 0.0105029 secs] [Times: user=0.14 sys=0.01, real=0.01 secs] 
2016-09-24T00:44:21.059-0400: 18.345: [GC (GCLocker Initiated GC) [PSYoungGen: 217651K->39402K(222720K)] 385556K->256631K(747008K), 0.0149345 secs] [Times: user=0.17 sys=0.02, real=0.01 secs] 
2016-09-24T00:44:21.308-0400: 18.595: [GC (GCLocker Initiated GC) [PSYoungGen: 222698K->38321K(178688K)] 446050K->360711K(702976K), 0.0169652 secs] [Times: user=0.20 sys=0.02, real=0.02 secs] 
2016-09-24T00:44:21.505-0400: 18.791: [GC (GCLocker Initiated GC) [PSYoungGen: 177585K->56258K(195584K)] 506249K->421773K(719872K), 0.0175126 secs] [Times: user=0.20 sys=0.02, real=0.02 secs] 
2016-09-24T00:44:21.720-0400: 19.006: [GC (GCLocker Initiated GC) [PSYoungGen: 195522K->62205K(179200K)] 567299K->476579K(703488K), 0.0148734 secs] [Times: user=0.12 sys=0.03, real=0.02 secs] 
2016-09-24T00:44:21.895-0400: 19.181: [GC (GCLocker Initiated GC) [PSYoungGen: 174845K->74548K(187392K)] 589585K->525818K(711680K), 0.0147297 secs] [Times: user=0.19 sys=0.02, real=0.01 secs] 
2016-09-24T00:44:21.909-0400: 19.196: [Full GC (Ergonomics) [PSYoungGen: 74548K->0K(187392K)] [ParOldGen: 451270K->57132K(524288K)] 525818K->57132K(711680K), [Metaspace: 43704K->43704K(1085440K)], 0.1745886 secs] [Times: user=2.33 sys=0.07, real=0.18 secs] 
2016-09-24T00:44:22.218-0400: 19.504: [GC (GCLocker Initiated GC) [PSYoungGen: 112640K->74124K(162816K)] 170077K->180161K(687104K), 0.0111819 secs] [Times: user=0.15 sys=0.01, real=0.01 secs] 
2016-09-24T00:44:22.318-0400: 19.604: [GC (Allocation Failure) [PSYoungGen: 162188K->86798K(175104K)] 268491K->229551K(699392K), 0.0121747 secs] [Times: user=0.18 sys=0.00, real=0.01 secs] 
2016-09-24T00:44:22.451-0400: 19.737: [GC (Allocation Failure) [PSYoungGen: 174862K->86470K(175104K)] 317615K->259598K(699392K), 0.0103796 secs] [Times: user=0.16 sys=0.00, real=0.01 secs] 
2016-09-24T00:44:22.577-0400: 19.864: [GC (GCLocker Initiated GC) [PSYoungGen: 172335K->87029K(175104K)] 351538K->266249K(699392K), 0.0114092 secs] [Times: user=0.18 sys=0.00, real=0.01 secs] 
2016-09-24T00:44:22.703-0400: 19.989: [GC (GCLocker Initiated GC) [PSYoungGen: 175093K->86502K(175104K)] 354377K->314385K(699392K), 0.0116051 secs] [Times: user=0.17 sys=0.00, real=0.01 secs] 
2016-09-24T00:44:22.855-0400: 20.141: [GC (GCLocker Initiated GC) [PSYoungGen: 174566K->85790K(175104K)] 408611K->351093K(699392K), 0.0193727 secs] [Times: user=0.24 sys=0.00, real=0.02 secs] 
2016-09-24T00:44:23.014-0400: 20.300: [GC (Allocation Failure) [PSYoungGen: 173854K->85722K(175104K)] 452492K->401070K(699392K), 0.0111042 secs] [Times: user=0.17 sys=0.00, real=0.02 secs] 
2016-09-24T00:44:23.115-0400: 20.401: [GC (GCLocker Initiated GC) [PSYoungGen: 173786K->85722K(175104K)] 489135K->480134K(699392K), 0.0163338 secs] [Times: user=0.21 sys=0.01, real=0.01 secs] 
2016-09-24T00:44:23.278-0400: 20.565: [GC (GCLocker Initiated GC) [PSYoungGen: 173786K->73836K(175104K)] 568202K->504806K(699392K), 0.0105549 secs] [Times: user=0.15 sys=0.00, real=0.01 secs] 
2016-09-24T00:44:23.405-0400: 20.692: [GC (GCLocker Initiated GC) [PSYoungGen: 161900K->73444K(175104K)] 593108K->504959K(699392K), 0.0100644 secs] [Times: user=0.15 sys=0.01, real=0.01 secs] 
2016-09-24T00:44:23.523-0400: 20.810: [GC (Allocation Failure) [PSYoungGen: 161508K->73640K(175104K)] 599448K->511708K(699392K), 0.0101202 secs] [Times: user=0.14 sys=0.00, real=0.00 secs] 
2016-09-24T00:44:23.671-0400: 20.958: [Full GC (Ergonomics) [PSYoungGen: 156802K->0K(175104K)] [ParOldGen: 444142K->44884K(524288K)] 600945K->44884K(699392K), [Metaspace: 43741K->43741K(1087488K)], 0.0665316 secs] [Times: user=0.36 sys=0.02, real=0.07 secs] 
2016-09-24T00:44:23.842-0400: 21.129: [GC (GCLocker Initiated GC) [PSYoungGen: 88064K->86078K(175104K)] 133013K->179627K(699392K), 0.0114770 secs] [Times: user=0.16 sys=0.01, real=0.00 secs] 
2016-09-24T00:44:23.961-0400: 21.247: [GC (GCLocker Initiated GC) [PSYoungGen: 174142K->55447K(175104K)] 274065K->234909K(699392K), 0.0137103 secs] [Times: user=0.20 sys=0.00, real=0.02 secs] 
2016-09-24T00:44:24.084-0400: 21.370: [GC (Allocation Failure) [PSYoungGen: 143511K->85790K(175104K)] 323227K->271881K(699392K), 0.0110392 secs] [Times: user=0.13 sys=0.01, real=0.01 secs] 
2016-09-24T00:44:24.247-0400: 21.533: [GC (GCLocker Initiated GC) [PSYoungGen: 172291K->37222K(175104K)] 364457K->266129K(699392K), 0.0144868 secs] [Times: user=0.15 sys=0.00, real=0.01 secs] 
2016-09-24T00:44:24.389-0400: 21.675: [GC (GCLocker Initiated GC) [PSYoungGen: 125286K->85530K(175104K)] 354280K->314644K(699392K), 0.0159014 secs] [Times: user=0.18 sys=0.01, real=0.02 secs] 
2016-09-24T00:44:24.525-0400: 21.812: [GC (GCLocker Initiated GC) [PSYoungGen: 173594K->61622K(175104K)] 402839K->370017K(699392K), 0.0143322 secs] [Times: user=0.21 sys=0.02, real=0.01 secs] 
2016-09-24T00:44:24.630-0400: 21.917: [GC (GCLocker Initiated GC) [PSYoungGen: 149686K->85886K(175104K)] 458303K->437335K(699392K), 0.0120508 secs] [Times: user=0.18 sys=0.01, real=0.02 secs] 
2016-09-24T00:44:24.737-0400: 22.024: [GC (GCLocker Initiated GC) [PSYoungGen: 173950K->85886K(175104K)] 525738K->462321K(699392K), 0.0097608 secs] [Times: user=0.15 sys=0.01, real=0.01 secs] 
2016-09-24T00:44:24.875-0400: 22.162: [GC (GCLocker Initiated GC) [PSYoungGen: 173950K->85658K(175104K)] 550438K->504987K(699392K), 0.0104248 secs] [Times: user=0.16 sys=0.02, real=0.01 secs] 
2016-09-24T00:44:25.007-0400: 22.294: [GC (GCLocker Initiated GC) [PSYoungGen: 173722K->85986K(175104K)] 593284K->548224K(699392K), 0.0129273 secs] [Times: user=0.19 sys=0.01, real=0.01 secs] 
2016-09-24T00:44:25.020-0400: 22.307: [Full GC (Ergonomics) [PSYoungGen: 85986K->0K(175104K)] [ParOldGen: 462238K->51311K(524288K)] 548224K->51311K(699392K), [Metaspace: 43797K->43797K(1087488K)], 0.0435388 secs] [Times: user=0.39 sys=0.00, real=0.05 secs] 
2016-09-24T00:44:25.208-0400: 22.494: [GC (GCLocker Initiated GC) [PSYoungGen: 88064K->85854K(175104K)] 157816K->161689K(699392K), 0.0101358 secs] [Times: user=0.15 sys=0.00, real=0.01 secs] 
2016-09-24T00:44:25.325-0400: 22.612: [GC (GCLocker Initiated GC) [PSYoungGen: 173918K->49244K(175104K)] 249928K->155921K(699392K), 0.0150380 secs] [Times: user=0.13 sys=0.00, real=0.01 secs] 
2016-09-24T00:44:25.463-0400: 22.750: [GC (GCLocker Initiated GC) [PSYoungGen: 137308K->37226K(175104K)] 250690K->187334K(699392K), 0.0086792 secs] [Times: user=0.08 sys=0.00, real=0.00 secs] 
2016-09-24T00:44:25.608-0400: 22.894: [GC (GCLocker Initiated GC) [PSYoungGen: 125290K->73544K(175104K)] 293805K->242490K(699392K), 0.0116606 secs] [Times: user=0.15 sys=0.00, real=0.01 secs] 
2016-09-24T00:44:25.719-0400: 23.006: [GC (GCLocker Initiated GC) [PSYoungGen: 161608K->73704K(175104K)] 330591K->297694K(699392K), 0.0126556 secs] [Times: user=0.18 sys=0.01, real=0.01 secs] 
2016-09-24T00:44:25.854-0400: 23.140: [GC (GCLocker Initiated GC) [PSYoungGen: 161768K->37386K(175104K)] 398100K->310483K(699392K), 0.0100243 secs] [Times: user=0.12 sys=0.00, real=0.02 secs] 
2016-09-24T00:44:25.973-0400: 23.259: [GC (GCLocker Initiated GC) [PSYoungGen: 125450K->73704K(175104K)] 398685K->347450K(699392K), 0.0106737 secs] [Times: user=0.16 sys=0.00, real=0.02 secs] 
2016-09-24T00:44:26.110-0400: 23.397: [GC (Allocation Failure) [PSYoungGen: 161768K->73412K(175104K)] 435539K->365699K(699392K), 0.0119010 secs] [Times: user=0.15 sys=0.01, real=0.02 secs] 
2016-09-24T00:44:26.252-0400: 23.538: [GC (GCLocker Initiated GC) [PSYoungGen: 161476K->79615K(175104K)] 453769K->414577K(699392K), 0.0109079 secs] [Times: user=0.14 sys=0.02, real=0.02 secs] 
2016-09-24T00:44:26.352-0400: 23.639: [GC (GCLocker Initiated GC) [PSYoungGen: 167679K->85954K(175104K)] 502996K->427482K(699392K), 0.0085860 secs] [Times: user=0.13 sys=0.00, real=0.01 secs] 
2016-09-24T00:44:26.470-0400: 23.757: [GC (Allocation Failure) [PSYoungGen: 174018K->73608K(175104K)] 521819K->439909K(699392K), 0.0104022 secs] [Times: user=0.13 sys=0.00, real=0.01 secs] 
2016-09-24T00:44:26.602-0400: 23.889: [GC (GCLocker Initiated GC) [PSYoungGen: 161672K->73512K(175104K)] 527979K->476560K(699392K), 0.0102548 secs] [Times: user=0.11 sys=0.00, real=0.00 secs] 
2016-09-24T00:44:26.717-0400: 24.003: [GC (GCLocker Initiated GC) [PSYoungGen: 161576K->85954K(175104K)] 564980K->495553K(699392K), 0.0160033 secs] [Times: user=0.22 sys=0.00, real=0.01 secs] 
2016-09-24T00:44:26.872-0400: 24.158: [GC (GCLocker Initiated GC) [PSYoungGen: 174018K->55447K(175104K)] 589997K->526401K(699392K), 0.0105243 secs] [Times: user=0.14 sys=0.01, real=0.02 secs] 
2016-09-24T00:44:26.883-0400: 24.169: [Full GC (Ergonomics) [PSYoungGen: 55447K->0K(175104K)] [ParOldGen: 470953K->51421K(524288K)] 526401K->51421K(699392K), [Metaspace: 43843K->43843K(1087488K)], 0.0501127 secs] [Times: user=0.37 sys=0.00, real=0.04 secs] 
2016-09-24T00:44:27.034-0400: 24.320: [GC (GCLocker Initiated GC) [PSYoungGen: 88064K->86142K(175104K)] 139521K->161899K(699392K), 0.0099786 secs] [Times: user=0.16 sys=0.00, real=0.02 secs] 
2016-09-24T00:44:27.161-0400: 24.448: [GC (GCLocker Initiated GC) [PSYoungGen: 174206K->67633K(175104K)] 250206K->186698K(699392K), 0.0151492 secs] [Times: user=0.15 sys=0.00, real=0.02 secs] 
2016-09-24T00:44:27.306-0400: 24.593: [GC (GCLocker Initiated GC) [PSYoungGen: 155697K->73412K(175104K)] 281164K->217536K(699392K), 0.0109545 secs] [Times: user=0.12 sys=0.01, real=0.01 secs] 
2016-09-24T00:44:27.430-0400: 24.717: [GC (GCLocker Initiated GC) [PSYoungGen: 161476K->67601K(175104K)] 305904K->212149K(699392K), 0.0095292 secs] [Times: user=0.08 sys=0.00, real=0.01 secs] 
2016-09-24T00:44:27.562-0400: 24.848: [GC (Allocation Failure) [PSYoungGen: 155665K->61326K(175104K)] 306480K->230830K(699392K), 0.0085574 secs] [Times: user=0.09 sys=0.01, real=0.01 secs] 
2016-09-24T00:44:27.678-0400: 24.964: [GC (GCLocker Initiated GC) [PSYoungGen: 149390K->85598K(175104K)] 318900K->255203K(699392K), 0.0159183 secs] [Times: user=0.14 sys=0.01, real=0.01 secs] 
2016-09-24T00:44:32.791-0400: 30.078: [GC (GCLocker Initiated GC) [PSYoungGen: 173662K->18609K(175104K)] 355862K->213210K(699392K), 0.0166766 secs] [Times: user=0.16 sys=0.00, real=0.02 secs] 
2016-09-24T00:44:32.926-0400: 30.213: [GC (GCLocker Initiated GC) [PSYoungGen: 106673K->85434K(175104K)] 301372K->280245K(699392K), 0.0126935 secs] [Times: user=0.09 sys=0.01, real=0.01 secs] 
2016-09-24T00:44:33.057-0400: 30.344: [GC (Allocation Failure) [PSYoungGen: 173498K->37226K(175104K)] 374599K->299189K(699392K), 0.0180314 secs] [Times: user=0.19 sys=0.00, real=0.02 secs] 
2016-09-24T00:44:33.217-0400: 30.504: [GC (GCLocker Initiated GC) [PSYoungGen: 125240K->43169K(175104K)] 387460K->336195K(699392K), 0.0135942 secs] [Times: user=0.15 sys=0.01, real=0.01 secs] 
2016-09-24T00:44:33.344-0400: 30.630: [GC (GCLocker Initiated GC) [PSYoungGen: 131233K->85726K(175104K)] 424306K->439873K(699392K), 0.0167251 secs] [Times: user=0.24 sys=0.00, real=0.01 secs] 
2016-09-24T00:44:33.473-0400: 30.759: [GC (GCLocker Initiated GC) [PSYoungGen: 173790K->85790K(175104K)] 528208K->543823K(699392K), 0.0158098 secs] [Times: user=0.25 sys=0.01, real=0.02 secs] 
2016-09-24T00:44:33.489-0400: 30.775: [Full GC (Ergonomics) [PSYoungGen: 85790K->0K(175104K)] [ParOldGen: 458032K->51844K(524288K)] 543823K->51844K(699392K), [Metaspace: 43883K->43883K(1087488K)], 0.0583840 secs] [Times: user=0.45 sys=0.01, real=0.06 secs] 
2016-09-24T00:44:33.678-0400: 30.964: [GC (GCLocker Initiated GC) [PSYoungGen: 88064K->86014K(175104K)] 140275K->156450K(699392K), 0.0178786 secs] [Times: user=0.16 sys=0.02, real=0.02 secs] 
2016-09-24T00:44:33.814-0400: 31.101: [GC (GCLocker Initiated GC) [PSYoungGen: 174078K->85658K(175104K)] 244567K->253919K(699392K), 0.0153285 secs] [Times: user=0.22 sys=0.01, real=0.01 secs] 
2016-09-24T00:44:33.943-0400: 31.229: [GC (GCLocker Initiated GC) [PSYoungGen: 173722K->79911K(175104K)] 348100K->333431K(699392K), 0.0150943 secs] [Times: user=0.21 sys=0.00, real=0.01 secs] 
2016-09-24T00:44:34.074-0400: 31.361: [GC (GCLocker Initiated GC) [PSYoungGen: 167975K->85890K(175104K)] 421856K->382588K(699392K), 0.0214957 secs] [Times: user=0.26 sys=0.00, real=0.02 secs] 
2016-09-24T00:44:34.217-0400: 31.504: [GC (GCLocker Initiated GC) [PSYoungGen: 173954K->73576K(175104K)] 483051K->401025K(699392K), 0.0111637 secs] [Times: user=0.09 sys=0.00, real=0.01 secs] 
2016-09-24T00:44:34.357-0400: 31.644: [GC (GCLocker Initiated GC) [PSYoungGen: 161640K->49280K(175104K)] 489366K->413551K(699392K), 0.0119181 secs] [Times: user=0.08 sys=0.00, real=0.01 secs] 
2016-09-24T00:44:34.481-0400: 31.767: [GC (GCLocker Initiated GC) [PSYoungGen: 137344K->61458K(175104K)] 507844K->486941K(699392K), 0.0109822 secs] [Times: user=0.16 sys=0.01, real=0.01 secs] 
2016-09-24T00:44:34.492-0400: 31.779: [Full GC (Ergonomics) [PSYoungGen: 61458K->0K(175104K)] [ParOldGen: 425483K->51392K(524288K)] 486941K->51392K(699392K), [Metaspace: 43887K->43887K(1087488K)], 0.0457352 secs] [Times: user=0.27 sys=0.00, real=0.05 secs] 
2016-09-24T00:44:34.653-0400: 31.939: [GC (GCLocker Initiated GC) [PSYoungGen: 88064K->86210K(175104K)] 145892K->150113K(699392K), 0.0120709 secs] [Times: user=0.10 sys=0.00, real=0.02 secs] 
2016-09-24T00:44:34.793-0400: 32.080: [GC (Allocation Failure) [PSYoungGen: 174274K->49016K(175104K)] 244450K->192780K(699392K), 0.0176196 secs] [Times: user=0.16 sys=0.01, real=0.02 secs] 
2016-09-24T00:44:34.929-0400: 32.216: [GC (GCLocker Initiated GC) [PSYoungGen: 137080K->79615K(175104K)] 280850K->223528K(699392K), 0.0152425 secs] [Times: user=0.18 sys=0.00, real=0.02 secs] 
2016-09-24T00:44:35.077-0400: 32.364: [GC (GCLocker Initiated GC) [PSYoungGen: 167679K->43141K(175104K)] 323891K->217657K(699392K), 0.0107445 secs] [Times: user=0.12 sys=0.00, real=0.01 secs] 
2016-09-24T00:44:35.215-0400: 32.501: [GC (GCLocker Initiated GC) [PSYoungGen: 131205K->73380K(175104K)] 305925K->248392K(699392K), 0.0086946 secs] [Times: user=0.12 sys=0.00, real=0.01 secs] 
2016-09-24T00:44:35.334-0400: 32.620: [GC (GCLocker Initiated GC) [PSYoungGen: 161444K->74164K(175104K)] 336784K->267872K(699392K), 0.0097625 secs] [Times: user=0.14 sys=0.00, real=0.02 secs] 
2016-09-24T00:44:35.498-0400: 32.784: [GC (GCLocker Initiated GC) [PSYoungGen: 162228K->73736K(175104K)] 362065K->310346K(699392K), 0.0247512 secs] [Times: user=0.30 sys=0.01, real=0.03 secs] 
2016-09-24T00:44:35.611-0400: 32.897: [GC (GCLocker Initiated GC) [PSYoungGen: 161800K->67501K(175104K)] 398621K->322683K(699392K), 0.0127548 secs] [Times: user=0.15 sys=0.01, real=0.02 secs] 
2016-09-24T00:44:35.736-0400: 33.022: [GC (GCLocker Initiated GC) [PSYoungGen: 155565K->67533K(175104K)] 410828K->359365K(699392K), 0.0179493 secs] [Times: user=0.20 sys=0.01, real=0.01 secs] 
2016-09-24T00:44:35.867-0400: 33.153: [GC (GCLocker Initiated GC) [PSYoungGen: 155597K->43365K(175104K)] 459711K->390139K(699392K), 0.0100607 secs] [Times: user=0.09 sys=0.00, real=0.01 secs] 
2016-09-24T00:44:36.007-0400: 33.293: [GC (GCLocker Initiated GC) [PSYoungGen: 131429K->31086K(175104K)] 496498K->426798K(699392K), 0.0222805 secs] [Times: user=0.22 sys=0.01, real=0.02 secs] 
2016-09-24T00:44:36.119-0400: 33.405: [GC (GCLocker Initiated GC) [PSYoungGen: 119150K->73448K(175104K)] 515010K->481553K(699392K), 0.0115663 secs] [Times: user=0.10 sys=0.00, real=0.01 secs] 
2016-09-24T00:44:36.241-0400: 33.527: [GC (GCLocker Initiated GC) [PSYoungGen: 161512K->73612K(175104K)] 569978K->506489K(699392K), 0.0268088 secs] [Times: user=0.28 sys=0.00, real=0.03 secs] 
2016-09-24T00:44:36.394-0400: 33.680: [GC (GCLocker Initiated GC) [PSYoungGen: 161676K->49180K(175104K)] 594611K->537222K(699392K), 0.0118488 secs] [Times: user=0.11 sys=0.02, real=0.02 secs] 
2016-09-24T00:44:36.406-0400: 33.692: [Full GC (Ergonomics) [PSYoungGen: 49180K->0K(175104K)] [ParOldGen: 488042K->45744K(524288K)] 537222K->45744K(699392K), [Metaspace: 43910K->43910K(1087488K)], 0.0492525 secs] [Times: user=0.28 sys=0.01, real=0.05 secs] 
2016-09-24T00:44:36.596-0400: 33.883: [GC (GCLocker Initiated GC) [PSYoungGen: 88064K->55579K(175104K)] 146163K->113678K(699392K), 0.0235952 secs] [Times: user=0.19 sys=0.00, real=0.02 secs] 
2016-09-24T00:44:36.732-0400: 34.018: [GC (GCLocker Initiated GC) [PSYoungGen: 143643K->55287K(175104K)] 207819K->138204K(699392K), 0.0154729 secs] [Times: user=0.15 sys=0.00, real=0.02 secs] 
2016-09-24T00:44:36.871-0400: 34.157: [GC (GCLocker Initiated GC) [PSYoungGen: 143351K->61622K(175104K)] 226376K->181225K(699392K), 0.0234636 secs] [Times: user=0.23 sys=0.00, real=0.03 secs] 
2016-09-24T00:44:37.047-0400: 34.334: [GC (GCLocker Initiated GC) [PSYoungGen: 149686K->37094K(175104K)] 293933K->181616K(699392K), 0.0173725 secs] [Times: user=0.16 sys=0.00, real=0.02 secs] 
2016-09-24T00:44:37.195-0400: 34.482: [GC (GCLocker Initiated GC) [PSYoungGen: 125158K->61398K(175104K)] 269744K->206071K(699392K), 0.0200640 secs] [Times: user=0.20 sys=0.00, real=0.02 secs] 
2016-09-24T00:44:37.297-0400: 34.584: [GC (GCLocker Initiated GC) [PSYoungGen: 149462K->85986K(175104K)] 294184K->328388K(699392K), 0.0128060 secs] [Times: user=0.17 sys=0.01, real=0.01 secs] 
2016-09-24T00:44:37.417-0400: 34.704: [GC (GCLocker Initiated GC) [PSYoungGen: 174050K->86250K(175104K)] 416812K->372025K(699392K), 0.0226001 secs] [Times: user=0.30 sys=0.00, real=0.02 secs] 
2016-09-24T00:44:37.552-0400: 34.839: [GC (GCLocker Initiated GC) [PSYoungGen: 174314K->43105K(175104K)] 466429K->390491K(699392K), 0.0112929 secs] [Times: user=0.09 sys=0.00, real=0.02 secs] 
2016-09-24T00:44:37.662-0400: 34.949: [GC (GCLocker Initiated GC) [PSYoungGen: 131169K->61426K(175104K)] 484927K->452237K(699392K), 0.0332356 secs] [Times: user=0.38 sys=0.00, real=0.03 secs] 
2016-09-24T00:44:37.830-0400: 35.117: [GC (GCLocker Initiated GC) [PSYoungGen: 149490K->73640K(175104K)] 540574K->483256K(699392K), 0.0220318 secs] [Times: user=0.32 sys=0.00, real=0.02 secs] 
2016-09-24T00:44:37.932-0400: 35.219: [GC (GCLocker Initiated GC) [PSYoungGen: 161704K->85854K(175104K)] 571502K->544740K(699392K), 0.0125536 secs] [Times: user=0.19 sys=0.01, real=0.02 secs] 
2016-09-24T00:44:37.945-0400: 35.231: [Full GC (Ergonomics) [PSYoungGen: 85854K->0K(175104K)] [ParOldGen: 458885K->58118K(524288K)] 544740K->58118K(699392K), [Metaspace: 43967K->43967K(1087488K)], 0.0500189 secs] [Times: user=0.38 sys=0.00, real=0.05 secs] 
2016-09-24T00:44:38.099-0400: 35.386: [GC (GCLocker Initiated GC) [PSYoungGen: 88064K->80587K(175104K)] 146307K->138831K(699392K), 0.0103832 secs] [Times: user=0.09 sys=0.00, real=0.01 secs] 
2016-09-24T00:44:38.238-0400: 35.525: [GC (GCLocker Initiated GC) [PSYoungGen: 168651K->25171K(175104K)] 245284K->133148K(699392K), 0.0128407 secs] [Times: user=0.11 sys=0.00, real=0.01 secs] 
2016-09-24T00:44:38.400-0400: 35.687: [GC (GCLocker Initiated GC) [PSYoungGen: 113235K->18869K(175104K)] 221273K->127174K(699392K), 0.0057032 secs] [Times: user=0.04 sys=0.00, real=0.01 secs] 
2016-09-24T00:44:38.510-0400: 35.797: [GC (GCLocker Initiated GC) [PSYoungGen: 106933K->85890K(175104K)] 227514K->243212K(699392K), 0.0136926 secs] [Times: user=0.12 sys=0.00, real=0.02 secs] 
2016-09-24T00:44:38.652-0400: 35.938: [GC (GCLocker Initiated GC) [PSYoungGen: 173954K->37521K(175104K)] 349818K->268344K(699392K), 0.0098980 secs] [Times: user=0.09 sys=0.01, real=0.01 secs] 
2016-09-24T00:44:38.766-0400: 36.053: [GC (GCLocker Initiated GC) [PSYoungGen: 125585K->43205K(175104K)] 356505K->274360K(699392K), 0.0136550 secs] [Times: user=0.11 sys=0.00, real=0.01 secs] 
2016-09-24T00:44:38.898-0400: 36.185: [GC (GCLocker Initiated GC) [PSYoungGen: 131269K->42877K(175104K)] 362477K->304891K(699392K), 0.0097398 secs] [Times: user=0.07 sys=0.01, real=0.01 secs] 
2016-09-24T00:44:38.990-0400: 36.277: [GC (GCLocker Initiated GC) [PSYoungGen: 130941K->61594K(175104K)] 393082K->323806K(699392K), 0.0128874 secs] [Times: user=0.14 sys=0.00, real=0.02 secs] 
2016-09-24T00:44:39.103-0400: 36.389: [GC (GCLocker Initiated GC) [PSYoungGen: 149658K->73836K(175104K)] 412181K->397604K(699392K), 0.0185479 secs] [Times: user=0.23 sys=0.00, real=0.01 secs] 
2016-09-24T00:44:39.242-0400: 36.528: [GC (Allocation Failure) [PSYoungGen: 161900K->85822K(175104K)] 485945K->440518K(699392K), 0.0100320 secs] [Times: user=0.12 sys=0.01, real=0.01 secs] 
2016-09-24T00:44:39.347-0400: 36.633: [GC (GCLocker Initiated GC) [PSYoungGen: 173886K->67665K(175104K)] 528588K->440835K(699392K), 0.0207157 secs] [Times: user=0.21 sys=0.00, real=0.02 secs] 
2016-09-24T00:44:39.508-0400: 36.794: [GC (GCLocker Initiated GC) [PSYoungGen: 155729K->30955K(175104K)] 541354K->447230K(699392K), 0.0140598 secs] [Times: user=0.13 sys=0.01, real=0.01 secs] 
2016-09-24T00:44:39.647-0400: 36.933: [GC (GCLocker Initiated GC) [PSYoungGen: 119019K->55319K(175104K)] 542014K->478425K(699392K), 0.0230006 secs] [Times: user=0.27 sys=0.00, real=0.02 secs] 
2016-09-24T00:44:39.767-0400: 37.053: [GC (GCLocker Initiated GC) [PSYoungGen: 143383K->73968K(175104K)] 566778K->497670K(699392K), 0.0156364 secs] [Times: user=0.22 sys=0.00, real=0.02 secs] 
2016-09-24T00:44:39.882-0400: 37.169: [GC (Allocation Failure) [PSYoungGen: 162032K->85890K(175104K)] 585837K->552544K(699392K), 0.0190727 secs] [Times: user=0.26 sys=0.00, real=0.01 secs] 
2016-09-24T00:44:39.902-0400: 37.188: [Full GC (Ergonomics) [PSYoungGen: 85890K->0K(175104K)] [ParOldGen: 466654K->51929K(524288K)] 552544K->51929K(699392K), [Metaspace: 43972K->43972K(1087488K)], 0.0526140 secs] [Times: user=0.36 sys=0.01, real=0.06 secs] 
2016-09-24T00:44:40.090-0400: 37.377: [GC (GCLocker Initiated GC) [PSYoungGen: 84538K->73996K(175104K)] 142543K->132000K(699392K), 0.0060723 secs] [Times: user=0.06 sys=0.00, real=0.01 secs] 
2016-09-24T00:44:40.224-0400: 37.510: [GC (GCLocker Initiated GC) [PSYoungGen: 162060K->31086K(175104K)] 238516K->132350K(699392K), 0.0120381 secs] [Times: user=0.10 sys=0.00, real=0.01 secs] 
2016-09-24T00:44:40.345-0400: 37.632: [GC (GCLocker Initiated GC) [PSYoungGen: 119150K->73704K(175104K)] 220618K->175495K(699392K), 0.0270669 secs] [Times: user=0.34 sys=0.00, real=0.02 secs] 
2016-09-24T00:44:40.479-0400: 37.765: [GC (GCLocker Initiated GC) [PSYoungGen: 161768K->61686K(175104K)] 264292K->206886K(699392K), 0.0205866 secs] [Times: user=0.26 sys=0.00, real=0.02 secs] 
2016-09-24T00:44:40.618-0400: 37.904: [GC (GCLocker Initiated GC) [PSYoungGen: 149750K->55447K(175104K)] 307774K->232160K(699392K), 0.0098071 secs] [Times: user=0.15 sys=0.00, real=0.01 secs] 
2016-09-24T00:44:40.734-0400: 38.021: [GC (GCLocker Initiated GC) [PSYoungGen: 143511K->85822K(175104K)] 320282K->293292K(699392K), 0.0109652 secs] [Times: user=0.15 sys=0.00, real=0.01 secs] 
2016-09-24T00:44:40.865-0400: 38.151: [GC (GCLocker Initiated GC) [PSYoungGen: 173886K->61330K(175104K)] 381594K->311831K(699392K), 0.0264100 secs] [Times: user=0.28 sys=0.00, real=0.02 secs] 
2016-09-24T00:44:41.006-0400: 38.292: [GC (GCLocker Initiated GC) [PSYoungGen: 149394K->79979K(175104K)] 406124K->336976K(699392K), 0.0212860 secs] [Times: user=0.21 sys=0.01, real=0.02 secs] 
2016-09-24T00:44:41.151-0400: 38.438: [GC (GCLocker Initiated GC) [PSYoungGen: 168043K->55419K(175104K)] 431230K->367498K(699392K), 0.0088685 secs] [Times: user=0.09 sys=0.00, real=0.01 secs] 
2016-09-24T00:44:41.295-0400: 38.582: [GC (GCLocker Initiated GC) [PSYoungGen: 143483K->61298K(175104K)] 461986K->398458K(699392K), 0.0362042 secs] [Times: user=0.36 sys=0.00, real=0.03 secs] 
2016-09-24T00:44:41.447-0400: 38.734: [GC (GCLocker Initiated GC) [PSYoungGen: 149362K->37553K(175104K)] 498915K->387382K(699392K), 0.0145855 secs] [Times: user=0.15 sys=0.00, real=0.01 secs] 
2016-09-24T00:44:41.564-0400: 38.850: [GC (GCLocker Initiated GC) [PSYoungGen: 125617K->85758K(175104K)] 475555K->460279K(699392K), 0.0167302 secs] [Times: user=0.17 sys=0.01, real=0.01 secs] 
2016-09-24T00:44:41.690-0400: 38.977: [GC (Allocation Failure) [PSYoungGen: 173822K->55223K(175104K)] 548659K->496981K(699392K), 0.0106616 secs] [Times: user=0.09 sys=0.00, real=0.01 secs] 
2016-09-24T00:44:41.815-0400: 39.102: [Full GC (Ergonomics) [PSYoungGen: 140174K->0K(175104K)] [ParOldGen: 447833K->52360K(524288K)] 588007K->52360K(699392K), [Metaspace: 43986K->43986K(1087488K)], 0.0619020 secs] [Times: user=0.38 sys=0.03, real=0.06 secs] 
2016-09-24T00:44:42.011-0400: 39.297: [GC (GCLocker Initiated GC) [PSYoungGen: 88064K->73384K(175104K)] 147212K->132532K(699392K), 0.0202827 secs] [Times: user=0.17 sys=0.01, real=0.02 secs] 
2016-09-24T00:44:42.145-0400: 39.432: [GC (GCLocker Initiated GC) [PSYoungGen: 161448K->42973K(175104K)] 220666K->169463K(699392K), 0.0230484 secs] [Times: user=0.23 sys=0.00, real=0.02 secs] 
2016-09-24T00:44:42.274-0400: 39.561: [GC (GCLocker Initiated GC) [PSYoungGen: 131037K->61690K(175104K)] 257576K->243039K(699392K), 0.0173507 secs] [Times: user=0.12 sys=0.00, real=0.01 secs] 
2016-09-24T00:44:42.424-0400: 39.710: [GC (GCLocker Initiated GC) [PSYoungGen: 149754K->67601K(175104K)] 331212K->292039K(699392K), 0.0245842 secs] [Times: user=0.31 sys=0.00, real=0.02 secs] 
2016-09-24T00:44:42.546-0400: 39.833: [GC (Allocation Failure) [PSYoungGen: 155665K->85822K(175104K)] 380459K->317007K(699392K), 0.0100135 secs] [Times: user=0.12 sys=0.00, real=0.01 secs] 
2016-09-24T00:44:42.668-0400: 39.954: [GC (GCLocker Initiated GC) [PSYoungGen: 173886K->86018K(175104K)] 405071K->359864K(699392K), 0.0184452 secs] [Times: user=0.23 sys=0.01, real=0.02 secs] 
2016-09-24T00:44:42.814-0400: 40.100: [GC (GCLocker Initiated GC) [PSYoungGen: 174082K->61426K(175104K)] 454179K->372205K(699392K), 0.0179467 secs] [Times: user=0.22 sys=0.00, real=0.02 secs] 
2016-09-24T00:44:42.962-0400: 40.248: [GC (GCLocker Initiated GC) [PSYoungGen: 149490K->55287K(175104K)] 466452K->396653K(699392K), 0.0257567 secs] [Times: user=0.36 sys=0.00, real=0.03 secs] 
2016-09-24T00:44:43.088-0400: 40.374: [GC (GCLocker Initiated GC) [PSYoungGen: 143351K->55355K(175104K)] 485078K->433808K(699392K), 0.0104275 secs] [Times: user=0.10 sys=0.00, real=0.01 secs] 
2016-09-24T00:44:43.220-0400: 40.507: [GC (GCLocker Initiated GC) [PSYoungGen: 143419K->61266K(175104K)] 522162K->464545K(699392K), 0.0099626 secs] [Times: user=0.08 sys=0.01, real=0.01 secs] 
2016-09-24T00:44:43.341-0400: 40.628: [GC (GCLocker Initiated GC) [PSYoungGen: 149330K->86186K(175104K)] 552780K->495830K(699392K), 0.0095762 secs] [Times: user=0.11 sys=0.01, real=0.01 secs] 
2016-09-24T00:44:43.491-0400: 40.777: [GC (GCLocker Initiated GC) [PSYoungGen: 174250K->30663K(175104K)] 590106K->483205K(699392K), 0.0145495 secs] [Times: user=0.13 sys=0.00, real=0.02 secs] 
2016-09-24T00:44:43.645-0400: 40.932: [Full GC (Ergonomics) [PSYoungGen: 118727K->0K(175104K)] [ParOldGen: 458972K->40183K(524288K)] 577699K->40183K(699392K), [Metaspace: 44004K->44004K(1087488K)], 0.0773218 secs] [Times: user=0.38 sys=0.00, real=0.08 secs] 
2016-09-24T00:44:43.849-0400: 41.136: [GC (GCLocker Initiated GC) [PSYoungGen: 88064K->86274K(175104K)] 134576K->138862K(699392K), 0.0114786 secs] [Times: user=0.15 sys=0.00, real=0.01 secs] 
2016-09-24T00:44:43.960-0400: 41.246: [GC (GCLocker Initiated GC) [PSYoungGen: 174338K->73608K(175104K)] 226963K->211878K(699392K), 0.0145867 secs] [Times: user=0.24 sys=0.01, real=0.02 secs] 
2016-09-24T00:44:44.066-0400: 41.353: [GC (Allocation Failure) [PSYoungGen: 161672K->86050K(175104K)] 300023K->285475K(699392K), 0.0128881 secs] [Times: user=0.19 sys=0.01, real=0.01 secs] 
2016-09-24T00:44:44.196-0400: 41.483: [GC (GCLocker Initiated GC) [PSYoungGen: 170918K->55775K(175104K)] 376418K->285866K(699392K), 0.0102867 secs] [Times: user=0.09 sys=0.00, real=0.01 secs] 
2016-09-24T00:44:44.319-0400: 41.605: [GC (GCLocker Initiated GC) [PSYoungGen: 143839K->55191K(175104K)] 380306K->328383K(699392K), 0.0178384 secs] [Times: user=0.13 sys=0.01, real=0.02 secs] 
2016-09-24T00:44:44.453-0400: 41.740: [GC (GCLocker Initiated GC) [PSYoungGen: 143255K->61266K(175104K)] 422564K->340827K(699392K), 0.0100870 secs] [Times: user=0.06 sys=0.00, real=0.02 secs] 
2016-09-24T00:44:44.606-0400: 41.892: [GC (GCLocker Initiated GC) [PSYoungGen: 149330K->49148K(175104K)] 441099K->383718K(699392K), 0.0301374 secs] [Times: user=0.30 sys=0.00, real=0.03 secs] 
2016-09-24T00:44:44.739-0400: 42.025: [GC (GCLocker Initiated GC) [PSYoungGen: 137212K->85790K(175104K)] 471864K->457191K(699392K), 0.0173564 secs] [Times: user=0.21 sys=0.00, real=0.02 secs] 
2016-09-24T00:44:44.889-0400: 42.175: [GC (GCLocker Initiated GC) [PSYoungGen: 173854K->73444K(175104K)] 545314K->524187K(699392K), 0.0165380 secs] [Times: user=0.16 sys=0.01, real=0.02 secs] 
2016-09-24T00:44:44.905-0400: 42.192: [Full GC (Ergonomics) [PSYoungGen: 73444K->0K(175104K)] [ParOldGen: 450743K->46137K(524288K)] 524187K->46137K(699392K), [Metaspace: 44026K->44026K(1087488K)], 0.0672105 secs] [Times: user=0.41 sys=0.01, real=0.06 secs] 
2016-09-24T00:44:45.084-0400: 42.370: [GC (GCLocker Initiated GC) [PSYoungGen: 88064K->67469K(175104K)] 134260K->113665K(699392K), 0.0131508 secs] [Times: user=0.11 sys=0.00, real=0.01 secs] 
2016-09-24T00:44:45.189-0400: 42.475: [GC (GCLocker Initiated GC) [PSYoungGen: 155533K->55647K(175104K)] 201878K->175455K(699392K), 0.0232290 secs] [Times: user=0.24 sys=0.00, real=0.02 secs] 
2016-09-24T00:44:45.324-0400: 42.610: [GC (Allocation Failure) [PSYoungGen: 143711K->85890K(175104K)] 275705K->236385K(699392K), 0.0144847 secs] [Times: user=0.15 sys=0.00, real=0.01 secs] 
2016-09-24T00:44:45.445-0400: 42.731: [GC (GCLocker Initiated GC) [PSYoungGen: 173954K->55287K(175104K)] 324449K->278809K(699392K), 0.0181570 secs] [Times: user=0.21 sys=0.00, real=0.02 secs] 
2016-09-24T00:44:45.563-0400: 42.849: [GC (GCLocker Initiated GC) [PSYoungGen: 143351K->79783K(175104K)] 372990K->309706K(699392K), 0.0255841 secs] [Times: user=0.24 sys=0.00, real=0.02 secs] 
2016-09-24T00:44:45.688-0400: 42.974: [GC (GCLocker Initiated GC) [PSYoungGen: 167847K->24912K(175104K)] 403977K->328306K(699392K), 0.0195274 secs] [Times: user=0.20 sys=0.00, real=0.02 secs] 
2016-09-24T00:44:45.855-0400: 43.142: [GC (GCLocker Initiated GC) [PSYoungGen: 112976K->43137K(175104K)] 422532K->377277K(699392K), 0.0159465 secs] [Times: user=0.13 sys=0.01, real=0.01 secs] 
2016-09-24T00:44:45.989-0400: 43.276: [GC (GCLocker Initiated GC) [PSYoungGen: 131201K->61562K(175104K)] 465539K->396184K(699392K), 0.0179809 secs] [Times: user=0.15 sys=0.00, real=0.02 secs] 
2016-09-24T00:44:46.114-0400: 43.400: [GC (Allocation Failure) [PSYoungGen: 149626K->79587K(175104K)] 490538K->439147K(699392K), 0.0322580 secs] [Times: user=0.33 sys=0.01, real=0.04 secs] 
2016-09-24T00:44:46.267-0400: 43.553: [GC (GCLocker Initiated GC) [PSYoungGen: 167651K->73512K(175104K)] 527212K->469634K(699392K), 0.0121211 secs] [Times: user=0.13 sys=0.00, real=0.01 secs] 
2016-09-24T00:44:46.400-0400: 43.687: [GC (GCLocker Initiated GC) [PSYoungGen: 161576K->67441K(175104K)] 557701K->463646K(699392K), 0.0149768 secs] [Times: user=0.11 sys=0.00, real=0.02 secs] 
2016-09-24T00:44:46.532-0400: 43.819: [GC (GCLocker Initiated GC) [PSYoungGen: 155505K->73480K(175104K)] 557927K->506545K(699392K), 0.0392998 secs] [Times: user=0.44 sys=0.00, real=0.04 secs] 
2016-09-24T00:44:46.672-0400: 43.959: [Full GC (Ergonomics) [PSYoungGen: 161544K->0K(175104K)] [ParOldGen: 439712K->46748K(524288K)] 601257K->46748K(699392K), [Metaspace: 44081K->44081K(1087488K)], 0.0514914 secs] [Times: user=0.32 sys=0.02, real=0.06 secs] 
2016-09-24T00:44:46.824-0400: 44.110: [GC (GCLocker Initiated GC) [PSYoungGen: 88064K->86046K(175104K)] 141141K->157356K(699392K), 0.0315252 secs] [Times: user=0.39 sys=0.00, real=0.03 secs] 
2016-09-24T00:44:46.972-0400: 44.259: [GC (GCLocker Initiated GC) [PSYoungGen: 174110K->55483K(175104K)] 251643K->200389K(699392K), 0.0167749 secs] [Times: user=0.22 sys=0.00, real=0.02 secs] 
2016-09-24T00:44:47.094-0400: 44.380: [GC (GCLocker Initiated GC) [PSYoungGen: 143547K->55287K(175104K)] 288657K->218881K(699392K), 0.0126959 secs] [Times: user=0.13 sys=0.00, real=0.02 secs] 
2016-09-24T00:44:47.217-0400: 44.503: [GC (GCLocker Initiated GC) [PSYoungGen: 143351K->73804K(175104K)] 313191K->243944K(699392K), 0.0163924 secs] [Times: user=0.25 sys=0.02, real=0.01 secs] 
2016-09-24T00:44:47.346-0400: 44.632: [GC (Allocation Failure) [PSYoungGen: 161868K->67337K(175104K)] 338147K->262304K(699392K), 0.0096196 secs] [Times: user=0.15 sys=0.00, real=0.01 secs] 
2016-09-24T00:44:47.469-0400: 44.756: [GC (GCLocker Initiated GC) [PSYoungGen: 149455K->61949K(175104K)] 350498K->293479K(699392K), 0.0191368 secs] [Times: user=0.23 sys=0.00, real=0.02 secs] 
2016-09-24T00:44:47.611-0400: 44.897: [GC (GCLocker Initiated GC) [PSYoungGen: 150013K->61362K(175104K)] 381713K->329811K(699392K), 0.0091327 secs] [Times: user=0.10 sys=0.00, real=0.01 secs] 
2016-09-24T00:44:47.757-0400: 45.043: [GC (Allocation Failure) [PSYoungGen: 149426K->18840K(175104K)] 430039K->299534K(699392K), 0.0144991 secs] [Times: user=0.10 sys=0.02, real=0.01 secs] 
2016-09-24T00:44:47.872-0400: 45.159: [GC (GCLocker Initiated GC) [PSYoungGen: 106904K->61294K(175104K)] 387604K->342448K(699392K), 0.0069583 secs] [Times: user=0.06 sys=0.00, real=0.01 secs] 
2016-09-24T00:44:47.978-0400: 45.264: [GC (GCLocker Initiated GC) [PSYoungGen: 149358K->73968K(175104K)] 430553K->391764K(699392K), 0.0276881 secs] [Times: user=0.38 sys=0.00, real=0.03 secs] 
2016-09-24T00:44:48.127-0400: 45.414: [GC (GCLocker Initiated GC) [PSYoungGen: 162032K->61330K(175104K)] 480044K->404246K(699392K), 0.0147208 secs] [Times: user=0.17 sys=0.00, real=0.01 secs] 
2016-09-24T00:44:48.252-0400: 45.538: [GC (GCLocker Initiated GC) [PSYoungGen: 149394K->73512K(175104K)] 498635K->441089K(699392K), 0.0105706 secs] [Times: user=0.12 sys=0.01, real=0.02 secs] 
2016-09-24T00:44:48.393-0400: 45.679: [GC (Allocation Failure) [PSYoungGen: 161576K->36902K(175104K)] 529425K->435385K(699392K), 0.0204187 secs] [Times: user=0.23 sys=0.00, real=0.02 secs] 
2016-09-24T00:44:48.507-0400: 45.793: [GC (GCLocker Initiated GC) [PSYoungGen: 124966K->36998K(175104K)] 523455K->484346K(699392K), 0.0157107 secs] [Times: user=0.14 sys=0.00, real=0.02 secs] 
2016-09-24T00:44:48.659-0400: 45.945: [GC (GCLocker Initiated GC) [PSYoungGen: 125062K->79655K(175104K)] 572581K->533508K(699392K), 0.0217160 secs] [Times: user=0.18 sys=0.01, real=0.02 secs] 
2016-09-24T00:44:48.805-0400: 46.092: [Full GC (Ergonomics) [PSYoungGen: 167719K->0K(175104K)] [ParOldGen: 460037K->52369K(524288K)] 627756K->52369K(699392K), [Metaspace: 44113K->44113K(1087488K)], 0.0583701 secs] [Times: user=0.33 sys=0.01, real=0.06 secs] 
2016-09-24T00:44:48.974-0400: 46.261: [GC (GCLocker Initiated GC) [PSYoungGen: 88064K->67761K(175104K)] 140537K->120242K(699392K), 0.0304576 secs] [Times: user=0.30 sys=0.00, real=0.03 secs] 
2016-09-24T00:44:49.122-0400: 46.408: [GC (GCLocker Initiated GC) [PSYoungGen: 155825K->49080K(175104K)] 208433K->181366K(699392K), 0.0270032 secs] [Times: user=0.31 sys=0.01, real=0.03 secs] 
2016-09-24T00:44:49.246-0400: 46.533: [GC (GCLocker Initiated GC) [PSYoungGen: 137144K->55191K(175104K)] 281727K->242387K(699392K), 0.0180109 secs] [Times: user=0.17 sys=0.00, real=0.02 secs] 
2016-09-24T00:44:49.407-0400: 46.694: [GC (Allocation Failure) [PSYoungGen: 143255K->37094K(175104K)] 348869K->261225K(699392K), 0.0117719 secs] [Times: user=0.12 sys=0.00, real=0.01 secs] 
2016-09-24T00:44:49.420-0400: 46.706: [GC (GCLocker Initiated GC) [PSYoungGen: 37101K->32K(175104K)] 261233K->260959K(699392K), 0.0082562 secs] [Times: user=0.06 sys=0.00, real=0.01 secs] 
2016-09-24T00:44:49.561-0400: 46.848: [GC (GCLocker Initiated GC) [PSYoungGen: 88096K->85566K(175104K)] 349023K->358643K(699392K), 0.0329766 secs] [Times: user=0.33 sys=0.01, real=0.04 secs] 
2016-09-24T00:44:49.717-0400: 47.003: [GC (GCLocker Initiated GC) [PSYoungGen: 173630K->37222K(175104K)] 446732K->407807K(699392K), 0.0171704 secs] [Times: user=0.26 sys=0.00, real=0.02 secs] 
2016-09-24T00:44:49.823-0400: 47.109: [GC (GCLocker Initiated GC) [PSYoungGen: 125286K->73480K(175104K)] 495919K->462622K(699392K), 0.0101841 secs] [Times: user=0.12 sys=0.01, real=0.00 secs] 
2016-09-24T00:44:49.938-0400: 47.225: [GC (GCLocker Initiated GC) [PSYoungGen: 161544K->73676K(175104K)] 550778K->536110K(699392K), 0.0356120 secs] [Times: user=0.36 sys=0.00, real=0.03 secs] 
2016-09-24T00:44:49.974-0400: 47.260: [Full GC (Ergonomics) [PSYoungGen: 73676K->0K(175104K)] [ParOldGen: 462434K->59070K(524288K)] 536110K->59070K(699392K), [Metaspace: 44163K->44163K(1087488K)], 0.0448886 secs] [Times: user=0.25 sys=0.02, real=0.05 secs] 
2016-09-24T00:44:50.107-0400: 47.393: [GC (GCLocker Initiated GC) [PSYoungGen: 88064K->74096K(175104K)] 153429K->139462K(699392K), 0.0143587 secs] [Times: user=0.14 sys=0.00, real=0.01 secs] 
2016-09-24T00:44:50.234-0400: 47.521: [GC (Allocation Failure) [PSYoungGen: 162160K->49084K(175104K)] 227831K->151868K(699392K), 0.0132450 secs] [Times: user=0.11 sys=0.00, real=0.01 secs] 
2016-09-24T00:44:50.347-0400: 47.633: [GC (GCLocker Initiated GC) [PSYoungGen: 137088K->43105K(175104K)] 240129K->176780K(699392K), 0.0154625 secs] [Times: user=0.14 sys=0.01, real=0.02 secs] 
2016-09-24T00:44:50.473-0400: 47.760: [GC (GCLocker Initiated GC) [PSYoungGen: 131169K->86150K(175104K)] 265093K->256847K(699392K), 0.0135155 secs] [Times: user=0.16 sys=0.00, real=0.02 secs] 
2016-09-24T00:44:50.609-0400: 47.895: [GC (GCLocker Initiated GC) [PSYoungGen: 174214K->43073K(175104K)] 344964K->250681K(699392K), 0.0109692 secs] [Times: user=0.07 sys=0.01, real=0.01 secs] 
2016-09-24T00:44:50.736-0400: 48.023: [GC (GCLocker Initiated GC) [PSYoungGen: 131137K->55387K(175104K)] 338809K->281412K(699392K), 0.0230869 secs] [Times: user=0.21 sys=0.00, real=0.02 secs] 
2016-09-24T00:44:50.874-0400: 48.160: [GC (GCLocker Initiated GC) [PSYoungGen: 143451K->42877K(175104K)] 369769K->318375K(699392K), 0.0295832 secs] [Times: user=0.29 sys=0.00, real=0.04 secs] 
2016-09-24T00:44:51.021-0400: 48.307: [GC (GCLocker Initiated GC) [PSYoungGen: 130941K->55059K(175104K)] 413283K->355729K(699392K), 0.0146193 secs] [Times: user=0.11 sys=0.01, real=0.02 secs] 
2016-09-24T00:44:51.115-0400: 48.401: [GC (GCLocker Initiated GC) [PSYoungGen: 143123K->85758K(175104K)] 444030K->411125K(699392K), 0.0218839 secs] [Times: user=0.28 sys=0.01, real=0.02 secs] 
2016-09-24T00:44:51.261-0400: 48.547: [GC (GCLocker Initiated GC) [PSYoungGen: 173822K->55191K(175104K)] 505332K->423239K(699392K), 0.0181850 secs] [Times: user=0.14 sys=0.02, real=0.02 secs] 
2016-09-24T00:44:51.412-0400: 48.698: [GC (GCLocker Initiated GC) [PSYoungGen: 143255K->55223K(175104K)] 517581K->448034K(699392K), 0.0166285 secs] [Times: user=0.16 sys=0.00, real=0.02 secs] 
2016-09-24T00:44:51.528-0400: 48.814: [GC (GCLocker Initiated GC) [PSYoungGen: 143287K->55323K(175104K)] 542490K->491243K(699392K), 0.0110606 secs] [Times: user=0.09 sys=0.00, real=0.01 secs] 
2016-09-24T00:44:51.647-0400: 48.933: [GC (GCLocker Initiated GC) [PSYoungGen: 143387K->67437K(175104K)] 579472K->546331K(699392K), 0.0127159 secs] [Times: user=0.11 sys=0.00, real=0.01 secs] 
2016-09-24T00:44:51.659-0400: 48.946: [Full GC (Ergonomics) [PSYoungGen: 67437K->0K(175104K)] [ParOldGen: 478894K->52745K(524288K)] 546331K->52745K(699392K), [Metaspace: 44164K->44164K(1087488K)], 0.0524904 secs] [Times: user=0.24 sys=0.01, real=0.05 secs] 
2016-09-24T00:44:51.820-0400: 49.107: [GC (GCLocker Initiated GC) [PSYoungGen: 88064K->86402K(175104K)] 141170K->151658K(699392K), 0.0118632 secs] [Times: user=0.11 sys=0.01, real=0.01 secs] 
2016-09-24T00:44:51.936-0400: 49.222: [GC (GCLocker Initiated GC) [PSYoungGen: 174466K->79683K(175104K)] 245833K->206725K(699392K), 0.0126398 secs] [Times: user=0.18 sys=0.00, real=0.01 secs] 
2016-09-24T00:44:52.060-0400: 49.346: [GC (GCLocker Initiated GC) [PSYoungGen: 167747K->86118K(175104K)] 295044K->256067K(699392K), 0.0179788 secs] [Times: user=0.22 sys=0.00, real=0.02 secs] 
2016-09-24T00:44:52.205-0400: 49.492: [GC (GCLocker Initiated GC) [PSYoungGen: 174182K->73476K(175104K)] 350251K->304536K(699392K), 0.0119538 secs] [Times: user=0.16 sys=0.00, real=0.01 secs] 
2016-09-24T00:44:52.317-0400: 49.604: [GC (GCLocker Initiated GC) [PSYoungGen: 161540K->85826K(175104K)] 392719K->317124K(699392K), 0.0098102 secs] [Times: user=0.10 sys=0.00, real=0.01 secs] 
2016-09-24T00:44:52.453-0400: 49.739: [GC (GCLocker Initiated GC) [PSYoungGen: 173890K->55287K(175104K)] 411853K->329983K(699392K), 0.0099094 secs] [Times: user=0.09 sys=0.00, real=0.02 secs] 
2016-09-24T00:44:52.586-0400: 49.872: [GC (Allocation Failure) [PSYoungGen: 143351K->85758K(175104K)] 418274K->360956K(699392K), 0.0214459 secs] [Times: user=0.28 sys=0.00, real=0.02 secs] 
2016-09-24T00:44:52.727-0400: 50.013: [GC (GCLocker Initiated GC) [PSYoungGen: 173822K->73544K(175104K)] 449022K->397488K(699392K), 0.0119432 secs] [Times: user=0.16 sys=0.00, real=0.01 secs] 
2016-09-24T00:44:52.854-0400: 50.141: [GC (GCLocker Initiated GC) [PSYoungGen: 161608K->79751K(175104K)] 491909K->416410K(699392K), 0.0082086 secs] [Times: user=0.08 sys=0.00, real=0.01 secs] 
2016-09-24T00:44:52.988-0400: 50.275: [GC (GCLocker Initiated GC) [PSYoungGen: 167815K->55387K(175104K)] 504639K->435012K(699392K), 0.0200940 secs] [Times: user=0.20 sys=0.01, real=0.02 secs] 
2016-09-24T00:44:53.109-0400: 50.395: [GC (GCLocker Initiated GC) [PSYoungGen: 143451K->79555K(175104K)] 523437K->459808K(699392K), 0.0246598 secs] [Times: user=0.24 sys=0.00, real=0.02 secs] 
2016-09-24T00:44:53.251-0400: 50.537: [GC (GCLocker Initiated GC) [PSYoungGen: 167619K->85790K(175104K)] 547925K->508749K(699392K), 0.0140198 secs] [Times: user=0.21 sys=0.00, real=0.02 secs] 
2016-09-24T00:44:53.386-0400: 50.672: [GC (GCLocker Initiated GC) [PSYoungGen: 173854K->55579K(175104K)] 597090K->527559K(699392K), 0.0116629 secs] [Times: user=0.13 sys=0.00, real=0.01 secs] 
2016-09-24T00:44:53.398-0400: 50.684: [Full GC (Ergonomics) [PSYoungGen: 55579K->0K(175104K)] [ParOldGen: 471980K->46815K(524288K)] 527559K->46815K(699392K), [Metaspace: 44165K->44165K(1087488K)], 0.0571108 secs] [Times: user=0.39 sys=0.01, real=0.06 secs] 
2016-09-24T00:44:53.570-0400: 50.857: [GC (GCLocker Initiated GC) [PSYoungGen: 88064K->73644K(175104K)] 134885K->120465K(699392K), 0.0226980 secs] [Times: user=0.31 sys=0.00, real=0.02 secs] 
2016-09-24T00:44:53.722-0400: 51.009: [GC (GCLocker Initiated GC) [PSYoungGen: 161708K->73772K(175104K)] 214959K->139433K(699392K), 0.0141097 secs] [Times: user=0.14 sys=0.00, real=0.01 secs] 
2016-09-24T00:44:53.857-0400: 51.144: [GC (Allocation Failure) [PSYoungGen: 161836K->30955K(175104K)] 239991K->127610K(699392K), 0.0159211 secs] [Times: user=0.18 sys=0.00, real=0.01 secs] 
2016-09-24T00:44:53.992-0400: 51.279: [GC (GCLocker Initiated GC) [PSYoungGen: 119019K->73836K(175104K)] 215680K->170641K(699392K), 0.0076320 secs] [Times: user=0.11 sys=0.00, real=0.01 secs] 
2016-09-24T00:44:54.103-0400: 51.389: [GC (GCLocker Initiated GC) [PSYoungGen: 161900K->55187K(175104K)] 259374K->189418K(699392K), 0.0089339 secs] [Times: user=0.10 sys=0.00, real=0.00 secs] 
2016-09-24T00:44:54.223-0400: 51.509: [GC (GCLocker Initiated GC) [PSYoungGen: 143251K->55355K(175104K)] 283795K->208128K(699392K), 0.0239714 secs] [Times: user=0.24 sys=0.00, real=0.02 secs] 
2016-09-24T00:44:54.362-0400: 51.649: [GC (Allocation Failure) [PSYoungGen: 143419K->49244K(175104K)] 296368K->226965K(699392K), 0.0161937 secs] [Times: user=0.17 sys=0.01, real=0.01 secs] 
2016-09-24T00:44:54.489-0400: 51.776: [GC (GCLocker Initiated GC) [PSYoungGen: 133136K->43205K(175104K)] 316932K->251552K(699392K), 0.0100128 secs] [Times: user=0.06 sys=0.00, real=0.01 secs] 
2016-09-24T00:44:54.631-0400: 51.917: [GC (GCLocker Initiated GC) [PSYoungGen: 131269K->79587K(175104K)] 339955K->288689K(699392K), 0.0314106 secs] [Times: user=0.35 sys=0.00, real=0.04 secs] 
2016-09-24T00:44:54.772-0400: 52.058: [GC (GCLocker Initiated GC) [PSYoungGen: 167651K->43429K(175104K)] 376761K->289124K(699392K), 0.0315295 secs] [Times: user=0.37 sys=0.00, real=0.04 secs] 
2016-09-24T00:44:54.901-0400: 52.188: [GC (GCLocker Initiated GC) [PSYoungGen: 131493K->74100K(175104K)] 383579K->344562K(699392K), 0.0086752 secs] [Times: user=0.11 sys=0.00, real=0.01 secs] 
2016-09-24T00:44:55.045-0400: 52.331: [GC (GCLocker Initiated GC) [PSYoungGen: 162164K->37158K(175104K)] 450977K->344643K(699392K), 0.0067150 secs] [Times: user=0.06 sys=0.00, real=0.00 secs] 
2016-09-24T00:44:55.210-0400: 52.497: [GC (GCLocker Initiated GC) [PSYoungGen: 125222K->55383K(175104K)] 439020K->369448K(699392K), 0.0210626 secs] [Times: user=0.25 sys=0.00, real=0.02 secs] 
2016-09-24T00:44:55.332-0400: 52.618: [GC (GCLocker Initiated GC) [PSYoungGen: 143447K->85530K(175104K)] 457761K->406202K(699392K), 0.0231660 secs] [Times: user=0.22 sys=0.00, real=0.03 secs] 
2016-09-24T00:44:55.455-0400: 52.742: [GC (GCLocker Initiated GC) [PSYoungGen: 173594K->79555K(175104K)] 494526K->424899K(699392K), 0.0218782 secs] [Times: user=0.25 sys=0.00, real=0.02 secs] 
2016-09-24T00:44:55.607-0400: 52.894: [GC (Allocation Failure) [PSYoungGen: 167619K->73480K(175104K)] 519281K->425401K(699392K), 0.0100333 secs] [Times: user=0.08 sys=0.00, real=0.01 secs] 
2016-09-24T00:44:55.728-0400: 53.015: [GC (GCLocker Initiated GC) [PSYoungGen: 157111K->36902K(175104K)] 515108K->413211K(699392K), 0.0302598 secs] [Times: user=0.26 sys=0.01, real=0.03 secs] 
2016-09-24T00:44:55.861-0400: 53.147: [GC (GCLocker Initiated GC) [PSYoungGen: 124966K->61330K(175104K)] 501641K->468484K(699392K), 0.0104563 secs] [Times: user=0.07 sys=0.01, real=0.01 secs] 
2016-09-24T00:44:55.973-0400: 53.259: [GC (GCLocker Initiated GC) [PSYoungGen: 149394K->61626K(175104K)] 556701K->475268K(699392K), 0.0082454 secs] [Times: user=0.07 sys=0.01, real=0.01 secs] 
2016-09-24T00:44:56.086-0400: 53.373: [GC (Allocation Failure) [PSYoungGen: 149690K->55775K(175104K)] 575608K->482156K(699392K), 0.0173684 secs] [Times: user=0.20 sys=0.00, real=0.02 secs] 
2016-09-24T00:44:56.248-0400: 53.535: [GC (GCLocker Initiated GC) [PSYoungGen: 143297K->73512K(175104K)] 575754K->518386K(699392K), 0.0213331 secs] [Times: user=0.21 sys=0.00, real=0.02 secs] 
2016-09-24T00:44:56.378-0400: 53.664: [GC (GCLocker Initiated GC) [PSYoungGen: 161576K->67505K(175104K)] 606671K->512875K(699392K), 0.0261832 secs] [Times: user=0.26 sys=0.00, real=0.03 secs] 
2016-09-24T00:44:56.518-0400: 53.805: [GC (Allocation Failure) [PSYoungGen: 155569K->24752K(175104K)] 600992K->507024K(699392K), 0.0311100 secs] [Times: user=0.30 sys=0.00, real=0.03 secs] 
2016-09-24T00:44:56.550-0400: 53.836: [Full GC (Ergonomics) [PSYoungGen: 24752K->0K(175104K)] [ParOldGen: 482272K->46918K(524288K)] 507024K->46918K(699392K), [Metaspace: 44170K->44170K(1087488K)], 0.0475802 secs] [Times: user=0.28 sys=0.00, real=0.05 secs] 
2016-09-24T00:44:56.683-0400: 53.969: [GC (GCLocker Initiated GC) [PSYoungGen: 88064K->86046K(175104K)] 134988K->145120K(699392K), 0.0111435 secs] [Times: user=0.15 sys=0.00, real=0.00 secs] 
2016-09-24T00:44:56.806-0400: 54.092: [GC (GCLocker Initiated GC) [PSYoungGen: 174110K->85854K(175104K)] 233388K->176078K(699392K), 0.0110508 secs] [Times: user=0.16 sys=0.00, real=0.01 secs] 
2016-09-24T00:44:56.921-0400: 54.207: [GC (GCLocker Initiated GC) [PSYoungGen: 173918K->55187K(175104K)] 264481K->182468K(699392K), 0.0278737 secs] [Times: user=0.28 sys=0.00, real=0.03 secs] 
2016-09-24T00:44:57.057-0400: 54.343: [GC (GCLocker Initiated GC) [PSYoungGen: 143251K->61462K(175104K)] 270769K->219427K(699392K), 0.0114586 secs] [Times: user=0.08 sys=0.00, real=0.01 secs] 
2016-09-24T00:44:57.205-0400: 54.491: [GC (GCLocker Initiated GC) [PSYoungGen: 149526K->37386K(175104K)] 319678K->226210K(699392K), 0.0083917 secs] [Times: user=0.12 sys=0.00, real=0.00 secs] 
2016-09-24T00:44:57.349-0400: 54.635: [GC (Allocation Failure) [PSYoungGen: 125450K->55383K(175104K)] 320693K->269487K(699392K), 0.0081819 secs] [Times: user=0.11 sys=0.00, real=0.01 secs] 
2016-09-24T00:44:57.473-0400: 54.759: [GC (GCLocker Initiated GC) [PSYoungGen: 139545K->73544K(175104K)] 359724K->312051K(699392K), 0.0224110 secs] [Times: user=0.28 sys=0.00, real=0.03 secs] 
2016-09-24T00:44:57.609-0400: 54.895: [GC (GCLocker Initiated GC) [PSYoungGen: 161608K->55643K(175104K)] 400308K->330936K(699392K), 0.0172722 secs] [Times: user=0.20 sys=0.00, real=0.02 secs] 
2016-09-24T00:44:57.738-0400: 55.025: [GC (GCLocker Initiated GC) [PSYoungGen: 143704K->55842K(175104K)] 419370K->350173K(699392K), 0.0085907 secs] [Times: user=0.07 sys=0.01, real=0.01 secs] 
2016-09-24T00:44:57.843-0400: 55.130: [GC (GCLocker Initiated GC) [PSYoungGen: 143906K->67469K(175104K)] 444476K->423325K(699392K), 0.0106214 secs] [Times: user=0.12 sys=0.00, real=0.00 secs] 
2016-09-24T00:44:57.955-0400: 55.242: [GC (GCLocker Initiated GC) [PSYoungGen: 155533K->85726K(175104K)] 511465K->453920K(699392K), 0.0101154 secs] [Times: user=0.09 sys=0.00, real=0.01 secs] 
2016-09-24T00:44:58.074-0400: 55.360: [GC (GCLocker Initiated GC) [PSYoungGen: 173790K->55323K(175104K)] 542093K->466426K(699392K), 0.0291615 secs] [Times: user=0.29 sys=0.00, real=0.04 secs] 
2016-09-24T00:44:58.238-0400: 55.524: [GC (GCLocker Initiated GC) [PSYoungGen: 143387K->36802K(175104K)] 561238K->497594K(699392K), 0.0165054 secs] [Times: user=0.16 sys=0.01, real=0.02 secs] 
2016-09-24T00:44:58.254-0400: 55.541: [Full GC (Ergonomics) [PSYoungGen: 36802K->0K(175104K)] [ParOldGen: 460792K->53356K(524288K)] 497594K->53356K(699392K), [Metaspace: 44173K->44173K(1087488K)], 0.0518701 secs] [Times: user=0.32 sys=0.00, real=0.05 secs] 
2016-09-24T00:44:58.416-0400: 55.702: [GC (GCLocker Initiated GC) [PSYoungGen: 88064K->85822K(175104K)] 141776K->182059K(699392K), 0.0158505 secs] [Times: user=0.20 sys=0.00, real=0.01 secs] 
2016-09-24T00:44:58.561-0400: 55.847: [GC (GCLocker Initiated GC) [PSYoungGen: 173886K->36898K(175104K)] 276201K->194328K(699392K), 0.0163524 secs] [Times: user=0.16 sys=0.01, real=0.02 secs] 
2016-09-24T00:44:58.693-0400: 55.979: [GC (GCLocker Initiated GC) [PSYoungGen: 124962K->73740K(175104K)] 288643K->237516K(699392K), 0.0260835 secs] [Times: user=0.28 sys=0.00, real=0.03 secs] 
2016-09-24T00:44:58.861-0400: 56.148: [GC (GCLocker Initiated GC) [PSYoungGen: 161804K->73608K(175104K)] 325734K->249963K(699392K), 0.0096637 secs] [Times: user=0.08 sys=0.01, real=0.01 secs] 
2016-09-24T00:44:59.009-0400: 56.295: [GC (GCLocker Initiated GC) [PSYoungGen: 161672K->43269K(175104K)] 350382K->274591K(699392K), 0.0147703 secs] [Times: user=0.15 sys=0.00, real=0.02 secs] 
2016-09-24T00:44:59.136-0400: 56.423: [GC (GCLocker Initiated GC) [PSYoungGen: 131333K->61554K(175104K)] 362865K->311742K(699392K), 0.0175361 secs] [Times: user=0.15 sys=0.01, real=0.01 secs] 
2016-09-24T00:44:59.272-0400: 56.558: [GC (GCLocker Initiated GC) [PSYoungGen: 149618K->61590K(175104K)] 399954K->342668K(699392K), 0.0190805 secs] [Times: user=0.17 sys=0.01, real=0.02 secs] 
2016-09-24T00:44:59.430-0400: 56.716: [GC (GCLocker Initiated GC) [PSYoungGen: 149654K->61362K(175104K)] 437168K->367385K(699392K), 0.0128631 secs] [Times: user=0.13 sys=0.00, real=0.02 secs] 
2016-09-24T00:44:59.580-0400: 56.866: [GC (Allocation Failure) [PSYoungGen: 149426K->67209K(175104K)] 455558K->373444K(699392K), 0.0087725 secs] [Times: user=0.09 sys=0.00, real=0.01 secs] 
2016-09-24T00:44:59.675-0400: 56.962: [GC (GCLocker Initiated GC) [PSYoungGen: 155273K->43137K(175104K)] 461519K->428462K(699392K), 0.0146164 secs] [Times: user=0.14 sys=0.00, real=0.01 secs] 
2016-09-24T00:44:59.813-0400: 57.099: [GC (GCLocker Initiated GC) [PSYoungGen: 131201K->55714K(175104K)] 522923K->483998K(699392K), 0.0098971 secs] [Times: user=0.09 sys=0.00, real=0.02 secs] 
2016-09-24T00:44:59.921-0400: 57.207: [GC (GCLocker Initiated GC) [PSYoungGen: 143778K->55415K(175104K)] 578184K->526726K(699392K), 0.0112168 secs] [Times: user=0.14 sys=0.00, real=0.01 secs] 
2016-09-24T00:44:59.932-0400: 57.219: [Full GC (Ergonomics) [PSYoungGen: 55415K->0K(175104K)] [ParOldGen: 471311K->53347K(524288K)] 526726K->53347K(699392K), [Metaspace: 44173K->44173K(1087488K)], 0.0490505 secs] [Times: user=0.33 sys=0.00, real=0.05 secs] 
2016-09-24T00:45:00.135-0400: 57.422: [GC (GCLocker Initiated GC) [PSYoungGen: 88064K->55803K(172032K)] 154224K->121963K(696320K), 0.0146660 secs] [Times: user=0.15 sys=0.00, real=0.01 secs] 
2016-09-24T00:45:00.260-0400: 57.546: [GC (GCLocker Initiated GC) [PSYoungGen: 143867K->61070K(173568K)] 216312K->152247K(697856K), 0.0160859 secs] [Times: user=0.14 sys=0.00, real=0.02 secs] 
2016-09-24T00:45:00.390-0400: 57.677: [GC (Allocation Failure) [PSYoungGen: 149134K->61690K(174080K)] 240498K->189624K(698368K), 0.0192657 secs] [Times: user=0.20 sys=0.01, real=0.02 secs] 
2016-09-24T00:45:00.519-0400: 57.805: [GC (GCLocker Initiated GC) [PSYoungGen: 153788K->73480K(175104K)] 287798K->226341K(699392K), 0.0161249 secs] [Times: user=0.15 sys=0.00, real=0.02 secs] 
2016-09-24T00:45:00.657-0400: 57.943: [GC (GCLocker Initiated GC) [PSYoungGen: 166664K->73476K(173056K)] 325682K->250831K(697344K), 0.0136954 secs] [Times: user=0.15 sys=0.00, real=0.01 secs] 
2016-09-24T00:45:00.807-0400: 58.093: [GC (GCLocker Initiated GC) [PSYoungGen: 161540K->55515K(175104K)] 351384K->294110K(699392K), 0.0231003 secs] [Times: user=0.28 sys=0.00, real=0.02 secs] 
2016-09-24T00:45:00.933-0400: 58.219: [GC (GCLocker Initiated GC) [PSYoungGen: 143579K->85690K(174080K)] 382240K->348958K(698368K), 0.0093013 secs] [Times: user=0.13 sys=0.01, real=0.01 secs] 
2016-09-24T00:45:01.049-0400: 58.335: [GC (GCLocker Initiated GC) [PSYoungGen: 173754K->73772K(175104K)] 437187K->404158K(699392K), 0.0181682 secs] [Times: user=0.21 sys=0.00, real=0.02 secs] 
2016-09-24T00:45:01.147-0400: 58.434: [GC (GCLocker Initiated GC) [PSYoungGen: 161836K->85986K(175104K)] 492561K->435588K(699392K), 0.0122069 secs] [Times: user=0.16 sys=0.00, real=0.01 secs] 
2016-09-24T00:45:01.255-0400: 58.541: [GC (Allocation Failure) [PSYoungGen: 174050K->86182K(175104K)] 524007K->484883K(699392K), 0.0127726 secs] [Times: user=0.20 sys=0.00, real=0.01 secs] 
2016-09-24T00:45:01.395-0400: 58.682: [GC (GCLocker Initiated GC) [PSYoungGen: 171678K->37094K(175104K)] 576454K->460386K(699392K), 0.0119705 secs] [Times: user=0.15 sys=0.00, real=0.01 secs] 
2016-09-24T00:45:01.536-0400: 58.823: [GC (GCLocker Initiated GC) [PSYoungGen: 125158K->37030K(175104K)] 548469K->460616K(699392K), 0.0060991 secs] [Times: user=0.07 sys=0.00, real=0.01 secs] 
2016-09-24T00:45:01.687-0400: 58.974: [Full GC (Ergonomics) [PSYoungGen: 125094K->0K(175104K)] [ParOldGen: 448191K->51925K(524288K)] 573285K->51925K(699392K), [Metaspace: 44210K->44210K(1087488K)], 0.0504185 secs] [Times: user=0.30 sys=0.01, real=0.05 secs] 
2016-09-24T00:45:01.846-0400: 59.133: [GC (GCLocker Initiated GC) [PSYoungGen: 88064K->73672K(175104K)] 139995K->125603K(699392K), 0.0069605 secs] [Times: user=0.09 sys=0.01, real=0.00 secs] 
2016-09-24T00:45:01.961-0400: 59.247: [GC (Allocation Failure) [PSYoungGen: 161736K->73804K(175104K)] 213698K->162547K(699392K), 0.0109721 secs] [Times: user=0.18 sys=0.00, real=0.01 secs] 
2016-09-24T00:45:02.067-0400: 59.354: [GC (GCLocker Initiated GC) [PSYoungGen: 161795K->86018K(175104K)] 256614K->224005K(699392K), 0.0128458 secs] [Times: user=0.20 sys=0.00, real=0.01 secs] 
2016-09-24T00:45:02.190-0400: 59.477: [GC (Allocation Failure) [PSYoungGen: 174082K->73836K(175104K)] 318319K->236614K(699392K), 0.0111558 secs] [Times: user=0.17 sys=0.00, real=0.01 secs] 
2016-09-24T00:45:02.303-0400: 59.589: [GC (GCLocker Initiated GC) [PSYoungGen: 161900K->74032K(175104K)] 324679K->273560K(699392K), 0.0121668 secs] [Times: user=0.20 sys=0.01, real=0.01 secs] 
2016-09-24T00:45:02.441-0400: 59.727: [GC (GCLocker Initiated GC) [PSYoungGen: 162096K->73804K(175104K)] 367898K->298130K(699392K), 0.0108588 secs] [Times: user=0.16 sys=0.00, real=0.01 secs] 
2016-09-24T00:45:02.569-0400: 59.855: [GC (Allocation Failure) [PSYoungGen: 161868K->37649K(175104K)] 386303K->310860K(699392K), 0.0108325 secs] [Times: user=0.14 sys=0.00, real=0.01 secs] 
2016-09-24T00:45:02.670-0400: 59.956: [GC (GCLocker Initiated GC) [PSYoungGen: 123605K->85854K(175104K)] 402891K->408168K(699392K), 0.0140909 secs] [Times: user=0.22 sys=0.00, real=0.02 secs] 
2016-09-24T00:45:02.811-0400: 60.097: [GC (GCLocker Initiated GC) [PSYoungGen: 173918K->86118K(175104K)] 502360K->463460K(699392K), 0.0120695 secs] [Times: user=0.20 sys=0.00, real=0.02 secs] 
2016-09-24T00:45:02.943-0400: 60.230: [GC (Allocation Failure) [PSYoungGen: 174182K->37026K(175104K)] 558214K->482140K(699392K), 0.0103801 secs] [Times: user=0.18 sys=0.01, real=0.00 secs] 
2016-09-24T00:45:02.954-0400: 60.240: [Full GC (Ergonomics) [PSYoungGen: 37026K->0K(175104K)] [ParOldGen: 445114K->33279K(524288K)] 482140K->33279K(699392K), [Metaspace: 44225K->44225K(1087488K)], 0.0929193 secs] [Times: user=1.19 sys=0.00, real=0.10 secs] 
2016-09-24T00:45:03.142-0400: 60.428: [GC (GCLocker Initiated GC) [PSYoungGen: 85505K->73508K(175104K)] 124860K->112862K(699392K), 0.0096461 secs] [Times: user=0.13 sys=0.00, real=0.01 secs] 
2016-09-24T00:45:03.256-0400: 60.543: [GC (GCLocker Initiated GC) [PSYoungGen: 161572K->86118K(175104K)] 201113K->150111K(699392K), 0.0100731 secs] [Times: user=0.14 sys=0.00, real=0.01 secs] 
2016-09-24T00:45:03.402-0400: 60.688: [GC (GCLocker Initiated GC) [PSYoungGen: 174182K->61490K(175104K)] 250373K->156181K(699392K), 0.0095818 secs] [Times: user=0.11 sys=0.00, real=0.01 secs] 
2016-09-24T00:45:03.518-0400: 60.804: [GC (GCLocker Initiated GC) [PSYoungGen: 149554K->67337K(175104K)] 250469K->229153K(699392K), 0.0123494 secs] [Times: user=0.19 sys=0.00, real=0.01 secs] 
2016-09-24T00:45:03.650-0400: 60.937: [GC (GCLocker Initiated GC) [PSYoungGen: 155401K->61326K(175104K)] 318006K->284825K(699392K), 0.0147363 secs] [Times: user=0.15 sys=0.01, real=0.02 secs] 
2016-09-24T00:45:03.758-0400: 61.045: [GC (Allocation Failure) [PSYoungGen: 149390K->61426K(175104K)] 372941K->303314K(699392K), 0.0106266 secs] [Times: user=0.13 sys=0.01, real=0.01 secs] 
2016-09-24T00:45:03.769-0400: 61.056: [GC (GCLocker Initiated GC) [PSYoungGen: 61583K->160K(175104K)] 303471K->315472K(699392K), 0.0079673 secs] [Times: user=0.12 sys=0.00, real=0.01 secs] 
2016-09-24T00:45:03.868-0400: 61.155: [GC (GCLocker Initiated GC) [PSYoungGen: 88220K->86858K(175104K)] 403539K->426508K(699392K), 0.0125164 secs] [Times: user=0.20 sys=0.01, real=0.01 secs] 
2016-09-24T00:45:03.998-0400: 61.285: [GC (Allocation Failure) [PSYoungGen: 174922K->73744K(175104K)] 520913K->420678K(699392K), 0.0173260 secs] [Times: user=0.14 sys=0.00, real=0.02 secs] 
2016-09-24T00:45:04.126-0400: 61.413: [GC (GCLocker Initiated GC) [PSYoungGen: 157962K->55807K(175104K)] 510972K->445582K(699392K), 0.0112388 secs] [Times: user=0.16 sys=0.01, real=0.01 secs] 
2016-09-24T00:45:04.252-0400: 61.538: [GC (GCLocker Initiated GC) [PSYoungGen: 143871K->85758K(175104K)] 533789K->506187K(699392K), 0.0121619 secs] [Times: user=0.19 sys=0.00, real=0.02 secs] 
2016-09-24T00:45:04.377-0400: 61.664: [GC (Allocation Failure) [PSYoungGen: 173822K->73672K(175104K)] 594314K->543056K(699392K), 0.0269714 secs] [Times: user=0.40 sys=0.00, real=0.03 secs] 
2016-09-24T00:45:04.404-0400: 61.691: [Full GC (Ergonomics) [PSYoungGen: 73672K->0K(175104K)] [ParOldGen: 469384K->45745K(524288K)] 543056K->45745K(699392K), [Metaspace: 44229K->44229K(1087488K)], 0.0517425 secs] [Times: user=0.41 sys=0.00, real=0.05 secs] 
2016-09-24T00:45:04.579-0400: 61.866: [GC (GCLocker Initiated GC) [PSYoungGen: 83177K->74028K(175104K)] 134997K->125848K(699392K), 0.0078590 secs] [Times: user=0.11 sys=0.00, real=0.01 secs] 
2016-09-24T00:45:04.707-0400: 61.994: [GC (GCLocker Initiated GC) [PSYoungGen: 162092K->43005K(175104K)] 220041K->138107K(699392K), 0.0129545 secs] [Times: user=0.15 sys=0.01, real=0.01 secs] 
2016-09-24T00:45:04.843-0400: 62.130: [GC (GCLocker Initiated GC) [PSYoungGen: 131069K->55483K(175104K)] 232257K->193249K(699392K), 0.0226117 secs] [Times: user=0.28 sys=0.00, real=0.02 secs] 
2016-09-24T00:45:05.013-0400: 62.299: [GC (Allocation Failure) [PSYoungGen: 143547K->55579K(175104K)] 287541K->218441K(699392K), 0.0104307 secs] [Times: user=0.11 sys=0.00, real=0.02 secs] 
2016-09-24T00:45:05.122-0400: 62.409: [GC (GCLocker Initiated GC) [PSYoungGen: 143643K->85854K(175104K)] 306505K->273144K(699392K), 0.0120084 secs] [Times: user=0.18 sys=0.00, real=0.01 secs] 
2016-09-24T00:45:05.260-0400: 62.546: [GC (GCLocker Initiated GC) [PSYoungGen: 173918K->79911K(175104K)] 367392K->328227K(699392K), 0.0126642 secs] [Times: user=0.21 sys=0.00, real=0.01 secs] 
2016-09-24T00:45:05.403-0400: 62.689: [GC (GCLocker Initiated GC) [PSYoungGen: 167975K->37222K(175104K)] 434857K->346929K(699392K), 0.0104317 secs] [Times: user=0.11 sys=0.00, real=0.00 secs] 
2016-09-24T00:45:05.528-0400: 62.814: [GC (GCLocker Initiated GC) [PSYoungGen: 125286K->79715K(175104K)] 447353K->420298K(699392K), 0.0117927 secs] [Times: user=0.15 sys=0.01, real=0.01 secs] 
2016-09-24T00:45:05.649-0400: 62.935: [GC (GCLocker Initiated GC) [PSYoungGen: 167779K->85954K(175104K)] 508633K->481643K(699392K), 0.0125983 secs] [Times: user=0.19 sys=0.00, real=0.01 secs] 
2016-09-24T00:45:05.786-0400: 63.072: [GC (GCLocker Initiated GC) [PSYoungGen: 174018K->61458K(175104K)] 570068K->494406K(699392K), 0.0113538 secs] [Times: user=0.12 sys=0.00, real=0.01 secs] 
2016-09-24T00:45:05.895-0400: 63.181: [GC (GCLocker Initiated GC) [PSYoungGen: 149522K->55906K(175104K)] 582640K->507385K(699392K), 0.0130609 secs] [Times: user=0.09 sys=0.00, real=0.01 secs] 
2016-09-24T00:45:05.908-0400: 63.194: [Full GC (Ergonomics) [PSYoungGen: 55906K->0K(175104K)] [ParOldGen: 451478K->52003K(524288K)] 507385K->52003K(699392K), [Metaspace: 44235K->44235K(1087488K)], 0.0508005 secs] [Times: user=0.42 sys=0.00, real=0.05 secs] 
2016-09-24T00:45:06.066-0400: 63.352: [GC (GCLocker Initiated GC) [PSYoungGen: 88064K->85982K(175104K)] 146369K->150363K(699392K), 0.0098710 secs] [Times: user=0.09 sys=0.00, real=0.01 secs] 
2016-09-24T00:45:06.210-0400: 63.496: [GC (GCLocker Initiated GC) [PSYoungGen: 174046K->80011K(175104K)] 250658K->163261K(699392K), 0.0177678 secs] [Times: user=0.22 sys=0.01, real=0.02 secs] 
2016-09-24T00:45:06.347-0400: 63.634: [GC (GCLocker Initiated GC) [PSYoungGen: 168075K->55810K(175104K)] 257509K->194153K(699392K), 0.0104046 secs] [Times: user=0.12 sys=0.00, real=0.01 secs] 
2016-09-24T00:45:06.479-0400: 63.765: [GC (GCLocker Initiated GC) [PSYoungGen: 143874K->55287K(175104K)] 282342K->212215K(699392K), 0.0138600 secs] [Times: user=0.14 sys=0.01, real=0.01 secs] 
2016-09-24T00:45:06.640-0400: 63.926: [GC (Allocation Failure) [PSYoungGen: 143351K->61330K(175104K)] 300455K->236763K(699392K), 0.0125047 secs] [Times: user=0.11 sys=0.00, real=0.01 secs] 
2016-09-24T00:45:06.760-0400: 64.047: [GC (GCLocker Initiated GC) [PSYoungGen: 149394K->73412K(175104K)] 324832K->279549K(699392K), 0.0090099 secs] [Times: user=0.10 sys=0.00, real=0.01 secs] 
2016-09-24T00:45:06.880-0400: 64.166: [GC (GCLocker Initiated GC) [PSYoungGen: 161476K->73576K(175104K)] 373752K->304196K(699392K), 0.0155377 secs] [Times: user=0.21 sys=0.00, real=0.02 secs] 
2016-09-24T00:45:07.009-0400: 64.296: [GC (GCLocker Initiated GC) [PSYoungGen: 161640K->79751K(175104K)] 392308K->347145K(699392K), 0.0270648 secs] [Times: user=0.36 sys=0.01, real=0.03 secs] 
2016-09-24T00:45:07.166-0400: 64.452: [GC (GCLocker Initiated GC) [PSYoungGen: 167815K->42845K(175104K)] 435256K->346996K(699392K), 0.0135760 secs] [Times: user=0.12 sys=0.01, real=0.01 secs] 
2016-09-24T00:45:07.306-0400: 64.592: [GC (GCLocker Initiated GC) [PSYoungGen: 130909K->85726K(175104K)] 435080K->444724K(699392K), 0.0123464 secs] [Times: user=0.19 sys=0.00, real=0.01 secs] 
2016-09-24T00:45:07.431-0400: 64.718: [GC (GCLocker Initiated GC) [PSYoungGen: 173790K->85626K(175104K)] 532997K->493749K(699392K), 0.0121065 secs] [Times: user=0.18 sys=0.00, real=0.02 secs] 
2016-09-24T00:45:07.546-0400: 64.833: [GC (GCLocker Initiated GC) [PSYoungGen: 173690K->55579K(175104K)] 594127K->506527K(699392K), 0.0115300 secs] [Times: user=0.14 sys=0.00, real=0.01 secs] 
2016-09-24T00:45:07.691-0400: 64.977: [Full GC (Ergonomics) [PSYoungGen: 143643K->0K(175104K)] [ParOldGen: 457671K->52097K(524288K)] 601314K->52097K(699392K), [Metaspace: 44279K->44279K(1087488K)], 0.0616394 secs] [Times: user=0.53 sys=0.01, real=0.06 secs] 
2016-09-24T00:45:07.887-0400: 65.173: [GC (Allocation Failure) [PSYoungGen: 88064K->85562K(175104K)] 140304K->156027K(699392K), 0.0087820 secs] [Times: user=0.11 sys=0.00, real=0.01 secs] 
2016-09-24T00:45:08.012-0400: 65.299: [GC (GCLocker Initiated GC) [PSYoungGen: 172678K->61522K(175104K)] 249218K->198924K(699392K), 0.0156442 secs] [Times: user=0.17 sys=0.00, real=0.02 secs] 
2016-09-24T00:45:08.137-0400: 65.424: [GC (GCLocker Initiated GC) [PSYoungGen: 149586K->67469K(175104K)] 287271K->205249K(699392K), 0.0061240 secs] [Times: user=0.06 sys=0.00, real=0.01 secs] 
2016-09-24T00:45:08.237-0400: 65.524: [GC (Allocation Failure) [PSYoungGen: 155533K->86018K(175104K)] 293467K->266776K(699392K), 0.0123570 secs] [Times: user=0.18 sys=0.00, real=0.01 secs] 
2016-09-24T00:45:08.360-0400: 65.646: [GC (GCLocker Initiated GC) [PSYoungGen: 174082K->67761K(175104K)] 354846K->267042K(699392K), 0.0154811 secs] [Times: user=0.18 sys=0.00, real=0.02 secs] 
2016-09-24T00:45:08.495-0400: 65.781: [GC (Allocation Failure) [PSYoungGen: 155825K->79523K(175104K)] 367359K->327790K(699392K), 0.0105998 secs] [Times: user=0.10 sys=0.00, real=0.01 secs] 
2016-09-24T00:45:08.650-0400: 65.936: [GC (GCLocker Initiated GC) [PSYoungGen: 166147K->55515K(175104K)] 420490K->358561K(699392K), 0.0278169 secs] [Times: user=0.27 sys=0.01, real=0.03 secs] 
2016-09-24T00:45:08.809-0400: 66.095: [GC (GCLocker Initiated GC) [PSYoungGen: 143579K->61330K(175104K)] 452988K->371015K(699392K), 0.0225006 secs] [Times: user=0.23 sys=0.00, real=0.02 secs] 
2016-09-24T00:45:08.931-0400: 66.218: [GC (GCLocker Initiated GC) [PSYoungGen: 149394K->67537K(175104K)] 459378K->395818K(699392K), 0.0132712 secs] [Times: user=0.11 sys=0.01, real=0.02 secs] 
2016-09-24T00:45:09.050-0400: 66.336: [GC (Allocation Failure) [PSYoungGen: 155601K->73576K(175104K)] 484052K->438768K(699392K), 0.0172707 secs] [Times: user=0.18 sys=0.00, real=0.02 secs] 
2016-09-24T00:45:09.219-0400: 66.505: [GC (GCLocker Initiated GC) [PSYoungGen: 155626K->18840K(175104K)] 526893K->408413K(699392K), 0.0093604 secs] [Times: user=0.09 sys=0.01, real=0.01 secs] 
2016-09-24T00:45:09.326-0400: 66.612: [GC (GCLocker Initiated GC) [PSYoungGen: 106904K->79391K(175104K)] 496703K->469628K(699392K), 0.0140838 secs] [Times: user=0.16 sys=0.00, real=0.01 secs] 
2016-09-24T00:45:09.503-0400: 66.790: [GC (GCLocker Initiated GC) [PSYoungGen: 167455K->55679K(175104K)] 563988K->488797K(699392K), 0.0118619 secs] [Times: user=0.12 sys=0.00, real=0.01 secs] 
2016-09-24T00:45:09.605-0400: 66.892: [GC (GCLocker Initiated GC) [PSYoungGen: 143743K->85630K(175104K)] 576953K->519272K(699392K), 0.0317388 secs] [Times: user=0.35 sys=0.00, real=0.03 secs] 
2016-09-24T00:45:09.733-0400: 67.020: [GC (GCLocker Initiated GC) [PSYoungGen: 173694K->24979K(175104K)] 607475K->525690K(699392K), 0.0105498 secs] [Times: user=0.10 sys=0.00, real=0.02 secs] 
2016-09-24T00:45:09.744-0400: 67.030: [Full GC (Ergonomics) [PSYoungGen: 24979K->0K(175104K)] [ParOldGen: 500710K->46407K(524288K)] 525690K->46407K(699392K), [Metaspace: 44304K->44304K(1087488K)], 0.0667639 secs] [Times: user=0.43 sys=0.01, real=0.06 secs] 
2016-09-24T00:45:09.918-0400: 67.205: [GC (GCLocker Initiated GC) [PSYoungGen: 88064K->79779K(175104K)] 134658K->126373K(699392K), 0.0129865 secs] [Times: user=0.13 sys=0.00, real=0.01 secs] 
2016-09-24T00:45:10.018-0400: 67.305: [GC (GCLocker Initiated GC) [PSYoungGen: 167843K->73840K(175104K)] 214804K->157782K(699392K), 0.0207928 secs] [Times: user=0.20 sys=0.00, real=0.02 secs] 
2016-09-24T00:45:10.141-0400: 67.428: [GC (GCLocker Initiated GC) [PSYoungGen: 161904K->73644K(175104K)] 245978K->176210K(699392K), 0.0321383 secs] [Times: user=0.39 sys=0.00, real=0.03 secs] 
2016-09-24T00:45:10.278-0400: 67.564: [GC (GCLocker Initiated GC) [PSYoungGen: 161708K->73508K(175104K)] 264429K->212791K(699392K), 0.0096624 secs] [Times: user=0.09 sys=0.00, real=0.01 secs] 
2016-09-24T00:45:10.395-0400: 67.682: [GC (GCLocker Initiated GC) [PSYoungGen: 161572K->86218K(175104K)] 300998K->250079K(699392K), 0.0098806 secs] [Times: user=0.12 sys=0.00, real=0.01 secs] 
2016-09-24T00:45:10.494-0400: 67.780: [GC (GCLocker Initiated GC) [PSYoungGen: 174282K->55451K(175104K)] 338504K->256539K(699392K), 0.0166028 secs] [Times: user=0.14 sys=0.00, real=0.02 secs] 
2016-09-24T00:45:10.613-0400: 67.899: [GC (GCLocker Initiated GC) [PSYoungGen: 143515K->55059K(175104K)] 351229K->275199K(699392K), 0.0142665 secs] [Times: user=0.18 sys=0.01, real=0.02 secs] 
2016-09-24T00:45:10.739-0400: 68.025: [GC (GCLocker Initiated GC) [PSYoungGen: 143123K->61394K(175104K)] 363332K->281714K(699392K), 0.0096261 secs] [Times: user=0.10 sys=0.00, real=0.01 secs] 
2016-09-24T00:45:10.852-0400: 68.139: [GC (GCLocker Initiated GC) [PSYoungGen: 149458K->79683K(175104K)] 370117K->337083K(699392K), 0.0231697 secs] [Times: user=0.27 sys=0.01, real=0.03 secs] 
2016-09-24T00:45:11.003-0400: 68.289: [GC (GCLocker Initiated GC) [PSYoungGen: 167747K->74000K(175104K)] 431566K->380504K(699392K), 0.0103647 secs] [Times: user=0.14 sys=0.00, real=0.00 secs] 
2016-09-24T00:45:11.116-0400: 68.402: [GC (GCLocker Initiated GC) [PSYoungGen: 162064K->43237K(175104K)] 468828K->368797K(699392K), 0.0076578 secs] [Times: user=0.06 sys=0.00, real=0.01 secs] 
2016-09-24T00:45:11.237-0400: 68.524: [GC (GCLocker Initiated GC) [PSYoungGen: 131301K->67373K(175104K)] 463018K->423641K(699392K), 0.0211909 secs] [Times: user=0.21 sys=0.01, real=0.02 secs] 
2016-09-24T00:45:11.347-0400: 68.633: [GC (GCLocker Initiated GC) [PSYoungGen: 155437K->73448K(175104K)] 511768K->454183K(699392K), 0.0203936 secs] [Times: user=0.20 sys=0.01, real=0.02 secs] 
2016-09-24T00:45:11.493-0400: 68.780: [GC (GCLocker Initiated GC) [PSYoungGen: 161512K->61462K(175104K)] 548454K->485137K(699392K), 0.0217678 secs] [Times: user=0.20 sys=0.00, real=0.03 secs] 
2016-09-24T00:45:11.652-0400: 68.938: [GC (GCLocker Initiated GC) [PSYoungGen: 149526K->79391K(175104K)] 573343K->522020K(699392K), 0.0350287 secs] [Times: user=0.37 sys=0.00, real=0.04 secs] 
2016-09-24T00:45:11.792-0400: 69.078: [GC (GCLocker Initiated GC) [PSYoungGen: 167455K->85954K(175104K)] 610221K->583539K(699392K), 0.0141383 secs] [Times: user=0.20 sys=0.00, real=0.02 secs] 
2016-09-24T00:45:11.806-0400: 69.092: [Full GC (Ergonomics) [PSYoungGen: 85954K->0K(175104K)] [ParOldGen: 497585K->52411K(524288K)] 583539K->52411K(699392K), [Metaspace: 44310K->44310K(1087488K)], 0.0541385 secs] [Times: user=0.34 sys=0.01, real=0.05 secs] 
2016-09-24T00:45:11.978-0400: 69.265: [GC (Allocation Failure) [PSYoungGen: 88064K->80003K(175104K)] 152756K->144695K(699392K), 0.0075158 secs] [Times: user=0.06 sys=0.00, real=0.01 secs] 
2016-09-24T00:45:12.090-0400: 69.376: [GC (GCLocker Initiated GC) [PSYoungGen: 163339K->73836K(175104K)] 234107K->187708K(699392K), 0.0133475 secs] [Times: user=0.17 sys=0.01, real=0.02 secs] 
2016-09-24T00:45:12.221-0400: 69.507: [GC (GCLocker Initiated GC) [PSYoungGen: 161900K->85594K(175104K)] 275842K->218240K(699392K), 0.0102126 secs] [Times: user=0.14 sys=0.00, real=0.01 secs] 
2016-09-24T00:45:12.335-0400: 69.621: [GC (GCLocker Initiated GC) [PSYoungGen: 173658K->74000K(175104K)] 312448K->255467K(699392K), 0.0105116 secs] [Times: user=0.13 sys=0.00, real=0.01 secs] 
2016-09-24T00:45:12.464-0400: 69.750: [GC (GCLocker Initiated GC) [PSYoungGen: 162064K->85626K(175104K)] 343651K->298060K(699392K), 0.0111508 secs] [Times: user=0.16 sys=0.00, real=0.01 secs] 
2016-09-24T00:45:12.590-0400: 69.877: [GC (GCLocker Initiated GC) [PSYoungGen: 173690K->79783K(175104K)] 386283K->341112K(699392K), 0.0129302 secs] [Times: user=0.16 sys=0.01, real=0.02 secs] 
2016-09-24T00:45:12.692-0400: 69.979: [GC (GCLocker Initiated GC) [PSYoungGen: 167847K->85790K(175104K)] 429279K->426529K(699392K), 0.0184469 secs] [Times: user=0.28 sys=0.00, real=0.02 secs] 
2016-09-24T00:45:12.845-0400: 70.132: [GC (GCLocker Initiated GC) [PSYoungGen: 173854K->85922K(175104K)] 514729K->439059K(699392K), 0.0086602 secs] [Times: user=0.11 sys=0.01, real=0.00 secs] 
2016-09-24T00:45:12.964-0400: 70.251: [GC (GCLocker Initiated GC) [PSYoungGen: 173986K->55319K(175104K)] 527334K->433382K(699392K), 0.0141609 secs] [Times: user=0.14 sys=0.00, real=0.01 secs] 
2016-09-24T00:45:13.089-0400: 70.375: [GC (Allocation Failure) [PSYoungGen: 143383K->61590K(175104K)] 533711K->500677K(699392K), 0.0095671 secs] [Times: user=0.12 sys=0.00, real=0.01 secs] 
2016-09-24T00:45:13.244-0400: 70.531: [Full GC (Ergonomics) [PSYoungGen: 144456K->0K(175104K)] [ParOldGen: 445162K->45746K(524288K)] 589618K->45746K(699392K), [Metaspace: 44329K->44329K(1087488K)], 0.0639362 secs] [Times: user=0.36 sys=0.01, real=0.06 secs] 
2016-09-24T00:45:13.411-0400: 70.698: [GC (GCLocker Initiated GC) [PSYoungGen: 88064K->86014K(175104K)] 133840K->150015K(699392K), 0.0142330 secs] [Times: user=0.14 sys=0.00, real=0.02 secs] 
2016-09-24T00:45:13.529-0400: 70.816: [GC (GCLocker Initiated GC) [PSYoungGen: 174078K->49180K(175104K)] 244342K->162514K(699392K), 0.0179343 secs] [Times: user=0.16 sys=0.00, real=0.02 secs] 
2016-09-24T00:45:13.652-0400: 70.938: [GC (GCLocker Initiated GC) [PSYoungGen: 137244K->61622K(175104K)] 250704K->230064K(699392K), 0.0315028 secs] [Times: user=0.32 sys=0.00, real=0.04 secs] 
2016-09-24T00:45:13.806-0400: 71.093: [GC (GCLocker Initiated GC) [PSYoungGen: 149686K->73480K(175104K)] 318176K->260487K(699392K), 0.0095947 secs] [Times: user=0.07 sys=0.00, real=0.01 secs] 
2016-09-24T00:45:13.917-0400: 71.203: [GC (GCLocker Initiated GC) [PSYoungGen: 161544K->67405K(175104K)] 348704K->273050K(699392K), 0.0217800 secs] [Times: user=0.15 sys=0.00, real=0.02 secs] 
2016-09-24T00:45:14.066-0400: 71.353: [GC (GCLocker Initiated GC) [PSYoungGen: 155469K->36934K(175104K)] 367410K->309877K(699392K), 0.0188107 secs] [Times: user=0.14 sys=0.00, real=0.02 secs] 
2016-09-24T00:45:14.211-0400: 71.497: [GC (Allocation Failure) [PSYoungGen: 124998K->55223K(175104K)] 404074K->364942K(699392K), 0.0104080 secs] [Times: user=0.08 sys=0.00, real=0.01 secs] 
2016-09-24T00:45:14.326-0400: 71.612: [GC (GCLocker Initiated GC) [PSYoungGen: 143287K->67209K(175104K)] 453012K->401525K(699392K), 0.0181578 secs] [Times: user=0.18 sys=0.00, real=0.02 secs] 
2016-09-24T00:45:14.451-0400: 71.737: [GC (GCLocker Initiated GC) [PSYoungGen: 155273K->86022K(175104K)] 495773K->463108K(699392K), 0.0290974 secs] [Times: user=0.33 sys=0.00, real=0.03 secs] 
2016-09-24T00:45:14.607-0400: 71.893: [GC (GCLocker Initiated GC) [PSYoungGen: 174086K->37258K(175104K)] 563403K->481542K(699392K), 0.0141687 secs] [Times: user=0.14 sys=0.00, real=0.01 secs] 
2016-09-24T00:45:14.726-0400: 72.013: [GC (GCLocker Initiated GC) [PSYoungGen: 125322K->73316K(175104K)] 569659K->524011K(699392K), 0.0413015 secs] [Times: user=0.46 sys=0.00, real=0.04 secs] 
2016-09-24T00:45:14.768-0400: 72.054: [Full GC (Ergonomics) [PSYoungGen: 73316K->0K(175104K)] [ParOldGen: 450695K->52191K(524288K)] 524011K->52191K(699392K), [Metaspace: 44337K->44337K(1087488K)], 0.0417162 secs] [Times: user=0.29 sys=0.01, real=0.04 secs] 
2016-09-24T00:45:14.912-0400: 72.198: [GC (GCLocker Initiated GC) [PSYoungGen: 88064K->74480K(175104K)] 146343K->132759K(699392K), 0.0071301 secs] [Times: user=0.09 sys=0.00, real=0.01 secs] 
2016-09-24T00:45:15.046-0400: 72.332: [GC (GCLocker Initiated GC) [PSYoungGen: 162544K->85690K(175104K)] 226985K->181506K(699392K), 0.0137705 secs] [Times: user=0.15 sys=0.01, real=0.01 secs] 
2016-09-24T00:45:15.199-0400: 72.486: [GC (GCLocker Initiated GC) [PSYoungGen: 173754K->55223K(175104K)] 269629K->181600K(699392K), 0.0170582 secs] [Times: user=0.18 sys=0.00, real=0.02 secs] 
2016-09-24T00:45:15.329-0400: 72.615: [GC (GCLocker Initiated GC) [PSYoungGen: 143287K->79715K(175104K)] 269768K->242961K(699392K), 0.0170712 secs] [Times: user=0.20 sys=0.00, real=0.02 secs] 
2016-09-24T00:45:15.483-0400: 72.770: [GC (GCLocker Initiated GC) [PSYoungGen: 167779K->73380K(175104K)] 337362K->279704K(699392K), 0.0309417 secs] [Times: user=0.34 sys=0.00, real=0.03 secs] 
2016-09-24T00:45:15.649-0400: 72.935: [GC (GCLocker Initiated GC) [PSYoungGen: 161444K->61622K(175104K)] 374125K->304790K(699392K), 0.0304311 secs] [Times: user=0.38 sys=0.00, real=0.03 secs] 
2016-09-24T00:45:15.797-0400: 73.083: [GC (Allocation Failure) [PSYoungGen: 149686K->55415K(175104K)] 393209K->317791K(699392K), 0.0087329 secs] [Times: user=0.12 sys=0.00, real=0.01 secs] 
2016-09-24T00:45:15.895-0400: 73.182: [GC (GCLocker Initiated GC) [PSYoungGen: 141130K->55283K(175104K)] 409581K->378552K(699392K), 0.0110816 secs] [Times: user=0.17 sys=0.01, real=0.01 secs] 
2016-09-24T00:45:16.040-0400: 73.327: [GC (GCLocker Initiated GC) [PSYoungGen: 143347K->49539K(175104K)] 473041K->397586K(699392K), 0.0144338 secs] [Times: user=0.14 sys=0.00, real=0.02 secs] 
2016-09-24T00:45:16.153-0400: 73.440: [GC (GCLocker Initiated GC) [PSYoungGen: 137603K->85726K(175104K)] 485804K->434850K(699392K), 0.0228691 secs] [Times: user=0.25 sys=0.00, real=0.03 secs] 
2016-09-24T00:45:16.293-0400: 73.579: [GC (GCLocker Initiated GC) [PSYoungGen: 173790K->43237K(175104K)] 523140K->453440K(699392K), 0.0106345 secs] [Times: user=0.09 sys=0.02, real=0.02 secs] 
2016-09-24T00:45:16.405-0400: 73.692: [GC (Allocation Failure) [PSYoungGen: 131301K->61462K(175104K)] 553854K->484267K(699392K), 0.0260926 secs] [Times: user=0.29 sys=0.00, real=0.02 secs] 
2016-09-24T00:45:16.432-0400: 73.718: [GC (GCLocker Initiated GC) [PSYoungGen: 61473K->128K(175104K)] 484279K->496727K(699392K), 0.0066799 secs] [Times: user=0.06 sys=0.00, real=0.01 secs] 
2016-09-24T00:45:16.439-0400: 73.725: [Full GC (Ergonomics) [PSYoungGen: 128K->0K(175104K)] [ParOldGen: 496599K->52536K(524288K)] 496727K->52536K(699392K), [Metaspace: 44338K->44338K(1087488K)], 0.0572936 secs] [Times: user=0.37 sys=0.01, real=0.06 secs] 
2016-09-24T00:45:16.602-0400: 73.888: [GC (GCLocker Initiated GC) [PSYoungGen: 88064K->86046K(175104K)] 140606K->144663K(699392K), 0.0127294 secs] [Times: user=0.14 sys=0.00, real=0.02 secs] 
2016-09-24T00:45:16.738-0400: 74.024: [GC (Allocation Failure) [PSYoungGen: 174110K->55255K(175104K)] 232757K->163034K(699392K), 0.0097322 secs] [Times: user=0.07 sys=0.02, real=0.01 secs] 
2016-09-24T00:45:16.848-0400: 74.134: [GC (GCLocker Initiated GC) [PSYoungGen: 143319K->79551K(175104K)] 251108K->236232K(699392K), 0.0137309 secs] [Times: user=0.13 sys=0.00, real=0.01 secs] 
2016-09-24T00:45:16.989-0400: 74.275: [GC (GCLocker Initiated GC) [PSYoungGen: 167615K->55775K(175104K)] 336628K->243148K(699392K), 0.0143667 secs] [Times: user=0.18 sys=0.00, real=0.02 secs] 
2016-09-24T00:45:17.100-0400: 74.387: [GC (GCLocker Initiated GC) [PSYoungGen: 143839K->55191K(175104K)] 337643K->249254K(699392K), 0.0289553 secs] [Times: user=0.34 sys=0.00, real=0.03 secs] 
2016-09-24T00:45:17.253-0400: 74.540: [GC (GCLocker Initiated GC) [PSYoungGen: 143255K->43105K(175104K)] 343508K->261835K(699392K), 0.0245641 secs] [Times: user=0.26 sys=0.00, real=0.03 secs] 
2016-09-24T00:45:17.393-0400: 74.679: [GC (GCLocker Initiated GC) [PSYoungGen: 131169K->73772K(175104K)] 350091K->292814K(699392K), 0.0100129 secs] [Times: user=0.13 sys=0.00, real=0.02 secs] 
2016-09-24T00:45:17.497-0400: 74.783: [GC (GCLocker Initiated GC) [PSYoungGen: 161836K->61362K(175104K)] 381127K->317566K(699392K), 0.0089567 secs] [Times: user=0.12 sys=0.00, real=0.01 secs] 
2016-09-24T00:45:17.634-0400: 74.920: [GC (GCLocker Initiated GC) [PSYoungGen: 149423K->73836K(175104K)] 412007K->366915K(699392K), 0.0139764 secs] [Times: user=0.20 sys=0.00, real=0.02 secs] 
2016-09-24T00:45:17.793-0400: 75.080: [GC (Allocation Failure) [PSYoungGen: 161900K->19000K(175104K)] 455003K->330760K(699392K), 0.0132406 secs] [Times: user=0.10 sys=0.00, real=0.02 secs] 
2016-09-24T00:45:17.886-0400: 75.172: [GC (GCLocker Initiated GC) [PSYoungGen: 107064K->85562K(175104K)] 418836K->422120K(699392K), 0.0171768 secs] [Times: user=0.22 sys=0.00, real=0.02 secs] 
2016-09-24T00:45:18.004-0400: 75.291: [GC (GCLocker Initiated GC) [PSYoungGen: 173626K->67793K(175104K)] 510416K->459394K(699392K), 0.0133186 secs] [Times: user=0.20 sys=0.00, real=0.01 secs] 
2016-09-24T00:45:18.116-0400: 75.403: [GC (GCLocker Initiated GC) [PSYoungGen: 155857K->73804K(175104K)] 553838K->502647K(699392K), 0.0125253 secs] [Times: user=0.18 sys=0.00, real=0.01 secs] 
2016-09-24T00:45:18.250-0400: 75.536: [GC (GCLocker Initiated GC) [PSYoungGen: 161868K->67533K(175104K)] 603071K->527261K(699392K), 0.0130447 secs] [Times: user=0.18 sys=0.01, real=0.02 secs] 
2016-09-24T00:45:18.263-0400: 75.550: [Full GC (Ergonomics) [PSYoungGen: 67533K->0K(175104K)] [ParOldGen: 459728K->52408K(524288K)] 527261K->52408K(699392K), [Metaspace: 44338K->44338K(1087488K)], 0.0590056 secs] [Times: user=0.47 sys=0.00, real=0.06 secs] 
2016-09-24T00:45:18.440-0400: 75.727: [GC (GCLocker Initiated GC) [PSYoungGen: 88064K->86046K(175104K)] 140604K->181112K(699392K), 0.0138400 secs] [Times: user=0.22 sys=0.00, real=0.02 secs] 
2016-09-24T00:45:18.555-0400: 75.841: [GC (GCLocker Initiated GC) [PSYoungGen: 174110K->61490K(175104K)] 269548K->224333K(699392K), 0.0121954 secs] [Times: user=0.16 sys=0.00, real=0.01 secs] 
2016-09-24T00:45:18.687-0400: 75.974: [GC (GCLocker Initiated GC) [PSYoungGen: 149554K->61686K(175104K)] 312523K->279645K(699392K), 0.0116602 secs] [Times: user=0.17 sys=0.00, real=0.01 secs] 
2016-09-24T00:45:18.834-0400: 76.121: [GC (GCLocker Initiated GC) [PSYoungGen: 149750K->37549K(175104K)] 386250K->292583K(699392K), 0.0088958 secs] [Times: user=0.13 sys=0.00, real=0.01 secs] 
2016-09-24T00:45:18.965-0400: 76.252: [GC (GCLocker Initiated GC) [PSYoungGen: 125613K->37354K(175104K)] 387055K->298914K(699392K), 0.0065501 secs] [Times: user=0.08 sys=0.00, real=0.00 secs] 
2016-09-24T00:45:19.079-0400: 76.365: [GC (Allocation Failure) [PSYoungGen: 125418K->67569K(175104K)] 393252K->335482K(699392K), 0.0127403 secs] [Times: user=0.09 sys=0.00, real=0.01 secs] 
2016-09-24T00:45:19.232-0400: 76.519: [GC (GCLocker Initiated GC) [PSYoungGen: 153549K->48952K(175104K)] 427538K->341597K(699392K), 0.0347540 secs] [Times: user=0.34 sys=0.00, real=0.04 secs] 
2016-09-24T00:45:19.400-0400: 76.686: [GC (GCLocker Initiated GC) [PSYoungGen: 137016K->37098K(175104K)] 435906K->336083K(699392K), 0.0136092 secs] [Times: user=0.16 sys=0.00, real=0.01 secs] 
2016-09-24T00:45:19.527-0400: 76.814: [GC (GCLocker Initiated GC) [PSYoungGen: 125162K->79523K(175104K)] 424508K->379129K(699392K), 0.0168013 secs] [Times: user=0.15 sys=0.00, real=0.02 secs] 
2016-09-24T00:45:19.686-0400: 76.972: [GC (GCLocker Initiated GC) [PSYoungGen: 167587K->61134K(175104K)] 467437K->391462K(699392K), 0.0194823 secs] [Times: user=0.18 sys=0.02, real=0.02 secs] 
2016-09-24T00:45:19.805-0400: 77.091: [GC (GCLocker Initiated GC) [PSYoungGen: 149198K->67469K(175104K)] 485649K->446557K(699392K), 0.0149387 secs] [Times: user=0.14 sys=0.00, real=0.01 secs] 
2016-09-24T00:45:19.917-0400: 77.203: [GC (Allocation Failure) [PSYoungGen: 155533K->49475K(175104K)] 534785K->465298K(699392K), 0.0108819 secs] [Times: user=0.13 sys=0.00, real=0.01 secs] 
2016-09-24T00:45:20.028-0400: 77.315: [GC (GCLocker Initiated GC) [PSYoungGen: 132841K->73512K(175104K)] 554739K->520468K(699392K), 0.0104587 secs] [Times: user=0.09 sys=0.00, real=0.01 secs] 
2016-09-24T00:45:20.128-0400: 77.415: [GC (GCLocker Initiated GC) [PSYoungGen: 161576K->79619K(175104K)] 608608K->575378K(699392K), 0.0191031 secs] [Times: user=0.21 sys=0.00, real=0.02 secs] 
2016-09-24T00:45:20.147-0400: 77.434: [Full GC (Ergonomics) [PSYoungGen: 79619K->0K(175104K)] [ParOldGen: 495759K->58936K(524288K)] 575378K->58936K(699392K), [Metaspace: 44339K->44339K(1087488K)], 0.0574222 secs] [Times: user=0.32 sys=0.01, real=0.06 secs] 
2016-09-24T00:45:20.308-0400: 77.594: [GC (Allocation Failure) [PSYoungGen: 88064K->74548K(175104K)] 153330K->139814K(699392K), 0.0081330 secs] [Times: user=0.08 sys=0.00, real=0.01 secs] 
2016-09-24T00:45:20.444-0400: 77.730: [GC (GCLocker Initiated GC) [PSYoungGen: 157367K->55643K(175104K)] 228709K->164745K(699392K), 0.0099933 secs] [Times: user=0.14 sys=0.00, real=0.00 secs] 
2016-09-24T00:45:20.568-0400: 77.854: [GC (GCLocker Initiated GC) [PSYoungGen: 143707K->85954K(175104K)] 252924K->213524K(699392K), 0.0091357 secs] [Times: user=0.12 sys=0.00, real=0.01 secs] 
2016-09-24T00:45:20.698-0400: 77.984: [GC (GCLocker Initiated GC) [PSYoungGen: 174018K->55479K(175104K)] 308001K->250536K(699392K), 0.0121583 secs] [Times: user=0.16 sys=0.00, real=0.01 secs] 
2016-09-24T00:45:20.826-0400: 78.113: [GC (GCLocker Initiated GC) [PSYoungGen: 143543K->85986K(175104K)] 338820K->287646K(699392K), 0.0183833 secs] [Times: user=0.21 sys=0.01, real=0.02 secs] 
2016-09-24T00:45:20.955-0400: 78.241: [GC (Allocation Failure) [PSYoungGen: 174050K->61326K(175104K)] 375819K->281603K(699392K), 0.0087871 secs] [Times: user=0.09 sys=0.00, real=0.01 secs] 
2016-09-24T00:45:21.079-0400: 78.365: [GC (GCLocker Initiated GC) [PSYoungGen: 149390K->86050K(175104K)] 369673K->336835K(699392K), 0.0105851 secs] [Times: user=0.13 sys=0.00, real=0.01 secs] 
2016-09-24T00:45:21.219-0400: 78.506: [GC (GCLocker Initiated GC) [PSYoungGen: 174114K->85886K(175104K)] 425008K->379621K(699392K), 0.0156937 secs] [Times: user=0.16 sys=0.01, real=0.02 secs] 
2016-09-24T00:45:21.363-0400: 78.649: [GC (GCLocker Initiated GC) [PSYoungGen: 173950K->85954K(175104K)] 467867K->416488K(699392K), 0.0221741 secs] [Times: user=0.25 sys=0.01, real=0.02 secs] 
2016-09-24T00:45:21.501-0400: 78.787: [GC (GCLocker Initiated GC) [PSYoungGen: 174018K->49244K(175104K)] 510676K->440853K(699392K), 0.0285382 secs] [Times: user=0.29 sys=0.00, real=0.03 secs] 
2016-09-24T00:45:21.651-0400: 78.937: [GC (Allocation Failure) [PSYoungGen: 137308K->61622K(175104K)] 535291K->508317K(699392K), 0.0128558 secs] [Times: user=0.12 sys=0.01, real=0.02 secs] 
2016-09-24T00:45:21.664-0400: 78.950: [Full GC (Ergonomics) [PSYoungGen: 61622K->0K(175104K)] [ParOldGen: 446695K->52459K(524288K)] 508317K->52459K(699392K), [Metaspace: 44340K->44340K(1087488K)], 0.0557830 secs] [Times: user=0.36 sys=0.01, real=0.05 secs] 
2016-09-24T00:45:21.843-0400: 79.130: [GC (GCLocker Initiated GC) [PSYoungGen: 82231K->73352K(175104K)] 140765K->131886K(699392K), 0.0151835 secs] [Times: user=0.13 sys=0.00, real=0.01 secs] 
2016-09-24T00:45:21.988-0400: 79.274: [GC (GCLocker Initiated GC) [PSYoungGen: 161416K->55383K(175104K)] 220311K->169245K(699392K), 0.0110727 secs] [Times: user=0.15 sys=0.00, real=0.01 secs] 
2016-09-24T00:45:22.108-0400: 79.394: [GC (GCLocker Initiated GC) [PSYoungGen: 143447K->55547K(175104K)] 263628K->194104K(699392K), 0.0084763 secs] [Times: user=0.11 sys=0.00, real=0.01 secs] 
2016-09-24T00:45:22.249-0400: 79.536: [GC (GCLocker Initiated GC) [PSYoungGen: 143611K->49340K(175104K)] 288307K->230769K(699392K), 0.0205581 secs] [Times: user=0.27 sys=0.00, real=0.02 secs] 
2016-09-24T00:45:22.361-0400: 79.647: [GC (GCLocker Initiated GC) [PSYoungGen: 137404K->85954K(175104K)] 319099K->267761K(699392K), 0.0102816 secs] [Times: user=0.13 sys=0.00, real=0.01 secs] 
2016-09-24T00:45:22.488-0400: 79.775: [GC (GCLocker Initiated GC) [PSYoungGen: 174018K->85854K(175104K)] 361953K->322713K(699392K), 0.0133422 secs] [Times: user=0.19 sys=0.00, real=0.01 secs] 
2016-09-24T00:45:22.616-0400: 79.902: [GC (GCLocker Initiated GC) [PSYoungGen: 173918K->73736K(175104K)] 417117K->389971K(699392K), 0.0136552 secs] [Times: user=0.23 sys=0.00, real=0.01 secs] 
2016-09-24T00:45:22.722-0400: 80.009: [GC (GCLocker Initiated GC) [PSYoungGen: 161800K->79747K(175104K)] 478340K->414836K(699392K), 0.0114132 secs] [Times: user=0.17 sys=0.00, real=0.00 secs] 
2016-09-24T00:45:22.840-0400: 80.126: [GC (GCLocker Initiated GC) [PSYoungGen: 167811K->80107K(175104K)] 503098K->470401K(699392K), 0.0128040 secs] [Times: user=0.21 sys=0.00, real=0.01 secs] 
2016-09-24T00:45:22.975-0400: 80.261: [GC (Allocation Failure) [PSYoungGen: 168171K->55319K(175104K)] 564889K->452681K(699392K), 0.0095826 secs] [Times: user=0.13 sys=0.00, real=0.01 secs] 
2016-09-24T00:45:23.095-0400: 80.381: [GC (GCLocker Initiated GC) [PSYoungGen: 143383K->73640K(175104K)] 540745K->489371K(699392K), 0.0116968 secs] [Times: user=0.17 sys=0.00, real=0.01 secs] 
2016-09-24T00:45:23.234-0400: 80.520: [GC (GCLocker Initiated GC) [PSYoungGen: 161704K->61526K(175104K)] 583865K->502008K(699392K), 0.0198872 secs] [Times: user=0.20 sys=0.01, real=0.02 secs] 
2016-09-24T00:45:23.254-0400: 80.540: [Full GC (Ergonomics) [PSYoungGen: 61526K->0K(175104K)] [ParOldGen: 440482K->52830K(524288K)] 502008K->52830K(699392K), [Metaspace: 44340K->44340K(1087488K)], 0.0459727 secs] [Times: user=0.40 sys=0.01, real=0.05 secs] 
2016-09-24T00:45:23.416-0400: 80.703: [GC (Allocation Failure) [PSYoungGen: 88064K->85954K(175104K)] 141200K->169465K(699392K), 0.0125380 secs] [Times: user=0.18 sys=0.00, real=0.01 secs] 
2016-09-24T00:45:23.608-0400: 80.894: [GC (GCLocker Initiated GC) [PSYoungGen: 174018K->61262K(175104K)] 257534K->193818K(699392K), 0.0116429 secs] [Times: user=0.14 sys=0.00, real=0.01 secs] 
2016-09-24T00:45:23.755-0400: 81.042: [GC (Allocation Failure) [PSYoungGen: 149326K->79551K(175104K)] 282025K->212393K(699392K), 0.0092437 secs] [Times: user=0.14 sys=0.00, real=0.01 secs] 
2016-09-24T00:45:23.872-0400: 81.159: [GC (GCLocker Initiated GC) [PSYoungGen: 166407K->61686K(175104K)] 305324K->261513K(699392K), 0.0115824 secs] [Times: user=0.17 sys=0.00, real=0.02 secs] 
2016-09-24T00:45:24.004-0400: 81.290: [GC (GCLocker Initiated GC) [PSYoungGen: 149750K->79911K(175104K)] 349720K->316630K(699392K), 0.0115814 secs] [Times: user=0.19 sys=0.00, real=0.01 secs] 
2016-09-24T00:45:24.117-0400: 81.403: [GC (GCLocker Initiated GC) [PSYoungGen: 167975K->55383K(175104K)] 417121K->371498K(699392K), 0.0113666 secs] [Times: user=0.16 sys=0.00, real=0.01 secs] 
2016-09-24T00:45:24.248-0400: 81.534: [GC (GCLocker Initiated GC) [PSYoungGen: 143447K->86018K(175104K)] 459782K->426953K(699392K), 0.0127291 secs] [Times: user=0.19 sys=0.00, real=0.01 secs] 
2016-09-24T00:45:24.406-0400: 81.693: [GC (Allocation Failure) [PSYoungGen: 174082K->73640K(175104K)] 515372K->451868K(699392K), 0.0113337 secs] [Times: user=0.17 sys=0.00, real=0.01 secs] 
2016-09-24T00:45:24.551-0400: 81.837: [GC (GCLocker Initiated GC) [PSYoungGen: 161023K->37453K(175104K)] 545326K->440101K(699392K), 0.0088348 secs] [Times: user=0.13 sys=0.00, real=0.01 secs] 
2016-09-24T00:45:24.681-0400: 81.967: [GC (GCLocker Initiated GC) [PSYoungGen: 125517K->37290K(175104K)] 540626K->470898K(699392K), 0.0103121 secs] [Times: user=0.13 sys=0.00, real=0.01 secs] 
2016-09-24T00:45:24.807-0400: 82.094: [GC (GCLocker Initiated GC) [PSYoungGen: 125354K->73476K(175104K)] 558992K->507398K(699392K), 0.0199540 secs] [Times: user=0.24 sys=0.00, real=0.02 secs] 
2016-09-24T00:45:24.920-0400: 82.207: [GC (GCLocker Initiated GC) [PSYoungGen: 161540K->85922K(175104K)] 595672K->587022K(699392K), 0.0149038 secs] [Times: user=0.17 sys=0.00, real=0.02 secs] 
2016-09-24T00:45:24.935-0400: 82.222: [Full GC (Ergonomics) [PSYoungGen: 85922K->0K(175104K)] [ParOldGen: 501100K->52830K(524288K)] 587022K->52830K(699392K), [Metaspace: 44347K->44347K(1087488K)], 0.0464333 secs] [Times: user=0.30 sys=0.00, real=0.04 secs] 
2016-09-24T00:45:25.084-0400: 82.370: [GC (GCLocker Initiated GC) [PSYoungGen: 88064K->73704K(175104K)] 141188K->126828K(699392K), 0.0082285 secs] [Times: user=0.05 sys=0.00, real=0.00 secs] 
2016-09-24T00:45:25.217-0400: 82.503: [GC (Allocation Failure) [PSYoungGen: 161768K->55387K(175104K)] 214961K->145569K(699392K), 0.0207352 secs] [Times: user=0.19 sys=0.00, real=0.02 secs] 
2016-09-24T00:45:25.364-0400: 82.650: [GC (GCLocker Initiated GC) [PSYoungGen: 143451K->55223K(175104K)] 233639K->158140K(699392K), 0.0165556 secs] [Times: user=0.15 sys=0.01, real=0.01 secs] 
2016-09-24T00:45:25.494-0400: 82.780: [GC (Allocation Failure) [PSYoungGen: 143287K->73640K(175104K)] 246397K->195291K(699392K), 0.0222118 secs] [Times: user=0.25 sys=0.00, real=0.03 secs] 
2016-09-24T00:45:25.643-0400: 82.929: [GC (Allocation Failure) [PSYoungGen: 159943K->24883K(175104K)] 281594K->165019K(699392K), 0.0106810 secs] [Times: user=0.09 sys=0.00, real=0.00 secs] 
2016-09-24T00:45:25.746-0400: 83.033: [GC (GCLocker Initiated GC) [PSYoungGen: 112947K->79391K(175104K)] 253088K->219979K(699392K), 0.0215036 secs] [Times: user=0.22 sys=0.00, real=0.02 secs] 
2016-09-24T00:45:25.879-0400: 83.165: [GC (GCLocker Initiated GC) [PSYoungGen: 167455K->85726K(175104K)] 308191K->263039K(699392K), 0.0454089 secs] [Times: user=0.54 sys=0.00, real=0.05 secs] 
2016-09-24T00:45:26.048-0400: 83.334: [GC (Allocation Failure) [PSYoungGen: 173790K->67433K(175104K)] 357287K->299822K(699392K), 0.0113270 secs] [Times: user=0.14 sys=0.01, real=0.01 secs] 
2016-09-24T00:45:26.173-0400: 83.459: [GC (GCLocker Initiated GC) [PSYoungGen: 155496K->49248K(175104K)] 387890K->306022K(699392K), 0.0177353 secs] [Times: user=0.14 sys=0.00, real=0.02 secs] 
2016-09-24T00:45:26.295-0400: 83.581: [GC (GCLocker Initiated GC) [PSYoungGen: 137312K->43041K(175104K)] 400304K->324525K(699392K), 0.0214069 secs] [Times: user=0.19 sys=0.00, real=0.02 secs] 
2016-09-24T00:45:26.443-0400: 83.730: [GC (GCLocker Initiated GC) [PSYoungGen: 131105K->37098K(175104K)] 412793K->343337K(699392K), 0.0119743 secs] [Times: user=0.09 sys=0.00, real=0.01 secs] 
2016-09-24T00:45:26.568-0400: 83.854: [GC (GCLocker Initiated GC) [PSYoungGen: 125162K->61234K(175104K)] 431690K->386418K(699392K), 0.0343414 secs] [Times: user=0.37 sys=0.00, real=0.04 secs] 
2016-09-24T00:45:26.705-0400: 83.992: [GC (GCLocker Initiated GC) [PSYoungGen: 149298K->67665K(175104K)] 474759K->441869K(699392K), 0.0112137 secs] [Times: user=0.14 sys=0.00, real=0.01 secs] 
2016-09-24T00:45:26.842-0400: 84.128: [GC (Allocation Failure) [PSYoungGen: 155729K->67341K(175104K)] 530036K->460117K(699392K), 0.0202570 secs] [Times: user=0.19 sys=0.00, real=0.02 secs] 
2016-09-24T00:45:26.970-0400: 84.256: [GC (GCLocker Initiated GC) [PSYoungGen: 155405K->55319K(175104K)] 548187K->490893K(699392K), 0.0175681 secs] [Times: user=0.17 sys=0.00, real=0.02 secs] 
2016-09-24T00:45:27.091-0400: 84.378: [GC (GCLocker Initiated GC) [PSYoungGen: 143383K->55483K(175104K)] 585231K->515683K(699392K), 0.0100321 secs] [Times: user=0.10 sys=0.00, real=0.01 secs] 
2016-09-24T00:45:27.101-0400: 84.388: [Full GC (Ergonomics) [PSYoungGen: 55483K->0K(175104K)] [ParOldGen: 460200K->46689K(524288K)] 515683K->46689K(699392K), [Metaspace: 44355K->44355K(1087488K)], 0.0525902 secs] [Times: user=0.31 sys=0.00, real=0.05 secs] 
2016-09-24T00:45:27.283-0400: 84.569: [GC (GCLocker Initiated GC) [PSYoungGen: 88064K->79843K(175104K)] 140988K->132767K(699392K), 0.0136876 secs] [Times: user=0.14 sys=0.01, real=0.01 secs] 
2016-09-24T00:45:27.407-0400: 84.693: [GC (GCLocker Initiated GC) [PSYoungGen: 167907K->73448K(175104K)] 221035K->151400K(699392K), 0.0231217 secs] [Times: user=0.24 sys=0.00, real=0.02 secs] 
2016-09-24T00:45:27.525-0400: 84.812: [GC (GCLocker Initiated GC) [PSYoungGen: 161512K->73608K(175104K)] 239584K->206647K(699392K), 0.0156690 secs] [Times: user=0.17 sys=0.00, real=0.01 secs] 
2016-09-24T00:45:27.654-0400: 84.940: [GC (GCLocker Initiated GC) [PSYoungGen: 161672K->55483K(175104K)] 295060K->213291K(699392K), 0.0159035 secs] [Times: user=0.16 sys=0.00, real=0.02 secs] 
2016-09-24T00:45:27.785-0400: 85.072: [GC (GCLocker Initiated GC) [PSYoungGen: 143547K->55383K(175104K)] 302182K->251087K(699392K), 0.0096886 secs] [Times: user=0.11 sys=0.01, real=0.01 secs] 
2016-09-24T00:45:27.906-0400: 85.192: [GC (Allocation Failure) [PSYoungGen: 143447K->79651K(175104K)] 339361K->275684K(699392K), 0.0154412 secs] [Times: user=0.13 sys=0.00, real=0.01 secs] 
2016-09-24T00:45:28.044-0400: 85.330: [GC (GCLocker Initiated GC) [PSYoungGen: 167428K->43269K(175104K)] 369536K->281907K(699392K), 0.0238741 secs] [Times: user=0.27 sys=0.00, real=0.02 secs] 
2016-09-24T00:45:28.164-0400: 85.450: [GC (GCLocker Initiated GC) [PSYoungGen: 131333K->85858K(175104K)] 370035K->330763K(699392K), 0.0085335 secs] [Times: user=0.08 sys=0.00, real=0.00 secs] 
2016-09-24T00:45:28.289-0400: 85.575: [GC (GCLocker Initiated GC) [PSYoungGen: 173922K->49112K(175104K)] 418875K->343096K(699392K), 0.0095375 secs] [Times: user=0.10 sys=0.00, real=0.01 secs] 
2016-09-24T00:45:28.420-0400: 85.706: [GC (GCLocker Initiated GC) [PSYoungGen: 137176K->49084K(175104K)] 431164K->379602K(699392K), 0.0542410 secs] [Times: user=0.58 sys=0.00, real=0.06 secs] 
2016-09-24T00:45:28.574-0400: 85.861: [GC (GCLocker Initiated GC) [PSYoungGen: 137148K->85790K(175104K)] 473788K->434895K(699392K), 0.0140787 secs] [Times: user=0.16 sys=0.00, real=0.01 secs] 
2016-09-24T00:45:28.704-0400: 85.990: [GC (GCLocker Initiated GC) [PSYoungGen: 173854K->49472K(175104K)] 535296K->453723K(699392K), 0.0197078 secs] [Times: user=0.22 sys=0.00, real=0.02 secs] 
2016-09-24T00:45:28.849-0400: 86.135: [GC (GCLocker Initiated GC) [PSYoungGen: 137536K->25075K(175104K)] 553939K->478376K(699392K), 0.0314822 secs] [Times: user=0.28 sys=0.00, real=0.03 secs] 
2016-09-24T00:45:29.008-0400: 86.295: [Full GC (Ergonomics) [PSYoungGen: 113139K->0K(175104K)] [ParOldGen: 465811K->52943K(524288K)] 578951K->52943K(699392K), [Metaspace: 44358K->44358K(1087488K)], 0.0618655 secs] [Times: user=0.36 sys=0.00, real=0.06 secs] 
2016-09-24T00:45:29.176-0400: 86.462: [GC (GCLocker Initiated GC) [PSYoungGen: 88064K->85922K(175104K)] 141177K->151186K(699392K), 0.0164756 secs] [Times: user=0.18 sys=0.00, real=0.01 secs] 
2016-09-24T00:45:29.296-0400: 86.583: [GC (GCLocker Initiated GC) [PSYoungGen: 173986K->55415K(175104K)] 245506K->188313K(699392K), 0.0104092 secs] [Times: user=0.10 sys=0.00, real=0.01 secs] 
2016-09-24T00:45:29.465-0400: 86.751: [GC (GCLocker Initiated GC) [PSYoungGen: 143479K->85662K(175104K)] 276390K->236918K(699392K), 0.0268455 secs] [Times: user=0.29 sys=0.00, real=0.02 secs] 
2016-09-24T00:45:29.624-0400: 86.911: [GC (GCLocker Initiated GC) [PSYoungGen: 173726K->43269K(175104K)] 337449K->243734K(699392K), 0.0085120 secs] [Times: user=0.09 sys=0.00, real=0.00 secs] 
2016-09-24T00:45:29.753-0400: 87.039: [GC (GCLocker Initiated GC) [PSYoungGen: 131333K->55487K(175104K)] 332164K->256390K(699392K), 0.0279139 secs] [Times: user=0.27 sys=0.00, real=0.03 secs] 
2016-09-24T00:45:29.897-0400: 87.183: [GC (GCLocker Initiated GC) [PSYoungGen: 143551K->55255K(175104K)] 344799K->287162K(699392K), 0.0317377 secs] [Times: user=0.33 sys=0.00, real=0.03 secs] 
2016-09-24T00:45:30.037-0400: 87.324: [GC (GCLocker Initiated GC) [PSYoungGen: 143319K->55351K(175104K)] 375547K->324101K(699392K), 0.0195176 secs] [Times: user=0.21 sys=0.01, real=0.02 secs] 
2016-09-24T00:45:30.167-0400: 87.453: [GC (GCLocker Initiated GC) [PSYoungGen: 143415K->55419K(175104K)] 418242K->330358K(699392K), 0.0079661 secs] [Times: user=0.07 sys=0.01, real=0.01 secs] 
2016-09-24T00:45:30.290-0400: 87.576: [GC (Allocation Failure) [PSYoungGen: 143483K->73544K(175104K)] 418670K->361321K(699392K), 0.0262915 secs] [Times: user=0.28 sys=0.01, real=0.03 secs] 
2016-09-24T00:45:30.316-0400: 87.603: [GC (GCLocker Initiated GC) [PSYoungGen: 73894K->64K(175104K)] 361671K->361095K(699392K), 0.0080259 secs] [Times: user=0.07 sys=0.00, real=0.01 secs] 
2016-09-24T00:45:30.443-0400: 87.729: [GC (GCLocker Initiated GC) [PSYoungGen: 87007K->74004K(175104K)] 454114K->441110K(699392K), 0.0218259 secs] [Times: user=0.24 sys=0.00, real=0.02 secs] 
2016-09-24T00:45:30.615-0400: 87.901: [GC (Allocation Failure) [PSYoungGen: 162068K->49116K(175104K)] 529524K->447378K(699392K), 0.0182427 secs] [Times: user=0.18 sys=0.01, real=0.01 secs] 
2016-09-24T00:45:30.728-0400: 88.015: [GC (GCLocker Initiated GC) [PSYoungGen: 137180K->73512K(175104K)] 535443K->490260K(699392K), 0.0089627 secs] [Times: user=0.07 sys=0.00, real=0.01 secs] 
2016-09-24T00:45:30.861-0400: 88.147: [GC (GCLocker Initiated GC) [PSYoungGen: 161576K->55515K(175104K)] 584760K->533517K(699392K), 0.0341413 secs] [Times: user=0.34 sys=0.02, real=0.04 secs] 
2016-09-24T00:45:30.895-0400: 88.182: [Full GC (Ergonomics) [PSYoungGen: 55515K->0K(175104K)] [ParOldGen: 478002K->53477K(524288K)] 533517K->53477K(699392K), [Metaspace: 44358K->44358K(1087488K)], 0.0632331 secs] [Times: user=0.34 sys=0.01, real=0.06 secs] 
2016-09-24T00:45:31.068-0400: 88.355: [GC (GCLocker Initiated GC) [PSYoungGen: 88064K->73576K(175104K)] 141656K->127168K(699392K), 0.0102042 secs] [Times: user=0.07 sys=0.00, real=0.01 secs] 
2016-09-24T00:45:31.191-0400: 88.478: [GC (GCLocker Initiated GC) [PSYoungGen: 161640K->73808K(175104K)] 221612K->164835K(699392K), 0.0145072 secs] [Times: user=0.15 sys=0.00, real=0.02 secs] 
2016-09-24T00:45:31.350-0400: 88.637: [GC (GCLocker Initiated GC) [PSYoungGen: 161872K->49048K(175104K)] 259172K->183074K(699392K), 0.0132078 secs] [Times: user=0.14 sys=0.00, real=0.02 secs] 
2016-09-24T00:45:31.476-0400: 88.762: [GC (GCLocker Initiated GC) [PSYoungGen: 137112K->73316K(175104K)] 271208K->231840K(699392K), 0.0095813 secs] [Times: user=0.09 sys=0.00, real=0.01 secs] 
2016-09-24T00:45:31.610-0400: 88.896: [GC (GCLocker Initiated GC) [PSYoungGen: 161380K->37030K(175104K)] 326104K->244367K(699392K), 0.0109278 secs] [Times: user=0.07 sys=0.01, real=0.01 secs] 
2016-09-24T00:45:31.729-0400: 89.015: [GC (GCLocker Initiated GC) [PSYoungGen: 125094K->73836K(175104K)] 338760K->306019K(699392K), 0.0140676 secs] [Times: user=0.16 sys=0.00, real=0.02 secs] 
2016-09-24T00:45:31.877-0400: 89.164: [GC (GCLocker Initiated GC) [PSYoungGen: 161900K->37226K(175104K)] 406358K->318409K(699392K), 0.0120395 secs] [Times: user=0.10 sys=0.00, real=0.01 secs] 
2016-09-24T00:45:32.011-0400: 89.297: [GC (Allocation Failure) [PSYoungGen: 125290K->61266K(175104K)] 412859K->348930K(699392K), 0.0104791 secs] [Times: user=0.09 sys=0.00, real=0.01 secs] 
2016-09-24T00:45:32.160-0400: 89.446: [GC (GCLocker Initiated GC) [PSYoungGen: 149330K->55191K(175104K)] 437000K->361361K(699392K), 0.0124929 secs] [Times: user=0.12 sys=0.00, real=0.01 secs] 
2016-09-24T00:45:32.294-0400: 89.580: [GC (GCLocker Initiated GC) [PSYoungGen: 143255K->73220K(175104K)] 449596K->379820K(699392K), 0.0305806 secs] [Times: user=0.31 sys=0.00, real=0.04 secs] 
2016-09-24T00:45:32.419-0400: 89.705: [GC (GCLocker Initiated GC) [PSYoungGen: 161284K->85954K(175104K)] 474108K->417139K(699392K), 0.0091125 secs] [Times: user=0.09 sys=0.00, real=0.01 secs] 
2016-09-24T00:45:32.516-0400: 89.802: [GC (GCLocker Initiated GC) [PSYoungGen: 174018K->85854K(175104K)] 505239K->472097K(699392K), 0.0136339 secs] [Times: user=0.19 sys=0.00, real=0.01 secs] 
2016-09-24T00:45:32.657-0400: 89.943: [GC (GCLocker Initiated GC) [PSYoungGen: 173918K->55251K(175104K)] 572484K->532936K(699392K), 0.0104984 secs] [Times: user=0.12 sys=0.01, real=0.01 secs] 
2016-09-24T00:45:32.667-0400: 89.954: [Full GC (Ergonomics) [PSYoungGen: 55251K->0K(175104K)] [ParOldGen: 477685K->53414K(524288K)] 532936K->53414K(699392K), [Metaspace: 44359K->44359K(1087488K)], 0.0488892 secs] [Times: user=0.21 sys=0.00, real=0.05 secs] 
2016-09-24T00:45:32.830-0400: 90.117: [GC (Allocation Failure) [PSYoungGen: 88064K->85890K(175104K)] 141771K->145680K(699392K), 0.0150571 secs] [Times: user=0.14 sys=0.00, real=0.02 secs] 
2016-09-24T00:45:32.969-0400: 90.255: [GC (Allocation Failure) [PSYoungGen: 172961K->36998K(175104K)] 232752K->133506K(699392K), 0.0166744 secs] [Times: user=0.17 sys=0.00, real=0.02 secs] 
2016-09-24T00:45:33.098-0400: 90.384: [GC (GCLocker Initiated GC) [PSYoungGen: 120465K->55351K(175104K)] 223048K->158186K(699392K), 0.0227588 secs] [Times: user=0.25 sys=0.00, real=0.02 secs] 
2016-09-24T00:45:33.239-0400: 90.526: [GC (GCLocker Initiated GC) [PSYoungGen: 143415K->85690K(175104K)] 246552K->225584K(699392K), 0.0130442 secs] [Times: user=0.18 sys=0.00, real=0.01 secs] 
2016-09-24T00:45:33.343-0400: 90.629: [GC (GCLocker Initiated GC) [PSYoungGen: 173754K->73836K(175104K)] 314353K->232819K(699392K), 0.0121896 secs] [Times: user=0.16 sys=0.00, real=0.01 secs] 
2016-09-24T00:45:33.470-0400: 90.757: [GC (GCLocker Initiated GC) [PSYoungGen: 161900K->73444K(175104K)] 320913K->251310K(699392K), 0.0099905 secs] [Times: user=0.13 sys=0.00, real=0.01 secs] 
2016-09-24T00:45:33.604-0400: 90.890: [GC (GCLocker Initiated GC) [PSYoungGen: 161508K->85854K(175104K)] 339477K->318642K(699392K), 0.0123432 secs] [Times: user=0.19 sys=0.00, real=0.01 secs] 
2016-09-24T00:45:33.715-0400: 91.001: [GC (GCLocker Initiated GC) [PSYoungGen: 173918K->86018K(175104K)] 406736K->379925K(699392K), 0.0132830 secs] [Times: user=0.20 sys=0.00, real=0.01 secs] 
2016-09-24T00:45:33.857-0400: 91.144: [GC (GCLocker Initiated GC) [PSYoungGen: 174082K->73608K(175104K)] 474123K->447013K(699392K), 0.0137572 secs] [Times: user=0.15 sys=0.00, real=0.01 secs] 
2016-09-24T00:45:33.991-0400: 91.277: [GC (Allocation Failure) [PSYoungGen: 161672K->67633K(175104K)] 535415K->453818K(699392K), 0.0108084 secs] [Times: user=0.10 sys=0.00, real=0.01 secs] 
2016-09-24T00:45:34.113-0400: 91.400: [GC (Allocation Failure) [PSYoungGen: 155697K->43205K(175104K)] 541882K->448038K(699392K), 0.0278014 secs] [Times: user=0.26 sys=0.00, real=0.03 secs] 
2016-09-24T00:45:34.256-0400: 91.542: [GC (GCLocker Initiated GC) [PSYoungGen: 131269K->85694K(175104K)] 536103K->515103K(699392K), 0.0102901 secs] [Times: user=0.08 sys=0.00, real=0.01 secs] 
2016-09-24T00:45:34.404-0400: 91.691: [GC (GCLocker Initiated GC) [PSYoungGen: 173758K->67309K(175104K)] 609357K->509079K(699392K), 0.0156936 secs] [Times: user=0.14 sys=0.00, real=0.01 secs] 
2016-09-24T00:45:34.420-0400: 91.707: [Full GC (Ergonomics) [PSYoungGen: 67309K->0K(175104K)] [ParOldGen: 441769K->47147K(524288K)] 509079K->47147K(699392K), [Metaspace: 44373K->44373K(1087488K)], 0.0560575 secs] [Times: user=0.26 sys=0.00, real=0.06 secs] 
2016-09-24T00:45:34.577-0400: 91.863: [GC (GCLocker Initiated GC) [PSYoungGen: 88064K->86506K(175104K)] 141468K->170285K(699392K), 0.0102976 secs] [Times: user=0.10 sys=0.00, real=0.01 secs] 
2016-09-24T00:45:34.708-0400: 91.994: [GC (GCLocker Initiated GC) [PSYoungGen: 174570K->36962K(175104K)] 270586K->206761K(699392K), 0.0156724 secs] [Times: user=0.17 sys=0.00, real=0.02 secs] 
2016-09-24T00:45:34.849-0400: 92.136: [GC (GCLocker Initiated GC) [PSYoungGen: 125026K->61654K(175104K)] 301004K->262068K(699392K), 0.0183265 secs] [Times: user=0.18 sys=0.00, real=0.02 secs] 
2016-09-24T00:45:35.012-0400: 92.298: [GC (GCLocker Initiated GC) [PSYoungGen: 149718K->24979K(175104K)] 368628K->286846K(699392K), 0.0161781 secs] [Times: user=0.13 sys=0.00, real=0.02 secs] 
2016-09-24T00:45:35.147-0400: 92.434: [GC (GCLocker Initiated GC) [PSYoungGen: 113043K->37094K(175104K)] 381301K->305643K(699392K), 0.0097643 secs] [Times: user=0.12 sys=0.00, real=0.01 secs] 
2016-09-24T00:45:35.267-0400: 92.553: [GC (GCLocker Initiated GC) [PSYoungGen: 125158K->73676K(175104K)] 399885K->348687K(699392K), 0.0158657 secs] [Times: user=0.16 sys=0.00, real=0.02 secs] 
2016-09-24T00:45:35.430-0400: 92.716: [GC (Allocation Failure) [PSYoungGen: 161740K->37226K(175104K)] 455028K->379381K(699392K), 0.0349825 secs] [Times: user=0.35 sys=0.00, real=0.04 secs] 
2016-09-24T00:45:35.591-0400: 92.877: [GC (GCLocker Initiated GC) [PSYoungGen: 125290K->55255K(175104K)] 467451K->397675K(699392K), 0.0146976 secs] [Times: user=0.15 sys=0.00, real=0.02 secs] 
2016-09-24T00:45:35.699-0400: 92.985: [GC (GCLocker Initiated GC) [PSYoungGen: 143319K->85822K(175104K)] 485882K->458880K(699392K), 0.0136728 secs] [Times: user=0.18 sys=0.00, real=0.01 secs] 
2016-09-24T00:45:35.838-0400: 93.124: [GC (GCLocker Initiated GC) [PSYoungGen: 173886K->67633K(175104K)] 547036K->459291K(699392K), 0.0332180 secs] [Times: user=0.34 sys=0.00, real=0.03 secs] 
2016-09-24T00:45:36.005-0400: 93.292: [GC (Allocation Failure) [PSYoungGen: 155697K->49084K(175104K)] 553522K->489873K(699392K), 0.0160946 secs] [Times: user=0.16 sys=0.00, real=0.01 secs] 
2016-09-24T00:45:36.129-0400: 93.416: [Full GC (Ergonomics) [PSYoungGen: 133372K->0K(175104K)] [ParOldGen: 446864K->53447K(524288K)] 580237K->53447K(699392K), [Metaspace: 44373K->44373K(1087488K)], 0.0615526 secs] [Times: user=0.36 sys=0.00, real=0.06 secs] 
2016-09-24T00:45:36.306-0400: 93.593: [GC (GCLocker Initiated GC) [PSYoungGen: 88064K->85986K(175104K)] 141559K->145556K(699392K), 0.0095225 secs] [Times: user=0.11 sys=0.00, real=0.01 secs] 
2016-09-24T00:45:36.458-0400: 93.744: [GC (GCLocker Initiated GC) [PSYoungGen: 174050K->43009K(175104K)] 239894K->133568K(699392K), 0.0374985 secs] [Times: user=0.40 sys=0.00, real=0.04 secs] 
2016-09-24T00:45:36.620-0400: 93.906: [GC (GCLocker Initiated GC) [PSYoungGen: 131073K->73804K(175104K)] 227912K->201310K(699392K), 0.0123729 secs] [Times: user=0.16 sys=0.00, real=0.01 secs] 
2016-09-24T00:45:36.747-0400: 94.034: [GC (GCLocker Initiated GC) [PSYoungGen: 161868K->37062K(175104K)] 295553K->189427K(699392K), 0.0220980 secs] [Times: user=0.21 sys=0.00, real=0.02 secs] 
2016-09-24T00:45:36.879-0400: 94.165: [GC (GCLocker Initiated GC) [PSYoungGen: 125126K->55519K(175104K)] 277504K->226233K(699392K), 0.0182329 secs] [Times: user=0.14 sys=0.00, real=0.02 secs] 
2016-09-24T00:45:37.057-0400: 94.343: [GC (Allocation Failure) [PSYoungGen: 143583K->49176K(175104K)] 326550K->275288K(699392K), 0.0178233 secs] [Times: user=0.20 sys=0.00, real=0.02 secs] 
2016-09-24T00:45:37.201-0400: 94.488: [GC (Allocation Failure) [PSYoungGen: 134570K->55187K(175104K)] 360682K->305726K(699392K), 0.0103011 secs] [Times: user=0.11 sys=0.00, real=0.01 secs] 
2016-09-24T00:45:37.302-0400: 94.589: [GC (GCLocker Initiated GC) [PSYoungGen: 143251K->73512K(175104K)] 393796K->324169K(699392K), 0.0374351 secs] [Times: user=0.41 sys=0.00, real=0.03 secs] 
2016-09-24T00:45:37.473-0400: 94.759: [GC (GCLocker Initiated GC) [PSYoungGen: 161576K->79423K(175104K)] 418478K->354818K(699392K), 0.0171962 secs] [Times: user=0.18 sys=0.00, real=0.02 secs] 
2016-09-24T00:45:37.610-0400: 94.896: [GC (Allocation Failure) [PSYoungGen: 167487K->43233K(175104K)] 449038K->391728K(699392K), 0.0104276 secs] [Times: user=0.08 sys=0.00, real=0.01 secs] 
2016-09-24T00:45:37.729-0400: 95.016: [GC (GCLocker Initiated GC) [PSYoungGen: 131297K->48952K(175104K)] 479792K->428090K(699392K), 0.0138784 secs] [Times: user=0.12 sys=0.00, real=0.02 secs] 
2016-09-24T00:45:37.868-0400: 95.154: [GC (GCLocker Initiated GC) [PSYoungGen: 137016K->55159K(175104K)] 516229K->452700K(699392K), 0.0308876 secs] [Times: user=0.28 sys=0.01, real=0.03 secs] 
2016-09-24T00:45:38.033-0400: 95.320: [GC (Allocation Failure) [PSYoungGen: 143223K->55255K(175104K)] 547133K->477641K(699392K), 0.0530385 secs] [Times: user=0.58 sys=0.01, real=0.06 secs] 
2016-09-24T00:45:38.201-0400: 95.488: [GC (GCLocker Initiated GC) [PSYoungGen: 139086K->55319K(175104K)] 567548K->483884K(699392K), 0.0065260 secs] [Times: user=0.06 sys=0.00, real=0.01 secs] 
2016-09-24T00:45:38.329-0400: 95.616: [GC (GCLocker Initiated GC) [PSYoungGen: 143383K->37130K(175104K)] 584363K->514640K(699392K), 0.0344195 secs] [Times: user=0.34 sys=0.00, real=0.04 secs] 
2016-09-24T00:45:38.364-0400: 95.650: [Full GC (Ergonomics) [PSYoungGen: 37130K->0K(175104K)] [ParOldGen: 477510K->53333K(524288K)] 514640K->53333K(699392K), [Metaspace: 44376K->44376K(1087488K)], 0.0530694 secs] [Times: user=0.28 sys=0.01, real=0.05 secs] 
2016-09-24T00:45:38.533-0400: 95.819: [GC (GCLocker Initiated GC) [PSYoungGen: 88064K->73444K(175104K)] 141450K->126831K(699392K), 0.0121703 secs] [Times: user=0.15 sys=0.00, real=0.02 secs] 
2016-09-24T00:45:38.659-0400: 95.946: [GC (GCLocker Initiated GC) [PSYoungGen: 161508K->67893K(175104K)] 214919K->139673K(699392K), 0.0078038 secs] [Times: user=0.07 sys=0.00, real=0.01 secs] 
2016-09-24T00:45:38.803-0400: 96.090: [GC (GCLocker Initiated GC) [PSYoungGen: 155957K->43397K(175104K)] 240231K->176711K(699392K), 0.0119366 secs] [Times: user=0.11 sys=0.00, real=0.01 secs] 
2016-09-24T00:45:38.952-0400: 96.238: [GC (Allocation Failure) [PSYoungGen: 131461K->67209K(175104K)] 264895K->200918K(699392K), 0.0240177 secs] [Times: user=0.22 sys=0.01, real=0.03 secs] 
2016-09-24T00:45:39.093-0400: 96.379: [GC (GCLocker Initiated GC) [PSYoungGen: 154566K->43365K(175104K)] 294351K->225770K(699392K), 0.0094516 secs] [Times: user=0.09 sys=0.00, real=0.01 secs] 
2016-09-24T00:45:39.242-0400: 96.528: [GC (GCLocker Initiated GC) [PSYoungGen: 131429K->79523K(175104K)] 314032K->262565K(699392K), 0.0238543 secs] [Times: user=0.24 sys=0.00, real=0.03 secs] 
2016-09-24T00:45:39.367-0400: 96.653: [GC (GCLocker Initiated GC) [PSYoungGen: 167587K->67601K(175104K)] 350728K->269054K(699392K), 0.0193135 secs] [Times: user=0.17 sys=0.00, real=0.02 secs] 
2016-09-24T00:45:39.488-0400: 96.775: [GC (GCLocker Initiated GC) [PSYoungGen: 155665K->73544K(175104K)] 357245K->336173K(699392K), 0.0225261 secs] [Times: user=0.24 sys=0.00, real=0.02 secs] 
2016-09-24T00:45:39.621-0400: 96.907: [GC (GCLocker Initiated GC) [PSYoungGen: 161608K->79683K(175104K)] 424285K->391267K(699392K), 0.0314115 secs] [Times: user=0.38 sys=0.00, real=0.03 secs] 
2016-09-24T00:45:39.759-0400: 97.046: [GC (GCLocker Initiated GC) [PSYoungGen: 167747K->73836K(175104K)] 479378K->416150K(699392K), 0.0162761 secs] [Times: user=0.20 sys=0.00, real=0.02 secs] 
2016-09-24T00:45:39.896-0400: 97.182: [GC (GCLocker Initiated GC) [PSYoungGen: 161900K->49180K(175104K)] 504345K->428350K(699392K), 0.0100477 secs] [Times: user=0.07 sys=0.00, real=0.01 secs] 
2016-09-24T00:45:40.036-0400: 97.322: [GC (GCLocker Initiated GC) [PSYoungGen: 137244K->79783K(175104K)] 516591K->477450K(699392K), 0.0425685 secs] [Times: user=0.47 sys=0.01, real=0.04 secs] 
2016-09-24T00:45:40.206-0400: 97.492: [GC (GCLocker Initiated GC) [PSYoungGen: 167847K->67565K(175104K)] 571620K->489870K(699392K), 0.0074614 secs] [Times: user=0.08 sys=0.00, real=0.00 secs] 
2016-09-24T00:45:40.323-0400: 97.609: [GC (GCLocker Initiated GC) [PSYoungGen: 155629K->73544K(175104K)] 578105K->538641K(699392K), 0.0248861 secs] [Times: user=0.30 sys=0.00, real=0.02 secs] 
2016-09-24T00:45:40.348-0400: 97.634: [Full GC (Ergonomics) [PSYoungGen: 73544K->0K(175104K)] [ParOldGen: 465097K->45655K(524288K)] 538641K->45655K(699392K), [Metaspace: 44376K->44376K(1087488K)], 0.1504777 secs] [Times: user=1.75 sys=0.01, real=0.15 secs] 
2016-09-24T00:45:40.604-0400: 97.890: [GC (GCLocker Initiated GC) [PSYoungGen: 88064K->80135K(175104K)] 140144K->132215K(699392K), 0.0076042 secs] [Times: user=0.06 sys=0.00, real=0.00 secs] 
2016-09-24T00:45:40.734-0400: 98.020: [GC (Allocation Failure) [PSYoungGen: 168199K->49308K(175104K)] 226564K->163059K(699392K), 0.0176344 secs] [Times: user=0.19 sys=0.00, real=0.02 secs] 
2016-09-24T00:45:40.861-0400: 98.147: [GC (GCLocker Initiated GC) [PSYoungGen: 137372K->73968K(175104K)] 251129K->206093K(699392K), 0.0126016 secs] [Times: user=0.17 sys=0.00, real=0.01 secs] 
2016-09-24T00:45:40.999-0400: 98.285: [GC (GCLocker Initiated GC) [PSYoungGen: 162032K->73544K(175104K)] 294250K->224302K(699392K), 0.0108753 secs] [Times: user=0.12 sys=0.00, real=0.01 secs] 
2016-09-24T00:45:41.109-0400: 98.396: [GC (GCLocker Initiated GC) [PSYoungGen: 161608K->73512K(175104K)] 312369K->230452K(699392K), 0.0239965 secs] [Times: user=0.26 sys=0.00, real=0.02 secs] 
2016-09-24T00:45:41.252-0400: 98.539: [GC (Allocation Failure) [PSYoungGen: 161576K->85790K(175104K)] 318871K->249444K(699392K), 0.0094020 secs] [Times: user=0.08 sys=0.00, real=0.01 secs] 
2016-09-24T00:45:41.394-0400: 98.680: [GC (GCLocker Initiated GC) [PSYoungGen: 173854K->55415K(175104K)] 337513K->255847K(699392K), 0.0085226 secs] [Times: user=0.12 sys=0.00, real=0.02 secs] 
2016-09-24T00:45:41.501-0400: 98.787: [GC (GCLocker Initiated GC) [PSYoungGen: 143479K->43105K(175104K)] 350452K->268407K(699392K), 0.0113355 secs] [Times: user=0.11 sys=0.00, real=0.01 secs] 
2016-09-24T00:45:41.652-0400: 98.938: [GC (GCLocker Initiated GC) [PSYoungGen: 131169K->18904K(175104K)] 380907K->287128K(699392K), 0.0063302 secs] [Times: user=0.05 sys=0.00, real=0.01 secs] 
2016-09-24T00:45:41.809-0400: 99.096: [GC (Allocation Failure) [PSYoungGen: 106968K->42945K(175104K)] 381616K->317836K(699392K), 0.0266939 secs] [Times: user=0.22 sys=0.00, real=0.03 secs] 
2016-09-24T00:45:41.939-0400: 99.226: [GC (GCLocker Initiated GC) [PSYoungGen: 131009K->61622K(175104K)] 405905K->354847K(699392K), 0.0186169 secs] [Times: user=0.20 sys=0.00, real=0.02 secs] 
2016-09-24T00:45:42.064-0400: 99.350: [GC (Allocation Failure) [PSYoungGen: 149686K->85630K(175104K)] 443266K->422011K(699392K), 0.0124707 secs] [Times: user=0.11 sys=0.00, real=0.01 secs] 
2016-09-24T00:45:42.201-0400: 99.488: [GC (GCLocker Initiated GC) [PSYoungGen: 172558K->36934K(175104K)] 515014K->391603K(699392K), 0.0180479 secs] [Times: user=0.17 sys=0.00, real=0.02 secs] 
2016-09-24T00:45:42.323-0400: 99.610: [GC (GCLocker Initiated GC) [PSYoungGen: 124998K->85794K(175104K)] 479749K->446755K(699392K), 0.0273128 secs] [Times: user=0.31 sys=0.01, real=0.02 secs] 
2016-09-24T00:45:42.450-0400: 99.736: [GC (GCLocker Initiated GC) [PSYoungGen: 173858K->79783K(175104K)] 541255K->483898K(699392K), 0.0145754 secs] [Times: user=0.13 sys=0.00, real=0.02 secs] 
2016-09-24T00:45:42.595-0400: 99.882: [GC (GCLocker Initiated GC) [PSYoungGen: 167847K->49112K(175104K)] 578219K->496241K(699392K), 0.0218016 secs] [Times: user=0.26 sys=0.00, real=0.02 secs] 
2016-09-24T00:45:42.704-0400: 99.991: [GC (GCLocker Initiated GC) [PSYoungGen: 137176K->49116K(175104K)] 584398K->532876K(699392K), 0.0155217 secs] [Times: user=0.16 sys=0.00, real=0.01 secs] 
2016-09-24T00:45:42.720-0400: 100.007: [Full GC (Ergonomics) [PSYoungGen: 49116K->0K(175104K)] [ParOldGen: 483760K->52155K(524288K)] 532876K->52155K(699392K), [Metaspace: 44381K->44381K(1087488K)], 0.0565261 secs] [Times: user=0.31 sys=0.02, real=0.06 secs] 
2016-09-24T00:45:42.875-0400: 100.161: [GC (GCLocker Initiated GC) [PSYoungGen: 88064K->86506K(175104K)] 140278K->163020K(699392K), 0.0143396 secs] [Times: user=0.19 sys=0.00, real=0.01 secs] 
2016-09-24T00:45:43.017-0400: 100.304: [GC (GCLocker Initiated GC) [PSYoungGen: 174570K->43041K(175104K)] 257224K->169055K(699392K), 0.0159279 secs] [Times: user=0.15 sys=0.00, real=0.01 secs] 
2016-09-24T00:45:43.143-0400: 100.430: [GC (GCLocker Initiated GC) [PSYoungGen: 131105K->79491K(175104K)] 257137K->205782K(699392K), 0.0338733 secs] [Times: user=0.31 sys=0.00, real=0.03 secs] 
2016-09-24T00:45:43.302-0400: 100.588: [GC (Allocation Failure) [PSYoungGen: 167555K->43141K(175104K)] 300232K->200362K(699392K), 0.0182499 secs] [Times: user=0.17 sys=0.01, real=0.02 secs] 
2016-09-24T00:45:43.442-0400: 100.729: [GC (Allocation Failure) [PSYoungGen: 129978K->37030K(175104K)] 287199K->194542K(699392K), 0.0125894 secs] [Times: user=0.12 sys=0.01, real=0.01 secs] 
2016-09-24T00:45:43.562-0400: 100.848: [GC (GCLocker Initiated GC) [PSYoungGen: 125094K->73544K(175104K)] 282612K->249406K(699392K), 0.0086124 secs] [Times: user=0.10 sys=0.00, real=0.01 secs] 
2016-09-24T00:45:43.680-0400: 100.967: [GC (GCLocker Initiated GC) [PSYoungGen: 161608K->37162K(175104K)] 343638K->255745K(699392K), 0.0114847 secs] [Times: user=0.09 sys=0.00, real=0.01 secs] 
2016-09-24T00:45:43.797-0400: 101.084: [GC (GCLocker Initiated GC) [PSYoungGen: 125226K->61330K(175104K)] 344091K->280471K(699392K), 0.0082037 secs] [Times: user=0.06 sys=0.00, real=0.01 secs] 
2016-09-24T00:45:43.901-0400: 101.187: [GC (GCLocker Initiated GC) [PSYoungGen: 149394K->80075K(175104K)] 368638K->317859K(699392K), 0.0221247 secs] [Times: user=0.28 sys=0.00, real=0.03 secs] 
2016-09-24T00:45:44.058-0400: 101.344: [GC (GCLocker Initiated GC) [PSYoungGen: 168139K->73736K(175104K)] 418205K->360715K(699392K), 0.0183623 secs] [Times: user=0.22 sys=0.01, real=0.02 secs] 
2016-09-24T00:45:44.212-0400: 101.498: [GC (GCLocker Initiated GC) [PSYoungGen: 161800K->67601K(175104K)] 455215K->397594K(699392K), 0.0215897 secs] [Times: user=0.26 sys=0.00, real=0.02 secs] 
2016-09-24T00:45:44.345-0400: 101.632: [GC (GCLocker Initiated GC) [PSYoungGen: 155665K->61494K(175104K)] 491820K->416297K(699392K), 0.0183868 secs] [Times: user=0.19 sys=0.00, real=0.02 secs] 
2016-09-24T00:45:44.463-0400: 101.750: [GC (Allocation Failure) [PSYoungGen: 149558K->85566K(175104K)] 504408K->489144K(699392K), 0.0307242 secs] [Times: user=0.27 sys=0.00, real=0.02 secs] 
2016-09-24T00:45:44.646-0400: 101.932: [GC (Allocation Failure) [PSYoungGen: 168714K->24915K(175104K)] 572292K->465179K(699392K), 0.0322930 secs] [Times: user=0.32 sys=0.00, real=0.03 secs] 
2016-09-24T00:45:44.799-0400: 102.085: [GC (GCLocker Initiated GC) [PSYoungGen: 112979K->73284K(175104K)] 553244K->513972K(699392K), 0.0082228 secs] [Times: user=0.06 sys=0.01, real=0.01 secs] 
2016-09-24T00:45:44.897-0400: 102.183: [GC (GCLocker Initiated GC) [PSYoungGen: 161348K->85826K(175104K)] 602072K->557068K(699392K), 0.0292174 secs] [Times: user=0.31 sys=0.00, real=0.03 secs] 
2016-09-24T00:45:44.926-0400: 102.213: [Full GC (Ergonomics) [PSYoungGen: 85826K->0K(175104K)] [ParOldGen: 471242K->52381K(524288K)] 557068K->52381K(699392K), [Metaspace: 44381K->44381K(1087488K)], 0.0675613 secs] [Times: user=0.44 sys=0.01, real=0.06 secs] 
2016-09-24T00:45:45.129-0400: 102.415: [GC (GCLocker Initiated GC) [PSYoungGen: 88064K->55575K(175104K)] 146527K->114038K(699392K), 0.0059925 secs] [Times: user=0.06 sys=0.00, real=0.01 secs] 
2016-09-24T00:45:45.251-0400: 102.537: [GC (GCLocker Initiated GC) [PSYoungGen: 143639K->55287K(175104K)] 202172K->132577K(699392K), 0.0074377 secs] [Times: user=0.05 sys=0.00, real=0.01 secs] 
2016-09-24T00:45:45.397-0400: 102.683: [GC (GCLocker Initiated GC) [PSYoungGen: 143351K->24784K(175104K)] 220752K->144985K(699392K), 0.0143959 secs] [Times: user=0.14 sys=0.00, real=0.01 secs] 
2016-09-24T00:45:45.516-0400: 102.803: [GC (GCLocker Initiated GC) [PSYoungGen: 112848K->61394K(175104K)] 239468K->206515K(699392K), 0.0156009 secs] [Times: user=0.16 sys=0.00, real=0.01 secs] 
2016-09-24T00:45:45.647-0400: 102.934: [GC (GCLocker Initiated GC) [PSYoungGen: 149458K->79587K(175104K)] 294721K->225125K(699392K), 0.0145826 secs] [Times: user=0.12 sys=0.00, real=0.01 secs] 
2016-09-24T00:45:45.811-0400: 103.097: [GC (GCLocker Initiated GC) [PSYoungGen: 167651K->37094K(175104K)] 331765K->219700K(699392K), 0.0133838 secs] [Times: user=0.08 sys=0.00, real=0.02 secs] 
2016-09-24T00:45:45.955-0400: 103.241: [GC (Allocation Failure) [PSYoungGen: 125158K->55059K(175104K)] 314004K->244172K(699392K), 0.0097255 secs] [Times: user=0.08 sys=0.00, real=0.01 secs] 
2016-09-24T00:45:46.061-0400: 103.348: [GC (GCLocker Initiated GC) [PSYoungGen: 138073K->73772K(175104K)] 333261K->287297K(699392K), 0.0162505 secs] [Times: user=0.16 sys=0.01, real=0.02 secs] 
2016-09-24T00:45:46.231-0400: 103.518: [GC (GCLocker Initiated GC) [PSYoungGen: 161836K->49016K(175104K)] 381573K->287425K(699392K), 0.0198060 secs] [Times: user=0.20 sys=0.00, real=0.02 secs] 
2016-09-24T00:45:46.361-0400: 103.648: [GC (GCLocker Initiated GC) [PSYoungGen: 137080K->85626K(175104K)] 375576K->372873K(699392K), 0.0218163 secs] [Times: user=0.23 sys=0.01, real=0.03 secs] 
2016-09-24T00:45:46.495-0400: 103.781: [GC (GCLocker Initiated GC) [PSYoungGen: 173690K->55579K(175104K)] 467188K->428172K(699392K), 0.0174584 secs] [Times: user=0.22 sys=0.00, real=0.01 secs] 
2016-09-24T00:45:46.656-0400: 103.942: [GC (GCLocker Initiated GC) [PSYoungGen: 143643K->37062K(175104K)] 529121K->422807K(699392K), 0.0097292 secs] [Times: user=0.11 sys=0.00, real=0.01 secs] 
2016-09-24T00:45:46.783-0400: 104.070: [GC (GCLocker Initiated GC) [PSYoungGen: 125126K->73708K(175104K)] 511210K->460107K(699392K), 0.0084810 secs] [Times: user=0.07 sys=0.00, real=0.00 secs] 
2016-09-24T00:45:46.888-0400: 104.175: [GC (GCLocker Initiated GC) [PSYoungGen: 161772K->67209K(175104K)] 548308K->484379K(699392K), 0.0120511 secs] [Times: user=0.09 sys=0.00, real=0.01 secs] 
2016-09-24T00:45:47.022-0400: 104.308: [GC (GCLocker Initiated GC) [PSYoungGen: 155273K->49248K(175104K)] 572625K->484912K(699392K), 0.0098224 secs] [Times: user=0.07 sys=0.02, real=0.01 secs] 
2016-09-24T00:45:47.147-0400: 104.433: [GC (GCLocker Initiated GC) [PSYoungGen: 137312K->73672K(175104K)] 579311K->516159K(699392K), 0.0125218 secs] [Times: user=0.15 sys=0.00, real=0.01 secs] 
2016-09-24T00:45:47.297-0400: 104.584: [GC (GCLocker Initiated GC) [PSYoungGen: 161736K->55383K(175104K)] 616510K->528517K(699392K), 0.0085364 secs] [Times: user=0.10 sys=0.00, real=0.01 secs] 
2016-09-24T00:45:47.306-0400: 104.592: [Full GC (Ergonomics) [PSYoungGen: 55383K->0K(175104K)] [ParOldGen: 473134K->46219K(524288K)] 528517K->46219K(699392K), [Metaspace: 44387K->44387K(1087488K)], 0.0526677 secs] [Times: user=0.34 sys=0.01, real=0.05 secs] 
2016-09-24T00:45:47.478-0400: 104.764: [GC (GCLocker Initiated GC) [PSYoungGen: 88064K->86438K(175104K)] 140641K->145090K(699392K), 0.0096482 secs] [Times: user=0.11 sys=0.01, real=0.01 secs] 
2016-09-24T00:45:47.643-0400: 104.929: [GC (GCLocker Initiated GC) [PSYoungGen: 174502K->18936K(175104K)] 251639K->139286K(699392K), 0.0167981 secs] [Times: user=0.12 sys=0.00, real=0.01 secs] 
2016-09-24T00:45:47.792-0400: 105.079: [GC (GCLocker Initiated GC) [PSYoungGen: 107000K->67633K(175104K)] 227387K->188318K(699392K), 0.0067834 secs] [Times: user=0.10 sys=0.00, real=0.01 secs] 
2016-09-24T00:45:47.899-0400: 105.185: [GC (GCLocker Initiated GC) [PSYoungGen: 155697K->73608K(175104K)] 276558K->243189K(699392K), 0.0199646 secs] [Times: user=0.25 sys=0.00, real=0.02 secs] 
2016-09-24T00:45:48.032-0400: 105.318: [GC (GCLocker Initiated GC) [PSYoungGen: 161672K->85822K(175104K)] 331367K->261868K(699392K), 0.0117541 secs] [Times: user=0.11 sys=0.01, real=0.02 secs] 
2016-09-24T00:45:48.160-0400: 105.446: [GC (Allocation Failure) [PSYoungGen: 173886K->36966K(175104K)] 350164K->262119K(699392K), 0.0239577 secs] [Times: user=0.22 sys=0.01, real=0.03 secs] 
2016-09-24T00:45:48.299-0400: 105.585: [GC (GCLocker Initiated GC) [PSYoungGen: 125027K->49216K(175104K)] 350187K->305018K(699392K), 0.0128586 secs] [Times: user=0.12 sys=0.00, real=0.01 secs] 
2016-09-24T00:45:48.450-0400: 105.736: [GC (GCLocker Initiated GC) [PSYoungGen: 137280K->73512K(175104K)] 393423K->348319K(699392K), 0.0198683 secs] [Times: user=0.21 sys=0.01, real=0.02 secs] 
2016-09-24T00:45:48.622-0400: 105.908: [GC (GCLocker Initiated GC) [PSYoungGen: 161576K->61134K(175104K)] 436425K->354296K(699392K), 0.0095447 secs] [Times: user=0.07 sys=0.00, real=0.01 secs] 
2016-09-24T00:45:48.752-0400: 106.038: [GC (GCLocker Initiated GC) [PSYoungGen: 149198K->42877K(175104K)] 448661K->378894K(699392K), 0.0297601 secs] [Times: user=0.27 sys=0.00, real=0.03 secs] 
2016-09-24T00:45:48.888-0400: 106.175: [GC (GCLocker Initiated GC) [PSYoungGen: 130941K->85694K(175104K)] 467056K->440153K(699392K), 0.0178143 secs] [Times: user=0.16 sys=0.00, real=0.02 secs] 
2016-09-24T00:45:49.019-0400: 106.305: [GC (GCLocker Initiated GC) [PSYoungGen: 173758K->55419K(175104K)] 528266K->464862K(699392K), 0.0258843 secs] [Times: user=0.23 sys=0.01, real=0.03 secs] 
2016-09-24T00:45:49.164-0400: 106.451: [GC (GCLocker Initiated GC) [PSYoungGen: 143483K->42909K(175104K)] 559081K->519517K(699392K), 0.0169442 secs] [Times: user=0.19 sys=0.00, real=0.01 secs] 
2016-09-24T00:45:49.181-0400: 106.468: [Full GC (Ergonomics) [PSYoungGen: 42909K->0K(175104K)] [ParOldGen: 476608K->40515K(524288K)] 519517K->40515K(699392K), [Metaspace: 44388K->44388K(1087488K)], 0.0567415 secs] [Times: user=0.28 sys=0.01, real=0.06 secs] 
2016-09-24T00:45:49.360-0400: 106.647: [GC (Allocation Failure) [PSYoungGen: 88064K->73768K(175104K)] 134814K->120518K(699392K), 0.0150649 secs] [Times: user=0.13 sys=0.00, real=0.02 secs] 
2016-09-24T00:45:49.479-0400: 106.765: [GC (GCLocker Initiated GC) [PSYoungGen: 161832K->49144K(175104K)] 208582K->138974K(699392K), 0.0095597 secs] [Times: user=0.10 sys=0.00, real=0.01 secs] 
2016-09-24T00:45:49.615-0400: 106.902: [GC (GCLocker Initiated GC) [PSYoungGen: 137208K->55415K(175104K)] 233194K->169762K(699392K), 0.0239593 secs] [Times: user=0.32 sys=0.01, real=0.02 secs] 
2016-09-24T00:45:49.737-0400: 107.024: [GC (Allocation Failure) [PSYoungGen: 143479K->79583K(175104K)] 264474K->201042K(699392K), 0.0097565 secs] [Times: user=0.12 sys=0.00, real=0.01 secs] 
2016-09-24T00:45:49.863-0400: 107.149: [GC (GCLocker Initiated GC) [PSYoungGen: 167285K->67957K(175104K)] 294819K->256408K(699392K), 0.0118942 secs] [Times: user=0.16 sys=0.00, real=0.01 secs] 
2016-09-24T00:45:50.009-0400: 107.296: [GC (GCLocker Initiated GC) [PSYoungGen: 156021K->36934K(175104K)] 350790K->256231K(699392K), 0.0178839 secs] [Times: user=0.15 sys=0.01, real=0.02 secs] 
2016-09-24T00:45:50.135-0400: 107.422: [GC (GCLocker Initiated GC) [PSYoungGen: 124994K->73808K(175104K)] 350722K->299655K(699392K), 0.0119964 secs] [Times: user=0.11 sys=0.00, real=0.01 secs] 
2016-09-24T00:45:50.281-0400: 107.567: [GC (Allocation Failure) [PSYoungGen: 161871K->55191K(175104K)] 388662K->312781K(699392K), 0.0174744 secs] [Times: user=0.18 sys=0.00, real=0.02 secs] 
2016-09-24T00:45:50.404-0400: 107.691: [GC (GCLocker Initiated GC) [PSYoungGen: 143255K->85726K(175104K)] 400851K->349500K(699392K), 0.0122237 secs] [Times: user=0.10 sys=0.00, real=0.01 secs] 
2016-09-24T00:45:50.534-0400: 107.820: [GC (Allocation Failure) [PSYoungGen: 173790K->49148K(175104K)] 437763K->349838K(699392K), 0.0131411 secs] [Times: user=0.11 sys=0.01, real=0.02 secs] 
2016-09-24T00:45:50.675-0400: 107.961: [GC (GCLocker Initiated GC) [PSYoungGen: 133629K->55547K(175104K)] 440395K->411032K(699392K), 0.0214277 secs] [Times: user=0.22 sys=0.00, real=0.02 secs] 
2016-09-24T00:45:50.815-0400: 108.102: [GC (GCLocker Initiated GC) [PSYoungGen: 143611K->61298K(175104K)] 505493K->435753K(699392K), 0.0279806 secs] [Times: user=0.32 sys=0.00, real=0.03 secs] 
2016-09-24T00:45:50.961-0400: 108.247: [GC (GCLocker Initiated GC) [PSYoungGen: 149362K->67729K(175104K)] 536020K->478815K(699392K), 0.0144984 secs] [Times: user=0.19 sys=0.01, real=0.02 secs] 
2016-09-24T00:45:51.123-0400: 108.409: [GC (Allocation Failure) [PSYoungGen: 155793K->55223K(175104K)] 572990K->497003K(699392K), 0.0100436 secs] [Times: user=0.08 sys=0.01, real=0.00 secs] 
2016-09-24T00:45:51.244-0400: 108.530: [GC (GCLocker Initiated GC) [PSYoungGen: 139112K->61458K(175104K)] 586968K->558197K(699392K), 0.0179203 secs] [Times: user=0.18 sys=0.00, real=0.01 secs] 
2016-09-24T00:45:51.262-0400: 108.548: [Full GC (Ergonomics) [PSYoungGen: 61458K->0K(175104K)] [ParOldGen: 496739K->52739K(524288K)] 558197K->52739K(699392K), [Metaspace: 44395K->44395K(1087488K)], 0.0661553 secs] [Times: user=0.40 sys=0.02, real=0.07 secs] 
2016-09-24T00:45:51.435-0400: 108.721: [GC (GCLocker Initiated GC) [PSYoungGen: 88064K->86306K(175104K)] 140951K->139193K(699392K), 0.0212464 secs] [Times: user=0.19 sys=0.00, real=0.02 secs] 
2016-09-24T00:45:51.580-0400: 108.867: [GC (Allocation Failure) [PSYoungGen: 174370K->43169K(175104K)] 233682K->145990K(699392K), 0.0119668 secs] [Times: user=0.11 sys=0.00, real=0.01 secs] 
2016-09-24T00:45:51.704-0400: 108.990: [GC (GCLocker Initiated GC) [PSYoungGen: 131233K->85854K(175104K)] 234059K->195079K(699392K), 0.0108114 secs] [Times: user=0.13 sys=0.00, real=0.01 secs] 
2016-09-24T00:45:51.851-0400: 109.137: [GC (Allocation Failure) [PSYoungGen: 173918K->55187K(175104K)] 289355K->189148K(699392K), 0.0149862 secs] [Times: user=0.18 sys=0.01, real=0.02 secs] 
2016-09-24T00:45:51.976-0400: 109.262: [GC (GCLocker Initiated GC) [PSYoungGen: 143251K->61494K(175104K)] 277218K->213789K(699392K), 0.0156524 secs] [Times: user=0.15 sys=0.00, real=0.01 secs] 
2016-09-24T00:45:52.109-0400: 109.396: [GC (GCLocker Initiated GC) [PSYoungGen: 149558K->55155K(175104K)] 307976K->232230K(699392K), 0.0139250 secs] [Times: user=0.14 sys=0.01, real=0.02 secs] 
2016-09-24T00:45:52.256-0400: 109.542: [GC (Allocation Failure) [PSYoungGen: 143219K->61786K(175104K)] 326600K->281729K(699392K), 0.0164128 secs] [Times: user=0.18 sys=0.00, real=0.01 secs] 
2016-09-24T00:45:52.406-0400: 109.692: [GC (GCLocker Initiated GC) [PSYoungGen: 149850K->48920K(175104K)] 369799K->287353K(699392K), 0.0204833 secs] [Times: user=0.20 sys=0.00, real=0.02 secs] 
2016-09-24T00:45:52.533-0400: 109.820: [GC (GCLocker Initiated GC) [PSYoungGen: 136984K->67437K(175104K)] 381859K->312424K(699392K), 0.0100398 secs] [Times: user=0.10 sys=0.00, real=0.02 secs] 
2016-09-24T00:45:52.706-0400: 109.992: [GC (GCLocker Initiated GC) [PSYoungGen: 155501K->36930K(175104K)] 412798K->330952K(699392K), 0.0156724 secs] [Times: user=0.19 sys=0.00, real=0.01 secs] 
2016-09-24T00:45:52.852-0400: 110.139: [GC (GCLocker Initiated GC) [PSYoungGen: 124994K->67765K(175104K)] 431209K->374091K(699392K), 0.0190281 secs] [Times: user=0.24 sys=0.00, real=0.02 secs] 
2016-09-24T00:45:53.012-0400: 110.298: [GC (GCLocker Initiated GC) [PSYoungGen: 155829K->73640K(175104K)] 462173K->404404K(699392K), 0.0323495 secs] [Times: user=0.41 sys=0.00, real=0.04 secs] 
2016-09-24T00:45:53.143-0400: 110.430: [GC (GCLocker Initiated GC) [PSYoungGen: 161704K->73444K(175104K)] 492499K->422795K(699392K), 0.0095909 secs] [Times: user=0.15 sys=0.00, real=0.00 secs] 
2016-09-24T00:45:53.253-0400: 110.539: [GC (GCLocker Initiated GC) [PSYoungGen: 161508K->86018K(175104K)] 511136K->454023K(699392K), 0.0119165 secs] [Times: user=0.19 sys=0.00, real=0.02 secs] 
2016-09-24T00:45:53.387-0400: 110.674: [GC (GCLocker Initiated GC) [PSYoungGen: 174082K->73384K(175104K)] 548248K->447793K(699392K), 0.0094932 secs] [Times: user=0.06 sys=0.00, real=0.01 secs] 
2016-09-24T00:45:53.513-0400: 110.799: [GC (GCLocker Initiated GC) [PSYoungGen: 161448K->54995K(175104K)] 535859K->441659K(699392K), 0.0183688 secs] [Times: user=0.18 sys=0.01, real=0.02 secs] 
2016-09-24T00:45:53.654-0400: 110.940: [GC (GCLocker Initiated GC) [PSYoungGen: 143059K->67437K(175104K)] 536434K->460915K(699392K), 0.0191681 secs] [Times: user=0.18 sys=0.00, real=0.02 secs] 
2016-09-24T00:45:53.797-0400: 111.083: [GC (Allocation Failure) [PSYoungGen: 155501K->49148K(175104K)] 555404K->491851K(699392K), 0.0263643 secs] [Times: user=0.23 sys=0.00, real=0.03 secs] 
2016-09-24T00:45:53.912-0400: 111.198: [GC (GCLocker Initiated GC) [PSYoungGen: 137212K->85986K(175104K)] 579921K->535061K(699392K), 0.0135268 secs] [Times: user=0.19 sys=0.00, real=0.02 secs] 
2016-09-24T00:45:54.050-0400: 111.337: [GC (GCLocker Initiated GC) [PSYoungGen: 174050K->55451K(175104K)] 629262K->529163K(699392K), 0.0139996 secs] [Times: user=0.14 sys=0.01, real=0.02 secs] 
2016-09-24T00:45:54.065-0400: 111.351: [Full GC (Ergonomics) [PSYoungGen: 55451K->0K(175104K)] [ParOldGen: 473712K->46935K(524288K)] 529163K->46935K(699392K), [Metaspace: 44400K->44400K(1087488K)], 0.0552460 secs] [Times: user=0.29 sys=0.01, real=0.05 secs] 
2016-09-24T00:45:54.249-0400: 111.536: [GC (GCLocker Initiated GC) [PSYoungGen: 88064K->86506K(175104K)] 141228K->163970K(699392K), 0.0120222 secs] [Times: user=0.14 sys=0.00, real=0.01 secs] 
2016-09-24T00:45:54.408-0400: 111.694: [GC (GCLocker Initiated GC) [PSYoungGen: 174570K->54963K(175104K)] 252053K->151334K(699392K), 0.0255918 secs] [Times: user=0.28 sys=0.00, real=0.02 secs] 
2016-09-24T00:45:54.570-0400: 111.857: [GC (GCLocker Initiated GC) [PSYoungGen: 143027K->36930K(175104K)] 239400K->163798K(699392K), 0.0236283 secs] [Times: user=0.25 sys=0.01, real=0.03 secs] 
2016-09-24T00:45:54.713-0400: 111.999: [GC (Allocation Failure) [PSYoungGen: 124994K->73412K(175104K)] 252144K->200689K(699392K), 0.0100703 secs] [Times: user=0.10 sys=0.00, real=0.02 secs] 
2016-09-24T00:45:54.843-0400: 112.130: [GC (GCLocker Initiated GC) [PSYoungGen: 155577K->42813K(175104K)] 288930K->194486K(699392K), 0.0087909 secs] [Times: user=0.09 sys=0.00, real=0.00 secs] 
2016-09-24T00:45:54.971-0400: 112.257: [GC (GCLocker Initiated GC) [PSYoungGen: 130877K->73480K(175104K)] 282619K->225310K(699392K), 0.0107333 secs] [Times: user=0.14 sys=0.01, real=0.01 secs] 
2016-09-24T00:45:55.089-0400: 112.376: [GC (GCLocker Initiated GC) [PSYoungGen: 161544K->73704K(175104K)] 319575K->292808K(699392K), 0.0146348 secs] [Times: user=0.23 sys=0.00, real=0.02 secs] 
2016-09-24T00:45:55.208-0400: 112.494: [GC (Allocation Failure) [PSYoungGen: 161768K->67957K(175104K)] 393171K->329894K(699392K), 0.0083134 secs] [Times: user=0.09 sys=0.00, real=0.01 secs] 
2016-09-24T00:45:55.318-0400: 112.605: [GC (GCLocker Initiated GC) [PSYoungGen: 154846K->67729K(175104K)] 422859K->372858K(699392K), 0.0107347 secs] [Times: user=0.14 sys=0.00, real=0.01 secs] 
2016-09-24T00:45:55.455-0400: 112.742: [GC (GCLocker Initiated GC) [PSYoungGen: 155793K->79715K(175104K)] 460976K->421475K(699392K), 0.0101556 secs] [Times: user=0.15 sys=0.00, real=0.01 secs] 
2016-09-24T00:45:55.584-0400: 112.870: [GC (Allocation Failure) [PSYoungGen: 167779K->73672K(175104K)] 509581K->488534K(699392K), 0.0135962 secs] [Times: user=0.20 sys=0.00, real=0.01 secs] 
2016-09-24T00:45:55.695-0400: 112.982: [GC (Allocation Failure) [PSYoungGen: 161736K->79683K(175104K)] 576598K->525219K(699392K), 0.0112472 secs] [Times: user=0.15 sys=0.00, real=0.01 secs] 
2016-09-24T00:45:55.843-0400: 113.129: [Full GC (Ergonomics) [PSYoungGen: 161852K->0K(175104K)] [ParOldGen: 451611K->53405K(524288K)] 613464K->53405K(699392K), [Metaspace: 44400K->44400K(1087488K)], 0.0467325 secs] [Times: user=0.39 sys=0.00, real=0.04 secs] 
2016-09-24T00:45:56.011-0400: 113.297: [GC (GCLocker Initiated GC) [PSYoungGen: 88064K->86374K(175104K)] 153716K->158101K(699392K), 0.0107693 secs] [Times: user=0.15 sys=0.00, real=0.01 secs] 
2016-09-24T00:45:56.122-0400: 113.409: [GC (GCLocker Initiated GC) [PSYoungGen: 174438K->85986K(175104K)] 246308K->201108K(699392K), 0.0113436 secs] [Times: user=0.15 sys=0.01, real=0.00 secs] 
2016-09-24T00:45:56.256-0400: 113.543: [GC (GCLocker Initiated GC) [PSYoungGen: 174050K->73836K(175104K)] 295603K->256299K(699392K), 0.0119579 secs] [Times: user=0.19 sys=0.00, real=0.01 secs] 
2016-09-24T00:45:56.423-0400: 113.710: [GC (GCLocker Initiated GC) [PSYoungGen: 161900K->37254K(175104K)] 362932K->256818K(699392K), 0.0120177 secs] [Times: user=0.14 sys=0.00, real=0.01 secs] 
2016-09-24T00:45:56.572-0400: 113.859: [GC (Allocation Failure) [PSYoungGen: 125318K->37325K(175104K)] 345024K->257323K(699392K), 0.0099117 secs] [Times: user=0.12 sys=0.00, real=0.02 secs] 
2016-09-24T00:45:56.694-0400: 113.981: [GC (GCLocker Initiated GC) [PSYoungGen: 125389K->73576K(175104K)] 345393K->293667K(699392K), 0.0203113 secs] [Times: user=0.27 sys=0.00, real=0.02 secs] 
2016-09-24T00:45:56.855-0400: 114.141: [GC (Allocation Failure) [PSYoungGen: 161640K->85658K(175104K)] 387848K->330414K(699392K), 0.0101251 secs] [Times: user=0.14 sys=0.01, real=0.01 secs] 
2016-09-24T00:45:56.950-0400: 114.237: [GC (GCLocker Initiated GC) [PSYoungGen: 173722K->79751K(175104K)] 418479K->379311K(699392K), 0.0139250 secs] [Times: user=0.12 sys=0.00, real=0.02 secs] 
2016-09-24T00:45:57.063-0400: 114.350: [GC (GCLocker Initiated GC) [PSYoungGen: 167815K->79651K(175104K)] 467568K->397912K(699392K), 0.0100130 secs] [Times: user=0.09 sys=0.00, real=0.00 secs] 
2016-09-24T00:45:57.213-0400: 114.499: [GC (GCLocker Initiated GC) [PSYoungGen: 167715K->55419K(175104K)] 498431K->404439K(699392K), 0.0082401 secs] [Times: user=0.07 sys=0.00, real=0.01 secs] 
2016-09-24T00:45:57.350-0400: 114.637: [GC (GCLocker Initiated GC) [PSYoungGen: 143483K->61590K(175104K)] 492522K->410912K(699392K), 0.0130662 secs] [Times: user=0.16 sys=0.00, real=0.02 secs] 
2016-09-24T00:45:57.495-0400: 114.781: [GC (GCLocker Initiated GC) [PSYoungGen: 149654K->37258K(175104K)] 517360K->441534K(699392K), 0.0181008 secs] [Times: user=0.18 sys=0.00, real=0.01 secs] 
2016-09-24T00:45:57.645-0400: 114.932: [GC (GCLocker Initiated GC) [PSYoungGen: 125322K->73480K(175104K)] 529662K->478063K(699392K), 0.0171853 secs] [Times: user=0.15 sys=0.01, real=0.02 secs] 
2016-09-24T00:45:57.760-0400: 115.047: [GC (GCLocker Initiated GC) [PSYoungGen: 161544K->73872K(175104K)] 572222K->521135K(699392K), 0.0121537 secs] [Times: user=0.15 sys=0.00, real=0.01 secs] 
2016-09-24T00:45:57.892-0400: 115.179: [Full GC (Ergonomics) [PSYoungGen: 161936K->0K(175104K)] [ParOldGen: 453387K->47184K(524288K)] 615323K->47184K(699392K), [Metaspace: 44402K->44402K(1087488K)], 0.0501752 secs] [Times: user=0.26 sys=0.00, real=0.06 secs] 
2016-09-24T00:45:58.062-0400: 115.348: [GC (GCLocker Initiated GC) [PSYoungGen: 88064K->74064K(175104K)] 135491K->121491K(699392K), 0.0155578 secs] [Times: user=0.15 sys=0.01, real=0.02 secs] 
2016-09-24T00:45:58.214-0400: 115.501: [GC (Allocation Failure) [PSYoungGen: 162128K->61490K(175104K)] 215879K->152387K(699392K), 0.0218567 secs] [Times: user=0.25 sys=0.00, real=0.02 secs] 
2016-09-24T00:45:58.341-0400: 115.627: [GC (GCLocker Initiated GC) [PSYoungGen: 143590K->43041K(175104K)] 240562K->188772K(699392K), 0.0184161 secs] [Times: user=0.18 sys=0.01, real=0.02 secs] 
2016-09-24T00:45:58.480-0400: 115.766: [GC (GCLocker Initiated GC) [PSYoungGen: 131105K->73772K(175104K)] 277102K->238285K(699392K), 0.0113237 secs] [Times: user=0.11 sys=0.00, real=0.01 secs] 
2016-09-24T00:45:58.632-0400: 115.918: [GC (Allocation Failure) [PSYoungGen: 161836K->55447K(175104K)] 326565K->244955K(699392K), 0.0305727 secs] [Times: user=0.33 sys=0.00, real=0.04 secs] 
2016-09-24T00:45:58.779-0400: 116.065: [GC (GCLocker Initiated GC) [PSYoungGen: 143511K->73804K(175104K)] 333025K->263618K(699392K), 0.0082035 secs] [Times: user=0.11 sys=0.00, real=0.01 secs] 
2016-09-24T00:45:58.913-0400: 116.200: [GC (GCLocker Initiated GC) [PSYoungGen: 161868K->73640K(175104K)] 351863K->300393K(699392K), 0.0110279 secs] [Times: user=0.15 sys=0.00, real=0.02 secs] 
2016-09-24T00:45:59.040-0400: 116.327: [GC (GCLocker Initiated GC) [PSYoungGen: 161704K->74032K(175104K)] 394842K->307290K(699392K), 0.0071743 secs] [Times: user=0.09 sys=0.00, real=0.01 secs] 
2016-09-24T00:45:59.185-0400: 116.472: [GC (GCLocker Initiated GC) [PSYoungGen: 162096K->61362K(175104K)] 401577K->301282K(699392K), 0.0191334 secs] [Times: user=0.24 sys=0.00, real=0.02 secs] 
2016-09-24T00:45:59.313-0400: 116.599: [GC (GCLocker Initiated GC) [PSYoungGen: 149426K->73872K(175104K)] 395771K->363050K(699392K), 0.0113648 secs] [Times: user=0.14 sys=0.00, real=0.02 secs] 
2016-09-24T00:45:59.458-0400: 116.744: [GC (Allocation Failure) [PSYoungGen: 161936K->61394K(175104K)] 457298K->375428K(699392K), 0.0119341 secs] [Times: user=0.12 sys=0.00, real=0.01 secs] 
2016-09-24T00:45:59.591-0400: 116.878: [GC (GCLocker Initiated GC) [PSYoungGen: 149458K->73708K(175104K)] 463498K->424309K(699392K), 0.0146544 secs] [Times: user=0.15 sys=0.01, real=0.02 secs] 
2016-09-24T00:45:59.727-0400: 117.013: [GC (GCLocker Initiated GC) [PSYoungGen: 161772K->61070K(175104K)] 512409K->430200K(699392K), 0.0162085 secs] [Times: user=0.15 sys=0.01, real=0.02 secs] 
2016-09-24T00:45:59.867-0400: 117.153: [GC (GCLocker Initiated GC) [PSYoungGen: 149134K->55319K(175104K)] 518552K->479516K(699392K), 0.0141772 secs] [Times: user=0.14 sys=0.00, real=0.01 secs] 
2016-09-24T00:46:00.004-0400: 117.290: [GC (Allocation Failure) [PSYoungGen: 143383K->67665K(175104K)] 567683K->528558K(699392K), 0.0275941 secs] [Times: user=0.32 sys=0.00, real=0.02 secs] 
2016-09-24T00:46:00.031-0400: 117.318: [Full GC (Ergonomics) [PSYoungGen: 67665K->0K(175104K)] [ParOldGen: 460893K->54035K(524288K)] 528558K->54035K(699392K), [Metaspace: 44402K->44402K(1087488K)], 0.0572103 secs] [Times: user=0.35 sys=0.02, real=0.06 secs] 
2016-09-24T00:46:00.185-0400: 117.471: [GC (GCLocker Initiated GC) [PSYoungGen: 88064K->86046K(175104K)] 142105K->140087K(699392K), 0.0100302 secs] [Times: user=0.09 sys=0.01, real=0.01 secs] 
2016-09-24T00:46:00.298-0400: 117.584: [GC (GCLocker Initiated GC) [PSYoungGen: 174110K->85922K(175104K)] 228405K->207598K(699392K), 0.0131135 secs] [Times: user=0.14 sys=0.01, real=0.01 secs] 
2016-09-24T00:46:00.429-0400: 117.715: [GC (GCLocker Initiated GC) [PSYoungGen: 173986K->73672K(175104K)] 295990K->250815K(699392K), 0.0121807 secs] [Times: user=0.14 sys=0.01, real=0.01 secs] 
2016-09-24T00:46:00.561-0400: 117.848: [GC (GCLocker Initiated GC) [PSYoungGen: 161736K->43397K(175104K)] 351294K->233091K(699392K), 0.0064613 secs] [Times: user=0.07 sys=0.00, real=0.01 secs] 
2016-09-24T00:46:00.691-0400: 117.978: [GC (Allocation Failure) [PSYoungGen: 131461K->67309K(175104K)] 321404K->281983K(699392K), 0.0160881 secs] [Times: user=0.18 sys=0.00, real=0.02 secs] 
2016-09-24T00:46:00.845-0400: 118.131: [GC (GCLocker Initiated GC) [PSYoungGen: 152183K->73640K(175104K)] 372932K->343289K(699392K), 0.0132969 secs] [Times: user=0.16 sys=0.00, real=0.01 secs] 
2016-09-24T00:46:01.003-0400: 118.289: [GC (GCLocker Initiated GC) [PSYoungGen: 161704K->55319K(175104K)] 443702K->337608K(699392K), 0.0064337 secs] [Times: user=0.07 sys=0.00, real=0.00 secs] 
2016-09-24T00:46:01.112-0400: 118.398: [GC (GCLocker Initiated GC) [PSYoungGen: 143383K->73608K(175104K)] 431990K->392866K(699392K), 0.0106990 secs] [Times: user=0.12 sys=0.00, real=0.02 secs] 
2016-09-24T00:46:01.247-0400: 118.533: [GC (GCLocker Initiated GC) [PSYoungGen: 161672K->79523K(175104K)] 481145K->411250K(699392K), 0.0153265 secs] [Times: user=0.15 sys=0.00, real=0.01 secs] 
2016-09-24T00:46:01.392-0400: 118.678: [GC (GCLocker Initiated GC) [PSYoungGen: 167587K->43269K(175104K)] 505514K->411870K(699392K), 0.0087284 secs] [Times: user=0.09 sys=0.00, real=0.01 secs] 
2016-09-24T00:46:01.505-0400: 118.791: [GC (GCLocker Initiated GC) [PSYoungGen: 131333K->49280K(175104K)] 506337K->424527K(699392K), 0.0266329 secs] [Times: user=0.29 sys=0.00, real=0.02 secs] 
2016-09-24T00:46:01.653-0400: 118.939: [GC (GCLocker Initiated GC) [PSYoungGen: 137344K->55223K(175104K)] 518730K->455094K(699392K), 0.0348328 secs] [Times: user=0.39 sys=0.01, real=0.04 secs] 
2016-09-24T00:46:01.811-0400: 119.098: [GC (GCLocker Initiated GC) [PSYoungGen: 143287K->55419K(175104K)] 555629K->467857K(699392K), 0.0238226 secs] [Times: user=0.22 sys=0.00, real=0.03 secs] 
2016-09-24T00:46:01.963-0400: 119.249: [GC (GCLocker Initiated GC) [PSYoungGen: 143483K->55319K(175104K)] 562088K->474191K(699392K), 0.0222172 secs] [Times: user=0.25 sys=0.00, real=0.02 secs] 
2016-09-24T00:46:02.093-0400: 119.379: [GC (GCLocker Initiated GC) [PSYoungGen: 143383K->73544K(175104K)] 562308K->510814K(699392K), 0.0151003 secs] [Times: user=0.16 sys=0.00, real=0.02 secs] 
2016-09-24T00:46:02.231-0400: 119.518: [GC (GCLocker Initiated GC) [PSYoungGen: 161608K->67505K(175104K)] 599009K->559865K(699392K), 0.0124618 secs] [Times: user=0.11 sys=0.00, real=0.02 secs] 
2016-09-24T00:46:02.244-0400: 119.530: [Full GC (Ergonomics) [PSYoungGen: 67505K->0K(175104K)] [ParOldGen: 492359K->53939K(524288K)] 559865K->53939K(699392K), [Metaspace: 44410K->44410K(1087488K)], 0.0579066 secs] [Times: user=0.31 sys=0.01, real=0.05 secs] 
2016-09-24T00:46:02.413-0400: 119.699: [GC (GCLocker Initiated GC) [PSYoungGen: 88064K->85854K(175104K)] 142045K->145910K(699392K), 0.0098061 secs] [Times: user=0.06 sys=0.00, real=0.02 secs] 
2016-09-24T00:46:02.538-0400: 119.824: [GC (Allocation Failure) [PSYoungGen: 173918K->43073K(175104K)] 246267K->164545K(699392K), 0.0291747 secs] [Times: user=0.24 sys=0.01, real=0.03 secs] 
2016-09-24T00:46:02.699-0400: 119.985: [GC (GCLocker Initiated GC) [PSYoungGen: 131137K->36902K(175104K)] 252609K->189017K(699392K), 0.0144923 secs] [Times: user=0.12 sys=0.00, real=0.01 secs] 
2016-09-24T00:46:02.848-0400: 120.134: [GC (GCLocker Initiated GC) [PSYoungGen: 124966K->61362K(175104K)] 283372K->238260K(699392K), 0.0124241 secs] [Times: user=0.12 sys=0.00, real=0.01 secs] 
2016-09-24T00:46:03.004-0400: 120.290: [GC (GCLocker Initiated GC) [PSYoungGen: 149426K->36934K(175104K)] 332553K->238537K(699392K), 0.0255278 secs] [Times: user=0.24 sys=0.00, real=0.02 secs] 
2016-09-24T00:46:03.133-0400: 120.419: [GC (GCLocker Initiated GC) [PSYoungGen: 124998K->73512K(175104K)] 326997K->299907K(699392K), 0.0274166 secs] [Times: user=0.27 sys=0.00, real=0.03 secs] 
2016-09-24T00:46:03.282-0400: 120.568: [GC (GCLocker Initiated GC) [PSYoungGen: 161576K->79555K(175104K)] 388058K->330628K(699392K), 0.0213703 secs] [Times: user=0.23 sys=0.00, real=0.03 secs] 
2016-09-24T00:46:03.450-0400: 120.737: [GC (GCLocker Initiated GC) [PSYoungGen: 167619K->37226K(175104K)] 431299K->349766K(699392K), 0.0295090 secs] [Times: user=0.30 sys=0.01, real=0.03 secs] 
2016-09-24T00:46:03.609-0400: 120.895: [GC (GCLocker Initiated GC) [PSYoungGen: 125290K->85922K(175104K)] 437872K->417184K(699392K), 0.0105038 secs] [Times: user=0.11 sys=0.00, real=0.01 secs] 
2016-09-24T00:46:03.748-0400: 121.034: [GC (GCLocker Initiated GC) [PSYoungGen: 173986K->31051K(175104K)] 511382K->429325K(699392K), 0.0123875 secs] [Times: user=0.17 sys=0.00, real=0.01 secs] 
2016-09-24T00:46:03.867-0400: 121.153: [GC (Allocation Failure) [PSYoungGen: 119115K->79847K(175104K)] 517475K->514940K(699392K), 0.0108507 secs] [Times: user=0.10 sys=0.00, real=0.01 secs] 
2016-09-24T00:46:04.022-0400: 121.309: [GC (Allocation Failure) [PSYoungGen: 164581K->37098K(175104K)] 599674K->509073K(699392K), 0.0243954 secs] [Times: user=0.20 sys=0.00, real=0.02 secs] 
2016-09-24T00:46:04.047-0400: 121.333: [Full GC (Ergonomics) [PSYoungGen: 37098K->0K(175104K)] [ParOldGen: 471975K->36059K(524288K)] 509073K->36059K(699392K), [Metaspace: 44410K->44410K(1087488K)], 0.0536611 secs] [Times: user=0.24 sys=0.00, real=0.05 secs] 
2016-09-24T00:46:04.205-0400: 121.492: [GC (GCLocker Initiated GC) [PSYoungGen: 88064K->85626K(175104K)] 124125K->152062K(699392K), 0.0287165 secs] [Times: user=0.35 sys=0.00, real=0.02 secs] 
2016-09-24T00:46:04.341-0400: 121.627: [GC (GCLocker Initiated GC) [PSYoungGen: 173690K->49376K(175104K)] 246394K->201182K(699392K), 0.0191445 secs] [Times: user=0.21 sys=0.00, real=0.02 secs] 
2016-09-24T00:46:04.482-0400: 121.768: [GC (GCLocker Initiated GC) [PSYoungGen: 137440K->73380K(175104K)] 289478K->244091K(699392K), 0.0164995 secs] [Times: user=0.15 sys=0.00, real=0.02 secs] 
2016-09-24T00:46:04.632-0400: 121.919: [GC (GCLocker Initiated GC) [PSYoungGen: 161444K->67405K(175104K)] 338569K->256775K(699392K), 0.0298163 secs] [Times: user=0.26 sys=0.00, real=0.03 secs] 
2016-09-24T00:46:04.795-0400: 122.082: [GC (GCLocker Initiated GC) [PSYoungGen: 155469K->24816K(175104K)] 351040K->238871K(699392K), 0.0063921 secs] [Times: user=0.05 sys=0.00, real=0.00 secs] 
2016-09-24T00:46:04.897-0400: 122.183: [GC (GCLocker Initiated GC) [PSYoungGen: 112880K->73836K(175104K)] 333226K->343090K(699392K), 0.0124751 secs] [Times: user=0.15 sys=0.00, real=0.01 secs] 
2016-09-24T00:46:05.055-0400: 122.341: [GC (GCLocker Initiated GC) [PSYoungGen: 161900K->49084K(175104K)] 437271K->342939K(699392K), 0.0262172 secs] [Times: user=0.27 sys=0.00, real=0.02 secs] 
2016-09-24T00:46:05.200-0400: 122.486: [GC (GCLocker Initiated GC) [PSYoungGen: 137148K->49148K(175104K)] 431092K->367636K(699392K), 0.0184067 secs] [Times: user=0.17 sys=0.00, real=0.02 secs] 
2016-09-24T00:46:05.340-0400: 122.627: [GC (GCLocker Initiated GC) [PSYoungGen: 137212K->73736K(175104K)] 456061K->429342K(699392K), 0.0143521 secs] [Times: user=0.16 sys=0.00, real=0.02 secs] 
2016-09-24T00:46:05.483-0400: 122.769: [GC (Allocation Failure) [PSYoungGen: 161800K->61462K(175104K)] 517739K->435714K(699392K), 0.0214700 secs] [Times: user=0.22 sys=0.00, real=0.02 secs] 
2016-09-24T00:46:05.628-0400: 122.915: [GC (GCLocker Initiated GC) [PSYoungGen: 149526K->73480K(175104K)] 523784K->466254K(699392K), 0.0104688 secs] [Times: user=0.09 sys=0.01, real=0.01 secs] 
2016-09-24T00:46:05.747-0400: 123.033: [GC (GCLocker Initiated GC) [PSYoungGen: 161543K->61362K(175104K)] 554684K->472823K(699392K), 0.0153657 secs] [Times: user=0.15 sys=0.00, real=0.01 secs] 
2016-09-24T00:46:05.907-0400: 123.193: [GC (Allocation Failure) [PSYoungGen: 149426K->61622K(175104K)] 567284K->516057K(699392K), 0.0221465 secs] [Times: user=0.26 sys=0.00, real=0.02 secs] 
2016-09-24T00:46:06.039-0400: 123.325: [GC (GCLocker Initiated GC) [PSYoungGen: 144474K->55419K(175104K)] 604985K->516189K(699392K), 0.0079058 secs] [Times: user=0.06 sys=0.00, real=0.01 secs] 
2016-09-24T00:46:06.047-0400: 123.333: [Full GC (Ergonomics) [PSYoungGen: 55419K->0K(175104K)] [ParOldGen: 460770K->48007K(524288K)] 516189K->48007K(699392K), [Metaspace: 44418K->44418K(1087488K)], 0.0573512 secs] [Times: user=0.28 sys=0.01, real=0.06 secs] 
2016-09-24T00:46:06.224-0400: 123.511: [GC (GCLocker Initiated GC) [PSYoungGen: 88064K->85822K(175104K)] 142502K->182786K(699392K), 0.0109506 secs] [Times: user=0.14 sys=0.00, real=0.01 secs] 
2016-09-24T00:46:06.364-0400: 123.650: [GC (GCLocker Initiated GC) [PSYoungGen: 173886K->43333K(175104K)] 271205K->201858K(699392K), 0.0182586 secs] [Times: user=0.23 sys=0.00, real=0.01 secs] 
2016-09-24T00:46:06.499-0400: 123.786: [GC (GCLocker Initiated GC) [PSYoungGen: 131397K->73804K(175104K)] 290075K->250843K(699392K), 0.0241339 secs] [Times: user=0.32 sys=0.00, real=0.03 secs] 
2016-09-24T00:46:06.625-0400: 123.911: [GC (GCLocker Initiated GC) [PSYoungGen: 161868K->85822K(175104K)] 339206K->281677K(699392K), 0.0097686 secs] [Times: user=0.12 sys=0.00, real=0.01 secs] 
2016-09-24T00:46:06.750-0400: 124.037: [GC (GCLocker Initiated GC) [PSYoungGen: 173886K->61490K(175104K)] 369889K->276001K(699392K), 0.0094911 secs] [Times: user=0.11 sys=0.00, real=0.01 secs] 
2016-09-24T00:46:06.877-0400: 124.163: [GC (GCLocker Initiated GC) [PSYoungGen: 149554K->85986K(175104K)] 364432K->343697K(699392K), 0.0359190 secs] [Times: user=0.44 sys=0.01, real=0.03 secs] 
2016-09-24T00:46:07.051-0400: 124.338: [GC (GCLocker Initiated GC) [PSYoungGen: 174050K->30923K(175104K)] 437990K->331720K(699392K), 0.0280996 secs] [Times: user=0.28 sys=0.01, real=0.03 secs] 
2016-09-24T00:46:07.237-0400: 124.524: [GC (GCLocker Initiated GC) [PSYoungGen: 118987K->74000K(175104K)] 420112K->393494K(699392K), 0.0106021 secs] [Times: user=0.15 sys=0.01, real=0.01 secs] 
2016-09-24T00:46:07.373-0400: 124.660: [GC (GCLocker Initiated GC) [PSYoungGen: 162064K->43173K(175104K)] 481722K->381136K(699392K), 0.0215503 secs] [Times: user=0.15 sys=0.00, real=0.03 secs] 
2016-09-24T00:46:07.498-0400: 124.785: [GC (GCLocker Initiated GC) [PSYoungGen: 131237K->55191K(175104K)] 469249K->423829K(699392K), 0.0232631 secs] [Times: user=0.23 sys=0.00, real=0.02 secs] 
2016-09-24T00:46:07.669-0400: 124.955: [GC (GCLocker Initiated GC) [PSYoungGen: 143255K->61394K(175104K)] 512014K->484931K(699392K), 0.0102695 secs] [Times: user=0.09 sys=0.00, real=0.01 secs] 
2016-09-24T00:46:07.770-0400: 125.057: [GC (Allocation Failure) [PSYoungGen: 149458K->55355K(175104K)] 573345K->509877K(699392K), 0.0127901 secs] [Times: user=0.09 sys=0.00, real=0.02 secs] 
2016-09-24T00:46:07.875-0400: 125.161: [GC (GCLocker Initiated GC) [PSYoungGen: 143419K->67601K(175104K)] 597946K->552803K(699392K), 0.0321805 secs] [Times: user=0.33 sys=0.00, real=0.03 secs] 
2016-09-24T00:46:07.907-0400: 125.194: [Full GC (Ergonomics) [PSYoungGen: 67601K->0K(175104K)] [ParOldGen: 485202K->54520K(524288K)] 552803K->54520K(699392K), [Metaspace: 44418K->44418K(1087488K)], 0.0556385 secs] [Times: user=0.36 sys=0.01, real=0.06 secs] 
2016-09-24T00:46:08.064-0400: 125.350: [GC (Allocation Failure) [PSYoungGen: 88064K->86014K(175104K)] 142950K->165200K(699392K), 0.0119104 secs] [Times: user=0.18 sys=0.00, real=0.01 secs] 
2016-09-24T00:46:08.076-0400: 125.362: [GC (GCLocker Initiated GC) [PSYoungGen: 86023K->32K(175104K)] 165210K->170970K(699392K), 0.0090694 secs] [Times: user=0.12 sys=0.00, real=0.01 secs] 
2016-09-24T00:46:08.231-0400: 125.518: [GC (GCLocker Initiated GC) [PSYoungGen: 84047K->85758K(175104K)] 261061K->268846K(699392K), 0.0157247 secs] [Times: user=0.22 sys=0.00, real=0.02 secs] 
2016-09-24T00:46:08.384-0400: 125.670: [GC (Allocation Failure) [PSYoungGen: 173822K->67241K(175104K)] 357092K->287268K(699392K), 0.0196234 secs] [Times: user=0.19 sys=0.01, real=0.02 secs] 
2016-09-24T00:46:08.492-0400: 125.779: [GC (GCLocker Initiated GC) [PSYoungGen: 155305K->49308K(175104K)] 375339K->311986K(699392K), 0.0298342 secs] [Times: user=0.30 sys=0.01, real=0.04 secs] 
2016-09-24T00:46:08.622-0400: 125.909: [GC (GCLocker Initiated GC) [PSYoungGen: 137372K->73580K(175104K)] 400087K->354623K(699392K), 0.0258160 secs] [Times: user=0.24 sys=0.01, real=0.02 secs] 
2016-09-24T00:46:08.769-0400: 126.055: [GC (GCLocker Initiated GC) [PSYoungGen: 161644K->43009K(175104K)] 448915K->373065K(699392K), 0.0268453 secs] [Times: user=0.27 sys=0.00, real=0.03 secs] 
2016-09-24T00:46:08.919-0400: 126.206: [GC (GCLocker Initiated GC) [PSYoungGen: 131073K->55255K(175104K)] 467307K->409990K(699392K), 0.0169342 secs] [Times: user=0.18 sys=0.00, real=0.02 secs] 
2016-09-24T00:46:09.055-0400: 126.341: [GC (Allocation Failure) [PSYoungGen: 143319K->73448K(175104K)] 504282K->434663K(699392K), 0.0160869 secs] [Times: user=0.15 sys=0.01, real=0.01 secs] 
2016-09-24T00:46:09.202-0400: 126.488: [GC (GCLocker Initiated GC) [PSYoungGen: 156739K->24752K(175104K)] 524029K->410526K(699392K), 0.0179725 secs] [Times: user=0.18 sys=0.00, real=0.02 secs] 
2016-09-24T00:46:09.324-0400: 126.610: [GC (GCLocker Initiated GC) [PSYoungGen: 112816K->79555K(175104K)] 498760K->465571K(699392K), 0.0208462 secs] [Times: user=0.21 sys=0.00, real=0.02 secs] 
2016-09-24T00:46:09.480-0400: 126.766: [GC (GCLocker Initiated GC) [PSYoungGen: 167619K->43009K(175104K)] 553828K->483988K(699392K), 0.0245104 secs] [Times: user=0.23 sys=0.01, real=0.03 secs] 
2016-09-24T00:46:09.648-0400: 126.934: [Full GC (Ergonomics) [PSYoungGen: 131072K->0K(175104K)] [ParOldGen: 465612K->52535K(524288K)] 596684K->52535K(699392K), [Metaspace: 44418K->44418K(1087488K)], 0.0723141 secs] [Times: user=0.43 sys=0.02, real=0.07 secs] 
2016-09-24T00:46:09.840-0400: 127.126: [GC (GCLocker Initiated GC) [PSYoungGen: 88064K->85794K(175104K)] 140960K->144765K(699392K), 0.0102170 secs] [Times: user=0.09 sys=0.00, real=0.01 secs] 
2016-09-24T00:46:10.004-0400: 127.290: [GC (GCLocker Initiated GC) [PSYoungGen: 173858K->55319K(175104K)] 251371K->169705K(699392K), 0.0227677 secs] [Times: user=0.24 sys=0.01, real=0.02 secs] 
2016-09-24T00:46:10.134-0400: 127.420: [GC (GCLocker Initiated GC) [PSYoungGen: 143383K->55223K(175104K)] 263987K->200238K(699392K), 0.0233903 secs] [Times: user=0.24 sys=0.00, real=0.03 secs] 
2016-09-24T00:46:10.271-0400: 127.558: [GC (GCLocker Initiated GC) [PSYoungGen: 143287K->79687K(175104K)] 288562K->261516K(699392K), 0.0148367 secs] [Times: user=0.12 sys=0.00, real=0.02 secs] 
2016-09-24T00:46:10.419-0400: 127.705: [GC (GCLocker Initiated GC) [PSYoungGen: 167751K->36934K(175104K)] 349586K->267785K(699392K), 0.0127887 secs] [Times: user=0.10 sys=0.00, real=0.01 secs] 
2016-09-24T00:46:10.542-0400: 127.828: [GC (GCLocker Initiated GC) [PSYoungGen: 124998K->30663K(175104K)] 355946K->279908K(699392K), 0.0236842 secs] [Times: user=0.21 sys=0.01, real=0.03 secs] 
2016-09-24T00:46:10.693-0400: 127.979: [GC (Allocation Failure) [PSYoungGen: 118727K->73740K(175104K)] 374229K->347610K(699392K), 0.0101534 secs] [Times: user=0.10 sys=0.00, real=0.02 secs] 
2016-09-24T00:46:10.832-0400: 128.118: [GC (GCLocker Initiated GC) [PSYoungGen: 157096K->67405K(175104K)] 437041K->372066K(699392K), 0.0457447 secs] [Times: user=0.50 sys=0.00, real=0.05 secs] 
2016-09-24T00:46:11.004-0400: 128.291: [GC (GCLocker Initiated GC) [PSYoungGen: 155469K->67309K(175104K)] 460189K->384275K(699392K), 0.0237624 secs] [Times: user=0.19 sys=0.00, real=0.02 secs] 
2016-09-24T00:46:11.185-0400: 128.472: [GC (Allocation Failure) [PSYoungGen: 155370K->18968K(175104K)] 484830K->391213K(699392K), 0.0383598 secs] [Times: user=0.42 sys=0.01, real=0.04 secs] 
2016-09-24T00:46:11.331-0400: 128.618: [GC (Allocation Failure) [PSYoungGen: 103060K->55415K(175104K)] 475305K->428099K(699392K), 0.0169331 secs] [Times: user=0.20 sys=0.00, real=0.02 secs] 
2016-09-24T00:46:11.472-0400: 128.758: [GC (GCLocker Initiated GC) [PSYoungGen: 143479K->55191K(175104K)] 516163K->446211K(699392K), 0.0092972 secs] [Times: user=0.07 sys=0.00, real=0.01 secs] 
2016-09-24T00:46:11.607-0400: 128.893: [GC (Allocation Failure) [PSYoungGen: 143255K->85466K(175104K)] 540420K->482915K(699392K), 0.0121636 secs] [Times: user=0.12 sys=0.00, real=0.01 secs] 
2016-09-24T00:46:11.725-0400: 129.012: [GC (GCLocker Initiated GC) [PSYoungGen: 173530K->61394K(175104K)] 570985K->495458K(699392K), 0.0160803 secs] [Times: user=0.17 sys=0.00, real=0.01 secs] 
2016-09-24T00:46:11.855-0400: 129.141: [GC (GCLocker Initiated GC) [PSYoungGen: 149458K->85562K(175104K)] 583654K->538259K(699392K), 0.0174265 secs] [Times: user=0.22 sys=0.00, real=0.01 secs] 
2016-09-24T00:46:12.004-0400: 129.290: [GC (GCLocker Initiated GC) [PSYoungGen: 173626K->55679K(175104K)] 632574K->569437K(699392K), 0.0127937 secs] [Times: user=0.15 sys=0.01, real=0.01 secs] 
2016-09-24T00:46:12.017-0400: 129.303: [Full GC (Ergonomics) [PSYoungGen: 55679K->0K(175104K)] [ParOldGen: 513758K->53037K(524288K)] 569437K->53037K(699392K), [Metaspace: 44420K->44420K(1087488K)], 0.0605703 secs] [Times: user=0.39 sys=0.02, real=0.06 secs] 
2016-09-24T00:46:12.172-0400: 129.459: [GC (Allocation Failure) [PSYoungGen: 88064K->86210K(175104K)] 141456K->169978K(699392K), 0.0163031 secs] [Times: user=0.21 sys=0.00, real=0.02 secs] 
2016-09-24T00:46:12.302-0400: 129.589: [GC (GCLocker Initiated GC) [PSYoungGen: 172688K->55547K(175104K)] 262531K->200784K(699392K), 0.0113592 secs] [Times: user=0.12 sys=0.00, real=0.00 secs] 
2016-09-24T00:46:12.470-0400: 129.756: [GC (GCLocker Initiated GC) [PSYoungGen: 143611K->43073K(175104K)] 295077K->231101K(699392K), 0.0378218 secs] [Times: user=0.32 sys=0.01, real=0.04 secs] 
2016-09-24T00:46:12.617-0400: 129.903: [GC (Allocation Failure) [PSYoungGen: 131137K->79751K(175104K)] 319520K->280552K(699392K), 0.0100245 secs] [Times: user=0.09 sys=0.01, real=0.01 secs] 
2016-09-24T00:46:12.759-0400: 130.046: [GC (GCLocker Initiated GC) [PSYoungGen: 166609K->37094K(175104K)] 373485K->280703K(699392K), 0.0172774 secs] [Times: user=0.18 sys=0.00, real=0.02 secs] 
2016-09-24T00:46:12.896-0400: 130.182: [GC (Allocation Failure) [PSYoungGen: 125158K->55547K(175104K)] 381227K->311768K(699392K), 0.0081701 secs] [Times: user=0.10 sys=0.00, real=0.01 secs] 
2016-09-24T00:46:13.039-0400: 130.325: [GC (GCLocker Initiated GC) [PSYoungGen: 143611K->61522K(175104K)] 399838K->336265K(699392K), 0.0091400 secs] [Times: user=0.08 sys=0.00, real=0.01 secs] 
2016-09-24T00:46:13.160-0400: 130.446: [GC (GCLocker Initiated GC) [PSYoungGen: 149586K->55515K(175104K)] 430580K->336628K(699392K), 0.0163360 secs] [Times: user=0.19 sys=0.00, real=0.02 secs] 
2016-09-24T00:46:13.291-0400: 130.578: [GC (Allocation Failure) [PSYoungGen: 143579K->61330K(175104K)] 430876K->361216K(699392K), 0.0239252 secs] [Times: user=0.28 sys=0.00, real=0.03 secs] 
2016-09-24T00:46:13.446-0400: 130.732: [GC (GCLocker Initiated GC) [PSYoungGen: 149201K->73644K(175104K)] 455163K->410256K(699392K), 0.0106033 secs] [Times: user=0.08 sys=0.00, real=0.01 secs] 
2016-09-24T00:46:13.607-0400: 130.894: [GC (Allocation Failure) [PSYoungGen: 161708K->67369K(175104K)] 510534K->434696K(699392K), 0.0106597 secs] [Times: user=0.08 sys=0.00, real=0.01 secs] 
2016-09-24T00:46:13.720-0400: 131.006: [GC (GCLocker Initiated GC) [PSYoungGen: 155433K->85758K(175104K)] 522760K->501836K(699392K), 0.0196579 secs] [Times: user=0.21 sys=0.00, real=0.02 secs] 
2016-09-24T00:46:13.884-0400: 131.170: [GC (GCLocker Initiated GC) [PSYoungGen: 173822K->37386K(175104K)] 608346K->508651K(699392K), 0.0147078 secs] [Times: user=0.14 sys=0.00, real=0.01 secs] 
2016-09-24T00:46:13.898-0400: 131.185: [Full GC (Ergonomics) [PSYoungGen: 37386K->0K(175104K)] [ParOldGen: 471265K->52879K(524288K)] 508651K->52879K(699392K), [Metaspace: 44423K->44423K(1087488K)], 0.0602979 secs] [Times: user=0.35 sys=0.01, real=0.06 secs] 
2016-09-24T00:46:14.068-0400: 131.354: [GC (GCLocker Initiated GC) [PSYoungGen: 88064K->85694K(175104K)] 141137K->144842K(699392K), 0.0226776 secs] [Times: user=0.26 sys=0.00, real=0.02 secs] 
2016-09-24T00:46:14.220-0400: 131.506: [GC (GCLocker Initiated GC) [PSYoungGen: 173758K->49212K(175104K)] 233043K->157536K(699392K), 0.0096380 secs] [Times: user=0.10 sys=0.00, real=0.01 secs] 
2016-09-24T00:46:14.333-0400: 131.619: [GC (GCLocker Initiated GC) [PSYoungGen: 137276K->61234K(175104K)] 245815K->170017K(699392K), 0.0127870 secs] [Times: user=0.14 sys=0.00, real=0.02 secs] 
2016-09-24T00:46:14.479-0400: 131.766: [GC (GCLocker Initiated GC) [PSYoungGen: 149298K->55123K(175104K)] 258134K->200684K(699392K), 0.0325677 secs] [Times: user=0.33 sys=0.00, real=0.03 secs] 
2016-09-24T00:46:14.663-0400: 131.949: [GC (GCLocker Initiated GC) [PSYoungGen: 143187K->30919K(175104K)] 300940K->231332K(699392K), 0.0106364 secs] [Times: user=0.09 sys=0.00, real=0.00 secs] 
2016-09-24T00:46:14.818-0400: 132.104: [GC (GCLocker Initiated GC) [PSYoungGen: 118983K->55255K(175104K)] 325659K->262050K(699392K), 0.0067768 secs] [Times: user=0.04 sys=0.00, real=0.01 secs] 
2016-09-24T00:46:14.917-0400: 132.203: [GC (GCLocker Initiated GC) [PSYoungGen: 143319K->61330K(175104K)] 350402K->286922K(699392K), 0.0112318 secs] [Times: user=0.12 sys=0.00, real=0.01 secs] 
2016-09-24T00:46:15.056-0400: 132.342: [GC (GCLocker Initiated GC) [PSYoungGen: 149394K->43173K(175104K)] 387362K->323738K(699392K), 0.0133611 secs] [Times: user=0.07 sys=0.00, real=0.01 secs] 
2016-09-24T00:46:15.184-0400: 132.470: [GC (GCLocker Initiated GC) [PSYoungGen: 131237K->61394K(175104K)] 411989K->366737K(699392K), 0.0177784 secs] [Times: user=0.20 sys=0.00, real=0.01 secs] 
2016-09-24T00:46:15.313-0400: 132.599: [GC (GCLocker Initiated GC) [PSYoungGen: 149458K->67565K(175104K)] 455162K->410003K(699392K), 0.0085266 secs] [Times: user=0.09 sys=0.01, real=0.01 secs] 
2016-09-24T00:46:15.450-0400: 132.736: [GC (GCLocker Initiated GC) [PSYoungGen: 155629K->73612K(175104K)] 498277K->428497K(699392K), 0.0175179 secs] [Times: user=0.18 sys=0.00, real=0.02 secs] 
2016-09-24T00:46:15.589-0400: 132.876: [GC (GCLocker Initiated GC) [PSYoungGen: 161676K->73512K(175104K)] 516686K->434889K(699392K), 0.0186481 secs] [Times: user=0.19 sys=0.00, real=0.02 secs] 
2016-09-24T00:46:15.718-0400: 133.004: [GC (Allocation Failure) [PSYoungGen: 161576K->55515K(175104K)] 523308K->435552K(699392K), 0.0221416 secs] [Times: user=0.21 sys=0.00, real=0.02 secs] 
2016-09-24T00:46:15.846-0400: 133.133: [GC (GCLocker Initiated GC) [PSYoungGen: 143579K->85790K(175104K)] 523621K->478242K(699392K), 0.0104270 secs] [Times: user=0.11 sys=0.00, real=0.01 secs] 
2016-09-24T00:46:16.008-0400: 133.294: [GC (GCLocker Initiated GC) [PSYoungGen: 173854K->37130K(175104K)] 578699K->466362K(699392K), 0.0155281 secs] [Times: user=0.14 sys=0.00, real=0.02 secs] 
2016-09-24T00:46:16.135-0400: 133.421: [GC (GCLocker Initiated GC) [PSYoungGen: 125194K->67469K(175104K)] 554541K->497076K(699392K), 0.0168672 secs] [Times: user=0.14 sys=0.00, real=0.01 secs] 
2016-09-24T00:46:16.272-0400: 133.559: [GC (GCLocker Initiated GC) [PSYoungGen: 155533K->73544K(175104K)] 585266K->564310K(699392K), 0.0328169 secs] [Times: user=0.38 sys=0.01, real=0.04 secs] 
2016-09-24T00:46:16.305-0400: 133.591: [Full GC (Ergonomics) [PSYoungGen: 73544K->0K(175104K)] [ParOldGen: 490766K->47101K(524288K)] 564310K->47101K(699392K), [Metaspace: 44432K->44432K(1087488K)], 0.0682203 secs] [Times: user=0.39 sys=0.01, real=0.06 secs] 
2016-09-24T00:46:16.478-0400: 133.764: [GC (GCLocker Initiated GC) [PSYoungGen: 88064K->86210K(175104K)] 147660K->151882K(699392K), 0.0133856 secs] [Times: user=0.14 sys=0.00, real=0.01 secs] 
2016-09-24T00:46:16.622-0400: 133.908: [GC (GCLocker Initiated GC) [PSYoungGen: 174274K->61490K(175104K)] 246348K->188983K(699392K), 0.0096775 secs] [Times: user=0.10 sys=0.00, real=0.01 secs] 
2016-09-24T00:46:16.740-0400: 134.027: [GC (GCLocker Initiated GC) [PSYoungGen: 149554K->55547K(175104K)] 283247K->213848K(699392K), 0.0105615 secs] [Times: user=0.12 sys=0.00, real=0.01 secs] 
2016-09-24T00:46:16.882-0400: 134.168: [GC (GCLocker Initiated GC) [PSYoungGen: 143611K->73380K(175104K)] 302279K->250548K(699392K), 0.0218697 secs] [Times: user=0.25 sys=0.00, real=0.03 secs] 
2016-09-24T00:46:17.021-0400: 134.307: [GC (GCLocker Initiated GC) [PSYoungGen: 161444K->85758K(175104K)] 338894K->269403K(699392K), 0.0219580 secs] [Times: user=0.23 sys=0.00, real=0.03 secs] 
2016-09-24T00:46:17.172-0400: 134.459: [GC (GCLocker Initiated GC) [PSYoungGen: 173822K->37094K(175104K)] 363696K->263677K(699392K), 0.0077853 secs] [Times: user=0.07 sys=0.00, real=0.01 secs] 
2016-09-24T00:46:17.294-0400: 134.581: [GC (GCLocker Initiated GC) [PSYoungGen: 125158K->73512K(175104K)] 357886K->348885K(699392K), 0.0098524 secs] [Times: user=0.10 sys=0.00, real=0.01 secs] 
2016-09-24T00:46:17.433-0400: 134.719: [GC (GCLocker Initiated GC) [PSYoungGen: 161576K->73580K(175104K)] 436991K->373586K(699392K), 0.0222172 secs] [Times: user=0.22 sys=0.00, real=0.03 secs] 
2016-09-24T00:46:17.554-0400: 134.840: [GC (GCLocker Initiated GC) [PSYoungGen: 161644K->30955K(175104K)] 462090K->392566K(699392K), 0.0135740 secs] [Times: user=0.11 sys=0.00, real=0.02 secs] 
2016-09-24T00:46:17.685-0400: 134.971: [GC (Allocation Failure) [PSYoungGen: 119019K->49116K(175104K)] 492811K->429087K(699392K), 0.0075767 secs] [Times: user=0.06 sys=0.01, real=0.00 secs] 
2016-09-24T00:46:17.816-0400: 135.102: [GC (GCLocker Initiated GC) [PSYoungGen: 137180K->67437K(175104K)] 517156K->471981K(699392K), 0.0093118 secs] [Times: user=0.07 sys=0.00, real=0.01 secs] 
2016-09-24T00:46:17.954-0400: 135.240: [GC (Allocation Failure) [PSYoungGen: 155501K->49048K(175104K)] 566369K->478253K(699392K), 0.0146204 secs] [Times: user=0.17 sys=0.00, real=0.02 secs] 
2016-09-24T00:46:18.080-0400: 135.366: [GC (GCLocker Initiated GC) [PSYoungGen: 137112K->79879K(175104K)] 566322K->539608K(699392K), 0.0163791 secs] [Times: user=0.17 sys=0.00, real=0.02 secs] 
2016-09-24T00:46:18.235-0400: 135.522: [Full GC (Ergonomics) [PSYoungGen: 167943K->0K(175104K)] [ParOldGen: 465974K->46745K(524288K)] 633917K->46745K(699392K), [Metaspace: 44433K->44433K(1087488K)], 0.0568742 secs] [Times: user=0.32 sys=0.01, real=0.05 secs] 
2016-09-24T00:46:18.408-0400: 135.695: [GC (GCLocker Initiated GC) [PSYoungGen: 88064K->86146K(175104K)] 147056K->169439K(699392K), 0.0173649 secs] [Times: user=0.18 sys=0.00, real=0.02 secs] 
2016-09-24T00:46:18.570-0400: 135.857: [GC (GCLocker Initiated GC) [PSYoungGen: 174210K->36834K(175104K)] 257504K->163365K(699392K), 0.0089277 secs] [Times: user=0.08 sys=0.02, real=0.01 secs] 
2016-09-24T00:46:18.687-0400: 135.973: [GC (GCLocker Initiated GC) [PSYoungGen: 124898K->85562K(175104K)] 251684K->230693K(699392K), 0.0161944 secs] [Times: user=0.17 sys=0.00, real=0.02 secs] 
2016-09-24T00:46:18.823-0400: 136.109: [GC (GCLocker Initiated GC) [PSYoungGen: 173626K->61426K(175104K)] 324902K->249287K(699392K), 0.0255605 secs] [Times: user=0.27 sys=0.00, real=0.02 secs] 
2016-09-24T00:46:18.953-0400: 136.240: [GC (GCLocker Initiated GC) [PSYoungGen: 149490K->67437K(175104K)] 337387K->285985K(699392K), 0.0098019 secs] [Times: user=0.10 sys=0.00, real=0.02 secs] 
2016-09-24T00:46:19.081-0400: 136.368: [GC (GCLocker Initiated GC) [PSYoungGen: 155501K->79847K(175104K)] 374337K->335424K(699392K), 0.0257324 secs] [Times: user=0.26 sys=0.00, real=0.03 secs] 
2016-09-24T00:46:19.230-0400: 136.517: [GC (GCLocker Initiated GC) [PSYoungGen: 167911K->67241K(175104K)] 423575K->341374K(699392K), 0.0095406 secs] [Times: user=0.08 sys=0.00, real=0.01 secs] 
2016-09-24T00:46:19.343-0400: 136.630: [GC (GCLocker Initiated GC) [PSYoungGen: 155305K->67633K(175104K)] 429546K->378436K(699392K), 0.0161396 secs] [Times: user=0.19 sys=0.00, real=0.01 secs] 
2016-09-24T00:46:19.501-0400: 136.787: [GC (GCLocker Initiated GC) [PSYoungGen: 155697K->36866K(175104K)] 472729K->372546K(699392K), 0.0060263 secs] [Times: user=0.08 sys=0.01, real=0.01 secs] 
2016-09-24T00:46:19.639-0400: 136.925: [GC (Allocation Failure) [PSYoungGen: 124930K->73740K(175104K)] 460772K->409709K(699392K), 0.0229575 secs] [Times: user=0.25 sys=0.00, real=0.02 secs] 
2016-09-24T00:46:19.802-0400: 137.089: [GC (GCLocker Initiated GC) [PSYoungGen: 158781K->55159K(175104K)] 500826K->415688K(699392K), 0.0120904 secs] [Times: user=0.10 sys=0.00, real=0.01 secs] 
2016-09-24T00:46:19.963-0400: 137.250: [GC (GCLocker Initiated GC) [PSYoungGen: 143223K->36770K(175104K)] 510176K->422052K(699392K), 0.0131163 secs] [Times: user=0.13 sys=0.00, real=0.01 secs] 
2016-09-24T00:46:20.093-0400: 137.380: [GC (GCLocker Initiated GC) [PSYoungGen: 124834K->73676K(175104K)] 510276K->459221K(699392K), 0.0357267 secs] [Times: user=0.39 sys=0.00, real=0.04 secs] 
2016-09-24T00:46:20.238-0400: 137.524: [GC (GCLocker Initiated GC) [PSYoungGen: 161740K->73576K(175104K)] 547613K->465807K(699392K), 0.0172496 secs] [Times: user=0.17 sys=0.01, real=0.02 secs] 
2016-09-24T00:46:20.343-0400: 137.629: [GC (GCLocker Initiated GC) [PSYoungGen: 161640K->73576K(175104K)] 553940K->496363K(699392K), 0.0110611 secs] [Times: user=0.08 sys=0.01, real=0.01 secs] 
2016-09-24T00:46:20.468-0400: 137.754: [GC (GCLocker Initiated GC) [PSYoungGen: 161640K->43205K(175104K)] 584442K->520793K(699392K), 0.0196173 secs] [Times: user=0.16 sys=0.00, real=0.02 secs] 
2016-09-24T00:46:20.488-0400: 137.774: [Full GC (Ergonomics) [PSYoungGen: 43205K->0K(175104K)] [ParOldGen: 477588K->53562K(524288K)] 520793K->53562K(699392K), [Metaspace: 44439K->44439K(1087488K)], 0.0528960 secs] [Times: user=0.37 sys=0.02, real=0.05 secs] 
2016-09-24T00:46:20.625-0400: 137.911: [GC (Allocation Failure) [PSYoungGen: 88064K->86078K(175104K)] 141802K->170191K(699392K), 0.0123653 secs] [Times: user=0.19 sys=0.00, real=0.01 secs] 
2016-09-24T00:46:20.725-0400: 138.011: [GC (GCLocker Initiated GC) [PSYoungGen: 174142K->86018K(175104K)] 258261K->225416K(699392K), 0.0119024 secs] [Times: user=0.18 sys=0.00, real=0.01 secs] 
2016-09-24T00:46:20.841-0400: 138.128: [GC (Allocation Failure) [PSYoungGen: 174082K->85822K(175104K)] 313768K->280654K(699392K), 0.0122484 secs] [Times: user=0.15 sys=0.01, real=0.01 secs] 
2016-09-24T00:46:20.969-0400: 138.255: [GC (GCLocker Initiated GC) [PSYoungGen: 173886K->55383K(175104K)] 368719K->305034K(699392K), 0.0309716 secs] [Times: user=0.36 sys=0.00, real=0.03 secs] 
2016-09-24T00:46:21.107-0400: 138.394: [GC (GCLocker Initiated GC) [PSYoungGen: 143447K->73672K(175104K)] 399360K->329737K(699392K), 0.0160223 secs] [Times: user=0.21 sys=0.00, real=0.02 secs] 
2016-09-24T00:46:21.260-0400: 138.547: [GC (GCLocker Initiated GC) [PSYoungGen: 161736K->55351K(175104K)] 430144K->324034K(699392K), 0.0142574 secs] [Times: user=0.19 sys=0.00, real=0.02 secs] 
2016-09-24T00:46:21.410-0400: 138.696: [GC (GCLocker Initiated GC) [PSYoungGen: 143415K->49376K(175104K)] 418463K->361165K(699392K), 0.0228126 secs] [Times: user=0.25 sys=0.01, real=0.02 secs] 
2016-09-24T00:46:21.587-0400: 138.873: [GC (Allocation Failure) [PSYoungGen: 137440K->18709K(175104K)] 449509K->349279K(699392K), 0.0052991 secs] [Times: user=0.05 sys=0.00, real=0.00 secs] 
2016-09-24T00:46:21.704-0400: 138.991: [GC (GCLocker Initiated GC) [PSYoungGen: 106696K->73348K(175104K)] 437430K->404341K(699392K), 0.0136521 secs] [Times: user=0.14 sys=0.00, real=0.01 secs] 
2016-09-24T00:46:21.839-0400: 139.126: [GC (GCLocker Initiated GC) [PSYoungGen: 161412K->55191K(175104K)] 498746K->416912K(699392K), 0.0098846 secs] [Times: user=0.07 sys=0.00, real=0.01 secs] 
2016-09-24T00:46:21.950-0400: 139.236: [GC (GCLocker Initiated GC) [PSYoungGen: 143255K->55159K(175104K)] 505113K->423179K(699392K), 0.0162764 secs] [Times: user=0.11 sys=0.01, real=0.02 secs] 
2016-09-24T00:46:22.090-0400: 139.377: [GC (GCLocker Initiated GC) [PSYoungGen: 143223K->61526K(175104K)] 517550K->454345K(699392K), 0.0106635 secs] [Times: user=0.10 sys=0.00, real=0.01 secs] 
2016-09-24T00:46:22.263-0400: 139.549: [GC (Allocation Failure) [PSYoungGen: 149590K->61234K(175104K)] 542535K->472656K(699392K), 0.0330529 secs] [Times: user=0.32 sys=0.00, real=0.03 secs] 
2016-09-24T00:46:22.413-0400: 139.699: [GC (GCLocker Initiated GC) [PSYoungGen: 147943K->61494K(175104K)] 565441K->521783K(699392K), 0.0241915 secs] [Times: user=0.24 sys=0.00, real=0.03 secs] 
2016-09-24T00:46:22.437-0400: 139.724: [Full GC (Ergonomics) [PSYoungGen: 61494K->0K(175104K)] [ParOldGen: 460289K->53398K(524288K)] 521783K->53398K(699392K), [Metaspace: 44439K->44439K(1087488K)], 0.0526347 secs] [Times: user=0.26 sys=0.01, real=0.05 secs] 
2016-09-24T00:46:22.622-0400: 139.908: [GC (GCLocker Initiated GC) [PSYoungGen: 88064K->73996K(175104K)] 159858K->145790K(699392K), 0.0113785 secs] [Times: user=0.13 sys=0.01, real=0.01 secs] 
2016-09-24T00:46:22.759-0400: 140.045: [GC (GCLocker Initiated GC) [PSYoungGen: 162060K->18773K(175104K)] 234047K->146120K(699392K), 0.0086865 secs] [Times: user=0.07 sys=0.00, real=0.01 secs] 
2016-09-24T00:46:22.877-0400: 140.163: [GC (GCLocker Initiated GC) [PSYoungGen: 106837K->73640K(175104K)] 234287K->243939K(699392K), 0.0112714 secs] [Times: user=0.16 sys=0.00, real=0.01 secs] 
2016-09-24T00:46:23.004-0400: 140.291: [GC (GCLocker Initiated GC) [PSYoungGen: 161704K->85790K(175104K)] 332061K->262522K(699392K), 0.0102952 secs] [Times: user=0.13 sys=0.00, real=0.01 secs] 
2016-09-24T00:46:23.122-0400: 140.409: [GC (GCLocker Initiated GC) [PSYoungGen: 173854K->61426K(175104K)] 350795K->250792K(699392K), 0.0069562 secs] [Times: user=0.07 sys=0.00, real=0.00 secs] 
2016-09-24T00:46:23.249-0400: 140.535: [GC (GCLocker Initiated GC) [PSYoungGen: 149490K->67569K(175104K)] 345141K->281541K(699392K), 0.0325243 secs] [Times: user=0.35 sys=0.00, real=0.03 secs] 
2016-09-24T00:46:23.432-0400: 140.718: [GC (GCLocker Initiated GC) [PSYoungGen: 155633K->55383K(175104K)] 369730K->306190K(699392K), 0.0225043 secs] [Times: user=0.25 sys=0.00, real=0.03 secs] 
2016-09-24T00:46:23.575-0400: 140.862: [GC (GCLocker Initiated GC) [PSYoungGen: 143447K->67405K(175104K)] 400393K->324454K(699392K), 0.0131624 secs] [Times: user=0.12 sys=0.00, real=0.01 secs] 
2016-09-24T00:46:23.693-0400: 140.979: [GC (GCLocker Initiated GC) [PSYoungGen: 155469K->85758K(175104K)] 412711K->385840K(699392K), 0.0125754 secs] [Times: user=0.14 sys=0.00, real=0.02 secs] 
2016-09-24T00:46:23.855-0400: 141.142: [GC (GCLocker Initiated GC) [PSYoungGen: 173822K->37190K(175104K)] 492451K->374328K(699392K), 0.0166984 secs] [Times: user=0.18 sys=0.00, real=0.01 secs] 
2016-09-24T00:46:24.005-0400: 141.292: [GC (GCLocker Initiated GC) [PSYoungGen: 125250K->73904K(175104K)] 462755K->411700K(699392K), 0.0102508 secs] [Times: user=0.10 sys=0.00, real=0.01 secs] 
2016-09-24T00:46:24.121-0400: 141.407: [GC (GCLocker Initiated GC) [PSYoungGen: 161968K->73676K(175104K)] 499985K->430021K(699392K), 0.0242530 secs] [Times: user=0.25 sys=0.00, real=0.03 secs] 
2016-09-24T00:46:24.254-0400: 141.541: [GC (GCLocker Initiated GC) [PSYoungGen: 161740K->85726K(175104K)] 518284K->479035K(699392K), 0.0166629 secs] [Times: user=0.21 sys=0.01, real=0.01 secs] 
2016-09-24T00:46:24.405-0400: 141.691: [GC (GCLocker Initiated GC) [PSYoungGen: 173790K->73480K(175104K)] 573251K->515578K(699392K), 0.0145489 secs] [Times: user=0.16 sys=0.00, real=0.01 secs] 
2016-09-24T00:46:24.527-0400: 141.813: [GC (GCLocker Initiated GC) [PSYoungGen: 161544K->79715K(175104K)] 603897K->564916K(699392K), 0.0193642 secs] [Times: user=0.25 sys=0.00, real=0.02 secs] 
2016-09-24T00:46:24.546-0400: 141.832: [Full GC (Ergonomics) [PSYoungGen: 79715K->0K(175104K)] [ParOldGen: 485201K->52386K(524288K)] 564916K->52386K(699392K), [Metaspace: 44450K->44450K(1087488K)], 0.0838767 secs] [Times: user=0.72 sys=0.01, real=0.08 secs] 
2016-09-24T00:46:24.741-0400: 142.028: [GC (GCLocker Initiated GC) [PSYoungGen: 88064K->85790K(175104K)] 140817K->144618K(699392K), 0.0145034 secs] [Times: user=0.19 sys=0.01, real=0.02 secs] 
2016-09-24T00:46:24.874-0400: 142.160: [GC (GCLocker Initiated GC) [PSYoungGen: 173854K->61686K(175104K)] 233043K->157641K(699392K), 0.0219188 secs] [Times: user=0.28 sys=0.00, real=0.03 secs] 
2016-09-24T00:46:25.019-0400: 142.306: [GC (GCLocker Initiated GC) [PSYoungGen: 149750K->67273K(175104K)] 245875K->181898K(699392K), 0.0150430 secs] [Times: user=0.16 sys=0.00, real=0.02 secs] 
2016-09-24T00:46:25.155-0400: 142.441: [GC (GCLocker Initiated GC) [PSYoungGen: 155337K->43105K(175104K)] 270358K->194664K(699392K), 0.0096088 secs] [Times: user=0.10 sys=0.00, real=0.01 secs] 
2016-09-24T00:46:25.275-0400: 142.561: [GC (GCLocker Initiated GC) [PSYoungGen: 131169K->85858K(175104K)] 282977K->255995K(699392K), 0.0098194 secs] [Times: user=0.10 sys=0.00, real=0.01 secs] 
2016-09-24T00:46:25.408-0400: 142.694: [GC (GCLocker Initiated GC) [PSYoungGen: 173922K->49116K(175104K)] 344223K->250044K(699392K), 0.0403986 secs] [Times: user=0.48 sys=0.00, real=0.04 secs] 
2016-09-24T00:46:25.555-0400: 142.842: [GC (GCLocker Initiated GC) [PSYoungGen: 137180K->73904K(175104K)] 344437K->281469K(699392K), 0.0136630 secs] [Times: user=0.16 sys=0.00, real=0.01 secs] 
2016-09-24T00:46:25.688-0400: 142.975: [GC (GCLocker Initiated GC) [PSYoungGen: 161968K->55287K(175104K)] 375969K->306021K(699392K), 0.0096769 secs] [Times: user=0.08 sys=0.01, real=0.01 secs] 
2016-09-24T00:46:25.816-0400: 143.103: [GC (GCLocker Initiated GC) [PSYoungGen: 143351K->85954K(175104K)] 394278K->343264K(699392K), 0.0085067 secs] [Times: user=0.10 sys=0.00, real=0.01 secs] 
2016-09-24T00:46:25.994-0400: 143.280: [GC (Allocation Failure) [PSYoungGen: 174018K->55159K(175104K)] 431381K->331022K(699392K), 0.0103054 secs] [Times: user=0.08 sys=0.01, real=0.02 secs] 
2016-09-24T00:46:26.093-0400: 143.379: [GC (GCLocker Initiated GC) [PSYoungGen: 141666K->61426K(175104K)] 423605K->361873K(699392K), 0.0120505 secs] [Times: user=0.10 sys=0.00, real=0.02 secs] 
2016-09-24T00:46:26.232-0400: 143.519: [GC (GCLocker Initiated GC) [PSYoungGen: 149490K->67405K(175104K)] 450135K->386551K(699392K), 0.0119652 secs] [Times: user=0.11 sys=0.00, real=0.02 secs] 
2016-09-24T00:46:26.349-0400: 143.635: [GC (GCLocker Initiated GC) [PSYoungGen: 155469K->73836K(175104K)] 480860K->399503K(699392K), 0.0118007 secs] [Times: user=0.12 sys=0.00, real=0.01 secs] 
2016-09-24T00:46:26.485-0400: 143.771: [GC (GCLocker Initiated GC) [PSYoungGen: 161900K->55447K(175104K)] 493661K->423957K(699392K), 0.0111355 secs] [Times: user=0.13 sys=0.00, real=0.01 secs] 
2016-09-24T00:46:26.613-0400: 143.900: [GC (Allocation Failure) [PSYoungGen: 143511K->79783K(175104K)] 512371K->479138K(699392K), 0.0115462 secs] [Times: user=0.10 sys=0.00, real=0.02 secs] 
2016-09-24T00:46:26.746-0400: 144.033: [GC (GCLocker Initiated GC) [PSYoungGen: 167844K->55255K(175104K)] 567204K->491512K(699392K), 0.0097230 secs] [Times: user=0.09 sys=0.00, real=0.01 secs] 
2016-09-24T00:46:26.879-0400: 144.165: [GC (GCLocker Initiated GC) [PSYoungGen: 143319K->73772K(175104K)] 579904K->528701K(699392K), 0.0191156 secs] [Times: user=0.28 sys=0.01, real=0.02 secs] 
2016-09-24T00:46:27.009-0400: 144.295: [GC (GCLocker Initiated GC) [PSYoungGen: 161836K->85822K(175104K)] 617004K->565597K(699392K), 0.0112195 secs] [Times: user=0.16 sys=0.01, real=0.01 secs] 
2016-09-24T00:46:27.020-0400: 144.306: [Full GC (Ergonomics) [PSYoungGen: 85822K->0K(175104K)] [ParOldGen: 479775K->52833K(524288K)] 565597K->52833K(699392K), [Metaspace: 44454K->44454K(1087488K)], 0.0550006 secs] [Times: user=0.39 sys=0.01, real=0.06 secs] 
2016-09-24T00:46:27.205-0400: 144.491: [GC (Allocation Failure) [PSYoungGen: 88064K->86210K(175104K)] 153502K->157723K(699392K), 0.0228762 secs] [Times: user=0.30 sys=0.00, real=0.02 secs] 
2016-09-24T00:46:27.352-0400: 144.638: [GC (GCLocker Initiated GC) [PSYoungGen: 174274K->55155K(175104K)] 245793K->182225K(699392K), 0.0214766 secs] [Times: user=0.22 sys=0.00, real=0.02 secs] 
2016-09-24T00:46:27.477-0400: 144.764: [GC (GCLocker Initiated GC) [PSYoungGen: 143219K->67861K(175104K)] 270324K->231544K(699392K), 0.0215071 secs] [Times: user=0.23 sys=0.01, real=0.02 secs] 
2016-09-24T00:46:27.624-0400: 144.911: [GC (GCLocker Initiated GC) [PSYoungGen: 155925K->55579K(175104K)] 319873K->274846K(699392K), 0.0248254 secs] [Times: user=0.28 sys=0.00, real=0.02 secs] 
2016-09-24T00:46:27.749-0400: 145.035: [GC (Allocation Failure) [PSYoungGen: 143643K->85822K(175104K)] 363092K->323811K(699392K), 0.0142915 secs] [Times: user=0.17 sys=0.00, real=0.02 secs] 
2016-09-24T00:46:27.886-0400: 145.172: [GC (Allocation Failure) [PSYoungGen: 167891K->25171K(175104K)] 405880K->330294K(699392K), 0.0080205 secs] [Times: user=0.10 sys=0.00, real=0.00 secs] 
2016-09-24T00:46:28.008-0400: 145.294: [GC (GCLocker Initiated GC) [PSYoungGen: 107649K->61362K(175104K)] 418847K->372982K(699392K), 0.0200177 secs] [Times: user=0.19 sys=0.00, real=0.02 secs] 
2016-09-24T00:46:28.140-0400: 145.426: [GC (GCLocker Initiated GC) [PSYoungGen: 149426K->73512K(175104K)] 461408K->403838K(699392K), 0.0193535 secs] [Times: user=0.20 sys=0.00, real=0.02 secs] 
2016-09-24T00:46:28.275-0400: 145.562: [GC (GCLocker Initiated GC) [PSYoungGen: 161576K->61362K(175104K)] 491943K->434538K(699392K), 0.0120703 secs] [Times: user=0.12 sys=0.00, real=0.01 secs] 
2016-09-24T00:46:28.413-0400: 145.700: [GC (GCLocker Initiated GC) [PSYoungGen: 149426K->79847K(175104K)] 528864K->508177K(699392K), 0.0128302 secs] [Times: user=0.15 sys=0.00, real=0.02 secs] 
2016-09-24T00:46:28.540-0400: 145.827: [GC (GCLocker Initiated GC) [PSYoungGen: 167911K->49148K(175104K)] 596411K->502216K(699392K), 0.0236199 secs] [Times: user=0.20 sys=0.00, real=0.03 secs] 
2016-09-24T00:46:28.564-0400: 145.851: [Full GC (Ergonomics) [PSYoungGen: 49148K->0K(175104K)] [ParOldGen: 453068K->52730K(524288K)] 502216K->52730K(699392K), [Metaspace: 44454K->44454K(1087488K)], 0.0691190 secs] [Times: user=0.42 sys=0.01, real=0.06 secs] 
2016-09-24T00:46:28.734-0400: 146.021: [GC (GCLocker Initiated GC) [PSYoungGen: 88064K->86434K(175104K)] 140896K->145341K(699392K), 0.0151381 secs] [Times: user=0.15 sys=0.00, real=0.01 secs] 
2016-09-24T00:46:28.905-0400: 146.192: [GC (GCLocker Initiated GC) [PSYoungGen: 174498K->36966K(175104K)] 245663K->139442K(699392K), 0.0160443 secs] [Times: user=0.16 sys=0.00, real=0.01 secs] 
2016-09-24T00:46:29.050-0400: 146.336: [GC (GCLocker Initiated GC) [PSYoungGen: 125030K->85694K(175104K)] 239737K->206760K(699392K), 0.0171906 secs] [Times: user=0.19 sys=0.00, real=0.02 secs] 
2016-09-24T00:46:29.192-0400: 146.478: [GC (GCLocker Initiated GC) [PSYoungGen: 173758K->49180K(175104K)] 294871K->219160K(699392K), 0.0238499 secs] [Times: user=0.24 sys=0.00, real=0.03 secs] 
2016-09-24T00:46:29.309-0400: 146.595: [GC (GCLocker Initiated GC) [PSYoungGen: 137244K->85890K(175104K)] 307367K->304896K(699392K), 0.0341839 secs] [Times: user=0.38 sys=0.01, real=0.04 secs] 
2016-09-24T00:46:29.481-0400: 146.767: [GC (GCLocker Initiated GC) [PSYoungGen: 173954K->43105K(175104K)] 392968K->323145K(699392K), 0.0224160 secs] [Times: user=0.25 sys=0.02, real=0.03 secs] 
2016-09-24T00:46:29.618-0400: 146.904: [GC (GCLocker Initiated GC) [PSYoungGen: 131169K->85726K(175104K)] 411323K->396523K(699392K), 0.0110781 secs] [Times: user=0.12 sys=0.00, real=0.01 secs] 
2016-09-24T00:46:29.735-0400: 147.021: [GC (Allocation Failure) [PSYoungGen: 173790K->67405K(175104K)] 484864K->421296K(699392K), 0.0187464 secs] [Times: user=0.19 sys=0.01, real=0.01 secs] 
2016-09-24T00:46:29.874-0400: 147.161: [GC (GCLocker Initiated GC) [PSYoungGen: 151401K->55515K(175104K)] 511367K->470431K(699392K), 0.0242567 secs] [Times: user=0.28 sys=0.00, real=0.02 secs] 
2016-09-24T00:46:30.023-0400: 147.310: [GC (Allocation Failure) [PSYoungGen: 143579K->79523K(175104K)] 558851K->495062K(699392K), 0.0193972 secs] [Times: user=0.17 sys=0.00, real=0.02 secs] 
2016-09-24T00:46:30.150-0400: 147.436: [GC (GCLocker Initiated GC) [PSYoungGen: 167587K->55383K(175104K)] 583132K->507645K(699392K), 0.0374343 secs] [Times: user=0.43 sys=0.00, real=0.04 secs] 
2016-09-24T00:46:30.187-0400: 147.474: [Full GC (Ergonomics) [PSYoungGen: 55383K->0K(175104K)] [ParOldGen: 452262K->46813K(524288K)] 507645K->46813K(699392K), [Metaspace: 44454K->44454K(1087488K)], 0.0550222 secs] [Times: user=0.29 sys=0.01, real=0.06 secs] 
2016-09-24T00:46:30.351-0400: 147.638: [GC (Allocation Failure) [PSYoungGen: 88064K->74160K(175104K)] 147220K->133316K(699392K), 0.0089158 secs] [Times: user=0.10 sys=0.00, real=0.01 secs] 
2016-09-24T00:46:30.491-0400: 147.777: [GC (GCLocker Initiated GC) [PSYoungGen: 159625K->55447K(175104K)] 224857K->139974K(699392K), 0.0369542 secs] [Times: user=0.50 sys=0.00, real=0.04 secs] 
2016-09-24T00:46:30.669-0400: 147.956: [GC (GCLocker Initiated GC) [PSYoungGen: 143511K->43269K(175104K)] 240538K->140572K(699392K), 0.0064204 secs] [Times: user=0.03 sys=0.01, real=0.01 secs] 
2016-09-24T00:46:30.809-0400: 148.095: [GC (GCLocker Initiated GC) [PSYoungGen: 131333K->73448K(175104K)] 228700K->189307K(699392K), 0.0316758 secs] [Times: user=0.33 sys=0.00, real=0.03 secs] 
2016-09-24T00:46:30.949-0400: 148.236: [GC (GCLocker Initiated GC) [PSYoungGen: 161512K->67601K(175104K)] 283797K->220357K(699392K), 0.0103795 secs] [Times: user=0.09 sys=0.00, real=0.01 secs] 
2016-09-24T00:46:31.094-0400: 148.380: [GC (GCLocker Initiated GC) [PSYoungGen: 155665K->36870K(175104K)] 308716K->220532K(699392K), 0.0236939 secs] [Times: user=0.18 sys=0.01, real=0.03 secs] 
2016-09-24T00:46:31.240-0400: 148.526: [GC (GCLocker Initiated GC) [PSYoungGen: 124934K->67501K(175104K)] 308874K->269754K(699392K), 0.0355446 secs] [Times: user=0.34 sys=0.01, real=0.04 secs] 
2016-09-24T00:46:31.384-0400: 148.670: [GC (GCLocker Initiated GC) [PSYoungGen: 155565K->73772K(175104K)] 358073K->325023K(699392K), 0.0108535 secs] [Times: user=0.16 sys=0.00, real=0.01 secs] 
2016-09-24T00:46:31.513-0400: 148.799: [GC (GCLocker Initiated GC) [PSYoungGen: 161836K->79551K(175104K)] 413123K->337385K(699392K), 0.0117184 secs] [Times: user=0.13 sys=0.00, real=0.02 secs] 
2016-09-24T00:46:31.647-0400: 148.933: [GC (GCLocker Initiated GC) [PSYoungGen: 167615K->73836K(175104K)] 431700K->392708K(699392K), 0.0289421 secs] [Times: user=0.36 sys=0.00, real=0.03 secs] 
2016-09-24T00:46:31.813-0400: 149.100: [GC (GCLocker Initiated GC) [PSYoungGen: 161900K->73704K(175104K)] 487040K->435618K(699392K), 0.0096236 secs] [Times: user=0.12 sys=0.00, real=0.02 secs] 
2016-09-24T00:46:31.932-0400: 149.218: [GC (GCLocker Initiated GC) [PSYoungGen: 161768K->79815K(175104K)] 524009K->478806K(699392K), 0.0149554 secs] [Times: user=0.17 sys=0.00, real=0.02 secs] 
2016-09-24T00:46:32.078-0400: 149.365: [GC (GCLocker Initiated GC) [PSYoungGen: 167879K->37062K(175104K)] 572981K->491195K(699392K), 0.0160825 secs] [Times: user=0.15 sys=0.01, real=0.02 secs] 
2016-09-24T00:46:32.095-0400: 149.381: [Full GC (Ergonomics) [PSYoungGen: 37062K->0K(175104K)] [ParOldGen: 454133K->52532K(524288K)] 491195K->52532K(699392K), [Metaspace: 44454K->44454K(1087488K)], 0.0678914 secs] [Times: user=0.38 sys=0.00, real=0.07 secs] 
2016-09-24T00:46:32.270-0400: 149.556: [GC (GCLocker Initiated GC) [PSYoungGen: 88064K->79907K(175104K)] 146847K->138690K(699392K), 0.0206596 secs] [Times: user=0.28 sys=0.00, real=0.02 secs] 
2016-09-24T00:46:32.408-0400: 149.695: [GC (GCLocker Initiated GC) [PSYoungGen: 167971K->85954K(175104K)] 226924K->187996K(699392K), 0.0186971 secs] [Times: user=0.26 sys=0.00, real=0.02 secs] 
2016-09-24T00:46:32.552-0400: 149.838: [GC (Allocation Failure) [PSYoungGen: 174018K->79487K(175104K)] 276102K->200423K(699392K), 0.0088666 secs] [Times: user=0.11 sys=0.00, real=0.01 secs] 
2016-09-24T00:46:32.678-0400: 149.964: [GC (GCLocker Initiated GC) [PSYoungGen: 167551K->73868K(175104K)] 288493K->255703K(699392K), 0.0175419 secs] [Times: user=0.21 sys=0.00, real=0.02 secs] 
2016-09-24T00:46:32.838-0400: 150.124: [GC (GCLocker Initiated GC) [PSYoungGen: 161932K->55251K(175104K)] 350166K->262009K(699392K), 0.0097289 secs] [Times: user=0.11 sys=0.01, real=0.01 secs] 
2016-09-24T00:46:32.957-0400: 150.243: [GC (GCLocker Initiated GC) [PSYoungGen: 143315K->85594K(175104K)] 350155K->304711K(699392K), 0.0084636 secs] [Times: user=0.09 sys=0.00, real=0.01 secs] 
2016-09-24T00:46:33.081-0400: 150.368: [GC (GCLocker Initiated GC) [PSYoungGen: 173658K->30955K(175104K)] 392862K->292788K(699392K), 0.0217436 secs] [Times: user=0.22 sys=0.02, real=0.03 secs] 
2016-09-24T00:46:33.213-0400: 150.499: [GC (GCLocker Initiated GC) [PSYoungGen: 119019K->67177K(175104K)] 380939K->347581K(699392K), 0.0105471 secs] [Times: user=0.07 sys=0.01, real=0.02 secs] 
2016-09-24T00:46:33.331-0400: 150.617: [GC (GCLocker Initiated GC) [PSYoungGen: 155241K->55287K(175104K)] 441762K->408753K(699392K), 0.0244980 secs] [Times: user=0.24 sys=0.00, real=0.03 secs] 
2016-09-24T00:46:33.476-0400: 150.762: [GC (GCLocker Initiated GC) [PSYoungGen: 143351K->73708K(175104K)] 503142K->494532K(699392K), 0.0157937 secs] [Times: user=0.17 sys=0.00, real=0.01 secs] 
2016-09-24T00:46:33.608-0400: 150.895: [GC (GCLocker Initiated GC) [PSYoungGen: 161772K->61362K(175104K)] 582901K->500984K(699392K), 0.0175868 secs] [Times: user=0.21 sys=0.00, real=0.02 secs] 
2016-09-24T00:46:33.626-0400: 150.912: [Full GC (Ergonomics) [PSYoungGen: 61362K->0K(175104K)] [ParOldGen: 439622K->52840K(524288K)] 500984K->52840K(699392K), [Metaspace: 44456K->44456K(1087488K)], 0.0570448 secs] [Times: user=0.26 sys=0.02, real=0.06 secs] 
2016-09-24T00:46:33.796-0400: 151.083: [GC (GCLocker Initiated GC) [PSYoungGen: 88064K->67921K(175104K)] 153315K->133172K(699392K), 0.0148574 secs] [Times: user=0.12 sys=0.00, real=0.01 secs] 
2016-09-24T00:46:33.922-0400: 151.209: [GC (GCLocker Initiated GC) [PSYoungGen: 155985K->43073K(175104K)] 221340K->151837K(699392K), 0.0135956 secs] [Times: user=0.15 sys=0.00, real=0.01 secs] 
2016-09-24T00:46:34.081-0400: 151.368: [GC (GCLocker Initiated GC) [PSYoungGen: 131137K->55219K(175104K)] 239942K->182524K(699392K), 0.0189866 secs] [Times: user=0.21 sys=0.00, real=0.02 secs] 
2016-09-24T00:46:34.212-0400: 151.499: [GC (GCLocker Initiated GC) [PSYoungGen: 143283K->79423K(175104K)] 270670K->206921K(699392K), 0.0092591 secs] [Times: user=0.09 sys=0.00, real=0.01 secs] 
2016-09-24T00:46:34.305-0400: 151.592: [GC (GCLocker Initiated GC) [PSYoungGen: 167487K->61686K(175104K)] 295228K->256403K(699392K), 0.0219189 secs] [Times: user=0.24 sys=0.00, real=0.02 secs] 
2016-09-24T00:46:34.451-0400: 151.737: [GC (GCLocker Initiated GC) [PSYoungGen: 149750K->49408K(175104K)] 350595K->286979K(699392K), 0.0085339 secs] [Times: user=0.07 sys=0.00, real=0.01 secs] 
2016-09-24T00:46:34.568-0400: 151.855: [GC (GCLocker Initiated GC) [PSYoungGen: 137472K->67501K(175104K)] 375348K->336075K(699392K), 0.0150149 secs] [Times: user=0.18 sys=0.00, real=0.02 secs] 
2016-09-24T00:46:34.692-0400: 151.978: [GC (GCLocker Initiated GC) [PSYoungGen: 155565K->55611K(175104K)] 430457K->373180K(699392K), 0.0222795 secs] [Times: user=0.28 sys=0.00, real=0.02 secs] 
2016-09-24T00:46:34.833-0400: 152.120: [GC (GCLocker Initiated GC) [PSYoungGen: 143675K->85822K(175104K)] 467378K->421943K(699392K), 0.0221497 secs] [Times: user=0.19 sys=0.01, real=0.03 secs] 
2016-09-24T00:46:34.945-0400: 152.232: [GC (GCLocker Initiated GC) [PSYoungGen: 173886K->85954K(175104K)] 510200K->464936K(699392K), 0.0178566 secs] [Times: user=0.21 sys=0.00, real=0.02 secs] 
2016-09-24T00:46:35.076-0400: 152.362: [GC (GCLocker Initiated GC) [PSYoungGen: 174018K->73772K(175104K)] 553155K->508219K(699392K), 0.0219983 secs] [Times: user=0.28 sys=0.01, real=0.02 secs] 
2016-09-24T00:46:35.216-0400: 152.503: [GC (GCLocker Initiated GC) [PSYoungGen: 161836K->85790K(175104K)] 596325K->569171K(699392K), 0.0113474 secs] [Times: user=0.15 sys=0.00, real=0.01 secs] 
2016-09-24T00:46:35.228-0400: 152.514: [Full GC (Ergonomics) [PSYoungGen: 85790K->0K(175104K)] [ParOldGen: 483380K->52887K(524288K)] 569171K->52887K(699392K), [Metaspace: 44474K->44474K(1087488K)], 0.0549334 secs] [Times: user=0.31 sys=0.01, real=0.06 secs] 
2016-09-24T00:46:35.405-0400: 152.691: [GC (GCLocker Initiated GC) [PSYoungGen: 88064K->86274K(175104K)] 147124K->187859K(699392K), 0.0169734 secs] [Times: user=0.24 sys=0.01, real=0.01 secs] 
2016-09-24T00:46:35.546-0400: 152.832: [GC (GCLocker Initiated GC) [PSYoungGen: 174338K->55579K(175104K)] 282342K->218806K(699392K), 0.0222314 secs] [Times: user=0.23 sys=0.01, real=0.02 secs] 
2016-09-24T00:46:35.695-0400: 152.981: [GC (GCLocker Initiated GC) [PSYoungGen: 143643K->55351K(175104K)] 313171K->261784K(699392K), 0.0097844 secs] [Times: user=0.09 sys=0.00, real=0.01 secs] 
2016-09-24T00:46:35.819-0400: 153.105: [GC (GCLocker Initiated GC) [PSYoungGen: 143415K->85922K(175104K)] 349866K->298583K(699392K), 0.0101359 secs] [Times: user=0.09 sys=0.00, real=0.01 secs] 
2016-09-24T00:46:35.952-0400: 153.239: [GC (GCLocker Initiated GC) [PSYoungGen: 173986K->24784K(175104K)] 392820K->280327K(699392K), 0.0072250 secs] [Times: user=0.06 sys=0.00, real=0.01 secs] 
2016-09-24T00:46:36.093-0400: 153.379: [GC (GCLocker Initiated GC) [PSYoungGen: 112848K->55451K(175104K)] 380846K->341942K(699392K), 0.0109113 secs] [Times: user=0.09 sys=0.00, real=0.02 secs] 
2016-09-24T00:46:36.257-0400: 153.544: [GC (Allocation Failure) [PSYoungGen: 143515K->42813K(175104K)] 436727K->354501K(699392K), 0.0390227 secs] [Times: user=0.39 sys=0.01, real=0.04 secs] 
2016-09-24T00:46:36.438-0400: 153.725: [GC (Allocation Failure) [PSYoungGen: 128681K->43137K(175104K)] 440370K->373169K(699392K), 0.0146273 secs] [Times: user=0.16 sys=0.00, real=0.01 secs] 
2016-09-24T00:46:36.558-0400: 153.845: [GC (Allocation Failure) [PSYoungGen: 131201K->73608K(175104K)] 461233K->403784K(699392K), 0.0149866 secs] [Times: user=0.17 sys=0.00, real=0.01 secs] 
2016-09-24T00:46:36.664-0400: 153.951: [GC (GCLocker Initiated GC) [PSYoungGen: 161672K->85758K(175104K)] 491854K->483072K(699392K), 0.0123406 secs] [Times: user=0.13 sys=0.00, real=0.01 secs] 
2016-09-24T00:46:36.808-0400: 154.094: [GC (GCLocker Initiated GC) [PSYoungGen: 173822K->67501K(175104K)] 571201K->501589K(699392K), 0.0186179 secs] [Times: user=0.19 sys=0.00, real=0.02 secs] 
2016-09-24T00:46:36.989-0400: 154.275: [GC (Allocation Failure) [PSYoungGen: 155565K->55155K(175104K)] 589700K->556415K(699392K), 0.0132825 secs] [Times: user=0.13 sys=0.00, real=0.01 secs] 
2016-09-24T00:46:37.002-0400: 154.288: [Full GC (Ergonomics) [PSYoungGen: 55155K->0K(175104K)] [ParOldGen: 501260K->40539K(524288K)] 556415K->40539K(699392K), [Metaspace: 44474K->44474K(1087488K)], 0.0563381 secs] [Times: user=0.31 sys=0.01, real=0.06 secs] 
2016-09-24T00:46:37.158-0400: 154.444: [GC (GCLocker Initiated GC) [PSYoungGen: 88064K->86114K(175104K)] 128603K->126653K(699392K), 0.0248644 secs] [Times: user=0.31 sys=0.00, real=0.03 secs] 
2016-09-24T00:46:37.294-0400: 154.580: [GC (GCLocker Initiated GC) [PSYoungGen: 174178K->85854K(175104K)] 214921K->151632K(699392K), 0.0129947 secs] [Times: user=0.16 sys=0.00, real=0.02 secs] 
2016-09-24T00:46:37.425-0400: 154.711: [GC (GCLocker Initiated GC) [PSYoungGen: 173918K->79551K(175104K)] 239827K->164001K(699392K), 0.0097455 secs] [Times: user=0.15 sys=0.01, real=0.01 secs] 
2016-09-24T00:46:37.548-0400: 154.834: [GC (Allocation Failure) [PSYoungGen: 167615K->61754K(175104K)] 258232K->176798K(699392K), 0.0083814 secs] [Times: user=0.11 sys=0.00, real=0.01 secs] 
2016-09-24T00:46:37.684-0400: 154.970: [GC (GCLocker Initiated GC) [PSYoungGen: 149818K->49112K(175104K)] 264868K->206970K(699392K), 0.0297478 secs] [Times: user=0.36 sys=0.01, real=0.02 secs] 
2016-09-24T00:46:37.826-0400: 155.112: [GC (GCLocker Initiated GC) [PSYoungGen: 137176K->85822K(175104K)] 295290K->244071K(699392K), 0.0135916 secs] [Times: user=0.15 sys=0.01, real=0.01 secs] 
2016-09-24T00:46:37.977-0400: 155.263: [GC (GCLocker Initiated GC) [PSYoungGen: 173886K->18805K(175104K)] 338890K->220550K(699392K), 0.0105094 secs] [Times: user=0.11 sys=0.00, real=0.01 secs] 
2016-09-24T00:46:38.108-0400: 155.394: [GC (GCLocker Initiated GC) [PSYoungGen: 106869K->55547K(175104K)] 321120K->269893K(699392K), 0.0073078 secs] [Times: user=0.08 sys=0.00, real=0.01 secs] 
2016-09-24T00:46:38.250-0400: 155.536: [GC (GCLocker Initiated GC) [PSYoungGen: 143611K->55415K(175104K)] 370328K->300453K(699392K), 0.0225107 secs] [Times: user=0.26 sys=0.00, real=0.02 secs] 
2016-09-24T00:46:38.407-0400: 155.693: [GC (GCLocker Initiated GC) [PSYoungGen: 143479K->55387K(175104K)] 388609K->324928K(699392K), 0.0096245 secs] [Times: user=0.07 sys=0.00, real=0.01 secs] 
2016-09-24T00:46:38.560-0400: 155.846: [GC (GCLocker Initiated GC) [PSYoungGen: 143451K->18968K(175104K)] 431253K->325460K(699392K), 0.0155873 secs] [Times: user=0.23 sys=0.01, real=0.02 secs] 
2016-09-24T00:46:38.711-0400: 155.997: [GC (GCLocker Initiated GC) [PSYoungGen: 107032K->61458K(175104K)] 425760K->380485K(699392K), 0.0096415 secs] [Times: user=0.12 sys=0.00, real=0.01 secs] 
2016-09-24T00:46:38.835-0400: 156.121: [GC (GCLocker Initiated GC) [PSYoungGen: 149522K->67633K(175104K)] 468765K->429528K(699392K), 0.0340837 secs] [Times: user=0.33 sys=0.01, real=0.03 secs] 
2016-09-24T00:46:39.004-0400: 156.291: [GC (GCLocker Initiated GC) [PSYoungGen: 155697K->36934K(175104K)] 517959K->441972K(699392K), 0.0175235 secs] [Times: user=0.14 sys=0.00, real=0.01 secs] 
2016-09-24T00:46:39.150-0400: 156.436: [GC (GCLocker Initiated GC) [PSYoungGen: 124995K->49148K(175104K)] 536470K->479099K(699392K), 0.0220303 secs] [Times: user=0.21 sys=0.00, real=0.02 secs] 
2016-09-24T00:46:39.287-0400: 156.573: [GC (GCLocker Initiated GC) [PSYoungGen: 137212K->79751K(175104K)] 567385K->528416K(699392K), 0.0162719 secs] [Times: user=0.14 sys=0.01, real=0.02 secs] 
2016-09-24T00:46:39.444-0400: 156.730: [GC (Allocation Failure) [PSYoungGen: 167815K->61522K(175104K)] 622619K->535015K(699392K), 0.0164271 secs] [Times: user=0.22 sys=0.00, real=0.01 secs] 
2016-09-24T00:46:39.460-0400: 156.747: [Full GC (Ergonomics) [PSYoungGen: 61522K->0K(175104K)] [ParOldGen: 473492K->47108K(524288K)] 535015K->47108K(699392K), [Metaspace: 44481K->44481K(1087488K)], 0.0545308 secs] [Times: user=0.33 sys=0.00, real=0.06 secs] 
2016-09-24T00:46:39.617-0400: 156.904: [GC (GCLocker Initiated GC) [PSYoungGen: 88064K->86766K(175104K)] 135177K->170329K(699392K), 0.0107648 secs] [Times: user=0.14 sys=0.00, real=0.01 secs] 
2016-09-24T00:46:39.756-0400: 157.042: [GC (Allocation Failure) [PSYoungGen: 174830K->55383K(175104K)] 258659K->213019K(699392K), 0.0359981 secs] [Times: user=0.39 sys=0.00, real=0.03 secs] 
2016-09-24T00:46:39.890-0400: 157.176: [GC (GCLocker Initiated GC) [PSYoungGen: 139173K->55479K(175104K)] 302885K->243626K(699392K), 0.0069518 secs] [Times: user=0.07 sys=0.01, real=0.01 secs] 
2016-09-24T00:46:40.028-0400: 157.314: [GC (GCLocker Initiated GC) [PSYoungGen: 143543K->86150K(175104K)] 331973K->299023K(699392K), 0.0131481 secs] [Times: user=0.17 sys=0.00, real=0.01 secs] 
2016-09-24T00:46:40.166-0400: 157.453: [GC (Allocation Failure) [PSYoungGen: 174214K->37258K(175104K)] 393512K->275189K(699392K), 0.0151831 secs] [Times: user=0.14 sys=0.00, real=0.01 secs] 
2016-09-24T00:46:40.278-0400: 157.565: [GC (GCLocker Initiated GC) [PSYoungGen: 125322K->67501K(175104K)] 363258K->323774K(699392K), 0.0123081 secs] [Times: user=0.12 sys=0.00, real=0.01 secs] 
2016-09-24T00:46:40.419-0400: 157.705: [GC (GCLocker Initiated GC) [PSYoungGen: 155565K->67341K(175104K)] 411902K->341998K(699392K), 0.0222477 secs] [Times: user=0.20 sys=0.00, real=0.02 secs] 
2016-09-24T00:46:40.544-0400: 157.830: [GC (GCLocker Initiated GC) [PSYoungGen: 155405K->67505K(175104K)] 430423K->342783K(699392K), 0.0337153 secs] [Times: user=0.34 sys=0.00, real=0.03 secs] 
2016-09-24T00:46:40.701-0400: 157.987: [GC (GCLocker Initiated GC) [PSYoungGen: 155569K->49212K(175104K)] 430911K->373421K(699392K), 0.0105253 secs] [Times: user=0.08 sys=0.00, real=0.01 secs] 
2016-09-24T00:46:40.860-0400: 158.146: [GC (GCLocker Initiated GC) [PSYoungGen: 137276K->55647K(175104K)] 473796K->410511K(699392K), 0.0526259 secs] [Times: user=0.52 sys=0.00, real=0.05 secs] 
2016-09-24T00:46:41.045-0400: 158.331: [GC (GCLocker Initiated GC) [PSYoungGen: 143711K->61234K(175104K)] 498936K->416890K(699392K), 0.0157901 secs] [Times: user=0.14 sys=0.00, real=0.01 secs] 
2016-09-24T00:46:41.171-0400: 158.458: [GC (GCLocker Initiated GC) [PSYoungGen: 149298K->37062K(175104K)] 505142K->441610K(699392K), 0.0097862 secs] [Times: user=0.09 sys=0.00, real=0.01 secs] 
2016-09-24T00:46:41.286-0400: 158.572: [GC (GCLocker Initiated GC) [PSYoungGen: 125126K->85858K(175104K)] 529722K->514881K(699392K), 0.0171437 secs] [Times: user=0.16 sys=0.00, real=0.02 secs] 
2016-09-24T00:46:41.429-0400: 158.715: [GC (Allocation Failure) [PSYoungGen: 173922K->85566K(175104K)] 602987K->533280K(699392K), 0.0343433 secs] [Times: user=0.33 sys=0.01, real=0.04 secs] 
2016-09-24T00:46:41.559-0400: 158.846: [GC (GCLocker Initiated GC) [PSYoungGen: 167594K->49376K(175104K)] 621383K->533807K(699392K), 0.0206516 secs] [Times: user=0.21 sys=0.00, real=0.02 secs] 
2016-09-24T00:46:41.580-0400: 158.867: [Full GC (Ergonomics) [PSYoungGen: 49376K->0K(175104K)] [ParOldGen: 484431K->53382K(524288K)] 533807K->53382K(699392K), [Metaspace: 44483K->44483K(1087488K)], 0.0652966 secs] [Times: user=0.48 sys=0.01, real=0.07 secs] 
2016-09-24T00:46:41.776-0400: 159.062: [GC (GCLocker Initiated GC) [PSYoungGen: 88064K->86210K(175104K)] 147569K->157865K(699392K), 0.0086516 secs] [Times: user=0.13 sys=0.00, real=0.01 secs] 
2016-09-24T00:46:41.895-0400: 159.182: [GC (GCLocker Initiated GC) [PSYoungGen: 174274K->85790K(175104K)] 246033K->231029K(699392K), 0.0111153 secs] [Times: user=0.14 sys=0.00, real=0.01 secs] 
2016-09-24T00:46:42.018-0400: 159.304: [GC (GCLocker Initiated GC) [PSYoungGen: 173854K->73672K(175104K)] 319235K->274036K(699392K), 0.0174646 secs] [Times: user=0.20 sys=0.00, real=0.02 secs] 
2016-09-24T00:46:42.151-0400: 159.437: [GC (GCLocker Initiated GC) [PSYoungGen: 161736K->73672K(175104K)] 362258K->317051K(699392K), 0.0206689 secs] [Times: user=0.24 sys=0.01, real=0.02 secs] 
2016-09-24T00:46:42.288-0400: 159.574: [GC (Allocation Failure) [PSYoungGen: 161736K->73740K(175104K)] 411406K->341926K(699392K), 0.0090022 secs] [Times: user=0.08 sys=0.00, real=0.01 secs] 
2016-09-24T00:46:42.444-0400: 159.730: [GC (GCLocker Initiated GC) [PSYoungGen: 160066K->55351K(175104K)] 434328K->366517K(699392K), 0.0358825 secs] [Times: user=0.38 sys=0.00, real=0.03 secs] 
2016-09-24T00:46:42.604-0400: 159.891: [GC (GCLocker Initiated GC) [PSYoungGen: 143415K->73672K(175104K)] 460928K->391304K(699392K), 0.0140481 secs] [Times: user=0.16 sys=0.00, real=0.01 secs] 
2016-09-24T00:46:42.736-0400: 160.023: [GC (GCLocker Initiated GC) [PSYoungGen: 161736K->49116K(175104K)] 485448K->409553K(699392K), 0.0198412 secs] [Times: user=0.19 sys=0.00, real=0.02 secs] 
2016-09-24T00:46:42.892-0400: 160.178: [GC (GCLocker Initiated GC) [PSYoungGen: 137180K->79715K(175104K)] 498504K->459432K(699392K), 0.0111718 secs] [Times: user=0.15 sys=0.01, real=0.02 secs] 
2016-09-24T00:46:43.031-0400: 160.317: [GC (GCLocker Initiated GC) [PSYoungGen: 167779K->61166K(175104K)] 553758K->489969K(699392K), 0.0105738 secs] [Times: user=0.14 sys=0.00, real=0.01 secs] 
2016-09-24T00:46:43.155-0400: 160.441: [GC (GCLocker Initiated GC) [PSYoungGen: 149230K->55155K(175104K)] 578065K->484133K(699392K), 0.0099975 secs] [Times: user=0.11 sys=0.00, real=0.01 secs] 
2016-09-24T00:46:43.282-0400: 160.569: [GC (GCLocker Initiated GC) [PSYoungGen: 143219K->85954K(175104K)] 572329K->539523K(699392K), 0.0096427 secs] [Times: user=0.11 sys=0.00, real=0.00 secs] 
2016-09-24T00:46:43.440-0400: 160.726: [Full GC (Ergonomics) [PSYoungGen: 174018K->0K(175104K)] [ParOldGen: 459803K->52886K(524288K)] 633821K->52886K(699392K), [Metaspace: 44483K->44483K(1087488K)], 0.0566403 secs] [Times: user=0.39 sys=0.00, real=0.06 secs] 
2016-09-24T00:46:43.610-0400: 160.897: [GC (GCLocker Initiated GC) [PSYoungGen: 88064K->86602K(175104K)] 147324K->170162K(699392K), 0.0128459 secs] [Times: user=0.18 sys=0.01, real=0.02 secs] 
2016-09-24T00:46:43.747-0400: 161.034: [GC (GCLocker Initiated GC) [PSYoungGen: 174666K->85658K(175104K)] 258285K->224860K(699392K), 0.0115495 secs] [Times: user=0.16 sys=0.00, real=0.01 secs] 
2016-09-24T00:46:43.860-0400: 161.146: [GC (GCLocker Initiated GC) [PSYoungGen: 173722K->85694K(175104K)] 313016K->273707K(699392K), 0.0118304 secs] [Times: user=0.12 sys=0.00, real=0.01 secs] 
2016-09-24T00:46:44.032-0400: 161.318: [GC (Allocation Failure) [PSYoungGen: 173758K->55187K(175104K)] 368509K->268471K(699392K), 0.0077912 secs] [Times: user=0.08 sys=0.00, real=0.01 secs] 
2016-09-24T00:46:44.165-0400: 161.452: [GC (Allocation Failure) [PSYoungGen: 137898K->36902K(175104K)] 351182K->250273K(699392K), 0.0101918 secs] [Times: user=0.09 sys=0.01, real=0.01 secs] 
2016-09-24T00:46:44.300-0400: 161.586: [GC (GCLocker Initiated GC) [PSYoungGen: 122901K->49084K(175104K)] 342347K->268602K(699392K), 0.0103092 secs] [Times: user=0.09 sys=0.00, real=0.01 secs] 
2016-09-24T00:46:44.439-0400: 161.725: [GC (GCLocker Initiated GC) [PSYoungGen: 137148K->43009K(175104K)] 356824K->305306K(699392K), 0.0181223 secs] [Times: user=0.17 sys=0.00, real=0.02 secs] 
2016-09-24T00:46:44.561-0400: 161.847: [GC (GCLocker Initiated GC) [PSYoungGen: 131073K->73740K(175104K)] 399800K->360828K(699392K), 0.0165591 secs] [Times: user=0.19 sys=0.00, real=0.02 secs] 
2016-09-24T00:46:44.682-0400: 161.968: [GC (GCLocker Initiated GC) [PSYoungGen: 161804K->79847K(175104K)] 449074K->385673K(699392K), 0.0162798 secs] [Times: user=0.20 sys=0.00, real=0.02 secs] 
2016-09-24T00:46:44.812-0400: 162.099: [GC (GCLocker Initiated GC) [PSYoungGen: 167911K->67373K(175104K)] 473779K->391726K(699392K), 0.0242485 secs] [Times: user=0.28 sys=0.00, real=0.03 secs] 
2016-09-24T00:46:44.962-0400: 162.248: [GC (GCLocker Initiated GC) [PSYoungGen: 155437K->67373K(175104K)] 480097K->416436K(699392K), 0.0102833 secs] [Times: user=0.09 sys=0.00, real=0.01 secs] 
2016-09-24T00:46:45.093-0400: 162.379: [GC (GCLocker Initiated GC) [PSYoungGen: 155437K->49116K(175104K)] 510679K->441059K(699392K), 0.0102443 secs] [Times: user=0.08 sys=0.00, real=0.02 secs] 
2016-09-24T00:46:45.241-0400: 162.528: [GC (GCLocker Initiated GC) [PSYoungGen: 137180K->55287K(175104K)] 529288K->490024K(699392K), 0.0272071 secs] [Times: user=0.30 sys=0.00, real=0.03 secs] 
2016-09-24T00:46:45.377-0400: 162.663: [GC (GCLocker Initiated GC) [PSYoungGen: 143351K->67273K(175104K)] 578269K->502466K(699392K), 0.0143120 secs] [Times: user=0.15 sys=0.01, real=0.01 secs] 
2016-09-24T00:46:45.506-0400: 162.792: [GC (GCLocker Initiated GC) [PSYoungGen: 155337K->61330K(175104K)] 590701K->515022K(699392K), 0.0137777 secs] [Times: user=0.13 sys=0.00, real=0.01 secs] 
2016-09-24T00:46:45.625-0400: 162.911: [GC (GCLocker Initiated GC) [PSYoungGen: 149394K->67373K(175104K)] 603129K->539584K(699392K), 0.0183937 secs] [Times: user=0.19 sys=0.00, real=0.02 secs] 
2016-09-24T00:46:45.643-0400: 162.930: [Full GC (Ergonomics) [PSYoungGen: 67373K->0K(175104K)] [ParOldGen: 472211K->53558K(524288K)] 539584K->53558K(699392K), [Metaspace: 44498K->44498K(1087488K)], 0.0662659 secs] [Times: user=0.38 sys=0.00, real=0.06 secs] 
2016-09-24T00:46:45.802-0400: 163.089: [GC (GCLocker Initiated GC) [PSYoungGen: 88064K->86694K(175104K)] 141748K->176828K(699392K), 0.0100462 secs] [Times: user=0.12 sys=0.00, real=0.00 secs] 
2016-09-24T00:46:45.919-0400: 163.206: [GC (GCLocker Initiated GC) [PSYoungGen: 174758K->85790K(175104K)] 271154K->250003K(699392K), 0.0177036 secs] [Times: user=0.22 sys=0.00, real=0.02 secs] 
2016-09-24T00:46:46.077-0400: 163.363: [GC (GCLocker Initiated GC) [PSYoungGen: 173854K->73704K(175104K)] 344369K->299193K(699392K), 0.0130328 secs] [Times: user=0.15 sys=0.00, real=0.01 secs] 
2016-09-24T00:46:46.206-0400: 163.492: [GC (GCLocker Initiated GC) [PSYoungGen: 161768K->85790K(175104K)] 387445K->341945K(699392K), 0.0267906 secs] [Times: user=0.30 sys=0.00, real=0.02 secs] 
2016-09-24T00:46:46.348-0400: 163.634: [GC (GCLocker Initiated GC) [PSYoungGen: 173854K->55775K(175104K)] 430342K->385299K(699392K), 0.0127526 secs] [Times: user=0.17 sys=0.01, real=0.01 secs] 
2016-09-24T00:46:46.456-0400: 163.742: [GC (GCLocker Initiated GC) [PSYoungGen: 143839K->85790K(175104K)] 479765K->446316K(699392K), 0.0106540 secs] [Times: user=0.11 sys=0.01, real=0.01 secs] 
2016-09-24T00:46:46.590-0400: 163.876: [GC (GCLocker Initiated GC) [PSYoungGen: 173854K->67405K(175104K)] 534460K->428286K(699392K), 0.0150712 secs] [Times: user=0.15 sys=0.00, real=0.02 secs] 
2016-09-24T00:46:46.708-0400: 163.995: [GC (GCLocker Initiated GC) [PSYoungGen: 155469K->67405K(175104K)] 516538K->446975K(699392K), 0.0092307 secs] [Times: user=0.09 sys=0.00, real=0.01 secs] 
2016-09-24T00:46:46.861-0400: 164.148: [GC (GCLocker Initiated GC) [PSYoungGen: 155469K->55515K(175104K)] 547538K->484318K(699392K), 0.0107671 secs] [Times: user=0.12 sys=0.01, real=0.01 secs] 
2016-09-24T00:46:46.994-0400: 164.280: [GC (GCLocker Initiated GC) [PSYoungGen: 143579K->55483K(175104K)] 572452K->502888K(699392K), 0.0103290 secs] [Times: user=0.11 sys=0.00, real=0.02 secs] 
2016-09-24T00:46:47.103-0400: 164.389: [Full GC (Ergonomics) [PSYoungGen: 143547K->0K(175104K)] [ParOldGen: 453662K->53371K(524288K)] 597209K->53371K(699392K), [Metaspace: 44498K->44498K(1087488K)], 0.0705320 secs] [Times: user=0.46 sys=0.01, real=0.06 secs] 
2016-09-24T00:46:47.314-0400: 164.601: [GC (Allocation Failure) [PSYoungGen: 88064K->61522K(175104K)] 141650K->115108K(699392K), 0.0144917 secs] [Times: user=0.13 sys=0.00, real=0.01 secs] 
2016-09-24T00:46:47.463-0400: 164.750: [GC (GCLocker Initiated GC) [PSYoungGen: 144625K->43005K(175104K)] 204286K->151954K(699392K), 0.0111457 secs] [Times: user=0.13 sys=0.00, real=0.01 secs] 
2016-09-24T00:46:47.605-0400: 164.891: [GC (GCLocker Initiated GC) [PSYoungGen: 131069K->61198K(175104K)] 240244K->170484K(699392K), 0.0099922 secs] [Times: user=0.07 sys=0.00, real=0.01 secs] 
2016-09-24T00:46:47.722-0400: 165.009: [GC (Allocation Failure) [PSYoungGen: 149262K->55351K(175104K)] 258719K->177069K(699392K), 0.0118637 secs] [Times: user=0.13 sys=0.00, real=0.01 secs] 
2016-09-24T00:46:47.844-0400: 165.130: [GC (GCLocker Initiated GC) [PSYoungGen: 140221K->61262K(175104K)] 268014K->207588K(699392K), 0.0221063 secs] [Times: user=0.24 sys=0.00, real=0.02 secs] 
2016-09-24T00:46:47.958-0400: 165.244: [GC (GCLocker Initiated GC) [PSYoungGen: 149326K->85890K(175104K)] 295918K->269107K(699392K), 0.0107966 secs] [Times: user=0.12 sys=0.01, real=0.01 secs] 
2016-09-24T00:46:48.072-0400: 165.358: [GC (GCLocker Initiated GC) [PSYoungGen: 173954K->85726K(175104K)] 357258K->311855K(699392K), 0.0112864 secs] [Times: user=0.14 sys=0.00, real=0.02 secs] 
2016-09-24T00:46:48.223-0400: 165.510: [GC (GCLocker Initiated GC) [PSYoungGen: 173790K->42909K(175104K)] 406287K->305877K(699392K), 0.0120049 secs] [Times: user=0.11 sys=0.00, real=0.01 secs] 
2016-09-24T00:46:48.335-0400: 165.621: [GC (GCLocker Initiated GC) [PSYoungGen: 130973K->73476K(175104K)] 393965K->336612K(699392K), 0.0211683 secs] [Times: user=0.22 sys=0.00, real=0.02 secs] 
2016-09-24T00:46:48.451-0400: 165.738: [GC (GCLocker Initiated GC) [PSYoungGen: 161540K->80143K(175104K)] 424902K->367933K(699392K), 0.0140596 secs] [Times: user=0.11 sys=0.01, real=0.02 secs] 
2016-09-24T00:46:48.581-0400: 165.867: [GC (GCLocker Initiated GC) [PSYoungGen: 168207K->73704K(175104K)] 462197K->386203K(699392K), 0.0130825 secs] [Times: user=0.16 sys=0.00, real=0.01 secs] 
2016-09-24T00:46:48.696-0400: 165.982: [GC (GCLocker Initiated GC) [PSYoungGen: 161768K->43041K(175104K)] 480389K->398372K(699392K), 0.0224517 secs] [Times: user=0.20 sys=0.01, real=0.02 secs] 
2016-09-24T00:46:48.830-0400: 166.116: [GC (GCLocker Initiated GC) [PSYoungGen: 131105K->67441K(175104K)] 486668K->423099K(699392K), 0.0182014 secs] [Times: user=0.17 sys=0.00, real=0.02 secs] 
2016-09-24T00:46:48.956-0400: 166.242: [GC (GCLocker Initiated GC) [PSYoungGen: 155505K->67273K(175104K)] 511216K->429482K(699392K), 0.0269512 secs] [Times: user=0.25 sys=0.00, real=0.03 secs] 
2016-09-24T00:46:49.085-0400: 166.371: [GC (GCLocker Initiated GC) [PSYoungGen: 155337K->79719K(175104K)] 517891K->484917K(699392K), 0.0218064 secs] [Times: user=0.23 sys=0.00, real=0.02 secs] 
2016-09-24T00:46:49.227-0400: 166.514: [GC (GCLocker Initiated GC) [PSYoungGen: 167783K->55419K(175104K)] 585286K->491406K(699392K), 0.0099235 secs] [Times: user=0.09 sys=0.00, real=0.01 secs] 
2016-09-24T00:46:49.366-0400: 166.652: [GC (Allocation Failure) [PSYoungGen: 143483K->43265K(175104K)] 579495K->497761K(699392K), 0.0390908 secs] [Times: user=0.43 sys=0.00, real=0.04 secs] 
2016-09-24T00:46:49.500-0400: 166.786: [GC (GCLocker Initiated GC) [PSYoungGen: 128766K->49148K(175104K)] 589337K->546685K(699392K), 0.0316814 secs] [Times: user=0.30 sys=0.00, real=0.03 secs] 
2016-09-24T00:46:49.532-0400: 166.818: [Full GC (Ergonomics) [PSYoungGen: 49148K->0K(175104K)] [ParOldGen: 497537K->53386K(524288K)] 546685K->53386K(699392K), [Metaspace: 44512K->44512K(1087488K)], 0.0546743 secs] [Times: user=0.32 sys=0.00, real=0.06 secs] 
2016-09-24T00:46:49.696-0400: 166.982: [GC (Allocation Failure) [PSYoungGen: 88064K->86374K(175104K)] 141805K->146190K(699392K), 0.0072160 secs] [Times: user=0.10 sys=0.00, real=0.01 secs] 
2016-09-24T00:46:49.822-0400: 167.109: [GC (GCLocker Initiated GC) [PSYoungGen: 169208K->61490K(175104K)] 235099K->164551K(699392K), 0.0127556 secs] [Times: user=0.12 sys=0.00, real=0.01 secs] 
2016-09-24T00:46:49.940-0400: 167.226: [GC (GCLocker Initiated GC) [PSYoungGen: 149554K->86118K(175104K)] 252746K->213746K(699392K), 0.0095252 secs] [Times: user=0.10 sys=0.00, real=0.01 secs] 
2016-09-24T00:46:50.065-0400: 167.352: [GC (GCLocker Initiated GC) [PSYoungGen: 174182K->61426K(175104K)] 307915K->256201K(699392K), 0.0321822 secs] [Times: user=0.36 sys=0.01, real=0.03 secs] 
2016-09-24T00:46:50.217-0400: 167.503: [GC (Allocation Failure) [PSYoungGen: 149490K->85790K(175104K)] 344809K->330009K(699392K), 0.0242882 secs] [Times: user=0.27 sys=0.00, real=0.02 secs] 
2016-09-24T00:46:50.355-0400: 167.642: [GC (GCLocker Initiated GC) [PSYoungGen: 173591K->37354K(175104K)] 423885K->348706K(699392K), 0.0119698 secs] [Times: user=0.15 sys=0.00, real=0.01 secs] 
2016-09-24T00:46:50.478-0400: 167.765: [GC (GCLocker Initiated GC) [PSYoungGen: 125418K->73444K(175104K)] 437389K->385707K(699392K), 0.0081249 secs] [Times: user=0.09 sys=0.01, real=0.01 secs] 
2016-09-24T00:46:50.602-0400: 167.889: [GC (GCLocker Initiated GC) [PSYoungGen: 161508K->85790K(175104K)] 479882K->428591K(699392K), 0.0163599 secs] [Times: user=0.18 sys=0.00, real=0.01 secs] 
2016-09-24T00:46:50.714-0400: 168.000: [GC (Allocation Failure) [PSYoungGen: 173854K->67469K(175104K)] 517228K->447413K(699392K), 0.0168990 secs] [Times: user=0.20 sys=0.00, real=0.02 secs] 
2016-09-24T00:46:50.838-0400: 168.124: [GC (GCLocker Initiated GC) [PSYoungGen: 155533K->61394K(175104K)] 535483K->478085K(699392K), 0.0102567 secs] [Times: user=0.12 sys=0.00, real=0.01 secs] 
2016-09-24T00:46:50.959-0400: 168.245: [GC (GCLocker Initiated GC) [PSYoungGen: 149458K->73772K(175104K)] 566465K->491079K(699392K), 0.0075741 secs] [Times: user=0.10 sys=0.01, real=0.01 secs] 
2016-09-24T00:46:51.078-0400: 168.364: [GC (GCLocker Initiated GC) [PSYoungGen: 161836K->67533K(175104K)] 579185K->515720K(699392K), 0.0091938 secs] [Times: user=0.11 sys=0.00, real=0.01 secs] 
2016-09-24T00:46:51.207-0400: 168.494: [Full GC (Ergonomics) [PSYoungGen: 155597K->0K(175104K)] [ParOldGen: 454539K->53847K(524288K)] 610136K->53847K(699392K), [Metaspace: 44514K->44514K(1087488K)], 0.0626925 secs] [Times: user=0.34 sys=0.00, real=0.06 secs] 
2016-09-24T00:46:51.398-0400: 168.685: [GC (GCLocker Initiated GC) [PSYoungGen: 88064K->85726K(175104K)] 148353K->164240K(699392K), 0.0136673 secs] [Times: user=0.12 sys=0.00, real=0.01 secs] 
2016-09-24T00:46:51.527-0400: 168.813: [GC (Allocation Failure) [PSYoungGen: 173790K->31086K(175104K)] 264798K->177021K(699392K), 0.0112511 secs] [Times: user=0.09 sys=0.00, real=0.01 secs] 
2016-09-24T00:46:51.638-0400: 168.924: [GC (GCLocker Initiated GC) [PSYoungGen: 119150K->85694K(175104K)] 265097K->231907K(699392K), 0.0144254 secs] [Times: user=0.15 sys=0.01, real=0.01 secs] 
2016-09-24T00:46:51.775-0400: 169.061: [GC (Allocation Failure) [PSYoungGen: 173758K->37325K(175104K)] 326166K->208070K(699392K), 0.0084389 secs] [Times: user=0.08 sys=0.00, real=0.01 secs] 
2016-09-24T00:46:51.869-0400: 169.155: [GC (GCLocker Initiated GC) [PSYoungGen: 125389K->85662K(175104K)] 296141K->262935K(699392K), 0.0204818 secs] [Times: user=0.24 sys=0.00, real=0.02 secs] 
2016-09-24T00:46:52.027-0400: 169.313: [GC (GCLocker Initiated GC) [PSYoungGen: 173726K->61394K(175104K)] 357122K->263127K(699392K), 0.0093434 secs] [Times: user=0.09 sys=0.00, real=0.01 secs] 
2016-09-24T00:46:52.141-0400: 169.427: [GC (GCLocker Initiated GC) [PSYoungGen: 149458K->73640K(175104K)] 351238K->306095K(699392K), 0.0092902 secs] [Times: user=0.11 sys=0.00, real=0.01 secs] 
2016-09-24T00:46:52.298-0400: 169.584: [GC (Allocation Failure) [PSYoungGen: 161704K->37094K(175104K)] 400254K->324528K(699392K), 0.0214300 secs] [Times: user=0.20 sys=0.00, real=0.02 secs] 
2016-09-24T00:46:52.430-0400: 169.716: [GC (Allocation Failure) [PSYoungGen: 125088K->73316K(175104K)] 412523K->360845K(699392K), 0.0084784 secs] [Times: user=0.07 sys=0.01, real=0.01 secs] 
2016-09-24T00:46:52.537-0400: 169.823: [GC (GCLocker Initiated GC) [PSYoungGen: 161380K->61462K(175104K)] 448915K->373408K(699392K), 0.0319333 secs] [Times: user=0.30 sys=0.00, real=0.03 secs] 
2016-09-24T00:46:52.687-0400: 169.973: [GC (GCLocker Initiated GC) [PSYoungGen: 149526K->55938K(175104K)] 473877K->417235K(699392K), 0.0082943 secs] [Times: user=0.09 sys=0.01, real=0.01 secs] 
2016-09-24T00:46:52.815-0400: 170.102: [GC (Allocation Failure) [PSYoungGen: 144002K->79651K(175104K)] 505615K->477981K(699392K), 0.0101717 secs] [Times: user=0.12 sys=0.00, real=0.01 secs] 
2016-09-24T00:46:52.931-0400: 170.217: [GC (GCLocker Initiated GC) [PSYoungGen: 163966K->55451K(175104K)] 568372K->478209K(699392K), 0.0158851 secs] [Times: user=0.15 sys=0.00, real=0.02 secs] 
2016-09-24T00:46:53.061-0400: 170.348: [GC (GCLocker Initiated GC) [PSYoungGen: 143515K->67601K(175104K)] 572658K->515089K(699392K), 0.0211748 secs] [Times: user=0.24 sys=0.00, real=0.03 secs] 
2016-09-24T00:46:53.194-0400: 170.481: [GC (GCLocker Initiated GC) [PSYoungGen: 155665K->55419K(175104K)] 609321K->527575K(699392K), 0.0097430 secs] [Times: user=0.10 sys=0.00, real=0.01 secs] 
2016-09-24T00:46:53.204-0400: 170.490: [Full GC (Ergonomics) [PSYoungGen: 55419K->0K(175104K)] [ParOldGen: 472156K->47977K(524288K)] 527575K->47977K(699392K), [Metaspace: 44514K->44514K(1087488K)], 0.0503699 secs] [Times: user=0.28 sys=0.00, real=0.05 secs] 
2016-09-24T00:46:53.352-0400: 170.639: [GC (GCLocker Initiated GC) [PSYoungGen: 88064K->73444K(175104K)] 136161K->121542K(699392K), 0.0149505 secs] [Times: user=0.17 sys=0.01, real=0.02 secs] 
2016-09-24T00:46:53.459-0400: 170.745: [GC (GCLocker Initiated GC) [PSYoungGen: 161508K->79815K(175104K)] 209670K->158455K(699392K), 0.0202226 secs] [Times: user=0.18 sys=0.00, real=0.02 secs] 
2016-09-24T00:46:53.583-0400: 170.869: [GC (GCLocker Initiated GC) [PSYoungGen: 167879K->55778K(175104K)] 252894K->159482K(699392K), 0.0172196 secs] [Times: user=0.14 sys=0.00, real=0.01 secs] 
2016-09-24T00:46:53.706-0400: 170.992: [GC (GCLocker Initiated GC) [PSYoungGen: 143842K->55383K(175104K)] 254233K->184461K(699392K), 0.0122470 secs] [Times: user=0.12 sys=0.00, real=0.01 secs] 
2016-09-24T00:46:53.827-0400: 171.113: [GC (GCLocker Initiated GC) [PSYoungGen: 143447K->79683K(175104K)] 272770K->227334K(699392K), 0.0188309 secs] [Times: user=0.18 sys=0.00, real=0.02 secs] 
2016-09-24T00:46:53.948-0400: 171.234: [GC (GCLocker Initiated GC) [PSYoungGen: 167744K->73316K(175104K)] 315762K->239670K(699392K), 0.0096565 secs] [Times: user=0.09 sys=0.00, real=0.01 secs] 
2016-09-24T00:46:54.099-0400: 171.385: [GC (GCLocker Initiated GC) [PSYoungGen: 161380K->43141K(175104K)] 327782K->233930K(699392K), 0.0257901 secs] [Times: user=0.25 sys=0.00, real=0.03 secs] 
2016-09-24T00:46:54.242-0400: 171.528: [GC (GCLocker Initiated GC) [PSYoungGen: 131205K->79455K(175104K)] 322114K->301147K(699392K), 0.0157310 secs] [Times: user=0.13 sys=0.01, real=0.02 secs] 
2016-09-24T00:46:54.370-0400: 171.656: [GC (GCLocker Initiated GC) [PSYoungGen: 167519K->73772K(175104K)] 389392K->326164K(699392K), 0.0098775 secs] [Times: user=0.11 sys=0.01, real=0.01 secs] 
2016-09-24T00:46:54.494-0400: 171.781: [GC (GCLocker Initiated GC) [PSYoungGen: 161836K->85822K(175104K)] 414276K->375183K(699392K), 0.0175507 secs] [Times: user=0.23 sys=0.01, real=0.01 secs] 
2016-09-24T00:46:54.630-0400: 171.916: [GC (GCLocker Initiated GC) [PSYoungGen: 173886K->61298K(175104K)] 463328K->399435K(699392K), 0.0286323 secs] [Times: user=0.31 sys=0.00, real=0.03 secs] 
2016-09-24T00:46:54.763-0400: 172.050: [GC (Allocation Failure) [PSYoungGen: 149362K->37194K(175104K)] 487541K->393897K(699392K), 0.0097460 secs] [Times: user=0.10 sys=0.00, real=0.00 secs] 
2016-09-24T00:46:54.886-0400: 172.172: [GC (GCLocker Initiated GC) [PSYoungGen: 120778K->43009K(175104K)] 483557K->430347K(699392K), 0.0158961 secs] [Times: user=0.14 sys=0.01, real=0.01 secs] 
2016-09-24T00:46:55.022-0400: 172.309: [GC (GCLocker Initiated GC) [PSYoungGen: 131073K->85794K(175104K)] 518459K->491657K(699392K), 0.0184003 secs] [Times: user=0.18 sys=0.00, real=0.01 secs] 
2016-09-24T00:46:55.176-0400: 172.462: [GC (GCLocker Initiated GC) [PSYoungGen: 173858K->30923K(175104K)] 579723K->485663K(699392K), 0.0181291 secs] [Times: user=0.18 sys=0.00, real=0.02 secs] 
2016-09-24T00:46:55.288-0400: 172.574: [GC (GCLocker Initiated GC) [PSYoungGen: 118987K->79555K(175104K)] 573977K->534836K(699392K), 0.0123534 secs] [Times: user=0.10 sys=0.01, real=0.01 secs] 
2016-09-24T00:46:55.429-0400: 172.716: [GC (GCLocker Initiated GC) [PSYoungGen: 167619K->73544K(175104K)] 623037K->559589K(699392K), 0.0103692 secs] [Times: user=0.12 sys=0.00, real=0.01 secs] 
2016-09-24T00:46:55.440-0400: 172.726: [Full GC (Ergonomics) [PSYoungGen: 73544K->0K(175104K)] [ParOldGen: 486045K->47731K(524288K)] 559589K->47731K(699392K), [Metaspace: 44514K->44514K(1087488K)], 0.0564784 secs] [Times: user=0.34 sys=0.00, real=0.06 secs] 
2016-09-24T00:46:55.610-0400: 172.896: [GC (GCLocker Initiated GC) [PSYoungGen: 88064K->86374K(175104K)] 148188K->170798K(699392K), 0.0095690 secs] [Times: user=0.10 sys=0.01, real=0.01 secs] 
2016-09-24T00:46:55.750-0400: 173.037: [GC (GCLocker Initiated GC) [PSYoungGen: 174438K->24848K(175104K)] 264984K->170789K(699392K), 0.0135504 secs] [Times: user=0.12 sys=0.00, real=0.02 secs] 
2016-09-24T00:46:55.900-0400: 173.187: [GC (GCLocker Initiated GC) [PSYoungGen: 112912K->55159K(175104K)] 271348K->238154K(699392K), 0.0132157 secs] [Times: user=0.07 sys=0.00, real=0.01 secs] 
2016-09-24T00:46:56.054-0400: 173.340: [GC (GCLocker Initiated GC) [PSYoungGen: 143223K->61490K(175104K)] 332649K->269440K(699392K), 0.0353954 secs] [Times: user=0.38 sys=0.00, real=0.04 secs] 
2016-09-24T00:46:56.208-0400: 173.495: [GC (GCLocker Initiated GC) [PSYoungGen: 149554K->61526K(175104K)] 357552K->287852K(699392K), 0.0072839 secs] [Times: user=0.08 sys=0.00, real=0.01 secs] 
2016-09-24T00:46:56.308-0400: 173.594: [GC (GCLocker Initiated GC) [PSYoungGen: 149590K->85758K(175104K)] 376177K->361244K(699392K), 0.0119359 secs] [Times: user=0.16 sys=0.00, real=0.01 secs] 
2016-09-24T00:46:56.433-0400: 173.720: [GC (GCLocker Initiated GC) [PSYoungGen: 173822K->85790K(175104K)] 449603K->428695K(699392K), 0.0111881 secs] [Times: user=0.13 sys=0.01, real=0.02 secs] 
2016-09-24T00:46:56.582-0400: 173.869: [GC (GCLocker Initiated GC) [PSYoungGen: 173854K->19064K(175104K)] 522966K->423143K(699392K), 0.0096649 secs] [Times: user=0.09 sys=0.00, real=0.00 secs] 
2016-09-24T00:46:56.716-0400: 174.002: [GC (Allocation Failure) [PSYoungGen: 107128K->55679K(175104K)] 523628K->472282K(699392K), 0.0105113 secs] [Times: user=0.14 sys=0.00, real=0.01 secs] 
2016-09-24T00:46:56.853-0400: 174.139: [GC (GCLocker Initiated GC) [PSYoungGen: 142861K->55419K(175104K)] 565540K->496433K(699392K), 0.0102105 secs] [Times: user=0.11 sys=0.00, real=0.02 secs] 
2016-09-24T00:46:56.987-0400: 174.274: [GC (GCLocker Initiated GC) [PSYoungGen: 143483K->85758K(175104K)] 584658K->533307K(699392K), 0.0077582 secs] [Times: user=0.10 sys=0.00, real=0.01 secs] 
2016-09-24T00:46:57.111-0400: 174.398: [GC (GCLocker Initiated GC) [PSYoungGen: 173822K->49116K(175104K)] 621390K->545396K(699392K), 0.0200553 secs] [Times: user=0.24 sys=0.00, real=0.02 secs] 
2016-09-24T00:46:57.131-0400: 174.418: [Full GC (Ergonomics) [PSYoungGen: 49116K->0K(175104K)] [ParOldGen: 496280K->41958K(524288K)] 545396K->41958K(699392K), [Metaspace: 44514K->44514K(1087488K)], 0.0578282 secs] [Times: user=0.28 sys=0.00, real=0.06 secs] 
2016-09-24T00:46:57.280-0400: 174.566: [GC (GCLocker Initiated GC) [PSYoungGen: 88064K->86014K(175104K)] 130120K->152370K(699392K), 0.0175388 secs] [Times: user=0.19 sys=0.01, real=0.02 secs] 
2016-09-24T00:46:57.429-0400: 174.715: [GC (GCLocker Initiated GC) [PSYoungGen: 174078K->49116K(175104K)] 240739K->140593K(699392K), 0.0412095 secs] [Times: user=0.28 sys=0.02, real=0.04 secs] 
2016-09-24T00:46:57.582-0400: 174.868: [GC (GCLocker Initiated GC) [PSYoungGen: 137180K->73704K(175104K)] 228788K->183836K(699392K), 0.0082577 secs] [Times: user=0.08 sys=0.00, real=0.01 secs] 
2016-09-24T00:46:57.707-0400: 174.993: [GC (Allocation Failure) [PSYoungGen: 161768K->55775K(175104K)] 272244K->202837K(699392K), 0.0101095 secs] [Times: user=0.09 sys=0.02, real=0.01 secs] 
2016-09-24T00:46:57.822-0400: 175.109: [GC (GCLocker Initiated GC) [PSYoungGen: 143839K->73480K(175104K)] 290906K->220799K(699392K), 0.0147658 secs] [Times: user=0.12 sys=0.01, real=0.01 secs] 
2016-09-24T00:46:57.960-0400: 175.246: [GC (Allocation Failure) [PSYoungGen: 161544K->37421K(175104K)] 309073K->221536K(699392K), 0.0103634 secs] [Times: user=0.11 sys=0.01, real=0.01 secs] 
2016-09-24T00:46:58.056-0400: 175.342: [GC (GCLocker Initiated GC) [PSYoungGen: 125485K->85758K(175104K)] 309601K->294425K(699392K), 0.0157551 secs] [Times: user=0.17 sys=0.00, real=0.01 secs] 
2016-09-24T00:46:58.213-0400: 175.500: [GC (GCLocker Initiated GC) [PSYoungGen: 173822K->43592K(175104K)] 388869K->289151K(699392K), 0.0130403 secs] [Times: user=0.12 sys=0.01, real=0.02 secs] 
2016-09-24T00:46:58.309-0400: 175.595: [GC (Allocation Failure) [PSYoungGen: 131656K->79555K(175104K)] 383589K->356063K(699392K), 0.0118475 secs] [Times: user=0.11 sys=0.00, real=0.01 secs] 
2016-09-24T00:46:58.469-0400: 175.755: [GC (GCLocker Initiated GC) [PSYoungGen: 164995K->67309K(175104K)] 447578K->368204K(699392K), 0.0150581 secs] [Times: user=0.11 sys=0.00, real=0.02 secs] 
2016-09-24T00:46:58.599-0400: 175.885: [GC (GCLocker Initiated GC) [PSYoungGen: 155373K->79651K(175104K)] 456472K->399274K(699392K), 0.0172734 secs] [Times: user=0.20 sys=0.00, real=0.02 secs] 
2016-09-24T00:46:58.710-0400: 175.996: [GC (GCLocker Initiated GC) [PSYoungGen: 167715K->43269K(175104K)] 487442K->417767K(699392K), 0.0105355 secs] [Times: user=0.08 sys=0.00, real=0.01 secs] 
2016-09-24T00:46:58.846-0400: 176.133: [GC (GCLocker Initiated GC) [PSYoungGen: 131333K->49116K(175104K)] 512245K->436355K(699392K), 0.0259469 secs] [Times: user=0.21 sys=0.00, real=0.02 secs] 
2016-09-24T00:46:58.999-0400: 176.285: [GC (Allocation Failure) [PSYoungGen: 137180K->61262K(175104K)] 531000K->473590K(699392K), 0.0194625 secs] [Times: user=0.24 sys=0.00, real=0.02 secs] 
2016-09-24T00:46:59.110-0400: 176.397: [GC (GCLocker Initiated GC) [PSYoungGen: 149326K->61362K(175104K)] 561655K->492011K(699392K), 0.0296881 secs] [Times: user=0.34 sys=0.00, real=0.03 secs] 
2016-09-24T00:46:59.247-0400: 176.533: [GC (GCLocker Initiated GC) [PSYoungGen: 149426K->85790K(175104K)] 580117K->571315K(699392K), 0.0265915 secs] [Times: user=0.32 sys=0.00, real=0.02 secs] 
2016-09-24T00:46:59.273-0400: 176.560: [Full GC (Ergonomics) [PSYoungGen: 85790K->0K(175104K)] [ParOldGen: 485525K->54258K(524288K)] 571315K->54258K(699392K), [Metaspace: 44514K->44514K(1087488K)], 0.0554877 secs] [Times: user=0.37 sys=0.01, real=0.06 secs] 
2016-09-24T00:46:59.427-0400: 176.713: [GC (GCLocker Initiated GC) [PSYoungGen: 88064K->86402K(175104K)] 142376K->152864K(699392K), 0.0161328 secs] [Times: user=0.20 sys=0.00, real=0.02 secs] 
2016-09-24T00:46:59.558-0400: 176.845: [GC (GCLocker Initiated GC) [PSYoungGen: 174465K->43041K(175104K)] 241288K->159400K(699392K), 0.0100744 secs] [Times: user=0.07 sys=0.00, real=0.01 secs] 
2016-09-24T00:46:59.686-0400: 176.972: [GC (Allocation Failure) [PSYoungGen: 131105K->85954K(175104K)] 247757K->227190K(699392K), 0.0124085 secs] [Times: user=0.12 sys=0.00, real=0.01 secs] 
2016-09-24T00:46:59.833-0400: 177.120: [GC (GCLocker Initiated GC) [PSYoungGen: 171388K->37290K(175104K)] 318700K->239559K(699392K), 0.0232701 secs] [Times: user=0.26 sys=0.00, real=0.03 secs] 
2016-09-24T00:46:59.971-0400: 177.258: [GC (Allocation Failure) [PSYoungGen: 125354K->79455K(175104K)] 327665K->282042K(699392K), 0.0097800 secs] [Times: user=0.08 sys=0.00, real=0.01 secs] 
2016-09-24T00:47:00.084-0400: 177.370: [GC (GCLocker Initiated GC) [PSYoungGen: 166759K->43237K(175104K)] 375421K->300626K(699392K), 0.0223778 secs] [Times: user=0.25 sys=0.00, real=0.02 secs] 
2016-09-24T00:47:00.233-0400: 177.519: [GC (GCLocker Initiated GC) [PSYoungGen: 131301K->73936K(175104K)] 395121K->338203K(699392K), 0.0090361 secs] [Times: user=0.07 sys=0.01, real=0.01 secs] 
2016-09-24T00:47:00.377-0400: 177.664: [GC (GCLocker Initiated GC) [PSYoungGen: 162000K->67341K(175104K)] 426332K->350165K(699392K), 0.0201221 secs] [Times: user=0.18 sys=0.00, real=0.02 secs] 
2016-09-24T00:47:00.521-0400: 177.807: [GC (Allocation Failure) [PSYoungGen: 155405K->42909K(175104K)] 444374K->356429K(699392K), 0.0143195 secs] [Times: user=0.13 sys=0.00, real=0.02 secs] 
2016-09-24T00:47:00.666-0400: 177.952: [GC (GCLocker Initiated GC) [PSYoungGen: 130973K->67337K(175104K)] 444499K->405290K(699392K), 0.0132869 secs] [Times: user=0.13 sys=0.00, real=0.01 secs] 
2016-09-24T00:47:00.811-0400: 178.098: [GC (GCLocker Initiated GC) [PSYoungGen: 155401K->61757K(175104K)] 499435K->424120K(699392K), 0.0129339 secs] [Times: user=0.11 sys=0.00, real=0.02 secs] 
2016-09-24T00:47:00.928-0400: 178.215: [GC (GCLocker Initiated GC) [PSYoungGen: 149821K->85530K(175104K)] 512232K->472680K(699392K), 0.0239230 secs] [Times: user=0.26 sys=0.00, real=0.02 secs] 
2016-09-24T00:47:01.067-0400: 178.353: [GC (GCLocker Initiated GC) [PSYoungGen: 173594K->61362K(175104K)] 567180K->546216K(699392K), 0.0157662 secs] [Times: user=0.18 sys=0.01, real=0.02 secs] 
2016-09-24T00:47:01.083-0400: 178.369: [Full GC (Ergonomics) [PSYoungGen: 61362K->0K(175104K)] [ParOldGen: 484854K->54491K(524288K)] 546216K->54491K(699392K), [Metaspace: 44515K->44515K(1087488K)], 0.0561083 secs] [Times: user=0.32 sys=0.01, real=0.05 secs] 
2016-09-24T00:47:01.243-0400: 178.529: [GC (GCLocker Initiated GC) [PSYoungGen: 88064K->86630K(175104K)] 148936K->171802K(699392K), 0.0237931 secs] [Times: user=0.29 sys=0.00, real=0.02 secs] 
2016-09-24T00:47:01.362-0400: 178.648: [GC (GCLocker Initiated GC) [PSYoungGen: 174694K->55351K(175104K)] 260188K->184313K(699392K), 0.0093029 secs] [Times: user=0.08 sys=0.00, real=0.01 secs] 
2016-09-24T00:47:01.486-0400: 178.773: [GC (GCLocker Initiated GC) [PSYoungGen: 143415K->55515K(175104K)] 278662K->227355K(699392K), 0.0340612 secs] [Times: user=0.38 sys=0.00, real=0.03 secs] 
2016-09-24T00:47:01.660-0400: 178.946: [GC (GCLocker Initiated GC) [PSYoungGen: 143579K->67565K(175104K)] 316375K->271340K(699392K), 0.0250409 secs] [Times: user=0.31 sys=0.01, real=0.03 secs] 
2016-09-24T00:47:01.811-0400: 179.097: [GC (Allocation Failure) [PSYoungGen: 155629K->43297K(175104K)] 377895K->265698K(699392K), 0.0064790 secs] [Times: user=0.09 sys=0.00, real=0.01 secs] 
2016-09-24T00:47:01.921-0400: 179.207: [GC (GCLocker Initiated GC) [PSYoungGen: 131361K->73640K(175104K)] 353767K->296206K(699392K), 0.0095125 secs] [Times: user=0.13 sys=0.01, real=0.01 secs] 
2016-09-24T00:47:02.054-0400: 179.341: [GC (GCLocker Initiated GC) [PSYoungGen: 161704K->73776K(175104K)] 384429K->327143K(699392K), 0.0300954 secs] [Times: user=0.27 sys=0.00, real=0.03 secs] 
2016-09-24T00:47:02.195-0400: 179.481: [GC (Allocation Failure) [PSYoungGen: 161836K->30859K(175104K)] 421623K->315369K(699392K), 0.0251633 secs] [Times: user=0.26 sys=0.00, real=0.02 secs] 
2016-09-24T00:47:02.357-0400: 179.644: [GC (GCLocker Initiated GC) [PSYoungGen: 116311K->24848K(175104K)] 406896K->346075K(699392K), 0.0300073 secs] [Times: user=0.31 sys=0.01, real=0.03 secs] 
2016-09-24T00:47:02.497-0400: 179.783: [GC (Allocation Failure) [PSYoungGen: 112912K->73580K(175104K)] 440470K->401406K(699392K), 0.0166338 secs] [Times: user=0.16 sys=0.00, real=0.01 secs] 
2016-09-24T00:47:02.625-0400: 179.911: [GC (GCLocker Initiated GC) [PSYoungGen: 161644K->61266K(175104K)] 489475K->407730K(699392K), 0.0113255 secs] [Times: user=0.11 sys=0.00, real=0.01 secs] 
2016-09-24T00:47:02.789-0400: 180.076: [GC (GCLocker Initiated GC) [PSYoungGen: 149330K->67309K(175104K)] 495842K->432125K(699392K), 0.0168242 secs] [Times: user=0.17 sys=0.01, real=0.02 secs] 
2016-09-24T00:47:02.934-0400: 180.221: [GC (Allocation Failure) [PSYoungGen: 155373K->36966K(175104K)] 532521K->456906K(699392K), 0.0163346 secs] [Times: user=0.18 sys=0.01, real=0.01 secs] 
2016-09-24T00:47:03.085-0400: 180.372: [GC (GCLocker Initiated GC) [PSYoungGen: 121944K->55287K(175104K)] 547959K->481398K(699392K), 0.0102853 secs] [Times: user=0.09 sys=0.00, real=0.01 secs] 
2016-09-24T00:47:03.237-0400: 180.523: [GC (GCLocker Initiated GC) [PSYoungGen: 143348K->49440K(175104K)] 575890K->500301K(699392K), 0.0175416 secs] [Times: user=0.18 sys=0.00, real=0.02 secs] 
2016-09-24T00:47:03.340-0400: 180.627: [GC (GCLocker Initiated GC) [PSYoungGen: 137504K->85534K(175104K)] 588497K->542861K(699392K), 0.0327586 secs] [Times: user=0.33 sys=0.00, real=0.03 secs] 
2016-09-24T00:47:03.489-0400: 180.775: [GC (GCLocker Initiated GC) --[PSYoungGen: 173598K->173598K(175104K)] 630967K->697880K(699392K), 0.0130769 secs] [Times: user=0.09 sys=0.01, real=0.01 secs] 
2016-09-24T00:47:03.502-0400: 180.788: [Full GC (Ergonomics) [PSYoungGen: 173598K->0K(175104K)] [ParOldGen: 524282K->54510K(524288K)] 697880K->54510K(699392K), [Metaspace: 44515K->44515K(1087488K)], 0.0581383 secs] [Times: user=0.31 sys=0.00, real=0.06 secs] 
2016-09-24T00:47:03.677-0400: 180.963: [GC (GCLocker Initiated GC) [PSYoungGen: 88060K->74647K(175104K)] 149001K->135588K(699392K), 0.0211717 secs] [Times: user=0.21 sys=0.00, real=0.02 secs] 
2016-09-24T00:47:03.792-0400: 181.079: [GC (GCLocker Initiated GC) [PSYoungGen: 162711K->85626K(175104K)] 223717K->196543K(699392K), 0.0196110 secs] [Times: user=0.22 sys=0.00, real=0.02 secs] 
2016-09-24T00:47:03.920-0400: 181.207: [GC (GCLocker Initiated GC) [PSYoungGen: 173690K->49472K(175104K)] 290881K->233624K(699392K), 0.0272733 secs] [Times: user=0.28 sys=0.00, real=0.03 secs] 
2016-09-24T00:47:04.095-0400: 181.382: [GC (Allocation Failure) [PSYoungGen: 137536K->55155K(175104K)] 327787K->288551K(699392K), 0.0109448 secs] [Times: user=0.14 sys=0.00, real=0.01 secs] 
2016-09-24T00:47:04.244-0400: 181.530: [GC (GCLocker Initiated GC) [PSYoungGen: 140625K->55515K(175104K)] 380095K->295105K(699392K), 0.0133087 secs] [Times: user=0.15 sys=0.00, real=0.01 secs] 
2016-09-24T00:47:04.409-0400: 181.695: [GC (GCLocker Initiated GC) [PSYoungGen: 143579K->36866K(175104K)] 395378K->288908K(699392K), 0.0066877 secs] [Times: user=0.07 sys=0.00, real=0.01 secs] 
2016-09-24T00:47:04.518-0400: 181.804: [GC (GCLocker Initiated GC) [PSYoungGen: 124930K->67437K(175104K)] 377828K->338695K(699392K), 0.0218851 secs] [Times: user=0.17 sys=0.01, real=0.02 secs] 
2016-09-24T00:47:04.646-0400: 181.932: [GC (GCLocker Initiated GC) [PSYoungGen: 155501K->73512K(175104K)] 426824K->375337K(699392K), 0.0107540 secs] [Times: user=0.08 sys=0.00, real=0.01 secs] 
2016-09-24T00:47:04.759-0400: 182.045: [GC (GCLocker Initiated GC) [PSYoungGen: 161576K->55515K(175104K)] 463684K->412401K(699392K), 0.0125125 secs] [Times: user=0.10 sys=0.01, real=0.01 secs] 
2016-09-24T00:47:04.891-0400: 182.177: [GC (GCLocker Initiated GC) [PSYoungGen: 143579K->61462K(175104K)] 506829K->449467K(699392K), 0.0127230 secs] [Times: user=0.10 sys=0.01, real=0.02 secs] 
2016-09-24T00:47:05.081-0400: 182.368: [GC (GCLocker Initiated GC) [PSYoungGen: 149526K->37194K(175104K)] 550032K->437975K(699392K), 0.0190776 secs] [Times: user=0.24 sys=0.01, real=0.02 secs] 
2016-09-24T00:47:05.250-0400: 182.537: [GC (GCLocker Initiated GC) [PSYoungGen: 125258K->19524K(175104K)] 538460K->432823K(699392K), 0.0170439 secs] [Times: user=0.23 sys=0.01, real=0.02 secs] 
2016-09-24T00:47:05.377-0400: 182.663: [GC (GCLocker Initiated GC) [PSYoungGen: 107588K->73608K(175104K)] 527317K->493636K(699392K), 0.0102563 secs] [Times: user=0.14 sys=0.00, real=0.01 secs] 
2016-09-24T00:47:05.511-0400: 182.798: [GC (GCLocker Initiated GC) [PSYoungGen: 161672K->37258K(175104K)] 587777K->481691K(699392K), 0.0100654 secs] [Times: user=0.10 sys=0.00, real=0.01 secs] 
2016-09-24T00:47:05.618-0400: 182.905: [GC (GCLocker Initiated GC) [PSYoungGen: 125322K->73448K(175104K)] 569987K->518373K(699392K), 0.0133059 secs] [Times: user=0.12 sys=0.01, real=0.01 secs] 
2016-09-24T00:47:05.758-0400: 183.044: [GC (GCLocker Initiated GC) [PSYoungGen: 161512K->55387K(175104K)] 606613K->537033K(699392K), 0.0173624 secs] [Times: user=0.15 sys=0.01, real=0.02 secs] 
2016-09-24T00:47:05.775-0400: 183.062: [Full GC (Ergonomics) [PSYoungGen: 55387K->0K(175104K)] [ParOldGen: 481646K->46909K(524288K)] 537033K->46909K(699392K), [Metaspace: 44524K->44524K(1087488K)], 0.0973985 secs] [Times: user=0.82 sys=0.02, real=0.09 secs] 
2016-09-24T00:47:05.979-0400: 183.265: [GC (GCLocker Initiated GC) [PSYoungGen: 88064K->86086K(175104K)] 135161K->133183K(699392K), 0.0102828 secs] [Times: user=0.12 sys=0.01, real=0.01 secs] 
2016-09-24T00:47:06.101-0400: 183.387: [GC (Allocation Failure) [PSYoungGen: 174150K->24784K(175104K)] 221552K->127113K(699392K), 0.0303249 secs] [Times: user=0.34 sys=0.01, real=0.03 secs] 
2016-09-24T00:47:06.228-0400: 183.514: [GC (Allocation Failure) [PSYoungGen: 109530K->73740K(175104K)] 211859K->200473K(699392K), 0.0149888 secs] [Times: user=0.15 sys=0.00, real=0.02 secs] 
2016-09-24T00:47:06.352-0400: 183.638: [GC (GCLocker Initiated GC) [PSYoungGen: 161804K->67501K(175104K)] 288543K->212748K(699392K), 0.0090309 secs] [Times: user=0.08 sys=0.00, real=0.01 secs] 
2016-09-24T00:47:06.495-0400: 183.782: [GC (Allocation Failure) [PSYoungGen: 155565K->43041K(175104K)] 312997K->231092K(699392K), 0.0085927 secs] [Times: user=0.06 sys=0.00, real=0.01 secs] 
2016-09-24T00:47:06.643-0400: 183.929: [GC (GCLocker Initiated GC) [PSYoungGen: 131105K->42977K(175104K)] 319157K->249521K(699392K), 0.0168334 secs] [Times: user=0.15 sys=0.00, real=0.01 secs] 
2016-09-24T00:47:06.751-0400: 184.037: [GC (GCLocker Initiated GC) [PSYoungGen: 131041K->85626K(175104K)] 337779K->304805K(699392K), 0.0113902 secs] [Times: user=0.15 sys=0.00, real=0.02 secs] 
2016-09-24T00:47:06.874-0400: 184.160: [GC (GCLocker Initiated GC) [PSYoungGen: 173690K->85822K(175104K)] 392945K->372069K(699392K), 0.0142369 secs] [Times: user=0.23 sys=0.00, real=0.02 secs] 
2016-09-24T00:47:07.015-0400: 184.301: [GC (GCLocker Initiated GC) [PSYoungGen: 173886K->55415K(175104K)] 460276K->402878K(699392K), 0.0106194 secs] [Times: user=0.15 sys=0.00, real=0.01 secs] 
2016-09-24T00:47:07.151-0400: 184.438: [GC (Allocation Failure) [PSYoungGen: 143479K->43137K(175104K)] 497081K->415224K(699392K), 0.0080003 secs] [Times: user=0.10 sys=0.00, real=0.01 secs] 
2016-09-24T00:47:07.269-0400: 184.556: [GC (GCLocker Initiated GC) [PSYoungGen: 126806K->73608K(175104K)] 504968K->482288K(699392K), 0.0113053 secs] [Times: user=0.12 sys=0.00, real=0.01 secs] 
2016-09-24T00:47:07.406-0400: 184.692: [GC (GCLocker Initiated GC) [PSYoungGen: 161672K->61490K(175104K)] 582746K->482855K(699392K), 0.0131229 secs] [Times: user=0.17 sys=0.01, real=0.01 secs] 
2016-09-24T00:47:07.535-0400: 184.821: [GC (GCLocker Initiated GC) [PSYoungGen: 149554K->73640K(175104K)] 571287K->526063K(699392K), 0.0116380 secs] [Times: user=0.17 sys=0.00, real=0.01 secs] 
2016-09-24T00:47:07.675-0400: 184.961: [GC (GCLocker Initiated GC) [PSYoungGen: 161704K->67537K(175104K)] 614164K->556738K(699392K), 0.0102861 secs] [Times: user=0.09 sys=0.00, real=0.01 secs] 
2016-09-24T00:47:07.685-0400: 184.972: [Full GC (Ergonomics) [PSYoungGen: 67537K->0K(175104K)] [ParOldGen: 489201K->46794K(524288K)] 556738K->46794K(699392K), [Metaspace: 44525K->44525K(1087488K)], 0.0493110 secs] [Times: user=0.43 sys=0.00, real=0.05 secs] 
2016-09-24T00:47:07.844-0400: 185.130: [GC (GCLocker Initiated GC) [PSYoungGen: 88064K->85982K(175104K)] 141076K->151144K(699392K), 0.0096762 secs] [Times: user=0.10 sys=0.00, real=0.00 secs] 
2016-09-24T00:47:07.965-0400: 185.251: [GC (GCLocker Initiated GC) [PSYoungGen: 174046K->79747K(175104K)] 239256K->181986K(699392K), 0.0123863 secs] [Times: user=0.20 sys=0.00, real=0.01 secs] 
2016-09-24T00:47:08.101-0400: 185.388: [GC (GCLocker Initiated GC) [PSYoungGen: 167811K->85758K(175104K)] 276201K->243031K(699392K), 0.0124793 secs] [Times: user=0.19 sys=0.00, real=0.01 secs] 
2016-09-24T00:47:08.239-0400: 185.526: [GC (GCLocker Initiated GC) [PSYoungGen: 173822K->85986K(175104K)] 331451K->304657K(699392K), 0.0123726 secs] [Times: user=0.20 sys=0.00, real=0.01 secs] 
2016-09-24T00:47:08.381-0400: 185.667: [GC (GCLocker Initiated GC) [PSYoungGen: 174050K->37126K(175104K)] 405198K->286783K(699392K), 0.0102438 secs] [Times: user=0.13 sys=0.00, real=0.01 secs] 
2016-09-24T00:47:08.526-0400: 185.812: [GC (GCLocker Initiated GC) [PSYoungGen: 125190K->36998K(175104K)] 387145K->299072K(699392K), 0.0235013 secs] [Times: user=0.27 sys=0.00, real=0.02 secs] 
2016-09-24T00:47:08.657-0400: 185.943: [GC (GCLocker Initiated GC) [PSYoungGen: 125062K->55383K(175104K)] 387368K->360334K(699392K), 0.0097757 secs] [Times: user=0.09 sys=0.00, real=0.01 secs] 
2016-09-24T00:47:08.813-0400: 186.099: [GC (Allocation Failure) [PSYoungGen: 143447K->37162K(175104K)] 460892K->373115K(699392K), 0.0097473 secs] [Times: user=0.10 sys=0.00, real=0.02 secs] 
2016-09-24T00:47:08.924-0400: 186.211: [GC (GCLocker Initiated GC) [PSYoungGen: 125226K->61294K(175104K)] 461185K->397701K(699392K), 0.0115762 secs] [Times: user=0.12 sys=0.00, real=0.01 secs] 
2016-09-24T00:47:09.062-0400: 186.349: [GC (GCLocker Initiated GC) [PSYoungGen: 149358K->55351K(175104K)] 492195K->434789K(699392K), 0.0093843 secs] [Times: user=0.12 sys=0.00, real=0.00 secs] 
2016-09-24T00:47:09.196-0400: 186.482: [GC (GCLocker Initiated GC) [PSYoungGen: 143415K->85694K(175104K)] 522996K->471798K(699392K), 0.0156082 secs] [Times: user=0.18 sys=0.00, real=0.01 secs] 
2016-09-24T00:47:09.323-0400: 186.609: [GC (GCLocker Initiated GC) [PSYoungGen: 173758K->55223K(175104K)] 559892K->496316K(699392K), 0.0165526 secs] [Times: user=0.19 sys=0.01, real=0.01 secs] 
2016-09-24T00:47:09.477-0400: 186.763: [Full GC (Ergonomics) [PSYoungGen: 143287K->0K(175104K)] [ParOldGen: 447389K->52777K(524288K)] 590676K->52777K(699392K), [Metaspace: 44525K->44525K(1087488K)], 0.0612479 secs] [Times: user=0.34 sys=0.01, real=0.06 secs] 
2016-09-24T00:47:09.656-0400: 186.943: [GC (GCLocker Initiated GC) [PSYoungGen: 88064K->74224K(175104K)] 146974K->133134K(699392K), 0.0087818 secs] [Times: user=0.10 sys=0.00, real=0.01 secs] 
2016-09-24T00:47:09.823-0400: 187.109: [GC (GCLocker Initiated GC) [PSYoungGen: 162288K->55547K(175104K)] 233683K->164095K(699392K), 0.0347659 secs] [Times: user=0.29 sys=0.00, real=0.03 secs] 
2016-09-24T00:47:09.974-0400: 187.260: [GC (Allocation Failure) [PSYoungGen: 143611K->49052K(175104K)] 258309K->164002K(699392K), 0.0145233 secs] [Times: user=0.14 sys=0.01, real=0.02 secs] 
2016-09-24T00:47:10.108-0400: 187.394: [GC (GCLocker Initiated GC) [PSYoungGen: 137116K->42977K(175104K)] 252071K->182320K(699392K), 0.0221948 secs] [Times: user=0.22 sys=0.00, real=0.02 secs] 
2016-09-24T00:47:10.257-0400: 187.543: [GC (Allocation Failure) [PSYoungGen: 131041K->67601K(175104K)] 270605K->225657K(699392K), 0.0323206 secs] [Times: user=0.39 sys=0.00, real=0.03 secs] 
2016-09-24T00:47:10.400-0400: 187.686: [GC (GCLocker Initiated GC) [PSYoungGen: 155665K->61362K(175104K)] 313725K->237899K(699392K), 0.0163055 secs] [Times: user=0.16 sys=0.00, real=0.02 secs] 
2016-09-24T00:47:10.525-0400: 187.811: [GC (GCLocker Initiated GC) [PSYoungGen: 149426K->31186K(175104K)] 332180K->250502K(699392K), 0.0154822 secs] [Times: user=0.14 sys=0.00, real=0.01 secs] 
2016-09-24T00:47:10.656-0400: 187.943: [GC (GCLocker Initiated GC) [PSYoungGen: 119250K->49148K(175104K)] 350831K->293138K(699392K), 0.0195721 secs] [Times: user=0.18 sys=0.00, real=0.02 secs] 
2016-09-24T00:47:10.805-0400: 188.092: [GC (GCLocker Initiated GC) [PSYoungGen: 137212K->61462K(175104K)] 387347K->366399K(699392K), 0.0104774 secs] [Times: user=0.10 sys=0.00, real=0.01 secs] 
2016-09-24T00:47:10.942-0400: 188.229: [GC (GCLocker Initiated GC) [PSYoungGen: 149526K->24816K(175104K)] 454488K->384885K(699392K), 0.0086798 secs] [Times: user=0.07 sys=0.00, real=0.00 secs] 
2016-09-24T00:47:11.074-0400: 188.361: [GC (GCLocker Initiated GC) [PSYoungGen: 112880K->85662K(175104K)] 479222K->458354K(699392K), 0.0181237 secs] [Times: user=0.17 sys=0.00, real=0.01 secs] 
2016-09-24T00:47:11.242-0400: 188.528: [GC (Allocation Failure) [PSYoungGen: 173726K->43237K(175104K)] 558795K->452850K(699392K), 0.0093321 secs] [Times: user=0.07 sys=0.00, real=0.01 secs] 
2016-09-24T00:47:11.383-0400: 188.670: [GC (GCLocker Initiated GC) [PSYoungGen: 131301K->36902K(175104K)] 540914K->446766K(699392K), 0.0256007 secs] [Times: user=0.34 sys=0.00, real=0.02 secs] 
2016-09-24T00:47:11.524-0400: 188.810: [GC (GCLocker Initiated GC) [PSYoungGen: 124966K->85758K(175104K)] 534867K->514012K(699392K), 0.0110099 secs] [Times: user=0.12 sys=0.00, real=0.01 secs] 
2016-09-24T00:47:11.677-0400: 188.963: [GC (Allocation Failure) [PSYoungGen: 173822K->55711K(175104K)] 614356K->563378K(699392K), 0.0150635 secs] [Times: user=0.20 sys=0.01, real=0.01 secs] 
2016-09-24T00:47:11.692-0400: 188.979: [Full GC (Ergonomics) [PSYoungGen: 55711K->0K(175104K)] [ParOldGen: 507667K->52978K(524288K)] 563378K->52978K(699392K), [Metaspace: 44525K->44525K(1087488K)], 0.0543347 secs] [Times: user=0.33 sys=0.02, real=0.06 secs] 
2016-09-24T00:47:11.858-0400: 189.145: [GC (GCLocker Initiated GC) [PSYoungGen: 88064K->86086K(175104K)] 147117K->151214K(699392K), 0.0129202 secs] [Times: user=0.19 sys=0.00, real=0.01 secs] 
2016-09-24T00:47:11.978-0400: 189.264: [GC (GCLocker Initiated GC) [PSYoungGen: 174150K->36934K(175104K)] 245568K->151481K(699392K), 0.0089056 secs] [Times: user=0.07 sys=0.01, real=0.01 secs] 
2016-09-24T00:47:12.104-0400: 189.390: [GC (GCLocker Initiated GC) [PSYoungGen: 124998K->55383K(175104K)] 251849K->182345K(699392K), 0.0060884 secs] [Times: user=0.06 sys=0.00, real=0.00 secs] 
2016-09-24T00:47:12.246-0400: 189.532: [GC (Allocation Failure) [PSYoungGen: 143447K->49116K(175104K)] 276537K->182466K(699392K), 0.0103775 secs] [Times: user=0.07 sys=0.01, real=0.01 secs] 
2016-09-24T00:47:12.388-0400: 189.674: [GC (GCLocker Initiated GC) [PSYoungGen: 137180K->73540K(175104K)] 270530K->255797K(699392K), 0.0114354 secs] [Times: user=0.17 sys=0.00, real=0.01 secs] 
2016-09-24T00:47:12.494-0400: 189.781: [GC (GCLocker Initiated GC) [PSYoungGen: 161604K->85822K(175104K)] 344026K->292695K(699392K), 0.0115808 secs] [Times: user=0.18 sys=0.00, real=0.01 secs] 
2016-09-24T00:47:12.647-0400: 189.933: [GC (GCLocker Initiated GC) [PSYoungGen: 173886K->73540K(175104K)] 387079K->287033K(699392K), 0.0098177 secs] [Times: user=0.15 sys=0.00, real=0.01 secs] 
2016-09-24T00:47:12.792-0400: 190.078: [GC (Allocation Failure) [PSYoungGen: 161604K->67437K(175104K)] 381291K->287236K(699392K), 0.0096082 secs] [Times: user=0.14 sys=0.00, real=0.01 secs] 
2016-09-24T00:47:12.892-0400: 190.179: [GC (GCLocker Initiated GC) [PSYoungGen: 152374K->49084K(175104K)] 378248K->311651K(699392K), 0.0104405 secs] [Times: user=0.06 sys=0.01, real=0.02 secs] 
2016-09-24T00:47:13.039-0400: 190.325: [GC (GCLocker Initiated GC) [PSYoungGen: 137148K->55319K(175104K)] 406073K->324535K(699392K), 0.0119212 secs] [Times: user=0.12 sys=0.01, real=0.01 secs] 
2016-09-24T00:47:13.171-0400: 190.457: [GC (GCLocker Initiated GC) [PSYoungGen: 143383K->55807K(175104K)] 418934K->331821K(699392K), 0.0127067 secs] [Times: user=0.18 sys=0.00, real=0.02 secs] 
2016-09-24T00:47:13.306-0400: 190.593: [GC (GCLocker Initiated GC) [PSYoungGen: 143871K->67601K(175104K)] 419912K->361970K(699392K), 0.0279417 secs] [Times: user=0.30 sys=0.01, real=0.03 secs] 
2016-09-24T00:47:13.490-0400: 190.776: [GC (Allocation Failure) [PSYoungGen: 155665K->36802K(175104K)] 462276K->374040K(699392K), 0.0233620 secs] [Times: user=0.22 sys=0.00, real=0.02 secs] 
2016-09-24T00:47:13.514-0400: 190.800: [GC (GCLocker Initiated GC) [PSYoungGen: 37160K->96K(175104K)] 374398K->386154K(699392K), 0.0091545 secs] [Times: user=0.10 sys=0.00, real=0.02 secs] 
2016-09-24T00:47:13.667-0400: 190.953: [GC (GCLocker Initiated GC) [PSYoungGen: 88160K->49276K(175104K)] 474223K->435347K(699392K), 0.0128275 secs] [Times: user=0.14 sys=0.00, real=0.01 secs] 
2016-09-24T00:47:13.801-0400: 191.088: [GC (GCLocker Initiated GC) [PSYoungGen: 137340K->61394K(175104K)] 535609K->496645K(699392K), 0.0109659 secs] [Times: user=0.14 sys=0.00, real=0.01 secs] 
2016-09-24T00:47:13.908-0400: 191.194: [GC (GCLocker Initiated GC) [PSYoungGen: 149458K->73804K(175104K)] 584840K->551871K(699392K), 0.0137232 secs] [Times: user=0.15 sys=0.01, real=0.01 secs] 
2016-09-24T00:47:13.922-0400: 191.208: [Full GC (Ergonomics) [PSYoungGen: 73804K->0K(175104K)] [ParOldGen: 478067K->53400K(524288K)] 551871K->53400K(699392K), [Metaspace: 44526K->44526K(1087488K)], 0.0573295 secs] [Times: user=0.36 sys=0.01, real=0.06 secs] 
2016-09-24T00:47:14.084-0400: 191.370: [GC (GCLocker Initiated GC) [PSYoungGen: 88064K->79555K(175104K)] 141690K->133181K(699392K), 0.0210052 secs] [Times: user=0.24 sys=0.00, real=0.02 secs] 
2016-09-24T00:47:14.241-0400: 191.528: [GC (Allocation Failure) [PSYoungGen: 167619K->61398K(175104K)] 227502K->127599K(699392K), 0.0149668 secs] [Times: user=0.16 sys=0.00, real=0.02 secs] 
2016-09-24T00:47:14.346-0400: 191.633: [GC (GCLocker Initiated GC) [PSYoungGen: 149462K->49084K(175104K)] 215663K->139837K(699392K), 0.0162963 secs] [Times: user=0.16 sys=0.00, real=0.02 secs] 
2016-09-24T00:47:14.485-0400: 191.771: [GC (GCLocker Initiated GC) [PSYoungGen: 137148K->43237K(175104K)] 228027K->170661K(699392K), 0.0147266 secs] [Times: user=0.16 sys=0.00, real=0.01 secs] 
2016-09-24T00:47:14.604-0400: 191.891: [GC (GCLocker Initiated GC) [PSYoungGen: 131301K->67373K(175104K)] 264932K->201264K(699392K), 0.0170313 secs] [Times: user=0.14 sys=0.00, real=0.01 secs] 
2016-09-24T00:47:14.722-0400: 192.008: [GC (Allocation Failure) [PSYoungGen: 155437K->79683K(175104K)] 289633K->238478K(699392K), 0.0139438 secs] [Times: user=0.14 sys=0.01, real=0.02 secs] 
2016-09-24T00:47:14.856-0400: 192.142: [GC (GCLocker Initiated GC) [PSYoungGen: 167747K->61234K(175104K)] 326548K->244595K(699392K), 0.0095157 secs] [Times: user=0.09 sys=0.00, real=0.01 secs] 
2016-09-24T00:47:14.988-0400: 192.274: [GC (Allocation Failure) [PSYoungGen: 149298K->49312K(175104K)] 332902K->251368K(699392K), 0.0117233 secs] [Times: user=0.08 sys=0.00, real=0.01 secs] 
2016-09-24T00:47:15.097-0400: 192.383: [GC (GCLocker Initiated GC) [PSYoungGen: 133758K->55547K(175104K)] 341890K->282186K(699392K), 0.0116227 secs] [Times: user=0.12 sys=0.00, real=0.01 secs] 
2016-09-24T00:47:15.258-0400: 192.544: [GC (GCLocker Initiated GC) [PSYoungGen: 143611K->42977K(175104K)] 376503K->275956K(699392K), 0.0258391 secs] [Times: user=0.20 sys=0.00, real=0.03 secs] 
2016-09-24T00:47:15.377-0400: 192.663: [GC (GCLocker Initiated GC) [PSYoungGen: 131041K->79523K(175104K)] 364102K->312836K(699392K), 0.0277022 secs] [Times: user=0.29 sys=0.00, real=0.03 secs] 
2016-09-24T00:47:15.510-0400: 192.797: [GC (GCLocker Initiated GC) [PSYoungGen: 167587K->67829K(175104K)] 413293K->356352K(699392K), 0.0128609 secs] [Times: user=0.16 sys=0.00, real=0.02 secs] 
2016-09-24T00:47:15.641-0400: 192.927: [GC (GCLocker Initiated GC) [PSYoungGen: 155893K->55515K(175104K)] 450812K->387168K(699392K), 0.0092274 secs] [Times: user=0.12 sys=0.00, real=0.01 secs] 
2016-09-24T00:47:15.763-0400: 193.049: [GC (Allocation Failure) [PSYoungGen: 143579K->86054K(175104K)] 475285K->442368K(699392K), 0.0117311 secs] [Times: user=0.17 sys=0.00, real=0.01 secs] 
2016-09-24T00:47:15.897-0400: 193.183: [GC (GCLocker Initiated GC) [PSYoungGen: 170219K->55415K(175104K)] 532608K->478697K(699392K), 0.0121628 secs] [Times: user=0.19 sys=0.00, real=0.01 secs] 
2016-09-24T00:47:16.049-0400: 193.335: [GC (GCLocker Initiated GC) [PSYoungGen: 143479K->55383K(175104K)] 572838K->485033K(699392K), 0.0171769 secs] [Times: user=0.21 sys=0.00, real=0.02 secs] 
2016-09-24T00:47:16.147-0400: 193.434: [GC (Allocation Failure) [PSYoungGen: 143447K->85822K(175104K)] 573301K->534209K(699392K), 0.0120701 secs] [Times: user=0.16 sys=0.00, real=0.01 secs] 
2016-09-24T00:47:16.267-0400: 193.554: [GC (GCLocker Initiated GC) [PSYoungGen: 173886K->85854K(175104K)] 622279K->589245K(699392K), 0.0136965 secs] [Times: user=0.21 sys=0.00, real=0.01 secs] 
2016-09-24T00:47:16.281-0400: 193.568: [Full GC (Ergonomics) [PSYoungGen: 85854K->0K(175104K)] [ParOldGen: 503391K->53444K(524288K)] 589245K->53444K(699392K), [Metaspace: 44527K->44527K(1087488K)], 0.0514112 secs] [Times: user=0.45 sys=0.00, real=0.05 secs] 
2016-09-24T00:47:16.440-0400: 193.726: [GC (Allocation Failure) [PSYoungGen: 88064K->86046K(175104K)] 141841K->170198K(699392K), 0.0114244 secs] [Times: user=0.18 sys=0.00, real=0.01 secs] 
2016-09-24T00:47:16.559-0400: 193.846: [GC (Allocation Failure) [PSYoungGen: 173351K->55579K(175104K)] 257504K->158667K(699392K), 0.0093897 secs] [Times: user=0.13 sys=0.01, real=0.01 secs] 
2016-09-24T00:47:16.683-0400: 193.970: [GC (GCLocker Initiated GC) [PSYoungGen: 139355K->55775K(175104K)] 248519K->183487K(699392K), 0.0095009 secs] [Times: user=0.15 sys=0.01, real=0.00 secs] 
2016-09-24T00:47:16.828-0400: 194.114: [GC (GCLocker Initiated GC) [PSYoungGen: 143839K->85658K(175104K)] 271598K->274303K(699392K), 0.0118903 secs] [Times: user=0.18 sys=0.00, real=0.01 secs] 
2016-09-24T00:47:16.962-0400: 194.249: [GC (GCLocker Initiated GC) [PSYoungGen: 173722K->37094K(175104K)] 369122K->311628K(699392K), 0.0101556 secs] [Times: user=0.13 sys=0.00, real=0.00 secs] 
2016-09-24T00:47:17.097-0400: 194.384: [GC (GCLocker Initiated GC) [PSYoungGen: 125158K->37030K(175104K)] 418070K->330209K(699392K), 0.0060996 secs] [Times: user=0.06 sys=0.00, real=0.01 secs] 
2016-09-24T00:47:17.251-0400: 194.537: [GC (GCLocker Initiated GC) [PSYoungGen: 125094K->61462K(175104K)] 418624K->367213K(699392K), 0.0116003 secs] [Times: user=0.10 sys=0.00, real=0.02 secs] 
2016-09-24T00:47:17.402-0400: 194.689: [GC (GCLocker Initiated GC) [PSYoungGen: 149526K->79327K(175104K)] 461400K->391296K(699392K), 0.0349011 secs] [Times: user=0.38 sys=0.01, real=0.03 secs] 
2016-09-24T00:47:17.526-0400: 194.812: [GC (GCLocker Initiated GC) [PSYoungGen: 167391K->61430K(175104K)] 479682K->410267K(699392K), 0.0144966 secs] [Times: user=0.14 sys=0.00, real=0.01 secs] 
2016-09-24T00:47:17.639-0400: 194.926: [GC (GCLocker Initiated GC) [PSYoungGen: 149494K->79683K(175104K)] 498591K->459438K(699392K), 0.0108768 secs] [Times: user=0.12 sys=0.00, real=0.01 secs] 
2016-09-24T00:47:17.785-0400: 195.071: [GC (GCLocker Initiated GC) [PSYoungGen: 167747K->43069K(175104K)] 547617K->459688K(699392K), 0.0079447 secs] [Times: user=0.07 sys=0.00, real=0.00 secs] 
2016-09-24T00:47:17.910-0400: 195.196: [GC (GCLocker Initiated GC) [PSYoungGen: 131133K->43137K(175104K)] 560168K->508725K(699392K), 0.0310039 secs] [Times: user=0.30 sys=0.01, real=0.03 secs] 
2016-09-24T00:47:17.941-0400: 195.228: [Full GC (Ergonomics) [PSYoungGen: 43137K->0K(175104K)] [ParOldGen: 465588K->53443K(524288K)] 508725K->53443K(699392K), [Metaspace: 44527K->44527K(1087488K)], 0.0531501 secs] [Times: user=0.30 sys=0.00, real=0.06 secs] 
2016-09-24T00:47:18.133-0400: 195.419: [GC (GCLocker Initiated GC) [PSYoungGen: 88064K->73608K(175104K)] 141633K->127177K(699392K), 0.0188088 secs] [Times: user=0.24 sys=0.00, real=0.02 secs] 
2016-09-24T00:47:18.293-0400: 195.580: [GC (GCLocker Initiated GC) [PSYoungGen: 161672K->55351K(175104K)] 221560K->151932K(699392K), 0.0229666 secs] [Times: user=0.21 sys=0.00, real=0.03 secs] 
2016-09-24T00:47:18.500-0400: 195.786: [GC (GCLocker Initiated GC) [PSYoungGen: 143415K->18869K(175104K)] 264635K->158402K(699392K), 0.0356426 secs] [Times: user=0.37 sys=0.01, real=0.04 secs] 
2016-09-24T00:47:18.651-0400: 195.937: [GC (GCLocker Initiated GC) [PSYoungGen: 106933K->86118K(175104K)] 246838K->232241K(699392K), 0.0113552 secs] [Times: user=0.15 sys=0.00, real=0.02 secs] 
2016-09-24T00:47:18.800-0400: 196.086: [GC (GCLocker Initiated GC) [PSYoungGen: 174182K->55643K(175104K)] 326517K->244580K(699392K), 0.0120245 secs] [Times: user=0.15 sys=0.00, real=0.01 secs] 
2016-09-24T00:47:18.911-0400: 196.198: [GC (GCLocker Initiated GC) [PSYoungGen: 143707K->85986K(175104K)] 338962K->287639K(699392K), 0.0097761 secs] [Times: user=0.13 sys=0.00, real=0.01 secs] 
2016-09-24T00:47:19.041-0400: 196.328: [GC (GCLocker Initiated GC) [PSYoungGen: 174050K->67565K(175104K)] 382027K->312104K(699392K), 0.0091075 secs] [Times: user=0.10 sys=0.00, real=0.01 secs] 
2016-09-24T00:47:19.167-0400: 196.453: [GC (Allocation Failure) [PSYoungGen: 155629K->55842K(175104K)] 406430K->306771K(699392K), 0.0082793 secs] [Times: user=0.11 sys=0.00, real=0.01 secs] 
2016-09-24T00:47:19.289-0400: 196.575: [GC (GCLocker Initiated GC) [PSYoungGen: 143906K->67533K(175104K)] 394841K->324801K(699392K), 0.0097575 secs] [Times: user=0.10 sys=0.00, real=0.01 secs] 
2016-09-24T00:47:19.458-0400: 196.745: [GC (GCLocker Initiated GC) [PSYoungGen: 155597K->55323K(175104K)] 425258K->343445K(699392K), 0.0121116 secs] [Times: user=0.13 sys=0.00, real=0.01 secs] 
2016-09-24T00:47:19.607-0400: 196.893: [GC (GCLocker Initiated GC) [PSYoungGen: 143387K->37322K(175104K)] 443823K->338050K(699392K), 0.0125496 secs] [Times: user=0.15 sys=0.01, real=0.01 secs] 
2016-09-24T00:47:19.739-0400: 197.025: [GC (GCLocker Initiated GC) [PSYoungGen: 125386K->73640K(175104K)] 432421K->380966K(699392K), 0.0100105 secs] [Times: user=0.14 sys=0.00, real=0.01 secs] 
2016-09-24T00:47:19.878-0400: 197.165: [GC (Allocation Failure) [PSYoungGen: 161704K->79747K(175104K)] 469262K->423866K(699392K), 0.0109507 secs] [Times: user=0.13 sys=0.00, real=0.01 secs] 
2016-09-24T00:47:20.009-0400: 197.296: [GC (GCLocker Initiated GC) [PSYoungGen: 167811K->79879K(175104K)] 511936K->424296K(699392K), 0.0097388 secs] [Times: user=0.09 sys=0.02, real=0.01 secs] 
2016-09-24T00:47:20.180-0400: 197.466: [GC (GCLocker Initiated GC) [PSYoungGen: 167943K->67337K(175104K)] 518538K->436464K(699392K), 0.0098464 secs] [Times: user=0.14 sys=0.00, real=0.01 secs] 
2016-09-24T00:47:20.348-0400: 197.634: [GC (GCLocker Initiated GC) [PSYoungGen: 155401K->36866K(175104K)] 531177K->449203K(699392K), 0.0082546 secs] [Times: user=0.09 sys=0.00, real=0.01 secs] 
2016-09-24T00:47:20.469-0400: 197.756: [GC (GCLocker Initiated GC) [PSYoungGen: 124930K->55351K(175104K)] 543970K->492703K(699392K), 0.0077200 secs] [Times: user=0.11 sys=0.00, real=0.01 secs] 
2016-09-24T00:47:20.590-0400: 197.876: [GC (GCLocker Initiated GC) [PSYoungGen: 143415K->37030K(175104K)] 586885K->498820K(699392K), 0.0136918 secs] [Times: user=0.14 sys=0.00, real=0.02 secs] 
2016-09-24T00:47:20.688-0400: 197.975: [GC (GCLocker Initiated GC) [PSYoungGen: 125094K->79747K(175104K)] 586999K->590395K(699392K), 0.0199319 secs] [Times: user=0.27 sys=0.00, real=0.02 secs] 
2016-09-24T00:47:20.708-0400: 197.995: [Full GC (Ergonomics) [PSYoungGen: 79747K->0K(175104K)] [ParOldGen: 510648K->59965K(524288K)] 590395K->59965K(699392K), [Metaspace: 44528K->44528K(1087488K)], 0.0642335 secs] [Times: user=0.51 sys=0.01, real=0.06 secs] 
2016-09-24T00:47:20.874-0400: 198.161: [GC (GCLocker Initiated GC) [PSYoungGen: 88064K->86406K(175104K)] 148233K->170875K(699392K), 0.0126618 secs] [Times: user=0.18 sys=0.01, real=0.01 secs] 
2016-09-24T00:47:21.003-0400: 198.290: [GC (GCLocker Initiated GC) [PSYoungGen: 174470K->61522K(175104K)] 265127K->207754K(699392K), 0.0119749 secs] [Times: user=0.16 sys=0.00, real=0.01 secs] 
2016-09-24T00:47:21.125-0400: 198.411: [GC (Allocation Failure) [PSYoungGen: 149586K->74064K(175104K)] 302119K->269429K(699392K), 0.0126273 secs] [Times: user=0.18 sys=0.00, real=0.01 secs] 
2016-09-24T00:47:21.282-0400: 198.569: [GC (GCLocker Initiated GC) [PSYoungGen: 160828K->55383K(175104K)] 362269K->287686K(699392K), 0.0130202 secs] [Times: user=0.11 sys=0.00, real=0.01 secs] 
2016-09-24T00:47:21.428-0400: 198.714: [GC (GCLocker Initiated GC) [PSYoungGen: 143447K->85854K(175104K)] 375808K->318515K(699392K), 0.0111904 secs] [Times: user=0.14 sys=0.00, real=0.01 secs] 
2016-09-24T00:47:21.538-0400: 198.824: [GC (GCLocker Initiated GC) [PSYoungGen: 173918K->85922K(175104K)] 406621K->404007K(699392K), 0.0171754 secs] [Times: user=0.28 sys=0.01, real=0.02 secs] 
2016-09-24T00:47:21.695-0400: 198.982: [GC (Allocation Failure) [PSYoungGen: 173986K->37290K(175104K)] 504447K->435047K(699392K), 0.0110754 secs] [Times: user=0.17 sys=0.00, real=0.01 secs] 
2016-09-24T00:47:21.831-0400: 199.117: [GC (GCLocker Initiated GC) [PSYoungGen: 125354K->73640K(175104K)] 523117K->471515K(699392K), 0.0180750 secs] [Times: user=0.21 sys=0.00, real=0.02 secs] 
2016-09-24T00:47:21.962-0400: 199.248: [GC (GCLocker Initiated GC) [PSYoungGen: 161704K->73804K(175104K)] 565791K->478042K(699392K), 0.0123460 secs] [Times: user=0.15 sys=0.00, real=0.02 secs] 
2016-09-24T00:47:22.117-0400: 199.404: [GC (GCLocker Initiated GC) [PSYoungGen: 161868K->43041K(175104K)] 566294K->484184K(699392K), 0.0144366 secs] [Times: user=0.13 sys=0.00, real=0.01 secs] 
2016-09-24T00:47:22.132-0400: 199.418: [Full GC (Ergonomics) [PSYoungGen: 43041K->0K(175104K)] [ParOldGen: 441143K->53894K(524288K)] 484184K->53894K(699392K), [Metaspace: 44528K->44528K(1087488K)], 0.0466262 secs] [Times: user=0.42 sys=0.01, real=0.05 secs] 
2016-09-24T00:47:22.276-0400: 199.563: [GC (GCLocker Initiated GC) [PSYoungGen: 88064K->86110K(175104K)] 141960K->164306K(699392K), 0.0125564 secs] [Times: user=0.20 sys=0.00, real=0.01 secs] 
2016-09-24T00:47:22.398-0400: 199.684: [GC (GCLocker Initiated GC) [PSYoungGen: 174174K->86018K(175104K)] 252591K->201636K(699392K), 0.0129909 secs] [Times: user=0.18 sys=0.01, real=0.01 secs] 
2016-09-24T00:47:22.540-0400: 199.827: [GC (GCLocker Initiated GC) [PSYoungGen: 174082K->37386K(175104K)] 308107K->208144K(699392K), 0.0104902 secs] [Times: user=0.15 sys=0.00, real=0.01 secs] 
2016-09-24T00:47:22.692-0400: 199.979: [GC (GCLocker Initiated GC) [PSYoungGen: 125450K->55223K(175104K)] 302571K->232611K(699392K), 0.0119294 secs] [Times: user=0.09 sys=0.00, real=0.02 secs] 
2016-09-24T00:47:22.821-0400: 200.108: [GC (GCLocker Initiated GC) [PSYoungGen: 143287K->61654K(175104K)] 320992K->257704K(699392K), 0.0111763 secs] [Times: user=0.12 sys=0.00, real=0.01 secs] 
2016-09-24T00:47:22.948-0400: 200.235: [GC (Allocation Failure) [PSYoungGen: 149718K->85822K(175104K)] 345938K->300583K(699392K), 0.0126228 secs] [Times: user=0.16 sys=0.00, real=0.01 secs] 
2016-09-24T00:47:23.076-0400: 200.363: [GC (GCLocker Initiated GC) [PSYoungGen: 169028K->61458K(175104K)] 389864K->337088K(699392K), 0.0279854 secs] [Times: user=0.36 sys=0.00, real=0.03 secs] 
2016-09-24T00:47:23.230-0400: 200.517: [GC (GCLocker Initiated GC) [PSYoungGen: 149522K->61330K(175104K)] 425206K->337297K(699392K), 0.0164623 secs] [Times: user=0.14 sys=0.01, real=0.02 secs] 
2016-09-24T00:47:23.362-0400: 200.648: [GC (Allocation Failure) [PSYoungGen: 149394K->55287K(175104K)] 425582K->404651K(699392K), 0.0135276 secs] [Times: user=0.14 sys=0.01, real=0.02 secs] 
2016-09-24T00:47:23.476-0400: 200.762: [GC (GCLocker Initiated GC) [PSYoungGen: 143351K->85890K(175104K)] 492720K->441446K(699392K), 0.0092597 secs] [Times: user=0.09 sys=0.00, real=0.01 secs] 
2016-09-24T00:47:23.645-0400: 200.931: [GC (Allocation Failure) [PSYoungGen: 173954K->67369K(175104K)] 535722K->447669K(699392K), 0.0149129 secs] [Times: user=0.15 sys=0.01, real=0.01 secs] 
2016-09-24T00:47:23.764-0400: 201.050: [GC (GCLocker Initiated GC) [PSYoungGen: 151892K->67565K(175104K)] 538267K->484443K(699392K), 0.0184635 secs] [Times: user=0.21 sys=0.00, real=0.02 secs] 
2016-09-24T00:47:23.895-0400: 201.181: [GC (GCLocker Initiated GC) [PSYoungGen: 155629K->55223K(175104K)] 572571K->496709K(699392K), 0.0108020 secs] [Times: user=0.07 sys=0.00, real=0.01 secs] 
2016-09-24T00:47:24.043-0400: 201.329: [GC (GCLocker Initiated GC) [PSYoungGen: 143287K->55679K(175104K)] 590960K->552088K(699392K), 0.0099877 secs] [Times: user=0.11 sys=0.00, real=0.00 secs] 
2016-09-24T00:47:24.053-0400: 201.339: [Full GC (Ergonomics) [PSYoungGen: 55679K->0K(175104K)] [ParOldGen: 496409K->47854K(524288K)] 552088K->47854K(699392K), [Metaspace: 44537K->44537K(1087488K)], 0.0503641 secs] [Times: user=0.30 sys=0.00, real=0.06 secs] 
2016-09-24T00:47:24.227-0400: 201.513: [GC (GCLocker Initiated GC) [PSYoungGen: 88064K->85826K(175104K)] 136061K->145974K(699392K), 0.0099379 secs] [Times: user=0.08 sys=0.00, real=0.01 secs] 
2016-09-24T00:47:24.351-0400: 201.637: [GC (Allocation Failure) [PSYoungGen: 173890K->61362K(175104K)] 234169K->194841K(699392K), 0.0124506 secs] [Times: user=0.17 sys=0.00, real=0.02 secs] 
2016-09-24T00:47:24.460-0400: 201.747: [GC (GCLocker Initiated GC) [PSYoungGen: 145455K->73868K(175104K)] 285009K->268396K(699392K), 0.0128338 secs] [Times: user=0.20 sys=0.00, real=0.01 secs] 
2016-09-24T00:47:24.606-0400: 201.892: [GC (GCLocker Initiated GC) [PSYoungGen: 161932K->67629K(175104K)] 362605K->287022K(699392K), 0.0102869 secs] [Times: user=0.11 sys=0.01, real=0.01 secs] 
2016-09-24T00:47:24.710-0400: 201.997: [GC (GCLocker Initiated GC) [PSYoungGen: 155693K->67665K(175104K)] 375134K->305590K(699392K), 0.0282889 secs] [Times: user=0.33 sys=0.01, real=0.03 secs] 
2016-09-24T00:47:24.883-0400: 202.169: [GC (GCLocker Initiated GC) [PSYoungGen: 155729K->42909K(175104K)] 399822K->378590K(699392K), 0.0157496 secs] [Times: user=0.18 sys=0.00, real=0.01 secs] 
2016-09-24T00:47:25.019-0400: 202.306: [GC (GCLocker Initiated GC) [PSYoungGen: 130973K->85658K(175104K)] 466691K->445795K(699392K), 0.0155171 secs] [Times: user=0.22 sys=0.00, real=0.02 secs] 
2016-09-24T00:47:25.128-0400: 202.414: [GC (GCLocker Initiated GC) [PSYoungGen: 173722K->85822K(175104K)] 534181K->470725K(699392K), 0.0119164 secs] [Times: user=0.20 sys=0.00, real=0.01 secs] 
2016-09-24T00:47:25.266-0400: 202.552: [GC (GCLocker Initiated GC) [PSYoungGen: 173886K->86018K(175104K)] 565073K->501797K(699392K), 0.0115929 secs] [Times: user=0.17 sys=0.00, real=0.01 secs] 
2016-09-24T00:47:25.412-0400: 202.699: [GC (GCLocker Initiated GC) [PSYoungGen: 174082K->73672K(175104K)] 596297K->532668K(699392K), 0.0119735 secs] [Times: user=0.17 sys=0.00, real=0.02 secs] 
2016-09-24T00:47:25.424-0400: 202.711: [Full GC (Ergonomics) [PSYoungGen: 73672K->0K(175104K)] [ParOldGen: 458996K->59687K(524288K)] 532668K->59687K(699392K), [Metaspace: 44537K->44537K(1087488K)], 0.0621705 secs] [Times: user=0.51 sys=0.00, real=0.06 secs] 
2016-09-24T00:47:25.612-0400: 202.899: [GC (Allocation Failure) [PSYoungGen: 88064K->86018K(175104K)] 153979K->176234K(699392K), 0.0114801 secs] [Times: user=0.18 sys=0.00, real=0.02 secs] 
2016-09-24T00:47:25.752-0400: 203.038: [GC (GCLocker Initiated GC) [PSYoungGen: 174082K->49308K(175104K)] 264303K->231282K(699392K), 0.0164386 secs] [Times: user=0.22 sys=0.01, real=0.02 secs] 
2016-09-24T00:47:25.896-0400: 203.183: [GC (GCLocker Initiated GC) [PSYoungGen: 137372K->85822K(175104K)] 319409K->292311K(699392K), 0.0116602 secs] [Times: user=0.17 sys=0.00, real=0.01 secs] 
2016-09-24T00:47:26.029-0400: 203.315: [GC (Allocation Failure) [PSYoungGen: 173886K->79583K(175104K)] 380836K->323291K(699392K), 0.0110783 secs] [Times: user=0.18 sys=0.00, real=0.01 secs] 
2016-09-24T00:47:26.125-0400: 203.411: [GC (GCLocker Initiated GC) [PSYoungGen: 167053K->85854K(175104K)] 416836K->378298K(699392K), 0.0124375 secs] [Times: user=0.20 sys=0.00, real=0.01 secs] 
2016-09-24T00:47:26.256-0400: 203.542: [GC (GCLocker Initiated GC) [PSYoungGen: 173918K->85986K(175104K)] 472580K->409091K(699392K), 0.0117178 secs] [Times: user=0.18 sys=0.01, real=0.01 secs] 
2016-09-24T00:47:26.408-0400: 203.694: [GC (GCLocker Initiated GC) [PSYoungGen: 174050K->49600K(175104K)] 509660K->409770K(699392K), 0.0093798 secs] [Times: user=0.10 sys=0.00, real=0.01 secs] 
2016-09-24T00:47:26.557-0400: 203.843: [GC (GCLocker Initiated GC) [PSYoungGen: 137664K->30827K(175104K)] 497935K->409411K(699392K), 0.0114545 secs] [Times: user=0.08 sys=0.00, real=0.01 secs] 
2016-09-24T00:47:26.679-0400: 203.966: [GC (GCLocker Initiated GC) [PSYoungGen: 118891K->85982K(175104K)] 497712K->501333K(699392K), 0.0323885 secs] [Times: user=0.33 sys=0.00, real=0.03 secs] 
2016-09-24T00:47:26.845-0400: 204.132: [GC (GCLocker Initiated GC) [PSYoungGen: 174046K->86050K(175104K)] 589764K->544700K(699392K), 0.0126291 secs] [Times: user=0.20 sys=0.00, real=0.01 secs] 
2016-09-24T00:47:26.858-0400: 204.145: [Full GC (Ergonomics) [PSYoungGen: 86050K->0K(175104K)] [ParOldGen: 458650K->60112K(524288K)] 544700K->60112K(699392K), [Metaspace: 44537K->44537K(1087488K)], 0.0512171 secs] [Times: user=0.50 sys=0.00, real=0.05 secs] 
2016-09-24T00:47:27.013-0400: 204.299: [GC (GCLocker Initiated GC) [PSYoungGen: 88064K->85726K(175104K)] 155015K->158752K(699392K), 0.0101283 secs] [Times: user=0.14 sys=0.00, real=0.02 secs] 
2016-09-24T00:47:27.131-0400: 204.418: [GC (GCLocker Initiated GC) [PSYoungGen: 173790K->55643K(175104K)] 259159K->196166K(699392K), 0.0118087 secs] [Times: user=0.18 sys=0.01, real=0.02 secs] 
2016-09-24T00:47:27.260-0400: 204.546: [GC (GCLocker Initiated GC) [PSYoungGen: 143707K->55874K(175104K)] 290611K->221123K(699392K), 0.0109376 secs] [Times: user=0.16 sys=0.00, real=0.01 secs] 
2016-09-24T00:47:27.387-0400: 204.674: [GC (GCLocker Initiated GC) [PSYoungGen: 143938K->55383K(175104K)] 315444K->245412K(699392K), 0.0097583 secs] [Times: user=0.14 sys=0.00, real=0.01 secs] 
2016-09-24T00:47:27.502-0400: 204.788: [GC (GCLocker Initiated GC) [PSYoungGen: 143447K->73676K(175104K)] 339851K->270167K(699392K), 0.0085332 secs] [Times: user=0.05 sys=0.01, real=0.01 secs] 
2016-09-24T00:47:27.653-0400: 204.939: [GC (GCLocker Initiated GC) [PSYoungGen: 161740K->49148K(175104K)] 364511K->270411K(699392K), 0.0511171 secs] [Times: user=0.48 sys=0.01, real=0.06 secs] 
2016-09-24T00:47:27.808-0400: 205.094: [GC (GCLocker Initiated GC) [PSYoungGen: 137212K->55451K(175104K)] 364911K->319696K(699392K), 0.0269421 secs] [Times: user=0.28 sys=0.01, real=0.03 secs] 
2016-09-24T00:47:27.969-0400: 205.255: [GC (GCLocker Initiated GC) [PSYoungGen: 143515K->55547K(175104K)] 414106K->344646K(699392K), 0.0114161 secs] [Times: user=0.16 sys=0.00, real=0.01 secs] 
2016-09-24T00:47:28.093-0400: 205.379: [GC (GCLocker Initiated GC) [PSYoungGen: 143611K->85922K(175104K)] 432763K->411668K(699392K), 0.0114041 secs] [Times: user=0.14 sys=0.00, real=0.02 secs] 
2016-09-24T00:47:28.231-0400: 205.518: [GC (GCLocker Initiated GC) [PSYoungGen: 173986K->49308K(175104K)] 506028K->430266K(699392K), 0.0118795 secs] [Times: user=0.15 sys=0.00, real=0.02 secs] 
2016-09-24T00:47:28.354-0400: 205.640: [GC (GCLocker Initiated GC) [PSYoungGen: 137372K->73804K(175104K)] 518332K->479363K(699392K), 0.0104093 secs] [Times: user=0.16 sys=0.00, real=0.02 secs] 
2016-09-24T00:47:28.498-0400: 205.785: [GC (GCLocker Initiated GC) [PSYoungGen: 161868K->55647K(175104K)] 573858K->504566K(699392K), 0.0108915 secs] [Times: user=0.14 sys=0.01, real=0.01 secs] 
2016-09-24T00:47:28.640-0400: 205.926: [GC (GCLocker Initiated GC) [PSYoungGen: 143711K->55515K(175104K)] 599038K->529163K(699392K), 0.0115864 secs] [Times: user=0.12 sys=0.00, real=0.01 secs] 
2016-09-24T00:47:28.652-0400: 205.938: [Full GC (Ergonomics) [PSYoungGen: 55515K->0K(175104K)] [ParOldGen: 473648K->54014K(524288K)] 529163K->54014K(699392K), [Metaspace: 44545K->44545K(1087488K)], 0.0538962 secs] [Times: user=0.31 sys=0.00, real=0.06 secs] 
2016-09-24T00:47:28.818-0400: 206.104: [GC (Allocation Failure) [PSYoungGen: 88064K->79619K(175104K)] 148239K->139795K(699392K), 0.0098695 secs] [Times: user=0.06 sys=0.01, real=0.01 secs] 
2016-09-24T00:47:28.923-0400: 206.210: [GC (GCLocker Initiated GC) [PSYoungGen: 167683K->67565K(175104K)] 227864K->194895K(699392K), 0.0118508 secs] [Times: user=0.14 sys=0.00, real=0.01 secs] 
2016-09-24T00:47:29.047-0400: 206.334: [GC (GCLocker Initiated GC) [PSYoungGen: 155629K->61362K(175104K)] 283107K->225557K(699392K), 0.0099186 secs] [Times: user=0.10 sys=0.00, real=0.01 secs] 
2016-09-24T00:47:29.174-0400: 206.461: [GC (Allocation Failure) [PSYoungGen: 149426K->43205K(175104K)] 320002K->250506K(699392K), 0.0134050 secs] [Times: user=0.14 sys=0.00, real=0.01 secs] 
2016-09-24T00:47:29.301-0400: 206.588: [GC (Allocation Failure) [PSYoungGen: 131269K->79683K(175104K)] 338570K->305517K(699392K), 0.0106606 secs] [Times: user=0.12 sys=0.00, real=0.01 secs] 
2016-09-24T00:47:29.440-0400: 206.726: [GC (GCLocker Initiated GC) [PSYoungGen: 162541K->74228K(175104K)] 394450K->324661K(699392K), 0.0110575 secs] [Times: user=0.16 sys=0.00, real=0.01 secs] 
2016-09-24T00:47:29.584-0400: 206.870: [GC (GCLocker Initiated GC) [PSYoungGen: 162292K->73608K(175104K)] 418870K->330633K(699392K), 0.0092271 secs] [Times: user=0.13 sys=0.00, real=0.00 secs] 
2016-09-24T00:47:29.690-0400: 206.976: [GC (GCLocker Initiated GC) [PSYoungGen: 161672K->55415K(175104K)] 424904K->379548K(699392K), 0.0114233 secs] [Times: user=0.18 sys=0.00, real=0.01 secs] 
2016-09-24T00:47:29.820-0400: 207.106: [GC (GCLocker Initiated GC) [PSYoungGen: 143477K->86018K(175104K)] 467972K->435144K(699392K), 0.0115808 secs] [Times: user=0.19 sys=0.00, real=0.01 secs] 
2016-09-24T00:47:29.932-0400: 207.218: [GC (GCLocker Initiated GC) [PSYoungGen: 174082K->73672K(175104K)] 523568K->423622K(699392K), 0.0109974 secs] [Times: user=0.15 sys=0.00, real=0.02 secs] 
2016-09-24T00:47:30.061-0400: 207.347: [GC (GCLocker Initiated GC) [PSYoungGen: 161736K->73640K(175104K)] 512007K->478918K(699392K), 0.0133308 secs] [Times: user=0.21 sys=0.00, real=0.01 secs] 
2016-09-24T00:47:30.193-0400: 207.479: [GC (GCLocker Initiated GC) [PSYoungGen: 161704K->85694K(175104K)] 567030K->521708K(699392K), 0.0114941 secs] [Times: user=0.18 sys=0.00, real=0.02 secs] 
2016-09-24T00:47:30.302-0400: 207.589: [GC (GCLocker Initiated GC) [PSYoungGen: 173758K->49276K(175104K)] 615851K->558509K(699392K), 0.0120902 secs] [Times: user=0.21 sys=0.00, real=0.01 secs] 
2016-09-24T00:47:30.314-0400: 207.601: [Full GC (Ergonomics) [PSYoungGen: 49276K->0K(175104K)] [ParOldGen: 509233K->47848K(524288K)] 558509K->47848K(699392K), [Metaspace: 44545K->44545K(1087488K)], 0.0483819 secs] [Times: user=0.44 sys=0.00, real=0.05 secs] 
2016-09-24T00:47:30.475-0400: 207.762: [GC (GCLocker Initiated GC) [PSYoungGen: 88064K->86046K(175104K)] 142537K->146594K(699392K), 0.0104738 secs] [Times: user=0.16 sys=0.00, real=0.01 secs] 
2016-09-24T00:47:30.609-0400: 207.896: [GC (GCLocker Initiated GC) [PSYoungGen: 174110K->67369K(175104K)] 234695K->165115K(699392K), 0.0191834 secs] [Times: user=0.26 sys=0.00, real=0.02 secs] 
2016-09-24T00:47:30.739-0400: 208.025: [GC (GCLocker Initiated GC) [PSYoungGen: 155433K->73672K(175104K)] 259402K->226384K(699392K), 0.0117473 secs] [Times: user=0.18 sys=0.00, real=0.01 secs] 
2016-09-24T00:47:30.870-0400: 208.157: [GC (GCLocker Initiated GC) [PSYoungGen: 161736K->85986K(175104K)] 314765K->263622K(699392K), 0.0124731 secs] [Times: user=0.18 sys=0.00, real=0.02 secs] 
2016-09-24T00:47:31.012-0400: 208.299: [GC (GCLocker Initiated GC) [PSYoungGen: 174050K->73968K(175104K)] 357920K->276362K(699392K), 0.0189010 secs] [Times: user=0.24 sys=0.00, real=0.02 secs] 
2016-09-24T00:47:31.161-0400: 208.448: [GC (GCLocker Initiated GC) [PSYoungGen: 162032K->67797K(175104K)] 364602K->270659K(699392K), 0.0095512 secs] [Times: user=0.11 sys=0.00, real=0.01 secs] 
2016-09-24T00:47:31.311-0400: 208.598: [GC (GCLocker Initiated GC) [PSYoungGen: 155861K->55351K(175104K)] 364985K->313211K(699392K), 0.0158407 secs] [Times: user=0.19 sys=0.01, real=0.02 secs] 
2016-09-24T00:47:31.471-0400: 208.757: [GC (GCLocker Initiated GC) [PSYoungGen: 143415K->67501K(175104K)] 407442K->331827K(699392K), 0.0125073 secs] [Times: user=0.16 sys=0.00, real=0.02 secs] 
2016-09-24T00:47:31.574-0400: 208.860: [GC (GCLocker Initiated GC) [PSYoungGen: 155565K->85954K(175104K)] 420006K->381070K(699392K), 0.0154094 secs] [Times: user=0.16 sys=0.00, real=0.02 secs] 
2016-09-24T00:47:31.694-0400: 208.981: [GC (GCLocker Initiated GC) [PSYoungGen: 174018K->30859K(175104K)] 481633K->381243K(699392K), 0.0183442 secs] [Times: user=0.17 sys=0.00, real=0.01 secs] 
2016-09-24T00:47:31.844-0400: 209.130: [GC (GCLocker Initiated GC) [PSYoungGen: 118923K->55711K(175104K)] 481791K->418863K(699392K), 0.0071350 secs] [Times: user=0.10 sys=0.01, real=0.00 secs] 
2016-09-24T00:47:32.005-0400: 209.291: [GC (GCLocker Initiated GC) [PSYoungGen: 143775K->67337K(175104K)] 513043K->454966K(699392K), 0.0128307 secs] [Times: user=0.14 sys=0.00, real=0.01 secs] 
2016-09-24T00:47:32.111-0400: 209.398: [GC (GCLocker Initiated GC) [PSYoungGen: 155401K->79943K(175104K)] 543245K->504372K(699392K), 0.0109119 secs] [Times: user=0.15 sys=0.00, real=0.02 secs] 
2016-09-24T00:47:32.252-0400: 209.538: [GC (GCLocker Initiated GC) [PSYoungGen: 168007K->67533K(175104K)] 592652K->547129K(699392K), 0.0152973 secs] [Times: user=0.16 sys=0.01, real=0.02 secs] 
2016-09-24T00:47:32.267-0400: 209.553: [Full GC (Ergonomics) [PSYoungGen: 67533K->0K(175104K)] [ParOldGen: 479596K->53982K(524288K)] 547129K->53982K(699392K), [Metaspace: 44545K->44545K(1087488K)], 0.0572251 secs] [Times: user=0.46 sys=0.00, real=0.06 secs] 
2016-09-24T00:47:32.448-0400: 209.735: [GC (GCLocker Initiated GC) [PSYoungGen: 88064K->74224K(175104K)] 160531K->146691K(699392K), 0.0142340 secs] [Times: user=0.18 sys=0.00, real=0.02 secs] 
2016-09-24T00:47:32.608-0400: 209.894: [GC (GCLocker Initiated GC) [PSYoungGen: 162288K->55383K(175104K)] 240980K->171588K(699392K), 0.0083956 secs] [Times: user=0.11 sys=0.00, real=0.01 secs] 
2016-09-24T00:47:32.729-0400: 210.016: [GC (GCLocker Initiated GC) [PSYoungGen: 143447K->73740K(175104K)] 265897K->196482K(699392K), 0.0082367 secs] [Times: user=0.09 sys=0.00, real=0.01 secs] 
2016-09-24T00:47:32.893-0400: 210.180: [GC (GCLocker Initiated GC) [PSYoungGen: 161804K->30919K(175104K)] 290651K->196671K(699392K), 0.0204881 secs] [Times: user=0.20 sys=0.00, real=0.02 secs] 
2016-09-24T00:47:33.042-0400: 210.328: [GC (Allocation Failure) [PSYoungGen: 118983K->67697K(175104K)] 290902K->264028K(699392K), 0.0212311 secs] [Times: user=0.22 sys=0.00, real=0.03 secs] 
2016-09-24T00:47:33.189-0400: 210.475: [GC (GCLocker Initiated GC) [PSYoungGen: 155761K->49180K(175104K)] 352097K->300483K(699392K), 0.0104686 secs] [Times: user=0.10 sys=0.00, real=0.01 secs] 
2016-09-24T00:47:33.304-0400: 210.591: [GC (GCLocker Initiated GC) [PSYoungGen: 137244K->55415K(175104K)] 400974K->319421K(699392K), 0.0124578 secs] [Times: user=0.14 sys=0.00, real=0.01 secs] 
2016-09-24T00:47:33.445-0400: 210.732: [GC (Allocation Failure) [PSYoungGen: 143479K->79683K(175104K)] 407628K->362364K(699392K), 0.0113150 secs] [Times: user=0.13 sys=0.01, real=0.01 secs] 
2016-09-24T00:47:33.585-0400: 210.872: [GC (GCLocker Initiated GC) [PSYoungGen: 167747K->55351K(175104K)] 450434K->374747K(699392K), 0.0221698 secs] [Times: user=0.24 sys=0.00, real=0.02 secs] 
2016-09-24T00:47:33.725-0400: 211.011: [GC (GCLocker Initiated GC) [PSYoungGen: 143415K->25271K(175104K)] 475423K->393989K(699392K), 0.0228898 secs] [Times: user=0.20 sys=0.00, real=0.02 secs] 
2016-09-24T00:47:33.867-0400: 211.154: [GC (GCLocker Initiated GC) [PSYoungGen: 113335K->61298K(175104K)] 482223K->430289K(699392K), 0.0174986 secs] [Times: user=0.15 sys=0.00, real=0.02 secs] 
2016-09-24T00:47:34.028-0400: 211.314: [GC (GCLocker Initiated GC) [PSYoungGen: 149362K->36802K(175104K)] 518792K->424545K(699392K), 0.0346089 secs] [Times: user=0.40 sys=0.00, real=0.04 secs] 
2016-09-24T00:47:34.191-0400: 211.477: [GC (GCLocker Initiated GC) [PSYoungGen: 124866K->55287K(175104K)] 524906K->455415K(699392K), 0.0107800 secs] [Times: user=0.12 sys=0.01, real=0.01 secs] 
2016-09-24T00:47:34.313-0400: 211.599: [GC (GCLocker Initiated GC) [PSYoungGen: 143351K->67405K(175104K)] 543834K->504622K(699392K), 0.0262682 secs] [Times: user=0.31 sys=0.01, real=0.03 secs] 
2016-09-24T00:47:34.455-0400: 211.742: [GC (GCLocker Initiated GC) [PSYoungGen: 155469K->49280K(175104K)] 592997K->505089K(699392K), 0.0113577 secs] [Times: user=0.06 sys=0.00, real=0.01 secs] 
2016-09-24T00:47:34.584-0400: 211.871: [Full GC (Ergonomics) [PSYoungGen: 137344K->0K(175104K)] [ParOldGen: 461998K->48266K(524288K)] 599342K->48266K(699392K), [Metaspace: 44548K->44548K(1087488K)], 0.0637288 secs] [Times: user=0.40 sys=0.01, real=0.06 secs] 
2016-09-24T00:47:34.736-0400: 212.022: [GC (GCLocker Initiated GC) [PSYoungGen: 88064K->86274K(175104K)] 136394K->140679K(699392K), 0.0119377 secs] [Times: user=0.18 sys=0.00, real=0.01 secs] 
2016-09-24T00:47:34.864-0400: 212.150: [GC (GCLocker Initiated GC) [PSYoungGen: 174338K->86018K(175104K)] 228992K->165707K(699392K), 0.0142512 secs] [Times: user=0.18 sys=0.00, real=0.01 secs] 
2016-09-24T00:47:35.008-0400: 212.295: [GC (GCLocker Initiated GC) [PSYoungGen: 174082K->85658K(175104K)] 253818K->184075K(699392K), 0.0110175 secs] [Times: user=0.15 sys=0.00, real=0.01 secs] 
2016-09-24T00:47:35.124-0400: 212.410: [GC (GCLocker Initiated GC) [PSYoungGen: 173722K->86018K(175104K)] 278284K->239324K(699392K), 0.0116555 secs] [Times: user=0.16 sys=0.01, real=0.01 secs] 
2016-09-24T00:47:35.264-0400: 212.550: [GC (GCLocker Initiated GC) [PSYoungGen: 174082K->73544K(175104K)] 327609K->300442K(699392K), 0.0204634 secs] [Times: user=0.23 sys=0.01, real=0.02 secs] 
2016-09-24T00:47:35.412-0400: 212.698: [GC (GCLocker Initiated GC) [PSYoungGen: 161608K->61558K(175104K)] 394858K->325443K(699392K), 0.0156831 secs] [Times: user=0.16 sys=0.00, real=0.02 secs] 
2016-09-24T00:47:35.567-0400: 212.853: [GC (Allocation Failure) [PSYoungGen: 149622K->79423K(175104K)] 413577K->362058K(699392K), 0.0153944 secs] [Times: user=0.18 sys=0.00, real=0.01 secs] 
2016-09-24T00:47:35.693-0400: 212.979: [GC (GCLocker Initiated GC) [PSYoungGen: 167487K->67337K(175104K)] 450122K->386566K(699392K), 0.0115416 secs] [Times: user=0.11 sys=0.00, real=0.02 secs] 
2016-09-24T00:47:35.814-0400: 213.100: [GC (GCLocker Initiated GC) [PSYoungGen: 155401K->79815K(175104K)] 474778K->417528K(699392K), 0.0103772 secs] [Times: user=0.11 sys=0.01, real=0.02 secs] 
2016-09-24T00:47:35.913-0400: 213.200: [GC (GCLocker Initiated GC) [PSYoungGen: 167879K->61326K(175104K)] 505634K->441914K(699392K), 0.0105586 secs] [Times: user=0.15 sys=0.00, real=0.02 secs] 
2016-09-24T00:47:36.046-0400: 213.332: [GC (GCLocker Initiated GC) [PSYoungGen: 149390K->86086K(175104K)] 530026K->515433K(699392K), 0.0131538 secs] [Times: user=0.13 sys=0.00, real=0.01 secs] 
2016-09-24T00:47:36.214-0400: 213.501: [GC (GCLocker Initiated GC) [PSYoungGen: 174150K->73640K(175104K)] 609620K->545860K(699392K), 0.0212099 secs] [Times: user=0.28 sys=0.01, real=0.02 secs] 
2016-09-24T00:47:36.235-0400: 213.522: [Full GC (Ergonomics) [PSYoungGen: 73640K->0K(175104K)] [ParOldGen: 472219K->54279K(524288K)] 545860K->54279K(699392K), [Metaspace: 44548K->44548K(1087488K)], 0.0549495 secs] [Times: user=0.42 sys=0.00, real=0.05 secs] 
2016-09-24T00:47:36.413-0400: 213.699: [GC (GCLocker Initiated GC) [PSYoungGen: 88064K->86662K(175104K)] 154664K->171487K(699392K), 0.0106868 secs] [Times: user=0.17 sys=0.00, real=0.02 secs] 
2016-09-24T00:47:36.540-0400: 213.826: [GC (GCLocker Initiated GC) [PSYoungGen: 174726K->73412K(175104K)] 259553K->213882K(699392K), 0.0113726 secs] [Times: user=0.12 sys=0.00, real=0.01 secs] 
2016-09-24T00:47:36.686-0400: 213.972: [GC (GCLocker Initiated GC) [PSYoungGen: 161476K->73412K(175104K)] 301988K->238336K(699392K), 0.0105453 secs] [Times: user=0.06 sys=0.00, real=0.01 secs] 
2016-09-24T00:47:36.794-0400: 214.081: [GC (Allocation Failure) [PSYoungGen: 161476K->61202K(175104K)] 326615K->262879K(699392K), 0.0210591 secs] [Times: user=0.14 sys=0.00, real=0.02 secs] 
2016-09-24T00:47:36.919-0400: 214.205: [GC (GCLocker Initiated GC) [PSYoungGen: 149266K->49116K(175104K)] 350948K->293591K(699392K), 0.0215531 secs] [Times: user=0.20 sys=0.00, real=0.02 secs] 
2016-09-24T00:47:37.066-0400: 214.352: [GC (GCLocker Initiated GC) [PSYoungGen: 137180K->55351K(175104K)] 387874K->324694K(699392K), 0.0121167 secs] [Times: user=0.13 sys=0.01, real=0.01 secs] 
2016-09-24T00:47:37.210-0400: 214.496: [GC (GCLocker Initiated GC) [PSYoungGen: 143415K->55287K(175104K)] 425016K->336976K(699392K), 0.0062697 secs] [Times: user=0.04 sys=0.01, real=0.01 secs] 
2016-09-24T00:47:37.322-0400: 214.608: [GC (GCLocker Initiated GC) [PSYoungGen: 143351K->61298K(175104K)] 425088K->361371K(699392K), 0.0099598 secs] [Times: user=0.08 sys=0.01, real=0.01 secs] 
2016-09-24T00:47:37.457-0400: 214.743: [GC (Allocation Failure) [PSYoungGen: 149362K->67729K(175104K)] 449790K->404883K(699392K), 0.0115152 secs] [Times: user=0.09 sys=0.00, real=0.01 secs] 
2016-09-24T00:47:37.602-0400: 214.888: [GC (GCLocker Initiated GC) [PSYoungGen: 150037K->36902K(175104K)] 493267K->404738K(699392K), 0.0311594 secs] [Times: user=0.34 sys=0.01, real=0.03 secs] 
2016-09-24T00:47:37.726-0400: 215.013: [GC (GCLocker Initiated GC) [PSYoungGen: 124966K->73704K(175104K)] 492844K->490334K(699392K), 0.0103244 secs] [Times: user=0.14 sys=0.00, real=0.01 secs] 
2016-09-24T00:47:37.844-0400: 215.130: [GC (Allocation Failure) [PSYoungGen: 161768K->49571K(175104K)] 584806K->509367K(699392K), 0.0122073 secs] [Times: user=0.14 sys=0.00, real=0.01 secs] 
2016-09-24T00:47:37.856-0400: 215.143: [Full GC (Ergonomics) [PSYoungGen: 49571K->0K(175104K)] [ParOldGen: 459795K->54518K(524288K)] 509367K->54518K(699392K), [Metaspace: 44558K->44558K(1087488K)], 0.0546925 secs] [Times: user=0.34 sys=0.01, real=0.05 secs] 
2016-09-24T00:47:38.017-0400: 215.304: [GC (GCLocker Initiated GC) [PSYoungGen: 88058K->86082K(175104K)] 142582K->152756K(699392K), 0.0172636 secs] [Times: user=0.19 sys=0.00, real=0.02 secs] 
2016-09-24T00:47:38.145-0400: 215.431: [GC (GCLocker Initiated GC) [PSYoungGen: 174146K->55547K(175104K)] 247083K->177629K(699392K), 0.0301181 secs] [Times: user=0.35 sys=0.01, real=0.03 secs] 
2016-09-24T00:47:38.307-0400: 215.593: [GC (GCLocker Initiated GC) [PSYoungGen: 143611K->55287K(175104K)] 277956K->232449K(699392K), 0.0318851 secs] [Times: user=0.37 sys=0.00, real=0.03 secs] 
2016-09-24T00:47:38.470-0400: 215.756: [GC (Allocation Failure) [PSYoungGen: 143351K->55223K(175104K)] 320869K->233016K(699392K), 0.0242337 secs] [Times: user=0.26 sys=0.00, real=0.02 secs] 
2016-09-24T00:47:38.644-0400: 215.931: [GC (GCLocker Initiated GC) [PSYoungGen: 142088K->73508K(175104K)] 325956K->275861K(699392K), 0.0097174 secs] [Times: user=0.12 sys=0.00, real=0.00 secs] 
2016-09-24T00:47:38.758-0400: 216.044: [GC (GCLocker Initiated GC) [PSYoungGen: 161572K->67633K(175104K)] 364123K->270327K(699392K), 0.0117853 secs] [Times: user=0.12 sys=0.00, real=0.01 secs] 
2016-09-24T00:47:38.888-0400: 216.175: [GC (GCLocker Initiated GC) [PSYoungGen: 155697K->49340K(175104K)] 364603K->294996K(699392K), 0.0091447 secs] [Times: user=0.10 sys=0.00, real=0.01 secs] 
2016-09-24T00:47:39.020-0400: 216.306: [GC (Allocation Failure) [PSYoungGen: 137404K->85954K(175104K)] 383252K->362289K(699392K), 0.0134080 secs] [Times: user=0.14 sys=0.00, real=0.01 secs] 
2016-09-24T00:47:39.173-0400: 216.459: [GC (GCLocker Initiated GC) [PSYoungGen: 169413K->36866K(175104K)] 451823K->337956K(699392K), 0.0096291 secs] [Times: user=0.10 sys=0.00, real=0.02 secs] 
2016-09-24T00:47:39.293-0400: 216.580: [GC (GCLocker Initiated GC) [PSYoungGen: 124930K->73640K(175104K)] 432215K->381060K(699392K), 0.0098541 secs] [Times: user=0.13 sys=0.00, real=0.02 secs] 
2016-09-24T00:47:39.429-0400: 216.715: [GC (GCLocker Initiated GC) [PSYoungGen: 161704K->61298K(175104K)] 469178K->387256K(699392K), 0.0095015 secs] [Times: user=0.10 sys=0.00, real=0.01 secs] 
2016-09-24T00:47:39.538-0400: 216.824: [GC (GCLocker Initiated GC) [PSYoungGen: 149362K->73672K(175104K)] 475609K->454901K(699392K), 0.0204345 secs] [Times: user=0.22 sys=0.01, real=0.02 secs] 
2016-09-24T00:47:39.697-0400: 216.983: [GC (GCLocker Initiated GC) [PSYoungGen: 161736K->37094K(175104K)] 549312K->461255K(699392K), 0.0076691 secs] [Times: user=0.10 sys=0.00, real=0.01 secs] 
2016-09-24T00:47:39.860-0400: 217.146: [GC (GCLocker Initiated GC) [PSYoungGen: 125158K->37130K(175104K)] 561740K->473808K(699392K), 0.0189278 secs] [Times: user=0.21 sys=0.00, real=0.02 secs] 
2016-09-24T00:47:39.996-0400: 217.283: [GC (GCLocker Initiated GC) [PSYoungGen: 125194K->61330K(175104K)] 561998K->498401K(699392K), 0.0166995 secs] [Times: user=0.17 sys=0.00, real=0.01 secs] 
2016-09-24T00:47:40.135-0400: 217.421: [GC (GCLocker Initiated GC) [PSYoungGen: 149394K->49539K(175104K)] 592785K->529508K(699392K), 0.0085794 secs] [Times: user=0.09 sys=0.00, real=0.01 secs] 
2016-09-24T00:47:40.144-0400: 217.430: [Full GC (Ergonomics) [PSYoungGen: 49539K->0K(175104K)] [ParOldGen: 479968K->55095K(524288K)] 529508K->55095K(699392K), [Metaspace: 44558K->44558K(1087488K)], 0.0559805 secs] [Times: user=0.31 sys=0.01, real=0.05 secs] 
2016-09-24T00:47:40.295-0400: 217.582: [GC (GCLocker Initiated GC) [PSYoungGen: 88064K->55355K(175104K)] 143295K->110586K(699392K), 0.0140828 secs] [Times: user=0.14 sys=0.00, real=0.01 secs] 
2016-09-24T00:47:40.410-0400: 217.697: [GC (GCLocker Initiated GC) [PSYoungGen: 143419K->61166K(175104K)] 198709K->165456K(699392K), 0.0173812 secs] [Times: user=0.14 sys=0.00, real=0.02 secs] 
2016-09-24T00:47:40.536-0400: 217.822: [GC (GCLocker Initiated GC) [PSYoungGen: 149230K->80075K(175104K)] 253831K->221277K(699392K), 0.0186995 secs] [Times: user=0.23 sys=0.00, real=0.02 secs] 
2016-09-24T00:47:40.686-0400: 217.972: [GC (GCLocker Initiated GC) [PSYoungGen: 168139K->49144K(175104K)] 315520K->257731K(699392K), 0.0100182 secs] [Times: user=0.10 sys=0.00, real=0.01 secs] 
2016-09-24T00:47:40.851-0400: 218.137: [GC (GCLocker Initiated GC) [PSYoungGen: 137208K->55319K(175104K)] 352046K->270284K(699392K), 0.0072647 secs] [Times: user=0.07 sys=0.00, real=0.01 secs] 
2016-09-24T00:47:41.004-0400: 218.290: [GC (GCLocker Initiated GC) [PSYoungGen: 143383K->48888K(175104K)] 358385K->264118K(699392K), 0.0183595 secs] [Times: user=0.15 sys=0.00, real=0.01 secs] 
2016-09-24T00:47:41.137-0400: 218.423: [GC (Allocation Failure) [PSYoungGen: 136952K->67241K(175104K)] 358589K->331531K(699392K), 0.0213120 secs] [Times: user=0.17 sys=0.00, real=0.02 secs] 
2016-09-24T00:47:41.264-0400: 218.550: [GC (GCLocker Initiated GC) [PSYoungGen: 155305K->49180K(175104K)] 419597K->331784K(699392K), 0.0138881 secs] [Times: user=0.11 sys=0.00, real=0.01 secs] 
2016-09-24T00:47:41.402-0400: 218.688: [GC (GCLocker Initiated GC) [PSYoungGen: 137244K->61394K(149504K)] 426155K->387022K(673792K), 0.0269345 secs] [Times: user=0.25 sys=0.00, real=0.03 secs] 
2016-09-24T00:47:41.528-0400: 218.814: [GC (GCLocker Initiated GC) [PSYoungGen: 149458K->85986K(173056K)] 481473K->448519K(697344K), 0.0117011 secs] [Times: user=0.14 sys=0.00, real=0.01 secs] 
2016-09-24T00:47:41.655-0400: 218.941: [GC (GCLocker Initiated GC) [PSYoungGen: 173026K->55351K(174080K)] 541727K->461121K(698368K), 0.0157556 secs] [Times: user=0.13 sys=0.00, real=0.01 secs] 
2016-09-24T00:47:41.791-0400: 219.077: [GC (Allocation Failure) [PSYoungGen: 142391K->55187K(175104K)] 548489K->504101K(699392K), 0.0138988 secs] [Times: user=0.12 sys=0.01, real=0.02 secs] 
2016-09-24T00:47:41.901-0400: 219.187: [GC (GCLocker Initiated GC) [PSYoungGen: 143251K->79719K(175104K)] 592171K->528750K(699392K), 0.0304903 secs] [Times: user=0.32 sys=0.00, real=0.03 secs] 
2016-09-24T00:47:42.078-0400: 219.365: [GC (GCLocker Initiated GC) [PSYoungGen: 167783K->48952K(175104K)] 616856K->516502K(699392K), 0.0135666 secs] [Times: user=0.11 sys=0.00, real=0.01 secs] 
2016-09-24T00:47:42.092-0400: 219.378: [Full GC (Ergonomics) [PSYoungGen: 48952K->0K(175104K)] [ParOldGen: 467550K->42610K(524288K)] 516502K->42610K(699392K), [Metaspace: 44558K->44558K(1087488K)], 0.0579431 secs] [Times: user=0.42 sys=0.02, real=0.06 secs] 
2016-09-24T00:47:42.238-0400: 219.524: [GC (GCLocker Initiated GC) [PSYoungGen: 88064K->86274K(175104K)] 130710K->171445K(699392K), 0.0121653 secs] [Times: user=0.16 sys=0.00, real=0.01 secs] 
2016-09-24T00:47:42.350-0400: 219.637: [GC (GCLocker Initiated GC) [PSYoungGen: 174338K->67853K(175104K)] 259680K->208605K(699392K), 0.0116883 secs] [Times: user=0.14 sys=0.00, real=0.01 secs] 
2016-09-24T00:47:42.476-0400: 219.763: [GC (GCLocker Initiated GC) [PSYoungGen: 155917K->67273K(175104K)] 296925K->239155K(699392K), 0.0210145 secs] [Times: user=0.17 sys=0.01, real=0.02 secs] 
2016-09-24T00:47:42.647-0400: 219.933: [GC (Allocation Failure) [PSYoungGen: 155337K->85630K(175104K)] 333336K->263732K(699392K), 0.0119925 secs] [Times: user=0.10 sys=0.01, real=0.01 secs] 
2016-09-24T00:47:42.796-0400: 220.083: [GC (GCLocker Initiated GC) [PSYoungGen: 173694K->42877K(175104K)] 351802K->251612K(699392K), 0.0222614 secs] [Times: user=0.21 sys=0.00, real=0.02 secs] 
2016-09-24T00:47:42.926-0400: 220.213: [GC (GCLocker Initiated GC) [PSYoungGen: 130941K->73412K(175104K)] 339886K->282484K(699392K), 0.0197198 secs] [Times: user=0.22 sys=0.00, real=0.02 secs] 
2016-09-24T00:47:43.054-0400: 220.340: [GC (GCLocker Initiated GC) [PSYoungGen: 161476K->61198K(175104K)] 370803K->294929K(699392K), 0.0099131 secs] [Times: user=0.10 sys=0.00, real=0.02 secs] 
2016-09-24T00:47:43.149-0400: 220.435: [GC (GCLocker Initiated GC) [PSYoungGen: 149262K->85758K(175104K)] 389121K->337894K(699392K), 0.0100078 secs] [Times: user=0.08 sys=0.00, real=0.01 secs] 
2016-09-24T00:47:43.270-0400: 220.556: [GC (GCLocker Initiated GC) [PSYoungGen: 173822K->61885K(175104K)] 426280K->339067K(699392K), 0.0094981 secs] [Times: user=0.06 sys=0.01, real=0.01 secs] 
2016-09-24T00:47:43.396-0400: 220.683: [GC (Allocation Failure) [PSYoungGen: 149949K->79587K(175104K)] 427301K->357214K(699392K), 0.0223357 secs] [Times: user=0.26 sys=0.00, real=0.02 secs] 
2016-09-24T00:47:43.514-0400: 220.801: [GC (GCLocker Initiated GC) [PSYoungGen: 167651K->43201K(175104K)] 445284K->375604K(699392K), 0.0122634 secs] [Times: user=0.08 sys=0.01, real=0.01 secs] 
2016-09-24T00:47:43.638-0400: 220.925: [GC (GCLocker Initiated GC) [PSYoungGen: 131265K->86022K(175104K)] 469880K->424725K(699392K), 0.0231772 secs] [Times: user=0.26 sys=0.01, real=0.02 secs] 
2016-09-24T00:47:43.789-0400: 221.075: [GC (GCLocker Initiated GC) [PSYoungGen: 174086K->37062K(175104K)] 525283K->425000K(699392K), 0.0106704 secs] [Times: user=0.09 sys=0.01, real=0.01 secs] 
2016-09-24T00:47:43.914-0400: 221.200: [GC (GCLocker Initiated GC) [PSYoungGen: 125126K->79715K(175104K)] 525262K->480142K(699392K), 0.0185116 secs] [Times: user=0.24 sys=0.00, real=0.02 secs] 
2016-09-24T00:47:44.048-0400: 221.334: [GC (GCLocker Initiated GC) [PSYoungGen: 167779K->55483K(175104K)] 580393K->498583K(699392K), 0.0280780 secs] [Times: user=0.32 sys=0.00, real=0.03 secs] 
2016-09-24T00:47:44.232-0400: 221.519: [GC (GCLocker Initiated GC) [PSYoungGen: 143547K->55123K(175104K)] 592836K->522913K(699392K), 0.0086085 secs] [Times: user=0.08 sys=0.00, real=0.01 secs] 
2016-09-24T00:47:44.241-0400: 221.527: [Full GC (Ergonomics) [PSYoungGen: 55123K->0K(175104K)] [ParOldGen: 467790K->48784K(524288K)] 522913K->48784K(699392K), [Metaspace: 44558K->44558K(1087488K)], 0.0791870 secs] [Times: user=0.61 sys=0.01, real=0.08 secs] 
2016-09-24T00:47:44.418-0400: 221.705: [GC (GCLocker Initiated GC) [PSYoungGen: 88064K->86046K(175104K)] 136896K->207778K(699392K), 0.0139645 secs] [Times: user=0.19 sys=0.00, real=0.01 secs] 
2016-09-24T00:47:44.533-0400: 221.820: [GC (GCLocker Initiated GC) [PSYoungGen: 174110K->79747K(175104K)] 295967K->256843K(699392K), 0.0121993 secs] [Times: user=0.18 sys=0.00, real=0.02 secs] 
2016-09-24T00:47:44.688-0400: 221.975: [GC (Allocation Failure) [PSYoungGen: 167811K->55415K(175104K)] 351320K->275682K(699392K), 0.0166290 secs] [Times: user=0.25 sys=0.00, real=0.02 secs] 
2016-09-24T00:47:44.855-0400: 222.142: [GC (GCLocker Initiated GC) [PSYoungGen: 142505K->37190K(175104K)] 368848K->263824K(699392K), 0.0098325 secs] [Times: user=0.15 sys=0.00, real=0.01 secs] 
2016-09-24T00:47:44.993-0400: 222.279: [GC (GCLocker Initiated GC) [PSYoungGen: 125254K->55451K(175104K)] 358228K->288732K(699392K), 0.0098953 secs] [Times: user=0.08 sys=0.00, real=0.02 secs] 
2016-09-24T00:47:45.103-0400: 222.389: [GC (GCLocker Initiated GC) [PSYoungGen: 143515K->30923K(175104K)] 383105K->301148K(699392K), 0.0219907 secs] [Times: user=0.22 sys=0.00, real=0.02 secs] 
2016-09-24T00:47:45.235-0400: 222.521: [GC (GCLocker Initiated GC) [PSYoungGen: 118987K->61266K(175104K)] 389837K->332376K(699392K), 0.0186833 secs] [Times: user=0.18 sys=0.00, real=0.01 secs] 
2016-09-24T00:47:45.355-0400: 222.641: [GC (GCLocker Initiated GC) [PSYoungGen: 149330K->73576K(175104K)] 420499K->363261K(699392K), 0.0175160 secs] [Times: user=0.18 sys=0.00, real=0.01 secs] 
2016-09-24T00:47:45.499-0400: 222.786: [GC (GCLocker Initiated GC) [PSYoungGen: 161640K->61362K(175104K)] 451362K->406011K(699392K), 0.0382465 secs] [Times: user=0.42 sys=0.01, real=0.04 secs] 
2016-09-24T00:47:45.654-0400: 222.941: [GC (GCLocker Initiated GC) [PSYoungGen: 149426K->85726K(175104K)] 494180K->461146K(699392K), 0.0118361 secs] [Times: user=0.12 sys=0.00, real=0.01 secs] 
2016-09-24T00:47:45.825-0400: 223.111: [GC (GCLocker Initiated GC) [PSYoungGen: 173790K->31054K(175104K)] 555338K->455412K(699392K), 0.0077146 secs] [Times: user=0.06 sys=0.00, real=0.00 secs] 
2016-09-24T00:47:45.968-0400: 223.255: [GC (GCLocker Initiated GC) [PSYoungGen: 119118K->25011K(175104K)] 549557K->498407K(699392K), 0.0485234 secs] [Times: user=0.53 sys=0.01, real=0.05 secs] 
2016-09-24T00:47:46.017-0400: 223.303: [Full GC (Ergonomics) [PSYoungGen: 25011K->0K(175104K)] [ParOldGen: 473395K->41058K(524288K)] 498407K->41058K(699392K), [Metaspace: 44558K->44558K(1087488K)], 0.0772396 secs] [Times: user=0.55 sys=0.01, real=0.08 secs] 
2016-09-24T00:47:46.195-0400: 223.482: [GC (GCLocker Initiated GC) [PSYoungGen: 88064K->85562K(175104K)] 135239K->144887K(699392K), 0.0102000 secs] [Times: user=0.11 sys=0.00, real=0.01 secs] 
2016-09-24T00:47:46.331-0400: 223.617: [GC (GCLocker Initiated GC) [PSYoungGen: 173626K->19260K(175104K)] 251481K->139768K(699392K), 0.0130043 secs] [Times: user=0.12 sys=0.00, real=0.02 secs] 
2016-09-24T00:47:46.469-0400: 223.756: [GC (GCLocker Initiated GC) [PSYoungGen: 107324K->85662K(175104K)] 228008K->213008K(699392K), 0.0156424 secs] [Times: user=0.16 sys=0.00, real=0.02 secs] 
2016-09-24T00:47:46.626-0400: 223.913: [GC (GCLocker Initiated GC) [PSYoungGen: 173725K->61426K(175104K)] 301432K->225726K(699392K), 0.0102267 secs] [Times: user=0.10 sys=0.00, real=0.01 secs] 
2016-09-24T00:47:46.735-0400: 224.021: [GC (GCLocker Initiated GC) [PSYoungGen: 149490K->79587K(175104K)] 313983K->244348K(699392K), 0.0241486 secs] [Times: user=0.22 sys=0.01, real=0.02 secs] 
2016-09-24T00:47:46.884-0400: 224.170: [GC (GCLocker Initiated GC) [PSYoungGen: 167651K->67565K(175104K)] 332756K->287628K(699392K), 0.0135081 secs] [Times: user=0.15 sys=0.00, real=0.01 secs] 
2016-09-24T00:47:47.019-0400: 224.306: [GC (GCLocker Initiated GC) [PSYoungGen: 155629K->74228K(175104K)] 382055K->300814K(699392K), 0.0102891 secs] [Times: user=0.13 sys=0.00, real=0.01 secs] 
2016-09-24T00:47:47.156-0400: 224.443: [GC (GCLocker Initiated GC) [PSYoungGen: 162292K->18613K(175104K)] 394989K->269770K(699392K), 0.0071317 secs] [Times: user=0.03 sys=0.00, real=0.01 secs] 
2016-09-24T00:47:47.276-0400: 224.563: [GC (GCLocker Initiated GC) [PSYoungGen: 106677K->67633K(175104K)] 358021K->337470K(699392K), 0.0178285 secs] [Times: user=0.13 sys=0.00, real=0.02 secs] 
2016-09-24T00:47:47.455-0400: 224.742: [GC (GCLocker Initiated GC) [PSYoungGen: 155697K->43073K(175104K)] 437861K->343893K(699392K), 0.0195106 secs] [Times: user=0.14 sys=0.00, real=0.02 secs] 
2016-09-24T00:47:47.624-0400: 224.911: [GC (GCLocker Initiated GC) [PSYoungGen: 131137K->67369K(175104K)] 432149K->405123K(699392K), 0.0251957 secs] [Times: user=0.34 sys=0.00, real=0.02 secs] 
2016-09-24T00:47:47.743-0400: 225.029: [GC (GCLocker Initiated GC) [PSYoungGen: 155433K->85626K(175104K)] 499315K->460011K(699392K), 0.0224072 secs] [Times: user=0.32 sys=0.00, real=0.02 secs] 
2016-09-24T00:47:47.875-0400: 225.161: [GC (GCLocker Initiated GC) [PSYoungGen: 173690K->80271K(175104K)] 548402K->491608K(699392K), 0.0118214 secs] [Times: user=0.17 sys=0.00, real=0.01 secs] 
2016-09-24T00:47:47.994-0400: 225.281: [GC (GCLocker Initiated GC) [PSYoungGen: 168335K->85954K(175104K)] 579754K->516217K(699392K), 0.0115372 secs] [Times: user=0.14 sys=0.00, real=0.01 secs] 
2016-09-24T00:47:48.125-0400: 225.412: [GC (GCLocker Initiated GC) [PSYoungGen: 174018K->49244K(175104K)] 611158K->553345K(699392K), 0.0112761 secs] [Times: user=0.12 sys=0.00, real=0.01 secs] 
2016-09-24T00:47:48.137-0400: 225.423: [Full GC (Ergonomics) [PSYoungGen: 49244K->0K(175104K)] [ParOldGen: 504101K->53383K(524288K)] 553345K->53383K(699392K), [Metaspace: 44558K->44558K(1087488K)], 0.0575558 secs] [Times: user=0.36 sys=0.01, real=0.06 secs] 
2016-09-24T00:47:48.310-0400: 225.596: [GC (Allocation Failure) [PSYoungGen: 88064K->79971K(175104K)] 141651K->133558K(699392K), 0.0149079 secs] [Times: user=0.17 sys=0.01, real=0.02 secs] 
2016-09-24T00:47:48.443-0400: 225.730: [GC (GCLocker Initiated GC) [PSYoungGen: 165035K->55251K(175104K)] 224697K->158150K(699392K), 0.0214969 secs] [Times: user=0.30 sys=0.00, real=0.02 secs] 
2016-09-24T00:47:48.584-0400: 225.871: [GC (GCLocker Initiated GC) [PSYoungGen: 143315K->85954K(175104K)] 246256K->195106K(699392K), 0.0134910 secs] [Times: user=0.16 sys=0.00, real=0.01 secs] 
2016-09-24T00:47:48.713-0400: 225.999: [GC (Allocation Failure) [PSYoungGen: 174018K->67401K(175104K)] 283525K->225815K(699392K), 0.0202721 secs] [Times: user=0.22 sys=0.00, real=0.02 secs] 
2016-09-24T00:47:48.858-0400: 226.145: [GC (GCLocker Initiated GC) [PSYoungGen: 149490K->61458K(175104K)] 313980K->244292K(699392K), 0.0103572 secs] [Times: user=0.11 sys=0.00, real=0.01 secs] 
2016-09-24T00:47:49.000-0400: 226.286: [GC (GCLocker Initiated GC) [PSYoungGen: 149522K->36966K(175104K)] 338435K->226138K(699392K), 0.0061934 secs] [Times: user=0.04 sys=0.00, real=0.01 secs] 
2016-09-24T00:47:49.117-0400: 226.403: [GC (GCLocker Initiated GC) [PSYoungGen: 125030K->85858K(175104K)] 314540K->281711K(699392K), 0.0303547 secs] [Times: user=0.34 sys=0.00, real=0.03 secs] 
2016-09-24T00:47:49.279-0400: 226.565: [GC (GCLocker Initiated GC) [PSYoungGen: 173922K->73804K(175104K)] 369923K->306547K(699392K), 0.0101810 secs] [Times: user=0.13 sys=0.00, real=0.01 secs] 
2016-09-24T00:47:49.442-0400: 226.729: [GC (GCLocker Initiated GC) [PSYoungGen: 161868K->67401K(175104K)] 394821K->336948K(699392K), 0.0129758 secs] [Times: user=0.16 sys=0.00, real=0.01 secs] 
2016-09-24T00:47:49.616-0400: 226.903: [GC (GCLocker Initiated GC) [PSYoungGen: 155465K->37254K(175104K)] 443373K->361731K(699392K), 0.0068855 secs] [Times: user=0.09 sys=0.00, real=0.01 secs] 
2016-09-24T00:47:49.739-0400: 227.025: [GC (GCLocker Initiated GC) [PSYoungGen: 125318K->43560K(175104K)] 456136K->374514K(699392K), 0.0066017 secs] [Times: user=0.09 sys=0.00, real=0.01 secs] 
2016-09-24T00:47:49.869-0400: 227.155: [GC (GCLocker Initiated GC) [PSYoungGen: 131624K->85986K(175104K)] 468740K->453636K(699392K), 0.0103924 secs] [Times: user=0.12 sys=0.01, real=0.01 secs] 
2016-09-24T00:47:49.983-0400: 227.269: [GC (GCLocker Initiated GC) [PSYoungGen: 174050K->67537K(175104K)] 541956K->472160K(699392K), 0.0285499 secs] [Times: user=0.27 sys=0.00, real=0.02 secs] 
2016-09-24T00:47:50.120-0400: 227.406: [GC (Allocation Failure) [PSYoungGen: 155601K->61458K(175104K)] 566346K->527014K(699392K), 0.0121955 secs] [Times: user=0.16 sys=0.00, real=0.01 secs] 
2016-09-24T00:47:50.132-0400: 227.419: [Full GC (Ergonomics) [PSYoungGen: 61458K->0K(175104K)] [ParOldGen: 465556K->41038K(524288K)] 527014K->41038K(699392K), [Metaspace: 44559K->44559K(1087488K)], 0.0611685 secs] [Times: user=0.48 sys=0.01, real=0.06 secs] 
2016-09-24T00:47:50.338-0400: 227.624: [GC (GCLocker Initiated GC) [PSYoungGen: 83754K->74224K(175104K)] 130867K->121337K(699392K), 0.0068656 secs] [Times: user=0.08 sys=0.00, real=0.01 secs] 
2016-09-24T00:47:50.463-0400: 227.749: [GC (Allocation Failure) [PSYoungGen: 162288K->85758K(175104K)] 215518K->182045K(699392K), 0.0292322 secs] [Times: user=0.34 sys=0.01, real=0.02 secs] 
2016-09-24T00:47:50.615-0400: 227.901: [GC (GCLocker Initiated GC) [PSYoungGen: 171865K->55479K(175104K)] 274227K->212627K(699392K), 0.0106298 secs] [Times: user=0.15 sys=0.00, real=0.01 secs] 
2016-09-24T00:47:50.734-0400: 228.020: [GC (GCLocker Initiated GC) [PSYoungGen: 143543K->85690K(175104K)] 300914K->249475K(699392K), 0.0099543 secs] [Times: user=0.14 sys=0.01, real=0.02 secs] 
2016-09-24T00:47:50.868-0400: 228.154: [GC (Allocation Failure) [PSYoungGen: 173754K->85822K(175104K)] 337642K->286304K(699392K), 0.0124387 secs] [Times: user=0.20 sys=0.00, real=0.01 secs] 
2016-09-24T00:47:51.002-0400: 228.289: [GC (GCLocker Initiated GC) [PSYoungGen: 170312K->48952K(175104K)] 376869K->298302K(699392K), 0.0138467 secs] [Times: user=0.15 sys=0.00, real=0.01 secs] 
2016-09-24T00:47:51.127-0400: 228.414: [GC (GCLocker Initiated GC) [PSYoungGen: 137016K->67309K(175104K)] 386576K->335205K(699392K), 0.0176712 secs] [Times: user=0.13 sys=0.00, real=0.02 secs] 
2016-09-24T00:47:51.277-0400: 228.563: [GC (GCLocker Initiated GC) [PSYoungGen: 155373K->55515K(175104K)] 435664K->366464K(699392K), 0.0234771 secs] [Times: user=0.25 sys=0.00, real=0.02 secs] 
2016-09-24T00:47:51.439-0400: 228.725: [GC (GCLocker Initiated GC) [PSYoungGen: 143579K->73512K(175104K)] 454784K->385000K(699392K), 0.0084093 secs] [Times: user=0.10 sys=0.00, real=0.01 secs] 
2016-09-24T00:47:51.581-0400: 228.867: [GC (GCLocker Initiated GC) [PSYoungGen: 161576K->37354K(175104K)] 485345K->379615K(699392K), 0.0066459 secs] [Times: user=0.05 sys=0.01, real=0.01 secs] 
2016-09-24T00:47:51.709-0400: 228.996: [GC (GCLocker Initiated GC) [PSYoungGen: 125418K->85694K(175104K)] 467738K->452606K(699392K), 0.0105647 secs] [Times: user=0.14 sys=0.00, real=0.01 secs] 
2016-09-24T00:47:51.863-0400: 229.150: [GC (GCLocker Initiated GC) [PSYoungGen: 173758K->61458K(175104K)] 540790K->483465K(699392K), 0.0104355 secs] [Times: user=0.11 sys=0.00, real=0.00 secs] 
2016-09-24T00:47:52.002-0400: 229.288: [GC (GCLocker Initiated GC) [PSYoungGen: 149522K->67633K(175104K)] 577634K->526396K(699392K), 0.0207961 secs] [Times: user=0.22 sys=0.00, real=0.03 secs] 
2016-09-24T00:47:52.023-0400: 229.309: [Full GC (Ergonomics) [PSYoungGen: 67633K->0K(175104K)] [ParOldGen: 458763K->53453K(524288K)] 526396K->53453K(699392K), [Metaspace: 44559K->44559K(1087488K)], 0.0572441 secs] [Times: user=0.31 sys=0.02, real=0.05 secs] 
2016-09-24T00:47:52.186-0400: 229.473: [GC (GCLocker Initiated GC) [PSYoungGen: 88064K->86178K(175104K)] 141575K->170065K(699392K), 0.0101053 secs] [Times: user=0.14 sys=0.00, real=0.01 secs] 
2016-09-24T00:47:52.305-0400: 229.591: [GC (GCLocker Initiated GC) [PSYoungGen: 174242K->61494K(175104K)] 264257K->212782K(699392K), 0.0190901 secs] [Times: user=0.21 sys=0.00, real=0.02 secs] 
2016-09-24T00:47:52.463-0400: 229.750: [GC (Allocation Failure) [PSYoungGen: 149558K->73576K(175104K)] 300911K->292225K(699392K), 0.0126632 secs] [Times: user=0.13 sys=0.00, real=0.01 secs] 
2016-09-24T00:47:52.601-0400: 229.888: [GC (GCLocker Initiated GC) [PSYoungGen: 161193K->61134K(175104K)] 385917K->298252K(699392K), 0.0096692 secs] [Times: user=0.05 sys=0.01, real=0.01 secs] 
2016-09-24T00:47:52.722-0400: 230.009: [GC (GCLocker Initiated GC) [PSYoungGen: 149198K->79623K(175104K)] 386369K->322980K(699392K), 0.0104106 secs] [Times: user=0.07 sys=0.01, real=0.00 secs] 
2016-09-24T00:47:52.858-0400: 230.145: [GC (GCLocker Initiated GC) [PSYoungGen: 167687K->85594K(175104K)] 411138K->396170K(699392K), 0.0146521 secs] [Times: user=0.13 sys=0.01, real=0.01 secs] 
2016-09-24T00:47:52.982-0400: 230.269: [GC (GCLocker Initiated GC) [PSYoungGen: 173658K->85790K(175104K)] 490362K->463395K(699392K), 0.0125476 secs] [Times: user=0.15 sys=0.00, real=0.01 secs] 
2016-09-24T00:47:53.101-0400: 230.388: [GC (GCLocker Initiated GC) [PSYoungGen: 173854K->73608K(175104K)] 551625K->500294K(699392K), 0.0109441 secs] [Times: user=0.13 sys=0.00, real=0.01 secs] 
2016-09-24T00:47:53.241-0400: 230.528: [GC (GCLocker Initiated GC) [PSYoungGen: 161672K->85794K(175104K)] 588473K->530939K(699392K), 0.0114945 secs] [Times: user=0.10 sys=0.00, real=0.01 secs] 
2016-09-24T00:47:53.253-0400: 230.539: [Full GC (Ergonomics) [PSYoungGen: 85794K->0K(175104K)] [ParOldGen: 445145K->53834K(524288K)] 530939K->53834K(699392K), [Metaspace: 44562K->44562K(1087488K)], 0.0570008 secs] [Times: user=0.32 sys=0.02, real=0.06 secs] 
2016-09-24T00:47:53.452-0400: 230.738: [GC (GCLocker Initiated GC) [PSYoungGen: 88064K->86278K(175104K)] 160383K->164672K(699392K), 0.0149605 secs] [Times: user=0.17 sys=0.00, real=0.02 secs] 
2016-09-24T00:47:53.596-0400: 230.882: [GC (GCLocker Initiated GC) [PSYoungGen: 174342K->43041K(175104K)] 252897K->177130K(699392K), 0.0213164 secs] [Times: user=0.23 sys=0.00, real=0.02 secs] 
2016-09-24T00:47:53.738-0400: 231.025: [GC (GCLocker Initiated GC) [PSYoungGen: 131105K->37066K(175104K)] 277588K->195771K(699392K), 0.0155312 secs] [Times: user=0.11 sys=0.00, real=0.01 secs] 
2016-09-24T00:47:53.875-0400: 231.161: [GC (GCLocker Initiated GC) [PSYoungGen: 125130K->73448K(175104K)] 283944K->232498K(699392K), 0.0142185 secs] [Times: user=0.13 sys=0.00, real=0.01 secs] 
2016-09-24T00:47:54.046-0400: 231.332: [GC (GCLocker Initiated GC) [PSYoungGen: 161512K->61330K(175104K)] 320722K->238860K(699392K), 0.0146677 secs] [Times: user=0.12 sys=0.00, real=0.01 secs] 
2016-09-24T00:47:54.173-0400: 231.459: [GC (GCLocker Initiated GC) [PSYoungGen: 149394K->55187K(175104K)] 333024K->239100K(699392K), 0.0072972 secs] [Times: user=0.06 sys=0.00, real=0.01 secs] 
2016-09-24T00:47:54.296-0400: 231.582: [GC (GCLocker Initiated GC) [PSYoungGen: 143251K->49539K(175104K)] 333287K->276137K(699392K), 0.0181913 secs] [Times: user=0.18 sys=0.00, real=0.02 secs] 
2016-09-24T00:47:54.442-0400: 231.729: [GC (GCLocker Initiated GC) [PSYoungGen: 137603K->43173K(175104K)] 376555K->282384K(699392K), 0.0139539 secs] [Times: user=0.14 sys=0.00, real=0.01 secs] 
2016-09-24T00:47:54.584-0400: 231.870: [GC (GCLocker Initiated GC) [PSYoungGen: 131237K->55551K(175104K)] 376850K->301595K(699392K), 0.0220709 secs] [Times: user=0.24 sys=0.00, real=0.02 secs] 
2016-09-24T00:47:54.716-0400: 232.003: [GC (GCLocker Initiated GC) [PSYoungGen: 143615K->48952K(175104K)] 389701K->319605K(699392K), 0.0205450 secs] [Times: user=0.21 sys=0.00, real=0.02 secs] 
2016-09-24T00:47:54.853-0400: 232.139: [GC (GCLocker Initiated GC) [PSYoungGen: 137016K->73644K(175104K)] 408345K->375484K(699392K), 0.0189768 secs] [Times: user=0.19 sys=0.01, real=0.02 secs] 
2016-09-24T00:47:54.992-0400: 232.278: [GC (GCLocker Initiated GC) [PSYoungGen: 161708K->61394K(175104K)] 463673K->382195K(699392K), 0.0174147 secs] [Times: user=0.19 sys=0.00, real=0.02 secs] 
2016-09-24T00:47:55.110-0400: 232.396: [GC (Allocation Failure) [PSYoungGen: 149458K->55515K(175104K)] 470558K->413161K(699392K), 0.0102151 secs] [Times: user=0.08 sys=0.01, real=0.01 secs] 
2016-09-24T00:47:55.243-0400: 232.529: [GC (GCLocker Initiated GC) [PSYoungGen: 143574K->85954K(175104K)] 501226K->474100K(699392K), 0.0107462 secs] [Times: user=0.11 sys=0.00, real=0.00 secs] 
2016-09-24T00:47:55.367-0400: 232.654: [GC (Allocation Failure) [PSYoungGen: 174018K->30763K(175104K)] 562229K->449584K(699392K), 0.0314105 secs] [Times: user=0.31 sys=0.02, real=0.03 secs] 
2016-09-24T00:47:55.485-0400: 232.772: [GC (GCLocker Initiated GC) [PSYoungGen: 116743K->43297K(175104K)] 541639K->535170K(699392K), 0.0105022 secs] [Times: user=0.13 sys=0.00, real=0.01 secs] 
2016-09-24T00:47:55.496-0400: 232.782: [Full GC (Ergonomics) [PSYoungGen: 43297K->0K(175104K)] [ParOldGen: 491873K->53364K(524288K)] 535170K->53364K(699392K), [Metaspace: 44563K->44563K(1087488K)], 0.0682772 secs] [Times: user=0.55 sys=0.00, real=0.07 secs] 
2016-09-24T00:47:55.686-0400: 232.972: [GC (GCLocker Initiated GC) [PSYoungGen: 88064K->86374K(175104K)] 141486K->139796K(699392K), 0.0091721 secs] [Times: user=0.06 sys=0.01, real=0.01 secs] 
2016-09-24T00:47:55.826-0400: 233.113: [GC (GCLocker Initiated GC) [PSYoungGen: 174438K->67369K(175104K)] 227998K->164345K(699392K), 0.0132516 secs] [Times: user=0.15 sys=0.00, real=0.01 secs] 
2016-09-24T00:47:55.934-0400: 233.220: [GC (GCLocker Initiated GC) [PSYoungGen: 155433K->79911K(175104K)] 252742K->213814K(699392K), 0.0107085 secs] [Times: user=0.13 sys=0.00, real=0.02 secs] 
2016-09-24T00:47:56.064-0400: 233.350: [GC (Allocation Failure) [PSYoungGen: 167975K->61458K(175104K)] 302099K->232487K(699392K), 0.0124604 secs] [Times: user=0.14 sys=0.00, real=0.01 secs] 
2016-09-24T00:47:56.202-0400: 233.488: [GC (GCLocker Initiated GC) [PSYoungGen: 149220K->74164K(175104K)] 326325K->281951K(699392K), 0.0117052 secs] [Times: user=0.15 sys=0.00, real=0.01 secs] 
2016-09-24T00:47:56.334-0400: 233.620: [GC (GCLocker Initiated GC) [PSYoungGen: 162228K->61490K(175104K)] 376445K->312621K(699392K), 0.0282563 secs] [Times: user=0.28 sys=0.00, real=0.03 secs] 
2016-09-24T00:47:56.490-0400: 233.777: [GC (Allocation Failure) [PSYoungGen: 149554K->79879K(175104K)] 406847K->373929K(699392K), 0.0167321 secs] [Times: user=0.21 sys=0.00, real=0.02 secs] 
2016-09-24T00:47:56.507-0400: 233.794: [GC (GCLocker Initiated GC) [PSYoungGen: 79893K->128K(175104K)] 373943K->385845K(699392K), 0.0086287 secs] [Times: user=0.09 sys=0.00, real=0.01 secs] 
2016-09-24T00:47:56.643-0400: 233.930: [GC (GCLocker Initiated GC) [PSYoungGen: 83840K->73672K(175104K)] 475633K->465464K(699392K), 0.0116012 secs] [Times: user=0.11 sys=0.00, real=0.01 secs] 
2016-09-24T00:47:56.771-0400: 234.057: [GC (GCLocker Initiated GC) [PSYoungGen: 161736K->67373K(175104K)] 553576K->496179K(699392K), 0.0178934 secs] [Times: user=0.16 sys=0.00, real=0.02 secs] 
2016-09-24T00:47:56.901-0400: 234.187: [GC (GCLocker Initiated GC) [PSYoungGen: 155433K->73608K(175104K)] 584606K->563854K(699392K), 0.0295811 secs] [Times: user=0.33 sys=0.00, real=0.03 secs] 
2016-09-24T00:47:56.930-0400: 234.217: [Full GC (Ergonomics) [PSYoungGen: 73608K->0K(175104K)] [ParOldGen: 490246K->53832K(524288K)] 563854K->53832K(699392K), [Metaspace: 44563K->44563K(1087488K)], 0.0559647 secs] [Times: user=0.26 sys=0.02, real=0.06 secs] 
2016-09-24T00:47:57.115-0400: 234.402: [GC (GCLocker Initiated GC) [PSYoungGen: 88064K->67373K(175104K)] 141955K->121264K(699392K), 0.0175874 secs] [Times: user=0.14 sys=0.00, real=0.01 secs] 
2016-09-24T00:47:57.246-0400: 234.533: [GC (GCLocker Initiated GC) [PSYoungGen: 155437K->86150K(175104K)] 215451K->189169K(699392K), 0.0140525 secs] [Times: user=0.17 sys=0.00, real=0.01 secs] 
2016-09-24T00:47:57.388-0400: 234.674: [GC (GCLocker Initiated GC) [PSYoungGen: 174214K->55219K(175104K)] 277296K->219506K(699392K), 0.0181742 secs] [Times: user=0.22 sys=0.00, real=0.02 secs] 
2016-09-24T00:47:57.508-0400: 234.795: [GC (GCLocker Initiated GC) [PSYoungGen: 143283K->67501K(175104K)] 319881K->244203K(699392K), 0.0220708 secs] [Times: user=0.20 sys=0.00, real=0.02 secs] 
2016-09-24T00:47:57.659-0400: 234.945: [GC (Allocation Failure) [PSYoungGen: 155565K->48984K(175104K)] 332471K->268690K(699392K), 0.0169034 secs] [Times: user=0.17 sys=0.00, real=0.02 secs] 
2016-09-24T00:47:57.798-0400: 235.085: [GC (GCLocker Initiated GC) [PSYoungGen: 131957K->55191K(175104K)] 357739K->281068K(699392K), 0.0132802 secs] [Times: user=0.11 sys=0.00, real=0.01 secs] 
2016-09-24T00:47:57.929-0400: 235.215: [GC (Allocation Failure) [PSYoungGen: 143255K->67533K(175104K)] 369347K->312125K(699392K), 0.0121892 secs] [Times: user=0.12 sys=0.00, real=0.01 secs] 
2016-09-24T00:47:58.069-0400: 235.355: [GC (GCLocker Initiated GC) [PSYoungGen: 150190K->42845K(175104K)] 400858K->324123K(699392K), 0.0208046 secs] [Times: user=0.20 sys=0.00, real=0.02 secs] 
2016-09-24T00:47:58.206-0400: 235.492: [GC (GCLocker Initiated GC) [PSYoungGen: 130909K->73772K(175104K)] 418589K->361588K(699392K), 0.0080756 secs] [Times: user=0.09 sys=0.00, real=0.00 secs] 
2016-09-24T00:47:58.334-0400: 235.620: [GC (GCLocker Initiated GC) [PSYoungGen: 161836K->43301K(175104K)] 455873K->355838K(699392K), 0.0068543 secs] [Times: user=0.06 sys=0.00, real=0.01 secs] 
2016-09-24T00:47:58.447-0400: 235.733: [GC (GCLocker Initiated GC) [PSYoungGen: 131365K->55255K(175104K)] 450091K->410535K(699392K), 0.0192509 secs] [Times: user=0.19 sys=0.00, real=0.02 secs] 
2016-09-24T00:47:58.585-0400: 235.871: [GC (GCLocker Initiated GC) [PSYoungGen: 143319K->73644K(175104K)] 504727K->447298K(699392K), 0.0246563 secs] [Times: user=0.24 sys=0.00, real=0.02 secs] 
2016-09-24T00:47:58.707-0400: 235.993: [GC (GCLocker Initiated GC) [PSYoungGen: 161708K->73512K(175104K)] 535555K->490347K(699392K), 0.0228002 secs] [Times: user=0.27 sys=0.00, real=0.02 secs] 
2016-09-24T00:47:58.872-0400: 236.159: [GC (GCLocker Initiated GC) [PSYoungGen: 161576K->55383K(175104K)] 590777K->521333K(699392K), 0.0116093 secs] [Times: user=0.12 sys=0.00, real=0.02 secs] 
2016-09-24T00:47:58.884-0400: 236.171: [Full GC (Ergonomics) [PSYoungGen: 55383K->0K(175104K)] [ParOldGen: 465950K->53901K(524288K)] 521333K->53901K(699392K), [Metaspace: 44565K->44565K(1087488K)], 0.0601140 secs] [Times: user=0.33 sys=0.01, real=0.06 secs] 
2016-09-24T00:47:59.062-0400: 236.348: [GC (GCLocker Initiated GC) [PSYoungGen: 88064K->86046K(175104K)] 141973K->146030K(699392K), 0.0130678 secs] [Times: user=0.15 sys=0.01, real=0.02 secs] 
2016-09-24T00:47:59.217-0400: 236.503: [GC (GCLocker Initiated GC) [PSYoungGen: 174110K->85822K(175104K)] 240217K->194977K(699392K), 0.0133295 secs] [Times: user=0.14 sys=0.00, real=0.01 secs] 
2016-09-24T00:47:59.331-0400: 236.617: [GC (GCLocker Initiated GC) [PSYoungGen: 173886K->67405K(175104K)] 283196K->201290K(699392K), 0.0091863 secs] [Times: user=0.09 sys=0.00, real=0.01 secs] 
2016-09-24T00:47:59.469-0400: 236.755: [GC (GCLocker Initiated GC) [PSYoungGen: 155469K->49084K(175104K)] 289722K->213956K(699392K), 0.0261854 secs] [Times: user=0.26 sys=0.01, real=0.03 secs] 
2016-09-24T00:47:59.602-0400: 236.888: [GC (GCLocker Initiated GC) [PSYoungGen: 137148K->85922K(175104K)] 302107K->275449K(699392K), 0.0108267 secs] [Times: user=0.11 sys=0.00, real=0.01 secs] 
2016-09-24T00:47:59.735-0400: 237.021: [GC (GCLocker Initiated GC) [PSYoungGen: 173986K->67337K(175104K)] 369630K->330261K(699392K), 0.0104545 secs] [Times: user=0.11 sys=0.01, real=0.01 secs] 
2016-09-24T00:47:59.872-0400: 237.158: [GC (GCLocker Initiated GC) [PSYoungGen: 155401K->73772K(175104K)] 418664K->410046K(699392K), 0.0229827 secs] [Times: user=0.20 sys=0.00, real=0.03 secs] 
2016-09-24T00:48:00.036-0400: 237.322: [GC (GCLocker Initiated GC) [PSYoungGen: 161836K->36934K(175104K)] 498376K->410339K(699392K), 0.0150518 secs] [Times: user=0.13 sys=0.00, real=0.01 secs] 
2016-09-24T00:48:00.170-0400: 237.456: [GC (GCLocker Initiated GC) [PSYoungGen: 124998K->37098K(175104K)] 498551K->428948K(699392K), 0.0160743 secs] [Times: user=0.14 sys=0.01, real=0.02 secs] 
2016-09-24T00:48:00.287-0400: 237.573: [GC (Allocation Failure) [PSYoungGen: 125162K->73544K(175104K)] 523386K->490285K(699392K), 0.0104205 secs] [Times: user=0.10 sys=0.00, real=0.01 secs] 
2016-09-24T00:48:00.435-0400: 237.722: [GC (GCLocker Initiated GC) [PSYoungGen: 161606K->79715K(175104K)] 578353K->514782K(699392K), 0.0182898 secs] [Times: user=0.18 sys=0.00, real=0.01 secs] 
2016-09-24T00:48:00.556-0400: 237.843: [GC (Allocation Failure) [PSYoungGen: 167779K->79459K(175104K)] 602904K->514835K(699392K), 0.0189682 secs] [Times: user=0.17 sys=0.00, real=0.02 secs] 
2016-09-24T00:48:00.715-0400: 238.001: [GC (GCLocker Initiated GC) [PSYoungGen: 167523K->43105K(175104K)] 602901K->527382K(699392K), 0.0136150 secs] [Times: user=0.16 sys=0.01, real=0.01 secs] 
2016-09-24T00:48:00.729-0400: 238.015: [Full GC (Ergonomics) [PSYoungGen: 43105K->0K(175104K)] [ParOldGen: 484277K->41564K(524288K)] 527382K->41564K(699392K), [Metaspace: 44566K->44566K(1087488K)], 0.0634175 secs] [Times: user=0.39 sys=0.01, real=0.06 secs] 
2016-09-24T00:48:00.902-0400: 238.189: [GC (GCLocker Initiated GC) [PSYoungGen: 88064K->85982K(175104K)] 135801K->139794K(699392K), 0.0173635 secs] [Times: user=0.20 sys=0.00, real=0.01 secs] 
2016-09-24T00:48:01.054-0400: 238.341: [GC (Allocation Failure) [PSYoungGen: 174046K->73640K(175104K)] 228214K->177159K(699392K), 0.0108291 secs] [Times: user=0.16 sys=0.00, real=0.01 secs] 
2016-09-24T00:48:01.186-0400: 238.473: [GC (GCLocker Initiated GC) [PSYoungGen: 161702K->73836K(175104K)] 265227K->195877K(699392K), 0.0110360 secs] [Times: user=0.15 sys=0.00, real=0.01 secs] 
2016-09-24T00:48:01.317-0400: 238.604: [GC (GCLocker Initiated GC) [PSYoungGen: 161900K->49504K(175104K)] 290120K->214269K(699392K), 0.0297767 secs] [Times: user=0.35 sys=0.01, real=0.03 secs] 
2016-09-24T00:48:01.454-0400: 238.741: [GC (Allocation Failure) [PSYoungGen: 137568K->43265K(175104K)] 302340K->275170K(699392K), 0.0231370 secs] [Times: user=0.27 sys=0.01, real=0.02 secs] 
2016-09-24T00:48:01.612-0400: 238.898: [GC (GCLocker Initiated GC) [PSYoungGen: 125811K->73968K(175104K)] 363791K->330473K(699392K), 0.0233277 secs] [Times: user=0.26 sys=0.00, real=0.03 secs] 
2016-09-24T00:48:01.754-0400: 239.040: [GC (GCLocker Initiated GC) [PSYoungGen: 162032K->55711K(175104K)] 424945K->337305K(699392K), 0.0103521 secs] [Times: user=0.12 sys=0.00, real=0.02 secs] 
2016-09-24T00:48:01.891-0400: 239.177: [GC (Allocation Failure) [PSYoungGen: 143775K->55291K(175104K)] 431765K->361586K(699392K), 0.0166401 secs] [Times: user=0.14 sys=0.00, real=0.02 secs] 
2016-09-24T00:48:02.022-0400: 239.308: [GC (Allocation Failure) [PSYoungGen: 143251K->55387K(175104K)] 449547K->362129K(699392K), 0.0125238 secs] [Times: user=0.12 sys=0.00, real=0.02 secs] 
2016-09-24T00:48:02.126-0400: 239.413: [GC (GCLocker Initiated GC) [PSYoungGen: 143451K->79455K(175104K)] 450199K->410942K(699392K), 0.0141502 secs] [Times: user=0.14 sys=0.00, real=0.01 secs] 
2016-09-24T00:48:02.258-0400: 239.544: [GC (GCLocker Initiated GC) [PSYoungGen: 167519K->43205K(175104K)] 505129K->435586K(699392K), 0.0291075 secs] [Times: user=0.28 sys=0.00, real=0.03 secs] 
2016-09-24T00:48:02.406-0400: 239.692: [GC (GCLocker Initiated GC) [PSYoungGen: 131269K->55351K(175104K)] 529973K->484886K(699392K), 0.0258259 secs] [Times: user=0.29 sys=0.01, real=0.02 secs] 
2016-09-24T00:48:02.552-0400: 239.838: [GC (GCLocker Initiated GC) [PSYoungGen: 143415K->79619K(175104K)] 579095K->533816K(699392K), 0.0093055 secs] [Times: user=0.10 sys=0.00, real=0.01 secs] 
2016-09-24T00:48:02.561-0400: 239.847: [Full GC (Ergonomics) [PSYoungGen: 79619K->0K(175104K)] [ParOldGen: 454196K->48091K(524288K)] 533816K->48091K(699392K), [Metaspace: 44567K->44567K(1087488K)], 0.0564672 secs] [Times: user=0.33 sys=0.01, real=0.06 secs] 
2016-09-24T00:48:02.743-0400: 240.029: [GC (GCLocker Initiated GC) [PSYoungGen: 88064K->74060K(175104K)] 148655K->134651K(699392K), 0.0145587 secs] [Times: user=0.21 sys=0.00, real=0.01 secs] 
2016-09-24T00:48:02.904-0400: 240.191: [GC (GCLocker Initiated GC) [PSYoungGen: 162124K->55319K(175104K)] 228894K->159283K(699392K), 0.0076556 secs] [Times: user=0.11 sys=0.00, real=0.00 secs] 
2016-09-24T00:48:03.029-0400: 240.315: [GC (GCLocker Initiated GC) [PSYoungGen: 143383K->73640K(175104K)] 247574K->214393K(699392K), 0.0103429 secs] [Times: user=0.12 sys=0.00, real=0.01 secs] 
2016-09-24T00:48:03.139-0400: 240.425: [GC (Allocation Failure) [PSYoungGen: 161704K->49148K(175104K)] 302487K->196281K(699392K), 0.0148118 secs] [Times: user=0.15 sys=0.00, real=0.01 secs] 
2016-09-24T00:48:03.265-0400: 240.552: [GC (GCLocker Initiated GC) [PSYoungGen: 137212K->48920K(175104K)] 284351K->214536K(699392K), 0.0199640 secs] [Times: user=0.17 sys=0.00, real=0.02 secs] 
2016-09-24T00:48:03.409-0400: 240.696: [GC (GCLocker Initiated GC) [PSYoungGen: 136984K->55319K(175104K)] 302690K->239362K(699392K), 0.0265146 secs] [Times: user=0.25 sys=0.00, real=0.03 secs] 
2016-09-24T00:48:03.592-0400: 240.879: [GC (Allocation Failure) [PSYoungGen: 143383K->79555K(175104K)] 327747K->264187K(699392K), 0.0308201 secs] [Times: user=0.33 sys=0.01, real=0.04 secs] 
2016-09-24T00:48:03.732-0400: 241.019: [GC (GCLocker Initiated GC) [PSYoungGen: 167614K->73444K(175104K)] 352252K->294831K(699392K), 0.0172756 secs] [Times: user=0.20 sys=0.00, real=0.02 secs] 
2016-09-24T00:48:03.868-0400: 241.155: [GC (GCLocker Initiated GC) [PSYoungGen: 161508K->61230K(175104K)] 382943K->313167K(699392K), 0.0216873 secs] [Times: user=0.24 sys=0.00, real=0.02 secs] 
2016-09-24T00:48:04.011-0400: 241.298: [GC (GCLocker Initiated GC) [PSYoungGen: 149294K->74004K(175104K)] 407662K->350740K(699392K), 0.0175872 secs] [Times: user=0.19 sys=0.01, real=0.02 secs] 
2016-09-24T00:48:04.127-0400: 241.414: [GC (GCLocker Initiated GC) [PSYoungGen: 162068K->73448K(175104K)] 438913K->368778K(699392K), 0.0100620 secs] [Times: user=0.08 sys=0.00, real=0.01 secs] 
2016-09-24T00:48:04.259-0400: 241.545: [GC (GCLocker Initiated GC) [PSYoungGen: 161512K->43173K(175104K)] 456946K->387287K(699392K), 0.0294623 secs] [Times: user=0.29 sys=0.01, real=0.03 secs] 
2016-09-24T00:48:04.403-0400: 241.689: [GC (GCLocker Initiated GC) [PSYoungGen: 131237K->79715K(175104K)] 475545K->424447K(699392K), 0.0092533 secs] [Times: user=0.08 sys=0.00, real=0.00 secs] 
2016-09-24T00:48:04.583-0400: 241.869: [GC (GCLocker Initiated GC) [PSYoungGen: 167779K->30955K(175104K)] 518588K->400116K(699392K), 0.0160832 secs] [Times: user=0.11 sys=0.00, real=0.01 secs] 
2016-09-24T00:48:04.688-0400: 241.974: [GC (GCLocker Initiated GC) [PSYoungGen: 119019K->85562K(175104K)] 488228K->455054K(699392K), 0.0247766 secs] [Times: user=0.32 sys=0.00, real=0.02 secs] 
2016-09-24T00:48:04.856-0400: 242.142: [GC (GCLocker Initiated GC) [PSYoungGen: 173626K->37158K(175104K)] 549201K->473634K(699392K), 0.0119111 secs] [Times: user=0.12 sys=0.00, real=0.01 secs] 
2016-09-24T00:48:04.989-0400: 242.275: [GC (GCLocker Initiated GC) [PSYoungGen: 125222K->61070K(175104K)] 561717K->497817K(699392K), 0.0176319 secs] [Times: user=0.17 sys=0.00, real=0.02 secs] 
2016-09-24T00:48:05.113-0400: 242.399: [GC (GCLocker Initiated GC) [PSYoungGen: 149134K->73384K(175104K)] 585926K->522438K(699392K), 0.0358927 secs] [Times: user=0.36 sys=0.00, real=0.04 secs] 
2016-09-24T00:48:05.294-0400: 242.580: [Full GC (Ergonomics) [PSYoungGen: 161448K->0K(175104K)] [ParOldGen: 473591K->54113K(524288K)] 635039K->54113K(699392K), [Metaspace: 44572K->44572K(1087488K)], 0.0592430 secs] [Times: user=0.38 sys=0.02, real=0.06 secs] 
2016-09-24T00:48:05.490-0400: 242.776: [GC (GCLocker Initiated GC) [PSYoungGen: 88064K->73512K(175104K)] 142544K->127992K(699392K), 0.0073040 secs] [Times: user=0.06 sys=0.01, real=0.01 secs] 
2016-09-24T00:48:05.631-0400: 242.918: [GC (GCLocker Initiated GC) [PSYoungGen: 161576K->61654K(175104K)] 216142K->134892K(699392K), 0.0140219 secs] [Times: user=0.12 sys=0.00, real=0.02 secs] 
2016-09-24T00:48:05.759-0400: 243.046: [GC (GCLocker Initiated GC) [PSYoungGen: 149718K->61394K(175104K)] 223223K->153556K(699392K), 0.0160136 secs] [Times: user=0.16 sys=0.01, real=0.02 secs] 
2016-09-24T00:48:05.884-0400: 243.170: [GC (GCLocker Initiated GC) [PSYoungGen: 149458K->49116K(175104K)] 241684K->202219K(699392K), 0.0162949 secs] [Times: user=0.17 sys=0.00, real=0.01 secs] 
2016-09-24T00:48:06.024-0400: 243.311: [GC (GCLocker Initiated GC) [PSYoungGen: 137180K->67665K(175104K)] 290465K->239451K(699392K), 0.0093874 secs] [Times: user=0.08 sys=0.00, real=0.00 secs] 
2016-09-24T00:48:06.156-0400: 243.443: [GC (GCLocker Initiated GC) [PSYoungGen: 155729K->43169K(175104K)] 333709K->258055K(699392K), 0.0161528 secs] [Times: user=0.16 sys=0.01, real=0.01 secs] 
2016-09-24T00:48:06.289-0400: 243.576: [GC (GCLocker Initiated GC) [PSYoungGen: 131233K->55419K(175104K)] 358613K->295044K(699392K), 0.0200550 secs] [Times: user=0.21 sys=0.00, real=0.02 secs] 
2016-09-24T00:48:06.450-0400: 243.737: [GC (GCLocker Initiated GC) [PSYoungGen: 143483K->73512K(175104K)] 383318K->313622K(699392K), 0.0335472 secs] [Times: user=0.36 sys=0.00, real=0.04 secs] 
2016-09-24T00:48:06.604-0400: 243.891: [GC (GCLocker Initiated GC) [PSYoungGen: 161576K->67537K(175104K)] 401907K->326345K(699392K), 0.0192252 secs] [Times: user=0.18 sys=0.00, real=0.02 secs] 
2016-09-24T00:48:06.737-0400: 244.024: [GC (GCLocker Initiated GC) [PSYoungGen: 155601K->73480K(175104K)] 414574K->350961K(699392K), 0.0100299 secs] [Times: user=0.11 sys=0.01, real=0.01 secs] 
2016-09-24T00:48:06.859-0400: 244.145: [GC (GCLocker Initiated GC) [PSYoungGen: 161544K->85826K(175104K)] 439169K->387839K(699392K), 0.0367934 secs] [Times: user=0.33 sys=0.00, real=0.04 secs] 
2016-09-24T00:48:07.037-0400: 244.324: [GC (GCLocker Initiated GC) [PSYoungGen: 173890K->55419K(175104K)] 475961K->406201K(699392K), 0.0390287 secs] [Times: user=0.35 sys=0.00, real=0.04 secs] 
2016-09-24T00:48:07.189-0400: 244.476: [GC (Allocation Failure) [PSYoungGen: 143483K->37098K(175104K)] 500471K->418638K(699392K), 0.0177555 secs] [Times: user=0.15 sys=0.00, real=0.02 secs] 
2016-09-24T00:48:07.312-0400: 244.598: [GC (GCLocker Initiated GC) [PSYoungGen: 123460K->67505K(175104K)] 511075K->455200K(699392K), 0.0103669 secs] [Times: user=0.08 sys=0.00, real=0.02 secs] 
2016-09-24T00:48:07.457-0400: 244.744: [GC (GCLocker Initiated GC) [PSYoungGen: 155569K->49212K(175104K)] 543568K->473773K(699392K), 0.0178562 secs] [Times: user=0.16 sys=0.00, real=0.02 secs] 
2016-09-24T00:48:07.600-0400: 244.886: [GC (Allocation Failure) [PSYoungGen: 137276K->37098K(175104K)] 568048K->486167K(699392K), 0.0099050 secs] [Times: user=0.08 sys=0.00, real=0.01 secs] 
2016-09-24T00:48:07.700-0400: 244.987: [GC (GCLocker Initiated GC) [PSYoungGen: 125162K->79523K(175104K)] 574237K->528873K(699392K), 0.0110214 secs] [Times: user=0.08 sys=0.00, real=0.01 secs] 
2016-09-24T00:48:07.825-0400: 245.111: [GC (GCLocker Initiated GC) [PSYoungGen: 167587K->79715K(175104K)] 617074K->571879K(699392K), 0.0148861 secs] [Times: user=0.19 sys=0.00, real=0.01 secs] 
2016-09-24T00:48:07.840-0400: 245.126: [Full GC (Ergonomics) [PSYoungGen: 79715K->0K(175104K)] [ParOldGen: 492164K->54227K(524288K)] 571879K->54227K(699392K), [Metaspace: 44573K->44573K(1087488K)], 0.0610522 secs] [Times: user=0.51 sys=0.01, real=0.06 secs] 
2016-09-24T00:48:08.006-0400: 245.292: [GC (GCLocker Initiated GC) [PSYoungGen: 88064K->86530K(175104K)] 148426K->165117K(699392K), 0.0097969 secs] [Times: user=0.09 sys=0.00, real=0.01 secs] 
2016-09-24T00:48:08.136-0400: 245.422: [GC (GCLocker Initiated GC) [PSYoungGen: 174594K->55515K(175104K)] 259611K->208349K(699392K), 0.0138154 secs] [Times: user=0.15 sys=0.00, real=0.01 secs] 
2016-09-24T00:48:08.281-0400: 245.567: [GC (GCLocker Initiated GC) [PSYoungGen: 143579K->73968K(175104K)] 296713K->245611K(699392K), 0.0090758 secs] [Times: user=0.13 sys=0.00, real=0.01 secs] 
2016-09-24T00:48:08.414-0400: 245.700: [GC (GCLocker Initiated GC) [PSYoungGen: 162032K->61686K(175104K)] 333850K->270090K(699392K), 0.0098174 secs] [Times: user=0.09 sys=0.00, real=0.02 secs] 
2016-09-24T00:48:08.536-0400: 245.822: [GC (GCLocker Initiated GC) [PSYoungGen: 149750K->79459K(175104K)] 358515K->288483K(699392K), 0.0215543 secs] [Times: user=0.24 sys=0.00, real=0.02 secs] 
2016-09-24T00:48:08.690-0400: 245.976: [GC (GCLocker Initiated GC) [PSYoungGen: 167523K->55579K(175104K)] 382845K->307463K(699392K), 0.0110142 secs] [Times: user=0.15 sys=0.00, real=0.01 secs] 
2016-09-24T00:48:08.823-0400: 246.110: [GC (GCLocker Initiated GC) [PSYoungGen: 143643K->85886K(175104K)] 395810K->356578K(699392K), 0.0149048 secs] [Times: user=0.14 sys=0.00, real=0.01 secs] 
2016-09-24T00:48:08.954-0400: 246.241: [GC (GCLocker Initiated GC) [PSYoungGen: 173950K->55219K(175104K)] 444705K->368822K(699392K), 0.0141828 secs] [Times: user=0.18 sys=0.00, real=0.01 secs] 
2016-09-24T00:48:09.075-0400: 246.361: [GC (GCLocker Initiated GC) [PSYoungGen: 143283K->85758K(175104K)] 457247K->405909K(699392K), 0.0131349 secs] [Times: user=0.13 sys=0.01, real=0.01 secs] 
2016-09-24T00:48:09.213-0400: 246.499: [GC (Allocation Failure) [PSYoungGen: 173822K->55255K(175104K)] 494233K->412375K(699392K), 0.0372420 secs] [Times: user=0.39 sys=0.00, real=0.04 secs] 
2016-09-24T00:48:09.356-0400: 246.642: [GC (GCLocker Initiated GC) [PSYoungGen: 143319K->61366K(175104K)] 500440K->418575K(699392K), 0.0222658 secs] [Times: user=0.21 sys=0.00, real=0.02 secs] 
2016-09-24T00:48:09.497-0400: 246.784: [GC (Allocation Failure) [PSYoungGen: 149430K->73672K(175104K)] 512985K->467893K(699392K), 0.0097434 secs] [Times: user=0.09 sys=0.00, real=0.01 secs] 
2016-09-24T00:48:09.660-0400: 246.947: [GC (GCLocker Initiated GC) [PSYoungGen: 161736K->61330K(175104K)] 555963K->492126K(699392K), 0.0246264 secs] [Times: user=0.24 sys=0.00, real=0.03 secs] 
2016-09-24T00:48:09.819-0400: 247.105: [GC (GCLocker Initiated GC) [PSYoungGen: 149394K->42977K(175104K)] 592382K->486217K(699392K), 0.0363317 secs] [Times: user=0.41 sys=0.00, real=0.04 secs] 
2016-09-24T00:48:09.965-0400: 247.251: [GC (GCLocker Initiated GC) [PSYoungGen: 131041K->55223K(175104K)] 574317K->528970K(699392K), 0.0166288 secs] [Times: user=0.18 sys=0.00, real=0.01 secs] 
2016-09-24T00:48:09.982-0400: 247.268: [Full GC (Ergonomics) [PSYoungGen: 55223K->0K(175104K)] [ParOldGen: 473747K->42092K(524288K)] 528970K->42092K(699392K), [Metaspace: 44575K->44575K(1087488K)], 0.0574568 secs] [Times: user=0.33 sys=0.01, real=0.06 secs] 
2016-09-24T00:48:10.145-0400: 247.432: [GC (GCLocker Initiated GC) [PSYoungGen: 88064K->86178K(175104K)] 130320K->140584K(699392K), 0.0164179 secs] [Times: user=0.20 sys=0.00, real=0.01 secs] 
2016-09-24T00:48:10.277-0400: 247.564: [GC (GCLocker Initiated GC) [PSYoungGen: 174242K->85986K(175104K)] 234772K->201739K(699392K), 0.0241361 secs] [Times: user=0.28 sys=0.00, real=0.02 secs] 
2016-09-24T00:48:10.411-0400: 247.697: [GC (GCLocker Initiated GC) [PSYoungGen: 174050K->61262K(175104K)] 289878K->238132K(699392K), 0.0160108 secs] [Times: user=0.15 sys=0.01, real=0.02 secs] 
2016-09-24T00:48:10.534-0400: 247.820: [GC (GCLocker Initiated GC) [PSYoungGen: 149326K->85922K(175104K)] 326249K->281222K(699392K), 0.0254543 secs] [Times: user=0.32 sys=0.00, real=0.03 secs] 
2016-09-24T00:48:10.697-0400: 247.984: [GC (GCLocker Initiated GC) [PSYoungGen: 173986K->43237K(175104K)] 369328K->287586K(699392K), 0.0206023 secs] [Times: user=0.19 sys=0.00, real=0.02 secs] 
2016-09-24T00:48:10.849-0400: 248.136: [GC (GCLocker Initiated GC) [PSYoungGen: 131301K->61558K(175104K)] 381901K->348752K(699392K), 0.0097933 secs] [Times: user=0.08 sys=0.02, real=0.01 secs] 
2016-09-24T00:48:11.005-0400: 248.292: [GC (Allocation Failure) [PSYoungGen: 149622K->55187K(175104K)] 443213K->367270K(699392K), 0.0185909 secs] [Times: user=0.24 sys=0.00, real=0.02 secs] 
2016-09-24T00:48:11.133-0400: 248.420: [GC (GCLocker Initiated GC) [PSYoungGen: 143251K->79683K(175104K)] 455340K->410116K(699392K), 0.0101529 secs] [Times: user=0.10 sys=0.00, real=0.02 secs] 
2016-09-24T00:48:11.259-0400: 248.546: [GC (GCLocker Initiated GC) [PSYoungGen: 167747K->55351K(175104K)] 498187K->422541K(699392K), 0.0107889 secs] [Times: user=0.10 sys=0.00, real=0.01 secs] 
2016-09-24T00:48:11.406-0400: 248.692: [GC (GCLocker Initiated GC) [PSYoungGen: 143415K->85594K(175104K)] 516834K->459305K(699392K), 0.0291581 secs] [Times: user=0.33 sys=0.00, real=0.03 secs] 
2016-09-24T00:48:11.547-0400: 248.833: [GC (Allocation Failure) [PSYoungGen: 173658K->85662K(175104K)] 547433K->502097K(699392K), 0.0401555 secs] [Times: user=0.44 sys=0.00, real=0.04 secs] 
2016-09-24T00:48:11.711-0400: 248.997: [GC (GCLocker Initiated GC) [PSYoungGen: 168373K->55383K(175104K)] 590883K->563243K(699392K), 0.0116270 secs] [Times: user=0.15 sys=0.01, real=0.02 secs] 
2016-09-24T00:48:11.723-0400: 249.009: [Full GC (Ergonomics) [PSYoungGen: 55383K->0K(175104K)] [ParOldGen: 507860K->48638K(524288K)] 563243K->48638K(699392K), [Metaspace: 44576K->44576K(1087488K)], 0.0588232 secs] [Times: user=0.37 sys=0.00, real=0.05 secs] 
2016-09-24T00:48:11.881-0400: 249.167: [GC (GCLocker Initiated GC) [PSYoungGen: 88064K->86506K(175104K)] 143015K->147532K(699392K), 0.0079530 secs] [Times: user=0.08 sys=0.00, real=0.01 secs] 
2016-09-24T00:48:12.011-0400: 249.297: [GC (GCLocker Initiated GC) [PSYoungGen: 174570K->73448K(175104K)] 235784K->171855K(699392K), 0.0267484 secs] [Times: user=0.29 sys=0.00, real=0.03 secs] 
2016-09-24T00:48:12.153-0400: 249.439: [GC (GCLocker Initiated GC) [PSYoungGen: 161512K->73804K(175104K)] 266349K->221450K(699392K), 0.0104385 secs] [Times: user=0.13 sys=0.01, real=0.02 secs] 
2016-09-24T00:48:12.292-0400: 249.578: [GC (GCLocker Initiated GC) [PSYoungGen: 161868K->61394K(175104K)] 315714K->252138K(699392K), 0.0182830 secs] [Times: user=0.19 sys=0.00, real=0.02 secs] 
2016-09-24T00:48:12.437-0400: 249.723: [GC (GCLocker Initiated GC) [PSYoungGen: 149458K->80239K(175104K)] 346313K->301686K(699392K), 0.0218837 secs] [Times: user=0.25 sys=0.00, real=0.02 secs] 
2016-09-24T00:48:12.595-0400: 249.882: [GC (GCLocker Initiated GC) [PSYoungGen: 168303K->55255K(175104K)] 389932K->332022K(699392K), 0.0283415 secs] [Times: user=0.30 sys=0.01, real=0.03 secs] 
2016-09-24T00:48:12.747-0400: 250.034: [GC (GCLocker Initiated GC) [PSYoungGen: 143319K->43365K(175104K)] 432468K->375323K(699392K), 0.0235892 secs] [Times: user=0.26 sys=0.00, real=0.02 secs] 
2016-09-24T00:48:12.898-0400: 250.184: [GC (GCLocker Initiated GC) [PSYoungGen: 131429K->55351K(175104K)] 469604K->393989K(699392K), 0.0136444 secs] [Times: user=0.13 sys=0.00, real=0.01 secs] 
2016-09-24T00:48:13.064-0400: 250.350: [GC (GCLocker Initiated GC) [PSYoungGen: 143415K->55483K(175104K)] 494469K->443278K(699392K), 0.0236454 secs] [Times: user=0.26 sys=0.00, real=0.02 secs] 
2016-09-24T00:48:13.209-0400: 250.496: [GC (GCLocker Initiated GC) [PSYoungGen: 143547K->85662K(175104K)] 531397K->485937K(699392K), 0.0101423 secs] [Times: user=0.10 sys=0.00, real=0.01 secs] 
2016-09-24T00:48:13.332-0400: 250.618: [GC (GCLocker Initiated GC) [PSYoungGen: 173726K->49312K(175104K)] 580358K->498557K(699392K), 0.0151894 secs] [Times: user=0.14 sys=0.00, real=0.02 secs] 
2016-09-24T00:48:13.347-0400: 250.633: [Full GC (Ergonomics) [PSYoungGen: 49312K->0K(175104K)] [ParOldGen: 449245K->54485K(524288K)] 498557K->54485K(699392K), [Metaspace: 44576K->44576K(1087488K)], 0.0842076 secs] [Times: user=0.59 sys=0.02, real=0.08 secs] 
2016-09-24T00:48:13.559-0400: 250.845: [GC (GCLocker Initiated GC) [PSYoungGen: 88064K->67565K(175104K)] 148884K->128385K(699392K), 0.0145914 secs] [Times: user=0.19 sys=0.00, real=0.01 secs] 
2016-09-24T00:48:13.680-0400: 250.966: [GC (GCLocker Initiated GC) [PSYoungGen: 155629K->67597K(175104K)] 216608K->165490K(699392K), 0.0119742 secs] [Times: user=0.15 sys=0.00, real=0.01 secs] 
2016-09-24T00:48:13.801-0400: 251.087: [GC (GCLocker Initiated GC) [PSYoungGen: 155661K->85890K(175104K)] 253629K->202211K(699392K), 0.0109044 secs] [Times: user=0.11 sys=0.00, real=0.01 secs] 
2016-09-24T00:48:13.930-0400: 251.216: [GC (GCLocker Initiated GC) [PSYoungGen: 173954K->79455K(175104K)] 290333K->257056K(699392K), 0.0261825 secs] [Times: user=0.24 sys=0.00, real=0.03 secs] 
2016-09-24T00:48:14.086-0400: 251.372: [GC (Allocation Failure) [PSYoungGen: 167519K->43105K(175104K)] 357519K->287899K(699392K), 0.0095904 secs] [Times: user=0.07 sys=0.01, real=0.01 secs] 
2016-09-24T00:48:14.251-0400: 251.538: [GC (Allocation Failure) [PSYoungGen: 131169K->37030K(175104K)] 375963K->282083K(699392K), 0.0128422 secs] [Times: user=0.14 sys=0.00, real=0.02 secs] 
2016-09-24T00:48:14.396-0400: 251.682: [GC (Allocation Failure) [PSYoungGen: 125094K->55287K(175104K)] 370147K->300584K(699392K), 0.0215773 secs] [Times: user=0.21 sys=0.00, real=0.02 secs] 
2016-09-24T00:48:14.531-0400: 251.817: [GC (GCLocker Initiated GC) [PSYoungGen: 139608K->36902K(175104K)] 390980K->306594K(699392K), 0.0209908 secs] [Times: user=0.20 sys=0.00, real=0.02 secs] 
2016-09-24T00:48:14.674-0400: 251.960: [GC (GCLocker Initiated GC) [PSYoungGen: 124966K->73676K(175104K)] 407051K->355849K(699392K), 0.0259713 secs] [Times: user=0.27 sys=0.01, real=0.03 secs] 
2016-09-24T00:48:14.829-0400: 252.115: [GC (GCLocker Initiated GC) [PSYoungGen: 161740K->30923K(175104K)] 450254K->356170K(699392K), 0.0228013 secs] [Times: user=0.21 sys=0.00, real=0.02 secs] 
2016-09-24T00:48:14.984-0400: 252.271: [GC (GCLocker Initiated GC) [PSYoungGen: 118987K->55451K(175104K)] 450519K->417650K(699392K), 0.0099451 secs] [Times: user=0.07 sys=0.02, real=0.01 secs] 
2016-09-24T00:48:15.109-0400: 252.396: [GC (GCLocker Initiated GC) [PSYoungGen: 143515K->49084K(175104K)] 505817K->417868K(699392K), 0.0140044 secs] [Times: user=0.12 sys=0.00, real=0.02 secs] 
2016-09-24T00:48:15.264-0400: 252.551: [GC (GCLocker Initiated GC) [PSYoungGen: 137148K->49148K(175104K)] 505935K->454480K(699392K), 0.0152458 secs] [Times: user=0.17 sys=0.00, real=0.01 secs] 
2016-09-24T00:48:15.409-0400: 252.695: [GC (Allocation Failure) [PSYoungGen: 137212K->55611K(175104K)] 561097K->479779K(699392K), 0.0143636 secs] [Times: user=0.16 sys=0.00, real=0.02 secs] 
2016-09-24T00:48:15.541-0400: 252.828: [GC (GCLocker Initiated GC) [PSYoungGen: 141792K->37098K(175104K)] 572035K->485709K(699392K), 0.0312287 secs] [Times: user=0.35 sys=0.00, real=0.03 secs] 
2016-09-24T00:48:15.673-0400: 252.959: [GC (GCLocker Initiated GC) [PSYoungGen: 125162K->85694K(175104K)] 573854K->553059K(699392K), 0.0104184 secs] [Times: user=0.12 sys=0.00, real=0.02 secs] 
2016-09-24T00:48:15.683-0400: 252.970: [Full GC (Ergonomics) [PSYoungGen: 85694K->0K(175104K)] [ParOldGen: 467365K->61334K(524288K)] 553059K->61334K(699392K), [Metaspace: 44576K->44576K(1087488K)], 0.0566207 secs] [Times: user=0.31 sys=0.00, real=0.05 secs] 
2016-09-24T00:48:15.840-0400: 253.126: [GC (GCLocker Initiated GC) [PSYoungGen: 88064K->86050K(175104K)] 155728K->159789K(699392K), 0.0136615 secs] [Times: user=0.12 sys=0.00, real=0.01 secs] 
2016-09-24T00:48:15.993-0400: 253.279: [GC (Allocation Failure) [PSYoungGen: 174114K->43073K(175104K)] 247895K->135758K(699392K), 0.0095023 secs] [Times: user=0.09 sys=0.01, real=0.02 secs] 
2016-09-24T00:48:16.115-0400: 253.402: [GC (GCLocker Initiated GC) [PSYoungGen: 131137K->55319K(175104K)] 223828K->202977K(699392K), 0.0264230 secs] [Times: user=0.30 sys=0.00, real=0.02 secs] 
2016-09-24T00:48:16.262-0400: 253.548: [GC (GCLocker Initiated GC) [PSYoungGen: 143383K->73412K(175104K)] 297359K->245897K(699392K), 0.0173495 secs] [Times: user=0.18 sys=0.01, real=0.02 secs] 
2016-09-24T00:48:16.385-0400: 253.671: [GC (GCLocker Initiated GC) [PSYoungGen: 161476K->67505K(175104K)] 334198K->240323K(699392K), 0.0147386 secs] [Times: user=0.15 sys=0.00, real=0.01 secs] 
2016-09-24T00:48:16.505-0400: 253.792: [GC (GCLocker Initiated GC) [PSYoungGen: 155569K->49148K(175104K)] 334593K->246812K(699392K), 0.0091779 secs] [Times: user=0.06 sys=0.00, real=0.01 secs] 
2016-09-24T00:48:16.662-0400: 253.949: [GC (GCLocker Initiated GC) [PSYoungGen: 137212K->55287K(175104K)] 340999K->301702K(699392K), 0.0303426 secs] [Times: user=0.30 sys=0.00, real=0.02 secs] 
2016-09-24T00:48:16.811-0400: 254.097: [GC (GCLocker Initiated GC) [PSYoungGen: 143351K->79683K(175104K)] 390061K->381383K(699392K), 0.0249807 secs] [Times: user=0.28 sys=0.00, real=0.03 secs] 
2016-09-24T00:48:16.985-0400: 254.272: [GC (Allocation Failure) [PSYoungGen: 167747K->19032K(175104K)] 481874K->351644K(699392K), 0.0128842 secs] [Times: user=0.14 sys=0.00, real=0.01 secs] 
2016-09-24T00:48:17.110-0400: 254.396: [GC (GCLocker Initiated GC) [PSYoungGen: 107096K->73512K(175104K)] 439708K->406375K(699392K), 0.0081031 secs] [Times: user=0.06 sys=0.00, real=0.01 secs] 
2016-09-24T00:48:17.264-0400: 254.551: [GC (GCLocker Initiated GC) [PSYoungGen: 161576K->55191K(175104K)] 494671K->412674K(699392K), 0.0282121 secs] [Times: user=0.29 sys=0.00, real=0.02 secs] 
2016-09-24T00:48:17.407-0400: 254.693: [GC (GCLocker Initiated GC) [PSYoungGen: 143255K->79555K(175104K)] 500830K->455442K(699392K), 0.0125291 secs] [Times: user=0.07 sys=0.00, real=0.01 secs] 
2016-09-24T00:48:17.550-0400: 254.837: [GC (Allocation Failure) [PSYoungGen: 167619K->43173K(175104K)] 555861K->467968K(699392K), 0.0155490 secs] [Times: user=0.12 sys=0.00, real=0.02 secs] 
2016-09-24T00:48:17.669-0400: 254.955: [GC (GCLocker Initiated GC) [PSYoungGen: 131237K->85562K(175104K)] 556038K->534954K(699392K), 0.0239326 secs] [Times: user=0.24 sys=0.01, real=0.02 secs] 
2016-09-24T00:48:17.814-0400: 255.101: [GC (Allocation Failure) [PSYoungGen: 173626K->73772K(175104K)] 623059K->541550K(699392K), 0.0215146 secs] [Times: user=0.25 sys=0.00, real=0.02 secs] 
2016-09-24T00:48:17.955-0400: 255.241: [Full GC (Ergonomics) [PSYoungGen: 159371K->0K(175104K)] [ParOldGen: 473853K->54970K(524288K)] 633224K->54970K(699392K), [Metaspace: 44576K->44576K(1087488K)], 0.0643094 secs] [Times: user=0.34 sys=0.02, real=0.06 secs] 
2016-09-24T00:48:18.148-0400: 255.434: [GC (GCLocker Initiated GC) [PSYoungGen: 88064K->79911K(175104K)] 143048K->134896K(699392K), 0.0235058 secs] [Times: user=0.22 sys=0.00, real=0.02 secs] 
2016-09-24T00:48:18.294-0400: 255.581: [GC (Allocation Failure) [PSYoungGen: 167975K->43005K(175104K)] 229250K->165570K(699392K), 0.0094248 secs] [Times: user=0.10 sys=0.00, real=0.01 secs] 
2016-09-24T00:48:18.413-0400: 255.700: [GC (GCLocker Initiated GC) [PSYoungGen: 125330K->49312K(175104K)] 253970K->202339K(699392K), 0.0238298 secs] [Times: user=0.24 sys=0.00, real=0.03 secs] 
2016-09-24T00:48:18.556-0400: 255.842: [GC (Allocation Failure) [PSYoungGen: 137376K->55059K(175104K)] 290573K->226921K(699392K), 0.0079219 secs] [Times: user=0.05 sys=0.00, real=0.01 secs] 
2016-09-24T00:48:18.687-0400: 255.973: [GC (Allocation Failure) [PSYoungGen: 142531K->43301K(175104K)] 314394K->233491K(699392K), 0.0344886 secs] [Times: user=0.38 sys=0.01, real=0.03 secs] 
2016-09-24T00:48:18.845-0400: 256.131: [GC (GCLocker Initiated GC) [PSYoungGen: 129535K->55415K(175104K)] 325801K->270361K(699392K), 0.0098170 secs] [Times: user=0.11 sys=0.00, real=0.01 secs] 
2016-09-24T00:48:19.009-0400: 256.296: [GC (GCLocker Initiated GC) [PSYoungGen: 143479K->37354K(175104K)] 376854K->289081K(699392K), 0.0091401 secs] [Times: user=0.10 sys=0.01, real=0.01 secs] 
2016-09-24T00:48:19.156-0400: 256.443: [GC (Allocation Failure) [PSYoungGen: 125418K->36998K(175104K)] 377495K->289498K(699392K), 0.0141163 secs] [Times: user=0.14 sys=0.00, real=0.01 secs] 
2016-09-24T00:48:19.281-0400: 256.567: [GC (GCLocker Initiated GC) [PSYoungGen: 125062K->79747K(175104K)] 377563K->350569K(699392K), 0.0264057 secs] [Times: user=0.30 sys=0.00, real=0.03 secs] 
2016-09-24T00:48:19.439-0400: 256.725: [GC (GCLocker Initiated GC) [PSYoungGen: 167811K->55319K(175104K)] 450898K->356751K(699392K), 0.0142237 secs] [Times: user=0.15 sys=0.01, real=0.01 secs] 
2016-09-24T00:48:19.575-0400: 256.861: [GC (GCLocker Initiated GC) [PSYoungGen: 143383K->55483K(175104K)] 444974K->357358K(699392K), 0.0173716 secs] [Times: user=0.19 sys=0.00, real=0.01 secs] 
2016-09-24T00:48:19.700-0400: 256.987: [GC (GCLocker Initiated GC) [PSYoungGen: 143547K->67633K(175104K)] 451539K->393945K(699392K), 0.0179079 secs] [Times: user=0.16 sys=0.00, real=0.02 secs] 
2016-09-24T00:48:19.889-0400: 257.175: [GC (GCLocker Initiated GC) [PSYoungGen: 155697K->37194K(175104K)] 500567K->436999K(699392K), 0.0301542 secs] [Times: user=0.32 sys=0.00, real=0.03 secs] 
2016-09-24T00:48:20.061-0400: 257.347: [GC (GCLocker Initiated GC) [PSYoungGen: 125258K->67437K(175104K)] 537255K->479725K(699392K), 0.0209850 secs] [Times: user=0.23 sys=0.00, real=0.02 secs] 
2016-09-24T00:48:20.207-0400: 257.493: [GC (GCLocker Initiated GC) [PSYoungGen: 155501K->31086K(175104K)] 580150K->474056K(699392K), 0.0150193 secs] [Times: user=0.14 sys=0.00, real=0.01 secs] 
2016-09-24T00:48:20.338-0400: 257.624: [GC (Allocation Failure) [PSYoungGen: 119150K->61298K(175104K)] 562476K->523303K(699392K), 0.0135830 secs] [Times: user=0.14 sys=0.01, real=0.01 secs] 
2016-09-24T00:48:20.467-0400: 257.754: [GC (GCLocker Initiated GC) [PSYoungGen: 149362K->61298K(175104K)] 611373K->541637K(699392K), 0.0106318 secs] [Times: user=0.08 sys=0.00, real=0.01 secs] 
2016-09-24T00:48:20.478-0400: 257.765: [Full GC (Ergonomics) [PSYoungGen: 61298K->0K(175104K)] [ParOldGen: 480339K->49328K(524288K)] 541637K->49328K(699392K), [Metaspace: 44576K->44576K(1087488K)], 0.0596673 secs] [Times: user=0.34 sys=0.01, real=0.06 secs] 
2016-09-24T00:48:20.657-0400: 257.943: [GC (GCLocker Initiated GC) [PSYoungGen: 88064K->86046K(175104K)] 137529K->159811K(699392K), 0.0115090 secs] [Times: user=0.11 sys=0.01, real=0.01 secs] 
2016-09-24T00:48:20.791-0400: 258.077: [GC (GCLocker Initiated GC) [PSYoungGen: 174110K->55155K(175104K)] 253998K->202408K(699392K), 0.0189215 secs] [Times: user=0.19 sys=0.00, real=0.02 secs] 
2016-09-24T00:48:20.907-0400: 258.194: [GC (GCLocker Initiated GC) [PSYoungGen: 143219K->61526K(175104K)] 290621K->239406K(699392K), 0.0166557 secs] [Times: user=0.15 sys=0.00, real=0.02 secs] 
2016-09-24T00:48:21.055-0400: 258.341: [GC (GCLocker Initiated GC) [PSYoungGen: 149590K->55287K(175104K)] 327787K->258043K(699392K), 0.0121989 secs] [Times: user=0.09 sys=0.01, real=0.01 secs] 
2016-09-24T00:48:21.174-0400: 258.460: [GC (GCLocker Initiated GC) [PSYoungGen: 143351K->85726K(175104K)] 346149K->307033K(699392K), 0.0100448 secs] [Times: user=0.11 sys=0.01, real=0.02 secs] 
2016-09-24T00:48:21.297-0400: 258.583: [GC (GCLocker Initiated GC) [PSYoungGen: 173790K->55219K(175104K)] 395105K->337591K(699392K), 0.0112475 secs] [Times: user=0.14 sys=0.00, real=0.01 secs] 
2016-09-24T00:48:21.441-0400: 258.728: [GC (GCLocker Initiated GC) [PSYoungGen: 143283K->85662K(175104K)] 425977K->374534K(699392K), 0.0181250 secs] [Times: user=0.20 sys=0.00, real=0.02 secs] 
2016-09-24T00:48:21.576-0400: 258.863: [GC (Allocation Failure) [PSYoungGen: 173726K->49212K(175104K)] 468917K->362943K(699392K), 0.0153047 secs] [Times: user=0.17 sys=0.00, real=0.01 secs] 
2016-09-24T00:48:21.697-0400: 258.984: [GC (GCLocker Initiated GC) [PSYoungGen: 137276K->61458K(175104K)] 451013K->418011K(699392K), 0.0247239 secs] [Times: user=0.25 sys=0.00, real=0.02 secs] 
2016-09-24T00:48:21.868-0400: 259.155: [GC (GCLocker Initiated GC) [PSYoungGen: 149522K->55419K(175104K)] 512439K->436697K(699392K), 0.0111065 secs] [Times: user=0.12 sys=0.00, real=0.01 secs] 
2016-09-24T00:48:22.034-0400: 259.321: [GC (GCLocker Initiated GC) [PSYoungGen: 143483K->31022K(175104K)] 537266K->443423K(699392K), 0.0143661 secs] [Times: user=0.15 sys=0.00, real=0.01 secs] 
2016-09-24T00:48:22.205-0400: 259.491: [GC (GCLocker Initiated GC) [PSYoungGen: 119086K->37485K(175104K)] 537771K->456461K(699392K), 0.0053972 secs] [Times: user=0.06 sys=0.00, real=0.00 secs] 
2016-09-24T00:48:22.301-0400: 259.588: [GC (GCLocker Initiated GC) [PSYoungGen: 125549K->85694K(175104K)] 544719K->517109K(699392K), 0.0106955 secs] [Times: user=0.07 sys=0.00, real=0.01 secs] 
2016-09-24T00:48:22.439-0400: 259.725: [GC (GCLocker Initiated GC) [PSYoungGen: 173758K->49116K(175104K)] 605349K->547799K(699392K), 0.0247694 secs] [Times: user=0.25 sys=0.00, real=0.03 secs] 
2016-09-24T00:48:22.464-0400: 259.751: [Full GC (Ergonomics) [PSYoungGen: 49116K->0K(175104K)] [ParOldGen: 498683K->43143K(524288K)] 547799K->43143K(699392K), [Metaspace: 44578K->44578K(1087488K)], 0.0584306 secs] [Times: user=0.31 sys=0.01, real=0.06 secs] 
2016-09-24T00:48:22.632-0400: 259.919: [GC (Allocation Failure) [PSYoungGen: 88064K->85986K(175104K)] 131406K->153628K(699392K), 0.0227566 secs] [Times: user=0.21 sys=0.00, real=0.03 secs] 
2016-09-24T00:48:22.770-0400: 260.057: [GC (GCLocker Initiated GC) [PSYoungGen: 174050K->31150K(175104K)] 241698K->190479K(699392K), 0.0340564 secs] [Times: user=0.39 sys=0.01, real=0.04 secs] 
2016-09-24T00:48:22.907-0400: 260.193: [GC (Allocation Failure) [PSYoungGen: 119214K->85630K(175104K)] 278641K->263549K(699392K), 0.0114539 secs] [Times: user=0.10 sys=0.00, real=0.01 secs] 
2016-09-24T00:48:22.919-0400: 260.205: [GC (GCLocker Initiated GC) [PSYoungGen: 85641K->64K(175104K)] 263561K->251221K(699392K), 0.0148726 secs] [Times: user=0.14 sys=0.01, real=0.01 secs] 
2016-09-24T00:48:23.077-0400: 260.363: [GC (GCLocker Initiated GC) [PSYoungGen: 82151K->61586K(175104K)] 339384K->318818K(699392K), 0.0303467 secs] [Times: user=0.30 sys=0.01, real=0.03 secs] 
2016-09-24T00:48:23.230-0400: 260.516: [GC (GCLocker Initiated GC) [PSYoungGen: 149650K->55223K(175104K)] 407333K->331654K(699392K), 0.0183648 secs] [Times: user=0.19 sys=0.01, real=0.02 secs] 
2016-09-24T00:48:23.356-0400: 260.642: [GC (GCLocker Initiated GC) [PSYoungGen: 143287K->73676K(175104K)] 419889K->387027K(699392K), 0.0184849 secs] [Times: user=0.19 sys=0.00, real=0.02 secs] 
2016-09-24T00:48:23.514-0400: 260.800: [GC (GCLocker Initiated GC) [PSYoungGen: 161740K->25011K(175104K)] 493419K->387310K(699392K), 0.0217840 secs] [Times: user=0.18 sys=0.00, real=0.03 secs] 
2016-09-24T00:48:23.655-0400: 260.941: [GC (GCLocker Initiated GC) [PSYoungGen: 113075K->36966K(175104K)] 487857K->411998K(699392K), 0.0090133 secs] [Times: user=0.09 sys=0.00, real=0.01 secs] 
2016-09-24T00:48:23.785-0400: 261.071: [GC (GCLocker Initiated GC) [PSYoungGen: 125030K->73512K(175104K)] 506184K->479070K(699392K), 0.0354190 secs] [Times: user=0.41 sys=0.00, real=0.03 secs] 
2016-09-24T00:48:23.924-0400: 261.210: [GC (GCLocker Initiated GC) [PSYoungGen: 161576K->61658K(175104K)] 573261K->497935K(699392K), 0.0156627 secs] [Times: user=0.15 sys=0.00, real=0.01 secs] 
2016-09-24T00:48:24.049-0400: 261.335: [GC (GCLocker Initiated GC) [PSYoungGen: 149722K->73544K(175104K)] 586197K->534931K(699392K), 0.0129112 secs] [Times: user=0.14 sys=0.00, real=0.01 secs] 
2016-09-24T00:48:24.062-0400: 261.348: [Full GC (Ergonomics) [PSYoungGen: 73544K->0K(175104K)] [ParOldGen: 461386K->55909K(524288K)] 534931K->55909K(699392K), [Metaspace: 44579K->44579K(1087488K)], 0.0584066 secs] [Times: user=0.36 sys=0.00, real=0.06 secs] 
2016-09-24T00:48:24.234-0400: 261.521: [GC (Allocation Failure) [PSYoungGen: 88064K->85950K(175104K)] 144027K->160138K(699392K), 0.0131466 secs] [Times: user=0.13 sys=0.00, real=0.01 secs] 
2016-09-24T00:48:24.354-0400: 261.641: [GC (GCLocker Initiated GC) [PSYoungGen: 174014K->67665K(175104K)] 248202K->197240K(699392K), 0.0253017 secs] [Times: user=0.29 sys=0.01, real=0.02 secs] 
2016-09-24T00:48:24.520-0400: 261.806: [GC (GCLocker Initiated GC) [PSYoungGen: 155729K->36998K(175104K)] 291522K->209672K(699392K), 0.0200406 secs] [Times: user=0.20 sys=0.00, real=0.02 secs] 
2016-09-24T00:48:24.678-0400: 261.965: [GC (Allocation Failure) [PSYoungGen: 125062K->73608K(175104K)] 297924K->246605K(699392K), 0.0074986 secs] [Times: user=0.10 sys=0.01, real=0.01 secs] 
2016-09-24T00:48:24.802-0400: 262.088: [GC (GCLocker Initiated GC) [PSYoungGen: 158025K->55547K(175104K)] 337097K->271393K(699392K), 0.0090888 secs] [Times: user=0.10 sys=0.00, real=0.01 secs] 
2016-09-24T00:48:24.907-0400: 262.193: [GC (GCLocker Initiated GC) [PSYoungGen: 143611K->73380K(175104K)] 365843K->320187K(699392K), 0.0114476 secs] [Times: user=0.11 sys=0.00, real=0.01 secs] 
2016-09-24T00:48:25.052-0400: 262.339: [GC (GCLocker Initiated GC) [PSYoungGen: 161444K->37258K(175104K)] 420427K->332818K(699392K), 0.0272107 secs] [Times: user=0.32 sys=0.00, real=0.03 secs] 
2016-09-24T00:48:25.216-0400: 262.502: [GC (GCLocker Initiated GC) [PSYoungGen: 125322K->73444K(175104K)] 420930K->369500K(699392K), 0.0102923 secs] [Times: user=0.10 sys=0.01, real=0.01 secs] 
2016-09-24T00:48:25.333-0400: 262.620: [GC (GCLocker Initiated GC) [PSYoungGen: 161508K->79719K(175104K)] 457808K->394363K(699392K), 0.0111296 secs] [Times: user=0.10 sys=0.01, real=0.02 secs] 
2016-09-24T00:48:25.465-0400: 262.751: [GC (GCLocker Initiated GC) [PSYoungGen: 167781K->61526K(175104K)] 482786K->413257K(699392K), 0.0143604 secs] [Times: user=0.16 sys=0.00, real=0.01 secs] 
2016-09-24T00:48:25.644-0400: 262.930: [GC (GCLocker Initiated GC) [PSYoungGen: 149590K->73448K(175104K)] 501452K->443630K(699392K), 0.0181623 secs] [Times: user=0.18 sys=0.00, real=0.01 secs] 
2016-09-24T00:48:25.791-0400: 263.077: [GC (GCLocker Initiated GC) [PSYoungGen: 161512K->49180K(175104K)] 544089K->450069K(699392K), 0.0075184 secs] [Times: user=0.07 sys=0.00, real=0.01 secs] 
2016-09-24T00:48:25.907-0400: 263.193: [GC (GCLocker Initiated GC) [PSYoungGen: 137244K->37617K(175104K)] 544223K->475107K(699392K), 0.0103824 secs] [Times: user=0.13 sys=0.00, real=0.01 secs] 
2016-09-24T00:48:26.049-0400: 263.336: [GC (GCLocker Initiated GC) [PSYoungGen: 125681K->79523K(175104K)] 563376K->536038K(699392K), 0.0127024 secs] [Times: user=0.12 sys=0.00, real=0.01 secs] 
2016-09-24T00:48:26.170-0400: 263.457: [GC (GCLocker Initiated GC) [PSYoungGen: 167587K->55287K(175104K)] 624395K->560955K(699392K), 0.0211950 secs] [Times: user=0.23 sys=0.00, real=0.02 secs] 
2016-09-24T00:48:26.191-0400: 263.478: [Full GC (Ergonomics) [PSYoungGen: 55287K->0K(175104K)] [ParOldGen: 505668K->49849K(524288K)] 560955K->49849K(699392K), [Metaspace: 44582K->44582K(1087488K)], 0.0595701 secs] [Times: user=0.32 sys=0.00, real=0.06 secs] 
2016-09-24T00:48:26.357-0400: 263.643: [GC (GCLocker Initiated GC) [PSYoungGen: 88064K->73836K(175104K)] 144266K->130046K(699392K), 0.0188364 secs] [Times: user=0.21 sys=0.00, real=0.02 secs] 
2016-09-24T00:48:26.512-0400: 263.798: [GC (GCLocker Initiated GC) [PSYoungGen: 161900K->49180K(175104K)] 218130K->148210K(699392K), 0.0223596 secs] [Times: user=0.21 sys=0.01, real=0.03 secs] 
2016-09-24T00:48:26.637-0400: 263.924: [GC (GCLocker Initiated GC) [PSYoungGen: 137244K->55451K(175104K)] 236316K->179082K(699392K), 0.0098460 secs] [Times: user=0.06 sys=0.01, real=0.01 secs] 
2016-09-24T00:48:26.738-0400: 264.024: [GC (GCLocker Initiated GC) [PSYoungGen: 143515K->67861K(175104K)] 267440K->210310K(699392K), 0.0101277 secs] [Times: user=0.08 sys=0.00, real=0.01 secs] 
2016-09-24T00:48:26.866-0400: 264.153: [GC (GCLocker Initiated GC) [PSYoungGen: 155925K->67405K(175104K)] 298489K->240456K(699392K), 0.0097205 secs] [Times: user=0.10 sys=0.00, real=0.01 secs] 
2016-09-24T00:48:27.005-0400: 264.292: [GC (GCLocker Initiated GC) [PSYoungGen: 155469K->43301K(175104K)] 340857K->247009K(699392K), 0.0149271 secs] [Times: user=0.14 sys=0.01, real=0.01 secs] 
2016-09-24T00:48:27.142-0400: 264.428: [GC (GCLocker Initiated GC) [PSYoungGen: 131365K->55319K(175104K)] 341179K->265440K(699392K), 0.0136825 secs] [Times: user=0.16 sys=0.00, real=0.02 secs] 
2016-09-24T00:48:27.279-0400: 264.565: [GC (GCLocker Initiated GC) [PSYoungGen: 143383K->85826K(175104K)] 359621K->332723K(699392K), 0.0119999 secs] [Times: user=0.13 sys=0.01, real=0.01 secs] 
2016-09-24T00:48:27.421-0400: 264.707: [GC (GCLocker Initiated GC) [PSYoungGen: 173890K->61298K(175104K)] 421031K->357314K(699392K), 0.0241086 secs] [Times: user=0.26 sys=0.00, real=0.03 secs] 
2016-09-24T00:48:27.545-0400: 264.832: [GC (GCLocker Initiated GC) [PSYoungGen: 149362K->79619K(175104K)] 445555K->376087K(699392K), 0.0220122 secs] [Times: user=0.23 sys=0.00, real=0.02 secs] 
2016-09-24T00:48:27.700-0400: 264.986: [GC (Allocation Failure) [PSYoungGen: 167683K->55383K(175104K)] 464473K->407147K(699392K), 0.0096815 secs] [Times: user=0.09 sys=0.01, real=0.01 secs] 
2016-09-24T00:48:27.835-0400: 265.122: [GC (GCLocker Initiated GC) [PSYoungGen: 143447K->85726K(175104K)] 495222K->461905K(699392K), 0.0138024 secs] [Times: user=0.14 sys=0.00, real=0.01 secs] 
2016-09-24T00:48:27.971-0400: 265.257: [GC (GCLocker Initiated GC) [PSYoungGen: 173790K->61754K(175104K)] 550196K->468686K(699392K), 0.0236209 secs] [Times: user=0.23 sys=0.00, real=0.03 secs] 
2016-09-24T00:48:28.079-0400: 265.366: [GC (GCLocker Initiated GC) [PSYoungGen: 149818K->85854K(175104K)] 556792K->559969K(699392K), 0.0133595 secs] [Times: user=0.21 sys=0.00, real=0.01 secs] 
2016-09-24T00:48:28.093-0400: 265.379: [Full GC (Ergonomics) [PSYoungGen: 85854K->0K(175104K)] [ParOldGen: 474115K->59809K(524288K)] 559969K->59809K(699392K), [Metaspace: 44600K->44600K(1087488K)], 0.0644349 secs] [Times: user=0.53 sys=0.01, real=0.07 secs] 
2016-09-24T00:48:28.253-0400: 265.539: [GC (GCLocker Initiated GC) [PSYoungGen: 88064K->86406K(175104K)] 148077K->170719K(699392K), 0.0118813 secs] [Times: user=0.18 sys=0.00, real=0.02 secs] 
2016-09-24T00:48:28.399-0400: 265.685: [GC (Allocation Failure) [PSYoungGen: 174470K->49208K(175104K)] 264922K->177158K(699392K), 0.0121292 secs] [Times: user=0.15 sys=0.00, real=0.01 secs] 
2016-09-24T00:48:28.513-0400: 265.799: [GC (GCLocker Initiated GC) [PSYoungGen: 137272K->73708K(175104K)] 265222K->220011K(699392K), 0.0151134 secs] [Times: user=0.17 sys=0.01, real=0.02 secs] 
2016-09-24T00:48:28.656-0400: 265.942: [GC (GCLocker Initiated GC) [PSYoungGen: 161772K->85986K(175104K)] 308129K->281218K(699392K), 0.0285948 secs] [Times: user=0.36 sys=0.01, real=0.03 secs] 
2016-09-24T00:48:28.810-0400: 266.097: [GC (GCLocker Initiated GC) [PSYoungGen: 174050K->55415K(175104K)] 369623K->317964K(699392K), 0.0114979 secs] [Times: user=0.18 sys=0.00, real=0.01 secs] 
2016-09-24T00:48:28.918-0400: 266.204: [GC (GCLocker Initiated GC) [PSYoungGen: 143479K->85986K(175104K)] 406362K->355228K(699392K), 0.0110989 secs] [Times: user=0.11 sys=0.00, real=0.01 secs] 
2016-09-24T00:48:29.080-0400: 266.366: [GC (GCLocker Initiated GC) [PSYoungGen: 174050K->37290K(175104K)] 443556K->343530K(699392K), 0.0127605 secs] [Times: user=0.12 sys=0.00, real=0.01 secs] 
2016-09-24T00:48:29.207-0400: 266.494: [GC (GCLocker Initiated GC) [PSYoungGen: 125354K->73576K(175104K)] 437969K->386615K(699392K), 0.0089260 secs] [Times: user=0.07 sys=0.00, real=0.01 secs] 
2016-09-24T00:48:29.330-0400: 266.616: [GC (GCLocker Initiated GC) [PSYoungGen: 161640K->67565K(175104K)] 474878K->399140K(699392K), 0.0320639 secs] [Times: user=0.36 sys=0.00, real=0.04 secs] 
2016-09-24T00:48:29.474-0400: 266.760: [GC (Allocation Failure) [PSYoungGen: 155629K->49052K(175104K)] 493595K->405495K(699392K), 0.0097381 secs] [Times: user=0.04 sys=0.01, real=0.02 secs] 
2016-09-24T00:48:29.612-0400: 266.899: [GC (GCLocker Initiated GC) [PSYoungGen: 137116K->61166K(175104K)] 493565K->448265K(699392K), 0.0221105 secs] [Times: user=0.22 sys=0.00, real=0.03 secs] 
2016-09-24T00:48:29.756-0400: 267.043: [GC (Allocation Failure) [PSYoungGen: 149230K->55451K(175104K)] 542731K->449064K(699392K), 0.0147074 secs] [Times: user=0.15 sys=0.00, real=0.01 secs] 
2016-09-24T00:48:29.886-0400: 267.172: [GC (GCLocker Initiated GC) [PSYoungGen: 143515K->55223K(175104K)] 537143K->455194K(699392K), 0.0233192 secs] [Times: user=0.23 sys=0.01, real=0.02 secs] 
2016-09-24T00:48:30.053-0400: 267.339: [GC (Allocation Failure) [PSYoungGen: 143287K->73644K(175104K)] 549682K->480143K(699392K), 0.0069362 secs] [Times: user=0.06 sys=0.00, real=0.01 secs] 
2016-09-24T00:48:30.188-0400: 267.474: [GC (GCLocker Initiated GC) [PSYoungGen: 161708K->55351K(175104K)] 568207K->480523K(699392K), 0.0157369 secs] [Times: user=0.21 sys=0.00, real=0.02 secs] 
2016-09-24T00:48:30.299-0400: 267.585: [GC (GCLocker Initiated GC) [PSYoungGen: 143415K->55383K(175104K)] 574866K->535578K(699392K), 0.0091840 secs] [Times: user=0.12 sys=0.00, real=0.01 secs] 
2016-09-24T00:48:30.308-0400: 267.595: [Full GC (Ergonomics) [PSYoungGen: 55383K->0K(175104K)] [ParOldGen: 480195K->59969K(524288K)] 535578K->59969K(699392K), [Metaspace: 44606K->44606K(1087488K)], 0.0584020 secs] [Times: user=0.43 sys=0.01, real=0.06 secs] 
2016-09-24T00:48:30.461-0400: 267.747: [GC (GCLocker Initiated GC) [PSYoungGen: 88064K->86598K(175104K)] 148400K->153009K(699392K), 0.0218758 secs] [Times: user=0.33 sys=0.00, real=0.03 secs] 
2016-09-24T00:48:30.637-0400: 267.923: [GC (GCLocker Initiated GC) [PSYoungGen: 174662K->37354K(175104K)] 259462K->141487K(699392K), 0.0056723 secs] [Times: user=0.06 sys=0.01, real=0.01 secs] 
2016-09-24T00:48:30.774-0400: 268.060: [GC (GCLocker Initiated GC) [PSYoungGen: 125418K->61266K(175104K)] 229615K->165731K(699392K), 0.0175509 secs] [Times: user=0.17 sys=0.02, real=0.02 secs] 
2016-09-24T00:48:30.904-0400: 268.190: [GC (GCLocker Initiated GC) [PSYoungGen: 149330K->85758K(175104K)] 253859K->220806K(699392K), 0.0244038 secs] [Times: user=0.27 sys=0.00, real=0.02 secs] 
2016-09-24T00:48:31.055-0400: 268.341: [GC (GCLocker Initiated GC) [PSYoungGen: 173822K->49472K(175104K)] 321375K->233750K(699392K), 0.0167541 secs] [Times: user=0.18 sys=0.00, real=0.01 secs] 
2016-09-24T00:48:31.206-0400: 268.493: [GC (Allocation Failure) [PSYoungGen: 137536K->55351K(175104K)] 334235K->252326K(699392K), 0.0097891 secs] [Times: user=0.10 sys=0.00, real=0.01 secs] 
2016-09-24T00:48:31.337-0400: 268.623: [GC (GCLocker Initiated GC) [PSYoungGen: 141248K->55383K(175104K)] 344299K->276933K(699392K), 0.0183526 secs] [Times: user=0.15 sys=0.00, real=0.02 secs] 
2016-09-24T00:48:31.487-0400: 268.773: [GC (GCLocker Initiated GC) [PSYoungGen: 143447K->43173K(175104K)] 365185K->301456K(699392K), 0.0107659 secs] [Times: user=0.07 sys=0.01, real=0.01 secs] 
2016-09-24T00:48:31.602-0400: 268.889: [GC (GCLocker Initiated GC) [PSYoungGen: 131237K->61266K(175104K)] 395701K->325982K(699392K), 0.0215218 secs] [Times: user=0.20 sys=0.00, real=0.02 secs] 
2016-09-24T00:48:31.739-0400: 269.025: [GC (GCLocker Initiated GC) [PSYoungGen: 149330K->85890K(175104K)] 420449K->363172K(699392K), 0.0150055 secs] [Times: user=0.14 sys=0.01, real=0.01 secs] 
2016-09-24T00:48:31.884-0400: 269.170: [GC (GCLocker Initiated GC) [PSYoungGen: 173954K->42909K(175104K)] 457329K->363181K(699392K), 0.0223925 secs] [Times: user=0.21 sys=0.00, real=0.02 secs] 
2016-09-24T00:48:32.018-0400: 269.305: [GC (GCLocker Initiated GC) [PSYoungGen: 130973K->85826K(175104K)] 451260K->406225K(699392K), 0.0164828 secs] [Times: user=0.17 sys=0.00, real=0.02 secs] 
2016-09-24T00:48:32.159-0400: 269.446: [GC (Allocation Failure) [PSYoungGen: 173890K->49180K(175104K)] 494302K->412572K(699392K), 0.0093128 secs] [Times: user=0.11 sys=0.01, real=0.01 secs] 
2016-09-24T00:48:32.287-0400: 269.573: [GC (GCLocker Initiated GC) [PSYoungGen: 137244K->49084K(175104K)] 500642K->443101K(699392K), 0.0292957 secs] [Times: user=0.28 sys=0.00, real=0.03 secs] 
2016-09-24T00:48:32.429-0400: 269.715: [GC (GCLocker Initiated GC) [PSYoungGen: 137148K->85758K(175104K)] 531319K->504512K(699392K), 0.0109864 secs] [Times: user=0.12 sys=0.00, real=0.01 secs] 
2016-09-24T00:48:32.538-0400: 269.824: [GC (GCLocker Initiated GC) [PSYoungGen: 173822K->73608K(175104K)] 592893K->535512K(699392K), 0.0138395 secs] [Times: user=0.13 sys=0.01, real=0.01 secs] 
2016-09-24T00:48:32.552-0400: 269.838: [Full GC (Ergonomics) [PSYoungGen: 73608K->0K(175104K)] [ParOldGen: 461904K->60044K(524288K)] 535512K->60044K(699392K), [Metaspace: 44607K->44607K(1087488K)], 0.0746820 secs] [Times: user=0.50 sys=0.01, real=0.08 secs] 
2016-09-24T00:48:32.765-0400: 270.051: [GC (GCLocker Initiated GC) [PSYoungGen: 88064K->68021K(175104K)] 148452K->128409K(699392K), 0.0176494 secs] [Times: user=0.16 sys=0.00, real=0.02 secs] 
2016-09-24T00:48:32.884-0400: 270.170: [GC (GCLocker Initiated GC) [PSYoungGen: 156085K->73576K(175104K)] 222837K->159280K(699392K), 0.0092729 secs] [Times: user=0.10 sys=0.00, real=0.00 secs] 
2016-09-24T00:48:33.009-0400: 270.296: [GC (GCLocker Initiated GC) [PSYoungGen: 161640K->73772K(175104K)] 253490K->196133K(699392K), 0.0116964 secs] [Times: user=0.14 sys=0.00, real=0.01 secs] 
2016-09-24T00:48:33.152-0400: 270.438: [GC (Allocation Failure) [PSYoungGen: 161836K->43361K(175104K)] 284306K->196465K(699392K), 0.0118156 secs] [Times: user=0.09 sys=0.00, real=0.02 secs] 
2016-09-24T00:48:33.276-0400: 270.562: [GC (GCLocker Initiated GC) [PSYoungGen: 131425K->85854K(175104K)] 284531K->294051K(699392K), 0.0131843 secs] [Times: user=0.19 sys=0.00, real=0.01 secs] 
2016-09-24T00:48:33.415-0400: 270.701: [GC (GCLocker Initiated GC) [PSYoungGen: 173918K->61426K(175104K)] 382224K->288232K(699392K), 0.0097492 secs] [Times: user=0.09 sys=0.00, real=0.01 secs] 
2016-09-24T00:48:33.543-0400: 270.829: [GC (GCLocker Initiated GC) [PSYoungGen: 149490K->55223K(175104K)] 388706K->294699K(699392K), 0.0152791 secs] [Times: user=0.11 sys=0.01, real=0.01 secs] 
2016-09-24T00:48:33.689-0400: 270.975: [GC (GCLocker Initiated GC) [PSYoungGen: 143287K->43105K(175104K)] 388851K->307169K(699392K), 0.0186085 secs] [Times: user=0.17 sys=0.00, real=0.02 secs] 
2016-09-24T00:48:33.834-0400: 271.120: [GC (GCLocker Initiated GC) [PSYoungGen: 131169K->55219K(175104K)] 395331K->319680K(699392K), 0.0175451 secs] [Times: user=0.17 sys=0.00, real=0.02 secs] 
2016-09-24T00:48:33.961-0400: 271.248: [GC (GCLocker Initiated GC) [PSYoungGen: 143283K->49248K(175104K)] 407848K->344291K(699392K), 0.0096748 secs] [Times: user=0.07 sys=0.00, real=0.01 secs] 
2016-09-24T00:48:34.106-0400: 271.393: [GC (GCLocker Initiated GC) [PSYoungGen: 137312K->24848K(175104K)] 450847K->356835K(699392K), 0.0145960 secs] [Times: user=0.11 sys=0.00, real=0.01 secs] 
2016-09-24T00:48:34.266-0400: 271.552: [GC (GCLocker Initiated GC) [PSYoungGen: 112912K->55287K(175104K)] 451117K->393596K(699392K), 0.0100321 secs] [Times: user=0.09 sys=0.00, real=0.01 secs] 
2016-09-24T00:48:34.395-0400: 271.681: [GC (GCLocker Initiated GC) [PSYoungGen: 143351K->67537K(175104K)] 481780K->436445K(699392K), 0.0201111 secs] [Times: user=0.18 sys=0.00, real=0.02 secs] 
2016-09-24T00:48:34.530-0400: 271.816: [GC (GCLocker Initiated GC) [PSYoungGen: 155601K->55287K(175104K)] 530632K->485284K(699392K), 0.0271269 secs] [Times: user=0.26 sys=0.00, real=0.03 secs] 
2016-09-24T00:48:34.677-0400: 271.963: [GC (GCLocker Initiated GC) [PSYoungGen: 143351K->49312K(175104K)] 579779K->516194K(699392K), 0.0081427 secs] [Times: user=0.08 sys=0.00, real=0.01 secs] 
2016-09-24T00:48:34.685-0400: 271.971: [Full GC (Ergonomics) [PSYoungGen: 49312K->0K(175104K)] [ParOldGen: 466882K->53962K(524288K)] 516194K->53962K(699392K), [Metaspace: 44607K->44607K(1087488K)], 0.0568463 secs] [Times: user=0.28 sys=0.01, real=0.05 secs] 
2016-09-24T00:48:34.878-0400: 272.165: [GC (Allocation Failure) [PSYoungGen: 88064K->85758K(175104K)] 142382K->146151K(699392K), 0.0102492 secs] [Times: user=0.09 sys=0.00, real=0.01 secs] 
2016-09-24T00:48:35.039-0400: 272.325: [GC (GCLocker Initiated GC) [PSYoungGen: 173822K->73444K(175104K)] 234216K->152371K(699392K), 0.0105778 secs] [Times: user=0.13 sys=0.00, real=0.01 secs] 
2016-09-24T00:48:35.154-0400: 272.441: [GC (GCLocker Initiated GC) [PSYoungGen: 161508K->61230K(175104K)] 246597K->164647K(699392K), 0.0084441 secs] [Times: user=0.08 sys=0.00, real=0.01 secs] 
2016-09-24T00:48:35.273-0400: 272.560: [GC (GCLocker Initiated GC) [PSYoungGen: 149294K->49536K(175104K)] 258850K->183512K(699392K), 0.0177383 secs] [Times: user=0.20 sys=0.00, real=0.02 secs] 
2016-09-24T00:48:35.421-0400: 272.708: [GC (GCLocker Initiated GC) [PSYoungGen: 137600K->74327K(175104K)] 271778K->208813K(699392K), 0.0108526 secs] [Times: user=0.16 sys=0.00, real=0.01 secs] 
2016-09-24T00:48:35.529-0400: 272.815: [GC (GCLocker Initiated GC) [PSYoungGen: 162391K->85822K(175104K)] 296902K->245104K(699392K), 0.0129847 secs] [Times: user=0.18 sys=0.00, real=0.01 secs] 
2016-09-24T00:48:35.655-0400: 272.942: [GC (GCLocker Initiated GC) [PSYoungGen: 173886K->73772K(175104K)] 339581K->294254K(699392K), 0.0233297 secs] [Times: user=0.26 sys=0.01, real=0.02 secs] 
2016-09-24T00:48:35.809-0400: 273.095: [GC (Allocation Failure) [PSYoungGen: 161836K->55059K(175104K)] 382387K->306432K(699392K), 0.0194887 secs] [Times: user=0.20 sys=0.00, real=0.02 secs] 
2016-09-24T00:48:35.933-0400: 273.219: [GC (GCLocker Initiated GC) [PSYoungGen: 143123K->85858K(175104K)] 394502K->343440K(699392K), 0.0087994 secs] [Times: user=0.07 sys=0.00, real=0.01 secs] 
2016-09-24T00:48:36.060-0400: 273.347: [GC (GCLocker Initiated GC) [PSYoungGen: 173922K->37062K(175104K)] 431747K->331612K(699392K), 0.0203408 secs] [Times: user=0.18 sys=0.00, real=0.02 secs] 
2016-09-24T00:48:36.200-0400: 273.486: [GC (GCLocker Initiated GC) [PSYoungGen: 125126K->73580K(175104K)] 419813K->368371K(699392K), 0.0311764 secs] [Times: user=0.29 sys=0.00, real=0.03 secs] 
2016-09-24T00:48:36.341-0400: 273.627: [GC (GCLocker Initiated GC) [PSYoungGen: 161644K->79879K(175104K)] 456734K->411890K(699392K), 0.0130113 secs] [Times: user=0.14 sys=0.00, real=0.01 secs] 
2016-09-24T00:48:36.489-0400: 273.775: [GC (GCLocker Initiated GC) [PSYoungGen: 167943K->24979K(175104K)] 518445K->412191K(699392K), 0.0239970 secs] [Times: user=0.26 sys=0.00, real=0.02 secs] 
2016-09-24T00:48:36.647-0400: 273.933: [GC (GCLocker Initiated GC) [PSYoungGen: 113043K->61266K(175104K)] 500521K->449167K(699392K), 0.0068200 secs] [Times: user=0.06 sys=0.00, real=0.00 secs] 
2016-09-24T00:48:36.790-0400: 274.076: [GC (GCLocker Initiated GC) [PSYoungGen: 149330K->55223K(175104K)] 543482K->449470K(699392K), 0.0168755 secs] [Times: user=0.18 sys=0.00, real=0.02 secs] 
2016-09-24T00:48:36.929-0400: 274.215: [GC (GCLocker Initiated GC) [PSYoungGen: 143287K->55287K(175104K)] 537901K->468409K(699392K), 0.0156359 secs] [Times: user=0.20 sys=0.00, real=0.02 secs] 
2016-09-24T00:48:37.089-0400: 274.376: [GC (GCLocker Initiated GC) [PSYoungGen: 143351K->67177K(175104K)] 562758K->486648K(699392K), 0.0085283 secs] [Times: user=0.07 sys=0.00, real=0.01 secs] 
2016-09-24T00:48:37.219-0400: 274.506: [GC (GCLocker Initiated GC) [PSYoungGen: 155241K->49212K(175104K)] 574955K->505503K(699392K), 0.0363405 secs] [Times: user=0.37 sys=0.01, real=0.04 secs] 
2016-09-24T00:48:37.343-0400: 274.630: [GC (GCLocker Initiated GC) [PSYoungGen: 137276K->85854K(175104K)] 593928K->585511K(699392K), 0.0130866 secs] [Times: user=0.21 sys=0.00, real=0.01 secs] 
2016-09-24T00:48:37.356-0400: 274.643: [Full GC (Ergonomics) [PSYoungGen: 85854K->0K(175104K)] [ParOldGen: 499657K->60694K(524288K)] 585511K->60694K(699392K), [Metaspace: 44607K->44607K(1087488K)], 0.0581729 secs] [Times: user=0.46 sys=0.01, real=0.06 secs] 
2016-09-24T00:48:37.517-0400: 274.803: [GC (GCLocker Initiated GC) [PSYoungGen: 88064K->86990K(175104K)] 149068K->154069K(699392K), 0.0114368 secs] [Times: user=0.16 sys=0.01, real=0.01 secs] 
2016-09-24T00:48:37.656-0400: 274.942: [GC (GCLocker Initiated GC) [PSYoungGen: 175054K->55579K(175104K)] 248507K->166614K(699392K), 0.0221746 secs] [Times: user=0.23 sys=0.00, real=0.02 secs] 
2016-09-24T00:48:37.815-0400: 275.101: [GC (GCLocker Initiated GC) [PSYoungGen: 143643K->61526K(175104K)] 260873K->197093K(699392K), 0.0217297 secs] [Times: user=0.21 sys=0.00, real=0.02 secs] 
2016-09-24T00:48:37.946-0400: 275.232: [GC (GCLocker Initiated GC) [PSYoungGen: 149590K->61590K(175104K)] 291386K->258360K(699392K), 0.0292027 secs] [Times: user=0.28 sys=0.00, real=0.03 secs] 
2016-09-24T00:48:38.083-0400: 275.369: [GC (GCLocker Initiated GC) [PSYoungGen: 149654K->73640K(175104K)] 346442K->313104K(699392K), 0.0100048 secs] [Times: user=0.12 sys=0.00, real=0.00 secs] 
2016-09-24T00:48:38.211-0400: 275.497: [GC (GCLocker Initiated GC) [PSYoungGen: 161704K->67469K(175104K)] 407403K->331668K(699392K), 0.0100862 secs] [Times: user=0.09 sys=0.00, real=0.01 secs] 
2016-09-24T00:48:38.337-0400: 275.623: [GC (GCLocker Initiated GC) [PSYoungGen: 155533K->49116K(175104K)] 420099K->344324K(699392K), 0.0262099 secs] [Times: user=0.23 sys=0.00, real=0.03 secs] 
2016-09-24T00:48:38.498-0400: 275.784: [GC (Allocation Failure) [PSYoungGen: 137180K->49148K(175104K)] 432519K->393183K(699392K), 0.0199900 secs] [Times: user=0.20 sys=0.00, real=0.02 secs] 
2016-09-24T00:48:38.662-0400: 275.949: [GC (GCLocker Initiated GC) [PSYoungGen: 137212K->67337K(175104K)] 481253K->429699K(699392K), 0.0111047 secs] [Times: user=0.13 sys=0.00, real=0.00 secs] 
2016-09-24T00:48:38.808-0400: 276.094: [GC (Allocation Failure) [PSYoungGen: 155401K->37585K(175104K)] 530246K->412558K(699392K), 0.0114179 secs] [Times: user=0.12 sys=0.01, real=0.01 secs] 
2016-09-24T00:48:38.923-0400: 276.209: [GC (GCLocker Initiated GC) [PSYoungGen: 125649K->61394K(175104K)] 500627K->436663K(699392K), 0.0101960 secs] [Times: user=0.07 sys=0.01, real=0.00 secs] 
2016-09-24T00:48:39.047-0400: 276.333: [GC (GCLocker Initiated GC) [PSYoungGen: 149458K->86018K(175104K)] 530833K->504150K(699392K), 0.0180984 secs] [Times: user=0.24 sys=0.00, real=0.02 secs] 
2016-09-24T00:48:39.212-0400: 276.499: [GC (GCLocker Initiated GC) [PSYoungGen: 174082K->43397K(175104K)] 604720K->547218K(699392K), 0.0223654 secs] [Times: user=0.27 sys=0.01, real=0.03 secs] 
2016-09-24T00:48:39.235-0400: 276.521: [Full GC (Ergonomics) [PSYoungGen: 43397K->0K(175104K)] [ParOldGen: 503821K->54435K(524288K)] 547218K->54435K(699392K), [Metaspace: 44607K->44607K(1087488K)], 0.0578105 secs] [Times: user=0.30 sys=0.00, real=0.05 secs] 
2016-09-24T00:48:39.422-0400: 276.709: [GC (GCLocker Initiated GC) [PSYoungGen: 88064K->85630K(175104K)] 148733K->146299K(699392K), 0.0114900 secs] [Times: user=0.11 sys=0.00, real=0.00 secs] 
2016-09-24T00:48:39.573-0400: 276.859: [GC (GCLocker Initiated GC) [PSYoungGen: 173694K->18904K(175104K)] 252606K->140594K(699392K), 0.0139293 secs] [Times: user=0.15 sys=0.00, real=0.02 secs] 
2016-09-24T00:48:39.724-0400: 277.010: [GC (Allocation Failure) [PSYoungGen: 106968K->49180K(175104K)] 229008K->171486K(699392K), 0.0233289 secs] [Times: user=0.24 sys=0.00, real=0.02 secs] 
2016-09-24T00:48:39.878-0400: 277.164: [GC (Allocation Failure) [PSYoungGen: 137244K->85822K(175104K)] 259550K->238607K(699392K), 0.0186968 secs] [Times: user=0.16 sys=0.00, real=0.02 secs] 
2016-09-24T00:48:40.023-0400: 277.309: [GC (GCLocker Initiated GC) [PSYoungGen: 173886K->73968K(175104K)] 326676K->263336K(699392K), 0.0211539 secs] [Times: user=0.21 sys=0.00, real=0.02 secs] 
2016-09-24T00:48:40.161-0400: 277.447: [GC (Allocation Failure) [PSYoungGen: 162032K->37130K(175104K)] 357628K->232961K(699392K), 0.0213873 secs] [Times: user=0.22 sys=0.00, real=0.03 secs] 
2016-09-24T00:48:40.293-0400: 277.579: [GC (GCLocker Initiated GC) [PSYoungGen: 125194K->85630K(175104K)] 321031K->287646K(699392K), 0.0120179 secs] [Times: user=0.12 sys=0.00, real=0.02 secs] 
2016-09-24T00:48:40.443-0400: 277.729: [GC (GCLocker Initiated GC) [PSYoungGen: 173694K->67373K(175104K)] 381921K->312122K(699392K), 0.0168005 secs] [Times: user=0.17 sys=0.01, real=0.01 secs] 
2016-09-24T00:48:40.588-0400: 277.874: [GC (GCLocker Initiated GC) [PSYoungGen: 155436K->43205K(175104K)] 406621K->312726K(699392K), 0.0090211 secs] [Times: user=0.08 sys=0.00, real=0.01 secs] 
2016-09-24T00:48:40.720-0400: 278.007: [GC (GCLocker Initiated GC) [PSYoungGen: 131269K->61526K(175104K)] 401034K->343888K(699392K), 0.0155730 secs] [Times: user=0.18 sys=0.00, real=0.02 secs] 
2016-09-24T00:48:40.870-0400: 278.157: [GC (GCLocker Initiated GC) [PSYoungGen: 149590K->43237K(175104K)] 444295K->368397K(699392K), 0.0189269 secs] [Times: user=0.19 sys=0.00, real=0.02 secs] 
2016-09-24T00:48:41.052-0400: 278.338: [GC (GCLocker Initiated GC) [PSYoungGen: 131301K->49144K(175104K)] 462639K->399006K(699392K), 0.0096807 secs] [Times: user=0.12 sys=0.00, real=0.01 secs] 
2016-09-24T00:48:41.187-0400: 278.473: [GC (GCLocker Initiated GC) [PSYoungGen: 137208K->85954K(175104K)] 493361K->466566K(699392K), 0.0104096 secs] [Times: user=0.13 sys=0.00, real=0.01 secs] 
2016-09-24T00:48:41.301-0400: 278.588: [GC (GCLocker Initiated GC) [PSYoungGen: 174018K->73868K(175104K)] 566832K->503799K(699392K), 0.0111972 secs] [Times: user=0.16 sys=0.00, real=0.01 secs] 
2016-09-24T00:48:41.453-0400: 278.740: [GC (GCLocker Initiated GC) [PSYoungGen: 161932K->85726K(175104K)] 592050K->540288K(699392K), 0.0106176 secs] [Times: user=0.13 sys=0.00, real=0.02 secs] 
2016-09-24T00:48:41.607-0400: 278.894: [GC (GCLocker Initiated GC) [PSYoungGen: 173790K->55123K(175104K)] 634676K->534526K(699392K), 0.0237830 secs] [Times: user=0.27 sys=0.00, real=0.02 secs] 
2016-09-24T00:48:41.631-0400: 278.918: [Full GC (Ergonomics) [PSYoungGen: 55123K->0K(175104K)] [ParOldGen: 479403K->48228K(524288K)] 534526K->48228K(699392K), [Metaspace: 44607K->44607K(1087488K)], 0.0539816 secs] [Times: user=0.29 sys=0.01, real=0.06 secs] 
2016-09-24T00:48:41.796-0400: 279.082: [GC (GCLocker Initiated GC) [PSYoungGen: 88064K->86046K(175104K)] 136334K->158616K(699392K), 0.0196629 secs] [Times: user=0.24 sys=0.00, real=0.02 secs] 
2016-09-24T00:48:41.925-0400: 279.211: [GC (GCLocker Initiated GC) [PSYoungGen: 174110K->55351K(175104K)] 246935K->207707K(699392K), 0.0118019 secs] [Times: user=0.12 sys=0.01, real=0.01 secs] 
2016-09-24T00:48:42.035-0400: 279.321: [GC (GCLocker Initiated GC) [PSYoungGen: 143415K->79455K(175104K)] 295841K->232156K(699392K), 0.0126266 secs] [Times: user=0.11 sys=0.00, real=0.01 secs] 
2016-09-24T00:48:42.181-0400: 279.468: [GC (Allocation Failure) [PSYoungGen: 167519K->43137K(175104K)] 326482K->262978K(699392K), 0.0256030 secs] [Times: user=0.33 sys=0.02, real=0.03 secs] 
2016-09-24T00:48:42.323-0400: 279.610: [GC (GCLocker Initiated GC) [PSYoungGen: 127221K->55351K(175104K)] 353138K->305874K(699392K), 0.0143089 secs] [Times: user=0.16 sys=0.00, real=0.01 secs] 
2016-09-24T00:48:42.451-0400: 279.738: [GC (GCLocker Initiated GC) [PSYoungGen: 143415K->85594K(175104K)] 393986K->342548K(699392K), 0.0143855 secs] [Times: user=0.17 sys=0.01, real=0.02 secs] 
2016-09-24T00:48:42.582-0400: 279.868: [GC (GCLocker Initiated GC) [PSYoungGen: 173658K->55383K(175104K)] 436857K->379492K(699392K), 0.0208115 secs] [Times: user=0.26 sys=0.00, real=0.03 secs] 
2016-09-24T00:48:42.703-0400: 279.989: [GC (GCLocker Initiated GC) [PSYoungGen: 143447K->85858K(175104K)] 467832K->416610K(699392K), 0.0214741 secs] [Times: user=0.24 sys=0.01, real=0.02 secs] 
2016-09-24T00:48:42.845-0400: 280.131: [GC (GCLocker Initiated GC) [PSYoungGen: 173922K->54963K(175104K)] 510852K->404295K(699392K), 0.0168958 secs] [Times: user=0.17 sys=0.00, real=0.01 secs] 
2016-09-24T00:48:42.987-0400: 280.273: [GC (GCLocker Initiated GC) [PSYoungGen: 143027K->55483K(175104K)] 492708K->405284K(699392K), 0.0069982 secs] [Times: user=0.07 sys=0.00, real=0.00 secs] 
2016-09-24T00:48:43.123-0400: 280.410: [GC (GCLocker Initiated GC) [PSYoungGen: 143547K->43009K(175104K)] 499677K->417788K(699392K), 0.0077457 secs] [Times: user=0.05 sys=0.00, real=0.00 secs] 
2016-09-24T00:48:43.279-0400: 280.565: [GC (GCLocker Initiated GC) [PSYoungGen: 131073K->55579K(175104K)] 506067K->448917K(699392K), 0.0073824 secs] [Times: user=0.08 sys=0.00, real=0.01 secs] 
2016-09-24T00:48:43.403-0400: 280.689: [GC (GCLocker Initiated GC) [PSYoungGen: 143643K->73708K(175104K)] 537079K->467419K(699392K), 0.0065955 secs] [Times: user=0.05 sys=0.00, real=0.00 secs] 
2016-09-24T00:48:43.516-0400: 280.802: [GC (GCLocker Initiated GC) [PSYoungGen: 161772K->55091K(175104K)] 555537K->485581K(699392K), 0.0181192 secs] [Times: user=0.18 sys=0.00, real=0.01 secs] 
2016-09-24T00:48:43.658-0400: 280.945: [GC (Allocation Failure) [PSYoungGen: 143155K->55191K(175104K)] 580019K->522526K(699392K), 0.0178494 secs] [Times: user=0.19 sys=0.00, real=0.02 secs] 
2016-09-24T00:48:43.676-0400: 280.963: [Full GC (Ergonomics) [PSYoungGen: 55191K->0K(175104K)] [ParOldGen: 467335K->54934K(524288K)] 522526K->54934K(699392K), [Metaspace: 44607K->44607K(1087488K)], 0.0584628 secs] [Times: user=0.30 sys=0.04, real=0.06 secs] 
2016-09-24T00:48:43.848-0400: 281.135: [GC (GCLocker Initiated GC) [PSYoungGen: 88064K->86146K(175104K)] 142999K->159306K(699392K), 0.0141152 secs] [Times: user=0.17 sys=0.00, real=0.02 secs] 
2016-09-24T00:48:43.963-0400: 281.249: [GC (GCLocker Initiated GC) [PSYoungGen: 174210K->73772K(175104K)] 247501K->202325K(699392K), 0.0183780 secs] [Times: user=0.20 sys=0.00, real=0.01 secs] 
2016-09-24T00:48:44.097-0400: 281.384: [GC (GCLocker Initiated GC) [PSYoungGen: 161836K->61490K(175104K)] 290649K->227209K(699392K), 0.0082650 secs] [Times: user=0.08 sys=0.01, real=0.01 secs] 
2016-09-24T00:48:44.242-0400: 281.528: [GC (GCLocker Initiated GC) [PSYoungGen: 149554K->67081K(175104K)] 315303K->238993K(699392K), 0.0122593 secs] [Times: user=0.10 sys=0.01, real=0.02 secs] 
2016-09-24T00:48:44.357-0400: 281.643: [GC (GCLocker Initiated GC) [PSYoungGen: 155145K->49507K(175104K)] 327210K->252052K(699392K), 0.0098982 secs] [Times: user=0.09 sys=0.00, real=0.01 secs] 
2016-09-24T00:48:44.489-0400: 281.775: [GC (GCLocker Initiated GC) [PSYoungGen: 137571K->79519K(175104K)] 346350K->306846K(699392K), 0.0110093 secs] [Times: user=0.13 sys=0.00, real=0.01 secs] 
2016-09-24T00:48:44.619-0400: 281.906: [GC (GCLocker Initiated GC) [PSYoungGen: 167583K->85726K(175104K)] 394957K->361820K(699392K), 0.0240486 secs] [Times: user=0.29 sys=0.00, real=0.03 secs] 
2016-09-24T00:48:44.740-0400: 282.026: [GC (GCLocker Initiated GC) [PSYoungGen: 173790K->49116K(175104K)] 449926K->374119K(699392K), 0.0127231 secs] [Times: user=0.11 sys=0.01, real=0.01 secs] 
2016-09-24T00:48:44.843-0400: 282.129: [GC (GCLocker Initiated GC) [PSYoungGen: 137180K->85954K(175104K)] 462247K->453698K(699392K), 0.0105300 secs] [Times: user=0.12 sys=0.00, real=0.00 secs] 
2016-09-24T00:48:44.967-0400: 282.253: [GC (GCLocker Initiated GC) [PSYoungGen: 174018K->61490K(175104K)] 541821K->520897K(699392K), 0.0143404 secs] [Times: user=0.18 sys=0.00, real=0.01 secs] 
2016-09-24T00:48:44.981-0400: 282.268: [Full GC (Ergonomics) [PSYoungGen: 61490K->0K(175104K)] [ParOldGen: 459407K->54181K(524288K)] 520897K->54181K(699392K), [Metaspace: 44607K->44607K(1087488K)], 0.0523829 secs] [Times: user=0.42 sys=0.00, real=0.05 secs] 
2016-09-24T00:48:45.129-0400: 282.416: [GC (GCLocker Initiated GC) [PSYoungGen: 88064K->61942K(175104K)] 142365K->116243K(699392K), 0.0140658 secs] [Times: user=0.10 sys=0.01, real=0.02 secs] 
2016-09-24T00:48:45.262-0400: 282.548: [GC (GCLocker Initiated GC) [PSYoungGen: 150006K->67369K(175104K)] 210413K->165381K(699392K), 0.0096076 secs] [Times: user=0.10 sys=0.03, real=0.01 secs] 
2016-09-24T00:48:45.403-0400: 282.689: [GC (GCLocker Initiated GC) [PSYoungGen: 155433K->61266K(175104K)] 259550K->171546K(699392K), 0.0098020 secs] [Times: user=0.09 sys=0.00, real=0.00 secs] 
2016-09-24T00:48:45.509-0400: 282.795: [GC (GCLocker Initiated GC) [PSYoungGen: 149330K->85726K(175104K)] 259641K->238877K(699392K), 0.0118860 secs] [Times: user=0.11 sys=0.00, real=0.01 secs] 
2016-09-24T00:48:45.623-0400: 282.909: [GC (GCLocker Initiated GC) [PSYoungGen: 173790K->85858K(175104K)] 327247K->263726K(699392K), 0.0110889 secs] [Times: user=0.09 sys=0.00, real=0.00 secs] 
2016-09-24T00:48:45.757-0400: 283.043: [GC (GCLocker Initiated GC) [PSYoungGen: 173922K->79815K(175104K)] 364045K->306687K(699392K), 0.0170605 secs] [Times: user=0.17 sys=0.00, real=0.01 secs] 
2016-09-24T00:48:45.871-0400: 283.158: [GC (GCLocker Initiated GC) [PSYoungGen: 167879K->61330K(175104K)] 394832K->318934K(699392K), 0.0094961 secs] [Times: user=0.08 sys=0.01, real=0.01 secs] 
2016-09-24T00:48:45.996-0400: 283.282: [GC (GCLocker Initiated GC) [PSYoungGen: 149394K->61494K(175104K)] 407028K->319372K(699392K), 0.0197453 secs] [Times: user=0.21 sys=0.01, real=0.02 secs] 
2016-09-24T00:48:46.138-0400: 283.425: [GC (GCLocker Initiated GC) [PSYoungGen: 149558K->31051K(175104K)] 413709K->380716K(699392K), 0.0170784 secs] [Times: user=0.17 sys=0.00, real=0.02 secs] 
2016-09-24T00:48:46.274-0400: 283.561: [GC (GCLocker Initiated GC) [PSYoungGen: 119115K->79847K(175104K)] 469118K->430126K(699392K), 0.0106143 secs] [Times: user=0.10 sys=0.00, real=0.01 secs] 
2016-09-24T00:48:46.422-0400: 283.708: [GC (GCLocker Initiated GC) [PSYoungGen: 167911K->55511K(175104K)] 530579K->455100K(699392K), 0.0103286 secs] [Times: user=0.15 sys=0.00, real=0.01 secs] 
2016-09-24T00:48:46.530-0400: 283.817: [GC (GCLocker Initiated GC) [PSYoungGen: 143575K->85986K(175104K)] 543351K->491996K(699392K), 0.0156823 secs] [Times: user=0.21 sys=0.00, real=0.02 secs] 
2016-09-24T00:48:46.694-0400: 283.980: [GC (Allocation Failure) [PSYoungGen: 174050K->36998K(175104K)] 586294K->486116K(699392K), 0.0140552 secs] [Times: user=0.14 sys=0.00, real=0.02 secs] 
2016-09-24T00:48:46.708-0400: 283.994: [Full GC (Ergonomics) [PSYoungGen: 36998K->0K(175104K)] [ParOldGen: 449118K->42040K(524288K)] 486116K->42040K(699392K), [Metaspace: 44607K->44607K(1087488K)], 0.0576003 secs] [Times: user=0.33 sys=0.01, real=0.06 secs] 
2016-09-24T00:48:46.858-0400: 284.144: [GC (GCLocker Initiated GC) [PSYoungGen: 88064K->73736K(175104K)] 130109K->115781K(699392K), 0.0173344 secs] [Times: user=0.16 sys=0.01, real=0.02 secs] 
2016-09-24T00:48:46.988-0400: 284.274: [GC (GCLocker Initiated GC) [PSYoungGen: 161800K->73544K(175104K)] 204044K->146882K(699392K), 0.0166463 secs] [Times: user=0.22 sys=0.00, real=0.02 secs] 
2016-09-24T00:48:47.112-0400: 284.399: [GC (GCLocker Initiated GC) [PSYoungGen: 161605K->55906K(175104K)] 241379K->154189K(699392K), 0.0089369 secs] [Times: user=0.11 sys=0.00, real=0.01 secs] 
2016-09-24T00:48:47.269-0400: 284.555: [GC (Allocation Failure) [PSYoungGen: 143970K->73772K(175104K)] 254456K->202774K(699392K), 0.0240004 secs] [Times: user=0.26 sys=0.00, real=0.02 secs] 
2016-09-24T00:48:47.412-0400: 284.698: [GC (Allocation Failure) [PSYoungGen: 159002K->55451K(175104K)] 288004K->214947K(699392K), 0.0132378 secs] [Times: user=0.15 sys=0.00, real=0.02 secs] 
2016-09-24T00:48:47.528-0400: 284.814: [GC (GCLocker Initiated GC) [PSYoungGen: 138246K->55251K(175104K)] 303818K->239323K(699392K), 0.0151904 secs] [Times: user=0.17 sys=0.00, real=0.02 secs] 
2016-09-24T00:48:47.640-0400: 284.927: [GC (GCLocker Initiated GC) [PSYoungGen: 143315K->85922K(175104K)] 327440K->306641K(699392K), 0.0101269 secs] [Times: user=0.09 sys=0.00, real=0.01 secs] 
2016-09-24T00:48:47.778-0400: 285.065: [GC (GCLocker Initiated GC) [PSYoungGen: 173986K->55159K(175104K)] 400989K->349607K(699392K), 0.0194488 secs] [Times: user=0.20 sys=0.01, real=0.02 secs] 
2016-09-24T00:48:47.922-0400: 285.209: [GC (GCLocker Initiated GC) [PSYoungGen: 143223K->43464K(175104K)] 443765K->386799K(699392K), 0.0210928 secs] [Times: user=0.21 sys=0.00, real=0.02 secs] 
2016-09-24T00:48:48.054-0400: 285.340: [GC (GCLocker Initiated GC) [PSYoungGen: 131528K->67373K(175104K)] 480981K->435153K(699392K), 0.0181186 secs] [Times: user=0.18 sys=0.01, real=0.02 secs] 
2016-09-24T00:48:48.200-0400: 285.486: [GC (GCLocker Initiated GC) [PSYoungGen: 155437K->43137K(175104K)] 523289K->459709K(699392K), 0.0145721 secs] [Times: user=0.16 sys=0.00, real=0.02 secs] 
2016-09-24T00:48:48.319-0400: 285.606: [GC (GCLocker Initiated GC) [PSYoungGen: 131201K->85922K(175104K)] 547892K->563695K(699392K), 0.0135535 secs] [Times: user=0.18 sys=0.00, real=0.01 secs] 
2016-09-24T00:48:48.333-0400: 285.619: [Full GC (Ergonomics) [PSYoungGen: 85922K->0K(175104K)] [ParOldGen: 477773K->54406K(524288K)] 563695K->54406K(699392K), [Metaspace: 44615K->44615K(1087488K)], 0.0568183 secs] [Times: user=0.35 sys=0.01, real=0.06 secs] 
2016-09-24T00:48:48.539-0400: 285.826: [GC (GCLocker Initiated GC) [PSYoungGen: 88064K->37418K(175104K)] 160910K->110264K(699392K), 0.0143329 secs] [Times: user=0.14 sys=0.00, real=0.01 secs] 
2016-09-24T00:48:48.690-0400: 285.976: [GC (GCLocker Initiated GC) [PSYoungGen: 125482K->43009K(175104K)] 204674K->141089K(699392K), 0.0214998 secs] [Times: user=0.21 sys=0.01, real=0.02 secs] 
2016-09-24T00:48:48.852-0400: 286.138: [GC (GCLocker Initiated GC) [PSYoungGen: 131073K->31054K(175104K)] 229458K->147745K(699392K), 0.0141893 secs] [Times: user=0.12 sys=0.00, real=0.02 secs] 
2016-09-24T00:48:49.027-0400: 286.313: [GC (GCLocker Initiated GC) [PSYoungGen: 119118K->54995K(175104K)] 236048K->178282K(699392K), 0.0408527 secs] [Times: user=0.38 sys=0.00, real=0.04 secs] 
2016-09-24T00:48:49.222-0400: 286.508: [GC (GCLocker Initiated GC) [PSYoungGen: 143059K->55775K(175104K)] 266348K->203468K(699392K), 0.0094267 secs] [Times: user=0.12 sys=0.01, real=0.01 secs] 
2016-09-24T00:48:49.391-0400: 286.678: [GC (GCLocker Initiated GC) [PSYoungGen: 143839K->55711K(175104K)] 297822K->209954K(699392K), 0.0071171 secs] [Times: user=0.10 sys=0.00, real=0.01 secs] 
2016-09-24T00:48:49.565-0400: 286.851: [GC (GCLocker Initiated GC) [PSYoungGen: 143775K->55483K(175104K)] 304308K->216120K(699392K), 0.0329072 secs] [Times: user=0.43 sys=0.00, real=0.03 secs] 
2016-09-24T00:48:49.757-0400: 287.043: [GC (GCLocker Initiated GC) [PSYoungGen: 143547K->73576K(175104K)] 304198K->234526K(699392K), 0.0095618 secs] [Times: user=0.14 sys=0.00, real=0.01 secs] 
2016-09-24T00:48:49.943-0400: 287.230: [GC (Allocation Failure) [PSYoungGen: 161635K->73608K(175104K)] 322941K->253390K(699392K), 0.0151770 secs] [Times: user=0.19 sys=0.01, real=0.01 secs] 
2016-09-24T00:48:50.148-0400: 287.435: [GC (GCLocker Initiated GC) [PSYoungGen: 159879K->55287K(175104K)] 345737K->241256K(699392K), 0.0094599 secs] [Times: user=0.12 sys=0.00, real=0.01 secs] 
2016-09-24T00:48:50.316-0400: 287.603: [GC (GCLocker Initiated GC) [PSYoungGen: 143351K->73904K(175104K)] 329585K->260250K(699392K), 0.0097702 secs] [Times: user=0.12 sys=0.00, real=0.01 secs] 
2016-09-24T00:48:50.477-0400: 287.764: [GC (GCLocker Initiated GC) [PSYoungGen: 161968K->73544K(175104K)] 348675K->260706K(699392K), 0.0085686 secs] [Times: user=0.12 sys=0.00, real=0.01 secs] 
2016-09-24T00:48:50.684-0400: 287.971: [GC (GCLocker Initiated GC) [PSYoungGen: 161608K->55842K(175104K)] 355161K->249688K(699392K), 0.0071540 secs] [Times: user=0.08 sys=0.00, real=0.00 secs] 
2016-09-24T00:48:50.860-0400: 288.147: [GC (GCLocker Initiated GC) [PSYoungGen: 143906K->85922K(175104K)] 337799K->304374K(699392K), 0.0110915 secs] [Times: user=0.15 sys=0.00, real=0.01 secs] 
2016-09-24T00:48:51.030-0400: 288.316: [GC (GCLocker Initiated GC) [PSYoungGen: 173986K->85922K(175104K)] 392642K->323111K(699392K), 0.0107850 secs] [Times: user=0.13 sys=0.00, real=0.01 secs] 
2016-09-24T00:48:51.206-0400: 288.492: [GC (GCLocker Initiated GC) [PSYoungGen: 173986K->85790K(175104K)] 411217K->384195K(699392K), 0.0130398 secs] [Times: user=0.19 sys=0.00, real=0.01 secs] 
2016-09-24T00:48:51.386-0400: 288.673: [GC (Allocation Failure) [PSYoungGen: 173854K->73772K(175104K)] 472591K->433403K(699392K), 0.0117844 secs] [Times: user=0.16 sys=0.01, real=0.01 secs] 
2016-09-24T00:48:51.553-0400: 288.839: [GC (GCLocker Initiated GC) [PSYoungGen: 161836K->73608K(175104K)] 521467K->433523K(699392K), 0.0076835 secs] [Times: user=0.11 sys=0.00, real=0.01 secs] 
2016-09-24T00:48:51.748-0400: 289.034: [GC (GCLocker Initiated GC) [PSYoungGen: 161672K->49116K(175104K)] 527698K->415394K(699392K), 0.0102769 secs] [Times: user=0.07 sys=0.01, real=0.01 secs] 
2016-09-24T00:48:51.914-0400: 289.200: [GC (GCLocker Initiated GC) [PSYoungGen: 137180K->73804K(175104K)] 503769K->476979K(699392K), 0.0110429 secs] [Times: user=0.16 sys=0.00, real=0.02 secs] 
2016-09-24T00:48:52.082-0400: 289.368: [GC (Allocation Failure) [PSYoungGen: 161868K->67373K(175104K)] 565191K->470987K(699392K), 0.0108140 secs] [Times: user=0.12 sys=0.00, real=0.01 secs] 
2016-09-24T00:48:52.257-0400: 289.544: [GC (Allocation Failure) [PSYoungGen: 154723K->24752K(175104K)] 558337K->452925K(699392K), 0.0112676 secs] [Times: user=0.12 sys=0.00, real=0.01 secs] 
2016-09-24T00:48:52.384-0400: 289.670: [GC (GCLocker Initiated GC) [PSYoungGen: 107689K->55287K(175104K)] 541938K->489811K(699392K), 0.0295193 secs] [Times: user=0.29 sys=0.00, real=0.02 secs] 
2016-09-24T00:48:52.583-0400: 289.869: [GC (GCLocker Initiated GC) [PSYoungGen: 143351K->43269K(175104K)] 590066K->508329K(699392K), 0.0205838 secs] [Times: user=0.22 sys=0.00, real=0.02 secs] 
2016-09-24T00:48:52.603-0400: 289.890: [Full GC (Ergonomics) [PSYoungGen: 43269K->0K(175104K)] [ParOldGen: 465060K->48377K(524288K)] 508329K->48377K(699392K), [Metaspace: 44652K->44652K(1087488K)], 0.0738499 secs] [Times: user=0.44 sys=0.01, real=0.07 secs] 
2016-09-24T00:48:52.822-0400: 290.108: [GC (GCLocker Initiated GC) [PSYoungGen: 88064K->86278K(175104K)] 142798K->141012K(699392K), 0.0302928 secs] [Times: user=0.29 sys=0.00, real=0.03 secs] 
2016-09-24T00:48:53.039-0400: 290.326: [GC (Allocation Failure) [PSYoungGen: 174342K->18904K(175104K)] 241565K->147917K(699392K), 0.0291996 secs] [Times: user=0.33 sys=0.00, real=0.03 secs] 
2016-09-24T00:48:53.235-0400: 290.521: [GC (Allocation Failure) [PSYoungGen: 106968K->67305K(175104K)] 235981K->196592K(699392K), 0.0067192 secs] [Times: user=0.06 sys=0.01, real=0.00 secs] 
2016-09-24T00:48:53.394-0400: 290.680: [GC (GCLocker Initiated GC) [PSYoungGen: 155369K->73644K(175104K)] 284662K->203048K(699392K), 0.0081807 secs] [Times: user=0.06 sys=0.00, real=0.02 secs] 
2016-09-24T00:48:53.547-0400: 290.834: [GC (GCLocker Initiated GC) [PSYoungGen: 161708K->85822K(175104K)] 297240K->239887K(699392K), 0.0124935 secs] [Times: user=0.14 sys=0.00, real=0.01 secs] 
2016-09-24T00:48:53.708-0400: 290.995: [GC (Allocation Failure) [PSYoungGen: 173886K->79779K(175104K)] 328188K->307321K(699392K), 0.0127955 secs] [Times: user=0.20 sys=0.00, real=0.01 secs] 
2016-09-24T00:48:53.863-0400: 291.149: [GC (GCLocker Initiated GC) [PSYoungGen: 163202K->55447K(175104K)] 396819K->319746K(699392K), 0.0128080 secs] [Times: user=0.16 sys=0.00, real=0.01 secs] 
2016-09-24T00:48:54.033-0400: 291.319: [GC (GCLocker Initiated GC) [PSYoungGen: 143511K->61198K(175104K)] 408059K->326045K(699392K), 0.0069623 secs] [Times: user=0.06 sys=0.00, real=0.01 secs] 
2016-09-24T00:48:54.193-0400: 291.479: [GC (GCLocker Initiated GC) [PSYoungGen: 149262K->55519K(175104K)] 414314K->344951K(699392K), 0.0107391 secs] [Times: user=0.11 sys=0.00, real=0.02 secs] 
2016-09-24T00:48:54.368-0400: 291.655: [GC (GCLocker Initiated GC) [PSYoungGen: 143583K->37126K(175104K)] 445424K->339211K(699392K), 0.0100480 secs] [Times: user=0.09 sys=0.01, real=0.01 secs] 
2016-09-24T00:48:54.558-0400: 291.844: [GC (Allocation Failure) [PSYoungGen: 125190K->73772K(175104K)] 427630K->376292K(699392K), 0.0285496 secs] [Times: user=0.30 sys=0.00, real=0.03 secs] 
2016-09-24T00:48:54.777-0400: 292.063: [GC (GCLocker Initiated GC) [PSYoungGen: 161836K->61134K(175104K)] 464356K->363897K(699392K), 0.0152905 secs] [Times: user=0.12 sys=0.01, real=0.01 secs] 
2016-09-24T00:48:54.934-0400: 292.220: [GC (GCLocker Initiated GC) [PSYoungGen: 149198K->73416K(175104K)] 452154K->376476K(699392K), 0.0214054 secs] [Times: user=0.19 sys=0.00, real=0.03 secs] 
2016-09-24T00:48:55.086-0400: 292.372: [GC (GCLocker Initiated GC) [PSYoungGen: 161480K->49312K(175104K)] 464760K->358927K(699392K), 0.0220104 secs] [Times: user=0.27 sys=0.00, real=0.02 secs] 
2016-09-24T00:48:55.278-0400: 292.565: [GC (GCLocker Initiated GC) [PSYoungGen: 137376K->85498K(175104K)] 447072K->401544K(699392K), 0.0106772 secs] [Times: user=0.10 sys=0.00, real=0.01 secs] 
2016-09-24T00:48:55.421-0400: 292.707: [GC (GCLocker Initiated GC) [PSYoungGen: 173562K->73708K(175104K)] 489924K->396249K(699392K), 0.0085418 secs] [Times: user=0.07 sys=0.00, real=0.01 secs] 
2016-09-24T00:48:55.581-0400: 292.868: [GC (GCLocker Initiated GC) [PSYoungGen: 161772K->55351K(175104K)] 490536K->384563K(699392K), 0.0279629 secs] [Times: user=0.35 sys=0.00, real=0.03 secs] 
2016-09-24T00:48:55.781-0400: 293.067: [GC (GCLocker Initiated GC) [PSYoungGen: 143415K->61362K(175104K)] 472786K->390821K(699392K), 0.0186152 secs] [Times: user=0.19 sys=0.00, real=0.02 secs] 
2016-09-24T00:48:55.960-0400: 293.247: [GC (Allocation Failure) [PSYoungGen: 149426K->73740K(175104K)] 479190K->403623K(699392K), 0.0190206 secs] [Times: user=0.17 sys=0.00, real=0.02 secs] 
2016-09-24T00:48:56.132-0400: 293.419: [GC (GCLocker Initiated GC) [PSYoungGen: 157899K->55483K(175104K)] 493857K->391708K(699392K), 0.0191282 secs] [Times: user=0.20 sys=0.01, real=0.02 secs] 
2016-09-24T00:48:56.316-0400: 293.602: [GC (GCLocker Initiated GC) [PSYoungGen: 143547K->67537K(175104K)] 485934K->410152K(699392K), 0.0159802 secs] [Times: user=0.15 sys=0.00, real=0.01 secs] 
2016-09-24T00:48:56.474-0400: 293.761: [GC (GCLocker Initiated GC) [PSYoungGen: 155601K->55287K(175104K)] 498246K->428551K(699392K), 0.0137500 secs] [Times: user=0.12 sys=0.00, real=0.01 secs] 
2016-09-24T00:48:56.646-0400: 293.932: [GC (Allocation Failure) [PSYoungGen: 143351K->67341K(175104K)] 516847K->453075K(699392K), 0.0268769 secs] [Times: user=0.28 sys=0.01, real=0.02 secs] 
2016-09-24T00:48:56.859-0400: 294.145: [GC (GCLocker Initiated GC) [PSYoungGen: 155405K->54995K(175104K)] 541144K->440814K(699392K), 0.0179936 secs] [Times: user=0.16 sys=0.00, real=0.02 secs] 
2016-09-24T00:48:56.999-0400: 294.285: [GC (GCLocker Initiated GC) [PSYoungGen: 143059K->73416K(175104K)] 528879K->459356K(699392K), 0.0180729 secs] [Times: user=0.19 sys=0.00, real=0.02 secs] 
2016-09-24T00:48:57.151-0400: 294.438: [GC (GCLocker Initiated GC) [PSYoungGen: 161480K->55191K(175104K)] 553507K->447493K(699392K), 0.0202017 secs] [Times: user=0.22 sys=0.00, real=0.02 secs] 
2016-09-24T00:48:57.319-0400: 294.605: [GC (GCLocker Initiated GC) [PSYoungGen: 143255K->79747K(175104K)] 535577K->490422K(699392K), 0.0105028 secs] [Times: user=0.12 sys=0.00, real=0.01 secs] 
2016-09-24T00:48:57.501-0400: 294.787: [GC (GCLocker Initiated GC) [PSYoungGen: 167811K->73608K(175104K)] 578853K->509225K(699392K), 0.0102771 secs] [Times: user=0.13 sys=0.00, real=0.01 secs] 
2016-09-24T00:48:57.669-0400: 294.956: [GC (GCLocker Initiated GC) [PSYoungGen: 161672K->55223K(175104K)] 597573K->491211K(699392K), 0.0070902 secs] [Times: user=0.06 sys=0.00, real=0.01 secs] 
2016-09-24T00:48:57.837-0400: 295.124: [GC (GCLocker Initiated GC) [PSYoungGen: 143287K->73640K(175104K)] 591500K->521973K(699392K), 0.0126931 secs] [Times: user=0.12 sys=0.01, real=0.01 secs] 
2016-09-24T00:48:58.001-0400: 295.287: [GC (Allocation Failure) [PSYoungGen: 161704K->43009K(175104K)] 616288K->540393K(699392K), 0.0117127 secs] [Times: user=0.10 sys=0.00, real=0.01 secs] 
2016-09-24T00:48:58.013-0400: 295.299: [Full GC (Ergonomics) [PSYoungGen: 43009K->0K(175104K)] [ParOldGen: 497384K->48899K(524288K)] 540393K->48899K(699392K), [Metaspace: 44653K->44653K(1087488K)], 0.0609655 secs] [Times: user=0.37 sys=0.00, real=0.06 secs] 
2016-09-24T00:48:58.247-0400: 295.534: [GC (GCLocker Initiated GC) [PSYoungGen: 84233K->74092K(175104K)] 139208K->129067K(699392K), 0.0072484 secs] [Times: user=0.08 sys=0.00, real=0.01 secs] 
2016-09-24T00:48:58.417-0400: 295.703: [GC (GCLocker Initiated GC) [PSYoungGen: 162156K->67373K(175104K)] 217481K->159859K(699392K), 0.0143645 secs] [Times: user=0.12 sys=0.00, real=0.01 secs] 
2016-09-24T00:48:58.585-0400: 295.872: [GC (GCLocker Initiated GC) [PSYoungGen: 155437K->37389K(175104K)] 254056K->154306K(699392K), 0.0274309 secs] [Times: user=0.28 sys=0.01, real=0.02 secs] 
2016-09-24T00:48:58.765-0400: 296.051: [GC (GCLocker Initiated GC) [PSYoungGen: 125453K->61330K(175104K)] 248447K->215153K(699392K), 0.0216711 secs] [Times: user=0.21 sys=0.00, real=0.02 secs] 
2016-09-24T00:48:58.969-0400: 296.255: [GC (GCLocker Initiated GC) [PSYoungGen: 149394K->61298K(175104K)] 303477K->215508K(699392K), 0.0376906 secs] [Times: user=0.44 sys=0.01, real=0.04 secs] 
2016-09-24T00:48:59.158-0400: 296.445: [GC (GCLocker Initiated GC) [PSYoungGen: 149362K->61362K(149504K)] 303833K->240424K(673792K), 0.0098468 secs] [Times: user=0.10 sys=0.00, real=0.01 secs] 
2016-09-24T00:48:59.335-0400: 296.622: [GC (GCLocker Initiated GC) [PSYoungGen: 149426K->37094K(174080K)] 328490K->246817K(698368K), 0.0203595 secs] [Times: user=0.21 sys=0.01, real=0.02 secs] 
2016-09-24T00:48:59.544-0400: 296.830: [GC (GCLocker Initiated GC) [PSYoungGen: 124646K->54963K(174592K)] 334370K->264947K(698880K), 0.0148068 secs] [Times: user=0.14 sys=0.00, real=0.01 secs] 
2016-09-24T00:48:59.756-0400: 297.042: [GC (Allocation Failure) [PSYoungGen: 142515K->67177K(174080K)] 352557K->277330K(698368K), 0.0113170 secs] [Times: user=0.10 sys=0.00, real=0.01 secs] 
2016-09-24T00:48:59.901-0400: 297.188: [GC (GCLocker Initiated GC) [PSYoungGen: 155241K->67501K(174592K)] 365400K->308170K(698880K), 0.0100556 secs] [Times: user=0.08 sys=0.02, real=0.01 secs] 
2016-09-24T00:49:00.066-0400: 297.353: [GC (Allocation Failure) [PSYoungGen: 155565K->67373K(175104K)] 396377K->308452K(699392K), 0.0200757 secs] [Times: user=0.18 sys=0.00, real=0.02 secs] 
2016-09-24T00:49:00.239-0400: 297.525: [GC (GCLocker Initiated GC) [PSYoungGen: 154752K->55579K(144384K)] 401906K->333408K(668672K), 0.0321646 secs] [Times: user=0.33 sys=0.01, real=0.03 secs] 
2016-09-24T00:49:00.426-0400: 297.713: [GC (GCLocker Initiated GC) [PSYoungGen: 144155K->79523K(172032K)] 422031K->357667K(696320K), 0.0142151 secs] [Times: user=0.13 sys=0.00, real=0.01 secs] 
2016-09-24T00:49:00.606-0400: 297.893: [GC (GCLocker Initiated GC) [PSYoungGen: 166563K->18904K(174080K)] 462956K->357910K(698368K), 0.0330375 secs] [Times: user=0.34 sys=0.01, real=0.03 secs] 
2016-09-24T00:49:00.810-0400: 298.096: [GC (GCLocker Initiated GC) [PSYoungGen: 105944K->73412K(175104K)] 444988K->412926K(699392K), 0.0085045 secs] [Times: user=0.07 sys=0.00, real=0.01 secs] 
2016-09-24T00:49:00.950-0400: 298.236: [GC (GCLocker Initiated GC) [PSYoungGen: 161476K->67601K(175104K)] 501103K->407356K(699392K), 0.0169303 secs] [Times: user=0.15 sys=0.00, real=0.02 secs] 
2016-09-24T00:49:01.116-0400: 298.403: [GC (Allocation Failure) [PSYoungGen: 155660K->55223K(175104K)] 501840K->401802K(699392K), 0.0091744 secs] [Times: user=0.09 sys=0.00, real=0.01 secs] 
2016-09-24T00:49:01.273-0400: 298.559: [GC (GCLocker Initiated GC) [PSYoungGen: 137985K->49408K(175104K)] 490640K->402126K(699392K), 0.0139490 secs] [Times: user=0.10 sys=0.00, real=0.02 secs] 
2016-09-24T00:49:01.485-0400: 298.772: [GC (GCLocker Initiated GC) [PSYoungGen: 137472K->55191K(175104K)] 496486K->414464K(699392K), 0.0156535 secs] [Times: user=0.15 sys=0.00, real=0.01 secs] 
2016-09-24T00:49:01.655-0400: 298.941: [GC (Allocation Failure) [PSYoungGen: 143255K->73740K(175104K)] 502816K->433561K(699392K), 0.0210209 secs] [Times: user=0.21 sys=0.00, real=0.02 secs] 
2016-09-24T00:49:01.677-0400: 298.963: [GC (GCLocker Initiated GC) [PSYoungGen: 74022K->128K(175104K)] 433843K->421191K(699392K), 0.0069615 secs] [Times: user=0.06 sys=0.00, real=0.01 secs] 
2016-09-24T00:49:01.878-0400: 299.165: [GC (GCLocker Initiated GC) [PSYoungGen: 88192K->79911K(175104K)] 509261K->500988K(699392K), 0.0103327 secs] [Times: user=0.08 sys=0.00, real=0.01 secs] 
2016-09-24T00:49:02.054-0400: 299.340: [GC (GCLocker Initiated GC) [PSYoungGen: 167975K->61430K(175104K)] 589230K->501589K(699392K), 0.0184335 secs] [Times: user=0.18 sys=0.00, real=0.02 secs] 
2016-09-24T00:49:02.237-0400: 299.523: [GC (GCLocker Initiated GC) [PSYoungGen: 149494K->67829K(175104K)] 595983K->514749K(699392K), 0.0085281 secs] [Times: user=0.09 sys=0.00, real=0.01 secs] 
2016-09-24T00:49:02.430-0400: 299.716: [GC (GCLocker Initiated GC) [PSYoungGen: 155893K->37162K(175104K)] 608930K->520833K(699392K), 0.0090742 secs] [Times: user=0.08 sys=0.01, real=0.01 secs] 
2016-09-24T00:49:02.439-0400: 299.725: [Full GC (Ergonomics) [PSYoungGen: 37162K->0K(175104K)] [ParOldGen: 483671K->42721K(524288K)] 520833K->42721K(699392K), [Metaspace: 44653K->44653K(1087488K)], 0.0610875 secs] [Times: user=0.35 sys=0.00, real=0.06 secs] 
2016-09-24T00:49:02.678-0400: 299.964: [GC (GCLocker Initiated GC) [PSYoungGen: 88064K->86178K(175104K)] 130872K->177586K(699392K), 0.0249929 secs] [Times: user=0.24 sys=0.02, real=0.03 secs] 
2016-09-24T00:49:02.943-0400: 300.230: [GC (Allocation Failure) [PSYoungGen: 174242K->24944K(175104K)] 272075K->147944K(699392K), 0.0098090 secs] [Times: user=0.09 sys=0.00, real=0.00 secs] 
2016-09-24T00:49:03.151-0400: 300.438: [GC (GCLocker Initiated GC) [PSYoungGen: 109512K->36834K(175104K)] 238588K->166020K(699392K), 0.0282146 secs] [Times: user=0.25 sys=0.01, real=0.03 secs] 
2016-09-24T00:49:03.332-0400: 300.619: [GC (GCLocker Initiated GC) [PSYoungGen: 124898K->73872K(175104K)] 254445K->203570K(699392K), 0.0081167 secs] [Times: user=0.10 sys=0.00, real=0.01 secs] 
2016-09-24T00:49:03.483-0400: 300.769: [GC (GCLocker Initiated GC) [PSYoungGen: 161936K->73544K(175104K)] 291995K->222095K(699392K), 0.0088401 secs] [Times: user=0.08 sys=0.00, real=0.00 secs] 
2016-09-24T00:49:03.612-0400: 300.898: [GC (GCLocker Initiated GC) [PSYoungGen: 161608K->85954K(175104K)] 310263K->247206K(699392K), 0.0141511 secs] [Times: user=0.19 sys=0.00, real=0.02 secs] 
2016-09-24T00:49:03.740-0400: 301.026: [GC (GCLocker Initiated GC) [PSYoungGen: 174018K->74032K(175104K)] 335282K->296377K(699392K), 0.0120292 secs] [Times: user=0.18 sys=0.00, real=0.01 secs] 
2016-09-24T00:49:03.886-0400: 301.172: [GC (GCLocker Initiated GC) [PSYoungGen: 162096K->73672K(175104K)] 390833K->339346K(699392K), 0.0137177 secs] [Times: user=0.21 sys=0.00, real=0.01 secs] 
2016-09-24T00:49:04.060-0400: 301.346: [GC (GCLocker Initiated GC) [PSYoungGen: 161736K->37389K(175104K)] 439899K->315672K(699392K), 0.0095644 secs] [Times: user=0.10 sys=0.01, real=0.01 secs] 
2016-09-24T00:49:04.266-0400: 301.553: [GC (Allocation Failure) [PSYoungGen: 125453K->36770K(175104K)] 403743K->315295K(699392K), 0.0071005 secs] [Times: user=0.03 sys=0.00, real=0.00 secs] 
2016-09-24T00:49:04.406-0400: 301.693: [GC (GCLocker Initiated GC) [PSYoungGen: 119566K->55287K(175104K)] 404166K->339998K(699392K), 0.0112116 secs] [Times: user=0.10 sys=0.00, real=0.01 secs] 
2016-09-24T00:49:04.559-0400: 301.845: [GC (GCLocker Initiated GC) [PSYoungGen: 143351K->67701K(175104K)] 428193K->352631K(699392K), 0.0218843 secs] [Times: user=0.18 sys=0.00, real=0.02 secs] 
2016-09-24T00:49:04.711-0400: 301.998: [GC (GCLocker Initiated GC) [PSYoungGen: 155764K->73544K(175104K)] 441055K->401815K(699392K), 0.0277463 secs] [Times: user=0.27 sys=0.00, real=0.03 secs] 
2016-09-24T00:49:04.912-0400: 302.198: [GC (GCLocker Initiated GC) [PSYoungGen: 161608K->55387K(175104K)] 490055K->383921K(699392K), 0.0126105 secs] [Times: user=0.12 sys=0.00, real=0.02 secs] 
2016-09-24T00:49:05.091-0400: 302.377: [GC (GCLocker Initiated GC) [PSYoungGen: 143451K->55223K(175104K)] 472043K->384255K(699392K), 0.0216008 secs] [Times: user=0.21 sys=0.01, real=0.02 secs] 
2016-09-24T00:49:05.267-0400: 302.553: [GC (GCLocker Initiated GC) [PSYoungGen: 143287K->55159K(175104K)] 472321K->384444K(699392K), 0.0156147 secs] [Times: user=0.15 sys=0.00, real=0.02 secs] 
2016-09-24T00:49:05.416-0400: 302.703: [GC (Allocation Failure) [PSYoungGen: 143223K->85922K(175104K)] 472561K->415551K(699392K), 0.0189917 secs] [Times: user=0.22 sys=0.00, real=0.02 secs] 
2016-09-24T00:49:05.604-0400: 302.891: [GC (GCLocker Initiated GC) [PSYoungGen: 171485K->37062K(175104K)] 507190K->409507K(699392K), 0.0141180 secs] [Times: user=0.15 sys=0.01, real=0.01 secs] 
2016-09-24T00:49:05.793-0400: 303.079: [GC (Allocation Failure) [PSYoungGen: 125126K->61330K(175104K)] 497792K->434296K(699392K), 0.0291149 secs] [Times: user=0.34 sys=0.00, real=0.03 secs] 
2016-09-24T00:49:05.962-0400: 303.248: [GC (GCLocker Initiated GC) [PSYoungGen: 149394K->61266K(175104K)] 522365K->458805K(699392K), 0.0163293 secs] [Times: user=0.16 sys=0.00, real=0.02 secs] 
2016-09-24T00:49:06.146-0400: 303.432: [GC (GCLocker Initiated GC) [PSYoungGen: 149330K->61234K(175104K)] 546910K->459090K(699392K), 0.0138528 secs] [Times: user=0.14 sys=0.00, real=0.01 secs] 
2016-09-24T00:49:06.368-0400: 303.654: [GC (GCLocker Initiated GC) [PSYoungGen: 149298K->18805K(175104K)] 553656K->465963K(699392K), 0.0096695 secs] [Times: user=0.09 sys=0.00, real=0.01 secs] 
2016-09-24T00:49:06.521-0400: 303.807: [GC (GCLocker Initiated GC) [PSYoungGen: 106869K->85758K(175104K)] 554321K->545643K(699392K), 0.0116486 secs] [Times: user=0.13 sys=0.00, real=0.01 secs] 
2016-09-24T00:49:06.704-0400: 303.991: [GC (Allocation Failure) [PSYoungGen: 173822K->55355K(175104K)] 634051K->540144K(699392K), 0.0087731 secs] [Times: user=0.08 sys=0.00, real=0.00 secs] 
2016-09-24T00:49:06.713-0400: 303.999: [Full GC (Ergonomics) [PSYoungGen: 55355K->0K(175104K)] [ParOldGen: 484789K->42600K(524288K)] 540144K->42600K(699392K), [Metaspace: 44661K->44661K(1087488K)], 0.0578643 secs] [Times: user=0.30 sys=0.00, real=0.06 secs] 
2016-09-24T00:49:06.982-0400: 304.269: [GC (GCLocker Initiated GC) [PSYoungGen: 84277K->74028K(175104K)] 132952K->122703K(699392K), 0.0208960 secs] [Times: user=0.26 sys=0.01, real=0.02 secs] 
2016-09-24T00:49:07.173-0400: 304.460: [GC (GCLocker Initiated GC) [PSYoungGen: 162090K->18901K(175104K)] 229334K->123330K(699392K), 0.0062047 secs] [Times: user=0.04 sys=0.00, real=0.01 secs] 
2016-09-24T00:49:07.350-0400: 304.637: [GC (GCLocker Initiated GC) [PSYoungGen: 106965K->49116K(175104K)] 217566K->159797K(699392K), 0.0337730 secs] [Times: user=0.35 sys=0.00, real=0.04 secs] 
2016-09-24T00:49:07.573-0400: 304.859: [GC (GCLocker Initiated GC) [PSYoungGen: 137180K->37130K(175104K)] 248115K->166378K(699392K), 0.0100961 secs] [Times: user=0.05 sys=0.01, real=0.02 secs] 
2016-09-24T00:49:07.749-0400: 305.036: [GC (GCLocker Initiated GC) [PSYoungGen: 125194K->49280K(175104K)] 254803K->179132K(699392K), 0.0291669 secs] [Times: user=0.28 sys=0.00, real=0.03 secs] 
2016-09-24T00:49:07.988-0400: 305.274: [GC (GCLocker Initiated GC) [PSYoungGen: 137344K->61430K(175104K)] 267445K->191962K(699392K), 0.0078446 secs] [Times: user=0.06 sys=0.00, real=0.01 secs] 
2016-09-24T00:49:08.147-0400: 305.434: [GC (Allocation Failure) [PSYoungGen: 149494K->73416K(175104K)] 280185K->204374K(699392K), 0.0209029 secs] [Times: user=0.18 sys=0.00, real=0.02 secs] 
2016-09-24T00:49:08.379-0400: 305.665: [GC (GCLocker Initiated GC) [PSYoungGen: 158804K->55775K(175104K)] 295837K->193059K(699392K), 0.0067747 secs] [Times: user=0.08 sys=0.00, real=0.01 secs] 
2016-09-24T00:49:08.545-0400: 305.831: [GC (GCLocker Initiated GC) [PSYoungGen: 143839K->73740K(175104K)] 281480K->211500K(699392K), 0.0110923 secs] [Times: user=0.13 sys=0.00, real=0.01 secs] 
2016-09-24T00:49:08.722-0400: 306.009: [GC (GCLocker Initiated GC) [PSYoungGen: 161804K->73640K(175104K)] 299729K->211973K(699392K), 0.0097685 secs] [Times: user=0.14 sys=0.00, real=0.00 secs] 
2016-09-24T00:49:08.926-0400: 306.212: [GC (Allocation Failure) [PSYoungGen: 161704K->61462K(175104K)] 306153K->205991K(699392K), 0.0083297 secs] [Times: user=0.07 sys=0.00, real=0.01 secs] 
2016-09-24T00:49:09.102-0400: 306.388: [GC (GCLocker Initiated GC) [PSYoungGen: 149526K->61558K(175104K)] 294060K->212419K(699392K), 0.0109761 secs] [Times: user=0.05 sys=0.01, real=0.01 secs] 
2016-09-24T00:49:09.271-0400: 306.557: [GC (GCLocker Initiated GC) [PSYoungGen: 149622K->73644K(175104K)] 300749K->224990K(699392K), 0.0168796 secs] [Times: user=0.15 sys=0.01, real=0.02 secs] 
2016-09-24T00:49:09.462-0400: 306.748: [GC (GCLocker Initiated GC) [PSYoungGen: 161708K->61494K(175104K)] 313102K->237440K(699392K), 0.0242235 secs] [Times: user=0.26 sys=0.00, real=0.03 secs] 
2016-09-24T00:49:09.687-0400: 306.973: [GC (GCLocker Initiated GC) [PSYoungGen: 149558K->49180K(175104K)] 325837K->250002K(699392K), 0.0149016 secs] [Times: user=0.14 sys=0.00, real=0.01 secs] 
2016-09-24T00:49:09.908-0400: 307.194: [GC (GCLocker Initiated GC) [PSYoungGen: 137244K->55191K(175104K)] 338277K->256296K(699392K), 0.0069502 secs] [Times: user=0.05 sys=0.00, real=0.01 secs] 
2016-09-24T00:49:10.121-0400: 307.408: [GC (GCLocker Initiated GC) [PSYoungGen: 143255K->67113K(175104K)] 350477K->274430K(699392K), 0.0284789 secs] [Times: user=0.30 sys=0.00, real=0.03 secs] 
2016-09-24T00:49:10.309-0400: 307.596: [GC (Allocation Failure) [PSYoungGen: 155177K->55419K(173056K)] 362849K->287510K(697344K), 0.0102069 secs] [Times: user=0.08 sys=0.01, real=0.01 secs] 
2016-09-24T00:49:10.442-0400: 307.728: [GC (GCLocker Initiated GC) [PSYoungGen: 137789K->55223K(174080K)] 375955K->293633K(698368K), 0.0224681 secs] [Times: user=0.24 sys=0.00, real=0.03 secs] 
2016-09-24T00:49:10.624-0400: 307.911: [GC (GCLocker Initiated GC) [PSYoungGen: 143287K->73836K(172544K)] 381699K->330772K(696832K), 0.0082804 secs] [Times: user=0.08 sys=0.00, real=0.00 secs] 
2016-09-24T00:49:10.789-0400: 308.075: [GC (GCLocker Initiated GC) [PSYoungGen: 161900K->85726K(175104K)] 418945K->349130K(699392K), 0.0147091 secs] [Times: user=0.17 sys=0.00, real=0.02 secs] 
2016-09-24T00:49:10.979-0400: 308.265: [GC (GCLocker Initiated GC) [PSYoungGen: 173790K->61298K(175104K)] 437358K->361576K(699392K), 0.0223100 secs] [Times: user=0.24 sys=0.00, real=0.02 secs] 
2016-09-24T00:49:11.188-0400: 308.474: [GC (GCLocker Initiated GC) [PSYoungGen: 149362K->79359K(175104K)] 449682K->379766K(699392K), 0.0297646 secs] [Times: user=0.29 sys=0.01, real=0.03 secs] 
2016-09-24T00:49:11.352-0400: 308.639: [GC (GCLocker Initiated GC) [PSYoungGen: 167423K->55387K(175104K)] 468140K->386591K(699392K), 0.0251444 secs] [Times: user=0.23 sys=0.00, real=0.03 secs] 
2016-09-24T00:49:11.555-0400: 308.842: [GC (GCLocker Initiated GC) [PSYoungGen: 143451K->61102K(175104K)] 474697K->410832K(699392K), 0.0281104 secs] [Times: user=0.29 sys=0.00, real=0.03 secs] 
2016-09-24T00:49:11.724-0400: 309.010: [GC (GCLocker Initiated GC) [PSYoungGen: 149166K->79847K(175104K)] 498938K->478395K(699392K), 0.0253765 secs] [Times: user=0.32 sys=0.00, real=0.02 secs] 
2016-09-24T00:49:11.883-0400: 309.169: [GC (GCLocker Initiated GC) [PSYoungGen: 167911K->55223K(175104K)] 566507K->502710K(699392K), 0.0107442 secs] [Times: user=0.10 sys=0.01, real=0.00 secs] 
2016-09-24T00:49:12.046-0400: 309.333: [GC (GCLocker Initiated GC) [PSYoungGen: 143287K->42977K(175104K)] 597126K->527458K(699392K), 0.0127283 secs] [Times: user=0.09 sys=0.00, real=0.01 secs] 
2016-09-24T00:49:12.059-0400: 309.345: [Full GC (Ergonomics) [PSYoungGen: 42977K->0K(175104K)] [ParOldGen: 484481K->48874K(524288K)] 527458K->48874K(699392K), [Metaspace: 44664K->44664K(1087488K)], 0.0598198 secs] [Times: user=0.30 sys=0.00, real=0.06 secs] 
2016-09-24T00:49:12.306-0400: 309.592: [GC (Allocation Failure) [PSYoungGen: 88064K->80299K(175104K)] 137075K->129310K(699392K), 0.0101574 secs] [Times: user=0.09 sys=0.01, real=0.01 secs] 
2016-09-24T00:49:12.514-0400: 309.800: [GC (GCLocker Initiated GC) [PSYoungGen: 168363K->73676K(175104K)] 217380K->141597K(699392K), 0.0131640 secs] [Times: user=0.12 sys=0.01, real=0.02 secs] 
2016-09-24T00:49:12.693-0400: 309.980: [GC (Allocation Failure) [PSYoungGen: 161740K->67533K(175104K)] 235890K->141926K(699392K), 0.0073515 secs] [Times: user=0.08 sys=0.00, real=0.01 secs] 
2016-09-24T00:49:12.856-0400: 310.143: [GC (GCLocker Initiated GC) [PSYoungGen: 155597K->61234K(175104K)] 229996K->166267K(699392K), 0.0271477 secs] [Times: user=0.25 sys=0.01, real=0.03 secs] 
2016-09-24T00:49:13.085-0400: 310.371: [GC (GCLocker Initiated GC) [PSYoungGen: 149298K->61202K(175104K)] 254394K->166558K(699392K), 0.0138824 secs] [Times: user=0.14 sys=0.00, real=0.01 secs] 
2016-09-24T00:49:13.259-0400: 310.546: [GC (Allocation Failure) [PSYoungGen: 149266K->61266K(175104K)] 254686K->166742K(699392K), 0.0068024 secs] [Times: user=0.04 sys=0.00, real=0.01 secs] 
2016-09-24T00:49:13.456-0400: 310.742: [GC (GCLocker Initiated GC) [PSYoungGen: 149330K->73836K(175104K)] 254811K->222158K(699392K), 0.0136040 secs] [Times: user=0.15 sys=0.00, real=0.01 secs] 
2016-09-24T00:49:13.643-0400: 310.929: [GC (GCLocker Initiated GC) [PSYoungGen: 161900K->61558K(175104K)] 316417K->216335K(699392K), 0.0129781 secs] [Times: user=0.09 sys=0.00, real=0.01 secs] 
2016-09-24T00:49:13.833-0400: 311.119: [GC (GCLocker Initiated GC) [PSYoungGen: 149622K->67601K(156160K)] 304748K->265504K(680448K), 0.0226803 secs] [Times: user=0.23 sys=0.01, real=0.03 secs] 
2016-09-24T00:49:14.018-0400: 311.304: [GC (GCLocker Initiated GC) [PSYoungGen: 155665K->67437K(175616K)] 353766K->265806K(699904K), 0.0209671 secs] [Times: user=0.22 sys=0.00, real=0.02 secs] 
2016-09-24T00:49:14.211-0400: 311.497: [GC (GCLocker Initiated GC) [PSYoungGen: 156525K->79619K(174592K)] 355003K->308747K(698880K), 0.0178374 secs] [Times: user=0.18 sys=0.00, real=0.02 secs] 
2016-09-24T00:49:14.400-0400: 311.686: [GC (GCLocker Initiated GC) [PSYoungGen: 168707K->61298K(175104K)] 398179K->321265K(699392K), 0.0378291 secs] [Times: user=0.39 sys=0.00, real=0.04 secs] 
2016-09-24T00:49:14.613-0400: 311.900: [GC (GCLocker Initiated GC) [PSYoungGen: 149362K->79655K(175104K)] 409477K->340030K(699392K), 0.0086822 secs] [Times: user=0.07 sys=0.00, real=0.02 secs] 
2016-09-24T00:49:14.779-0400: 312.066: [GC (GCLocker Initiated GC) [PSYoungGen: 167719K->61526K(175104K)] 428314K->364922K(699392K), 0.0273070 secs] [Times: user=0.29 sys=0.00, real=0.03 secs] 
2016-09-24T00:49:14.998-0400: 312.284: [GC (Allocation Failure) [PSYoungGen: 149590K->85826K(175104K)] 453066K->389726K(699392K), 0.0095979 secs] [Times: user=0.09 sys=0.00, real=0.01 secs] 
2016-09-24T00:49:15.202-0400: 312.488: [GC (GCLocker Initiated GC) [PSYoungGen: 173890K->61398K(175104K)] 477796K->395930K(699392K), 0.0144601 secs] [Times: user=0.12 sys=0.00, real=0.02 secs] 
2016-09-24T00:49:15.435-0400: 312.721: [GC (GCLocker Initiated GC) [PSYoungGen: 149462K->37030K(175104K)] 502541K->390337K(699392K), 0.0076615 secs] [Times: user=0.07 sys=0.00, real=0.01 secs] 
2016-09-24T00:49:15.607-0400: 312.894: [GC (GCLocker Initiated GC) [PSYoungGen: 125094K->79719K(175104K)] 484601K->439345K(699392K), 0.0359558 secs] [Times: user=0.37 sys=0.00, real=0.04 secs] 
2016-09-24T00:49:15.830-0400: 313.117: [GC (GCLocker Initiated GC) [PSYoungGen: 167783K->49244K(175104K)] 527455K->433484K(699392K), 0.0359179 secs] [Times: user=0.38 sys=0.01, real=0.04 secs] 
2016-09-24T00:49:16.018-0400: 313.304: [GC (GCLocker Initiated GC) [PSYoungGen: 137308K->55059K(175104K)] 521859K->464201K(699392K), 0.0142557 secs] [Times: user=0.14 sys=0.00, real=0.01 secs] 
2016-09-24T00:49:16.201-0400: 313.488: [GC (Allocation Failure) [PSYoungGen: 143123K->19264K(175104K)] 570823K->447069K(699392K), 0.0099663 secs] [Times: user=0.10 sys=0.00, real=0.01 secs] 
2016-09-24T00:49:16.386-0400: 313.673: [GC (GCLocker Initiated GC) [PSYoungGen: 107328K->55579K(175104K)] 535138K->483687K(699392K), 0.0082870 secs] [Times: user=0.09 sys=0.00, real=0.01 secs] 
2016-09-24T00:49:16.544-0400: 313.831: [GC (GCLocker Initiated GC) [PSYoungGen: 143643K->73348K(175104K)] 571766K->501566K(699392K), 0.0090652 secs] [Times: user=0.11 sys=0.01, real=0.00 secs] 
2016-09-24T00:49:16.696-0400: 313.983: [GC (GCLocker Initiated GC) [PSYoungGen: 161412K->85922K(175104K)] 589711K->532574K(699392K), 0.0156950 secs] [Times: user=0.21 sys=0.01, real=0.01 secs] 
2016-09-24T00:49:16.849-0400: 314.136: [GC (GCLocker Initiated GC) [PSYoungGen: 173986K->85626K(175104K)] 620724K->575212K(699392K), 0.0208924 secs] [Times: user=0.29 sys=0.00, real=0.02 secs] 
2016-09-24T00:49:16.870-0400: 314.157: [Full GC (Ergonomics) [PSYoungGen: 85626K->0K(175104K)] [ParOldGen: 489586K->48696K(524288K)] 575212K->48696K(699392K), [Metaspace: 44667K->44667K(1087488K)], 0.0570253 secs] [Times: user=0.33 sys=0.01, real=0.06 secs] 
2016-09-24T00:49:17.080-0400: 314.367: [GC (GCLocker Initiated GC) [PSYoungGen: 88064K->74423K(175104K)] 137003K->123363K(699392K), 0.0082850 secs] [Times: user=0.07 sys=0.01, real=0.01 secs] 
2016-09-24T00:49:17.281-0400: 314.567: [GC (GCLocker Initiated GC) [PSYoungGen: 162487K->36998K(175104K)] 223888K->117459K(699392K), 0.0177610 secs] [Times: user=0.17 sys=0.00, real=0.02 secs] 
2016-09-24T00:49:17.465-0400: 314.751: [GC (GCLocker Initiated GC) [PSYoungGen: 125062K->73904K(175104K)] 205664K->154610K(699392K), 0.0124472 secs] [Times: user=0.14 sys=0.00, real=0.01 secs] 
2016-09-24T00:49:17.667-0400: 314.953: [GC (GCLocker Initiated GC) [PSYoungGen: 161968K->55355K(175104K)] 248986K->142617K(699392K), 0.0131808 secs] [Times: user=0.12 sys=0.00, real=0.01 secs] 
2016-09-24T00:49:17.843-0400: 315.129: [GC (Allocation Failure) [PSYoungGen: 143419K->67633K(175104K)] 230728K->155209K(699392K), 0.0184602 secs] [Times: user=0.18 sys=0.01, real=0.01 secs] 
2016-09-24T00:49:18.072-0400: 315.358: [GC (GCLocker Initiated GC) [PSYoungGen: 154748K->36998K(175104K)] 248399K->131080K(699392K), 0.0163438 secs] [Times: user=0.19 sys=0.00, real=0.02 secs] 
2016-09-24T00:49:18.219-0400: 315.506: [GC (Allocation Failure) [PSYoungGen: 125062K->79879K(175104K)] 219315K->174228K(699392K), 0.0079687 secs] [Times: user=0.06 sys=0.01, real=0.01 secs] 
2016-09-24T00:49:18.590-0400: 315.876: [GC (Allocation Failure) [PSYoungGen: 167941K->18837K(175104K)] 262290K->174211K(699392K), 0.0204446 secs] [Times: user=0.20 sys=0.00, real=0.02 secs] 
2016-09-24T00:49:19.146-0400: 316.432: [GC (GCLocker Initiated GC) [PSYoungGen: 106901K->18673K(175104K)] 262275K->174549K(699392K), 0.0093749 secs] [Times: user=0.09 sys=0.00, real=0.01 secs] 
